5.757: [GC (Allocation Failure) [PSYoungGen: 128000K->12490K(148992K)] 128000K->12570K(488960K), 0.0115078 secs] [Times: user=0.03 sys=0.00, real=0.01 secs] 
6.197: [GC (Metadata GC Threshold) [PSYoungGen: 48887K->6040K(148992K)] 48967K->6136K(488960K), 0.0055005 secs] [Times: user=0.03 sys=0.00, real=0.01 secs] 
6.203: [Full GC (Metadata GC Threshold) [PSYoungGen: 6040K->0K(148992K)] [ParOldGen: 96K->5930K(181760K)] 6136K->5930K(330752K), [Metaspace: 20460K->20460K(1067008K)], 0.0250483 secs] [Times: user=0.07 sys=0.01, real=0.02 secs] 
7.345: [GC (Allocation Failure) [PSYoungGen: 128000K->9839K(148992K)] 133930K->15778K(330752K), 0.0028032 secs] [Times: user=0.01 sys=0.00, real=0.00 secs] 
7.943: [GC (Metadata GC Threshold) [PSYoungGen: 39264K->4794K(148992K)] 45203K->10741K(330752K), 0.0035479 secs] [Times: user=0.01 sys=0.00, real=0.01 secs] 
7.946: [Full GC (Metadata GC Threshold) [PSYoungGen: 4794K->0K(148992K)] [ParOldGen: 5946K->8961K(300032K)] 10741K->8961K(449024K), [Metaspace: 33802K->33802K(1079296K)], 0.0300150 secs] [Times: user=0.09 sys=0.00, real=0.03 secs] 
9.269: [GC (Allocation Failure) [PSYoungGen: 128000K->12973K(148992K)] 136961K->21943K(449024K), 0.0038242 secs] [Times: user=0.01 sys=0.00, real=0.01 secs] 
9.797: [GC (Allocation Failure) [PSYoungGen: 139617K->14738K(182272K)] 148587K->56484K(482304K), 0.0106099 secs] [Times: user=0.05 sys=0.01, real=0.01 secs] 
10.311: [GC (Allocation Failure) [PSYoungGen: 177948K->4903K(184320K)] 219693K->112193K(484352K), 0.0102373 secs] [Times: user=0.04 sys=0.02, real=0.01 secs] 
11.036: [GC (Allocation Failure) [PSYoungGen: 161806K->4880K(270848K)] 269096K->177705K(570880K), 0.0100217 secs] [Times: user=0.05 sys=0.01, real=0.01 secs] 
13.284: [GC (Allocation Failure) [PSYoungGen: 257808K->14149K(270848K)] 430633K->195175K(570880K), 0.0066309 secs] [Times: user=0.03 sys=0.01, real=0.00 secs] 
14.376: [GC (Allocation Failure) [PSYoungGen: 267077K->5465K(345088K)] 448103K->284803K(645120K), 0.0106695 secs] [Times: user=0.05 sys=0.01, real=0.01 secs] 
14.387: [Full GC (Ergonomics) [PSYoungGen: 5465K->0K(345088K)] [ParOldGen: 279337K->209520K(678912K)] 284803K->209520K(1024000K), [Metaspace: 53125K->53125K(1097728K)], 0.0648506 secs] [Times: user=0.27 sys=0.00, real=0.06 secs] 
18.074: [GC (Allocation Failure) [PSYoungGen: 326144K->476K(345088K)] 535664K->210004K(1024000K), 0.0015885 secs] [Times: user=0.01 sys=0.00, real=0.00 secs] 
21.447: [GC (Allocation Failure) [PSYoungGen: 326577K->2265K(402944K)] 536105K->211801K(1081856K), 0.0019360 secs] [Times: user=0.00 sys=0.00, real=0.00 secs] 
25.174: [GC (Allocation Failure) [PSYoungGen: 398041K->18080K(415232K)] 607577K->227616K(1094144K), 0.0037347 secs] [Times: user=0.01 sys=0.00, real=0.00 secs] 
27.933: [GC (Allocation Failure) [PSYoungGen: 413856K->18064K(478720K)] 623392K->243992K(1157632K), 0.0051126 secs] [Times: user=0.02 sys=0.00, real=0.01 secs] 
31.706: [GC (Allocation Failure) [PSYoungGen: 478352K->9856K(484352K)] 704280K->235784K(1163264K), 0.0027485 secs] [Times: user=0.01 sys=0.01, real=0.00 secs] 
35.189: [GC (Allocation Failure) [PSYoungGen: 470144K->1680K(527872K)] 696072K->227608K(1206784K), 0.0028614 secs] [Times: user=0.01 sys=0.00, real=0.00 secs] 
41.971: [GC (Allocation Failure) [PSYoungGen: 515728K->1632K(537088K)] 741656K->227568K(1216000K), 0.0022314 secs] [Times: user=0.00 sys=0.00, real=0.01 secs] 
49.056: [GC (Allocation Failure) [PSYoungGen: 515680K->18064K(563200K)] 741616K->244000K(1242112K), 0.0031918 secs] [Times: user=0.01 sys=0.00, real=0.00 secs] 
54.636: [GC (Allocation Failure) [PSYoungGen: 559248K->9888K(566272K)] 785184K->235832K(1245184K), 0.0038281 secs] [Times: user=0.01 sys=0.00, real=0.00 secs] 
62.769: [GC (Allocation Failure) [PSYoungGen: 551072K->2720K(580608K)] 777016K->228664K(1259520K), 0.0021125 secs] [Times: user=0.01 sys=0.00, real=0.00 secs] 
68.666: [GC (Allocation Failure) [PSYoungGen: 564384K->1693K(547328K)] 790328K->227637K(1226240K), 0.0023778 secs] [Times: user=0.01 sys=0.00, real=0.00 secs] 
74.188: [GC (Allocation Failure) [PSYoungGen: 546973K->1680K(535552K)] 772917K->227632K(1214464K), 0.0039903 secs] [Times: user=0.01 sys=0.00, real=0.00 secs] 
81.753: [GC (Allocation Failure) [PSYoungGen: 531088K->1696K(516096K)] 757040K->227656K(1195008K), 0.0037115 secs] [Times: user=0.01 sys=0.00, real=0.01 secs] 
89.803: [GC (Allocation Failure) [PSYoungGen: 515744K->1696K(501760K)] 741704K->227664K(1180672K), 0.0019252 secs] [Times: user=0.00 sys=0.00, real=0.00 secs] 
96.065: [GC (Allocation Failure) [PSYoungGen: 501408K->9872K(496128K)] 727376K->235840K(1175040K), 0.0025369 secs] [Times: user=0.01 sys=0.00, real=0.00 secs] 
100.331: [GC (Allocation Failure) [PSYoungGen: 495760K->1616K(474624K)] 721728K->227709K(1153536K), 0.0038017 secs] [Times: user=0.02 sys=0.00, real=0.01 secs] 
107.487: [GC (Allocation Failure) [PSYoungGen: 474192K->1504K(461312K)] 700285K->227749K(1140224K), 0.0037982 secs] [Times: user=0.01 sys=0.00, real=0.00 secs] 
112.070: [GC (Allocation Failure) [PSYoungGen: 461280K->1488K(449024K)] 687525K->227781K(1127936K), 0.0016293 secs] [Times: user=0.00 sys=0.00, real=0.00 secs] 
116.561: [GC (Allocation Failure) [PSYoungGen: 448976K->1456K(455168K)] 675269K->227773K(1134080K), 0.0028174 secs] [Times: user=0.01 sys=0.00, real=0.01 secs] 
119.488: [GC (Allocation Failure) [PSYoungGen: 437168K->368K(424960K)] 663485K->226717K(1103872K), 0.0022822 secs] [Times: user=0.00 sys=0.00, real=0.00 secs] 
124.774: [GC (Allocation Failure) [PSYoungGen: 424816K->1440K(431616K)] 651165K->227797K(1110528K), 0.0017376 secs] [Times: user=0.01 sys=0.00, real=0.00 secs] 
128.181: [GC (Allocation Failure) [PSYoungGen: 415136K->1488K(404480K)] 641493K->227869K(1083392K), 0.0027154 secs] [Times: user=0.01 sys=0.00, real=0.01 secs] 
134.937: [GC (Allocation Failure) [PSYoungGen: 404432K->9696K(402432K)] 630813K->244309K(1081344K), 0.0031616 secs] [Times: user=0.01 sys=0.00, real=0.00 secs] 
140.563: [GC (Allocation Failure) [PSYoungGen: 402400K->1456K(384512K)] 637013K->236101K(1063424K), 0.0031387 secs] [Times: user=0.01 sys=0.00, real=0.01 secs] 
144.224: [GC (Allocation Failure) [PSYoungGen: 384432K->1456K(375296K)] 619077K->236133K(1054208K), 0.0017729 secs] [Times: user=0.00 sys=0.00, real=0.00 secs] 
148.223: [GC (Allocation Failure) [PSYoungGen: 375216K->9680K(374272K)] 609893K->244365K(1053184K), 0.0049363 secs] [Times: user=0.02 sys=0.01, real=0.00 secs] 
153.035: [GC (Allocation Failure) [PSYoungGen: 374224K->1440K(357376K)] 608909K->236157K(1036288K), 0.0020531 secs] [Times: user=0.01 sys=0.00, real=0.00 secs] 
156.060: [GC (Allocation Failure) [PSYoungGen: 357280K->1472K(349184K)] 591997K->236213K(1028096K), 0.0034534 secs] [Times: user=0.02 sys=0.00, real=0.01 secs] 
160.382: [GC (Allocation Failure) [PSYoungGen: 349120K->1440K(340992K)] 583861K->236213K(1019904K), 0.0030631 secs] [Times: user=0.01 sys=0.00, real=0.01 secs] 
164.209: [GC (Allocation Failure) [PSYoungGen: 340896K->1440K(333312K)] 575669K->236237K(1012224K), 0.0025832 secs] [Times: user=0.01 sys=0.00, real=0.00 secs] 
168.631: [GC (Allocation Failure) [PSYoungGen: 333216K->5536K(329728K)] 568013K->240349K(1008640K), 0.0019693 secs] [Times: user=0.01 sys=0.00, real=0.00 secs] 
171.175: [GC (Allocation Failure) [PSYoungGen: 329632K->9664K(326656K)] 564445K->244485K(1005568K), 0.0027651 secs] [Times: user=0.01 sys=0.00, real=0.00 secs] 
174.748: [GC (Allocation Failure) [PSYoungGen: 326592K->9648K(319488K)] 561413K->252669K(998400K), 0.0032584 secs] [Times: user=0.01 sys=0.00, real=0.00 secs] 
178.265: [GC (Allocation Failure) [PSYoungGen: 319408K->9632K(312832K)] 562429K->260861K(991744K), 0.0062084 secs] [Times: user=0.03 sys=0.00, real=0.00 secs] 
181.344: [GC (Allocation Failure) [PSYoungGen: 312736K->9664K(306176K)] 563965K->269101K(985088K), 0.0032591 secs] [Times: user=0.01 sys=0.00, real=0.00 secs] 
185.332: [GC (Allocation Failure) [PSYoungGen: 306112K->9664K(300032K)] 565549K->277317K(978944K), 0.0032202 secs] [Times: user=0.01 sys=0.00, real=0.01 secs] 
188.358: [GC (Allocation Failure) [PSYoungGen: 299968K->9632K(293888K)] 567621K->285517K(972800K), 0.0027292 secs] [Times: user=0.01 sys=0.00, real=0.00 secs] 
191.687: [GC (Allocation Failure) [PSYoungGen: 293792K->9648K(288256K)] 569677K->293733K(967168K), 0.0044018 secs] [Times: user=0.02 sys=0.00, real=0.00 secs] 
193.613: [GC (Allocation Failure) [PSYoungGen: 288176K->17856K(290816K)] 572261K->301949K(969728K), 0.0023158 secs] [Times: user=0.01 sys=0.00, real=0.00 secs] 
195.507: [GC (Allocation Failure) [PSYoungGen: 290752K->1472K(268800K)] 574845K->301957K(947712K), 0.0033918 secs] [Times: user=0.01 sys=0.00, real=0.00 secs] 
198.966: [GC (Allocation Failure) [PSYoungGen: 268736K->9664K(271872K)] 569221K->310165K(950784K), 0.0050052 secs] [Times: user=0.02 sys=0.00, real=0.00 secs] 
202.239: [GC (Allocation Failure) [PSYoungGen: 271808K->9600K(266752K)] 572309K->310101K(945664K), 0.0020441 secs] [Times: user=0.00 sys=0.00, real=0.00 secs] 
205.566: [GC (Allocation Failure) [PSYoungGen: 266624K->1920K(253952K)] 567125K->302445K(932864K), 0.0045929 secs] [Times: user=0.02 sys=0.00, real=0.00 secs] 
207.699: [GC (Allocation Failure) [PSYoungGen: 253824K->1376K(248832K)] 554349K->301909K(927744K), 0.0028010 secs] [Times: user=0.01 sys=0.00, real=0.00 secs] 
210.031: [GC (Allocation Failure) [PSYoungGen: 248672K->1408K(244224K)] 549205K->301949K(923136K), 0.0026843 secs] [Times: user=0.01 sys=0.00, real=0.01 secs] 
214.694: [GC (Allocation Failure) [PSYoungGen: 244096K->1408K(239616K)] 544637K->301957K(918528K), 0.0036905 secs] [Times: user=0.01 sys=0.00, real=0.00 secs] 
219.589: [GC (Allocation Failure) [PSYoungGen: 239488K->1360K(235520K)] 540037K->301909K(914432K), 0.0039089 secs] [Times: user=0.01 sys=0.00, real=0.00 secs] 
222.612: [GC (Allocation Failure) [PSYoungGen: 235344K->9632K(239616K)] 535893K->310197K(918528K), 0.0020642 secs] [Times: user=0.01 sys=0.00, real=0.01 secs] 
224.243: [GC (Allocation Failure) [PSYoungGen: 239520K->192K(226304K)] 540085K->300773K(905216K), 0.0017073 secs] [Times: user=0.01 sys=0.00, real=0.00 secs] 
227.008: [GC (Allocation Failure) [PSYoungGen: 225984K->1440K(223232K)] 526565K->302037K(902144K), 0.0026764 secs] [Times: user=0.01 sys=0.00, real=0.00 secs] 
230.078: [GC (Allocation Failure) [PSYoungGen: 223136K->1472K(235520K)] 523733K->302085K(914432K), 0.0025333 secs] [Times: user=0.01 sys=0.00, real=0.00 secs] 
233.547: [GC (Allocation Failure) [PSYoungGen: 219584K->1408K(218624K)] 520197K->302029K(897536K), 0.0023461 secs] [Times: user=0.00 sys=0.00, real=0.00 secs] 
236.297: [GC (Allocation Failure) [PSYoungGen: 215936K->1936K(212992K)] 516557K->302557K(891904K), 0.0020040 secs] [Times: user=0.00 sys=0.00, real=0.00 secs] 
238.823: [GC (Allocation Failure) [PSYoungGen: 212880K->1408K(216064K)] 513501K->302037K(894976K), 0.0028027 secs] [Times: user=0.01 sys=0.00, real=0.00 secs] 
241.642: [GC (Allocation Failure) [PSYoungGen: 208768K->1440K(205312K)] 509397K->302093K(884224K), 0.0026442 secs] [Times: user=0.01 sys=0.00, real=0.01 secs] 
245.252: [GC (Allocation Failure) [PSYoungGen: 205216K->9648K(213504K)] 505869K->310309K(892416K), 0.0052511 secs] [Times: user=0.03 sys=0.00, real=0.01 secs] 
247.208: [GC (Allocation Failure) [PSYoungGen: 210352K->1472K(199168K)] 511013K->302133K(878080K), 0.0032762 secs] [Times: user=0.01 sys=0.00, real=0.00 secs] 
251.026: [GC (Allocation Failure) [PSYoungGen: 199104K->1472K(204800K)] 499765K->302141K(883712K), 0.0027523 secs] [Times: user=0.02 sys=0.00, real=0.00 secs] 
254.523: [GC (Allocation Failure) [PSYoungGen: 196032K->9664K(201216K)] 496701K->310341K(880128K), 0.0024828 secs] [Times: user=0.01 sys=0.00, real=0.00 secs] 
256.848: [GC (Allocation Failure) [PSYoungGen: 201152K->1408K(199168K)] 501829K->302085K(878080K), 0.0043185 secs] [Times: user=0.01 sys=0.00, real=0.00 secs] 
259.607: [GC (Allocation Failure) [PSYoungGen: 189824K->1408K(186880K)] 490501K->302093K(865792K), 0.0023336 secs] [Times: user=0.01 sys=0.00, real=0.00 secs] 
262.024: [GC (Allocation Failure) [PSYoungGen: 186752K->9664K(196096K)] 487437K->310357K(875008K), 0.0020192 secs] [Times: user=0.01 sys=0.00, real=0.00 secs] 
262.862: [GC (Allocation Failure) [PSYoungGen: 192448K->1376K(181760K)] 493141K->302077K(860672K), 0.0026102 secs] [Times: user=0.01 sys=0.00, real=0.01 secs] 
264.458: [GC (Allocation Failure) [PSYoungGen: 181600K->1440K(188416K)] 482301K->302141K(867328K), 0.0020228 secs] [Times: user=0.01 sys=0.00, real=0.00 secs] 
266.493: [GC (Allocation Failure) [PSYoungGen: 179104K->2496K(177664K)] 479805K->303205K(856576K), 0.0019365 secs] [Times: user=0.01 sys=0.01, real=0.00 secs] 
267.380: [GC (Allocation Failure) [PSYoungGen: 177600K->1472K(181248K)] 478309K->302189K(860160K), 0.0017788 secs] [Times: user=0.01 sys=0.00, real=0.00 secs] 
269.395: [GC (Allocation Failure) [PSYoungGen: 174016K->1424K(171520K)] 474733K->302149K(850432K), 0.0021509 secs] [Times: user=0.01 sys=0.00, real=0.00 secs] 
270.328: [GC (Allocation Failure) [PSYoungGen: 171408K->1360K(175616K)] 472133K->302085K(854528K), 0.0019142 secs] [Times: user=0.01 sys=0.00, real=0.00 secs] 
273.569: [GC (Allocation Failure) [PSYoungGen: 168784K->1472K(166912K)] 469509K->302197K(845824K), 0.0031944 secs] [Times: user=0.01 sys=0.00, real=0.00 secs] 
275.504: [GC (Allocation Failure) [PSYoungGen: 166848K->1440K(171008K)] 467573K->302165K(849920K), 0.0043371 secs] [Times: user=0.01 sys=0.00, real=0.00 secs] 
277.035: [GC (Allocation Failure) [PSYoungGen: 164768K->1440K(162816K)] 465493K->302181K(841728K), 0.0018579 secs] [Times: user=0.01 sys=0.00, real=0.00 secs] 
278.820: [GC (Allocation Failure) [PSYoungGen: 162720K->5536K(167936K)] 463461K->306285K(846848K), 0.0019690 secs] [Times: user=0.01 sys=0.00, real=0.00 secs] 
279.557: [GC (Allocation Failure) [PSYoungGen: 164768K->1440K(158720K)] 465517K->302205K(837632K), 0.0017847 secs] [Times: user=0.01 sys=0.00, real=0.00 secs] 
282.052: [GC (Allocation Failure) [PSYoungGen: 158624K->9664K(164864K)] 459389K->310437K(843776K), 0.0026973 secs] [Times: user=0.01 sys=0.00, real=0.01 secs] 
283.134: [GC (Allocation Failure) [PSYoungGen: 164800K->1376K(154624K)] 465573K->302149K(833536K), 0.0020763 secs] [Times: user=0.01 sys=0.00, real=0.00 secs] 
285.234: [GC (Allocation Failure) [PSYoungGen: 154464K->1456K(159232K)] 455237K->302229K(838144K), 0.0036432 secs] [Times: user=0.02 sys=0.00, real=0.00 secs] 
286.636: [GC (Allocation Failure) [PSYoungGen: 152496K->1376K(150528K)] 453269K->302165K(829440K), 0.0027345 secs] [Times: user=0.01 sys=0.00, real=0.00 secs] 
288.903: [GC (Allocation Failure) [PSYoungGen: 150368K->1424K(154112K)] 451157K->302221K(833024K), 0.0026808 secs] [Times: user=0.01 sys=0.00, real=0.00 secs] 
290.426: [GC (Allocation Failure) [PSYoungGen: 148368K->1440K(146944K)] 449165K->302237K(825856K), 0.0027136 secs] [Times: user=0.01 sys=0.00, real=0.00 secs] 
292.577: [GC (Allocation Failure) [PSYoungGen: 146848K->1376K(150528K)] 447645K->302173K(829440K), 0.0023973 secs] [Times: user=0.01 sys=0.00, real=0.00 secs] 
294.206: [GC (Allocation Failure) [PSYoungGen: 145248K->1440K(143872K)] 446045K->302237K(822784K), 0.0029989 secs] [Times: user=0.01 sys=0.00, real=0.00 secs] 
296.126: [GC (Allocation Failure) [PSYoungGen: 143776K->1440K(147456K)] 444573K->302237K(826368K), 0.0019084 secs] [Times: user=0.01 sys=0.00, real=0.00 secs] 
297.295: [GC (Allocation Failure) [PSYoungGen: 142240K->1408K(140800K)] 443037K->302205K(819712K), 0.0024110 secs] [Times: user=0.00 sys=0.00, real=0.00 secs] 
298.942: [GC (Allocation Failure) [PSYoungGen: 140672K->1408K(142848K)] 441469K->302205K(821760K), 0.0018723 secs] [Times: user=0.01 sys=0.00, real=0.01 secs] 
299.799: [GC (Allocation Failure) [PSYoungGen: 139136K->1344K(137728K)] 439933K->302141K(816640K), 0.0017812 secs] [Times: user=0.01 sys=0.00, real=0.00 secs] 
301.923: [GC (Allocation Failure) [PSYoungGen: 137536K->5568K(141312K)] 438333K->310469K(820224K), 0.0023343 secs] [Times: user=0.01 sys=0.00, real=0.00 secs] 
303.154: [GC (Allocation Failure) [PSYoungGen: 140224K->1408K(134656K)] 445125K->306317K(813568K), 0.0044804 secs] [Times: user=0.01 sys=0.00, real=0.00 secs] 
305.599: [GC (Allocation Failure) [PSYoungGen: 134074K->5552K(138752K)] 438984K->310461K(817664K), 0.0020173 secs] [Times: user=0.01 sys=0.00, real=0.00 secs] 
306.130: [GC (Allocation Failure) [PSYoungGen: 137136K->1392K(131584K)] 442045K->306301K(810496K), 0.0025042 secs] [Times: user=0.01 sys=0.00, real=0.00 secs] 
307.382: [GC (Allocation Failure) [PSYoungGen: 131440K->1680K(134656K)] 436349K->306589K(813568K), 0.0016367 secs] [Times: user=0.01 sys=0.00, real=0.01 secs] 
308.509: [GC (Allocation Failure) [PSYoungGen: 130192K->1408K(128512K)] 435101K->306317K(807424K), 0.0034349 secs] [Times: user=0.01 sys=0.00, real=0.00 secs] 
309.400: [GC (Allocation Failure) [PSYoungGen: 128384K->1344K(130048K)] 433293K->306253K(808960K), 0.0023821 secs] [Times: user=0.01 sys=0.00, real=0.00 secs] 
310.739: [GC (Allocation Failure) [PSYoungGen: 126784K->1408K(125440K)] 431693K->306325K(804352K), 0.0017966 secs] [Times: user=0.01 sys=0.00, real=0.00 secs] 
311.279: [GC (Allocation Failure) [PSYoungGen: 125312K->1408K(127488K)] 430229K->306325K(806400K), 0.0018468 secs] [Times: user=0.01 sys=0.00, real=0.00 secs] 
313.119: [GC (Allocation Failure) [PSYoungGen: 124288K->5568K(128000K)] 429205K->314581K(806912K), 0.0024525 secs] [Times: user=0.01 sys=0.00, real=0.00 secs] 
313.719: [GC (Allocation Failure) [PSYoungGen: 127424K->1408K(125952K)] 436437K->310421K(804864K), 0.0019953 secs] [Times: user=0.01 sys=0.00, real=0.00 secs] 
315.901: [GC (Allocation Failure) [PSYoungGen: 122240K->1920K(121856K)] 431253K->310933K(800768K), 0.0029143 secs] [Times: user=0.01 sys=0.00, real=0.01 secs] 
316.935: [GC (Allocation Failure) [PSYoungGen: 121728K->1360K(123392K)] 430741K->310381K(802304K), 0.0023976 secs] [Times: user=0.01 sys=0.00, real=0.00 secs] 
317.422: [GC (Allocation Failure) [PSYoungGen: 120144K->1376K(119296K)] 429165K->310405K(798208K), 0.0020338 secs] [Times: user=0.00 sys=0.00, real=0.01 secs] 
319.672: [GC (Allocation Failure) [PSYoungGen: 119136K->1408K(120832K)] 428165K->310445K(799744K), 0.0036270 secs] [Times: user=0.01 sys=0.00, real=0.01 secs] 
321.107: [GC (Allocation Failure) [PSYoungGen: 118144K->1440K(117248K)] 427181K->310485K(796160K), 0.0028945 secs] [Times: user=0.01 sys=0.00, real=0.00 secs] 
323.395: [GC (Allocation Failure) [PSYoungGen: 117152K->3536K(119296K)] 426197K->312581K(798208K), 0.0020071 secs] [Times: user=0.01 sys=0.00, real=0.00 secs] 
324.409: [GC (Allocation Failure) [PSYoungGen: 118224K->1440K(115200K)] 427269K->310485K(794112K), 0.0021534 secs] [Times: user=0.01 sys=0.01, real=0.00 secs] 
325.241: [GC (Allocation Failure) [PSYoungGen: 115104K->1408K(116224K)] 424149K->310453K(795136K), 0.0020702 secs] [Times: user=0.01 sys=0.00, real=0.01 secs] 
326.747: [GC (Allocation Failure) [PSYoungGen: 114048K->1440K(113152K)] 423093K->310493K(792064K), 0.0019362 secs] [Times: user=0.01 sys=0.00, real=0.00 secs] 
327.946: [GC (Allocation Failure) [PSYoungGen: 113056K->1440K(114688K)] 422109K->310501K(793600K), 0.0022653 secs] [Times: user=0.01 sys=0.00, real=0.00 secs] 
329.643: [GC (Allocation Failure) [PSYoungGen: 111946K->224K(110080K)] 421008K->309285K(788992K), 0.0015359 secs] [Times: user=0.01 sys=0.00, real=0.00 secs] 
331.209: [GC (Allocation Failure) [PSYoungGen: 109792K->1408K(111616K)] 418853K->310477K(790528K), 0.0024374 secs] [Times: user=0.01 sys=0.00, real=0.00 secs] 
331.893: [GC (Allocation Failure) [PSYoungGen: 109952K->1408K(109056K)] 419021K->310477K(787968K), 0.0022321 secs] [Times: user=0.00 sys=0.00, real=0.00 secs] 
333.674: [GC (Allocation Failure) [PSYoungGen: 106380K->3472K(111104K)] 415450K->314589K(790016K), 0.0027341 secs] [Times: user=0.01 sys=0.00, real=0.00 secs] 
334.176: [GC (Allocation Failure) [PSYoungGen: 109968K->1440K(107008K)] 421085K->312557K(785920K), 0.0020666 secs] [Times: user=0.01 sys=0.00, real=0.00 secs] 
335.066: [GC (Allocation Failure) [PSYoungGen: 106912K->1408K(108032K)] 418029K->312533K(786944K), 0.0022469 secs] [Times: user=0.00 sys=0.00, real=0.00 secs] 
336.856: [GC (Allocation Failure) [PSYoungGen: 105856K->1408K(104960K)] 416981K->320733K(783872K), 0.0029805 secs] [Times: user=0.01 sys=0.00, real=0.00 secs] 
337.795: [GC (Allocation Failure) [PSYoungGen: 104832K->1408K(105472K)] 424157K->320741K(784384K), 0.0031923 secs] [Times: user=0.01 sys=0.00, real=0.00 secs] 
338.650: [GC (Allocation Failure) [PSYoungGen: 103808K->1344K(102912K)] 423141K->320685K(781824K), 0.0028481 secs] [Times: user=0.01 sys=0.00, real=0.01 secs] 
340.429: [GC (Allocation Failure) [PSYoungGen: 102720K->1376K(102400K)] 422061K->320717K(781312K), 0.0023382 secs] [Times: user=0.01 sys=0.00, real=0.00 secs] 
341.881: [GC (Allocation Failure) [PSYoungGen: 101728K->1376K(100864K)] 421069K->320725K(779776K), 0.0041612 secs] [Times: user=0.01 sys=0.00, real=0.01 secs] 
343.131: [GC (Allocation Failure) [PSYoungGen: 100704K->1344K(100864K)] 420053K->320693K(779776K), 0.0030891 secs] [Times: user=0.01 sys=0.00, real=0.01 secs] 
344.438: [GC (Allocation Failure) [PSYoungGen: 99648K->1408K(99328K)] 418997K->320757K(778240K), 0.0017801 secs] [Times: user=0.00 sys=0.00, real=0.00 secs] 
345.022: [GC (Allocation Failure) [PSYoungGen: 99200K->1408K(99328K)] 418549K->320757K(778240K), 0.0020712 secs] [Times: user=0.01 sys=0.00, real=0.01 secs] 
346.796: [GC (Allocation Failure) [PSYoungGen: 98688K->304K(97280K)] 418037K->319653K(776192K), 0.0014704 secs] [Times: user=0.01 sys=0.00, real=0.00 secs] 
347.283: [GC (Allocation Failure) [PSYoungGen: 97072K->1408K(98816K)] 416421K->320765K(777728K), 0.0017408 secs] [Times: user=0.00 sys=0.00, real=0.00 secs] 
347.864: [GC (Allocation Failure) [PSYoungGen: 97664K->1376K(97280K)] 417021K->320741K(776192K), 0.0020126 secs] [Times: user=0.01 sys=0.00, real=0.00 secs] 
348.938: [GC (Allocation Failure) [PSYoungGen: 97120K->1440K(97792K)] 416485K->320813K(776704K), 0.0015461 secs] [Times: user=0.01 sys=0.00, real=0.00 secs] 
349.999: [GC (Allocation Failure) [PSYoungGen: 96672K->1408K(96256K)] 416045K->320781K(775168K), 0.0043662 secs] [Times: user=0.02 sys=0.00, real=0.01 secs] 
350.743: [GC (Allocation Failure) [PSYoungGen: 96128K->1392K(96256K)] 415501K->320765K(775168K), 0.0026969 secs] [Times: user=0.01 sys=0.00, real=0.00 secs] 
352.500: [GC (Allocation Failure) [PSYoungGen: 95600K->304K(94208K)] 414973K->319677K(773120K), 0.0016225 secs] [Times: user=0.01 sys=0.00, real=0.00 secs] 
353.082: [GC (Allocation Failure) [PSYoungGen: 94000K->1376K(95232K)] 413373K->320757K(774144K), 0.0018323 secs] [Times: user=0.00 sys=0.00, real=0.01 secs] 
353.858: [GC (Allocation Failure) [PSYoungGen: 94560K->1408K(94208K)] 413941K->320797K(773120K), 0.0017251 secs] [Times: user=0.01 sys=0.00, real=0.00 secs] 
354.716: [GC (Allocation Failure) [PSYoungGen: 94080K->1440K(94208K)] 413469K->320837K(773120K), 0.0021338 secs] [Times: user=0.01 sys=0.00, real=0.00 secs] 
356.120: [GC (Allocation Failure) [PSYoungGen: 93600K->1408K(93184K)] 412997K->320805K(772096K), 0.0020830 secs] [Times: user=0.00 sys=0.00, real=0.00 secs] 
356.954: [GC (Allocation Failure) [PSYoungGen: 93056K->1376K(93184K)] 412453K->320773K(772096K), 0.0025963 secs] [Times: user=0.00 sys=0.01, real=0.00 secs] 
357.778: [GC (Allocation Failure) [PSYoungGen: 92512K->1376K(92160K)] 411909K->320773K(771072K), 0.0025740 secs] [Times: user=0.01 sys=0.00, real=0.00 secs] 
359.979: [GC (Allocation Failure) [PSYoungGen: 92000K->1408K(91648K)] 411397K->320805K(770560K), 0.0032731 secs] [Times: user=0.01 sys=0.00, real=0.00 secs] 
360.440: [GC (Allocation Failure) [PSYoungGen: 91520K->1440K(91136K)] 410917K->320837K(770048K), 0.0019852 secs] [Times: user=0.01 sys=0.00, real=0.00 secs] 
360.812: [GC (Allocation Failure) [PSYoungGen: 91040K->1408K(90624K)] 410437K->320805K(769536K), 0.0018090 secs] [Times: user=0.01 sys=0.00, real=0.01 secs] 
362.080: [GC (Allocation Failure) [PSYoungGen: 90496K->1408K(90112K)] 409893K->320813K(769024K), 0.0021240 secs] [Times: user=0.01 sys=0.00, real=0.00 secs] 
362.774: [GC (Allocation Failure) [PSYoungGen: 89984K->1472K(89600K)] 409389K->320877K(768512K), 0.0018456 secs] [Times: user=0.00 sys=0.00, real=0.00 secs] 
363.141: [GC (Allocation Failure) [PSYoungGen: 89536K->1408K(89088K)] 408941K->320837K(768000K), 0.0021656 secs] [Times: user=0.01 sys=0.01, real=0.01 secs] 
364.184: [GC (Allocation Failure) [PSYoungGen: 88960K->1408K(88576K)] 408389K->320853K(767488K), 0.0015443 secs] [Times: user=0.01 sys=0.00, real=0.00 secs] 
364.545: [GC (Allocation Failure) [PSYoungGen: 88448K->1376K(88064K)] 407893K->320821K(766976K), 0.0018358 secs] [Times: user=0.01 sys=0.00, real=0.00 secs] 
364.941: [GC (Allocation Failure) [PSYoungGen: 87904K->1424K(87552K)] 407349K->320869K(766464K), 0.0029495 secs] [Times: user=0.01 sys=0.00, real=0.01 secs] 
366.375: [GC (Allocation Failure) [PSYoungGen: 86790K->1936K(87552K)] 406236K->321381K(766464K), 0.0032129 secs] [Times: user=0.01 sys=0.00, real=0.00 secs] 
367.565: [GC (Allocation Failure) [PSYoungGen: 87440K->352K(85504K)] 406885K->320821K(764416K), 0.0033421 secs] [Times: user=0.01 sys=0.00, real=0.00 secs] 
368.955: [GC (Allocation Failure) [PSYoungGen: 85344K->368K(86528K)] 405813K->320837K(765440K), 0.0039055 secs] [Times: user=0.01 sys=0.00, real=0.00 secs] 
369.954: [GC (Allocation Failure) [PSYoungGen: 84848K->384K(86016K)] 405317K->320853K(764928K), 0.0038233 secs] [Times: user=0.02 sys=0.00, real=0.00 secs] 
371.854: [GC (Allocation Failure) [PSYoungGen: 84352K->1408K(84992K)] 404821K->321885K(763904K), 0.0020657 secs] [Times: user=0.01 sys=0.00, real=0.00 secs] 
372.220: [GC (Allocation Failure) [PSYoungGen: 84864K->1408K(84992K)] 405341K->321885K(763904K), 0.0020705 secs] [Times: user=0.00 sys=0.00, real=0.00 secs] 
372.564: [GC (Allocation Failure) [PSYoungGen: 84352K->1408K(83968K)] 404829K->321893K(762880K), 0.0018829 secs] [Times: user=0.01 sys=0.00, real=0.00 secs] 
374.097: [GC (Allocation Failure) [PSYoungGen: 83840K->2496K(84480K)] 404325K->326053K(763392K), 0.0046700 secs] [Times: user=0.02 sys=0.00, real=0.00 secs] 
375.673: [GC (Allocation Failure) [PSYoungGen: 84416K->336K(81920K)] 407973K->323893K(760832K), 0.0029305 secs] [Times: user=0.01 sys=0.00, real=0.00 secs] 
376.462: [GC (Allocation Failure) [PSYoungGen: 81744K->384K(83456K)] 405301K->323949K(762368K), 0.0025548 secs] [Times: user=0.01 sys=0.00, real=0.01 secs] 
377.371: [GC (Allocation Failure) [PSYoungGen: 81280K->384K(80896K)] 404845K->323949K(759808K), 0.0040817 secs] [Times: user=0.01 sys=0.00, real=0.01 secs] 
379.354: [GC (Allocation Failure) [PSYoungGen: 80768K->1440K(82432K)] 404333K->325013K(761344K), 0.0041308 secs] [Times: user=0.02 sys=0.00, real=0.00 secs] 
380.591: [GC (Allocation Failure) [PSYoungGen: 81312K->1376K(80896K)] 404885K->324957K(759808K), 0.0038022 secs] [Times: user=0.01 sys=0.00, real=0.01 secs] 
381.374: [GC (Allocation Failure) [PSYoungGen: 80736K->1440K(80896K)] 404317K->325021K(759808K), 0.0034117 secs] [Times: user=0.02 sys=0.00, real=0.00 secs] 
383.106: [GC (Allocation Failure) [PSYoungGen: 80286K->2448K(80896K)] 403868K->327061K(759808K), 0.0033399 secs] [Times: user=0.02 sys=0.00, real=0.00 secs] 
383.910: [GC (Allocation Failure) [PSYoungGen: 80784K->1376K(80384K)] 405397K->325989K(759296K), 0.0023005 secs] [Times: user=0.01 sys=0.00, real=0.00 secs] 
384.770: [GC (Allocation Failure) [PSYoungGen: 79200K->1344K(78848K)] 403813K->325965K(757760K), 0.0023850 secs] [Times: user=0.01 sys=0.00, real=0.00 secs] 
385.733: [GC (Allocation Failure) [PSYoungGen: 78656K->1376K(78336K)] 403277K->326013K(757248K), 0.0024783 secs] [Times: user=0.01 sys=0.00, real=0.00 secs] 
387.709: [GC (Allocation Failure) [PSYoungGen: 78176K->1440K(77824K)] 402813K->326077K(756736K), 0.0028359 secs] [Times: user=0.01 sys=0.00, real=0.00 secs] 
388.438: [GC (Allocation Failure) [PSYoungGen: 77728K->1360K(77824K)] 402365K->326005K(756736K), 0.0030817 secs] [Times: user=0.01 sys=0.00, real=0.00 secs] 
389.415: [GC (Allocation Failure) [PSYoungGen: 77136K->1344K(76800K)] 401781K->325989K(755712K), 0.0025697 secs] [Times: user=0.01 sys=0.00, real=0.00 secs] 
390.538: [GC (Allocation Failure) [PSYoungGen: 76608K->1376K(76800K)] 401253K->326021K(755712K), 0.0026359 secs] [Times: user=0.01 sys=0.00, real=0.00 secs] 
393.539: [GC (Allocation Failure) [PSYoungGen: 76128K->1408K(75776K)] 400773K->326053K(754688K), 0.0061733 secs] [Times: user=0.03 sys=0.00, real=0.01 secs] 
394.409: [GC (Allocation Failure) [PSYoungGen: 75648K->1344K(75264K)] 400293K->325989K(754176K), 0.0025641 secs] [Times: user=0.01 sys=0.00, real=0.00 secs] 
395.119: [GC (Allocation Failure) [PSYoungGen: 75072K->1312K(74752K)] 399717K->325957K(753664K), 0.0022425 secs] [Times: user=0.01 sys=0.00, real=0.00 secs] 
395.874: [GC (Allocation Failure) [PSYoungGen: 74528K->1376K(74240K)] 399173K->326021K(753152K), 0.0022450 secs] [Times: user=0.01 sys=0.00, real=0.00 secs] 
397.255: [GC (Allocation Failure) [PSYoungGen: 74080K->1408K(73728K)] 398725K->326061K(752640K), 0.0022371 secs] [Times: user=0.01 sys=0.00, real=0.00 secs] 
397.605: [GC (Allocation Failure) [PSYoungGen: 73600K->1376K(73216K)] 398253K->326029K(752128K), 0.0019178 secs] [Times: user=0.01 sys=0.00, real=0.00 secs] 
398.666: [GC (Allocation Failure) [PSYoungGen: 73056K->1344K(72704K)] 397709K->325997K(751616K), 0.0028035 secs] [Times: user=0.01 sys=0.00, real=0.00 secs] 
399.877: [GC (Allocation Failure) [PSYoungGen: 72512K->1376K(72192K)] 397165K->326037K(751104K), 0.0038816 secs] [Times: user=0.02 sys=0.00, real=0.00 secs] 
402.121: [GC (Allocation Failure) [PSYoungGen: 72032K->1440K(71680K)] 396693K->326101K(750592K), 0.0029817 secs] [Times: user=0.01 sys=0.00, real=0.01 secs] 
402.904: [GC (Allocation Failure) [PSYoungGen: 71584K->1408K(71168K)] 396245K->326069K(750080K), 0.0023323 secs] [Times: user=0.01 sys=0.00, real=0.00 secs] 
403.806: [GC (Allocation Failure) [PSYoungGen: 71040K->1392K(70656K)] 395701K->326053K(749568K), 0.0035290 secs] [Times: user=0.01 sys=0.00, real=0.00 secs] 
404.843: [GC (Allocation Failure) [PSYoungGen: 70512K->1376K(70144K)] 395173K->326037K(749056K), 0.0027781 secs] [Times: user=0.01 sys=0.00, real=0.00 secs] 
407.472: [GC (Allocation Failure) [PSYoungGen: 69984K->1408K(69632K)] 394645K->326077K(748544K), 0.0032399 secs] [Times: user=0.02 sys=0.00, real=0.01 secs] 
408.212: [GC (Allocation Failure) [PSYoungGen: 69504K->1440K(69120K)] 394173K->326109K(748032K), 0.0027559 secs] [Times: user=0.01 sys=0.00, real=0.01 secs] 
409.422: [GC (Allocation Failure) [PSYoungGen: 69024K->1376K(69120K)] 393693K->326045K(748032K), 0.0031599 secs] [Times: user=0.02 sys=0.00, real=0.01 secs] 
410.100: [GC (Allocation Failure) [PSYoungGen: 68960K->1376K(69632K)] 393629K->326045K(748544K), 0.0033311 secs] [Times: user=0.01 sys=0.00, real=0.01 secs] 
411.649: [GC (Allocation Failure) [PSYoungGen: 68960K->1440K(69632K)] 393629K->326109K(748544K), 0.0019082 secs] [Times: user=0.00 sys=0.00, real=0.00 secs] 
412.453: [GC (Allocation Failure) [PSYoungGen: 69024K->1376K(69632K)] 393693K->326045K(748544K), 0.0029973 secs] [Times: user=0.01 sys=0.00, real=0.00 secs] 
413.028: [GC (Allocation Failure) [PSYoungGen: 68960K->1408K(69632K)] 393629K->326077K(748544K), 0.0027225 secs] [Times: user=0.01 sys=0.00, real=0.00 secs] 
413.576: [GC (Allocation Failure) [PSYoungGen: 68992K->1408K(69632K)] 393661K->326077K(748544K), 0.0020818 secs] [Times: user=0.01 sys=0.00, real=0.00 secs] 
414.967: [GC (Allocation Failure) [PSYoungGen: 68992K->1440K(69632K)] 393661K->330213K(748544K), 0.0034042 secs] [Times: user=0.01 sys=0.00, real=0.00 secs] 
415.544: [GC (Allocation Failure) [PSYoungGen: 69024K->1456K(69632K)] 397797K->330237K(748544K), 0.0026521 secs] [Times: user=0.01 sys=0.00, real=0.00 secs] 
415.825: [GC (Allocation Failure) [PSYoungGen: 69040K->1328K(69632K)] 397821K->330109K(748544K), 0.0019302 secs] [Times: user=0.01 sys=0.00, real=0.00 secs] 
416.174: [GC (Allocation Failure) [PSYoungGen: 68912K->1440K(69632K)] 397693K->330221K(748544K), 0.0017808 secs] [Times: user=0.00 sys=0.00, real=0.00 secs] 
417.216: [GC (Allocation Failure) [PSYoungGen: 69024K->1392K(69632K)] 397805K->331205K(748544K), 0.0018210 secs] [Times: user=0.01 sys=0.00, real=0.00 secs] 
417.816: [GC (Allocation Failure) [PSYoungGen: 68976K->384K(69632K)] 398789K->330197K(748544K), 0.0017694 secs] [Times: user=0.01 sys=0.00, real=0.00 secs] 
418.521: [GC (Allocation Failure) [PSYoungGen: 67968K->384K(69632K)] 397781K->330197K(748544K), 0.0031261 secs] [Times: user=0.01 sys=0.00, real=0.01 secs] 
419.296: [GC (Allocation Failure) [PSYoungGen: 67968K->384K(69632K)] 397781K->330213K(748544K), 0.0039793 secs] [Times: user=0.02 sys=0.00, real=0.00 secs] 
420.610: [GC (Allocation Failure) [PSYoungGen: 67968K->1568K(69632K)] 397797K->331405K(748544K), 0.0015843 secs] [Times: user=0.01 sys=0.00, real=0.00 secs] 
421.886: [GC (Allocation Failure) [PSYoungGen: 69152K->1360K(69632K)] 398989K->331197K(748544K), 0.0037160 secs] [Times: user=0.01 sys=0.00, real=0.00 secs] 
423.334: [GC (Allocation Failure) [PSYoungGen: 68944K->1456K(69632K)] 398781K->331293K(748544K), 0.0037222 secs] [Times: user=0.02 sys=0.01, real=0.00 secs] 
424.080: [GC (Allocation Failure) [PSYoungGen: 69040K->1408K(69632K)] 398877K->331253K(748544K), 0.0029437 secs] [Times: user=0.01 sys=0.00, real=0.01 secs] 
424.652: [GC (Allocation Failure) [PSYoungGen: 68992K->1376K(69632K)] 398837K->331221K(748544K), 0.0025344 secs] [Times: user=0.01 sys=0.00, real=0.01 secs] 
425.820: [GC (Allocation Failure) [PSYoungGen: 68960K->1408K(69632K)] 398805K->331253K(748544K), 0.0018791 secs] [Times: user=0.00 sys=0.00, real=0.00 secs] 
426.144: [GC (Allocation Failure) [PSYoungGen: 68992K->1312K(69632K)] 398837K->331157K(748544K), 0.0016772 secs] [Times: user=0.00 sys=0.00, real=0.00 secs] 
426.611: [GC (Allocation Failure) [PSYoungGen: 68896K->1440K(69632K)] 398741K->331309K(748544K), 0.0016400 secs] [Times: user=0.01 sys=0.00, real=0.00 secs] 
427.119: [GC (Allocation Failure) [PSYoungGen: 69024K->1376K(69632K)] 398893K->331253K(748544K), 0.0033564 secs] [Times: user=0.02 sys=0.00, real=0.00 secs] 
428.390: [GC (Allocation Failure) [PSYoungGen: 68960K->1376K(69632K)] 398837K->331261K(748544K), 0.0031552 secs] [Times: user=0.02 sys=0.00, real=0.01 secs] 
429.003: [GC (Allocation Failure) [PSYoungGen: 68960K->1408K(69632K)] 398845K->331293K(748544K), 0.0027367 secs] [Times: user=0.01 sys=0.00, real=0.01 secs] 
429.617: [GC (Allocation Failure) [PSYoungGen: 68992K->1408K(69632K)] 398877K->331301K(748544K), 0.0026349 secs] [Times: user=0.01 sys=0.00, real=0.00 secs] 
430.215: [GC (Allocation Failure) [PSYoungGen: 68992K->1344K(69632K)] 398885K->331237K(748544K), 0.0031835 secs] [Times: user=0.01 sys=0.01, real=0.00 secs] 
431.618: [GC (Allocation Failure) [PSYoungGen: 68928K->1440K(69632K)] 398821K->331341K(748544K), 0.0015085 secs] [Times: user=0.01 sys=0.00, real=0.00 secs] 
432.484: [GC (Allocation Failure) [PSYoungGen: 69024K->1344K(69632K)] 398925K->331245K(748544K), 0.0031150 secs] [Times: user=0.02 sys=0.00, real=0.00 secs] 
433.047: [GC (Allocation Failure) [PSYoungGen: 68928K->1376K(69632K)] 398829K->331277K(748544K), 0.0039525 secs] [Times: user=0.02 sys=0.00, real=0.00 secs] 
433.721: [GC (Allocation Failure) [PSYoungGen: 68960K->1408K(69632K)] 398861K->331309K(748544K), 0.0025895 secs] [Times: user=0.01 sys=0.00, real=0.01 secs] 
435.197: [GC (Allocation Failure) [PSYoungGen: 68992K->1440K(69632K)] 398893K->331341K(748544K), 0.0020968 secs] [Times: user=0.01 sys=0.00, real=0.00 secs] 
436.108: [GC (Allocation Failure) [PSYoungGen: 69024K->1408K(69632K)] 398925K->331309K(748544K), 0.0039422 secs] [Times: user=0.02 sys=0.00, real=0.00 secs] 
436.755: [GC (Allocation Failure) [PSYoungGen: 68992K->1440K(69632K)] 398893K->331341K(748544K), 0.0030757 secs] [Times: user=0.01 sys=0.00, real=0.00 secs] 
437.130: [GC (Allocation Failure) [PSYoungGen: 69024K->1376K(69632K)] 398925K->331293K(748544K), 0.0020483 secs] [Times: user=0.00 sys=0.00, real=0.00 secs] 
438.243: [GC (Allocation Failure) [PSYoungGen: 68960K->1728K(69632K)] 398877K->331653K(748544K), 0.0022601 secs] [Times: user=0.01 sys=0.00, real=0.01 secs] 
439.513: [GC (Allocation Failure) [PSYoungGen: 69312K->1376K(69632K)] 399237K->331301K(748544K), 0.0038685 secs] [Times: user=0.01 sys=0.00, real=0.00 secs] 
440.537: [GC (Allocation Failure) [PSYoungGen: 68960K->1408K(69632K)] 398885K->331333K(748544K), 0.0039538 secs] [Times: user=0.01 sys=0.00, real=0.00 secs] 
441.023: [GC (Allocation Failure) [PSYoungGen: 68992K->1376K(69632K)] 398917K->331317K(748544K), 0.0021662 secs] [Times: user=0.01 sys=0.00, real=0.00 secs] 
441.348: [GC (Allocation Failure) [PSYoungGen: 68960K->1408K(69632K)] 398901K->331349K(748544K), 0.0017239 secs] [Times: user=0.01 sys=0.00, real=0.00 secs] 
442.715: [GC (Allocation Failure) [PSYoungGen: 68992K->1408K(69632K)] 398933K->331349K(748544K), 0.0019919 secs] [Times: user=0.01 sys=0.00, real=0.00 secs] 
443.585: [GC (Allocation Failure) [PSYoungGen: 68992K->1408K(69632K)] 398933K->331349K(748544K), 0.0030618 secs] [Times: user=0.01 sys=0.00, real=0.00 secs] 
444.385: [GC (Allocation Failure) [PSYoungGen: 68992K->1392K(69632K)] 398933K->331341K(748544K), 0.0029828 secs] [Times: user=0.01 sys=0.00, real=0.00 secs] 
444.912: [GC (Allocation Failure) [PSYoungGen: 68976K->1376K(69632K)] 398925K->331325K(748544K), 0.0019494 secs] [Times: user=0.01 sys=0.00, real=0.01 secs] 
446.137: [GC (Allocation Failure) [PSYoungGen: 68960K->1440K(69632K)] 398909K->331389K(748544K), 0.0020943 secs] [Times: user=0.01 sys=0.00, real=0.00 secs] 
446.867: [GC (Allocation Failure) [PSYoungGen: 69024K->1376K(69632K)] 398973K->331325K(748544K), 0.0026216 secs] [Times: user=0.01 sys=0.00, real=0.00 secs] 
447.180: [GC (Allocation Failure) [PSYoungGen: 68960K->1440K(69632K)] 398909K->331397K(748544K), 0.0019386 secs] [Times: user=0.01 sys=0.00, real=0.00 secs] 
447.481: [GC (Allocation Failure) [PSYoungGen: 69024K->1376K(69632K)] 398981K->331333K(748544K), 0.0019260 secs] [Times: user=0.01 sys=0.00, real=0.00 secs] 
448.799: [GC (Allocation Failure) [PSYoungGen: 68960K->1440K(69632K)] 398917K->331405K(748544K), 0.0020473 secs] [Times: user=0.00 sys=0.00, real=0.00 secs] 
449.624: [GC (Allocation Failure) [PSYoungGen: 69024K->1408K(69120K)] 398989K->331373K(748032K), 0.0041560 secs] [Times: user=0.01 sys=0.01, real=0.00 secs] 
450.365: [GC (Allocation Failure) [PSYoungGen: 68992K->1360K(69120K)] 398957K->331341K(748032K), 0.0027565 secs] [Times: user=0.01 sys=0.00, real=0.00 secs] 
450.987: [GC (Allocation Failure) [PSYoungGen: 68944K->352K(68608K)] 398925K->331357K(747520K), 0.0022490 secs] [Times: user=0.01 sys=0.00, real=0.00 secs] 
452.356: [GC (Allocation Failure) [PSYoungGen: 67936K->1408K(69632K)] 398941K->332413K(748544K), 0.0016234 secs] [Times: user=0.01 sys=0.00, real=0.00 secs] 
453.040: [GC (Allocation Failure) [PSYoungGen: 68992K->1440K(69632K)] 399997K->332445K(748544K), 0.0016440 secs] [Times: user=0.01 sys=0.00, real=0.00 secs] 
453.883: [GC (Allocation Failure) [PSYoungGen: 69024K->1408K(69632K)] 400029K->332413K(748544K), 0.0037791 secs] [Times: user=0.01 sys=0.00, real=0.00 secs] 
454.720: [GC (Allocation Failure) [PSYoungGen: 68992K->1392K(69632K)] 399997K->332405K(748544K), 0.0037543 secs] [Times: user=0.02 sys=0.00, real=0.01 secs] 
456.003: [GC (Allocation Failure) [PSYoungGen: 68976K->1920K(69632K)] 399989K->332941K(748544K), 0.0017548 secs] [Times: user=0.01 sys=0.00, real=0.00 secs] 
456.714: [GC (Allocation Failure) [PSYoungGen: 69504K->1392K(69632K)] 400525K->332413K(748544K), 0.0017378 secs] [Times: user=0.00 sys=0.00, real=0.00 secs] 
457.565: [GC (Allocation Failure) [PSYoungGen: 68976K->1376K(69632K)] 399997K->332397K(748544K), 0.0017560 secs] [Times: user=0.00 sys=0.00, real=0.00 secs] 
458.318: [GC (Allocation Failure) [PSYoungGen: 68960K->1376K(69632K)] 399981K->332397K(748544K), 0.0017884 secs] [Times: user=0.00 sys=0.00, real=0.00 secs] 
458.959: [GC (Allocation Failure) [PSYoungGen: 68960K->1408K(69632K)] 399981K->332429K(748544K), 0.0018808 secs] [Times: user=0.01 sys=0.00, real=0.00 secs] 
460.327: [GC (Allocation Failure) [PSYoungGen: 68992K->1408K(69632K)] 400013K->332429K(748544K), 0.0017787 secs] [Times: user=0.01 sys=0.00, real=0.00 secs] 
460.809: [GC (Allocation Failure) [PSYoungGen: 68992K->1408K(69632K)] 400013K->332429K(748544K), 0.0018851 secs] [Times: user=0.01 sys=0.00, real=0.00 secs] 
461.091: [GC (Allocation Failure) [PSYoungGen: 68992K->1344K(69632K)] 400013K->332381K(748544K), 0.0018729 secs] [Times: user=0.01 sys=0.00, real=0.01 secs] 
461.372: [GC (Allocation Failure) [PSYoungGen: 68928K->1408K(69632K)] 399965K->332445K(748544K), 0.0019251 secs] [Times: user=0.01 sys=0.01, real=0.01 secs] 
463.888: [GC (Allocation Failure) [PSYoungGen: 68992K->1408K(69632K)] 400029K->332445K(748544K), 0.0023571 secs] [Times: user=0.01 sys=0.00, real=0.00 secs] 
464.578: [GC (Allocation Failure) [PSYoungGen: 68992K->1376K(69632K)] 400029K->332413K(748544K), 0.0022842 secs] [Times: user=0.01 sys=0.00, real=0.00 secs] 
465.390: [GC (Allocation Failure) [PSYoungGen: 68960K->1392K(69632K)] 399997K->332429K(748544K), 0.0020071 secs] [Times: user=0.01 sys=0.00, real=0.00 secs] 
466.081: [GC (Allocation Failure) [PSYoungGen: 68976K->1376K(69632K)] 400013K->332413K(748544K), 0.0021875 secs] [Times: user=0.01 sys=0.01, real=0.01 secs] 
467.649: [GC (Allocation Failure) [PSYoungGen: 68960K->1440K(69632K)] 399997K->332477K(748544K), 0.0019867 secs] [Times: user=0.01 sys=0.00, real=0.00 secs] 
467.939: [GC (Allocation Failure) [PSYoungGen: 69024K->1408K(69632K)] 400061K->332445K(748544K), 0.0019533 secs] [Times: user=0.01 sys=0.00, real=0.00 secs] 
468.229: [GC (Allocation Failure) [PSYoungGen: 68992K->1408K(69120K)] 400029K->332461K(748032K), 0.0018558 secs] [Times: user=0.00 sys=0.00, real=0.00 secs] 
468.532: [GC (Allocation Failure) [PSYoungGen: 68992K->1408K(69120K)] 400045K->332461K(748032K), 0.0020268 secs] [Times: user=0.01 sys=0.00, real=0.01 secs] 
469.780: [GC (Allocation Failure) [PSYoungGen: 68992K->384K(68608K)] 400045K->332469K(747520K), 0.0016668 secs] [Times: user=0.00 sys=0.00, real=0.00 secs] 
470.249: [GC (Allocation Failure) [PSYoungGen: 67968K->384K(69632K)] 400053K->332477K(748544K), 0.0017723 secs] [Times: user=0.01 sys=0.00, real=0.00 secs] 
470.530: [GC (Allocation Failure) [PSYoungGen: 67968K->352K(69632K)] 400061K->332445K(748544K), 0.0029240 secs] [Times: user=0.01 sys=0.00, real=0.01 secs] 
470.812: [GC (Allocation Failure) [PSYoungGen: 67936K->416K(69632K)] 400029K->332509K(748544K), 0.0018428 secs] [Times: user=0.00 sys=0.00, real=0.01 secs] 
471.911: [GC (Allocation Failure) [PSYoungGen: 68000K->1984K(69120K)] 400093K->334589K(748032K), 0.0018904 secs] [Times: user=0.01 sys=0.00, real=0.00 secs] 
472.831: [GC (Allocation Failure) [PSYoungGen: 69056K->1312K(69632K)] 401661K->333917K(748544K), 0.0038776 secs] [Times: user=0.01 sys=0.00, real=0.01 secs] 
473.682: [GC (Allocation Failure) [PSYoungGen: 68384K->1408K(69632K)] 400989K->334013K(748544K), 0.0026215 secs] [Times: user=0.01 sys=0.00, real=0.01 secs] 
474.330: [GC (Allocation Failure) [PSYoungGen: 68480K->1376K(69632K)] 401085K->333981K(748544K), 0.0026776 secs] [Times: user=0.02 sys=0.00, real=0.00 secs] 
474.901: [GC (Allocation Failure) [PSYoungGen: 68448K->1376K(69632K)] 401053K->333981K(748544K), 0.0030798 secs] [Times: user=0.02 sys=0.00, real=0.01 secs] 
476.836: [GC (Allocation Failure) [PSYoungGen: 68448K->1408K(69632K)] 401053K->334013K(748544K), 0.0034981 secs] [Times: user=0.02 sys=0.00, real=0.00 secs] 
477.638: [GC (Allocation Failure) [PSYoungGen: 68480K->1408K(69632K)] 401085K->334013K(748544K), 0.0038085 secs] [Times: user=0.01 sys=0.00, real=0.00 secs] 
478.222: [GC (Allocation Failure) [PSYoungGen: 68480K->1408K(68608K)] 401085K->334021K(747520K), 0.0025887 secs] [Times: user=0.01 sys=0.00, real=0.01 secs] 
478.770: [GC (Allocation Failure) [PSYoungGen: 68480K->1376K(69120K)] 401093K->333989K(748032K), 0.0022152 secs] [Times: user=0.00 sys=0.00, real=0.00 secs] 
480.799: [GC (Allocation Failure) [PSYoungGen: 68448K->1392K(69120K)] 401061K->334013K(748032K), 0.0038638 secs] [Times: user=0.01 sys=0.00, real=0.01 secs] 
481.350: [GC (Allocation Failure) [PSYoungGen: 68464K->1360K(69120K)] 401085K->333981K(748032K), 0.0020224 secs] [Times: user=0.01 sys=0.00, real=0.00 secs] 
481.629: [GC (Allocation Failure) [PSYoungGen: 68432K->1408K(69120K)] 401053K->334037K(748032K), 0.0019351 secs] [Times: user=0.01 sys=0.00, real=0.00 secs] 
482.442: [GC (Allocation Failure) [PSYoungGen: 68480K->1392K(69120K)] 401109K->334021K(748032K), 0.0023570 secs] [Times: user=0.01 sys=0.00, real=0.01 secs] 
484.558: [GC (Allocation Failure) [PSYoungGen: 68464K->1440K(69120K)] 401093K->334069K(748032K), 0.0030368 secs] [Times: user=0.01 sys=0.00, real=0.00 secs] 
485.001: [GC (Allocation Failure) [PSYoungGen: 68512K->1376K(69120K)] 401141K->334005K(748032K), 0.0024666 secs] [Times: user=0.01 sys=0.00, real=0.01 secs] 
485.312: [GC (Allocation Failure) [PSYoungGen: 68448K->1408K(69120K)] 401077K->334053K(748032K), 0.0019138 secs] [Times: user=0.01 sys=0.00, real=0.01 secs] 
485.591: [GC (Allocation Failure) [PSYoungGen: 68480K->1344K(69120K)] 401125K->333989K(748032K), 0.0019855 secs] [Times: user=0.01 sys=0.00, real=0.00 secs] 
486.859: [GC (Allocation Failure) [PSYoungGen: 68416K->1472K(69120K)] 401061K->336165K(748032K), 0.0018035 secs] [Times: user=0.01 sys=0.00, real=0.00 secs] 
487.489: [GC (Allocation Failure) [PSYoungGen: 68544K->1408K(69120K)] 403237K->336101K(748032K), 0.0016453 secs] [Times: user=0.01 sys=0.00, real=0.00 secs] 
487.774: [GC (Allocation Failure) [PSYoungGen: 68480K->1344K(69120K)] 403173K->336037K(748032K), 0.0030336 secs] [Times: user=0.02 sys=0.00, real=0.00 secs] 
488.229: [GC (Allocation Failure) [PSYoungGen: 68416K->1376K(69120K)] 403109K->336069K(748032K), 0.0026232 secs] [Times: user=0.01 sys=0.00, real=0.00 secs] 
488.880: [GC (Allocation Failure) [PSYoungGen: 68448K->1392K(69120K)] 403141K->336085K(748032K), 0.0015559 secs] [Times: user=0.00 sys=0.00, real=0.00 secs] 
490.730: [GC (Allocation Failure) [PSYoungGen: 68464K->1408K(69120K)] 403157K->336117K(748032K), 0.0029490 secs] [Times: user=0.02 sys=0.00, real=0.01 secs] 
491.274: [GC (Allocation Failure) [PSYoungGen: 68480K->1344K(69120K)] 403189K->336053K(748032K), 0.0027039 secs] [Times: user=0.01 sys=0.00, real=0.00 secs] 
491.859: [GC (Allocation Failure) [PSYoungGen: 68416K->1376K(69120K)] 403125K->336085K(748032K), 0.0026058 secs] [Times: user=0.02 sys=0.00, real=0.00 secs] 
492.633: [GC (Allocation Failure) [PSYoungGen: 68448K->1376K(69120K)] 403157K->336085K(748032K), 0.0025551 secs] [Times: user=0.01 sys=0.01, real=0.00 secs] 
493.813: [GC (Allocation Failure) [PSYoungGen: 68448K->1440K(69120K)] 403157K->336157K(748032K), 0.0017149 secs] [Times: user=0.00 sys=0.00, real=0.01 secs] 
494.102: [GC (Allocation Failure) [PSYoungGen: 68512K->1344K(69120K)] 403229K->336061K(748032K), 0.0017976 secs] [Times: user=0.00 sys=0.00, real=0.01 secs] 
494.399: [GC (Allocation Failure) [PSYoungGen: 68416K->1344K(69120K)] 403133K->336061K(748032K), 0.0017435 secs] [Times: user=0.01 sys=0.00, real=0.00 secs] 
494.684: [GC (Allocation Failure) [PSYoungGen: 68416K->1408K(69120K)] 403133K->336125K(748032K), 0.0018524 secs] [Times: user=0.00 sys=0.00, real=0.00 secs] 
495.949: [GC (Allocation Failure) [PSYoungGen: 68480K->1408K(69120K)] 403197K->336133K(748032K), 0.0018228 secs] [Times: user=0.01 sys=0.00, real=0.00 secs] 
496.861: [GC (Allocation Failure) [PSYoungGen: 68480K->1344K(68608K)] 403205K->336069K(747520K), 0.0023783 secs] [Times: user=0.01 sys=0.00, real=0.01 secs] 
497.480: [GC (Allocation Failure) [PSYoungGen: 68416K->1376K(68608K)] 403141K->336101K(747520K), 0.0021743 secs] [Times: user=0.00 sys=0.00, real=0.00 secs] 
498.011: [GC (Allocation Failure) [PSYoungGen: 68448K->1376K(68608K)] 403173K->336117K(747520K), 0.0020643 secs] [Times: user=0.01 sys=0.00, real=0.00 secs] 
500.023: [GC (Allocation Failure) [PSYoungGen: 68448K->1440K(68608K)] 403189K->336181K(747520K), 0.0061509 secs] [Times: user=0.02 sys=0.00, real=0.00 secs] 
501.289: [GC (Allocation Failure) [PSYoungGen: 68512K->1440K(68608K)] 403253K->336189K(747520K), 0.0030625 secs] [Times: user=0.01 sys=0.00, real=0.00 secs] 
501.579: [GC (Allocation Failure) [PSYoungGen: 68512K->1408K(68608K)] 403261K->336173K(747520K), 0.0023794 secs] [Times: user=0.01 sys=0.00, real=0.00 secs] 
501.956: [GC (Allocation Failure) [PSYoungGen: 68480K->1408K(68608K)] 403245K->336181K(747520K), 0.0018467 secs] [Times: user=0.01 sys=0.00, real=0.00 secs] 
503.156: [GC (Allocation Failure) [PSYoungGen: 68480K->1440K(68608K)] 403253K->337237K(747520K), 0.0017411 secs] [Times: user=0.01 sys=0.00, real=0.00 secs] 
503.523: [GC (Allocation Failure) [PSYoungGen: 68512K->1472K(68608K)] 404309K->337269K(747520K), 0.0017951 secs] [Times: user=0.01 sys=0.00, real=0.00 secs] 
504.053: [GC (Allocation Failure) [PSYoungGen: 68544K->1408K(68608K)] 404341K->337205K(747520K), 0.0037540 secs] [Times: user=0.01 sys=0.00, real=0.00 secs] 
504.670: [GC (Allocation Failure) [PSYoungGen: 68480K->1376K(68608K)] 404277K->337181K(747520K), 0.0027808 secs] [Times: user=0.01 sys=0.00, real=0.01 secs] 
505.225: [GC (Allocation Failure) [PSYoungGen: 68448K->1440K(68608K)] 404253K->337245K(747520K), 0.0026696 secs] [Times: user=0.01 sys=0.00, real=0.00 secs] 
506.664: [GC (Allocation Failure) [PSYoungGen: 68512K->1408K(68608K)] 404317K->337213K(747520K), 0.0017902 secs] [Times: user=0.01 sys=0.00, real=0.00 secs] 
506.962: [GC (Allocation Failure) [PSYoungGen: 68480K->1360K(68608K)] 404285K->337165K(747520K), 0.0024673 secs] [Times: user=0.01 sys=0.00, real=0.01 secs] 
507.249: [GC (Allocation Failure) [PSYoungGen: 68432K->1344K(68608K)] 404237K->337157K(747520K), 0.0022211 secs] [Times: user=0.01 sys=0.00, real=0.00 secs] 
507.522: [GC (Allocation Failure) [PSYoungGen: 68416K->1408K(68608K)] 404229K->337221K(747520K), 0.0019464 secs] [Times: user=0.01 sys=0.00, real=0.01 secs] 
508.808: [GC (Allocation Failure) [PSYoungGen: 68480K->1408K(68608K)] 404293K->337221K(747520K), 0.0024511 secs] [Times: user=0.01 sys=0.00, real=0.00 secs] 
509.399: [GC (Allocation Failure) [PSYoungGen: 68480K->1408K(68608K)] 404293K->337221K(747520K), 0.0023700 secs] [Times: user=0.01 sys=0.00, real=0.00 secs] 
510.006: [GC (Allocation Failure) [PSYoungGen: 68480K->1376K(68608K)] 404293K->337197K(747520K), 0.0037978 secs] [Times: user=0.02 sys=0.00, real=0.00 secs] 
510.333: [GC (Allocation Failure) [PSYoungGen: 68448K->1408K(68608K)] 404269K->337229K(747520K), 0.0021998 secs] [Times: user=0.01 sys=0.00, real=0.01 secs] 
511.588: [GC (Allocation Failure) [PSYoungGen: 68480K->1440K(68608K)] 404301K->337261K(747520K), 0.0018064 secs] [Times: user=0.01 sys=0.00, real=0.00 secs] 
512.191: [GC (Allocation Failure) [PSYoungGen: 68512K->1344K(68608K)] 404333K->337165K(747520K), 0.0035288 secs] [Times: user=0.01 sys=0.00, real=0.01 secs] 
512.798: [GC (Allocation Failure) [PSYoungGen: 68416K->1360K(68608K)] 404237K->337181K(747520K), 0.0032193 secs] [Times: user=0.01 sys=0.01, real=0.00 secs] 
513.354: [GC (Allocation Failure) [PSYoungGen: 68432K->1376K(68608K)] 404253K->337197K(747520K), 0.0022257 secs] [Times: user=0.01 sys=0.00, real=0.00 secs] 
514.851: [GC (Allocation Failure) [PSYoungGen: 68448K->1408K(68608K)] 404269K->337229K(747520K), 0.0019662 secs] [Times: user=0.01 sys=0.00, real=0.01 secs] 
515.714: [GC (Allocation Failure) [PSYoungGen: 68480K->1440K(68608K)] 404301K->337261K(747520K), 0.0026812 secs] [Times: user=0.01 sys=0.00, real=0.00 secs] 
516.473: [GC (Allocation Failure) [PSYoungGen: 68512K->1376K(68608K)] 404333K->337197K(747520K), 0.0030964 secs] [Times: user=0.01 sys=0.00, real=0.00 secs] 
517.263: [GC (Allocation Failure) [PSYoungGen: 68448K->1344K(68608K)] 404269K->337165K(747520K), 0.0031380 secs] [Times: user=0.02 sys=0.01, real=0.00 secs] 
518.922: [GC (Allocation Failure) [PSYoungGen: 68416K->1504K(68608K)] 404237K->337429K(747520K), 0.0018927 secs] [Times: user=0.00 sys=0.00, real=0.01 secs] 
519.397: [GC (Allocation Failure) [PSYoungGen: 68576K->1328K(69120K)] 404501K->337253K(748032K), 0.0020150 secs] [Times: user=0.01 sys=0.00, real=0.00 secs] 
519.676: [GC (Allocation Failure) [PSYoungGen: 68400K->1344K(69120K)] 404325K->337269K(748032K), 0.0020349 secs] [Times: user=0.01 sys=0.00, real=0.00 secs] 
520.215: [GC (Allocation Failure) [PSYoungGen: 68416K->1312K(69120K)] 404341K->337245K(748032K), 0.0019500 secs] [Times: user=0.01 sys=0.00, real=0.00 secs] 
520.822: [GC (Allocation Failure) [PSYoungGen: 68384K->1376K(68608K)] 404317K->337309K(747520K), 0.0021783 secs] [Times: user=0.00 sys=0.00, real=0.01 secs] 
521.944: [GC (Allocation Failure) [PSYoungGen: 68448K->1533K(68096K)] 404381K->337490K(747008K), 0.0019463 secs] [Times: user=0.01 sys=0.00, real=0.00 secs] 
522.229: [GC (Allocation Failure) [PSYoungGen: 68093K->1565K(68608K)] 404050K->337522K(747520K), 0.0019668 secs] [Times: user=0.01 sys=0.00, real=0.00 secs] 
522.532: [GC (Allocation Failure) [PSYoungGen: 68125K->1581K(68608K)] 404082K->337538K(747520K), 0.0018689 secs] [Times: user=0.00 sys=0.00, real=0.01 secs] 
522.815: [GC (Allocation Failure) [PSYoungGen: 68141K->1565K(68608K)] 404098K->337522K(747520K), 0.0018896 secs] [Times: user=0.01 sys=0.00, real=0.00 secs] 
524.323: [GC (Allocation Failure) [PSYoungGen: 68125K->1818K(68608K)] 404082K->337775K(747520K), 0.0027592 secs] [Times: user=0.02 sys=0.00, real=0.00 secs] 
524.850: [GC (Allocation Failure) [PSYoungGen: 68378K->1786K(68608K)] 404335K->337743K(747520K), 0.0030374 secs] [Times: user=0.01 sys=0.00, real=0.01 secs] 
525.447: [GC (Allocation Failure) [PSYoungGen: 68346K->1786K(68608K)] 404303K->337751K(747520K), 0.0024435 secs] [Times: user=0.01 sys=0.00, real=0.00 secs] 
525.999: [GC (Allocation Failure) [PSYoungGen: 68346K->1786K(68608K)] 404311K->337751K(747520K), 0.0025693 secs] [Times: user=0.01 sys=0.00, real=0.00 secs] 
527.111: [GC (Allocation Failure) [PSYoungGen: 68346K->1866K(68096K)] 404311K->337831K(747008K), 0.0020563 secs] [Times: user=0.01 sys=0.00, real=0.00 secs] 
527.683: [GC (Allocation Failure) [PSYoungGen: 67914K->1802K(68608K)] 403879K->337767K(747520K), 0.0022329 secs] [Times: user=0.01 sys=0.00, real=0.00 secs] 
528.408: [GC (Allocation Failure) [PSYoungGen: 67850K->1677K(68608K)] 403815K->337800K(747520K), 0.0024010 secs] [Times: user=0.01 sys=0.00, real=0.00 secs] 
529.262: [GC (Allocation Failure) [PSYoungGen: 67725K->1645K(68096K)] 403848K->337768K(747008K), 0.0026236 secs] [Times: user=0.01 sys=0.00, real=0.01 secs] 
530.688: [GC (Allocation Failure) [PSYoungGen: 67693K->2045K(67584K)] 403816K->338269K(746496K), 0.0020235 secs] [Times: user=0.01 sys=0.00, real=0.00 secs] 
531.345: [GC (Allocation Failure) [PSYoungGen: 67581K->1597K(68096K)] 403805K->337821K(747008K), 0.0021690 secs] [Times: user=0.01 sys=0.00, real=0.00 secs] 
531.911: [GC (Allocation Failure) [PSYoungGen: 67133K->1565K(68096K)] 403357K->337789K(747008K), 0.0024736 secs] [Times: user=0.01 sys=0.00, real=0.01 secs] 
532.478: [GC (Allocation Failure) [PSYoungGen: 67101K->1376K(68096K)] 403325K->337865K(747008K), 0.0023919 secs] [Times: user=0.01 sys=0.00, real=0.00 secs] 
532.827: [GC (Allocation Failure) [PSYoungGen: 66912K->1328K(68096K)] 403401K->337817K(747008K), 0.0019462 secs] [Times: user=0.01 sys=0.00, real=0.00 secs] 
534.942: [GC (Allocation Failure) [PSYoungGen: 66864K->1565K(68096K)] 403353K->338062K(747008K), 0.0035822 secs] [Times: user=0.01 sys=0.00, real=0.01 secs] 
535.737: [GC (Allocation Failure) [PSYoungGen: 67101K->1520K(67072K)] 403598K->338017K(745984K), 0.0028057 secs] [Times: user=0.01 sys=0.01, real=0.00 secs] 
536.146: [GC (Allocation Failure) [PSYoungGen: 67056K->1472K(67584K)] 403553K->338014K(746496K), 0.0020585 secs] [Times: user=0.00 sys=0.00, real=0.00 secs] 
536.466: [GC (Allocation Failure) [PSYoungGen: 67008K->1440K(67584K)] 403550K->337982K(746496K), 0.0018161 secs] [Times: user=0.01 sys=0.00, real=0.00 secs] 
537.721: [GC (Allocation Failure) [PSYoungGen: 66976K->1504K(67584K)] 403518K->338046K(746496K), 0.0015193 secs] [Times: user=0.01 sys=0.00, real=0.00 secs] 
538.325: [GC (Allocation Failure) [PSYoungGen: 67040K->1504K(67584K)] 403582K->338046K(746496K), 0.0034799 secs] [Times: user=0.01 sys=0.00, real=0.00 secs] 
538.671: [GC (Allocation Failure) [PSYoungGen: 67040K->1456K(67584K)] 403582K->337998K(746496K), 0.0019863 secs] [Times: user=0.01 sys=0.00, real=0.01 secs] 
538.943: [GC (Allocation Failure) [PSYoungGen: 66992K->1472K(67584K)] 403534K->338014K(746496K), 0.0018454 secs] [Times: user=0.01 sys=0.00, real=0.00 secs] 
540.200: [GC (Allocation Failure) [PSYoungGen: 67008K->1472K(67584K)] 403550K->338022K(746496K), 0.0018604 secs] [Times: user=0.01 sys=0.00, real=0.00 secs] 
541.437: [GC (Allocation Failure) [PSYoungGen: 67008K->1472K(67584K)] 403558K->338022K(746496K), 0.0037322 secs] [Times: user=0.01 sys=0.00, real=0.00 secs] 
542.448: [GC (Allocation Failure) [PSYoungGen: 67008K->1408K(67584K)] 403558K->338054K(746496K), 0.0035562 secs] [Times: user=0.01 sys=0.00, real=0.00 secs] 
542.737: [GC (Allocation Failure) [PSYoungGen: 66944K->1408K(67584K)] 403590K->338054K(746496K), 0.0023020 secs] [Times: user=0.01 sys=0.00, real=0.00 secs] 
543.054: [GC (Allocation Failure) [PSYoungGen: 66944K->1408K(67584K)] 403590K->338054K(746496K), 0.0020480 secs] [Times: user=0.00 sys=0.00, real=0.00 secs] 
544.427: [GC (Allocation Failure) [PSYoungGen: 66944K->1440K(67584K)] 403590K->338086K(746496K), 0.0020379 secs] [Times: user=0.01 sys=0.00, real=0.00 secs] 
545.060: [GC (Allocation Failure) [PSYoungGen: 66976K->1408K(67584K)] 403622K->338054K(746496K), 0.0023290 secs] [Times: user=0.01 sys=0.00, real=0.00 secs] 
545.442: [GC (Allocation Failure) [PSYoungGen: 66944K->1376K(67584K)] 403590K->338030K(746496K), 0.0021443 secs] [Times: user=0.01 sys=0.00, real=0.01 secs] 
546.163: [GC (Allocation Failure) [PSYoungGen: 66912K->1408K(67584K)] 403566K->338062K(746496K), 0.0032799 secs] [Times: user=0.02 sys=0.00, real=0.00 secs] 
547.852: [GC (Allocation Failure) [PSYoungGen: 66944K->1440K(67584K)] 403598K->338094K(746496K), 0.0021244 secs] [Times: user=0.00 sys=0.00, real=0.01 secs] 
548.451: [GC (Allocation Failure) [PSYoungGen: 66976K->1408K(67584K)] 403630K->338062K(746496K), 0.0020121 secs] [Times: user=0.01 sys=0.00, real=0.01 secs] 
549.016: [GC (Allocation Failure) [PSYoungGen: 66944K->1376K(67584K)] 403598K->338030K(746496K), 0.0020720 secs] [Times: user=0.01 sys=0.00, real=0.00 secs] 
549.292: [GC (Allocation Failure) [PSYoungGen: 66912K->1408K(67584K)] 403566K->338078K(746496K), 0.0023090 secs] [Times: user=0.01 sys=0.00, real=0.01 secs] 
550.457: [GC (Allocation Failure) [PSYoungGen: 66944K->1408K(67584K)] 403614K->338078K(746496K), 0.0017368 secs] [Times: user=0.00 sys=0.00, real=0.00 secs] 
551.256: [GC (Allocation Failure) [PSYoungGen: 66944K->1408K(67584K)] 403614K->338078K(746496K), 0.0026572 secs] [Times: user=0.01 sys=0.00, real=0.00 secs] 
552.090: [GC (Allocation Failure) [PSYoungGen: 66944K->1344K(67584K)] 403614K->338022K(746496K), 0.0032230 secs] [Times: user=0.01 sys=0.00, real=0.01 secs] 
552.926: [GC (Allocation Failure) [PSYoungGen: 66880K->1408K(67584K)] 403558K->338086K(746496K), 0.0029838 secs] [Times: user=0.01 sys=0.00, real=0.00 secs] 
553.371: [GC (Allocation Failure) [PSYoungGen: 66944K->1312K(67584K)] 403622K->337990K(746496K), 0.0035132 secs] [Times: user=0.01 sys=0.00, real=0.01 secs] 
554.964: [GC (Allocation Failure) [PSYoungGen: 66848K->1408K(67584K)] 403526K->338086K(746496K), 0.0018606 secs] [Times: user=0.01 sys=0.00, real=0.00 secs] 
555.694: [GC (Allocation Failure) [PSYoungGen: 66944K->1376K(67584K)] 403622K->338054K(746496K), 0.0024387 secs] [Times: user=0.01 sys=0.00, real=0.00 secs] 
556.256: [GC (Allocation Failure) [PSYoungGen: 66912K->1408K(67584K)] 403590K->338094K(746496K), 0.0030601 secs] [Times: user=0.01 sys=0.00, real=0.00 secs] 
556.799: [GC (Allocation Failure) [PSYoungGen: 66944K->1408K(67584K)] 403630K->338094K(746496K), 0.0026166 secs] [Times: user=0.01 sys=0.00, real=0.00 secs] 
558.169: [GC (Allocation Failure) [PSYoungGen: 66944K->1440K(67584K)] 403630K->338126K(746496K), 0.0016994 secs] [Times: user=0.01 sys=0.00, real=0.00 secs] 
558.650: [GC (Allocation Failure) [PSYoungGen: 66976K->1376K(67584K)] 403662K->338062K(746496K), 0.0025522 secs] [Times: user=0.01 sys=0.00, real=0.00 secs] 
558.919: [GC (Allocation Failure) [PSYoungGen: 66912K->1408K(67072K)] 403598K->338094K(745984K), 0.0022169 secs] [Times: user=0.01 sys=0.00, real=0.00 secs] 
559.200: [GC (Allocation Failure) [PSYoungGen: 66944K->1408K(67072K)] 403630K->338102K(745984K), 0.0019745 secs] [Times: user=0.01 sys=0.00, real=0.00 secs] 
560.469: [GC (Allocation Failure) [PSYoungGen: 66944K->1440K(67072K)] 403638K->338134K(745984K), 0.0018676 secs] [Times: user=0.01 sys=0.00, real=0.00 secs] 
561.161: [GC (Allocation Failure) [PSYoungGen: 66976K->1408K(67072K)] 403670K->338102K(745984K), 0.0019630 secs] [Times: user=0.01 sys=0.00, real=0.01 secs] 
561.808: [GC (Allocation Failure) [PSYoungGen: 66944K->1408K(67072K)] 403638K->338102K(745984K), 0.0026223 secs] [Times: user=0.01 sys=0.00, real=0.00 secs] 
562.517: [GC (Allocation Failure) [PSYoungGen: 66944K->1392K(67072K)] 403638K->338094K(745984K), 0.0032467 secs] [Times: user=0.02 sys=0.00, real=0.00 secs] 
563.911: [GC (Allocation Failure) [PSYoungGen: 66928K->1344K(67072K)] 403630K->338046K(745984K), 0.0015610 secs] [Times: user=0.00 sys=0.00, real=0.01 secs] 
564.254: [GC (Allocation Failure) [PSYoungGen: 66880K->1376K(67072K)] 403582K->338078K(745984K), 0.0017880 secs] [Times: user=0.00 sys=0.00, real=0.00 secs] 
564.526: [GC (Allocation Failure) [PSYoungGen: 66912K->1408K(67072K)] 403614K->338110K(745984K), 0.0016707 secs] [Times: user=0.01 sys=0.00, real=0.00 secs] 
564.797: [GC (Allocation Failure) [PSYoungGen: 66944K->1408K(67072K)] 403646K->338110K(745984K), 0.0017931 secs] [Times: user=0.01 sys=0.00, real=0.00 secs] 
565.070: [GC (Allocation Failure) [PSYoungGen: 66944K->1376K(67072K)] 403646K->338078K(745984K), 0.0015439 secs] [Times: user=0.00 sys=0.00, real=0.00 secs] 
566.786: [GC (Allocation Failure) [PSYoungGen: 66912K->1408K(67072K)] 403614K->338110K(745984K), 0.0025912 secs] [Times: user=0.01 sys=0.00, real=0.00 secs] 
567.787: [GC (Allocation Failure) [PSYoungGen: 66944K->1376K(67072K)] 403646K->338078K(745984K), 0.0040973 secs] [Times: user=0.02 sys=0.00, real=0.00 secs] 
568.430: [GC (Allocation Failure) [PSYoungGen: 66912K->1392K(67072K)] 403614K->338102K(745984K), 0.0030540 secs] [Times: user=0.01 sys=0.00, real=0.01 secs] 
568.877: [GC (Allocation Failure) [PSYoungGen: 66928K->1408K(67072K)] 403638K->338118K(745984K), 0.0022668 secs] [Times: user=0.01 sys=0.00, real=0.00 secs] 
570.276: [GC (Allocation Failure) [PSYoungGen: 66944K->1376K(67072K)] 403654K->338086K(745984K), 0.0032797 secs] [Times: user=0.01 sys=0.00, real=0.00 secs] 
571.061: [GC (Allocation Failure) [PSYoungGen: 66912K->1360K(67072K)] 403622K->338070K(745984K), 0.0030476 secs] [Times: user=0.01 sys=0.00, real=0.01 secs] 
571.900: [GC (Allocation Failure) [PSYoungGen: 66896K->1344K(67072K)] 403606K->338054K(745984K), 0.0020445 secs] [Times: user=0.01 sys=0.00, real=0.00 secs] 
572.293: [GC (Allocation Failure) [PSYoungGen: 66880K->1392K(67072K)] 403590K->338102K(745984K), 0.0022086 secs] [Times: user=0.01 sys=0.00, real=0.00 secs] 
573.777: [GC (Allocation Failure) [PSYoungGen: 66928K->1504K(66560K)] 403638K->338418K(745472K), 0.0020051 secs] [Times: user=0.00 sys=0.00, real=0.00 secs] 
574.091: [GC (Allocation Failure) [PSYoungGen: 66528K->1312K(67072K)] 403442K->338226K(745984K), 0.0018773 secs] [Times: user=0.00 sys=0.00, real=0.00 secs] 
574.366: [GC (Allocation Failure) [PSYoungGen: 66336K->1344K(67072K)] 403250K->338258K(745984K), 0.0042727 secs] [Times: user=0.03 sys=0.00, real=0.00 secs] 
574.645: [GC (Allocation Failure) [PSYoungGen: 66368K->1280K(67072K)] 403282K->338202K(745984K), 0.0026585 secs] [Times: user=0.01 sys=0.00, real=0.00 secs] 
574.919: [GC (Allocation Failure) [PSYoungGen: 66304K->1280K(67072K)] 403226K->338210K(745984K), 0.0026619 secs] [Times: user=0.01 sys=0.00, real=0.00 secs] 
576.078: [GC (Allocation Failure) [PSYoungGen: 66304K->1568K(67072K)] 403234K->338498K(745984K), 0.0018494 secs] [Times: user=0.01 sys=0.00, real=0.00 secs] 
576.528: [GC (Allocation Failure) [PSYoungGen: 66592K->1472K(67072K)] 403522K->338402K(745984K), 0.0023408 secs] [Times: user=0.01 sys=0.00, real=0.00 secs] 
577.132: [GC (Allocation Failure) [PSYoungGen: 66496K->1536K(67072K)] 403426K->338466K(745984K), 0.0032650 secs] [Times: user=0.01 sys=0.00, real=0.01 secs] 
577.707: [GC (Allocation Failure) [PSYoungGen: 66560K->1552K(67072K)] 403490K->338482K(745984K), 0.0027241 secs] [Times: user=0.01 sys=0.00, real=0.00 secs] 
579.035: [GC (Allocation Failure) [PSYoungGen: 66576K->1552K(67072K)] 403506K->338490K(745984K), 0.0015824 secs] [Times: user=0.01 sys=0.00, real=0.00 secs] 
579.683: [GC (Allocation Failure) [PSYoungGen: 66576K->1520K(67072K)] 403514K->338458K(745984K), 0.0027138 secs] [Times: user=0.01 sys=0.00, real=0.00 secs] 
580.382: [GC (Allocation Failure) [PSYoungGen: 66544K->1504K(67072K)] 403482K->338442K(745984K), 0.0026183 secs] [Times: user=0.01 sys=0.00, real=0.01 secs] 
580.934: [GC (Allocation Failure) [PSYoungGen: 66528K->1520K(67072K)] 403466K->338458K(745984K), 0.0031440 secs] [Times: user=0.02 sys=0.00, real=0.00 secs] 
582.242: [GC (Allocation Failure) [PSYoungGen: 66544K->1728K(67072K)] 403482K->338674K(745984K), 0.0017667 secs] [Times: user=0.00 sys=0.00, real=0.01 secs] 
582.820: [GC (Allocation Failure) [PSYoungGen: 66752K->1552K(67072K)] 403698K->338498K(745984K), 0.0028861 secs] [Times: user=0.02 sys=0.00, real=0.01 secs] 
583.369: [GC (Allocation Failure) [PSYoungGen: 66576K->1408K(67072K)] 403522K->338496K(745984K), 0.0023050 secs] [Times: user=0.01 sys=0.00, real=0.00 secs] 
583.874: [GC (Allocation Failure) [PSYoungGen: 66432K->1376K(67072K)] 403520K->338464K(745984K), 0.0023582 secs] [Times: user=0.01 sys=0.00, real=0.00 secs] 
584.306: [GC (Allocation Failure) [PSYoungGen: 66400K->1392K(67072K)] 403488K->338488K(745984K), 0.0022713 secs] [Times: user=0.01 sys=0.00, real=0.00 secs] 
585.876: [GC (Allocation Failure) [PSYoungGen: 66416K->1440K(67072K)] 403512K->338536K(745984K), 0.0034659 secs] [Times: user=0.01 sys=0.00, real=0.00 secs] 
586.832: [GC (Allocation Failure) [PSYoungGen: 66464K->1376K(67072K)] 403560K->338472K(745984K), 0.0050899 secs] [Times: user=0.02 sys=0.00, real=0.01 secs] 
587.432: [GC (Allocation Failure) [PSYoungGen: 66400K->1376K(67072K)] 403496K->338472K(745984K), 0.0036509 secs] [Times: user=0.02 sys=0.00, real=0.01 secs] 
588.019: [GC (Allocation Failure) [PSYoungGen: 66400K->1376K(67072K)] 403496K->338472K(745984K), 0.0023119 secs] [Times: user=0.01 sys=0.00, real=0.00 secs] 
589.380: [GC (Allocation Failure) [PSYoungGen: 66400K->1440K(67072K)] 403496K->338536K(745984K), 0.0017437 secs] [Times: user=0.01 sys=0.00, real=0.00 secs] 
589.947: [GC (Allocation Failure) [PSYoungGen: 66464K->1376K(67072K)] 403560K->338472K(745984K), 0.0026744 secs] [Times: user=0.01 sys=0.00, real=0.00 secs] 
590.250: [GC (Allocation Failure) [PSYoungGen: 66400K->1408K(67072K)] 403496K->338512K(745984K), 0.0020213 secs] [Times: user=0.01 sys=0.00, real=0.00 secs] 
590.572: [GC (Allocation Failure) [PSYoungGen: 66432K->1440K(67072K)] 403536K->338544K(745984K), 0.0019132 secs] [Times: user=0.01 sys=0.00, real=0.01 secs] 
591.495: [GC (Allocation Failure) [PSYoungGen: 66464K->1408K(67072K)] 403568K->338512K(745984K), 0.0017664 secs] [Times: user=0.01 sys=0.00, real=0.00 secs] 
592.787: [GC (Allocation Failure) [PSYoungGen: 66432K->1408K(67072K)] 403536K->338512K(745984K), 0.0030824 secs] [Times: user=0.01 sys=0.00, real=0.00 secs] 
593.319: [GC (Allocation Failure) [PSYoungGen: 66432K->1408K(67072K)] 403536K->338536K(745984K), 0.0026452 secs] [Times: user=0.01 sys=0.00, real=0.00 secs] 
593.590: [GC (Allocation Failure) [PSYoungGen: 66432K->1408K(67072K)] 403560K->338536K(745984K), 0.0019897 secs] [Times: user=0.01 sys=0.00, real=0.00 secs] 
593.860: [GC (Allocation Failure) [PSYoungGen: 66432K->1408K(67072K)] 403560K->338536K(745984K), 0.0018326 secs] [Times: user=0.00 sys=0.00, real=0.00 secs] 
594.818: [GC (Allocation Failure) [PSYoungGen: 66432K->1376K(67072K)] 403560K->338512K(745984K), 0.0018213 secs] [Times: user=0.01 sys=0.00, real=0.00 secs] 
595.088: [GC (Allocation Failure) [PSYoungGen: 66400K->1408K(66560K)] 403536K->338544K(745472K), 0.0015793 secs] [Times: user=0.01 sys=0.00, real=0.00 secs] 
595.358: [GC (Allocation Failure) [PSYoungGen: 66432K->1344K(66560K)] 403568K->338480K(745472K), 0.0016037 secs] [Times: user=0.01 sys=0.00, real=0.00 secs] 
595.710: [GC (Allocation Failure) [PSYoungGen: 66368K->384K(66048K)] 403504K->338544K(744960K), 0.0019110 secs] [Times: user=0.00 sys=0.00, real=0.00 secs] 
596.930: [GC (Allocation Failure) [PSYoungGen: 65408K->1440K(67072K)] 403568K->339600K(745984K), 0.0017531 secs] [Times: user=0.01 sys=0.00, real=0.00 secs] 
597.493: [GC (Allocation Failure) [PSYoungGen: 66464K->1376K(67072K)] 404624K->339536K(745984K), 0.0018594 secs] [Times: user=0.01 sys=0.00, real=0.01 secs] 
598.037: [GC (Allocation Failure) [PSYoungGen: 66400K->1408K(67072K)] 404560K->339592K(745984K), 0.0026575 secs] [Times: user=0.01 sys=0.00, real=0.00 secs] 
598.608: [GC (Allocation Failure) [PSYoungGen: 66432K->1344K(67072K)] 404616K->339528K(745984K), 0.0030233 secs] [Times: user=0.01 sys=0.00, real=0.00 secs] 
599.884: [GC (Allocation Failure) [PSYoungGen: 66368K->128K(67072K)] 404552K->338312K(745984K), 0.0014611 secs] [Times: user=0.00 sys=0.00, real=0.00 secs] 
600.466: [GC (Allocation Failure) [PSYoungGen: 65152K->1408K(67072K)] 403336K->339592K(745984K), 0.0017664 secs] [Times: user=0.01 sys=0.00, real=0.00 secs] 
601.015: [GC (Allocation Failure) [PSYoungGen: 66432K->1408K(67072K)] 404616K->339592K(745984K), 0.0026723 secs] [Times: user=0.02 sys=0.00, real=0.00 secs] 
601.580: [GC (Allocation Failure) [PSYoungGen: 66432K->1408K(67072K)] 404616K->339592K(745984K), 0.0024740 secs] [Times: user=0.01 sys=0.01, real=0.00 secs] 
602.247: [GC (Allocation Failure) [PSYoungGen: 66432K->1408K(67072K)] 404616K->339592K(745984K), 0.0021375 secs] [Times: user=0.01 sys=0.00, real=0.00 secs] 
603.599: [GC (Allocation Failure) [PSYoungGen: 66432K->1376K(67072K)] 404616K->339560K(745984K), 0.0015480 secs] [Times: user=0.01 sys=0.00, real=0.00 secs] 
604.194: [GC (Allocation Failure) [PSYoungGen: 66400K->1376K(67072K)] 404584K->339560K(745984K), 0.0031518 secs] [Times: user=0.01 sys=0.00, real=0.00 secs] 
604.707: [GC (Allocation Failure) [PSYoungGen: 66400K->1440K(67072K)] 404584K->339632K(745984K), 0.0030272 secs] [Times: user=0.01 sys=0.00, real=0.00 secs] 
605.326: [GC (Allocation Failure) [PSYoungGen: 66464K->1344K(67072K)] 404656K->339536K(745984K), 0.0025819 secs] [Times: user=0.01 sys=0.00, real=0.00 secs] 
606.817: [GC (Allocation Failure) [PSYoungGen: 66368K->1344K(67072K)] 404560K->339536K(745984K), 0.0026311 secs] [Times: user=0.01 sys=0.00, real=0.00 secs] 
607.358: [GC (Allocation Failure) [PSYoungGen: 66368K->1344K(67072K)] 404560K->339536K(745984K), 0.0028682 secs] [Times: user=0.01 sys=0.00, real=0.00 secs] 
607.623: [GC (Allocation Failure) [PSYoungGen: 66368K->1376K(67072K)] 404560K->339568K(745984K), 0.0026921 secs] [Times: user=0.01 sys=0.00, real=0.00 secs] 
607.894: [GC (Allocation Failure) [PSYoungGen: 66400K->1392K(67072K)] 404592K->339584K(745984K), 0.0019525 secs] [Times: user=0.01 sys=0.00, real=0.00 secs] 
608.164: [GC (Allocation Failure) [PSYoungGen: 66416K->1408K(67072K)] 404608K->339608K(745984K), 0.0033414 secs] [Times: user=0.01 sys=0.01, real=0.00 secs] 
609.116: [GC (Allocation Failure) [PSYoungGen: 66432K->1440K(67072K)] 404632K->339656K(745984K), 0.0015959 secs] [Times: user=0.01 sys=0.00, real=0.00 secs] 
609.385: [GC (Allocation Failure) [PSYoungGen: 66464K->1344K(67072K)] 404680K->339568K(745984K), 0.0014548 secs] [Times: user=0.01 sys=0.00, real=0.00 secs] 
609.837: [GC (Allocation Failure) [PSYoungGen: 66368K->1408K(67072K)] 404592K->339632K(745984K), 0.0020995 secs] [Times: user=0.01 sys=0.00, real=0.00 secs] 
610.312: [GC (Allocation Failure) [PSYoungGen: 66432K->1440K(67072K)] 404656K->339664K(745984K), 0.0021774 secs] [Times: user=0.01 sys=0.00, real=0.01 secs] 
611.436: [GC (Allocation Failure) [PSYoungGen: 66464K->1440K(67072K)] 404688K->339664K(745984K), 0.0018548 secs] [Times: user=0.01 sys=0.00, real=0.00 secs] 
611.955: [GC (Allocation Failure) [PSYoungGen: 66464K->1408K(67072K)] 404688K->339632K(745984K), 0.0029284 secs] [Times: user=0.01 sys=0.00, real=0.00 secs] 
612.566: [GC (Allocation Failure) [PSYoungGen: 66432K->1376K(67072K)] 404656K->339600K(745984K), 0.0031673 secs] [Times: user=0.01 sys=0.00, real=0.00 secs] 
613.338: [GC (Allocation Failure) [PSYoungGen: 66400K->1408K(67072K)] 404624K->339632K(745984K), 0.0034276 secs] [Times: user=0.02 sys=0.00, real=0.00 secs] 
614.791: [GC (Allocation Failure) [PSYoungGen: 66432K->1408K(67072K)] 404656K->339640K(745984K), 0.0016707 secs] [Times: user=0.01 sys=0.00, real=0.00 secs] 
615.667: [GC (Allocation Failure) [PSYoungGen: 66432K->1392K(67072K)] 404664K->339624K(745984K), 0.0017979 secs] [Times: user=0.01 sys=0.00, real=0.00 secs] 
616.474: [GC (Allocation Failure) [PSYoungGen: 66416K->1408K(67072K)] 404648K->339640K(745984K), 0.0019454 secs] [Times: user=0.01 sys=0.00, real=0.00 secs] 
617.265: [GC (Allocation Failure) [PSYoungGen: 66432K->1376K(67072K)] 404664K->339616K(745984K), 0.0038818 secs] [Times: user=0.02 sys=0.00, real=0.00 secs] 
617.972: [GC (Allocation Failure) [PSYoungGen: 66400K->1344K(66560K)] 404640K->339584K(745472K), 0.0029107 secs] [Times: user=0.01 sys=0.00, real=0.01 secs] 
619.499: [GC (Allocation Failure) [PSYoungGen: 66368K->1440K(66560K)] 404608K->339680K(745472K), 0.0018057 secs] [Times: user=0.00 sys=0.00, real=0.00 secs] 
619.986: [GC (Allocation Failure) [PSYoungGen: 66464K->1424K(66560K)] 404704K->339672K(745472K), 0.0019726 secs] [Times: user=0.01 sys=0.00, real=0.00 secs] 
620.257: [GC (Allocation Failure) [PSYoungGen: 66448K->1408K(66560K)] 404696K->339664K(745472K), 0.0018897 secs] [Times: user=0.01 sys=0.00, real=0.00 secs] 
620.528: [GC (Allocation Failure) [PSYoungGen: 66432K->1408K(66560K)] 404688K->339664K(745472K), 0.0018361 secs] [Times: user=0.00 sys=0.00, real=0.00 secs] 
621.694: [GC (Allocation Failure) [PSYoungGen: 66432K->1472K(66560K)] 404688K->339728K(745472K), 0.0017238 secs] [Times: user=0.01 sys=0.00, real=0.00 secs] 
622.424: [GC (Allocation Failure) [PSYoungGen: 66496K->1440K(66560K)] 404752K->339696K(745472K), 0.0038164 secs] [Times: user=0.02 sys=0.00, real=0.00 secs] 
623.253: [GC (Allocation Failure) [PSYoungGen: 66464K->1440K(67072K)] 404720K->339696K(745984K), 0.0031921 secs] [Times: user=0.02 sys=0.00, real=0.00 secs] 
624.018: [GC (Allocation Failure) [PSYoungGen: 66464K->1376K(66560K)] 404720K->339632K(745472K), 0.0040000 secs] [Times: user=0.02 sys=0.00, real=0.00 secs] 
626.430: [GC (Allocation Failure) [PSYoungGen: 66400K->1472K(66048K)] 404656K->339736K(744960K), 0.0026861 secs] [Times: user=0.01 sys=0.00, real=0.01 secs] 
627.014: [GC (Allocation Failure) [PSYoungGen: 65984K->1440K(66560K)] 404248K->339704K(745472K), 0.0030200 secs] [Times: user=0.01 sys=0.00, real=0.00 secs] 
627.367: [GC (Allocation Failure) [PSYoungGen: 65952K->1376K(66048K)] 404216K->339664K(744960K), 0.0018995 secs] [Times: user=0.00 sys=0.00, real=0.00 secs] 
627.635: [GC (Allocation Failure) [PSYoungGen: 65888K->1360K(66048K)] 404176K->339648K(744960K), 0.0019139 secs] [Times: user=0.01 sys=0.00, real=0.00 secs] 
627.917: [GC (Allocation Failure) [PSYoungGen: 65872K->352K(65536K)] 404160K->339664K(744448K), 0.0017834 secs] [Times: user=0.01 sys=0.00, real=0.00 secs] 
629.544: [GC (Allocation Failure) [PSYoungGen: 64864K->1376K(66560K)] 404176K->340688K(745472K), 0.0020747 secs] [Times: user=0.01 sys=0.00, real=0.00 secs] 
629.813: [GC (Allocation Failure) [PSYoungGen: 65888K->1408K(66560K)] 405200K->340720K(745472K), 0.0025432 secs] [Times: user=0.01 sys=0.00, real=0.00 secs] 
630.082: [GC (Allocation Failure) [PSYoungGen: 65920K->1408K(66560K)] 405232K->340728K(745472K), 0.0020143 secs] [Times: user=0.01 sys=0.00, real=0.01 secs] 
630.456: [GC (Allocation Failure) [PSYoungGen: 65920K->1344K(66560K)] 405240K->340664K(745472K), 0.0019098 secs] [Times: user=0.00 sys=0.00, real=0.00 secs] 
631.962: [GC (Allocation Failure) [PSYoungGen: 65856K->1440K(66560K)] 405176K->340760K(745472K), 0.0027617 secs] [Times: user=0.01 sys=0.00, real=0.01 secs] 
632.583: [GC (Allocation Failure) [PSYoungGen: 65952K->1376K(66560K)] 405272K->340696K(745472K), 0.0027919 secs] [Times: user=0.01 sys=0.00, real=0.01 secs] 
633.102: [GC (Allocation Failure) [PSYoungGen: 65888K->1376K(66560K)] 405208K->340696K(745472K), 0.0023020 secs] [Times: user=0.01 sys=0.00, real=0.01 secs] 
633.683: [GC (Allocation Failure) [PSYoungGen: 65888K->1408K(66560K)] 405208K->340728K(745472K), 0.0027396 secs] [Times: user=0.01 sys=0.00, real=0.01 secs] 
635.242: [GC (Allocation Failure) [PSYoungGen: 65920K->1952K(66560K)] 405240K->341272K(745472K), 0.0015952 secs] [Times: user=0.01 sys=0.00, real=0.01 secs] 
635.534: [GC (Allocation Failure) [PSYoungGen: 66464K->1408K(66560K)] 405784K->340728K(745472K), 0.0017952 secs] [Times: user=0.01 sys=0.00, real=0.00 secs] 
635.803: [GC (Allocation Failure) [PSYoungGen: 65920K->1376K(66560K)] 405240K->340720K(745472K), 0.0018053 secs] [Times: user=0.01 sys=0.00, real=0.01 secs] 
636.071: [GC (Allocation Failure) [PSYoungGen: 65888K->1408K(66560K)] 405232K->340752K(745472K), 0.0018603 secs] [Times: user=0.01 sys=0.00, real=0.00 secs] 
636.553: [GC (Allocation Failure) [PSYoungGen: 65920K->1440K(66560K)] 405264K->340784K(745472K), 0.0021647 secs] [Times: user=0.00 sys=0.00, real=0.00 secs] 
638.341: [GC (Allocation Failure) [PSYoungGen: 65952K->1376K(66560K)] 405296K->340720K(745472K), 0.0031152 secs] [Times: user=0.02 sys=0.00, real=0.01 secs] 
638.955: [GC (Allocation Failure) [PSYoungGen: 65888K->1408K(66560K)] 405232K->340752K(745472K), 0.0031575 secs] [Times: user=0.01 sys=0.00, real=0.00 secs] 
639.742: [GC (Allocation Failure) [PSYoungGen: 65920K->1408K(66560K)] 405264K->340760K(745472K), 0.0027204 secs] [Times: user=0.02 sys=0.00, real=0.01 secs] 
640.432: [GC (Allocation Failure) [PSYoungGen: 65920K->1376K(66560K)] 405272K->340728K(745472K), 0.0030762 secs] [Times: user=0.01 sys=0.00, real=0.01 secs] 
642.005: [GC (Allocation Failure) [PSYoungGen: 65888K->1440K(66560K)] 405240K->340800K(745472K), 0.0016375 secs] [Times: user=0.01 sys=0.00, real=0.00 secs] 
642.550: [GC (Allocation Failure) [PSYoungGen: 65952K->1408K(66560K)] 405312K->340768K(745472K), 0.0018533 secs] [Times: user=0.01 sys=0.00, real=0.00 secs] 
642.926: [GC (Allocation Failure) [PSYoungGen: 65920K->1408K(66560K)] 405280K->340768K(745472K), 0.0020419 secs] [Times: user=0.01 sys=0.00, real=0.00 secs] 
643.194: [GC (Allocation Failure) [PSYoungGen: 65920K->1408K(66560K)] 405280K->340768K(745472K), 0.0018002 secs] [Times: user=0.01 sys=0.00, real=0.00 secs] 
643.509: [GC (Allocation Failure) [PSYoungGen: 65920K->1341K(66560K)] 405280K->340701K(745472K), 0.0013938 secs] [Times: user=0.00 sys=0.00, real=0.00 secs] 
645.061: [GC (Allocation Failure) [PSYoungGen: 65853K->1440K(66560K)] 405213K->340800K(745472K), 0.0039872 secs] [Times: user=0.01 sys=0.00, real=0.01 secs] 
645.964: [GC (Allocation Failure) [PSYoungGen: 65952K->1376K(66048K)] 405312K->340736K(744960K), 0.0030756 secs] [Times: user=0.01 sys=0.00, real=0.00 secs] 
646.579: [GC (Allocation Failure) [PSYoungGen: 65888K->1440K(66048K)] 405248K->340800K(744960K), 0.0023011 secs] [Times: user=0.00 sys=0.00, real=0.00 secs] 
647.262: [GC (Allocation Failure) [PSYoungGen: 65952K->416K(65536K)] 405312K->340800K(744448K), 0.0023113 secs] [Times: user=0.01 sys=0.00, real=0.01 secs] 
648.638: [GC (Allocation Failure) [PSYoungGen: 64928K->1472K(66560K)] 405312K->341856K(745472K), 0.0016796 secs] [Times: user=0.01 sys=0.00, real=0.00 secs] 
649.338: [GC (Allocation Failure) [PSYoungGen: 65984K->1376K(66560K)] 406368K->341760K(745472K), 0.0039233 secs] [Times: user=0.02 sys=0.00, real=0.00 secs] 
649.825: [GC (Allocation Failure) [PSYoungGen: 65888K->1376K(66560K)] 406272K->341768K(745472K), 0.0025037 secs] [Times: user=0.01 sys=0.00, real=0.00 secs] 
650.437: [GC (Allocation Failure) [PSYoungGen: 65888K->1408K(66560K)] 406280K->341800K(745472K), 0.0020607 secs] [Times: user=0.01 sys=0.00, real=0.00 secs] 
651.996: [GC (Allocation Failure) [PSYoungGen: 65920K->1440K(66560K)] 406312K->341832K(745472K), 0.0018099 secs] [Times: user=0.00 sys=0.00, real=0.00 secs] 
652.915: [GC (Allocation Failure) [PSYoungGen: 65952K->1376K(66560K)] 406344K->341768K(745472K), 0.0017654 secs] [Times: user=0.00 sys=0.00, real=0.00 secs] 
653.513: [GC (Allocation Failure) [PSYoungGen: 65888K->1376K(66560K)] 406280K->341776K(745472K), 0.0018811 secs] [Times: user=0.01 sys=0.00, real=0.01 secs] 
653.980: [GC (Allocation Failure) [PSYoungGen: 65888K->1344K(66560K)] 406288K->341744K(745472K), 0.0019277 secs] [Times: user=0.01 sys=0.00, real=0.00 secs] 
654.584: [GC (Allocation Failure) [PSYoungGen: 65856K->1440K(66560K)] 406256K->341840K(745472K), 0.0022761 secs] [Times: user=0.00 sys=0.01, real=0.00 secs] 
655.866: [GC (Allocation Failure) [PSYoungGen: 65952K->1376K(66560K)] 406352K->341784K(745472K), 0.0025964 secs] [Times: user=0.01 sys=0.00, real=0.00 secs] 
656.403: [GC (Allocation Failure) [PSYoungGen: 65888K->1440K(66560K)] 406296K->341856K(745472K), 0.0028193 secs] [Times: user=0.01 sys=0.01, real=0.00 secs] 
656.872: [GC (Allocation Failure) [PSYoungGen: 65952K->1408K(66560K)] 406368K->341832K(745472K), 0.0020376 secs] [Times: user=0.01 sys=0.00, real=0.01 secs] 
657.158: [GC (Allocation Failure) [PSYoungGen: 65920K->1408K(66560K)] 406344K->341832K(745472K), 0.0018031 secs] [Times: user=0.01 sys=0.00, real=0.00 secs] 
658.390: [GC (Allocation Failure) [PSYoungGen: 65920K->1424K(66560K)] 406344K->341848K(745472K), 0.0021904 secs] [Times: user=0.01 sys=0.00, real=0.00 secs] 
659.172: [GC (Allocation Failure) [PSYoungGen: 65936K->1440K(66560K)] 406360K->341864K(745472K), 0.0021727 secs] [Times: user=0.01 sys=0.00, real=0.01 secs] 
659.713: [GC (Allocation Failure) [PSYoungGen: 65952K->1408K(66560K)] 406376K->341840K(745472K), 0.0020924 secs] [Times: user=0.01 sys=0.00, real=0.00 secs] 
660.245: [GC (Allocation Failure) [PSYoungGen: 65920K->1424K(66560K)] 406352K->341856K(745472K), 0.0022734 secs] [Times: user=0.00 sys=0.00, real=0.00 secs] 
661.462: [GC (Allocation Failure) [PSYoungGen: 65462K->1680K(66560K)] 405895K->342112K(745472K), 0.0015507 secs] [Times: user=0.00 sys=0.00, real=0.01 secs] 
662.251: [GC (Allocation Failure) [PSYoungGen: 66192K->1408K(66560K)] 406624K->341840K(745472K), 0.0030427 secs] [Times: user=0.02 sys=0.00, real=0.01 secs] 
662.741: [GC (Allocation Failure) [PSYoungGen: 65920K->1440K(66560K)] 406352K->341872K(745472K), 0.0020789 secs] [Times: user=0.01 sys=0.00, real=0.01 secs] 
663.010: [GC (Allocation Failure) [PSYoungGen: 65952K->1408K(66560K)] 406384K->341840K(745472K), 0.0017326 secs] [Times: user=0.00 sys=0.00, real=0.00 secs] 
663.496: [GC (Allocation Failure) [PSYoungGen: 65920K->1408K(66560K)] 406352K->341840K(745472K), 0.0019714 secs] [Times: user=0.01 sys=0.00, real=0.00 secs] 
666.061: [GC (Allocation Failure) [PSYoungGen: 65920K->1376K(66560K)] 406352K->341808K(745472K), 0.0032073 secs] [Times: user=0.01 sys=0.01, real=0.01 secs] 
666.853: [GC (Allocation Failure) [PSYoungGen: 65888K->1408K(66560K)] 406320K->341840K(745472K), 0.0030078 secs] [Times: user=0.01 sys=0.00, real=0.00 secs] 
667.883: [GC (Allocation Failure) [PSYoungGen: 65920K->1408K(66560K)] 406352K->341848K(745472K), 0.0031563 secs] [Times: user=0.01 sys=0.00, real=0.01 secs] 
668.883: [GC (Allocation Failure) [PSYoungGen: 65920K->1376K(66560K)] 406360K->341816K(745472K), 0.0030645 secs] [Times: user=0.01 sys=0.00, real=0.00 secs] 
670.439: [GC (Allocation Failure) [PSYoungGen: 65888K->1408K(66048K)] 406328K->341856K(744960K), 0.0016475 secs] [Times: user=0.01 sys=0.00, real=0.00 secs] 
670.723: [GC (Allocation Failure) [PSYoungGen: 65920K->1392K(66048K)] 406368K->341848K(744960K), 0.0015249 secs] [Times: user=0.00 sys=0.00, real=0.01 secs] 
670.990: [GC (Allocation Failure) [PSYoungGen: 65904K->1376K(66048K)] 406360K->341840K(744960K), 0.0015286 secs] [Times: user=0.01 sys=0.00, real=0.00 secs] 
671.430: [GC (Allocation Failure) [PSYoungGen: 65888K->1408K(66048K)] 406352K->341872K(744960K), 0.0017719 secs] [Times: user=0.00 sys=0.00, real=0.00 secs] 
671.947: [GC (Allocation Failure) [PSYoungGen: 65920K->1376K(66048K)] 406384K->341840K(744960K), 0.0017809 secs] [Times: user=0.01 sys=0.00, real=0.00 secs] 
673.214: [GC (Allocation Failure) [PSYoungGen: 65888K->1440K(66048K)] 406352K->341904K(744960K), 0.0019662 secs] [Times: user=0.01 sys=0.00, real=0.00 secs] 
673.795: [GC (Allocation Failure) [PSYoungGen: 65952K->1376K(66048K)] 406416K->341840K(744960K), 0.0027078 secs] [Times: user=0.01 sys=0.00, real=0.00 secs] 
674.345: [GC (Allocation Failure) [PSYoungGen: 65888K->1376K(66048K)] 406352K->341840K(744960K), 0.0028801 secs] [Times: user=0.01 sys=0.00, real=0.00 secs] 
674.964: [GC (Allocation Failure) [PSYoungGen: 65888K->1376K(66048K)] 406352K->341840K(744960K), 0.0027026 secs] [Times: user=0.01 sys=0.00, real=0.00 secs] 
676.600: [GC (Allocation Failure) [PSYoungGen: 65888K->1408K(66048K)] 406352K->341872K(744960K), 0.0034297 secs] [Times: user=0.02 sys=0.00, real=0.01 secs] 
677.551: [GC (Allocation Failure) [PSYoungGen: 65920K->1376K(66048K)] 406384K->341840K(744960K), 0.0038078 secs] [Times: user=0.02 sys=0.00, real=0.01 secs] 
678.548: [GC (Allocation Failure) [PSYoungGen: 65888K->1376K(66048K)] 406352K->341848K(744960K), 0.0039024 secs] [Times: user=0.01 sys=0.00, real=0.00 secs] 
679.396: [GC (Allocation Failure) [PSYoungGen: 65888K->1472K(66048K)] 406360K->341944K(744960K), 0.0039926 secs] [Times: user=0.01 sys=0.00, real=0.00 secs] 
680.919: [GC (Allocation Failure) [PSYoungGen: 65984K->1408K(66048K)] 406456K->341880K(744960K), 0.0016412 secs] [Times: user=0.01 sys=0.00, real=0.00 secs] 
681.296: [GC (Allocation Failure) [PSYoungGen: 65920K->1376K(66048K)] 406392K->341856K(744960K), 0.0019711 secs] [Times: user=0.00 sys=0.00, real=0.00 secs] 
681.771: [GC (Allocation Failure) [PSYoungGen: 65888K->1376K(66048K)] 406368K->341864K(744960K), 0.0022419 secs] [Times: user=0.01 sys=0.00, real=0.01 secs] 
682.300: [GC (Allocation Failure) [PSYoungGen: 65888K->1376K(66048K)] 406376K->341864K(744960K), 0.0022009 secs] [Times: user=0.00 sys=0.00, real=0.00 secs] 
682.831: [GC (Allocation Failure) [PSYoungGen: 65888K->1360K(66048K)] 406376K->341848K(744960K), 0.0030479 secs] [Times: user=0.02 sys=0.00, real=0.01 secs] 
684.197: [GC (Allocation Failure) [PSYoungGen: 65872K->1440K(66048K)] 406360K->341928K(744960K), 0.0017949 secs] [Times: user=0.01 sys=0.00, real=0.00 secs] 
684.755: [GC (Allocation Failure) [PSYoungGen: 65952K->1376K(66048K)] 406440K->341864K(744960K), 0.0022007 secs] [Times: user=0.01 sys=0.00, real=0.00 secs] 
685.313: [GC (Allocation Failure) [PSYoungGen: 65888K->1376K(66048K)] 406376K->341864K(744960K), 0.0022422 secs] [Times: user=0.01 sys=0.00, real=0.00 secs] 
685.660: [GC (Allocation Failure) [PSYoungGen: 65888K->1344K(66048K)] 406376K->341832K(744960K), 0.0018772 secs] [Times: user=0.00 sys=0.00, real=0.00 secs] 
687.136: [GC (Allocation Failure) [PSYoungGen: 65856K->1440K(66048K)] 406344K->341928K(744960K), 0.0026470 secs] [Times: user=0.01 sys=0.00, real=0.00 secs] 
687.732: [GC (Allocation Failure) [PSYoungGen: 65952K->1408K(66048K)] 406440K->341896K(744960K), 0.0028863 secs] [Times: user=0.01 sys=0.00, real=0.01 secs] 
688.402: [GC (Allocation Failure) [PSYoungGen: 65920K->1440K(66048K)] 406408K->341928K(744960K), 0.0027922 secs] [Times: user=0.02 sys=0.00, real=0.01 secs] 
689.040: [GC (Allocation Failure) [PSYoungGen: 65952K->1408K(66048K)] 406440K->341896K(744960K), 0.0025562 secs] [Times: user=0.01 sys=0.00, real=0.00 secs] 
690.605: [GC (Allocation Failure) [PSYoungGen: 65920K->1504K(66048K)] 406408K->342008K(744960K), 0.0016308 secs] [Times: user=0.01 sys=0.00, real=0.00 secs] 
691.202: [GC (Allocation Failure) [PSYoungGen: 66016K->1408K(66048K)] 406520K->341912K(744960K), 0.0020862 secs] [Times: user=0.01 sys=0.00, real=0.01 secs] 
691.470: [GC (Allocation Failure) [PSYoungGen: 65920K->1408K(66048K)] 406424K->341912K(744960K), 0.0018404 secs] [Times: user=0.01 sys=0.00, real=0.00 secs] 
691.738: [GC (Allocation Failure) [PSYoungGen: 65920K->1440K(66048K)] 406424K->341944K(744960K), 0.0019068 secs] [Times: user=0.01 sys=0.00, real=0.00 secs] 
692.110: [GC (Allocation Failure) [PSYoungGen: 65952K->1408K(66048K)] 406456K->341912K(744960K), 0.0019300 secs] [Times: user=0.01 sys=0.00, real=0.00 secs] 
693.345: [GC (Allocation Failure) [PSYoungGen: 65920K->1440K(66048K)] 406424K->341944K(744960K), 0.0019201 secs] [Times: user=0.00 sys=0.00, real=0.00 secs] 
693.724: [GC (Allocation Failure) [PSYoungGen: 65952K->1408K(66048K)] 406456K->341912K(744960K), 0.0019846 secs] [Times: user=0.01 sys=0.00, real=0.00 secs] 
693.992: [GC (Allocation Failure) [PSYoungGen: 65920K->1440K(66048K)] 406424K->341944K(744960K), 0.0020946 secs] [Times: user=0.00 sys=0.00, real=0.01 secs] 
694.341: [GC (Allocation Failure) [PSYoungGen: 65952K->1440K(66048K)] 406456K->341944K(744960K), 0.0019429 secs] [Times: user=0.01 sys=0.00, real=0.01 secs] 
695.603: [GC (Allocation Failure) [PSYoungGen: 65952K->1440K(66048K)] 406456K->341944K(744960K), 0.0017802 secs] [Times: user=0.01 sys=0.00, real=0.00 secs] 
696.450: [GC (Allocation Failure) [PSYoungGen: 65952K->1408K(66048K)] 406456K->341912K(744960K), 0.0038905 secs] [Times: user=0.01 sys=0.00, real=0.01 secs] 
697.183: [GC (Allocation Failure) [PSYoungGen: 65920K->1440K(66048K)] 406424K->341944K(744960K), 0.0021164 secs] [Times: user=0.01 sys=0.00, real=0.00 secs] 
697.800: [GC (Allocation Failure) [PSYoungGen: 65952K->1408K(66048K)] 406456K->341912K(744960K), 0.0021684 secs] [Times: user=0.01 sys=0.00, real=0.00 secs] 
698.339: [GC (Allocation Failure) [PSYoungGen: 65920K->1440K(66048K)] 406424K->341952K(744960K), 0.0022206 secs] [Times: user=0.01 sys=0.00, real=0.00 secs] 
699.484: [GC (Allocation Failure) [PSYoungGen: 65952K->1440K(66048K)] 406464K->341952K(744960K), 0.0026990 secs] [Times: user=0.01 sys=0.00, real=0.00 secs] 
699.754: [GC (Allocation Failure) [PSYoungGen: 65952K->1440K(66048K)] 406464K->341960K(744960K), 0.0017961 secs] [Times: user=0.01 sys=0.00, real=0.00 secs] 
700.022: [GC (Allocation Failure) [PSYoungGen: 65952K->1408K(66048K)] 406472K->341928K(744960K), 0.0024222 secs] [Times: user=0.00 sys=0.00, real=0.01 secs] 
700.296: [GC (Allocation Failure) [PSYoungGen: 65920K->1376K(66048K)] 406440K->341896K(744960K), 0.0020055 secs] [Times: user=0.01 sys=0.00, real=0.00 secs] 
701.482: [GC (Allocation Failure) [PSYoungGen: 65888K->1408K(66048K)] 406408K->341928K(744960K), 0.0018321 secs] [Times: user=0.01 sys=0.00, real=0.01 secs] 
702.014: [GC (Allocation Failure) [PSYoungGen: 65920K->1408K(66048K)] 406440K->341928K(744960K), 0.0025266 secs] [Times: user=0.01 sys=0.00, real=0.00 secs] 
702.607: [GC (Allocation Failure) [PSYoungGen: 65920K->1344K(66048K)] 406440K->341864K(744960K), 0.0039323 secs] [Times: user=0.01 sys=0.01, real=0.00 secs] 
703.256: [GC (Allocation Failure) [PSYoungGen: 65856K->1376K(66048K)] 406376K->341896K(744960K), 0.0028404 secs] [Times: user=0.01 sys=0.00, real=0.00 secs] 
704.498: [GC (Allocation Failure) [PSYoungGen: 65888K->1408K(66048K)] 406408K->341928K(744960K), 0.0016652 secs] [Times: user=0.00 sys=0.01, real=0.00 secs] 
705.096: [GC (Allocation Failure) [PSYoungGen: 65920K->1376K(66048K)] 406440K->341896K(744960K), 0.0020251 secs] [Times: user=0.01 sys=0.00, real=0.00 secs] 
705.640: [GC (Allocation Failure) [PSYoungGen: 65888K->1344K(66048K)] 406408K->341864K(744960K), 0.0030421 secs] [Times: user=0.01 sys=0.00, real=0.01 secs] 
706.217: [GC (Allocation Failure) [PSYoungGen: 65856K->1408K(66048K)] 406376K->341928K(744960K), 0.0021691 secs] [Times: user=0.01 sys=0.00, real=0.00 secs] 
706.654: [GC (Allocation Failure) [PSYoungGen: 65920K->1408K(66048K)] 406440K->341928K(744960K), 0.0019545 secs] [Times: user=0.01 sys=0.00, real=0.00 secs] 
707.815: [GC (Allocation Failure) [PSYoungGen: 65920K->1408K(66048K)] 406440K->341928K(744960K), 0.0019360 secs] [Times: user=0.01 sys=0.00, real=0.00 secs] 
708.119: [GC (Allocation Failure) [PSYoungGen: 65920K->1376K(66048K)] 406440K->341912K(744960K), 0.0026476 secs] [Times: user=0.01 sys=0.00, real=0.00 secs] 
708.407: [GC (Allocation Failure) [PSYoungGen: 65888K->1408K(66048K)] 406424K->341944K(744960K), 0.0021285 secs] [Times: user=0.01 sys=0.00, real=0.00 secs] 
708.719: [GC (Allocation Failure) [PSYoungGen: 65920K->1424K(66048K)] 406456K->341960K(744960K), 0.0019686 secs] [Times: user=0.00 sys=0.00, real=0.00 secs] 
709.846: [GC (Allocation Failure) [PSYoungGen: 65936K->1424K(66048K)] 406472K->341960K(744960K), 0.0016755 secs] [Times: user=0.01 sys=0.00, real=0.00 secs] 
710.526: [GC (Allocation Failure) [PSYoungGen: 65936K->1408K(66048K)] 406472K->341944K(744960K), 0.0027031 secs] [Times: user=0.01 sys=0.00, real=0.00 secs] 
711.521: [GC (Allocation Failure) [PSYoungGen: 65920K->1408K(66048K)] 406456K->341944K(744960K), 0.0026161 secs] [Times: user=0.02 sys=0.00, real=0.01 secs] 
712.073: [GC (Allocation Failure) [PSYoungGen: 65920K->1376K(66048K)] 406456K->341912K(744960K), 0.0020536 secs] [Times: user=0.01 sys=0.00, real=0.01 secs] 
713.276: [GC (Allocation Failure) [PSYoungGen: 65888K->1504K(66048K)] 406424K->342120K(744960K), 0.0015734 secs] [Times: user=0.01 sys=0.00, real=0.00 secs] 
713.928: [GC (Allocation Failure) [PSYoungGen: 66016K->1344K(66048K)] 406632K->341960K(744960K), 0.0021995 secs] [Times: user=0.01 sys=0.00, real=0.00 secs] 
714.972: [GC (Allocation Failure) [PSYoungGen: 65856K->1344K(66048K)] 406472K->341960K(744960K), 0.0022126 secs] [Times: user=0.01 sys=0.00, real=0.01 secs] 
715.870: [GC (Allocation Failure) [PSYoungGen: 65856K->1312K(66048K)] 406472K->341928K(744960K), 0.0024285 secs] [Times: user=0.01 sys=0.00, real=0.00 secs] 
716.420: [GC (Allocation Failure) [PSYoungGen: 65824K->1376K(66048K)] 406440K->341992K(744960K), 0.0024966 secs] [Times: user=0.01 sys=0.00, real=0.00 secs] 
717.596: [GC (Allocation Failure) [PSYoungGen: 65888K->1440K(66048K)] 406504K->342064K(744960K), 0.0020294 secs] [Times: user=0.00 sys=0.00, real=0.00 secs] 
718.018: [GC (Allocation Failure) [PSYoungGen: 65952K->1440K(66048K)] 406576K->342064K(744960K), 0.0018157 secs] [Times: user=0.01 sys=0.00, real=0.00 secs] 
718.512: [GC (Allocation Failure) [PSYoungGen: 65952K->1408K(66048K)] 406576K->342032K(744960K), 0.0019875 secs] [Times: user=0.01 sys=0.00, real=0.01 secs] 
719.180: [GC (Allocation Failure) [PSYoungGen: 65920K->1424K(66048K)] 406544K->342064K(744960K), 0.0022074 secs] [Times: user=0.01 sys=0.00, real=0.00 secs] 
720.434: [GC (Allocation Failure) [PSYoungGen: 65936K->1440K(66048K)] 406576K->342080K(744960K), 0.0016306 secs] [Times: user=0.01 sys=0.00, real=0.00 secs] 
720.702: [GC (Allocation Failure) [PSYoungGen: 65952K->1392K(66048K)] 406592K->342032K(744960K), 0.0017337 secs] [Times: user=0.00 sys=0.00, real=0.01 secs] 
720.970: [GC (Allocation Failure) [PSYoungGen: 65904K->1408K(66048K)] 406544K->342048K(744960K), 0.0017661 secs] [Times: user=0.01 sys=0.00, real=0.00 secs] 
721.423: [GC (Allocation Failure) [PSYoungGen: 65920K->1408K(66048K)] 406560K->342048K(744960K), 0.0019351 secs] [Times: user=0.01 sys=0.00, real=0.00 secs] 
721.955: [GC (Allocation Failure) [PSYoungGen: 65920K->1472K(66048K)] 406560K->342112K(744960K), 0.0018494 secs] [Times: user=0.01 sys=0.00, real=0.00 secs] 
723.048: [GC (Allocation Failure) [PSYoungGen: 65984K->1440K(66048K)] 406624K->342080K(744960K), 0.0025637 secs] [Times: user=0.01 sys=0.00, real=0.00 secs] 
723.597: [GC (Allocation Failure) [PSYoungGen: 65952K->1408K(66048K)] 406592K->342080K(744960K), 0.0024779 secs] [Times: user=0.01 sys=0.00, real=0.00 secs] 
724.165: [GC (Allocation Failure) [PSYoungGen: 65920K->1376K(66048K)] 406592K->342048K(744960K), 0.0024839 secs] [Times: user=0.01 sys=0.00, real=0.00 secs] 
724.797: [GC (Allocation Failure) [PSYoungGen: 65888K->1408K(66048K)] 406560K->342080K(744960K), 0.0023708 secs] [Times: user=0.01 sys=0.00, real=0.00 secs] 
726.180: [GC (Allocation Failure) [PSYoungGen: 65920K->1440K(66048K)] 406592K->342112K(744960K), 0.0017011 secs] [Times: user=0.00 sys=0.01, real=0.00 secs] 
726.448: [GC (Allocation Failure) [PSYoungGen: 65952K->1408K(66048K)] 406624K->342080K(744960K), 0.0019241 secs] [Times: user=0.01 sys=0.00, real=0.00 secs] 
726.899: [GC (Allocation Failure) [PSYoungGen: 65920K->1408K(66048K)] 406592K->342088K(744960K), 0.0016587 secs] [Times: user=0.01 sys=0.00, real=0.00 secs] 
727.416: [GC (Allocation Failure) [PSYoungGen: 65920K->1344K(66048K)] 406600K->342024K(744960K), 0.0017222 secs] [Times: user=0.01 sys=0.00, real=0.00 secs] 
728.682: [GC (Allocation Failure) [PSYoungGen: 65856K->1440K(66048K)] 406536K->342128K(744960K), 0.0019475 secs] [Times: user=0.01 sys=0.00, real=0.01 secs] 
729.337: [GC (Allocation Failure) [PSYoungGen: 65952K->1408K(66048K)] 406640K->342096K(744960K), 0.0020762 secs] [Times: user=0.00 sys=0.00, real=0.00 secs] 
729.948: [GC (Allocation Failure) [PSYoungGen: 65920K->1376K(66048K)] 406608K->342072K(744960K), 0.0037905 secs] [Times: user=0.01 sys=0.00, real=0.00 secs] 
730.604: [GC (Allocation Failure) [PSYoungGen: 65888K->1376K(66048K)] 406584K->342072K(744960K), 0.0031109 secs] [Times: user=0.01 sys=0.00, real=0.00 secs] 
731.236: [GC (Allocation Failure) [PSYoungGen: 65888K->1408K(66048K)] 406584K->342104K(744960K), 0.0024589 secs] [Times: user=0.01 sys=0.00, real=0.00 secs] 
732.760: [GC (Allocation Failure) [PSYoungGen: 65920K->1376K(66048K)] 406616K->342072K(744960K), 0.0030268 secs] [Times: user=0.01 sys=0.01, real=0.01 secs] 
733.287: [GC (Allocation Failure) [PSYoungGen: 65888K->1408K(66048K)] 406584K->342104K(744960K), 0.0027690 secs] [Times: user=0.01 sys=0.00, real=0.00 secs] 
733.767: [GC (Allocation Failure) [PSYoungGen: 65920K->1344K(66048K)] 406616K->342056K(744960K), 0.0027154 secs] [Times: user=0.01 sys=0.00, real=0.00 secs] 
734.161: [GC (Allocation Failure) [PSYoungGen: 65856K->1376K(66048K)] 406568K->342088K(744960K), 0.0020280 secs] [Times: user=0.01 sys=0.00, real=0.00 secs] 
735.332: [GC (Allocation Failure) [PSYoungGen: 65888K->1440K(66048K)] 406600K->342152K(744960K), 0.0016276 secs] [Times: user=0.01 sys=0.00, real=0.01 secs] 
735.912: [GC (Allocation Failure) [PSYoungGen: 65952K->1376K(66048K)] 406664K->342088K(744960K), 0.0029878 secs] [Times: user=0.02 sys=0.00, real=0.01 secs] 
736.178: [GC (Allocation Failure) [PSYoungGen: 65888K->1408K(66048K)] 406600K->342120K(744960K), 0.0025294 secs] [Times: user=0.01 sys=0.00, real=0.00 secs] 
736.446: [GC (Allocation Failure) [PSYoungGen: 65920K->1408K(66048K)] 406632K->342120K(744960K), 0.0019601 secs] [Times: user=0.01 sys=0.00, real=0.00 secs] 
737.635: [GC (Allocation Failure) [PSYoungGen: 65920K->1504K(66048K)] 406632K->342232K(744960K), 0.0018902 secs] [Times: user=0.01 sys=0.00, real=0.00 secs] 
738.588: [GC (Allocation Failure) [PSYoungGen: 66016K->1408K(66048K)] 406744K->342152K(744960K), 0.0022093 secs] [Times: user=0.01 sys=0.01, real=0.00 secs] 
739.240: [GC (Allocation Failure) [PSYoungGen: 65920K->1440K(66048K)] 406664K->342184K(744960K), 0.0024017 secs] [Times: user=0.01 sys=0.00, real=0.01 secs] 
740.304: [GC (Allocation Failure) [PSYoungGen: 65952K->1328K(66048K)] 406696K->342080K(744960K), 0.0034350 secs] [Times: user=0.01 sys=0.00, real=0.00 secs] 
741.152: [GC (Allocation Failure) [PSYoungGen: 65840K->1408K(66048K)] 406592K->342160K(744960K), 0.0025640 secs] [Times: user=0.01 sys=0.00, real=0.01 secs] 
742.254: [GC (Allocation Failure) [PSYoungGen: 65920K->1440K(66048K)] 406672K->342192K(744960K), 0.0016035 secs] [Times: user=0.00 sys=0.00, real=0.00 secs] 
742.529: [GC (Allocation Failure) [PSYoungGen: 65952K->1376K(66048K)] 406704K->342128K(744960K), 0.0018008 secs] [Times: user=0.01 sys=0.00, real=0.00 secs] 
742.798: [GC (Allocation Failure) [PSYoungGen: 65888K->1376K(66048K)] 406640K->342136K(744960K), 0.0018913 secs] [Times: user=0.01 sys=0.00, real=0.00 secs] 
743.160: [GC (Allocation Failure) [PSYoungGen: 65888K->1408K(66048K)] 406648K->342168K(744960K), 0.0019090 secs] [Times: user=0.01 sys=0.00, real=0.00 secs] 
744.298: [GC (Allocation Failure) [PSYoungGen: 65920K->1424K(66048K)] 406680K->342184K(744960K), 0.0017092 secs] [Times: user=0.01 sys=0.00, real=0.00 secs] 
744.853: [GC (Allocation Failure) [PSYoungGen: 65936K->1408K(66048K)] 406696K->342168K(744960K), 0.0029982 secs] [Times: user=0.01 sys=0.00, real=0.01 secs] 
745.645: [GC (Allocation Failure) [PSYoungGen: 65920K->1376K(66048K)] 406680K->342136K(744960K), 0.0033439 secs] [Times: user=0.01 sys=0.00, real=0.00 secs] 
746.297: [GC (Allocation Failure) [PSYoungGen: 65888K->1408K(66048K)] 406648K->342168K(744960K), 0.0024769 secs] [Times: user=0.01 sys=0.00, real=0.00 secs] 
746.828: [GC (Allocation Failure) [PSYoungGen: 65920K->1376K(66048K)] 406680K->342136K(744960K), 0.0020781 secs] [Times: user=0.01 sys=0.00, real=0.00 secs] 
748.153: [GC (Allocation Failure) [PSYoungGen: 65888K->1376K(66048K)] 406648K->342136K(744960K), 0.0016831 secs] [Times: user=0.01 sys=0.00, real=0.01 secs] 
749.032: [GC (Allocation Failure) [PSYoungGen: 65888K->1408K(66048K)] 406648K->342176K(744960K), 0.0019580 secs] [Times: user=0.01 sys=0.00, real=0.01 secs] 
749.745: [GC (Allocation Failure) [PSYoungGen: 65920K->1408K(66048K)] 406688K->342184K(744960K), 0.0020737 secs] [Times: user=0.00 sys=0.00, real=0.00 secs] 
750.484: [GC (Allocation Failure) [PSYoungGen: 65920K->1408K(66048K)] 406696K->342184K(744960K), 0.0028533 secs] [Times: user=0.02 sys=0.00, real=0.00 secs] 
751.729: [GC (Allocation Failure) [PSYoungGen: 65920K->1376K(66048K)] 406696K->342152K(744960K), 0.0015723 secs] [Times: user=0.00 sys=0.00, real=0.00 secs] 
752.376: [GC (Allocation Failure) [PSYoungGen: 65888K->1376K(66048K)] 406664K->342152K(744960K), 0.0022131 secs] [Times: user=0.01 sys=0.00, real=0.00 secs] 
753.073: [GC (Allocation Failure) [PSYoungGen: 65888K->1328K(66048K)] 406664K->342112K(744960K), 0.0021364 secs] [Times: user=0.01 sys=0.00, real=0.00 secs] 
753.698: [GC (Allocation Failure) [PSYoungGen: 65840K->1360K(66048K)] 406624K->342144K(744960K), 0.0019394 secs] [Times: user=0.01 sys=0.00, real=0.00 secs] 
754.692: [GC (Allocation Failure) [PSYoungGen: 65872K->1344K(66048K)] 406656K->342128K(744960K), 0.0015305 secs] [Times: user=0.01 sys=0.00, real=0.01 secs] 
755.284: [GC (Allocation Failure) [PSYoungGen: 65856K->1376K(66048K)] 406640K->342160K(744960K), 0.0018308 secs] [Times: user=0.01 sys=0.00, real=0.00 secs] 
755.856: [GC (Allocation Failure) [PSYoungGen: 65888K->1344K(66048K)] 406672K->342136K(744960K), 0.0017862 secs] [Times: user=0.00 sys=0.00, real=0.00 secs] 
756.123: [GC (Allocation Failure) [PSYoungGen: 65856K->1360K(66048K)] 406648K->342152K(744960K), 0.0016600 secs] [Times: user=0.00 sys=0.00, real=0.00 secs] 
756.392: [GC (Allocation Failure) [PSYoungGen: 65872K->1376K(66048K)] 406664K->342168K(744960K), 0.0017909 secs] [Times: user=0.01 sys=0.01, real=0.01 secs] 
757.727: [GC (Allocation Failure) [PSYoungGen: 65888K->1408K(66048K)] 406680K->342200K(744960K), 0.0025003 secs] [Times: user=0.01 sys=0.00, real=0.00 secs] 
758.694: [GC (Allocation Failure) [PSYoungGen: 65920K->1392K(66048K)] 406712K->342184K(744960K), 0.0030894 secs] [Times: user=0.01 sys=0.00, real=0.00 secs] 
759.467: [GC (Allocation Failure) [PSYoungGen: 65904K->1344K(66048K)] 406696K->342144K(744960K), 0.0033709 secs] [Times: user=0.02 sys=0.00, real=0.00 secs] 
759.784: [GC (Allocation Failure) [PSYoungGen: 65856K->1344K(66048K)] 406656K->342144K(744960K), 0.0019404 secs] [Times: user=0.01 sys=0.00, real=0.00 secs] 
760.909: [GC (Allocation Failure) [PSYoungGen: 65856K->1376K(66048K)] 406656K->342176K(744960K), 0.0016643 secs] [Times: user=0.01 sys=0.00, real=0.00 secs] 
761.482: [GC (Allocation Failure) [PSYoungGen: 65888K->1344K(66048K)] 406688K->342144K(744960K), 0.0017284 secs] [Times: user=0.01 sys=0.00, real=0.01 secs] 
762.055: [GC (Allocation Failure) [PSYoungGen: 65856K->1376K(66048K)] 406656K->342176K(744960K), 0.0018698 secs] [Times: user=0.00 sys=0.00, real=0.00 secs] 
762.357: [GC (Allocation Failure) [PSYoungGen: 65888K->1376K(66048K)] 406688K->342176K(744960K), 0.0019886 secs] [Times: user=0.01 sys=0.00, real=0.00 secs] 
763.314: [GC (Allocation Failure) [PSYoungGen: 65648K->224K(65536K)] 406449K->341024K(744448K), 0.0014761 secs] [Times: user=0.01 sys=0.00, real=0.00 secs] 
763.896: [GC (Allocation Failure) [PSYoungGen: 64224K->1376K(66048K)] 405024K->342176K(744960K), 0.0016250 secs] [Times: user=0.01 sys=0.00, real=0.00 secs] 
764.297: [GC (Allocation Failure) [PSYoungGen: 65376K->1408K(66048K)] 406176K->342208K(744960K), 0.0017503 secs] [Times: user=0.01 sys=0.00, real=0.00 secs] 
764.563: [GC (Allocation Failure) [PSYoungGen: 65408K->1408K(66048K)] 406208K->342208K(744960K), 0.0017113 secs] [Times: user=0.00 sys=0.00, real=0.01 secs] 
764.828: [GC (Allocation Failure) [PSYoungGen: 65408K->1376K(66048K)] 406208K->342176K(744960K), 0.0017394 secs] [Times: user=0.01 sys=0.00, real=0.00 secs] 
765.983: [GC (Allocation Failure) [PSYoungGen: 65376K->1440K(66048K)] 406176K->342240K(744960K), 0.0031659 secs] [Times: user=0.01 sys=0.00, real=0.01 secs] 
766.531: [GC (Allocation Failure) [PSYoungGen: 65440K->1408K(66048K)] 406240K->342208K(744960K), 0.0016244 secs] [Times: user=0.01 sys=0.00, real=0.00 secs] 
767.214: [GC (Allocation Failure) [PSYoungGen: 65408K->1376K(66048K)] 406208K->342176K(744960K), 0.0017994 secs] [Times: user=0.00 sys=0.00, real=0.00 secs] 
768.147: [GC (Allocation Failure) [PSYoungGen: 65376K->1408K(66048K)] 406176K->342216K(744960K), 0.0026306 secs] [Times: user=0.01 sys=0.00, real=0.00 secs] 
769.872: [GC (Allocation Failure) [PSYoungGen: 65408K->1888K(66048K)] 406216K->342696K(744960K), 0.0021589 secs] [Times: user=0.00 sys=0.00, real=0.01 secs] 
771.604: [GC (Allocation Failure) [PSYoungGen: 65888K->1408K(66048K)] 406696K->342216K(744960K), 0.0027751 secs] [Times: user=0.01 sys=0.01, real=0.00 secs] 
772.321: [GC (Allocation Failure) [PSYoungGen: 65408K->1344K(66048K)] 406216K->342152K(744960K), 0.0030657 secs] [Times: user=0.02 sys=0.00, real=0.01 secs] 
772.601: [GC (Allocation Failure) [PSYoungGen: 65344K->1408K(66048K)] 406152K->342216K(744960K), 0.0020273 secs] [Times: user=0.01 sys=0.00, real=0.01 secs] 
772.900: [GC (Allocation Failure) [PSYoungGen: 65408K->1376K(66048K)] 406216K->342184K(744960K), 0.0019423 secs] [Times: user=0.01 sys=0.00, real=0.00 secs] 
773.854: [GC (Allocation Failure) [PSYoungGen: 65376K->1440K(66048K)] 406184K->342256K(744960K), 0.0017930 secs] [Times: user=0.01 sys=0.00, real=0.00 secs] 
774.154: [GC (Allocation Failure) [PSYoungGen: 65440K->1376K(66048K)] 406256K->342192K(744960K), 0.0017709 secs] [Times: user=0.01 sys=0.00, real=0.00 secs] 
774.529: [GC (Allocation Failure) [PSYoungGen: 65376K->1376K(66048K)] 406192K->342208K(744960K), 0.0019211 secs] [Times: user=0.00 sys=0.00, real=0.00 secs] 
774.937: [GC (Allocation Failure) [PSYoungGen: 65376K->1408K(66048K)] 406208K->342240K(744960K), 0.0017865 secs] [Times: user=0.00 sys=0.00, real=0.00 secs] 
776.079: [GC (Allocation Failure) [PSYoungGen: 65408K->1408K(66048K)] 406240K->342240K(744960K), 0.0016944 secs] [Times: user=0.00 sys=0.00, real=0.00 secs] 
776.606: [GC (Allocation Failure) [PSYoungGen: 65408K->1408K(66048K)] 406240K->342240K(744960K), 0.0018209 secs] [Times: user=0.01 sys=0.00, real=0.00 secs] 
777.106: [GC (Allocation Failure) [PSYoungGen: 65408K->1408K(66048K)] 406240K->342240K(744960K), 0.0021008 secs] [Times: user=0.01 sys=0.00, real=0.00 secs] 
777.720: [GC (Allocation Failure) [PSYoungGen: 65408K->1344K(66048K)] 406240K->342176K(744960K), 0.0021297 secs] [Times: user=0.01 sys=0.00, real=0.00 secs] 
778.268: [GC (Allocation Failure) [PSYoungGen: 65344K->1376K(66048K)] 406176K->342208K(744960K), 0.0031371 secs] [Times: user=0.01 sys=0.01, real=0.00 secs] 
779.596: [GC (Allocation Failure) [PSYoungGen: 65376K->1440K(66048K)] 406208K->342280K(744960K), 0.0017126 secs] [Times: user=0.01 sys=0.00, real=0.00 secs] 
780.212: [GC (Allocation Failure) [PSYoungGen: 65440K->1376K(65536K)] 406280K->342224K(744448K), 0.0024852 secs] [Times: user=0.01 sys=0.00, real=0.01 secs] 
780.860: [GC (Allocation Failure) [PSYoungGen: 65376K->1376K(65536K)] 406224K->342224K(744448K), 0.0024553 secs] [Times: user=0.01 sys=0.00, real=0.00 secs] 
781.682: [GC (Allocation Failure) [PSYoungGen: 65376K->352K(65024K)] 406224K->342224K(743936K), 0.0033015 secs] [Times: user=0.02 sys=0.00, real=0.01 secs] 
783.362: [GC (Allocation Failure) [PSYoungGen: 64352K->1408K(66048K)] 406224K->343280K(744960K), 0.0017638 secs] [Times: user=0.00 sys=0.00, real=0.01 secs] 
783.871: [GC (Allocation Failure) [PSYoungGen: 65408K->1376K(66048K)] 407280K->343248K(744960K), 0.0018323 secs] [Times: user=0.00 sys=0.00, real=0.00 secs] 
784.171: [GC (Allocation Failure) [PSYoungGen: 65376K->1376K(66048K)] 407248K->343256K(744960K), 0.0024480 secs] [Times: user=0.01 sys=0.00, real=0.01 secs] 
784.645: [GC (Allocation Failure) [PSYoungGen: 65376K->1408K(66048K)] 407256K->343288K(744960K), 0.0020858 secs] [Times: user=0.01 sys=0.00, real=0.00 secs] 
785.928: [GC (Allocation Failure) [PSYoungGen: 65408K->1552K(66048K)] 407288K->343432K(744960K), 0.0016766 secs] [Times: user=0.01 sys=0.00, real=0.00 secs] 
786.532: [GC (Allocation Failure) [PSYoungGen: 65552K->1360K(66048K)] 407432K->343240K(744960K), 0.0017844 secs] [Times: user=0.01 sys=0.00, real=0.01 secs] 
786.926: [GC (Allocation Failure) [PSYoungGen: 65360K->1360K(66048K)] 407240K->343240K(744960K), 0.0019133 secs] [Times: user=0.01 sys=0.00, real=0.00 secs] 
787.209: [GC (Allocation Failure) [PSYoungGen: 65360K->1408K(66048K)] 407240K->343288K(744960K), 0.0019136 secs] [Times: user=0.01 sys=0.00, real=0.00 secs] 
787.604: [GC (Allocation Failure) [PSYoungGen: 65408K->1376K(66048K)] 407288K->343256K(744960K), 0.0019796 secs] [Times: user=0.01 sys=0.00, real=0.00 secs] 
788.789: [GC (Allocation Failure) [PSYoungGen: 65376K->1376K(66048K)] 407256K->343256K(744960K), 0.0017337 secs] [Times: user=0.01 sys=0.00, real=0.00 secs] 
789.055: [GC (Allocation Failure) [PSYoungGen: 65376K->1344K(66048K)] 407256K->343232K(744960K), 0.0021129 secs] [Times: user=0.01 sys=0.00, real=0.00 secs] 
789.322: [GC (Allocation Failure) [PSYoungGen: 65344K->1408K(66048K)] 407232K->343296K(744960K), 0.0021998 secs] [Times: user=0.01 sys=0.00, real=0.01 secs] 
789.590: [GC (Allocation Failure) [PSYoungGen: 65408K->1376K(66048K)] 407296K->343264K(744960K), 0.0027896 secs] [Times: user=0.01 sys=0.00, real=0.00 secs] 
791.057: [GC (Allocation Failure) [PSYoungGen: 65376K->1408K(66048K)] 407264K->343296K(744960K), 0.0038809 secs] [Times: user=0.01 sys=0.00, real=0.00 secs] 
792.369: [GC (Allocation Failure) [PSYoungGen: 65408K->1408K(66048K)] 407296K->343296K(744960K), 0.0030391 secs] [Times: user=0.02 sys=0.00, real=0.00 secs] 
793.074: [GC (Allocation Failure) [PSYoungGen: 65408K->1376K(66048K)] 407296K->343264K(744960K), 0.0030102 secs] [Times: user=0.01 sys=0.00, real=0.00 secs] 
793.701: [GC (Allocation Failure) [PSYoungGen: 65376K->1408K(65536K)] 407264K->343296K(744448K), 0.0029887 secs] [Times: user=0.01 sys=0.00, real=0.01 secs] 
794.532: [GC (Allocation Failure) [PSYoungGen: 65408K->1344K(65536K)] 407296K->343232K(744448K), 0.0033650 secs] [Times: user=0.01 sys=0.00, real=0.01 secs] 
796.567: [GC (Allocation Failure) [PSYoungGen: 65344K->1376K(65536K)] 407232K->343272K(744448K), 0.0038392 secs] [Times: user=0.02 sys=0.00, real=0.00 secs] 
797.523: [GC (Allocation Failure) [PSYoungGen: 65376K->1392K(65536K)] 407272K->343304K(744448K), 0.0027264 secs] [Times: user=0.01 sys=0.00, real=0.00 secs] 
798.095: [GC (Allocation Failure) [PSYoungGen: 65392K->1360K(65536K)] 407304K->343272K(744448K), 0.0023836 secs] [Times: user=0.01 sys=0.00, real=0.00 secs] 
798.825: [GC (Allocation Failure) [PSYoungGen: 65360K->1392K(65536K)] 407272K->343304K(744448K), 0.0026873 secs] [Times: user=0.01 sys=0.00, real=0.00 secs] 
800.392: [GC (Allocation Failure) [PSYoungGen: 65392K->1440K(65536K)] 407304K->343352K(744448K), 0.0018966 secs] [Times: user=0.01 sys=0.00, real=0.01 secs] 
800.949: [GC (Allocation Failure) [PSYoungGen: 65440K->1408K(65536K)] 407352K->343320K(744448K), 0.0019405 secs] [Times: user=0.01 sys=0.00, real=0.00 secs] 
801.844: [GC (Allocation Failure) [PSYoungGen: 65408K->1408K(65536K)] 407320K->343328K(744448K), 0.0021329 secs] [Times: user=0.00 sys=0.00, real=0.00 secs] 
802.784: [GC (Allocation Failure) [PSYoungGen: 65408K->1344K(65536K)] 407328K->343264K(744448K), 0.0021868 secs] [Times: user=0.01 sys=0.00, real=0.00 secs] 
803.713: [GC (Allocation Failure) [PSYoungGen: 65336K->256K(65536K)] 407256K->342176K(744448K), 0.0021921 secs] [Times: user=0.01 sys=0.00, real=0.00 secs] 
805.098: [GC (Allocation Failure) [PSYoungGen: 64256K->1408K(66048K)] 406176K->343328K(744960K), 0.0023357 secs] [Times: user=0.01 sys=0.00, real=0.00 secs] 
806.124: [GC (Allocation Failure) [PSYoungGen: 65408K->1408K(66048K)] 407328K->343328K(744960K), 0.0038438 secs] [Times: user=0.02 sys=0.00, real=0.00 secs] 
806.948: [GC (Allocation Failure) [PSYoungGen: 65408K->1408K(66048K)] 407328K->343328K(744960K), 0.0037385 secs] [Times: user=0.02 sys=0.00, real=0.00 secs] 
807.869: [GC (Allocation Failure) [PSYoungGen: 65408K->1344K(66048K)] 407328K->343264K(744960K), 0.0037874 secs] [Times: user=0.01 sys=0.00, real=0.01 secs] 
809.409: [GC (Allocation Failure) [PSYoungGen: 65344K->1440K(66048K)] 407264K->343360K(744960K), 0.0036434 secs] [Times: user=0.01 sys=0.00, real=0.01 secs] 
810.137: [GC (Allocation Failure) [PSYoungGen: 65440K->1376K(66048K)] 407360K->343296K(744960K), 0.0031101 secs] [Times: user=0.01 sys=0.00, real=0.00 secs] 
810.665: [GC (Allocation Failure) [PSYoungGen: 65376K->1376K(66048K)] 407296K->343304K(744960K), 0.0020529 secs] [Times: user=0.01 sys=0.00, real=0.00 secs] 
811.203: [GC (Allocation Failure) [PSYoungGen: 65376K->1344K(66048K)] 407304K->343272K(744960K), 0.0020240 secs] [Times: user=0.01 sys=0.00, real=0.01 secs] 
812.605: [GC (Allocation Failure) [PSYoungGen: 65344K->1440K(66048K)] 407272K->343376K(744960K), 0.0016158 secs] [Times: user=0.01 sys=0.00, real=0.00 secs] 
813.503: [GC (Allocation Failure) [PSYoungGen: 65440K->1344K(66048K)] 407376K->343280K(744960K), 0.0040125 secs] [Times: user=0.01 sys=0.00, real=0.01 secs] 
814.248: [GC (Allocation Failure) [PSYoungGen: 65344K->1344K(66048K)] 407280K->343280K(744960K), 0.0045825 secs] [Times: user=0.02 sys=0.00, real=0.00 secs] 
814.998: [GC (Allocation Failure) [PSYoungGen: 65344K->1344K(66048K)] 407280K->343280K(744960K), 0.0028098 secs] [Times: user=0.02 sys=0.00, real=0.00 secs] 
815.259: [GC (Allocation Failure) [PSYoungGen: 65344K->1376K(66048K)] 407280K->343312K(744960K), 0.0019995 secs] [Times: user=0.01 sys=0.00, real=0.00 secs] 
816.600: [GC (Allocation Failure) [PSYoungGen: 65376K->1376K(65536K)] 407312K->343312K(744448K), 0.0027768 secs] [Times: user=0.01 sys=0.01, real=0.00 secs] 
817.403: [GC (Allocation Failure) [PSYoungGen: 65376K->1408K(65024K)] 407312K->343344K(743936K), 0.0027163 secs] [Times: user=0.01 sys=0.00, real=0.00 secs] 
818.233: [GC (Allocation Failure) [PSYoungGen: 64896K->1376K(65024K)] 406832K->343320K(743936K), 0.0029698 secs] [Times: user=0.01 sys=0.00, real=0.01 secs] 
819.056: [GC (Allocation Failure) [PSYoungGen: 64864K->1344K(65024K)] 406808K->343288K(743936K), 0.0027727 secs] [Times: user=0.01 sys=0.00, real=0.00 secs] 
820.471: [GC (Allocation Failure) [PSYoungGen: 64832K->1440K(65024K)] 406776K->343384K(743936K), 0.0016004 secs] [Times: user=0.00 sys=0.00, real=0.00 secs] 
820.926: [GC (Allocation Failure) [PSYoungGen: 64928K->1376K(65024K)] 406872K->343320K(743936K), 0.0016565 secs] [Times: user=0.00 sys=0.00, real=0.00 secs] 
821.959: [GC (Allocation Failure) [PSYoungGen: 64864K->1392K(65024K)] 406808K->343344K(743936K), 0.0019835 secs] [Times: user=0.00 sys=0.00, real=0.00 secs] 
823.002: [GC (Allocation Failure) [PSYoungGen: 64880K->1408K(65024K)] 406832K->343360K(743936K), 0.0031085 secs] [Times: user=0.01 sys=0.01, real=0.01 secs] 
823.991: [GC (Allocation Failure) [PSYoungGen: 64896K->1344K(65024K)] 406848K->343296K(743936K), 0.0036413 secs] [Times: user=0.02 sys=0.00, real=0.01 secs] 
825.492: [GC (Allocation Failure) [PSYoungGen: 64832K->1376K(65024K)] 406784K->343328K(743936K), 0.0030589 secs] [Times: user=0.01 sys=0.00, real=0.01 secs] 
826.136: [GC (Allocation Failure) [PSYoungGen: 64864K->1408K(65024K)] 406816K->343360K(743936K), 0.0041411 secs] [Times: user=0.01 sys=0.00, real=0.00 secs] 
826.752: [GC (Allocation Failure) [PSYoungGen: 64896K->1376K(65024K)] 406848K->343328K(743936K), 0.0032763 secs] [Times: user=0.01 sys=0.00, real=0.01 secs] 
827.370: [GC (Allocation Failure) [PSYoungGen: 64864K->1408K(65024K)] 406816K->343360K(743936K), 0.0032866 secs] [Times: user=0.02 sys=0.00, real=0.01 secs] 
828.748: [GC (Allocation Failure) [PSYoungGen: 64896K->1376K(65024K)] 406848K->343328K(743936K), 0.0020332 secs] [Times: user=0.00 sys=0.00, real=0.00 secs] 
829.548: [GC (Allocation Failure) [PSYoungGen: 64864K->1408K(65024K)] 406816K->343360K(743936K), 0.0026942 secs] [Times: user=0.01 sys=0.00, real=0.00 secs] 
830.080: [GC (Allocation Failure) [PSYoungGen: 64896K->1376K(65024K)] 406848K->343328K(743936K), 0.0026463 secs] [Times: user=0.01 sys=0.00, real=0.01 secs] 
830.795: [GC (Allocation Failure) [PSYoungGen: 64864K->1344K(65024K)] 406816K->343296K(743936K), 0.0037248 secs] [Times: user=0.01 sys=0.01, real=0.00 secs] 
831.536: [GC (Allocation Failure) [PSYoungGen: 64832K->1376K(65024K)] 406784K->343336K(743936K), 0.0036925 secs] [Times: user=0.01 sys=0.00, real=0.00 secs] 
832.881: [GC (Allocation Failure) [PSYoungGen: 64864K->1408K(65024K)] 406824K->343368K(743936K), 0.0019964 secs] [Times: user=0.01 sys=0.00, real=0.01 secs] 
833.163: [GC (Allocation Failure) [PSYoungGen: 64896K->1344K(65024K)] 406856K->343304K(743936K), 0.0019969 secs] [Times: user=0.01 sys=0.00, real=0.00 secs] 
833.427: [GC (Allocation Failure) [PSYoungGen: 64832K->1408K(65024K)] 406792K->343368K(743936K), 0.0019786 secs] [Times: user=0.00 sys=0.00, real=0.00 secs] 
833.691: [GC (Allocation Failure) [PSYoungGen: 64896K->1408K(65024K)] 406856K->343368K(743936K), 0.0019019 secs] [Times: user=0.00 sys=0.00, real=0.00 secs] 
835.143: [GC (Allocation Failure) [PSYoungGen: 64896K->1408K(65024K)] 406856K->343368K(743936K), 0.0022956 secs] [Times: user=0.01 sys=0.00, real=0.00 secs] 
835.714: [GC (Allocation Failure) [PSYoungGen: 64896K->1408K(65024K)] 406856K->343368K(743936K), 0.0028243 secs] [Times: user=0.01 sys=0.00, real=0.00 secs] 
836.345: [GC (Allocation Failure) [PSYoungGen: 64896K->1376K(65024K)] 406856K->343344K(743936K), 0.0027899 secs] [Times: user=0.01 sys=0.00, real=0.00 secs] 
837.014: [GC (Allocation Failure) [PSYoungGen: 64864K->1376K(65024K)] 406832K->343344K(743936K), 0.0030472 secs] [Times: user=0.01 sys=0.00, real=0.00 secs] 
838.347: [GC (Allocation Failure) [PSYoungGen: 64864K->1520K(65024K)] 406832K->343504K(743936K), 0.0014745 secs] [Times: user=0.00 sys=0.00, real=0.00 secs] 
838.654: [GC (Allocation Failure) [PSYoungGen: 65008K->1344K(65024K)] 406992K->343336K(743936K), 0.0015804 secs] [Times: user=0.01 sys=0.00, real=0.00 secs] 
838.917: [GC (Allocation Failure) [PSYoungGen: 64832K->1376K(65024K)] 406824K->343368K(743936K), 0.0015156 secs] [Times: user=0.01 sys=0.00, real=0.00 secs] 
839.191: [GC (Allocation Failure) [PSYoungGen: 64864K->1376K(65024K)] 406856K->343368K(743936K), 0.0014768 secs] [Times: user=0.00 sys=0.00, real=0.00 secs] 
839.454: [GC (Allocation Failure) [PSYoungGen: 64864K->1424K(65024K)] 406856K->343416K(743936K), 0.0015971 secs] [Times: user=0.01 sys=0.00, real=0.00 secs] 
840.451: [GC (Allocation Failure) [PSYoungGen: 64912K->1472K(65024K)] 406904K->343464K(743936K), 0.0014475 secs] [Times: user=0.01 sys=0.00, real=0.01 secs] 
840.824: [GC (Allocation Failure) [PSYoungGen: 64960K->1392K(65024K)] 406952K->343384K(743936K), 0.0016750 secs] [Times: user=0.00 sys=0.01, real=0.00 secs] 
841.204: [GC (Allocation Failure) [PSYoungGen: 64880K->1408K(65024K)] 406872K->343400K(743936K), 0.0017369 secs] [Times: user=0.00 sys=0.00, real=0.00 secs] 
841.633: [GC (Allocation Failure) [PSYoungGen: 64896K->1344K(65024K)] 406888K->343336K(743936K), 0.0020488 secs] [Times: user=0.01 sys=0.01, real=0.00 secs] 
842.841: [GC (Allocation Failure) [PSYoungGen: 64832K->928K(64512K)] 406824K->343944K(743424K), 0.0018061 secs] [Times: user=0.00 sys=0.00, real=0.00 secs] 
843.291: [GC (Allocation Failure) [PSYoungGen: 63904K->320K(65024K)] 406920K->343336K(743936K), 0.0019327 secs] [Times: user=0.01 sys=0.00, real=0.00 secs] 
843.797: [GC (Allocation Failure) [PSYoungGen: 63296K->336K(65024K)] 406312K->343352K(743936K), 0.0037978 secs] [Times: user=0.01 sys=0.00, real=0.00 secs] 
844.429: [GC (Allocation Failure) [PSYoungGen: 63312K->384K(65024K)] 406328K->343400K(743936K), 0.0025936 secs] [Times: user=0.01 sys=0.00, real=0.00 secs] 
844.980: [GC (Allocation Failure) [PSYoungGen: 63360K->352K(65024K)] 406376K->343368K(743936K), 0.0026263 secs] [Times: user=0.01 sys=0.00, real=0.00 secs] 
846.218: [GC (Allocation Failure) [PSYoungGen: 63328K->1440K(65024K)] 406344K->344464K(743936K), 0.0015934 secs] [Times: user=0.01 sys=0.00, real=0.00 secs] 
846.479: [GC (Allocation Failure) [PSYoungGen: 64416K->1360K(65024K)] 407440K->344408K(743936K), 0.0015774 secs] [Times: user=0.01 sys=0.00, real=0.00 secs] 
846.769: [GC (Allocation Failure) [PSYoungGen: 64336K->1376K(65024K)] 407384K->344424K(743936K), 0.0030886 secs] [Times: user=0.01 sys=0.00, real=0.00 secs] 
847.034: [GC (Allocation Failure) [PSYoungGen: 64352K->1360K(65024K)] 407400K->344408K(743936K), 0.0021668 secs] [Times: user=0.01 sys=0.00, real=0.00 secs] 
847.988: [GC (Allocation Failure) [PSYoungGen: 64336K->1408K(65024K)] 407384K->344456K(743936K), 0.0017079 secs] [Times: user=0.01 sys=0.00, real=0.00 secs] 
848.249: [GC (Allocation Failure) [PSYoungGen: 64384K->1360K(65024K)] 407432K->344408K(743936K), 0.0017970 secs] [Times: user=0.01 sys=0.00, real=0.00 secs] 
848.510: [GC (Allocation Failure) [PSYoungGen: 64336K->1312K(65024K)] 407384K->344360K(743936K), 0.0015630 secs] [Times: user=0.00 sys=0.00, real=0.00 secs] 
848.776: [GC (Allocation Failure) [PSYoungGen: 64288K->1344K(65024K)] 407336K->344392K(743936K), 0.0025057 secs] [Times: user=0.01 sys=0.00, real=0.00 secs] 
849.052: [GC (Allocation Failure) [PSYoungGen: 64320K->1376K(65024K)] 407368K->344424K(743936K), 0.0028383 secs] [Times: user=0.01 sys=0.00, real=0.01 secs] 
850.291: [GC (Allocation Failure) [PSYoungGen: 64352K->1424K(65024K)] 407400K->344480K(743936K), 0.0019429 secs] [Times: user=0.01 sys=0.00, real=0.01 secs] 
850.908: [GC (Allocation Failure) [PSYoungGen: 64400K->1376K(65024K)] 407456K->344440K(743936K), 0.0037885 secs] [Times: user=0.01 sys=0.00, real=0.00 secs] 
851.536: [GC (Allocation Failure) [PSYoungGen: 64352K->1376K(65024K)] 407416K->344440K(743936K), 0.0038523 secs] [Times: user=0.02 sys=0.00, real=0.00 secs] 
852.241: [GC (Allocation Failure) [PSYoungGen: 64352K->1408K(65024K)] 407416K->344472K(743936K), 0.0031789 secs] [Times: user=0.01 sys=0.00, real=0.01 secs] 
853.545: [GC (Allocation Failure) [PSYoungGen: 64384K->1408K(65024K)] 407448K->344472K(743936K), 0.0016548 secs] [Times: user=0.01 sys=0.00, real=0.00 secs] 
854.062: [GC (Allocation Failure) [PSYoungGen: 64384K->1376K(65024K)] 407448K->344440K(743936K), 0.0017995 secs] [Times: user=0.00 sys=0.00, real=0.01 secs] 
854.501: [GC (Allocation Failure) [PSYoungGen: 64352K->1344K(65024K)] 407416K->344416K(743936K), 0.0018421 secs] [Times: user=0.00 sys=0.00, real=0.00 secs] 
855.064: [GC (Allocation Failure) [PSYoungGen: 64320K->1360K(65024K)] 407392K->344432K(743936K), 0.0019957 secs] [Times: user=0.01 sys=0.00, real=0.00 secs] 
855.660: [GC (Allocation Failure) [PSYoungGen: 64336K->1344K(65024K)] 407408K->344416K(743936K), 0.0021241 secs] [Times: user=0.01 sys=0.00, real=0.00 secs] 
857.230: [GC (Allocation Failure) [PSYoungGen: 64320K->1440K(65024K)] 407392K->344520K(743936K), 0.0019694 secs] [Times: user=0.01 sys=0.00, real=0.00 secs] 
858.028: [GC (Allocation Failure) [PSYoungGen: 64416K->1344K(65024K)] 407496K->344432K(743936K), 0.0020208 secs] [Times: user=0.01 sys=0.00, real=0.00 secs] 
858.894: [GC (Allocation Failure) [PSYoungGen: 64320K->1408K(65024K)] 407408K->344504K(743936K), 0.0024811 secs] [Times: user=0.01 sys=0.00, real=0.00 secs] 
859.590: [GC (Allocation Failure) [PSYoungGen: 64384K->1408K(65024K)] 407480K->344512K(743936K), 0.0023795 secs] [Times: user=0.01 sys=0.00, real=0.01 secs] 
861.057: [GC (Allocation Failure) [PSYoungGen: 64384K->1376K(65024K)] 407488K->344488K(743936K), 0.0020041 secs] [Times: user=0.01 sys=0.00, real=0.00 secs] 
861.889: [GC (Allocation Failure) [PSYoungGen: 64352K->1376K(65024K)] 407464K->344496K(743936K), 0.0040318 secs] [Times: user=0.02 sys=0.00, real=0.01 secs] 
862.498: [GC (Allocation Failure) [PSYoungGen: 64352K->1376K(65024K)] 407472K->344504K(743936K), 0.0031060 secs] [Times: user=0.02 sys=0.00, real=0.00 secs] 
863.099: [GC (Allocation Failure) [PSYoungGen: 64352K->1376K(65024K)] 407480K->344504K(743936K), 0.0033922 secs] [Times: user=0.01 sys=0.00, real=0.00 secs] 
863.774: [GC (Allocation Failure) [PSYoungGen: 64352K->1392K(65024K)] 407480K->344520K(743936K), 0.0025164 secs] [Times: user=0.01 sys=0.00, real=0.00 secs] 
865.154: [GC (Allocation Failure) [PSYoungGen: 64368K->1440K(65024K)] 407496K->344568K(743936K), 0.0020133 secs] [Times: user=0.01 sys=0.00, real=0.00 secs] 
866.000: [GC (Allocation Failure) [PSYoungGen: 64416K->1408K(65024K)] 407544K->344536K(743936K), 0.0022058 secs] [Times: user=0.01 sys=0.00, real=0.00 secs] 
866.614: [GC (Allocation Failure) [PSYoungGen: 64384K->1408K(65024K)] 407512K->344536K(743936K), 0.0026679 secs] [Times: user=0.02 sys=0.00, real=0.00 secs] 
867.199: [GC (Allocation Failure) [PSYoungGen: 64384K->1408K(65024K)] 407512K->344536K(743936K), 0.0031869 secs] [Times: user=0.01 sys=0.01, real=0.00 secs] 
869.348: [GC (Allocation Failure) [PSYoungGen: 64384K->1440K(65024K)] 407512K->344576K(743936K), 0.0033709 secs] [Times: user=0.02 sys=0.00, real=0.00 secs] 
870.416: [GC (Allocation Failure) [PSYoungGen: 64416K->1376K(65024K)] 407552K->344512K(743936K), 0.0039743 secs] [Times: user=0.01 sys=0.00, real=0.00 secs] 
870.803: [GC (Allocation Failure) [PSYoungGen: 64352K->1376K(65024K)] 407488K->344520K(743936K), 0.0041100 secs] [Times: user=0.01 sys=0.00, real=0.01 secs] 
871.061: [GC (Allocation Failure) [PSYoungGen: 64352K->1344K(64512K)] 407496K->344488K(743424K), 0.0022075 secs] [Times: user=0.01 sys=0.01, real=0.01 secs] 
871.393: [GC (Allocation Failure) [PSYoungGen: 64320K->1408K(64512K)] 407464K->344560K(743424K), 0.0017978 secs] [Times: user=0.01 sys=0.00, real=0.01 secs] 
873.096: [GC (Allocation Failure) [PSYoungGen: 64384K->1440K(64512K)] 407536K->344592K(743424K), 0.0022411 secs] [Times: user=0.01 sys=0.00, real=0.00 secs] 
873.894: [GC (Allocation Failure) [PSYoungGen: 64416K->1376K(64512K)] 407568K->344536K(743424K), 0.0026739 secs] [Times: user=0.01 sys=0.00, real=0.00 secs] 
874.616: [GC (Allocation Failure) [PSYoungGen: 64352K->1408K(64512K)] 407512K->344568K(743424K), 0.0026036 secs] [Times: user=0.01 sys=0.00, real=0.00 secs] 
874.872: [GC (Allocation Failure) [PSYoungGen: 64384K->1376K(64512K)] 407544K->344536K(743424K), 0.0019210 secs] [Times: user=0.01 sys=0.00, real=0.01 secs] 
876.091: [GC (Allocation Failure) [PSYoungGen: 64352K->1376K(64512K)] 407512K->344536K(743424K), 0.0019894 secs] [Times: user=0.00 sys=0.00, real=0.00 secs] 
876.699: [GC (Allocation Failure) [PSYoungGen: 64352K->1376K(64512K)] 407512K->344536K(743424K), 0.0020068 secs] [Times: user=0.01 sys=0.00, real=0.00 secs] 
876.988: [GC (Allocation Failure) [PSYoungGen: 64352K->1376K(64512K)] 407512K->344536K(743424K), 0.0020216 secs] [Times: user=0.01 sys=0.00, real=0.00 secs] 
877.329: [GC (Allocation Failure) [PSYoungGen: 64352K->1376K(64512K)] 407512K->344536K(743424K), 0.0018640 secs] [Times: user=0.01 sys=0.00, real=0.00 secs] 
877.597: [GC (Allocation Failure) [PSYoungGen: 64352K->1408K(64512K)] 407512K->344568K(743424K), 0.0019650 secs] [Times: user=0.01 sys=0.00, real=0.00 secs] 
878.893: [GC (Allocation Failure) [PSYoungGen: 64384K->1408K(64512K)] 407544K->344568K(743424K), 0.0026968 secs] [Times: user=0.01 sys=0.00, real=0.01 secs] 
879.394: [GC (Allocation Failure) [PSYoungGen: 64384K->1376K(64512K)] 407544K->344544K(743424K), 0.0027321 secs] [Times: user=0.01 sys=0.00, real=0.00 secs] 
879.992: [GC (Allocation Failure) [PSYoungGen: 64352K->1408K(64512K)] 407520K->344576K(743424K), 0.0039920 secs] [Times: user=0.01 sys=0.00, real=0.01 secs] 
880.626: [GC (Allocation Failure) [PSYoungGen: 64384K->1408K(64512K)] 407552K->344576K(743424K), 0.0027544 secs] [Times: user=0.01 sys=0.00, real=0.00 secs] 
882.120: [GC (Allocation Failure) [PSYoungGen: 64384K->1408K(64512K)] 407552K->344576K(743424K), 0.0020646 secs] [Times: user=0.00 sys=0.00, real=0.00 secs] 
883.385: [GC (Allocation Failure) [PSYoungGen: 64384K->1376K(64512K)] 407552K->344544K(743424K), 0.0031836 secs] [Times: user=0.01 sys=0.00, real=0.00 secs] 
884.073: [GC (Allocation Failure) [PSYoungGen: 64352K->1376K(64512K)] 407520K->344544K(743424K), 0.0091507 secs] [Times: user=0.03 sys=0.00, real=0.00 secs] 
884.785: [GC (Allocation Failure) [PSYoungGen: 64352K->1376K(64512K)] 407520K->344544K(743424K), 0.0022114 secs] [Times: user=0.01 sys=0.00, real=0.00 secs] 
885.602: [GC (Allocation Failure) [PSYoungGen: 64352K->1376K(64512K)] 407520K->344544K(743424K), 0.0020173 secs] [Times: user=0.01 sys=0.00, real=0.01 secs] 
886.699: [GC (Allocation Failure) [PSYoungGen: 64352K->1376K(64512K)] 407520K->344544K(743424K), 0.0017151 secs] [Times: user=0.01 sys=0.00, real=0.00 secs] 
886.970: [GC (Allocation Failure) [PSYoungGen: 64352K->1344K(64512K)] 407520K->344512K(743424K), 0.0016023 secs] [Times: user=0.01 sys=0.00, real=0.00 secs] 
887.284: [GC (Allocation Failure) [PSYoungGen: 64320K->1376K(64512K)] 407488K->344544K(743424K), 0.0025834 secs] [Times: user=0.01 sys=0.00, real=0.00 secs] 
887.649: [GC (Allocation Failure) [PSYoungGen: 64352K->1344K(64512K)] 407520K->344512K(743424K), 0.0032669 secs] [Times: user=0.01 sys=0.00, real=0.00 secs] 
888.814: [GC (Allocation Failure) [PSYoungGen: 64320K->1408K(64512K)] 407488K->344584K(743424K), 0.0017356 secs] [Times: user=0.01 sys=0.00, real=0.00 secs] 
889.355: [GC (Allocation Failure) [PSYoungGen: 64384K->1424K(64512K)] 407560K->344600K(743424K), 0.0039250 secs] [Times: user=0.01 sys=0.00, real=0.00 secs] 
889.904: [GC (Allocation Failure) [PSYoungGen: 64400K->1392K(64512K)] 407576K->344576K(743424K), 0.0030802 secs] [Times: user=0.01 sys=0.00, real=0.00 secs] 
890.520: [GC (Allocation Failure) [PSYoungGen: 64368K->1376K(64512K)] 407552K->344560K(743424K), 0.0025979 secs] [Times: user=0.01 sys=0.00, real=0.01 secs] 
890.931: [GC (Allocation Failure) [PSYoungGen: 64352K->1440K(64512K)] 407536K->344624K(743424K), 0.0020460 secs] [Times: user=0.01 sys=0.00, real=0.01 secs] 
892.314: [GC (Allocation Failure) [PSYoungGen: 64416K->1440K(64512K)] 407600K->344624K(743424K), 0.0018224 secs] [Times: user=0.01 sys=0.00, real=0.00 secs] 
892.884: [GC (Allocation Failure) [PSYoungGen: 64416K->1408K(64512K)] 407600K->344592K(743424K), 0.0020447 secs] [Times: user=0.01 sys=0.00, real=0.00 secs] 
893.469: [GC (Allocation Failure) [PSYoungGen: 64384K->1408K(64512K)] 407568K->344592K(743424K), 0.0024129 secs] [Times: user=0.01 sys=0.00, real=0.00 secs] 
894.067: [GC (Allocation Failure) [PSYoungGen: 64384K->1408K(64512K)] 407568K->344592K(743424K), 0.0024601 secs] [Times: user=0.01 sys=0.00, real=0.00 secs] 
895.323: [GC (Allocation Failure) [PSYoungGen: 64384K->1440K(64512K)] 407568K->344624K(743424K), 0.0018324 secs] [Times: user=0.01 sys=0.00, real=0.00 secs] 
895.886: [GC (Allocation Failure) [PSYoungGen: 64416K->1376K(64512K)] 407600K->344560K(743424K), 0.0019203 secs] [Times: user=0.01 sys=0.00, real=0.00 secs] 
896.197: [GC (Allocation Failure) [PSYoungGen: 64352K->1408K(64512K)] 407536K->344592K(743424K), 0.0021483 secs] [Times: user=0.01 sys=0.00, real=0.00 secs] 
896.513: [GC (Allocation Failure) [PSYoungGen: 64384K->1376K(64512K)] 407568K->344560K(743424K), 0.0019498 secs] [Times: user=0.01 sys=0.00, real=0.01 secs] 
896.810: [GC (Allocation Failure) [PSYoungGen: 64352K->1376K(64512K)] 407536K->344560K(743424K), 0.0021048 secs] [Times: user=0.01 sys=0.00, real=0.00 secs] 
898.180: [GC (Allocation Failure) [PSYoungGen: 64352K->1440K(64512K)] 407536K->344624K(743424K), 0.0020668 secs] [Times: user=0.01 sys=0.00, real=0.00 secs] 
898.840: [GC (Allocation Failure) [PSYoungGen: 64416K->1344K(64512K)] 407600K->344544K(743424K), 0.0041453 secs] [Times: user=0.01 sys=0.01, real=0.01 secs] 
899.972: [GC (Allocation Failure) [PSYoungGen: 64320K->1440K(64512K)] 407520K->344640K(743424K), 0.0026263 secs] [Times: user=0.01 sys=0.00, real=0.01 secs] 
900.490: [GC (Allocation Failure) [PSYoungGen: 64416K->1392K(64512K)] 407616K->344592K(743424K), 0.0018410 secs] [Times: user=0.01 sys=0.00, real=0.00 secs] 
901.695: [GC (Allocation Failure) [PSYoungGen: 64368K->1440K(64512K)] 407568K->344640K(743424K), 0.0015956 secs] [Times: user=0.01 sys=0.00, real=0.00 secs] 
902.508: [GC (Allocation Failure) [PSYoungGen: 64416K->1376K(64512K)] 407616K->344576K(743424K), 0.0020230 secs] [Times: user=0.01 sys=0.00, real=0.00 secs] 
903.407: [GC (Allocation Failure) [PSYoungGen: 64352K->1312K(64512K)] 407552K->344512K(743424K), 0.0019135 secs] [Times: user=0.01 sys=0.00, real=0.00 secs] 
904.041: [GC (Allocation Failure) [PSYoungGen: 64288K->1360K(64512K)] 407488K->344560K(743424K), 0.0025531 secs] [Times: user=0.01 sys=0.00, real=0.01 secs] 
904.813: [GC (Allocation Failure) [PSYoungGen: 64336K->1376K(64512K)] 407536K->344576K(743424K), 0.0037483 secs] [Times: user=0.02 sys=0.00, real=0.01 secs] 
906.365: [GC (Allocation Failure) [PSYoungGen: 64352K->1440K(64512K)] 407552K->344640K(743424K), 0.0019641 secs] [Times: user=0.00 sys=0.00, real=0.00 secs] 
907.079: [GC (Allocation Failure) [PSYoungGen: 64416K->1376K(64512K)] 407616K->344584K(743424K), 0.0027965 secs] [Times: user=0.01 sys=0.00, real=0.00 secs] 
907.544: [GC (Allocation Failure) [PSYoungGen: 64352K->1376K(64512K)] 407560K->344584K(743424K), 0.0021889 secs] [Times: user=0.01 sys=0.00, real=0.00 secs] 
908.130: [GC (Allocation Failure) [PSYoungGen: 64352K->1408K(64512K)] 407560K->344616K(743424K), 0.0019246 secs] [Times: user=0.01 sys=0.00, real=0.00 secs] 
909.388: [GC (Allocation Failure) [PSYoungGen: 64384K->1440K(64512K)] 407592K->344648K(743424K), 0.0022056 secs] [Times: user=0.01 sys=0.00, real=0.00 secs] 
909.660: [GC (Allocation Failure) [PSYoungGen: 64416K->1408K(64512K)] 407624K->344616K(743424K), 0.0019473 secs] [Times: user=0.01 sys=0.00, real=0.00 secs] 
909.930: [GC (Allocation Failure) [PSYoungGen: 64384K->1376K(64512K)] 407592K->344608K(743424K), 0.0018795 secs] [Times: user=0.01 sys=0.00, real=0.00 secs] 
910.233: [GC (Allocation Failure) [PSYoungGen: 64352K->1360K(64512K)] 407584K->344592K(743424K), 0.0019159 secs] [Times: user=0.01 sys=0.00, real=0.00 secs] 
910.584: [GC (Allocation Failure) [PSYoungGen: 64325K->256K(64000K)] 407558K->343488K(742912K), 0.0019428 secs] [Times: user=0.01 sys=0.00, real=0.00 secs] 
911.751: [GC (Allocation Failure) [PSYoungGen: 62720K->1376K(64512K)] 405952K->344616K(743424K), 0.0016622 secs] [Times: user=0.01 sys=0.00, real=0.00 secs] 
912.235: [GC (Allocation Failure) [PSYoungGen: 63840K->1344K(64512K)] 407080K->344584K(743424K), 0.0017274 secs] [Times: user=0.01 sys=0.00, real=0.00 secs] 
912.754: [GC (Allocation Failure) [PSYoungGen: 63808K->1376K(64512K)] 407048K->344616K(743424K), 0.0020709 secs] [Times: user=0.01 sys=0.00, real=0.00 secs] 
913.260: [GC (Allocation Failure) [PSYoungGen: 63840K->1376K(64512K)] 407080K->344616K(743424K), 0.0019336 secs] [Times: user=0.00 sys=0.00, real=0.00 secs] 
914.417: [GC (Allocation Failure) [PSYoungGen: 63840K->1456K(64512K)] 407080K->344696K(743424K), 0.0016036 secs] [Times: user=0.00 sys=0.00, real=0.00 secs] 
914.676: [GC (Allocation Failure) [PSYoungGen: 63920K->1376K(64512K)] 407160K->344616K(743424K), 0.0015112 secs] [Times: user=0.01 sys=0.00, real=0.00 secs] 
914.935: [GC (Allocation Failure) [PSYoungGen: 63840K->1344K(64512K)] 407080K->344592K(743424K), 0.0015177 secs] [Times: user=0.00 sys=0.00, real=0.00 secs] 
915.194: [GC (Allocation Failure) [PSYoungGen: 63808K->1344K(64512K)] 407056K->344592K(743424K), 0.0015435 secs] [Times: user=0.01 sys=0.00, real=0.00 secs] 
915.452: [GC (Allocation Failure) [PSYoungGen: 63808K->1344K(64512K)] 407056K->344592K(743424K), 0.0015632 secs] [Times: user=0.01 sys=0.00, real=0.01 secs] 
917.059: [GC (Allocation Failure) [PSYoungGen: 63808K->1408K(64512K)] 407056K->344672K(743424K), 0.0024914 secs] [Times: user=0.01 sys=0.00, real=0.00 secs] 
918.185: [GC (Allocation Failure) [PSYoungGen: 63872K->1344K(64512K)] 407136K->344608K(743424K), 0.0033017 secs] [Times: user=0.01 sys=0.00, real=0.00 secs] 
918.971: [GC (Allocation Failure) [PSYoungGen: 63808K->1376K(64512K)] 407072K->344640K(743424K), 0.0026200 secs] [Times: user=0.01 sys=0.00, real=0.01 secs] 
919.567: [GC (Allocation Failure) [PSYoungGen: 63840K->1376K(64000K)] 407104K->344640K(742912K), 0.0026065 secs] [Times: user=0.01 sys=0.00, real=0.00 secs] 
920.810: [GC (Allocation Failure) [PSYoungGen: 63840K->1376K(64000K)] 407104K->344640K(742912K), 0.0015539 secs] [Times: user=0.00 sys=0.00, real=0.00 secs] 
921.473: [GC (Allocation Failure) [PSYoungGen: 63840K->1376K(64000K)] 407104K->344640K(742912K), 0.0019052 secs] [Times: user=0.01 sys=0.01, real=0.00 secs] 
922.003: [GC (Allocation Failure) [PSYoungGen: 63840K->1392K(64000K)] 407104K->344664K(742912K), 0.0018905 secs] [Times: user=0.01 sys=0.00, real=0.00 secs] 
922.814: [GC (Allocation Failure) [PSYoungGen: 63856K->1376K(64000K)] 407128K->344648K(742912K), 0.0019769 secs] [Times: user=0.01 sys=0.00, real=0.00 secs] 
923.870: [GC (Allocation Failure) [PSYoungGen: 63840K->1376K(64000K)] 407112K->344648K(742912K), 0.0023594 secs] [Times: user=0.01 sys=0.00, real=0.00 secs] 
925.009: [GC (Allocation Failure) [PSYoungGen: 63840K->1392K(64000K)] 407112K->344664K(742912K), 0.0037599 secs] [Times: user=0.01 sys=0.00, real=0.00 secs] 
925.286: [GC (Allocation Failure) [PSYoungGen: 63856K->1408K(64000K)] 407128K->344680K(742912K), 0.0018525 secs] [Times: user=0.01 sys=0.00, real=0.00 secs] 
925.579: [GC (Allocation Failure) [PSYoungGen: 63872K->1376K(64000K)] 407144K->344648K(742912K), 0.0018857 secs] [Times: user=0.01 sys=0.01, real=0.00 secs] 
925.878: [GC (Allocation Failure) [PSYoungGen: 63840K->1408K(64000K)] 407112K->344680K(742912K), 0.0019680 secs] [Times: user=0.01 sys=0.00, real=0.00 secs] 
926.866: [GC (Allocation Failure) [PSYoungGen: 63872K->1408K(64000K)] 407144K->344680K(742912K), 0.0017062 secs] [Times: user=0.01 sys=0.00, real=0.00 secs] 
927.125: [GC (Allocation Failure) [PSYoungGen: 63872K->1376K(64000K)] 407144K->344648K(742912K), 0.0016385 secs] [Times: user=0.01 sys=0.00, real=0.00 secs] 
927.384: [GC (Allocation Failure) [PSYoungGen: 63840K->1440K(64000K)] 407112K->344712K(742912K), 0.0017548 secs] [Times: user=0.01 sys=0.00, real=0.00 secs] 
927.643: [GC (Allocation Failure) [PSYoungGen: 63904K->1376K(64000K)] 407176K->344680K(742912K), 0.0015918 secs] [Times: user=0.01 sys=0.00, real=0.00 secs] 
927.902: [GC (Allocation Failure) [PSYoungGen: 63840K->1344K(64000K)] 407144K->344648K(742912K), 0.0020904 secs] [Times: user=0.01 sys=0.00, real=0.01 secs] 
928.850: [GC (Allocation Failure) [PSYoungGen: 63808K->1408K(64000K)] 407112K->344712K(742912K), 0.0017533 secs] [Times: user=0.01 sys=0.00, real=0.00 secs] 
929.110: [GC (Allocation Failure) [PSYoungGen: 63872K->1344K(64000K)] 407176K->344648K(742912K), 0.0017070 secs] [Times: user=0.01 sys=0.00, real=0.00 secs] 
929.443: [GC (Allocation Failure) [PSYoungGen: 63808K->1376K(64000K)] 407112K->344680K(742912K), 0.0018526 secs] [Times: user=0.00 sys=0.00, real=0.01 secs] 
929.702: [GC (Allocation Failure) [PSYoungGen: 63840K->1408K(64000K)] 407144K->344712K(742912K), 0.0020266 secs] [Times: user=0.01 sys=0.00, real=0.01 secs] 
930.737: [GC (Allocation Failure) [PSYoungGen: 63872K->1440K(64000K)] 407176K->344744K(742912K), 0.0016817 secs] [Times: user=0.01 sys=0.00, real=0.00 secs] 
931.331: [GC (Allocation Failure) [PSYoungGen: 63904K->1376K(64000K)] 407208K->344680K(742912K), 0.0019288 secs] [Times: user=0.01 sys=0.00, real=0.01 secs] 
931.949: [GC (Allocation Failure) [PSYoungGen: 63840K->1376K(64000K)] 407144K->344680K(742912K), 0.0021858 secs] [Times: user=0.01 sys=0.00, real=0.00 secs] 
932.270: [GC (Allocation Failure) [PSYoungGen: 63840K->1376K(64000K)] 407144K->344680K(742912K), 0.0020000 secs] [Times: user=0.00 sys=0.00, real=0.00 secs] 
932.529: [GC (Allocation Failure) [PSYoungGen: 63840K->1408K(64000K)] 407144K->344712K(742912K), 0.0020034 secs] [Times: user=0.01 sys=0.00, real=0.00 secs] 
933.506: [GC (Allocation Failure) [PSYoungGen: 63872K->1408K(64000K)] 407176K->344712K(742912K), 0.0016650 secs] [Times: user=0.01 sys=0.00, real=0.00 secs] 
933.765: [GC (Allocation Failure) [PSYoungGen: 63872K->1376K(64000K)] 407176K->344680K(742912K), 0.0019002 secs] [Times: user=0.00 sys=0.00, real=0.00 secs] 
934.025: [GC (Allocation Failure) [PSYoungGen: 63840K->1376K(64000K)] 407144K->344680K(742912K), 0.0023188 secs] [Times: user=0.01 sys=0.00, real=0.00 secs] 
934.285: [GC (Allocation Failure) [PSYoungGen: 63840K->1376K(64000K)] 407144K->344680K(742912K), 0.0022324 secs] [Times: user=0.01 sys=0.00, real=0.00 secs] 
935.272: [GC (Allocation Failure) [PSYoungGen: 63840K->1440K(64000K)] 407144K->344744K(742912K), 0.0016720 secs] [Times: user=0.01 sys=0.00, real=0.01 secs] 
935.532: [GC (Allocation Failure) [PSYoungGen: 63904K->1408K(64000K)] 407208K->344712K(742912K), 0.0015262 secs] [Times: user=0.01 sys=0.00, real=0.01 secs] 
935.790: [GC (Allocation Failure) [PSYoungGen: 63872K->1376K(64000K)] 407176K->344704K(742912K), 0.0016565 secs] [Times: user=0.01 sys=0.00, real=0.00 secs] 
936.055: [GC (Allocation Failure) [PSYoungGen: 63840K->1360K(64000K)] 407168K->344688K(742912K), 0.0026683 secs] [Times: user=0.01 sys=0.00, real=0.00 secs] 
936.311: [GC (Allocation Failure) [PSYoungGen: 63824K->1408K(64000K)] 407152K->344736K(742912K), 0.0021392 secs] [Times: user=0.01 sys=0.00, real=0.00 secs] 
938.876: [GC (Allocation Failure) [PSYoungGen: 63872K->1408K(64000K)] 407200K->344736K(742912K), 0.0040617 secs] [Times: user=0.02 sys=0.00, real=0.00 secs] 
939.254: [GC (Allocation Failure) [PSYoungGen: 63872K->1376K(64000K)] 407200K->344704K(742912K), 0.0020666 secs] [Times: user=0.00 sys=0.00, real=0.00 secs] 
939.513: [GC (Allocation Failure) [PSYoungGen: 63840K->1344K(64000K)] 407168K->344672K(742912K), 0.0020143 secs] [Times: user=0.01 sys=0.00, real=0.00 secs] 
939.932: [GC (Allocation Failure) [PSYoungGen: 63808K->1376K(64000K)] 407136K->344704K(742912K), 0.0019956 secs] [Times: user=0.01 sys=0.00, real=0.01 secs] 
941.310: [GC (Allocation Failure) [PSYoungGen: 63840K->1392K(64000K)] 407168K->344720K(742912K), 0.0017716 secs] [Times: user=0.01 sys=0.00, real=0.00 secs] 
941.964: [GC (Allocation Failure) [PSYoungGen: 63856K->1360K(64000K)] 407184K->344688K(742912K), 0.0025473 secs] [Times: user=0.01 sys=0.01, real=0.00 secs] 
942.584: [GC (Allocation Failure) [PSYoungGen: 63824K->1360K(64000K)] 407152K->344688K(742912K), 0.0025509 secs] [Times: user=0.01 sys=0.00, real=0.00 secs] 
943.307: [GC (Allocation Failure) [PSYoungGen: 63824K->1344K(64000K)] 407152K->344672K(742912K), 0.0032430 secs] [Times: user=0.01 sys=0.00, real=0.00 secs] 
944.007: [GC (Allocation Failure) [PSYoungGen: 63808K->1376K(64000K)] 407136K->344704K(742912K), 0.0045873 secs] [Times: user=0.01 sys=0.01, real=0.00 secs] 
945.377: [GC (Allocation Failure) [PSYoungGen: 63840K->1408K(64000K)] 407168K->344736K(742912K), 0.0031881 secs] [Times: user=0.02 sys=0.00, real=0.00 secs] 
945.863: [GC (Allocation Failure) [PSYoungGen: 63872K->1344K(64000K)] 407200K->344672K(742912K), 0.0031434 secs] [Times: user=0.01 sys=0.00, real=0.00 secs] 
946.350: [GC (Allocation Failure) [PSYoungGen: 63808K->1312K(64000K)] 407136K->344640K(742912K), 0.0026372 secs] [Times: user=0.01 sys=0.00, real=0.00 secs] 
946.847: [GC (Allocation Failure) [PSYoungGen: 63776K->1376K(64000K)] 407104K->344704K(742912K), 0.0022569 secs] [Times: user=0.01 sys=0.00, real=0.00 secs] 
948.104: [GC (Allocation Failure) [PSYoungGen: 63840K->1376K(64000K)] 407168K->344704K(742912K), 0.0018254 secs] [Times: user=0.00 sys=0.00, real=0.00 secs] 
948.665: [GC (Allocation Failure) [PSYoungGen: 63840K->1408K(64000K)] 407168K->344736K(742912K), 0.0016805 secs] [Times: user=0.00 sys=0.00, real=0.00 secs] 
949.205: [GC (Allocation Failure) [PSYoungGen: 63872K->1408K(64000K)] 407200K->344744K(742912K), 0.0019787 secs] [Times: user=0.01 sys=0.00, real=0.00 secs] 
949.744: [GC (Allocation Failure) [PSYoungGen: 63872K->1376K(64000K)] 407208K->344712K(742912K), 0.0020200 secs] [Times: user=0.01 sys=0.00, real=0.00 secs] 
950.232: [GC (Allocation Failure) [PSYoungGen: 63840K->1440K(64000K)] 407176K->344776K(742912K), 0.0024754 secs] [Times: user=0.01 sys=0.01, real=0.01 secs] 
951.484: [GC (Allocation Failure) [PSYoungGen: 63904K->1408K(64000K)] 407240K->344744K(742912K), 0.0021311 secs] [Times: user=0.01 sys=0.00, real=0.00 secs] 
952.282: [GC (Allocation Failure) [PSYoungGen: 63872K->1376K(64000K)] 407208K->344712K(742912K), 0.0036329 secs] [Times: user=0.02 sys=0.00, real=0.01 secs] 
953.110: [GC (Allocation Failure) [PSYoungGen: 63840K->1312K(64000K)] 407176K->344648K(742912K), 0.0034361 secs] [Times: user=0.01 sys=0.00, real=0.01 secs] 
953.830: [GC (Allocation Failure) [PSYoungGen: 63776K->1376K(64000K)] 407112K->344712K(742912K), 0.0033545 secs] [Times: user=0.01 sys=0.00, real=0.01 secs] 
955.271: [GC (Allocation Failure) [PSYoungGen: 63840K->864K(64000K)] 407176K->345224K(742912K), 0.0019368 secs] [Times: user=0.00 sys=0.00, real=0.01 secs] 
956.330: [GC (Allocation Failure) [PSYoungGen: 63328K->352K(64000K)] 407688K->344712K(742912K), 0.0037927 secs] [Times: user=0.02 sys=0.00, real=0.01 secs] 
957.271: [GC (Allocation Failure) [PSYoungGen: 62816K->352K(64512K)] 407176K->344728K(743424K), 0.0037391 secs] [Times: user=0.02 sys=0.00, real=0.01 secs] 
958.375: [GC (Allocation Failure) [PSYoungGen: 62816K->352K(64512K)] 407192K->344728K(743424K), 0.0039075 secs] [Times: user=0.01 sys=0.00, real=0.00 secs] 
959.115: [GC (Allocation Failure) [PSYoungGen: 62816K->352K(64512K)] 407192K->344728K(743424K), 0.0030490 secs] [Times: user=0.02 sys=0.00, real=0.00 secs] 
961.573: [GC (Allocation Failure) [PSYoungGen: 62816K->1408K(64512K)] 407192K->345784K(743424K), 0.0018286 secs] [Times: user=0.00 sys=0.00, real=0.00 secs] 
961.833: [GC (Allocation Failure) [PSYoungGen: 63872K->1376K(64512K)] 408248K->345760K(743424K), 0.0018791 secs] [Times: user=0.01 sys=0.00, real=0.01 secs] 
962.092: [GC (Allocation Failure) [PSYoungGen: 63840K->1408K(64512K)] 408224K->345792K(743424K), 0.0018843 secs] [Times: user=0.01 sys=0.00, real=0.01 secs] 
962.352: [GC (Allocation Failure) [PSYoungGen: 63872K->1344K(64512K)] 408256K->345728K(743424K), 0.0019121 secs] [Times: user=0.01 sys=0.00, real=0.01 secs] 
963.436: [GC (Allocation Failure) [PSYoungGen: 63808K->1984K(64512K)] 408192K->346376K(743424K), 0.0020272 secs] [Times: user=0.01 sys=0.00, real=0.00 secs] 
964.455: [GC (Allocation Failure) [PSYoungGen: 64448K->1344K(65024K)] 408840K->345736K(743936K), 0.0025450 secs] [Times: user=0.01 sys=0.00, real=0.00 secs] 
965.331: [GC (Allocation Failure) [PSYoungGen: 63808K->1360K(65024K)] 408200K->345752K(743936K), 0.0026573 secs] [Times: user=0.01 sys=0.00, real=0.01 secs] 
966.031: [GC (Allocation Failure) [PSYoungGen: 63824K->1376K(65024K)] 408216K->345768K(743936K), 0.0069842 secs] [Times: user=0.03 sys=0.00, real=0.01 secs] 
966.795: [GC (Allocation Failure) [PSYoungGen: 63840K->1376K(65024K)] 408232K->345768K(743936K), 0.0028500 secs] [Times: user=0.01 sys=0.00, real=0.00 secs] 
968.010: [GC (Allocation Failure) [PSYoungGen: 63840K->1376K(64000K)] 408232K->345768K(742912K), 0.0017514 secs] [Times: user=0.01 sys=0.00, real=0.00 secs] 
968.636: [GC (Allocation Failure) [PSYoungGen: 63840K->1376K(64512K)] 408232K->345776K(743424K), 0.0036449 secs] [Times: user=0.01 sys=0.00, real=0.00 secs] 
969.443: [GC (Allocation Failure) [PSYoungGen: 63840K->1376K(64512K)] 408240K->345776K(743424K), 0.0030649 secs] [Times: user=0.01 sys=0.00, real=0.01 secs] 
970.512: [GC (Allocation Failure) [PSYoungGen: 63840K->1344K(64512K)] 408240K->345744K(743424K), 0.0035035 secs] [Times: user=0.01 sys=0.00, real=0.01 secs] 
972.407: [GC (Allocation Failure) [PSYoungGen: 63808K->1696K(64512K)] 408208K->346104K(743424K), 0.0019523 secs] [Times: user=0.01 sys=0.00, real=0.00 secs] 
973.666: [GC (Allocation Failure) [PSYoungGen: 64160K->1376K(64512K)] 408568K->345784K(743424K), 0.0026627 secs] [Times: user=0.01 sys=0.00, real=0.00 secs] 
974.334: [GC (Allocation Failure) [PSYoungGen: 63840K->1408K(64512K)] 408248K->345816K(743424K), 0.0023788 secs] [Times: user=0.01 sys=0.01, real=0.00 secs] 
974.835: [GC (Allocation Failure) [PSYoungGen: 63872K->1376K(64512K)] 408280K->345784K(743424K), 0.0022529 secs] [Times: user=0.01 sys=0.00, real=0.00 secs] 
975.347: [GC (Allocation Failure) [PSYoungGen: 63840K->1376K(64512K)] 408248K->345784K(743424K), 0.0022968 secs] [Times: user=0.01 sys=0.00, real=0.00 secs] 
976.485: [GC (Allocation Failure) [PSYoungGen: 63840K->1440K(64512K)] 408248K->345848K(743424K), 0.0018485 secs] [Times: user=0.01 sys=0.00, real=0.00 secs] 
976.745: [GC (Allocation Failure) [PSYoungGen: 63904K->1376K(64512K)] 408312K->345792K(743424K), 0.0019926 secs] [Times: user=0.01 sys=0.00, real=0.00 secs] 
977.083: [GC (Allocation Failure) [PSYoungGen: 63840K->1408K(64512K)] 408256K->345824K(743424K), 0.0019804 secs] [Times: user=0.01 sys=0.00, real=0.00 secs] 
977.343: [GC (Allocation Failure) [PSYoungGen: 63872K->1408K(64512K)] 408288K->345824K(743424K), 0.0021047 secs] [Times: user=0.01 sys=0.00, real=0.01 secs] 
978.304: [GC (Allocation Failure) [PSYoungGen: 63872K->1408K(64512K)] 408288K->345824K(743424K), 0.0015758 secs] [Times: user=0.01 sys=0.00, real=0.00 secs] 
979.291: [GC (Allocation Failure) [PSYoungGen: 63872K->1376K(64512K)] 408288K->345792K(743424K), 0.0037643 secs] [Times: user=0.01 sys=0.00, real=0.01 secs] 
980.097: [GC (Allocation Failure) [PSYoungGen: 63840K->1376K(64512K)] 408256K->345800K(743424K), 0.0031030 secs] [Times: user=0.01 sys=0.00, real=0.00 secs] 
980.505: [GC (Allocation Failure) [PSYoungGen: 63840K->1376K(64512K)] 408264K->345816K(743424K), 0.0021932 secs] [Times: user=0.01 sys=0.00, real=0.00 secs] 
980.935: [GC (Allocation Failure) [PSYoungGen: 63840K->1408K(64512K)] 408280K->345856K(743424K), 0.0020418 secs] [Times: user=0.01 sys=0.00, real=0.00 secs] 
982.791: [GC (Allocation Failure) [PSYoungGen: 63872K->1408K(64512K)] 408320K->345856K(743424K), 0.0038963 secs] [Times: user=0.02 sys=0.00, real=0.01 secs] 
983.768: [GC (Allocation Failure) [PSYoungGen: 63872K->1344K(64512K)] 408320K->345792K(743424K), 0.0038836 secs] [Times: user=0.02 sys=0.00, real=0.00 secs] 
984.668: [GC (Allocation Failure) [PSYoungGen: 63808K->1376K(64512K)] 408256K->345824K(743424K), 0.0038736 secs] [Times: user=0.01 sys=0.00, real=0.00 secs] 
985.213: [GC (Allocation Failure) [PSYoungGen: 63840K->1344K(64512K)] 408288K->345792K(743424K), 0.0027416 secs] [Times: user=0.01 sys=0.00, real=0.00 secs] 
985.536: [GC (Allocation Failure) [PSYoungGen: 63799K->320K(64512K)] 408248K->344768K(743424K), 0.0020023 secs] [Times: user=0.01 sys=0.00, real=0.00 secs] 
987.674: [GC (Allocation Failure) [PSYoungGen: 62784K->1392K(64512K)] 407232K->345840K(743424K), 0.0040692 secs] [Times: user=0.01 sys=0.00, real=0.00 secs] 
988.413: [GC (Allocation Failure) [PSYoungGen: 63856K->1376K(64512K)] 408304K->345824K(743424K), 0.0032290 secs] [Times: user=0.02 sys=0.00, real=0.00 secs] 
988.960: [GC (Allocation Failure) [PSYoungGen: 63840K->1376K(64512K)] 408288K->345824K(743424K), 0.0032378 secs] [Times: user=0.01 sys=0.00, real=0.01 secs] 
989.245: [GC (Allocation Failure) [PSYoungGen: 63840K->1408K(64512K)] 408288K->345856K(743424K), 0.0019902 secs] [Times: user=0.01 sys=0.00, real=0.00 secs] 
990.453: [GC (Allocation Failure) [PSYoungGen: 63872K->1408K(64512K)] 408320K->345856K(743424K), 0.0018044 secs] [Times: user=0.01 sys=0.00, real=0.00 secs] 
991.316: [GC (Allocation Failure) [PSYoungGen: 63872K->1376K(64512K)] 408320K->345832K(743424K), 0.0032011 secs] [Times: user=0.01 sys=0.00, real=0.00 secs] 
991.851: [GC (Allocation Failure) [PSYoungGen: 63840K->1312K(64512K)] 408296K->345768K(743424K), 0.0028080 secs] [Times: user=0.01 sys=0.00, real=0.01 secs] 
992.584: [GC (Allocation Failure) [PSYoungGen: 63776K->1392K(64512K)] 408232K->345848K(743424K), 0.0028718 secs] [Times: user=0.01 sys=0.00, real=0.00 secs] 
993.324: [GC (Allocation Failure) [PSYoungGen: 63856K->1376K(64512K)] 408312K->345832K(743424K), 0.0040168 secs] [Times: user=0.02 sys=0.00, real=0.00 secs] 
995.127: [GC (Allocation Failure) [PSYoungGen: 63840K->1440K(64512K)] 408296K->345896K(743424K), 0.0041389 secs] [Times: user=0.02 sys=0.00, real=0.00 secs] 
995.924: [GC (Allocation Failure) [PSYoungGen: 63904K->1344K(64512K)] 408360K->345800K(743424K), 0.0039753 secs] [Times: user=0.01 sys=0.00, real=0.00 secs] 
996.698: [GC (Allocation Failure) [PSYoungGen: 63808K->1312K(64512K)] 408264K->345768K(743424K), 0.0039764 secs] [Times: user=0.02 sys=0.00, real=0.00 secs] 
997.479: [GC (Allocation Failure) [PSYoungGen: 63776K->1408K(64512K)] 408232K->345864K(743424K), 0.0038631 secs] [Times: user=0.01 sys=0.00, real=0.00 secs] 
998.690: [GC (Allocation Failure) [PSYoungGen: 63872K->1408K(64512K)] 408328K->345864K(743424K), 0.0017010 secs] [Times: user=0.01 sys=0.00, real=0.00 secs] 
999.514: [GC (Allocation Failure) [PSYoungGen: 63872K->1392K(64512K)] 408328K->345848K(743424K), 0.0016301 secs] [Times: user=0.01 sys=0.00, real=0.00 secs] 
1000.340: [GC (Allocation Failure) [PSYoungGen: 63856K->1376K(64512K)] 408312K->345840K(743424K), 0.0016693 secs] [Times: user=0.00 sys=0.00, real=0.00 secs] 
1001.000: [GC (Allocation Failure) [PSYoungGen: 63840K->1376K(64512K)] 408304K->345848K(743424K), 0.0018751 secs] [Times: user=0.01 sys=0.00, real=0.00 secs] 
1001.464: [GC (Allocation Failure) [PSYoungGen: 63840K->1344K(64000K)] 408312K->345816K(742912K), 0.0019812 secs] [Times: user=0.01 sys=0.00, real=0.00 secs] 
1002.518: [GC (Allocation Failure) [PSYoungGen: 63808K->1376K(64000K)] 408280K->345848K(742912K), 0.0020310 secs] [Times: user=0.00 sys=0.00, real=0.00 secs] 
1002.828: [GC (Allocation Failure) [PSYoungGen: 63840K->384K(63488K)] 408312K->345888K(742400K), 0.0017037 secs] [Times: user=0.01 sys=0.00, real=0.00 secs] 
1003.103: [GC (Allocation Failure) [PSYoungGen: 62848K->384K(64512K)] 408352K->345888K(743424K), 0.0016747 secs] [Times: user=0.01 sys=0.00, real=0.00 secs] 
1003.375: [GC (Allocation Failure) [PSYoungGen: 62848K->384K(64512K)] 408352K->345888K(743424K), 0.0018425 secs] [Times: user=0.01 sys=0.00, real=0.00 secs] 
1004.386: [GC (Allocation Failure) [PSYoungGen: 62848K->1408K(64512K)] 408352K->346912K(743424K), 0.0015473 secs] [Times: user=0.01 sys=0.00, real=0.00 secs] 
1004.840: [GC (Allocation Failure) [PSYoungGen: 63872K->1408K(64512K)] 409376K->346912K(743424K), 0.0016890 secs] [Times: user=0.00 sys=0.00, real=0.00 secs] 
1005.354: [GC (Allocation Failure) [PSYoungGen: 63872K->1360K(64512K)] 409376K->346864K(743424K), 0.0016404 secs] [Times: user=0.01 sys=0.00, real=0.00 secs] 
1005.932: [GC (Allocation Failure) [PSYoungGen: 63824K->1376K(64512K)] 409328K->346880K(743424K), 0.0018476 secs] [Times: user=0.01 sys=0.00, real=0.01 secs] 
1006.452: [GC (Allocation Failure) [PSYoungGen: 63840K->1408K(64512K)] 409344K->346912K(743424K), 0.0021010 secs] [Times: user=0.01 sys=0.00, real=0.01 secs] 
1007.620: [GC (Allocation Failure) [PSYoungGen: 63872K->1376K(64512K)] 409376K->346880K(743424K), 0.0019829 secs] [Times: user=0.01 sys=0.00, real=0.00 secs] 
1007.905: [GC (Allocation Failure) [PSYoungGen: 63840K->1376K(64512K)] 409344K->346904K(743424K), 0.0018642 secs] [Times: user=0.01 sys=0.00, real=0.00 secs] 
1008.349: [GC (Allocation Failure) [PSYoungGen: 63840K->1408K(64512K)] 409368K->346936K(743424K), 0.0017397 secs] [Times: user=0.01 sys=0.00, real=0.00 secs] 
1009.067: [GC (Allocation Failure) [PSYoungGen: 63872K->1344K(64512K)] 409400K->346872K(743424K), 0.0038136 secs] [Times: user=0.02 sys=0.00, real=0.00 secs] 
1010.494: [GC (Allocation Failure) [PSYoungGen: 63808K->1440K(64512K)] 409336K->346968K(743424K), 0.0019043 secs] [Times: user=0.01 sys=0.00, real=0.00 secs] 
1010.844: [GC (Allocation Failure) [PSYoungGen: 63904K->1376K(64512K)] 409432K->346904K(743424K), 0.0018257 secs] [Times: user=0.01 sys=0.00, real=0.00 secs] 
1011.104: [GC (Allocation Failure) [PSYoungGen: 63840K->1392K(64512K)] 409368K->346920K(743424K), 0.0018600 secs] [Times: user=0.00 sys=0.00, real=0.00 secs] 
1011.363: [GC (Allocation Failure) [PSYoungGen: 63856K->1376K(64512K)] 409384K->346904K(743424K), 0.0018255 secs] [Times: user=0.01 sys=0.00, real=0.00 secs] 
1011.714: [GC (Allocation Failure) [PSYoungGen: 63840K->1408K(64512K)] 409368K->346936K(743424K), 0.0020348 secs] [Times: user=0.01 sys=0.00, real=0.00 secs] 
1013.051: [GC (Allocation Failure) [PSYoungGen: 63872K->1376K(64512K)] 409400K->346904K(743424K), 0.0037100 secs] [Times: user=0.01 sys=0.00, real=0.01 secs] 
1013.652: [GC (Allocation Failure) [PSYoungGen: 63840K->1376K(64512K)] 409368K->346904K(743424K), 0.0031252 secs] [Times: user=0.01 sys=0.00, real=0.01 secs] 
1014.064: [GC (Allocation Failure) [PSYoungGen: 63840K->1344K(64512K)] 409368K->346872K(743424K), 0.0023602 secs] [Times: user=0.00 sys=0.00, real=0.00 secs] 
1014.566: [GC (Allocation Failure) [PSYoungGen: 63808K->1408K(64512K)] 409336K->346936K(743424K), 0.0021198 secs] [Times: user=0.01 sys=0.00, real=0.00 secs] 
1015.694: [GC (Allocation Failure) [PSYoungGen: 63872K->1408K(64512K)] 409400K->346936K(743424K), 0.0017893 secs] [Times: user=0.01 sys=0.00, real=0.00 secs] 
1015.954: [GC (Allocation Failure) [PSYoungGen: 63872K->1360K(64512K)] 409400K->346888K(743424K), 0.0017106 secs] [Times: user=0.01 sys=0.00, real=0.00 secs] 
1016.212: [GC (Allocation Failure) [PSYoungGen: 63824K->1408K(64512K)] 409352K->346936K(743424K), 0.0016882 secs] [Times: user=0.00 sys=0.00, real=0.01 secs] 
1016.613: [GC (Allocation Failure) [PSYoungGen: 63872K->1376K(64512K)] 409400K->346904K(743424K), 0.0015065 secs] [Times: user=0.01 sys=0.00, real=0.00 secs] 
1017.126: [GC (Allocation Failure) [PSYoungGen: 63840K->1360K(64512K)] 409368K->346920K(743424K), 0.0016752 secs] [Times: user=0.01 sys=0.00, real=0.00 secs] 
1019.196: [GC (Allocation Failure) [PSYoungGen: 63824K->1424K(64512K)] 409384K->346984K(743424K), 0.0038289 secs] [Times: user=0.02 sys=0.00, real=0.00 secs] 
1020.573: [GC (Allocation Failure) [PSYoungGen: 63888K->1408K(64512K)] 409448K->346976K(743424K), 0.0028670 secs] [Times: user=0.01 sys=0.00, real=0.00 secs] 
1021.401: [GC (Allocation Failure) [PSYoungGen: 63872K->1376K(64512K)] 409440K->346944K(743424K), 0.0032221 secs] [Times: user=0.02 sys=0.00, real=0.01 secs] 
1022.228: [GC (Allocation Failure) [PSYoungGen: 63840K->1440K(64512K)] 409408K->347008K(743424K), 0.0038185 secs] [Times: user=0.01 sys=0.00, real=0.00 secs] 
1023.707: [GC (Allocation Failure) [PSYoungGen: 63904K->1408K(64512K)] 409472K->346976K(743424K), 0.0020184 secs] [Times: user=0.01 sys=0.00, real=0.00 secs] 
1025.103: [GC (Allocation Failure) [PSYoungGen: 63872K->1376K(64512K)] 409440K->346944K(743424K), 0.0039293 secs] [Times: user=0.02 sys=0.00, real=0.00 secs] 
1026.451: [GC (Allocation Failure) [PSYoungGen: 63840K->1376K(64000K)] 409408K->346944K(742912K), 0.0040577 secs] [Times: user=0.01 sys=0.00, real=0.01 secs] 
1027.094: [GC (Allocation Failure) [PSYoungGen: 63840K->1376K(64000K)] 409408K->346944K(742912K), 0.0031830 secs] [Times: user=0.01 sys=0.00, real=0.00 secs] 
1027.633: [GC (Allocation Failure) [PSYoungGen: 63840K->352K(63488K)] 409408K->346944K(742400K), 0.0036049 secs] [Times: user=0.02 sys=0.00, real=0.01 secs] 
1029.053: [GC (Allocation Failure) [PSYoungGen: 62816K->1376K(64512K)] 409408K->347968K(743424K), 0.0021911 secs] [Times: user=0.01 sys=0.00, real=0.00 secs] 
1029.618: [GC (Allocation Failure) [PSYoungGen: 63840K->1376K(64512K)] 410432K->347968K(743424K), 0.0030949 secs] [Times: user=0.01 sys=0.00, real=0.00 secs] 
1030.211: [GC (Allocation Failure) [PSYoungGen: 63840K->1376K(64512K)] 410432K->347968K(743424K), 0.0028751 secs] [Times: user=0.01 sys=0.00, real=0.01 secs] 
1030.680: [GC (Allocation Failure) [PSYoungGen: 63840K->1360K(64512K)] 410432K->347952K(743424K), 0.0024459 secs] [Times: user=0.01 sys=0.00, real=0.00 secs] 
1033.177: [GC (Allocation Failure) [PSYoungGen: 63824K->1408K(64512K)] 410416K->348000K(743424K), 0.0029320 secs] [Times: user=0.01 sys=0.00, real=0.00 secs] 
1033.971: [GC (Allocation Failure) [PSYoungGen: 63872K->1392K(64512K)] 410464K->347984K(743424K), 0.0031744 secs] [Times: user=0.01 sys=0.00, real=0.01 secs] 
1034.766: [GC (Allocation Failure) [PSYoungGen: 63856K->1376K(64512K)] 410448K->347976K(743424K), 0.0023100 secs] [Times: user=0.01 sys=0.00, real=0.00 secs] 
1035.430: [GC (Allocation Failure) [PSYoungGen: 63840K->1376K(64512K)] 410440K->347976K(743424K), 0.0018568 secs] [Times: user=0.01 sys=0.00, real=0.00 secs] 
1036.086: [GC (Allocation Failure) [PSYoungGen: 63840K->1408K(64512K)] 410440K->348008K(743424K), 0.0020570 secs] [Times: user=0.01 sys=0.00, real=0.00 secs] 
1037.277: [GC (Allocation Failure) [PSYoungGen: 63872K->1376K(64512K)] 410472K->347976K(743424K), 0.0017879 secs] [Times: user=0.01 sys=0.00, real=0.00 secs] 
1037.537: [GC (Allocation Failure) [PSYoungGen: 63840K->1360K(64512K)] 410440K->347960K(743424K), 0.0018018 secs] [Times: user=0.01 sys=0.00, real=0.00 secs] 
1038.033: [GC (Allocation Failure) [PSYoungGen: 63824K->1344K(64512K)] 410424K->347944K(743424K), 0.0018393 secs] [Times: user=0.00 sys=0.00, real=0.01 secs] 
1038.571: [GC (Allocation Failure) [PSYoungGen: 63808K->1376K(64512K)] 410408K->347976K(743424K), 0.0020031 secs] [Times: user=0.00 sys=0.00, real=0.00 secs] 
1039.910: [GC (Allocation Failure) [PSYoungGen: 63840K->1888K(64512K)] 410440K->348488K(743424K), 0.0017898 secs] [Times: user=0.01 sys=0.00, real=0.00 secs] 
1040.599: [GC (Allocation Failure) [PSYoungGen: 64352K->1344K(64512K)] 410952K->347944K(743424K), 0.0029558 secs] [Times: user=0.02 sys=0.00, real=0.00 secs] 
1041.217: [GC (Allocation Failure) [PSYoungGen: 63808K->1376K(64512K)] 410408K->347984K(743424K), 0.0022594 secs] [Times: user=0.01 sys=0.00, real=0.00 secs] 
1041.879: [GC (Allocation Failure) [PSYoungGen: 63840K->1392K(64512K)] 410448K->348000K(743424K), 0.0022616 secs] [Times: user=0.00 sys=0.00, real=0.00 secs] 
1042.406: [GC (Allocation Failure) [PSYoungGen: 63856K->1408K(64512K)] 410464K->348016K(743424K), 0.0020664 secs] [Times: user=0.01 sys=0.00, real=0.00 secs] 
1043.766: [GC (Allocation Failure) [PSYoungGen: 63872K->1408K(64512K)] 410480K->348024K(743424K), 0.0017843 secs] [Times: user=0.00 sys=0.00, real=0.00 secs] 
1044.093: [GC (Allocation Failure) [PSYoungGen: 63872K->1344K(64512K)] 410488K->347960K(743424K), 0.0018819 secs] [Times: user=0.01 sys=0.00, real=0.00 secs] 
1044.354: [GC (Allocation Failure) [PSYoungGen: 63808K->1312K(64512K)] 410424K->347928K(743424K), 0.0025975 secs] [Times: user=0.01 sys=0.00, real=0.00 secs] 
1044.615: [GC (Allocation Failure) [PSYoungGen: 63776K->1360K(64512K)] 410392K->347976K(743424K), 0.0022888 secs] [Times: user=0.01 sys=0.00, real=0.00 secs] 
1045.610: [GC (Allocation Failure) [PSYoungGen: 63824K->1664K(64512K)] 410440K->348280K(743424K), 0.0018056 secs] [Times: user=0.00 sys=0.00, real=0.00 secs] 
1046.209: [GC (Allocation Failure) [PSYoungGen: 64128K->1376K(64512K)] 410744K->347992K(743424K), 0.0018395 secs] [Times: user=0.00 sys=0.00, real=0.00 secs] 
1046.523: [GC (Allocation Failure) [PSYoungGen: 63840K->1344K(64512K)] 410456K->347960K(743424K), 0.0023490 secs] [Times: user=0.01 sys=0.00, real=0.00 secs] 
1046.907: [GC (Allocation Failure) [PSYoungGen: 63808K->1376K(64512K)] 410424K->347992K(743424K), 0.0022090 secs] [Times: user=0.01 sys=0.00, real=0.00 secs] 
1047.295: [GC (Allocation Failure) [PSYoungGen: 63840K->1408K(64512K)] 410456K->348024K(743424K), 0.0027642 secs] [Times: user=0.01 sys=0.00, real=0.00 secs] 
1048.579: [GC (Allocation Failure) [PSYoungGen: 63872K->1408K(64512K)] 410488K->348040K(743424K), 0.0018421 secs] [Times: user=0.01 sys=0.00, real=0.00 secs] 
1049.091: [GC (Allocation Failure) [PSYoungGen: 63872K->1376K(64512K)] 410504K->348016K(743424K), 0.0018793 secs] [Times: user=0.01 sys=0.01, real=0.00 secs] 
1049.369: [GC (Allocation Failure) [PSYoungGen: 63840K->1344K(64512K)] 410480K->347984K(743424K), 0.0019989 secs] [Times: user=0.00 sys=0.00, real=0.00 secs] 
1049.735: [GC (Allocation Failure) [PSYoungGen: 63808K->1408K(64512K)] 410448K->348048K(743424K), 0.0018036 secs] [Times: user=0.00 sys=0.00, real=0.00 secs] 
1050.924: [GC (Allocation Failure) [PSYoungGen: 63872K->1472K(64512K)] 410512K->348112K(743424K), 0.0020461 secs] [Times: user=0.01 sys=0.00, real=0.00 secs] 
1052.018: [GC (Allocation Failure) [PSYoungGen: 63936K->1344K(64512K)] 410576K->347984K(743424K), 0.0028344 secs] [Times: user=0.01 sys=0.00, real=0.00 secs] 
1052.570: [GC (Allocation Failure) [PSYoungGen: 63808K->1344K(64512K)] 410448K->347992K(743424K), 0.0030357 secs] [Times: user=0.01 sys=0.00, real=0.01 secs] 
1053.193: [GC (Allocation Failure) [PSYoungGen: 63808K->1408K(64512K)] 410456K->348056K(743424K), 0.0032022 secs] [Times: user=0.02 sys=0.00, real=0.00 secs] 
1053.785: [GC (Allocation Failure) [PSYoungGen: 63872K->1344K(64000K)] 410520K->347992K(742912K), 0.0032937 secs] [Times: user=0.01 sys=0.00, real=0.00 secs] 
1055.809: [GC (Allocation Failure) [PSYoungGen: 63808K->1408K(64000K)] 410456K->348056K(742912K), 0.0034022 secs] [Times: user=0.02 sys=0.00, real=0.00 secs] 
1056.424: [GC (Allocation Failure) [PSYoungGen: 63872K->320K(63488K)] 410520K->347992K(742400K), 0.0029876 secs] [Times: user=0.01 sys=0.00, real=0.00 secs] 
1057.116: [GC (Allocation Failure) [PSYoungGen: 62784K->352K(64512K)] 410456K->348024K(743424K), 0.0023567 secs] [Times: user=0.01 sys=0.00, real=0.00 secs] 
1057.608: [GC (Allocation Failure) [PSYoungGen: 62816K->320K(64512K)] 410488K->347992K(743424K), 0.0024361 secs] [Times: user=0.01 sys=0.00, real=0.00 secs] 
1058.823: [GC (Allocation Failure) [PSYoungGen: 62784K->304K(64512K)] 410456K->347976K(743424K), 0.0014772 secs] [Times: user=0.01 sys=0.00, real=0.00 secs] 
1060.277: [GC (Allocation Failure) [PSYoungGen: 62768K->1408K(64512K)] 410440K->349080K(743424K), 0.0023711 secs] [Times: user=0.01 sys=0.00, real=0.00 secs] 
1061.196: [GC (Allocation Failure) [PSYoungGen: 63872K->1344K(64512K)] 411544K->349024K(743424K), 0.0021794 secs] [Times: user=0.00 sys=0.00, real=0.00 secs] 
1061.708: [GC (Allocation Failure) [PSYoungGen: 63808K->1376K(64512K)] 411488K->349056K(743424K), 0.0021936 secs] [Times: user=0.01 sys=0.00, real=0.00 secs] 
1062.323: [GC (Allocation Failure) [PSYoungGen: 63840K->1408K(64512K)] 411520K->349088K(743424K), 0.0020990 secs] [Times: user=0.01 sys=0.00, real=0.01 secs] 
1063.652: [GC (Allocation Failure) [PSYoungGen: 63872K->1440K(64000K)] 411552K->349120K(742912K), 0.0021585 secs] [Times: user=0.01 sys=0.00, real=0.01 secs] 
1063.910: [GC (Allocation Failure) [PSYoungGen: 63392K->1344K(63488K)] 411072K->349024K(742400K), 0.0020679 secs] [Times: user=0.01 sys=0.00, real=0.00 secs] 
1064.286: [GC (Allocation Failure) [PSYoungGen: 63296K->1376K(64000K)] 410976K->349056K(742912K), 0.0018888 secs] [Times: user=0.01 sys=0.00, real=0.00 secs] 
1064.750: [GC (Allocation Failure) [PSYoungGen: 63328K->1344K(64000K)] 411008K->349024K(742912K), 0.0027654 secs] [Times: user=0.01 sys=0.00, real=0.00 secs] 
1065.210: [GC (Allocation Failure) [PSYoungGen: 63296K->1376K(64000K)] 410976K->349056K(742912K), 0.0031262 secs] [Times: user=0.01 sys=0.00, real=0.01 secs] 
1066.303: [GC (Allocation Failure) [PSYoungGen: 63328K->1408K(64000K)] 411008K->349088K(742912K), 0.0017654 secs] [Times: user=0.00 sys=0.00, real=0.00 secs] 
1066.614: [GC (Allocation Failure) [PSYoungGen: 63360K->1408K(64000K)] 411040K->349088K(742912K), 0.0016105 secs] [Times: user=0.01 sys=0.00, real=0.00 secs] 
1066.940: [GC (Allocation Failure) [PSYoungGen: 63360K->1408K(64000K)] 411040K->349088K(742912K), 0.0017754 secs] [Times: user=0.01 sys=0.00, real=0.00 secs] 
1067.208: [GC (Allocation Failure) [PSYoungGen: 63360K->1344K(64000K)] 411040K->349024K(742912K), 0.0017773 secs] [Times: user=0.00 sys=0.00, real=0.00 secs] 
1068.821: [GC (Allocation Failure) [PSYoungGen: 63296K->1392K(64000K)] 410976K->349072K(742912K), 0.0095382 secs] [Times: user=0.03 sys=0.00, real=0.01 secs] 
1069.841: [GC (Allocation Failure) [PSYoungGen: 63344K->1344K(64000K)] 411024K->349032K(742912K), 0.0033927 secs] [Times: user=0.01 sys=0.00, real=0.01 secs] 
1070.144: [GC (Allocation Failure) [PSYoungGen: 63296K->1424K(64000K)] 410984K->349112K(742912K), 0.0018642 secs] [Times: user=0.01 sys=0.00, real=0.00 secs] 
1070.396: [GC (Allocation Failure) [PSYoungGen: 63376K->1376K(64000K)] 411064K->349064K(742912K), 0.0022063 secs] [Times: user=0.01 sys=0.00, real=0.00 secs] 
1070.654: [GC (Allocation Failure) [PSYoungGen: 63328K->1408K(64000K)] 411016K->349096K(742912K), 0.0019414 secs] [Times: user=0.01 sys=0.00, real=0.00 secs] 
1072.176: [GC (Allocation Failure) [PSYoungGen: 63360K->1424K(64000K)] 411048K->349120K(742912K), 0.0030636 secs] [Times: user=0.01 sys=0.00, real=0.00 secs] 
1072.841: [GC (Allocation Failure) [PSYoungGen: 63376K->1408K(64000K)] 411072K->349104K(742912K), 0.0024246 secs] [Times: user=0.01 sys=0.00, real=0.01 secs] 
1073.389: [GC (Allocation Failure) [PSYoungGen: 63360K->1408K(64000K)] 411056K->349104K(742912K), 0.0024239 secs] [Times: user=0.01 sys=0.00, real=0.00 secs] 
1073.740: [GC (Allocation Failure) [PSYoungGen: 63360K->1344K(64000K)] 411056K->349040K(742912K), 0.0021240 secs] [Times: user=0.00 sys=0.00, real=0.00 secs] 
1074.886: [GC (Allocation Failure) [PSYoungGen: 63296K->1440K(64000K)] 410992K->349136K(742912K), 0.0018295 secs] [Times: user=0.01 sys=0.00, real=0.00 secs] 
1075.469: [GC (Allocation Failure) [PSYoungGen: 63392K->1408K(64000K)] 411088K->349104K(742912K), 0.0018284 secs] [Times: user=0.01 sys=0.00, real=0.00 secs] 
1076.022: [GC (Allocation Failure) [PSYoungGen: 63360K->1424K(64000K)] 411056K->349120K(742912K), 0.0023094 secs] [Times: user=0.01 sys=0.00, real=0.01 secs] 
1076.510: [GC (Allocation Failure) [PSYoungGen: 63376K->1408K(64000K)] 411072K->349104K(742912K), 0.0019712 secs] [Times: user=0.01 sys=0.00, real=0.00 secs] 
1076.768: [GC (Allocation Failure) [PSYoungGen: 63360K->1408K(64000K)] 411056K->349104K(742912K), 0.0019724 secs] [Times: user=0.01 sys=0.00, real=0.00 secs] 
1077.746: [GC (Allocation Failure) [PSYoungGen: 63360K->1424K(64000K)] 411056K->349128K(742912K), 0.0020804 secs] [Times: user=0.01 sys=0.00, real=0.00 secs] 
1078.003: [GC (Allocation Failure) [PSYoungGen: 63376K->1376K(64000K)] 411080K->349104K(742912K), 0.0017345 secs] [Times: user=0.00 sys=0.00, real=0.00 secs] 
1078.260: [GC (Allocation Failure) [PSYoungGen: 63328K->1408K(64000K)] 411056K->349136K(742912K), 0.0017747 secs] [Times: user=0.01 sys=0.00, real=0.00 secs] 
1078.517: [GC (Allocation Failure) [PSYoungGen: 63360K->1408K(64000K)] 411088K->349136K(742912K), 0.0015220 secs] [Times: user=0.00 sys=0.00, real=0.00 secs] 
1079.605: [GC (Allocation Failure) [PSYoungGen: 63360K->1920K(64000K)] 411088K->349656K(742912K), 0.0020500 secs] [Times: user=0.01 sys=0.00, real=0.00 secs] 
1080.469: [GC (Allocation Failure) [PSYoungGen: 63872K->1408K(64000K)] 411608K->349144K(742912K), 0.0031497 secs] [Times: user=0.01 sys=0.00, real=0.00 secs] 
1081.061: [GC (Allocation Failure) [PSYoungGen: 63360K->1376K(64000K)] 411096K->349120K(742912K), 0.0030995 secs] [Times: user=0.01 sys=0.00, real=0.01 secs] 
1081.683: [GC (Allocation Failure) [PSYoungGen: 63328K->1408K(64000K)] 411072K->349152K(742912K), 0.0022939 secs] [Times: user=0.01 sys=0.00, real=0.00 secs] 
1082.391: [GC (Allocation Failure) [PSYoungGen: 63360K->1376K(64000K)] 411104K->349120K(742912K), 0.0027013 secs] [Times: user=0.02 sys=0.00, real=0.01 secs] 
1083.865: [GC (Allocation Failure) [PSYoungGen: 63328K->1408K(64000K)] 411072K->349152K(742912K), 0.0027229 secs] [Times: user=0.01 sys=0.01, real=0.00 secs] 
1084.150: [GC (Allocation Failure) [PSYoungGen: 63360K->1408K(64000K)] 411104K->349152K(742912K), 0.0019621 secs] [Times: user=0.01 sys=0.00, real=0.00 secs] 
1084.408: [GC (Allocation Failure) [PSYoungGen: 63360K->1408K(64000K)] 411104K->349152K(742912K), 0.0020573 secs] [Times: user=0.01 sys=0.00, real=0.00 secs] 
1084.679: [GC (Allocation Failure) [PSYoungGen: 63360K->1408K(64000K)] 411104K->349152K(742912K), 0.0019368 secs] [Times: user=0.00 sys=0.00, real=0.00 secs] 
1085.654: [GC (Allocation Failure) [PSYoungGen: 63360K->1472K(64000K)] 411104K->349216K(742912K), 0.0016718 secs] [Times: user=0.01 sys=0.00, real=0.00 secs] 
1086.247: [GC (Allocation Failure) [PSYoungGen: 63424K->1376K(64000K)] 411168K->349120K(742912K), 0.0018145 secs] [Times: user=0.01 sys=0.00, real=0.00 secs] 
1086.608: [GC (Allocation Failure) [PSYoungGen: 63328K->1408K(64000K)] 411072K->349168K(742912K), 0.0017628 secs] [Times: user=0.01 sys=0.00, real=0.00 secs] 
1086.913: [GC (Allocation Failure) [PSYoungGen: 63360K->1408K(64000K)] 411120K->349168K(742912K), 0.0019274 secs] [Times: user=0.01 sys=0.00, real=0.00 secs] 
1087.184: [GC (Allocation Failure) [PSYoungGen: 63360K->1376K(64000K)] 411120K->349160K(742912K), 0.0018120 secs] [Times: user=0.01 sys=0.00, real=0.00 secs] 
1088.400: [GC (Allocation Failure) [PSYoungGen: 63328K->1408K(64000K)] 411112K->349192K(742912K), 0.0016223 secs] [Times: user=0.01 sys=0.00, real=0.00 secs] 
1088.965: [GC (Allocation Failure) [PSYoungGen: 63360K->1344K(64000K)] 411144K->349136K(742912K), 0.0020414 secs] [Times: user=0.01 sys=0.01, real=0.00 secs] 
1089.242: [GC (Allocation Failure) [PSYoungGen: 63296K->1408K(63488K)] 411088K->349200K(742400K), 0.0024948 secs] [Times: user=0.01 sys=0.00, real=0.01 secs] 
1089.500: [GC (Allocation Failure) [PSYoungGen: 63360K->1360K(63488K)] 411152K->349152K(742400K), 0.0020118 secs] [Times: user=0.01 sys=0.00, real=0.00 secs] 
1089.812: [GC (Allocation Failure) [PSYoungGen: 63312K->1376K(63488K)] 411104K->349168K(742400K), 0.0019893 secs] [Times: user=0.01 sys=0.00, real=0.01 secs] 
1091.185: [GC (Allocation Failure) [PSYoungGen: 63328K->1424K(63488K)] 411120K->349216K(742400K), 0.0039256 secs] [Times: user=0.01 sys=0.00, real=0.00 secs] 
1092.003: [GC (Allocation Failure) [PSYoungGen: 63376K->1376K(63488K)] 411168K->349168K(742400K), 0.0026148 secs] [Times: user=0.01 sys=0.00, real=0.00 secs] 
1092.683: [GC (Allocation Failure) [PSYoungGen: 63328K->1376K(63488K)] 411120K->349168K(742400K), 0.0022302 secs] [Times: user=0.01 sys=0.00, real=0.00 secs] 
1093.336: [GC (Allocation Failure) [PSYoungGen: 63328K->1376K(63488K)] 411120K->349168K(742400K), 0.0022301 secs] [Times: user=0.01 sys=0.00, real=0.00 secs] 
1094.560: [GC (Allocation Failure) [PSYoungGen: 63328K->1376K(63488K)] 411120K->349168K(742400K), 0.0017387 secs] [Times: user=0.01 sys=0.00, real=0.00 secs] 
1094.982: [GC (Allocation Failure) [PSYoungGen: 63328K->1376K(63488K)] 411120K->349168K(742400K), 0.0017851 secs] [Times: user=0.01 sys=0.00, real=0.01 secs] 
1095.487: [GC (Allocation Failure) [PSYoungGen: 63328K->1344K(63488K)] 411120K->349136K(742400K), 0.0029866 secs] [Times: user=0.01 sys=0.00, real=0.00 secs] 
1096.300: [GC (Allocation Failure) [PSYoungGen: 63296K->1344K(63488K)] 411088K->349136K(742400K), 0.0040981 secs] [Times: user=0.02 sys=0.00, real=0.01 secs] 
1097.263: [GC (Allocation Failure) [PSYoungGen: 63296K->1376K(63488K)] 411088K->349168K(742400K), 0.0028498 secs] [Times: user=0.01 sys=0.00, real=0.00 secs] 
1098.484: [GC (Allocation Failure) [PSYoungGen: 63328K->1408K(63488K)] 411120K->349208K(742400K), 0.0020272 secs] [Times: user=0.01 sys=0.00, real=0.00 secs] 
1098.742: [GC (Allocation Failure) [PSYoungGen: 63360K->1440K(63488K)] 411160K->349248K(742400K), 0.0021306 secs] [Times: user=0.01 sys=0.00, real=0.01 secs] 
1099.000: [GC (Allocation Failure) [PSYoungGen: 63392K->1440K(63488K)] 411200K->349264K(742400K), 0.0020569 secs] [Times: user=0.01 sys=0.00, real=0.00 secs] 
1099.275: [GC (Allocation Failure) [PSYoungGen: 63392K->1344K(63488K)] 411216K->349168K(742400K), 0.0055093 secs] [Times: user=0.02 sys=0.00, real=0.00 secs] 
1100.409: [GC (Allocation Failure) [PSYoungGen: 63296K->1440K(63488K)] 411120K->349264K(742400K), 0.0019847 secs] [Times: user=0.01 sys=0.00, real=0.00 secs] 
1101.175: [GC (Allocation Failure) [PSYoungGen: 63392K->1392K(63488K)] 411216K->349216K(742400K), 0.0033319 secs] [Times: user=0.01 sys=0.00, real=0.00 secs] 
1101.977: [GC (Allocation Failure) [PSYoungGen: 63344K->1408K(63488K)] 411168K->349232K(742400K), 0.0033216 secs] [Times: user=0.01 sys=0.00, real=0.00 secs] 
1102.590: [GC (Allocation Failure) [PSYoungGen: 63360K->1408K(63488K)] 411184K->349232K(742400K), 0.0028425 secs] [Times: user=0.01 sys=0.00, real=0.00 secs] 
1103.168: [GC (Allocation Failure) [PSYoungGen: 63360K->1408K(63488K)] 411184K->349232K(742400K), 0.0040982 secs] [Times: user=0.02 sys=0.00, real=0.00 secs] 
1104.622: [GC (Allocation Failure) [PSYoungGen: 63360K->1424K(63488K)] 411184K->349248K(742400K), 0.0020327 secs] [Times: user=0.01 sys=0.00, real=0.01 secs] 
1105.063: [GC (Allocation Failure) [PSYoungGen: 63376K->1376K(63488K)] 411200K->349200K(742400K), 0.0022362 secs] [Times: user=0.01 sys=0.00, real=0.00 secs] 
1105.340: [GC (Allocation Failure) [PSYoungGen: 63328K->1376K(63488K)] 411152K->349200K(742400K), 0.0022420 secs] [Times: user=0.01 sys=0.00, real=0.00 secs] 
1105.800: [GC (Allocation Failure) [PSYoungGen: 63328K->1408K(63488K)] 411152K->349232K(742400K), 0.0021473 secs] [Times: user=0.00 sys=0.00, real=0.00 secs] 
1107.367: [GC (Allocation Failure) [PSYoungGen: 63360K->896K(62976K)] 411184K->349744K(741888K), 0.0024238 secs] [Times: user=0.01 sys=0.00, real=0.00 secs] 
1108.231: [GC (Allocation Failure) [PSYoungGen: 62336K->352K(63488K)] 411184K->349208K(742400K), 0.0029898 secs] [Times: user=0.01 sys=0.00, real=0.01 secs] 
1108.826: [GC (Allocation Failure) [PSYoungGen: 61792K->320K(63488K)] 410648K->349200K(742400K), 0.0024168 secs] [Times: user=0.01 sys=0.00, real=0.00 secs] 
1109.263: [GC (Allocation Failure) [PSYoungGen: 61760K->384K(63488K)] 410640K->349264K(742400K), 0.0026164 secs] [Times: user=0.01 sys=0.00, real=0.01 secs] 
1109.582: [GC (Allocation Failure) [PSYoungGen: 61824K->384K(63488K)] 410704K->349264K(742400K), 0.0019848 secs] [Times: user=0.01 sys=0.00, real=0.01 secs] 
1110.587: [GC (Allocation Failure) [PSYoungGen: 61824K->1408K(63488K)] 410704K->350288K(742400K), 0.0015779 secs] [Times: user=0.00 sys=0.00, real=0.00 secs] 
1110.841: [GC (Allocation Failure) [PSYoungGen: 62848K->1376K(63488K)] 411728K->350256K(742400K), 0.0026406 secs] [Times: user=0.01 sys=0.00, real=0.01 secs] 
1111.098: [GC (Allocation Failure) [PSYoungGen: 62816K->1344K(63488K)] 411696K->350224K(742400K), 0.0017156 secs] [Times: user=0.01 sys=0.00, real=0.00 secs] 
1111.353: [GC (Allocation Failure) [PSYoungGen: 62784K->1376K(63488K)] 411664K->350256K(742400K), 0.0016607 secs] [Times: user=0.01 sys=0.00, real=0.01 secs] 
1111.608: [GC (Allocation Failure) [PSYoungGen: 62816K->1408K(63488K)] 411696K->350288K(742400K), 0.0019372 secs] [Times: user=0.01 sys=0.00, real=0.00 secs] 
1113.210: [GC (Allocation Failure) [PSYoungGen: 62848K->1440K(63488K)] 411728K->350320K(742400K), 0.0027218 secs] [Times: user=0.01 sys=0.00, real=0.01 secs] 
1113.956: [GC (Allocation Failure) [PSYoungGen: 62880K->1376K(63488K)] 411760K->350256K(742400K), 0.0029490 secs] [Times: user=0.02 sys=0.00, real=0.00 secs] 
1114.618: [GC (Allocation Failure) [PSYoungGen: 62816K->1376K(63488K)] 411696K->350256K(742400K), 0.0032991 secs] [Times: user=0.01 sys=0.00, real=0.00 secs] 
1115.105: [GC (Allocation Failure) [PSYoungGen: 62816K->1408K(63488K)] 411696K->350288K(742400K), 0.0025249 secs] [Times: user=0.01 sys=0.00, real=0.00 secs] 
1116.283: [GC (Allocation Failure) [PSYoungGen: 62848K->1408K(63488K)] 411728K->350288K(742400K), 0.0018473 secs] [Times: user=0.01 sys=0.00, real=0.01 secs] 
1116.863: [GC (Allocation Failure) [PSYoungGen: 62848K->1344K(63488K)] 411728K->350224K(742400K), 0.0021955 secs] [Times: user=0.01 sys=0.00, real=0.00 secs] 
1117.374: [GC (Allocation Failure) [PSYoungGen: 62784K->1360K(63488K)] 411664K->350264K(742400K), 0.0021370 secs] [Times: user=0.01 sys=0.00, real=0.00 secs] 
1117.923: [GC (Allocation Failure) [PSYoungGen: 62800K->1344K(63488K)] 411704K->350248K(742400K), 0.0021752 secs] [Times: user=0.01 sys=0.00, real=0.00 secs] 
1118.438: [GC (Allocation Failure) [PSYoungGen: 62784K->1408K(63488K)] 411688K->350312K(742400K), 0.0020583 secs] [Times: user=0.01 sys=0.00, real=0.00 secs] 
1119.638: [GC (Allocation Failure) [PSYoungGen: 62848K->1440K(63488K)] 411752K->350344K(742400K), 0.0016268 secs] [Times: user=0.00 sys=0.00, real=0.00 secs] 
1120.166: [GC (Allocation Failure) [PSYoungGen: 62880K->1408K(63488K)] 411784K->350312K(742400K), 0.0018526 secs] [Times: user=0.01 sys=0.00, real=0.00 secs] 
1120.695: [GC (Allocation Failure) [PSYoungGen: 62848K->1376K(63488K)] 411752K->350280K(742400K), 0.0018561 secs] [Times: user=0.01 sys=0.00, real=0.00 secs] 
1121.359: [GC (Allocation Failure) [PSYoungGen: 62816K->1344K(63488K)] 411720K->350248K(742400K), 0.0034397 secs] [Times: user=0.02 sys=0.00, real=0.00 secs] 
1122.873: [GC (Allocation Failure) [PSYoungGen: 62784K->1376K(63488K)] 411688K->350280K(742400K), 0.0015942 secs] [Times: user=0.01 sys=0.00, real=0.00 secs] 
1123.685: [GC (Allocation Failure) [PSYoungGen: 62816K->1408K(63488K)] 411720K->350312K(742400K), 0.0023681 secs] [Times: user=0.01 sys=0.00, real=0.00 secs] 
1124.365: [GC (Allocation Failure) [PSYoungGen: 62848K->1312K(63488K)] 411752K->350216K(742400K), 0.0025929 secs] [Times: user=0.01 sys=0.00, real=0.00 secs] 
1124.850: [GC (Allocation Failure) [PSYoungGen: 62752K->1408K(63488K)] 411656K->350312K(742400K), 0.0023797 secs] [Times: user=0.01 sys=0.00, real=0.01 secs] 
1125.453: [GC (Allocation Failure) [PSYoungGen: 62848K->1408K(63488K)] 411752K->350312K(742400K), 0.0027347 secs] [Times: user=0.02 sys=0.00, real=0.00 secs] 
1126.682: [GC (Allocation Failure) [PSYoungGen: 62848K->1376K(63488K)] 411752K->350280K(742400K), 0.0024984 secs] [Times: user=0.01 sys=0.00, real=0.01 secs] 
1126.948: [GC (Allocation Failure) [PSYoungGen: 62816K->1344K(63488K)] 411720K->350248K(742400K), 0.0020692 secs] [Times: user=0.00 sys=0.01, real=0.00 secs] 
1127.244: [GC (Allocation Failure) [PSYoungGen: 62784K->1344K(63488K)] 411688K->350248K(742400K), 0.0019321 secs] [Times: user=0.01 sys=0.00, real=0.00 secs] 
1127.576: [GC (Allocation Failure) [PSYoungGen: 62784K->1376K(63488K)] 411688K->350280K(742400K), 0.0019561 secs] [Times: user=0.00 sys=0.00, real=0.00 secs] 
1128.522: [GC (Allocation Failure) [PSYoungGen: 62816K->288K(63488K)] 411720K->349192K(742400K), 0.0014907 secs] [Times: user=0.00 sys=0.00, real=0.01 secs] 
1128.830: [GC (Allocation Failure) [PSYoungGen: 61728K->1376K(63488K)] 410632K->350288K(742400K), 0.0017937 secs] [Times: user=0.01 sys=0.00, real=0.00 secs] 
1129.112: [GC (Allocation Failure) [PSYoungGen: 62816K->1344K(63488K)] 411728K->350272K(742400K), 0.0018433 secs] [Times: user=0.00 sys=0.00, real=0.01 secs] 
1129.374: [GC (Allocation Failure) [PSYoungGen: 62784K->1344K(63488K)] 411712K->350272K(742400K), 0.0018612 secs] [Times: user=0.00 sys=0.00, real=0.00 secs] 
1129.658: [GC (Allocation Failure) [PSYoungGen: 62784K->1424K(63488K)] 411712K->350352K(742400K), 0.0018970 secs] [Times: user=0.01 sys=0.00, real=0.00 secs] 
1130.825: [GC (Allocation Failure) [PSYoungGen: 62864K->1408K(63488K)] 411792K->350336K(742400K), 0.0021619 secs] [Times: user=0.00 sys=0.00, real=0.00 secs] 
1131.441: [GC (Allocation Failure) [PSYoungGen: 62848K->1376K(63488K)] 411776K->350304K(742400K), 0.0019820 secs] [Times: user=0.01 sys=0.00, real=0.01 secs] 
1132.088: [GC (Allocation Failure) [PSYoungGen: 62816K->1392K(63488K)] 411744K->350320K(742400K), 0.0022677 secs] [Times: user=0.01 sys=0.00, real=0.00 secs] 
1133.071: [GC (Allocation Failure) [PSYoungGen: 62832K->1376K(63488K)] 411760K->350304K(742400K), 0.0017390 secs] [Times: user=0.01 sys=0.00, real=0.00 secs] 
1133.347: [GC (Allocation Failure) [PSYoungGen: 62816K->1376K(63488K)] 411744K->350304K(742400K), 0.0017505 secs] [Times: user=0.00 sys=0.00, real=0.00 secs] 
1133.873: [GC (Allocation Failure) [PSYoungGen: 62816K->1296K(63488K)] 411744K->350224K(742400K), 0.0030475 secs] [Times: user=0.02 sys=0.00, real=0.00 secs] 
1134.760: [GC (Allocation Failure) [PSYoungGen: 62736K->1376K(63488K)] 411664K->350312K(742400K), 0.0021544 secs] [Times: user=0.01 sys=0.00, real=0.00 secs] 
1135.576: [GC (Allocation Failure) [PSYoungGen: 62816K->1312K(63488K)] 411752K->350248K(742400K), 0.0022195 secs] [Times: user=0.01 sys=0.00, real=0.00 secs] 
1136.653: [GC (Allocation Failure) [PSYoungGen: 62752K->1424K(63488K)] 411688K->350360K(742400K), 0.0016547 secs] [Times: user=0.01 sys=0.00, real=0.01 secs] 
1136.945: [GC (Allocation Failure) [PSYoungGen: 62864K->1344K(63488K)] 411800K->350280K(742400K), 0.0015380 secs] [Times: user=0.01 sys=0.00, real=0.00 secs] 
1137.221: [GC (Allocation Failure) [PSYoungGen: 62784K->1408K(63488K)] 411720K->350368K(742400K), 0.0017375 secs] [Times: user=0.00 sys=0.00, real=0.01 secs] 
1137.512: [GC (Allocation Failure) [PSYoungGen: 62848K->1344K(63488K)] 411808K->350304K(742400K), 0.0017185 secs] [Times: user=0.01 sys=0.00, real=0.01 secs] 
1138.687: [GC (Allocation Failure) [PSYoungGen: 62784K->1408K(63488K)] 411744K->350368K(742400K), 0.0019488 secs] [Times: user=0.01 sys=0.00, real=0.00 secs] 
1139.417: [GC (Allocation Failure) [PSYoungGen: 62848K->1312K(63488K)] 411808K->350272K(742400K), 0.0020386 secs] [Times: user=0.01 sys=0.00, real=0.00 secs] 
1140.008: [GC (Allocation Failure) [PSYoungGen: 62752K->1408K(63488K)] 411712K->350368K(742400K), 0.0021761 secs] [Times: user=0.00 sys=0.00, real=0.00 secs] 
1140.906: [GC (Allocation Failure) [PSYoungGen: 62848K->1376K(63488K)] 411808K->350336K(742400K), 0.0026485 secs] [Times: user=0.01 sys=0.00, real=0.00 secs] 
1141.552: [GC (Allocation Failure) [PSYoungGen: 62816K->1344K(62976K)] 411776K->350304K(741888K), 0.0027605 secs] [Times: user=0.01 sys=0.00, real=0.01 secs] 
1142.859: [GC (Allocation Failure) [PSYoungGen: 62784K->1376K(62976K)] 411744K->350336K(741888K), 0.0016661 secs] [Times: user=0.01 sys=0.00, real=0.00 secs] 
1143.344: [GC (Allocation Failure) [PSYoungGen: 62816K->1408K(62976K)] 411776K->350368K(741888K), 0.0022887 secs] [Times: user=0.01 sys=0.00, real=0.00 secs] 
1144.069: [GC (Allocation Failure) [PSYoungGen: 62848K->1360K(62976K)] 411808K->350320K(741888K), 0.0021494 secs] [Times: user=0.00 sys=0.00, real=0.00 secs] 
1144.884: [GC (Allocation Failure) [PSYoungGen: 62800K->1376K(62976K)] 411760K->350336K(741888K), 0.0024551 secs] [Times: user=0.01 sys=0.00, real=0.00 secs] 
1145.676: [GC (Allocation Failure) [PSYoungGen: 62816K->1376K(62976K)] 411776K->350336K(741888K), 0.0024114 secs] [Times: user=0.01 sys=0.00, real=0.00 secs] 
1147.456: [GC (Allocation Failure) [PSYoungGen: 62816K->1392K(62976K)] 411776K->350352K(741888K), 0.0025152 secs] [Times: user=0.01 sys=0.00, real=0.00 secs] 
1147.927: [GC (Allocation Failure) [PSYoungGen: 62832K->1376K(62976K)] 411792K->350336K(741888K), 0.0021651 secs] [Times: user=0.01 sys=0.00, real=0.00 secs] 
1148.182: [GC (Allocation Failure) [PSYoungGen: 62816K->1408K(62976K)] 411776K->350368K(741888K), 0.0020623 secs] [Times: user=0.01 sys=0.00, real=0.01 secs] 
1148.594: [GC (Allocation Failure) [PSYoungGen: 62848K->1376K(62976K)] 411808K->350336K(741888K), 0.0018050 secs] [Times: user=0.00 sys=0.00, real=0.00 secs] 
1149.700: [GC (Allocation Failure) [PSYoungGen: 62816K->1408K(62976K)] 411776K->350368K(741888K), 0.0016765 secs] [Times: user=0.00 sys=0.00, real=0.00 secs] 
1150.099: [GC (Allocation Failure) [PSYoungGen: 62848K->1344K(62976K)] 411808K->350312K(741888K), 0.0016337 secs] [Times: user=0.01 sys=0.00, real=0.00 secs] 
1150.355: [GC (Allocation Failure) [PSYoungGen: 62784K->1376K(62976K)] 411752K->350344K(741888K), 0.0015981 secs] [Times: user=0.01 sys=0.00, real=0.00 secs] 
1150.609: [GC (Allocation Failure) [PSYoungGen: 62816K->1408K(62976K)] 411784K->350376K(741888K), 0.0014685 secs] [Times: user=0.01 sys=0.00, real=0.00 secs] 
1151.001: [GC (Allocation Failure) [PSYoungGen: 62848K->1376K(62976K)] 411816K->350344K(741888K), 0.0017337 secs] [Times: user=0.00 sys=0.00, real=0.01 secs] 
1152.366: [GC (Allocation Failure) [PSYoungGen: 62816K->1440K(62976K)] 411784K->350408K(741888K), 0.0021229 secs] [Times: user=0.01 sys=0.00, real=0.00 secs] 
1152.871: [GC (Allocation Failure) [PSYoungGen: 62880K->1312K(62976K)] 411848K->350288K(741888K), 0.0021658 secs] [Times: user=0.01 sys=0.00, real=0.01 secs] 
1153.311: [GC (Allocation Failure) [PSYoungGen: 62752K->1408K(62976K)] 411728K->350384K(741888K), 0.0020347 secs] [Times: user=0.00 sys=0.00, real=0.01 secs] 
1153.822: [GC (Allocation Failure) [PSYoungGen: 62848K->1344K(62976K)] 411824K->350320K(741888K), 0.0020394 secs] [Times: user=0.00 sys=0.00, real=0.01 secs] 
1155.248: [GC (Allocation Failure) [PSYoungGen: 62784K->880K(62464K)] 411760K->350880K(741376K), 0.0022865 secs] [Times: user=0.01 sys=0.00, real=0.00 secs] 
1155.811: [GC (Allocation Failure) [PSYoungGen: 61808K->320K(62976K)] 411808K->350320K(741888K), 0.0021257 secs] [Times: user=0.01 sys=0.00, real=0.01 secs] 
1156.085: [GC (Allocation Failure) [PSYoungGen: 61248K->352K(62976K)] 411248K->350352K(741888K), 0.0026455 secs] [Times: user=0.01 sys=0.00, real=0.00 secs] 
1156.393: [GC (Allocation Failure) [PSYoungGen: 61280K->384K(62976K)] 411280K->350384K(741888K), 0.0019860 secs] [Times: user=0.01 sys=0.00, real=0.00 secs] 
1156.681: [GC (Allocation Failure) [PSYoungGen: 61312K->384K(62976K)] 411312K->350408K(741888K), 0.0020905 secs] [Times: user=0.00 sys=0.00, real=0.01 secs] 
1157.996: [GC (Allocation Failure) [PSYoungGen: 61312K->1392K(62976K)] 411336K->351416K(741888K), 0.0022227 secs] [Times: user=0.00 sys=0.00, real=0.00 secs] 
1159.092: [GC (Allocation Failure) [PSYoungGen: 62320K->1408K(62976K)] 412344K->351440K(741888K), 0.0040764 secs] [Times: user=0.01 sys=0.00, real=0.01 secs] 
1160.169: [GC (Allocation Failure) [PSYoungGen: 62336K->1376K(62976K)] 412368K->351408K(741888K), 0.0034168 secs] [Times: user=0.01 sys=0.00, real=0.00 secs] 
1161.356: [GC (Allocation Failure) [PSYoungGen: 62304K->1376K(62976K)] 412336K->351408K(741888K), 0.0040457 secs] [Times: user=0.02 sys=0.00, real=0.00 secs] 
1162.354: [GC (Allocation Failure) [PSYoungGen: 62304K->1376K(62976K)] 412336K->351408K(741888K), 0.0026608 secs] [Times: user=0.01 sys=0.00, real=0.00 secs] 
1163.751: [GC (Allocation Failure) [PSYoungGen: 62304K->1424K(62976K)] 412336K->351456K(741888K), 0.0025927 secs] [Times: user=0.00 sys=0.00, real=0.01 secs] 
1164.274: [GC (Allocation Failure) [PSYoungGen: 62352K->1360K(62976K)] 412384K->351392K(741888K), 0.0023857 secs] [Times: user=0.01 sys=0.00, real=0.00 secs] 
1164.724: [GC (Allocation Failure) [PSYoungGen: 62288K->1424K(62976K)] 412320K->351456K(741888K), 0.0025268 secs] [Times: user=0.01 sys=0.01, real=0.00 secs] 
1165.354: [GC (Allocation Failure) [PSYoungGen: 62352K->1392K(62976K)] 412384K->351424K(741888K), 0.0021513 secs] [Times: user=0.01 sys=0.00, real=0.00 secs] 
1166.546: [GC (Allocation Failure) [PSYoungGen: 62320K->1424K(62976K)] 412352K->351456K(741888K), 0.0017745 secs] [Times: user=0.00 sys=0.00, real=0.00 secs] 
1166.798: [GC (Allocation Failure) [PSYoungGen: 62352K->1456K(62976K)] 412384K->351496K(741888K), 0.0015178 secs] [Times: user=0.00 sys=0.00, real=0.00 secs] 
1167.051: [GC (Allocation Failure) [PSYoungGen: 62384K->1392K(62976K)] 412424K->351432K(741888K), 0.0019906 secs] [Times: user=0.00 sys=0.00, real=0.01 secs] 
1167.305: [GC (Allocation Failure) [PSYoungGen: 62320K->1424K(62976K)] 412360K->351464K(741888K), 0.0023440 secs] [Times: user=0.01 sys=0.00, real=0.00 secs] 
1167.640: [GC (Allocation Failure) [PSYoungGen: 62352K->1392K(62976K)] 412392K->351432K(741888K), 0.0031362 secs] [Times: user=0.01 sys=0.00, real=0.01 secs] 
1168.869: [GC (Allocation Failure) [PSYoungGen: 62320K->1456K(62976K)] 412360K->351496K(741888K), 0.0019380 secs] [Times: user=0.01 sys=0.00, real=0.00 secs] 
1169.335: [GC (Allocation Failure) [PSYoungGen: 62384K->1392K(62976K)] 412424K->351432K(741888K), 0.0020902 secs] [Times: user=0.01 sys=0.00, real=0.00 secs] 
1169.787: [GC (Allocation Failure) [PSYoungGen: 62320K->1360K(62976K)] 412360K->351416K(741888K), 0.0019011 secs] [Times: user=0.01 sys=0.00, real=0.00 secs] 
1170.091: [GC (Allocation Failure) [PSYoungGen: 62288K->1392K(62976K)] 412344K->351448K(741888K), 0.0023375 secs] [Times: user=0.01 sys=0.00, real=0.01 secs] 
1171.036: [GC (Allocation Failure) [PSYoungGen: 62192K->256K(62976K)] 412249K->350312K(741888K), 0.0014399 secs] [Times: user=0.00 sys=0.00, real=0.00 secs] 
1171.502: [GC (Allocation Failure) [PSYoungGen: 61184K->1456K(62976K)] 411240K->351512K(741888K), 0.0018771 secs] [Times: user=0.01 sys=0.00, real=0.01 secs] 
1171.755: [GC (Allocation Failure) [PSYoungGen: 62384K->1392K(62976K)] 412440K->351480K(741888K), 0.0019567 secs] [Times: user=0.01 sys=0.00, real=0.00 secs] 
1172.035: [GC (Allocation Failure) [PSYoungGen: 62320K->1376K(62976K)] 412408K->351464K(741888K), 0.0022502 secs] [Times: user=0.00 sys=0.00, real=0.00 secs] 
1172.495: [GC (Allocation Failure) [PSYoungGen: 62304K->1376K(62976K)] 412392K->351464K(741888K), 0.0023410 secs] [Times: user=0.01 sys=0.00, real=0.00 secs] 
1173.719: [GC (Allocation Failure) [PSYoungGen: 62304K->1408K(62976K)] 412392K->351496K(741888K), 0.0015024 secs] [Times: user=0.01 sys=0.00, real=0.00 secs] 
1174.149: [GC (Allocation Failure) [PSYoungGen: 62336K->1376K(62976K)] 412424K->351464K(741888K), 0.0025458 secs] [Times: user=0.01 sys=0.00, real=0.00 secs] 
1174.544: [GC (Allocation Failure) [PSYoungGen: 62304K->1344K(62976K)] 412392K->351432K(741888K), 0.0026875 secs] [Times: user=0.01 sys=0.00, real=0.00 secs] 
1175.121: [GC (Allocation Failure) [PSYoungGen: 62272K->1312K(62976K)] 412360K->351400K(741888K), 0.0042277 secs] [Times: user=0.02 sys=0.00, real=0.01 secs] 
1175.765: [GC (Allocation Failure) [PSYoungGen: 62240K->1344K(62976K)] 412328K->351432K(741888K), 0.0038508 secs] [Times: user=0.02 sys=0.00, real=0.00 secs] 
1177.147: [GC (Allocation Failure) [PSYoungGen: 62272K->1360K(62976K)] 412360K->351448K(741888K), 0.0024104 secs] [Times: user=0.01 sys=0.00, real=0.00 secs] 
1177.545: [GC (Allocation Failure) [PSYoungGen: 62288K->1376K(62976K)] 412376K->351488K(741888K), 0.0019970 secs] [Times: user=0.00 sys=0.01, real=0.00 secs] 
1177.798: [GC (Allocation Failure) [PSYoungGen: 62304K->1376K(62976K)] 412416K->351488K(741888K), 0.0021172 secs] [Times: user=0.01 sys=0.00, real=0.00 secs] 
1178.306: [GC (Allocation Failure) [PSYoungGen: 62304K->1344K(62976K)] 412416K->351456K(741888K), 0.0042191 secs] [Times: user=0.02 sys=0.00, real=0.00 secs] 
1179.660: [GC (Allocation Failure) [PSYoungGen: 61996K->1632K(62976K)] 412109K->351744K(741888K), 0.0022851 secs] [Times: user=0.01 sys=0.00, real=0.00 secs] 
1179.925: [GC (Allocation Failure) [PSYoungGen: 62560K->1376K(62976K)] 412672K->351488K(741888K), 0.0015722 secs] [Times: user=0.01 sys=0.00, real=0.00 secs] 
1180.196: [GC (Allocation Failure) [PSYoungGen: 62304K->1440K(62976K)] 412416K->351552K(741888K), 0.0017045 secs] [Times: user=0.01 sys=0.00, real=0.00 secs] 
1180.521: [GC (Allocation Failure) [PSYoungGen: 62368K->1376K(62976K)] 412480K->351488K(741888K), 0.0016154 secs] [Times: user=0.00 sys=0.00, real=0.01 secs] 
1180.779: [GC (Allocation Failure) [PSYoungGen: 62304K->1344K(62976K)] 412416K->351456K(741888K), 0.0017478 secs] [Times: user=0.00 sys=0.00, real=0.00 secs] 
1181.999: [GC (Allocation Failure) [PSYoungGen: 62272K->1344K(62976K)] 412384K->351456K(741888K), 0.0024094 secs] [Times: user=0.01 sys=0.00, real=0.00 secs] 
1182.528: [GC (Allocation Failure) [PSYoungGen: 62272K->1344K(62976K)] 412384K->351456K(741888K), 0.0034245 secs] [Times: user=0.01 sys=0.00, real=0.00 secs] 
1183.075: [GC (Allocation Failure) [PSYoungGen: 62272K->1344K(62976K)] 412384K->351456K(741888K), 0.0031572 secs] [Times: user=0.01 sys=0.00, real=0.00 secs] 
1183.610: [GC (Allocation Failure) [PSYoungGen: 62272K->1376K(62976K)] 412384K->351488K(741888K), 0.0032269 secs] [Times: user=0.01 sys=0.00, real=0.01 secs] 
1184.001: [GC (Allocation Failure) [PSYoungGen: 62304K->1392K(62976K)] 412416K->351504K(741888K), 0.0022169 secs] [Times: user=0.01 sys=0.00, real=0.01 secs] 
1185.567: [GC (Allocation Failure) [PSYoungGen: 62320K->1440K(62976K)] 412432K->351552K(741888K), 0.0020405 secs] [Times: user=0.00 sys=0.00, real=0.00 secs] 
1186.627: [GC (Allocation Failure) [PSYoungGen: 62368K->1376K(62976K)] 412480K->351488K(741888K), 0.0039680 secs] [Times: user=0.02 sys=0.00, real=0.00 secs] 
1187.609: [GC (Allocation Failure) [PSYoungGen: 62304K->1376K(62464K)] 412416K->351488K(741376K), 0.0043591 secs] [Times: user=0.01 sys=0.00, real=0.01 secs] 
1188.553: [GC (Allocation Failure) [PSYoungGen: 62304K->1376K(62464K)] 412416K->351488K(741376K), 0.0042472 secs] [Times: user=0.01 sys=0.01, real=0.01 secs] 
1190.198: [GC (Allocation Failure) [PSYoungGen: 62304K->1376K(62464K)] 412416K->351496K(741376K), 0.0020818 secs] [Times: user=0.01 sys=0.00, real=0.00 secs] 
1191.038: [GC (Allocation Failure) [PSYoungGen: 62304K->1376K(62464K)] 412424K->351496K(741376K), 0.0023252 secs] [Times: user=0.01 sys=0.00, real=0.00 secs] 
1191.565: [GC (Allocation Failure) [PSYoungGen: 62304K->1376K(62464K)] 412424K->351496K(741376K), 0.0020980 secs] [Times: user=0.01 sys=0.00, real=0.00 secs] 
1192.079: [GC (Allocation Failure) [PSYoungGen: 62304K->1392K(62464K)] 412424K->351512K(741376K), 0.0021653 secs] [Times: user=0.01 sys=0.00, real=0.00 secs] 
1192.584: [GC (Allocation Failure) [PSYoungGen: 62320K->1360K(62464K)] 412440K->351480K(741376K), 0.0023334 secs] [Times: user=0.01 sys=0.00, real=0.00 secs] 
1193.627: [GC (Allocation Failure) [PSYoungGen: 62288K->1440K(62464K)] 412408K->351560K(741376K), 0.0016674 secs] [Times: user=0.01 sys=0.00, real=0.00 secs] 
1193.902: [GC (Allocation Failure) [PSYoungGen: 62368K->1408K(62464K)] 412488K->351528K(741376K), 0.0016817 secs] [Times: user=0.00 sys=0.00, real=0.01 secs] 
1194.184: [GC (Allocation Failure) [PSYoungGen: 62336K->1344K(62464K)] 412456K->351464K(741376K), 0.0018328 secs] [Times: user=0.00 sys=0.00, real=0.00 secs] 
1194.454: [GC (Allocation Failure) [PSYoungGen: 62272K->1344K(62464K)] 412392K->351464K(741376K), 0.0018297 secs] [Times: user=0.01 sys=0.00, real=0.00 secs] 
1194.706: [GC (Allocation Failure) [PSYoungGen: 62272K->1408K(62464K)] 412392K->351528K(741376K), 0.0017387 secs] [Times: user=0.01 sys=0.00, real=0.00 secs] 
1196.542: [GC (Allocation Failure) [PSYoungGen: 62336K->1376K(62464K)] 412456K->351496K(741376K), 0.0037904 secs] [Times: user=0.01 sys=0.00, real=0.01 secs] 
1197.428: [GC (Allocation Failure) [PSYoungGen: 62304K->1376K(62464K)] 412424K->351496K(741376K), 0.0038740 secs] [Times: user=0.01 sys=0.00, real=0.00 secs] 
1197.967: [GC (Allocation Failure) [PSYoungGen: 62304K->1328K(62464K)] 412424K->351448K(741376K), 0.0027767 secs] [Times: user=0.01 sys=0.00, real=0.00 secs] 
1198.528: [GC (Allocation Failure) [PSYoungGen: 62256K->1312K(62464K)] 412376K->351432K(741376K), 0.0031909 secs] [Times: user=0.02 sys=0.00, real=0.00 secs] 
1199.894: [GC (Allocation Failure) [PSYoungGen: 62240K->1408K(62464K)] 412360K->351544K(741376K), 0.0017443 secs] [Times: user=0.00 sys=0.00, real=0.00 secs] 
1200.431: [GC (Allocation Failure) [PSYoungGen: 62336K->1376K(62464K)] 412472K->351536K(741376K), 0.0037221 secs] [Times: user=0.01 sys=0.00, real=0.01 secs] 
1200.981: [GC (Allocation Failure) [PSYoungGen: 62304K->1344K(62464K)] 412464K->351504K(741376K), 0.0031204 secs] [Times: user=0.01 sys=0.00, real=0.01 secs] 
1201.748: [GC (Allocation Failure) [PSYoungGen: 62272K->1376K(62464K)] 412432K->351536K(741376K), 0.0044149 secs] [Times: user=0.02 sys=0.00, real=0.01 secs] 
1202.509: [GC (Allocation Failure) [PSYoungGen: 62304K->1344K(62464K)] 412464K->351504K(741376K), 0.0038946 secs] [Times: user=0.02 sys=0.00, real=0.00 secs] 
1203.780: [GC (Allocation Failure) [PSYoungGen: 62272K->1408K(62464K)] 412432K->351568K(741376K), 0.0017859 secs] [Times: user=0.01 sys=0.00, real=0.00 secs] 
1204.033: [GC (Allocation Failure) [PSYoungGen: 62336K->1408K(62464K)] 412496K->351568K(741376K), 0.0017211 secs] [Times: user=0.01 sys=0.00, real=0.00 secs] 
1204.319: [GC (Allocation Failure) [PSYoungGen: 62336K->1344K(62464K)] 412496K->351504K(741376K), 0.0028558 secs] [Times: user=0.01 sys=0.01, real=0.00 secs] 
1204.599: [GC (Allocation Failure) [PSYoungGen: 62272K->1344K(62464K)] 412432K->351504K(741376K), 0.0023635 secs] [Times: user=0.01 sys=0.00, real=0.00 secs] 
1205.712: [GC (Allocation Failure) [PSYoungGen: 62106K->192K(61952K)] 412267K->350352K(740864K), 0.0014789 secs] [Times: user=0.00 sys=0.00, real=0.01 secs] 
1206.103: [GC (Allocation Failure) [PSYoungGen: 60608K->1376K(62464K)] 410768K->351536K(741376K), 0.0017711 secs] [Times: user=0.01 sys=0.00, real=0.00 secs] 
1206.615: [GC (Allocation Failure) [PSYoungGen: 61792K->1360K(62464K)] 411952K->351528K(741376K), 0.0033393 secs] [Times: user=0.01 sys=0.00, real=0.00 secs] 
1207.529: [GC (Allocation Failure) [PSYoungGen: 61776K->1376K(62464K)] 411944K->351544K(741376K), 0.0039853 secs] [Times: user=0.02 sys=0.00, real=0.01 secs] 
1208.540: [GC (Allocation Failure) [PSYoungGen: 61792K->1360K(62464K)] 411960K->351528K(741376K), 0.0041429 secs] [Times: user=0.01 sys=0.00, real=0.01 secs] 
1210.153: [GC (Allocation Failure) [PSYoungGen: 61776K->1408K(62464K)] 411944K->351584K(741376K), 0.0019990 secs] [Times: user=0.01 sys=0.00, real=0.00 secs] 
1210.469: [GC (Allocation Failure) [PSYoungGen: 61824K->1408K(62464K)] 412000K->351584K(741376K), 0.0017305 secs] [Times: user=0.01 sys=0.00, real=0.00 secs] 
1210.754: [GC (Allocation Failure) [PSYoungGen: 61824K->1408K(62464K)] 412000K->351584K(741376K), 0.0018858 secs] [Times: user=0.01 sys=0.00, real=0.00 secs] 
1211.080: [GC (Allocation Failure) [PSYoungGen: 61824K->1376K(62464K)] 412000K->351552K(741376K), 0.0018726 secs] [Times: user=0.01 sys=0.00, real=0.00 secs] 
1211.390: [GC (Allocation Failure) [PSYoungGen: 61792K->1408K(62464K)] 411968K->351584K(741376K), 0.0017787 secs] [Times: user=0.00 sys=0.00, real=0.00 secs] 
1212.417: [GC (Allocation Failure) [PSYoungGen: 61824K->1376K(62464K)] 412000K->351552K(741376K), 0.0017778 secs] [Times: user=0.01 sys=0.00, real=0.00 secs] 
1212.701: [GC (Allocation Failure) [PSYoungGen: 61792K->1408K(62464K)] 411968K->351584K(741376K), 0.0016480 secs] [Times: user=0.00 sys=0.00, real=0.00 secs] 
1212.969: [GC (Allocation Failure) [PSYoungGen: 61824K->1408K(62464K)] 412000K->351584K(741376K), 0.0017803 secs] [Times: user=0.01 sys=0.00, real=0.00 secs] 
1213.344: [GC (Allocation Failure) [PSYoungGen: 61824K->1376K(62464K)] 412000K->351552K(741376K), 0.0019816 secs] [Times: user=0.01 sys=0.00, real=0.00 secs] 
1214.203: [GC (Allocation Failure) [PSYoungGen: 61792K->1312K(62464K)] 411968K->351488K(741376K), 0.0015076 secs] [Times: user=0.01 sys=0.00, real=0.01 secs] 
1214.568: [GC (Allocation Failure) [PSYoungGen: 61728K->1440K(62464K)] 411904K->351616K(741376K), 0.0014917 secs] [Times: user=0.01 sys=0.00, real=0.00 secs] 
1214.827: [GC (Allocation Failure) [PSYoungGen: 61856K->1408K(62464K)] 412032K->351584K(741376K), 0.0016336 secs] [Times: user=0.01 sys=0.00, real=0.00 secs] 
1215.112: [GC (Allocation Failure) [PSYoungGen: 61824K->1408K(62464K)] 412000K->351584K(741376K), 0.0015984 secs] [Times: user=0.00 sys=0.00, real=0.01 secs] 
1215.556: [GC (Allocation Failure) [PSYoungGen: 61824K->1376K(62464K)] 412000K->351560K(741376K), 0.0018148 secs] [Times: user=0.01 sys=0.00, real=0.00 secs] 
1216.840: [GC (Allocation Failure) [PSYoungGen: 61792K->1440K(62464K)] 411976K->351656K(741376K), 0.0018561 secs] [Times: user=0.00 sys=0.00, real=0.00 secs] 
1217.344: [GC (Allocation Failure) [PSYoungGen: 61856K->1408K(62464K)] 412072K->351632K(741376K), 0.0019960 secs] [Times: user=0.01 sys=0.00, real=0.00 secs] 
1217.906: [GC (Allocation Failure) [PSYoungGen: 61824K->1376K(62464K)] 412048K->351600K(741376K), 0.0027740 secs] [Times: user=0.02 sys=0.00, real=0.00 secs] 
1218.388: [GC (Allocation Failure) [PSYoungGen: 61792K->1408K(62464K)] 412016K->351632K(741376K), 0.0027992 secs] [Times: user=0.02 sys=0.00, real=0.00 secs] 
1218.960: [GC (Allocation Failure) [PSYoungGen: 61824K->1408K(61952K)] 412048K->351632K(740864K), 0.0028431 secs] [Times: user=0.01 sys=0.00, real=0.00 secs] 
1220.065: [GC (Allocation Failure) [PSYoungGen: 61824K->1376K(61952K)] 412048K->351600K(740864K), 0.0017087 secs] [Times: user=0.01 sys=0.00, real=0.00 secs] 
1220.377: [GC (Allocation Failure) [PSYoungGen: 61792K->1344K(61952K)] 412016K->351568K(740864K), 0.0016605 secs] [Times: user=0.00 sys=0.00, real=0.00 secs] 
1220.830: [GC (Allocation Failure) [PSYoungGen: 61760K->1376K(61952K)] 411984K->351600K(740864K), 0.0016720 secs] [Times: user=0.00 sys=0.00, real=0.00 secs] 
1221.376: [GC (Allocation Failure) [PSYoungGen: 61792K->1344K(61952K)] 412016K->351568K(740864K), 0.0019772 secs] [Times: user=0.01 sys=0.00, real=0.00 secs] 
1221.934: [GC (Allocation Failure) [PSYoungGen: 61760K->1344K(61952K)] 411984K->351568K(740864K), 0.0022749 secs] [Times: user=0.01 sys=0.00, real=0.00 secs] 
1223.270: [GC (Allocation Failure) [PSYoungGen: 61760K->1440K(61952K)] 411984K->351664K(740864K), 0.0017950 secs] [Times: user=0.01 sys=0.00, real=0.00 secs] 
1223.822: [GC (Allocation Failure) [PSYoungGen: 61856K->1344K(61952K)] 412080K->351568K(740864K), 0.0038202 secs] [Times: user=0.01 sys=0.00, real=0.01 secs] 
1224.337: [GC (Allocation Failure) [PSYoungGen: 61760K->1376K(61952K)] 411984K->351600K(740864K), 0.0025204 secs] [Times: user=0.01 sys=0.00, real=0.00 secs] 
1224.802: [GC (Allocation Failure) [PSYoungGen: 61792K->1376K(61952K)] 412016K->351600K(740864K), 0.0021658 secs] [Times: user=0.01 sys=0.00, real=0.01 secs] 
1226.202: [GC (Allocation Failure) [PSYoungGen: 61792K->1408K(61952K)] 412016K->351632K(740864K), 0.0017872 secs] [Times: user=0.01 sys=0.00, real=0.01 secs] 
1227.061: [GC (Allocation Failure) [PSYoungGen: 61824K->1376K(61952K)] 412048K->351608K(740864K), 0.0040054 secs] [Times: user=0.01 sys=0.00, real=0.01 secs] 
1227.739: [GC (Allocation Failure) [PSYoungGen: 61792K->1376K(61952K)] 412024K->351608K(740864K), 0.0026056 secs] [Times: user=0.01 sys=0.00, real=0.00 secs] 
1228.388: [GC (Allocation Failure) [PSYoungGen: 61792K->1408K(61952K)] 412024K->351640K(740864K), 0.0028883 secs] [Times: user=0.01 sys=0.00, real=0.00 secs] 
1228.868: [GC (Allocation Failure) [PSYoungGen: 61824K->1344K(61952K)] 412056K->351592K(740864K), 0.0024485 secs] [Times: user=0.01 sys=0.00, real=0.00 secs] 
1230.724: [GC (Allocation Failure) [PSYoungGen: 61760K->1376K(61952K)] 412008K->351624K(740864K), 0.0034369 secs] [Times: user=0.02 sys=0.00, real=0.00 secs] 
1231.661: [GC (Allocation Failure) [PSYoungGen: 61792K->1344K(61952K)] 412040K->351592K(740864K), 0.0041417 secs] [Times: user=0.01 sys=0.00, real=0.01 secs] 
1232.499: [GC (Allocation Failure) [PSYoungGen: 61760K->1376K(61952K)] 412008K->351624K(740864K), 0.0072861 secs] [Times: user=0.02 sys=0.00, real=0.01 secs] 
1233.110: [GC (Allocation Failure) [PSYoungGen: 61792K->1344K(61952K)] 412040K->351592K(740864K), 0.0033700 secs] [Times: user=0.02 sys=0.00, real=0.01 secs] 
1234.106: [GC (Allocation Failure) [PSYoungGen: 61760K->1424K(61952K)] 412008K->351672K(740864K), 0.0027376 secs] [Times: user=0.01 sys=0.00, real=0.00 secs] 
1236.388: [GC (Allocation Failure) [PSYoungGen: 61840K->1376K(61952K)] 412088K->351624K(740864K), 0.0027203 secs] [Times: user=0.01 sys=0.00, real=0.00 secs] 
1237.367: [GC (Allocation Failure) [PSYoungGen: 61792K->1344K(61952K)] 412040K->351592K(740864K), 0.0023478 secs] [Times: user=0.01 sys=0.00, real=0.00 secs] 
1238.344: [GC (Allocation Failure) [PSYoungGen: 61760K->1408K(61952K)] 412008K->351656K(740864K), 0.0019851 secs] [Times: user=0.01 sys=0.00, real=0.00 secs] 
1238.987: [GC (Allocation Failure) [PSYoungGen: 61824K->1312K(61952K)] 412072K->351560K(740864K), 0.0024015 secs] [Times: user=0.01 sys=0.00, real=0.00 secs] 
1240.331: [GC (Allocation Failure) [PSYoungGen: 61728K->1376K(61952K)] 411976K->351624K(740864K), 0.0015992 secs] [Times: user=0.01 sys=0.00, real=0.00 secs] 
1240.616: [GC (Allocation Failure) [PSYoungGen: 61792K->1376K(61952K)] 412040K->351624K(740864K), 0.0017151 secs] [Times: user=0.00 sys=0.00, real=0.00 secs] 
1240.919: [GC (Allocation Failure) [PSYoungGen: 61792K->1408K(61952K)] 412040K->351656K(740864K), 0.0016482 secs] [Times: user=0.01 sys=0.00, real=0.00 secs] 
1241.415: [GC (Allocation Failure) [PSYoungGen: 61824K->1376K(61952K)] 412072K->351624K(740864K), 0.0021325 secs] [Times: user=0.01 sys=0.00, real=0.00 secs] 
1241.921: [GC (Allocation Failure) [PSYoungGen: 61792K->1376K(61952K)] 412040K->351632K(740864K), 0.0031822 secs] [Times: user=0.01 sys=0.00, real=0.01 secs] 
1243.034: [GC (Allocation Failure) [PSYoungGen: 61792K->1376K(61952K)] 412048K->351632K(740864K), 0.0023288 secs] [Times: user=0.01 sys=0.00, real=0.00 secs] 
1243.287: [GC (Allocation Failure) [PSYoungGen: 61792K->1344K(61952K)] 412048K->351600K(740864K), 0.0020944 secs] [Times: user=0.00 sys=0.00, real=0.00 secs] 
1243.538: [GC (Allocation Failure) [PSYoungGen: 61760K->1376K(61952K)] 412016K->351632K(740864K), 0.0021071 secs] [Times: user=0.01 sys=0.00, real=0.00 secs] 
1243.789: [GC (Allocation Failure) [PSYoungGen: 61792K->1344K(61952K)] 412048K->351600K(740864K), 0.0020049 secs] [Times: user=0.01 sys=0.00, real=0.00 secs] 
1244.040: [GC (Allocation Failure) [PSYoungGen: 61760K->1408K(61952K)] 412016K->351664K(740864K), 0.0018773 secs] [Times: user=0.01 sys=0.00, real=0.00 secs] 
1245.379: [GC (Allocation Failure) [PSYoungGen: 61824K->1408K(61952K)] 412080K->351664K(740864K), 0.0019544 secs] [Times: user=0.01 sys=0.00, real=0.00 secs] 
1246.098: [GC (Allocation Failure) [PSYoungGen: 61824K->1376K(61952K)] 412080K->351632K(740864K), 0.0030781 secs] [Times: user=0.01 sys=0.00, real=0.00 secs] 
1246.609: [GC (Allocation Failure) [PSYoungGen: 61792K->1376K(61952K)] 412048K->351632K(740864K), 0.0024943 secs] [Times: user=0.01 sys=0.00, real=0.00 secs] 
1247.123: [GC (Allocation Failure) [PSYoungGen: 61792K->1392K(61952K)] 412048K->351672K(740864K), 0.0032464 secs] [Times: user=0.01 sys=0.00, real=0.01 secs] 
1248.355: [GC (Allocation Failure) [PSYoungGen: 61808K->1440K(61952K)] 412088K->351720K(740864K), 0.0017185 secs] [Times: user=0.01 sys=0.00, real=0.00 secs] 
1249.080: [GC (Allocation Failure) [PSYoungGen: 61856K->1408K(61952K)] 412136K->351688K(740864K), 0.0021871 secs] [Times: user=0.01 sys=0.00, real=0.00 secs] 
1249.650: [GC (Allocation Failure) [PSYoungGen: 61824K->1408K(61952K)] 412104K->351688K(740864K), 0.0021892 secs] [Times: user=0.01 sys=0.00, real=0.00 secs] 
1250.207: [GC (Allocation Failure) [PSYoungGen: 61824K->1360K(61952K)] 412104K->351640K(740864K), 0.0038916 secs] [Times: user=0.01 sys=0.00, real=0.00 secs] 
1250.696: [GC (Allocation Failure) [PSYoungGen: 61776K->1440K(61952K)] 412056K->351720K(740864K), 0.0022188 secs] [Times: user=0.00 sys=0.00, real=0.00 secs] 
1251.981: [GC (Allocation Failure) [PSYoungGen: 61856K->1408K(61952K)] 412136K->351688K(740864K), 0.0017784 secs] [Times: user=0.01 sys=0.00, real=0.00 secs] 
1252.259: [GC (Allocation Failure) [PSYoungGen: 61824K->1376K(61952K)] 412104K->351656K(740864K), 0.0018696 secs] [Times: user=0.01 sys=0.00, real=0.00 secs] 
1252.510: [GC (Allocation Failure) [PSYoungGen: 61792K->1408K(61952K)] 412072K->351688K(740864K), 0.0018757 secs] [Times: user=0.00 sys=0.00, real=0.00 secs] 
1252.761: [GC (Allocation Failure) [PSYoungGen: 61824K->1344K(61952K)] 412104K->351624K(740864K), 0.0018670 secs] [Times: user=0.00 sys=0.00, real=0.01 secs] 
1253.012: [GC (Allocation Failure) [PSYoungGen: 61760K->1376K(61952K)] 412040K->351656K(740864K), 0.0022375 secs] [Times: user=0.00 sys=0.00, real=0.01 secs] 
1254.213: [GC (Allocation Failure) [PSYoungGen: 61792K->1376K(61952K)] 412072K->351656K(740864K), 0.0017036 secs] [Times: user=0.01 sys=0.00, real=0.00 secs] 
1254.897: [GC (Allocation Failure) [PSYoungGen: 61792K->1376K(61952K)] 412072K->351664K(740864K), 0.0016737 secs] [Times: user=0.00 sys=0.00, real=0.00 secs] 
1255.435: [GC (Allocation Failure) [PSYoungGen: 61792K->1376K(61952K)] 412080K->351664K(740864K), 0.0018460 secs] [Times: user=0.01 sys=0.00, real=0.00 secs] 
1256.082: [GC (Allocation Failure) [PSYoungGen: 61792K->1376K(61952K)] 412080K->351664K(740864K), 0.0019882 secs] [Times: user=0.00 sys=0.00, real=0.01 secs] 
1257.375: [GC (Allocation Failure) [PSYoungGen: 61792K->1408K(61952K)] 412080K->351696K(740864K), 0.0019151 secs] [Times: user=0.01 sys=0.00, real=0.00 secs] 
1257.725: [GC (Allocation Failure) [PSYoungGen: 61824K->1312K(61952K)] 412112K->351608K(740864K), 0.0018112 secs] [Times: user=0.01 sys=0.00, real=0.00 secs] 
1257.994: [GC (Allocation Failure) [PSYoungGen: 61728K->1376K(61952K)] 412024K->351672K(740864K), 0.0020768 secs] [Times: user=0.01 sys=0.00, real=0.00 secs] 
1258.258: [GC (Allocation Failure) [PSYoungGen: 61792K->1376K(61952K)] 412088K->351680K(740864K), 0.0021861 secs] [Times: user=0.01 sys=0.00, real=0.00 secs] 
1258.844: [GC (Allocation Failure) [PSYoungGen: 61792K->1376K(61952K)] 412096K->351680K(740864K), 0.0026343 secs] [Times: user=0.01 sys=0.00, real=0.00 secs] 
1260.409: [GC (Allocation Failure) [PSYoungGen: 61792K->1408K(61952K)] 412096K->351712K(740864K), 0.0022351 secs] [Times: user=0.01 sys=0.00, real=0.00 secs] 
1260.981: [GC (Allocation Failure) [PSYoungGen: 61824K->1360K(61952K)] 412128K->351672K(740864K), 0.0028054 secs] [Times: user=0.01 sys=0.00, real=0.01 secs] 
1261.502: [GC (Allocation Failure) [PSYoungGen: 61776K->1328K(61952K)] 412088K->351640K(740864K), 0.0021004 secs] [Times: user=0.00 sys=0.00, real=0.01 secs] 
1262.171: [GC (Allocation Failure) [PSYoungGen: 61744K->1344K(61952K)] 412056K->351656K(740864K), 0.0039485 secs] [Times: user=0.01 sys=0.00, real=0.01 secs] 
1262.833: [GC (Allocation Failure) [PSYoungGen: 61760K->1312K(61952K)] 412072K->351624K(740864K), 0.0039995 secs] [Times: user=0.01 sys=0.00, real=0.00 secs] 
1264.715: [GC (Allocation Failure) [PSYoungGen: 61728K->1408K(61952K)] 412040K->351728K(740864K), 0.0020529 secs] [Times: user=0.01 sys=0.00, real=0.00 secs] 
1265.382: [GC (Allocation Failure) [PSYoungGen: 61824K->1312K(61952K)] 412144K->351632K(740864K), 0.0033452 secs] [Times: user=0.01 sys=0.00, real=0.01 secs] 
1266.287: [GC (Allocation Failure) [PSYoungGen: 61728K->1360K(61952K)] 412048K->351680K(740864K), 0.0041483 secs] [Times: user=0.01 sys=0.00, real=0.00 secs] 
1267.103: [GC (Allocation Failure) [PSYoungGen: 61776K->1376K(61952K)] 412096K->351696K(740864K), 0.0039757 secs] [Times: user=0.01 sys=0.00, real=0.00 secs] 
1268.597: [GC (Allocation Failure) [PSYoungGen: 61792K->1408K(61952K)] 412112K->351736K(740864K), 0.0018119 secs] [Times: user=0.01 sys=0.00, real=0.00 secs] 
1269.177: [GC (Allocation Failure) [PSYoungGen: 61824K->1328K(61952K)] 412152K->351656K(740864K), 0.0041282 secs] [Times: user=0.02 sys=0.00, real=0.00 secs] 
1269.511: [GC (Allocation Failure) [PSYoungGen: 61744K->1376K(61952K)] 412072K->351704K(740864K), 0.0021122 secs] [Times: user=0.01 sys=0.00, real=0.01 secs] 
1269.770: [GC (Allocation Failure) [PSYoungGen: 61792K->1344K(61952K)] 412120K->351672K(740864K), 0.0020741 secs] [Times: user=0.01 sys=0.00, real=0.00 secs] 
1270.131: [GC (Allocation Failure) [PSYoungGen: 61760K->1344K(61952K)] 412088K->351680K(740864K), 0.0019879 secs] [Times: user=0.01 sys=0.00, real=0.01 secs] 
1271.501: [GC (Allocation Failure) [PSYoungGen: 61760K->1408K(61952K)] 412096K->351752K(740864K), 0.0022837 secs] [Times: user=0.01 sys=0.00, real=0.01 secs] 
1271.970: [GC (Allocation Failure) [PSYoungGen: 61824K->1408K(61952K)] 412168K->351752K(740864K), 0.0030612 secs] [Times: user=0.02 sys=0.00, real=0.01 secs] 
1272.248: [GC (Allocation Failure) [PSYoungGen: 61824K->1376K(61952K)] 412168K->351720K(740864K), 0.0026509 secs] [Times: user=0.01 sys=0.00, real=0.00 secs] 
1272.765: [GC (Allocation Failure) [PSYoungGen: 61792K->1408K(61952K)] 412136K->351752K(740864K), 0.0024161 secs] [Times: user=0.01 sys=0.00, real=0.00 secs] 
1273.457: [GC (Allocation Failure) [PSYoungGen: 61824K->1376K(61952K)] 412168K->351720K(740864K), 0.0031105 secs] [Times: user=0.01 sys=0.00, real=0.00 secs] 
1274.868: [GC (Allocation Failure) [PSYoungGen: 61792K->1408K(61952K)] 412136K->351760K(740864K), 0.0018989 secs] [Times: user=0.01 sys=0.00, real=0.00 secs] 
1275.474: [GC (Allocation Failure) [PSYoungGen: 61824K->1360K(61952K)] 412176K->351720K(740864K), 0.0039291 secs] [Times: user=0.02 sys=0.00, real=0.00 secs] 
1275.737: [GC (Allocation Failure) [PSYoungGen: 61776K->1376K(61952K)] 412136K->351736K(740864K), 0.0019175 secs] [Times: user=0.01 sys=0.00, real=0.00 secs] 
1275.992: [GC (Allocation Failure) [PSYoungGen: 61792K->1376K(61952K)] 412152K->351736K(740864K), 0.0019840 secs] [Times: user=0.00 sys=0.00, real=0.01 secs] 
1277.347: [GC (Allocation Failure) [PSYoungGen: 61792K->1472K(61952K)] 412152K->351832K(740864K), 0.0027227 secs] [Times: user=0.01 sys=0.00, real=0.00 secs] 
1278.101: [GC (Allocation Failure) [PSYoungGen: 61888K->1440K(61952K)] 412248K->351808K(740864K), 0.0030860 secs] [Times: user=0.01 sys=0.00, real=0.01 secs] 
1278.978: [GC (Allocation Failure) [PSYoungGen: 61856K->1408K(61952K)] 412224K->351776K(740864K), 0.0039608 secs] [Times: user=0.02 sys=0.00, real=0.00 secs] 
1279.522: [GC (Allocation Failure) [PSYoungGen: 61824K->1440K(61952K)] 412192K->351808K(740864K), 0.0026553 secs] [Times: user=0.01 sys=0.00, real=0.01 secs] 
1279.972: [GC (Allocation Failure) [PSYoungGen: 61856K->1424K(61952K)] 412224K->351792K(740864K), 0.0024550 secs] [Times: user=0.01 sys=0.00, real=0.01 secs] 
1281.904: [GC (Allocation Failure) [PSYoungGen: 61840K->1440K(61952K)] 412208K->351808K(740864K), 0.0035135 secs] [Times: user=0.01 sys=0.00, real=0.00 secs] 
1282.666: [GC (Allocation Failure) [PSYoungGen: 61856K->1376K(61952K)] 412224K->351752K(740864K), 0.0024397 secs] [Times: user=0.01 sys=0.00, real=0.00 secs] 
1282.908: [GC (Allocation Failure) [PSYoungGen: 61792K->1408K(61952K)] 412168K->351784K(740864K), 0.0019402 secs] [Times: user=0.01 sys=0.00, real=0.00 secs] 
1283.190: [GC (Allocation Failure) [PSYoungGen: 61824K->1376K(61952K)] 412200K->351752K(740864K), 0.0019594 secs] [Times: user=0.01 sys=0.00, real=0.00 secs] 
1283.441: [GC (Allocation Failure) [PSYoungGen: 61792K->1376K(61952K)] 412168K->351752K(740864K), 0.0019992 secs] [Times: user=0.01 sys=0.00, real=0.01 secs] 
1284.511: [GC (Allocation Failure) [PSYoungGen: 61792K->1408K(61952K)] 412168K->351792K(740864K), 0.0018143 secs] [Times: user=0.01 sys=0.00, real=0.01 secs] 
1284.786: [GC (Allocation Failure) [PSYoungGen: 61824K->1376K(61952K)] 412208K->351768K(740864K), 0.0018786 secs] [Times: user=0.01 sys=0.00, real=0.00 secs] 
1285.038: [GC (Allocation Failure) [PSYoungGen: 61792K->1376K(61952K)] 412184K->351768K(740864K), 0.0021696 secs] [Times: user=0.01 sys=0.00, real=0.00 secs] 
1285.341: [GC (Allocation Failure) [PSYoungGen: 61792K->1408K(61952K)] 412184K->351800K(740864K), 0.0026851 secs] [Times: user=0.01 sys=0.00, real=0.01 secs] 
1286.659: [GC (Allocation Failure) [PSYoungGen: 61824K->1440K(61952K)] 412216K->351832K(740864K), 0.0017259 secs] [Times: user=0.01 sys=0.00, real=0.00 secs] 
1287.055: [GC (Allocation Failure) [PSYoungGen: 61856K->1376K(61952K)] 412248K->351768K(740864K), 0.0017183 secs] [Times: user=0.00 sys=0.00, real=0.00 secs] 
1287.561: [GC (Allocation Failure) [PSYoungGen: 61792K->1376K(61952K)] 412184K->351792K(740864K), 0.0021819 secs] [Times: user=0.00 sys=0.00, real=0.01 secs] 
1288.233: [GC (Allocation Failure) [PSYoungGen: 61792K->1408K(61952K)] 412208K->351824K(740864K), 0.0023692 secs] [Times: user=0.01 sys=0.00, real=0.00 secs] 
1289.014: [GC (Allocation Failure) [PSYoungGen: 61824K->1440K(61952K)] 412240K->351856K(740864K), 0.0026212 secs] [Times: user=0.01 sys=0.01, real=0.00 secs] 
1290.754: [GC (Allocation Failure) [PSYoungGen: 61856K->1424K(61952K)] 412272K->351840K(740864K), 0.0025046 secs] [Times: user=0.01 sys=0.00, real=0.00 secs] 
1291.588: [GC (Allocation Failure) [PSYoungGen: 61840K->1408K(61952K)] 412256K->351824K(740864K), 0.0030054 secs] [Times: user=0.01 sys=0.00, real=0.00 secs] 
1292.283: [GC (Allocation Failure) [PSYoungGen: 61824K->1376K(61952K)] 412240K->351792K(740864K), 0.0023473 secs] [Times: user=0.01 sys=0.00, real=0.00 secs] 
1293.303: [GC (Allocation Failure) [PSYoungGen: 61792K->1376K(61952K)] 412208K->351792K(740864K), 0.0033134 secs] [Times: user=0.01 sys=0.00, real=0.00 secs] 
1294.391: [GC (Allocation Failure) [PSYoungGen: 61792K->1376K(61952K)] 412208K->351792K(740864K), 0.0042748 secs] [Times: user=0.01 sys=0.00, real=0.01 secs] 
1295.604: [GC (Allocation Failure) [PSYoungGen: 61792K->1440K(61952K)] 412208K->351856K(740864K), 0.0029203 secs] [Times: user=0.01 sys=0.00, real=0.00 secs] 
1295.855: [GC (Allocation Failure) [PSYoungGen: 61856K->1376K(61952K)] 412272K->351808K(740864K), 0.0019685 secs] [Times: user=0.01 sys=0.00, real=0.00 secs] 
1296.138: [GC (Allocation Failure) [PSYoungGen: 61792K->1408K(61952K)] 412224K->351840K(740864K), 0.0018363 secs] [Times: user=0.01 sys=0.00, real=0.00 secs] 
1296.393: [GC (Allocation Failure) [PSYoungGen: 61824K->1408K(61952K)] 412256K->351840K(740864K), 0.0033271 secs] [Times: user=0.02 sys=0.00, real=0.00 secs] 
1297.388: [GC (Allocation Failure) [PSYoungGen: 61824K->1440K(61952K)] 412256K->351872K(740864K), 0.0016619 secs] [Times: user=0.01 sys=0.00, real=0.00 secs] 
1297.909: [GC (Allocation Failure) [PSYoungGen: 61856K->1408K(61952K)] 412288K->351840K(740864K), 0.0016625 secs] [Times: user=0.01 sys=0.00, real=0.00 secs] 
1298.441: [GC (Allocation Failure) [PSYoungGen: 61824K->1376K(61952K)] 412256K->351808K(740864K), 0.0024525 secs] [Times: user=0.01 sys=0.00, real=0.01 secs] 
1298.919: [GC (Allocation Failure) [PSYoungGen: 61792K->1376K(61952K)] 412224K->351808K(740864K), 0.0022582 secs] [Times: user=0.00 sys=0.00, real=0.00 secs] 
1299.424: [GC (Allocation Failure) [PSYoungGen: 61792K->1312K(61952K)] 412224K->351752K(740864K), 0.0042491 secs] [Times: user=0.01 sys=0.00, real=0.00 secs] 
1300.661: [GC (Allocation Failure) [PSYoungGen: 61728K->1408K(61952K)] 412168K->351848K(740864K), 0.0016527 secs] [Times: user=0.00 sys=0.00, real=0.01 secs] 
1300.912: [GC (Allocation Failure) [PSYoungGen: 61824K->1376K(61952K)] 412264K->351816K(740864K), 0.0016431 secs] [Times: user=0.01 sys=0.00, real=0.01 secs] 
1301.235: [GC (Allocation Failure) [PSYoungGen: 61792K->1360K(61952K)] 412232K->351800K(740864K), 0.0018136 secs] [Times: user=0.01 sys=0.00, real=0.00 secs] 
1301.704: [GC (Allocation Failure) [PSYoungGen: 61776K->1376K(61952K)] 412216K->351816K(740864K), 0.0022164 secs] [Times: user=0.01 sys=0.00, real=0.00 secs] 
1302.180: [GC (Allocation Failure) [PSYoungGen: 61792K->1344K(61952K)] 412232K->351784K(740864K), 0.0023408 secs] [Times: user=0.01 sys=0.00, real=0.00 secs] 
1303.557: [GC (Allocation Failure) [PSYoungGen: 61760K->1376K(61952K)] 412200K->351816K(740864K), 0.0038732 secs] [Times: user=0.02 sys=0.00, real=0.00 secs] 
1304.094: [GC (Allocation Failure) [PSYoungGen: 61792K->1328K(61952K)] 412232K->351776K(740864K), 0.0026590 secs] [Times: user=0.01 sys=0.00, real=0.00 secs] 
1304.600: [GC (Allocation Failure) [PSYoungGen: 61744K->1344K(61952K)] 412192K->351792K(740864K), 0.0030359 secs] [Times: user=0.01 sys=0.01, real=0.00 secs] 
1305.032: [GC (Allocation Failure) [PSYoungGen: 61760K->1376K(61952K)] 412208K->351824K(740864K), 0.0022845 secs] [Times: user=0.01 sys=0.00, real=0.01 secs] 
1306.125: [GC (Allocation Failure) [PSYoungGen: 61792K->1440K(61952K)] 412240K->351896K(740864K), 0.0018248 secs] [Times: user=0.01 sys=0.01, real=0.00 secs] 
1307.431: [GC (Allocation Failure) [PSYoungGen: 61856K->1344K(61952K)] 412312K->351800K(740864K), 0.0034051 secs] [Times: user=0.02 sys=0.00, real=0.01 secs] 
1308.355: [GC (Allocation Failure) [PSYoungGen: 61760K->1376K(61952K)] 412216K->351832K(740864K), 0.0034187 secs] [Times: user=0.01 sys=0.00, real=0.00 secs] 
1308.920: [GC (Allocation Failure) [PSYoungGen: 61792K->1408K(61952K)] 412248K->351872K(740864K), 0.0031501 secs] [Times: user=0.02 sys=0.00, real=0.00 secs] 
1309.361: [GC (Allocation Failure) [PSYoungGen: 61824K->1408K(61952K)] 412288K->351872K(740864K), 0.0022232 secs] [Times: user=0.01 sys=0.00, real=0.01 secs] 
1310.599: [GC (Allocation Failure) [PSYoungGen: 61824K->1408K(61952K)] 412288K->351872K(740864K), 0.0018091 secs] [Times: user=0.01 sys=0.00, real=0.00 secs] 
1311.212: [GC (Allocation Failure) [PSYoungGen: 61824K->1376K(61952K)] 412288K->351840K(740864K), 0.0019524 secs] [Times: user=0.01 sys=0.00, real=0.01 secs] 
1311.780: [GC (Allocation Failure) [PSYoungGen: 61792K->1408K(61952K)] 412256K->351872K(740864K), 0.0018078 secs] [Times: user=0.00 sys=0.00, real=0.00 secs] 
1312.336: [GC (Allocation Failure) [PSYoungGen: 61824K->1376K(61952K)] 412288K->351840K(740864K), 0.0019034 secs] [Times: user=0.01 sys=0.00, real=0.00 secs] 
1312.816: [GC (Allocation Failure) [PSYoungGen: 61792K->1440K(61952K)] 412256K->351904K(740864K), 0.0022353 secs] [Times: user=0.01 sys=0.00, real=0.00 secs] 
1314.304: [GC (Allocation Failure) [PSYoungGen: 61856K->1408K(61952K)] 412320K->351872K(740864K), 0.0022160 secs] [Times: user=0.01 sys=0.00, real=0.00 secs] 
1314.944: [GC (Allocation Failure) [PSYoungGen: 61824K->1376K(61952K)] 412288K->351848K(740864K), 0.0031427 secs] [Times: user=0.02 sys=0.00, real=0.00 secs] 
1315.525: [GC (Allocation Failure) [PSYoungGen: 61792K->1360K(61952K)] 412264K->351832K(740864K), 0.0029578 secs] [Times: user=0.01 sys=0.00, real=0.00 secs] 
1316.175: [GC (Allocation Failure) [PSYoungGen: 61776K->1344K(61952K)] 412248K->351816K(740864K), 0.0026487 secs] [Times: user=0.01 sys=0.00, real=0.00 secs] 
1317.519: [GC (Allocation Failure) [PSYoungGen: 61760K->896K(61952K)] 412232K->352392K(740864K), 0.0017178 secs] [Times: user=0.01 sys=0.00, real=0.00 secs] 
1318.131: [GC (Allocation Failure) [PSYoungGen: 61312K->320K(61440K)] 412808K->351824K(740352K), 0.0024912 secs] [Times: user=0.01 sys=0.00, real=0.01 secs] 
1318.772: [GC (Allocation Failure) [PSYoungGen: 60224K->352K(61952K)] 411728K->351856K(740864K), 0.0037231 secs] [Times: user=0.01 sys=0.00, real=0.01 secs] 
1319.324: [GC (Allocation Failure) [PSYoungGen: 60256K->352K(61952K)] 411760K->351864K(740864K), 0.0029221 secs] [Times: user=0.01 sys=0.00, real=0.00 secs] 
1319.828: [GC (Allocation Failure) [PSYoungGen: 60256K->320K(61952K)] 411768K->351832K(740864K), 0.0022212 secs] [Times: user=0.01 sys=0.00, real=0.00 secs] 
1321.214: [GC (Allocation Failure) [PSYoungGen: 60224K->1376K(61952K)] 411736K->352888K(740864K), 0.0016657 secs] [Times: user=0.00 sys=0.00, real=0.00 secs] 
1321.781: [GC (Allocation Failure) [PSYoungGen: 61280K->1376K(61952K)] 412792K->352888K(740864K), 0.0039297 secs] [Times: user=0.01 sys=0.01, real=0.01 secs] 
1322.256: [GC (Allocation Failure) [PSYoungGen: 61280K->1376K(61952K)] 412792K->352888K(740864K), 0.0030879 secs] [Times: user=0.01 sys=0.00, real=0.00 secs] 
1322.747: [GC (Allocation Failure) [PSYoungGen: 61280K->1344K(61952K)] 412792K->352856K(740864K), 0.0033077 secs] [Times: user=0.01 sys=0.00, real=0.00 secs] 
1323.094: [GC (Allocation Failure) [PSYoungGen: 61248K->1328K(61952K)] 412760K->352840K(740864K), 0.0021548 secs] [Times: user=0.00 sys=0.00, real=0.00 secs] 
1325.259: [GC (Allocation Failure) [PSYoungGen: 61232K->1376K(61952K)] 412744K->352888K(740864K), 0.0042302 secs] [Times: user=0.01 sys=0.00, real=0.01 secs] 
1326.491: [GC (Allocation Failure) [PSYoungGen: 61280K->1376K(61952K)] 412792K->352888K(740864K), 0.0028535 secs] [Times: user=0.01 sys=0.00, real=0.01 secs] 
1327.269: [GC (Allocation Failure) [PSYoungGen: 61280K->1376K(61952K)] 412792K->352888K(740864K), 0.0031098 secs] [Times: user=0.01 sys=0.00, real=0.00 secs] 
1327.748: [GC (Allocation Failure) [PSYoungGen: 61280K->1344K(61952K)] 412792K->352856K(740864K), 0.0026918 secs] [Times: user=0.01 sys=0.00, real=0.00 secs] 
1328.220: [GC (Allocation Failure) [PSYoungGen: 61248K->1344K(61952K)] 412760K->352856K(740864K), 0.0027244 secs] [Times: user=0.01 sys=0.01, real=0.00 secs] 
1330.341: [GC (Allocation Failure) [PSYoungGen: 61248K->1408K(61952K)] 412760K->352920K(740864K), 0.0027375 secs] [Times: user=0.01 sys=0.00, real=0.01 secs] 
1331.352: [GC (Allocation Failure) [PSYoungGen: 61312K->1408K(61952K)] 412824K->352928K(740864K), 0.0038796 secs] [Times: user=0.01 sys=0.00, real=0.01 secs] 
1332.365: [GC (Allocation Failure) [PSYoungGen: 61312K->1376K(61952K)] 412832K->352896K(740864K), 0.0022223 secs] [Times: user=0.01 sys=0.00, real=0.00 secs] 
1332.995: [GC (Allocation Failure) [PSYoungGen: 61280K->1408K(61952K)] 412800K->352928K(740864K), 0.0022462 secs] [Times: user=0.01 sys=0.00, real=0.00 secs] 
1334.240: [GC (Allocation Failure) [PSYoungGen: 61312K->1408K(61952K)] 412832K->352928K(740864K), 0.0016731 secs] [Times: user=0.01 sys=0.00, real=0.00 secs] 
1334.794: [GC (Allocation Failure) [PSYoungGen: 61312K->1344K(61952K)] 412832K->352864K(740864K), 0.0019107 secs] [Times: user=0.01 sys=0.00, real=0.00 secs] 
1335.472: [GC (Allocation Failure) [PSYoungGen: 61248K->1376K(61952K)] 412768K->352896K(740864K), 0.0030598 secs] [Times: user=0.01 sys=0.00, real=0.01 secs] 
1336.215: [GC (Allocation Failure) [PSYoungGen: 61280K->1376K(61952K)] 412800K->352896K(740864K), 0.0040989 secs] [Times: user=0.02 sys=0.00, real=0.00 secs] 
1336.852: [GC (Allocation Failure) [PSYoungGen: 61280K->1376K(61952K)] 412800K->352896K(740864K), 0.0033628 secs] [Times: user=0.01 sys=0.00, real=0.01 secs] 
1338.146: [GC (Allocation Failure) [PSYoungGen: 61280K->1360K(61952K)] 412800K->352880K(740864K), 0.0017085 secs] [Times: user=0.01 sys=0.00, real=0.00 secs] 
1338.879: [GC (Allocation Failure) [PSYoungGen: 61264K->1376K(61952K)] 412784K->352896K(740864K), 0.0033737 secs] [Times: user=0.01 sys=0.00, real=0.00 secs] 
1339.680: [GC (Allocation Failure) [PSYoungGen: 61280K->1376K(61952K)] 412800K->352896K(740864K), 0.0038591 secs] [Times: user=0.02 sys=0.00, real=0.01 secs] 
1340.381: [GC (Allocation Failure) [PSYoungGen: 61280K->1376K(61952K)] 412800K->352896K(740864K), 0.0039827 secs] [Times: user=0.01 sys=0.00, real=0.01 secs] 
1340.891: [GC (Allocation Failure) [PSYoungGen: 61280K->1376K(61952K)] 412800K->352904K(740864K), 0.0031078 secs] [Times: user=0.01 sys=0.00, real=0.01 secs] 
1342.955: [GC (Allocation Failure) [PSYoungGen: 61280K->1440K(61952K)] 412808K->352984K(740864K), 0.0033327 secs] [Times: user=0.02 sys=0.00, real=0.00 secs] 
1343.871: [GC (Allocation Failure) [PSYoungGen: 61344K->1376K(61952K)] 412888K->352936K(740864K), 0.0033764 secs] [Times: user=0.01 sys=0.00, real=0.01 secs] 
1344.664: [GC (Allocation Failure) [PSYoungGen: 61280K->1408K(61952K)] 412840K->352968K(740864K), 0.0033281 secs] [Times: user=0.01 sys=0.00, real=0.00 secs] 
1345.266: [GC (Allocation Failure) [PSYoungGen: 61312K->1376K(61952K)] 412872K->352936K(740864K), 0.0047153 secs] [Times: user=0.02 sys=0.00, real=0.00 secs] 
1346.450: [GC (Allocation Failure) [PSYoungGen: 61280K->1632K(61952K)] 412840K->353192K(740864K), 0.0017579 secs] [Times: user=0.00 sys=0.00, real=0.00 secs] 
1347.021: [GC (Allocation Failure) [PSYoungGen: 61536K->1344K(61952K)] 413096K->352904K(740864K), 0.0019789 secs] [Times: user=0.01 sys=0.00, real=0.01 secs] 
1347.576: [GC (Allocation Failure) [PSYoungGen: 61248K->1376K(61952K)] 412808K->352936K(740864K), 0.0020032 secs] [Times: user=0.00 sys=0.00, real=0.00 secs] 
1348.077: [GC (Allocation Failure) [PSYoungGen: 61280K->1376K(61952K)] 412840K->352936K(740864K), 0.0030174 secs] [Times: user=0.02 sys=0.00, real=0.00 secs] 
1348.320: [GC (Allocation Failure) [PSYoungGen: 61280K->1376K(61952K)] 412840K->352936K(740864K), 0.0023539 secs] [Times: user=0.01 sys=0.00, real=0.00 secs] 
1349.799: [GC (Allocation Failure) [PSYoungGen: 61280K->1408K(61952K)] 412840K->352968K(740864K), 0.0021683 secs] [Times: user=0.01 sys=0.00, real=0.00 secs] 
1350.821: [GC (Allocation Failure) [PSYoungGen: 61312K->1376K(61952K)] 412872K->352944K(740864K), 0.0038458 secs] [Times: user=0.02 sys=0.00, real=0.01 secs] 
1351.865: [GC (Allocation Failure) [PSYoungGen: 61280K->1344K(61952K)] 412848K->352912K(740864K), 0.0040536 secs] [Times: user=0.02 sys=0.00, real=0.00 secs] 
1352.389: [GC (Allocation Failure) [PSYoungGen: 61248K->1344K(61440K)] 412816K->352912K(740352K), 0.0025907 secs] [Times: user=0.01 sys=0.00, real=0.00 secs] 
1352.926: [GC (Allocation Failure) [PSYoungGen: 61248K->1344K(61440K)] 412816K->352912K(740352K), 0.0025656 secs] [Times: user=0.01 sys=0.00, real=0.00 secs] 
1354.061: [GC (Allocation Failure) [PSYoungGen: 61248K->352K(60928K)] 412816K->352944K(739840K), 0.0016583 secs] [Times: user=0.01 sys=0.00, real=0.01 secs] 
1354.310: [GC (Allocation Failure) [PSYoungGen: 60256K->384K(61952K)] 412848K->352984K(740864K), 0.0016345 secs] [Times: user=0.01 sys=0.00, real=0.00 secs] 
1354.579: [GC (Allocation Failure) [PSYoungGen: 60288K->352K(61952K)] 412888K->352952K(740864K), 0.0017519 secs] [Times: user=0.01 sys=0.00, real=0.00 secs] 
1354.828: [GC (Allocation Failure) [PSYoungGen: 60256K->352K(61952K)] 412856K->352952K(740864K), 0.0019170 secs] [Times: user=0.01 sys=0.00, real=0.00 secs] 
1355.077: [GC (Allocation Failure) [PSYoungGen: 60256K->352K(61952K)] 412856K->352952K(740864K), 0.0019107 secs] [Times: user=0.00 sys=0.00, real=0.00 secs] 
1356.267: [GC (Allocation Failure) [PSYoungGen: 60256K->1392K(61952K)] 412856K->353992K(740864K), 0.0015417 secs] [Times: user=0.01 sys=0.00, real=0.00 secs] 
1356.820: [GC (Allocation Failure) [PSYoungGen: 61296K->1376K(61952K)] 413896K->353976K(740864K), 0.0017091 secs] [Times: user=0.01 sys=0.00, real=0.00 secs] 
1357.313: [GC (Allocation Failure) [PSYoungGen: 61280K->1376K(61952K)] 413880K->353976K(740864K), 0.0020360 secs] [Times: user=0.01 sys=0.00, real=0.01 secs] 
1357.801: [GC (Allocation Failure) [PSYoungGen: 61280K->1344K(62464K)] 413880K->353968K(741376K), 0.0019646 secs] [Times: user=0.00 sys=0.00, real=0.00 secs] 
1358.909: [GC (Allocation Failure) [PSYoungGen: 61248K->1408K(62464K)] 413872K->354032K(741376K), 0.0016067 secs] [Times: user=0.01 sys=0.00, real=0.00 secs] 
1359.158: [GC (Allocation Failure) [PSYoungGen: 61312K->1376K(62464K)] 413936K->354000K(741376K), 0.0016151 secs] [Times: user=0.01 sys=0.00, real=0.00 secs] 
1359.479: [GC (Allocation Failure) [PSYoungGen: 61280K->1376K(62464K)] 413904K->354000K(741376K), 0.0017488 secs] [Times: user=0.00 sys=0.00, real=0.00 secs] 
1359.888: [GC (Allocation Failure) [PSYoungGen: 61280K->1408K(62464K)] 413904K->354032K(741376K), 0.0017923 secs] [Times: user=0.01 sys=0.00, real=0.00 secs] 
1360.395: [GC (Allocation Failure) [PSYoungGen: 61312K->1376K(61440K)] 413936K->354000K(740352K), 0.0018705 secs] [Times: user=0.00 sys=0.00, real=0.00 secs] 
1361.989: [GC (Allocation Failure) [PSYoungGen: 61280K->1376K(61952K)] 413904K->354000K(740864K), 0.0040654 secs] [Times: user=0.02 sys=0.00, real=0.01 secs] 
1362.821: [GC (Allocation Failure) [PSYoungGen: 61280K->1376K(61952K)] 413904K->354000K(740864K), 0.0038894 secs] [Times: user=0.01 sys=0.00, real=0.01 secs] 
1363.631: [GC (Allocation Failure) [PSYoungGen: 61280K->1344K(61952K)] 413904K->353968K(740864K), 0.0033886 secs] [Times: user=0.02 sys=0.00, real=0.01 secs] 
1364.282: [GC (Allocation Failure) [PSYoungGen: 61248K->1360K(61952K)] 413872K->353984K(740864K), 0.0024288 secs] [Times: user=0.01 sys=0.00, real=0.01 secs] 
1364.880: [GC (Allocation Failure) [PSYoungGen: 61264K->1312K(61952K)] 413888K->353936K(740864K), 0.0022334 secs] [Times: user=0.01 sys=0.00, real=0.00 secs] 
1366.507: [GC (Allocation Failure) [PSYoungGen: 61216K->1408K(61952K)] 413840K->354032K(740864K), 0.0042286 secs] [Times: user=0.02 sys=0.00, real=0.00 secs] 
1367.599: [GC (Allocation Failure) [PSYoungGen: 61312K->1344K(61952K)] 413936K->353968K(740864K), 0.0036408 secs] [Times: user=0.01 sys=0.00, real=0.01 secs] 
1368.680: [GC (Allocation Failure) [PSYoungGen: 61248K->1344K(61952K)] 413872K->353968K(740864K), 0.0038699 secs] [Times: user=0.02 sys=0.00, real=0.01 secs] 
1369.264: [GC (Allocation Failure) [PSYoungGen: 61248K->1376K(61952K)] 413872K->354000K(740864K), 0.0030880 secs] [Times: user=0.01 sys=0.00, real=0.00 secs] 
1370.288: [GC (Allocation Failure) [PSYoungGen: 61280K->1632K(61952K)] 413904K->354256K(740864K), 0.0017665 secs] [Times: user=0.01 sys=0.00, real=0.00 secs] 
1370.616: [GC (Allocation Failure) [PSYoungGen: 61536K->1344K(61952K)] 414160K->353976K(740864K), 0.0019935 secs] [Times: user=0.01 sys=0.00, real=0.00 secs] 
1370.922: [GC (Allocation Failure) [PSYoungGen: 61248K->1408K(61952K)] 413880K->354040K(740864K), 0.0020709 secs] [Times: user=0.01 sys=0.00, real=0.01 secs] 
1371.201: [GC (Allocation Failure) [PSYoungGen: 61312K->1360K(61952K)] 413944K->353992K(740864K), 0.0020722 secs] [Times: user=0.01 sys=0.00, real=0.01 secs] 
1371.451: [GC (Allocation Failure) [PSYoungGen: 61264K->1344K(61952K)] 413896K->353976K(740864K), 0.0018804 secs] [Times: user=0.01 sys=0.00, real=0.00 secs] 
1372.479: [GC (Allocation Failure) [PSYoungGen: 61248K->1456K(61952K)] 413880K->354088K(740864K), 0.0016793 secs] [Times: user=0.01 sys=0.00, real=0.00 secs] 
1372.756: [GC (Allocation Failure) [PSYoungGen: 61360K->1376K(61952K)] 413992K->354008K(740864K), 0.0018377 secs] [Times: user=0.01 sys=0.00, real=0.00 secs] 
1373.005: [GC (Allocation Failure) [PSYoungGen: 61280K->1408K(61952K)] 413912K->354040K(740864K), 0.0017331 secs] [Times: user=0.01 sys=0.00, real=0.00 secs] 
1373.253: [GC (Allocation Failure) [PSYoungGen: 61312K->1440K(61952K)] 413944K->354072K(740864K), 0.0018262 secs] [Times: user=0.00 sys=0.00, real=0.00 secs] 
1373.635: [GC (Allocation Failure) [PSYoungGen: 61344K->1376K(61952K)] 413976K->354008K(740864K), 0.0021743 secs] [Times: user=0.01 sys=0.00, real=0.00 secs] 
1375.109: [GC (Allocation Failure) [PSYoungGen: 61280K->1408K(61952K)] 413912K->354040K(740864K), 0.0017530 secs] [Times: user=0.01 sys=0.00, real=0.00 secs] 
1375.787: [GC (Allocation Failure) [PSYoungGen: 61312K->1344K(61952K)] 413944K->353976K(740864K), 0.0032360 secs] [Times: user=0.01 sys=0.01, real=0.00 secs] 
1376.277: [GC (Allocation Failure) [PSYoungGen: 61248K->1312K(61952K)] 413880K->353944K(740864K), 0.0026519 secs] [Times: user=0.01 sys=0.00, real=0.00 secs] 
1376.764: [GC (Allocation Failure) [PSYoungGen: 61216K->1376K(61952K)] 413848K->354040K(740864K), 0.0025913 secs] [Times: user=0.01 sys=0.00, real=0.00 secs] 
1377.255: [GC (Allocation Failure) [PSYoungGen: 61280K->1376K(61952K)] 413944K->354040K(740864K), 0.0038120 secs] [Times: user=0.01 sys=0.00, real=0.00 secs] 
1378.899: [GC (Allocation Failure) [PSYoungGen: 61280K->1376K(61952K)] 413944K->354040K(740864K), 0.0027153 secs] [Times: user=0.01 sys=0.00, real=0.00 secs] 
1379.395: [GC (Allocation Failure) [PSYoungGen: 61280K->1376K(61440K)] 413944K->354040K(740352K), 0.0021967 secs] [Times: user=0.01 sys=0.00, real=0.00 secs] 
1380.052: [GC (Allocation Failure) [PSYoungGen: 61280K->1376K(61440K)] 413944K->354040K(740352K), 0.0021222 secs] [Times: user=0.01 sys=0.00, real=0.01 secs] 
1380.661: [GC (Allocation Failure) [PSYoungGen: 61280K->1376K(61440K)] 413944K->354040K(740352K), 0.0032688 secs] [Times: user=0.01 sys=0.00, real=0.01 secs] 
1382.181: [GC (Allocation Failure) [PSYoungGen: 61280K->1408K(61440K)] 413944K->354072K(740352K), 0.0030017 secs] [Times: user=0.01 sys=0.00, real=0.01 secs] 
1383.317: [GC (Allocation Failure) [PSYoungGen: 61312K->1312K(61440K)] 413976K->353976K(740352K), 0.0031372 secs] [Times: user=0.02 sys=0.01, real=0.00 secs] 
1383.633: [GC (Allocation Failure) [PSYoungGen: 61216K->1376K(61440K)] 413880K->354040K(740352K), 0.0020298 secs] [Times: user=0.01 sys=0.00, real=0.00 secs] 
1383.912: [GC (Allocation Failure) [PSYoungGen: 61280K->1376K(61440K)] 413944K->354040K(740352K), 0.0019065 secs] [Times: user=0.00 sys=0.00, real=0.01 secs] 
1384.161: [GC (Allocation Failure) [PSYoungGen: 61280K->1376K(61440K)] 413944K->354040K(740352K), 0.0019522 secs] [Times: user=0.00 sys=0.01, real=0.01 secs] 
1385.127: [GC (Allocation Failure) [PSYoungGen: 61280K->1440K(61440K)] 413944K->354104K(740352K), 0.0017403 secs] [Times: user=0.01 sys=0.00, real=0.00 secs] 
1385.376: [GC (Allocation Failure) [PSYoungGen: 61344K->1344K(61440K)] 414008K->354008K(740352K), 0.0015401 secs] [Times: user=0.00 sys=0.00, real=0.00 secs] 
1385.647: [GC (Allocation Failure) [PSYoungGen: 61248K->1344K(61440K)] 413912K->354008K(740352K), 0.0017108 secs] [Times: user=0.01 sys=0.00, real=0.00 secs] 
1385.896: [GC (Allocation Failure) [PSYoungGen: 61248K->1376K(61440K)] 413912K->354040K(740352K), 0.0017477 secs] [Times: user=0.01 sys=0.00, real=0.00 secs] 
1386.187: [GC (Allocation Failure) [PSYoungGen: 61280K->1344K(61440K)] 413944K->354008K(740352K), 0.0017134 secs] [Times: user=0.01 sys=0.00, real=0.00 secs] 
1387.646: [GC (Allocation Failure) [PSYoungGen: 61248K->1408K(61440K)] 413912K->354072K(740352K), 0.0033892 secs] [Times: user=0.01 sys=0.00, real=0.00 secs] 
1388.257: [GC (Allocation Failure) [PSYoungGen: 61312K->1376K(61440K)] 413976K->354048K(740352K), 0.0028252 secs] [Times: user=0.01 sys=0.00, real=0.00 secs] 
1388.932: [GC (Allocation Failure) [PSYoungGen: 61280K->1376K(61440K)] 413952K->354048K(740352K), 0.0031296 secs] [Times: user=0.01 sys=0.00, real=0.01 secs] 
1389.595: [GC (Allocation Failure) [PSYoungGen: 61280K->1344K(61440K)] 413952K->354016K(740352K), 0.0031151 secs] [Times: user=0.01 sys=0.00, real=0.00 secs] 
1390.836: [GC (Allocation Failure) [PSYoungGen: 60958K->1504K(61440K)] 413630K->354278K(740352K), 0.0015845 secs] [Times: user=0.01 sys=0.00, real=0.00 secs] 
1391.106: [GC (Allocation Failure) [PSYoungGen: 61408K->1280K(61440K)] 414182K->354054K(740352K), 0.0018364 secs] [Times: user=0.01 sys=0.00, real=0.00 secs] 
1391.457: [GC (Allocation Failure) [PSYoungGen: 61184K->1312K(61440K)] 413958K->354086K(740352K), 0.0018052 secs] [Times: user=0.00 sys=0.01, real=0.00 secs] 
1391.979: [GC (Allocation Failure) [PSYoungGen: 61216K->1344K(61440K)] 413990K->354118K(740352K), 0.0018502 secs] [Times: user=0.01 sys=0.00, real=0.00 secs] 
1392.503: [GC (Allocation Failure) [PSYoungGen: 61248K->1280K(61440K)] 414022K->354054K(740352K), 0.0020813 secs] [Times: user=0.01 sys=0.00, real=0.01 secs] 
1393.816: [GC (Allocation Failure) [PSYoungGen: 61184K->1504K(61440K)] 413958K->354302K(740352K), 0.0019028 secs] [Times: user=0.01 sys=0.00, real=0.00 secs] 
1394.313: [GC (Allocation Failure) [PSYoungGen: 61408K->1504K(61952K)] 414206K->354302K(740864K), 0.0025404 secs] [Times: user=0.01 sys=0.00, real=0.00 secs] 
1394.960: [GC (Allocation Failure) [PSYoungGen: 61408K->1504K(61952K)] 414206K->354302K(740864K), 0.0020986 secs] [Times: user=0.01 sys=0.00, real=0.00 secs] 
1395.587: [GC (Allocation Failure) [PSYoungGen: 61408K->1504K(61952K)] 414206K->354302K(740864K), 0.0028463 secs] [Times: user=0.01 sys=0.01, real=0.00 secs] 
1396.014: [GC (Allocation Failure) [PSYoungGen: 61408K->1504K(61952K)] 414206K->354302K(740864K), 0.0020981 secs] [Times: user=0.00 sys=0.00, real=0.00 secs] 
1397.410: [GC (Allocation Failure) [PSYoungGen: 61408K->1568K(61952K)] 414206K->354366K(740864K), 0.0029399 secs] [Times: user=0.02 sys=0.00, real=0.01 secs] 
1397.912: [GC (Allocation Failure) [PSYoungGen: 61472K->1472K(61952K)] 414270K->354270K(740864K), 0.0028810 secs] [Times: user=0.01 sys=0.00, real=0.01 secs] 
1398.392: [GC (Allocation Failure) [PSYoungGen: 61376K->1504K(61952K)] 414174K->354310K(740864K), 0.0022784 secs] [Times: user=0.00 sys=0.01, real=0.01 secs] 
1398.884: [GC (Allocation Failure) [PSYoungGen: 61408K->1504K(61952K)] 414214K->354310K(740864K), 0.0025990 secs] [Times: user=0.01 sys=0.00, real=0.00 secs] 
1399.330: [GC (Allocation Failure) [PSYoungGen: 61408K->1536K(61952K)] 414214K->354342K(740864K), 0.0021605 secs] [Times: user=0.01 sys=0.00, real=0.00 secs] 
1400.894: [GC (Allocation Failure) [PSYoungGen: 61440K->1408K(61952K)] 414246K->354350K(740864K), 0.0021519 secs] [Times: user=0.01 sys=0.00, real=0.00 secs] 
1401.914: [GC (Allocation Failure) [PSYoungGen: 61312K->1344K(61952K)] 414254K->354286K(740864K), 0.0037369 secs] [Times: user=0.02 sys=0.00, real=0.00 secs] 
1402.829: [GC (Allocation Failure) [PSYoungGen: 61248K->1392K(61952K)] 414190K->354334K(740864K), 0.0037807 secs] [Times: user=0.02 sys=0.00, real=0.01 secs] 
1403.702: [GC (Allocation Failure) [PSYoungGen: 61296K->1376K(61952K)] 414238K->354318K(740864K), 0.0034684 secs] [Times: user=0.01 sys=0.01, real=0.01 secs] 
1405.220: [GC (Allocation Failure) [PSYoungGen: 61280K->1408K(61952K)] 414222K->354350K(740864K), 0.0018055 secs] [Times: user=0.01 sys=0.00, real=0.00 secs] 
1405.493: [GC (Allocation Failure) [PSYoungGen: 61312K->1408K(61952K)] 414254K->354350K(740864K), 0.0017873 secs] [Times: user=0.01 sys=0.00, real=0.00 secs] 
1405.892: [GC (Allocation Failure) [PSYoungGen: 61312K->1392K(61952K)] 414254K->354334K(740864K), 0.0019441 secs] [Times: user=0.00 sys=0.00, real=0.01 secs] 
1406.364: [GC (Allocation Failure) [PSYoungGen: 61296K->1376K(61952K)] 414238K->354318K(740864K), 0.0024254 secs] [Times: user=0.01 sys=0.00, real=0.00 secs] 
1406.842: [GC (Allocation Failure) [PSYoungGen: 61280K->1376K(61952K)] 414222K->354318K(740864K), 0.0025134 secs] [Times: user=0.01 sys=0.00, real=0.01 secs] 
1408.188: [GC (Allocation Failure) [PSYoungGen: 61280K->1408K(61952K)] 414222K->354350K(740864K), 0.0020986 secs] [Times: user=0.01 sys=0.00, real=0.00 secs] 
1408.720: [GC (Allocation Failure) [PSYoungGen: 61312K->1376K(61952K)] 414254K->354318K(740864K), 0.0018371 secs] [Times: user=0.01 sys=0.00, real=0.00 secs] 
1409.404: [GC (Allocation Failure) [PSYoungGen: 61280K->1376K(61952K)] 414222K->354318K(740864K), 0.0022216 secs] [Times: user=0.00 sys=0.00, real=0.00 secs] 
1409.865: [GC (Allocation Failure) [PSYoungGen: 61280K->1376K(61952K)] 414222K->354326K(740864K), 0.0019603 secs] [Times: user=0.00 sys=0.00, real=0.00 secs] 
1410.114: [GC (Allocation Failure) [PSYoungGen: 61280K->1376K(61440K)] 414230K->354326K(740352K), 0.0020190 secs] [Times: user=0.01 sys=0.00, real=0.00 secs] 
1411.352: [GC (Allocation Failure) [PSYoungGen: 61280K->1440K(61440K)] 414230K->354390K(740352K), 0.0017581 secs] [Times: user=0.01 sys=0.00, real=0.01 secs] 
1411.982: [GC (Allocation Failure) [PSYoungGen: 61344K->384K(60928K)] 414294K->354358K(739840K), 0.0017777 secs] [Times: user=0.01 sys=0.00, real=0.01 secs] 
1412.526: [GC (Allocation Failure) [PSYoungGen: 60288K->320K(61952K)] 414262K->354294K(740864K), 0.0027106 secs] [Times: user=0.02 sys=0.00, real=0.00 secs] 
1413.016: [GC (Allocation Failure) [PSYoungGen: 60224K->336K(61952K)] 414198K->354310K(740864K), 0.0021042 secs] [Times: user=0.01 sys=0.00, real=0.00 secs] 
1414.707: [GC (Allocation Failure) [PSYoungGen: 60240K->1664K(61952K)] 414214K->355638K(740864K), 0.0022777 secs] [Times: user=0.01 sys=0.00, real=0.00 secs] 
1415.728: [GC (Allocation Failure) [PSYoungGen: 61568K->1344K(61952K)] 415542K->355318K(740864K), 0.0033445 secs] [Times: user=0.01 sys=0.00, real=0.00 secs] 
1416.284: [GC (Allocation Failure) [PSYoungGen: 61248K->1376K(61952K)] 415222K->355350K(740864K), 0.0041347 secs] [Times: user=0.01 sys=0.00, real=0.00 secs] 
1416.896: [GC (Allocation Failure) [PSYoungGen: 61280K->1344K(61952K)] 415254K->355318K(740864K), 0.0026347 secs] [Times: user=0.01 sys=0.00, real=0.00 secs] 
1417.622: [GC (Allocation Failure) [PSYoungGen: 61248K->1344K(61952K)] 415222K->355318K(740864K), 0.0027178 secs] [Times: user=0.01 sys=0.01, real=0.01 secs] 
1418.873: [GC (Allocation Failure) [PSYoungGen: 61248K->1408K(61952K)] 415222K->355382K(740864K), 0.0021188 secs] [Times: user=0.01 sys=0.00, real=0.00 secs] 
1419.154: [GC (Allocation Failure) [PSYoungGen: 61312K->1344K(61952K)] 415286K->355326K(740864K), 0.0025012 secs] [Times: user=0.01 sys=0.00, real=0.00 secs] 
1419.521: [GC (Allocation Failure) [PSYoungGen: 61248K->1344K(61952K)] 415230K->355326K(740864K), 0.0022432 secs] [Times: user=0.01 sys=0.00, real=0.01 secs] 
1420.022: [GC (Allocation Failure) [PSYoungGen: 61248K->1376K(61952K)] 415230K->355358K(740864K), 0.0018967 secs] [Times: user=0.00 sys=0.00, real=0.01 secs] 
1420.489: [GC (Allocation Failure) [PSYoungGen: 61280K->1312K(61952K)] 415262K->355294K(740864K), 0.0020820 secs] [Times: user=0.01 sys=0.01, real=0.00 secs] 
1421.770: [GC (Allocation Failure) [PSYoungGen: 61216K->1376K(61952K)] 415198K->355358K(740864K), 0.0021126 secs] [Times: user=0.01 sys=0.00, real=0.00 secs] 
1422.381: [GC (Allocation Failure) [PSYoungGen: 61280K->1376K(61952K)] 415262K->355358K(740864K), 0.0021765 secs] [Times: user=0.01 sys=0.00, real=0.01 secs] 
1423.166: [GC (Allocation Failure) [PSYoungGen: 61280K->1376K(61952K)] 415262K->355358K(740864K), 0.0027312 secs] [Times: user=0.01 sys=0.00, real=0.00 secs] 
1423.894: [GC (Allocation Failure) [PSYoungGen: 61280K->1408K(61952K)] 415262K->355390K(740864K), 0.0025301 secs] [Times: user=0.01 sys=0.00, real=0.00 secs] 
1424.566: [GC (Allocation Failure) [PSYoungGen: 61312K->1376K(61952K)] 415294K->355358K(740864K), 0.0024158 secs] [Times: user=0.01 sys=0.00, real=0.00 secs] 
1425.534: [GC (Allocation Failure) [PSYoungGen: 61280K->1456K(61952K)] 415262K->355438K(740864K), 0.0017768 secs] [Times: user=0.01 sys=0.00, real=0.00 secs] 
1425.938: [GC (Allocation Failure) [PSYoungGen: 61360K->1376K(61952K)] 415342K->355358K(740864K), 0.0020449 secs] [Times: user=0.01 sys=0.00, real=0.00 secs] 
1426.486: [GC (Allocation Failure) [PSYoungGen: 61280K->1344K(61952K)] 415262K->355326K(740864K), 0.0038696 secs] [Times: user=0.02 sys=0.01, real=0.00 secs] 
1427.064: [GC (Allocation Failure) [PSYoungGen: 61248K->1376K(61952K)] 415230K->355358K(740864K), 0.0026757 secs] [Times: user=0.01 sys=0.00, real=0.00 secs] 
1428.413: [GC (Allocation Failure) [PSYoungGen: 61280K->1360K(61952K)] 415262K->355342K(740864K), 0.0019452 secs] [Times: user=0.01 sys=0.00, real=0.00 secs] 
1428.767: [GC (Allocation Failure) [PSYoungGen: 61264K->1376K(61952K)] 415246K->355366K(740864K), 0.0020215 secs] [Times: user=0.00 sys=0.00, real=0.00 secs] 
1429.170: [GC (Allocation Failure) [PSYoungGen: 61280K->1376K(61952K)] 415270K->355366K(740864K), 0.0019466 secs] [Times: user=0.01 sys=0.01, real=0.00 secs] 
1429.709: [GC (Allocation Failure) [PSYoungGen: 61280K->1344K(61952K)] 415270K->355334K(740864K), 0.0021417 secs] [Times: user=0.01 sys=0.00, real=0.00 secs] 
1430.226: [GC (Allocation Failure) [PSYoungGen: 61248K->1376K(61952K)] 415238K->355366K(740864K), 0.0026910 secs] [Times: user=0.01 sys=0.00, real=0.00 secs] 
1431.702: [GC (Allocation Failure) [PSYoungGen: 61280K->1376K(61952K)] 415270K->355366K(740864K), 0.0024593 secs] [Times: user=0.01 sys=0.00, real=0.01 secs] 
1432.440: [GC (Allocation Failure) [PSYoungGen: 61280K->1376K(61440K)] 415270K->355366K(740352K), 0.0040977 secs] [Times: user=0.02 sys=0.00, real=0.01 secs] 
1432.859: [GC (Allocation Failure) [PSYoungGen: 61280K->1376K(61440K)] 415270K->355366K(740352K), 0.0020969 secs] [Times: user=0.00 sys=0.00, real=0.00 secs] 
1433.152: [GC (Allocation Failure) [PSYoungGen: 61280K->320K(60928K)] 415270K->355334K(739840K), 0.0019252 secs] [Times: user=0.01 sys=0.00, real=0.01 secs] 
1433.533: [GC (Allocation Failure) [PSYoungGen: 60224K->352K(61952K)] 415238K->355366K(740864K), 0.0019304 secs] [Times: user=0.01 sys=0.00, real=0.00 secs] 
1434.818: [GC (Allocation Failure) [PSYoungGen: 60256K->1408K(61952K)] 415270K->356422K(740864K), 0.0019225 secs] [Times: user=0.01 sys=0.00, real=0.00 secs] 
1435.212: [GC (Allocation Failure) [PSYoungGen: 61312K->1360K(61952K)] 416326K->356374K(740864K), 0.0020583 secs] [Times: user=0.01 sys=0.00, real=0.01 secs] 
1435.462: [GC (Allocation Failure) [PSYoungGen: 61264K->1328K(61952K)] 416278K->356342K(740864K), 0.0020501 secs] [Times: user=0.01 sys=0.00, real=0.01 secs] 
1435.842: [GC (Allocation Failure) [PSYoungGen: 61232K->1344K(61952K)] 416246K->356358K(740864K), 0.0019602 secs] [Times: user=0.01 sys=0.00, real=0.01 secs] 
1437.202: [GC (Allocation Failure) [PSYoungGen: 61248K->1696K(61952K)] 416262K->356710K(740864K), 0.0021946 secs] [Times: user=0.01 sys=0.00, real=0.01 secs] 
1438.047: [GC (Allocation Failure) [PSYoungGen: 61600K->1392K(61952K)] 416614K->356414K(740864K), 0.0029039 secs] [Times: user=0.01 sys=0.00, real=0.00 secs] 
1438.881: [GC (Allocation Failure) [PSYoungGen: 61296K->1344K(61952K)] 416318K->356366K(740864K), 0.0029005 secs] [Times: user=0.01 sys=0.00, real=0.01 secs] 
1439.861: [GC (Allocation Failure) [PSYoungGen: 61248K->1376K(61952K)] 416270K->356398K(740864K), 0.0039863 secs] [Times: user=0.02 sys=0.00, real=0.01 secs] 
1440.544: [GC (Allocation Failure) [PSYoungGen: 61280K->1376K(61952K)] 416302K->356398K(740864K), 0.0038172 secs] [Times: user=0.02 sys=0.00, real=0.00 secs] 
1441.918: [GC (Allocation Failure) [PSYoungGen: 61280K->1440K(61952K)] 416302K->356462K(740864K), 0.0016294 secs] [Times: user=0.01 sys=0.00, real=0.00 secs] 
1442.167: [GC (Allocation Failure) [PSYoungGen: 61344K->1344K(61952K)] 416366K->356382K(740864K), 0.0016655 secs] [Times: user=0.01 sys=0.00, real=0.00 secs] 
1442.428: [GC (Allocation Failure) [PSYoungGen: 61248K->1344K(61952K)] 416286K->356382K(740864K), 0.0016483 secs] [Times: user=0.01 sys=0.00, real=0.00 secs] 
1442.849: [GC (Allocation Failure) [PSYoungGen: 61248K->1376K(61952K)] 416286K->356414K(740864K), 0.0019661 secs] [Times: user=0.01 sys=0.00, real=0.00 secs] 
1443.319: [GC (Allocation Failure) [PSYoungGen: 61280K->1376K(61952K)] 416318K->356414K(740864K), 0.0021404 secs] [Times: user=0.01 sys=0.00, real=0.00 secs] 
1444.686: [GC (Allocation Failure) [PSYoungGen: 61280K->1424K(61952K)] 416318K->356462K(740864K), 0.0020914 secs] [Times: user=0.00 sys=0.00, real=0.00 secs] 
1445.205: [GC (Allocation Failure) [PSYoungGen: 61328K->1344K(61952K)] 416366K->356382K(740864K), 0.0033198 secs] [Times: user=0.02 sys=0.00, real=0.00 secs] 
1445.695: [GC (Allocation Failure) [PSYoungGen: 61248K->1344K(61952K)] 416286K->356382K(740864K), 0.0027507 secs] [Times: user=0.02 sys=0.00, real=0.00 secs] 
1446.199: [GC (Allocation Failure) [PSYoungGen: 61248K->1344K(61952K)] 416286K->356382K(740864K), 0.0037296 secs] [Times: user=0.01 sys=0.00, real=0.01 secs] 
1446.550: [GC (Allocation Failure) [PSYoungGen: 61248K->1344K(61952K)] 416286K->356382K(740864K), 0.0023868 secs] [Times: user=0.01 sys=0.01, real=0.00 secs] 
1447.613: [GC (Allocation Failure) [PSYoungGen: 61248K->1408K(61952K)] 416286K->356446K(740864K), 0.0022420 secs] [Times: user=0.01 sys=0.00, real=0.01 secs] 
1447.868: [GC (Allocation Failure) [PSYoungGen: 61312K->1376K(61952K)] 416350K->356430K(740864K), 0.0018034 secs] [Times: user=0.01 sys=0.00, real=0.00 secs] 
1448.260: [GC (Allocation Failure) [PSYoungGen: 61280K->1312K(61952K)] 416334K->356374K(740864K), 0.0039293 secs] [Times: user=0.01 sys=0.00, real=0.01 secs] 
1448.799: [GC (Allocation Failure) [PSYoungGen: 61216K->1376K(61440K)] 416278K->356438K(740352K), 0.0026303 secs] [Times: user=0.01 sys=0.00, real=0.00 secs] 
1451.146: [GC (Allocation Failure) [PSYoungGen: 61280K->1408K(61440K)] 416342K->356470K(740352K), 0.0034651 secs] [Times: user=0.01 sys=0.00, real=0.00 secs] 
1451.944: [GC (Allocation Failure) [PSYoungGen: 61312K->352K(60928K)] 416374K->356438K(739840K), 0.0030951 secs] [Times: user=0.01 sys=0.00, real=0.00 secs] 
1452.373: [GC (Allocation Failure) [PSYoungGen: 60256K->384K(61952K)] 416342K->356470K(740864K), 0.0021834 secs] [Times: user=0.00 sys=0.01, real=0.00 secs] 
1452.945: [GC (Allocation Failure) [PSYoungGen: 60288K->384K(61952K)] 416374K->356470K(740864K), 0.0022785 secs] [Times: user=0.01 sys=0.00, real=0.00 secs] 
1453.481: [GC (Allocation Failure) [PSYoungGen: 60288K->352K(61952K)] 416374K->356438K(740864K), 0.0019518 secs] [Times: user=0.01 sys=0.00, real=0.00 secs] 
1454.641: [GC (Allocation Failure) [PSYoungGen: 60256K->1440K(61952K)] 416342K->357526K(740864K), 0.0017873 secs] [Times: user=0.00 sys=0.00, real=0.01 secs] 
1454.890: [GC (Allocation Failure) [PSYoungGen: 61344K->1376K(61952K)] 417430K->357462K(740864K), 0.0016658 secs] [Times: user=0.01 sys=0.00, real=0.00 secs] 
1455.139: [GC (Allocation Failure) [PSYoungGen: 61280K->1376K(61952K)] 417366K->357462K(740864K), 0.0017094 secs] [Times: user=0.00 sys=0.00, real=0.00 secs] 
1455.432: [GC (Allocation Failure) [PSYoungGen: 61280K->1344K(61952K)] 417366K->357430K(740864K), 0.0016563 secs] [Times: user=0.01 sys=0.00, real=0.01 secs] 
1455.680: [GC (Allocation Failure) [PSYoungGen: 61248K->1408K(61952K)] 417334K->357494K(740864K), 0.0015891 secs] [Times: user=0.01 sys=0.00, real=0.00 secs] 
1456.679: [GC (Allocation Failure) [PSYoungGen: 61312K->1376K(61952K)] 417398K->357462K(740864K), 0.0018178 secs] [Times: user=0.01 sys=0.00, real=0.00 secs] 
1456.928: [GC (Allocation Failure) [PSYoungGen: 61280K->1408K(61952K)] 417366K->357502K(740864K), 0.0017697 secs] [Times: user=0.01 sys=0.00, real=0.00 secs] 
1457.195: [GC (Allocation Failure) [PSYoungGen: 61312K->1344K(61952K)] 417406K->357438K(740864K), 0.0019195 secs] [Times: user=0.01 sys=0.00, real=0.00 secs] 
1457.529: [GC (Allocation Failure) [PSYoungGen: 61248K->1312K(61952K)] 417342K->357430K(740864K), 0.0021059 secs] [Times: user=0.01 sys=0.00, real=0.00 secs] 
1458.677: [GC (Allocation Failure) [PSYoungGen: 61216K->1952K(61952K)] 417334K->358086K(740864K), 0.0022787 secs] [Times: user=0.01 sys=0.00, real=0.00 secs] 
1459.517: [GC (Allocation Failure) [PSYoungGen: 61856K->1376K(62464K)] 417990K->357518K(741376K), 0.0040460 secs] [Times: user=0.02 sys=0.00, real=0.00 secs] 
1460.453: [GC (Allocation Failure) [PSYoungGen: 61280K->1376K(61440K)] 417422K->357518K(740352K), 0.0040399 secs] [Times: user=0.02 sys=0.00, real=0.01 secs] 
1461.613: [GC (Allocation Failure) [PSYoungGen: 61280K->1376K(61952K)] 417422K->357518K(740864K), 0.0039029 secs] [Times: user=0.02 sys=0.00, real=0.01 secs] 
1462.263: [GC (Allocation Failure) [PSYoungGen: 61280K->1376K(61952K)] 417422K->357518K(740864K), 0.0026522 secs] [Times: user=0.01 sys=0.00, real=0.00 secs] 
1463.378: [GC (Allocation Failure) [PSYoungGen: 61280K->1424K(61952K)] 417422K->357566K(740864K), 0.0017084 secs] [Times: user=0.00 sys=0.00, real=0.00 secs] 
1463.716: [GC (Allocation Failure) [PSYoungGen: 61328K->1408K(61952K)] 417470K->357574K(740864K), 0.0019722 secs] [Times: user=0.01 sys=0.00, real=0.00 secs] 
1464.084: [GC (Allocation Failure) [PSYoungGen: 61312K->1312K(61952K)] 417478K->357478K(740864K), 0.0023133 secs] [Times: user=0.01 sys=0.00, real=0.00 secs] 
1464.505: [GC (Allocation Failure) [PSYoungGen: 61216K->1376K(61952K)] 417382K->357542K(740864K), 0.0028426 secs] [Times: user=0.01 sys=0.00, real=0.00 secs] 
1464.972: [GC (Allocation Failure) [PSYoungGen: 61280K->1344K(61952K)] 417446K->357510K(740864K), 0.0027569 secs] [Times: user=0.01 sys=0.00, real=0.01 secs] 
1466.234: [GC (Allocation Failure) [PSYoungGen: 61248K->1408K(61952K)] 417414K->357574K(740864K), 0.0018739 secs] [Times: user=0.00 sys=0.00, real=0.00 secs] 
1466.811: [GC (Allocation Failure) [PSYoungGen: 61312K->1344K(61952K)] 417478K->357510K(740864K), 0.0020653 secs] [Times: user=0.01 sys=0.00, real=0.01 secs] 
1467.436: [GC (Allocation Failure) [PSYoungGen: 61248K->1376K(61952K)] 417414K->357542K(740864K), 0.0026713 secs] [Times: user=0.02 sys=0.00, real=0.00 secs] 
1468.220: [GC (Allocation Failure) [PSYoungGen: 61280K->1376K(61952K)] 417446K->357542K(740864K), 0.0034588 secs] [Times: user=0.02 sys=0.00, real=0.01 secs] 
1468.967: [GC (Allocation Failure) [PSYoungGen: 61280K->1376K(61952K)] 417446K->357542K(740864K), 0.0026790 secs] [Times: user=0.01 sys=0.00, real=0.00 secs] 
1470.009: [GC (Allocation Failure) [PSYoungGen: 61280K->1376K(61952K)] 417446K->357558K(740864K), 0.0017631 secs] [Times: user=0.00 sys=0.00, real=0.00 secs] 
1470.258: [GC (Allocation Failure) [PSYoungGen: 61280K->1376K(61952K)] 417462K->357558K(740864K), 0.0017271 secs] [Times: user=0.00 sys=0.00, real=0.00 secs] 
1470.543: [GC (Allocation Failure) [PSYoungGen: 61280K->1376K(61952K)] 417462K->357558K(740864K), 0.0019336 secs] [Times: user=0.01 sys=0.00, real=0.01 secs] 
1470.791: [GC (Allocation Failure) [PSYoungGen: 61280K->1360K(61952K)] 417462K->357542K(740864K), 0.0017897 secs] [Times: user=0.01 sys=0.00, real=0.01 secs] 
1471.899: [GC (Allocation Failure) [PSYoungGen: 61264K->1408K(61952K)] 417446K->357590K(740864K), 0.0018552 secs] [Times: user=0.01 sys=0.00, real=0.00 secs] 
1472.410: [GC (Allocation Failure) [PSYoungGen: 61312K->1344K(61440K)] 417494K->357534K(740352K), 0.0019989 secs] [Times: user=0.01 sys=0.01, real=0.00 secs] 
1472.925: [GC (Allocation Failure) [PSYoungGen: 61248K->1408K(61440K)] 417438K->357598K(740352K), 0.0019641 secs] [Times: user=0.01 sys=0.01, real=0.00 secs] 
1473.467: [GC (Allocation Failure) [PSYoungGen: 61312K->1344K(61440K)] 417502K->357534K(740352K), 0.0020120 secs] [Times: user=0.01 sys=0.01, real=0.00 secs] 
1473.984: [GC (Allocation Failure) [PSYoungGen: 61248K->1408K(61440K)] 417438K->357598K(740352K), 0.0019666 secs] [Times: user=0.01 sys=0.00, real=0.00 secs] 
1475.001: [GC (Allocation Failure) [PSYoungGen: 61312K->1440K(61440K)] 417502K->357630K(740352K), 0.0017662 secs] [Times: user=0.01 sys=0.00, real=0.01 secs] 
1475.250: [GC (Allocation Failure) [PSYoungGen: 61344K->1344K(61440K)] 417534K->357534K(740352K), 0.0018169 secs] [Times: user=0.01 sys=0.00, real=0.00 secs] 
1475.507: [GC (Allocation Failure) [PSYoungGen: 61248K->1360K(61440K)] 417438K->357550K(740352K), 0.0016416 secs] [Times: user=0.00 sys=0.00, real=0.00 secs] 
1475.756: [GC (Allocation Failure) [PSYoungGen: 61264K->1360K(61440K)] 417454K->357550K(740352K), 0.0029110 secs] [Times: user=0.02 sys=0.00, real=0.00 secs] 
1476.005: [GC (Allocation Failure) [PSYoungGen: 61264K->1408K(61440K)] 417454K->357614K(740352K), 0.0015741 secs] [Times: user=0.00 sys=0.00, real=0.00 secs] 
1476.935: [GC (Allocation Failure) [PSYoungGen: 61312K->1376K(61440K)] 417518K->357582K(740352K), 0.0016572 secs] [Times: user=0.01 sys=0.00, real=0.00 secs] 
1477.184: [GC (Allocation Failure) [PSYoungGen: 61280K->1376K(61440K)] 417486K->357598K(740352K), 0.0017155 secs] [Times: user=0.01 sys=0.00, real=0.00 secs] 
1477.432: [GC (Allocation Failure) [PSYoungGen: 61280K->1344K(61440K)] 417502K->357566K(740352K), 0.0017158 secs] [Times: user=0.01 sys=0.00, real=0.01 secs] 
1477.681: [GC (Allocation Failure) [PSYoungGen: 61248K->1360K(61440K)] 417470K->357582K(740352K), 0.0016763 secs] [Times: user=0.00 sys=0.01, real=0.00 secs] 
1478.725: [GC (Allocation Failure) [PSYoungGen: 61264K->1504K(60928K)] 417486K->357938K(739840K), 0.0017418 secs] [Times: user=0.01 sys=0.00, real=0.00 secs] 
1478.968: [GC (Allocation Failure) [PSYoungGen: 60896K->1376K(61440K)] 417330K->357834K(740352K), 0.0015555 secs] [Times: user=0.00 sys=0.00, real=0.00 secs] 
1479.224: [GC (Allocation Failure) [PSYoungGen: 60768K->1312K(61440K)] 417226K->357770K(740352K), 0.0020154 secs] [Times: user=0.01 sys=0.00, real=0.00 secs] 
1479.590: [GC (Allocation Failure) [PSYoungGen: 60704K->1344K(61440K)] 417162K->357802K(740352K), 0.0032227 secs] [Times: user=0.01 sys=0.00, real=0.01 secs] 
1480.038: [GC (Allocation Failure) [PSYoungGen: 60736K->1376K(61440K)] 417194K->357834K(740352K), 0.0030299 secs] [Times: user=0.01 sys=0.00, real=0.00 secs] 
1481.176: [GC (Allocation Failure) [PSYoungGen: 60768K->1536K(61440K)] 417226K->358002K(740352K), 0.0016312 secs] [Times: user=0.01 sys=0.00, real=0.00 secs] 
1481.481: [GC (Allocation Failure) [PSYoungGen: 60928K->1504K(61440K)] 417394K->357970K(740352K), 0.0016722 secs] [Times: user=0.01 sys=0.00, real=0.00 secs] 
1481.727: [GC (Allocation Failure) [PSYoungGen: 60896K->1472K(61440K)] 417362K->357938K(740352K), 0.0017313 secs] [Times: user=0.01 sys=0.00, real=0.00 secs] 
1482.007: [GC (Allocation Failure) [PSYoungGen: 60864K->1504K(61440K)] 417330K->357970K(740352K), 0.0017734 secs] [Times: user=0.00 sys=0.00, real=0.00 secs] 
1482.254: [GC (Allocation Failure) [PSYoungGen: 60896K->1472K(61440K)] 417362K->357938K(740352K), 0.0019414 secs] [Times: user=0.00 sys=0.00, real=0.00 secs] 
1484.304: [GC (Allocation Failure) [PSYoungGen: 60864K->1568K(61440K)] 417330K->358034K(740352K), 0.0040859 secs] [Times: user=0.02 sys=0.00, real=0.00 secs] 
1485.754: [GC (Allocation Failure) [PSYoungGen: 60960K->1440K(61440K)] 417426K->357946K(740352K), 0.0042557 secs] [Times: user=0.01 sys=0.00, real=0.00 secs] 
1486.532: [GC (Allocation Failure) [PSYoungGen: 60832K->1440K(61440K)] 417338K->357946K(740352K), 0.0034509 secs] [Times: user=0.02 sys=0.00, real=0.01 secs] 
1487.230: [GC (Allocation Failure) [PSYoungGen: 60832K->1472K(61440K)] 417338K->357978K(740352K), 0.0031983 secs] [Times: user=0.01 sys=0.00, real=0.01 secs] 
1487.821: [GC (Allocation Failure) [PSYoungGen: 60864K->1440K(61440K)] 417370K->357946K(740352K), 0.0027605 secs] [Times: user=0.02 sys=0.00, real=0.01 secs] 
1489.207: [GC (Allocation Failure) [PSYoungGen: 60832K->1424K(61440K)] 417338K->358017K(740352K), 0.0017525 secs] [Times: user=0.00 sys=0.00, real=0.00 secs] 
1489.760: [GC (Allocation Failure) [PSYoungGen: 60816K->1344K(61440K)] 417409K->357936K(740352K), 0.0040577 secs] [Times: user=0.02 sys=0.00, real=0.01 secs] 
1490.033: [GC (Allocation Failure) [PSYoungGen: 60736K->1376K(61440K)] 417328K->357968K(740352K), 0.0019365 secs] [Times: user=0.01 sys=0.00, real=0.00 secs] 
1490.279: [GC (Allocation Failure) [PSYoungGen: 60768K->1376K(61440K)] 417360K->357968K(740352K), 0.0018513 secs] [Times: user=0.01 sys=0.00, real=0.00 secs] 
1491.217: [GC (Allocation Failure) [PSYoungGen: 60768K->1568K(61440K)] 417360K->358161K(740352K), 0.0018522 secs] [Times: user=0.01 sys=0.00, real=0.00 secs] 
1491.594: [GC (Allocation Failure) [PSYoungGen: 60960K->1360K(61440K)] 417553K->357961K(740352K), 0.0019352 secs] [Times: user=0.01 sys=0.00, real=0.00 secs] 
1491.976: [GC (Allocation Failure) [PSYoungGen: 60752K->1344K(61440K)] 417353K->357944K(740352K), 0.0021643 secs] [Times: user=0.01 sys=0.00, real=0.00 secs] 
1492.452: [GC (Allocation Failure) [PSYoungGen: 60736K->1376K(61440K)] 417336K->357976K(740352K), 0.0020931 secs] [Times: user=0.01 sys=0.00, real=0.01 secs] 
1492.945: [GC (Allocation Failure) [PSYoungGen: 60768K->1376K(61440K)] 417368K->357976K(740352K), 0.0022438 secs] [Times: user=0.01 sys=0.00, real=0.00 secs] 
1494.245: [GC (Allocation Failure) [PSYoungGen: 60768K->1408K(61440K)] 417368K->358008K(740352K), 0.0021912 secs] [Times: user=0.01 sys=0.00, real=0.00 secs] 
1494.765: [GC (Allocation Failure) [PSYoungGen: 60800K->1376K(61440K)] 417400K->357976K(740352K), 0.0024236 secs] [Times: user=0.01 sys=0.00, real=0.00 secs] 
1495.287: [GC (Allocation Failure) [PSYoungGen: 60768K->1376K(61440K)] 417368K->357976K(740352K), 0.0024754 secs] [Times: user=0.01 sys=0.00, real=0.00 secs] 
1495.821: [GC (Allocation Failure) [PSYoungGen: 60768K->1312K(61440K)] 417368K->357912K(740352K), 0.0024879 secs] [Times: user=0.01 sys=0.00, real=0.01 secs] 
1496.149: [GC (Allocation Failure) [PSYoungGen: 60704K->1360K(61440K)] 417304K->357961K(740352K), 0.0020160 secs] [Times: user=0.01 sys=0.00, real=0.00 secs] 
1497.424: [GC (Allocation Failure) [PSYoungGen: 60752K->1376K(60928K)] 417353K->357976K(739840K), 0.0033583 secs] [Times: user=0.01 sys=0.00, real=0.00 secs] 
1497.673: [GC (Allocation Failure) [PSYoungGen: 60768K->1408K(60928K)] 417368K->358032K(739840K), 0.0021371 secs] [Times: user=0.01 sys=0.00, real=0.00 secs] 
1497.920: [GC (Allocation Failure) [PSYoungGen: 60800K->1376K(60928K)] 417424K->358000K(739840K), 0.0018662 secs] [Times: user=0.01 sys=0.00, real=0.00 secs] 
1498.167: [GC (Allocation Failure) [PSYoungGen: 60768K->1376K(60928K)] 417392K->358000K(739840K), 0.0019795 secs] [Times: user=0.01 sys=0.00, real=0.00 secs] 
1498.414: [GC (Allocation Failure) [PSYoungGen: 60768K->1376K(60928K)] 417392K->358000K(739840K), 0.0018475 secs] [Times: user=0.01 sys=0.00, real=0.00 secs] 
1499.355: [GC (Allocation Failure) [PSYoungGen: 60768K->1408K(60928K)] 417392K->358032K(739840K), 0.0016198 secs] [Times: user=0.01 sys=0.00, real=0.00 secs] 
1499.601: [GC (Allocation Failure) [PSYoungGen: 60800K->1312K(60928K)] 417424K->357936K(739840K), 0.0018539 secs] [Times: user=0.01 sys=0.00, real=0.00 secs] 
1499.847: [GC (Allocation Failure) [PSYoungGen: 60704K->1408K(60928K)] 417328K->358032K(739840K), 0.0017127 secs] [Times: user=0.00 sys=0.00, real=0.00 secs] 
1500.093: [GC (Allocation Failure) [PSYoungGen: 60800K->1360K(60928K)] 417424K->357985K(739840K), 0.0016757 secs] [Times: user=0.00 sys=0.00, real=0.00 secs] 
1501.154: [GC (Allocation Failure) [PSYoungGen: 60752K->1520K(60928K)] 417377K->358145K(739840K), 0.0017414 secs] [Times: user=0.00 sys=0.00, real=0.00 secs] 
1501.875: [GC (Allocation Failure) [PSYoungGen: 60912K->1344K(60928K)] 417537K->357968K(739840K), 0.0024508 secs] [Times: user=0.01 sys=0.00, real=0.00 secs] 
1502.582: [GC (Allocation Failure) [PSYoungGen: 60736K->1328K(60928K)] 417360K->357953K(739840K), 0.0024873 secs] [Times: user=0.01 sys=0.00, real=0.01 secs] 
1503.248: [GC (Allocation Failure) [PSYoungGen: 60720K->1344K(60928K)] 417345K->357968K(739840K), 0.0025502 secs] [Times: user=0.01 sys=0.00, real=0.00 secs] 
1503.809: [GC (Allocation Failure) [PSYoungGen: 60736K->1344K(60928K)] 417360K->357968K(739840K), 0.0026070 secs] [Times: user=0.01 sys=0.00, real=0.00 secs] 
1504.972: [GC (Allocation Failure) [PSYoungGen: 60736K->1360K(60928K)] 417360K->357985K(739840K), 0.0018281 secs] [Times: user=0.01 sys=0.00, real=0.01 secs] 
1505.235: [GC (Allocation Failure) [PSYoungGen: 60752K->1376K(60928K)] 417377K->358000K(739840K), 0.0018447 secs] [Times: user=0.00 sys=0.00, real=0.00 secs] 
1505.492: [GC (Allocation Failure) [PSYoungGen: 60768K->1344K(60928K)] 417392K->357968K(739840K), 0.0024173 secs] [Times: user=0.01 sys=0.00, real=0.01 secs] 
1505.797: [GC (Allocation Failure) [PSYoungGen: 60736K->1344K(60928K)] 417360K->357968K(739840K), 0.0020332 secs] [Times: user=0.01 sys=0.00, real=0.00 secs] 
1506.095: [GC (Allocation Failure) [PSYoungGen: 60736K->1344K(60928K)] 417360K->357984K(739840K), 0.0019882 secs] [Times: user=0.01 sys=0.00, real=0.00 secs] 
1507.761: [GC (Allocation Failure) [PSYoungGen: 60736K->1408K(60928K)] 417376K->358048K(739840K), 0.0019808 secs] [Times: user=0.01 sys=0.00, real=0.00 secs] 
1508.181: [GC (Allocation Failure) [PSYoungGen: 60800K->1344K(60928K)] 417440K->357984K(739840K), 0.0019896 secs] [Times: user=0.01 sys=0.00, real=0.01 secs] 
1508.658: [GC (Allocation Failure) [PSYoungGen: 60736K->1312K(60928K)] 417376K->357952K(739840K), 0.0028041 secs] [Times: user=0.01 sys=0.00, real=0.00 secs] 
1509.127: [GC (Allocation Failure) [PSYoungGen: 60704K->1376K(60928K)] 417344K->358016K(739840K), 0.0026713 secs] [Times: user=0.01 sys=0.00, real=0.00 secs] 
1509.591: [GC (Allocation Failure) [PSYoungGen: 60768K->1312K(60928K)] 417408K->357952K(739840K), 0.0032198 secs] [Times: user=0.01 sys=0.00, real=0.01 secs] 
1510.844: [GC (Allocation Failure) [PSYoungGen: 60704K->1344K(60928K)] 417344K->357984K(739840K), 0.0028138 secs] [Times: user=0.01 sys=0.00, real=0.00 secs] 
1511.081: [GC (Allocation Failure) [PSYoungGen: 60736K->1344K(60928K)] 417376K->357984K(739840K), 0.0019407 secs] [Times: user=0.00 sys=0.00, real=0.01 secs] 
1511.329: [GC (Allocation Failure) [PSYoungGen: 60736K->1312K(60928K)] 417376K->357952K(739840K), 0.0019109 secs] [Times: user=0.01 sys=0.00, real=0.00 secs] 
1511.588: [GC (Allocation Failure) [PSYoungGen: 60704K->1312K(60928K)] 417344K->357952K(739840K), 0.0019574 secs] [Times: user=0.01 sys=0.00, real=0.00 secs] 
1512.667: [GC (Allocation Failure) [PSYoungGen: 60704K->1504K(60928K)] 417344K->358145K(739840K), 0.0017476 secs] [Times: user=0.01 sys=0.00, real=0.00 secs] 
1513.463: [GC (Allocation Failure) [PSYoungGen: 60896K->1344K(60928K)] 417537K->357992K(739840K), 0.0040598 secs] [Times: user=0.02 sys=0.00, real=0.01 secs] 
1514.261: [GC (Allocation Failure) [PSYoungGen: 60736K->1376K(60928K)] 417384K->358024K(739840K), 0.0041883 secs] [Times: user=0.01 sys=0.00, real=0.01 secs] 
1514.842: [GC (Allocation Failure) [PSYoungGen: 60768K->1344K(60928K)] 417416K->357992K(739840K), 0.0034647 secs] [Times: user=0.01 sys=0.00, real=0.01 secs] 
1515.312: [GC (Allocation Failure) [PSYoungGen: 60736K->1376K(60928K)] 417384K->358024K(739840K), 0.0027317 secs] [Times: user=0.01 sys=0.00, real=0.01 secs] 
1516.594: [GC (Allocation Failure) [PSYoungGen: 60768K->1360K(60928K)] 417416K->358009K(739840K), 0.0017104 secs] [Times: user=0.01 sys=0.00, real=0.00 secs] 
1517.456: [GC (Allocation Failure) [PSYoungGen: 60752K->1376K(60928K)] 417401K->358024K(739840K), 0.0017850 secs] [Times: user=0.00 sys=0.00, real=0.00 secs] 
1518.334: [GC (Allocation Failure) [PSYoungGen: 60768K->1376K(60928K)] 417416K->358032K(739840K), 0.0036902 secs] [Times: user=0.02 sys=0.00, real=0.00 secs] 
1519.134: [GC (Allocation Failure) [PSYoungGen: 60768K->1344K(60928K)] 417424K->358000K(739840K), 0.0039239 secs] [Times: user=0.02 sys=0.00, real=0.00 secs] 
1519.736: [GC (Allocation Failure) [PSYoungGen: 60736K->1376K(60928K)] 417392K->358032K(739840K), 0.0028510 secs] [Times: user=0.01 sys=0.00, real=0.00 secs] 
1521.035: [GC (Allocation Failure) [PSYoungGen: 60768K->1408K(60928K)] 417424K->358064K(739840K), 0.0018768 secs] [Times: user=0.01 sys=0.00, real=0.00 secs] 
1521.567: [GC (Allocation Failure) [PSYoungGen: 60800K->1376K(60928K)] 417456K->358032K(739840K), 0.0019273 secs] [Times: user=0.01 sys=0.00, real=0.00 secs] 
1522.177: [GC (Allocation Failure) [PSYoungGen: 60768K->1376K(60928K)] 417424K->358032K(739840K), 0.0020080 secs] [Times: user=0.01 sys=0.00, real=0.00 secs] 
1522.754: [GC (Allocation Failure) [PSYoungGen: 60768K->1376K(60928K)] 417424K->358032K(739840K), 0.0019742 secs] [Times: user=0.01 sys=0.00, real=0.00 secs] 
1523.270: [GC (Allocation Failure) [PSYoungGen: 60768K->1344K(60928K)] 417424K->358000K(739840K), 0.0022108 secs] [Times: user=0.01 sys=0.00, real=0.00 secs] 
1525.259: [GC (Allocation Failure) [PSYoungGen: 60736K->1344K(60928K)] 417392K->358000K(739840K), 0.0042105 secs] [Times: user=0.02 sys=0.00, real=0.01 secs] 
1526.308: [GC (Allocation Failure) [PSYoungGen: 60736K->1312K(60928K)] 417392K->357968K(739840K), 0.0030529 secs] [Times: user=0.01 sys=0.00, real=0.00 secs] 
1526.738: [GC (Allocation Failure) [PSYoungGen: 60704K->1376K(60928K)] 417360K->358032K(739840K), 0.0024244 secs] [Times: user=0.01 sys=0.00, real=0.00 secs] 
1527.179: [GC (Allocation Failure) [PSYoungGen: 60768K->1376K(60928K)] 417424K->358032K(739840K), 0.0024965 secs] [Times: user=0.01 sys=0.00, real=0.00 secs] 
1528.380: [GC (Allocation Failure) [PSYoungGen: 60768K->1344K(60928K)] 417424K->358001K(739840K), 0.0015626 secs] [Times: user=0.00 sys=0.00, real=0.00 secs] 
1528.842: [GC (Allocation Failure) [PSYoungGen: 60736K->1408K(60928K)] 417393K->358064K(739840K), 0.0027364 secs] [Times: user=0.02 sys=0.00, real=0.01 secs] 
1529.198: [GC (Allocation Failure) [PSYoungGen: 60800K->1376K(60928K)] 417456K->358032K(739840K), 0.0020271 secs] [Times: user=0.00 sys=0.00, real=0.00 secs] 
1529.459: [GC (Allocation Failure) [PSYoungGen: 60768K->1408K(60928K)] 417424K->358072K(739840K), 0.0020412 secs] [Times: user=0.00 sys=0.00, real=0.00 secs] 
1529.967: [GC (Allocation Failure) [PSYoungGen: 60800K->1408K(60928K)] 417464K->358072K(739840K), 0.0021875 secs] [Times: user=0.00 sys=0.00, real=0.00 secs] 
1531.180: [GC (Allocation Failure) [PSYoungGen: 60800K->1408K(60928K)] 417464K->358072K(739840K), 0.0023031 secs] [Times: user=0.01 sys=0.00, real=0.00 secs] 
1531.533: [GC (Allocation Failure) [PSYoungGen: 60800K->1376K(60928K)] 417464K->358040K(739840K), 0.0017907 secs] [Times: user=0.01 sys=0.00, real=0.00 secs] 
1531.956: [GC (Allocation Failure) [PSYoungGen: 60768K->1376K(60928K)] 417432K->358040K(739840K), 0.0031714 secs] [Times: user=0.01 sys=0.00, real=0.00 secs] 
1532.485: [GC (Allocation Failure) [PSYoungGen: 60768K->1376K(60928K)] 417432K->358040K(739840K), 0.0024571 secs] [Times: user=0.01 sys=0.00, real=0.00 secs] 
1533.051: [GC (Allocation Failure) [PSYoungGen: 60768K->1408K(60928K)] 417432K->358072K(739840K), 0.0039447 secs] [Times: user=0.02 sys=0.00, real=0.01 secs] 
1534.245: [GC (Allocation Failure) [PSYoungGen: 60800K->1408K(60928K)] 417464K->358072K(739840K), 0.0018797 secs] [Times: user=0.01 sys=0.00, real=0.00 secs] 
1534.492: [GC (Allocation Failure) [PSYoungGen: 60800K->1344K(60928K)] 417464K->358008K(739840K), 0.0017752 secs] [Times: user=0.00 sys=0.00, real=0.01 secs] 
1534.739: [GC (Allocation Failure) [PSYoungGen: 60736K->1344K(60928K)] 417400K->358008K(739840K), 0.0017860 secs] [Times: user=0.01 sys=0.00, real=0.00 secs] 
1534.986: [GC (Allocation Failure) [PSYoungGen: 60736K->1392K(60928K)] 417400K->358057K(739840K), 0.0018703 secs] [Times: user=0.00 sys=0.00, real=0.00 secs] 
1535.233: [GC (Allocation Failure) [PSYoungGen: 60784K->1376K(60928K)] 417449K->358040K(739840K), 0.0019653 secs] [Times: user=0.01 sys=0.00, real=0.01 secs] 
1536.162: [GC (Allocation Failure) [PSYoungGen: 60768K->1424K(60928K)] 417432K->358105K(739840K), 0.0017403 secs] [Times: user=0.00 sys=0.00, real=0.01 secs] 
1536.409: [GC (Allocation Failure) [PSYoungGen: 60816K->1376K(60928K)] 417497K->358056K(739840K), 0.0017244 secs] [Times: user=0.01 sys=0.00, real=0.00 secs] 
1536.730: [GC (Allocation Failure) [PSYoungGen: 60768K->1376K(60928K)] 417448K->358056K(739840K), 0.0018007 secs] [Times: user=0.01 sys=0.00, real=0.00 secs] 
1537.095: [GC (Allocation Failure) [PSYoungGen: 60768K->1376K(60928K)] 417448K->358056K(739840K), 0.0030439 secs] [Times: user=0.01 sys=0.00, real=0.00 secs] 
1538.244: [GC (Allocation Failure) [PSYoungGen: 60768K->320K(60928K)] 417448K->357000K(739840K), 0.0015126 secs] [Times: user=0.01 sys=0.00, real=0.00 secs] 
1539.175: [GC (Allocation Failure) [PSYoungGen: 59712K->1440K(61440K)] 416392K->358128K(740352K), 0.0035533 secs] [Times: user=0.02 sys=0.00, real=0.00 secs] 
1539.650: [GC (Allocation Failure) [PSYoungGen: 60832K->1328K(61440K)] 417520K->358017K(740352K), 0.0027755 secs] [Times: user=0.01 sys=0.00, real=0.01 secs] 
1540.139: [GC (Allocation Failure) [PSYoungGen: 60720K->1376K(61440K)] 417409K->358064K(740352K), 0.0024547 secs] [Times: user=0.01 sys=0.00, real=0.00 secs] 
1540.621: [GC (Allocation Failure) [PSYoungGen: 60768K->1344K(61440K)] 417456K->358032K(740352K), 0.0024708 secs] [Times: user=0.01 sys=0.00, real=0.01 secs] 
1541.861: [GC (Allocation Failure) [PSYoungGen: 60736K->1376K(61440K)] 417424K->358064K(740352K), 0.0019833 secs] [Times: user=0.00 sys=0.00, real=0.01 secs] 
1542.403: [GC (Allocation Failure) [PSYoungGen: 60768K->1312K(61440K)] 417456K->358000K(740352K), 0.0031460 secs] [Times: user=0.01 sys=0.00, real=0.01 secs] 
1542.898: [GC (Allocation Failure) [PSYoungGen: 60704K->1376K(61440K)] 417392K->358064K(740352K), 0.0026712 secs] [Times: user=0.01 sys=0.00, real=0.00 secs] 
1543.215: [GC (Allocation Failure) [PSYoungGen: 60768K->1376K(61440K)] 417456K->358064K(740352K), 0.0019987 secs] [Times: user=0.01 sys=0.00, real=0.00 secs] 
1543.552: [GC (Allocation Failure) [PSYoungGen: 60768K->1344K(61440K)] 417456K->358032K(740352K), 0.0019635 secs] [Times: user=0.00 sys=0.00, real=0.01 secs] 
1544.913: [GC (Allocation Failure) [PSYoungGen: 60736K->1376K(61440K)] 417424K->358064K(740352K), 0.0034015 secs] [Times: user=0.01 sys=0.00, real=0.01 secs] 
1546.146: [GC (Allocation Failure) [PSYoungGen: 60768K->1376K(60928K)] 417456K->358072K(739840K), 0.0042974 secs] [Times: user=0.02 sys=0.00, real=0.00 secs] 
1547.071: [GC (Allocation Failure) [PSYoungGen: 60768K->1376K(60928K)] 417464K->358072K(739840K), 0.0040381 secs] [Times: user=0.02 sys=0.00, real=0.01 secs] 
1547.526: [GC (Allocation Failure) [PSYoungGen: 60768K->352K(60416K)] 417464K->358072K(739328K), 0.0031675 secs] [Times: user=0.02 sys=0.00, real=0.00 secs] 
1548.027: [GC (Allocation Failure) [PSYoungGen: 59744K->352K(61440K)] 417464K->358072K(740352K), 0.0026635 secs] [Times: user=0.01 sys=0.00, real=0.00 secs] 
1549.934: [GC (Allocation Failure) [PSYoungGen: 59744K->1424K(61440K)] 417464K->359153K(740352K), 0.0032266 secs] [Times: user=0.01 sys=0.00, real=0.00 secs] 
1550.432: [GC (Allocation Failure) [PSYoungGen: 60816K->1376K(61440K)] 418545K->359105K(740352K), 0.0027044 secs] [Times: user=0.01 sys=0.00, real=0.01 secs] 
1551.005: [GC (Allocation Failure) [PSYoungGen: 60768K->1344K(61440K)] 418497K->359073K(740352K), 0.0028397 secs] [Times: user=0.01 sys=0.00, real=0.00 secs] 
1551.501: [GC (Allocation Failure) [PSYoungGen: 60736K->1344K(61440K)] 418465K->359073K(740352K), 0.0025096 secs] [Times: user=0.01 sys=0.00, real=0.01 secs] 
1551.970: [GC (Allocation Failure) [PSYoungGen: 60726K->288K(61440K)] 418455K->358016K(740352K), 0.0023947 secs] [Times: user=0.01 sys=0.00, real=0.00 secs] 
1553.768: [GC (Allocation Failure) [PSYoungGen: 59680K->1408K(61440K)] 417408K->359137K(740352K), 0.0028496 secs] [Times: user=0.01 sys=0.00, real=0.00 secs] 
1554.399: [GC (Allocation Failure) [PSYoungGen: 60800K->1376K(61440K)] 418529K->359105K(740352K), 0.0033078 secs] [Times: user=0.02 sys=0.00, real=0.00 secs] 
1554.992: [GC (Allocation Failure) [PSYoungGen: 60768K->1344K(61440K)] 418497K->359073K(740352K), 0.0028893 secs] [Times: user=0.01 sys=0.00, real=0.01 secs] 
1555.571: [GC (Allocation Failure) [PSYoungGen: 60736K->1344K(61440K)] 418465K->359073K(740352K), 0.0028597 secs] [Times: user=0.01 sys=0.01, real=0.01 secs] 
1556.904: [GC (Allocation Failure) [PSYoungGen: 60736K->1408K(61440K)] 418465K->359137K(740352K), 0.0019300 secs] [Times: user=0.00 sys=0.00, real=0.00 secs] 
1557.680: [GC (Allocation Failure) [PSYoungGen: 60800K->1376K(61440K)] 418529K->359105K(740352K), 0.0019675 secs] [Times: user=0.01 sys=0.00, real=0.00 secs] 
1558.515: [GC (Allocation Failure) [PSYoungGen: 60768K->1376K(61440K)] 418497K->359105K(740352K), 0.0029251 secs] [Times: user=0.01 sys=0.00, real=0.00 secs] 
1559.231: [GC (Allocation Failure) [PSYoungGen: 60768K->1376K(61440K)] 418497K->359105K(740352K), 0.0031389 secs] [Times: user=0.01 sys=0.00, real=0.01 secs] 
1560.024: [GC (Allocation Failure) [PSYoungGen: 60768K->1376K(61440K)] 418497K->359105K(740352K), 0.0034451 secs] [Times: user=0.01 sys=0.00, real=0.00 secs] 
1561.479: [GC (Allocation Failure) [PSYoungGen: 60768K->1408K(61440K)] 418497K->359137K(740352K), 0.0020741 secs] [Times: user=0.01 sys=0.00, real=0.00 secs] 
1562.230: [GC (Allocation Failure) [PSYoungGen: 60800K->1376K(61440K)] 418529K->359113K(740352K), 0.0033598 secs] [Times: user=0.02 sys=0.00, real=0.01 secs] 
1563.092: [GC (Allocation Failure) [PSYoungGen: 60768K->1376K(61440K)] 418505K->359113K(740352K), 0.0041012 secs] [Times: user=0.01 sys=0.00, real=0.01 secs] 
1563.841: [GC (Allocation Failure) [PSYoungGen: 60768K->1376K(61440K)] 418505K->359113K(740352K), 0.0033040 secs] [Times: user=0.01 sys=0.00, real=0.01 secs] 
1564.358: [GC (Allocation Failure) [PSYoungGen: 60768K->1344K(61440K)] 418505K->359081K(740352K), 0.0031536 secs] [Times: user=0.01 sys=0.00, real=0.00 secs] 
1565.736: [GC (Allocation Failure) [PSYoungGen: 60736K->1408K(61440K)] 418473K->359145K(740352K), 0.0019625 secs] [Times: user=0.01 sys=0.00, real=0.00 secs] 
1566.020: [GC (Allocation Failure) [PSYoungGen: 60800K->1376K(61440K)] 418537K->359113K(740352K), 0.0022347 secs] [Times: user=0.01 sys=0.00, real=0.00 secs] 
1566.268: [GC (Allocation Failure) [PSYoungGen: 60768K->1408K(61440K)] 418505K->359145K(740352K), 0.0023993 secs] [Times: user=0.01 sys=0.00, real=0.00 secs] 
1566.547: [GC (Allocation Failure) [PSYoungGen: 60800K->1344K(61440K)] 418537K->359081K(740352K), 0.0020834 secs] [Times: user=0.01 sys=0.00, real=0.00 secs] 
1567.022: [GC (Allocation Failure) [PSYoungGen: 60736K->1376K(61440K)] 418473K->359113K(740352K), 0.0026436 secs] [Times: user=0.01 sys=0.00, real=0.01 secs] 
1568.207: [GC (Allocation Failure) [PSYoungGen: 60768K->1376K(61440K)] 418505K->359113K(740352K), 0.0027645 secs] [Times: user=0.01 sys=0.00, real=0.00 secs] 
1568.439: [GC (Allocation Failure) [PSYoungGen: 60768K->1376K(61440K)] 418505K->359113K(740352K), 0.0020611 secs] [Times: user=0.01 sys=0.00, real=0.00 secs] 
1568.686: [GC (Allocation Failure) [PSYoungGen: 60768K->1344K(61440K)] 418505K->359097K(740352K), 0.0019719 secs] [Times: user=0.01 sys=0.00, real=0.00 secs] 
1568.933: [GC (Allocation Failure) [PSYoungGen: 60736K->1376K(61440K)] 418489K->359129K(740352K), 0.0020059 secs] [Times: user=0.01 sys=0.00, real=0.01 secs] 
1570.153: [GC (Allocation Failure) [PSYoungGen: 60768K->1376K(61440K)] 418521K->359129K(740352K), 0.0021962 secs] [Times: user=0.01 sys=0.00, real=0.01 secs] 
1570.781: [GC (Allocation Failure) [PSYoungGen: 60768K->1344K(60928K)] 418521K->359097K(739840K), 0.0030722 secs] [Times: user=0.02 sys=0.00, real=0.01 secs] 
1571.303: [GC (Allocation Failure) [PSYoungGen: 60736K->1376K(60928K)] 418489K->359129K(739840K), 0.0031189 secs] [Times: user=0.01 sys=0.00, real=0.01 secs] 
1571.716: [GC (Allocation Failure) [PSYoungGen: 60768K->1408K(60928K)] 418521K->359161K(739840K), 0.0023676 secs] [Times: user=0.01 sys=0.00, real=0.00 secs] 
1571.957: [GC (Allocation Failure) [PSYoungGen: 60800K->1376K(60928K)] 418553K->359129K(739840K), 0.0020527 secs] [Times: user=0.01 sys=0.00, real=0.00 secs] 
1573.236: [GC (Allocation Failure) [PSYoungGen: 60768K->1408K(60928K)] 418521K->359161K(739840K), 0.0028452 secs] [Times: user=0.01 sys=0.00, real=0.00 secs] 
1573.788: [GC (Allocation Failure) [PSYoungGen: 60800K->1376K(60928K)] 418553K->359129K(739840K), 0.0023277 secs] [Times: user=0.01 sys=0.00, real=0.00 secs] 
1574.367: [GC (Allocation Failure) [PSYoungGen: 60768K->1376K(60928K)] 418521K->359129K(739840K), 0.0022290 secs] [Times: user=0.01 sys=0.00, real=0.00 secs] 
1574.901: [GC (Allocation Failure) [PSYoungGen: 60768K->1344K(60928K)] 418521K->359097K(739840K), 0.0019590 secs] [Times: user=0.01 sys=0.00, real=0.00 secs] 
1575.147: [GC (Allocation Failure) [PSYoungGen: 60736K->1344K(60928K)] 418489K->359097K(739840K), 0.0019297 secs] [Times: user=0.01 sys=0.00, real=0.00 secs] 
1576.088: [GC (Allocation Failure) [PSYoungGen: 60736K->1376K(60928K)] 418489K->359129K(739840K), 0.0016016 secs] [Times: user=0.01 sys=0.00, real=0.00 secs] 
1576.335: [GC (Allocation Failure) [PSYoungGen: 60768K->1376K(60928K)] 418521K->359153K(739840K), 0.0016959 secs] [Times: user=0.01 sys=0.00, real=0.00 secs] 
1576.581: [GC (Allocation Failure) [PSYoungGen: 60768K->1360K(60928K)] 418545K->359137K(739840K), 0.0017126 secs] [Times: user=0.00 sys=0.00, real=0.00 secs] 
1576.828: [GC (Allocation Failure) [PSYoungGen: 60752K->1376K(60928K)] 418529K->359161K(739840K), 0.0017197 secs] [Times: user=0.01 sys=0.00, real=0.00 secs] 
1577.074: [GC (Allocation Failure) [PSYoungGen: 60768K->1376K(60928K)] 418553K->359177K(739840K), 0.0017221 secs] [Times: user=0.01 sys=0.00, real=0.00 secs] 
1578.932: [GC (Allocation Failure) [PSYoungGen: 60768K->1408K(60928K)] 418569K->359209K(739840K), 0.0031554 secs] [Times: user=0.01 sys=0.00, real=0.01 secs] 
1579.635: [GC (Allocation Failure) [PSYoungGen: 60800K->1344K(60928K)] 418601K->359145K(739840K), 0.0029141 secs] [Times: user=0.01 sys=0.00, real=0.00 secs] 
1580.144: [GC (Allocation Failure) [PSYoungGen: 60736K->1312K(60928K)] 418537K->359113K(739840K), 0.0026555 secs] [Times: user=0.01 sys=0.00, real=0.00 secs] 
1580.680: [GC (Allocation Failure) [PSYoungGen: 60704K->1344K(60928K)] 418505K->359145K(739840K), 0.0027176 secs] [Times: user=0.01 sys=0.00, real=0.00 secs] 
1582.050: [GC (Allocation Failure) [PSYoungGen: 60736K->1376K(60928K)] 418537K->359177K(739840K), 0.0018338 secs] [Times: user=0.00 sys=0.00, real=0.00 secs] 
1582.400: [GC (Allocation Failure) [PSYoungGen: 60768K->1376K(60928K)] 418569K->359177K(739840K), 0.0017738 secs] [Times: user=0.00 sys=0.00, real=0.00 secs] 
1582.798: [GC (Allocation Failure) [PSYoungGen: 60768K->1376K(60928K)] 418569K->359177K(739840K), 0.0017036 secs] [Times: user=0.00 sys=0.00, real=0.00 secs] 
1583.323: [GC (Allocation Failure) [PSYoungGen: 60768K->1376K(60928K)] 418569K->359177K(739840K), 0.0016954 secs] [Times: user=0.00 sys=0.00, real=0.01 secs] 
1583.846: [GC (Allocation Failure) [PSYoungGen: 60768K->1376K(60928K)] 418569K->359177K(739840K), 0.0018002 secs] [Times: user=0.01 sys=0.00, real=0.00 secs] 
1584.943: [GC (Allocation Failure) [PSYoungGen: 60768K->1392K(60928K)] 418569K->359193K(739840K), 0.0018871 secs] [Times: user=0.01 sys=0.00, real=0.00 secs] 
1585.191: [GC (Allocation Failure) [PSYoungGen: 60784K->1408K(60928K)] 418585K->359209K(739840K), 0.0019175 secs] [Times: user=0.01 sys=0.00, real=0.00 secs] 
1585.438: [GC (Allocation Failure) [PSYoungGen: 60800K->1376K(60928K)] 418601K->359177K(739840K), 0.0017998 secs] [Times: user=0.00 sys=0.00, real=0.00 secs] 
1585.876: [GC (Allocation Failure) [PSYoungGen: 60768K->1328K(60928K)] 418569K->359129K(739840K), 0.0017868 secs] [Times: user=0.01 sys=0.00, real=0.00 secs] 
1586.364: [GC (Allocation Failure) [PSYoungGen: 60720K->1328K(60928K)] 418521K->359129K(739840K), 0.0027082 secs] [Times: user=0.01 sys=0.00, real=0.00 secs] 
1587.748: [GC (Allocation Failure) [PSYoungGen: 60720K->1376K(60928K)] 418521K->359177K(739840K), 0.0016499 secs] [Times: user=0.01 sys=0.00, real=0.00 secs] 
1588.591: [GC (Allocation Failure) [PSYoungGen: 60768K->1344K(60928K)] 418569K->359153K(739840K), 0.0020257 secs] [Times: user=0.01 sys=0.00, real=0.01 secs] 
1589.125: [GC (Allocation Failure) [PSYoungGen: 60736K->1376K(60928K)] 418545K->359185K(739840K), 0.0019555 secs] [Times: user=0.01 sys=0.00, real=0.00 secs] 
1589.592: [GC (Allocation Failure) [PSYoungGen: 60768K->1376K(60928K)] 418577K->359185K(739840K), 0.0022267 secs] [Times: user=0.01 sys=0.01, real=0.01 secs] 
1590.150: [GC (Allocation Failure) [PSYoungGen: 60768K->1312K(60928K)] 418577K->359121K(739840K), 0.0022414 secs] [Times: user=0.01 sys=0.00, real=0.00 secs] 
1591.986: [GC (Allocation Failure) [PSYoungGen: 60704K->1344K(60928K)] 418513K->359153K(739840K), 0.0020140 secs] [Times: user=0.01 sys=0.00, real=0.00 secs] 
1592.937: [GC (Allocation Failure) [PSYoungGen: 60736K->1344K(60928K)] 418545K->359153K(739840K), 0.0027828 secs] [Times: user=0.01 sys=0.00, real=0.00 secs] 
1594.050: [GC (Allocation Failure) [PSYoungGen: 60736K->1344K(60928K)] 418545K->359153K(739840K), 0.0040196 secs] [Times: user=0.02 sys=0.00, real=0.01 secs] 
1594.529: [GC (Allocation Failure) [PSYoungGen: 60736K->1344K(60928K)] 418545K->359153K(739840K), 0.0027333 secs] [Times: user=0.01 sys=0.00, real=0.00 secs] 
1595.732: [GC (Allocation Failure) [PSYoungGen: 60736K->928K(60928K)] 418545K->359761K(739840K), 0.0018019 secs] [Times: user=0.00 sys=0.00, real=0.01 secs] 
1596.007: [GC (Allocation Failure) [PSYoungGen: 60320K->320K(60928K)] 419153K->359153K(739840K), 0.0017121 secs] [Times: user=0.00 sys=0.00, real=0.00 secs] 
1596.281: [GC (Allocation Failure) [PSYoungGen: 59712K->320K(61440K)] 418545K->359153K(740352K), 0.0020677 secs] [Times: user=0.00 sys=0.00, real=0.01 secs] 
1596.616: [GC (Allocation Failure) [PSYoungGen: 59712K->320K(61440K)] 418545K->359153K(740352K), 0.0020703 secs] [Times: user=0.01 sys=0.00, real=0.00 secs] 
1596.900: [GC (Allocation Failure) [PSYoungGen: 59712K->320K(61440K)] 418545K->359153K(740352K), 0.0020172 secs] [Times: user=0.00 sys=0.00, real=0.00 secs] 
1598.319: [GC (Allocation Failure) [PSYoungGen: 59712K->1408K(61440K)] 418545K->360241K(740352K), 0.0040040 secs] [Times: user=0.01 sys=0.00, real=0.00 secs] 
1598.903: [GC (Allocation Failure) [PSYoungGen: 60800K->1312K(61440K)] 419633K->360145K(740352K), 0.0035292 secs] [Times: user=0.01 sys=0.00, real=0.00 secs] 
1599.463: [GC (Allocation Failure) [PSYoungGen: 60704K->1312K(61440K)] 419537K->360153K(740352K), 0.0036601 secs] [Times: user=0.01 sys=0.00, real=0.00 secs] 
1599.821: [GC (Allocation Failure) [PSYoungGen: 60704K->1344K(61440K)] 419545K->360185K(740352K), 0.0025660 secs] [Times: user=0.01 sys=0.00, real=0.01 secs] 
1600.291: [GC (Allocation Failure) [PSYoungGen: 60736K->1344K(61440K)] 419577K->360185K(740352K), 0.0023944 secs] [Times: user=0.01 sys=0.00, real=0.01 secs] 
1602.376: [GC (Allocation Failure) [PSYoungGen: 60736K->1376K(61440K)] 419577K->360217K(740352K), 0.0028359 secs] [Times: user=0.01 sys=0.00, real=0.00 secs] 
1603.142: [GC (Allocation Failure) [PSYoungGen: 60768K->1344K(61440K)] 419609K->360185K(740352K), 0.0031177 secs] [Times: user=0.01 sys=0.00, real=0.01 secs] 
1603.606: [GC (Allocation Failure) [PSYoungGen: 60736K->1376K(61440K)] 419577K->360217K(740352K), 0.0025770 secs] [Times: user=0.01 sys=0.00, real=0.00 secs] 
1604.315: [GC (Allocation Failure) [PSYoungGen: 60768K->1360K(61440K)] 419609K->360201K(740352K), 0.0024782 secs] [Times: user=0.01 sys=0.00, real=0.00 secs] 
1605.020: [GC (Allocation Failure) [PSYoungGen: 60752K->1376K(61440K)] 419593K->360217K(740352K), 0.0024411 secs] [Times: user=0.01 sys=0.00, real=0.00 secs] 
1606.364: [GC (Allocation Failure) [PSYoungGen: 60768K->1440K(61440K)] 419609K->360281K(740352K), 0.0023212 secs] [Times: user=0.01 sys=0.00, real=0.00 secs] 
1606.889: [GC (Allocation Failure) [PSYoungGen: 60832K->1376K(61440K)] 419673K->360217K(740352K), 0.0020551 secs] [Times: user=0.01 sys=0.00, real=0.00 secs] 
1607.529: [GC (Allocation Failure) [PSYoungGen: 60768K->1312K(61440K)] 419609K->360153K(740352K), 0.0041873 secs] [Times: user=0.01 sys=0.00, real=0.01 secs] 
1608.226: [GC (Allocation Failure) [PSYoungGen: 60704K->1376K(61440K)] 419545K->360217K(740352K), 0.0026992 secs] [Times: user=0.01 sys=0.00, real=0.00 secs] 
1609.880: [GC (Allocation Failure) [PSYoungGen: 60768K->1920K(61440K)] 419609K->360761K(740352K), 0.0021954 secs] [Times: user=0.01 sys=0.00, real=0.00 secs] 
1610.890: [GC (Allocation Failure) [PSYoungGen: 61312K->1344K(61440K)] 420153K->360193K(740352K), 0.0041020 secs] [Times: user=0.02 sys=0.00, real=0.01 secs] 
1611.357: [GC (Allocation Failure) [PSYoungGen: 60736K->1376K(61440K)] 419585K->360225K(740352K), 0.0021433 secs] [Times: user=0.01 sys=0.00, real=0.00 secs] 
1611.810: [GC (Allocation Failure) [PSYoungGen: 60768K->1344K(61440K)] 419617K->360193K(740352K), 0.0016811 secs] [Times: user=0.00 sys=0.00, real=0.00 secs] 
1612.479: [GC (Allocation Failure) [PSYoungGen: 60736K->1344K(61440K)] 419585K->360193K(740352K), 0.0024519 secs] [Times: user=0.01 sys=0.00, real=0.00 secs] 
1613.888: [GC (Allocation Failure) [PSYoungGen: 60736K->1408K(61440K)] 419585K->360257K(740352K), 0.0018101 secs] [Times: user=0.01 sys=0.00, real=0.00 secs] 
1614.629: [GC (Allocation Failure) [PSYoungGen: 60800K->1376K(61440K)] 419649K->360225K(740352K), 0.0040321 secs] [Times: user=0.02 sys=0.00, real=0.01 secs] 
1615.112: [GC (Allocation Failure) [PSYoungGen: 60768K->1344K(61440K)] 419617K->360193K(740352K), 0.0024421 secs] [Times: user=0.01 sys=0.00, real=0.01 secs] 
1615.514: [GC (Allocation Failure) [PSYoungGen: 60736K->1344K(61440K)] 419585K->360193K(740352K), 0.0019530 secs] [Times: user=0.01 sys=0.00, real=0.00 secs] 
1615.961: [GC (Allocation Failure) [PSYoungGen: 60736K->1376K(61440K)] 419585K->360225K(740352K), 0.0020483 secs] [Times: user=0.01 sys=0.00, real=0.01 secs] 
1617.755: [GC (Allocation Failure) [PSYoungGen: 60768K->1376K(61440K)] 419617K->360225K(740352K), 0.0040805 secs] [Times: user=0.02 sys=0.00, real=0.00 secs] 
1618.531: [GC (Allocation Failure) [PSYoungGen: 60768K->1328K(61440K)] 419617K->360177K(740352K), 0.0026806 secs] [Times: user=0.01 sys=0.00, real=0.01 secs] 
1618.785: [GC (Allocation Failure) [PSYoungGen: 60720K->1376K(61440K)] 419569K->360225K(740352K), 0.0020137 secs] [Times: user=0.01 sys=0.00, real=0.00 secs] 
1619.031: [GC (Allocation Failure) [PSYoungGen: 60768K->1344K(61440K)] 419617K->360193K(740352K), 0.0019553 secs] [Times: user=0.01 sys=0.00, real=0.01 secs] 
1619.296: [GC (Allocation Failure) [PSYoungGen: 60736K->1312K(61440K)] 419585K->360169K(740352K), 0.0017662 secs] [Times: user=0.01 sys=0.00, real=0.00 secs] 
1621.145: [GC (Allocation Failure) [PSYoungGen: 60704K->1408K(61440K)] 419561K->360265K(740352K), 0.0041286 secs] [Times: user=0.01 sys=0.01, real=0.00 secs] 
1622.021: [GC (Allocation Failure) [PSYoungGen: 60800K->1376K(61440K)] 419657K->360233K(740352K), 0.0047007 secs] [Times: user=0.02 sys=0.00, real=0.01 secs] 
1622.667: [GC (Allocation Failure) [PSYoungGen: 60768K->1376K(60928K)] 419625K->360233K(739840K), 0.0030126 secs] [Times: user=0.02 sys=0.00, real=0.00 secs] 
1623.153: [GC (Allocation Failure) [PSYoungGen: 60768K->1344K(60928K)] 419625K->360201K(739840K), 0.0027090 secs] [Times: user=0.01 sys=0.00, real=0.01 secs] 
1624.461: [GC (Allocation Failure) [PSYoungGen: 60736K->928K(60416K)] 419593K->360809K(739328K), 0.0016017 secs] [Times: user=0.01 sys=0.00, real=0.00 secs] 
1624.729: [GC (Allocation Failure) [PSYoungGen: 60320K->352K(61440K)] 420201K->360233K(740352K), 0.0018969 secs] [Times: user=0.01 sys=0.00, real=0.00 secs] 
1624.977: [GC (Allocation Failure) [PSYoungGen: 59744K->384K(61440K)] 419625K->360265K(740352K), 0.0017814 secs] [Times: user=0.01 sys=0.00, real=0.00 secs] 
1625.223: [GC (Allocation Failure) [PSYoungGen: 59776K->352K(61440K)] 419657K->360233K(740352K), 0.0017721 secs] [Times: user=0.01 sys=0.00, real=0.00 secs] 
1625.470: [GC (Allocation Failure) [PSYoungGen: 59744K->352K(61440K)] 419625K->360233K(740352K), 0.0018005 secs] [Times: user=0.00 sys=0.00, real=0.00 secs] 
1626.638: [GC (Allocation Failure) [PSYoungGen: 59744K->1376K(61440K)] 419625K->361257K(740352K), 0.0019369 secs] [Times: user=0.01 sys=0.00, real=0.00 secs] 
1627.088: [GC (Allocation Failure) [PSYoungGen: 60768K->1376K(61440K)] 420649K->361257K(740352K), 0.0018559 secs] [Times: user=0.00 sys=0.00, real=0.00 secs] 
1627.340: [GC (Allocation Failure) [PSYoungGen: 60768K->1376K(61440K)] 420649K->361273K(740352K), 0.0017590 secs] [Times: user=0.01 sys=0.00, real=0.00 secs] 
1627.622: [GC (Allocation Failure) [PSYoungGen: 60768K->1344K(61440K)] 420665K->361241K(740352K), 0.0018254 secs] [Times: user=0.00 sys=0.00, real=0.01 secs] 
1628.067: [GC (Allocation Failure) [PSYoungGen: 60736K->1344K(61440K)] 420633K->361241K(740352K), 0.0018597 secs] [Times: user=0.01 sys=0.00, real=0.00 secs] 
1629.310: [GC (Allocation Failure) [PSYoungGen: 60736K->1376K(61440K)] 420633K->361273K(740352K), 0.0017819 secs] [Times: user=0.01 sys=0.00, real=0.00 secs] 
1629.618: [GC (Allocation Failure) [PSYoungGen: 60768K->1376K(61440K)] 420665K->361273K(740352K), 0.0023774 secs] [Times: user=0.01 sys=0.00, real=0.00 secs] 
1629.896: [GC (Allocation Failure) [PSYoungGen: 60768K->1376K(61440K)] 420665K->361273K(740352K), 0.0022717 secs] [Times: user=0.01 sys=0.00, real=0.00 secs] 
1630.261: [GC (Allocation Failure) [PSYoungGen: 60768K->1376K(61440K)] 420665K->361273K(740352K), 0.0028716 secs] [Times: user=0.01 sys=0.00, real=0.01 secs] 
1630.822: [GC (Allocation Failure) [PSYoungGen: 60768K->1344K(61440K)] 420665K->361241K(740352K), 0.0023829 secs] [Times: user=0.01 sys=0.00, real=0.01 secs] 
1632.187: [GC (Allocation Failure) [PSYoungGen: 60736K->1376K(61440K)] 420633K->361273K(740352K), 0.0018886 secs] [Times: user=0.01 sys=0.00, real=0.00 secs] 
1633.005: [GC (Allocation Failure) [PSYoungGen: 60768K->1376K(61440K)] 420665K->361273K(740352K), 0.0019518 secs] [Times: user=0.01 sys=0.00, real=0.00 secs] 
1633.612: [GC (Allocation Failure) [PSYoungGen: 60768K->1376K(61440K)] 420665K->361273K(740352K), 0.0023493 secs] [Times: user=0.01 sys=0.00, real=0.01 secs] 
1634.101: [GC (Allocation Failure) [PSYoungGen: 60768K->1376K(61440K)] 420665K->361273K(740352K), 0.0026972 secs] [Times: user=0.01 sys=0.00, real=0.01 secs] 
1635.521: [GC (Allocation Failure) [PSYoungGen: 60665K->1424K(61440K)] 420562K->361321K(740352K), 0.0018240 secs] [Times: user=0.01 sys=0.00, real=0.00 secs] 
1635.799: [GC (Allocation Failure) [PSYoungGen: 60816K->1344K(61440K)] 420713K->361241K(740352K), 0.0017377 secs] [Times: user=0.01 sys=0.00, real=0.00 secs] 
1636.148: [GC (Allocation Failure) [PSYoungGen: 60736K->1344K(61440K)] 420633K->361241K(740352K), 0.0019234 secs] [Times: user=0.01 sys=0.01, real=0.00 secs] 
1636.407: [GC (Allocation Failure) [PSYoungGen: 60736K->1408K(61440K)] 420633K->361305K(740352K), 0.0019813 secs] [Times: user=0.00 sys=0.01, real=0.00 secs] 
1636.690: [GC (Allocation Failure) [PSYoungGen: 60800K->1376K(61440K)] 420697K->361273K(740352K), 0.0022251 secs] [Times: user=0.01 sys=0.00, real=0.00 secs] 
1637.738: [GC (Allocation Failure) [PSYoungGen: 60768K->1376K(61440K)] 420665K->361289K(740352K), 0.0019261 secs] [Times: user=0.01 sys=0.00, real=0.00 secs] 
1638.042: [GC (Allocation Failure) [PSYoungGen: 60768K->1408K(61440K)] 420681K->361321K(740352K), 0.0018165 secs] [Times: user=0.01 sys=0.00, real=0.01 secs] 
1638.299: [GC (Allocation Failure) [PSYoungGen: 60800K->1376K(61440K)] 420713K->361289K(740352K), 0.0019402 secs] [Times: user=0.01 sys=0.00, real=0.00 secs] 
1638.565: [GC (Allocation Failure) [PSYoungGen: 60768K->1408K(61440K)] 420681K->361321K(740352K), 0.0018456 secs] [Times: user=0.00 sys=0.00, real=0.00 secs] 
1638.825: [GC (Allocation Failure) [PSYoungGen: 60800K->1328K(61440K)] 420713K->361241K(740352K), 0.0020118 secs] [Times: user=0.01 sys=0.00, real=0.00 secs] 
1640.120: [GC (Allocation Failure) [PSYoungGen: 60720K->1408K(61440K)] 420633K->361321K(740352K), 0.0018495 secs] [Times: user=0.01 sys=0.00, real=0.00 secs] 
1640.681: [GC (Allocation Failure) [PSYoungGen: 60800K->1376K(61440K)] 420713K->361289K(740352K), 0.0022104 secs] [Times: user=0.01 sys=0.00, real=0.01 secs] 
1641.197: [GC (Allocation Failure) [PSYoungGen: 60768K->1376K(61440K)] 420681K->361289K(740352K), 0.0024915 secs] [Times: user=0.01 sys=0.00, real=0.00 secs] 
1641.651: [GC (Allocation Failure) [PSYoungGen: 60768K->1312K(61440K)] 420681K->361225K(740352K), 0.0022443 secs] [Times: user=0.01 sys=0.00, real=0.01 secs] 
1642.200: [GC (Allocation Failure) [PSYoungGen: 60704K->1376K(61440K)] 420617K->361289K(740352K), 0.0031478 secs] [Times: user=0.01 sys=0.01, real=0.01 secs] 
1643.304: [GC (Allocation Failure) [PSYoungGen: 60768K->1376K(61440K)] 420681K->361289K(740352K), 0.0018500 secs] [Times: user=0.00 sys=0.00, real=0.00 secs] 
1643.598: [GC (Allocation Failure) [PSYoungGen: 60768K->1360K(61440K)] 420681K->361273K(740352K), 0.0019834 secs] [Times: user=0.01 sys=0.00, real=0.00 secs] 
1643.870: [GC (Allocation Failure) [PSYoungGen: 60752K->1376K(60928K)] 420665K->361289K(739840K), 0.0032950 secs] [Times: user=0.01 sys=0.00, real=0.01 secs] 
1644.252: [GC (Allocation Failure) [PSYoungGen: 60768K->1376K(60928K)] 420681K->361289K(739840K), 0.0029751 secs] [Times: user=0.01 sys=0.00, real=0.01 secs] 
1645.541: [GC (Allocation Failure) [PSYoungGen: 60768K->512K(60416K)] 420681K->361449K(739328K), 0.0019639 secs] [Times: user=0.01 sys=0.00, real=0.01 secs] 
1646.073: [GC (Allocation Failure) [PSYoungGen: 59904K->352K(61440K)] 420841K->361289K(740352K), 0.0020735 secs] [Times: user=0.01 sys=0.00, real=0.00 secs] 
1646.533: [GC (Allocation Failure) [PSYoungGen: 59744K->352K(61440K)] 420681K->361289K(740352K), 0.0020766 secs] [Times: user=0.01 sys=0.00, real=0.00 secs] 
1646.997: [GC (Allocation Failure) [PSYoungGen: 59744K->272K(61440K)] 420681K->361225K(740352K), 0.0020487 secs] [Times: user=0.01 sys=0.00, real=0.00 secs] 
1647.528: [GC (Allocation Failure) [PSYoungGen: 59664K->288K(61440K)] 420617K->361241K(740352K), 0.0020512 secs] [Times: user=0.01 sys=0.00, real=0.00 secs] 
1649.165: [GC (Allocation Failure) [PSYoungGen: 59680K->1376K(61440K)] 420633K->362329K(740352K), 0.0019724 secs] [Times: user=0.01 sys=0.00, real=0.00 secs] 
1649.753: [GC (Allocation Failure) [PSYoungGen: 60768K->1344K(61440K)] 421721K->362297K(740352K), 0.0022449 secs] [Times: user=0.01 sys=0.00, real=0.01 secs] 
1650.463: [GC (Allocation Failure) [PSYoungGen: 60736K->1344K(61440K)] 421689K->362297K(740352K), 0.0039591 secs] [Times: user=0.01 sys=0.00, real=0.01 secs] 
1651.314: [GC (Allocation Failure) [PSYoungGen: 60736K->1344K(61952K)] 421689K->362297K(740864K), 0.0034097 secs] [Times: user=0.01 sys=0.00, real=0.00 secs] 
1652.101: [GC (Allocation Failure) [PSYoungGen: 60736K->1376K(61952K)] 421689K->362329K(740864K), 0.0033441 secs] [Times: user=0.02 sys=0.00, real=0.01 secs] 
1653.633: [GC (Allocation Failure) [PSYoungGen: 60768K->1392K(61952K)] 421721K->362345K(740864K), 0.0019953 secs] [Times: user=0.01 sys=0.00, real=0.00 secs] 
1654.257: [GC (Allocation Failure) [PSYoungGen: 60784K->1344K(61952K)] 421737K->362297K(740864K), 0.0033225 secs] [Times: user=0.02 sys=0.00, real=0.00 secs] 
1654.561: [GC (Allocation Failure) [PSYoungGen: 60736K->1408K(61952K)] 421689K->362361K(740864K), 0.0020974 secs] [Times: user=0.01 sys=0.00, real=0.01 secs] 
1654.812: [GC (Allocation Failure) [PSYoungGen: 60800K->1344K(60928K)] 421753K->362297K(739840K), 0.0019232 secs] [Times: user=0.01 sys=0.00, real=0.01 secs] 
1655.252: [GC (Allocation Failure) [PSYoungGen: 60736K->1376K(61440K)] 421689K->362329K(740352K), 0.0019460 secs] [Times: user=0.00 sys=0.00, real=0.01 secs] 
1657.054: [GC (Allocation Failure) [PSYoungGen: 60768K->1408K(61440K)] 421721K->362361K(740352K), 0.0032104 secs] [Times: user=0.01 sys=0.00, real=0.00 secs] 
1657.594: [GC (Allocation Failure) [PSYoungGen: 60800K->1344K(61440K)] 421753K->362297K(740352K), 0.0031885 secs] [Times: user=0.01 sys=0.00, real=0.00 secs] 
1658.151: [GC (Allocation Failure) [PSYoungGen: 60736K->1344K(61440K)] 421689K->362297K(740352K), 0.0031292 secs] [Times: user=0.01 sys=0.00, real=0.01 secs] 
1658.788: [GC (Allocation Failure) [PSYoungGen: 60736K->1344K(61440K)] 421689K->362297K(740352K), 0.0031149 secs] [Times: user=0.01 sys=0.00, real=0.00 secs] 
1660.198: [GC (Allocation Failure) [PSYoungGen: 60736K->1408K(61440K)] 421689K->362361K(740352K), 0.0015812 secs] [Times: user=0.01 sys=0.00, real=0.00 secs] 
1660.551: [GC (Allocation Failure) [PSYoungGen: 60800K->1344K(61440K)] 421753K->362305K(740352K), 0.0018233 secs] [Times: user=0.01 sys=0.00, real=0.00 secs] 
1660.862: [GC (Allocation Failure) [PSYoungGen: 60736K->1376K(61440K)] 421697K->362337K(740352K), 0.0019127 secs] [Times: user=0.01 sys=0.00, real=0.01 secs] 
1661.219: [GC (Allocation Failure) [PSYoungGen: 60768K->1376K(61440K)] 421729K->362337K(740352K), 0.0018590 secs] [Times: user=0.01 sys=0.00, real=0.00 secs] 
1661.552: [GC (Allocation Failure) [PSYoungGen: 60768K->1344K(61440K)] 421729K->362305K(740352K), 0.0020548 secs] [Times: user=0.01 sys=0.00, real=0.01 secs] 
1662.740: [GC (Allocation Failure) [PSYoungGen: 60736K->1408K(61440K)] 421697K->362369K(740352K), 0.0018590 secs] [Times: user=0.01 sys=0.00, real=0.00 secs] 
1664.179: [GC (Allocation Failure) [PSYoungGen: 60800K->1376K(61440K)] 421761K->362345K(740352K), 0.0042523 secs] [Times: user=0.02 sys=0.00, real=0.01 secs] 
1664.569: [GC (Allocation Failure) [PSYoungGen: 60768K->1344K(61440K)] 421737K->362313K(740352K), 0.0020279 secs] [Times: user=0.01 sys=0.00, real=0.00 secs] 
1664.833: [GC (Allocation Failure) [PSYoungGen: 60736K->1344K(61440K)] 421705K->362313K(740352K), 0.0021493 secs] [Times: user=0.01 sys=0.00, real=0.00 secs] 
1665.140: [GC (Allocation Failure) [PSYoungGen: 60736K->1312K(61440K)] 421705K->362281K(740352K), 0.0020110 secs] [Times: user=0.01 sys=0.00, real=0.00 secs] 
1666.277: [GC (Allocation Failure) [PSYoungGen: 60704K->1408K(61440K)] 421673K->362377K(740352K), 0.0015884 secs] [Times: user=0.00 sys=0.00, real=0.00 secs] 
1666.710: [GC (Allocation Failure) [PSYoungGen: 60800K->1360K(61440K)] 421769K->362337K(740352K), 0.0016099 secs] [Times: user=0.01 sys=0.00, real=0.00 secs] 
1666.957: [GC (Allocation Failure) [PSYoungGen: 60752K->1344K(61440K)] 421729K->362321K(740352K), 0.0022009 secs] [Times: user=0.01 sys=0.00, real=0.00 secs] 
1667.204: [GC (Allocation Failure) [PSYoungGen: 60736K->1376K(61440K)] 421713K->362369K(740352K), 0.0020477 secs] [Times: user=0.01 sys=0.00, real=0.00 secs] 
1667.468: [GC (Allocation Failure) [PSYoungGen: 60768K->1344K(61440K)] 421761K->362337K(740352K), 0.0021623 secs] [Times: user=0.00 sys=0.00, real=0.00 secs] 
1669.038: [GC (Allocation Failure) [PSYoungGen: 60736K->1376K(61440K)] 421729K->362369K(740352K), 0.0040788 secs] [Times: user=0.02 sys=0.00, real=0.00 secs] 
1669.952: [GC (Allocation Failure) [PSYoungGen: 60768K->1376K(61440K)] 421761K->362369K(740352K), 0.0040220 secs] [Times: user=0.02 sys=0.00, real=0.01 secs] 
1670.628: [GC (Allocation Failure) [PSYoungGen: 60768K->1392K(61440K)] 421761K->362385K(740352K), 0.0032632 secs] [Times: user=0.01 sys=0.01, real=0.00 secs] 
1671.330: [GC (Allocation Failure) [PSYoungGen: 60784K->1312K(60928K)] 421777K->362305K(739840K), 0.0033898 secs] [Times: user=0.01 sys=0.00, real=0.01 secs] 
1672.789: [GC (Allocation Failure) [PSYoungGen: 60696K->128K(60416K)] 421689K->361121K(739328K), 0.0017101 secs] [Times: user=0.00 sys=0.01, real=0.00 secs] 
1673.262: [GC (Allocation Failure) [PSYoungGen: 59008K->1376K(60928K)] 420001K->362369K(739840K), 0.0042778 secs] [Times: user=0.01 sys=0.00, real=0.01 secs] 
1673.848: [GC (Allocation Failure) [PSYoungGen: 60256K->1376K(60928K)] 421249K->362369K(739840K), 0.0031343 secs] [Times: user=0.01 sys=0.00, real=0.00 secs] 
1674.421: [GC (Allocation Failure) [PSYoungGen: 60256K->1344K(60928K)] 421249K->362337K(739840K), 0.0032080 secs] [Times: user=0.02 sys=0.00, real=0.01 secs] 
1675.031: [GC (Allocation Failure) [PSYoungGen: 60224K->1376K(60928K)] 421217K->362369K(739840K), 0.0042373 secs] [Times: user=0.02 sys=0.00, real=0.01 secs] 
1676.386: [GC (Allocation Failure) [PSYoungGen: 60256K->1392K(60928K)] 421249K->362393K(739840K), 0.0016933 secs] [Times: user=0.00 sys=0.00, real=0.00 secs] 
1676.631: [GC (Allocation Failure) [PSYoungGen: 60272K->1312K(60928K)] 421273K->362313K(739840K), 0.0017415 secs] [Times: user=0.01 sys=0.00, real=0.00 secs] 
1676.885: [GC (Allocation Failure) [PSYoungGen: 60192K->1344K(60928K)] 421193K->362345K(739840K), 0.0016438 secs] [Times: user=0.01 sys=0.00, real=0.00 secs] 
1677.267: [GC (Allocation Failure) [PSYoungGen: 60224K->1376K(60928K)] 421225K->362377K(739840K), 0.0031525 secs] [Times: user=0.01 sys=0.00, real=0.00 secs] 
1677.736: [GC (Allocation Failure) [PSYoungGen: 60256K->1344K(60928K)] 421257K->362345K(739840K), 0.0031523 secs] [Times: user=0.01 sys=0.00, real=0.00 secs] 
1679.051: [GC (Allocation Failure) [PSYoungGen: 60224K->1344K(60928K)] 421225K->362345K(739840K), 0.0019296 secs] [Times: user=0.01 sys=0.00, real=0.00 secs] 
1679.535: [GC (Allocation Failure) [PSYoungGen: 60224K->1344K(60928K)] 421225K->362353K(739840K), 0.0019312 secs] [Times: user=0.01 sys=0.00, real=0.00 secs] 
1679.799: [GC (Allocation Failure) [PSYoungGen: 60224K->1344K(60928K)] 421233K->362353K(739840K), 0.0019675 secs] [Times: user=0.01 sys=0.00, real=0.00 secs] 
1680.066: [GC (Allocation Failure) [PSYoungGen: 60224K->1376K(60928K)] 421233K->362385K(739840K), 0.0020330 secs] [Times: user=0.01 sys=0.00, real=0.00 secs] 
1680.328: [GC (Allocation Failure) [PSYoungGen: 60256K->1376K(60928K)] 421265K->362385K(739840K), 0.0019213 secs] [Times: user=0.01 sys=0.00, real=0.00 secs] 
1683.322: [GC (Allocation Failure) [PSYoungGen: 60256K->1440K(60928K)] 421265K->362449K(739840K), 0.0028783 secs] [Times: user=0.02 sys=0.00, real=0.01 secs] 
1684.033: [GC (Allocation Failure) [PSYoungGen: 60320K->1376K(60928K)] 421329K->362385K(739840K), 0.0025264 secs] [Times: user=0.01 sys=0.00, real=0.00 secs] 
1684.686: [GC (Allocation Failure) [PSYoungGen: 60256K->1408K(60928K)] 421265K->362417K(739840K), 0.0022531 secs] [Times: user=0.01 sys=0.00, real=0.00 secs] 
1685.527: [GC (Allocation Failure) [PSYoungGen: 60288K->1312K(60928K)] 421297K->362321K(739840K), 0.0039528 secs] [Times: user=0.01 sys=0.00, real=0.00 secs] 
1686.680: [GC (Allocation Failure) [PSYoungGen: 60192K->1376K(60928K)] 421201K->362385K(739840K), 0.0037696 secs] [Times: user=0.02 sys=0.00, real=0.01 secs] 
1689.055: [GC (Allocation Failure) [PSYoungGen: 60256K->1408K(60928K)] 421265K->362433K(739840K), 0.0024100 secs] [Times: user=0.01 sys=0.00, real=0.00 secs] 
1689.897: [GC (Allocation Failure) [PSYoungGen: 60288K->1360K(60416K)] 421313K->362385K(739328K), 0.0023981 secs] [Times: user=0.01 sys=0.00, real=0.00 secs] 
1690.130: [GC (Allocation Failure) [PSYoungGen: 60240K->1312K(60416K)] 421265K->362337K(739328K), 0.0020489 secs] [Times: user=0.01 sys=0.00, real=0.00 secs] 
1690.375: [GC (Allocation Failure) [PSYoungGen: 60192K->1360K(60416K)] 421217K->362385K(739328K), 0.0019949 secs] [Times: user=0.01 sys=0.00, real=0.00 secs] 
1691.295: [GC (Allocation Failure) [PSYoungGen: 60240K->1488K(59904K)] 421265K->362513K(738816K), 0.0017885 secs] [Times: user=0.01 sys=0.00, real=0.00 secs] 
1691.533: [GC (Allocation Failure) [PSYoungGen: 59856K->1376K(59904K)] 420881K->362417K(738816K), 0.0020060 secs] [Times: user=0.01 sys=0.00, real=0.01 secs] 
1691.775: [GC (Allocation Failure) [PSYoungGen: 59744K->1408K(59904K)] 420785K->362449K(738816K), 0.0017371 secs] [Times: user=0.01 sys=0.00, real=0.00 secs] 
1692.016: [GC (Allocation Failure) [PSYoungGen: 59776K->1360K(59904K)] 420817K->362401K(738816K), 0.0017960 secs] [Times: user=0.01 sys=0.00, real=0.00 secs] 
1692.258: [GC (Allocation Failure) [PSYoungGen: 59728K->1424K(59904K)] 420769K->362465K(738816K), 0.0017744 secs] [Times: user=0.00 sys=0.00, real=0.00 secs] 
1693.239: [GC (Allocation Failure) [PSYoungGen: 59792K->1408K(59904K)] 420833K->362449K(738816K), 0.0018083 secs] [Times: user=0.01 sys=0.00, real=0.00 secs] 
1693.529: [GC (Allocation Failure) [PSYoungGen: 59776K->1376K(59904K)] 420817K->362417K(738816K), 0.0018724 secs] [Times: user=0.01 sys=0.00, real=0.00 secs] 
1693.803: [GC (Allocation Failure) [PSYoungGen: 59744K->1376K(59904K)] 420785K->362417K(738816K), 0.0022527 secs] [Times: user=0.01 sys=0.00, real=0.01 secs] 
1694.046: [GC (Allocation Failure) [PSYoungGen: 59744K->1376K(59904K)] 420785K->362417K(738816K), 0.0019013 secs] [Times: user=0.01 sys=0.00, real=0.00 secs] 
1694.314: [GC (Allocation Failure) [PSYoungGen: 59744K->1376K(59904K)] 420785K->362417K(738816K), 0.0021253 secs] [Times: user=0.01 sys=0.00, real=0.00 secs] 
1695.281: [GC (Allocation Failure) [PSYoungGen: 59744K->1408K(59904K)] 420785K->362449K(738816K), 0.0018331 secs] [Times: user=0.01 sys=0.00, real=0.00 secs] 
1695.642: [GC (Allocation Failure) [PSYoungGen: 59776K->1376K(59904K)] 420817K->362441K(738816K), 0.0020451 secs] [Times: user=0.01 sys=0.00, real=0.01 secs] 
1695.885: [GC (Allocation Failure) [PSYoungGen: 59744K->1408K(59904K)] 420809K->362473K(738816K), 0.0021866 secs] [Times: user=0.01 sys=0.00, real=0.00 secs] 
1696.128: [GC (Allocation Failure) [PSYoungGen: 59776K->1376K(59904K)] 420841K->362441K(738816K), 0.0019641 secs] [Times: user=0.01 sys=0.00, real=0.00 secs] 
1696.438: [GC (Allocation Failure) [PSYoungGen: 59744K->1344K(59904K)] 420809K->362409K(738816K), 0.0019562 secs] [Times: user=0.01 sys=0.00, real=0.00 secs] 
1697.706: [GC (Allocation Failure) [PSYoungGen: 59712K->1392K(59904K)] 420777K->362457K(738816K), 0.0019910 secs] [Times: user=0.01 sys=0.00, real=0.00 secs] 
1698.329: [GC (Allocation Failure) [PSYoungGen: 59760K->1360K(59904K)] 420825K->362425K(738816K), 0.0021723 secs] [Times: user=0.01 sys=0.00, real=0.00 secs] 
1698.985: [GC (Allocation Failure) [PSYoungGen: 59728K->1376K(59904K)] 420793K->362441K(738816K), 0.0022366 secs] [Times: user=0.01 sys=0.00, real=0.00 secs] 
1699.282: [GC (Allocation Failure) [PSYoungGen: 59744K->1376K(59904K)] 420809K->362441K(738816K), 0.0020998 secs] [Times: user=0.01 sys=0.00, real=0.01 secs] 
1699.619: [GC (Allocation Failure) [PSYoungGen: 59744K->1408K(59904K)] 420809K->362473K(738816K), 0.0019813 secs] [Times: user=0.00 sys=0.00, real=0.00 secs] 
1700.669: [GC (Allocation Failure) [PSYoungGen: 59776K->1408K(59904K)] 420841K->362473K(738816K), 0.0019001 secs] [Times: user=0.01 sys=0.01, real=0.00 secs] 
1700.912: [GC (Allocation Failure) [PSYoungGen: 59776K->1392K(59904K)] 420841K->362457K(738816K), 0.0017939 secs] [Times: user=0.01 sys=0.00, real=0.01 secs] 
1701.191: [GC (Allocation Failure) [PSYoungGen: 59760K->1376K(59904K)] 420825K->362441K(738816K), 0.0018166 secs] [Times: user=0.01 sys=0.00, real=0.01 secs] 
1701.449: [GC (Allocation Failure) [PSYoungGen: 59744K->1408K(59904K)] 420809K->362473K(738816K), 0.0030982 secs] [Times: user=0.01 sys=0.00, real=0.00 secs] 
1701.695: [GC (Allocation Failure) [PSYoungGen: 59776K->1376K(59904K)] 420841K->362441K(738816K), 0.0021151 secs] [Times: user=0.01 sys=0.00, real=0.00 secs] 
1702.704: [GC (Allocation Failure) [PSYoungGen: 59744K->1440K(59904K)] 420809K->362505K(738816K), 0.0018484 secs] [Times: user=0.01 sys=0.00, real=0.00 secs] 
1702.976: [GC (Allocation Failure) [PSYoungGen: 59808K->1376K(59904K)] 420873K->362441K(738816K), 0.0018229 secs] [Times: user=0.01 sys=0.00, real=0.00 secs] 
1703.310: [GC (Allocation Failure) [PSYoungGen: 59744K->1376K(59904K)] 420809K->362441K(738816K), 0.0019587 secs] [Times: user=0.01 sys=0.00, real=0.00 secs] 
1703.738: [GC (Allocation Failure) [PSYoungGen: 59744K->1440K(59904K)] 420809K->362505K(738816K), 0.0022429 secs] [Times: user=0.00 sys=0.00, real=0.00 secs] 
1705.132: [GC (Allocation Failure) [PSYoungGen: 59808K->1472K(59904K)] 420873K->362537K(738816K), 0.0018051 secs] [Times: user=0.01 sys=0.00, real=0.01 secs] 
1706.437: [GC (Allocation Failure) [PSYoungGen: 59840K->1376K(59904K)] 420905K->362441K(738816K), 0.0035960 secs] [Times: user=0.01 sys=0.00, real=0.00 secs] 
1706.933: [GC (Allocation Failure) [PSYoungGen: 59744K->1408K(59904K)] 420809K->362489K(738816K), 0.0024774 secs] [Times: user=0.01 sys=0.00, real=0.01 secs] 
1707.602: [GC (Allocation Failure) [PSYoungGen: 59776K->1312K(59904K)] 420857K->362393K(738816K), 0.0031601 secs] [Times: user=0.02 sys=0.00, real=0.01 secs] 
1708.231: [GC (Allocation Failure) [PSYoungGen: 59680K->1312K(59904K)] 420761K->362393K(738816K), 0.0029350 secs] [Times: user=0.01 sys=0.00, real=0.01 secs] 
1709.737: [GC (Allocation Failure) [PSYoungGen: 59680K->1360K(59904K)] 420761K->362441K(738816K), 0.0020284 secs] [Times: user=0.01 sys=0.00, real=0.00 secs] 
1710.305: [GC (Allocation Failure) [PSYoungGen: 59728K->1376K(59904K)] 420809K->362457K(738816K), 0.0022353 secs] [Times: user=0.01 sys=0.00, real=0.00 secs] 
1710.835: [GC (Allocation Failure) [PSYoungGen: 59744K->1376K(59904K)] 420825K->362457K(738816K), 0.0029498 secs] [Times: user=0.01 sys=0.00, real=0.00 secs] 
1711.553: [GC (Allocation Failure) [PSYoungGen: 59744K->1344K(59904K)] 420825K->362425K(738816K), 0.0041012 secs] [Times: user=0.01 sys=0.01, real=0.00 secs] 
1712.379: [GC (Allocation Failure) [PSYoungGen: 59712K->1312K(59904K)] 420793K->362393K(738816K), 0.0039706 secs] [Times: user=0.02 sys=0.00, real=0.01 secs] 
1713.922: [GC (Allocation Failure) [PSYoungGen: 59680K->1408K(59904K)] 420761K->362489K(738816K), 0.0021128 secs] [Times: user=0.01 sys=0.00, real=0.01 secs] 
1714.165: [GC (Allocation Failure) [PSYoungGen: 59776K->1360K(59904K)] 420857K->362441K(738816K), 0.0019989 secs] [Times: user=0.01 sys=0.00, real=0.00 secs] 
1714.408: [GC (Allocation Failure) [PSYoungGen: 59728K->1376K(59904K)] 420809K->362457K(738816K), 0.0020790 secs] [Times: user=0.01 sys=0.00, real=0.00 secs] 
1714.655: [GC (Allocation Failure) [PSYoungGen: 59744K->1376K(59904K)] 420825K->362457K(738816K), 0.0027071 secs] [Times: user=0.01 sys=0.00, real=0.00 secs] 
1714.895: [GC (Allocation Failure) [PSYoungGen: 59744K->1344K(59904K)] 420825K->362425K(738816K), 0.0020576 secs] [Times: user=0.00 sys=0.00, real=0.00 secs] 
1716.248: [GC (Allocation Failure) [PSYoungGen: 59712K->1376K(59904K)] 420793K->362457K(738816K), 0.0025174 secs] [Times: user=0.01 sys=0.00, real=0.00 secs] 
1717.138: [GC (Allocation Failure) [PSYoungGen: 59744K->1376K(59904K)] 420825K->362457K(738816K), 0.0040681 secs] [Times: user=0.02 sys=0.00, real=0.00 secs] 
1717.977: [GC (Allocation Failure) [PSYoungGen: 59744K->1376K(59904K)] 420825K->362457K(738816K), 0.0041468 secs] [Times: user=0.02 sys=0.00, real=0.00 secs] 
1718.588: [GC (Allocation Failure) [PSYoungGen: 59744K->1344K(59904K)] 420825K->362425K(738816K), 0.0032467 secs] [Times: user=0.01 sys=0.00, real=0.00 secs] 
1718.846: [GC (Allocation Failure) [PSYoungGen: 59712K->1376K(59904K)] 420793K->362465K(738816K), 0.0020945 secs] [Times: user=0.01 sys=0.00, real=0.00 secs] 
1720.503: [GC (Allocation Failure) [PSYoungGen: 59744K->1408K(59904K)] 420833K->362497K(738816K), 0.0033026 secs] [Times: user=0.02 sys=0.00, real=0.00 secs] 
1721.543: [GC (Allocation Failure) [PSYoungGen: 59776K->1312K(59904K)] 420865K->362401K(738816K), 0.0038996 secs] [Times: user=0.02 sys=0.00, real=0.00 secs] 
1722.321: [GC (Allocation Failure) [PSYoungGen: 59680K->1344K(59904K)] 420769K->362433K(738816K), 0.0041013 secs] [Times: user=0.02 sys=0.00, real=0.01 secs] 
1722.894: [GC (Allocation Failure) [PSYoungGen: 59712K->1360K(59904K)] 420801K->362449K(738816K), 0.0033291 secs] [Times: user=0.01 sys=0.00, real=0.00 secs] 
1723.403: [GC (Allocation Failure) [PSYoungGen: 59728K->1344K(59904K)] 420817K->362433K(738816K), 0.0027917 secs] [Times: user=0.01 sys=0.00, real=0.01 secs] 
1724.468: [GC (Allocation Failure) [PSYoungGen: 59712K->1408K(59904K)] 420801K->362497K(738816K), 0.0019819 secs] [Times: user=0.01 sys=0.00, real=0.00 secs] 
1724.741: [GC (Allocation Failure) [PSYoungGen: 59776K->1376K(59904K)] 420865K->362465K(738816K), 0.0017728 secs] [Times: user=0.01 sys=0.00, real=0.01 secs] 
1725.035: [GC (Allocation Failure) [PSYoungGen: 59744K->1344K(59904K)] 420833K->362433K(738816K), 0.0018493 secs] [Times: user=0.01 sys=0.00, real=0.00 secs] 
1725.304: [GC (Allocation Failure) [PSYoungGen: 59712K->1376K(59904K)] 420801K->362465K(738816K), 0.0020284 secs] [Times: user=0.00 sys=0.00, real=0.00 secs] 
1726.254: [GC (Allocation Failure) [PSYoungGen: 59744K->1280K(59904K)] 420833K->362369K(738816K), 0.0015550 secs] [Times: user=0.01 sys=0.00, real=0.00 secs] 
1727.809: [GC (Allocation Failure) [PSYoungGen: 59648K->1376K(59904K)] 420737K->362465K(738816K), 0.0041655 secs] [Times: user=0.02 sys=0.00, real=0.01 secs] 
1728.082: [GC (Allocation Failure) [PSYoungGen: 59744K->1344K(59904K)] 420833K->362433K(738816K), 0.0020739 secs] [Times: user=0.01 sys=0.00, real=0.01 secs] 
1728.346: [GC (Allocation Failure) [PSYoungGen: 59712K->1376K(59904K)] 420801K->362465K(738816K), 0.0019249 secs] [Times: user=0.00 sys=0.00, real=0.00 secs] 
1728.894: [GC (Allocation Failure) [PSYoungGen: 59744K->1376K(59904K)] 420833K->362473K(738816K), 0.0021184 secs] [Times: user=0.01 sys=0.00, real=0.00 secs] 
1730.253: [GC (Allocation Failure) [PSYoungGen: 59744K->1344K(59904K)] 420841K->362441K(738816K), 0.0019312 secs] [Times: user=0.01 sys=0.00, real=0.01 secs] 
1731.052: [GC (Allocation Failure) [PSYoungGen: 59712K->1344K(59904K)] 420809K->362441K(738816K), 0.0042225 secs] [Times: user=0.02 sys=0.00, real=0.01 secs] 
1731.618: [GC (Allocation Failure) [PSYoungGen: 59712K->1424K(59904K)] 420809K->362521K(738816K), 0.0033040 secs] [Times: user=0.02 sys=0.00, real=0.00 secs] 
1732.195: [GC (Allocation Failure) [PSYoungGen: 59792K->1440K(59904K)] 420889K->362537K(738816K), 0.0029597 secs] [Times: user=0.01 sys=0.00, real=0.00 secs] 
1732.911: [GC (Allocation Failure) [PSYoungGen: 59808K->1344K(59904K)] 420905K->362441K(738816K), 0.0041322 secs] [Times: user=0.02 sys=0.00, real=0.01 secs] 
1734.387: [GC (Allocation Failure) [PSYoungGen: 59712K->1408K(59904K)] 420809K->362505K(738816K), 0.0019702 secs] [Times: user=0.01 sys=0.00, real=0.00 secs] 
1734.630: [GC (Allocation Failure) [PSYoungGen: 59776K->1360K(59904K)] 420873K->362457K(738816K), 0.0019022 secs] [Times: user=0.01 sys=0.00, real=0.00 secs] 
1734.873: [GC (Allocation Failure) [PSYoungGen: 59728K->1328K(59904K)] 420825K->362425K(738816K), 0.0017633 secs] [Times: user=0.01 sys=0.00, real=0.00 secs] 
1735.116: [GC (Allocation Failure) [PSYoungGen: 59696K->1376K(59904K)] 420793K->362473K(738816K), 0.0019504 secs] [Times: user=0.00 sys=0.00, real=0.00 secs] 
1735.358: [GC (Allocation Failure) [PSYoungGen: 59744K->1344K(59904K)] 420841K->362441K(738816K), 0.0019615 secs] [Times: user=0.01 sys=0.00, real=0.00 secs] 
1736.429: [GC (Allocation Failure) [PSYoungGen: 59712K->1408K(59904K)] 420809K->362505K(738816K), 0.0018025 secs] [Times: user=0.01 sys=0.00, real=0.00 secs] 
1736.909: [GC (Allocation Failure) [PSYoungGen: 59776K->1344K(59904K)] 420873K->362441K(738816K), 0.0030996 secs] [Times: user=0.01 sys=0.00, real=0.00 secs] 
1737.397: [GC (Allocation Failure) [PSYoungGen: 59712K->1344K(59904K)] 420809K->362457K(738816K), 0.0040809 secs] [Times: user=0.02 sys=0.00, real=0.00 secs] 
1737.701: [GC (Allocation Failure) [PSYoungGen: 59712K->1376K(59904K)] 420825K->362489K(738816K), 0.0020682 secs] [Times: user=0.01 sys=0.00, real=0.01 secs] 
1737.944: [GC (Allocation Failure) [PSYoungGen: 59744K->1376K(59904K)] 420857K->362489K(738816K), 0.0019510 secs] [Times: user=0.01 sys=0.00, real=0.00 secs] 
1739.115: [GC (Allocation Failure) [PSYoungGen: 59744K->1440K(59904K)] 420857K->362553K(738816K), 0.0017605 secs] [Times: user=0.00 sys=0.00, real=0.00 secs] 
1739.663: [GC (Allocation Failure) [PSYoungGen: 59808K->1408K(59904K)] 420921K->362521K(738816K), 0.0020273 secs] [Times: user=0.01 sys=0.00, real=0.00 secs] 
1740.016: [GC (Allocation Failure) [PSYoungGen: 59776K->1408K(59904K)] 420889K->362521K(738816K), 0.0020278 secs] [Times: user=0.01 sys=0.00, real=0.00 secs] 
1740.260: [GC (Allocation Failure) [PSYoungGen: 59776K->1376K(59904K)] 420889K->362489K(738816K), 0.0020355 secs] [Times: user=0.00 sys=0.00, real=0.00 secs] 
1740.502: [GC (Allocation Failure) [PSYoungGen: 59744K->1344K(59904K)] 420857K->362457K(738816K), 0.0019190 secs] [Times: user=0.01 sys=0.01, real=0.01 secs] 
1742.138: [GC (Allocation Failure) [PSYoungGen: 59712K->1376K(59904K)] 420825K->362489K(738816K), 0.0041220 secs] [Times: user=0.01 sys=0.00, real=0.00 secs] 
1742.729: [GC (Allocation Failure) [PSYoungGen: 59744K->1376K(59904K)] 420857K->362489K(738816K), 0.0031658 secs] [Times: user=0.02 sys=0.00, real=0.00 secs] 
1743.186: [GC (Allocation Failure) [PSYoungGen: 59744K->1360K(59904K)] 420857K->362473K(738816K), 0.0025642 secs] [Times: user=0.01 sys=0.00, real=0.00 secs] 
1743.455: [GC (Allocation Failure) [PSYoungGen: 59728K->1344K(59904K)] 420841K->362457K(738816K), 0.0021310 secs] [Times: user=0.01 sys=0.00, real=0.00 secs] 
1744.398: [GC (Allocation Failure) [PSYoungGen: 59597K->224K(59904K)] 420710K->361337K(738816K), 0.0016125 secs] [Times: user=0.01 sys=0.00, real=0.00 secs] 
1744.686: [GC (Allocation Failure) [PSYoungGen: 58592K->1408K(60416K)] 419705K->362521K(739328K), 0.0015317 secs] [Times: user=0.00 sys=0.00, real=0.00 secs] 
1744.928: [GC (Allocation Failure) [PSYoungGen: 59776K->1376K(60416K)] 420889K->362489K(739328K), 0.0015211 secs] [Times: user=0.01 sys=0.00, real=0.00 secs] 
1745.170: [GC (Allocation Failure) [PSYoungGen: 59744K->1344K(60416K)] 420857K->362457K(739328K), 0.0014948 secs] [Times: user=0.01 sys=0.00, real=0.00 secs] 
1745.451: [GC (Allocation Failure) [PSYoungGen: 59712K->1376K(60416K)] 420825K->362489K(739328K), 0.0019620 secs] [Times: user=0.01 sys=0.00, real=0.01 secs] 
1746.436: [GC (Allocation Failure) [PSYoungGen: 59744K->1408K(60416K)] 420857K->362521K(739328K), 0.0017083 secs] [Times: user=0.01 sys=0.00, real=0.00 secs] 
1747.149: [GC (Allocation Failure) [PSYoungGen: 59776K->1344K(60416K)] 420889K->362473K(739328K), 0.0039911 secs] [Times: user=0.02 sys=0.00, real=0.01 secs] 
1747.640: [GC (Allocation Failure) [PSYoungGen: 59712K->1376K(60416K)] 420841K->362505K(739328K), 0.0032482 secs] [Times: user=0.02 sys=0.00, real=0.01 secs] 
1748.269: [GC (Allocation Failure) [PSYoungGen: 59744K->1376K(60416K)] 420873K->362505K(739328K), 0.0032347 secs] [Times: user=0.01 sys=0.00, real=0.00 secs] 
1748.709: [GC (Allocation Failure) [PSYoungGen: 59744K->1392K(60416K)] 420873K->362521K(739328K), 0.0035350 secs] [Times: user=0.01 sys=0.00, real=0.00 secs] 
1750.224: [GC (Allocation Failure) [PSYoungGen: 59760K->1360K(60416K)] 420889K->362489K(739328K), 0.0027245 secs] [Times: user=0.01 sys=0.01, real=0.00 secs] 
1750.973: [GC (Allocation Failure) [PSYoungGen: 59728K->1376K(60416K)] 420857K->362505K(739328K), 0.0028581 secs] [Times: user=0.01 sys=0.00, real=0.00 secs] 
1751.649: [GC (Allocation Failure) [PSYoungGen: 59744K->1344K(60416K)] 420873K->362473K(739328K), 0.0028015 secs] [Times: user=0.01 sys=0.00, real=0.00 secs] 
1752.259: [GC (Allocation Failure) [PSYoungGen: 59712K->1376K(60416K)] 420841K->362505K(739328K), 0.0024520 secs] [Times: user=0.01 sys=0.00, real=0.00 secs] 
1752.812: [GC (Allocation Failure) [PSYoungGen: 59744K->1376K(60416K)] 420873K->362505K(739328K), 0.0024870 secs] [Times: user=0.01 sys=0.00, real=0.01 secs] 
1753.967: [GC (Allocation Failure) [PSYoungGen: 59744K->1408K(60416K)] 420873K->362537K(739328K), 0.0019069 secs] [Times: user=0.01 sys=0.00, real=0.00 secs] 
1754.210: [GC (Allocation Failure) [PSYoungGen: 59776K->1408K(60416K)] 420905K->362537K(739328K), 0.0018353 secs] [Times: user=0.01 sys=0.00, real=0.00 secs] 
1754.452: [GC (Allocation Failure) [PSYoungGen: 59776K->1376K(59904K)] 420905K->362505K(738816K), 0.0019471 secs] [Times: user=0.01 sys=0.00, real=0.01 secs] 
1754.695: [GC (Allocation Failure) [PSYoungGen: 59744K->1376K(59904K)] 420873K->362505K(738816K), 0.0020410 secs] [Times: user=0.00 sys=0.00, real=0.00 secs] 
1754.937: [GC (Allocation Failure) [PSYoungGen: 59744K->352K(59392K)] 420873K->362505K(738304K), 0.0018265 secs] [Times: user=0.01 sys=0.00, real=0.00 secs] 
1756.478: [GC (Allocation Failure) [PSYoungGen: 58720K->1424K(60416K)] 420873K->363585K(739328K), 0.0029848 secs] [Times: user=0.01 sys=0.00, real=0.00 secs] 
1756.980: [GC (Allocation Failure) [PSYoungGen: 59792K->1376K(60416K)] 421953K->363537K(739328K), 0.0029646 secs] [Times: user=0.01 sys=0.00, real=0.01 secs] 
1757.640: [GC (Allocation Failure) [PSYoungGen: 59744K->1376K(60416K)] 421905K->363537K(739328K), 0.0026202 secs] [Times: user=0.01 sys=0.00, real=0.00 secs] 
1758.260: [GC (Allocation Failure) [PSYoungGen: 59744K->1312K(60416K)] 421905K->363481K(739328K), 0.0027486 secs] [Times: user=0.01 sys=0.00, real=0.00 secs] 
1758.786: [GC (Allocation Failure) [PSYoungGen: 59680K->1344K(60416K)] 421849K->363513K(739328K), 0.0028993 secs] [Times: user=0.01 sys=0.00, real=0.00 secs] 
1760.267: [GC (Allocation Failure) [PSYoungGen: 59712K->1424K(60416K)] 421881K->363593K(739328K), 0.0020854 secs] [Times: user=0.01 sys=0.00, real=0.00 secs] 
1760.851: [GC (Allocation Failure) [PSYoungGen: 59792K->1376K(60416K)] 421961K->363545K(739328K), 0.0023726 secs] [Times: user=0.01 sys=0.00, real=0.01 secs] 
1761.450: [GC (Allocation Failure) [PSYoungGen: 59744K->1408K(60416K)] 421913K->363577K(739328K), 0.0026907 secs] [Times: user=0.02 sys=0.00, real=0.01 secs] 
1761.817: [GC (Allocation Failure) [PSYoungGen: 59776K->1376K(60416K)] 421945K->363545K(739328K), 0.0022775 secs] [Times: user=0.01 sys=0.00, real=0.00 secs] 
1762.299: [GC (Allocation Failure) [PSYoungGen: 59744K->1376K(60416K)] 421913K->363545K(739328K), 0.0020445 secs] [Times: user=0.01 sys=0.00, real=0.00 secs] 
1763.794: [GC (Allocation Failure) [PSYoungGen: 59744K->1408K(60416K)] 421913K->363577K(739328K), 0.0022008 secs] [Times: user=0.01 sys=0.00, real=0.00 secs] 
1764.489: [GC (Allocation Failure) [PSYoungGen: 59776K->1360K(60416K)] 421945K->363529K(739328K), 0.0025195 secs] [Times: user=0.01 sys=0.00, real=0.00 secs] 
1765.090: [GC (Allocation Failure) [PSYoungGen: 59728K->1344K(60416K)] 421897K->363513K(739328K), 0.0041615 secs] [Times: user=0.02 sys=0.00, real=0.01 secs] 
1765.734: [GC (Allocation Failure) [PSYoungGen: 59712K->1344K(60416K)] 421881K->363513K(739328K), 0.0028216 secs] [Times: user=0.01 sys=0.00, real=0.00 secs] 
1767.021: [GC (Allocation Failure) [PSYoungGen: 59712K->1920K(60416K)] 421881K->364089K(739328K), 0.0017630 secs] [Times: user=0.01 sys=0.00, real=0.01 secs] 
1767.597: [GC (Allocation Failure) [PSYoungGen: 60288K->1376K(60416K)] 422457K->363545K(739328K), 0.0020235 secs] [Times: user=0.01 sys=0.00, real=0.00 secs] 
1768.454: [GC (Allocation Failure) [PSYoungGen: 59744K->1408K(60416K)] 421913K->363577K(739328K), 0.0027677 secs] [Times: user=0.01 sys=0.00, real=0.00 secs] 
1769.313: [GC (Allocation Failure) [PSYoungGen: 59776K->1360K(60416K)] 421945K->363529K(739328K), 0.0042943 secs] [Times: user=0.02 sys=0.00, real=0.00 secs] 
1770.047: [GC (Allocation Failure) [PSYoungGen: 59728K->1344K(60416K)] 421897K->363529K(739328K), 0.0031867 secs] [Times: user=0.01 sys=0.00, real=0.00 secs] 
1771.403: [GC (Allocation Failure) [PSYoungGen: 59712K->1440K(60416K)] 421897K->363625K(739328K), 0.0016166 secs] [Times: user=0.01 sys=0.00, real=0.00 secs] 
1771.650: [GC (Allocation Failure) [PSYoungGen: 59808K->1376K(60416K)] 421993K->363561K(739328K), 0.0018010 secs] [Times: user=0.01 sys=0.00, real=0.00 secs] 
1771.893: [GC (Allocation Failure) [PSYoungGen: 59744K->1376K(60416K)] 421929K->363561K(739328K), 0.0018158 secs] [Times: user=0.00 sys=0.00, real=0.01 secs] 
1772.298: [GC (Allocation Failure) [PSYoungGen: 59744K->1344K(60416K)] 421929K->363529K(739328K), 0.0032158 secs] [Times: user=0.01 sys=0.00, real=0.00 secs] 
1772.750: [GC (Allocation Failure) [PSYoungGen: 59712K->1344K(60416K)] 421897K->363529K(739328K), 0.0022852 secs] [Times: user=0.01 sys=0.00, real=0.00 secs] 
1774.172: [GC (Allocation Failure) [PSYoungGen: 59712K->1408K(60416K)] 421897K->363593K(739328K), 0.0029726 secs] [Times: user=0.01 sys=0.00, real=0.01 secs] 
1774.758: [GC (Allocation Failure) [PSYoungGen: 59776K->1376K(60416K)] 421961K->363561K(739328K), 0.0033717 secs] [Times: user=0.02 sys=0.00, real=0.00 secs] 
1775.305: [GC (Allocation Failure) [PSYoungGen: 59744K->1312K(60416K)] 421929K->363497K(739328K), 0.0029480 secs] [Times: user=0.01 sys=0.01, real=0.00 secs] 
1775.746: [GC (Allocation Failure) [PSYoungGen: 59680K->1376K(59904K)] 421865K->363561K(738816K), 0.0032332 secs] [Times: user=0.01 sys=0.00, real=0.00 secs] 
1776.433: [GC (Allocation Failure) [PSYoungGen: 59744K->1312K(59904K)] 421929K->363497K(738816K), 0.0028405 secs] [Times: user=0.01 sys=0.00, real=0.00 secs] 
1777.575: [GC (Allocation Failure) [PSYoungGen: 59680K->400K(59392K)] 421865K->363609K(738304K), 0.0019771 secs] [Times: user=0.01 sys=0.00, real=0.00 secs] 
1777.856: [GC (Allocation Failure) [PSYoungGen: 58768K->352K(60416K)] 421977K->363561K(739328K), 0.0018002 secs] [Times: user=0.01 sys=0.00, real=0.00 secs] 
1778.112: [GC (Allocation Failure) [PSYoungGen: 58720K->320K(60416K)] 421929K->363545K(739328K), 0.0017372 secs] [Times: user=0.01 sys=0.00, real=0.01 secs] 
1778.359: [GC (Allocation Failure) [PSYoungGen: 58688K->320K(60416K)] 421913K->363545K(739328K), 0.0026382 secs] [Times: user=0.01 sys=0.00, real=0.00 secs] 
1778.607: [GC (Allocation Failure) [PSYoungGen: 58688K->352K(60416K)] 421913K->363577K(739328K), 0.0025076 secs] [Times: user=0.01 sys=0.00, real=0.00 secs] 
1779.839: [GC (Allocation Failure) [PSYoungGen: 58720K->1440K(60416K)] 421945K->364689K(739328K), 0.0017271 secs] [Times: user=0.01 sys=0.00, real=0.00 secs] 
1780.676: [GC (Allocation Failure) [PSYoungGen: 59808K->1408K(59904K)] 423057K->364657K(738816K), 0.0040869 secs] [Times: user=0.02 sys=0.00, real=0.00 secs] 
1781.482: [GC (Allocation Failure) [PSYoungGen: 59264K->1376K(60416K)] 422513K->364625K(739328K), 0.0040326 secs] [Times: user=0.02 sys=0.00, real=0.01 secs] 
1782.048: [GC (Allocation Failure) [PSYoungGen: 59232K->1344K(60416K)] 422481K->364593K(739328K), 0.0033484 secs] [Times: user=0.01 sys=0.00, real=0.00 secs] 
1782.658: [GC (Allocation Failure) [PSYoungGen: 59200K->1344K(60416K)] 422449K->364593K(739328K), 0.0033593 secs] [Times: user=0.02 sys=0.00, real=0.00 secs] 
1784.031: [GC (Allocation Failure) [PSYoungGen: 59200K->1424K(60416K)] 422449K->364673K(739328K), 0.0027369 secs] [Times: user=0.01 sys=0.00, real=0.01 secs] 
1784.632: [GC (Allocation Failure) [PSYoungGen: 59280K->1376K(60416K)] 422529K->364625K(739328K), 0.0021248 secs] [Times: user=0.01 sys=0.00, real=0.01 secs] 
1785.237: [GC (Allocation Failure) [PSYoungGen: 59232K->1408K(60416K)] 422481K->364657K(739328K), 0.0041517 secs] [Times: user=0.02 sys=0.00, real=0.00 secs] 
1785.791: [GC (Allocation Failure) [PSYoungGen: 59264K->1344K(59392K)] 422513K->364593K(738304K), 0.0033849 secs] [Times: user=0.01 sys=0.00, real=0.01 secs] 
1786.962: [GC (Allocation Failure) [PSYoungGen: 59095K->288K(59392K)] 422344K->363537K(738304K), 0.0016978 secs] [Times: user=0.01 sys=0.00, real=0.01 secs] 
1787.637: [GC (Allocation Failure) [PSYoungGen: 57632K->1376K(59904K)] 420881K->364625K(738816K), 0.0028530 secs] [Times: user=0.01 sys=0.00, real=0.00 secs] 
1787.876: [GC (Allocation Failure) [PSYoungGen: 58720K->1408K(59904K)] 421969K->364657K(738816K), 0.0019391 secs] [Times: user=0.00 sys=0.00, real=0.00 secs] 
1788.114: [GC (Allocation Failure) [PSYoungGen: 58752K->1392K(59904K)] 422001K->364649K(738816K), 0.0018448 secs] [Times: user=0.01 sys=0.00, real=0.00 secs] 
1788.374: [GC (Allocation Failure) [PSYoungGen: 58736K->1408K(59904K)] 421993K->364665K(738816K), 0.0024554 secs] [Times: user=0.01 sys=0.00, real=0.00 secs] 
1789.753: [GC (Allocation Failure) [PSYoungGen: 58752K->1616K(59904K)] 422009K->364873K(738816K), 0.0024712 secs] [Times: user=0.02 sys=0.00, real=0.01 secs] 
1790.910: [GC (Allocation Failure) [PSYoungGen: 58960K->1312K(59904K)] 422217K->364585K(738816K), 0.0040527 secs] [Times: user=0.01 sys=0.00, real=0.01 secs] 
1791.682: [GC (Allocation Failure) [PSYoungGen: 58656K->1344K(58880K)] 421929K->364617K(737792K), 0.0041407 secs] [Times: user=0.01 sys=0.00, real=0.01 secs] 
1792.507: [GC (Allocation Failure) [PSYoungGen: 58688K->1376K(59392K)] 421961K->364649K(738304K), 0.0045325 secs] [Times: user=0.02 sys=0.00, real=0.00 secs] 
1793.206: [GC (Allocation Failure) [PSYoungGen: 58720K->1360K(59392K)] 421993K->364633K(738304K), 0.0028070 secs] [Times: user=0.01 sys=0.00, real=0.00 secs] 
1794.579: [GC (Allocation Failure) [PSYoungGen: 58704K->1888K(58880K)] 421977K->365161K(737792K), 0.0027716 secs] [Times: user=0.01 sys=0.00, real=0.00 secs] 
1795.331: [GC (Allocation Failure) [PSYoungGen: 58720K->1408K(59392K)] 421993K->364681K(738304K), 0.0019537 secs] [Times: user=0.01 sys=0.00, real=0.01 secs] 
1795.567: [GC (Allocation Failure) [PSYoungGen: 58240K->1392K(58368K)] 421513K->364665K(737280K), 0.0020932 secs] [Times: user=0.01 sys=0.00, real=0.00 secs] 
1795.804: [GC (Allocation Failure) [PSYoungGen: 58224K->1408K(58880K)] 421497K->364681K(737792K), 0.0020049 secs] [Times: user=0.01 sys=0.00, real=0.00 secs] 
1796.040: [GC (Allocation Failure) [PSYoungGen: 58240K->1376K(58880K)] 421513K->364649K(737792K), 0.0020462 secs] [Times: user=0.01 sys=0.00, real=0.00 secs] 
1797.390: [GC (Allocation Failure) [PSYoungGen: 58208K->1440K(58880K)] 421481K->364713K(737792K), 0.0024065 secs] [Times: user=0.01 sys=0.01, real=0.00 secs] 
1798.190: [GC (Allocation Failure) [PSYoungGen: 58272K->1408K(58880K)] 421545K->364681K(737792K), 0.0027804 secs] [Times: user=0.01 sys=0.00, real=0.01 secs] 
1798.940: [GC (Allocation Failure) [PSYoungGen: 58240K->1344K(58880K)] 421513K->364617K(737792K), 0.0027859 secs] [Times: user=0.01 sys=0.00, real=0.01 secs] 
1799.910: [GC (Allocation Failure) [PSYoungGen: 58176K->1312K(58880K)] 421449K->364593K(737792K), 0.0032483 secs] [Times: user=0.01 sys=0.00, real=0.01 secs] 
1800.916: [GC (Allocation Failure) [PSYoungGen: 58144K->1376K(58880K)] 421425K->364657K(737792K), 0.0035706 secs] [Times: user=0.01 sys=0.00, real=0.00 secs] 
1802.294: [GC (Allocation Failure) [PSYoungGen: 58208K->1408K(58880K)] 421489K->364689K(737792K), 0.0018207 secs] [Times: user=0.01 sys=0.00, real=0.00 secs] 
1802.561: [GC (Allocation Failure) [PSYoungGen: 58240K->1360K(58880K)] 421521K->364641K(737792K), 0.0019731 secs] [Times: user=0.01 sys=0.00, real=0.01 secs] 
1802.861: [GC (Allocation Failure) [PSYoungGen: 58192K->1376K(58880K)] 421473K->364657K(737792K), 0.0019721 secs] [Times: user=0.00 sys=0.00, real=0.01 secs] 
1803.184: [GC (Allocation Failure) [PSYoungGen: 58208K->1408K(58880K)] 421489K->364689K(737792K), 0.0019601 secs] [Times: user=0.01 sys=0.00, real=0.00 secs] 
1803.658: [GC (Allocation Failure) [PSYoungGen: 58240K->1344K(58880K)] 421521K->364625K(737792K), 0.0018999 secs] [Times: user=0.01 sys=0.00, real=0.00 secs] 
1804.981: [GC (Allocation Failure) [PSYoungGen: 58176K->1440K(58880K)] 421457K->364721K(737792K), 0.0019578 secs] [Times: user=0.01 sys=0.00, real=0.01 secs] 
1805.270: [GC (Allocation Failure) [PSYoungGen: 58272K->1408K(58880K)] 421553K->364689K(737792K), 0.0017990 secs] [Times: user=0.01 sys=0.00, real=0.00 secs] 
1805.506: [GC (Allocation Failure) [PSYoungGen: 58240K->1392K(58880K)] 421521K->364673K(737792K), 0.0018097 secs] [Times: user=0.00 sys=0.00, real=0.00 secs] 
1805.742: [GC (Allocation Failure) [PSYoungGen: 58224K->1408K(58880K)] 421505K->364689K(737792K), 0.0020994 secs] [Times: user=0.00 sys=0.00, real=0.01 secs] 
1806.156: [GC (Allocation Failure) [PSYoungGen: 58240K->1376K(58880K)] 421521K->364657K(737792K), 0.0025683 secs] [Times: user=0.01 sys=0.00, real=0.00 secs] 
1807.466: [GC (Allocation Failure) [PSYoungGen: 58208K->1440K(58880K)] 421489K->364721K(737792K), 0.0019250 secs] [Times: user=0.01 sys=0.00, real=0.00 secs] 
1808.286: [GC (Allocation Failure) [PSYoungGen: 58272K->1376K(58880K)] 421553K->364665K(737792K), 0.0040709 secs] [Times: user=0.02 sys=0.00, real=0.00 secs] 
1808.798: [GC (Allocation Failure) [PSYoungGen: 58208K->1376K(58368K)] 421497K->364665K(737280K), 0.0028510 secs] [Times: user=0.01 sys=0.00, real=0.00 secs] 
1809.456: [GC (Allocation Failure) [PSYoungGen: 58208K->1376K(58368K)] 421497K->364665K(737280K), 0.0030812 secs] [Times: user=0.01 sys=0.00, real=0.00 secs] 
1810.079: [GC (Allocation Failure) [PSYoungGen: 58208K->352K(57856K)] 421497K->364665K(736768K), 0.0063784 secs] [Times: user=0.03 sys=0.00, real=0.01 secs] 
1811.331: [GC (Allocation Failure) [PSYoungGen: 57184K->1408K(58880K)] 421497K->365721K(737792K), 0.0018560 secs] [Times: user=0.01 sys=0.00, real=0.00 secs] 
1812.082: [GC (Allocation Failure) [PSYoungGen: 58240K->1376K(58880K)] 422553K->365689K(737792K), 0.0021618 secs] [Times: user=0.01 sys=0.00, real=0.01 secs] 
1812.867: [GC (Allocation Failure) [PSYoungGen: 58208K->1392K(58880K)] 422521K->365705K(737792K), 0.0041201 secs] [Times: user=0.01 sys=0.00, real=0.00 secs] 
1813.502: [GC (Allocation Failure) [PSYoungGen: 58224K->1376K(58880K)] 422537K->365689K(737792K), 0.0032648 secs] [Times: user=0.01 sys=0.00, real=0.01 secs] 
1813.992: [GC (Allocation Failure) [PSYoungGen: 58208K->1344K(58880K)] 422521K->365657K(737792K), 0.0029287 secs] [Times: user=0.01 sys=0.00, real=0.01 secs] 
1815.517: [GC (Allocation Failure) [PSYoungGen: 58176K->1408K(58880K)] 422489K->365721K(737792K), 0.0020449 secs] [Times: user=0.01 sys=0.00, real=0.00 secs] 
1816.271: [GC (Allocation Failure) [PSYoungGen: 58240K->1360K(58880K)] 422553K->365673K(737792K), 0.0039857 secs] [Times: user=0.02 sys=0.00, real=0.01 secs] 
1816.843: [GC (Allocation Failure) [PSYoungGen: 58192K->1376K(58880K)] 422505K->365689K(737792K), 0.0049639 secs] [Times: user=0.02 sys=0.00, real=0.01 secs] 
1817.370: [GC (Allocation Failure) [PSYoungGen: 58208K->1344K(58880K)] 422521K->365657K(737792K), 0.0026371 secs] [Times: user=0.01 sys=0.00, real=0.00 secs] 
1817.851: [GC (Allocation Failure) [PSYoungGen: 58176K->1344K(58880K)] 422489K->365657K(737792K), 0.0027526 secs] [Times: user=0.01 sys=0.00, real=0.01 secs] 
1819.082: [GC (Allocation Failure) [PSYoungGen: 58176K->1408K(58880K)] 422489K->365729K(737792K), 0.0017446 secs] [Times: user=0.00 sys=0.00, real=0.01 secs] 
1819.586: [GC (Allocation Failure) [PSYoungGen: 58240K->1376K(58880K)] 422561K->365705K(737792K), 0.0017288 secs] [Times: user=0.01 sys=0.00, real=0.00 secs] 
1820.078: [GC (Allocation Failure) [PSYoungGen: 58208K->1376K(58880K)] 422537K->365713K(737792K), 0.0025018 secs] [Times: user=0.01 sys=0.00, real=0.00 secs] 
1820.544: [GC (Allocation Failure) [PSYoungGen: 58208K->1408K(58880K)] 422545K->365753K(737792K), 0.0024323 secs] [Times: user=0.01 sys=0.00, real=0.00 secs] 
1820.854: [GC (Allocation Failure) [PSYoungGen: 58240K->1376K(58368K)] 422585K->365721K(737280K), 0.0029589 secs] [Times: user=0.01 sys=0.00, real=0.00 secs] 
1822.023: [GC (Allocation Failure) [PSYoungGen: 58208K->1392K(58368K)] 422553K->365737K(737280K), 0.0018356 secs] [Times: user=0.00 sys=0.00, real=0.00 secs] 
1822.559: [GC (Allocation Failure) [PSYoungGen: 58224K->1408K(58368K)] 422569K->365753K(737280K), 0.0019892 secs] [Times: user=0.00 sys=0.00, real=0.00 secs] 
1823.143: [GC (Allocation Failure) [PSYoungGen: 58240K->1376K(58368K)] 422585K->365721K(737280K), 0.0028556 secs] [Times: user=0.02 sys=0.00, real=0.00 secs] 
1823.873: [GC (Allocation Failure) [PSYoungGen: 58208K->1376K(58368K)] 422553K->365721K(737280K), 0.0042656 secs] [Times: user=0.02 sys=0.00, real=0.00 secs] 
1824.600: [GC (Allocation Failure) [PSYoungGen: 58208K->1376K(58368K)] 422553K->365721K(737280K), 0.0040808 secs] [Times: user=0.02 sys=0.00, real=0.01 secs] 
1826.102: [GC (Allocation Failure) [PSYoungGen: 58208K->1376K(58368K)] 422553K->365721K(737280K), 0.0017271 secs] [Times: user=0.01 sys=0.00, real=0.01 secs] 
1826.787: [GC (Allocation Failure) [PSYoungGen: 58208K->1408K(58368K)] 422553K->365753K(737280K), 0.0019301 secs] [Times: user=0.01 sys=0.00, real=0.00 secs] 
1827.077: [GC (Allocation Failure) [PSYoungGen: 58240K->1360K(58368K)] 422585K->365705K(737280K), 0.0019243 secs] [Times: user=0.01 sys=0.00, real=0.00 secs] 
1827.314: [GC (Allocation Failure) [PSYoungGen: 58192K->1392K(58368K)] 422537K->365737K(737280K), 0.0018784 secs] [Times: user=0.01 sys=0.00, real=0.00 secs] 
1827.777: [GC (Allocation Failure) [PSYoungGen: 58224K->1376K(58368K)] 422569K->365721K(737280K), 0.0019756 secs] [Times: user=0.01 sys=0.00, real=0.00 secs] 
1828.972: [GC (Allocation Failure) [PSYoungGen: 58208K->1408K(58368K)] 422553K->365761K(737280K), 0.0019937 secs] [Times: user=0.01 sys=0.00, real=0.01 secs] 
1829.528: [GC (Allocation Failure) [PSYoungGen: 58240K->1376K(58368K)] 422593K->365729K(737280K), 0.0020985 secs] [Times: user=0.00 sys=0.00, real=0.00 secs] 
1829.765: [GC (Allocation Failure) [PSYoungGen: 58208K->1376K(58368K)] 422561K->365729K(737280K), 0.0019649 secs] [Times: user=0.01 sys=0.00, real=0.00 secs] 
1830.001: [GC (Allocation Failure) [PSYoungGen: 58208K->1344K(58368K)] 422561K->365697K(737280K), 0.0020836 secs] [Times: user=0.01 sys=0.00, real=0.00 secs] 
1830.237: [GC (Allocation Failure) [PSYoungGen: 58176K->1408K(58368K)] 422529K->365761K(737280K), 0.0019478 secs] [Times: user=0.01 sys=0.00, real=0.00 secs] 
1831.150: [GC (Allocation Failure) [PSYoungGen: 58240K->1392K(58368K)] 422593K->365745K(737280K), 0.0017332 secs] [Times: user=0.01 sys=0.00, real=0.00 secs] 
1831.385: [GC (Allocation Failure) [PSYoungGen: 58224K->1408K(58368K)] 422577K->365761K(737280K), 0.0018230 secs] [Times: user=0.00 sys=0.00, real=0.00 secs] 
1831.674: [GC (Allocation Failure) [PSYoungGen: 58240K->1376K(58368K)] 422593K->365729K(737280K), 0.0019049 secs] [Times: user=0.00 sys=0.00, real=0.00 secs] 
1831.910: [GC (Allocation Failure) [PSYoungGen: 58208K->1344K(58368K)] 422561K->365697K(737280K), 0.0019883 secs] [Times: user=0.00 sys=0.00, real=0.00 secs] 
1832.259: [GC (Allocation Failure) [PSYoungGen: 58176K->1344K(58368K)] 422529K->365697K(737280K), 0.0024106 secs] [Times: user=0.01 sys=0.00, real=0.00 secs] 
1833.432: [GC (Allocation Failure) [PSYoungGen: 58176K->1408K(58368K)] 422529K->365761K(737280K), 0.0020888 secs] [Times: user=0.01 sys=0.00, real=0.01 secs] 
1833.669: [GC (Allocation Failure) [PSYoungGen: 58240K->1408K(58368K)] 422593K->365761K(737280K), 0.0020006 secs] [Times: user=0.01 sys=0.00, real=0.00 secs] 
1834.130: [GC (Allocation Failure) [PSYoungGen: 58240K->1376K(58368K)] 422593K->365729K(737280K), 0.0032820 secs] [Times: user=0.01 sys=0.00, real=0.01 secs] 
1834.600: [GC (Allocation Failure) [PSYoungGen: 58208K->1376K(58368K)] 422561K->365729K(737280K), 0.0028022 secs] [Times: user=0.02 sys=0.00, real=0.01 secs] 
1835.070: [GC (Allocation Failure) [PSYoungGen: 58208K->1344K(58368K)] 422561K->365697K(737280K), 0.0027750 secs] [Times: user=0.01 sys=0.00, real=0.01 secs] 
1836.140: [GC (Allocation Failure) [PSYoungGen: 58176K->1424K(58368K)] 422529K->365793K(737280K), 0.0018288 secs] [Times: user=0.00 sys=0.00, real=0.00 secs] 
1836.376: [GC (Allocation Failure) [PSYoungGen: 58256K->1392K(58368K)] 422625K->365761K(737280K), 0.0017116 secs] [Times: user=0.01 sys=0.00, real=0.00 secs] 
1836.657: [GC (Allocation Failure) [PSYoungGen: 58224K->1408K(58368K)] 422593K->365777K(737280K), 0.0018767 secs] [Times: user=0.01 sys=0.00, real=0.00 secs] 
1836.919: [GC (Allocation Failure) [PSYoungGen: 58240K->1376K(58368K)] 422609K->365745K(737280K), 0.0017221 secs] [Times: user=0.01 sys=0.00, real=0.00 secs] 
1837.164: [GC (Allocation Failure) [PSYoungGen: 58208K->1344K(58368K)] 422577K->365713K(737280K), 0.0027903 secs] [Times: user=0.01 sys=0.00, real=0.00 secs] 
1838.239: [GC (Allocation Failure) [PSYoungGen: 58176K->1440K(58368K)] 422545K->365809K(737280K), 0.0017907 secs] [Times: user=0.01 sys=0.00, real=0.00 secs] 
1838.512: [GC (Allocation Failure) [PSYoungGen: 58272K->1344K(58368K)] 422641K->365713K(737280K), 0.0019040 secs] [Times: user=0.01 sys=0.00, real=0.01 secs] 
1838.748: [GC (Allocation Failure) [PSYoungGen: 58176K->1376K(58368K)] 422545K->365745K(737280K), 0.0018733 secs] [Times: user=0.01 sys=0.00, real=0.00 secs] 
1838.985: [GC (Allocation Failure) [PSYoungGen: 58208K->1376K(58368K)] 422577K->365745K(737280K), 0.0020087 secs] [Times: user=0.01 sys=0.00, real=0.00 secs] 
1839.240: [GC (Allocation Failure) [PSYoungGen: 58208K->1344K(58368K)] 422577K->365713K(737280K), 0.0025484 secs] [Times: user=0.01 sys=0.00, real=0.00 secs] 
1840.923: [GC (Allocation Failure) [PSYoungGen: 58176K->1440K(58368K)] 422545K->365809K(737280K), 0.0016320 secs] [Times: user=0.01 sys=0.00, real=0.00 secs] 
1841.159: [GC (Allocation Failure) [PSYoungGen: 58272K->1360K(58368K)] 422641K->365729K(737280K), 0.0017699 secs] [Times: user=0.01 sys=0.00, real=0.00 secs] 
1841.395: [GC (Allocation Failure) [PSYoungGen: 58192K->1376K(58368K)] 422561K->365745K(737280K), 0.0017394 secs] [Times: user=0.01 sys=0.01, real=0.00 secs] 
1841.630: [GC (Allocation Failure) [PSYoungGen: 58208K->1408K(58368K)] 422577K->365777K(737280K), 0.0019582 secs] [Times: user=0.00 sys=0.00, real=0.00 secs] 
1841.867: [GC (Allocation Failure) [PSYoungGen: 58240K->1408K(58368K)] 422609K->365777K(737280K), 0.0017215 secs] [Times: user=0.01 sys=0.00, real=0.00 secs] 
1842.780: [GC (Allocation Failure) [PSYoungGen: 58240K->1408K(58368K)] 422609K->365777K(737280K), 0.0019630 secs] [Times: user=0.01 sys=0.00, real=0.00 secs] 
1843.017: [GC (Allocation Failure) [PSYoungGen: 58240K->1392K(58368K)] 422609K->365761K(737280K), 0.0017011 secs] [Times: user=0.01 sys=0.00, real=0.00 secs] 
1843.253: [GC (Allocation Failure) [PSYoungGen: 58224K->1392K(58368K)] 422593K->365761K(737280K), 0.0017863 secs] [Times: user=0.00 sys=0.00, real=0.00 secs] 
1843.499: [GC (Allocation Failure) [PSYoungGen: 58224K->1408K(58368K)] 422593K->365777K(737280K), 0.0017996 secs] [Times: user=0.01 sys=0.00, real=0.00 secs] 
1843.735: [GC (Allocation Failure) [PSYoungGen: 58240K->1376K(58368K)] 422609K->365745K(737280K), 0.0018731 secs] [Times: user=0.01 sys=0.00, real=0.00 secs] 
1844.849: [GC (Allocation Failure) [PSYoungGen: 58208K->1440K(58368K)] 422577K->365833K(737280K), 0.0016980 secs] [Times: user=0.01 sys=0.00, real=0.00 secs] 
1845.297: [GC (Allocation Failure) [PSYoungGen: 58272K->1344K(58368K)] 422665K->365737K(737280K), 0.0032992 secs] [Times: user=0.02 sys=0.00, real=0.00 secs] 
1846.423: [GC (Allocation Failure) [PSYoungGen: 58176K->1408K(58368K)] 422569K->365801K(737280K), 0.0039599 secs] [Times: user=0.01 sys=0.00, real=0.01 secs] 
1847.114: [GC (Allocation Failure) [PSYoungGen: 58240K->1312K(58368K)] 422633K->365705K(737280K), 0.0040664 secs] [Times: user=0.01 sys=0.00, real=0.00 secs] 
1847.676: [GC (Allocation Failure) [PSYoungGen: 58144K->1344K(58368K)] 422537K->365737K(737280K), 0.0021785 secs] [Times: user=0.01 sys=0.00, real=0.00 secs] 
1848.672: [GC (Allocation Failure) [PSYoungGen: 58176K->1376K(58368K)] 422569K->365769K(737280K), 0.0016278 secs] [Times: user=0.01 sys=0.00, real=0.01 secs] 
1848.956: [GC (Allocation Failure) [PSYoungGen: 58208K->1392K(58368K)] 422601K->365785K(737280K), 0.0018081 secs] [Times: user=0.01 sys=0.00, real=0.00 secs] 
1849.278: [GC (Allocation Failure) [PSYoungGen: 58224K->1408K(58368K)] 422617K->365801K(737280K), 0.0019971 secs] [Times: user=0.01 sys=0.00, real=0.00 secs] 
1849.730: [GC (Allocation Failure) [PSYoungGen: 58240K->1344K(58368K)] 422633K->365737K(737280K), 0.0029412 secs] [Times: user=0.01 sys=0.00, real=0.01 secs] 
1850.199: [GC (Allocation Failure) [PSYoungGen: 58176K->1344K(58368K)] 422569K->365737K(737280K), 0.0029061 secs] [Times: user=0.01 sys=0.00, real=0.00 secs] 
1851.462: [GC (Allocation Failure) [PSYoungGen: 58176K->1376K(58368K)] 422569K->365769K(737280K), 0.0020306 secs] [Times: user=0.01 sys=0.00, real=0.01 secs] 
1852.157: [GC (Allocation Failure) [PSYoungGen: 58208K->1312K(58368K)] 422601K->365705K(737280K), 0.0021214 secs] [Times: user=0.01 sys=0.00, real=0.00 secs] 
1852.672: [GC (Allocation Failure) [PSYoungGen: 58144K->1344K(58368K)] 422537K->365737K(737280K), 0.0022945 secs] [Times: user=0.01 sys=0.00, real=0.01 secs] 
1853.228: [GC (Allocation Failure) [PSYoungGen: 58176K->1376K(58368K)] 422569K->365769K(737280K), 0.0022079 secs] [Times: user=0.01 sys=0.00, real=0.00 secs] 
1853.950: [GC (Allocation Failure) [PSYoungGen: 58208K->1328K(58368K)] 422601K->365721K(737280K), 0.0024810 secs] [Times: user=0.01 sys=0.00, real=0.01 secs] 
1855.828: [GC (Allocation Failure) [PSYoungGen: 58160K->1392K(58368K)] 422553K->365785K(737280K), 0.0044138 secs] [Times: user=0.01 sys=0.00, real=0.00 secs] 
1856.706: [GC (Allocation Failure) [PSYoungGen: 58224K->1312K(58368K)] 422617K->365705K(737280K), 0.0035131 secs] [Times: user=0.02 sys=0.00, real=0.00 secs] 
1857.201: [GC (Allocation Failure) [PSYoungGen: 58144K->1376K(58368K)] 422537K->365769K(737280K), 0.0020618 secs] [Times: user=0.01 sys=0.00, real=0.01 secs] 
1857.760: [GC (Allocation Failure) [PSYoungGen: 58208K->1344K(58368K)] 422601K->365737K(737280K), 0.0029201 secs] [Times: user=0.01 sys=0.00, real=0.00 secs] 
1858.451: [GC (Allocation Failure) [PSYoungGen: 58176K->1376K(58368K)] 422569K->365769K(737280K), 0.0029084 secs] [Times: user=0.01 sys=0.00, real=0.01 secs] 
1861.148: [GC (Allocation Failure) [PSYoungGen: 58208K->1408K(58368K)] 422601K->365817K(737280K), 0.0041954 secs] [Times: user=0.02 sys=0.00, real=0.00 secs] 
1861.601: [GC (Allocation Failure) [PSYoungGen: 58240K->1408K(58368K)] 422649K->365817K(737280K), 0.0024797 secs] [Times: user=0.01 sys=0.00, real=0.01 secs] 
1862.242: [GC (Allocation Failure) [PSYoungGen: 58240K->1376K(58368K)] 422649K->365785K(737280K), 0.0029375 secs] [Times: user=0.01 sys=0.00, real=0.01 secs] 
1862.724: [GC (Allocation Failure) [PSYoungGen: 58208K->1360K(58368K)] 422617K->365769K(737280K), 0.0023214 secs] [Times: user=0.01 sys=0.00, real=0.00 secs] 
1863.202: [GC (Allocation Failure) [PSYoungGen: 58192K->1376K(58368K)] 422601K->365785K(737280K), 0.0021118 secs] [Times: user=0.01 sys=0.00, real=0.01 secs] 
1864.518: [GC (Allocation Failure) [PSYoungGen: 58208K->1376K(58368K)] 422617K->365785K(737280K), 0.0039268 secs] [Times: user=0.02 sys=0.00, real=0.00 secs] 
1865.228: [GC (Allocation Failure) [PSYoungGen: 58208K->1344K(58368K)] 422617K->365753K(737280K), 0.0041108 secs] [Times: user=0.02 sys=0.00, real=0.00 secs] 
1866.020: [GC (Allocation Failure) [PSYoungGen: 58176K->1360K(58368K)] 422585K->365769K(737280K), 0.0041607 secs] [Times: user=0.02 sys=0.00, real=0.01 secs] 
1866.859: [GC (Allocation Failure) [PSYoungGen: 58192K->1376K(58368K)] 422601K->365785K(737280K), 0.0034943 secs] [Times: user=0.02 sys=0.00, real=0.00 secs] 
1867.704: [GC (Allocation Failure) [PSYoungGen: 58208K->1344K(58368K)] 422617K->365753K(737280K), 0.0040826 secs] [Times: user=0.02 sys=0.00, real=0.00 secs] 
1869.701: [GC (Allocation Failure) [PSYoungGen: 58176K->1376K(58368K)] 422585K->365785K(737280K), 0.0025454 secs] [Times: user=0.01 sys=0.00, real=0.01 secs] 
1870.689: [GC (Allocation Failure) [PSYoungGen: 58208K->1376K(58368K)] 422617K->365785K(737280K), 0.0025322 secs] [Times: user=0.01 sys=0.00, real=0.00 secs] 
1871.589: [GC (Allocation Failure) [PSYoungGen: 58208K->1344K(58368K)] 422617K->365753K(737280K), 0.0036587 secs] [Times: user=0.02 sys=0.00, real=0.00 secs] 
1872.387: [GC (Allocation Failure) [PSYoungGen: 58176K->1376K(58368K)] 422585K->365785K(737280K), 0.0028236 secs] [Times: user=0.01 sys=0.01, real=0.00 secs] 
1873.218: [GC (Allocation Failure) [PSYoungGen: 58208K->1344K(58368K)] 422617K->365761K(737280K), 0.0033858 secs] [Times: user=0.01 sys=0.00, real=0.00 secs] 
1874.371: [GC (Allocation Failure) [PSYoungGen: 58176K->1440K(58368K)] 422593K->365857K(737280K), 0.0020521 secs] [Times: user=0.01 sys=0.00, real=0.01 secs] 
1874.895: [GC (Allocation Failure) [PSYoungGen: 58272K->1408K(58368K)] 422689K->365825K(737280K), 0.0022234 secs] [Times: user=0.01 sys=0.00, real=0.00 secs] 
1875.573: [GC (Allocation Failure) [PSYoungGen: 58240K->1376K(58368K)] 422657K->365793K(737280K), 0.0027925 secs] [Times: user=0.01 sys=0.00, real=0.00 secs] 
1876.381: [GC (Allocation Failure) [PSYoungGen: 58208K->1408K(58368K)] 422625K->365825K(737280K), 0.0037024 secs] [Times: user=0.01 sys=0.00, real=0.01 secs] 
1877.444: [GC (Allocation Failure) [PSYoungGen: 58234K->256K(57856K)] 422651K->364673K(736768K), 0.0032626 secs] [Times: user=0.02 sys=0.00, real=0.00 secs] 
1878.933: [GC (Allocation Failure) [PSYoungGen: 56576K->1408K(58368K)] 420993K->365825K(737280K), 0.0040896 secs] [Times: user=0.02 sys=0.00, real=0.00 secs] 
1879.342: [GC (Allocation Failure) [PSYoungGen: 57728K->1344K(58368K)] 422145K->365761K(737280K), 0.0033019 secs] [Times: user=0.02 sys=0.00, real=0.01 secs] 
1879.585: [GC (Allocation Failure) [PSYoungGen: 57664K->1376K(58368K)] 422081K->365793K(737280K), 0.0019812 secs] [Times: user=0.01 sys=0.00, real=0.00 secs] 
1879.820: [GC (Allocation Failure) [PSYoungGen: 57696K->1344K(58368K)] 422113K->365761K(737280K), 0.0019592 secs] [Times: user=0.01 sys=0.00, real=0.00 secs] 
1880.053: [GC (Allocation Failure) [PSYoungGen: 57664K->1376K(58368K)] 422081K->365793K(737280K), 0.0019415 secs] [Times: user=0.01 sys=0.00, real=0.00 secs] 
1881.066: [GC (Allocation Failure) [PSYoungGen: 57696K->1408K(58368K)] 422113K->365841K(737280K), 0.0018759 secs] [Times: user=0.01 sys=0.00, real=0.00 secs] 
1881.411: [GC (Allocation Failure) [PSYoungGen: 57728K->1376K(58368K)] 422161K->365809K(737280K), 0.0018002 secs] [Times: user=0.01 sys=0.00, real=0.00 secs] 
1881.825: [GC (Allocation Failure) [PSYoungGen: 57696K->1376K(58368K)] 422129K->365809K(737280K), 0.0029259 secs] [Times: user=0.02 sys=0.00, real=0.00 secs] 
1882.318: [GC (Allocation Failure) [PSYoungGen: 57696K->1344K(58368K)] 422129K->365777K(737280K), 0.0027822 secs] [Times: user=0.01 sys=0.00, real=0.00 secs] 
1882.790: [GC (Allocation Failure) [PSYoungGen: 57664K->1312K(58368K)] 422097K->365745K(737280K), 0.0029411 secs] [Times: user=0.01 sys=0.00, real=0.00 secs] 
1884.301: [GC (Allocation Failure) [PSYoungGen: 57632K->1344K(58368K)] 422065K->365777K(737280K), 0.0022718 secs] [Times: user=0.01 sys=0.00, real=0.01 secs] 
1884.994: [GC (Allocation Failure) [PSYoungGen: 57664K->1360K(57856K)] 422097K->365793K(736768K), 0.0026092 secs] [Times: user=0.01 sys=0.00, real=0.00 secs] 
1885.828: [GC (Allocation Failure) [PSYoungGen: 57680K->1376K(57856K)] 422113K->365809K(736768K), 0.0044196 secs] [Times: user=0.02 sys=0.00, real=0.00 secs] 
1886.570: [GC (Allocation Failure) [PSYoungGen: 57696K->320K(57344K)] 422129K->365777K(736256K), 0.0038849 secs] [Times: user=0.02 sys=0.00, real=0.01 secs] 
1887.269: [GC (Allocation Failure) [PSYoungGen: 56640K->320K(58368K)] 422097K->365777K(737280K), 0.0039668 secs] [Times: user=0.01 sys=0.00, real=0.01 secs] 
1888.528: [GC (Allocation Failure) [PSYoungGen: 56640K->1408K(58368K)] 422097K->366873K(737280K), 0.0029486 secs] [Times: user=0.01 sys=0.00, real=0.00 secs] 
1888.909: [GC (Allocation Failure) [PSYoungGen: 57728K->1344K(58368K)] 423193K->366809K(737280K), 0.0020991 secs] [Times: user=0.01 sys=0.00, real=0.00 secs] 
1889.556: [GC (Allocation Failure) [PSYoungGen: 57664K->1312K(58368K)] 423129K->366777K(737280K), 0.0020305 secs] [Times: user=0.01 sys=0.00, real=0.00 secs] 
1890.461: [GC (Allocation Failure) [PSYoungGen: 57632K->1376K(58368K)] 423097K->366841K(737280K), 0.0017579 secs] [Times: user=0.01 sys=0.00, real=0.00 secs] 
1890.695: [GC (Allocation Failure) [PSYoungGen: 57696K->1376K(58368K)] 423161K->366841K(737280K), 0.0016141 secs] [Times: user=0.00 sys=0.00, real=0.00 secs] 
1890.928: [GC (Allocation Failure) [PSYoungGen: 57696K->1312K(58368K)] 423161K->366777K(737280K), 0.0019804 secs] [Times: user=0.01 sys=0.00, real=0.00 secs] 
1891.497: [GC (Allocation Failure) [PSYoungGen: 57632K->1312K(58368K)] 423097K->366777K(737280K), 0.0028364 secs] [Times: user=0.01 sys=0.00, real=0.00 secs] 
1892.161: [GC (Allocation Failure) [PSYoungGen: 57632K->1312K(58368K)] 423097K->366777K(737280K), 0.0033222 secs] [Times: user=0.01 sys=0.00, real=0.01 secs] 
1893.540: [GC (Allocation Failure) [PSYoungGen: 57632K->1392K(58368K)] 423097K->366857K(737280K), 0.0017594 secs] [Times: user=0.00 sys=0.00, real=0.00 secs] 
1894.120: [GC (Allocation Failure) [PSYoungGen: 57712K->1328K(58368K)] 423177K->366793K(737280K), 0.0040366 secs] [Times: user=0.02 sys=0.00, real=0.01 secs] 
1894.591: [GC (Allocation Failure) [PSYoungGen: 57648K->1344K(58368K)] 423113K->366809K(737280K), 0.0027620 secs] [Times: user=0.02 sys=0.00, real=0.01 secs] 
1895.040: [GC (Allocation Failure) [PSYoungGen: 57664K->1312K(58368K)] 423129K->366777K(737280K), 0.0027894 secs] [Times: user=0.01 sys=0.00, real=0.00 secs] 
1895.309: [GC (Allocation Failure) [PSYoungGen: 57632K->1344K(58368K)] 423097K->366809K(737280K), 0.0020768 secs] [Times: user=0.01 sys=0.00, real=0.00 secs] 
1896.428: [GC (Allocation Failure) [PSYoungGen: 57664K->1392K(58368K)] 423129K->366857K(737280K), 0.0020024 secs] [Times: user=0.01 sys=0.00, real=0.00 secs] 
1896.768: [GC (Allocation Failure) [PSYoungGen: 57712K->1408K(58368K)] 423177K->366873K(737280K), 0.0020716 secs] [Times: user=0.01 sys=0.00, real=0.00 secs] 
1897.003: [GC (Allocation Failure) [PSYoungGen: 57728K->1328K(58368K)] 423193K->366809K(737280K), 0.0020771 secs] [Times: user=0.01 sys=0.00, real=0.01 secs] 
1897.237: [GC (Allocation Failure) [PSYoungGen: 57648K->1344K(58368K)] 423129K->366825K(737280K), 0.0023710 secs] [Times: user=0.00 sys=0.00, real=0.00 secs] 
1897.478: [GC (Allocation Failure) [PSYoungGen: 57664K->1344K(58368K)] 423145K->366825K(737280K), 0.0027598 secs] [Times: user=0.02 sys=0.00, real=0.00 secs] 
1898.403: [GC (Allocation Failure) [PSYoungGen: 57664K->1376K(58368K)] 423145K->366873K(737280K), 0.0017861 secs] [Times: user=0.01 sys=0.00, real=0.00 secs] 
1898.637: [GC (Allocation Failure) [PSYoungGen: 57696K->1424K(58368K)] 423193K->366921K(737280K), 0.0016245 secs] [Times: user=0.00 sys=0.00, real=0.00 secs] 
1898.871: [GC (Allocation Failure) [PSYoungGen: 57744K->1424K(58368K)] 423241K->366921K(737280K), 0.0017462 secs] [Times: user=0.01 sys=0.00, real=0.00 secs] 
1899.120: [GC (Allocation Failure) [PSYoungGen: 57744K->1408K(58368K)] 423241K->366905K(737280K), 0.0023288 secs] [Times: user=0.01 sys=0.00, real=0.00 secs] 
1899.355: [GC (Allocation Failure) [PSYoungGen: 57728K->1440K(58368K)] 423225K->366937K(737280K), 0.0022383 secs] [Times: user=0.01 sys=0.00, real=0.00 secs] 
1900.359: [GC (Allocation Failure) [PSYoungGen: 57760K->1440K(58368K)] 423257K->366937K(737280K), 0.0018920 secs] [Times: user=0.00 sys=0.00, real=0.00 secs] 
1900.593: [GC (Allocation Failure) [PSYoungGen: 57760K->1440K(58368K)] 423257K->366937K(737280K), 0.0018154 secs] [Times: user=0.00 sys=0.00, real=0.00 secs] 
1900.828: [GC (Allocation Failure) [PSYoungGen: 57760K->1440K(58368K)] 423257K->366937K(737280K), 0.0017750 secs] [Times: user=0.01 sys=0.00, real=0.00 secs] 
1901.062: [GC (Allocation Failure) [PSYoungGen: 57760K->1408K(58368K)] 423257K->366905K(737280K), 0.0020035 secs] [Times: user=0.00 sys=0.00, real=0.01 secs] 
1901.296: [GC (Allocation Failure) [PSYoungGen: 57728K->1424K(58368K)] 423225K->366921K(737280K), 0.0021043 secs] [Times: user=0.01 sys=0.00, real=0.00 secs] 
1902.199: [GC (Allocation Failure) [PSYoungGen: 57744K->1440K(58368K)] 423241K->366937K(737280K), 0.0014696 secs] [Times: user=0.01 sys=0.00, real=0.00 secs] 
1902.432: [GC (Allocation Failure) [PSYoungGen: 57760K->1440K(58368K)] 423257K->366937K(737280K), 0.0017039 secs] [Times: user=0.00 sys=0.00, real=0.01 secs] 
1902.665: [GC (Allocation Failure) [PSYoungGen: 57760K->1440K(58368K)] 423257K->366937K(737280K), 0.0015938 secs] [Times: user=0.00 sys=0.00, real=0.00 secs] 
1902.898: [GC (Allocation Failure) [PSYoungGen: 57760K->1424K(58368K)] 423257K->366921K(737280K), 0.0014704 secs] [Times: user=0.01 sys=0.00, real=0.00 secs] 
1903.132: [GC (Allocation Failure) [PSYoungGen: 57744K->1456K(58368K)] 423241K->366953K(737280K), 0.0020020 secs] [Times: user=0.01 sys=0.00, real=0.01 secs] 
1905.345: [GC (Allocation Failure) [PSYoungGen: 57776K->1344K(58368K)] 423273K->366865K(737280K), 0.0040324 secs] [Times: user=0.01 sys=0.00, real=0.00 secs] 
1905.620: [GC (Allocation Failure) [PSYoungGen: 57664K->1376K(58368K)] 423185K->366897K(737280K), 0.0020903 secs] [Times: user=0.01 sys=0.00, real=0.00 secs] 
1905.855: [GC (Allocation Failure) [PSYoungGen: 57696K->1344K(58368K)] 423217K->366865K(737280K), 0.0019991 secs] [Times: user=0.01 sys=0.01, real=0.00 secs] 
1906.129: [GC (Allocation Failure) [PSYoungGen: 57664K->1376K(58368K)] 423185K->366897K(737280K), 0.0019973 secs] [Times: user=0.01 sys=0.00, real=0.00 secs] 
1906.377: [GC (Allocation Failure) [PSYoungGen: 57696K->1376K(57856K)] 423217K->366897K(736768K), 0.0026167 secs] [Times: user=0.02 sys=0.00, real=0.00 secs] 
1909.241: [GC (Allocation Failure) [PSYoungGen: 57696K->1440K(57856K)] 423217K->366961K(736768K), 0.0040638 secs] [Times: user=0.02 sys=0.00, real=0.01 secs] 
1910.088: [GC (Allocation Failure) [PSYoungGen: 57760K->1376K(57856K)] 423281K->366897K(736768K), 0.0031721 secs] [Times: user=0.02 sys=0.00, real=0.00 secs] 
1910.318: [GC (Allocation Failure) [PSYoungGen: 57696K->1344K(57856K)] 423217K->366865K(736768K), 0.0020541 secs] [Times: user=0.01 sys=0.00, real=0.00 secs] 
1910.755: [GC (Allocation Failure) [PSYoungGen: 57664K->1408K(57856K)] 423185K->366929K(736768K), 0.0022114 secs] [Times: user=0.01 sys=0.00, real=0.00 secs] 
1911.287: [GC (Allocation Failure) [PSYoungGen: 57728K->1376K(57856K)] 423249K->366897K(736768K), 0.0033034 secs] [Times: user=0.01 sys=0.00, real=0.00 secs] 
1913.446: [GC (Allocation Failure) [PSYoungGen: 57696K->1376K(57856K)] 423217K->366897K(736768K), 0.0041201 secs] [Times: user=0.02 sys=0.00, real=0.00 secs] 
1913.877: [GC (Allocation Failure) [PSYoungGen: 57696K->1376K(57856K)] 423217K->366897K(736768K), 0.0026429 secs] [Times: user=0.01 sys=0.00, real=0.00 secs] 
1914.420: [GC (Allocation Failure) [PSYoungGen: 57696K->1312K(57856K)] 423217K->366833K(736768K), 0.0028925 secs] [Times: user=0.01 sys=0.00, real=0.01 secs] 
1914.964: [GC (Allocation Failure) [PSYoungGen: 57632K->1344K(57856K)] 423153K->366865K(736768K), 0.0033206 secs] [Times: user=0.01 sys=0.00, real=0.00 secs] 
1915.493: [GC (Allocation Failure) [PSYoungGen: 57664K->1312K(57856K)] 423185K->366833K(736768K), 0.0032010 secs] [Times: user=0.01 sys=0.00, real=0.01 secs] 
1916.696: [GC (Allocation Failure) [PSYoungGen: 57632K->1440K(57856K)] 423153K->366961K(736768K), 0.0019873 secs] [Times: user=0.01 sys=0.00, real=0.00 secs] 
1916.930: [GC (Allocation Failure) [PSYoungGen: 57760K->1376K(57856K)] 423281K->366897K(736768K), 0.0018897 secs] [Times: user=0.01 sys=0.00, real=0.00 secs] 
1917.194: [GC (Allocation Failure) [PSYoungGen: 57696K->1408K(57856K)] 423217K->366929K(736768K), 0.0020024 secs] [Times: user=0.01 sys=0.00, real=0.00 secs] 
1917.464: [GC (Allocation Failure) [PSYoungGen: 57728K->1376K(57856K)] 423249K->366897K(736768K), 0.0046390 secs] [Times: user=0.02 sys=0.00, real=0.00 secs] 
1917.737: [GC (Allocation Failure) [PSYoungGen: 57696K->1408K(57856K)] 423217K->366929K(736768K), 0.0020377 secs] [Times: user=0.01 sys=0.00, real=0.00 secs] 
1918.959: [GC (Allocation Failure) [PSYoungGen: 57728K->1440K(57856K)] 423249K->366969K(736768K), 0.0016891 secs] [Times: user=0.00 sys=0.00, real=0.00 secs] 
1919.522: [GC (Allocation Failure) [PSYoungGen: 57760K->1344K(57856K)] 423289K->366873K(736768K), 0.0032278 secs] [Times: user=0.01 sys=0.00, real=0.01 secs] 
1919.758: [GC (Allocation Failure) [PSYoungGen: 57664K->1344K(57856K)] 423193K->366873K(736768K), 0.0026068 secs] [Times: user=0.00 sys=0.00, real=0.00 secs] 
1919.993: [GC (Allocation Failure) [PSYoungGen: 57664K->1376K(57856K)] 423193K->366905K(736768K), 0.0021483 secs] [Times: user=0.01 sys=0.00, real=0.01 secs] 
1920.226: [GC (Allocation Failure) [PSYoungGen: 57696K->1344K(57856K)] 423225K->366873K(736768K), 0.0019474 secs] [Times: user=0.01 sys=0.00, real=0.00 secs] 
1921.540: [GC (Allocation Failure) [PSYoungGen: 57664K->1376K(57856K)] 423193K->366905K(736768K), 0.0042433 secs] [Times: user=0.02 sys=0.00, real=0.01 secs] 
1922.479: [GC (Allocation Failure) [PSYoungGen: 57696K->1344K(57856K)] 423225K->366873K(736768K), 0.0038784 secs] [Times: user=0.01 sys=0.01, real=0.01 secs] 
1923.106: [GC (Allocation Failure) [PSYoungGen: 57664K->1408K(57856K)] 423193K->366937K(736768K), 0.0047643 secs] [Times: user=0.02 sys=0.00, real=0.00 secs] 
1923.530: [GC (Allocation Failure) [PSYoungGen: 57728K->1408K(57856K)] 423257K->366937K(736768K), 0.0020572 secs] [Times: user=0.01 sys=0.00, real=0.00 secs] 
1923.782: [GC (Allocation Failure) [PSYoungGen: 57728K->1344K(57856K)] 423257K->366873K(736768K), 0.0020035 secs] [Times: user=0.01 sys=0.00, real=0.01 secs] 
1924.825: [GC (Allocation Failure) [PSYoungGen: 57664K->1408K(57856K)] 423193K->366937K(736768K), 0.0018381 secs] [Times: user=0.01 sys=0.00, real=0.00 secs] 
1925.306: [GC (Allocation Failure) [PSYoungGen: 57728K->1424K(57856K)] 423257K->366953K(736768K), 0.0017282 secs] [Times: user=0.01 sys=0.00, real=0.00 secs] 
1925.617: [GC (Allocation Failure) [PSYoungGen: 57744K->1376K(57856K)] 423273K->366905K(736768K), 0.0024235 secs] [Times: user=0.00 sys=0.01, real=0.00 secs] 
1925.846: [GC (Allocation Failure) [PSYoungGen: 57696K->1344K(57856K)] 423225K->366873K(736768K), 0.0022740 secs] [Times: user=0.01 sys=0.00, real=0.00 secs] 
1926.081: [GC (Allocation Failure) [PSYoungGen: 57664K->1392K(57856K)] 423193K->366921K(736768K), 0.0021082 secs] [Times: user=0.01 sys=0.00, real=0.00 secs] 
1927.242: [GC (Allocation Failure) [PSYoungGen: 57712K->1456K(57856K)] 423241K->367009K(736768K), 0.0019158 secs] [Times: user=0.01 sys=0.00, real=0.01 secs] 
1927.758: [GC (Allocation Failure) [PSYoungGen: 57776K->1312K(57856K)] 423329K->366865K(736768K), 0.0041255 secs] [Times: user=0.02 sys=0.01, real=0.00 secs] 
1928.284: [GC (Allocation Failure) [PSYoungGen: 57632K->1360K(57856K)] 423185K->366921K(736768K), 0.0027918 secs] [Times: user=0.01 sys=0.00, real=0.00 secs] 
1928.566: [GC (Allocation Failure) [PSYoungGen: 57680K->1344K(57856K)] 423241K->366905K(736768K), 0.0021147 secs] [Times: user=0.01 sys=0.00, real=0.00 secs] 
1928.999: [GC (Allocation Failure) [PSYoungGen: 57664K->1376K(57856K)] 423225K->366937K(736768K), 0.0019168 secs] [Times: user=0.00 sys=0.00, real=0.00 secs] 
1930.482: [GC (Allocation Failure) [PSYoungGen: 57696K->1408K(57856K)] 423257K->366977K(736768K), 0.0042054 secs] [Times: user=0.02 sys=0.00, real=0.01 secs] 
1931.406: [GC (Allocation Failure) [PSYoungGen: 57728K->1376K(57856K)] 423297K->366945K(736768K), 0.0042862 secs] [Times: user=0.02 sys=0.00, real=0.00 secs] 
1932.050: [GC (Allocation Failure) [PSYoungGen: 57696K->1344K(57856K)] 423265K->366913K(736768K), 0.0028151 secs] [Times: user=0.01 sys=0.00, real=0.00 secs] 
1932.668: [GC (Allocation Failure) [PSYoungGen: 57664K->1376K(57856K)] 423233K->366945K(736768K), 0.0027755 secs] [Times: user=0.01 sys=0.00, real=0.00 secs] 
1933.128: [GC (Allocation Failure) [PSYoungGen: 57696K->1344K(57856K)] 423265K->366913K(736768K), 0.0028013 secs] [Times: user=0.01 sys=0.00, real=0.00 secs] 
1934.258: [GC (Allocation Failure) [PSYoungGen: 57664K->1408K(57856K)] 423233K->366977K(736768K), 0.0017474 secs] [Times: user=0.01 sys=0.00, real=0.00 secs] 
1934.492: [GC (Allocation Failure) [PSYoungGen: 57728K->1376K(57856K)] 423297K->366945K(736768K), 0.0018563 secs] [Times: user=0.00 sys=0.00, real=0.01 secs] 
1934.726: [GC (Allocation Failure) [PSYoungGen: 57696K->1408K(57856K)] 423265K->366977K(736768K), 0.0018190 secs] [Times: user=0.01 sys=0.00, real=0.00 secs] 
1935.095: [GC (Allocation Failure) [PSYoungGen: 57728K->1408K(57856K)] 423297K->366977K(736768K), 0.0017263 secs] [Times: user=0.01 sys=0.00, real=0.00 secs] 
1935.554: [GC (Allocation Failure) [PSYoungGen: 57728K->1312K(57856K)] 423297K->366881K(736768K), 0.0028409 secs] [Times: user=0.01 sys=0.00, real=0.00 secs] 
1936.918: [GC (Allocation Failure) [PSYoungGen: 57632K->1376K(57856K)] 423201K->366953K(736768K), 0.0020476 secs] [Times: user=0.01 sys=0.00, real=0.00 secs] 
1937.423: [GC (Allocation Failure) [PSYoungGen: 57696K->1344K(57856K)] 423273K->366929K(736768K), 0.0028494 secs] [Times: user=0.01 sys=0.00, real=0.01 secs] 
1937.907: [GC (Allocation Failure) [PSYoungGen: 57664K->1312K(57856K)] 423249K->366921K(736768K), 0.0033904 secs] [Times: user=0.02 sys=0.00, real=0.00 secs] 
1938.384: [GC (Allocation Failure) [PSYoungGen: 57632K->1376K(57856K)] 423241K->366985K(736768K), 0.0034240 secs] [Times: user=0.01 sys=0.00, real=0.00 secs] 
1938.713: [GC (Allocation Failure) [PSYoungGen: 57696K->1344K(57856K)] 423305K->366969K(736768K), 0.0021337 secs] [Times: user=0.01 sys=0.00, real=0.00 secs] 
1940.119: [GC (Allocation Failure) [PSYoungGen: 57664K->1392K(57856K)] 423289K->367025K(736768K), 0.0024320 secs] [Times: user=0.01 sys=0.00, real=0.00 secs] 
1940.623: [GC (Allocation Failure) [PSYoungGen: 57712K->1408K(57856K)] 423345K->367041K(736768K), 0.0032478 secs] [Times: user=0.01 sys=0.00, real=0.00 secs] 
1941.285: [GC (Allocation Failure) [PSYoungGen: 57728K->1376K(57856K)] 423361K->367009K(736768K), 0.0035075 secs] [Times: user=0.01 sys=0.01, real=0.00 secs] 
1942.028: [GC (Allocation Failure) [PSYoungGen: 57696K->1344K(57856K)] 423329K->366977K(736768K), 0.0039889 secs] [Times: user=0.01 sys=0.00, real=0.00 secs] 
1942.623: [GC (Allocation Failure) [PSYoungGen: 57664K->1408K(57856K)] 423297K->367041K(736768K), 0.0031722 secs] [Times: user=0.01 sys=0.00, real=0.00 secs] 
1944.045: [GC (Allocation Failure) [PSYoungGen: 57728K->1408K(57856K)] 423361K->367041K(736768K), 0.0019089 secs] [Times: user=0.01 sys=0.00, real=0.00 secs] 
1944.797: [GC (Allocation Failure) [PSYoungGen: 57728K->1408K(57856K)] 423361K->367041K(736768K), 0.0043289 secs] [Times: user=0.01 sys=0.00, real=0.00 secs] 
1945.607: [GC (Allocation Failure) [PSYoungGen: 57728K->1408K(57856K)] 423361K->367041K(736768K), 0.0041426 secs] [Times: user=0.02 sys=0.00, real=0.00 secs] 
1946.423: [GC (Allocation Failure) [PSYoungGen: 57728K->1408K(57856K)] 423361K->367041K(736768K), 0.0033869 secs] [Times: user=0.01 sys=0.00, real=0.00 secs] 
1946.931: [GC (Allocation Failure) [PSYoungGen: 57728K->1376K(57856K)] 423361K->367009K(736768K), 0.0027957 secs] [Times: user=0.02 sys=0.00, real=0.01 secs] 
1948.073: [GC (Allocation Failure) [PSYoungGen: 57696K->1440K(57856K)] 423329K->367081K(736768K), 0.0019143 secs] [Times: user=0.01 sys=0.00, real=0.01 secs] 
1948.702: [GC (Allocation Failure) [PSYoungGen: 57760K->1408K(57856K)] 423401K->367049K(736768K), 0.0041590 secs] [Times: user=0.02 sys=0.00, real=0.01 secs] 
1949.034: [GC (Allocation Failure) [PSYoungGen: 57728K->1344K(57856K)] 423369K->366985K(736768K), 0.0020499 secs] [Times: user=0.01 sys=0.00, real=0.00 secs] 
1949.269: [GC (Allocation Failure) [PSYoungGen: 57664K->1408K(57856K)] 423305K->367057K(736768K), 0.0019499 secs] [Times: user=0.01 sys=0.00, real=0.00 secs] 
1949.503: [GC (Allocation Failure) [PSYoungGen: 57728K->1408K(57856K)] 423377K->367057K(736768K), 0.0019286 secs] [Times: user=0.01 sys=0.00, real=0.01 secs] 
1950.632: [GC (Allocation Failure) [PSYoungGen: 57728K->1408K(57856K)] 423377K->367057K(736768K), 0.0019469 secs] [Times: user=0.01 sys=0.00, real=0.01 secs] 
1951.081: [GC (Allocation Failure) [PSYoungGen: 57728K->1392K(57856K)] 423377K->367041K(736768K), 0.0020963 secs] [Times: user=0.01 sys=0.00, real=0.01 secs] 
1951.373: [GC (Allocation Failure) [PSYoungGen: 57712K->1376K(57856K)] 423361K->367025K(736768K), 0.0020048 secs] [Times: user=0.01 sys=0.00, real=0.00 secs] 
1951.650: [GC (Allocation Failure) [PSYoungGen: 57696K->1392K(57856K)] 423345K->367041K(736768K), 0.0021301 secs] [Times: user=0.01 sys=0.00, real=0.00 secs] 
1951.899: [GC (Allocation Failure) [PSYoungGen: 57712K->1376K(57856K)] 423361K->367025K(736768K), 0.0020185 secs] [Times: user=0.01 sys=0.00, real=0.00 secs] 
1952.825: [GC (Allocation Failure) [PSYoungGen: 57696K->1376K(57856K)] 423345K->367025K(736768K), 0.0016455 secs] [Times: user=0.01 sys=0.00, real=0.00 secs] 
1953.075: [GC (Allocation Failure) [PSYoungGen: 57696K->1344K(57856K)] 423345K->366993K(736768K), 0.0018062 secs] [Times: user=0.01 sys=0.00, real=0.00 secs] 
1953.309: [GC (Allocation Failure) [PSYoungGen: 57664K->1376K(57856K)] 423313K->367025K(736768K), 0.0018007 secs] [Times: user=0.01 sys=0.00, real=0.00 secs] 
1953.615: [GC (Allocation Failure) [PSYoungGen: 57696K->1312K(57856K)] 423345K->366961K(736768K), 0.0021766 secs] [Times: user=0.01 sys=0.00, real=0.00 secs] 
1953.869: [GC (Allocation Failure) [PSYoungGen: 57632K->1376K(57856K)] 423281K->367025K(736768K), 0.0020435 secs] [Times: user=0.01 sys=0.00, real=0.00 secs] 
1955.008: [GC (Allocation Failure) [PSYoungGen: 57696K->1408K(57856K)] 423345K->367081K(736768K), 0.0017139 secs] [Times: user=0.01 sys=0.00, real=0.00 secs] 
1955.548: [GC (Allocation Failure) [PSYoungGen: 57728K->1376K(57856K)] 423401K->367049K(736768K), 0.0019744 secs] [Times: user=0.01 sys=0.00, real=0.00 secs] 
1956.039: [GC (Allocation Failure) [PSYoungGen: 57696K->1344K(57856K)] 423369K->367017K(736768K), 0.0029755 secs] [Times: user=0.01 sys=0.00, real=0.00 secs] 
1956.274: [GC (Allocation Failure) [PSYoungGen: 57664K->1408K(57856K)] 423337K->367081K(736768K), 0.0020691 secs] [Times: user=0.00 sys=0.00, real=0.00 secs] 
1956.508: [GC (Allocation Failure) [PSYoungGen: 57728K->1376K(57856K)] 423401K->367049K(736768K), 0.0020077 secs] [Times: user=0.01 sys=0.00, real=0.00 secs] 
1957.442: [GC (Allocation Failure) [PSYoungGen: 57696K->1376K(57856K)] 423369K->367049K(736768K), 0.0017592 secs] [Times: user=0.01 sys=0.00, real=0.01 secs] 
1957.675: [GC (Allocation Failure) [PSYoungGen: 57696K->1376K(57856K)] 423369K->367049K(736768K), 0.0016579 secs] [Times: user=0.00 sys=0.01, real=0.00 secs] 
1957.928: [GC (Allocation Failure) [PSYoungGen: 57696K->1408K(57856K)] 423369K->367081K(736768K), 0.0018095 secs] [Times: user=0.00 sys=0.00, real=0.00 secs] 
1958.161: [GC (Allocation Failure) [PSYoungGen: 57728K->1424K(57856K)] 423401K->367097K(736768K), 0.0017146 secs] [Times: user=0.01 sys=0.00, real=0.01 secs] 
1958.394: [GC (Allocation Failure) [PSYoungGen: 57744K->1344K(57856K)] 423417K->367017K(736768K), 0.0017505 secs] [Times: user=0.01 sys=0.00, real=0.00 secs] 
1959.558: [GC (Allocation Failure) [PSYoungGen: 57664K->1408K(57856K)] 423337K->367089K(736768K), 0.0020271 secs] [Times: user=0.00 sys=0.00, real=0.00 secs] 
1960.069: [GC (Allocation Failure) [PSYoungGen: 57728K->1408K(57856K)] 423409K->367089K(736768K), 0.0022221 secs] [Times: user=0.01 sys=0.00, real=0.00 secs] 
1960.649: [GC (Allocation Failure) [PSYoungGen: 57728K->1344K(57856K)] 423409K->367025K(736768K), 0.0024338 secs] [Times: user=0.01 sys=0.00, real=0.00 secs] 
1961.416: [GC (Allocation Failure) [PSYoungGen: 57664K->1376K(57856K)] 423345K->367057K(736768K), 0.0027955 secs] [Times: user=0.01 sys=0.00, real=0.00 secs] 
1962.104: [GC (Allocation Failure) [PSYoungGen: 57696K->1376K(57856K)] 423377K->367057K(736768K), 0.0027505 secs] [Times: user=0.01 sys=0.00, real=0.00 secs] 
1964.000: [GC (Allocation Failure) [PSYoungGen: 57696K->1344K(57856K)] 423377K->367025K(736768K), 0.0040733 secs] [Times: user=0.02 sys=0.00, real=0.01 secs] 
1964.820: [GC (Allocation Failure) [PSYoungGen: 57664K->1408K(57856K)] 423345K->367089K(736768K), 0.0039843 secs] [Times: user=0.02 sys=0.00, real=0.01 secs] 
1965.475: [GC (Allocation Failure) [PSYoungGen: 57728K->1376K(57856K)] 423409K->367057K(736768K), 0.0033372 secs] [Times: user=0.01 sys=0.00, real=0.00 secs] 
1966.100: [GC (Allocation Failure) [PSYoungGen: 57696K->1360K(57856K)] 423377K->367041K(736768K), 0.0032325 secs] [Times: user=0.02 sys=0.00, real=0.01 secs] 
1966.697: [GC (Allocation Failure) [PSYoungGen: 57680K->1344K(57856K)] 423361K->367025K(736768K), 0.0032008 secs] [Times: user=0.01 sys=0.00, real=0.00 secs] 
1968.017: [GC (Allocation Failure) [PSYoungGen: 57664K->1408K(57856K)] 423345K->367089K(736768K), 0.0018300 secs] [Times: user=0.01 sys=0.00, real=0.00 secs] 
1968.330: [GC (Allocation Failure) [PSYoungGen: 57728K->1360K(57856K)] 423409K->367041K(736768K), 0.0021363 secs] [Times: user=0.01 sys=0.00, real=0.00 secs] 
1968.595: [GC (Allocation Failure) [PSYoungGen: 57680K->1376K(57856K)] 423361K->367057K(736768K), 0.0020192 secs] [Times: user=0.01 sys=0.00, real=0.00 secs] 
1968.882: [GC (Allocation Failure) [PSYoungGen: 57696K->1376K(57856K)] 423377K->367065K(736768K), 0.0018353 secs] [Times: user=0.01 sys=0.00, real=0.01 secs] 
1969.250: [GC (Allocation Failure) [PSYoungGen: 57696K->1344K(57856K)] 423385K->367033K(736768K), 0.0018073 secs] [Times: user=0.00 sys=0.00, real=0.00 secs] 
1970.424: [GC (Allocation Failure) [PSYoungGen: 57664K->1440K(57856K)] 423353K->367129K(736768K), 0.0019790 secs] [Times: user=0.01 sys=0.00, real=0.00 secs] 
1970.935: [GC (Allocation Failure) [PSYoungGen: 57760K->1408K(57856K)] 423449K->367097K(736768K), 0.0039655 secs] [Times: user=0.01 sys=0.00, real=0.00 secs] 
1971.199: [GC (Allocation Failure) [PSYoungGen: 57728K->1408K(57856K)] 423417K->367097K(736768K), 0.0023595 secs] [Times: user=0.01 sys=0.00, real=0.00 secs] 
1971.581: [GC (Allocation Failure) [PSYoungGen: 57728K->1344K(57856K)] 423417K->367033K(736768K), 0.0022087 secs] [Times: user=0.01 sys=0.00, real=0.01 secs] 
1972.157: [GC (Allocation Failure) [PSYoungGen: 57664K->1408K(57856K)] 423353K->367097K(736768K), 0.0022924 secs] [Times: user=0.01 sys=0.00, real=0.00 secs] 
1973.499: [GC (Allocation Failure) [PSYoungGen: 57728K->1376K(57856K)] 423417K->367065K(736768K), 0.0017720 secs] [Times: user=0.01 sys=0.00, real=0.00 secs] 
1973.802: [GC (Allocation Failure) [PSYoungGen: 57696K->1344K(57856K)] 423385K->367033K(736768K), 0.0026814 secs] [Times: user=0.01 sys=0.00, real=0.01 secs] 
1974.038: [GC (Allocation Failure) [PSYoungGen: 57664K->1328K(57856K)] 423353K->367017K(736768K), 0.0022767 secs] [Times: user=0.01 sys=0.01, real=0.00 secs] 
1974.273: [GC (Allocation Failure) [PSYoungGen: 57648K->1376K(57856K)] 423337K->367065K(736768K), 0.0023115 secs] [Times: user=0.01 sys=0.00, real=0.00 secs] 
1974.508: [GC (Allocation Failure) [PSYoungGen: 57696K->1408K(57856K)] 423385K->367097K(736768K), 0.0020468 secs] [Times: user=0.01 sys=0.00, real=0.00 secs] 
1975.616: [GC (Allocation Failure) [PSYoungGen: 57728K->1424K(57856K)] 423417K->367121K(736768K), 0.0018194 secs] [Times: user=0.01 sys=0.00, real=0.00 secs] 
1976.177: [GC (Allocation Failure) [PSYoungGen: 57744K->1408K(57856K)] 423441K->367121K(736768K), 0.0017911 secs] [Times: user=0.00 sys=0.00, real=0.00 secs] 
1976.774: [GC (Allocation Failure) [PSYoungGen: 57728K->1360K(57856K)] 423441K->367073K(736768K), 0.0023139 secs] [Times: user=0.01 sys=0.00, real=0.00 secs] 
1977.371: [GC (Allocation Failure) [PSYoungGen: 57680K->1344K(57856K)] 423393K->367057K(736768K), 0.0040996 secs] [Times: user=0.01 sys=0.01, real=0.01 secs] 
1977.887: [GC (Allocation Failure) [PSYoungGen: 57664K->1344K(57856K)] 423377K->367057K(736768K), 0.0031070 secs] [Times: user=0.01 sys=0.00, real=0.00 secs] 
1979.313: [GC (Allocation Failure) [PSYoungGen: 57664K->1440K(57856K)] 423377K->367161K(736768K), 0.0019116 secs] [Times: user=0.01 sys=0.01, real=0.01 secs] 
1979.613: [GC (Allocation Failure) [PSYoungGen: 57760K->1328K(57856K)] 423481K->367049K(736768K), 0.0017162 secs] [Times: user=0.00 sys=0.00, real=0.00 secs] 
1980.066: [GC (Allocation Failure) [PSYoungGen: 57648K->1344K(57856K)] 423369K->367065K(736768K), 0.0021727 secs] [Times: user=0.01 sys=0.01, real=0.00 secs] 
1980.557: [GC (Allocation Failure) [PSYoungGen: 57664K->1392K(57856K)] 423385K->367113K(736768K), 0.0020490 secs] [Times: user=0.01 sys=0.00, real=0.00 secs] 
1981.029: [GC (Allocation Failure) [PSYoungGen: 57712K->1376K(57856K)] 423433K->367097K(736768K), 0.0022302 secs] [Times: user=0.01 sys=0.00, real=0.00 secs] 
1982.366: [GC (Allocation Failure) [PSYoungGen: 57696K->1408K(57856K)] 423417K->367129K(736768K), 0.0017675 secs] [Times: user=0.00 sys=0.00, real=0.00 secs] 
1983.076: [GC (Allocation Failure) [PSYoungGen: 57728K->1376K(57856K)] 423449K->367097K(736768K), 0.0047094 secs] [Times: user=0.02 sys=0.00, real=0.00 secs] 
1983.766: [GC (Allocation Failure) [PSYoungGen: 57696K->1376K(57856K)] 423417K->367097K(736768K), 0.0035424 secs] [Times: user=0.01 sys=0.00, real=0.00 secs] 
1984.159: [GC (Allocation Failure) [PSYoungGen: 57696K->1408K(57856K)] 423417K->367129K(736768K), 0.0027781 secs] [Times: user=0.01 sys=0.00, real=0.00 secs] 
1984.629: [GC (Allocation Failure) [PSYoungGen: 57728K->1376K(57856K)] 423449K->367097K(736768K), 0.0027893 secs] [Times: user=0.01 sys=0.00, real=0.00 secs] 
1985.884: [GC (Allocation Failure) [PSYoungGen: 57696K->1408K(57856K)] 423417K->367129K(736768K), 0.0019543 secs] [Times: user=0.01 sys=0.00, real=0.00 secs] 
1986.356: [GC (Allocation Failure) [PSYoungGen: 57728K->1408K(57856K)] 423449K->367129K(736768K), 0.0027775 secs] [Times: user=0.01 sys=0.00, real=0.00 secs] 
1986.989: [GC (Allocation Failure) [PSYoungGen: 57728K->1344K(57856K)] 423449K->367065K(736768K), 0.0028205 secs] [Times: user=0.01 sys=0.00, real=0.00 secs] 
1987.746: [GC (Allocation Failure) [PSYoungGen: 57664K->1408K(57856K)] 423385K->367129K(736768K), 0.0031538 secs] [Times: user=0.01 sys=0.00, real=0.00 secs] 
1988.467: [GC (Allocation Failure) [PSYoungGen: 57728K->1376K(57856K)] 423449K->367097K(736768K), 0.0042301 secs] [Times: user=0.02 sys=0.00, real=0.00 secs] 
1989.845: [GC (Allocation Failure) [PSYoungGen: 57696K->1424K(57856K)] 423417K->367161K(736768K), 0.0015548 secs] [Times: user=0.01 sys=0.00, real=0.00 secs] 
1990.260: [GC (Allocation Failure) [PSYoungGen: 57744K->1408K(57856K)] 423481K->367145K(736768K), 0.0019547 secs] [Times: user=0.00 sys=0.00, real=0.00 secs] 
1990.732: [GC (Allocation Failure) [PSYoungGen: 57728K->1344K(57856K)] 423465K->367081K(736768K), 0.0020883 secs] [Times: user=0.01 sys=0.00, real=0.01 secs] 
1991.178: [GC (Allocation Failure) [PSYoungGen: 57664K->1376K(57856K)] 423401K->367113K(736768K), 0.0021645 secs] [Times: user=0.01 sys=0.00, real=0.00 secs] 
1991.607: [GC (Allocation Failure) [PSYoungGen: 57696K->1376K(57856K)] 423433K->367113K(736768K), 0.0022530 secs] [Times: user=0.00 sys=0.00, real=0.00 secs] 
1992.949: [GC (Allocation Failure) [PSYoungGen: 57696K->1408K(57856K)] 423433K->367153K(736768K), 0.0017888 secs] [Times: user=0.01 sys=0.00, real=0.00 secs] 
1993.537: [GC (Allocation Failure) [PSYoungGen: 57728K->1376K(57856K)] 423473K->367121K(736768K), 0.0018519 secs] [Times: user=0.01 sys=0.00, real=0.00 secs] 
1994.201: [GC (Allocation Failure) [PSYoungGen: 57696K->1376K(57856K)] 423441K->367121K(736768K), 0.0023325 secs] [Times: user=0.01 sys=0.00, real=0.01 secs] 
1994.516: [GC (Allocation Failure) [PSYoungGen: 57696K->1360K(57856K)] 423441K->367105K(736768K), 0.0019981 secs] [Times: user=0.01 sys=0.00, real=0.00 secs] 
1994.750: [GC (Allocation Failure) [PSYoungGen: 57680K->1408K(57856K)] 423425K->367153K(736768K), 0.0021457 secs] [Times: user=0.01 sys=0.00, real=0.00 secs] 
1995.817: [GC (Allocation Failure) [PSYoungGen: 57728K->1376K(57856K)] 423473K->367121K(736768K), 0.0017913 secs] [Times: user=0.01 sys=0.00, real=0.00 secs] 
1996.697: [GC (Allocation Failure) [PSYoungGen: 57696K->1360K(57856K)] 423441K->367105K(736768K), 0.0029232 secs] [Times: user=0.01 sys=0.00, real=0.00 secs] 
1997.303: [GC (Allocation Failure) [PSYoungGen: 57680K->1344K(57856K)] 423425K->367089K(736768K), 0.0029526 secs] [Times: user=0.01 sys=0.00, real=0.00 secs] 
1997.917: [GC (Allocation Failure) [PSYoungGen: 57664K->1376K(57856K)] 423409K->367121K(736768K), 0.0027309 secs] [Times: user=0.01 sys=0.00, real=0.00 secs] 
1998.616: [GC (Allocation Failure) [PSYoungGen: 57696K->1312K(57856K)] 423441K->367065K(736768K), 0.0029650 secs] [Times: user=0.02 sys=0.00, real=0.00 secs] 
1999.969: [GC (Allocation Failure) [PSYoungGen: 57632K->1408K(57856K)] 423385K->367161K(736768K), 0.0017154 secs] [Times: user=0.01 sys=0.00, real=0.00 secs] 
2000.369: [GC (Allocation Failure) [PSYoungGen: 57728K->1408K(57856K)] 423481K->367161K(736768K), 0.0022214 secs] [Times: user=0.01 sys=0.00, real=0.00 secs] 
2000.992: [GC (Allocation Failure) [PSYoungGen: 57728K->1408K(57856K)] 423481K->367161K(736768K), 0.0022500 secs] [Times: user=0.01 sys=0.00, real=0.01 secs] 
2002.383: [GC (Allocation Failure) [PSYoungGen: 57728K->1408K(57856K)] 423481K->367161K(736768K), 0.0034947 secs] [Times: user=0.02 sys=0.00, real=0.01 secs] 
2004.086: [GC (Allocation Failure) [PSYoungGen: 57728K->1376K(57856K)] 423481K->367129K(736768K), 0.0028036 secs] [Times: user=0.01 sys=0.00, real=0.00 secs] 
2005.462: [GC (Allocation Failure) [PSYoungGen: 57696K->1440K(57856K)] 423449K->367193K(736768K), 0.0015745 secs] [Times: user=0.01 sys=0.00, real=0.01 secs] 
2006.173: [GC (Allocation Failure) [PSYoungGen: 57760K->1392K(57856K)] 423513K->367145K(736768K), 0.0031652 secs] [Times: user=0.02 sys=0.00, real=0.00 secs] 
2006.600: [GC (Allocation Failure) [PSYoungGen: 57712K->1344K(57856K)] 423465K->367097K(736768K), 0.0032951 secs] [Times: user=0.02 sys=0.00, real=0.01 secs] 
2007.056: [GC (Allocation Failure) [PSYoungGen: 57664K->1344K(57856K)] 423417K->367097K(736768K), 0.0027306 secs] [Times: user=0.01 sys=0.00, real=0.00 secs] 
2007.524: [GC (Allocation Failure) [PSYoungGen: 57664K->1376K(57856K)] 423417K->367129K(736768K), 0.0026967 secs] [Times: user=0.01 sys=0.00, real=0.00 secs] 
2010.057: [GC (Allocation Failure) [PSYoungGen: 57696K->864K(57856K)] 423449K->367649K(736768K), 0.0026281 secs] [Times: user=0.01 sys=0.01, real=0.00 secs] 
2010.292: [GC (Allocation Failure) [PSYoungGen: 57184K->352K(57344K)] 423969K->367137K(736256K), 0.0020248 secs] [Times: user=0.00 sys=0.00, real=0.01 secs] 
2010.524: [GC (Allocation Failure) [PSYoungGen: 56160K->320K(57856K)] 422945K->367105K(736768K), 0.0020762 secs] [Times: user=0.01 sys=0.00, real=0.00 secs] 
2010.756: [GC (Allocation Failure) [PSYoungGen: 56128K->352K(57856K)] 422913K->367137K(736768K), 0.0020477 secs] [Times: user=0.01 sys=0.01, real=0.00 secs] 
2011.083: [GC (Allocation Failure) [PSYoungGen: 56160K->352K(57856K)] 422945K->367153K(736768K), 0.0019887 secs] [Times: user=0.01 sys=0.00, real=0.01 secs] 
2012.228: [GC (Allocation Failure) [PSYoungGen: 56160K->1920K(57344K)] 422961K->368721K(736256K), 0.0018919 secs] [Times: user=0.01 sys=0.00, real=0.00 secs] 
2012.911: [GC (Allocation Failure) [PSYoungGen: 57216K->1376K(57856K)] 424017K->368177K(736768K), 0.0025805 secs] [Times: user=0.01 sys=0.00, real=0.01 secs] 
2013.305: [GC (Allocation Failure) [PSYoungGen: 56672K->1376K(57856K)] 423473K->368177K(736768K), 0.0020818 secs] [Times: user=0.00 sys=0.00, real=0.00 secs] 
2013.535: [GC (Allocation Failure) [PSYoungGen: 56672K->1360K(57856K)] 423473K->368161K(736768K), 0.0020804 secs] [Times: user=0.00 sys=0.00, real=0.00 secs] 
2013.765: [GC (Allocation Failure) [PSYoungGen: 56656K->1408K(57856K)] 423457K->368209K(736768K), 0.0020413 secs] [Times: user=0.01 sys=0.00, real=0.00 secs] 
2014.687: [GC (Allocation Failure) [PSYoungGen: 56704K->1312K(57856K)] 423505K->368113K(736768K), 0.0015774 secs] [Times: user=0.01 sys=0.00, real=0.00 secs] 
2016.644: [GC (Allocation Failure) [PSYoungGen: 56608K->1376K(57856K)] 423409K->368177K(736768K), 0.0041321 secs] [Times: user=0.02 sys=0.00, real=0.00 secs] 
2017.515: [GC (Allocation Failure) [PSYoungGen: 56672K->1408K(56832K)] 423473K->368209K(735744K), 0.0044957 secs] [Times: user=0.02 sys=0.00, real=0.00 secs] 
2018.072: [GC (Allocation Failure) [PSYoungGen: 56704K->1360K(57344K)] 423505K->368161K(736256K), 0.0030696 secs] [Times: user=0.01 sys=0.00, real=0.01 secs] 
2018.666: [GC (Allocation Failure) [PSYoungGen: 56656K->1344K(57344K)] 423457K->368145K(736256K), 0.0027850 secs] [Times: user=0.01 sys=0.00, real=0.00 secs] 
2019.158: [GC (Allocation Failure) [PSYoungGen: 56640K->1344K(57344K)] 423441K->368153K(736256K), 0.0033422 secs] [Times: user=0.02 sys=0.00, real=0.00 secs] 
2021.149: [GC (Allocation Failure) [PSYoungGen: 56640K->1440K(57344K)] 423449K->368249K(736256K), 0.0039420 secs] [Times: user=0.02 sys=0.00, real=0.01 secs] 
2021.928: [GC (Allocation Failure) [PSYoungGen: 56736K->1344K(57344K)] 423545K->368153K(736256K), 0.0039426 secs] [Times: user=0.02 sys=0.00, real=0.00 secs] 
2022.393: [GC (Allocation Failure) [PSYoungGen: 56640K->1344K(57344K)] 423449K->368153K(736256K), 0.0033113 secs] [Times: user=0.01 sys=0.00, real=0.00 secs] 
2022.848: [GC (Allocation Failure) [PSYoungGen: 56640K->1376K(57344K)] 423449K->368185K(736256K), 0.0022786 secs] [Times: user=0.01 sys=0.00, real=0.00 secs] 
2023.255: [GC (Allocation Failure) [PSYoungGen: 56672K->1376K(57344K)] 423481K->368185K(736256K), 0.0023564 secs] [Times: user=0.01 sys=0.00, real=0.00 secs] 
2024.222: [GC (Allocation Failure) [PSYoungGen: 56672K->1440K(57344K)] 423481K->368249K(736256K), 0.0017936 secs] [Times: user=0.00 sys=0.00, real=0.01 secs] 
2024.636: [GC (Allocation Failure) [PSYoungGen: 56736K->1376K(57344K)] 423545K->368185K(736256K), 0.0017441 secs] [Times: user=0.00 sys=0.00, real=0.00 secs] 
2025.027: [GC (Allocation Failure) [PSYoungGen: 56672K->1344K(57344K)] 423481K->368153K(736256K), 0.0017896 secs] [Times: user=0.01 sys=0.01, real=0.00 secs] 
2025.465: [GC (Allocation Failure) [PSYoungGen: 56640K->1376K(57344K)] 423449K->368185K(736256K), 0.0017460 secs] [Times: user=0.01 sys=0.00, real=0.00 secs] 
2025.917: [GC (Allocation Failure) [PSYoungGen: 56672K->1344K(57344K)] 423481K->368153K(736256K), 0.0019163 secs] [Times: user=0.01 sys=0.00, real=0.00 secs] 
2026.913: [GC (Allocation Failure) [PSYoungGen: 56640K->1440K(57344K)] 423449K->368249K(736256K), 0.0016833 secs] [Times: user=0.01 sys=0.00, real=0.01 secs] 
2027.142: [GC (Allocation Failure) [PSYoungGen: 56736K->1344K(57344K)] 423545K->368153K(736256K), 0.0016544 secs] [Times: user=0.01 sys=0.00, real=0.01 secs] 
2027.372: [GC (Allocation Failure) [PSYoungGen: 56640K->1312K(57344K)] 423449K->368145K(736256K), 0.0026996 secs] [Times: user=0.01 sys=0.00, real=0.01 secs] 
2027.603: [GC (Allocation Failure) [PSYoungGen: 56608K->1376K(57344K)] 423441K->368209K(736256K), 0.0022619 secs] [Times: user=0.01 sys=0.00, real=0.00 secs] 
2027.833: [GC (Allocation Failure) [PSYoungGen: 56672K->1376K(57344K)] 423505K->368209K(736256K), 0.0021951 secs] [Times: user=0.01 sys=0.00, real=0.00 secs] 
2029.233: [GC (Allocation Failure) [PSYoungGen: 56672K->1376K(57344K)] 423505K->368209K(736256K), 0.0042644 secs] [Times: user=0.02 sys=0.00, real=0.00 secs] 
2029.733: [GC (Allocation Failure) [PSYoungGen: 56672K->1376K(57344K)] 423505K->368209K(736256K), 0.0027552 secs] [Times: user=0.01 sys=0.00, real=0.01 secs] 
2030.186: [GC (Allocation Failure) [PSYoungGen: 56672K->1376K(57344K)] 423505K->368209K(736256K), 0.0023348 secs] [Times: user=0.01 sys=0.00, real=0.00 secs] 
2030.776: [GC (Allocation Failure) [PSYoungGen: 56672K->1408K(57344K)] 423505K->368241K(736256K), 0.0022760 secs] [Times: user=0.01 sys=0.00, real=0.00 secs] 
2031.199: [GC (Allocation Failure) [PSYoungGen: 56704K->1376K(57344K)] 423537K->368209K(736256K), 0.0022674 secs] [Times: user=0.01 sys=0.00, real=0.00 secs] 
2032.509: [GC (Allocation Failure) [PSYoungGen: 56672K->1408K(56832K)] 423505K->368241K(735744K), 0.0021183 secs] [Times: user=0.01 sys=0.00, real=0.00 secs] 
2032.962: [GC (Allocation Failure) [PSYoungGen: 56704K->1408K(56832K)] 423537K->368241K(735744K), 0.0022539 secs] [Times: user=0.01 sys=0.00, real=0.01 secs] 
2033.466: [GC (Allocation Failure) [PSYoungGen: 56704K->1376K(56832K)] 423537K->368209K(735744K), 0.0021918 secs] [Times: user=0.01 sys=0.00, real=0.00 secs] 
2034.179: [GC (Allocation Failure) [PSYoungGen: 56672K->1376K(56832K)] 423505K->368209K(735744K), 0.0023310 secs] [Times: user=0.01 sys=0.00, real=0.00 secs] 
2034.945: [GC (Allocation Failure) [PSYoungGen: 56672K->1376K(56832K)] 423505K->368209K(735744K), 0.0032871 secs] [Times: user=0.01 sys=0.00, real=0.00 secs] 
2036.481: [GC (Allocation Failure) [PSYoungGen: 56672K->1392K(56832K)] 423505K->368225K(735744K), 0.0020895 secs] [Times: user=0.01 sys=0.00, real=0.01 secs] 
2036.714: [GC (Allocation Failure) [PSYoungGen: 56688K->1344K(56832K)] 423521K->368177K(735744K), 0.0021118 secs] [Times: user=0.01 sys=0.01, real=0.00 secs] 
2036.944: [GC (Allocation Failure) [PSYoungGen: 56640K->1376K(56832K)] 423473K->368209K(735744K), 0.0019930 secs] [Times: user=0.01 sys=0.00, real=0.00 secs] 
2037.174: [GC (Allocation Failure) [PSYoungGen: 56672K->1344K(56832K)] 423505K->368177K(735744K), 0.0019653 secs] [Times: user=0.00 sys=0.00, real=0.00 secs] 
2037.404: [GC (Allocation Failure) [PSYoungGen: 56640K->1376K(56832K)] 423473K->368209K(735744K), 0.0020211 secs] [Times: user=0.00 sys=0.00, real=0.00 secs] 
2038.311: [GC (Allocation Failure) [PSYoungGen: 56672K->1376K(56832K)] 423505K->368225K(735744K), 0.0017984 secs] [Times: user=0.01 sys=0.00, real=0.00 secs] 
2038.540: [GC (Allocation Failure) [PSYoungGen: 56672K->1408K(56832K)] 423521K->368257K(735744K), 0.0018649 secs] [Times: user=0.01 sys=0.00, real=0.00 secs] 
2038.770: [GC (Allocation Failure) [PSYoungGen: 56704K->1344K(56832K)] 423553K->368193K(735744K), 0.0017140 secs] [Times: user=0.00 sys=0.00, real=0.00 secs] 
2039.000: [GC (Allocation Failure) [PSYoungGen: 56640K->1376K(56832K)] 423489K->368225K(735744K), 0.0017566 secs] [Times: user=0.01 sys=0.00, real=0.00 secs] 
2039.229: [GC (Allocation Failure) [PSYoungGen: 56672K->1408K(56832K)] 423521K->368257K(735744K), 0.0018133 secs] [Times: user=0.01 sys=0.00, real=0.00 secs] 
2040.168: [GC (Allocation Failure) [PSYoungGen: 56704K->960K(56832K)] 423553K->368833K(735744K), 0.0019171 secs] [Times: user=0.01 sys=0.00, real=0.00 secs] 
2040.399: [GC (Allocation Failure) [PSYoungGen: 56256K->352K(56832K)] 424129K->368225K(735744K), 0.0018929 secs] [Times: user=0.01 sys=0.00, real=0.00 secs] 
2040.629: [GC (Allocation Failure) [PSYoungGen: 55648K->320K(57344K)] 423521K->368193K(736256K), 0.0018745 secs] [Times: user=0.00 sys=0.00, real=0.00 secs] 
2040.859: [GC (Allocation Failure) [PSYoungGen: 55616K->352K(57344K)] 423489K->368225K(736256K), 0.0016728 secs] [Times: user=0.01 sys=0.00, real=0.00 secs] 
2041.088: [GC (Allocation Failure) [PSYoungGen: 55648K->368K(57344K)] 423521K->368241K(736256K), 0.0018605 secs] [Times: user=0.01 sys=0.00, real=0.00 secs] 
2042.006: [GC (Allocation Failure) [PSYoungGen: 55664K->1536K(57344K)] 423537K->369409K(736256K), 0.0017880 secs] [Times: user=0.01 sys=0.00, real=0.00 secs] 
2042.308: [GC (Allocation Failure) [PSYoungGen: 56832K->1408K(57344K)] 424705K->369281K(736256K), 0.0016491 secs] [Times: user=0.01 sys=0.00, real=0.00 secs] 
2042.538: [GC (Allocation Failure) [PSYoungGen: 56704K->1376K(57344K)] 424577K->369249K(736256K), 0.0017599 secs] [Times: user=0.01 sys=0.00, real=0.00 secs] 
2042.768: [GC (Allocation Failure) [PSYoungGen: 56672K->1408K(57856K)] 424545K->369281K(736768K), 0.0018478 secs] [Times: user=0.01 sys=0.00, real=0.00 secs] 
2042.997: [GC (Allocation Failure) [PSYoungGen: 56704K->1376K(57856K)] 424577K->369249K(736768K), 0.0017789 secs] [Times: user=0.01 sys=0.00, real=0.00 secs] 
2043.250: [GC (Allocation Failure) [PSYoungGen: 56669K->320K(57856K)] 424542K->368209K(736768K), 0.0017230 secs] [Times: user=0.01 sys=0.00, real=0.00 secs] 
2044.527: [GC (Allocation Failure) [PSYoungGen: 55616K->1440K(57856K)] 423505K->369329K(736768K), 0.0020370 secs] [Times: user=0.01 sys=0.00, real=0.00 secs] 
2044.990: [GC (Allocation Failure) [PSYoungGen: 56736K->1408K(57856K)] 424625K->369297K(736768K), 0.0021007 secs] [Times: user=0.01 sys=0.00, real=0.00 secs] 
2045.220: [GC (Allocation Failure) [PSYoungGen: 56704K->1344K(57856K)] 424593K->369233K(736768K), 0.0020414 secs] [Times: user=0.01 sys=0.00, real=0.00 secs] 
2045.456: [GC (Allocation Failure) [PSYoungGen: 56640K->1344K(57856K)] 424529K->369233K(736768K), 0.0020393 secs] [Times: user=0.01 sys=0.00, real=0.00 secs] 
2045.686: [GC (Allocation Failure) [PSYoungGen: 56640K->1376K(57856K)] 424529K->369265K(736768K), 0.0018874 secs] [Times: user=0.01 sys=0.00, real=0.00 secs] 
2046.664: [GC (Allocation Failure) [PSYoungGen: 56672K->1376K(57856K)] 424561K->369265K(736768K), 0.0018438 secs] [Times: user=0.01 sys=0.00, real=0.00 secs] 
2046.894: [GC (Allocation Failure) [PSYoungGen: 56672K->1408K(56832K)] 424561K->369297K(735744K), 0.0019927 secs] [Times: user=0.01 sys=0.00, real=0.00 secs] 
2047.125: [GC (Allocation Failure) [PSYoungGen: 56704K->1344K(57344K)] 424593K->369233K(736256K), 0.0017394 secs] [Times: user=0.01 sys=0.00, real=0.00 secs] 
2047.354: [GC (Allocation Failure) [PSYoungGen: 56640K->1344K(57344K)] 424529K->369233K(736256K), 0.0018354 secs] [Times: user=0.01 sys=0.00, real=0.00 secs] 
2047.584: [GC (Allocation Failure) [PSYoungGen: 56640K->1360K(57344K)] 424529K->369249K(736256K), 0.0018135 secs] [Times: user=0.01 sys=0.00, real=0.00 secs] 
2048.961: [GC (Allocation Failure) [PSYoungGen: 56656K->1408K(57344K)] 424545K->369297K(736256K), 0.0020457 secs] [Times: user=0.01 sys=0.00, real=0.00 secs] 
2049.527: [GC (Allocation Failure) [PSYoungGen: 56704K->1376K(57344K)] 424593K->369265K(736256K), 0.0022148 secs] [Times: user=0.01 sys=0.00, real=0.00 secs] 
2049.972: [GC (Allocation Failure) [PSYoungGen: 56672K->1408K(57344K)] 424561K->369297K(736256K), 0.0023481 secs] [Times: user=0.01 sys=0.00, real=0.01 secs] 
2050.546: [GC (Allocation Failure) [PSYoungGen: 56704K->1296K(57344K)] 424593K->369185K(736256K), 0.0022794 secs] [Times: user=0.01 sys=0.01, real=0.00 secs] 
2051.043: [GC (Allocation Failure) [PSYoungGen: 56592K->1376K(57344K)] 424481K->369265K(736256K), 0.0021415 secs] [Times: user=0.01 sys=0.00, real=0.00 secs] 
2052.201: [GC (Allocation Failure) [PSYoungGen: 56672K->1440K(57344K)] 424561K->369329K(736256K), 0.0017588 secs] [Times: user=0.00 sys=0.00, real=0.01 secs] 
2052.465: [GC (Allocation Failure) [PSYoungGen: 56736K->1408K(57344K)] 424625K->369297K(736256K), 0.0017883 secs] [Times: user=0.01 sys=0.00, real=0.00 secs] 
2052.715: [GC (Allocation Failure) [PSYoungGen: 56704K->1376K(57344K)] 424593K->369265K(736256K), 0.0041758 secs] [Times: user=0.02 sys=0.00, real=0.00 secs] 
2052.953: [GC (Allocation Failure) [PSYoungGen: 56672K->1392K(57344K)] 424561K->369281K(736256K), 0.0023017 secs] [Times: user=0.01 sys=0.00, real=0.00 secs] 
2053.186: [GC (Allocation Failure) [PSYoungGen: 56688K->1376K(57344K)] 424577K->369265K(736256K), 0.0022985 secs] [Times: user=0.01 sys=0.01, real=0.00 secs] 
2054.444: [GC (Allocation Failure) [PSYoungGen: 56672K->1472K(57344K)] 424561K->369361K(736256K), 0.0019326 secs] [Times: user=0.01 sys=0.00, real=0.00 secs] 
2054.892: [GC (Allocation Failure) [PSYoungGen: 56768K->1440K(57344K)] 424657K->369329K(736256K), 0.0019013 secs] [Times: user=0.01 sys=0.00, real=0.01 secs] 
2055.558: [GC (Allocation Failure) [PSYoungGen: 56736K->1424K(57344K)] 424625K->369313K(736256K), 0.0022148 secs] [Times: user=0.01 sys=0.00, real=0.00 secs] 
2056.421: [GC (Allocation Failure) [PSYoungGen: 56720K->1376K(57344K)] 424609K->369273K(736256K), 0.0042066 secs] [Times: user=0.02 sys=0.00, real=0.01 secs] 
2057.244: [GC (Allocation Failure) [PSYoungGen: 56672K->1376K(57344K)] 424569K->369273K(736256K), 0.0042655 secs] [Times: user=0.01 sys=0.00, real=0.00 secs] 
2058.683: [GC (Allocation Failure) [PSYoungGen: 56672K->1392K(57344K)] 424569K->369313K(736256K), 0.0022105 secs] [Times: user=0.01 sys=0.00, real=0.00 secs] 
2059.428: [GC (Allocation Failure) [PSYoungGen: 56688K->1376K(57344K)] 424609K->369305K(736256K), 0.0021334 secs] [Times: user=0.01 sys=0.00, real=0.00 secs] 
2060.179: [GC (Allocation Failure) [PSYoungGen: 56672K->1376K(57344K)] 424601K->369305K(736256K), 0.0047773 secs] [Times: user=0.02 sys=0.00, real=0.01 secs] 
2060.926: [GC (Allocation Failure) [PSYoungGen: 56672K->1344K(57344K)] 424601K->369273K(736256K), 0.0040437 secs] [Times: user=0.02 sys=0.00, real=0.00 secs] 
2061.533: [GC (Allocation Failure) [PSYoungGen: 56640K->1408K(57344K)] 424569K->369337K(736256K), 0.0031274 secs] [Times: user=0.01 sys=0.00, real=0.00 secs] 
2062.916: [GC (Allocation Failure) [PSYoungGen: 56704K->1408K(57344K)] 424633K->369337K(736256K), 0.0020895 secs] [Times: user=0.01 sys=0.00, real=0.00 secs] 
2063.774: [GC (Allocation Failure) [PSYoungGen: 56704K->1360K(56832K)] 424633K->369289K(735744K), 0.0026292 secs] [Times: user=0.01 sys=0.00, real=0.00 secs] 
2064.227: [GC (Allocation Failure) [PSYoungGen: 56656K->1376K(56832K)] 424585K->369305K(735744K), 0.0025744 secs] [Times: user=0.01 sys=0.00, real=0.00 secs] 
2064.701: [GC (Allocation Failure) [PSYoungGen: 56672K->352K(56320K)] 424601K->369305K(735232K), 0.0023502 secs] [Times: user=0.01 sys=0.00, real=0.01 secs] 
2065.326: [GC (Allocation Failure) [PSYoungGen: 55648K->320K(57344K)] 424601K->369273K(736256K), 0.0024781 secs] [Times: user=0.01 sys=0.00, real=0.00 secs] 
2066.552: [GC (Allocation Failure) [PSYoungGen: 55616K->1408K(57344K)] 424569K->370361K(736256K), 0.0018030 secs] [Times: user=0.00 sys=0.00, real=0.01 secs] 
2067.181: [GC (Allocation Failure) [PSYoungGen: 56704K->1376K(57344K)] 425657K->370329K(736256K), 0.0017681 secs] [Times: user=0.01 sys=0.00, real=0.00 secs] 
2067.643: [GC (Allocation Failure) [PSYoungGen: 56672K->1408K(57344K)] 425625K->370361K(736256K), 0.0018854 secs] [Times: user=0.01 sys=0.00, real=0.00 secs] 
2068.090: [GC (Allocation Failure) [PSYoungGen: 56704K->1376K(57344K)] 425657K->370329K(736256K), 0.0018643 secs] [Times: user=0.00 sys=0.00, real=0.00 secs] 
2068.766: [GC (Allocation Failure) [PSYoungGen: 56672K->1392K(57344K)] 425625K->370345K(736256K), 0.0018720 secs] [Times: user=0.01 sys=0.00, real=0.00 secs] 
2070.099: [GC (Allocation Failure) [PSYoungGen: 56688K->1888K(57344K)] 425641K->370857K(736256K), 0.0017446 secs] [Times: user=0.00 sys=0.00, real=0.00 secs] 
2070.366: [GC (Allocation Failure) [PSYoungGen: 57184K->1344K(57344K)] 426153K->370313K(736256K), 0.0020447 secs] [Times: user=0.00 sys=0.00, real=0.00 secs] 
2070.696: [GC (Allocation Failure) [PSYoungGen: 56640K->1376K(57344K)] 425609K->370345K(736256K), 0.0020357 secs] [Times: user=0.01 sys=0.01, real=0.00 secs] 
2070.939: [GC (Allocation Failure) [PSYoungGen: 56672K->1344K(57344K)] 425641K->370313K(736256K), 0.0021221 secs] [Times: user=0.01 sys=0.00, real=0.00 secs] 
2071.169: [GC (Allocation Failure) [PSYoungGen: 56640K->1376K(57344K)] 425609K->370345K(736256K), 0.0019696 secs] [Times: user=0.01 sys=0.00, real=0.00 secs] 
2071.464: [GC (Allocation Failure) [PSYoungGen: 56669K->256K(57344K)] 425638K->369225K(736256K), 0.0020363 secs] [Times: user=0.01 sys=0.01, real=0.00 secs] 
2074.813: [GC (Allocation Failure) [PSYoungGen: 55552K->1376K(57344K)] 424521K->370345K(736256K), 0.0037783 secs] [Times: user=0.01 sys=0.00, real=0.00 secs] 
2076.012: [GC (Allocation Failure) [PSYoungGen: 56672K->1312K(57344K)] 425641K->370281K(736256K), 0.0044055 secs] [Times: user=0.02 sys=0.00, real=0.01 secs] 
2076.626: [GC (Allocation Failure) [PSYoungGen: 56608K->1312K(57344K)] 425577K->370281K(736256K), 0.0031992 secs] [Times: user=0.01 sys=0.00, real=0.00 secs] 
2076.876: [GC (Allocation Failure) [PSYoungGen: 56608K->1376K(57344K)] 425577K->370345K(736256K), 0.0021155 secs] [Times: user=0.01 sys=0.00, real=0.00 secs] 
2077.106: [GC (Allocation Failure) [PSYoungGen: 56672K->1408K(57344K)] 425641K->370377K(736256K), 0.0020651 secs] [Times: user=0.01 sys=0.00, real=0.00 secs] 
2078.261: [GC (Allocation Failure) [PSYoungGen: 56704K->1440K(57344K)] 425673K->370409K(736256K), 0.0017467 secs] [Times: user=0.01 sys=0.00, real=0.00 secs] 
2078.729: [GC (Allocation Failure) [PSYoungGen: 56736K->1408K(57344K)] 425705K->370377K(736256K), 0.0025221 secs] [Times: user=0.01 sys=0.00, real=0.00 secs] 
2079.022: [GC (Allocation Failure) [PSYoungGen: 56704K->1376K(57344K)] 425673K->370361K(736256K), 0.0021493 secs] [Times: user=0.00 sys=0.00, real=0.01 secs] 
2079.252: [GC (Allocation Failure) [PSYoungGen: 56672K->1344K(57344K)] 425657K->370329K(736256K), 0.0020642 secs] [Times: user=0.01 sys=0.00, real=0.01 secs] 
2079.485: [GC (Allocation Failure) [PSYoungGen: 56640K->1376K(57344K)] 425625K->370361K(736256K), 0.0020401 secs] [Times: user=0.01 sys=0.00, real=0.00 secs] 
2081.189: [GC (Allocation Failure) [PSYoungGen: 56672K->1376K(57344K)] 425657K->370361K(736256K), 0.0032289 secs] [Times: user=0.02 sys=0.00, real=0.00 secs] 
2081.675: [GC (Allocation Failure) [PSYoungGen: 56672K->1408K(57344K)] 425657K->370393K(736256K), 0.0029489 secs] [Times: user=0.01 sys=0.00, real=0.00 secs] 
2082.133: [GC (Allocation Failure) [PSYoungGen: 56704K->1312K(57344K)] 425689K->370297K(736256K), 0.0025146 secs] [Times: user=0.01 sys=0.00, real=0.01 secs] 
2082.667: [GC (Allocation Failure) [PSYoungGen: 56608K->1376K(57344K)] 425593K->370361K(736256K), 0.0028120 secs] [Times: user=0.02 sys=0.00, real=0.00 secs] 
2083.270: [GC (Allocation Failure) [PSYoungGen: 56672K->1408K(57344K)] 425657K->370393K(736256K), 0.0066730 secs] [Times: user=0.03 sys=0.00, real=0.01 secs] 
2084.592: [GC (Allocation Failure) [PSYoungGen: 56704K->1440K(57344K)] 425689K->370425K(736256K), 0.0016076 secs] [Times: user=0.01 sys=0.00, real=0.01 secs] 
2085.274: [GC (Allocation Failure) [PSYoungGen: 56736K->1392K(57344K)] 425721K->370377K(736256K), 0.0017833 secs] [Times: user=0.01 sys=0.00, real=0.00 secs] 
2085.725: [GC (Allocation Failure) [PSYoungGen: 56688K->1424K(57344K)] 425673K->370409K(736256K), 0.0018254 secs] [Times: user=0.01 sys=0.00, real=0.00 secs] 
2086.185: [GC (Allocation Failure) [PSYoungGen: 56720K->1392K(57344K)] 425705K->370377K(736256K), 0.0018882 secs] [Times: user=0.00 sys=0.00, real=0.00 secs] 
2086.629: [GC (Allocation Failure) [PSYoungGen: 56688K->1376K(57344K)] 425673K->370361K(736256K), 0.0019984 secs] [Times: user=0.00 sys=0.00, real=0.00 secs] 
2087.801: [GC (Allocation Failure) [PSYoungGen: 56672K->1440K(57344K)] 425657K->370441K(736256K), 0.0017374 secs] [Times: user=0.01 sys=0.00, real=0.00 secs] 
2088.030: [GC (Allocation Failure) [PSYoungGen: 56736K->1376K(57344K)] 425737K->370377K(736256K), 0.0017860 secs] [Times: user=0.01 sys=0.00, real=0.00 secs] 
2088.260: [GC (Allocation Failure) [PSYoungGen: 56672K->1440K(57344K)] 425673K->370441K(736256K), 0.0017579 secs] [Times: user=0.01 sys=0.00, real=0.00 secs] 
2088.536: [GC (Allocation Failure) [PSYoungGen: 56736K->1344K(57344K)] 425737K->370345K(736256K), 0.0027269 secs] [Times: user=0.02 sys=0.00, real=0.00 secs] 
2088.985: [GC (Allocation Failure) [PSYoungGen: 56640K->1376K(57344K)] 425641K->370377K(736256K), 0.0023374 secs] [Times: user=0.01 sys=0.00, real=0.00 secs] 
2090.170: [GC (Allocation Failure) [PSYoungGen: 56672K->1408K(57344K)] 425673K->370409K(736256K), 0.0019316 secs] [Times: user=0.01 sys=0.00, real=0.00 secs] 
2090.662: [GC (Allocation Failure) [PSYoungGen: 56704K->1312K(56832K)] 425705K->370313K(735744K), 0.0049257 secs] [Times: user=0.02 sys=0.00, real=0.01 secs] 
2091.316: [GC (Allocation Failure) [PSYoungGen: 56608K->1360K(56832K)] 425609K->370361K(735744K), 0.0035409 secs] [Times: user=0.01 sys=0.00, real=0.00 secs] 
2091.917: [GC (Allocation Failure) [PSYoungGen: 56656K->1360K(56832K)] 425657K->370361K(735744K), 0.0033109 secs] [Times: user=0.01 sys=0.00, real=0.00 secs] 
2092.439: [GC (Allocation Failure) [PSYoungGen: 56656K->1408K(56832K)] 425657K->370409K(735744K), 0.0026287 secs] [Times: user=0.01 sys=0.00, real=0.00 secs] 
2093.759: [GC (Allocation Failure) [PSYoungGen: 56704K->1408K(56832K)] 425705K->370417K(735744K), 0.0019992 secs] [Times: user=0.01 sys=0.00, real=0.00 secs] 
2094.322: [GC (Allocation Failure) [PSYoungGen: 56704K->1328K(56832K)] 425713K->370337K(735744K), 0.0021974 secs] [Times: user=0.01 sys=0.00, real=0.01 secs] 
2094.825: [GC (Allocation Failure) [PSYoungGen: 56624K->1344K(56832K)] 425633K->370353K(735744K), 0.0024961 secs] [Times: user=0.01 sys=0.00, real=0.00 secs] 
2095.402: [GC (Allocation Failure) [PSYoungGen: 56640K->1376K(56832K)] 425649K->370385K(735744K), 0.0028086 secs] [Times: user=0.01 sys=0.00, real=0.01 secs] 
2095.956: [GC (Allocation Failure) [PSYoungGen: 56672K->1360K(56832K)] 425681K->370369K(735744K), 0.0029384 secs] [Times: user=0.01 sys=0.00, real=0.00 secs] 
2097.218: [GC (Allocation Failure) [PSYoungGen: 56656K->1408K(56832K)] 425665K->370425K(735744K), 0.0019727 secs] [Times: user=0.01 sys=0.00, real=0.00 secs] 
2097.729: [GC (Allocation Failure) [PSYoungGen: 56704K->1408K(56832K)] 425721K->370433K(735744K), 0.0042145 secs] [Times: user=0.01 sys=0.00, real=0.01 secs] 
2098.246: [GC (Allocation Failure) [PSYoungGen: 56704K->1408K(56832K)] 425729K->370449K(735744K), 0.0027951 secs] [Times: user=0.01 sys=0.00, real=0.00 secs] 
2098.472: [GC (Allocation Failure) [PSYoungGen: 56704K->1376K(56832K)] 425745K->370417K(735744K), 0.0020323 secs] [Times: user=0.01 sys=0.00, real=0.01 secs] 
2098.702: [GC (Allocation Failure) [PSYoungGen: 56672K->1344K(56832K)] 425713K->370385K(735744K), 0.0020143 secs] [Times: user=0.01 sys=0.00, real=0.01 secs] 
2100.669: [GC (Allocation Failure) [PSYoungGen: 56640K->1504K(56832K)] 425681K->370649K(735744K), 0.0043720 secs] [Times: user=0.02 sys=0.00, real=0.01 secs] 
2102.710: [GC (Allocation Failure) [PSYoungGen: 56800K->1280K(57344K)] 425945K->370425K(736256K), 0.0043123 secs] [Times: user=0.02 sys=0.00, real=0.01 secs] 
2102.962: [GC (Allocation Failure) [PSYoungGen: 56576K->1280K(57344K)] 425721K->370425K(736256K), 0.0020713 secs] [Times: user=0.01 sys=0.00, real=0.01 secs] 
2103.336: [GC (Allocation Failure) [PSYoungGen: 56576K->1280K(57344K)] 425721K->370425K(736256K), 0.0020740 secs] [Times: user=0.01 sys=0.00, real=0.00 secs] 
2103.778: [GC (Allocation Failure) [PSYoungGen: 56576K->1312K(57344K)] 425721K->370457K(736256K), 0.0035011 secs] [Times: user=0.01 sys=0.00, real=0.00 secs] 
2104.243: [GC (Allocation Failure) [PSYoungGen: 56603K->256K(57344K)] 425748K->369409K(736256K), 0.0028175 secs] [Times: user=0.01 sys=0.00, real=0.01 secs] 
2105.617: [GC (Allocation Failure) [PSYoungGen: 55552K->1408K(57344K)] 424705K->370561K(736256K), 0.0022379 secs] [Times: user=0.01 sys=0.00, real=0.00 secs] 
2106.040: [GC (Allocation Failure) [PSYoungGen: 56704K->1360K(57344K)] 425857K->370513K(736256K), 0.0040725 secs] [Times: user=0.01 sys=0.00, real=0.01 secs] 
2106.608: [GC (Allocation Failure) [PSYoungGen: 56656K->1408K(57344K)] 425809K->370561K(736256K), 0.0039593 secs] [Times: user=0.02 sys=0.00, real=0.00 secs] 
2107.261: [GC (Allocation Failure) [PSYoungGen: 56704K->1376K(57344K)] 425857K->370529K(736256K), 0.0039728 secs] [Times: user=0.02 sys=0.00, real=0.01 secs] 
2107.968: [GC (Allocation Failure) [PSYoungGen: 56672K->1424K(57344K)] 425825K->370585K(736256K), 0.0042528 secs] [Times: user=0.01 sys=0.00, real=0.00 secs] 
2109.516: [GC (Allocation Failure) [PSYoungGen: 56720K->1440K(57344K)] 425881K->370601K(736256K), 0.0023115 secs] [Times: user=0.01 sys=0.00, real=0.00 secs] 
2110.023: [GC (Allocation Failure) [PSYoungGen: 56736K->1392K(57344K)] 425897K->370561K(736256K), 0.0042514 secs] [Times: user=0.01 sys=0.00, real=0.00 secs] 
2110.548: [GC (Allocation Failure) [PSYoungGen: 56688K->1376K(57344K)] 425857K->370545K(736256K), 0.0026412 secs] [Times: user=0.01 sys=0.00, real=0.00 secs] 
2110.937: [GC (Allocation Failure) [PSYoungGen: 56672K->1440K(57344K)] 425841K->370609K(736256K), 0.0021019 secs] [Times: user=0.01 sys=0.00, real=0.00 secs] 
2111.186: [GC (Allocation Failure) [PSYoungGen: 56736K->1408K(57344K)] 425905K->370585K(736256K), 0.0020892 secs] [Times: user=0.00 sys=0.00, real=0.00 secs] 
2112.113: [GC (Allocation Failure) [PSYoungGen: 56704K->1376K(57344K)] 425881K->370553K(736256K), 0.0016851 secs] [Times: user=0.01 sys=0.00, real=0.01 secs] 
2112.381: [GC (Allocation Failure) [PSYoungGen: 56672K->1360K(57344K)] 425849K->370537K(736256K), 0.0018268 secs] [Times: user=0.01 sys=0.00, real=0.00 secs] 
2112.610: [GC (Allocation Failure) [PSYoungGen: 56656K->1408K(57344K)] 425833K->370585K(736256K), 0.0016569 secs] [Times: user=0.01 sys=0.00, real=0.00 secs] 
2112.839: [GC (Allocation Failure) [PSYoungGen: 56704K->1408K(57344K)] 425881K->370585K(736256K), 0.0017967 secs] [Times: user=0.01 sys=0.00, real=0.00 secs] 
2113.087: [GC (Allocation Failure) [PSYoungGen: 56704K->1408K(57344K)] 425881K->370585K(736256K), 0.0018434 secs] [Times: user=0.01 sys=0.00, real=0.00 secs] 
2114.489: [GC (Allocation Failure) [PSYoungGen: 56704K->1440K(57344K)] 425881K->370617K(736256K), 0.0018261 secs] [Times: user=0.01 sys=0.00, real=0.00 secs] 
2114.719: [GC (Allocation Failure) [PSYoungGen: 56736K->1376K(57344K)] 425913K->370553K(736256K), 0.0020245 secs] [Times: user=0.01 sys=0.00, real=0.00 secs] 
2115.097: [GC (Allocation Failure) [PSYoungGen: 56672K->1408K(57344K)] 425849K->370585K(736256K), 0.0021003 secs] [Times: user=0.01 sys=0.00, real=0.00 secs] 
2115.502: [GC (Allocation Failure) [PSYoungGen: 56704K->1424K(57344K)] 425881K->370601K(736256K), 0.0020916 secs] [Times: user=0.01 sys=0.00, real=0.01 secs] 
2115.897: [GC (Allocation Failure) [PSYoungGen: 56720K->1376K(57344K)] 425897K->370553K(736256K), 0.0032781 secs] [Times: user=0.01 sys=0.00, real=0.00 secs] 
2117.052: [GC (Allocation Failure) [PSYoungGen: 56672K->1408K(57344K)] 425849K->370609K(736256K), 0.0023148 secs] [Times: user=0.01 sys=0.00, real=0.01 secs] 
2117.300: [GC (Allocation Failure) [PSYoungGen: 56704K->1376K(56832K)] 425905K->370577K(735744K), 0.0022309 secs] [Times: user=0.01 sys=0.00, real=0.00 secs] 
2117.537: [GC (Allocation Failure) [PSYoungGen: 56672K->1344K(56832K)] 425873K->370545K(735744K), 0.0019684 secs] [Times: user=0.00 sys=0.00, real=0.00 secs] 
2117.767: [GC (Allocation Failure) [PSYoungGen: 56640K->368K(56320K)] 425841K->370593K(735232K), 0.0019976 secs] [Times: user=0.01 sys=0.00, real=0.00 secs] 
2118.010: [GC (Allocation Failure) [PSYoungGen: 55664K->336K(57344K)] 425889K->370561K(736256K), 0.0019856 secs] [Times: user=0.01 sys=0.00, real=0.00 secs] 
2119.510: [GC (Allocation Failure) [PSYoungGen: 55632K->1376K(57344K)] 425857K->371601K(736256K), 0.0028253 secs] [Times: user=0.01 sys=0.00, real=0.00 secs] 
2120.312: [GC (Allocation Failure) [PSYoungGen: 56672K->1376K(57344K)] 426897K->371601K(736256K), 0.0032684 secs] [Times: user=0.01 sys=0.00, real=0.01 secs] 
2120.701: [GC (Allocation Failure) [PSYoungGen: 56672K->1344K(57344K)] 426897K->371569K(736256K), 0.0022689 secs] [Times: user=0.01 sys=0.00, real=0.01 secs] 
2121.145: [GC (Allocation Failure) [PSYoungGen: 56640K->1360K(57344K)] 426865K->371585K(736256K), 0.0023572 secs] [Times: user=0.01 sys=0.00, real=0.00 secs] 
2121.567: [GC (Allocation Failure) [PSYoungGen: 56656K->1344K(57344K)] 426881K->371569K(736256K), 0.0023630 secs] [Times: user=0.01 sys=0.00, real=0.00 secs] 
2123.175: [GC (Allocation Failure) [PSYoungGen: 56640K->1376K(57344K)] 426865K->371601K(736256K), 0.0031762 secs] [Times: user=0.01 sys=0.00, real=0.00 secs] 
2123.951: [GC (Allocation Failure) [PSYoungGen: 56672K->1408K(57344K)] 426897K->371633K(736256K), 0.0036873 secs] [Times: user=0.01 sys=0.00, real=0.01 secs] 
2124.224: [GC (Allocation Failure) [PSYoungGen: 56704K->1376K(57344K)] 426929K->371601K(736256K), 0.0025401 secs] [Times: user=0.01 sys=0.00, real=0.00 secs] 
2124.494: [GC (Allocation Failure) [PSYoungGen: 56672K->1408K(57344K)] 426897K->371633K(736256K), 0.0019868 secs] [Times: user=0.00 sys=0.00, real=0.00 secs] 
2124.836: [GC (Allocation Failure) [PSYoungGen: 56704K->1344K(57344K)] 426929K->371569K(736256K), 0.0028074 secs] [Times: user=0.01 sys=0.00, real=0.00 secs] 
2126.062: [GC (Allocation Failure) [PSYoungGen: 56640K->1408K(57344K)] 426865K->371641K(736256K), 0.0018913 secs] [Times: user=0.01 sys=0.00, real=0.01 secs] 
2126.390: [GC (Allocation Failure) [PSYoungGen: 56704K->1376K(57344K)] 426937K->371609K(736256K), 0.0017609 secs] [Times: user=0.01 sys=0.01, real=0.00 secs] 
2126.620: [GC (Allocation Failure) [PSYoungGen: 56672K->1376K(57344K)] 426905K->371609K(736256K), 0.0018172 secs] [Times: user=0.01 sys=0.00, real=0.00 secs] 
2126.864: [GC (Allocation Failure) [PSYoungGen: 56672K->1376K(57344K)] 426905K->371609K(736256K), 0.0027880 secs] [Times: user=0.01 sys=0.00, real=0.00 secs] 
2127.282: [GC (Allocation Failure) [PSYoungGen: 56672K->1376K(57344K)] 426905K->371609K(736256K), 0.0032621 secs] [Times: user=0.01 sys=0.00, real=0.01 secs] 
2128.669: [GC (Allocation Failure) [PSYoungGen: 56672K->1936K(57344K)] 426905K->372185K(736256K), 0.0023995 secs] [Times: user=0.01 sys=0.00, real=0.00 secs] 
2129.399: [GC (Allocation Failure) [PSYoungGen: 57232K->1344K(57344K)] 427481K->371593K(736256K), 0.0027925 secs] [Times: user=0.01 sys=0.00, real=0.00 secs] 
2130.037: [GC (Allocation Failure) [PSYoungGen: 56640K->1312K(57344K)] 426889K->371561K(736256K), 0.0031938 secs] [Times: user=0.01 sys=0.00, real=0.00 secs] 
2130.454: [GC (Allocation Failure) [PSYoungGen: 56608K->1408K(57344K)] 426857K->371657K(736256K), 0.0025245 secs] [Times: user=0.01 sys=0.00, real=0.00 secs] 
2130.877: [GC (Allocation Failure) [PSYoungGen: 56704K->1344K(57344K)] 426953K->371593K(736256K), 0.0025591 secs] [Times: user=0.01 sys=0.00, real=0.00 secs] 
2132.061: [GC (Allocation Failure) [PSYoungGen: 56596K->224K(57344K)] 426845K->370473K(736256K), 0.0013886 secs] [Times: user=0.01 sys=0.00, real=0.00 secs] 
2132.805: [GC (Allocation Failure) [PSYoungGen: 55520K->1344K(57344K)] 425769K->371593K(736256K), 0.0022442 secs] [Times: user=0.01 sys=0.00, real=0.00 secs] 
2133.718: [GC (Allocation Failure) [PSYoungGen: 56640K->1328K(57344K)] 426889K->371577K(736256K), 0.0031298 secs] [Times: user=0.01 sys=0.00, real=0.00 secs] 
2134.511: [GC (Allocation Failure) [PSYoungGen: 56624K->1376K(57344K)] 426873K->371625K(736256K), 0.0030547 secs] [Times: user=0.01 sys=0.00, real=0.01 secs] 
2135.202: [GC (Allocation Failure) [PSYoungGen: 56672K->1344K(57344K)] 426921K->371593K(736256K), 0.0042867 secs] [Times: user=0.01 sys=0.00, real=0.01 secs] 
2136.027: [GC (Allocation Failure) [PSYoungGen: 56640K->1376K(57344K)] 426889K->371625K(736256K), 0.0039405 secs] [Times: user=0.02 sys=0.00, real=0.00 secs] 
2137.144: [GC (Allocation Failure) [PSYoungGen: 56672K->1408K(57344K)] 426921K->371657K(736256K), 0.0019093 secs] [Times: user=0.01 sys=0.00, real=0.00 secs] 
2137.426: [GC (Allocation Failure) [PSYoungGen: 56704K->1344K(57344K)] 426953K->371593K(736256K), 0.0018780 secs] [Times: user=0.01 sys=0.00, real=0.00 secs] 
2137.663: [GC (Allocation Failure) [PSYoungGen: 56640K->1392K(57344K)] 426889K->371641K(736256K), 0.0021306 secs] [Times: user=0.01 sys=0.00, real=0.00 secs] 
2137.955: [GC (Allocation Failure) [PSYoungGen: 56688K->1376K(57344K)] 426937K->371625K(736256K), 0.0026961 secs] [Times: user=0.01 sys=0.00, real=0.00 secs] 
2138.273: [GC (Allocation Failure) [PSYoungGen: 56672K->1344K(57344K)] 426921K->371601K(736256K), 0.0024520 secs] [Times: user=0.01 sys=0.00, real=0.00 secs] 
2139.784: [GC (Allocation Failure) [PSYoungGen: 56640K->1408K(57344K)] 426897K->371665K(736256K), 0.0019604 secs] [Times: user=0.01 sys=0.00, real=0.00 secs] 
2140.334: [GC (Allocation Failure) [PSYoungGen: 56704K->1376K(57344K)] 426961K->371633K(736256K), 0.0028060 secs] [Times: user=0.01 sys=0.00, real=0.00 secs] 
2140.802: [GC (Allocation Failure) [PSYoungGen: 56672K->1376K(57344K)] 426929K->371633K(736256K), 0.0029095 secs] [Times: user=0.01 sys=0.00, real=0.01 secs] 
2141.324: [GC (Allocation Failure) [PSYoungGen: 56672K->1312K(57344K)] 426929K->371569K(736256K), 0.0025032 secs] [Times: user=0.01 sys=0.00, real=0.00 secs] 
2142.034: [GC (Allocation Failure) [PSYoungGen: 56608K->1376K(57344K)] 426865K->371633K(736256K), 0.0030514 secs] [Times: user=0.01 sys=0.00, real=0.00 secs] 
2143.473: [GC (Allocation Failure) [PSYoungGen: 56672K->1376K(57344K)] 426929K->371633K(736256K), 0.0020580 secs] [Times: user=0.01 sys=0.00, real=0.01 secs] 
2144.219: [GC (Allocation Failure) [PSYoungGen: 56672K->1376K(57344K)] 426929K->371633K(736256K), 0.0033477 secs] [Times: user=0.01 sys=0.00, real=0.00 secs] 
2144.782: [GC (Allocation Failure) [PSYoungGen: 56672K->1312K(57344K)] 426929K->371569K(736256K), 0.0034798 secs] [Times: user=0.01 sys=0.00, real=0.01 secs] 
2145.224: [GC (Allocation Failure) [PSYoungGen: 56608K->1312K(56832K)] 426865K->371569K(735744K), 0.0028693 secs] [Times: user=0.01 sys=0.00, real=0.00 secs] 
2145.667: [GC (Allocation Failure) [PSYoungGen: 56608K->1344K(56832K)] 426865K->371601K(735744K), 0.0025989 secs] [Times: user=0.01 sys=0.00, real=0.00 secs] 
2147.300: [GC (Allocation Failure) [PSYoungGen: 56640K->1344K(56832K)] 426897K->371601K(735744K), 0.0032724 secs] [Times: user=0.01 sys=0.00, real=0.01 secs] 
2147.920: [GC (Allocation Failure) [PSYoungGen: 56640K->1312K(56832K)] 426897K->371569K(735744K), 0.0029475 secs] [Times: user=0.02 sys=0.00, real=0.01 secs] 
2148.361: [GC (Allocation Failure) [PSYoungGen: 56608K->1376K(56832K)] 426865K->371633K(735744K), 0.0029060 secs] [Times: user=0.01 sys=0.01, real=0.01 secs] 
2148.824: [GC (Allocation Failure) [PSYoungGen: 56672K->1344K(56832K)] 426929K->371601K(735744K), 0.0029868 secs] [Times: user=0.01 sys=0.00, real=0.00 secs] 
2149.255: [GC (Allocation Failure) [PSYoungGen: 56640K->1344K(56832K)] 426897K->371617K(735744K), 0.0026634 secs] [Times: user=0.01 sys=0.00, real=0.00 secs] 
2150.320: [GC (Allocation Failure) [PSYoungGen: 56640K->1408K(56832K)] 426913K->371681K(735744K), 0.0018540 secs] [Times: user=0.00 sys=0.00, real=0.00 secs] 
2150.550: [GC (Allocation Failure) [PSYoungGen: 56704K->1328K(56832K)] 426977K->371601K(735744K), 0.0017649 secs] [Times: user=0.01 sys=0.00, real=0.00 secs] 
2150.780: [GC (Allocation Failure) [PSYoungGen: 56624K->1360K(56832K)] 426897K->371633K(735744K), 0.0016904 secs] [Times: user=0.00 sys=0.00, real=0.00 secs] 
2151.009: [GC (Allocation Failure) [PSYoungGen: 56656K->1408K(56832K)] 426929K->371681K(735744K), 0.0020150 secs] [Times: user=0.01 sys=0.00, real=0.00 secs] 
2151.240: [GC (Allocation Failure) [PSYoungGen: 56704K->1408K(56832K)] 426977K->371681K(735744K), 0.0024451 secs] [Times: user=0.01 sys=0.00, real=0.00 secs] 
2152.469: [GC (Allocation Failure) [PSYoungGen: 56704K->1360K(56832K)] 426977K->371633K(735744K), 0.0024016 secs] [Times: user=0.01 sys=0.00, real=0.00 secs] 
2153.148: [GC (Allocation Failure) [PSYoungGen: 56656K->1344K(56832K)] 426929K->371617K(735744K), 0.0041139 secs] [Times: user=0.02 sys=0.00, real=0.00 secs] 
2153.456: [GC (Allocation Failure) [PSYoungGen: 56640K->1376K(56832K)] 426913K->371649K(735744K), 0.0020842 secs] [Times: user=0.01 sys=0.00, real=0.00 secs] 
2153.686: [GC (Allocation Failure) [PSYoungGen: 56672K->1344K(56832K)] 426945K->371617K(735744K), 0.0019776 secs] [Times: user=0.01 sys=0.00, real=0.00 secs] 
2153.916: [GC (Allocation Failure) [PSYoungGen: 56640K->1328K(56832K)] 426913K->371601K(735744K), 0.0020799 secs] [Times: user=0.01 sys=0.00, real=0.00 secs] 
2155.492: [GC (Allocation Failure) [PSYoungGen: 56624K->1392K(56832K)] 426897K->371665K(735744K), 0.0038197 secs] [Times: user=0.02 sys=0.00, real=0.01 secs] 
2156.260: [GC (Allocation Failure) [PSYoungGen: 56688K->1376K(56832K)] 426961K->371649K(735744K), 0.0034019 secs] [Times: user=0.01 sys=0.00, real=0.01 secs] 
2156.655: [GC (Allocation Failure) [PSYoungGen: 56672K->1376K(56832K)] 426945K->371673K(735744K), 0.0021031 secs] [Times: user=0.00 sys=0.00, real=0.00 secs] 
2156.885: [GC (Allocation Failure) [PSYoungGen: 56672K->1344K(56832K)] 426969K->371641K(735744K), 0.0020258 secs] [Times: user=0.01 sys=0.00, real=0.00 secs] 
2157.115: [GC (Allocation Failure) [PSYoungGen: 56640K->1408K(56832K)] 426937K->371705K(735744K), 0.0019279 secs] [Times: user=0.01 sys=0.00, real=0.00 secs] 
2158.135: [GC (Allocation Failure) [PSYoungGen: 56704K->928K(56832K)] 427001K->372249K(735744K), 0.0016162 secs] [Times: user=0.01 sys=0.00, real=0.00 secs] 
2158.460: [GC (Allocation Failure) [PSYoungGen: 56224K->320K(56320K)] 427545K->371641K(735232K), 0.0018713 secs] [Times: user=0.01 sys=0.00, real=0.00 secs] 
2158.720: [GC (Allocation Failure) [PSYoungGen: 55104K->320K(56832K)] 426425K->371641K(735744K), 0.0017735 secs] [Times: user=0.00 sys=0.00, real=0.00 secs] 
2158.947: [GC (Allocation Failure) [PSYoungGen: 55104K->320K(56832K)] 426425K->371641K(735744K), 0.0017833 secs] [Times: user=0.01 sys=0.00, real=0.00 secs] 
2159.198: [GC (Allocation Failure) [PSYoungGen: 55104K->384K(56832K)] 426425K->371705K(735744K), 0.0018437 secs] [Times: user=0.01 sys=0.00, real=0.00 secs] 
2160.234: [GC (Allocation Failure) [PSYoungGen: 55168K->1440K(56832K)] 426489K->372761K(735744K), 0.0015061 secs] [Times: user=0.01 sys=0.01, real=0.00 secs] 
2160.536: [GC (Allocation Failure) [PSYoungGen: 56224K->1376K(56832K)] 427545K->372697K(735744K), 0.0017096 secs] [Times: user=0.01 sys=0.00, real=0.00 secs] 
2160.845: [GC (Allocation Failure) [PSYoungGen: 56160K->1376K(56832K)] 427481K->372697K(735744K), 0.0018840 secs] [Times: user=0.01 sys=0.00, real=0.00 secs] 
2161.087: [GC (Allocation Failure) [PSYoungGen: 56160K->1376K(56832K)] 427481K->372697K(735744K), 0.0023014 secs] [Times: user=0.01 sys=0.00, real=0.00 secs] 
2161.352: [GC (Allocation Failure) [PSYoungGen: 56160K->1376K(56832K)] 427481K->372697K(735744K), 0.0025336 secs] [Times: user=0.01 sys=0.00, real=0.01 secs] 
2161.580: [GC (Allocation Failure) [PSYoungGen: 56160K->1344K(56832K)] 427481K->372665K(735744K), 0.0021287 secs] [Times: user=0.01 sys=0.00, real=0.00 secs] 
2162.542: [GC (Allocation Failure) [PSYoungGen: 56128K->1440K(56832K)] 427449K->372761K(735744K), 0.0016277 secs] [Times: user=0.01 sys=0.00, real=0.01 secs] 
2162.769: [GC (Allocation Failure) [PSYoungGen: 56224K->1408K(56832K)] 427545K->372729K(735744K), 0.0017416 secs] [Times: user=0.01 sys=0.00, real=0.00 secs] 
2162.996: [GC (Allocation Failure) [PSYoungGen: 56192K->1424K(56832K)] 427513K->372745K(735744K), 0.0015890 secs] [Times: user=0.00 sys=0.00, real=0.00 secs] 
2163.223: [GC (Allocation Failure) [PSYoungGen: 56208K->1408K(56832K)] 427529K->372729K(735744K), 0.0024980 secs] [Times: user=0.01 sys=0.00, real=0.00 secs] 
2163.477: [GC (Allocation Failure) [PSYoungGen: 56192K->1360K(56832K)] 427513K->372713K(735744K), 0.0020685 secs] [Times: user=0.01 sys=0.00, real=0.00 secs] 
2164.617: [GC (Allocation Failure) [PSYoungGen: 56144K->1440K(56832K)] 427497K->372793K(735744K), 0.0021189 secs] [Times: user=0.01 sys=0.00, real=0.00 secs] 
2164.889: [GC (Allocation Failure) [PSYoungGen: 56224K->1376K(56832K)] 427577K->372729K(735744K), 0.0020501 secs] [Times: user=0.01 sys=0.00, real=0.00 secs] 
2165.329: [GC (Allocation Failure) [PSYoungGen: 56160K->1376K(56832K)] 427513K->372729K(735744K), 0.0040869 secs] [Times: user=0.02 sys=0.00, real=0.01 secs] 
2165.834: [GC (Allocation Failure) [PSYoungGen: 56160K->1344K(56832K)] 427513K->372697K(735744K), 0.0028758 secs] [Times: user=0.01 sys=0.00, real=0.00 secs] 
2166.340: [GC (Allocation Failure) [PSYoungGen: 56128K->1344K(56832K)] 427481K->372697K(735744K), 0.0041552 secs] [Times: user=0.02 sys=0.00, real=0.01 secs] 
2168.655: [GC (Allocation Failure) [PSYoungGen: 56128K->1440K(56832K)] 427481K->372793K(735744K), 0.0042242 secs] [Times: user=0.02 sys=0.00, real=0.00 secs] 
2169.322: [GC (Allocation Failure) [PSYoungGen: 56224K->1376K(56832K)] 427577K->372729K(735744K), 0.0038500 secs] [Times: user=0.02 sys=0.00, real=0.01 secs] 
2169.755: [GC (Allocation Failure) [PSYoungGen: 56160K->1376K(56832K)] 427513K->372729K(735744K), 0.0025781 secs] [Times: user=0.01 sys=0.00, real=0.00 secs] 
2169.994: [GC (Allocation Failure) [PSYoungGen: 56160K->1392K(56832K)] 427513K->372745K(735744K), 0.0020826 secs] [Times: user=0.01 sys=0.00, real=0.00 secs] 
2170.222: [GC (Allocation Failure) [PSYoungGen: 56176K->1376K(56832K)] 427529K->372729K(735744K), 0.0028722 secs] [Times: user=0.02 sys=0.00, real=0.01 secs] 
2171.769: [GC (Allocation Failure) [PSYoungGen: 56160K->1376K(56832K)] 427513K->372729K(735744K), 0.0027191 secs] [Times: user=0.01 sys=0.00, real=0.00 secs] 
2172.462: [GC (Allocation Failure) [PSYoungGen: 56160K->1376K(56832K)] 427513K->372729K(735744K), 0.0044157 secs] [Times: user=0.02 sys=0.00, real=0.01 secs] 
2173.174: [GC (Allocation Failure) [PSYoungGen: 56160K->1376K(56832K)] 427513K->372729K(735744K), 0.0039319 secs] [Times: user=0.01 sys=0.00, real=0.00 secs] 
2173.572: [GC (Allocation Failure) [PSYoungGen: 56160K->1344K(56832K)] 427513K->372697K(735744K), 0.0024148 secs] [Times: user=0.01 sys=0.00, real=0.01 secs] 
2173.984: [GC (Allocation Failure) [PSYoungGen: 56128K->1376K(56832K)] 427481K->372729K(735744K), 0.0023249 secs] [Times: user=0.01 sys=0.00, real=0.00 secs] 
2176.074: [GC (Allocation Failure) [PSYoungGen: 56160K->1376K(56832K)] 427513K->372745K(735744K), 0.0041348 secs] [Times: user=0.02 sys=0.00, real=0.00 secs] 
2176.571: [GC (Allocation Failure) [PSYoungGen: 56160K->1376K(56832K)] 427529K->372745K(735744K), 0.0023600 secs] [Times: user=0.01 sys=0.00, real=0.01 secs] 
2176.792: [GC (Allocation Failure) [PSYoungGen: 56160K->1408K(56832K)] 427529K->372777K(735744K), 0.0019683 secs] [Times: user=0.01 sys=0.00, real=0.01 secs] 
2177.019: [GC (Allocation Failure) [PSYoungGen: 56192K->1344K(56832K)] 427561K->372713K(735744K), 0.0019097 secs] [Times: user=0.01 sys=0.00, real=0.00 secs] 
2177.345: [GC (Allocation Failure) [PSYoungGen: 56128K->1408K(56832K)] 427497K->372777K(735744K), 0.0020594 secs] [Times: user=0.01 sys=0.00, real=0.00 secs] 
2178.546: [GC (Allocation Failure) [PSYoungGen: 56192K->1952K(56832K)] 427561K->373329K(735744K), 0.0018109 secs] [Times: user=0.01 sys=0.00, real=0.00 secs] 
2179.355: [GC (Allocation Failure) [PSYoungGen: 56736K->1376K(56832K)] 428113K->372769K(735744K), 0.0041817 secs] [Times: user=0.02 sys=0.00, real=0.00 secs] 
2179.752: [GC (Allocation Failure) [PSYoungGen: 56160K->1376K(56832K)] 427553K->372769K(735744K), 0.0028846 secs] [Times: user=0.02 sys=0.00, real=0.01 secs] 
2180.152: [GC (Allocation Failure) [PSYoungGen: 56160K->1344K(56832K)] 427553K->372737K(735744K), 0.0024182 secs] [Times: user=0.01 sys=0.00, real=0.01 secs] 
2180.586: [GC (Allocation Failure) [PSYoungGen: 56128K->1328K(56832K)] 427521K->372721K(735744K), 0.0025679 secs] [Times: user=0.01 sys=0.00, real=0.00 secs] 
2181.058: [GC (Allocation Failure) [PSYoungGen: 56112K->1376K(56832K)] 427505K->372769K(735744K), 0.0024345 secs] [Times: user=0.01 sys=0.00, real=0.00 secs] 
2182.520: [GC (Allocation Failure) [PSYoungGen: 56160K->1440K(56832K)] 427553K->372833K(735744K), 0.0019305 secs] [Times: user=0.01 sys=0.00, real=0.00 secs] 
2183.051: [GC (Allocation Failure) [PSYoungGen: 56224K->1328K(56832K)] 427617K->372721K(735744K), 0.0025231 secs] [Times: user=0.01 sys=0.00, real=0.01 secs] 
2183.744: [GC (Allocation Failure) [PSYoungGen: 56112K->1360K(56832K)] 427505K->372753K(735744K), 0.0027338 secs] [Times: user=0.01 sys=0.00, real=0.00 secs] 
2184.416: [GC (Allocation Failure) [PSYoungGen: 56144K->1408K(56832K)] 427537K->372801K(735744K), 0.0027801 secs] [Times: user=0.02 sys=0.00, real=0.00 secs] 
2185.072: [GC (Allocation Failure) [PSYoungGen: 56192K->1344K(56832K)] 427585K->372737K(735744K), 0.0027027 secs] [Times: user=0.01 sys=0.01, real=0.01 secs] 
2186.114: [GC (Allocation Failure) [PSYoungGen: 56128K->1408K(56832K)] 427521K->372801K(735744K), 0.0016502 secs] [Times: user=0.01 sys=0.00, real=0.00 secs] 
2186.342: [GC (Allocation Failure) [PSYoungGen: 56192K->1392K(56832K)] 427585K->372785K(735744K), 0.0015993 secs] [Times: user=0.00 sys=0.00, real=0.01 secs] 
2186.569: [GC (Allocation Failure) [PSYoungGen: 56176K->1376K(56832K)] 427569K->372769K(735744K), 0.0020377 secs] [Times: user=0.01 sys=0.00, real=0.00 secs] 
2186.830: [GC (Allocation Failure) [PSYoungGen: 56160K->1408K(56320K)] 427553K->372801K(735232K), 0.0021680 secs] [Times: user=0.01 sys=0.00, real=0.00 secs] 
2187.186: [GC (Allocation Failure) [PSYoungGen: 56192K->1376K(56320K)] 427585K->372793K(735232K), 0.0021465 secs] [Times: user=0.01 sys=0.00, real=0.00 secs] 
2188.423: [GC (Allocation Failure) [PSYoungGen: 56160K->1408K(56320K)] 427577K->372825K(735232K), 0.0019736 secs] [Times: user=0.00 sys=0.00, real=0.00 secs] 
2188.652: [GC (Allocation Failure) [PSYoungGen: 56192K->1408K(56320K)] 427609K->372825K(735232K), 0.0019099 secs] [Times: user=0.00 sys=0.00, real=0.01 secs] 
2188.962: [GC (Allocation Failure) [PSYoungGen: 56192K->1376K(56320K)] 427609K->372793K(735232K), 0.0020840 secs] [Times: user=0.01 sys=0.00, real=0.01 secs] 
2189.506: [GC (Allocation Failure) [PSYoungGen: 56160K->1408K(56320K)] 427577K->372825K(735232K), 0.0022741 secs] [Times: user=0.01 sys=0.00, real=0.00 secs] 
2190.031: [GC (Allocation Failure) [PSYoungGen: 56192K->1408K(56320K)] 427609K->372825K(735232K), 0.0022943 secs] [Times: user=0.01 sys=0.00, real=0.01 secs] 
2191.496: [GC (Allocation Failure) [PSYoungGen: 56192K->1408K(56320K)] 427609K->372825K(735232K), 0.0020516 secs] [Times: user=0.01 sys=0.00, real=0.00 secs] 
2192.258: [GC (Allocation Failure) [PSYoungGen: 56192K->1376K(56320K)] 427609K->372793K(735232K), 0.0041762 secs] [Times: user=0.02 sys=0.01, real=0.00 secs] 
2192.873: [GC (Allocation Failure) [PSYoungGen: 56160K->1376K(56320K)] 427577K->372793K(735232K), 0.0027971 secs] [Times: user=0.01 sys=0.00, real=0.00 secs] 
2193.289: [GC (Allocation Failure) [PSYoungGen: 56160K->1344K(56320K)] 427577K->372761K(735232K), 0.0025154 secs] [Times: user=0.01 sys=0.00, real=0.00 secs] 
2193.739: [GC (Allocation Failure) [PSYoungGen: 56128K->1408K(56320K)] 427545K->372825K(735232K), 0.0020903 secs] [Times: user=0.01 sys=0.00, real=0.00 secs] 
2194.856: [GC (Allocation Failure) [PSYoungGen: 56192K->1424K(56320K)] 427609K->372849K(735232K), 0.0018058 secs] [Times: user=0.01 sys=0.00, real=0.00 secs] 
2195.313: [GC (Allocation Failure) [PSYoungGen: 56208K->1376K(56320K)] 427633K->372801K(735232K), 0.0021529 secs] [Times: user=0.01 sys=0.00, real=0.01 secs] 
2195.752: [GC (Allocation Failure) [PSYoungGen: 56160K->1344K(56320K)] 427585K->372769K(735232K), 0.0081383 secs] [Times: user=0.03 sys=0.00, real=0.01 secs] 
2196.181: [GC (Allocation Failure) [PSYoungGen: 56128K->1360K(56320K)] 427553K->372785K(735232K), 0.0027871 secs] [Times: user=0.01 sys=0.00, real=0.01 secs] 
2196.603: [GC (Allocation Failure) [PSYoungGen: 56144K->1344K(56320K)] 427569K->372769K(735232K), 0.0032401 secs] [Times: user=0.02 sys=0.00, real=0.00 secs] 
2198.026: [GC (Allocation Failure) [PSYoungGen: 56128K->1344K(56320K)] 427553K->372785K(735232K), 0.0029297 secs] [Times: user=0.01 sys=0.00, real=0.00 secs] 
2198.955: [GC (Allocation Failure) [PSYoungGen: 56128K->1344K(56320K)] 427569K->372785K(735232K), 0.0042133 secs] [Times: user=0.02 sys=0.00, real=0.00 secs] 
2199.533: [GC (Allocation Failure) [PSYoungGen: 56128K->1312K(56320K)] 427569K->372753K(735232K), 0.0033915 secs] [Times: user=0.02 sys=0.00, real=0.00 secs] 
2199.986: [GC (Allocation Failure) [PSYoungGen: 56096K->1376K(56320K)] 427537K->372817K(735232K), 0.0032929 secs] [Times: user=0.01 sys=0.00, real=0.00 secs] 
2200.573: [GC (Allocation Failure) [PSYoungGen: 56160K->1344K(56320K)] 427601K->372785K(735232K), 0.0028686 secs] [Times: user=0.01 sys=0.00, real=0.00 secs] 
2202.012: [GC (Allocation Failure) [PSYoungGen: 56095K->160K(56320K)] 427536K->371601K(735232K), 0.0017106 secs] [Times: user=0.01 sys=0.00, real=0.01 secs] 
2202.984: [GC (Allocation Failure) [PSYoungGen: 54944K->1344K(56832K)] 426385K->372785K(735744K), 0.0041065 secs] [Times: user=0.02 sys=0.00, real=0.00 secs] 
2203.514: [GC (Allocation Failure) [PSYoungGen: 56128K->1344K(56832K)] 427569K->372785K(735744K), 0.0026092 secs] [Times: user=0.01 sys=0.00, real=0.00 secs] 
2203.992: [GC (Allocation Failure) [PSYoungGen: 56128K->1344K(56832K)] 427569K->372785K(735744K), 0.0021735 secs] [Times: user=0.01 sys=0.00, real=0.01 secs] 
2204.422: [GC (Allocation Failure) [PSYoungGen: 56128K->1344K(56832K)] 427569K->372785K(735744K), 0.0022660 secs] [Times: user=0.01 sys=0.00, real=0.01 secs] 
2204.795: [GC (Allocation Failure) [PSYoungGen: 56128K->1376K(56832K)] 427569K->372817K(735744K), 0.0040127 secs] [Times: user=0.01 sys=0.01, real=0.00 secs] 
2206.607: [GC (Allocation Failure) [PSYoungGen: 56160K->1408K(56832K)] 427601K->372849K(735744K), 0.0063967 secs] [Times: user=0.02 sys=0.00, real=0.01 secs] 
2207.581: [GC (Allocation Failure) [PSYoungGen: 56192K->1344K(56832K)] 427633K->372785K(735744K), 0.0043883 secs] [Times: user=0.02 sys=0.00, real=0.01 secs] 
2208.593: [GC (Allocation Failure) [PSYoungGen: 56128K->1344K(56832K)] 427569K->372785K(735744K), 0.0042493 secs] [Times: user=0.02 sys=0.00, real=0.01 secs] 
2209.474: [GC (Allocation Failure) [PSYoungGen: 56128K->1376K(56832K)] 427569K->372817K(735744K), 0.0040138 secs] [Times: user=0.02 sys=0.00, real=0.00 secs] 
2210.152: [GC (Allocation Failure) [PSYoungGen: 56160K->1376K(56832K)] 427601K->372817K(735744K), 0.0029449 secs] [Times: user=0.01 sys=0.00, real=0.01 secs] 
2211.407: [GC (Allocation Failure) [PSYoungGen: 56160K->1424K(56832K)] 427601K->372873K(735744K), 0.0021247 secs] [Times: user=0.01 sys=0.00, real=0.00 secs] 
2211.635: [GC (Allocation Failure) [PSYoungGen: 56208K->1376K(56832K)] 427657K->372825K(735744K), 0.0021521 secs] [Times: user=0.01 sys=0.01, real=0.00 secs] 
2211.869: [GC (Allocation Failure) [PSYoungGen: 56160K->1376K(56832K)] 427609K->372825K(735744K), 0.0020327 secs] [Times: user=0.01 sys=0.00, real=0.00 secs] 
2212.261: [GC (Allocation Failure) [PSYoungGen: 56160K->1424K(56832K)] 427609K->372873K(735744K), 0.0019520 secs] [Times: user=0.01 sys=0.00, real=0.01 secs] 
2212.634: [GC (Allocation Failure) [PSYoungGen: 56208K->1424K(56832K)] 427657K->372873K(735744K), 0.0020220 secs] [Times: user=0.01 sys=0.00, real=0.00 secs] 
2213.979: [GC (Allocation Failure) [PSYoungGen: 56208K->1376K(56832K)] 427657K->372825K(735744K), 0.0025199 secs] [Times: user=0.00 sys=0.00, real=0.00 secs] 
2214.670: [GC (Allocation Failure) [PSYoungGen: 56160K->1344K(56832K)] 427609K->372793K(735744K), 0.0024405 secs] [Times: user=0.01 sys=0.00, real=0.00 secs] 
2215.207: [GC (Allocation Failure) [PSYoungGen: 56128K->1376K(56832K)] 427577K->372825K(735744K), 0.0040792 secs] [Times: user=0.02 sys=0.00, real=0.00 secs] 
2215.761: [GC (Allocation Failure) [PSYoungGen: 56160K->1408K(56832K)] 427609K->372857K(735744K), 0.0042285 secs] [Times: user=0.01 sys=0.00, real=0.01 secs] 
2216.248: [GC (Allocation Failure) [PSYoungGen: 56192K->1328K(56320K)] 427641K->372777K(735232K), 0.0034142 secs] [Times: user=0.01 sys=0.00, real=0.00 secs] 
2217.442: [GC (Allocation Failure) [PSYoungGen: 56112K->1440K(55808K)] 427561K->372889K(734720K), 0.0018188 secs] [Times: user=0.01 sys=0.00, real=0.01 secs] 
2217.728: [GC (Allocation Failure) [PSYoungGen: 55712K->1408K(56320K)] 427161K->372857K(735232K), 0.0019793 secs] [Times: user=0.00 sys=0.00, real=0.00 secs] 
2217.996: [GC (Allocation Failure) [PSYoungGen: 55680K->1360K(55808K)] 427129K->372833K(734720K), 0.0030099 secs] [Times: user=0.02 sys=0.00, real=0.00 secs] 
2218.222: [GC (Allocation Failure) [PSYoungGen: 55632K->1344K(55808K)] 427105K->372817K(734720K), 0.0024308 secs] [Times: user=0.01 sys=0.00, real=0.01 secs] 
2218.465: [GC (Allocation Failure) [PSYoungGen: 55616K->352K(55296K)] 427089K->372849K(734208K), 0.0022745 secs] [Times: user=0.00 sys=0.00, real=0.00 secs] 
2219.491: [GC (Allocation Failure) [PSYoungGen: 54624K->1440K(56320K)] 427121K->373937K(735232K), 0.0019090 secs] [Times: user=0.01 sys=0.00, real=0.01 secs] 
2220.125: [GC (Allocation Failure) [PSYoungGen: 55712K->1376K(56320K)] 428209K->373873K(735232K), 0.0034372 secs] [Times: user=0.02 sys=0.00, real=0.00 secs] 
2220.598: [GC (Allocation Failure) [PSYoungGen: 55648K->1344K(56320K)] 428145K->373841K(735232K), 0.0028421 secs] [Times: user=0.01 sys=0.00, real=0.00 secs] 
2221.114: [GC (Allocation Failure) [PSYoungGen: 55616K->1344K(56320K)] 428113K->373841K(735232K), 0.0020387 secs] [Times: user=0.01 sys=0.00, real=0.00 secs] 
2221.627: [GC (Allocation Failure) [PSYoungGen: 55616K->1408K(56320K)] 428113K->373905K(735232K), 0.0025754 secs] [Times: user=0.01 sys=0.00, real=0.00 secs] 
2222.534: [GC (Allocation Failure) [PSYoungGen: 55680K->1341K(56320K)] 428177K->373838K(735232K), 0.0015811 secs] [Times: user=0.00 sys=0.00, real=0.00 secs] 
2223.056: [GC (Allocation Failure) [PSYoungGen: 55613K->1440K(56320K)] 428110K->373937K(735232K), 0.0018082 secs] [Times: user=0.01 sys=0.00, real=0.00 secs] 
2223.282: [GC (Allocation Failure) [PSYoungGen: 55712K->1424K(56320K)] 428209K->373921K(735232K), 0.0016247 secs] [Times: user=0.01 sys=0.00, real=0.01 secs] 
2223.507: [GC (Allocation Failure) [PSYoungGen: 55696K->1344K(56320K)] 428193K->373841K(735232K), 0.0016928 secs] [Times: user=0.01 sys=0.00, real=0.00 secs] 
2223.732: [GC (Allocation Failure) [PSYoungGen: 55616K->1392K(56320K)] 428113K->373889K(735232K), 0.0018576 secs] [Times: user=0.01 sys=0.00, real=0.01 secs] 
2223.957: [GC (Allocation Failure) [PSYoungGen: 55664K->1344K(56320K)] 428161K->373841K(735232K), 0.0017878 secs] [Times: user=0.01 sys=0.00, real=0.00 secs] 
2225.195: [GC (Allocation Failure) [PSYoungGen: 55616K->1344K(56320K)] 428113K->373841K(735232K), 0.0022651 secs] [Times: user=0.01 sys=0.00, real=0.00 secs] 
2225.748: [GC (Allocation Failure) [PSYoungGen: 55616K->1344K(56320K)] 428113K->373841K(735232K), 0.0028893 secs] [Times: user=0.01 sys=0.00, real=0.00 secs] 
2226.232: [GC (Allocation Failure) [PSYoungGen: 55616K->1376K(55808K)] 428113K->373897K(734720K), 0.0026133 secs] [Times: user=0.01 sys=0.00, real=0.01 secs] 
2226.498: [GC (Allocation Failure) [PSYoungGen: 55648K->1376K(55808K)] 428169K->373897K(734720K), 0.0021465 secs] [Times: user=0.01 sys=0.00, real=0.00 secs] 
2226.724: [GC (Allocation Failure) [PSYoungGen: 55648K->320K(55296K)] 428169K->373865K(734208K), 0.0020487 secs] [Times: user=0.01 sys=0.00, real=0.00 secs] 
2227.655: [GC (Allocation Failure) [PSYoungGen: 54592K->1408K(56320K)] 428137K->374953K(735232K), 0.0018222 secs] [Times: user=0.01 sys=0.00, real=0.00 secs] 
2227.881: [GC (Allocation Failure) [PSYoungGen: 55680K->1376K(56320K)] 429225K->374921K(735232K), 0.0018347 secs] [Times: user=0.01 sys=0.00, real=0.00 secs] 
2228.137: [GC (Allocation Failure) [PSYoungGen: 55648K->1408K(56320K)] 429193K->374953K(735232K), 0.0018785 secs] [Times: user=0.00 sys=0.00, real=0.00 secs] 
2228.410: [GC (Allocation Failure) [PSYoungGen: 55680K->1376K(56320K)] 429225K->374921K(735232K), 0.0018659 secs] [Times: user=0.01 sys=0.00, real=0.00 secs] 
2228.635: [GC (Allocation Failure) [PSYoungGen: 55648K->1392K(56320K)] 429193K->374937K(735232K), 0.0019481 secs] [Times: user=0.01 sys=0.00, real=0.00 secs] 
2229.630: [GC (Allocation Failure) [PSYoungGen: 55664K->1440K(56320K)] 429209K->374985K(735232K), 0.0018351 secs] [Times: user=0.00 sys=0.00, real=0.00 secs] 
2229.882: [GC (Allocation Failure) [PSYoungGen: 55712K->1376K(56320K)] 429257K->374921K(735232K), 0.0020686 secs] [Times: user=0.01 sys=0.00, real=0.01 secs] 
2230.149: [GC (Allocation Failure) [PSYoungGen: 55648K->1376K(56320K)] 429193K->374921K(735232K), 0.0019205 secs] [Times: user=0.01 sys=0.00, real=0.00 secs] 
2230.408: [GC (Allocation Failure) [PSYoungGen: 55648K->1344K(56320K)] 429193K->374889K(735232K), 0.0021014 secs] [Times: user=0.01 sys=0.00, real=0.00 secs] 
2230.634: [GC (Allocation Failure) [PSYoungGen: 55616K->1408K(56320K)] 429161K->374953K(735232K), 0.0020814 secs] [Times: user=0.01 sys=0.00, real=0.00 secs] 
2231.622: [GC (Allocation Failure) [PSYoungGen: 55680K->1408K(56320K)] 429225K->374969K(735232K), 0.0018405 secs] [Times: user=0.01 sys=0.00, real=0.01 secs] 
2232.180: [GC (Allocation Failure) [PSYoungGen: 55680K->1424K(56320K)] 429241K->374985K(735232K), 0.0023892 secs] [Times: user=0.01 sys=0.00, real=0.00 secs] 
2232.642: [GC (Allocation Failure) [PSYoungGen: 55696K->1392K(56320K)] 429257K->374953K(735232K), 0.0024690 secs] [Times: user=0.01 sys=0.01, real=0.01 secs] 
2233.107: [GC (Allocation Failure) [PSYoungGen: 55664K->1376K(56320K)] 429225K->374937K(735232K), 0.0025305 secs] [Times: user=0.01 sys=0.00, real=0.00 secs] 
2233.589: [GC (Allocation Failure) [PSYoungGen: 55648K->1312K(56320K)] 429209K->374873K(735232K), 0.0025371 secs] [Times: user=0.01 sys=0.00, real=0.00 secs] 
2234.890: [GC (Allocation Failure) [PSYoungGen: 55584K->192K(56320K)] 429145K->373753K(735232K), 0.0015720 secs] [Times: user=0.01 sys=0.00, real=0.00 secs] 
2236.238: [GC (Allocation Failure) [PSYoungGen: 54464K->1344K(56320K)] 428025K->374905K(735232K), 0.0024209 secs] [Times: user=0.01 sys=0.00, real=0.00 secs] 
2236.744: [GC (Allocation Failure) [PSYoungGen: 55616K->1328K(56320K)] 429177K->374905K(735232K), 0.0026992 secs] [Times: user=0.01 sys=0.00, real=0.00 secs] 
2237.229: [GC (Allocation Failure) [PSYoungGen: 55600K->1344K(56320K)] 429177K->374921K(735232K), 0.0051133 secs] [Times: user=0.02 sys=0.00, real=0.01 secs] 
2237.744: [GC (Allocation Failure) [PSYoungGen: 55616K->1328K(56320K)] 429193K->374905K(735232K), 0.0024472 secs] [Times: user=0.01 sys=0.00, real=0.00 secs] 
2238.297: [GC (Allocation Failure) [PSYoungGen: 55600K->1344K(56320K)] 429177K->374921K(735232K), 0.0027742 secs] [Times: user=0.01 sys=0.00, real=0.00 secs] 
2239.408: [GC (Allocation Failure) [PSYoungGen: 55616K->1408K(56320K)] 429193K->374985K(735232K), 0.0019293 secs] [Times: user=0.00 sys=0.00, real=0.00 secs] 
2239.662: [GC (Allocation Failure) [PSYoungGen: 55680K->1360K(56320K)] 429257K->374937K(735232K), 0.0019094 secs] [Times: user=0.01 sys=0.00, real=0.01 secs] 
2239.888: [GC (Allocation Failure) [PSYoungGen: 55632K->1344K(56320K)] 429209K->374921K(735232K), 0.0020070 secs] [Times: user=0.01 sys=0.00, real=0.00 secs] 
2240.401: [GC (Allocation Failure) [PSYoungGen: 55616K->1344K(56320K)] 429193K->374921K(735232K), 0.0025332 secs] [Times: user=0.01 sys=0.00, real=0.01 secs] 
2240.885: [GC (Allocation Failure) [PSYoungGen: 55616K->1376K(56320K)] 429193K->374953K(735232K), 0.0025541 secs] [Times: user=0.01 sys=0.00, real=0.00 secs] 
2242.167: [GC (Allocation Failure) [PSYoungGen: 55648K->1408K(56320K)] 429225K->374985K(735232K), 0.0026939 secs] [Times: user=0.01 sys=0.00, real=0.00 secs] 
2242.652: [GC (Allocation Failure) [PSYoungGen: 55680K->1376K(56320K)] 429257K->374953K(735232K), 0.0029842 secs] [Times: user=0.01 sys=0.00, real=0.01 secs] 
2243.201: [GC (Allocation Failure) [PSYoungGen: 55648K->1344K(56320K)] 429225K->374921K(735232K), 0.0027348 secs] [Times: user=0.01 sys=0.00, real=0.01 secs] 
2243.809: [GC (Allocation Failure) [PSYoungGen: 55616K->1344K(56320K)] 429193K->374921K(735232K), 0.0027312 secs] [Times: user=0.01 sys=0.00, real=0.00 secs] 
2244.424: [GC (Allocation Failure) [PSYoungGen: 55616K->1376K(56320K)] 429193K->374953K(735232K), 0.0048121 secs] [Times: user=0.02 sys=0.01, real=0.00 secs] 
2245.661: [GC (Allocation Failure) [PSYoungGen: 55648K->1424K(56320K)] 429225K->375001K(735232K), 0.0017589 secs] [Times: user=0.00 sys=0.00, real=0.00 secs] 
2245.994: [GC (Allocation Failure) [PSYoungGen: 55696K->1392K(56320K)] 429273K->374969K(735232K), 0.0018173 secs] [Times: user=0.01 sys=0.00, real=0.00 secs] 
2246.420: [GC (Allocation Failure) [PSYoungGen: 55664K->1408K(56320K)] 429241K->374985K(735232K), 0.0035101 secs] [Times: user=0.02 sys=0.00, real=0.01 secs] 
2246.862: [GC (Allocation Failure) [PSYoungGen: 55680K->1344K(56320K)] 429257K->374921K(735232K), 0.0033487 secs] [Times: user=0.01 sys=0.00, real=0.01 secs] 
2247.309: [GC (Allocation Failure) [PSYoungGen: 55616K->1392K(56320K)] 429193K->374985K(735232K), 0.0025595 secs] [Times: user=0.01 sys=0.00, real=0.00 secs] 
2248.420: [GC (Allocation Failure) [PSYoungGen: 55664K->1344K(55808K)] 429257K->374937K(734720K), 0.0016824 secs] [Times: user=0.00 sys=0.00, real=0.00 secs] 
2248.686: [GC (Allocation Failure) [PSYoungGen: 55616K->1360K(55808K)] 429209K->374953K(734720K), 0.0018261 secs] [Times: user=0.01 sys=0.00, real=0.00 secs] 
2248.957: [GC (Allocation Failure) [PSYoungGen: 55632K->1344K(55808K)] 429225K->374937K(734720K), 0.0019026 secs] [Times: user=0.01 sys=0.00, real=0.00 secs] 
2249.183: [GC (Allocation Failure) [PSYoungGen: 55616K->1376K(55808K)] 429209K->374969K(734720K), 0.0017719 secs] [Times: user=0.01 sys=0.00, real=0.01 secs] 
2249.445: [GC (Allocation Failure) [PSYoungGen: 55648K->1408K(55808K)] 429241K->375001K(734720K), 0.0020282 secs] [Times: user=0.01 sys=0.00, real=0.00 secs] 
2250.349: [GC (Allocation Failure) [PSYoungGen: 55680K->320K(55296K)] 429273K->373913K(734208K), 0.0016053 secs] [Times: user=0.01 sys=0.00, real=0.00 secs] 
2250.662: [GC (Allocation Failure) [PSYoungGen: 54080K->1376K(55808K)] 427673K->374969K(734720K), 0.0018291 secs] [Times: user=0.01 sys=0.00, real=0.01 secs] 
2250.925: [GC (Allocation Failure) [PSYoungGen: 55136K->1376K(55808K)] 428729K->374969K(734720K), 0.0021578 secs] [Times: user=0.01 sys=0.00, real=0.00 secs] 
2251.251: [GC (Allocation Failure) [PSYoungGen: 55136K->1344K(55808K)] 428729K->374937K(734720K), 0.0021158 secs] [Times: user=0.01 sys=0.00, real=0.01 secs] 
2251.552: [GC (Allocation Failure) [PSYoungGen: 55104K->1344K(55808K)] 428697K->374937K(734720K), 0.0021853 secs] [Times: user=0.01 sys=0.00, real=0.01 secs] 
2251.989: [GC (Allocation Failure) [PSYoungGen: 55104K->1376K(55808K)] 428697K->374969K(734720K), 0.0020683 secs] [Times: user=0.01 sys=0.00, real=0.00 secs] 
2253.590: [GC (Allocation Failure) [PSYoungGen: 55136K->1408K(55808K)] 428729K->375001K(734720K), 0.0020174 secs] [Times: user=0.01 sys=0.00, real=0.00 secs] 
2253.966: [GC (Allocation Failure) [PSYoungGen: 55168K->1328K(55808K)] 428761K->374921K(734720K), 0.0020474 secs] [Times: user=0.01 sys=0.00, real=0.00 secs] 
2254.190: [GC (Allocation Failure) [PSYoungGen: 55088K->1376K(55808K)] 428681K->374969K(734720K), 0.0020598 secs] [Times: user=0.00 sys=0.00, real=0.00 secs] 
2254.582: [GC (Allocation Failure) [PSYoungGen: 55136K->1328K(55808K)] 428729K->374921K(734720K), 0.0040160 secs] [Times: user=0.01 sys=0.00, real=0.01 secs] 
2255.080: [GC (Allocation Failure) [PSYoungGen: 55088K->1344K(55808K)] 428681K->374961K(734720K), 0.0031432 secs] [Times: user=0.01 sys=0.00, real=0.01 secs] 
2256.765: [GC (Allocation Failure) [PSYoungGen: 55104K->1376K(55808K)] 428721K->374993K(734720K), 0.0040901 secs] [Times: user=0.02 sys=0.00, real=0.00 secs] 
2257.418: [GC (Allocation Failure) [PSYoungGen: 55136K->1344K(55808K)] 428753K->374961K(734720K), 0.0040763 secs] [Times: user=0.02 sys=0.00, real=0.00 secs] 
2257.885: [GC (Allocation Failure) [PSYoungGen: 55104K->1376K(55808K)] 428721K->374993K(734720K), 0.0055615 secs] [Times: user=0.02 sys=0.00, real=0.00 secs] 
2258.292: [GC (Allocation Failure) [PSYoungGen: 55136K->1344K(55296K)] 428753K->374961K(734208K), 0.0027907 secs] [Times: user=0.01 sys=0.00, real=0.01 secs] 
2258.756: [GC (Allocation Failure) [PSYoungGen: 55104K->1344K(55296K)] 428721K->374961K(734208K), 0.0029051 secs] [Times: user=0.01 sys=0.00, real=0.00 secs] 
2260.424: [GC (Allocation Failure) [PSYoungGen: 55104K->352K(54784K)] 428721K->374993K(733696K), 0.0047679 secs] [Times: user=0.02 sys=0.00, real=0.00 secs] 
2261.183: [GC (Allocation Failure) [PSYoungGen: 54112K->288K(55808K)] 428753K->374929K(734720K), 0.0032316 secs] [Times: user=0.02 sys=0.00, real=0.01 secs] 
2261.678: [GC (Allocation Failure) [PSYoungGen: 54048K->288K(55808K)] 428689K->374929K(734720K), 0.0031455 secs] [Times: user=0.01 sys=0.00, real=0.00 secs] 
2262.190: [GC (Allocation Failure) [PSYoungGen: 54048K->320K(55808K)] 428689K->374961K(734720K), 0.0032762 secs] [Times: user=0.01 sys=0.00, real=0.01 secs] 
2262.738: [GC (Allocation Failure) [PSYoungGen: 54080K->320K(55808K)] 428721K->374961K(734720K), 0.0032815 secs] [Times: user=0.01 sys=0.00, real=0.00 secs] 
2263.942: [GC (Allocation Failure) [PSYoungGen: 54080K->304K(55808K)] 428721K->374945K(734720K), 0.0015811 secs] [Times: user=0.00 sys=0.00, real=0.01 secs] 
2264.596: [GC (Allocation Failure) [PSYoungGen: 54064K->1440K(55808K)] 428705K->376081K(734720K), 0.0036968 secs] [Times: user=0.01 sys=0.00, real=0.00 secs] 
2265.041: [GC (Allocation Failure) [PSYoungGen: 55200K->1376K(55808K)] 429841K->376017K(734720K), 0.0040808 secs] [Times: user=0.02 sys=0.00, real=0.01 secs] 
2265.487: [GC (Allocation Failure) [PSYoungGen: 55136K->1312K(56320K)] 429777K->375953K(735232K), 0.0032255 secs] [Times: user=0.01 sys=0.00, real=0.00 secs] 
2265.936: [GC (Allocation Failure) [PSYoungGen: 55072K->1344K(56320K)] 429713K->375985K(735232K), 0.0033149 secs] [Times: user=0.01 sys=0.01, real=0.00 secs] 
2266.209: [GC (Allocation Failure) [PSYoungGen: 55104K->1424K(56320K)] 429745K->376065K(735232K), 0.0020881 secs] [Times: user=0.01 sys=0.00, real=0.00 secs] 
2267.413: [GC (Allocation Failure) [PSYoungGen: 55184K->1392K(56320K)] 429825K->376033K(735232K), 0.0020536 secs] [Times: user=0.01 sys=0.00, real=0.00 secs] 
2268.031: [GC (Allocation Failure) [PSYoungGen: 55152K->1376K(56320K)] 429793K->376017K(735232K), 0.0022508 secs] [Times: user=0.01 sys=0.00, real=0.01 secs] 
2268.734: [GC (Allocation Failure) [PSYoungGen: 55136K->1376K(56320K)] 429777K->376025K(735232K), 0.0025376 secs] [Times: user=0.01 sys=0.00, real=0.00 secs] 
2269.615: [GC (Allocation Failure) [PSYoungGen: 55136K->1312K(56320K)] 429785K->375961K(735232K), 0.0028912 secs] [Times: user=0.02 sys=0.00, real=0.00 secs] 
2270.334: [GC (Allocation Failure) [PSYoungGen: 55072K->1376K(56320K)] 429721K->376025K(735232K), 0.0031239 secs] [Times: user=0.01 sys=0.00, real=0.00 secs] 
2271.697: [GC (Allocation Failure) [PSYoungGen: 55136K->1440K(56320K)] 429785K->376089K(735232K), 0.0019657 secs] [Times: user=0.01 sys=0.00, real=0.00 secs] 
2271.960: [GC (Allocation Failure) [PSYoungGen: 55200K->1360K(56320K)] 429849K->376009K(735232K), 0.0020983 secs] [Times: user=0.01 sys=0.01, real=0.00 secs] 
2272.184: [GC (Allocation Failure) [PSYoungGen: 55120K->1360K(55296K)] 429769K->376009K(734208K), 0.0021045 secs] [Times: user=0.01 sys=0.00, real=0.00 secs] 
2272.488: [GC (Allocation Failure) [PSYoungGen: 55120K->1344K(55808K)] 429769K->375993K(734720K), 0.0022219 secs] [Times: user=0.01 sys=0.00, real=0.00 secs] 
2272.712: [GC (Allocation Failure) [PSYoungGen: 55104K->1376K(55808K)] 429753K->376025K(734720K), 0.0019752 secs] [Times: user=0.00 sys=0.00, real=0.01 secs] 
2273.645: [GC (Allocation Failure) [PSYoungGen: 55136K->1408K(55808K)] 429785K->376057K(734720K), 0.0019034 secs] [Times: user=0.01 sys=0.00, real=0.00 secs] 
2273.888: [GC (Allocation Failure) [PSYoungGen: 55168K->1376K(55808K)] 429817K->376025K(734720K), 0.0018095 secs] [Times: user=0.00 sys=0.00, real=0.00 secs] 
2274.116: [GC (Allocation Failure) [PSYoungGen: 55136K->1408K(55808K)] 429785K->376057K(734720K), 0.0017926 secs] [Times: user=0.00 sys=0.00, real=0.00 secs] 
2274.380: [GC (Allocation Failure) [PSYoungGen: 55168K->1408K(55808K)] 429817K->376057K(734720K), 0.0019395 secs] [Times: user=0.01 sys=0.00, real=0.00 secs] 
2274.693: [GC (Allocation Failure) [PSYoungGen: 55168K->1376K(55808K)] 429817K->376025K(734720K), 0.0023068 secs] [Times: user=0.01 sys=0.00, real=0.00 secs] 
2275.143: [GC (Allocation Failure) [PSYoungGen: 55136K->1373K(55808K)] 429785K->376022K(734720K), 0.0015166 secs] [Times: user=0.00 sys=0.00, real=0.00 secs] 
2276.296: [GC (Allocation Failure) [PSYoungGen: 55133K->1344K(55808K)] 429782K->375993K(734720K), 0.0027691 secs] [Times: user=0.01 sys=0.00, real=0.00 secs] 
2276.874: [GC (Allocation Failure) [PSYoungGen: 55104K->1376K(55808K)] 429753K->376041K(734720K), 0.0041068 secs] [Times: user=0.02 sys=0.00, real=0.00 secs] 
2277.480: [GC (Allocation Failure) [PSYoungGen: 55136K->1376K(55808K)] 429801K->376041K(734720K), 0.0041282 secs] [Times: user=0.02 sys=0.00, real=0.01 secs] 
2278.178: [GC (Allocation Failure) [PSYoungGen: 55136K->1376K(55808K)] 429801K->376041K(734720K), 0.0041004 secs] [Times: user=0.02 sys=0.00, real=0.00 secs] 
2278.919: [GC (Allocation Failure) [PSYoungGen: 55136K->1344K(55808K)] 429801K->376009K(734720K), 0.0040219 secs] [Times: user=0.02 sys=0.00, real=0.01 secs] 
2280.567: [GC (Allocation Failure) [PSYoungGen: 55104K->1440K(55808K)] 429769K->376105K(734720K), 0.0027926 secs] [Times: user=0.01 sys=0.00, real=0.00 secs] 
2281.325: [GC (Allocation Failure) [PSYoungGen: 55200K->1312K(55808K)] 429865K->375977K(734720K), 0.0040574 secs] [Times: user=0.02 sys=0.00, real=0.00 secs] 
2281.915: [GC (Allocation Failure) [PSYoungGen: 55072K->1408K(55808K)] 429737K->376073K(734720K), 0.0040002 secs] [Times: user=0.01 sys=0.00, real=0.00 secs] 
2282.401: [GC (Allocation Failure) [PSYoungGen: 55168K->1376K(55808K)] 429833K->376041K(734720K), 0.0035682 secs] [Times: user=0.02 sys=0.00, real=0.01 secs] 
2282.985: [GC (Allocation Failure) [PSYoungGen: 55136K->1344K(55808K)] 429801K->376009K(734720K), 0.0034520 secs] [Times: user=0.02 sys=0.00, real=0.00 secs] 
2284.219: [GC (Allocation Failure) [PSYoungGen: 55104K->1408K(55808K)] 429769K->376073K(734720K), 0.0019355 secs] [Times: user=0.00 sys=0.01, real=0.00 secs] 
2284.668: [GC (Allocation Failure) [PSYoungGen: 55168K->1376K(55808K)] 429833K->376041K(734720K), 0.0028055 secs] [Times: user=0.01 sys=0.00, real=0.00 secs] 
2285.264: [GC (Allocation Failure) [PSYoungGen: 55136K->1376K(55808K)] 429801K->376041K(734720K), 0.0040371 secs] [Times: user=0.02 sys=0.00, real=0.00 secs] 
2285.832: [GC (Allocation Failure) [PSYoungGen: 55136K->1376K(55808K)] 429801K->376041K(734720K), 0.0033607 secs] [Times: user=0.01 sys=0.00, real=0.01 secs] 
2286.384: [GC (Allocation Failure) [PSYoungGen: 55136K->1376K(55296K)] 429801K->376041K(734208K), 0.0033402 secs] [Times: user=0.01 sys=0.00, real=0.00 secs] 
2287.604: [GC (Allocation Failure) [PSYoungGen: 55136K->1408K(55296K)] 429801K->376073K(734208K), 0.0019517 secs] [Times: user=0.01 sys=0.00, real=0.00 secs] 
2287.834: [GC (Allocation Failure) [PSYoungGen: 55168K->1344K(55296K)] 429833K->376009K(734208K), 0.0025154 secs] [Times: user=0.01 sys=0.00, real=0.00 secs] 
2288.052: [GC (Allocation Failure) [PSYoungGen: 55104K->1376K(55296K)] 429769K->376041K(734208K), 0.0021549 secs] [Times: user=0.01 sys=0.00, real=0.01 secs] 
2288.393: [GC (Allocation Failure) [PSYoungGen: 55136K->1344K(55296K)] 429801K->376017K(734208K), 0.0030966 secs] [Times: user=0.01 sys=0.00, real=0.00 secs] 
2288.773: [GC (Allocation Failure) [PSYoungGen: 55104K->1344K(55296K)] 429777K->376017K(734208K), 0.0018795 secs] [Times: user=0.01 sys=0.00, real=0.01 secs] 
2289.169: [GC (Allocation Failure) [PSYoungGen: 55095K->288K(55296K)] 429768K->374969K(734208K), 0.0019977 secs] [Times: user=0.01 sys=0.00, real=0.00 secs] 
2290.137: [GC (Allocation Failure) [PSYoungGen: 54048K->1408K(55808K)] 428729K->376089K(734720K), 0.0017144 secs] [Times: user=0.00 sys=0.00, real=0.00 secs] 
2290.360: [GC (Allocation Failure) [PSYoungGen: 55168K->1376K(55808K)] 429849K->376057K(734720K), 0.0018544 secs] [Times: user=0.01 sys=0.00, real=0.00 secs] 
2290.728: [GC (Allocation Failure) [PSYoungGen: 55136K->1344K(55808K)] 429817K->376025K(734720K), 0.0027281 secs] [Times: user=0.01 sys=0.00, real=0.00 secs] 
2291.130: [GC (Allocation Failure) [PSYoungGen: 55104K->1392K(55808K)] 429785K->376073K(734720K), 0.0032413 secs] [Times: user=0.01 sys=0.00, real=0.01 secs] 
2291.511: [GC (Allocation Failure) [PSYoungGen: 55152K->1344K(55808K)] 429833K->376025K(734720K), 0.0028844 secs] [Times: user=0.01 sys=0.00, real=0.01 secs] 
2292.894: [GC (Allocation Failure) [PSYoungGen: 55104K->1408K(55808K)] 429785K->376089K(734720K), 0.0020471 secs] [Times: user=0.01 sys=0.00, real=0.00 secs] 
2293.398: [GC (Allocation Failure) [PSYoungGen: 55168K->1344K(55808K)] 429849K->376025K(734720K), 0.0026989 secs] [Times: user=0.01 sys=0.00, real=0.00 secs] 
2293.897: [GC (Allocation Failure) [PSYoungGen: 55104K->1360K(55808K)] 429785K->376041K(734720K), 0.0023082 secs] [Times: user=0.01 sys=0.00, real=0.00 secs] 
2294.211: [GC (Allocation Failure) [PSYoungGen: 55120K->1408K(55808K)] 429801K->376089K(734720K), 0.0021210 secs] [Times: user=0.01 sys=0.00, real=0.01 secs] 
2294.479: [GC (Allocation Failure) [PSYoungGen: 55168K->1376K(55808K)] 429849K->376065K(734720K), 0.0020208 secs] [Times: user=0.01 sys=0.00, real=0.00 secs] 
2295.606: [GC (Allocation Failure) [PSYoungGen: 55136K->1408K(55808K)] 429825K->376097K(734720K), 0.0018747 secs] [Times: user=0.01 sys=0.00, real=0.00 secs] 
2296.353: [GC (Allocation Failure) [PSYoungGen: 55168K->1344K(55808K)] 429857K->376057K(734720K), 0.0023927 secs] [Times: user=0.01 sys=0.00, real=0.00 secs] 
2297.042: [GC (Allocation Failure) [PSYoungGen: 55104K->1408K(55808K)] 429817K->376121K(734720K), 0.0030012 secs] [Times: user=0.01 sys=0.00, real=0.01 secs] 
2297.655: [GC (Allocation Failure) [PSYoungGen: 55168K->1376K(55808K)] 429881K->376089K(734720K), 0.0024926 secs] [Times: user=0.01 sys=0.00, real=0.00 secs] 
2298.152: [GC (Allocation Failure) [PSYoungGen: 55136K->1376K(55808K)] 429849K->376097K(734720K), 0.0022700 secs] [Times: user=0.01 sys=0.00, real=0.01 secs] 
2300.045: [GC (Allocation Failure) [PSYoungGen: 55136K->1408K(55808K)] 429857K->376137K(734720K), 0.0041927 secs] [Times: user=0.01 sys=0.01, real=0.00 secs] 
2300.453: [GC (Allocation Failure) [PSYoungGen: 55168K->1376K(55808K)] 429897K->376105K(734720K), 0.0029366 secs] [Times: user=0.01 sys=0.00, real=0.00 secs] 
2300.723: [GC (Allocation Failure) [PSYoungGen: 55136K->1376K(55296K)] 429865K->376105K(734208K), 0.0021433 secs] [Times: user=0.01 sys=0.00, real=0.00 secs] 
2300.968: [GC (Allocation Failure) [PSYoungGen: 55136K->1376K(55296K)] 429865K->376105K(734208K), 0.0020396 secs] [Times: user=0.01 sys=0.00, real=0.00 secs] 
2301.384: [GC (Allocation Failure) [PSYoungGen: 55136K->1344K(55296K)] 429865K->376073K(734208K), 0.0020198 secs] [Times: user=0.01 sys=0.00, real=0.00 secs] 
2301.812: [GC (Allocation Failure) [PSYoungGen: 55104K->1344K(55296K)] 429833K->376073K(734208K), 0.0025874 secs] [Times: user=0.02 sys=0.00, real=0.01 secs] 
2304.301: [GC (Allocation Failure) [PSYoungGen: 55104K->1392K(55296K)] 429833K->376121K(734208K), 0.0040648 secs] [Times: user=0.02 sys=0.00, real=0.01 secs] 
2305.042: [GC (Allocation Failure) [PSYoungGen: 55152K->1376K(55296K)] 429881K->376105K(734208K), 0.0040763 secs] [Times: user=0.01 sys=0.00, real=0.01 secs] 
2305.850: [GC (Allocation Failure) [PSYoungGen: 55136K->1312K(55296K)] 429865K->376041K(734208K), 0.0042440 secs] [Times: user=0.02 sys=0.00, real=0.01 secs] 
2306.660: [GC (Allocation Failure) [PSYoungGen: 55072K->1344K(55296K)] 429801K->376073K(734208K), 0.0041262 secs] [Times: user=0.01 sys=0.00, real=0.01 secs] 
2307.265: [GC (Allocation Failure) [PSYoungGen: 55104K->1344K(55296K)] 429833K->376073K(734208K), 0.0027866 secs] [Times: user=0.01 sys=0.00, real=0.00 secs] 
2308.462: [GC (Allocation Failure) [PSYoungGen: 55104K->1408K(55296K)] 429833K->376137K(734208K), 0.0020017 secs] [Times: user=0.01 sys=0.00, real=0.01 secs] 
2308.957: [GC (Allocation Failure) [PSYoungGen: 55168K->1344K(55296K)] 429897K->376073K(734208K), 0.0027257 secs] [Times: user=0.01 sys=0.00, real=0.00 secs] 
2309.331: [GC (Allocation Failure) [PSYoungGen: 55104K->1344K(55296K)] 429833K->376073K(734208K), 0.0067406 secs] [Times: user=0.03 sys=0.00, real=0.01 secs] 
2309.736: [GC (Allocation Failure) [PSYoungGen: 55104K->1360K(55296K)] 429833K->376097K(734208K), 0.0027786 secs] [Times: user=0.01 sys=0.00, real=0.00 secs] 
2310.161: [GC (Allocation Failure) [PSYoungGen: 55120K->1344K(55296K)] 429857K->376081K(734208K), 0.0031678 secs] [Times: user=0.02 sys=0.00, real=0.01 secs] 
2312.554: [GC (Allocation Failure) [PSYoungGen: 55104K->1408K(55296K)] 429841K->376145K(734208K), 0.0041420 secs] [Times: user=0.01 sys=0.00, real=0.00 secs] 
2313.090: [GC (Allocation Failure) [PSYoungGen: 55168K->1376K(55296K)] 429905K->376113K(734208K), 0.0028200 secs] [Times: user=0.01 sys=0.00, real=0.01 secs] 
2313.563: [GC (Allocation Failure) [PSYoungGen: 55136K->1376K(55296K)] 429873K->376113K(734208K), 0.0028081 secs] [Times: user=0.01 sys=0.00, real=0.00 secs] 
2314.069: [GC (Allocation Failure) [PSYoungGen: 55136K->1376K(55296K)] 429873K->376113K(734208K), 0.0046848 secs] [Times: user=0.02 sys=0.00, real=0.01 secs] 
2314.597: [GC (Allocation Failure) [PSYoungGen: 55136K->1312K(55296K)] 429873K->376049K(734208K), 0.0033039 secs] [Times: user=0.01 sys=0.00, real=0.00 secs] 
2315.939: [GC (Allocation Failure) [PSYoungGen: 55072K->1408K(55296K)] 429809K->376145K(734208K), 0.0019872 secs] [Times: user=0.01 sys=0.00, real=0.00 secs] 
2316.830: [GC (Allocation Failure) [PSYoungGen: 55168K->1376K(55296K)] 429905K->376113K(734208K), 0.0022344 secs] [Times: user=0.01 sys=0.00, real=0.00 secs] 
2317.636: [GC (Allocation Failure) [PSYoungGen: 55136K->1344K(55296K)] 429873K->376081K(734208K), 0.0024895 secs] [Times: user=0.01 sys=0.00, real=0.00 secs] 
2318.341: [GC (Allocation Failure) [PSYoungGen: 55104K->1376K(55296K)] 429841K->376113K(734208K), 0.0029296 secs] [Times: user=0.01 sys=0.00, real=0.01 secs] 
2318.792: [GC (Allocation Failure) [PSYoungGen: 55136K->1376K(55296K)] 429873K->376113K(734208K), 0.0028968 secs] [Times: user=0.01 sys=0.01, real=0.01 secs] 
2319.257: [GC (Allocation Failure) [PSYoungGen: 55136K->1376K(55296K)] 429873K->376121K(734208K), 0.0027560 secs] [Times: user=0.01 sys=0.00, real=0.00 secs] 
2320.263: [GC (Allocation Failure) [PSYoungGen: 55136K->1392K(55296K)] 429881K->376137K(734208K), 0.0017075 secs] [Times: user=0.01 sys=0.00, real=0.00 secs] 
2320.606: [GC (Allocation Failure) [PSYoungGen: 55152K->1376K(55296K)] 429897K->376121K(734208K), 0.0020727 secs] [Times: user=0.01 sys=0.00, real=0.00 secs] 
2321.069: [GC (Allocation Failure) [PSYoungGen: 55136K->1376K(55296K)] 429881K->376121K(734208K), 0.0019038 secs] [Times: user=0.01 sys=0.00, real=0.00 secs] 
2321.494: [GC (Allocation Failure) [PSYoungGen: 55136K->1376K(55296K)] 429881K->376121K(734208K), 0.0021337 secs] [Times: user=0.01 sys=0.00, real=0.00 secs] 
2321.995: [GC (Allocation Failure) [PSYoungGen: 55136K->1376K(55296K)] 429881K->376121K(734208K), 0.0028344 secs] [Times: user=0.02 sys=0.00, real=0.00 secs] 
2325.370: [GC (Allocation Failure) [PSYoungGen: 55136K->1376K(55296K)] 429881K->376121K(734208K), 0.0040542 secs] [Times: user=0.02 sys=0.00, real=0.01 secs] 
2325.795: [GC (Allocation Failure) [PSYoungGen: 55136K->1360K(55296K)] 429881K->376105K(734208K), 0.0028568 secs] [Times: user=0.01 sys=0.00, real=0.00 secs] 
2326.221: [GC (Allocation Failure) [PSYoungGen: 55120K->1344K(55296K)] 429865K->376089K(734208K), 0.0027590 secs] [Times: user=0.02 sys=0.00, real=0.01 secs] 
2326.630: [GC (Allocation Failure) [PSYoungGen: 55104K->1312K(55296K)] 429849K->376057K(734208K), 0.0028812 secs] [Times: user=0.01 sys=0.00, real=0.01 secs] 
2326.934: [GC (Allocation Failure) [PSYoungGen: 55072K->1344K(55296K)] 429817K->376089K(734208K), 0.0021548 secs] [Times: user=0.01 sys=0.00, real=0.00 secs] 
2328.585: [GC (Allocation Failure) [PSYoungGen: 55104K->1376K(55296K)] 429849K->376121K(734208K), 0.0031731 secs] [Times: user=0.01 sys=0.00, real=0.00 secs] 
2329.271: [GC (Allocation Failure) [PSYoungGen: 55136K->1344K(55296K)] 429881K->376089K(734208K), 0.0026474 secs] [Times: user=0.01 sys=0.00, real=0.01 secs] 
2329.926: [GC (Allocation Failure) [PSYoungGen: 55104K->1376K(55296K)] 429849K->376129K(734208K), 0.0043314 secs] [Times: user=0.01 sys=0.00, real=0.00 secs] 
2330.679: [GC (Allocation Failure) [PSYoungGen: 55136K->1376K(55296K)] 429889K->376129K(734208K), 0.0028323 secs] [Times: user=0.01 sys=0.00, real=0.00 secs] 
2331.455: [GC (Allocation Failure) [PSYoungGen: 55136K->1376K(55296K)] 429889K->376129K(734208K), 0.0028150 secs] [Times: user=0.01 sys=0.00, real=0.00 secs] 
2332.920: [GC (Allocation Failure) [PSYoungGen: 55136K->880K(55296K)] 429889K->376657K(734208K), 0.0028080 secs] [Times: user=0.01 sys=0.00, real=0.00 secs] 
2333.973: [GC (Allocation Failure) [PSYoungGen: 54640K->336K(54784K)] 430417K->376113K(733696K), 0.0040494 secs] [Times: user=0.02 sys=0.00, real=0.00 secs] 
2334.516: [GC (Allocation Failure) [PSYoungGen: 53584K->352K(55296K)] 429361K->376129K(734208K), 0.0033345 secs] [Times: user=0.01 sys=0.00, real=0.00 secs] 
2334.999: [GC (Allocation Failure) [PSYoungGen: 53600K->352K(55296K)] 429377K->376129K(734208K), 0.0026119 secs] [Times: user=0.01 sys=0.00, real=0.00 secs] 
2335.415: [GC (Allocation Failure) [PSYoungGen: 53600K->288K(55296K)] 429377K->376065K(734208K), 0.0032217 secs] [Times: user=0.02 sys=0.00, real=0.00 secs] 
2335.630: [GC (Allocation Failure) [PSYoungGen: 53536K->320K(55296K)] 429313K->376097K(734208K), 0.0022489 secs] [Times: user=0.01 sys=0.00, real=0.00 secs] 
2336.571: [GC (Allocation Failure) [PSYoungGen: 53568K->1472K(55296K)] 429345K->377249K(734208K), 0.0026926 secs] [Times: user=0.01 sys=0.00, real=0.01 secs] 
2336.792: [GC (Allocation Failure) [PSYoungGen: 54720K->1408K(54784K)] 430497K->377185K(733696K), 0.0020108 secs] [Times: user=0.01 sys=0.00, real=0.01 secs] 
2337.139: [GC (Allocation Failure) [PSYoungGen: 54144K->1344K(55296K)] 429921K->377121K(734208K), 0.0021972 secs] [Times: user=0.01 sys=0.00, real=0.00 secs] 
2337.451: [GC (Allocation Failure) [PSYoungGen: 54080K->1376K(55296K)] 429857K->377153K(734208K), 0.0020847 secs] [Times: user=0.01 sys=0.00, real=0.01 secs] 
2337.771: [GC (Allocation Failure) [PSYoungGen: 54112K->1376K(55296K)] 429889K->377169K(734208K), 0.0020046 secs] [Times: user=0.01 sys=0.00, real=0.01 secs] 
2339.157: [GC (Allocation Failure) [PSYoungGen: 54112K->1344K(55296K)] 429905K->377137K(734208K), 0.0022676 secs] [Times: user=0.00 sys=0.00, real=0.00 secs] 
2339.883: [GC (Allocation Failure) [PSYoungGen: 54080K->1360K(55296K)] 429873K->377153K(734208K), 0.0042767 secs] [Times: user=0.01 sys=0.00, real=0.01 secs] 
2340.327: [GC (Allocation Failure) [PSYoungGen: 54096K->1408K(55296K)] 429889K->377201K(734208K), 0.0032981 secs] [Times: user=0.02 sys=0.00, real=0.00 secs] 
2340.758: [GC (Allocation Failure) [PSYoungGen: 54144K->1360K(55296K)] 429937K->377153K(734208K), 0.0028705 secs] [Times: user=0.01 sys=0.00, real=0.00 secs] 
2341.076: [GC (Allocation Failure) [PSYoungGen: 54096K->1376K(54272K)] 429889K->377177K(733184K), 0.0021601 secs] [Times: user=0.01 sys=0.00, real=0.00 secs] 
2342.082: [GC (Allocation Failure) [PSYoungGen: 54112K->1952K(54784K)] 429913K->377753K(733696K), 0.0016502 secs] [Times: user=0.00 sys=0.00, real=0.01 secs] 
2342.527: [GC (Allocation Failure) [PSYoungGen: 54688K->1376K(55296K)] 430489K->377177K(734208K), 0.0036590 secs] [Times: user=0.01 sys=0.00, real=0.00 secs] 
2343.098: [GC (Allocation Failure) [PSYoungGen: 54112K->1376K(55296K)] 429913K->377177K(734208K), 0.0028635 secs] [Times: user=0.02 sys=0.00, real=0.00 secs] 
2343.705: [GC (Allocation Failure) [PSYoungGen: 54112K->1376K(55296K)] 429913K->377177K(734208K), 0.0041690 secs] [Times: user=0.02 sys=0.00, real=0.00 secs] 
2344.375: [GC (Allocation Failure) [PSYoungGen: 54112K->1376K(54272K)] 429913K->377177K(733184K), 0.0032833 secs] [Times: user=0.02 sys=0.00, real=0.00 secs] 
2344.850: [GC (Allocation Failure) [PSYoungGen: 54112K->1376K(54784K)] 429913K->377177K(733696K), 0.0034024 secs] [Times: user=0.01 sys=0.00, real=0.01 secs] 
2346.277: [GC (Allocation Failure) [PSYoungGen: 54112K->1408K(54784K)] 429913K->377209K(733696K), 0.0021000 secs] [Times: user=0.01 sys=0.00, real=0.00 secs] 
2346.896: [GC (Allocation Failure) [PSYoungGen: 54144K->1408K(54784K)] 429945K->377209K(733696K), 0.0040775 secs] [Times: user=0.02 sys=0.00, real=0.00 secs] 
2347.259: [GC (Allocation Failure) [PSYoungGen: 54144K->1408K(54784K)] 429945K->377209K(733696K), 0.0022939 secs] [Times: user=0.01 sys=0.00, real=0.00 secs] 
2347.510: [GC (Allocation Failure) [PSYoungGen: 54144K->1360K(54784K)] 429945K->377161K(733696K), 0.0020695 secs] [Times: user=0.01 sys=0.00, real=0.00 secs] 
2347.991: [GC (Allocation Failure) [PSYoungGen: 54096K->1376K(54784K)] 429897K->377185K(733696K), 0.0023318 secs] [Times: user=0.01 sys=0.00, real=0.01 secs] 
2350.009: [GC (Allocation Failure) [PSYoungGen: 54112K->1392K(54784K)] 429921K->377201K(733696K), 0.0042057 secs] [Times: user=0.01 sys=0.00, real=0.01 secs] 
2350.860: [GC (Allocation Failure) [PSYoungGen: 54128K->1424K(54784K)] 429937K->377233K(733696K), 0.0033470 secs] [Times: user=0.02 sys=0.01, real=0.01 secs] 
2351.298: [GC (Allocation Failure) [PSYoungGen: 54160K->1328K(54784K)] 429969K->377137K(733696K), 0.0028007 secs] [Times: user=0.01 sys=0.00, real=0.00 secs] 
2351.914: [GC (Allocation Failure) [PSYoungGen: 54064K->1360K(54784K)] 429873K->377169K(733696K), 0.0028078 secs] [Times: user=0.01 sys=0.00, real=0.00 secs] 
2352.549: [GC (Allocation Failure) [PSYoungGen: 54096K->1360K(54784K)] 429905K->377169K(733696K), 0.0043904 secs] [Times: user=0.02 sys=0.00, real=0.01 secs] 
2353.944: [GC (Allocation Failure) [PSYoungGen: 54096K->1552K(54784K)] 429905K->377361K(733696K), 0.0022439 secs] [Times: user=0.01 sys=0.00, real=0.00 secs] 
2354.548: [GC (Allocation Failure) [PSYoungGen: 54288K->1408K(54784K)] 430097K->377217K(733696K), 0.0028267 secs] [Times: user=0.01 sys=0.00, real=0.00 secs] 
2355.074: [GC (Allocation Failure) [PSYoungGen: 54144K->1376K(54784K)] 429953K->377185K(733696K), 0.0024497 secs] [Times: user=0.01 sys=0.00, real=0.00 secs] 
2355.503: [GC (Allocation Failure) [PSYoungGen: 54112K->1424K(54784K)] 429921K->377233K(733696K), 0.0033954 secs] [Times: user=0.02 sys=0.00, real=0.00 secs] 
2355.724: [GC (Allocation Failure) [PSYoungGen: 54160K->1424K(54784K)] 429969K->377233K(733696K), 0.0022378 secs] [Times: user=0.01 sys=0.01, real=0.00 secs] 
2355.944: [GC (Allocation Failure) [PSYoungGen: 54160K->1408K(54784K)] 429969K->377249K(733696K), 0.0021187 secs] [Times: user=0.01 sys=0.00, real=0.00 secs] 
2356.985: [GC (Allocation Failure) [PSYoungGen: 54144K->1392K(54784K)] 429985K->377233K(733696K), 0.0016551 secs] [Times: user=0.00 sys=0.00, real=0.00 secs] 
2357.422: [GC (Allocation Failure) [PSYoungGen: 54128K->1376K(54784K)] 429969K->377217K(733696K), 0.0018703 secs] [Times: user=0.01 sys=0.00, real=0.01 secs] 
2357.880: [GC (Allocation Failure) [PSYoungGen: 54112K->1408K(54784K)] 429953K->377249K(733696K), 0.0041572 secs] [Times: user=0.02 sys=0.00, real=0.01 secs] 
2358.261: [GC (Allocation Failure) [PSYoungGen: 54144K->1360K(54784K)] 429985K->377201K(733696K), 0.0028368 secs] [Times: user=0.01 sys=0.00, real=0.01 secs] 
2358.630: [GC (Allocation Failure) [PSYoungGen: 54096K->1376K(54272K)] 429937K->377225K(733184K), 0.0026983 secs] [Times: user=0.01 sys=0.00, real=0.00 secs] 
2359.795: [GC (Allocation Failure) [PSYoungGen: 54112K->1424K(54272K)] 429961K->377273K(733184K), 0.0018456 secs] [Times: user=0.01 sys=0.00, real=0.00 secs] 
2360.456: [GC (Allocation Failure) [PSYoungGen: 54160K->1344K(54272K)] 430009K->377193K(733184K), 0.0018530 secs] [Times: user=0.01 sys=0.00, real=0.00 secs] 
2360.943: [GC (Allocation Failure) [PSYoungGen: 54080K->1360K(54272K)] 429929K->377209K(733184K), 0.0022738 secs] [Times: user=0.01 sys=0.00, real=0.00 secs] 
2361.388: [GC (Allocation Failure) [PSYoungGen: 54096K->1344K(54272K)] 429945K->377193K(733184K), 0.0021920 secs] [Times: user=0.01 sys=0.00, real=0.00 secs] 
2361.720: [GC (Allocation Failure) [PSYoungGen: 54080K->1312K(54272K)] 429929K->377169K(733184K), 0.0022490 secs] [Times: user=0.01 sys=0.00, real=0.00 secs] 
2362.616: [GC (Allocation Failure) [PSYoungGen: 54048K->288K(54272K)] 429905K->376145K(733184K), 0.0016018 secs] [Times: user=0.01 sys=0.00, real=0.00 secs] 
2363.070: [GC (Allocation Failure) [PSYoungGen: 53024K->1376K(54784K)] 428881K->377233K(733696K), 0.0017715 secs] [Times: user=0.00 sys=0.00, real=0.00 secs] 
2363.524: [GC (Allocation Failure) [PSYoungGen: 54112K->1376K(54784K)] 429969K->377233K(733696K), 0.0020946 secs] [Times: user=0.01 sys=0.00, real=0.00 secs] 
2363.921: [GC (Allocation Failure) [PSYoungGen: 54112K->1312K(54784K)] 429969K->377169K(733696K), 0.0029973 secs] [Times: user=0.02 sys=0.00, real=0.01 secs] 
2364.349: [GC (Allocation Failure) [PSYoungGen: 54048K->1344K(54784K)] 429905K->377201K(733696K), 0.0029195 secs] [Times: user=0.01 sys=0.00, real=0.00 secs] 
2364.646: [GC (Allocation Failure) [PSYoungGen: 54080K->1376K(54784K)] 429937K->377233K(733696K), 0.0032614 secs] [Times: user=0.02 sys=0.00, real=0.00 secs] 
2367.430: [GC (Allocation Failure) [PSYoungGen: 54112K->1376K(54784K)] 429969K->377233K(733696K), 0.0043627 secs] [Times: user=0.02 sys=0.00, real=0.01 secs] 
2368.286: [GC (Allocation Failure) [PSYoungGen: 54112K->1376K(54784K)] 429969K->377241K(733696K), 0.0038364 secs] [Times: user=0.02 sys=0.00, real=0.00 secs] 
2368.760: [GC (Allocation Failure) [PSYoungGen: 54112K->1360K(54784K)] 429977K->377233K(733696K), 0.0031881 secs] [Times: user=0.01 sys=0.00, real=0.01 secs] 
2369.121: [GC (Allocation Failure) [PSYoungGen: 54096K->1408K(54784K)] 429969K->377281K(733696K), 0.0022060 secs] [Times: user=0.01 sys=0.00, real=0.01 secs] 
2369.710: [GC (Allocation Failure) [PSYoungGen: 54144K->1408K(54784K)] 430017K->377281K(733696K), 0.0029297 secs] [Times: user=0.01 sys=0.00, real=0.01 secs] 
2371.135: [GC (Allocation Failure) [PSYoungGen: 54144K->1440K(54784K)] 430017K->377313K(733696K), 0.0018406 secs] [Times: user=0.00 sys=0.00, real=0.00 secs] 
2371.692: [GC (Allocation Failure) [PSYoungGen: 54176K->1440K(54784K)] 430049K->377313K(733696K), 0.0026984 secs] [Times: user=0.01 sys=0.00, real=0.01 secs] 
2372.235: [GC (Allocation Failure) [PSYoungGen: 54176K->1376K(54784K)] 430049K->377249K(733696K), 0.0042761 secs] [Times: user=0.02 sys=0.00, real=0.00 secs] 
2372.754: [GC (Allocation Failure) [PSYoungGen: 54112K->1376K(54784K)] 429985K->377249K(733696K), 0.0034155 secs] [Times: user=0.02 sys=0.00, real=0.00 secs] 
2373.142: [GC (Allocation Failure) [PSYoungGen: 54112K->1344K(54784K)] 429985K->377217K(733696K), 0.0025266 secs] [Times: user=0.01 sys=0.00, real=0.01 secs] 
2373.584: [GC (Allocation Failure) [PSYoungGen: 54080K->1376K(54784K)] 429953K->377249K(733696K), 0.0024526 secs] [Times: user=0.01 sys=0.00, real=0.00 secs] 
2374.835: [GC (Allocation Failure) [PSYoungGen: 54112K->1408K(54784K)] 429985K->377281K(733696K), 0.0032202 secs] [Times: user=0.01 sys=0.00, real=0.00 secs] 
2375.445: [GC (Allocation Failure) [PSYoungGen: 54144K->1408K(54784K)] 430017K->377281K(733696K), 0.0031186 secs] [Times: user=0.01 sys=0.00, real=0.00 secs] 
2376.168: [GC (Allocation Failure) [PSYoungGen: 54144K->1344K(54272K)] 430017K->377217K(733184K), 0.0042273 secs] [Times: user=0.02 sys=0.00, real=0.00 secs] 
2376.858: [GC (Allocation Failure) [PSYoungGen: 54080K->1312K(54272K)] 429953K->377185K(733184K), 0.0042195 secs] [Times: user=0.01 sys=0.00, real=0.00 secs] 
2377.418: [GC (Allocation Failure) [PSYoungGen: 54048K->336K(53760K)] 429921K->377233K(732672K), 0.0039996 secs] [Times: user=0.01 sys=0.00, real=0.00 secs] 
2378.855: [GC (Allocation Failure) [PSYoungGen: 53072K->1392K(54784K)] 429969K->378305K(733696K), 0.0016954 secs] [Times: user=0.00 sys=0.00, real=0.00 secs] 
2379.320: [GC (Allocation Failure) [PSYoungGen: 54128K->1408K(54784K)] 431041K->378321K(733696K), 0.0017223 secs] [Times: user=0.00 sys=0.00, real=0.00 secs] 
2379.785: [GC (Allocation Failure) [PSYoungGen: 54144K->1376K(54784K)] 431057K->378289K(733696K), 0.0022144 secs] [Times: user=0.01 sys=0.00, real=0.00 secs] 
2380.226: [GC (Allocation Failure) [PSYoungGen: 54112K->1376K(54784K)] 431025K->378289K(733696K), 0.0021451 secs] [Times: user=0.00 sys=0.00, real=0.00 secs] 
2380.667: [GC (Allocation Failure) [PSYoungGen: 54112K->1376K(54784K)] 431025K->378289K(733696K), 0.0021795 secs] [Times: user=0.01 sys=0.00, real=0.00 secs] 
2381.847: [GC (Allocation Failure) [PSYoungGen: 54112K->1392K(54784K)] 431025K->378305K(733696K), 0.0016897 secs] [Times: user=0.01 sys=0.00, real=0.00 secs] 
2382.075: [GC (Allocation Failure) [PSYoungGen: 54128K->1312K(54784K)] 431041K->378225K(733696K), 0.0016439 secs] [Times: user=0.01 sys=0.00, real=0.00 secs] 
2382.430: [GC (Allocation Failure) [PSYoungGen: 54048K->1392K(54784K)] 430961K->378305K(733696K), 0.0018032 secs] [Times: user=0.01 sys=0.00, real=0.00 secs] 
2382.978: [GC (Allocation Failure) [PSYoungGen: 54128K->1344K(54784K)] 431041K->378257K(733696K), 0.0023579 secs] [Times: user=0.01 sys=0.00, real=0.00 secs] 
2383.516: [GC (Allocation Failure) [PSYoungGen: 54080K->1376K(54784K)] 430993K->378289K(733696K), 0.0023656 secs] [Times: user=0.01 sys=0.00, real=0.00 secs] 
2384.090: [GC (Allocation Failure) [PSYoungGen: 54112K->1376K(54784K)] 431025K->378289K(733696K), 0.0035017 secs] [Times: user=0.02 sys=0.00, real=0.01 secs] 
2385.234: [GC (Allocation Failure) [PSYoungGen: 54112K->1440K(54784K)] 431025K->378353K(733696K), 0.0018720 secs] [Times: user=0.01 sys=0.00, real=0.00 secs] 
2385.511: [GC (Allocation Failure) [PSYoungGen: 54176K->1408K(54784K)] 431089K->378321K(733696K), 0.0020636 secs] [Times: user=0.01 sys=0.00, real=0.01 secs] 
2385.806: [GC (Allocation Failure) [PSYoungGen: 54144K->1408K(54784K)] 431057K->378321K(733696K), 0.0026087 secs] [Times: user=0.02 sys=0.00, real=0.00 secs] 
2386.298: [GC (Allocation Failure) [PSYoungGen: 54144K->1376K(54784K)] 431057K->378289K(733696K), 0.0025379 secs] [Times: user=0.01 sys=0.00, real=0.00 secs] 
2386.698: [GC (Allocation Failure) [PSYoungGen: 54112K->1408K(54784K)] 431025K->378337K(733696K), 0.0023541 secs] [Times: user=0.01 sys=0.00, real=0.00 secs] 
2388.122: [GC (Allocation Failure) [PSYoungGen: 54144K->1408K(54784K)] 431073K->378337K(733696K), 0.0023286 secs] [Times: user=0.01 sys=0.00, real=0.01 secs] 
2388.534: [GC (Allocation Failure) [PSYoungGen: 54144K->1376K(54784K)] 431073K->378305K(733696K), 0.0020549 secs] [Times: user=0.01 sys=0.00, real=0.00 secs] 
2388.847: [GC (Allocation Failure) [PSYoungGen: 54112K->1376K(54272K)] 431041K->378305K(733184K), 0.0021756 secs] [Times: user=0.00 sys=0.00, real=0.00 secs] 
2389.320: [GC (Allocation Failure) [PSYoungGen: 54112K->1344K(54272K)] 431041K->378273K(733184K), 0.0020120 secs] [Times: user=0.01 sys=0.00, real=0.00 secs] 
2389.767: [GC (Allocation Failure) [PSYoungGen: 54080K->1344K(54272K)] 431009K->378273K(733184K), 0.0020771 secs] [Times: user=0.01 sys=0.00, real=0.00 secs] 
2390.941: [GC (Allocation Failure) [PSYoungGen: 54080K->1504K(53760K)] 431009K->378631K(732672K), 0.0018480 secs] [Times: user=0.01 sys=0.00, real=0.01 secs] 
2391.206: [GC (Allocation Failure) [PSYoungGen: 53728K->1552K(54272K)] 430855K->378679K(733184K), 0.0023397 secs] [Times: user=0.01 sys=0.00, real=0.00 secs] 
2391.448: [GC (Allocation Failure) [PSYoungGen: 53776K->1536K(54272K)] 430903K->378663K(733184K), 0.0021406 secs] [Times: user=0.01 sys=0.00, real=0.00 secs] 
2391.672: [GC (Allocation Failure) [PSYoungGen: 53760K->1536K(54272K)] 430887K->378663K(733184K), 0.0020866 secs] [Times: user=0.00 sys=0.00, real=0.01 secs] 
2391.891: [GC (Allocation Failure) [PSYoungGen: 53760K->1504K(54272K)] 430887K->378631K(733184K), 0.0024677 secs] [Times: user=0.01 sys=0.00, real=0.01 secs] 
2392.158: [GC (Allocation Failure) [PSYoungGen: 53728K->1552K(54272K)] 430855K->378679K(733184K), 0.0019768 secs] [Times: user=0.01 sys=0.00, real=0.00 secs] 
2393.123: [GC (Allocation Failure) [PSYoungGen: 53776K->1840K(54272K)] 430903K->378967K(733184K), 0.0017998 secs] [Times: user=0.01 sys=0.00, real=0.01 secs] 
2393.339: [GC (Allocation Failure) [PSYoungGen: 54064K->1808K(54272K)] 431191K->378935K(733184K), 0.0016845 secs] [Times: user=0.01 sys=0.00, real=0.00 secs] 
2393.781: [GC (Allocation Failure) [PSYoungGen: 54032K->1824K(54272K)] 431159K->378951K(733184K), 0.0023330 secs] [Times: user=0.01 sys=0.00, real=0.01 secs] 
2394.209: [GC (Allocation Failure) [PSYoungGen: 54048K->1837K(54272K)] 431175K->378964K(733184K), 0.0035231 secs] [Times: user=0.01 sys=0.00, real=0.01 secs] 
2394.616: [GC (Allocation Failure) [PSYoungGen: 54061K->1837K(53760K)] 431188K->378988K(732672K), 0.0029572 secs] [Times: user=0.01 sys=0.00, real=0.00 secs] 
2395.787: [GC (Allocation Failure) [PSYoungGen: 53549K->1856K(54272K)] 430700K->379007K(733184K), 0.0020233 secs] [Times: user=0.01 sys=0.00, real=0.00 secs] 
2396.009: [GC (Allocation Failure) [PSYoungGen: 53568K->1856K(54272K)] 430719K->379007K(733184K), 0.0029316 secs] [Times: user=0.01 sys=0.01, real=0.00 secs] 
2396.363: [GC (Allocation Failure) [PSYoungGen: 53568K->1869K(54272K)] 430719K->379020K(733184K), 0.0026290 secs] [Times: user=0.01 sys=0.00, real=0.00 secs] 
2396.779: [GC (Allocation Failure) [PSYoungGen: 53581K->1840K(54272K)] 430732K->378991K(733184K), 0.0021673 secs] [Times: user=0.01 sys=0.00, real=0.00 secs] 
2397.280: [GC (Allocation Failure) [PSYoungGen: 53552K->1469K(54272K)] 430703K->379034K(733184K), 0.0025055 secs] [Times: user=0.01 sys=0.00, real=0.00 secs] 
2397.743: [GC (Allocation Failure) [PSYoungGen: 53181K->1440K(54272K)] 430746K->379005K(733184K), 0.0023984 secs] [Times: user=0.01 sys=0.00, real=0.00 secs] 
2398.869: [GC (Allocation Failure) [PSYoungGen: 53152K->1472K(54272K)] 430717K->379045K(733184K), 0.0019192 secs] [Times: user=0.01 sys=0.00, real=0.00 secs] 
2399.084: [GC (Allocation Failure) [PSYoungGen: 53184K->1408K(54272K)] 430757K->378981K(733184K), 0.0019009 secs] [Times: user=0.01 sys=0.00, real=0.00 secs] 
2399.325: [GC (Allocation Failure) [PSYoungGen: 53120K->1440K(54272K)] 430693K->379013K(733184K), 0.0019285 secs] [Times: user=0.01 sys=0.00, real=0.00 secs] 
2399.883: [GC (Allocation Failure) [PSYoungGen: 53152K->1405K(54272K)] 430725K->378978K(733184K), 0.0029823 secs] [Times: user=0.01 sys=0.00, real=0.00 secs] 
2400.649: [GC (Allocation Failure) [PSYoungGen: 53117K->1376K(54272K)] 430690K->378986K(733184K), 0.0033903 secs] [Times: user=0.01 sys=0.00, real=0.00 secs] 
2402.480: [GC (Allocation Failure) [PSYoungGen: 53088K->1408K(53248K)] 430698K->379018K(732160K), 0.0042459 secs] [Times: user=0.02 sys=0.00, real=0.01 secs] 
2402.838: [GC (Allocation Failure) [PSYoungGen: 53120K->1376K(53760K)] 430730K->378986K(732672K), 0.0023068 secs] [Times: user=0.00 sys=0.00, real=0.00 secs] 
2403.052: [GC (Allocation Failure) [PSYoungGen: 53088K->1344K(53760K)] 430698K->378954K(732672K), 0.0020219 secs] [Times: user=0.01 sys=0.00, real=0.01 secs] 
2403.317: [GC (Allocation Failure) [PSYoungGen: 53056K->1376K(53760K)] 430666K->378986K(732672K), 0.0019934 secs] [Times: user=0.00 sys=0.00, real=0.00 secs] 
2403.573: [GC (Allocation Failure) [PSYoungGen: 53088K->1376K(53760K)] 430698K->378994K(732672K), 0.0022009 secs] [Times: user=0.01 sys=0.00, real=0.01 secs] 
2403.787: [GC (Allocation Failure) [PSYoungGen: 53088K->1408K(53760K)] 430706K->379026K(732672K), 0.0020095 secs] [Times: user=0.01 sys=0.00, real=0.00 secs] 
2405.091: [GC (Allocation Failure) [PSYoungGen: 53120K->1392K(53760K)] 430738K->379010K(732672K), 0.0019874 secs] [Times: user=0.01 sys=0.00, real=0.01 secs] 
2405.578: [GC (Allocation Failure) [PSYoungGen: 53104K->1408K(53760K)] 430722K->379026K(732672K), 0.0022657 secs] [Times: user=0.01 sys=0.00, real=0.00 secs] 
2405.936: [GC (Allocation Failure) [PSYoungGen: 53120K->1312K(53760K)] 430738K->378930K(732672K), 0.0021664 secs] [Times: user=0.01 sys=0.00, real=0.00 secs] 
2406.317: [GC (Allocation Failure) [PSYoungGen: 53024K->1376K(53760K)] 430642K->378994K(732672K), 0.0020971 secs] [Times: user=0.01 sys=0.01, real=0.00 secs] 
2406.701: [GC (Allocation Failure) [PSYoungGen: 53088K->1408K(53760K)] 430706K->379050K(732672K), 0.0020274 secs] [Times: user=0.01 sys=0.00, real=0.01 secs] 
2408.106: [GC (Allocation Failure) [PSYoungGen: 53120K->1408K(53760K)] 430762K->379050K(732672K), 0.0033440 secs] [Times: user=0.02 sys=0.00, real=0.00 secs] 
2408.540: [GC (Allocation Failure) [PSYoungGen: 53120K->1328K(53760K)] 430762K->378970K(732672K), 0.0024904 secs] [Times: user=0.01 sys=0.00, real=0.01 secs] 
2409.061: [GC (Allocation Failure) [PSYoungGen: 53040K->1424K(53760K)] 430682K->379066K(732672K), 0.0025303 secs] [Times: user=0.01 sys=0.00, real=0.01 secs] 
2409.543: [GC (Allocation Failure) [PSYoungGen: 53136K->1424K(53760K)] 430778K->379066K(732672K), 0.0025576 secs] [Times: user=0.01 sys=0.00, real=0.00 secs] 
2409.991: [GC (Allocation Failure) [PSYoungGen: 53136K->1376K(53760K)] 430778K->379018K(732672K), 0.0023306 secs] [Times: user=0.01 sys=0.00, real=0.01 secs] 
2411.096: [GC (Allocation Failure) [PSYoungGen: 53088K->192K(53760K)] 430730K->377834K(732672K), 0.0014973 secs] [Times: user=0.01 sys=0.00, real=0.00 secs] 
2411.327: [GC (Allocation Failure) [PSYoungGen: 51904K->1440K(53760K)] 429546K->379082K(732672K), 0.0016851 secs] [Times: user=0.01 sys=0.00, real=0.00 secs] 
2411.542: [GC (Allocation Failure) [PSYoungGen: 53152K->1408K(53760K)] 430794K->379050K(732672K), 0.0015516 secs] [Times: user=0.00 sys=0.00, real=0.01 secs] 
2411.756: [GC (Allocation Failure) [PSYoungGen: 53120K->1408K(53760K)] 430762K->379050K(732672K), 0.0015505 secs] [Times: user=0.00 sys=0.00, real=0.00 secs] 
2411.970: [GC (Allocation Failure) [PSYoungGen: 53120K->1440K(53760K)] 430762K->379082K(732672K), 0.0024344 secs] [Times: user=0.01 sys=0.00, real=0.00 secs] 
2412.185: [GC (Allocation Failure) [PSYoungGen: 53152K->1408K(53760K)] 430794K->379050K(732672K), 0.0021487 secs] [Times: user=0.01 sys=0.00, real=0.00 secs] 
2413.095: [GC (Allocation Failure) [PSYoungGen: 53120K->1376K(53760K)] 430762K->379018K(732672K), 0.0018701 secs] [Times: user=0.01 sys=0.00, real=0.00 secs] 
2413.310: [GC (Allocation Failure) [PSYoungGen: 53088K->1376K(53760K)] 430730K->379018K(732672K), 0.0017818 secs] [Times: user=0.01 sys=0.00, real=0.00 secs] 
2413.525: [GC (Allocation Failure) [PSYoungGen: 53088K->1408K(53760K)] 430730K->379050K(732672K), 0.0018993 secs] [Times: user=0.00 sys=0.00, real=0.00 secs] 
2413.740: [GC (Allocation Failure) [PSYoungGen: 53120K->1376K(53760K)] 430762K->379018K(732672K), 0.0019322 secs] [Times: user=0.01 sys=0.00, real=0.00 secs] 
2414.005: [GC (Allocation Failure) [PSYoungGen: 53088K->1344K(53760K)] 430730K->379010K(732672K), 0.0020997 secs] [Times: user=0.01 sys=0.00, real=0.00 secs] 
2415.132: [GC (Allocation Failure) [PSYoungGen: 53056K->1696K(53760K)] 430722K->379362K(732672K), 0.0019233 secs] [Times: user=0.01 sys=0.00, real=0.01 secs] 
2416.134: [GC (Allocation Failure) [PSYoungGen: 53408K->1344K(53760K)] 431074K->379018K(732672K), 0.0042745 secs] [Times: user=0.02 sys=0.00, real=0.00 secs] 
2416.726: [GC (Allocation Failure) [PSYoungGen: 53056K->1360K(53760K)] 430730K->379042K(732672K), 0.0029484 secs] [Times: user=0.01 sys=0.00, real=0.00 secs] 
2417.392: [GC (Allocation Failure) [PSYoungGen: 53072K->1408K(53760K)] 430754K->379090K(732672K), 0.0035918 secs] [Times: user=0.02 sys=0.00, real=0.01 secs] 
2418.048: [GC (Allocation Failure) [PSYoungGen: 53120K->1360K(53760K)] 430802K->379042K(732672K), 0.0038460 secs] [Times: user=0.01 sys=0.00, real=0.00 secs] 
2418.694: [GC (Allocation Failure) [PSYoungGen: 53072K->1376K(53760K)] 430754K->379058K(732672K), 0.0036811 secs] [Times: user=0.02 sys=0.00, real=0.00 secs] 
2420.641: [GC (Allocation Failure) [PSYoungGen: 53088K->1424K(53760K)] 430770K->379106K(732672K), 0.0042717 secs] [Times: user=0.02 sys=0.00, real=0.01 secs] 
2421.206: [GC (Allocation Failure) [PSYoungGen: 53136K->1392K(53760K)] 430818K->379074K(732672K), 0.0027396 secs] [Times: user=0.01 sys=0.00, real=0.00 secs] 
2421.638: [GC (Allocation Failure) [PSYoungGen: 53104K->1344K(53760K)] 430786K->379026K(732672K), 0.0022966 secs] [Times: user=0.01 sys=0.00, real=0.00 secs] 
2422.069: [GC (Allocation Failure) [PSYoungGen: 53056K->1376K(53760K)] 430738K->379058K(732672K), 0.0023011 secs] [Times: user=0.01 sys=0.00, real=0.00 secs] 
2422.284: [GC (Allocation Failure) [PSYoungGen: 53088K->1408K(53760K)] 430770K->379090K(732672K), 0.0043083 secs] [Times: user=0.01 sys=0.00, real=0.00 secs] 
2423.313: [GC (Allocation Failure) [PSYoungGen: 53120K->1920K(53760K)] 430802K->379602K(732672K), 0.0022093 secs] [Times: user=0.01 sys=0.00, real=0.00 secs] 
2424.204: [GC (Allocation Failure) [PSYoungGen: 53632K->1408K(53760K)] 431314K->379090K(732672K), 0.0041322 secs] [Times: user=0.01 sys=0.00, real=0.00 secs] 
2424.921: [GC (Allocation Failure) [PSYoungGen: 53120K->1376K(53760K)] 430802K->379058K(732672K), 0.0038958 secs] [Times: user=0.01 sys=0.00, real=0.01 secs] 
2425.457: [GC (Allocation Failure) [PSYoungGen: 53088K->1408K(53760K)] 430770K->379090K(732672K), 0.0033656 secs] [Times: user=0.02 sys=0.00, real=0.00 secs] 
2425.875: [GC (Allocation Failure) [PSYoungGen: 53120K->1376K(53760K)] 430802K->379058K(732672K), 0.0026811 secs] [Times: user=0.01 sys=0.00, real=0.00 secs] 
2426.501: [GC (Allocation Failure) [PSYoungGen: 53088K->1408K(53760K)] 430770K->379090K(732672K), 0.0042495 secs] [Times: user=0.02 sys=0.00, real=0.01 secs] 
2428.041: [GC (Allocation Failure) [PSYoungGen: 53120K->1424K(53760K)] 430802K->379106K(732672K), 0.0017973 secs] [Times: user=0.01 sys=0.00, real=0.00 secs] 
2428.676: [GC (Allocation Failure) [PSYoungGen: 53136K->1376K(53760K)] 430818K->379066K(732672K), 0.0042496 secs] [Times: user=0.02 sys=0.00, real=0.00 secs] 
2429.076: [GC (Allocation Failure) [PSYoungGen: 53088K->1392K(53760K)] 430778K->379090K(732672K), 0.0027901 secs] [Times: user=0.02 sys=0.00, real=0.00 secs] 
2429.475: [GC (Allocation Failure) [PSYoungGen: 53104K->1376K(53760K)] 430802K->379082K(732672K), 0.0019973 secs] [Times: user=0.01 sys=0.00, real=0.00 secs] 
2429.690: [GC (Allocation Failure) [PSYoungGen: 53088K->1344K(53760K)] 430794K->379050K(732672K), 0.0020768 secs] [Times: user=0.01 sys=0.00, real=0.00 secs] 
2430.583: [GC (Allocation Failure) [PSYoungGen: 53056K->1440K(53760K)] 430762K->379146K(732672K), 0.0017993 secs] [Times: user=0.01 sys=0.00, real=0.01 secs] 
2430.798: [GC (Allocation Failure) [PSYoungGen: 53152K->1408K(53760K)] 430858K->379114K(732672K), 0.0018036 secs] [Times: user=0.01 sys=0.00, real=0.00 secs] 
2431.012: [GC (Allocation Failure) [PSYoungGen: 53120K->1376K(53760K)] 430826K->379082K(732672K), 0.0018192 secs] [Times: user=0.01 sys=0.00, real=0.01 secs] 
2431.227: [GC (Allocation Failure) [PSYoungGen: 53088K->1376K(53248K)] 430794K->379082K(732160K), 0.0025399 secs] [Times: user=0.00 sys=0.00, real=0.00 secs] 
2431.443: [GC (Allocation Failure) [PSYoungGen: 53088K->1376K(53248K)] 430794K->379082K(732160K), 0.0024784 secs] [Times: user=0.01 sys=0.00, real=0.01 secs] 
2431.662: [GC (Allocation Failure) [PSYoungGen: 53088K->352K(52736K)] 430794K->379082K(731648K), 0.0027087 secs] [Times: user=0.01 sys=0.00, real=0.01 secs] 
2433.207: [GC (Allocation Failure) [PSYoungGen: 52064K->1472K(53760K)] 430794K->380202K(732672K), 0.0033001 secs] [Times: user=0.01 sys=0.00, real=0.00 secs] 
2433.476: [GC (Allocation Failure) [PSYoungGen: 53184K->1344K(53760K)] 431914K->380074K(732672K), 0.0021929 secs] [Times: user=0.01 sys=0.00, real=0.00 secs] 
2433.714: [GC (Allocation Failure) [PSYoungGen: 53056K->1424K(53760K)] 431786K->380154K(732672K), 0.0020298 secs] [Times: user=0.01 sys=0.00, real=0.00 secs] 
2433.971: [GC (Allocation Failure) [PSYoungGen: 53136K->1344K(53760K)] 431866K->380074K(732672K), 0.0020631 secs] [Times: user=0.01 sys=0.00, real=0.01 secs] 
2434.355: [GC (Allocation Failure) [PSYoungGen: 53056K->1376K(53760K)] 431786K->380106K(732672K), 0.0020798 secs] [Times: user=0.01 sys=0.00, real=0.00 secs] 
2435.700: [GC (Allocation Failure) [PSYoungGen: 53088K->1376K(53760K)] 431818K->380114K(732672K), 0.0029913 secs] [Times: user=0.01 sys=0.00, real=0.01 secs] 
2436.180: [GC (Allocation Failure) [PSYoungGen: 53088K->1344K(53760K)] 431826K->380082K(732672K), 0.0028203 secs] [Times: user=0.01 sys=0.00, real=0.00 secs] 
2436.438: [GC (Allocation Failure) [PSYoungGen: 53056K->1376K(53760K)] 431794K->380114K(732672K), 0.0025054 secs] [Times: user=0.01 sys=0.00, real=0.00 secs] 
2436.878: [GC (Allocation Failure) [PSYoungGen: 53088K->1360K(53760K)] 431826K->380098K(732672K), 0.0032932 secs] [Times: user=0.01 sys=0.00, real=0.00 secs] 
2437.408: [GC (Allocation Failure) [PSYoungGen: 53072K->1376K(53760K)] 431810K->380114K(732672K), 0.0040420 secs] [Times: user=0.02 sys=0.00, real=0.00 secs] 
2437.915: [GC (Allocation Failure) [PSYoungGen: 53088K->1344K(53760K)] 431826K->380082K(732672K), 0.0031917 secs] [Times: user=0.02 sys=0.00, real=0.00 secs] 
2439.389: [GC (Allocation Failure) [PSYoungGen: 53056K->1472K(53760K)] 431794K->380210K(732672K), 0.0041878 secs] [Times: user=0.02 sys=0.00, real=0.01 secs] 
2439.816: [GC (Allocation Failure) [PSYoungGen: 53184K->1408K(53760K)] 431922K->380146K(732672K), 0.0035973 secs] [Times: user=0.02 sys=0.00, real=0.00 secs] 
2440.133: [GC (Allocation Failure) [PSYoungGen: 53120K->1408K(53760K)] 431858K->380146K(732672K), 0.0020398 secs] [Times: user=0.00 sys=0.01, real=0.01 secs] 
2440.546: [GC (Allocation Failure) [PSYoungGen: 53120K->1376K(53760K)] 431858K->380114K(732672K), 0.0019309 secs] [Times: user=0.01 sys=0.00, real=0.00 secs] 
2441.146: [GC (Allocation Failure) [PSYoungGen: 53088K->1360K(53248K)] 431826K->380098K(732160K), 0.0024055 secs] [Times: user=0.01 sys=0.00, real=0.00 secs] 
2442.459: [GC (Allocation Failure) [PSYoungGen: 53072K->1408K(53248K)] 431810K->380146K(732160K), 0.0021775 secs] [Times: user=0.00 sys=0.00, real=0.00 secs] 
2442.680: [GC (Allocation Failure) [PSYoungGen: 53120K->352K(52736K)] 431858K->380114K(731648K), 0.0023529 secs] [Times: user=0.01 sys=0.00, real=0.00 secs] 
2442.891: [GC (Allocation Failure) [PSYoungGen: 52064K->336K(53760K)] 431826K->380098K(732672K), 0.0019432 secs] [Times: user=0.01 sys=0.00, real=0.00 secs] 
2443.106: [GC (Allocation Failure) [PSYoungGen: 52048K->384K(53760K)] 431810K->380146K(732672K), 0.0021370 secs] [Times: user=0.01 sys=0.00, real=0.00 secs] 
2443.321: [GC (Allocation Failure) [PSYoungGen: 52096K->352K(53760K)] 431858K->380114K(732672K), 0.0019644 secs] [Times: user=0.00 sys=0.00, real=0.01 secs] 
2443.536: [GC (Allocation Failure) [PSYoungGen: 52064K->384K(53760K)] 431826K->380146K(732672K), 0.0020373 secs] [Times: user=0.01 sys=0.00, real=0.00 secs] 
2445.209: [GC (Allocation Failure) [PSYoungGen: 52096K->1424K(53760K)] 431858K->381186K(732672K), 0.0025420 secs] [Times: user=0.01 sys=0.00, real=0.00 secs] 
2445.705: [GC (Allocation Failure) [PSYoungGen: 53136K->1376K(53248K)] 432898K->381138K(732160K), 0.0029396 secs] [Times: user=0.01 sys=0.00, real=0.00 secs] 
2446.224: [GC (Allocation Failure) [PSYoungGen: 52576K->1392K(53760K)] 432338K->381154K(732672K), 0.0029110 secs] [Times: user=0.01 sys=0.00, real=0.00 secs] 
2446.709: [GC (Allocation Failure) [PSYoungGen: 52592K->1376K(53760K)] 432354K->381138K(732672K), 0.0073752 secs] [Times: user=0.04 sys=0.00, real=0.01 secs] 
2447.320: [GC (Allocation Failure) [PSYoungGen: 52576K->1360K(53760K)] 432338K->381138K(732672K), 0.0028030 secs] [Times: user=0.01 sys=0.00, real=0.00 secs] 
2448.729: [GC (Allocation Failure) [PSYoungGen: 52560K->1376K(53760K)] 432338K->381154K(732672K), 0.0020600 secs] [Times: user=0.01 sys=0.00, real=0.00 secs] 
2449.062: [GC (Allocation Failure) [PSYoungGen: 52576K->1360K(53760K)] 432354K->381138K(732672K), 0.0020277 secs] [Times: user=0.01 sys=0.00, real=0.01 secs] 
2449.275: [GC (Allocation Failure) [PSYoungGen: 52560K->1344K(52736K)] 432338K->381122K(731648K), 0.0020449 secs] [Times: user=0.01 sys=0.00, real=0.00 secs] 
2449.489: [GC (Allocation Failure) [PSYoungGen: 52544K->1376K(53248K)] 432322K->381154K(732160K), 0.0020263 secs] [Times: user=0.00 sys=0.01, real=0.00 secs] 
2449.755: [GC (Allocation Failure) [PSYoungGen: 52576K->1408K(53248K)] 432354K->381186K(732160K), 0.0020237 secs] [Times: user=0.01 sys=0.00, real=0.00 secs] 
2450.035: [GC (Allocation Failure) [PSYoungGen: 52608K->1376K(53248K)] 432386K->381154K(732160K), 0.0019462 secs] [Times: user=0.01 sys=0.00, real=0.00 secs] 
2450.994: [GC (Allocation Failure) [PSYoungGen: 52576K->1408K(53248K)] 432354K->381186K(732160K), 0.0018456 secs] [Times: user=0.01 sys=0.00, real=0.00 secs] 
2451.206: [GC (Allocation Failure) [PSYoungGen: 52608K->1376K(53248K)] 432386K->381154K(732160K), 0.0018123 secs] [Times: user=0.00 sys=0.00, real=0.00 secs] 
2451.424: [GC (Allocation Failure) [PSYoungGen: 52576K->1360K(53248K)] 432354K->381138K(732160K), 0.0018442 secs] [Times: user=0.00 sys=0.00, real=0.00 secs] 
2451.666: [GC (Allocation Failure) [PSYoungGen: 52560K->1376K(53248K)] 432338K->381154K(732160K), 0.0019585 secs] [Times: user=0.01 sys=0.00, real=0.00 secs] 
2451.994: [GC (Allocation Failure) [PSYoungGen: 52576K->1392K(53248K)] 432354K->381170K(732160K), 0.0020566 secs] [Times: user=0.01 sys=0.00, real=0.00 secs] 
2453.012: [GC (Allocation Failure) [PSYoungGen: 52592K->1408K(53248K)] 432370K->381186K(732160K), 0.0045078 secs] [Times: user=0.03 sys=0.00, real=0.01 secs] 
2453.429: [GC (Allocation Failure) [PSYoungGen: 52608K->1408K(53248K)] 432386K->381186K(732160K), 0.0028633 secs] [Times: user=0.01 sys=0.00, real=0.00 secs] 
2453.819: [GC (Allocation Failure) [PSYoungGen: 52608K->1344K(53248K)] 432386K->381122K(732160K), 0.0040233 secs] [Times: user=0.02 sys=0.00, real=0.01 secs] 
2454.244: [GC (Allocation Failure) [PSYoungGen: 52544K->1360K(53248K)] 432322K->381138K(732160K), 0.0028319 secs] [Times: user=0.02 sys=0.00, real=0.00 secs] 
2454.664: [GC (Allocation Failure) [PSYoungGen: 52560K->1376K(53248K)] 432338K->381178K(732160K), 0.0025109 secs] [Times: user=0.01 sys=0.00, real=0.00 secs] 
2455.081: [GC (Allocation Failure) [PSYoungGen: 52576K->1376K(53248K)] 432378K->381178K(732160K), 0.0025627 secs] [Times: user=0.01 sys=0.00, real=0.01 secs] 
2456.296: [GC (Allocation Failure) [PSYoungGen: 52576K->1408K(53248K)] 432378K->381210K(732160K), 0.0016442 secs] [Times: user=0.01 sys=0.00, real=0.00 secs] 
2456.735: [GC (Allocation Failure) [PSYoungGen: 52608K->1344K(53248K)] 432410K->381146K(732160K), 0.0018947 secs] [Times: user=0.01 sys=0.00, real=0.00 secs] 
2457.164: [GC (Allocation Failure) [PSYoungGen: 52544K->1408K(53248K)] 432346K->381210K(732160K), 0.0017342 secs] [Times: user=0.01 sys=0.01, real=0.00 secs] 
2457.599: [GC (Allocation Failure) [PSYoungGen: 52608K->1344K(53248K)] 432410K->381146K(732160K), 0.0040064 secs] [Times: user=0.02 sys=0.00, real=0.01 secs] 
2458.045: [GC (Allocation Failure) [PSYoungGen: 52544K->1408K(53248K)] 432346K->381210K(732160K), 0.0032627 secs] [Times: user=0.02 sys=0.00, real=0.00 secs] 
2459.266: [GC (Allocation Failure) [PSYoungGen: 52608K->1440K(53248K)] 432410K->381242K(732160K), 0.0019755 secs] [Times: user=0.00 sys=0.00, real=0.00 secs] 
2459.499: [GC (Allocation Failure) [PSYoungGen: 52640K->1360K(53248K)] 432442K->381162K(732160K), 0.0019871 secs] [Times: user=0.01 sys=0.00, real=0.00 secs] 
2459.712: [GC (Allocation Failure) [PSYoungGen: 52560K->1424K(53248K)] 432362K->381226K(732160K), 0.0016950 secs] [Times: user=0.01 sys=0.00, real=0.01 secs] 
2460.014: [GC (Allocation Failure) [PSYoungGen: 52624K->1376K(53248K)] 432426K->381178K(732160K), 0.0020416 secs] [Times: user=0.01 sys=0.00, real=0.00 secs] 
2460.227: [GC (Allocation Failure) [PSYoungGen: 52576K->1376K(53248K)] 432378K->381178K(732160K), 0.0021089 secs] [Times: user=0.01 sys=0.00, real=0.00 secs] 
2460.501: [GC (Allocation Failure) [PSYoungGen: 52576K->1344K(53248K)] 432378K->381146K(732160K), 0.0021397 secs] [Times: user=0.01 sys=0.00, real=0.01 secs] 
2461.488: [GC (Allocation Failure) [PSYoungGen: 52544K->1408K(53248K)] 432346K->381210K(732160K), 0.0017679 secs] [Times: user=0.01 sys=0.00, real=0.00 secs] 
2461.785: [GC (Allocation Failure) [PSYoungGen: 52608K->1408K(53248K)] 432410K->381210K(732160K), 0.0020529 secs] [Times: user=0.01 sys=0.00, real=0.00 secs] 
2462.102: [GC (Allocation Failure) [PSYoungGen: 52608K->1376K(52736K)] 432410K->381178K(731648K), 0.0020378 secs] [Times: user=0.01 sys=0.00, real=0.01 secs] 
2462.315: [GC (Allocation Failure) [PSYoungGen: 52576K->1376K(52736K)] 432378K->381178K(731648K), 0.0019699 secs] [Times: user=0.01 sys=0.00, real=0.00 secs] 
2462.527: [GC (Allocation Failure) [PSYoungGen: 52576K->384K(52224K)] 432378K->381210K(731136K), 0.0020098 secs] [Times: user=0.01 sys=0.00, real=0.00 secs] 
2463.898: [GC (Allocation Failure) [PSYoungGen: 51584K->1440K(53248K)] 432410K->382266K(732160K), 0.0033636 secs] [Times: user=0.02 sys=0.00, real=0.00 secs] 
2464.411: [GC (Allocation Failure) [PSYoungGen: 52640K->1408K(53248K)] 433466K->382234K(732160K), 0.0028177 secs] [Times: user=0.02 sys=0.00, real=0.01 secs] 
2464.865: [GC (Allocation Failure) [PSYoungGen: 52608K->1344K(53248K)] 433434K->382170K(732160K), 0.0028652 secs] [Times: user=0.01 sys=0.01, real=0.00 secs] 
2465.237: [GC (Allocation Failure) [PSYoungGen: 52544K->1408K(53248K)] 433370K->382250K(732160K), 0.0023505 secs] [Times: user=0.01 sys=0.00, real=0.00 secs] 
2465.639: [GC (Allocation Failure) [PSYoungGen: 52608K->1376K(53248K)] 433450K->382234K(732160K), 0.0022910 secs] [Times: user=0.01 sys=0.00, real=0.00 secs] 
2466.057: [GC (Allocation Failure) [PSYoungGen: 52576K->1392K(53248K)] 433434K->382250K(732160K), 0.0022179 secs] [Times: user=0.01 sys=0.00, real=0.00 secs] 
2467.261: [GC (Allocation Failure) [PSYoungGen: 52592K->1408K(53248K)] 433450K->382266K(732160K), 0.0017412 secs] [Times: user=0.01 sys=0.00, real=0.00 secs] 
2467.761: [GC (Allocation Failure) [PSYoungGen: 52608K->1376K(53248K)] 433466K->382234K(732160K), 0.0041860 secs] [Times: user=0.02 sys=0.00, real=0.01 secs] 
2468.234: [GC (Allocation Failure) [PSYoungGen: 52576K->1328K(53248K)] 433434K->382186K(732160K), 0.0028915 secs] [Times: user=0.02 sys=0.00, real=0.00 secs] 
2468.586: [GC (Allocation Failure) [PSYoungGen: 52528K->1376K(53248K)] 433386K->382234K(732160K), 0.0023157 secs] [Times: user=0.01 sys=0.00, real=0.00 secs] 
2468.800: [GC (Allocation Failure) [PSYoungGen: 52576K->1408K(53248K)] 433434K->382266K(732160K), 0.0020956 secs] [Times: user=0.01 sys=0.00, real=0.00 secs] 
2470.101: [GC (Allocation Failure) [PSYoungGen: 52608K->1424K(53248K)] 433466K->382282K(732160K), 0.0032208 secs] [Times: user=0.02 sys=0.00, real=0.01 secs] 
2470.948: [GC (Allocation Failure) [PSYoungGen: 52624K->1408K(53248K)] 433482K->382266K(732160K), 0.0043058 secs] [Times: user=0.02 sys=0.00, real=0.00 secs] 
2471.806: [GC (Allocation Failure) [PSYoungGen: 52608K->1376K(53248K)] 433466K->382234K(732160K), 0.0042620 secs] [Times: user=0.02 sys=0.00, real=0.00 secs] 
2473.047: [GC (Allocation Failure) [PSYoungGen: 52576K->1344K(53248K)] 433434K->382202K(732160K), 0.0042426 secs] [Times: user=0.02 sys=0.00, real=0.00 secs] 
2473.644: [GC (Allocation Failure) [PSYoungGen: 52544K->1376K(53248K)] 433402K->382234K(732160K), 0.0041150 secs] [Times: user=0.02 sys=0.00, real=0.00 secs] 
2473.859: [GC (Allocation Failure) [PSYoungGen: 52576K->1408K(52736K)] 433434K->382266K(731648K), 0.0021030 secs] [Times: user=0.01 sys=0.00, real=0.00 secs] 
2475.628: [GC (Allocation Failure) [PSYoungGen: 52608K->1344K(52736K)] 433466K->382202K(731648K), 0.0032787 secs] [Times: user=0.01 sys=0.00, real=0.00 secs] 
2476.631: [GC (Allocation Failure) [PSYoungGen: 52544K->1376K(52736K)] 433402K->382234K(731648K), 0.0043404 secs] [Times: user=0.01 sys=0.00, real=0.01 secs] 
2477.077: [GC (Allocation Failure) [PSYoungGen: 52576K->1408K(52736K)] 433434K->382266K(731648K), 0.0028879 secs] [Times: user=0.01 sys=0.00, real=0.00 secs] 
2477.282: [GC (Allocation Failure) [PSYoungGen: 52608K->1376K(52736K)] 433466K->382234K(731648K), 0.0018993 secs] [Times: user=0.00 sys=0.00, real=0.01 secs] 
2477.560: [GC (Allocation Failure) [PSYoungGen: 52576K->1408K(52736K)] 433434K->382266K(731648K), 0.0022067 secs] [Times: user=0.01 sys=0.00, real=0.00 secs] 
2478.632: [GC (Allocation Failure) [PSYoungGen: 52608K->1424K(52736K)] 433466K->382282K(731648K), 0.0019025 secs] [Times: user=0.01 sys=0.00, real=0.01 secs] 
2479.248: [GC (Allocation Failure) [PSYoungGen: 52624K->1376K(52736K)] 433482K->382250K(731648K), 0.0020744 secs] [Times: user=0.01 sys=0.00, real=0.00 secs] 
2479.792: [GC (Allocation Failure) [PSYoungGen: 52576K->1344K(52736K)] 433450K->382218K(731648K), 0.0022535 secs] [Times: user=0.01 sys=0.00, real=0.01 secs] 
2480.196: [GC (Allocation Failure) [PSYoungGen: 52544K->1376K(52736K)] 433418K->382250K(731648K), 0.0022911 secs] [Times: user=0.01 sys=0.00, real=0.00 secs] 
2480.622: [GC (Allocation Failure) [PSYoungGen: 52576K->1408K(52736K)] 433450K->382282K(731648K), 0.0023989 secs] [Times: user=0.01 sys=0.00, real=0.01 secs] 
2481.087: [GC (Allocation Failure) [PSYoungGen: 52608K->1360K(52736K)] 433482K->382234K(731648K), 0.0023357 secs] [Times: user=0.01 sys=0.00, real=0.00 secs] 
2482.599: [GC (Allocation Failure) [PSYoungGen: 52560K->1440K(52736K)] 433434K->382314K(731648K), 0.0025059 secs] [Times: user=0.01 sys=0.00, real=0.00 secs] 
2483.316: [GC (Allocation Failure) [PSYoungGen: 52640K->1408K(52736K)] 433514K->382282K(731648K), 0.0041875 secs] [Times: user=0.01 sys=0.00, real=0.00 secs] 
2484.036: [GC (Allocation Failure) [PSYoungGen: 52608K->1376K(52736K)] 433482K->382250K(731648K), 0.0042249 secs] [Times: user=0.02 sys=0.00, real=0.00 secs] 
2484.610: [GC (Allocation Failure) [PSYoungGen: 52576K->1376K(52736K)] 433450K->382250K(731648K), 0.0035546 secs] [Times: user=0.01 sys=0.00, real=0.01 secs] 
2485.086: [GC (Allocation Failure) [PSYoungGen: 52576K->1408K(52736K)] 433450K->382282K(731648K), 0.0025541 secs] [Times: user=0.01 sys=0.00, real=0.00 secs] 
2486.374: [GC (Allocation Failure) [PSYoungGen: 52608K->1440K(52736K)] 433482K->382314K(731648K), 0.0018815 secs] [Times: user=0.01 sys=0.00, real=0.00 secs] 
2487.036: [GC (Allocation Failure) [PSYoungGen: 52640K->1376K(52736K)] 433514K->382250K(731648K), 0.0040707 secs] [Times: user=0.02 sys=0.00, real=0.00 secs] 
2487.542: [GC (Allocation Failure) [PSYoungGen: 52576K->1376K(52736K)] 433450K->382250K(731648K), 0.0028209 secs] [Times: user=0.01 sys=0.00, real=0.01 secs] 
2487.943: [GC (Allocation Failure) [PSYoungGen: 52576K->1376K(52736K)] 433450K->382250K(731648K), 0.0028558 secs] [Times: user=0.01 sys=0.00, real=0.00 secs] 
2488.572: [GC (Allocation Failure) [PSYoungGen: 52576K->1408K(52736K)] 433450K->382290K(731648K), 0.0035190 secs] [Times: user=0.02 sys=0.00, real=0.01 secs] 
2489.241: [GC (Allocation Failure) [PSYoungGen: 52608K->1376K(52736K)] 433490K->382258K(731648K), 0.0034248 secs] [Times: user=0.01 sys=0.00, real=0.01 secs] 
2491.044: [GC (Allocation Failure) [PSYoungGen: 52576K->1392K(52736K)] 433458K->382274K(731648K), 0.0033523 secs] [Times: user=0.01 sys=0.00, real=0.00 secs] 
2491.599: [GC (Allocation Failure) [PSYoungGen: 52592K->1376K(52736K)] 433474K->382258K(731648K), 0.0033934 secs] [Times: user=0.02 sys=0.00, real=0.00 secs] 
2492.161: [GC (Allocation Failure) [PSYoungGen: 52576K->1344K(52736K)] 433458K->382226K(731648K), 0.0028189 secs] [Times: user=0.01 sys=0.00, real=0.01 secs] 
2492.416: [GC (Allocation Failure) [PSYoungGen: 52544K->1376K(52736K)] 433426K->382258K(731648K), 0.0021131 secs] [Times: user=0.01 sys=0.00, real=0.00 secs] 
2492.735: [GC (Allocation Failure) [PSYoungGen: 52576K->1408K(52736K)] 433458K->382290K(731648K), 0.0022417 secs] [Times: user=0.01 sys=0.01, real=0.00 secs] 
2493.844: [GC (Allocation Failure) [PSYoungGen: 52608K->1392K(52736K)] 433490K->382274K(731648K), 0.0020018 secs] [Times: user=0.01 sys=0.00, real=0.00 secs] 
2494.056: [GC (Allocation Failure) [PSYoungGen: 52592K->1376K(52736K)] 433474K->382258K(731648K), 0.0017807 secs] [Times: user=0.01 sys=0.00, real=0.00 secs] 
2494.269: [GC (Allocation Failure) [PSYoungGen: 52576K->1376K(52736K)] 433458K->382258K(731648K), 0.0020012 secs] [Times: user=0.01 sys=0.00, real=0.00 secs] 
2494.486: [GC (Allocation Failure) [PSYoungGen: 52576K->1344K(52736K)] 433458K->382226K(731648K), 0.0016870 secs] [Times: user=0.00 sys=0.00, real=0.00 secs] 
2494.698: [GC (Allocation Failure) [PSYoungGen: 52544K->1408K(52736K)] 433426K->382290K(731648K), 0.0019668 secs] [Times: user=0.01 sys=0.00, real=0.00 secs] 
2494.911: [GC (Allocation Failure) [PSYoungGen: 52608K->1408K(52736K)] 433490K->382290K(731648K), 0.0021736 secs] [Times: user=0.01 sys=0.00, real=0.01 secs] 
2496.571: [GC (Allocation Failure) [PSYoungGen: 52608K->1408K(52736K)] 433490K->382290K(731648K), 0.0043025 secs] [Times: user=0.01 sys=0.00, real=0.01 secs] 
2497.278: [GC (Allocation Failure) [PSYoungGen: 52608K->1408K(52736K)] 433490K->382290K(731648K), 0.0036751 secs] [Times: user=0.02 sys=0.00, real=0.00 secs] 
2497.759: [GC (Allocation Failure) [PSYoungGen: 52608K->1376K(52736K)] 433490K->382282K(731648K), 0.0029380 secs] [Times: user=0.01 sys=0.00, real=0.00 secs] 
2498.239: [GC (Allocation Failure) [PSYoungGen: 52576K->1424K(52736K)] 433482K->382338K(731648K), 0.0030458 secs] [Times: user=0.01 sys=0.00, real=0.00 secs] 
2498.889: [GC (Allocation Failure) [PSYoungGen: 52624K->1408K(52736K)] 433538K->382330K(731648K), 0.0041745 secs] [Times: user=0.01 sys=0.00, real=0.01 secs] 
2500.122: [GC (Allocation Failure) [PSYoungGen: 52608K->896K(52736K)] 433530K->382842K(731648K), 0.0019402 secs] [Times: user=0.01 sys=0.00, real=0.01 secs] 
2500.373: [GC (Allocation Failure) [PSYoungGen: 52096K->352K(52736K)] 434042K->382298K(731648K), 0.0021306 secs] [Times: user=0.00 sys=0.00, real=0.00 secs] 
2500.614: [GC (Allocation Failure) [PSYoungGen: 51552K->336K(53248K)] 433498K->382282K(732160K), 0.0021076 secs] [Times: user=0.01 sys=0.00, real=0.00 secs] 
2500.827: [GC (Allocation Failure) [PSYoungGen: 51536K->320K(53248K)] 433482K->382266K(732160K), 0.0020754 secs] [Times: user=0.01 sys=0.00, real=0.00 secs] 
2501.041: [GC (Allocation Failure) [PSYoungGen: 51520K->368K(53248K)] 433466K->382314K(732160K), 0.0024105 secs] [Times: user=0.01 sys=0.00, real=0.01 secs] 
2501.359: [GC (Allocation Failure) [PSYoungGen: 51568K->368K(53248K)] 433514K->382314K(732160K), 0.0020404 secs] [Times: user=0.01 sys=0.00, real=0.00 secs] 
2502.596: [GC (Allocation Failure) [PSYoungGen: 51568K->1408K(53248K)] 433514K->383354K(732160K), 0.0018942 secs] [Times: user=0.01 sys=0.00, real=0.00 secs] 
2503.092: [GC (Allocation Failure) [PSYoungGen: 52608K->1408K(53248K)] 434554K->383354K(732160K), 0.0041111 secs] [Times: user=0.02 sys=0.00, real=0.01 secs] 
2503.311: [GC (Allocation Failure) [PSYoungGen: 52608K->1408K(53760K)] 434554K->383354K(732672K), 0.0021265 secs] [Times: user=0.01 sys=0.00, real=0.01 secs] 
2503.682: [GC (Allocation Failure) [PSYoungGen: 52608K->1408K(53760K)] 434554K->383354K(732672K), 0.0027699 secs] [Times: user=0.01 sys=0.00, real=0.01 secs] 
2504.288: [GC (Allocation Failure) [PSYoungGen: 52608K->1376K(53760K)] 434554K->383322K(732672K), 0.0066250 secs] [Times: user=0.03 sys=0.00, real=0.01 secs] 
2505.672: [GC (Allocation Failure) [PSYoungGen: 52576K->2496K(53760K)] 434522K->384450K(732672K), 0.0017768 secs] [Times: user=0.00 sys=0.00, real=0.01 secs] 
2506.030: [GC (Allocation Failure) [PSYoungGen: 53696K->1376K(53760K)] 435650K->383330K(732672K), 0.0017897 secs] [Times: user=0.01 sys=0.00, real=0.00 secs] 
2506.243: [GC (Allocation Failure) [PSYoungGen: 52576K->1376K(53760K)] 434530K->383346K(732672K), 0.0017933 secs] [Times: user=0.01 sys=0.00, real=0.00 secs] 
2506.456: [GC (Allocation Failure) [PSYoungGen: 52576K->1376K(53760K)] 434546K->383346K(732672K), 0.0018731 secs] [Times: user=0.01 sys=0.00, real=0.00 secs] 
2506.753: [GC (Allocation Failure) [PSYoungGen: 52576K->1408K(53760K)] 434546K->383378K(732672K), 0.0019374 secs] [Times: user=0.01 sys=0.00, real=0.01 secs] 
2507.133: [GC (Allocation Failure) [PSYoungGen: 52608K->1344K(53760K)] 434578K->383314K(732672K), 0.0017500 secs] [Times: user=0.01 sys=0.00, real=0.01 secs] 
2508.269: [GC (Allocation Failure) [PSYoungGen: 52544K->1440K(53760K)] 434514K->383410K(732672K), 0.0019064 secs] [Times: user=0.01 sys=0.00, real=0.00 secs] 
2508.482: [GC (Allocation Failure) [PSYoungGen: 52640K->1408K(53760K)] 434610K->383378K(732672K), 0.0019592 secs] [Times: user=0.01 sys=0.01, real=0.01 secs] 
2508.695: [GC (Allocation Failure) [PSYoungGen: 52608K->1376K(52736K)] 434578K->383346K(731648K), 0.0019041 secs] [Times: user=0.01 sys=0.01, real=0.00 secs] 
2508.908: [GC (Allocation Failure) [PSYoungGen: 52576K->1344K(53248K)] 434546K->383314K(732160K), 0.0019771 secs] [Times: user=0.01 sys=0.00, real=0.00 secs] 
2509.121: [GC (Allocation Failure) [PSYoungGen: 52544K->1408K(53248K)] 434514K->383378K(732160K), 0.0021127 secs] [Times: user=0.01 sys=0.00, real=0.00 secs] 
2510.076: [GC (Allocation Failure) [PSYoungGen: 52608K->1952K(52736K)] 434578K->383922K(731648K), 0.0019489 secs] [Times: user=0.01 sys=0.00, real=0.00 secs] 
2510.793: [GC (Allocation Failure) [PSYoungGen: 52640K->1360K(52224K)] 434610K->383330K(731136K), 0.0031255 secs] [Times: user=0.01 sys=0.00, real=0.01 secs] 
2511.346: [GC (Allocation Failure) [PSYoungGen: 52048K->1312K(52736K)] 434018K->383282K(731648K), 0.0043561 secs] [Times: user=0.02 sys=0.00, real=0.00 secs] 
2511.837: [GC (Allocation Failure) [PSYoungGen: 52000K->1344K(52736K)] 433970K->383314K(731648K), 0.0027604 secs] [Times: user=0.01 sys=0.00, real=0.00 secs] 
2512.309: [GC (Allocation Failure) [PSYoungGen: 52032K->1360K(52736K)] 434002K->383346K(731648K), 0.0028623 secs] [Times: user=0.01 sys=0.00, real=0.00 secs] 
2512.825: [GC (Allocation Failure) [PSYoungGen: 52048K->1376K(52736K)] 434034K->383362K(731648K), 0.0024241 secs] [Times: user=0.01 sys=0.00, real=0.00 secs] 
2514.146: [GC (Allocation Failure) [PSYoungGen: 52064K->1376K(52736K)] 434050K->383362K(731648K), 0.0026428 secs] [Times: user=0.01 sys=0.00, real=0.00 secs] 
2514.673: [GC (Allocation Failure) [PSYoungGen: 52064K->1408K(52736K)] 434050K->383394K(731648K), 0.0027946 secs] [Times: user=0.01 sys=0.00, real=0.01 secs] 
2515.068: [GC (Allocation Failure) [PSYoungGen: 52096K->1344K(52736K)] 434082K->383330K(731648K), 0.0040223 secs] [Times: user=0.02 sys=0.00, real=0.00 secs] 
2515.275: [GC (Allocation Failure) [PSYoungGen: 52032K->1376K(52736K)] 434018K->383362K(731648K), 0.0030694 secs] [Times: user=0.01 sys=0.00, real=0.00 secs] 
2515.487: [GC (Allocation Failure) [PSYoungGen: 52064K->1408K(52736K)] 434050K->383418K(731648K), 0.0021197 secs] [Times: user=0.01 sys=0.00, real=0.00 secs] 
2516.360: [GC (Allocation Failure) [PSYoungGen: 52096K->160K(52736K)] 434106K->382170K(731648K), 0.0016418 secs] [Times: user=0.01 sys=0.00, real=0.00 secs] 
2516.901: [GC (Allocation Failure) [PSYoungGen: 50848K->1376K(52736K)] 432858K->383386K(731648K), 0.0022351 secs] [Times: user=0.01 sys=0.00, real=0.01 secs] 
2517.360: [GC (Allocation Failure) [PSYoungGen: 52064K->1376K(52736K)] 434074K->383386K(731648K), 0.0036250 secs] [Times: user=0.01 sys=0.00, real=0.01 secs] 
2517.833: [GC (Allocation Failure) [PSYoungGen: 52064K->1376K(52736K)] 434074K->383386K(731648K), 0.0033053 secs] [Times: user=0.02 sys=0.00, real=0.00 secs] 
2518.284: [GC (Allocation Failure) [PSYoungGen: 52064K->1376K(52736K)] 434074K->383386K(731648K), 0.0033255 secs] [Times: user=0.01 sys=0.00, real=0.00 secs] 
2518.725: [GC (Allocation Failure) [PSYoungGen: 52064K->1408K(52736K)] 434074K->383418K(731648K), 0.0026865 secs] [Times: user=0.01 sys=0.00, real=0.00 secs] 
2520.064: [GC (Allocation Failure) [PSYoungGen: 52096K->1408K(52736K)] 434106K->383418K(731648K), 0.0030389 secs] [Times: user=0.02 sys=0.00, real=0.00 secs] 
2520.788: [GC (Allocation Failure) [PSYoungGen: 52096K->1344K(52736K)] 434106K->383354K(731648K), 0.0034064 secs] [Times: user=0.01 sys=0.00, real=0.00 secs] 
2521.354: [GC (Allocation Failure) [PSYoungGen: 52032K->1376K(52736K)] 434042K->383386K(731648K), 0.0041434 secs] [Times: user=0.02 sys=0.00, real=0.00 secs] 
2521.916: [GC (Allocation Failure) [PSYoungGen: 52064K->1408K(52736K)] 434074K->383418K(731648K), 0.0031965 secs] [Times: user=0.01 sys=0.00, real=0.00 secs] 
2522.517: [GC (Allocation Failure) [PSYoungGen: 52096K->1376K(52736K)] 434106K->383386K(731648K), 0.0033660 secs] [Times: user=0.01 sys=0.00, real=0.00 secs] 
2523.104: [GC (Allocation Failure) [PSYoungGen: 52064K->1344K(52736K)] 434074K->383354K(731648K), 0.0043581 secs] [Times: user=0.02 sys=0.00, real=0.00 secs] 
2524.406: [GC (Allocation Failure) [PSYoungGen: 52032K->1440K(52736K)] 434042K->383450K(731648K), 0.0018646 secs] [Times: user=0.01 sys=0.00, real=0.00 secs] 
2524.810: [GC (Allocation Failure) [PSYoungGen: 52128K->1376K(52736K)] 434138K->383386K(731648K), 0.0036676 secs] [Times: user=0.01 sys=0.00, real=0.01 secs] 
2525.434: [GC (Allocation Failure) [PSYoungGen: 52064K->1376K(52736K)] 434074K->383386K(731648K), 0.0026272 secs] [Times: user=0.01 sys=0.00, real=0.00 secs] 
2526.004: [GC (Allocation Failure) [PSYoungGen: 52064K->1376K(52736K)] 434074K->383386K(731648K), 0.0027946 secs] [Times: user=0.01 sys=0.00, real=0.00 secs] 
2526.498: [GC (Allocation Failure) [PSYoungGen: 52064K->1376K(52736K)] 434074K->383394K(731648K), 0.0029989 secs] [Times: user=0.01 sys=0.00, real=0.00 secs] 
2527.590: [GC (Allocation Failure) [PSYoungGen: 52064K->1440K(52736K)] 434082K->383458K(731648K), 0.0016857 secs] [Times: user=0.01 sys=0.00, real=0.00 secs] 
2527.940: [GC (Allocation Failure) [PSYoungGen: 52128K->1408K(52736K)] 434146K->383426K(731648K), 0.0016928 secs] [Times: user=0.01 sys=0.00, real=0.00 secs] 
2528.431: [GC (Allocation Failure) [PSYoungGen: 52096K->1376K(52736K)] 434114K->383402K(731648K), 0.0042896 secs] [Times: user=0.01 sys=0.00, real=0.01 secs] 
2529.040: [GC (Allocation Failure) [PSYoungGen: 52064K->1392K(52736K)] 434090K->383418K(731648K), 0.0043935 secs] [Times: user=0.02 sys=0.00, real=0.01 secs] 
2529.640: [GC (Allocation Failure) [PSYoungGen: 52080K->1408K(52736K)] 434106K->383434K(731648K), 0.0040316 secs] [Times: user=0.01 sys=0.00, real=0.01 secs] 
2530.222: [GC (Allocation Failure) [PSYoungGen: 52096K->1376K(52224K)] 434122K->383402K(731136K), 0.0034737 secs] [Times: user=0.02 sys=0.00, real=0.01 secs] 
2531.446: [GC (Allocation Failure) [PSYoungGen: 52064K->1376K(52224K)] 434090K->383402K(731136K), 0.0023360 secs] [Times: user=0.01 sys=0.01, real=0.00 secs] 
2531.676: [GC (Allocation Failure) [PSYoungGen: 52064K->1376K(52224K)] 434090K->383402K(731136K), 0.0020735 secs] [Times: user=0.01 sys=0.00, real=0.00 secs] 
2531.890: [GC (Allocation Failure) [PSYoungGen: 52064K->1376K(52224K)] 434090K->383402K(731136K), 0.0020254 secs] [Times: user=0.01 sys=0.00, real=0.00 secs] 
2532.117: [GC (Allocation Failure) [PSYoungGen: 52064K->1376K(52224K)] 434090K->383402K(731136K), 0.0022530 secs] [Times: user=0.01 sys=0.00, real=0.00 secs] 
2532.331: [GC (Allocation Failure) [PSYoungGen: 52064K->1376K(52224K)] 434090K->383402K(731136K), 0.0019603 secs] [Times: user=0.01 sys=0.00, real=0.01 secs] 
2533.285: [GC (Allocation Failure) [PSYoungGen: 52064K->896K(52224K)] 434090K->383946K(731136K), 0.0020167 secs] [Times: user=0.01 sys=0.00, real=0.00 secs] 
2533.534: [GC (Allocation Failure) [PSYoungGen: 51584K->320K(52736K)] 434634K->383370K(731648K), 0.0019740 secs] [Times: user=0.00 sys=0.00, real=0.00 secs] 
2533.776: [GC (Allocation Failure) [PSYoungGen: 51008K->384K(52736K)] 434058K->383434K(731648K), 0.0019107 secs] [Times: user=0.01 sys=0.00, real=0.00 secs] 
2533.991: [GC (Allocation Failure) [PSYoungGen: 51072K->320K(52736K)] 434122K->383370K(731648K), 0.0018177 secs] [Times: user=0.01 sys=0.00, real=0.00 secs] 
2534.203: [GC (Allocation Failure) [PSYoungGen: 51008K->384K(52736K)] 434058K->383458K(731648K), 0.0021552 secs] [Times: user=0.01 sys=0.00, real=0.01 secs] 
2534.424: [GC (Allocation Failure) [PSYoungGen: 51072K->368K(52736K)] 434146K->383442K(731648K), 0.0018997 secs] [Times: user=0.01 sys=0.00, real=0.00 secs] 
2535.490: [GC (Allocation Failure) [PSYoungGen: 51056K->1376K(52736K)] 434130K->384474K(731648K), 0.0021140 secs] [Times: user=0.01 sys=0.00, real=0.00 secs] 
2535.942: [GC (Allocation Failure) [PSYoungGen: 52064K->1376K(52736K)] 435162K->384474K(731648K), 0.0021601 secs] [Times: user=0.01 sys=0.00, real=0.01 secs] 
2536.343: [GC (Allocation Failure) [PSYoungGen: 52064K->1344K(52736K)] 435162K->384458K(731648K), 0.0034470 secs] [Times: user=0.02 sys=0.00, real=0.00 secs] 
2536.761: [GC (Allocation Failure) [PSYoungGen: 52032K->1408K(52224K)] 435146K->384522K(731136K), 0.0036154 secs] [Times: user=0.02 sys=0.01, real=0.01 secs] 
2537.246: [GC (Allocation Failure) [PSYoungGen: 51584K->1376K(52736K)] 434698K->384490K(731648K), 0.0033392 secs] [Times: user=0.01 sys=0.00, real=0.00 secs] 
2537.745: [GC (Allocation Failure) [PSYoungGen: 50547K->320K(52736K)] 433661K->383434K(731648K), 0.0032462 secs] [Times: user=0.01 sys=0.00, real=0.00 secs] 
2538.686: [GC (Allocation Failure) [PSYoungGen: 50496K->1376K(52736K)] 433610K->384490K(731648K), 0.0020233 secs] [Times: user=0.01 sys=0.00, real=0.00 secs] 
2538.895: [GC (Allocation Failure) [PSYoungGen: 51552K->1376K(52736K)] 434666K->384490K(731648K), 0.0019348 secs] [Times: user=0.01 sys=0.00, real=0.00 secs] 
2539.103: [GC (Allocation Failure) [PSYoungGen: 51552K->1376K(52736K)] 434666K->384490K(731648K), 0.0019339 secs] [Times: user=0.01 sys=0.00, real=0.00 secs] 
2539.312: [GC (Allocation Failure) [PSYoungGen: 51552K->1360K(52736K)] 434666K->384482K(731648K), 0.0018578 secs] [Times: user=0.01 sys=0.00, real=0.01 secs] 
2539.520: [GC (Allocation Failure) [PSYoungGen: 51536K->1408K(52736K)] 434658K->384530K(731648K), 0.0017414 secs] [Times: user=0.01 sys=0.00, real=0.00 secs] 
2540.415: [GC (Allocation Failure) [PSYoungGen: 51584K->1376K(52736K)] 434706K->384498K(731648K), 0.0018265 secs] [Times: user=0.01 sys=0.00, real=0.00 secs] 
2540.624: [GC (Allocation Failure) [PSYoungGen: 51552K->1392K(52736K)] 434674K->384514K(731648K), 0.0019067 secs] [Times: user=0.01 sys=0.00, real=0.00 secs] 
2540.840: [GC (Allocation Failure) [PSYoungGen: 51568K->1376K(52736K)] 434690K->384498K(731648K), 0.0019879 secs] [Times: user=0.01 sys=0.00, real=0.00 secs] 
2541.049: [GC (Allocation Failure) [PSYoungGen: 51552K->1376K(51712K)] 434674K->384498K(730624K), 0.0019278 secs] [Times: user=0.00 sys=0.01, real=0.00 secs] 
2541.257: [GC (Allocation Failure) [PSYoungGen: 51552K->1408K(52224K)] 434674K->384530K(731136K), 0.0020051 secs] [Times: user=0.01 sys=0.00, real=0.00 secs] 
2541.469: [GC (Allocation Failure) [PSYoungGen: 51584K->1376K(52224K)] 434706K->384498K(731136K), 0.0026139 secs] [Times: user=0.01 sys=0.00, real=0.00 secs] 
2542.949: [GC (Allocation Failure) [PSYoungGen: 51552K->1376K(52224K)] 434674K->384498K(731136K), 0.0026767 secs] [Times: user=0.01 sys=0.00, real=0.00 secs] 
2543.657: [GC (Allocation Failure) [PSYoungGen: 51552K->1408K(52224K)] 434674K->384530K(731136K), 0.0042660 secs] [Times: user=0.02 sys=0.00, real=0.00 secs] 
2544.222: [GC (Allocation Failure) [PSYoungGen: 51584K->1408K(52224K)] 434706K->384530K(731136K), 0.0034971 secs] [Times: user=0.01 sys=0.00, real=0.01 secs] 
2544.654: [GC (Allocation Failure) [PSYoungGen: 51584K->1344K(52224K)] 434706K->384466K(731136K), 0.0035244 secs] [Times: user=0.02 sys=0.00, real=0.00 secs] 
2545.260: [GC (Allocation Failure) [PSYoungGen: 51520K->1392K(52224K)] 434642K->384538K(731136K), 0.0044163 secs] [Times: user=0.02 sys=0.00, real=0.01 secs] 
2546.731: [GC (Allocation Failure) [PSYoungGen: 51568K->1696K(52224K)] 434714K->384842K(731136K), 0.0018259 secs] [Times: user=0.01 sys=0.00, real=0.00 secs] 
2547.305: [GC (Allocation Failure) [PSYoungGen: 51872K->1376K(52224K)] 435018K->384522K(731136K), 0.0041805 secs] [Times: user=0.02 sys=0.00, real=0.00 secs] 
2548.045: [GC (Allocation Failure) [PSYoungGen: 51550K->1376K(52224K)] 434696K->384522K(731136K), 0.0044173 secs] [Times: user=0.02 sys=0.00, real=0.00 secs] 
2548.705: [GC (Allocation Failure) [PSYoungGen: 51552K->1408K(52224K)] 434698K->384554K(731136K), 0.0042392 secs] [Times: user=0.01 sys=0.00, real=0.00 secs] 
2549.191: [GC (Allocation Failure) [PSYoungGen: 51584K->1408K(52224K)] 434730K->384554K(731136K), 0.0033602 secs] [Times: user=0.01 sys=0.00, real=0.01 secs] 
2549.599: [GC (Allocation Failure) [PSYoungGen: 51584K->1344K(52224K)] 434730K->384490K(731136K), 0.0028757 secs] [Times: user=0.01 sys=0.00, real=0.00 secs] 
2551.185: [GC (Allocation Failure) [PSYoungGen: 51520K->1376K(52224K)] 434666K->384522K(731136K), 0.0021926 secs] [Times: user=0.01 sys=0.00, real=0.00 secs] 
2551.670: [GC (Allocation Failure) [PSYoungGen: 51552K->1376K(52224K)] 434698K->384522K(731136K), 0.0021340 secs] [Times: user=0.01 sys=0.00, real=0.00 secs] 
2552.093: [GC (Allocation Failure) [PSYoungGen: 51552K->1408K(52224K)] 434698K->384554K(731136K), 0.0022229 secs] [Times: user=0.01 sys=0.01, real=0.00 secs] 
2552.399: [GC (Allocation Failure) [PSYoungGen: 51584K->1392K(52224K)] 434730K->384538K(731136K), 0.0032166 secs] [Times: user=0.01 sys=0.00, real=0.00 secs] 
2552.615: [GC (Allocation Failure) [PSYoungGen: 51568K->1376K(52224K)] 434714K->384530K(731136K), 0.0022815 secs] [Times: user=0.01 sys=0.00, real=0.00 secs] 
2552.825: [GC (Allocation Failure) [PSYoungGen: 51552K->1408K(52224K)] 434706K->384562K(731136K), 0.0024208 secs] [Times: user=0.01 sys=0.00, real=0.00 secs] 
2554.110: [GC (Allocation Failure) [PSYoungGen: 51584K->1408K(52224K)] 434738K->384562K(731136K), 0.0020095 secs] [Times: user=0.01 sys=0.00, real=0.00 secs] 
2554.596: [GC (Allocation Failure) [PSYoungGen: 51584K->1376K(52224K)] 434738K->384530K(731136K), 0.0042697 secs] [Times: user=0.02 sys=0.01, real=0.00 secs] 
2555.225: [GC (Allocation Failure) [PSYoungGen: 51552K->1408K(52224K)] 434706K->384562K(731136K), 0.0041757 secs] [Times: user=0.01 sys=0.00, real=0.00 secs] 
2556.050: [GC (Allocation Failure) [PSYoungGen: 51584K->1376K(52224K)] 434738K->384530K(731136K), 0.0035876 secs] [Times: user=0.02 sys=0.00, real=0.01 secs] 
2556.695: [GC (Allocation Failure) [PSYoungGen: 51552K->1376K(51712K)] 434706K->384530K(730624K), 0.0049613 secs] [Times: user=0.02 sys=0.00, real=0.00 secs] 
2558.585: [GC (Allocation Failure) [PSYoungGen: 51552K->1408K(51712K)] 434706K->384562K(730624K), 0.0027378 secs] [Times: user=0.02 sys=0.00, real=0.00 secs] 
2559.539: [GC (Allocation Failure) [PSYoungGen: 51584K->1344K(51712K)] 434738K->384506K(730624K), 0.0026347 secs] [Times: user=0.01 sys=0.00, real=0.00 secs] 
2559.732: [GC (Allocation Failure) [PSYoungGen: 51520K->1376K(51712K)] 434682K->384538K(730624K), 0.0022633 secs] [Times: user=0.01 sys=0.00, real=0.01 secs] 
2559.941: [GC (Allocation Failure) [PSYoungGen: 51552K->1360K(51712K)] 434714K->384522K(730624K), 0.0019652 secs] [Times: user=0.01 sys=0.00, real=0.01 secs] 
2560.150: [GC (Allocation Failure) [PSYoungGen: 51536K->1344K(51712K)] 434698K->384506K(730624K), 0.0019783 secs] [Times: user=0.00 sys=0.00, real=0.00 secs] 
2560.358: [GC (Allocation Failure) [PSYoungGen: 51520K->1376K(51712K)] 434682K->384538K(730624K), 0.0019835 secs] [Times: user=0.01 sys=0.00, real=0.00 secs] 
2561.266: [GC (Allocation Failure) [PSYoungGen: 51552K->1408K(51712K)] 434714K->384570K(730624K), 0.0018438 secs] [Times: user=0.01 sys=0.00, real=0.00 secs] 
2561.485: [GC (Allocation Failure) [PSYoungGen: 51584K->1344K(51712K)] 434746K->384506K(730624K), 0.0018835 secs] [Times: user=0.01 sys=0.00, real=0.00 secs] 
2561.704: [GC (Allocation Failure) [PSYoungGen: 51520K->1376K(51712K)] 434682K->384538K(730624K), 0.0018076 secs] [Times: user=0.00 sys=0.00, real=0.00 secs] 
2561.923: [GC (Allocation Failure) [PSYoungGen: 51552K->1376K(51712K)] 434714K->384538K(730624K), 0.0018430 secs] [Times: user=0.00 sys=0.00, real=0.01 secs] 
2562.141: [GC (Allocation Failure) [PSYoungGen: 51552K->1344K(51712K)] 434714K->384506K(730624K), 0.0017587 secs] [Times: user=0.01 sys=0.00, real=0.01 secs] 
2562.380: [GC (Allocation Failure) [PSYoungGen: 51518K->288K(51712K)] 434681K->383450K(730624K), 0.0016221 secs] [Times: user=0.01 sys=0.00, real=0.00 secs] 
2563.475: [GC (Allocation Failure) [PSYoungGen: 50464K->1408K(52224K)] 433626K->384570K(731136K), 0.0019390 secs] [Times: user=0.01 sys=0.00, real=0.00 secs] 
2563.889: [GC (Allocation Failure) [PSYoungGen: 51584K->1408K(52224K)] 434746K->384570K(731136K), 0.0037348 secs] [Times: user=0.01 sys=0.00, real=0.00 secs] 
2564.478: [GC (Allocation Failure) [PSYoungGen: 51584K->1376K(52224K)] 434746K->384538K(731136K), 0.0034389 secs] [Times: user=0.01 sys=0.00, real=0.00 secs] 
2565.095: [GC (Allocation Failure) [PSYoungGen: 51552K->1344K(52224K)] 434714K->384522K(731136K), 0.0043789 secs] [Times: user=0.01 sys=0.00, real=0.00 secs] 
2565.701: [GC (Allocation Failure) [PSYoungGen: 51520K->1392K(52224K)] 434698K->384570K(731136K), 0.0029080 secs] [Times: user=0.02 sys=0.00, real=0.01 secs] 
2567.059: [GC (Allocation Failure) [PSYoungGen: 51568K->1376K(52224K)] 434746K->384554K(731136K), 0.0018826 secs] [Times: user=0.01 sys=0.00, real=0.00 secs] 
2567.297: [GC (Allocation Failure) [PSYoungGen: 51552K->1376K(52224K)] 434730K->384554K(731136K), 0.0017721 secs] [Times: user=0.01 sys=0.00, real=0.00 secs] 
2567.676: [GC (Allocation Failure) [PSYoungGen: 51552K->1376K(52224K)] 434730K->384554K(731136K), 0.0020142 secs] [Times: user=0.01 sys=0.00, real=0.00 secs] 
2568.046: [GC (Allocation Failure) [PSYoungGen: 51552K->1456K(52224K)] 434730K->384634K(731136K), 0.0041202 secs] [Times: user=0.02 sys=0.00, real=0.00 secs] 
2568.458: [GC (Allocation Failure) [PSYoungGen: 51632K->1408K(52224K)] 434810K->384594K(731136K), 0.0034425 secs] [Times: user=0.01 sys=0.00, real=0.00 secs] 
2568.884: [GC (Allocation Failure) [PSYoungGen: 51584K->1424K(52224K)] 434770K->384610K(731136K), 0.0033842 secs] [Times: user=0.02 sys=0.00, real=0.00 secs] 
2570.212: [GC (Allocation Failure) [PSYoungGen: 51600K->1408K(52224K)] 434786K->384594K(731136K), 0.0019893 secs] [Times: user=0.00 sys=0.00, real=0.01 secs] 
2570.889: [GC (Allocation Failure) [PSYoungGen: 51584K->1408K(52224K)] 434770K->384594K(731136K), 0.0035801 secs] [Times: user=0.02 sys=0.00, real=0.00 secs] 
2571.421: [GC (Allocation Failure) [PSYoungGen: 51584K->1376K(52224K)] 434770K->384562K(731136K), 0.0034666 secs] [Times: user=0.02 sys=0.00, real=0.01 secs] 
2571.903: [GC (Allocation Failure) [PSYoungGen: 51552K->1408K(52224K)] 434738K->384594K(731136K), 0.0040754 secs] [Times: user=0.02 sys=0.00, real=0.00 secs] 
2572.319: [GC (Allocation Failure) [PSYoungGen: 51584K->1376K(52224K)] 434770K->384562K(731136K), 0.0033843 secs] [Times: user=0.01 sys=0.00, real=0.00 secs] 
2573.497: [GC (Allocation Failure) [PSYoungGen: 51552K->1552K(52224K)] 434738K->384738K(731136K), 0.0017808 secs] [Times: user=0.01 sys=0.00, real=0.00 secs] 
2574.891: [GC (Allocation Failure) [PSYoungGen: 51728K->1408K(52224K)] 434914K->384594K(731136K), 0.0039838 secs] [Times: user=0.01 sys=0.00, real=0.01 secs] 
2575.844: [GC (Allocation Failure) [PSYoungGen: 51584K->1408K(52224K)] 434770K->384594K(731136K), 0.0041371 secs] [Times: user=0.02 sys=0.00, real=0.00 secs] 
2576.254: [GC (Allocation Failure) [PSYoungGen: 51584K->1344K(52224K)] 434770K->384530K(731136K), 0.0026659 secs] [Times: user=0.01 sys=0.00, real=0.00 secs] 
2576.663: [GC (Allocation Failure) [PSYoungGen: 51520K->1408K(52224K)] 434706K->384594K(731136K), 0.0028516 secs] [Times: user=0.01 sys=0.00, real=0.00 secs] 
2577.113: [GC (Allocation Failure) [PSYoungGen: 51584K->1376K(52224K)] 434770K->384562K(731136K), 0.0027978 secs] [Times: user=0.01 sys=0.00, real=0.00 secs] 
2578.178: [GC (Allocation Failure) [PSYoungGen: 51552K->1440K(52224K)] 434738K->384626K(731136K), 0.0019081 secs] [Times: user=0.01 sys=0.00, real=0.00 secs] 
2578.404: [GC (Allocation Failure) [PSYoungGen: 51616K->1360K(52224K)] 434802K->384554K(731136K), 0.0019525 secs] [Times: user=0.01 sys=0.00, real=0.00 secs] 
2578.613: [GC (Allocation Failure) [PSYoungGen: 51536K->1424K(51712K)] 434730K->384626K(730624K), 0.0019243 secs] [Times: user=0.00 sys=0.00, real=0.00 secs] 
2578.871: [GC (Allocation Failure) [PSYoungGen: 51600K->1376K(51712K)] 434802K->384578K(730624K), 0.0020973 secs] [Times: user=0.01 sys=0.00, real=0.00 secs] 
2579.135: [GC (Allocation Failure) [PSYoungGen: 51552K->368K(51200K)] 434754K->384610K(730112K), 0.0021925 secs] [Times: user=0.01 sys=0.00, real=0.00 secs] 
2579.343: [GC (Allocation Failure) [PSYoungGen: 50544K->352K(52224K)] 434786K->384594K(731136K), 0.0019188 secs] [Times: user=0.01 sys=0.00, real=0.00 secs] 
2580.828: [GC (Allocation Failure) [PSYoungGen: 50528K->1440K(52224K)] 434770K->385682K(731136K), 0.0027405 secs] [Times: user=0.02 sys=0.00, real=0.00 secs] 
2582.008: [GC (Allocation Failure) [PSYoungGen: 51616K->1408K(52224K)] 435858K->385650K(731136K), 0.0042789 secs] [Times: user=0.02 sys=0.00, real=0.00 secs] 
2582.897: [GC (Allocation Failure) [PSYoungGen: 51584K->1408K(52224K)] 435826K->385650K(731136K), 0.0044277 secs] [Times: user=0.02 sys=0.00, real=0.00 secs] 
2583.743: [GC (Allocation Failure) [PSYoungGen: 51584K->1408K(52224K)] 435826K->385650K(731136K), 0.0046369 secs] [Times: user=0.02 sys=0.00, real=0.01 secs] 
2584.301: [GC (Allocation Failure) [PSYoungGen: 51584K->1392K(52224K)] 435826K->385634K(731136K), 0.0033619 secs] [Times: user=0.02 sys=0.00, real=0.01 secs] 
2586.137: [GC (Allocation Failure) [PSYoungGen: 51568K->1920K(52224K)] 435810K->386162K(731136K), 0.0045126 secs] [Times: user=0.02 sys=0.00, real=0.00 secs] 
2587.227: [GC (Allocation Failure) [PSYoungGen: 52096K->1392K(52224K)] 436338K->385634K(731136K), 0.0028295 secs] [Times: user=0.01 sys=0.00, real=0.00 secs] 
2587.453: [GC (Allocation Failure) [PSYoungGen: 51568K->1360K(52224K)] 435810K->385602K(731136K), 0.0021558 secs] [Times: user=0.01 sys=0.00, real=0.00 secs] 
2587.689: [GC (Allocation Failure) [PSYoungGen: 51536K->1344K(52224K)] 435778K->385586K(731136K), 0.0021227 secs] [Times: user=0.01 sys=0.00, real=0.00 secs] 
2587.897: [GC (Allocation Failure) [PSYoungGen: 51520K->1376K(52224K)] 435762K->385642K(731136K), 0.0021624 secs] [Times: user=0.01 sys=0.00, real=0.00 secs] 
2588.105: [GC (Allocation Failure) [PSYoungGen: 51552K->1344K(52224K)] 435818K->385610K(731136K), 0.0020959 secs] [Times: user=0.01 sys=0.00, real=0.00 secs] 
2589.267: [GC (Allocation Failure) [PSYoungGen: 51520K->1408K(52224K)] 435786K->385674K(731136K), 0.0021961 secs] [Times: user=0.01 sys=0.00, real=0.00 secs] 
2589.689: [GC (Allocation Failure) [PSYoungGen: 51584K->1408K(52224K)] 435850K->385674K(731136K), 0.0021341 secs] [Times: user=0.01 sys=0.00, real=0.00 secs] 
2589.898: [GC (Allocation Failure) [PSYoungGen: 51584K->1376K(52224K)] 435850K->385642K(731136K), 0.0020883 secs] [Times: user=0.01 sys=0.00, real=0.00 secs] 
2590.106: [GC (Allocation Failure) [PSYoungGen: 51552K->1344K(52224K)] 435818K->385610K(731136K), 0.0020520 secs] [Times: user=0.01 sys=0.00, real=0.00 secs] 
2590.316: [GC (Allocation Failure) [PSYoungGen: 51520K->1344K(52224K)] 435786K->385618K(731136K), 0.0020838 secs] [Times: user=0.01 sys=0.00, real=0.00 secs] 
2590.529: [GC (Allocation Failure) [PSYoungGen: 51520K->1376K(52224K)] 435794K->385650K(731136K), 0.0019760 secs] [Times: user=0.01 sys=0.00, real=0.00 secs] 
2591.684: [GC (Allocation Failure) [PSYoungGen: 51552K->1408K(52224K)] 435826K->385682K(731136K), 0.0021608 secs] [Times: user=0.01 sys=0.00, real=0.00 secs] 
2592.136: [GC (Allocation Failure) [PSYoungGen: 51584K->1392K(52224K)] 435858K->385666K(731136K), 0.0023848 secs] [Times: user=0.01 sys=0.00, real=0.00 secs] 
2592.466: [GC (Allocation Failure) [PSYoungGen: 51568K->1408K(52224K)] 435842K->385682K(731136K), 0.0021673 secs] [Times: user=0.00 sys=0.00, real=0.00 secs] 
2592.675: [GC (Allocation Failure) [PSYoungGen: 51584K->1376K(52224K)] 435858K->385650K(731136K), 0.0020992 secs] [Times: user=0.00 sys=0.00, real=0.00 secs] 
2592.883: [GC (Allocation Failure) [PSYoungGen: 51552K->1344K(52224K)] 435826K->385618K(731136K), 0.0020444 secs] [Times: user=0.01 sys=0.00, real=0.00 secs] 
2594.310: [GC (Allocation Failure) [PSYoungGen: 51520K->1408K(52224K)] 435794K->385682K(731136K), 0.0032202 secs] [Times: user=0.02 sys=0.00, real=0.01 secs] 
2596.098: [GC (Allocation Failure) [PSYoungGen: 51584K->1424K(52224K)] 435858K->385698K(731136K), 0.0046396 secs] [Times: user=0.02 sys=0.00, real=0.00 secs] 
2597.024: [GC (Allocation Failure) [PSYoungGen: 51600K->1376K(51712K)] 435874K->385650K(730624K), 0.0044754 secs] [Times: user=0.01 sys=0.00, real=0.00 secs] 
2597.555: [GC (Allocation Failure) [PSYoungGen: 51552K->1408K(51712K)] 435826K->385706K(730624K), 0.0029114 secs] [Times: user=0.01 sys=0.00, real=0.00 secs] 
2597.952: [GC (Allocation Failure) [PSYoungGen: 51584K->352K(51200K)] 435882K->385674K(730112K), 0.0026037 secs] [Times: user=0.01 sys=0.00, real=0.01 secs] 
2598.642: [GC (Allocation Failure) [PSYoungGen: 50528K->384K(52224K)] 435850K->385706K(731136K), 0.0029616 secs] [Times: user=0.01 sys=0.00, real=0.01 secs] 
2601.301: [GC (Allocation Failure) [PSYoungGen: 50560K->1376K(52224K)] 435882K->386698K(731136K), 0.0042715 secs] [Times: user=0.01 sys=0.00, real=0.01 secs] 
2601.687: [GC (Allocation Failure) [PSYoungGen: 51552K->1408K(52224K)] 436874K->386730K(731136K), 0.0026515 secs] [Times: user=0.01 sys=0.00, real=0.00 secs] 
2601.890: [GC (Allocation Failure) [PSYoungGen: 51584K->1392K(52224K)] 436906K->386714K(731136K), 0.0022001 secs] [Times: user=0.01 sys=0.00, real=0.00 secs] 
2602.186: [GC (Allocation Failure) [PSYoungGen: 51568K->1408K(52224K)] 436890K->386730K(731136K), 0.0020959 secs] [Times: user=0.01 sys=0.00, real=0.00 secs] 
2602.593: [GC (Allocation Failure) [PSYoungGen: 51584K->1376K(52224K)] 436906K->386698K(731136K), 0.0019350 secs] [Times: user=0.01 sys=0.00, real=0.01 secs] 
2603.825: [GC (Allocation Failure) [PSYoungGen: 50601K->224K(52224K)] 435924K->385546K(731136K), 0.0016409 secs] [Times: user=0.01 sys=0.00, real=0.00 secs] 
2604.744: [GC (Allocation Failure) [PSYoungGen: 50400K->1376K(52224K)] 435722K->386698K(731136K), 0.0023233 secs] [Times: user=0.01 sys=0.00, real=0.00 secs] 
2605.604: [GC (Allocation Failure) [PSYoungGen: 51552K->1360K(52224K)] 436874K->386682K(731136K), 0.0033463 secs] [Times: user=0.01 sys=0.01, real=0.00 secs] 
2606.295: [GC (Allocation Failure) [PSYoungGen: 51536K->1376K(52224K)] 436858K->386698K(731136K), 0.0040866 secs] [Times: user=0.01 sys=0.00, real=0.00 secs] 
2606.770: [GC (Allocation Failure) [PSYoungGen: 51552K->1344K(52224K)] 436874K->386666K(731136K), 0.0040410 secs] [Times: user=0.02 sys=0.00, real=0.01 secs] 
2607.155: [GC (Allocation Failure) [PSYoungGen: 51520K->1376K(52224K)] 436842K->386698K(731136K), 0.0024703 secs] [Times: user=0.01 sys=0.00, real=0.00 secs] 
2608.124: [GC (Allocation Failure) [PSYoungGen: 51552K->1408K(52224K)] 436874K->386730K(731136K), 0.0018224 secs] [Times: user=0.01 sys=0.00, real=0.00 secs] 
2608.339: [GC (Allocation Failure) [PSYoungGen: 51584K->1376K(52224K)] 436906K->386698K(731136K), 0.0017999 secs] [Times: user=0.01 sys=0.00, real=0.00 secs] 
2608.609: [GC (Allocation Failure) [PSYoungGen: 51552K->1376K(52224K)] 436874K->386698K(731136K), 0.0019105 secs] [Times: user=0.00 sys=0.00, real=0.00 secs] 
2609.040: [GC (Allocation Failure) [PSYoungGen: 51552K->1376K(52224K)] 436874K->386714K(731136K), 0.0019046 secs] [Times: user=0.01 sys=0.00, real=0.00 secs] 
2609.463: [GC (Allocation Failure) [PSYoungGen: 51552K->1376K(52224K)] 436890K->386722K(731136K), 0.0017467 secs] [Times: user=0.00 sys=0.00, real=0.00 secs] 
2609.871: [GC (Allocation Failure) [PSYoungGen: 51552K->1376K(52224K)] 436898K->386722K(731136K), 0.0019819 secs] [Times: user=0.01 sys=0.00, real=0.01 secs] 
2610.901: [GC (Allocation Failure) [PSYoungGen: 51552K->1408K(52224K)] 436898K->386754K(731136K), 0.0019075 secs] [Times: user=0.01 sys=0.00, real=0.00 secs] 
2611.109: [GC (Allocation Failure) [PSYoungGen: 51584K->1376K(52224K)] 436930K->386722K(731136K), 0.0015769 secs] [Times: user=0.00 sys=0.00, real=0.00 secs] 
2611.332: [GC (Allocation Failure) [PSYoungGen: 51552K->1376K(52224K)] 436898K->386722K(731136K), 0.0016327 secs] [Times: user=0.00 sys=0.00, real=0.01 secs] 
2611.570: [GC (Allocation Failure) [PSYoungGen: 51552K->1376K(52224K)] 436898K->386722K(731136K), 0.0017047 secs] [Times: user=0.01 sys=0.00, real=0.00 secs] 
2611.778: [GC (Allocation Failure) [PSYoungGen: 51552K->1376K(52224K)] 436898K->386722K(731136K), 0.0018776 secs] [Times: user=0.01 sys=0.00, real=0.00 secs] 
2612.782: [GC (Allocation Failure) [PSYoungGen: 51552K->1632K(52224K)] 436898K->386978K(731136K), 0.0018451 secs] [Times: user=0.00 sys=0.00, real=0.01 secs] 
2613.000: [GC (Allocation Failure) [PSYoungGen: 51808K->1376K(52224K)] 437154K->386722K(731136K), 0.0020159 secs] [Times: user=0.00 sys=0.00, real=0.00 secs] 
2613.271: [GC (Allocation Failure) [PSYoungGen: 51552K->1440K(52224K)] 436898K->386786K(731136K), 0.0021107 secs] [Times: user=0.01 sys=0.00, real=0.01 secs] 
2613.701: [GC (Allocation Failure) [PSYoungGen: 51616K->1440K(52224K)] 436962K->386786K(731136K), 0.0020475 secs] [Times: user=0.00 sys=0.00, real=0.01 secs] 
2614.171: [GC (Allocation Failure) [PSYoungGen: 51616K->1408K(52224K)] 436962K->386778K(731136K), 0.0020733 secs] [Times: user=0.01 sys=0.00, real=0.01 secs] 
2614.754: [GC (Allocation Failure) [PSYoungGen: 51584K->1376K(52224K)] 436954K->386746K(731136K), 0.0022533 secs] [Times: user=0.01 sys=0.00, real=0.00 secs] 
2615.866: [GC (Allocation Failure) [PSYoungGen: 51552K->1408K(52224K)] 436922K->386778K(731136K), 0.0020011 secs] [Times: user=0.01 sys=0.00, real=0.00 secs] 
2616.075: [GC (Allocation Failure) [PSYoungGen: 51584K->1376K(52224K)] 436954K->386746K(731136K), 0.0019641 secs] [Times: user=0.00 sys=0.00, real=0.00 secs] 
2616.284: [GC (Allocation Failure) [PSYoungGen: 51552K->1344K(52224K)] 436922K->386714K(731136K), 0.0018868 secs] [Times: user=0.01 sys=0.00, real=0.00 secs] 
2616.492: [GC (Allocation Failure) [PSYoungGen: 51520K->1344K(52224K)] 436890K->386714K(731136K), 0.0018398 secs] [Times: user=0.01 sys=0.00, real=0.01 secs] 
2616.701: [GC (Allocation Failure) [PSYoungGen: 51520K->1392K(52224K)] 436890K->386762K(731136K), 0.0019641 secs] [Times: user=0.01 sys=0.00, real=0.00 secs] 
2616.973: [GC (Allocation Failure) [PSYoungGen: 51568K->1344K(52224K)] 436938K->386714K(731136K), 0.0029673 secs] [Times: user=0.02 sys=0.00, real=0.00 secs] 
2617.886: [GC (Allocation Failure) [PSYoungGen: 51520K->1408K(52224K)] 436890K->386778K(731136K), 0.0017325 secs] [Times: user=0.01 sys=0.00, real=0.00 secs] 
2618.108: [GC (Allocation Failure) [PSYoungGen: 51584K->1344K(51712K)] 436954K->386714K(730624K), 0.0017688 secs] [Times: user=0.00 sys=0.00, real=0.00 secs] 
2618.316: [GC (Allocation Failure) [PSYoungGen: 51520K->1440K(51200K)] 436890K->386810K(730112K), 0.0016686 secs] [Times: user=0.00 sys=0.00, real=0.00 secs] 
2618.661: [GC (Allocation Failure) [PSYoungGen: 51104K->1344K(51200K)] 436474K->386722K(730112K), 0.0019824 secs] [Times: user=0.00 sys=0.00, real=0.01 secs] 
2619.082: [GC (Allocation Failure) [PSYoungGen: 51008K->1392K(51200K)] 436386K->386770K(730112K), 0.0018140 secs] [Times: user=0.01 sys=0.00, real=0.01 secs] 
2620.382: [GC (Allocation Failure) [PSYoungGen: 51056K->1472K(51200K)] 436434K->387874K(730112K), 0.0022483 secs] [Times: user=0.01 sys=0.00, real=0.01 secs] 
2620.787: [GC (Allocation Failure) [PSYoungGen: 51136K->1360K(51200K)] 437538K->387762K(730112K), 0.0026776 secs] [Times: user=0.02 sys=0.00, real=0.00 secs] 
2620.993: [GC (Allocation Failure) [PSYoungGen: 51024K->1344K(51200K)] 437426K->387746K(730112K), 0.0022206 secs] [Times: user=0.01 sys=0.00, real=0.00 secs] 
2621.200: [GC (Allocation Failure) [PSYoungGen: 51008K->1376K(51200K)] 437410K->387778K(730112K), 0.0019294 secs] [Times: user=0.01 sys=0.00, real=0.00 secs] 
2621.406: [GC (Allocation Failure) [PSYoungGen: 51040K->1376K(51200K)] 437442K->387778K(730112K), 0.0020744 secs] [Times: user=0.01 sys=0.00, real=0.00 secs] 
2621.646: [GC (Allocation Failure) [PSYoungGen: 51040K->1376K(51200K)] 437442K->387778K(730112K), 0.0020737 secs] [Times: user=0.01 sys=0.00, real=0.00 secs] 
2622.659: [GC (Allocation Failure) [PSYoungGen: 51040K->1408K(51200K)] 437442K->387810K(730112K), 0.0018652 secs] [Times: user=0.01 sys=0.00, real=0.00 secs] 
2623.111: [GC (Allocation Failure) [PSYoungGen: 51072K->1344K(51200K)] 437474K->387746K(730112K), 0.0017835 secs] [Times: user=0.00 sys=0.00, real=0.00 secs] 
2623.450: [GC (Allocation Failure) [PSYoungGen: 51008K->1440K(51200K)] 437410K->387842K(730112K), 0.0039714 secs] [Times: user=0.02 sys=0.00, real=0.01 secs] 
2623.816: [GC (Allocation Failure) [PSYoungGen: 51104K->1344K(51200K)] 437506K->387746K(730112K), 0.0033853 secs] [Times: user=0.01 sys=0.00, real=0.00 secs] 
2624.242: [GC (Allocation Failure) [PSYoungGen: 51008K->1312K(51200K)] 437410K->387714K(730112K), 0.0029958 secs] [Times: user=0.02 sys=0.00, real=0.01 secs] 
2624.651: [GC (Allocation Failure) [PSYoungGen: 50976K->1408K(51200K)] 437378K->387826K(730112K), 0.0030433 secs] [Times: user=0.02 sys=0.00, real=0.01 secs] 
2625.886: [GC (Allocation Failure) [PSYoungGen: 51072K->1408K(51200K)] 437490K->387826K(730112K), 0.0022772 secs] [Times: user=0.01 sys=0.00, real=0.00 secs] 
2626.712: [GC (Allocation Failure) [PSYoungGen: 51072K->1312K(51200K)] 437490K->387730K(730112K), 0.0042760 secs] [Times: user=0.01 sys=0.00, real=0.01 secs] 
2627.352: [GC (Allocation Failure) [PSYoungGen: 50976K->1360K(51200K)] 437394K->387778K(730112K), 0.0034239 secs] [Times: user=0.01 sys=0.00, real=0.01 secs] 
2627.836: [GC (Allocation Failure) [PSYoungGen: 51024K->1408K(51200K)] 437442K->387826K(730112K), 0.0043599 secs] [Times: user=0.01 sys=0.00, real=0.00 secs] 
2628.411: [GC (Allocation Failure) [PSYoungGen: 51072K->1312K(51200K)] 437490K->387730K(730112K), 0.0041258 secs] [Times: user=0.02 sys=0.00, real=0.01 secs] 
2630.456: [GC (Allocation Failure) [PSYoungGen: 50976K->1440K(51200K)] 437394K->388882K(730112K), 0.0025848 secs] [Times: user=0.01 sys=0.00, real=0.00 secs] 
2631.080: [GC (Allocation Failure) [PSYoungGen: 51104K->1312K(51200K)] 438546K->388754K(730112K), 0.0034589 secs] [Times: user=0.02 sys=0.00, real=0.01 secs] 
2631.703: [GC (Allocation Failure) [PSYoungGen: 50976K->1360K(51200K)] 438418K->388802K(730112K), 0.0034096 secs] [Times: user=0.02 sys=0.00, real=0.00 secs] 
2632.228: [GC (Allocation Failure) [PSYoungGen: 51024K->1312K(51200K)] 438466K->388754K(730112K), 0.0034396 secs] [Times: user=0.02 sys=0.00, real=0.00 secs] 
2632.610: [GC (Allocation Failure) [PSYoungGen: 50976K->1344K(51200K)] 438418K->388786K(730112K), 0.0034996 secs] [Times: user=0.02 sys=0.00, real=0.01 secs] 
2632.994: [GC (Allocation Failure) [PSYoungGen: 51008K->1376K(51200K)] 438450K->388818K(730112K), 0.0027813 secs] [Times: user=0.01 sys=0.00, real=0.00 secs] 
2634.175: [GC (Allocation Failure) [PSYoungGen: 51040K->1344K(51200K)] 438482K->388786K(730112K), 0.0020019 secs] [Times: user=0.01 sys=0.00, real=0.00 secs] 
2634.616: [GC (Allocation Failure) [PSYoungGen: 51008K->1344K(51200K)] 438450K->388786K(730112K), 0.0040084 secs] [Times: user=0.01 sys=0.00, real=0.00 secs] 
2635.028: [GC (Allocation Failure) [PSYoungGen: 51008K->1344K(51200K)] 438450K->388786K(730112K), 0.0032977 secs] [Times: user=0.01 sys=0.00, real=0.00 secs] 
2635.474: [GC (Allocation Failure) [PSYoungGen: 51008K->1312K(51200K)] 438450K->388754K(730112K), 0.0036901 secs] [Times: user=0.02 sys=0.01, real=0.00 secs] 
2635.900: [GC (Allocation Failure) [PSYoungGen: 50976K->1376K(51200K)] 438418K->388826K(730112K), 0.0032373 secs] [Times: user=0.02 sys=0.00, real=0.01 secs] 
2636.555: [GC (Allocation Failure) [PSYoungGen: 51040K->1312K(51200K)] 438490K->388762K(730112K), 0.0033216 secs] [Times: user=0.01 sys=0.00, real=0.00 secs] 
2638.001: [GC (Allocation Failure) [PSYoungGen: 50976K->1376K(51200K)] 438426K->388826K(730112K), 0.0025186 secs] [Times: user=0.01 sys=0.00, real=0.01 secs] 
2638.526: [GC (Allocation Failure) [PSYoungGen: 51040K->1344K(51200K)] 438490K->388794K(730112K), 0.0025642 secs] [Times: user=0.02 sys=0.00, real=0.00 secs] 
2639.018: [GC (Allocation Failure) [PSYoungGen: 51008K->1376K(51200K)] 438458K->388834K(730112K), 0.0028258 secs] [Times: user=0.01 sys=0.00, real=0.00 secs] 
2639.449: [GC (Allocation Failure) [PSYoungGen: 51040K->1360K(51200K)] 438498K->388818K(730112K), 0.0030601 secs] [Times: user=0.01 sys=0.00, real=0.00 secs] 
2639.839: [GC (Allocation Failure) [PSYoungGen: 51024K->1376K(51200K)] 438482K->388834K(730112K), 0.0030306 secs] [Times: user=0.01 sys=0.00, real=0.00 secs] 
2640.894: [GC (Allocation Failure) [PSYoungGen: 51040K->1504K(51200K)] 438498K->389166K(730112K), 0.0019105 secs] [Times: user=0.00 sys=0.00, real=0.00 secs] 
2641.107: [GC (Allocation Failure) [PSYoungGen: 51168K->1376K(51712K)] 438830K->389038K(730624K), 0.0018417 secs] [Times: user=0.00 sys=0.00, real=0.00 secs] 
2641.313: [GC (Allocation Failure) [PSYoungGen: 51040K->1312K(51712K)] 438702K->388974K(730624K), 0.0018765 secs] [Times: user=0.01 sys=0.00, real=0.00 secs] 
2641.520: [GC (Allocation Failure) [PSYoungGen: 50976K->1344K(51200K)] 438638K->389006K(730112K), 0.0020483 secs] [Times: user=0.01 sys=0.00, real=0.00 secs] 
2641.726: [GC (Allocation Failure) [PSYoungGen: 51008K->1312K(51200K)] 438670K->388974K(730112K), 0.0022151 secs] [Times: user=0.01 sys=0.00, real=0.00 secs] 
2641.933: [GC (Allocation Failure) [PSYoungGen: 50976K->288K(50688K)] 438638K->388974K(729600K), 0.0021540 secs] [Times: user=0.01 sys=0.00, real=0.00 secs] 
2643.057: [GC (Allocation Failure) [PSYoungGen: 49952K->1488K(51712K)] 438638K->390174K(730624K), 0.0019696 secs] [Times: user=0.01 sys=0.00, real=0.00 secs] 
2643.584: [GC (Allocation Failure) [PSYoungGen: 51152K->1456K(51712K)] 439838K->390142K(730624K), 0.0032580 secs] [Times: user=0.01 sys=0.00, real=0.00 secs] 
2643.954: [GC (Allocation Failure) [PSYoungGen: 51120K->1504K(51712K)] 439806K->390190K(730624K), 0.0034484 secs] [Times: user=0.02 sys=0.00, real=0.00 secs] 
2644.332: [GC (Allocation Failure) [PSYoungGen: 51168K->1424K(51712K)] 439854K->390110K(730624K), 0.0030168 secs] [Times: user=0.01 sys=0.00, real=0.01 secs] 
2644.727: [GC (Allocation Failure) [PSYoungGen: 51088K->1504K(51712K)] 439774K->390198K(730624K), 0.0029348 secs] [Times: user=0.01 sys=0.00, real=0.00 secs] 
2645.082: [GC (Allocation Failure) [PSYoungGen: 51168K->1456K(51712K)] 439862K->390166K(730624K), 0.0025815 secs] [Times: user=0.01 sys=0.00, real=0.01 secs] 
2646.565: [GC (Allocation Failure) [PSYoungGen: 51120K->1568K(51712K)] 439830K->390278K(730624K), 0.0028577 secs] [Times: user=0.02 sys=0.00, real=0.00 secs] 
2647.242: [GC (Allocation Failure) [PSYoungGen: 51232K->1488K(51712K)] 439942K->390198K(730624K), 0.0041766 secs] [Times: user=0.02 sys=0.00, real=0.01 secs] 
2647.894: [GC (Allocation Failure) [PSYoungGen: 51152K->1504K(51712K)] 439862K->390214K(730624K), 0.0027156 secs] [Times: user=0.01 sys=0.00, real=0.00 secs] 
2648.359: [GC (Allocation Failure) [PSYoungGen: 51168K->1376K(51712K)] 439878K->390172K(730624K), 0.0031403 secs] [Times: user=0.02 sys=0.00, real=0.00 secs] 
2648.717: [GC (Allocation Failure) [PSYoungGen: 51040K->1376K(51712K)] 439836K->390172K(730624K), 0.0035817 secs] [Times: user=0.01 sys=0.00, real=0.00 secs] 
2650.060: [GC (Allocation Failure) [PSYoungGen: 51040K->1472K(51712K)] 439836K->390268K(730624K), 0.0017367 secs] [Times: user=0.01 sys=0.00, real=0.00 secs] 
2650.373: [GC (Allocation Failure) [PSYoungGen: 51136K->1344K(51712K)] 439932K->390140K(730624K), 0.0020092 secs] [Times: user=0.01 sys=0.00, real=0.01 secs] 
2650.590: [GC (Allocation Failure) [PSYoungGen: 51008K->1344K(51712K)] 439804K->390140K(730624K), 0.0019848 secs] [Times: user=0.01 sys=0.00, real=0.00 secs] 
2650.801: [GC (Allocation Failure) [PSYoungGen: 51008K->1392K(51712K)] 439804K->390188K(730624K), 0.0027604 secs] [Times: user=0.01 sys=0.00, real=0.01 secs] 
2651.011: [GC (Allocation Failure) [PSYoungGen: 51056K->1408K(51712K)] 439852K->390204K(730624K), 0.0025615 secs] [Times: user=0.01 sys=0.00, real=0.01 secs] 
2651.354: [GC (Allocation Failure) [PSYoungGen: 51072K->1376K(51712K)] 439868K->390172K(730624K), 0.0021505 secs] [Times: user=0.01 sys=0.00, real=0.00 secs] 
2652.485: [GC (Allocation Failure) [PSYoungGen: 51040K->1408K(51712K)] 439836K->390204K(730624K), 0.0019867 secs] [Times: user=0.01 sys=0.00, real=0.00 secs] 
2653.161: [GC (Allocation Failure) [PSYoungGen: 51072K->1376K(51712K)] 439868K->390172K(730624K), 0.0046766 secs] [Times: user=0.01 sys=0.00, real=0.01 secs] 
2653.731: [GC (Allocation Failure) [PSYoungGen: 51040K->1344K(51712K)] 439836K->390140K(730624K), 0.0034409 secs] [Times: user=0.01 sys=0.00, real=0.01 secs] 
2654.133: [GC (Allocation Failure) [PSYoungGen: 51008K->1376K(51712K)] 439804K->390172K(730624K), 0.0028989 secs] [Times: user=0.01 sys=0.00, real=0.00 secs] 
2654.547: [GC (Allocation Failure) [PSYoungGen: 51040K->1376K(51712K)] 439836K->390172K(730624K), 0.0026190 secs] [Times: user=0.01 sys=0.00, real=0.00 secs] 
2654.770: [GC (Allocation Failure) [PSYoungGen: 51040K->1360K(51200K)] 439836K->390156K(730112K), 0.0021981 secs] [Times: user=0.01 sys=0.00, real=0.00 secs] 
2656.490: [GC (Allocation Failure) [PSYoungGen: 51024K->1392K(51200K)] 439820K->390196K(730112K), 0.0048751 secs] [Times: user=0.02 sys=0.00, real=0.01 secs] 
2657.368: [GC (Allocation Failure) [PSYoungGen: 51056K->1392K(51200K)] 439860K->390220K(730112K), 0.0043358 secs] [Times: user=0.02 sys=0.00, real=0.00 secs] 
2658.145: [GC (Allocation Failure) [PSYoungGen: 51056K->1376K(51200K)] 439884K->390204K(730112K), 0.0034730 secs] [Times: user=0.01 sys=0.00, real=0.00 secs] 
2658.683: [GC (Allocation Failure) [PSYoungGen: 51040K->1376K(51200K)] 439868K->390228K(730112K), 0.0028465 secs] [Times: user=0.02 sys=0.00, real=0.00 secs] 
2658.975: [GC (Allocation Failure) [PSYoungGen: 51040K->1376K(51200K)] 439892K->390228K(730112K), 0.0021284 secs] [Times: user=0.01 sys=0.00, real=0.00 secs] 
2659.254: [GC (Allocation Failure) [PSYoungGen: 50038K->256K(51200K)] 438891K->389108K(730112K), 0.0020516 secs] [Times: user=0.00 sys=0.00, real=0.00 secs] 
2660.433: [GC (Allocation Failure) [PSYoungGen: 49920K->1376K(51712K)] 438772K->390228K(730624K), 0.0019438 secs] [Times: user=0.01 sys=0.00, real=0.00 secs] 
2660.832: [GC (Allocation Failure) [PSYoungGen: 51040K->1360K(51712K)] 439892K->390212K(730624K), 0.0041392 secs] [Times: user=0.01 sys=0.00, real=0.01 secs] 
2661.056: [GC (Allocation Failure) [PSYoungGen: 51024K->1408K(51712K)] 439876K->390260K(730624K), 0.0023464 secs] [Times: user=0.01 sys=0.00, real=0.00 secs] 
2661.264: [GC (Allocation Failure) [PSYoungGen: 51072K->1376K(51712K)] 439924K->390228K(730624K), 0.0021247 secs] [Times: user=0.01 sys=0.00, real=0.00 secs] 
2661.470: [GC (Allocation Failure) [PSYoungGen: 51040K->1408K(51712K)] 439892K->390260K(730624K), 0.0020978 secs] [Times: user=0.00 sys=0.00, real=0.00 secs] 
2662.338: [GC (Allocation Failure) [PSYoungGen: 51072K->1408K(51712K)] 439924K->390260K(730624K), 0.0016432 secs] [Times: user=0.01 sys=0.00, real=0.00 secs] 
2662.607: [GC (Allocation Failure) [PSYoungGen: 51072K->1408K(51712K)] 439924K->390260K(730624K), 0.0015627 secs] [Times: user=0.01 sys=0.00, real=0.00 secs] 
2662.971: [GC (Allocation Failure) [PSYoungGen: 51072K->1408K(51712K)] 439924K->390260K(730624K), 0.0044496 secs] [Times: user=0.02 sys=0.00, real=0.01 secs] 
2663.390: [GC (Allocation Failure) [PSYoungGen: 51072K->1376K(51712K)] 439924K->390228K(730624K), 0.0042804 secs] [Times: user=0.01 sys=0.00, real=0.01 secs] 
2663.782: [GC (Allocation Failure) [PSYoungGen: 51040K->1376K(51712K)] 439892K->390228K(730624K), 0.0028585 secs] [Times: user=0.01 sys=0.00, real=0.01 secs] 
2664.176: [GC (Allocation Failure) [PSYoungGen: 51040K->1376K(51712K)] 439892K->390228K(730624K), 0.0027143 secs] [Times: user=0.01 sys=0.00, real=0.00 secs] 
2665.535: [GC (Allocation Failure) [PSYoungGen: 51040K->1408K(51712K)] 439892K->390292K(730624K), 0.0017703 secs] [Times: user=0.00 sys=0.00, real=0.00 secs] 
2666.113: [GC (Allocation Failure) [PSYoungGen: 51072K->1392K(51712K)] 439956K->390276K(730624K), 0.0040798 secs] [Times: user=0.02 sys=0.00, real=0.00 secs] 
2666.564: [GC (Allocation Failure) [PSYoungGen: 51056K->1408K(51712K)] 439940K->390292K(730624K), 0.0043284 secs] [Times: user=0.02 sys=0.00, real=0.00 secs] 
2666.794: [GC (Allocation Failure) [PSYoungGen: 51072K->1376K(51712K)] 439956K->390260K(730624K), 0.0021575 secs] [Times: user=0.00 sys=0.00, real=0.00 secs] 
2667.043: [GC (Allocation Failure) [PSYoungGen: 51040K->1376K(51712K)] 439924K->390276K(730624K), 0.0020782 secs] [Times: user=0.01 sys=0.00, real=0.00 secs] 
2667.301: [GC (Allocation Failure) [PSYoungGen: 51040K->1408K(51712K)] 439940K->390308K(730624K), 0.0019248 secs] [Times: user=0.01 sys=0.00, real=0.00 secs] 
2669.047: [GC (Allocation Failure) [PSYoungGen: 51072K->1408K(51712K)] 439972K->390308K(730624K), 0.0042868 secs] [Times: user=0.01 sys=0.00, real=0.00 secs] 
2669.474: [GC (Allocation Failure) [PSYoungGen: 51072K->1376K(51200K)] 439972K->390276K(730112K), 0.0034863 secs] [Times: user=0.02 sys=0.00, real=0.00 secs] 
2669.883: [GC (Allocation Failure) [PSYoungGen: 51040K->1376K(51200K)] 439940K->390276K(730112K), 0.0029178 secs] [Times: user=0.01 sys=0.00, real=0.00 secs] 
2670.438: [GC (Allocation Failure) [PSYoungGen: 51040K->384K(50688K)] 439940K->390308K(729600K), 0.0027249 secs] [Times: user=0.01 sys=0.00, real=0.00 secs] 
2671.104: [GC (Allocation Failure) [PSYoungGen: 50048K->400K(51712K)] 439972K->390324K(730624K), 0.0048244 secs] [Times: user=0.02 sys=0.00, real=0.00 secs] 
2672.610: [GC (Allocation Failure) [PSYoungGen: 50064K->1408K(51712K)] 439988K->391332K(730624K), 0.0018735 secs] [Times: user=0.00 sys=0.00, real=0.00 secs] 
2673.530: [GC (Allocation Failure) [PSYoungGen: 51072K->1408K(51712K)] 440996K->391332K(730624K), 0.0042673 secs] [Times: user=0.02 sys=0.00, real=0.01 secs] 
2674.185: [GC (Allocation Failure) [PSYoungGen: 51072K->1360K(51712K)] 440996K->391284K(730624K), 0.0036276 secs] [Times: user=0.01 sys=0.00, real=0.00 secs] 
2674.579: [GC (Allocation Failure) [PSYoungGen: 51024K->1376K(51712K)] 440948K->391300K(730624K), 0.0027809 secs] [Times: user=0.01 sys=0.00, real=0.00 secs] 
2674.863: [GC (Allocation Failure) [PSYoungGen: 51040K->1376K(51712K)] 440964K->391300K(730624K), 0.0025877 secs] [Times: user=0.01 sys=0.00, real=0.00 secs] 
2675.266: [GC (Allocation Failure) [PSYoungGen: 51040K->1360K(51712K)] 440964K->391284K(730624K), 0.0026480 secs] [Times: user=0.01 sys=0.00, real=0.00 secs] 
2676.575: [GC (Allocation Failure) [PSYoungGen: 51024K->1376K(51712K)] 440948K->391300K(730624K), 0.0016833 secs] [Times: user=0.00 sys=0.00, real=0.00 secs] 
2677.284: [GC (Allocation Failure) [PSYoungGen: 51040K->1376K(51712K)] 440964K->391300K(730624K), 0.0042554 secs] [Times: user=0.02 sys=0.00, real=0.00 secs] 
2677.720: [GC (Allocation Failure) [PSYoungGen: 51040K->1408K(51712K)] 440964K->391332K(730624K), 0.0033970 secs] [Times: user=0.01 sys=0.00, real=0.01 secs] 
2678.131: [GC (Allocation Failure) [PSYoungGen: 51072K->1376K(51712K)] 440996K->391300K(730624K), 0.0028904 secs] [Times: user=0.01 sys=0.00, real=0.01 secs] 
2678.521: [GC (Allocation Failure) [PSYoungGen: 51040K->1408K(51712K)] 440964K->391348K(730624K), 0.0034614 secs] [Times: user=0.01 sys=0.01, real=0.01 secs] 
2678.833: [GC (Allocation Failure) [PSYoungGen: 51072K->1376K(51712K)] 441012K->391316K(730624K), 0.0027927 secs] [Times: user=0.01 sys=0.00, real=0.01 secs] 
2680.155: [GC (Allocation Failure) [PSYoungGen: 51040K->1440K(51712K)] 440980K->391380K(730624K), 0.0020347 secs] [Times: user=0.00 sys=0.00, real=0.00 secs] 
2680.763: [GC (Allocation Failure) [PSYoungGen: 51104K->1344K(51712K)] 441044K->391284K(730624K), 0.0026074 secs] [Times: user=0.01 sys=0.01, real=0.01 secs] 
2681.337: [GC (Allocation Failure) [PSYoungGen: 51008K->1376K(51712K)] 440948K->391316K(730624K), 0.0025339 secs] [Times: user=0.01 sys=0.00, real=0.00 secs] 
2681.825: [GC (Allocation Failure) [PSYoungGen: 51040K->1376K(51712K)] 440980K->391316K(730624K), 0.0026287 secs] [Times: user=0.01 sys=0.00, real=0.00 secs] 
2682.234: [GC (Allocation Failure) [PSYoungGen: 51040K->1408K(51712K)] 440980K->391348K(730624K), 0.0025261 secs] [Times: user=0.01 sys=0.00, real=0.00 secs] 
2683.406: [GC (Allocation Failure) [PSYoungGen: 51072K->1920K(51712K)] 441012K->391860K(730624K), 0.0017358 secs] [Times: user=0.01 sys=0.00, real=0.00 secs] 
2683.617: [GC (Allocation Failure) [PSYoungGen: 51584K->1376K(51712K)] 441524K->391316K(730624K), 0.0016852 secs] [Times: user=0.01 sys=0.00, real=0.00 secs] 
2683.875: [GC (Allocation Failure) [PSYoungGen: 51040K->1376K(51712K)] 440980K->391316K(730624K), 0.0017954 secs] [Times: user=0.01 sys=0.00, real=0.00 secs] 
2684.139: [GC (Allocation Failure) [PSYoungGen: 51040K->1376K(51712K)] 440980K->391316K(730624K), 0.0018854 secs] [Times: user=0.00 sys=0.00, real=0.00 secs] 
2684.384: [GC (Allocation Failure) [PSYoungGen: 51040K->1392K(51712K)] 440980K->391332K(730624K), 0.0017369 secs] [Times: user=0.00 sys=0.00, real=0.00 secs] 
2684.664: [GC (Allocation Failure) [PSYoungGen: 51056K->1376K(51712K)] 440996K->391316K(730624K), 0.0019722 secs] [Times: user=0.01 sys=0.00, real=0.00 secs] 
2685.738: [GC (Allocation Failure) [PSYoungGen: 51040K->1408K(51712K)] 440980K->391348K(730624K), 0.0018618 secs] [Times: user=0.00 sys=0.00, real=0.00 secs] 
2686.326: [GC (Allocation Failure) [PSYoungGen: 51072K->1408K(51712K)] 441012K->391372K(730624K), 0.0020757 secs] [Times: user=0.01 sys=0.00, real=0.00 secs] 
2686.755: [GC (Allocation Failure) [PSYoungGen: 51072K->1376K(51712K)] 441036K->391340K(730624K), 0.0023041 secs] [Times: user=0.01 sys=0.00, real=0.00 secs] 
2687.125: [GC (Allocation Failure) [PSYoungGen: 51040K->1376K(51712K)] 441004K->391340K(730624K), 0.0021034 secs] [Times: user=0.01 sys=0.00, real=0.00 secs] 
2687.615: [GC (Allocation Failure) [PSYoungGen: 51040K->1344K(51712K)] 441004K->391316K(730624K), 0.0026622 secs] [Times: user=0.00 sys=0.00, real=0.00 secs] 
2688.078: [GC (Allocation Failure) [PSYoungGen: 51008K->1408K(51712K)] 440980K->391380K(730624K), 0.0023248 secs] [Times: user=0.01 sys=0.00, real=0.00 secs] 
2689.047: [GC (Allocation Failure) [PSYoungGen: 51072K->1376K(51712K)] 441044K->391348K(730624K), 0.0017350 secs] [Times: user=0.00 sys=0.00, real=0.00 secs] 
2689.253: [GC (Allocation Failure) [PSYoungGen: 51040K->1424K(51712K)] 441012K->391396K(730624K), 0.0019290 secs] [Times: user=0.00 sys=0.01, real=0.00 secs] 
2689.460: [GC (Allocation Failure) [PSYoungGen: 51088K->1376K(51200K)] 441060K->391348K(730112K), 0.0018678 secs] [Times: user=0.01 sys=0.00, real=0.00 secs] 
2689.683: [GC (Allocation Failure) [PSYoungGen: 51040K->1408K(51200K)] 441012K->391380K(730112K), 0.0017595 secs] [Times: user=0.01 sys=0.00, real=0.01 secs] 
2689.995: [GC (Allocation Failure) [PSYoungGen: 51072K->1424K(51200K)] 441044K->391396K(730112K), 0.0019304 secs] [Times: user=0.01 sys=0.00, real=0.00 secs] 
2691.115: [GC (Allocation Failure) [PSYoungGen: 51088K->1504K(50688K)] 441060K->391682K(729600K), 0.0016951 secs] [Times: user=0.01 sys=0.01, real=0.00 secs] 
2691.486: [GC (Allocation Failure) [PSYoungGen: 50656K->1312K(51200K)] 440834K->391490K(730112K), 0.0020271 secs] [Times: user=0.01 sys=0.00, real=0.00 secs] 
2691.691: [GC (Allocation Failure) [PSYoungGen: 50464K->1312K(51200K)] 440642K->391490K(730112K), 0.0021693 secs] [Times: user=0.01 sys=0.00, real=0.00 secs] 
2691.895: [GC (Allocation Failure) [PSYoungGen: 50464K->1312K(51200K)] 440642K->391490K(730112K), 0.0019754 secs] [Times: user=0.00 sys=0.00, real=0.00 secs] 
2692.182: [GC (Allocation Failure) [PSYoungGen: 50464K->1312K(51200K)] 440642K->391498K(730112K), 0.0024001 secs] [Times: user=0.01 sys=0.00, real=0.01 secs] 
2692.570: [GC (Allocation Failure) [PSYoungGen: 50464K->1280K(51200K)] 440650K->391466K(730112K), 0.0026576 secs] [Times: user=0.01 sys=0.00, real=0.00 secs] 
2693.796: [GC (Allocation Failure) [PSYoungGen: 50432K->1488K(51200K)] 440618K->391674K(730112K), 0.0021891 secs] [Times: user=0.01 sys=0.00, real=0.00 secs] 
2694.381: [GC (Allocation Failure) [PSYoungGen: 50640K->1504K(51200K)] 440826K->391690K(730112K), 0.0030248 secs] [Times: user=0.01 sys=0.00, real=0.01 secs] 
2694.847: [GC (Allocation Failure) [PSYoungGen: 50656K->1440K(51200K)] 440842K->391626K(730112K), 0.0030774 secs] [Times: user=0.01 sys=0.00, real=0.00 secs] 
2695.327: [GC (Allocation Failure) [PSYoungGen: 50592K->1472K(51200K)] 440778K->391674K(730112K), 0.0029129 secs] [Times: user=0.01 sys=0.00, real=0.00 secs] 
2695.822: [GC (Allocation Failure) [PSYoungGen: 50624K->1408K(51200K)] 440826K->391650K(730112K), 0.0031153 secs] [Times: user=0.02 sys=0.00, real=0.01 secs] 
2696.425: [GC (Allocation Failure) [PSYoungGen: 50560K->1472K(51200K)] 440802K->391714K(730112K), 0.0032674 secs] [Times: user=0.01 sys=0.00, real=0.00 secs] 
2697.790: [GC (Allocation Failure) [PSYoungGen: 50624K->1472K(51200K)] 440866K->391714K(730112K), 0.0023154 secs] [Times: user=0.01 sys=0.00, real=0.00 secs] 
2698.221: [GC (Allocation Failure) [PSYoungGen: 50624K->1472K(51200K)] 440866K->391714K(730112K), 0.0029559 secs] [Times: user=0.01 sys=0.00, real=0.01 secs] 
2698.651: [GC (Allocation Failure) [PSYoungGen: 50624K->1440K(51200K)] 440866K->391682K(730112K), 0.0031068 secs] [Times: user=0.02 sys=0.00, real=0.01 secs] 
2699.090: [GC (Allocation Failure) [PSYoungGen: 50592K->1408K(51200K)] 440834K->391738K(730112K), 0.0026981 secs] [Times: user=0.01 sys=0.00, real=0.01 secs] 
2699.592: [GC (Allocation Failure) [PSYoungGen: 50560K->1376K(51200K)] 440890K->391706K(730112K), 0.0021734 secs] [Times: user=0.01 sys=0.00, real=0.01 secs] 
2700.127: [GC (Allocation Failure) [PSYoungGen: 50528K->1408K(51200K)] 440858K->391738K(730112K), 0.0033226 secs] [Times: user=0.02 sys=0.00, real=0.00 secs] 
2701.575: [GC (Allocation Failure) [PSYoungGen: 50560K->1440K(51200K)] 440890K->391770K(730112K), 0.0043254 secs] [Times: user=0.02 sys=0.00, real=0.00 secs] 
2702.081: [GC (Allocation Failure) [PSYoungGen: 50592K->1344K(51200K)] 440922K->391674K(730112K), 0.0033248 secs] [Times: user=0.01 sys=0.00, real=0.01 secs] 
2702.595: [GC (Allocation Failure) [PSYoungGen: 50496K->1408K(51200K)] 440826K->391738K(730112K), 0.0027937 secs] [Times: user=0.01 sys=0.01, real=0.00 secs] 
2703.031: [GC (Allocation Failure) [PSYoungGen: 50560K->1344K(51200K)] 440890K->391674K(730112K), 0.0028239 secs] [Times: user=0.01 sys=0.00, real=0.01 secs] 
2703.395: [GC (Allocation Failure) [PSYoungGen: 50496K->1376K(50688K)] 440826K->391706K(729600K), 0.0028079 secs] [Times: user=0.01 sys=0.00, real=0.00 secs] 
2704.469: [GC (Allocation Failure) [PSYoungGen: 50528K->1408K(50688K)] 440858K->392250K(729600K), 0.0022702 secs] [Times: user=0.01 sys=0.00, real=0.00 secs] 
2704.839: [GC (Allocation Failure) [PSYoungGen: 50560K->320K(50176K)] 441402K->392186K(729088K), 0.0021827 secs] [Times: user=0.01 sys=0.00, real=0.00 secs] 
2705.263: [GC (Allocation Failure) [PSYoungGen: 49472K->352K(51200K)] 441338K->392218K(730112K), 0.0043626 secs] [Times: user=0.02 sys=0.00, real=0.00 secs] 
2705.704: [GC (Allocation Failure) [PSYoungGen: 49504K->352K(51200K)] 441370K->392218K(730112K), 0.0035287 secs] [Times: user=0.02 sys=0.00, real=0.00 secs] 
2706.152: [GC (Allocation Failure) [PSYoungGen: 49504K->352K(51200K)] 441370K->392226K(730112K), 0.0036257 secs] [Times: user=0.01 sys=0.00, real=0.01 secs] 
2706.604: [GC (Allocation Failure) [PSYoungGen: 49504K->288K(51200K)] 441378K->392186K(730112K), 0.0033921 secs] [Times: user=0.02 sys=0.00, real=0.00 secs] 
2707.874: [GC (Allocation Failure) [PSYoungGen: 49440K->1440K(51200K)] 441338K->393338K(730112K), 0.0020440 secs] [Times: user=0.01 sys=0.00, real=0.00 secs] 
2708.441: [GC (Allocation Failure) [PSYoungGen: 50592K->1408K(51712K)] 442490K->393306K(730624K), 0.0043894 secs] [Times: user=0.02 sys=0.00, real=0.01 secs] 
2708.959: [GC (Allocation Failure) [PSYoungGen: 50560K->1376K(51712K)] 442458K->393274K(730624K), 0.0033858 secs] [Times: user=0.01 sys=0.00, real=0.00 secs] 
2709.441: [GC (Allocation Failure) [PSYoungGen: 50528K->1344K(51712K)] 442426K->393242K(730624K), 0.0033329 secs] [Times: user=0.01 sys=0.00, real=0.01 secs] 
2709.879: [GC (Allocation Failure) [PSYoungGen: 50496K->1344K(51712K)] 442394K->393242K(730624K), 0.0034156 secs] [Times: user=0.01 sys=0.00, real=0.01 secs] 
2710.262: [GC (Allocation Failure) [PSYoungGen: 50496K->1376K(51712K)] 442394K->393274K(730624K), 0.0030547 secs] [Times: user=0.01 sys=0.00, real=0.01 secs] 
2711.486: [GC (Allocation Failure) [PSYoungGen: 50528K->1408K(51712K)] 442426K->393306K(730624K), 0.0043148 secs] [Times: user=0.02 sys=0.00, real=0.00 secs] 
2711.943: [GC (Allocation Failure) [PSYoungGen: 50560K->1376K(51712K)] 442458K->393274K(730624K), 0.0033789 secs] [Times: user=0.01 sys=0.00, real=0.00 secs] 
2712.345: [GC (Allocation Failure) [PSYoungGen: 50528K->1408K(51712K)] 442426K->393306K(730624K), 0.0032990 secs] [Times: user=0.01 sys=0.00, real=0.00 secs] 
2712.735: [GC (Allocation Failure) [PSYoungGen: 50560K->1344K(50688K)] 442458K->393242K(729600K), 0.0029416 secs] [Times: user=0.01 sys=0.00, real=0.00 secs] 
2713.226: [GC (Allocation Failure) [PSYoungGen: 50496K->1408K(51200K)] 442394K->393306K(730112K), 0.0036982 secs] [Times: user=0.02 sys=0.00, real=0.00 secs] 
2713.652: [GC (Allocation Failure) [PSYoungGen: 50560K->1344K(51200K)] 442458K->393242K(730112K), 0.0027643 secs] [Times: user=0.02 sys=0.00, real=0.01 secs] 
2714.941: [GC (Allocation Failure) [PSYoungGen: 50496K->1376K(51200K)] 442394K->393274K(730112K), 0.0020798 secs] [Times: user=0.01 sys=0.00, real=0.01 secs] 
2715.424: [GC (Allocation Failure) [PSYoungGen: 50528K->1312K(51200K)] 442426K->393210K(730112K), 0.0043089 secs] [Times: user=0.02 sys=0.00, real=0.00 secs] 
2715.861: [GC (Allocation Failure) [PSYoungGen: 50464K->1344K(51200K)] 442362K->393242K(730112K), 0.0034125 secs] [Times: user=0.02 sys=0.00, real=0.01 secs] 
2716.139: [GC (Allocation Failure) [PSYoungGen: 50496K->1360K(51200K)] 442394K->393258K(730112K), 0.0021732 secs] [Times: user=0.01 sys=0.00, real=0.00 secs] 
2716.347: [GC (Allocation Failure) [PSYoungGen: 50512K->1408K(51200K)] 442410K->393322K(730112K), 0.0020686 secs] [Times: user=0.01 sys=0.00, real=0.00 secs] 
2717.368: [GC (Allocation Failure) [PSYoungGen: 50108K->1664K(51200K)] 442023K->393578K(730112K), 0.0018738 secs] [Times: user=0.01 sys=0.00, real=0.00 secs] 
2717.767: [GC (Allocation Failure) [PSYoungGen: 50816K->1376K(51200K)] 442730K->393290K(730112K), 0.0018677 secs] [Times: user=0.01 sys=0.00, real=0.00 secs] 
2718.222: [GC (Allocation Failure) [PSYoungGen: 50528K->1376K(51200K)] 442442K->393290K(730112K), 0.0022617 secs] [Times: user=0.01 sys=0.00, real=0.01 secs] 
2718.596: [GC (Allocation Failure) [PSYoungGen: 50528K->1392K(51200K)] 442442K->393306K(730112K), 0.0023266 secs] [Times: user=0.01 sys=0.00, real=0.00 secs] 
2718.828: [GC (Allocation Failure) [PSYoungGen: 50544K->1392K(51200K)] 442458K->393306K(730112K), 0.0021873 secs] [Times: user=0.00 sys=0.00, real=0.00 secs] 
2719.074: [GC (Allocation Failure) [PSYoungGen: 50544K->1376K(51200K)] 442458K->393290K(730112K), 0.0022449 secs] [Times: user=0.01 sys=0.00, real=0.00 secs] 
2720.143: [GC (Allocation Failure) [PSYoungGen: 50528K->1408K(51200K)] 442442K->393322K(730112K), 0.0019890 secs] [Times: user=0.01 sys=0.00, real=0.00 secs] 
2720.884: [GC (Allocation Failure) [PSYoungGen: 50560K->1376K(51200K)] 442474K->393290K(730112K), 0.0029065 secs] [Times: user=0.01 sys=0.00, real=0.00 secs] 
2721.595: [GC (Allocation Failure) [PSYoungGen: 50528K->1376K(51200K)] 442442K->393290K(730112K), 0.0045112 secs] [Times: user=0.02 sys=0.00, real=0.00 secs] 
2722.292: [GC (Allocation Failure) [PSYoungGen: 50528K->1376K(51200K)] 442442K->393290K(730112K), 0.0044241 secs] [Times: user=0.01 sys=0.00, real=0.01 secs] 
2722.862: [GC (Allocation Failure) [PSYoungGen: 50528K->1344K(51200K)] 442442K->393266K(730112K), 0.0042004 secs] [Times: user=0.01 sys=0.00, real=0.01 secs] 
2723.225: [GC (Allocation Failure) [PSYoungGen: 50496K->1344K(51200K)] 442418K->393266K(730112K), 0.0028137 secs] [Times: user=0.02 sys=0.00, real=0.00 secs] 
2724.210: [GC (Allocation Failure) [PSYoungGen: 50496K->1408K(51200K)] 442418K->393330K(730112K), 0.0019580 secs] [Times: user=0.01 sys=0.00, real=0.00 secs] 
2724.415: [GC (Allocation Failure) [PSYoungGen: 50560K->1344K(51200K)] 442482K->393266K(730112K), 0.0019496 secs] [Times: user=0.01 sys=0.00, real=0.00 secs] 
2724.619: [GC (Allocation Failure) [PSYoungGen: 50496K->1376K(51200K)] 442418K->393298K(730112K), 0.0019166 secs] [Times: user=0.01 sys=0.00, real=0.00 secs] 
2724.823: [GC (Allocation Failure) [PSYoungGen: 50528K->1360K(50688K)] 442450K->393282K(729600K), 0.0020288 secs] [Times: user=0.01 sys=0.00, real=0.00 secs] 
2725.028: [GC (Allocation Failure) [PSYoungGen: 50512K->1344K(50688K)] 442434K->393266K(729600K), 0.0019938 secs] [Times: user=0.01 sys=0.00, real=0.00 secs] 
2725.232: [GC (Allocation Failure) [PSYoungGen: 50496K->1376K(50688K)] 442418K->393314K(729600K), 0.0019404 secs] [Times: user=0.00 sys=0.00, real=0.01 secs] 
2726.177: [GC (Allocation Failure) [PSYoungGen: 50528K->1408K(50688K)] 442466K->393346K(729600K), 0.0016472 secs] [Times: user=0.01 sys=0.00, real=0.00 secs] 
2726.380: [GC (Allocation Failure) [PSYoungGen: 50560K->1392K(50688K)] 442498K->393330K(729600K), 0.0016608 secs] [Times: user=0.00 sys=0.00, real=0.00 secs] 
2726.583: [GC (Allocation Failure) [PSYoungGen: 50544K->1344K(50688K)] 442482K->393282K(729600K), 0.0016445 secs] [Times: user=0.01 sys=0.00, real=0.00 secs] 
2726.787: [GC (Allocation Failure) [PSYoungGen: 50496K->1376K(50688K)] 442434K->393314K(729600K), 0.0015726 secs] [Times: user=0.01 sys=0.00, real=0.00 secs] 
2726.991: [GC (Allocation Failure) [PSYoungGen: 50528K->1376K(50688K)] 442466K->393314K(729600K), 0.0016488 secs] [Times: user=0.01 sys=0.00, real=0.00 secs] 
2727.879: [GC (Allocation Failure) [PSYoungGen: 50528K->1456K(50688K)] 442466K->393906K(729600K), 0.0018202 secs] [Times: user=0.01 sys=0.00, real=0.00 secs] 
2728.242: [GC (Allocation Failure) [PSYoungGen: 50608K->1376K(50688K)] 443058K->393826K(729600K), 0.0016660 secs] [Times: user=0.01 sys=0.00, real=0.01 secs] 
2728.651: [GC (Allocation Failure) [PSYoungGen: 50528K->1376K(50688K)] 442978K->393826K(729600K), 0.0019019 secs] [Times: user=0.01 sys=0.00, real=0.01 secs] 
2729.011: [GC (Allocation Failure) [PSYoungGen: 50528K->1392K(50688K)] 442978K->393842K(729600K), 0.0019277 secs] [Times: user=0.01 sys=0.00, real=0.01 secs] 
2729.372: [GC (Allocation Failure) [PSYoungGen: 50544K->1344K(50688K)] 442994K->393802K(729600K), 0.0018836 secs] [Times: user=0.01 sys=0.00, real=0.01 secs] 
2729.728: [GC (Allocation Failure) [PSYoungGen: 50496K->1408K(50688K)] 442954K->393866K(729600K), 0.0022513 secs] [Times: user=0.01 sys=0.00, real=0.00 secs] 
2730.803: [GC (Allocation Failure) [PSYoungGen: 50560K->1392K(50688K)] 443018K->393850K(729600K), 0.0019271 secs] [Times: user=0.01 sys=0.00, real=0.00 secs] 
2731.104: [GC (Allocation Failure) [PSYoungGen: 50544K->1376K(50688K)] 443002K->393834K(729600K), 0.0019097 secs] [Times: user=0.01 sys=0.00, real=0.00 secs] 
2731.448: [GC (Allocation Failure) [PSYoungGen: 50528K->1376K(50688K)] 442986K->393834K(729600K), 0.0039118 secs] [Times: user=0.02 sys=0.00, real=0.00 secs] 
2731.851: [GC (Allocation Failure) [PSYoungGen: 50528K->1344K(50688K)] 442986K->393802K(729600K), 0.0032233 secs] [Times: user=0.01 sys=0.00, real=0.01 secs] 
2732.575: [GC (Allocation Failure) [PSYoungGen: 50496K->1408K(50688K)] 442954K->393866K(729600K), 0.0035701 secs] [Times: user=0.01 sys=0.00, real=0.00 secs] 
2732.976: [GC (Allocation Failure) [PSYoungGen: 50560K->1376K(50688K)] 443018K->393834K(729600K), 0.0032645 secs] [Times: user=0.01 sys=0.00, real=0.00 secs] 
2734.199: [GC (Allocation Failure) [PSYoungGen: 50528K->1424K(50688K)] 442986K->393882K(729600K), 0.0024339 secs] [Times: user=0.01 sys=0.00, real=0.00 secs] 
2734.670: [GC (Allocation Failure) [PSYoungGen: 50576K->1360K(50688K)] 443034K->393818K(729600K), 0.0024199 secs] [Times: user=0.00 sys=0.00, real=0.00 secs] 
2735.188: [GC (Allocation Failure) [PSYoungGen: 50512K->1376K(50688K)] 442970K->393834K(729600K), 0.0023536 secs] [Times: user=0.01 sys=0.00, real=0.00 secs] 
2735.721: [GC (Allocation Failure) [PSYoungGen: 50528K->1392K(50688K)] 442986K->393850K(729600K), 0.0041040 secs] [Times: user=0.02 sys=0.00, real=0.01 secs] 
2736.121: [GC (Allocation Failure) [PSYoungGen: 50544K->1312K(50688K)] 443002K->393778K(729600K), 0.0028418 secs] [Times: user=0.01 sys=0.00, real=0.01 secs] 
2736.500: [GC (Allocation Failure) [PSYoungGen: 50464K->1376K(50688K)] 442930K->393842K(729600K), 0.0025997 secs] [Times: user=0.01 sys=0.01, real=0.01 secs] 
2738.004: [GC (Allocation Failure) [PSYoungGen: 50528K->1408K(50688K)] 442994K->393874K(729600K), 0.0029066 secs] [Times: user=0.01 sys=0.00, real=0.00 secs] 
2738.799: [GC (Allocation Failure) [PSYoungGen: 50560K->1408K(50688K)] 443026K->393874K(729600K), 0.0033495 secs] [Times: user=0.01 sys=0.00, real=0.00 secs] 
2739.581: [GC (Allocation Failure) [PSYoungGen: 50560K->1376K(50688K)] 443026K->393842K(729600K), 0.0036089 secs] [Times: user=0.02 sys=0.00, real=0.01 secs] 
2740.140: [GC (Allocation Failure) [PSYoungGen: 50528K->1376K(50688K)] 442994K->393842K(729600K), 0.0053970 secs] [Times: user=0.02 sys=0.00, real=0.01 secs] 
2740.544: [GC (Allocation Failure) [PSYoungGen: 50528K->1376K(50688K)] 442994K->393842K(729600K), 0.0029085 secs] [Times: user=0.01 sys=0.00, real=0.00 secs] 
2741.706: [GC (Allocation Failure) [PSYoungGen: 50528K->896K(50688K)] 442994K->394386K(729600K), 0.0016683 secs] [Times: user=0.00 sys=0.00, real=0.00 secs] 
2741.910: [GC (Allocation Failure) [PSYoungGen: 50048K->320K(50688K)] 443538K->393810K(729600K), 0.0015966 secs] [Times: user=0.00 sys=0.00, real=0.00 secs] 
2742.133: [GC (Allocation Failure) [PSYoungGen: 49472K->352K(51200K)] 442962K->393842K(730112K), 0.0016313 secs] [Times: user=0.00 sys=0.00, real=0.00 secs] 
2742.372: [GC (Allocation Failure) [PSYoungGen: 49504K->288K(51200K)] 442994K->393778K(730112K), 0.0016921 secs] [Times: user=0.01 sys=0.00, real=0.01 secs] 
2742.656: [GC (Allocation Failure) [PSYoungGen: 49440K->384K(51200K)] 442930K->393874K(730112K), 0.0027176 secs] [Times: user=0.01 sys=0.00, real=0.00 secs] 
2742.858: [GC (Allocation Failure) [PSYoungGen: 49536K->352K(51200K)] 443026K->393842K(730112K), 0.0022225 secs] [Times: user=0.01 sys=0.00, real=0.00 secs] 
2743.883: [GC (Allocation Failure) [PSYoungGen: 49504K->1408K(51200K)] 442994K->394898K(730112K), 0.0017808 secs] [Times: user=0.01 sys=0.01, real=0.01 secs] 
2744.187: [GC (Allocation Failure) [PSYoungGen: 50560K->1376K(51200K)] 444050K->394866K(730112K), 0.0019705 secs] [Times: user=0.01 sys=0.00, real=0.00 secs] 
2744.392: [GC (Allocation Failure) [PSYoungGen: 50528K->1344K(50688K)] 444018K->394834K(729600K), 0.0020636 secs] [Times: user=0.00 sys=0.00, real=0.01 secs] 
2744.595: [GC (Allocation Failure) [PSYoungGen: 49984K->1408K(51200K)] 443474K->394898K(730112K), 0.0024059 secs] [Times: user=0.01 sys=0.00, real=0.00 secs] 
2744.804: [GC (Allocation Failure) [PSYoungGen: 50048K->1376K(51200K)] 443538K->394874K(730112K), 0.0026806 secs] [Times: user=0.01 sys=0.00, real=0.00 secs] 
2745.005: [GC (Allocation Failure) [PSYoungGen: 50016K->1344K(51200K)] 443514K->394858K(730112K), 0.0021204 secs] [Times: user=0.01 sys=0.00, real=0.00 secs] 
2746.280: [GC (Allocation Failure) [PSYoungGen: 49984K->1376K(51200K)] 443498K->394890K(730112K), 0.0021510 secs] [Times: user=0.01 sys=0.00, real=0.00 secs] 
2746.688: [GC (Allocation Failure) [PSYoungGen: 50016K->1376K(51200K)] 443530K->394890K(730112K), 0.0021999 secs] [Times: user=0.01 sys=0.00, real=0.00 secs] 
2747.097: [GC (Allocation Failure) [PSYoungGen: 50016K->1328K(50176K)] 443530K->394842K(729088K), 0.0022763 secs] [Times: user=0.01 sys=0.00, real=0.00 secs] 
2747.426: [GC (Allocation Failure) [PSYoungGen: 49968K->1408K(50688K)] 443482K->394930K(729600K), 0.0032254 secs] [Times: user=0.01 sys=0.00, real=0.00 secs] 
2747.884: [GC (Allocation Failure) [PSYoungGen: 50048K->1408K(50688K)] 443570K->394930K(729600K), 0.0039044 secs] [Times: user=0.02 sys=0.00, real=0.00 secs] 
2748.373: [GC (Allocation Failure) [PSYoungGen: 50048K->1408K(50688K)] 443570K->394930K(729600K), 0.0041998 secs] [Times: user=0.02 sys=0.00, real=0.00 secs] 
2749.714: [GC (Allocation Failure) [PSYoungGen: 50048K->1376K(50688K)] 443570K->394898K(729600K), 0.0019253 secs] [Times: user=0.01 sys=0.00, real=0.00 secs] 
2750.497: [GC (Allocation Failure) [PSYoungGen: 50016K->1376K(50688K)] 443538K->394898K(729600K), 0.0025211 secs] [Times: user=0.02 sys=0.00, real=0.00 secs] 
2751.068: [GC (Allocation Failure) [PSYoungGen: 50016K->1376K(50688K)] 443538K->394898K(729600K), 0.0028477 secs] [Times: user=0.01 sys=0.00, real=0.00 secs] 
2751.582: [GC (Allocation Failure) [PSYoungGen: 50016K->1408K(50688K)] 443538K->394930K(729600K), 0.0030205 secs] [Times: user=0.02 sys=0.00, real=0.01 secs] 
2752.008: [GC (Allocation Failure) [PSYoungGen: 50048K->1328K(50688K)] 443570K->394850K(729600K), 0.0029996 secs] [Times: user=0.01 sys=0.00, real=0.00 secs] 
2753.062: [GC (Allocation Failure) [PSYoungGen: 49076K->256K(50688K)] 442599K->393778K(729600K), 0.0015978 secs] [Times: user=0.00 sys=0.00, real=0.01 secs] 
2753.289: [GC (Allocation Failure) [PSYoungGen: 48896K->1408K(50688K)] 442418K->394930K(729600K), 0.0018793 secs] [Times: user=0.01 sys=0.00, real=0.00 secs] 
2753.492: [GC (Allocation Failure) [PSYoungGen: 50048K->1344K(50688K)] 443570K->394866K(729600K), 0.0018396 secs] [Times: user=0.01 sys=0.00, real=0.01 secs] 
2753.768: [GC (Allocation Failure) [PSYoungGen: 49984K->1376K(50688K)] 443506K->394898K(729600K), 0.0018683 secs] [Times: user=0.00 sys=0.00, real=0.00 secs] 
2754.082: [GC (Allocation Failure) [PSYoungGen: 50016K->1376K(50688K)] 443538K->394898K(729600K), 0.0016720 secs] [Times: user=0.01 sys=0.00, real=0.01 secs] 
2754.435: [GC (Allocation Failure) [PSYoungGen: 50016K->1376K(50688K)] 443538K->394898K(729600K), 0.0019874 secs] [Times: user=0.00 sys=0.00, real=0.00 secs] 
2755.543: [GC (Allocation Failure) [PSYoungGen: 50016K->1920K(50688K)] 443538K->395442K(729600K), 0.0019718 secs] [Times: user=0.01 sys=0.00, real=0.00 secs] 
2756.046: [GC (Allocation Failure) [PSYoungGen: 50560K->1376K(50176K)] 444082K->394898K(729088K), 0.0020353 secs] [Times: user=0.01 sys=0.00, real=0.00 secs] 
2756.649: [GC (Allocation Failure) [PSYoungGen: 50016K->1376K(50688K)] 443538K->394898K(729600K), 0.0025165 secs] [Times: user=0.01 sys=0.00, real=0.00 secs] 
2757.112: [GC (Allocation Failure) [PSYoungGen: 50016K->1376K(50688K)] 443538K->394930K(729600K), 0.0026276 secs] [Times: user=0.01 sys=0.00, real=0.01 secs] 
2757.607: [GC (Allocation Failure) [PSYoungGen: 50016K->1376K(50688K)] 443570K->394930K(729600K), 0.0028671 secs] [Times: user=0.01 sys=0.00, real=0.00 secs] 
2757.951: [GC (Allocation Failure) [PSYoungGen: 50016K->1408K(50688K)] 443570K->394962K(729600K), 0.0026679 secs] [Times: user=0.01 sys=0.00, real=0.01 secs] 
2759.488: [GC (Allocation Failure) [PSYoungGen: 50048K->1392K(50688K)] 443602K->394946K(729600K), 0.0028666 secs] [Times: user=0.01 sys=0.00, real=0.00 secs] 
2760.064: [GC (Allocation Failure) [PSYoungGen: 50032K->1376K(50688K)] 443586K->394930K(729600K), 0.0041676 secs] [Times: user=0.02 sys=0.00, real=0.00 secs] 
2760.628: [GC (Allocation Failure) [PSYoungGen: 50016K->1408K(50688K)] 443570K->394962K(729600K), 0.0041275 secs] [Times: user=0.02 sys=0.00, real=0.00 secs] 
2760.932: [GC (Allocation Failure) [PSYoungGen: 50048K->1376K(50688K)] 443602K->394930K(729600K), 0.0022506 secs] [Times: user=0.01 sys=0.00, real=0.01 secs] 
2761.144: [GC (Allocation Failure) [PSYoungGen: 50016K->1408K(50688K)] 443570K->394962K(729600K), 0.0022566 secs] [Times: user=0.01 sys=0.00, real=0.00 secs] 
2761.386: [GC (Allocation Failure) [PSYoungGen: 50048K->1376K(50688K)] 443602K->394930K(729600K), 0.0019039 secs] [Times: user=0.01 sys=0.00, real=0.00 secs] 
2762.439: [GC (Allocation Failure) [PSYoungGen: 50016K->1408K(50688K)] 443570K->394962K(729600K), 0.0019529 secs] [Times: user=0.01 sys=0.00, real=0.00 secs] 
2763.045: [GC (Allocation Failure) [PSYoungGen: 50048K->1376K(50688K)] 443602K->394930K(729600K), 0.0028301 secs] [Times: user=0.01 sys=0.00, real=0.00 secs] 
2763.544: [GC (Allocation Failure) [PSYoungGen: 50016K->1376K(50688K)] 443570K->394930K(729600K), 0.0030161 secs] [Times: user=0.02 sys=0.00, real=0.00 secs] 
2764.100: [GC (Allocation Failure) [PSYoungGen: 50016K->1312K(50688K)] 443570K->394866K(729600K), 0.0028475 secs] [Times: user=0.01 sys=0.00, real=0.01 secs] 
2764.461: [GC (Allocation Failure) [PSYoungGen: 49952K->1376K(50688K)] 443506K->394930K(729600K), 0.0023199 secs] [Times: user=0.00 sys=0.00, real=0.01 secs] 
2764.851: [GC (Allocation Failure) [PSYoungGen: 50016K->1376K(50688K)] 443570K->394930K(729600K), 0.0022884 secs] [Times: user=0.01 sys=0.00, real=0.01 secs] 
2766.107: [GC (Allocation Failure) [PSYoungGen: 50016K->1408K(50688K)] 443570K->394962K(729600K), 0.0021809 secs] [Times: user=0.01 sys=0.00, real=0.00 secs] 
2766.557: [GC (Allocation Failure) [PSYoungGen: 50048K->1392K(50176K)] 443602K->394946K(729088K), 0.0025649 secs] [Times: user=0.01 sys=0.00, real=0.00 secs] 
2767.039: [GC (Allocation Failure) [PSYoungGen: 50032K->1344K(50176K)] 443586K->394898K(729088K), 0.0027703 secs] [Times: user=0.01 sys=0.01, real=0.00 secs] 
2767.404: [GC (Allocation Failure) [PSYoungGen: 49984K->320K(49664K)] 443538K->394914K(728576K), 0.0025354 secs] [Times: user=0.01 sys=0.00, real=0.00 secs] 
2767.761: [GC (Allocation Failure) [PSYoungGen: 48960K->320K(50688K)] 443554K->394914K(729600K), 0.0032739 secs] [Times: user=0.01 sys=0.00, real=0.01 secs] 
2768.109: [GC (Allocation Failure) [PSYoungGen: 48960K->320K(50688K)] 443554K->394914K(729600K), 0.0026924 secs] [Times: user=0.02 sys=0.00, real=0.00 secs] 
2769.942: [GC (Allocation Failure) [PSYoungGen: 48960K->1392K(50688K)] 443554K->395986K(729600K), 0.0045290 secs] [Times: user=0.01 sys=0.00, real=0.01 secs] 
2770.250: [GC (Allocation Failure) [PSYoungGen: 50032K->1376K(50688K)] 444626K->395970K(729600K), 0.0024594 secs] [Times: user=0.01 sys=0.00, real=0.00 secs] 
2770.449: [GC (Allocation Failure) [PSYoungGen: 50016K->1376K(50688K)] 444610K->395970K(729600K), 0.0021832 secs] [Times: user=0.01 sys=0.00, real=0.00 secs] 
2770.660: [GC (Allocation Failure) [PSYoungGen: 50016K->1392K(50688K)] 444610K->395986K(729600K), 0.0020889 secs] [Times: user=0.00 sys=0.00, real=0.00 secs] 
2771.055: [GC (Allocation Failure) [PSYoungGen: 50032K->1392K(50688K)] 444626K->395986K(729600K), 0.0020564 secs] [Times: user=0.01 sys=0.00, real=0.00 secs] 
2772.219: [GC (Allocation Failure) [PSYoungGen: 50032K->1888K(50176K)] 444626K->396482K(729088K), 0.0019568 secs] [Times: user=0.00 sys=0.00, real=0.00 secs] 
2772.430: [GC (Allocation Failure) [PSYoungGen: 50016K->1376K(50688K)] 444610K->395970K(729600K), 0.0019786 secs] [Times: user=0.01 sys=0.00, real=0.00 secs] 
2772.643: [GC (Allocation Failure) [PSYoungGen: 49504K->1376K(49664K)] 444098K->395970K(728576K), 0.0021430 secs] [Times: user=0.01 sys=0.00, real=0.00 secs] 
2772.851: [GC (Allocation Failure) [PSYoungGen: 49504K->1376K(50176K)] 444098K->395970K(729088K), 0.0019720 secs] [Times: user=0.01 sys=0.00, real=0.01 secs] 
2773.080: [GC (Allocation Failure) [PSYoungGen: 49504K->1376K(50176K)] 444098K->395970K(729088K), 0.0021023 secs] [Times: user=0.01 sys=0.00, real=0.00 secs] 
2773.367: [GC (Allocation Failure) [PSYoungGen: 49504K->1376K(50176K)] 444098K->395970K(729088K), 0.0021945 secs] [Times: user=0.01 sys=0.00, real=0.00 secs] 
2774.381: [GC (Allocation Failure) [PSYoungGen: 49504K->1376K(50176K)] 444098K->395970K(729088K), 0.0021310 secs] [Times: user=0.00 sys=0.01, real=0.01 secs] 
2774.900: [GC (Allocation Failure) [PSYoungGen: 49504K->1376K(50176K)] 444098K->395978K(729088K), 0.0023523 secs] [Times: user=0.01 sys=0.00, real=0.00 secs] 
2775.508: [GC (Allocation Failure) [PSYoungGen: 49504K->1408K(50176K)] 444106K->396010K(729088K), 0.0025921 secs] [Times: user=0.02 sys=0.00, real=0.00 secs] 
2776.105: [GC (Allocation Failure) [PSYoungGen: 49536K->1360K(50176K)] 444138K->395986K(729088K), 0.0028351 secs] [Times: user=0.01 sys=0.00, real=0.00 secs] 
2776.709: [GC (Allocation Failure) [PSYoungGen: 49488K->1376K(50176K)] 444114K->396018K(729088K), 0.0042397 secs] [Times: user=0.01 sys=0.00, real=0.01 secs] 
2777.337: [GC (Allocation Failure) [PSYoungGen: 49504K->1344K(50176K)] 444146K->395986K(729088K), 0.0032185 secs] [Times: user=0.01 sys=0.00, real=0.00 secs] 
2778.702: [GC (Allocation Failure) [PSYoungGen: 49472K->1440K(50176K)] 444114K->396082K(729088K), 0.0033891 secs] [Times: user=0.01 sys=0.00, real=0.01 secs] 
2779.550: [GC (Allocation Failure) [PSYoungGen: 49568K->1376K(50176K)] 444210K->396018K(729088K), 0.0040989 secs] [Times: user=0.02 sys=0.00, real=0.01 secs] 
2780.423: [GC (Allocation Failure) [PSYoungGen: 49504K->1344K(50176K)] 444146K->395986K(729088K), 0.0044699 secs] [Times: user=0.01 sys=0.00, real=0.00 secs] 
2781.079: [GC (Allocation Failure) [PSYoungGen: 49472K->1376K(50176K)] 444114K->396018K(729088K), 0.0048630 secs] [Times: user=0.02 sys=0.00, real=0.01 secs] 
2781.674: [GC (Allocation Failure) [PSYoungGen: 49504K->1408K(50176K)] 444146K->396050K(729088K), 0.0034244 secs] [Times: user=0.01 sys=0.00, real=0.00 secs] 
2782.371: [GC (Allocation Failure) [PSYoungGen: 49536K->1376K(50176K)] 444178K->396018K(729088K), 0.0034053 secs] [Times: user=0.01 sys=0.00, real=0.01 secs] 
2783.474: [GC (Allocation Failure) [PSYoungGen: 49504K->1424K(50176K)] 444146K->396066K(729088K), 0.0017772 secs] [Times: user=0.01 sys=0.00, real=0.00 secs] 
2783.737: [GC (Allocation Failure) [PSYoungGen: 49552K->1376K(50176K)] 444194K->396018K(729088K), 0.0019299 secs] [Times: user=0.01 sys=0.00, real=0.00 secs] 
2784.135: [GC (Allocation Failure) [PSYoungGen: 49504K->1408K(50176K)] 444146K->396050K(729088K), 0.0020379 secs] [Times: user=0.01 sys=0.00, real=0.00 secs] 
2784.546: [GC (Allocation Failure) [PSYoungGen: 49536K->1376K(50176K)] 444178K->396026K(729088K), 0.0019944 secs] [Times: user=0.01 sys=0.00, real=0.00 secs] 
2784.931: [GC (Allocation Failure) [PSYoungGen: 49504K->1408K(50176K)] 444154K->396058K(729088K), 0.0021359 secs] [Times: user=0.01 sys=0.00, real=0.00 secs] 
2785.357: [GC (Allocation Failure) [PSYoungGen: 49536K->1376K(49664K)] 444186K->396026K(728576K), 0.0021373 secs] [Times: user=0.01 sys=0.00, real=0.00 secs] 
2786.494: [GC (Allocation Failure) [PSYoungGen: 49504K->1376K(49664K)] 444154K->396026K(728576K), 0.0021499 secs] [Times: user=0.01 sys=0.00, real=0.00 secs] 
2787.033: [GC (Allocation Failure) [PSYoungGen: 49504K->1376K(49664K)] 444154K->396026K(728576K), 0.0029435 secs] [Times: user=0.02 sys=0.00, real=0.00 secs] 
2787.574: [GC (Allocation Failure) [PSYoungGen: 49504K->1376K(49664K)] 444154K->396026K(728576K), 0.0028076 secs] [Times: user=0.02 sys=0.00, real=0.00 secs] 
2788.167: [GC (Allocation Failure) [PSYoungGen: 49504K->1376K(49664K)] 444154K->396034K(728576K), 0.0030535 secs] [Times: user=0.01 sys=0.00, real=0.00 secs] 
2788.582: [GC (Allocation Failure) [PSYoungGen: 49504K->1392K(49664K)] 444162K->396050K(728576K), 0.0028514 secs] [Times: user=0.01 sys=0.00, real=0.01 secs] 
2789.017: [GC (Allocation Failure) [PSYoungGen: 49520K->1408K(49664K)] 444178K->396066K(728576K), 0.0030137 secs] [Times: user=0.01 sys=0.01, real=0.00 secs] 
2790.240: [GC (Allocation Failure) [PSYoungGen: 49536K->1408K(49664K)] 444194K->396066K(728576K), 0.0020974 secs] [Times: user=0.01 sys=0.00, real=0.00 secs] 
2790.845: [GC (Allocation Failure) [PSYoungGen: 49536K->1360K(49664K)] 444194K->396018K(728576K), 0.0042224 secs] [Times: user=0.01 sys=0.00, real=0.00 secs] 
2791.530: [GC (Allocation Failure) [PSYoungGen: 49488K->1376K(49664K)] 444146K->396034K(728576K), 0.0035940 secs] [Times: user=0.02 sys=0.00, real=0.01 secs] 
2792.323: [GC (Allocation Failure) [PSYoungGen: 49504K->1376K(49664K)] 444162K->396034K(728576K), 0.0044970 secs] [Times: user=0.02 sys=0.00, real=0.00 secs] 
2793.148: [GC (Allocation Failure) [PSYoungGen: 49504K->1392K(49664K)] 444162K->396050K(728576K), 0.0043267 secs] [Times: user=0.02 sys=0.00, real=0.00 secs] 
2793.633: [GC (Allocation Failure) [PSYoungGen: 49520K->1344K(49664K)] 444178K->396002K(728576K), 0.0033822 secs] [Times: user=0.01 sys=0.00, real=0.00 secs] 
2795.043: [GC (Allocation Failure) [PSYoungGen: 49472K->1376K(49664K)] 444130K->396034K(728576K), 0.0044342 secs] [Times: user=0.02 sys=0.00, real=0.00 secs] 
2795.921: [GC (Allocation Failure) [PSYoungGen: 49504K->1408K(49664K)] 444162K->396066K(728576K), 0.0037486 secs] [Times: user=0.01 sys=0.01, real=0.01 secs] 
2796.445: [GC (Allocation Failure) [PSYoungGen: 49536K->1376K(49664K)] 444194K->396034K(728576K), 0.0027936 secs] [Times: user=0.01 sys=0.00, real=0.00 secs] 
2796.872: [GC (Allocation Failure) [PSYoungGen: 49504K->1344K(49664K)] 444162K->396002K(728576K), 0.0022750 secs] [Times: user=0.00 sys=0.00, real=0.01 secs] 
2797.545: [GC (Allocation Failure) [PSYoungGen: 49472K->1344K(49664K)] 444130K->396002K(728576K), 0.0035323 secs] [Times: user=0.01 sys=0.00, real=0.00 secs] 
2798.960: [GC (Allocation Failure) [PSYoungGen: 49472K->1504K(49664K)] 444130K->396162K(728576K), 0.0018223 secs] [Times: user=0.01 sys=0.00, real=0.00 secs] 
2799.176: [GC (Allocation Failure) [PSYoungGen: 49632K->1376K(49664K)] 444290K->396042K(728576K), 0.0018450 secs] [Times: user=0.00 sys=0.00, real=0.00 secs] 
2799.429: [GC (Allocation Failure) [PSYoungGen: 49504K->1376K(49664K)] 444170K->396042K(728576K), 0.0019809 secs] [Times: user=0.01 sys=0.00, real=0.00 secs] 
2799.649: [GC (Allocation Failure) [PSYoungGen: 49504K->1376K(49664K)] 444170K->396042K(728576K), 0.0017421 secs] [Times: user=0.01 sys=0.00, real=0.00 secs] 
2799.952: [GC (Allocation Failure) [PSYoungGen: 49504K->1344K(49664K)] 444170K->396010K(728576K), 0.0026423 secs] [Times: user=0.01 sys=0.00, real=0.01 secs] 
2800.204: [GC (Allocation Failure) [PSYoungGen: 49472K->1376K(49664K)] 444138K->396042K(728576K), 0.0019419 secs] [Times: user=0.01 sys=0.00, real=0.00 secs] 
2801.208: [GC (Allocation Failure) [PSYoungGen: 49504K->1376K(49664K)] 444170K->396042K(728576K), 0.0017397 secs] [Times: user=0.01 sys=0.00, real=0.00 secs] 
2802.345: [GC (Allocation Failure) [PSYoungGen: 49504K->1344K(49664K)] 444170K->396010K(728576K), 0.0033821 secs] [Times: user=0.01 sys=0.00, real=0.00 secs] 
2802.920: [GC (Allocation Failure) [PSYoungGen: 49472K->1344K(49664K)] 444138K->396010K(728576K), 0.0036515 secs] [Times: user=0.01 sys=0.00, real=0.01 secs] 
2803.413: [GC (Allocation Failure) [PSYoungGen: 49472K->1376K(49664K)] 444138K->396042K(728576K), 0.0026618 secs] [Times: user=0.01 sys=0.00, real=0.00 secs] 
2803.811: [GC (Allocation Failure) [PSYoungGen: 49504K->1392K(49664K)] 444170K->396058K(728576K), 0.0025654 secs] [Times: user=0.01 sys=0.00, real=0.01 secs] 
2804.378: [GC (Allocation Failure) [PSYoungGen: 49520K->1360K(49664K)] 444186K->396026K(728576K), 0.0043957 secs] [Times: user=0.02 sys=0.00, real=0.00 secs] 
2805.699: [GC (Allocation Failure) [PSYoungGen: 49488K->1440K(49664K)] 444154K->396106K(728576K), 0.0018331 secs] [Times: user=0.00 sys=0.00, real=0.00 secs] 
2805.921: [GC (Allocation Failure) [PSYoungGen: 49568K->1376K(49664K)] 444234K->396042K(728576K), 0.0018675 secs] [Times: user=0.01 sys=0.00, real=0.00 secs] 
2806.186: [GC (Allocation Failure) [PSYoungGen: 49504K->1344K(49664K)] 444170K->396010K(728576K), 0.0019733 secs] [Times: user=0.01 sys=0.00, real=0.00 secs] 
2806.399: [GC (Allocation Failure) [PSYoungGen: 49472K->1344K(49664K)] 444138K->396026K(728576K), 0.0018543 secs] [Times: user=0.01 sys=0.00, real=0.00 secs] 
2806.610: [GC (Allocation Failure) [PSYoungGen: 49472K->1376K(49664K)] 444154K->396058K(728576K), 0.0019923 secs] [Times: user=0.00 sys=0.00, real=0.00 secs] 
2806.817: [GC (Allocation Failure) [PSYoungGen: 49504K->1360K(49664K)] 444186K->396042K(728576K), 0.0019544 secs] [Times: user=0.01 sys=0.00, real=0.00 secs] 
2807.796: [GC (Allocation Failure) [PSYoungGen: 49488K->1376K(49664K)] 444170K->396058K(728576K), 0.0018201 secs] [Times: user=0.00 sys=0.00, real=0.00 secs] 
2808.036: [GC (Allocation Failure) [PSYoungGen: 49504K->1376K(49664K)] 444186K->396058K(728576K), 0.0018686 secs] [Times: user=0.01 sys=0.00, real=0.00 secs] 
2808.257: [GC (Allocation Failure) [PSYoungGen: 49504K->1376K(49664K)] 444186K->396058K(728576K), 0.0018946 secs] [Times: user=0.01 sys=0.00, real=0.00 secs] 
2808.478: [GC (Allocation Failure) [PSYoungGen: 49504K->1328K(49664K)] 444186K->396010K(728576K), 0.0016148 secs] [Times: user=0.00 sys=0.00, real=0.00 secs] 
2808.717: [GC (Allocation Failure) [PSYoungGen: 49456K->1376K(49664K)] 444138K->396058K(728576K), 0.0018793 secs] [Times: user=0.00 sys=0.00, real=0.00 secs] 
2808.955: [GC (Allocation Failure) [PSYoungGen: 49504K->1376K(49664K)] 444186K->396058K(728576K), 0.0018533 secs] [Times: user=0.01 sys=0.00, real=0.00 secs] 
2809.848: [GC (Allocation Failure) [PSYoungGen: 49504K->1408K(49664K)] 444186K->396090K(728576K), 0.0018810 secs] [Times: user=0.00 sys=0.00, real=0.00 secs] 
2810.116: [GC (Allocation Failure) [PSYoungGen: 49536K->1376K(49664K)] 444218K->396058K(728576K), 0.0019841 secs] [Times: user=0.01 sys=0.01, real=0.00 secs] 
2810.508: [GC (Allocation Failure) [PSYoungGen: 49504K->1376K(49664K)] 444186K->396058K(728576K), 0.0019910 secs] [Times: user=0.01 sys=0.00, real=0.00 secs] 
2810.926: [GC (Allocation Failure) [PSYoungGen: 49504K->1344K(49664K)] 444186K->396026K(728576K), 0.0019745 secs] [Times: user=0.00 sys=0.00, real=0.00 secs] 
2811.328: [GC (Allocation Failure) [PSYoungGen: 49472K->1376K(49664K)] 444154K->396058K(728576K), 0.0018138 secs] [Times: user=0.00 sys=0.00, real=0.00 secs] 
2811.775: [GC (Allocation Failure) [PSYoungGen: 49504K->1408K(49664K)] 444186K->396090K(728576K), 0.0016377 secs] [Times: user=0.01 sys=0.00, real=0.00 secs] 
2813.141: [GC (Allocation Failure) [PSYoungGen: 49536K->1440K(49664K)] 444218K->396122K(728576K), 0.0027132 secs] [Times: user=0.01 sys=0.00, real=0.01 secs] 
2813.866: [GC (Allocation Failure) [PSYoungGen: 49568K->1392K(49664K)] 444250K->396074K(728576K), 0.0028523 secs] [Times: user=0.01 sys=0.01, real=0.00 secs] 
2814.690: [GC (Allocation Failure) [PSYoungGen: 49520K->1312K(49664K)] 444202K->395994K(728576K), 0.0034559 secs] [Times: user=0.02 sys=0.00, real=0.01 secs] 
2815.237: [GC (Allocation Failure) [PSYoungGen: 49440K->1344K(49664K)] 444122K->396026K(728576K), 0.0034592 secs] [Times: user=0.02 sys=0.00, real=0.00 secs] 
2815.778: [GC (Allocation Failure) [PSYoungGen: 49472K->1344K(49664K)] 444154K->396026K(728576K), 0.0030192 secs] [Times: user=0.01 sys=0.00, real=0.00 secs] 
2816.415: [GC (Allocation Failure) [PSYoungGen: 49472K->1376K(49664K)] 444154K->396082K(728576K), 0.0030096 secs] [Times: user=0.01 sys=0.00, real=0.00 secs] 
2818.040: [GC (Allocation Failure) [PSYoungGen: 49504K->1408K(49664K)] 444210K->396114K(728576K), 0.0026452 secs] [Times: user=0.02 sys=0.00, real=0.01 secs] 
2819.126: [GC (Allocation Failure) [PSYoungGen: 49536K->1344K(49664K)] 444242K->396050K(728576K), 0.0026033 secs] [Times: user=0.01 sys=0.00, real=0.00 secs] 
2819.773: [GC (Allocation Failure) [PSYoungGen: 49472K->1376K(49664K)] 444178K->396082K(728576K), 0.0026767 secs] [Times: user=0.01 sys=0.00, real=0.01 secs] 
2820.370: [GC (Allocation Failure) [PSYoungGen: 49504K->1344K(49664K)] 444210K->396050K(728576K), 0.0030456 secs] [Times: user=0.01 sys=0.00, real=0.00 secs] 
2820.875: [GC (Allocation Failure) [PSYoungGen: 49472K->1344K(49664K)] 444178K->396050K(728576K), 0.0027679 secs] [Times: user=0.02 sys=0.01, real=0.00 secs] 
2822.238: [GC (Allocation Failure) [PSYoungGen: 49472K->96K(49152K)] 444178K->394802K(728064K), 0.0015231 secs] [Times: user=0.00 sys=0.00, real=0.00 secs] 
2822.670: [GC (Allocation Failure) [PSYoungGen: 47712K->1344K(49664K)] 442418K->396050K(728576K), 0.0017953 secs] [Times: user=0.01 sys=0.00, real=0.00 secs] 
2823.148: [GC (Allocation Failure) [PSYoungGen: 48960K->1376K(49664K)] 443666K->396082K(728576K), 0.0028264 secs] [Times: user=0.01 sys=0.01, real=0.00 secs] 
2823.436: [GC (Allocation Failure) [PSYoungGen: 48992K->1376K(49664K)] 443698K->396082K(728576K), 0.0025246 secs] [Times: user=0.01 sys=0.00, real=0.00 secs] 
2823.768: [GC (Allocation Failure) [PSYoungGen: 48992K->1344K(49664K)] 443698K->396058K(728576K), 0.0026297 secs] [Times: user=0.01 sys=0.00, real=0.00 secs] 
2824.126: [GC (Allocation Failure) [PSYoungGen: 48960K->1424K(49664K)] 443674K->396138K(728576K), 0.0033620 secs] [Times: user=0.02 sys=0.00, real=0.00 secs] 
2825.244: [GC (Allocation Failure) [PSYoungGen: 49040K->1536K(49664K)] 443754K->396250K(728576K), 0.0018181 secs] [Times: user=0.01 sys=0.00, real=0.00 secs] 
2825.804: [GC (Allocation Failure) [PSYoungGen: 49152K->1392K(49664K)] 443866K->396106K(728576K), 0.0023515 secs] [Times: user=0.01 sys=0.00, real=0.00 secs] 
2826.293: [GC (Allocation Failure) [PSYoungGen: 49008K->1392K(49664K)] 443722K->396106K(728576K), 0.0041029 secs] [Times: user=0.01 sys=0.00, real=0.00 secs] 
2826.666: [GC (Allocation Failure) [PSYoungGen: 49008K->1344K(49664K)] 443722K->396058K(728576K), 0.0032449 secs] [Times: user=0.02 sys=0.00, real=0.00 secs] 
2827.080: [GC (Allocation Failure) [PSYoungGen: 48960K->1376K(49664K)] 443674K->396090K(728576K), 0.0034065 secs] [Times: user=0.01 sys=0.00, real=0.01 secs] 
2827.474: [GC (Allocation Failure) [PSYoungGen: 48992K->1344K(49664K)] 443706K->396082K(728576K), 0.0028030 secs] [Times: user=0.01 sys=0.00, real=0.00 secs] 
2828.669: [GC (Allocation Failure) [PSYoungGen: 48491K->1696K(49664K)] 443230K->396434K(728576K), 0.0016866 secs] [Times: user=0.01 sys=0.00, real=0.00 secs] 
2828.928: [GC (Allocation Failure) [PSYoungGen: 49312K->1392K(49664K)] 444050K->396130K(728576K), 0.0017616 secs] [Times: user=0.00 sys=0.00, real=0.00 secs] 
2829.318: [GC (Allocation Failure) [PSYoungGen: 49008K->1376K(49664K)] 443746K->396114K(728576K), 0.0022818 secs] [Times: user=0.01 sys=0.00, real=0.00 secs] 
2829.725: [GC (Allocation Failure) [PSYoungGen: 48992K->1376K(49664K)] 443730K->396114K(728576K), 0.0022885 secs] [Times: user=0.01 sys=0.00, real=0.00 secs] 
2830.116: [GC (Allocation Failure) [PSYoungGen: 48992K->1376K(49664K)] 443730K->396114K(728576K), 0.0023650 secs] [Times: user=0.01 sys=0.00, real=0.00 secs] 
2830.533: [GC (Allocation Failure) [PSYoungGen: 48992K->1344K(49664K)] 443730K->396082K(728576K), 0.0051018 secs] [Times: user=0.02 sys=0.01, real=0.00 secs] 
2831.740: [GC (Allocation Failure) [PSYoungGen: 48960K->1952K(49664K)] 443698K->397202K(728576K), 0.0017443 secs] [Times: user=0.00 sys=0.00, real=0.00 secs] 
2832.362: [GC (Allocation Failure) [PSYoungGen: 49568K->1344K(49664K)] 444818K->396594K(728576K), 0.0026927 secs] [Times: user=0.01 sys=0.00, real=0.01 secs] 
2832.888: [GC (Allocation Failure) [PSYoungGen: 48960K->1376K(49664K)] 444210K->396626K(728576K), 0.0033063 secs] [Times: user=0.01 sys=0.00, real=0.00 secs] 
2833.269: [GC (Allocation Failure) [PSYoungGen: 48992K->1344K(49664K)] 444242K->396594K(728576K), 0.0027052 secs] [Times: user=0.01 sys=0.00, real=0.00 secs] 
2833.746: [GC (Allocation Failure) [PSYoungGen: 48960K->1344K(49664K)] 444210K->396594K(728576K), 0.0029850 secs] [Times: user=0.01 sys=0.00, real=0.00 secs] 
2834.253: [GC (Allocation Failure) [PSYoungGen: 48960K->1376K(49664K)] 444210K->396626K(728576K), 0.0040939 secs] [Times: user=0.02 sys=0.00, real=0.00 secs] 
2835.498: [GC (Allocation Failure) [PSYoungGen: 48992K->1424K(49664K)] 444242K->396674K(728576K), 0.0021449 secs] [Times: user=0.01 sys=0.00, real=0.00 secs] 
2835.724: [GC (Allocation Failure) [PSYoungGen: 49040K->1408K(49664K)] 444290K->396658K(728576K), 0.0028180 secs] [Times: user=0.01 sys=0.00, real=0.00 secs] 
2835.934: [GC (Allocation Failure) [PSYoungGen: 49024K->1360K(49664K)] 444274K->396610K(728576K), 0.0021701 secs] [Times: user=0.01 sys=0.00, real=0.00 secs] 
2836.140: [GC (Allocation Failure) [PSYoungGen: 48976K->1344K(49664K)] 444226K->396610K(728576K), 0.0020879 secs] [Times: user=0.01 sys=0.00, real=0.00 secs] 
2836.382: [GC (Allocation Failure) [PSYoungGen: 48960K->1344K(49664K)] 444226K->396610K(728576K), 0.0020546 secs] [Times: user=0.01 sys=0.00, real=0.01 secs] 
2836.593: [GC (Allocation Failure) [PSYoungGen: 48960K->1376K(49664K)] 444226K->396642K(728576K), 0.0020681 secs] [Times: user=0.00 sys=0.00, real=0.00 secs] 
2837.504: [GC (Allocation Failure) [PSYoungGen: 48992K->1408K(49664K)] 444258K->396674K(728576K), 0.0019929 secs] [Times: user=0.01 sys=0.00, real=0.00 secs] 
2837.754: [GC (Allocation Failure) [PSYoungGen: 49024K->1408K(49664K)] 444290K->396674K(728576K), 0.0021046 secs] [Times: user=0.01 sys=0.00, real=0.00 secs] 
2838.061: [GC (Allocation Failure) [PSYoungGen: 49024K->1376K(49664K)] 444290K->396642K(728576K), 0.0021200 secs] [Times: user=0.01 sys=0.00, real=0.01 secs] 
2838.472: [GC (Allocation Failure) [PSYoungGen: 48992K->1344K(49152K)] 444258K->396610K(728064K), 0.0042740 secs] [Times: user=0.02 sys=0.00, real=0.01 secs] 
2838.895: [GC (Allocation Failure) [PSYoungGen: 48960K->1376K(49152K)] 444226K->396642K(728064K), 0.0027098 secs] [Times: user=0.02 sys=0.00, real=0.00 secs] 
2839.276: [GC (Allocation Failure) [PSYoungGen: 48992K->1392K(49152K)] 444258K->396658K(728064K), 0.0029157 secs] [Times: user=0.01 sys=0.00, real=0.00 secs] 
2840.659: [GC (Allocation Failure) [PSYoungGen: 49008K->1392K(49152K)] 444274K->396658K(728064K), 0.0028395 secs] [Times: user=0.01 sys=0.00, real=0.00 secs] 
2841.008: [GC (Allocation Failure) [PSYoungGen: 49008K->1376K(49152K)] 444274K->396642K(728064K), 0.0028536 secs] [Times: user=0.02 sys=0.00, real=0.00 secs] 
2841.366: [GC (Allocation Failure) [PSYoungGen: 48992K->1392K(49152K)] 444258K->396658K(728064K), 0.0040689 secs] [Times: user=0.02 sys=0.00, real=0.00 secs] 
2841.749: [GC (Allocation Failure) [PSYoungGen: 49008K->1360K(49152K)] 444274K->396634K(728064K), 0.0029832 secs] [Times: user=0.01 sys=0.00, real=0.00 secs] 
2842.181: [GC (Allocation Failure) [PSYoungGen: 48976K->1376K(49152K)] 444250K->396650K(728064K), 0.0026175 secs] [Times: user=0.01 sys=0.00, real=0.01 secs] 
2842.638: [GC (Allocation Failure) [PSYoungGen: 48992K->1376K(49152K)] 444266K->396650K(728064K), 0.0030493 secs] [Times: user=0.02 sys=0.00, real=0.00 secs] 
2843.627: [GC (Allocation Failure) [PSYoungGen: 48992K->1392K(49152K)] 444266K->396666K(728064K), 0.0019585 secs] [Times: user=0.01 sys=0.00, real=0.00 secs] 
2843.974: [GC (Allocation Failure) [PSYoungGen: 49008K->1360K(49152K)] 444282K->396634K(728064K), 0.0017840 secs] [Times: user=0.01 sys=0.00, real=0.00 secs] 
2844.385: [GC (Allocation Failure) [PSYoungGen: 48976K->1376K(49152K)] 444250K->396650K(728064K), 0.0023013 secs] [Times: user=0.01 sys=0.00, real=0.00 secs] 
2844.783: [GC (Allocation Failure) [PSYoungGen: 48992K->1376K(49152K)] 444266K->396650K(728064K), 0.0030256 secs] [Times: user=0.02 sys=0.00, real=0.00 secs] 
2845.240: [GC (Allocation Failure) [PSYoungGen: 48992K->1376K(49152K)] 444266K->396650K(728064K), 0.0026854 secs] [Times: user=0.01 sys=0.00, real=0.00 secs] 
2845.652: [GC (Allocation Failure) [PSYoungGen: 48992K->1360K(49152K)] 444266K->396658K(728064K), 0.0028697 secs] [Times: user=0.01 sys=0.00, real=0.01 secs] 
2847.813: [GC (Allocation Failure) [PSYoungGen: 48976K->1440K(49152K)] 444274K->396738K(728064K), 0.0026969 secs] [Times: user=0.01 sys=0.00, real=0.00 secs] 
2848.309: [GC (Allocation Failure) [PSYoungGen: 49056K->1376K(49152K)] 444354K->396674K(728064K), 0.0022080 secs] [Times: user=0.01 sys=0.00, real=0.00 secs] 
2848.766: [GC (Allocation Failure) [PSYoungGen: 48992K->1344K(49152K)] 444290K->396642K(728064K), 0.0022107 secs] [Times: user=0.01 sys=0.00, real=0.00 secs] 
2849.383: [GC (Allocation Failure) [PSYoungGen: 48960K->1408K(49152K)] 444258K->396706K(728064K), 0.0026506 secs] [Times: user=0.01 sys=0.00, real=0.00 secs] 
2850.077: [GC (Allocation Failure) [PSYoungGen: 49024K->1408K(49152K)] 444322K->396706K(728064K), 0.0026996 secs] [Times: user=0.01 sys=0.00, real=0.00 secs] 
2850.680: [GC (Allocation Failure) [PSYoungGen: 49024K->1344K(49152K)] 444322K->396642K(728064K), 0.0028783 secs] [Times: user=0.01 sys=0.00, real=0.01 secs] 
2851.746: [GC (Allocation Failure) [PSYoungGen: 48960K->1408K(49152K)] 444258K->396706K(728064K), 0.0019462 secs] [Times: user=0.01 sys=0.00, real=0.00 secs] 
2851.944: [GC (Allocation Failure) [PSYoungGen: 49024K->1376K(49152K)] 444322K->396674K(728064K), 0.0019451 secs] [Times: user=0.01 sys=0.00, real=0.00 secs] 
2852.142: [GC (Allocation Failure) [PSYoungGen: 48992K->1376K(49152K)] 444290K->396674K(728064K), 0.0017658 secs] [Times: user=0.01 sys=0.00, real=0.01 secs] 
2852.340: [GC (Allocation Failure) [PSYoungGen: 48992K->1376K(49152K)] 444290K->396674K(728064K), 0.0017687 secs] [Times: user=0.01 sys=0.00, real=0.00 secs] 
2852.538: [GC (Allocation Failure) [PSYoungGen: 48992K->1408K(49152K)] 444290K->396706K(728064K), 0.0018248 secs] [Times: user=0.01 sys=0.00, real=0.00 secs] 
2852.735: [GC (Allocation Failure) [PSYoungGen: 49024K->1360K(49152K)] 444322K->396658K(728064K), 0.0026025 secs] [Times: user=0.01 sys=0.00, real=0.00 secs] 
2854.295: [GC (Allocation Failure) [PSYoungGen: 48976K->1344K(49152K)] 444274K->396642K(728064K), 0.0028265 secs] [Times: user=0.02 sys=0.00, real=0.00 secs] 
2855.299: [GC (Allocation Failure) [PSYoungGen: 48960K->1392K(49152K)] 444258K->396690K(728064K), 0.0032481 secs] [Times: user=0.01 sys=0.00, real=0.00 secs] 
2855.836: [GC (Allocation Failure) [PSYoungGen: 49008K->1376K(49152K)] 444306K->396674K(728064K), 0.0033640 secs] [Times: user=0.01 sys=0.00, real=0.00 secs] 
2856.115: [GC (Allocation Failure) [PSYoungGen: 48992K->1408K(49152K)] 444290K->396706K(728064K), 0.0021461 secs] [Times: user=0.01 sys=0.00, real=0.00 secs] 
2856.325: [GC (Allocation Failure) [PSYoungGen: 49024K->1376K(49152K)] 444322K->396698K(728064K), 0.0021687 secs] [Times: user=0.01 sys=0.00, real=0.00 secs] 
2856.535: [GC (Allocation Failure) [PSYoungGen: 48992K->1360K(49152K)] 444314K->396682K(728064K), 0.0019761 secs] [Times: user=0.00 sys=0.00, real=0.00 secs] 
2857.620: [GC (Allocation Failure) [PSYoungGen: 48976K->1408K(49152K)] 444298K->396730K(728064K), 0.0021743 secs] [Times: user=0.01 sys=0.00, real=0.00 secs] 
2857.818: [GC (Allocation Failure) [PSYoungGen: 49024K->1376K(49152K)] 444346K->396698K(728064K), 0.0021885 secs] [Times: user=0.01 sys=0.00, real=0.00 secs] 
2858.145: [GC (Allocation Failure) [PSYoungGen: 48992K->1360K(49152K)] 444314K->396682K(728064K), 0.0021433 secs] [Times: user=0.01 sys=0.00, real=0.00 secs] 
2858.533: [GC (Allocation Failure) [PSYoungGen: 48976K->1408K(49152K)] 444298K->396730K(728064K), 0.0020746 secs] [Times: user=0.01 sys=0.00, real=0.00 secs] 
2858.912: [GC (Allocation Failure) [PSYoungGen: 49024K->1408K(49152K)] 444346K->396730K(728064K), 0.0034145 secs] [Times: user=0.02 sys=0.00, real=0.01 secs] 
2859.320: [GC (Allocation Failure) [PSYoungGen: 49024K->1344K(49152K)] 444346K->396666K(728064K), 0.0041848 secs] [Times: user=0.01 sys=0.00, real=0.01 secs] 
2860.337: [GC (Allocation Failure) [PSYoungGen: 48960K->1408K(49152K)] 444282K->396730K(728064K), 0.0016444 secs] [Times: user=0.01 sys=0.00, real=0.00 secs] 
2860.535: [GC (Allocation Failure) [PSYoungGen: 49024K->1376K(49152K)] 444346K->396698K(728064K), 0.0016253 secs] [Times: user=0.00 sys=0.00, real=0.00 secs] 
2860.732: [GC (Allocation Failure) [PSYoungGen: 48992K->1376K(49152K)] 444314K->396698K(728064K), 0.0017245 secs] [Times: user=0.00 sys=0.00, real=0.01 secs] 
2860.930: [GC (Allocation Failure) [PSYoungGen: 48992K->1376K(49152K)] 444314K->396698K(728064K), 0.0027651 secs] [Times: user=0.01 sys=0.00, real=0.01 secs] 
2861.129: [GC (Allocation Failure) [PSYoungGen: 48992K->1376K(49152K)] 444314K->396698K(728064K), 0.0022252 secs] [Times: user=0.01 sys=0.00, real=0.00 secs] 
2861.327: [GC (Allocation Failure) [PSYoungGen: 48992K->1424K(49152K)] 444314K->396746K(728064K), 0.0023970 secs] [Times: user=0.01 sys=0.00, real=0.00 secs] 
2863.107: [GC (Allocation Failure) [PSYoungGen: 49040K->1440K(49152K)] 444362K->396762K(728064K), 0.0138750 secs] [Times: user=0.06 sys=0.01, real=0.01 secs] 
2863.793: [GC (Allocation Failure) [PSYoungGen: 49056K->1344K(49152K)] 444378K->396666K(728064K), 0.0034224 secs] [Times: user=0.02 sys=0.00, real=0.00 secs] 
2864.288: [GC (Allocation Failure) [PSYoungGen: 48960K->1408K(49152K)] 444282K->396730K(728064K), 0.0029112 secs] [Times: user=0.02 sys=0.00, real=0.00 secs] 
2864.714: [GC (Allocation Failure) [PSYoungGen: 49024K->1376K(49152K)] 444346K->396698K(728064K), 0.0030227 secs] [Times: user=0.02 sys=0.00, real=0.00 secs] 
2865.132: [GC (Allocation Failure) [PSYoungGen: 48992K->1376K(49152K)] 444314K->396698K(728064K), 0.0028112 secs] [Times: user=0.01 sys=0.00, real=0.01 secs] 
2865.567: [GC (Allocation Failure) [PSYoungGen: 48989K->256K(49152K)] 444312K->395602K(728064K), 0.0030010 secs] [Times: user=0.01 sys=0.00, real=0.00 secs] 
2867.165: [GC (Allocation Failure) [PSYoungGen: 47872K->1440K(49152K)] 443218K->396786K(728064K), 0.0042934 secs] [Times: user=0.02 sys=0.01, real=0.00 secs] 
2867.402: [GC (Allocation Failure) [PSYoungGen: 49056K->1408K(49152K)] 444402K->396754K(728064K), 0.0022114 secs] [Times: user=0.01 sys=0.00, real=0.01 secs] 
2867.654: [GC (Allocation Failure) [PSYoungGen: 49024K->1376K(49664K)] 444370K->396722K(728576K), 0.0020538 secs] [Times: user=0.01 sys=0.00, real=0.00 secs] 
2867.953: [GC (Allocation Failure) [PSYoungGen: 48992K->1376K(49664K)] 444338K->396722K(728576K), 0.0030314 secs] [Times: user=0.02 sys=0.00, real=0.00 secs] 
2868.303: [GC (Allocation Failure) [PSYoungGen: 48992K->1376K(49664K)] 444338K->396722K(728576K), 0.0027708 secs] [Times: user=0.01 sys=0.00, real=0.01 secs] 
2869.496: [GC (Allocation Failure) [PSYoungGen: 48107K->256K(49664K)] 443454K->395602K(728576K), 0.0015232 secs] [Times: user=0.01 sys=0.00, real=0.00 secs] 
2870.126: [GC (Allocation Failure) [PSYoungGen: 47872K->1344K(49664K)] 443218K->396690K(728576K), 0.0031391 secs] [Times: user=0.01 sys=0.00, real=0.00 secs] 
2870.513: [GC (Allocation Failure) [PSYoungGen: 48960K->1360K(49664K)] 444306K->396706K(728576K), 0.0034776 secs] [Times: user=0.01 sys=0.00, real=0.00 secs] 
2870.907: [GC (Allocation Failure) [PSYoungGen: 48976K->1360K(49664K)] 444322K->396706K(728576K), 0.0028637 secs] [Times: user=0.01 sys=0.00, real=0.00 secs] 
2871.166: [GC (Allocation Failure) [PSYoungGen: 48976K->1408K(49664K)] 444322K->396754K(728576K), 0.0021999 secs] [Times: user=0.01 sys=0.00, real=0.00 secs] 
2871.364: [GC (Allocation Failure) [PSYoungGen: 49024K->1408K(49664K)] 444370K->396754K(728576K), 0.0020994 secs] [Times: user=0.01 sys=0.00, real=0.00 secs] 
2872.614: [GC (Allocation Failure) [PSYoungGen: 49024K->1536K(49664K)] 444370K->396882K(728576K), 0.0028829 secs] [Times: user=0.01 sys=0.00, real=0.00 secs] 
2873.455: [GC (Allocation Failure) [PSYoungGen: 49152K->1408K(49664K)] 444498K->396754K(728576K), 0.0056729 secs] [Times: user=0.02 sys=0.00, real=0.00 secs] 
2873.830: [GC (Allocation Failure) [PSYoungGen: 49024K->1344K(49664K)] 444370K->396690K(728576K), 0.0027741 secs] [Times: user=0.01 sys=0.00, real=0.00 secs] 
2874.224: [GC (Allocation Failure) [PSYoungGen: 48960K->1376K(49664K)] 444306K->396722K(728576K), 0.0029014 secs] [Times: user=0.01 sys=0.00, real=0.00 secs] 
2874.442: [GC (Allocation Failure) [PSYoungGen: 48992K->1376K(49664K)] 444338K->396722K(728576K), 0.0021251 secs] [Times: user=0.01 sys=0.00, real=0.01 secs] 
2874.640: [GC (Allocation Failure) [PSYoungGen: 48992K->1376K(49664K)] 444338K->396722K(728576K), 0.0021198 secs] [Times: user=0.01 sys=0.00, real=0.00 secs] 
2875.981: [GC (Allocation Failure) [PSYoungGen: 48992K->1856K(49664K)] 444338K->397202K(728576K), 0.0042857 secs] [Times: user=0.02 sys=0.00, real=0.01 secs] 
2877.103: [GC (Allocation Failure) [PSYoungGen: 49472K->1344K(49664K)] 444818K->396690K(728576K), 0.0043038 secs] [Times: user=0.02 sys=0.00, real=0.00 secs] 
2877.678: [GC (Allocation Failure) [PSYoungGen: 48960K->1344K(49664K)] 444306K->396706K(728576K), 0.0029022 secs] [Times: user=0.01 sys=0.01, real=0.00 secs] 
2878.173: [GC (Allocation Failure) [PSYoungGen: 48960K->1376K(49664K)] 444322K->396738K(728576K), 0.0029160 secs] [Times: user=0.01 sys=0.01, real=0.01 secs] 
2878.476: [GC (Allocation Failure) [PSYoungGen: 48992K->1392K(49664K)] 444354K->396754K(728576K), 0.0021850 secs] [Times: user=0.01 sys=0.00, real=0.00 secs] 
2878.674: [GC (Allocation Failure) [PSYoungGen: 49008K->1408K(49664K)] 444370K->396770K(728576K), 0.0019645 secs] [Times: user=0.01 sys=0.00, real=0.00 secs] 
2879.909: [GC (Allocation Failure) [PSYoungGen: 49024K->1360K(49664K)] 444386K->396722K(728576K), 0.0022459 secs] [Times: user=0.01 sys=0.00, real=0.00 secs] 
2880.652: [GC (Allocation Failure) [PSYoungGen: 48976K->1360K(49664K)] 444338K->396722K(728576K), 0.0030001 secs] [Times: user=0.01 sys=0.00, real=0.01 secs] 
2881.243: [GC (Allocation Failure) [PSYoungGen: 48976K->1344K(49664K)] 444338K->396706K(728576K), 0.0032583 secs] [Times: user=0.02 sys=0.00, real=0.00 secs] 
2881.816: [GC (Allocation Failure) [PSYoungGen: 48960K->1360K(49664K)] 444322K->396722K(728576K), 0.0034563 secs] [Times: user=0.02 sys=0.00, real=0.00 secs] 
2882.314: [GC (Allocation Failure) [PSYoungGen: 48976K->1344K(49664K)] 444338K->396706K(728576K), 0.0026157 secs] [Times: user=0.01 sys=0.00, real=0.00 secs] 
2882.655: [GC (Allocation Failure) [PSYoungGen: 48960K->1408K(49664K)] 444322K->396770K(728576K), 0.0022331 secs] [Times: user=0.01 sys=0.00, real=0.00 secs] 
2883.895: [GC (Allocation Failure) [PSYoungGen: 49024K->1424K(49664K)] 444386K->396786K(728576K), 0.0017443 secs] [Times: user=0.00 sys=0.00, real=0.00 secs] 
2884.093: [GC (Allocation Failure) [PSYoungGen: 49040K->1376K(49664K)] 444402K->396738K(728576K), 0.0018561 secs] [Times: user=0.01 sys=0.00, real=0.01 secs] 
2884.305: [GC (Allocation Failure) [PSYoungGen: 48992K->1408K(49664K)] 444354K->396770K(728576K), 0.0017917 secs] [Times: user=0.00 sys=0.00, real=0.00 secs] 
2884.540: [GC (Allocation Failure) [PSYoungGen: 49024K->1360K(49152K)] 444386K->396722K(728064K), 0.0020883 secs] [Times: user=0.00 sys=0.00, real=0.00 secs] 
2884.738: [GC (Allocation Failure) [PSYoungGen: 48976K->1376K(49152K)] 444338K->396738K(728064K), 0.0021077 secs] [Times: user=0.00 sys=0.00, real=0.00 secs] 
2884.936: [GC (Allocation Failure) [PSYoungGen: 48992K->384K(48640K)] 444354K->396770K(727552K), 0.0019765 secs] [Times: user=0.01 sys=0.00, real=0.00 secs] 
2885.923: [GC (Allocation Failure) [PSYoungGen: 48000K->1408K(49664K)] 444386K->397818K(728576K), 0.0020088 secs] [Times: user=0.01 sys=0.00, real=0.00 secs] 
2886.121: [GC (Allocation Failure) [PSYoungGen: 49024K->1408K(49664K)] 445434K->397818K(728576K), 0.0020034 secs] [Times: user=0.01 sys=0.00, real=0.01 secs] 
2886.327: [GC (Allocation Failure) [PSYoungGen: 49024K->1376K(49664K)] 445434K->397786K(728576K), 0.0018129 secs] [Times: user=0.01 sys=0.00, real=0.00 secs] 
2886.524: [GC (Allocation Failure) [PSYoungGen: 48992K->1408K(49664K)] 445402K->397818K(728576K), 0.0019788 secs] [Times: user=0.01 sys=0.00, real=0.00 secs] 
2886.722: [GC (Allocation Failure) [PSYoungGen: 49024K->1376K(49664K)] 445434K->397786K(728576K), 0.0020080 secs] [Times: user=0.01 sys=0.00, real=0.01 secs] 
2886.920: [GC (Allocation Failure) [PSYoungGen: 48992K->1344K(49664K)] 445402K->397754K(728576K), 0.0020089 secs] [Times: user=0.01 sys=0.00, real=0.00 secs] 
2888.128: [GC (Allocation Failure) [PSYoungGen: 48960K->1424K(49664K)] 445370K->397834K(728576K), 0.0023808 secs] [Times: user=0.01 sys=0.00, real=0.00 secs] 
2889.109: [GC (Allocation Failure) [PSYoungGen: 49040K->1376K(49664K)] 445450K->397786K(728576K), 0.0025619 secs] [Times: user=0.01 sys=0.00, real=0.00 secs] 
2889.831: [GC (Allocation Failure) [PSYoungGen: 48992K->1376K(49664K)] 445402K->397786K(728576K), 0.0028311 secs] [Times: user=0.01 sys=0.00, real=0.01 secs] 
2890.296: [GC (Allocation Failure) [PSYoungGen: 48992K->1408K(49664K)] 445402K->397818K(728576K), 0.0028731 secs] [Times: user=0.01 sys=0.01, real=0.00 secs] 
2890.686: [GC (Allocation Failure) [PSYoungGen: 49024K->1408K(49664K)] 445434K->397818K(728576K), 0.0024723 secs] [Times: user=0.02 sys=0.00, real=0.00 secs] 
2891.204: [GC (Allocation Failure) [PSYoungGen: 49024K->1344K(49664K)] 445434K->397754K(728576K), 0.0026251 secs] [Times: user=0.01 sys=0.00, real=0.00 secs] 
2892.721: [GC (Allocation Failure) [PSYoungGen: 48960K->1408K(49664K)] 445370K->397818K(728576K), 0.0023016 secs] [Times: user=0.01 sys=0.00, real=0.01 secs] 
2893.181: [GC (Allocation Failure) [PSYoungGen: 49024K->1408K(49664K)] 445434K->397818K(728576K), 0.0041204 secs] [Times: user=0.02 sys=0.00, real=0.01 secs] 
2893.602: [GC (Allocation Failure) [PSYoungGen: 49024K->1328K(49664K)] 445434K->397738K(728576K), 0.0032473 secs] [Times: user=0.02 sys=0.00, real=0.01 secs] 
2894.019: [GC (Allocation Failure) [PSYoungGen: 48944K->1376K(49664K)] 445354K->397786K(728576K), 0.0028051 secs] [Times: user=0.01 sys=0.00, real=0.00 secs] 
2894.686: [GC (Allocation Failure) [PSYoungGen: 48992K->1376K(49152K)] 445402K->397786K(728064K), 0.0030319 secs] [Times: user=0.01 sys=0.01, real=0.00 secs] 
2895.166: [GC (Allocation Failure) [PSYoungGen: 48992K->1408K(49152K)] 445402K->397818K(728064K), 0.0042095 secs] [Times: user=0.02 sys=0.00, real=0.00 secs] 
2896.517: [GC (Allocation Failure) [PSYoungGen: 49024K->1376K(49152K)] 445434K->397786K(728064K), 0.0020698 secs] [Times: user=0.01 sys=0.00, real=0.00 secs] 
2896.883: [GC (Allocation Failure) [PSYoungGen: 48992K->1360K(49152K)] 445402K->397770K(728064K), 0.0020940 secs] [Times: user=0.00 sys=0.00, real=0.00 secs] 
2897.261: [GC (Allocation Failure) [PSYoungGen: 48976K->1360K(49152K)] 445386K->397770K(728064K), 0.0042116 secs] [Times: user=0.02 sys=0.00, real=0.01 secs] 
2897.678: [GC (Allocation Failure) [PSYoungGen: 48976K->1424K(49152K)] 445386K->397850K(728064K), 0.0030264 secs] [Times: user=0.02 sys=0.00, real=0.00 secs] 
2898.276: [GC (Allocation Failure) [PSYoungGen: 49040K->1376K(49152K)] 445466K->397802K(728064K), 0.0025542 secs] [Times: user=0.01 sys=0.00, real=0.00 secs] 
2898.668: [GC (Allocation Failure) [PSYoungGen: 48992K->1408K(49152K)] 445418K->397850K(728064K), 0.0025983 secs] [Times: user=0.01 sys=0.00, real=0.00 secs] 
2899.829: [GC (Allocation Failure) [PSYoungGen: 49024K->1392K(49152K)] 445466K->397834K(728064K), 0.0018834 secs] [Times: user=0.01 sys=0.00, real=0.00 secs] 
2900.220: [GC (Allocation Failure) [PSYoungGen: 49008K->1408K(49152K)] 445450K->397850K(728064K), 0.0030357 secs] [Times: user=0.02 sys=0.00, real=0.01 secs] 
2900.639: [GC (Allocation Failure) [PSYoungGen: 49024K->1408K(49152K)] 445466K->397850K(728064K), 0.0034503 secs] [Times: user=0.01 sys=0.00, real=0.00 secs] 
2901.030: [GC (Allocation Failure) [PSYoungGen: 49024K->1344K(49152K)] 445466K->397794K(728064K), 0.0034593 secs] [Times: user=0.01 sys=0.00, real=0.01 secs] 
2901.260: [GC (Allocation Failure) [PSYoungGen: 48960K->1376K(49152K)] 445410K->397826K(728064K), 0.0022899 secs] [Times: user=0.01 sys=0.00, real=0.00 secs] 
2901.457: [GC (Allocation Failure) [PSYoungGen: 48992K->1376K(49152K)] 445442K->397826K(728064K), 0.0020302 secs] [Times: user=0.00 sys=0.00, real=0.00 secs] 
2902.558: [GC (Allocation Failure) [PSYoungGen: 48992K->1424K(49152K)] 445442K->397874K(728064K), 0.0019569 secs] [Times: user=0.01 sys=0.00, real=0.00 secs] 
2903.066: [GC (Allocation Failure) [PSYoungGen: 49040K->1312K(49152K)] 445490K->397762K(728064K), 0.0019264 secs] [Times: user=0.01 sys=0.00, real=0.00 secs] 
2903.589: [GC (Allocation Failure) [PSYoungGen: 48928K->1344K(49152K)] 445378K->397794K(728064K), 0.0041900 secs] [Times: user=0.02 sys=0.00, real=0.01 secs] 
2903.805: [GC (Allocation Failure) [PSYoungGen: 48960K->1408K(49152K)] 445410K->397866K(728064K), 0.0023180 secs] [Times: user=0.01 sys=0.00, real=0.00 secs] 
2904.003: [GC (Allocation Failure) [PSYoungGen: 49024K->1376K(49152K)] 445482K->397834K(728064K), 0.0062598 secs] [Times: user=0.02 sys=0.00, real=0.00 secs] 
2904.211: [GC (Allocation Failure) [PSYoungGen: 48992K->1408K(54784K)] 445450K->397866K(733696K), 0.0020866 secs] [Times: user=0.01 sys=0.00, real=0.01 secs] 
2905.749: [GC (Allocation Failure) [PSYoungGen: 54656K->1408K(54784K)] 451114K->397882K(733696K), 0.0029319 secs] [Times: user=0.01 sys=0.00, real=0.00 secs] 
2906.512: [GC (Allocation Failure) [PSYoungGen: 54656K->1344K(54784K)] 451130K->397818K(733696K), 0.0028872 secs] [Times: user=0.01 sys=0.01, real=0.01 secs] 
2906.916: [GC (Allocation Failure) [PSYoungGen: 54592K->1344K(54784K)] 451066K->397818K(733696K), 0.0024697 secs] [Times: user=0.01 sys=0.00, real=0.00 secs] 
2907.369: [GC (Allocation Failure) [PSYoungGen: 54592K->1344K(54784K)] 451066K->397818K(733696K), 0.0026093 secs] [Times: user=0.01 sys=0.00, real=0.00 secs] 
2907.645: [GC (Allocation Failure) [PSYoungGen: 54592K->1376K(54784K)] 451066K->397850K(733696K), 0.0021284 secs] [Times: user=0.01 sys=0.00, real=0.00 secs] 
2908.549: [GC (Allocation Failure) [PSYoungGen: 54624K->1376K(54784K)] 451098K->397850K(733696K), 0.0018839 secs] [Times: user=0.01 sys=0.00, real=0.00 secs] 
2908.770: [GC (Allocation Failure) [PSYoungGen: 54624K->1376K(54784K)] 451098K->397850K(733696K), 0.0017293 secs] [Times: user=0.00 sys=0.00, real=0.00 secs] 
2908.991: [GC (Allocation Failure) [PSYoungGen: 54624K->1376K(54784K)] 451098K->397850K(733696K), 0.0016157 secs] [Times: user=0.01 sys=0.00, real=0.01 secs] 
2909.226: [GC (Allocation Failure) [PSYoungGen: 54624K->1376K(54784K)] 451098K->397850K(733696K), 0.0022536 secs] [Times: user=0.01 sys=0.00, real=0.00 secs] 
2909.448: [GC (Allocation Failure) [PSYoungGen: 54624K->1344K(54784K)] 451098K->397818K(733696K), 0.0020214 secs] [Times: user=0.01 sys=0.00, real=0.00 secs] 
2910.454: [GC (Allocation Failure) [PSYoungGen: 54592K->1408K(54784K)] 451066K->397882K(733696K), 0.0018640 secs] [Times: user=0.00 sys=0.00, real=0.00 secs] 
2910.954: [GC (Allocation Failure) [PSYoungGen: 54656K->1376K(54784K)] 451130K->397850K(733696K), 0.0018155 secs] [Times: user=0.01 sys=0.00, real=0.00 secs] 
2911.344: [GC (Allocation Failure) [PSYoungGen: 54624K->1376K(54784K)] 451098K->397850K(733696K), 0.0026932 secs] [Times: user=0.01 sys=0.00, real=0.00 secs] 
2911.566: [GC (Allocation Failure) [PSYoungGen: 54624K->1392K(54784K)] 451098K->397866K(733696K), 0.0028688 secs] [Times: user=0.02 sys=0.00, real=0.00 secs] 
2911.788: [GC (Allocation Failure) [PSYoungGen: 54640K->1376K(54784K)] 451114K->397850K(733696K), 0.0021008 secs] [Times: user=0.01 sys=0.00, real=0.00 secs] 
2912.335: [GC (Allocation Failure) [PSYoungGen: 54624K->1376K(54784K)] 451098K->397850K(733696K), 0.0024964 secs] [Times: user=0.01 sys=0.00, real=0.00 secs] 
2913.701: [GC (Allocation Failure) [PSYoungGen: 54624K->1408K(54784K)] 451098K->397882K(733696K), 0.0020712 secs] [Times: user=0.01 sys=0.00, real=0.01 secs] 
2914.180: [GC (Allocation Failure) [PSYoungGen: 54656K->1408K(54784K)] 451130K->397882K(733696K), 0.0021019 secs] [Times: user=0.01 sys=0.00, real=0.00 secs] 
2914.710: [GC (Allocation Failure) [PSYoungGen: 54656K->1344K(54784K)] 451130K->397818K(733696K), 0.0023481 secs] [Times: user=0.01 sys=0.00, real=0.00 secs] 
2915.058: [GC (Allocation Failure) [PSYoungGen: 54592K->1408K(54784K)] 451066K->397882K(733696K), 0.0021961 secs] [Times: user=0.00 sys=0.00, real=0.00 secs] 
2915.309: [GC (Allocation Failure) [PSYoungGen: 54656K->1328K(54784K)] 451130K->397810K(733696K), 0.0021221 secs] [Times: user=0.01 sys=0.00, real=0.00 secs] 
2916.433: [GC (Allocation Failure) [PSYoungGen: 54576K->1408K(54784K)] 451058K->397890K(733696K), 0.0019421 secs] [Times: user=0.00 sys=0.00, real=0.00 secs] 
2916.779: [GC (Allocation Failure) [PSYoungGen: 54656K->1376K(54784K)] 451138K->397858K(733696K), 0.0020435 secs] [Times: user=0.00 sys=0.00, real=0.00 secs] 
2917.001: [GC (Allocation Failure) [PSYoungGen: 54624K->1376K(54784K)] 451106K->397858K(733696K), 0.0019308 secs] [Times: user=0.01 sys=0.01, real=0.01 secs] 
2917.259: [GC (Allocation Failure) [PSYoungGen: 54624K->1376K(54784K)] 451106K->397858K(733696K), 0.0020341 secs] [Times: user=0.01 sys=0.00, real=0.00 secs] 
2917.704: [GC (Allocation Failure) [PSYoungGen: 54624K->1344K(54784K)] 451106K->397826K(733696K), 0.0020896 secs] [Times: user=0.01 sys=0.00, real=0.00 secs] 
2918.777: [GC (Allocation Failure) [PSYoungGen: 54592K->1376K(54784K)] 451074K->397858K(733696K), 0.0019248 secs] [Times: user=0.01 sys=0.00, real=0.00 secs] 
2918.998: [GC (Allocation Failure) [PSYoungGen: 54624K->1344K(54784K)] 451106K->397826K(733696K), 0.0016316 secs] [Times: user=0.00 sys=0.00, real=0.00 secs] 
2919.222: [GC (Allocation Failure) [PSYoungGen: 54592K->1344K(54784K)] 451074K->397826K(733696K), 0.0019362 secs] [Times: user=0.01 sys=0.00, real=0.01 secs] 
2919.444: [GC (Allocation Failure) [PSYoungGen: 54592K->1408K(54784K)] 451074K->397890K(733696K), 0.0027841 secs] [Times: user=0.01 sys=0.00, real=0.00 secs] 
2919.666: [GC (Allocation Failure) [PSYoungGen: 54656K->1392K(54784K)] 451138K->397874K(733696K), 0.0021949 secs] [Times: user=0.01 sys=0.00, real=0.00 secs] 
2920.006: [GC (Allocation Failure) [PSYoungGen: 54633K->288K(54272K)] 451116K->396770K(733184K), 0.0024049 secs] [Times: user=0.01 sys=0.00, real=0.00 secs] 
2921.645: [GC (Allocation Failure) [PSYoungGen: 53024K->1440K(54784K)] 449506K->397930K(733696K), 0.0028999 secs] [Times: user=0.01 sys=0.00, real=0.00 secs] 
2921.948: [GC (Allocation Failure) [PSYoungGen: 54176K->1408K(54784K)] 450666K->397898K(733696K), 0.0033403 secs] [Times: user=0.01 sys=0.00, real=0.00 secs] 
2922.309: [GC (Allocation Failure) [PSYoungGen: 54144K->1376K(54784K)] 450634K->397866K(733696K), 0.0024149 secs] [Times: user=0.01 sys=0.00, real=0.00 secs] 
2922.760: [GC (Allocation Failure) [PSYoungGen: 54112K->1424K(54784K)] 450602K->397914K(733696K), 0.0024567 secs] [Times: user=0.01 sys=0.00, real=0.01 secs] 
2923.142: [GC (Allocation Failure) [PSYoungGen: 54160K->1408K(54784K)] 450650K->397898K(733696K), 0.0023518 secs] [Times: user=0.01 sys=0.00, real=0.01 secs] 
2924.393: [GC (Allocation Failure) [PSYoungGen: 54144K->1440K(54784K)] 450634K->397930K(733696K), 0.0036892 secs] [Times: user=0.02 sys=0.00, real=0.00 secs] 
2924.847: [GC (Allocation Failure) [PSYoungGen: 54176K->1408K(54784K)] 450666K->397898K(733696K), 0.0026574 secs] [Times: user=0.01 sys=0.00, real=0.00 secs] 
2925.272: [GC (Allocation Failure) [PSYoungGen: 54144K->1360K(54784K)] 450634K->397850K(733696K), 0.0028823 secs] [Times: user=0.02 sys=0.00, real=0.01 secs] 
2925.708: [GC (Allocation Failure) [PSYoungGen: 54096K->1408K(54784K)] 450586K->397898K(733696K), 0.0023620 secs] [Times: user=0.00 sys=0.00, real=0.00 secs] 
2926.191: [GC (Allocation Failure) [PSYoungGen: 54144K->1376K(54784K)] 450634K->397882K(733696K), 0.0023740 secs] [Times: user=0.01 sys=0.00, real=0.01 secs] 
2927.444: [GC (Allocation Failure) [PSYoungGen: 54112K->1376K(54784K)] 450618K->397882K(733696K), 0.0017588 secs] [Times: user=0.01 sys=0.00, real=0.00 secs] 
2927.955: [GC (Allocation Failure) [PSYoungGen: 54112K->1344K(54784K)] 450618K->397850K(733696K), 0.0017357 secs] [Times: user=0.01 sys=0.00, real=0.00 secs] 
2928.426: [GC (Allocation Failure) [PSYoungGen: 54080K->1376K(54784K)] 450586K->397882K(733696K), 0.0018682 secs] [Times: user=0.01 sys=0.00, real=0.00 secs] 
2928.994: [GC (Allocation Failure) [PSYoungGen: 54112K->1376K(54784K)] 450618K->397882K(733696K), 0.0023169 secs] [Times: user=0.01 sys=0.00, real=0.00 secs] 
2929.430: [GC (Allocation Failure) [PSYoungGen: 54112K->1392K(54784K)] 450618K->397898K(733696K), 0.0023378 secs] [Times: user=0.01 sys=0.00, real=0.00 secs] 
2929.857: [GC (Allocation Failure) [PSYoungGen: 54128K->1376K(54272K)] 450634K->397898K(733184K), 0.0024203 secs] [Times: user=0.01 sys=0.00, real=0.00 secs] 
2931.129: [GC (Allocation Failure) [PSYoungGen: 54112K->1376K(54272K)] 450634K->397898K(733184K), 0.0017150 secs] [Times: user=0.01 sys=0.00, real=0.00 secs] 
2931.674: [GC (Allocation Failure) [PSYoungGen: 54112K->320K(53760K)] 450634K->397866K(732672K), 0.0042508 secs] [Times: user=0.02 sys=0.00, real=0.00 secs] 
2932.230: [GC (Allocation Failure) [PSYoungGen: 53056K->352K(54784K)] 450602K->397898K(733696K), 0.0032648 secs] [Times: user=0.01 sys=0.00, real=0.01 secs] 
2932.698: [GC (Allocation Failure) [PSYoungGen: 53088K->320K(54784K)] 450634K->397866K(733696K), 0.0028524 secs] [Times: user=0.01 sys=0.00, real=0.00 secs] 
2933.139: [GC (Allocation Failure) [PSYoungGen: 53056K->352K(54784K)] 450602K->397898K(733696K), 0.0028587 secs] [Times: user=0.01 sys=0.00, real=0.00 secs] 
2934.446: [GC (Allocation Failure) [PSYoungGen: 53088K->1408K(54784K)] 450634K->398954K(733696K), 0.0024030 secs] [Times: user=0.00 sys=0.00, real=0.00 secs] 
2935.062: [GC (Allocation Failure) [PSYoungGen: 54144K->1408K(54784K)] 451690K->398954K(733696K), 0.0041797 secs] [Times: user=0.02 sys=0.00, real=0.01 secs] 
2935.756: [GC (Allocation Failure) [PSYoungGen: 54144K->1360K(54784K)] 451690K->398907K(733696K), 0.0042673 secs] [Times: user=0.02 sys=0.00, real=0.00 secs] 
2936.447: [GC (Allocation Failure) [PSYoungGen: 54096K->1328K(54784K)] 451643K->398875K(733696K), 0.0042510 secs] [Times: user=0.02 sys=0.00, real=0.00 secs] 
2937.070: [GC (Allocation Failure) [PSYoungGen: 54064K->1408K(54784K)] 451611K->398954K(733696K), 0.0032006 secs] [Times: user=0.01 sys=0.00, real=0.01 secs] 
2938.241: [GC (Allocation Failure) [PSYoungGen: 54144K->1920K(54784K)] 451690K->399467K(733696K), 0.0022574 secs] [Times: user=0.01 sys=0.00, real=0.01 secs] 
2939.152: [GC (Allocation Failure) [PSYoungGen: 54656K->1376K(55296K)] 452203K->398938K(734208K), 0.0035103 secs] [Times: user=0.01 sys=0.00, real=0.01 secs] 
2939.636: [GC (Allocation Failure) [PSYoungGen: 54112K->1344K(55296K)] 451674K->398906K(734208K), 0.0034778 secs] [Times: user=0.02 sys=0.00, real=0.00 secs] 
2940.134: [GC (Allocation Failure) [PSYoungGen: 54080K->1408K(55296K)] 451642K->398970K(734208K), 0.0035665 secs] [Times: user=0.02 sys=0.00, real=0.00 secs] 
2940.459: [GC (Allocation Failure) [PSYoungGen: 54144K->1408K(55296K)] 451706K->398970K(734208K), 0.0022864 secs] [Times: user=0.01 sys=0.00, real=0.00 secs] 
2940.713: [GC (Allocation Failure) [PSYoungGen: 54144K->1376K(54272K)] 451706K->398938K(733184K), 0.0021153 secs] [Times: user=0.01 sys=0.00, real=0.01 secs] 
2941.684: [GC (Allocation Failure) [PSYoungGen: 54112K->1408K(54784K)] 451674K->398970K(733696K), 0.0018896 secs] [Times: user=0.01 sys=0.00, real=0.00 secs] 
2941.903: [GC (Allocation Failure) [PSYoungGen: 54144K->1376K(54784K)] 451706K->398938K(733696K), 0.0018377 secs] [Times: user=0.01 sys=0.00, real=0.01 secs] 
2942.121: [GC (Allocation Failure) [PSYoungGen: 54112K->1424K(54784K)] 451674K->398987K(733696K), 0.0019371 secs] [Times: user=0.01 sys=0.00, real=0.01 secs] 
2942.340: [GC (Allocation Failure) [PSYoungGen: 54160K->1376K(54784K)] 451723K->398938K(733696K), 0.0018939 secs] [Times: user=0.01 sys=0.00, real=0.00 secs] 
2942.657: [GC (Allocation Failure) [PSYoungGen: 54112K->1376K(54784K)] 451674K->398938K(733696K), 0.0017276 secs] [Times: user=0.00 sys=0.00, real=0.00 secs] 
2943.753: [GC (Allocation Failure) [PSYoungGen: 54112K->1408K(54784K)] 451674K->398970K(733696K), 0.0021045 secs] [Times: user=0.01 sys=0.00, real=0.00 secs] 
2944.234: [GC (Allocation Failure) [PSYoungGen: 54144K->1360K(54784K)] 451706K->398923K(733696K), 0.0021223 secs] [Times: user=0.01 sys=0.00, real=0.00 secs] 
2944.859: [GC (Allocation Failure) [PSYoungGen: 54096K->1376K(54784K)] 451659K->398938K(733696K), 0.0026845 secs] [Times: user=0.01 sys=0.01, real=0.00 secs] 
2945.490: [GC (Allocation Failure) [PSYoungGen: 54112K->1344K(54784K)] 451674K->398906K(733696K), 0.0029839 secs] [Times: user=0.01 sys=0.00, real=0.00 secs] 
2946.063: [GC (Allocation Failure) [PSYoungGen: 54080K->1344K(54784K)] 451642K->398922K(733696K), 0.0030053 secs] [Times: user=0.02 sys=0.00, real=0.00 secs] 
2947.228: [GC (Allocation Failure) [PSYoungGen: 54080K->1632K(54784K)] 451658K->399211K(733696K), 0.0016859 secs] [Times: user=0.01 sys=0.00, real=0.00 secs] 
2947.453: [GC (Allocation Failure) [PSYoungGen: 54368K->1344K(54784K)] 451947K->398922K(733696K), 0.0026781 secs] [Times: user=0.01 sys=0.00, real=0.00 secs] 
2947.668: [GC (Allocation Failure) [PSYoungGen: 54080K->1376K(54784K)] 451658K->398954K(733696K), 0.0022060 secs] [Times: user=0.01 sys=0.00, real=0.00 secs] 
2947.947: [GC (Allocation Failure) [PSYoungGen: 54112K->1376K(54784K)] 451690K->398954K(733696K), 0.0020552 secs] [Times: user=0.01 sys=0.00, real=0.00 secs] 
2948.280: [GC (Allocation Failure) [PSYoungGen: 54112K->1376K(54784K)] 451690K->398954K(733696K), 0.0021471 secs] [Times: user=0.01 sys=0.00, real=0.00 secs] 
2948.658: [GC (Allocation Failure) [PSYoungGen: 54112K->1376K(54784K)] 451690K->398954K(733696K), 0.0032525 secs] [Times: user=0.01 sys=0.00, real=0.00 secs] 
2949.687: [GC (Allocation Failure) [PSYoungGen: 54112K->1440K(54784K)] 451690K->399018K(733696K), 0.0016867 secs] [Times: user=0.01 sys=0.00, real=0.00 secs] 
2949.906: [GC (Allocation Failure) [PSYoungGen: 54176K->1376K(54784K)] 451754K->398954K(733696K), 0.0016945 secs] [Times: user=0.01 sys=0.00, real=0.00 secs] 
2950.148: [GC (Allocation Failure) [PSYoungGen: 54112K->1408K(54784K)] 451690K->398986K(733696K), 0.0019394 secs] [Times: user=0.01 sys=0.00, real=0.00 secs] 
2950.571: [GC (Allocation Failure) [PSYoungGen: 54144K->1408K(54784K)] 451722K->398986K(733696K), 0.0019829 secs] [Times: user=0.01 sys=0.00, real=0.01 secs] 
2951.014: [GC (Allocation Failure) [PSYoungGen: 54144K->1344K(54784K)] 451722K->398922K(733696K), 0.0019837 secs] [Times: user=0.01 sys=0.00, real=0.00 secs] 
2952.153: [GC (Allocation Failure) [PSYoungGen: 54080K->1376K(54272K)] 451658K->398954K(733184K), 0.0018637 secs] [Times: user=0.00 sys=0.00, real=0.01 secs] 
2952.372: [GC (Allocation Failure) [PSYoungGen: 54112K->1376K(54272K)] 451690K->398954K(733184K), 0.0019259 secs] [Times: user=0.00 sys=0.00, real=0.01 secs] 
2952.591: [GC (Allocation Failure) [PSYoungGen: 54112K->368K(53760K)] 451690K->398971K(732672K), 0.0023296 secs] [Times: user=0.01 sys=0.00, real=0.01 secs] 
2952.811: [GC (Allocation Failure) [PSYoungGen: 53104K->320K(54784K)] 451707K->398922K(733696K), 0.0022390 secs] [Times: user=0.01 sys=0.00, real=0.01 secs] 
2953.031: [GC (Allocation Failure) [PSYoungGen: 53056K->320K(54784K)] 451658K->398922K(733696K), 0.0022905 secs] [Times: user=0.01 sys=0.00, real=0.01 secs] 
2953.917: [GC (Allocation Failure) [PSYoungGen: 53056K->1440K(54784K)] 451658K->400043K(733696K), 0.0016229 secs] [Times: user=0.01 sys=0.00, real=0.00 secs] 
2954.158: [GC (Allocation Failure) [PSYoungGen: 54176K->1344K(54784K)] 452779K->399947K(733696K), 0.0018705 secs] [Times: user=0.01 sys=0.00, real=0.00 secs] 
2954.392: [GC (Allocation Failure) [PSYoungGen: 54080K->1376K(54784K)] 452683K->399979K(733696K), 0.0019884 secs] [Times: user=0.01 sys=0.00, real=0.01 secs] 
2954.611: [GC (Allocation Failure) [PSYoungGen: 54112K->1376K(54784K)] 452715K->400003K(733696K), 0.0018197 secs] [Times: user=0.01 sys=0.00, real=0.01 secs] 
2954.830: [GC (Allocation Failure) [PSYoungGen: 54112K->1408K(54784K)] 452739K->400035K(733696K), 0.0020197 secs] [Times: user=0.01 sys=0.00, real=0.00 secs] 
2955.050: [GC (Allocation Failure) [PSYoungGen: 54144K->1360K(54784K)] 452771K->399987K(733696K), 0.0020012 secs] [Times: user=0.01 sys=0.00, real=0.00 secs] 
2956.183: [GC (Allocation Failure) [PSYoungGen: 54096K->1424K(54784K)] 452723K->400051K(733696K), 0.0018555 secs] [Times: user=0.01 sys=0.00, real=0.00 secs] 
2956.611: [GC (Allocation Failure) [PSYoungGen: 54160K->1440K(54784K)] 452787K->400067K(733696K), 0.0021283 secs] [Times: user=0.00 sys=0.01, real=0.01 secs] 
2956.931: [GC (Allocation Failure) [PSYoungGen: 54176K->1408K(54784K)] 452803K->400035K(733696K), 0.0025850 secs] [Times: user=0.01 sys=0.00, real=0.01 secs] 
2957.163: [GC (Allocation Failure) [PSYoungGen: 54144K->1344K(54784K)] 452771K->399971K(733696K), 0.0028750 secs] [Times: user=0.01 sys=0.00, real=0.01 secs] 
2957.390: [GC (Allocation Failure) [PSYoungGen: 54080K->1344K(54784K)] 452707K->399979K(733696K), 0.0020390 secs] [Times: user=0.01 sys=0.00, real=0.00 secs] 
2958.750: [GC (Allocation Failure) [PSYoungGen: 54080K->1440K(54784K)] 452715K->400075K(733696K), 0.0044652 secs] [Times: user=0.02 sys=0.00, real=0.01 secs] 
2959.900: [GC (Allocation Failure) [PSYoungGen: 54176K->1376K(54784K)] 452811K->400011K(733696K), 0.0044318 secs] [Times: user=0.02 sys=0.00, real=0.01 secs] 
2960.777: [GC (Allocation Failure) [PSYoungGen: 54112K->1312K(54784K)] 452747K->399947K(733696K), 0.0044084 secs] [Times: user=0.02 sys=0.00, real=0.00 secs] 
2961.756: [GC (Allocation Failure) [PSYoungGen: 54048K->1360K(54784K)] 452683K->399995K(733696K), 0.0044845 secs] [Times: user=0.02 sys=0.00, real=0.00 secs] 
2962.585: [GC (Allocation Failure) [PSYoungGen: 54096K->1376K(54784K)] 452731K->400011K(733696K), 0.0043277 secs] [Times: user=0.02 sys=0.00, real=0.00 secs] 
2963.065: [GC (Allocation Failure) [PSYoungGen: 54104K->288K(54784K)] 452739K->398922K(733696K), 0.0033615 secs] [Times: user=0.01 sys=0.00, real=0.00 secs] 
2964.364: [GC (Allocation Failure) [PSYoungGen: 53024K->1392K(54784K)] 451658K->400027K(733696K), 0.0018175 secs] [Times: user=0.01 sys=0.00, real=0.00 secs] 
2964.839: [GC (Allocation Failure) [PSYoungGen: 54128K->1344K(54784K)] 452763K->399979K(733696K), 0.0043248 secs] [Times: user=0.02 sys=0.00, real=0.01 secs] 
2965.299: [GC (Allocation Failure) [PSYoungGen: 54080K->1376K(54784K)] 452715K->400011K(733696K), 0.0034872 secs] [Times: user=0.02 sys=0.00, real=0.00 secs] 
2965.707: [GC (Allocation Failure) [PSYoungGen: 54112K->1376K(54784K)] 452747K->400011K(733696K), 0.0028642 secs] [Times: user=0.01 sys=0.00, real=0.00 secs] 
2965.931: [GC (Allocation Failure) [PSYoungGen: 54112K->1408K(54784K)] 452747K->400043K(733696K), 0.0020411 secs] [Times: user=0.01 sys=0.01, real=0.01 secs] 
2966.994: [GC (Allocation Failure) [PSYoungGen: 54144K->1472K(54784K)] 452779K->400107K(733696K), 0.0017671 secs] [Times: user=0.01 sys=0.00, real=0.00 secs] 
2967.390: [GC (Allocation Failure) [PSYoungGen: 54208K->1360K(54784K)] 452843K->399995K(733696K), 0.0017411 secs] [Times: user=0.01 sys=0.00, real=0.00 secs] 
2967.815: [GC (Allocation Failure) [PSYoungGen: 54096K->1376K(54784K)] 452731K->400011K(733696K), 0.0032896 secs] [Times: user=0.02 sys=0.00, real=0.00 secs] 
2968.301: [GC (Allocation Failure) [PSYoungGen: 54112K->1408K(54784K)] 452747K->400043K(733696K), 0.0033859 secs] [Times: user=0.01 sys=0.00, real=0.01 secs] 
2968.785: [GC (Allocation Failure) [PSYoungGen: 54144K->1344K(54784K)] 452779K->399987K(733696K), 0.0034757 secs] [Times: user=0.01 sys=0.00, real=0.00 secs] 
2969.832: [GC (Allocation Failure) [PSYoungGen: 54080K->1440K(54784K)] 452723K->400083K(733696K), 0.0016841 secs] [Times: user=0.00 sys=0.00, real=0.01 secs] 
2970.050: [GC (Allocation Failure) [PSYoungGen: 54176K->1408K(54784K)] 452819K->400051K(733696K), 0.0016705 secs] [Times: user=0.00 sys=0.00, real=0.00 secs] 
2970.290: [GC (Allocation Failure) [PSYoungGen: 54144K->1360K(54784K)] 452787K->400003K(733696K), 0.0016287 secs] [Times: user=0.01 sys=0.01, real=0.00 secs] 
2970.724: [GC (Allocation Failure) [PSYoungGen: 54096K->1408K(54784K)] 452739K->400051K(733696K), 0.0022317 secs] [Times: user=0.01 sys=0.00, real=0.00 secs] 
2971.145: [GC (Allocation Failure) [PSYoungGen: 54144K->1392K(54784K)] 452787K->400035K(733696K), 0.0028704 secs] [Times: user=0.01 sys=0.00, real=0.00 secs] 
2971.588: [GC (Allocation Failure) [PSYoungGen: 54128K->1424K(54784K)] 452771K->400067K(733696K), 0.0028603 secs] [Times: user=0.01 sys=0.00, real=0.00 secs] 
2973.056: [GC (Allocation Failure) [PSYoungGen: 54160K->1424K(54784K)] 452803K->400067K(733696K), 0.0039797 secs] [Times: user=0.01 sys=0.00, real=0.00 secs] 
2973.510: [GC (Allocation Failure) [PSYoungGen: 54160K->1408K(54784K)] 452803K->400051K(733696K), 0.0028689 secs] [Times: user=0.01 sys=0.00, real=0.01 secs] 
2973.916: [GC (Allocation Failure) [PSYoungGen: 54144K->1360K(54784K)] 452787K->400003K(733696K), 0.0040550 secs] [Times: user=0.01 sys=0.01, real=0.00 secs] 
2974.340: [GC (Allocation Failure) [PSYoungGen: 54096K->1392K(54784K)] 452739K->400035K(733696K), 0.0036127 secs] [Times: user=0.02 sys=0.00, real=0.01 secs] 
2974.759: [GC (Allocation Failure) [PSYoungGen: 54128K->1376K(54784K)] 452771K->400027K(733696K), 0.0028141 secs] [Times: user=0.01 sys=0.00, real=0.00 secs] 
2975.835: [GC (Allocation Failure) [PSYoungGen: 54112K->1376K(54784K)] 452763K->400027K(733696K), 0.0016697 secs] [Times: user=0.00 sys=0.00, real=0.00 secs] 
2976.132: [GC (Allocation Failure) [PSYoungGen: 54112K->1376K(54272K)] 452763K->400027K(733184K), 0.0018639 secs] [Times: user=0.01 sys=0.00, real=0.01 secs] 
2976.587: [GC (Allocation Failure) [PSYoungGen: 54112K->1360K(54272K)] 452763K->400035K(733184K), 0.0018680 secs] [Times: user=0.01 sys=0.00, real=0.00 secs] 
2977.074: [GC (Allocation Failure) [PSYoungGen: 54096K->384K(53760K)] 452771K->400083K(732672K), 0.0042192 secs] [Times: user=0.01 sys=0.00, real=0.00 secs] 
2977.682: [GC (Allocation Failure) [PSYoungGen: 53120K->352K(54784K)] 452819K->400051K(733696K), 0.0043659 secs] [Times: user=0.02 sys=0.00, real=0.01 secs] 
2979.190: [GC (Allocation Failure) [PSYoungGen: 53088K->1440K(54784K)] 452787K->401139K(733696K), 0.0017816 secs] [Times: user=0.01 sys=0.00, real=0.00 secs] 
2979.467: [GC (Allocation Failure) [PSYoungGen: 54176K->1392K(54784K)] 453875K->401091K(733696K), 0.0019761 secs] [Times: user=0.01 sys=0.00, real=0.00 secs] 
2979.705: [GC (Allocation Failure) [PSYoungGen: 54128K->1360K(54784K)] 453827K->401059K(733696K), 0.0019765 secs] [Times: user=0.01 sys=0.00, real=0.00 secs] 
2979.938: [GC (Allocation Failure) [PSYoungGen: 54096K->1344K(54784K)] 453795K->401043K(733696K), 0.0019249 secs] [Times: user=0.01 sys=0.00, real=0.00 secs] 
2980.240: [GC (Allocation Failure) [PSYoungGen: 54080K->1408K(54784K)] 453779K->401107K(733696K), 0.0020544 secs] [Times: user=0.01 sys=0.00, real=0.00 secs] 
2980.749: [GC (Allocation Failure) [PSYoungGen: 54144K->1376K(54784K)] 453843K->401075K(733696K), 0.0023215 secs] [Times: user=0.01 sys=0.00, real=0.00 secs] 
2981.699: [GC (Allocation Failure) [PSYoungGen: 54112K->1376K(54784K)] 453811K->401075K(733696K), 0.0019596 secs] [Times: user=0.01 sys=0.00, real=0.00 secs] 
2981.918: [GC (Allocation Failure) [PSYoungGen: 54112K->1392K(54784K)] 453811K->401091K(733696K), 0.0018550 secs] [Times: user=0.01 sys=0.00, real=0.00 secs] 
2982.137: [GC (Allocation Failure) [PSYoungGen: 54128K->1376K(54784K)] 453827K->401075K(733696K), 0.0018381 secs] [Times: user=0.00 sys=0.00, real=0.00 secs] 
2982.356: [GC (Allocation Failure) [PSYoungGen: 54112K->1376K(54784K)] 453811K->401075K(733696K), 0.0019456 secs] [Times: user=0.01 sys=0.00, real=0.00 secs] 
2982.574: [GC (Allocation Failure) [PSYoungGen: 54112K->1408K(54784K)] 453811K->401107K(733696K), 0.0019594 secs] [Times: user=0.01 sys=0.00, real=0.00 secs] 
2983.636: [GC (Allocation Failure) [PSYoungGen: 54144K->1408K(54784K)] 453843K->401107K(733696K), 0.0018097 secs] [Times: user=0.01 sys=0.00, real=0.00 secs] 
2984.095: [GC (Allocation Failure) [PSYoungGen: 54144K->1408K(54784K)] 453843K->401107K(733696K), 0.0017395 secs] [Times: user=0.01 sys=0.00, real=0.00 secs] 
2984.747: [GC (Allocation Failure) [PSYoungGen: 54144K->1408K(54784K)] 453843K->401107K(733696K), 0.0022701 secs] [Times: user=0.01 sys=0.00, real=0.00 secs] 
2985.092: [GC (Allocation Failure) [PSYoungGen: 54144K->1392K(54784K)] 453843K->401091K(733696K), 0.0022248 secs] [Times: user=0.01 sys=0.00, real=0.01 secs] 
2985.343: [GC (Allocation Failure) [PSYoungGen: 54128K->1376K(54784K)] 453827K->401099K(733696K), 0.0020888 secs] [Times: user=0.01 sys=0.00, real=0.00 secs] 
2986.360: [GC (Allocation Failure) [PSYoungGen: 54112K->1952K(54784K)] 453835K->401675K(733696K), 0.0019052 secs] [Times: user=0.00 sys=0.01, real=0.00 secs] 
2986.907: [GC (Allocation Failure) [PSYoungGen: 54688K->1360K(54784K)] 454411K->401083K(733696K), 0.0026247 secs] [Times: user=0.01 sys=0.00, real=0.00 secs] 
2987.392: [GC (Allocation Failure) [PSYoungGen: 54096K->1344K(54784K)] 453819K->401067K(733696K), 0.0026387 secs] [Times: user=0.01 sys=0.00, real=0.01 secs] 
2987.717: [GC (Allocation Failure) [PSYoungGen: 54080K->1360K(54784K)] 453803K->401083K(733696K), 0.0020406 secs] [Times: user=0.00 sys=0.00, real=0.00 secs] 
2987.936: [GC (Allocation Failure) [PSYoungGen: 54096K->1408K(54784K)] 453819K->401131K(733696K), 0.0021729 secs] [Times: user=0.01 sys=0.00, real=0.00 secs] 
2988.259: [GC (Allocation Failure) [PSYoungGen: 54144K->1408K(54784K)] 453867K->401131K(733696K), 0.0021703 secs] [Times: user=0.01 sys=0.00, real=0.00 secs] 
2989.437: [GC (Allocation Failure) [PSYoungGen: 54144K->1360K(54784K)] 453867K->401083K(733696K), 0.0020722 secs] [Times: user=0.01 sys=0.00, real=0.00 secs] 
2989.901: [GC (Allocation Failure) [PSYoungGen: 54096K->1328K(54784K)] 453819K->401051K(733696K), 0.0028160 secs] [Times: user=0.01 sys=0.00, real=0.01 secs] 
2990.309: [GC (Allocation Failure) [PSYoungGen: 54064K->1344K(54784K)] 453787K->401067K(733696K), 0.0027773 secs] [Times: user=0.01 sys=0.00, real=0.00 secs] 
2990.732: [GC (Allocation Failure) [PSYoungGen: 54080K->1344K(54784K)] 453803K->401067K(733696K), 0.0022542 secs] [Times: user=0.01 sys=0.00, real=0.01 secs] 
2991.245: [GC (Allocation Failure) [PSYoungGen: 54080K->1344K(54784K)] 453803K->401067K(733696K), 0.0034822 secs] [Times: user=0.02 sys=0.00, real=0.00 secs] 
2992.480: [GC (Allocation Failure) [PSYoungGen: 54080K->1408K(54784K)] 453803K->401131K(733696K), 0.0018245 secs] [Times: user=0.01 sys=0.00, real=0.00 secs] 
2993.016: [GC (Allocation Failure) [PSYoungGen: 54144K->1344K(54784K)] 453867K->401067K(733696K), 0.0023918 secs] [Times: user=0.01 sys=0.00, real=0.00 secs] 
2993.477: [GC (Allocation Failure) [PSYoungGen: 54080K->1344K(54784K)] 453803K->401067K(733696K), 0.0029285 secs] [Times: user=0.01 sys=0.00, real=0.00 secs] 
2993.823: [GC (Allocation Failure) [PSYoungGen: 54080K->1376K(54784K)] 453803K->401099K(733696K), 0.0025663 secs] [Times: user=0.01 sys=0.00, real=0.00 secs] 
2994.206: [GC (Allocation Failure) [PSYoungGen: 54112K->1344K(54272K)] 453835K->401067K(733184K), 0.0027698 secs] [Times: user=0.01 sys=0.00, real=0.00 secs] 
2995.389: [GC (Allocation Failure) [PSYoungGen: 54080K->576K(53760K)] 453803K->400299K(732672K), 0.0027381 secs] [Times: user=0.01 sys=0.00, real=0.00 secs] 
2995.588: [GC (Allocation Failure) [PSYoungGen: 52800K->2016K(54272K)] 452523K->402665K(733184K), 0.0028851 secs] [Times: user=0.01 sys=0.00, real=0.00 secs] 
2997.777: [GC (Allocation Failure) [PSYoungGen: 54240K->2528K(52736K)] 454889K->408016K(731648K), 0.0049034 secs] [Times: user=0.02 sys=0.01, real=0.00 secs] 
3002.137: [GC (Allocation Failure) [PSYoungGen: 52704K->4576K(54784K)] 458192K->431120K(733696K), 0.0372330 secs] [Times: user=0.18 sys=0.04, real=0.04 secs] 
3006.177: [GC (Allocation Failure) [PSYoungGen: 54752K->13280K(49152K)] 481296K->472424K(728064K), 0.0274582 secs] [Times: user=0.12 sys=0.03, real=0.03 secs] 
3006.278: [GC (Allocation Failure) [PSYoungGen: 49120K->27632K(63488K)] 508264K->495640K(742400K), 0.0152673 secs] [Times: user=0.08 sys=0.00, real=0.02 secs] 
3006.333: [GC (Allocation Failure) [PSYoungGen: 63472K->35808K(65024K)] 531480K->519664K(743936K), 0.0204813 secs] [Times: user=0.09 sys=0.01, real=0.02 secs] 
3007.614: [GC (Allocation Failure) [PSYoungGen: 64992K->48608K(77824K)] 548848K->541936K(756736K), 0.0578778 secs] [Times: user=0.30 sys=0.03, real=0.05 secs] 
3009.528: [GC (Allocation Failure) [PSYoungGen: 77792K->60896K(77824K)] 571120K->572476K(756736K), 0.0798267 secs] [Times: user=0.30 sys=0.15, real=0.08 secs] 
3010.731: [GC (Allocation Failure) [PSYoungGen: 77792K->63936K(95744K)] 589372K->577490K(774656K), 0.0418120 secs] [Times: user=0.24 sys=0.01, real=0.04 secs] 
3012.009: [GC (Allocation Failure) [PSYoungGen: 80832K->75680K(97280K)] 594386K->590734K(776192K), 0.0559267 secs] [Times: user=0.29 sys=0.03, real=0.06 secs] 
3012.436: [GC (Allocation Failure) [PSYoungGen: 84896K->73088K(108544K)] 616334K->604542K(787456K), 0.2280463 secs] [Times: user=1.36 sys=0.01, real=0.23 secs] 
3012.997: [GC (Allocation Failure) [PSYoungGen: 82304K->39200K(105984K)] 613758K->611846K(784896K), 0.1103512 secs] [Times: user=0.65 sys=0.01, real=0.11 secs] 
3013.821: [GC (Allocation Failure) [PSYoungGen: 50464K->21600K(33280K)] 623110K->620742K(712192K), 0.0716881 secs] [Times: user=0.42 sys=0.00, real=0.07 secs] 
3014.862: [GC (Allocation Failure) [PSYoungGen: 32864K->15776K(105984K)] 632006K->627774K(784896K), 0.0545136 secs] [Times: user=0.32 sys=0.00, real=0.06 secs] 
3017.072: [GC (Allocation Failure) [PSYoungGen: 29600K->8512K(108544K)] 641598K->636014K(787456K), 0.0578349 secs] [Times: user=0.28 sys=0.06, real=0.06 secs] 
3020.202: [GC (Allocation Failure) [PSYoungGen: 22336K->10880K(104960K)] 649838K->646846K(783872K), 0.0381890 secs] [Times: user=0.22 sys=0.01, real=0.04 secs] 
3022.126: [GC (Allocation Failure) [PSYoungGen: 26334K->6464K(107520K)] 662301K->653286K(786432K), 0.0182991 secs] [Times: user=0.09 sys=0.01, real=0.02 secs] 
3022.144: [Full GC (Ergonomics) [PSYoungGen: 6464K->0K(107520K)] [ParOldGen: 646822K->255171K(695296K)] 653286K->255171K(802816K), [Metaspace: 59941K->59849K(1105920K)], 0.6205331 secs] [Times: user=2.51 sys=0.03, real=0.62 secs] 
3023.297: [GC (Allocation Failure) [PSYoungGen: 16896K->5493K(104448K)] 272067K->260664K(799744K), 0.0035689 secs] [Times: user=0.01 sys=0.00, real=0.00 secs] 
3023.355: [GC (Allocation Failure) [PSYoungGen: 25973K->32K(106496K)] 281144K->260514K(801792K), 0.0033921 secs] [Times: user=0.02 sys=0.00, real=0.00 secs] 
3023.411: [GC (Allocation Failure) [PSYoungGen: 20512K->64K(103424K)] 280994K->260546K(798720K), 0.0018963 secs] [Times: user=0.01 sys=0.00, real=0.01 secs] 
3023.483: [GC (Allocation Failure) [PSYoungGen: 24128K->1152K(105984K)] 284610K->261634K(801280K), 0.0015046 secs] [Times: user=0.00 sys=0.00, real=0.00 secs] 
3023.530: [GC (Allocation Failure) [PSYoungGen: 25216K->4672K(99840K)] 285698K->266175K(795136K), 0.0039281 secs] [Times: user=0.01 sys=0.00, real=0.01 secs] 
3023.631: [GC (Allocation Failure) [PSYoungGen: 33344K->17760K(103936K)] 294847K->283285K(799232K), 0.0115597 secs] [Times: user=0.07 sys=0.00, real=0.01 secs] 
3023.714: [GC (Allocation Failure) [PSYoungGen: 46432K->21088K(96768K)] 311957K->303309K(792064K), 0.0108357 secs] [Times: user=0.06 sys=0.00, real=0.01 secs] 
3023.763: [GC (Allocation Failure) [PSYoungGen: 55392K->34368K(100352K)] 337613K->335605K(795648K), 0.0126163 secs] [Times: user=0.07 sys=0.00, real=0.01 secs] 
3023.852: [GC (Allocation Failure) [PSYoungGen: 67481K->26176K(103936K)] 368719K->353485K(799232K), 0.0211214 secs] [Times: user=0.12 sys=0.00, real=0.03 secs] 
3024.147: [GC (Allocation Failure) [PSYoungGen: 67648K->31840K(106496K)] 394957K->385333K(801792K), 0.0201149 secs] [Times: user=0.11 sys=0.00, real=0.02 secs] 
3024.702: [GC (Allocation Failure) [PSYoungGen: 73312K->28288K(111616K)] 426805K->413589K(806912K), 0.0305216 secs] [Times: user=0.18 sys=0.00, real=0.03 secs] 
3026.196: [GC (Allocation Failure) [PSYoungGen: 72871K->34624K(113152K)] 458173K->448301K(808448K), 0.1242733 secs] [Times: user=0.74 sys=0.01, real=0.12 secs] 
3026.423: [GC (Allocation Failure) [PSYoungGen: 84288K->40672K(120832K)] 497965K->488997K(816128K), 0.0270756 secs] [Times: user=0.16 sys=0.01, real=0.02 secs] 
3028.895: [GC (Allocation Failure) [PSYoungGen: 97504K->24000K(123392K)] 545829K->513013K(818688K), 0.0285429 secs] [Times: user=0.17 sys=0.00, real=0.03 secs] 
3029.061: [GC (Allocation Failure) [PSYoungGen: 80832K->768K(130048K)] 569845K->513813K(825344K), 0.0380520 secs] [Times: user=0.22 sys=0.00, real=0.04 secs] 
3029.756: [GC (Allocation Failure) [PSYoungGen: 68352K->24672K(130560K)] 581397K->538306K(825856K), 0.0124943 secs] [Times: user=0.06 sys=0.00, real=0.01 secs] 
3030.269: [GC (Allocation Failure) [PSYoungGen: 92256K->47584K(134656K)] 605890K->583226K(829952K), 0.0334905 secs] [Times: user=0.17 sys=0.03, real=0.04 secs] 
3030.446: [GC (Allocation Failure) [PSYoungGen: 122848K->64992K(140288K)] 658490K->647146K(835584K), 0.0452684 secs] [Times: user=0.27 sys=0.00, real=0.04 secs] 
3030.597: [GC (Allocation Failure) [PSYoungGen: 137985K->58080K(180224K)] 720140K->697162K(875520K), 0.0422328 secs] [Times: user=0.19 sys=0.06, real=0.04 secs] 
3030.640: [Full GC (Ergonomics) [PSYoungGen: 58080K->0K(180224K)] [ParOldGen: 639082K->197115K(692224K)] 697162K->197115K(872448K), [Metaspace: 59996K->59996K(1105920K)], 0.4772849 secs] [Times: user=2.24 sys=0.00, real=0.48 secs] 
3031.487: [GC (Allocation Failure) [PSYoungGen: 86607K->96224K(183296K)] 283723K->296627K(875520K), 0.0168657 secs] [Times: user=0.10 sys=0.00, real=0.02 secs] 
3032.105: [GC (Allocation Failure) [PSYoungGen: 183264K->2048K(215040K)] 383667K->263599K(907264K), 0.0295750 secs] [Times: user=0.17 sys=0.01, real=0.03 secs] 
3032.393: [GC (Allocation Failure) [PSYoungGen: 103936K->59712K(215552K)] 365487K->322633K(907776K), 0.0250841 secs] [Times: user=0.14 sys=0.00, real=0.02 secs] 
3033.445: [GC (Allocation Failure) [PSYoungGen: 161600K->79968K(225280K)] 424521K->393814K(917504K), 0.1049664 secs] [Times: user=0.52 sys=0.11, real=0.10 secs] 
3034.604: [GC (Allocation Failure) [PSYoungGen: 191584K->89408K(232960K)] 505430K->475062K(925184K), 0.1209057 secs] [Times: user=0.71 sys=0.00, real=0.12 secs] 
3037.316: [GC (Allocation Failure) [PSYoungGen: 201024K->26144K(251392K)] 586678K->501310K(943616K), 0.0449214 secs] [Times: user=0.24 sys=0.00, real=0.04 secs] 
3038.343: [GC (Allocation Failure) [PSYoungGen: 156192K->64384K(256000K)] 631358K->565366K(948224K), 0.0570011 secs] [Times: user=0.33 sys=0.00, real=0.05 secs] 
3038.584: [GC (Allocation Failure) [PSYoungGen: 194432K->111776K(259584K)] 695414K->671433K(951808K), 0.0419297 secs] [Times: user=0.22 sys=0.03, real=0.04 secs] 
3039.551: [GC (Allocation Failure) [PSYoungGen: 246944K->85472K(275456K)] 806601K->740609K(967680K), 0.0532019 secs] [Times: user=0.32 sys=0.00, real=0.06 secs] 
3039.604: [Full GC (Ergonomics) [PSYoungGen: 85472K->0K(275456K)] [ParOldGen: 655137K->252918K(843264K)] 740609K->252918K(1118720K), [Metaspace: 60007K->60007K(1105920K)], 0.5729078 secs] [Times: user=2.54 sys=0.00, real=0.57 secs] 
3040.940: [GC (Allocation Failure) [PSYoungGen: 135168K->35296K(285696K)] 388086K->288214K(1128960K), 0.0244599 secs] [Times: user=0.13 sys=0.00, real=0.03 secs] 
3043.154: [GC (Allocation Failure) [PSYoungGen: 189920K->112256K(293376K)] 442838K->396756K(1136640K), 0.0621476 secs] [Times: user=0.37 sys=0.00, real=0.06 secs] 
3046.868: [GC (Allocation Failure) [PSYoungGen: 263475K->140288K(306176K)] 547976K->528900K(1149440K), 0.0713802 secs] [Times: user=0.37 sys=0.05, real=0.07 secs] 
3047.183: [GC (Allocation Failure) [PSYoungGen: 295424K->44032K(326656K)] 684036K->535716K(1169920K), 0.0443689 secs] [Times: user=0.26 sys=0.00, real=0.04 secs] 
3047.451: [GC (Allocation Failure) [PSYoungGen: 199168K->113376K(335360K)] 690852K->645765K(1178624K), 0.0576161 secs] [Times: user=0.30 sys=0.01, real=0.06 secs] 
3051.705: [GC (Allocation Failure) [PSYoungGen: 283360K->93408K(343040K)] 815749K->730429K(1186304K), 0.0564970 secs] [Times: user=0.33 sys=0.00, real=0.05 secs] 
3054.966: [GC (Allocation Failure) [PSYoungGen: 263392K->66944K(346112K)] 900413K->797485K(1189376K), 0.0926997 secs] [Times: user=0.41 sys=0.14, real=0.09 secs] 
3055.058: [Full GC (Ergonomics) [PSYoungGen: 66944K->0K(346112K)] [ParOldGen: 730541K->82583K(744448K)] 797485K->82583K(1090560K), [Metaspace: 60026K->60026K(1105920K)], 0.2004729 secs] [Times: user=0.92 sys=0.00, real=0.20 secs] 
3055.459: [GC (Allocation Failure) [PSYoungGen: 194048K->145664K(356352K)] 276631K->228247K(1100800K), 0.0321542 secs] [Times: user=0.18 sys=0.00, real=0.03 secs] 
3056.988: [GC (Allocation Failure) [PSYoungGen: 339712K->61152K(390656K)] 422295K->289367K(1135104K), 0.1506189 secs] [Times: user=0.90 sys=0.00, real=0.15 secs] 
3058.583: [GC (Allocation Failure) [PSYoungGen: 274491K->156608K(396800K)] 502706K->442160K(1141248K), 0.0564492 secs] [Times: user=0.34 sys=0.00, real=0.05 secs] 
3061.324: [GC (Allocation Failure) [PSYoungGen: 379840K->86560K(428032K)] 665392K->520624K(1172480K), 0.1652890 secs] [Times: user=0.89 sys=0.10, real=0.16 secs] 
3062.385: [GC (Allocation Failure) [PSYoungGen: 342048K->182752K(438272K)] 776112K->702249K(1182720K), 0.0502209 secs] [Times: user=0.30 sys=0.00, real=0.05 secs] 
3064.433: [GC (Allocation Failure) [PSYoungGen: 438240K->101760K(471552K)] 957737K->804085K(1216000K), 0.1272739 secs] [Times: user=0.74 sys=0.01, real=0.12 secs] 
3064.560: [Full GC (Ergonomics) [PSYoungGen: 101760K->0K(471552K)] [ParOldGen: 702325K->82246K(848896K)] 804085K->82246K(1320448K), [Metaspace: 60030K->60030K(1105920K)], 0.1885092 secs] [Times: user=0.85 sys=0.01, real=0.19 secs] 
3066.683: [GC (Allocation Failure) [PSYoungGen: 238592K->173856K(465920K)] 320838K->256102K(1314816K), 0.0706627 secs] [Times: user=0.42 sys=0.00, real=0.08 secs] 
3068.876: [GC (Allocation Failure) [PSYoungGen: 412448K->94752K(468480K)] 494694K->350814K(1317376K), 0.0914373 secs] [Times: user=0.54 sys=0.00, real=0.09 secs] 
3070.116: [GC (Allocation Failure) [PSYoungGen: 330272K->153952K(465920K)] 586334K->497699K(1314816K), 0.0621765 secs] [Times: user=0.37 sys=0.00, real=0.06 secs] 
3071.492: [GC (Allocation Failure) [PSYoungGen: 389472K->108480K(452608K)] 733219K->606243K(1301504K), 0.0727820 secs] [Times: user=0.43 sys=0.00, real=0.08 secs] 
3074.033: [GC (Allocation Failure) [PSYoungGen: 344000K->139104K(459264K)] 841763K->735300K(1308160K), 0.0611472 secs] [Times: user=0.36 sys=0.00, real=0.07 secs] 
3075.270: [GC (Allocation Failure) [PSYoungGen: 374624K->148640K(473600K)] 970820K->884148K(1322496K), 0.0710552 secs] [Times: user=0.35 sys=0.06, real=0.07 secs] 
3075.341: [Full GC (Ergonomics) [PSYoungGen: 148640K->0K(473600K)] [ParOldGen: 735508K->156014K(987648K)] 884148K->156014K(1461248K), [Metaspace: 60039K->60039K(1105920K)], 0.3602934 secs] [Times: user=1.66 sys=0.00, real=0.36 secs] 
3077.928: [GC (Allocation Failure) [PSYoungGen: 251392K->112480K(364032K)] 407406K->268494K(1351680K), 0.0493725 secs] [Times: user=0.29 sys=0.01, real=0.05 secs] 
3079.773: [GC (Allocation Failure) [PSYoungGen: 363872K->172000K(457216K)] 519886K->439475K(1444864K), 0.0615743 secs] [Times: user=0.34 sys=0.02, real=0.07 secs] 
3083.947: [GC (Allocation Failure) [PSYoungGen: 414688K->102784K(467456K)] 682163K->533011K(1455104K), 0.1702725 secs] [Times: user=1.02 sys=0.00, real=0.17 secs] 
3084.719: [GC (Allocation Failure) [PSYoungGen: 345472K->175328K(460288K)] 775699K->704464K(1447936K), 0.0541125 secs] [Times: user=0.32 sys=0.00, real=0.06 secs] 
3087.147: [GC (Allocation Failure) [PSYoungGen: 417504K->94336K(470528K)] 946640K->798448K(1458176K), 0.1291265 secs] [Times: user=0.77 sys=0.00, real=0.13 secs] 
3089.875: [GC (Allocation Failure) [PSYoungGen: 336512K->177024K(456704K)] 1040624K->969580K(1444352K), 0.1344843 secs] [Times: user=0.73 sys=0.06, real=0.13 secs] 
3090.009: [Full GC (Ergonomics) [PSYoungGen: 177024K->0K(456704K)] [ParOldGen: 792556K->243949K(1136640K)] 969580K->243949K(1593344K), [Metaspace: 60058K->60058K(1105920K)], 0.6064575 secs] [Times: user=2.90 sys=0.00, real=0.61 secs] 
3094.148: [GC (Allocation Failure) [PSYoungGen: 232960K->77536K(465920K)] 476909K->321485K(1602560K), 0.0311244 secs] [Times: user=0.17 sys=0.00, real=0.03 secs] 
3094.598: [GC (Allocation Failure) [PSYoungGen: 308765K->210240K(464896K)] 552715K->525504K(1601536K), 0.0579963 secs] [Times: user=0.33 sys=0.02, real=0.06 secs] 
3096.303: [GC (Allocation Failure) [PSYoungGen: 443200K->89152K(465920K)] 758464K->581112K(1602560K), 0.0757576 secs] [Times: user=0.45 sys=0.00, real=0.07 secs] 
3100.000: [GC (Allocation Failure) [PSYoungGen: 322112K->154272K(465920K)] 814072K->729375K(1602560K), 0.0596543 secs] [Times: user=0.35 sys=0.00, real=0.06 secs] 
3102.432: [GC (Allocation Failure) [PSYoungGen: 387232K->97536K(465920K)] 962335K->827136K(1602560K), 0.0855942 secs] [Times: user=0.51 sys=0.00, real=0.09 secs] 
3103.643: [GC (Allocation Failure) [PSYoungGen: 330496K->151040K(465920K)] 1060096K->967396K(1602560K), 0.0658520 secs] [Times: user=0.35 sys=0.04, real=0.06 secs] 
3105.167: [GC (Allocation Failure) [PSYoungGen: 384000K->120480K(353792K)] 1200356K->1087756K(1490432K), 0.1649902 secs] [Times: user=0.80 sys=0.14, real=0.16 secs] 
3105.332: [Full GC (Ergonomics) [PSYoungGen: 120480K->0K(353792K)] [ParOldGen: 967276K->136610K(1079808K)] 1087756K->136610K(1433600K), [Metaspace: 60077K->60077K(1105920K)], 0.3256822 secs] [Times: user=1.51 sys=0.00, real=0.33 secs] 
3107.486: [GC (Allocation Failure) [PSYoungGen: 232960K->127200K(470528K)] 369570K->263810K(1550336K), 0.0451653 secs] [Times: user=0.27 sys=0.00, real=0.04 secs] 
3109.276: [GC (Allocation Failure) [PSYoungGen: 369376K->149824K(461312K)] 505986K->413458K(1541120K), 0.0669682 secs] [Times: user=0.39 sys=0.00, real=0.06 secs] 
3110.843: [GC (Allocation Failure) [PSYoungGen: 392000K->5088K(455680K)] 655634K->268782K(1535488K), 0.0024793 secs] [Times: user=0.01 sys=0.00, real=0.00 secs] 
3112.642: [GC (Allocation Failure) [PSYoungGen: 243168K->167104K(405504K)] 506862K->434991K(1485312K), 0.0996400 secs] [Times: user=0.59 sys=0.00, real=0.10 secs] 
3115.830: [GC (Allocation Failure) [PSYoungGen: 405184K->91296K(467456K)] 673071K->518167K(1547264K), 0.1051048 secs] [Times: user=0.62 sys=0.00, real=0.11 secs] 
3117.217: [GC (Allocation Failure) [PSYoungGen: 324218K->170176K(465920K)] 751089K->685328K(1545728K), 0.0499766 secs] [Times: user=0.29 sys=0.00, real=0.05 secs] 
3118.857: [GC (Allocation Failure) [PSYoungGen: 404672K->97344K(466432K)] 919824K->774048K(1546240K), 0.1403443 secs] [Times: user=0.83 sys=0.00, real=0.14 secs] 
3120.719: [GC (Allocation Failure) [PSYoungGen: 331328K->169760K(465920K)] 1008032K->940769K(1545728K), 0.1266521 secs] [Times: user=0.76 sys=0.00, real=0.13 secs] 
3122.990: [GC (Allocation Failure) [PSYoungGen: 403744K->87968K(465920K)] 1174753K->1028473K(1545728K), 0.1543190 secs] [Times: user=0.91 sys=0.00, real=0.16 secs] 
3123.144: [Full GC (Ergonomics) [PSYoungGen: 87968K->0K(465920K)] [ParOldGen: 940505K->65338K(1067520K)] 1028473K->65338K(1533440K), [Metaspace: 60090K->60090K(1105920K)], 0.1773937 secs] [Times: user=0.80 sys=0.00, real=0.17 secs] 
3123.568: [GC (Allocation Failure) [PSYoungGen: 232960K->171616K(465920K)] 298298K->236954K(1533440K), 0.0341946 secs] [Times: user=0.20 sys=0.00, real=0.03 secs] 
3125.246: [GC (Allocation Failure) [PSYoungGen: 404576K->89440K(465920K)] 469914K->326206K(1533440K), 0.1076599 secs] [Times: user=0.64 sys=0.00, real=0.11 secs] 
3127.821: [GC (Allocation Failure) [PSYoungGen: 322400K->167136K(465920K)] 559166K->487903K(1533440K), 0.1520202 secs] [Times: user=0.91 sys=0.00, real=0.15 secs] 
3129.677: [GC (Allocation Failure) [PSYoungGen: 400096K->87104K(465920K)] 720863K->575231K(1533440K), 0.0970770 secs] [Times: user=0.58 sys=0.01, real=0.10 secs] 
3130.491: [GC (Allocation Failure) [PSYoungGen: 318350K->201760K(465920K)] 806477K->770636K(1533440K), 0.0616041 secs] [Times: user=0.37 sys=0.00, real=0.06 secs] 
3132.138: [GC (Allocation Failure) [PSYoungGen: 433540K->92768K(465920K)] 1002416K->828412K(1533440K), 0.0901210 secs] [Times: user=0.54 sys=0.00, real=0.09 secs] 
3135.469: [GC (Allocation Failure) [PSYoungGen: 325728K->150752K(465920K)] 1061372K->972929K(1533440K), 0.0602257 secs] [Times: user=0.36 sys=0.00, real=0.06 secs] 
3135.529: [Full GC (Ergonomics) [PSYoungGen: 150752K->0K(465920K)] [ParOldGen: 822177K->252501K(1311744K)] 972929K->252501K(1777664K), [Metaspace: 60094K->60094K(1105920K)], 0.5352770 secs] [Times: user=2.37 sys=0.00, real=0.54 secs] 
3137.442: [GC (Allocation Failure) [PSYoungGen: 225863K->93824K(465920K)] 478365K->346325K(1777664K), 0.0275140 secs] [Times: user=0.16 sys=0.00, real=0.03 secs] 
3138.656: [GC (Allocation Failure) [PSYoungGen: 326784K->151200K(465920K)] 579285K->490281K(1777664K), 0.0597457 secs] [Times: user=0.36 sys=0.00, real=0.06 secs] 
3139.571: [GC (Allocation Failure) [PSYoungGen: 384160K->115328K(458752K)] 723241K->605489K(1770496K), 0.1080856 secs] [Times: user=0.64 sys=0.00, real=0.11 secs] 
3141.793: [GC (Allocation Failure) [PSYoungGen: 348288K->132128K(462336K)] 838449K->727560K(1774080K), 0.0612355 secs] [Times: user=0.37 sys=0.00, real=0.07 secs] 
3142.823: [GC (Allocation Failure) [PSYoungGen: 365088K->132032K(459264K)] 960520K->859696K(1771008K), 0.0577310 secs] [Times: user=0.34 sys=0.00, real=0.05 secs] 
3144.164: [GC (Allocation Failure) [PSYoungGen: 380864K->3680K(461824K)] 1108528K->731488K(1773568K), 0.0032495 secs] [Times: user=0.02 sys=0.00, real=0.00 secs] 
3146.147: [GC (Allocation Failure) [PSYoungGen: 252512K->196768K(458752K)] 980320K->927049K(1770496K), 0.0504964 secs] [Times: user=0.29 sys=0.00, real=0.05 secs] 
3148.610: [GC (Allocation Failure) [PSYoungGen: 429728K->93824K(465920K)] 1160009K->988189K(1777664K), 0.1809542 secs] [Times: user=1.08 sys=0.01, real=0.18 secs] 
3150.990: [GC (Allocation Failure) [PSYoungGen: 326784K->173536K(465920K)] 1221149K->1158298K(1777664K), 0.0514665 secs] [Times: user=0.30 sys=0.00, real=0.05 secs] 
3152.753: [GC (Allocation Failure) [PSYoungGen: 406496K->97536K(465920K)] 1391258K->1238698K(1777664K), 0.1965625 secs] [Times: user=0.91 sys=0.21, real=0.20 secs] 
3152.949: [Full GC (Ergonomics) [PSYoungGen: 97536K->0K(465920K)] [ParOldGen: 1141162K->49193K(1156096K)] 1238698K->49193K(1622016K), [Metaspace: 60100K->60100K(1105920K)], 0.1284726 secs] [Times: user=0.56 sys=0.00, real=0.13 secs] 
3153.619: [GC (Allocation Failure) [PSYoungGen: 232960K->169056K(465920K)] 282153K->218249K(1622016K), 0.0355636 secs] [Times: user=0.21 sys=0.01, real=0.04 secs] 
3156.145: [GC (Allocation Failure) [PSYoungGen: 401041K->88864K(465920K)] 450235K->307005K(1622016K), 0.1538327 secs] [Times: user=0.91 sys=0.00, real=0.15 secs] 
3156.575: [GC (Allocation Failure) [PSYoungGen: 321824K->173280K(465920K)] 539965K->476238K(1622016K), 0.0566986 secs] [Times: user=0.34 sys=0.00, real=0.05 secs] 
3159.383: [GC (Allocation Failure) [PSYoungGen: 406240K->83680K(465920K)] 709198K->559982K(1622016K), 0.1297841 secs] [Times: user=0.78 sys=0.00, real=0.13 secs] 
3161.026: [GC (Allocation Failure) [PSYoungGen: 316640K->170272K(465920K)] 792942K->724510K(1622016K), 0.1565746 secs] [Times: user=0.94 sys=0.00, real=0.15 secs] 
3163.246: [GC (Allocation Failure) [PSYoungGen: 403232K->91296K(465920K)] 957470K->815863K(1622016K), 0.1070527 secs] [Times: user=0.63 sys=0.00, real=0.11 secs] 
3164.475: [GC (Allocation Failure) [PSYoungGen: 322482K->201952K(465920K)] 1047049K->1011190K(1622016K), 0.0686982 secs] [Times: user=0.41 sys=0.00, real=0.07 secs] 
3166.145: [GC (Allocation Failure) [PSYoungGen: 429714K->93440K(465920K)] 1238952K->1067174K(1622016K), 0.0934865 secs] [Times: user=0.55 sys=0.00, real=0.09 secs] 
3166.238: [Full GC (Ergonomics) [PSYoungGen: 93440K->0K(465920K)] [ParOldGen: 973734K->109539K(1271296K)] 1067174K->109539K(1737216K), [Metaspace: 60115K->60115K(1105920K)], 0.2490603 secs] [Times: user=1.14 sys=0.00, real=0.25 secs] 
3167.560: [GC (Allocation Failure) [PSYoungGen: 232960K->152480K(465920K)] 342499K->262019K(1737216K), 0.0430058 secs] [Times: user=0.26 sys=0.00, real=0.05 secs] 
3169.164: [GC (Allocation Failure) [PSYoungGen: 385440K->107168K(465920K)] 494979K->367955K(1737216K), 0.0745567 secs] [Times: user=0.44 sys=0.00, real=0.07 secs] 
3171.995: [GC (Allocation Failure) [PSYoungGen: 340128K->140448K(465920K)] 600915K->498332K(1737216K), 0.0607744 secs] [Times: user=0.36 sys=0.00, real=0.06 secs] 
3174.026: [GC (Allocation Failure) [PSYoungGen: 373408K->129280K(362496K)] 731292K->627404K(1633792K), 0.0610809 secs] [Times: user=0.36 sys=0.00, real=0.06 secs] 
3176.541: [GC (Allocation Failure) [PSYoungGen: 362240K->126432K(465920K)] 860364K->735643K(1737216K), 0.0619210 secs] [Times: user=0.37 sys=0.00, real=0.07 secs] 
3178.219: [GC (Allocation Failure) [PSYoungGen: 368096K->146528K(457216K)] 977307K->882355K(1728512K), 0.0581395 secs] [Times: user=0.34 sys=0.00, real=0.06 secs] 
3180.333: [GC (Allocation Failure) [PSYoungGen: 388192K->5632K(458752K)] 1124019K->741475K(1730048K), 0.0041167 secs] [Times: user=0.01 sys=0.01, real=0.01 secs] 
3181.793: [GC (Allocation Failure) [PSYoungGen: 251392K->169184K(415232K)] 987235K->909216K(1686528K), 0.0343194 secs] [Times: user=0.19 sys=0.00, real=0.03 secs] 
3185.482: [GC (Allocation Failure) [PSYoungGen: 414944K->101920K(472064K)] 1154976K->1002512K(1743360K), 0.1392318 secs] [Times: user=0.82 sys=0.00, real=0.14 secs] 
3186.018: [GC (Allocation Failure) [PSYoungGen: 341024K->173888K(465920K)] 1241616K->1173001K(1737216K), 0.0539231 secs] [Times: user=0.32 sys=0.01, real=0.05 secs] 
3188.384: [GC (Allocation Failure) [PSYoungGen: 412992K->93664K(468480K)] 1412105K->1266001K(1739776K), 0.1251361 secs] [Times: user=0.74 sys=0.00, real=0.12 secs] 
3188.509: [Full GC (Ergonomics) [PSYoungGen: 93664K->0K(468480K)] [ParOldGen: 1172337K->69101K(1271808K)] 1266001K->69101K(1740288K), [Metaspace: 60151K->60151K(1105920K)], 0.1587609 secs] [Times: user=0.71 sys=0.00, real=0.16 secs] 
3190.142: [GC (Allocation Failure) [PSYoungGen: 235520K->171744K(465920K)] 304621K->240845K(1737728K), 0.1063644 secs] [Times: user=0.64 sys=0.00, real=0.11 secs] 
3192.461: [GC (Allocation Failure) [PSYoungGen: 407264K->92768K(465920K)] 476365K->333469K(1737728K), 0.1038955 secs] [Times: user=0.62 sys=0.00, real=0.11 secs] 
3193.117: [GC (Allocation Failure) [PSYoungGen: 325728K->204832K(465920K)] 566429K->532058K(1737728K), 0.0580776 secs] [Times: user=0.34 sys=0.00, real=0.06 secs] 
3195.521: [GC (Allocation Failure) [PSYoungGen: 437792K->90272K(465920K)] 765018K->588562K(1737728K), 0.0901079 secs] [Times: user=0.53 sys=0.00, real=0.09 secs] 
3197.414: [GC (Allocation Failure) [PSYoungGen: 323232K->154080K(465920K)] 821522K->736081K(1737728K), 0.0602728 secs] [Times: user=0.36 sys=0.00, real=0.06 secs] 
3198.841: [GC (Allocation Failure) [PSYoungGen: 387040K->99808K(465920K)] 969041K->835713K(1737728K), 0.0835014 secs] [Times: user=0.49 sys=0.00, real=0.09 secs] 
3200.118: [GC (Allocation Failure) [PSYoungGen: 332768K->148672K(465920K)] 1068673K->973494K(1737728K), 0.0607237 secs] [Times: user=0.36 sys=0.00, real=0.06 secs] 
3201.896: [GC (Allocation Failure) [PSYoungGen: 381632K->117120K(453632K)] 1206454K->1090510K(1725440K), 0.0712078 secs] [Times: user=0.42 sys=0.00, real=0.07 secs] 
3203.268: [GC (Allocation Failure) [PSYoungGen: 350080K->131008K(459776K)] 1323470K->1210850K(1731584K), 0.0621903 secs] [Times: user=0.38 sys=0.00, real=0.06 secs] 
3203.330: [Full GC (Ergonomics) [PSYoungGen: 131008K->0K(459776K)] [ParOldGen: 1079842K->252650K(1398272K)] 1210850K->252650K(1858048K), [Metaspace: 60155K->60155K(1105920K)], 0.5431643 secs] [Times: user=2.41 sys=0.00, real=0.55 secs] 
3204.481: [GC (Allocation Failure) [PSYoungGen: 232960K->139776K(464384K)] 485610K->392426K(1862656K), 0.0279057 secs] [Times: user=0.15 sys=0.01, real=0.03 secs] 
3206.350: [GC (Allocation Failure) [PSYoungGen: 393728K->8128K(466944K)] 646378K->260822K(1865216K), 0.0035099 secs] [Times: user=0.02 sys=0.00, real=0.01 secs] 
3208.824: [GC (Allocation Failure) [PSYoungGen: 262080K->173792K(458752K)] 514774K->432566K(1857024K), 0.0349491 secs] [Times: user=0.20 sys=0.00, real=0.03 secs] 
3210.383: [GC (Allocation Failure) [PSYoungGen: 406752K->101920K(465920K)] 665526K->525498K(1864192K), 0.1512297 secs] [Times: user=0.89 sys=0.01, real=0.15 secs] 
3210.881: [GC (Allocation Failure) [PSYoungGen: 334880K->169920K(460800K)] 758458K->692027K(1859072K), 0.0525090 secs] [Times: user=0.31 sys=0.01, real=0.06 secs] 
3214.048: [GC (Allocation Failure) [PSYoungGen: 402880K->85280K(465920K)] 924987K->776875K(1864192K), 0.1553847 secs] [Times: user=0.93 sys=0.00, real=0.16 secs] 
3214.469: [GC (Allocation Failure) [PSYoungGen: 318240K->168640K(464384K)] 1009835K->941532K(1862656K), 0.0554706 secs] [Times: user=0.33 sys=0.00, real=0.06 secs] 
3216.949: [GC (Allocation Failure) [PSYoungGen: 401600K->94112K(465920K)] 1174492K->1034952K(1864192K), 0.1184323 secs] [Times: user=0.71 sys=0.00, real=0.12 secs] 
3218.162: [GC (Allocation Failure) [PSYoungGen: 327072K->172128K(465408K)] 1267912K->1201549K(1863680K), 0.1237581 secs] [Times: user=0.74 sys=0.01, real=0.13 secs] 
3220.573: [GC (Allocation Failure) [PSYoungGen: 405088K->87712K(465920K)] 1434509K->1289549K(1864192K), 0.1114993 secs] [Times: user=0.64 sys=0.02, real=0.12 secs] 
3220.684: [Full GC (Ergonomics) [PSYoungGen: 87712K->0K(465920K)] [ParOldGen: 1201837K->98741K(1398272K)] 1289549K->98741K(1864192K), [Metaspace: 60161K->60161K(1105920K)], 0.2239185 secs] [Times: user=1.02 sys=0.00, real=0.22 secs] 
3222.333: [GC (Allocation Failure) [PSYoungGen: 230338K->198304K(465920K)] 329079K->297045K(1864192K), 0.0482262 secs] [Times: user=0.29 sys=0.00, real=0.04 secs] 
3224.044: [GC (Allocation Failure) [PSYoungGen: 431264K->93312K(465920K)] 530005K->353749K(1864192K), 0.0852077 secs] [Times: user=0.50 sys=0.00, real=0.08 secs] 
3225.272: [GC (Allocation Failure) [PSYoungGen: 326272K->151072K(465920K)] 586709K->498073K(1864192K), 0.0597013 secs] [Times: user=0.35 sys=0.00, real=0.06 secs] 
3226.674: [GC (Allocation Failure) [PSYoungGen: 384032K->110624K(465920K)] 731033K->608513K(1864192K), 0.0713978 secs] [Times: user=0.42 sys=0.00, real=0.07 secs] 
3227.902: [GC (Allocation Failure) [PSYoungGen: 343584K->138176K(455680K)] 841473K->736210K(1853952K), 0.0612484 secs] [Times: user=0.37 sys=0.00, real=0.07 secs] 
3229.190: [GC (Allocation Failure) [PSYoungGen: 371136K->130208K(460800K)] 969170K->865842K(1859072K), 0.0773027 secs] [Times: user=0.46 sys=0.00, real=0.08 secs] 
3231.968: [GC (Allocation Failure) [PSYoungGen: 363168K->117600K(460800K)] 1098802K->973017K(1859072K), 0.0655147 secs] [Times: user=0.36 sys=0.00, real=0.07 secs] 
3233.831: [GC (Allocation Failure) [PSYoungGen: 370016K->161408K(463872K)] 1225433K->1134417K(1862144K), 0.0577360 secs] [Times: user=0.34 sys=0.00, real=0.06 secs] 
3236.048: [GC (Allocation Failure) [PSYoungGen: 413824K->22976K(462848K)] 1386833K->996057K(1861120K), 0.0189406 secs] [Times: user=0.10 sys=0.00, real=0.02 secs] 
3237.434: [GC (Allocation Failure) [PSYoungGen: 270272K->175904K(423424K)] 1243353K->1169458K(1821696K), 0.0419155 secs] [Times: user=0.25 sys=0.00, real=0.04 secs] 
3239.773: [GC (Allocation Failure) [PSYoungGen: 423200K->95200K(468992K)] 1416754K->1264622K(1867264K), 0.1473287 secs] [Times: user=0.86 sys=0.01, real=0.15 secs] 
3239.920: [Full GC (Ergonomics) [PSYoungGen: 95200K->0K(468992K)] [ParOldGen: 1169422K->69725K(1398272K)] 1264622K->69725K(1867264K), [Metaspace: 60162K->60162K(1105920K)], 0.1726573 secs] [Times: user=0.80 sys=0.00, real=0.17 secs] 
3240.736: [GC (Allocation Failure) [PSYoungGen: 236032K->174272K(465920K)] 305757K->243997K(1864192K), 0.0927440 secs] [Times: user=0.55 sys=0.00, real=0.09 secs] 
3242.868: [GC (Allocation Failure) [PSYoungGen: 410304K->90400K(465920K)] 480029K->334237K(1864192K), 0.1142468 secs] [Times: user=0.68 sys=0.00, real=0.11 secs] 
3244.331: [GC (Allocation Failure) [PSYoungGen: 323360K->170976K(465920K)] 567197K->498902K(1864192K), 0.1487463 secs] [Times: user=0.88 sys=0.00, real=0.15 secs] 
3246.051: [GC (Allocation Failure) [PSYoungGen: 403936K->93184K(465920K)] 731862K->591886K(1864192K), 0.0934084 secs] [Times: user=0.56 sys=0.00, real=0.10 secs] 
3247.783: [GC (Allocation Failure) [PSYoungGen: 326144K->152032K(465920K)] 824846K->737637K(1864192K), 0.0609954 secs] [Times: user=0.36 sys=0.01, real=0.06 secs] 
3249.467: [GC (Allocation Failure) [PSYoungGen: 384992K->105472K(454656K)] 970597K->842397K(1852928K), 0.0737320 secs] [Times: user=0.44 sys=0.00, real=0.07 secs] 
3250.967: [GC (Allocation Failure) [PSYoungGen: 338432K->142848K(460288K)] 1075357K->974802K(1858560K), 0.0609751 secs] [Times: user=0.36 sys=0.00, real=0.06 secs] 
3253.491: [GC (Allocation Failure) [PSYoungGen: 375808K->117280K(454656K)] 1207762K->1091850K(1852928K), 0.0711076 secs] [Times: user=0.42 sys=0.00, real=0.07 secs] 
3254.765: [GC (Allocation Failure) [PSYoungGen: 365600K->512K(463872K)] 1340170K->975154K(1862144K), 0.0019692 secs] [Times: user=0.01 sys=0.00, real=0.00 secs] 
3256.512: [GC (Allocation Failure) [PSYoungGen: 248832K->159200K(461312K)] 1223474K->1133850K(1859584K), 0.0315171 secs] [Times: user=0.18 sys=0.00, real=0.04 secs] 
3259.019: [GC (Allocation Failure) [PSYoungGen: 392160K->11840K(465920K)] 1366810K->986530K(1864192K), 0.0049474 secs] [Times: user=0.02 sys=0.00, real=0.01 secs] 
3260.828: [GC (Allocation Failure) [PSYoungGen: 244800K->161920K(465920K)] 1219490K->1146135K(1864192K), 0.0346633 secs] [Times: user=0.20 sys=0.00, real=0.04 secs] 
3262.988: [GC (Allocation Failure) [PSYoungGen: 394880K->95968K(465920K)] 1379095K->1232599K(1864192K), 0.1256359 secs] [Times: user=0.74 sys=0.01, real=0.13 secs] 
3265.207: [GC (Allocation Failure) [PSYoungGen: 328928K->165888K(465920K)] 1465559K->1395548K(1864192K), 0.0529461 secs] [Times: user=0.30 sys=0.01, real=0.05 secs] 
3265.260: [Full GC (Ergonomics) [PSYoungGen: 165888K->0K(465920K)] [ParOldGen: 1229660K->198546K(1398272K)] 1395548K->198546K(1864192K), [Metaspace: 60181K->60181K(1105920K)], 0.4776610 secs] [Times: user=2.23 sys=0.00, real=0.48 secs] 
3267.048: [GC (Allocation Failure) [PSYoungGen: 232960K->97568K(465920K)] 431506K->296114K(1864192K), 0.0568093 secs] [Times: user=0.33 sys=0.00, real=0.06 secs] 
3267.795: [GC (Allocation Failure) [PSYoungGen: 330528K->169536K(465920K)] 529074K->461923K(1864192K), 0.0504010 secs] [Times: user=0.30 sys=0.00, real=0.05 secs] 
3270.359: [GC (Allocation Failure) [PSYoungGen: 399549K->88096K(465920K)] 691937K->549571K(1864192K), 0.1600748 secs] [Times: user=0.95 sys=0.00, real=0.16 secs] 
3270.806: [GC (Allocation Failure) [PSYoungGen: 321056K->171232K(465920K)] 782531K->717236K(1864192K), 0.0565811 secs] [Times: user=0.34 sys=0.00, real=0.05 secs] 
3273.817: [GC (Allocation Failure) [PSYoungGen: 404192K->85728K(465920K)] 950196K->802632K(1864192K), 0.1215465 secs] [Times: user=0.72 sys=0.00, real=0.12 secs] 
3274.197: [GC (Allocation Failure) [PSYoungGen: 318688K->176448K(465920K)] 1035592K->973231K(1864192K), 0.0578248 secs] [Times: user=0.35 sys=0.00, real=0.06 secs] 
3276.659: [GC (Allocation Failure) [PSYoungGen: 409408K->90208K(465920K)] 1206191K->1063407K(1864192K), 0.1050871 secs] [Times: user=0.63 sys=0.00, real=0.11 secs] 
3277.901: [GC (Allocation Failure) [PSYoungGen: 323168K->159360K(465920K)] 1296367K->1216236K(1864192K), 0.0628054 secs] [Times: user=0.37 sys=0.01, real=0.07 secs] 
3279.648: [GC (Allocation Failure) [PSYoungGen: 392320K->99488K(465920K)] 1449196K->1315716K(1864192K), 0.0828937 secs] [Times: user=0.49 sys=0.00, real=0.08 secs] 
3279.731: [Full GC (Ergonomics) [PSYoungGen: 99488K->0K(465920K)] [ParOldGen: 1216228K->116151K(1398272K)] 1315716K->116151K(1864192K), [Metaspace: 60185K->60185K(1105920K)], 0.2581886 secs] [Times: user=1.17 sys=0.01, real=0.26 secs] 
3281.067: [GC (Allocation Failure) [PSYoungGen: 232960K->148544K(465920K)] 349111K->264695K(1864192K), 0.0533637 secs] [Times: user=0.31 sys=0.00, real=0.05 secs] 
3283.028: [GC (Allocation Failure) [PSYoungGen: 381504K->117440K(350720K)] 497655K->382075K(1748992K), 0.0814579 secs] [Times: user=0.49 sys=0.00, real=0.08 secs] 
3284.252: [GC (Allocation Failure) [PSYoungGen: 350400K->131072K(465408K)] 615035K->502608K(1863680K), 0.0614509 secs] [Times: user=0.37 sys=0.00, real=0.07 secs] 
3285.362: [GC (Allocation Failure) [PSYoungGen: 371712K->145152K(457728K)] 743248K->647936K(1856000K), 0.0589924 secs] [Times: user=0.35 sys=0.00, real=0.06 secs] 
3287.433: [GC (Allocation Failure) [PSYoungGen: 385792K->5792K(459776K)] 888576K->508652K(1858048K), 0.0032669 secs] [Times: user=0.02 sys=0.00, real=0.01 secs] 
3288.440: [GC (Allocation Failure) [PSYoungGen: 250016K->174560K(418816K)] 752876K->682013K(1817088K), 0.0354794 secs] [Times: user=0.21 sys=0.00, real=0.04 secs] 
3290.534: [GC (Allocation Failure) [PSYoungGen: 418784K->101824K(468992K)] 926237K->775081K(1867264K), 0.1360608 secs] [Times: user=0.81 sys=0.00, real=0.13 secs] 
3291.596: [GC (Allocation Failure) [PSYoungGen: 337856K->170304K(465920K)] 1011113K->942362K(1864192K), 0.1447362 secs] [Times: user=0.86 sys=0.00, real=0.14 secs] 
3293.923: [GC (Allocation Failure) [PSYoungGen: 406336K->89888K(466944K)] 1178394K->1032338K(1865216K), 0.1401773 secs] [Times: user=0.83 sys=0.00, real=0.15 secs] 
3294.335: [GC (Allocation Failure) [PSYoungGen: 323872K->196000K(465920K)] 1266322K->1222234K(1864192K), 0.0584212 secs] [Times: user=0.35 sys=0.00, real=0.06 secs] 
3297.967: [GC (Allocation Failure) [PSYoungGen: 429984K->79840K(465920K)] 1456218K->1285914K(1864192K), 0.1240046 secs] [Times: user=0.74 sys=0.00, real=0.12 secs] 
3298.091: [Full GC (Ergonomics) [PSYoungGen: 79840K->0K(465920K)] [ParOldGen: 1206074K->83864K(1398272K)] 1285914K->83864K(1864192K), [Metaspace: 60185K->60185K(1105920K)], 0.1970627 secs] [Times: user=0.91 sys=0.00, real=0.20 secs] 
3298.624: [GC (Allocation Failure) [PSYoungGen: 232960K->212256K(465920K)] 316824K->296120K(1864192K), 0.0389478 secs] [Times: user=0.22 sys=0.00, real=0.04 secs] 
3300.112: [GC (Allocation Failure) [PSYoungGen: 445216K->93312K(465920K)] 529080K->354848K(1864192K), 0.0931766 secs] [Times: user=0.54 sys=0.01, real=0.10 secs] 
3301.554: [GC (Allocation Failure) [PSYoungGen: 326272K->151520K(465920K)] 587808K->499625K(1864192K), 0.0604047 secs] [Times: user=0.36 sys=0.00, real=0.06 secs] 
3304.106: [GC (Allocation Failure) [PSYoungGen: 384480K->105408K(465920K)] 732585K->604561K(1864192K), 0.0802958 secs] [Times: user=0.48 sys=0.00, real=0.08 secs] 
3305.301: [GC (Allocation Failure) [PSYoungGen: 338368K->143232K(465920K)] 837521K->737454K(1864192K), 0.0608770 secs] [Times: user=0.36 sys=0.00, real=0.06 secs] 
3307.102: [GC (Allocation Failure) [PSYoungGen: 376192K->125440K(459776K)] 970414K->862710K(1858048K), 0.0628893 secs] [Times: user=0.37 sys=0.00, real=0.07 secs] 
3309.642: [GC (Allocation Failure) [PSYoungGen: 358400K->122368K(462848K)] 1095670K->974861K(1861120K), 0.0627333 secs] [Times: user=0.37 sys=0.00, real=0.07 secs] 
3312.131: [GC (Allocation Failure) [PSYoungGen: 355328K->132192K(458240K)] 1207821K->1106829K(1856512K), 0.0570885 secs] [Times: user=0.34 sys=0.00, real=0.06 secs] 
3313.968: [GC (Allocation Failure) [PSYoungGen: 380000K->3456K(460800K)] 1354637K->978181K(1859072K), 0.0031255 secs] [Times: user=0.01 sys=0.00, real=0.00 secs] 
3315.398: [GC (Allocation Failure) [PSYoungGen: 251264K->170784K(459264K)] 1225989K->1147242K(1857536K), 0.0336547 secs] [Times: user=0.20 sys=0.00, real=0.03 secs] 
3317.812: [GC (Allocation Failure) [PSYoungGen: 403744K->97248K(465920K)] 1380202K->1235586K(1864192K), 0.0805952 secs] [Times: user=0.48 sys=0.00, real=0.08 secs] 
3319.052: [GC (Allocation Failure) [PSYoungGen: 326319K->163296K(461312K)] 1464657K->1396271K(1859584K), 0.0514702 secs] [Times: user=0.30 sys=0.00, real=0.06 secs] 
3319.104: [Full GC (Ergonomics) [PSYoungGen: 163296K->0K(461312K)] [ParOldGen: 1232975K->198833K(1398272K)] 1396271K->198833K(1859584K), [Metaspace: 60197K->60197K(1105920K)], 0.4758733 secs] [Times: user=2.23 sys=0.00, real=0.47 secs] 
3320.914: [GC (Allocation Failure) [PSYoungGen: 232960K->97440K(330752K)] 431793K->296281K(1729024K), 0.0661897 secs] [Times: user=0.39 sys=0.00, real=0.06 secs] 
3322.262: [GC (Allocation Failure) [PSYoungGen: 330400K->171200K(459264K)] 529241K->464783K(1857536K), 0.0957188 secs] [Times: user=0.56 sys=0.00, real=0.10 secs] 
3325.532: [GC (Allocation Failure) [PSYoungGen: 403136K->82240K(464896K)] 696719K->547151K(1863168K), 0.1738792 secs] [Times: user=1.03 sys=0.00, real=0.18 secs] 
3326.150: [GC (Allocation Failure) [PSYoungGen: 314176K->173184K(464384K)] 779087K->715952K(1862656K), 0.0546625 secs] [Times: user=0.32 sys=0.00, real=0.06 secs] 
3328.878: [GC (Allocation Failure) [PSYoungGen: 406144K->84640K(465920K)] 948912K->800688K(1864192K), 0.1212259 secs] [Times: user=0.72 sys=0.00, real=0.12 secs] 
3329.428: [GC (Allocation Failure) [PSYoungGen: 317600K->175680K(465920K)] 1033648K->970136K(1864192K), 0.0758134 secs] [Times: user=0.45 sys=0.00, real=0.08 secs] 
3333.805: [GC (Allocation Failure) [PSYoungGen: 408640K->78176K(465920K)] 1203096K->1048568K(1864192K), 0.1138540 secs] [Times: user=0.68 sys=0.00, real=0.11 secs] 
3334.301: [GC (Allocation Failure) [PSYoungGen: 309148K->209504K(465920K)] 1279541K->1251460K(1864192K), 0.0569284 secs] [Times: user=0.34 sys=0.00, real=0.06 secs] 
3336.046: [GC (Allocation Failure) [PSYoungGen: 442464K->91808K(465920K)] 1484420K->1309740K(1864192K), 0.0976355 secs] [Times: user=0.58 sys=0.00, real=0.10 secs] 
3336.144: [Full GC (Ergonomics) [PSYoungGen: 91808K->0K(465920K)] [ParOldGen: 1217932K->106470K(1398272K)] 1309740K->106470K(1864192K), [Metaspace: 60202K->60202K(1105920K)], 0.2822055 secs] [Times: user=1.31 sys=0.00, real=0.28 secs] 
3337.516: [GC (Allocation Failure) [PSYoungGen: 232960K->152736K(465920K)] 339430K->259206K(1864192K), 0.0433389 secs] [Times: user=0.25 sys=0.00, real=0.04 secs] 
3338.758: [GC (Allocation Failure) [PSYoungGen: 385696K->118400K(465920K)] 492166K->377266K(1864192K), 0.0702547 secs] [Times: user=0.41 sys=0.00, real=0.07 secs] 
3341.484: [GC (Allocation Failure) [PSYoungGen: 351360K->137632K(465920K)] 610226K->496193K(1864192K), 0.0605121 secs] [Times: user=0.36 sys=0.00, real=0.06 secs] 
3343.716: [GC (Allocation Failure) [PSYoungGen: 370592K->119584K(352768K)] 729153K->615970K(1751040K), 0.0681811 secs] [Times: user=0.40 sys=0.00, real=0.07 secs] 
3345.469: [GC (Allocation Failure) [PSYoungGen: 352544K->127872K(466944K)] 848930K->733498K(1865216K), 0.0620193 secs] [Times: user=0.37 sys=0.00, real=0.06 secs] 
3346.588: [GC (Allocation Failure) [PSYoungGen: 370048K->145824K(457728K)] 975674K->879394K(1856000K), 0.0587047 secs] [Times: user=0.34 sys=0.01, real=0.06 secs] 
3348.750: [GC (Allocation Failure) [PSYoungGen: 388000K->7328K(458752K)] 1121570K->740938K(1857024K), 0.0043232 secs] [Times: user=0.02 sys=0.00, real=0.01 secs] 
3350.142: [GC (Allocation Failure) [PSYoungGen: 253088K->172224K(418304K)] 986698K->911731K(1816576K), 0.0352683 secs] [Times: user=0.21 sys=0.00, real=0.04 secs] 
3352.348: [GC (Allocation Failure) [PSYoungGen: 417984K->106720K(472064K)] 1157491K->1009695K(1870336K), 0.1683052 secs] [Times: user=1.00 sys=0.00, real=0.17 secs] 
3353.299: [GC (Allocation Failure) [PSYoungGen: 345824K->173984K(465920K)] 1248799K->1179416K(1864192K), 0.0543161 secs] [Times: user=0.32 sys=0.00, real=0.06 secs] 
3355.352: [GC (Allocation Failure) [PSYoungGen: 413088K->96512K(468992K)] 1418520K->1275424K(1867264K), 0.0864435 secs] [Times: user=0.51 sys=0.00, real=0.09 secs] 
3355.439: [Full GC (Ergonomics) [PSYoungGen: 96512K->0K(468992K)] [ParOldGen: 1178912K->79763K(1398272K)] 1275424K->79763K(1867264K), [Metaspace: 60205K->60205K(1105920K)], 0.1747834 secs] [Times: user=0.77 sys=0.00, real=0.18 secs] 
3357.045: [GC (Allocation Failure) [PSYoungGen: 236032K->173440K(465920K)] 315795K->253203K(1864192K), 0.1045846 secs] [Times: user=0.62 sys=0.00, real=0.10 secs] 
3358.900: [GC (Allocation Failure) [PSYoungGen: 409472K->94272K(465920K)] 489235K->347367K(1864192K), 0.0975351 secs] [Times: user=0.58 sys=0.00, real=0.10 secs] 
3360.681: [GC (Allocation Failure) [PSYoungGen: 327232K->155200K(465920K)] 580327K->496564K(1864192K), 0.0623685 secs] [Times: user=0.37 sys=0.00, real=0.07 secs] 
3363.036: [GC (Allocation Failure) [PSYoungGen: 388160K->105536K(452608K)] 729524K->601940K(1850880K), 0.0920032 secs] [Times: user=0.55 sys=0.00, real=0.09 secs] 
3364.338: [GC (Allocation Failure) [PSYoungGen: 338496K->150752K(459264K)] 834900K->733937K(1857536K), 0.0602163 secs] [Times: user=0.36 sys=0.00, real=0.06 secs] 
3365.417: [GC (Allocation Failure) [PSYoungGen: 383712K->115168K(456704K)] 966897K->849177K(1854976K), 0.0644019 secs] [Times: user=0.38 sys=0.00, real=0.06 secs] 
3367.751: [GC (Allocation Failure) [PSYoungGen: 361952K->132672K(464896K)] 1095961K->971198K(1863168K), 0.0614962 secs] [Times: user=0.37 sys=0.00, real=0.07 secs] 
3370.279: [GC (Allocation Failure) [PSYoungGen: 379456K->150912K(480768K)] 1217982K->1122158K(1879040K), 0.0603632 secs] [Times: user=0.35 sys=0.00, real=0.06 secs] 
3372.075: [GC (Allocation Failure) [PSYoungGen: 420736K->27968K(297984K)] 1391982K->999246K(1696256K), 0.0162152 secs] [Times: user=0.09 sys=0.00, real=0.01 secs] 
3373.252: [GC (Allocation Failure) [PSYoungGen: 297792K->212320K(453632K)] 1269070K->1206846K(1851904K), 0.0475894 secs] [Times: user=0.27 sys=0.01, real=0.05 secs] 
3375.806: [GC (Allocation Failure) [PSYoungGen: 445280K->90016K(465920K)] 1439806K->1279654K(1864192K), 0.1305262 secs] [Times: user=0.78 sys=0.00, real=0.13 secs] 
3375.936: [Full GC (Ergonomics) [PSYoungGen: 90016K->0K(465920K)] [ParOldGen: 1189638K->84997K(1398272K)] 1279654K->84997K(1864192K), [Metaspace: 60210K->60210K(1105920K)], 0.1989449 secs] [Times: user=0.91 sys=0.00, real=0.20 secs] 
3376.494: [GC (Allocation Failure) [PSYoungGen: 232960K->208576K(465920K)] 317957K->293573K(1864192K), 0.0375794 secs] [Times: user=0.22 sys=0.00, real=0.03 secs] 
3378.712: [GC (Allocation Failure) [PSYoungGen: 441536K->89280K(465920K)] 526533K->349033K(1864192K), 0.0999422 secs] [Times: user=0.59 sys=0.00, real=0.10 secs] 
3380.529: [GC (Allocation Failure) [PSYoungGen: 322240K->155104K(465920K)] 581993K->497238K(1864192K), 0.0596418 secs] [Times: user=0.36 sys=0.00, real=0.06 secs] 
3381.435: [GC (Allocation Failure) [PSYoungGen: 388064K->106368K(465920K)] 730198K->603838K(1864192K), 0.0718604 secs] [Times: user=0.43 sys=0.01, real=0.07 secs] 
3382.916: [GC (Allocation Failure) [PSYoungGen: 339328K->141952K(465920K)] 836798K->734875K(1864192K), 0.0606635 secs] [Times: user=0.36 sys=0.00, real=0.06 secs] 
3385.285: [GC (Allocation Failure) [PSYoungGen: 374912K->119904K(353280K)] 967835K->854811K(1751552K), 0.0665048 secs] [Times: user=0.39 sys=0.00, real=0.06 secs] 
3386.527: [GC (Allocation Failure) [PSYoungGen: 352864K->128192K(471040K)] 1087771K->972338K(1869312K), 0.0627390 secs] [Times: user=0.37 sys=0.00, real=0.06 secs] 
3387.919: [GC (Allocation Failure) [PSYoungGen: 370880K->148768K(461312K)] 1215026K->1121290K(1859584K), 0.0614644 secs] [Times: user=0.37 sys=0.00, real=0.06 secs] 
3389.330: [GC (Allocation Failure) [PSYoungGen: 391456K->13472K(457728K)] 1363978K->986042K(1856000K), 0.0064741 secs] [Times: user=0.03 sys=0.01, real=0.01 secs] 
3390.488: [GC (Allocation Failure) [PSYoungGen: 254112K->170272K(411136K)] 1226682K->1154995K(1809408K), 0.0974025 secs] [Times: user=0.58 sys=0.00, real=0.10 secs] 
3394.288: [GC (Allocation Failure) [PSYoungGen: 410912K->91424K(467968K)] 1395635K->1238307K(1866240K), 0.1605256 secs] [Times: user=0.96 sys=0.00, real=0.16 secs] 
3394.449: [Full GC (Ergonomics) [PSYoungGen: 91424K->0K(467968K)] [ParOldGen: 1146883K->42738K(1398272K)] 1238307K->42738K(1866240K), [Metaspace: 60225K->60225K(1105920K)], 0.1213017 secs] [Times: user=0.49 sys=0.01, real=0.12 secs] 
3395.572: [GC (Allocation Failure) [PSYoungGen: 235008K->170752K(465920K)] 277746K->213490K(1864192K), 0.0364127 secs] [Times: user=0.22 sys=0.00, real=0.04 secs] 
3399.040: [GC (Allocation Failure) [PSYoungGen: 405760K->84576K(465920K)] 448498K->297778K(1864192K), 0.1591783 secs] [Times: user=0.95 sys=0.00, real=0.16 secs] 
3399.695: [GC (Allocation Failure) [PSYoungGen: 317536K->172640K(465920K)] 530738K->466683K(1864192K), 0.0645682 secs] [Times: user=0.38 sys=0.00, real=0.06 secs] 
3402.358: [GC (Allocation Failure) [PSYoungGen: 405600K->84800K(465920K)] 699643K->551707K(1864192K), 0.1413555 secs] [Times: user=0.85 sys=0.00, real=0.14 secs] 
3403.607: [GC (Allocation Failure) [PSYoungGen: 317760K->175392K(465920K)] 784667K->720964K(1864192K), 0.1097036 secs] [Times: user=0.65 sys=0.00, real=0.11 secs] 
3406.469: [GC (Allocation Failure) [PSYoungGen: 408352K->82048K(465920K)] 953924K->803232K(1864192K), 0.1255483 secs] [Times: user=0.75 sys=0.00, real=0.13 secs] 
3406.860: [GC (Allocation Failure) [PSYoungGen: 315008K->209760K(465920K)] 1036192K->1006921K(1864192K), 0.0577238 secs] [Times: user=0.34 sys=0.00, real=0.06 secs] 
3408.232: [GC (Allocation Failure) [PSYoungGen: 442720K->92384K(465920K)] 1239881K->1066345K(1864192K), 0.0758604 secs] [Times: user=0.44 sys=0.01, real=0.08 secs] 
3410.365: [GC (Allocation Failure) [PSYoungGen: 325344K->152256K(465920K)] 1299305K->1211725K(1864192K), 0.0607270 secs] [Times: user=0.36 sys=0.00, real=0.06 secs] 
3411.872: [GC (Allocation Failure) [PSYoungGen: 385216K->105376K(465920K)] 1444685K->1316905K(1864192K), 0.0806527 secs] [Times: user=0.48 sys=0.00, real=0.08 secs] 
3411.952: [Full GC (Ergonomics) [PSYoungGen: 105376K->0K(465920K)] [ParOldGen: 1211529K->120429K(1398272K)] 1316905K->120429K(1864192K), [Metaspace: 60228K->60228K(1105920K)], 0.2713274 secs] [Times: user=1.24 sys=0.00, real=0.28 secs] 
3414.796: [GC (Allocation Failure) [PSYoungGen: 232960K->142592K(465920K)] 353389K->263021K(1864192K), 0.0526454 secs] [Times: user=0.31 sys=0.00, real=0.05 secs] 
3415.596: [GC (Allocation Failure) [PSYoungGen: 375552K->123136K(455680K)] 495981K->386441K(1853952K), 0.0739728 secs] [Times: user=0.44 sys=0.00, real=0.07 secs] 
3416.837: [GC (Allocation Failure) [PSYoungGen: 356096K->126144K(460800K)] 619401K->501870K(1859072K), 0.0618577 secs] [Times: user=0.37 sys=0.00, real=0.06 secs] 
3419.653: [GC (Allocation Failure) [PSYoungGen: 359104K->139296K(464896K)] 734830K->640382K(1863168K), 0.0582051 secs] [Times: user=0.34 sys=0.01, real=0.05 secs] 
3421.231: [GC (Allocation Failure) [PSYoungGen: 391712K->8832K(465920K)] 892798K->509966K(1864192K), 0.0085941 secs] [Times: user=0.04 sys=0.00, real=0.01 secs] 
3422.306: [GC (Allocation Failure) [PSYoungGen: 255543K->175616K(458752K)] 756677K->683683K(1857024K), 0.0357127 secs] [Times: user=0.21 sys=0.01, real=0.03 secs] 
3425.382: [GC (Allocation Failure) [PSYoungGen: 408576K->92800K(465920K)] 916643K->768199K(1864192K), 0.1740393 secs] [Times: user=1.04 sys=0.01, real=0.18 secs] 
3426.823: [GC (Allocation Failure) [PSYoungGen: 310147K->159008K(463360K)] 985547K->923184K(1861632K), 0.0482598 secs] [Times: user=0.28 sys=0.00, real=0.05 secs] 
3428.249: [GC (Allocation Failure) [PSYoungGen: 391968K->100384K(333824K)] 1156144K->1014696K(1732096K), 0.0843742 secs] [Times: user=0.50 sys=0.00, real=0.09 secs] 
3428.731: [GC (Allocation Failure) [PSYoungGen: 333344K->167744K(456192K)] 1247656K->1178645K(1854464K), 0.0525512 secs] [Times: user=0.31 sys=0.00, real=0.06 secs] 
3431.370: [GC (Allocation Failure) [PSYoungGen: 394231K->87808K(462336K)] 1405132K->1265397K(1860608K), 0.1786999 secs] [Times: user=1.06 sys=0.01, real=0.18 secs] 
3431.548: [Full GC (Ergonomics) [PSYoungGen: 87808K->0K(462336K)] [ParOldGen: 1177589K->63363K(1398272K)] 1265397K->63363K(1860608K), [Metaspace: 60229K->60229K(1105920K)], 0.1755103 secs] [Times: user=0.81 sys=0.00, real=0.18 secs] 
3431.951: [GC (Allocation Failure) [PSYoungGen: 229376K->165536K(462336K)] 292739K->228899K(1860608K), 0.0332212 secs] [Times: user=0.20 sys=0.00, real=0.04 secs] 
3434.289: [GC (Allocation Failure) [PSYoungGen: 398496K->89856K(465920K)] 461859K->318399K(1864192K), 0.1159818 secs] [Times: user=0.69 sys=0.00, real=0.12 secs] 
3434.986: [GC (Allocation Failure) [PSYoungGen: 322816K->175072K(462848K)] 551359K->487744K(1861120K), 0.0977625 secs] [Times: user=0.58 sys=0.00, real=0.10 secs] 
3439.416: [GC (Allocation Failure) [PSYoungGen: 408032K->80416K(465920K)] 720704K->567948K(1864192K), 0.1187269 secs] [Times: user=0.71 sys=0.00, real=0.12 secs] 
3440.958: [GC (Allocation Failure) [PSYoungGen: 313376K->205600K(465920K)] 800908K->767193K(1864192K), 0.1206961 secs] [Times: user=0.72 sys=0.00, real=0.12 secs] 
3442.995: [GC (Allocation Failure) [PSYoungGen: 438560K->91200K(465920K)] 1000153K->825465K(1864192K), 0.0996534 secs] [Times: user=0.60 sys=0.00, real=0.10 secs] 
3444.278: [GC (Allocation Failure) [PSYoungGen: 324160K->152928K(465920K)] 1058425K->971622K(1864192K), 0.0604610 secs] [Times: user=0.36 sys=0.00, real=0.06 secs] 
3445.536: [GC (Allocation Failure) [PSYoungGen: 385888K->109312K(465920K)] 1204582K->1081134K(1864192K), 0.0783557 secs] [Times: user=0.47 sys=0.00, real=0.08 secs] 
3447.967: [GC (Allocation Failure) [PSYoungGen: 342272K->138976K(462848K)] 1314094K->1209661K(1861120K), 0.0615169 secs] [Times: user=0.36 sys=0.00, real=0.06 secs] 
3449.355: [GC (Allocation Failure) [PSYoungGen: 371936K->126368K(359424K)] 1442621K->1336053K(1757696K), 0.0601988 secs] [Times: user=0.35 sys=0.00, real=0.06 secs] 
3449.416: [Full GC (Ergonomics) [PSYoungGen: 126368K->0K(359424K)] [ParOldGen: 1209685K->141393K(1398272K)] 1336053K->141393K(1757696K), [Metaspace: 60230K->60230K(1105920K)], 0.3249467 secs] [Times: user=1.49 sys=0.01, real=0.32 secs] 
3452.131: [GC (Allocation Failure) [PSYoungGen: 232960K->120864K(466944K)] 374353K->262257K(1865216K), 0.0413478 secs] [Times: user=0.24 sys=0.00, real=0.04 secs] 
3453.595: [GC (Allocation Failure) [PSYoungGen: 366112K->148032K(459264K)] 507505K->410513K(1857536K), 0.0613827 secs] [Times: user=0.36 sys=0.00, real=0.06 secs] 
3456.008: [GC (Allocation Failure) [PSYoungGen: 393280K->10816K(462336K)] 655761K->273329K(1860608K), 0.0041772 secs] [Times: user=0.02 sys=0.00, real=0.00 secs] 
3457.172: [GC (Allocation Failure) [PSYoungGen: 251213K->173440K(422912K)] 513726K->445007K(1821184K), 0.0465372 secs] [Times: user=0.27 sys=0.00, real=0.05 secs] 
3459.721: [GC (Allocation Failure) [PSYoungGen: 422784K->102592K(471552K)] 694351K->539459K(1869824K), 0.1876640 secs] [Times: user=1.10 sys=0.01, real=0.19 secs] 
3460.280: [GC (Allocation Failure) [PSYoungGen: 341184K->188576K(465920K)] 778051K->724006K(1864192K), 0.0535863 secs] [Times: user=0.31 sys=0.01, real=0.06 secs] 
3463.477: [GC (Allocation Failure) [PSYoungGen: 427168K->93760K(465920K)] 962598K->800598K(1864192K), 0.1425194 secs] [Times: user=0.85 sys=0.00, real=0.14 secs] 
3463.927: [GC (Allocation Failure) [PSYoungGen: 326720K->192384K(465920K)] 1033558K->987365K(1864192K), 0.0604204 secs] [Times: user=0.35 sys=0.01, real=0.06 secs] 
3468.158: [GC (Allocation Failure) [PSYoungGen: 425344K->82592K(465920K)] 1220325K->1053417K(1864192K), 0.1177812 secs] [Times: user=0.70 sys=0.00, real=0.12 secs] 
3470.775: [GC (Allocation Failure) [PSYoungGen: 315552K->202464K(465920K)] 1286377K->1249870K(1864192K), 0.0809895 secs] [Times: user=0.48 sys=0.00, real=0.08 secs] 
3473.213: [GC (Allocation Failure) [PSYoungGen: 435424K->91808K(465920K)] 1482830K->1307774K(1864192K), 0.1008115 secs] [Times: user=0.60 sys=0.00, real=0.10 secs] 
3473.314: [Full GC (Ergonomics) [PSYoungGen: 91808K->0K(465920K)] [ParOldGen: 1215966K->106949K(1398272K)] 1307774K->106949K(1864192K), [Metaspace: 60247K->60247K(1105920K)], 0.2461273 secs] [Times: user=1.12 sys=0.00, real=0.24 secs] 
3474.692: [GC (Allocation Failure) [PSYoungGen: 232960K->152448K(465920K)] 339909K->259397K(1864192K), 0.0430905 secs] [Times: user=0.25 sys=0.01, real=0.05 secs] 
3476.145: [GC (Allocation Failure) [PSYoungGen: 385408K->105600K(465920K)] 492357K->364809K(1864192K), 0.0814216 secs] [Times: user=0.48 sys=0.00, real=0.08 secs] 
3477.537: [GC (Allocation Failure) [PSYoungGen: 338560K->142304K(465920K)] 597769K->496778K(1864192K), 0.0606368 secs] [Times: user=0.36 sys=0.00, real=0.06 secs] 
3479.144: [GC (Allocation Failure) [PSYoungGen: 375264K->128960K(455680K)] 729738K->625690K(1853952K), 0.0627621 secs] [Times: user=0.38 sys=0.00, real=0.06 secs] 
3480.612: [GC (Allocation Failure) [PSYoungGen: 361920K->1824K(460800K)] 858650K->498586K(1859072K), 0.0016967 secs] [Times: user=0.01 sys=0.00, real=0.01 secs] 
3482.459: [GC (Allocation Failure) [PSYoungGen: 234784K->146144K(465920K)] 731546K->643535K(1864192K), 0.0287727 secs] [Times: user=0.16 sys=0.00, real=0.03 secs] 
3483.763: [GC (Allocation Failure) [PSYoungGen: 379104K->3808K(465920K)] 876495K->501279K(1864192K), 0.0021699 secs] [Times: user=0.01 sys=0.00, real=0.00 secs] 
3485.666: [GC (Allocation Failure) [PSYoungGen: 236768K->162368K(465920K)] 734239K->662824K(1864192K), 0.0789368 secs] [Times: user=0.46 sys=0.00, real=0.08 secs] 
3487.803: [GC (Allocation Failure) [PSYoungGen: 395328K->96928K(465920K)] 895784K->751576K(1864192K), 0.1050821 secs] [Times: user=0.63 sys=0.00, real=0.10 secs] 
3488.849: [GC (Allocation Failure) [PSYoungGen: 329888K->169504K(465920K)] 984536K->919137K(1864192K), 0.0751645 secs] [Times: user=0.44 sys=0.00, real=0.08 secs] 
3490.676: [GC (Allocation Failure) [PSYoungGen: 402464K->96384K(465920K)] 1152097K->1007053K(1864192K), 0.1069709 secs] [Times: user=0.64 sys=0.00, real=0.11 secs] 
3491.438: [GC (Allocation Failure) [PSYoungGen: 329344K->171648K(465920K)] 1240013K->1175639K(1864192K), 0.0908492 secs] [Times: user=0.54 sys=0.00, real=0.09 secs] 
3494.590: [GC (Allocation Failure) [PSYoungGen: 404608K->86336K(465920K)] 1408599K->1261935K(1864192K), 0.1653274 secs] [Times: user=0.98 sys=0.00, real=0.17 secs] 
3494.756: [Full GC (Ergonomics) [PSYoungGen: 86336K->0K(465920K)] [ParOldGen: 1175599K->63555K(1398272K)] 1261935K->63555K(1864192K), [Metaspace: 60248K->60248K(1105920K)], 0.1720945 secs] [Times: user=0.81 sys=0.00, real=0.17 secs] 
3495.564: [GC (Allocation Failure) [PSYoungGen: 232960K->168256K(465920K)] 296515K->231812K(1864192K), 0.0636589 secs] [Times: user=0.38 sys=0.00, real=0.06 secs] 
3497.854: [GC (Allocation Failure) [PSYoungGen: 401216K->87296K(465920K)] 464772K->318848K(1864192K), 0.1205427 secs] [Times: user=0.71 sys=0.01, real=0.12 secs] 
3499.105: [GC (Allocation Failure) [PSYoungGen: 320256K->174048K(465920K)] 551808K->486988K(1864192K), 0.1407955 secs] [Times: user=0.84 sys=0.00, real=0.14 secs] 
3501.294: [GC (Allocation Failure) [PSYoungGen: 407008K->90912K(465920K)] 719948K->577972K(1864192K), 0.1068072 secs] [Times: user=0.64 sys=0.00, real=0.10 secs] 
3502.504: [GC (Allocation Failure) [PSYoungGen: 323872K->161920K(465920K)] 810932K->732977K(1864192K), 0.0626872 secs] [Times: user=0.37 sys=0.00, real=0.06 secs] 
3505.383: [GC (Allocation Failure) [PSYoungGen: 392165K->92992K(465920K)] 963222K->826209K(1864192K), 0.0913355 secs] [Times: user=0.55 sys=0.00, real=0.10 secs] 
3506.623: [GC (Allocation Failure) [PSYoungGen: 325952K->151296K(465920K)] 1059169K->971120K(1864192K), 0.0605396 secs] [Times: user=0.36 sys=0.00, real=0.06 secs] 
3509.500: [GC (Allocation Failure) [PSYoungGen: 384256K->111872K(345088K)] 1204080K->1082676K(1743360K), 0.0833028 secs] [Times: user=0.49 sys=0.00, real=0.09 secs] 
3510.713: [GC (Allocation Failure) [PSYoungGen: 344832K->145088K(464896K)] 1315636K->1208952K(1863168K), 0.0611048 secs] [Times: user=0.36 sys=0.01, real=0.07 secs] 
3512.823: [GC (Allocation Failure) [PSYoungGen: 380608K->130560K(366592K)] 1444472K->1339224K(1764864K), 0.0679620 secs] [Times: user=0.40 sys=0.00, real=0.06 secs] 
3512.891: [Full GC (Ergonomics) [PSYoungGen: 130560K->0K(366592K)] [ParOldGen: 1208664K->137435K(1398272K)] 1339224K->137435K(1764864K), [Metaspace: 60248K->60248K(1105920K)], 0.3158039 secs] [Times: user=1.46 sys=0.00, real=0.32 secs] 
3514.328: [GC (Allocation Failure) [PSYoungGen: 235520K->125536K(469504K)] 372955K->262971K(1867776K), 0.0425495 secs] [Times: user=0.25 sys=0.00, real=0.04 secs] 
3515.906: [GC (Allocation Failure) [PSYoungGen: 376928K->161888K(460800K)] 514363K->425075K(1859072K), 0.0642098 secs] [Times: user=0.38 sys=0.00, real=0.06 secs] 
3518.846: [GC (Allocation Failure) [PSYoungGen: 413280K->22048K(464384K)] 676467K->285287K(1862656K), 0.0079750 secs] [Times: user=0.05 sys=0.00, real=0.01 secs] 
3519.807: [GC (Allocation Failure) [PSYoungGen: 272416K->181408K(432128K)] 535655K->464316K(1830400K), 0.0666074 secs] [Times: user=0.39 sys=0.00, real=0.07 secs] 
3523.068: [GC (Allocation Failure) [PSYoungGen: 431776K->98208K(468480K)] 714684K->562696K(1866752K), 0.1167195 secs] [Times: user=0.69 sys=0.01, real=0.12 secs] 
3523.813: [GC (Allocation Failure) [PSYoungGen: 333728K->175872K(465920K)] 798216K->733141K(1864192K), 0.1202439 secs] [Times: user=0.72 sys=0.00, real=0.12 secs] 
3526.449: [GC (Allocation Failure) [PSYoungGen: 411392K->90720K(465920K)] 968661K->823805K(1864192K), 0.1100656 secs] [Times: user=0.66 sys=0.00, real=0.11 secs] 
3528.458: [GC (Allocation Failure) [PSYoungGen: 323680K->197056K(465920K)] 1056765K->1015201K(1864192K), 0.0696933 secs] [Times: user=0.41 sys=0.00, real=0.07 secs] 
3529.772: [GC (Allocation Failure) [PSYoungGen: 422390K->92640K(465920K)] 1240536K->1070985K(1864192K), 0.1077100 secs] [Times: user=0.65 sys=0.00, real=0.11 secs] 
3532.676: [GC (Allocation Failure) [PSYoungGen: 325600K->150656K(465920K)] 1303945K->1215526K(1864192K), 0.0616527 secs] [Times: user=0.37 sys=0.00, real=0.06 secs] 
3534.718: [GC (Allocation Failure) [PSYoungGen: 376145K->93248K(465920K)] 1441016K->1308990K(1864192K), 0.0926527 secs] [Times: user=0.55 sys=0.00, real=0.09 secs] 
3534.811: [Full GC (Ergonomics) [PSYoungGen: 93248K->0K(465920K)] [ParOldGen: 1215742K->108865K(1398272K)] 1308990K->108865K(1864192K), [Metaspace: 60248K->60248K(1105920K)], 0.2438661 secs] [Times: user=1.10 sys=0.00, real=0.25 secs] 
3536.150: [GC (Allocation Failure) [PSYoungGen: 232960K->150944K(465920K)] 341825K->259809K(1864192K), 0.0430279 secs] [Times: user=0.26 sys=0.00, real=0.05 secs] 
3537.544: [GC (Allocation Failure) [PSYoungGen: 383904K->112448K(454656K)] 492769K->372497K(1852928K), 0.0744090 secs] [Times: user=0.44 sys=0.00, real=0.07 secs] 
3540.221: [GC (Allocation Failure) [PSYoungGen: 345408K->135008K(460288K)] 605457K->497086K(1858560K), 0.0609674 secs] [Times: user=0.37 sys=0.00, real=0.06 secs] 
3541.907: [GC (Allocation Failure) [PSYoungGen: 367968K->126048K(455680K)] 730046K->623310K(1853952K), 0.0652033 secs] [Times: user=0.39 sys=0.00, real=0.06 secs] 
3543.144: [GC (Allocation Failure) [PSYoungGen: 377440K->4192K(462848K)] 874702K->501554K(1861120K), 0.0024251 secs] [Times: user=0.01 sys=0.00, real=0.00 secs] 
3544.458: [GC (Allocation Failure) [PSYoungGen: 255584K->177920K(456704K)] 752946K->677999K(1854976K), 0.0351349 secs] [Times: user=0.21 sys=0.00, real=0.04 secs] 
3547.016: [GC (Allocation Failure) [PSYoungGen: 410880K->92224K(465920K)] 910959K->761243K(1864192K), 0.1675200 secs] [Times: user=1.00 sys=0.00, real=0.17 secs] 
3548.520: [GC (Allocation Failure) [PSYoungGen: 310577K->160128K(462848K)] 979597K->917896K(1861120K), 0.0482283 secs] [Times: user=0.29 sys=0.00, real=0.05 secs] 
3550.349: [GC (Allocation Failure) [PSYoungGen: 393088K->93792K(327168K)] 1150856K->1003088K(1725440K), 0.1397279 secs] [Times: user=0.82 sys=0.02, real=0.14 secs] 
3551.071: [GC (Allocation Failure) [PSYoungGen: 326752K->171840K(458752K)] 1236048K->1171445K(1857024K), 0.0548489 secs] [Times: user=0.32 sys=0.00, real=0.06 secs] 
3555.123: [GC (Allocation Failure) [PSYoungGen: 402752K->80736K(463872K)] 1402357K->1252341K(1862144K), 0.1714104 secs] [Times: user=1.02 sys=0.00, real=0.18 secs] 
3555.294: [Full GC (Ergonomics) [PSYoungGen: 80736K->0K(463872K)] [ParOldGen: 1171605K->55063K(1398272K)] 1252341K->55063K(1862144K), [Metaspace: 60250K->60250K(1105920K)], 0.1451320 secs] [Times: user=0.67 sys=0.00, real=0.14 secs] 
3555.931: [GC (Allocation Failure) [PSYoungGen: 230912K->171872K(465920K)] 285975K->226935K(1864192K), 0.0403495 secs] [Times: user=0.24 sys=0.00, real=0.04 secs] 
3558.087: [GC (Allocation Failure) [PSYoungGen: 404832K->86400K(465920K)] 459895K->313551K(1864192K), 0.1119537 secs] [Times: user=0.66 sys=0.00, real=0.11 secs] 
3558.860: [GC (Allocation Failure) [PSYoungGen: 319360K->173504K(465920K)] 546511K->480568K(1864192K), 0.1103053 secs] [Times: user=0.66 sys=0.00, real=0.11 secs] 
3563.327: [GC (Allocation Failure) [PSYoungGen: 406464K->77472K(465920K)] 713528K->557816K(1864192K), 0.1339403 secs] [Times: user=0.80 sys=0.00, real=0.13 secs] 
3564.356: [GC (Allocation Failure) [PSYoungGen: 310432K->177856K(465920K)] 790776K->729141K(1864192K), 0.0995676 secs] [Times: user=0.59 sys=0.00, real=0.10 secs] 
3567.245: [GC (Allocation Failure) [PSYoungGen: 410816K->84032K(465920K)] 962101K->813405K(1864192K), 0.1179497 secs] [Times: user=0.70 sys=0.00, real=0.11 secs] 
3569.354: [GC (Allocation Failure) [PSYoungGen: 315925K->201792K(465920K)] 1045298K->1008830K(1864192K), 0.0614611 secs] [Times: user=0.37 sys=0.00, real=0.06 secs] 
3570.425: [GC (Allocation Failure) [PSYoungGen: 428605K->92992K(465920K)] 1235643K->1066870K(1864192K), 0.1108293 secs] [Times: user=0.64 sys=0.00, real=0.11 secs] 
3573.183: [GC (Allocation Failure) [PSYoungGen: 325952K->150720K(465920K)] 1299830K->1211122K(1864192K), 0.0605189 secs] [Times: user=0.36 sys=0.00, real=0.06 secs] 
3575.628: [GC (Allocation Failure) [PSYoungGen: 379357K->93472K(465920K)] 1439760K->1304842K(1864192K), 0.0871185 secs] [Times: user=0.52 sys=0.00, real=0.09 secs] 
3575.715: [Full GC (Ergonomics) [PSYoungGen: 93472K->0K(465920K)] [ParOldGen: 1211370K->109570K(1398272K)] 1304842K->109570K(1864192K), [Metaspace: 60251K->60251K(1105920K)], 0.2620889 secs] [Times: user=1.15 sys=0.00, real=0.26 secs] 
3577.085: [GC (Allocation Failure) [PSYoungGen: 232960K->150944K(465920K)] 342530K->260514K(1864192K), 0.0427532 secs] [Times: user=0.25 sys=0.00, real=0.04 secs] 
3578.543: [GC (Allocation Failure) [PSYoungGen: 383904K->113280K(465920K)] 493474K->373990K(1864192K), 0.0753969 secs] [Times: user=0.45 sys=0.00, real=0.07 secs] 
3580.173: [GC (Allocation Failure) [PSYoungGen: 346240K->134752K(451584K)] 606950K->498305K(1849856K), 0.0611643 secs] [Times: user=0.36 sys=0.00, real=0.06 secs] 
3581.879: [GC (Allocation Failure) [PSYoungGen: 367712K->131616K(458752K)] 731265K->629697K(1857024K), 0.0619209 secs] [Times: user=0.36 sys=0.00, real=0.06 secs] 
3584.052: [GC (Allocation Failure) [PSYoungGen: 364576K->1536K(456704K)] 862657K->499717K(1854976K), 0.0027413 secs] [Times: user=0.01 sys=0.00, real=0.01 secs] 
3585.369: [GC (Allocation Failure) [PSYoungGen: 240640K->157952K(397312K)] 738821K->656742K(1795584K), 0.0311388 secs] [Times: user=0.18 sys=0.00, real=0.03 secs] 
3587.338: [GC (Allocation Failure) [PSYoungGen: 397056K->13440K(465920K)] 895846K->512326K(1864192K), 0.0091922 secs] [Times: user=0.05 sys=0.00, real=0.01 secs] 
3588.570: [GC (Allocation Failure) [PSYoungGen: 246400K->187104K(465920K)] 745286K->697451K(1864192K), 0.0372130 secs] [Times: user=0.22 sys=0.00, real=0.04 secs] 
3591.286: [GC (Allocation Failure) [PSYoungGen: 420064K->93440K(465920K)] 930411K->766391K(1864192K), 0.1583203 secs] [Times: user=0.95 sys=0.00, real=0.16 secs] 
3593.245: [GC (Allocation Failure) [PSYoungGen: 310883K->158560K(465920K)] 983834K->920816K(1864192K), 0.0491225 secs] [Times: user=0.29 sys=0.00, real=0.05 secs] 
3594.888: [GC (Allocation Failure) [PSYoungGen: 391520K->95232K(465920K)] 1153776K->1006744K(1864192K), 0.0918601 secs] [Times: user=0.55 sys=0.00, real=0.09 secs] 
3596.351: [GC (Allocation Failure) [PSYoungGen: 328192K->167584K(465920K)] 1239704K->1169913K(1864192K), 0.0510876 secs] [Times: user=0.30 sys=0.00, real=0.05 secs] 
3598.095: [GC (Allocation Failure) [PSYoungGen: 400544K->95424K(465920K)] 1402873K->1264301K(1864192K), 0.1340332 secs] [Times: user=0.80 sys=0.00, real=0.13 secs] 
3598.230: [Full GC (Ergonomics) [PSYoungGen: 95424K->0K(465920K)] [ParOldGen: 1168877K->65858K(1398272K)] 1264301K->65858K(1864192K), [Metaspace: 60255K->60255K(1105920K)], 0.1717502 secs] [Times: user=0.76 sys=0.00, real=0.17 secs] 
3598.990: [GC (Allocation Failure) [PSYoungGen: 232960K->171328K(465920K)] 298818K->237186K(1864192K), 0.0614164 secs] [Times: user=0.36 sys=0.00, real=0.06 secs] 
3601.363: [GC (Allocation Failure) [PSYoungGen: 404288K->84640K(465920K)] 470146K->321882K(1864192K), 0.1167353 secs] [Times: user=0.69 sys=0.00, real=0.12 secs] 
3602.421: [GC (Allocation Failure) [PSYoungGen: 317600K->174144K(465920K)] 554842K->490214K(1864192K), 0.1306177 secs] [Times: user=0.78 sys=0.00, real=0.13 secs] 
3605.126: [GC (Allocation Failure) [PSYoungGen: 407104K->87776K(465920K)] 723174K->577950K(1864192K), 0.1082961 secs] [Times: user=0.65 sys=0.00, real=0.11 secs] 
3607.334: [GC (Allocation Failure) [PSYoungGen: 318605K->199424K(465920K)] 808780K->771759K(1864192K), 0.0606109 secs] [Times: user=0.36 sys=0.01, real=0.06 secs] 
3609.045: [GC (Allocation Failure) [PSYoungGen: 432384K->90944K(465920K)] 1004719K->827871K(1864192K), 0.0934066 secs] [Times: user=0.55 sys=0.00, real=0.09 secs] 
3611.878: [GC (Allocation Failure) [PSYoungGen: 323904K->152992K(465920K)] 1060831K->974460K(1864192K), 0.0606757 secs] [Times: user=0.36 sys=0.00, real=0.06 secs] 
3612.595: [GC (Allocation Failure) [PSYoungGen: 385952K->109248K(465920K)] 1207420K->1083928K(1864192K), 0.0714438 secs] [Times: user=0.42 sys=0.00, real=0.07 secs] 
3615.161: [GC (Allocation Failure) [PSYoungGen: 342208K->138176K(465920K)] 1316888K->1211965K(1864192K), 0.0619532 secs] [Times: user=0.36 sys=0.01, real=0.06 secs] 
3616.315: [GC (Allocation Failure) [PSYoungGen: 371136K->122592K(449536K)] 1444925K->1334653K(1847808K), 0.0641853 secs] [Times: user=0.38 sys=0.00, real=0.06 secs] 
3616.379: [Full GC (Ergonomics) [PSYoungGen: 122592K->0K(449536K)] [ParOldGen: 1212061K->138153K(1398272K)] 1334653K->138153K(1847808K), [Metaspace: 60382K->60382K(1105920K)], 0.3160988 secs] [Times: user=1.44 sys=0.00, real=0.32 secs] 
3617.787: [GC (Allocation Failure) [PSYoungGen: 232960K->125312K(457728K)] 371113K->263465K(1856000K), 0.0426835 secs] [Times: user=0.25 sys=0.00, real=0.04 secs] 
3620.096: [GC (Allocation Failure) [PSYoungGen: 358272K->141024K(466944K)] 496425K->404317K(1865216K), 0.0615459 secs] [Times: user=0.37 sys=0.00, real=0.06 secs] 
3622.895: [GC (Allocation Failure) [PSYoungGen: 399584K->9184K(470016K)] 662877K->272517K(1868288K), 0.0050515 secs] [Times: user=0.02 sys=0.01, real=0.00 secs] 
3623.759: [GC (Allocation Failure) [PSYoungGen: 257022K->175616K(456704K)] 520355K->446266K(1854976K), 0.0355669 secs] [Times: user=0.21 sys=0.00, real=0.04 secs] 
3626.225: [GC (Allocation Failure) [PSYoungGen: 408576K->93600K(465920K)] 679226K->531098K(1864192K), 0.1485940 secs] [Times: user=0.89 sys=0.01, real=0.15 secs] 
3627.543: [GC (Allocation Failure) [PSYoungGen: 311131K->156736K(464384K)] 748629K->684763K(1862656K), 0.1312383 secs] [Times: user=0.78 sys=0.00, real=0.13 secs] 
3631.403: [GC (Allocation Failure) [PSYoungGen: 392768K->91616K(327680K)] 920795K->767959K(1725952K), 0.1090922 secs] [Times: user=0.65 sys=0.01, real=0.11 secs] 
3632.343: [GC (Allocation Failure) [PSYoungGen: 327648K->170464K(457728K)] 1003991K->935232K(1856000K), 0.0692719 secs] [Times: user=0.41 sys=0.00, real=0.06 secs] 
3633.933: [GC (Allocation Failure) [PSYoungGen: 401847K->92608K(464896K)] 1166615K->1027624K(1863168K), 0.1521055 secs] [Times: user=0.90 sys=0.00, real=0.15 secs] 
3634.539: [GC (Allocation Failure) [PSYoungGen: 324544K->169472K(461824K)] 1259560K->1193337K(1860096K), 0.0704321 secs] [Times: user=0.42 sys=0.01, real=0.07 secs] 
3638.021: [GC (Allocation Failure) [PSYoungGen: 402432K->82016K(465920K)] 1426297K->1275569K(1864192K), 0.1281644 secs] [Times: user=0.77 sys=0.00, real=0.13 secs] 
3638.149: [Full GC (Ergonomics) [PSYoungGen: 82016K->0K(465920K)] [ParOldGen: 1193553K->73774K(1398272K)] 1275569K->73774K(1864192K), [Metaspace: 60382K->60382K(1105920K)], 0.1814180 secs] [Times: user=0.82 sys=0.00, real=0.18 secs] 
3638.596: [GC (Allocation Failure) [PSYoungGen: 232960K->176384K(465408K)] 306734K->250158K(1863680K), 0.0378848 secs] [Times: user=0.22 sys=0.00, real=0.04 secs] 
3641.161: [GC (Allocation Failure) [PSYoungGen: 409344K->91040K(465920K)] 483118K->341174K(1864192K), 0.1049343 secs] [Times: user=0.63 sys=0.00, real=0.11 secs] 
3642.389: [GC (Allocation Failure) [PSYoungGen: 321269K->204416K(465920K)] 571403K->535275K(1864192K), 0.0682190 secs] [Times: user=0.41 sys=0.00, real=0.07 secs] 
3645.663: [GC (Allocation Failure) [PSYoungGen: 437376K->91904K(465920K)] 768235K->590191K(1864192K), 0.0995028 secs] [Times: user=0.60 sys=0.00, real=0.10 secs] 
3646.855: [GC (Allocation Failure) [PSYoungGen: 324864K->152288K(465920K)] 823151K->736172K(1864192K), 0.0603922 secs] [Times: user=0.37 sys=0.00, real=0.06 secs] 
3649.338: [GC (Allocation Failure) [PSYoungGen: 385248K->107168K(465920K)] 969132K->843164K(1864192K), 0.0857105 secs] [Times: user=0.51 sys=0.00, real=0.09 secs] 
3650.540: [GC (Allocation Failure) [PSYoungGen: 340128K->141056K(464896K)] 1076124K->973584K(1863168K), 0.0607697 secs] [Times: user=0.36 sys=0.00, real=0.06 secs] 
3653.220: [GC (Allocation Failure) [PSYoungGen: 374016K->126176K(359424K)] 1206544K->1099572K(1757696K), 0.0698260 secs] [Times: user=0.41 sys=0.00, real=0.07 secs] 
3655.048: [GC (Allocation Failure) [PSYoungGen: 359136K->121792K(465408K)] 1332532K->1210813K(1863680K), 0.0629711 secs] [Times: user=0.38 sys=0.00, real=0.06 secs] 
3657.384: [GC (Allocation Failure) [PSYoungGen: 364480K->148672K(457216K)] 1453501K->1359661K(1855488K), 0.0585928 secs] [Times: user=0.35 sys=0.00, real=0.05 secs] 
3657.442: [Full GC (Ergonomics) [PSYoungGen: 148672K->0K(457216K)] [ParOldGen: 1210989K->164690K(1398272K)] 1359661K->164690K(1855488K), [Metaspace: 60388K->60388K(1105920K)], 0.3793717 secs] [Times: user=1.76 sys=0.00, real=0.38 secs] 
3659.975: [GC (Allocation Failure) [PSYoungGen: 242688K->109600K(479744K)] 407378K->274290K(1878016K), 0.0889026 secs] [Times: user=0.53 sys=0.00, real=0.09 secs] 
3662.143: [GC (Allocation Failure) [PSYoungGen: 375840K->183744K(475136K)] 540530K->455775K(1873408K), 0.0596767 secs] [Times: user=0.36 sys=0.01, real=0.06 secs] 
3664.212: [GC (Allocation Failure) [PSYoungGen: 449984K->115360K(483328K)] 722015K->570371K(1881600K), 0.1352490 secs] [Times: user=0.80 sys=0.00, real=0.14 secs] 
3666.005: [GC (Allocation Failure) [PSYoungGen: 377504K->176800K(439296K)] 832515K->740215K(1837568K), 0.0694206 secs] [Times: user=0.41 sys=0.00, real=0.07 secs] 
3667.484: [GC (Allocation Failure) [PSYoungGen: 438944K->131040K(482816K)] 1002359K->871271K(1881088K), 0.0744958 secs] [Times: user=0.44 sys=0.00, real=0.07 secs] 
3670.282: [GC (Allocation Failure) [PSYoungGen: 390112K->4800K(264192K)] 1130343K->745063K(1662464K), 0.0029945 secs] [Times: user=0.01 sys=0.00, real=0.01 secs] 
3671.087: [GC (Allocation Failure) [PSYoungGen: 255291K->179008K(463360K)] 995555K->922692K(1861632K), 0.0357245 secs] [Times: user=0.21 sys=0.00, real=0.04 secs] 
3672.982: [GC (Allocation Failure) [PSYoungGen: 411968K->94656K(465920K)] 1155652K->1008940K(1864192K), 0.1275142 secs] [Times: user=0.69 sys=0.00, real=0.13 secs] 
3674.120: [GC (Allocation Failure) [PSYoungGen: 327616K->167040K(465920K)] 1241900K->1172981K(1864192K), 0.0508687 secs] [Times: user=0.30 sys=0.00, real=0.05 secs] 
3676.891: [GC (Allocation Failure) [PSYoungGen: 400000K->90240K(465920K)] 1405941K->1263005K(1864192K), 0.1448162 secs] [Times: user=0.86 sys=0.01, real=0.15 secs] 
3677.036: [Full GC (Ergonomics) [PSYoungGen: 90240K->0K(465920K)] [ParOldGen: 1172765K->61578K(1398272K)] 1263005K->61578K(1864192K), [Metaspace: 60396K->60396K(1105920K)], 0.1542689 secs] [Times: user=0.70 sys=0.00, real=0.15 secs] 
3677.574: [GC (Allocation Failure) [PSYoungGen: 232960K->165248K(465920K)] 294538K->226826K(1864192K), 0.0342053 secs] [Times: user=0.20 sys=0.00, real=0.03 secs] 
3679.296: [GC (Allocation Failure) [PSYoungGen: 398208K->95264K(465920K)] 459786K->321162K(1864192K), 0.1021553 secs] [Times: user=0.61 sys=0.01, real=0.10 secs] 
3680.471: [GC (Allocation Failure) [PSYoungGen: 328224K->173152K(465920K)] 554122K->488650K(1864192K), 0.1597111 secs] [Times: user=0.95 sys=0.00, real=0.16 secs] 
3683.363: [GC (Allocation Failure) [PSYoungGen: 406112K->86880K(465920K)] 721610K->575390K(1864192K), 0.1220248 secs] [Times: user=0.73 sys=0.01, real=0.13 secs] 
3684.957: [GC (Allocation Failure) [PSYoungGen: 317718K->200864K(465920K)] 806229K->770459K(1864192K), 0.0615695 secs] [Times: user=0.37 sys=0.00, real=0.06 secs] 
3686.282: [GC (Allocation Failure) [PSYoungGen: 433535K->92864K(465920K)] 1003130K->828427K(1864192K), 0.0808071 secs] [Times: user=0.48 sys=0.00, real=0.08 secs] 
3688.674: [GC (Allocation Failure) [PSYoungGen: 325824K->150848K(465920K)] 1061387K->972936K(1864192K), 0.0603044 secs] [Times: user=0.36 sys=0.00, real=0.06 secs] 
3690.520: [GC (Allocation Failure) [PSYoungGen: 383808K->104448K(465920K)] 1205896K->1077624K(1864192K), 0.0823381 secs] [Times: user=0.50 sys=0.00, real=0.08 secs] 
3691.783: [GC (Allocation Failure) [PSYoungGen: 337408K->143520K(464896K)] 1310584K->1210921K(1863168K), 0.0611001 secs] [Times: user=0.36 sys=0.00, real=0.06 secs] 
3693.178: [GC (Allocation Failure) [PSYoungGen: 376480K->124704K(357888K)] 1443881K->1335497K(1756160K), 0.0691303 secs] [Times: user=0.41 sys=0.00, real=0.07 secs] 
3693.247: [Full GC (Ergonomics) [PSYoungGen: 124704K->0K(357888K)] [ParOldGen: 1210793K->140728K(1398272K)] 1335497K->140728K(1756160K), [Metaspace: 60417K->60417K(1105920K)], 0.3184625 secs] [Times: user=1.43 sys=0.00, real=0.32 secs] 
3698.548: [GC (Allocation Failure) [PSYoungGen: 232960K->124064K(465920K)] 373688K->264792K(1864192K), 0.0425806 secs] [Times: user=0.25 sys=0.00, real=0.04 secs] 
3701.634: [GC (Allocation Failure) [PSYoungGen: 366752K->140992K(457728K)] 507480K->405648K(1856000K), 0.0663881 secs] [Times: user=0.40 sys=0.00, real=0.06 secs] 
3703.383: [GC (Allocation Failure) [PSYoungGen: 383680K->3056K(458240K)] 648336K->267744K(1856512K), 0.0022283 secs] [Times: user=0.01 sys=0.00, real=0.01 secs] 
3706.095: [GC (Allocation Failure) [PSYoungGen: 250352K->165504K(413184K)] 515040K->431933K(1811456K), 0.0323489 secs] [Times: user=0.19 sys=0.00, real=0.03 secs] 
3707.660: [GC (Allocation Failure) [PSYoungGen: 412800K->109504K(476160K)] 679229K->532489K(1874432K), 0.1093444 secs] [Times: user=0.65 sys=0.00, real=0.11 secs] 
3709.023: [GC (Allocation Failure) [PSYoungGen: 354240K->172192K(467456K)] 777225K->700934K(1865728K), 0.0561630 secs] [Times: user=0.33 sys=0.00, real=0.06 secs] 
3710.807: [GC (Allocation Failure) [PSYoungGen: 416928K->105120K(469504K)] 945670K->804902K(1867776K), 0.1240421 secs] [Times: user=0.74 sys=0.00, real=0.12 secs] 
3711.814: [GC (Allocation Failure) [PSYoungGen: 347808K->179744K(422912K)] 1047590K->979215K(1821184K), 0.1402424 secs] [Times: user=0.84 sys=0.00, real=0.14 secs] 
3715.213: [GC (Allocation Failure) [PSYoungGen: 422432K->90688K(467456K)] 1221903K->1069895K(1865728K), 0.1079925 secs] [Times: user=0.64 sys=0.00, real=0.10 secs] 
3716.432: [GC (Allocation Failure) [PSYoungGen: 325184K->153920K(388608K)] 1304391K->1217264K(1786880K), 0.0608523 secs] [Times: user=0.36 sys=0.00, real=0.06 secs] 
3718.599: [GC (Allocation Failure) [PSYoungGen: 388416K->106816K(471552K)] 1451760K->1324092K(1869824K), 0.0851765 secs] [Times: user=0.51 sys=0.00, real=0.09 secs] 
3718.685: [Full GC (Ergonomics) [PSYoungGen: 106816K->0K(471552K)] [ParOldGen: 1217276K->122966K(1398272K)] 1324092K->122966K(1869824K), [Metaspace: 60417K->60417K(1105920K)], 0.2725213 secs] [Times: user=1.23 sys=0.00, real=0.27 secs] 
3721.746: [GC (Allocation Failure) [PSYoungGen: 240640K->140640K(381440K)] 363606K->263606K(1779712K), 0.0520808 secs] [Times: user=0.31 sys=0.00, real=0.05 secs] 
3722.649: [GC (Allocation Failure) [PSYoungGen: 381280K->137632K(468992K)] 504246K->401534K(1867264K), 0.0735147 secs] [Times: user=0.44 sys=0.00, real=0.08 secs] 
3724.267: [GC (Allocation Failure) [PSYoungGen: 386464K->5376K(463360K)] 650366K->269318K(1861632K), 0.0058080 secs] [Times: user=0.02 sys=0.00, real=0.00 secs] 
3725.404: [GC (Allocation Failure) [PSYoungGen: 254208K->175264K(459776K)] 518150K->443371K(1858048K), 0.0733722 secs] [Times: user=0.43 sys=0.00, real=0.07 secs] 
3728.243: [GC (Allocation Failure) [PSYoungGen: 406872K->92960K(465920K)] 674979K->527819K(1864192K), 0.1750591 secs] [Times: user=1.05 sys=0.00, real=0.17 secs] 
3729.302: [GC (Allocation Failure) [PSYoungGen: 315123K->159648K(464384K)] 749983K->685224K(1862656K), 0.0687400 secs] [Times: user=0.41 sys=0.00, real=0.07 secs] 
3731.440: [GC (Allocation Failure) [PSYoungGen: 392608K->94048K(327168K)] 918184K->770816K(1725440K), 0.1259396 secs] [Times: user=0.75 sys=0.00, real=0.13 secs] 
3732.467: [GC (Allocation Failure) [PSYoungGen: 327008K->168288K(459264K)] 1003776K->935925K(1857536K), 0.0776398 secs] [Times: user=0.45 sys=0.01, real=0.08 secs] 
3735.474: [GC (Allocation Failure) [PSYoungGen: 398688K->87968K(463360K)] 1166325K->1023621K(1861632K), 0.1643495 secs] [Times: user=0.97 sys=0.01, real=0.16 secs] 
3736.077: [GC (Allocation Failure) [PSYoungGen: 318368K->169952K(463872K)] 1254021K->1190058K(1862144K), 0.0629281 secs] [Times: user=0.37 sys=0.00, real=0.06 secs] 
3738.975: [GC (Allocation Failure) [PSYoungGen: 402912K->83904K(465920K)] 1423018K->1274170K(1864192K), 0.1415648 secs] [Times: user=0.84 sys=0.00, real=0.14 secs] 
3739.116: [Full GC (Ergonomics) [PSYoungGen: 83904K->0K(465920K)] [ParOldGen: 1190266K->72160K(1398272K)] 1274170K->72160K(1864192K), [Metaspace: 60418K->60418K(1105920K)], 0.1840748 secs] [Times: user=0.83 sys=0.00, real=0.18 secs] 
3739.564: [GC (Allocation Failure) [PSYoungGen: 232960K->178656K(465920K)] 305120K->250816K(1864192K), 0.0383980 secs] [Times: user=0.23 sys=0.00, real=0.03 secs] 
3744.651: [GC (Allocation Failure) [PSYoungGen: 411616K->78464K(465920K)] 483776K->329544K(1864192K), 0.1358565 secs] [Times: user=0.78 sys=0.01, real=0.14 secs] 
3745.756: [GC (Allocation Failure) [PSYoungGen: 311424K->175744K(465920K)] 562504K->499165K(1864192K), 0.1257820 secs] [Times: user=0.75 sys=0.00, real=0.12 secs] 
3747.957: [GC (Allocation Failure) [PSYoungGen: 408704K->86912K(465920K)] 732125K->585949K(1864192K), 0.1061248 secs] [Times: user=0.63 sys=0.00, real=0.11 secs] 
3750.433: [GC (Allocation Failure) [PSYoungGen: 319872K->157408K(465920K)] 818909K->736978K(1864192K), 0.0602301 secs] [Times: user=0.36 sys=0.00, real=0.06 secs] 
3751.349: [GC (Allocation Failure) [PSYoungGen: 390368K->112736K(465920K)] 969938K->849978K(1864192K), 0.0682181 secs] [Times: user=0.41 sys=0.00, real=0.07 secs] 
3753.686: [GC (Allocation Failure) [PSYoungGen: 345696K->142944K(460800K)] 1082938K->974639K(1859072K), 0.0610007 secs] [Times: user=0.36 sys=0.00, real=0.06 secs] 
3754.790: [GC (Allocation Failure) [PSYoungGen: 375904K->122848K(355840K)] 1207599K->1097631K(1754112K), 0.0658269 secs] [Times: user=0.39 sys=0.00, real=0.07 secs] 
3756.059: [GC (Allocation Failure) [PSYoungGen: 355808K->124960K(470016K)] 1330591K->1212463K(1868288K), 0.0620873 secs] [Times: user=0.37 sys=0.00, real=0.06 secs] 
3758.725: [GC (Allocation Failure) [PSYoungGen: 374304K->153760K(461312K)] 1461807K->1366239K(1859584K), 0.0583830 secs] [Times: user=0.35 sys=0.00, real=0.06 secs] 
3758.783: [Full GC (Ergonomics) [PSYoungGen: 153760K->0K(461312K)] [ParOldGen: 1212479K->168353K(1398272K)] 1366239K->168353K(1859584K), [Metaspace: 60419K->60419K(1105920K)], 0.4140053 secs] [Times: user=1.92 sys=0.00, real=0.41 secs] 
3760.753: [GC (Allocation Failure) [PSYoungGen: 249344K->116416K(480768K)] 417697K->284770K(1879040K), 0.1110025 secs] [Times: user=0.66 sys=0.00, real=0.12 secs] 
3763.360: [GC (Allocation Failure) [PSYoungGen: 388800K->189760K(462336K)] 557154K->472266K(1860608K), 0.1467144 secs] [Times: user=0.87 sys=0.00, real=0.15 secs] 
3766.273: [GC (Allocation Failure) [PSYoungGen: 462144K->115200K(482304K)] 744650K->587598K(1880576K), 0.1078489 secs] [Times: user=0.64 sys=0.00, real=0.11 secs] 
3768.304: [GC (Allocation Failure) [PSYoungGen: 375296K->157696K(476672K)] 847694K->738823K(1874944K), 0.0670135 secs] [Times: user=0.40 sys=0.00, real=0.06 secs] 
3771.122: [GC (Allocation Failure) [PSYoungGen: 417792K->139328K(473600K)] 998919K->878091K(1871872K), 0.0675188 secs] [Times: user=0.40 sys=0.00, real=0.07 secs] 
3774.519: [GC (Allocation Failure) [PSYoungGen: 404032K->9760K(274944K)] 1142795K->748539K(1673216K), 0.0044125 secs] [Times: user=0.02 sys=0.00, real=0.01 secs] 
3776.538: [GC (Allocation Failure) [PSYoungGen: 274464K->185408K(457728K)] 1013243K->931924K(1856000K), 0.0395569 secs] [Times: user=0.24 sys=0.00, real=0.04 secs] 
3779.245: [GC (Allocation Failure) [PSYoungGen: 418368K->90624K(465920K)] 1164884K->1021932K(1864192K), 0.1559459 secs] [Times: user=0.93 sys=0.00, real=0.15 secs] 
3779.993: [GC (Allocation Failure) [PSYoungGen: 323584K->202560K(465920K)] 1254892K->1220982K(1864192K), 0.0913814 secs] [Times: user=0.54 sys=0.00, real=0.09 secs] 
3783.121: [GC (Allocation Failure) [PSYoungGen: 435520K->90304K(465920K)] 1453942K->1278606K(1864192K), 0.1399414 secs] [Times: user=0.83 sys=0.00, real=0.14 secs] 
3783.261: [Full GC (Ergonomics) [PSYoungGen: 90304K->0K(465920K)] [ParOldGen: 1188302K->78221K(1398272K)] 1278606K->78221K(1864192K), [Metaspace: 60419K->60419K(1105920K)], 0.1897830 secs] [Times: user=0.87 sys=0.00, real=0.19 secs] 
3783.692: [GC (Allocation Failure) [PSYoungGen: 232960K->176480K(465920K)] 311181K->254701K(1864192K), 0.0374429 secs] [Times: user=0.22 sys=0.00, real=0.04 secs] 
3786.336: [GC (Allocation Failure) [PSYoungGen: 409440K->82848K(465920K)] 487661K->337405K(1864192K), 0.1183005 secs] [Times: user=0.69 sys=0.01, real=0.12 secs] 
3787.567: [GC (Allocation Failure) [PSYoungGen: 315808K->166240K(465920K)] 570365K->496658K(1864192K), 0.0614867 secs] [Times: user=0.36 sys=0.00, real=0.06 secs] 
3788.756: [GC (Allocation Failure) [PSYoungGen: 399200K->99936K(465920K)] 729618K->596842K(1864192K), 0.0881367 secs] [Times: user=0.52 sys=0.01, real=0.09 secs] 
3791.174: [GC (Allocation Failure) [PSYoungGen: 332896K->148544K(465920K)] 829802K->734673K(1864192K), 0.0604577 secs] [Times: user=0.36 sys=0.00, real=0.06 secs] 
3793.915: [GC (Allocation Failure) [PSYoungGen: 381504K->115680K(348672K)] 967633K->850153K(1746944K), 0.0774735 secs] [Times: user=0.46 sys=0.00, real=0.07 secs] 
3795.119: [GC (Allocation Failure) [PSYoungGen: 348640K->132352K(474624K)] 1083113K->972334K(1872896K), 0.0618179 secs] [Times: user=0.36 sys=0.01, real=0.06 secs] 
3797.622: [GC (Allocation Failure) [PSYoungGen: 374528K->140864K(383488K)] 1214510K->1113102K(1781760K), 0.0617789 secs] [Times: user=0.36 sys=0.01, real=0.07 secs] 
3798.807: [GC (Allocation Failure) [PSYoungGen: 383040K->5440K(448000K)] 1355278K->977754K(1846272K), 0.0032236 secs] [Times: user=0.02 sys=0.00, real=0.00 secs] 
3800.074: [GC (Allocation Failure) [PSYoungGen: 235840K->162656K(460800K)] 1208154K->1138863K(1859072K), 0.0328109 secs] [Times: user=0.20 sys=0.00, real=0.03 secs] 
3801.550: [GC (Allocation Failure) [PSYoungGen: 393056K->99776K(461824K)] 1369263K->1229647K(1860096K), 0.1046598 secs] [Times: user=0.61 sys=0.01, real=0.11 secs] 
3802.619: [GC (Allocation Failure) [PSYoungGen: 326031K->166144K(463872K)] 1455902K->1393464K(1862144K), 0.0527208 secs] [Times: user=0.31 sys=0.00, real=0.05 secs] 
3802.671: [Full GC (Ergonomics) [PSYoungGen: 166144K->0K(463872K)] [ParOldGen: 1227320K->197639K(1398272K)] 1393464K->197639K(1862144K), [Metaspace: 60420K->60420K(1105920K)], 0.4776363 secs] [Times: user=2.23 sys=0.00, real=0.48 secs] 
3805.532: [GC (Allocation Failure) [PSYoungGen: 235520K->95424K(465920K)] 433159K->293063K(1864192K), 0.0557292 secs] [Times: user=0.32 sys=0.01, real=0.06 secs] 
3807.166: [GC (Allocation Failure) [PSYoungGen: 332992K->170080K(465920K)] 530631K->458818K(1864192K), 0.0497605 secs] [Times: user=0.30 sys=0.00, real=0.05 secs] 
3809.814: [GC (Allocation Failure) [PSYoungGen: 407648K->94528K(467968K)] 696386K->552394K(1866240K), 0.1532018 secs] [Times: user=0.91 sys=0.00, real=0.15 secs] 
3810.306: [GC (Allocation Failure) [PSYoungGen: 330048K->178016K(465920K)] 787914K->724187K(1864192K), 0.0596277 secs] [Times: user=0.35 sys=0.00, real=0.06 secs] 
3812.202: [GC (Allocation Failure) [PSYoungGen: 413536K->94112K(465920K)] 959707K->818171K(1864192K), 0.1160476 secs] [Times: user=0.69 sys=0.00, real=0.12 secs] 
3814.432: [GC (Allocation Failure) [PSYoungGen: 326886K->201472K(465920K)] 1050945K->1014056K(1864192K), 0.0697192 secs] [Times: user=0.42 sys=0.00, real=0.07 secs] 
3816.826: [GC (Allocation Failure) [PSYoungGen: 434432K->93344K(465920K)] 1247016K->1070792K(1864192K), 0.1065870 secs] [Times: user=0.58 sys=0.00, real=0.11 secs] 
3818.058: [GC (Allocation Failure) [PSYoungGen: 326304K->150912K(465920K)] 1303752K->1215001K(1864192K), 0.0607462 secs] [Times: user=0.36 sys=0.00, real=0.06 secs] 
3818.973: [GC (Allocation Failure) [PSYoungGen: 383872K->115104K(465920K)] 1447961K->1330345K(1864192K), 0.0613576 secs] [Times: user=0.36 sys=0.00, real=0.06 secs] 
3819.034: [Full GC (Ergonomics) [PSYoungGen: 115104K->0K(465920K)] [ParOldGen: 1215241K->130201K(1398272K)] 1330345K->130201K(1864192K), [Metaspace: 60421K->60421K(1105920K)], 0.2951416 secs] [Times: user=1.34 sys=0.00, real=0.29 secs] 
3820.467: [GC (Allocation Failure) [PSYoungGen: 232960K->132832K(366080K)] 363161K->263033K(1764352K), 0.0473163 secs] [Times: user=0.28 sys=0.00, real=0.05 secs] 
3822.345: [GC (Allocation Failure) [PSYoungGen: 365792K->133376K(466432K)] 495993K->396297K(1864704K), 0.0703003 secs] [Times: user=0.42 sys=0.00, real=0.07 secs] 
3824.292: [GC (Allocation Failure) [PSYoungGen: 374528K->3040K(458240K)] 637449K->265985K(1856512K), 0.0019787 secs] [Times: user=0.01 sys=0.00, real=0.01 secs] 
3826.381: [GC (Allocation Failure) [PSYoungGen: 244192K->159328K(462848K)] 507137K->423462K(1861120K), 0.0310665 secs] [Times: user=0.18 sys=0.00, real=0.03 secs] 
3828.294: [GC (Allocation Failure) [PSYoungGen: 392288K->101248K(334336K)] 656422K->515578K(1732608K), 0.0772689 secs] [Times: user=0.46 sys=0.00, real=0.07 secs] 
3829.754: [GC (Allocation Failure) [PSYoungGen: 334208K->166880K(456704K)] 748538K->680443K(1854976K), 0.0536041 secs] [Times: user=0.32 sys=0.00, real=0.05 secs] 
3833.158: [GC (Allocation Failure) [PSYoungGen: 396768K->91552K(462848K)] 910331K->763531K(1861120K), 0.1406091 secs] [Times: user=0.84 sys=0.00, real=0.14 secs] 
3834.562: [GC (Allocation Failure) [PSYoungGen: 313216K->161024K(463360K)] 985195K->922456K(1861632K), 0.0492433 secs] [Times: user=0.29 sys=0.00, real=0.05 secs] 
3837.835: [GC (Allocation Failure) [PSYoungGen: 396032K->93600K(328704K)] 1157464K->1007480K(1726976K), 0.1384868 secs] [Times: user=0.82 sys=0.00, real=0.14 secs] 
3839.282: [GC (Allocation Failure) [PSYoungGen: 328608K->171936K(459264K)] 1242488K->1175681K(1857536K), 0.0508304 secs] [Times: user=0.30 sys=0.01, real=0.05 secs] 
3841.595: [GC (Allocation Failure) [PSYoungGen: 403391K->89408K(465408K)] 1407136K->1264873K(1863680K), 0.1195421 secs] [Times: user=0.71 sys=0.00, real=0.12 secs] 
3841.714: [Full GC (Ergonomics) [PSYoungGen: 89408K->0K(465408K)] [ParOldGen: 1175465K->62929K(1398272K)] 1264873K->62929K(1863680K), [Metaspace: 60426K->60426K(1105920K)], 0.1498318 secs] [Times: user=0.66 sys=0.00, real=0.15 secs] 
3842.637: [GC (Allocation Failure) [PSYoungGen: 232448K->166688K(463360K)] 295377K->229617K(1861632K), 0.0523171 secs] [Times: user=0.31 sys=0.01, real=0.05 secs] 
3845.357: [GC (Allocation Failure) [PSYoungGen: 399648K->88064K(465920K)] 462577K->317521K(1864192K), 0.1294390 secs] [Times: user=0.77 sys=0.00, real=0.13 secs] 
3847.635: [GC (Allocation Failure) [PSYoungGen: 321024K->169280K(464896K)] 550481K->481150K(1863168K), 0.1248381 secs] [Times: user=0.71 sys=0.00, real=0.12 secs] 
3850.673: [GC (Allocation Failure) [PSYoungGen: 402240K->88896K(465920K)] 714110K->570238K(1864192K), 0.1237393 secs] [Times: user=0.74 sys=0.00, real=0.12 secs] 
3852.117: [GC (Allocation Failure) [PSYoungGen: 321231K->206816K(465920K)] 802573K->766499K(1864192K), 0.0886281 secs] [Times: user=0.53 sys=0.00, real=0.09 secs] 
3853.740: [GC (Allocation Failure) [PSYoungGen: 438703K->92768K(465920K)] 998386K->825835K(1864192K), 0.0992773 secs] [Times: user=0.59 sys=0.00, real=0.10 secs] 
3855.548: [GC (Allocation Failure) [PSYoungGen: 325728K->150432K(465920K)] 1058795K->970023K(1864192K), 0.0602829 secs] [Times: user=0.36 sys=0.00, real=0.06 secs] 
3857.480: [GC (Allocation Failure) [PSYoungGen: 383392K->105440K(465920K)] 1202983K->1075736K(1864192K), 0.0884786 secs] [Times: user=0.53 sys=0.00, real=0.09 secs] 
3858.699: [GC (Allocation Failure) [PSYoungGen: 338400K->142368K(462848K)] 1308696K->1207836K(1861120K), 0.0610396 secs] [Times: user=0.36 sys=0.00, real=0.06 secs] 
3861.148: [GC (Allocation Failure) [PSYoungGen: 375328K->123712K(356864K)] 1440796K->1331372K(1755136K), 0.0673530 secs] [Times: user=0.40 sys=0.00, real=0.07 secs] 
3861.215: [Full GC (Ergonomics) [PSYoungGen: 123712K->0K(356864K)] [ParOldGen: 1207660K->139249K(1398272K)] 1331372K->139249K(1755136K), [Metaspace: 60438K->60438K(1105920K)], 0.3216992 secs] [Times: user=1.49 sys=0.00, real=0.32 secs] 
3862.633: [GC (Allocation Failure) [PSYoungGen: 232960K->124032K(467968K)] 372209K->263281K(1866240K), 0.0450084 secs] [Times: user=0.27 sys=0.00, real=0.05 secs] 
3865.243: [GC (Allocation Failure) [PSYoungGen: 369792K->150016K(459776K)] 509041K->413141K(1858048K), 0.0625864 secs] [Times: user=0.37 sys=0.00, real=0.07 secs] 
3868.354: [GC (Allocation Failure) [PSYoungGen: 395776K->11072K(461824K)] 658901K->274213K(1860096K), 0.0041849 secs] [Times: user=0.02 sys=0.00, real=0.00 secs] 
3869.690: [GC (Allocation Failure) [PSYoungGen: 255034K->173600K(422400K)] 518176K->445850K(1820672K), 0.0358368 secs] [Times: user=0.21 sys=0.00, real=0.04 secs] 
3871.711: [GC (Allocation Failure) [PSYoungGen: 421920K->108864K(472064K)] 694170K->546154K(1870336K), 0.1483566 secs] [Times: user=0.88 sys=0.00, real=0.15 secs] 
3872.695: [GC (Allocation Failure) [PSYoungGen: 347968K->173824K(465920K)] 785258K->716379K(1864192K), 0.1286661 secs] [Times: user=0.77 sys=0.00, real=0.13 secs] 
3875.616: [GC (Allocation Failure) [PSYoungGen: 412928K->92384K(468480K)] 955483K->808967K(1866752K), 0.1331158 secs] [Times: user=0.80 sys=0.00, real=0.13 secs] 
3877.565: [GC (Allocation Failure) [PSYoungGen: 327904K->172640K(465920K)] 1044487K->976068K(1864192K), 0.1643300 secs] [Times: user=0.98 sys=0.00, real=0.16 secs] 
3880.621: [GC (Allocation Failure) [PSYoungGen: 408160K->88096K(465920K)] 1211588K->1064052K(1864192K), 0.1046762 secs] [Times: user=0.62 sys=0.00, real=0.11 secs] 
3881.931: [GC (Allocation Failure) [PSYoungGen: 321056K->158656K(465920K)] 1297012K->1216133K(1864192K), 0.0616104 secs] [Times: user=0.36 sys=0.00, real=0.06 secs] 
3883.195: [GC (Allocation Failure) [PSYoungGen: 391616K->104928K(457728K)] 1449093K->1320853K(1856000K), 0.0675935 secs] [Times: user=0.40 sys=0.00, real=0.06 secs] 
3883.263: [Full GC (Ergonomics) [PSYoungGen: 104928K->0K(457728K)] [ParOldGen: 1215925K->120081K(1398272K)] 1320853K->120081K(1856000K), [Metaspace: 60439K->60439K(1105920K)], 0.2754791 secs] [Times: user=1.25 sys=0.00, real=0.28 secs] 
3886.264: [GC (Allocation Failure) [PSYoungGen: 232960K->142080K(461824K)] 353041K->262161K(1860096K), 0.0502677 secs] [Times: user=0.30 sys=0.00, real=0.05 secs] 
3888.352: [GC (Allocation Failure) [PSYoungGen: 375040K->118080K(455168K)] 495121K->380537K(1853440K), 0.0889473 secs] [Times: user=0.53 sys=0.00, real=0.09 secs] 
3889.953: [GC (Allocation Failure) [PSYoungGen: 363840K->129984K(462336K)] 626297K->500326K(1860608K), 0.0616923 secs] [Times: user=0.37 sys=0.00, real=0.06 secs] 
3891.925: [GC (Allocation Failure) [PSYoungGen: 375744K->155360K(479744K)] 746086K->655854K(1878016K), 0.1436712 secs] [Times: user=0.85 sys=0.01, real=0.14 secs] 
3895.710: [GC (Allocation Failure) [PSYoungGen: 426208K->27680K(299008K)] 926702K->528198K(1697280K), 0.0103530 secs] [Times: user=0.06 sys=0.00, real=0.01 secs] 
3897.233: [GC (Allocation Failure) [PSYoungGen: 298528K->196128K(453120K)] 799046K->721374K(1851392K), 0.0714896 secs] [Times: user=0.43 sys=0.00, real=0.08 secs] 
3899.709: [GC (Allocation Failure) [PSYoungGen: 429088K->88928K(465920K)] 954334K->810511K(1864192K), 0.1370066 secs] [Times: user=0.82 sys=0.00, real=0.14 secs] 
3901.470: [GC (Allocation Failure) [PSYoungGen: 321774K->205408K(465920K)] 1043357K->1010267K(1864192K), 0.1106643 secs] [Times: user=0.66 sys=0.00, real=0.11 secs] 
3904.464: [GC (Allocation Failure) [PSYoungGen: 438368K->84832K(465920K)] 1243227K->1062331K(1864192K), 0.0976690 secs] [Times: user=0.58 sys=0.00, real=0.09 secs] 
3906.462: [GC (Allocation Failure) [PSYoungGen: 317792K->159136K(465920K)] 1295291K->1214744K(1864192K), 0.0599740 secs] [Times: user=0.36 sys=0.00, real=0.06 secs] 
3907.557: [GC (Allocation Failure) [PSYoungGen: 392096K->103232K(465920K)] 1447704K->1317824K(1864192K), 0.0861515 secs] [Times: user=0.51 sys=0.00, real=0.09 secs] 
3907.644: [Full GC (Ergonomics) [PSYoungGen: 103232K->0K(465920K)] [ParOldGen: 1214592K->118359K(1398272K)] 1317824K->118359K(1864192K), [Metaspace: 60441K->60441K(1105920K)], 0.2715485 secs] [Times: user=1.24 sys=0.00, real=0.27 secs] 
3911.257: [GC (Allocation Failure) [PSYoungGen: 232960K->144032K(465920K)] 351319K->262391K(1864192K), 0.0508563 secs] [Times: user=0.30 sys=0.00, real=0.05 secs] 
3912.474: [GC (Allocation Failure) [PSYoungGen: 376992K->115168K(348160K)] 495351K->377599K(1746432K), 0.1149799 secs] [Times: user=0.68 sys=0.00, real=0.11 secs] 
3914.833: [GC (Allocation Failure) [PSYoungGen: 348128K->132416K(468992K)] 610559K->500060K(1867264K), 0.0613622 secs] [Times: user=0.37 sys=0.00, real=0.06 secs] 
3915.609: [GC (Allocation Failure) [PSYoungGen: 373568K->142816K(460800K)] 741212K->643084K(1859072K), 0.0593559 secs] [Times: user=0.35 sys=0.00, real=0.06 secs] 
3917.801: [GC (Allocation Failure) [PSYoungGen: 383968K->4448K(454656K)] 884236K->504748K(1852928K), 0.0029022 secs] [Times: user=0.02 sys=0.00, real=0.01 secs] 
3919.843: [GC (Allocation Failure) [PSYoungGen: 243040K->164352K(403456K)] 743340K->666984K(1801728K), 0.0326188 secs] [Times: user=0.19 sys=0.00, real=0.04 secs] 
3922.030: [GC (Allocation Failure) [PSYoungGen: 402944K->102240K(471552K)] 905576K->760400K(1869824K), 0.1638020 secs] [Times: user=0.97 sys=0.00, real=0.17 secs] 
3923.237: [GC (Allocation Failure) [PSYoungGen: 340832K->171840K(465920K)] 998992K->930273K(1864192K), 0.0542262 secs] [Times: user=0.32 sys=0.00, real=0.05 secs] 
3926.845: [GC (Allocation Failure) [PSYoungGen: 410432K->90400K(468480K)] 1168865K->1020705K(1866752K), 0.1701102 secs] [Times: user=1.00 sys=0.00, real=0.17 secs] 
3927.418: [GC (Allocation Failure) [PSYoungGen: 325920K->172032K(465920K)] 1256225K->1188994K(1864192K), 0.0566987 secs] [Times: user=0.33 sys=0.01, real=0.06 secs] 
3930.809: [GC (Allocation Failure) [PSYoungGen: 407552K->85216K(465920K)] 1424514K->1274202K(1864192K), 0.1457783 secs] [Times: user=0.87 sys=0.00, real=0.15 secs] 
3930.955: [Full GC (Ergonomics) [PSYoungGen: 85216K->0K(465920K)] [ParOldGen: 1188986K->73356K(1398272K)] 1274202K->73356K(1864192K), [Metaspace: 60457K->60457K(1105920K)], 0.1874823 secs] [Times: user=0.85 sys=0.00, real=0.18 secs] 
3931.383: [GC (Allocation Failure) [PSYoungGen: 232960K->179328K(465920K)] 306316K->252684K(1864192K), 0.0379131 secs] [Times: user=0.23 sys=0.00, real=0.03 secs] 
3935.277: [GC (Allocation Failure) [PSYoungGen: 412288K->86272K(465920K)] 485644K->339196K(1864192K), 0.1195974 secs] [Times: user=0.71 sys=0.00, real=0.12 secs] 
3936.430: [GC (Allocation Failure) [PSYoungGen: 318488K->202080K(465920K)] 571412K->535295K(1864192K), 0.0673547 secs] [Times: user=0.40 sys=0.00, real=0.07 secs] 
3938.557: [GC (Allocation Failure) [PSYoungGen: 435040K->93248K(465920K)] 768255K->591567K(1864192K), 0.0946285 secs] [Times: user=0.56 sys=0.00, real=0.09 secs] 
3942.682: [GC (Allocation Failure) [PSYoungGen: 326208K->150976K(465920K)] 824527K->735860K(1864192K), 0.0603513 secs] [Times: user=0.36 sys=0.00, real=0.06 secs] 
3944.580: [GC (Allocation Failure) [PSYoungGen: 383936K->111008K(465920K)] 968820K->846816K(1864192K), 0.0887140 secs] [Times: user=0.52 sys=0.00, real=0.09 secs] 
3946.554: [GC (Allocation Failure) [PSYoungGen: 343968K->145856K(465920K)] 1079776K->973901K(1864192K), 0.0612179 secs] [Times: user=0.36 sys=0.01, real=0.06 secs] 
3949.036: [GC (Allocation Failure) [PSYoungGen: 378816K->117888K(451584K)] 1206861K->1091205K(1849856K), 0.0702888 secs] [Times: user=0.41 sys=0.00, real=0.07 secs] 
3951.122: [GC (Allocation Failure) [PSYoungGen: 350848K->130272K(458752K)] 1324165K->1210754K(1857024K), 0.0621612 secs] [Times: user=0.37 sys=0.00, real=0.07 secs] 
3953.200: [GC (Allocation Failure) [PSYoungGen: 363232K->135680K(461312K)] 1443714K->1346602K(1859584K), 0.0620736 secs] [Times: user=0.37 sys=0.00, real=0.06 secs] 
3953.262: [Full GC (Ergonomics) [PSYoungGen: 135680K->0K(461312K)] [ParOldGen: 1210922K->150709K(1398272K)] 1346602K->150709K(1859584K), [Metaspace: 60463K->60463K(1105920K)], 0.3453508 secs] [Times: user=1.59 sys=0.00, real=0.35 secs] 
3954.969: [GC (Allocation Failure) [PSYoungGen: 256000K->122816K(466432K)] 406709K->273525K(1864704K), 0.0776547 secs] [Times: user=0.46 sys=0.01, real=0.08 secs] 
3957.049: [GC (Allocation Failure) [PSYoungGen: 369134K->174624K(476672K)] 519844K->446070K(1874944K), 0.0622326 secs] [Times: user=0.37 sys=0.00, real=0.06 secs] 
3959.118: [GC (Allocation Failure) [PSYoungGen: 447520K->125376K(485888K)] 718966K->562454K(1884160K), 0.1588296 secs] [Times: user=0.95 sys=0.01, real=0.16 secs] 
3961.862: [GC (Allocation Failure) [PSYoungGen: 398272K->183104K(470016K)] 835350K->739299K(1868288K), 0.0668497 secs] [Times: user=0.40 sys=0.00, real=0.07 secs] 
3963.548: [GC (Allocation Failure) [PSYoungGen: 446784K->125856K(481280K)] 1002979K->865403K(1879552K), 0.0821466 secs] [Times: user=0.49 sys=0.00, real=0.08 secs] 
3965.624: [GC (Allocation Failure) [PSYoungGen: 389536K->6464K(458240K)] 1129083K->746035K(1856512K), 0.0087472 secs] [Times: user=0.04 sys=0.00, real=0.01 secs] 
3967.360: [GC (Allocation Failure) [PSYoungGen: 252736K->183456K(430080K)] 992307K->927758K(1828352K), 0.0360708 secs] [Times: user=0.21 sys=0.00, real=0.04 secs] 
3969.492: [GC (Allocation Failure) [PSYoungGen: 429728K->104320K(466944K)] 1174030K->1014970K(1865216K), 0.1701782 secs] [Times: user=1.01 sys=0.00, real=0.17 secs] 
3970.788: [GC (Allocation Failure) [PSYoungGen: 338304K->168480K(465920K)] 1248954K->1180107K(1864192K), 0.0727047 secs] [Times: user=0.44 sys=0.00, real=0.07 secs] 
3973.473: [GC (Allocation Failure) [PSYoungGen: 402464K->88544K(465920K)] 1414091K->1268683K(1864192K), 0.1435148 secs] [Times: user=0.85 sys=0.01, real=0.14 secs] 
3973.617: [Full GC (Ergonomics) [PSYoungGen: 88544K->0K(465920K)] [ParOldGen: 1180139K->66892K(1398272K)] 1268683K->66892K(1864192K), [Metaspace: 60463K->60463K(1105920K)], 0.1739724 secs] [Times: user=0.81 sys=0.00, real=0.17 secs] 
3975.387: [GC (Allocation Failure) [PSYoungGen: 232960K->172704K(465920K)] 299852K->239596K(1864192K), 0.1067879 secs] [Times: user=0.63 sys=0.01, real=0.11 secs] 
3980.003: [GC (Allocation Failure) [PSYoungGen: 405664K->78208K(465920K)] 472556K->317820K(1864192K), 0.1568497 secs] [Times: user=0.93 sys=0.00, real=0.16 secs] 
3980.464: [GC (Allocation Failure) [PSYoungGen: 311168K->179552K(465920K)] 550780K->491577K(1864192K), 0.0561472 secs] [Times: user=0.33 sys=0.00, real=0.05 secs] 
3982.663: [GC (Allocation Failure) [PSYoungGen: 412512K->87712K(465920K)] 724537K->579541K(1864192K), 0.1255245 secs] [Times: user=0.74 sys=0.00, real=0.13 secs] 
3984.379: [GC (Allocation Failure) [PSYoungGen: 320672K->163104K(465920K)] 812501K->735770K(1864192K), 0.0621286 secs] [Times: user=0.37 sys=0.00, real=0.06 secs] 
3985.453: [GC (Allocation Failure) [PSYoungGen: 396064K->100256K(465920K)] 968730K->836274K(1864192K), 0.0882051 secs] [Times: user=0.53 sys=0.00, real=0.08 secs] 
3987.566: [GC (Allocation Failure) [PSYoungGen: 333216K->148192K(465920K)] 1069234K->973831K(1864192K), 0.0605437 secs] [Times: user=0.36 sys=0.00, real=0.06 secs] 
3988.962: [GC (Allocation Failure) [PSYoungGen: 381152K->121280K(451584K)] 1206791K->1094911K(1849856K), 0.0755234 secs] [Times: user=0.45 sys=0.00, real=0.08 secs] 
3991.902: [GC (Allocation Failure) [PSYoungGen: 354240K->126368K(458752K)] 1327871K->1211091K(1857024K), 0.0623774 secs] [Times: user=0.37 sys=0.00, real=0.07 secs] 
3993.088: [GC (Allocation Failure) [PSYoungGen: 359328K->137344K(463872K)] 1444051K->1348451K(1862144K), 0.0834158 secs] [Times: user=0.50 sys=0.00, real=0.08 secs] 
3993.172: [Full GC (Ergonomics) [PSYoungGen: 137344K->0K(463872K)] [ParOldGen: 1211107K->152357K(1398272K)] 1348451K->152357K(1862144K), [Metaspace: 60466K->60466K(1105920K)], 0.3543359 secs] [Times: user=1.62 sys=0.00, real=0.36 secs] 
3996.161: [GC (Allocation Failure) [PSYoungGen: 256512K->115968K(467456K)] 408869K->268325K(1865728K), 0.0405354 secs] [Times: user=0.24 sys=0.00, real=0.04 secs] 
3997.995: [GC (Allocation Failure) [PSYoungGen: 366067K->177728K(473088K)] 518425K->445146K(1871360K), 0.1177051 secs] [Times: user=0.70 sys=0.00, real=0.11 secs] 
4001.903: [GC (Allocation Failure) [PSYoungGen: 442995K->112384K(483328K)] 710414K->549438K(1881600K), 0.1545818 secs] [Times: user=0.92 sys=0.00, real=0.15 secs] 
4004.283: [GC (Allocation Failure) [PSYoungGen: 380160K->192896K(458240K)] 817214K->738419K(1856512K), 0.1628913 secs] [Times: user=0.97 sys=0.00, real=0.17 secs] 
4006.348: [GC (Allocation Failure) [PSYoungGen: 432642K->94048K(473088K)] 978166K->832443K(1871360K), 0.0866113 secs] [Times: user=0.52 sys=0.00, real=0.09 secs] 
4009.055: [GC (Allocation Failure) [PSYoungGen: 341344K->151104K(467456K)] 1079739K->977120K(1865728K), 0.0608419 secs] [Times: user=0.36 sys=0.00, real=0.06 secs] 
4010.237: [GC (Allocation Failure) [PSYoungGen: 399936K->129888K(471040K)] 1225952K->1106816K(1869312K), 0.0660562 secs] [Times: user=0.39 sys=0.00, real=0.07 secs] 
4013.186: [GC (Allocation Failure) [PSYoungGen: 378720K->2304K(455168K)] 1355648K->979256K(1853440K), 0.0025970 secs] [Times: user=0.02 sys=0.00, real=0.00 secs] 
4014.323: [GC (Allocation Failure) [PSYoungGen: 243456K->161344K(402944K)] 1220408K->1140041K(1801216K), 0.0783652 secs] [Times: user=0.46 sys=0.00, real=0.07 secs] 
4017.756: [GC (Allocation Failure) [PSYoungGen: 402496K->102432K(473088K)] 1381193K->1234257K(1871360K), 0.0917599 secs] [Times: user=0.55 sys=0.00, real=0.09 secs] 
4019.435: [GC (Allocation Failure) [PSYoungGen: 332999K->166432K(465920K)] 1464824K->1398597K(1864192K), 0.1198027 secs] [Times: user=0.71 sys=0.01, real=0.12 secs] 
4019.555: [Full GC (Ergonomics) [PSYoungGen: 166432K->0K(465920K)] [ParOldGen: 1232165K->196963K(1398272K)] 1398597K->196963K(1864192K), [Metaspace: 60466K->60466K(1105920K)], 0.5045391 secs] [Times: user=2.39 sys=0.00, real=0.50 secs] 
4022.715: [GC (Allocation Failure) [PSYoungGen: 240128K->94784K(467968K)] 437091K->291747K(1866240K), 0.0611685 secs] [Times: user=0.36 sys=0.00, real=0.06 secs] 
4024.119: [GC (Allocation Failure) [PSYoungGen: 334912K->177344K(417792K)] 531875K->465264K(1816064K), 0.0711694 secs] [Times: user=0.42 sys=0.00, real=0.07 secs] 
4027.715: [GC (Allocation Failure) [PSYoungGen: 417472K->87520K(465920K)] 705392K->552912K(1864192K), 0.1422080 secs] [Times: user=0.85 sys=0.01, real=0.14 secs] 
4028.213: [GC (Allocation Failure) [PSYoungGen: 320480K->173792K(465920K)] 785872K->720605K(1864192K), 0.0561907 secs] [Times: user=0.34 sys=0.01, real=0.06 secs] 
4031.231: [GC (Allocation Failure) [PSYoungGen: 406752K->93728K(465920K)] 953565K->813661K(1864192K), 0.1283335 secs] [Times: user=0.77 sys=0.00, real=0.13 secs] 
4033.490: [GC (Allocation Failure) [PSYoungGen: 326500K->202464K(465920K)] 1046434K->1010418K(1864192K), 0.0602997 secs] [Times: user=0.36 sys=0.00, real=0.06 secs] 
4035.366: [GC (Allocation Failure) [PSYoungGen: 435424K->92704K(465920K)] 1243378K->1069274K(1864192K), 0.0952750 secs] [Times: user=0.57 sys=0.00, real=0.09 secs] 
4038.445: [GC (Allocation Failure) [PSYoungGen: 325664K->150976K(465920K)] 1302234K->1214063K(1864192K), 0.0608400 secs] [Times: user=0.37 sys=0.00, real=0.06 secs] 
4039.245: [GC (Allocation Failure) [PSYoungGen: 383936K->107232K(465920K)] 1447023K->1321503K(1864192K), 0.0815321 secs] [Times: user=0.48 sys=0.00, real=0.08 secs] 
4039.327: [Full GC (Ergonomics) [PSYoungGen: 107232K->0K(465920K)] [ParOldGen: 1214271K->122285K(1398272K)] 1321503K->122285K(1864192K), [Metaspace: 60468K->60468K(1105920K)], 0.2757545 secs] [Times: user=1.26 sys=0.00, real=0.27 secs] 
4043.045: [GC (Allocation Failure) [PSYoungGen: 232960K->140480K(373760K)] 355245K->262765K(1772032K), 0.0503165 secs] [Times: user=0.30 sys=0.00, real=0.05 secs] 
4044.471: [GC (Allocation Failure) [PSYoungGen: 373440K->120320K(471552K)] 495725K->383373K(1869824K), 0.0892149 secs] [Times: user=0.53 sys=0.00, real=0.09 secs] 
4046.994: [GC (Allocation Failure) [PSYoungGen: 361472K->127488K(369152K)] 624525K->500554K(1767424K), 0.0623913 secs] [Times: user=0.36 sys=0.01, real=0.06 secs] 
4048.434: [GC (Allocation Failure) [PSYoungGen: 368640K->150560K(459776K)] 741706K->651162K(1858048K), 0.0585284 secs] [Times: user=0.35 sys=0.00, real=0.05 secs] 
4051.721: [GC (Allocation Failure) [PSYoungGen: 397344K->11968K(459264K)] 897946K->512610K(1857536K), 0.0044844 secs] [Times: user=0.03 sys=0.00, real=0.01 secs] 
4055.303: [GC (Allocation Failure) [PSYoungGen: 258752K->173024K(457728K)] 759394K->683014K(1856000K), 0.0363567 secs] [Times: user=0.22 sys=0.00, real=0.03 secs] 
4057.442: [GC (Allocation Failure) [PSYoungGen: 405984K->92096K(465920K)] 915974K->766535K(1864192K), 0.1717656 secs] [Times: user=1.02 sys=0.00, real=0.18 secs] 
4059.492: [GC (Allocation Failure) [PSYoungGen: 325056K->187616K(461824K)] 999495K->949591K(1860096K), 0.0508368 secs] [Times: user=0.30 sys=0.00, real=0.05 secs] 
4062.554: [GC (Allocation Failure) [PSYoungGen: 420576K->88544K(465920K)] 1182551K->1021479K(1864192K), 0.1411714 secs] [Times: user=0.84 sys=0.00, real=0.14 secs] 
4063.491: [GC (Allocation Failure) [PSYoungGen: 321504K->167712K(465920K)] 1254439K->1185380K(1864192K), 0.0563199 secs] [Times: user=0.33 sys=0.00, real=0.06 secs] 
4065.939: [GC (Allocation Failure) [PSYoungGen: 400672K->91712K(465920K)] 1418340K->1276924K(1864192K), 0.1611917 secs] [Times: user=0.96 sys=0.00, real=0.16 secs] 
4066.101: [Full GC (Ergonomics) [PSYoungGen: 91712K->0K(465920K)] [ParOldGen: 1185212K->76558K(1398272K)] 1276924K->76558K(1864192K), [Metaspace: 60468K->60468K(1105920K)], 0.1995725 secs] [Times: user=0.93 sys=0.00, real=0.20 secs] 
4066.532: [GC (Allocation Failure) [PSYoungGen: 232960K->171776K(465920K)] 309518K->248334K(1864192K), 0.0368586 secs] [Times: user=0.21 sys=0.00, real=0.04 secs] 
4070.025: [GC (Allocation Failure) [PSYoungGen: 404736K->91552K(465920K)] 481294K->339234K(1864192K), 0.1065988 secs] [Times: user=0.63 sys=0.00, real=0.10 secs] 
4071.205: [GC (Allocation Failure) [PSYoungGen: 324206K->202304K(465920K)] 571888K->535519K(1864192K), 0.0685319 secs] [Times: user=0.41 sys=0.00, real=0.07 secs] 
4075.157: [GC (Allocation Failure) [PSYoungGen: 435264K->91744K(465920K)] 768479K->590247K(1864192K), 0.1002541 secs] [Times: user=0.59 sys=0.00, real=0.10 secs] 
4076.355: [GC (Allocation Failure) [PSYoungGen: 324704K->152160K(465920K)] 823207K->736127K(1864192K), 0.0597949 secs] [Times: user=0.35 sys=0.00, real=0.06 secs] 
4079.260: [GC (Allocation Failure) [PSYoungGen: 385120K->106016K(465920K)] 969087K->842111K(1864192K), 0.0891861 secs] [Times: user=0.53 sys=0.00, real=0.09 secs] 
4080.473: [GC (Allocation Failure) [PSYoungGen: 338976K->142208K(465920K)] 1075071K->973943K(1864192K), 0.0610535 secs] [Times: user=0.36 sys=0.00, real=0.06 secs] 
4083.269: [GC (Allocation Failure) [PSYoungGen: 375168K->125856K(358912K)] 1206903K->1099607K(1757184K), 0.0663989 secs] [Times: user=0.39 sys=0.00, real=0.07 secs] 
4086.771: [GC (Allocation Failure) [PSYoungGen: 358816K->121952K(465408K)] 1332567K->1210855K(1863680K), 0.0624623 secs] [Times: user=0.37 sys=0.00, real=0.07 secs] 
4089.463: [GC (Allocation Failure) [PSYoungGen: 363104K->142688K(457216K)] 1452007K->1353687K(1855488K), 0.0590220 secs] [Times: user=0.35 sys=0.00, real=0.06 secs] 
4089.522: [Full GC (Ergonomics) [PSYoungGen: 142688K->0K(457216K)] [ParOldGen: 1210999K->157641K(1398272K)] 1353687K->157641K(1855488K), [Metaspace: 60468K->60468K(1105920K)], 0.3623393 secs] [Times: user=1.67 sys=0.01, real=0.37 secs] 
4090.983: [GC (Allocation Failure) [PSYoungGen: 241152K->112768K(476160K)] 398793K->270409K(1874432K), 0.0393649 secs] [Times: user=0.23 sys=0.00, real=0.03 secs] 
4092.830: [GC (Allocation Failure) [PSYoungGen: 361264K->176832K(471040K)] 518905K->446070K(1869312K), 0.0654463 secs] [Times: user=0.38 sys=0.01, real=0.07 secs] 
4097.439: [GC (Allocation Failure) [PSYoungGen: 440512K->112992K(486400K)] 709750K->550754K(1884672K), 0.1463638 secs] [Times: user=0.87 sys=0.00, real=0.15 secs] 
4101.420: [GC (Allocation Failure) [PSYoungGen: 382304K->191936K(461312K)] 820066K->736419K(1859584K), 0.1519145 secs] [Times: user=0.90 sys=0.00, real=0.15 secs] 
4103.893: [GC (Allocation Failure) [PSYoungGen: 461248K->110144K(476672K)] 1005731K->846859K(1874944K), 0.1243506 secs] [Times: user=0.71 sys=0.01, real=0.12 secs] 
4108.283: [GC (Allocation Failure) [PSYoungGen: 360000K->141376K(391680K)] 1096715K->977735K(1789952K), 0.0628926 secs] [Times: user=0.38 sys=0.00, real=0.07 secs] 
4111.126: [GC (Allocation Failure) [PSYoungGen: 391232K->137248K(473088K)] 1227591K->1115183K(1871360K), 0.0614960 secs] [Times: user=0.37 sys=0.00, real=0.06 secs] 
4112.484: [GC (Allocation Failure) [PSYoungGen: 394272K->13024K(465920K)] 1372207K->991020K(1864192K), 0.0057475 secs] [Times: user=0.03 sys=0.00, real=0.00 secs] 
4113.402: [GC (Allocation Failure) [PSYoungGen: 254792K->171648K(460288K)] 1232788K->1160900K(1858560K), 0.0371117 secs] [Times: user=0.21 sys=0.00, real=0.04 secs] 
4116.275: [GC (Allocation Failure) [PSYoungGen: 409728K->95168K(468480K)] 1398980K->1247140K(1866752K), 0.1785027 secs] [Times: user=1.06 sys=0.01, real=0.18 secs] 
4116.453: [Full GC (Ergonomics) [PSYoungGen: 95168K->0K(468480K)] [ParOldGen: 1151972K->46136K(1398272K)] 1247140K->46136K(1866752K), [Metaspace: 60470K->60470K(1105920K)], 0.1229893 secs] [Times: user=0.53 sys=0.00, real=0.12 secs] 
4117.644: [GC (Allocation Failure) [PSYoungGen: 238080K->173696K(458752K)] 284216K->219832K(1857024K), 0.0368138 secs] [Times: user=0.22 sys=0.00, real=0.03 secs] 
4119.408: [GC (Allocation Failure) [PSYoungGen: 406656K->91232K(465920K)] 452792K->310812K(1864192K), 0.1369047 secs] [Times: user=0.81 sys=0.00, real=0.14 secs] 
4120.733: [GC (Allocation Failure) [PSYoungGen: 324192K->170112K(462848K)] 543772K->476021K(1861120K), 0.1220955 secs] [Times: user=0.73 sys=0.01, real=0.12 secs] 
4123.230: [GC (Allocation Failure) [PSYoungGen: 403072K->87808K(465920K)] 708981K->563629K(1864192K), 0.1442122 secs] [Times: user=0.86 sys=0.00, real=0.15 secs] 
4124.486: [GC (Allocation Failure) [PSYoungGen: 320768K->172864K(465408K)] 796589K->730357K(1863680K), 0.1522594 secs] [Times: user=0.84 sys=0.01, real=0.15 secs] 
4126.815: [GC (Allocation Failure) [PSYoungGen: 405824K->92256K(465920K)] 963317K->822605K(1864192K), 0.1190467 secs] [Times: user=0.71 sys=0.00, real=0.12 secs] 
4130.542: [GC (Allocation Failure) [PSYoungGen: 325216K->201696K(465920K)] 1055565K->1014030K(1864192K), 0.0675671 secs] [Times: user=0.41 sys=0.00, real=0.07 secs] 
4132.462: [GC (Allocation Failure) [PSYoungGen: 428668K->92832K(465920K)] 1241003K->1065838K(1864192K), 0.1104192 secs] [Times: user=0.65 sys=0.00, real=0.11 secs] 
4134.319: [GC (Allocation Failure) [PSYoungGen: 325792K->151360K(465920K)] 1298798K->1210915K(1864192K), 0.0605486 secs] [Times: user=0.36 sys=0.00, real=0.06 secs] 
4136.511: [GC (Allocation Failure) [PSYoungGen: 384320K->106304K(465920K)] 1443875K->1317019K(1864192K), 0.0875967 secs] [Times: user=0.52 sys=0.00, real=0.09 secs] 
4136.599: [Full GC (Ergonomics) [PSYoungGen: 106304K->0K(465920K)] [ParOldGen: 1210715K->121853K(1398272K)] 1317019K->121853K(1864192K), [Metaspace: 60470K->60470K(1105920K)], 0.2779160 secs] [Times: user=1.27 sys=0.00, real=0.28 secs] 
4139.545: [GC (Allocation Failure) [PSYoungGen: 232960K->140928K(460800K)] 354813K->262781K(1859072K), 0.0512911 secs] [Times: user=0.31 sys=0.00, real=0.05 secs] 
4141.329: [GC (Allocation Failure) [PSYoungGen: 373888K->138304K(463360K)] 495741K->401405K(1861632K), 0.0838912 secs] [Times: user=0.50 sys=0.00, real=0.08 secs] 
4143.306: [GC (Allocation Failure) [PSYoungGen: 371264K->125408K(456704K)] 634365K->500026K(1854976K), 0.0617649 secs] [Times: user=0.37 sys=0.00, real=0.06 secs] 
4144.315: [GC (Allocation Failure) [PSYoungGen: 370656K->155360K(460288K)] 745274K->655562K(1858560K), 0.0682581 secs] [Times: user=0.40 sys=0.00, real=0.07 secs] 
4149.011: [GC (Allocation Failure) [PSYoungGen: 400608K->12640K(458752K)] 900810K->512850K(1857024K), 0.0118050 secs] [Times: user=0.06 sys=0.01, real=0.02 secs] 
4151.242: [GC (Allocation Failure) [PSYoungGen: 255840K->171712K(415232K)] 756050K->682351K(1813504K), 0.0363654 secs] [Times: user=0.21 sys=0.00, real=0.04 secs] 
4153.235: [GC (Allocation Failure) [PSYoungGen: 414912K->101056K(469504K)] 925551K->774415K(1867776K), 0.1529819 secs] [Times: user=0.91 sys=0.01, real=0.15 secs] 
4154.707: [GC (Allocation Failure) [PSYoungGen: 337600K->172416K(465920K)] 1010959K->942988K(1864192K), 0.0527912 secs] [Times: user=0.31 sys=0.00, real=0.05 secs] 
4158.397: [GC (Allocation Failure) [PSYoungGen: 408960K->94272K(466944K)] 1179532K->1037336K(1865216K), 0.1632323 secs] [Times: user=0.97 sys=0.00, real=0.16 secs] 
4159.751: [GC (Allocation Failure) [PSYoungGen: 328256K->172224K(465920K)] 1271320K->1203525K(1864192K), 0.1582708 secs] [Times: user=0.95 sys=0.00, real=0.16 secs] 
4163.005: [GC (Allocation Failure) [PSYoungGen: 406208K->84288K(465920K)] 1437509K->1287357K(1864192K), 0.1390719 secs] [Times: user=0.83 sys=0.00, real=0.14 secs] 
4163.144: [Full GC (Ergonomics) [PSYoungGen: 84288K->0K(465920K)] [ParOldGen: 1203069K->87233K(1398272K)] 1287357K->87233K(1864192K), [Metaspace: 60470K->60470K(1105920K)], 0.2190568 secs] [Times: user=1.01 sys=0.00, real=0.22 secs] 
4165.068: [GC (Allocation Failure) [PSYoungGen: 232960K->170176K(465920K)] 320193K->257409K(1864192K), 0.1016611 secs] [Times: user=0.60 sys=0.00, real=0.10 secs] 
4167.199: [GC (Allocation Failure) [PSYoungGen: 403136K->92928K(465920K)] 490369K->350505K(1864192K), 0.1020555 secs] [Times: user=0.61 sys=0.00, real=0.10 secs] 
4170.272: [GC (Allocation Failure) [PSYoungGen: 325888K->153024K(465920K)] 583465K->496886K(1864192K), 0.0608994 secs] [Times: user=0.36 sys=0.00, real=0.06 secs] 
4171.653: [GC (Allocation Failure) [PSYoungGen: 385984K->100800K(458752K)] 729846K->597914K(1857024K), 0.0967057 secs] [Times: user=0.57 sys=0.00, real=0.09 secs] 
4173.728: [GC (Allocation Failure) [PSYoungGen: 333760K->147776K(462336K)] 830874K->735103K(1860608K), 0.0607552 secs] [Times: user=0.36 sys=0.00, real=0.06 secs] 
4175.591: [GC (Allocation Failure) [PSYoungGen: 380736K->120640K(450560K)] 968063K->855543K(1848832K), 0.0728447 secs] [Times: user=0.44 sys=0.00, real=0.08 secs] 
4177.053: [GC (Allocation Failure) [PSYoungGen: 362816K->1568K(460800K)] 1097719K->736495K(1859072K), 0.0019642 secs] [Times: user=0.01 sys=0.00, real=0.01 secs] 
4179.796: [GC (Allocation Failure) [PSYoungGen: 243744K->152000K(463872K)] 978671K->887507K(1862144K), 0.0302453 secs] [Times: user=0.18 sys=0.00, real=0.03 secs] 
4181.069: [GC (Allocation Failure) [PSYoungGen: 384960K->10240K(465920K)] 1120467K->745851K(1864192K), 0.0043064 secs] [Times: user=0.02 sys=0.00, real=0.01 secs] 
4182.871: [GC (Allocation Failure) [PSYoungGen: 243200K->165120K(465920K)] 978811K->909640K(1864192K), 0.0411590 secs] [Times: user=0.24 sys=0.00, real=0.04 secs] 
4186.685: [GC (Allocation Failure) [PSYoungGen: 398080K->92352K(465920K)] 1142600K->993868K(1864192K), 0.1801375 secs] [Times: user=1.07 sys=0.00, real=0.18 secs] 
4188.860: [GC (Allocation Failure) [PSYoungGen: 325312K->165664K(465920K)] 1226828K->1156801K(1864192K), 0.0503399 secs] [Times: user=0.30 sys=0.00, real=0.05 secs] 
4191.320: [GC (Allocation Failure) [PSYoungGen: 398624K->97376K(465920K)] 1389761K->1245233K(1864192K), 0.1596920 secs] [Times: user=0.95 sys=0.01, real=0.16 secs] 
4191.480: [Full GC (Ergonomics) [PSYoungGen: 97376K->0K(465920K)] [ParOldGen: 1147857K->48142K(1398272K)] 1245233K->48142K(1864192K), [Metaspace: 60470K->60470K(1105920K)], 0.1392646 secs] [Times: user=0.58 sys=0.00, real=0.14 secs] 
4192.215: [GC (Allocation Failure) [PSYoungGen: 232960K->173088K(465920K)] 281102K->221230K(1864192K), 0.0364948 secs] [Times: user=0.22 sys=0.00, real=0.03 secs] 
4195.444: [GC (Allocation Failure) [PSYoungGen: 404114K->84384K(465920K)] 452257K->305814K(1864192K), 0.1797393 secs] [Times: user=1.07 sys=0.00, real=0.18 secs] 
4197.011: [GC (Allocation Failure) [PSYoungGen: 317344K->166816K(465920K)] 538774K->468455K(1864192K), 0.1499543 secs] [Times: user=0.89 sys=0.00, real=0.15 secs] 
4202.971: [GC (Allocation Failure) [PSYoungGen: 397475K->76128K(465920K)] 699114K->544671K(1864192K), 0.1713840 secs] [Times: user=1.02 sys=0.01, real=0.17 secs] 
4204.007: [GC (Allocation Failure) [PSYoungGen: 309088K->172992K(465920K)] 777631K->713571K(1864192K), 0.0542437 secs] [Times: user=0.32 sys=0.01, real=0.05 secs] 
4205.930: [GC (Allocation Failure) [PSYoungGen: 405952K->92320K(465920K)] 946531K->805964K(1864192K), 0.1141102 secs] [Times: user=0.68 sys=0.00, real=0.12 secs] 
4207.864: [GC (Allocation Failure) [PSYoungGen: 325280K->170336K(465920K)] 1038924K->970652K(1864192K), 0.1441697 secs] [Times: user=0.86 sys=0.00, real=0.14 secs] 
4210.219: [GC (Allocation Failure) [PSYoungGen: 403296K->91328K(465920K)] 1203612K->1061972K(1864192K), 0.1047133 secs] [Times: user=0.63 sys=0.00, real=0.11 secs] 
4213.777: [GC (Allocation Failure) [PSYoungGen: 324288K->154720K(465920K)] 1294932K->1210361K(1864192K), 0.0616137 secs] [Times: user=0.37 sys=0.00, real=0.06 secs] 
4216.010: [GC (Allocation Failure) [PSYoungGen: 387680K->99008K(465920K)] 1443321K->1309177K(1864192K), 0.0874990 secs] [Times: user=0.52 sys=0.00, real=0.09 secs] 
4216.098: [Full GC (Ergonomics) [PSYoungGen: 99008K->0K(465920K)] [ParOldGen: 1210169K->114046K(1398272K)] 1309177K->114046K(1864192K), [Metaspace: 60471K->60471K(1105920K)], 0.2526942 secs] [Times: user=1.14 sys=0.00, real=0.25 secs] 
4220.394: [GC (Allocation Failure) [PSYoungGen: 232960K->149376K(465920K)] 347006K->263422K(1864192K), 0.0546371 secs] [Times: user=0.32 sys=0.00, real=0.05 secs] 
4223.582: [GC (Allocation Failure) [PSYoungGen: 382336K->104512K(337920K)] 496382K->367750K(1736192K), 0.1104268 secs] [Times: user=0.66 sys=0.00, real=0.11 secs] 
4226.000: [GC (Allocation Failure) [PSYoungGen: 337472K->143648K(461824K)] 600710K->500446K(1860096K), 0.0604354 secs] [Times: user=0.35 sys=0.00, real=0.06 secs] 
4227.938: [GC (Allocation Failure) [PSYoungGen: 379168K->127264K(459264K)] 735966K->627951K(1857536K), 0.0763382 secs] [Times: user=0.45 sys=0.00, real=0.08 secs] 
4229.155: [GC (Allocation Failure) [PSYoungGen: 362784K->1792K(451072K)] 863471K->502571K(1849344K), 0.0020727 secs] [Times: user=0.01 sys=0.00, real=0.00 secs] 
4230.039: [GC (Allocation Failure) [PSYoungGen: 238336K->156576K(463360K)] 739115K->658651K(1861632K), 0.0467225 secs] [Times: user=0.28 sys=0.00, real=0.05 secs] 
4232.144: [GC (Allocation Failure) [PSYoungGen: 393120K->10784K(464384K)] 895195K->512955K(1862656K), 0.0040200 secs] [Times: user=0.02 sys=0.00, real=0.00 secs] 
4234.615: [GC (Allocation Failure) [PSYoungGen: 243744K->166208K(465920K)] 745915K->677212K(1864192K), 0.0816981 secs] [Times: user=0.48 sys=0.00, real=0.08 secs] 
4237.375: [GC (Allocation Failure) [PSYoungGen: 399168K->96480K(465920K)] 910172K->765484K(1864192K), 0.0920610 secs] [Times: user=0.55 sys=0.00, real=0.09 secs] 
4238.385: [GC (Allocation Failure) [PSYoungGen: 315691K->160160K(465920K)] 984696K->923709K(1864192K), 0.0881707 secs] [Times: user=0.52 sys=0.00, real=0.09 secs] 
4241.109: [GC (Allocation Failure) [PSYoungGen: 393120K->94048K(465920K)] 1156669K->1009277K(1864192K), 0.1534818 secs] [Times: user=0.92 sys=0.00, real=0.15 secs] 
4242.774: [GC (Allocation Failure) [PSYoungGen: 327008K->165504K(465920K)] 1242237K->1171706K(1864192K), 0.1386673 secs] [Times: user=0.82 sys=0.00, real=0.13 secs] 
4246.050: [GC (Allocation Failure) [PSYoungGen: 398464K->90464K(465920K)] 1404666K->1261994K(1864192K), 0.1433918 secs] [Times: user=0.85 sys=0.00, real=0.15 secs] 
4246.194: [Full GC (Ergonomics) [PSYoungGen: 90464K->0K(465920K)] [ParOldGen: 1171530K->58722K(1398272K)] 1261994K->58722K(1864192K), [Metaspace: 60471K->60471K(1105920K)], 0.1504480 secs] [Times: user=0.68 sys=0.00, real=0.15 secs] 
4247.165: [GC (Allocation Failure) [PSYoungGen: 232960K->170784K(465920K)] 291682K->229506K(1864192K), 0.0780760 secs] [Times: user=0.47 sys=0.00, real=0.08 secs] 
4251.115: [GC (Allocation Failure) [PSYoungGen: 403744K->81088K(465920K)] 462466K->310754K(1864192K), 0.1833903 secs] [Times: user=1.09 sys=0.01, real=0.18 secs] 
4252.207: [GC (Allocation Failure) [PSYoungGen: 314048K->174368K(465920K)] 543714K->479347K(1864192K), 0.1080131 secs] [Times: user=0.64 sys=0.00, real=0.11 secs] 
4257.506: [GC (Allocation Failure) [PSYoungGen: 407328K->79232K(465920K)] 712307K->558843K(1864192K), 0.1686058 secs] [Times: user=1.01 sys=0.00, real=0.17 secs] 
4257.961: [GC (Allocation Failure) [PSYoungGen: 312192K->195968K(465920K)] 791803K->748766K(1864192K), 0.0577904 secs] [Times: user=0.34 sys=0.00, real=0.06 secs] 
4260.240: [GC (Allocation Failure) [PSYoungGen: 428928K->84064K(465920K)] 981726K->816702K(1864192K), 0.1250721 secs] [Times: user=0.75 sys=0.00, real=0.13 secs] 
4264.521: [GC (Allocation Failure) [PSYoungGen: 317024K->161408K(465920K)] 1049662K->971323K(1864192K), 0.0602854 secs] [Times: user=0.36 sys=0.00, real=0.06 secs] 
4266.189: [GC (Allocation Failure) [PSYoungGen: 390036K->93696K(465920K)] 1199951K->1065275K(1864192K), 0.1070429 secs] [Times: user=0.64 sys=0.00, real=0.11 secs] 
4268.734: [GC (Allocation Failure) [PSYoungGen: 326656K->150592K(465920K)] 1298235K->1208706K(1864192K), 0.0607968 secs] [Times: user=0.36 sys=0.00, real=0.06 secs] 
4271.012: [GC (Allocation Failure) [PSYoungGen: 383552K->104832K(465920K)] 1441666K->1313754K(1864192K), 0.0868653 secs] [Times: user=0.52 sys=0.00, real=0.09 secs] 
4271.099: [Full GC (Ergonomics) [PSYoungGen: 104832K->0K(465920K)] [ParOldGen: 1208922K->119872K(1398272K)] 1313754K->119872K(1864192K), [Metaspace: 60471K->60471K(1105920K)], 0.2683133 secs] [Times: user=1.22 sys=0.00, real=0.27 secs] 
4272.474: [GC (Allocation Failure) [PSYoungGen: 232960K->143008K(376320K)] 352832K->262880K(1774592K), 0.0527171 secs] [Times: user=0.31 sys=0.01, real=0.05 secs] 
4273.755: [GC (Allocation Failure) [PSYoungGen: 375968K->135680K(471040K)] 495840K->398872K(1869312K), 0.0775716 secs] [Times: user=0.46 sys=0.00, real=0.08 secs] 
4275.413: [GC (Allocation Failure) [PSYoungGen: 375296K->2848K(464384K)] 638488K->266056K(1862656K), 0.0022158 secs] [Times: user=0.01 sys=0.00, real=0.00 secs] 
4278.467: [GC (Allocation Failure) [PSYoungGen: 242464K->158976K(465920K)] 505672K->423841K(1864192K), 0.0312032 secs] [Times: user=0.18 sys=0.00, real=0.03 secs] 
4280.092: [GC (Allocation Failure) [PSYoungGen: 391936K->100736K(333824K)] 656801K->515281K(1732096K), 0.1625434 secs] [Times: user=0.97 sys=0.00, real=0.17 secs] 
4282.133: [GC (Allocation Failure) [PSYoungGen: 333696K->170496K(462848K)] 748241K->684402K(1861120K), 0.0706103 secs] [Times: user=0.42 sys=0.00, real=0.07 secs] 
4285.711: [GC (Allocation Failure) [PSYoungGen: 401920K->87808K(464384K)] 915826K->764130K(1862656K), 0.1660514 secs] [Times: user=0.99 sys=0.00, real=0.17 secs] 
4286.994: [GC (Allocation Failure) [PSYoungGen: 314471K->162048K(465920K)] 990794K->923895K(1864192K), 0.0477027 secs] [Times: user=0.29 sys=0.00, real=0.04 secs] 
4289.005: [GC (Allocation Failure) [PSYoungGen: 395008K->97536K(330752K)] 1156855K->1012711K(1729024K), 0.1428626 secs] [Times: user=0.85 sys=0.00, real=0.14 secs] 
4290.599: [GC (Allocation Failure) [PSYoungGen: 330496K->171712K(462848K)] 1245671K->1181445K(1861120K), 0.0608827 secs] [Times: user=0.36 sys=0.01, real=0.06 secs] 
4295.197: [GC (Allocation Failure) [PSYoungGen: 403136K->84320K(464384K)] 1412869K->1265917K(1862656K), 0.1870990 secs] [Times: user=1.12 sys=0.00, real=0.19 secs] 
4295.384: [Full GC (Ergonomics) [PSYoungGen: 84320K->0K(464384K)] [ParOldGen: 1181597K->62626K(1398272K)] 1265917K->62626K(1862656K), [Metaspace: 60471K->60471K(1105920K)], 0.1743316 secs] [Times: user=0.82 sys=0.00, real=0.17 secs] 
4296.125: [GC (Allocation Failure) [PSYoungGen: 231424K->169312K(465920K)] 294050K->231938K(1864192K), 0.0343859 secs] [Times: user=0.20 sys=0.00, real=0.03 secs] 
4300.063: [GC (Allocation Failure) [PSYoungGen: 402272K->82784K(465920K)] 464898K->314550K(1864192K), 0.1553029 secs] [Times: user=0.92 sys=0.00, real=0.15 secs] 
4300.723: [GC (Allocation Failure) [PSYoungGen: 315744K->179040K(465920K)] 547510K->487235K(1864192K), 0.0571705 secs] [Times: user=0.34 sys=0.00, real=0.05 secs] 
4305.215: [GC (Allocation Failure) [PSYoungGen: 412000K->83424K(465920K)] 720195K->570835K(1864192K), 0.1359321 secs] [Times: user=0.81 sys=0.00, real=0.13 secs] 
4305.922: [GC (Allocation Failure) [PSYoungGen: 313296K->204192K(465920K)] 800708K->768795K(1864192K), 0.0610432 secs] [Times: user=0.36 sys=0.00, real=0.06 secs] 
4307.330: [GC (Allocation Failure) [PSYoungGen: 437152K->93024K(465920K)] 1001755K->827003K(1864192K), 0.0782402 secs] [Times: user=0.47 sys=0.00, real=0.08 secs] 
4309.574: [GC (Allocation Failure) [PSYoungGen: 325984K->151232K(465920K)] 1059963K->971751K(1864192K), 0.0599732 secs] [Times: user=0.36 sys=0.00, real=0.06 secs] 
4310.881: [GC (Allocation Failure) [PSYoungGen: 384192K->109824K(465920K)] 1204711K->1081407K(1864192K), 0.0893294 secs] [Times: user=0.54 sys=0.00, real=0.09 secs] 
4313.306: [GC (Allocation Failure) [PSYoungGen: 342784K->138592K(465920K)] 1314367K->1209804K(1864192K), 0.0617136 secs] [Times: user=0.37 sys=0.00, real=0.06 secs] 
4316.347: [GC (Allocation Failure) [PSYoungGen: 371552K->130688K(364032K)] 1442764K->1339844K(1762304K), 0.0724586 secs] [Times: user=0.43 sys=0.00, real=0.07 secs] 
4316.419: [Full GC (Ergonomics) [PSYoungGen: 130688K->0K(364032K)] [ParOldGen: 1209156K->138023K(1398272K)] 1339844K->138023K(1762304K), [Metaspace: 60471K->60471K(1105920K)], 0.3118243 secs] [Times: user=1.43 sys=0.00, real=0.31 secs] 
4317.804: [GC (Allocation Failure) [PSYoungGen: 232960K->124704K(465920K)] 370983K->262727K(1864192K), 0.0430276 secs] [Times: user=0.26 sys=0.00, real=0.04 secs] 
4319.197: [GC (Allocation Failure) [PSYoungGen: 366368K->153952K(457216K)] 504391K->416959K(1855488K), 0.0626172 secs] [Times: user=0.37 sys=0.00, real=0.06 secs] 
4320.867: [GC (Allocation Failure) [PSYoungGen: 395616K->14368K(459776K)] 658623K->277435K(1858048K), 0.0103629 secs] [Times: user=0.06 sys=0.01, real=0.01 secs] 
4322.674: [GC (Allocation Failure) [PSYoungGen: 247334K->170272K(413696K)] 510401K->445412K(1811968K), 0.0364930 secs] [Times: user=0.21 sys=0.00, real=0.03 secs] 
4325.234: [GC (Allocation Failure) [PSYoungGen: 413472K->96768K(469504K)] 688612K->533932K(1867776K), 0.1896599 secs] [Times: user=1.13 sys=0.00, real=0.19 secs] 
4327.059: [GC (Allocation Failure) [PSYoungGen: 333312K->171968K(465920K)] 770476K->702549K(1864192K), 0.0512765 secs] [Times: user=0.30 sys=0.00, real=0.05 secs] 
4331.520: [GC (Allocation Failure) [PSYoungGen: 408512K->84832K(465920K)] 939093K->787406K(1864192K), 0.1722256 secs] [Times: user=1.03 sys=0.00, real=0.17 secs] 
4332.308: [GC (Allocation Failure) [PSYoungGen: 317792K->171328K(465920K)] 1020366K->954682K(1864192K), 0.0554588 secs] [Times: user=0.33 sys=0.00, real=0.06 secs] 
4334.205: [GC (Allocation Failure) [PSYoungGen: 404288K->91840K(465920K)] 1187642K->1046346K(1864192K), 0.1391357 secs] [Times: user=0.83 sys=0.00, real=0.14 secs] 
4335.406: [GC (Allocation Failure) [PSYoungGen: 324800K->174784K(465920K)] 1279306K->1214839K(1864192K), 0.1443565 secs] [Times: user=0.86 sys=0.00, real=0.14 secs] 
4338.908: [GC (Allocation Failure) [PSYoungGen: 407744K->89856K(465920K)] 1447799K->1304751K(1864192K), 0.1204151 secs] [Times: user=0.72 sys=0.00, real=0.12 secs] 
4339.029: [Full GC (Ergonomics) [PSYoungGen: 89856K->0K(465920K)] [ParOldGen: 1214895K->102868K(1398272K)] 1304751K->102868K(1864192K), [Metaspace: 60472K->60472K(1105920K)], 0.2451631 secs] [Times: user=1.13 sys=0.00, real=0.25 secs] 
4340.379: [GC (Allocation Failure) [PSYoungGen: 232960K->156544K(465920K)] 335828K->259412K(1864192K), 0.0457716 secs] [Times: user=0.27 sys=0.00, real=0.05 secs] 
4343.014: [GC (Allocation Failure) [PSYoungGen: 389504K->98944K(464896K)] 492372K->358460K(1863168K), 0.0979854 secs] [Times: user=0.59 sys=0.00, real=0.09 secs] 
4344.257: [GC (Allocation Failure) [PSYoungGen: 331904K->149376K(465408K)] 591420K->496961K(1863680K), 0.0601762 secs] [Times: user=0.35 sys=0.00, real=0.06 secs] 
4345.005: [GC (Allocation Failure) [PSYoungGen: 382336K->137568K(454144K)] 729921K->634729K(1852416K), 0.0616467 secs] [Times: user=0.36 sys=0.00, real=0.06 secs] 
4347.402: [GC (Allocation Failure) [PSYoungGen: 373088K->118368K(459776K)] 870249K->735034K(1858048K), 0.0624217 secs] [Times: user=0.38 sys=0.00, real=0.07 secs] 
4349.367: [GC (Allocation Failure) [PSYoungGen: 353888K->147232K(473088K)] 970554K->882002K(1871360K), 0.1097418 secs] [Times: user=0.65 sys=0.00, real=0.11 secs] 
4351.447: [GC (Allocation Failure) [PSYoungGen: 404768K->16576K(472064K)] 1139538K->751378K(1870336K), 0.0045239 secs] [Times: user=0.02 sys=0.00, real=0.00 secs] 
4354.168: [GC (Allocation Failure) [PSYoungGen: 274112K->181696K(458240K)] 1008914K->930859K(1856512K), 0.1037106 secs] [Times: user=0.61 sys=0.00, real=0.10 secs] 
4356.982: [GC (Allocation Failure) [PSYoungGen: 414656K->89504K(465920K)] 1163819K->1020427K(1864192K), 0.1534348 secs] [Times: user=0.92 sys=0.00, real=0.16 secs] 
4357.949: [GC (Allocation Failure) [PSYoungGen: 322464K->167424K(465920K)] 1253387K->1184363K(1864192K), 0.1454295 secs] [Times: user=0.87 sys=0.00, real=0.15 secs] 
4361.117: [GC (Allocation Failure) [PSYoungGen: 400384K->90400K(465920K)] 1417323K->1274667K(1864192K), 0.1405309 secs] [Times: user=0.84 sys=0.00, real=0.14 secs] 
4361.258: [Full GC (Ergonomics) [PSYoungGen: 90400K->0K(465920K)] [ParOldGen: 1184267K->78221K(1398272K)] 1274667K->78221K(1864192K), [Metaspace: 60472K->60472K(1105920K)], 0.1959915 secs] [Times: user=0.91 sys=0.00, real=0.20 secs] 
4362.071: [GC (Allocation Failure) [PSYoungGen: 232960K->174368K(465920K)] 311181K->252589K(1864192K), 0.0967503 secs] [Times: user=0.58 sys=0.01, real=0.10 secs] 
4365.559: [GC (Allocation Failure) [PSYoungGen: 407328K->91040K(465920K)] 485549K->343577K(1864192K), 0.1149320 secs] [Times: user=0.68 sys=0.01, real=0.12 secs] 
4367.405: [GC (Allocation Failure) [PSYoungGen: 319970K->197952K(465920K)] 572508K->531526K(1864192K), 0.0604803 secs] [Times: user=0.36 sys=0.00, real=0.06 secs] 
4368.735: [GC (Allocation Failure) [PSYoungGen: 428480K->92832K(465920K)] 762054K->589838K(1864192K), 0.1018359 secs] [Times: user=0.60 sys=0.00, real=0.10 secs] 
4371.938: [GC (Allocation Failure) [PSYoungGen: 325792K->150944K(465920K)] 822798K->734475K(1864192K), 0.0603116 secs] [Times: user=0.36 sys=0.00, real=0.06 secs] 
4373.142: [GC (Allocation Failure) [PSYoungGen: 383904K->109472K(465920K)] 967435K->843995K(1864192K), 0.0688611 secs] [Times: user=0.41 sys=0.00, real=0.07 secs] 
4376.039: [GC (Allocation Failure) [PSYoungGen: 342432K->138656K(458752K)] 1076955K->972554K(1857024K), 0.0612878 secs] [Times: user=0.37 sys=0.00, real=0.06 secs] 
4377.717: [GC (Allocation Failure) [PSYoungGen: 371616K->123904K(462336K)] 1205514K->1095986K(1860608K), 0.0759881 secs] [Times: user=0.45 sys=0.00, real=0.08 secs] 
4380.080: [GC (Allocation Failure) [PSYoungGen: 356864K->124192K(457728K)] 1328946K->1209727K(1856000K), 0.0631410 secs] [Times: user=0.37 sys=0.00, real=0.06 secs] 
4381.822: [GC (Allocation Failure) [PSYoungGen: 373536K->152640K(460800K)] 1459071K->1362127K(1859072K), 0.1015471 secs] [Times: user=0.61 sys=0.01, real=0.11 secs] 
4381.923: [Full GC (Ergonomics) [PSYoungGen: 152640K->0K(460800K)] [ParOldGen: 1209487K->168080K(1398272K)] 1362127K->168080K(1859072K), [Metaspace: 60473K->60473K(1105920K)], 0.4113733 secs] [Times: user=1.92 sys=0.00, real=0.41 secs] 
4385.752: [GC (Allocation Failure) [PSYoungGen: 249344K->108096K(479232K)] 417424K->276176K(1877504K), 0.0988150 secs] [Times: user=0.59 sys=0.00, real=0.10 secs] 
4388.007: [GC (Allocation Failure) [PSYoungGen: 383040K->191904K(466944K)] 551120K->466505K(1865216K), 0.1497152 secs] [Times: user=0.89 sys=0.00, real=0.15 secs] 
4390.327: [GC (Allocation Failure) [PSYoungGen: 466848K->121984K(481792K)] 741449K->588377K(1880064K), 0.1170640 secs] [Times: user=0.69 sys=0.00, real=0.12 secs] 
4393.597: [GC (Allocation Failure) [PSYoungGen: 380032K->156608K(475136K)] 846425K->738854K(1873408K), 0.0686533 secs] [Times: user=0.41 sys=0.00, real=0.07 secs] 
4395.756: [GC (Allocation Failure) [PSYoungGen: 414656K->131296K(474112K)] 996902K->870398K(1872384K), 0.0742229 secs] [Times: user=0.44 sys=0.00, real=0.07 secs] 
4398.070: [GC (Allocation Failure) [PSYoungGen: 396000K->11296K(474624K)] 1135102K->750446K(1872896K), 0.0046603 secs] [Times: user=0.02 sys=0.00, real=0.01 secs] 
4399.870: [GC (Allocation Failure) [PSYoungGen: 262156K->174048K(457216K)] 1001307K->922379K(1855488K), 0.0368523 secs] [Times: user=0.22 sys=0.00, real=0.04 secs] 
4402.166: [GC (Allocation Failure) [PSYoungGen: 408032K->96256K(466432K)] 1156363K->1009183K(1864704K), 0.1700911 secs] [Times: user=1.02 sys=0.00, real=0.17 secs] 
4404.989: [GC (Allocation Failure) [PSYoungGen: 330240K->167136K(460288K)] 1243167K->1172303K(1858560K), 0.0503541 secs] [Times: user=0.30 sys=0.00, real=0.05 secs] 
4408.044: [GC (Allocation Failure) [PSYoungGen: 400096K->89216K(465920K)] 1405263K->1260551K(1864192K), 0.1644555 secs] [Times: user=0.98 sys=0.01, real=0.16 secs] 
4408.209: [Full GC (Ergonomics) [PSYoungGen: 89216K->0K(465920K)] [ParOldGen: 1171335K->60568K(1398272K)] 1260551K->60568K(1864192K), [Metaspace: 60473K->60473K(1105920K)], 0.1671770 secs] [Times: user=0.78 sys=0.00, real=0.17 secs] 
4409.793: [GC (Allocation Failure) [PSYoungGen: 232960K->170752K(462336K)] 293528K->231320K(1860608K), 0.0353256 secs] [Times: user=0.21 sys=0.00, real=0.03 secs] 
4411.746: [GC (Allocation Failure) [PSYoungGen: 403712K->88384K(465920K)] 464280K->319392K(1864192K), 0.1501171 secs] [Times: user=0.76 sys=0.01, real=0.15 secs] 
4412.505: [GC (Allocation Failure) [PSYoungGen: 321344K->178144K(464896K)] 552352K->491524K(1863168K), 0.0991276 secs] [Times: user=0.59 sys=0.00, real=0.10 secs] 
4415.397: [GC (Allocation Failure) [PSYoungGen: 411104K->85120K(465920K)] 724484K->576852K(1864192K), 0.1135370 secs] [Times: user=0.68 sys=0.00, real=0.11 secs] 
4417.825: [GC (Allocation Failure) [PSYoungGen: 313721K->201120K(465920K)] 805454K->771793K(1864192K), 0.0673064 secs] [Times: user=0.40 sys=0.00, real=0.06 secs] 
4421.354: [GC (Allocation Failure) [PSYoungGen: 434080K->89888K(465920K)] 1004753K->824681K(1864192K), 0.1067409 secs] [Times: user=0.64 sys=0.00, real=0.10 secs] 
4422.604: [GC (Allocation Failure) [PSYoungGen: 322848K->154528K(465920K)] 1057641K->972960K(1864192K), 0.0601388 secs] [Times: user=0.36 sys=0.00, real=0.06 secs] 
4425.076: [GC (Allocation Failure) [PSYoungGen: 387488K->114336K(465920K)] 1205920K->1087496K(1864192K), 0.0916759 secs] [Times: user=0.55 sys=0.00, real=0.09 secs] 
4426.311: [GC (Allocation Failure) [PSYoungGen: 347296K->141696K(463872K)] 1320456K->1210429K(1862144K), 0.0608888 secs] [Times: user=0.37 sys=0.00, real=0.06 secs] 
4428.246: [GC (Allocation Failure) [PSYoungGen: 374656K->128992K(361984K)] 1443389K->1339501K(1760256K), 0.0623748 secs] [Times: user=0.37 sys=0.00, real=0.06 secs] 
4428.308: [Full GC (Ergonomics) [PSYoungGen: 128992K->0K(361984K)] [ParOldGen: 1210509K->145062K(1398272K)] 1339501K->145062K(1760256K), [Metaspace: 60473K->60473K(1105920K)], 0.3282626 secs] [Times: user=1.50 sys=0.00, real=0.33 secs] 
4429.908: [GC (Allocation Failure) [PSYoungGen: 232960K->119136K(465408K)] 378022K->264198K(1863680K), 0.0416330 secs] [Times: user=0.24 sys=0.00, real=0.04 secs] 
4432.822: [GC (Allocation Failure) [PSYoungGen: 362336K->155168K(458240K)] 507398K->419426K(1856512K), 0.0608219 secs] [Times: user=0.36 sys=0.00, real=0.06 secs] 
4434.874: [GC (Allocation Failure) [PSYoungGen: 398368K->11232K(458240K)] 662626K->275514K(1856512K), 0.0044590 secs] [Times: user=0.03 sys=0.00, real=0.00 secs] 
4437.080: [GC (Allocation Failure) [PSYoungGen: 253408K->173440K(415744K)] 517690K->447151K(1814016K), 0.0358725 secs] [Times: user=0.21 sys=0.00, real=0.04 secs] 
4440.256: [GC (Allocation Failure) [PSYoungGen: 415616K->98016K(467968K)] 689327K->536555K(1866240K), 0.1780410 secs] [Times: user=1.06 sys=0.00, real=0.18 secs] 
4442.042: [GC (Allocation Failure) [PSYoungGen: 333024K->172416K(465920K)] 771563K->705200K(1864192K), 0.0859886 secs] [Times: user=0.52 sys=0.00, real=0.09 secs] 
4445.441: [GC (Allocation Failure) [PSYoungGen: 403966K->84480K(465920K)] 936750K->789840K(1864192K), 0.1814028 secs] [Times: user=1.07 sys=0.01, real=0.18 secs] 
4446.311: [GC (Allocation Failure) [PSYoungGen: 317440K->169440K(465920K)] 1022800K->955809K(1864192K), 0.0714926 secs] [Times: user=0.43 sys=0.00, real=0.07 secs] 
4449.031: [GC (Allocation Failure) [PSYoungGen: 402400K->88640K(465920K)] 1188769K->1044321K(1864192K), 0.1766644 secs] [Times: user=1.05 sys=0.00, real=0.18 secs] 
4450.744: [GC (Allocation Failure) [PSYoungGen: 321600K->171232K(465920K)] 1277281K->1209986K(1864192K), 0.1209154 secs] [Times: user=0.72 sys=0.00, real=0.12 secs] 
4455.806: [GC (Allocation Failure) [PSYoungGen: 404192K->78272K(465920K)] 1442946K->1288090K(1864192K), 0.1270423 secs] [Times: user=0.75 sys=0.00, real=0.13 secs] 
4455.934: [Full GC (Ergonomics) [PSYoungGen: 78272K->0K(465920K)] [ParOldGen: 1209818K->83987K(1398272K)] 1288090K->83987K(1864192K), [Metaspace: 60478K->60478K(1105920K)], 0.2015109 secs] [Times: user=0.92 sys=0.01, real=0.20 secs] 
4456.977: [GC (Allocation Failure) [PSYoungGen: 232960K->208640K(465920K)] 316947K->292627K(1864192K), 0.0932748 secs] [Times: user=0.56 sys=0.00, real=0.09 secs] 
4458.927: [GC (Allocation Failure) [PSYoungGen: 441600K->89248K(465920K)] 525587K->349151K(1864192K), 0.1068002 secs] [Times: user=0.63 sys=0.00, real=0.11 secs] 
4461.086: [GC (Allocation Failure) [PSYoungGen: 322208K->155648K(465920K)] 582111K->497708K(1864192K), 0.0601349 secs] [Times: user=0.35 sys=0.00, real=0.06 secs] 
4463.701: [GC (Allocation Failure) [PSYoungGen: 388608K->100992K(465920K)] 730668K->598644K(1864192K), 0.0919249 secs] [Times: user=0.54 sys=0.00, real=0.10 secs] 
4464.933: [GC (Allocation Failure) [PSYoungGen: 333952K->147264K(465920K)] 831604K->735328K(1864192K), 0.0603630 secs] [Times: user=0.36 sys=0.00, real=0.06 secs] 
4467.719: [GC (Allocation Failure) [PSYoungGen: 380224K->118752K(461824K)] 968288K->853881K(1860096K), 0.0834023 secs] [Times: user=0.49 sys=0.00, real=0.08 secs] 
4468.945: [GC (Allocation Failure) [PSYoungGen: 351712K->129056K(362496K)] 1086841K->972661K(1760768K), 0.0622215 secs] [Times: user=0.37 sys=0.00, real=0.06 secs] 
4470.072: [GC (Allocation Failure) [PSYoungGen: 362016K->144896K(463872K)] 1205621K->1117469K(1862144K), 0.0592158 secs] [Times: user=0.35 sys=0.00, real=0.06 secs] 
4472.537: [GC (Allocation Failure) [PSYoungGen: 387584K->8544K(460288K)] 1360157K->981177K(1858560K), 0.0042050 secs] [Times: user=0.02 sys=0.00, real=0.00 secs] 
4474.869: [GC (Allocation Failure) [PSYoungGen: 251232K->168832K(462848K)] 1223865K->1147950K(1861120K), 0.0349874 secs] [Times: user=0.21 sys=0.00, real=0.04 secs] 
4476.309: [GC (Allocation Failure) [PSYoungGen: 401792K->100896K(465920K)] 1380910K->1239490K(1864192K), 0.0959904 secs] [Times: user=0.57 sys=0.00, real=0.10 secs] 
4477.786: [GC (Allocation Failure) [PSYoungGen: 333856K->201088K(462848K)] 1472450K->1437375K(1861120K), 0.1137128 secs] [Times: user=0.67 sys=0.00, real=0.11 secs] 
4477.900: [Full GC (Ergonomics) [PSYoungGen: 201088K->0K(462848K)] [ParOldGen: 1236287K->207939K(1398272K)] 1437375K->207939K(1861120K), [Metaspace: 60499K->60499K(1105920K)], 0.5093291 secs] [Times: user=2.41 sys=0.00, real=0.51 secs] 
4481.034: [GC (Allocation Failure) [PSYoungGen: 232960K->87424K(465920K)] 440899K->295363K(1864192K), 0.1325263 secs] [Times: user=0.79 sys=0.00, real=0.13 secs] 
4483.344: [GC (Allocation Failure) [PSYoungGen: 320384K->166016K(465920K)] 528323K->457807K(1864192K), 0.1201313 secs] [Times: user=0.72 sys=0.00, real=0.12 secs] 
4486.268: [GC (Allocation Failure) [PSYoungGen: 398976K->87968K(465920K)] 690767K->545563K(1864192K), 0.1653766 secs] [Times: user=0.98 sys=0.00, real=0.17 secs] 
4487.492: [GC (Allocation Failure) [PSYoungGen: 320928K->176192K(465920K)] 778523K->715707K(1864192K), 0.1540958 secs] [Times: user=0.91 sys=0.00, real=0.16 secs] 
4489.458: [GC (Allocation Failure) [PSYoungGen: 409152K->87808K(465920K)] 948667K->803731K(1864192K), 0.1267466 secs] [Times: user=0.76 sys=0.00, real=0.13 secs] 
4491.970: [GC (Allocation Failure) [PSYoungGen: 320768K->188768K(465920K)] 1036691K->986152K(1864192K), 0.0681015 secs] [Times: user=0.41 sys=0.00, real=0.07 secs] 
4494.822: [GC (Allocation Failure) [PSYoungGen: 421728K->98144K(465920K)] 1219112K->1067024K(1864192K), 0.1080503 secs] [Times: user=0.64 sys=0.00, real=0.11 secs] 
4499.190: [GC (Allocation Failure) [PSYoungGen: 331104K->153920K(465920K)] 1299984K->1206381K(1864192K), 0.0609804 secs] [Times: user=0.37 sys=0.00, real=0.06 secs] 
4500.128: [GC (Allocation Failure) [PSYoungGen: 386880K->103744K(465920K)] 1439341K->1310237K(1864192K), 0.0896871 secs] [Times: user=0.52 sys=0.00, real=0.09 secs] 
4500.217: [Full GC (Ergonomics) [PSYoungGen: 103744K->0K(465920K)] [ParOldGen: 1206493K->119324K(1398272K)] 1310237K->119324K(1864192K), [Metaspace: 60505K->60505K(1105920K)], 0.2686424 secs] [Times: user=1.22 sys=0.00, real=0.27 secs] 
4502.844: [GC (Allocation Failure) [PSYoungGen: 232960K->144160K(465920K)] 352284K->263484K(1864192K), 0.0527232 secs] [Times: user=0.31 sys=0.00, real=0.05 secs] 
4505.104: [GC (Allocation Failure) [PSYoungGen: 377120K->120704K(353792K)] 496444K->384144K(1752064K), 0.0850762 secs] [Times: user=0.50 sys=0.00, real=0.08 secs] 
4507.370: [GC (Allocation Failure) [PSYoungGen: 353664K->126944K(467968K)] 617104K->500885K(1866240K), 0.0620790 secs] [Times: user=0.37 sys=0.00, real=0.06 secs] 
4509.432: [GC (Allocation Failure) [PSYoungGen: 369120K->150336K(458752K)] 743061K->651389K(1857024K), 0.0587645 secs] [Times: user=0.34 sys=0.00, real=0.06 secs] 
4511.010: [GC (Allocation Failure) [PSYoungGen: 392512K->11296K(458752K)] 893565K->512373K(1857024K), 0.0078731 secs] [Times: user=0.05 sys=0.00, real=0.01 secs] 
4513.121: [GC (Allocation Failure) [PSYoungGen: 253738K->173952K(417280K)] 754816K->683650K(1815552K), 0.0363487 secs] [Times: user=0.21 sys=0.00, real=0.04 secs] 
4515.504: [GC (Allocation Failure) [PSYoungGen: 417152K->102464K(468992K)] 926850K->777310K(1867264K), 0.1413404 secs] [Times: user=0.84 sys=0.01, real=0.14 secs] 
4516.651: [GC (Allocation Failure) [PSYoungGen: 338496K->171392K(465920K)] 1013342K->945679K(1864192K), 0.0835422 secs] [Times: user=0.49 sys=0.01, real=0.09 secs] 
4519.943: [GC (Allocation Failure) [PSYoungGen: 407424K->88096K(465920K)] 1181711K->1033571K(1864192K), 0.1313040 secs] [Times: user=0.78 sys=0.00, real=0.13 secs] 
4520.545: [GC (Allocation Failure) [PSYoungGen: 321056K->178592K(465920K)] 1266531K->1206012K(1864192K), 0.0584614 secs] [Times: user=0.35 sys=0.00, real=0.06 secs] 
4524.218: [GC (Allocation Failure) [PSYoungGen: 411552K->83264K(465920K)] 1438972K->1289508K(1864192K), 0.1358850 secs] [Times: user=0.81 sys=0.00, real=0.14 secs] 
4524.354: [Full GC (Ergonomics) [PSYoungGen: 83264K->0K(465920K)] [ParOldGen: 1206244K->88539K(1398272K)] 1289508K->88539K(1864192K), [Metaspace: 60505K->60505K(1105920K)], 0.2210542 secs] [Times: user=0.98 sys=0.00, real=0.22 secs] 
4526.003: [GC (Allocation Failure) [PSYoungGen: 231257K->205280K(465920K)] 319797K->293819K(1864192K), 0.0395597 secs] [Times: user=0.24 sys=0.00, real=0.04 secs] 
4528.289: [GC (Allocation Failure) [PSYoungGen: 438240K->88160K(465920K)] 526779K->347499K(1864192K), 0.1068072 secs] [Times: user=0.63 sys=0.00, real=0.11 secs] 
4530.160: [GC (Allocation Failure) [PSYoungGen: 321120K->156800K(465920K)] 580459K->496779K(1864192K), 0.0595600 secs] [Times: user=0.35 sys=0.00, real=0.06 secs] 
4531.066: [GC (Allocation Failure) [PSYoungGen: 389760K->107872K(465920K)] 729739K->604835K(1864192K), 0.0901239 secs] [Times: user=0.54 sys=0.00, real=0.09 secs] 
4532.359: [GC (Allocation Failure) [PSYoungGen: 340832K->141184K(465920K)] 837795K->735130K(1864192K), 0.0607783 secs] [Times: user=0.36 sys=0.00, real=0.06 secs] 
4534.568: [GC (Allocation Failure) [PSYoungGen: 374144K->129184K(450560K)] 968090K->863826K(1848832K), 0.0664713 secs] [Times: user=0.39 sys=0.00, real=0.07 secs] 
4536.419: [GC (Allocation Failure) [PSYoungGen: 362144K->1472K(458240K)] 1096786K->736138K(1856512K), 0.0018073 secs] [Times: user=0.01 sys=0.00, real=0.00 secs] 
4538.356: [GC (Allocation Failure) [PSYoungGen: 234432K->150528K(465920K)] 969098K->885875K(1864192K), 0.0298540 secs] [Times: user=0.18 sys=0.00, real=0.03 secs] 
4540.689: [GC (Allocation Failure) [PSYoungGen: 383488K->6880K(465920K)] 1118835K->742387K(1864192K), 0.0032725 secs] [Times: user=0.02 sys=0.00, real=0.00 secs] 
4542.984: [GC (Allocation Failure) [PSYoungGen: 239840K->161760K(465920K)] 975347K->902799K(1864192K), 0.0330956 secs] [Times: user=0.20 sys=0.00, real=0.03 secs] 
4546.609: [GC (Allocation Failure) [PSYoungGen: 394720K->96224K(465920K)] 1135759K->990220K(1864192K), 0.1123135 secs] [Times: user=0.67 sys=0.00, real=0.11 secs] 
4548.777: [GC (Allocation Failure) [PSYoungGen: 329184K->175424K(465920K)] 1223180K->1163200K(1864192K), 0.0520663 secs] [Times: user=0.31 sys=0.00, real=0.05 secs] 
4550.720: [GC (Allocation Failure) [PSYoungGen: 408384K->97920K(465920K)] 1396160K->1243976K(1864192K), 0.1713870 secs] [Times: user=1.03 sys=0.00, real=0.17 secs] 
4550.891: [Full GC (Ergonomics) [PSYoungGen: 97920K->0K(465920K)] [ParOldGen: 1146056K->46108K(1398272K)] 1243976K->46108K(1864192K), [Metaspace: 60505K->60505K(1105920K)], 0.1345587 secs] [Times: user=0.56 sys=0.00, real=0.14 secs] 
4553.216: [GC (Allocation Failure) [PSYoungGen: 232960K->214432K(465920K)] 279068K->260540K(1864192K), 0.0934459 secs] [Times: user=0.47 sys=0.06, real=0.09 secs] 
4556.173: [GC (Allocation Failure) [PSYoungGen: 447392K->88416K(465920K)] 493500K->299528K(1864192K), 0.1691431 secs] [Times: user=1.01 sys=0.00, real=0.16 secs] 
4557.799: [GC (Allocation Failure) [PSYoungGen: 321376K->166976K(465920K)] 532488K->463401K(1864192K), 0.1439873 secs] [Times: user=0.85 sys=0.00, real=0.14 secs] 
4560.716: [GC (Allocation Failure) [PSYoungGen: 399936K->88384K(465920K)] 696361K->551969K(1864192K), 0.1702232 secs] [Times: user=1.01 sys=0.01, real=0.17 secs] 
4562.082: [GC (Allocation Failure) [PSYoungGen: 321344K->173856K(465920K)] 784929K->720538K(1864192K), 0.1378654 secs] [Times: user=0.83 sys=0.00, real=0.14 secs] 
4565.985: [GC (Allocation Failure) [PSYoungGen: 406816K->83968K(465920K)] 953498K->804426K(1864192K), 0.1574742 secs] [Times: user=0.94 sys=0.00, real=0.16 secs] 
4566.760: [GC (Allocation Failure) [PSYoungGen: 316574K->209248K(465920K)] 1037032K->1007431K(1864192K), 0.0617126 secs] [Times: user=0.37 sys=0.01, real=0.06 secs] 
4568.949: [GC (Allocation Failure) [PSYoungGen: 441766K->93248K(465920K)] 1239950K->1066127K(1864192K), 0.0949055 secs] [Times: user=0.57 sys=0.00, real=0.10 secs] 
4570.169: [GC (Allocation Failure) [PSYoungGen: 326208K->151520K(465920K)] 1299087K->1210963K(1864192K), 0.0603433 secs] [Times: user=0.36 sys=0.00, real=0.06 secs] 
4573.683: [GC (Allocation Failure) [PSYoungGen: 384480K->103104K(465920K)] 1443923K->1313611K(1864192K), 0.0948593 secs] [Times: user=0.57 sys=0.00, real=0.09 secs] 
4573.778: [Full GC (Ergonomics) [PSYoungGen: 103104K->0K(465920K)] [ParOldGen: 1210507K->118186K(1398272K)] 1313611K->118186K(1864192K), [Metaspace: 60507K->60507K(1105920K)], 0.2729550 secs] [Times: user=1.25 sys=0.00, real=0.27 secs] 
4575.171: [GC (Allocation Failure) [PSYoungGen: 232960K->144896K(465920K)] 351146K->263082K(1864192K), 0.0520316 secs] [Times: user=0.31 sys=0.00, real=0.06 secs] 
4576.384: [GC (Allocation Failure) [PSYoungGen: 377856K->127168K(465920K)] 496042K->390458K(1864192K), 0.0752647 secs] [Times: user=0.44 sys=0.00, real=0.07 secs] 
4578.364: [GC (Allocation Failure) [PSYoungGen: 360128K->121184K(451584K)] 623418K->501503K(1849856K), 0.0620369 secs] [Times: user=0.37 sys=0.00, real=0.06 secs] 
4580.631: [GC (Allocation Failure) [PSYoungGen: 354144K->145600K(458752K)] 734463K->646471K(1857024K), 0.0571436 secs] [Times: user=0.33 sys=0.00, real=0.06 secs] 
4582.523: [GC (Allocation Failure) [PSYoungGen: 378560K->3520K(455168K)] 879431K->504459K(1853440K), 0.0023462 secs] [Times: user=0.01 sys=0.00, real=0.00 secs] 
4585.502: [GC (Allocation Failure) [PSYoungGen: 236480K->155456K(465920K)] 737419K->658352K(1864192K), 0.0309963 secs] [Times: user=0.18 sys=0.00, real=0.04 secs] 
4587.347: [GC (Allocation Failure) [PSYoungGen: 388416K->101312K(457728K)] 891312K->750624K(1856000K), 0.0778667 secs] [Times: user=0.46 sys=0.00, real=0.08 secs] 
4590.101: [GC (Allocation Failure) [PSYoungGen: 334272K->164416K(461824K)] 983584K->913296K(1860096K), 0.1428969 secs] [Times: user=0.85 sys=0.00, real=0.15 secs] 
4592.976: [GC (Allocation Failure) [PSYoungGen: 397376K->94432K(464896K)] 1146256K->999448K(1863168K), 0.1711559 secs] [Times: user=1.02 sys=0.00, real=0.17 secs] 
4594.802: [GC (Allocation Failure) [PSYoungGen: 322582K->163520K(465408K)] 1227599K->1160753K(1863680K), 0.0510412 secs] [Times: user=0.31 sys=0.00, real=0.05 secs] 
4597.384: [GC (Allocation Failure) [PSYoungGen: 400576K->96896K(463872K)] 1397809K->1249321K(1862144K), 0.1715866 secs] [Times: user=1.02 sys=0.01, real=0.17 secs] 
4598.703: [GC (Allocation Failure) [PSYoungGen: 334464K->170208K(464896K)] 1486889K->1416323K(1863168K), 0.1040504 secs] [Times: user=0.61 sys=0.00, real=0.10 secs] 
4598.807: [Full GC (Ergonomics) [PSYoungGen: 170208K->0K(464896K)] [ParOldGen: 1246115K->213890K(1398272K)] 1416323K->213890K(1863168K), [Metaspace: 60507K->60507K(1105920K)], 0.5315197 secs] [Times: user=2.52 sys=0.00, real=0.53 secs] 
4601.489: [GC (Allocation Failure) [PSYoungGen: 237568K->94016K(468480K)] 451458K->307906K(1866752K), 0.1208553 secs] [Times: user=0.72 sys=0.00, real=0.12 secs] 
4602.025: [GC (Allocation Failure) [PSYoungGen: 330048K->177536K(465920K)] 543938K->479647K(1864192K), 0.0580093 secs] [Times: user=0.34 sys=0.01, real=0.06 secs] 
4605.648: [GC (Allocation Failure) [PSYoungGen: 413568K->88704K(465920K)] 715679K->568239K(1864192K), 0.1360552 secs] [Times: user=0.81 sys=0.00, real=0.14 secs] 
4606.392: [GC (Allocation Failure) [PSYoungGen: 319968K->203008K(465920K)] 799504K->765340K(1864192K), 0.0620933 secs] [Times: user=0.37 sys=0.00, real=0.07 secs] 
4608.318: [GC (Allocation Failure) [PSYoungGen: 435968K->92736K(465920K)] 998300K->823116K(1864192K), 0.1107506 secs] [Times: user=0.66 sys=0.00, real=0.11 secs] 
4610.579: [GC (Allocation Failure) [PSYoungGen: 325696K->151232K(465920K)] 1056076K->967899K(1864192K), 0.0601614 secs] [Times: user=0.36 sys=0.00, real=0.06 secs] 
4611.695: [GC (Allocation Failure) [PSYoungGen: 384192K->119072K(465920K)] 1200859K->1087179K(1864192K), 0.0931476 secs] [Times: user=0.55 sys=0.01, real=0.09 secs] 
4614.444: [GC (Allocation Failure) [PSYoungGen: 352032K->137248K(370688K)] 1320139K->1205774K(1768960K), 0.0611730 secs] [Times: user=0.37 sys=0.00, real=0.06 secs] 
4615.469: [GC (Allocation Failure) [PSYoungGen: 370208K->134528K(468480K)] 1438734K->1340495K(1866752K), 0.0611139 secs] [Times: user=0.36 sys=0.00, real=0.06 secs] 
4615.530: [Full GC (Ergonomics) [PSYoungGen: 134528K->0K(468480K)] [ParOldGen: 1205966K->150076K(1398272K)] 1340495K->150076K(1866752K), [Metaspace: 60507K->60507K(1105920K)], 0.3489105 secs] [Times: user=1.60 sys=0.00, real=0.35 secs] 
4616.991: [GC (Allocation Failure) [PSYoungGen: 241152K->116128K(460288K)] 391228K->266204K(1858560K), 0.0413354 secs] [Times: user=0.24 sys=0.00, real=0.04 secs] 
4620.340: [GC (Allocation Failure) [PSYoungGen: 357280K->160640K(461312K)] 507356K->425621K(1859584K), 0.0597243 secs] [Times: user=0.35 sys=0.00, real=0.06 secs] 
4623.031: [GC (Allocation Failure) [PSYoungGen: 409472K->103776K(464896K)] 674453K->520589K(1863168K), 0.1541488 secs] [Times: user=0.92 sys=0.01, real=0.16 secs] 
4624.611: [GC (Allocation Failure) [PSYoungGen: 352608K->177792K(466944K)] 769421K->695362K(1865216K), 0.0553336 secs] [Times: user=0.33 sys=0.00, real=0.06 secs] 
4627.492: [GC (Allocation Failure) [PSYoungGen: 432256K->103296K(476672K)] 949826K->798018K(1874944K), 0.1808433 secs] [Times: user=1.08 sys=0.00, real=0.18 secs] 
4628.318: [GC (Allocation Failure) [PSYoungGen: 355492K->218592K(451584K)] 1050214K->1012814K(1849856K), 0.0672830 secs] [Times: user=0.40 sys=0.00, real=0.07 secs] 
4630.999: [GC (Allocation Failure) [PSYoungGen: 451552K->90784K(465920K)] 1245774K->1069046K(1864192K), 0.1083273 secs] [Times: user=0.65 sys=0.00, real=0.11 secs] 
4634.701: [GC (Allocation Failure) [PSYoungGen: 323744K->153120K(465920K)] 1302006K->1215931K(1864192K), 0.0611655 secs] [Times: user=0.36 sys=0.00, real=0.06 secs] 
4636.339: [GC (Allocation Failure) [PSYoungGen: 386080K->101984K(465920K)] 1448891K->1317747K(1864192K), 0.0923561 secs] [Times: user=0.55 sys=0.00, real=0.09 secs] 
4636.431: [Full GC (Ergonomics) [PSYoungGen: 101984K->0K(465920K)] [ParOldGen: 1215763K->117016K(1398272K)] 1317747K->117016K(1864192K), [Metaspace: 60507K->60507K(1105920K)], 0.2653868 secs] [Times: user=1.20 sys=0.00, real=0.27 secs] 
4638.574: [GC (Allocation Failure) [PSYoungGen: 232960K->146688K(465920K)] 349976K->263704K(1864192K), 0.0533883 secs] [Times: user=0.32 sys=0.00, real=0.05 secs] 
4640.358: [GC (Allocation Failure) [PSYoungGen: 379648K->122592K(465920K)] 496664K->385960K(1864192K), 0.0890271 secs] [Times: user=0.53 sys=0.00, real=0.09 secs] 
4643.253: [GC (Allocation Failure) [PSYoungGen: 355552K->125568K(465920K)] 618920K->501685K(1864192K), 0.0620498 secs] [Times: user=0.37 sys=0.00, real=0.06 secs] 
4646.114: [GC (Allocation Failure) [PSYoungGen: 358528K->140096K(373248K)] 734645K->641421K(1771520K), 0.0624756 secs] [Times: user=0.37 sys=0.01, real=0.06 secs] 
4647.305: [GC (Allocation Failure) [PSYoungGen: 373056K->3136K(453632K)] 874381K->504493K(1851904K), 0.0036483 secs] [Times: user=0.01 sys=0.00, real=0.00 secs] 
4650.225: [GC (Allocation Failure) [PSYoungGen: 229952K->149120K(459776K)] 731309K->651802K(1858048K), 0.0322204 secs] [Times: user=0.19 sys=0.00, real=0.03 secs] 
4651.362: [GC (Allocation Failure) [PSYoungGen: 375936K->104928K(461824K)] 878618K->747390K(1860096K), 0.0665912 secs] [Times: user=0.39 sys=0.01, real=0.07 secs] 
4654.994: [GC (Allocation Failure) [PSYoungGen: 337888K->158304K(463872K)] 980350K->904203K(1862144K), 0.0536709 secs] [Times: user=0.32 sys=0.00, real=0.05 secs] 
4656.470: [GC (Allocation Failure) [PSYoungGen: 391264K->101120K(457728K)] 1137163K->995827K(1856000K), 0.1012741 secs] [Times: user=0.61 sys=0.00, real=0.10 secs] 
4658.579: [GC (Allocation Failure) [PSYoungGen: 336128K->167648K(461824K)] 1230835K->1161388K(1860096K), 0.0536228 secs] [Times: user=0.32 sys=0.00, real=0.06 secs] 
4662.694: [GC (Allocation Failure) [PSYoungGen: 402335K->90624K(468480K)] 1396075K->1243284K(1866752K), 0.1545026 secs] [Times: user=0.92 sys=0.00, real=0.15 secs] 
4664.454: [GC (Allocation Failure) [PSYoungGen: 328192K->171904K(409600K)] 1480852K->1412401K(1807872K), 0.0503196 secs] [Times: user=0.30 sys=0.00, real=0.05 secs] 
4664.504: [Full GC (Ergonomics) [PSYoungGen: 171904K->0K(409600K)] [ParOldGen: 1240497K->209810K(1398272K)] 1412401K->209810K(1807872K), [Metaspace: 60507K->60507K(1105920K)], 0.4874706 secs] [Times: user=2.28 sys=0.00, real=0.48 secs] 
4668.470: [GC (Allocation Failure) [PSYoungGen: 237568K->90272K(466944K)] 447378K->300082K(1865216K), 0.1379587 secs] [Times: user=0.82 sys=0.00, real=0.14 secs] 
4670.191: [GC (Allocation Failure) [PSYoungGen: 324256K->169120K(465920K)] 534066K->465675K(1864192K), 0.1222392 secs] [Times: user=0.73 sys=0.00, real=0.13 secs] 
4673.122: [GC (Allocation Failure) [PSYoungGen: 403104K->92384K(465920K)] 699659K->558283K(1864192K), 0.1592134 secs] [Times: user=0.95 sys=0.01, real=0.16 secs] 
4673.644: [GC (Allocation Failure) [PSYoungGen: 325344K->172032K(465920K)] 791243K->724224K(1864192K), 0.0621232 secs] [Times: user=0.37 sys=0.00, real=0.06 secs] 
4676.780: [GC (Allocation Failure) [PSYoungGen: 404992K->91968K(465920K)] 957184K->815664K(1864192K), 0.1081779 secs] [Times: user=0.64 sys=0.00, real=0.11 secs] 
4678.066: [GC (Allocation Failure) [PSYoungGen: 324928K->159072K(465920K)] 1048624K->968593K(1864192K), 0.0631602 secs] [Times: user=0.37 sys=0.00, real=0.06 secs] 
4681.818: [GC (Allocation Failure) [PSYoungGen: 389082K->93440K(463872K)] 1198603K->1061857K(1862144K), 0.1022541 secs] [Times: user=0.61 sys=0.01, real=0.10 secs] 
4683.077: [GC (Allocation Failure) [PSYoungGen: 326400K->151328K(464896K)] 1294817K->1206318K(1863168K), 0.0614925 secs] [Times: user=0.37 sys=0.00, real=0.06 secs] 
4685.049: [GC (Allocation Failure) [PSYoungGen: 384288K->119776K(451072K)] 1439278K->1325918K(1849344K), 0.0904931 secs] [Times: user=0.54 sys=0.00, real=0.09 secs] 
4685.139: [Full GC (Ergonomics) [PSYoungGen: 119776K->0K(451072K)] [ParOldGen: 1206142K->126674K(1398272K)] 1325918K->126674K(1849344K), [Metaspace: 60508K->60508K(1105920K)], 0.2890727 secs] [Times: user=1.32 sys=0.00, real=0.29 secs] 
4691.214: [GC (Allocation Failure) [PSYoungGen: 236544K->136352K(458752K)] 363218K->263026K(1857024K), 0.0488154 secs] [Times: user=0.29 sys=0.00, real=0.05 secs] 
4693.895: [GC (Allocation Failure) [PSYoungGen: 372896K->118752K(462336K)] 499570K->381938K(1860608K), 0.0842774 secs] [Times: user=0.50 sys=0.00, real=0.08 secs] 
4695.149: [GC (Allocation Failure) [PSYoungGen: 379872K->3424K(470016K)] 643058K->266682K(1868288K), 0.0019549 secs] [Times: user=0.01 sys=0.00, real=0.00 secs] 
4698.262: [GC (Allocation Failure) [PSYoungGen: 264544K->179072K(455168K)] 527802K->444487K(1853440K), 0.0350290 secs] [Times: user=0.20 sys=0.00, real=0.04 secs] 
4699.968: [GC (Allocation Failure) [PSYoungGen: 412032K->93344K(465920K)] 677447K->529291K(1864192K), 0.1323903 secs] [Times: user=0.78 sys=0.00, real=0.13 secs] 
4702.143: [GC (Allocation Failure) [PSYoungGen: 326304K->168640K(461312K)] 762251K->694428K(1859584K), 0.0499873 secs] [Times: user=0.30 sys=0.00, real=0.05 secs] 
4706.740: [GC (Allocation Failure) [PSYoungGen: 401600K->86496K(465920K)] 927388K->780672K(1864192K), 0.1566506 secs] [Times: user=0.93 sys=0.00, real=0.16 secs] 
4708.000: [GC (Allocation Failure) [PSYoungGen: 319456K->168864K(463872K)] 1013632K->945661K(1862144K), 0.0560177 secs] [Times: user=0.33 sys=0.00, real=0.06 secs] 
4710.083: [GC (Allocation Failure) [PSYoungGen: 401824K->92864K(465920K)] 1178621K->1038341K(1864192K), 0.1594571 secs] [Times: user=0.95 sys=0.00, real=0.15 secs] 
4710.750: [GC (Allocation Failure) [PSYoungGen: 325824K->176800K(465408K)] 1271301K->1208930K(1863680K), 0.0600932 secs] [Times: user=0.36 sys=0.00, real=0.06 secs] 
4714.287: [GC (Allocation Failure) [PSYoungGen: 409760K->82656K(465920K)] 1441890K->1291354K(1864192K), 0.1398711 secs] [Times: user=0.84 sys=0.00, real=0.14 secs] 
4714.427: [Full GC (Ergonomics) [PSYoungGen: 82656K->0K(465920K)] [ParOldGen: 1208698K->89235K(1398272K)] 1291354K->89235K(1864192K), [Metaspace: 60510K->60510K(1105920K)], 0.2237268 secs] [Times: user=1.04 sys=0.00, real=0.22 secs] 
4715.293: [GC (Allocation Failure) [PSYoungGen: 232960K->211808K(465920K)] 322195K->301043K(1864192K), 0.0408959 secs] [Times: user=0.23 sys=0.01, real=0.04 secs] 
4718.713: [GC (Allocation Failure) [PSYoungGen: 444768K->91296K(465920K)] 534003K->351295K(1864192K), 0.1086744 secs] [Times: user=0.65 sys=0.00, real=0.10 secs] 
4719.977: [GC (Allocation Failure) [PSYoungGen: 324256K->152480K(465920K)] 584255K->497264K(1864192K), 0.0595414 secs] [Times: user=0.35 sys=0.00, real=0.06 secs] 
4722.287: [GC (Allocation Failure) [PSYoungGen: 385440K->105984K(465920K)] 730224K->603376K(1864192K), 0.0877166 secs] [Times: user=0.52 sys=0.00, real=0.09 secs] 
4726.129: [GC (Allocation Failure) [PSYoungGen: 338944K->142624K(465920K)] 836336K->735381K(1864192K), 0.0606657 secs] [Times: user=0.36 sys=0.00, real=0.06 secs] 
4728.036: [GC (Allocation Failure) [PSYoungGen: 375584K->115968K(349184K)] 968341K->851125K(1747456K), 0.0835636 secs] [Times: user=0.49 sys=0.00, real=0.08 secs] 
4730.552: [GC (Allocation Failure) [PSYoungGen: 348928K->132608K(468992K)] 1084085K->973314K(1867264K), 0.0615449 secs] [Times: user=0.37 sys=0.00, real=0.07 secs] 
4733.029: [GC (Allocation Failure) [PSYoungGen: 373760K->140064K(460800K)] 1214466K->1113146K(1859072K), 0.0651938 secs] [Times: user=0.39 sys=0.00, real=0.07 secs] 
4734.486: [GC (Allocation Failure) [PSYoungGen: 381216K->5600K(453120K)] 1354298K->978718K(1851392K), 0.0030572 secs] [Times: user=0.01 sys=0.00, real=0.00 secs] 
4736.167: [GC (Allocation Failure) [PSYoungGen: 244192K->165600K(465920K)] 1217310K->1143067K(1864192K), 0.0336534 secs] [Times: user=0.19 sys=0.00, real=0.03 secs] 
4738.948: [GC (Allocation Failure) [PSYoungGen: 404192K->100352K(464896K)] 1381659K->1234771K(1863168K), 0.1802960 secs] [Times: user=1.07 sys=0.00, real=0.18 secs] 
4740.093: [GC (Allocation Failure) [PSYoungGen: 338944K->219552K(465408K)] 1473363K->1452216K(1863680K), 0.0555469 secs] [Times: user=0.33 sys=0.00, real=0.05 secs] 
4740.149: [Full GC (Ergonomics) [PSYoungGen: 219552K->0K(465408K)] [ParOldGen: 1232664K->205369K(1398272K)] 1452216K->205369K(1863680K), [Metaspace: 60510K->60510K(1105920K)], 0.4672384 secs] [Times: user=2.15 sys=0.00, real=0.47 secs] 
4743.220: [GC (Allocation Failure) [PSYoungGen: 238592K->94560K(465920K)] 443961K->299929K(1864192K), 0.1749044 secs] [Times: user=1.05 sys=0.01, real=0.18 secs] 
4743.802: [GC (Allocation Failure) [PSYoungGen: 327520K->171072K(465920K)] 532889K->467254K(1864192K), 0.0584937 secs] [Times: user=0.34 sys=0.00, real=0.06 secs] 
4746.952: [GC (Allocation Failure) [PSYoungGen: 404032K->84288K(465920K)] 700214K->551634K(1864192K), 0.1750446 secs] [Times: user=1.04 sys=0.01, real=0.18 secs] 
4747.409: [GC (Allocation Failure) [PSYoungGen: 317248K->176896K(465920K)] 784594K->722435K(1864192K), 0.0574456 secs] [Times: user=0.34 sys=0.00, real=0.06 secs] 
4750.495: [GC (Allocation Failure) [PSYoungGen: 409856K->87552K(465920K)] 955395K->809835K(1864192K), 0.1280056 secs] [Times: user=0.77 sys=0.00, real=0.12 secs] 
4752.213: [GC (Allocation Failure) [PSYoungGen: 317644K->202304K(465920K)] 1039927K->1005672K(1864192K), 0.0682664 secs] [Times: user=0.41 sys=0.01, real=0.06 secs] 
4753.151: [GC (Allocation Failure) [PSYoungGen: 435264K->98976K(465920K)] 1238632K->1068008K(1864192K), 0.0996833 secs] [Times: user=0.59 sys=0.00, real=0.10 secs] 
4755.416: [GC (Allocation Failure) [PSYoungGen: 331936K->148992K(465920K)] 1300968K->1206959K(1864192K), 0.0609558 secs] [Times: user=0.37 sys=0.00, real=0.06 secs] 
4758.374: [GC (Allocation Failure) [PSYoungGen: 381952K->109760K(465920K)] 1439919K->1316111K(1864192K), 0.0853993 secs] [Times: user=0.50 sys=0.00, real=0.08 secs] 
4758.459: [Full GC (Ergonomics) [PSYoungGen: 109760K->0K(465920K)] [ParOldGen: 1206351K->124841K(1398272K)] 1316111K->124841K(1864192K), [Metaspace: 60510K->60510K(1105920K)], 0.2762608 secs] [Times: user=1.26 sys=0.00, real=0.28 secs] 
4759.855: [GC (Allocation Failure) [PSYoungGen: 232960K->139264K(465920K)] 357801K->264105K(1864192K), 0.0511969 secs] [Times: user=0.31 sys=0.00, real=0.05 secs] 
4761.828: [GC (Allocation Failure) [PSYoungGen: 372224K->132768K(451584K)] 497065K->397142K(1849856K), 0.0778200 secs] [Times: user=0.46 sys=0.00, real=0.08 secs] 
4763.062: [GC (Allocation Failure) [PSYoungGen: 365728K->2048K(458752K)] 630102K->266446K(1857024K), 0.0018749 secs] [Times: user=0.01 sys=0.00, real=0.01 secs] 
4765.129: [GC (Allocation Failure) [PSYoungGen: 235008K->148448K(465920K)] 499406K->414367K(1864192K), 0.0295358 secs] [Times: user=0.16 sys=0.01, real=0.03 secs] 
4767.188: [GC (Allocation Failure) [PSYoungGen: 381408K->7808K(465920K)] 647327K->273831K(1864192K), 0.0030692 secs] [Times: user=0.02 sys=0.00, real=0.00 secs] 
4769.658: [GC (Allocation Failure) [PSYoungGen: 240768K->161536K(465920K)] 506791K->433284K(1864192K), 0.0329520 secs] [Times: user=0.19 sys=0.00, real=0.03 secs] 
4771.172: [GC (Allocation Failure) [PSYoungGen: 394496K->103872K(465920K)] 666244K->527612K(1864192K), 0.0865560 secs] [Times: user=0.51 sys=0.00, real=0.09 secs] 
4772.560: [GC (Allocation Failure) [PSYoungGen: 328656K->162080K(465920K)] 752397K->687241K(1864192K), 0.0531148 secs] [Times: user=0.32 sys=0.00, real=0.06 secs] 
4775.039: [GC (Allocation Failure) [PSYoungGen: 395040K->94464K(465920K)] 920201K->772897K(1864192K), 0.1467593 secs] [Times: user=0.87 sys=0.01, real=0.15 secs] 
4776.687: [GC (Allocation Failure) [PSYoungGen: 327424K->185248K(465920K)] 1005857K->954154K(1864192K), 0.0510214 secs] [Times: user=0.31 sys=0.01, real=0.05 secs] 
4779.083: [GC (Allocation Failure) [PSYoungGen: 418208K->90816K(465920K)] 1187114K->1027866K(1864192K), 0.1694991 secs] [Times: user=1.01 sys=0.01, real=0.17 secs] 
4779.991: [GC (Allocation Failure) [PSYoungGen: 323776K->167552K(465920K)] 1260826K->1191859K(1864192K), 0.1220451 secs] [Times: user=0.73 sys=0.00, real=0.12 secs] 
4785.059: [GC (Allocation Failure) [PSYoungGen: 400512K->79328K(465920K)] 1424819K->1271087K(1864192K), 0.1682970 secs] [Times: user=1.00 sys=0.01, real=0.17 secs] 
4785.227: [Full GC (Ergonomics) [PSYoungGen: 79328K->0K(465920K)] [ParOldGen: 1191759K->66528K(1398272K)] 1271087K->66528K(1864192K), [Metaspace: 60513K->60513K(1105920K)], 0.1788513 secs] [Times: user=0.83 sys=0.00, real=0.18 secs] 
4786.170: [GC (Allocation Failure) [PSYoungGen: 232960K->194496K(465920K)] 299488K->261024K(1864192K), 0.0568659 secs] [Times: user=0.34 sys=0.00, real=0.06 secs] 
4790.631: [GC (Allocation Failure) [PSYoungGen: 427456K->76576K(465920K)] 493984K->321504K(1864192K), 0.1640348 secs] [Times: user=0.98 sys=0.01, real=0.17 secs] 
4791.080: [GC (Allocation Failure) [PSYoungGen: 309536K->178304K(465920K)] 554464K->493773K(1864192K), 0.0561852 secs] [Times: user=0.34 sys=0.00, real=0.06 secs] 
4794.513: [GC (Allocation Failure) [PSYoungGen: 411264K->86496K(465920K)] 726733K->580269K(1864192K), 0.1078627 secs] [Times: user=0.64 sys=0.00, real=0.10 secs] 
4796.771: [GC (Allocation Failure) [PSYoungGen: 317867K->199296K(465920K)] 811640K->773426K(1864192K), 0.0678210 secs] [Times: user=0.41 sys=0.00, real=0.07 secs] 
4799.307: [GC (Allocation Failure) [PSYoungGen: 432256K->93120K(465920K)] 1006386K->829930K(1864192K), 0.1028662 secs] [Times: user=0.61 sys=0.00, real=0.10 secs] 
4800.538: [GC (Allocation Failure) [PSYoungGen: 326080K->150784K(465920K)] 1062890K->974299K(1864192K), 0.0603214 secs] [Times: user=0.36 sys=0.00, real=0.06 secs] 
4801.767: [GC (Allocation Failure) [PSYoungGen: 383744K->113408K(465920K)] 1207259K->1087923K(1864192K), 0.0999944 secs] [Times: user=0.59 sys=0.00, real=0.10 secs] 
4804.256: [GC (Allocation Failure) [PSYoungGen: 346368K->135104K(465920K)] 1320883K->1212535K(1864192K), 0.0613989 secs] [Times: user=0.37 sys=0.00, real=0.06 secs] 
4805.700: [GC (Allocation Failure) [PSYoungGen: 368064K->139424K(372736K)] 1445495K->1351735K(1771008K), 0.0675202 secs] [Times: user=0.40 sys=0.00, real=0.07 secs] 
4805.767: [Full GC (Ergonomics) [PSYoungGen: 139424K->0K(372736K)] [ParOldGen: 1212311K->146283K(1398272K)] 1351735K->146283K(1771008K), [Metaspace: 60513K->60513K(1105920K)], 0.3379570 secs] [Times: user=1.55 sys=0.00, real=0.34 secs] 
4808.398: [GC (Allocation Failure) [PSYoungGen: 232960K->117600K(472576K)] 379243K->263883K(1870848K), 0.0411709 secs] [Times: user=0.25 sys=0.00, real=0.04 secs] 
4810.996: [GC (Allocation Failure) [PSYoungGen: 358752K->158080K(464384K)] 505035K->421688K(1862656K), 0.0598788 secs] [Times: user=0.36 sys=0.00, real=0.06 secs] 
4812.327: [GC (Allocation Failure) [PSYoungGen: 399232K->15040K(457728K)] 662840K->278744K(1856000K), 0.0052594 secs] [Times: user=0.03 sys=0.00, real=0.00 secs] 
4813.857: [GC (Allocation Failure) [PSYoungGen: 248000K->167168K(465920K)] 511704K->443180K(1864192K), 0.0360906 secs] [Times: user=0.22 sys=0.00, real=0.04 secs] 
4816.069: [GC (Allocation Failure) [PSYoungGen: 400128K->97280K(465920K)] 676140K->531488K(1864192K), 0.1556740 secs] [Times: user=0.92 sys=0.00, real=0.16 secs] 
4818.791: [GC (Allocation Failure) [PSYoungGen: 314441K->156416K(465920K)] 748649K->684005K(1864192K), 0.0494344 secs] [Times: user=0.29 sys=0.00, real=0.05 secs] 
4820.936: [GC (Allocation Failure) [PSYoungGen: 389376K->97696K(458752K)] 916965K->773189K(1857024K), 0.1586742 secs] [Times: user=0.94 sys=0.00, real=0.16 secs] 
4822.069: [GC (Allocation Failure) [PSYoungGen: 330656K->167104K(462336K)] 1006149K->936734K(1860608K), 0.0511562 secs] [Times: user=0.30 sys=0.00, real=0.05 secs] 
4825.605: [GC (Allocation Failure) [PSYoungGen: 400064K->88864K(467456K)] 1169694K->1024902K(1865728K), 0.1676655 secs] [Times: user=0.99 sys=0.00, real=0.16 secs] 
4826.649: [GC (Allocation Failure) [PSYoungGen: 323872K->171296K(465920K)] 1259910K->1192431K(1864192K), 0.0565860 secs] [Times: user=0.33 sys=0.00, real=0.06 secs] 
4829.433: [GC (Allocation Failure) [PSYoungGen: 406304K->89408K(465920K)] 1427439K->1281707K(1864192K), 0.1553356 secs] [Times: user=0.92 sys=0.00, real=0.15 secs] 
4829.589: [Full GC (Ergonomics) [PSYoungGen: 89408K->0K(465920K)] [ParOldGen: 1192299K->79730K(1398272K)] 1281707K->79730K(1864192K), [Metaspace: 60513K->60513K(1105920K)], 0.2030629 secs] [Times: user=0.94 sys=0.00, real=0.20 secs] 
4830.063: [GC (Allocation Failure) [PSYoungGen: 232960K->173984K(465920K)] 312690K->253714K(1864192K), 0.0388806 secs] [Times: user=0.23 sys=0.00, real=0.03 secs] 
4833.426: [GC (Allocation Failure) [PSYoungGen: 406944K->89568K(465920K)] 486674K->343246K(1864192K), 0.1204688 secs] [Times: user=0.72 sys=0.00, real=0.12 secs] 
4834.664: [GC (Allocation Failure) [PSYoungGen: 322528K->161056K(465920K)] 576206K->497827K(1864192K), 0.0622262 secs] [Times: user=0.37 sys=0.01, real=0.06 secs] 
4837.003: [GC (Allocation Failure) [PSYoungGen: 394016K->98464K(465920K)] 730787K->596155K(1864192K), 0.1024915 secs] [Times: user=0.61 sys=0.00, real=0.10 secs] 
4840.156: [GC (Allocation Failure) [PSYoungGen: 331424K->149696K(382976K)] 829115K->735520K(1781248K), 0.0600963 secs] [Times: user=0.36 sys=0.00, real=0.06 secs] 
4842.180: [GC (Allocation Failure) [PSYoungGen: 382656K->111360K(472064K)] 968480K->847088K(1870336K), 0.0832443 secs] [Times: user=0.49 sys=0.00, real=0.09 secs] 
4844.858: [GC (Allocation Failure) [PSYoungGen: 352000K->136288K(377344K)] 1087728K->973020K(1775616K), 0.0613044 secs] [Times: user=0.36 sys=0.00, real=0.06 secs] 
4846.750: [GC (Allocation Failure) [PSYoungGen: 376928K->133472K(467968K)] 1213660K->1106724K(1866240K), 0.0718089 secs] [Times: user=0.42 sys=0.01, real=0.07 secs] 
4848.172: [GC (Allocation Failure) [PSYoungGen: 383840K->8032K(461312K)] 1357092K->981596K(1859584K), 0.0032758 secs] [Times: user=0.01 sys=0.00, real=0.01 secs] 
4850.233: [GC (Allocation Failure) [PSYoungGen: 255922K->175616K(456192K)] 1229487K->1156009K(1854464K), 0.0849344 secs] [Times: user=0.50 sys=0.01, real=0.09 secs] 
4852.769: [GC (Allocation Failure) [PSYoungGen: 408576K->93728K(465920K)] 1388969K->1241537K(1864192K), 0.1218492 secs] [Times: user=0.72 sys=0.01, real=0.12 secs] 
4852.891: [Full GC (Ergonomics) [PSYoungGen: 93728K->0K(465920K)] [ParOldGen: 1147809K->44402K(1398272K)] 1241537K->44402K(1864192K), [Metaspace: 60513K->60513K(1105920K)], 0.0996370 secs] [Times: user=0.42 sys=0.00, real=0.10 secs] 
4854.434: [GC (Allocation Failure) [PSYoungGen: 232960K->165472K(460800K)] 277362K->209874K(1859072K), 0.0355985 secs] [Times: user=0.21 sys=0.00, real=0.03 secs] 
4856.580: [GC (Allocation Failure) [PSYoungGen: 398432K->95008K(465920K)] 442834K->304162K(1864192K), 0.1381618 secs] [Times: user=0.83 sys=0.00, real=0.14 secs] 
4857.459: [GC (Allocation Failure) [PSYoungGen: 327968K->168800K(461312K)] 537122K->469167K(1859584K), 0.0585247 secs] [Times: user=0.34 sys=0.00, real=0.06 secs] 
4859.965: [GC (Allocation Failure) [PSYoungGen: 401760K->90816K(465920K)] 702127K->559775K(1864192K), 0.1450819 secs] [Times: user=0.86 sys=0.00, real=0.14 secs] 
4861.426: [GC (Allocation Failure) [PSYoungGen: 323776K->174016K(463360K)] 792735K->727964K(1861632K), 0.1616257 secs] [Times: user=0.96 sys=0.00, real=0.16 secs] 
4864.246: [GC (Allocation Failure) [PSYoungGen: 406976K->87680K(465920K)] 960924K->815908K(1864192K), 0.1153015 secs] [Times: user=0.69 sys=0.00, real=0.11 secs] 
4866.537: [GC (Allocation Failure) [PSYoungGen: 320640K->202528K(465920K)] 1048868K->1012603K(1864192K), 0.0643298 secs] [Times: user=0.38 sys=0.00, real=0.06 secs] 
4868.539: [GC (Allocation Failure) [PSYoungGen: 429204K->92864K(465920K)] 1239279K->1064443K(1864192K), 0.1011567 secs] [Times: user=0.60 sys=0.00, real=0.10 secs] 
4870.488: [GC (Allocation Failure) [PSYoungGen: 325824K->151008K(465920K)] 1297403K->1209098K(1864192K), 0.0608077 secs] [Times: user=0.36 sys=0.00, real=0.06 secs] 
4873.323: [GC (Allocation Failure) [PSYoungGen: 383968K->101600K(465920K)] 1442058K->1310842K(1864192K), 0.0945457 secs] [Times: user=0.56 sys=0.00, real=0.09 secs] 
4873.418: [Full GC (Ergonomics) [PSYoungGen: 101600K->0K(465920K)] [ParOldGen: 1209242K->116638K(1398272K)] 1310842K->116638K(1864192K), [Metaspace: 60513K->60513K(1105920K)], 0.2638006 secs] [Times: user=1.20 sys=0.00, real=0.26 secs] 
4874.767: [GC (Allocation Failure) [PSYoungGen: 232960K->146624K(465920K)] 349598K->263262K(1864192K), 0.0534500 secs] [Times: user=0.32 sys=0.00, real=0.05 secs] 
4877.249: [GC (Allocation Failure) [PSYoungGen: 379584K->120000K(353280K)] 496222K->383210K(1751552K), 0.0918098 secs] [Times: user=0.54 sys=0.00, real=0.09 secs] 
4878.496: [GC (Allocation Failure) [PSYoungGen: 352960K->127872K(467456K)] 616170K->500783K(1865728K), 0.0617374 secs] [Times: user=0.36 sys=0.00, real=0.06 secs] 
4882.270: [GC (Allocation Failure) [PSYoungGen: 370560K->147008K(457728K)] 743471K->647839K(1856000K), 0.0639060 secs] [Times: user=0.38 sys=0.00, real=0.07 secs] 
4883.493: [GC (Allocation Failure) [PSYoungGen: 389696K->6432K(460288K)] 890527K->507355K(1858560K), 0.0031860 secs] [Times: user=0.02 sys=0.00, real=0.01 secs] 
4885.209: [GC (Allocation Failure) [PSYoungGen: 253216K->173120K(420352K)] 754139K->678648K(1818624K), 0.0490502 secs] [Times: user=0.29 sys=0.01, real=0.05 secs] 
4887.607: [GC (Allocation Failure) [PSYoungGen: 419904K->106816K(471552K)] 925432K->776672K(1869824K), 0.1368200 secs] [Times: user=0.81 sys=0.01, real=0.14 secs] 
4888.964: [GC (Allocation Failure) [PSYoungGen: 345408K->173280K(465920K)] 1015264K->946737K(1864192K), 0.1213099 secs] [Times: user=0.73 sys=0.00, real=0.12 secs] 
4892.448: [GC (Allocation Failure) [PSYoungGen: 411872K->92160K(467968K)] 1185329K->1038793K(1866240K), 0.1365915 secs] [Times: user=0.81 sys=0.00, real=0.14 secs] 
4894.021: [GC (Allocation Failure) [PSYoungGen: 327168K->175936K(465920K)] 1273801K->1209254K(1864192K), 0.1433807 secs] [Times: user=0.86 sys=0.00, real=0.15 secs] 
4896.492: [GC (Allocation Failure) [PSYoungGen: 410944K->89472K(465920K)] 1444262K->1298670K(1864192K), 0.1032750 secs] [Times: user=0.61 sys=0.00, real=0.11 secs] 
4896.595: [Full GC (Ergonomics) [PSYoungGen: 89472K->0K(465920K)] [ParOldGen: 1209198K->97108K(1398272K)] 1298670K->97108K(1864192K), [Metaspace: 60513K->60513K(1105920K)], 0.2297229 secs] [Times: user=1.01 sys=0.00, real=0.23 secs] 
4898.655: [GC (Allocation Failure) [PSYoungGen: 232960K->202496K(465920K)] 330068K->299604K(1864192K), 0.0445721 secs] [Times: user=0.26 sys=0.00, real=0.04 secs] 
4900.394: [GC (Allocation Failure) [PSYoungGen: 428846K->92800K(465920K)] 525955K->351380K(1864192K), 0.1076160 secs] [Times: user=0.64 sys=0.01, real=0.10 secs] 
4902.492: [GC (Allocation Failure) [PSYoungGen: 325760K->150912K(465920K)] 584340K->496061K(1864192K), 0.0601201 secs] [Times: user=0.36 sys=0.00, real=0.06 secs] 
4903.872: [GC (Allocation Failure) [PSYoungGen: 383872K->107296K(465920K)] 729021K->603193K(1864192K), 0.0710040 secs] [Times: user=0.42 sys=0.00, real=0.08 secs] 
4907.648: [GC (Allocation Failure) [PSYoungGen: 340256K->140256K(373248K)] 836153K->733245K(1771520K), 0.0610467 secs] [Times: user=0.37 sys=0.00, real=0.06 secs] 
4909.120: [GC (Allocation Failure) [PSYoungGen: 373216K->125312K(472576K)] 966205K->858725K(1870848K), 0.0754602 secs] [Times: user=0.45 sys=0.00, real=0.08 secs] 
4910.381: [GC (Allocation Failure) [PSYoungGen: 367488K->2368K(463360K)] 1100901K->735893K(1861632K), 0.0020479 secs] [Times: user=0.01 sys=0.00, real=0.00 secs] 
4913.517: [GC (Allocation Failure) [PSYoungGen: 244544K->156384K(465920K)] 978069K->890810K(1864192K), 0.0312813 secs] [Times: user=0.19 sys=0.00, real=0.03 secs] 
4914.725: [GC (Allocation Failure) [PSYoungGen: 389344K->11360K(465920K)] 1123770K->745898K(1864192K), 0.0036311 secs] [Times: user=0.02 sys=0.00, real=0.00 secs] 
4917.270: [GC (Allocation Failure) [PSYoungGen: 244320K->166656K(465920K)] 978858K->910719K(1864192K), 0.0350774 secs] [Times: user=0.21 sys=0.00, real=0.04 secs] 
4919.440: [GC (Allocation Failure) [PSYoungGen: 399616K->91264K(465920K)] 1143679K->993671K(1864192K), 0.0893835 secs] [Times: user=0.53 sys=0.00, real=0.09 secs] 
4921.250: [GC (Allocation Failure) [PSYoungGen: 314953K->164672K(465920K)] 1217360K->1155476K(1864192K), 0.0496806 secs] [Times: user=0.30 sys=0.00, real=0.05 secs] 
4923.179: [GC (Allocation Failure) [PSYoungGen: 397632K->92512K(465920K)] 1388436K->1239388K(1864192K), 0.1732152 secs] [Times: user=1.03 sys=0.00, real=0.17 secs] 
4923.352: [Full GC (Ergonomics) [PSYoungGen: 92512K->0K(465920K)] [ParOldGen: 1146876K->42807K(1398272K)] 1239388K->42807K(1864192K), [Metaspace: 60513K->60513K(1105920K)], 0.1227812 secs] [Times: user=0.51 sys=0.00, real=0.13 secs] 
4925.509: [GC (Allocation Failure) [PSYoungGen: 232960K->168960K(465920K)] 275767K->211767K(1864192K), 0.0362016 secs] [Times: user=0.21 sys=0.00, real=0.04 secs] 
4928.188: [GC (Allocation Failure) [PSYoungGen: 401920K->88544K(465920K)] 444727K->299935K(1864192K), 0.1615314 secs] [Times: user=0.96 sys=0.00, real=0.16 secs] 
4929.633: [GC (Allocation Failure) [PSYoungGen: 321504K->168864K(465920K)] 532895K->465048K(1864192K), 0.0774441 secs] [Times: user=0.46 sys=0.00, real=0.07 secs] 
4933.913: [GC (Allocation Failure) [PSYoungGen: 401824K->82144K(465920K)] 698008K->547128K(1864192K), 0.1019714 secs] [Times: user=0.60 sys=0.01, real=0.11 secs] 
4934.605: [GC (Allocation Failure) [PSYoungGen: 315104K->174976K(465920K)] 780088K->716509K(1864192K), 0.0839153 secs] [Times: user=0.50 sys=0.00, real=0.08 secs] 
4938.535: [GC (Allocation Failure) [PSYoungGen: 407936K->82880K(465920K)] 949469K->799205K(1864192K), 0.1431289 secs] [Times: user=0.85 sys=0.00, real=0.14 secs] 
4940.086: [GC (Allocation Failure) [PSYoungGen: 315840K->174624K(465920K)] 1032165K->967542K(1864192K), 0.1490274 secs] [Times: user=0.89 sys=0.00, real=0.15 secs] 
4942.249: [GC (Allocation Failure) [PSYoungGen: 407584K->88640K(465920K)] 1200502K->1056382K(1864192K), 0.1283952 secs] [Times: user=0.77 sys=0.00, real=0.13 secs] 
4944.248: [GC (Allocation Failure) [PSYoungGen: 318281K->198688K(465920K)] 1286023K->1248863K(1864192K), 0.0676824 secs] [Times: user=0.40 sys=0.00, real=0.07 secs] 
4945.957: [GC (Allocation Failure) [PSYoungGen: 431648K->97312K(465920K)] 1481823K->1308863K(1864192K), 0.0955019 secs] [Times: user=0.57 sys=0.00, real=0.09 secs] 
4946.052: [Full GC (Ergonomics) [PSYoungGen: 97312K->0K(465920K)] [ParOldGen: 1211551K->112894K(1398272K)] 1308863K->112894K(1864192K), [Metaspace: 60531K->60531K(1105920K)], 0.2567822 secs] [Times: user=1.17 sys=0.00, real=0.26 secs] 
4948.347: [GC (Allocation Failure) [PSYoungGen: 232960K->150944K(465920K)] 345854K->263838K(1864192K), 0.0552948 secs] [Times: user=0.33 sys=0.00, real=0.05 secs] 
4950.335: [GC (Allocation Failure) [PSYoungGen: 383904K->110880K(465920K)] 496798K->374502K(1864192K), 0.0988382 secs] [Times: user=0.59 sys=0.00, real=0.10 secs] 
4952.078: [GC (Allocation Failure) [PSYoungGen: 343840K->136960K(465920K)] 607462K->500798K(1864192K), 0.0609322 secs] [Times: user=0.37 sys=0.00, real=0.06 secs] 
4954.661: [GC (Allocation Failure) [PSYoungGen: 369920K->125152K(358400K)] 733758K->626078K(1756672K), 0.0672429 secs] [Times: user=0.40 sys=0.00, real=0.07 secs] 
4955.874: [GC (Allocation Failure) [PSYoungGen: 358112K->1504K(447488K)] 859038K->502546K(1845760K), 0.0021339 secs] [Times: user=0.01 sys=0.00, real=0.00 secs] 
4957.129: [GC (Allocation Failure) [PSYoungGen: 225248K->146976K(456704K)] 726290K->648846K(1854976K), 0.0300293 secs] [Times: user=0.18 sys=0.00, real=0.03 secs] 
4958.778: [GC (Allocation Failure) [PSYoungGen: 370720K->3456K(465920K)] 872590K->505406K(1864192K), 0.0022490 secs] [Times: user=0.01 sys=0.00, real=0.00 secs] 
4961.803: [GC (Allocation Failure) [PSYoungGen: 236416K->153472K(465920K)] 738366K->656747K(1864192K), 0.0305570 secs] [Times: user=0.18 sys=0.01, real=0.03 secs] 
4963.040: [GC (Allocation Failure) [PSYoungGen: 386432K->104320K(465920K)] 889707K->751947K(1864192K), 0.0739266 secs] [Times: user=0.44 sys=0.01, real=0.08 secs] 
4965.205: [GC (Allocation Failure) [PSYoungGen: 337280K->167168K(465920K)] 984907K->917936K(1864192K), 0.0544311 secs] [Times: user=0.32 sys=0.00, real=0.05 secs] 
4966.998: [GC (Allocation Failure) [PSYoungGen: 400128K->94976K(465920K)] 1150896K->1004216K(1864192K), 0.1506345 secs] [Times: user=0.90 sys=0.01, real=0.15 secs] 
4968.686: [GC (Allocation Failure) [PSYoungGen: 315365K->159872K(465920K)] 1224606K->1161865K(1864192K), 0.0504498 secs] [Times: user=0.30 sys=0.00, real=0.05 secs] 
4970.784: [GC (Allocation Failure) [PSYoungGen: 392832K->93952K(461824K)] 1394825K->1247157K(1860096K), 0.0707025 secs] [Times: user=0.42 sys=0.00, real=0.07 secs] 
4970.855: [Full GC (Ergonomics) [PSYoungGen: 93952K->0K(461824K)] [ParOldGen: 1153205K->44456K(1398272K)] 1247157K->44456K(1860096K), [Metaspace: 60534K->59626K(1105920K)], 0.0929276 secs] [Times: user=0.35 sys=0.00, real=0.09 secs] 
4972.701: [GC (Allocation Failure) [PSYoungGen: 217421K->156832K(463872K)] 261877K->201288K(1862144K), 0.0930368 secs] [Times: user=0.55 sys=0.00, real=0.10 secs] 
4976.224: [GC (Allocation Failure) [PSYoungGen: 389792K->91392K(460800K)] 434248K->283968K(1859072K), 0.1598282 secs] [Times: user=0.95 sys=0.00, real=0.16 secs] 
4978.172: [GC (Allocation Failure) [PSYoungGen: 326400K->169056K(463360K)] 518976K->449045K(1861632K), 0.0492923 secs] [Times: user=0.29 sys=0.00, real=0.05 secs] 
4981.301: [GC (Allocation Failure) [PSYoungGen: 404064K->94144K(467456K)] 684053K->542861K(1865728K), 0.1605014 secs] [Times: user=0.96 sys=0.01, real=0.16 secs] 
4982.468: [GC (Allocation Failure) [PSYoungGen: 330176K->172448K(465920K)] 778893K->709206K(1864192K), 0.0562965 secs] [Times: user=0.33 sys=0.00, real=0.06 secs] 
4985.636: [GC (Allocation Failure) [PSYoungGen: 408480K->87616K(465920K)] 945238K->796782K(1864192K), 0.1524095 secs] [Times: user=0.91 sys=0.00, real=0.15 secs] 
4986.169: [GC (Allocation Failure) [PSYoungGen: 320576K->178848K(465920K)] 1029742K->969831K(1864192K), 0.0757856 secs] [Times: user=0.45 sys=0.00, real=0.08 secs] 
4987.926: [GC (Allocation Failure) [PSYoungGen: 411808K->94400K(465920K)] 1202791K->1064495K(1864192K), 0.1089193 secs] [Times: user=0.65 sys=0.00, real=0.11 secs] 
4990.337: [GC (Allocation Failure) [PSYoungGen: 327360K->153440K(465920K)] 1297455K->1211708K(1864192K), 0.0625308 secs] [Times: user=0.37 sys=0.00, real=0.06 secs] 
4992.149: [GC (Allocation Failure) [PSYoungGen: 386400K->103904K(459776K)] 1444668K->1315292K(1858048K), 0.0940541 secs] [Times: user=0.56 sys=0.00, real=0.10 secs] 
4992.243: [Full GC (Ergonomics) [PSYoungGen: 103904K->0K(459776K)] [ParOldGen: 1211388K->118997K(1398272K)] 1315292K->118997K(1858048K), [Metaspace: 59670K->59670K(1105920K)], 0.2732904 secs] [Times: user=1.25 sys=0.00, real=0.27 secs] 
4993.811: [GC (Allocation Failure) [PSYoungGen: 232960K->144384K(462848K)] 351957K->263381K(1861120K), 0.0527192 secs] [Times: user=0.32 sys=0.00, real=0.06 secs] 
4995.979: [GC (Allocation Failure) [PSYoungGen: 377344K->122528K(450560K)] 496341K->385557K(1848832K), 0.0876572 secs] [Times: user=0.52 sys=0.00, real=0.09 secs] 
4997.809: [GC (Allocation Failure) [PSYoungGen: 364704K->448K(459776K)] 627733K->263501K(1858048K), 0.0027067 secs] [Times: user=0.02 sys=0.00, real=0.00 secs] 
5000.199: [GC (Allocation Failure) [PSYoungGen: 242624K->150816K(464896K)] 505677K->413893K(1863168K), 0.0301710 secs] [Times: user=0.17 sys=0.00, real=0.03 secs] 
5001.344: [GC (Allocation Failure) [PSYoungGen: 385824K->11840K(247296K)] 648901K->274965K(1645568K), 0.0042266 secs] [Times: user=0.03 sys=0.00, real=0.00 secs] 
5002.544: [GC (Allocation Failure) [PSYoungGen: 246848K->167168K(465920K)] 509973K->440042K(1864192K), 0.0355963 secs] [Times: user=0.21 sys=0.00, real=0.03 secs] 
5004.424: [GC (Allocation Failure) [PSYoungGen: 400128K->98080K(465920K)] 673002K->528634K(1864192K), 0.1719670 secs] [Times: user=1.03 sys=0.00, real=0.17 secs] 
5006.171: [GC (Allocation Failure) [PSYoungGen: 331040K->170912K(465920K)] 761594K->696159K(1864192K), 0.0695911 secs] [Times: user=0.41 sys=0.00, real=0.07 secs] 
5010.481: [GC (Allocation Failure) [PSYoungGen: 403872K->81728K(465920K)] 929119K->778015K(1864192K), 0.1815489 secs] [Times: user=1.07 sys=0.01, real=0.18 secs] 
5011.906: [GC (Allocation Failure) [PSYoungGen: 314688K->170560K(465920K)] 1010975K->944020K(1864192K), 0.0545173 secs] [Times: user=0.32 sys=0.00, real=0.05 secs] 
5014.444: [GC (Allocation Failure) [PSYoungGen: 403520K->85856K(465920K)] 1176980K->1029396K(1864192K), 0.1841451 secs] [Times: user=1.09 sys=0.00, real=0.18 secs] 
5015.458: [GC (Allocation Failure) [PSYoungGen: 318816K->174464K(465920K)] 1262356K->1197444K(1864192K), 0.0569355 secs] [Times: user=0.34 sys=0.00, real=0.06 secs] 
5017.156: [GC (Allocation Failure) [PSYoungGen: 407424K->94912K(465920K)] 1430404K->1292065K(1864192K), 0.0791290 secs] [Times: user=0.47 sys=0.00, real=0.08 secs] 
5017.236: [Full GC (Ergonomics) [PSYoungGen: 94912K->0K(465920K)] [ParOldGen: 1197153K->90297K(1398272K)] 1292065K->90297K(1864192K), [Metaspace: 59685K->59685K(1105920K)], 0.2018396 secs] [Times: user=0.90 sys=0.00, real=0.20 secs] 
5018.060: [GC (Allocation Failure) [PSYoungGen: 230000K->203488K(465920K)] 320298K->293786K(1864192K), 0.0361138 secs] [Times: user=0.21 sys=0.00, real=0.04 secs] 
5021.022: [GC (Allocation Failure) [PSYoungGen: 436448K->89024K(465920K)] 526746K->348138K(1864192K), 0.1060269 secs] [Times: user=0.63 sys=0.00, real=0.11 secs] 
5023.071: [GC (Allocation Failure) [PSYoungGen: 321984K->156064K(465920K)] 581098K->497694K(1864192K), 0.0601801 secs] [Times: user=0.36 sys=0.00, real=0.06 secs] 
5026.871: [GC (Allocation Failure) [PSYoungGen: 389024K->118208K(465920K)] 730654K->615006K(1864192K), 0.0983501 secs] [Times: user=0.59 sys=0.01, real=0.10 secs] 
5028.219: [GC (Allocation Failure) [PSYoungGen: 351168K->145728K(465920K)] 847966K->734003K(1864192K), 0.0607320 secs] [Times: user=0.36 sys=0.00, real=0.06 secs] 
5031.617: [GC (Allocation Failure) [PSYoungGen: 378688K->116128K(349184K)] 966963K->850067K(1747456K), 0.0839808 secs] [Times: user=0.50 sys=0.00, real=0.08 secs] 
5032.869: [GC (Allocation Failure) [PSYoungGen: 349088K->131936K(470528K)] 1083027K->971450K(1868800K), 0.0619471 secs] [Times: user=0.37 sys=0.00, real=0.06 secs] 
5035.930: [GC (Allocation Failure) [PSYoungGen: 373600K->139648K(461824K)] 1213114K->1111194K(1860096K), 0.0644648 secs] [Times: user=0.38 sys=0.00, real=0.07 secs] 
5037.158: [GC (Allocation Failure) [PSYoungGen: 381312K->6624K(453120K)] 1352858K->978242K(1851392K), 0.0038839 secs] [Times: user=0.02 sys=0.00, real=0.00 secs] 
5039.961: [GC (Allocation Failure) [PSYoungGen: 244192K->163904K(465408K)] 1215810K->1140375K(1863680K), 0.0338873 secs] [Times: user=0.20 sys=0.00, real=0.04 secs] 
5041.461: [GC (Allocation Failure) [PSYoungGen: 401472K->102496K(462848K)] 1377943K->1233891K(1861120K), 0.1106256 secs] [Times: user=0.66 sys=0.01, real=0.11 secs] 
5045.001: [GC (Allocation Failure) [PSYoungGen: 336311K->161600K(464384K)] 1467706K->1392760K(1862656K), 0.0537115 secs] [Times: user=0.32 sys=0.00, real=0.06 secs] 
5045.055: [Full GC (Ergonomics) [PSYoungGen: 161600K->0K(464384K)] [ParOldGen: 1231160K->197546K(1398272K)] 1392760K->197546K(1862656K), [Metaspace: 59685K->59685K(1105920K)], 0.4753286 secs] [Times: user=2.23 sys=0.00, real=0.47 secs] 
5047.527: [GC (Allocation Failure) [PSYoungGen: 238080K->97216K(464896K)] 435626K->294762K(1863168K), 0.0757037 secs] [Times: user=0.37 sys=0.00, real=0.07 secs] 
5049.202: [GC (Allocation Failure) [PSYoungGen: 338880K->171648K(413696K)] 536426K->462622K(1811968K), 0.0505886 secs] [Times: user=0.30 sys=0.00, real=0.05 secs] 
5051.364: [GC (Allocation Failure) [PSYoungGen: 413312K->98272K(471552K)] 704286K->560371K(1869824K), 0.1398058 secs] [Times: user=0.83 sys=0.00, real=0.14 secs] 
5052.692: [GC (Allocation Failure) [PSYoungGen: 336864K->175232K(465920K)] 798963K->730019K(1864192K), 0.1589713 secs] [Times: user=0.94 sys=0.00, real=0.16 secs] 
5055.451: [GC (Allocation Failure) [PSYoungGen: 413824K->94144K(467456K)] 968611K->824035K(1865728K), 0.1145648 secs] [Times: user=0.68 sys=0.00, real=0.12 secs] 
5058.183: [GC (Allocation Failure) [PSYoungGen: 326261K->195968K(465920K)] 1056153K->1014080K(1864192K), 0.0682361 secs] [Times: user=0.41 sys=0.00, real=0.07 secs] 
5058.974: [GC (Allocation Failure) [PSYoungGen: 430464K->99424K(465920K)] 1248576K->1076888K(1864192K), 0.0876898 secs] [Times: user=0.52 sys=0.00, real=0.08 secs] 
5061.403: [GC (Allocation Failure) [PSYoungGen: 332384K->148032K(465920K)] 1309848K->1214711K(1864192K), 0.0602893 secs] [Times: user=0.36 sys=0.00, real=0.06 secs] 
5063.600: [GC (Allocation Failure) [PSYoungGen: 380992K->124768K(454656K)] 1447671K->1339543K(1852928K), 0.0826585 secs] [Times: user=0.49 sys=0.00, real=0.09 secs] 
5063.683: [Full GC (Ergonomics) [PSYoungGen: 124768K->0K(454656K)] [ParOldGen: 1214775K->131665K(1398272K)] 1339543K->131665K(1852928K), [Metaspace: 59686K->59686K(1105920K)], 0.3004336 secs] [Times: user=1.38 sys=0.00, real=0.30 secs] 
5065.357: [GC (Allocation Failure) [PSYoungGen: 232960K->131904K(460288K)] 364625K->263569K(1858560K), 0.0485783 secs] [Times: user=0.29 sys=0.00, real=0.05 secs] 
5068.021: [GC (Allocation Failure) [PSYoungGen: 364864K->130656K(457728K)] 496529K->393633K(1856000K), 0.0756614 secs] [Times: user=0.45 sys=0.00, real=0.08 secs] 
5069.253: [GC (Allocation Failure) [PSYoungGen: 384096K->6912K(462848K)] 647073K->269937K(1861120K), 0.0025523 secs] [Times: user=0.01 sys=0.00, real=0.01 secs] 
5071.710: [GC (Allocation Failure) [PSYoungGen: 260352K->182848K(455680K)] 523377K->450886K(1853952K), 0.0357326 secs] [Times: user=0.20 sys=0.01, real=0.04 secs] 
5073.860: [GC (Allocation Failure) [PSYoungGen: 415808K->99648K(465920K)] 683846K->532694K(1864192K), 0.1656761 secs] [Times: user=0.99 sys=0.01, real=0.17 secs] 
5074.658: [GC (Allocation Failure) [PSYoungGen: 332608K->173152K(462336K)] 765654K->702567K(1860608K), 0.0555035 secs] [Times: user=0.33 sys=0.01, real=0.06 secs] 
5077.347: [GC (Allocation Failure) [PSYoungGen: 404721K->84960K(465920K)] 934136K->787667K(1864192K), 0.1578170 secs] [Times: user=0.93 sys=0.01, real=0.16 secs] 
5078.803: [GC (Allocation Failure) [PSYoungGen: 317920K->167808K(465920K)] 1020627K->952092K(1864192K), 0.1176616 secs] [Times: user=0.71 sys=0.00, real=0.11 secs] 
5083.024: [GC (Allocation Failure) [PSYoungGen: 400768K->81536K(465920K)] 1185052K->1033804K(1864192K), 0.1796701 secs] [Times: user=1.06 sys=0.01, real=0.18 secs] 
5083.741: [GC (Allocation Failure) [PSYoungGen: 314496K->179520K(465920K)] 1266764K->1207157K(1864192K), 0.0568767 secs] [Times: user=0.34 sys=0.00, real=0.06 secs] 
5086.823: [GC (Allocation Failure) [PSYoungGen: 412480K->85728K(465920K)] 1440117K->1293061K(1864192K), 0.1432081 secs] [Times: user=0.85 sys=0.01, real=0.15 secs] 
5086.966: [Full GC (Ergonomics) [PSYoungGen: 85728K->0K(465920K)] [ParOldGen: 1207333K->91649K(1398272K)] 1293061K->91649K(1864192K), [Metaspace: 59686K->59686K(1105920K)], 0.2236566 secs] [Times: user=1.03 sys=0.00, real=0.22 secs] 
5089.045: [GC (Allocation Failure) [PSYoungGen: 230240K->203296K(465920K)] 321890K->294945K(1864192K), 0.0366306 secs] [Times: user=0.22 sys=0.00, real=0.03 secs] 
5092.874: [GC (Allocation Failure) [PSYoungGen: 436256K->85248K(465920K)] 527905K->345385K(1864192K), 0.1211271 secs] [Times: user=0.72 sys=0.00, real=0.12 secs] 
5094.105: [GC (Allocation Failure) [PSYoungGen: 318208K->158528K(465920K)] 578345K->497290K(1864192K), 0.0596599 secs] [Times: user=0.36 sys=0.00, real=0.06 secs] 
5096.820: [GC (Allocation Failure) [PSYoungGen: 391488K->126304K(465920K)] 730250K->623818K(1864192K), 0.0973567 secs] [Times: user=0.58 sys=0.01, real=0.10 secs] 
5098.394: [GC (Allocation Failure) [PSYoungGen: 359264K->147040K(465920K)] 856778K->734833K(1864192K), 0.0605751 secs] [Times: user=0.36 sys=0.00, real=0.06 secs] 
5099.920: [GC (Allocation Failure) [PSYoungGen: 380000K->125760K(358912K)] 967793K->860825K(1757184K), 0.0696685 secs] [Times: user=0.41 sys=0.00, real=0.07 secs] 
5103.632: [GC (Allocation Failure) [PSYoungGen: 358720K->121472K(468480K)] 1093785K->972392K(1866752K), 0.0621746 secs] [Times: user=0.38 sys=0.00, real=0.07 secs] 
5104.801: [GC (Allocation Failure) [PSYoungGen: 362624K->147456K(460288K)] 1213544K->1120024K(1858560K), 0.0571455 secs] [Times: user=0.34 sys=0.00, real=0.06 secs] 
5107.249: [GC (Allocation Failure) [PSYoungGen: 388608K->8224K(456192K)] 1361176K->980816K(1854464K), 0.0037553 secs] [Times: user=0.02 sys=0.00, real=0.00 secs] 
5108.866: [GC (Allocation Failure) [PSYoungGen: 247840K->169856K(409600K)] 1220432K->1149166K(1807872K), 0.0348809 secs] [Times: user=0.21 sys=0.00, real=0.03 secs] 
5111.423: [GC (Allocation Failure) [PSYoungGen: 409472K->97888K(468480K)] 1388782K->1238594K(1866752K), 0.0978426 secs] [Times: user=0.59 sys=0.00, real=0.09 secs] 
5112.340: [GC (Allocation Failure) [PSYoungGen: 333408K->187808K(465920K)] 1474114K->1423162K(1864192K), 0.0668806 secs] [Times: user=0.39 sys=0.00, real=0.07 secs] 
5112.407: [Full GC (Ergonomics) [PSYoungGen: 187808K->0K(465920K)] [ParOldGen: 1235354K->210051K(1398272K)] 1423162K->210051K(1864192K), [Metaspace: 59686K->59686K(1105920K)], 0.4889050 secs] [Times: user=2.28 sys=0.01, real=0.49 secs] 
5116.654: [GC (Allocation Failure) [PSYoungGen: 235520K->87872K(465920K)] 445571K->297923K(1864192K), 0.1780553 secs] [Times: user=1.06 sys=0.00, real=0.17 secs] 
5117.710: [GC (Allocation Failure) [PSYoungGen: 320832K->170208K(465920K)] 530883K->464384K(1864192K), 0.0551183 secs] [Times: user=0.33 sys=0.00, real=0.06 secs] 
5119.525: [GC (Allocation Failure) [PSYoungGen: 403168K->92288K(465920K)] 697344K->556228K(1864192K), 0.0993439 secs] [Times: user=0.54 sys=0.00, real=0.10 secs] 
5120.942: [GC (Allocation Failure) [PSYoungGen: 325248K->171936K(465920K)] 789188K->722485K(1864192K), 0.1531369 secs] [Times: user=0.92 sys=0.00, real=0.16 secs] 
5124.547: [GC (Allocation Failure) [PSYoungGen: 404896K->83232K(465920K)] 955445K->805869K(1864192K), 0.1282946 secs] [Times: user=0.77 sys=0.00, real=0.13 secs] 
5125.242: [GC (Allocation Failure) [PSYoungGen: 312809K->204000K(465920K)] 1035446K->1003538K(1864192K), 0.0606211 secs] [Times: user=0.37 sys=0.00, real=0.07 secs] 
5127.583: [GC (Allocation Failure) [PSYoungGen: 436960K->92448K(465920K)] 1236498K->1060953K(1864192K), 0.1023990 secs] [Times: user=0.60 sys=0.00, real=0.10 secs] 
5129.783: [GC (Allocation Failure) [PSYoungGen: 325408K->151360K(465920K)] 1293913K->1206073K(1864192K), 0.0708197 secs] [Times: user=0.36 sys=0.00, real=0.08 secs] 
5132.094: [GC (Allocation Failure) [PSYoungGen: 384320K->102176K(465920K)] 1439033K->1308329K(1864192K), 0.0955278 secs] [Times: user=0.57 sys=0.00, real=0.09 secs] 
5132.190: [Full GC (Ergonomics) [PSYoungGen: 102176K->0K(465920K)] [ParOldGen: 1206153K->117751K(1398272K)] 1308329K->117751K(1864192K), [Metaspace: 59716K->59716K(1105920K)], 0.2641253 secs] [Times: user=1.20 sys=0.00, real=0.27 secs] 
5133.576: [GC (Allocation Failure) [PSYoungGen: 232960K->145760K(465920K)] 350711K->263511K(1864192K), 0.0536696 secs] [Times: user=0.32 sys=0.00, real=0.05 secs] 
5134.991: [GC (Allocation Failure) [PSYoungGen: 378720K->128224K(454656K)] 496471K->392007K(1852928K), 0.0850011 secs] [Times: user=0.51 sys=0.00, real=0.09 secs] 
5136.304: [GC (Allocation Failure) [PSYoungGen: 361184K->120032K(460288K)] 624967K->501862K(1858560K), 0.0624763 secs] [Times: user=0.38 sys=0.00, real=0.06 secs] 
5137.743: [GC (Allocation Failure) [PSYoungGen: 352992K->147968K(469504K)] 734822K->649727K(1867776K), 0.0567661 secs] [Times: user=0.34 sys=0.00, real=0.05 secs] 
5140.033: [GC (Allocation Failure) [PSYoungGen: 399872K->14048K(468992K)] 901631K->515831K(1867264K), 0.0043887 secs] [Times: user=0.02 sys=0.00, real=0.01 secs] 
5141.718: [GC (Allocation Failure) [PSYoungGen: 253373K->170528K(461312K)] 755156K->684303K(1859584K), 0.0360819 secs] [Times: user=0.21 sys=0.00, real=0.04 secs] 
5145.491: [GC (Allocation Failure) [PSYoungGen: 403488K->89088K(465920K)] 917263K->764911K(1864192K), 0.1522092 secs] [Times: user=0.90 sys=0.00, real=0.16 secs] 
5148.902: [GC (Allocation Failure) [PSYoungGen: 316052K->160704K(464384K)] 991876K->922772K(1862656K), 0.0487421 secs] [Times: user=0.29 sys=0.01, real=0.05 secs] 
5150.477: [GC (Allocation Failure) [PSYoungGen: 393664K->97344K(330752K)] 1155732K->1011132K(1729024K), 0.1493420 secs] [Times: user=0.89 sys=0.00, real=0.15 secs] 
5151.920: [GC (Allocation Failure) [PSYoungGen: 330304K->167904K(459264K)] 1244092K->1175649K(1857536K), 0.0514493 secs] [Times: user=0.30 sys=0.00, real=0.05 secs] 
5154.820: [GC (Allocation Failure) [PSYoungGen: 398304K->84704K(463360K)] 1406049K->1260121K(1861632K), 0.1693580 secs] [Times: user=1.01 sys=0.00, real=0.17 secs] 
5154.989: [Full GC (Ergonomics) [PSYoungGen: 84704K->0K(463360K)] [ParOldGen: 1175417K->59120K(1398272K)] 1260121K->59120K(1861632K), [Metaspace: 59721K->59721K(1105920K)], 0.1592025 secs] [Times: user=0.73 sys=0.00, real=0.16 secs] 
5156.550: [GC (Allocation Failure) [PSYoungGen: 230400K->167264K(464384K)] 289520K->226384K(1862656K), 0.0352893 secs] [Times: user=0.21 sys=0.01, real=0.04 secs] 
5158.150: [GC (Allocation Failure) [PSYoungGen: 400224K->92512K(465920K)] 459344K->318716K(1864192K), 0.1051225 secs] [Times: user=0.62 sys=0.00, real=0.11 secs] 
5159.305: [GC (Allocation Failure) [PSYoungGen: 325472K->174656K(464896K)] 551676K->487723K(1863168K), 0.1398603 secs] [Times: user=0.84 sys=0.00, real=0.14 secs] 
5162.710: [GC (Allocation Failure) [PSYoungGen: 407616K->87104K(465920K)] 720683K->574827K(1864192K), 0.1273742 secs] [Times: user=0.76 sys=0.00, real=0.13 secs] 
5164.434: [GC (Allocation Failure) [PSYoungGen: 317553K->202976K(465920K)] 805277K->771616K(1864192K), 0.0672073 secs] [Times: user=0.40 sys=0.00, real=0.06 secs] 
5166.102: [GC (Allocation Failure) [PSYoungGen: 434925K->93632K(465920K)] 1003566K->828640K(1864192K), 0.0986081 secs] [Times: user=0.58 sys=0.00, real=0.10 secs] 
5167.343: [GC (Allocation Failure) [PSYoungGen: 326592K->151168K(465920K)] 1061600K->972745K(1864192K), 0.0602305 secs] [Times: user=0.36 sys=0.00, real=0.07 secs] 
5168.612: [GC (Allocation Failure) [PSYoungGen: 384128K->115296K(465920K)] 1205705K->1087993K(1864192K), 0.0716731 secs] [Times: user=0.43 sys=0.00, real=0.08 secs] 
5170.810: [GC (Allocation Failure) [PSYoungGen: 348256K->132064K(452608K)] 1320953K->1210076K(1850880K), 0.0644341 secs] [Times: user=0.36 sys=0.00, real=0.07 secs] 
5172.857: [GC (Allocation Failure) [PSYoungGen: 365024K->128768K(459264K)] 1443036K->1339060K(1857536K), 0.0748239 secs] [Times: user=0.44 sys=0.00, real=0.07 secs] 
5172.932: [Full GC (Ergonomics) [PSYoungGen: 128768K->0K(459264K)] [ParOldGen: 1210292K->144343K(1398272K)] 1339060K->144343K(1857536K), [Metaspace: 59721K->59721K(1105920K)], 0.3258650 secs] [Times: user=1.50 sys=0.00, real=0.33 secs] 
5174.340: [GC (Allocation Failure) [PSYoungGen: 232960K->120640K(459776K)] 377303K->264983K(1858048K), 0.0429679 secs] [Times: user=0.25 sys=0.00, real=0.05 secs] 
5176.413: [GC (Allocation Failure) [PSYoungGen: 376128K->171680K(464896K)] 520471K->436332K(1863168K), 0.0624511 secs] [Times: user=0.37 sys=0.01, real=0.06 secs] 
5178.833: [GC (Allocation Failure) [PSYoungGen: 427168K->27584K(462848K)] 691820K->292308K(1861120K), 0.0199959 secs] [Times: user=0.11 sys=0.00, real=0.02 secs] 
5179.855: [GC (Allocation Failure) [PSYoungGen: 272832K->195680K(441344K)] 537556K->484013K(1839616K), 0.0435941 secs] [Times: user=0.25 sys=0.00, real=0.04 secs] 
5182.008: [GC (Allocation Failure) [PSYoungGen: 440928K->98816K(465920K)] 729261K->565905K(1864192K), 0.1101088 secs] [Times: user=0.65 sys=0.00, real=0.11 secs] 
5184.733: [GC (Allocation Failure) [PSYoungGen: 331776K->170432K(465920K)] 798865K->730094K(1864192K), 0.1455434 secs] [Times: user=0.87 sys=0.00, real=0.14 secs] 
5186.849: [GC (Allocation Failure) [PSYoungGen: 403392K->91296K(465920K)] 963054K->821226K(1864192K), 0.1264120 secs] [Times: user=0.76 sys=0.00, real=0.13 secs] 
5188.522: [GC (Allocation Failure) [PSYoungGen: 321319K->199808K(465920K)] 1051249K->1014990K(1864192K), 0.0622626 secs] [Times: user=0.37 sys=0.01, real=0.07 secs] 
5190.106: [GC (Allocation Failure) [PSYoungGen: 432102K->93024K(465920K)] 1247285K->1072934K(1864192K), 0.1117569 secs] [Times: user=0.66 sys=0.00, real=0.11 secs] 
5193.262: [GC (Allocation Failure) [PSYoungGen: 325984K->150848K(465920K)] 1305894K->1217303K(1864192K), 0.0607061 secs] [Times: user=0.36 sys=0.00, real=0.06 secs] 
5194.178: [GC (Allocation Failure) [PSYoungGen: 383808K->109472K(465920K)] 1450263K->1326703K(1864192K), 0.0843469 secs] [Times: user=0.50 sys=0.00, real=0.08 secs] 
5194.263: [Full GC (Ergonomics) [PSYoungGen: 109472K->0K(465920K)] [ParOldGen: 1217231K->125572K(1398272K)] 1326703K->125572K(1864192K), [Metaspace: 59721K->59721K(1105920K)], 0.2805835 secs] [Times: user=1.27 sys=0.00, real=0.29 secs] 
5196.799: [GC (Allocation Failure) [PSYoungGen: 232960K->138208K(371200K)] 358532K->263780K(1769472K), 0.0487938 secs] [Times: user=0.29 sys=0.00, real=0.05 secs] 
5197.908: [GC (Allocation Failure) [PSYoungGen: 371168K->127872K(472064K)] 496740K->391852K(1870336K), 0.0774719 secs] [Times: user=0.46 sys=0.00, real=0.08 secs] 
5200.808: [GC (Allocation Failure) [PSYoungGen: 370048K->96K(462848K)] 634028K->264092K(1861120K), 0.0021329 secs] [Times: user=0.01 sys=0.00, real=0.00 secs] 
5201.651: [GC (Allocation Failure) [PSYoungGen: 242272K->156000K(465920K)] 506268K->420020K(1864192K), 0.0303235 secs] [Times: user=0.18 sys=0.00, real=0.03 secs] 
5203.927: [GC (Allocation Failure) [PSYoungGen: 388960K->8768K(465920K)] 652980K->272804K(1864192K), 0.0032438 secs] [Times: user=0.02 sys=0.00, real=0.00 secs] 
5205.560: [GC (Allocation Failure) [PSYoungGen: 241728K->165856K(465920K)] 505764K->436649K(1864192K), 0.0337583 secs] [Times: user=0.20 sys=0.00, real=0.04 secs] 
5208.348: [GC (Allocation Failure) [PSYoungGen: 398816K->94592K(465920K)] 669609K->522785K(1864192K), 0.1052576 secs] [Times: user=0.62 sys=0.00, real=0.11 secs] 
5209.228: [GC (Allocation Failure) [PSYoungGen: 321898K->164608K(465920K)] 750091K->684945K(1864192K), 0.0503315 secs] [Times: user=0.30 sys=0.00, real=0.05 secs] 
5211.903: [GC (Allocation Failure) [PSYoungGen: 397568K->93568K(465920K)] 917905K->769977K(1864192K), 0.1796745 secs] [Times: user=0.98 sys=0.00, real=0.17 secs] 
5213.113: [GC (Allocation Failure) [PSYoungGen: 326528K->168416K(465920K)] 1002937K->935266K(1864192K), 0.0500622 secs] [Times: user=0.30 sys=0.00, real=0.05 secs] 
5216.696: [GC (Allocation Failure) [PSYoungGen: 401376K->87680K(465920K)] 1168226K->1023002K(1864192K), 0.1617682 secs] [Times: user=0.97 sys=0.00, real=0.16 secs] 
5217.328: [GC (Allocation Failure) [PSYoungGen: 320640K->169728K(465920K)] 1255962K->1189255K(1864192K), 0.0658092 secs] [Times: user=0.39 sys=0.00, real=0.07 secs] 
5219.995: [GC (Allocation Failure) [PSYoungGen: 402688K->87808K(465920K)] 1422215K->1277283K(1864192K), 0.1745800 secs] [Times: user=1.04 sys=0.00, real=0.17 secs] 
5220.170: [Full GC (Ergonomics) [PSYoungGen: 87808K->0K(465920K)] [ParOldGen: 1189475K->72633K(1398272K)] 1277283K->72633K(1864192K), [Metaspace: 59722K->59722K(1105920K)], 0.2325166 secs] [Times: user=1.09 sys=0.00, real=0.23 secs] 
5220.866: [GC (Allocation Failure) [PSYoungGen: 232960K->173696K(465920K)] 305593K->246329K(1864192K), 0.0441270 secs] [Times: user=0.26 sys=0.00, real=0.04 secs] 
5224.458: [GC (Allocation Failure) [PSYoungGen: 406656K->84384K(465920K)] 479289K->330621K(1864192K), 0.1234424 secs] [Times: user=0.73 sys=0.00, real=0.12 secs] 
5225.014: [GC (Allocation Failure) [PSYoungGen: 317344K->204576K(465920K)] 563581K->529098K(1864192K), 0.0591384 secs] [Times: user=0.35 sys=0.01, real=0.06 secs] 
5228.327: [GC (Allocation Failure) [PSYoungGen: 437536K->88960K(465920K)] 762058K->585034K(1864192K), 0.1272924 secs] [Times: user=0.75 sys=0.00, real=0.13 secs] 
5230.765: [GC (Allocation Failure) [PSYoungGen: 321920K->159360K(465920K)] 817994K->733551K(1864192K), 0.0598695 secs] [Times: user=0.35 sys=0.00, real=0.06 secs] 
5232.036: [GC (Allocation Failure) [PSYoungGen: 392320K->102016K(465920K)] 966511K->835695K(1864192K), 0.0973293 secs] [Times: user=0.58 sys=0.00, real=0.10 secs] 
5234.898: [GC (Allocation Failure) [PSYoungGen: 334976K->145632K(465920K)] 1068655K->970972K(1864192K), 0.0609805 secs] [Times: user=0.37 sys=0.00, real=0.06 secs] 
5236.231: [GC (Allocation Failure) [PSYoungGen: 378592K->117024K(350208K)] 1203932K->1088204K(1748480K), 0.0663224 secs] [Times: user=0.39 sys=0.00, real=0.07 secs] 
5239.081: [GC (Allocation Failure) [PSYoungGen: 349984K->130592K(474624K)] 1321164K->1208489K(1872896K), 0.0622148 secs] [Times: user=0.37 sys=0.00, real=0.07 secs] 
5241.406: [GC (Allocation Failure) [PSYoungGen: 372768K->133728K(376320K)] 1450665K->1342353K(1774592K), 0.0717367 secs] [Times: user=0.42 sys=0.00, real=0.07 secs] 
5241.478: [Full GC (Ergonomics) [PSYoungGen: 133728K->0K(376320K)] [ParOldGen: 1208625K->147742K(1398272K)] 1342353K->147742K(1774592K), [Metaspace: 59722K->59722K(1105920K)], 0.3470670 secs] [Times: user=1.61 sys=0.00, real=0.35 secs] 
5242.927: [GC (Allocation Failure) [PSYoungGen: 242176K->117952K(466432K)] 389918K->265694K(1864704K), 0.0412561 secs] [Times: user=0.24 sys=0.01, real=0.04 secs] 
5245.163: [GC (Allocation Failure) [PSYoungGen: 368320K->171008K(459264K)] 516062K->435415K(1857536K), 0.0613847 secs] [Times: user=0.37 sys=0.00, real=0.06 secs] 
5246.925: [GC (Allocation Failure) [PSYoungGen: 421376K->111424K(484864K)] 685783K->538079K(1883136K), 0.1725985 secs] [Times: user=1.03 sys=0.01, real=0.17 secs] 
5248.531: [GC (Allocation Failure) [PSYoungGen: 381248K->194016K(463872K)] 807903K->728660K(1862144K), 0.1661368 secs] [Times: user=0.99 sys=0.00, real=0.17 secs] 
5251.014: [GC (Allocation Failure) [PSYoungGen: 463840K->116320K(477184K)] 998484K->844924K(1875456K), 0.1017611 secs] [Times: user=0.61 sys=0.00, real=0.10 secs] 
5253.403: [GC (Allocation Failure) [PSYoungGen: 365664K->142464K(392192K)] 1094268K->977192K(1790464K), 0.0646927 secs] [Times: user=0.38 sys=0.01, real=0.07 secs] 
5256.125: [GC (Allocation Failure) [PSYoungGen: 391808K->140608K(471040K)] 1226536K->1117624K(1869312K), 0.0629327 secs] [Times: user=0.37 sys=0.00, real=0.06 secs] 
5257.318: [GC (Allocation Failure) [PSYoungGen: 395584K->16544K(465408K)] 1372600K->993592K(1863680K), 0.0056087 secs] [Times: user=0.03 sys=0.00, real=0.01 secs] 
5259.279: [GC (Allocation Failure) [PSYoungGen: 271520K->177920K(456192K)] 1248568K->1169029K(1854464K), 0.0404846 secs] [Times: user=0.24 sys=0.00, real=0.04 secs] 
5261.423: [GC (Allocation Failure) [PSYoungGen: 410880K->94720K(465920K)] 1401989K->1262949K(1864192K), 0.1756980 secs] [Times: user=1.03 sys=0.01, real=0.18 secs] 
5261.598: [Full GC (Ergonomics) [PSYoungGen: 94720K->0K(465920K)] [ParOldGen: 1168229K->62454K(1398272K)] 1262949K->62454K(1864192K), [Metaspace: 59722K->59722K(1105920K)], 0.1690985 secs] [Times: user=0.78 sys=0.00, real=0.17 secs] 
5262.263: [GC (Allocation Failure) [PSYoungGen: 232960K->170432K(461824K)] 295414K->232886K(1860096K), 0.0340036 secs] [Times: user=0.21 sys=0.00, real=0.03 secs] 
5265.545: [GC (Allocation Failure) [PSYoungGen: 403392K->83616K(465920K)] 465846K->316198K(1864192K), 0.1665030 secs] [Times: user=0.99 sys=0.00, real=0.16 secs] 
5266.562: [GC (Allocation Failure) [PSYoungGen: 316576K->174528K(465408K)] 549158K->484319K(1863680K), 0.1514582 secs] [Times: user=0.90 sys=0.00, real=0.16 secs] 
5269.496: [GC (Allocation Failure) [PSYoungGen: 407488K->87008K(465920K)] 717279K->571199K(1864192K), 0.1408729 secs] [Times: user=0.83 sys=0.01, real=0.14 secs] 
5271.970: [GC (Allocation Failure) [PSYoungGen: 316423K->202592K(465920K)] 800615K->767644K(1864192K), 0.0613640 secs] [Times: user=0.37 sys=0.00, real=0.06 secs] 
5274.943: [GC (Allocation Failure) [PSYoungGen: 435552K->85888K(465920K)] 1000604K->818928K(1864192K), 0.1181507 secs] [Times: user=0.70 sys=0.00, real=0.11 secs] 
5276.199: [GC (Allocation Failure) [PSYoungGen: 318848K->158656K(465920K)] 1051888K->970933K(1864192K), 0.0599699 secs] [Times: user=0.35 sys=0.00, real=0.06 secs] 
5279.254: [GC (Allocation Failure) [PSYoungGen: 391616K->97280K(465920K)] 1203893K->1067901K(1864192K), 0.1049258 secs] [Times: user=0.63 sys=0.00, real=0.10 secs] 
5280.499: [GC (Allocation Failure) [PSYoungGen: 330240K->150944K(465920K)] 1300861K->1208149K(1864192K), 0.0606872 secs] [Times: user=0.36 sys=0.00, real=0.06 secs] 
5282.235: [GC (Allocation Failure) [PSYoungGen: 383904K->116224K(349696K)] 1441109K->1324414K(1747968K), 0.0929123 secs] [Times: user=0.55 sys=0.00, real=0.09 secs] 
5282.328: [Full GC (Ergonomics) [PSYoungGen: 116224K->0K(349696K)] [ParOldGen: 1208189K->130303K(1398272K)] 1324414K->130303K(1747968K), [Metaspace: 59722K->59722K(1105920K)], 0.3014194 secs] [Times: user=1.39 sys=0.00, real=0.30 secs] 
5284.913: [GC (Allocation Failure) [PSYoungGen: 232960K->131584K(473600K)] 363263K->261887K(1871872K), 0.0478464 secs] [Times: user=0.28 sys=0.00, real=0.05 secs] 
5286.353: [GC (Allocation Failure) [PSYoungGen: 373760K->141696K(384000K)] 504063K->403767K(1782272K), 0.0719581 secs] [Times: user=0.43 sys=0.00, real=0.07 secs] 
5288.007: [GC (Allocation Failure) [PSYoungGen: 383872K->5408K(450560K)] 645943K->267543K(1848832K), 0.0024573 secs] [Times: user=0.01 sys=0.00, real=0.00 secs] 
5290.006: [GC (Allocation Failure) [PSYoungGen: 238368K->162464K(462848K)] 500503K->428388K(1861120K), 0.0325738 secs] [Times: user=0.19 sys=0.00, real=0.03 secs] 
5291.186: [GC (Allocation Failure) [PSYoungGen: 395424K->99200K(461824K)] 661348K->518864K(1860096K), 0.0701577 secs] [Times: user=0.41 sys=0.00, real=0.07 secs] 
5293.517: [GC (Allocation Failure) [PSYoungGen: 332552K->166752K(463872K)] 752217K->683449K(1862144K), 0.0522192 secs] [Times: user=0.31 sys=0.00, real=0.05 secs] 
5296.154: [GC (Allocation Failure) [PSYoungGen: 402784K->95008K(466944K)] 919481K->769881K(1865216K), 0.0986650 secs] [Times: user=0.58 sys=0.01, real=0.10 secs] 
5296.782: [GC (Allocation Failure) [PSYoungGen: 332064K->175360K(465920K)] 1006937K->941850K(1864192K), 0.0512455 secs] [Times: user=0.31 sys=0.00, real=0.05 secs] 
5299.205: [GC (Allocation Failure) [PSYoungGen: 412416K->91424K(465920K)] 1178906K->1033066K(1864192K), 0.1590568 secs] [Times: user=0.95 sys=0.00, real=0.16 secs] 
5300.220: [GC (Allocation Failure) [PSYoungGen: 324384K->171232K(465920K)] 1266026K->1198531K(1864192K), 0.1383450 secs] [Times: user=0.83 sys=0.00, real=0.14 secs] 
5302.481: [GC (Allocation Failure) [PSYoungGen: 404192K->89600K(465920K)] 1431491K->1287875K(1864192K), 0.1406160 secs] [Times: user=0.83 sys=0.00, real=0.14 secs] 
5302.621: [Full GC (Ergonomics) [PSYoungGen: 89600K->0K(465920K)] [ParOldGen: 1198275K->86084K(1398272K)] 1287875K->86084K(1864192K), [Metaspace: 59722K->59722K(1105920K)], 0.2214632 secs] [Times: user=1.03 sys=0.00, real=0.23 secs] 
5304.808: [GC (Allocation Failure) [PSYoungGen: 232960K->170016K(465920K)] 319044K->256100K(1864192K), 0.0934374 secs] [Times: user=0.55 sys=0.00, real=0.09 secs] 
5306.845: [GC (Allocation Failure) [PSYoungGen: 402976K->91808K(465920K)] 489060K->348188K(1864192K), 0.1139884 secs] [Times: user=0.68 sys=0.00, real=0.11 secs] 
5309.710: [GC (Allocation Failure) [PSYoungGen: 324768K->155008K(465920K)] 581148K->496915K(1864192K), 0.0613513 secs] [Times: user=0.36 sys=0.01, real=0.06 secs] 
5311.045: [GC (Allocation Failure) [PSYoungGen: 387968K->102176K(459776K)] 729875K->598955K(1858048K), 0.0998444 secs] [Times: user=0.59 sys=0.00, real=0.10 secs] 
5313.478: [GC (Allocation Failure) [PSYoungGen: 335136K->145408K(462848K)] 831915K->733934K(1861120K), 0.0606578 secs] [Times: user=0.37 sys=0.00, real=0.06 secs] 
5315.412: [GC (Allocation Failure) [PSYoungGen: 378368K->116832K(452608K)] 966894K->850990K(1850880K), 0.0862920 secs] [Times: user=0.50 sys=0.00, real=0.09 secs] 
5316.656: [GC (Allocation Failure) [PSYoungGen: 359008K->131200K(460800K)] 1093166K->971707K(1859072K), 0.0617579 secs] [Times: user=0.37 sys=0.00, real=0.06 secs] 
5318.254: [GC (Allocation Failure) [PSYoungGen: 373376K->157280K(477696K)] 1213883K->1128931K(1875968K), 0.0604298 secs] [Times: user=0.36 sys=0.00, real=0.06 secs] 
5320.213: [GC (Allocation Failure) [PSYoungGen: 424032K->30720K(297984K)] 1395683K->1002403K(1696256K), 0.0122018 secs] [Times: user=0.07 sys=0.00, real=0.01 secs] 
5322.426: [GC (Allocation Failure) [PSYoungGen: 297472K->207744K(455168K)] 1269155K->1206440K(1853440K), 0.1204666 secs] [Times: user=0.70 sys=0.01, real=0.12 secs] 
5326.007: [GC (Allocation Failure) [PSYoungGen: 440704K->81856K(465920K)] 1439400K->1272008K(1864192K), 0.1717534 secs] [Times: user=1.02 sys=0.01, real=0.17 secs] 
5326.179: [Full GC (Ergonomics) [PSYoungGen: 81856K->0K(465920K)] [ParOldGen: 1190152K->76387K(1398272K)] 1272008K->76387K(1864192K), [Metaspace: 59722K->59722K(1105920K)], 0.2022249 secs] [Times: user=0.95 sys=0.00, real=0.20 secs] 
5326.639: [GC (Allocation Failure) [PSYoungGen: 232960K->175968K(465920K)] 309347K->252355K(1864192K), 0.0377641 secs] [Times: user=0.22 sys=0.00, real=0.04 secs] 
5329.435: [GC (Allocation Failure) [PSYoungGen: 408928K->88032K(465920K)] 485315K->340467K(1864192K), 0.1187730 secs] [Times: user=0.70 sys=0.01, real=0.12 secs] 
5331.093: [GC (Allocation Failure) [PSYoungGen: 315793K->200576K(465920K)] 568229K->534300K(1864192K), 0.0676242 secs] [Times: user=0.41 sys=0.00, real=0.06 secs] 
5334.196: [GC (Allocation Failure) [PSYoungGen: 433536K->89952K(465920K)] 767260K->587652K(1864192K), 0.1133945 secs] [Times: user=0.68 sys=0.00, real=0.11 secs] 
5336.141: [GC (Allocation Failure) [PSYoungGen: 322912K->154080K(465920K)] 820612K->735067K(1864192K), 0.0603385 secs] [Times: user=0.36 sys=0.00, real=0.06 secs] 
5337.066: [GC (Allocation Failure) [PSYoungGen: 387040K->108032K(465920K)] 968027K->843355K(1864192K), 0.0759635 secs] [Times: user=0.45 sys=0.00, real=0.07 secs] 
5338.294: [GC (Allocation Failure) [PSYoungGen: 340992K->140864K(465920K)] 1076315K->973516K(1864192K), 0.0616537 secs] [Times: user=0.37 sys=0.00, real=0.06 secs] 
5340.741: [GC (Allocation Failure) [PSYoungGen: 373824K->124544K(357888K)] 1206476K->1097436K(1756160K), 0.0753366 secs] [Times: user=0.44 sys=0.00, real=0.08 secs] 
5342.012: [GC (Allocation Failure) [PSYoungGen: 357504K->123744K(468992K)] 1330396K->1210672K(1867264K), 0.0621559 secs] [Times: user=0.37 sys=0.00, real=0.07 secs] 
5344.278: [GC (Allocation Failure) [PSYoungGen: 365920K->159296K(459776K)] 1452848K->1369708K(1858048K), 0.0599286 secs] [Times: user=0.36 sys=0.00, real=0.06 secs] 
5344.338: [Full GC (Ergonomics) [PSYoungGen: 159296K->0K(459776K)] [ParOldGen: 1210412K->166066K(1398272K)] 1369708K->166066K(1858048K), [Metaspace: 59722K->59722K(1105920K)], 0.3813407 secs] [Times: user=1.74 sys=0.00, real=0.38 secs] 
5345.961: [GC (Allocation Failure) [PSYoungGen: 242176K->110432K(476160K)] 408242K->276498K(1874432K), 0.0365765 secs] [Times: user=0.21 sys=0.00, real=0.04 secs] 
5348.517: [GC (Allocation Failure) [PSYoungGen: 357962K->170624K(474624K)] 524028K->445559K(1872896K), 0.0579000 secs] [Times: user=0.34 sys=0.01, real=0.06 secs] 
5350.628: [GC (Allocation Failure) [PSYoungGen: 430208K->118976K(477696K)] 705143K->555955K(1875968K), 0.1605409 secs] [Times: user=0.96 sys=0.00, real=0.16 secs] 
5352.415: [GC (Allocation Failure) [PSYoungGen: 380608K->191168K(453120K)] 817587K->737228K(1851392K), 0.1457243 secs] [Times: user=0.86 sys=0.01, real=0.14 secs] 
5354.596: [GC (Allocation Failure) [PSYoungGen: 452800K->106528K(473600K)] 998860K->843792K(1871872K), 0.0963435 secs] [Times: user=0.57 sys=0.00, real=0.09 secs] 
5357.284: [GC (Allocation Failure) [PSYoungGen: 351264K->144832K(389632K)] 1088528K->977965K(1787904K), 0.0626476 secs] [Times: user=0.37 sys=0.00, real=0.06 secs] 
5360.003: [GC (Allocation Failure) [PSYoungGen: 389568K->135744K(472576K)] 1222701K->1113357K(1870848K), 0.0697789 secs] [Times: user=0.41 sys=0.01, real=0.06 secs] 
5361.347: [GC (Allocation Failure) [PSYoungGen: 388672K->7776K(464384K)] 1366285K->985457K(1862656K), 0.0045682 secs] [Times: user=0.03 sys=0.00, real=0.00 secs] 
5364.116: [GC (Allocation Failure) [PSYoungGen: 257835K->176736K(458752K)] 1235517K->1160077K(1857024K), 0.0362753 secs] [Times: user=0.22 sys=0.00, real=0.03 secs] 
5366.240: [GC (Allocation Failure) [PSYoungGen: 409696K->92192K(465920K)] 1393037K->1243674K(1864192K), 0.1645988 secs] [Times: user=0.97 sys=0.00, real=0.17 secs] 
5366.405: [Full GC (Ergonomics) [PSYoungGen: 92192K->0K(465920K)] [ParOldGen: 1151481K->42909K(1398272K)] 1243674K->42909K(1864192K), [Metaspace: 59722K->59722K(1105920K)], 0.1200876 secs] [Times: user=0.49 sys=0.01, real=0.12 secs] 
5368.160: [GC (Allocation Failure) [PSYoungGen: 232960K->187616K(463872K)] 275869K->230525K(1862144K), 0.0369259 secs] [Times: user=0.22 sys=0.01, real=0.04 secs] 
5370.755: [GC (Allocation Failure) [PSYoungGen: 420576K->92288K(465920K)] 463485K->306313K(1864192K), 0.1617411 secs] [Times: user=0.96 sys=0.01, real=0.16 secs] 
5371.536: [GC (Allocation Failure) [PSYoungGen: 325248K->168576K(465920K)] 539273K->470622K(1864192K), 0.0558463 secs] [Times: user=0.33 sys=0.00, real=0.05 secs] 
5374.136: [GC (Allocation Failure) [PSYoungGen: 401536K->92960K(465920K)] 703582K->562734K(1864192K), 0.1500737 secs] [Times: user=0.90 sys=0.00, real=0.15 secs] 
5374.629: [GC (Allocation Failure) [PSYoungGen: 325920K->211776K(465920K)] 795694K->768397K(1864192K), 0.0587032 secs] [Times: user=0.35 sys=0.00, real=0.06 secs] 
5377.809: [GC (Allocation Failure) [PSYoungGen: 444736K->81920K(465920K)] 1001357K->816797K(1864192K), 0.1220064 secs] [Times: user=0.73 sys=0.01, real=0.12 secs] 
5380.740: [GC (Allocation Failure) [PSYoungGen: 313380K->198944K(465920K)] 1048257K->1009404K(1864192K), 0.0664022 secs] [Times: user=0.40 sys=0.00, real=0.07 secs] 
5382.374: [GC (Allocation Failure) [PSYoungGen: 428122K->93120K(465920K)] 1238583K->1065900K(1864192K), 0.1015838 secs] [Times: user=0.60 sys=0.00, real=0.10 secs] 
5383.736: [GC (Allocation Failure) [PSYoungGen: 326080K->150752K(465920K)] 1298860K->1210049K(1864192K), 0.0601935 secs] [Times: user=0.36 sys=0.00, real=0.06 secs] 
5385.185: [GC (Allocation Failure) [PSYoungGen: 383712K->107648K(465920K)] 1443009K->1317881K(1864192K), 0.0944205 secs] [Times: user=0.56 sys=0.01, real=0.09 secs] 
5385.279: [Full GC (Ergonomics) [PSYoungGen: 107648K->0K(465920K)] [ParOldGen: 1210233K->122782K(1398272K)] 1317881K->122782K(1864192K), [Metaspace: 59722K->59722K(1105920K)], 0.2782091 secs] [Times: user=1.26 sys=0.00, real=0.28 secs] 
5386.668: [GC (Allocation Failure) [PSYoungGen: 232960K->140480K(465920K)] 355742K->263262K(1864192K), 0.0486445 secs] [Times: user=0.29 sys=0.00, real=0.05 secs] 
5389.012: [GC (Allocation Failure) [PSYoungGen: 373440K->126016K(359424K)] 496222K->389322K(1757696K), 0.0883677 secs] [Times: user=0.53 sys=0.00, real=0.09 secs] 
5390.417: [GC (Allocation Failure) [PSYoungGen: 358976K->288K(461824K)] 622282K->263634K(1860096K), 0.0018773 secs] [Times: user=0.01 sys=0.00, real=0.00 secs] 
5392.013: [GC (Allocation Failure) [PSYoungGen: 231200K->141792K(463872K)] 494546K->405146K(1862144K), 0.0332598 secs] [Times: user=0.19 sys=0.00, real=0.04 secs] 
5393.422: [GC (Allocation Failure) [PSYoungGen: 372704K->3424K(465920K)] 636058K->266794K(1864192K), 0.0019032 secs] [Times: user=0.01 sys=0.00, real=0.01 secs] 
5395.636: [GC (Allocation Failure) [PSYoungGen: 236384K->159808K(465920K)] 499754K->425339K(1864192K), 0.0312368 secs] [Times: user=0.19 sys=0.00, real=0.03 secs] 
5398.030: [GC (Allocation Failure) [PSYoungGen: 392768K->101280K(465920K)] 658299K->517931K(1864192K), 0.0686920 secs] [Times: user=0.41 sys=0.01, real=0.07 secs] 
5399.733: [GC (Allocation Failure) [PSYoungGen: 334240K->164320K(465920K)] 750891K->679896K(1864192K), 0.0523891 secs] [Times: user=0.31 sys=0.00, real=0.05 secs] 
5401.329: [GC (Allocation Failure) [PSYoungGen: 397280K->100416K(465920K)] 912856K->771084K(1864192K), 0.1111223 secs] [Times: user=0.66 sys=0.00, real=0.11 secs] 
5402.449: [GC (Allocation Failure) [PSYoungGen: 333376K->168928K(465920K)] 1004044K->937129K(1864192K), 0.0639328 secs] [Times: user=0.38 sys=0.00, real=0.07 secs] 
5405.691: [GC (Allocation Failure) [PSYoungGen: 401888K->90112K(465920K)] 1170089K->1027145K(1864192K), 0.1431613 secs] [Times: user=0.85 sys=0.01, real=0.15 secs] 
5406.155: [GC (Allocation Failure) [PSYoungGen: 323072K->189984K(465920K)] 1260105K->1213553K(1864192K), 0.0567565 secs] [Times: user=0.34 sys=0.00, real=0.05 secs] 
5409.117: [GC (Allocation Failure) [PSYoungGen: 422944K->81792K(465920K)] 1446513K->1279082K(1864192K), 0.1504781 secs] [Times: user=0.89 sys=0.00, real=0.15 secs] 
5409.268: [Full GC (Ergonomics) [PSYoungGen: 81792K->0K(465920K)] [ParOldGen: 1197290K->76264K(1398272K)] 1279082K->76264K(1864192K), [Metaspace: 59722K->59722K(1105920K)], 0.1953690 secs] [Times: user=0.91 sys=0.00, real=0.20 secs] 
5410.413: [GC (Allocation Failure) [PSYoungGen: 232960K->171392K(465920K)] 309224K->247656K(1864192K), 0.1183118 secs] [Times: user=0.71 sys=0.00, real=0.12 secs] 
5412.950: [GC (Allocation Failure) [PSYoungGen: 404352K->90432K(465920K)] 480616K->337868K(1864192K), 0.1193148 secs] [Times: user=0.71 sys=0.00, real=0.12 secs] 
5414.595: [GC (Allocation Failure) [PSYoungGen: 321297K->201024K(465920K)] 568733K->533073K(1864192K), 0.0614879 secs] [Times: user=0.36 sys=0.00, real=0.06 secs] 
5418.229: [GC (Allocation Failure) [PSYoungGen: 433984K->86368K(465920K)] 766033K->584409K(1864192K), 0.1166736 secs] [Times: user=0.69 sys=0.01, real=0.12 secs] 
5420.374: [GC (Allocation Failure) [PSYoungGen: 319328K->157824K(465920K)] 817369K->735400K(1864192K), 0.0595756 secs] [Times: user=0.35 sys=0.00, real=0.06 secs] 
5421.352: [GC (Allocation Failure) [PSYoungGen: 390784K->102816K(465920K)] 968360K->838424K(1864192K), 0.0869623 secs] [Times: user=0.51 sys=0.00, real=0.09 secs] 
5424.222: [GC (Allocation Failure) [PSYoungGen: 335776K->145056K(465920K)] 1071384K->972791K(1864192K), 0.0609491 secs] [Times: user=0.37 sys=0.00, real=0.07 secs] 
5425.952: [GC (Allocation Failure) [PSYoungGen: 378016K->116896K(465920K)] 1205751K->1089935K(1864192K), 0.0854826 secs] [Times: user=0.51 sys=0.00, real=0.09 secs] 
5427.850: [GC (Allocation Failure) [PSYoungGen: 349856K->131680K(365056K)] 1322895K->1210672K(1763328K), 0.0615346 secs] [Times: user=0.37 sys=0.00, real=0.06 secs] 
5428.734: [GC (Allocation Failure) [PSYoungGen: 364640K->142496K(461312K)] 1443632K->1353360K(1859584K), 0.0640872 secs] [Times: user=0.38 sys=0.00, real=0.06 secs] 
5428.798: [Full GC (Ergonomics) [PSYoungGen: 142496K->0K(461312K)] [ParOldGen: 1210864K->157568K(1398272K)] 1353360K->157568K(1859584K), [Metaspace: 59722K->59722K(1105920K)], 0.3695179 secs] [Times: user=1.71 sys=0.00, real=0.37 secs] 
5431.663: [GC (Allocation Failure) [PSYoungGen: 237056K->106944K(457216K)] 394624K->264512K(1855488K), 0.0391391 secs] [Times: user=0.24 sys=0.00, real=0.03 secs] 
5432.597: [GC (Allocation Failure) [PSYoungGen: 344000K->165504K(464384K)] 501568K->429577K(1862656K), 0.0578970 secs] [Times: user=0.34 sys=0.00, real=0.06 secs] 
5435.020: [GC (Allocation Failure) [PSYoungGen: 414848K->107680K(469504K)] 678921K->529121K(1867776K), 0.1160165 secs] [Times: user=0.69 sys=0.00, real=0.12 secs] 
5437.610: [GC (Allocation Failure) [PSYoungGen: 357024K->175584K(465920K)] 778465K->701386K(1864192K), 0.0556032 secs] [Times: user=0.33 sys=0.00, real=0.06 secs] 
5440.397: [GC (Allocation Failure) [PSYoungGen: 425952K->99392K(474624K)] 951754K->800626K(1872896K), 0.1438277 secs] [Times: user=0.85 sys=0.00, real=0.14 secs] 
5440.962: [GC (Allocation Failure) [PSYoungGen: 349760K->218432K(453632K)] 1050994K->1012647K(1851904K), 0.0621108 secs] [Times: user=0.36 sys=0.01, real=0.07 secs] 
5444.712: [GC (Allocation Failure) [PSYoungGen: 451392K->90848K(465920K)] 1245607K->1069399K(1864192K), 0.1233200 secs] [Times: user=0.73 sys=0.00, real=0.13 secs] 
5446.888: [GC (Allocation Failure) [PSYoungGen: 323808K->152768K(465920K)] 1302359K->1215772K(1864192K), 0.0604615 secs] [Times: user=0.36 sys=0.00, real=0.06 secs] 
5448.998: [GC (Allocation Failure) [PSYoungGen: 385728K->103712K(465920K)] 1448732K->1319708K(1864192K), 0.0971282 secs] [Times: user=0.58 sys=0.00, real=0.10 secs] 
5449.095: [Full GC (Ergonomics) [PSYoungGen: 103712K->0K(465920K)] [ParOldGen: 1215996K->119263K(1398272K)] 1319708K->119263K(1864192K), [Metaspace: 59722K->59722K(1105920K)], 0.2688964 secs] [Times: user=1.23 sys=0.01, real=0.27 secs] 
5450.600: [GC (Allocation Failure) [PSYoungGen: 232960K->144960K(455680K)] 352223K->264223K(1853952K), 0.0525620 secs] [Times: user=0.31 sys=0.00, real=0.06 secs] 
5452.153: [GC (Allocation Failure) [PSYoungGen: 377920K->122176K(460800K)] 497183K->386704K(1859072K), 0.0908760 secs] [Times: user=0.54 sys=0.00, real=0.09 secs] 
5453.621: [GC (Allocation Failure) [PSYoungGen: 355136K->126976K(457728K)] 619664K->502652K(1856000K), 0.0630922 secs] [Times: user=0.37 sys=0.00, real=0.07 secs] 
5454.967: [GC (Allocation Failure) [PSYoungGen: 377344K->158336K(463360K)] 753020K->660988K(1861632K), 0.0595124 secs] [Times: user=0.36 sys=0.00, real=0.06 secs] 
5456.765: [GC (Allocation Failure) [PSYoungGen: 408704K->23616K(462848K)] 911356K->526300K(1861120K), 0.0123007 secs] [Times: user=0.06 sys=0.00, real=0.01 secs] 
5459.000: [GC (Allocation Failure) [PSYoungGen: 271936K->175264K(423936K)] 774620K->698757K(1822208K), 0.0414201 secs] [Times: user=0.24 sys=0.00, real=0.04 secs] 
5462.584: [GC (Allocation Failure) [PSYoungGen: 423584K->101088K(470528K)] 947077K->799757K(1868800K), 0.1747395 secs] [Times: user=1.04 sys=0.01, real=0.17 secs] 
5464.230: [GC (Allocation Failure) [PSYoungGen: 338656K->175744K(465920K)] 1037325K->965038K(1864192K), 0.1587402 secs] [Times: user=0.94 sys=0.00, real=0.16 secs] 
5467.928: [GC (Allocation Failure) [PSYoungGen: 413312K->91232K(465920K)] 1202606K->1056078K(1864192K), 0.1228237 secs] [Times: user=0.73 sys=0.00, real=0.12 secs] 
5469.685: [GC (Allocation Failure) [PSYoungGen: 320968K->202880K(465920K)] 1285814K->1252587K(1864192K), 0.0629585 secs] [Times: user=0.37 sys=0.00, real=0.06 secs] 
5471.268: [GC (Allocation Failure) [PSYoungGen: 435840K->93088K(465920K)] 1485547K->1311107K(1864192K), 0.1075563 secs] [Times: user=0.64 sys=0.00, real=0.11 secs] 
5471.375: [Full GC (Ergonomics) [PSYoungGen: 93088K->0K(465920K)] [ParOldGen: 1218019K->107302K(1398272K)] 1311107K->107302K(1864192K), [Metaspace: 59722K->59722K(1105920K)], 0.2559123 secs] [Times: user=1.17 sys=0.00, real=0.25 secs] 
5473.455: [GC (Allocation Failure) [PSYoungGen: 232960K->150496K(465920K)] 340262K->257798K(1864192K), 0.0425436 secs] [Times: user=0.26 sys=0.00, real=0.04 secs] 
5474.351: [GC (Allocation Failure) [PSYoungGen: 383456K->110944K(465920K)] 490758K->368958K(1864192K), 0.0926339 secs] [Times: user=0.55 sys=0.00, real=0.10 secs] 
5475.838: [GC (Allocation Failure) [PSYoungGen: 343904K->136640K(369664K)] 601918K->495023K(1767936K), 0.0605407 secs] [Times: user=0.36 sys=0.00, real=0.06 secs] 
5478.341: [GC (Allocation Failure) [PSYoungGen: 369600K->125280K(467456K)] 727983K->620479K(1865728K), 0.0670178 secs] [Times: user=0.40 sys=0.00, real=0.07 secs] 
5479.594: [GC (Allocation Failure) [PSYoungGen: 366432K->2016K(459264K)] 861631K->497315K(1857536K), 0.0022348 secs] [Times: user=0.01 sys=0.00, real=0.00 secs] 
5482.441: [GC (Allocation Failure) [PSYoungGen: 243168K->155776K(463872K)] 738467K->651891K(1862144K), 0.0303855 secs] [Times: user=0.18 sys=0.00, real=0.03 secs] 
5483.632: [GC (Allocation Failure) [PSYoungGen: 388736K->11904K(465920K)] 884851K->508152K(1864192K), 0.0035168 secs] [Times: user=0.02 sys=0.00, real=0.01 secs] 
5486.513: [GC (Allocation Failure) [PSYoungGen: 244864K->165664K(465920K)] 741112K->671156K(1864192K), 0.0348631 secs] [Times: user=0.20 sys=0.00, real=0.03 secs] 
5488.001: [GC (Allocation Failure) [PSYoungGen: 398624K->96640K(465920K)] 904116K->758876K(1864192K), 0.1235539 secs] [Times: user=0.74 sys=0.00, real=0.13 secs] 
5490.455: [GC (Allocation Failure) [PSYoungGen: 328790K->161376K(465920K)] 991027K->917565K(1864192K), 0.0508764 secs] [Times: user=0.30 sys=0.00, real=0.05 secs] 
5492.585: [GC (Allocation Failure) [PSYoungGen: 394336K->97440K(465920K)] 1150525K->1005929K(1864192K), 0.1660514 secs] [Times: user=0.98 sys=0.00, real=0.16 secs] 
5494.284: [GC (Allocation Failure) [PSYoungGen: 330400K->164448K(465920K)] 1238889K->1166714K(1864192K), 0.0510684 secs] [Times: user=0.31 sys=0.00, real=0.05 secs] 
5496.877: [GC (Allocation Failure) [PSYoungGen: 397408K->88672K(465920K)] 1399674K->1254586K(1864192K), 0.1493048 secs] [Times: user=0.88 sys=0.01, real=0.15 secs] 
5497.026: [Full GC (Ergonomics) [PSYoungGen: 88672K->0K(465920K)] [ParOldGen: 1165914K->58054K(1398272K)] 1254586K->58054K(1864192K), [Metaspace: 59727K->59727K(1105920K)], 0.1525786 secs] [Times: user=0.70 sys=0.00, real=0.15 secs] 
5498.270: [GC (Allocation Failure) [PSYoungGen: 232960K->167104K(465920K)] 291014K->225158K(1864192K), 0.0347935 secs] [Times: user=0.20 sys=0.00, real=0.04 secs] 
5500.897: [GC (Allocation Failure) [PSYoungGen: 400064K->90304K(465920K)] 458118K->315123K(1864192K), 0.1479112 secs] [Times: user=0.88 sys=0.00, real=0.15 secs] 
5502.249: [GC (Allocation Failure) [PSYoungGen: 323264K->170336K(465920K)] 548083K->479723K(1864192K), 0.1470368 secs] [Times: user=0.88 sys=0.01, real=0.15 secs] 
5504.646: [GC (Allocation Failure) [PSYoungGen: 403296K->89952K(465920K)] 712683K->569483K(1864192K), 0.1141685 secs] [Times: user=0.68 sys=0.00, real=0.11 secs] 
5506.075: [GC (Allocation Failure) [PSYoungGen: 322912K->203680K(465920K)] 802443K->767260K(1864192K), 0.0820344 secs] [Times: user=0.49 sys=0.00, real=0.08 secs] 
5507.985: [GC (Allocation Failure) [PSYoungGen: 436640K->92736K(465920K)] 1000220K->826232K(1864192K), 0.0877101 secs] [Times: user=0.52 sys=0.00, real=0.08 secs] 
5510.843: [GC (Allocation Failure) [PSYoungGen: 325696K->151456K(465920K)] 1059192K->971493K(1864192K), 0.0604639 secs] [Times: user=0.36 sys=0.00, real=0.06 secs] 
5512.037: [GC (Allocation Failure) [PSYoungGen: 384416K->105984K(465920K)] 1204453K->1077277K(1864192K), 0.0779858 secs] [Times: user=0.46 sys=0.00, real=0.08 secs] 
5514.360: [GC (Allocation Failure) [PSYoungGen: 338944K->142016K(465920K)] 1310237K->1209098K(1864192K), 0.0612036 secs] [Times: user=0.36 sys=0.01, real=0.06 secs] 
5516.336: [GC (Allocation Failure) [PSYoungGen: 374976K->120064K(353280K)] 1442058K->1328954K(1751552K), 0.0844898 secs] [Times: user=0.50 sys=0.00, real=0.08 secs] 
5516.421: [Full GC (Ergonomics) [PSYoungGen: 120064K->0K(353280K)] [ParOldGen: 1208890K->134606K(1398272K)] 1328954K->134606K(1751552K), [Metaspace: 59727K->59727K(1105920K)], 0.3099492 secs] [Times: user=1.41 sys=0.00, real=0.31 secs] 
5519.199: [GC (Allocation Failure) [PSYoungGen: 232960K->128128K(465920K)] 367566K->262734K(1864192K), 0.0464241 secs] [Times: user=0.28 sys=0.00, real=0.05 secs] 
5521.080: [GC (Allocation Failure) [PSYoungGen: 370304K->138080K(456704K)] 504910K->400830K(1854976K), 0.0741386 secs] [Times: user=0.44 sys=0.00, real=0.08 secs] 
5523.368: [GC (Allocation Failure) [PSYoungGen: 380256K->3840K(457728K)] 643006K->266606K(1856000K), 0.0021463 secs] [Times: user=0.01 sys=0.00, real=0.00 secs] 
5524.059: [GC (Allocation Failure) [PSYoungGen: 251648K->174624K(422912K)] 514414K->440219K(1821184K), 0.0342260 secs] [Times: user=0.20 sys=0.00, real=0.04 secs] 
5526.756: [GC (Allocation Failure) [PSYoungGen: 422432K->101120K(472576K)] 688027K->533195K(1870848K), 0.1085082 secs] [Times: user=0.65 sys=0.00, real=0.11 secs] 
5528.073: [GC (Allocation Failure) [PSYoungGen: 340736K->190560K(465920K)] 772811K->719292K(1864192K), 0.0537983 secs] [Times: user=0.31 sys=0.00, real=0.05 secs] 
5531.163: [GC (Allocation Failure) [PSYoungGen: 430176K->92576K(465920K)] 958908K->794948K(1864192K), 0.1735458 secs] [Times: user=1.03 sys=0.00, real=0.18 secs] 
5532.193: [GC (Allocation Failure) [PSYoungGen: 325536K->174944K(465920K)] 1027908K->964033K(1864192K), 0.0579734 secs] [Times: user=0.34 sys=0.00, real=0.05 secs] 
5533.915: [GC (Allocation Failure) [PSYoungGen: 407904K->89184K(465920K)] 1196993K->1053233K(1864192K), 0.1185602 secs] [Times: user=0.70 sys=0.01, real=0.12 secs] 
5535.522: [GC (Allocation Failure) [PSYoungGen: 321844K->202528K(465920K)] 1285893K->1249526K(1864192K), 0.0615408 secs] [Times: user=0.37 sys=0.00, real=0.07 secs] 
5538.285: [GC (Allocation Failure) [PSYoungGen: 435488K->88800K(465920K)] 1482486K->1304786K(1864192K), 0.1136594 secs] [Times: user=0.68 sys=0.00, real=0.11 secs] 
5538.399: [Full GC (Ergonomics) [PSYoungGen: 88800K->0K(465920K)] [ParOldGen: 1215986K->103937K(1398272K)] 1304786K->103937K(1864192K), [Metaspace: 59727K->59707K(1105920K)], 0.2561479 secs] [Times: user=1.16 sys=0.00, real=0.26 secs] 
5540.290: [GC (Allocation Failure) [PSYoungGen: 232960K->155712K(465920K)] 336897K->259650K(1864192K), 0.0451600 secs] [Times: user=0.27 sys=0.00, real=0.05 secs] 
5542.526: [GC (Allocation Failure) [PSYoungGen: 388672K->99552K(465920K)] 492610K->358998K(1864192K), 0.1000051 secs] [Times: user=0.59 sys=0.00, real=0.10 secs] 
5544.887: [GC (Allocation Failure) [PSYoungGen: 332512K->148960K(465920K)] 591958K->496858K(1864192K), 0.0598042 secs] [Times: user=0.35 sys=0.00, real=0.06 secs] 
5547.030: [GC (Allocation Failure) [PSYoungGen: 381920K->113504K(462848K)] 729818K->610514K(1861120K), 0.0972743 secs] [Times: user=0.58 sys=0.00, real=0.10 secs] 
5549.312: [GC (Allocation Failure) [PSYoungGen: 346464K->135456K(368640K)] 843474K->734611K(1766912K), 0.0613906 secs] [Times: user=0.36 sys=0.00, real=0.07 secs] 
5550.544: [GC (Allocation Failure) [PSYoungGen: 368416K->130624K(470016K)] 967571K->865195K(1868288K), 0.0613084 secs] [Times: user=0.36 sys=0.00, real=0.06 secs] 
5552.397: [GC (Allocation Failure) [PSYoungGen: 376896K->3296K(461312K)] 1111467K->737975K(1859584K), 0.0034567 secs] [Times: user=0.02 sys=0.00, real=0.00 secs] 
5554.237: [GC (Allocation Failure) [PSYoungGen: 249568K->167840K(460800K)] 984247K->904940K(1859072K), 0.0452379 secs] [Times: user=0.27 sys=0.00, real=0.04 secs] 
5556.049: [GC (Allocation Failure) [PSYoungGen: 400800K->97888K(465920K)] 1137900K->994684K(1864192K), 0.0701644 secs] [Times: user=0.41 sys=0.00, real=0.07 secs] 
5557.711: [GC (Allocation Failure) [PSYoungGen: 324568K->164608K(461312K)] 1221365K->1156701K(1859584K), 0.0524908 secs] [Times: user=0.30 sys=0.00, real=0.06 secs] 
5559.330: [GC (Allocation Failure) [PSYoungGen: 397568K->97280K(330752K)] 1389661K->1245017K(1729024K), 0.1276200 secs] [Times: user=0.76 sys=0.00, real=0.13 secs] 
5560.196: [GC (Allocation Failure) [PSYoungGen: 330240K->169632K(460288K)] 1477977K->1411590K(1858560K), 0.0673285 secs] [Times: user=0.40 sys=0.00, real=0.07 secs] 
5560.264: [Full GC (Ergonomics) [PSYoungGen: 169632K->0K(460288K)] [ParOldGen: 1241958K->213947K(1398272K)] 1411590K->213947K(1858560K), [Metaspace: 59708K->59708K(1105920K)], 0.4993635 secs] [Times: user=2.33 sys=0.00, real=0.50 secs] 
5563.660: [GC (Allocation Failure) [PSYoungGen: 232448K->87648K(465408K)] 446395K->301595K(1863680K), 0.1487161 secs] [Times: user=0.88 sys=0.00, real=0.15 secs] 
5564.255: [GC (Allocation Failure) [PSYoungGen: 320096K->170336K(463360K)] 534043K->467848K(1861632K), 0.0557079 secs] [Times: user=0.33 sys=0.00, real=0.05 secs] 
5567.028: [GC (Allocation Failure) [PSYoungGen: 403296K->84352K(465920K)] 700808K->551880K(1864192K), 0.1736876 secs] [Times: user=1.02 sys=0.00, real=0.17 secs] 
5567.493: [GC (Allocation Failure) [PSYoungGen: 317312K->175808K(465920K)] 784840K->721695K(1864192K), 0.0576528 secs] [Times: user=0.35 sys=0.01, real=0.06 secs] 
5570.001: [GC (Allocation Failure) [PSYoungGen: 408768K->86976K(465920K)] 954655K->808463K(1864192K), 0.1154027 secs] [Times: user=0.69 sys=0.00, real=0.12 secs] 
5572.454: [GC (Allocation Failure) [PSYoungGen: 319936K->206560K(465920K)] 1041423K->1008524K(1864192K), 0.0653383 secs] [Times: user=0.39 sys=0.00, real=0.06 secs] 
5575.270: [GC (Allocation Failure) [PSYoungGen: 439520K->90976K(465920K)] 1241484K->1058452K(1864192K), 0.1113372 secs] [Times: user=0.66 sys=0.00, real=0.11 secs] 
5576.527: [GC (Allocation Failure) [PSYoungGen: 323936K->153344K(465920K)] 1291412K->1205353K(1864192K), 0.0608543 secs] [Times: user=0.36 sys=0.00, real=0.06 secs] 
5578.873: [GC (Allocation Failure) [PSYoungGen: 386304K->104160K(465920K)] 1438313K->1309649K(1864192K), 0.0866028 secs] [Times: user=0.51 sys=0.00, real=0.08 secs] 
5578.960: [Full GC (Ergonomics) [PSYoungGen: 104160K->0K(465920K)] [ParOldGen: 1205489K->118680K(1398272K)] 1309649K->118680K(1864192K), [Metaspace: 59708K->59708K(1105920K)], 0.2609528 secs] [Times: user=1.18 sys=0.00, real=0.26 secs] 
5580.311: [GC (Allocation Failure) [PSYoungGen: 232960K->144384K(465920K)] 351640K->263064K(1864192K), 0.0526761 secs] [Times: user=0.31 sys=0.00, real=0.06 secs] 
5582.861: [GC (Allocation Failure) [PSYoungGen: 377344K->121472K(354816K)] 496024K->384433K(1753088K), 0.0944321 secs] [Times: user=0.56 sys=0.00, real=0.10 secs] 
5584.136: [GC (Allocation Failure) [PSYoungGen: 354432K->126880K(468992K)] 617393K->500984K(1867264K), 0.0621555 secs] [Times: user=0.36 sys=0.01, real=0.06 secs] 
5586.631: [GC (Allocation Failure) [PSYoungGen: 369056K->147040K(459776K)] 743160K->647736K(1858048K), 0.0582871 secs] [Times: user=0.35 sys=0.00, real=0.06 secs] 
5588.012: [GC (Allocation Failure) [PSYoungGen: 389216K->10976K(458240K)] 889912K->511680K(1856512K), 0.0035621 secs] [Times: user=0.02 sys=0.00, real=0.01 secs] 
5590.116: [GC (Allocation Failure) [PSYoungGen: 253664K->171936K(414720K)] 754368K->681517K(1812992K), 0.0359765 secs] [Times: user=0.21 sys=0.01, real=0.03 secs] 
5591.928: [GC (Allocation Failure) [PSYoungGen: 414624K->104608K(470528K)] 924205K->777137K(1868800K), 0.1611667 secs] [Times: user=0.88 sys=0.00, real=0.16 secs] 
5592.639: [GC (Allocation Failure) [PSYoungGen: 342176K->190560K(465920K)] 1014705K->963873K(1864192K), 0.0543844 secs] [Times: user=0.32 sys=0.01, real=0.06 secs] 
5595.411: [GC (Allocation Failure) [PSYoungGen: 428128K->90880K(465920K)] 1201441K->1038017K(1864192K), 0.1659146 secs] [Times: user=0.98 sys=0.00, real=0.17 secs] 
5596.352: [GC (Allocation Failure) [PSYoungGen: 323840K->172960K(465920K)] 1270977K->1205222K(1864192K), 0.1367936 secs] [Times: user=0.82 sys=0.00, real=0.14 secs] 
5599.653: [GC (Allocation Failure) [PSYoungGen: 405920K->88128K(465920K)] 1438182K->1293390K(1864192K), 0.1277094 secs] [Times: user=0.76 sys=0.00, real=0.12 secs] 
5599.781: [Full GC (Ergonomics) [PSYoungGen: 88128K->0K(465920K)] [ParOldGen: 1205262K->92264K(1398272K)] 1293390K->92264K(1864192K), [Metaspace: 59708K->59708K(1105920K)], 0.2257486 secs] [Times: user=1.04 sys=0.00, real=0.23 secs] 
5600.975: [GC (Allocation Failure) [PSYoungGen: 230882K->201280K(465920K)] 323146K->293544K(1864192K), 0.0386967 secs] [Times: user=0.22 sys=0.01, real=0.04 secs] 
5603.390: [GC (Allocation Failure) [PSYoungGen: 434240K->89472K(465920K)] 526504K->348132K(1864192K), 0.1174779 secs] [Times: user=0.70 sys=0.00, real=0.12 secs] 
5604.615: [GC (Allocation Failure) [PSYoungGen: 322432K->154432K(465920K)] 581092K->496120K(1864192K), 0.0597912 secs] [Times: user=0.35 sys=0.00, real=0.06 secs] 
5605.667: [GC (Allocation Failure) [PSYoungGen: 387392K->123552K(465920K)] 729080K->619896K(1864192K), 0.0812902 secs] [Times: user=0.49 sys=0.00, real=0.08 secs] 
5607.642: [GC (Allocation Failure) [PSYoungGen: 356512K->132416K(365568K)] 852856K->733693K(1763840K), 0.0614334 secs] [Times: user=0.36 sys=0.00, real=0.07 secs] 
5608.485: [GC (Allocation Failure) [PSYoungGen: 365376K->137184K(468480K)] 966653K->871077K(1866752K), 0.0609045 secs] [Times: user=0.36 sys=0.00, real=0.06 secs] 
5612.654: [GC (Allocation Failure) [PSYoungGen: 377312K->2048K(461312K)] 1111205K->735973K(1859584K), 0.0022522 secs] [Times: user=0.01 sys=0.00, real=0.00 secs] 
5613.916: [GC (Allocation Failure) [PSYoungGen: 242176K->155296K(465920K)] 976101K->890214K(1864192K), 0.0307406 secs] [Times: user=0.18 sys=0.01, real=0.03 secs] 
5615.174: [GC (Allocation Failure) [PSYoungGen: 388256K->12576K(465920K)] 1123174K->747694K(1864192K), 0.0054733 secs] [Times: user=0.03 sys=0.00, real=0.00 secs] 
5617.682: [GC (Allocation Failure) [PSYoungGen: 245536K->166336K(465920K)] 980654K->911939K(1864192K), 0.0354019 secs] [Times: user=0.21 sys=0.00, real=0.04 secs] 
5618.914: [GC (Allocation Failure) [PSYoungGen: 398290K->95904K(465920K)] 1143894K->999155K(1864192K), 0.0691008 secs] [Times: user=0.41 sys=0.00, real=0.07 secs] 
5620.864: [GC (Allocation Failure) [PSYoungGen: 319018K->159680K(465920K)] 1222270K->1155976K(1864192K), 0.0499003 secs] [Times: user=0.30 sys=0.00, real=0.05 secs] 
5622.593: [GC (Allocation Failure) [PSYoungGen: 392640K->93984K(465920K)] 1388936K->1241532K(1864192K), 0.1044813 secs] [Times: user=0.62 sys=0.00, real=0.11 secs] 
5622.697: [Full GC (Ergonomics) [PSYoungGen: 93984K->0K(465920K)] [ParOldGen: 1147548K->43829K(1398272K)] 1241532K->43829K(1864192K), [Metaspace: 59708K->59708K(1105920K)], 0.0926909 secs] [Times: user=0.34 sys=0.01, real=0.09 secs] 
5624.802: [GC (Allocation Failure) [PSYoungGen: 216860K->157376K(465920K)] 260690K->201205K(1864192K), 0.0310496 secs] [Times: user=0.18 sys=0.00, real=0.04 secs] 
5627.483: [GC (Allocation Failure) [PSYoungGen: 390336K->94592K(327680K)] 434165K->287054K(1725952K), 0.0734656 secs] [Times: user=0.44 sys=0.01, real=0.07 secs] 
5629.391: [GC (Allocation Failure) [PSYoungGen: 313440K->156288K(464896K)] 505902K->439902K(1863168K), 0.0478984 secs] [Times: user=0.28 sys=0.00, real=0.05 secs] 
5630.962: [GC (Allocation Failure) [PSYoungGen: 388736K->98944K(331776K)] 672350K->529678K(1730048K), 0.1559467 secs] [Times: user=0.92 sys=0.01, real=0.16 secs] 
5633.089: [GC (Allocation Failure) [PSYoungGen: 331392K->164320K(456192K)] 762126K->690119K(1854464K), 0.0518955 secs] [Times: user=0.27 sys=0.01, real=0.05 secs] 
5635.512: [GC (Allocation Failure) [PSYoungGen: 392672K->88448K(461312K)] 918471K->778183K(1859584K), 0.1710595 secs] [Times: user=1.01 sys=0.00, real=0.17 secs] 
5636.334: [GC (Allocation Failure) [PSYoungGen: 316800K->167008K(461312K)] 1006535K->941352K(1859584K), 0.0637376 secs] [Times: user=0.38 sys=0.00, real=0.06 secs] 
5638.686: [GC (Allocation Failure) [PSYoungGen: 399968K->89024K(465920K)] 1174312K->1030288K(1864192K), 0.1431609 secs] [Times: user=0.85 sys=0.00, real=0.14 secs] 
5639.662: [GC (Allocation Failure) [PSYoungGen: 321984K->171200K(463360K)] 1263248K->1195961K(1861632K), 0.1055336 secs] [Times: user=0.63 sys=0.00, real=0.11 secs] 
5641.944: [GC (Allocation Failure) [PSYoungGen: 404160K->90944K(465920K)] 1428921K->1286713K(1864192K), 0.1214393 secs] [Times: user=0.72 sys=0.00, real=0.12 secs] 
5642.065: [Full GC (Ergonomics) [PSYoungGen: 90944K->0K(465920K)] [ParOldGen: 1195769K->89996K(1398272K)] 1286713K->89996K(1864192K), [Metaspace: 59708K->59708K(1105920K)], 0.2134985 secs] [Times: user=0.98 sys=0.00, real=0.21 secs] 
5643.855: [GC (Allocation Failure) [PSYoungGen: 231930K->202592K(465408K)] 321927K->292588K(1863680K), 0.0411579 secs] [Times: user=0.24 sys=0.00, real=0.04 secs] 
5647.044: [GC (Allocation Failure) [PSYoungGen: 435552K->86720K(465920K)] 525548K->345372K(1864192K), 0.1128025 secs] [Times: user=0.67 sys=0.00, real=0.11 secs] 
5648.256: [GC (Allocation Failure) [PSYoungGen: 319680K->157600K(465920K)] 578332K->496541K(1864192K), 0.0598317 secs] [Times: user=0.35 sys=0.00, real=0.06 secs] 
5650.322: [GC (Allocation Failure) [PSYoungGen: 390560K->100448K(465920K)] 729501K->596789K(1864192K), 0.1015565 secs] [Times: user=0.61 sys=0.00, real=0.11 secs] 
5651.538: [GC (Allocation Failure) [PSYoungGen: 333408K->147936K(465920K)] 829749K->734364K(1864192K), 0.0604304 secs] [Times: user=0.37 sys=0.00, real=0.06 secs] 
5654.421: [GC (Allocation Failure) [PSYoungGen: 380896K->113632K(346624K)] 967324K->847544K(1744896K), 0.0890431 secs] [Times: user=0.52 sys=0.01, real=0.09 secs] 
5656.021: [GC (Allocation Failure) [PSYoungGen: 346592K->134368K(467968K)] 1080504K->971119K(1866240K), 0.0608943 secs] [Times: user=0.37 sys=0.00, real=0.06 secs] 
5657.257: [GC (Allocation Failure) [PSYoungGen: 374496K->141152K(460800K)] 1211247K->1112375K(1859072K), 0.0640423 secs] [Times: user=0.38 sys=0.00, real=0.06 secs] 
5659.084: [GC (Allocation Failure) [PSYoungGen: 381280K->4544K(453632K)] 1352503K->975783K(1851904K), 0.0024945 secs] [Times: user=0.01 sys=0.00, real=0.00 secs] 
5661.570: [GC (Allocation Failure) [PSYoungGen: 242112K->161184K(398848K)] 1213351K->1135092K(1797120K), 0.0323688 secs] [Times: user=0.19 sys=0.00, real=0.03 secs] 
5662.702: [GC (Allocation Failure) [PSYoungGen: 398752K->107904K(473600K)] 1372660K->1234036K(1871872K), 0.0695991 secs] [Times: user=0.41 sys=0.00, real=0.07 secs] 
5664.577: [GC (Allocation Failure) [PSYoungGen: 333896K->160640K(465920K)] 1460028K->1392337K(1864192K), 0.0542703 secs] [Times: user=0.32 sys=0.00, real=0.05 secs] 
5664.632: [Full GC (Ergonomics) [PSYoungGen: 160640K->0K(465920K)] [ParOldGen: 1231697K->196057K(1398272K)] 1392337K->196057K(1864192K), [Metaspace: 59708K->59708K(1105920K)], 0.4880035 secs] [Times: user=2.27 sys=0.00, real=0.49 secs] 
5666.906: [GC (Allocation Failure) [PSYoungGen: 240640K->98624K(465408K)] 436697K->294681K(1863680K), 0.0822024 secs] [Times: user=0.48 sys=0.01, real=0.08 secs] 
5668.928: [GC (Allocation Failure) [PSYoungGen: 342848K->174432K(418816K)] 538905K->464942K(1817088K), 0.0515184 secs] [Times: user=0.31 sys=0.00, real=0.05 secs] 
5671.700: [GC (Allocation Failure) [PSYoungGen: 418656K->95520K(471552K)] 709166K->560158K(1869824K), 0.1743214 secs] [Times: user=1.03 sys=0.00, real=0.18 secs] 
5672.168: [GC (Allocation Failure) [PSYoungGen: 334112K->181312K(465920K)] 798750K->735295K(1864192K), 0.0598630 secs] [Times: user=0.35 sys=0.00, real=0.06 secs] 
5674.108: [GC (Allocation Failure) [PSYoungGen: 419904K->95040K(465920K)] 973887K->830071K(1864192K), 0.1105326 secs] [Times: user=0.65 sys=0.00, real=0.11 secs] 
5675.408: [GC (Allocation Failure) [PSYoungGen: 328000K->152288K(385536K)] 1063031K->975522K(1783808K), 0.0617993 secs] [Times: user=0.37 sys=0.00, real=0.06 secs] 
5678.004: [GC (Allocation Failure) [PSYoungGen: 385248K->106144K(472064K)] 1208482K->1081058K(1870336K), 0.0942844 secs] [Times: user=0.56 sys=0.00, real=0.09 secs] 
5679.952: [GC (Allocation Failure) [PSYoungGen: 345760K->142336K(382464K)] 1320674K->1213003K(1780736K), 0.0617949 secs] [Times: user=0.37 sys=0.00, real=0.07 secs] 
5682.839: [GC (Allocation Failure) [PSYoungGen: 381952K->127712K(471552K)] 1452619K->1340283K(1869824K), 0.0766885 secs] [Times: user=0.45 sys=0.00, real=0.08 secs] 
5682.916: [Full GC (Ergonomics) [PSYoungGen: 127712K->0K(471552K)] [ParOldGen: 1212571K->141672K(1398272K)] 1340283K->141672K(1869824K), [Metaspace: 59708K->59708K(1105920K)], 0.3307107 secs] [Times: user=1.53 sys=0.00, real=0.33 secs] 
5684.395: [GC (Allocation Failure) [PSYoungGen: 249856K->124224K(462336K)] 391528K->265896K(1860608K), 0.0439115 secs] [Times: user=0.26 sys=0.00, real=0.04 secs] 
5686.645: [GC (Allocation Failure) [PSYoungGen: 374080K->173088K(460288K)] 515752K->437333K(1858560K), 0.0643224 secs] [Times: user=0.38 sys=0.00, real=0.06 secs] 
5688.603: [GC (Allocation Failure) [PSYoungGen: 428576K->111264K(469504K)] 692821K->539725K(1867776K), 0.1751279 secs] [Times: user=1.04 sys=0.00, real=0.18 secs] 
5689.820: [GC (Allocation Failure) [PSYoungGen: 366752K->186976K(462848K)] 795213K->722606K(1861120K), 0.0570408 secs] [Times: user=0.34 sys=0.00, real=0.06 secs] 
5692.544: [GC (Allocation Failure) [PSYoungGen: 440416K->104000K(476160K)] 976046K->826546K(1874432K), 0.1217475 secs] [Times: user=0.72 sys=0.00, real=0.12 secs] 
5693.832: [GC (Allocation Failure) [PSYoungGen: 357440K->156928K(473600K)] 1079986K->976551K(1871872K), 0.0650793 secs] [Times: user=0.39 sys=0.00, real=0.07 secs] 
5695.090: [GC (Allocation Failure) [PSYoungGen: 413952K->144832K(476672K)] 1233575K->1121575K(1874944K), 0.0646529 secs] [Times: user=0.39 sys=0.00, real=0.07 secs] 
5698.577: [GC (Allocation Failure) [PSYoungGen: 401856K->8608K(457216K)] 1378599K->985375K(1855488K), 0.0034985 secs] [Times: user=0.02 sys=0.00, real=0.00 secs] 
5700.290: [GC (Allocation Failure) [PSYoungGen: 250784K->174400K(416768K)] 1227551K->1158248K(1815040K), 0.0359003 secs] [Times: user=0.21 sys=0.00, real=0.04 secs] 
5702.559: [GC (Allocation Failure) [PSYoungGen: 416576K->99392K(467968K)] 1400424K->1249080K(1866240K), 0.0767728 secs] [Times: user=0.46 sys=0.00, real=0.08 secs] 
5702.635: [Full GC (Ergonomics) [PSYoungGen: 99392K->0K(467968K)] [ParOldGen: 1149688K->47530K(1398272K)] 1249080K->47530K(1866240K), [Metaspace: 59708K->59708K(1105920K)], 0.0958552 secs] [Times: user=0.38 sys=0.01, real=0.09 secs] 
5703.595: [GC (Allocation Failure) [PSYoungGen: 235008K->167616K(465920K)] 282538K->215146K(1864192K), 0.0359048 secs] [Times: user=0.21 sys=0.00, real=0.03 secs] 
5705.950: [GC (Allocation Failure) [PSYoungGen: 402624K->91680K(466944K)] 450154K->306530K(1865216K), 0.1636896 secs] [Times: user=0.97 sys=0.01, real=0.17 secs] 
5707.110: [GC (Allocation Failure) [PSYoungGen: 325664K->170464K(465920K)] 540514K->471315K(1864192K), 0.0890134 secs] [Times: user=0.53 sys=0.00, real=0.09 secs] 
5711.468: [GC (Allocation Failure) [PSYoungGen: 404448K->91616K(465920K)] 705299K->562539K(1864192K), 0.1136327 secs] [Times: user=0.68 sys=0.00, real=0.11 secs] 
5712.198: [GC (Allocation Failure) [PSYoungGen: 324576K->204960K(465920K)] 795499K->757788K(1864192K), 0.0850515 secs] [Times: user=0.51 sys=0.00, real=0.08 secs] 
5713.947: [GC (Allocation Failure) [PSYoungGen: 437920K->91840K(465920K)] 990748K->817004K(1864192K), 0.1084613 secs] [Times: user=0.64 sys=0.00, real=0.11 secs] 
5716.769: [GC (Allocation Failure) [PSYoungGen: 321447K->197088K(465920K)] 1046612K->1007965K(1864192K), 0.0686673 secs] [Times: user=0.41 sys=0.00, real=0.07 secs] 
5718.792: [GC (Allocation Failure) [PSYoungGen: 430048K->90464K(465920K)] 1240925K->1061785K(1864192K), 0.1133270 secs] [Times: user=0.67 sys=0.01, real=0.12 secs] 
5720.069: [GC (Allocation Failure) [PSYoungGen: 323424K->154208K(465920K)] 1294745K->1208754K(1864192K), 0.0601847 secs] [Times: user=0.36 sys=0.00, real=0.06 secs] 
5722.415: [GC (Allocation Failure) [PSYoungGen: 387168K->104096K(465920K)] 1441714K->1313070K(1864192K), 0.0931663 secs] [Times: user=0.56 sys=0.00, real=0.09 secs] 
5722.508: [Full GC (Ergonomics) [PSYoungGen: 104096K->0K(465920K)] [ParOldGen: 1208974K->118169K(1398272K)] 1313070K->118169K(1864192K), [Metaspace: 59708K->59708K(1105920K)], 0.2639542 secs] [Times: user=1.20 sys=0.00, real=0.26 secs] 
5723.887: [GC (Allocation Failure) [PSYoungGen: 232960K->144192K(465920K)] 351129K->262361K(1864192K), 0.0530103 secs] [Times: user=0.31 sys=0.00, real=0.05 secs] 
5725.062: [GC (Allocation Failure) [PSYoungGen: 377152K->129792K(457728K)] 495321K->392477K(1856000K), 0.0763762 secs] [Times: user=0.45 sys=0.00, real=0.08 secs] 
5727.007: [GC (Allocation Failure) [PSYoungGen: 362752K->118464K(461824K)] 625437K->500142K(1860096K), 0.0624163 secs] [Times: user=0.37 sys=0.00, real=0.06 secs] 
5728.145: [GC (Allocation Failure) [PSYoungGen: 351424K->147104K(466944K)] 733102K->647422K(1865216K), 0.0588767 secs] [Times: user=0.35 sys=0.00, real=0.06 secs] 
5729.348: [GC (Allocation Failure) [PSYoungGen: 395424K->13408K(466432K)] 895742K->513778K(1864704K), 0.0038313 secs] [Times: user=0.02 sys=0.00, real=0.00 secs] 
5731.267: [GC (Allocation Failure) [PSYoungGen: 247627K->170656K(462848K)] 747997K->682835K(1861120K), 0.0364328 secs] [Times: user=0.21 sys=0.00, real=0.04 secs] 
5733.399: [GC (Allocation Failure) [PSYoungGen: 403616K->92704K(465920K)] 915795K->767515K(1864192K), 0.1431883 secs] [Times: user=0.86 sys=0.01, real=0.14 secs] 
5734.700: [GC (Allocation Failure) [PSYoungGen: 325664K->168512K(464896K)] 1000475K->932459K(1863168K), 0.0516115 secs] [Times: user=0.30 sys=0.01, real=0.05 secs] 
5738.067: [GC (Allocation Failure) [PSYoungGen: 401472K->85792K(465920K)] 1165419K->1018019K(1864192K), 0.1679480 secs] [Times: user=1.00 sys=0.00, real=0.17 secs] 
5739.828: [GC (Allocation Failure) [PSYoungGen: 318752K->169312K(465920K)] 1250979K->1183188K(1864192K), 0.0545519 secs] [Times: user=0.33 sys=0.00, real=0.05 secs] 
5741.816: [GC (Allocation Failure) [PSYoungGen: 402272K->86464K(465920K)] 1416148K->1269468K(1864192K), 0.1421138 secs] [Times: user=0.84 sys=0.00, real=0.14 secs] 
5741.958: [Full GC (Ergonomics) [PSYoungGen: 86464K->0K(465920K)] [ParOldGen: 1183004K->66612K(1398272K)] 1269468K->66612K(1864192K), [Metaspace: 59708K->59708K(1105920K)], 0.1634791 secs] [Times: user=0.74 sys=0.01, real=0.16 secs] 
5742.855: [GC (Allocation Failure) [PSYoungGen: 232960K->174624K(465920K)] 299572K->241236K(1864192K), 0.0545176 secs] [Times: user=0.32 sys=0.00, real=0.05 secs] 
5744.850: [GC (Allocation Failure) [PSYoungGen: 407584K->90688K(465920K)] 474196K->332000K(1864192K), 0.1338451 secs] [Times: user=0.80 sys=0.00, real=0.14 secs] 
5745.894: [GC (Allocation Failure) [PSYoungGen: 323648K->170976K(465920K)] 564960K->496841K(1864192K), 0.1598373 secs] [Times: user=0.95 sys=0.00, real=0.16 secs] 
5748.407: [GC (Allocation Failure) [PSYoungGen: 403936K->89888K(465920K)] 729801K->586425K(1864192K), 0.1118863 secs] [Times: user=0.66 sys=0.00, real=0.11 secs] 
5749.659: [GC (Allocation Failure) [PSYoungGen: 322848K->154528K(465920K)] 819385K->734424K(1864192K), 0.0601233 secs] [Times: user=0.36 sys=0.00, real=0.06 secs] 
5750.889: [GC (Allocation Failure) [PSYoungGen: 387488K->106208K(339456K)] 967384K->840704K(1737728K), 0.0925118 secs] [Times: user=0.55 sys=0.00, real=0.09 secs] 
5753.512: [GC (Allocation Failure) [PSYoungGen: 339168K->142496K(469504K)] 1073664K->972779K(1867776K), 0.0611420 secs] [Times: user=0.36 sys=0.00, real=0.07 secs] 
5756.816: [GC (Allocation Failure) [PSYoungGen: 380064K->119552K(357376K)] 1210347K->1091771K(1755648K), 0.0843637 secs] [Times: user=0.50 sys=0.00, real=0.08 secs] 
5758.048: [GC (Allocation Failure) [PSYoungGen: 357120K->128544K(466944K)] 1329339K->1209816K(1865216K), 0.0616924 secs] [Times: user=0.36 sys=0.00, real=0.06 secs] 
5759.928: [GC (Allocation Failure) [PSYoungGen: 376864K->160768K(458240K)] 1458136K->1370680K(1856512K), 0.0606703 secs] [Times: user=0.35 sys=0.01, real=0.06 secs] 
5759.989: [Full GC (Ergonomics) [PSYoungGen: 160768K->0K(458240K)] [ParOldGen: 1209912K->166524K(1398272K)] 1370680K->166524K(1856512K), [Metaspace: 59708K->59708K(1105920K)], 0.4011092 secs] [Times: user=1.86 sys=0.00, real=0.40 secs] 
5761.477: [GC (Allocation Failure) [PSYoungGen: 248320K->112064K(482304K)] 414844K->278588K(1880576K), 0.0372815 secs] [Times: user=0.22 sys=0.00, real=0.04 secs] 
5763.844: [GC (Allocation Failure) [PSYoungGen: 386496K->192032K(466944K)] 553020K->468076K(1865216K), 0.0607406 secs] [Times: user=0.36 sys=0.00, real=0.06 secs] 
5766.535: [GC (Allocation Failure) [PSYoungGen: 466464K->116352K(480256K)] 742508K->584220K(1878528K), 0.1298656 secs] [Times: user=0.77 sys=0.01, real=0.13 secs] 
5767.844: [GC (Allocation Failure) [PSYoungGen: 371840K->160928K(474112K)] 839708K->737577K(1872384K), 0.0679048 secs] [Times: user=0.40 sys=0.00, real=0.06 secs] 
5769.770: [GC (Allocation Failure) [PSYoungGen: 416416K->133984K(467968K)] 993065K->871801K(1866240K), 0.0760708 secs] [Times: user=0.45 sys=0.00, real=0.08 secs] 
5771.796: [GC (Allocation Failure) [PSYoungGen: 393568K->9856K(472064K)] 1131385K->747697K(1870336K), 0.0034328 secs] [Times: user=0.02 sys=0.00, real=0.00 secs] 
5772.559: [GC (Allocation Failure) [PSYoungGen: 253119K->174336K(459264K)] 990961K->920527K(1857536K), 0.0366353 secs] [Times: user=0.21 sys=0.01, real=0.04 secs] 
5774.780: [GC (Allocation Failure) [PSYoungGen: 407296K->94112K(465920K)] 1153487K->1006175K(1864192K), 0.1170603 secs] [Times: user=0.70 sys=0.00, real=0.12 secs] 
5775.751: [GC (Allocation Failure) [PSYoungGen: 327072K->168320K(462848K)] 1239135K->1171140K(1861120K), 0.0510555 secs] [Times: user=0.30 sys=0.00, real=0.05 secs] 
5778.420: [GC (Allocation Failure) [PSYoungGen: 401280K->87008K(465920K)] 1404100K->1257548K(1864192K), 0.1842492 secs] [Times: user=1.09 sys=0.00, real=0.19 secs] 
5778.604: [Full GC (Ergonomics) [PSYoungGen: 87008K->0K(465920K)] [ParOldGen: 1170540K->56931K(1398272K)] 1257548K->56931K(1864192K), [Metaspace: 59708K->59708K(1105920K)], 0.1605081 secs] [Times: user=0.75 sys=0.00, real=0.16 secs] 
5779.780: [GC (Allocation Failure) [PSYoungGen: 232960K->169984K(464896K)] 289891K->226915K(1863168K), 0.0352569 secs] [Times: user=0.21 sys=0.00, real=0.04 secs] 
5781.747: [GC (Allocation Failure) [PSYoungGen: 402944K->90720K(465920K)] 459875K->317323K(1864192K), 0.1360710 secs] [Times: user=0.81 sys=0.00, real=0.14 secs] 
5782.159: [GC (Allocation Failure) [PSYoungGen: 323680K->176384K(465920K)] 550283K->487606K(1864192K), 0.0585232 secs] [Times: user=0.35 sys=0.00, real=0.06 secs] 
5784.494: [GC (Allocation Failure) [PSYoungGen: 409344K->86272K(465920K)] 720566K->573746K(1864192K), 0.1347172 secs] [Times: user=0.80 sys=0.01, real=0.13 secs] 
5786.061: [GC (Allocation Failure) [PSYoungGen: 319232K->207104K(465920K)] 806706K->774327K(1864192K), 0.0623470 secs] [Times: user=0.36 sys=0.01, real=0.07 secs] 
5788.738: [GC (Allocation Failure) [PSYoungGen: 440064K->93376K(465920K)] 1007287K->826207K(1864192K), 0.1070072 secs] [Times: user=0.64 sys=0.00, real=0.11 secs] 
5790.183: [GC (Allocation Failure) [PSYoungGen: 326336K->151200K(465920K)] 1059167K->970566K(1864192K), 0.0606339 secs] [Times: user=0.36 sys=0.00, real=0.06 secs] 
5792.294: [GC (Allocation Failure) [PSYoungGen: 384160K->102816K(465920K)] 1203526K->1073182K(1864192K), 0.0970733 secs] [Times: user=0.57 sys=0.01, real=0.09 secs] 
5796.152: [GC (Allocation Failure) [PSYoungGen: 335776K->145632K(465920K)] 1306142K->1208063K(1864192K), 0.0604643 secs] [Times: user=0.36 sys=0.00, real=0.06 secs] 
5799.185: [GC (Allocation Failure) [PSYoungGen: 378592K->114944K(348160K)] 1441023K->1322895K(1746432K), 0.0878663 secs] [Times: user=0.53 sys=0.00, real=0.09 secs] 
5799.273: [Full GC (Ergonomics) [PSYoungGen: 114944K->0K(348160K)] [ParOldGen: 1207951K->129008K(1398272K)] 1322895K->129008K(1746432K), [Metaspace: 59708K->59708K(1105920K)], 0.2978657 secs] [Times: user=1.36 sys=0.00, real=0.29 secs] 
5800.645: [GC (Allocation Failure) [PSYoungGen: 232960K->133312K(468992K)] 361968K->262320K(1867264K), 0.0468762 secs] [Times: user=0.27 sys=0.00, real=0.04 secs] 
5802.999: [GC (Allocation Failure) [PSYoungGen: 374464K->149120K(460800K)] 503472K->410980K(1859072K), 0.0729690 secs] [Times: user=0.43 sys=0.01, real=0.07 secs] 
5804.747: [GC (Allocation Failure) [PSYoungGen: 390272K->4480K(455168K)] 652132K->266388K(1853440K), 0.0020385 secs] [Times: user=0.01 sys=0.00, real=0.00 secs] 
5806.762: [GC (Allocation Failure) [PSYoungGen: 241536K->164864K(402432K)] 503444K->429641K(1800704K), 0.0325455 secs] [Times: user=0.19 sys=0.00, real=0.04 secs] 
5809.314: [GC (Allocation Failure) [PSYoungGen: 401920K->96480K(468992K)] 666697K->517529K(1867264K), 0.0775085 secs] [Times: user=0.46 sys=0.00, real=0.07 secs] 
5810.895: [GC (Allocation Failure) [PSYoungGen: 326911K->167456K(465920K)] 747961K->683239K(1864192K), 0.0819072 secs] [Times: user=0.48 sys=0.01, real=0.08 secs] 
5813.264: [GC (Allocation Failure) [PSYoungGen: 403488K->93184K(466944K)] 919271K->768399K(1865216K), 0.0807004 secs] [Times: user=0.48 sys=0.00, real=0.08 secs] 
5815.370: [GC (Allocation Failure) [PSYoungGen: 328192K->171328K(465920K)] 1003407K->936048K(1864192K), 0.0798444 secs] [Times: user=0.47 sys=0.00, real=0.08 secs] 
5818.051: [GC (Allocation Failure) [PSYoungGen: 406336K->86816K(465920K)] 1171056K->1023000K(1864192K), 0.1053970 secs] [Times: user=0.62 sys=0.00, real=0.11 secs] 
5819.209: [GC (Allocation Failure) [PSYoungGen: 319776K->168960K(465920K)] 1255960K->1188509K(1864192K), 0.0824866 secs] [Times: user=0.49 sys=0.00, real=0.08 secs] 
5822.364: [GC (Allocation Failure) [PSYoungGen: 401920K->84256K(465920K)] 1421469K->1272845K(1864192K), 0.1588503 secs] [Times: user=0.95 sys=0.00, real=0.16 secs] 
5822.523: [Full GC (Ergonomics) [PSYoungGen: 84256K->0K(465920K)] [ParOldGen: 1188589K->69266K(1398272K)] 1272845K->69266K(1864192K), [Metaspace: 59708K->59708K(1105920K)], 0.1841165 secs] [Times: user=0.85 sys=0.00, real=0.18 secs] 
5823.896: [GC (Allocation Failure) [PSYoungGen: 232960K->177376K(465920K)] 302226K->246642K(1864192K), 0.0604591 secs] [Times: user=0.36 sys=0.00, real=0.06 secs] 
5826.604: [GC (Allocation Failure) [PSYoungGen: 410336K->83776K(465920K)] 479602K->330706K(1864192K), 0.1231293 secs] [Times: user=0.74 sys=0.00, real=0.12 secs] 
5828.200: [GC (Allocation Failure) [PSYoungGen: 316736K->205344K(465920K)] 563666K->529942K(1864192K), 0.1445931 secs] [Times: user=0.86 sys=0.00, real=0.15 secs] 
5831.347: [GC (Allocation Failure) [PSYoungGen: 438304K->85504K(465920K)] 762902K->582526K(1864192K), 0.1063995 secs] [Times: user=0.63 sys=0.00, real=0.11 secs] 
5832.873: [GC (Allocation Failure) [PSYoungGen: 318464K->158688K(465920K)] 815486K->734563K(1864192K), 0.0597769 secs] [Times: user=0.36 sys=0.00, real=0.05 secs] 
5834.649: [GC (Allocation Failure) [PSYoungGen: 385373K->93216K(465920K)] 961248K->827875K(1864192K), 0.1061525 secs] [Times: user=0.64 sys=0.00, real=0.11 secs] 
5837.144: [GC (Allocation Failure) [PSYoungGen: 326176K->151040K(465920K)] 1060835K->972278K(1864192K), 0.0603107 secs] [Times: user=0.36 sys=0.00, real=0.06 secs] 
5839.130: [GC (Allocation Failure) [PSYoungGen: 384000K->103168K(465920K)] 1205238K->1075278K(1864192K), 0.0936763 secs] [Times: user=0.56 sys=0.00, real=0.10 secs] 
5840.693: [GC (Allocation Failure) [PSYoungGen: 336128K->145536K(465920K)] 1308238K->1209815K(1864192K), 0.0610794 secs] [Times: user=0.37 sys=0.00, real=0.06 secs] 
5841.712: [GC (Allocation Failure) [PSYoungGen: 378496K->123616K(447488K)] 1442775K->1333487K(1845760K), 0.0863954 secs] [Times: user=0.51 sys=0.00, real=0.09 secs] 
5841.798: [Full GC (Ergonomics) [PSYoungGen: 123616K->0K(447488K)] [ParOldGen: 1209871K->137724K(1398272K)] 1333487K->137724K(1845760K), [Metaspace: 59708K->59708K(1105920K)], 0.3154984 secs] [Times: user=1.45 sys=0.00, real=0.32 secs] 
5844.064: [GC (Allocation Failure) [PSYoungGen: 232960K->124736K(456704K)] 370684K->262460K(1854976K), 0.0429523 secs] [Times: user=0.26 sys=0.00, real=0.04 secs] 
5845.622: [GC (Allocation Failure) [PSYoungGen: 357696K->140000K(466944K)] 495420K->402300K(1865216K), 0.0653488 secs] [Times: user=0.39 sys=0.00, real=0.07 secs] 
5847.629: [GC (Allocation Failure) [PSYoungGen: 400608K->15552K(471040K)] 662908K->277892K(1869312K), 0.0041556 secs] [Times: user=0.02 sys=0.00, real=0.00 secs] 
5849.003: [GC (Allocation Failure) [PSYoungGen: 276160K->182560K(454656K)] 538500K->458305K(1852928K), 0.0402221 secs] [Times: user=0.23 sys=0.00, real=0.04 secs] 
5851.270: [GC (Allocation Failure) [PSYoungGen: 415520K->91168K(465920K)] 691265K->548829K(1864192K), 0.1695415 secs] [Times: user=1.01 sys=0.00, real=0.17 secs] 
5852.566: [GC (Allocation Failure) [PSYoungGen: 324128K->167744K(462848K)] 781789K->712514K(1861120K), 0.1171051 secs] [Times: user=0.70 sys=0.00, real=0.11 secs] 
5855.000: [GC (Allocation Failure) [PSYoungGen: 400704K->88032K(465920K)] 945474K->800454K(1864192K), 0.1475071 secs] [Times: user=0.87 sys=0.02, real=0.15 secs] 
5855.802: [GC (Allocation Failure) [PSYoungGen: 320992K->173920K(464896K)] 1033414K->967725K(1863168K), 0.0780993 secs] [Times: user=0.47 sys=0.00, real=0.08 secs] 
5858.314: [GC (Allocation Failure) [PSYoungGen: 406880K->90304K(465920K)] 1200685K->1057949K(1864192K), 0.1274390 secs] [Times: user=0.76 sys=0.00, real=0.12 secs] 
5859.772: [GC (Allocation Failure) [PSYoungGen: 323264K->205120K(465920K)] 1290909K->1256994K(1864192K), 0.0682502 secs] [Times: user=0.40 sys=0.00, real=0.07 secs] 
5861.957: [GC (Allocation Failure) [PSYoungGen: 436673K->93120K(465920K)] 1488547K->1309074K(1864192K), 0.1008966 secs] [Times: user=0.60 sys=0.00, real=0.10 secs] 
5862.058: [Full GC (Ergonomics) [PSYoungGen: 93120K->0K(465920K)] [ParOldGen: 1215954K->107255K(1398272K)] 1309074K->107255K(1864192K), [Metaspace: 59711K->59711K(1105920K)], 0.2534275 secs] [Times: user=1.16 sys=0.00, real=0.25 secs] 
5863.392: [GC (Allocation Failure) [PSYoungGen: 232960K->150592K(465920K)] 340215K->257847K(1864192K), 0.0427255 secs] [Times: user=0.26 sys=0.00, real=0.05 secs] 
5866.108: [GC (Allocation Failure) [PSYoungGen: 383552K->108864K(465920K)] 490807K->366751K(1864192K), 0.0961620 secs] [Times: user=0.58 sys=0.00, real=0.10 secs] 
5867.339: [GC (Allocation Failure) [PSYoungGen: 341824K->147872K(465920K)] 599711K->495404K(1864192K), 0.0602390 secs] [Times: user=0.36 sys=0.00, real=0.06 secs] 
5869.764: [GC (Allocation Failure) [PSYoungGen: 380832K->117728K(350720K)] 728364K->612908K(1748992K), 0.0821131 secs] [Times: user=0.48 sys=0.01, real=0.08 secs] 
5870.994: [GC (Allocation Failure) [PSYoungGen: 350688K->130496K(467456K)] 845868K->732775K(1865728K), 0.0610263 secs] [Times: user=0.36 sys=0.00, real=0.06 secs] 
5874.329: [GC (Allocation Failure) [PSYoungGen: 372672K->138720K(458240K)] 974951K->871463K(1856512K), 0.0639979 secs] [Times: user=0.38 sys=0.00, real=0.07 secs] 
5875.531: [GC (Allocation Failure) [PSYoungGen: 380896K->5472K(455168K)] 1113639K->738351K(1853440K), 0.0029789 secs] [Times: user=0.02 sys=0.00, real=0.01 secs] 
5876.925: [GC (Allocation Failure) [PSYoungGen: 249696K->170560K(415232K)] 982575K->907652K(1813504K), 0.0341111 secs] [Times: user=0.20 sys=0.00, real=0.03 secs] 
5879.075: [GC (Allocation Failure) [PSYoungGen: 414784K->103712K(473600K)] 1151876K->1002500K(1871872K), 0.0869055 secs] [Times: user=0.52 sys=0.00, real=0.08 secs] 
5880.215: [GC (Allocation Failure) [PSYoungGen: 344352K->172064K(465920K)] 1243140K->1171317K(1864192K), 0.0769356 secs] [Times: user=0.45 sys=0.00, real=0.07 secs] 
5882.753: [GC (Allocation Failure) [PSYoungGen: 412704K->97088K(468480K)] 1411957K->1268029K(1866752K), 0.0949434 secs] [Times: user=0.56 sys=0.01, real=0.10 secs] 
5882.848: [Full GC (Ergonomics) [PSYoungGen: 97088K->0K(468480K)] [ParOldGen: 1170941K->71513K(1398272K)] 1268029K->71513K(1866752K), [Metaspace: 59711K->59711K(1105920K)], 0.1589006 secs] [Times: user=0.69 sys=0.00, real=0.16 secs] 
5884.228: [GC (Allocation Failure) [PSYoungGen: 238080K->172000K(465920K)] 309593K->243513K(1864192K), 0.0759156 secs] [Times: user=0.45 sys=0.01, real=0.08 secs] 
5889.380: [GC (Allocation Failure) [PSYoungGen: 410080K->84864K(466432K)] 481593K->328305K(1864704K), 0.1501116 secs] [Times: user=0.83 sys=0.00, real=0.15 secs] 
5890.469: [GC (Allocation Failure) [PSYoungGen: 318336K->174400K(465920K)] 561777K->496307K(1864192K), 0.1608282 secs] [Times: user=0.96 sys=0.00, real=0.16 secs] 
5892.622: [GC (Allocation Failure) [PSYoungGen: 407872K->86560K(465920K)] 729779K->582827K(1864192K), 0.1108570 secs] [Times: user=0.65 sys=0.01, real=0.12 secs] 
5894.742: [GC (Allocation Failure) [PSYoungGen: 319520K->158464K(465920K)] 815787K->734208K(1864192K), 0.0602030 secs] [Times: user=0.36 sys=0.00, real=0.06 secs] 
5895.550: [GC (Allocation Failure) [PSYoungGen: 391424K->106208K(460800K)] 967168K->840632K(1859072K), 0.0881938 secs] [Times: user=0.52 sys=0.00, real=0.09 secs] 
5897.493: [GC (Allocation Failure) [PSYoungGen: 339168K->142080K(463360K)] 1073592K->972265K(1861632K), 0.0610852 secs] [Times: user=0.36 sys=0.00, real=0.06 secs] 
5898.637: [GC (Allocation Failure) [PSYoungGen: 375040K->125408K(452096K)] 1205225K->1097577K(1850368K), 0.0763105 secs] [Times: user=0.46 sys=0.00, real=0.08 secs] 
5901.346: [GC (Allocation Failure) [PSYoungGen: 368096K->122528K(459264K)] 1340265K->1210038K(1857536K), 0.0628233 secs] [Times: user=0.37 sys=0.00, real=0.06 secs] 
5903.050: [GC (Allocation Failure) [PSYoungGen: 365216K->158080K(477696K)] 1452726K->1367862K(1875968K), 0.0586466 secs] [Times: user=0.35 sys=0.00, real=0.06 secs] 
5903.109: [Full GC (Ergonomics) [PSYoungGen: 158080K->0K(477696K)] [ParOldGen: 1209782K->172641K(1398272K)] 1367862K->172641K(1875968K), [Metaspace: 59711K->59711K(1105920K)], 0.4106521 secs] [Times: user=1.89 sys=0.00, real=0.41 secs] 
5905.787: [GC (Allocation Failure) [PSYoungGen: 269312K->119488K(481280K)] 441953K->292129K(1879552K), 0.0583155 secs] [Times: user=0.34 sys=0.00, real=0.06 secs] 
5907.219: [GC (Allocation Failure) [PSYoungGen: 388800K->192928K(460800K)] 561441K->482175K(1859072K), 0.1195141 secs] [Times: user=0.71 sys=0.00, real=0.12 secs] 
5910.638: [GC (Allocation Failure) [PSYoungGen: 448416K->99840K(477184K)] 737663K->582175K(1875456K), 0.1315891 secs] [Times: user=0.79 sys=0.00, real=0.13 secs] 
5911.930: [GC (Allocation Failure) [PSYoungGen: 355328K->162112K(474624K)] 837663K->737919K(1872896K), 0.0643171 secs] [Times: user=0.39 sys=0.00, real=0.07 secs] 
5913.739: [GC (Allocation Failure) [PSYoungGen: 417600K->130496K(386048K)] 993407K->868460K(1784320K), 0.0821430 secs] [Times: user=0.49 sys=0.00, real=0.08 secs] 
5915.713: [GC (Allocation Failure) [PSYoungGen: 385984K->7712K(457728K)] 1123948K->745752K(1856000K), 0.0035777 secs] [Times: user=0.02 sys=0.00, real=0.00 secs] 
5917.435: [GC (Allocation Failure) [PSYoungGen: 251936K->168544K(413184K)] 989976K->912976K(1811456K), 0.0344781 secs] [Times: user=0.20 sys=0.00, real=0.03 secs] 
5919.231: [GC (Allocation Failure) [PSYoungGen: 412768K->106304K(472064K)] 1157200K->1010148K(1870336K), 0.0819155 secs] [Times: user=0.49 sys=0.00, real=0.09 secs] 
5920.548: [GC (Allocation Failure) [PSYoungGen: 345408K->192704K(465920K)] 1249252K->1199297K(1864192K), 0.0563388 secs] [Times: user=0.33 sys=0.00, real=0.06 secs] 
5924.210: [GC (Allocation Failure) [PSYoungGen: 431808K->83584K(465920K)] 1438401K->1266641K(1864192K), 0.1572023 secs] [Times: user=0.94 sys=0.00, real=0.16 secs] 
5924.367: [Full GC (Ergonomics) [PSYoungGen: 83584K->0K(465920K)] [ParOldGen: 1183057K->65852K(1398272K)] 1266641K->65852K(1864192K), [Metaspace: 59711K->59711K(1105920K)], 0.1736021 secs] [Times: user=0.80 sys=0.00, real=0.17 secs] 
5925.385: [GC (Allocation Failure) [PSYoungGen: 232960K->174208K(465920K)] 298812K->240060K(1864192K), 0.0378066 secs] [Times: user=0.22 sys=0.00, real=0.03 secs] 
5928.236: [GC (Allocation Failure) [PSYoungGen: 407168K->83680K(465920K)] 473020K->323808K(1864192K), 0.1617660 secs] [Times: user=0.96 sys=0.00, real=0.16 secs] 
5928.674: [GC (Allocation Failure) [PSYoungGen: 316640K->176608K(465920K)] 556768K->493959K(1864192K), 0.0569425 secs] [Times: user=0.34 sys=0.00, real=0.05 secs] 
5930.832: [GC (Allocation Failure) [PSYoungGen: 409568K->90208K(465920K)] 726919K->584015K(1864192K), 0.1192525 secs] [Times: user=0.70 sys=0.00, real=0.12 secs] 
5932.452: [GC (Allocation Failure) [PSYoungGen: 323168K->158304K(465920K)] 816975K->735632K(1864192K), 0.0617408 secs] [Times: user=0.37 sys=0.00, real=0.07 secs] 
5934.183: [GC (Allocation Failure) [PSYoungGen: 391264K->124672K(465920K)] 968592K->860128K(1864192K), 0.0949287 secs] [Times: user=0.56 sys=0.01, real=0.09 secs] 
5935.396: [GC (Allocation Failure) [PSYoungGen: 357632K->148480K(381952K)] 1093088K->973295K(1780224K), 0.0605061 secs] [Times: user=0.37 sys=0.00, real=0.06 secs] 
5937.590: [GC (Allocation Failure) [PSYoungGen: 381440K->120416K(471552K)] 1206255K->1093759K(1869824K), 0.0801204 secs] [Times: user=0.48 sys=0.00, real=0.08 secs] 
5938.817: [GC (Allocation Failure) [PSYoungGen: 361568K->127264K(368640K)] 1334911K->1210924K(1766912K), 0.0635045 secs] [Times: user=0.38 sys=0.01, real=0.06 secs] 
5940.416: [GC (Allocation Failure) [PSYoungGen: 368416K->152320K(460800K)] 1452076K->1363380K(1859072K), 0.0610818 secs] [Times: user=0.36 sys=0.00, real=0.06 secs] 
5940.477: [Full GC (Ergonomics) [PSYoungGen: 152320K->0K(460800K)] [ParOldGen: 1211060K->166816K(1398272K)] 1363380K->166816K(1859072K), [Metaspace: 59711K->59711K(1105920K)], 0.3786575 secs] [Times: user=1.64 sys=0.00, real=0.38 secs] 
5942.057: [GC (Allocation Failure) [PSYoungGen: 246784K->112672K(460288K)] 413600K->279488K(1858560K), 0.0401474 secs] [Times: user=0.24 sys=0.00, real=0.04 secs] 
5943.601: [GC (Allocation Failure) [PSYoungGen: 348405K->167456K(474624K)] 515221K->445053K(1872896K), 0.0582076 secs] [Times: user=0.35 sys=0.00, real=0.06 secs] 
5945.393: [GC (Allocation Failure) [PSYoungGen: 433184K->124864K(480256K)] 710781K->561117K(1878528K), 0.0715543 secs] [Times: user=0.43 sys=0.00, real=0.07 secs] 
5947.736: [GC (Allocation Failure) [PSYoungGen: 389713K->208352K(441344K)] 825966K->774489K(1839616K), 0.0679783 secs] [Times: user=0.40 sys=0.00, real=0.07 secs] 
5949.282: [GC (Allocation Failure) [PSYoungGen: 441312K->92736K(465920K)] 1007449K->831985K(1864192K), 0.1032772 secs] [Times: user=0.61 sys=0.01, real=0.11 secs] 
5952.199: [GC (Allocation Failure) [PSYoungGen: 325696K->151456K(465920K)] 1064945K->976766K(1864192K), 0.0611768 secs] [Times: user=0.36 sys=0.00, real=0.06 secs] 
5953.715: [GC (Allocation Failure) [PSYoungGen: 384416K->101984K(465920K)] 1209726K->1078622K(1864192K), 0.0957609 secs] [Times: user=0.57 sys=0.00, real=0.09 secs] 
5955.869: [GC (Allocation Failure) [PSYoungGen: 334944K->147040K(465920K)] 1311582K->1214699K(1864192K), 0.0614481 secs] [Times: user=0.36 sys=0.01, real=0.06 secs] 
5958.396: [GC (Allocation Failure) [PSYoungGen: 380000K->112032K(465920K)] 1447659K->1326563K(1864192K), 0.0922930 secs] [Times: user=0.54 sys=0.00, real=0.09 secs] 
5958.488: [Full GC (Ergonomics) [PSYoungGen: 112032K->0K(465920K)] [ParOldGen: 1214531K->126525K(1398272K)] 1326563K->126525K(1864192K), [Metaspace: 59711K->59711K(1105920K)], 0.2869314 secs] [Times: user=1.31 sys=0.00, real=0.29 secs] 
5959.885: [GC (Allocation Failure) [PSYoungGen: 232960K->136576K(465920K)] 359485K->263101K(1864192K), 0.0497855 secs] [Times: user=0.30 sys=0.00, real=0.05 secs] 
5961.665: [GC (Allocation Failure) [PSYoungGen: 369536K->132576K(365568K)] 496061K->395749K(1763840K), 0.0774368 secs] [Times: user=0.46 sys=0.00, real=0.07 secs] 
5963.667: [GC (Allocation Failure) [PSYoungGen: 365536K->1440K(453632K)] 628709K->264637K(1851904K), 0.0018621 secs] [Times: user=0.01 sys=0.00, real=0.00 secs] 
5964.218: [GC (Allocation Failure) [PSYoungGen: 228256K->149504K(459776K)] 491453K->413654K(1858048K), 0.0296118 secs] [Times: user=0.18 sys=0.00, real=0.03 secs] 
5966.439: [GC (Allocation Failure) [PSYoungGen: 376320K->2640K(465920K)] 640470K->266907K(1864192K), 0.0022541 secs] [Times: user=0.01 sys=0.00, real=0.00 secs] 
5967.359: [GC (Allocation Failure) [PSYoungGen: 235600K->158656K(465920K)] 499867K->424864K(1864192K), 0.0475846 secs] [Times: user=0.28 sys=0.01, real=0.05 secs] 
5969.896: [GC (Allocation Failure) [PSYoungGen: 391616K->99264K(465920K)] 657824K->515920K(1864192K), 0.0665970 secs] [Times: user=0.39 sys=0.00, real=0.06 secs] 
5971.135: [GC (Allocation Failure) [PSYoungGen: 332224K->166592K(465920K)] 748880K->681029K(1864192K), 0.0528846 secs] [Times: user=0.31 sys=0.00, real=0.05 secs] 
5973.374: [GC (Allocation Failure) [PSYoungGen: 399552K->98016K(465920K)] 913989K->770605K(1864192K), 0.0690485 secs] [Times: user=0.41 sys=0.00, real=0.06 secs] 
5974.615: [GC (Allocation Failure) [PSYoungGen: 315677K->159072K(465920K)] 988267K->924719K(1864192K), 0.0500191 secs] [Times: user=0.30 sys=0.00, real=0.05 secs] 
5976.257: [GC (Allocation Failure) [PSYoungGen: 392032K->95648K(465920K)] 1157679K->1011563K(1864192K), 0.1318425 secs] [Times: user=0.79 sys=0.00, real=0.13 secs] 
5978.213: [GC (Allocation Failure) [PSYoungGen: 328608K->166752K(465920K)] 1244523K->1174335K(1864192K), 0.0508120 secs] [Times: user=0.30 sys=0.00, real=0.05 secs] 
5980.555: [GC (Allocation Failure) [PSYoungGen: 399712K->88864K(465920K)] 1407295K->1262927K(1864192K), 0.1822070 secs] [Times: user=1.08 sys=0.00, real=0.18 secs] 
5980.737: [Full GC (Ergonomics) [PSYoungGen: 88864K->0K(465920K)] [ParOldGen: 1174063K->58869K(1398272K)] 1262927K->58869K(1864192K), [Metaspace: 59711K->59711K(1105920K)], 0.1732628 secs] [Times: user=0.82 sys=0.00, real=0.17 secs] 
5981.357: [GC (Allocation Failure) [PSYoungGen: 232960K->173536K(465920K)] 291829K->232405K(1864192K), 0.0354958 secs] [Times: user=0.21 sys=0.00, real=0.03 secs] 
5983.557: [GC (Allocation Failure) [PSYoungGen: 406496K->84352K(465920K)] 465365K->316798K(1864192K), 0.1042546 secs] [Times: user=0.62 sys=0.00, real=0.10 secs] 
5985.578: [GC (Allocation Failure) [PSYoungGen: 317312K->172128K(465920K)] 549758K->482742K(1864192K), 0.0566367 secs] [Times: user=0.33 sys=0.01, real=0.06 secs] 
5988.737: [GC (Allocation Failure) [PSYoungGen: 405088K->83008K(465920K)] 715702K->565694K(1864192K), 0.1396223 secs] [Times: user=0.83 sys=0.01, real=0.14 secs] 
5989.146: [GC (Allocation Failure) [PSYoungGen: 315968K->207488K(465920K)] 798654K->766454K(1864192K), 0.0583938 secs] [Times: user=0.34 sys=0.00, real=0.06 secs] 
5992.062: [GC (Allocation Failure) [PSYoungGen: 440448K->82560K(465920K)] 999414K->816054K(1864192K), 0.1235680 secs] [Times: user=0.73 sys=0.00, real=0.13 secs] 
5993.303: [GC (Allocation Failure) [PSYoungGen: 315520K->162336K(465920K)] 1049014K->971566K(1864192K), 0.0606378 secs] [Times: user=0.35 sys=0.01, real=0.06 secs] 
5995.480: [GC (Allocation Failure) [PSYoungGen: 388896K->93152K(465920K)] 1198127K->1064622K(1864192K), 0.1105421 secs] [Times: user=0.65 sys=0.00, real=0.11 secs] 
5997.376: [GC (Allocation Failure) [PSYoungGen: 326112K->151072K(465920K)] 1297582K->1209062K(1864192K), 0.0606251 secs] [Times: user=0.36 sys=0.00, real=0.06 secs] 
5998.965: [GC (Allocation Failure) [PSYoungGen: 384032K->106912K(465920K)] 1442022K->1315750K(1864192K), 0.0945663 secs] [Times: user=0.56 sys=0.00, real=0.09 secs] 
5999.059: [Full GC (Ergonomics) [PSYoungGen: 106912K->0K(465920K)] [ParOldGen: 1208838K->121490K(1398272K)] 1315750K->121490K(1864192K), [Metaspace: 59711K->59711K(1105920K)], 0.2782917 secs] [Times: user=1.28 sys=0.01, real=0.28 secs] 
6000.509: [GC (Allocation Failure) [PSYoungGen: 232960K->141408K(465920K)] 354450K->262898K(1864192K), 0.0492091 secs] [Times: user=0.29 sys=0.00, real=0.05 secs] 
6001.677: [GC (Allocation Failure) [PSYoungGen: 374368K->128896K(445440K)] 495858K->391754K(1843712K), 0.0768996 secs] [Times: user=0.46 sys=0.00, real=0.08 secs] 
6003.738: [GC (Allocation Failure) [PSYoungGen: 361856K->118528K(455680K)] 624714K->500081K(1853952K), 0.0623391 secs] [Times: user=0.37 sys=0.00, real=0.06 secs] 
6005.680: [GC (Allocation Failure) [PSYoungGen: 351488K->141632K(466432K)] 733041K->641842K(1864704K), 0.0595431 secs] [Times: user=0.35 sys=0.00, real=0.06 secs] 
6006.882: [GC (Allocation Failure) [PSYoungGen: 402752K->18400K(472576K)] 902962K->518698K(1870848K), 0.0048779 secs] [Times: user=0.03 sys=0.00, real=0.01 secs] 
6007.885: [GC (Allocation Failure) [PSYoungGen: 279520K->185760K(455168K)] 779818K->702158K(1853440K), 0.0419660 secs] [Times: user=0.25 sys=0.00, real=0.04 secs] 
6009.886: [GC (Allocation Failure) [PSYoungGen: 418720K->89664K(465920K)] 935118K->791478K(1864192K), 0.1742338 secs] [Times: user=1.04 sys=0.00, real=0.17 secs] 
6010.974: [GC (Allocation Failure) [PSYoungGen: 322624K->177248K(464384K)] 1024438K->962495K(1862656K), 0.0936192 secs] [Times: user=0.56 sys=0.00, real=0.09 secs] 
6013.903: [GC (Allocation Failure) [PSYoungGen: 410208K->87360K(465920K)] 1195455K->1050035K(1864192K), 0.1414427 secs] [Times: user=0.84 sys=0.00, real=0.14 secs] 
6015.404: [GC (Allocation Failure) [PSYoungGen: 320320K->170912K(465920K)] 1282995K->1214988K(1864192K), 0.1536525 secs] [Times: user=0.92 sys=0.00, real=0.15 secs] 
6018.952: [GC (Allocation Failure) [PSYoungGen: 403872K->79712K(465920K)] 1447948K->1294804K(1864192K), 0.1260194 secs] [Times: user=0.74 sys=0.01, real=0.13 secs] 
6019.078: [Full GC (Ergonomics) [PSYoungGen: 79712K->0K(465920K)] [ParOldGen: 1215092K->93945K(1398272K)] 1294804K->93945K(1864192K), [Metaspace: 59711K->59711K(1105920K)], 0.2232168 secs] [Times: user=1.02 sys=0.00, real=0.22 secs] 
6020.262: [GC (Allocation Failure) [PSYoungGen: 228181K->201632K(465920K)] 322126K->295577K(1864192K), 0.0490753 secs] [Times: user=0.29 sys=0.00, real=0.05 secs] 
6022.416: [GC (Allocation Failure) [PSYoungGen: 434592K->91232K(465920K)] 528537K->350249K(1864192K), 0.0997264 secs] [Times: user=0.60 sys=0.00, real=0.10 secs] 
6023.864: [GC (Allocation Failure) [PSYoungGen: 324192K->153344K(465920K)] 583209K->496392K(1864192K), 0.0598404 secs] [Times: user=0.35 sys=0.00, real=0.06 secs] 
6025.316: [GC (Allocation Failure) [PSYoungGen: 386304K->108096K(465920K)] 729352K->604456K(1864192K), 0.0850347 secs] [Times: user=0.50 sys=0.00, real=0.08 secs] 
6026.569: [GC (Allocation Failure) [PSYoungGen: 341056K->140096K(465920K)] 837416K->733647K(1864192K), 0.0602748 secs] [Times: user=0.36 sys=0.00, real=0.06 secs] 
6027.355: [GC (Allocation Failure) [PSYoungGen: 373056K->134400K(367616K)] 966607K->868239K(1765888K), 0.0597533 secs] [Times: user=0.36 sys=0.00, real=0.06 secs] 
6031.677: [GC (Allocation Failure) [PSYoungGen: 367360K->113216K(464896K)] 1101199K->971440K(1863168K), 0.0631041 secs] [Times: user=0.38 sys=0.00, real=0.06 secs] 
6033.340: [GC (Allocation Failure) [PSYoungGen: 352832K->149088K(458240K)] 1211056K->1120680K(1856512K), 0.0559237 secs] [Times: user=0.33 sys=0.00, real=0.06 secs] 
6034.555: [GC (Allocation Failure) [PSYoungGen: 388704K->8736K(457728K)] 1360296K->980420K(1856000K), 0.0032627 secs] [Times: user=0.02 sys=0.00, real=0.00 secs] 
6036.592: [GC (Allocation Failure) [PSYoungGen: 248864K->171040K(411648K)] 1220548K->1149233K(1809920K), 0.0350523 secs] [Times: user=0.21 sys=0.00, real=0.04 secs] 
6038.416: [GC (Allocation Failure) [PSYoungGen: 411168K->100064K(468480K)] 1389361K->1240653K(1866752K), 0.0945399 secs] [Times: user=0.56 sys=0.00, real=0.09 secs] 
6040.132: [GC (Allocation Failure) [PSYoungGen: 335584K->168544K(465920K)] 1476173K->1405642K(1864192K), 0.0528773 secs] [Times: user=0.31 sys=0.00, real=0.06 secs] 
6040.185: [Full GC (Ergonomics) [PSYoungGen: 168544K->0K(465920K)] [ParOldGen: 1237098K->209788K(1398272K)] 1405642K->209788K(1864192K), [Metaspace: 59711K->59711K(1105920K)], 0.4879527 secs] [Times: user=2.29 sys=0.00, real=0.49 secs] 
6043.189: [GC (Allocation Failure) [PSYoungGen: 235520K->87776K(466432K)] 445308K->297564K(1864704K), 0.1547672 secs] [Times: user=0.91 sys=0.00, real=0.16 secs] 
6044.285: [GC (Allocation Failure) [PSYoungGen: 321248K->170304K(465920K)] 531036K->463526K(1864192K), 0.0546043 secs] [Times: user=0.32 sys=0.00, real=0.05 secs] 
6047.232: [GC (Allocation Failure) [PSYoungGen: 403776K->84160K(465920K)] 696998K->547442K(1864192K), 0.1619412 secs] [Times: user=0.96 sys=0.00, real=0.17 secs] 
6048.036: [GC (Allocation Failure) [PSYoungGen: 317120K->175456K(465920K)] 780402K->716815K(1864192K), 0.1139513 secs] [Times: user=0.68 sys=0.01, real=0.11 secs] 
6051.271: [GC (Allocation Failure) [PSYoungGen: 408416K->84192K(465920K)] 949775K->800859K(1864192K), 0.1446755 secs] [Times: user=0.86 sys=0.00, real=0.15 secs] 
6052.385: [GC (Allocation Failure) [PSYoungGen: 317152K->192288K(465920K)] 1033819K->986496K(1864192K), 0.0589400 secs] [Times: user=0.35 sys=0.00, real=0.06 secs] 
6053.826: [GC (Allocation Failure) [PSYoungGen: 425248K->93248K(465920K)] 1219456K->1061420K(1864192K), 0.0711691 secs] [Times: user=0.42 sys=0.00, real=0.07 secs] 
6055.078: [GC (Allocation Failure) [PSYoungGen: 326208K->151072K(465920K)] 1294380K->1205868K(1864192K), 0.0606469 secs] [Times: user=0.36 sys=0.00, real=0.06 secs] 
6056.688: [GC (Allocation Failure) [PSYoungGen: 384032K->104544K(465920K)] 1438828K->1310240K(1864192K), 0.0874503 secs] [Times: user=0.51 sys=0.00, real=0.09 secs] 
6056.776: [Full GC (Ergonomics) [PSYoungGen: 104544K->0K(465920K)] [ParOldGen: 1205696K->119623K(1398272K)] 1310240K->119623K(1864192K), [Metaspace: 59711K->59711K(1105920K)], 0.2663114 secs] [Times: user=1.20 sys=0.01, real=0.26 secs] 
6059.061: [GC (Allocation Failure) [PSYoungGen: 232960K->143584K(376832K)] 352583K->263207K(1775104K), 0.0507341 secs] [Times: user=0.30 sys=0.00, real=0.05 secs] 
6060.749: [GC (Allocation Failure) [PSYoungGen: 376544K->118496K(474112K)] 496167K->382039K(1872384K), 0.0887993 secs] [Times: user=0.53 sys=0.00, real=0.09 secs] 
6063.148: [GC (Allocation Failure) [PSYoungGen: 360160K->1216K(465408K)] 623703K->264827K(1863680K), 0.0018612 secs] [Times: user=0.01 sys=0.00, real=0.00 secs] 
6064.036: [GC (Allocation Failure) [PSYoungGen: 242880K->156224K(465920K)] 506491K->420536K(1864192K), 0.0313956 secs] [Times: user=0.17 sys=0.00, real=0.03 secs] 
6065.450: [GC (Allocation Failure) [PSYoungGen: 389184K->10528K(465920K)] 653496K->274992K(1864192K), 0.0033401 secs] [Times: user=0.01 sys=0.01, real=0.01 secs] 
6067.059: [GC (Allocation Failure) [PSYoungGen: 243488K->170848K(465920K)] 507952K->444229K(1864192K), 0.0354924 secs] [Times: user=0.21 sys=0.00, real=0.04 secs] 
6068.466: [GC (Allocation Failure) [PSYoungGen: 403808K->95232K(465920K)] 677189K->531421K(1864192K), 0.0696348 secs] [Times: user=0.42 sys=0.00, real=0.07 secs] 
6071.106: [GC (Allocation Failure) [PSYoungGen: 315887K->158016K(465920K)] 752076K->685870K(1864192K), 0.0492551 secs] [Times: user=0.30 sys=0.00, real=0.05 secs] 
6072.350: [GC (Allocation Failure) [PSYoungGen: 390976K->95168K(465920K)] 918830K->772290K(1864192K), 0.0663669 secs] [Times: user=0.39 sys=0.00, real=0.07 secs] 
6073.736: [GC (Allocation Failure) [PSYoungGen: 328128K->168576K(465920K)] 1005250K->937887K(1864192K), 0.0506147 secs] [Times: user=0.30 sys=0.00, real=0.05 secs] 
6076.453: [GC (Allocation Failure) [PSYoungGen: 401536K->89760K(465920K)] 1170847K->1027311K(1864192K), 0.1733087 secs] [Times: user=1.03 sys=0.00, real=0.17 secs] 
6077.338: [GC (Allocation Failure) [PSYoungGen: 322720K->168256K(465920K)] 1260271K->1191944K(1864192K), 0.0801965 secs] [Times: user=0.48 sys=0.00, real=0.08 secs] 
6080.899: [GC (Allocation Failure) [PSYoungGen: 401216K->83840K(465920K)] 1424904K->1275668K(1864192K), 0.1687661 secs] [Times: user=1.00 sys=0.01, real=0.17 secs] 
6081.068: [Full GC (Ergonomics) [PSYoungGen: 83840K->0K(465920K)] [ParOldGen: 1191828K->70511K(1398272K)] 1275668K->70511K(1864192K), [Metaspace: 59711K->59711K(1105920K)], 0.1917029 secs] [Times: user=0.89 sys=0.00, real=0.19 secs] 
6082.189: [GC (Allocation Failure) [PSYoungGen: 232960K->174688K(465920K)] 303471K->245199K(1864192K), 0.0553265 secs] [Times: user=0.32 sys=0.00, real=0.06 secs] 
6085.593: [GC (Allocation Failure) [PSYoungGen: 407648K->82816K(465920K)] 478159K->328059K(1864192K), 0.1545219 secs] [Times: user=0.91 sys=0.00, real=0.16 secs] 
6087.109: [GC (Allocation Failure) [PSYoungGen: 313901K->208384K(465920K)] 559145K->530164K(1864192K), 0.0583958 secs] [Times: user=0.35 sys=0.00, real=0.06 secs] 
6089.582: [GC (Allocation Failure) [PSYoungGen: 441344K->86240K(465920K)] 763124K->582900K(1864192K), 0.1168335 secs] [Times: user=0.69 sys=0.01, real=0.12 secs] 
6091.080: [GC (Allocation Failure) [PSYoungGen: 319200K->158240K(465920K)] 815860K->734149K(1864192K), 0.0596044 secs] [Times: user=0.35 sys=0.00, real=0.06 secs] 
6093.548: [GC (Allocation Failure) [PSYoungGen: 386411K->93632K(465920K)] 962320K->827693K(1864192K), 0.1062463 secs] [Times: user=0.63 sys=0.00, real=0.11 secs] 
6094.783: [GC (Allocation Failure) [PSYoungGen: 326592K->150496K(465920K)] 1060653K->971194K(1864192K), 0.0607842 secs] [Times: user=0.36 sys=0.00, real=0.06 secs] 
6096.857: [GC (Allocation Failure) [PSYoungGen: 383456K->118880K(465920K)] 1204154K->1090202K(1864192K), 0.0914807 secs] [Times: user=0.54 sys=0.00, real=0.09 secs] 
6098.715: [GC (Allocation Failure) [PSYoungGen: 351840K->137312K(458752K)] 1323162K->1209046K(1857024K), 0.0615424 secs] [Times: user=0.37 sys=0.00, real=0.06 secs] 
6101.279: [GC (Allocation Failure) [PSYoungGen: 370272K->124512K(462336K)] 1442006K->1333454K(1860608K), 0.0738184 secs] [Times: user=0.44 sys=0.00, real=0.08 secs] 
6101.353: [Full GC (Ergonomics) [PSYoungGen: 124512K->0K(462336K)] [ParOldGen: 1208942K->138531K(1398272K)] 1333454K->138531K(1860608K), [Metaspace: 59711K->59711K(1105920K)], 0.3232514 secs] [Times: user=1.50 sys=0.00, real=0.32 secs] 
6102.773: [GC (Allocation Failure) [PSYoungGen: 232960K->123552K(458240K)] 371491K->262083K(1856512K), 0.0423367 secs] [Times: user=0.24 sys=0.01, real=0.05 secs] 
6105.166: [GC (Allocation Failure) [PSYoungGen: 373408K->155936K(460800K)] 511939K->418003K(1859072K), 0.0621500 secs] [Times: user=0.37 sys=0.00, real=0.06 secs] 
6106.445: [GC (Allocation Failure) [PSYoungGen: 405792K->23232K(465920K)] 667859K->285339K(1864192K), 0.0056110 secs] [Times: user=0.03 sys=0.00, real=0.00 secs] 
6107.283: [GC (Allocation Failure) [PSYoungGen: 275648K->180192K(432640K)] 537755K->463168K(1830912K), 0.0420642 secs] [Times: user=0.25 sys=0.00, real=0.04 secs] 
6109.800: [GC (Allocation Failure) [PSYoungGen: 432608K->102048K(470528K)] 715584K->564924K(1868800K), 0.1664196 secs] [Times: user=0.99 sys=0.00, real=0.17 secs] 
6110.517: [GC (Allocation Failure) [PSYoungGen: 339616K->213152K(465920K)] 802492K->771753K(1864192K), 0.0699354 secs] [Times: user=0.41 sys=0.00, real=0.07 secs] 
6113.942: [GC (Allocation Failure) [PSYoungGen: 450720K->88832K(465920K)] 1009321K->827657K(1864192K), 0.1112501 secs] [Times: user=0.67 sys=0.00, real=0.12 secs] 
6115.257: [GC (Allocation Failure) [PSYoungGen: 321792K->154944K(465920K)] 1060617K->976062K(1864192K), 0.0633743 secs] [Times: user=0.34 sys=0.00, real=0.06 secs] 
6117.820: [GC (Allocation Failure) [PSYoungGen: 383867K->93184K(465920K)] 1204985K->1069422K(1864192K), 0.1011446 secs] [Times: user=0.61 sys=0.00, real=0.10 secs] 
6119.066: [GC (Allocation Failure) [PSYoungGen: 326144K->150912K(465920K)] 1302382K->1213714K(1864192K), 0.0614568 secs] [Times: user=0.37 sys=0.00, real=0.06 secs] 
6120.463: [GC (Allocation Failure) [PSYoungGen: 383872K->115168K(457728K)] 1446674K->1328714K(1856000K), 0.0832523 secs] [Times: user=0.50 sys=0.00, real=0.08 secs] 
6120.547: [Full GC (Ergonomics) [PSYoungGen: 115168K->0K(457728K)] [ParOldGen: 1213546K->129662K(1398272K)] 1328714K->129662K(1856000K), [Metaspace: 59711K->59711K(1105920K)], 0.2930664 secs] [Times: user=1.34 sys=0.00, real=0.29 secs] 
6121.937: [GC (Allocation Failure) [PSYoungGen: 232960K->133408K(461824K)] 362622K->263070K(1860096K), 0.0488288 secs] [Times: user=0.29 sys=0.00, real=0.05 secs] 
6124.032: [GC (Allocation Failure) [PSYoungGen: 366368K->128864K(455168K)] 496030K->392102K(1853440K), 0.0695364 secs] [Times: user=0.41 sys=0.00, real=0.07 secs] 
6126.184: [GC (Allocation Failure) [PSYoungGen: 377696K->3488K(460800K)] 640934K->266806K(1859072K), 0.0020819 secs] [Times: user=0.01 sys=0.00, real=0.00 secs] 
6128.901: [GC (Allocation Failure) [PSYoungGen: 252320K->167424K(457728K)] 515638K->432195K(1856000K), 0.0329787 secs] [Times: user=0.19 sys=0.00, real=0.04 secs] 
6130.064: [GC (Allocation Failure) [PSYoungGen: 400384K->97888K(465920K)] 665155K->520827K(1864192K), 0.0691708 secs] [Times: user=0.40 sys=0.00, real=0.07 secs] 
6131.678: [GC (Allocation Failure) [PSYoungGen: 324789K->165888K(459776K)] 747729K->684080K(1858048K), 0.0512977 secs] [Times: user=0.30 sys=0.00, real=0.05 secs] 
6133.713: [GC (Allocation Failure) [PSYoungGen: 399872K->92512K(466432K)] 918064K->768240K(1864704K), 0.0682857 secs] [Times: user=0.40 sys=0.00, real=0.07 secs] 
6135.095: [GC (Allocation Failure) [PSYoungGen: 326496K->171264K(459776K)] 1002224K->935857K(1858048K), 0.0498263 secs] [Times: user=0.30 sys=0.00, real=0.05 secs] 
6137.736: [GC (Allocation Failure) [PSYoungGen: 404224K->87168K(465920K)] 1168817K->1022729K(1864192K), 0.1725001 secs] [Times: user=1.02 sys=0.00, real=0.17 secs] 
6138.591: [GC (Allocation Failure) [PSYoungGen: 320128K->171200K(463872K)] 1255689K->1190461K(1862144K), 0.0786041 secs] [Times: user=0.46 sys=0.00, real=0.08 secs] 
6141.819: [GC (Allocation Failure) [PSYoungGen: 404160K->84192K(465920K)] 1423421K->1274829K(1864192K), 0.1407887 secs] [Times: user=0.83 sys=0.01, real=0.14 secs] 
6141.959: [Full GC (Ergonomics) [PSYoungGen: 84192K->0K(465920K)] [ParOldGen: 1190637K->72061K(1398272K)] 1274829K->72061K(1864192K), [Metaspace: 59711K->59711K(1105920K)], 0.1837182 secs] [Times: user=0.84 sys=0.00, real=0.19 secs] 
6142.631: [GC (Allocation Failure) [PSYoungGen: 232960K->175264K(465920K)] 305021K->247325K(1864192K), 0.0383158 secs] [Times: user=0.22 sys=0.01, real=0.04 secs] 
6145.446: [GC (Allocation Failure) [PSYoungGen: 408224K->83296K(465920K)] 480285K->330545K(1864192K), 0.1279657 secs] [Times: user=0.76 sys=0.00, real=0.13 secs] 
6147.052: [GC (Allocation Failure) [PSYoungGen: 316256K->172096K(465920K)] 563505K->497098K(1864192K), 0.1370967 secs] [Times: user=0.82 sys=0.00, real=0.14 secs] 
6149.698: [GC (Allocation Failure) [PSYoungGen: 405056K->89280K(465920K)] 730058K->586250K(1864192K), 0.1039045 secs] [Times: user=0.62 sys=0.00, real=0.10 secs] 
6150.903: [GC (Allocation Failure) [PSYoungGen: 322240K->155744K(465920K)] 819210K->735714K(1864192K), 0.0608744 secs] [Times: user=0.36 sys=0.00, real=0.06 secs] 
6152.628: [GC (Allocation Failure) [PSYoungGen: 388704K->102816K(465920K)] 968674K->838659K(1864192K), 0.0887698 secs] [Times: user=0.53 sys=0.00, real=0.09 secs] 
6154.157: [GC (Allocation Failure) [PSYoungGen: 335776K->145536K(459776K)] 1071619K->973611K(1858048K), 0.0607860 secs] [Times: user=0.36 sys=0.00, real=0.06 secs] 
6156.989: [GC (Allocation Failure) [PSYoungGen: 378496K->115008K(462848K)] 1206571K->1088443K(1861120K), 0.0879440 secs] [Times: user=0.52 sys=0.00, real=0.09 secs] 
6158.194: [GC (Allocation Failure) [PSYoungGen: 347968K->132768K(460800K)] 1321403K->1211120K(1859072K), 0.0621311 secs] [Times: user=0.36 sys=0.00, real=0.06 secs] 
6160.078: [GC (Allocation Failure) [PSYoungGen: 380064K->145600K(462336K)] 1458416K->1356464K(1860608K), 0.0634181 secs] [Times: user=0.37 sys=0.00, real=0.06 secs] 
6160.142: [Full GC (Ergonomics) [PSYoungGen: 145600K->0K(462336K)] [ParOldGen: 1210864K->160043K(1398272K)] 1356464K->160043K(1860608K), [Metaspace: 59711K->59711K(1105920K)], 0.3786200 secs] [Times: user=1.74 sys=0.00, real=0.38 secs] 
6162.828: [GC (Allocation Failure) [PSYoungGen: 247296K->111840K(473088K)] 407339K->271883K(1871360K), 0.0392016 secs] [Times: user=0.23 sys=0.00, real=0.04 secs] 
6164.649: [GC (Allocation Failure) [PSYoungGen: 382688K->186720K(457728K)] 542731K->456788K(1856000K), 0.0611747 secs] [Times: user=0.36 sys=0.00, real=0.06 secs] 
6166.583: [GC (Allocation Failure) [PSYoungGen: 457568K->121856K(484352K)] 727636K->577964K(1882624K), 0.1248824 secs] [Times: user=0.71 sys=0.00, real=0.12 secs] 
6168.403: [GC (Allocation Failure) [PSYoungGen: 384512K->166528K(477184K)] 840620K->738345K(1875456K), 0.0698063 secs] [Times: user=0.41 sys=0.00, real=0.07 secs] 
6170.866: [GC (Allocation Failure) [PSYoungGen: 429184K->135232K(472576K)] 1001001K->873217K(1870848K), 0.0722598 secs] [Times: user=0.43 sys=0.00, real=0.07 secs] 
6172.090: [GC (Allocation Failure) [PSYoungGen: 400448K->10880K(276480K)] 1138433K->748913K(1674752K), 0.0046123 secs] [Times: user=0.02 sys=0.01, real=0.01 secs] 
6174.667: [GC (Allocation Failure) [PSYoungGen: 276096K->184448K(457216K)] 1014129K->930669K(1855488K), 0.0406559 secs] [Times: user=0.24 sys=0.00, real=0.04 secs] 
6176.998: [GC (Allocation Failure) [PSYoungGen: 417408K->88992K(465920K)] 1163629K->1019233K(1864192K), 0.1812083 secs] [Times: user=1.08 sys=0.00, real=0.18 secs] 
6178.758: [GC (Allocation Failure) [PSYoungGen: 321952K->166176K(465920K)] 1252193K->1181198K(1864192K), 0.0563889 secs] [Times: user=0.33 sys=0.00, real=0.06 secs] 
6181.237: [GC (Allocation Failure) [PSYoungGen: 399136K->87744K(465920K)] 1414158K->1268526K(1864192K), 0.1729732 secs] [Times: user=1.03 sys=0.01, real=0.17 secs] 
6181.410: [Full GC (Ergonomics) [PSYoungGen: 87744K->0K(465920K)] [ParOldGen: 1180782K->68472K(1398272K)] 1268526K->68472K(1864192K), [Metaspace: 59711K->59711K(1105920K)], 0.1810335 secs] [Times: user=0.84 sys=0.00, real=0.18 secs] 
6182.220: [GC (Allocation Failure) [PSYoungGen: 232960K->174912K(465920K)] 301432K->243384K(1864192K), 0.0621656 secs] [Times: user=0.37 sys=0.00, real=0.06 secs] 
6184.717: [GC (Allocation Failure) [PSYoungGen: 407872K->87136K(465920K)] 476344K->330780K(1864192K), 0.1416373 secs] [Times: user=0.85 sys=0.00, real=0.14 secs] 
6185.592: [GC (Allocation Failure) [PSYoungGen: 320096K->205312K(465920K)] 563740K->530104K(1864192K), 0.0746513 secs] [Times: user=0.45 sys=0.00, real=0.08 secs] 
6188.187: [GC (Allocation Failure) [PSYoungGen: 438272K->83072K(465920K)] 763064K->580408K(1864192K), 0.1113869 secs] [Times: user=0.66 sys=0.00, real=0.11 secs] 
6190.451: [GC (Allocation Failure) [PSYoungGen: 316032K->161312K(465920K)] 813368K->734676K(1864192K), 0.0595608 secs] [Times: user=0.35 sys=0.00, real=0.06 secs] 
6193.248: [GC (Allocation Failure) [PSYoungGen: 393560K->93216K(465920K)] 966924K->828124K(1864192K), 0.1068050 secs] [Times: user=0.63 sys=0.00, real=0.11 secs] 
6194.497: [GC (Allocation Failure) [PSYoungGen: 326176K->151296K(465920K)] 1061084K->972824K(1864192K), 0.0603112 secs] [Times: user=0.36 sys=0.00, real=0.06 secs] 
6196.117: [GC (Allocation Failure) [PSYoungGen: 384256K->108832K(465920K)] 1205784K->1081512K(1864192K), 0.0902017 secs] [Times: user=0.54 sys=0.00, real=0.09 secs] 
6198.131: [GC (Allocation Failure) [PSYoungGen: 341792K->139200K(458752K)] 1314472K->1209721K(1857024K), 0.0609399 secs] [Times: user=0.37 sys=0.00, real=0.06 secs] 
6200.058: [GC (Allocation Failure) [PSYoungGen: 372160K->123328K(462336K)] 1442681K->1333245K(1860608K), 0.0759105 secs] [Times: user=0.46 sys=0.00, real=0.08 secs] 
6200.134: [Full GC (Ergonomics) [PSYoungGen: 123328K->0K(462336K)] [ParOldGen: 1209917K->137917K(1398272K)] 1333245K->137917K(1860608K), [Metaspace: 59711K->59711K(1105920K)], 0.3162064 secs] [Times: user=1.45 sys=0.00, real=0.31 secs] 
6201.540: [GC (Allocation Failure) [PSYoungGen: 232960K->125280K(457728K)] 370877K->263197K(1856000K), 0.0429874 secs] [Times: user=0.26 sys=0.00, real=0.05 secs] 
6202.531: [GC (Allocation Failure) [PSYoungGen: 374624K->160896K(460800K)] 512541K->424333K(1859072K), 0.0639478 secs] [Times: user=0.38 sys=0.00, real=0.07 secs] 
6203.796: [GC (Allocation Failure) [PSYoungGen: 410240K->24736K(463872K)] 673677K->288261K(1862144K), 0.0056783 secs] [Times: user=0.04 sys=0.00, real=0.00 secs] 
6205.695: [GC (Allocation Failure) [PSYoungGen: 273056K->178976K(427520K)] 536581K->464822K(1825792K), 0.0426881 secs] [Times: user=0.25 sys=0.00, real=0.04 secs] 
6209.148: [GC (Allocation Failure) [PSYoungGen: 427296K->90944K(467456K)] 713142K->555790K(1865728K), 0.1706954 secs] [Times: user=1.01 sys=0.01, real=0.17 secs] 
6209.728: [GC (Allocation Failure) [PSYoungGen: 325440K->228608K(465920K)] 790286K->777845K(1864192K), 0.0599583 secs] [Times: user=0.36 sys=0.00, real=0.06 secs] 
6213.204: [GC (Allocation Failure) [PSYoungGen: 463104K->83840K(465920K)] 1012341K->812581K(1864192K), 0.1250608 secs] [Times: user=0.74 sys=0.00, real=0.12 secs] 
6213.897: [GC (Allocation Failure) [PSYoungGen: 315677K->206816K(465920K)] 1044419K->1013098K(1864192K), 0.0616770 secs] [Times: user=0.37 sys=0.00, real=0.06 secs] 
6215.317: [GC (Allocation Failure) [PSYoungGen: 439776K->93376K(465920K)] 1246058K->1071610K(1864192K), 0.0926145 secs] [Times: user=0.55 sys=0.00, real=0.09 secs] 
6216.513: [GC (Allocation Failure) [PSYoungGen: 326336K->151520K(465920K)] 1304570K->1216330K(1864192K), 0.0606689 secs] [Times: user=0.36 sys=0.00, real=0.06 secs] 
6218.560: [GC (Allocation Failure) [PSYoungGen: 384480K->109984K(465920K)] 1449290K->1326043K(1864192K), 0.0844788 secs] [Times: user=0.50 sys=0.00, real=0.09 secs] 
6218.645: [Full GC (Ergonomics) [PSYoungGen: 109984K->0K(465920K)] [ParOldGen: 1216058K->124555K(1398272K)] 1326043K->124555K(1864192K), [Metaspace: 59714K->59714K(1105920K)], 0.2826368 secs] [Times: user=1.29 sys=0.01, real=0.28 secs] 
6220.063: [GC (Allocation Failure) [PSYoungGen: 232960K->138112K(465920K)] 357515K->262667K(1864192K), 0.0483392 secs] [Times: user=0.28 sys=0.00, real=0.05 secs] 
6222.243: [GC (Allocation Failure) [PSYoungGen: 371072K->132544K(461824K)] 495627K->395035K(1860096K), 0.0844791 secs] [Times: user=0.51 sys=0.00, real=0.09 secs] 
6223.521: [GC (Allocation Failure) [PSYoungGen: 365504K->123616K(356864K)] 627995K->499910K(1755136K), 0.0618555 secs] [Times: user=0.37 sys=0.00, real=0.06 secs] 
6225.655: [GC (Allocation Failure) [PSYoungGen: 356576K->139648K(466944K)] 732870K->639726K(1865216K), 0.0617751 secs] [Times: user=0.36 sys=0.00, real=0.06 secs] 
6226.836: [GC (Allocation Failure) [PSYoungGen: 384384K->8608K(461312K)] 884462K->508766K(1859584K), 0.0032815 secs] [Times: user=0.02 sys=0.00, real=0.00 secs] 
6227.551: [GC (Allocation Failure) [PSYoungGen: 250784K->175584K(461824K)] 750942K->682735K(1860096K), 0.0357586 secs] [Times: user=0.21 sys=0.00, real=0.04 secs] 
6229.053: [GC (Allocation Failure) [PSYoungGen: 408544K->95424K(465920K)] 915695K->769695K(1864192K), 0.0739981 secs] [Times: user=0.44 sys=0.00, real=0.07 secs] 
6230.835: [GC (Allocation Failure) [PSYoungGen: 328384K->167104K(465408K)] 1002655K->933620K(1863680K), 0.0503686 secs] [Times: user=0.30 sys=0.00, real=0.05 secs] 
6233.285: [GC (Allocation Failure) [PSYoungGen: 400064K->87552K(465920K)] 1166580K->1020556K(1864192K), 0.1477091 secs] [Times: user=0.87 sys=0.01, real=0.15 secs] 
6234.424: [GC (Allocation Failure) [PSYoungGen: 320512K->172000K(465920K)] 1253516K->1188261K(1864192K), 0.0550888 secs] [Times: user=0.33 sys=0.00, real=0.05 secs] 
6236.879: [GC (Allocation Failure) [PSYoungGen: 404960K->82720K(465920K)] 1421221K->1270941K(1864192K), 0.1727727 secs] [Times: user=1.03 sys=0.01, real=0.17 secs] 
6237.052: [Full GC (Ergonomics) [PSYoungGen: 82720K->0K(465920K)] [ParOldGen: 1188221K->70123K(1398272K)] 1270941K->70123K(1864192K), [Metaspace: 59714K->59714K(1105920K)], 0.1822309 secs] [Times: user=0.84 sys=0.00, real=0.19 secs] 
6237.690: [GC (Allocation Failure) [PSYoungGen: 232960K->179008K(465920K)] 303083K->249131K(1864192K), 0.0381583 secs] [Times: user=0.23 sys=0.00, real=0.04 secs] 
6239.814: [GC (Allocation Failure) [PSYoungGen: 411968K->89440K(465920K)] 482091K->338775K(1864192K), 0.1340924 secs] [Times: user=0.80 sys=0.00, real=0.13 secs] 
6240.514: [GC (Allocation Failure) [PSYoungGen: 319940K->201760K(465920K)] 569275K->534198K(1864192K), 0.0624163 secs] [Times: user=0.36 sys=0.01, real=0.06 secs] 
6242.433: [GC (Allocation Failure) [PSYoungGen: 433241K->92896K(465920K)] 765680K->591694K(1864192K), 0.1033540 secs] [Times: user=0.62 sys=0.00, real=0.11 secs] 
6243.973: [GC (Allocation Failure) [PSYoungGen: 325856K->151200K(465920K)] 824654K->736585K(1864192K), 0.0601286 secs] [Times: user=0.35 sys=0.00, real=0.07 secs] 
6246.670: [GC (Allocation Failure) [PSYoungGen: 384160K->110624K(465920K)] 969545K->847346K(1864192K), 0.0970579 secs] [Times: user=0.57 sys=0.00, real=0.10 secs] 
6248.330: [GC (Allocation Failure) [PSYoungGen: 343584K->145792K(465920K)] 1080306K->974490K(1864192K), 0.0610250 secs] [Times: user=0.36 sys=0.00, real=0.06 secs] 
6250.930: [GC (Allocation Failure) [PSYoungGen: 378752K->115840K(349184K)] 1207450K->1089754K(1747456K), 0.0868241 secs] [Times: user=0.52 sys=0.00, real=0.09 secs] 
6252.132: [GC (Allocation Failure) [PSYoungGen: 348800K->132512K(468992K)] 1322714K->1211975K(1867264K), 0.0618075 secs] [Times: user=0.36 sys=0.00, real=0.07 secs] 
6254.046: [GC (Allocation Failure) [PSYoungGen: 374176K->149920K(460288K)] 1453639K->1361551K(1858560K), 0.0616667 secs] [Times: user=0.36 sys=0.00, real=0.06 secs] 
6254.108: [Full GC (Ergonomics) [PSYoungGen: 149920K->0K(460288K)] [ParOldGen: 1211631K->156777K(1398272K)] 1361551K->156777K(1858560K), [Metaspace: 59714K->59714K(1105920K)], 0.3683914 secs] [Times: user=1.70 sys=0.00, real=0.37 secs] 
6256.106: [GC (Allocation Failure) [PSYoungGen: 241664K->111936K(474624K)] 398441K->268713K(1872896K), 0.0395410 secs] [Times: user=0.23 sys=0.00, real=0.04 secs] 
6257.827: [GC (Allocation Failure) [PSYoungGen: 367025K->178720K(470528K)] 523802K->445864K(1868800K), 0.0594480 secs] [Times: user=0.36 sys=0.00, real=0.06 secs] 
6261.232: [GC (Allocation Failure) [PSYoungGen: 437280K->107360K(480768K)] 704424K->544588K(1879040K), 0.1622361 secs] [Times: user=0.97 sys=0.00, real=0.17 secs] 
6262.736: [GC (Allocation Failure) [PSYoungGen: 365920K->187104K(445952K)] 803148K->727845K(1844224K), 0.0937180 secs] [Times: user=0.56 sys=0.01, real=0.09 secs] 
6264.942: [GC (Allocation Failure) [PSYoungGen: 445664K->106272K(473088K)] 986405K->834333K(1871360K), 0.1321951 secs] [Times: user=0.78 sys=0.00, real=0.14 secs] 
6266.210: [GC (Allocation Failure) [PSYoungGen: 349472K->150944K(394240K)] 1077533K->978186K(1792512K), 0.0645035 secs] [Times: user=0.38 sys=0.00, real=0.07 secs] 
6267.776: [GC (Allocation Failure) [PSYoungGen: 394144K->130432K(474624K)] 1221386K->1108554K(1872896K), 0.0721501 secs] [Times: user=0.43 sys=0.00, real=0.07 secs] 
6269.072: [GC (Allocation Failure) [PSYoungGen: 381824K->3488K(466432K)] 1359946K->981702K(1864704K), 0.0025457 secs] [Times: user=0.01 sys=0.00, real=0.01 secs] 
6271.647: [GC (Allocation Failure) [PSYoungGen: 254880K->173728K(462848K)] 1233094K->1153354K(1861120K), 0.0344672 secs] [Times: user=0.20 sys=0.00, real=0.03 secs] 
6272.820: [GC (Allocation Failure) [PSYoungGen: 406688K->97856K(465920K)] 1386314K->1242154K(1864192K), 0.0728208 secs] [Times: user=0.44 sys=0.00, real=0.08 secs] 
6272.893: [Full GC (Ergonomics) [PSYoungGen: 97856K->0K(465920K)] [ParOldGen: 1144298K->39882K(1398272K)] 1242154K->39882K(1864192K), [Metaspace: 59714K->59714K(1105920K)], 0.0773349 secs] [Times: user=0.29 sys=0.00, real=0.07 secs] 
6275.287: [GC (Allocation Failure) [PSYoungGen: 225093K->159680K(464896K)] 264975K->199562K(1863168K), 0.0308003 secs] [Times: user=0.18 sys=0.00, real=0.03 secs] 
6276.775: [GC (Allocation Failure) [PSYoungGen: 392640K->93600K(326656K)] 432522K->284674K(1724928K), 0.0893529 secs] [Times: user=0.53 sys=0.01, real=0.09 secs] 
6278.257: [GC (Allocation Failure) [PSYoungGen: 326560K->167040K(459776K)] 517634K->448487K(1858048K), 0.0494603 secs] [Times: user=0.29 sys=0.00, real=0.05 secs] 
6280.684: [GC (Allocation Failure) [PSYoungGen: 397440K->86144K(463360K)] 678887K->534435K(1861632K), 0.1585206 secs] [Times: user=0.94 sys=0.00, real=0.15 secs] 
6281.941: [GC (Allocation Failure) [PSYoungGen: 316544K->167136K(464384K)] 764835K->697736K(1862656K), 0.0537117 secs] [Times: user=0.32 sys=0.00, real=0.06 secs] 
6284.845: [GC (Allocation Failure) [PSYoungGen: 397527K->82944K(465920K)] 928127K->780548K(1864192K), 0.1782070 secs] [Times: user=1.07 sys=0.00, real=0.18 secs] 
6285.654: [GC (Allocation Failure) [PSYoungGen: 315904K->174048K(465920K)] 1013508K->950689K(1864192K), 0.0557374 secs] [Times: user=0.34 sys=0.00, real=0.05 secs] 
6289.134: [GC (Allocation Failure) [PSYoungGen: 407008K->79072K(465920K)] 1183649K->1029921K(1864192K), 0.1508113 secs] [Times: user=0.90 sys=0.01, real=0.15 secs] 
6289.973: [GC (Allocation Failure) [PSYoungGen: 312032K->179008K(465920K)] 1262881K->1202041K(1864192K), 0.0592263 secs] [Times: user=0.30 sys=0.00, real=0.05 secs] 
6293.699: [GC (Allocation Failure) [PSYoungGen: 411968K->78304K(465920K)] 1435001K->1280498K(1864192K), 0.1511002 secs] [Times: user=0.90 sys=0.00, real=0.15 secs] 
6293.851: [Full GC (Ergonomics) [PSYoungGen: 78304K->0K(465920K)] [ParOldGen: 1202193K->86298K(1398272K)] 1280498K->86298K(1864192K), [Metaspace: 59714K->59714K(1105920K)], 0.2229308 secs] [Times: user=1.04 sys=0.00, real=0.23 secs] 
6294.617: [GC (Allocation Failure) [PSYoungGen: 232230K->207872K(465920K)] 318528K->294170K(1864192K), 0.0398693 secs] [Times: user=0.23 sys=0.00, real=0.04 secs] 
6295.762: [GC (Allocation Failure) [PSYoungGen: 440832K->93120K(465920K)] 527130K->352378K(1864192K), 0.0825530 secs] [Times: user=0.49 sys=0.00, real=0.09 secs] 
6299.763: [GC (Allocation Failure) [PSYoungGen: 326080K->150720K(465920K)] 585338K->496503K(1864192K), 0.0601511 secs] [Times: user=0.36 sys=0.01, real=0.06 secs] 
6303.074: [GC (Allocation Failure) [PSYoungGen: 380292K->92832K(465920K)] 726075K->589439K(1864192K), 0.0999199 secs] [Times: user=0.59 sys=0.00, real=0.10 secs] 
6304.297: [GC (Allocation Failure) [PSYoungGen: 325792K->150848K(465920K)] 822399K->734146K(1864192K), 0.0603692 secs] [Times: user=0.36 sys=0.00, real=0.06 secs] 
6305.846: [GC (Allocation Failure) [PSYoungGen: 383808K->111264K(465920K)] 967106K->845618K(1864192K), 0.0891239 secs] [Times: user=0.53 sys=0.00, real=0.09 secs] 
6307.706: [GC (Allocation Failure) [PSYoungGen: 344224K->136672K(455680K)] 1078578K->972007K(1853952K), 0.0613026 secs] [Times: user=0.37 sys=0.00, real=0.06 secs] 
6308.582: [GC (Allocation Failure) [PSYoungGen: 369632K->133024K(460800K)] 1204967K->1105207K(1859072K), 0.0591293 secs] [Times: user=0.35 sys=0.00, real=0.06 secs] 
6309.799: [GC (Allocation Failure) [PSYoungGen: 365984K->2304K(454656K)] 1338167K->974591K(1852928K), 0.0022974 secs] [Times: user=0.01 sys=0.00, real=0.00 secs] 
6312.349: [GC (Allocation Failure) [PSYoungGen: 237312K->148000K(383488K)] 1209599K->1121380K(1781760K), 0.0298998 secs] [Times: user=0.18 sys=0.00, real=0.03 secs] 
6314.017: [GC (Allocation Failure) [PSYoungGen: 383008K->104736K(475136K)] 1356388K->1216796K(1873408K), 0.0828979 secs] [Times: user=0.49 sys=0.00, real=0.08 secs] 
6315.561: [GC (Allocation Failure) [PSYoungGen: 347424K->172832K(415744K)] 1459484K->1387488K(1814016K), 0.0549244 secs] [Times: user=0.33 sys=0.00, real=0.06 secs] 
6315.616: [Full GC (Ergonomics) [PSYoungGen: 172832K->0K(415744K)] [ParOldGen: 1214656K->191229K(1398272K)] 1387488K->191229K(1814016K), [Metaspace: 59714K->59714K(1105920K)], 0.4577205 secs] [Times: user=2.14 sys=0.00, real=0.46 secs] 
6317.581: [GC (Allocation Failure) [PSYoungGen: 242688K->101120K(472576K)] 433917K->292349K(1870848K), 0.0501593 secs] [Times: user=0.29 sys=0.00, real=0.05 secs] 
6319.390: [GC (Allocation Failure) [PSYoungGen: 340736K->172736K(465920K)] 531965K->461262K(1864192K), 0.0532569 secs] [Times: user=0.31 sys=0.00, real=0.05 secs] 
6321.846: [GC (Allocation Failure) [PSYoungGen: 412352K->90976K(468992K)] 700878K->551934K(1867264K), 0.1073449 secs] [Times: user=0.64 sys=0.00, real=0.11 secs] 
6322.352: [GC (Allocation Failure) [PSYoungGen: 327008K->177088K(465920K)] 787966K->723211K(1864192K), 0.0581639 secs] [Times: user=0.35 sys=0.00, real=0.06 secs] 
6325.317: [GC (Allocation Failure) [PSYoungGen: 413120K->89536K(465920K)] 959243K->812571K(1864192K), 0.1439173 secs] [Times: user=0.86 sys=0.01, real=0.14 secs] 
6326.551: [GC (Allocation Failure) [PSYoungGen: 322496K->186336K(465920K)] 1045531K->993008K(1864192K), 0.1331214 secs] [Times: user=0.79 sys=0.01, real=0.14 secs] 
6328.600: [GC (Allocation Failure) [PSYoungGen: 419296K->86624K(465920K)] 1225968K->1062696K(1864192K), 0.1080812 secs] [Times: user=0.64 sys=0.00, real=0.11 secs] 
6330.373: [GC (Allocation Failure) [PSYoungGen: 319584K->157312K(465920K)] 1295656K->1213365K(1864192K), 0.0609670 secs] [Times: user=0.36 sys=0.00, real=0.06 secs] 
6332.736: [GC (Allocation Failure) [PSYoungGen: 390272K->100224K(465920K)] 1446325K->1313629K(1864192K), 0.1046153 secs] [Times: user=0.62 sys=0.00, real=0.10 secs] 
6332.841: [Full GC (Ergonomics) [PSYoungGen: 100224K->0K(465920K)] [ParOldGen: 1213405K->115304K(1398272K)] 1313629K->115304K(1864192K), [Metaspace: 59714K->59714K(1105920K)], 0.2657682 secs] [Times: user=1.21 sys=0.00, real=0.27 secs] 
6334.217: [GC (Allocation Failure) [PSYoungGen: 232960K->147744K(465920K)] 348264K->263048K(1864192K), 0.0539638 secs] [Times: user=0.33 sys=0.00, real=0.05 secs] 
6336.228: [GC (Allocation Failure) [PSYoungGen: 380704K->118240K(448512K)] 496008K->381560K(1846784K), 0.0934130 secs] [Times: user=0.56 sys=0.00, real=0.09 secs] 
6337.490: [GC (Allocation Failure) [PSYoungGen: 351200K->129952K(457216K)] 614520K->501305K(1855488K), 0.0614140 secs] [Times: user=0.37 sys=0.00, real=0.06 secs] 
6339.069: [GC (Allocation Failure) [PSYoungGen: 362912K->136576K(463360K)] 734265K->637629K(1861632K), 0.0644789 secs] [Times: user=0.38 sys=0.00, real=0.07 secs] 
6340.510: [GC (Allocation Failure) [PSYoungGen: 395648K->13728K(468992K)] 896701K->514857K(1867264K), 0.0040665 secs] [Times: user=0.02 sys=0.00, real=0.01 secs] 
6342.881: [GC (Allocation Failure) [PSYoungGen: 260972K->170592K(458752K)] 762101K->683458K(1857024K), 0.0365326 secs] [Times: user=0.21 sys=0.00, real=0.04 secs] 
6344.014: [GC (Allocation Failure) [PSYoungGen: 407648K->103520K(467968K)] 920514K->778466K(1866240K), 0.0732111 secs] [Times: user=0.43 sys=0.01, real=0.07 secs] 
6345.628: [GC (Allocation Failure) [PSYoungGen: 340576K->173664K(456192K)] 1015522K->947787K(1854464K), 0.0533537 secs] [Times: user=0.31 sys=0.00, real=0.05 secs] 
6347.643: [GC (Allocation Failure) [PSYoungGen: 406624K->84928K(465920K)] 1180747K->1032563K(1864192K), 0.1623831 secs] [Times: user=0.96 sys=0.01, real=0.16 secs] 
6349.433: [GC (Allocation Failure) [PSYoungGen: 317888K->185184K(461824K)] 1265523K->1212104K(1860096K), 0.1204297 secs] [Times: user=0.72 sys=0.00, real=0.12 secs] 
6352.821: [GC (Allocation Failure) [PSYoungGen: 418144K->81440K(465920K)] 1445064K->1276700K(1864192K), 0.1700350 secs] [Times: user=1.01 sys=0.00, real=0.17 secs] 
6352.991: [Full GC (Ergonomics) [PSYoungGen: 81440K->0K(465920K)] [ParOldGen: 1195260K->75665K(1398272K)] 1276700K->75665K(1864192K), [Metaspace: 59714K->59714K(1105920K)], 0.2011687 secs] [Times: user=0.95 sys=0.00, real=0.20 secs] 
6353.458: [GC (Allocation Failure) [PSYoungGen: 232960K->177536K(465920K)] 308625K->253201K(1864192K), 0.0373591 secs] [Times: user=0.23 sys=0.00, real=0.04 secs] 
6356.601: [GC (Allocation Failure) [PSYoungGen: 410496K->85504K(465920K)] 486161K->338481K(1864192K), 0.1320005 secs] [Times: user=0.78 sys=0.00, real=0.13 secs] 
6357.744: [GC (Allocation Failure) [PSYoungGen: 316907K->203648K(465920K)] 569885K->535742K(1864192K), 0.0673060 secs] [Times: user=0.40 sys=0.00, real=0.06 secs] 
6359.435: [GC (Allocation Failure) [PSYoungGen: 434566K->93152K(465920K)] 766661K->591998K(1864192K), 0.1080615 secs] [Times: user=0.64 sys=0.00, real=0.11 secs] 
6360.828: [GC (Allocation Failure) [PSYoungGen: 326112K->151008K(465920K)] 824958K->736439K(1864192K), 0.0604307 secs] [Times: user=0.36 sys=0.00, real=0.06 secs] 
6361.815: [GC (Allocation Failure) [PSYoungGen: 383968K->111264K(465920K)] 969399K->847935K(1864192K), 0.0774710 secs] [Times: user=0.46 sys=0.00, real=0.07 secs] 
6363.840: [GC (Allocation Failure) [PSYoungGen: 344224K->136960K(465920K)] 1080895K->974138K(1864192K), 0.0614254 secs] [Times: user=0.37 sys=0.00, real=0.06 secs] 
6364.387: [GC (Allocation Failure) [PSYoungGen: 369920K->133824K(367104K)] 1207098K->1108154K(1765376K), 0.0605424 secs] [Times: user=0.36 sys=0.00, real=0.06 secs] 
6366.068: [GC (Allocation Failure) [PSYoungGen: 366784K->1792K(448512K)] 1341114K->976170K(1846784K), 0.0025623 secs] [Times: user=0.02 sys=0.01, real=0.00 secs] 
6367.713: [GC (Allocation Failure) [PSYoungGen: 226048K->141056K(457216K)] 1200426K->1116227K(1855488K), 0.0288138 secs] [Times: user=0.17 sys=0.00, real=0.02 secs] 
6369.282: [GC (Allocation Failure) [PSYoungGen: 365312K->2080K(465920K)] 1340483K->977347K(1864192K), 0.0025527 secs] [Times: user=0.01 sys=0.00, real=0.01 secs] 
6370.485: [GC (Allocation Failure) [PSYoungGen: 235040K->152640K(465920K)] 1210307K->1129081K(1864192K), 0.0305294 secs] [Times: user=0.18 sys=0.00, real=0.03 secs] 
6373.101: [GC (Allocation Failure) [PSYoungGen: 385600K->7008K(465920K)] 1362041K->983553K(1864192K), 0.0036204 secs] [Times: user=0.02 sys=0.00, real=0.01 secs] 
6374.344: [GC (Allocation Failure) [PSYoungGen: 239968K->165696K(465920K)] 1216513K->1147922K(1864192K), 0.0338471 secs] [Times: user=0.20 sys=0.00, real=0.03 secs] 
6376.641: [GC (Allocation Failure) [PSYoungGen: 398656K->96608K(465920K)] 1380882K->1235910K(1864192K), 0.0691493 secs] [Times: user=0.41 sys=0.00, real=0.07 secs] 
6377.556: [GC (Allocation Failure) [PSYoungGen: 321772K->164320K(465920K)] 1461074K->1397891K(1864192K), 0.0524201 secs] [Times: user=0.31 sys=0.00, real=0.05 secs] 
6377.609: [Full GC (Ergonomics) [PSYoungGen: 164320K->0K(465920K)] [ParOldGen: 1233571K->196871K(1398272K)] 1397891K->196871K(1864192K), [Metaspace: 59714K->59714K(1105920K)], 0.4678184 secs] [Times: user=2.17 sys=0.00, real=0.47 secs] 
6379.502: [GC (Allocation Failure) [PSYoungGen: 232960K->94464K(465920K)] 429831K->291335K(1864192K), 0.0696024 secs] [Times: user=0.41 sys=0.00, real=0.07 secs] 
6381.228: [GC (Allocation Failure) [PSYoungGen: 327424K->167840K(465920K)] 524295K->455140K(1864192K), 0.0498105 secs] [Times: user=0.29 sys=0.00, real=0.05 secs] 
6383.645: [GC (Allocation Failure) [PSYoungGen: 400800K->89024K(465920K)] 688100K->543760K(1864192K), 0.1648645 secs] [Times: user=0.98 sys=0.00, real=0.16 secs] 
6384.828: [GC (Allocation Failure) [PSYoungGen: 321984K->215808K(465920K)] 776720K->756285K(1864192K), 0.0741665 secs] [Times: user=0.44 sys=0.01, real=0.07 secs] 
6387.189: [GC (Allocation Failure) [PSYoungGen: 448768K->84256K(465920K)] 989245K->791573K(1864192K), 0.1545778 secs] [Times: user=0.92 sys=0.00, real=0.16 secs] 
6387.861: [GC (Allocation Failure) [PSYoungGen: 317216K->177184K(465920K)] 1024533K->962758K(1864192K), 0.0595799 secs] [Times: user=0.35 sys=0.00, real=0.06 secs] 
6391.188: [GC (Allocation Failure) [PSYoungGen: 410144K->82528K(465920K)] 1195718K->1045554K(1864192K), 0.1587817 secs] [Times: user=0.94 sys=0.00, real=0.16 secs] 
6391.635: [GC (Allocation Failure) [PSYoungGen: 315488K->175104K(465920K)] 1278514K->1214586K(1864192K), 0.0582490 secs] [Times: user=0.34 sys=0.01, real=0.06 secs] 
6393.804: [GC (Allocation Failure) [PSYoungGen: 408064K->87392K(465920K)] 1447546K->1302011K(1864192K), 0.1237224 secs] [Times: user=0.74 sys=0.00, real=0.12 secs] 
6393.928: [Full GC (Ergonomics) [PSYoungGen: 87392K->0K(465920K)] [ParOldGen: 1214618K->101517K(1398272K)] 1302011K->101517K(1864192K), [Metaspace: 59714K->59714K(1105920K)], 0.2445139 secs] [Times: user=1.12 sys=0.01, real=0.24 secs] 
6395.531: [GC (Allocation Failure) [PSYoungGen: 229904K->195136K(465920K)] 331421K->296653K(1864192K), 0.0477219 secs] [Times: user=0.29 sys=0.00, real=0.05 secs] 
6396.585: [GC (Allocation Failure) [PSYoungGen: 423549K->93408K(465920K)] 525066K->353461K(1864192K), 0.1019249 secs] [Times: user=0.60 sys=0.00, real=0.10 secs] 
6399.195: [GC (Allocation Failure) [PSYoungGen: 326368K->151136K(465920K)] 586421K->497794K(1864192K), 0.0600569 secs] [Times: user=0.36 sys=0.00, real=0.06 secs] 
6400.775: [GC (Allocation Failure) [PSYoungGen: 384096K->121472K(465920K)] 730754K->619042K(1864192K), 0.0910485 secs] [Times: user=0.54 sys=0.00, real=0.09 secs] 
6402.079: [GC (Allocation Failure) [PSYoungGen: 354432K->143200K(465920K)] 852002K->735297K(1864192K), 0.0604887 secs] [Times: user=0.36 sys=0.00, real=0.06 secs] 
6403.966: [GC (Allocation Failure) [PSYoungGen: 376160K->120448K(462848K)] 968257K->855917K(1861120K), 0.0807322 secs] [Times: user=0.48 sys=0.00, real=0.08 secs] 
6405.725: [GC (Allocation Failure) [PSYoungGen: 353408K->128480K(361472K)] 1088877K->973498K(1759744K), 0.0620501 secs] [Times: user=0.37 sys=0.00, real=0.06 secs] 
6406.953: [GC (Allocation Failure) [PSYoungGen: 361440K->144352K(461824K)] 1206458K->1117770K(1860096K), 0.0632883 secs] [Times: user=0.38 sys=0.00, real=0.06 secs] 
6408.631: [GC (Allocation Failure) [PSYoungGen: 384992K->4128K(458752K)] 1358410K->977578K(1857024K), 0.0032875 secs] [Times: user=0.02 sys=0.00, real=0.01 secs] 
6409.999: [GC (Allocation Failure) [PSYoungGen: 244768K->171808K(463360K)] 1218218K->1147975K(1861632K), 0.0340248 secs] [Times: user=0.20 sys=0.00, real=0.04 secs] 
6411.332: [GC (Allocation Failure) [PSYoungGen: 404768K->97504K(465920K)] 1380935K->1237071K(1864192K), 0.0712170 secs] [Times: user=0.43 sys=0.00, real=0.08 secs] 
6413.450: [GC (Allocation Failure) [PSYoungGen: 321082K->160320K(464896K)] 1460649K->1395207K(1863168K), 0.0514723 secs] [Times: user=0.31 sys=0.00, real=0.05 secs] 
6413.501: [Full GC (Ergonomics) [PSYoungGen: 160320K->0K(464896K)] [ParOldGen: 1234887K->196866K(1398272K)] 1395207K->196866K(1863168K), [Metaspace: 59714K->59714K(1105920K)], 0.4785796 secs] [Times: user=2.24 sys=0.00, real=0.48 secs] 
6415.131: [GC (Allocation Failure) [PSYoungGen: 232960K->94720K(328192K)] 429826K->291586K(1726464K), 0.0396842 secs] [Times: user=0.24 sys=0.00, real=0.04 secs] 
6416.989: [GC (Allocation Failure) [PSYoungGen: 327680K->167136K(460800K)] 524546K->456023K(1859072K), 0.0500170 secs] [Times: user=0.29 sys=0.00, real=0.05 secs] 
6419.285: [GC (Allocation Failure) [PSYoungGen: 398048K->85024K(463872K)] 686935K->541079K(1862144K), 0.1651875 secs] [Times: user=0.99 sys=0.01, real=0.16 secs] 
6420.618: [GC (Allocation Failure) [PSYoungGen: 315936K->166976K(464896K)] 771991K->704240K(1863168K), 0.0544852 secs] [Times: user=0.32 sys=0.01, real=0.05 secs] 
6423.300: [GC (Allocation Failure) [PSYoungGen: 399936K->86912K(465920K)] 937200K->790988K(1864192K), 0.1485147 secs] [Times: user=0.89 sys=0.00, real=0.15 secs] 
6423.959: [GC (Allocation Failure) [PSYoungGen: 319872K->178976K(465920K)] 1023948K->963735K(1864192K), 0.0572812 secs] [Times: user=0.34 sys=0.00, real=0.06 secs] 
6426.223: [GC (Allocation Failure) [PSYoungGen: 411936K->86816K(465920K)] 1196695K->1050727K(1864192K), 0.1402662 secs] [Times: user=0.83 sys=0.00, real=0.14 secs] 
6426.752: [GC (Allocation Failure) [PSYoungGen: 319384K->205920K(465920K)] 1283295K->1250056K(1864192K), 0.0580055 secs] [Times: user=0.34 sys=0.00, real=0.06 secs] 
6428.523: [GC (Allocation Failure) [PSYoungGen: 438483K->92576K(465920K)] 1482619K->1308236K(1864192K), 0.1046072 secs] [Times: user=0.62 sys=0.00, real=0.10 secs] 
6428.628: [Full GC (Ergonomics) [PSYoungGen: 92576K->0K(465920K)] [ParOldGen: 1215660K->107766K(1398272K)] 1308236K->107766K(1864192K), [Metaspace: 59714K->59714K(1105920K)], 0.2516863 secs] [Times: user=1.14 sys=0.00, real=0.25 secs] 
6431.294: [GC (Allocation Failure) [PSYoungGen: 232960K->150400K(465920K)] 340726K->258166K(1864192K), 0.0426055 secs] [Times: user=0.25 sys=0.00, real=0.04 secs] 
6432.104: [GC (Allocation Failure) [PSYoungGen: 383360K->106144K(465920K)] 491126K->364558K(1864192K), 0.0817493 secs] [Times: user=0.49 sys=0.01, real=0.08 secs] 
6434.061: [GC (Allocation Failure) [PSYoungGen: 339104K->141440K(465920K)] 597518K->495781K(1864192K), 0.0603313 secs] [Times: user=0.35 sys=0.01, real=0.06 secs] 
6434.960: [GC (Allocation Failure) [PSYoungGen: 374400K->124384K(357376K)] 728741K->620301K(1755648K), 0.0628415 secs] [Times: user=0.37 sys=0.00, real=0.06 secs] 
6437.720: [GC (Allocation Failure) [PSYoungGen: 357344K->123232K(465920K)] 853261K->733268K(1864192K), 0.0622899 secs] [Times: user=0.37 sys=0.00, real=0.06 secs] 
6438.484: [GC (Allocation Failure) [PSYoungGen: 364896K->149568K(457216K)] 974932K->882980K(1855488K), 0.0578536 secs] [Times: user=0.35 sys=0.00, real=0.05 secs] 
6440.829: [GC (Allocation Failure) [PSYoungGen: 391232K->8832K(459264K)] 1124644K->742276K(1857536K), 0.0029475 secs] [Times: user=0.01 sys=0.00, real=0.00 secs] 
6443.129: [GC (Allocation Failure) [PSYoungGen: 253056K->168992K(413696K)] 986500K->909289K(1811968K), 0.0347119 secs] [Times: user=0.21 sys=0.00, real=0.04 secs] 
6444.360: [GC (Allocation Failure) [PSYoungGen: 413216K->108320K(472576K)] 1153513K->1008077K(1870848K), 0.1061114 secs] [Times: user=0.63 sys=0.00, real=0.11 secs] 
6445.178: [GC (Allocation Failure) [PSYoungGen: 347936K->190912K(465920K)] 1247693K->1195356K(1864192K), 0.0565283 secs] [Times: user=0.33 sys=0.00, real=0.06 secs] 
6447.468: [GC (Allocation Failure) [PSYoungGen: 430528K->90432K(465920K)] 1434972K->1268972K(1864192K), 0.1498878 secs] [Times: user=0.89 sys=0.00, real=0.15 secs] 
6447.618: [Full GC (Ergonomics) [PSYoungGen: 90432K->0K(465920K)] [ParOldGen: 1178540K->74489K(1398272K)] 1268972K->74489K(1864192K), [Metaspace: 59715K->59715K(1105920K)], 0.1820971 secs] [Times: user=0.83 sys=0.01, real=0.18 secs] 
6448.703: [GC (Allocation Failure) [PSYoungGen: 232960K->170016K(465920K)] 307449K->244505K(1864192K), 0.0371816 secs] [Times: user=0.21 sys=0.00, real=0.04 secs] 
6451.814: [GC (Allocation Failure) [PSYoungGen: 402976K->84480K(465920K)] 477465K->328701K(1864192K), 0.1629416 secs] [Times: user=0.97 sys=0.00, real=0.16 secs] 
6452.259: [GC (Allocation Failure) [PSYoungGen: 317440K->192320K(465920K)] 561661K->514758K(1864192K), 0.0571543 secs] [Times: user=0.34 sys=0.01, real=0.06 secs] 
6454.715: [GC (Allocation Failure) [PSYoungGen: 425280K->87136K(465920K)] 747718K->585262K(1864192K), 0.1122546 secs] [Times: user=0.67 sys=0.00, real=0.11 secs] 
6455.936: [GC (Allocation Failure) [PSYoungGen: 320096K->157248K(465920K)] 818222K->735471K(1864192K), 0.0601946 secs] [Times: user=0.36 sys=0.00, real=0.06 secs] 
6456.813: [GC (Allocation Failure) [PSYoungGen: 390208K->107296K(465920K)] 968431K->842959K(1864192K), 0.0728080 secs] [Times: user=0.43 sys=0.00, real=0.08 secs] 
6458.045: [GC (Allocation Failure) [PSYoungGen: 340256K->140960K(465920K)] 1075919K->973444K(1864192K), 0.0610266 secs] [Times: user=0.36 sys=0.00, real=0.06 secs] 
6460.612: [GC (Allocation Failure) [PSYoungGen: 373920K->123040K(447488K)] 1206404K->1096196K(1845760K), 0.0781552 secs] [Times: user=0.46 sys=0.00, real=0.08 secs] 
6461.909: [GC (Allocation Failure) [PSYoungGen: 356000K->125280K(456704K)] 1329156K->1211208K(1854976K), 0.0620035 secs] [Times: user=0.37 sys=0.00, real=0.06 secs] 
6464.155: [GC (Allocation Failure) [PSYoungGen: 358240K->136288K(463872K)] 1444168K->1346976K(1862144K), 0.0670009 secs] [Times: user=0.39 sys=0.00, real=0.06 secs] 
6464.222: [Full GC (Ergonomics) [PSYoungGen: 136288K->0K(463872K)] [ParOldGen: 1210688K->151904K(1398272K)] 1346976K->151904K(1862144K), [Metaspace: 59726K->59726K(1105920K)], 0.3475609 secs] [Times: user=1.57 sys=0.00, real=0.35 secs] 
6465.708: [GC (Allocation Failure) [PSYoungGen: 260608K->122496K(469504K)] 412512K->274400K(1867776K), 0.0414321 secs] [Times: user=0.25 sys=0.00, real=0.04 secs] 
6467.877: [GC (Allocation Failure) [PSYoungGen: 373355K->173312K(478208K)] 525260K->445829K(1876480K), 0.0627583 secs] [Times: user=0.38 sys=0.00, real=0.06 secs] 
6470.530: [GC (Allocation Failure) [PSYoungGen: 449280K->122560K(487424K)] 721797K->559797K(1885696K), 0.1620054 secs] [Times: user=0.96 sys=0.01, real=0.16 secs] 
6471.911: [GC (Allocation Failure) [PSYoungGen: 398528K->186400K(467968K)] 835765K->739012K(1866240K), 0.0671170 secs] [Times: user=0.40 sys=0.00, real=0.07 secs] 
6473.679: [GC (Allocation Failure) [PSYoungGen: 449056K->130016K(480768K)] 1001668K->869292K(1879040K), 0.0867226 secs] [Times: user=0.52 sys=0.00, real=0.09 secs] 
6474.928: [GC (Allocation Failure) [PSYoungGen: 392672K->9952K(459776K)] 1131948K->749268K(1858048K), 0.0036303 secs] [Times: user=0.02 sys=0.00, real=0.00 secs] 
6476.718: [GC (Allocation Failure) [PSYoungGen: 252830K->174240K(422912K)] 992147K->921569K(1821184K), 0.0362610 secs] [Times: user=0.21 sys=0.00, real=0.04 secs] 
6478.939: [GC (Allocation Failure) [PSYoungGen: 422560K->105120K(471552K)] 1169889K->1018297K(1869824K), 0.1673561 secs] [Times: user=0.99 sys=0.01, real=0.17 secs] 
6479.547: [GC (Allocation Failure) [PSYoungGen: 343712K->177888K(465920K)] 1256889K->1192534K(1864192K), 0.0549178 secs] [Times: user=0.32 sys=0.00, real=0.05 secs] 
6483.075: [GC (Allocation Failure) [PSYoungGen: 416480K->87328K(465920K)] 1431126K->1279894K(1864192K), 0.1371830 secs] [Times: user=0.82 sys=0.00, real=0.13 secs] 
6483.213: [Full GC (Ergonomics) [PSYoungGen: 87328K->0K(465920K)] [ParOldGen: 1192566K->77202K(1398272K)] 1279894K->77202K(1864192K), [Metaspace: 59726K->59726K(1105920K)], 0.2013114 secs] [Times: user=0.91 sys=0.00, real=0.21 secs] 
6483.662: [GC (Allocation Failure) [PSYoungGen: 232960K->179264K(465920K)] 310162K->256466K(1864192K), 0.0380862 secs] [Times: user=0.22 sys=0.00, real=0.04 secs] 
6486.744: [GC (Allocation Failure) [PSYoungGen: 412224K->82208K(465920K)] 489426K->338958K(1864192K), 0.1314433 secs] [Times: user=0.78 sys=0.00, real=0.13 secs] 
6489.364: [GC (Allocation Failure) [PSYoungGen: 315076K->200288K(465920K)] 571826K->532767K(1864192K), 0.0661031 secs] [Times: user=0.40 sys=0.00, real=0.06 secs] 
6491.475: [GC (Allocation Failure) [PSYoungGen: 433248K->91104K(465920K)] 765727K->587227K(1864192K), 0.1064126 secs] [Times: user=0.64 sys=0.00, real=0.10 secs] 
6492.710: [GC (Allocation Failure) [PSYoungGen: 324064K->152896K(465920K)] 820187K->733686K(1864192K), 0.0600966 secs] [Times: user=0.36 sys=0.00, real=0.06 secs] 
6494.104: [GC (Allocation Failure) [PSYoungGen: 385856K->117632K(465920K)] 966646K->851310K(1864192K), 0.0904558 secs] [Times: user=0.54 sys=0.00, real=0.09 secs] 
6495.347: [GC (Allocation Failure) [PSYoungGen: 350592K->138432K(371712K)] 1084270K->971359K(1769984K), 0.0612937 secs] [Times: user=0.36 sys=0.00, real=0.06 secs] 
6497.429: [GC (Allocation Failure) [PSYoungGen: 371392K->135744K(472064K)] 1204319K->1107067K(1870336K), 0.0716413 secs] [Times: user=0.43 sys=0.00, real=0.07 secs] 
6498.625: [GC (Allocation Failure) [PSYoungGen: 377408K->2688K(463360K)] 1348731K->974059K(1861632K), 0.0022812 secs] [Times: user=0.01 sys=0.00, real=0.00 secs] 
6501.202: [GC (Allocation Failure) [PSYoungGen: 244352K->156736K(465920K)] 1215723K->1129676K(1864192K), 0.0310007 secs] [Times: user=0.18 sys=0.00, real=0.04 secs] 
6504.015: [GC (Allocation Failure) [PSYoungGen: 389696K->97472K(330752K)] 1362636K->1218749K(1729024K), 0.0681395 secs] [Times: user=0.41 sys=0.00, real=0.07 secs] 
6505.412: [GC (Allocation Failure) [PSYoungGen: 330432K->168960K(460800K)] 1451709K->1385781K(1859072K), 0.0531715 secs] [Times: user=0.31 sys=0.00, real=0.06 secs] 
6505.465: [Full GC (Ergonomics) [PSYoungGen: 168960K->0K(460800K)] [ParOldGen: 1216821K->189367K(1398272K)] 1385781K->189367K(1859072K), [Metaspace: 59726K->59726K(1105920K)], 0.4501893 secs] [Times: user=2.01 sys=0.00, real=0.45 secs] 
6506.947: [GC (Allocation Failure) [PSYoungGen: 230400K->96064K(463360K)] 419767K->285431K(1861632K), 0.0306365 secs] [Times: user=0.18 sys=0.00, real=0.03 secs] 
6509.009: [GC (Allocation Failure) [PSYoungGen: 320964K->160544K(463872K)] 510331K->443416K(1862144K), 0.0499601 secs] [Times: user=0.29 sys=0.00, real=0.05 secs] 
6510.550: [GC (Allocation Failure) [PSYoungGen: 393504K->94464K(327680K)] 676376K->529376K(1725952K), 0.0693979 secs] [Times: user=0.41 sys=0.00, real=0.07 secs] 
6512.642: [GC (Allocation Failure) [PSYoungGen: 315189K->156576K(461824K)] 750101K->682229K(1860096K), 0.0494119 secs] [Times: user=0.29 sys=0.01, real=0.05 secs] 
6513.750: [GC (Allocation Failure) [PSYoungGen: 389536K->99744K(463872K)] 915189K->772781K(1862144K), 0.0668307 secs] [Times: user=0.39 sys=0.01, real=0.07 secs] 
6515.512: [GC (Allocation Failure) [PSYoungGen: 332704K->165664K(458240K)] 1005741K->934473K(1856512K), 0.0510013 secs] [Times: user=0.31 sys=0.00, real=0.06 secs] 
6517.078: [GC (Allocation Failure) [PSYoungGen: 399136K->91968K(463872K)] 1167945K->1026025K(1862144K), 0.0900530 secs] [Times: user=0.54 sys=0.00, real=0.09 secs] 
6517.822: [GC (Allocation Failure) [PSYoungGen: 325440K->173312K(459264K)] 1259497K->1193658K(1857536K), 0.0881179 secs] [Times: user=0.51 sys=0.00, real=0.09 secs] 
6520.653: [GC (Allocation Failure) [PSYoungGen: 406272K->86432K(465920K)] 1426618K->1279802K(1864192K), 0.1551532 secs] [Times: user=0.92 sys=0.00, real=0.15 secs] 
6520.808: [Full GC (Ergonomics) [PSYoungGen: 86432K->0K(465920K)] [ParOldGen: 1193370K->80691K(1398272K)] 1279802K->80691K(1864192K), [Metaspace: 59726K->59726K(1105920K)], 0.2069553 secs] [Times: user=0.96 sys=0.01, real=0.21 secs] 
6521.258: [GC (Allocation Failure) [PSYoungGen: 232960K->173568K(463872K)] 313651K->254259K(1862144K), 0.0373302 secs] [Times: user=0.22 sys=0.01, real=0.04 secs] 
6523.410: [GC (Allocation Failure) [PSYoungGen: 406528K->87840K(465920K)] 487219K->342007K(1864192K), 0.1177800 secs] [Times: user=0.70 sys=0.00, real=0.12 secs] 
6524.895: [GC (Allocation Failure) [PSYoungGen: 320800K->162016K(465920K)] 574967K->496936K(1864192K), 0.0616911 secs] [Times: user=0.37 sys=0.00, real=0.06 secs] 
6526.299: [GC (Allocation Failure) [PSYoungGen: 394976K->122944K(356352K)] 729896K->619784K(1754624K), 0.0855662 secs] [Times: user=0.51 sys=0.00, real=0.09 secs] 
6527.672: [GC (Allocation Failure) [PSYoungGen: 355904K->149856K(462848K)] 852744K->734337K(1861120K), 0.0607306 secs] [Times: user=0.36 sys=0.00, real=0.07 secs] 
6529.512: [GC (Allocation Failure) [PSYoungGen: 384864K->119680K(460800K)] 969345K->854057K(1859072K), 0.0794553 secs] [Times: user=0.47 sys=0.00, real=0.08 secs] 
6530.714: [GC (Allocation Failure) [PSYoungGen: 354688K->128448K(464384K)] 1089065K->972156K(1862656K), 0.0629326 secs] [Times: user=0.37 sys=0.00, real=0.06 secs] 
6532.883: [GC (Allocation Failure) [PSYoungGen: 382400K->161376K(463360K)] 1226108K->1133388K(1861632K), 0.0607899 secs] [Times: user=0.36 sys=0.00, real=0.06 secs] 
6534.479: [GC (Allocation Failure) [PSYoungGen: 415328K->23392K(464384K)] 1387340K->995464K(1862656K), 0.0068806 secs] [Times: user=0.04 sys=0.00, real=0.01 secs] 
6535.954: [GC (Allocation Failure) [PSYoungGen: 274784K->178304K(430080K)] 1246856K->1171805K(1828352K), 0.0428384 secs] [Times: user=0.25 sys=0.00, real=0.04 secs] 
6538.890: [GC (Allocation Failure) [PSYoungGen: 429696K->92512K(468992K)] 1423197K->1264365K(1867264K), 0.1608276 secs] [Times: user=0.95 sys=0.01, real=0.16 secs] 
6539.051: [Full GC (Ergonomics) [PSYoungGen: 92512K->0K(468992K)] [ParOldGen: 1171853K->67912K(1398272K)] 1264365K->67912K(1867264K), [Metaspace: 59726K->59726K(1105920K)], 0.1724421 secs] [Times: user=0.80 sys=0.00, real=0.18 secs] 
6539.486: [GC (Allocation Failure) [PSYoungGen: 236032K->179168K(465920K)] 303944K->247080K(1864192K), 0.0390067 secs] [Times: user=0.23 sys=0.00, real=0.04 secs] 
6541.337: [GC (Allocation Failure) [PSYoungGen: 415200K->92544K(465920K)] 483112K->339948K(1864192K), 0.1198972 secs] [Times: user=0.71 sys=0.00, real=0.12 secs] 
6542.621: [GC (Allocation Failure) [PSYoungGen: 323045K->200032K(465920K)] 570450K->533993K(1864192K), 0.0689202 secs] [Times: user=0.40 sys=0.01, real=0.07 secs] 
6543.535: [GC (Allocation Failure) [PSYoungGen: 432992K->92864K(465920K)] 766953K->589873K(1864192K), 0.1062037 secs] [Times: user=0.62 sys=0.01, real=0.10 secs] 
6544.737: [GC (Allocation Failure) [PSYoungGen: 325824K->151488K(465920K)] 822833K->734374K(1864192K), 0.0601612 secs] [Times: user=0.36 sys=0.00, real=0.06 secs] 
6545.526: [GC (Allocation Failure) [PSYoungGen: 384448K->109600K(465920K)] 967334K->844158K(1864192K), 0.0893363 secs] [Times: user=0.53 sys=0.00, real=0.09 secs] 
6546.764: [GC (Allocation Failure) [PSYoungGen: 342560K->139008K(372224K)] 1077118K->972375K(1770496K), 0.0610951 secs] [Times: user=0.36 sys=0.00, real=0.06 secs] 
Heap
 PSYoungGen      total 372224K, used 168750K [0x00000000d5580000, 0x00000000ff800000, 0x0000000100000000)
  eden space 232960