5.362: [GC (Allocation Failure) [PSYoungGen: 128000K->12530K(148992K)] 128000K->12610K(488960K), 0.0143267 secs] [Times: user=0.02 sys=0.00, real=0.02 secs] 
5.764: [GC (Metadata GC Threshold) [PSYoungGen: 48926K->6054K(148992K)] 49006K->6150K(488960K), 0.0049857 secs] [Times: user=0.01 sys=0.00, real=0.01 secs] 
5.769: [Full GC (Metadata GC Threshold) [PSYoungGen: 6054K->0K(148992K)] [ParOldGen: 96K->5938K(180224K)] 6150K->5938K(329216K), [Metaspace: 20448K->20448K(1067008K)], 0.0217202 secs] [Times: user=0.07 sys=0.01, real=0.02 secs] 
7.062: [GC (Allocation Failure) [PSYoungGen: 128000K->9786K(148992K)] 133938K->15732K(329216K), 0.0036308 secs] [Times: user=0.01 sys=0.01, real=0.01 secs] 
7.665: [GC (Metadata GC Threshold) [PSYoungGen: 40082K->4644K(148992K)] 46028K->10598K(329216K), 0.0070826 secs] [Times: user=0.04 sys=0.00, real=0.00 secs] 
7.672: [Full GC (Metadata GC Threshold) [PSYoungGen: 4644K->0K(148992K)] [ParOldGen: 5954K->8878K(292352K)] 10598K->8878K(441344K), [Metaspace: 33741K->33741K(1079296K)], 0.0372758 secs] [Times: user=0.11 sys=0.00, real=0.04 secs] 
9.088: [GC (Allocation Failure) [PSYoungGen: 128000K->13055K(148992K)] 136878K->21941K(441344K), 0.0042928 secs] [Times: user=0.02 sys=0.00, real=0.00 secs] 
9.649: [GC (Allocation Failure) [PSYoungGen: 141055K->15861K(165376K)] 149941K->59814K(457728K), 0.0085643 secs] [Times: user=0.04 sys=0.01, real=0.01 secs] 
10.036: [GC (Allocation Failure) [PSYoungGen: 165365K->37344K(187904K)] 209318K->114073K(480256K), 0.0081462 secs] [Times: user=0.03 sys=0.01, real=0.01 secs] 
10.390: [GC (Allocation Failure) [PSYoungGen: 186848K->37415K(265216K)] 263577K->179680K(557568K), 0.0103581 secs] [Times: user=0.05 sys=0.00, real=0.01 secs] 
11.843: [GC (Allocation Failure) [PSYoungGen: 256551K->9757K(270336K)] 398816K->152031K(562688K), 0.0037347 secs] [Times: user=0.01 sys=0.01, real=0.01 secs] 
12.565: [GC (Allocation Failure) [PSYoungGen: 218137K->37986K(333312K)] 360410K->180267K(625664K), 0.0096073 secs] [Times: user=0.04 sys=0.01, real=0.01 secs] 
14.728: [GC (Allocation Failure) [PSYoungGen: 321634K->2466K(337408K)] 463915K->147534K(629760K), 0.0034253 secs] [Times: user=0.01 sys=0.00, real=0.00 secs] 
17.111: [GC (Allocation Failure) [PSYoungGen: 284500K->4578K(392704K)] 429569K->149654K(685056K), 0.0025155 secs] [Times: user=0.01 sys=0.01, real=0.00 secs] 
18.223: [GC (Allocation Failure) [PSYoungGen: 356322K->35186K(404480K)] 501398K->278574K(696832K), 0.0127418 secs] [Times: user=0.07 sys=0.00, real=0.02 secs] 
18.236: [Full GC (Ergonomics) [PSYoungGen: 35186K->0K(404480K)] [ParOldGen: 243388K->209277K(659968K)] 278574K->209277K(1064448K), [Metaspace: 53119K->53119K(1097728K)], 0.0693765 secs] [Times: user=0.29 sys=0.01, real=0.07 secs] 
22.409: [GC (Allocation Failure) [PSYoungGen: 351744K->3552K(485376K)] 561021K->212837K(1145344K), 0.0035770 secs] [Times: user=0.01 sys=0.01, real=0.00 secs] 
26.546: [GC (Allocation Failure) [PSYoungGen: 440288K->34661K(491520K)] 649573K->243955K(1151488K), 0.0050786 secs] [Times: user=0.02 sys=0.01, real=0.00 secs] 
29.621: [GC (Allocation Failure) [PSYoungGen: 471397K->1613K(557568K)] 680691K->210914K(1217536K), 0.0027440 secs] [Times: user=0.01 sys=0.00, real=0.00 secs] 
34.866: [GC (Allocation Failure) [PSYoungGen: 516173K->34397K(571392K)] 725474K->243698K(1231360K), 0.0109979 secs] [Times: user=0.05 sys=0.01, real=0.01 secs] 
40.447: [GC (Allocation Failure) [PSYoungGen: 548957K->34429K(619008K)] 758258K->243730K(1278976K), 0.0084610 secs] [Times: user=0.04 sys=0.00, real=0.01 secs] 
48.077: [GC (Allocation Failure) [PSYoungGen: 598141K->18048K(624128K)] 807442K->227349K(1284096K), 0.0076353 secs] [Times: user=0.03 sys=0.01, real=0.01 secs] 
55.423: [GC (Allocation Failure) [PSYoungGen: 581760K->18048K(629248K)] 791061K->227357K(1289216K), 0.0024591 secs] [Times: user=0.01 sys=0.00, real=0.01 secs] 
61.158: [GC (Allocation Failure) [PSYoungGen: 599168K->18064K(634880K)] 808477K->227373K(1294848K), 0.0040245 secs] [Times: user=0.02 sys=0.01, real=0.00 secs] 
67.370: [GC (Allocation Failure) [PSYoungGen: 599184K->18064K(637440K)] 808493K->227373K(1297408K), 0.0027439 secs] [Times: user=0.01 sys=0.00, real=0.00 secs] 
71.322: [GC (Allocation Failure) [PSYoungGen: 611984K->18096K(642560K)] 821293K->227405K(1302528K), 0.0030177 secs] [Times: user=0.01 sys=0.00, real=0.01 secs] 
79.405: [GC (Allocation Failure) [PSYoungGen: 612016K->18128K(642560K)] 821325K->227437K(1302528K), 0.0026738 secs] [Times: user=0.01 sys=0.00, real=0.00 secs] 
85.351: [GC (Allocation Failure) [PSYoungGen: 622288K->18080K(604160K)] 831597K->227389K(1264128K), 0.0029244 secs] [Times: user=0.01 sys=0.00, real=0.00 secs] 
91.045: [GC (Allocation Failure) [PSYoungGen: 603808K->18077K(589312K)] 813117K->227394K(1249280K), 0.0030340 secs] [Times: user=0.01 sys=0.00, real=0.00 secs] 
95.478: [GC (Allocation Failure) [PSYoungGen: 586397K->18128K(569856K)] 795714K->227445K(1229824K), 0.0028296 secs] [Times: user=0.02 sys=0.00, real=0.00 secs] 
101.497: [GC (Allocation Failure) [PSYoungGen: 569552K->11968K(555008K)] 778869K->221293K(1214976K), 0.0024518 secs] [Times: user=0.01 sys=0.00, real=0.00 secs] 
107.265: [GC (Allocation Failure) [PSYoungGen: 547008K->1632K(521728K)] 756333K->211042K(1181696K), 0.0020730 secs] [Times: user=0.01 sys=0.00, real=0.00 secs] 
110.726: [GC (Allocation Failure) [PSYoungGen: 521312K->34240K(539136K)] 730722K->243835K(1199104K), 0.0033763 secs] [Times: user=0.01 sys=0.01, real=0.00 secs] 
115.228: [GC (Allocation Failure) [PSYoungGen: 539072K->17888K(508416K)] 748667K->227523K(1168384K), 0.0031187 secs] [Times: user=0.02 sys=0.00, real=0.00 secs] 
120.335: [GC (Allocation Failure) [PSYoungGen: 508384K->1936K(504320K)] 718019K->211619K(1164288K), 0.0018101 secs] [Times: user=0.01 sys=0.00, real=0.00 secs] 
126.716: [GC (Allocation Failure) [PSYoungGen: 478608K->34288K(497664K)] 688291K->244011K(1157632K), 0.0060082 secs] [Times: user=0.03 sys=0.00, real=0.00 secs] 
132.210: [GC (Allocation Failure) [PSYoungGen: 497648K->9696K(478208K)] 707371K->219451K(1138176K), 0.0023358 secs] [Times: user=0.01 sys=0.00, real=0.00 secs] 
137.075: [GC (Allocation Failure) [PSYoungGen: 460256K->34256K(472576K)] 670011K->244051K(1132544K), 0.0040281 secs] [Times: user=0.01 sys=0.00, real=0.00 secs] 
144.245: [GC (Allocation Failure) [PSYoungGen: 472528K->9664K(460288K)] 682323K->219491K(1120256K), 0.0027083 secs] [Times: user=0.01 sys=0.01, real=0.00 secs] 
149.089: [GC (Allocation Failure) [PSYoungGen: 436160K->34240K(449536K)] 645987K->244107K(1109504K), 0.0038008 secs] [Times: user=0.02 sys=0.00, real=0.00 secs] 
154.247: [GC (Allocation Failure) [PSYoungGen: 449103K->288K(443392K)] 658970K->210179K(1103360K), 0.0014958 secs] [Times: user=0.01 sys=0.00, real=0.00 secs] 
159.739: [GC (Allocation Failure) [PSYoungGen: 404768K->17856K(412160K)] 614659K->227771K(1072128K), 0.0056637 secs] [Times: user=0.02 sys=0.00, real=0.00 secs] 
162.632: [GC (Allocation Failure) [PSYoungGen: 412096K->34240K(427520K)] 622011K->244171K(1087488K), 0.0032892 secs] [Times: user=0.01 sys=0.00, real=0.01 secs] 
166.061: [GC (Allocation Failure) [PSYoungGen: 418752K->1472K(376320K)] 628683K->211419K(1036288K), 0.0018543 secs] [Times: user=0.00 sys=0.00, real=0.00 secs] 
170.343: [GC (Allocation Failure) [PSYoungGen: 376256K->9664K(402432K)] 586203K->219627K(1062400K), 0.0035526 secs] [Times: user=0.01 sys=0.00, real=0.01 secs] 
174.052: [GC (Allocation Failure) [PSYoungGen: 375232K->17856K(374784K)] 585195K->227859K(1034752K), 0.0053335 secs] [Times: user=0.02 sys=0.00, real=0.01 secs] 
177.038: [GC (Allocation Failure) [PSYoungGen: 374720K->34240K(393216K)] 584723K->244251K(1053184K), 0.0036795 secs] [Times: user=0.02 sys=0.00, real=0.00 secs] 
180.265: [GC (Allocation Failure) [PSYoungGen: 382912K->34240K(374784K)] 592923K->244267K(1034752K), 0.0035031 secs] [Times: user=0.01 sys=0.00, real=0.00 secs] 
182.901: [GC (Allocation Failure) [PSYoungGen: 374720K->1440K(376832K)] 584747K->211491K(1036800K), 0.0019823 secs] [Times: user=0.01 sys=0.00, real=0.00 secs] 
185.439: [GC (Allocation Failure) [PSYoungGen: 334240K->1408K(326656K)] 544291K->211483K(986624K), 0.0020158 secs] [Times: user=0.01 sys=0.00, real=0.00 secs] 
187.855: [GC (Allocation Failure) [PSYoungGen: 326528K->1472K(360960K)] 536603K->211555K(1020928K), 0.0028545 secs] [Times: user=0.01 sys=0.00, real=0.00 secs] 
189.841: [GC (Allocation Failure) [PSYoungGen: 319424K->1376K(312320K)] 529507K->211491K(972288K), 0.0020587 secs] [Times: user=0.01 sys=0.00, real=0.00 secs] 
191.683: [GC (Allocation Failure) [PSYoungGen: 312160K->1424K(344576K)] 522275K->211555K(1004544K), 0.0018776 secs] [Times: user=0.01 sys=0.00, real=0.01 secs] 
194.149: [GC (Allocation Failure) [PSYoungGen: 305552K->1424K(299008K)] 515683K->211563K(958976K), 0.0021559 secs] [Times: user=0.01 sys=0.00, real=0.00 secs] 
198.357: [GC (Allocation Failure) [PSYoungGen: 298896K->1408K(327680K)] 509035K->211547K(987648K), 0.0037735 secs] [Times: user=0.02 sys=0.00, real=0.00 secs] 
202.506: [GC (Allocation Failure) [PSYoungGen: 292736K->1456K(286720K)] 502875K->211611K(946688K), 0.0041205 secs] [Times: user=0.01 sys=0.00, real=0.00 secs] 
205.158: [GC (Allocation Failure) [PSYoungGen: 286640K->34208K(321536K)] 496795K->244379K(981504K), 0.0061316 secs] [Times: user=0.03 sys=0.00, real=0.00 secs] 
208.298: [GC (Allocation Failure) [PSYoungGen: 313248K->34240K(307712K)] 523419K->244419K(967680K), 0.0040218 secs] [Times: user=0.02 sys=0.00, real=0.00 secs] 
212.870: [GC (Allocation Failure) [PSYoungGen: 307648K->34240K(321024K)] 517827K->244419K(980992K), 0.0048749 secs] [Times: user=0.02 sys=0.00, real=0.01 secs] 
216.199: [GC (Allocation Failure) [PSYoungGen: 302016K->34224K(296960K)] 512195K->244411K(956928K), 0.0040493 secs] [Times: user=0.02 sys=0.00, real=0.00 secs] 
219.560: [GC (Allocation Failure) [PSYoungGen: 296880K->17856K(303616K)] 507067K->228051K(963584K), 0.0023742 secs] [Times: user=0.01 sys=0.00, real=0.00 secs] 
221.947: [GC (Allocation Failure) [PSYoungGen: 275392K->9664K(262144K)] 485587K->219891K(922112K), 0.0023398 secs] [Times: user=0.01 sys=0.00, real=0.00 secs] 
223.288: [GC (Allocation Failure) [PSYoungGen: 262080K->1376K(294912K)] 472307K->211611K(954880K), 0.0022646 secs] [Times: user=0.01 sys=0.00, real=0.00 secs] 
226.875: [GC (Allocation Failure) [PSYoungGen: 249184K->34272K(277504K)] 459419K->244515K(937472K), 0.0056745 secs] [Times: user=0.03 sys=0.00, real=0.00 secs] 
229.835: [GC (Allocation Failure) [PSYoungGen: 277472K->34240K(293888K)] 487715K->244499K(953856K), 0.0067124 secs] [Times: user=0.04 sys=0.00, real=0.00 secs] 
232.851: [GC (Allocation Failure) [PSYoungGen: 272832K->17824K(251904K)] 483091K->228099K(911872K), 0.0025695 secs] [Times: user=0.01 sys=0.00, real=0.00 secs] 
236.158: [GC (Allocation Failure) [PSYoungGen: 251808K->5552K(278016K)] 462083K->215835K(937984K), 0.0021031 secs] [Times: user=0.01 sys=0.00, real=0.00 secs] 
237.990: [GC (Allocation Failure) [PSYoungGen: 235440K->1408K(227328K)] 445723K->211699K(887296K), 0.0021004 secs] [Times: user=0.01 sys=0.00, real=0.00 secs] 
240.389: [GC (Allocation Failure) [PSYoungGen: 227200K->34240K(273920K)] 437491K->244539K(933888K), 0.0037963 secs] [Times: user=0.02 sys=0.00, real=0.00 secs] 
242.895: [GC (Allocation Failure) [PSYoungGen: 253237K->9632K(227328K)] 463536K->219931K(887296K), 0.0024398 secs] [Times: user=0.01 sys=0.00, real=0.00 secs] 
244.843: [GC (Allocation Failure) [PSYoungGen: 227232K->1376K(261632K)] 437531K->211683K(921600K), 0.0025592 secs] [Times: user=0.01 sys=0.00, real=0.01 secs] 
246.828: [GC (Allocation Failure) [PSYoungGen: 215392K->34240K(244736K)] 425699K->244563K(904704K), 0.0040325 secs] [Times: user=0.03 sys=0.00, real=0.00 secs] 
250.756: [GC (Allocation Failure) [PSYoungGen: 244672K->17856K(251392K)] 454995K->228195K(911360K), 0.0053138 secs] [Times: user=0.02 sys=0.00, real=0.00 secs] 
252.650: [GC (Allocation Failure) [PSYoungGen: 224704K->1344K(204800K)] 435043K->211691K(864768K), 0.0021233 secs] [Times: user=0.01 sys=0.00, real=0.00 secs] 
254.974: [GC (Allocation Failure) [PSYoungGen: 204608K->34208K(251392K)] 414955K->244555K(911360K), 0.0034405 secs] [Times: user=0.02 sys=0.00, real=0.01 secs] 
257.328: [GC (Allocation Failure) [PSYoungGen: 234400K->9600K(206848K)] 444747K->219955K(866816K), 0.0022113 secs] [Times: user=0.01 sys=0.00, real=0.00 secs] 
259.057: [GC (Allocation Failure) [PSYoungGen: 206720K->1408K(241152K)] 417075K->211763K(901120K), 0.0027900 secs] [Times: user=0.01 sys=0.00, real=0.00 secs] 
261.037: [GC (Allocation Failure) [PSYoungGen: 190352K->17792K(208896K)] 400707K->228155K(868864K), 0.0024651 secs] [Times: user=0.01 sys=0.01, real=0.00 secs] 
263.598: [GC (Allocation Failure) [PSYoungGen: 208768K->1408K(231424K)] 419131K->211787K(891392K), 0.0015256 secs] [Times: user=0.01 sys=0.00, real=0.00 secs] 
265.058: [GC (Allocation Failure) [PSYoungGen: 189312K->34176K(232448K)] 399691K->244555K(892416K), 0.0038583 secs] [Times: user=0.02 sys=0.00, real=0.00 secs] 
266.863: [GC (Allocation Failure) [PSYoungGen: 219008K->9632K(226304K)] 429387K->220019K(886272K), 0.0027922 secs] [Times: user=0.01 sys=0.00, real=0.01 secs] 
267.578: [GC (Allocation Failure) [PSYoungGen: 191904K->34208K(228864K)] 402291K->244603K(888832K), 0.0035857 secs] [Times: user=0.02 sys=0.00, real=0.00 secs] 
269.081: [GC (Allocation Failure) [PSYoungGen: 213920K->17856K(221184K)] 424315K->228259K(881152K), 0.0027584 secs] [Times: user=0.01 sys=0.00, real=0.00 secs] 
270.180: [GC (Allocation Failure) [PSYoungGen: 195008K->1376K(176128K)] 405411K->211779K(836096K), 0.0023714 secs] [Times: user=0.01 sys=0.01, real=0.00 secs] 
272.408: [GC (Allocation Failure) [PSYoungGen: 163312K->17872K(213504K)] 373715K->228275K(873472K), 0.0055133 secs] [Times: user=0.02 sys=0.00, real=0.00 secs] 
274.042: [GC (Allocation Failure) [PSYoungGen: 189904K->1376K(171008K)] 400307K->211779K(830976K), 0.0032431 secs] [Times: user=0.01 sys=0.00, real=0.01 secs] 
275.549: [GC (Allocation Failure) [PSYoungGen: 170848K->34208K(211456K)] 381251K->244619K(871424K), 0.0033489 secs] [Times: user=0.02 sys=0.00, real=0.00 secs] 
277.039: [GC (Allocation Failure) [PSYoungGen: 199584K->1664K(165376K)] 409995K->212083K(825344K), 0.0014850 secs] [Times: user=0.01 sys=0.00, real=0.00 secs] 
278.509: [GC (Allocation Failure) [PSYoungGen: 164992K->34176K(208384K)] 375411K->244595K(868352K), 0.0071239 secs] [Times: user=0.03 sys=0.00, real=0.01 secs] 
281.435: [GC (Allocation Failure) [PSYoungGen: 193408K->3456K(160768K)] 403827K->213883K(820736K), 0.0019926 secs] [Times: user=0.00 sys=0.00, real=0.00 secs] 
282.795: [GC (Allocation Failure) [PSYoungGen: 160640K->34208K(205312K)] 371067K->244643K(865280K), 0.0073108 secs] [Times: user=0.04 sys=0.00, real=0.00 secs] 
285.781: [GC (Allocation Failure) [PSYoungGen: 187808K->2480K(154112K)] 398243K->212915K(814080K), 0.0019718 secs] [Times: user=0.01 sys=0.00, real=0.00 secs] 
286.897: [GC (Allocation Failure) [PSYoungGen: 154032K->34176K(202240K)] 364467K->244619K(862208K), 0.0041456 secs] [Times: user=0.02 sys=0.00, real=0.00 secs] 
287.878: [GC (Allocation Failure) [PSYoungGen: 182656K->1408K(147968K)] 393099K->211851K(807936K), 0.0019442 secs] [Times: user=0.01 sys=0.00, real=0.00 secs] 
289.071: [GC (Allocation Failure) [PSYoungGen: 134559K->17792K(190976K)] 345002K->228243K(850944K), 0.0022392 secs] [Times: user=0.00 sys=0.00, real=0.00 secs] 
289.871: [GC (Allocation Failure) [PSYoungGen: 162176K->1440K(144384K)] 372627K->211899K(804352K), 0.0019455 secs] [Times: user=0.00 sys=0.00, real=0.00 secs] 
292.255: [GC (Allocation Failure) [PSYoungGen: 144288K->17888K(185856K)] 354747K->228347K(845824K), 0.0046556 secs] [Times: user=0.02 sys=0.00, real=0.00 secs] 
293.279: [GC (Allocation Failure) [PSYoungGen: 159200K->34224K(188416K)] 369659K->244691K(848384K), 0.0047567 secs] [Times: user=0.03 sys=0.00, real=0.00 secs] 
295.544: [GC (Allocation Failure) [PSYoungGen: 173874K->9648K(184320K)] 384341K->220115K(844288K), 0.0029321 secs] [Times: user=0.01 sys=0.00, real=0.01 secs] 
296.745: [GC (Allocation Failure) [PSYoungGen: 147888K->34208K(186880K)] 358355K->244675K(846848K), 0.0060137 secs] [Times: user=0.03 sys=0.00, real=0.00 secs] 
299.534: [GC (Allocation Failure) [PSYoungGen: 170912K->5584K(184320K)] 381379K->216051K(844288K), 0.0025935 secs] [Times: user=0.01 sys=0.00, real=0.01 secs] 
301.135: [GC (Allocation Failure) [PSYoungGen: 140752K->34176K(185856K)] 351219K->244651K(845824K), 0.0055990 secs] [Times: user=0.02 sys=0.00, real=0.00 secs] 
302.434: [GC (Allocation Failure) [PSYoungGen: 167808K->1408K(183808K)] 378283K->211883K(843776K), 0.0026120 secs] [Times: user=0.01 sys=0.00, real=0.01 secs] 
304.620: [GC (Allocation Failure) [PSYoungGen: 133504K->17824K(148480K)] 343979K->228299K(808448K), 0.0032723 secs] [Times: user=0.02 sys=0.00, real=0.00 secs] 
305.881: [GC (Allocation Failure) [PSYoungGen: 148384K->34176K(179200K)] 358859K->244659K(839168K), 0.0048239 secs] [Times: user=0.02 sys=0.00, real=0.01 secs] 
307.875: [GC (Allocation Failure) [PSYoungGen: 162176K->9664K(136192K)] 372659K->220147K(796160K), 0.0024146 secs] [Times: user=0.01 sys=0.00, real=0.00 secs] 
309.260: [GC (Allocation Failure) [PSYoungGen: 136128K->34176K(176128K)] 346611K->244659K(836096K), 0.0044170 secs] [Times: user=0.03 sys=0.00, real=0.01 secs] 
310.779: [GC (Allocation Failure) [PSYoungGen: 158080K->1376K(123904K)] 368563K->211859K(783872K), 0.0036830 secs] [Times: user=0.01 sys=0.00, real=0.00 secs] 
313.742: [GC (Allocation Failure) [PSYoungGen: 123744K->17856K(167424K)] 334227K->228347K(827392K), 0.0028413 secs] [Times: user=0.01 sys=0.00, real=0.01 secs] 
315.298: [GC (Allocation Failure) [PSYoungGen: 139200K->34208K(171008K)] 349691K->244707K(830976K), 0.0047347 secs] [Times: user=0.03 sys=0.00, real=0.00 secs] 
317.380: [GC (Allocation Failure) [PSYoungGen: 154528K->9664K(167936K)] 365027K->220171K(827904K), 0.0029838 secs] [Times: user=0.01 sys=0.00, real=0.00 secs] 
317.786: [GC (Allocation Failure) [PSYoungGen: 128960K->34176K(169984K)] 339467K->244691K(829952K), 0.0033527 secs] [Times: user=0.02 sys=0.00, real=0.00 secs] 
318.429: [GC (Allocation Failure) [PSYoungGen: 152448K->1344K(170496K)] 362963K->211859K(830464K), 0.0018472 secs] [Times: user=0.01 sys=0.00, real=0.00 secs] 
319.648: [GC (Allocation Failure) [PSYoungGen: 118592K->17856K(134144K)] 329107K->228379K(794112K), 0.0023226 secs] [Times: user=0.01 sys=0.00, real=0.00 secs] 
320.063: [GC (Allocation Failure) [PSYoungGen: 134080K->34176K(164352K)] 344603K->244699K(824320K), 0.0034803 secs] [Times: user=0.01 sys=0.00, real=0.01 secs] 
321.242: [GC (Allocation Failure) [PSYoungGen: 147840K->320K(113152K)] 358363K->210842K(773120K), 0.0012642 secs] [Times: user=0.00 sys=0.00, real=0.00 secs] 
322.446: [GC (Allocation Failure) [PSYoungGen: 112960K->17824K(156672K)] 323482K->228347K(816640K), 0.0053746 secs] [Times: user=0.02 sys=0.00, real=0.00 secs] 
323.537: [GC (Allocation Failure) [PSYoungGen: 129440K->34176K(160256K)] 339963K->244699K(820224K), 0.0079133 secs] [Times: user=0.04 sys=0.00, real=0.01 secs] 
325.380: [GC (Allocation Failure) [PSYoungGen: 144768K->5568K(159232K)] 355291K->216091K(819200K), 0.0019561 secs] [Times: user=0.00 sys=0.00, real=0.00 secs] 
326.080: [GC (Allocation Failure) [PSYoungGen: 112087K->17808K(126464K)] 322610K->228331K(786432K), 0.0022180 secs] [Times: user=0.01 sys=0.00, real=0.00 secs] 
326.753: [GC (Allocation Failure) [PSYoungGen: 126352K->34176K(154624K)] 336875K->244699K(814592K), 0.0037097 secs] [Times: user=0.02 sys=0.00, real=0.01 secs] 
328.165: [GC (Allocation Failure) [PSYoungGen: 140160K->5568K(110592K)] 350683K->216091K(770560K), 0.0028639 secs] [Times: user=0.01 sys=0.00, real=0.00 secs] 
329.071: [GC (Allocation Failure) [PSYoungGen: 105729K->17808K(147456K)] 316251K->228331K(807424K), 0.0038136 secs] [Times: user=0.01 sys=0.00, real=0.01 secs] 
330.136: [GC (Allocation Failure) [PSYoungGen: 121744K->34176K(150528K)] 332267K->244707K(810496K), 0.0054699 secs] [Times: user=0.03 sys=0.00, real=0.00 secs] 
331.775: [GC (Allocation Failure) [PSYoungGen: 136524K->3488K(150528K)] 347055K->214019K(810496K), 0.0018036 secs] [Times: user=0.01 sys=0.01, real=0.00 secs] 
332.609: [GC (Allocation Failure) [PSYoungGen: 105376K->17824K(118784K)] 315907K->228371K(778752K), 0.0044177 secs] [Times: user=0.01 sys=0.00, real=0.00 secs] 
332.991: [GC (Allocation Failure) [PSYoungGen: 118688K->34176K(144896K)] 329235K->244723K(804864K), 0.0035500 secs] [Times: user=0.01 sys=0.00, real=0.01 secs] 
334.134: [GC (Allocation Failure) [PSYoungGen: 131968K->1696K(99328K)] 342515K->212251K(759296K), 0.0014342 secs] [Times: user=0.01 sys=0.00, real=0.01 secs] 
334.912: [GC (Allocation Failure) [PSYoungGen: 98976K->17792K(140288K)] 309531K->228355K(800256K), 0.0025708 secs] [Times: user=0.01 sys=0.01, real=0.01 secs] 
335.279: [GC (Allocation Failure) [PSYoungGen: 114560K->34176K(143360K)] 325123K->244739K(803328K), 0.0034634 secs] [Times: user=0.02 sys=0.00, real=0.00 secs] 
335.680: [GC (Allocation Failure) [PSYoungGen: 130432K->1408K(145408K)] 340995K->211971K(805376K), 0.0017130 secs] [Times: user=0.00 sys=0.00, real=0.00 secs] 
336.728: [GC (Allocation Failure) [PSYoungGen: 97152K->17824K(113152K)] 307715K->228387K(773120K), 0.0023294 secs] [Times: user=0.01 sys=0.00, real=0.00 secs] 
337.056: [GC (Allocation Failure) [PSYoungGen: 113056K->34176K(139264K)] 323619K->244739K(799232K), 0.0032578 secs] [Times: user=0.01 sys=0.00, real=0.00 secs] 
337.441: [GC (Allocation Failure) [PSYoungGen: 126336K->1408K(93184K)] 336899K->211971K(753152K), 0.0024203 secs] [Times: user=0.01 sys=0.00, real=0.00 secs] 
338.579: [GC (Allocation Failure) [PSYoungGen: 93056K->9664K(136704K)] 303619K->220235K(796672K), 0.0021738 secs] [Times: user=0.00 sys=0.00, real=0.00 secs] 
339.137: [GC (Allocation Failure) [PSYoungGen: 96198K->17776K(108544K)] 306769K->228347K(768512K), 0.0027569 secs] [Times: user=0.01 sys=0.00, real=0.00 secs] 
339.846: [GC (Allocation Failure) [PSYoungGen: 108400K->34208K(132608K)] 318971K->244779K(792576K), 0.0046042 secs] [Times: user=0.03 sys=0.00, real=0.00 secs] 
340.678: [GC (Allocation Failure) [PSYoungGen: 121248K->1376K(88064K)] 331819K->211947K(748032K), 0.0027340 secs] [Times: user=0.01 sys=0.00, real=0.00 secs] 
342.258: [GC (Allocation Failure) [PSYoungGen: 87904K->17856K(128512K)] 298475K->228427K(788480K), 0.0026247 secs] [Times: user=0.01 sys=0.00, real=0.00 secs] 
342.755: [GC (Allocation Failure) [PSYoungGen: 103872K->34176K(131584K)] 314443K->244755K(791552K), 0.0035144 secs] [Times: user=0.02 sys=0.00, real=0.00 secs] 
343.172: [GC (Allocation Failure) [PSYoungGen: 119680K->34128K(132608K)] 330259K->244707K(792576K), 0.0036214 secs] [Times: user=0.02 sys=0.00, real=0.01 secs] 
344.597: [GC (Allocation Failure) [PSYoungGen: 117072K->2432K(84992K)] 327651K->213019K(744960K), 0.0034975 secs] [Times: user=0.01 sys=0.00, real=0.00 secs] 
345.237: [GC (Allocation Failure) [PSYoungGen: 84864K->17824K(127488K)] 295451K->228419K(787456K), 0.0034902 secs] [Times: user=0.01 sys=0.00, real=0.00 secs] 
345.773: [GC (Allocation Failure) [PSYoungGen: 99744K->34176K(130560K)] 310339K->244771K(790528K), 0.0041476 secs] [Times: user=0.02 sys=0.00, real=0.01 secs] 
346.603: [GC (Allocation Failure) [PSYoungGen: 115584K->1376K(132096K)] 326179K->211971K(792064K), 0.0037698 secs] [Times: user=0.01 sys=0.00, real=0.01 secs] 
348.355: [GC (Allocation Failure) [PSYoungGen: 82272K->5600K(86016K)] 292867K->216195K(745984K), 0.0020006 secs] [Times: user=0.01 sys=0.00, real=0.00 secs] 
348.983: [GC (Allocation Failure) [PSYoungGen: 85984K->17760K(123904K)] 296579K->228363K(783872K), 0.0026594 secs] [Times: user=0.02 sys=0.00, real=0.01 secs] 
349.566: [GC (Allocation Failure) [PSYoungGen: 97632K->34144K(126976K)] 308235K->244747K(786944K), 0.0036109 secs] [Times: user=0.02 sys=0.00, real=0.00 secs] 
350.552: [GC (Allocation Failure) [PSYoungGen: 113504K->1408K(129024K)] 324107K->212011K(788992K), 0.0020761 secs] [Times: user=0.01 sys=0.00, real=0.00 secs] 
352.129: [GC (Allocation Failure) [PSYoungGen: 79669K->5536K(83968K)] 290272K->216139K(743936K), 0.0019846 secs] [Times: user=0.00 sys=0.00, real=0.00 secs] 
352.737: [GC (Allocation Failure) [PSYoungGen: 83872K->17824K(121344K)] 294475K->228427K(781312K), 0.0027186 secs] [Times: user=0.01 sys=0.01, real=0.00 secs] 
353.274: [GC (Allocation Failure) [PSYoungGen: 95648K->34176K(123904K)] 306251K->244779K(783872K), 0.0033844 secs] [Times: user=0.01 sys=0.00, real=0.01 secs] 
353.941: [GC (Allocation Failure) [PSYoungGen: 111488K->1376K(125440K)] 322091K->211979K(785408K), 0.0022408 secs] [Times: user=0.01 sys=0.00, real=0.00 secs] 
355.097: [GC (Allocation Failure) [PSYoungGen: 78176K->5568K(81920K)] 288779K->216179K(741888K), 0.0018922 secs] [Times: user=0.01 sys=0.00, real=0.00 secs] 
355.593: [GC (Allocation Failure) [PSYoungGen: 81856K->17824K(119296K)] 292467K->228435K(779264K), 0.0028132 secs] [Times: user=0.02 sys=0.00, real=0.01 secs] 
356.068: [GC (Allocation Failure) [PSYoungGen: 93600K->34176K(121344K)] 304211K->244787K(781312K), 0.0035293 secs] [Times: user=0.01 sys=0.00, real=0.00 secs] 
356.661: [GC (Allocation Failure) [PSYoungGen: 109440K->1344K(123392K)] 320051K->211963K(783360K), 0.0034114 secs] [Times: user=0.01 sys=0.00, real=0.01 secs] 
358.175: [GC (Allocation Failure) [PSYoungGen: 76096K->2464K(76800K)] 286715K->213083K(736768K), 0.0039064 secs] [Times: user=0.01 sys=0.00, real=0.00 secs] 
358.717: [GC (Allocation Failure) [PSYoungGen: 76704K->17824K(117248K)] 287323K->228443K(777216K), 0.0034682 secs] [Times: user=0.01 sys=0.00, real=0.00 secs] 
358.976: [GC (Allocation Failure) [PSYoungGen: 91552K->34208K(119296K)] 302171K->244835K(779264K), 0.0036578 secs] [Times: user=0.02 sys=0.00, real=0.00 secs] 
359.322: [GC (Allocation Failure) [PSYoungGen: 107424K->34176K(120320K)] 318051K->244803K(780288K), 0.0032261 secs] [Times: user=0.01 sys=0.00, real=0.01 secs] 
359.940: [GC (Allocation Failure) [PSYoungGen: 104320K->1376K(71168K)] 314947K->212003K(731136K), 0.0018905 secs] [Times: user=0.01 sys=0.00, real=0.00 secs] 
361.442: [GC (Allocation Failure) [PSYoungGen: 71008K->9632K(117248K)] 281635K->220259K(777216K), 0.0018272 secs] [Times: user=0.01 sys=0.00, real=0.00 secs] 
362.047: [GC (Allocation Failure) [PSYoungGen: 73091K->17840K(86528K)] 283718K->228467K(746496K), 0.0035086 secs] [Times: user=0.02 sys=0.00, real=0.00 secs] 
362.461: [GC (Allocation Failure) [PSYoungGen: 86448K->34176K(112640K)] 297075K->244811K(772608K), 0.0051175 secs] [Times: user=0.02 sys=0.00, real=0.01 secs] 
363.055: [GC (Allocation Failure) [PSYoungGen: 99200K->1408K(66560K)] 309835K->212043K(726528K), 0.0031172 secs] [Times: user=0.01 sys=0.01, real=0.00 secs] 
364.278: [GC (Allocation Failure) [PSYoungGen: 66432K->2496K(113664K)] 277067K->213139K(773632K), 0.0017306 secs] [Times: user=0.00 sys=0.00, real=0.00 secs] 
364.754: [GC (Allocation Failure) [PSYoungGen: 67520K->17792K(82944K)] 278163K->228435K(742912K), 0.0027332 secs] [Times: user=0.01 sys=0.00, real=0.01 secs] 
365.186: [GC (Allocation Failure) [PSYoungGen: 68426K->17760K(108032K)] 279069K->228411K(768000K), 0.0024060 secs] [Times: user=0.01 sys=0.00, real=0.00 secs] 
365.594: [GC (Allocation Failure) [PSYoungGen: 82784K->34176K(110080K)] 293435K->244827K(770048K), 0.0034490 secs] [Times: user=0.01 sys=0.00, real=0.01 secs] 
366.112: [GC (Allocation Failure) [PSYoungGen: 99200K->1376K(113152K)] 309851K->212035K(773120K), 0.0018808 secs] [Times: user=0.01 sys=0.00, real=0.00 secs] 
367.571: [GC (Allocation Failure) [PSYoungGen: 66400K->1920K(67072K)] 277059K->212587K(727040K), 0.0017386 secs] [Times: user=0.01 sys=0.00, real=0.00 secs] 
368.344: [GC (Allocation Failure) [PSYoungGen: 59645K->9600K(107520K)] 270312K->220267K(767488K), 0.0031658 secs] [Times: user=0.01 sys=0.00, real=0.00 secs] 
368.800: [GC (Allocation Failure) [PSYoungGen: 73157K->17792K(82944K)] 283824K->228459K(742912K), 0.0030456 secs] [Times: user=0.01 sys=0.00, real=0.00 secs] 
369.266: [GC (Allocation Failure) [PSYoungGen: 82816K->34176K(103936K)] 293483K->244843K(763904K), 0.0041095 secs] [Times: user=0.02 sys=0.00, real=0.00 secs] 
369.894: [GC (Allocation Failure) [PSYoungGen: 94592K->1376K(61952K)] 305259K->212043K(721920K), 0.0025926 secs] [Times: user=0.01 sys=0.00, real=0.01 secs] 
370.505: [GC (Allocation Failure) [PSYoungGen: 61792K->288K(105984K)] 272459K->210954K(765952K), 0.0022245 secs] [Times: user=0.00 sys=0.00, real=0.00 secs] 
372.052: [GC (Allocation Failure) [PSYoungGen: 60704K->9600K(70144K)] 271370K->220267K(730112K), 0.0028991 secs] [Times: user=0.01 sys=0.00, real=0.01 secs] 
372.516: [GC (Allocation Failure) [PSYoungGen: 70016K->17824K(101376K)] 280683K->228491K(761344K), 0.0031370 secs] [Times: user=0.02 sys=0.00, real=0.00 secs] 
372.875: [GC (Allocation Failure) [PSYoungGen: 78240K->34176K(102912K)] 288907K->244843K(762880K), 0.0042254 secs] [Times: user=0.01 sys=0.00, real=0.00 secs] 
373.502: [GC (Allocation Failure) [PSYoungGen: 94592K->34176K(104448K)] 305259K->244843K(764416K), 0.0049039 secs] [Times: user=0.03 sys=0.00, real=0.01 secs] 
374.132: [GC (Allocation Failure) [PSYoungGen: 91008K->1376K(58368K)] 301675K->212051K(718336K), 0.0029838 secs] [Times: user=0.01 sys=0.00, real=0.01 secs] 
375.450: [GC (Allocation Failure) [PSYoungGen: 58208K->9632K(102400K)] 268883K->220307K(762368K), 0.0022122 secs] [Times: user=0.00 sys=0.00, real=0.00 secs] 
375.729: [GC (Allocation Failure) [PSYoungGen: 66464K->17760K(74752K)] 277139K->228435K(734720K), 0.0024659 secs] [Times: user=0.01 sys=0.00, real=0.00 secs] 
375.990: [GC (Allocation Failure) [PSYoungGen: 74592K->34176K(99328K)] 285267K->244851K(759296K), 0.0034389 secs] [Times: user=0.02 sys=0.00, real=0.00 secs] 
376.213: [GC (Allocation Failure) [PSYoungGen: 87424K->34144K(102912K)] 298099K->244827K(762880K), 0.0031911 secs] [Times: user=0.02 sys=0.00, real=0.01 secs] 
376.436: [GC (Allocation Failure) [PSYoungGen: 87392K->1376K(109568K)] 298075K->212067K(769536K), 0.0017470 secs] [Times: user=0.01 sys=0.00, real=0.00 secs] 
377.386: [GC (Allocation Failure) [PSYoungGen: 59680K->1696K(60416K)] 270371K->212387K(720384K), 0.0015563 secs] [Times: user=0.01 sys=0.00, real=0.00 secs] 
378.118: [GC (Allocation Failure) [PSYoungGen: 60064K->9616K(104960K)] 270755K->220315K(764928K), 0.0020802 secs] [Times: user=0.01 sys=0.00, real=0.00 secs] 
378.867: [GC (Allocation Failure) [PSYoungGen: 67984K->17776K(76288K)] 278683K->228475K(736256K), 0.0026009 secs] [Times: user=0.01 sys=0.00, real=0.00 secs] 
379.590: [GC (Allocation Failure) [PSYoungGen: 76144K->34208K(100864K)] 286843K->244907K(760832K), 0.0038542 secs] [Times: user=0.02 sys=0.01, real=0.00 secs] 
380.364: [GC (Allocation Failure) [PSYoungGen: 88480K->34176K(104960K)] 299179K->244875K(764928K), 0.0039525 secs] [Times: user=0.02 sys=0.00, real=0.01 secs] 
381.124: [GC (Allocation Failure) [PSYoungGen: 88448K->1344K(107520K)] 299147K->212043K(767488K), 0.0018323 secs] [Times: user=0.01 sys=0.00, real=0.01 secs] 
382.443: [GC (Allocation Failure) [PSYoungGen: 55616K->5520K(59904K)] 266315K->216219K(719872K), 0.0020639 secs] [Times: user=0.01 sys=0.00, real=0.01 secs] 
382.859: [GC (Allocation Failure) [PSYoungGen: 59792K->17760K(99840K)] 270491K->228459K(759808K), 0.0023381 secs] [Times: user=0.01 sys=0.00, real=0.00 secs] 
383.169: [GC (Allocation Failure) [PSYoungGen: 64407K->17792K(72192K)] 275106K->228491K(732160K), 0.0024579 secs] [Times: user=0.01 sys=0.00, real=0.00 secs] 
383.329: [GC (Allocation Failure) [PSYoungGen: 72064K->34160K(96768K)] 282763K->244859K(756736K), 0.0036216 secs] [Times: user=0.01 sys=0.00, real=0.00 secs] 
383.541: [GC (Allocation Failure) [PSYoungGen: 84848K->34128K(100352K)] 295547K->244835K(760320K), 0.0035016 secs] [Times: user=0.01 sys=0.00, real=0.01 secs] 
383.913: [GC (Allocation Failure) [PSYoungGen: 84816K->1344K(107520K)] 295523K->212051K(767488K), 0.0016997 secs] [Times: user=0.00 sys=0.00, real=0.01 secs] 
385.026: [GC (Allocation Failure) [PSYoungGen: 57152K->5488K(61440K)] 267859K->216219K(721408K), 0.0019745 secs] [Times: user=0.00 sys=0.00, real=0.00 secs] 
385.321: [GC (Allocation Failure) [PSYoungGen: 61296K->17792K(100864K)] 272027K->228523K(760832K), 0.0033391 secs] [Times: user=0.01 sys=0.00, real=0.00 secs] 
385.526: [GC (Allocation Failure) [PSYoungGen: 64615K->17808K(103936K)] 275346K->228539K(763904K), 0.0023877 secs] [Times: user=0.01 sys=0.00, real=0.00 secs] 
385.696: [GC (Allocation Failure) [PSYoungGen: 73616K->34176K(102912K)] 284347K->244915K(762880K), 0.0034626 secs] [Times: user=0.02 sys=0.00, real=0.00 secs] 
385.978: [GC (Allocation Failure) [PSYoungGen: 92032K->34144K(106496K)] 302771K->244883K(766464K), 0.0039564 secs] [Times: user=0.02 sys=0.00, real=0.00 secs] 
386.235: [GC (Allocation Failure) [PSYoungGen: 92000K->1376K(116224K)] 302739K->212115K(776192K), 0.0018677 secs] [Times: user=0.01 sys=0.00, real=0.00 secs] 
388.017: [GC (Allocation Failure) [PSYoungGen: 65888K->9600K(116224K)] 276627K->220339K(776192K), 0.0043150 secs] [Times: user=0.01 sys=0.00, real=0.00 secs] 
388.909: [GC (Allocation Failure) [PSYoungGen: 74112K->17760K(101376K)] 284851K->228499K(761344K), 0.0055643 secs] [Times: user=0.02 sys=0.00, real=0.01 secs] 
389.490: [GC (Allocation Failure) [PSYoungGen: 82272K->34176K(111104K)] 293011K->244915K(771072K), 0.0071769 secs] [Times: user=0.03 sys=0.00, real=0.01 secs] 
390.027: [GC (Allocation Failure) [PSYoungGen: 98688K->34176K(118784K)] 309427K->244915K(778752K), 0.0100200 secs] [Times: user=0.04 sys=0.01, real=0.01 secs] 
390.755: [GC (Allocation Failure) [PSYoungGen: 102784K->1408K(121344K)] 313523K->212147K(781312K), 0.0033880 secs] [Times: user=0.01 sys=0.00, real=0.00 secs] 
391.922: [GC (Allocation Failure) [PSYoungGen: 69192K->9632K(109056K)] 279931K->220379K(769024K), 0.0022789 secs] [Times: user=0.01 sys=0.00, real=0.00 secs] 
392.154: [GC (Allocation Failure) [PSYoungGen: 73228K->17824K(85504K)] 283975K->228571K(745472K), 0.0025205 secs] [Times: user=0.01 sys=0.00, real=0.01 secs] 
392.422: [GC (Allocation Failure) [PSYoungGen: 85408K->34208K(112128K)] 296155K->244955K(772096K), 0.0033904 secs] [Times: user=0.02 sys=0.00, real=0.01 secs] 
392.691: [GC (Allocation Failure) [PSYoungGen: 98720K->1392K(115200K)] 309467K->212139K(775168K), 0.0017203 secs] [Times: user=0.00 sys=0.00, real=0.00 secs] 
393.680: [GC (Allocation Failure) [PSYoungGen: 65904K->1920K(107520K)] 276651K->212667K(767488K), 0.0017876 secs] [Times: user=0.01 sys=0.00, real=0.00 secs] 
393.961: [GC (Allocation Failure) [PSYoungGen: 66432K->17792K(82432K)] 277179K->228539K(742400K), 0.0023165 secs] [Times: user=0.01 sys=0.00, real=0.00 secs] 
394.181: [GC (Allocation Failure) [PSYoungGen: 70626K->17776K(107520K)] 281373K->228523K(767488K), 0.0023115 secs] [Times: user=0.01 sys=0.00, real=0.00 secs] 
394.497: [GC (Allocation Failure) [PSYoungGen: 82288K->34208K(109568K)] 293035K->244955K(769536K), 0.0036786 secs] [Times: user=0.02 sys=0.00, real=0.00 secs] 
395.082: [GC (Allocation Failure) [PSYoungGen: 98720K->1408K(106496K)] 309467K->212155K(766464K), 0.0018120 secs] [Times: user=0.01 sys=0.00, real=0.00 secs] 
396.378: [GC (Allocation Failure) [PSYoungGen: 65920K->1712K(66560K)] 276667K->212467K(726528K), 0.0016845 secs] [Times: user=0.00 sys=0.00, real=0.00 secs] 
396.597: [GC (Allocation Failure) [PSYoungGen: 60731K->9632K(108032K)] 271486K->220387K(768000K), 0.0017479 secs] [Times: user=0.01 sys=0.00, real=0.00 secs] 
396.838: [GC (Allocation Failure) [PSYoungGen: 72778K->17808K(82432K)] 283533K->228563K(742400K), 0.0020165 secs] [Times: user=0.01 sys=0.00, real=0.00 secs] 
397.045: [GC (Allocation Failure) [PSYoungGen: 82320K->34144K(103424K)] 293075K->244899K(763392K), 0.0027152 secs] [Times: user=0.01 sys=0.00, real=0.00 secs] 
397.294: [GC (Allocation Failure) [PSYoungGen: 94048K->34208K(108032K)] 304803K->244963K(768000K), 0.0027972 secs] [Times: user=0.01 sys=0.00, real=0.01 secs] 
397.543: [GC (Allocation Failure) [PSYoungGen: 94112K->1344K(103936K)] 304867K->212099K(763904K), 0.0014695 secs] [Times: user=0.00 sys=0.00, real=0.01 secs] 
400.418: [GC (Allocation Failure) [PSYoungGen: 61248K->9632K(69632K)] 272003K->220403K(729600K), 0.0040577 secs] [Times: user=0.01 sys=0.00, real=0.00 secs] 
401.173: [GC (Allocation Failure) [PSYoungGen: 69536K->17792K(103424K)] 280307K->228563K(763392K), 0.0038200 secs] [Times: user=0.01 sys=0.00, real=0.01 secs] 
401.539: [GC (Allocation Failure) [PSYoungGen: 77696K->34208K(105984K)] 288467K->244979K(765952K), 0.0056454 secs] [Times: user=0.03 sys=0.00, real=0.01 secs] 
402.194: [GC (Allocation Failure) [PSYoungGen: 94112K->34176K(106496K)] 304883K->244947K(766464K), 0.0046836 secs] [Times: user=0.02 sys=0.00, real=0.01 secs] 
402.647: [GC (Allocation Failure) [PSYoungGen: 91008K->1376K(109568K)] 301779K->212147K(769536K), 0.0024434 secs] [Times: user=0.00 sys=0.00, real=0.00 secs] 
403.784: [GC (Allocation Failure) [PSYoungGen: 55677K->5536K(106496K)] 266448K->216307K(766464K), 0.0017504 secs] [Times: user=0.01 sys=0.00, real=0.01 secs] 
403.979: [GC (Allocation Failure) [PSYoungGen: 62368K->17792K(74752K)] 273139K->228563K(734720K), 0.0022355 secs] [Times: user=0.01 sys=0.00, real=0.00 secs] 
404.164: [GC (Allocation Failure) [PSYoungGen: 74624K->34176K(101376K)] 285395K->244947K(761344K), 0.0033357 secs] [Times: user=0.02 sys=0.00, real=0.01 secs] 
404.430: [GC (Allocation Failure) [PSYoungGen: 87424K->34208K(104960K)] 298195K->244979K(764928K), 0.0029098 secs] [Times: user=0.01 sys=0.00, real=0.00 secs] 
404.665: [GC (Allocation Failure) [PSYoungGen: 87456K->1376K(112128K)] 298227K->212163K(772096K), 0.0016546 secs] [Times: user=0.00 sys=0.00, real=0.00 secs] 
404.945: [GC (Allocation Failure) [PSYoungGen: 60256K->320K(59392K)] 271043K->211106K(719360K), 0.0015839 secs] [Times: user=0.01 sys=0.00, real=0.00 secs] 
406.347: [GC (Allocation Failure) [PSYoungGen: 59200K->9664K(107008K)] 269986K->220459K(766976K), 0.0029847 secs] [Times: user=0.01 sys=0.00, real=0.00 secs] 
407.084: [GC (Allocation Failure) [PSYoungGen: 68544K->17824K(76800K)] 279339K->228619K(736768K), 0.0029001 secs] [Times: user=0.01 sys=0.00, real=0.01 secs] 
407.626: [GC (Allocation Failure) [PSYoungGen: 76704K->34208K(103424K)] 287499K->245003K(763392K), 0.0056493 secs] [Times: user=0.03 sys=0.00, real=0.00 secs] 
408.158: [GC (Allocation Failure) [PSYoungGen: 89504K->34208K(107008K)] 300299K->245003K(766976K), 0.0047543 secs] [Times: user=0.03 sys=0.00, real=0.00 secs] 
408.782: [GC (Allocation Failure) [PSYoungGen: 89504K->1376K(108544K)] 300299K->212187K(768512K), 0.0024210 secs] [Times: user=0.01 sys=0.00, real=0.01 secs] 
410.083: [GC (Allocation Failure) [PSYoungGen: 56672K->5536K(60928K)] 267483K->216347K(720896K), 0.0018994 secs] [Times: user=0.01 sys=0.00, real=0.01 secs] 
410.462: [GC (Allocation Failure) [PSYoungGen: 60832K->17824K(101376K)] 271643K->228635K(761344K), 0.0025097 secs] [Times: user=0.01 sys=0.00, real=0.00 secs] 
410.880: [GC (Allocation Failure) [PSYoungGen: 63153K->17792K(73216K)] 273964K->228603K(733184K), 0.0028072 secs] [Times: user=0.01 sys=0.00, real=0.00 secs] 
411.251: [GC (Allocation Failure) [PSYoungGen: 73088K->34240K(98304K)] 283899K->245051K(758272K), 0.0037605 secs] [Times: user=0.02 sys=0.00, real=0.00 secs] 
411.722: [GC (Allocation Failure) [PSYoungGen: 85952K->34208K(101888K)] 296763K->245019K(761856K), 0.0039428 secs] [Times: user=0.02 sys=0.00, real=0.01 secs] 
412.050: [GC (Allocation Failure) [PSYoungGen: 85920K->1344K(104448K)] 296731K->212155K(764416K), 0.0019186 secs] [Times: user=0.01 sys=0.00, real=0.00 secs] 
413.047: [GC (Allocation Failure) [PSYoungGen: 53056K->5536K(57344K)] 263867K->216355K(717312K), 0.0016812 secs] [Times: user=0.00 sys=0.00, real=0.00 secs] 
413.211: [GC (Allocation Failure) [PSYoungGen: 57248K->17824K(96768K)] 268067K->228643K(756736K), 0.0020748 secs] [Times: user=0.01 sys=0.00, real=0.00 secs] 
413.426: [GC (Allocation Failure) [PSYoungGen: 69536K->17792K(69632K)] 280355K->228611K(729600K), 0.0021148 secs] [Times: user=0.01 sys=0.00, real=0.00 secs] 
413.573: [GC (Allocation Failure) [PSYoungGen: 69504K->34144K(93696K)] 280323K->244963K(753664K), 0.0027757 secs] [Times: user=0.01 sys=0.00, real=0.01 secs] 
413.838: [GC (Allocation Failure) [PSYoungGen: 82272K->34176K(97280K)] 293091K->245019K(757248K), 0.0030536 secs] [Times: user=0.02 sys=0.00, real=0.00 secs] 
414.093: [GC (Allocation Failure) [PSYoungGen: 82304K->1408K(104960K)] 293147K->212251K(764928K), 0.0018261 secs] [Times: user=0.01 sys=0.00, real=0.01 secs] 
415.085: [GC (Allocation Failure) [PSYoungGen: 54656K->3488K(56832K)] 265499K->214331K(716800K), 0.0015748 secs] [Times: user=0.00 sys=0.01, real=0.00 secs] 
415.499: [GC (Allocation Failure) [PSYoungGen: 55399K->9600K(100352K)] 266242K->220443K(760320K), 0.0018030 secs] [Times: user=0.01 sys=0.00, real=0.00 secs] 
415.994: [GC (Allocation Failure) [PSYoungGen: 62848K->17760K(71168K)] 273691K->228603K(731136K), 0.0023012 secs] [Times: user=0.01 sys=0.00, real=0.01 secs] 
416.333: [GC (Allocation Failure) [PSYoungGen: 71008K->34176K(95744K)] 281851K->245027K(755712K), 0.0030930 secs] [Times: user=0.01 sys=0.00, real=0.01 secs] 
416.789: [GC (Allocation Failure) [PSYoungGen: 83840K->34208K(99328K)] 294691K->245059K(759296K), 0.0030679 secs] [Times: user=0.01 sys=0.00, real=0.00 secs] 
417.238: [GC (Allocation Failure) [PSYoungGen: 83872K->1408K(102400K)] 294723K->212259K(762368K), 0.0016548 secs] [Times: user=0.01 sys=0.00, real=0.00 secs] 
418.748: [GC (Allocation Failure) [PSYoungGen: 51072K->1664K(51712K)] 261923K->212515K(711680K), 0.0018798 secs] [Times: user=0.01 sys=0.00, real=0.00 secs] 
419.367: [GC (Allocation Failure) [PSYoungGen: 51328K->9600K(97280K)] 262179K->220451K(757248K), 0.0022144 secs] [Times: user=0.01 sys=0.00, real=0.00 secs] 
419.635: [GC (Allocation Failure) [PSYoungGen: 59264K->17792K(67584K)] 270115K->228643K(727552K), 0.0029999 secs] [Times: user=0.01 sys=0.00, real=0.00 secs] 
419.827: [GC (Allocation Failure) [PSYoungGen: 67456K->34208K(93184K)] 278307K->245067K(753152K), 0.0031365 secs] [Times: user=0.01 sys=0.00, real=0.00 secs] 
420.095: [GC (Allocation Failure) [PSYoungGen: 80288K->34176K(96768K)] 291147K->245035K(756736K), 0.0034588 secs] [Times: user=0.02 sys=0.00, real=0.00 secs] 
420.289: [GC (Allocation Failure) [PSYoungGen: 80256K->34176K(101376K)] 291115K->245035K(761344K), 0.0031765 secs] [Times: user=0.01 sys=0.00, real=0.00 secs] 
420.535: [GC (Allocation Failure) [PSYoungGen: 82304K->1344K(103936K)] 293163K->212203K(763904K), 0.0018863 secs] [Times: user=0.01 sys=0.01, real=0.00 secs] 
421.458: [GC (Allocation Failure) [PSYoungGen: 49472K->5568K(96256K)] 260331K->216435K(756224K), 0.0019452 secs] [Times: user=0.01 sys=0.00, real=0.00 secs] 
421.607: [GC (Allocation Failure) [PSYoungGen: 53696K->17760K(102400K)] 264563K->228627K(762368K), 0.0023610 secs] [Times: user=0.01 sys=0.00, real=0.00 secs] 
421.893: [GC (Allocation Failure) [PSYoungGen: 65888K->17824K(96768K)] 276755K->228691K(756736K), 0.0022840 secs] [Times: user=0.01 sys=0.00, real=0.01 secs] 
422.047: [GC (Allocation Failure) [PSYoungGen: 71072K->34176K(100352K)] 281939K->245043K(760320K), 0.0033719 secs] [Times: user=0.02 sys=0.00, real=0.00 secs] 
422.270: [GC (Allocation Failure) [PSYoungGen: 87424K->34144K(108032K)] 298291K->245019K(768000K), 0.0037553 secs] [Times: user=0.02 sys=0.00, real=0.00 secs] 
422.593: [GC (Allocation Failure) [PSYoungGen: 91488K->1392K(110080K)] 302363K->212267K(770048K), 0.0017813 secs] [Times: user=0.01 sys=0.00, real=0.01 secs] 
423.746: [GC (Allocation Failure) [PSYoungGen: 58736K->5568K(112128K)] 269611K->216451K(772096K), 0.0018202 secs] [Times: user=0.01 sys=0.00, real=0.00 secs] 
424.184: [GC (Allocation Failure) [PSYoungGen: 68544K->17792K(80896K)] 279427K->228675K(740864K), 0.0022683 secs] [Times: user=0.01 sys=0.00, real=0.00 secs] 
424.401: [GC (Allocation Failure) [PSYoungGen: 80768K->34208K(108544K)] 291651K->245091K(768512K), 0.0034936 secs] [Times: user=0.02 sys=0.00, real=0.01 secs] 
424.652: [GC (Allocation Failure) [PSYoungGen: 94112K->34144K(111616K)] 304995K->245027K(771584K), 0.0031911 secs] [Times: user=0.02 sys=0.01, real=0.01 secs] 
424.902: [GC (Allocation Failure) [PSYoungGen: 94048K->1424K(119296K)] 304931K->212307K(779264K), 0.0017504 secs] [Times: user=0.01 sys=0.00, real=0.00 secs] 
426.183: [GC (Allocation Failure) [PSYoungGen: 67472K->5536K(71680K)] 278355K->216419K(731648K), 0.0021729 secs] [Times: user=0.01 sys=0.00, real=0.01 secs] 
426.963: [GC (Allocation Failure) [PSYoungGen: 71584K->17824K(111616K)] 282467K->228707K(771584K), 0.0030228 secs] [Times: user=0.02 sys=0.00, real=0.01 secs] 
427.605: [GC (Allocation Failure) [PSYoungGen: 83872K->34176K(115200K)] 294755K->245059K(775168K), 0.0071700 secs] [Times: user=0.03 sys=0.00, real=0.00 secs] 
428.220: [GC (Allocation Failure) [PSYoungGen: 100224K->34176K(115712K)] 311107K->245059K(775680K), 0.0053340 secs] [Times: user=0.03 sys=0.00, real=0.01 secs] 
428.647: [GC (Allocation Failure) [PSYoungGen: 97664K->1408K(118272K)] 308547K->212299K(778240K), 0.0020143 secs] [Times: user=0.01 sys=0.00, real=0.00 secs] 
429.795: [GC (Allocation Failure) [PSYoungGen: 64896K->9632K(114176K)] 275787K->220523K(774144K), 0.0019708 secs] [Times: user=0.01 sys=0.00, real=0.00 secs] 
430.245: [GC (Allocation Failure) [PSYoungGen: 73120K->17824K(81408K)] 284011K->228715K(741376K), 0.0031268 secs] [Times: user=0.02 sys=0.00, real=0.00 secs] 
430.464: [GC (Allocation Failure) [PSYoungGen: 81312K->34144K(109568K)] 292203K->245035K(769536K), 0.0036271 secs] [Times: user=0.01 sys=0.00, real=0.01 secs] 
430.724: [GC (Allocation Failure) [PSYoungGen: 94560K->34192K(112640K)] 305451K->245083K(772608K), 0.0033652 secs] [Times: user=0.02 sys=0.00, real=0.01 secs] 
431.025: [GC (Allocation Failure) [PSYoungGen: 94608K->1344K(108544K)] 305499K->212235K(768512K), 0.0017092 secs] [Times: user=0.01 sys=0.00, real=0.00 secs] 
433.321: [GC (Allocation Failure) [PSYoungGen: 60896K->5552K(66048K)] 271787K->216443K(726016K), 0.0030364 secs] [Times: user=0.01 sys=0.01, real=0.00 secs] 
433.645: [GC (Allocation Failure) [PSYoungGen: 65968K->17792K(106496K)] 276859K->228683K(766464K), 0.0028519 secs] [Times: user=0.01 sys=0.00, real=0.00 secs] 
433.988: [GC (Allocation Failure) [PSYoungGen: 78208K->34176K(110080K)] 289099K->245067K(770048K), 0.0037131 secs] [Times: user=0.01 sys=0.00, real=0.00 secs] 
434.658: [GC (Allocation Failure) [PSYoungGen: 94592K->34176K(111104K)] 305483K->245067K(771072K), 0.0048788 secs] [Times: user=0.02 sys=0.01, real=0.00 secs] 
435.302: [GC (Allocation Failure) [PSYoungGen: 92544K->1376K(113152K)] 303435K->212267K(773120K), 0.0037278 secs] [Times: user=0.02 sys=0.00, real=0.01 secs] 
436.635: [GC (Allocation Failure) [PSYoungGen: 59744K->3488K(111104K)] 270635K->214387K(771072K), 0.0018888 secs] [Times: user=0.00 sys=0.00, real=0.00 secs] 
436.848: [GC (Allocation Failure) [PSYoungGen: 61856K->17792K(76288K)] 272755K->228691K(736256K), 0.0020911 secs] [Times: user=0.01 sys=0.00, real=0.00 secs] 
437.075: [GC (Allocation Failure) [PSYoungGen: 70148K->17824K(102400K)] 281047K->228723K(762368K), 0.0020198 secs] [Times: user=0.01 sys=0.00, real=0.00 secs] 
437.251: [GC (Allocation Failure) [PSYoungGen: 76192K->34144K(105472K)] 287091K->245043K(765440K), 0.0032829 secs] [Times: user=0.02 sys=0.00, real=0.00 secs] 
437.494: [GC (Allocation Failure) [PSYoungGen: 92512K->34208K(113152K)] 303411K->245107K(773120K), 0.0030333 secs] [Times: user=0.01 sys=0.00, real=0.01 secs] 
437.754: [GC (Allocation Failure) [PSYoungGen: 96672K->1376K(115200K)] 307571K->212275K(775168K), 0.0017620 secs] [Times: user=0.01 sys=0.00, real=0.01 secs] 
438.966: [GC (Allocation Failure) [PSYoungGen: 63840K->9600K(105472K)] 274739K->220499K(765440K), 0.0021270 secs] [Times: user=0.01 sys=0.00, real=0.00 secs] 
439.509: [GC (Allocation Failure) [PSYoungGen: 72064K->17824K(80384K)] 282963K->228723K(740352K), 0.0031977 secs] [Times: user=0.01 sys=0.00, real=0.00 secs] 
439.837: [GC (Allocation Failure) [PSYoungGen: 80288K->34208K(107008K)] 291187K->245107K(766976K), 0.0036607 secs] [Times: user=0.02 sys=0.00, real=0.00 secs] 
440.156: [GC (Allocation Failure) [PSYoungGen: 93600K->34208K(110080K)] 304499K->245107K(770048K), 0.0033037 secs] [Times: user=0.02 sys=0.00, real=0.00 secs] 
440.513: [GC (Allocation Failure) [PSYoungGen: 93600K->1392K(112640K)] 304499K->212291K(772608K), 0.0017692 secs] [Times: user=0.01 sys=0.00, real=0.01 secs] 
441.705: [GC (Allocation Failure) [PSYoungGen: 60784K->9632K(69120K)] 271683K->220531K(729088K), 0.0020431 secs] [Times: user=0.01 sys=0.00, real=0.00 secs] 
442.336: [GC (Allocation Failure) [PSYoungGen: 69024K->17760K(103936K)] 279923K->228659K(763904K), 0.0020620 secs] [Times: user=0.01 sys=0.00, real=0.00 secs] 
442.889: [GC (Allocation Failure) [PSYoungGen: 77152K->34208K(107520K)] 288051K->245107K(767488K), 0.0032600 secs] [Times: user=0.02 sys=0.00, real=0.00 secs] 
443.451: [GC (Allocation Failure) [PSYoungGen: 93600K->34176K(108032K)] 304499K->245075K(768000K), 0.0031924 secs] [Times: user=0.02 sys=0.00, real=0.00 secs] 
443.780: [GC (Allocation Failure) [PSYoungGen: 91008K->1376K(110592K)] 301907K->212283K(770560K), 0.0019076 secs] [Times: user=0.01 sys=0.00, real=0.00 secs] 
444.827: [GC (Allocation Failure) [PSYoungGen: 58208K->5536K(108544K)] 269115K->216443K(768512K), 0.0018378 secs] [Times: user=0.00 sys=0.00, real=0.00 secs] 
445.190: [GC (Allocation Failure) [PSYoungGen: 62368K->17792K(74752K)] 273275K->228699K(734720K), 0.0021739 secs] [Times: user=0.01 sys=0.00, real=0.00 secs] 
445.565: [GC (Allocation Failure) [PSYoungGen: 67790K->17728K(99840K)] 278697K->228635K(759808K), 0.0041188 secs] [Times: user=0.02 sys=0.01, real=0.00 secs] 
445.737: [GC (Allocation Failure) [PSYoungGen: 74560K->34208K(102912K)] 285467K->245115K(762880K), 0.0033105 secs] [Times: user=0.02 sys=0.00, real=0.00 secs] 
446.050: [GC (Allocation Failure) [PSYoungGen: 91040K->34208K(109568K)] 301947K->245115K(769536K), 0.0031570 secs] [Times: user=0.02 sys=0.00, real=0.00 secs] 
446.486: [GC (Allocation Failure) [PSYoungGen: 94624K->1376K(112128K)] 305531K->212299K(772096K), 0.0020730 secs] [Times: user=0.01 sys=0.00, real=0.00 secs] 
448.028: [GC (Allocation Failure) [PSYoungGen: 61792K->9664K(108544K)] 272715K->220587K(768512K), 0.0025985 secs] [Times: user=0.01 sys=0.00, real=0.00 secs] 
449.019: [GC (Allocation Failure) [PSYoungGen: 70080K->17792K(78336K)] 281003K->228715K(738304K), 0.0035431 secs] [Times: user=0.01 sys=0.00, real=0.00 secs] 
449.309: [GC (Allocation Failure) [PSYoungGen: 78208K->34176K(104448K)] 289131K->245099K(764416K), 0.0039951 secs] [Times: user=0.02 sys=0.00, real=0.00 secs] 
449.602: [GC (Allocation Failure) [PSYoungGen: 91520K->34208K(107520K)] 302443K->245131K(767488K), 0.0034676 secs] [Times: user=0.02 sys=0.00, real=0.01 secs] 
449.842: [GC (Allocation Failure) [PSYoungGen: 91552K->1376K(104448K)] 302475K->212299K(764416K), 0.0019115 secs] [Times: user=0.00 sys=0.00, real=0.00 secs] 
451.058: [GC (Allocation Failure) [PSYoungGen: 58720K->5536K(62976K)] 269643K->216459K(722944K), 0.0022486 secs] [Times: user=0.01 sys=0.00, real=0.00 secs] 
451.813: [GC (Allocation Failure) [PSYoungGen: 62880K->17792K(102912K)] 273803K->228715K(762880K), 0.0025472 secs] [Times: user=0.01 sys=0.00, real=0.01 secs] 
452.503: [GC (Allocation Failure) [PSYoungGen: 62499K->17824K(75264K)] 273422K->228747K(735232K), 0.0025898 secs] [Times: user=0.02 sys=0.00, real=0.01 secs] 
452.936: [GC (Allocation Failure) [PSYoungGen: 75168K->34192K(99840K)] 286091K->245115K(759808K), 0.0038326 secs] [Times: user=0.02 sys=0.00, real=0.00 secs] 
453.235: [GC (Allocation Failure) [PSYoungGen: 88464K->34176K(102912K)] 299387K->245099K(762880K), 0.0035675 secs] [Times: user=0.02 sys=0.00, real=0.00 secs] 
453.463: [GC (Allocation Failure) [PSYoungGen: 88448K->1376K(104960K)] 299371K->212299K(764928K), 0.0017574 secs] [Times: user=0.00 sys=0.00, real=0.01 secs] 
454.433: [GC (Allocation Failure) [PSYoungGen: 55136K->5504K(59392K)] 266059K->216427K(719360K), 0.0018357 secs] [Times: user=0.01 sys=0.00, real=0.01 secs] 
454.606: [GC (Allocation Failure) [PSYoungGen: 59264K->17760K(98304K)] 270187K->228683K(758272K), 0.0022562 secs] [Times: user=0.01 sys=0.00, real=0.00 secs] 
454.775: [GC (Allocation Failure) [PSYoungGen: 58561K->17824K(101376K)] 269484K->228747K(761344K), 0.0024908 secs] [Times: user=0.01 sys=0.00, real=0.00 secs] 
454.933: [GC (Allocation Failure) [PSYoungGen: 71584K->34208K(100352K)] 282507K->245147K(760320K), 0.0033116 secs] [Times: user=0.02 sys=0.00, real=0.01 secs] 
455.166: [GC (Allocation Failure) [PSYoungGen: 90016K->34144K(103936K)] 300955K->245083K(763904K), 0.0036868 secs] [Times: user=0.02 sys=0.00, real=0.00 secs] 
455.400: [GC (Allocation Failure) [PSYoungGen: 89952K->1408K(112640K)] 300891K->212347K(772608K), 0.0018835 secs] [Times: user=0.00 sys=0.00, real=0.00 secs] 
456.722: [GC (Allocation Failure) [PSYoungGen: 63360K->9632K(113152K)] 274299K->220571K(773120K), 0.0021780 secs] [Times: user=0.01 sys=0.00, real=0.00 secs] 
457.220: [GC (Allocation Failure) [PSYoungGen: 71584K->17792K(111616K)] 282523K->228731K(771584K), 0.0050271 secs] [Times: user=0.03 sys=0.00, real=0.01 secs] 
457.709: [GC (Allocation Failure) [PSYoungGen: 86400K->34176K(114688K)] 297339K->245115K(774656K), 0.0054873 secs] [Times: user=0.03 sys=0.00, real=0.00 secs] 
458.087: [GC (Allocation Failure) [PSYoungGen: 102784K->34240K(123392K)] 313723K->245179K(783360K), 0.0051094 secs] [Times: user=0.03 sys=0.00, real=0.00 secs] 
458.518: [GC (Allocation Failure) [PSYoungGen: 107897K->272K(125440K)] 318836K->211211K(785408K), 0.0017712 secs] [Times: user=0.00 sys=0.00, real=0.00 secs] 
459.742: [GC (Allocation Failure) [PSYoungGen: 67581K->9616K(114688K)] 278520K->220563K(774656K), 0.0019578 secs] [Times: user=0.01 sys=0.00, real=0.00 secs] 
460.266: [GC (Allocation Failure) [PSYoungGen: 72916K->17792K(90624K)] 283863K->228739K(750592K), 0.0049160 secs] [Times: user=0.02 sys=0.00, real=0.00 secs] 
460.817: [GC (Allocation Failure) [PSYoungGen: 90496K->34208K(117248K)] 301443K->245155K(777216K), 0.0041263 secs] [Times: user=0.02 sys=0.00, real=0.00 secs] 
461.481: [GC (Allocation Failure) [PSYoungGen: 103840K->1440K(70656K)] 314787K->212387K(730624K), 0.0022040 secs] [Times: user=0.01 sys=0.01, real=0.00 secs] 
463.029: [GC (Allocation Failure) [PSYoungGen: 70560K->5536K(115712K)] 281507K->216483K(775680K), 0.0029666 secs] [Times: user=0.01 sys=0.00, real=0.00 secs] 
463.759: [GC (Allocation Failure) [PSYoungGen: 74144K->17824K(86016K)] 285091K->228771K(745984K), 0.0053525 secs] [Times: user=0.02 sys=0.00, real=0.00 secs] 
464.143: [GC (Allocation Failure) [PSYoungGen: 85920K->34176K(111104K)] 296867K->245123K(771072K), 0.0048397 secs] [Times: user=0.02 sys=0.00, real=0.01 secs] 
464.636: [GC (Allocation Failure) [PSYoungGen: 98688K->34208K(114688K)] 309635K->245155K(774656K), 0.0041286 secs] [Times: user=0.02 sys=0.00, real=0.00 secs] 
465.162: [GC (Allocation Failure) [PSYoungGen: 98720K->1344K(117248K)] 309667K->212291K(777216K), 0.0025874 secs] [Times: user=0.01 sys=0.00, real=0.00 secs] 
467.052: [GC (Allocation Failure) [PSYoungGen: 65856K->9664K(74240K)] 276803K->220611K(734208K), 0.0043131 secs] [Times: user=0.01 sys=0.00, real=0.01 secs] 
467.969: [GC (Allocation Failure) [PSYoungGen: 74176K->17824K(109056K)] 285123K->228779K(769024K), 0.0043849 secs] [Times: user=0.02 sys=0.00, real=0.00 secs] 
468.431: [GC (Allocation Failure) [PSYoungGen: 82336K->34176K(112128K)] 293291K->245131K(772096K), 0.0046657 secs] [Times: user=0.02 sys=0.00, real=0.01 secs] 
469.025: [GC (Allocation Failure) [PSYoungGen: 98688K->34176K(112640K)] 309643K->245131K(772608K), 0.0050902 secs] [Times: user=0.02 sys=0.00, real=0.00 secs] 
469.641: [GC (Allocation Failure) [PSYoungGen: 96128K->1376K(115200K)] 307083K->212331K(775168K), 0.0022533 secs] [Times: user=0.01 sys=0.00, real=0.00 secs] 
471.168: [GC (Allocation Failure) [PSYoungGen: 63328K->9664K(111104K)] 274283K->220619K(771072K), 0.0043955 secs] [Times: user=0.01 sys=0.00, real=0.00 secs] 
471.731: [GC (Allocation Failure) [PSYoungGen: 71616K->17760K(79872K)] 282571K->228723K(739840K), 0.0033270 secs] [Times: user=0.01 sys=0.00, real=0.00 secs] 
471.919: [GC (Allocation Failure) [PSYoungGen: 79712K->34176K(107008K)] 290675K->245139K(766976K), 0.0035026 secs] [Times: user=0.01 sys=0.00, real=0.00 secs] 
472.172: [GC (Allocation Failure) [PSYoungGen: 93056K->34208K(110080K)] 304019K->245171K(770048K), 0.0036743 secs] [Times: user=0.01 sys=0.00, real=0.01 secs] 
472.485: [GC (Allocation Failure) [PSYoungGen: 93088K->1392K(117760K)] 304051K->212355K(777728K), 0.0018129 secs] [Times: user=0.01 sys=0.00, real=0.00 secs] 
473.639: [GC (Allocation Failure) [PSYoungGen: 63998K->5536K(70144K)] 274961K->216499K(730112K), 0.0020472 secs] [Times: user=0.01 sys=0.00, real=0.00 secs] 
474.066: [GC (Allocation Failure) [PSYoungGen: 70048K->17792K(110592K)] 281011K->228755K(770560K), 0.0038836 secs] [Times: user=0.02 sys=0.00, real=0.00 secs] 
474.489: [GC (Allocation Failure) [PSYoungGen: 82304K->34144K(113664K)] 293267K->245107K(773632K), 0.0073868 secs] [Times: user=0.03 sys=0.00, real=0.01 secs] 
474.867: [GC (Allocation Failure) [PSYoungGen: 98656K->34176K(121344K)] 309619K->245139K(781312K), 0.0036095 secs] [Times: user=0.02 sys=0.00, real=0.00 secs] 
475.197: [GC (Allocation Failure) [PSYoungGen: 103296K->1392K(70144K)] 314259K->212355K(730112K), 0.0018653 secs] [Times: user=0.01 sys=0.00, real=0.00 secs] 
476.558: [GC (Allocation Failure) [PSYoungGen: 70000K->9600K(117760K)] 280963K->220579K(777728K), 0.0018033 secs] [Times: user=0.01 sys=0.00, real=0.00 secs] 
477.148: [GC (Allocation Failure) [PSYoungGen: 77696K->17824K(85504K)] 288675K->228803K(745472K), 0.0034741 secs] [Times: user=0.01 sys=0.00, real=0.00 secs] 
477.479: [GC (Allocation Failure) [PSYoungGen: 85408K->34208K(113152K)] 296387K->245187K(773120K), 0.0034580 secs] [Times: user=0.02 sys=0.00, real=0.00 secs] 
477.769: [GC (Allocation Failure) [PSYoungGen: 98720K->34208K(116224K)] 309699K->245187K(776192K), 0.0033452 secs] [Times: user=0.02 sys=0.00, real=0.00 secs] 
478.727: [GC (Allocation Failure) [PSYoungGen: 98466K->224K(118784K)] 309445K->211203K(778752K), 0.0011800 secs] [Times: user=0.00 sys=0.00, real=0.00 secs] 
479.597: [GC (Allocation Failure) [PSYoungGen: 64736K->9584K(74240K)] 275715K->220563K(734208K), 0.0018865 secs] [Times: user=0.00 sys=0.00, real=0.00 secs] 
480.466: [GC (Allocation Failure) [PSYoungGen: 72892K->17824K(110592K)] 283871K->228803K(770560K), 0.0037827 secs] [Times: user=0.02 sys=0.00, real=0.00 secs] 
481.209: [GC (Allocation Failure) [PSYoungGen: 82336K->34144K(113664K)] 293315K->245123K(773632K), 0.0058439 secs] [Times: user=0.03 sys=0.00, real=0.01 secs] 
482.209: [GC (Allocation Failure) [PSYoungGen: 98656K->1376K(116224K)] 309635K->212355K(776192K), 0.0026045 secs] [Times: user=0.02 sys=0.00, real=0.00 secs] 
483.611: [GC (Allocation Failure) [PSYoungGen: 65888K->1968K(66560K)] 276867K->212947K(726528K), 0.0017751 secs] [Times: user=0.01 sys=0.00, real=0.00 secs] 
484.268: [GC (Allocation Failure) [PSYoungGen: 60639K->9584K(110592K)] 271618K->220571K(770560K), 0.0025823 secs] [Times: user=0.01 sys=0.01, real=0.00 secs] 
484.818: [GC (Allocation Failure) [PSYoungGen: 72756K->17776K(82432K)] 283743K->228763K(742400K), 0.0035638 secs] [Times: user=0.02 sys=0.00, real=0.00 secs] 
485.097: [GC (Allocation Failure) [PSYoungGen: 82288K->34208K(106496K)] 293275K->245195K(766464K), 0.0037921 secs] [Times: user=0.02 sys=0.00, real=0.00 secs] 
485.407: [GC (Allocation Failure) [PSYoungGen: 94624K->1376K(61952K)] 305611K->212363K(721920K), 0.0018951 secs] [Times: user=0.00 sys=0.00, real=0.00 secs] 
485.679: [GC (Allocation Failure) [PSYoungGen: 61792K->1472K(108032K)] 272779K->212459K(768000K), 0.0019156 secs] [Times: user=0.01 sys=0.01, real=0.00 secs] 
486.665: [GC (Allocation Failure) [PSYoungGen: 61888K->9664K(70144K)] 272875K->220659K(730112K), 0.0019830 secs] [Times: user=0.01 sys=0.00, real=0.00 secs] 
486.890: [GC (Allocation Failure) [PSYoungGen: 70080K->17760K(103424K)] 281075K->228755K(763392K), 0.0023246 secs] [Times: user=0.01 sys=0.00, real=0.00 secs] 
487.145: [GC (Allocation Failure) [PSYoungGen: 78176K->34208K(104960K)] 289171K->245203K(764928K), 0.0036085 secs] [Times: user=0.02 sys=0.00, real=0.00 secs] 
487.629: [GC (Allocation Failure) [PSYoungGen: 94624K->34208K(105472K)] 305619K->245203K(765440K), 0.0036381 secs] [Times: user=0.02 sys=0.00, real=0.00 secs] 
488.083: [GC (Allocation Failure) [PSYoungGen: 91040K->1408K(58368K)] 302035K->212403K(718336K), 0.0022220 secs] [Times: user=0.01 sys=0.00, real=0.01 secs] 
489.528: [GC (Allocation Failure) [PSYoungGen: 58240K->9632K(103424K)] 269235K->220627K(763392K), 0.0020642 secs] [Times: user=0.01 sys=0.00, real=0.00 secs] 
490.409: [GC (Allocation Failure) [PSYoungGen: 66464K->17824K(74752K)] 277459K->228819K(734720K), 0.0052452 secs] [Times: user=0.02 sys=0.00, real=0.00 secs] 
491.127: [GC (Allocation Failure) [PSYoungGen: 74656K->34176K(99840K)] 285651K->245171K(759808K), 0.0073293 secs] [Times: user=0.04 sys=0.01, real=0.00 secs] 
491.974: [GC (Allocation Failure) [PSYoungGen: 87424K->34176K(103424K)] 298419K->245171K(763392K), 0.0067855 secs] [Times: user=0.03 sys=0.00, real=0.01 secs] 
492.463: [GC (Allocation Failure) [PSYoungGen: 87424K->1344K(105472K)] 298419K->212339K(765440K), 0.0024207 secs] [Times: user=0.01 sys=0.00, real=0.01 secs] 
492.911: [GC (Allocation Failure) [PSYoungGen: 54592K->1408K(54784K)] 265587K->212403K(714752K), 0.0019640 secs] [Times: user=0.01 sys=0.00, real=0.00 secs] 
494.212: [GC (Allocation Failure) [PSYoungGen: 54656K->9664K(100352K)] 265651K->220659K(760320K), 0.0038234 secs] [Times: user=0.02 sys=0.00, real=0.01 secs] 
494.617: [GC (Allocation Failure) [PSYoungGen: 62912K->17792K(71168K)] 273907K->228787K(731136K), 0.0041561 secs] [Times: user=0.02 sys=0.00, real=0.00 secs] 
495.060: [GC (Allocation Failure) [PSYoungGen: 71040K->34176K(96768K)] 282035K->245171K(756736K), 0.0057591 secs] [Times: user=0.02 sys=0.00, real=0.01 secs] 
495.590: [GC (Allocation Failure) [PSYoungGen: 83840K->34176K(100352K)] 294835K->245171K(760320K), 0.0055899 secs] [Times: user=0.03 sys=0.00, real=0.01 secs] 
495.962: [GC (Allocation Failure) [PSYoungGen: 83840K->1344K(102400K)] 294835K->212355K(762368K), 0.0025003 secs] [Times: user=0.00 sys=0.00, real=0.01 secs] 
496.331: [GC (Allocation Failure) [PSYoungGen: 51008K->1408K(51200K)] 262019K->212419K(711168K), 0.0024345 secs] [Times: user=0.01 sys=0.00, real=0.00 secs] 
497.498: [GC (Allocation Failure) [PSYoungGen: 51072K->9648K(96256K)] 262083K->220667K(756224K), 0.0020522 secs] [Times: user=0.01 sys=0.00, real=0.00 secs] 
497.829: [GC (Allocation Failure) [PSYoungGen: 59312K->17792K(67584K)] 270331K->228811K(727552K), 0.0025482 secs] [Times: user=0.01 sys=0.01, real=0.00 secs] 
498.232: [GC (Allocation Failure) [PSYoungGen: 53532K->17792K(92160K)] 264551K->228811K(752128K), 0.0029001 secs] [Times: user=0.01 sys=0.00, real=0.01 secs] 
498.558: [GC (Allocation Failure) [PSYoungGen: 67456K->34208K(94720K)] 278475K->245243K(754688K), 0.0041181 secs] [Times: user=0.02 sys=0.00, real=0.00 secs] 
499.077: [GC (Allocation Failure) [PSYoungGen: 83872K->34144K(95744K)] 294907K->245179K(755712K), 0.0047259 secs] [Times: user=0.02 sys=0.00, real=0.00 secs] 
499.481: [GC (Allocation Failure) [PSYoungGen: 80736K->1392K(48128K)] 291771K->212427K(708096K), 0.0024738 secs] [Times: user=0.01 sys=0.00, real=0.00 secs] 
500.621: [GC (Allocation Failure) [PSYoungGen: 47984K->1664K(97280K)] 259019K->212699K(757248K), 0.0020048 secs] [Times: user=0.01 sys=0.00, real=0.00 secs] 
500.983: [GC (Allocation Failure) [PSYoungGen: 48256K->9600K(56320K)] 259291K->220635K(716288K), 0.0022470 secs] [Times: user=0.01 sys=0.00, real=0.01 secs] 
501.313: [GC (Allocation Failure) [PSYoungGen: 56192K->17792K(90112K)] 267227K->228827K(750080K), 0.0028407 secs] [Times: user=0.01 sys=0.00, real=0.01 secs] 
501.547: [GC (Allocation Failure) [PSYoungGen: 64384K->34208K(92672K)] 275419K->245243K(752640K), 0.0041820 secs] [Times: user=0.02 sys=0.00, real=0.00 secs] 
502.005: [GC (Allocation Failure) [PSYoungGen: 80800K->34240K(98816K)] 291835K->245275K(758784K), 0.0039862 secs] [Times: user=0.02 sys=0.00, real=0.00 secs] 
502.479: [GC (Allocation Failure) [PSYoungGen: 82880K->34208K(101888K)] 293915K->245243K(761856K), 0.0080700 secs] [Times: user=0.03 sys=0.01, real=0.01 secs] 
503.022: [GC (Allocation Failure) [PSYoungGen: 82848K->1408K(109056K)] 293883K->212443K(769024K), 0.0029400 secs] [Times: user=0.01 sys=0.00, real=0.01 secs] 
504.194: [GC (Allocation Failure) [PSYoungGen: 55168K->5568K(59392K)] 266203K->216635K(719360K), 0.0021928 secs] [Times: user=0.01 sys=0.00, real=0.01 secs] 
504.382: [GC (Allocation Failure) [PSYoungGen: 59328K->17792K(109568K)] 270395K->228859K(769536K), 0.0027142 secs] [Times: user=0.01 sys=0.00, real=0.01 secs] 
504.561: [GC (Allocation Failure) [PSYoungGen: 62504K->17792K(107520K)] 273571K->228859K(767488K), 0.0024144 secs] [Times: user=0.01 sys=0.00, real=0.00 secs] 
504.734: [GC (Allocation Failure) [PSYoungGen: 75136K->34144K(107008K)] 286203K->245211K(766976K), 0.0042234 secs] [Times: user=0.02 sys=0.00, real=0.01 secs] 
504.985: [GC (Allocation Failure) [PSYoungGen: 94048K->34208K(110592K)] 305115K->245275K(770560K), 0.0031898 secs] [Times: user=0.02 sys=0.00, real=0.00 secs] 
505.235: [GC (Allocation Failure) [PSYoungGen: 94112K->1408K(119808K)] 305179K->212475K(779776K), 0.0017503 secs] [Times: user=0.01 sys=0.00, real=0.00 secs] 
506.604: [GC (Allocation Failure) [PSYoungGen: 68480K->9664K(119808K)] 279547K->220763K(779776K), 0.0019034 secs] [Times: user=0.01 sys=0.00, real=0.01 secs] 
507.099: [GC (Allocation Failure) [PSYoungGen: 76736K->17792K(104448K)] 287835K->228899K(764416K), 0.0028205 secs] [Times: user=0.01 sys=0.00, real=0.00 secs] 
507.420: [GC (Allocation Failure) [PSYoungGen: 84864K->34144K(114688K)] 295971K->245251K(774656K), 0.0037394 secs] [Times: user=0.02 sys=0.00, real=0.00 secs] 
507.700: [GC (Allocation Failure) [PSYoungGen: 101216K->1344K(111104K)] 312323K->212451K(771072K), 0.0017384 secs] [Times: user=0.01 sys=0.00, real=0.00 secs] 
508.885: [GC (Allocation Failure) [PSYoungGen: 68416K->3488K(70656K)] 279523K->214595K(730624K), 0.0018563 secs] [Times: user=0.00 sys=0.00, real=0.00 secs] 
509.396: [GC (Allocation Failure) [PSYoungGen: 70560K->17824K(111104K)] 281667K->228931K(771072K), 0.0028409 secs] [Times: user=0.01 sys=0.00, real=0.00 secs] 
509.670: [GC (Allocation Failure) [PSYoungGen: 84896K->34208K(114176K)] 296003K->245315K(774144K), 0.0037316 secs] [Times: user=0.02 sys=0.01, real=0.00 secs] 
509.949: [GC (Allocation Failure) [PSYoungGen: 101280K->34144K(115200K)] 312387K->245251K(775168K), 0.0039319 secs] [Times: user=0.02 sys=0.00, real=0.00 secs] 
510.314: [GC (Allocation Failure) [PSYoungGen: 98656K->1424K(117760K)] 309763K->212531K(777728K), 0.0020054 secs] [Times: user=0.01 sys=0.00, real=0.01 secs] 
512.003: [GC (Allocation Failure) [PSYoungGen: 65936K->5536K(114688K)] 277043K->216651K(774656K), 0.0028351 secs] [Times: user=0.01 sys=0.00, real=0.01 secs] 
513.632: [GC (Allocation Failure) [PSYoungGen: 70048K->17824K(82432K)] 281163K->228939K(742400K), 0.0057098 secs] [Times: user=0.02 sys=0.00, real=0.01 secs] 
514.253: [GC (Allocation Failure) [PSYoungGen: 82336K->34176K(109568K)] 293451K->245291K(769536K), 0.0073312 secs] [Times: user=0.03 sys=0.00, real=0.01 secs] 
514.821: [GC (Allocation Failure) [PSYoungGen: 95104K->34144K(113152K)] 306219K->245259K(773120K), 0.0047944 secs] [Times: user=0.02 sys=0.00, real=0.01 secs] 
515.446: [GC (Allocation Failure) [PSYoungGen: 95072K->1440K(115200K)] 306187K->212555K(775168K), 0.0022187 secs] [Times: user=0.01 sys=0.00, real=0.00 secs] 
516.808: [GC (Allocation Failure) [PSYoungGen: 62368K->5536K(66560K)] 273483K->216651K(726528K), 0.0018952 secs] [Times: user=0.01 sys=0.00, real=0.00 secs] 
517.045: [GC (Allocation Failure) [PSYoungGen: 66464K->17792K(107520K)] 277579K->228923K(767488K), 0.0023338 secs] [Times: user=0.01 sys=0.00, real=0.00 secs] 
517.231: [GC (Allocation Failure) [PSYoungGen: 78720K->34176K(110592K)] 289851K->245307K(770560K), 0.0032437 secs] [Times: user=0.01 sys=0.00, real=0.01 secs] 
517.486: [GC (Allocation Failure) [PSYoungGen: 95104K->34208K(117760K)] 306235K->245339K(777728K), 0.0032690 secs] [Times: user=0.01 sys=0.00, real=0.00 secs] 
517.758: [GC (Allocation Failure) [PSYoungGen: 99232K->1392K(119808K)] 310363K->212523K(779776K), 0.0016277 secs] [Times: user=0.01 sys=0.00, real=0.00 secs] 
518.795: [GC (Allocation Failure) [PSYoungGen: 66416K->5568K(110080K)] 277547K->216699K(770048K), 0.0018421 secs] [Times: user=0.01 sys=0.00, real=0.00 secs] 
519.014: [GC (Allocation Failure) [PSYoungGen: 70592K->17792K(82944K)] 281723K->228923K(742912K), 0.0022460 secs] [Times: user=0.01 sys=0.00, real=0.01 secs] 
519.217: [GC (Allocation Failure) [PSYoungGen: 82816K->34176K(112128K)] 293947K->245307K(772096K), 0.0030822 secs] [Times: user=0.01 sys=0.01, real=0.00 secs] 
519.528: [GC (Allocation Failure) [PSYoungGen: 96128K->34208K(115200K)] 307259K->245339K(775168K), 0.0038266 secs] [Times: user=0.02 sys=0.00, real=0.00 secs] 
519.788: [GC (Allocation Failure) [PSYoungGen: 96160K->1376K(123904K)] 307291K->212507K(783872K), 0.0021827 secs] [Times: user=0.01 sys=0.00, real=0.00 secs] 
520.927: [GC (Allocation Failure) [PSYoungGen: 69984K->5568K(73728K)] 281115K->216715K(733696K), 0.0018353 secs] [Times: user=0.01 sys=0.00, real=0.00 secs] 
521.432: [GC (Allocation Failure) [PSYoungGen: 73664K->17792K(113664K)] 284811K->228939K(773632K), 0.0025417 secs] [Times: user=0.01 sys=0.00, real=0.01 secs] 
521.863: [GC (Allocation Failure) [PSYoungGen: 85376K->34176K(117248K)] 296523K->245323K(777216K), 0.0061268 secs] [Times: user=0.03 sys=0.00, real=0.01 secs] 
522.500: [GC (Allocation Failure) [PSYoungGen: 101248K->34176K(118272K)] 312395K->245323K(778240K), 0.0049506 secs] [Times: user=0.02 sys=0.00, real=0.01 secs] 
523.095: [GC (Allocation Failure) [PSYoungGen: 99200K->1376K(120320K)] 310347K->212523K(780288K), 0.0022629 secs] [Times: user=0.01 sys=0.00, real=0.00 secs] 
524.565: [GC (Allocation Failure) [PSYoungGen: 66400K->9632K(116224K)] 277547K->220795K(776192K), 0.0024140 secs] [Times: user=0.01 sys=0.01, real=0.00 secs] 
525.335: [GC (Allocation Failure) [PSYoungGen: 74656K->17792K(82944K)] 285819K->228955K(742912K), 0.0037457 secs] [Times: user=0.02 sys=0.00, real=0.00 secs] 
525.787: [GC (Allocation Failure) [PSYoungGen: 82816K->34144K(111616K)] 293979K->245307K(771584K), 0.0050994 secs] [Times: user=0.02 sys=0.00, real=0.00 secs] 
526.365: [GC (Allocation Failure) [PSYoungGen: 96096K->34208K(114688K)] 307259K->245371K(774656K), 0.0038443 secs] [Times: user=0.02 sys=0.00, real=0.00 secs] 
526.960: [GC (Allocation Failure) [PSYoungGen: 96160K->1392K(116736K)] 307323K->212555K(776704K), 0.0017616 secs] [Times: user=0.01 sys=0.00, real=0.00 secs] 
527.982: [GC (Allocation Failure) [PSYoungGen: 63344K->9632K(71680K)] 274507K->220803K(731648K), 0.0018287 secs] [Times: user=0.00 sys=0.00, real=0.00 secs] 
528.319: [GC (Allocation Failure) [PSYoungGen: 71584K->17824K(107520K)] 282755K->228995K(767488K), 0.0023406 secs] [Times: user=0.01 sys=0.00, real=0.00 secs] 
528.510: [GC (Allocation Failure) [PSYoungGen: 79776K->34176K(111104K)] 290947K->245347K(771072K), 0.0032580 secs] [Times: user=0.01 sys=0.00, real=0.00 secs] 
528.769: [GC (Allocation Failure) [PSYoungGen: 96128K->34144K(112128K)] 307299K->245315K(772096K), 0.0034119 secs] [Times: user=0.02 sys=0.00, real=0.00 secs] 
529.019: [GC (Allocation Failure) [PSYoungGen: 94048K->1376K(114176K)] 305219K->212547K(774144K), 0.0017792 secs] [Times: user=0.01 sys=0.00, real=0.00 secs] 
530.097: [GC (Allocation Failure) [PSYoungGen: 61280K->9664K(110080K)] 272451K->220835K(770048K), 0.0021834 secs] [Times: user=0.00 sys=0.01, real=0.00 secs] 
530.502: [GC (Allocation Failure) [PSYoungGen: 69568K->17792K(77824K)] 280739K->228963K(737792K), 0.0024270 secs] [Times: user=0.01 sys=0.00, real=0.00 secs] 
530.832: [GC (Allocation Failure) [PSYoungGen: 77696K->34176K(105984K)] 288867K->245347K(765952K), 0.0076901 secs] [Times: user=0.03 sys=0.00, real=0.01 secs] 
531.316: [GC (Allocation Failure) [PSYoungGen: 91008K->34176K(109056K)] 302179K->245347K(769024K), 0.0053462 secs] [Times: user=0.03 sys=0.00, real=0.00 secs] 
531.798: [GC (Allocation Failure) [PSYoungGen: 91008K->1376K(117248K)] 302179K->212547K(777216K), 0.0023453 secs] [Times: user=0.01 sys=0.00, real=0.00 secs] 
533.106: [GC (Allocation Failure) [PSYoungGen: 64352K->5568K(68608K)] 275523K->216739K(728576K), 0.0019564 secs] [Times: user=0.01 sys=0.00, real=0.00 secs] 
533.645: [GC (Allocation Failure) [PSYoungGen: 68544K->17792K(109056K)] 279715K->228963K(769024K), 0.0026671 secs] [Times: user=0.01 sys=0.00, real=0.00 secs] 
534.174: [GC (Allocation Failure) [PSYoungGen: 80768K->34240K(112640K)] 291939K->245411K(772608K), 0.0077907 secs] [Times: user=0.04 sys=0.01, real=0.01 secs] 
534.862: [GC (Allocation Failure) [PSYoungGen: 97216K->34176K(113664K)] 308387K->245371K(773632K), 0.0055698 secs] [Times: user=0.02 sys=0.00, real=0.01 secs] 
535.537: [GC (Allocation Failure) [PSYoungGen: 95104K->1408K(115712K)] 306299K->212603K(775680K), 0.0023099 secs] [Times: user=0.01 sys=0.00, real=0.00 secs] 
536.764: [GC (Allocation Failure) [PSYoungGen: 62336K->5536K(112640K)] 273531K->216731K(772608K), 0.0020126 secs] [Times: user=0.01 sys=0.00, real=0.01 secs] 
536.992: [GC (Allocation Failure) [PSYoungGen: 66464K->17792K(78848K)] 277659K->228987K(738816K), 0.0028438 secs] [Times: user=0.01 sys=0.00, real=0.01 secs] 
537.179: [GC (Allocation Failure) [PSYoungGen: 78720K->34176K(107520K)] 289915K->245379K(767488K), 0.0032687 secs] [Times: user=0.02 sys=0.00, real=0.00 secs] 
537.475: [GC (Allocation Failure) [PSYoungGen: 92032K->34176K(110592K)] 303235K->245379K(770560K), 0.0032733 secs] [Times: user=0.02 sys=0.00, real=0.00 secs] 
537.760: [GC (Allocation Failure) [PSYoungGen: 92032K->1376K(117760K)] 303235K->212579K(777728K), 0.0017619 secs] [Times: user=0.01 sys=0.00, real=0.00 secs] 
539.038: [GC (Allocation Failure) [PSYoungGen: 64288K->1968K(65536K)] 275491K->213187K(725504K), 0.0029557 secs] [Times: user=0.02 sys=0.00, real=0.00 secs] 
540.289: [GC (Allocation Failure) [PSYoungGen: 58216K->9648K(112640K)] 269435K->220867K(772608K), 0.0036981 secs] [Times: user=0.01 sys=0.00, real=0.00 secs] 
541.158: [GC (Allocation Failure) [PSYoungGen: 73122K->17808K(81408K)] 284341K->229027K(741376K), 0.0052587 secs] [Times: user=0.02 sys=0.00, real=0.00 secs] 
541.750: [GC (Allocation Failure) [PSYoungGen: 81296K->34208K(108544K)] 292515K->245427K(768512K), 0.0059806 secs] [Times: user=0.02 sys=0.01, real=0.01 secs] 
542.454: [GC (Allocation Failure) [PSYoungGen: 94112K->34176K(112128K)] 305331K->245395K(772096K), 0.0048736 secs] [Times: user=0.02 sys=0.00, real=0.01 secs] 
543.091: [GC (Allocation Failure) [PSYoungGen: 94080K->1408K(113664K)] 305299K->212627K(773632K), 0.0022588 secs] [Times: user=0.01 sys=0.00, real=0.00 secs] 
544.113: [GC (Allocation Failure) [PSYoungGen: 61312K->9632K(69632K)] 272531K->220851K(729600K), 0.0021532 secs] [Times: user=0.00 sys=0.00, real=0.01 secs] 
544.332: [GC (Allocation Failure) [PSYoungGen: 69536K->17824K(105984K)] 280755K->229043K(765952K), 0.0024020 secs] [Times: user=0.01 sys=0.00, real=0.00 secs] 
544.521: [GC (Allocation Failure) [PSYoungGen: 77728K->34176K(109056K)] 288947K->245395K(769024K), 0.0032624 secs] [Times: user=0.02 sys=0.00, real=0.00 secs] 
544.780: [GC (Allocation Failure) [PSYoungGen: 94080K->34176K(116224K)] 305299K->245395K(776192K), 0.0034579 secs] [Times: user=0.02 sys=0.00, real=0.00 secs] 
545.055: [GC (Allocation Failure) [PSYoungGen: 98176K->1376K(118272K)] 309395K->212603K(778240K), 0.0018179 secs] [Times: user=0.00 sys=0.00, real=0.00 secs] 
546.469: [GC (Allocation Failure) [PSYoungGen: 65376K->9632K(107520K)] 276603K->220859K(767488K), 0.0019904 secs] [Times: user=0.01 sys=0.00, real=0.00 secs] 
547.025: [GC (Allocation Failure) [PSYoungGen: 73632K->17824K(81920K)] 284859K->229051K(741888K), 0.0043111 secs] [Times: user=0.02 sys=0.00, real=0.00 secs] 
547.531: [GC (Allocation Failure) [PSYoungGen: 81824K->34208K(109568K)] 293051K->245443K(769536K), 0.0056956 secs] [Times: user=0.02 sys=0.00, real=0.01 secs] 
548.305: [GC (Allocation Failure) [PSYoungGen: 95136K->34208K(112640K)] 306371K->245443K(772608K), 0.0070429 secs] [Times: user=0.04 sys=0.00, real=0.00 secs] 
549.216: [GC (Allocation Failure) [PSYoungGen: 95136K->1408K(115200K)] 306371K->212643K(775168K), 0.0034820 secs] [Times: user=0.01 sys=0.00, real=0.00 secs] 
550.593: [GC (Allocation Failure) [PSYoungGen: 62336K->9632K(70656K)] 273571K->220867K(730624K), 0.0021393 secs] [Times: user=0.01 sys=0.00, real=0.01 secs] 
551.041: [GC (Allocation Failure) [PSYoungGen: 70560K->17792K(105984K)] 281795K->229027K(765952K), 0.0025285 secs] [Times: user=0.01 sys=0.00, real=0.00 secs] 
551.440: [GC (Allocation Failure) [PSYoungGen: 78720K->34208K(109568K)] 289955K->245443K(769536K), 0.0037773 secs] [Times: user=0.02 sys=0.00, real=0.00 secs] 
552.058: [GC (Allocation Failure) [PSYoungGen: 95136K->34176K(110592K)] 306371K->245411K(770560K), 0.0046808 secs] [Times: user=0.03 sys=0.00, real=0.00 secs] 
552.678: [GC (Allocation Failure) [PSYoungGen: 93056K->1376K(112640K)] 304291K->212611K(772608K), 0.0020714 secs] [Times: user=0.01 sys=0.00, real=0.00 secs] 
553.992: [GC (Allocation Failure) [PSYoungGen: 60256K->5536K(110080K)] 271491K->216771K(770048K), 0.0042771 secs] [Times: user=0.01 sys=0.01, real=0.01 secs] 
554.338: [GC (Allocation Failure) [PSYoungGen: 64416K->17824K(76800K)] 275651K->229059K(736768K), 0.0035572 secs] [Times: user=0.02 sys=0.00, real=0.00 secs] 
554.688: [GC (Allocation Failure) [PSYoungGen: 76704K->34208K(105984K)] 287939K->245443K(765952K), 0.0049258 secs] [Times: user=0.02 sys=0.00, real=0.00 secs] 
555.129: [GC (Allocation Failure) [PSYoungGen: 90528K->34144K(108544K)] 301763K->245379K(768512K), 0.0047084 secs] [Times: user=0.02 sys=0.00, real=0.00 secs] 
555.596: [GC (Allocation Failure) [PSYoungGen: 90464K->1408K(111104K)] 301699K->212643K(771072K), 0.0018596 secs] [Times: user=0.01 sys=0.00, real=0.00 secs] 
556.773: [GC (Allocation Failure) [PSYoungGen: 57728K->1664K(58368K)] 268963K->212907K(718336K), 0.0016131 secs] [Times: user=0.00 sys=0.00, real=0.00 secs] 
556.976: [GC (Allocation Failure) [PSYoungGen: 57984K->9600K(105984K)] 269227K->220843K(765952K), 0.0017548 secs] [Times: user=0.01 sys=0.00, real=0.00 secs] 
557.185: [GC (Allocation Failure) [PSYoungGen: 65920K->17824K(74240K)] 277163K->229067K(734208K), 0.0022995 secs] [Times: user=0.01 sys=0.00, real=0.00 secs] 
557.351: [GC (Allocation Failure) [PSYoungGen: 74144K->34208K(101888K)] 285387K->245451K(761856K), 0.0030090 secs] [Times: user=0.01 sys=0.00, real=0.00 secs] 
557.573: [GC (Allocation Failure) [PSYoungGen: 87456K->34208K(104960K)] 298699K->245451K(764928K), 0.0031003 secs] [Times: user=0.02 sys=0.00, real=0.01 secs] 
557.856: [GC (Allocation Failure) [PSYoungGen: 87456K->1424K(112640K)] 298699K->212667K(772608K), 0.0016379 secs] [Times: user=0.01 sys=0.00, real=0.00 secs] 
559.095: [GC (Allocation Failure) [PSYoungGen: 60304K->5552K(64512K)] 271547K->216795K(724480K), 0.0020154 secs] [Times: user=0.00 sys=0.00, real=0.00 secs] 
559.521: [GC (Allocation Failure) [PSYoungGen: 64432K->17824K(105472K)] 275675K->229067K(765440K), 0.0024617 secs] [Times: user=0.01 sys=0.00, real=0.00 secs] 
559.700: [GC (Allocation Failure) [PSYoungGen: 76704K->34208K(108544K)] 287947K->245451K(768512K), 0.0034129 secs] [Times: user=0.02 sys=0.00, real=0.00 secs] 
559.945: [GC (Allocation Failure) [PSYoungGen: 93088K->34176K(115200K)] 304331K->245419K(775168K), 0.0034055 secs] [Times: user=0.01 sys=0.01, real=0.00 secs] 
560.277: [GC (Allocation Failure) [PSYoungGen: 96640K->1376K(117760K)] 307883K->212635K(777728K), 0.0018751 secs] [Times: user=0.00 sys=0.00, real=0.00 secs] 
561.496: [GC (Allocation Failure) [PSYoungGen: 63840K->2464K(108544K)] 275099K->213723K(768512K), 0.0019739 secs] [Times: user=0.01 sys=0.00, real=0.00 secs] 
561.942: [GC (Allocation Failure) [PSYoungGen: 64928K->17792K(80384K)] 276187K->229051K(740352K), 0.0029457 secs] [Times: user=0.01 sys=0.00, real=0.01 secs] 
562.387: [GC (Allocation Failure) [PSYoungGen: 70248K->17792K(107008K)] 281507K->229051K(766976K), 0.0027564 secs] [Times: user=0.01 sys=0.00, real=0.00 secs] 
562.894: [GC (Allocation Failure) [PSYoungGen: 80256K->34176K(110080K)] 291515K->245435K(770048K), 0.0046858 secs] [Times: user=0.02 sys=0.00, real=0.01 secs] 
563.579: [GC (Allocation Failure) [PSYoungGen: 96640K->1376K(113152K)] 307899K->212643K(773120K), 0.0030914 secs] [Times: user=0.02 sys=0.00, real=0.00 secs] 
565.113: [GC (Allocation Failure) [PSYoungGen: 63840K->192K(62976K)] 275107K->211458K(722944K), 0.0012708 secs] [Times: user=0.01 sys=0.00, real=0.00 secs] 
565.373: [GC (Allocation Failure) [PSYoungGen: 62656K->9600K(107520K)] 273922K->220867K(767488K), 0.0019829 secs] [Times: user=0.00 sys=0.00, real=0.01 secs] 
565.599: [GC (Allocation Failure) [PSYoungGen: 72064K->17824K(80384K)] 283331K->229091K(740352K), 0.0024997 secs] [Times: user=0.01 sys=0.00, real=0.00 secs] 
565.792: [GC (Allocation Failure) [PSYoungGen: 80288K->34176K(103936K)] 291555K->245443K(763904K), 0.0031754 secs] [Times: user=0.01 sys=0.00, real=0.01 secs] 
566.036: [GC (Allocation Failure) [PSYoungGen: 92544K->34176K(108032K)] 303811K->245443K(768000K), 0.0031774 secs] [Times: user=0.02 sys=0.00, real=0.00 secs] 
566.279: [GC (Allocation Failure) [PSYoungGen: 92544K->1408K(116224K)] 303811K->212675K(776192K), 0.0018730 secs] [Times: user=0.01 sys=0.00, real=0.00 secs] 
567.947: [GC (Allocation Failure) [PSYoungGen: 65920K->9632K(74240K)] 277187K->220907K(734208K), 0.0028572 secs] [Times: user=0.02 sys=0.00, real=0.00 secs] 
568.757: [GC (Allocation Failure) [PSYoungGen: 74144K->17792K(108544K)] 285419K->229067K(768512K), 0.0036965 secs] [Times: user=0.01 sys=0.00, real=0.00 secs] 
569.495: [GC (Allocation Failure) [PSYoungGen: 82304K->34176K(111616K)] 293579K->245451K(771584K), 0.0079616 secs] [Times: user=0.04 sys=0.00, real=0.00 secs] 
570.069: [GC (Allocation Failure) [PSYoungGen: 98688K->34176K(112640K)] 309963K->245451K(772608K), 0.0057373 secs] [Times: user=0.02 sys=0.00, real=0.01 secs] 
570.542: [GC (Allocation Failure) [PSYoungGen: 96128K->1408K(115200K)] 307403K->212683K(775168K), 0.0018757 secs] [Times: user=0.01 sys=0.00, real=0.00 secs] 
571.922: [GC (Allocation Failure) [PSYoungGen: 63360K->9632K(111104K)] 274635K->220907K(771072K), 0.0020566 secs] [Times: user=0.01 sys=0.00, real=0.00 secs] 
572.663: [GC (Allocation Failure) [PSYoungGen: 71584K->17792K(79872K)] 282859K->229067K(739840K), 0.0045533 secs] [Times: user=0.02 sys=0.00, real=0.01 secs] 
573.129: [GC (Allocation Failure) [PSYoungGen: 79744K->34176K(107008K)] 291019K->245459K(766976K), 0.0057091 secs] [Times: user=0.03 sys=0.01, real=0.01 secs] 
573.835: [GC (Allocation Failure) [PSYoungGen: 93056K->34176K(110080K)] 304339K->245459K(770048K), 0.0054618 secs] [Times: user=0.03 sys=0.00, real=0.00 secs] 
574.539: [GC (Allocation Failure) [PSYoungGen: 93056K->1408K(112640K)] 304339K->212691K(772608K), 0.0028830 secs] [Times: user=0.01 sys=0.00, real=0.00 secs] 
575.652: [GC (Allocation Failure) [PSYoungGen: 60288K->9632K(68608K)] 271571K->220923K(728576K), 0.0019866 secs] [Times: user=0.01 sys=0.00, real=0.00 secs] 
576.016: [GC (Allocation Failure) [PSYoungGen: 68512K->17824K(103424K)] 279803K->229115K(763392K), 0.0023676 secs] [Times: user=0.01 sys=0.00, real=0.00 secs] 
576.310: [GC (Allocation Failure) [PSYoungGen: 76704K->34208K(107008K)] 287995K->245499K(766976K), 0.0043430 secs] [Times: user=0.02 sys=0.00, real=0.01 secs] 
576.742: [GC (Allocation Failure) [PSYoungGen: 93088K->34208K(107520K)] 304379K->245499K(767488K), 0.0034449 secs] [Times: user=0.02 sys=0.00, real=0.01 secs] 
577.279: [GC (Allocation Failure) [PSYoungGen: 90528K->1424K(110080K)] 301819K->212723K(770048K), 0.0020419 secs] [Times: user=0.00 sys=0.00, real=0.00 secs] 
578.435: [GC (Allocation Failure) [PSYoungGen: 56642K->3536K(108032K)] 267941K->214843K(768000K), 0.0018808 secs] [Times: user=0.01 sys=0.00, real=0.00 secs] 
578.682: [GC (Allocation Failure) [PSYoungGen: 59856K->17824K(74240K)] 271163K->229131K(734208K), 0.0021523 secs] [Times: user=0.01 sys=0.00, real=0.01 secs] 
578.903: [GC (Allocation Failure) [PSYoungGen: 71623K->17824K(99840K)] 282930K->229131K(759808K), 0.0021512 secs] [Times: user=0.01 sys=0.00, real=0.01 secs] 
579.071: [GC (Allocation Failure) [PSYoungGen: 74144K->34208K(102912K)] 285451K->245515K(762880K), 0.0034958 secs] [Times: user=0.02 sys=0.00, real=0.00 secs] 
579.368: [GC (Allocation Failure) [PSYoungGen: 90528K->34208K(109568K)] 301835K->245515K(769536K), 0.0037474 secs] [Times: user=0.01 sys=0.00, real=0.00 secs] 
579.626: [GC (Allocation Failure) [PSYoungGen: 94112K->1376K(112128K)] 305419K->212683K(772096K), 0.0018722 secs] [Times: user=0.00 sys=0.00, real=0.00 secs] 
580.842: [GC (Allocation Failure) [PSYoungGen: 61280K->9664K(102400K)] 272587K->220979K(762368K), 0.0018688 secs] [Times: user=0.01 sys=0.00, real=0.00 secs] 
581.454: [GC (Allocation Failure) [PSYoungGen: 69568K->17824K(77824K)] 280883K->229139K(737792K), 0.0056547 secs] [Times: user=0.02 sys=0.00, real=0.01 secs] 
581.917: [GC (Allocation Failure) [PSYoungGen: 77728K->34160K(104448K)] 289043K->245475K(764416K), 0.0073255 secs] [Times: user=0.03 sys=0.00, real=0.00 secs] 
582.513: [GC (Allocation Failure) [PSYoungGen: 90992K->34240K(107520K)] 302307K->245555K(767488K), 0.0052763 secs] [Times: user=0.02 sys=0.01, real=0.01 secs] 
583.110: [GC (Allocation Failure) [PSYoungGen: 91072K->1408K(104448K)] 302387K->212743K(764416K), 0.0028453 secs] [Times: user=0.01 sys=0.01, real=0.00 secs] 
584.293: [GC (Allocation Failure) [PSYoungGen: 58240K->5536K(62464K)] 269575K->216871K(722432K), 0.0021510 secs] [Times: user=0.01 sys=0.00, real=0.01 secs] 
584.498: [GC (Allocation Failure) [PSYoungGen: 62368K->17792K(101888K)] 273703K->229143K(761856K), 0.0031491 secs] [Times: user=0.01 sys=0.00, real=0.00 secs] 
584.734: [GC (Allocation Failure) [PSYoungGen: 66649K->17744K(105472K)] 278000K->229095K(765440K), 0.0024702 secs] [Times: user=0.01 sys=0.00, real=0.01 secs] 
584.925: [GC (Allocation Failure) [PSYoungGen: 74576K->34176K(104960K)] 285927K->245527K(764928K), 0.0035173 secs] [Times: user=0.01 sys=0.00, real=0.00 secs] 
585.264: [GC (Allocation Failure) [PSYoungGen: 93568K->34144K(108544K)] 304919K->245495K(768512K), 0.0037642 secs] [Times: user=0.02 sys=0.00, real=0.01 secs] 
585.748: [GC (Allocation Failure) [PSYoungGen: 93536K->1424K(116736K)] 304887K->212775K(776704K), 0.0016884 secs] [Times: user=0.01 sys=0.00, real=0.00 secs] 
586.723: [GC (Allocation Failure) [PSYoungGen: 66960K->9632K(75264K)] 278311K->220983K(735232K), 0.0019226 secs] [Times: user=0.01 sys=0.00, real=0.01 secs] 
587.100: [GC (Allocation Failure) [PSYoungGen: 75168K->17760K(109568K)] 286519K->229111K(769536K), 0.0023542 secs] [Times: user=0.01 sys=0.00, real=0.00 secs] 
587.537: [GC (Allocation Failure) [PSYoungGen: 83296K->34176K(112640K)] 294647K->245527K(772608K), 0.0040546 secs] [Times: user=0.02 sys=0.00, real=0.00 secs] 
588.043: [GC (Allocation Failure) [PSYoungGen: 99712K->34176K(113664K)] 311063K->245527K(773632K), 0.0038686 secs] [Times: user=0.02 sys=0.01, real=0.01 secs] 
589.116: [GC (Allocation Failure) [PSYoungGen: 97664K->1373K(115712K)] 309015K->212732K(775680K), 0.0012108 secs] [Times: user=0.01 sys=0.00, real=0.00 secs] 
589.663: [GC (Allocation Failure) [PSYoungGen: 64861K->9664K(112128K)] 276220K->221023K(772096K), 0.0025935 secs] [Times: user=0.01 sys=0.00, real=0.01 secs] 
589.897: [GC (Allocation Failure) [PSYoungGen: 73152K->17760K(81408K)] 284511K->229119K(741376K), 0.0026221 secs] [Times: user=0.01 sys=0.00, real=0.00 secs] 
590.224: [GC (Allocation Failure) [PSYoungGen: 81248K->34208K(108032K)] 292607K->245567K(768000K), 0.0035515 secs] [Times: user=0.02 sys=0.00, real=0.01 secs] 
590.716: [GC (Allocation Failure) [PSYoungGen: 94624K->34176K(111104K)] 305983K->245535K(771072K), 0.0037903 secs] [Times: user=0.01 sys=0.00, real=0.00 secs] 
591.182: [GC (Allocation Failure) [PSYoungGen: 94592K->1376K(113664K)] 305951K->212735K(773632K), 0.0016330 secs] [Times: user=0.00 sys=0.00, real=0.00 secs] 
592.362: [GC (Allocation Failure) [PSYoungGen: 61792K->9632K(70144K)] 273151K->220991K(730112K), 0.0024537 secs] [Times: user=0.01 sys=0.00, real=0.00 secs] 
592.862: [GC (Allocation Failure) [PSYoungGen: 70048K->17824K(104960K)] 281407K->229183K(764928K), 0.0034793 secs] [Times: user=0.01 sys=0.00, real=0.01 secs] 
593.220: [GC (Allocation Failure) [PSYoungGen: 78240K->34208K(108544K)] 289599K->245567K(768512K), 0.0050974 secs] [Times: user=0.02 sys=0.00, real=0.01 secs] 
593.714: [GC (Allocation Failure) [PSYoungGen: 94624K->34208K(109568K)] 305983K->245567K(769536K), 0.0047196 secs] [Times: user=0.02 sys=0.00, real=0.01 secs] 
594.199: [GC (Allocation Failure) [PSYoungGen: 92576K->1392K(111616K)] 303935K->212751K(771584K), 0.0019952 secs] [Times: user=0.01 sys=0.00, real=0.00 secs] 
595.651: [GC (Allocation Failure) [PSYoungGen: 59760K->9632K(108032K)] 271119K->221015K(768000K), 0.0037418 secs] [Times: user=0.02 sys=0.00, real=0.00 secs] 
596.383: [GC (Allocation Failure) [PSYoungGen: 68000K->17824K(76288K)] 279383K->229207K(736256K), 0.0054283 secs] [Times: user=0.02 sys=0.00, real=0.01 secs] 
596.923: [GC (Allocation Failure) [PSYoungGen: 76192K->34240K(103936K)] 287575K->245623K(763904K), 0.0056720 secs] [Times: user=0.03 sys=0.00, real=0.01 secs] 
597.509: [GC (Allocation Failure) [PSYoungGen: 89536K->34240K(107008K)] 300919K->245623K(766976K), 0.0053852 secs] [Times: user=0.02 sys=0.00, real=0.01 secs] 
598.096: [GC (Allocation Failure) [PSYoungGen: 89536K->1376K(109056K)] 300919K->212759K(769024K), 0.0025295 secs] [Times: user=0.01 sys=0.00, real=0.00 secs] 
599.377: [GC (Allocation Failure) [PSYoungGen: 56672K->2464K(57856K)] 268055K->213847K(717824K), 0.0016345 secs] [Times: user=0.00 sys=0.00, real=0.00 secs] 
599.773: [GC (Allocation Failure) [PSYoungGen: 57760K->9600K(104448K)] 269143K->220983K(764416K), 0.0022414 secs] [Times: user=0.01 sys=0.00, real=0.01 secs] 
600.329: [GC (Allocation Failure) [PSYoungGen: 64896K->17824K(73216K)] 276279K->229207K(733184K), 0.0037758 secs] [Times: user=0.02 sys=0.00, real=0.00 secs] 
600.658: [GC (Allocation Failure) [PSYoungGen: 73120K->34176K(100352K)] 284503K->245559K(760320K), 0.0051489 secs] [Times: user=0.02 sys=0.00, real=0.00 secs] 
601.142: [GC (Allocation Failure) [PSYoungGen: 86400K->34176K(103424K)] 297783K->245559K(763392K), 0.0049859 secs] [Times: user=0.02 sys=0.00, real=0.01 secs] 
601.731: [GC (Allocation Failure) [PSYoungGen: 86400K->1376K(105984K)] 297783K->212759K(765952K), 0.0025482 secs] [Times: user=0.01 sys=0.00, real=0.00 secs] 
603.036: [GC (Allocation Failure) [PSYoungGen: 53600K->3488K(55808K)] 264983K->214871K(715776K), 0.0017907 secs] [Times: user=0.01 sys=0.00, real=0.00 secs] 
603.246: [GC (Allocation Failure) [PSYoungGen: 51374K->9600K(99840K)] 262757K->220983K(759808K), 0.0017871 secs] [Times: user=0.01 sys=0.01, real=0.00 secs] 
603.430: [GC (Allocation Failure) [PSYoungGen: 61824K->17792K(70144K)] 273207K->229175K(730112K), 0.0023234 secs] [Times: user=0.01 sys=0.00, real=0.00 secs] 
603.579: [GC (Allocation Failure) [PSYoungGen: 70016K->34176K(96256K)] 281399K->245559K(756224K), 0.0034115 secs] [Times: user=0.02 sys=0.00, real=0.00 secs] 
603.782: [GC (Allocation Failure) [PSYoungGen: 82816K->34144K(99840K)] 294199K->245543K(759808K), 0.0030699 secs] [Times: user=0.01 sys=0.00, real=0.01 secs] 
604.073: [GC (Allocation Failure) [PSYoungGen: 82784K->1376K(107008K)] 294183K->212775K(766976K), 0.0017667 secs] [Times: user=0.01 sys=0.00, real=0.00 secs] 
605.036: [GC (Allocation Failure) [PSYoungGen: 55036K->1920K(55808K)] 266435K->213327K(715776K), 0.0016904 secs] [Times: user=0.01 sys=0.00, real=0.00 secs] 
605.321: [GC (Allocation Failure) [PSYoungGen: 55680K->9600K(101376K)] 267087K->221007K(761344K), 0.0019042 secs] [Times: user=0.01 sys=0.00, real=0.00 secs] 
605.660: [GC (Allocation Failure) [PSYoungGen: 63360K->17824K(71680K)] 274767K->229231K(731648K), 0.0027968 secs] [Times: user=0.01 sys=0.00, real=0.00 secs] 
605.962: [GC (Allocation Failure) [PSYoungGen: 71584K->34208K(97792K)] 282991K->245615K(757760K), 0.0037475 secs] [Times: user=0.02 sys=0.00, real=0.01 secs] 
606.384: [GC (Allocation Failure) [PSYoungGen: 84384K->34208K(101376K)] 295791K->245615K(761344K), 0.0039656 secs] [Times: user=0.02 sys=0.00, real=0.01 secs] 
606.772: [GC (Allocation Failure) [PSYoungGen: 84384K->1376K(98304K)] 295791K->212783K(758272K), 0.0017740 secs] [Times: user=0.00 sys=0.00, real=0.00 secs] 
607.941: [GC (Allocation Failure) [PSYoungGen: 51552K->1504K(51712K)] 262959K->212911K(711680K), 0.0018294 secs] [Times: user=0.00 sys=0.00, real=0.00 secs] 
608.897: [GC (Allocation Failure) [PSYoungGen: 51680K->9600K(97792K)] 263087K->221007K(757760K), 0.0025592 secs] [Times: user=0.01 sys=0.00, real=0.00 secs] 
609.923: [GC (Allocation Failure) [PSYoungGen: 59776K->17760K(68096K)] 271183K->229167K(728064K), 0.0050299 secs] [Times: user=0.02 sys=0.00, real=0.01 secs] 
610.716: [GC (Allocation Failure) [PSYoungGen: 67936K->34208K(94208K)] 279343K->245615K(754176K), 0.0078427 secs] [Times: user=0.04 sys=0.00, real=0.00 secs] 
611.463: [GC (Allocation Failure) [PSYoungGen: 80800K->34176K(97792K)] 292207K->245583K(757760K), 0.0067548 secs] [Times: user=0.03 sys=0.01, real=0.01 secs] 
612.112: [GC (Allocation Failure) [PSYoungGen: 80768K->34240K(98816K)] 292175K->245647K(758784K), 0.0064247 secs] [Times: user=0.03 sys=0.00, real=0.01 secs] 
612.496: [GC (Allocation Failure) [PSYoungGen: 78784K->1312K(46080K)] 290191K->212719K(706048K), 0.0029706 secs] [Times: user=0.01 sys=0.00, real=0.00 secs] 
613.910: [GC (Allocation Failure) [PSYoungGen: 45856K->5568K(98304K)] 257263K->216975K(758272K), 0.0023001 secs] [Times: user=0.01 sys=0.00, real=0.00 secs] 
614.623: [GC (Allocation Failure) [PSYoungGen: 49733K->9648K(54272K)] 261140K->221055K(714240K), 0.0040431 secs] [Times: user=0.02 sys=0.00, real=0.01 secs] 
615.111: [GC (Allocation Failure) [PSYoungGen: 54192K->17760K(90624K)] 265599K->229175K(750592K), 0.0058591 secs] [Times: user=0.02 sys=0.00, real=0.01 secs] 
615.493: [GC (Allocation Failure) [PSYoungGen: 62304K->34160K(93696K)] 273719K->245575K(753664K), 0.0080801 secs] [Times: user=0.04 sys=0.01, real=0.01 secs] 
616.166: [GC (Allocation Failure) [PSYoungGen: 78704K->34240K(99328K)] 290119K->245655K(759296K), 0.0080882 secs] [Times: user=0.04 sys=0.00, real=0.00 secs] 
616.602: [GC (Allocation Failure) [PSYoungGen: 81344K->34208K(101888K)] 292759K->245623K(761856K), 0.0056197 secs] [Times: user=0.03 sys=0.00, real=0.01 secs] 
616.951: [GC (Allocation Failure) [PSYoungGen: 81312K->1376K(107520K)] 292727K->212807K(767488K), 0.0024905 secs] [Times: user=0.01 sys=0.00, real=0.00 secs] 
618.030: [GC (Allocation Failure) [PSYoungGen: 53600K->5504K(57856K)] 265031K->216943K(717824K), 0.0018942 secs] [Times: user=0.01 sys=0.00, real=0.00 secs] 
618.408: [GC (Allocation Failure) [PSYoungGen: 57728K->17792K(100352K)] 269167K->229231K(760320K), 0.0034727 secs] [Times: user=0.01 sys=0.00, real=0.00 secs] 
618.848: [GC (Allocation Failure) [PSYoungGen: 62675K->17808K(70144K)] 274114K->229263K(730112K), 0.0044378 secs] [Times: user=0.02 sys=0.00, real=0.00 secs] 
619.150: [GC (Allocation Failure) [PSYoungGen: 70032K->34208K(97280K)] 281487K->245663K(757248K), 0.0047239 secs] [Times: user=0.02 sys=0.00, real=0.01 secs] 
619.548: [GC (Allocation Failure) [PSYoungGen: 83360K->34176K(100352K)] 294815K->245631K(760320K), 0.0038053 secs] [Times: user=0.02 sys=0.00, real=0.00 secs] 
619.899: [GC (Allocation Failure) [PSYoungGen: 83328K->1376K(107520K)] 294783K->212831K(767488K), 0.0023647 secs] [Times: user=0.01 sys=0.00, real=0.00 secs] 
621.357: [GC (Allocation Failure) [PSYoungGen: 55648K->3440K(57856K)] 267103K->214903K(717824K), 0.0033387 secs] [Times: user=0.02 sys=0.00, real=0.00 secs] 
621.971: [GC (Allocation Failure) [PSYoungGen: 50753K->9600K(102912K)] 262216K->221063K(762880K), 0.0037784 secs] [Times: user=0.01 sys=0.00, real=0.01 secs] 
622.348: [GC (Allocation Failure) [PSYoungGen: 63872K->17792K(72192K)] 275335K->229263K(732160K), 0.0030374 secs] [Times: user=0.01 sys=0.00, real=0.00 secs] 
622.677: [GC (Allocation Failure) [PSYoungGen: 72064K->34144K(98304K)] 283535K->245615K(758272K), 0.0047022 secs] [Times: user=0.03 sys=0.00, real=0.00 secs] 
623.102: [GC (Allocation Failure) [PSYoungGen: 84832K->34176K(101888K)] 296303K->245647K(761856K), 0.0039521 secs] [Times: user=0.02 sys=0.00, real=0.01 secs] 
623.526: [GC (Allocation Failure) [PSYoungGen: 84864K->1376K(103424K)] 296335K->212847K(763392K), 0.0034336 secs] [Times: user=0.02 sys=0.00, real=0.00 secs] 
625.242: [GC (Allocation Failure) [PSYoungGen: 51822K->2448K(53248K)] 263293K->213943K(713216K), 0.0037868 secs] [Times: user=0.02 sys=0.00, real=0.01 secs] 
626.499: [GC (Allocation Failure) [PSYoungGen: 53136K->9568K(98304K)] 264631K->221063K(758272K), 0.0040438 secs] [Times: user=0.01 sys=0.00, real=0.00 secs] 
627.323: [GC (Allocation Failure) [PSYoungGen: 60256K->17824K(68608K)] 271751K->229319K(728576K), 0.0059567 secs] [Times: user=0.03 sys=0.01, real=0.01 secs] 
627.669: [GC (Allocation Failure) [PSYoungGen: 68512K->34240K(94720K)] 280007K->245735K(754688K), 0.0059731 secs] [Times: user=0.03 sys=0.00, real=0.01 secs] 
627.974: [GC (Allocation Failure) [PSYoungGen: 81344K->34176K(98304K)] 292839K->245671K(758272K), 0.0046760 secs] [Times: user=0.02 sys=0.00, real=0.01 secs] 
628.400: [GC (Allocation Failure) [PSYoungGen: 81280K->1376K(95744K)] 292775K->212871K(755712K), 0.0020806 secs] [Times: user=0.01 sys=0.00, real=0.00 secs] 
628.948: [GC (Allocation Failure) [PSYoungGen: 48480K->1408K(48640K)] 259975K->212903K(708608K), 0.0020574 secs] [Times: user=0.01 sys=0.00, real=0.00 secs] 
629.969: [GC (Allocation Failure) [PSYoungGen: 46652K->5568K(95744K)] 258147K->217071K(755712K), 0.0018862 secs] [Times: user=0.01 sys=0.00, real=0.00 secs] 
630.148: [GC (Allocation Failure) [PSYoungGen: 52672K->17792K(65024K)] 264175K->229295K(724992K), 0.0021700 secs] [Times: user=0.01 sys=0.00, real=0.00 secs] 
630.405: [GC (Allocation Failure) [PSYoungGen: 64644K->17792K(90624K)] 276147K->229303K(750592K), 0.0023785 secs] [Times: user=0.01 sys=0.00, real=0.00 secs] 
630.564: [GC (Allocation Failure) [PSYoungGen: 64896K->34176K(93184K)] 276407K->245687K(753152K), 0.0033389 secs] [Times: user=0.01 sys=0.00, real=0.01 secs] 
630.776: [GC (Allocation Failure) [PSYoungGen: 81280K->34176K(98816K)] 292791K->245687K(758784K), 0.0037328 secs] [Times: user=0.02 sys=0.00, real=0.00 secs] 
630.982: [GC (Allocation Failure) [PSYoungGen: 83328K->1424K(101888K)] 294839K->212935K(761856K), 0.0018752 secs] [Times: user=0.01 sys=0.00, real=0.00 secs] 
632.129: [GC (Allocation Failure) [PSYoungGen: 50576K->1664K(104448K)] 262087K->213191K(764416K), 0.0023567 secs] [Times: user=0.01 sys=0.00, real=0.00 secs] 
632.933: [GC (Allocation Failure) [PSYoungGen: 55936K->9600K(64000K)] 267463K->221127K(723968K), 0.0038363 secs] [Times: user=0.02 sys=0.00, real=0.01 secs] 
633.563: [GC (Allocation Failure) [PSYoungGen: 63872K->17824K(98304K)] 275399K->229351K(758272K), 0.0053949 secs] [Times: user=0.03 sys=0.00, real=0.01 secs] 
634.094: [GC (Allocation Failure) [PSYoungGen: 72096K->34144K(100864K)] 283623K->245671K(760832K), 0.0080533 secs] [Times: user=0.04 sys=0.00, real=0.01 secs] 
634.821: [GC (Allocation Failure) [PSYoungGen: 88416K->34192K(107520K)] 299943K->245719K(767488K), 0.0097321 secs] [Times: user=0.05 sys=0.00, real=0.01 secs] 
635.388: [GC (Allocation Failure) [PSYoungGen: 91024K->1440K(58368K)] 302551K->212967K(718336K), 0.0025215 secs] [Times: user=0.01 sys=0.00, real=0.00 secs] 
636.941: [GC (Allocation Failure) [PSYoungGen: 58272K->5536K(107008K)] 269799K->217063K(766976K), 0.0020232 secs] [Times: user=0.01 sys=0.00, real=0.00 secs] 
637.127: [GC (Allocation Failure) [PSYoungGen: 62368K->17792K(74752K)] 273895K->229319K(734720K), 0.0024802 secs] [Times: user=0.01 sys=0.00, real=0.00 secs] 
637.325: [GC (Allocation Failure) [PSYoungGen: 65504K->17776K(108032K)] 277031K->229303K(768000K), 0.0022853 secs] [Times: user=0.01 sys=0.00, real=0.00 secs] 
637.506: [GC (Allocation Failure) [PSYoungGen: 77168K->34176K(105472K)] 288695K->245711K(765440K), 0.0034773 secs] [Times: user=0.01 sys=0.00, real=0.00 secs] 
637.754: [GC (Allocation Failure) [PSYoungGen: 93568K->34176K(113152K)] 305103K->245711K(773120K), 0.0037740 secs] [Times: user=0.01 sys=0.00, real=0.01 secs] 
638.020: [GC (Allocation Failure) [PSYoungGen: 97664K->1344K(115712K)] 309199K->212879K(775680K), 0.0018721 secs] [Times: user=0.01 sys=0.00, real=0.00 secs] 
638.922: [GC (Allocation Failure) [PSYoungGen: 64832K->9664K(104448K)] 276367K->221215K(764416K), 0.0019798 secs] [Times: user=0.01 sys=0.00, real=0.00 secs] 
639.165: [GC (Allocation Failure) [PSYoungGen: 73152K->17792K(81408K)] 284703K->229343K(741376K), 0.0021758 secs] [Times: user=0.00 sys=0.00, real=0.00 secs] 
639.461: [GC (Allocation Failure) [PSYoungGen: 81280K->34208K(107008K)] 292831K->245759K(766976K), 0.0029709 secs] [Times: user=0.01 sys=0.00, real=0.00 secs] 
639.880: [GC (Allocation Failure) [PSYoungGen: 94112K->34176K(110592K)] 305663K->245727K(770560K), 0.0031118 secs] [Times: user=0.01 sys=0.00, real=0.00 secs] 
640.411: [GC (Allocation Failure) [PSYoungGen: 94080K->1360K(113152K)] 305631K->212911K(773120K), 0.0018789 secs] [Times: user=0.01 sys=0.00, real=0.00 secs] 
641.353: [GC (Allocation Failure) [PSYoungGen: 61264K->9664K(69632K)] 272815K->221215K(729600K), 0.0018669 secs] [Times: user=0.01 sys=0.00, real=0.01 secs] 
641.595: [GC (Allocation Failure) [PSYoungGen: 69568K->17792K(104960K)] 281119K->229343K(764928K), 0.0022942 secs] [Times: user=0.01 sys=0.00, real=0.00 secs] 
641.817: [GC (Allocation Failure) [PSYoungGen: 77696K->34176K(108032K)] 289247K->245727K(768000K), 0.0033152 secs] [Times: user=0.02 sys=0.00, real=0.00 secs] 
642.069: [GC (Allocation Failure) [PSYoungGen: 94080K->34208K(109056K)] 305631K->245759K(769024K), 0.0045337 secs] [Times: user=0.02 sys=0.00, real=0.00 secs] 
642.355: [GC (Allocation Failure) [PSYoungGen: 92064K->1344K(111104K)] 303615K->212911K(771072K), 0.0017797 secs] [Times: user=0.00 sys=0.00, real=0.00 secs] 
643.356: [GC (Allocation Failure) [PSYoungGen: 59200K->5536K(102912K)] 270767K->217103K(762880K), 0.0020638 secs] [Times: user=0.00 sys=0.00, real=0.00 secs] 
643.592: [GC (Allocation Failure) [PSYoungGen: 63392K->17824K(75776K)] 274959K->229391K(735744K), 0.0022924 secs] [Times: user=0.01 sys=0.00, real=0.00 secs] 
643.768: [GC (Allocation Failure) [PSYoungGen: 75680K->34208K(103936K)] 287247K->245775K(763904K), 0.0032145 secs] [Times: user=0.02 sys=0.00, real=0.00 secs] 
644.018: [GC (Allocation Failure) [PSYoungGen: 88992K->34176K(107008K)] 300559K->245743K(766976K), 0.0043961 secs] [Times: user=0.02 sys=0.00, real=0.00 secs] 
644.332: [GC (Allocation Failure) [PSYoungGen: 88960K->1376K(114688K)] 300527K->212943K(774656K), 0.0024753 secs] [Times: user=0.01 sys=0.00, real=0.00 secs] 
645.518: [GC (Allocation Failure) [PSYoungGen: 62304K->1664K(62976K)] 273871K->213239K(722944K), 0.0017036 secs] [Times: user=0.01 sys=0.00, real=0.00 secs] 
646.185: [GC (Allocation Failure) [PSYoungGen: 61236K->9632K(109568K)] 272811K->221207K(769536K), 0.0040687 secs] [Times: user=0.02 sys=0.00, real=0.00 secs] 
646.619: [GC (Allocation Failure) [PSYoungGen: 70560K->17792K(78848K)] 282135K->229367K(738816K), 0.0034803 secs] [Times: user=0.01 sys=0.00, real=0.00 secs] 
647.099: [GC (Allocation Failure) [PSYoungGen: 78720K->34208K(105472K)] 290295K->245783K(765440K), 0.0049608 secs] [Times: user=0.03 sys=0.00, real=0.00 secs] 
647.777: [GC (Allocation Failure) [PSYoungGen: 91552K->34176K(109056K)] 303127K->245751K(769024K), 0.0048755 secs] [Times: user=0.02 sys=0.00, real=0.00 secs] 
648.462: [GC (Allocation Failure) [PSYoungGen: 91520K->1408K(111616K)] 303095K->212991K(771584K), 0.0040056 secs] [Times: user=0.01 sys=0.00, real=0.01 secs] 
649.772: [GC (Allocation Failure) [PSYoungGen: 58752K->9632K(67072K)] 270335K->221215K(727040K), 0.0019648 secs] [Times: user=0.01 sys=0.00, real=0.00 secs] 
650.155: [GC (Allocation Failure) [PSYoungGen: 66976K->17792K(102912K)] 278559K->229375K(762880K), 0.0034258 secs] [Times: user=0.01 sys=0.00, real=0.00 secs] 
650.493: [GC (Allocation Failure) [PSYoungGen: 75136K->34176K(105984K)] 286719K->245759K(765952K), 0.0063206 secs] [Times: user=0.03 sys=0.00, real=0.01 secs] 
651.371: [GC (Allocation Failure) [PSYoungGen: 91520K->34208K(108032K)] 303103K->245791K(768000K), 0.0065324 secs] [Times: user=0.04 sys=0.01, real=0.01 secs] 
652.068: [GC (Allocation Failure) [PSYoungGen: 91552K->1376K(111616K)] 303135K->212959K(771584K), 0.0033054 secs] [Times: user=0.02 sys=0.01, real=0.00 secs] 
653.221: [GC (Allocation Failure) [PSYoungGen: 58720K->3456K(109568K)] 270303K->215039K(769536K), 0.0017669 secs] [Times: user=0.01 sys=0.00, real=0.00 secs] 
653.400: [GC (Allocation Failure) [PSYoungGen: 60800K->17824K(75264K)] 272383K->229407K(735232K), 0.0023298 secs] [Times: user=0.01 sys=0.00, real=0.00 secs] 
653.623: [GC (Allocation Failure) [PSYoungGen: 70563K->17760K(100864K)] 282146K->229343K(760832K), 0.0021435 secs] [Times: user=0.00 sys=0.00, real=0.01 secs] 
653.856: [GC (Allocation Failure) [PSYoungGen: 75104K->34176K(103936K)] 286687K->245759K(763904K), 0.0029671 secs] [Times: user=0.02 sys=0.00, real=0.00 secs] 
654.251: [GC (Allocation Failure) [PSYoungGen: 91520K->34176K(111104K)] 303103K->245775K(771072K), 0.0036428 secs] [Times: user=0.02 sys=0.00, real=0.01 secs] 
654.681: [GC (Allocation Failure) [PSYoungGen: 95104K->1376K(113664K)] 306703K->212999K(773632K), 0.0018694 secs] [Times: user=0.00 sys=0.00, real=0.00 secs] 
656.027: [GC (Allocation Failure) [PSYoungGen: 62304K->9600K(109568K)] 273927K->221231K(769536K), 0.0027610 secs] [Times: user=0.01 sys=0.00, real=0.00 secs] 
656.518: [GC (Allocation Failure) [PSYoungGen: 70528K->17792K(78848K)] 282159K->229423K(738816K), 0.0036397 secs] [Times: user=0.01 sys=0.00, real=0.00 secs] 
656.951: [GC (Allocation Failure) [PSYoungGen: 78720K->34176K(105472K)] 290351K->245807K(765440K), 0.0050205 secs] [Times: user=0.02 sys=0.00, real=0.01 secs] 
657.503: [GC (Allocation Failure) [PSYoungGen: 92032K->34208K(108544K)] 303663K->245839K(768512K), 0.0060892 secs] [Times: user=0.03 sys=0.00, real=0.01 secs] 
658.195: [GC (Allocation Failure) [PSYoungGen: 92064K->1408K(111104K)] 303695K->213039K(771072K), 0.0025336 secs] [Times: user=0.01 sys=0.00, real=0.00 secs] 
659.825: [GC (Allocation Failure) [PSYoungGen: 59264K->5536K(63488K)] 270895K->217167K(723456K), 0.0018560 secs] [Times: user=0.00 sys=0.00, real=0.00 secs] 
660.463: [GC (Allocation Failure) [PSYoungGen: 63392K->17824K(102912K)] 275023K->229455K(762880K), 0.0050213 secs] [Times: user=0.02 sys=0.00, real=0.01 secs] 
661.115: [GC (Allocation Failure) [PSYoungGen: 75680K->34176K(106496K)] 287311K->245807K(766464K), 0.0059312 secs] [Times: user=0.03 sys=0.00, real=0.00 secs] 
661.930: [GC (Allocation Failure) [PSYoungGen: 92032K->34240K(107008K)] 303663K->245871K(766976K), 0.0066917 secs] [Times: user=0.04 sys=0.00, real=0.01 secs] 
662.651: [GC (Allocation Failure) [PSYoungGen: 89536K->1408K(109568K)] 301167K->213039K(769536K), 0.0033696 secs] [Times: user=0.01 sys=0.00, real=0.01 secs] 
664.012: [GC (Allocation Failure) [PSYoungGen: 56661K->192K(108544K)] 268292K->211823K(768512K), 0.0012050 secs] [Times: user=0.01 sys=0.00, real=0.00 secs] 
664.548: [GC (Allocation Failure) [PSYoungGen: 55488K->9568K(65024K)] 267119K->221199K(724992K), 0.0030971 secs] [Times: user=0.01 sys=0.00, real=0.00 secs] 
665.012: [GC (Allocation Failure) [PSYoungGen: 64864K->17760K(101376K)] 276495K->229391K(761344K), 0.0033675 secs] [Times: user=0.02 sys=0.00, real=0.01 secs] 
665.395: [GC (Allocation Failure) [PSYoungGen: 73056K->34176K(103936K)] 284687K->245807K(763904K), 0.0049790 secs] [Times: user=0.02 sys=0.00, real=0.00 secs] 
665.949: [GC (Allocation Failure) [PSYoungGen: 89472K->34208K(104448K)] 301103K->245839K(764416K), 0.0049720 secs] [Times: user=0.02 sys=0.00, real=0.00 secs] 
666.557: [GC (Allocation Failure) [PSYoungGen: 86944K->1376K(107008K)] 298575K->213015K(766976K), 0.0031626 secs] [Times: user=0.01 sys=0.00, real=0.00 secs] 
667.856: [GC (Allocation Failure) [PSYoungGen: 54112K->2464K(104960K)] 265751K->214111K(764928K), 0.0016426 secs] [Times: user=0.01 sys=0.00, real=0.00 secs] 
668.157: [GC (Allocation Failure) [PSYoungGen: 54987K->9616K(62464K)] 266634K->221263K(722432K), 0.0020911 secs] [Times: user=0.01 sys=0.00, real=0.00 secs] 
668.390: [GC (Allocation Failure) [PSYoungGen: 62352K->17792K(98304K)] 273999K->229439K(758272K), 0.0025110 secs] [Times: user=0.01 sys=0.00, real=0.00 secs] 
668.580: [GC (Allocation Failure) [PSYoungGen: 70528K->34176K(100864K)] 282175K->245823K(760832K), 0.0034608 secs] [Times: user=0.02 sys=0.00, real=0.00 secs] 
668.814: [GC (Allocation Failure) [PSYoungGen: 86912K->34208K(107520K)] 298559K->245855K(767488K), 0.0033037 secs] [Times: user=0.02 sys=0.00, real=0.01 secs] 
669.056: [GC (Allocation Failure) [PSYoungGen: 90016K->1408K(110080K)] 301663K->213055K(770048K), 0.0019284 secs] [Times: user=0.00 sys=0.00, real=0.00 secs] 
670.288: [GC (Allocation Failure) [PSYoungGen: 55305K->3488K(101376K)] 266952K->215135K(761344K), 0.0024841 secs] [Times: user=0.01 sys=0.00, real=0.00 secs] 
670.738: [GC (Allocation Failure) [PSYoungGen: 59296K->17824K(73728K)] 270943K->229471K(733696K), 0.0039697 secs] [Times: user=0.02 sys=0.00, real=0.00 secs] 
671.054: [GC (Allocation Failure) [PSYoungGen: 72216K->17760K(100352K)] 283863K->229407K(760320K), 0.0025429 secs] [Times: user=0.01 sys=0.00, real=0.01 secs] 
671.220: [GC (Allocation Failure) [PSYoungGen: 73568K->34208K(102912K)] 285215K->245855K(762880K), 0.0037802 secs] [Times: user=0.02 sys=0.00, real=0.00 secs] 
671.456: [GC (Allocation Failure) [PSYoungGen: 90016K->34176K(109056K)] 301663K->245823K(769024K), 0.0033197 secs] [Times: user=0.01 sys=0.00, real=0.00 secs] 
671.726: [GC (Allocation Failure) [PSYoungGen: 93056K->1376K(112128K)] 304703K->213023K(772096K), 0.0017222 secs] [Times: user=0.00 sys=0.00, real=0.00 secs] 
672.941: [GC (Allocation Failure) [PSYoungGen: 60256K->9632K(101376K)] 271903K->221287K(761344K), 0.0019977 secs] [Times: user=0.01 sys=0.00, real=0.00 secs] 
673.502: [GC (Allocation Failure) [PSYoungGen: 68512K->17792K(76800K)] 280167K->229447K(736768K), 0.0043667 secs] [Times: user=0.02 sys=0.00, real=0.01 secs] 
673.988: [GC (Allocation Failure) [PSYoungGen: 76672K->34176K(102912K)] 288327K->245831K(762880K), 0.0077504 secs] [Times: user=0.04 sys=0.00, real=0.01 secs] 
674.560: [GC (Allocation Failure) [PSYoungGen: 89472K->34208K(106496K)] 301127K->245863K(766464K), 0.0053984 secs] [Times: user=0.02 sys=0.00, real=0.01 secs] 
674.971: [GC (Allocation Failure) [PSYoungGen: 89504K->1376K(102400K)] 301159K->213031K(762368K), 0.0025342 secs] [Times: user=0.01 sys=0.00, real=0.00 secs] 
676.133: [GC (Allocation Failure) [PSYoungGen: 56672K->3456K(58880K)] 268327K->215111K(718848K), 0.0018405 secs] [Times: user=0.00 sys=0.00, real=0.01 secs] 
676.751: [GC (Allocation Failure) [PSYoungGen: 57111K->9584K(102912K)] 268766K->221239K(762880K), 0.0024475 secs] [Times: user=0.01 sys=0.00, real=0.00 secs] 
677.199: [GC (Allocation Failure) [PSYoungGen: 64880K->17792K(73216K)] 276535K->229447K(733184K), 0.0035244 secs] [Times: user=0.01 sys=0.00, real=0.00 secs] 
677.566: [GC (Allocation Failure) [PSYoungGen: 73088K->34208K(99328K)] 284743K->245863K(759296K), 0.0058024 secs] [Times: user=0.03 sys=0.00, real=0.00 secs] 
677.954: [GC (Allocation Failure) [PSYoungGen: 85920K->34176K(102912K)] 297575K->245831K(762880K), 0.0050684 secs] [Times: user=0.03 sys=0.00, real=0.01 secs] 
678.287: [GC (Allocation Failure) [PSYoungGen: 85888K->1376K(110080K)] 297543K->213031K(770048K), 0.0025186 secs] [Times: user=0.01 sys=0.00, real=0.00 secs] 
679.598: [GC (Allocation Failure) [PSYoungGen: 58720K->5536K(62976K)] 270375K->217191K(722944K), 0.0019766 secs] [Times: user=0.00 sys=0.00, real=0.00 secs] 
680.010: [GC (Allocation Failure) [PSYoungGen: 62880K->17824K(103424K)] 274535K->229479K(763392K), 0.0035386 secs] [Times: user=0.01 sys=0.00, real=0.00 secs] 
680.488: [GC (Allocation Failure) [PSYoungGen: 65952K->17808K(75264K)] 277607K->229463K(735232K), 0.0028722 secs] [Times: user=0.01 sys=0.00, real=0.00 secs] 
680.863: [GC (Allocation Failure) [PSYoungGen: 75152K->34208K(99840K)] 286807K->245863K(759808K), 0.0043573 secs] [Times: user=0.02 sys=0.00, real=0.01 secs] 
681.248: [GC (Allocation Failure) [PSYoungGen: 87968K->34208K(103424K)] 299623K->245871K(763392K), 0.0038995 secs] [Times: user=0.02 sys=0.00, real=0.00 secs] 
681.523: [GC (Allocation Failure) [PSYoungGen: 87968K->1344K(105984K)] 299631K->213007K(765952K), 0.0018373 secs] [Times: user=0.00 sys=0.00, real=0.01 secs] 
683.576: [GC (Allocation Failure) [PSYoungGen: 55104K->5568K(59392K)] 266767K->217231K(719360K), 0.0022906 secs] [Times: user=0.01 sys=0.00, real=0.00 secs] 
683.744: [GC (Allocation Failure) [PSYoungGen: 59328K->17760K(98816K)] 270991K->229423K(758784K), 0.0025098 secs] [Times: user=0.01 sys=0.00, real=0.01 secs] 
683.916: [GC (Allocation Failure) [PSYoungGen: 59634K->17760K(101888K)] 271297K->229423K(761856K), 0.0024473 secs] [Times: user=0.01 sys=0.00, real=0.00 secs] 
684.073: [GC (Allocation Failure) [PSYoungGen: 71520K->34176K(100864K)] 283183K->245855K(760832K), 0.0032560 secs] [Times: user=0.02 sys=0.00, real=0.01 secs] 
684.430: [GC (Allocation Failure) [PSYoungGen: 89984K->34144K(104448K)] 301663K->245823K(764416K), 0.0036032 secs] [Times: user=0.01 sys=0.00, real=0.00 secs] 
684.848: [GC (Allocation Failure) [PSYoungGen: 89952K->1344K(112640K)] 301631K->213023K(772608K), 0.0017910 secs] [Times: user=0.00 sys=0.00, real=0.00 secs] 
686.113: [GC (Allocation Failure) [PSYoungGen: 62784K->9664K(71168K)] 274463K->221343K(731136K), 0.0020218 secs] [Times: user=0.01 sys=0.01, real=0.01 secs] 
686.577: [GC (Allocation Failure) [PSYoungGen: 71104K->17824K(104960K)] 282783K->229503K(764928K), 0.0027749 secs] [Times: user=0.01 sys=0.00, real=0.00 secs] 
686.954: [GC (Allocation Failure) [PSYoungGen: 79264K->34176K(108032K)] 290943K->245855K(768000K), 0.0054393 secs] [Times: user=0.03 sys=0.00, real=0.01 secs] 
687.497: [GC (Allocation Failure) [PSYoungGen: 95616K->34208K(108544K)] 307295K->245887K(768512K), 0.0049639 secs] [Times: user=0.02 sys=0.00, real=0.00 secs] 
687.957: [GC (Allocation Failure) [PSYoungGen: 93088K->1376K(111104K)] 304767K->213055K(771072K), 0.0024096 secs] [Times: user=0.01 sys=0.00, real=0.00 secs] 
689.056: [GC (Allocation Failure) [PSYoungGen: 60256K->5504K(109568K)] 271935K->217183K(769536K), 0.0018964 secs] [Times: user=0.01 sys=0.00, real=0.00 secs] 
689.453: [GC (Allocation Failure) [PSYoungGen: 64384K->17792K(76800K)] 276063K->229471K(736768K), 0.0023284 secs] [Times: user=0.01 sys=0.00, real=0.01 secs] 
689.799: [GC (Allocation Failure) [PSYoungGen: 76672K->34208K(103936K)] 288351K->245887K(763904K), 0.0056832 secs] [Times: user=0.03 sys=0.00, real=0.01 secs] 
690.173: [GC (Allocation Failure) [PSYoungGen: 90016K->34144K(107008K)] 301695K->245823K(766976K), 0.0050935 secs] [Times: user=0.03 sys=0.00, real=0.01 secs] 
690.575: [GC (Allocation Failure) [PSYoungGen: 89952K->1360K(103936K)] 301631K->213047K(763904K), 0.0022618 secs] [Times: user=0.00 sys=0.00, real=0.00 secs] 
691.034: [GC (Allocation Failure) [PSYoungGen: 57164K->272K(56320K)] 268851K->211959K(716288K), 0.0021421 secs] [Times: user=0.01 sys=0.00, real=0.01 secs] 
692.672: [GC (Allocation Failure) [PSYoungGen: 56080K->9600K(104960K)] 267767K->221287K(764928K), 0.0041138 secs] [Times: user=0.02 sys=0.01, real=0.01 secs] 
693.316: [GC (Allocation Failure) [PSYoungGen: 65408K->17824K(73728K)] 277095K->229511K(733696K), 0.0048796 secs] [Times: user=0.02 sys=0.01, real=0.00 secs] 
693.885: [GC (Allocation Failure) [PSYoungGen: 73632K->34176K(100352K)] 285319K->245863K(760320K), 0.0072093 secs] [Times: user=0.03 sys=0.01, real=0.00 secs] 
694.402: [GC (Allocation Failure) [PSYoungGen: 86400K->34208K(103936K)] 298087K->245895K(763904K), 0.0073081 secs] [Times: user=0.03 sys=0.00, real=0.01 secs] 
695.030: [GC (Allocation Failure) [PSYoungGen: 86432K->1376K(99840K)] 298119K->213079K(759808K), 0.0035144 secs] [Times: user=0.02 sys=0.00, real=0.00 secs] 
696.579: [GC (Allocation Failure) [PSYoungGen: 53600K->1952K(54272K)] 265303K->213655K(714240K), 0.0015998 secs] [Times: user=0.00 sys=0.00, real=0.00 secs] 
696.802: [GC (Allocation Failure) [PSYoungGen: 54176K->9600K(100352K)] 265879K->221303K(760320K), 0.0021277 secs] [Times: user=0.01 sys=0.00, real=0.00 secs] 
696.985: [GC (Allocation Failure) [PSYoungGen: 61824K->17824K(70144K)] 273527K->229527K(730112K), 0.0025234 secs] [Times: user=0.01 sys=0.00, real=0.00 secs] 
697.135: [GC (Allocation Failure) [PSYoungGen: 70048K->34176K(96768K)] 281751K->245879K(756736K), 0.0033668 secs] [Times: user=0.01 sys=0.00, real=0.00 secs] 
697.339: [GC (Allocation Failure) [PSYoungGen: 82816K->34144K(100352K)] 294519K->245855K(760320K), 0.0032414 secs] [Times: user=0.02 sys=0.00, real=0.00 secs] 
697.542: [GC (Allocation Failure) [PSYoungGen: 82784K->1376K(107520K)] 294495K->213087K(767488K), 0.0018195 secs] [Times: user=0.01 sys=0.00, real=0.00 secs] 
698.457: [GC (Allocation Failure) [PSYoungGen: 55587K->1472K(108032K)] 267298K->213183K(768000K), 0.0016715 secs] [Times: user=0.01 sys=0.00, real=0.00 secs] 
698.653: [GC (Allocation Failure) [PSYoungGen: 55744K->9600K(96256K)] 267455K->221319K(756224K), 0.0017845 secs] [Times: user=0.01 sys=0.00, real=0.00 secs] 
698.844: [GC (Allocation Failure) [PSYoungGen: 63872K->17792K(104448K)] 275591K->229511K(764416K), 0.0023151 secs] [Times: user=0.01 sys=0.00, real=0.01 secs] 
699.034: [GC (Allocation Failure) [PSYoungGen: 72064K->34176K(103424K)] 283783K->245895K(763392K), 0.0032326 secs] [Times: user=0.02 sys=0.00, real=0.00 secs] 
699.505: [GC (Allocation Failure) [PSYoungGen: 89984K->34176K(107520K)] 301703K->245895K(767488K), 0.0035633 secs] [Times: user=0.02 sys=0.00, real=0.00 secs] 
699.943: [GC (Allocation Failure) [PSYoungGen: 89984K->1312K(102912K)] 301703K->213063K(762880K), 0.0020817 secs] [Times: user=0.00 sys=0.00, real=0.01 secs] 
701.186: [GC (Allocation Failure) [PSYoungGen: 55816K->3472K(59392K)] 267567K->215223K(719360K), 0.0017206 secs] [Times: user=0.00 sys=0.00, real=0.00 secs] 
701.659: [GC (Allocation Failure) [PSYoungGen: 59280K->17824K(102400K)] 271031K->229575K(762368K), 0.0022524 secs] [Times: user=0.01 sys=0.00, real=0.00 secs] 
702.184: [GC (Allocation Failure) [PSYoungGen: 72229K->17792K(73728K)] 283980K->229543K(733696K), 0.0032712 secs] [Times: user=0.01 sys=0.01, real=0.01 secs] 
702.657: [GC (Allocation Failure) [PSYoungGen: 73600K->34176K(99328K)] 285351K->245927K(759296K), 0.0042932 secs] [Times: user=0.02 sys=0.00, real=0.00 secs] 
703.341: [GC (Allocation Failure) [PSYoungGen: 86400K->34176K(102912K)] 298151K->245927K(762880K), 0.0041034 secs] [Times: user=0.02 sys=0.00, real=0.01 secs] 
703.999: [GC (Allocation Failure) [PSYoungGen: 86400K->1344K(105472K)] 298151K->213095K(765440K), 0.0032425 secs] [Times: user=0.01 sys=0.00, real=0.00 secs] 
705.409: [GC (Allocation Failure) [PSYoungGen: 53568K->5536K(57856K)] 265319K->217295K(717824K), 0.0020314 secs] [Times: user=0.01 sys=0.00, real=0.00 secs] 
705.741: [GC (Allocation Failure) [PSYoungGen: 57760K->17792K(97792K)] 269519K->229551K(757760K), 0.0025956 secs] [Times: user=0.02 sys=0.00, real=0.00 secs] 
706.093: [GC (Allocation Failure) [PSYoungGen: 67881K->17776K(70144K)] 279640K->229535K(730112K), 0.0026231 secs] [Times: user=0.01 sys=0.00, real=0.01 secs] 
706.245: [GC (Allocation Failure) [PSYoungGen: 70000K->34208K(94208K)] 281759K->245975K(754176K), 0.0034223 secs] [Times: user=0.01 sys=0.01, real=0.00 secs] 
706.448: [GC (Allocation Failure) [PSYoungGen: 82848K->34208K(97792K)] 294615K->245975K(757760K), 0.0037820 secs] [Times: user=0.02 sys=0.01, real=0.00 secs] 
706.653: [GC (Allocation Failure) [PSYoungGen: 82848K->1376K(106496K)] 294615K->213143K(766464K), 0.0016911 secs] [Times: user=0.01 sys=0.00, real=0.01 secs] 
707.811: [GC (Allocation Failure) [PSYoungGen: 55648K->2432K(56832K)] 267415K->214199K(716800K), 0.0018120 secs] [Times: user=0.01 sys=0.00, real=0.00 secs] 
708.333: [GC (Allocation Failure) [PSYoungGen: 50826K->9632K(101376K)] 262593K->221399K(761344K), 0.0029990 secs] [Times: user=0.01 sys=0.01, real=0.01 secs] 
708.895: [GC (Allocation Failure) [PSYoungGen: 63904K->17824K(72192K)] 275671K->229591K(732160K), 0.0042494 secs] [Times: user=0.01 sys=0.00, real=0.00 secs] 
709.171: [GC (Allocation Failure) [PSYoungGen: 72096K->34144K(97280K)] 283863K->245919K(757248K), 0.0044965 secs] [Times: user=0.02 sys=0.00, real=0.01 secs] 
709.479: [GC (Allocation Failure) [PSYoungGen: 84832K->34176K(100864K)] 296607K->245951K(760832K), 0.0035935 secs] [Times: user=0.01 sys=0.00, real=0.00 secs] 
709.836: [GC (Allocation Failure) [PSYoungGen: 84864K->1408K(97280K)] 296639K->213183K(757248K), 0.0022050 secs] [Times: user=0.01 sys=0.00, real=0.00 secs] 
711.098: [GC (Allocation Failure) [PSYoungGen: 51607K->1952K(52736K)] 263382K->213727K(712704K), 0.0016804 secs] [Times: user=0.01 sys=0.00, real=0.00 secs] 
712.029: [GC (Allocation Failure) [PSYoungGen: 52640K->9632K(97792K)] 264415K->221407K(757760K), 0.0044132 secs] [Times: user=0.02 sys=0.00, real=0.00 secs] 
712.908: [GC (Allocation Failure) [PSYoungGen: 60320K->17792K(68608K)] 272095K->229567K(728576K), 0.0035718 secs] [Times: user=0.02 sys=0.00, real=0.00 secs] 
713.300: [GC (Allocation Failure) [PSYoungGen: 68480K->34144K(94208K)] 280255K->245927K(754176K), 0.0057091 secs] [Times: user=0.02 sys=0.01, real=0.01 secs] 
713.671: [GC (Allocation Failure) [PSYoungGen: 81248K->34208K(97792K)] 293031K->245991K(757760K), 0.0043545 secs] [Times: user=0.02 sys=0.00, real=0.01 secs] 
714.144: [GC (Allocation Failure) [PSYoungGen: 81312K->1376K(99840K)] 293095K->213183K(759808K), 0.0025965 secs] [Times: user=0.01 sys=0.00, real=0.01 secs] 
714.699: [GC (Allocation Failure) [PSYoungGen: 48480K->1376K(48640K)] 260287K->213183K(708608K), 0.0026344 secs] [Times: user=0.01 sys=0.00, real=0.00 secs] 
716.289: [GC (Allocation Failure) [PSYoungGen: 47083K->5504K(96256K)] 258890K->217319K(756224K), 0.0037190 secs] [Times: user=0.02 sys=0.00, real=0.00 secs] 
716.598: [GC (Allocation Failure) [PSYoungGen: 52608K->17792K(65024K)] 264423K->229607K(724992K), 0.0037741 secs] [Times: user=0.01 sys=0.00, real=0.00 secs] 
716.985: [GC (Allocation Failure) [PSYoungGen: 64642K->17840K(90112K)] 276457K->229663K(750080K), 0.0038083 secs] [Times: user=0.01 sys=0.00, real=0.00 secs] 
717.246: [GC (Allocation Failure) [PSYoungGen: 64944K->34144K(92672K)] 276767K->245967K(752640K), 0.0057164 secs] [Times: user=0.03 sys=0.00, real=0.00 secs] 
717.642: [GC (Allocation Failure) [PSYoungGen: 81248K->34176K(99328K)] 293071K->245999K(759296K), 0.0047603 secs] [Times: user=0.02 sys=0.00, real=0.01 secs] 
718.038: [GC (Allocation Failure) [PSYoungGen: 83840K->1344K(102400K)] 295663K->213167K(762368K), 0.0024619 secs] [Times: user=0.01 sys=0.00, real=0.00 secs] 
719.098: [GC (Allocation Failure) [PSYoungGen: 51008K->1920K(95232K)] 262831K->213751K(755200K), 0.0015270 secs] [Times: user=0.00 sys=0.00, real=0.00 secs] 
719.699: [GC (Allocation Failure) [PSYoungGen: 51584K->9600K(59392K)] 263415K->221431K(719360K), 0.0021569 secs] [Times: user=0.00 sys=0.00, real=0.00 secs] 
720.185: [GC (Allocation Failure) [PSYoungGen: 59264K->17760K(93696K)] 271095K->229591K(753664K), 0.0034392 secs] [Times: user=0.01 sys=0.00, real=0.00 secs] 
720.605: [GC (Allocation Failure) [PSYoungGen: 67424K->34176K(96256K)] 279255K->246007K(756224K), 0.0050112 secs] [Times: user=0.03 sys=0.00, real=0.00 secs] 
721.142: [GC (Allocation Failure) [PSYoungGen: 83840K->34176K(97792K)] 295671K->246007K(757760K), 0.0041160 secs] [Times: user=0.02 sys=0.00, real=0.01 secs] 
721.669: [GC (Allocation Failure) [PSYoungGen: 81280K->34144K(100352K)] 293111K->245975K(760320K), 0.0049082 secs] [Times: user=0.02 sys=0.00, real=0.00 secs] 
722.176: [GC (Allocation Failure) [PSYoungGen: 81248K->1376K(101888K)] 293079K->213207K(761856K), 0.0024091 secs] [Times: user=0.01 sys=0.00, real=0.00 secs] 
723.334: [GC (Allocation Failure) [PSYoungGen: 48480K->5568K(52736K)] 260311K->217399K(712704K), 0.0020191 secs] [Times: user=0.01 sys=0.00, real=0.01 secs] 
723.650: [GC (Allocation Failure) [PSYoungGen: 52672K->17792K(94720K)] 264503K->229623K(754688K), 0.0025194 secs] [Times: user=0.01 sys=0.00, real=0.00 secs] 
724.121: [GC (Allocation Failure) [PSYoungGen: 64896K->17792K(65024K)] 276727K->229639K(724992K), 0.0051963 secs] [Times: user=0.02 sys=0.00, real=0.01 secs] 
724.438: [GC (Allocation Failure) [PSYoungGen: 64896K->34208K(91648K)] 276743K->246055K(751616K), 0.0075252 secs] [Times: user=0.04 sys=0.00, real=0.01 secs] 
724.881: [GC (Allocation Failure) [PSYoungGen: 78240K->34176K(94720K)] 290087K->246023K(754688K), 0.0054228 secs] [Times: user=0.02 sys=0.00, real=0.01 secs] 
725.328: [GC (Allocation Failure) [PSYoungGen: 78208K->1440K(102400K)] 290055K->213287K(762368K), 0.0029146 secs] [Times: user=0.01 sys=0.00, real=0.00 secs] 
725.669: [GC (Allocation Failure) [PSYoungGen: 50592K->1376K(102400K)] 262439K->213255K(762368K), 0.0024865 secs] [Times: user=0.01 sys=0.00, real=0.00 secs] 
726.834: [GC (Allocation Failure) [PSYoungGen: 50528K->9664K(91648K)] 262407K->221543K(751616K), 0.0020461 secs] [Times: user=0.01 sys=0.00, real=0.01 secs] 
727.238: [GC (Allocation Failure) [PSYoungGen: 58816K->17824K(67072K)] 270695K->229703K(727040K), 0.0037838 secs] [Times: user=0.02 sys=0.00, real=0.00 secs] 
727.524: [GC (Allocation Failure) [PSYoungGen: 51228K->17824K(91648K)] 263107K->229703K(751616K), 0.0032148 secs] [Times: user=0.01 sys=0.00, real=0.01 secs] 
727.875: [GC (Allocation Failure) [PSYoungGen: 66976K->34208K(94208K)] 278855K->246087K(754176K), 0.0043947 secs] [Times: user=0.02 sys=0.00, real=0.00 secs] 
728.296: [GC (Allocation Failure) [PSYoungGen: 83360K->34208K(99840K)] 295239K->246087K(759808K), 0.0046548 secs] [Times: user=0.03 sys=0.00, real=0.00 secs] 
728.728: [GC (Allocation Failure) [PSYoungGen: 85408K->1376K(102912K)] 297287K->213255K(762880K), 0.0021270 secs] [Times: user=0.00 sys=0.00, real=0.00 secs] 
729.874: [GC (Allocation Failure) [PSYoungGen: 52576K->2464K(100864K)] 264455K->214343K(760832K), 0.0016109 secs] [Times: user=0.01 sys=0.00, real=0.01 secs] 
730.523: [GC (Allocation Failure) [PSYoungGen: 53664K->9632K(60928K)] 265543K->221511K(720896K), 0.0019980 secs] [Times: user=0.01 sys=0.00, real=0.01 secs] 
731.141: [GC (Allocation Failure) [PSYoungGen: 60832K->17792K(94720K)] 272711K->229679K(754688K), 0.0040306 secs] [Times: user=0.02 sys=0.00, real=0.01 secs] 
731.661: [GC (Allocation Failure) [PSYoungGen: 68992K->34208K(97280K)] 280879K->246095K(757248K), 0.0099365 secs] [Times: user=0.05 sys=0.00, real=0.01 secs] 
732.206: [GC (Allocation Failure) [PSYoungGen: 85408K->34144K(97792K)] 297295K->246031K(757760K), 0.0056764 secs] [Times: user=0.03 sys=0.00, real=0.00 secs] 
732.557: [GC (Allocation Failure) [PSYoungGen: 82272K->1376K(100864K)] 294159K->213263K(760832K), 0.0020733 secs] [Times: user=0.01 sys=0.00, real=0.00 secs] 
732.912: [GC (Allocation Failure) [PSYoungGen: 48531K->288K(99840K)] 260418K->212175K(759808K), 0.0019164 secs] [Times: user=0.01 sys=0.00, real=0.00 secs] 
735.323: [GC (Allocation Failure) [PSYoungGen: 48416K->9632K(57856K)] 260303K->221519K(717824K), 0.0039867 secs] [Times: user=0.02 sys=0.00, real=0.01 secs] 
735.830: [GC (Allocation Failure) [PSYoungGen: 57760K->17824K(92672K)] 269647K->229711K(752640K), 0.0053373 secs] [Times: user=0.02 sys=0.00, real=0.01 secs] 
736.145: [GC (Allocation Failure) [PSYoungGen: 51443K->17760K(66048K)] 263329K->229671K(726016K), 0.0032189 secs] [Times: user=0.01 sys=0.01, real=0.00 secs] 
736.408: [GC (Allocation Failure) [PSYoungGen: 65888K->34144K(88576K)] 277799K->246063K(748544K), 0.0045519 secs] [Times: user=0.02 sys=0.00, real=0.00 secs] 
736.744: [GC (Allocation Failure) [PSYoungGen: 78176K->34208K(92672K)] 290095K->246127K(752640K), 0.0046426 secs] [Times: user=0.02 sys=0.00, real=0.01 secs] 
737.122: [GC (Allocation Failure) [PSYoungGen: 78240K->1344K(99840K)] 290159K->213263K(759808K), 0.0020926 secs] [Times: user=0.00 sys=0.00, real=0.00 secs] 
737.704: [GC (Allocation Failure) [PSYoungGen: 49984K->1408K(50176K)] 261903K->213327K(710144K), 0.0025267 secs] [Times: user=0.01 sys=0.00, real=0.01 secs] 
738.660: [GC (Allocation Failure) [PSYoungGen: 50048K->9664K(95232K)] 261967K->221583K(755200K), 0.0018623 secs] [Times: user=0.01 sys=0.00, real=0.00 secs] 
738.828: [GC (Allocation Failure) [PSYoungGen: 58304K->17792K(66560K)] 270223K->229719K(726528K), 0.0022316 secs] [Times: user=0.01 sys=0.00, real=0.00 secs] 
738.965: [GC (Allocation Failure) [PSYoungGen: 66432K->34176K(90624K)] 278359K->246103K(750592K), 0.0032257 secs] [Times: user=0.01 sys=0.00, real=0.00 secs] 
739.149: [GC (Allocation Failure) [PSYoungGen: 78720K->34176K(94720K)] 290647K->246103K(754688K), 0.0030601 secs] [Times: user=0.02 sys=0.00, real=0.00 secs] 
739.335: [GC (Allocation Failure) [PSYoungGen: 78720K->34176K(100352K)] 290647K->246103K(760320K), 0.0046938 secs] [Times: user=0.02 sys=0.00, real=0.00 secs] 
739.536: [GC (Allocation Failure) [PSYoungGen: 81792K->1392K(102912K)] 293719K->213335K(762880K), 0.0020869 secs] [Times: user=0.01 sys=0.00, real=0.00 secs] 
740.431: [GC (Allocation Failure) [PSYoungGen: 49008K->3520K(105472K)] 260951K->215479K(765440K), 0.0017626 secs] [Times: user=0.01 sys=0.00, real=0.00 secs] 
740.615: [GC (Allocation Failure) [PSYoungGen: 54366K->9632K(107008K)] 266325K->221591K(766976K), 0.0018578 secs] [Times: user=0.00 sys=0.00, real=0.00 secs] 
740.803: [GC (Allocation Failure) [PSYoungGen: 62880K->17824K(104960K)] 274839K->229783K(764928K), 0.0022257 secs] [Times: user=0.01 sys=0.00, real=0.01 secs] 
740.982: [GC (Allocation Failure) [PSYoungGen: 77216K->34208K(108032K)] 289175K->246183K(768000K), 0.0030156 secs] [Times: user=0.01 sys=0.00, real=0.01 secs] 
741.369: [GC (Allocation Failure) [PSYoungGen: 93600K->34176K(116224K)] 305575K->246151K(776192K), 0.0082089 secs] [Times: user=0.04 sys=0.01, real=0.01 secs] 
741.844: [GC (Allocation Failure) [PSYoungGen: 98176K->1344K(118784K)] 310151K->213319K(778752K), 0.0024603 secs] [Times: user=0.01 sys=0.00, real=0.01 secs] 
742.927: [GC (Allocation Failure) [PSYoungGen: 65344K->9664K(120320K)] 277319K->221759K(780288K), 0.0020168 secs] [Times: user=0.00 sys=0.00, real=0.00 secs] 
743.211: [GC (Allocation Failure) [PSYoungGen: 80320K->17760K(122880K)] 292415K->229855K(782848K), 0.0025951 secs] [Times: user=0.01 sys=0.00, real=0.00 secs] 
743.437: [GC (Allocation Failure) [PSYoungGen: 88416K->34176K(123392K)] 300511K->246271K(783360K), 0.0040841 secs] [Times: user=0.01 sys=0.00, real=0.00 secs] 
743.749: [GC (Allocation Failure) [PSYoungGen: 108928K->1376K(126464K)] 321023K->213471K(786432K), 0.0017814 secs] [Times: user=0.01 sys=0.00, real=0.00 secs] 
745.059: [GC (Allocation Failure) [PSYoungGen: 76128K->5536K(114176K)] 288223K->217751K(774144K), 0.0020540 secs] [Times: user=0.01 sys=0.00, real=0.00 secs] 
745.865: [GC (Allocation Failure) [PSYoungGen: 79776K->17824K(91648K)] 291991K->230039K(751616K), 0.0050776 secs] [Times: user=0.02 sys=0.00, real=0.00 secs] 
746.317: [GC (Allocation Failure) [PSYoungGen: 91552K->34144K(117760K)] 303767K->246359K(777728K), 0.0048339 secs] [Times: user=0.03 sys=0.00, real=0.00 secs] 
746.918: [GC (Allocation Failure) [PSYoungGen: 104288K->34208K(120832K)] 316503K->246423K(780800K), 0.0049718 secs] [Times: user=0.02 sys=0.00, real=0.00 secs] 
748.271: [GC (Allocation Failure) [PSYoungGen: 103498K->224K(122368K)] 315713K->212439K(782336K), 0.0013851 secs] [Times: user=0.01 sys=0.00, real=0.00 secs] 
748.915: [GC (Allocation Failure) [PSYoungGen: 65053K->9600K(78336K)] 277268K->221815K(738304K), 0.0020880 secs] [Times: user=0.01 sys=0.00, real=0.00 secs] 
749.582: [GC (Allocation Failure) [PSYoungGen: 72193K->17792K(112128K)] 284408K->230007K(772096K), 0.0028594 secs] [Times: user=0.01 sys=0.00, real=0.01 secs] 
750.223: [GC (Allocation Failure) [PSYoungGen: 85888K->34208K(115712K)] 298103K->246423K(775680K), 0.0042674 secs] [Times: user=0.02 sys=0.00, real=0.01 secs] 
751.068: [GC (Allocation Failure) [PSYoungGen: 101792K->1376K(117248K)] 314007K->213591K(777216K), 0.0031212 secs] [Times: user=0.01 sys=0.00, real=0.00 secs] 
752.504: [GC (Allocation Failure) [PSYoungGen: 68448K->3488K(70656K)] 280663K->215703K(730624K), 0.0017961 secs] [Times: user=0.01 sys=0.00, real=0.01 secs] 
753.092: [GC (Allocation Failure) [PSYoungGen: 70560K->17792K(112128K)] 282775K->230007K(772096K), 0.0066035 secs] [Times: user=0.03 sys=0.00, real=0.01 secs] 
753.534: [GC (Allocation Failure) [PSYoungGen: 84864K->34176K(114688K)] 297079K->246391K(774656K), 0.0041409 secs] [Times: user=0.02 sys=0.00, real=0.01 secs] 
753.815: [GC (Allocation Failure) [PSYoungGen: 101248K->34176K(115712K)] 313463K->246391K(775680K), 0.0036250 secs] [Times: user=0.02 sys=0.00, real=0.00 secs] 
754.086: [GC (Allocation Failure) [PSYoungGen: 98688K->1376K(118272K)] 310903K->213591K(778240K), 0.0018771 secs] [Times: user=0.01 sys=0.00, real=0.00 secs] 
755.493: [GC (Allocation Failure) [PSYoungGen: 65888K->5504K(115200K)] 278103K->217719K(775168K), 0.0035663 secs] [Times: user=0.02 sys=0.00, real=0.01 secs] 
758.157: [GC (Allocation Failure) [PSYoungGen: 70016K->17792K(82432K)] 282231K->230015K(742400K), 0.0056382 secs] [Times: user=0.02 sys=0.00, real=0.00 secs] 
758.601: [GC (Allocation Failure) [PSYoungGen: 82304K->34176K(110592K)] 294527K->246399K(770560K), 0.0056621 secs] [Times: user=0.03 sys=0.00, real=0.01 secs] 
759.109: [GC (Allocation Failure) [PSYoungGen: 95616K->34208K(113664K)] 307839K->246447K(773632K), 0.0049556 secs] [Times: user=0.02 sys=0.00, real=0.00 secs] 
759.631: [GC (Allocation Failure) [PSYoungGen: 95648K->1392K(116224K)] 307887K->213631K(776192K), 0.0024457 secs] [Times: user=0.01 sys=0.00, real=0.00 secs] 
761.370: [GC (Allocation Failure) [PSYoungGen: 62832K->5504K(67072K)] 275071K->217743K(727040K), 0.0030719 secs] [Times: user=0.01 sys=0.00, real=0.00 secs] 
762.926: [GC (Allocation Failure) [PSYoungGen: 66944K->17792K(107520K)] 279183K->230031K(767488K), 0.0034185 secs] [Times: user=0.01 sys=0.00, real=0.00 secs] 
764.120: [GC (Allocation Failure) [PSYoungGen: 79232K->34176K(111104K)] 291471K->246415K(771072K), 0.0035238 secs] [Times: user=0.02 sys=0.00, real=0.00 secs] 
765.404: [GC (Allocation Failure) [PSYoungGen: 95616K->34160K(111616K)] 307855K->246399K(771584K), 0.0033075 secs] [Times: user=0.01 sys=0.00, real=0.01 secs] 
766.188: [GC (Allocation Failure) [PSYoungGen: 93040K->9632K(68608K)] 305279K->221871K(728576K), 0.0020422 secs] [Times: user=0.01 sys=0.00, real=0.00 secs] 
766.399: [GC (Allocation Failure) [PSYoungGen: 68512K->17840K(105472K)] 280751K->230079K(765440K), 0.0023718 secs] [Times: user=0.01 sys=0.00, real=0.00 secs] 
766.577: [GC (Allocation Failure) [PSYoungGen: 76720K->34128K(109056K)] 288959K->246367K(769024K), 0.0033911 secs] [Times: user=0.02 sys=0.00, real=0.00 secs] 
766.823: [GC (Allocation Failure) [PSYoungGen: 93008K->34144K(109568K)] 305247K->246383K(769536K), 0.0035371 secs] [Times: user=0.01 sys=0.00, real=0.01 secs] 
767.060: [GC (Allocation Failure) [PSYoungGen: 90976K->1344K(111616K)] 303215K->213583K(771584K), 0.0021156 secs] [Times: user=0.00 sys=0.00, real=0.00 secs] 
768.074: [GC (Allocation Failure) [PSYoungGen: 58176K->5536K(103424K)] 270415K->217783K(763392K), 0.0018420 secs] [Times: user=0.01 sys=0.00, real=0.01 secs] 
768.258: [GC (Allocation Failure) [PSYoungGen: 62368K->17792K(74752K)] 274615K->230063K(734720K), 0.0022386 secs] [Times: user=0.01 sys=0.00, real=0.00 secs] 
768.426: [GC (Allocation Failure) [PSYoungGen: 74624K->34192K(104960K)] 286895K->246471K(764928K), 0.0028315 secs] [Times: user=0.02 sys=0.00, real=0.00 secs] 
768.652: [GC (Allocation Failure) [PSYoungGen: 88464K->34208K(107520K)] 300743K->246487K(767488K), 0.0028350 secs] [Times: user=0.01 sys=0.00, real=0.01 secs] 
768.877: [GC (Allocation Failure) [PSYoungGen: 88480K->1376K(114688K)] 300759K->213663K(774656K), 0.0014813 secs] [Times: user=0.00 sys=0.00, real=0.00 secs] 
769.162: [GC (Allocation Failure) [PSYoungGen: 61276K->224K(115200K)] 273563K->212511K(775168K), 0.0028430 secs] [Times: user=0.01 sys=0.00, real=0.01 secs] 
770.386: [GC (Allocation Failure) [PSYoungGen: 60128K->9664K(103424K)] 272415K->221951K(763392K), 0.0020956 secs] [Times: user=0.01 sys=0.01, real=0.00 secs] 
770.827: [GC (Allocation Failure) [PSYoungGen: 69568K->17760K(77824K)] 281855K->230047K(737792K), 0.0026097 secs] [Times: user=0.01 sys=0.00, real=0.00 secs] 
771.210: [GC (Allocation Failure) [PSYoungGen: 77664K->34176K(105472K)] 289951K->246463K(765440K), 0.0080490 secs] [Times: user=0.04 sys=0.00, real=0.01 secs] 
771.751: [GC (Allocation Failure) [PSYoungGen: 90496K->34208K(109056K)] 302783K->246495K(769024K), 0.0059795 secs] [Times: user=0.03 sys=0.00, real=0.01 secs] 
772.185: [GC (Allocation Failure) [PSYoungGen: 90528K->1312K(116224K)] 302815K->213615K(776192K), 0.0028325 secs] [Times: user=0.01 sys=0.00, real=0.00 secs] 
773.702: [GC (Allocation Failure) [PSYoungGen: 63264K->9632K(71680K)] 275567K->221935K(731648K), 0.0066081 secs] [Times: user=0.02 sys=0.00, real=0.01 secs] 
774.235: [GC (Allocation Failure) [PSYoungGen: 71584K->17760K(107520K)] 283887K->230063K(767488K), 0.0036627 secs] [Times: user=0.01 sys=0.00, real=0.00 secs] 
774.611: [GC (Allocation Failure) [PSYoungGen: 79712K->34176K(111104K)] 292015K->246479K(771072K), 0.0058436 secs] [Times: user=0.03 sys=0.00, real=0.01 secs] 
775.133: [GC (Allocation Failure) [PSYoungGen: 96128K->34208K(112640K)] 308431K->246511K(772608K), 0.0041983 secs] [Times: user=0.02 sys=0.00, real=0.01 secs] 
775.458: [GC (Allocation Failure) [PSYoungGen: 96160K->1408K(63488K)] 308463K->213719K(723456K), 0.0018569 secs] [Times: user=0.01 sys=0.00, real=0.00 secs] 
776.860: [GC (Allocation Failure) [PSYoungGen: 62377K->5536K(114176K)] 274688K->217847K(774144K), 0.0030550 secs] [Times: user=0.02 sys=0.00, real=0.00 secs] 
777.546: [GC (Allocation Failure) [PSYoungGen: 67488K->17824K(79872K)] 279799K->230135K(739840K), 0.0038905 secs] [Times: user=0.01 sys=0.00, real=0.00 secs] 
777.820: [GC (Allocation Failure) [PSYoungGen: 79776K->34144K(108544K)] 292087K->246455K(768512K), 0.0035719 secs] [Times: user=0.01 sys=0.00, real=0.00 secs] 
778.196: [GC (Allocation Failure) [PSYoungGen: 93024K->34176K(111616K)] 305335K->246487K(771584K), 0.0033534 secs] [Times: user=0.02 sys=0.00, real=0.00 secs] 
778.901: [GC (Allocation Failure) [PSYoungGen: 93056K->1392K(113664K)] 305367K->213703K(773632K), 0.0017658 secs] [Times: user=0.00 sys=0.00, real=0.00 secs] 
780.549: [GC (Allocation Failure) [PSYoungGen: 58875K->3456K(62464K)] 271186K->215767K(722432K), 0.0023622 secs] [Times: user=0.01 sys=0.00, real=0.00 secs] 
781.659: [GC (Allocation Failure) [PSYoungGen: 62336K->17792K(105472K)] 274647K->230103K(765440K), 0.0044204 secs] [Times: user=0.02 sys=0.00, real=0.00 secs] 
782.240: [GC (Allocation Failure) [PSYoungGen: 69322K->17840K(76800K)] 281633K->230151K(736768K), 0.0053308 secs] [Times: user=0.02 sys=0.00, real=0.01 secs] 
782.606: [GC (Allocation Failure) [PSYoungGen: 76720K->34176K(103424K)] 289031K->246487K(763392K), 0.0058824 secs] [Times: user=0.03 sys=0.00, real=0.00 secs] 
783.043: [GC (Allocation Failure) [PSYoungGen: 89984K->34208K(106496K)] 302295K->246519K(766464K), 0.0042819 secs] [Times: user=0.02 sys=0.00, real=0.01 secs] 
783.277: [GC (Allocation Failure) [PSYoungGen: 90016K->1344K(109056K)] 302327K->213663K(769024K), 0.0017973 secs] [Times: user=0.00 sys=0.00, real=0.00 secs] 
785.142: [GC (Allocation Failure) [PSYoungGen: 57152K->9664K(65536K)] 269471K->221983K(725504K), 0.0041677 secs] [Times: user=0.02 sys=0.00, real=0.01 secs] 
785.759: [GC (Allocation Failure) [PSYoungGen: 65472K->17824K(100864K)] 277791K->230143K(760832K), 0.0051688 secs] [Times: user=0.02 sys=0.00, real=0.00 secs] 
786.292: [GC (Allocation Failure) [PSYoungGen: 73632K->34208K(103936K)] 285951K->246527K(763904K), 0.0069385 secs] [Times: user=0.03 sys=0.00, real=0.01 secs] 
786.875: [GC (Allocation Failure) [PSYoungGen: 90016K->34208K(104960K)] 302335K->246527K(764928K), 0.0060334 secs] [Times: user=0.03 sys=0.00, real=0.00 secs] 
787.105: [GC (Allocation Failure) [PSYoungGen: 87968K->1424K(107008K)] 300287K->213751K(766976K), 0.0019429 secs] [Times: user=0.01 sys=0.00, real=0.00 secs] 
788.093: [GC (Allocation Failure) [PSYoungGen: 55149K->256K(107008K)] 267476K->212583K(766976K), 0.0012308 secs] [Times: user=0.01 sys=0.00, real=0.00 secs] 
788.513: [GC (Allocation Failure) [PSYoungGen: 54016K->9600K(63488K)] 266343K->221927K(723456K), 0.0018704 secs] [Times: user=0.01 sys=0.00, real=0.01 secs] 
788.882: [GC (Allocation Failure) [PSYoungGen: 63360K->17760K(99328K)] 275687K->230087K(759296K), 0.0024061 secs] [Times: user=0.01 sys=0.00, real=0.01 secs] 
789.197: [GC (Allocation Failure) [PSYoungGen: 71520K->34144K(101888K)] 283847K->246471K(761856K), 0.0033916 secs] [Times: user=0.01 sys=0.00, real=0.00 secs] 
789.531: [GC (Allocation Failure) [PSYoungGen: 87904K->34176K(101888K)] 300231K->246503K(761856K), 0.0035614 secs] [Times: user=0.02 sys=0.00, real=0.01 secs] 
789.743: [GC (Allocation Failure) [PSYoungGen: 84864K->1408K(52224K)] 297191K->213735K(712192K), 0.0017922 secs] [Times: user=0.01 sys=0.00, real=0.01 secs] 
790.672: [GC (Allocation Failure) [PSYoungGen: 52096K->1408K(103424K)] 264423K->213735K(763392K), 0.0013999 secs] [Times: user=0.00 sys=0.00, real=0.00 secs] 
791.130: [GC (Allocation Failure) [PSYoungGen: 52096K->9632K(60416K)] 264423K->221959K(720384K), 0.0020318 secs] [Times: user=0.01 sys=0.00, real=0.00 secs] 
791.579: [GC (Allocation Failure) [PSYoungGen: 60320K->17824K(95232K)] 272647K->230151K(755200K), 0.0052572 secs] [Times: user=0.02 sys=0.00, real=0.00 secs] 
791.790: [GC (Allocation Failure) [PSYoungGen: 68512K->34144K(98304K)] 280839K->246471K(758272K), 0.0053851 secs] [Times: user=0.03 sys=0.00, real=0.01 secs] 
792.132: [GC (Allocation Failure) [PSYoungGen: 84832K->34208K(104448K)] 297159K->246543K(764416K), 0.0046286 secs] [Times: user=0.02 sys=0.00, real=0.01 secs] 
792.531: [GC (Allocation Failure) [PSYoungGen: 87456K->1376K(107520K)] 299791K->213727K(767488K), 0.0024053 secs] [Times: user=0.01 sys=0.00, real=0.00 secs] 
792.916: [GC (Allocation Failure) [PSYoungGen: 54624K->1408K(110592K)] 266975K->213759K(770560K), 0.0023803 secs] [Times: user=0.01 sys=0.00, real=0.00 secs] 
794.099: [GC (Allocation Failure) [PSYoungGen: 60288K->9600K(68608K)] 272639K->221951K(728576K), 0.0019151 secs] [Times: user=0.01 sys=0.00, real=0.00 secs] 
794.495: [GC (Allocation Failure) [PSYoungGen: 68480K->17792K(103936K)] 280831K->230143K(763904K), 0.0047306 secs] [Times: user=0.02 sys=0.00, real=0.00 secs] 
794.831: [GC (Allocation Failure) [PSYoungGen: 76672K->34176K(106496K)] 289023K->246527K(766464K), 0.0069707 secs] [Times: user=0.04 sys=0.00, real=0.01 secs] 
795.316: [GC (Allocation Failure) [PSYoungGen: 93056K->34208K(114688K)] 305407K->246559K(774656K), 0.0069399 secs] [Times: user=0.03 sys=0.00, real=0.00 secs] 
795.821: [GC (Allocation Failure) [PSYoungGen: 97184K->1392K(117248K)] 309535K->213743K(777216K), 0.0024663 secs] [Times: user=0.01 sys=0.00, real=0.00 secs] 
797.331: [GC (Allocation Failure) [PSYoungGen: 64368K->9664K(105984K)] 276719K->222015K(765952K), 0.0019374 secs] [Times: user=0.01 sys=0.00, real=0.00 secs] 
798.215: [GC (Allocation Failure) [PSYoungGen: 72640K->17824K(80896K)] 284991K->230175K(740864K), 0.0058122 secs] [Times: user=0.03 sys=0.00, real=0.00 secs] 
798.845: [GC (Allocation Failure) [PSYoungGen: 80800K->34208K(108544K)] 293151K->246559K(768512K), 0.0071109 secs] [Times: user=0.03 sys=0.00, real=0.00 secs] 
799.527: [GC (Allocation Failure) [PSYoungGen: 94112K->34208K(111616K)] 306463K->246559K(771584K), 0.0046454 secs] [Times: user=0.02 sys=0.00, real=0.00 secs] 
800.269: [GC (Allocation Failure) [PSYoungGen: 94112K->1392K(114176K)] 306463K->213743K(774144K), 0.0022567 secs] [Times: user=0.01 sys=0.00, real=0.00 secs] 
801.807: [GC (Allocation Failure) [PSYoungGen: 59858K->5504K(65536K)] 272209K->217855K(725504K), 0.0022993 secs] [Times: user=0.01 sys=0.00, real=0.00 secs] 
802.353: [GC (Allocation Failure) [PSYoungGen: 65408K->17792K(106496K)] 277759K->230143K(766464K), 0.0044537 secs] [Times: user=0.01 sys=0.00, real=0.01 secs] 
802.923: [GC (Allocation Failure) [PSYoungGen: 77696K->34144K(109568K)] 290047K->246495K(769536K), 0.0052655 secs] [Times: user=0.03 sys=0.00, real=0.01 secs] 
803.697: [GC (Allocation Failure) [PSYoungGen: 94048K->34208K(110592K)] 306399K->246559K(770560K), 0.0078623 secs] [Times: user=0.04 sys=0.00, real=0.01 secs] 
804.311: [GC (Allocation Failure) [PSYoungGen: 92064K->1408K(112640K)] 304415K->213759K(772608K), 0.0024169 secs] [Times: user=0.01 sys=0.00, real=0.00 secs] 
805.531: [GC (Allocation Failure) [PSYoungGen: 59264K->2400K(110592K)] 271615K->214751K(770560K), 0.0016558 secs] [Times: user=0.01 sys=0.00, real=0.00 secs] 
805.920: [GC (Allocation Failure) [PSYoungGen: 52461K->9568K(67584K)] 264812K->221919K(727552K), 0.0019359 secs] [Times: user=0.01 sys=0.00, real=0.00 secs] 
806.353: [GC (Allocation Failure) [PSYoungGen: 67424K->17824K(103936K)] 279775K->230175K(763904K), 0.0024782 secs] [Times: user=0.01 sys=0.00, real=0.01 secs] 
806.606: [GC (Allocation Failure) [PSYoungGen: 75680K->34208K(106496K)] 288031K->246559K(766464K), 0.0034770 secs] [Times: user=0.01 sys=0.00, real=0.00 secs] 
806.849: [GC (Allocation Failure) [PSYoungGen: 92064K->34208K(107520K)] 304415K->246559K(767488K), 0.0034742 secs] [Times: user=0.02 sys=0.00, real=0.00 secs] 
807.080: [GC (Allocation Failure) [PSYoungGen: 89504K->1376K(56832K)] 301855K->213751K(716800K), 0.0018928 secs] [Times: user=0.01 sys=0.00, real=0.00 secs] 
808.259: [GC (Allocation Failure) [PSYoungGen: 56253K->5504K(106496K)] 268628K->217879K(766464K), 0.0019277 secs] [Times: user=0.01 sys=0.00, real=0.00 secs] 
808.691: [GC (Allocation Failure) [PSYoungGen: 60800K->17824K(73216K)] 273175K->230199K(733184K), 0.0049822 secs] [Times: user=0.02 sys=0.00, real=0.01 secs] 
808.972: [GC (Allocation Failure) [PSYoungGen: 73120K->34176K(101888K)] 285495K->246551K(761856K), 0.0047941 secs] [Times: user=0.02 sys=0.00, real=0.01 secs] 
809.347: [GC (Allocation Failure) [PSYoungGen: 86400K->34208K(104960K)] 298775K->246583K(764928K), 0.0042929 secs] [Times: user=0.02 sys=0.00, real=0.00 secs] 
809.738: [GC (Allocation Failure) [PSYoungGen: 86432K->34208K(111616K)] 298807K->246583K(771584K), 0.0035993 secs] [Times: user=0.01 sys=0.00, real=0.00 secs] 
810.138: [GC (Allocation Failure) [PSYoungGen: 90528K->1408K(113152K)] 302903K->213783K(773120K), 0.0020405 secs] [Times: user=0.01 sys=0.00, real=0.00 secs] 
811.250: [GC (Allocation Failure) [PSYoungGen: 57728K->9664K(109056K)] 270103K->222039K(769024K), 0.0020699 secs] [Times: user=0.01 sys=0.00, real=0.00 secs] 
811.541: [GC (Allocation Failure) [PSYoungGen: 65984K->17792K(74240K)] 278359K->230167K(734208K), 0.0026256 secs] [Times: user=0.01 sys=0.00, real=0.00 secs] 
811.758: [GC (Allocation Failure) [PSYoungGen: 74112K->34144K(104960K)] 286487K->246519K(764928K), 0.0037971 secs] [Times: user=0.02 sys=0.00, real=0.00 secs] 
811.994: [GC (Allocation Failure) [PSYoungGen: 87904K->34176K(107520K)] 300279K->246551K(767488K), 0.0034118 secs] [Times: user=0.02 sys=0.00, real=0.01 secs] 
812.218: [GC (Allocation Failure) [PSYoungGen: 87936K->1344K(114688K)] 300311K->213735K(774656K), 0.0017420 secs] [Times: user=0.01 sys=0.00, real=0.00 secs] 
813.619: [GC (Allocation Failure) [PSYoungGen: 60736K->3456K(62976K)] 273127K->215855K(722944K), 0.0017647 secs] [Times: user=0.01 sys=0.01, real=0.00 secs] 
814.269: [GC (Allocation Failure) [PSYoungGen: 55905K->9632K(110080K)] 268304K->222031K(770048K), 0.0023899 secs] [Times: user=0.01 sys=0.00, real=0.00 secs] 
814.824: [GC (Allocation Failure) [PSYoungGen: 69024K->17760K(77312K)] 281423K->230159K(737280K), 0.0031716 secs] [Times: user=0.02 sys=0.00, real=0.01 secs] 
815.278: [GC (Allocation Failure) [PSYoungGen: 77152K->34144K(105472K)] 289551K->246543K(765440K), 0.0053368 secs] [Times: user=0.03 sys=0.00, real=0.00 secs] 
815.820: [GC (Allocation Failure) [PSYoungGen: 90464K->34208K(108544K)] 302863K->246607K(768512K), 0.0047156 secs] [Times: user=0.02 sys=0.00, real=0.01 secs] 
816.408: [GC (Allocation Failure) [PSYoungGen: 90528K->1408K(111104K)] 302927K->213807K(771072K), 0.0029059 secs] [Times: user=0.01 sys=0.00, real=0.00 secs] 
817.887: [GC (Allocation Failure) [PSYoungGen: 54089K->5536K(61952K)] 266488K->217935K(721920K), 0.0021736 secs] [Times: user=0.01 sys=0.00, real=0.00 secs] 
818.280: [GC (Allocation Failure) [PSYoungGen: 61856K->17792K(102400K)] 274255K->230191K(762368K), 0.0025919 secs] [Times: user=0.01 sys=0.00, real=0.00 secs] 
818.614: [GC (Allocation Failure) [PSYoungGen: 74112K->34176K(105984K)] 286511K->246575K(765952K), 0.0036038 secs] [Times: user=0.02 sys=0.00, real=0.01 secs] 
819.176: [GC (Allocation Failure) [PSYoungGen: 90496K->34176K(106496K)] 302895K->246575K(766464K), 0.0037226 secs] [Times: user=0.02 sys=0.00, real=0.00 secs] 
819.802: [GC (Allocation Failure) [PSYoungGen: 87936K->1376K(55296K)] 300335K->213775K(715264K), 0.0020950 secs] [Times: user=0.00 sys=0.00, real=0.00 secs] 
820.387: [GC (Allocation Failure) [PSYoungGen: 55136K->1360K(107520K)] 267535K->213759K(767488K), 0.0020937 secs] [Times: user=0.01 sys=0.00, real=0.00 secs] 
821.356: [GC (Allocation Failure) [PSYoungGen: 55120K->9632K(63488K)] 267519K->222039K(723456K), 0.0019464 secs] [Times: user=0.01 sys=0.01, real=0.00 secs] 
821.547: [GC (Allocation Failure) [PSYoungGen: 63392K->17824K(99328K)] 275799K->230231K(759296K), 0.0024278 secs] [Times: user=0.01 sys=0.00, real=0.00 secs] 
821.703: [GC (Allocation Failure) [PSYoungGen: 71584K->34144K(102400K)] 283991K->246551K(762368K), 0.0031195 secs] [Times: user=0.01 sys=0.00, real=0.01 secs] 
822.035: [GC (Allocation Failure) [PSYoungGen: 87904K->34208K(109056K)] 300311K->246623K(769024K), 0.0031740 secs] [Times: user=0.01 sys=0.00, real=0.00 secs] 
822.487: [GC (Allocation Failure) [PSYoungGen: 91040K->1376K(58368K)] 303455K->213791K(718336K), 0.0017430 secs] [Times: user=0.00 sys=0.01, real=0.00 secs] 
823.830: [GC (Allocation Failure) [PSYoungGen: 58208K->1952K(110080K)] 270623K->214367K(770048K), 0.0020134 secs] [Times: user=0.00 sys=0.00, real=0.00 secs] 
824.047: [GC (Allocation Failure) [PSYoungGen: 56832K->9632K(66560K)] 269247K->222047K(726528K), 0.0023960 secs] [Times: user=0.01 sys=0.00, real=0.00 secs] 
824.249: [GC (Allocation Failure) [PSYoungGen: 66464K->17824K(102400K)] 278879K->230239K(762368K), 0.0025463 secs] [Times: user=0.01 sys=0.00, real=0.00 secs] 
824.587: [GC (Allocation Failure) [PSYoungGen: 74656K->34176K(104960K)] 287071K->246607K(764928K), 0.0036775 secs] [Times: user=0.02 sys=0.00, real=0.00 secs] 
825.143: [GC (Allocation Failure) [PSYoungGen: 91008K->34208K(105472K)] 303439K->246639K(765440K), 0.0033954 secs] [Times: user=0.02 sys=0.00, real=0.01 secs] 
825.896: [GC (Allocation Failure) [PSYoungGen: 87968K->1344K(55296K)] 300399K->213775K(715264K), 0.0022571 secs] [Times: user=0.01 sys=0.01, real=0.00 secs] 
827.590: [GC (Allocation Failure) [PSYoungGen: 55104K->5536K(104960K)] 267535K->217975K(764928K), 0.0018457 secs] [Times: user=0.01 sys=0.00, real=0.00 secs] 
827.763: [GC (Allocation Failure) [PSYoungGen: 59296K->17824K(71680K)] 271735K->230263K(731648K), 0.0023653 secs] [Times: user=0.01 sys=0.00, real=0.01 secs] 
827.951: [GC (Allocation Failure) [PSYoungGen: 62936K->17760K(97280K)] 275375K->230199K(757248K), 0.0024308 secs] [Times: user=0.01 sys=0.00, real=0.00 secs] 
828.108: [GC (Allocation Failure) [PSYoungGen: 71520K->34176K(100352K)] 283959K->246615K(760320K), 0.0031949 secs] [Times: user=0.02 sys=0.00, real=0.00 secs] 
828.333: [GC (Allocation Failure) [PSYoungGen: 87936K->34208K(107520K)] 300375K->246655K(767488K), 0.0034429 secs] [Times: user=0.01 sys=0.00, real=0.01 secs] 
828.572: [GC (Allocation Failure) [PSYoungGen: 91552K->1392K(110080K)] 303999K->213839K(770048K), 0.0017180 secs] [Times: user=0.00 sys=0.00, real=0.00 secs] 
829.467: [GC (Allocation Failure) [PSYoungGen: 57050K->5536K(101376K)] 269497K->217991K(761344K), 0.0019085 secs] [Times: user=0.00 sys=0.00, real=0.00 secs] 
829.655: [GC (Allocation Failure) [PSYoungGen: 62880K->17824K(75264K)] 275335K->230279K(735232K), 0.0021550 secs] [Times: user=0.01 sys=0.00, real=0.00 secs] 
829.825: [GC (Allocation Failure) [PSYoungGen: 75168K->34208K(102912K)] 287623K->246663K(762880K), 0.0030151 secs] [Times: user=0.02 sys=0.00, real=0.00 secs] 
830.051: [GC (Allocation Failure) [PSYoungGen: 88480K->34176K(105984K)] 300935K->246631K(765952K), 0.0029607 secs] [Times: user=0.01 sys=0.00, real=0.00 secs] 
830.277: [GC (Allocation Failure) [PSYoungGen: 88448K->1344K(113664K)] 300903K->213799K(773632K), 0.0016618 secs] [Times: user=0.00 sys=0.00, real=0.00 secs] 
831.206: [GC (Allocation Failure) [PSYoungGen: 61760K->1472K(61952K)] 274215K->213959K(721920K), 0.0017067 secs] [Times: user=0.01 sys=0.00, real=0.00 secs] 
831.423: [GC (Allocation Failure) [PSYoungGen: 61888K->9632K(108544K)] 274375K->222119K(768512K), 0.0019276 secs] [Times: user=0.01 sys=0.00, real=0.01 secs] 
831.640: [GC (Allocation Failure) [PSYoungGen: 70048K->17824K(78336K)] 282535K->230311K(738304K), 0.0023075 secs] [Times: user=0.01 sys=0.00, real=0.00 secs] 
831.823: [GC (Allocation Failure) [PSYoungGen: 78240K->34144K(104960K)] 290727K->246631K(764928K), 0.0033522 secs] [Times: user=0.02 sys=0.00, real=0.01 secs] 
832.061: [GC (Allocation Failure) [PSYoungGen: 90976K->34176K(108544K)] 303463K->246663K(768512K), 0.0032640 secs] [Times: user=0.02 sys=0.00, real=0.00 secs] 
832.297: [GC (Allocation Failure) [PSYoungGen: 91008K->1376K(115712K)] 303495K->213863K(775680K), 0.0019058 secs] [Times: user=0.00 sys=0.00, real=0.00 secs] 
833.416: [GC (Allocation Failure) [PSYoungGen: 64352K->9664K(72704K)] 276839K->222159K(732672K), 0.0020252 secs] [Times: user=0.01 sys=0.00, real=0.00 secs] 
833.879: [GC (Allocation Failure) [PSYoungGen: 72640K->17824K(108544K)] 285135K->230319K(768512K), 0.0028369 secs] [Times: user=0.02 sys=0.00, real=0.00 secs] 
834.286: [GC (Allocation Failure) [PSYoungGen: 80800K->34208K(111616K)] 293295K->246703K(771584K), 0.0051098 secs] [Times: user=0.02 sys=0.00, real=0.00 secs] 
834.804: [GC (Allocation Failure) [PSYoungGen: 97184K->34144K(112128K)] 309679K->246639K(772096K), 0.0045351 secs] [Times: user=0.02 sys=0.00, real=0.01 secs] 
835.272: [GC (Allocation Failure) [PSYoungGen: 94560K->1440K(114688K)] 307055K->213943K(774656K), 0.0019193 secs] [Times: user=0.00 sys=0.00, real=0.00 secs] 
836.641: [GC (Allocation Failure) [PSYoungGen: 61856K->9632K(110592K)] 274359K->222135K(770560K), 0.0023508 secs] [Times: user=0.01 sys=0.00, real=0.00 secs] 
837.565: [GC (Allocation Failure) [PSYoungGen: 70048K->17856K(78336K)] 282551K->230359K(738304K), 0.0055812 secs] [Times: user=0.03 sys=0.00, real=0.00 secs] 
838.179: [GC (Allocation Failure) [PSYoungGen: 78272K->34176K(105984K)] 290775K->246679K(765952K), 0.0067327 secs] [Times: user=0.04 sys=0.00, real=0.01 secs] 
838.754: [GC (Allocation Failure) [PSYoungGen: 91520K->34208K(109056K)] 304023K->246711K(769024K), 0.0047229 secs] [Times: user=0.02 sys=0.01, real=0.01 secs] 
839.453: [GC (Allocation Failure) [PSYoungGen: 91552K->1376K(111616K)] 304055K->213879K(771584K), 0.0022009 secs] [Times: user=0.01 sys=0.00, real=0.01 secs] 
840.873: [GC (Allocation Failure) [PSYoungGen: 58720K->5504K(62976K)] 271223K->218007K(722944K), 0.0019806 secs] [Times: user=0.00 sys=0.00, real=0.01 secs] 
841.214: [GC (Allocation Failure) [PSYoungGen: 62848K->17792K(103936K)] 275351K->230295K(763904K), 0.0037433 secs] [Times: user=0.02 sys=0.00, real=0.01 secs] 
841.419: [GC (Allocation Failure) [PSYoungGen: 65946K->17824K(75264K)] 278449K->230327K(735232K), 0.0024879 secs] [Times: user=0.01 sys=0.00, real=0.00 secs] 
841.630: [GC (Allocation Failure) [PSYoungGen: 75168K->34208K(100864K)] 287671K->246711K(760832K), 0.0036907 secs] [Times: user=0.02 sys=0.00, real=0.00 secs] 
841.863: [GC (Allocation Failure) [PSYoungGen: 88480K->34208K(103936K)] 300983K->246711K(763904K), 0.0034319 secs] [Times: user=0.02 sys=0.00, real=0.01 secs] 
842.123: [GC (Allocation Failure) [PSYoungGen: 88480K->1408K(112640K)] 300983K->213927K(772608K), 0.0017284 secs] [Times: user=0.01 sys=0.00, real=0.00 secs] 
844.359: [GC (Allocation Failure) [PSYoungGen: 61824K->9664K(70144K)] 274343K->222183K(730112K), 0.0041749 secs] [Times: user=0.01 sys=0.00, real=0.00 secs] 
845.096: [GC (Allocation Failure) [PSYoungGen: 70080K->17824K(103936K)] 282599K->230343K(763904K), 0.0029968 secs] [Times: user=0.01 sys=0.00, real=0.00 secs] 
845.280: [GC (Allocation Failure) [PSYoungGen: 78240K->34144K(107520K)] 290759K->246663K(767488K), 0.0035507 secs] [Times: user=0.01 sys=0.00, real=0.00 secs] 
845.712: [GC (Allocation Failure) [PSYoungGen: 94560K->34208K(115712K)] 307079K->246727K(775680K), 0.0042357 secs] [Times: user=0.02 sys=0.00, real=0.01 secs] 
846.297: [GC (Allocation Failure) [PSYoungGen: 99232K->1376K(117760K)] 311751K->213903K(777728K), 0.0017258 secs] [Times: user=0.00 sys=0.00, real=0.00 secs] 
847.453: [GC (Allocation Failure) [PSYoungGen: 64261K->5520K(115200K)] 276788K->218047K(775168K), 0.0018516 secs] [Times: user=0.01 sys=0.00, real=0.01 secs] 
847.673: [GC (Allocation Failure) [PSYoungGen: 70544K->17792K(82944K)] 283071K->230319K(742912K), 0.0023138 secs] [Times: user=0.01 sys=0.00, real=0.01 secs] 
847.876: [GC (Allocation Failure) [PSYoungGen: 82816K->34176K(110592K)] 295343K->246703K(770560K), 0.0035081 secs] [Times: user=0.01 sys=0.00, real=0.00 secs] 
848.135: [GC (Allocation Failure) [PSYoungGen: 96128K->34176K(113664K)] 308655K->246703K(773632K), 0.0029992 secs] [Times: user=0.02 sys=0.00, real=0.00 secs] 
848.393: [GC (Allocation Failure) [PSYoungGen: 96128K->1376K(109056K)] 308655K->213903K(769024K), 0.0017376 secs] [Times: user=0.01 sys=0.00, real=0.00 secs] 
849.740: [GC (Allocation Failure) [PSYoungGen: 61211K->5520K(67584K)] 273738K->218047K(727552K), 0.0025078 secs] [Times: user=0.00 sys=0.00, real=0.00 secs] 
850.586: [GC (Allocation Failure) [PSYoungGen: 67472K->17824K(107520K)] 279999K->230351K(767488K), 0.0057223 secs] [Times: user=0.02 sys=0.00, real=0.00 secs] 
851.179: [GC (Allocation Failure) [PSYoungGen: 79776K->34176K(111104K)] 292303K->246703K(771072K), 0.0076372 secs] [Times: user=0.04 sys=0.00, real=0.01 secs] 
851.797: [GC (Allocation Failure) [PSYoungGen: 96128K->34176K(111616K)] 308655K->246703K(771584K), 0.0042550 secs] [Times: user=0.02 sys=0.00, real=0.00 secs] 
852.390: [GC (Allocation Failure) [PSYoungGen: 93568K->1376K(60928K)] 306095K->213903K(720896K), 0.0036505 secs] [Times: user=0.02 sys=0.00, real=0.00 secs] 
854.689: [GC (Allocation Failure) [PSYoungGen: 60768K->5600K(111616K)] 273295K->218127K(771584K), 0.0029506 secs] [Times: user=0.01 sys=0.00, real=0.00 secs] 
855.114: [GC (Allocation Failure) [PSYoungGen: 64992K->17792K(77312K)] 277519K->230319K(737280K), 0.0026015 secs] [Times: user=0.01 sys=0.00, real=0.01 secs] 
855.295: [GC (Allocation Failure) [PSYoungGen: 61704K->17776K(102912K)] 274231K->230303K(762880K), 0.0024490 secs] [Times: user=0.01 sys=0.00, real=0.00 secs] 
855.475: [GC (Allocation Failure) [PSYoungGen: 77168K->34208K(105984K)] 289695K->246735K(765952K), 0.0033861 secs] [Times: user=0.02 sys=0.00, real=0.00 secs] 
855.723: [GC (Allocation Failure) [PSYoungGen: 93600K->34144K(114176K)] 306127K->246679K(774144K), 0.0032967 secs] [Times: user=0.02 sys=0.00, real=0.01 secs] 
856.023: [GC (Allocation Failure) [PSYoungGen: 98144K->1344K(116224K)] 310679K->213887K(776192K), 0.0018582 secs] [Times: user=0.01 sys=0.00, real=0.00 secs] 
857.268: [GC (Allocation Failure) [PSYoungGen: 65344K->9664K(105984K)] 277887K->222207K(765952K), 0.0022266 secs] [Times: user=0.01 sys=0.00, real=0.00 secs] 
857.523: [GC (Allocation Failure) [PSYoungGen: 73664K->17792K(81920K)] 286207K->230335K(741888K), 0.0026680 secs] [Times: user=0.01 sys=0.00, real=0.01 secs] 
857.722: [GC (Allocation Failure) [PSYoungGen: 81792K->34208K(108544K)] 294335K->246751K(768512K), 0.0033005 secs] [Times: user=0.01 sys=0.00, real=0.01 secs] 
858.144: [GC (Allocation Failure) [PSYoungGen: 95136K->34176K(111616K)] 307679K->246719K(771584K), 0.0034919 secs] [Times: user=0.02 sys=0.00, real=0.01 secs] 
858.613: [GC (Allocation Failure) [PSYoungGen: 95104K->1376K(108544K)] 307647K->213927K(768512K), 0.0017070 secs] [Times: user=0.01 sys=0.00, real=0.00 secs] 
859.635: [GC (Allocation Failure) [PSYoungGen: 62304K->9680K(70656K)] 274855K->222231K(730624K), 0.0020238 secs] [Times: user=0.01 sys=0.00, real=0.00 secs] 
860.061: [GC (Allocation Failure) [PSYoungGen: 70608K->17824K(105984K)] 283159K->230375K(765952K), 0.0023697 secs] [Times: user=0.01 sys=0.00, real=0.00 secs] 
860.439: [GC (Allocation Failure) [PSYoungGen: 78752K->34144K(109056K)] 291303K->246695K(769024K), 0.0060945 secs] [Times: user=0.03 sys=0.00, real=0.01 secs] 
860.945: [GC (Allocation Failure) [PSYoungGen: 95072K->34208K(110080K)] 307623K->246759K(770048K), 0.0050247 secs] [Times: user=0.02 sys=0.00, real=0.00 secs] 
861.473: [GC (Allocation Failure) [PSYoungGen: 93088K->1440K(112128K)] 305639K->213991K(772096K), 0.0026403 secs] [Times: user=0.01 sys=0.00, real=0.01 secs] 
862.812: [GC (Allocation Failure) [PSYoungGen: 60320K->9632K(109056K)] 272871K->222191K(769024K), 0.0020792 secs] [Times: user=0.00 sys=0.00, real=0.00 secs] 
863.188: [GC (Allocation Failure) [PSYoungGen: 68512K->17760K(76800K)] 281071K->230319K(736768K), 0.0032120 secs] [Times: user=0.02 sys=0.00, real=0.00 secs] 
863.370: [GC (Allocation Failure) [PSYoungGen: 76640K->34176K(104960K)] 289199K->246735K(764928K), 0.0040447 secs] [Times: user=0.02 sys=0.00, real=0.00 secs] 
863.607: [GC (Allocation Failure) [PSYoungGen: 90496K->34144K(107520K)] 303055K->246703K(767488K), 0.0035069 secs] [Times: user=0.01 sys=0.00, real=0.00 secs] 
863.843: [GC (Allocation Failure) [PSYoungGen: 90464K->1408K(116224K)] 303023K->213975K(776192K), 0.0018752 secs] [Times: user=0.00 sys=0.00, real=0.00 secs] 
864.784: [GC (Allocation Failure) [PSYoungGen: 63872K->5536K(68096K)] 276439K->218103K(728064K), 0.0018919 secs] [Times: user=0.00 sys=0.00, real=0.01 secs] 
864.993: [GC (Allocation Failure) [PSYoungGen: 68000K->17824K(108032K)] 280567K->230391K(768000K), 0.0023358 secs] [Times: user=0.01 sys=0.00, real=0.01 secs] 
865.185: [GC (Allocation Failure) [PSYoungGen: 80288K->34208K(111616K)] 292855K->246775K(771584K), 0.0032411 secs] [Times: user=0.02 sys=0.00, real=0.00 secs] 
865.445: [GC (Allocation Failure) [PSYoungGen: 96672K->34176K(119808K)] 309239K->246743K(779776K), 0.0036708 secs] [Times: user=0.02 sys=0.00, real=0.00 secs] 
865.727: [GC (Allocation Failure) [PSYoungGen: 101760K->1392K(121856K)] 314327K->213959K(781824K), 0.0018470 secs] [Times: user=0.01 sys=0.00, real=0.00 secs] 
866.679: [GC (Allocation Failure) [PSYoungGen: 68976K->5568K(111616K)] 281543K->218135K(771584K), 0.0018691 secs] [Times: user=0.00 sys=0.01, real=0.00 secs] 
866.906: [GC (Allocation Failure) [PSYoungGen: 72640K->17856K(84992K)] 285207K->230423K(744960K), 0.0021996 secs] [Times: user=0.01 sys=0.00, real=0.00 secs] 
867.117: [GC (Allocation Failure) [PSYoungGen: 84928K->34208K(113664K)] 297495K->246775K(773632K), 0.0031028 secs] [Times: user=0.02 sys=0.00, real=0.00 secs] 
867.383: [GC (Allocation Failure) [PSYoungGen: 98208K->34176K(116736K)] 310775K->246743K(776704K), 0.0029427 secs] [Times: user=0.02 sys=0.00, real=0.01 secs] 
867.649: [GC (Allocation Failure) [PSYoungGen: 98176K->1408K(112128K)] 310743K->213975K(772096K), 0.0016940 secs] [Times: user=0.00 sys=0.00, real=0.00 secs] 
868.890: [GC (Allocation Failure) [PSYoungGen: 65408K->9632K(73728K)] 277975K->222207K(733696K), 0.0022585 secs] [Times: user=0.01 sys=0.00, real=0.00 secs] 
869.453: [GC (Allocation Failure) [PSYoungGen: 73632K->17792K(109568K)] 286207K->230367K(769536K), 0.0051681 secs] [Times: user=0.02 sys=0.00, real=0.01 secs] 
869.652: [GC (Allocation Failure) [PSYoungGen: 81792K->34176K(113152K)] 294367K->246751K(773120K), 0.0035815 secs] [Times: user=0.01 sys=0.00, real=0.01 secs] 
869.951: [GC (Allocation Failure) [PSYoungGen: 98176K->34208K(120832K)] 310751K->246783K(780800K), 0.0048411 secs] [Times: user=0.02 sys=0.00, real=0.01 secs] 
870.369: [GC (Allocation Failure) [PSYoungGen: 102816K->1408K(122880K)] 315391K->213983K(782848K), 0.0021179 secs] [Times: user=0.01 sys=0.00, real=0.00 secs] 
872.008: [GC (Allocation Failure) [PSYoungGen: 70016K->9632K(111616K)] 282591K->222207K(771584K), 0.0032023 secs] [Times: user=0.02 sys=0.00, real=0.00 secs] 
872.657: [GC (Allocation Failure) [PSYoungGen: 77724K->17776K(85504K)] 290299K->230351K(745472K), 0.0051962 secs] [Times: user=0.01 sys=0.00, real=0.00 secs] 
873.325: [GC (Allocation Failure) [PSYoungGen: 85360K->34208K(113664K)] 297935K->246783K(773632K), 0.0047209 secs] [Times: user=0.02 sys=0.00, real=0.00 secs] 
874.028: [GC (Allocation Failure) [PSYoungGen: 98720K->1408K(66048K)] 311295K->213983K(726016K), 0.0019949 secs] [Times: user=0.00 sys=0.00, real=0.00 secs] 
875.368: [GC (Allocation Failure) [PSYoungGen: 65920K->1952K(115200K)] 278495K->214527K(775168K), 0.0016740 secs] [Times: user=0.00 sys=0.00, real=0.00 secs] 
875.572: [GC (Allocation Failure) [PSYoungGen: 66464K->17792K(82432K)] 279039K->230383K(742400K), 0.0023796 secs] [Times: user=0.01 sys=0.00, real=0.01 secs] 
875.792: [GC (Allocation Failure) [PSYoungGen: 70615K->17776K(107520K)] 283206K->230367K(767488K), 0.0022477 secs] [Times: user=0.01 sys=0.00, real=0.01 secs] 
876.027: [GC (Allocation Failure) [PSYoungGen: 82288K->34208K(110080K)] 294879K->246799K(770048K), 0.0030418 secs] [Times: user=0.02 sys=0.00, real=0.00 secs] 
876.405: [GC (Allocation Failure) [PSYoungGen: 98720K->1344K(113664K)] 311311K->213935K(773632K), 0.0019344 secs] [Times: user=0.01 sys=0.00, real=0.00 secs] 
877.792: [GC (Allocation Failure) [PSYoungGen: 65856K->1712K(66560K)] 278447K->214303K(726528K), 0.0023090 secs] [Times: user=0.01 sys=0.00, real=0.01 secs] 
879.045: [GC (Allocation Failure) [PSYoungGen: 60715K->9632K(108032K)] 273306K->222223K(768000K), 0.0038738 secs] [Times: user=0.02 sys=0.00, real=0.00 secs] 
879.374: [GC (Allocation Failure) [PSYoungGen: 72776K->17792K(82432K)] 285367K->230383K(742400K), 0.0028473 secs] [Times: user=0.01 sys=0.01, real=0.01 secs] 
879.696: [GC (Allocation Failure) [PSYoungGen: 82304K->34176K(104448K)] 294895K->246767K(764416K), 0.0033210 secs] [Times: user=0.01 sys=0.00, real=0.00 secs] 
880.188: [GC (Allocation Failure) [PSYoungGen: 94592K->1392K(61952K)] 307183K->213983K(721920K), 0.0020581 secs] [Times: user=0.01 sys=0.00, real=0.00 secs] 
880.786: [GC (Allocation Failure) [PSYoungGen: 61808K->1376K(107008K)] 274399K->213967K(766976K), 0.0035043 secs] [Times: user=0.01 sys=0.00, real=0.00 secs] 
881.859: [GC (Allocation Failure) [PSYoungGen: 61792K->9664K(70144K)] 274383K->222263K(730112K), 0.0023435 secs] [Times: user=0.01 sys=0.00, real=0.00 secs] 
882.238: [GC (Allocation Failure) [PSYoungGen: 70080K->17792K(101888K)] 282679K->230391K(761856K), 0.0027600 secs] [Times: user=0.01 sys=0.01, real=0.00 secs] 
882.618: [GC (Allocation Failure) [PSYoungGen: 78208K->34176K(103424K)] 290807K->246775K(763392K), 0.0053563 secs] [Times: user=0.02 sys=0.00, real=0.00 secs] 
883.088: [GC (Allocation Failure) [PSYoungGen: 94592K->34208K(104448K)] 307191K->246807K(764416K), 0.0048100 secs] [Times: user=0.02 sys=0.00, real=0.00 secs] 
883.720: [GC (Allocation Failure) [PSYoungGen: 91040K->1376K(58368K)] 303639K->213975K(718336K), 0.0027192 secs] [Times: user=0.01 sys=0.00, real=0.00 secs] 
885.018: [GC (Allocation Failure) [PSYoungGen: 58208K->9664K(102400K)] 270807K->222263K(762368K), 0.0022483 secs] [Times: user=0.01 sys=0.00, real=0.00 secs] 
885.696: [GC (Allocation Failure) [PSYoungGen: 66496K->17792K(74752K)] 279095K->230391K(734720K), 0.0049531 secs] [Times: user=0.02 sys=0.00, real=0.00 secs] 
886.140: [GC (Allocation Failure) [PSYoungGen: 74624K->34208K(99328K)] 287223K->246807K(759296K), 0.0046379 secs] [Times: user=0.02 sys=0.00, real=0.01 secs] 
887.270: [GC (Allocation Failure) [PSYoungGen: 87456K->34208K(102912K)] 300055K->246831K(762880K), 0.0058309 secs] [Times: user=0.03 sys=0.00, real=0.01 secs] 
888.204: [GC (Allocation Failure) [PSYoungGen: 87456K->1408K(104960K)] 300079K->214031K(764928K), 0.0019470 secs] [Times: user=0.00 sys=0.00, real=0.01 secs] 
889.783: [GC (Allocation Failure) [PSYoungGen: 54656K->1405K(54784K)] 267279K->214028K(714752K), 0.0014664 secs] [Times: user=0.01 sys=0.00, real=0.00 secs] 
891.224: [GC (Allocation Failure) [PSYoungGen: 54653K->9664K(99840K)] 267276K->222295K(759808K), 0.0031465 secs] [Times: user=0.01 sys=0.00, real=0.01 secs] 
891.531: [GC (Allocation Failure) [PSYoungGen: 62912K->17808K(71168K)] 275543K->230439K(731136K), 0.0028631 secs] [Times: user=0.01 sys=0.00, real=0.00 secs] 
891.685: [GC (Allocation Failure) [PSYoungGen: 71056K->34208K(95744K)] 283687K->246839K(755712K), 0.0036009 secs] [Times: user=0.02 sys=0.00, real=0.00 secs] 
891.891: [GC (Allocation Failure) [PSYoungGen: 83360K->34208K(99840K)] 295991K->246839K(759808K), 0.0035248 secs] [Times: user=0.02 sys=0.00, real=0.00 secs] 
892.096: [GC (Allocation Failure) [PSYoungGen: 83360K->1408K(107520K)] 295991K->214039K(767488K), 0.0018072 secs] [Times: user=0.00 sys=0.00, real=0.00 secs] 
892.339: [GC (Allocation Failure) [PSYoungGen: 56186K->320K(108032K)] 268817K->212951K(768000K), 0.0016793 secs] [Times: user=0.01 sys=0.00, real=0.00 secs] 
893.202: [GC (Allocation Failure) [PSYoungGen: 55104K->9632K(96256K)] 267735K->222263K(756224K), 0.0018108 secs] [Times: user=0.01 sys=0.00, real=0.00 secs] 
893.395: [GC (Allocation Failure) [PSYoungGen: 64416K->17792K(72704K)] 277047K->230423K(732672K), 0.0023410 secs] [Times: user=0.01 sys=0.00, real=0.00 secs] 
893.555: [GC (Allocation Failure) [PSYoungGen: 72576K->34176K(98816K)] 285207K->246807K(758784K), 0.0032783 secs] [Times: user=0.02 sys=0.00, real=0.00 secs] 
893.768: [GC (Allocation Failure) [PSYoungGen: 85376K->34208K(102400K)] 298007K->246839K(762368K), 0.0042757 secs] [Times: user=0.02 sys=0.00, real=0.00 secs] 
893.983: [GC (Allocation Failure) [PSYoungGen: 85408K->1376K(110592K)] 298039K->214047K(770560K), 0.0020983 secs] [Times: user=0.01 sys=0.00, real=0.01 secs] 
895.032: [GC (Allocation Failure) [PSYoungGen: 58720K->1888K(111104K)] 271391K->214559K(771072K), 0.0018247 secs] [Times: user=0.01 sys=0.00, real=0.00 secs] 
895.448: [GC (Allocation Failure) [PSYoungGen: 58325K->9632K(97792K)] 270996K->222311K(757760K), 0.0020245 secs] [Times: user=0.01 sys=0.00, real=0.00 secs] 
895.896: [GC (Allocation Failure) [PSYoungGen: 66976K->17856K(75264K)] 279655K->230535K(735232K), 0.0045850 secs] [Times: user=0.02 sys=0.00, real=0.00 secs] 
896.109: [GC (Allocation Failure) [PSYoungGen: 75200K->34176K(101376K)] 287879K->246855K(761344K), 0.0040767 secs] [Times: user=0.02 sys=0.00, real=0.00 secs] 
896.405: [GC (Allocation Failure) [PSYoungGen: 87936K->34144K(104960K)] 300615K->246823K(764928K), 0.0035102 secs] [Times: user=0.01 sys=0.00, real=0.00 secs] 
896.768: [GC (Allocation Failure) [PSYoungGen: 87904K->1376K(113152K)] 300583K->214055K(773120K), 0.0039675 secs] [Times: user=0.02 sys=0.00, real=0.00 secs] 
898.540: [GC (Allocation Failure) [PSYoungGen: 61280K->5504K(65536K)] 273959K->218183K(725504K), 0.0034920 secs] [Times: user=0.02 sys=0.00, real=0.00 secs] 
899.378: [GC (Allocation Failure) [PSYoungGen: 65408K->17824K(105984K)] 278087K->230503K(765952K), 0.0034597 secs] [Times: user=0.02 sys=0.00, real=0.00 secs] 
899.988: [GC (Allocation Failure) [PSYoungGen: 77728K->34192K(109056K)] 290407K->246871K(769024K), 0.0066185 secs] [Times: user=0.03 sys=0.00, real=0.01 secs] 
900.856: [GC (Allocation Failure) [PSYoungGen: 94096K->34176K(110080K)] 306775K->246855K(770048K), 0.0084465 secs] [Times: user=0.05 sys=0.00, real=0.01 secs] 
901.737: [GC (Allocation Failure) [PSYoungGen: 91520K->1408K(58880K)] 304199K->214087K(718848K), 0.0031341 secs] [Times: user=0.01 sys=0.00, real=0.00 secs] 
903.215: [GC (Allocation Failure) [PSYoungGen: 58752K->2432K(110080K)] 271431K->215111K(770048K), 0.0018381 secs] [Times: user=0.01 sys=0.00, real=0.00 secs] 
903.669: [GC (Allocation Failure) [PSYoungGen: 54426K->9568K(67072K)] 267105K->222247K(727040K), 0.0018807 secs] [Times: user=0.01 sys=0.00, real=0.00 secs] 
904.160: [GC (Allocation Failure) [PSYoungGen: 66912K->17792K(102400K)] 279591K->230471K(762368K), 0.0050513 secs] [Times: user=0.02 sys=0.00, real=0.01 secs] 
904.548: [GC (Allocation Failure) [PSYoungGen: 75136K->34176K(105472K)] 287815K->246855K(765440K), 0.0045502 secs] [Times: user=0.02 sys=0.00, real=0.00 secs] 
904.927: [GC (Allocation Failure) [PSYoungGen: 91520K->34208K(105984K)] 304199K->246887K(765952K), 0.0039792 secs] [Times: user=0.02 sys=0.00, real=0.00 secs] 
905.373: [GC (Allocation Failure) [PSYoungGen: 88480K->1408K(55808K)] 301159K->214087K(715776K), 0.0032316 secs] [Times: user=0.01 sys=0.00, real=0.01 secs] 
906.572: [GC (Allocation Failure) [PSYoungGen: 55680K->5568K(105472K)] 268359K->218247K(765440K), 0.0018542 secs] [Times: user=0.00 sys=0.00, real=0.00 secs] 
907.144: [GC (Allocation Failure) [PSYoungGen: 59840K->17824K(72192K)] 272519K->230519K(732160K), 0.0040520 secs] [Times: user=0.02 sys=0.00, real=0.01 secs] 
907.725: [GC (Allocation Failure) [PSYoungGen: 60112K->17792K(97792K)] 272807K->230487K(757760K), 0.0042856 secs] [Times: user=0.01 sys=0.00, real=0.00 secs] 
908.144: [GC (Allocation Failure) [PSYoungGen: 72064K->34176K(100864K)] 284759K->246871K(760832K), 0.0055861 secs] [Times: user=0.02 sys=0.01, real=0.01 secs] 
908.559: [GC (Allocation Failure) [PSYoungGen: 88448K->34176K(101888K)] 301143K->246871K(761856K), 0.0049084 secs] [Times: user=0.02 sys=0.00, real=0.00 secs] 
908.958: [GC (Allocation Failure) [PSYoungGen: 85888K->1376K(104448K)] 298583K->214071K(764416K), 0.0020673 secs] [Times: user=0.01 sys=0.00, real=0.00 secs] 
910.061: [GC (Allocation Failure) [PSYoungGen: 53088K->5536K(102400K)] 265783K->218231K(762368K), 0.0020437 secs] [Times: user=0.01 sys=0.00, real=0.00 secs] 
910.245: [GC (Allocation Failure) [PSYoungGen: 57248K->17824K(69632K)] 269943K->230519K(729600K), 0.0026363 secs] [Times: user=0.01 sys=0.00, real=0.00 secs] 
910.559: [GC (Allocation Failure) [PSYoungGen: 68432K->17808K(94208K)] 281127K->230503K(754176K), 0.0025583 secs] [Times: user=0.01 sys=0.01, real=0.00 secs] 
910.726: [GC (Allocation Failure) [PSYoungGen: 69520K->34192K(97280K)] 282215K->246895K(757248K), 0.0032844 secs] [Times: user=0.01 sys=0.00, real=0.00 secs] 
911.006: [GC (Allocation Failure) [PSYoungGen: 85904K->34176K(103936K)] 298607K->246879K(763904K), 0.0034485 secs] [Times: user=0.01 sys=0.00, real=0.00 secs] 
911.432: [GC (Allocation Failure) [PSYoungGen: 88960K->1376K(106496K)] 301663K->214079K(766464K), 0.0016677 secs] [Times: user=0.01 sys=0.00, real=0.00 secs] 
912.725: [GC (Allocation Failure) [PSYoungGen: 56160K->5568K(104448K)] 268863K->218271K(764416K), 0.0020968 secs] [Times: user=0.01 sys=0.00, real=0.00 secs] 
912.969: [GC (Allocation Failure) [PSYoungGen: 60352K->17824K(72704K)] 273055K->230527K(732672K), 0.0027977 secs] [Times: user=0.01 sys=0.00, real=0.00 secs] 
913.320: [GC (Allocation Failure) [PSYoungGen: 64881K->17792K(97280K)] 277584K->230495K(757248K), 0.0024970 secs] [Times: user=0.01 sys=0.00, real=0.00 secs] 
913.772: [GC (Allocation Failure) [PSYoungGen: 72576K->34176K(99840K)] 285279K->246903K(759808K), 0.0038869 secs] [Times: user=0.02 sys=0.00, real=0.01 secs] 
914.553: [GC (Allocation Failure) [PSYoungGen: 88960K->34176K(100864K)] 301687K->246903K(760832K), 0.0065682 secs] [Times: user=0.03 sys=0.00, real=0.01 secs] 
915.394: [GC (Allocation Failure) [PSYoungGen: 86400K->1376K(103424K)] 299127K->214103K(763392K), 0.0030961 secs] [Times: user=0.02 sys=0.00, real=0.01 secs] 
917.306: [GC (Allocation Failure) [PSYoungGen: 53600K->5504K(101376K)] 266327K->218231K(761344K), 0.0036063 secs] [Times: user=0.02 sys=0.00, real=0.00 secs] 
917.770: [GC (Allocation Failure) [PSYoungGen: 57728K->17824K(70144K)] 270455K->230551K(730112K), 0.0050141 secs] [Times: user=0.02 sys=0.00, real=0.01 secs] 
918.083: [GC (Allocation Failure) [PSYoungGen: 65799K->17792K(94208K)] 278526K->230519K(754176K), 0.0028318 secs] [Times: user=0.01 sys=0.00, real=0.01 secs] 
918.237: [GC (Allocation Failure) [PSYoungGen: 70016K->34208K(96768K)] 282743K->246935K(756736K), 0.0036767 secs] [Times: user=0.02 sys=0.00, real=0.00 secs] 
918.580: [GC (Allocation Failure) [PSYoungGen: 86432K->34176K(103936K)] 299159K->246903K(763904K), 0.0035722 secs] [Times: user=0.02 sys=0.00, real=0.00 secs] 
918.813: [GC (Allocation Failure) [PSYoungGen: 89984K->1408K(106496K)] 302711K->214135K(766464K), 0.0016649 secs] [Times: user=0.01 sys=0.00, real=0.01 secs] 
919.893: [GC (Allocation Failure) [PSYoungGen: 57216K->5536K(98816K)] 269943K->218263K(758784K), 0.0019266 secs] [Times: user=0.00 sys=0.01, real=0.01 secs] 
920.272: [GC (Allocation Failure) [PSYoungGen: 61344K->17792K(73728K)] 274071K->230519K(733696K), 0.0023002 secs] [Times: user=0.01 sys=0.00, real=0.00 secs] 
920.657: [GC (Allocation Failure) [PSYoungGen: 60154K->17792K(96768K)] 272881K->230519K(756736K), 0.0022631 secs] [Times: user=0.01 sys=0.00, real=0.00 secs] 
920.827: [GC (Allocation Failure) [PSYoungGen: 73600K->34176K(99840K)] 286327K->246911K(759808K), 0.0033003 secs] [Times: user=0.02 sys=0.00, real=0.00 secs] 
921.077: [GC (Allocation Failure) [PSYoungGen: 89984K->34176K(106496K)] 302719K->246911K(766464K), 0.0038787 secs] [Times: user=0.02 sys=0.00, real=0.00 secs] 
921.576: [GC (Allocation Failure) [PSYoungGen: 93056K->1408K(109568K)] 305791K->214143K(769536K), 0.0018633 secs] [Times: user=0.01 sys=0.00, real=0.00 secs] 
923.421: [GC (Allocation Failure) [PSYoungGen: 60288K->9632K(106496K)] 273023K->222367K(766464K), 0.0024539 secs] [Times: user=0.01 sys=0.00, real=0.00 secs] 
924.450: [GC (Allocation Failure) [PSYoungGen: 68512K->17856K(76800K)] 281247K->230591K(736768K), 0.0039717 secs] [Times: user=0.02 sys=0.00, real=0.00 secs] 
925.024: [GC (Allocation Failure) [PSYoungGen: 76736K->34208K(101888K)] 289471K->246943K(761856K), 0.0041129 secs] [Times: user=0.02 sys=0.00, real=0.01 secs] 
925.821: [GC (Allocation Failure) [PSYoungGen: 90016K->34176K(104960K)] 302751K->246927K(764928K), 0.0050115 secs] [Times: user=0.03 sys=0.00, real=0.01 secs] 
926.089: [GC (Allocation Failure) [PSYoungGen: 89984K->1408K(107008K)] 302735K->214159K(766976K), 0.0018492 secs] [Times: user=0.01 sys=0.00, real=0.00 secs] 
927.090: [GC (Allocation Failure) [PSYoungGen: 56704K->3488K(58880K)] 269455K->216239K(718848K), 0.0017065 secs] [Times: user=0.00 sys=0.01, real=0.00 secs] 
927.279: [GC (Allocation Failure) [PSYoungGen: 56043K->9568K(102400K)] 268794K->222319K(762368K), 0.0018270 secs] [Times: user=0.01 sys=0.00, real=0.00 secs] 
927.475: [GC (Allocation Failure) [PSYoungGen: 64864K->17760K(73216K)] 277615K->230511K(733184K), 0.0021766 secs] [Times: user=0.01 sys=0.00, real=0.00 secs] 
927.637: [GC (Allocation Failure) [PSYoungGen: 73056K->34208K(98304K)] 285807K->246959K(758272K), 0.0031779 secs] [Times: user=0.02 sys=0.00, real=0.00 secs] 
927.972: [GC (Allocation Failure) [PSYoungGen: 85920K->34144K(101888K)] 298671K->246895K(761856K), 0.0041425 secs] [Times: user=0.02 sys=0.00, real=0.01 secs] 
928.327: [GC (Allocation Failure) [PSYoungGen: 85856K->1408K(110080K)] 298607K->214159K(770048K), 0.0024901 secs] [Times: user=0.01 sys=0.00, real=0.00 secs] 
929.479: [GC (Allocation Failure) [PSYoungGen: 58752K->5536K(62976K)] 271503K->218287K(722944K), 0.0019059 secs] [Times: user=0.00 sys=0.00, real=0.00 secs] 
929.949: [GC (Allocation Failure) [PSYoungGen: 62880K->17792K(102400K)] 275631K->230543K(762368K), 0.0025183 secs] [Times: user=0.01 sys=0.00, real=0.00 secs] 
930.463: [GC (Allocation Failure) [PSYoungGen: 65921K->17808K(75264K)] 278672K->230559K(735232K), 0.0037143 secs] [Times: user=0.02 sys=0.00, real=0.01 secs] 
930.877: [GC (Allocation Failure) [PSYoungGen: 75152K->34144K(99328K)] 287903K->246895K(759296K), 0.0057357 secs] [Times: user=0.02 sys=0.00, real=0.00 secs] 
931.541: [GC (Allocation Failure) [PSYoungGen: 87904K->34176K(102912K)] 300655K->246935K(762880K), 0.0053697 secs] [Times: user=0.02 sys=0.00, real=0.01 secs] 
932.162: [GC (Allocation Failure) [PSYoungGen: 87936K->1376K(105472K)] 300695K->214135K(765440K), 0.0026890 secs] [Times: user=0.01 sys=0.00, real=0.00 secs] 
933.572: [GC (Allocation Failure) [PSYoungGen: 55136K->5568K(59392K)] 267895K->218327K(719360K), 0.0019945 secs] [Times: user=0.01 sys=0.00, real=0.00 secs] 
934.028: [GC (Allocation Failure) [PSYoungGen: 59328K->17792K(98304K)] 272087K->230551K(758272K), 0.0039023 secs] [Times: user=0.02 sys=0.00, real=0.00 secs] 
934.515: [GC (Allocation Failure) [PSYoungGen: 60745K->17792K(71680K)] 273504K->230575K(731648K), 0.0060436 secs] [Times: user=0.02 sys=0.01, real=0.00 secs] 
934.930: [GC (Allocation Failure) [PSYoungGen: 71552K->34144K(94720K)] 284335K->246935K(754688K), 0.0060393 secs] [Times: user=0.03 sys=0.00, real=0.01 secs] 
935.373: [GC (Allocation Failure) [PSYoungGen: 84320K->34208K(98304K)] 297111K->246999K(758272K), 0.0039621 secs] [Times: user=0.02 sys=0.00, real=0.01 secs] 
935.813: [GC (Allocation Failure) [PSYoungGen: 84384K->1376K(101376K)] 297175K->214167K(761344K), 0.0020504 secs] [Times: user=0.01 sys=0.00, real=0.01 secs] 
937.163: [GC (Allocation Failure) [PSYoungGen: 51552K->2496K(52736K)] 264343K->215287K(712704K), 0.0026508 secs] [Times: user=0.01 sys=0.00, real=0.01 secs] 
937.884: [GC (Allocation Failure) [PSYoungGen: 50691K->9648K(96768K)] 263482K->222439K(756736K), 0.0040575 secs] [Times: user=0.02 sys=0.00, real=0.01 secs] 
938.688: [GC (Allocation Failure) [PSYoungGen: 59824K->17760K(68096K)] 272615K->230551K(728064K), 0.0069139 secs] [Times: user=0.03 sys=0.00, real=0.01 secs] 
939.130: [GC (Allocation Failure) [PSYoungGen: 67936K->34176K(92672K)] 280727K->246967K(752640K), 0.0065708 secs] [Times: user=0.03 sys=0.00, real=0.01 secs] 
939.388: [GC (Allocation Failure) [PSYoungGen: 80768K->34208K(96256K)] 293559K->246999K(756224K), 0.0035428 secs] [Times: user=0.02 sys=0.00, real=0.00 secs] 
939.583: [GC (Allocation Failure) [PSYoungGen: 80800K->1408K(103936K)] 293591K->214199K(763904K), 0.0017841 secs] [Times: user=0.01 sys=0.00, real=0.01 secs] 
939.835: [GC (Allocation Failure) [PSYoungGen: 53120K->1344K(53248K)] 265911K->214135K(713216K), 0.0019617 secs] [Times: user=0.01 sys=0.00, real=0.00 secs] 
940.975: [GC (Allocation Failure) [PSYoungGen: 53056K->9632K(98304K)] 265847K->222423K(758272K), 0.0021495 secs] [Times: user=0.01 sys=0.00, real=0.00 secs] 
941.388: [GC (Allocation Failure) [PSYoungGen: 61344K->17792K(69632K)] 274135K->230583K(729600K), 0.0031976 secs] [Times: user=0.01 sys=0.00, real=0.00 secs] 
941.718: [GC (Allocation Failure) [PSYoungGen: 69504K->34176K(94208K)] 282295K->246967K(754176K), 0.0053117 secs] [Times: user=0.02 sys=0.00, real=0.00 secs] 
941.933: [GC (Allocation Failure) [PSYoungGen: 81792K->34208K(98304K)] 294583K->246999K(758272K), 0.0035959 secs] [Times: user=0.02 sys=0.00, real=0.01 secs] 
942.174: [GC (Allocation Failure) [PSYoungGen: 81824K->34208K(104448K)] 294615K->246999K(764416K), 0.0035354 secs] [Times: user=0.02 sys=0.00, real=0.01 secs] 
942.439: [GC (Allocation Failure) [PSYoungGen: 85408K->1376K(106496K)] 298199K->214167K(766464K), 0.0017203 secs] [Times: user=0.01 sys=0.00, real=0.00 secs] 
943.580: [GC (Allocation Failure) [PSYoungGen: 52128K->5552K(97792K)] 264919K->218375K(757760K), 0.0020940 secs] [Times: user=0.01 sys=0.00, real=0.00 secs] 
943.921: [GC (Allocation Failure) [PSYoungGen: 56752K->17792K(69120K)] 269575K->230615K(729088K), 0.0026614 secs] [Times: user=0.01 sys=0.00, real=0.00 secs] 
944.276: [GC (Allocation Failure) [PSYoungGen: 60586K->17808K(94720K)] 273409K->230631K(754688K), 0.0034988 secs] [Times: user=0.01 sys=0.00, real=0.00 secs] 
944.594: [GC (Allocation Failure) [PSYoungGen: 69008K->34144K(98304K)] 281831K->246967K(758272K), 0.0049799 secs] [Times: user=0.03 sys=0.00, real=0.01 secs] 
944.993: [GC (Allocation Failure) [PSYoungGen: 85344K->34176K(105472K)] 298167K->246999K(765440K), 0.0044674 secs] [Times: user=0.02 sys=0.00, real=0.01 secs] 
945.252: [GC (Allocation Failure) [PSYoungGen: 88960K->1376K(107520K)] 301783K->214199K(767488K), 0.0018813 secs] [Times: user=0.00 sys=0.00, real=0.00 secs] 
946.233: [GC (Allocation Failure) [PSYoungGen: 56160K->5568K(99328K)] 268983K->218391K(759296K), 0.0019966 secs] [Times: user=0.01 sys=0.00, real=0.01 secs] 
946.575: [GC (Allocation Failure) [PSYoungGen: 60352K->17824K(72704K)] 273175K->230647K(732672K), 0.0025430 secs] [Times: user=0.02 sys=0.00, real=0.00 secs] 
946.965: [GC (Allocation Failure) [PSYoungGen: 65951K->17808K(97280K)] 278774K->230631K(757248K), 0.0026491 secs] [Times: user=0.01 sys=0.00, real=0.00 secs] 
947.263: [GC (Allocation Failure) [PSYoungGen: 72592K->34144K(100352K)] 285415K->246967K(760320K), 0.0039579 secs] [Times: user=0.02 sys=0.00, real=0.01 secs] 
947.702: [GC (Allocation Failure) [PSYoungGen: 88928K->34176K(101376K)] 301751K->246999K(761344K), 0.0038699 secs] [Times: user=0.02 sys=0.00, real=0.01 secs] 
948.163: [GC (Allocation Failure) [PSYoungGen: 86400K->1376K(103936K)] 299223K->214199K(763904K), 0.0030172 secs] [Times: user=0.01 sys=0.00, real=0.01 secs] 
949.290: [GC (Allocation Failure) [PSYoungGen: 53600K->5568K(101888K)] 266423K->218391K(761856K), 0.0017422 secs] [Times: user=0.01 sys=0.00, real=0.00 secs] 
949.697: [GC (Allocation Failure) [PSYoungGen: 57792K->17824K(70144K)] 270615K->230647K(730112K), 0.0023320 secs] [Times: user=0.01 sys=0.01, real=0.00 secs] 
950.098: [GC (Allocation Failure) [PSYoungGen: 66849K->17808K(93696K)] 279672K->230631K(753664K), 0.0036714 secs] [Times: user=0.02 sys=0.00, real=0.00 secs] 
950.427: [GC (Allocation Failure) [PSYoungGen: 70032K->34208K(96768K)] 282855K->247031K(756736K), 0.0057262 secs] [Times: user=0.03 sys=0.00, real=0.00 secs] 
950.880: [GC (Allocation Failure) [PSYoungGen: 86432K->34176K(97792K)] 299255K->246999K(757760K), 0.0049818 secs] [Times: user=0.02 sys=0.00, real=0.01 secs] 
951.290: [GC (Allocation Failure) [PSYoungGen: 83840K->1360K(100352K)] 296663K->214183K(760320K), 0.0026397 secs] [Times: user=0.01 sys=0.00, real=0.00 secs] 
952.455: [GC (Allocation Failure) [PSYoungGen: 51024K->2496K(99840K)] 263847K->215327K(759808K), 0.0015377 secs] [Times: user=0.00 sys=0.00, real=0.00 secs] 
952.801: [GC (Allocation Failure) [PSYoungGen: 51272K->9584K(59392K)] 264103K->222415K(719360K), 0.0018115 secs] [Times: user=0.01 sys=0.00, real=0.00 secs] 
953.184: [GC (Allocation Failure) [PSYoungGen: 59248K->17824K(93184K)] 272079K->230655K(753152K), 0.0028561 secs] [Times: user=0.01 sys=0.00, real=0.01 secs] 
953.510: [GC (Allocation Failure) [PSYoungGen: 67488K->34144K(95744K)] 280319K->246991K(755712K), 0.0064003 secs] [Times: user=0.03 sys=0.00, real=0.01 secs] 
954.004: [GC (Allocation Failure) [PSYoungGen: 83808K->34208K(101888K)] 296655K->247055K(761856K), 0.0046250 secs] [Times: user=0.02 sys=0.00, real=0.00 secs] 
954.385: [GC (Allocation Failure) [PSYoungGen: 86432K->1376K(104448K)] 299279K->214223K(764416K), 0.0024350 secs] [Times: user=0.01 sys=0.00, real=0.00 secs] 
956.007: [GC (Allocation Failure) [PSYoungGen: 53600K->1504K(103424K)] 266447K->214351K(763392K), 0.0020479 secs] [Times: user=0.01 sys=0.00, real=0.00 secs] 
956.737: [GC (Allocation Failure) [PSYoungGen: 53728K->9632K(61952K)] 266575K->222479K(721920K), 0.0031777 secs] [Times: user=0.01 sys=0.00, real=0.00 secs] 
957.230: [GC (Allocation Failure) [PSYoungGen: 61856K->17792K(96256K)] 274703K->230639K(756224K), 0.0039041 secs] [Times: user=0.02 sys=0.00, real=0.00 secs] 
957.509: [GC (Allocation Failure) [PSYoungGen: 70016K->34208K(98816K)] 282863K->247055K(758784K), 0.0050226 secs] [Times: user=0.02 sys=0.00, real=0.00 secs] 
957.859: [GC (Allocation Failure) [PSYoungGen: 86432K->34208K(100352K)] 299279K->247055K(760320K), 0.0041641 secs] [Times: user=0.02 sys=0.00, real=0.00 secs] 
958.296: [GC (Allocation Failure) [PSYoungGen: 83872K->1376K(102912K)] 296719K->214223K(762880K), 0.0021621 secs] [Times: user=0.01 sys=0.00, real=0.00 secs] 
958.682: [GC (Allocation Failure) [PSYoungGen: 51040K->1408K(100864K)] 263887K->214255K(760832K), 0.0021269 secs] [Times: user=0.01 sys=0.00, real=0.00 secs] 
959.588: [GC (Allocation Failure) [PSYoungGen: 51072K->9664K(59392K)] 263919K->222511K(719360K), 0.0019233 secs] [Times: user=0.01 sys=0.00, real=0.00 secs] 
959.761: [GC (Allocation Failure) [PSYoungGen: 59328K->17792K(94208K)] 272175K->230639K(754176K), 0.0023166 secs] [Times: user=0.01 sys=0.00, real=0.00 secs] 
959.927: [GC (Allocation Failure) [PSYoungGen: 67456K->34176K(96768K)] 280303K->247031K(756736K), 0.0031828 secs] [Times: user=0.02 sys=0.00, real=0.00 secs] 
960.221: [GC (Allocation Failure) [PSYoungGen: 83840K->34176K(103936K)] 296695K->247031K(763904K), 0.0033285 secs] [Times: user=0.02 sys=0.00, real=0.01 secs] 
960.602: [GC (Allocation Failure) [PSYoungGen: 86912K->34208K(106496K)] 299767K->247063K(766464K), 0.0031938 secs] [Times: user=0.01 sys=0.00, real=0.01 secs] 
961.149: [GC (Allocation Failure) [PSYoungGen: 86944K->1376K(102912K)] 299799K->214231K(762880K), 0.0020032 secs] [Times: user=0.00 sys=0.00, real=0.00 secs] 
962.368: [GC (Allocation Failure) [PSYoungGen: 54112K->9664K(62464K)] 266967K->222519K(722432K), 0.0020175 secs] [Times: user=0.01 sys=0.00, real=0.00 secs] 
962.655: [GC (Allocation Failure) [PSYoungGen: 62400K->17824K(99328K)] 275255K->230679K(759296K), 0.0022031 secs] [Times: user=0.01 sys=0.00, real=0.00 secs] 
962.881: [GC (Allocation Failure) [PSYoungGen: 70560K->34176K(102912K)] 283415K->247031K(762880K), 0.0034448 secs] [Times: user=0.02 sys=0.00, real=0.00 secs] 
963.197: [GC (Allocation Failure) [PSYoungGen: 86912K->34176K(103424K)] 299767K->247047K(763392K), 0.0034566 secs] [Times: user=0.01 sys=0.00, real=0.00 secs] 
963.409: [GC (Allocation Failure) [PSYoungGen: 84864K->34208K(105472K)] 297735K->247079K(765440K), 0.0034254 secs] [Times: user=0.01 sys=0.00, real=0.00 secs] 
963.693: [GC (Allocation Failure) [PSYoungGen: 84896K->1376K(112128K)] 297767K->214247K(772096K), 0.0018917 secs] [Times: user=0.00 sys=0.00, real=0.01 secs] 
964.721: [GC (Allocation Failure) [PSYoungGen: 57184K->9664K(65536K)] 270055K->222535K(725504K), 0.0019051 secs] [Times: user=0.01 sys=0.00, real=0.00 secs] 
965.159: [GC (Allocation Failure) [PSYoungGen: 65472K->17792K(104448K)] 278343K->230663K(764416K), 0.0024798 secs] [Times: user=0.01 sys=0.00, real=0.00 secs] 
965.353: [GC (Allocation Failure) [PSYoungGen: 73600K->34144K(107520K)] 286471K->247015K(767488K), 0.0058012 secs] [Times: user=0.02 sys=0.00, real=0.01 secs] 
965.582: [GC (Allocation Failure) [PSYoungGen: 89952K->34144K(114176K)] 302823K->247015K(774144K), 0.0044800 secs] [Times: user=0.02 sys=0.00, real=0.01 secs] 
965.862: [GC (Allocation Failure) [PSYoungGen: 94560K->1376K(116224K)] 307431K->214247K(776192K), 0.0019750 secs] [Times: user=0.01 sys=0.00, real=0.00 secs] 
967.060: [GC (Allocation Failure) [PSYoungGen: 61792K->3456K(119296K)] 274663K->216327K(779264K), 0.0018585 secs] [Times: user=0.01 sys=0.00, real=0.00 secs] 
967.487: [GC (Allocation Failure) [PSYoungGen: 70016K->17824K(121344K)] 282887K->230703K(781312K), 0.0040273 secs] [Times: user=0.02 sys=0.00, real=0.00 secs] 
967.747: [GC (Allocation Failure) [PSYoungGen: 84384K->34208K(121344K)] 297263K->247087K(781312K), 0.0042469 secs] [Times: user=0.02 sys=0.00, real=0.00 secs] 
968.040: [GC (Allocation Failure) [PSYoungGen: 104352K->34144K(124416K)] 317231K->247023K(784384K), 0.0033758 secs] [Times: user=0.02 sys=0.00, real=0.00 secs] 
968.333: [GC (Allocation Failure) [PSYoungGen: 104288K->1376K(133632K)] 317167K->214255K(793600K), 0.0042686 secs] [Times: user=0.02 sys=0.00, real=0.01 secs] 
969.304: [GC (Allocation Failure) [PSYoungGen: 79200K->9664K(133632K)] 292079K->222543K(793600K), 0.0017580 secs] [Times: user=0.01 sys=0.00, real=0.01 secs] 
969.574: [GC (Allocation Failure) [PSYoungGen: 83203K->17792K(115200K)] 296082K->230671K(775168K), 0.0022908 secs] [Times: user=0.01 sys=0.00, real=0.01 secs] 
969.829: [GC (Allocation Failure) [PSYoungGen: 95104K->34160K(127488K)] 307983K->247039K(787456K), 0.0030554 secs] [Times: user=0.02 sys=0.00, real=0.00 secs] 
970.150: [GC (Allocation Failure) [PSYoungGen: 111472K->1360K(120320K)] 324351K->214239K(780288K), 0.0017045 secs] [Times: user=0.00 sys=0.00, real=0.00 secs] 
971.727: [GC (Allocation Failure) [PSYoungGen: 78160K->9632K(86016K)] 291039K->222511K(745984K), 0.0034582 secs] [Times: user=0.01 sys=0.00, real=0.00 secs] 
972.291: [GC (Allocation Failure) [PSYoungGen: 85920K->17792K(119808K)] 298799K->230671K(779776K), 0.0034341 secs] [Times: user=0.01 sys=0.00, real=0.00 secs] 
972.835: [GC (Allocation Failure) [PSYoungGen: 93568K->34144K(122880K)] 306447K->247023K(782848K), 0.0042239 secs] [Times: user=0.03 sys=0.00, real=0.00 secs] 
973.225: [GC (Allocation Failure) [PSYoungGen: 109408K->1344K(124416K)] 322287K->214223K(784384K), 0.0019167 secs] [Times: user=0.01 sys=0.00, real=0.00 secs] 
974.492: [GC (Allocation Failure) [PSYoungGen: 76096K->5568K(79872K)] 288975K->218447K(739840K), 0.0021427 secs] [Times: user=0.01 sys=0.00, real=0.01 secs] 
974.968: [GC (Allocation Failure) [PSYoungGen: 79808K->17856K(116736K)] 292687K->230735K(776704K), 0.0025527 secs] [Times: user=0.01 sys=0.00, real=0.00 secs] 
975.425: [GC (Allocation Failure) [PSYoungGen: 91584K->34176K(119808K)] 304463K->247071K(779776K), 0.0038083 secs] [Times: user=0.02 sys=0.00, real=0.00 secs] 
976.026: [GC (Allocation Failure) [PSYoungGen: 107392K->1344K(121856K)] 320287K->214239K(781824K), 0.0020203 secs] [Times: user=0.00 sys=0.00, real=0.00 secs] 
977.390: [GC (Allocation Failure) [PSYoungGen: 74048K->2432K(74752K)] 286943K->215327K(734720K), 0.0018768 secs] [Times: user=0.01 sys=0.00, real=0.00 secs] 
978.112: [GC (Allocation Failure) [PSYoungGen: 74624K->17792K(115200K)] 287519K->230687K(775168K), 0.0029395 secs] [Times: user=0.02 sys=0.00, real=0.01 secs] 
978.743: [GC (Allocation Failure) [PSYoungGen: 89472K->34176K(117760K)] 302367K->247071K(777728K), 0.0041076 secs] [Times: user=0.02 sys=0.00, real=0.01 secs] 
979.620: [GC (Allocation Failure) [PSYoungGen: 105344K->34144K(118784K)] 318239K->247047K(778752K), 0.0043510 secs] [Times: user=0.02 sys=0.00, real=0.00 secs] 
980.500: [GC (Allocation Failure) [PSYoungGen: 102240K->1440K(69120K)] 315143K->214343K(729088K), 0.0021407 secs] [Times: user=0.01 sys=0.01, real=0.00 secs] 
981.885: [GC (Allocation Failure) [PSYoungGen: 69024K->9632K(114688K)] 281927K->222535K(774656K), 0.0020648 secs] [Times: user=0.01 sys=0.00, real=0.00 secs] 
982.133: [GC (Allocation Failure) [PSYoungGen: 76704K->17760K(84992K)] 289607K->230663K(744960K), 0.0023504 secs] [Times: user=0.01 sys=0.00, real=0.01 secs] 
982.345: [GC (Allocation Failure) [PSYoungGen: 84832K->34208K(112128K)] 297735K->247111K(772096K), 0.0039433 secs] [Times: user=0.02 sys=0.01, real=0.00 secs] 
982.614: [GC (Allocation Failure) [PSYoungGen: 98208K->34176K(115200K)] 311111K->247079K(775168K), 0.0041539 secs] [Times: user=0.02 sys=0.00, real=0.01 secs] 
982.882: [GC (Allocation Failure) [PSYoungGen: 98176K->1408K(111104K)] 311079K->214311K(771072K), 0.0017352 secs] [Times: user=0.00 sys=0.00, real=0.00 secs] 
983.798: [GC (Allocation Failure) [PSYoungGen: 65408K->9632K(73728K)] 278311K->222535K(733696K), 0.0019181 secs] [Times: user=0.01 sys=0.00, real=0.00 secs] 
984.046: [GC (Allocation Failure) [PSYoungGen: 73632K->17824K(109568K)] 286535K->230727K(769536K), 0.0022869 secs] [Times: user=0.01 sys=0.00, real=0.00 secs] 
984.265: [GC (Allocation Failure) [PSYoungGen: 81824K->34208K(112640K)] 294727K->247111K(772608K), 0.0033366 secs] [Times: user=0.01 sys=0.01, real=0.00 secs] 
984.691: [GC (Allocation Failure) [PSYoungGen: 98208K->34208K(120320K)] 311111K->247111K(780288K), 0.0042972 secs] [Times: user=0.02 sys=0.00, real=0.01 secs] 
986.044: [GC (Allocation Failure) [PSYoungGen: 102650K->1952K(70144K)] 315553K->214855K(730112K), 0.0016923 secs] [Times: user=0.00 sys=0.00, real=0.01 secs] 
986.572: [GC (Allocation Failure) [PSYoungGen: 70048K->17824K(114688K)] 282951K->230735K(774656K), 0.0031384 secs] [Times: user=0.01 sys=0.00, real=0.01 secs] 
987.156: [GC (Allocation Failure) [PSYoungGen: 71882K->17808K(84992K)] 284793K->230719K(744960K), 0.0033083 secs] [Times: user=0.02 sys=0.00, real=0.00 secs] 
987.808: [GC (Allocation Failure) [PSYoungGen: 84880K->34208K(112128K)] 297791K->247119K(772096K), 0.0048982 secs] [Times: user=0.03 sys=0.00, real=0.00 secs] 
988.644: [GC (Allocation Failure) [PSYoungGen: 98720K->1312K(114688K)] 311631K->214223K(774656K), 0.0024459 secs] [Times: user=0.01 sys=0.00, real=0.01 secs] 
990.708: [GC (Allocation Failure) [PSYoungGen: 65824K->1984K(114176K)] 278735K->214895K(774144K), 0.0037377 secs] [Times: user=0.02 sys=0.00, real=0.00 secs] 
993.211: [GC (Allocation Failure) [PSYoungGen: 59332K->9616K(74240K)] 272243K->222527K(734208K), 0.0045320 secs] [Times: user=0.01 sys=0.00, real=0.01 secs] 
993.686: [GC (Allocation Failure) [PSYoungGen: 72751K->17840K(107520K)] 285662K->230751K(767488K), 0.0033087 secs] [Times: user=0.01 sys=0.00, real=0.00 secs] 
993.913: [GC (Allocation Failure) [PSYoungGen: 82352K->34208K(110080K)] 295263K->247119K(770048K), 0.0038354 secs] [Times: user=0.02 sys=0.00, real=0.01 secs] 
994.183: [GC (Allocation Failure) [PSYoungGen: 98720K->1376K(113664K)] 311631K->214287K(773632K), 0.0019654 secs] [Times: user=0.01 sys=0.00, real=0.01 secs] 
995.189: [GC (Allocation Failure) [PSYoungGen: 65888K->1952K(66560K)] 278799K->214863K(726528K), 0.0016777 secs] [Times: user=0.01 sys=0.00, real=0.00 secs] 
995.848: [GC (Allocation Failure) [PSYoungGen: 60578K->9584K(107520K)] 273489K->222495K(767488K), 0.0041449 secs] [Times: user=0.02 sys=0.00, real=0.00 secs] 
996.543: [GC (Allocation Failure) [PSYoungGen: 72756K->17776K(82432K)] 285667K->230687K(742400K), 0.0050623 secs] [Times: user=0.02 sys=0.00, real=0.01 secs] 
997.079: [GC (Allocation Failure) [PSYoungGen: 82288K->34208K(104448K)] 295199K->247119K(764416K), 0.0056057 secs] [Times: user=0.03 sys=0.00, real=0.01 secs] 
997.579: [GC (Allocation Failure) [PSYoungGen: 94624K->1344K(61952K)] 307535K->214255K(721920K), 0.0029443 secs] [Times: user=0.01 sys=0.00, real=0.00 secs] 
998.120: [GC (Allocation Failure) [PSYoungGen: 61760K->1392K(105984K)] 274671K->214303K(765952K), 0.0023206 secs] [Times: user=0.01 sys=0.00, real=0.00 secs] 
999.393: [GC (Allocation Failure) [PSYoungGen: 61808K->9664K(70144K)] 274719K->222591K(730112K), 0.0022773 secs] [Times: user=0.01 sys=0.00, real=0.01 secs] 
999.627: [GC (Allocation Failure) [PSYoungGen: 70080K->17824K(102400K)] 283007K->230751K(762368K), 0.0026803 secs] [Times: user=0.01 sys=0.00, real=0.00 secs] 
999.812: [GC (Allocation Failure) [PSYoungGen: 78240K->34176K(103424K)] 291167K->247103K(763392K), 0.0034324 secs] [Times: user=0.01 sys=0.00, real=0.01 secs] 
1000.065: [GC (Allocation Failure) [PSYoungGen: 94592K->34208K(104448K)] 307519K->247135K(764416K), 0.0036638 secs] [Times: user=0.02 sys=0.00, real=0.00 secs] 
1000.303: [GC (Allocation Failure) [PSYoungGen: 91040K->1408K(108032K)] 303967K->214335K(768000K), 0.0019746 secs] [Times: user=0.01 sys=0.00, real=0.01 secs] 
1001.191: [GC (Allocation Failure) [PSYoungGen: 58240K->9632K(96256K)] 271167K->222559K(756224K), 0.0016942 secs] [Times: user=0.00 sys=0.01, real=0.00 secs] 
1001.406: [GC (Allocation Failure) [PSYoungGen: 66464K->17792K(74752K)] 279391K->230719K(734720K), 0.0020090 secs] [Times: user=0.01 sys=0.00, real=0.00 secs] 
1001.575: [GC (Allocation Failure) [PSYoungGen: 74624K->34144K(99328K)] 287551K->247071K(759296K), 0.0026849 secs] [Times: user=0.01 sys=0.00, real=0.00 secs] 
1001.796: [GC (Allocation Failure) [PSYoungGen: 87392K->34176K(102912K)] 300319K->247103K(762880K), 0.0026995 secs] [Times: user=0.01 sys=0.00, real=0.00 secs] 
1002.017: [GC (Allocation Failure) [PSYoungGen: 87424K->1440K(99328K)] 300351K->214367K(759296K), 0.0014561 secs] [Times: user=0.01 sys=0.00, real=0.00 secs] 
1002.262: [GC (Allocation Failure) [PSYoungGen: 54682K->304K(53760K)] 267609K->213239K(713728K), 0.0013769 secs] [Times: user=0.00 sys=0.00, real=0.00 secs] 
1003.117: [GC (Allocation Failure) [PSYoungGen: 53552K->9632K(99840K)] 266487K->222575K(759808K), 0.0020045 secs] [Times: user=0.01 sys=0.00, real=0.00 secs] 
1003.304: [GC (Allocation Failure) [PSYoungGen: 62880K->17792K(71168K)] 275823K->230735K(731136K), 0.0020362 secs] [Times: user=0.01 sys=0.00, real=0.01 secs] 
1003.457: [GC (Allocation Failure) [PSYoungGen: 71040K->34176K(96768K)] 283983K->247119K(756736K), 0.0030664 secs] [Times: user=0.01 sys=0.00, real=0.00 secs] 
1003.665: [GC (Allocation Failure) [PSYoungGen: 83840K->34176K(100352K)] 296783K->247119K(760320K), 0.0029884 secs] [Times: user=0.02 sys=0.00, real=0.00 secs] 
1003.872: [GC (Allocation Failure) [PSYoungGen: 83840K->1408K(108032K)] 296783K->214351K(768000K), 0.0017464 secs] [Times: user=0.00 sys=0.00, real=0.00 secs] 
1004.119: [GC (Allocation Failure) [PSYoungGen: 56659K->288K(108544K)] 269602K->213231K(768512K), 0.0015230 secs] [Times: user=0.01 sys=0.00, real=0.00 secs] 
1004.978: [GC (Allocation Failure) [PSYoungGen: 55584K->9664K(96768K)] 268527K->222607K(756736K), 0.0020350 secs] [Times: user=0.01 sys=0.00, real=0.00 secs] 
1005.174: [GC (Allocation Failure) [PSYoungGen: 64960K->17824K(73216K)] 277903K->230767K(733184K), 0.0022725 secs] [Times: user=0.01 sys=0.00, real=0.01 secs] 
1005.337: [GC (Allocation Failure) [PSYoungGen: 73120K->34208K(99328K)] 286063K->247151K(759296K), 0.0031112 secs] [Times: user=0.02 sys=0.00, real=0.00 secs] 
1005.619: [GC (Allocation Failure) [PSYoungGen: 85920K->34208K(102912K)] 298863K->247151K(762880K), 0.0053411 secs] [Times: user=0.02 sys=0.00, real=0.00 secs] 
1005.963: [GC (Allocation Failure) [PSYoungGen: 85920K->1376K(111104K)] 298863K->214319K(771072K), 0.0030127 secs] [Times: user=0.01 sys=0.00, real=0.01 secs] 
1007.094: [GC (Allocation Failure) [PSYoungGen: 59232K->3488K(61440K)] 272175K->216431K(721408K), 0.0017074 secs] [Times: user=0.01 sys=0.00, real=0.01 secs] 
1007.362: [GC (Allocation Failure) [PSYoungGen: 57020K->9600K(104960K)] 269963K->222543K(764928K), 0.0019179 secs] [Times: user=0.01 sys=0.00, real=0.00 secs] 
1007.585: [GC (Allocation Failure) [PSYoungGen: 67456K->17824K(107520K)] 280399K->230767K(767488K), 0.0028191 secs] [Times: user=0.01 sys=0.00, real=0.00 secs] 
1007.761: [GC (Allocation Failure) [PSYoungGen: 75680K->34208K(107008K)] 288623K->247151K(766976K), 0.0040679 secs] [Times: user=0.01 sys=0.00, real=0.01 secs] 
1008.012: [GC (Allocation Failure) [PSYoungGen: 94112K->34208K(111104K)] 307055K->247151K(771072K), 0.0040421 secs] [Times: user=0.02 sys=0.00, real=0.01 secs] 
1008.263: [GC (Allocation Failure) [PSYoungGen: 94112K->1376K(120832K)] 307055K->214319K(780800K), 0.0019355 secs] [Times: user=0.01 sys=0.00, real=0.01 secs] 
1009.986: [GC (Allocation Failure) [PSYoungGen: 68448K->9664K(120832K)] 281391K->222607K(780800K), 0.0040998 secs] [Times: user=0.01 sys=0.00, real=0.00 secs] 
1010.860: [GC (Allocation Failure) [PSYoungGen: 76736K->17792K(104960K)] 289679K->230735K(764928K), 0.0048580 secs] [Times: user=0.02 sys=0.00, real=0.01 secs] 
1011.437: [GC (Allocation Failure) [PSYoungGen: 84864K->34144K(115200K)] 297807K->247087K(775168K), 0.0048436 secs] [Times: user=0.02 sys=0.00, real=0.00 secs] 
1012.159: [GC (Allocation Failure) [PSYoungGen: 101216K->1408K(117760K)] 314159K->214351K(777728K), 0.0023977 secs] [Times: user=0.01 sys=0.00, real=0.00 secs] 
1013.577: [GC (Allocation Failure) [PSYoungGen: 68480K->1952K(69120K)] 281423K->214895K(729088K), 0.0018136 secs] [Times: user=0.01 sys=0.00, real=0.00 secs] 
1014.067: [GC (Allocation Failure) [PSYoungGen: 69024K->17824K(112128K)] 281967K->230767K(772096K), 0.0039718 secs] [Times: user=0.01 sys=0.00, real=0.00 secs] 
1014.508: [GC (Allocation Failure) [PSYoungGen: 71459K->17824K(84992K)] 284402K->230767K(744960K), 0.0035639 secs] [Times: user=0.01 sys=0.00, real=0.00 secs] 
1014.959: [GC (Allocation Failure) [PSYoungGen: 84896K->34144K(109056K)] 297839K->247087K(769024K), 0.0047194 secs] [Times: user=0.02 sys=0.00, real=0.00 secs] 
1015.443: [GC (Allocation Failure) [PSYoungGen: 97632K->1408K(65024K)] 310575K->214351K(724992K), 0.0021494 secs] [Times: user=0.01 sys=0.00, real=0.01 secs] 
1016.890: [GC (Allocation Failure) [PSYoungGen: 64896K->2464K(111104K)] 277839K->215423K(771072K), 0.0021208 secs] [Times: user=0.00 sys=0.00, real=0.00 secs] 
1017.937: [GC (Allocation Failure) [PSYoungGen: 61535K->9632K(73216K)] 274494K->222591K(733184K), 0.0035305 secs] [Times: user=0.02 sys=0.00, real=0.00 secs] 
1018.419: [GC (Allocation Failure) [PSYoungGen: 73120K->17840K(104960K)] 286079K->230799K(764928K), 0.0030422 secs] [Times: user=0.01 sys=0.00, real=0.00 secs] 
1018.722: [GC (Allocation Failure) [PSYoungGen: 81328K->34176K(107008K)] 294287K->247135K(766976K), 0.0038534 secs] [Times: user=0.02 sys=0.00, real=0.01 secs] 
1019.161: [GC (Allocation Failure) [PSYoungGen: 97664K->1408K(110592K)] 310623K->214367K(770560K), 0.0016843 secs] [Times: user=0.00 sys=0.00, real=0.00 secs] 
1020.350: [GC (Allocation Failure) [PSYoungGen: 64896K->1568K(65536K)] 277855K->214535K(725504K), 0.0016660 secs] [Times: user=0.01 sys=0.00, real=0.00 secs] 
1020.630: [GC (Allocation Failure) [PSYoungGen: 63370K->9584K(104960K)] 276337K->222551K(764928K), 0.0019476 secs] [Times: user=0.01 sys=0.00, real=0.00 secs] 
1020.994: [GC (Allocation Failure) [PSYoungGen: 73072K->17792K(81408K)] 286039K->230759K(741376K), 0.0024422 secs] [Times: user=0.01 sys=0.00, real=0.01 secs] 
1021.471: [GC (Allocation Failure) [PSYoungGen: 81280K->34176K(101376K)] 294247K->247143K(761344K), 0.0070596 secs] [Times: user=0.04 sys=0.00, real=0.01 secs] 
1022.230: [GC (Allocation Failure) [PSYoungGen: 93056K->34176K(105984K)] 306023K->247143K(765952K), 0.0078283 secs] [Times: user=0.04 sys=0.00, real=0.01 secs] 
1022.951: [GC (Allocation Failure) [PSYoungGen: 93056K->1376K(109056K)] 306023K->214343K(769024K), 0.0035385 secs] [Times: user=0.01 sys=0.00, real=0.01 secs] 
1024.576: [GC (Allocation Failure) [PSYoungGen: 60256K->9632K(68608K)] 273223K->222599K(728576K), 0.0021741 secs] [Times: user=0.01 sys=0.00, real=0.00 secs] 
1025.042: [GC (Allocation Failure) [PSYoungGen: 68512K->17792K(101888K)] 281479K->230759K(761856K), 0.0026384 secs] [Times: user=0.01 sys=0.00, real=0.01 secs] 
1025.451: [GC (Allocation Failure) [PSYoungGen: 76672K->34208K(104448K)] 289639K->247175K(764416K), 0.0037437 secs] [Times: user=0.02 sys=0.00, real=0.01 secs] 
1025.941: [GC (Allocation Failure) [PSYoungGen: 93088K->34176K(105472K)] 306055K->247143K(765440K), 0.0035573 secs] [Times: user=0.02 sys=0.00, real=0.01 secs] 
1026.175: [GC (Allocation Failure) [PSYoungGen: 89984K->1376K(57344K)] 302951K->214359K(717312K), 0.0019267 secs] [Times: user=0.00 sys=0.00, real=0.00 secs] 
1027.196: [GC (Allocation Failure) [PSYoungGen: 57184K->5568K(104960K)] 270167K->218559K(764928K), 0.0019622 secs] [Times: user=0.01 sys=0.00, real=0.00 secs] 
1027.622: [GC (Allocation Failure) [PSYoungGen: 61376K->17824K(73728K)] 274367K->230815K(733696K), 0.0022081 secs] [Times: user=0.01 sys=0.00, real=0.00 secs] 
1028.020: [GC (Allocation Failure) [PSYoungGen: 63565K->17824K(98816K)] 276556K->230815K(758784K), 0.0020793 secs] [Times: user=0.01 sys=0.00, real=0.00 secs] 
1028.349: [GC (Allocation Failure) [PSYoungGen: 73632K->34208K(101376K)] 286623K->247199K(761344K), 0.0033686 secs] [Times: user=0.02 sys=0.00, real=0.00 secs] 
1028.676: [GC (Allocation Failure) [PSYoungGen: 90016K->34208K(101888K)] 303007K->247215K(761856K), 0.0033781 secs] [Times: user=0.01 sys=0.00, real=0.00 secs] 
1028.996: [GC (Allocation Failure) [PSYoungGen: 86944K->1376K(54272K)] 299951K->214383K(714240K), 0.0019156 secs] [Times: user=0.01 sys=0.00, real=0.00 secs] 
1029.949: [GC (Allocation Failure) [PSYoungGen: 54112K->5504K(102400K)] 267119K->218511K(762368K), 0.0019327 secs] [Times: user=0.01 sys=0.00, real=0.00 secs] 
1030.149: [GC (Allocation Failure) [PSYoungGen: 58240K->17760K(70656K)] 271247K->230767K(730624K), 0.0021435 secs] [Times: user=0.01 sys=0.00, real=0.00 secs] 
1030.334: [GC (Allocation Failure) [PSYoungGen: 63055K->17760K(95232K)] 276062K->230767K(755200K), 0.0022965 secs] [Times: user=0.01 sys=0.00, real=0.01 secs] 
1030.487: [GC (Allocation Failure) [PSYoungGen: 70496K->34208K(97792K)] 283503K->247215K(757760K), 0.0030312 secs] [Times: user=0.02 sys=0.00, real=0.00 secs] 
1030.707: [GC (Allocation Failure) [PSYoungGen: 86944K->34144K(104448K)] 299951K->247151K(764416K), 0.0035510 secs] [Times: user=0.02 sys=0.00, real=0.00 secs] 
1030.940: [GC (Allocation Failure) [PSYoungGen: 89952K->1376K(107008K)] 302959K->214383K(766976K), 0.0017187 secs] [Times: user=0.01 sys=0.00, real=0.00 secs] 
1031.890: [GC (Allocation Failure) [PSYoungGen: 57184K->5536K(98304K)] 270191K->218543K(758272K), 0.0018742 secs] [Times: user=0.00 sys=0.00, real=0.00 secs] 
1032.101: [GC (Allocation Failure) [PSYoungGen: 61344K->17824K(73728K)] 274351K->230831K(733696K), 0.0023944 secs] [Times: user=0.01 sys=0.00, real=0.00 secs] 
1032.289: [GC (Allocation Failure) [PSYoungGen: 59067K->17776K(105472K)] 272074K->230807K(765440K), 0.0022759 secs] [Times: user=0.01 sys=0.00, real=0.00 secs] 
1032.466: [GC (Allocation Failure) [PSYoungGen: 76144K->34176K(102912K)] 289175K->247223K(762880K), 0.0064983 secs] [Times: user=0.03 sys=0.00, real=0.00 secs] 
1032.712: [GC (Allocation Failure) [PSYoungGen: 92544K->34176K(111616K)] 305591K->247223K(771584K), 0.0039918 secs] [Times: user=0.02 sys=0.01, real=0.01 secs] 
1032.978: [GC (Allocation Failure) [PSYoungGen: 97664K->1376K(114176K)] 310711K->214423K(774144K), 0.0016439 secs] [Times: user=0.00 sys=0.00, real=0.00 secs] 
1033.914: [GC (Allocation Failure) [PSYoungGen: 64864K->9648K(117248K)] 277911K->222703K(777216K), 0.0018545 secs] [Times: user=0.00 sys=0.00, real=0.01 secs] 
1034.170: [GC (Allocation Failure) [PSYoungGen: 79876K->17760K(119808K)] 292931K->230815K(779776K), 0.0019781 secs] [Times: user=0.00 sys=0.00, real=0.00 secs] 
1034.419: [GC (Allocation Failure) [PSYoungGen: 88416K->34144K(120832K)] 301471K->247199K(780800K), 0.0038100 secs] [Times: user=0.02 sys=0.00, real=0.00 secs] 
1034.731: [GC (Allocation Failure) [PSYoungGen: 108896K->1376K(124416K)] 321951K->214431K(784384K), 0.0016090 secs] [Times: user=0.01 sys=0.00, real=0.00 secs] 
1035.948: [GC (Allocation Failure) [PSYoungGen: 76128K->5504K(113664K)] 289183K->218567K(773632K), 0.0021941 secs] [Times: user=0.01 sys=0.00, real=0.00 secs] 
1036.475: [GC (Allocation Failure) [PSYoungGen: 79744K->17824K(91648K)] 292807K->230887K(751616K), 0.0029912 secs] [Times: user=0.01 sys=0.00, real=0.00 secs] 
1036.879: [GC (Allocation Failure) [PSYoungGen: 91552K->34208K(116224K)] 304615K->247271K(776192K), 0.0039587 secs] [Times: user=0.02 sys=0.00, real=0.00 secs] 
1037.479: [GC (Allocation Failure) [PSYoungGen: 104352K->34176K(119296K)] 317415K->247239K(779264K), 0.0047220 secs] [Times: user=0.02 sys=0.00, real=0.00 secs] 
1038.741: [GC (Allocation Failure) [PSYoungGen: 103455K->1984K(120832K)] 316518K->215047K(780800K), 0.0017341 secs] [Times: user=0.01 sys=0.00, real=0.00 secs] 
1038.963: [GC (Allocation Failure) [PSYoungGen: 71104K->17792K(86528K)] 284167K->230863K(746496K), 0.0022687 secs] [Times: user=0.01 sys=0.01, real=0.01 secs] 
1039.182: [GC (Allocation Failure) [PSYoungGen: 86400K->34208K(114176K)] 299471K->247279K(774144K), 0.0033267 secs] [Times: user=0.02 sys=0.00, real=0.01 secs] 
1039.554: [GC (Allocation Failure) [PSYoungGen: 99744K->34208K(117248K)] 312815K->247279K(777216K), 0.0033337 secs] [Times: user=0.02 sys=0.00, real=0.01 secs] 
1039.988: [GC (Allocation Failure) [PSYoungGen: 99744K->1408K(119296K)] 312815K->214479K(779264K), 0.0017698 secs] [Times: user=0.01 sys=0.00, real=0.00 secs] 
1041.104: [GC (Allocation Failure) [PSYoungGen: 66944K->5568K(71168K)] 280015K->218639K(731136K), 0.0020611 secs] [Times: user=0.00 sys=0.01, real=0.01 secs] 
1041.687: [GC (Allocation Failure) [PSYoungGen: 71104K->17792K(111104K)] 284175K->230863K(771072K), 0.0029256 secs] [Times: user=0.01 sys=0.00, real=0.00 secs] 
1042.060: [GC (Allocation Failure) [PSYoungGen: 83328K->34144K(114688K)] 296399K->247223K(774656K), 0.0038626 secs] [Times: user=0.02 sys=0.00, real=0.00 secs] 
1042.779: [GC (Allocation Failure) [PSYoungGen: 99680K->34176K(115712K)] 312759K->247255K(775680K), 0.0038059 secs] [Times: user=0.02 sys=0.00, real=0.00 secs] 
1043.570: [GC (Allocation Failure) [PSYoungGen: 97664K->1376K(117760K)] 310743K->214455K(777728K), 0.0018366 secs] [Times: user=0.01 sys=0.00, real=0.00 secs] 
1044.799: [GC (Allocation Failure) [PSYoungGen: 63931K->5552K(115712K)] 277010K->218631K(775680K), 0.0032706 secs] [Times: user=0.02 sys=0.00, real=0.00 secs] 
1045.031: [GC (Allocation Failure) [PSYoungGen: 69040K->17792K(81408K)] 282119K->230879K(741376K), 0.0023400 secs] [Times: user=0.01 sys=0.00, real=0.00 secs] 
1045.228: [GC (Allocation Failure) [PSYoungGen: 81280K->34176K(110080K)] 294367K->247287K(770048K), 0.0034469 secs] [Times: user=0.02 sys=0.00, real=0.00 secs] 
1045.481: [GC (Allocation Failure) [PSYoungGen: 94592K->34208K(113152K)] 307703K->247319K(773120K), 0.0033607 secs] [Times: user=0.02 sys=0.00, real=0.00 secs] 
1045.733: [GC (Allocation Failure) [PSYoungGen: 94624K->1376K(109056K)] 307735K->214487K(769024K), 0.0018105 secs] [Times: user=0.01 sys=0.00, real=0.01 secs] 
1046.887: [GC (Allocation Failure) [PSYoungGen: 61792K->5536K(66048K)] 274903K->218647K(726016K), 0.0019504 secs] [Times: user=0.01 sys=0.00, real=0.00 secs] 
1047.385: [GC (Allocation Failure) [PSYoungGen: 65952K->17824K(107520K)] 279063K->230935K(767488K), 0.0049620 secs] [Times: user=0.02 sys=0.01, real=0.00 secs] 
1047.782: [GC (Allocation Failure) [PSYoungGen: 78240K->34176K(110592K)] 291351K->247287K(770560K), 0.0060758 secs] [Times: user=0.03 sys=0.00, real=0.01 secs] 
1048.257: [GC (Allocation Failure) [PSYoungGen: 94592K->34208K(116736K)] 307703K->247319K(776704K), 0.0047432 secs] [Times: user=0.03 sys=0.00, real=0.00 secs] 
1048.637: [GC (Allocation Failure) [PSYoungGen: 98208K->1440K(65536K)] 311319K->214551K(725504K), 0.0019920 secs] [Times: user=0.00 sys=0.01, real=0.00 secs] 
1049.900: [GC (Allocation Failure) [PSYoungGen: 65440K->5568K(116736K)] 278551K->218679K(776704K), 0.0020573 secs] [Times: user=0.01 sys=0.00, real=0.00 secs] 
1050.524: [GC (Allocation Failure) [PSYoungGen: 69568K->17824K(81920K)] 282679K->230935K(741888K), 0.0031022 secs] [Times: user=0.01 sys=0.00, real=0.01 secs] 
1051.215: [GC (Allocation Failure) [PSYoungGen: 81824K->34208K(111104K)] 294935K->247319K(771072K), 0.0081267 secs] [Times: user=0.04 sys=0.00, real=0.00 secs] 
1051.900: [GC (Allocation Failure) [PSYoungGen: 95136K->34176K(114176K)] 308247K->247287K(774144K), 0.0076195 secs] [Times: user=0.04 sys=0.00, real=0.01 secs] 
1052.852: [GC (Allocation Failure) [PSYoungGen: 95104K->1408K(116224K)] 308215K->214519K(776192K), 0.0031775 secs] [Times: user=0.01 sys=0.00, real=0.01 secs] 
1054.416: [GC (Allocation Failure) [PSYoungGen: 61815K->3488K(64512K)] 274926K->216599K(724480K), 0.0019814 secs] [Times: user=0.01 sys=0.00, real=0.00 secs] 
1054.671: [GC (Allocation Failure) [PSYoungGen: 64416K->17792K(108032K)] 277527K->230903K(768000K), 0.0031453 secs] [Times: user=0.01 sys=0.00, real=0.01 secs] 
1054.867: [GC (Allocation Failure) [PSYoungGen: 66299K->17760K(78848K)] 279410K->230871K(738816K), 0.0024594 secs] [Times: user=0.01 sys=0.00, real=0.00 secs] 
1055.173: [GC (Allocation Failure) [PSYoungGen: 78688K->34208K(105472K)] 291799K->247319K(765440K), 0.0032793 secs] [Times: user=0.01 sys=0.00, real=0.01 secs] 
1055.769: [GC (Allocation Failure) [PSYoungGen: 92064K->34176K(108544K)] 305175K->247287K(768512K), 0.0034145 secs] [Times: user=0.02 sys=0.00, real=0.00 secs] 
1056.351: [GC (Allocation Failure) [PSYoungGen: 92032K->1408K(111104K)] 305143K->214543K(771072K), 0.0024783 secs] [Times: user=0.01 sys=0.00, real=0.00 secs] 
1057.742: [GC (Allocation Failure) [PSYoungGen: 59264K->9664K(67584K)] 272399K->222799K(727552K), 0.0020068 secs] [Times: user=0.00 sys=0.00, real=0.00 secs] 
1058.037: [GC (Allocation Failure) [PSYoungGen: 67520K->17824K(102912K)] 280655K->230959K(762880K), 0.0021414 secs] [Times: user=0.01 sys=0.00, real=0.00 secs] 
1058.211: [GC (Allocation Failure) [PSYoungGen: 75680K->34208K(105984K)] 288815K->247343K(765952K), 0.0034998 secs] [Times: user=0.02 sys=0.00, real=0.00 secs] 
1058.453: [GC (Allocation Failure) [PSYoungGen: 92064K->34176K(107008K)] 305199K->247311K(766976K), 0.0035044 secs] [Times: user=0.01 sys=0.00, real=0.01 secs] 
1058.753: [GC (Allocation Failure) [PSYoungGen: 89984K->1376K(109056K)] 303119K->214511K(769024K), 0.0018646 secs] [Times: user=0.01 sys=0.00, real=0.01 secs] 
1060.696: [GC (Allocation Failure) [PSYoungGen: 56944K->3456K(107520K)] 270079K->216591K(767488K), 0.0061751 secs] [Times: user=0.02 sys=0.00, real=0.00 secs] 
1061.257: [GC (Allocation Failure) [PSYoungGen: 59264K->17792K(73728K)] 272399K->230927K(733696K), 0.0035043 secs] [Times: user=0.01 sys=0.00, real=0.00 secs] 
1061.476: [GC (Allocation Failure) [PSYoungGen: 72210K->17808K(99840K)] 285345K->230943K(759808K), 0.0027315 secs] [Times: user=0.01 sys=0.00, real=0.00 secs] 
1061.678: [GC (Allocation Failure) [PSYoungGen: 73616K->34208K(102400K)] 286751K->247343K(762368K), 0.0033713 secs] [Times: user=0.02 sys=0.00, real=0.00 secs] 
1062.094: [GC (Allocation Failure) [PSYoungGen: 90016K->34176K(109056K)] 303151K->247311K(769024K), 0.0037807 secs] [Times: user=0.02 sys=0.00, real=0.01 secs] 
1062.608: [GC (Allocation Failure) [PSYoungGen: 93568K->1344K(111616K)] 306703K->214479K(771584K), 0.0035163 secs] [Times: user=0.01 sys=0.00, real=0.00 secs] 
1063.933: [GC (Allocation Failure) [PSYoungGen: 60736K->9632K(108544K)] 273871K->222767K(768512K), 0.0021345 secs] [Times: user=0.00 sys=0.00, real=0.01 secs] 
1064.392: [GC (Allocation Failure) [PSYoungGen: 69024K->17760K(77312K)] 282159K->230895K(737280K), 0.0029355 secs] [Times: user=0.02 sys=0.00, real=0.01 secs] 
1064.733: [GC (Allocation Failure) [PSYoungGen: 77152K->34208K(102912K)] 290287K->247343K(762880K), 0.0072566 secs] [Times: user=0.04 sys=0.00, real=0.01 secs] 
1065.109: [GC (Allocation Failure) [PSYoungGen: 90016K->34208K(106496K)] 303151K->247359K(766464K), 0.0038480 secs] [Times: user=0.02 sys=0.00, real=0.00 secs] 
1065.366: [GC (Allocation Failure) [PSYoungGen: 90016K->1440K(114176K)] 303167K->214591K(774144K), 0.0018042 secs] [Times: user=0.00 sys=0.00, real=0.00 secs] 
1066.593: [GC (Allocation Failure) [PSYoungGen: 62880K->5568K(67072K)] 276031K->218719K(727040K), 0.0024790 secs] [Times: user=0.01 sys=0.00, real=0.01 secs] 
1067.213: [GC (Allocation Failure) [PSYoungGen: 67008K->17792K(107008K)] 280159K->230943K(766976K), 0.0031900 secs] [Times: user=0.02 sys=0.00, real=0.01 secs] 
1067.588: [GC (Allocation Failure) [PSYoungGen: 63232K->17808K(79360K)] 276383K->230959K(739328K), 0.0031346 secs] [Times: user=0.02 sys=0.00, real=0.00 secs] 
1067.978: [GC (Allocation Failure) [PSYoungGen: 79248K->34160K(103424K)] 292399K->247311K(763392K), 0.0041487 secs] [Times: user=0.02 sys=0.00, real=0.00 secs] 
1068.467: [GC (Allocation Failure) [PSYoungGen: 92016K->34144K(107008K)] 305167K->247295K(766976K), 0.0039056 secs] [Times: user=0.02 sys=0.00, real=0.00 secs] 
1068.961: [GC (Allocation Failure) [PSYoungGen: 92000K->1344K(108544K)] 305151K->214495K(768512K), 0.0020868 secs] [Times: user=0.01 sys=0.00, real=0.00 secs] 
1070.174: [GC (Allocation Failure) [PSYoungGen: 58688K->9600K(67072K)] 271839K->222751K(727040K), 0.0020019 secs] [Times: user=0.01 sys=0.00, real=0.01 secs] 
1070.666: [GC (Allocation Failure) [PSYoungGen: 66944K->17792K(101376K)] 280095K->230943K(761344K), 0.0061947 secs] [Times: user=0.02 sys=0.00, real=0.00 secs] 
1071.250: [GC (Allocation Failure) [PSYoungGen: 75136K->34208K(104448K)] 288287K->247359K(764416K), 0.0071312 secs] [Times: user=0.03 sys=0.00, real=0.01 secs] 
1071.977: [GC (Allocation Failure) [PSYoungGen: 91552K->34208K(105472K)] 304703K->247359K(765440K), 0.0066769 secs] [Times: user=0.03 sys=0.00, real=0.00 secs] 
1072.655: [GC (Allocation Failure) [PSYoungGen: 89504K->1376K(107520K)] 302655K->214527K(767488K), 0.0035479 secs] [Times: user=0.01 sys=0.00, real=0.00 secs] 
1074.058: [GC (Allocation Failure) [PSYoungGen: 56672K->3504K(105984K)] 269823K->216655K(765952K), 0.0017883 secs] [Times: user=0.00 sys=0.00, real=0.00 secs] 
1074.705: [GC (Allocation Failure) [PSYoungGen: 53754K->9616K(65024K)] 266905K->222767K(724992K), 0.0030587 secs] [Times: user=0.01 sys=0.00, real=0.00 secs] 
1075.020: [GC (Allocation Failure) [PSYoungGen: 64912K->17792K(99840K)] 278063K->230943K(759808K), 0.0031768 secs] [Times: user=0.02 sys=0.00, real=0.00 secs] 
1075.211: [GC (Allocation Failure) [PSYoungGen: 73088K->34176K(102400K)] 286239K->247327K(762368K), 0.0039005 secs] [Times: user=0.02 sys=0.00, real=0.01 secs] 
1075.587: [GC (Allocation Failure) [PSYoungGen: 89472K->34208K(108544K)] 302623K->247375K(768512K), 0.0037490 secs] [Times: user=0.01 sys=0.00, real=0.00 secs] 
1076.057: [GC (Allocation Failure) [PSYoungGen: 92576K->1376K(59904K)] 305743K->214543K(719872K), 0.0019161 secs] [Times: user=0.01 sys=0.00, real=0.00 secs] 
1077.626: [GC (Allocation Failure) [PSYoungGen: 59744K->5504K(109056K)] 272911K->218671K(769024K), 0.0039326 secs] [Times: user=0.01 sys=0.01, real=0.00 secs] 
1078.068: [GC (Allocation Failure) [PSYoungGen: 63872K->17824K(76288K)] 277039K->230991K(736256K), 0.0031840 secs] [Times: user=0.02 sys=0.00, real=0.00 secs] 
1078.419: [GC (Allocation Failure) [PSYoungGen: 76192K->34144K(103936K)] 289359K->247311K(763904K), 0.0038573 secs] [Times: user=0.02 sys=0.00, real=0.00 secs] 
1079.019: [GC (Allocation Failure) [PSYoungGen: 89440K->34176K(107008K)] 302607K->247343K(766976K), 0.0042993 secs] [Times: user=0.02 sys=0.00, real=0.00 secs] 
1079.466: [GC (Allocation Failure) [PSYoungGen: 89472K->1376K(109568K)] 302639K->214543K(769536K), 0.0022500 secs] [Times: user=0.01 sys=0.01, real=0.00 secs] 
1080.585: [GC (Allocation Failure) [PSYoungGen: 56672K->1312K(56832K)] 269839K->214479K(716800K), 0.0014845 secs] [Times: user=0.00 sys=0.01, real=0.00 secs] 
1081.192: [GC (Allocation Failure) [PSYoungGen: 56608K->9600K(104448K)] 269775K->222775K(764416K), 0.0021631 secs] [Times: user=0.01 sys=0.00, real=0.00 secs] 
1081.388: [GC (Allocation Failure) [PSYoungGen: 64896K->17792K(73216K)] 278071K->230967K(733184K), 0.0024682 secs] [Times: user=0.01 sys=0.00, real=0.00 secs] 
1081.691: [GC (Allocation Failure) [PSYoungGen: 73088K->34176K(99840K)] 286263K->247351K(759808K), 0.0051491 secs] [Times: user=0.02 sys=0.00, real=0.01 secs] 
1082.279: [GC (Allocation Failure) [PSYoungGen: 85888K->34176K(103424K)] 299063K->247359K(763392K), 0.0047576 secs] [Times: user=0.02 sys=0.00, real=0.00 secs] 
1082.962: [GC (Allocation Failure) [PSYoungGen: 85888K->1344K(104960K)] 299071K->214527K(764928K), 0.0028506 secs] [Times: user=0.01 sys=0.00, real=0.00 secs] 
1084.261: [GC (Allocation Failure) [PSYoungGen: 53056K->1952K(53760K)] 266239K->215135K(713728K), 0.0017404 secs] [Times: user=0.01 sys=0.00, real=0.00 secs] 
1084.451: [GC (Allocation Failure) [PSYoungGen: 53664K->9584K(99840K)] 266847K->222767K(759808K), 0.0019925 secs] [Times: user=0.00 sys=0.00, real=0.00 secs] 
1084.632: [GC (Allocation Failure) [PSYoungGen: 61296K->17792K(69632K)] 274479K->230975K(729600K), 0.0024038 secs] [Times: user=0.01 sys=0.00, real=0.00 secs] 
1084.779: [GC (Allocation Failure) [PSYoungGen: 69504K->34192K(96256K)] 282687K->247375K(756224K), 0.0029061 secs] [Times: user=0.01 sys=0.00, real=0.00 secs] 
1084.980: [GC (Allocation Failure) [PSYoungGen: 82320K->34208K(99840K)] 295503K->247407K(759808K), 0.0031511 secs] [Times: user=0.01 sys=0.00, real=0.00 secs] 
1085.180: [GC (Allocation Failure) [PSYoungGen: 82336K->1376K(107008K)] 295535K->214575K(766976K), 0.0016282 secs] [Times: user=0.01 sys=0.00, real=0.00 secs] 
1085.851: [GC (Allocation Failure) [PSYoungGen: 55136K->1357K(55296K)] 268335K->214564K(715264K), 0.0013777 secs] [Times: user=0.01 sys=0.00, real=0.00 secs] 
1086.274: [GC (Allocation Failure) [PSYoungGen: 55117K->9632K(101376K)] 268324K->222839K(761344K), 0.0020554 secs] [Times: user=0.01 sys=0.00, real=0.01 secs] 
1086.466: [GC (Allocation Failure) [PSYoungGen: 63392K->17792K(71680K)] 276599K->230999K(731648K), 0.0021741 secs] [Times: user=0.01 sys=0.01, real=0.00 secs] 
1086.622: [GC (Allocation Failure) [PSYoungGen: 71552K->34144K(97280K)] 284759K->247351K(757248K), 0.0033833 secs] [Times: user=0.02 sys=0.01, real=0.01 secs] 
1086.830: [GC (Allocation Failure) [PSYoungGen: 83808K->34208K(101376K)] 297015K->247423K(761344K), 0.0031121 secs] [Times: user=0.01 sys=0.00, real=0.00 secs] 
1087.037: [GC (Allocation Failure) [PSYoungGen: 83872K->1344K(108032K)] 297087K->214559K(768000K), 0.0017207 secs] [Times: user=0.01 sys=0.00, real=0.00 secs] 
1087.910: [GC (Allocation Failure) [PSYoungGen: 56640K->1408K(56832K)] 269855K->214623K(716800K), 0.0015030 secs] [Times: user=0.01 sys=0.00, real=0.00 secs] 
1088.800: [GC (Allocation Failure) [PSYoungGen: 56704K->9600K(102912K)] 269919K->222815K(762880K), 0.0040536 secs] [Times: user=0.02 sys=0.00, real=0.00 secs] 
1089.430: [GC (Allocation Failure) [PSYoungGen: 64896K->17824K(73216K)] 278111K->231039K(733184K), 0.0051988 secs] [Times: user=0.03 sys=0.00, real=0.01 secs] 
1089.862: [GC (Allocation Failure) [PSYoungGen: 73120K->34144K(98816K)] 286335K->247359K(758784K), 0.0060173 secs] [Times: user=0.03 sys=0.00, real=0.01 secs] 
1090.488: [GC (Allocation Failure) [PSYoungGen: 85344K->34208K(102912K)] 298559K->247423K(762880K), 0.0061704 secs] [Times: user=0.03 sys=0.00, real=0.00 secs] 
1091.096: [GC (Allocation Failure) [PSYoungGen: 85408K->1344K(104448K)] 298623K->214559K(764416K), 0.0029805 secs] [Times: user=0.01 sys=0.00, real=0.00 secs] 
1092.712: [GC (Allocation Failure) [PSYoungGen: 52544K->1968K(53248K)] 265759K->215183K(713216K), 0.0019856 secs] [Times: user=0.01 sys=0.00, real=0.00 secs] 
1093.904: [GC (Allocation Failure) [PSYoungGen: 53168K->9632K(98816K)] 266383K->222847K(758784K), 0.0022325 secs] [Times: user=0.00 sys=0.00, real=0.01 secs] 
1094.377: [GC (Allocation Failure) [PSYoungGen: 60832K->17760K(69120K)] 274047K->230975K(729088K), 0.0027850 secs] [Times: user=0.02 sys=0.00, real=0.00 secs] 
1095.030: [GC (Allocation Failure) [PSYoungGen: 68960K->34176K(95232K)] 282175K->247391K(755200K), 0.0049656 secs] [Times: user=0.03 sys=0.00, real=0.01 secs] 
1095.621: [GC (Allocation Failure) [PSYoungGen: 81792K->34176K(98816K)] 295007K->247415K(758784K), 0.0038179 secs] [Times: user=0.01 sys=0.00, real=0.01 secs] 
1096.101: [GC (Allocation Failure) [PSYoungGen: 81792K->1408K(100864K)] 295031K->214647K(760832K), 0.0020290 secs] [Times: user=0.00 sys=0.00, real=0.00 secs] 
1097.181: [GC (Allocation Failure) [PSYoungGen: 49024K->1392K(49152K)] 262263K->214631K(709120K), 0.0025708 secs] [Times: user=0.01 sys=0.00, real=0.00 secs] 
1098.912: [GC (Allocation Failure) [PSYoungGen: 45178K->5568K(96256K)] 258417K->218807K(756224K), 0.0024431 secs] [Times: user=0.00 sys=0.00, real=0.00 secs] 
1099.244: [GC (Allocation Failure) [PSYoungGen: 53184K->17760K(65536K)] 266423K->231007K(725504K), 0.0030186 secs] [Times: user=0.01 sys=0.00, real=0.01 secs] 
1099.436: [GC (Allocation Failure) [PSYoungGen: 64173K->17792K(91136K)] 277420K->231039K(751104K), 0.0028868 secs] [Times: user=0.01 sys=0.00, real=0.00 secs] 
1099.568: [GC (Allocation Failure) [PSYoungGen: 65408K->34176K(93696K)] 278655K->247423K(753664K), 0.0033498 secs] [Times: user=0.02 sys=0.00, real=0.00 secs] 
1099.768: [GC (Allocation Failure) [PSYoungGen: 81792K->34208K(100352K)] 295039K->247463K(760320K), 0.0036015 secs] [Times: user=0.01 sys=0.00, real=0.00 secs] 
1100.071: [GC (Allocation Failure) [PSYoungGen: 84384K->1376K(103424K)] 297639K->214631K(763392K), 0.0019751 secs] [Times: user=0.01 sys=0.00, real=0.00 secs] 
1101.145: [GC (Allocation Failure) [PSYoungGen: 51552K->1920K(95232K)] 264807K->215175K(755200K), 0.0018513 secs] [Times: user=0.01 sys=0.01, real=0.00 secs] 
1101.598: [GC (Allocation Failure) [PSYoungGen: 52096K->9600K(59904K)] 265351K->222855K(719872K), 0.0027504 secs] [Times: user=0.01 sys=0.00, real=0.00 secs] 
1101.792: [GC (Allocation Failure) [PSYoungGen: 59776K->17760K(94208K)] 273031K->231015K(754176K), 0.0025903 secs] [Times: user=0.01 sys=0.00, real=0.01 secs] 
1101.934: [GC (Allocation Failure) [PSYoungGen: 67936K->34176K(96768K)] 281191K->247431K(756736K), 0.0035357 secs] [Times: user=0.01 sys=0.00, real=0.01 secs] 
1102.144: [GC (Allocation Failure) [PSYoungGen: 84352K->34208K(103936K)] 297607K->247463K(763904K), 0.0037523 secs] [Times: user=0.02 sys=0.00, real=0.01 secs] 
1102.585: [GC (Allocation Failure) [PSYoungGen: 87456K->1376K(107008K)] 300711K->214639K(766976K), 0.0018448 secs] [Times: user=0.01 sys=0.00, real=0.00 secs] 
1103.743: [GC (Allocation Failure) [PSYoungGen: 54624K->1472K(98304K)] 267887K->214735K(758272K), 0.0014969 secs] [Times: user=0.01 sys=0.00, real=0.00 secs] 
1104.371: [GC (Allocation Failure) [PSYoungGen: 54720K->9632K(62976K)] 267983K->222895K(722944K), 0.0038476 secs] [Times: user=0.02 sys=0.00, real=0.01 secs] 
1104.854: [GC (Allocation Failure) [PSYoungGen: 62880K->17760K(97792K)] 276143K->231023K(757760K), 0.0027804 secs] [Times: user=0.02 sys=0.00, real=0.01 secs] 
1105.285: [GC (Allocation Failure) [PSYoungGen: 71008K->34208K(100352K)] 284271K->247471K(760320K), 0.0041661 secs] [Times: user=0.02 sys=0.00, real=0.00 secs] 
1105.964: [GC (Allocation Failure) [PSYoungGen: 87456K->34144K(101888K)] 300719K->247407K(761856K), 0.0057090 secs] [Times: user=0.03 sys=0.00, real=0.01 secs] 
1106.566: [GC (Allocation Failure) [PSYoungGen: 84832K->1408K(52224K)] 298095K->214671K(712192K), 0.0038510 secs] [Times: user=0.02 sys=0.00, real=0.00 secs] 
1107.933: [GC (Allocation Failure) [PSYoungGen: 51121K->288K(102912K)] 264384K->213551K(762880K), 0.0014843 secs] [Times: user=0.01 sys=0.00, real=0.01 secs] 
1109.216: [GC (Allocation Failure) [PSYoungGen: 50976K->9600K(60416K)] 264239K->222863K(720384K), 0.0026007 secs] [Times: user=0.01 sys=0.00, real=0.00 secs] 
1110.171: [GC (Allocation Failure) [PSYoungGen: 60288K->17824K(95744K)] 273551K->231087K(755712K), 0.0039202 secs] [Times: user=0.01 sys=0.01, real=0.01 secs] 
1110.564: [GC (Allocation Failure) [PSYoungGen: 68512K->34176K(98304K)] 281775K->247439K(758272K), 0.0056199 secs] [Times: user=0.02 sys=0.01, real=0.01 secs] 
1110.939: [GC (Allocation Failure) [PSYoungGen: 84864K->34176K(98816K)] 298127K->247439K(758784K), 0.0046841 secs] [Times: user=0.02 sys=0.00, real=0.00 secs] 
1111.297: [GC (Allocation Failure) [PSYoungGen: 81792K->34176K(101888K)] 295055K->247439K(761856K), 0.0042198 secs] [Times: user=0.02 sys=0.00, real=0.00 secs] 
1111.688: [GC (Allocation Failure) [PSYoungGen: 81792K->1376K(103936K)] 295055K->214639K(763904K), 0.0020500 secs] [Times: user=0.01 sys=0.00, real=0.00 secs] 
1112.656: [GC (Allocation Failure) [PSYoungGen: 48992K->5536K(53248K)] 262255K->218799K(713216K), 0.0019595 secs] [Times: user=0.01 sys=0.00, real=0.00 secs] 
1112.803: [GC (Allocation Failure) [PSYoungGen: 53152K->17760K(95232K)] 266415K->231023K(755200K), 0.0023570 secs] [Times: user=0.01 sys=0.00, real=0.01 secs] 
1113.102: [GC (Allocation Failure) [PSYoungGen: 65350K->17792K(65536K)] 278613K->231055K(725504K), 0.0020863 secs] [Times: user=0.01 sys=0.00, real=0.00 secs] 
1113.362: [GC (Allocation Failure) [PSYoungGen: 65408K->34144K(92672K)] 278671K->247407K(752640K), 0.0037815 secs] [Times: user=0.02 sys=0.00, real=0.01 secs] 
1113.822: [GC (Allocation Failure) [PSYoungGen: 78688K->34208K(95744K)] 291951K->247471K(755712K), 0.0046253 secs] [Times: user=0.02 sys=0.01, real=0.01 secs] 
1114.202: [GC (Allocation Failure) [PSYoungGen: 78752K->1376K(93696K)] 292015K->214639K(753664K), 0.0018046 secs] [Times: user=0.01 sys=0.00, real=0.00 secs] 
1114.584: [GC (Allocation Failure) [PSYoungGen: 45920K->1376K(46080K)] 259183K->214639K(706048K), 0.0022604 secs] [Times: user=0.01 sys=0.00, real=0.01 secs] 
1115.500: [GC (Allocation Failure) [PSYoungGen: 45920K->9664K(92672K)] 259183K->222943K(752640K), 0.0019109 secs] [Times: user=0.01 sys=0.00, real=0.00 secs] 
1115.806: [GC (Allocation Failure) [PSYoungGen: 54208K->17760K(62464K)] 267487K->231039K(722432K), 0.0022775 secs] [Times: user=0.01 sys=0.00, real=0.00 secs] 
1116.234: [GC (Allocation Failure) [PSYoungGen: 62299K->17760K(87040K)] 275578K->231047K(747008K), 0.0026855 secs] [Times: user=0.00 sys=0.00, real=0.01 secs] 
1116.463: [GC (Allocation Failure) [PSYoungGen: 62304K->34208K(89600K)] 275591K->247495K(749568K), 0.0053750 secs] [Times: user=0.03 sys=0.00, real=0.01 secs] 
1117.019: [GC (Allocation Failure) [PSYoungGen: 78752K->34176K(96256K)] 292039K->247463K(756224K), 0.0078684 secs] [Times: user=0.04 sys=0.00, real=0.01 secs] 
1117.432: [GC (Allocation Failure) [PSYoungGen: 81280K->1408K(98816K)] 294567K->214695K(758784K), 0.0019756 secs] [Times: user=0.01 sys=0.00, real=0.00 secs] 
1117.823: [GC (Allocation Failure) [PSYoungGen: 48512K->1408K(92672K)] 261799K->214695K(752640K), 0.0019291 secs] [Times: user=0.01 sys=0.00, real=0.01 secs] 
1118.929: [GC (Allocation Failure) [PSYoungGen: 48512K->9664K(56832K)] 261799K->222951K(716800K), 0.0021759 secs] [Times: user=0.01 sys=0.00, real=0.00 secs] 
1119.217: [GC (Allocation Failure) [PSYoungGen: 56768K->17856K(91136K)] 270055K->231143K(751104K), 0.0029400 secs] [Times: user=0.02 sys=0.00, real=0.00 secs] 
1119.436: [GC (Allocation Failure) [PSYoungGen: 54564K->17792K(65024K)] 267851K->231079K(724992K), 0.0032025 secs] [Times: user=0.01 sys=0.00, real=0.00 secs] 
1119.671: [GC (Allocation Failure) [PSYoungGen: 64896K->34208K(87040K)] 278183K->247495K(747008K), 0.0054126 secs] [Times: user=0.03 sys=0.00, real=0.01 secs] 
1120.042: [GC (Allocation Failure) [PSYoungGen: 77216K->34176K(91136K)] 290503K->247463K(751104K), 0.0049141 secs] [Times: user=0.02 sys=0.00, real=0.01 secs] 
1120.389: [GC (Allocation Failure) [PSYoungGen: 77184K->1344K(98304K)] 290471K->214631K(758272K), 0.0022519 secs] [Times: user=0.01 sys=0.00, real=0.00 secs] 
1120.790: [GC (Allocation Failure) [PSYoungGen: 48960K->1376K(98816K)] 262247K->214671K(758784K), 0.0021821 secs] [Times: user=0.01 sys=0.00, real=0.00 secs] 
1122.359: [GC (Allocation Failure) [PSYoungGen: 48992K->9632K(88064K)] 262287K->222951K(748032K), 0.0023279 secs] [Times: user=0.01 sys=0.00, real=0.00 secs] 
1123.056: [GC (Allocation Failure) [PSYoungGen: 57248K->17792K(65536K)] 270567K->231111K(725504K), 0.0060876 secs] [Times: user=0.03 sys=0.00, real=0.00 secs] 
1123.693: [GC (Allocation Failure) [PSYoungGen: 56796K->17808K(89088K)] 270115K->231127K(749056K), 0.0055956 secs] [Times: user=0.03 sys=0.00, real=0.01 secs] 
1124.279: [GC (Allocation Failure) [PSYoungGen: 65424K->34176K(91136K)] 278743K->247495K(751104K), 0.0079204 secs] [Times: user=0.03 sys=0.00, real=0.01 secs] 
1124.855: [GC (Allocation Failure) [PSYoungGen: 81792K->34176K(92160K)] 295111K->247495K(752128K), 0.0071451 secs] [Times: user=0.03 sys=0.00, real=0.00 secs] 
1125.180: [GC (Allocation Failure) [PSYoungGen: 78720K->1376K(95232K)] 292039K->214695K(755200K), 0.0021668 secs] [Times: user=0.01 sys=0.01, real=0.00 secs] 
1125.459: [GC (Allocation Failure) [PSYoungGen: 45920K->1408K(94208K)] 259239K->214727K(754176K), 0.0018650 secs] [Times: user=0.01 sys=0.00, real=0.00 secs] 
1126.746: [GC (Allocation Failure) [PSYoungGen: 45952K->9632K(54272K)] 259271K->222951K(714240K), 0.0034015 secs] [Times: user=0.01 sys=0.00, real=0.00 secs] 
1127.177: [GC (Allocation Failure) [PSYoungGen: 54176K->17792K(88064K)] 267495K->231111K(748032K), 0.0040248 secs] [Times: user=0.02 sys=0.00, real=0.00 secs] 
1127.694: [GC (Allocation Failure) [PSYoungGen: 58725K->17808K(62464K)] 272044K->231127K(722432K), 0.0039609 secs] [Times: user=0.01 sys=0.00, real=0.01 secs] 
1128.037: [GC (Allocation Failure) [PSYoungGen: 62352K->34176K(83968K)] 275671K->247495K(743936K), 0.0057883 secs] [Times: user=0.03 sys=0.00, real=0.00 secs] 
1128.553: [GC (Allocation Failure) [PSYoungGen: 74624K->34176K(88064K)] 287943K->247495K(748032K), 0.0061192 secs] [Times: user=0.03 sys=0.00, real=0.01 secs] 
1128.935: [GC (Allocation Failure) [PSYoungGen: 74624K->1344K(94720K)] 287943K->214663K(754688K), 0.0030052 secs] [Times: user=0.01 sys=0.01, real=0.00 secs] 
1129.431: [GC (Allocation Failure) [PSYoungGen: 45888K->1376K(46080K)] 259207K->214695K(706048K), 0.0027945 secs] [Times: user=0.02 sys=0.00, real=0.00 secs] 
1130.420: [GC (Allocation Failure) [PSYoungGen: 45920K->5568K(90624K)] 259239K->218887K(750592K), 0.0018070 secs] [Times: user=0.01 sys=0.00, real=0.00 secs] 
1130.567: [GC (Allocation Failure) [PSYoungGen: 42579K->9632K(54272K)] 255898K->222951K(714240K), 0.0018287 secs] [Times: user=0.00 sys=0.00, real=0.00 secs] 
1130.726: [GC (Allocation Failure) [PSYoungGen: 54176K->17792K(92672K)] 267495K->231111K(752640K), 0.0023854 secs] [Times: user=0.01 sys=0.00, real=0.00 secs] 
1130.852: [GC (Allocation Failure) [PSYoungGen: 64384K->34208K(90624K)] 277703K->247527K(750592K), 0.0031465 secs] [Times: user=0.02 sys=0.00, real=0.01 secs] 
1131.079: [GC (Allocation Failure) [PSYoungGen: 80800K->34176K(97792K)] 294119K->247495K(757760K), 0.0036989 secs] [Times: user=0.02 sys=0.00, real=0.00 secs] 
1131.351: [GC (Allocation Failure) [PSYoungGen: 83328K->34144K(100864K)] 296647K->247463K(760832K), 0.0030997 secs] [Times: user=0.01 sys=0.00, real=0.00 secs] 
1131.557: [GC (Allocation Failure) [PSYoungGen: 83296K->1344K(108544K)] 296615K->214671K(768512K), 0.0017342 secs] [Times: user=0.01 sys=0.00, real=0.00 secs] 
1132.675: [GC (Allocation Failure) [PSYoungGen: 56128K->9600K(64512K)] 269455K->222927K(724480K), 0.0019202 secs] [Times: user=0.01 sys=0.00, real=0.00 secs] 
1133.078: [GC (Allocation Failure) [PSYoungGen: 64384K->17728K(100352K)] 277711K->231055K(760320K), 0.0022112 secs] [Times: user=0.01 sys=0.00, real=0.00 secs] 
1133.499: [GC (Allocation Failure) [PSYoungGen: 72512K->34208K(103424K)] 285839K->247535K(763392K), 0.0032080 secs] [Times: user=0.01 sys=0.00, real=0.00 secs] 
1133.930: [GC (Allocation Failure) [PSYoungGen: 88992K->34208K(103936K)] 302319K->247535K(763904K), 0.0041090 secs] [Times: user=0.02 sys=0.00, real=0.00 secs] 
1134.359: [GC (Allocation Failure) [PSYoungGen: 86432K->1344K(106496K)] 299759K->214671K(766464K), 0.0018069 secs] [Times: user=0.01 sys=0.00, real=0.00 secs] 
1134.861: [GC (Allocation Failure) [PSYoungGen: 53568K->1408K(104448K)] 266895K->214735K(764416K), 0.0022556 secs] [Times: user=0.01 sys=0.00, real=0.00 secs] 
1136.027: [GC (Allocation Failure) [PSYoungGen: 53632K->9632K(61952K)] 266959K->222959K(721920K), 0.0021887 secs] [Times: user=0.01 sys=0.00, real=0.00 secs] 
1136.409: [GC (Allocation Failure) [PSYoungGen: 61856K->17808K(97280K)] 275183K->231135K(757248K), 0.0025820 secs] [Times: user=0.01 sys=0.00, real=0.00 secs] 
1136.766: [GC (Allocation Failure) [PSYoungGen: 70032K->34208K(100352K)] 283359K->247535K(760320K), 0.0048825 secs] [Times: user=0.02 sys=0.00, real=0.00 secs] 
1137.209: [GC (Allocation Failure) [PSYoungGen: 86432K->34176K(101376K)] 299759K->247503K(761344K), 0.0043983 secs] [Times: user=0.02 sys=0.00, real=0.00 secs] 
1137.672: [GC (Allocation Failure) [PSYoungGen: 83840K->1408K(51200K)] 297167K->214735K(711168K), 0.0022958 secs] [Times: user=0.01 sys=0.00, real=0.00 secs] 
1137.897: [GC (Allocation Failure) [PSYoungGen: 51072K->1376K(102400K)] 264399K->214703K(762368K), 0.0017421 secs] [Times: user=0.01 sys=0.00, real=0.00 secs] 
1139.858: [GC (Allocation Failure) [PSYoungGen: 51040K->9648K(59392K)] 264367K->222975K(719360K), 0.0029226 secs] [Times: user=0.01 sys=0.00, real=0.00 secs] 
1140.447: [GC (Allocation Failure) [PSYoungGen: 59312K->17792K(95232K)] 272639K->231119K(755200K), 0.0031955 secs] [Times: user=0.01 sys=0.00, real=0.00 secs] 
1140.982: [GC (Allocation Failure) [PSYoungGen: 55529K->17792K(67584K)] 268856K->231119K(727552K), 0.0028213 secs] [Times: user=0.01 sys=0.00, real=0.01 secs] 
1141.393: [GC (Allocation Failure) [PSYoungGen: 67456K->34144K(91648K)] 280783K->247471K(751616K), 0.0037402 secs] [Times: user=0.02 sys=0.00, real=0.01 secs] 
1142.043: [GC (Allocation Failure) [PSYoungGen: 80224K->34160K(95232K)] 293551K->247487K(755200K), 0.0046795 secs] [Times: user=0.02 sys=0.00, real=0.01 secs] 
1142.676: [GC (Allocation Failure) [PSYoungGen: 80240K->1344K(98304K)] 293567K->214671K(758272K), 0.0034201 secs] [Times: user=0.01 sys=0.00, real=0.00 secs] 
1143.867: [GC (Allocation Failure) [PSYoungGen: 47424K->96K(46592K)] 260751K->213423K(706560K), 0.0013447 secs] [Times: user=0.01 sys=0.00, real=0.00 secs] 
1144.069: [GC (Allocation Failure) [PSYoungGen: 46176K->9568K(92672K)] 259503K->222895K(752640K), 0.0020740 secs] [Times: user=0.00 sys=0.00, real=0.00 secs] 
1144.227: [GC (Allocation Failure) [PSYoungGen: 55648K->17792K(64000K)] 268975K->231119K(723968K), 0.0026760 secs] [Times: user=0.01 sys=0.00, real=0.00 secs] 
1144.370: [GC (Allocation Failure) [PSYoungGen: 52685K->17760K(94720K)] 266012K->231087K(754688K), 0.0021831 secs] [Times: user=0.01 sys=0.00, real=0.00 secs] 
1144.527: [GC (Allocation Failure) [PSYoungGen: 65888K->34176K(92672K)] 279215K->247519K(752640K), 0.0032801 secs] [Times: user=0.01 sys=0.00, real=0.00 secs] 
1144.729: [GC (Allocation Failure) [PSYoungGen: 82304K->34176K(99328K)] 295647K->247519K(759296K), 0.0031634 secs] [Times: user=0.01 sys=0.00, real=0.00 secs] 
1144.940: [GC (Allocation Failure) [PSYoungGen: 84864K->1344K(102400K)] 298207K->214687K(762368K), 0.0018274 secs] [Times: user=0.01 sys=0.00, real=0.00 secs] 
1145.970: [GC (Allocation Failure) [PSYoungGen: 51956K->2464K(94720K)] 265299K->215815K(754688K), 0.0017664 secs] [Times: user=0.01 sys=0.00, real=0.00 secs] 
1146.376: [GC (Allocation Failure) [PSYoungGen: 53152K->9600K(60416K)] 266503K->222951K(720384K), 0.0026840 secs] [Times: user=0.01 sys=0.00, real=0.00 secs] 
1146.709: [GC (Allocation Failure) [PSYoungGen: 60288K->17792K(100864K)] 273639K->231143K(760832K), 0.0057983 secs] [Times: user=0.02 sys=0.01, real=0.01 secs] 
1146.985: [GC (Allocation Failure) [PSYoungGen: 70528K->34176K(98816K)] 283879K->247527K(758784K), 0.0071610 secs] [Times: user=0.04 sys=0.00, real=0.00 secs] 
1147.380: [GC (Allocation Failure) [PSYoungGen: 86912K->34192K(105984K)] 300263K->247543K(765952K), 0.0058628 secs] [Times: user=0.03 sys=0.00, real=0.01 secs] 
1147.796: [GC (Allocation Failure) [PSYoungGen: 90512K->1408K(109056K)] 303863K->214767K(769024K), 0.0028476 secs] [Times: user=0.01 sys=0.01, real=0.00 secs] 
1149.121: [GC (Allocation Failure) [PSYoungGen: 57728K->3488K(111104K)] 271087K->216847K(771072K), 0.0029184 secs] [Times: user=0.01 sys=0.00, real=0.00 secs] 
1151.064: [GC (Allocation Failure) [PSYoungGen: 65440K->17792K(79872K)] 278799K->231151K(739840K), 0.0050452 secs] [Times: user=0.03 sys=0.01, real=0.01 secs] 
1152.285: [GC (Allocation Failure) [PSYoungGen: 67317K->17808K(105472K)] 280676K->231167K(765440K), 0.0028338 secs] [Times: user=0.01 sys=0.01, real=0.00 secs] 
1152.502: [GC (Allocation Failure) [PSYoungGen: 79760K->34208K(108032K)] 293119K->247567K(768000K), 0.0038075 secs] [Times: user=0.01 sys=0.00, real=0.01 secs] 
1152.767: [GC (Allocation Failure) [PSYoungGen: 96160K->34192K(109056K)] 309519K->247551K(769024K), 0.0039845 secs] [Times: user=0.02 sys=0.00, real=0.00 secs] 
1153.015: [GC (Allocation Failure) [PSYoungGen: 93584K->1376K(111616K)] 306943K->214735K(771584K), 0.0017725 secs] [Times: user=0.01 sys=0.00, real=0.00 secs] 
1154.591: [GC (Allocation Failure) [PSYoungGen: 60768K->9664K(101376K)] 274127K->223023K(761344K), 0.0037608 secs] [Times: user=0.02 sys=0.00, real=0.01 secs] 
1155.117: [GC (Allocation Failure) [PSYoungGen: 69056K->17792K(77312K)] 282415K->231151K(737280K), 0.0038513 secs] [Times: user=0.02 sys=0.00, real=0.00 secs] 
1155.719: [GC (Allocation Failure) [PSYoungGen: 77184K->34176K(102912K)] 290543K->247535K(762880K), 0.0065451 secs] [Times: user=0.03 sys=0.00, real=0.01 secs] 
1156.482: [GC (Allocation Failure) [PSYoungGen: 89984K->34176K(106496K)] 303343K->247535K(766464K), 0.0072917 secs] [Times: user=0.03 sys=0.00, real=0.01 secs] 
1157.067: [GC (Allocation Failure) [PSYoungGen: 89984K->1392K(109056K)] 303343K->214759K(769024K), 0.0029897 secs] [Times: user=0.01 sys=0.00, real=0.00 secs] 
1158.328: [GC (Allocation Failure) [PSYoungGen: 57200K->5536K(61440K)] 270567K->218903K(721408K), 0.0019825 secs] [Times: user=0.01 sys=0.00, real=0.00 secs] 
1158.580: [GC (Allocation Failure) [PSYoungGen: 61344K->17824K(101376K)] 274711K->231191K(761344K), 0.0027389 secs] [Times: user=0.01 sys=0.01, real=0.00 secs] 
1158.761: [GC (Allocation Failure) [PSYoungGen: 61329K->17792K(73728K)] 274696K->231159K(733696K), 0.0024444 secs] [Times: user=0.01 sys=0.00, real=0.00 secs] 
1158.927: [GC (Allocation Failure) [PSYoungGen: 73600K->34176K(97792K)] 286967K->247543K(757760K), 0.0032583 secs] [Times: user=0.02 sys=0.00, real=0.00 secs] 
1159.256: [GC (Allocation Failure) [PSYoungGen: 86400K->34176K(101376K)] 299767K->247567K(761344K), 0.0047699 secs] [Times: user=0.02 sys=0.00, real=0.00 secs] 
1159.649: [GC (Allocation Failure) [PSYoungGen: 86400K->1376K(109056K)] 299791K->214767K(769024K), 0.0019853 secs] [Times: user=0.01 sys=0.00, real=0.00 secs] 
1160.899: [GC (Allocation Failure) [PSYoungGen: 59232K->5568K(63488K)] 272623K->218959K(723456K), 0.0019422 secs] [Times: user=0.01 sys=0.00, real=0.00 secs] 
1161.323: [GC (Allocation Failure) [PSYoungGen: 63424K->17792K(102400K)] 276815K->231183K(762368K), 0.0031728 secs] [Times: user=0.01 sys=0.00, real=0.01 secs] 
1161.821: [GC (Allocation Failure) [PSYoungGen: 75648K->34176K(105472K)] 289039K->247567K(765440K), 0.0047585 secs] [Times: user=0.02 sys=0.00, real=0.01 secs] 
1162.278: [GC (Allocation Failure) [PSYoungGen: 92032K->34208K(105984K)] 305423K->247599K(765952K), 0.0047762 secs] [Times: user=0.03 sys=0.00, real=0.00 secs] 
1163.079: [GC (Allocation Failure) [PSYoungGen: 89504K->1360K(108544K)] 302895K->214751K(768512K), 0.0036549 secs] [Times: user=0.02 sys=0.00, real=0.00 secs] 
1164.706: [GC (Allocation Failure) [PSYoungGen: 56598K->192K(108544K)] 269989K->213583K(768512K), 0.0013462 secs] [Times: user=0.00 sys=0.00, real=0.00 secs] 
1165.706: [GC (Allocation Failure) [PSYoungGen: 55488K->9600K(65024K)] 268879K->222991K(724992K), 0.0018841 secs] [Times: user=0.01 sys=0.00, real=0.00 secs] 
1166.210: [GC (Allocation Failure) [PSYoungGen: 64896K->17824K(100864K)] 278287K->231223K(760832K), 0.0053632 secs] [Times: user=0.03 sys=0.00, real=0.01 secs] 
1166.560: [GC (Allocation Failure) [PSYoungGen: 73120K->34176K(103424K)] 286519K->247575K(763392K), 0.0056646 secs] [Times: user=0.03 sys=0.00, real=0.01 secs] 
1166.847: [GC (Allocation Failure) [PSYoungGen: 89472K->34208K(103424K)] 302871K->247607K(763392K), 0.0036147 secs] [Times: user=0.02 sys=0.00, real=0.00 secs] 
1167.110: [GC (Allocation Failure) [PSYoungGen: 86432K->1440K(53760K)] 299831K->214839K(713728K), 0.0019105 secs] [Times: user=0.00 sys=0.01, real=0.00 secs] 
1168.406: [GC (Allocation Failure) [PSYoungGen: 53664K->3488K(103936K)] 267063K->216887K(763904K), 0.0038289 secs] [Times: user=0.01 sys=0.00, real=0.00 secs] 
1169.084: [GC (Allocation Failure) [PSYoungGen: 55712K->9600K(61952K)] 269111K->222999K(721920K), 0.0033386 secs] [Times: user=0.01 sys=0.00, real=0.01 secs] 
1169.321: [GC (Allocation Failure) [PSYoungGen: 61824K->17760K(97280K)] 275223K->231159K(757248K), 0.0027467 secs] [Times: user=0.01 sys=0.00, real=0.00 secs] 
1169.509: [GC (Allocation Failure) [PSYoungGen: 69984K->34208K(99840K)] 283383K->247607K(759808K), 0.0037559 secs] [Times: user=0.02 sys=0.00, real=0.00 secs] 
1169.918: [GC (Allocation Failure) [PSYoungGen: 86432K->34160K(106496K)] 299831K->247575K(766464K), 0.0033123 secs] [Times: user=0.02 sys=0.00, real=0.00 secs] 
1170.367: [GC (Allocation Failure) [PSYoungGen: 89456K->1408K(109056K)] 302871K->214823K(769024K), 0.0019356 secs] [Times: user=0.01 sys=0.00, real=0.00 secs] 
1172.307: [GC (Allocation Failure) [PSYoungGen: 56704K->2432K(107008K)] 270119K->215847K(766976K), 0.0035298 secs] [Times: user=0.01 sys=0.00, real=0.00 secs] 
1173.496: [GC (Allocation Failure) [PSYoungGen: 51686K->9600K(65024K)] 265101K->223015K(724992K), 0.0036289 secs] [Times: user=0.02 sys=0.00, real=0.00 secs] 
1174.207: [GC (Allocation Failure) [PSYoungGen: 64896K->17792K(100352K)] 278311K->231207K(760320K), 0.0037898 secs] [Times: user=0.02 sys=0.00, real=0.00 secs] 
1174.475: [GC (Allocation Failure) [PSYoungGen: 73088K->34176K(102912K)] 286503K->247591K(762880K), 0.0041675 secs] [Times: user=0.02 sys=0.00, real=0.00 secs] 
1174.946: [GC (Allocation Failure) [PSYoungGen: 89472K->34176K(103936K)] 302887K->247591K(763904K), 0.0039537 secs] [Times: user=0.02 sys=0.00, real=0.00 secs] 
1175.406: [GC (Allocation Failure) [PSYoungGen: 86912K->1376K(106496K)] 300327K->214807K(766464K), 0.0033234 secs] [Times: user=0.01 sys=0.00, real=0.00 secs] 
1176.700: [GC (Allocation Failure) [PSYoungGen: 54112K->5568K(103424K)] 267543K->218999K(763392K), 0.0020120 secs] [Times: user=0.01 sys=0.00, real=0.00 secs] 
1177.042: [GC (Allocation Failure) [PSYoungGen: 58304K->17792K(70656K)] 271735K->231223K(730624K), 0.0026646 secs] [Times: user=0.01 sys=0.00, real=0.01 secs] 
1177.510: [GC (Allocation Failure) [PSYoungGen: 70472K->17824K(95744K)] 283903K->231255K(755712K), 0.0029327 secs] [Times: user=0.01 sys=0.00, real=0.00 secs] 
1177.845: [GC (Allocation Failure) [PSYoungGen: 70560K->34208K(98816K)] 283991K->247639K(758784K), 0.0037599 secs] [Times: user=0.02 sys=0.00, real=0.00 secs] 
1178.389: [GC (Allocation Failure) [PSYoungGen: 86944K->34176K(99328K)] 300375K->247607K(759296K), 0.0073748 secs] [Times: user=0.04 sys=0.00, real=0.01 secs] 
1179.008: [GC (Allocation Failure) [PSYoungGen: 83840K->1376K(102400K)] 297271K->214807K(762368K), 0.0027988 secs] [Times: user=0.01 sys=0.00, real=0.00 secs] 
1180.427: [GC (Allocation Failure) [PSYoungGen: 51040K->3488K(100352K)] 264471K->216919K(760320K), 0.0032766 secs] [Times: user=0.01 sys=0.00, real=0.00 secs] 
1180.729: [GC (Allocation Failure) [PSYoungGen: 51275K->9616K(59392K)] 264706K->223047K(719360K), 0.0024739 secs] [Times: user=0.01 sys=0.00, real=0.00 secs] 
1181.068: [GC (Allocation Failure) [PSYoungGen: 59280K->17792K(93696K)] 272711K->231223K(753664K), 0.0034598 secs] [Times: user=0.01 sys=0.00, real=0.00 secs] 
1181.344: [GC (Allocation Failure) [PSYoungGen: 67456K->34176K(96256K)] 280887K->247607K(756224K), 0.0079369 secs] [Times: user=0.04 sys=0.00, real=0.01 secs] 
1181.838: [GC (Allocation Failure) [PSYoungGen: 83840K->34208K(102912K)] 297271K->247639K(762880K), 0.0071519 secs] [Times: user=0.04 sys=0.00, real=0.01 secs] 
1182.354: [GC (Allocation Failure) [PSYoungGen: 86944K->1376K(105984K)] 300375K->214807K(765952K), 0.0028310 secs] [Times: user=0.01 sys=0.00, real=0.01 secs] 
1183.652: [GC (Allocation Failure) [PSYoungGen: 54112K->1696K(98304K)] 267543K->215143K(758272K), 0.0017366 secs] [Times: user=0.01 sys=0.00, real=0.00 secs] 
1184.189: [GC (Allocation Failure) [PSYoungGen: 54432K->9600K(62464K)] 267879K->223047K(722432K), 0.0021840 secs] [Times: user=0.01 sys=0.00, real=0.00 secs] 
1184.656: [GC (Allocation Failure) [PSYoungGen: 62336K->17792K(97280K)] 275783K->231239K(757248K), 0.0055523 secs] [Times: user=0.02 sys=0.00, real=0.00 secs] 
1185.053: [GC (Allocation Failure) [PSYoungGen: 70528K->34176K(99840K)] 283975K->247623K(759808K), 0.0056751 secs] [Times: user=0.02 sys=0.00, real=0.01 secs] 
1185.539: [GC (Allocation Failure) [PSYoungGen: 86912K->34176K(105984K)] 300359K->247623K(765952K), 0.0054709 secs] [Times: user=0.03 sys=0.00, real=0.00 secs] 
1186.033: [GC (Allocation Failure) [PSYoungGen: 89472K->1344K(56832K)] 302919K->214791K(716800K), 0.0025911 secs] [Times: user=0.01 sys=0.00, real=0.01 secs] 
1187.473: [GC (Allocation Failure) [PSYoungGen: 56640K->2464K(106496K)] 270087K->215911K(766464K), 0.0018816 secs] [Times: user=0.00 sys=0.00, real=0.01 secs] 
1187.936: [GC (Allocation Failure) [PSYoungGen: 55024K->9600K(65024K)] 268471K->223047K(724992K), 0.0021914 secs] [Times: user=0.01 sys=0.01, real=0.00 secs] 
1188.133: [GC (Allocation Failure) [PSYoungGen: 64896K->17792K(99840K)] 278343K->231239K(759808K), 0.0025677 secs] [Times: user=0.01 sys=0.00, real=0.01 secs] 
1188.296: [GC (Allocation Failure) [PSYoungGen: 73088K->34208K(102400K)] 286535K->247655K(762368K), 0.0037321 secs] [Times: user=0.01 sys=0.01, real=0.00 secs] 
1188.528: [GC (Allocation Failure) [PSYoungGen: 89504K->34208K(110080K)] 302951K->247655K(770048K), 0.0044253 secs] [Times: user=0.02 sys=0.00, real=0.00 secs] 
1188.775: [GC (Allocation Failure) [PSYoungGen: 93088K->1392K(112640K)] 306535K->214839K(772608K), 0.0020649 secs] [Times: user=0.00 sys=0.00, real=0.00 secs] 
1190.644: [GC (Allocation Failure) [PSYoungGen: 60272K->5568K(102400K)] 273719K->219023K(762368K), 0.0033968 secs] [Times: user=0.01 sys=0.00, real=0.01 secs] 
1191.486: [GC (Allocation Failure) [PSYoungGen: 64448K->17792K(76800K)] 277903K->231247K(736768K), 0.0053344 secs] [Times: user=0.02 sys=0.00, real=0.00 secs] 
1192.111: [GC (Allocation Failure) [PSYoungGen: 76672K->34240K(104960K)] 290127K->247695K(764928K), 0.0089470 secs] [Times: user=0.05 sys=0.00, real=0.01 secs] 
1192.596: [GC (Allocation Failure) [PSYoungGen: 90048K->34176K(108032K)] 303503K->247631K(768000K), 0.0040200 secs] [Times: user=0.02 sys=0.00, real=0.00 secs] 
1192.895: [GC (Allocation Failure) [PSYoungGen: 89984K->1376K(103936K)] 303439K->214831K(763904K), 0.0020393 secs] [Times: user=0.00 sys=0.00, real=0.00 secs] 
1193.888: [GC (Allocation Failure) [PSYoungGen: 57184K->1664K(57856K)] 270639K->215119K(717824K), 0.0016796 secs] [Times: user=0.01 sys=0.00, real=0.00 secs] 
1194.379: [GC (Allocation Failure) [PSYoungGen: 57472K->9600K(104448K)] 270927K->223055K(764416K), 0.0024875 secs] [Times: user=0.01 sys=0.00, real=0.00 secs] 
1194.901: [GC (Allocation Failure) [PSYoungGen: 65408K->17824K(73728K)] 278863K->231279K(733696K), 0.0034978 secs] [Times: user=0.01 sys=0.00, real=0.01 secs] 
1195.232: [GC (Allocation Failure) [PSYoungGen: 73632K->34176K(100352K)] 287087K->247631K(760320K), 0.0056576 secs] [Times: user=0.03 sys=0.00, real=0.01 secs] 
1195.583: [GC (Allocation Failure) [PSYoungGen: 86400K->34176K(103936K)] 299855K->247647K(763904K), 0.0043753 secs] [Times: user=0.02 sys=0.00, real=0.01 secs] 
1195.836: [GC (Allocation Failure) [PSYoungGen: 86400K->1376K(100352K)] 299871K->214847K(760320K), 0.0019555 secs] [Times: user=0.01 sys=0.00, real=0.00 secs] 
1197.202: [GC (Allocation Failure) [PSYoungGen: 53600K->2464K(54784K)] 267071K->215935K(714752K), 0.0032356 secs] [Times: user=0.01 sys=0.00, real=0.01 secs] 
1198.076: [GC (Allocation Failure) [PSYoungGen: 53491K->9632K(100352K)] 266962K->223103K(760320K), 0.0038336 secs] [Times: user=0.02 sys=0.00, real=0.00 secs] 
1198.425: [GC (Allocation Failure) [PSYoungGen: 61856K->17760K(70144K)] 275327K->231231K(730112K), 0.0032891 secs] [Times: user=0.01 sys=0.00, real=0.00 secs] 
1198.838: [GC (Allocation Failure) [PSYoungGen: 69984K->34144K(96768K)] 283455K->247615K(756736K), 0.0046093 secs] [Times: user=0.02 sys=0.00, real=0.00 secs] 
1199.385: [GC (Allocation Failure) [PSYoungGen: 82784K->34144K(100352K)] 296255K->247623K(760320K), 0.0077944 secs] [Times: user=0.04 sys=0.00, real=0.00 secs] 
1199.942: [GC (Allocation Failure) [PSYoungGen: 82784K->1376K(96768K)] 296263K->214855K(756736K), 0.0040754 secs] [Times: user=0.01 sys=0.00, real=0.01 secs] 
1201.056: [GC (Allocation Failure) [PSYoungGen: 50016K->128K(49152K)] 263495K->213607K(709120K), 0.0012664 secs] [Times: user=0.00 sys=0.00, real=0.00 secs] 
1201.344: [GC (Allocation Failure) [PSYoungGen: 48768K->9600K(96768K)] 262247K->223079K(756736K), 0.0020907 secs] [Times: user=0.01 sys=0.00, real=0.01 secs] 
1201.605: [GC (Allocation Failure) [PSYoungGen: 58240K->17792K(66560K)] 271719K->231271K(726528K), 0.0025252 secs] [Times: user=0.01 sys=0.00, real=0.00 secs] 
1201.812: [GC (Allocation Failure) [PSYoungGen: 66432K->34176K(93184K)] 279911K->247655K(753152K), 0.0037978 secs] [Times: user=0.01 sys=0.00, real=0.01 secs] 
1202.230: [GC (Allocation Failure) [PSYoungGen: 79232K->34176K(96768K)] 292711K->247655K(756736K), 0.0040317 secs] [Times: user=0.02 sys=0.00, real=0.00 secs] 
1202.553: [GC (Allocation Failure) [PSYoungGen: 79232K->34208K(102912K)] 292711K->247687K(762880K), 0.0040017 secs] [Times: user=0.02 sys=0.00, real=0.01 secs] 
1202.977: [GC (Allocation Failure) [PSYoungGen: 82336K->1344K(49664K)] 295815K->214823K(709632K), 0.0019676 secs] [Times: user=0.01 sys=0.00, real=0.00 secs] 
1204.080: [GC (Allocation Failure) [PSYoungGen: 49472K->3488K(102400K)] 262951K->216967K(762368K), 0.0017744 secs] [Times: user=0.00 sys=0.00, real=0.00 secs] 
1204.511: [GC (Allocation Failure) [PSYoungGen: 50712K->9600K(57856K)] 264191K->223079K(717824K), 0.0021325 secs] [Times: user=0.01 sys=0.00, real=0.00 secs] 
1204.863: [GC (Allocation Failure) [PSYoungGen: 57728K->17824K(94720K)] 271207K->231319K(754688K), 0.0024416 secs] [Times: user=0.01 sys=0.00, real=0.01 secs] 
1205.190: [GC (Allocation Failure) [PSYoungGen: 65952K->34176K(97792K)] 279447K->247671K(757760K), 0.0037767 secs] [Times: user=0.02 sys=0.00, real=0.00 secs] 
1205.615: [GC (Allocation Failure) [PSYoungGen: 82304K->34176K(98304K)] 295799K->247671K(758272K), 0.0041511 secs] [Times: user=0.02 sys=0.00, real=0.00 secs] 
1205.815: [GC (Allocation Failure) [PSYoungGen: 79744K->1344K(47104K)] 293239K->214839K(707072K), 0.0018831 secs] [Times: user=0.01 sys=0.00, real=0.00 secs] 
1206.005: [GC (Allocation Failure) [PSYoungGen: 46912K->1344K(99328K)] 260407K->214839K(759296K), 0.0019081 secs] [Times: user=0.01 sys=0.00, real=0.00 secs] 
1206.871: [GC (Allocation Failure) [PSYoungGen: 46912K->5504K(51200K)] 260407K->218999K(711168K), 0.0018309 secs] [Times: user=0.01 sys=0.00, real=0.00 secs] 
1207.009: [GC (Allocation Failure) [PSYoungGen: 51072K->17792K(92672K)] 264567K->231287K(752640K), 0.0020382 secs] [Times: user=0.01 sys=0.00, real=0.00 secs] 
1207.198: [GC (Allocation Failure) [PSYoungGen: 63360K->17824K(63488K)] 276855K->231319K(723456K), 0.0022549 secs] [Times: user=0.01 sys=0.00, real=0.00 secs] 
1207.319: [GC (Allocation Failure) [PSYoungGen: 63392K->34144K(89088K)] 276887K->247639K(749056K), 0.0029554 secs] [Times: user=0.01 sys=0.00, real=0.00 secs] 
1207.494: [GC (Allocation Failure) [PSYoungGen: 76128K->34176K(92672K)] 289623K->247671K(752640K), 0.0038714 secs] [Times: user=0.02 sys=0.01, real=0.01 secs] 
1207.675: [GC (Allocation Failure) [PSYoungGen: 76160K->1408K(100352K)] 289655K->214903K(760320K), 0.0026017 secs] [Times: user=0.01 sys=0.00, real=0.00 secs] 
1207.871: [GC (Allocation Failure) [PSYoungGen: 49024K->1376K(100864K)] 262519K->214887K(760832K), 0.0022761 secs] [Times: user=0.01 sys=0.00, real=0.00 secs] 
1208.828: [GC (Allocation Failure) [PSYoungGen: 48966K->5552K(100864K)] 262477K->219063K(760832K), 0.0019658 secs] [Times: user=0.00 sys=0.00, real=0.00 secs] 
1209.023: [GC (Allocation Failure) [PSYoungGen: 58288K->17840K(103424K)] 271799K->231351K(763392K), 0.0027016 secs] [Times: user=0.01 sys=0.00, real=0.01 secs] 
1209.216: [GC (Allocation Failure) [PSYoungGen: 59810K->17824K(101888K)] 273321K->231335K(761856K), 0.0024293 secs] [Times: user=0.01 sys=0.00, real=0.00 secs] 
1209.428: [GC (Allocation Failure) [PSYoungGen: 76704K->34144K(104448K)] 290215K->247671K(764416K), 0.0045163 secs] [Times: user=0.02 sys=0.00, real=0.00 secs] 
1209.754: [GC (Allocation Failure) [PSYoungGen: 93024K->34144K(112640K)] 306551K->247679K(772608K), 0.0044167 secs] [Times: user=0.02 sys=0.01, real=0.01 secs] 
1210.046: [GC (Allocation Failure) [PSYoungGen: 97120K->1424K(115712K)] 310655K->214959K(775680K), 0.0017719 secs] [Times: user=0.01 sys=0.00, real=0.00 secs] 
1211.186: [GC (Allocation Failure) [PSYoungGen: 64400K->9632K(103936K)] 277935K->223277K(763904K), 0.0020489 secs] [Times: user=0.01 sys=0.00, real=0.00 secs] 
1211.652: [GC (Allocation Failure) [PSYoungGen: 72608K->17824K(113152K)] 286253K->231469K(773120K), 0.0050382 secs] [Times: user=0.02 sys=0.00, real=0.01 secs] 
1211.956: [GC (Allocation Failure) [PSYoungGen: 80800K->34176K(113152K)] 294445K->247829K(773120K), 0.0041236 secs] [Times: user=0.02 sys=0.00, real=0.00 secs] 
1212.236: [GC (Allocation Failure) [PSYoungGen: 100224K->34208K(116736K)] 313877K->247861K(776704K), 0.0034840 secs] [Times: user=0.02 sys=0.00, real=0.00 secs] 
1213.172: [GC (Allocation Failure) [PSYoungGen: 100256K->192K(112128K)] 313909K->213845K(772096K), 0.0013848 secs] [Times: user=0.01 sys=0.00, real=0.00 secs] 
1213.558: [GC (Allocation Failure) [PSYoungGen: 65648K->9600K(75776K)] 279301K->223253K(735744K), 0.0020242 secs] [Times: user=0.01 sys=0.00, real=0.00 secs] 
1213.784: [GC (Allocation Failure) [PSYoungGen: 72743K->17792K(111104K)] 286396K->231445K(771072K), 0.0023088 secs] [Times: user=0.00 sys=0.00, real=0.01 secs] 
1214.091: [GC (Allocation Failure) [PSYoungGen: 83840K->34208K(114176K)] 297493K->247861K(774144K), 0.0034117 secs] [Times: user=0.02 sys=0.00, real=0.00 secs] 
1214.778: [GC (Allocation Failure) [PSYoungGen: 100256K->1408K(117248K)] 313909K->215061K(777216K), 0.0020790 secs] [Times: user=0.01 sys=0.00, real=0.00 secs] 
1216.676: [GC (Allocation Failure) [PSYoungGen: 67117K->2480K(68608K)] 280770K->216133K(728576K), 0.0020042 secs] [Times: user=0.01 sys=0.00, real=0.00 secs] 
1216.897: [GC (Allocation Failure) [PSYoungGen: 68528K->17792K(111104K)] 282181K->231445K(771072K), 0.0025622 secs] [Times: user=0.01 sys=0.00, real=0.00 secs] 
1217.302: [GC (Allocation Failure) [PSYoungGen: 68939K->17760K(83968K)] 282592K->231413K(743936K), 0.0023521 secs] [Times: user=0.01 sys=0.00, real=0.00 secs] 
1217.511: [GC (Allocation Failure) [PSYoungGen: 83808K->34176K(107008K)] 297461K->247829K(766976K), 0.0035097 secs] [Times: user=0.01 sys=0.00, real=0.00 secs] 
1217.769: [GC (Allocation Failure) [PSYoungGen: 96128K->1360K(63488K)] 309781K->215029K(723456K), 0.0018250 secs] [Times: user=0.01 sys=0.00, real=0.00 secs] 
1218.680: [GC (Allocation Failure) [PSYoungGen: 63312K->1568K(109568K)] 276981K->215237K(769536K), 0.0015533 secs] [Times: user=0.00 sys=0.00, real=0.00 secs] 
1218.928: [GC (Allocation Failure) [PSYoungGen: 63033K->9632K(71680K)] 276702K->223301K(731648K), 0.0017347 secs] [Times: user=0.00 sys=0.00, real=0.00 secs] 
1219.211: [GC (Allocation Failure) [PSYoungGen: 71584K->17824K(104448K)] 285253K->231493K(764416K), 0.0021924 secs] [Times: user=0.01 sys=0.00, real=0.00 secs] 
1219.576: [GC (Allocation Failure) [PSYoungGen: 79776K->34208K(105984K)] 293445K->247877K(765952K), 0.0046081 secs] [Times: user=0.02 sys=0.00, real=0.00 secs] 
1220.092: [GC (Allocation Failure) [PSYoungGen: 96160K->34176K(106496K)] 309829K->247845K(766464K), 0.0059816 secs] [Times: user=0.03 sys=0.00, real=0.01 secs] 
1220.576: [GC (Allocation Failure) [PSYoungGen: 92544K->1408K(59904K)] 306213K->215077K(719872K), 0.0026366 secs] [Times: user=0.00 sys=0.00, real=0.00 secs] 
1221.711: [GC (Allocation Failure) [PSYoungGen: 59776K->9632K(104448K)] 273445K->223309K(764416K), 0.0021396 secs] [Times: user=0.00 sys=0.00, real=0.00 secs] 
1221.953: [GC (Allocation Failure) [PSYoungGen: 68000K->17824K(76288K)] 281677K->231501K(736256K), 0.0028077 secs] [Times: user=0.01 sys=0.00, real=0.01 secs] 
1222.349: [GC (Allocation Failure) [PSYoungGen: 76192K->34208K(100352K)] 289869K->247885K(760320K), 0.0039821 secs] [Times: user=0.02 sys=0.00, real=0.00 secs] 
1223.009: [GC (Allocation Failure) [PSYoungGen: 88480K->34208K(104448K)] 302157K->247885K(764416K), 0.0037111 secs] [Times: user=0.02 sys=0.00, real=0.00 secs] 
1223.832: [GC (Allocation Failure) [PSYoungGen: 88480K->1440K(107008K)] 302157K->215133K(766976K), 0.0020818 secs] [Times: user=0.01 sys=0.00, real=0.00 secs] 
1225.763: [GC (Allocation Failure) [PSYoungGen: 55712K->3456K(57856K)] 269405K->217149K(717824K), 0.0046001 secs] [Times: user=0.01 sys=0.00, real=0.01 secs] 
1226.542: [GC (Allocation Failure) [PSYoungGen: 50833K->9632K(100864K)] 264526K->223325K(760832K), 0.0025519 secs] [Times: user=0.01 sys=0.00, real=0.01 secs] 
1226.733: [GC (Allocation Failure) [PSYoungGen: 63904K->17792K(72192K)] 277597K->231485K(732160K), 0.0027904 secs] [Times: user=0.01 sys=0.00, real=0.01 secs] 
1226.976: [GC (Allocation Failure) [PSYoungGen: 72064K->34176K(97280K)] 285757K->247869K(757248K), 0.0036272 secs] [Times: user=0.02 sys=0.00, real=0.00 secs] 
1227.195: [GC (Allocation Failure) [PSYoungGen: 84864K->34176K(100864K)] 298557K->247869K(760832K), 0.0037082 secs] [Times: user=0.02 sys=0.00, real=0.00 secs] 
1227.414: [GC (Allocation Failure) [PSYoungGen: 84864K->1344K(108544K)] 298557K->215037K(768512K), 0.0018328 secs] [Times: user=0.01 sys=0.00, real=0.01 secs] 
1228.346: [GC (Allocation Failure) [PSYoungGen: 57664K->2432K(58880K)] 271357K->216133K(718848K), 0.0018079 secs] [Times: user=0.01 sys=0.00, real=0.00 secs] 
1228.520: [GC (Allocation Failure) [PSYoungGen: 58752K->17792K(102400K)] 272453K->231493K(762368K), 0.0022755 secs] [Times: user=0.01 sys=0.00, real=0.00 secs] 
1228.809: [GC (Allocation Failure) [PSYoungGen: 71811K->17760K(74240K)] 285512K->231461K(734208K), 0.0024598 secs] [Times: user=0.01 sys=0.00, real=0.00 secs] 
1228.977: [GC (Allocation Failure) [PSYoungGen: 74080K->34176K(99328K)] 287781K->247877K(759296K), 0.0033099 secs] [Times: user=0.01 sys=0.00, real=0.00 secs] 
1229.242: [GC (Allocation Failure) [PSYoungGen: 86912K->34208K(102912K)] 300613K->247917K(762880K), 0.0036474 secs] [Times: user=0.02 sys=0.00, real=0.01 secs] 
1229.492: [GC (Allocation Failure) [PSYoungGen: 86944K->1456K(110592K)] 300653K->215165K(770560K), 0.0018251 secs] [Times: user=0.01 sys=0.00, real=0.00 secs] 
1230.645: [GC (Allocation Failure) [PSYoungGen: 59824K->5568K(64000K)] 273533K->219285K(723968K), 0.0024802 secs] [Times: user=0.01 sys=0.00, real=0.00 secs] 
1231.043: [GC (Allocation Failure) [PSYoungGen: 63936K->17792K(103424K)] 277653K->231509K(763392K), 0.0034265 secs] [Times: user=0.02 sys=0.00, real=0.01 secs] 
1231.408: [GC (Allocation Failure) [PSYoungGen: 76160K->34208K(106496K)] 289877K->247925K(766464K), 0.0057975 secs] [Times: user=0.03 sys=0.00, real=0.00 secs] 
1232.108: [GC (Allocation Failure) [PSYoungGen: 92576K->34176K(109056K)] 306293K->247893K(769024K), 0.0049433 secs] [Times: user=0.02 sys=0.01, real=0.00 secs] 
1232.752: [GC (Allocation Failure) [PSYoungGen: 92544K->1376K(59904K)] 306261K->215117K(719872K), 0.0023220 secs] [Times: user=0.01 sys=0.00, real=0.01 secs] 
1234.132: [GC (Allocation Failure) [PSYoungGen: 58857K->2464K(111104K)] 272598K->216213K(771072K), 0.0017581 secs] [Times: user=0.00 sys=0.00, real=0.00 secs] 
1234.329: [GC (Allocation Failure) [PSYoungGen: 57123K->9616K(68096K)] 270872K->223365K(728064K), 0.0020388 secs] [Times: user=0.01 sys=0.00, real=0.00 secs] 
1234.539: [GC (Allocation Failure) [PSYoungGen: 67984K->17760K(102912K)] 281733K->231509K(762880K), 0.0022573 secs] [Times: user=0.01 sys=0.00, real=0.00 secs] 
1234.714: [GC (Allocation Failure) [PSYoungGen: 76128K->34176K(105984K)] 289877K->247925K(765952K), 0.0046820 secs] [Times: user=0.02 sys=0.00, real=0.01 secs] 
1234.960: [GC (Allocation Failure) [PSYoungGen: 92544K->34208K(113152K)] 306293K->247965K(773120K), 0.0039638 secs] [Times: user=0.02 sys=0.00, real=0.00 secs] 
1235.220: [GC (Allocation Failure) [PSYoungGen: 96160K->1376K(116224K)] 309917K->215133K(776192K), 0.0018569 secs] [Times: user=0.01 sys=0.01, real=0.00 secs] 
1236.345: [GC (Allocation Failure) [PSYoungGen: 63328K->9664K(104448K)] 277085K->223421K(764416K), 0.0021482 secs] [Times: user=0.00 sys=0.00, real=0.00 secs] 
1236.870: [GC (Allocation Failure) [PSYoungGen: 71616K->17792K(79872K)] 285373K->231557K(739840K), 0.0026241 secs] [Times: user=0.01 sys=0.00, real=0.00 secs] 
1237.373: [GC (Allocation Failure) [PSYoungGen: 79744K->34176K(107520K)] 293509K->247941K(767488K), 0.0038320 secs] [Times: user=0.02 sys=0.00, real=0.01 secs] 
1238.268: [GC (Allocation Failure) [PSYoungGen: 93056K->34144K(110592K)] 306821K->247909K(770560K), 0.0034766 secs] [Times: user=0.02 sys=0.00, real=0.00 secs] 
1238.879: [GC (Allocation Failure) [PSYoungGen: 93024K->1376K(112128K)] 306789K->215141K(772096K), 0.0027198 secs] [Times: user=0.01 sys=0.00, real=0.00 secs] 
1240.232: [GC (Allocation Failure) [PSYoungGen: 58936K->5536K(64512K)] 272701K->219301K(724480K), 0.0018737 secs] [Times: user=0.01 sys=0.00, real=0.00 secs] 
1240.655: [GC (Allocation Failure) [PSYoungGen: 64416K->17824K(104448K)] 278181K->231589K(764416K), 0.0026062 secs] [Times: user=0.01 sys=0.00, real=0.00 secs] 
1240.840: [GC (Allocation Failure) [PSYoungGen: 76704K->34208K(108032K)] 290469K->247973K(768000K), 0.0044791 secs] [Times: user=0.02 sys=0.00, real=0.01 secs] 
1241.321: [GC (Allocation Failure) [PSYoungGen: 93088K->34208K(114688K)] 306853K->247973K(774656K), 0.0048785 secs] [Times: user=0.03 sys=0.00, real=0.01 secs] 
1241.934: [GC (Allocation Failure) [PSYoungGen: 96672K->1408K(117248K)] 310437K->215181K(777216K), 0.0036591 secs] [Times: user=0.01 sys=0.00, real=0.01 secs] 
1243.195: [GC (Allocation Failure) [PSYoungGen: 63872K->5536K(114176K)] 277645K->219317K(774144K), 0.0017844 secs] [Times: user=0.01 sys=0.00, real=0.00 secs] 
1243.501: [GC (Allocation Failure) [PSYoungGen: 68000K->17856K(80384K)] 281781K->231637K(740352K), 0.0022394 secs] [Times: user=0.01 sys=0.00, real=0.00 secs] 
1243.885: [GC (Allocation Failure) [PSYoungGen: 80320K->34208K(109056K)] 294101K->247989K(769024K), 0.0060282 secs] [Times: user=0.03 sys=0.00, real=0.00 secs] 
1244.351: [GC (Allocation Failure) [PSYoungGen: 93600K->34144K(112128K)] 307381K->247925K(772096K), 0.0056600 secs] [Times: user=0.03 sys=0.00, real=0.01 secs] 
1244.810: [GC (Allocation Failure) [PSYoungGen: 93536K->1344K(107520K)] 307317K->215125K(767488K), 0.0029317 secs] [Times: user=0.01 sys=0.00, real=0.00 secs] 
1246.089: [GC (Allocation Failure) [PSYoungGen: 60736K->2480K(61952K)] 274517K->216269K(721920K), 0.0017657 secs] [Times: user=0.01 sys=0.00, real=0.00 secs] 
1246.515: [GC (Allocation Failure) [PSYoungGen: 58477K->9616K(108544K)] 272266K->223405K(768512K), 0.0018169 secs] [Times: user=0.01 sys=0.00, real=0.00 secs] 
1246.945: [GC (Allocation Failure) [PSYoungGen: 69008K->17792K(77312K)] 282797K->231581K(737280K), 0.0053571 secs] [Times: user=0.02 sys=0.00, real=0.00 secs] 
1247.349: [GC (Allocation Failure) [PSYoungGen: 77184K->34176K(104448K)] 290973K->247965K(764416K), 0.0051986 secs] [Times: user=0.02 sys=0.00, real=0.00 secs] 
1247.784: [GC (Allocation Failure) [PSYoungGen: 89984K->34192K(108032K)] 303773K->247981K(768000K), 0.0053452 secs] [Times: user=0.02 sys=0.00, real=0.01 secs] 
1248.232: [GC (Allocation Failure) [PSYoungGen: 90000K->1408K(103936K)] 303789K->215205K(763904K), 0.0025311 secs] [Times: user=0.01 sys=0.00, real=0.00 secs] 
1249.616: [GC (Allocation Failure) [PSYoungGen: 54836K->5536K(61440K)] 268633K->219333K(721408K), 0.0019283 secs] [Times: user=0.00 sys=0.00, real=0.00 secs] 
1250.504: [GC (Allocation Failure) [PSYoungGen: 61344K->17808K(102400K)] 275141K->231605K(762368K), 0.0057738 secs] [Times: user=0.02 sys=0.00, real=0.01 secs] 
1251.013: [GC (Allocation Failure) [PSYoungGen: 73616K->34176K(105472K)] 287413K->247973K(765440K), 0.0062398 secs] [Times: user=0.03 sys=0.00, real=0.01 secs] 
1251.700: [GC (Allocation Failure) [PSYoungGen: 89984K->34176K(105984K)] 303781K->247973K(765952K), 0.0055483 secs] [Times: user=0.03 sys=0.00, real=0.01 secs] 
1252.300: [GC (Allocation Failure) [PSYoungGen: 87424K->1376K(54784K)] 301221K->215189K(714752K), 0.0035714 secs] [Times: user=0.02 sys=0.00, real=0.00 secs] 
1252.608: [GC (Allocation Failure) [PSYoungGen: 54624K->1408K(107008K)] 268437K->215221K(766976K), 0.0020104 secs] [Times: user=0.01 sys=0.00, real=0.00 secs] 
1253.702: [GC (Allocation Failure) [PSYoungGen: 54656K->9664K(62976K)] 268469K->223477K(722944K), 0.0021786 secs] [Times: user=0.00 sys=0.00, real=0.00 secs] 
1254.072: [GC (Allocation Failure) [PSYoungGen: 62912K->17792K(98816K)] 276725K->231605K(758784K), 0.0055020 secs] [Times: user=0.02 sys=0.00, real=0.01 secs] 
1254.353: [GC (Allocation Failure) [PSYoungGen: 71040K->34208K(101888K)] 284853K->248021K(761856K), 0.0060230 secs] [Times: user=0.03 sys=0.00, real=0.01 secs] 
1254.771: [GC (Allocation Failure) [PSYoungGen: 87456K->34144K(109056K)] 301269K->247973K(769024K), 0.0048442 secs] [Times: user=0.02 sys=0.00, real=0.01 secs] 
1255.211: [GC (Allocation Failure) [PSYoungGen: 90976K->1408K(111616K)] 304805K->215237K(771584K), 0.0022848 secs] [Times: user=0.01 sys=0.00, real=0.00 secs] 
1256.524: [GC (Allocation Failure) [PSYoungGen: 58240K->1968K(102912K)] 272069K->215797K(762880K), 0.0017720 secs] [Times: user=0.01 sys=0.00, real=0.01 secs] 
1257.053: [GC (Allocation Failure) [PSYoungGen: 58800K->9600K(66560K)] 272629K->223429K(726528K), 0.0037125 secs] [Times: user=0.01 sys=0.00, real=0.01 secs] 
1257.602: [GC (Allocation Failure) [PSYoungGen: 66432K->17792K(102400K)] 280261K->231621K(762368K), 0.0050350 secs] [Times: user=0.02 sys=0.01, real=0.01 secs] 
1258.085: [GC (Allocation Failure) [PSYoungGen: 74624K->34240K(104960K)] 288453K->248069K(764928K), 0.0059212 secs] [Times: user=0.03 sys=0.00, real=0.00 secs] 
1258.784: [GC (Allocation Failure) [PSYoungGen: 91072K->34176K(105472K)] 304901K->248005K(765440K), 0.0063882 secs] [Times: user=0.03 sys=0.00, real=0.01 secs] 
1259.563: [GC (Allocation Failure) [PSYoungGen: 87936K->1408K(55296K)] 301765K->215237K(715264K), 0.0025696 secs] [Times: user=0.01 sys=0.00, real=0.01 secs] 
1261.225: [GC (Allocation Failure) [PSYoungGen: 55168K->5504K(103936K)] 268997K->219333K(763904K), 0.0021202 secs] [Times: user=0.01 sys=0.00, real=0.00 secs] 
1261.915: [GC (Allocation Failure) [PSYoungGen: 59264K->17824K(71680K)] 273093K->231653K(731648K), 0.0027570 secs] [Times: user=0.01 sys=0.00, real=0.00 secs] 
1262.633: [GC (Allocation Failure) [PSYoungGen: 65114K->17776K(97280K)] 278943K->231605K(757248K), 0.0054310 secs] [Times: user=0.02 sys=0.00, real=0.01 secs] 
1262.948: [GC (Allocation Failure) [PSYoungGen: 71536K->34240K(100352K)] 285365K->248069K(760320K), 0.0048317 secs] [Times: user=0.02 sys=0.00, real=0.00 secs] 
1263.415: [GC (Allocation Failure) [PSYoungGen: 88000K->34176K(101376K)] 301829K->248005K(761344K), 0.0043671 secs] [Times: user=0.03 sys=0.00, real=0.00 secs] 
1263.922: [GC (Allocation Failure) [PSYoungGen: 85376K->1376K(103936K)] 299205K->215205K(763904K), 0.0022989 secs] [Times: user=0.00 sys=0.00, real=0.00 secs] 
1265.031: [GC (Allocation Failure) [PSYoungGen: 52576K->5568K(101888K)] 266405K->219397K(761856K), 0.0019256 secs] [Times: user=0.01 sys=0.00, real=0.00 secs] 
1265.193: [GC (Allocation Failure) [PSYoungGen: 56768K->17760K(69120K)] 270597K->231589K(729088K), 0.0023008 secs] [Times: user=0.00 sys=0.01, real=0.01 secs] 
1265.407: [GC (Allocation Failure) [PSYoungGen: 68960K->17824K(93696K)] 282789K->231653K(753664K), 0.0025866 secs] [Times: user=0.01 sys=0.00, real=0.00 secs] 
1265.553: [GC (Allocation Failure) [PSYoungGen: 69024K->34208K(96768K)] 282853K->248053K(756736K), 0.0031479 secs] [Times: user=0.01 sys=0.01, real=0.01 secs] 
1265.767: [GC (Allocation Failure) [PSYoungGen: 85408K->34176K(103424K)] 299253K->248021K(763392K), 0.0031167 secs] [Times: user=0.02 sys=0.00, real=0.00 secs] 
1265.994: [GC (Allocation Failure) [PSYoungGen: 88448K->1408K(105984K)] 302293K->215253K(765952K), 0.0017108 secs] [Times: user=0.00 sys=0.00, real=0.01 secs] 
1267.315: [GC (Allocation Failure) [PSYoungGen: 55680K->5536K(97792K)] 269525K->219389K(757760K), 0.0033550 secs] [Times: user=0.01 sys=0.00, real=0.00 secs] 
1268.026: [GC (Allocation Failure) [PSYoungGen: 59808K->17824K(72192K)] 273661K->231677K(732160K), 0.0042354 secs] [Times: user=0.02 sys=0.00, real=0.00 secs] 
1268.764: [GC (Allocation Failure) [PSYoungGen: 68813K->17824K(96768K)] 282666K->231677K(756736K), 0.0047300 secs] [Times: user=0.02 sys=0.01, real=0.01 secs] 
1269.173: [GC (Allocation Failure) [PSYoungGen: 72096K->34144K(99328K)] 285949K->247997K(759296K), 0.0067657 secs] [Times: user=0.03 sys=0.00, real=0.01 secs] 
1269.631: [GC (Allocation Failure) [PSYoungGen: 88416K->34208K(105984K)] 302269K->248061K(765952K), 0.0047497 secs] [Times: user=0.02 sys=0.00, real=0.01 secs] 
1270.091: [GC (Allocation Failure) [PSYoungGen: 91552K->1408K(108544K)] 305405K->215261K(768512K), 0.0021552 secs] [Times: user=0.01 sys=0.00, real=0.00 secs] 
1271.414: [GC (Allocation Failure) [PSYoungGen: 56205K->5536K(106496K)] 270058K->219389K(766464K), 0.0022537 secs] [Times: user=0.01 sys=0.00, real=0.01 secs] 
1272.037: [GC (Allocation Failure) [PSYoungGen: 62880K->17792K(75264K)] 276733K->231645K(735232K), 0.0044392 secs] [Times: user=0.02 sys=0.00, real=0.00 secs] 
1272.655: [GC (Allocation Failure) [PSYoungGen: 75136K->34176K(100864K)] 288989K->248029K(760832K), 0.0063616 secs] [Times: user=0.03 sys=0.00, real=0.00 secs] 
1273.097: [GC (Allocation Failure) [PSYoungGen: 87936K->34144K(104448K)] 301789K->248005K(764416K), 0.0041348 secs] [Times: user=0.02 sys=0.00, real=0.00 secs] 
1273.526: [GC (Allocation Failure) [PSYoungGen: 87904K->1408K(107008K)] 301765K->215269K(766976K), 0.0021948 secs] [Times: user=0.01 sys=0.00, real=0.00 secs] 
1273.886: [GC (Allocation Failure) [PSYoungGen: 55168K->1440K(55296K)] 269029K->215301K(715264K), 0.0018561 secs] [Times: user=0.01 sys=0.00, real=0.00 secs] 
1274.882: [GC (Allocation Failure) [PSYoungGen: 55200K->9632K(101376K)] 269061K->223493K(761344K), 0.0024219 secs] [Times: user=0.01 sys=0.00, real=0.00 secs] 
1275.113: [GC (Allocation Failure) [PSYoungGen: 63392K->17792K(71680K)] 277253K->231653K(731648K), 0.0029555 secs] [Times: user=0.02 sys=0.00, real=0.01 secs] 
1275.370: [GC (Allocation Failure) [PSYoungGen: 71552K->34144K(97792K)] 285413K->248005K(757760K), 0.0036495 secs] [Times: user=0.02 sys=0.00, real=0.00 secs] 
1275.785: [GC (Allocation Failure) [PSYoungGen: 84320K->34208K(101376K)] 298181K->248085K(761344K), 0.0034180 secs] [Times: user=0.01 sys=0.00, real=0.00 secs] 
1276.178: [GC (Allocation Failure) [PSYoungGen: 84384K->1376K(102912K)] 298261K->215253K(762880K), 0.0025994 secs] [Times: user=0.01 sys=0.00, real=0.00 secs] 
1276.600: [GC (Allocation Failure) [PSYoungGen: 51552K->1408K(51712K)] 265429K->215285K(711680K), 0.0024955 secs] [Times: user=0.01 sys=0.00, real=0.00 secs] 
1277.715: [GC (Allocation Failure) [PSYoungGen: 51584K->9632K(97792K)] 265461K->223509K(757760K), 0.0016577 secs] [Times: user=0.01 sys=0.00, real=0.00 secs] 
1278.063: [GC (Allocation Failure) [PSYoungGen: 59808K->17792K(68096K)] 273685K->231669K(728064K), 0.0029030 secs] [Times: user=0.01 sys=0.00, real=0.01 secs] 
1278.316: [GC (Allocation Failure) [PSYoungGen: 51896K->17808K(92672K)] 265773K->231685K(752640K), 0.0025966 secs] [Times: user=0.01 sys=0.00, real=0.00 secs] 
1278.555: [GC (Allocation Failure) [PSYoungGen: 67984K->34208K(95232K)] 281861K->248085K(755200K), 0.0034764 secs] [Times: user=0.02 sys=0.00, real=0.00 secs] 
1278.976: [GC (Allocation Failure) [PSYoungGen: 84384K->34176K(96768K)] 298261K->248053K(756736K), 0.0049670 secs] [Times: user=0.02 sys=0.01, real=0.00 secs] 
1279.370: [GC (Allocation Failure) [PSYoungGen: 81792K->1440K(99328K)] 295669K->215317K(759296K), 0.0025229 secs] [Times: user=0.01 sys=0.00, real=0.00 secs] 
1280.812: [GC (Allocation Failure) [PSYoungGen: 49056K->1952K(98304K)] 262933K->215829K(758272K), 0.0018473 secs] [Times: user=0.00 sys=0.00, real=0.00 secs] 
1281.698: [GC (Allocation Failure) [PSYoungGen: 49568K->9632K(57344K)] 263445K->223509K(717312K), 0.0039163 secs] [Times: user=0.01 sys=0.00, real=0.00 secs] 
1282.040: [GC (Allocation Failure) [PSYoungGen: 57248K->17792K(91136K)] 271125K->231669K(751104K), 0.0043652 secs] [Times: user=0.01 sys=0.00, real=0.00 secs] 
1282.305: [GC (Allocation Failure) [PSYoungGen: 65408K->34144K(93696K)] 279285K->248021K(753664K), 0.0057082 secs] [Times: user=0.02 sys=0.00, real=0.00 secs] 
1282.690: [GC (Allocation Failure) [PSYoungGen: 81760K->34176K(100352K)] 295637K->248053K(760320K), 0.0054502 secs] [Times: user=0.03 sys=0.00, real=0.01 secs] 
1282.920: [GC (Allocation Failure) [PSYoungGen: 84352K->34176K(103424K)] 298229K->248069K(763392K), 0.0035143 secs] [Times: user=0.02 sys=0.00, real=0.00 secs] 
1283.157: [GC (Allocation Failure) [PSYoungGen: 84352K->1376K(110592K)] 298245K->215277K(770560K), 0.0019700 secs] [Times: user=0.01 sys=0.00, real=0.00 secs] 
1284.169: [GC (Allocation Failure) [PSYoungGen: 57184K->9664K(65536K)] 271085K->223565K(725504K), 0.0020766 secs] [Times: user=0.01 sys=0.00, real=0.00 secs] 
1284.559: [GC (Allocation Failure) [PSYoungGen: 65472K->17824K(101888K)] 279373K->231725K(761856K), 0.0023958 secs] [Times: user=0.01 sys=0.00, real=0.00 secs] 
1284.876: [GC (Allocation Failure) [PSYoungGen: 73632K->34144K(105472K)] 287533K->248045K(765440K), 0.0033442 secs] [Times: user=0.02 sys=0.00, real=0.00 secs] 
1285.337: [GC (Allocation Failure) [PSYoungGen: 89952K->34208K(105472K)] 303853K->248109K(765440K), 0.0033639 secs] [Times: user=0.02 sys=0.00, real=0.00 secs] 
1285.564: [GC (Allocation Failure) [PSYoungGen: 87456K->1424K(108032K)] 301357K->215325K(768000K), 0.0018817 secs] [Times: user=0.01 sys=0.00, real=0.01 secs] 
1286.497: [GC (Allocation Failure) [PSYoungGen: 54672K->192K(107008K)] 268573K->214093K(766976K), 0.0013378 secs] [Times: user=0.01 sys=0.00, real=0.00 secs] 
1286.906: [GC (Allocation Failure) [PSYoungGen: 53440K->9632K(62976K)] 267341K->223533K(722944K), 0.0022860 secs] [Times: user=0.01 sys=0.00, real=0.00 secs] 
1287.332: [GC (Allocation Failure) [PSYoungGen: 62880K->17792K(98816K)] 276781K->231693K(758784K), 0.0031860 secs] [Times: user=0.02 sys=0.00, real=0.01 secs] 
1287.641: [GC (Allocation Failure) [PSYoungGen: 71040K->34144K(101888K)] 284941K->248061K(761856K), 0.0041239 secs] [Times: user=0.01 sys=0.00, real=0.01 secs] 
1287.907: [GC (Allocation Failure) [PSYoungGen: 87392K->34176K(102912K)] 301309K->248093K(762880K), 0.0036678 secs] [Times: user=0.01 sys=0.00, real=0.00 secs] 
1288.155: [GC (Allocation Failure) [PSYoungGen: 84864K->1408K(105472K)] 298781K->215325K(765440K), 0.0029304 secs] [Times: user=0.01 sys=0.00, real=0.00 secs] 
1289.034: [GC (Allocation Failure) [PSYoungGen: 52096K->192K(98304K)] 266013K->214109K(758272K), 0.0013392 secs] [Times: user=0.01 sys=0.00, real=0.01 secs] 
1289.670: [GC (Allocation Failure) [PSYoungGen: 50880K->9632K(60416K)] 264797K->223549K(720384K), 0.0042896 secs] [Times: user=0.02 sys=0.00, real=0.00 secs] 
1290.151: [GC (Allocation Failure) [PSYoungGen: 60320K->17760K(96768K)] 274237K->231677K(756736K), 0.0034508 secs] [Times: user=0.02 sys=0.00, real=0.01 secs] 
1290.493: [GC (Allocation Failure) [PSYoungGen: 68448K->34176K(99328K)] 282365K->248093K(759296K), 0.0049721 secs] [Times: user=0.02 sys=0.00, real=0.01 secs] 
1291.017: [GC (Allocation Failure) [PSYoungGen: 84864K->34176K(100352K)] 298781K->248093K(760320K), 0.0052645 secs] [Times: user=0.03 sys=0.00, real=0.00 secs] 
1291.494: [GC (Allocation Failure) [PSYoungGen: 82304K->34208K(102912K)] 296221K->248125K(762880K), 0.0046499 secs] [Times: user=0.02 sys=0.00, real=0.01 secs] 
1291.965: [GC (Allocation Failure) [PSYoungGen: 82336K->1376K(103936K)] 296253K->215293K(763904K), 0.0024829 secs] [Times: user=0.01 sys=0.00, real=0.00 secs] 
1292.952: [GC (Allocation Failure) [PSYoungGen: 49504K->5536K(53760K)] 263421K->219453K(713728K), 0.0019053 secs] [Times: user=0.00 sys=0.00, real=0.00 secs] 
1293.107: [GC (Allocation Failure) [PSYoungGen: 53664K->17760K(95744K)] 267581K->231677K(755712K), 0.0023030 secs] [Times: user=0.01 sys=0.00, real=0.00 secs] 
1293.305: [GC (Allocation Failure) [PSYoungGen: 63806K->17792K(66048K)] 277723K->231741K(726016K), 0.0021812 secs] [Times: user=0.01 sys=0.00, real=0.00 secs] 
1293.445: [GC (Allocation Failure) [PSYoungGen: 65920K->34176K(93184K)] 279869K->248133K(753152K), 0.0031223 secs] [Times: user=0.01 sys=0.00, real=0.00 secs] 
1293.639: [GC (Allocation Failure) [PSYoungGen: 79232K->34176K(96256K)] 293189K->248133K(756224K), 0.0033877 secs] [Times: user=0.02 sys=0.00, real=0.00 secs] 
1293.828: [GC (Allocation Failure) [PSYoungGen: 79232K->1376K(104448K)] 293189K->215333K(764416K), 0.0017533 secs] [Times: user=0.00 sys=0.00, real=0.00 secs] 
1294.829: [GC (Allocation Failure) [PSYoungGen: 52064K->1440K(104448K)] 266021K->215405K(764416K), 0.0014190 secs] [Times: user=0.00 sys=0.00, real=0.00 secs] 
1295.643: [GC (Allocation Failure) [PSYoungGen: 52128K->9632K(93696K)] 266093K->223597K(753664K), 0.0032095 secs] [Times: user=0.01 sys=0.00, real=0.01 secs] 
1296.140: [GC (Allocation Failure) [PSYoungGen: 60320K->17792K(68608K)] 274285K->231757K(728576K), 0.0044294 secs] [Times: user=0.02 sys=0.00, real=0.01 secs] 
1296.287: [GC (Allocation Failure) [PSYoungGen: 68480K->34176K(95744K)] 282445K->248141K(755712K), 0.0036891 secs] [Times: user=0.01 sys=0.00, real=0.00 secs] 
1296.483: [GC (Allocation Failure) [PSYoungGen: 81792K->34208K(98816K)] 295757K->248173K(758784K), 0.0033617 secs] [Times: user=0.02 sys=0.00, real=0.01 secs] 
1296.681: [GC (Allocation Failure) [PSYoungGen: 81824K->34208K(104960K)] 295789K->248173K(764928K), 0.0034753 secs] [Times: user=0.01 sys=0.00, real=0.00 secs] 
1296.982: [GC (Allocation Failure) [PSYoungGen: 85408K->1344K(107008K)] 299373K->215317K(766976K), 0.0017089 secs] [Times: user=0.00 sys=0.00, real=0.00 secs] 
1298.016: [GC (Allocation Failure) [PSYoungGen: 49020K->5536K(109056K)] 262994K->219509K(769024K), 0.0018470 secs] [Times: user=0.01 sys=0.00, real=0.00 secs] 
1298.387: [GC (Allocation Failure) [PSYoungGen: 61856K->17824K(74240K)] 275829K->231797K(734208K), 0.0024822 secs] [Times: user=0.01 sys=0.00, real=0.00 secs] 
1298.691: [GC (Allocation Failure) [PSYoungGen: 74144K->34208K(103936K)] 288117K->248181K(763904K), 0.0035860 secs] [Times: user=0.02 sys=0.00, real=0.00 secs] 
1298.919: [GC (Allocation Failure) [PSYoungGen: 87456K->34176K(107008K)] 301429K->248149K(766976K), 0.0033993 secs] [Times: user=0.02 sys=0.00, real=0.00 secs] 
1299.178: [GC (Allocation Failure) [PSYoungGen: 87424K->1440K(114688K)] 301397K->215421K(774656K), 0.0017599 secs] [Times: user=0.00 sys=0.00, real=0.00 secs] 
1299.492: [GC (Allocation Failure) [PSYoungGen: 60320K->1376K(60416K)] 274301K->215357K(720384K), 0.0019527 secs] [Times: user=0.01 sys=0.01, real=0.00 secs] 
1300.523: [GC (Allocation Failure) [PSYoungGen: 60256K->9632K(109568K)] 274237K->223613K(769536K), 0.0018980 secs] [Times: user=0.01 sys=0.00, real=0.01 secs] 
1300.744: [GC (Allocation Failure) [PSYoungGen: 68512K->17792K(76800K)] 282493K->231773K(736768K), 0.0021539 secs] [Times: user=0.01 sys=0.00, real=0.01 secs] 
1300.921: [GC (Allocation Failure) [PSYoungGen: 76672K->34208K(105472K)] 290653K->248189K(765440K), 0.0032621 secs] [Times: user=0.01 sys=0.00, real=0.00 secs] 
1301.154: [GC (Allocation Failure) [PSYoungGen: 90016K->34160K(108544K)] 303997K->248157K(768512K), 0.0037971 secs] [Times: user=0.02 sys=0.00, real=0.01 secs] 
1301.388: [GC (Allocation Failure) [PSYoungGen: 89968K->1408K(116224K)] 303965K->215405K(776192K), 0.0021733 secs] [Times: user=0.01 sys=0.00, real=0.00 secs] 
1302.782: [GC (Allocation Failure) [PSYoungGen: 62847K->5536K(67584K)] 276844K->219533K(727552K), 0.0019941 secs] [Times: user=0.01 sys=0.00, real=0.00 secs] 
1303.461: [GC (Allocation Failure) [PSYoungGen: 67488K->17792K(109056K)] 281485K->231789K(769024K), 0.0058459 secs] [Times: user=0.03 sys=0.00, real=0.01 secs] 
1304.051: [GC (Allocation Failure) [PSYoungGen: 79744K->34176K(112128K)] 293741K->248173K(772096K), 0.0071508 secs] [Times: user=0.03 sys=0.00, real=0.01 secs] 
1304.964: [GC (Allocation Failure) [PSYoungGen: 96128K->34176K(113152K)] 310125K->248173K(773120K), 0.0057915 secs] [Times: user=0.03 sys=0.00, real=0.01 secs] 
1305.655: [GC (Allocation Failure) [PSYoungGen: 94080K->1344K(115200K)] 308077K->215341K(775168K), 0.0040972 secs] [Times: user=0.02 sys=0.00, real=0.00 secs] 
1307.127: [GC (Allocation Failure) [PSYoungGen: 61248K->5536K(112128K)] 275245K->219533K(772096K), 0.0018664 secs] [Times: user=0.00 sys=0.00, real=0.00 secs] 
1307.378: [GC (Allocation Failure) [PSYoungGen: 65440K->17792K(77824K)] 279437K->231789K(737792K), 0.0021579 secs] [Times: user=0.01 sys=0.01, real=0.00 secs] 
1307.759: [GC (Allocation Failure) [PSYoungGen: 77696K->34208K(107008K)] 291693K->248205K(766976K), 0.0032259 secs] [Times: user=0.02 sys=0.00, real=0.00 secs] 
1308.382: [GC (Allocation Failure) [PSYoungGen: 91040K->34208K(110080K)] 305037K->248205K(770048K), 0.0040332 secs] [Times: user=0.02 sys=0.00, real=0.01 secs] 
1309.024: [GC (Allocation Failure) [PSYoungGen: 91040K->1408K(111616K)] 305037K->215405K(771584K), 0.0020327 secs] [Times: user=0.00 sys=0.00, real=0.01 secs] 
1310.372: [GC (Allocation Failure) [PSYoungGen: 58240K->128K(57344K)] 272237K->214125K(717312K), 0.0013797 secs] [Times: user=0.01 sys=0.00, real=0.00 secs] 
1311.187: [GC (Allocation Failure) [PSYoungGen: 56960K->9632K(106496K)] 270957K->223629K(766464K), 0.0026572 secs] [Times: user=0.01 sys=0.00, real=0.00 secs] 
1311.691: [GC (Allocation Failure) [PSYoungGen: 66464K->17824K(74752K)] 280461K->231821K(734720K), 0.0034553 secs] [Times: user=0.01 sys=0.00, real=0.00 secs] 
1312.465: [GC (Allocation Failure) [PSYoungGen: 74656K->34208K(102400K)] 288653K->248205K(762368K), 0.0063511 secs] [Times: user=0.03 sys=0.00, real=0.00 secs] 
1313.420: [GC (Allocation Failure) [PSYoungGen: 87456K->34176K(105984K)] 301453K->248173K(765952K), 0.0066813 secs] [Times: user=0.03 sys=0.01, real=0.01 secs] 
1314.230: [GC (Allocation Failure) [PSYoungGen: 87424K->1440K(107520K)] 301421K->215437K(767488K), 0.0036190 secs] [Times: user=0.02 sys=0.00, real=0.00 secs] 
1315.611: [GC (Allocation Failure) [PSYoungGen: 54688K->3504K(56832K)] 268685K->217501K(716800K), 0.0018558 secs] [Times: user=0.00 sys=0.00, real=0.00 secs] 
1316.127: [GC (Allocation Failure) [PSYoungGen: 52261K->9632K(101888K)] 266258K->223629K(761856K), 0.0020131 secs] [Times: user=0.00 sys=0.00, real=0.00 secs] 
1316.793: [GC (Allocation Failure) [PSYoungGen: 62880K->17792K(71168K)] 276877K->231789K(731136K), 0.0033021 secs] [Times: user=0.01 sys=0.01, real=0.01 secs] 
1317.523: [GC (Allocation Failure) [PSYoungGen: 71040K->34176K(97792K)] 285037K->248173K(757760K), 0.0069361 secs] [Times: user=0.03 sys=0.00, real=0.01 secs] 
1318.465: [GC (Allocation Failure) [PSYoungGen: 83840K->34208K(101376K)] 297837K->248213K(761344K), 0.0071953 secs] [Times: user=0.03 sys=0.00, real=0.00 secs] 
1319.389: [GC (Allocation Failure) [PSYoungGen: 83872K->1376K(103424K)] 297877K->215381K(763392K), 0.0035690 secs] [Times: user=0.01 sys=0.00, real=0.00 secs] 
1321.232: [GC (Allocation Failure) [PSYoungGen: 51040K->1696K(51712K)] 265045K->215701K(711680K), 0.0016767 secs] [Times: user=0.01 sys=0.00, real=0.00 secs] 
1321.767: [GC (Allocation Failure) [PSYoungGen: 51360K->9632K(97792K)] 265365K->223637K(757760K), 0.0020874 secs] [Times: user=0.00 sys=0.00, real=0.00 secs] 
1322.221: [GC (Allocation Failure) [PSYoungGen: 59296K->17824K(67584K)] 273301K->231829K(727552K), 0.0030904 secs] [Times: user=0.01 sys=0.00, real=0.00 secs] 
1322.565: [GC (Allocation Failure) [PSYoungGen: 67488K->34176K(94208K)] 281493K->248181K(754176K), 0.0073533 secs] [Times: user=0.04 sys=0.00, real=0.00 secs] 
1322.964: [GC (Allocation Failure) [PSYoungGen: 80256K->34176K(97792K)] 294261K->248181K(757760K), 0.0074449 secs] [Times: user=0.04 sys=0.00, real=0.01 secs] 
1323.365: [GC (Allocation Failure) [PSYoungGen: 80256K->34176K(103424K)] 294261K->248181K(763392K), 0.0056873 secs] [Times: user=0.03 sys=0.00, real=0.00 secs] 
1323.824: [GC (Allocation Failure) [PSYoungGen: 83328K->1408K(105472K)] 297333K->215413K(765440K), 0.0029402 secs] [Times: user=0.01 sys=0.00, real=0.01 secs] 
1324.814: [GC (Allocation Failure) [PSYoungGen: 50560K->5568K(96768K)] 264565K->219573K(756736K), 0.0017988 secs] [Times: user=0.01 sys=0.00, real=0.01 secs] 
1324.990: [GC (Allocation Failure) [PSYoungGen: 54720K->17792K(67072K)] 268725K->231797K(727040K), 0.0020184 secs] [Times: user=0.00 sys=0.00, real=0.00 secs] 
1325.390: [GC (Allocation Failure) [PSYoungGen: 65946K->17824K(94208K)] 279951K->231829K(754176K), 0.0019968 secs] [Times: user=0.01 sys=0.00, real=0.00 secs] 
1325.661: [GC (Allocation Failure) [PSYoungGen: 66976K->34208K(97280K)] 280981K->248229K(757248K), 0.0049082 secs] [Times: user=0.02 sys=0.00, real=0.01 secs] 
1326.091: [GC (Allocation Failure) [PSYoungGen: 83360K->34176K(103424K)] 297381K->248197K(763392K), 0.0054433 secs] [Times: user=0.02 sys=0.00, real=0.01 secs] 
1326.547: [GC (Allocation Failure) [PSYoungGen: 86400K->1376K(105984K)] 300421K->215397K(765952K), 0.0023085 secs] [Times: user=0.01 sys=0.00, real=0.00 secs] 
1327.985: [GC (Allocation Failure) [PSYoungGen: 53600K->2464K(103936K)] 267621K->216485K(763904K), 0.0021334 secs] [Times: user=0.01 sys=0.00, real=0.00 secs] 
1328.664: [GC (Allocation Failure) [PSYoungGen: 52394K->9648K(61952K)] 266415K->223669K(721920K), 0.0037759 secs] [Times: user=0.02 sys=0.00, real=0.01 secs] 
1328.936: [GC (Allocation Failure) [PSYoungGen: 61872K->17760K(96768K)] 275893K->231781K(756736K), 0.0029421 secs] [Times: user=0.01 sys=0.00, real=0.00 secs] 
1329.095: [GC (Allocation Failure) [PSYoungGen: 69984K->34176K(99840K)] 284005K->248197K(759808K), 0.0046480 secs] [Times: user=0.02 sys=0.00, real=0.00 secs] 
1329.410: [GC (Allocation Failure) [PSYoungGen: 86400K->34176K(107008K)] 300421K->248197K(766976K), 0.0035804 secs] [Times: user=0.02 sys=0.00, real=0.00 secs] 
1329.896: [GC (Allocation Failure) [PSYoungGen: 89984K->1392K(109568K)] 304005K->215413K(769536K), 0.0022849 secs] [Times: user=0.01 sys=0.00, real=0.00 secs] 
1331.025: [GC (Allocation Failure) [PSYoungGen: 55791K->3472K(100352K)] 269812K->217493K(760320K), 0.0018952 secs] [Times: user=0.01 sys=0.00, real=0.00 secs] 
1331.198: [GC (Allocation Failure) [PSYoungGen: 59280K->17792K(73728K)] 273301K->231813K(733696K), 0.0023262 secs] [Times: user=0.01 sys=0.00, real=0.00 secs] 
1331.429: [GC (Allocation Failure) [PSYoungGen: 71071K->17808K(107520K)] 285092K->231829K(767488K), 0.0024734 secs] [Times: user=0.02 sys=0.00, real=0.00 secs] 
1331.649: [GC (Allocation Failure) [PSYoungGen: 76176K->34208K(104960K)] 290197K->248229K(764928K), 0.0047351 secs] [Times: user=0.02 sys=0.00, real=0.00 secs] 
1332.054: [GC (Allocation Failure) [PSYoungGen: 92576K->34176K(112640K)] 306597K->248197K(772608K), 0.0065059 secs] [Times: user=0.03 sys=0.00, real=0.01 secs] 
1332.562: [GC (Allocation Failure) [PSYoungGen: 96640K->1344K(115200K)] 310661K->215373K(775168K), 0.0025267 secs] [Times: user=0.01 sys=0.00, real=0.01 secs] 
1334.365: [GC (Allocation Failure) [PSYoungGen: 63808K->9648K(103936K)] 277837K->223693K(763904K), 0.0023362 secs] [Times: user=0.01 sys=0.00, real=0.00 secs] 
1335.369: [GC (Allocation Failure) [PSYoungGen: 72112K->17792K(80384K)] 286157K->231837K(740352K), 0.0040012 secs] [Times: user=0.02 sys=0.00, real=0.00 secs] 
1335.948: [GC (Allocation Failure) [PSYoungGen: 80256K->34176K(107008K)] 294301K->248221K(766976K), 0.0056445 secs] [Times: user=0.03 sys=0.00, real=0.00 secs] 
1336.655: [GC (Allocation Failure) [PSYoungGen: 93568K->34208K(110080K)] 307613K->248253K(770048K), 0.0058084 secs] [Times: user=0.02 sys=0.00, real=0.00 secs] 
1337.009: [GC (Allocation Failure) [PSYoungGen: 93600K->1408K(112640K)] 307645K->215453K(772608K), 0.0019758 secs] [Times: user=0.00 sys=0.00, real=0.00 secs] 
1339.009: [GC (Allocation Failure) [PSYoungGen: 60800K->9632K(69120K)] 274845K->223677K(729088K), 0.0040703 secs] [Times: user=0.02 sys=0.00, real=0.00 secs] 
1340.132: [GC (Allocation Failure) [PSYoungGen: 69024K->17792K(104448K)] 283069K->231845K(764416K), 0.0054424 secs] [Times: user=0.02 sys=0.00, real=0.01 secs] 
1340.860: [GC (Allocation Failure) [PSYoungGen: 77184K->34176K(107520K)] 291237K->248229K(767488K), 0.0092672 secs] [Times: user=0.04 sys=0.00, real=0.01 secs] 
1341.363: [GC (Allocation Failure) [PSYoungGen: 93568K->34176K(108544K)] 307621K->248229K(768512K), 0.0038354 secs] [Times: user=0.02 sys=0.00, real=0.01 secs] 
1341.593: [GC (Allocation Failure) [PSYoungGen: 91520K->1376K(110592K)] 305573K->215429K(770560K), 0.0017242 secs] [Times: user=0.00 sys=0.00, real=0.01 secs] 
1342.905: [GC (Allocation Failure) [PSYoungGen: 58720K->5536K(108544K)] 272773K->219589K(768512K), 0.0026096 secs] [Times: user=0.01 sys=0.00, real=0.00 secs] 
1343.365: [GC (Allocation Failure) [PSYoungGen: 62880K->17760K(75264K)] 276933K->231813K(735232K), 0.0032001 secs] [Times: user=0.02 sys=0.00, real=0.00 secs] 
1343.804: [GC (Allocation Failure) [PSYoungGen: 65917K->17808K(100352K)] 279970K->231861K(760320K), 0.0028383 secs] [Times: user=0.01 sys=0.00, real=0.01 secs] 
1344.197: [GC (Allocation Failure) [PSYoungGen: 75152K->34176K(103424K)] 289205K->248229K(763392K), 0.0048318 secs] [Times: user=0.02 sys=0.00, real=0.00 secs] 
1344.670: [GC (Allocation Failure) [PSYoungGen: 91520K->34176K(103936K)] 305573K->248229K(763904K), 0.0039398 secs] [Times: user=0.02 sys=0.00, real=0.00 secs] 
1345.241: [GC (Allocation Failure) [PSYoungGen: 88960K->1376K(106496K)] 303013K->215437K(766464K), 0.0027748 secs] [Times: user=0.01 sys=0.00, real=0.00 secs] 
1346.420: [GC (Allocation Failure) [PSYoungGen: 53141K->5504K(104960K)] 267202K->219565K(764928K), 0.0025266 secs] [Times: user=0.01 sys=0.00, real=0.00 secs] 
1346.630: [GC (Allocation Failure) [PSYoungGen: 60288K->17824K(72704K)] 274349K->231885K(732672K), 0.0026872 secs] [Times: user=0.02 sys=0.00, real=0.00 secs] 
1346.830: [GC (Allocation Failure) [PSYoungGen: 57026K->17808K(97280K)] 271087K->231877K(757248K), 0.0026645 secs] [Times: user=0.01 sys=0.00, real=0.00 secs] 
1347.171: [GC (Allocation Failure) [PSYoungGen: 72592K->34208K(99840K)] 286661K->248277K(759808K), 0.0036141 secs] [Times: user=0.01 sys=0.00, real=0.01 secs] 
1347.621: [GC (Allocation Failure) [PSYoungGen: 88992K->34176K(99840K)] 303061K->248245K(759808K), 0.0039220 secs] [Times: user=0.01 sys=0.00, real=0.01 secs] 
1348.157: [GC (Allocation Failure) [PSYoungGen: 85888K->1408K(102912K)] 299957K->215477K(762880K), 0.0035686 secs] [Times: user=0.01 sys=0.01, real=0.00 secs] 
1349.382: [GC (Allocation Failure) [PSYoungGen: 53120K->5504K(100864K)] 267189K->219573K(760832K), 0.0020238 secs] [Times: user=0.01 sys=0.00, real=0.00 secs] 
1349.723: [GC (Allocation Failure) [PSYoungGen: 57216K->17760K(69632K)] 271285K->231829K(729600K), 0.0024437 secs] [Times: user=0.01 sys=0.00, real=0.01 secs] 
1350.168: [GC (Allocation Failure) [PSYoungGen: 68343K->17808K(93696K)] 282412K->231877K(753664K), 0.0046397 secs] [Times: user=0.02 sys=0.00, real=0.00 secs] 
1350.494: [GC (Allocation Failure) [PSYoungGen: 69520K->34208K(96256K)] 283589K->248277K(756224K), 0.0048391 secs] [Times: user=0.02 sys=0.00, real=0.01 secs] 
1350.796: [GC (Allocation Failure) [PSYoungGen: 85920K->34176K(96256K)] 299989K->248245K(756224K), 0.0034751 secs] [Times: user=0.01 sys=0.00, real=0.00 secs] 
1351.032: [GC (Allocation Failure) [PSYoungGen: 82816K->1344K(99328K)] 296885K->215413K(759296K), 0.0018304 secs] [Times: user=0.01 sys=0.00, real=0.00 secs] 
1352.186: [GC (Allocation Failure) [PSYoungGen: 49984K->2464K(99328K)] 264053K->216533K(759296K), 0.0028923 secs] [Times: user=0.01 sys=0.00, real=0.00 secs] 
1353.044: [GC (Allocation Failure) [PSYoungGen: 51104K->9632K(58368K)] 265173K->223701K(718336K), 0.0032383 secs] [Times: user=0.01 sys=0.00, real=0.01 secs] 
1353.662: [GC (Allocation Failure) [PSYoungGen: 58272K->17792K(91136K)] 272341K->231861K(751104K), 0.0033164 secs] [Times: user=0.01 sys=0.00, real=0.01 secs] 
1354.058: [GC (Allocation Failure) [PSYoungGen: 66432K->34176K(94208K)] 280501K->248269K(754176K), 0.0077188 secs] [Times: user=0.04 sys=0.00, real=0.01 secs] 
1354.547: [GC (Allocation Failure) [PSYoungGen: 82816K->34160K(94720K)] 296909K->248253K(754688K), 0.0035943 secs] [Times: user=0.02 sys=0.00, real=0.00 secs] 
1354.886: [GC (Allocation Failure) [PSYoungGen: 79728K->1360K(97792K)] 293821K->215453K(757760K), 0.0022373 secs] [Times: user=0.01 sys=0.00, real=0.00 secs] 
1355.266: [GC (Allocation Failure) [PSYoungGen: 46928K->1344K(96768K)] 261021K->215437K(756736K), 0.0020621 secs] [Times: user=0.01 sys=0.00, real=0.00 secs] 
1356.428: [GC (Allocation Failure) [PSYoungGen: 46912K->5504K(51200K)] 261005K->219597K(711168K), 0.0018297 secs] [Times: user=0.01 sys=0.00, real=0.00 secs] 
1356.791: [GC (Allocation Failure) [PSYoungGen: 51072K->17824K(90624K)] 265165K->231917K(750592K), 0.0026116 secs] [Times: user=0.01 sys=0.00, real=0.00 secs] 
1357.321: [GC (Allocation Failure) [PSYoungGen: 63392K->17792K(63488K)] 277485K->231885K(723456K), 0.0062316 secs] [Times: user=0.02 sys=0.00, real=0.01 secs] 
1357.667: [GC (Allocation Failure) [PSYoungGen: 63360K->34176K(86528K)] 277453K->248269K(746496K), 0.0067298 secs] [Times: user=0.04 sys=0.00, real=0.00 secs] 
1358.057: [GC (Allocation Failure) [PSYoungGen: 75648K->34176K(90624K)] 289741K->248269K(750592K), 0.0053717 secs] [Times: user=0.03 sys=0.00, real=0.00 secs] 
1358.610: [GC (Allocation Failure) [PSYoungGen: 75648K->34208K(96256K)] 289741K->248301K(756224K), 0.0056218 secs] [Times: user=0.03 sys=0.00, real=0.01 secs] 
1359.315: [GC (Allocation Failure) [PSYoungGen: 78240K->1408K(98304K)] 292333K->215501K(758272K), 0.0037759 secs] [Times: user=0.01 sys=0.00, real=0.00 secs] 
1360.868: [GC (Allocation Failure) [PSYoungGen: 45440K->5568K(96256K)] 259533K->219661K(756224K), 0.0019503 secs] [Times: user=0.01 sys=0.00, real=0.00 secs] 
1361.357: [GC (Allocation Failure) [PSYoungGen: 46631K->9584K(53760K)] 260724K->223677K(713728K), 0.0019107 secs] [Times: user=0.00 sys=0.00, real=0.00 secs] 
1361.800: [GC (Allocation Failure) [PSYoungGen: 53616K->17760K(88576K)] 267709K->231853K(748544K), 0.0022881 secs] [Times: user=0.02 sys=0.00, real=0.00 secs] 
1362.051: [GC (Allocation Failure) [PSYoungGen: 61792K->34176K(91648K)] 275885K->248269K(751616K), 0.0073104 secs] [Times: user=0.03 sys=0.00, real=0.01 secs] 
1362.237: [GC (Allocation Failure) [PSYoungGen: 78208K->34176K(97792K)] 292301K->248269K(757760K), 0.0035239 secs] [Times: user=0.01 sys=0.01, real=0.00 secs] 
1362.463: [GC (Allocation Failure) [PSYoungGen: 80768K->34208K(100352K)] 294861K->248301K(760320K), 0.0047318 secs] [Times: user=0.02 sys=0.00, real=0.01 secs] 
1362.682: [GC (Allocation Failure) [PSYoungGen: 80800K->1360K(107520K)] 294893K->215477K(767488K), 0.0018317 secs] [Times: user=0.01 sys=0.00, real=0.00 secs] 
1363.674: [GC (Allocation Failure) [PSYoungGen: 53584K->5504K(108032K)] 267701K->219621K(768000K), 0.0018760 secs] [Times: user=0.01 sys=0.00, real=0.01 secs] 
1363.841: [GC (Allocation Failure) [PSYoungGen: 57728K->17824K(105984K)] 271845K->231941K(765952K), 0.0026484 secs] [Times: user=0.01 sys=0.01, real=0.00 secs] 
1364.083: [GC (Allocation Failure) [PSYoungGen: 64488K->17792K(109056K)] 278605K->231909K(769024K), 0.0022739 secs] [Times: user=0.01 sys=0.00, real=0.01 secs] 
1364.324: [GC (Allocation Failure) [PSYoungGen: 76160K->34176K(109568K)] 290277K->248301K(769536K), 0.0044773 secs] [Times: user=0.02 sys=0.01, real=0.01 secs] 
1364.584: [GC (Allocation Failure) [PSYoungGen: 96128K->34144K(112640K)] 310253K->248269K(772608K), 0.0034459 secs] [Times: user=0.02 sys=0.00, real=0.01 secs] 
1364.849: [GC (Allocation Failure) [PSYoungGen: 96096K->1376K(121856K)] 310221K->215501K(781824K), 0.0019803 secs] [Times: user=0.01 sys=0.00, real=0.00 secs] 
1366.093: [GC (Allocation Failure) [PSYoungGen: 70496K->9664K(78336K)] 284621K->223915K(738304K), 0.0019694 secs] [Times: user=0.01 sys=0.00, real=0.01 secs] 
1366.594: [GC (Allocation Failure) [PSYoungGen: 72624K->17824K(112640K)] 286875K->232075K(772608K), 0.0024163 secs] [Times: user=0.01 sys=0.00, real=0.01 secs] 
1367.013: [GC (Allocation Failure) [PSYoungGen: 85920K->34208K(115712K)] 300171K->248459K(775680K), 0.0037907 secs] [Times: user=0.02 sys=0.00, real=0.01 secs] 
1367.325: [GC (Allocation Failure) [PSYoungGen: 101792K->1376K(117760K)] 316043K->215627K(777728K), 0.0019184 secs] [Times: user=0.01 sys=0.00, real=0.00 secs] 
1368.366: [GC (Allocation Failure) [PSYoungGen: 68448K->3488K(70656K)] 282699K->217739K(730624K), 0.0016746 secs] [Times: user=0.00 sys=0.00, real=0.00 secs] 
1368.835: [GC (Allocation Failure) [PSYoungGen: 70560K->17824K(112128K)] 284811K->232075K(772096K), 0.0024288 secs] [Times: user=0.01 sys=0.00, real=0.00 secs] 
1369.274: [GC (Allocation Failure) [PSYoungGen: 84896K->34208K(114688K)] 299147K->248459K(774656K), 0.0037960 secs] [Times: user=0.02 sys=0.00, real=0.01 secs] 
1369.737: [GC (Allocation Failure) [PSYoungGen: 101280K->34176K(114688K)] 315531K->248427K(774656K), 0.0041795 secs] [Times: user=0.02 sys=0.00, real=0.00 secs] 
1370.273: [GC (Allocation Failure) [PSYoungGen: 98176K->1344K(65536K)] 312427K->215595K(725504K), 0.0021750 secs] [Times: user=0.01 sys=0.00, real=0.01 secs] 
1371.671: [GC (Allocation Failure) [PSYoungGen: 65344K->5568K(115200K)] 279595K->219819K(775168K), 0.0019590 secs] [Times: user=0.01 sys=0.00, real=0.00 secs] 
1372.050: [GC (Allocation Failure) [PSYoungGen: 69568K->17792K(81920K)] 283819K->232043K(741888K), 0.0029714 secs] [Times: user=0.01 sys=0.00, real=0.00 secs] 
1372.250: [GC (Allocation Failure) [PSYoungGen: 81792K->34176K(109056K)] 296043K->248427K(769024K), 0.0039418 secs] [Times: user=0.02 sys=0.00, real=0.00 secs] 
1372.528: [GC (Allocation Failure) [PSYoungGen: 94592K->34208K(112640K)] 308843K->248459K(772608K), 0.0039284 secs] [Times: user=0.01 sys=0.01, real=0.00 secs] 
1372.968: [GC (Allocation Failure) [PSYoungGen: 94624K->1376K(108032K)] 308875K->215627K(768000K), 0.0023315 secs] [Times: user=0.01 sys=0.00, real=0.00 secs] 
1374.077: [GC (Allocation Failure) [PSYoungGen: 61792K->5568K(66048K)] 276043K->219819K(726016K), 0.0019949 secs] [Times: user=0.01 sys=0.00, real=0.00 secs] 
1374.519: [GC (Allocation Failure) [PSYoungGen: 65984K->17824K(107008K)] 280235K->232091K(766976K), 0.0025883 secs] [Times: user=0.01 sys=0.00, real=0.00 secs] 
1374.767: [GC (Allocation Failure) [PSYoungGen: 78240K->34176K(110080K)] 292507K->248443K(770048K), 0.0037156 secs] [Times: user=0.02 sys=0.00, real=0.00 secs] 
1375.074: [GC (Allocation Failure) [PSYoungGen: 94592K->34208K(111104K)] 308859K->248475K(771072K), 0.0038112 secs] [Times: user=0.02 sys=0.00, real=0.01 secs] 
1375.318: [GC (Allocation Failure) [PSYoungGen: 92576K->1360K(113152K)] 306843K->215627K(773120K), 0.0017706 secs] [Times: user=0.00 sys=0.00, real=0.00 secs] 
1376.525: [GC (Allocation Failure) [PSYoungGen: 59664K->1952K(112128K)] 273931K->216219K(772096K), 0.0017513 secs] [Times: user=0.01 sys=0.00, real=0.00 secs] 
1376.996: [GC (Allocation Failure) [PSYoungGen: 57773K->9584K(68096K)] 272040K->223851K(728064K), 0.0020603 secs] [Times: user=0.01 sys=0.00, real=0.00 secs] 
1377.451: [GC (Allocation Failure) [PSYoungGen: 67952K->17824K(103936K)] 282219K->232091K(763904K), 0.0026310 secs] [Times: user=0.01 sys=0.00, real=0.00 secs] 
1377.663: [GC (Allocation Failure) [PSYoungGen: 76192K->34176K(107008K)] 290459K->248443K(766976K), 0.0034422 secs] [Times: user=0.02 sys=0.00, real=0.01 secs] 
1377.914: [GC (Allocation Failure) [PSYoungGen: 92544K->34208K(108032K)] 306811K->248475K(768000K), 0.0032786 secs] [Times: user=0.02 sys=0.00, real=0.01 secs] 
1378.149: [GC (Allocation Failure) [PSYoungGen: 90016K->1408K(57344K)] 304283K->215675K(717312K), 0.0018176 secs] [Times: user=0.00 sys=0.00, real=0.00 secs] 
1379.637: [GC (Allocation Failure) [PSYoungGen: 54018K->5472K(107008K)] 268285K->219739K(766976K), 0.0020973 secs] [Times: user=0.01 sys=0.00, real=0.00 secs] 
1380.477: [GC (Allocation Failure) [PSYoungGen: 61280K->17792K(73728K)] 275547K->232059K(733696K), 0.0030053 secs] [Times: user=0.01 sys=0.00, real=0.00 secs] 
1380.947: [GC (Allocation Failure) [PSYoungGen: 73600K->34208K(102400K)] 287867K->248475K(762368K), 0.0045764 secs] [Times: user=0.02 sys=0.00, real=0.00 secs] 
1381.403: [GC (Allocation Failure) [PSYoungGen: 86944K->34176K(105472K)] 301211K->248443K(765440K), 0.0047399 secs] [Times: user=0.02 sys=0.00, real=0.01 secs] 
1381.725: [GC (Allocation Failure) [PSYoungGen: 86912K->34176K(106496K)] 301179K->248443K(766464K), 0.0036001 secs] [Times: user=0.02 sys=0.00, real=0.00 secs] 
1382.125: [GC (Allocation Failure) [PSYoungGen: 85376K->1376K(108032K)] 299643K->215643K(768000K), 0.0018261 secs] [Times: user=0.00 sys=0.00, real=0.00 secs] 
1383.742: [GC (Allocation Failure) [PSYoungGen: 48499K->5536K(104960K)] 262766K->219803K(764928K), 0.0021684 secs] [Times: user=0.01 sys=0.00, real=0.00 secs] 
1384.411: [GC (Allocation Failure) [PSYoungGen: 56736K->17824K(69120K)] 271003K->232091K(729088K), 0.0040908 secs] [Times: user=0.02 sys=0.00, real=0.01 secs] 
1384.979: [GC (Allocation Failure) [PSYoungGen: 60592K->17824K(96768K)] 274859K->232091K(756736K), 0.0034427 secs] [Times: user=0.01 sys=0.00, real=0.00 secs] 
1385.623: [GC (Allocation Failure) [PSYoungGen: 69024K->34144K(99840K)] 283291K->248427K(759808K), 0.0050032 secs] [Times: user=0.02 sys=0.00, real=0.01 secs] 
1386.514: [GC (Allocation Failure) [PSYoungGen: 85344K->34176K(100864K)] 299627K->248459K(760832K), 0.0058497 secs] [Times: user=0.03 sys=0.00, real=0.01 secs] 
1387.226: [GC (Allocation Failure) [PSYoungGen: 83328K->1376K(102912K)] 297611K->215659K(762880K), 0.0030240 secs] [Times: user=0.01 sys=0.00, real=0.00 secs] 
1389.343: [GC (Allocation Failure) [PSYoungGen: 50528K->3520K(101888K)] 264811K->217803K(761856K), 0.0038354 secs] [Times: user=0.02 sys=0.00, real=0.01 secs] 
1389.804: [GC (Allocation Failure) [PSYoungGen: 52672K->9568K(58880K)] 266955K->223851K(718848K), 0.0026514 secs] [Times: user=0.01 sys=0.00, real=0.01 secs] 
1390.135: [GC (Allocation Failure) [PSYoungGen: 58720K->17760K(93696K)] 273003K->232043K(753664K), 0.0034931 secs] [Times: user=0.01 sys=0.00, real=0.00 secs] 
1390.414: [GC (Allocation Failure) [PSYoungGen: 66912K->34208K(96768K)] 281195K->248491K(756736K), 0.0042242 secs] [Times: user=0.02 sys=0.00, real=0.01 secs] 
1390.710: [GC (Allocation Failure) [PSYoungGen: 83360K->34176K(97792K)] 297643K->248459K(757760K), 0.0045096 secs] [Times: user=0.03 sys=0.00, real=0.01 secs] 
1391.006: [GC (Allocation Failure) [PSYoungGen: 80768K->1344K(100352K)] 295051K->215627K(760320K), 0.0017357 secs] [Times: user=0.01 sys=0.00, real=0.00 secs] 
1391.357: [GC (Allocation Failure) [PSYoungGen: 47936K->1440K(98304K)] 262219K->215723K(758272K), 0.0018606 secs] [Times: user=0.01 sys=0.00, real=0.00 secs] 
1392.463: [GC (Allocation Failure) [PSYoungGen: 46691K->5520K(52224K)] 260974K->219803K(712192K), 0.0019028 secs] [Times: user=0.01 sys=0.00, real=0.01 secs] 
1392.871: [GC (Allocation Failure) [PSYoungGen: 52112K->17792K(92672K)] 266395K->232075K(752640K), 0.0022427 secs] [Times: user=0.01 sys=0.00, real=0.00 secs] 
1393.424: [GC (Allocation Failure) [PSYoungGen: 64384K->17792K(64512K)] 278667K->232075K(724480K), 0.0022165 secs] [Times: user=0.01 sys=0.00, real=0.01 secs] 
1393.680: [GC (Allocation Failure) [PSYoungGen: 64384K->34208K(89088K)] 278667K->248491K(749056K), 0.0030547 secs] [Times: user=0.02 sys=0.00, real=0.00 secs] 
1394.060: [GC (Allocation Failure) [PSYoungGen: 77216K->34208K(92672K)] 291499K->248491K(752640K), 0.0031726 secs] [Times: user=0.01 sys=0.00, real=0.00 secs] 
1394.430: [GC (Allocation Failure) [PSYoungGen: 77216K->1376K(94720K)] 291499K->215659K(754688K), 0.0018711 secs] [Times: user=0.00 sys=0.00, real=0.00 secs] 
1394.737: [GC (Allocation Failure) [PSYoungGen: 44384K->1376K(44544K)] 258667K->215667K(704512K), 0.0017336 secs] [Times: user=0.01 sys=0.00, real=0.00 secs] 
1395.819: [GC (Allocation Failure) [PSYoungGen: 44384K->5568K(91648K)] 258675K->219867K(751616K), 0.0019805 secs] [Times: user=0.01 sys=0.00, real=0.00 secs] 
1396.072: [GC (Allocation Failure) [PSYoungGen: 40635K->9584K(52736K)] 254934K->223891K(712704K), 0.0018752 secs] [Times: user=0.01 sys=0.00, real=0.00 secs] 
1396.234: [GC (Allocation Failure) [PSYoungGen: 52592K->17824K(86528K)] 266899K->232131K(746496K), 0.0024556 secs] [Times: user=0.01 sys=0.00, real=0.01 secs] 
1396.346: [GC (Allocation Failure) [PSYoungGen: 60832K->34176K(88576K)] 275139K->248483K(748544K), 0.0040848 secs] [Times: user=0.02 sys=0.00, real=0.00 secs] 
1396.545: [GC (Allocation Failure) [PSYoungGen: 77184K->34208K(95232K)] 291491K->248515K(755200K), 0.0045010 secs] [Times: user=0.02 sys=0.00, real=0.00 secs] 
1396.955: [GC (Allocation Failure) [PSYoungGen: 79776K->34176K(98304K)] 294083K->248483K(758272K), 0.0039050 secs] [Times: user=0.02 sys=0.00, real=0.00 secs] 
1397.482: [GC (Allocation Failure) [PSYoungGen: 79744K->1408K(105472K)] 294051K->215731K(765440K), 0.0036518 secs] [Times: user=0.01 sys=0.00, real=0.01 secs] 
1398.895: [GC (Allocation Failure) [PSYoungGen: 52608K->5536K(105984K)] 266931K->219859K(765952K), 0.0018628 secs] [Times: user=0.00 sys=0.01, real=0.00 secs] 
1399.243: [GC (Allocation Failure) [PSYoungGen: 56736K->17824K(93184K)] 271059K->232147K(753152K), 0.0029089 secs] [Times: user=0.02 sys=0.00, real=0.01 secs] 
1399.491: [GC (Allocation Failure) [PSYoungGen: 69024K->17744K(101376K)] 283347K->232067K(761344K), 0.0039334 secs] [Times: user=0.01 sys=0.00, real=0.01 secs] 
1399.639: [GC (Allocation Failure) [PSYoungGen: 68944K->34208K(100352K)] 283267K->248547K(760320K), 0.0049699 secs] [Times: user=0.02 sys=0.00, real=0.00 secs] 
1399.863: [GC (Allocation Failure) [PSYoungGen: 87456K->34176K(103936K)] 301795K->248531K(763904K), 0.0035357 secs] [Times: user=0.01 sys=0.00, real=0.01 secs] 
1400.086: [GC (Allocation Failure) [PSYoungGen: 87424K->1344K(111616K)] 301779K->215699K(771584K), 0.0019422 secs] [Times: user=0.01 sys=0.00, real=0.00 secs] 
1401.064: [GC (Allocation Failure) [PSYoungGen: 61248K->5568K(112640K)] 275603K->219923K(772608K), 0.0015489 secs] [Times: user=0.01 sys=0.00, real=0.01 secs] 
1401.261: [GC (Allocation Failure) [PSYoungGen: 65472K->17792K(112128K)] 279827K->232163K(772096K), 0.0021293 secs] [Times: user=0.01 sys=0.00, real=0.00 secs] 
1401.470: [GC (Allocation Failure) [PSYoungGen: 84352K->34208K(115200K)] 298723K->248579K(775168K), 0.0048334 secs] [Times: user=0.02 sys=0.00, real=0.01 secs] 
1401.750: [GC (Allocation Failure) [PSYoungGen: 100768K->34144K(123904K)] 315139K->248515K(783872K), 0.0051474 secs] [Times: user=0.02 sys=0.00, real=0.01 secs] 
1402.067: [GC (Allocation Failure) [PSYoungGen: 106336K->96K(126464K)] 320707K->215780K(786432K), 0.0018739 secs] [Times: user=0.01 sys=0.00, real=0.00 secs] 
1403.595: [GC (Allocation Failure) [PSYoungGen: 72288K->9696K(129024K)] 287972K->225388K(788992K), 0.0023858 secs] [Times: user=0.01 sys=0.00, real=0.00 secs] 
1403.958: [GC (Allocation Failure) [PSYoungGen: 84960K->17808K(97280K)] 300652K->233500K(757248K), 0.0028922 secs] [Times: user=0.01 sys=0.00, real=0.00 secs] 
1404.537: [GC (Allocation Failure) [PSYoungGen: 97168K->34208K(124928K)] 312860K->249908K(784896K), 0.0041617 secs] [Times: user=0.02 sys=0.00, real=0.00 secs] 
1405.386: [GC (Allocation Failure) [PSYoungGen: 110496K->1373K(77312K)] 326196K->217073K(737280K), 0.0020966 secs] [Times: user=0.01 sys=0.00, real=0.00 secs] 
1407.469: [GC (Allocation Failure) [PSYoungGen: 77149K->9693K(122368K)] 292849K->225393K(782336K), 0.0027691 secs] [Times: user=0.01 sys=0.00, real=0.00 secs] 
1407.743: [GC (Allocation Failure) [PSYoungGen: 84957K->17824K(92672K)] 300657K->233524K(752640K), 0.0025832 secs] [Times: user=0.01 sys=0.00, real=0.01 secs] 
1408.245: [GC (Allocation Failure) [PSYoungGen: 92576K->34205K(117760K)] 308276K->249905K(777728K), 0.0043770 secs] [Times: user=0.02 sys=0.00, real=0.00 secs] 
1408.862: [GC (Allocation Failure) [PSYoungGen: 105373K->1408K(72192K)] 321073K->217108K(732160K), 0.0030072 secs] [Times: user=0.01 sys=0.00, real=0.01 secs] 
1410.639: [GC (Allocation Failure) [PSYoungGen: 72064K->5600K(116736K)] 287764K->221300K(776704K), 0.0037446 secs] [Times: user=0.01 sys=0.00, real=0.00 secs] 
1411.229: [GC (Allocation Failure) [PSYoungGen: 75744K->17821K(87552K)] 291444K->233521K(747520K), 0.0052600 secs] [Times: user=0.03 sys=0.00, real=0.00 secs] 
1411.559: [GC (Allocation Failure) [PSYoungGen: 87453K->34208K(112128K)] 303153K->249908K(772096K), 0.0035900 secs] [Times: user=0.02 sys=0.00, real=0.00 secs] 
1411.839: [GC (Allocation Failure) [PSYoungGen: 100256K->34208K(115712K)] 315956K->249908K(775680K), 0.0037674 secs] [Times: user=0.02 sys=0.00, real=0.00 secs] 
1412.236: [GC (Allocation Failure) [PSYoungGen: 100256K->1453K(118784K)] 315956K->217153K(778752K), 0.0017704 secs] [Times: user=0.00 sys=0.00, real=0.00 secs] 
1413.477: [GC (Allocation Failure) [PSYoungGen: 67501K->9664K(75776K)] 283201K->225364K(735744K), 0.0019674 secs] [Times: user=0.01 sys=0.00, real=0.00 secs] 
1413.985: [GC (Allocation Failure) [PSYoungGen: 75712K->17856K(111104K)] 291412K->233556K(771072K), 0.0025754 secs] [Times: user=0.01 sys=0.00, real=0.00 secs] 
1414.286: [GC (Allocation Failure) [PSYoungGen: 83904K->34208K(113664K)] 299604K->249953K(773632K), 0.0034639 secs] [Times: user=0.02 sys=0.00, real=0.00 secs] 
1414.620: [GC (Allocation Failure) [PSYoungGen: 100256K->34176K(114176K)] 316001K->249929K(774144K), 0.0035999 secs] [Times: user=0.02 sys=0.00, real=0.00 secs] 
1415.126: [GC (Allocation Failure) [PSYoungGen: 97664K->1408K(116736K)] 313417K->217169K(776704K), 0.0019235 secs] [Times: user=0.01 sys=0.00, real=0.00 secs] 
1416.391: [GC (Allocation Failure) [PSYoungGen: 64896K->9632K(112640K)] 280657K->225401K(772608K), 0.0021235 secs] [Times: user=0.01 sys=0.00, real=0.00 secs] 
1416.636: [GC (Allocation Failure) [PSYoungGen: 73120K->17824K(81408K)] 288889K->233601K(741376K), 0.0027078 secs] [Times: user=0.01 sys=0.00, real=0.00 secs] 
1416.893: [GC (Allocation Failure) [PSYoungGen: 81312K->34208K(108544K)] 297089K->249993K(768512K), 0.0036026 secs] [Times: user=0.02 sys=0.00, real=0.01 secs] 
1417.412: [GC (Allocation Failure) [PSYoungGen: 94624K->34208K(111616K)] 310409K->250001K(771584K), 0.0033445 secs] [Times: user=0.01 sys=0.00, real=0.01 secs] 
1417.928: [GC (Allocation Failure) [PSYoungGen: 94624K->1408K(114176K)] 310417K->217209K(774144K), 0.0035555 secs] [Times: user=0.02 sys=0.00, real=0.00 secs] 
1419.329: [GC (Allocation Failure) [PSYoungGen: 61824K->9664K(70144K)] 277625K->225481K(730112K), 0.0019692 secs] [Times: user=0.01 sys=0.00, real=0.00 secs] 
1419.761: [GC (Allocation Failure) [PSYoungGen: 70080K->17792K(104960K)] 285897K->233617K(764928K), 0.0058045 secs] [Times: user=0.02 sys=0.00, real=0.01 secs] 
1420.179: [GC (Allocation Failure) [PSYoungGen: 78208K->34176K(108544K)] 294033K->250009K(768512K), 0.0062580 secs] [Times: user=0.03 sys=0.00, real=0.01 secs] 
1420.468: [GC (Allocation Failure) [PSYoungGen: 94592K->34208K(109056K)] 310425K->250041K(769024K), 0.0035131 secs] [Times: user=0.02 sys=0.00, real=0.00 secs] 
1420.714: [GC (Allocation Failure) [PSYoungGen: 92064K->1408K(111616K)] 307897K->217249K(771584K), 0.0019909 secs] [Times: user=0.01 sys=0.00, real=0.01 secs] 
1421.740: [GC (Allocation Failure) [PSYoungGen: 58784K->5536K(109568K)] 274625K->221385K(769536K), 0.0020202 secs] [Times: user=0.01 sys=0.00, real=0.00 secs] 
1422.086: [GC (Allocation Failure) [PSYoungGen: 63392K->17760K(75776K)] 279241K->233617K(735744K), 0.0023657 secs] [Times: user=0.01 sys=0.00, real=0.00 secs] 
1422.408: [GC (Allocation Failure) [PSYoungGen: 75616K->34176K(103936K)] 291473K->250041K(763904K), 0.0032010 secs] [Times: user=0.01 sys=0.00, real=0.00 secs] 
1422.920: [GC (Allocation Failure) [PSYoungGen: 88960K->34208K(107008K)] 304825K->250073K(766976K), 0.0037282 secs] [Times: user=0.02 sys=0.00, real=0.00 secs] 
1423.406: [GC (Allocation Failure) [PSYoungGen: 88992K->1376K(109056K)] 304857K->217249K(769024K), 0.0019052 secs] [Times: user=0.01 sys=0.00, real=0.00 secs] 
1424.019: [GC (Allocation Failure) [PSYoungGen: 56089K->272K(55296K)] 271962K->216169K(715264K), 0.0016449 secs] [Times: user=0.01 sys=0.00, real=0.00 secs] 
1425.037: [GC (Allocation Failure) [PSYoungGen: 55056K->9632K(104448K)] 270953K->225537K(764416K), 0.0023347 secs] [Times: user=0.01 sys=0.00, real=0.00 secs] 
1425.231: [GC (Allocation Failure) [PSYoungGen: 64416K->17824K(72704K)] 280321K->233737K(732672K), 0.0027794 secs] [Times: user=0.01 sys=0.00, real=0.00 secs] 
1425.420: [GC (Allocation Failure) [PSYoungGen: 72608K->34208K(99840K)] 288521K->250121K(759808K), 0.0035213 secs] [Times: user=0.02 sys=0.00, real=0.00 secs] 
1425.641: [GC (Allocation Failure) [PSYoungGen: 85408K->34176K(103424K)] 301321K->250097K(763392K), 0.0045947 secs] [Times: user=0.02 sys=0.00, real=0.01 secs] 
1425.901: [GC (Allocation Failure) [PSYoungGen: 85376K->1376K(110080K)] 301297K->217305K(770048K), 0.0021508 secs] [Times: user=0.01 sys=0.00, real=0.00 secs] 
1426.931: [GC (Allocation Failure) [PSYoungGen: 58208K->1936K(58880K)] 274137K->217873K(718848K), 0.0017694 secs] [Times: user=0.01 sys=0.00, real=0.00 secs] 
1427.426: [GC (Allocation Failure) [PSYoungGen: 58768K->9600K(104960K)] 274705K->225537K(764928K), 0.0019542 secs] [Times: user=0.01 sys=0.00, real=0.00 secs] 
1427.957: [GC (Allocation Failure) [PSYoungGen: 66432K->17824K(74752K)] 282369K->233761K(734720K), 0.0054327 secs] [Times: user=0.02 sys=0.00, real=0.00 secs] 
1428.374: [GC (Allocation Failure) [PSYoungGen: 74656K->34208K(101376K)] 290593K->250153K(761344K), 0.0050299 secs] [Times: user=0.02 sys=0.00, real=0.01 secs] 
1428.782: [GC (Allocation Failure) [PSYoungGen: 87456K->34176K(104960K)] 303401K->250129K(764928K), 0.0057240 secs] [Times: user=0.02 sys=0.00, real=0.01 secs] 
1429.174: [GC (Allocation Failure) [PSYoungGen: 87424K->1440K(100864K)] 303377K->217401K(760832K), 0.0024315 secs] [Times: user=0.01 sys=0.00, real=0.01 secs] 
1430.344: [GC (Allocation Failure) [PSYoungGen: 54688K->5504K(58880K)] 270649K->221473K(718848K), 0.0019019 secs] [Times: user=0.00 sys=0.00, real=0.01 secs] 
1430.692: [GC (Allocation Failure) [PSYoungGen: 58752K->17824K(99328K)] 274721K->233793K(759296K), 0.0032881 secs] [Times: user=0.01 sys=0.00, real=0.01 secs] 
1431.129: [GC (Allocation Failure) [PSYoungGen: 67843K->17808K(71168K)] 283812K->233785K(731136K), 0.0034706 secs] [Times: user=0.02 sys=0.00, real=0.00 secs] 
1431.430: [GC (Allocation Failure) [PSYoungGen: 71056K->34176K(96256K)] 287033K->250153K(756224K), 0.0046705 secs] [Times: user=0.02 sys=0.00, real=0.01 secs] 
1431.762: [GC (Allocation Failure) [PSYoungGen: 83840K->34240K(99840K)] 299817K->250225K(759808K), 0.0041775 secs] [Times: user=0.02 sys=0.00, real=0.01 secs] 
1432.150: [GC (Allocation Failure) [PSYoungGen: 83904K->1408K(96768K)] 299889K->217401K(756736K), 0.0021808 secs] [Times: user=0.01 sys=0.00, real=0.00 secs] 
1433.236: [GC (Allocation Failure) [PSYoungGen: 51072K->2464K(52224K)] 267065K->218465K(712192K), 0.0017417 secs] [Times: user=0.01 sys=0.00, real=0.00 secs] 
1433.450: [GC (Allocation Failure) [PSYoungGen: 52128K->9616K(96768K)] 268129K->225617K(756736K), 0.0019622 secs] [Times: user=0.01 sys=0.00, real=0.00 secs] 
1433.624: [GC (Allocation Failure) [PSYoungGen: 59280K->17824K(67584K)] 275281K->233833K(727552K), 0.0022735 secs] [Times: user=0.01 sys=0.00, real=0.01 secs] 
1433.776: [GC (Allocation Failure) [PSYoungGen: 67488K->34176K(93184K)] 283497K->250209K(753152K), 0.0032335 secs] [Times: user=0.02 sys=0.00, real=0.00 secs] 
1433.969: [GC (Allocation Failure) [PSYoungGen: 80256K->34208K(96768K)] 296289K->250249K(756736K), 0.0034119 secs] [Times: user=0.01 sys=0.00, real=0.00 secs] 
1434.162: [GC (Allocation Failure) [PSYoungGen: 80288K->1408K(103936K)] 296329K->217457K(763904K), 0.0016981 secs] [Times: user=0.00 sys=0.00, real=0.00 secs] 
1434.375: [GC (Allocation Failure) [PSYoungGen: 52608K->1408K(104448K)] 268657K->217473K(764416K), 0.0017283 secs] [Times: user=0.01 sys=0.00, real=0.00 secs] 
1435.468: [GC (Allocation Failure) [PSYoungGen: 52608K->9664K(92672K)] 268673K->225737K(752640K), 0.0019284 secs] [Times: user=0.01 sys=0.00, real=0.00 secs] 
1435.920: [GC (Allocation Failure) [PSYoungGen: 60864K->17792K(69120K)] 276937K->233865K(729088K), 0.0029134 secs] [Times: user=0.01 sys=0.00, real=0.00 secs] 
1436.304: [GC (Allocation Failure) [PSYoungGen: 68992K->34240K(94208K)] 285065K->250313K(754176K), 0.0042800 secs] [Times: user=0.02 sys=0.00, real=0.01 secs] 
1436.855: [GC (Allocation Failure) [PSYoungGen: 81344K->34176K(98304K)] 297417K->250249K(758272K), 0.0078321 secs] [Times: user=0.04 sys=0.00, real=0.00 secs] 
1437.484: [GC (Allocation Failure) [PSYoungGen: 81280K->34208K(103936K)] 297353K->250289K(763904K), 0.0060752 secs] [Times: user=0.03 sys=0.00, real=0.01 secs] 
1438.142: [GC (Allocation Failure) [PSYoungGen: 84384K->1408K(105984K)] 300465K->217489K(765952K), 0.0035552 secs] [Times: user=0.01 sys=0.01, real=0.01 secs] 
1439.320: [GC (Allocation Failure) [PSYoungGen: 51584K->5568K(102912K)] 267665K->221649K(762880K), 0.0019606 secs] [Times: user=0.01 sys=0.00, real=0.00 secs] 
1439.505: [GC (Allocation Failure) [PSYoungGen: 55744K->17760K(68096K)] 271825K->233849K(728064K), 0.0023290 secs] [Times: user=0.01 sys=0.00, real=0.00 secs] 
1439.711: [GC (Allocation Failure) [PSYoungGen: 67917K->17808K(94720K)] 284006K->233929K(754688K), 0.0023887 secs] [Times: user=0.01 sys=0.00, real=0.00 secs] 
1439.854: [GC (Allocation Failure) [PSYoungGen: 67984K->34176K(97792K)] 284105K->250305K(757760K), 0.0029641 secs] [Times: user=0.01 sys=0.00, real=0.01 secs] 
1440.064: [GC (Allocation Failure) [PSYoungGen: 84352K->34208K(103936K)] 300481K->250345K(763904K), 0.0030957 secs] [Times: user=0.01 sys=0.00, real=0.01 secs] 
1440.500: [GC (Allocation Failure) [PSYoungGen: 87456K->1376K(106496K)] 303593K->217521K(766464K), 0.0019983 secs] [Times: user=0.01 sys=0.00, real=0.00 secs] 
1441.665: [GC (Allocation Failure) [PSYoungGen: 53408K->3472K(98816K)] 269554K->219617K(758784K), 0.0020216 secs] [Times: user=0.01 sys=0.00, real=0.00 secs] 
1441.889: [GC (Allocation Failure) [PSYoungGen: 50782K->9600K(62976K)] 266927K->225745K(722944K), 0.0030307 secs] [Times: user=0.01 sys=0.01, real=0.00 secs] 
1442.223: [GC (Allocation Failure) [PSYoungGen: 62848K->17728K(98304K)] 278993K->233881K(758272K), 0.0030737 secs] [Times: user=0.01 sys=0.00, real=0.01 secs] 
1442.511: [GC (Allocation Failure) [PSYoungGen: 70976K->34208K(100864K)] 287129K->250369K(760832K), 0.0040033 secs] [Times: user=0.02 sys=0.00, real=0.01 secs] 
1442.944: [GC (Allocation Failure) [PSYoungGen: 87456K->34176K(107008K)] 303617K->250353K(766976K), 0.0067791 secs] [Times: user=0.03 sys=0.00, real=0.01 secs] 
1443.390: [GC (Allocation Failure) [PSYoungGen: 90496K->1344K(109568K)] 306673K->217521K(769536K), 0.0022979 secs] [Times: user=0.01 sys=0.00, real=0.00 secs] 
1444.668: [GC (Allocation Failure) [PSYoungGen: 57664K->5536K(100352K)] 273841K->221721K(760320K), 0.0022915 secs] [Times: user=0.01 sys=0.00, real=0.00 secs] 
1445.051: [GC (Allocation Failure) [PSYoungGen: 61856K->17760K(74240K)] 278041K->233945K(734208K), 0.0030996 secs] [Times: user=0.01 sys=0.00, real=0.00 secs] 
1445.488: [GC (Allocation Failure) [PSYoungGen: 66134K->17776K(99840K)] 282319K->233961K(759808K), 0.0026470 secs] [Times: user=0.01 sys=0.00, real=0.00 secs] 
1445.899: [GC (Allocation Failure) [PSYoungGen: 74096K->34176K(102400K)] 290281K->250377K(762368K), 0.0039622 secs] [Times: user=0.01 sys=0.00, real=0.00 secs] 
1446.421: [GC (Allocation Failure) [PSYoungGen: 90496K->34208K(103424K)] 306697K->250417K(763392K), 0.0043535 secs] [Times: user=0.02 sys=0.00, real=0.01 secs] 
1446.948: [GC (Allocation Failure) [PSYoungGen: 87968K->1376K(105984K)] 304177K->217585K(765952K), 0.0021979 secs] [Times: user=0.01 sys=0.00, real=0.00 secs] 
1448.195: [GC (Allocation Failure) [PSYoungGen: 55136K->5504K(103936K)] 271345K->221721K(763904K), 0.0018404 secs] [Times: user=0.01 sys=0.00, real=0.00 secs] 
1448.367: [GC (Allocation Failure) [PSYoungGen: 59264K->17824K(71680K)] 275481K->234041K(731648K), 0.0022963 secs] [Times: user=0.01 sys=0.00, real=0.00 secs] 
1448.544: [GC (Allocation Failure) [PSYoungGen: 58623K->17776K(95744K)] 274841K->234001K(755712K), 0.0022178 secs] [Times: user=0.01 sys=0.00, real=0.01 secs] 
1448.702: [GC (Allocation Failure) [PSYoungGen: 71536K->34144K(98816K)] 287761K->250369K(758784K), 0.0032849 secs] [Times: user=0.02 sys=0.00, real=0.01 secs] 
1448.926: [GC (Allocation Failure) [PSYoungGen: 87904K->34144K(105984K)] 304129K->250377K(765952K), 0.0038254 secs] [Times: user=0.02 sys=0.00, real=0.00 secs] 
1449.362: [GC (Allocation Failure) [PSYoungGen: 91488K->1344K(108544K)] 307721K->217585K(768512K), 0.0018644 secs] [Times: user=0.01 sys=0.00, real=0.00 secs] 
1450.498: [GC (Allocation Failure) [PSYoungGen: 57258K->5552K(99840K)] 273499K->221809K(759808K), 0.0020206 secs] [Times: user=0.01 sys=0.00, real=0.00 secs] 
1450.713: [GC (Allocation Failure) [PSYoungGen: 62896K->17792K(107520K)] 279153K->234049K(767488K), 0.0030357 secs] [Times: user=0.01 sys=0.00, real=0.01 secs] 
1450.885: [GC (Allocation Failure) [PSYoungGen: 75136K->34176K(107008K)] 291393K->250441K(766976K), 0.0040524 secs] [Times: user=0.02 sys=0.00, real=0.00 secs] 
1451.136: [GC (Allocation Failure) [PSYoungGen: 94080K->34144K(110592K)] 310345K->250417K(770560K), 0.0033925 secs] [Times: user=0.02 sys=0.00, real=0.00 secs] 
1451.494: [GC (Allocation Failure) [PSYoungGen: 94048K->1376K(119296K)] 310321K->217665K(779264K), 0.0017839 secs] [Times: user=0.01 sys=0.00, real=0.01 secs] 
1452.814: [GC (Allocation Failure) [PSYoungGen: 66381K->3488K(70144K)] 282670K->219793K(730112K), 0.0018062 secs] [Times: user=0.01 sys=0.00, real=0.01 secs] 
1453.041: [GC (Allocation Failure) [PSYoungGen: 70048K->17760K(121856K)] 286353K->234065K(781824K), 0.0036910 secs] [Times: user=0.01 sys=0.00, real=0.01 secs] 
1453.264: [GC (Allocation Failure) [PSYoungGen: 87392K->34176K(118784K)] 303697K->250489K(778752K), 0.0039537 secs] [Times: user=0.02 sys=0.00, real=0.01 secs] 
1453.675: [GC (Allocation Failure) [PSYoungGen: 103808K->34208K(128000K)] 320121K->250529K(787968K), 0.0073664 secs] [Times: user=0.04 sys=0.00, real=0.00 secs] 
1453.995: [GC (Allocation Failure) [PSYoungGen: 109984K->1408K(130048K)] 326305K->217745K(790016K), 0.0018876 secs] [Times: user=0.00 sys=0.00, real=0.00 secs] 
1454.978: [GC (Allocation Failure) [PSYoungGen: 77184K->9632K(116224K)] 293521K->225985K(776192K), 0.0018966 secs] [Times: user=0.01 sys=0.00, real=0.00 secs] 
1455.215: [GC (Allocation Failure) [PSYoungGen: 74949K->17824K(92672K)] 291302K->234185K(752640K), 0.0022892 secs] [Times: user=0.00 sys=0.00, real=0.00 secs] 
1455.458: [GC (Allocation Failure) [PSYoungGen: 92576K->34176K(121344K)] 308937K->250537K(781312K), 0.0031313 secs] [Times: user=0.02 sys=0.00, real=0.00 secs] 
1455.779: [GC (Allocation Failure) [PSYoungGen: 106368K->1392K(73216K)] 322729K->217761K(733184K), 0.0019912 secs] [Times: user=0.01 sys=0.00, real=0.00 secs] 
1456.764: [GC (Allocation Failure) [PSYoungGen: 73072K->5536K(119296K)] 289441K->221905K(779264K), 0.0019202 secs] [Times: user=0.00 sys=0.00, real=0.01 secs] 
1457.017: [GC (Allocation Failure) [PSYoungGen: 76704K->17760K(88576K)] 293073K->234129K(748544K), 0.0023893 secs] [Times: user=0.01 sys=0.00, real=0.00 secs] 
1457.257: [GC (Allocation Failure) [PSYoungGen: 88416K->34208K(114688K)] 304785K->250577K(774656K), 0.0035536 secs] [Times: user=0.02 sys=0.00, real=0.00 secs] 
1457.537: [GC (Allocation Failure) [PSYoungGen: 101280K->34176K(118272K)] 317649K->250553K(778240K), 0.0031577 secs] [Times: user=0.01 sys=0.00, real=0.00 secs] 
1457.951: [GC (Allocation Failure) [PSYoungGen: 101248K->1408K(112640K)] 317625K->217793K(772608K), 0.0015603 secs] [Times: user=0.01 sys=0.00, real=0.00 secs] 
1459.409: [GC (Allocation Failure) [PSYoungGen: 68480K->9664K(76800K)] 284865K->226049K(736768K), 0.0025588 secs] [Times: user=0.01 sys=0.00, real=0.00 secs] 
1459.970: [GC (Allocation Failure) [PSYoungGen: 76736K->17760K(112128K)] 293121K->234145K(772096K), 0.0027825 secs] [Times: user=0.01 sys=0.00, real=0.00 secs] 
1460.486: [GC (Allocation Failure) [PSYoungGen: 84832K->34208K(115200K)] 301217K->250593K(775168K), 0.0041487 secs] [Times: user=0.01 sys=0.00, real=0.00 secs] 
1460.924: [GC (Allocation Failure) [PSYoungGen: 101280K->1408K(118272K)] 317665K->217801K(778240K), 0.0018891 secs] [Times: user=0.00 sys=0.00, real=0.01 secs] 
1462.238: [GC (Allocation Failure) [PSYoungGen: 68480K->2432K(69632K)] 284873K->218825K(729600K), 0.0017628 secs] [Times: user=0.01 sys=0.00, real=0.00 secs] 
1462.690: [GC (Allocation Failure) [PSYoungGen: 69504K->17792K(112128K)] 285897K->234193K(772096K), 0.0026464 secs] [Times: user=0.01 sys=0.00, real=0.00 secs] 
1463.084: [GC (Allocation Failure) [PSYoungGen: 84864K->34144K(114688K)] 301265K->250553K(774656K), 0.0048121 secs] [Times: user=0.02 sys=0.00, real=0.01 secs] 
1463.360: [GC (Allocation Failure) [PSYoungGen: 101216K->34208K(115712K)] 317625K->250625K(775680K), 0.0035487 secs] [Times: user=0.02 sys=0.00, real=0.00 secs] 
1463.630: [GC (Allocation Failure) [PSYoungGen: 98720K->1376K(118272K)] 315137K->217801K(778240K), 0.0018743 secs] [Times: user=0.01 sys=0.00, real=0.00 secs] 
1464.904: [GC (Allocation Failure) [PSYoungGen: 65888K->5536K(115200K)] 282313K->221969K(775168K), 0.0038048 secs] [Times: user=0.01 sys=0.00, real=0.01 secs] 
1465.433: [GC (Allocation Failure) [PSYoungGen: 70048K->17792K(82432K)] 286481K->234241K(742400K), 0.0030418 secs] [Times: user=0.01 sys=0.00, real=0.01 secs] 
1465.850: [GC (Allocation Failure) [PSYoungGen: 82304K->34160K(110592K)] 298753K->250617K(770560K), 0.0037643 secs] [Times: user=0.02 sys=0.00, real=0.00 secs] 
1466.370: [GC (Allocation Failure) [PSYoungGen: 95600K->34208K(113664K)] 312057K->250673K(773632K), 0.0046421 secs] [Times: user=0.02 sys=0.00, real=0.00 secs] 
1466.887: [GC (Allocation Failure) [PSYoungGen: 95648K->1440K(116224K)] 312113K->217905K(776192K), 0.0018182 secs] [Times: user=0.01 sys=0.00, real=0.00 secs] 
1469.150: [GC (Allocation Failure) [PSYoungGen: 62880K->5568K(67072K)] 279345K->222041K(727040K), 0.0037013 secs] [Times: user=0.01 sys=0.00, real=0.00 secs] 
1469.675: [GC (Allocation Failure) [PSYoungGen: 67008K->17824K(107520K)] 283481K->234321K(767488K), 0.0033871 secs] [Times: user=0.01 sys=0.00, real=0.00 secs] 
1470.045: [GC (Allocation Failure) [PSYoungGen: 79264K->34240K(111104K)] 295761K->250745K(771072K), 0.0072871 secs] [Times: user=0.03 sys=0.00, real=0.00 secs] 
1470.530: [GC (Allocation Failure) [PSYoungGen: 95680K->34208K(111616K)] 312185K->250721K(771584K), 0.0048650 secs] [Times: user=0.02 sys=0.00, real=0.00 secs] 
1471.007: [GC (Allocation Failure) [PSYoungGen: 93088K->1440K(60416K)] 309601K->217961K(720384K), 0.0028570 secs] [Times: user=0.01 sys=0.00, real=0.00 secs] 
1472.281: [GC (Allocation Failure) [PSYoungGen: 60320K->3440K(111616K)] 276841K->219961K(771584K), 0.0018633 secs] [Times: user=0.01 sys=0.00, real=0.00 secs] 
1472.619: [GC (Allocation Failure) [PSYoungGen: 62320K->17792K(76800K)] 278841K->234321K(736768K), 0.0021199 secs] [Times: user=0.01 sys=0.00, real=0.00 secs] 
1473.060: [GC (Allocation Failure) [PSYoungGen: 69412K->17792K(103424K)] 285941K->234329K(763392K), 0.0040047 secs] [Times: user=0.01 sys=0.00, real=0.00 secs] 
1473.447: [GC (Allocation Failure) [PSYoungGen: 76672K->34176K(106496K)] 293209K->250713K(766464K), 0.0055067 secs] [Times: user=0.03 sys=0.01, real=0.00 secs] 
1473.970: [GC (Allocation Failure) [PSYoungGen: 93056K->34176K(107008K)] 309593K->250721K(766976K), 0.0043842 secs] [Times: user=0.02 sys=0.01, real=0.01 secs] 
1474.493: [GC (Allocation Failure) [PSYoungGen: 90496K->1376K(109568K)] 307041K->217929K(769536K), 0.0019708 secs] [Times: user=0.01 sys=0.00, real=0.01 secs] 
1475.614: [GC (Allocation Failure) [PSYoungGen: 57696K->9600K(105472K)] 274249K->226161K(765440K), 0.0021606 secs] [Times: user=0.01 sys=0.00, real=0.01 secs] 
1476.021: [GC (Allocation Failure) [PSYoungGen: 65920K->17760K(74240K)] 282481K->234329K(734208K), 0.0031198 secs] [Times: user=0.01 sys=0.00, real=0.00 secs] 
1476.363: [GC (Allocation Failure) [PSYoungGen: 74080K->34176K(101376K)] 290649K->250753K(761344K), 0.0077041 secs] [Times: user=0.04 sys=0.00, real=0.01 secs] 
1476.921: [GC (Allocation Failure) [PSYoungGen: 87424K->34176K(104448K)] 304001K->250761K(764416K), 0.0049037 secs] [Times: user=0.02 sys=0.00, real=0.01 secs] 
1477.470: [GC (Allocation Failure) [PSYoungGen: 87424K->1408K(101376K)] 304009K->218001K(761344K), 0.0024034 secs] [Times: user=0.01 sys=0.00, real=0.00 secs] 
1478.829: [GC (Allocation Failure) [PSYoungGen: 54632K->224K(53760K)] 271226K->216825K(713728K), 0.0013825 secs] [Times: user=0.00 sys=0.00, real=0.00 secs] 
1479.060: [GC (Allocation Failure) [PSYoungGen: 53472K->9600K(101376K)] 270073K->226209K(761344K), 0.0019398 secs] [Times: user=0.00 sys=0.00, real=0.00 secs] 
1479.248: [GC (Allocation Failure) [PSYoungGen: 62848K->17824K(71168K)] 279457K->234433K(731136K), 0.0025161 secs] [Times: user=0.01 sys=0.00, real=0.00 secs] 
1479.402: [GC (Allocation Failure) [PSYoungGen: 71072K->34176K(97792K)] 287681K->250793K(757760K), 0.0033493 secs] [Times: user=0.02 sys=0.00, real=0.01 secs] 
1479.609: [GC (Allocation Failure) [PSYoungGen: 83840K->34176K(101376K)] 300457K->250801K(761344K), 0.0032007 secs] [Times: user=0.02 sys=0.00, real=0.00 secs] 
1479.817: [GC (Allocation Failure) [PSYoungGen: 83840K->1408K(108032K)] 300465K->218041K(768000K), 0.0016981 secs] [Times: user=0.00 sys=0.00, real=0.00 secs] 
1480.711: [GC (Allocation Failure) [PSYoungGen: 56615K->256K(55808K)] 273249K->216897K(715776K), 0.0013342 secs] [Times: user=0.01 sys=0.00, real=0.00 secs] 
1480.930: [GC (Allocation Failure) [PSYoungGen: 55552K->9600K(103424K)] 272193K->226241K(763392K), 0.0015595 secs] [Times: user=0.01 sys=0.00, real=0.00 secs] 
1481.125: [GC (Allocation Failure) [PSYoungGen: 64896K->17792K(73216K)] 281537K->234433K(733184K), 0.0021112 secs] [Times: user=0.01 sys=0.00, real=0.00 secs] 
1481.286: [GC (Allocation Failure) [PSYoungGen: 73088K->34144K(99840K)] 289729K->250785K(759808K), 0.0027111 secs] [Times: user=0.01 sys=0.00, real=0.00 secs] 
1481.556: [GC (Allocation Failure) [PSYoungGen: 85856K->34176K(103424K)] 302497K->250825K(763392K), 0.0031691 secs] [Times: user=0.02 sys=0.00, real=0.00 secs] 
1481.942: [GC (Allocation Failure) [PSYoungGen: 85888K->1344K(98816K)] 302537K->218001K(758784K), 0.0017597 secs] [Times: user=0.01 sys=0.00, real=0.00 secs] 
1483.057: [GC (Allocation Failure) [PSYoungGen: 53056K->1920K(53760K)] 269713K->218577K(713728K), 0.0018033 secs] [Times: user=0.01 sys=0.00, real=0.00 secs] 
1483.549: [GC (Allocation Failure) [PSYoungGen: 53632K->9632K(99328K)] 270289K->226289K(759296K), 0.0020770 secs] [Times: user=0.00 sys=0.00, real=0.00 secs] 
1484.167: [GC (Allocation Failure) [PSYoungGen: 61344K->17824K(69632K)] 278001K->234489K(729600K), 0.0029463 secs] [Times: user=0.01 sys=0.01, real=0.00 secs] 
1484.636: [GC (Allocation Failure) [PSYoungGen: 69536K->34144K(95232K)] 286201K->250809K(755200K), 0.0035985 secs] [Times: user=0.01 sys=0.00, real=0.00 secs] 
1485.278: [GC (Allocation Failure) [PSYoungGen: 81760K->34176K(99328K)] 298425K->250857K(759296K), 0.0037576 secs] [Times: user=0.02 sys=0.00, real=0.00 secs] 
1485.871: [GC (Allocation Failure) [PSYoungGen: 81792K->1408K(100864K)] 298473K->218097K(760832K), 0.0024102 secs] [Times: user=0.01 sys=0.00, real=0.00 secs] 
1486.366: [GC (Allocation Failure) [PSYoungGen: 49024K->1376K(49152K)] 265713K->218073K(709120K), 0.0024637 secs] [Times: user=0.01 sys=0.00, real=0.00 secs] 
1487.766: [GC (Allocation Failure) [PSYoungGen: 48992K->9696K(95232K)] 265689K->226393K(755200K), 0.0022249 secs] [Times: user=0.00 sys=0.00, real=0.00 secs] 
1488.327: [GC (Allocation Failure) [PSYoungGen: 57312K->17824K(65536K)] 274009K->234529K(725504K), 0.0066288 secs] [Times: user=0.03 sys=0.00, real=0.00 secs] 
1488.721: [GC (Allocation Failure) [PSYoungGen: 59707K->17792K(91136K)] 276412K->234497K(751104K), 0.0034897 secs] [Times: user=0.01 sys=0.00, real=0.01 secs] 
1489.127: [GC (Allocation Failure) [PSYoungGen: 65408K->34176K(93184K)] 282113K->250889K(753152K), 0.0059417 secs] [Times: user=0.03 sys=0.00, real=0.00 secs] 
1489.774: [GC (Allocation Failure) [PSYoungGen: 81792K->34208K(93696K)] 298505K->250929K(753664K), 0.0057150 secs] [Times: user=0.03 sys=0.00, real=0.01 secs] 
1490.396: [GC (Allocation Failure) [PSYoungGen: 78752K->1376K(96768K)] 295473K->218105K(756736K), 0.0044169 secs] [Times: user=0.01 sys=0.00, real=0.00 secs] 
1490.932: [GC (Allocation Failure) [PSYoungGen: 45920K->1392K(94720K)] 262649K->218121K(754688K), 0.0029636 secs] [Times: user=0.01 sys=0.00, real=0.01 secs] 
1492.080: [GC (Allocation Failure) [PSYoungGen: 45936K->9664K(54272K)] 262665K->226401K(714240K), 0.0022350 secs] [Times: user=0.01 sys=0.00, real=0.00 secs] 
1492.389: [GC (Allocation Failure) [PSYoungGen: 54208K->17824K(89088K)] 270945K->234561K(749056K), 0.0029268 secs] [Times: user=0.01 sys=0.00, real=0.00 secs] 
1492.945: [GC (Allocation Failure) [PSYoungGen: 58768K->17824K(62464K)] 275505K->234569K(722432K), 0.0031496 secs] [Times: user=0.01 sys=0.00, real=0.00 secs] 
1493.368: [GC (Allocation Failure) [PSYoungGen: 62368K->34208K(85504K)] 279113K->250961K(745472K), 0.0072683 secs] [Times: user=0.03 sys=0.00, real=0.01 secs] 
1494.073: [GC (Allocation Failure) [PSYoungGen: 75168K->34208K(89088K)] 291921K->250969K(749056K), 0.0079714 secs] [Times: user=0.03 sys=0.00, real=0.01 secs] 
1494.672: [GC (Allocation Failure) [PSYoungGen: 75168K->1344K(91648K)] 291929K->218105K(751616K), 0.0035913 secs] [Times: user=0.01 sys=0.01, real=0.01 secs] 
1495.233: [GC (Allocation Failure) [PSYoungGen: 42304K->1408K(42496K)] 259065K->218177K(702464K), 0.0038064 secs] [Times: user=0.02 sys=0.00, real=0.01 secs] 
1496.923: [GC (Allocation Failure) [PSYoungGen: 42368K->5536K(88576K)] 259137K->222313K(748544K), 0.0030003 secs] [Times: user=0.02 sys=0.00, real=0.01 secs] 
1497.364: [GC (Allocation Failure) [PSYoungGen: 46496K->9632K(50688K)] 263273K->226417K(710656K), 0.0038963 secs] [Times: user=0.01 sys=0.00, real=0.01 secs] 
1497.626: [GC (Allocation Failure) [PSYoungGen: 50592K->17792K(83456K)] 267377K->234585K(743424K), 0.0046359 secs] [Times: user=0.01 sys=0.01, real=0.00 secs] 
1497.820: [GC (Allocation Failure) [PSYoungGen: 58752K->34176K(85504K)] 275545K->250969K(745472K), 0.0047746 secs] [Times: user=0.02 sys=0.00, real=0.01 secs] 
1498.044: [GC (Allocation Failure) [PSYoungGen: 75136K->34208K(91136K)] 291929K->251009K(751104K), 0.0035509 secs] [Times: user=0.02 sys=0.00, real=0.01 secs] 
1498.253: [GC (Allocation Failure) [PSYoungGen: 76704K->34176K(94720K)] 293505K->250985K(754688K), 0.0035422 secs] [Times: user=0.02 sys=0.00, real=0.01 secs] 
1498.430: [GC (Allocation Failure) [PSYoungGen: 76672K->1376K(100864K)] 293481K->218193K(760832K), 0.0017244 secs] [Times: user=0.00 sys=0.00, real=0.00 secs] 
1499.463: [GC (Allocation Failure) [PSYoungGen: 48992K->1536K(101888K)] 265809K->218361K(761856K), 0.0018175 secs] [Times: user=0.01 sys=0.00, real=0.01 secs] 
1499.809: [GC (Allocation Failure) [PSYoungGen: 49152K->9568K(91136K)] 265977K->226393K(751104K), 0.0021060 secs] [Times: user=0.01 sys=0.00, real=0.00 secs] 
1500.125: [GC (Allocation Failure) [PSYoungGen: 57184K->17824K(65536K)] 274009K->234657K(725504K), 0.0026533 secs] [Times: user=0.01 sys=0.00, real=0.00 secs] 
1500.367: [GC (Allocation Failure) [PSYoungGen: 65440K->34208K(92160K)] 282273K->251041K(752128K), 0.0072051 secs] [Times: user=0.04 sys=0.00, real=0.00 secs] 
1500.639: [GC (Allocation Failure) [PSYoungGen: 78240K->34176K(95744K)] 295073K->251033K(755712K), 0.0039487 secs] [Times: user=0.02 sys=0.00, real=0.00 secs] 
1501.027: [GC (Allocation Failure) [PSYoungGen: 78208K->34176K(102912K)] 295065K->251041K(762880K), 0.0044107 secs] [Times: user=0.02 sys=0.01, real=0.00 secs] 
1501.448: [GC (Allocation Failure) [PSYoungGen: 82304K->1440K(104448K)] 299169K->218313K(764416K), 0.0020377 secs] [Times: user=0.01 sys=0.00, real=0.00 secs] 
1502.962: [GC (Allocation Failure) [PSYoungGen: 49568K->2432K(96768K)] 266441K->219313K(756736K), 0.0037678 secs] [Times: user=0.01 sys=0.01, real=0.01 secs] 
1503.686: [GC (Allocation Failure) [PSYoungGen: 50560K->9632K(57856K)] 267441K->226513K(717824K), 0.0041171 secs] [Times: user=0.02 sys=0.00, real=0.00 secs] 
1504.360: [GC (Allocation Failure) [PSYoungGen: 57760K->17792K(94720K)] 274641K->234673K(754688K), 0.0054333 secs] [Times: user=0.02 sys=0.00, real=0.01 secs] 
1504.870: [GC (Allocation Failure) [PSYoungGen: 65920K->34208K(97792K)] 282801K->251089K(757760K), 0.0075470 secs] [Times: user=0.04 sys=0.00, real=0.01 secs] 
1505.479: [GC (Allocation Failure) [PSYoungGen: 82336K->34176K(98304K)] 299217K->251065K(758272K), 0.0055228 secs] [Times: user=0.02 sys=0.00, real=0.01 secs] 
1505.677: [GC (Allocation Failure) [PSYoungGen: 79744K->1376K(47104K)] 296633K->218273K(707072K), 0.0020026 secs] [Times: user=0.01 sys=0.00, real=0.00 secs] 
1505.884: [GC (Allocation Failure) [PSYoungGen: 46944K->1376K(99328K)] 263841K->218281K(759296K), 0.0017837 secs] [Times: user=0.01 sys=0.00, real=0.01 secs] 
1506.959: [GC (Allocation Failure) [PSYoungGen: 46944K->5568K(51200K)] 263849K->222481K(711168K), 0.0019933 secs] [Times: user=0.01 sys=0.00, real=0.00 secs] 
1507.308: [GC (Allocation Failure) [PSYoungGen: 51136K->17824K(92672K)] 268049K->234737K(752640K), 0.0040842 secs] [Times: user=0.02 sys=0.00, real=0.00 secs] 
1507.595: [GC (Allocation Failure) [PSYoungGen: 63392K->17792K(63488K)] 280305K->234705K(723456K), 0.0027806 secs] [Times: user=0.01 sys=0.00, real=0.00 secs] 
1507.709: [GC (Allocation Failure) [PSYoungGen: 63360K->34208K(89088K)] 280273K->251121K(749056K), 0.0034125 secs] [Times: user=0.02 sys=0.00, real=0.00 secs] 
1507.885: [GC (Allocation Failure) [PSYoungGen: 76192K->34208K(92672K)] 293105K->251121K(752640K), 0.0035062 secs] [Times: user=0.02 sys=0.00, real=0.00 secs] 
1508.061: [GC (Allocation Failure) [PSYoungGen: 76192K->1376K(99328K)] 293105K->218297K(759296K), 0.0018062 secs] [Times: user=0.01 sys=0.00, real=0.00 secs] 
1508.256: [GC (Allocation Failure) [PSYoungGen: 48480K->1376K(100352K)] 265401K->218305K(760320K), 0.0018865 secs] [Times: user=0.01 sys=0.00, real=0.00 secs] 
1509.288: [GC (Allocation Failure) [PSYoungGen: 48480K->5568K(100864K)] 265409K->222505K(760832K), 0.0019282 secs] [Times: user=0.01 sys=0.00, real=0.00 secs] 
1509.726: [GC (Allocation Failure) [PSYoungGen: 57792K->17792K(70144K)] 274729K->234737K(730112K), 0.0025779 secs] [Times: user=0.01 sys=0.00, real=0.00 secs] 
1510.379: [GC (Allocation Failure) [PSYoungGen: 59558K->17824K(95232K)] 276503K->234769K(755200K), 0.0032769 secs] [Times: user=0.01 sys=0.00, real=0.00 secs] 
1510.923: [GC (Allocation Failure) [PSYoungGen: 70048K->34208K(97792K)] 286993K->251153K(757760K), 0.0054456 secs] [Times: user=0.03 sys=0.00, real=0.01 secs] 
1511.867: [GC (Allocation Failure) [PSYoungGen: 86432K->34208K(98816K)] 303377K->251153K(758784K), 0.0056237 secs] [Times: user=0.02 sys=0.00, real=0.00 secs] 
1512.617: [GC (Allocation Failure) [PSYoungGen: 83360K->1408K(50688K)] 300305K->218353K(710656K), 0.0036679 secs] [Times: user=0.01 sys=0.00, real=0.00 secs] 
1513.892: [GC (Allocation Failure) [PSYoungGen: 50560K->2432K(99328K)] 267505K->219377K(759296K), 0.0018892 secs] [Times: user=0.01 sys=0.00, real=0.00 secs] 
1514.070: [GC (Allocation Failure) [PSYoungGen: 51584K->9616K(58880K)] 268529K->226561K(718848K), 0.0020364 secs] [Times: user=0.01 sys=0.00, real=0.00 secs] 
1514.241: [GC (Allocation Failure) [PSYoungGen: 58768K->17824K(93184K)] 275713K->234785K(753152K), 0.0024629 secs] [Times: user=0.01 sys=0.00, real=0.00 secs] 
1514.378: [GC (Allocation Failure) [PSYoungGen: 66976K->34208K(95744K)] 283937K->251177K(755712K), 0.0031939 secs] [Times: user=0.02 sys=0.00, real=0.00 secs] 
1514.732: [GC (Allocation Failure) [PSYoungGen: 83360K->34176K(103424K)] 300329K->251153K(763392K), 0.0036764 secs] [Times: user=0.01 sys=0.00, real=0.01 secs] 
1515.186: [GC (Allocation Failure) [PSYoungGen: 86912K->1408K(105984K)] 303889K->218393K(765952K), 0.0016541 secs] [Times: user=0.01 sys=0.00, real=0.00 secs] 
1516.467: [GC (Allocation Failure) [PSYoungGen: 54144K->1504K(98816K)] 271129K->218489K(758784K), 0.0014629 secs] [Times: user=0.01 sys=0.00, real=0.00 secs] 
1516.668: [GC (Allocation Failure) [PSYoungGen: 54240K->9632K(62464K)] 271225K->226617K(722432K), 0.0018211 secs] [Times: user=0.00 sys=0.00, real=0.00 secs] 
1516.858: [GC (Allocation Failure) [PSYoungGen: 62368K->17792K(97280K)] 279353K->234777K(757248K), 0.0024111 secs] [Times: user=0.01 sys=0.00, real=0.00 secs] 
1517.057: [GC (Allocation Failure) [PSYoungGen: 70528K->34176K(99840K)] 287513K->251169K(759808K), 0.0031741 secs] [Times: user=0.02 sys=0.00, real=0.00 secs] 
1517.289: [GC (Allocation Failure) [PSYoungGen: 86912K->34208K(105984K)] 303905K->251209K(765952K), 0.0037565 secs] [Times: user=0.02 sys=0.00, real=0.00 secs] 
1517.579: [GC (Allocation Failure) [PSYoungGen: 89504K->1328K(109056K)] 306505K->218337K(769024K), 0.0018168 secs] [Times: user=0.00 sys=0.00, real=0.00 secs] 
1518.539: [GC (Allocation Failure) [PSYoungGen: 56624K->3456K(100352K)] 273633K->220465K(760320K), 0.0017123 secs] [Times: user=0.01 sys=0.00, real=0.00 secs] 
1518.903: [GC (Allocation Failure) [PSYoungGen: 57127K->9600K(65024K)] 274136K->226609K(724992K), 0.0018698 secs] [Times: user=0.00 sys=0.00, real=0.01 secs] 
1519.100: [GC (Allocation Failure) [PSYoungGen: 64896K->17760K(99840K)] 281905K->234777K(759808K), 0.0023053 secs] [Times: user=0.01 sys=0.00, real=0.00 secs] 
1519.262: [GC (Allocation Failure) [PSYoungGen: 73056K->34208K(102400K)] 290073K->251225K(762368K), 0.0031514 secs] [Times: user=0.01 sys=0.00, real=0.01 secs] 
1519.493: [GC (Allocation Failure) [PSYoungGen: 89504K->34160K(109056K)] 306521K->251193K(769024K), 0.0044525 secs] [Times: user=0.02 sys=0.00, real=0.01 secs] 
1519.738: [GC (Allocation Failure) [PSYoungGen: 92528K->1344K(112128K)] 309561K->218385K(772096K), 0.0017148 secs] [Times: user=0.00 sys=0.00, real=0.00 secs] 
1521.252: [GC (Allocation Failure) [PSYoungGen: 59712K->5504K(101888K)] 276753K->222569K(761856K), 0.0023066 secs] [Times: user=0.00 sys=0.00, real=0.00 secs] 
1521.866: [GC (Allocation Failure) [PSYoungGen: 63872K->17728K(76288K)] 280937K->234793K(736256K), 0.0055040 secs] [Times: user=0.02 sys=0.00, real=0.00 secs] 
1524.193: [GC (Allocation Failure) [PSYoungGen: 76096K->34176K(103424K)] 293161K->251241K(763392K), 0.0045511 secs] [Times: user=0.02 sys=0.00, real=0.01 secs] 
1525.184: [GC (Allocation Failure) [PSYoungGen: 88960K->34176K(107008K)] 306025K->251241K(766976K), 0.0059089 secs] [Times: user=0.03 sys=0.00, real=0.01 secs] 
1525.982: [GC (Allocation Failure) [PSYoungGen: 88960K->1344K(108544K)] 306025K->218417K(768512K), 0.0025877 secs] [Times: user=0.01 sys=0.00, real=0.01 secs] 
1527.530: [GC (Allocation Failure) [PSYoungGen: 56084K->224K(55296K)] 273158K->217305K(715264K), 0.0019259 secs] [Times: user=0.01 sys=0.00, real=0.00 secs] 
1528.561: [GC (Allocation Failure) [PSYoungGen: 55008K->9600K(103424K)] 272089K->226689K(763392K), 0.0022394 secs] [Times: user=0.01 sys=0.00, real=0.00 secs] 
1529.146: [GC (Allocation Failure) [PSYoungGen: 64384K->17792K(72704K)] 281473K->234881K(732672K), 0.0031192 secs] [Times: user=0.02 sys=0.00, real=0.00 secs] 
1529.452: [GC (Allocation Failure) [PSYoungGen: 72576K->34176K(99840K)] 289665K->251273K(759808K), 0.0048524 secs] [Times: user=0.03 sys=0.00, real=0.01 secs] 
1529.853: [GC (Allocation Failure) [PSYoungGen: 85376K->34144K(103424K)] 302473K->251241K(763392K), 0.0048505 secs] [Times: user=0.02 sys=0.00, real=0.01 secs] 
1530.246: [GC (Allocation Failure) [PSYoungGen: 85344K->1360K(104960K)] 302441K->218465K(764928K), 0.0024428 secs] [Times: user=0.01 sys=0.00, real=0.00 secs] 
1531.340: [GC (Allocation Failure) [PSYoungGen: 52560K->1712K(53248K)] 269665K->218825K(713216K), 0.0017077 secs] [Times: user=0.01 sys=0.00, real=0.00 secs] 
1531.717: [GC (Allocation Failure) [PSYoungGen: 52912K->9600K(99328K)] 270025K->226721K(759296K), 0.0017989 secs] [Times: user=0.00 sys=0.00, real=0.00 secs] 
1532.073: [GC (Allocation Failure) [PSYoungGen: 60800K->17776K(69120K)] 277921K->234897K(729088K), 0.0076314 secs] [Times: user=0.04 sys=0.00, real=0.01 secs] 
1532.388: [GC (Allocation Failure) [PSYoungGen: 68976K->34176K(95744K)] 286097K->251305K(755712K), 0.0058034 secs] [Times: user=0.03 sys=0.00, real=0.00 secs] 
1532.801: [GC (Allocation Failure) [PSYoungGen: 81792K->34176K(99328K)] 298921K->251313K(759296K), 0.0056528 secs] [Times: user=0.03 sys=0.00, real=0.01 secs] 
1533.118: [GC (Allocation Failure) [PSYoungGen: 81792K->1344K(105984K)] 298929K->218489K(765952K), 0.0023377 secs] [Times: user=0.01 sys=0.00, real=0.00 secs] 
1533.432: [GC (Allocation Failure) [PSYoungGen: 54080K->1344K(107008K)] 271225K->218497K(766976K), 0.0022665 secs] [Times: user=0.01 sys=0.01, real=0.00 secs] 
1534.684: [GC (Allocation Failure) [PSYoungGen: 54080K->9600K(94208K)] 271233K->226769K(754176K), 0.0021476 secs] [Times: user=0.01 sys=0.00, real=0.01 secs] 
1535.243: [GC (Allocation Failure) [PSYoungGen: 62336K->17824K(70656K)] 279505K->234993K(730624K), 0.0023449 secs] [Times: user=0.02 sys=0.00, real=0.01 secs] 
1535.739: [GC (Allocation Failure) [PSYoungGen: 70560K->34208K(97280K)] 287729K->251377K(757248K), 0.0043250 secs] [Times: user=0.02 sys=0.00, real=0.00 secs] 
1536.455: [GC (Allocation Failure) [PSYoungGen: 83360K->34176K(100864K)] 300529K->251353K(760832K), 0.0047032 secs] [Times: user=0.02 sys=0.00, real=0.00 secs] 
1537.109: [GC (Allocation Failure) [PSYoungGen: 83328K->34176K(101888K)] 300505K->251361K(761856K), 0.0047263 secs] [Times: user=0.02 sys=0.00, real=0.00 secs] 
1537.751: [GC (Allocation Failure) [PSYoungGen: 81280K->1376K(48640K)] 298465K->218569K(708608K), 0.0022701 secs] [Times: user=0.01 sys=0.00, real=0.00 secs] 
1539.043: [GC (Allocation Failure) [PSYoungGen: 48480K->5536K(100352K)] 265673K->222729K(760320K), 0.0020043 secs] [Times: user=0.01 sys=0.00, real=0.01 secs] 
1539.357: [GC (Allocation Failure) [PSYoungGen: 52640K->17792K(65024K)] 269833K->234993K(724992K), 0.0026406 secs] [Times: user=0.01 sys=0.00, real=0.00 secs] 
1539.606: [GC (Allocation Failure) [PSYoungGen: 64896K->17760K(92160K)] 282097K->234961K(752128K), 0.0027910 secs] [Times: user=0.01 sys=0.00, real=0.00 secs] 
1539.735: [GC (Allocation Failure) [PSYoungGen: 64864K->34208K(95232K)] 282065K->251417K(755200K), 0.0036504 secs] [Times: user=0.01 sys=0.00, real=0.00 secs] 
1540.014: [GC (Allocation Failure) [PSYoungGen: 81312K->34176K(101376K)] 298521K->251393K(761344K), 0.0032470 secs] [Times: user=0.01 sys=0.00, real=0.00 secs] 
1540.224: [GC (Allocation Failure) [PSYoungGen: 84352K->1376K(103936K)] 301569K->218601K(763904K), 0.0015537 secs] [Times: user=0.01 sys=0.00, real=0.01 secs] 
1541.398: [GC (Allocation Failure) [PSYoungGen: 51552K->1696K(97280K)] 268777K->218921K(757248K), 0.0023196 secs] [Times: user=0.01 sys=0.00, real=0.00 secs] 
1542.514: [GC (Allocation Failure) [PSYoungGen: 51872K->9600K(59904K)] 269097K->226825K(719872K), 0.0035935 secs] [Times: user=0.01 sys=0.00, real=0.01 secs] 
1542.968: [GC (Allocation Failure) [PSYoungGen: 59776K->17760K(94720K)] 277001K->234985K(754688K), 0.0037860 secs] [Times: user=0.02 sys=0.00, real=0.00 secs] 
1543.296: [GC (Allocation Failure) [PSYoungGen: 67936K->34208K(97792K)] 285161K->251441K(757760K), 0.0046958 secs] [Times: user=0.02 sys=0.00, real=0.00 secs] 
1543.704: [GC (Allocation Failure) [PSYoungGen: 84384K->34144K(98816K)] 301617K->251385K(758784K), 0.0044013 secs] [Times: user=0.02 sys=0.00, real=0.01 secs] 
1544.105: [GC (Allocation Failure) [PSYoungGen: 81760K->1408K(101376K)] 299001K->218657K(761344K), 0.0030884 secs] [Times: user=0.01 sys=0.00, real=0.00 secs] 
1544.497: [GC (Allocation Failure) [PSYoungGen: 49024K->1376K(99328K)] 266273K->218641K(759296K), 0.0027922 secs] [Times: user=0.01 sys=0.00, real=0.00 secs] 
1545.500: [GC (Allocation Failure) [PSYoungGen: 48466K->5536K(53248K)] 265731K->222801K(713216K), 0.0018790 secs] [Times: user=0.01 sys=0.01, real=0.00 secs] 
1545.647: [GC (Allocation Failure) [PSYoungGen: 53152K->17824K(93696K)] 270417K->235097K(753664K), 0.0021866 secs] [Times: user=0.00 sys=0.00, real=0.00 secs] 
1545.913: [GC (Allocation Failure) [PSYoungGen: 64260K->17760K(65536K)] 281533K->235041K(725504K), 0.0022077 secs] [Times: user=0.01 sys=0.01, real=0.01 secs] 
1546.044: [GC (Allocation Failure) [PSYoungGen: 65376K->34144K(90112K)] 282657K->251433K(750080K), 0.0039332 secs] [Times: user=0.02 sys=0.00, real=0.01 secs] 
1546.234: [GC (Allocation Failure) [PSYoungGen: 78176K->34176K(93696K)] 295465K->251473K(753664K), 0.0036073 secs] [Times: user=0.02 sys=0.00, real=0.01 secs] 
1546.448: [GC (Allocation Failure) [PSYoungGen: 78208K->1376K(102400K)] 295505K->218681K(762368K), 0.0017669 secs] [Times: user=0.00 sys=0.00, real=0.00 secs] 
1546.701: [GC (Allocation Failure) [PSYoungGen: 51040K->304K(102400K)] 268345K->217617K(762368K), 0.0016233 secs] [Times: user=0.00 sys=0.00, real=0.00 secs] 
1548.237: [GC (Allocation Failure) [PSYoungGen: 49968K->9632K(90624K)] 267281K->226953K(750592K), 0.0041863 secs] [Times: user=0.02 sys=0.00, real=0.00 secs] 
1548.633: [GC (Allocation Failure) [PSYoungGen: 59296K->17792K(67584K)] 276617K->235113K(727552K), 0.0029863 secs] [Times: user=0.02 sys=0.00, real=0.01 secs] 
1548.908: [GC (Allocation Failure) [PSYoungGen: 67456K->34176K(93184K)] 284777K->251497K(753152K), 0.0046533 secs] [Times: user=0.03 sys=0.00, real=0.00 secs] 
1549.200: [GC (Allocation Failure) [PSYoungGen: 80256K->34144K(96768K)] 297577K->251473K(756736K), 0.0035471 secs] [Times: user=0.01 sys=0.00, real=0.00 secs] 
1549.393: [GC (Allocation Failure) [PSYoungGen: 80224K->34144K(102912K)] 297553K->251489K(762880K), 0.0036538 secs] [Times: user=0.01 sys=0.00, real=0.01 secs] 
1549.598: [GC (Allocation Failure) [PSYoungGen: 83296K->1408K(104960K)] 300641K->218761K(764928K), 0.0018225 secs] [Times: user=0.01 sys=0.00, real=0.00 secs] 
1550.694: [GC (Allocation Failure) [PSYoungGen: 50560K->5568K(96256K)] 267913K->222945K(756224K), 0.0021074 secs] [Times: user=0.01 sys=0.00, real=0.01 secs] 
1551.037: [GC (Allocation Failure) [PSYoungGen: 47000K->9616K(58880K)] 264377K->227001K(718848K), 0.0022381 secs] [Times: user=0.00 sys=0.01, real=0.00 secs] 
1551.450: [GC (Allocation Failure) [PSYoungGen: 58768K->17792K(94720K)] 276153K->235177K(754688K), 0.0032759 secs] [Times: user=0.02 sys=0.00, real=0.00 secs] 
1551.761: [GC (Allocation Failure) [PSYoungGen: 66944K->34176K(97792K)] 284329K->251561K(757760K), 0.0044791 secs] [Times: user=0.03 sys=0.00, real=0.01 secs] 
1552.312: [GC (Allocation Failure) [PSYoungGen: 83328K->34208K(103936K)] 300713K->251593K(763904K), 0.0052113 secs] [Times: user=0.03 sys=0.00, real=0.01 secs] 
1552.927: [GC (Allocation Failure) [PSYoungGen: 85920K->1408K(53248K)] 303305K->218809K(713216K), 0.0028834 secs] [Times: user=0.01 sys=0.00, real=0.00 secs] 
1554.197: [GC (Allocation Failure) [PSYoungGen: 53106K->288K(104960K)] 270508K->217689K(764928K), 0.0012690 secs] [Times: user=0.00 sys=0.00, real=0.00 secs] 
1554.742: [GC (Allocation Failure) [PSYoungGen: 52000K->9568K(61440K)] 269401K->226969K(721408K), 0.0021473 secs] [Times: user=0.01 sys=0.00, real=0.00 secs] 
1555.150: [GC (Allocation Failure) [PSYoungGen: 61280K->17792K(97792K)] 278681K->235193K(757760K), 0.0039999 secs] [Times: user=0.01 sys=0.00, real=0.00 secs] 
1555.315: [GC (Allocation Failure) [PSYoungGen: 69504K->34144K(100352K)] 286905K->251545K(760320K), 0.0044148 secs] [Times: user=0.02 sys=0.00, real=0.00 secs] 
1555.754: [GC (Allocation Failure) [PSYoungGen: 85856K->34176K(107520K)] 303257K->251585K(767488K), 0.0056013 secs] [Times: user=0.02 sys=0.00, real=0.01 secs] 
1556.228: [GC (Allocation Failure) [PSYoungGen: 89472K->1344K(110080K)] 306881K->218753K(770048K), 0.0020959 secs] [Times: user=0.00 sys=0.00, real=0.00 secs] 
1557.342: [GC (Allocation Failure) [PSYoungGen: 56640K->1536K(101376K)] 274049K->218953K(761344K), 0.0016746 secs] [Times: user=0.01 sys=0.00, real=0.00 secs] 
1558.128: [GC (Allocation Failure) [PSYoungGen: 56832K->9632K(65024K)] 274249K->227049K(724992K), 0.0024821 secs] [Times: user=0.01 sys=0.00, real=0.00 secs] 
1558.570: [GC (Allocation Failure) [PSYoungGen: 64928K->17792K(100864K)] 282345K->235209K(760832K), 0.0043095 secs] [Times: user=0.02 sys=0.00, real=0.00 secs] 
1558.897: [GC (Allocation Failure) [PSYoungGen: 73088K->34208K(103424K)] 290505K->251641K(763392K), 0.0052554 secs] [Times: user=0.03 sys=0.00, real=0.00 secs] 
1559.358: [GC (Allocation Failure) [PSYoungGen: 89504K->34208K(103936K)] 306937K->251649K(763904K), 0.0070735 secs] [Times: user=0.03 sys=0.01, real=0.01 secs] 
1559.800: [GC (Allocation Failure) [PSYoungGen: 86432K->1408K(53760K)] 303873K->218857K(713728K), 0.0024861 secs] [Times: user=0.01 sys=0.00, real=0.00 secs] 
1560.879: [GC (Allocation Failure) [PSYoungGen: 53632K->3488K(103424K)] 271081K->220945K(763392K), 0.0017758 secs] [Times: user=0.00 sys=0.00, real=0.00 secs] 
1561.235: [GC (Allocation Failure) [PSYoungGen: 53469K->9616K(61952K)] 270926K->227073K(721920K), 0.0019873 secs] [Times: user=0.01 sys=0.00, real=0.00 secs] 
1561.608: [GC (Allocation Failure) [PSYoungGen: 61840K->17792K(97280K)] 279297K->235257K(757248K), 0.0025786 secs] [Times: user=0.01 sys=0.00, real=0.00 secs] 
1561.945: [GC (Allocation Failure) [PSYoungGen: 70016K->34144K(99840K)] 287481K->251609K(759808K), 0.0038808 secs] [Times: user=0.01 sys=0.00, real=0.00 secs] 
1562.386: [GC (Allocation Failure) [PSYoungGen: 86368K->34208K(100352K)] 303833K->251681K(760320K), 0.0038544 secs] [Times: user=0.01 sys=0.00, real=0.00 secs] 
1562.824: [GC (Allocation Failure) [PSYoungGen: 83360K->1392K(50688K)] 300833K->218873K(710656K), 0.0018959 secs] [Times: user=0.01 sys=0.00, real=0.01 secs] 
1564.037: [GC (Allocation Failure) [PSYoungGen: 50544K->1664K(100864K)] 268025K->219153K(760832K), 0.0015146 secs] [Times: user=0.01 sys=0.00, real=0.00 secs] 
1564.476: [GC (Allocation Failure) [PSYoungGen: 50816K->9600K(58880K)] 268305K->227089K(718848K), 0.0021108 secs] [Times: user=0.01 sys=0.00, real=0.00 secs] 
1564.877: [GC (Allocation Failure) [PSYoungGen: 58752K->17824K(94208K)] 276241K->235337K(754176K), 0.0030925 secs] [Times: user=0.01 sys=0.00, real=0.00 secs] 
1565.164: [GC (Allocation Failure) [PSYoungGen: 66976K->34208K(96768K)] 284489K->251721K(756736K), 0.0037759 secs] [Times: user=0.02 sys=0.00, real=0.01 secs] 
1565.584: [GC (Allocation Failure) [PSYoungGen: 83360K->34144K(97280K)] 300873K->251665K(757248K), 0.0040275 secs] [Times: user=0.02 sys=0.01, real=0.01 secs] 
1565.970: [GC (Allocation Failure) [PSYoungGen: 80224K->34176K(100352K)] 297745K->251705K(760320K), 0.0038702 secs] [Times: user=0.02 sys=0.00, real=0.00 secs] 
1566.331: [GC (Allocation Failure) [PSYoungGen: 80256K->1376K(101376K)] 297785K->218913K(761344K), 0.0021664 secs] [Times: user=0.01 sys=0.00, real=0.00 secs] 
1567.295: [GC (Allocation Failure) [PSYoungGen: 47456K->5536K(51712K)] 264993K->223073K(711680K), 0.0017457 secs] [Times: user=0.01 sys=0.00, real=0.00 secs] 
1567.564: [GC (Allocation Failure) [PSYoungGen: 45548K->9600K(95744K)] 263085K->227145K(755712K), 0.0019806 secs] [Times: user=0.00 sys=0.00, real=0.01 secs] 
1567.853: [GC (Allocation Failure) [PSYoungGen: 55680K->17792K(64000K)] 273225K->235337K(723968K), 0.0026058 secs] [Times: user=0.01 sys=0.00, real=0.01 secs] 
1568.097: [GC (Allocation Failure) [PSYoungGen: 63872K->34208K(92160K)] 281417K->251761K(752128K), 0.0036189 secs] [Times: user=0.02 sys=0.00, real=0.00 secs] 
1568.446: [GC (Allocation Failure) [PSYoungGen: 77216K->34208K(95232K)] 294769K->251769K(755200K), 0.0033292 secs] [Times: user=0.02 sys=0.00, real=0.00 secs] 
1568.789: [GC (Allocation Failure) [PSYoungGen: 77216K->34208K(95744K)] 294777K->251777K(755712K), 0.0034927 secs] [Times: user=0.01 sys=0.00, real=0.00 secs] 
1569.133: [GC (Allocation Failure) [PSYoungGen: 75168K->1424K(42496K)] 292737K->218993K(702464K), 0.0018498 secs] [Times: user=0.01 sys=0.00, real=0.00 secs] 
1570.190: [GC (Allocation Failure) [PSYoungGen: 42382K->2496K(96256K)] 259951K->220073K(756224K), 0.0017357 secs] [Times: user=0.01 sys=0.00, real=0.00 secs] 
1570.494: [GC (Allocation Failure) [PSYoungGen: 43456K->9568K(50688K)] 261033K->227145K(710656K), 0.0020646 secs] [Times: user=0.01 sys=0.00, real=0.01 secs] 
1570.631: [GC (Allocation Failure) [PSYoungGen: 50528K->17792K(88064K)] 268105K->235377K(748032K), 0.0026506 secs] [Times: user=0.01 sys=0.00, real=0.00 secs] 
1570.778: [GC (Allocation Failure) [PSYoungGen: 53714K->17792K(91136K)] 271299K->235385K(751104K), 0.0024417 secs] [Times: user=0.01 sys=0.00, real=0.00 secs] 
1570.882: [GC (Allocation Failure) [PSYoungGen: 58752K->34208K(89088K)] 276345K->251809K(749056K), 0.0032457 secs] [Times: user=0.01 sys=0.00, real=0.01 secs] 
1571.121: [GC (Allocation Failure) [PSYoungGen: 76192K->34176K(92672K)] 293793K->251777K(752640K), 0.0038431 secs] [Times: user=0.02 sys=0.00, real=0.01 secs] 
1571.331: [GC (Allocation Failure) [PSYoungGen: 76160K->1376K(98816K)] 293761K->219001K(758784K), 0.0018668 secs] [Times: user=0.01 sys=0.00, real=0.00 secs] 
1571.529: [GC (Allocation Failure) [PSYoungGen: 48480K->1344K(99840K)] 266105K->218977K(759808K), 0.0017872 secs] [Times: user=0.01 sys=0.00, real=0.00 secs] 
1572.907: [GC (Allocation Failure) [PSYoungGen: 48448K->5568K(100864K)] 266081K->223209K(760832K), 0.0029079 secs] [Times: user=0.01 sys=0.00, real=0.00 secs] 
1573.339: [GC (Allocation Failure) [PSYoungGen: 57792K->17792K(102912K)] 275433K->235433K(762880K), 0.0051168 secs] [Times: user=0.02 sys=0.00, real=0.00 secs] 
1573.846: [GC (Allocation Failure) [PSYoungGen: 60573K->17824K(100864K)] 278214K->235473K(760832K), 0.0039399 secs] [Times: user=0.01 sys=0.00, real=0.00 secs] 
1574.313: [GC (Allocation Failure) [PSYoungGen: 75680K->34176K(103424K)] 293329K->251833K(763392K), 0.0052395 secs] [Times: user=0.02 sys=0.01, real=0.01 secs] 
1574.952: [GC (Allocation Failure) [PSYoungGen: 92032K->34176K(106496K)] 309689K->251841K(766464K), 0.0053164 secs] [Times: user=0.02 sys=0.01, real=0.01 secs] 
1575.508: [GC (Allocation Failure) [PSYoungGen: 92032K->1408K(110080K)] 309697K->219081K(770048K), 0.0024482 secs] [Times: user=0.01 sys=0.00, real=0.00 secs] 
1576.469: [GC (Allocation Failure) [PSYoungGen: 59264K->9632K(105984K)] 276937K->227305K(765952K), 0.0019432 secs] [Times: user=0.01 sys=0.00, real=0.00 secs] 
1576.713: [GC (Allocation Failure) [PSYoungGen: 67488K->17792K(75776K)] 285161K->235465K(735744K), 0.0021498 secs] [Times: user=0.01 sys=0.00, real=0.01 secs] 
1576.915: [GC (Allocation Failure) [PSYoungGen: 75648K->34208K(101376K)] 293321K->251881K(761344K), 0.0033811 secs] [Times: user=0.02 sys=0.00, real=0.00 secs] 
1577.179: [GC (Allocation Failure) [PSYoungGen: 88480K->34208K(104960K)] 306153K->251881K(764928K), 0.0032649 secs] [Times: user=0.02 sys=0.00, real=0.00 secs] 
1577.442: [GC (Allocation Failure) [PSYoungGen: 88480K->1408K(101376K)] 306153K->219089K(761344K), 0.0019147 secs] [Times: user=0.00 sys=0.00, real=0.00 secs] 
1578.410: [GC (Allocation Failure) [PSYoungGen: 55680K->1952K(56320K)] 273361K->219633K(716288K), 0.0020224 secs] [Times: user=0.01 sys=0.00, real=0.00 secs] 
1578.657: [GC (Allocation Failure) [PSYoungGen: 56224K->9600K(102400K)] 273905K->227281K(762368K), 0.0020138 secs] [Times: user=0.01 sys=0.00, real=0.00 secs] 
1578.849: [GC (Allocation Failure) [PSYoungGen: 63872K->17792K(72192K)] 281553K->235481K(732160K), 0.0025231 secs] [Times: user=0.01 sys=0.00, real=0.00 secs] 
1579.013: [GC (Allocation Failure) [PSYoungGen: 72064K->34208K(97792K)] 289753K->251897K(757760K), 0.0030370 secs] [Times: user=0.02 sys=0.00, real=0.01 secs] 
1579.225: [GC (Allocation Failure) [PSYoungGen: 84896K->34176K(101376K)] 302585K->251873K(761344K), 0.0031983 secs] [Times: user=0.01 sys=0.00, real=0.00 secs] 
1579.436: [GC (Allocation Failure) [PSYoungGen: 84864K->1408K(109056K)] 302561K->219113K(769024K), 0.0022682 secs] [Times: user=0.00 sys=0.01, real=0.00 secs] 
1581.136: [GC (Allocation Failure) [PSYoungGen: 57728K->3520K(59904K)] 275433K->221233K(719872K), 0.0037197 secs] [Times: user=0.01 sys=0.00, real=0.00 secs] 
1582.616: [GC (Allocation Failure) [PSYoungGen: 52451K->9584K(103424K)] 270165K->227321K(763392K), 0.0035740 secs] [Times: user=0.02 sys=0.00, real=0.00 secs] 
1583.025: [GC (Allocation Failure) [PSYoungGen: 65904K->17792K(74240K)] 283641K->235529K(734208K), 0.0028367 secs] [Times: user=0.02 sys=0.00, real=0.00 secs] 
1583.501: [GC (Allocation Failure) [PSYoungGen: 74112K->34176K(99840K)] 291849K->251913K(759808K), 0.0059288 secs] [Times: user=0.03 sys=0.00, real=0.01 secs] 
1584.111: [GC (Allocation Failure) [PSYoungGen: 86912K->34208K(103424K)] 304649K->251945K(763392K), 0.0056503 secs] [Times: user=0.03 sys=0.00, real=0.01 secs] 
1584.737: [GC (Allocation Failure) [PSYoungGen: 86944K->1344K(105472K)] 304681K->219089K(765440K), 0.0035007 secs] [Times: user=0.01 sys=0.00, real=0.00 secs] 
1586.088: [GC (Allocation Failure) [PSYoungGen: 54080K->5504K(58368K)] 271825K->223257K(718336K), 0.0018217 secs] [Times: user=0.01 sys=0.00, real=0.00 secs] 
1586.453: [GC (Allocation Failure) [PSYoungGen: 58240K->17824K(98304K)] 275993K->235577K(758272K), 0.0049063 secs] [Times: user=0.02 sys=0.00, real=0.01 secs] 
1586.949: [GC (Allocation Failure) [PSYoungGen: 70560K->17744K(70656K)] 288313K->235505K(730624K), 0.0039404 secs] [Times: user=0.01 sys=0.00, real=0.00 secs] 
1587.327: [GC (Allocation Failure) [PSYoungGen: 70480K->34208K(95232K)] 288241K->251969K(755200K), 0.0051644 secs] [Times: user=0.02 sys=0.00, real=0.00 secs] 
1587.934: [GC (Allocation Failure) [PSYoungGen: 83360K->34176K(98816K)] 301121K->251945K(758784K), 0.0048563 secs] [Times: user=0.03 sys=0.00, real=0.01 secs] 
1588.683: [GC (Allocation Failure) [PSYoungGen: 83328K->1376K(101376K)] 301097K->219153K(761344K), 0.0029781 secs] [Times: user=0.01 sys=0.00, real=0.01 secs] 
1590.107: [GC (Allocation Failure) [PSYoungGen: 50528K->3488K(52736K)] 268305K->221273K(712704K), 0.0017957 secs] [Times: user=0.01 sys=0.00, real=0.00 secs] 
1590.443: [GC (Allocation Failure) [PSYoungGen: 52640K->9600K(95744K)] 270425K->227385K(755712K), 0.0023096 secs] [Times: user=0.01 sys=0.00, real=0.01 secs] 
1590.829: [GC (Allocation Failure) [PSYoungGen: 58752K->17856K(67072K)] 276537K->235649K(727040K), 0.0029807 secs] [Times: user=0.01 sys=0.00, real=0.00 secs] 
1591.101: [GC (Allocation Failure) [PSYoungGen: 67008K->34176K(92160K)] 284801K->251969K(752128K), 0.0035469 secs] [Times: user=0.02 sys=0.00, real=0.01 secs] 
1591.478: [GC (Allocation Failure) [PSYoungGen: 79744K->34176K(95744K)] 297537K->251977K(755712K), 0.0039827 secs] [Times: user=0.02 sys=0.00, real=0.00 secs] 
1592.113: [GC (Allocation Failure) [PSYoungGen: 79744K->34144K(96768K)] 297545K->251953K(756736K), 0.0039921 secs] [Times: user=0.02 sys=0.00, real=0.01 secs] 
1592.680: [GC (Allocation Failure) [PSYoungGen: 77664K->1344K(98816K)] 295473K->219161K(758784K), 0.0026295 secs] [Times: user=0.01 sys=0.00, real=0.00 secs] 
1593.962: [GC (Allocation Failure) [PSYoungGen: 44864K->5536K(95744K)] 262681K->223353K(755712K), 0.0019807 secs] [Times: user=0.01 sys=0.01, real=0.00 secs] 
1594.347: [GC (Allocation Failure) [PSYoungGen: 47018K->9616K(53248K)] 264835K->227441K(713216K), 0.0021177 secs] [Times: user=0.01 sys=0.00, real=0.00 secs] 
1594.620: [GC (Allocation Failure) [PSYoungGen: 53136K->17824K(89088K)] 270961K->235673K(749056K), 0.0053252 secs] [Times: user=0.03 sys=0.00, real=0.01 secs] 
1594.800: [GC (Allocation Failure) [PSYoungGen: 61344K->34176K(92160K)] 279193K->252033K(752128K), 0.0048034 secs] [Times: user=0.02 sys=0.00, real=0.00 secs] 
1595.069: [GC (Allocation Failure) [PSYoungGen: 77696K->34176K(97792K)] 295553K->252041K(757760K), 0.0043467 secs] [Times: user=0.02 sys=0.00, real=0.00 secs] 
1595.553: [GC (Allocation Failure) [PSYoungGen: 80256K->34176K(100352K)] 298121K->252049K(760320K), 0.0072836 secs] [Times: user=0.04 sys=0.00, real=0.01 secs] 
1596.156: [GC (Allocation Failure) [PSYoungGen: 80256K->1408K(106496K)] 298129K->219297K(766464K), 0.0027593 secs] [Times: user=0.01 sys=0.00, real=0.00 secs] 
1598.139: [GC (Allocation Failure) [PSYoungGen: 52608K->5504K(56832K)] 270497K->223401K(716800K), 0.0031773 secs] [Times: user=0.01 sys=0.00, real=0.00 secs] 
1598.314: [GC (Allocation Failure) [PSYoungGen: 56704K->17792K(108032K)] 274601K->235689K(768000K), 0.0028505 secs] [Times: user=0.01 sys=0.00, real=0.01 secs] 
1598.521: [GC (Allocation Failure) [PSYoungGen: 69249K->17792K(105984K)] 287147K->235689K(765952K), 0.0027786 secs] [Times: user=0.01 sys=0.00, real=0.00 secs] 
1598.680: [GC (Allocation Failure) [PSYoungGen: 72576K->34144K(105984K)] 290473K->252065K(765952K), 0.0042467 secs] [Times: user=0.02 sys=0.00, real=0.00 secs] 
1598.922: [GC (Allocation Failure) [PSYoungGen: 92000K->34176K(109056K)] 309921K->252105K(769024K), 0.0034884 secs] [Times: user=0.02 sys=0.00, real=0.01 secs] 
1599.163: [GC (Allocation Failure) [PSYoungGen: 92032K->1392K(117248K)] 309961K->219329K(777216K), 0.0017049 secs] [Times: user=0.00 sys=0.00, real=0.01 secs] 
1600.090: [GC (Allocation Failure) [PSYoungGen: 65904K->9632K(117760K)] 283841K->227577K(777728K), 0.0019768 secs] [Times: user=0.01 sys=0.00, real=0.00 secs] 
1600.324: [GC (Allocation Failure) [PSYoungGen: 74144K->17760K(117248K)] 292089K->235729K(777216K), 0.0022459 secs] [Times: user=0.01 sys=0.00, real=0.01 secs] 
1600.553: [GC (Allocation Failure) [PSYoungGen: 89440K->34176K(120320K)] 307409K->252153K(780288K), 0.0032112 secs] [Times: user=0.01 sys=0.00, real=0.01 secs] 
1600.921: [GC (Allocation Failure) [PSYoungGen: 105856K->1344K(114176K)] 323833K->219321K(774144K), 0.0016480 secs] [Times: user=0.01 sys=0.00, real=0.00 secs] 
1602.083: [GC (Allocation Failure) [PSYoungGen: 72512K->3488K(74240K)] 290489K->221473K(734208K), 0.0018021 secs] [Times: user=0.01 sys=0.00, real=0.01 secs] 
1602.511: [GC (Allocation Failure) [PSYoungGen: 74144K->17792K(114176K)] 292129K->235777K(774144K), 0.0023516 secs] [Times: user=0.01 sys=0.00, real=0.00 secs] 
1602.952: [GC (Allocation Failure) [PSYoungGen: 87936K->34208K(117248K)] 305921K->252193K(777216K), 0.0035926 secs] [Times: user=0.02 sys=0.00, real=0.01 secs] 
1603.519: [GC (Allocation Failure) [PSYoungGen: 103840K->34208K(118272K)] 321825K->252193K(778240K), 0.0052321 secs] [Times: user=0.02 sys=0.00, real=0.00 secs] 
1604.206: [GC (Allocation Failure) [PSYoungGen: 101280K->1344K(68608K)] 319265K->219329K(728576K), 0.0020534 secs] [Times: user=0.01 sys=0.00, real=0.00 secs] 
1605.458: [GC (Allocation Failure) [PSYoungGen: 68416K->9600K(116224K)] 286401K->227585K(776192K), 0.0028084 secs] [Times: user=0.01 sys=0.00, real=0.00 secs] 
1606.157: [GC (Allocation Failure) [PSYoungGen: 76672K->17824K(84992K)] 294657K->235809K(744960K), 0.0029461 secs] [Times: user=0.01 sys=0.00, real=0.00 secs] 
1606.667: [GC (Allocation Failure) [PSYoungGen: 84896K->34208K(112128K)] 302881K->252193K(772096K), 0.0049883 secs] [Times: user=0.02 sys=0.00, real=0.00 secs] 
1607.368: [GC (Allocation Failure) [PSYoungGen: 98208K->34176K(115200K)] 316193K->252161K(775168K), 0.0045336 secs] [Times: user=0.02 sys=0.00, real=0.00 secs] 
1607.904: [GC (Allocation Failure) [PSYoungGen: 98176K->1376K(117760K)] 316161K->219361K(777728K), 0.0037526 secs] [Times: user=0.02 sys=0.00, real=0.01 secs] 
1609.255: [GC (Allocation Failure) [PSYoungGen: 65376K->9664K(73728K)] 283361K->227657K(733696K), 0.0033679 secs] [Times: user=0.01 sys=0.00, real=0.00 secs] 
1609.714: [GC (Allocation Failure) [PSYoungGen: 73664K->17792K(109568K)] 291657K->235793K(769536K), 0.0040398 secs] [Times: user=0.02 sys=0.00, real=0.01 secs] 
1610.092: [GC (Allocation Failure) [PSYoungGen: 81792K->34176K(112640K)] 299793K->252185K(772608K), 0.0038443 secs] [Times: user=0.02 sys=0.01, real=0.01 secs] 
1610.461: [GC (Allocation Failure) [PSYoungGen: 98176K->34208K(113664K)] 316185K->252225K(773632K), 0.0040612 secs] [Times: user=0.01 sys=0.00, real=0.01 secs] 
1610.901: [GC (Allocation Failure) [PSYoungGen: 96160K->1408K(115712K)] 314177K->219433K(775680K), 0.0020526 secs] [Times: user=0.01 sys=0.00, real=0.00 secs] 
1611.939: [GC (Allocation Failure) [PSYoungGen: 63360K->9664K(111616K)] 281385K->227689K(771584K), 0.0018639 secs] [Times: user=0.01 sys=0.00, real=0.00 secs] 
1612.210: [GC (Allocation Failure) [PSYoungGen: 71616K->17792K(79872K)] 289641K->235825K(739840K), 0.0023264 secs] [Times: user=0.01 sys=0.00, real=0.00 secs] 
1612.564: [GC (Allocation Failure) [PSYoungGen: 79744K->34144K(107520K)] 297777K->252185K(767488K), 0.0031429 secs] [Times: user=0.01 sys=0.00, real=0.01 secs] 
1613.061: [GC (Allocation Failure) [PSYoungGen: 93024K->34208K(110592K)] 311065K->252249K(770560K), 0.0038089 secs] [Times: user=0.02 sys=0.00, real=0.00 secs] 
1613.532: [GC (Allocation Failure) [PSYoungGen: 93088K->1376K(112640K)] 311129K->219425K(772608K), 0.0018113 secs] [Times: user=0.01 sys=0.00, real=0.00 secs] 
1614.664: [GC (Allocation Failure) [PSYoungGen: 60256K->9664K(68608K)] 278305K->227721K(728576K), 0.0025903 secs] [Times: user=0.01 sys=0.00, real=0.01 secs] 
1614.873: [GC (Allocation Failure) [PSYoungGen: 68544K->17760K(103936K)] 286601K->235833K(763904K), 0.0025974 secs] [Times: user=0.01 sys=0.00, real=0.01 secs] 
1615.063: [GC (Allocation Failure) [PSYoungGen: 76640K->34176K(107520K)] 294713K->252257K(767488K), 0.0034079 secs] [Times: user=0.02 sys=0.00, real=0.01 secs] 
1615.308: [GC (Allocation Failure) [PSYoungGen: 93056K->34176K(108544K)] 311137K->252257K(768512K), 0.0032239 secs] [Times: user=0.01 sys=0.00, real=0.00 secs] 
1615.545: [GC (Allocation Failure) [PSYoungGen: 91008K->1424K(110592K)] 309089K->219513K(770560K), 0.0018145 secs] [Times: user=0.00 sys=0.00, real=0.00 secs] 
1616.931: [GC (Allocation Failure) [PSYoungGen: 57247K->3536K(103424K)] 275336K->221633K(763392K), 0.0037139 secs] [Times: user=0.01 sys=0.01, real=0.01 secs] 
1617.734: [GC (Allocation Failure) [PSYoungGen: 60368K->17824K(74752K)] 278465K->235929K(734720K), 0.0038530 secs] [Times: user=0.02 sys=0.00, real=0.01 secs] 
1618.106: [GC (Allocation Failure) [PSYoungGen: 70978K->17808K(100352K)] 289083K->235921K(760320K), 0.0040558 secs] [Times: user=0.02 sys=0.00, real=0.00 secs] 
1618.465: [GC (Allocation Failure) [PSYoungGen: 74640K->34176K(103424K)] 292753K->252289K(763392K), 0.0046839 secs] [Times: user=0.02 sys=0.01, real=0.00 secs] 
1619.042: [GC (Allocation Failure) [PSYoungGen: 91008K->34176K(103936K)] 309121K->252297K(763904K), 0.0048709 secs] [Times: user=0.02 sys=0.00, real=0.01 secs] 
1619.662: [GC (Allocation Failure) [PSYoungGen: 88448K->1408K(106496K)] 306569K->219537K(766464K), 0.0024702 secs] [Times: user=0.01 sys=0.00, real=0.00 secs] 
1621.174: [GC (Allocation Failure) [PSYoungGen: 54727K->5536K(104448K)] 272857K->223673K(764416K), 0.0037790 secs] [Times: user=0.01 sys=0.00, real=0.01 secs] 
1621.887: [GC (Allocation Failure) [PSYoungGen: 59808K->17792K(72192K)] 277945K->235937K(732160K), 0.0050664 secs] [Times: user=0.02 sys=0.01, real=0.00 secs] 
1622.318: [GC (Allocation Failure) [PSYoungGen: 57707K->17808K(96256K)] 275852K->235953K(756224K), 0.0056821 secs] [Times: user=0.02 sys=0.00, real=0.00 secs] 
1622.593: [GC (Allocation Failure) [PSYoungGen: 72080K->34240K(99328K)] 290225K->252393K(759296K), 0.0049282 secs] [Times: user=0.02 sys=0.00, real=0.01 secs] 
1623.000: [GC (Allocation Failure) [PSYoungGen: 88512K->34208K(106496K)] 306665K->252377K(766464K), 0.0048134 secs] [Times: user=0.02 sys=0.00, real=0.01 secs] 
1623.408: [GC (Allocation Failure) [PSYoungGen: 92064K->1440K(109056K)] 310233K->219617K(769024K), 0.0022523 secs] [Times: user=0.01 sys=0.00, real=0.00 secs] 
1625.012: [GC (Allocation Failure) [PSYoungGen: 56202K->5568K(107520K)] 274379K->223753K(767488K), 0.0037017 secs] [Times: user=0.01 sys=0.00, real=0.01 secs] 
1625.794: [GC (Allocation Failure) [PSYoungGen: 63424K->17824K(75776K)] 281609K->236009K(735744K), 0.0052490 secs] [Times: user=0.03 sys=0.00, real=0.01 secs] 
1626.208: [GC (Allocation Failure) [PSYoungGen: 75680K->34176K(102400K)] 293865K->252369K(762368K), 0.0045298 secs] [Times: user=0.02 sys=0.00, real=0.00 secs] 
1626.563: [GC (Allocation Failure) [PSYoungGen: 88960K->34208K(105472K)] 307153K->252409K(765440K), 0.0041508 secs] [Times: user=0.02 sys=0.00, real=0.01 secs] 
1626.937: [GC (Allocation Failure) [PSYoungGen: 88992K->1392K(108032K)] 307193K->219601K(768000K), 0.0032882 secs] [Times: user=0.01 sys=0.01, real=0.00 secs] 
1627.408: [GC (Allocation Failure) [PSYoungGen: 56071K->288K(55296K)] 274281K->218497K(715264K), 0.0033847 secs] [Times: user=0.01 sys=0.00, real=0.00 secs] 
1629.064: [GC (Allocation Failure) [PSYoungGen: 55072K->9664K(103424K)] 273281K->227881K(763392K), 0.0040757 secs] [Times: user=0.02 sys=0.00, real=0.01 secs] 
1629.517: [GC (Allocation Failure) [PSYoungGen: 64448K->17824K(72704K)] 282665K->236041K(732672K), 0.0049989 secs] [Times: user=0.02 sys=0.00, real=0.00 secs] 
1629.698: [GC (Allocation Failure) [PSYoungGen: 72608K->34144K(98816K)] 290825K->252369K(758784K), 0.0034640 secs] [Times: user=0.01 sys=0.00, real=0.00 secs] 
1629.912: [GC (Allocation Failure) [PSYoungGen: 85344K->34176K(102400K)] 303569K->252409K(762368K), 0.0034643 secs] [Times: user=0.01 sys=0.00, real=0.01 secs] 
1630.149: [GC (Allocation Failure) [PSYoungGen: 85376K->1408K(110592K)] 303609K->219649K(770560K), 0.0018139 secs] [Times: user=0.00 sys=0.00, real=0.00 secs] 
1631.420: [GC (Allocation Failure) [PSYoungGen: 58240K->1968K(58880K)] 276481K->220217K(718848K), 0.0018888 secs] [Times: user=0.01 sys=0.00, real=0.00 secs] 
1631.867: [GC (Allocation Failure) [PSYoungGen: 58800K->9616K(104448K)] 277049K->227865K(764416K), 0.0022130 secs] [Times: user=0.01 sys=0.00, real=0.00 secs] 
1632.316: [GC (Allocation Failure) [PSYoungGen: 66448K->17760K(74752K)] 284697K->236009K(734720K), 0.0030375 secs] [Times: user=0.01 sys=0.00, real=0.00 secs] 
1632.813: [GC (Allocation Failure) [PSYoungGen: 74592K->34208K(100864K)] 292841K->252465K(760832K), 0.0042583 secs] [Times: user=0.02 sys=0.00, real=0.01 secs] 
1633.478: [GC (Allocation Failure) [PSYoungGen: 87456K->34176K(104448K)] 305713K->252441K(764416K), 0.0045104 secs] [Times: user=0.02 sys=0.00, real=0.00 secs] 
1633.948: [GC (Allocation Failure) [PSYoungGen: 87424K->1408K(107008K)] 305689K->219681K(766976K), 0.0036815 secs] [Times: user=0.02 sys=0.00, real=0.00 secs] 
1635.318: [GC (Allocation Failure) [PSYoungGen: 54656K->5536K(58880K)] 272929K->223825K(718848K), 0.0030444 secs] [Times: user=0.01 sys=0.00, real=0.00 secs] 
1635.688: [GC (Allocation Failure) [PSYoungGen: 58784K->17760K(99328K)] 277073K->236049K(759296K), 0.0033714 secs] [Times: user=0.01 sys=0.00, real=0.00 secs] 
1636.098: [GC (Allocation Failure) [PSYoungGen: 68876K->17792K(71168K)] 287165K->236089K(731136K), 0.0030320 secs] [Times: user=0.01 sys=0.00, real=0.00 secs] 
1636.334: [GC (Allocation Failure) [PSYoungGen: 71040K->34208K(95744K)] 289337K->252505K(755712K), 0.0034776 secs] [Times: user=0.01 sys=0.00, real=0.01 secs] 
1636.697: [GC (Allocation Failure) [PSYoungGen: 83872K->34176K(99328K)] 302169K->252481K(759296K), 0.0035463 secs] [Times: user=0.02 sys=0.00, real=0.00 secs] 
1637.253: [GC (Allocation Failure) [PSYoungGen: 83840K->1360K(102400K)] 302145K->219673K(762368K), 0.0024797 secs] [Times: user=0.01 sys=0.00, real=0.01 secs] 
1638.731: [GC (Allocation Failure) [PSYoungGen: 51024K->2464K(52224K)] 269337K->220785K(712192K), 0.0025909 secs] [Times: user=0.01 sys=0.00, real=0.00 secs] 
1639.258: [GC (Allocation Failure) [PSYoungGen: 52128K->9600K(97280K)] 270449K->227921K(757248K), 0.0023989 secs] [Times: user=0.01 sys=0.00, real=0.00 secs] 
1639.630: [GC (Allocation Failure) [PSYoungGen: 59264K->17760K(67584K)] 277585K->236089K(727552K), 0.0034930 secs] [Times: user=0.02 sys=0.00, real=0.00 secs] 
1639.895: [GC (Allocation Failure) [PSYoungGen: 67424K->34176K(92160K)] 285753K->252505K(752128K), 0.0043536 secs] [Times: user=0.02 sys=0.00, real=0.00 secs] 
1640.088: [GC (Allocation Failure) [PSYoungGen: 79744K->34176K(96256K)] 298073K->252513K(756224K), 0.0035671 secs] [Times: user=0.02 sys=0.00, real=0.00 secs] 
1640.291: [GC (Allocation Failure) [PSYoungGen: 79744K->1408K(103936K)] 298081K->219753K(763904K), 0.0018502 secs] [Times: user=0.01 sys=0.00, real=0.00 secs] 
1640.515: [GC (Allocation Failure) [PSYoungGen: 52096K->1376K(103936K)] 270441K->219721K(763904K), 0.0017834 secs] [Times: user=0.00 sys=0.00, real=0.00 secs] 
1641.605: [GC (Allocation Failure) [PSYoungGen: 52064K->9632K(92160K)] 270409K->227985K(752128K), 0.0018093 secs] [Times: user=0.00 sys=0.00, real=0.00 secs] 
1642.005: [GC (Allocation Failure) [PSYoungGen: 60320K->17824K(68608K)] 278673K->236177K(728576K), 0.0028796 secs] [Times: user=0.01 sys=0.00, real=0.00 secs] 
1642.345: [GC (Allocation Failure) [PSYoungGen: 52270K->17824K(93696K)] 270623K->236185K(753664K), 0.0056423 secs] [Times: user=0.02 sys=0.00, real=0.00 secs] 
1642.548: [GC (Allocation Failure) [PSYoungGen: 68512K->34208K(95744K)] 286873K->252577K(755712K), 0.0042012 secs] [Times: user=0.02 sys=0.00, real=0.00 secs] 
1642.958: [GC (Allocation Failure) [PSYoungGen: 84896K->34176K(102400K)] 303265K->252553K(762368K), 0.0037648 secs] [Times: user=0.01 sys=0.00, real=0.00 secs] 
1643.465: [GC (Allocation Failure) [PSYoungGen: 87936K->1376K(105472K)] 306313K->219761K(765440K), 0.0018451 secs] [Times: user=0.01 sys=0.00, real=0.00 secs] 
1644.510: [GC (Allocation Failure) [PSYoungGen: 55136K->5568K(102400K)] 273521K->223961K(762368K), 0.0016782 secs] [Times: user=0.01 sys=0.00, real=0.00 secs] 
1644.683: [GC (Allocation Failure) [PSYoungGen: 59328K->17792K(71680K)] 277721K->236185K(731648K), 0.0020639 secs] [Times: user=0.01 sys=0.00, real=0.01 secs] 
1644.897: [GC (Allocation Failure) [PSYoungGen: 69326K->17760K(96256K)] 287719K->236153K(756224K), 0.0021540 secs] [Times: user=0.01 sys=0.00, real=0.00 secs] 
1645.091: [GC (Allocation Failure) [PSYoungGen: 71520K->34112K(98816K)] 289913K->252513K(758784K), 0.0058935 secs] [Times: user=0.02 sys=0.00, real=0.01 secs] 
1645.547: [GC (Allocation Failure) [PSYoungGen: 87872K->34176K(106496K)] 306273K->252585K(766464K), 0.0055388 secs] [Times: user=0.03 sys=0.00, real=0.00 secs] 
1645.968: [GC (Allocation Failure) [PSYoungGen: 92032K->1440K(109056K)] 310441K->219857K(769024K), 0.0022681 secs] [Times: user=0.01 sys=0.00, real=0.00 secs] 
1647.048: [GC (Allocation Failure) [PSYoungGen: 57459K->5536K(100352K)] 275877K->223961K(760320K), 0.0019456 secs] [Times: user=0.01 sys=0.00, real=0.00 secs] 
1647.246: [GC (Allocation Failure) [PSYoungGen: 63392K->17792K(75776K)] 281817K->236217K(735744K), 0.0021449 secs] [Times: user=0.00 sys=0.01, real=0.00 secs] 
1647.421: [GC (Allocation Failure) [PSYoungGen: 75648K->34208K(101376K)] 294073K->252641K(761344K), 0.0034896 secs] [Times: user=0.01 sys=0.00, real=0.00 secs] 
1647.722: [GC (Allocation Failure) [PSYoungGen: 88480K->34208K(104960K)] 306913K->252649K(764928K), 0.0032136 secs] [Times: user=0.02 sys=0.00, real=0.01 secs] 
1648.011: [GC (Allocation Failure) [PSYoungGen: 88480K->1360K(113664K)] 306921K->219809K(773632K), 0.0016934 secs] [Times: user=0.00 sys=0.00, real=0.00 secs] 
1648.962: [GC (Allocation Failure) [PSYoungGen: 61776K->1696K(62464K)] 280225K->220169K(722432K), 0.0018281 secs] [Times: user=0.01 sys=0.00, real=0.00 secs] 
1649.185: [GC (Allocation Failure) [PSYoungGen: 61952K->9632K(108032K)] 280425K->228105K(768000K), 0.0017969 secs] [Times: user=0.01 sys=0.00, real=0.00 secs] 
1649.403: [GC (Allocation Failure) [PSYoungGen: 70048K->17792K(78336K)] 288521K->236265K(738304K), 0.0023318 secs] [Times: user=0.01 sys=0.00, real=0.01 secs] 
1649.615: [GC (Allocation Failure) [PSYoungGen: 78208K->34208K(104448K)] 296681K->252681K(764416K), 0.0035806 secs] [Times: user=0.02 sys=0.00, real=0.00 secs] 
1649.852: [GC (Allocation Failure) [PSYoungGen: 91040K->34176K(108032K)] 309513K->252657K(768000K), 0.0032052 secs] [Times: user=0.01 sys=0.00, real=0.01 secs] 
1650.100: [GC (Allocation Failure) [PSYoungGen: 91008K->1376K(115200K)] 309489K->219865K(775168K), 0.0017936 secs] [Times: user=0.00 sys=0.00, real=0.00 secs] 
1651.251: [GC (Allocation Failure) [PSYoungGen: 64352K->9632K(72704K)] 282841K->228121K(732672K), 0.0020534 secs] [Times: user=0.01 sys=0.00, real=0.00 secs] 
1651.827: [GC (Allocation Failure) [PSYoungGen: 72608K->17760K(108032K)] 291097K->236249K(768000K), 0.0025644 secs] [Times: user=0.01 sys=0.00, real=0.00 secs] 
1652.413: [GC (Allocation Failure) [PSYoungGen: 80736K->34208K(111104K)] 299225K->252697K(771072K), 0.0034078 secs] [Times: user=0.02 sys=0.00, real=0.01 secs] 
1653.115: [GC (Allocation Failure) [PSYoungGen: 97184K->34144K(111616K)] 315673K->252641K(771584K), 0.0047221 secs] [Times: user=0.02 sys=0.00, real=0.00 secs] 
1653.775: [GC (Allocation Failure) [PSYoungGen: 94560K->1376K(114176K)] 313057K->219897K(774144K), 0.0022358 secs] [Times: user=0.01 sys=0.00, real=0.00 secs] 
1654.919: [GC (Allocation Failure) [PSYoungGen: 61792K->9632K(110080K)] 280313K->228161K(770048K), 0.0020306 secs] [Times: user=0.01 sys=0.00, real=0.00 secs] 
1655.388: [GC (Allocation Failure) [PSYoungGen: 70048K->17792K(78336K)] 288577K->236329K(738304K), 0.0022669 secs] [Times: user=0.01 sys=0.00, real=0.00 secs] 
1655.779: [GC (Allocation Failure) [PSYoungGen: 78208K->34176K(105984K)] 296745K->252713K(765952K), 0.0036907 secs] [Times: user=0.01 sys=0.00, real=0.00 secs] 
1656.257: [GC (Allocation Failure) [PSYoungGen: 91520K->34176K(109056K)] 310057K->252721K(769024K), 0.0037066 secs] [Times: user=0.02 sys=0.00, real=0.00 secs] 
1656.756: [GC (Allocation Failure) [PSYoungGen: 91520K->1376K(111104K)] 310065K->219921K(771072K), 0.0019644 secs] [Times: user=0.01 sys=0.00, real=0.00 secs] 
1658.186: [GC (Allocation Failure) [PSYoungGen: 58720K->5568K(62976K)] 277265K->224121K(722944K), 0.0020832 secs] [Times: user=0.01 sys=0.00, real=0.00 secs] 
1658.823: [GC (Allocation Failure) [PSYoungGen: 62912K->17824K(102912K)] 281465K->236385K(762880K), 0.0030114 secs] [Times: user=0.02 sys=0.00, real=0.01 secs] 
1659.483: [GC (Allocation Failure) [PSYoungGen: 65977K->17792K(75264K)] 284538K->236361K(735232K), 0.0032381 secs] [Times: user=0.02 sys=0.00, real=0.01 secs] 
1660.026: [GC (Allocation Failure) [PSYoungGen: 75136K->34176K(99840K)] 293705K->252745K(759808K), 0.0052203 secs] [Times: user=0.03 sys=0.00, real=0.00 secs] 
1660.838: [GC (Allocation Failure) [PSYoungGen: 87936K->34144K(103424K)] 306505K->252721K(763392K), 0.0058563 secs] [Times: user=0.03 sys=0.00, real=0.00 secs] 
1661.597: [GC (Allocation Failure) [PSYoungGen: 87904K->1376K(105984K)] 306481K->219961K(765952K), 0.0035810 secs] [Times: user=0.01 sys=0.00, real=0.00 secs] 
1663.028: [GC (Allocation Failure) [PSYoungGen: 55136K->5568K(59392K)] 273721K->224161K(719360K), 0.0018581 secs] [Times: user=0.00 sys=0.00, real=0.00 secs] 
1663.711: [GC (Allocation Failure) [PSYoungGen: 59328K->17824K(98816K)] 277921K->236425K(758784K), 0.0047023 secs] [Times: user=0.02 sys=0.00, real=0.01 secs] 
1664.262: [GC (Allocation Failure) [PSYoungGen: 59705K->17824K(71680K)] 278306K->236425K(731648K), 0.0042560 secs] [Times: user=0.02 sys=0.00, real=0.01 secs] 
1664.699: [GC (Allocation Failure) [PSYoungGen: 71584K->34176K(95232K)] 290185K->252785K(755200K), 0.0045386 secs] [Times: user=0.02 sys=0.00, real=0.00 secs] 
1665.607: [GC (Allocation Failure) [PSYoungGen: 84352K->34208K(98816K)] 302961K->252825K(758784K), 0.0050123 secs] [Times: user=0.03 sys=0.00, real=0.00 secs] 
1666.547: [GC (Allocation Failure) [PSYoungGen: 84384K->1440K(101376K)] 303001K->220065K(761344K), 0.0034815 secs] [Times: user=0.02 sys=0.00, real=0.00 secs] 
1668.266: [GC (Allocation Failure) [PSYoungGen: 51616K->2464K(52736K)] 270241K->221097K(712704K), 0.0021066 secs] [Times: user=0.01 sys=0.00, real=0.00 secs] 
1668.672: [GC (Allocation Failure) [PSYoungGen: 50656K->9632K(96768K)] 269289K->228273K(756736K), 0.0023157 secs] [Times: user=0.01 sys=0.00, real=0.00 secs] 
1669.010: [GC (Allocation Failure) [PSYoungGen: 59808K->17792K(68096K)] 278449K->236441K(728064K), 0.0030943 secs] [Times: user=0.01 sys=0.00, real=0.00 secs] 
1669.336: [GC (Allocation Failure) [PSYoungGen: 67968K->34176K(92672K)] 286617K->252833K(752640K), 0.0041203 secs] [Times: user=0.02 sys=0.00, real=0.00 secs] 
1669.727: [GC (Allocation Failure) [PSYoungGen: 80768K->34208K(96256K)] 299425K->252873K(756224K), 0.0050681 secs] [Times: user=0.02 sys=0.00, real=0.00 secs] 
1670.121: [GC (Allocation Failure) [PSYoungGen: 80800K->1344K(98304K)] 299465K->220009K(758272K), 0.0022344 secs] [Times: user=0.00 sys=0.00, real=0.00 secs] 
1670.348: [GC (Allocation Failure) [PSYoungGen: 47936K->1424K(48128K)] 266601K->220097K(708096K), 0.0021853 secs] [Times: user=0.01 sys=0.00, real=0.00 secs] 
1671.687: [GC (Allocation Failure) [PSYoungGen: 44617K->5536K(95232K)] 263290K->224209K(755200K), 0.0021973 secs] [Times: user=0.01 sys=0.00, real=0.00 secs] 
1672.019: [GC (Allocation Failure) [PSYoungGen: 52128K->17824K(64512K)] 270801K->236505K(724480K), 0.0025062 secs] [Times: user=0.01 sys=0.00, real=0.00 secs] 
1672.213: [GC (Allocation Failure) [PSYoungGen: 64416K->17824K(89088K)] 283097K->236521K(749056K), 0.0028448 secs] [Times: user=0.01 sys=0.00, real=0.01 secs] 
1672.340: [GC (Allocation Failure) [PSYoungGen: 64416K->34176K(91648K)] 283113K->252881K(751616K), 0.0033889 secs] [Times: user=0.01 sys=0.00, real=0.00 secs] 
1672.535: [GC (Allocation Failure) [PSYoungGen: 80768K->34176K(98304K)] 299473K->252889K(758272K), 0.0034310 secs] [Times: user=0.02 sys=0.00, real=0.00 secs] 
1672.740: [GC (Allocation Failure) [PSYoungGen: 83328K->1424K(101376K)] 302041K->220153K(761344K), 0.0015528 secs] [Times: user=0.01 sys=0.00, real=0.00 secs] 
1673.649: [GC (Allocation Failure) [PSYoungGen: 50576K->1664K(93696K)] 269305K->220409K(753664K), 0.0017160 secs] [Times: user=0.01 sys=0.00, real=0.00 secs] 
1673.828: [GC (Allocation Failure) [PSYoungGen: 50816K->9632K(100352K)] 269561K->228385K(760320K), 0.0018947 secs] [Times: user=0.01 sys=0.00, real=0.00 secs] 
1673.998: [GC (Allocation Failure) [PSYoungGen: 58784K->17824K(99840K)] 277537K->236585K(759808K), 0.0020790 secs] [Times: user=0.01 sys=0.00, real=0.00 secs] 
1674.158: [GC (Allocation Failure) [PSYoungGen: 72608K->34144K(101376K)] 291369K->252905K(761344K), 0.0029328 secs] [Times: user=0.01 sys=0.00, real=0.00 secs] 
1674.386: [GC (Allocation Failure) [PSYoungGen: 88928K->34176K(108544K)] 307689K->252945K(768512K), 0.0042033 secs] [Times: user=0.03 sys=0.01, real=0.00 secs] 
1674.630: [GC (Allocation Failure) [PSYoungGen: 92544K->1376K(111616K)] 311313K->220169K(771584K), 0.0017923 secs] [Times: user=0.01 sys=0.00, real=0.00 secs] 
1675.761: [GC (Allocation Failure) [PSYoungGen: 59744K->3456K(102400K)] 278537K->222257K(762368K), 0.0019351 secs] [Times: user=0.01 sys=0.00, real=0.00 secs] 
1676.180: [GC (Allocation Failure) [PSYoungGen: 53974K->9616K(68096K)] 272776K->228417K(728064K), 0.0021818 secs] [Times: user=0.01 sys=0.00, real=0.00 secs] 
1676.662: [GC (Allocation Failure) [PSYoungGen: 67984K->17824K(102400K)] 286785K->236625K(762368K), 0.0055882 secs] [Times: user=0.03 sys=0.00, real=0.01 secs] 
1677.252: [GC (Allocation Failure) [PSYoungGen: 76192K->34208K(104960K)] 294993K->253017K(764928K), 0.0060446 secs] [Times: user=0.03 sys=0.00, real=0.01 secs] 
1677.910: [GC (Allocation Failure) [PSYoungGen: 92576K->34176K(106496K)] 311385K->252993K(766464K), 0.0063126 secs] [Times: user=0.03 sys=0.00, real=0.01 secs] 
1678.517: [GC (Allocation Failure) [PSYoungGen: 89984K->1376K(109056K)] 308801K->220201K(769024K), 0.0035514 secs] [Times: user=0.02 sys=0.00, real=0.00 secs] 
1679.920: [GC (Allocation Failure) [PSYoungGen: 54066K->5520K(105984K)] 272891K->224345K(765952K), 0.0019919 secs] [Times: user=0.01 sys=0.00, real=0.00 secs] 
1680.447: [GC (Allocation Failure) [PSYoungGen: 61328K->17824K(73728K)] 280153K->236649K(733696K), 0.0053410 secs] [Times: user=0.02 sys=0.00, real=0.00 secs] 
1680.921: [GC (Allocation Failure) [PSYoungGen: 73632K->34176K(100864K)] 292457K->253001K(760832K), 0.0074976 secs] [Times: user=0.04 sys=0.00, real=0.01 secs] 
1681.519: [GC (Allocation Failure) [PSYoungGen: 86400K->34176K(104448K)] 305225K->253009K(764416K), 0.0045591 secs] [Times: user=0.02 sys=0.00, real=0.00 secs] 
1682.154: [GC (Allocation Failure) [PSYoungGen: 86400K->34208K(105472K)] 305233K->253041K(765440K), 0.0048283 secs] [Times: user=0.03 sys=0.00, real=0.01 secs] 
1682.845: [GC (Allocation Failure) [PSYoungGen: 84896K->1344K(107008K)] 303729K->220177K(766976K), 0.0040522 secs] [Times: user=0.02 sys=0.00, real=0.00 secs] 
1683.963: [GC (Allocation Failure) [PSYoungGen: 49443K->5520K(103936K)] 268277K->224361K(763904K), 0.0018778 secs] [Times: user=0.01 sys=0.00, real=0.01 secs] 
1684.123: [GC (Allocation Failure) [PSYoungGen: 56208K->17760K(68608K)] 275049K->236601K(728576K), 0.0024821 secs] [Times: user=0.01 sys=0.00, real=0.01 secs] 
1684.302: [GC (Allocation Failure) [PSYoungGen: 61113K->17808K(95744K)] 279954K->236657K(755712K), 0.0021765 secs] [Times: user=0.01 sys=0.00, real=0.00 secs] 
1684.446: [GC (Allocation Failure) [PSYoungGen: 68496K->34176K(98816K)] 287345K->253025K(758784K), 0.0032745 secs] [Times: user=0.02 sys=0.00, real=0.00 secs] 
1684.658: [GC (Allocation Failure) [PSYoungGen: 84864K->34208K(105984K)] 303713K->253073K(765952K), 0.0032034 secs] [Times: user=0.01 sys=0.00, real=0.00 secs] 
1684.956: [GC (Allocation Failure) [PSYoungGen: 88992K->1376K(108032K)] 307857K->220249K(768000K), 0.0016670 secs] [Times: user=0.00 sys=0.00, real=0.00 secs] 
1686.452: [GC (Allocation Failure) [PSYoungGen: 56160K->5536K(99840K)] 275033K->224417K(759808K), 0.0022012 secs] [Times: user=0.00 sys=0.00, real=0.00 secs] 
1687.117: [GC (Allocation Failure) [PSYoungGen: 60320K->17824K(72704K)] 279201K->236705K(732672K), 0.0030824 secs] [Times: user=0.02 sys=0.00, real=0.00 secs] 
1687.815: [GC (Allocation Failure) [PSYoungGen: 67044K->17824K(97792K)] 285925K->236705K(757760K), 0.0035803 secs] [Times: user=0.01 sys=0.00, real=0.00 secs] 
1688.324: [GC (Allocation Failure) [PSYoungGen: 72608K->34208K(100864K)] 291489K->253089K(760832K), 0.0052758 secs] [Times: user=0.03 sys=0.00, real=0.01 secs] 
1688.868: [GC (Allocation Failure) [PSYoungGen: 88992K->34208K(101376K)] 307873K->253097K(761344K), 0.0056975 secs] [Times: user=0.03 sys=0.00, real=0.00 secs] 
1689.293: [GC (Allocation Failure) [PSYoungGen: 86432K->1344K(103936K)] 305321K->220241K(763904K), 0.0025034 secs] [Times: user=0.01 sys=0.00, real=0.01 secs] 
1690.538: [GC (Allocation Failure) [PSYoungGen: 53568K->5504K(102400K)] 272465K->224401K(762368K), 0.0022173 secs] [Times: user=0.01 sys=0.00, real=0.00 secs] 
1690.865: [GC (Allocation Failure) [PSYoungGen: 57728K->17776K(70144K)] 276625K->236673K(730112K), 0.0027154 secs] [Times: user=0.01 sys=0.00, real=0.00 secs] 
1691.223: [GC (Allocation Failure) [PSYoungGen: 65755K->17792K(94720K)] 284652K->236697K(754688K), 0.0027093 secs] [Times: user=0.01 sys=0.00, real=0.01 secs] 
1691.406: [GC (Allocation Failure) [PSYoungGen: 70016K->34176K(97280K)] 288921K->253089K(757248K), 0.0036438 secs] [Times: user=0.02 sys=0.00, real=0.00 secs] 
1691.651: [GC (Allocation Failure) [PSYoungGen: 86400K->34208K(102912K)] 305313K->253129K(762880K), 0.0036175 secs] [Times: user=0.02 sys=0.00, real=0.01 secs] 
1691.975: [GC (Allocation Failure) [PSYoungGen: 88992K->1376K(105984K)] 307913K->220305K(765952K), 0.0016565 secs] [Times: user=0.01 sys=0.00, real=0.00 secs] 
1693.057: [GC (Allocation Failure) [PSYoungGen: 56160K->5536K(103936K)] 275089K->224465K(763904K), 0.0017400 secs] [Times: user=0.01 sys=0.00, real=0.00 secs] 
1693.409: [GC (Allocation Failure) [PSYoungGen: 60320K->17824K(72704K)] 279249K->236753K(732672K), 0.0023444 secs] [Times: user=0.02 sys=0.00, real=0.00 secs] 
1693.659: [GC (Allocation Failure) [PSYoungGen: 63786K->17824K(96768K)] 282715K->236761K(756736K), 0.0031143 secs] [Times: user=0.01 sys=0.00, real=0.00 secs] 
1693.823: [GC (Allocation Failure) [PSYoungGen: 72608K->34176K(99328K)] 291545K->253137K(759296K), 0.0041159 secs] [Times: user=0.02 sys=0.00, real=0.01 secs] 
1694.070: [GC (Allocation Failure) [PSYoungGen: 88960K->34176K(105984K)] 307921K->253153K(765952K), 0.0046009 secs] [Times: user=0.02 sys=0.00, real=0.01 secs] 
1694.328: [GC (Allocation Failure) [PSYoungGen: 92544K->1408K(109056K)] 311521K->220393K(769024K), 0.0018156 secs] [Times: user=0.01 sys=0.00, real=0.00 secs] 
1695.270: [GC (Allocation Failure) [PSYoungGen: 59776K->9600K(99328K)] 278761K->228593K(759296K), 0.0019732 secs] [Times: user=0.01 sys=0.00, real=0.00 secs] 
1695.479: [GC (Allocation Failure) [PSYoungGen: 67968K->17824K(107520K)] 286961K->236833K(767488K), 0.0021570 secs] [Times: user=0.01 sys=0.00, real=0.00 secs] 
1695.833: [GC (Allocation Failure) [PSYoungGen: 76192K->34176K(107520K)] 295201K->253185K(767488K), 0.0040331 secs] [Times: user=0.02 sys=0.00, real=0.01 secs] 
1696.295: [GC (Allocation Failure) [PSYoungGen: 95616K->34176K(110592K)] 314625K->253193K(770560K), 0.0033548 secs] [Times: user=0.01 sys=0.00, real=0.00 secs] 
1696.776: [GC (Allocation Failure) [PSYoungGen: 95616K->1376K(112640K)] 314633K->220393K(772608K), 0.0038726 secs] [Times: user=0.02 sys=0.00, real=0.00 secs] 
1697.943: [GC (Allocation Failure) [PSYoungGen: 62304K->5504K(66560K)] 281321K->224521K(726528K), 0.0020759 secs] [Times: user=0.01 sys=0.00, real=0.01 secs] 
1698.149: [GC (Allocation Failure) [PSYoungGen: 66432K->17824K(104960K)] 285449K->236841K(764928K), 0.0025029 secs] [Times: user=0.02 sys=0.00, real=0.00 secs] 
1698.335: [GC (Allocation Failure) [PSYoungGen: 78752K->34208K(108544K)] 297769K->253225K(768512K), 0.0035931 secs] [Times: user=0.02 sys=0.00, real=0.00 secs] 
1698.589: [GC (Allocation Failure) [PSYoungGen: 95136K->34208K(116736K)] 314153K->253233K(776704K), 0.0044107 secs] [Times: user=0.02 sys=0.00, real=0.00 secs] 
1698.864: [GC (Allocation Failure) [PSYoungGen: 99744K->1392K(118784K)] 318769K->220425K(778752K), 0.0017664 secs] [Times: user=0.01 sys=0.00, real=0.01 secs] 
1700.308: [GC (Allocation Failure) [PSYoungGen: 66928K->5568K(109568K)] 285961K->224609K(769536K), 0.0025533 secs] [Times: user=0.01 sys=0.00, real=0.00 secs] 
1701.087: [GC (Allocation Failure) [PSYoungGen: 71104K->17824K(83456K)] 290145K->236865K(743424K), 0.0032447 secs] [Times: user=0.01 sys=0.01, real=0.00 secs] 
1701.637: [GC (Allocation Failure) [PSYoungGen: 83360K->34144K(112128K)] 302401K->253185K(772096K), 0.0046815 secs] [Times: user=0.02 sys=0.00, real=0.00 secs] 
1702.315: [GC (Allocation Failure) [PSYoungGen: 97120K->34176K(114688K)] 316161K->253217K(774656K), 0.0049690 secs] [Times: user=0.02 sys=0.00, real=0.00 secs] 
1702.793: [GC (Allocation Failure) [PSYoungGen: 97152K->1344K(117248K)] 316193K->220393K(777216K), 0.0029713 secs] [Times: user=0.01 sys=0.00, real=0.01 secs] 
1704.097: [GC (Allocation Failure) [PSYoungGen: 64320K->5536K(68608K)] 283369K->224593K(728576K), 0.0018887 secs] [Times: user=0.01 sys=0.00, real=0.00 secs] 
1704.720: [GC (Allocation Failure) [PSYoungGen: 68512K->17760K(109568K)] 287569K->236825K(769536K), 0.0031232 secs] [Times: user=0.01 sys=0.00, real=0.00 secs] 
1705.303: [GC (Allocation Failure) [PSYoungGen: 80736K->34208K(112640K)] 299801K->253281K(772608K), 0.0050421 secs] [Times: user=0.02 sys=0.00, real=0.01 secs] 
1705.859: [GC (Allocation Failure) [PSYoungGen: 97184K->34144K(113664K)] 316257K->253241K(773632K), 0.0057811 secs] [Times: user=0.03 sys=0.00, real=0.01 secs] 
1706.367: [GC (Allocation Failure) [PSYoungGen: 95072K->1440K(115712K)] 314169K->220545K(775680K), 0.0022056 secs] [Times: user=0.01 sys=0.00, real=0.00 secs] 
1707.733: [GC (Allocation Failure) [PSYoungGen: 62368K->5568K(112640K)] 281473K->224681K(772608K), 0.0017900 secs] [Times: user=0.01 sys=0.00, real=0.01 secs] 
1708.567: [GC (Allocation Failure) [PSYoungGen: 66496K->17792K(78848K)] 285609K->236913K(738816K), 0.0031820 secs] [Times: user=0.01 sys=0.00, real=0.00 secs] 
1709.380: [GC (Allocation Failure) [PSYoungGen: 78720K->34208K(107520K)] 297841K->253337K(767488K), 0.0047278 secs] [Times: user=0.02 sys=0.00, real=0.01 secs] 
1710.278: [GC (Allocation Failure) [PSYoungGen: 92064K->34208K(110592K)] 311193K->253337K(770560K), 0.0046524 secs] [Times: user=0.02 sys=0.00, real=0.00 secs] 
1710.876: [GC (Allocation Failure) [PSYoungGen: 92064K->1424K(112128K)] 311193K->220561K(772096K), 0.0024795 secs] [Times: user=0.00 sys=0.01, real=0.00 secs] 
1712.523: [GC (Allocation Failure) [PSYoungGen: 59280K->2464K(60416K)] 278417K->221609K(720384K), 0.0031266 secs] [Times: user=0.01 sys=0.00, real=0.01 secs] 
1713.630: [GC (Allocation Failure) [PSYoungGen: 59494K->9616K(107008K)] 278639K->228769K(766976K), 0.0025494 secs] [Times: user=0.01 sys=0.00, real=0.00 secs] 
1714.267: [GC (Allocation Failure) [PSYoungGen: 67472K->17792K(75776K)] 286625K->236953K(735744K), 0.0043142 secs] [Times: user=0.02 sys=0.00, real=0.00 secs] 
1714.759: [GC (Allocation Failure) [PSYoungGen: 75648K->34208K(102912K)] 294809K->253369K(762880K), 0.0075478 secs] [Times: user=0.04 sys=0.00, real=0.01 secs] 
1715.204: [GC (Allocation Failure) [PSYoungGen: 88480K->34208K(106496K)] 307641K->253377K(766464K), 0.0041808 secs] [Times: user=0.02 sys=0.00, real=0.01 secs] 
1715.641: [GC (Allocation Failure) [PSYoungGen: 88480K->1344K(108032K)] 307649K->220521K(768000K), 0.0018137 secs] [Times: user=0.01 sys=0.00, real=0.00 secs] 
1716.901: [GC (Allocation Failure) [PSYoungGen: 55616K->5536K(59904K)] 274793K->224721K(719872K), 0.0017902 secs] [Times: user=0.01 sys=0.00, real=0.00 secs] 
1717.310: [GC (Allocation Failure) [PSYoungGen: 59808K->17824K(100864K)] 278993K->237017K(760832K), 0.0024282 secs] [Times: user=0.01 sys=0.00, real=0.00 secs] 
1717.494: [GC (Allocation Failure) [PSYoungGen: 62283K->17760K(72192K)] 281477K->236953K(732160K), 0.0024346 secs] [Times: user=0.00 sys=0.01, real=0.01 secs] 
1717.654: [GC (Allocation Failure) [PSYoungGen: 72032K->34208K(97280K)] 291225K->253417K(757248K), 0.0031912 secs] [Times: user=0.01 sys=0.00, real=0.01 secs] 
1717.866: [GC (Allocation Failure) [PSYoungGen: 84896K->34208K(100864K)] 304105K->253425K(760832K), 0.0033829 secs] [Times: user=0.01 sys=0.00, real=0.00 secs] 
1718.219: [GC (Allocation Failure) [PSYoungGen: 84896K->1408K(108032K)] 304113K->220633K(768000K), 0.0017618 secs] [Times: user=0.00 sys=0.00, real=0.00 secs] 
1719.425: [GC (Allocation Failure) [PSYoungGen: 57216K->5536K(61440K)] 276441K->224761K(721408K), 0.0020256 secs] [Times: user=0.00 sys=0.00, real=0.00 secs] 
1720.078: [GC (Allocation Failure) [PSYoungGen: 61344K->17824K(100352K)] 280569K->237049K(760320K), 0.0058433 secs] [Times: user=0.03 sys=0.00, real=0.00 secs] 
1720.692: [GC (Allocation Failure) [PSYoungGen: 65756K->17760K(73728K)] 284981K->236993K(733696K), 0.0050075 secs] [Times: user=0.02 sys=0.01, real=0.01 secs] 
1721.084: [GC (Allocation Failure) [PSYoungGen: 73568K->34176K(97792K)] 292801K->253409K(757760K), 0.0054557 secs] [Times: user=0.03 sys=0.00, real=0.01 secs] 
1721.640: [GC (Allocation Failure) [PSYoungGen: 86400K->34176K(101376K)] 305633K->253417K(761344K), 0.0056778 secs] [Times: user=0.03 sys=0.01, real=0.01 secs] 
1722.296: [GC (Allocation Failure) [PSYoungGen: 86400K->1376K(103936K)] 305641K->220625K(763904K), 0.0025026 secs] [Times: user=0.01 sys=0.00, real=0.00 secs] 
1723.420: [GC (Allocation Failure) [PSYoungGen: 53600K->5568K(57856K)] 272849K->224825K(717824K), 0.0016993 secs] [Times: user=0.01 sys=0.00, real=0.00 secs] 
1723.588: [GC (Allocation Failure) [PSYoungGen: 57792K->17824K(96768K)] 277049K->237081K(756736K), 0.0021355 secs] [Times: user=0.01 sys=0.01, real=0.00 secs] 
1723.851: [GC (Allocation Failure) [PSYoungGen: 67892K->17824K(70144K)] 287149K->237089K(730112K), 0.0025746 secs] [Times: user=0.01 sys=0.00, real=0.00 secs] 
1724.100: [GC (Allocation Failure) [PSYoungGen: 70048K->34176K(93184K)] 289313K->253465K(753152K), 0.0029757 secs] [Times: user=0.01 sys=0.00, real=0.00 secs] 
1724.522: [GC (Allocation Failure) [PSYoungGen: 82816K->34144K(96768K)] 302105K->253441K(756736K), 0.0032201 secs] [Times: user=0.02 sys=0.00, real=0.01 secs] 
1724.867: [GC (Allocation Failure) [PSYoungGen: 82784K->1376K(99840K)] 302081K->220673K(759808K), 0.0023526 secs] [Times: user=0.01 sys=0.00, real=0.00 secs] 
1726.037: [GC (Allocation Failure) [PSYoungGen: 49881K->2432K(51200K)] 269179K->221737K(711168K), 0.0018583 secs] [Times: user=0.01 sys=0.00, real=0.00 secs] 
1726.231: [GC (Allocation Failure) [PSYoungGen: 51072K->9600K(95232K)] 270377K->228905K(755200K), 0.0027568 secs] [Times: user=0.01 sys=0.00, real=0.00 secs] 
1726.397: [GC (Allocation Failure) [PSYoungGen: 58240K->17824K(97280K)] 277545K->237137K(757248K), 0.0025812 secs] [Times: user=0.01 sys=0.00, real=0.00 secs] 
1726.591: [GC (Allocation Failure) [PSYoungGen: 66464K->34208K(96256K)] 285777K->253529K(756224K), 0.0035567 secs] [Times: user=0.01 sys=0.00, real=0.00 secs] 
1727.117: [GC (Allocation Failure) [PSYoungGen: 84384K->34160K(99840K)] 303705K->253489K(759808K), 0.0034136 secs] [Times: user=0.01 sys=0.00, real=0.00 secs] 
1727.548: [GC (Allocation Failure) [PSYoungGen: 84336K->1376K(96768K)] 303665K->220713K(756736K), 0.0015965 secs] [Times: user=0.01 sys=0.00, real=0.00 secs] 
1727.953: [GC (Allocation Failure) [PSYoungGen: 51552K->1376K(51712K)] 270889K->220713K(711680K), 0.0017314 secs] [Times: user=0.01 sys=0.00, real=0.01 secs] 
1728.825: [GC (Allocation Failure) [PSYoungGen: 51552K->9664K(96768K)] 270889K->229001K(756736K), 0.0017779 secs] [Times: user=0.01 sys=0.00, real=0.00 secs] 
1728.999: [GC (Allocation Failure) [PSYoungGen: 59840K->17824K(68096K)] 279177K->237169K(728064K), 0.0019745 secs] [Times: user=0.01 sys=0.00, real=0.00 secs] 
1729.185: [GC (Allocation Failure) [PSYoungGen: 51923K->17824K(92672K)] 271269K->237177K(752640K), 0.0022790 secs] [Times: user=0.01 sys=0.00, real=0.00 secs] 
1729.474: [GC (Allocation Failure) [PSYoungGen: 68000K->34208K(94720K)] 287353K->253569K(754688K), 0.0034625 secs] [Times: user=0.02 sys=0.00, real=0.01 secs] 
1729.981: [GC (Allocation Failure) [PSYoungGen: 84384K->34208K(95232K)] 303745K->253569K(755200K), 0.0040187 secs] [Times: user=0.02 sys=0.00, real=0.01 secs] 
1730.526: [GC (Allocation Failure) [PSYoungGen: 81312K->1408K(98304K)] 300673K->220777K(758272K), 0.0019690 secs] [Times: user=0.01 sys=0.00, real=0.00 secs] 
1731.766: [GC (Allocation Failure) [PSYoungGen: 48512K->1952K(97280K)] 267881K->221321K(757248K), 0.0015462 secs] [Times: user=0.00 sys=0.00, real=0.00 secs] 
1731.933: [GC (Allocation Failure) [PSYoungGen: 49056K->9600K(56832K)] 268425K->228977K(716800K), 0.0018571 secs] [Times: user=0.01 sys=0.00, real=0.01 secs] 
1732.094: [GC (Allocation Failure) [PSYoungGen: 56704K->17824K(91136K)] 276081K->237217K(751104K), 0.0021867 secs] [Times: user=0.01 sys=0.00, real=0.01 secs] 
1732.223: [GC (Allocation Failure) [PSYoungGen: 64928K->34176K(93184K)] 284321K->253585K(753152K), 0.0029896 secs] [Times: user=0.01 sys=0.00, real=0.01 secs] 
1732.419: [GC (Allocation Failure) [PSYoungGen: 81280K->34208K(99328K)] 300689K->253625K(759296K), 0.0030235 secs] [Times: user=0.02 sys=0.00, real=0.00 secs] 
1732.626: [GC (Allocation Failure) [PSYoungGen: 83872K->34176K(102400K)] 303289K->253601K(762368K), 0.0035310 secs] [Times: user=0.02 sys=0.00, real=0.00 secs] 
1732.856: [GC (Allocation Failure) [PSYoungGen: 83840K->1392K(110592K)] 303265K->220857K(770560K), 0.0017518 secs] [Times: user=0.01 sys=0.00, real=0.00 secs] 
1733.900: [GC (Allocation Failure) [PSYoungGen: 54559K->5568K(61440K)] 274024K->225041K(721408K), 0.0020943 secs] [Times: user=0.01 sys=0.00, real=0.00 secs] 
1734.279: [GC (Allocation Failure) [PSYoungGen: 61376K->17792K(102400K)] 280849K->237273K(762368K), 0.0026772 secs] [Times: user=0.02 sys=0.00, real=0.00 secs] 
1734.600: [GC (Allocation Failure) [PSYoungGen: 73600K->34176K(105984K)] 293081K->253657K(765952K), 0.0037340 secs] [Times: user=0.02 sys=0.00, real=0.00 secs] 
1735.212: [GC (Allocation Failure) [PSYoungGen: 89984K->34176K(107008K)] 309465K->253657K(766976K), 0.0049146 secs] [Times: user=0.02 sys=0.00, real=0.01 secs] 
1735.798: [GC (Allocation Failure) [PSYoungGen: 87936K->1376K(109056K)] 307417K->220865K(769024K), 0.0020648 secs] [Times: user=0.01 sys=0.00, real=0.00 secs] 
1736.399: [GC (Allocation Failure) [PSYoungGen: 55136K->1440K(107008K)] 274625K->220929K(766976K), 0.0021555 secs] [Times: user=0.00 sys=0.00, real=0.00 secs] 
1737.688: [GC (Allocation Failure) [PSYoungGen: 55200K->9632K(63488K)] 274689K->229121K(723456K), 0.0022126 secs] [Times: user=0.01 sys=0.00, real=0.00 secs] 
1738.109: [GC (Allocation Failure) [PSYoungGen: 63392K->17728K(100352K)] 282881K->237217K(760320K), 0.0066123 secs] [Times: user=0.02 sys=0.00, real=0.01 secs] 
1738.417: [GC (Allocation Failure) [PSYoungGen: 71488K->34176K(102912K)] 290977K->253665K(762880K), 0.0058703 secs] [Times: user=0.03 sys=0.00, real=0.00 secs] 
1738.865: [GC (Allocation Failure) [PSYoungGen: 87936K->34208K(109056K)] 307425K->253705K(769024K), 0.0059779 secs] [Times: user=0.03 sys=0.00, real=0.00 secs] 
1739.142: [GC (Allocation Failure) [PSYoungGen: 91040K->1376K(111616K)] 310537K->220881K(771584K), 0.0019534 secs] [Times: user=0.01 sys=0.00, real=0.00 secs] 
1740.097: [GC (Allocation Failure) [PSYoungGen: 58208K->1920K(103936K)] 277713K->221425K(763904K), 0.0018726 secs] [Times: user=0.01 sys=0.00, real=0.00 secs] 
1740.602: [GC (Allocation Failure) [PSYoungGen: 58050K->9616K(66560K)] 277556K->229121K(726528K), 0.0019253 secs] [Times: user=0.01 sys=0.00, real=0.00 secs] 
1741.118: [GC (Allocation Failure) [PSYoungGen: 66448K->17824K(101888K)] 285953K->237329K(761856K), 0.0039641 secs] [Times: user=0.02 sys=0.00, real=0.00 secs] 
1741.543: [GC (Allocation Failure) [PSYoungGen: 74656K->34208K(104960K)] 294161K->253721K(764928K), 0.0057345 secs] [Times: user=0.03 sys=0.00, real=0.01 secs] 
1742.006: [GC (Allocation Failure) [PSYoungGen: 91040K->34208K(105472K)] 310553K->253729K(765440K), 0.0043491 secs] [Times: user=0.02 sys=0.00, real=0.00 secs] 
1742.375: [GC (Allocation Failure) [PSYoungGen: 87968K->1376K(55296K)] 307489K->220905K(715264K), 0.0022210 secs] [Times: user=0.00 sys=0.00, real=0.00 secs] 
1743.779: [GC (Allocation Failure) [PSYoungGen: 55136K->5536K(104960K)] 274665K->225073K(764928K), 0.0022050 secs] [Times: user=0.01 sys=0.00, real=0.00 secs] 
1744.216: [GC (Allocation Failure) [PSYoungGen: 59296K->17792K(71680K)] 278833K->237329K(731648K), 0.0044907 secs] [Times: user=0.02 sys=0.00, real=0.00 secs] 
1744.648: [GC (Allocation Failure) [PSYoungGen: 62934K->17776K(97280K)] 282471K->237321K(757248K), 0.0042883 secs] [Times: user=0.01 sys=0.01, real=0.00 secs] 
1745.045: [GC (Allocation Failure) [PSYoungGen: 71536K->34144K(100352K)] 291081K->253713K(760320K), 0.0061153 secs] [Times: user=0.03 sys=0.00, real=0.00 secs] 
1745.673: [GC (Allocation Failure) [PSYoungGen: 87904K->34176K(101376K)] 307473K->253753K(761344K), 0.0046205 secs] [Times: user=0.03 sys=0.00, real=0.01 secs] 
1746.028: [GC (Allocation Failure) [PSYoungGen: 85376K->1376K(103936K)] 304953K->220961K(763904K), 0.0024507 secs] [Times: user=0.01 sys=0.01, real=0.00 secs] 
1747.258: [GC (Allocation Failure) [PSYoungGen: 52576K->5536K(101888K)] 272161K->225129K(761856K), 0.0020277 secs] [Times: user=0.01 sys=0.00, real=0.00 secs] 
1747.647: [GC (Allocation Failure) [PSYoungGen: 56736K->17728K(69120K)] 276329K->237321K(729088K), 0.0038010 secs] [Times: user=0.01 sys=0.00, real=0.00 secs] 
1748.101: [GC (Allocation Failure) [PSYoungGen: 68928K->17792K(94208K)] 288521K->237393K(754176K), 0.0038726 secs] [Times: user=0.02 sys=0.00, real=0.01 secs] 
1748.495: [GC (Allocation Failure) [PSYoungGen: 68992K->34208K(96768K)] 288593K->253809K(756736K), 0.0051155 secs] [Times: user=0.02 sys=0.00, real=0.00 secs] 
1749.175: [GC (Allocation Failure) [PSYoungGen: 85408K->34208K(97792K)] 305009K->253817K(757760K), 0.0072508 secs] [Times: user=0.03 sys=0.00, real=0.00 secs] 
1749.752: [GC (Allocation Failure) [PSYoungGen: 82848K->1376K(100352K)] 302457K->220993K(760320K), 0.0031913 secs] [Times: user=0.01 sys=0.00, real=0.01 secs] 
1750.985: [GC (Allocation Failure) [PSYoungGen: 49708K->2496K(99328K)] 269325K->222121K(759296K), 0.0015588 secs] [Times: user=0.01 sys=0.00, real=0.00 secs] 
1751.728: [GC (Allocation Failure) [PSYoungGen: 51136K->9616K(58368K)] 270761K->229241K(718336K), 0.0021735 secs] [Times: user=0.01 sys=0.00, real=0.00 secs] 
1752.072: [GC (Allocation Failure) [PSYoungGen: 58256K->17824K(92672K)] 277881K->237457K(752640K), 0.0029274 secs] [Times: user=0.01 sys=0.00, real=0.01 secs] 
1752.208: [GC (Allocation Failure) [PSYoungGen: 66464K->34176K(95232K)] 286097K->253817K(755200K), 0.0035544 secs] [Times: user=0.02 sys=0.01, real=0.00 secs] 
1752.412: [GC (Allocation Failure) [PSYoungGen: 82816K->34208K(101888K)] 302457K->253857K(761856K), 0.0034873 secs] [Times: user=0.01 sys=0.00, real=0.01 secs] 
1752.854: [GC (Allocation Failure) [PSYoungGen: 85920K->1408K(104448K)] 305569K->221065K(764416K), 0.0017462 secs] [Times: user=0.01 sys=0.00, real=0.00 secs] 
1753.298: [GC (Allocation Failure) [PSYoungGen: 53120K->1376K(97792K)] 272777K->221041K(757760K), 0.0020410 secs] [Times: user=0.01 sys=0.00, real=0.00 secs] 
1754.213: [GC (Allocation Failure) [PSYoungGen: 53088K->9664K(61440K)] 272753K->229329K(721408K), 0.0017686 secs] [Times: user=0.01 sys=0.00, real=0.01 secs] 
1754.395: [GC (Allocation Failure) [PSYoungGen: 61376K->17792K(96256K)] 281041K->237457K(756224K), 0.0023755 secs] [Times: user=0.01 sys=0.00, real=0.00 secs] 
1754.542: [GC (Allocation Failure) [PSYoungGen: 69504K->34176K(98816K)] 289169K->253865K(758784K), 0.0027215 secs] [Times: user=0.01 sys=0.00, real=0.01 secs] 
1754.912: [GC (Allocation Failure) [PSYoungGen: 85888K->34176K(104960K)] 305577K->253873K(764928K), 0.0033897 secs] [Times: user=0.02 sys=0.00, real=0.01 secs] 
1755.315: [GC (Allocation Failure) [PSYoungGen: 88448K->1376K(55808K)] 308145K->221073K(715776K), 0.0020666 secs] [Times: user=0.00 sys=0.00, real=0.00 secs] 
1755.731: [GC (Allocation Failure) [PSYoungGen: 55648K->1344K(105472K)] 275345K->221049K(765440K), 0.0019706 secs] [Times: user=0.00 sys=0.00, real=0.00 secs] 
1756.982: [GC (Allocation Failure) [PSYoungGen: 55616K->9632K(64000K)] 275321K->229337K(723968K), 0.0019628 secs] [Times: user=0.01 sys=0.00, real=0.00 secs] 
1757.407: [GC (Allocation Failure) [PSYoungGen: 63904K->17824K(99840K)] 283609K->237537K(759808K), 0.0048260 secs] [Times: user=0.02 sys=0.00, real=0.00 secs] 
1757.766: [GC (Allocation Failure) [PSYoungGen: 72096K->34176K(101888K)] 291809K->253897K(761856K), 0.0054576 secs] [Times: user=0.03 sys=0.00, real=0.00 secs] 
1758.185: [GC (Allocation Failure) [PSYoungGen: 88448K->34176K(102912K)] 308169K->253905K(762880K), 0.0049872 secs] [Times: user=0.03 sys=0.00, real=0.00 secs] 
1758.550: [GC (Allocation Failure) [PSYoungGen: 85888K->1408K(105472K)] 305617K->221145K(765440K), 0.0023763 secs] [Times: user=0.01 sys=0.00, real=0.00 secs] 
1759.828: [GC (Allocation Failure) [PSYoungGen: 53120K->160K(103424K)] 272857K->219905K(763392K), 0.0013431 secs] [Times: user=0.01 sys=0.00, real=0.00 secs] 
1760.051: [GC (Allocation Failure) [PSYoungGen: 51872K->9568K(61440K)] 271617K->229313K(721408K), 0.0018228 secs] [Times: user=0.01 sys=0.00, real=0.00 secs] 
1760.266: [GC (Allocation Failure) [PSYoungGen: 61280K->17824K(96768K)] 281025K->237577K(756736K), 0.0022920 secs] [Times: user=0.01 sys=0.00, real=0.00 secs] 
1760.413: [GC (Allocation Failure) [PSYoungGen: 69536K->34144K(99328K)] 289289K->253897K(759296K), 0.0030633 secs] [Times: user=0.02 sys=0.00, real=0.01 secs] 
1760.629: [GC (Allocation Failure) [PSYoungGen: 85856K->34176K(107008K)] 305609K->253937K(766976K), 0.0033739 secs] [Times: user=0.02 sys=0.00, real=0.00 secs] 
1760.859: [GC (Allocation Failure) [PSYoungGen: 89472K->1376K(109568K)] 309233K->221145K(769536K), 0.0016417 secs] [Times: user=0.01 sys=0.00, real=0.00 secs] 
1762.699: [GC (Allocation Failure) [PSYoungGen: 56672K->1568K(100864K)] 276441K->221345K(760832K), 0.0023350 secs] [Times: user=0.01 sys=0.00, real=0.00 secs] 
1763.239: [GC (Allocation Failure) [PSYoungGen: 56864K->9600K(65024K)] 276641K->229377K(724992K), 0.0025660 secs] [Times: user=0.01 sys=0.00, real=0.00 secs] 
1763.503: [GC (Allocation Failure) [PSYoungGen: 64896K->17792K(100352K)] 284673K->237569K(760320K), 0.0025877 secs] [Times: user=0.01 sys=0.00, real=0.01 secs] 
1763.756: [GC (Allocation Failure) [PSYoungGen: 73088K->34176K(102912K)] 292865K->253953K(762880K), 0.0037341 secs] [Times: user=0.01 sys=0.00, real=0.00 secs] 
1764.253: [GC (Allocation Failure) [PSYoungGen: 89472K->34144K(104448K)] 309249K->253945K(764416K), 0.0034852 secs] [Times: user=0.02 sys=0.00, real=0.01 secs] 
1764.829: [GC (Allocation Failure) [PSYoungGen: 86880K->1376K(54272K)] 306681K->221185K(714240K), 0.0032801 secs] [Times: user=0.01 sys=0.00, real=0.00 secs] 
1766.153: [GC (Allocation Failure) [PSYoungGen: 54112K->3488K(103424K)] 273921K->223305K(763392K), 0.0019003 secs] [Times: user=0.01 sys=0.00, real=0.01 secs] 
1766.335: [GC (Allocation Failure) [PSYoungGen: 51789K->9600K(62464K)] 271607K->229417K(722432K), 0.0018697 secs] [Times: user=0.01 sys=0.00, real=0.00 secs] 
1766.523: [GC (Allocation Failure) [PSYoungGen: 62336K->17792K(98304K)] 282153K->237617K(758272K), 0.0023356 secs] [Times: user=0.01 sys=0.00, real=0.01 secs] 
1766.753: [GC (Allocation Failure) [PSYoungGen: 70528K->34176K(100352K)] 290353K->254001K(760320K), 0.0035132 secs] [Times: user=0.01 sys=0.00, real=0.01 secs] 
1766.981: [GC (Allocation Failure) [PSYoungGen: 86912K->34208K(106496K)] 306737K->254041K(766464K), 0.0031807 secs] [Times: user=0.01 sys=0.00, real=0.00 secs] 
1767.219: [GC (Allocation Failure) [PSYoungGen: 89504K->1408K(109568K)] 309337K->221249K(769536K), 0.0016929 secs] [Times: user=0.01 sys=0.00, real=0.00 secs] 
1768.227: [GC (Allocation Failure) [PSYoungGen: 55685K->3536K(99840K)] 275526K->223377K(759808K), 0.0017346 secs] [Times: user=0.00 sys=0.00, real=0.00 secs] 
1768.426: [GC (Allocation Failure) [PSYoungGen: 51347K->9616K(65024K)] 271188K->229457K(724992K), 0.0018716 secs] [Times: user=0.01 sys=0.01, real=0.00 secs] 
1768.699: [GC (Allocation Failure) [PSYoungGen: 64912K->17792K(99840K)] 284753K->237641K(759808K), 0.0023418 secs] [Times: user=0.01 sys=0.00, real=0.00 secs] 
1768.992: [GC (Allocation Failure) [PSYoungGen: 73088K->34208K(102400K)] 292937K->254057K(762368K), 0.0073095 secs] [Times: user=0.03 sys=0.00, real=0.01 secs] 
1769.493: [GC (Allocation Failure) [PSYoungGen: 89504K->34176K(110592K)] 309353K->254033K(770560K), 0.0058890 secs] [Times: user=0.03 sys=0.01, real=0.01 secs] 
1770.158: [GC (Allocation Failure) [PSYoungGen: 93568K->1328K(113152K)] 313425K->221193K(773120K), 0.0028793 secs] [Times: user=0.02 sys=0.00, real=0.00 secs] 
1771.405: [GC (Allocation Failure) [PSYoungGen: 58947K->5584K(102912K)] 278812K->225457K(762880K), 0.0019987 secs] [Times: user=0.01 sys=0.00, real=0.00 secs] 
1771.601: [GC (Allocation Failure) [PSYoungGen: 64976K->17824K(77312K)] 284849K->237697K(737280K), 0.0023608 secs] [Times: user=0.01 sys=0.00, real=0.00 secs] 
1771.781: [GC (Allocation Failure) [PSYoungGen: 77216K->34144K(105472K)] 297089K->254017K(765440K), 0.0032329 secs] [Times: user=0.02 sys=0.00, real=0.00 secs] 
1772.023: [GC (Allocation Failure) [PSYoungGen: 90464K->34176K(108544K)] 310337K->254073K(768512K), 0.0046145 secs] [Times: user=0.02 sys=0.00, real=0.01 secs] 
1772.254: [GC (Allocation Failure) [PSYoungGen: 90496K->1392K(115712K)] 310393K->221297K(775680K), 0.0019256 secs] [Times: user=0.01 sys=0.00, real=0.01 secs] 
1773.236: [GC (Allocation Failure) [PSYoungGen: 63856K->3488K(66048K)] 283761K->223401K(726016K), 0.0018869 secs] [Times: user=0.01 sys=0.01, real=0.00 secs] 
1773.460: [GC (Allocation Failure) [PSYoungGen: 65952K->17792K(109568K)] 285865K->237713K(769536K), 0.0022506 secs] [Times: user=0.01 sys=0.00, real=0.00 secs] 
1773.927: [GC (Allocation Failure) [PSYoungGen: 68963K->17808K(80384K)] 288884K->237737K(740352K), 0.0022338 secs] [Times: user=0.01 sys=0.00, real=0.00 secs] 
1774.284: [GC (Allocation Failure) [PSYoungGen: 80272K->34144K(105984K)] 300201K->254073K(765952K), 0.0032043 secs] [Times: user=0.02 sys=0.00, real=0.01 secs] 
1774.778: [GC (Allocation Failure) [PSYoungGen: 93024K->34144K(109568K)] 312953K->254073K(769536K), 0.0035827 secs] [Times: user=0.01 sys=0.00, real=0.00 secs] 
1775.271: [GC (Allocation Failure) [PSYoungGen: 93024K->1440K(112128K)] 312953K->221369K(772096K), 0.0034364 secs] [Times: user=0.01 sys=0.00, real=0.00 secs] 
1776.616: [GC (Allocation Failure) [PSYoungGen: 60320K->9632K(68608K)] 280249K->229577K(728576K), 0.0020251 secs] [Times: user=0.01 sys=0.00, real=0.00 secs] 
1776.988: [GC (Allocation Failure) [PSYoungGen: 68512K->17824K(103936K)] 288457K->237777K(763904K), 0.0026198 secs] [Times: user=0.01 sys=0.00, real=0.00 secs] 
1777.167: [GC (Allocation Failure) [PSYoungGen: 76704K->34208K(107008K)] 296657K->254161K(766976K), 0.0056530 secs] [Times: user=0.03 sys=0.00, real=0.00 secs] 
1777.420: [GC (Allocation Failure) [PSYoungGen: 93088K->34208K(114176K)] 313041K->254169K(774144K), 0.0048839 secs] [Times: user=0.03 sys=0.00, real=0.01 secs] 
1777.692: [GC (Allocation Failure) [PSYoungGen: 97184K->1408K(116736K)] 317145K->221377K(776704K), 0.0017037 secs] [Times: user=0.01 sys=0.00, real=0.00 secs] 
1778.949: [GC (Allocation Failure) [PSYoungGen: 64384K->9632K(105472K)] 284353K->229609K(765440K), 0.0021491 secs] [Times: user=0.01 sys=0.00, real=0.00 secs] 
1779.188: [GC (Allocation Failure) [PSYoungGen: 72608K->17792K(80896K)] 292585K->237769K(740864K), 0.0024769 secs] [Times: user=0.01 sys=0.00, real=0.00 secs] 
1779.410: [GC (Allocation Failure) [PSYoungGen: 80768K->34208K(108032K)] 300745K->254193K(768000K), 0.0034153 secs] [Times: user=0.02 sys=0.00, real=0.00 secs] 
1779.710: [GC (Allocation Failure) [PSYoungGen: 94112K->34240K(111104K)] 314097K->254233K(771072K), 0.0032311 secs] [Times: user=0.02 sys=0.00, real=0.00 secs] 
1780.113: [GC (Allocation Failure) [PSYoungGen: 94144K->1376K(107008K)] 314137K->221369K(766976K), 0.0017309 secs] [Times: user=0.01 sys=0.00, real=0.01 secs] 
1781.307: [GC (Allocation Failure) [PSYoungGen: 61280K->5568K(65536K)] 281273K->225569K(725504K), 0.0021151 secs] [Times: user=0.00 sys=0.00, real=0.00 secs] 
1781.656: [GC (Allocation Failure) [PSYoungGen: 65472K->17824K(105472K)] 285473K->237825K(765440K), 0.0024703 secs] [Times: user=0.01 sys=0.00, real=0.00 secs] 
1781.885: [GC (Allocation Failure) [PSYoungGen: 77728K->34208K(109056K)] 297729K->254209K(769024K), 0.0031856 secs] [Times: user=0.01 sys=0.00, real=0.00 secs] 
1782.145: [GC (Allocation Failure) [PSYoungGen: 94112K->34208K(110080K)] 314113K->254209K(770048K), 0.0038066 secs] [Times: user=0.02 sys=0.00, real=0.00 secs] 
1782.655: [GC (Allocation Failure) [PSYoungGen: 92064K->1344K(112128K)] 312065K->221369K(772096K), 0.0019027 secs] [Times: user=0.01 sys=0.00, real=0.00 secs] 
1783.988: [GC (Allocation Failure) [PSYoungGen: 59200K->2496K(111104K)] 279225K->222521K(771072K), 0.0017667 secs] [Times: user=0.01 sys=0.00, real=0.00 secs] 
1784.408: [GC (Allocation Failure) [PSYoungGen: 53749K->9552K(67584K)] 273774K->229585K(727552K), 0.0021351 secs] [Times: user=0.01 sys=0.00, real=0.00 secs] 
1784.875: [GC (Allocation Failure) [PSYoungGen: 67408K->17792K(102912K)] 287441K->237833K(762880K), 0.0030689 secs] [Times: user=0.01 sys=0.00, real=0.00 secs] 
1785.230: [GC (Allocation Failure) [PSYoungGen: 75648K->34144K(105984K)] 295689K->254185K(765952K), 0.0051193 secs] [Times: user=0.02 sys=0.00, real=0.01 secs] 
1785.535: [GC (Allocation Failure) [PSYoungGen: 92000K->34176K(107008K)] 312041K->254225K(766976K), 0.0036015 secs] [Times: user=0.02 sys=0.00, real=0.00 secs] 
1785.802: [GC (Allocation Failure) [PSYoungGen: 89472K->1376K(56832K)] 309521K->221433K(716800K), 0.0019444 secs] [Times: user=0.00 sys=0.00, real=0.00 secs] 
1787.260: [GC (Allocation Failure) [PSYoungGen: 55699K->5552K(107008K)] 275756K->225617K(766976K), 0.0036210 secs] [Times: user=0.02 sys=0.00, real=0.00 secs] 
1787.799: [GC (Allocation Failure) [PSYoungGen: 60848K->17792K(73216K)] 280913K->237865K(733184K), 0.0054433 secs] [Times: user=0.02 sys=0.00, real=0.01 secs] 
1788.300: [GC (Allocation Failure) [PSYoungGen: 73088K->34144K(100864K)] 293161K->254217K(760832K), 0.0075785 secs] [Times: user=0.04 sys=0.00, real=0.01 secs] 
1788.846: [GC (Allocation Failure) [PSYoungGen: 85856K->34176K(104448K)] 305929K->254257K(764416K), 0.0056619 secs] [Times: user=0.02 sys=0.00, real=0.00 secs] 
1789.115: [GC (Allocation Failure) [PSYoungGen: 85888K->34176K(104448K)] 305969K->254265K(764416K), 0.0035883 secs] [Times: user=0.02 sys=0.00, real=0.00 secs] 
1789.323: [GC (Allocation Failure) [PSYoungGen: 83840K->1408K(106496K)] 303929K->221505K(766464K), 0.0018986 secs] [Times: user=0.01 sys=0.00, real=0.01 secs] 
1790.512: [GC (Allocation Failure) [PSYoungGen: 51072K->5536K(97792K)] 271169K->225641K(757760K), 0.0020559 secs] [Times: user=0.01 sys=0.00, real=0.00 secs] 
1790.827: [GC (Allocation Failure) [PSYoungGen: 55200K->17760K(67584K)] 275305K->237865K(727552K), 0.0024998 secs] [Times: user=0.01 sys=0.00, real=0.00 secs] 
1791.255: [GC (Allocation Failure) [PSYoungGen: 63419K->17824K(95232K)] 283524K->237937K(755200K), 0.0036409 secs] [Times: user=0.02 sys=0.00, real=0.00 secs] 
1791.525: [GC (Allocation Failure) [PSYoungGen: 67488K->34176K(98304K)] 287601K->254289K(758272K), 0.0042325 secs] [Times: user=0.02 sys=0.00, real=0.00 secs] 
1791.796: [GC (Allocation Failure) [PSYoungGen: 83840K->34208K(103424K)] 303953K->254329K(763392K), 0.0035846 secs] [Times: user=0.01 sys=0.00, real=0.00 secs] 
1792.016: [GC (Allocation Failure) [PSYoungGen: 86432K->1376K(105984K)] 306553K->221505K(765952K), 0.0020361 secs] [Times: user=0.01 sys=0.00, real=0.00 secs] 
1793.721: [GC (Allocation Failure) [PSYoungGen: 53600K->3456K(98304K)] 273729K->223593K(758272K), 0.0037789 secs] [Times: user=0.01 sys=0.00, real=0.00 secs] 
1794.436: [GC (Allocation Failure) [PSYoungGen: 52346K->9616K(61952K)] 272483K->229753K(721920K), 0.0037158 secs] [Times: user=0.02 sys=0.00, real=0.00 secs] 
1795.060: [GC (Allocation Failure) [PSYoungGen: 61840K->17760K(96768K)] 281977K->237905K(756736K), 0.0046895 secs] [Times: user=0.02 sys=0.00, real=0.00 secs] 
1795.420: [GC (Allocation Failure) [PSYoungGen: 69984K->34176K(99840K)] 290129K->254337K(759808K), 0.0050701 secs] [Times: user=0.03 sys=0.00, real=0.01 secs] 
1795.824: [GC (Allocation Failure) [PSYoungGen: 86400K->34144K(100864K)] 306561K->254321K(760832K), 0.0047361 secs] [Times: user=0.02 sys=0.00, real=0.01 secs] 
1796.550: [GC (Allocation Failure) [PSYoungGen: 83808K->1440K(51200K)] 303985K->221625K(711168K), 0.0031883 secs] [Times: user=0.02 sys=0.00, real=0.00 secs] 
1798.289: [GC (Allocation Failure) [PSYoungGen: 51104K->1696K(101888K)] 271289K->221881K(761856K), 0.0027137 secs] [Times: user=0.01 sys=0.00, real=0.00 secs] 
1799.571: [GC (Allocation Failure) [PSYoungGen: 51360K->9632K(59392K)] 271545K->229817K(719360K), 0.0041862 secs] [Times: user=0.01 sys=0.00, real=0.01 secs] 
1799.861: [GC (Allocation Failure) [PSYoungGen: 59296K->17824K(94720K)] 279481K->238017K(754688K), 0.0031278 secs] [Times: user=0.01 sys=0.00, real=0.01 secs] 
1800.144: [GC (Allocation Failure) [PSYoungGen: 67488K->34208K(97280K)] 287681K->254409K(757248K), 0.0053611 secs] [Times: user=0.02 sys=0.00, real=0.01 secs] 
1800.731: [GC (Allocation Failure) [PSYoungGen: 83872K->34176K(98304K)] 304073K->254385K(758272K), 0.0049121 secs] [Times: user=0.02 sys=0.00, real=0.01 secs] 
1801.337: [GC (Allocation Failure) [PSYoungGen: 81280K->34176K(100864K)] 301489K->254385K(760832K), 0.0074693 secs] [Times: user=0.03 sys=0.00, real=0.01 secs] 
1801.940: [GC (Allocation Failure) [PSYoungGen: 81280K->1408K(97792K)] 301489K->221625K(757760K), 0.0030797 secs] [Times: user=0.01 sys=0.00, real=0.00 secs] 
1803.906: [GC (Allocation Failure) [PSYoungGen: 48512K->5536K(52736K)] 268729K->225753K(712704K), 0.0038174 secs] [Times: user=0.01 sys=0.00, real=0.00 secs] 
1804.376: [GC (Allocation Failure) [PSYoungGen: 52640K->17856K(94208K)] 272857K->238081K(754176K), 0.0032688 secs] [Times: user=0.01 sys=0.00, real=0.00 secs] 
1804.775: [GC (Allocation Failure) [PSYoungGen: 64960K->17824K(65024K)] 285185K->238049K(724992K), 0.0034974 secs] [Times: user=0.01 sys=0.00, real=0.00 secs] 
1805.029: [GC (Allocation Failure) [PSYoungGen: 64928K->34176K(91648K)] 285153K->254409K(751616K), 0.0049506 secs] [Times: user=0.03 sys=0.00, real=0.00 secs] 
1805.426: [GC (Allocation Failure) [PSYoungGen: 78208K->34208K(94720K)] 298441K->254449K(754688K), 0.0038198 secs] [Times: user=0.02 sys=0.00, real=0.00 secs] 
1805.771: [GC (Allocation Failure) [PSYoungGen: 78240K->1408K(92160K)] 298481K->221657K(752128K), 0.0019216 secs] [Times: user=0.01 sys=0.00, real=0.00 secs] 
1806.140: [GC (Allocation Failure) [PSYoungGen: 45440K->1440K(45568K)] 265689K->221689K(705536K), 0.0021042 secs] [Times: user=0.00 sys=0.00, real=0.00 secs] 
1807.038: [GC (Allocation Failure) [PSYoungGen: 44994K->5472K(93696K)] 265244K->225737K(753664K), 0.0016453 secs] [Times: user=0.01 sys=0.00, real=0.00 secs] 
1807.170: [GC (Allocation Failure) [PSYoungGen: 49504K->17824K(61952K)] 269769K->238089K(721920K), 0.0021059 secs] [Times: user=0.01 sys=0.00, real=0.00 secs] 
1807.353: [GC (Allocation Failure) [PSYoungGen: 61856K->17824K(87552K)] 282121K->238097K(747520K), 0.0023372 secs] [Times: user=0.01 sys=0.01, real=0.01 secs] 
1807.468: [GC (Allocation Failure) [PSYoungGen: 61856K->34208K(90112K)] 282129K->254489K(750080K), 0.0028321 secs] [Times: user=0.01 sys=0.00, real=0.00 secs] 
1807.652: [GC (Allocation Failure) [PSYoungGen: 78240K->34208K(96768K)] 298521K->254497K(756736K), 0.0029305 secs] [Times: user=0.01 sys=0.00, real=0.01 secs] 
1807.848: [GC (Allocation Failure) [PSYoungGen: 81312K->1392K(99328K)] 301601K->221689K(759296K), 0.0014752 secs] [Times: user=0.01 sys=0.00, real=0.00 secs] 
1808.044: [GC (Allocation Failure) [PSYoungGen: 48496K->1408K(102912K)] 268793K->221721K(762880K), 0.0015406 secs] [Times: user=0.01 sys=0.00, real=0.01 secs] 
1808.924: [GC (Allocation Failure) [PSYoungGen: 53632K->9664K(61952K)] 273945K->229977K(721920K), 0.0020322 secs] [Times: user=0.01 sys=0.01, real=0.01 secs] 
1809.107: [GC (Allocation Failure) [PSYoungGen: 61888K->17728K(103936K)] 282201K->238041K(763904K), 0.0040353 secs] [Times: user=0.02 sys=0.00, real=0.00 secs] 
1809.269: [GC (Allocation Failure) [PSYoungGen: 72512K->34112K(101376K)] 292825K->254433K(761344K), 0.0033587 secs] [Times: user=0.02 sys=0.00, real=0.00 secs] 
1809.498: [GC (Allocation Failure) [PSYoungGen: 88896K->34208K(108544K)] 309217K->254561K(768512K), 0.0059932 secs] [Times: user=0.02 sys=0.00, real=0.00 secs] 
1809.745: [GC (Allocation Failure) [PSYoungGen: 92576K->1408K(111616K)] 312929K->221785K(771584K), 0.0019875 secs] [Times: user=0.01 sys=0.00, real=0.00 secs] 
1810.676: [GC (Allocation Failure) [PSYoungGen: 59776K->1952K(116224K)] 280153K->222337K(776192K), 0.0015722 secs] [Times: user=0.00 sys=0.00, real=0.00 secs] 
1811.093: [GC (Allocation Failure) [PSYoungGen: 61118K->9568K(74752K)] 281503K->229961K(734720K), 0.0019626 secs] [Times: user=0.01 sys=0.00, real=0.01 secs] 
1811.569: [GC (Allocation Failure) [PSYoungGen: 73233K->17776K(109568K)] 293627K->238169K(769536K), 0.0031103 secs] [Times: user=0.01 sys=0.01, real=0.00 secs] 
1812.195: [GC (Allocation Failure) [PSYoungGen: 82800K->34176K(112128K)] 303193K->254569K(772096K), 0.0067584 secs] [Times: user=0.03 sys=0.00, real=0.00 secs] 
1812.899: [GC (Allocation Failure) [PSYoungGen: 99200K->1344K(114688K)] 319593K->221745K(774656K), 0.0022917 secs] [Times: user=0.00 sys=0.00, real=0.00 secs] 
1814.440: [GC (Allocation Failure) [PSYoungGen: 66368K->1952K(67072K)] 286769K->222353K(727040K), 0.0017341 secs] [Times: user=0.01 sys=0.00, real=0.00 secs] 
1814.687: [GC (Allocation Failure) [PSYoungGen: 66976K->17824K(110080K)] 287377K->238225K(770048K), 0.0028637 secs] [Times: user=0.01 sys=0.00, real=0.00 secs] 
1814.916: [GC (Allocation Failure) [PSYoungGen: 72320K->17808K(82944K)] 292721K->238209K(742912K), 0.0025026 secs] [Times: user=0.01 sys=0.00, real=0.00 secs] 
1815.121: [GC (Allocation Failure) [PSYoungGen: 82832K->34176K(105984K)] 303233K->254577K(765952K), 0.0035955 secs] [Times: user=0.01 sys=0.00, real=0.01 secs] 
1815.376: [GC (Allocation Failure) [PSYoungGen: 95104K->1376K(62464K)] 315505K->221785K(722432K), 0.0019331 secs] [Times: user=0.01 sys=0.00, real=0.00 secs] 
1816.065: [GC (Allocation Failure) [PSYoungGen: 62304K->1373K(107520K)] 282713K->221790K(767488K), 0.0013808 secs] [Times: user=0.01 sys=0.00, real=0.00 secs] 
1817.045: [GC (Allocation Failure) [PSYoungGen: 62301K->9664K(70656K)] 282718K->230081K(730624K), 0.0023191 secs] [Times: user=0.01 sys=0.00, real=0.00 secs] 
1817.529: [GC (Allocation Failure) [PSYoungGen: 70592K->17824K(102912K)] 291009K->238241K(762880K), 0.0026656 secs] [Times: user=0.01 sys=0.00, real=0.00 secs] 
1817.898: [GC (Allocation Failure) [PSYoungGen: 78752K->34208K(104448K)] 299169K->254633K(764416K), 0.0052032 secs] [Times: user=0.03 sys=0.00, real=0.00 secs] 
1818.620: [GC (Allocation Failure) [PSYoungGen: 95136K->34176K(105472K)] 315561K->254609K(765440K), 0.0057476 secs] [Times: user=0.02 sys=0.00, real=0.01 secs] 
1819.252: [GC (Allocation Failure) [PSYoungGen: 91520K->1408K(58880K)] 311953K->221849K(718848K), 0.0030047 secs] [Times: user=0.01 sys=0.00, real=0.01 secs] 
1820.390: [GC (Allocation Failure) [PSYoungGen: 58752K->9600K(103424K)] 279193K->230049K(763392K), 0.0021019 secs] [Times: user=0.01 sys=0.00, real=0.00 secs] 
1820.594: [GC (Allocation Failure) [PSYoungGen: 66944K->17792K(75264K)] 287393K->238249K(735232K), 0.0028161 secs] [Times: user=0.02 sys=0.00, real=0.00 secs] 
1820.766: [GC (Allocation Failure) [PSYoungGen: 75136K->34176K(99328K)] 295593K->254641K(759296K), 0.0030792 secs] [Times: user=0.02 sys=0.00, real=0.00 secs] 
1821.026: [GC (Allocation Failure) [PSYoungGen: 87424K->34176K(103424K)] 307889K->254649K(763392K), 0.0036065 secs] [Times: user=0.01 sys=0.00, real=0.00 secs] 
1821.373: [GC (Allocation Failure) [PSYoungGen: 87424K->1376K(99840K)] 307897K->221857K(759808K), 0.0018019 secs] [Times: user=0.01 sys=0.01, real=0.01 secs] 
1822.602: [GC (Allocation Failure) [PSYoungGen: 54624K->1712K(55296K)] 275105K->222193K(715264K), 0.0017694 secs] [Times: user=0.01 sys=0.00, real=0.00 secs] 
1822.986: [GC (Allocation Failure) [PSYoungGen: 54960K->9632K(99840K)] 275441K->230113K(759808K), 0.0039603 secs] [Times: user=0.01 sys=0.00, real=0.00 secs] 
1823.314: [GC (Allocation Failure) [PSYoungGen: 62880K->17792K(71168K)] 283361K->238281K(731136K), 0.0032497 secs] [Times: user=0.02 sys=0.00, real=0.01 secs] 
1823.567: [GC (Allocation Failure) [PSYoungGen: 71040K->34208K(96768K)] 291529K->254705K(756736K), 0.0046156 secs] [Times: user=0.02 sys=0.00, real=0.00 secs] 
1824.151: [GC (Allocation Failure) [PSYoungGen: 83872K->34208K(100352K)] 304369K->254705K(760320K), 0.0042444 secs] [Times: user=0.02 sys=0.00, real=0.01 secs] 
1824.625: [GC (Allocation Failure) [PSYoungGen: 83872K->1376K(97280K)] 304369K->221889K(757248K), 0.0020602 secs] [Times: user=0.01 sys=0.00, real=0.00 secs] 
1825.151: [GC (Allocation Failure) [PSYoungGen: 51039K->288K(50176K)] 271552K->220809K(710144K), 0.0023141 secs] [Times: user=0.01 sys=0.00, real=0.00 secs] 
1826.459: [GC (Allocation Failure) [PSYoungGen: 49952K->9600K(96256K)] 270473K->230129K(756224K), 0.0021609 secs] [Times: user=0.01 sys=0.00, real=0.00 secs] 
1826.960: [GC (Allocation Failure) [PSYoungGen: 59264K->17824K(67584K)] 279793K->238353K(727552K), 0.0043393 secs] [Times: user=0.02 sys=0.00, real=0.00 secs] 
1827.236: [GC (Allocation Failure) [PSYoungGen: 67488K->34176K(93696K)] 288017K->254713K(753664K), 0.0050648 secs] [Times: user=0.02 sys=0.00, real=0.00 secs] 
1827.661: [GC (Allocation Failure) [PSYoungGen: 80256K->34208K(97280K)] 300793K->254753K(757248K), 0.0049915 secs] [Times: user=0.02 sys=0.00, real=0.01 secs] 
1828.229: [GC (Allocation Failure) [PSYoungGen: 80288K->34176K(102912K)] 300833K->254729K(762880K), 0.0056905 secs] [Times: user=0.03 sys=0.00, real=0.01 secs] 
1828.708: [GC (Allocation Failure) [PSYoungGen: 82816K->1376K(50176K)] 303369K->221937K(710144K), 0.0028884 secs] [Times: user=0.01 sys=0.00, real=0.00 secs] 
1829.961: [GC (Allocation Failure) [PSYoungGen: 50016K->5568K(101376K)] 270577K->226129K(761344K), 0.0018793 secs] [Times: user=0.01 sys=0.00, real=0.00 secs] 
1830.322: [GC (Allocation Failure) [PSYoungGen: 47572K->9632K(58368K)] 268133K->230201K(718336K), 0.0021539 secs] [Times: user=0.00 sys=0.00, real=0.00 secs] 
1830.670: [GC (Allocation Failure) [PSYoungGen: 58272K->17792K(94720K)] 278841K->238361K(754688K), 0.0027653 secs] [Times: user=0.01 sys=0.00, real=0.00 secs] 
1830.954: [GC (Allocation Failure) [PSYoungGen: 66432K->34208K(97792K)] 287001K->254785K(757760K), 0.0058711 secs] [Times: user=0.03 sys=0.00, real=0.01 secs] 
1831.477: [GC (Allocation Failure) [PSYoungGen: 82848K->34208K(103424K)] 303425K->254793K(763392K), 0.0049894 secs] [Times: user=0.03 sys=0.00, real=0.00 secs] 
1832.059: [GC (Allocation Failure) [PSYoungGen: 85408K->1408K(52736K)] 305993K->222001K(712704K), 0.0036401 secs] [Times: user=0.01 sys=0.00, real=0.00 secs] 
1832.699: [GC (Allocation Failure) [PSYoungGen: 52529K->256K(104448K)] 273123K->220849K(764416K), 0.0034156 secs] [Times: user=0.01 sys=0.00, real=0.00 secs] 
1834.655: [GC (Allocation Failure) [PSYoungGen: 51456K->9632K(60928K)] 272049K->230233K(720896K), 0.0026550 secs] [Times: user=0.01 sys=0.00, real=0.00 secs] 
1835.588: [GC (Allocation Failure) [PSYoungGen: 60832K->17728K(97280K)] 281433K->238329K(757248K), 0.0038141 secs] [Times: user=0.02 sys=0.00, real=0.00 secs] 
1836.502: [GC (Allocation Failure) [PSYoungGen: 68928K->34176K(99840K)] 289529K->254793K(759808K), 0.0082243 secs] [Times: user=0.04 sys=0.00, real=0.01 secs] 
1837.327: [GC (Allocation Failure) [PSYoungGen: 85376K->34208K(100864K)] 305993K->254833K(760832K), 0.0075040 secs] [Times: user=0.03 sys=0.00, real=0.01 secs] 
1837.817: [GC (Allocation Failure) [PSYoungGen: 82848K->34176K(103424K)] 303473K->254809K(763392K), 0.0072207 secs] [Times: user=0.04 sys=0.00, real=0.00 secs] 
1838.410: [GC (Allocation Failure) [PSYoungGen: 82816K->1408K(104448K)] 303449K->222041K(764416K), 0.0025291 secs] [Times: user=0.01 sys=0.00, real=0.00 secs] 
1839.918: [GC (Allocation Failure) [PSYoungGen: 50048K->5504K(54272K)] 270681K->226137K(714240K), 0.0037272 secs] [Times: user=0.02 sys=0.00, real=0.00 secs] 
1840.241: [GC (Allocation Failure) [PSYoungGen: 54144K->17824K(96256K)] 274777K->238465K(756224K), 0.0049048 secs] [Times: user=0.02 sys=0.00, real=0.01 secs] 
1840.660: [GC (Allocation Failure) [PSYoungGen: 63358K->17824K(66560K)] 283999K->238473K(726528K), 0.0030426 secs] [Times: user=0.02 sys=0.00, real=0.00 secs] 
1841.146: [GC (Allocation Failure) [PSYoungGen: 66464K->34208K(93696K)] 287113K->254865K(753664K), 0.0056955 secs] [Times: user=0.02 sys=0.00, real=0.00 secs] 
1841.775: [GC (Allocation Failure) [PSYoungGen: 79776K->34176K(96768K)] 300433K->254841K(756736K), 0.0056384 secs] [Times: user=0.03 sys=0.00, real=0.00 secs] 
1842.392: [GC (Allocation Failure) [PSYoungGen: 79744K->1408K(99328K)] 300409K->222081K(759296K), 0.0033868 secs] [Times: user=0.01 sys=0.00, real=0.01 secs] 
1843.019: [GC (Allocation Failure) [PSYoungGen: 46976K->1408K(47104K)] 267649K->222081K(707072K), 0.0035352 secs] [Times: user=0.01 sys=0.00, real=0.00 secs] 
1844.367: [GC (Allocation Failure) [PSYoungGen: 46976K->9664K(93696K)] 267649K->230345K(753664K), 0.0022237 secs] [Times: user=0.00 sys=0.01, real=0.00 secs] 
1844.660: [GC (Allocation Failure) [PSYoungGen: 55232K->17824K(63488K)] 275913K->238505K(723456K), 0.0027389 secs] [Times: user=0.02 sys=0.00, real=0.00 secs] 
1844.819: [GC (Allocation Failure) [PSYoungGen: 56059K->17792K(87552K)] 276740K->238481K(747520K), 0.0027765 secs] [Times: user=0.01 sys=0.00, real=0.00 secs] 
1844.943: [GC (Allocation Failure) [PSYoungGen: 63360K->34176K(90624K)] 284049K->254873K(750592K), 0.0042915 secs] [Times: user=0.02 sys=0.00, real=0.01 secs] 
1845.139: [GC (Allocation Failure) [PSYoungGen: 79744K->34176K(97792K)] 300441K->254897K(757760K), 0.0035696 secs] [Times: user=0.02 sys=0.01, real=0.00 secs] 
1845.351: [GC (Allocation Failure) [PSYoungGen: 82816K->1376K(100352K)] 303537K->222105K(760320K), 0.0018010 secs] [Times: user=0.01 sys=0.00, real=0.00 secs] 
1846.276: [GC (Allocation Failure) [PSYoungGen: 49048K->288K(104448K)] 269777K->221033K(764416K), 0.0013746 secs] [Times: user=0.00 sys=0.00, real=0.00 secs] 
1846.870: [GC (Allocation Failure) [PSYoungGen: 54048K->9632K(63488K)] 274793K->230377K(723456K), 0.0021758 secs] [Times: user=0.01 sys=0.00, real=0.00 secs] 
1848.449: [GC (Allocation Failure) [PSYoungGen: 63392K->17824K(97792K)] 284137K->238569K(757760K), 0.0055035 secs] [Times: user=0.03 sys=0.00, real=0.00 secs] 
1849.203: [GC (Allocation Failure) [PSYoungGen: 71584K->34208K(100352K)] 292329K->254953K(760320K), 0.0077316 secs] [Times: user=0.04 sys=0.00, real=0.01 secs] 
1850.081: [GC (Allocation Failure) [PSYoungGen: 87968K->34208K(100864K)] 308713K->254953K(760832K), 0.0113965 secs] [Times: user=0.04 sys=0.00, real=0.01 secs] 
1850.804: [GC (Allocation Failure) [PSYoungGen: 84896K->1376K(52224K)] 305641K->222129K(712192K), 0.0045581 secs] [Times: user=0.01 sys=0.00, real=0.01 secs] 
1852.031: [GC (Allocation Failure) [PSYoungGen: 51041K->224K(102400K)] 271794K->220977K(762368K), 0.0013272 secs] [Times: user=0.01 sys=0.00, real=0.00 secs] 
1852.231: [GC (Allocation Failure) [PSYoungGen: 50912K->9600K(60416K)] 271665K->230361K(720384K), 0.0016564 secs] [Times: user=0.01 sys=0.00, real=0.00 secs] 
1852.417: [GC (Allocation Failure) [PSYoungGen: 60288K->17760K(95232K)] 281049K->238521K(755200K), 0.0019557 secs] [Times: user=0.01 sys=0.00, real=0.00 secs] 
1852.559: [GC (Allocation Failure) [PSYoungGen: 68448K->34176K(97792K)] 289209K->254945K(757760K), 0.0027480 secs] [Times: user=0.02 sys=0.00, real=0.00 secs] 
1852.770: [GC (Allocation Failure) [PSYoungGen: 84864K->34208K(104960K)] 305633K->254985K(764928K), 0.0034425 secs] [Times: user=0.02 sys=0.00, real=0.00 secs] 
1852.994: [GC (Allocation Failure) [PSYoungGen: 87968K->1392K(107520K)] 308745K->222177K(767488K), 0.0017811 secs] [Times: user=0.01 sys=0.00, real=0.01 secs] 
1853.260: [GC (Allocation Failure) [PSYoungGen: 55152K->1344K(112640K)] 275937K->222129K(772608K), 0.0036168 secs] [Times: user=0.02 sys=0.00, real=0.00 secs] 
1854.606: [GC (Allocation Failure) [PSYoungGen: 61248K->9664K(69632K)] 282033K->230473K(729600K), 0.0025750 secs] [Times: user=0.01 sys=0.00, real=0.00 secs] 
1854.823: [GC (Allocation Failure) [PSYoungGen: 69568K->17792K(104960K)] 290377K->238609K(764928K), 0.0024310 secs] [Times: user=0.01 sys=0.00, real=0.01 secs] 
1855.012: [GC (Allocation Failure) [PSYoungGen: 77696K->34176K(107520K)] 298513K->255001K(767488K), 0.0033502 secs] [Times: user=0.01 sys=0.00, real=0.01 secs] 
1855.348: [GC (Allocation Failure) [PSYoungGen: 94080K->34144K(114688K)] 314905K->254977K(774656K), 0.0063474 secs] [Times: user=0.03 sys=0.01, real=0.00 secs] 
1855.893: [GC (Allocation Failure) [PSYoungGen: 97632K->1408K(117760K)] 318465K->222265K(777728K), 0.0018105 secs] [Times: user=0.00 sys=0.00, real=0.01 secs] 
1857.332: [GC (Allocation Failure) [PSYoungGen: 64896K->9664K(105472K)] 285753K->230529K(765440K), 0.0030305 secs] [Times: user=0.02 sys=0.00, real=0.01 secs] 
1857.866: [GC (Allocation Failure) [PSYoungGen: 73152K->17792K(81408K)] 294017K->238657K(741376K), 0.0028051 secs] [Times: user=0.01 sys=0.00, real=0.00 secs] 
1858.463: [GC (Allocation Failure) [PSYoungGen: 81280K->34208K(108032K)] 302145K->255073K(768000K), 0.0053274 secs] [Times: user=0.02 sys=0.01, real=0.01 secs] 
1859.349: [GC (Allocation Failure) [PSYoungGen: 94112K->34176K(111616K)] 314977K->255041K(771584K), 0.0074718 secs] [Times: user=0.04 sys=0.00, real=0.01 secs] 
1860.163: [GC (Allocation Failure) [PSYoungGen: 94080K->1376K(113152K)] 314945K->222241K(773120K), 0.0034821 secs] [Times: user=0.01 sys=0.00, real=0.01 secs] 
1862.118: [GC (Allocation Failure) [PSYoungGen: 61280K->9664K(69632K)] 282145K->230537K(729600K), 0.0026282 secs] [Times: user=0.01 sys=0.00, real=0.00 secs] 
1862.540: [GC (Allocation Failure) [PSYoungGen: 69568K->17792K(105472K)] 290441K->238673K(765440K), 0.0031852 secs] [Times: user=0.01 sys=0.00, real=0.00 secs] 
1862.910: [GC (Allocation Failure) [PSYoungGen: 77696K->34176K(108544K)] 298577K->255057K(768512K), 0.0045987 secs] [Times: user=0.02 sys=0.00, real=0.00 secs] 
1863.373: [GC (Allocation Failure) [PSYoungGen: 94080K->34208K(109056K)] 314961K->255097K(769024K), 0.0043044 secs] [Times: user=0.02 sys=0.00, real=0.01 secs] 
1863.833: [GC (Allocation Failure) [PSYoungGen: 91552K->1392K(111616K)] 312441K->222281K(771584K), 0.0023488 secs] [Times: user=0.01 sys=0.00, real=0.01 secs] 
1865.109: [GC (Allocation Failure) [PSYoungGen: 58736K->5568K(108544K)] 279625K->226465K(768512K), 0.0016502 secs] [Times: user=0.00 sys=0.00, real=0.00 secs] 
1865.308: [GC (Allocation Failure) [PSYoungGen: 62912K->17824K(75264K)] 283809K->238729K(735232K), 0.0021720 secs] [Times: user=0.01 sys=0.00, real=0.00 secs] 
1865.649: [GC (Allocation Failure) [PSYoungGen: 64831K->17776K(100864K)] 285737K->238689K(760832K), 0.0023046 secs] [Times: user=0.01 sys=0.00, real=0.00 secs] 
1865.946: [GC (Allocation Failure) [PSYoungGen: 75120K->34208K(103936K)] 296033K->255121K(763904K), 0.0031491 secs] [Times: user=0.01 sys=0.00, real=0.00 secs] 
1866.387: [GC (Allocation Failure) [PSYoungGen: 91552K->34176K(104448K)] 312465K->255097K(764416K), 0.0039328 secs] [Times: user=0.02 sys=0.00, real=0.00 secs] 
1866.789: [GC (Allocation Failure) [PSYoungGen: 88960K->1344K(107008K)] 309881K->222273K(766976K), 0.0020237 secs] [Times: user=0.01 sys=0.00, real=0.00 secs] 
1868.077: [GC (Allocation Failure) [PSYoungGen: 52948K->5552K(104960K)] 273877K->226489K(764928K), 0.0024793 secs] [Times: user=0.01 sys=0.00, real=0.00 secs] 
1868.420: [GC (Allocation Failure) [PSYoungGen: 60336K->17792K(72704K)] 281273K->238737K(732672K), 0.0025909 secs] [Times: user=0.01 sys=0.00, real=0.00 secs] 
1868.941: [GC (Allocation Failure) [PSYoungGen: 56996K->17744K(96768K)] 277941K->238689K(756736K), 0.0037387 secs] [Times: user=0.01 sys=0.00, real=0.01 secs] 
1869.475: [GC (Allocation Failure) [PSYoungGen: 72528K->34176K(99840K)] 293473K->255129K(759808K), 0.0050139 secs] [Times: user=0.02 sys=0.00, real=0.00 secs] 
1870.208: [GC (Allocation Failure) [PSYoungGen: 88960K->34208K(100864K)] 309913K->255169K(760832K), 0.0074349 secs] [Times: user=0.04 sys=0.00, real=0.01 secs] 
1870.854: [GC (Allocation Failure) [PSYoungGen: 86432K->1408K(103424K)] 307393K->222377K(763392K), 0.0034885 secs] [Times: user=0.01 sys=0.00, real=0.01 secs] 
1872.501: [GC (Allocation Failure) [PSYoungGen: 53632K->5568K(101888K)] 274601K->226545K(761856K), 0.0030961 secs] [Times: user=0.01 sys=0.00, real=0.00 secs] 
1873.133: [GC (Allocation Failure) [PSYoungGen: 57792K->17792K(70144K)] 278769K->238769K(730112K), 0.0038522 secs] [Times: user=0.02 sys=0.00, real=0.01 secs] 
1873.678: [GC (Allocation Failure) [PSYoungGen: 66791K->17808K(93696K)] 287768K->238793K(753664K), 0.0042307 secs] [Times: user=0.02 sys=0.00, real=0.00 secs] 
1873.998: [GC (Allocation Failure) [PSYoungGen: 70032K->34208K(96768K)] 291017K->255209K(756736K), 0.0057660 secs] [Times: user=0.02 sys=0.00, real=0.00 secs] 
1874.478: [GC (Allocation Failure) [PSYoungGen: 86432K->34208K(97792K)] 307433K->255217K(757760K), 0.0047029 secs] [Times: user=0.02 sys=0.00, real=0.00 secs] 
1874.862: [GC (Allocation Failure) [PSYoungGen: 83872K->1376K(100352K)] 304881K->222385K(760320K), 0.0021555 secs] [Times: user=0.01 sys=0.00, real=0.00 secs] 
1875.986: [GC (Allocation Failure) [PSYoungGen: 51040K->3520K(98816K)] 272049K->224537K(758784K), 0.0016084 secs] [Times: user=0.00 sys=0.00, real=0.00 secs] 
1876.318: [GC (Allocation Failure) [PSYoungGen: 51331K->9616K(59392K)] 272349K->230641K(719360K), 0.0022438 secs] [Times: user=0.00 sys=0.00, real=0.00 secs] 
1876.491: [GC (Allocation Failure) [PSYoungGen: 59280K->17792K(92160K)] 280305K->238825K(752128K), 0.0027303 secs] [Times: user=0.01 sys=0.00, real=0.00 secs] 
1876.672: [GC (Allocation Failure) [PSYoungGen: 67456K->34176K(95232K)] 288489K->255225K(755200K), 0.0037080 secs] [Times: user=0.02 sys=0.00, real=0.01 secs] 
1876.910: [GC (Allocation Failure) [PSYoungGen: 83840K->34144K(101376K)] 304889K->255201K(761344K), 0.0034572 secs] [Times: user=0.02 sys=0.01, real=0.00 secs] 
1877.276: [GC (Allocation Failure) [PSYoungGen: 86368K->1408K(104448K)] 307425K->222473K(764416K), 0.0015496 secs] [Times: user=0.01 sys=0.00, real=0.00 secs] 
1878.462: [GC (Allocation Failure) [PSYoungGen: 53583K->1712K(97792K)] 274648K->222785K(757760K), 0.0017487 secs] [Times: user=0.00 sys=0.00, real=0.00 secs] 
1879.259: [GC (Allocation Failure) [PSYoungGen: 53936K->9664K(61952K)] 275009K->230737K(721920K), 0.0031625 secs] [Times: user=0.01 sys=0.00, real=0.00 secs] 
1879.756: [GC (Allocation Failure) [PSYoungGen: 61888K->17792K(96256K)] 282961K->238865K(756224K), 0.0043603 secs] [Times: user=0.02 sys=0.00, real=0.00 secs] 
1880.176: [GC (Allocation Failure) [PSYoungGen: 70016K->34176K(98816K)] 291089K->255257K(758784K), 0.0066008 secs] [Times: user=0.03 sys=0.00, real=0.00 secs] 
1880.703: [GC (Allocation Failure) [PSYoungGen: 86400K->34208K(99328K)] 307481K->255297K(759296K), 0.0066104 secs] [Times: user=0.03 sys=0.00, real=0.01 secs] 
1881.123: [GC (Allocation Failure) [PSYoungGen: 83360K->1376K(50688K)] 304449K->222465K(710656K), 0.0024119 secs] [Times: user=0.01 sys=0.00, real=0.01 secs] 
1881.675: [GC (Allocation Failure) [PSYoungGen: 50528K->1376K(100864K)] 271617K->222473K(760832K), 0.0027883 secs] [Times: user=0.01 sys=0.00, real=0.00 secs] 
1882.887: [GC (Allocation Failure) [PSYoungGen: 50528K->9664K(58880K)] 271625K->230761K(718848K), 0.0021259 secs] [Times: user=0.01 sys=0.00, real=0.00 secs] 
1883.225: [GC (Allocation Failure) [PSYoungGen: 58816K->17824K(93696K)] 279913K->238929K(753664K), 0.0034252 secs] [Times: user=0.02 sys=0.00, real=0.00 secs] 
1883.509: [GC (Allocation Failure) [PSYoungGen: 66976K->34208K(96256K)] 288081K->255313K(756224K), 0.0075349 secs] [Times: user=0.04 sys=0.00, real=0.01 secs] 
1883.926: [GC (Allocation Failure) [PSYoungGen: 83360K->34208K(102400K)] 304465K->255337K(762368K), 0.0057656 secs] [Times: user=0.03 sys=0.00, real=0.00 secs] 
1884.356: [GC (Allocation Failure) [PSYoungGen: 85920K->34176K(105472K)] 307049K->255313K(765440K), 0.0073531 secs] [Times: user=0.04 sys=0.00, real=0.00 secs] 
1884.639: [GC (Allocation Failure) [PSYoungGen: 85888K->1424K(113152K)] 307025K->222577K(773120K), 0.0017140 secs] [Times: user=0.01 sys=0.00, real=0.00 secs] 
1885.533: [GC (Allocation Failure) [PSYoungGen: 59280K->9600K(67584K)] 280433K->230761K(727552K), 0.0016710 secs] [Times: user=0.01 sys=0.00, real=0.01 secs] 
1885.775: [GC (Allocation Failure) [PSYoungGen: 67456K->17792K(104448K)] 288617K->238961K(764416K), 0.0023269 secs] [Times: user=0.01 sys=0.00, real=0.00 secs] 
1886.098: [GC (Allocation Failure) [PSYoungGen: 75648K->34208K(108032K)] 296817K->255377K(768000K), 0.0032915 secs] [Times: user=0.01 sys=0.00, real=0.00 secs] 
1886.626: [GC (Allocation Failure) [PSYoungGen: 92064K->34176K(108544K)] 313233K->255353K(768512K), 0.0110215 secs] [Times: user=0.04 sys=0.01, real=0.01 secs] 
1887.089: [GC (Allocation Failure) [PSYoungGen: 89984K->1344K(110592K)] 311161K->222529K(770560K), 0.0022035 secs] [Times: user=0.00 sys=0.00, real=0.00 secs] 
1888.168: [GC (Allocation Failure) [PSYoungGen: 57152K->3520K(102400K)] 278337K->224713K(762368K), 0.0016797 secs] [Times: user=0.01 sys=0.00, real=0.00 secs] 
1888.357: [GC (Allocation Failure) [PSYoungGen: 55400K->9648K(65536K)] 276594K->230841K(725504K), 0.0017019 secs] [Times: user=0.01 sys=0.00, real=0.00 secs] 
1888.573: [GC (Allocation Failure) [PSYoungGen: 65456K->17760K(101376K)] 286649K->238953K(761344K), 0.0019854 secs] [Times: user=0.01 sys=0.00, real=0.01 secs] 
1888.832: [GC (Allocation Failure) [PSYoungGen: 73568K->34208K(104448K)] 294761K->255401K(764416K), 0.0031226 secs] [Times: user=0.02 sys=0.00, real=0.01 secs] 
1889.288: [GC (Allocation Failure) [PSYoungGen: 90016K->34176K(104960K)] 311209K->255377K(764928K), 0.0031626 secs] [Times: user=0.02 sys=0.00, real=0.00 secs] 
1889.750: [GC (Allocation Failure) [PSYoungGen: 87424K->1376K(107520K)] 308625K->222577K(767488K), 0.0017432 secs] [Times: user=0.00 sys=0.00, real=0.00 secs] 
1890.948: [GC (Allocation Failure) [PSYoungGen: 54624K->5536K(104448K)] 275825K->226737K(764416K), 0.0020805 secs] [Times: user=0.01 sys=0.00, real=0.00 secs] 
1891.318: [GC (Allocation Failure) [PSYoungGen: 58784K->17824K(71168K)] 279985K->239025K(731136K), 0.0026358 secs] [Times: user=0.01 sys=0.00, real=0.00 secs] 
1891.756: [GC (Allocation Failure) [PSYoungGen: 67831K->17792K(96768K)] 289033K->238993K(756736K), 0.0024260 secs] [Times: user=0.01 sys=0.00, real=0.00 secs] 
1891.990: [GC (Allocation Failure) [PSYoungGen: 71040K->34176K(99840K)] 292241K->255385K(759808K), 0.0035949 secs] [Times: user=0.02 sys=0.00, real=0.00 secs] 
1892.233: [GC (Allocation Failure) [PSYoungGen: 87424K->34208K(100864K)] 308633K->255433K(760832K), 0.0035086 secs] [Times: user=0.02 sys=0.01, real=0.01 secs] 
1892.449: [GC (Allocation Failure) [PSYoungGen: 84896K->1376K(103424K)] 306121K->222609K(763392K), 0.0029427 secs] [Times: user=0.01 sys=0.00, real=0.00 secs] 
1893.445: [GC (Allocation Failure) [PSYoungGen: 52064K->5568K(94720K)] 273297K->226825K(754688K), 0.0021126 secs] [Times: user=0.01 sys=0.00, real=0.00 secs] 
1893.777: [GC (Allocation Failure) [PSYoungGen: 49126K->9600K(60416K)] 270383K->230857K(720384K), 0.0028983 secs] [Times: user=0.01 sys=0.00, real=0.00 secs] 
1894.261: [GC (Allocation Failure) [PSYoungGen: 60288K->17792K(94720K)] 281545K->239057K(754688K), 0.0036508 secs] [Times: user=0.01 sys=0.00, real=0.01 secs] 
1894.460: [GC (Allocation Failure) [PSYoungGen: 68480K->34208K(97280K)] 289745K->255473K(757248K), 0.0037832 secs] [Times: user=0.02 sys=0.00, real=0.00 secs] 
1894.703: [GC (Allocation Failure) [PSYoungGen: 84896K->34208K(103936K)] 306161K->255481K(763904K), 0.0035961 secs] [Times: user=0.02 sys=0.00, real=0.01 secs] 
1895.149: [GC (Allocation Failure) [PSYoungGen: 87968K->1392K(106496K)] 309241K->222673K(766464K), 0.0019793 secs] [Times: user=0.01 sys=0.00, real=0.00 secs] 
1896.362: [GC (Allocation Failure) [PSYoungGen: 55063K->2416K(98816K)] 276344K->223697K(758784K), 0.0019000 secs] [Times: user=0.01 sys=0.00, real=0.00 secs] 
1897.299: [GC (Allocation Failure) [PSYoungGen: 56176K->9568K(63488K)] 277457K->230849K(723456K), 0.0039776 secs] [Times: user=0.02 sys=0.00, real=0.00 secs] 
1897.910: [GC (Allocation Failure) [PSYoungGen: 63328K->17792K(98304K)] 284609K->239081K(758272K), 0.0052613 secs] [Times: user=0.02 sys=0.00, real=0.01 secs] 
1898.075: [GC (Allocation Failure) [PSYoungGen: 71552K->34208K(100864K)] 292841K->255505K(760832K), 0.0039864 secs] [Times: user=0.02 sys=0.00, real=0.00 secs] 
1898.301: [GC (Allocation Failure) [PSYoungGen: 87968K->34176K(108032K)] 309265K->255481K(768000K), 0.0040230 secs] [Times: user=0.02 sys=0.01, real=0.01 secs] 
1898.608: [GC (Allocation Failure) [PSYoungGen: 91520K->1408K(110592K)] 312825K->222721K(770560K), 0.0017282 secs] [Times: user=0.00 sys=0.00, real=0.00 secs] 
1899.862: [GC (Allocation Failure) [PSYoungGen: 58752K->5568K(100864K)] 280065K->226889K(760832K), 0.0018847 secs] [Times: user=0.01 sys=0.00, real=0.00 secs] 
1900.270: [GC (Allocation Failure) [PSYoungGen: 62912K->17792K(75264K)] 284233K->239113K(735232K), 0.0023018 secs] [Times: user=0.01 sys=0.00, real=0.00 secs] 
1900.693: [GC (Allocation Failure) [PSYoungGen: 62491K->17760K(100864K)] 283812K->239081K(760832K), 0.0030746 secs] [Times: user=0.02 sys=0.00, real=0.01 secs] 
1901.144: [GC (Allocation Failure) [PSYoungGen: 75104K->34176K(103424K)] 296425K->255497K(763392K), 0.0045571 secs] [Times: user=0.02 sys=0.01, real=0.01 secs] 
1901.534: [GC (Allocation Failure) [PSYoungGen: 91520K->34144K(104448K)] 312841K->255473K(764416K), 0.0035891 secs] [Times: user=0.01 sys=0.00, real=0.01 secs] 
1902.100: [GC (Allocation Failure) [PSYoungGen: 88928K->1328K(107008K)] 310257K->222665K(766976K), 0.0020853 secs] [Times: user=0.01 sys=0.00, real=0.00 secs] 
1903.870: [GC (Allocation Failure) [PSYoungGen: 52398K->5536K(104960K)] 273735K->226881K(764928K), 0.0023405 secs] [Times: user=0.01 sys=0.00, real=0.00 secs] 
1904.386: [GC (Allocation Failure) [PSYoungGen: 60320K->17760K(72704K)] 281665K->239105K(732672K), 0.0029294 secs] [Times: user=0.01 sys=0.00, real=0.00 secs] 
1904.765: [GC (Allocation Failure) [PSYoungGen: 56962K->17744K(96768K)] 278307K->239097K(756736K), 0.0026542 secs] [Times: user=0.01 sys=0.00, real=0.00 secs] 
1905.112: [GC (Allocation Failure) [PSYoungGen: 72528K->34144K(99840K)] 293881K->255513K(759808K), 0.0034879 secs] [Times: user=0.01 sys=0.00, real=0.01 secs] 
1905.686: [GC (Allocation Failure) [PSYoungGen: 88928K->34176K(100864K)] 310297K->255553K(760832K), 0.0038558 secs] [Times: user=0.02 sys=0.00, real=0.00 secs] 
1906.104: [GC (Allocation Failure) [PSYoungGen: 86400K->1392K(103424K)] 307777K->222785K(763392K), 0.0021659 secs] [Times: user=0.01 sys=0.00, real=0.01 secs] 
1908.219: [GC (Allocation Failure) [PSYoungGen: 53616K->5568K(101888K)] 275009K->226969K(761856K), 0.0037139 secs] [Times: user=0.02 sys=0.00, real=0.00 secs] 
1908.674: [GC (Allocation Failure) [PSYoungGen: 57792K->17824K(70144K)] 279193K->239225K(730112K), 0.0040461 secs] [Times: user=0.01 sys=0.00, real=0.01 secs] 
1908.874: [GC (Allocation Failure) [PSYoungGen: 66820K->17760K(93696K)] 288222K->239169K(753664K), 0.0029594 secs] [Times: user=0.01 sys=0.00, real=0.01 secs] 
1909.029: [GC (Allocation Failure) [PSYoungGen: 69984K->34144K(96768K)] 291393K->255569K(756736K), 0.0056416 secs] [Times: user=0.03 sys=0.00, real=0.01 secs] 
1909.406: [GC (Allocation Failure) [PSYoungGen: 86368K->34192K(104448K)] 307793K->255625K(764416K), 0.0049574 secs] [Times: user=0.02 sys=0.00, real=0.00 secs] 
1910.045: [GC (Allocation Failure) [PSYoungGen: 90512K->1376K(107008K)] 311945K->222817K(766976K), 0.0020673 secs] [Times: user=0.01 sys=0.00, real=0.00 secs] 
1911.350: [GC (Allocation Failure) [PSYoungGen: 57696K->5504K(99328K)] 279137K->226953K(759296K), 0.0018853 secs] [Times: user=0.01 sys=0.00, real=0.00 secs] 
1911.538: [GC (Allocation Failure) [PSYoungGen: 61824K->17824K(106496K)] 283273K->239273K(766464K), 0.0027313 secs] [Times: user=0.01 sys=0.00, real=0.00 secs] 
1911.907: [GC (Allocation Failure) [PSYoungGen: 58325K->17824K(92160K)] 279775K->239281K(752128K), 0.0024708 secs] [Times: user=0.01 sys=0.00, real=0.00 secs] 
1912.076: [GC (Allocation Failure) [PSYoungGen: 74144K->34176K(100864K)] 295601K->255633K(760832K), 0.0037031 secs] [Times: user=0.02 sys=0.00, real=0.00 secs] 
1912.409: [GC (Allocation Failure) [PSYoungGen: 90496K->34176K(107520K)] 311953K->255641K(767488K), 0.0046793 secs] [Times: user=0.02 sys=0.00, real=0.00 secs] 
1912.934: [GC (Allocation Failure) [PSYoungGen: 94080K->1312K(110592K)] 315545K->222809K(770560K), 0.0026304 secs] [Times: user=0.01 sys=0.00, real=0.01 secs] 
1914.131: [GC (Allocation Failure) [PSYoungGen: 61216K->9632K(100864K)] 282713K->231137K(760832K), 0.0020193 secs] [Times: user=0.00 sys=0.00, real=0.00 secs] 
1914.602: [GC (Allocation Failure) [PSYoungGen: 69536K->17792K(77824K)] 291041K->239297K(737792K), 0.0026213 secs] [Times: user=0.01 sys=0.00, real=0.00 secs] 
1914.791: [GC (Allocation Failure) [PSYoungGen: 77696K->34176K(102912K)] 299201K->255681K(762880K), 0.0045865 secs] [Times: user=0.02 sys=0.00, real=0.01 secs] 
1915.030: [GC (Allocation Failure) [PSYoungGen: 91008K->34208K(105984K)] 312513K->255721K(765952K), 0.0036191 secs] [Times: user=0.02 sys=0.00, real=0.00 secs] 
1915.290: [GC (Allocation Failure) [PSYoungGen: 91040K->1376K(114688K)] 312553K->222897K(774656K), 0.0021894 secs] [Times: user=0.01 sys=0.00, real=0.00 secs] 
1916.734: [GC (Allocation Failure) [PSYoungGen: 64352K->5536K(68608K)] 285873K->227065K(728576K), 0.0023380 secs] [Times: user=0.01 sys=0.00, real=0.01 secs] 
1917.276: [GC (Allocation Failure) [PSYoungGen: 68512K->17792K(107008K)] 290041K->239321K(766976K), 0.0024772 secs] [Times: user=0.02 sys=0.00, real=0.00 secs] 
1917.727: [GC (Allocation Failure) [PSYoungGen: 80768K->34176K(110592K)] 302297K->255705K(770560K), 0.0035847 secs] [Times: user=0.02 sys=0.00, real=0.00 secs] 
1918.596: [GC (Allocation Failure) [PSYoungGen: 97152K->34208K(112128K)] 318681K->255737K(772096K), 0.0052102 secs] [Times: user=0.03 sys=0.00, real=0.00 secs] 
1919.167: [GC (Allocation Failure) [PSYoungGen: 95136K->1376K(114176K)] 316665K->222905K(774144K), 0.0018138 secs] [Times: user=0.00 sys=0.00, real=0.00 secs] 
1920.742: [GC (Allocation Failure) [PSYoungGen: 62304K->5536K(112128K)] 283833K->227065K(772096K), 0.0021047 secs] [Times: user=0.01 sys=0.00, real=0.00 secs] 
1921.237: [GC (Allocation Failure) [PSYoungGen: 66464K->17792K(78848K)] 287993K->239321K(738816K), 0.0027213 secs] [Times: user=0.01 sys=0.00, real=0.00 secs] 
1921.635: [GC (Allocation Failure) [PSYoungGen: 78720K->34144K(107520K)] 300249K->255681K(767488K), 0.0039613 secs] [Times: user=0.01 sys=0.01, real=0.00 secs] 
1922.145: [GC (Allocation Failure) [PSYoungGen: 92512K->34176K(110080K)] 314049K->255713K(770048K), 0.0035829 secs] [Times: user=0.02 sys=0.00, real=0.00 secs] 
1922.647: [GC (Allocation Failure) [PSYoungGen: 92544K->1376K(112640K)] 314081K->222921K(772608K), 0.0019093 secs] [Times: user=0.00 sys=0.00, real=0.00 secs] 
1924.123: [GC (Allocation Failure) [PSYoungGen: 59744K->1920K(60416K)] 281289K->223473K(720384K), 0.0016655 secs] [Times: user=0.01 sys=0.00, real=0.01 secs] 
1924.785: [GC (Allocation Failure) [PSYoungGen: 59261K->9632K(107008K)] 280814K->231193K(766976K), 0.0029822 secs] [Times: user=0.01 sys=0.00, real=0.00 secs] 
1925.208: [GC (Allocation Failure) [PSYoungGen: 68000K->17792K(76288K)] 289561K->239361K(736256K), 0.0037830 secs] [Times: user=0.02 sys=0.00, real=0.00 secs] 
1925.743: [GC (Allocation Failure) [PSYoungGen: 76160K->34144K(102912K)] 297729K->255713K(762880K), 0.0061405 secs] [Times: user=0.03 sys=0.00, real=0.01 secs] 
1926.393: [GC (Allocation Failure) [PSYoungGen: 88928K->34176K(106496K)] 310497K->255753K(766464K), 0.0054542 secs] [Times: user=0.03 sys=0.00, real=0.01 secs] 
1927.117: [GC (Allocation Failure) [PSYoungGen: 88960K->1440K(108032K)] 310537K->223033K(768000K), 0.0037701 secs] [Times: user=0.02 sys=0.00, real=0.00 secs] 
1928.349: [GC (Allocation Failure) [PSYoungGen: 56224K->5536K(60416K)] 277817K->227137K(720384K), 0.0018985 secs] [Times: user=0.00 sys=0.00, real=0.00 secs] 
1928.766: [GC (Allocation Failure) [PSYoungGen: 60320K->17760K(100352K)] 281921K->239369K(760320K), 0.0024291 secs] [Times: user=0.01 sys=0.00, real=0.00 secs] 
1929.347: [GC (Allocation Failure) [PSYoungGen: 59360K->17808K(72704K)] 280970K->239417K(732672K), 0.0027385 secs] [Times: user=0.01 sys=0.00, real=0.00 secs] 
1929.848: [GC (Allocation Failure) [PSYoungGen: 72592K->34208K(98304K)] 294201K->255825K(758272K), 0.0036700 secs] [Times: user=0.02 sys=0.00, real=0.00 secs] 
1930.497: [GC (Allocation Failure) [PSYoungGen: 85920K->34208K(101376K)] 307537K->255833K(761344K), 0.0038929 secs] [Times: user=0.02 sys=0.00, real=0.00 secs] 
1931.149: [GC (Allocation Failure) [PSYoungGen: 85920K->1408K(104448K)] 307545K->223041K(764416K), 0.0034592 secs] [Times: user=0.02 sys=0.00, real=0.00 secs] 
1932.657: [GC (Allocation Failure) [PSYoungGen: 53120K->5536K(57344K)] 274753K->227177K(717312K), 0.0020594 secs] [Times: user=0.01 sys=0.01, real=0.00 secs] 
1932.822: [GC (Allocation Failure) [PSYoungGen: 57248K->17760K(105984K)] 278889K->239401K(765952K), 0.0061554 secs] [Times: user=0.03 sys=0.00, real=0.01 secs] 
1933.070: [GC (Allocation Failure) [PSYoungGen: 71375K->17808K(102912K)] 293017K->239457K(762880K), 0.0022343 secs] [Times: user=0.01 sys=0.00, real=0.00 secs] 
1933.231: [GC (Allocation Failure) [PSYoungGen: 72592K->34208K(103424K)] 294241K->255865K(763392K), 0.0032757 secs] [Times: user=0.02 sys=0.00, real=0.01 secs] 
1933.473: [GC (Allocation Failure) [PSYoungGen: 92064K->34144K(106496K)] 313721K->255809K(766464K), 0.0032303 secs] [Times: user=0.02 sys=0.00, real=0.01 secs] 
1933.852: [GC (Allocation Failure) [PSYoungGen: 92000K->1344K(115712K)] 313665K->223017K(775680K), 0.0020056 secs] [Times: user=0.00 sys=0.00, real=0.00 secs] 
1935.134: [GC (Allocation Failure) [PSYoungGen: 65856K->9632K(74240K)] 287529K->231313K(734208K), 0.0026584 secs] [Times: user=0.01 sys=0.00, real=0.01 secs] 
1935.400: [GC (Allocation Failure) [PSYoungGen: 74144K->17792K(108032K)] 295825K->239481K(768000K), 0.0028821 secs] [Times: user=0.01 sys=0.00, real=0.00 secs] 
1935.658: [GC (Allocation Failure) [PSYoungGen: 82304K->34144K(111104K)] 303993K->255833K(771072K), 0.0047491 secs] [Times: user=0.03 sys=0.00, real=0.00 secs] 
1935.928: [GC (Allocation Failure) [PSYoungGen: 98656K->34208K(119808K)] 320345K->255913K(779776K), 0.0064782 secs] [Times: user=0.03 sys=0.00, real=0.00 secs] 
1936.251: [GC (Allocation Failure) [PSYoungGen: 103840K->1408K(121856K)] 325545K->223129K(781824K), 0.0017908 secs] [Times: user=0.00 sys=0.00, real=0.00 secs] 
1938.191: [GC (Allocation Failure) [PSYoungGen: 68806K->9664K(109056K)] 290527K->231393K(769024K), 0.0035690 secs] [Times: user=0.01 sys=0.00, real=0.00 secs] 
1939.128: [GC (Allocation Failure) [PSYoungGen: 72716K->17840K(86528K)] 294446K->239577K(746496K), 0.0049650 secs] [Times: user=0.02 sys=0.00, real=0.00 secs] 
1939.738: [GC (Allocation Failure) [PSYoungGen: 86448K->34208K(113152K)] 308185K->255945K(773120K), 0.0057056 secs] [Times: user=0.02 sys=0.00, real=0.00 secs] 
1940.633: [GC (Allocation Failure) [PSYoungGen: 99744K->1408K(116224K)] 321481K->223145K(776192K), 0.0030048 secs] [Times: user=0.02 sys=0.00, real=0.01 secs] 
1942.203: [GC (Allocation Failure) [PSYoungGen: 66944K->3520K(114176K)] 288681K->225257K(774144K), 0.0019728 secs] [Times: user=0.01 sys=0.00, real=0.01 secs] 
1942.979: [GC (Allocation Failure) [PSYoungGen: 69056K->17792K(83456K)] 290793K->239529K(743424K), 0.0031428 secs] [Times: user=0.02 sys=0.00, real=0.00 secs] 
1943.553: [GC (Allocation Failure) [PSYoungGen: 67515K->17792K(107520K)] 289252K->239529K(767488K), 0.0035118 secs] [Times: user=0.01 sys=0.00, real=0.01 secs] 
1944.014: [GC (Allocation Failure) [PSYoungGen: 83328K->34176K(110080K)] 305065K->255913K(770048K), 0.0047794 secs] [Times: user=0.02 sys=0.00, real=0.01 secs] 
1944.679: [GC (Allocation Failure) [PSYoungGen: 99712K->1376K(113664K)] 321449K->223113K(773632K), 0.0028830 secs] [Times: user=0.01 sys=0.00, real=0.00 secs] 
1946.134: [GC (Allocation Failure) [PSYoungGen: 66912K->1920K(67584K)] 288649K->223657K(727552K), 0.0016734 secs] [Times: user=0.01 sys=0.00, real=0.01 secs] 
1946.343: [GC (Allocation Failure) [PSYoungGen: 67456K->17824K(108032K)] 289193K->239569K(768000K), 0.0023478 secs] [Times: user=0.01 sys=0.00, real=0.01 secs] 
1946.727: [GC (Allocation Failure) [PSYoungGen: 70138K->17760K(83456K)] 291884K->239513K(743424K), 0.0023992 secs] [Times: user=0.01 sys=0.00, real=0.00 secs] 
1947.132: [GC (Allocation Failure) [PSYoungGen: 83296K->34176K(104448K)] 305049K->255937K(764416K), 0.0032610 secs] [Times: user=0.01 sys=0.00, real=0.01 secs] 
1947.720: [GC (Allocation Failure) [PSYoungGen: 95616K->1408K(108544K)] 317377K->223169K(768512K), 0.0016938 secs] [Times: user=0.01 sys=0.00, real=0.00 secs] 
1948.936: [GC (Allocation Failure) [PSYoungGen: 62431K->256K(107520K)] 284192K->222033K(767488K), 0.0013486 secs] [Times: user=0.01 sys=0.00, real=0.00 secs] 
1949.405: [GC (Allocation Failure) [PSYoungGen: 61696K->9568K(71168K)] 283473K->231353K(731136K), 0.0021429 secs] [Times: user=0.01 sys=0.00, real=0.00 secs] 
1950.093: [GC (Allocation Failure) [PSYoungGen: 71008K->17824K(102400K)] 292793K->239617K(762368K), 0.0025603 secs] [Times: user=0.01 sys=0.00, real=0.01 secs] 
1950.611: [GC (Allocation Failure) [PSYoungGen: 79264K->34208K(103936K)] 301057K->256009K(763904K), 0.0033360 secs] [Times: user=0.01 sys=0.00, real=0.01 secs] 
1951.123: [GC (Allocation Failure) [PSYoungGen: 95648K->34144K(104960K)] 317449K->255953K(764928K), 0.0035251 secs] [Times: user=0.02 sys=0.00, real=0.01 secs] 
1951.621: [GC (Allocation Failure) [PSYoungGen: 92000K->1408K(59392K)] 313809K->223217K(719360K), 0.0016815 secs] [Times: user=0.00 sys=0.00, real=0.00 secs] 
1952.587: [GC (Allocation Failure) [PSYoungGen: 59264K->9632K(103936K)] 281073K->231449K(763904K), 0.0025304 secs] [Times: user=0.01 sys=0.00, real=0.00 secs] 
1952.825: [GC (Allocation Failure) [PSYoungGen: 67488K->17760K(75776K)] 289305K->239577K(735744K), 0.0022566 secs] [Times: user=0.01 sys=0.00, real=0.00 secs] 
1953.047: [GC (Allocation Failure) [PSYoungGen: 75616K->34176K(99328K)] 297433K->256001K(759296K), 0.0033940 secs] [Times: user=0.01 sys=0.00, real=0.00 secs] 
1953.349: [GC (Allocation Failure) [PSYoungGen: 87936K->34176K(103424K)] 309761K->256009K(763392K), 0.0069400 secs] [Times: user=0.03 sys=0.00, real=0.01 secs] 
1953.571: [GC (Allocation Failure) [PSYoungGen: 87936K->1408K(112128K)] 309769K->223257K(772096K), 0.0022745 secs] [Times: user=0.00 sys=0.00, real=0.00 secs] 
1954.684: [GC (Allocation Failure) [PSYoungGen: 61312K->2464K(62464K)] 283161K->224321K(722432K), 0.0018780 secs] [Times: user=0.01 sys=0.00, real=0.01 secs] 
1954.903: [GC (Allocation Failure) [PSYoungGen: 62368K->17792K(113664K)] 284225K->239649K(773632K), 0.0031042 secs] [Times: user=0.01 sys=0.01, real=0.01 secs] 
1955.101: [GC (Allocation Failure) [PSYoungGen: 67747K->17776K(111104K)] 289605K->239641K(771072K), 0.0024869 secs] [Times: user=0.01 sys=0.00, real=0.00 secs] 
1955.329: [GC (Allocation Failure) [PSYoungGen: 80240K->34144K(111616K)] 302105K->256009K(771584K), 0.0043671 secs] [Times: user=0.02 sys=0.01, real=0.00 secs] 
1955.661: [GC (Allocation Failure) [PSYoungGen: 99680K->1376K(115200K)] 321545K->223249K(775168K), 0.0018894 secs] [Times: user=0.01 sys=0.00, real=0.00 secs] 
1956.772: [GC (Allocation Failure) [PSYoungGen: 66912K->1920K(106496K)] 288785K->223801K(766464K), 0.0015411 secs] [Times: user=0.01 sys=0.00, real=0.00 secs] 
1957.294: [GC (Allocation Failure) [PSYoungGen: 60056K->9600K(75264K)] 281937K->231481K(735232K), 0.0020650 secs] [Times: user=0.01 sys=0.00, real=0.01 secs] 
1957.895: [GC (Allocation Failure) [PSYoungGen: 72304K->17776K(107520K)] 294185K->239657K(767488K), 0.0031865 secs] [Times: user=0.02 sys=0.00, real=0.00 secs] 
1958.328: [GC (Allocation Failure) [PSYoungGen: 83312K->34208K(109568K)] 305193K->256089K(769536K), 0.0046820 secs] [Times: user=0.02 sys=0.00, real=0.00 secs] 
1958.910: [GC (Allocation Failure) [PSYoungGen: 99744K->1376K(113152K)] 321625K->223265K(773120K), 0.0025129 secs] [Times: user=0.00 sys=0.00, real=0.00 secs] 
1960.335: [GC (Allocation Failure) [PSYoungGen: 66912K->1952K(67584K)] 288801K->223857K(727552K), 0.0016594 secs] [Times: user=0.01 sys=0.00, real=0.00 secs] 
1960.558: [GC (Allocation Failure) [PSYoungGen: 67488K->17824K(108544K)] 289393K->239737K(768512K), 0.0022221 secs] [Times: user=0.01 sys=0.00, real=0.00 secs] 
1960.774: [GC (Allocation Failure) [PSYoungGen: 70175K->17792K(83456K)] 292088K->239713K(743424K), 0.0021386 secs] [Times: user=0.01 sys=0.00, real=0.01 secs] 
1960.980: [GC (Allocation Failure) [PSYoungGen: 83328K->34176K(104960K)] 305249K->256097K(764928K), 0.0030346 secs] [Times: user=0.02 sys=0.00, real=0.00 secs] 
1961.236: [GC (Allocation Failure) [PSYoungGen: 95616K->1344K(62976K)] 317537K->223273K(722944K), 0.0016360 secs] [Times: user=0.00 sys=0.00, real=0.00 secs] 
1962.156: [GC (Allocation Failure) [PSYoungGen: 62369K->288K(107520K)] 284299K->222217K(767488K), 0.0012466 secs] [Times: user=0.01 sys=0.00, real=0.00 secs] 
1963.627: [GC (Allocation Failure) [PSYoungGen: 61728K->9632K(71168K)] 283657K->231569K(731136K), 0.0031895 secs] [Times: user=0.01 sys=0.00, real=0.00 secs] 
1964.703: [GC (Allocation Failure) [PSYoungGen: 71072K->17792K(102400K)] 293009K->239729K(762368K), 0.0056532 secs] [Times: user=0.03 sys=0.00, real=0.01 secs] 
1965.363: [GC (Allocation Failure) [PSYoungGen: 79232K->34208K(103936K)] 301169K->256153K(763904K), 0.0076221 secs] [Times: user=0.03 sys=0.01, real=0.01 secs] 
1966.053: [GC (Allocation Failure) [PSYoungGen: 95648K->34144K(104448K)] 317593K->256097K(764416K), 0.0041551 secs] [Times: user=0.02 sys=0.00, real=0.01 secs] 
1966.543: [GC (Allocation Failure) [PSYoungGen: 91488K->1408K(58880K)] 313441K->223369K(718848K), 0.0023005 secs] [Times: user=0.01 sys=0.00, real=0.01 secs] 
1967.953: [GC (Allocation Failure) [PSYoungGen: 58752K->9664K(102912K)] 280713K->231633K(762880K), 0.0021119 secs] [Times: user=0.00 sys=0.00, real=0.01 secs] 
1968.577: [GC (Allocation Failure) [PSYoungGen: 67008K->17792K(75264K)] 288977K->239769K(735232K), 0.0025382 secs] [Times: user=0.01 sys=0.00, real=0.00 secs] 
1969.122: [GC (Allocation Failure) [PSYoungGen: 75136K->34176K(98816K)] 297113K->256161K(758784K), 0.0034913 secs] [Times: user=0.02 sys=0.00, real=0.01 secs] 
1969.888: [GC (Allocation Failure) [PSYoungGen: 87424K->34176K(102912K)] 309409K->256169K(762880K), 0.0045400 secs] [Times: user=0.03 sys=0.00, real=0.00 secs] 
1970.596: [GC (Allocation Failure) [PSYoungGen: 87424K->1408K(104960K)] 309417K->223401K(764928K), 0.0036589 secs] [Times: user=0.02 sys=0.00, real=0.00 secs] 
1971.686: [GC (Allocation Failure) [PSYoungGen: 54656K->1696K(55296K)] 276649K->223697K(715264K), 0.0015054 secs] [Times: user=0.01 sys=0.00, real=0.00 secs] 
1972.126: [GC (Allocation Failure) [PSYoungGen: 54944K->9600K(99840K)] 276945K->231601K(759808K), 0.0021596 secs] [Times: user=0.01 sys=0.00, real=0.00 secs] 
1972.548: [GC (Allocation Failure) [PSYoungGen: 62848K->17824K(71168K)] 284849K->239833K(731136K), 0.0051976 secs] [Times: user=0.02 sys=0.00, real=0.00 secs] 
1972.941: [GC (Allocation Failure) [PSYoungGen: 71072K->34208K(95744K)] 293081K->256225K(755712K), 0.0058052 secs] [Times: user=0.03 sys=0.00, real=0.01 secs] 
1973.251: [GC (Allocation Failure) [PSYoungGen: 83360K->34176K(99840K)] 305377K->256193K(759808K), 0.0038411 secs] [Times: user=0.02 sys=0.00, real=0.01 secs] 
1973.511: [GC (Allocation Failure) [PSYoungGen: 83328K->1376K(102400K)] 305345K->223409K(762368K), 0.0017701 secs] [Times: user=0.01 sys=0.00, real=0.00 secs] 
1973.858: [GC (Allocation Failure) [PSYoungGen: 50525K->288K(49664K)] 272558K->222329K(709632K), 0.0017692 secs] [Times: user=0.01 sys=0.00, real=0.00 secs] 
1974.953: [GC (Allocation Failure) [PSYoungGen: 49440K->9664K(96256K)] 271481K->231713K(756224K), 0.0022620 secs] [Times: user=0.01 sys=0.00, real=0.01 secs] 
1975.252: [GC (Allocation Failure) [PSYoungGen: 58816K->17824K(67072K)] 280865K->239873K(727040K), 0.0030252 secs] [Times: user=0.02 sys=0.00, real=0.01 secs] 
1975.390: [GC (Allocation Failure) [PSYoungGen: 66976K->34176K(92160K)] 289025K->256241K(752128K), 0.0036260 secs] [Times: user=0.02 sys=0.00, real=0.00 secs] 
1975.579: [GC (Allocation Failure) [PSYoungGen: 79232K->34208K(96256K)] 301297K->256289K(756224K), 0.0035761 secs] [Times: user=0.01 sys=0.00, real=0.00 secs] 
1975.767: [GC (Allocation Failure) [PSYoungGen: 79264K->34144K(102912K)] 301345K->256233K(762880K), 0.0031876 secs] [Times: user=0.02 sys=0.00, real=0.00 secs] 
1976.063: [GC (Allocation Failure) [PSYoungGen: 82784K->1376K(104960K)] 304873K->223481K(764928K), 0.0017546 secs] [Times: user=0.00 sys=0.00, real=0.00 secs] 
1977.135: [GC (Allocation Failure) [PSYoungGen: 49069K->3488K(96768K)] 271174K->225601K(756736K), 0.0018489 secs] [Times: user=0.01 sys=0.00, real=0.00 secs] 
1977.535: [GC (Allocation Failure) [PSYoungGen: 51118K->9568K(58368K)] 273232K->231689K(718336K), 0.0032265 secs] [Times: user=0.02 sys=0.00, real=0.00 secs] 
1977.865: [GC (Allocation Failure) [PSYoungGen: 58208K->17760K(102912K)] 280329K->239881K(762880K), 0.0042631 secs] [Times: user=0.02 sys=0.01, real=0.00 secs] 
1978.148: [GC (Allocation Failure) [PSYoungGen: 69472K->34208K(100864K)] 291593K->256337K(760832K), 0.0057118 secs] [Times: user=0.03 sys=0.00, real=0.00 secs] 
1978.557: [GC (Allocation Failure) [PSYoungGen: 85920K->34208K(108032K)] 308049K->256353K(768000K), 0.0046332 secs] [Times: user=0.03 sys=0.00, real=0.00 secs] 
1979.027: [GC (Allocation Failure) [PSYoungGen: 89504K->1376K(110592K)] 311649K->223529K(770560K), 0.0019167 secs] [Times: user=0.01 sys=0.00, real=0.00 secs] 
1980.258: [GC (Allocation Failure) [PSYoungGen: 56672K->2432K(101888K)] 278825K->224585K(761856K), 0.0018465 secs] [Times: user=0.00 sys=0.00, real=0.00 secs] 
1980.480: [GC (Allocation Failure) [PSYoungGen: 53840K->9600K(65024K)] 275993K->231753K(724992K), 0.0018120 secs] [Times: user=0.01 sys=0.00, real=0.00 secs] 
1980.683: [GC (Allocation Failure) [PSYoungGen: 64896K->17824K(101376K)] 287049K->239977K(761344K), 0.0023639 secs] [Times: user=0.01 sys=0.00, real=0.01 secs] 
1980.851: [GC (Allocation Failure) [PSYoungGen: 73120K->34176K(103936K)] 295273K->256329K(763904K), 0.0031793 secs] [Times: user=0.01 sys=0.00, real=0.00 secs] 
1981.126: [GC (Allocation Failure) [PSYoungGen: 89472K->34208K(110080K)] 311625K->256369K(770048K), 0.0039795 secs] [Times: user=0.02 sys=0.00, real=0.00 secs] 
1981.419: [GC (Allocation Failure) [PSYoungGen: 92576K->1408K(113152K)] 314737K->223593K(773120K), 0.0016995 secs] [Times: user=0.01 sys=0.00, real=0.00 secs] 
1982.461: [GC (Allocation Failure) [PSYoungGen: 59776K->5504K(103424K)] 281961K->227697K(763392K), 0.0019765 secs] [Times: user=0.01 sys=0.00, real=0.00 secs] 
1982.819: [GC (Allocation Failure) [PSYoungGen: 63872K->17792K(76288K)] 286065K->239985K(736256K), 0.0025893 secs] [Times: user=0.01 sys=0.00, real=0.00 secs] 
1983.143: [GC (Allocation Failure) [PSYoungGen: 76160K->34208K(104960K)] 298353K->256401K(764928K), 0.0035380 secs] [Times: user=0.02 sys=0.01, real=0.01 secs] 
1983.554: [GC (Allocation Failure) [PSYoungGen: 89504K->34208K(108032K)] 311697K->256401K(768000K), 0.0035134 secs] [Times: user=0.01 sys=0.00, real=0.01 secs] 
1983.992: [GC (Allocation Failure) [PSYoungGen: 89504K->1440K(109568K)] 311697K->223633K(769536K), 0.0020025 secs] [Times: user=0.01 sys=0.00, real=0.00 secs] 
1985.097: [GC (Allocation Failure) [PSYoungGen: 56653K->256K(55808K)] 278846K->222449K(715776K), 0.0016021 secs] [Times: user=0.01 sys=0.00, real=0.00 secs] 
1985.493: [GC (Allocation Failure) [PSYoungGen: 55552K->9632K(104448K)] 277745K->231833K(764416K), 0.0020266 secs] [Times: user=0.00 sys=0.00, real=0.01 secs] 
1985.925: [GC (Allocation Failure) [PSYoungGen: 64928K->17792K(73216K)] 287129K->239993K(733184K), 0.0028038 secs] [Times: user=0.01 sys=0.00, real=0.00 secs] 
1986.136: [GC (Allocation Failure) [PSYoungGen: 73088K->34176K(100352K)] 295289K->256385K(760320K), 0.0035132 secs] [Times: user=0.02 sys=0.00, real=0.00 secs] 
1986.353: [GC (Allocation Failure) [PSYoungGen: 85888K->34208K(103936K)] 308097K->256425K(763904K), 0.0033506 secs] [Times: user=0.02 sys=0.01, real=0.01 secs] 
1986.569: [GC (Allocation Failure) [PSYoungGen: 85920K->1408K(100352K)] 308137K->223633K(760320K), 0.0018387 secs] [Times: user=0.01 sys=0.00, real=0.00 secs] 
1987.504: [GC (Allocation Failure) [PSYoungGen: 53120K->1888K(53760K)] 275345K->224121K(713728K), 0.0017914 secs] [Times: user=0.01 sys=0.00, real=0.01 secs] 
1987.872: [GC (Allocation Failure) [PSYoungGen: 53600K->9568K(99328K)] 275833K->231809K(759296K), 0.0019780 secs] [Times: user=0.00 sys=0.00, real=0.00 secs] 
1988.213: [GC (Allocation Failure) [PSYoungGen: 61280K->17824K(69632K)] 283521K->240065K(729600K), 0.0024116 secs] [Times: user=0.01 sys=0.00, real=0.01 secs] 
1988.525: [GC (Allocation Failure) [PSYoungGen: 69536K->34176K(96256K)] 291777K->256425K(756224K), 0.0034108 secs] [Times: user=0.01 sys=0.00, real=0.00 secs] 
1988.935: [GC (Allocation Failure) [PSYoungGen: 82304K->34176K(99840K)] 304553K->256433K(759808K), 0.0033977 secs] [Times: user=0.02 sys=0.00, real=0.00 secs] 
1989.361: [GC (Allocation Failure) [PSYoungGen: 82304K->1376K(101888K)] 304561K->223641K(761856K), 0.0017210 secs] [Times: user=0.00 sys=0.00, real=0.00 secs] 
1989.871: [GC (Allocation Failure) [PSYoungGen: 49504K->1392K(49664K)] 271769K->223665K(709632K), 0.0018801 secs] [Times: user=0.01 sys=0.00, real=0.00 secs] 
1990.803: [GC (Allocation Failure) [PSYoungGen: 49520K->9664K(96256K)] 271793K->231937K(756224K), 0.0020462 secs] [Times: user=0.00 sys=0.00, real=0.01 secs] 
1990.970: [GC (Allocation Failure) [PSYoungGen: 57792K->17728K(66048K)] 280065K->240009K(726016K), 0.0024504 secs] [Times: user=0.01 sys=0.00, real=0.00 secs] 
1991.174: [GC (Allocation Failure) [PSYoungGen: 56218K->17760K(91136K)] 278499K->240041K(751104K), 0.0024998 secs] [Times: user=0.01 sys=0.00, real=0.01 secs] 
1991.308: [GC (Allocation Failure) [PSYoungGen: 65888K->34160K(93696K)] 288169K->256449K(753664K), 0.0031359 secs] [Times: user=0.02 sys=0.00, real=0.00 secs] 
1991.509: [GC (Allocation Failure) [PSYoungGen: 82288K->34176K(100352K)] 304577K->256489K(760320K), 0.0045363 secs] [Times: user=0.02 sys=0.00, real=0.00 secs] 
1991.724: [GC (Allocation Failure) [PSYoungGen: 84864K->1376K(103424K)] 307177K->223697K(763392K), 0.0025774 secs] [Times: user=0.01 sys=0.00, real=0.01 secs] 
1992.720: [GC (Allocation Failure) [PSYoungGen: 51643K->2496K(105984K)] 273964K->224825K(765952K), 0.0016690 secs] [Times: user=0.01 sys=0.00, real=0.00 secs] 
1992.943: [GC (Allocation Failure) [PSYoungGen: 57737K->9568K(107520K)] 280066K->231905K(767488K), 0.0017913 secs] [Times: user=0.01 sys=0.00, real=0.01 secs] 
1993.161: [GC (Allocation Failure) [PSYoungGen: 65888K->17792K(107520K)] 288225K->240137K(767488K), 0.0022925 secs] [Times: user=0.01 sys=0.00, real=0.00 secs] 
1993.354: [GC (Allocation Failure) [PSYoungGen: 80256K->34176K(109056K)] 302601K->256521K(769024K), 0.0031775 secs] [Times: user=0.01 sys=0.00, real=0.01 secs] 
1993.664: [GC (Allocation Failure) [PSYoungGen: 96640K->34144K(116736K)] 318985K->256497K(776704K), 0.0113449 secs] [Times: user=0.05 sys=0.00, real=0.02 secs] 
1994.033: [GC (Allocation Failure) [PSYoungGen: 100527K->352K(119808K)] 322880K->222721K(779776K), 0.0019130 secs] [Times: user=0.00 sys=0.00, real=0.01 secs] 
1995.867: [GC (Allocation Failure) [PSYoungGen: 66912K->9648K(120832K)] 289281K->232025K(780800K), 0.0029428 secs] [Times: user=0.01 sys=0.00, real=0.00 secs] 
1996.101: [GC (Allocation Failure) [PSYoungGen: 72018K->17808K(124416K)] 294395K->240193K(784384K), 0.0023642 secs] [Times: user=0.01 sys=0.00, real=0.00 secs] 
1996.342: [GC (Allocation Failure) [PSYoungGen: 91536K->34208K(125952K)] 313921K->256609K(785920K), 0.0060213 secs] [Times: user=0.03 sys=0.00, real=0.01 secs] 
1996.672: [GC (Allocation Failure) [PSYoungGen: 112544K->1408K(129536K)] 334945K->223817K(789504K), 0.0018002 secs] [Times: user=0.01 sys=0.00, real=0.00 secs] 
1997.637: [GC (Allocation Failure) [PSYoungGen: 79744K->9632K(114688K)] 302153K->232049K(774656K), 0.0018758 secs] [Times: user=0.01 sys=0.00, real=0.00 secs] 
1997.926: [GC (Allocation Failure) [PSYoungGen: 87456K->17792K(95232K)] 309873K->240217K(755200K), 0.0022345 secs] [Times: user=0.01 sys=0.00, real=0.00 secs] 
1998.180: [GC (Allocation Failure) [PSYoungGen: 95104K->34176K(119808K)] 317529K->256601K(779776K), 0.0030314 secs] [Times: user=0.01 sys=0.00, real=0.00 secs] 
1998.486: [GC (Allocation Failure) [PSYoungGen: 107904K->1376K(74752K)] 330329K->223817K(734720K), 0.0015626 secs] [Times: user=0.01 sys=0.00, real=0.00 secs] 
1999.847: [GC (Allocation Failure) [PSYoungGen: 74592K->5568K(118784K)] 297033K->228009K(778752K), 0.0037754 secs] [Times: user=0.01 sys=0.00, real=0.00 secs] 
2000.198: [GC (Allocation Failure) [PSYoungGen: 78272K->17792K(90112K)] 300713K->240233K(750080K), 0.0026480 secs] [Times: user=0.01 sys=0.00, real=0.00 secs] 
2000.600: [GC (Allocation Failure) [PSYoungGen: 89984K->34208K(113664K)] 312425K->256649K(773632K), 0.0037476 secs] [Times: user=0.02 sys=0.00, real=0.00 secs] 
2001.458: [GC (Allocation Failure) [PSYoungGen: 102304K->34208K(117248K)] 324745K->256649K(777216K), 0.0044338 secs] [Times: user=0.02 sys=0.00, real=0.00 secs] 
2002.275: [GC (Allocation Failure) [PSYoungGen: 101780K->256K(119296K)] 324221K->222697K(779264K), 0.0028383 secs] [Times: user=0.01 sys=0.00, real=0.00 secs] 
2003.291: [GC (Allocation Failure) [PSYoungGen: 67213K->9600K(76800K)] 289655K->232041K(736768K), 0.0017996 secs] [Times: user=0.00 sys=0.00, real=0.00 secs] 
2003.528: [GC (Allocation Failure) [PSYoungGen: 72380K->17776K(112128K)] 294822K->240217K(772096K), 0.0023290 secs] [Times: user=0.01 sys=0.00, real=0.00 secs] 
2003.757: [GC (Allocation Failure) [PSYoungGen: 84848K->34208K(114688K)] 307289K->256649K(774656K), 0.0033722 secs] [Times: user=0.02 sys=0.00, real=0.00 secs] 
2004.044: [GC (Allocation Failure) [PSYoungGen: 101280K->1376K(117760K)] 323721K->223825K(777728K), 0.0017630 secs] [Times: user=0.00 sys=0.00, real=0.01 secs] 
2005.101: [GC (Allocation Failure) [PSYoungGen: 68448K->3488K(70656K)] 290897K->225945K(730624K), 0.0018253 secs] [Times: user=0.01 sys=0.00, real=0.00 secs] 
2005.602: [GC (Allocation Failure) [PSYoungGen: 70560K->17856K(111616K)] 293017K->240321K(771584K), 0.0032627 secs] [Times: user=0.01 sys=0.00, real=0.01 secs] 
2006.065: [GC (Allocation Failure) [PSYoungGen: 84928K->34176K(114176K)] 307393K->256649K(774144K), 0.0061640 secs] [Times: user=0.03 sys=0.00, real=0.00 secs] 
2006.650: [GC (Allocation Failure) [PSYoungGen: 101248K->34176K(114688K)] 323721K->256657K(774656K), 0.0042487 secs] [Times: user=0.02 sys=0.00, real=0.01 secs] 
2007.187: [GC (Allocation Failure) [PSYoungGen: 98176K->1392K(65536K)] 320657K->223881K(725504K), 0.0020911 secs] [Times: user=0.01 sys=0.00, real=0.00 secs] 
2008.423: [GC (Allocation Failure) [PSYoungGen: 65392K->5536K(114176K)] 287881K->228033K(774144K), 0.0018320 secs] [Times: user=0.00 sys=0.00, real=0.01 secs] 
2008.845: [GC (Allocation Failure) [PSYoungGen: 69536K->17792K(81920K)] 292033K->240297K(741888K), 0.0046443 secs] [Times: user=0.02 sys=0.00, real=0.00 secs] 
2009.292: [GC (Allocation Failure) [PSYoungGen: 81792K->34208K(109056K)] 304297K->256721K(769024K), 0.0064040 secs] [Times: user=0.03 sys=0.00, real=0.01 secs] 
2009.739: [GC (Allocation Failure) [PSYoungGen: 94624K->34144K(112640K)] 317137K->256665K(772608K), 0.0047070 secs] [Times: user=0.02 sys=0.00, real=0.00 secs] 
2010.004: [GC (Allocation Failure) [PSYoungGen: 94560K->1408K(114176K)] 317081K->223929K(774144K), 0.0018534 secs] [Times: user=0.01 sys=0.00, real=0.01 secs] 
2011.465: [GC (Allocation Failure) [PSYoungGen: 61824K->5504K(66048K)] 284345K->228033K(726016K), 0.0036758 secs] [Times: user=0.01 sys=0.00, real=0.00 secs] 
2012.090: [GC (Allocation Failure) [PSYoungGen: 65920K->17760K(107008K)] 288449K->240297K(766976K), 0.0033020 secs] [Times: user=0.01 sys=0.00, real=0.00 secs] 
2012.445: [GC (Allocation Failure) [PSYoungGen: 78176K->34176K(110080K)] 300713K->256721K(770048K), 0.0047593 secs] [Times: user=0.02 sys=0.00, real=0.00 secs] 
2012.925: [GC (Allocation Failure) [PSYoungGen: 94592K->34176K(110592K)] 317137K->256729K(770560K), 0.0058143 secs] [Times: user=0.02 sys=0.00, real=0.00 secs] 
2013.291: [GC (Allocation Failure) [PSYoungGen: 92032K->1344K(59392K)] 314585K->223905K(719360K), 0.0018267 secs] [Times: user=0.00 sys=0.00, real=0.00 secs] 
2014.277: [GC (Allocation Failure) [PSYoungGen: 59200K->2464K(110592K)] 281761K->225025K(770560K), 0.0017289 secs] [Times: user=0.00 sys=0.00, real=0.00 secs] 
2014.844: [GC (Allocation Failure) [PSYoungGen: 60320K->9632K(67584K)] 282881K->232201K(727552K), 0.0027349 secs] [Times: user=0.01 sys=0.00, real=0.01 secs] 
2015.235: [GC (Allocation Failure) [PSYoungGen: 67488K->17792K(103936K)] 290057K->240369K(763904K), 0.0040172 secs] [Times: user=0.01 sys=0.00, real=0.00 secs] 
2015.607: [GC (Allocation Failure) [PSYoungGen: 75648K->34176K(106496K)] 298225K->256769K(766464K), 0.0051089 secs] [Times: user=0.02 sys=0.00, real=0.00 secs] 
2016.299: [GC (Allocation Failure) [PSYoungGen: 92032K->34208K(107520K)] 314625K->256809K(767488K), 0.0067260 secs] [Times: user=0.03 sys=0.00, real=0.01 secs] 
2016.828: [GC (Allocation Failure) [PSYoungGen: 89504K->1376K(56832K)] 312105K->223985K(716800K), 0.0028715 secs] [Times: user=0.01 sys=0.00, real=0.00 secs] 
2018.073: [GC (Allocation Failure) [PSYoungGen: 56336K->5536K(106496K)] 278945K->228153K(766464K), 0.0020429 secs] [Times: user=0.00 sys=0.00, real=0.01 secs] 
2018.551: [GC (Allocation Failure) [PSYoungGen: 60832K->17792K(73216K)] 283449K->240417K(733184K), 0.0028943 secs] [Times: user=0.01 sys=0.00, real=0.00 secs] 
2018.923: [GC (Allocation Failure) [PSYoungGen: 73088K->34176K(101888K)] 295713K->256801K(761856K), 0.0045279 secs] [Times: user=0.02 sys=0.00, real=0.01 secs] 
2019.441: [GC (Allocation Failure) [PSYoungGen: 86400K->34176K(104960K)] 309025K->256809K(764928K), 0.0034051 secs] [Times: user=0.02 sys=0.00, real=0.01 secs] 
2019.744: [GC (Allocation Failure) [PSYoungGen: 86400K->34208K(105984K)] 309033K->256849K(765952K), 0.0035433 secs] [Times: user=0.01 sys=0.00, real=0.01 secs] 
2019.956: [GC (Allocation Failure) [PSYoungGen: 84896K->1408K(107520K)] 307537K->224057K(767488K), 0.0018747 secs] [Times: user=0.01 sys=0.00, real=0.00 secs] 
2021.896: [GC (Allocation Failure) [PSYoungGen: 50141K->5568K(104448K)] 272791K->228225K(764416K), 0.0038586 secs] [Times: user=0.01 sys=0.00, real=0.00 secs] 
2022.489: [GC (Allocation Failure) [PSYoungGen: 56256K->17824K(68608K)] 278913K->240481K(728576K), 0.0031214 secs] [Times: user=0.01 sys=0.00, real=0.00 secs] 
2023.013: [GC (Allocation Failure) [PSYoungGen: 61182K->17808K(96256K)] 283839K->240473K(756224K), 0.0036227 secs] [Times: user=0.01 sys=0.00, real=0.01 secs] 
2023.308: [GC (Allocation Failure) [PSYoungGen: 68496K->34144K(99328K)] 291161K->256809K(759296K), 0.0046813 secs] [Times: user=0.03 sys=0.00, real=0.00 secs] 
2023.632: [GC (Allocation Failure) [PSYoungGen: 84832K->34160K(99328K)] 307497K->256833K(759296K), 0.0034730 secs] [Times: user=0.02 sys=0.00, real=0.01 secs] 
2024.031: [GC (Allocation Failure) [PSYoungGen: 82288K->1408K(101888K)] 304961K->224089K(761856K), 0.0020015 secs] [Times: user=0.01 sys=0.00, real=0.00 secs] 
2025.598: [GC (Allocation Failure) [PSYoungGen: 49536K->2464K(100864K)] 272217K->225153K(760832K), 0.0025047 secs] [Times: user=0.01 sys=0.00, real=0.00 secs] 
2026.378: [GC (Allocation Failure) [PSYoungGen: 50592K->9600K(57856K)] 273281K->232305K(717824K), 0.0038711 secs] [Times: user=0.01 sys=0.00, real=0.00 secs] 
2026.835: [GC (Allocation Failure) [PSYoungGen: 57728K->17792K(93696K)] 280433K->240505K(753664K), 0.0058342 secs] [Times: user=0.02 sys=0.00, real=0.00 secs] 
2027.052: [GC (Allocation Failure) [PSYoungGen: 65920K->34176K(96256K)] 288633K->256897K(756224K), 0.0040603 secs] [Times: user=0.02 sys=0.00, real=0.01 secs] 
2027.253: [GC (Allocation Failure) [PSYoungGen: 82304K->34208K(101888K)] 305025K->256937K(761856K), 0.0038200 secs] [Times: user=0.02 sys=0.00, real=0.01 secs] 
2027.506: [GC (Allocation Failure) [PSYoungGen: 84896K->1408K(104448K)] 307625K->224145K(764416K), 0.0017170 secs] [Times: user=0.01 sys=0.00, real=0.00 secs] 
2027.843: [GC (Allocation Failure) [PSYoungGen: 52096K->1376K(97792K)] 274833K->224113K(757760K), 0.0021565 secs] [Times: user=0.01 sys=0.00, real=0.01 secs] 
2029.270: [GC (Allocation Failure) [PSYoungGen: 52064K->9664K(60416K)] 274801K->232409K(720384K), 0.0027379 secs] [Times: user=0.01 sys=0.00, real=0.00 secs] 
2029.831: [GC (Allocation Failure) [PSYoungGen: 60352K->17792K(95232K)] 283097K->240537K(755200K), 0.0048879 secs] [Times: user=0.02 sys=0.00, real=0.01 secs] 
2030.231: [GC (Allocation Failure) [PSYoungGen: 54270K->17824K(68608K)] 277015K->240577K(728576K), 0.0034509 secs] [Times: user=0.01 sys=0.00, real=0.00 secs] 
2030.639: [GC (Allocation Failure) [PSYoungGen: 68512K->34208K(92672K)] 291265K->256969K(752640K), 0.0053348 secs] [Times: user=0.03 sys=0.00, real=0.00 secs] 
2031.005: [GC (Allocation Failure) [PSYoungGen: 81312K->34176K(96256K)] 304073K->256937K(756224K), 0.0042149 secs] [Times: user=0.02 sys=0.00, real=0.00 secs] 
2031.197: [GC (Allocation Failure) [PSYoungGen: 81280K->1344K(98304K)] 304041K->224113K(758272K), 0.0018102 secs] [Times: user=0.00 sys=0.00, real=0.00 secs] 
2032.177: [GC (Allocation Failure) [PSYoungGen: 48448K->1696K(49152K)] 271217K->224465K(709120K), 0.0015430 secs] [Times: user=0.00 sys=0.00, real=0.00 secs] 
2032.393: [GC (Allocation Failure) [PSYoungGen: 48800K->9632K(94208K)] 271569K->232409K(754176K), 0.0021508 secs] [Times: user=0.00 sys=0.00, real=0.01 secs] 
2032.555: [GC (Allocation Failure) [PSYoungGen: 56736K->17792K(96256K)] 279513K->240569K(756224K), 0.0025000 secs] [Times: user=0.01 sys=0.00, real=0.00 secs] 
2032.736: [GC (Allocation Failure) [PSYoungGen: 64896K->34176K(95232K)] 287673K->256977K(755200K), 0.0034480 secs] [Times: user=0.02 sys=0.00, real=0.00 secs] 
2032.942: [GC (Allocation Failure) [PSYoungGen: 82816K->34176K(98816K)] 305617K->256985K(758784K), 0.0052054 secs] [Times: user=0.02 sys=0.00, real=0.01 secs] 
2033.146: [GC (Allocation Failure) [PSYoungGen: 82816K->34144K(105984K)] 305625K->256961K(765952K), 0.0040137 secs] [Times: user=0.02 sys=0.00, real=0.00 secs] 
2033.368: [GC (Allocation Failure) [PSYoungGen: 86880K->1344K(108032K)] 309697K->224169K(768000K), 0.0016014 secs] [Times: user=0.00 sys=0.00, real=0.00 secs] 
2034.721: [GC (Allocation Failure) [PSYoungGen: 52383K->5552K(110592K)] 275208K->228385K(770560K), 0.0029317 secs] [Times: user=0.02 sys=0.00, real=0.00 secs] 
2035.144: [GC (Allocation Failure) [PSYoungGen: 64432K->17824K(112640K)] 287265K->240665K(772608K), 0.0041481 secs] [Times: user=0.02 sys=0.00, real=0.01 secs] 
2035.638: [GC (Allocation Failure) [PSYoungGen: 76704K->34176K(112128K)] 299545K->257025K(772096K), 0.0121610 secs] [Times: user=0.06 sys=0.01, real=0.01 secs] 
2036.365: [GC (Allocation Failure) [PSYoungGen: 96128K->34208K(115200K)] 318977K->257073K(775168K), 0.0079423 secs] [Times: user=0.03 sys=0.00, real=0.00 secs] 
2037.071: [GC (Allocation Failure) [PSYoungGen: 96160K->1392K(123904K)] 319025K->224265K(783872K), 0.0033953 secs] [Times: user=0.01 sys=0.00, real=0.01 secs] 
2038.714: [GC (Allocation Failure) [PSYoungGen: 70512K->5568K(74240K)] 293385K->228441K(734208K), 0.0018768 secs] [Times: user=0.01 sys=0.00, real=0.01 secs] 
2039.409: [GC (Allocation Failure) [PSYoungGen: 74176K->17760K(114176K)] 297049K->240633K(774144K), 0.0053509 secs] [Times: user=0.02 sys=0.00, real=0.00 secs] 
2040.191: [GC (Allocation Failure) [PSYoungGen: 85856K->34176K(117760K)] 308729K->257049K(777728K), 0.0077193 secs] [Times: user=0.04 sys=0.00, real=0.01 secs] 
2041.014: [GC (Allocation Failure) [PSYoungGen: 101760K->34176K(118784K)] 324633K->257049K(778752K), 0.0119625 secs] [Times: user=0.06 sys=0.01, real=0.02 secs] 
2041.766: [GC (Allocation Failure) [PSYoungGen: 99712K->1408K(120832K)] 322585K->224289K(780800K), 0.0035121 secs] [Times: user=0.02 sys=0.00, real=0.00 secs] 
2042.870: [GC (Allocation Failure) [PSYoungGen: 66944K->9600K(116736K)] 289825K->232481K(776704K), 0.0018250 secs] [Times: user=0.01 sys=0.00, real=0.00 secs] 
2043.193: [GC (Allocation Failure) [PSYoungGen: 75136K->17792K(83456K)] 298017K->240673K(743424K), 0.0025952 secs] [Times: user=0.01 sys=0.00, real=0.01 secs] 
2043.694: [GC (Allocation Failure) [PSYoungGen: 83328K->34176K(112128K)] 306209K->257057K(772096K), 0.0034308 secs] [Times: user=0.02 sys=0.00, real=0.01 secs] 
2044.474: [GC (Allocation Failure) [PSYoungGen: 96640K->34176K(115200K)] 319521K->257057K(775168K), 0.0034279 secs] [Times: user=0.02 sys=0.00, real=0.01 secs] 
2045.316: [GC (Allocation Failure) [PSYoungGen: 96640K->1360K(117248K)] 319521K->224241K(777216K), 0.0021010 secs] [Times: user=0.01 sys=0.01, real=0.00 secs] 
2047.003: [GC (Allocation Failure) [PSYoungGen: 63824K->9664K(72192K)] 286705K->232561K(732160K), 0.0037900 secs] [Times: user=0.01 sys=0.00, real=0.01 secs] 
2048.193: [GC (Allocation Failure) [PSYoungGen: 72128K->17792K(108032K)] 295025K->240697K(768000K), 0.0053381 secs] [Times: user=0.03 sys=0.00, real=0.01 secs] 
2048.982: [GC (Allocation Failure) [PSYoungGen: 80256K->34208K(111616K)] 303161K->257121K(771584K), 0.0073142 secs] [Times: user=0.03 sys=0.00, real=0.01 secs] 
2049.569: [GC (Allocation Failure) [PSYoungGen: 96672K->34144K(112640K)] 319585K->257065K(772608K), 0.0045924 secs] [Times: user=0.02 sys=0.00, real=0.00 secs] 
2050.049: [GC (Allocation Failure) [PSYoungGen: 94560K->1440K(114688K)] 317481K->224369K(774656K), 0.0037471 secs] [Times: user=0.02 sys=0.00, real=0.00 secs] 
2051.117: [GC (Allocation Failure) [PSYoungGen: 61856K->9632K(111616K)] 284785K->232569K(771584K), 0.0020740 secs] [Times: user=0.01 sys=0.00, real=0.00 secs] 
2051.360: [GC (Allocation Failure) [PSYoungGen: 70048K->17824K(78336K)] 292985K->240769K(738304K), 0.0024536 secs] [Times: user=0.01 sys=0.00, real=0.00 secs] 
2051.543: [GC (Allocation Failure) [PSYoungGen: 78240K->34176K(106496K)] 301185K->257129K(766464K), 0.0031243 secs] [Times: user=0.01 sys=0.00, real=0.01 secs] 
2051.829: [GC (Allocation Failure) [PSYoungGen: 91520K->34144K(109568K)] 314473K->257097K(769536K), 0.0033163 secs] [Times: user=0.02 sys=0.00, real=0.00 secs] 
2052.093: [GC (Allocation Failure) [PSYoungGen: 91488K->1408K(111616K)] 314441K->224369K(771584K), 0.0019625 secs] [Times: user=0.01 sys=0.00, real=0.01 secs] 
2053.191: [GC (Allocation Failure) [PSYoungGen: 58752K->5536K(62976K)] 281713K->228505K(722944K), 0.0019153 secs] [Times: user=0.00 sys=0.00, real=0.00 secs] 
2053.624: [GC (Allocation Failure) [PSYoungGen: 62880K->17760K(103424K)] 285849K->240737K(763392K), 0.0022381 secs] [Times: user=0.01 sys=0.00, real=0.01 secs] 
2053.981: [GC (Allocation Failure) [PSYoungGen: 61332K->17824K(75264K)] 284309K->240809K(735232K), 0.0028633 secs] [Times: user=0.01 sys=0.01, real=0.00 secs] 
2054.358: [GC (Allocation Failure) [PSYoungGen: 75168K->34176K(100864K)] 298153K->257161K(760832K), 0.0056456 secs] [Times: user=0.03 sys=0.00, real=0.00 secs] 
2054.767: [GC (Allocation Failure) [PSYoungGen: 88448K->34176K(103936K)] 311433K->257169K(763904K), 0.0036829 secs] [Times: user=0.02 sys=0.00, real=0.00 secs] 
2054.994: [GC (Allocation Failure) [PSYoungGen: 88448K->1376K(106496K)] 311441K->224401K(766464K), 0.0018120 secs] [Times: user=0.01 sys=0.00, real=0.01 secs] 
2056.014: [GC (Allocation Failure) [PSYoungGen: 55648K->5472K(59904K)] 278673K->228513K(719872K), 0.0019741 secs] [Times: user=0.01 sys=0.00, real=0.01 secs] 
2056.460: [GC (Allocation Failure) [PSYoungGen: 59744K->17760K(99328K)] 282785K->240809K(759296K), 0.0025988 secs] [Times: user=0.01 sys=0.00, real=0.00 secs] 
2056.825: [GC (Allocation Failure) [PSYoungGen: 57753K->17792K(72192K)] 280802K->240841K(732160K), 0.0034166 secs] [Times: user=0.01 sys=0.00, real=0.00 secs] 
2057.172: [GC (Allocation Failure) [PSYoungGen: 72064K->34176K(95744K)] 295113K->257241K(755712K), 0.0043485 secs] [Times: user=0.02 sys=0.00, real=0.01 secs] 
2057.709: [GC (Allocation Failure) [PSYoungGen: 84864K->34176K(99328K)] 307929K->257249K(759296K), 0.0047059 secs] [Times: user=0.02 sys=0.00, real=0.00 secs] 
2058.334: [GC (Allocation Failure) [PSYoungGen: 84864K->1344K(101888K)] 307937K->224425K(761856K), 0.0024874 secs] [Times: user=0.01 sys=0.00, real=0.01 secs] 
2059.855: [GC (Allocation Failure) [PSYoungGen: 50965K->3504K(54272K)] 274046K->226601K(714240K), 0.0017074 secs] [Times: user=0.00 sys=0.00, real=0.00 secs] 
2060.326: [GC (Allocation Failure) [PSYoungGen: 50807K->9600K(97280K)] 273904K->232697K(757248K), 0.0021121 secs] [Times: user=0.01 sys=0.00, real=0.00 secs] 
2060.862: [GC (Allocation Failure) [PSYoungGen: 60288K->17824K(68608K)] 283385K->240929K(728576K), 0.0027064 secs] [Times: user=0.01 sys=0.00, real=0.01 secs] 
2061.195: [GC (Allocation Failure) [PSYoungGen: 68512K->34176K(93184K)] 291617K->257297K(753152K), 0.0040187 secs] [Times: user=0.02 sys=0.00, real=0.00 secs] 
2061.425: [GC (Allocation Failure) [PSYoungGen: 81280K->34208K(96768K)] 304401K->257337K(756736K), 0.0036500 secs] [Times: user=0.02 sys=0.00, real=0.00 secs] 
2061.622: [GC (Allocation Failure) [PSYoungGen: 81312K->1376K(99328K)] 304441K->224505K(759296K), 0.0017794 secs] [Times: user=0.00 sys=0.00, real=0.00 secs] 
2061.817: [GC (Allocation Failure) [PSYoungGen: 48480K->1408K(48640K)] 271609K->224545K(708608K), 0.0019265 secs] [Times: user=0.01 sys=0.00, real=0.00 secs] 
2063.015: [GC (Allocation Failure) [PSYoungGen: 48512K->9632K(94720K)] 271649K->232769K(754688K), 0.0022915 secs] [Times: user=0.01 sys=0.00, real=0.00 secs] 
2063.424: [GC (Allocation Failure) [PSYoungGen: 56736K->17824K(65024K)] 279873K->240969K(724992K), 0.0030467 secs] [Times: user=0.02 sys=0.00, real=0.01 secs] 
2063.680: [GC (Allocation Failure) [PSYoungGen: 58308K->17760K(89600K)] 281453K->240913K(749568K), 0.0029046 secs] [Times: user=0.02 sys=0.00, real=0.00 secs] 
2063.811: [GC (Allocation Failure) [PSYoungGen: 64864K->34176K(91648K)] 288017K->257345K(751616K), 0.0034228 secs] [Times: user=0.01 sys=0.00, real=0.00 secs] 
2064.014: [GC (Allocation Failure) [PSYoungGen: 81280K->34176K(97792K)] 304449K->257353K(757760K), 0.0036752 secs] [Times: user=0.02 sys=0.00, real=0.01 secs] 
2064.229: [GC (Allocation Failure) [PSYoungGen: 83840K->1408K(100864K)] 307017K->224593K(760832K), 0.0017745 secs] [Times: user=0.01 sys=0.00, real=0.00 secs] 
2065.530: [GC (Allocation Failure) [PSYoungGen: 51072K->1968K(93696K)] 274257K->225161K(753664K), 0.0018434 secs] [Times: user=0.01 sys=0.00, real=0.00 secs] 
2066.488: [GC (Allocation Failure) [PSYoungGen: 51632K->9632K(59392K)] 274825K->232833K(719360K), 0.0043718 secs] [Times: user=0.02 sys=0.00, real=0.00 secs] 
2067.216: [GC (Allocation Failure) [PSYoungGen: 59296K->17792K(93696K)] 282497K->240993K(753664K), 0.0041811 secs] [Times: user=0.01 sys=0.00, real=0.00 secs] 
2067.758: [GC (Allocation Failure) [PSYoungGen: 67456K->34208K(95744K)] 290657K->257409K(755712K), 0.0057198 secs] [Times: user=0.03 sys=0.00, real=0.00 secs] 
2068.498: [GC (Allocation Failure) [PSYoungGen: 83872K->34144K(96256K)] 307073K->257345K(756224K), 0.0072655 secs] [Times: user=0.03 sys=0.01, real=0.01 secs] 
2068.950: [GC (Allocation Failure) [PSYoungGen: 80736K->1376K(48128K)] 303937K->224585K(708096K), 0.0020745 secs] [Times: user=0.01 sys=0.00, real=0.00 secs] 
2069.354: [GC (Allocation Failure) [PSYoungGen: 47968K->1408K(97792K)] 271177K->224617K(757760K), 0.0021863 secs] [Times: user=0.01 sys=0.00, real=0.01 secs] 
2070.479: [GC (Allocation Failure) [PSYoungGen: 48000K->5568K(52224K)] 271209K->228785K(712192K), 0.0019577 secs] [Times: user=0.01 sys=0.00, real=0.00 secs] 
2070.842: [GC (Allocation Failure) [PSYoungGen: 52160K->17824K(92160K)] 275377K->241041K(752128K), 0.0026785 secs] [Times: user=0.01 sys=0.00, real=0.00 secs] 
2071.436: [GC (Allocation Failure) [PSYoungGen: 64416K->17792K(64512K)] 287633K->241017K(724480K), 0.0049322 secs] [Times: user=0.02 sys=0.00, real=0.00 secs] 
2071.828: [GC (Allocation Failure) [PSYoungGen: 64384K->34176K(87552K)] 287609K->257409K(747520K), 0.0071730 secs] [Times: user=0.04 sys=0.00, real=0.01 secs] 
2072.323: [GC (Allocation Failure) [PSYoungGen: 76672K->34176K(91648K)] 299905K->257409K(751616K), 0.0072824 secs] [Times: user=0.04 sys=0.00, real=0.01 secs] 
2072.754: [GC (Allocation Failure) [PSYoungGen: 76672K->1424K(90112K)] 299905K->224665K(750080K), 0.0027317 secs] [Times: user=0.01 sys=0.00, real=0.01 secs] 
2073.187: [GC (Allocation Failure) [PSYoungGen: 43920K->1376K(44032K)] 267161K->224617K(704000K), 0.0040160 secs] [Times: user=0.01 sys=0.00, real=0.00 secs] 
2074.498: [GC (Allocation Failure) [PSYoungGen: 43872K->5536K(90624K)] 267113K->228785K(750592K), 0.0019134 secs] [Times: user=0.01 sys=0.00, real=0.00 secs] 
2074.816: [GC (Allocation Failure) [PSYoungGen: 43608K->9600K(52224K)] 266857K->232857K(712192K), 0.0020392 secs] [Times: user=0.01 sys=0.00, real=0.00 secs] 
2075.109: [GC (Allocation Failure) [PSYoungGen: 52096K->17792K(86016K)] 275353K->241073K(745984K), 0.0026595 secs] [Times: user=0.01 sys=0.00, real=0.00 secs] 
2075.268: [GC (Allocation Failure) [PSYoungGen: 60288K->34208K(87552K)] 283569K->257497K(747520K), 0.0057397 secs] [Times: user=0.03 sys=0.00, real=0.00 secs] 
2075.731: [GC (Allocation Failure) [PSYoungGen: 76704K->34208K(93696K)] 299993K->257505K(753664K), 0.0053229 secs] [Times: user=0.02 sys=0.00, real=0.01 secs] 
2076.258: [GC (Allocation Failure) [PSYoungGen: 78752K->34176K(97280K)] 302049K->257481K(757248K), 0.0049511 secs] [Times: user=0.02 sys=0.00, real=0.00 secs] 
2076.825: [GC (Allocation Failure) [PSYoungGen: 78720K->1376K(103936K)] 302025K->224697K(763904K), 0.0020648 secs] [Times: user=0.01 sys=0.00, real=0.00 secs] 
2078.924: [GC (Allocation Failure) [PSYoungGen: 51040K->2464K(52224K)] 274361K->225785K(712192K), 0.0037041 secs] [Times: user=0.01 sys=0.00, real=0.01 secs] 
2079.517: [GC (Allocation Failure) [PSYoungGen: 51267K->9616K(98304K)] 274588K->232937K(758272K), 0.0045106 secs] [Times: user=0.02 sys=0.00, real=0.00 secs] 
2079.862: [GC (Allocation Failure) [PSYoungGen: 59280K->17824K(67584K)] 282601K->241145K(727552K), 0.0032703 secs] [Times: user=0.01 sys=0.00, real=0.01 secs] 
2080.081: [GC (Allocation Failure) [PSYoungGen: 67488K->34208K(94208K)] 290809K->257529K(754176K), 0.0042514 secs] [Times: user=0.02 sys=0.00, real=0.01 secs] 
2080.428: [GC (Allocation Failure) [PSYoungGen: 80288K->34208K(97792K)] 303609K->257537K(757760K), 0.0043976 secs] [Times: user=0.02 sys=0.00, real=0.00 secs] 
2080.863: [GC (Allocation Failure) [PSYoungGen: 80288K->1376K(94720K)] 303617K->224713K(754688K), 0.0021364 secs] [Times: user=0.01 sys=0.00, real=0.01 secs] 
2081.342: [GC (Allocation Failure) [PSYoungGen: 47456K->1376K(47616K)] 270793K->224713K(707584K), 0.0024958 secs] [Times: user=0.01 sys=0.00, real=0.00 secs] 
2083.434: [GC (Allocation Failure) [PSYoungGen: 47456K->5552K(95232K)] 270793K->228889K(755200K), 0.0043148 secs] [Times: user=0.02 sys=0.01, real=0.01 secs] 
2084.146: [GC (Allocation Failure) [PSYoungGen: 51632K->17824K(64000K)] 274969K->241169K(723968K), 0.0050664 secs] [Times: user=0.02 sys=0.00, real=0.00 secs] 
2084.601: [GC (Allocation Failure) [PSYoungGen: 63904K->17792K(90624K)] 287249K->241145K(750592K), 0.0030198 secs] [Times: user=0.02 sys=0.00, real=0.00 secs] 
2084.768: [GC (Allocation Failure) [PSYoungGen: 63872K->34208K(92672K)] 287225K->257569K(752640K), 0.0046046 secs] [Times: user=0.02 sys=0.00, real=0.00 secs] 
2085.068: [GC (Allocation Failure) [PSYoungGen: 80288K->34208K(98304K)] 303649K->257577K(758272K), 0.0049849 secs] [Times: user=0.03 sys=0.00, real=0.00 secs] 
2085.435: [GC (Allocation Failure) [PSYoungGen: 82336K->1408K(101376K)] 305705K->224801K(761344K), 0.0019195 secs] [Times: user=0.00 sys=0.00, real=0.00 secs] 
2085.868: [GC (Allocation Failure) [PSYoungGen: 48551K->256K(94720K)] 271945K->223657K(754688K), 0.0018511 secs] [Times: user=0.01 sys=0.00, real=0.00 secs] 
2087.164: [GC (Allocation Failure) [PSYoungGen: 48384K->9632K(57856K)] 271785K->233041K(717824K), 0.0046712 secs] [Times: user=0.02 sys=0.00, real=0.01 secs] 
2087.494: [GC (Allocation Failure) [PSYoungGen: 57760K->17792K(92672K)] 281169K->241201K(752640K), 0.0037634 secs] [Times: user=0.02 sys=0.00, real=0.01 secs] 
2087.794: [GC (Allocation Failure) [PSYoungGen: 50417K->17808K(66048K)] 273826K->241217K(726016K), 0.0029332 secs] [Times: user=0.02 sys=0.00, real=0.01 secs] 
2088.062: [GC (Allocation Failure) [PSYoungGen: 65936K->34176K(89088K)] 289345K->257585K(749056K), 0.0038395 secs] [Times: user=0.02 sys=0.00, real=0.01 secs] 
2088.426: [GC (Allocation Failure) [PSYoungGen: 78208K->34176K(93184K)] 301617K->257593K(753152K), 0.0045072 secs] [Times: user=0.02 sys=0.00, real=0.00 secs] 
2088.611: [GC (Allocation Failure) [PSYoungGen: 78208K->1408K(100352K)] 301625K->224825K(760320K), 0.0018283 secs] [Times: user=0.01 sys=0.00, real=0.00 secs] 
2088.841: [GC (Allocation Failure) [PSYoungGen: 50560K->320K(100864K)] 273977K->223745K(760832K), 0.0018355 secs] [Times: user=0.01 sys=0.00, real=0.00 secs] 
2090.356: [GC (Allocation Failure) [PSYoungGen: 49472K->9664K(90112K)] 272897K->233089K(750080K), 0.0044997 secs] [Times: user=0.02 sys=0.00, real=0.00 secs] 
2090.805: [GC (Allocation Failure) [PSYoungGen: 58816K->17824K(67072K)] 282241K->241265K(727040K), 0.0040891 secs] [Times: user=0.02 sys=0.00, real=0.00 secs] 
2090.940: [GC (Allocation Failure) [PSYoungGen: 66976K->34208K(92160K)] 290417K->257657K(752128K), 0.0034612 secs] [Times: user=0.01 sys=0.00, real=0.00 secs] 
2091.219: [GC (Allocation Failure) [PSYoungGen: 79776K->34176K(95744K)] 303225K->257633K(755712K), 0.0038003 secs] [Times: user=0.02 sys=0.00, real=0.00 secs] 
2091.576: [GC (Allocation Failure) [PSYoungGen: 79744K->34176K(101888K)] 303201K->257641K(761856K), 0.0042514 secs] [Times: user=0.02 sys=0.00, real=0.00 secs] 
2091.957: [GC (Allocation Failure) [PSYoungGen: 82816K->1376K(104448K)] 306281K->224865K(764416K), 0.0017883 secs] [Times: user=0.00 sys=0.00, real=0.00 secs] 
2093.247: [GC (Allocation Failure) [PSYoungGen: 48286K->3504K(96768K)] 271776K->227001K(756736K), 0.0022378 secs] [Times: user=0.01 sys=0.00, real=0.00 secs] 
2093.687: [GC (Allocation Failure) [PSYoungGen: 51145K->9600K(58368K)] 274642K->233097K(718336K), 0.0030708 secs] [Times: user=0.01 sys=0.00, real=0.00 secs] 
2094.133: [GC (Allocation Failure) [PSYoungGen: 58240K->17792K(94208K)] 281737K->241289K(754176K), 0.0038717 secs] [Times: user=0.01 sys=0.00, real=0.01 secs] 
2094.377: [GC (Allocation Failure) [PSYoungGen: 66432K->34144K(97280K)] 289929K->257641K(757248K), 0.0043415 secs] [Times: user=0.02 sys=0.00, real=0.00 secs] 
2094.579: [GC (Allocation Failure) [PSYoungGen: 82784K->34144K(103424K)] 306281K->257641K(763392K), 0.0042233 secs] [Times: user=0.02 sys=0.00, real=0.00 secs] 
2094.794: [GC (Allocation Failure) [PSYoungGen: 85344K->1408K(105984K)] 308841K->224913K(765952K), 0.0016356 secs] [Times: user=0.01 sys=0.00, real=0.01 secs] 
2095.032: [GC (Allocation Failure) [PSYoungGen: 52522K->272K(110080K)] 276028K->223785K(770048K), 0.0016222 secs] [Times: user=0.01 sys=0.00, real=0.00 secs] 
2096.557: [GC (Allocation Failure) [PSYoungGen: 57104K->9632K(66560K)] 280617K->233153K(726528K), 0.0039034 secs] [Times: user=0.02 sys=0.00, real=0.00 secs] 
2097.409: [GC (Allocation Failure) [PSYoungGen: 66464K->17824K(102912K)] 289985K->241345K(762880K), 0.0039920 secs] [Times: user=0.02 sys=0.00, real=0.00 secs] 
2097.913: [GC (Allocation Failure) [PSYoungGen: 74656K->34208K(105472K)] 298177K->257729K(765440K), 0.0060758 secs] [Times: user=0.03 sys=0.00, real=0.01 secs] 
2098.414: [GC (Allocation Failure) [PSYoungGen: 91040K->34208K(106496K)] 314561K->257737K(766464K), 0.0062905 secs] [Times: user=0.03 sys=0.00, real=0.00 secs] 
2098.985: [GC (Allocation Failure) [PSYoungGen: 88480K->1408K(55808K)] 312009K->224945K(715776K), 0.0032667 secs] [Times: user=0.01 sys=0.00, real=0.00 secs] 
2100.420: [GC (Allocation Failure) [PSYoungGen: 54485K->3488K(105472K)] 278022K->227025K(765440K), 0.0018881 secs] [Times: user=0.01 sys=0.00, real=0.00 secs] 
2100.965: [GC (Allocation Failure) [PSYoungGen: 50544K->9600K(64000K)] 274081K->233137K(723968K), 0.0023518 secs] [Times: user=0.01 sys=0.00, real=0.00 secs] 
2101.523: [GC (Allocation Failure) [PSYoungGen: 63872K->17792K(99328K)] 287409K->241337K(759296K), 0.0029372 secs] [Times: user=0.02 sys=0.00, real=0.01 secs] 
2101.830: [GC (Allocation Failure) [PSYoungGen: 72064K->34208K(101888K)] 295609K->257761K(761856K), 0.0039493 secs] [Times: user=0.02 sys=0.00, real=0.00 secs] 
2102.295: [GC (Allocation Failure) [PSYoungGen: 88480K->34176K(103424K)] 312033K->257737K(763392K), 0.0039099 secs] [Times: user=0.02 sys=0.00, real=0.00 secs] 
2102.791: [GC (Allocation Failure) [PSYoungGen: 85888K->1408K(53248K)] 309449K->224977K(713216K), 0.0024623 secs] [Times: user=0.01 sys=0.00, real=0.00 secs] 
2103.985: [GC (Allocation Failure) [PSYoungGen: 53120K->3520K(103424K)] 276689K->227097K(763392K), 0.0018045 secs] [Times: user=0.00 sys=0.00, real=0.00 secs] 
2104.161: [GC (Allocation Failure) [PSYoungGen: 51998K->9600K(61440K)] 275575K->233177K(721408K), 0.0018283 secs] [Times: user=0.01 sys=0.00, real=0.00 secs] 
2104.489: [GC (Allocation Failure) [PSYoungGen: 61312K->17824K(96768K)] 284889K->241409K(756736K), 0.0024772 secs] [Times: user=0.01 sys=0.00, real=0.00 secs] 
2104.791: [GC (Allocation Failure) [PSYoungGen: 69536K->34208K(99328K)] 293121K->257793K(759296K), 0.0033698 secs] [Times: user=0.01 sys=0.00, real=0.00 secs] 
2105.219: [GC (Allocation Failure) [PSYoungGen: 85920K->34208K(99840K)] 309505K->257809K(759808K), 0.0035559 secs] [Times: user=0.02 sys=0.00, real=0.00 secs] 
2105.610: [GC (Allocation Failure) [PSYoungGen: 82848K->1408K(50176K)] 306449K->225017K(710144K), 0.0018543 secs] [Times: user=0.01 sys=0.00, real=0.00 secs] 
2106.674: [GC (Allocation Failure) [PSYoungGen: 49131K->224K(100352K)] 272741K->223841K(760320K), 0.0014180 secs] [Times: user=0.00 sys=0.00, real=0.01 secs] 
2107.523: [GC (Allocation Failure) [PSYoungGen: 48864K->9632K(58368K)] 272481K->233249K(718336K), 0.0036996 secs] [Times: user=0.01 sys=0.00, real=0.01 secs] 
2107.959: [GC (Allocation Failure) [PSYoungGen: 58272K->17824K(93696K)] 281889K->241449K(753664K), 0.0043781 secs] [Times: user=0.01 sys=0.00, real=0.00 secs] 
2108.296: [GC (Allocation Failure) [PSYoungGen: 66464K->34208K(96256K)] 290089K->257833K(756224K), 0.0056030 secs] [Times: user=0.02 sys=0.00, real=0.00 secs] 
2108.900: [GC (Allocation Failure) [PSYoungGen: 82848K->34208K(97792K)] 306473K->257841K(757760K), 0.0051941 secs] [Times: user=0.02 sys=0.00, real=0.01 secs] 
2109.518: [GC (Allocation Failure) [PSYoungGen: 80288K->34208K(100352K)] 303921K->257849K(760320K), 0.0073543 secs] [Times: user=0.03 sys=0.01, real=0.01 secs] 
2110.154: [GC (Allocation Failure) [PSYoungGen: 80288K->1408K(102400K)] 303929K->225057K(762368K), 0.0034634 secs] [Times: user=0.01 sys=0.00, real=0.01 secs] 
2111.522: [GC (Allocation Failure) [PSYoungGen: 46495K->3488K(49664K)] 270144K->227137K(709632K), 0.0025333 secs] [Times: user=0.01 sys=0.00, real=0.00 secs] 
2112.017: [GC (Allocation Failure) [PSYoungGen: 49568K->9568K(96768K)] 273217K->233225K(756736K), 0.0038226 secs] [Times: user=0.01 sys=0.00, real=0.00 secs] 
2112.372: [GC (Allocation Failure) [PSYoungGen: 55648K->17760K(64000K)] 279305K->241417K(723968K), 0.0038656 secs] [Times: user=0.02 sys=0.00, real=0.01 secs] 
2112.577: [GC (Allocation Failure) [PSYoungGen: 63840K->34208K(92672K)] 287497K->257873K(752640K), 0.0051510 secs] [Times: user=0.03 sys=0.00, real=0.00 secs] 
2112.767: [GC (Allocation Failure) [PSYoungGen: 77216K->34208K(95744K)] 300881K->257881K(755712K), 0.0036121 secs] [Times: user=0.02 sys=0.00, real=0.00 secs] 
2112.948: [GC (Allocation Failure) [PSYoungGen: 77216K->34208K(101888K)] 300889K->257889K(761856K), 0.0033796 secs] [Times: user=0.02 sys=0.00, real=0.00 secs] 
2113.143: [GC (Allocation Failure) [PSYoungGen: 80800K->1408K(103424K)] 304481K->225121K(763392K), 0.0018951 secs] [Times: user=0.01 sys=0.00, real=0.01 secs] 
2114.049: [GC (Allocation Failure) [PSYoungGen: 48000K->5568K(104960K)] 271713K->229289K(764928K), 0.0019372 secs] [Times: user=0.00 sys=0.00, real=0.00 secs] 
2114.213: [GC (Allocation Failure) [PSYoungGen: 57280K->17824K(107008K)] 281001K->241545K(766976K), 0.0021659 secs] [Times: user=0.01 sys=0.00, real=0.01 secs] 
2114.428: [GC (Allocation Failure) [PSYoungGen: 69536K->17760K(103424K)] 293257K->241489K(763392K), 0.0025144 secs] [Times: user=0.02 sys=0.00, real=0.00 secs] 
2114.607: [GC (Allocation Failure) [PSYoungGen: 75616K->34208K(106496K)] 299345K->257953K(766464K), 0.0056739 secs] [Times: user=0.02 sys=0.00, real=0.00 secs] 
2115.044: [GC (Allocation Failure) [PSYoungGen: 92064K->34208K(114176K)] 315809K->257961K(774144K), 0.0092518 secs] [Times: user=0.05 sys=0.00, real=0.01 secs] 
2115.531: [GC (Allocation Failure) [PSYoungGen: 97184K->1440K(116736K)] 320937K->225193K(776704K), 0.0022672 secs] [Times: user=0.01 sys=0.00, real=0.00 secs] 
2116.651: [GC (Allocation Failure) [PSYoungGen: 64416K->9632K(119296K)] 288169K->233493K(779264K), 0.0032200 secs] [Times: user=0.01 sys=0.00, real=0.00 secs] 
2117.280: [GC (Allocation Failure) [PSYoungGen: 79776K->17824K(87552K)] 303637K->241693K(747520K), 0.0028873 secs] [Times: user=0.01 sys=0.00, real=0.00 secs] 
2117.952: [GC (Allocation Failure) [PSYoungGen: 87456K->34176K(115200K)] 311325K->258053K(775168K), 0.0061367 secs] [Times: user=0.03 sys=0.00, real=0.01 secs] 
2118.783: [GC (Allocation Failure) [PSYoungGen: 100736K->1376K(118272K)] 324613K->225253K(778240K), 0.0030130 secs] [Times: user=0.01 sys=0.00, real=0.01 secs] 
2120.373: [GC (Allocation Failure) [PSYoungGen: 67936K->3488K(116224K)] 291813K->227365K(776192K), 0.0019331 secs] [Times: user=0.00 sys=0.00, real=0.01 secs] 
2120.807: [GC (Allocation Failure) [PSYoungGen: 70048K->17824K(84480K)] 293925K->241701K(744448K), 0.0024939 secs] [Times: user=0.01 sys=0.00, real=0.00 secs] 
2121.399: [GC (Allocation Failure) [PSYoungGen: 84384K->34176K(110592K)] 308261K->258053K(770560K), 0.0037380 secs] [Times: user=0.02 sys=0.00, real=0.00 secs] 
2122.132: [GC (Allocation Failure) [PSYoungGen: 97152K->34208K(114176K)] 321029K->258085K(774144K), 0.0041026 secs] [Times: user=0.02 sys=0.00, real=0.01 secs] 
2122.877: [GC (Allocation Failure) [PSYoungGen: 97184K->1376K(116736K)] 321061K->225253K(776704K), 0.0023934 secs] [Times: user=0.01 sys=0.00, real=0.00 secs] 
2124.251: [GC (Allocation Failure) [PSYoungGen: 63733K->3520K(66560K)] 287611K->227397K(726528K), 0.0017325 secs] [Times: user=0.00 sys=0.00, real=0.00 secs] 
2124.506: [GC (Allocation Failure) [PSYoungGen: 66496K->17824K(108544K)] 290373K->241701K(768512K), 0.0023961 secs] [Times: user=0.01 sys=0.00, real=0.00 secs] 
2124.859: [GC (Allocation Failure) [PSYoungGen: 80800K->34208K(112128K)] 304677K->258085K(772096K), 0.0035933 secs] [Times: user=0.01 sys=0.00, real=0.00 secs] 
2125.376: [GC (Allocation Failure) [PSYoungGen: 97184K->34208K(113152K)] 321061K->258085K(773120K), 0.0036270 secs] [Times: user=0.02 sys=0.00, real=0.00 secs] 
2125.967: [GC (Allocation Failure) [PSYoungGen: 94624K->1376K(61952K)] 318501K->225253K(721920K), 0.0019715 secs] [Times: user=0.01 sys=0.00, real=0.00 secs] 
2127.149: [GC (Allocation Failure) [PSYoungGen: 61792K->3488K(113152K)] 285669K->227373K(773120K), 0.0019699 secs] [Times: user=0.01 sys=0.00, real=0.00 secs] 
2127.471: [GC (Allocation Failure) [PSYoungGen: 63904K->17792K(78336K)] 287789K->241701K(738304K), 0.0023129 secs] [Times: user=0.01 sys=0.00, real=0.00 secs] 
2127.883: [GC (Allocation Failure) [PSYoungGen: 72112K->17808K(105472K)] 296021K->241725K(765440K), 0.0025340 secs] [Times: user=0.01 sys=0.00, real=0.01 secs] 
2128.228: [GC (Allocation Failure) [PSYoungGen: 78224K->34208K(108032K)] 302141K->258133K(768000K), 0.0032701 secs] [Times: user=0.01 sys=0.00, real=0.00 secs] 
2128.702: [GC (Allocation Failure) [PSYoungGen: 94624K->34176K(108544K)] 318549K->258109K(768512K), 0.0036553 secs] [Times: user=0.02 sys=0.00, real=0.01 secs] 
2129.243: [GC (Allocation Failure) [PSYoungGen: 92032K->1376K(111104K)] 315965K->225309K(771072K), 0.0021765 secs] [Times: user=0.01 sys=0.00, real=0.01 secs] 
2130.287: [GC (Allocation Failure) [PSYoungGen: 59232K->9632K(107008K)] 283165K->233573K(766976K), 0.0019478 secs] [Times: user=0.00 sys=0.00, real=0.00 secs] 
2130.929: [GC (Allocation Failure) [PSYoungGen: 67488K->17792K(75776K)] 291429K->241741K(735744K), 0.0056553 secs] [Times: user=0.03 sys=0.00, real=0.00 secs] 
2131.457: [GC (Allocation Failure) [PSYoungGen: 75648K->34176K(102912K)] 299597K->258125K(762880K), 0.0073927 secs] [Times: user=0.04 sys=0.00, real=0.00 secs] 
2132.257: [GC (Allocation Failure) [PSYoungGen: 88960K->34176K(105984K)] 312909K->258133K(765952K), 0.0073267 secs] [Times: user=0.03 sys=0.00, real=0.01 secs] 
2133.086: [GC (Allocation Failure) [PSYoungGen: 88960K->1376K(108544K)] 312917K->225333K(768512K), 0.0047903 secs] [Times: user=0.01 sys=0.00, real=0.00 secs] 
2134.736: [GC (Allocation Failure) [PSYoungGen: 56160K->3456K(58368K)] 280117K->227421K(718336K), 0.0023715 secs] [Times: user=0.01 sys=0.00, real=0.00 secs] 
2135.205: [GC (Allocation Failure) [PSYoungGen: 53403K->9632K(103424K)] 277368K->233605K(763392K), 0.0022884 secs] [Times: user=0.00 sys=0.00, real=0.00 secs] 
2135.400: [GC (Allocation Failure) [PSYoungGen: 64416K->17824K(72704K)] 288389K->241797K(732672K), 0.0028725 secs] [Times: user=0.01 sys=0.00, real=0.00 secs] 
2135.607: [GC (Allocation Failure) [PSYoungGen: 72608K->34208K(98816K)] 296581K->258189K(758784K), 0.0038037 secs] [Times: user=0.01 sys=0.00, real=0.00 secs] 
2135.821: [GC (Allocation Failure) [PSYoungGen: 85408K->34176K(102400K)] 309389K->258173K(762368K), 0.0035861 secs] [Times: user=0.02 sys=0.00, real=0.01 secs] 
2136.038: [GC (Allocation Failure) [PSYoungGen: 85376K->1408K(109568K)] 309373K->225413K(769536K), 0.0018224 secs] [Times: user=0.01 sys=0.00, real=0.00 secs] 
2137.994: [GC (Allocation Failure) [PSYoungGen: 56825K->3488K(60416K)] 280831K->227501K(720384K), 0.0032824 secs] [Times: user=0.01 sys=0.00, real=0.01 secs] 
2138.900: [GC (Allocation Failure) [PSYoungGen: 60320K->17824K(102912K)] 284333K->241837K(762880K), 0.0049600 secs] [Times: user=0.02 sys=0.00, real=0.01 secs] 
2139.289: [GC (Allocation Failure) [PSYoungGen: 70945K->17792K(74752K)] 294959K->241805K(734720K), 0.0032257 secs] [Times: user=0.01 sys=0.00, real=0.00 secs] 
2139.620: [GC (Allocation Failure) [PSYoungGen: 74624K->34176K(99840K)] 298637K->258197K(759808K), 0.0047099 secs] [Times: user=0.02 sys=0.00, real=0.01 secs] 
2140.140: [GC (Allocation Failure) [PSYoungGen: 87424K->34208K(103424K)] 311445K->258245K(763392K), 0.0050496 secs] [Times: user=0.02 sys=0.00, real=0.01 secs] 
2140.650: [GC (Allocation Failure) [PSYoungGen: 87456K->1408K(105984K)] 311493K->225453K(765952K), 0.0024268 secs] [Times: user=0.01 sys=0.00, real=0.00 secs] 
2141.976: [GC (Allocation Failure) [PSYoungGen: 54656K->5568K(58880K)] 278701K->229621K(718848K), 0.0020464 secs] [Times: user=0.01 sys=0.00, real=0.00 secs] 
2142.489: [GC (Allocation Failure) [PSYoungGen: 58816K->17824K(98304K)] 282869K->241877K(758272K), 0.0028911 secs] [Times: user=0.02 sys=0.00, real=0.00 secs] 
2142.933: [GC (Allocation Failure) [PSYoungGen: 63548K->17792K(71168K)] 287601K->241853K(731136K), 0.0037932 secs] [Times: user=0.01 sys=0.00, real=0.01 secs] 
2143.308: [GC (Allocation Failure) [PSYoungGen: 71040K->34176K(95232K)] 295101K->258237K(755200K), 0.0051464 secs] [Times: user=0.02 sys=0.00, real=0.00 secs] 
2143.896: [GC (Allocation Failure) [PSYoungGen: 83840K->34208K(98816K)] 307901K->258285K(758784K), 0.0072217 secs] [Times: user=0.04 sys=0.00, real=0.00 secs] 
2144.485: [GC (Allocation Failure) [PSYoungGen: 83872K->1376K(101376K)] 307949K->225461K(761344K), 0.0037398 secs] [Times: user=0.01 sys=0.00, real=0.00 secs] 
2145.826: [GC (Allocation Failure) [PSYoungGen: 51040K->3520K(53248K)] 275125K->227613K(713216K), 0.0017964 secs] [Times: user=0.00 sys=0.00, real=0.00 secs] 
2146.078: [GC (Allocation Failure) [PSYoungGen: 53184K->9600K(95744K)] 277277K->233693K(755712K), 0.0018248 secs] [Times: user=0.01 sys=0.00, real=0.00 secs] 
2146.429: [GC (Allocation Failure) [PSYoungGen: 59264K->17792K(67584K)] 283357K->241893K(727552K), 0.0025662 secs] [Times: user=0.01 sys=0.00, real=0.00 secs] 
2146.707: [GC (Allocation Failure) [PSYoungGen: 67456K->34208K(92160K)] 291557K->258325K(752128K), 0.0035605 secs] [Times: user=0.01 sys=0.00, real=0.00 secs] 
2147.082: [GC (Allocation Failure) [PSYoungGen: 80288K->34208K(95744K)] 304405K->258333K(755712K), 0.0047388 secs] [Times: user=0.02 sys=0.00, real=0.01 secs] 
2147.451: [GC (Allocation Failure) [PSYoungGen: 80288K->1408K(98816K)] 304413K->225533K(758784K), 0.0022876 secs] [Times: user=0.01 sys=0.00, real=0.00 secs] 
2147.863: [GC (Allocation Failure) [PSYoungGen: 47488K->1440K(47616K)] 271613K->225573K(707584K), 0.0024451 secs] [Times: user=0.01 sys=0.00, real=0.01 secs] 
2149.053: [GC (Allocation Failure) [PSYoungGen: 47145K->5552K(94720K)] 271278K->229685K(754688K), 0.0019732 secs] [Times: user=0.01 sys=0.00, real=0.01 secs] 
2149.494: [GC (Allocation Failure) [PSYoungGen: 51632K->17824K(64000K)] 275765K->241965K(723968K), 0.0026452 secs] [Times: user=0.01 sys=0.00, real=0.01 secs] 
2150.123: [GC (Allocation Failure) [PSYoungGen: 63904K->17824K(89600K)] 288045K->241973K(749568K), 0.0028500 secs] [Times: user=0.01 sys=0.00, real=0.01 secs] 
2150.454: [GC (Allocation Failure) [PSYoungGen: 63904K->34176K(91648K)] 288053K->258333K(751616K), 0.0038454 secs] [Times: user=0.02 sys=0.00, real=0.01 secs] 
2150.829: [GC (Allocation Failure) [PSYoungGen: 80256K->34208K(92160K)] 304413K->258365K(752128K), 0.0037608 secs] [Times: user=0.02 sys=0.00, real=0.00 secs] 
2151.170: [GC (Allocation Failure) [PSYoungGen: 77216K->1408K(95232K)] 301373K->225573K(755200K), 0.0020668 secs] [Times: user=0.01 sys=0.00, real=0.00 secs] 
2151.515: [GC (Allocation Failure) [PSYoungGen: 44416K->1440K(93184K)] 268581K->225605K(753152K), 0.0020201 secs] [Times: user=0.01 sys=0.00, real=0.00 secs] 
2152.954: [GC (Allocation Failure) [PSYoungGen: 44448K->5536K(48640K)] 268613K->229709K(708608K), 0.0022553 secs] [Times: user=0.01 sys=0.00, real=0.01 secs] 
2153.563: [GC (Allocation Failure) [PSYoungGen: 48544K->17792K(87552K)] 272717K->241965K(747520K), 0.0052553 secs] [Times: user=0.02 sys=0.00, real=0.01 secs] 
2153.899: [GC (Allocation Failure) [PSYoungGen: 60800K->17792K(60928K)] 284973K->241989K(720896K), 0.0031235 secs] [Times: user=0.01 sys=0.00, real=0.00 secs] 
2154.005: [GC (Allocation Failure) [PSYoungGen: 60800K->34176K(83968K)] 284997K->258381K(743936K), 0.0035608 secs] [Times: user=0.02 sys=0.00, real=0.00 secs] 
2154.168: [GC (Allocation Failure) [PSYoungGen: 73088K->34208K(88064K)] 297293K->258421K(748032K), 0.0035589 secs] [Times: user=0.01 sys=0.01, real=0.00 secs] 
2154.331: [GC (Allocation Failure) [PSYoungGen: 73120K->34208K(94208K)] 297333K->258429K(754176K), 0.0034726 secs] [Times: user=0.02 sys=0.00, real=0.01 secs] 
2154.715: [GC (Allocation Failure) [PSYoungGen: 76192K->1408K(96256K)] 300413K->225645K(756224K), 0.0018387 secs] [Times: user=0.00 sys=0.00, real=0.00 secs] 
2155.873: [GC (Allocation Failure) [PSYoungGen: 43392K->1888K(99328K)] 267629K->226133K(759296K), 0.0018032 secs] [Times: user=0.01 sys=0.00, real=0.01 secs] 
2156.038: [GC (Allocation Failure) [PSYoungGen: 48480K->9600K(100352K)] 272725K->233845K(760320K), 0.0025589 secs] [Times: user=0.01 sys=0.00, real=0.00 secs] 
2156.202: [GC (Allocation Failure) [PSYoungGen: 56192K->17824K(97280K)] 280437K->242077K(757248K), 0.0023866 secs] [Times: user=0.01 sys=0.00, real=0.00 secs] 
2156.351: [GC (Allocation Failure) [PSYoungGen: 70048K->34176K(100352K)] 294301K->258437K(760320K), 0.0034028 secs] [Times: user=0.02 sys=0.00, real=0.01 secs] 
2156.570: [GC (Allocation Failure) [PSYoungGen: 86400K->34208K(108032K)] 310661K->258477K(768000K), 0.0042587 secs] [Times: user=0.02 sys=0.01, real=0.00 secs] 
2156.806: [GC (Allocation Failure) [PSYoungGen: 90528K->1376K(110592K)] 314797K->225645K(770560K), 0.0017825 secs] [Times: user=0.01 sys=0.00, real=0.00 secs] 
2157.802: [GC (Allocation Failure) [PSYoungGen: 57696K->1632K(114176K)] 281965K->226011K(774144K), 0.0017469 secs] [Times: user=0.01 sys=0.00, real=0.00 secs] 
2158.566: [GC (Allocation Failure) [PSYoungGen: 61757K->9616K(72192K)] 286137K->234003K(732160K), 0.0024710 secs] [Times: user=0.01 sys=0.00, real=0.00 secs] 
2159.195: [GC (Allocation Failure) [PSYoungGen: 72080K->17792K(108032K)] 296467K->242179K(768000K), 0.0031972 secs] [Times: user=0.02 sys=0.00, real=0.00 secs] 
2159.661: [GC (Allocation Failure) [PSYoungGen: 80256K->34176K(110592K)] 304643K->258563K(770560K), 0.0049331 secs] [Times: user=0.02 sys=0.00, real=0.01 secs] 
2160.457: [GC (Allocation Failure) [PSYoungGen: 96640K->1408K(113152K)] 321027K->225795K(773120K), 0.0029641 secs] [Times: user=0.01 sys=0.00, real=0.00 secs] 
2162.081: [GC (Allocation Failure) [PSYoungGen: 63872K->1373K(64000K)] 288259K->225760K(723968K), 0.0015456 secs] [Times: user=0.01 sys=0.00, real=0.00 secs] 
2162.969: [GC (Allocation Failure) [PSYoungGen: 63837K->9632K(106496K)] 288224K->234019K(766464K), 0.0021279 secs] [Times: user=0.01 sys=0.00, real=0.00 secs] 
2163.195: [GC (Allocation Failure) [PSYoungGen: 72096K->17824K(80384K)] 296483K->242211K(740352K), 0.0025325 secs] [Times: user=0.01 sys=0.00, real=0.00 secs] 
2163.387: [GC (Allocation Failure) [PSYoungGen: 80288K->34208K(103936K)] 304675K->258595K(763904K), 0.0033645 secs] [Times: user=0.01 sys=0.00, real=0.00 secs] 
2163.631: [GC (Allocation Failure) [PSYoungGen: 92576K->34176K(108032K)] 316963K->258579K(768000K), 0.0035354 secs] [Times: user=0.02 sys=0.00, real=0.01 secs] 
2163.875: [GC (Allocation Failure) [PSYoungGen: 92544K->1424K(103936K)] 316947K->225835K(763904K), 0.0017322 secs] [Times: user=0.00 sys=0.00, real=0.00 secs] 
2165.103: [GC (Allocation Failure) [PSYoungGen: 59792K->9600K(68096K)] 284203K->234011K(728064K), 0.0033475 secs] [Times: user=0.01 sys=0.00, real=0.01 secs] 
2165.635: [GC (Allocation Failure) [PSYoungGen: 67968K->17792K(102400K)] 292379K->242203K(762368K), 0.0046566 secs] [Times: user=0.02 sys=0.00, real=0.00 secs] 
2166.065: [GC (Allocation Failure) [PSYoungGen: 76160K->34144K(105472K)] 300571K->258555K(765440K), 0.0082249 secs] [Times: user=0.04 sys=0.00, real=0.00 secs] 
2166.756: [GC (Allocation Failure) [PSYoungGen: 92512K->34208K(112128K)] 316923K->258627K(772096K), 0.0121597 secs] [Times: user=0.05 sys=0.02, real=0.01 secs] 
2167.597: [GC (Allocation Failure) [PSYoungGen: 95648K->1376K(115200K)] 320067K->225819K(775168K), 0.0031515 secs] [Times: user=0.01 sys=0.00, real=0.00 secs] 
2169.092: [GC (Allocation Failure) [PSYoungGen: 62816K->5536K(104960K)] 287259K->229987K(764928K), 0.0030826 secs] [Times: user=0.01 sys=0.00, real=0.01 secs] 
2169.345: [GC (Allocation Failure) [PSYoungGen: 66976K->17792K(79360K)] 291427K->242243K(739328K), 0.0024859 secs] [Times: user=0.01 sys=0.00, real=0.00 secs] 
2169.533: [GC (Allocation Failure) [PSYoungGen: 79232K->34208K(106496K)] 303683K->258667K(766464K), 0.0034438 secs] [Times: user=0.01 sys=0.00, real=0.01 secs] 
2169.812: [GC (Allocation Failure) [PSYoungGen: 92064K->34208K(110080K)] 316523K->258675K(770048K), 0.0038395 secs] [Times: user=0.02 sys=0.00, real=0.01 secs] 
2170.055: [GC (Allocation Failure) [PSYoungGen: 92064K->1408K(117248K)] 316531K->225883K(777216K), 0.0020777 secs] [Times: user=0.01 sys=0.00, real=0.00 secs] 
2171.457: [GC (Allocation Failure) [PSYoungGen: 65408K->5568K(69632K)] 289883K->230051K(729600K), 0.0031206 secs] [Times: user=0.01 sys=0.00, real=0.00 secs] 
2172.121: [GC (Allocation Failure) [PSYoungGen: 69568K->17792K(110592K)] 294051K->242275K(770560K), 0.0036756 secs] [Times: user=0.02 sys=0.00, real=0.01 secs] 
2172.514: [GC (Allocation Failure) [PSYoungGen: 81792K->34176K(113664K)] 306275K->258667K(773632K), 0.0047894 secs] [Times: user=0.02 sys=0.00, real=0.01 secs] 
2173.036: [GC (Allocation Failure) [PSYoungGen: 98176K->34176K(114176K)] 322667K->258667K(774144K), 0.0040834 secs] [Times: user=0.02 sys=0.00, real=0.00 secs] 
2173.573: [GC (Allocation Failure) [PSYoungGen: 95616K->1408K(62976K)] 320107K->225907K(722944K), 0.0022350 secs] [Times: user=0.01 sys=0.00, real=0.01 secs] 
2174.924: [GC (Allocation Failure) [PSYoungGen: 62848K->5568K(113152K)] 287347K->230075K(773120K), 0.0018507 secs] [Times: user=0.01 sys=0.00, real=0.01 secs] 
2175.361: [GC (Allocation Failure) [PSYoungGen: 67008K->17824K(79360K)] 291515K->242339K(739328K), 0.0041038 secs] [Times: user=0.02 sys=0.00, real=0.01 secs] 
2175.579: [GC (Allocation Failure) [PSYoungGen: 79264K->34176K(108544K)] 303779K->258699K(768512K), 0.0038977 secs] [Times: user=0.02 sys=0.01, real=0.00 secs] 
2175.859: [GC (Allocation Failure) [PSYoungGen: 92544K->34176K(111616K)] 317067K->258715K(771584K), 0.0044057 secs] [Times: user=0.02 sys=0.00, real=0.00 secs] 
2176.283: [GC (Allocation Failure) [PSYoungGen: 92544K->1408K(107008K)] 317083K->225955K(766976K), 0.0021227 secs] [Times: user=0.01 sys=0.00, real=0.01 secs] 
2177.806: [GC (Allocation Failure) [PSYoungGen: 59776K->1664K(60416K)] 284323K->226219K(720384K), 0.0019194 secs] [Times: user=0.00 sys=0.00, real=0.00 secs] 
2178.650: [GC (Allocation Failure) [PSYoungGen: 60032K->9600K(107520K)] 284587K->234155K(767488K), 0.0045190 secs] [Times: user=0.02 sys=0.00, real=0.01 secs] 
2179.424: [GC (Allocation Failure) [PSYoungGen: 67968K->17824K(76288K)] 292523K->242387K(736256K), 0.0035303 secs] [Times: user=0.02 sys=0.00, real=0.00 secs] 
2180.041: [GC (Allocation Failure) [PSYoungGen: 76192K->34208K(104448K)] 300755K->258779K(764416K), 0.0061444 secs] [Times: user=0.03 sys=0.00, real=0.01 secs] 
2180.879: [GC (Allocation Failure) [PSYoungGen: 89504K->34176K(107520K)] 314075K->258755K(767488K), 0.0052653 secs] [Times: user=0.03 sys=0.00, real=0.00 secs] 
2181.186: [GC (Allocation Failure) [PSYoungGen: 89472K->1408K(109056K)] 314051K->225995K(769024K), 0.0019116 secs] [Times: user=0.01 sys=0.00, real=0.00 secs] 
2182.102: [GC (Allocation Failure) [PSYoungGen: 56704K->5568K(60928K)] 281291K->230163K(720896K), 0.0019592 secs] [Times: user=0.00 sys=0.00, real=0.00 secs] 
2182.280: [GC (Allocation Failure) [PSYoungGen: 60864K->17824K(101888K)] 285459K->242427K(761856K), 0.0022316 secs] [Times: user=0.01 sys=0.00, real=0.00 secs] 
2182.441: [GC (Allocation Failure) [PSYoungGen: 57622K->17760K(73216K)] 282225K->242363K(733184K), 0.0023580 secs] [Times: user=0.01 sys=0.00, real=0.00 secs] 
2182.624: [GC (Allocation Failure) [PSYoungGen: 73056K->34176K(99328K)] 297659K->258787K(759296K), 0.0030133 secs] [Times: user=0.01 sys=0.00, real=0.01 secs] 
2182.842: [GC (Allocation Failure) [PSYoungGen: 86400K->34208K(102400K)] 311011K->258835K(762368K), 0.0034209 secs] [Times: user=0.02 sys=0.00, real=0.01 secs] 
2183.073: [GC (Allocation Failure) [PSYoungGen: 86432K->1408K(110080K)] 311059K->226043K(770048K), 0.0016372 secs] [Times: user=0.01 sys=0.00, real=0.00 secs] 
2184.617: [GC (Allocation Failure) [PSYoungGen: 59264K->5568K(63488K)] 283899K->230203K(723456K), 0.0027662 secs] [Times: user=0.01 sys=0.00, real=0.00 secs] 
2185.353: [GC (Allocation Failure) [PSYoungGen: 63424K->17760K(103424K)] 288059K->242395K(763392K), 0.0052869 secs] [Times: user=0.01 sys=0.00, real=0.01 secs] 
2185.993: [GC (Allocation Failure) [PSYoungGen: 75616K->34208K(106496K)] 300251K->258859K(766464K), 0.0059599 secs] [Times: user=0.03 sys=0.00, real=0.01 secs] 
2186.461: [GC (Allocation Failure) [PSYoungGen: 92064K->34144K(107008K)] 316715K->258795K(766976K), 0.0045415 secs] [Times: user=0.02 sys=0.00, real=0.01 secs] 
2186.824: [GC (Allocation Failure) [PSYoungGen: 89440K->1408K(56832K)] 314091K->226067K(716800K), 0.0018399 secs] [Times: user=0.00 sys=0.00, real=0.01 secs] 
2187.721: [GC (Allocation Failure) [PSYoungGen: 56631K->224K(109056K)] 281290K->224891K(769024K), 0.0014534 secs] [Times: user=0.01 sys=0.00, real=0.00 secs] 
2187.941: [GC (Allocation Failure) [PSYoungGen: 55520K->9600K(65024K)] 280187K->234275K(724992K), 0.0019057 secs] [Times: user=0.01 sys=0.00, real=0.00 secs] 
2188.137: [GC (Allocation Failure) [PSYoungGen: 64896K->17856K(100352K)] 289571K->242531K(760320K), 0.0023149 secs] [Times: user=0.01 sys=0.00, real=0.00 secs] 
2188.299: [GC (Allocation Failure) [PSYoungGen: 73152K->34176K(103424K)] 297827K->258859K(763392K), 0.0033713 secs] [Times: user=0.01 sys=0.00, real=0.00 secs] 
2188.529: [GC (Allocation Failure) [PSYoungGen: 89472K->34208K(110592K)] 314155K->258899K(770560K), 0.0031586 secs] [Times: user=0.02 sys=0.00, real=0.00 secs] 
2188.775: [GC (Allocation Failure) [PSYoungGen: 93088K->1408K(113152K)] 317779K->226107K(773120K), 0.0017402 secs] [Times: user=0.01 sys=0.00, real=0.00 secs] 
2189.677: [GC (Allocation Failure) [PSYoungGen: 60288K->5568K(103936K)] 284987K->230267K(763904K), 0.0018619 secs] [Times: user=0.01 sys=0.00, real=0.00 secs] 
2189.870: [GC (Allocation Failure) [PSYoungGen: 64448K->17792K(76800K)] 289147K->242491K(736768K), 0.0022022 secs] [Times: user=0.01 sys=0.00, real=0.00 secs] 
2190.048: [GC (Allocation Failure) [PSYoungGen: 76672K->34176K(105472K)] 301371K->258875K(765440K), 0.0033415 secs] [Times: user=0.01 sys=0.01, real=0.00 secs] 
2190.279: [GC (Allocation Failure) [PSYoungGen: 89984K->34144K(108544K)] 314683K->258859K(768512K), 0.0038462 secs] [Times: user=0.02 sys=0.00, real=0.00 secs] 
2190.513: [GC (Allocation Failure) [PSYoungGen: 89952K->1376K(116736K)] 314667K->226099K(776704K), 0.0025518 secs] [Times: user=0.01 sys=0.00, real=0.01 secs] 
2191.613: [GC (Allocation Failure) [PSYoungGen: 63840K->1664K(64512K)] 288563K->226403K(724480K), 0.0018599 secs] [Times: user=0.01 sys=0.00, real=0.00 secs] 
2192.219: [GC (Allocation Failure) [PSYoungGen: 62665K->9568K(111104K)] 287404K->234307K(771072K), 0.0024883 secs] [Times: user=0.01 sys=0.00, real=0.00 secs] 
2192.631: [GC (Allocation Failure) [PSYoungGen: 72032K->17776K(80384K)] 296771K->242515K(740352K), 0.0028669 secs] [Times: user=0.01 sys=0.01, real=0.00 secs] 
2192.838: [GC (Allocation Failure) [PSYoungGen: 80240K->34176K(107520K)] 304979K->258915K(767488K), 0.0035534 secs] [Times: user=0.02 sys=0.00, real=0.00 secs] 
2193.202: [GC (Allocation Failure) [PSYoungGen: 93056K->34208K(111104K)] 317795K->258955K(771072K), 0.0041794 secs] [Times: user=0.02 sys=0.00, real=0.01 secs] 
2193.764: [GC (Allocation Failure) [PSYoungGen: 93088K->1408K(106496K)] 317835K->226163K(766464K), 0.0022798 secs] [Times: user=0.01 sys=0.00, real=0.01 secs] 
2195.010: [GC (Allocation Failure) [PSYoungGen: 60288K->9664K(68608K)] 285043K->234419K(728576K), 0.0020494 secs] [Times: user=0.01 sys=0.00, real=0.00 secs] 
2195.443: [GC (Allocation Failure) [PSYoungGen: 68544K->17824K(103936K)] 293299K->242587K(763904K), 0.0036192 secs] [Times: user=0.01 sys=0.00, real=0.01 secs] 
2195.801: [GC (Allocation Failure) [PSYoungGen: 76704K->34176K(107520K)] 301467K->258939K(767488K), 0.0058329 secs] [Times: user=0.03 sys=0.00, real=0.01 secs] 
2196.325: [GC (Allocation Failure) [PSYoungGen: 93056K->34144K(109056K)] 317819K->258915K(769024K), 0.0052692 secs] [Times: user=0.03 sys=0.00, real=0.00 secs] 
2196.653: [GC (Allocation Failure) [PSYoungGen: 90976K->1408K(111104K)] 315747K->226187K(771072K), 0.0018619 secs] [Times: user=0.00 sys=0.00, real=0.01 secs] 
2197.802: [GC (Allocation Failure) [PSYoungGen: 58240K->5536K(108032K)] 283019K->230323K(768000K), 0.0019690 secs] [Times: user=0.01 sys=0.00, real=0.00 secs] 
2198.108: [GC (Allocation Failure) [PSYoungGen: 62368K->17792K(74752K)] 287155K->242587K(734720K), 0.0025641 secs] [Times: user=0.01 sys=0.00, real=0.00 secs] 
2198.281: [GC (Allocation Failure) [PSYoungGen: 59830K->17792K(100352K)] 284625K->242587K(760320K), 0.0026114 secs] [Times: user=0.01 sys=0.00, real=0.00 secs] 
2198.452: [GC (Allocation Failure) [PSYoungGen: 74624K->34208K(103424K)] 299419K->259011K(763392K), 0.0040340 secs] [Times: user=0.02 sys=0.00, real=0.01 secs] 
2198.895: [GC (Allocation Failure) [PSYoungGen: 91040K->34144K(111104K)] 315843K->258963K(771072K), 0.0055979 secs] [Times: user=0.03 sys=0.01, real=0.00 secs] 
2199.380: [GC (Allocation Failure) [PSYoungGen: 95072K->1376K(113664K)] 319891K->226203K(773632K), 0.0034301 secs] [Times: user=0.01 sys=0.00, real=0.00 secs] 
2201.264: [GC (Allocation Failure) [PSYoungGen: 62304K->9664K(102912K)] 287131K->234499K(762880K), 0.0044032 secs] [Times: user=0.02 sys=0.00, real=0.01 secs] 
2201.790: [GC (Allocation Failure) [PSYoungGen: 70592K->17792K(78848K)] 295427K->242627K(738816K), 0.0032518 secs] [Times: user=0.01 sys=0.00, real=0.00 secs] 
2202.162: [GC (Allocation Failure) [PSYoungGen: 78720K->34208K(105472K)] 303555K->259043K(765440K), 0.0047626 secs] [Times: user=0.02 sys=0.00, real=0.01 secs] 
2202.682: [GC (Allocation Failure) [PSYoungGen: 92064K->34208K(108544K)] 316899K->259051K(768512K), 0.0044610 secs] [Times: user=0.02 sys=0.00, real=0.01 secs] 
2203.139: [GC (Allocation Failure) [PSYoungGen: 92064K->1376K(111104K)] 316907K->226227K(771072K), 0.0024315 secs] [Times: user=0.01 sys=0.00, real=0.00 secs] 
2204.373: [GC (Allocation Failure) [PSYoungGen: 59232K->5536K(63488K)] 284083K->230387K(723456K), 0.0017787 secs] [Times: user=0.01 sys=0.00, real=0.01 secs] 
2204.940: [GC (Allocation Failure) [PSYoungGen: 63392K->17824K(102912K)] 288243K->242683K(762880K), 0.0032314 secs] [Times: user=0.02 sys=0.00, real=0.00 secs] 
2205.274: [GC (Allocation Failure) [PSYoungGen: 75680K->34176K(106496K)] 300539K->259051K(766464K), 0.0044654 secs] [Times: user=0.02 sys=0.00, real=0.01 secs] 
2205.816: [GC (Allocation Failure) [PSYoungGen: 92032K->34144K(107008K)] 316907K->259027K(766976K), 0.0045885 secs] [Times: user=0.02 sys=0.00, real=0.00 secs] 
2206.364: [GC (Allocation Failure) [PSYoungGen: 89440K->1440K(109568K)] 314323K->226331K(769536K), 0.0019134 secs] [Times: user=0.00 sys=0.00, real=0.00 secs] 
2207.103: [GC (Allocation Failure) [PSYoungGen: 56736K->1405K(107520K)] 281627K->226304K(767488K), 0.0014921 secs] [Times: user=0.00 sys=0.01, real=0.01 secs] 
2208.275: [GC (Allocation Failure) [PSYoungGen: 56701K->9632K(65024K)] 281600K->234531K(724992K), 0.0022229 secs] [Times: user=0.01 sys=0.00, real=0.00 secs] 
2208.677: [GC (Allocation Failure) [PSYoungGen: 64928K->17792K(100352K)] 289827K->242699K(760320K), 0.0042902 secs] [Times: user=0.02 sys=0.00, real=0.00 secs] 
2208.996: [GC (Allocation Failure) [PSYoungGen: 73088K->34208K(103424K)] 297995K->259115K(763392K), 0.0046084 secs] [Times: user=0.02 sys=0.00, real=0.00 secs] 
2209.443: [GC (Allocation Failure) [PSYoungGen: 89504K->34176K(104448K)] 314411K->259091K(764416K), 0.0078850 secs] [Times: user=0.04 sys=0.00, real=0.01 secs] 
2209.850: [GC (Allocation Failure) [PSYoungGen: 86912K->1408K(54272K)] 311827K->226331K(714240K), 0.0025116 secs] [Times: user=0.01 sys=0.00, real=0.00 secs] 
2211.743: [GC (Allocation Failure) [PSYoungGen: 54144K->3392K(104448K)] 279067K->228323K(764416K), 0.0024932 secs] [Times: user=0.01 sys=0.00, real=0.01 secs] 
2212.686: [GC (Allocation Failure) [PSYoungGen: 55922K->9616K(62464K)] 280853K->234555K(722432K), 0.0025990 secs] [Times: user=0.01 sys=0.00, real=0.00 secs] 
2213.247: [GC (Allocation Failure) [PSYoungGen: 62352K->17792K(97792K)] 287291K->242731K(757760K), 0.0060741 secs] [Times: user=0.02 sys=0.00, real=0.00 secs] 
2214.038: [GC (Allocation Failure) [PSYoungGen: 70528K->34208K(100352K)] 295467K->259155K(760320K), 0.0086643 secs] [Times: user=0.04 sys=0.00, real=0.01 secs] 
2214.891: [GC (Allocation Failure) [PSYoungGen: 86944K->34208K(100864K)] 311891K->259163K(760832K), 0.0071936 secs] [Times: user=0.04 sys=0.00, real=0.01 secs] 
2215.591: [GC (Allocation Failure) [PSYoungGen: 83872K->1344K(51200K)] 308827K->226307K(711168K), 0.0028988 secs] [Times: user=0.01 sys=0.00, real=0.00 secs] 
2217.641: [GC (Allocation Failure) [PSYoungGen: 51008K->1920K(101376K)] 275971K->226891K(761344K), 0.0025594 secs] [Times: user=0.01 sys=0.00, real=0.00 secs] 
2218.266: [GC (Allocation Failure) [PSYoungGen: 51584K->9616K(59392K)] 276555K->234587K(719360K), 0.0025661 secs] [Times: user=0.01 sys=0.00, real=0.00 secs] 
2218.934: [GC (Allocation Failure) [PSYoungGen: 59280K->17792K(94720K)] 284251K->242771K(754688K), 0.0044908 secs] [Times: user=0.02 sys=0.00, real=0.01 secs] 
2219.399: [GC (Allocation Failure) [PSYoungGen: 67456K->34176K(97280K)] 292435K->259155K(757248K), 0.0061568 secs] [Times: user=0.03 sys=0.00, real=0.01 secs] 
2219.984: [GC (Allocation Failure) [PSYoungGen: 83840K->34176K(97792K)] 308819K->259163K(757760K), 0.0057967 secs] [Times: user=0.03 sys=0.00, real=0.01 secs] 
2220.641: [GC (Allocation Failure) [PSYoungGen: 80768K->1408K(48128K)] 305755K->226403K(708096K), 0.0026881 secs] [Times: user=0.01 sys=0.00, real=0.00 secs] 
2221.222: [GC (Allocation Failure) [PSYoungGen: 48000K->1408K(98304K)] 272995K->226411K(758272K), 0.0027905 secs] [Times: user=0.01 sys=0.00, real=0.01 secs] 
2222.467: [GC (Allocation Failure) [PSYoungGen: 48000K->5568K(52224K)] 273003K->230571K(712192K), 0.0020466 secs] [Times: user=0.01 sys=0.00, real=0.00 secs] 
2222.881: [GC (Allocation Failure) [PSYoungGen: 52160K->17824K(93184K)] 277163K->242835K(753152K), 0.0028730 secs] [Times: user=0.02 sys=0.00, real=0.00 secs] 
2223.265: [GC (Allocation Failure) [PSYoungGen: 64416K->17792K(64512K)] 289427K->242803K(724480K), 0.0044279 secs] [Times: user=0.02 sys=0.00, real=0.00 secs] 
2223.516: [GC (Allocation Failure) [PSYoungGen: 64384K->34176K(88576K)] 289395K->259195K(748544K), 0.0056333 secs] [Times: user=0.02 sys=0.00, real=0.00 secs] 
2223.869: [GC (Allocation Failure) [PSYoungGen: 76672K->34208K(92672K)] 301691K->259235K(752640K), 0.0057286 secs] [Times: user=0.02 sys=0.00, real=0.01 secs] 
2224.206: [GC (Allocation Failure) [PSYoungGen: 76704K->1408K(99840K)] 301731K->226443K(759808K), 0.0031232 secs] [Times: user=0.01 sys=0.00, real=0.00 secs] 
2224.588: [GC (Allocation Failure) [PSYoungGen: 49024K->1392K(49152K)] 274059K->226451K(709120K), 0.0020918 secs] [Times: user=0.01 sys=0.00, real=0.00 secs] 
2225.965: [GC (Allocation Failure) [PSYoungGen: 49008K->9632K(94208K)] 274067K->234699K(754176K), 0.0020712 secs] [Times: user=0.01 sys=0.00, real=0.00 secs] 
2226.168: [GC (Allocation Failure) [PSYoungGen: 57248K->17792K(65536K)] 282315K->242859K(725504K), 0.0028114 secs] [Times: user=0.01 sys=0.00, real=0.00 secs] 
2226.336: [GC (Allocation Failure) [PSYoungGen: 58718K->17792K(97280K)] 283785K->242867K(757248K), 0.0024459 secs] [Times: user=0.01 sys=0.00, real=0.00 secs] 
2226.479: [GC (Allocation Failure) [PSYoungGen: 67968K->34208K(94720K)] 293043K->259291K(754688K), 0.0034206 secs] [Times: user=0.02 sys=0.00, real=0.00 secs] 
2226.689: [GC (Allocation Failure) [PSYoungGen: 84384K->34176K(101888K)] 309467K->259267K(761856K), 0.0035084 secs] [Times: user=0.02 sys=0.00, real=0.00 secs] 
2227.002: [GC (Allocation Failure) [PSYoungGen: 87424K->1376K(104960K)] 312515K->226491K(764928K), 0.0016520 secs] [Times: user=0.01 sys=0.00, real=0.00 secs] 
2228.017: [GC (Allocation Failure) [PSYoungGen: 53393K->3520K(96768K)] 278508K->228643K(756736K), 0.0018489 secs] [Times: user=0.01 sys=0.00, real=0.00 secs] 
2228.186: [GC (Allocation Failure) [PSYoungGen: 50818K->9648K(62976K)] 275941K->234779K(722944K), 0.0017191 secs] [Times: user=0.01 sys=0.00, real=0.00 secs] 
2228.379: [GC (Allocation Failure) [PSYoungGen: 62896K->17792K(103936K)] 288027K->242923K(763904K), 0.0021472 secs] [Times: user=0.01 sys=0.00, real=0.00 secs] 
2228.558: [GC (Allocation Failure) [PSYoungGen: 73600K->34208K(101376K)] 298731K->259347K(761344K), 0.0031634 secs] [Times: user=0.01 sys=0.00, real=0.00 secs] 
2229.010: [GC (Allocation Failure) [PSYoungGen: 90016K->34176K(108544K)] 315155K->259331K(768512K), 0.0038083 secs] [Times: user=0.02 sys=0.01, real=0.00 secs] 
2229.511: [GC (Allocation Failure) [PSYoungGen: 93056K->1376K(60416K)] 318211K->226539K(720384K), 0.0017492 secs] [Times: user=0.01 sys=0.00, real=0.00 secs] 
2230.682: [GC (Allocation Failure) [PSYoungGen: 60256K->5536K(108032K)] 285419K->230699K(768000K), 0.0019511 secs] [Times: user=0.00 sys=0.00, real=0.00 secs] 
2231.113: [GC (Allocation Failure) [PSYoungGen: 64416K->17792K(76800K)] 289579K->242955K(736768K), 0.0029903 secs] [Times: user=0.01 sys=0.00, real=0.01 secs] 
2231.507: [GC (Allocation Failure) [PSYoungGen: 76672K->34176K(103424K)] 301835K->259339K(763392K), 0.0058347 secs] [Times: user=0.03 sys=0.00, real=0.00 secs] 
2231.968: [GC (Allocation Failure) [PSYoungGen: 89472K->34208K(107008K)] 314635K->259371K(766976K), 0.0052770 secs] [Times: user=0.03 sys=0.00, real=0.00 secs] 
2232.426: [GC (Allocation Failure) [PSYoungGen: 89504K->1408K(108544K)] 314667K->226571K(768512K), 0.0031975 secs] [Times: user=0.01 sys=0.00, real=0.00 secs] 
2233.967: [GC (Allocation Failure) [PSYoungGen: 56704K->1472K(56832K)] 281867K->226635K(716800K), 0.0016208 secs] [Times: user=0.00 sys=0.00, real=0.00 secs] 
2234.212: [GC (Allocation Failure) [PSYoungGen: 56768K->9536K(103424K)] 281931K->234707K(763392K), 0.0017004 secs] [Times: user=0.00 sys=0.00, real=0.00 secs] 
2234.449: [GC (Allocation Failure) [PSYoungGen: 64832K->17792K(73216K)] 290003K->242963K(733184K), 0.0023357 secs] [Times: user=0.01 sys=0.00, real=0.00 secs] 
2234.635: [GC (Allocation Failure) [PSYoungGen: 73088K->34208K(99840K)] 298259K->259387K(759808K), 0.0032419 secs] [Times: user=0.02 sys=0.00, real=0.00 secs] 
2234.851: [GC (Allocation Failure) [PSYoungGen: 85920K->34208K(103424K)] 311099K->259387K(763392K), 0.0031619 secs] [Times: user=0.01 sys=0.00, real=0.00 secs] 
2235.067: [GC (Allocation Failure) [PSYoungGen: 85920K->1376K(110080K)] 311099K->226563K(770048K), 0.0017173 secs] [Times: user=0.01 sys=0.00, real=0.00 secs] 
2236.453: [GC (Allocation Failure) [PSYoungGen: 58720K->3488K(60928K)] 283907K->228683K(720896K), 0.0021155 secs] [Times: user=0.01 sys=0.01, real=0.01 secs] 
2236.998: [GC (Allocation Failure) [PSYoungGen: 53188K->9584K(104960K)] 278383K->234779K(764928K), 0.0026406 secs] [Times: user=0.01 sys=0.00, real=0.00 secs] 
2237.617: [GC (Allocation Failure) [PSYoungGen: 66928K->17760K(75264K)] 292123K->242955K(735232K), 0.0036809 secs] [Times: user=0.01 sys=0.00, real=0.00 secs] 
2238.093: [GC (Allocation Failure) [PSYoungGen: 75104K->34208K(101376K)] 300299K->259411K(761344K), 0.0053462 secs] [Times: user=0.02 sys=0.00, real=0.01 secs] 
2238.807: [GC (Allocation Failure) [PSYoungGen: 87968K->34208K(104960K)] 313171K->259427K(764928K), 0.0056994 secs] [Times: user=0.02 sys=0.00, real=0.00 secs] 
2239.575: [GC (Allocation Failure) [PSYoungGen: 87968K->1408K(107008K)] 313187K->226635K(766976K), 0.0041232 secs] [Times: user=0.02 sys=0.00, real=0.00 secs] 
2241.000: [GC (Allocation Failure) [PSYoungGen: 55168K->5536K(59392K)] 280395K->230771K(719360K), 0.0018352 secs] [Times: user=0.01 sys=0.00, real=0.00 secs] 
2241.340: [GC (Allocation Failure) [PSYoungGen: 59296K->17824K(99840K)] 284531K->243059K(759808K), 0.0023625 secs] [Times: user=0.01 sys=0.00, real=0.00 secs] 
2241.717: [GC (Allocation Failure) [PSYoungGen: 65086K->17808K(71680K)] 290321K->243051K(731648K), 0.0025709 secs] [Times: user=0.01 sys=0.00, real=0.00 secs] 
2242.038: [GC (Allocation Failure) [PSYoungGen: 71568K->34144K(96768K)] 296811K->259387K(756736K), 0.0038562 secs] [Times: user=0.02 sys=0.00, real=0.00 secs] 
2242.400: [GC (Allocation Failure) [PSYoungGen: 84320K->34240K(100352K)] 309563K->259491K(760320K), 0.0038264 secs] [Times: user=0.02 sys=0.00, real=0.00 secs] 
2242.833: [GC (Allocation Failure) [PSYoungGen: 84416K->1408K(102912K)] 309667K->226667K(762880K), 0.0026724 secs] [Times: user=0.01 sys=0.00, real=0.01 secs] 
2243.864: [GC (Allocation Failure) [PSYoungGen: 51584K->3520K(53760K)] 276843K->228787K(713728K), 0.0018328 secs] [Times: user=0.01 sys=0.00, real=0.01 secs] 
2244.076: [GC (Allocation Failure) [PSYoungGen: 50730K->9648K(96768K)] 275998K->234915K(756736K), 0.0018879 secs] [Times: user=0.01 sys=0.00, real=0.00 secs] 
2244.336: [GC (Allocation Failure) [PSYoungGen: 59824K->17792K(68096K)] 285091K->243067K(728064K), 0.0026675 secs] [Times: user=0.01 sys=0.00, real=0.00 secs] 
2244.608: [GC (Allocation Failure) [PSYoungGen: 67968K->34208K(93184K)] 293243K->259499K(753152K), 0.0046659 secs] [Times: user=0.02 sys=0.00, real=0.00 secs] 
2244.967: [GC (Allocation Failure) [PSYoungGen: 80800K->34208K(96768K)] 306091K->259507K(756736K), 0.0046272 secs] [Times: user=0.03 sys=0.00, real=0.00 secs] 
2245.364: [GC (Allocation Failure) [PSYoungGen: 80800K->1376K(93696K)] 306099K->226683K(753664K), 0.0022963 secs] [Times: user=0.01 sys=0.00, real=0.01 secs] 
2245.715: [GC (Allocation Failure) [PSYoungGen: 47968K->1424K(48128K)] 273275K->226739K(708096K), 0.0020495 secs] [Times: user=0.00 sys=0.00, real=0.00 secs] 
2246.990: [GC (Allocation Failure) [PSYoungGen: 44815K->5536K(94720K)] 270130K->230851K(754688K), 0.0020564 secs] [Times: user=0.01 sys=0.00, real=0.00 secs] 
2247.313: [GC (Allocation Failure) [PSYoungGen: 52128K->17760K(64512K)] 277443K->243083K(724480K), 0.0028923 secs] [Times: user=0.01 sys=0.00, real=0.01 secs] 
2247.851: [GC (Allocation Failure) [PSYoungGen: 64352K->17792K(89600K)] 289675K->243123K(749568K), 0.0041501 secs] [Times: user=0.02 sys=0.00, real=0.01 secs] 
2248.200: [GC (Allocation Failure) [PSYoungGen: 64384K->34176K(92160K)] 289715K->259515K(752128K), 0.0057693 secs] [Times: user=0.03 sys=0.00, real=0.01 secs] 
2248.777: [GC (Allocation Failure) [PSYoungGen: 80768K->34176K(93184K)] 306107K->259515K(753152K), 0.0054344 secs] [Times: user=0.03 sys=0.00, real=0.00 secs] 
2249.237: [GC (Allocation Failure) [PSYoungGen: 77696K->1376K(45056K)] 303035K->226723K(705024K), 0.0029891 secs] [Times: user=0.01 sys=0.00, real=0.00 secs] 
2249.588: [GC (Allocation Failure) [PSYoungGen: 44896K->1408K(94720K)] 270243K->226755K(754688K), 0.0036832 secs] [Times: user=0.02 sys=0.00, real=0.00 secs] 
2250.594: [GC (Allocation Failure) [PSYoungGen: 42836K->5536K(49152K)] 268183K->230891K(709120K), 0.0023894 secs] [Times: user=0.00 sys=0.00, real=0.01 secs] 
2250.767: [GC (Allocation Failure) [PSYoungGen: 49056K->17824K(88064K)] 274411K->243179K(748032K), 0.0030247 secs] [Times: user=0.01 sys=0.00, real=0.00 secs] 
2251.088: [GC (Allocation Failure) [PSYoungGen: 61344K->17792K(61440K)] 286699K->243163K(721408K), 0.0027268 secs] [Times: user=0.01 sys=0.00, real=0.00 secs] 
2251.260: [GC (Allocation Failure) [PSYoungGen: 61312K->34176K(84480K)] 286683K->259555K(744448K), 0.0035771 secs] [Times: user=0.02 sys=0.00, real=0.00 secs] 
2251.634: [GC (Allocation Failure) [PSYoungGen: 73600K->34208K(88576K)] 298979K->259595K(748544K), 0.0043542 secs] [Times: user=0.02 sys=0.00, real=0.01 secs] 
2252.021: [GC (Allocation Failure) [PSYoungGen: 73632K->34176K(93696K)] 299019K->259571K(753664K), 0.0050954 secs] [Times: user=0.02 sys=0.00, real=0.01 secs] 
2252.454: [GC (Allocation Failure) [PSYoungGen: 75648K->1408K(96256K)] 301043K->226819K(756224K), 0.0025025 secs] [Times: user=0.01 sys=0.00, real=0.01 secs] 
2253.512: [GC (Allocation Failure) [PSYoungGen: 42880K->3456K(89088K)] 268291K->228867K(749056K), 0.0016986 secs] [Times: user=0.01 sys=0.00, real=0.00 secs] 
2253.659: [GC (Allocation Failure) [PSYoungGen: 44928K->9600K(51200K)] 270339K->235011K(711168K), 0.0016545 secs] [Times: user=0.01 sys=0.00, real=0.00 secs] 
2253.797: [GC (Allocation Failure) [PSYoungGen: 51072K->17824K(94208K)] 276483K->243235K(754176K), 0.0020482 secs] [Times: user=0.01 sys=0.00, real=0.00 secs] 
2253.932: [GC (Allocation Failure) [PSYoungGen: 50775K->17824K(92672K)] 276187K->243243K(752640K), 0.0020338 secs] [Times: user=0.01 sys=0.00, real=0.00 secs] 
2254.050: [GC (Allocation Failure) [PSYoungGen: 62368K->34144K(91648K)] 287787K->259571K(751616K), 0.0027578 secs] [Times: user=0.02 sys=0.00, real=0.00 secs] 
2254.242: [GC (Allocation Failure) [PSYoungGen: 80224K->34208K(95232K)] 305651K->259651K(755200K), 0.0027236 secs] [Times: user=0.02 sys=0.00, real=0.01 secs] 
2254.435: [GC (Allocation Failure) [PSYoungGen: 80288K->1376K(103936K)] 305731K->226827K(763904K), 0.0014691 secs] [Times: user=0.00 sys=0.00, real=0.00 secs] 
2255.303: [GC (Allocation Failure) [PSYoungGen: 52981K->224K(52224K)] 278432K->225683K(712192K), 0.0011960 secs] [Times: user=0.01 sys=0.00, real=0.01 secs] 
2255.511: [GC (Allocation Failure) [PSYoungGen: 51936K->9632K(98304K)] 277395K->235091K(758272K), 0.0019580 secs] [Times: user=0.01 sys=0.00, real=0.00 secs] 
2255.691: [GC (Allocation Failure) [PSYoungGen: 61344K->17792K(100864K)] 286803K->243259K(760832K), 0.0020946 secs] [Times: user=0.01 sys=0.00, real=0.00 secs] 
2255.838: [GC (Allocation Failure) [PSYoungGen: 69504K->34176K(99840K)] 294971K->259659K(759808K), 0.0037962 secs] [Times: user=0.02 sys=0.00, real=0.00 secs] 
2256.060: [GC (Allocation Failure) [PSYoungGen: 87424K->34144K(103936K)] 312907K->259635K(763904K), 0.0030097 secs] [Times: user=0.02 sys=0.00, real=0.00 secs] 
2256.282: [GC (Allocation Failure) [PSYoungGen: 87392K->1408K(111104K)] 312883K->226907K(771072K), 0.0014225 secs] [Times: user=0.01 sys=0.00, real=0.00 secs] 
2257.310: [GC (Allocation Failure) [PSYoungGen: 60800K->2448K(61952K)] 286299K->227955K(721920K), 0.0017301 secs] [Times: user=0.01 sys=0.00, real=0.00 secs] 
2257.519: [GC (Allocation Failure) [PSYoungGen: 59444K->9648K(106496K)] 284952K->235163K(766464K), 0.0018130 secs] [Times: user=0.00 sys=0.00, real=0.00 secs] 
2257.732: [GC (Allocation Failure) [PSYoungGen: 69040K->17824K(77312K)] 294555K->243347K(737280K), 0.0020193 secs] [Times: user=0.01 sys=0.00, real=0.00 secs] 
2257.910: [GC (Allocation Failure) [PSYoungGen: 77216K->34144K(102912K)] 302739K->259675K(762880K), 0.0029996 secs] [Times: user=0.01 sys=0.00, real=0.00 secs] 
2258.144: [GC (Allocation Failure) [PSYoungGen: 89952K->34176K(106496K)] 315483K->259715K(766464K), 0.0032373 secs] [Times: user=0.02 sys=0.00, real=0.01 secs] 
2258.621: [GC (Allocation Failure) [PSYoungGen: 89984K->1408K(102400K)] 315523K->226955K(762368K), 0.0018890 secs] [Times: user=0.01 sys=0.00, real=0.00 secs] 
2259.908: [GC (Allocation Failure) [PSYoungGen: 55029K->5504K(61440K)] 280576K->231167K(721408K), 0.0018405 secs] [Times: user=0.00 sys=0.00, real=0.00 secs] 
2260.257: [GC (Allocation Failure) [PSYoungGen: 61312K->17824K(101376K)] 286975K->243487K(761344K), 0.0021600 secs] [Times: user=0.01 sys=0.00, real=0.00 secs] 
2260.461: [GC (Allocation Failure) [PSYoungGen: 73632K->34208K(104448K)] 299295K->259871K(764416K), 0.0031680 secs] [Times: user=0.01 sys=0.00, real=0.00 secs] 
2260.694: [GC (Allocation Failure) [PSYoungGen: 90016K->34208K(105472K)] 315679K->259879K(765440K), 0.0033537 secs] [Times: user=0.01 sys=0.00, real=0.01 secs] 
2260.967: [GC (Allocation Failure) [PSYoungGen: 87456K->1376K(54784K)] 313127K->227055K(714752K), 0.0017776 secs] [Times: user=0.01 sys=0.00, real=0.00 secs] 
2261.188: [GC (Allocation Failure) [PSYoungGen: 54624K->1376K(106496K)] 280303K->227063K(766464K), 0.0019460 secs] [Times: user=0.01 sys=0.00, real=0.00 secs] 
2262.806: [GC (Allocation Failure) [PSYoungGen: 54624K->9600K(62976K)] 280311K->235287K(722944K), 0.0029534 secs] [Times: user=0.01 sys=0.00, real=0.00 secs] 
2263.441: [GC (Allocation Failure) [PSYoungGen: 62848K->17792K(98304K)] 288535K->243479K(758272K), 0.0032084 secs] [Times: user=0.01 sys=0.01, real=0.01 secs] 
2264.366: [GC (Allocation Failure) [PSYoungGen: 71040K->34208K(101376K)] 296727K->259895K(761344K), 0.0074658 secs] [Times: user=0.04 sys=0.00, real=0.00 secs] 
2264.594: [GC (Allocation Failure) [PSYoungGen: 87456K->34144K(101888K)] 313143K->259831K(761856K), 0.0034890 secs] [Times: user=0.01 sys=0.00, real=0.01 secs] 
2264.978: [GC (Allocation Failure) [PSYoungGen: 84320K->1408K(51712K)] 310007K->227103K(711680K), 0.0018390 secs] [Times: user=0.00 sys=0.00, real=0.00 secs] 
2265.543: [GC (Allocation Failure) [PSYoungGen: 51584K->1408K(102400K)] 277279K->227103K(762368K), 0.0018730 secs] [Times: user=0.00 sys=0.00, real=0.01 secs] 
2266.696: [GC (Allocation Failure) [PSYoungGen: 51584K->9632K(59904K)] 277279K->235327K(719872K), 0.0019410 secs] [Times: user=0.01 sys=0.00, real=0.00 secs] 
2267.069: [GC (Allocation Failure) [PSYoungGen: 59808K->17824K(95744K)] 285503K->243519K(755712K), 0.0026436 secs] [Times: user=0.01 sys=0.00, real=0.00 secs] 
2267.247: [GC (Allocation Failure) [PSYoungGen: 52928K->17808K(68096K)] 278624K->243503K(728064K), 0.0035918 secs] [Times: user=0.02 sys=0.00, real=0.00 secs] 
2267.384: [GC (Allocation Failure) [PSYoungGen: 67984K->34208K(91648K)] 293679K->259919K(751616K), 0.0043928 secs] [Times: user=0.02 sys=0.00, real=0.01 secs] 
2267.583: [GC (Allocation Failure) [PSYoungGen: 80288K->34144K(95744K)] 305999K->259863K(755712K), 0.0039253 secs] [Times: user=0.02 sys=0.00, real=0.01 secs] 
2267.772: [GC (Allocation Failure) [PSYoungGen: 80224K->1376K(103424K)] 305943K->227103K(763392K), 0.0018522 secs] [Times: user=0.01 sys=0.00, real=0.00 secs] 
2269.351: [GC (Allocation Failure) [PSYoungGen: 53088K->1952K(103936K)] 278815K->227687K(763904K), 0.0034265 secs] [Times: user=0.01 sys=0.00, real=0.01 secs] 
2271.389: [GC (Allocation Failure) [PSYoungGen: 53664K->9632K(92672K)] 279399K->235375K(752640K), 0.0045286 secs] [Times: user=0.02 sys=0.00, real=0.00 secs] 
2271.707: [GC (Allocation Failure) [PSYoungGen: 61344K->17792K(69632K)] 287087K->243535K(729600K), 0.0032396 secs] [Times: user=0.02 sys=0.00, real=0.00 secs] 
2271.875: [GC (Allocation Failure) [PSYoungGen: 69504K->34208K(94720K)] 295247K->259951K(754688K), 0.0039829 secs] [Times: user=0.02 sys=0.00, real=0.00 secs] 
2272.147: [GC (Allocation Failure) [PSYoungGen: 82336K->34208K(98304K)] 308079K->259959K(758272K), 0.0041396 secs] [Times: user=0.02 sys=0.00, real=0.00 secs] 
2272.507: [GC (Allocation Failure) [PSYoungGen: 82336K->1376K(105984K)] 308087K->227143K(765952K), 0.0020023 secs] [Times: user=0.01 sys=0.00, real=0.00 secs] 
2272.904: [GC (Allocation Failure) [PSYoungGen: 55136K->1408K(55296K)] 280903K->227183K(715264K), 0.0017296 secs] [Times: user=0.00 sys=0.00, real=0.01 secs] 
2274.108: [GC (Allocation Failure) [PSYoungGen: 55168K->9664K(100864K)] 280943K->235439K(760832K), 0.0023927 secs] [Times: user=0.01 sys=0.00, real=0.00 secs] 
2274.536: [GC (Allocation Failure) [PSYoungGen: 63424K->17824K(71680K)] 289199K->243599K(731648K), 0.0027838 secs] [Times: user=0.01 sys=0.00, real=0.00 secs] 
2274.956: [GC (Allocation Failure) [PSYoungGen: 71584K->34208K(97280K)] 297359K->259983K(757248K), 0.0042042 secs] [Times: user=0.02 sys=0.00, real=0.00 secs] 
2275.335: [GC (Allocation Failure) [PSYoungGen: 84384K->34176K(100864K)] 310159K->259951K(760832K), 0.0071304 secs] [Times: user=0.03 sys=0.00, real=0.00 secs] 
2275.713: [GC (Allocation Failure) [PSYoungGen: 84352K->1408K(97280K)] 310127K->227191K(757248K), 0.0025367 secs] [Times: user=0.01 sys=0.00, real=0.01 secs] 
2276.138: [GC (Allocation Failure) [PSYoungGen: 51584K->1408K(51712K)] 277367K->227207K(711680K), 0.0024930 secs] [Times: user=0.01 sys=0.00, real=0.00 secs] 
2277.112: [GC (Allocation Failure) [PSYoungGen: 51584K->9664K(97280K)] 277383K->235463K(757248K), 0.0019677 secs] [Times: user=0.01 sys=0.00, real=0.00 secs] 
2277.287: [GC (Allocation Failure) [PSYoungGen: 59840K->17824K(68096K)] 285639K->243623K(728064K), 0.0022336 secs] [Times: user=0.01 sys=0.00, real=0.00 secs] 
2277.430: [GC (Allocation Failure) [PSYoungGen: 68000K->34208K(94208K)] 293799K->260007K(754176K), 0.0033368 secs] [Times: user=0.02 sys=0.00, real=0.00 secs] 
2277.624: [GC (Allocation Failure) [PSYoungGen: 80800K->34176K(97792K)] 306599K->259983K(757760K), 0.0032316 secs] [Times: user=0.01 sys=0.00, real=0.01 secs] 
2277.819: [GC (Allocation Failure) [PSYoungGen: 80768K->34176K(104448K)] 306575K->259991K(764416K), 0.0031749 secs] [Times: user=0.02 sys=0.01, real=0.00 secs] 
2278.028: [GC (Allocation Failure) [PSYoungGen: 84352K->1376K(106496K)] 310167K->227199K(766464K), 0.0017550 secs] [Times: user=0.01 sys=0.00, real=0.00 secs] 
2279.478: [GC (Allocation Failure) [PSYoungGen: 51552K->5536K(107008K)] 277375K->231367K(766976K), 0.0039395 secs] [Times: user=0.01 sys=0.00, real=0.00 secs] 
2279.933: [GC (Allocation Failure) [PSYoungGen: 60832K->17824K(109568K)] 286663K->243663K(769536K), 0.0047994 secs] [Times: user=0.02 sys=0.00, real=0.01 secs] 
2280.447: [GC (Allocation Failure) [PSYoungGen: 64255K->17792K(93184K)] 290095K->243631K(753152K), 0.0038919 secs] [Times: user=0.02 sys=0.00, real=0.00 secs] 
2281.027: [GC (Allocation Failure) [PSYoungGen: 73088K->34208K(102912K)] 298927K->260055K(762880K), 0.0072110 secs] [Times: user=0.04 sys=0.00, real=0.01 secs] 
2281.816: [GC (Allocation Failure) [PSYoungGen: 89504K->34176K(110592K)] 315351K->260039K(770560K), 0.0089839 secs] [Times: user=0.04 sys=0.00, real=0.01 secs] 
2282.414: [GC (Allocation Failure) [PSYoungGen: 93568K->1392K(112640K)] 319431K->227271K(772608K), 0.0030535 secs] [Times: user=0.01 sys=0.00, real=0.01 secs] 
2284.152: [GC (Allocation Failure) [PSYoungGen: 60784K->9600K(109568K)] 286663K->235479K(769536K), 0.0035607 secs] [Times: user=0.02 sys=0.00, real=0.01 secs] 
2284.695: [GC (Allocation Failure) [PSYoungGen: 68992K->17824K(77312K)] 294871K->243703K(737280K), 0.0036519 secs] [Times: user=0.01 sys=0.00, real=0.00 secs] 
2285.160: [GC (Allocation Failure) [PSYoungGen: 77216K->34208K(104448K)] 303095K->260087K(764416K), 0.0050548 secs] [Times: user=0.02 sys=0.00, real=0.01 secs] 
2285.728: [GC (Allocation Failure) [PSYoungGen: 90528K->34176K(107520K)] 316407K->260055K(767488K), 0.0044082 secs] [Times: user=0.02 sys=0.00, real=0.00 secs] 
2286.337: [GC (Allocation Failure) [PSYoungGen: 90496K->1344K(110080K)] 316375K->227231K(770048K), 0.0018978 secs] [Times: user=0.00 sys=0.00, real=0.00 secs] 
2287.994: [GC (Allocation Failure) [PSYoungGen: 57664K->3504K(59904K)] 283551K->229399K(719872K), 0.0018553 secs] [Times: user=0.01 sys=0.00, real=0.01 secs] 
2288.182: [GC (Allocation Failure) [PSYoungGen: 52421K->9584K(104960K)] 278317K->235479K(764928K), 0.0019835 secs] [Times: user=0.01 sys=0.00, real=0.00 secs] 
2288.457: [GC (Allocation Failure) [PSYoungGen: 65904K->17760K(74240K)] 291799K->243655K(734208K), 0.0041963 secs] [Times: user=0.02 sys=0.00, real=0.00 secs] 
2288.933: [GC (Allocation Failure) [PSYoungGen: 74080K->34176K(100352K)] 299975K->260079K(760320K), 0.0038858 secs] [Times: user=0.02 sys=0.00, real=0.01 secs] 
2289.908: [GC (Allocation Failure) [PSYoungGen: 86781K->2448K(55296K)] 312685K->228359K(715264K), 0.0015630 secs] [Times: user=0.01 sys=0.00, real=0.00 secs] 
2290.458: [GC (Allocation Failure) [PSYoungGen: 55184K->9600K(99328K)] 281095K->235519K(759296K), 0.0031112 secs] [Times: user=0.01 sys=0.00, real=0.00 secs] 
2290.886: [GC (Allocation Failure) [PSYoungGen: 62336K->17792K(101376K)] 288255K->243711K(761344K), 0.0092673 secs] [Times: user=0.04 sys=0.00, real=0.01 secs] 
2291.135: [GC (Allocation Failure) [PSYoungGen: 70528K->34176K(100864K)] 296447K->260103K(760832K), 0.0042564 secs] [Times: user=0.02 sys=0.00, real=0.00 secs] 
2291.355: [GC (Allocation Failure) [PSYoungGen: 88960K->34192K(104448K)] 314887K->260127K(764416K), 0.0036689 secs] [Times: user=0.02 sys=0.00, real=0.00 secs] 
2291.586: [GC (Allocation Failure) [PSYoungGen: 88976K->1376K(112640K)] 314911K->227327K(772608K), 0.0019696 secs] [Times: user=0.00 sys=0.00, real=0.00 secs] 
2292.696: [GC (Allocation Failure) [PSYoungGen: 62304K->5552K(66560K)] 288255K->231511K(726528K), 0.0018653 secs] [Times: user=0.01 sys=0.00, real=0.00 secs] 
2293.195: [GC (Allocation Failure) [PSYoungGen: 66480K->17760K(106496K)] 292439K->243743K(766464K), 0.0023440 secs] [Times: user=0.01 sys=0.00, real=0.00 secs] 
2293.603: [GC (Allocation Failure) [PSYoungGen: 78688K->34176K(109056K)] 304671K->260159K(769024K), 0.0051927 secs] [Times: user=0.02 sys=0.00, real=0.01 secs] 
2293.966: [GC (Allocation Failure) [PSYoungGen: 95104K->34112K(109568K)] 321087K->260103K(769536K), 0.0035355 secs] [Times: user=0.01 sys=0.00, real=0.00 secs] 
2294.211: [GC (Allocation Failure) [PSYoungGen: 92480K->1392K(112128K)] 318471K->227391K(772096K), 0.0016478 secs] [Times: user=0.01 sys=0.00, real=0.00 secs] 
2295.908: [GC (Allocation Failure) [PSYoungGen: 59524K->2480K(110080K)] 285523K->228479K(770048K), 0.0036126 secs] [Times: user=0.01 sys=0.01, real=0.00 secs] 
2296.731: [GC (Allocation Failure) [PSYoungGen: 58341K->9616K(68096K)] 284341K->235615K(728064K), 0.0031183 secs] [Times: user=0.01 sys=0.00, real=0.00 secs] 
2297.200: [GC (Allocation Failure) [PSYoungGen: 67984K->17824K(103424K)] 293983K->243831K(763392K), 0.0041617 secs] [Times: user=0.02 sys=0.00, real=0.00 secs] 
2297.456: [GC (Allocation Failure) [PSYoungGen: 76192K->34208K(105984K)] 302199K->260223K(765952K), 0.0043392 secs] [Times: user=0.02 sys=0.00, real=0.00 secs] 
2297.693: [GC (Allocation Failure) [PSYoungGen: 92576K->34208K(107008K)] 318591K->260231K(766976K), 0.0039802 secs] [Times: user=0.02 sys=0.00, real=0.01 secs] 
2297.933: [GC (Allocation Failure) [PSYoungGen: 90016K->1408K(109568K)] 316039K->227439K(769536K), 0.0018430 secs] [Times: user=0.00 sys=0.00, real=0.01 secs] 
2298.827: [GC (Allocation Failure) [PSYoungGen: 53677K->5520K(100352K)] 279708K->231559K(760320K), 0.0019870 secs] [Times: user=0.01 sys=0.00, real=0.00 secs] 
2299.008: [GC (Allocation Failure) [PSYoungGen: 61328K->17824K(73728K)] 287367K->243863K(733696K), 0.0023813 secs] [Times: user=0.01 sys=0.00, real=0.00 secs] 
2299.173: [GC (Allocation Failure) [PSYoungGen: 73632K->34176K(101888K)] 299671K->260215K(761856K), 0.0032743 secs] [Times: user=0.01 sys=0.00, real=0.01 secs] 
2299.393: [GC (Allocation Failure) [PSYoungGen: 86912K->34176K(104960K)] 312951K->260223K(764928K), 0.0041504 secs] [Times: user=0.02 sys=0.00, real=0.01 secs] 
2299.615: [GC (Allocation Failure) [PSYoungGen: 86912K->34176K(112128K)] 312959K->260231K(772096K), 0.0043122 secs] [Times: user=0.02 sys=0.00, real=0.00 secs] 
2299.857: [GC (Allocation Failure) [PSYoungGen: 91520K->1376K(114176K)] 317575K->227439K(774144K), 0.0021245 secs] [Times: user=0.01 sys=0.00, real=0.00 secs] 
2301.530: [GC (Allocation Failure) [PSYoungGen: 58720K->9600K(114688K)] 284783K->235687K(774656K), 0.0045751 secs] [Times: user=0.01 sys=0.00, real=0.01 secs] 
2301.816: [GC (Allocation Failure) [PSYoungGen: 73088K->17824K(117760K)] 299175K->243919K(777728K), 0.0031873 secs] [Times: user=0.01 sys=0.00, real=0.00 secs] 
2302.022: [GC (Allocation Failure) [PSYoungGen: 81312K->34208K(118784K)] 307407K->260311K(778752K), 0.0076191 secs] [Times: user=0.03 sys=0.01, real=0.01 secs] 
2302.607: [GC (Allocation Failure) [PSYoungGen: 101792K->34208K(121344K)] 327895K->260319K(781312K), 0.0036208 secs] [Times: user=0.01 sys=0.00, real=0.00 secs] 
2303.632: [GC (Allocation Failure) [PSYoungGen: 101792K->1376K(130560K)] 327903K->227503K(790528K), 0.0015898 secs] [Times: user=0.01 sys=0.00, real=0.00 secs] 
2304.440: [GC (Allocation Failure) [PSYoungGen: 76640K->17888K(131072K)] 302767K->244023K(791040K), 0.0053750 secs] [Times: user=0.02 sys=0.00, real=0.01 secs] 
2305.095: [GC (Allocation Failure) [PSYoungGen: 93152K->34208K(133632K)] 319287K->260343K(793600K), 0.0111812 secs] [Times: user=0.05 sys=0.00, real=0.01 secs] 
2305.880: [GC (Allocation Failure) [PSYoungGen: 115616K->34176K(135680K)] 341751K->260327K(795648K), 0.0050387 secs] [Times: user=0.03 sys=0.00, real=0.01 secs] 
2306.587: [GC (Allocation Failure) [PSYoungGen: 115584K->304K(128000K)] 341735K->226463K(787968K), 0.0038607 secs] [Times: user=0.01 sys=0.00, real=0.00 secs] 
2308.843: [GC (Allocation Failure) [PSYoungGen: 81200K->17856K(98304K)] 307359K->244023K(758272K), 0.0056560 secs] [Times: user=0.02 sys=0.00, real=0.01 secs] 
2309.290: [GC (Allocation Failure) [PSYoungGen: 98240K->34208K(131584K)] 324407K->260375K(791552K), 0.0037701 secs] [Times: user=0.02 sys=0.00, real=0.00 secs] 
2309.806: [GC (Allocation Failure) [PSYoungGen: 112544K->34208K(133120K)] 338711K->260375K(793088K), 0.0035508 secs] [Times: user=0.02 sys=0.00, real=0.00 secs] 
2311.067: [GC (Allocation Failure) [PSYoungGen: 111916K->256K(133632K)] 338084K->226423K(793600K), 0.0013378 secs] [Times: user=0.00 sys=0.00, real=0.00 secs] 
2311.910: [GC (Allocation Failure) [PSYoungGen: 77568K->17824K(94720K)] 303735K->243991K(754688K), 0.0051316 secs] [Times: user=0.02 sys=0.01, real=0.01 secs] 
2312.377: [GC (Allocation Failure) [PSYoungGen: 94624K->34176K(128512K)] 320791K->260343K(788480K), 0.0048141 secs] [Times: user=0.02 sys=0.00, real=0.00 secs] 
2313.160: [GC (Allocation Failure) [PSYoungGen: 108928K->34208K(130048K)] 335095K->260375K(790016K), 0.0050884 secs] [Times: user=0.02 sys=0.00, real=0.01 secs] 
2313.951: [GC (Allocation Failure) [PSYoungGen: 108448K->1440K(130560K)] 334615K->227607K(790528K), 0.0026120 secs] [Times: user=0.01 sys=0.00, real=0.00 secs] 
2315.358: [GC (Allocation Failure) [PSYoungGen: 75168K->9696K(82944K)] 301335K->235863K(742912K), 0.0018599 secs] [Times: user=0.01 sys=0.00, real=0.00 secs] 
2315.819: [GC (Allocation Failure) [PSYoungGen: 74918K->17808K(121344K)] 301085K->243975K(781312K), 0.0040227 secs] [Times: user=0.02 sys=0.00, real=0.00 secs] 
2316.266: [GC (Allocation Failure) [PSYoungGen: 90512K->34224K(124416K)] 316679K->260399K(784384K), 0.0054887 secs] [Times: user=0.02 sys=0.00, real=0.00 secs] 
2316.892: [GC (Allocation Failure) [PSYoungGen: 106416K->1408K(125440K)] 332591K->227591K(785408K), 0.0024550 secs] [Times: user=0.01 sys=0.00, real=0.01 secs] 
2318.286: [GC (Allocation Failure) [PSYoungGen: 73088K->5552K(76800K)] 299271K->231743K(736768K), 0.0019804 secs] [Times: user=0.00 sys=0.00, real=0.00 secs] 
2318.578: [GC (Allocation Failure) [PSYoungGen: 76720K->17840K(116224K)] 302911K->244031K(776192K), 0.0031865 secs] [Times: user=0.01 sys=0.00, real=0.00 secs] 
2318.810: [GC (Allocation Failure) [PSYoungGen: 88496K->34224K(119808K)] 314687K->260431K(779776K), 0.0041195 secs] [Times: user=0.03 sys=0.00, real=0.01 secs] 
2319.266: [GC (Allocation Failure) [PSYoungGen: 104368K->34192K(120832K)] 330575K->260407K(780800K), 0.0056662 secs] [Times: user=0.03 sys=0.01, real=0.00 secs] 
2319.738: [GC (Allocation Failure) [PSYoungGen: 102288K->1424K(69120K)] 328503K->227647K(729088K), 0.0023377 secs] [Times: user=0.01 sys=0.00, real=0.00 secs] 
2320.800: [GC (Allocation Failure) [PSYoungGen: 69008K->9632K(117248K)] 295231K->235855K(777216K), 0.0018516 secs] [Times: user=0.01 sys=0.00, real=0.00 secs] 
2321.030: [GC (Allocation Failure) [PSYoungGen: 74129K->17808K(84992K)] 300352K->244071K(744960K), 0.0024400 secs] [Times: user=0.01 sys=0.00, real=0.00 secs] 
2321.242: [GC (Allocation Failure) [PSYoungGen: 84880K->34208K(113152K)] 311143K->260479K(773120K), 0.0029506 secs] [Times: user=0.02 sys=0.00, real=0.01 secs] 
2321.524: [GC (Allocation Failure) [PSYoungGen: 98208K->1376K(116224K)] 324479K->227655K(776192K), 0.0017081 secs] [Times: user=0.00 sys=0.00, real=0.01 secs] 
2322.453: [GC (Allocation Failure) [PSYoungGen: 65376K->2496K(114176K)] 291655K->228775K(774144K), 0.0017796 secs] [Times: user=0.01 sys=0.00, real=0.00 secs] 
2322.750: [GC (Allocation Failure) [PSYoungGen: 59462K->9600K(73728K)] 285742K->235887K(733696K), 0.0022128 secs] [Times: user=0.01 sys=0.01, real=0.00 secs] 
2322.977: [GC (Allocation Failure) [PSYoungGen: 72316K->17792K(108544K)] 298603K->244087K(768512K), 0.0024985 secs] [Times: user=0.01 sys=0.00, real=0.00 secs] 
2323.176: [GC (Allocation Failure) [PSYoungGen: 81792K->34176K(110592K)] 308087K->260479K(770560K), 0.0033053 secs] [Times: user=0.01 sys=0.00, real=0.00 secs] 
2323.444: [GC (Allocation Failure) [PSYoungGen: 98176K->1344K(113152K)] 324479K->227663K(773120K), 0.0017955 secs] [Times: user=0.01 sys=0.00, real=0.01 secs] 
2324.444: [GC (Allocation Failure) [PSYoungGen: 65344K->1648K(66048K)] 291663K->227975K(726016K), 0.0016838 secs] [Times: user=0.00 sys=0.00, real=0.01 secs] 
2324.658: [GC (Allocation Failure) [PSYoungGen: 61653K->9600K(107520K)] 287981K->235943K(767488K), 0.0017447 secs] [Times: user=0.00 sys=0.01, real=0.00 secs] 
2324.883: [GC (Allocation Failure) [PSYoungGen: 72317K->17824K(81920K)] 298661K->244175K(741888K), 0.0020279 secs] [Times: user=0.00 sys=0.00, real=0.01 secs] 
2325.082: [GC (Allocation Failure) [PSYoungGen: 81824K->34176K(104448K)] 308175K->260535K(764416K), 0.0029272 secs] [Times: user=0.02 sys=0.00, real=0.01 secs] 
2325.331: [GC (Allocation Failure) [PSYoungGen: 94080K->34208K(108544K)] 320439K->260567K(768512K), 0.0026665 secs] [Times: user=0.01 sys=0.00, real=0.00 secs] 
2325.580: [GC (Allocation Failure) [PSYoungGen: 94112K->1376K(111104K)] 320471K->227743K(771072K), 0.0014609 secs] [Times: user=0.01 sys=0.00, real=0.00 secs] 
2327.618: [GC (Allocation Failure) [PSYoungGen: 61280K->9664K(69632K)] 287647K->236039K(729600K), 0.0046724 secs] [Times: user=0.01 sys=0.00, real=0.00 secs] 
2328.315: [GC (Allocation Failure) [PSYoungGen: 69568K->17792K(103936K)] 295943K->244175K(763904K), 0.0049954 secs] [Times: user=0.02 sys=0.00, real=0.00 secs] 
2328.837: [GC (Allocation Failure) [PSYoungGen: 77696K->34208K(106496K)] 304079K->260599K(766464K), 0.0060670 secs] [Times: user=0.03 sys=0.00, real=0.00 secs] 
2329.336: [GC (Allocation Failure) [PSYoungGen: 94112K->34208K(107008K)] 320503K->260607K(766976K), 0.0052290 secs] [Times: user=0.02 sys=0.00, real=0.00 secs] 
2329.956: [GC (Allocation Failure) [PSYoungGen: 91040K->1376K(58368K)] 317439K->227775K(718336K), 0.0023743 secs] [Times: user=0.01 sys=0.00, real=0.00 secs] 
2331.301: [GC (Allocation Failure) [PSYoungGen: 56549K->5536K(107520K)] 282948K->231943K(767488K), 0.0020299 secs] [Times: user=0.01 sys=0.00, real=0.00 secs] 
2331.804: [GC (Allocation Failure) [PSYoungGen: 62368K->17824K(74752K)] 288775K->244239K(734720K), 0.0040359 secs] [Times: user=0.01 sys=0.00, real=0.01 secs] 
2332.188: [GC (Allocation Failure) [PSYoungGen: 74656K->34208K(102400K)] 301071K->260631K(762368K), 0.0058617 secs] [Times: user=0.03 sys=0.00, real=0.00 secs] 
2332.444: [GC (Allocation Failure) [PSYoungGen: 87968K->34176K(105472K)] 314391K->260607K(765440K), 0.0039038 secs] [Times: user=0.02 sys=0.00, real=0.01 secs] 
2332.680: [GC (Allocation Failure) [PSYoungGen: 87936K->1376K(102400K)] 314367K->227807K(762368K), 0.0017062 secs] [Times: user=0.01 sys=0.00, real=0.00 secs] 
2332.936: [GC (Allocation Failure) [PSYoungGen: 55136K->1376K(55296K)] 281567K->227815K(715264K), 0.0019000 secs] [Times: user=0.01 sys=0.00, real=0.00 secs] 
2333.862: [GC (Allocation Failure) [PSYoungGen: 55136K->9600K(101888K)] 281575K->236047K(761856K), 0.0032141 secs] [Times: user=0.01 sys=0.00, real=0.01 secs] 
2334.053: [GC (Allocation Failure) [PSYoungGen: 63360K->17792K(71680K)] 289807K->244247K(731648K), 0.0027214 secs] [Times: user=0.01 sys=0.00, real=0.01 secs] 
2334.257: [GC (Allocation Failure) [PSYoungGen: 71552K->34144K(98304K)] 298007K->260599K(758272K), 0.0033746 secs] [Times: user=0.02 sys=0.00, real=0.00 secs] 
2334.467: [GC (Allocation Failure) [PSYoungGen: 84320K->34176K(101888K)] 310775K->260639K(761856K), 0.0035855 secs] [Times: user=0.02 sys=0.00, real=0.00 secs] 
2334.677: [GC (Allocation Failure) [PSYoungGen: 84352K->1344K(108544K)] 310815K->227823K(768512K), 0.0016422 secs] [Times: user=0.01 sys=0.00, real=0.00 secs] 
2334.949: [GC (Allocation Failure) [PSYoungGen: 57152K->1408K(109568K)] 283631K->227895K(769536K), 0.0029659 secs] [Times: user=0.01 sys=0.00, real=0.00 secs] 
2335.970: [GC (Allocation Failure) [PSYoungGen: 57216K->9664K(97792K)] 283703K->236159K(757760K), 0.0020030 secs] [Times: user=0.01 sys=0.00, real=0.00 secs] 
2336.209: [GC (Allocation Failure) [PSYoungGen: 65472K->17760K(73728K)] 291967K->244255K(733696K), 0.0022098 secs] [Times: user=0.01 sys=0.00, real=0.00 secs] 
2336.435: [GC (Allocation Failure) [PSYoungGen: 73568K->34208K(100352K)] 300063K->260703K(760320K), 0.0031431 secs] [Times: user=0.02 sys=0.00, real=0.00 secs] 
2336.828: [GC (Allocation Failure) [PSYoungGen: 86432K->34208K(103936K)] 312927K->260711K(763904K), 0.0034207 secs] [Times: user=0.01 sys=0.00, real=0.00 secs] 
2337.215: [GC (Allocation Failure) [PSYoungGen: 86432K->1424K(105472K)] 312935K->227935K(765440K), 0.0023072 secs] [Times: user=0.01 sys=0.00, real=0.00 secs] 
2338.652: [GC (Allocation Failure) [PSYoungGen: 53648K->1952K(54272K)] 280159K->228463K(714240K), 0.0016592 secs] [Times: user=0.00 sys=0.00, real=0.00 secs] 
2338.858: [GC (Allocation Failure) [PSYoungGen: 54176K->9632K(99840K)] 280687K->236143K(759808K), 0.0026237 secs] [Times: user=0.01 sys=0.00, real=0.00 secs] 
2339.041: [GC (Allocation Failure) [PSYoungGen: 61856K->17760K(70144K)] 288367K->244279K(730112K), 0.0025845 secs] [Times: user=0.01 sys=0.00, real=0.00 secs] 
2339.190: [GC (Allocation Failure) [PSYoungGen: 69984K->34208K(95744K)] 296503K->260727K(755712K), 0.0035327 secs] [Times: user=0.01 sys=0.00, real=0.00 secs] 
2339.392: [GC (Allocation Failure) [PSYoungGen: 82336K->34208K(99840K)] 308855K->260735K(759808K), 0.0033554 secs] [Times: user=0.01 sys=0.00, real=0.01 secs] 
2339.594: [GC (Allocation Failure) [PSYoungGen: 82336K->1408K(107008K)] 308863K->227943K(766976K), 0.0017767 secs] [Times: user=0.01 sys=0.00, real=0.01 secs] 
2340.481: [GC (Allocation Failure) [PSYoungGen: 55152K->224K(54272K)] 281688K->226767K(714240K), 0.0012482 secs] [Times: user=0.01 sys=0.00, real=0.00 secs] 
2340.902: [GC (Allocation Failure) [PSYoungGen: 53984K->9600K(100864K)] 280527K->236151K(760832K), 0.0018596 secs] [Times: user=0.01 sys=0.00, real=0.00 secs] 
2341.092: [GC (Allocation Failure) [PSYoungGen: 63360K->17808K(71680K)] 289911K->244359K(731648K), 0.0021982 secs] [Times: user=0.01 sys=0.00, real=0.00 secs] 
2341.269: [GC (Allocation Failure) [PSYoungGen: 71568K->34208K(98304K)] 298119K->260759K(758272K), 0.0030552 secs] [Times: user=0.02 sys=0.00, real=0.00 secs] 
2341.614: [GC (Allocation Failure) [PSYoungGen: 84384K->34176K(101888K)] 310935K->260743K(761856K), 0.0034798 secs] [Times: user=0.02 sys=0.00, real=0.01 secs] 
2342.122: [GC (Allocation Failure) [PSYoungGen: 84352K->1440K(97280K)] 310919K->228007K(757248K), 0.0019182 secs] [Times: user=0.00 sys=0.00, real=0.00 secs] 
2342.579: [GC (Allocation Failure) [PSYoungGen: 51616K->1408K(51712K)] 278183K->227975K(711680K), 0.0020390 secs] [Times: user=0.00 sys=0.00, real=0.00 secs] 
2343.826: [GC (Allocation Failure) [PSYoungGen: 51584K->9632K(97792K)] 278151K->236199K(757760K), 0.0021685 secs] [Times: user=0.01 sys=0.00, real=0.00 secs] 
2344.217: [GC (Allocation Failure) [PSYoungGen: 59808K->17792K(68096K)] 286375K->244367K(728064K), 0.0024939 secs] [Times: user=0.01 sys=0.00, real=0.00 secs] 
2344.496: [GC (Allocation Failure) [PSYoungGen: 67968K->34208K(93696K)] 294543K->260783K(753664K), 0.0039696 secs] [Times: user=0.02 sys=0.00, real=0.00 secs] 
2344.690: [GC (Allocation Failure) [PSYoungGen: 80288K->34208K(97792K)] 306863K->260791K(757760K), 0.0037919 secs] [Times: user=0.02 sys=0.00, real=0.00 secs] 
2344.883: [GC (Allocation Failure) [PSYoungGen: 80288K->34208K(102912K)] 306871K->260799K(762880K), 0.0036895 secs] [Times: user=0.02 sys=0.00, real=0.01 secs] 
2345.087: [GC (Allocation Failure) [PSYoungGen: 82848K->1376K(105472K)] 309439K->227975K(765440K), 0.0017411 secs] [Times: user=0.01 sys=0.00, real=0.00 secs] 
2346.733: [GC (Allocation Failure) [PSYoungGen: 50016K->5536K(96256K)] 276615K->232143K(756224K), 0.0039035 secs] [Times: user=0.02 sys=0.00, real=0.01 secs] 
2347.741: [GC (Allocation Failure) [PSYoungGen: 47545K->9616K(58368K)] 274152K->236231K(718336K), 0.0029350 secs] [Times: user=0.01 sys=0.00, real=0.00 secs] 
2347.920: [GC (Allocation Failure) [PSYoungGen: 58256K->17824K(94720K)] 284871K->244439K(754688K), 0.0029427 secs] [Times: user=0.01 sys=0.00, real=0.00 secs] 
2348.064: [GC (Allocation Failure) [PSYoungGen: 66464K->34176K(97792K)] 293079K->260799K(757760K), 0.0044588 secs] [Times: user=0.02 sys=0.00, real=0.01 secs] 
2348.268: [GC (Allocation Failure) [PSYoungGen: 82816K->34208K(105472K)] 309439K->260839K(765440K), 0.0038019 secs] [Times: user=0.02 sys=0.00, real=0.00 secs] 
2348.647: [GC (Allocation Failure) [PSYoungGen: 86944K->1408K(107520K)] 313575K->228047K(767488K), 0.0020173 secs] [Times: user=0.01 sys=0.00, real=0.00 secs] 
2349.858: [GC (Allocation Failure) [PSYoungGen: 54144K->1472K(110592K)] 280783K->228119K(770560K), 0.0017085 secs] [Times: user=0.01 sys=0.00, real=0.00 secs] 
2350.273: [GC (Allocation Failure) [PSYoungGen: 59840K->9632K(68096K)] 286487K->236287K(728064K), 0.0022370 secs] [Times: user=0.01 sys=0.00, real=0.01 secs] 
2350.539: [GC (Allocation Failure) [PSYoungGen: 68000K->17824K(104448K)] 294655K->244479K(764416K), 0.0024612 secs] [Times: user=0.01 sys=0.00, real=0.00 secs] 
2350.829: [GC (Allocation Failure) [PSYoungGen: 76192K->34208K(107008K)] 302847K->260863K(766976K), 0.0035134 secs] [Times: user=0.02 sys=0.00, real=0.00 secs] 
2351.073: [GC (Allocation Failure) [PSYoungGen: 92576K->34208K(108032K)] 319231K->260863K(768000K), 0.0038575 secs] [Times: user=0.02 sys=0.00, real=0.01 secs] 
2351.306: [GC (Allocation Failure) [PSYoungGen: 90016K->1408K(110592K)] 316671K->228071K(770560K), 0.0016794 secs] [Times: user=0.00 sys=0.00, real=0.00 secs] 
2352.258: [GC (Allocation Failure) [PSYoungGen: 56811K->5520K(100864K)] 283474K->232215K(760832K), 0.0018601 secs] [Times: user=0.00 sys=0.00, real=0.00 secs] 
2352.439: [GC (Allocation Failure) [PSYoungGen: 61328K->17824K(73728K)] 288023K->244519K(733696K), 0.0022826 secs] [Times: user=0.01 sys=0.00, real=0.00 secs] 
2352.603: [GC (Allocation Failure) [PSYoungGen: 73632K->34176K(102400K)] 300327K->260879K(762368K), 0.0034069 secs] [Times: user=0.02 sys=0.00, real=0.01 secs] 
2352.856: [GC (Allocation Failure) [PSYoungGen: 86912K->34176K(105472K)] 313615K->260887K(765440K), 0.0035617 secs] [Times: user=0.02 sys=0.00, real=0.00 secs] 
2353.122: [GC (Allocation Failure) [PSYoungGen: 86912K->34176K(112640K)] 313623K->260895K(772608K), 0.0043091 secs] [Times: user=0.03 sys=0.00, real=0.01 secs] 
2353.362: [GC (Allocation Failure) [PSYoungGen: 91520K->1376K(114176K)] 318239K->228111K(774144K), 0.0016410 secs] [Times: user=0.00 sys=0.00, real=0.00 secs] 
2354.320: [GC (Allocation Failure) [PSYoungGen: 58720K->9664K(103424K)] 285455K->236407K(763392K), 0.0019644 secs] [Times: user=0.01 sys=0.00, real=0.00 secs] 
2354.525: [GC (Allocation Failure) [PSYoungGen: 67008K->17824K(75264K)] 293751K->244567K(735232K), 0.0022809 secs] [Times: user=0.01 sys=0.00, real=0.00 secs] 
2354.696: [GC (Allocation Failure) [PSYoungGen: 75168K->34144K(105984K)] 301911K->260895K(765952K), 0.0031450 secs] [Times: user=0.02 sys=0.00, real=0.00 secs] 
2355.043: [GC (Allocation Failure) [PSYoungGen: 88928K->34176K(108544K)] 315679K->260943K(768512K), 0.0060973 secs] [Times: user=0.03 sys=0.00, real=0.01 secs] 
2355.511: [GC (Allocation Failure) [PSYoungGen: 88960K->1408K(116224K)] 315727K->228183K(776192K), 0.0026777 secs] [Times: user=0.02 sys=0.00, real=0.00 secs] 
2356.659: [GC (Allocation Failure) [PSYoungGen: 62336K->5504K(66560K)] 289111K->232287K(726528K), 0.0020546 secs] [Times: user=0.01 sys=0.00, real=0.00 secs] 
2356.862: [GC (Allocation Failure) [PSYoungGen: 66432K->17824K(108032K)] 293215K->244607K(768000K), 0.0023128 secs] [Times: user=0.01 sys=0.00, real=0.00 secs] 
2357.047: [GC (Allocation Failure) [PSYoungGen: 78752K->34176K(111616K)] 305535K->260967K(771584K), 0.0033113 secs] [Times: user=0.02 sys=0.00, real=0.00 secs] 
2357.302: [GC (Allocation Failure) [PSYoungGen: 95104K->34176K(119296K)] 321895K->260975K(779264K), 0.0048387 secs] [Times: user=0.02 sys=0.00, real=0.01 secs] 
2357.576: [GC (Allocation Failure) [PSYoungGen: 99712K->1376K(121344K)] 326511K->228183K(781312K), 0.0016973 secs] [Times: user=0.01 sys=0.00, real=0.00 secs] 
2358.535: [GC (Allocation Failure) [PSYoungGen: 66912K->5536K(111616K)] 293719K->232463K(771584K), 0.0017754 secs] [Times: user=0.01 sys=0.00, real=0.00 secs] 
2358.776: [GC (Allocation Failure) [PSYoungGen: 71072K->17824K(83456K)] 297999K->244751K(743424K), 0.0022722 secs] [Times: user=0.01 sys=0.00, real=0.00 secs] 
2359.015: [GC (Allocation Failure) [PSYoungGen: 83360K->34208K(113664K)] 310287K->261143K(773632K), 0.0032323 secs] [Times: user=0.01 sys=0.00, real=0.00 secs] 
2359.490: [GC (Allocation Failure) [PSYoungGen: 97184K->34144K(116224K)] 324119K->261079K(776192K), 0.0032800 secs] [Times: user=0.02 sys=0.00, real=0.00 secs] 
2359.996: [GC (Allocation Failure) [PSYoungGen: 97120K->1376K(117760K)] 324055K->228319K(777728K), 0.0020709 secs] [Times: user=0.01 sys=0.00, real=0.00 secs] 
2361.661: [GC (Allocation Failure) [PSYoungGen: 64352K->5568K(68608K)] 291295K->232511K(728576K), 0.0027691 secs] [Times: user=0.01 sys=0.00, real=0.00 secs] 
2362.299: [GC (Allocation Failure) [PSYoungGen: 68544K->17792K(110080K)] 295487K->244735K(770048K), 0.0043155 secs] [Times: user=0.02 sys=0.00, real=0.00 secs] 
2362.502: [GC (Allocation Failure) [PSYoungGen: 80768K->34208K(113664K)] 307711K->261151K(773632K), 0.0034960 secs] [Times: user=0.02 sys=0.00, real=0.01 secs] 
2362.902: [GC (Allocation Failure) [PSYoungGen: 97184K->34176K(114176K)] 324127K->261127K(774144K), 0.0036135 secs] [Times: user=0.02 sys=0.00, real=0.01 secs] 
2363.478: [GC (Allocation Failure) [PSYoungGen: 95104K->1376K(116224K)] 322055K->228335K(776192K), 0.0021405 secs] [Times: user=0.01 sys=0.00, real=0.00 secs] 
2364.811: [GC (Allocation Failure) [PSYoungGen: 62304K->5568K(113152K)] 289263K->232527K(773120K), 0.0026694 secs] [Times: user=0.00 sys=0.00, real=0.00 secs] 
2365.458: [GC (Allocation Failure) [PSYoungGen: 66496K->17792K(78848K)] 293455K->244751K(738816K), 0.0049181 secs] [Times: user=0.02 sys=0.00, real=0.00 secs] 
2365.836: [GC (Allocation Failure) [PSYoungGen: 78720K->34176K(109056K)] 305679K->261135K(769024K), 0.0056765 secs] [Times: user=0.03 sys=0.00, real=0.00 secs] 
2366.272: [GC (Allocation Failure) [PSYoungGen: 92544K->34208K(111616K)] 319503K->261167K(771584K), 0.0042133 secs] [Times: user=0.02 sys=0.00, real=0.01 secs] 
2366.714: [GC (Allocation Failure) [PSYoungGen: 92576K->1408K(113664K)] 319535K->228367K(773632K), 0.0020726 secs] [Times: user=0.01 sys=0.00, real=0.01 secs] 
2367.975: [GC (Allocation Failure) [PSYoungGen: 59776K->1888K(60416K)] 286735K->228847K(720384K), 0.0018205 secs] [Times: user=0.00 sys=0.00, real=0.00 secs] 
2368.585: [GC (Allocation Failure) [PSYoungGen: 59225K->9600K(108032K)] 286184K->236559K(768000K), 0.0020186 secs] [Times: user=0.01 sys=0.00, real=0.00 secs] 
2369.056: [GC (Allocation Failure) [PSYoungGen: 67968K->17792K(76288K)] 294927K->244759K(736256K), 0.0025853 secs] [Times: user=0.01 sys=0.00, real=0.00 secs] 
2369.489: [GC (Allocation Failure) [PSYoungGen: 76160K->34208K(104448K)] 303127K->261175K(764416K), 0.0039223 secs] [Times: user=0.02 sys=0.00, real=0.00 secs] 
2369.923: [GC (Allocation Failure) [PSYoungGen: 89504K->34208K(107520K)] 316471K->261183K(767488K), 0.0042609 secs] [Times: user=0.02 sys=0.00, real=0.01 secs] 
2370.431: [GC (Allocation Failure) [PSYoungGen: 89504K->1408K(110080K)] 316479K->228391K(770048K), 0.0025403 secs] [Times: user=0.01 sys=0.00, real=0.00 secs] 
2371.567: [GC (Allocation Failure) [PSYoungGen: 56704K->5568K(60928K)] 283687K->232559K(720896K), 0.0019090 secs] [Times: user=0.00 sys=0.00, real=0.00 secs] 
2371.746: [GC (Allocation Failure) [PSYoungGen: 60864K->17824K(101376K)] 287855K->244823K(761344K), 0.0023192 secs] [Times: user=0.01 sys=0.00, real=0.00 secs] 
2371.909: [GC (Allocation Failure) [PSYoungGen: 73120K->34176K(104960K)] 300119K->261175K(764928K), 0.0030743 secs] [Times: user=0.01 sys=0.00, real=0.00 secs] 
2372.139: [GC (Allocation Failure) [PSYoungGen: 89472K->34176K(112128K)] 316471K->261183K(772096K), 0.0030138 secs] [Times: user=0.01 sys=0.00, real=0.00 secs] 
2372.384: [GC (Allocation Failure) [PSYoungGen: 93056K->1376K(114176K)] 320063K->228391K(774144K), 0.0017082 secs] [Times: user=0.01 sys=0.00, real=0.01 secs] 
2373.364: [GC (Allocation Failure) [PSYoungGen: 60256K->1504K(112128K)] 287271K->228527K(772096K), 0.0018719 secs] [Times: user=0.01 sys=0.00, real=0.01 secs] 
2374.345: [GC (Allocation Failure) [PSYoungGen: 60384K->9568K(68608K)] 287407K->236599K(728576K), 0.0035684 secs] [Times: user=0.02 sys=0.00, real=0.00 secs] 
2374.748: [GC (Allocation Failure) [PSYoungGen: 68448K->17824K(104448K)] 295479K->244871K(764416K), 0.0040095 secs] [Times: user=0.02 sys=0.00, real=0.00 secs] 
2375.205: [GC (Allocation Failure) [PSYoungGen: 76704K->34144K(107520K)] 303751K->261199K(767488K), 0.0079576 secs] [Times: user=0.04 sys=0.00, real=0.00 secs] 
2375.880: [GC (Allocation Failure) [PSYoungGen: 93024K->34208K(108544K)] 320079K->261263K(768512K), 0.0079556 secs] [Times: user=0.04 sys=0.00, real=0.01 secs] 
2376.531: [GC (Allocation Failure) [PSYoungGen: 90528K->1376K(57856K)] 317583K->228455K(717824K), 0.0039051 secs] [Times: user=0.01 sys=0.00, real=0.01 secs] 
2377.659: [GC (Allocation Failure) [PSYoungGen: 55601K->5504K(107520K)] 282680K->232591K(767488K), 0.0019168 secs] [Times: user=0.00 sys=0.00, real=0.00 secs] 
2377.843: [GC (Allocation Failure) [PSYoungGen: 61824K->17840K(74240K)] 288911K->244935K(734208K), 0.0022199 secs] [Times: user=0.01 sys=0.00, real=0.01 secs] 
2378.010: [GC (Allocation Failure) [PSYoungGen: 74160K->34208K(102400K)] 301255K->261303K(762368K), 0.0031354 secs] [Times: user=0.01 sys=0.00, real=0.00 secs] 
2378.254: [GC (Allocation Failure) [PSYoungGen: 86944K->34208K(105984K)] 314039K->261311K(765952K), 0.0032585 secs] [Times: user=0.01 sys=0.00, real=0.01 secs] 
2378.475: [GC (Allocation Failure) [PSYoungGen: 86944K->1376K(113152K)] 314047K->228487K(773120K), 0.0017246 secs] [Times: user=0.00 sys=0.00, real=0.00 secs] 
2378.717: [GC (Allocation Failure) [PSYoungGen: 59744K->1408K(59904K)] 286855K->228527K(719872K), 0.0018949 secs] [Times: user=0.01 sys=0.00, real=0.00 secs] 
2380.159: [GC (Allocation Failure) [PSYoungGen: 59776K->9664K(107520K)] 286895K->236783K(767488K), 0.0023326 secs] [Times: user=0.01 sys=0.00, real=0.00 secs] 
2380.798: [GC (Allocation Failure) [PSYoungGen: 68032K->17824K(76288K)] 295151K->244943K(736256K), 0.0053761 secs] [Times: user=0.03 sys=0.00, real=0.00 secs] 
2381.190: [GC (Allocation Failure) [PSYoungGen: 76192K->34208K(103424K)] 303311K->261335K(763392K), 0.0055934 secs] [Times: user=0.03 sys=0.00, real=0.01 secs] 
2381.559: [GC (Allocation Failure) [PSYoungGen: 88992K->34208K(107008K)] 316119K->261343K(766976K), 0.0035719 secs] [Times: user=0.01 sys=0.00, real=0.00 secs] 
2381.788: [GC (Allocation Failure) [PSYoungGen: 88992K->1424K(108544K)] 316127K->228567K(768512K), 0.0018199 secs] [Times: user=0.01 sys=0.00, real=0.00 secs] 
2382.877: [GC (Allocation Failure) [PSYoungGen: 56208K->5536K(60416K)] 283351K->232687K(720384K), 0.0019191 secs] [Times: user=0.01 sys=0.00, real=0.00 secs] 
2383.269: [GC (Allocation Failure) [PSYoungGen: 60320K->17792K(101376K)] 287471K->244951K(761344K), 0.0038147 secs] [Times: user=0.01 sys=0.00, real=0.00 secs] 
2383.686: [GC (Allocation Failure) [PSYoungGen: 69267K->17792K(72704K)] 296426K->244951K(732672K), 0.0046164 secs] [Times: user=0.01 sys=0.00, real=0.00 secs] 
2384.008: [GC (Allocation Failure) [PSYoungGen: 72576K->34208K(98816K)] 299735K->261383K(758784K), 0.0056964 secs] [Times: user=0.02 sys=0.00, real=0.00 secs] 
2384.281: [GC (Allocation Failure) [PSYoungGen: 85920K->34144K(101888K)] 313095K->261327K(761856K), 0.0037443 secs] [Times: user=0.02 sys=0.00, real=0.01 secs] 
2384.547: [GC (Allocation Failure) [PSYoungGen: 85856K->1408K(109056K)] 313039K->228599K(769024K), 0.0017691 secs] [Times: user=0.00 sys=0.00, real=0.00 secs] 
2386.469: [GC (Allocation Failure) [PSYoungGen: 58752K->5536K(62976K)] 285943K->232727K(722944K), 0.0037099 secs] [Times: user=0.02 sys=0.00, real=0.00 secs] 
2387.058: [GC (Allocation Failure) [PSYoungGen: 62880K->17792K(102912K)] 290071K->244983K(762880K), 0.0034922 secs] [Times: user=0.02 sys=0.00, real=0.00 secs] 
2387.377: [GC (Allocation Failure) [PSYoungGen: 60173K->17792K(75264K)] 287364K->244991K(735232K), 0.0034968 secs] [Times: user=0.02 sys=0.00, real=0.00 secs] 
2387.599: [GC (Allocation Failure) [PSYoungGen: 75136K->34208K(99328K)] 302335K->261407K(759296K), 0.0035593 secs] [Times: user=0.02 sys=0.00, real=0.00 secs] 
2387.824: [GC (Allocation Failure) [PSYoungGen: 87968K->34208K(102912K)] 315167K->261415K(762880K), 0.0037670 secs] [Times: user=0.01 sys=0.00, real=0.01 secs] 
2388.049: [GC (Allocation Failure) [PSYoungGen: 87968K->1376K(111104K)] 315175K->228591K(771072K), 0.0018972 secs] [Times: user=0.00 sys=0.00, real=0.00 secs] 
2389.161: [GC (Allocation Failure) [PSYoungGen: 56762K->5536K(65024K)] 283978K->232751K(724992K), 0.0020074 secs] [Times: user=0.01 sys=0.00, real=0.00 secs] 
2389.613: [GC (Allocation Failure) [PSYoungGen: 64928K->17824K(103936K)] 292143K->245039K(763904K), 0.0028964 secs] [Times: user=0.01 sys=0.00, real=0.01 secs] 
2389.867: [GC (Allocation Failure) [PSYoungGen: 77216K->34208K(107008K)] 304431K->261431K(766976K), 0.0033149 secs] [Times: user=0.02 sys=0.00, real=0.00 secs] 
2390.116: [GC (Allocation Failure) [PSYoungGen: 93600K->34144K(108544K)] 320823K->261375K(768512K), 0.0035188 secs] [Times: user=0.02 sys=0.00, real=0.00 secs] 
2390.356: [GC (Allocation Failure) [PSYoungGen: 91488K->1408K(110592K)] 318719K->228647K(770560K), 0.0018743 secs] [Times: user=0.01 sys=0.00, real=0.00 secs] 
2391.470: [GC (Allocation Failure) [PSYoungGen: 58752K->3488K(109568K)] 285991K->230727K(769536K), 0.0019862 secs] [Times: user=0.01 sys=0.00, real=0.00 secs] 
2393.125: [GC (Allocation Failure) [PSYoungGen: 56585K->9616K(67072K)] 283825K->236863K(727040K), 0.0037218 secs] [Times: user=0.01 sys=0.00, real=0.00 secs] 
2394.320: [GC (Allocation Failure) [PSYoungGen: 66960K->17792K(102400K)] 294207K->245039K(762368K), 0.0051776 secs] [Times: user=0.03 sys=0.00, real=0.01 secs] 
2394.634: [GC (Allocation Failure) [PSYoungGen: 75136K->34208K(104960K)] 302383K->261463K(764928K), 0.0042741 secs] [Times: user=0.02 sys=0.00, real=0.00 secs] 
2394.906: [GC (Allocation Failure) [PSYoungGen: 91552K->34208K(104960K)] 318807K->261487K(764928K), 0.0034731 secs] [Times: user=0.02 sys=0.00, real=0.00 secs] 
2395.133: [GC (Allocation Failure) [PSYoungGen: 88480K->1408K(55808K)] 315759K->228695K(715776K), 0.0016805 secs] [Times: user=0.01 sys=0.00, real=0.00 secs] 
2397.030: [GC (Allocation Failure) [PSYoungGen: 55680K->5568K(105472K)] 282967K->232855K(765440K), 0.0038796 secs] [Times: user=0.02 sys=0.00, real=0.00 secs] 
2397.689: [GC (Allocation Failure) [PSYoungGen: 59840K->17760K(72192K)] 287127K->245055K(732160K), 0.0035328 secs] [Times: user=0.01 sys=0.00, real=0.00 secs] 
2397.858: [GC (Allocation Failure) [PSYoungGen: 60049K->17792K(97792K)] 287344K->245087K(757760K), 0.0025566 secs] [Times: user=0.01 sys=0.00, real=0.00 secs] 
2398.018: [GC (Allocation Failure) [PSYoungGen: 72064K->34208K(100352K)] 299359K->261511K(760320K), 0.0034589 secs] [Times: user=0.02 sys=0.00, real=0.00 secs] 
2398.246: [GC (Allocation Failure) [PSYoungGen: 88480K->34208K(107520K)] 315783K->261519K(767488K), 0.0037499 secs] [Times: user=0.02 sys=0.00, real=0.00 secs] 
2398.723: [GC (Allocation Failure) [PSYoungGen: 92064K->1376K(110080K)] 319375K->228695K(770048K), 0.0018763 secs] [Times: user=0.01 sys=0.00, real=0.01 secs] 
2399.854: [GC (Allocation Failure) [PSYoungGen: 56193K->5488K(101888K)] 283513K->232815K(761856K), 0.0018225 secs] [Times: user=0.01 sys=0.00, real=0.01 secs] 
2400.070: [GC (Allocation Failure) [PSYoungGen: 63344K->17824K(75776K)] 290671K->245151K(735744K), 0.0022158 secs] [Times: user=0.01 sys=0.00, real=0.00 secs] 
2400.246: [GC (Allocation Failure) [PSYoungGen: 75680K->34224K(102912K)] 303007K->261551K(762880K), 0.0029371 secs] [Times: user=0.01 sys=0.00, real=0.00 secs] 
2400.477: [GC (Allocation Failure) [PSYoungGen: 89008K->34176K(105984K)] 316335K->261503K(765952K), 0.0056750 secs] [Times: user=0.03 sys=0.00, real=0.00 secs] 
2400.712: [GC (Allocation Failure) [PSYoungGen: 88960K->1408K(115200K)] 316287K->228743K(775168K), 0.0022966 secs] [Times: user=0.01 sys=0.00, real=0.00 secs] 
2401.721: [GC (Allocation Failure) [PSYoungGen: 62401K->1664K(115200K)] 289737K->229007K(775168K), 0.0016232 secs] [Times: user=0.00 sys=0.00, real=0.00 secs] 
2402.258: [GC (Allocation Failure) [PSYoungGen: 60518K->9600K(102912K)] 287862K->236951K(762880K), 0.0020783 secs] [Times: user=0.01 sys=0.00, real=0.00 secs] 
2402.797: [GC (Allocation Failure) [PSYoungGen: 71040K->17792K(79360K)] 298391K->245143K(739328K), 0.0053281 secs] [Times: user=0.02 sys=0.00, real=0.00 secs] 
2403.201: [GC (Allocation Failure) [PSYoungGen: 79232K->34208K(105472K)] 306583K->261559K(765440K), 0.0049276 secs] [Times: user=0.03 sys=0.00, real=0.01 secs] 
2403.733: [GC (Allocation Failure) [PSYoungGen: 92064K->34208K(109056K)] 319415K->261583K(769024K), 0.0042203 secs] [Times: user=0.02 sys=0.00, real=0.01 secs] 
2404.290: [GC (Allocation Failure) [PSYoungGen: 92064K->1424K(111104K)] 319439K->228807K(771072K), 0.0030391 secs] [Times: user=0.02 sys=0.00, real=0.00 secs] 
2405.952: [GC (Allocation Failure) [PSYoungGen: 59280K->9664K(67584K)] 286663K->237047K(727552K), 0.0026029 secs] [Times: user=0.01 sys=0.00, real=0.01 secs] 
2406.797: [GC (Allocation Failure) [PSYoungGen: 67520K->17824K(103424K)] 294903K->245215K(763392K), 0.0053953 secs] [Times: user=0.02 sys=0.00, real=0.00 secs] 
2407.383: [GC (Allocation Failure) [PSYoungGen: 75680K->34208K(106496K)] 303071K->261599K(766464K), 0.0074423 secs] [Times: user=0.04 sys=0.00, real=0.01 secs] 
2408.121: [GC (Allocation Failure) [PSYoungGen: 92064K->34176K(107008K)] 319455K->261575K(766976K), 0.0074560 secs] [Times: user=0.04 sys=0.00, real=0.01 secs] 
2408.742: [GC (Allocation Failure) [PSYoungGen: 89472K->1376K(56832K)] 316871K->228783K(716800K), 0.0035934 secs] [Times: user=0.01 sys=0.00, real=0.01 secs] 
2410.187: [GC (Allocation Failure) [PSYoungGen: 56672K->3488K(107008K)] 284079K->230903K(766976K), 0.0017798 secs] [Times: user=0.01 sys=0.00, real=0.00 secs] 
2410.667: [GC (Allocation Failure) [PSYoungGen: 52733K->9616K(65024K)] 280149K->237039K(724992K), 0.0040281 secs] [Times: user=0.02 sys=0.00, real=0.00 secs] 
2410.932: [GC (Allocation Failure) [PSYoungGen: 64912K->17824K(99840K)] 292335K->245247K(759808K), 0.0025751 secs] [Times: user=0.01 sys=0.00, real=0.01 secs] 
2411.129: [GC (Allocation Failure) [PSYoungGen: 73120K->34208K(102912K)] 300543K->261639K(762880K), 0.0049948 secs] [Times: user=0.02 sys=0.00, real=0.00 secs] 
2411.384: [GC (Allocation Failure) [PSYoungGen: 89504K->34176K(110080K)] 316935K->261623K(770048K), 0.0036386 secs] [Times: user=0.02 sys=0.00, real=0.01 secs] 
2411.630: [GC (Allocation Failure) [PSYoungGen: 93056K->1376K(112640K)] 320503K->228831K(772608K), 0.0018246 secs] [Times: user=0.00 sys=0.00, real=0.00 secs] 
2413.402: [GC (Allocation Failure) [PSYoungGen: 60023K->5552K(102912K)] 287479K->233023K(762880K), 0.0026006 secs] [Times: user=0.01 sys=0.00, real=0.00 secs] 
2414.567: [GC (Allocation Failure) [PSYoungGen: 64432K->17792K(76800K)] 291903K->245263K(736768K), 0.0035308 secs] [Times: user=0.02 sys=0.00, real=0.00 secs] 
2415.342: [GC (Allocation Failure) [PSYoungGen: 76672K->34208K(104960K)] 304143K->261679K(764928K), 0.0050735 secs] [Times: user=0.03 sys=0.00, real=0.01 secs] 
2415.774: [GC (Allocation Failure) [PSYoungGen: 90016K->34144K(108032K)] 317487K->261615K(768000K), 0.0036179 secs] [Times: user=0.02 sys=0.00, real=0.01 secs] 
2416.057: [GC (Allocation Failure) [PSYoungGen: 89952K->1376K(109568K)] 317423K->228855K(769536K), 0.0019224 secs] [Times: user=0.01 sys=0.00, real=0.00 secs] 
2417.128: [GC (Allocation Failure) [PSYoungGen: 57184K->1568K(57856K)] 284663K->229055K(717824K), 0.0015647 secs] [Times: user=0.01 sys=0.00, real=0.00 secs] 
2417.353: [GC (Allocation Failure) [PSYoungGen: 57376K->9632K(104448K)] 284863K->237135K(764416K), 0.0019517 secs] [Times: user=0.01 sys=0.00, real=0.01 secs] 
2417.556: [GC (Allocation Failure) [PSYoungGen: 65440K->17824K(73728K)] 292943K->245327K(733696K), 0.0021582 secs] [Times: user=0.01 sys=0.00, real=0.00 secs] 
2417.720: [GC (Allocation Failure) [PSYoungGen: 73632K->34176K(101376K)] 301135K->261687K(761344K), 0.0030021 secs] [Times: user=0.02 sys=0.00, real=0.00 secs] 
2417.940: [GC (Allocation Failure) [PSYoungGen: 86912K->34176K(104448K)] 314423K->261695K(764416K), 0.0033430 secs] [Times: user=0.02 sys=0.00, real=0.00 secs] 
2418.160: [GC (Allocation Failure) [PSYoungGen: 86912K->1376K(111616K)] 314431K->228903K(771584K), 0.0016563 secs] [Times: user=0.01 sys=0.00, real=0.00 secs] 
2419.324: [GC (Allocation Failure) [PSYoungGen: 59744K->5536K(64000K)] 287271K->233071K(723968K), 0.0022897 secs] [Times: user=0.01 sys=0.00, real=0.01 secs] 
2419.933: [GC (Allocation Failure) [PSYoungGen: 63904K->17792K(104960K)] 291439K->245327K(764928K), 0.0040433 secs] [Times: user=0.02 sys=0.00, real=0.01 secs] 
2420.752: [GC (Allocation Failure) [PSYoungGen: 66807K->17792K(76288K)] 294342K->245327K(736256K), 0.0054166 secs] [Times: user=0.03 sys=0.00, real=0.01 secs] 
2421.444: [GC (Allocation Failure) [PSYoungGen: 76160K->34176K(101376K)] 303695K->261719K(761344K), 0.0073439 secs] [Times: user=0.04 sys=0.00, real=0.01 secs] 
2422.090: [GC (Allocation Failure) [PSYoungGen: 88960K->34176K(104960K)] 316503K->261727K(764928K), 0.0048630 secs] [Times: user=0.02 sys=0.00, real=0.01 secs] 
2422.723: [GC (Allocation Failure) [PSYoungGen: 88960K->1408K(107520K)] 316511K->228967K(767488K), 0.0033842 secs] [Times: user=0.02 sys=0.00, real=0.01 secs] 
2423.932: [GC (Allocation Failure) [PSYoungGen: 54687K->5520K(60416K)] 282246K->233087K(720384K), 0.0019904 secs] [Times: user=0.01 sys=0.00, real=0.00 secs] 
2424.109: [GC (Allocation Failure) [PSYoungGen: 60304K->17728K(99328K)] 287871K->245295K(759296K), 0.0030109 secs] [Times: user=0.01 sys=0.00, real=0.00 secs] 
2424.463: [GC (Allocation Failure) [PSYoungGen: 56937K->17792K(72704K)] 284504K->245367K(732672K), 0.0026636 secs] [Times: user=0.02 sys=0.00, real=0.01 secs] 
2424.982: [GC (Allocation Failure) [PSYoungGen: 72576K->34144K(96768K)] 300151K->261727K(756736K), 0.0058535 secs] [Times: user=0.02 sys=0.00, real=0.01 secs] 
2425.631: [GC (Allocation Failure) [PSYoungGen: 85344K->34176K(100352K)] 312927K->261767K(760320K), 0.0076846 secs] [Times: user=0.04 sys=0.00, real=0.01 secs] 
2426.271: [GC (Allocation Failure) [PSYoungGen: 85376K->1376K(102912K)] 312967K->228975K(762880K), 0.0029276 secs] [Times: user=0.01 sys=0.00, real=0.00 secs] 
2427.741: [GC (Allocation Failure) [PSYoungGen: 52576K->5568K(56832K)] 280175K->233175K(716800K), 0.0024039 secs] [Times: user=0.00 sys=0.00, real=0.00 secs] 
2428.078: [GC (Allocation Failure) [PSYoungGen: 49481K->9600K(97792K)] 277088K->237207K(757760K), 0.0029123 secs] [Times: user=0.01 sys=0.01, real=0.00 secs] 
2428.537: [GC (Allocation Failure) [PSYoungGen: 60800K->17824K(69120K)] 288407K->245439K(729088K), 0.0043361 secs] [Times: user=0.01 sys=0.00, real=0.00 secs] 
2429.021: [GC (Allocation Failure) [PSYoungGen: 69024K->34208K(93696K)] 296639K->261831K(753664K), 0.0046262 secs] [Times: user=0.02 sys=0.00, real=0.01 secs] 
2429.779: [GC (Allocation Failure) [PSYoungGen: 81824K->34208K(97280K)] 309447K->261839K(757248K), 0.0078387 secs] [Times: user=0.04 sys=0.00, real=0.01 secs] 
2430.579: [GC (Allocation Failure) [PSYoungGen: 81824K->1408K(99840K)] 309455K->229039K(759808K), 0.0036117 secs] [Times: user=0.01 sys=0.00, real=0.00 secs] 
2431.321: [GC (Allocation Failure) [PSYoungGen: 49024K->1408K(49152K)] 276655K->229047K(709120K), 0.0037901 secs] [Times: user=0.02 sys=0.00, real=0.01 secs] 
2432.545: [GC (Allocation Failure) [PSYoungGen: 49024K->9696K(94208K)] 276663K->237335K(754176K), 0.0021537 secs] [Times: user=0.01 sys=0.00, real=0.00 secs] 
2432.926: [GC (Allocation Failure) [PSYoungGen: 57312K->17824K(65536K)] 284951K->245471K(725504K), 0.0034941 secs] [Times: user=0.02 sys=0.00, real=0.00 secs] 
2433.306: [GC (Allocation Failure) [PSYoungGen: 54938K->17776K(90112K)] 282585K->245431K(750080K), 0.0031982 secs] [Times: user=0.01 sys=0.00, real=0.00 secs] 
2433.635: [GC (Allocation Failure) [PSYoungGen: 65392K->34208K(92160K)] 293047K->261871K(752128K), 0.0040902 secs] [Times: user=0.02 sys=0.00, real=0.00 secs] 
2434.118: [GC (Allocation Failure) [PSYoungGen: 81824K->34208K(92672K)] 309487K->261871K(752640K), 0.0043167 secs] [Times: user=0.02 sys=0.00, real=0.00 secs] 
2434.530: [GC (Allocation Failure) [PSYoungGen: 78752K->1408K(95744K)] 306415K->229079K(755712K), 0.0022790 secs] [Times: user=0.01 sys=0.00, real=0.00 secs] 
2434.888: [GC (Allocation Failure) [PSYoungGen: 45952K->1376K(94720K)] 273623K->229047K(754688K), 0.0023259 secs] [Times: user=0.01 sys=0.00, real=0.00 secs] 
2435.803: [GC (Allocation Failure) [PSYoungGen: 45920K->9664K(54272K)] 273591K->237351K(714240K), 0.0018996 secs] [Times: user=0.00 sys=0.00, real=0.01 secs] 
2435.954: [GC (Allocation Failure) [PSYoungGen: 54208K->17760K(88576K)] 281895K->245455K(748544K), 0.0023577 secs] [Times: user=0.01 sys=0.00, real=0.01 secs] 
2436.124: [GC (Allocation Failure) [PSYoungGen: 58732K->17776K(62464K)] 286428K->245487K(722432K), 0.0024126 secs] [Times: user=0.01 sys=0.00, real=0.00 secs] 
2436.243: [GC (Allocation Failure) [PSYoungGen: 62320K->34208K(83968K)] 290031K->261927K(743936K), 0.0030990 secs] [Times: user=0.02 sys=0.00, real=0.01 secs] 
2436.442: [GC (Allocation Failure) [PSYoungGen: 74656K->34176K(88064K)] 302375K->261903K(748032K), 0.0034314 secs] [Times: user=0.02 sys=0.00, real=0.01 secs] 
2436.611: [GC (Allocation Failure) [PSYoungGen: 74624K->1376K(96256K)] 302351K->229111K(756224K), 0.0020243 secs] [Times: user=0.01 sys=0.00, real=0.00 secs] 
2436.810: [GC (Allocation Failure) [PSYoungGen: 46944K->1440K(96256K)] 274679K->229199K(756224K), 0.0020682 secs] [Times: user=0.01 sys=0.00, real=0.00 secs] 
2438.816: [GC (Allocation Failure) [PSYoungGen: 47008K->5568K(97280K)] 274767K->233335K(757248K), 0.0035304 secs] [Times: user=0.02 sys=0.00, real=0.00 secs] 
2439.178: [GC (Allocation Failure) [PSYoungGen: 56256K->17824K(99328K)] 284023K->245591K(759296K), 0.0038467 secs] [Times: user=0.02 sys=0.00, real=0.00 secs] 
2439.573: [GC (Allocation Failure) [PSYoungGen: 65422K->17792K(98304K)] 293190K->245567K(758272K), 0.0039925 secs] [Times: user=0.02 sys=0.00, real=0.01 secs] 
2439.893: [GC (Allocation Failure) [PSYoungGen: 74112K->34208K(100352K)] 301887K->261983K(760320K), 0.0045446 secs] [Times: user=0.02 sys=0.00, real=0.01 secs] 
2440.287: [GC (Allocation Failure) [PSYoungGen: 90528K->34208K(107008K)] 318303K->261999K(766976K), 0.0051298 secs] [Times: user=0.03 sys=0.00, real=0.00 secs] 
2440.758: [GC (Allocation Failure) [PSYoungGen: 93088K->1392K(110592K)] 320879K->229199K(770560K), 0.0037233 secs] [Times: user=0.02 sys=0.00, real=0.00 secs] 
2441.860: [GC (Allocation Failure) [PSYoungGen: 60272K->9632K(99840K)] 288079K->237439K(759808K), 0.0018700 secs] [Times: user=0.00 sys=0.00, real=0.00 secs] 
2442.071: [GC (Allocation Failure) [PSYoungGen: 68512K->17792K(76800K)] 296319K->245599K(736768K), 0.0024528 secs] [Times: user=0.01 sys=0.00, real=0.00 secs] 
2442.248: [GC (Allocation Failure) [PSYoungGen: 76672K->34176K(101888K)] 304479K->261983K(761856K), 0.0030583 secs] [Times: user=0.01 sys=0.00, real=0.00 secs] 
2442.479: [GC (Allocation Failure) [PSYoungGen: 89472K->34176K(105472K)] 317279K->261991K(765440K), 0.0029903 secs] [Times: user=0.01 sys=0.00, real=0.00 secs] 
2442.709: [GC (Allocation Failure) [PSYoungGen: 89472K->1344K(114176K)] 317287K->229175K(774144K), 0.0022680 secs] [Times: user=0.01 sys=0.00, real=0.00 secs] 
2443.766: [GC (Allocation Failure) [PSYoungGen: 61111K->3488K(65024K)] 288943K->231327K(724992K), 0.0016601 secs] [Times: user=0.01 sys=0.00, real=0.00 secs] 
2443.965: [GC (Allocation Failure) [PSYoungGen: 64928K->17824K(107008K)] 292767K->245663K(766976K), 0.0020762 secs] [Times: user=0.01 sys=0.00, real=0.00 secs] 
2444.164: [GC (Allocation Failure) [PSYoungGen: 66728K->17824K(79360K)] 294567K->245663K(739328K), 0.0020005 secs] [Times: user=0.01 sys=0.00, real=0.01 secs] 
2444.409: [GC (Allocation Failure) [PSYoungGen: 79264K->34144K(104448K)] 307103K->261983K(764416K), 0.0029793 secs] [Times: user=0.02 sys=0.00, real=0.00 secs] 
2444.797: [GC (Allocation Failure) [PSYoungGen: 92512K->34176K(107520K)] 320351K->262023K(767488K), 0.0049373 secs] [Times: user=0.03 sys=0.00, real=0.00 secs] 
2445.239: [GC (Allocation Failure) [PSYoungGen: 92544K->1376K(104448K)] 320391K->229239K(764416K), 0.0025364 secs] [Times: user=0.01 sys=0.00, real=0.00 secs] 
2446.326: [GC (Allocation Failure) [PSYoungGen: 59744K->9632K(68096K)] 287607K->237503K(728064K), 0.0019398 secs] [Times: user=0.01 sys=0.00, real=0.00 secs] 
2446.743: [GC (Allocation Failure) [PSYoungGen: 68000K->17824K(102400K)] 295871K->245695K(762368K), 0.0036805 secs] [Times: user=0.01 sys=0.00, real=0.01 secs] 
2447.098: [GC (Allocation Failure) [PSYoungGen: 76192K->34176K(105472K)] 304063K->262047K(765440K), 0.0074371 secs] [Times: user=0.04 sys=0.00, real=0.01 secs] 
2447.575: [GC (Allocation Failure) [PSYoungGen: 92544K->34176K(112128K)] 320415K->262055K(772096K), 0.0051679 secs] [Times: user=0.02 sys=0.00, real=0.00 secs] 
2448.096: [GC (Allocation Failure) [PSYoungGen: 96128K->1376K(114688K)] 324007K->229255K(774656K), 0.0021424 secs] [Times: user=0.01 sys=0.00, real=0.00 secs] 
2449.188: [GC (Allocation Failure) [PSYoungGen: 62542K->5568K(112640K)] 290421K->233455K(772608K), 0.0019182 secs] [Times: user=0.01 sys=0.01, real=0.00 secs] 
2449.576: [GC (Allocation Failure) [PSYoungGen: 67520K->17792K(79872K)] 295407K->245679K(739840K), 0.0025475 secs] [Times: user=0.01 sys=0.00, real=0.00 secs] 
2450.318: [GC (Allocation Failure) [PSYoungGen: 79744K->34144K(107520K)] 307631K->262031K(767488K), 0.0047927 secs] [Times: user=0.02 sys=0.00, real=0.00 secs] 
2451.038: [GC (Allocation Failure) [PSYoungGen: 93024K->34208K(110592K)] 320911K->262095K(770560K), 0.0046080 secs] [Times: user=0.03 sys=0.00, real=0.00 secs] 
2451.871: [GC (Allocation Failure) [PSYoungGen: 93088K->1376K(112640K)] 320975K->229263K(772608K), 0.0019061 secs] [Times: user=0.01 sys=0.00, real=0.00 secs] 
2453.192: [GC (Allocation Failure) [PSYoungGen: 58611K->3520K(62464K)] 286498K->231415K(722432K), 0.0018553 secs] [Times: user=0.01 sys=0.00, real=0.00 secs] 
2453.473: [GC (Allocation Failure) [PSYoungGen: 62400K->17856K(104960K)] 290295K->245751K(764928K), 0.0022274 secs] [Times: user=0.01 sys=0.00, real=0.01 secs] 
2453.908: [GC (Allocation Failure) [PSYoungGen: 68214K->17808K(76800K)] 296109K->245711K(736768K), 0.0026503 secs] [Times: user=0.02 sys=0.00, real=0.00 secs] 
2454.383: [GC (Allocation Failure) [PSYoungGen: 76688K->34176K(101888K)] 304591K->262079K(761856K), 0.0033576 secs] [Times: user=0.01 sys=0.00, real=0.01 secs] 
2454.957: [GC (Allocation Failure) [PSYoungGen: 89472K->34176K(105472K)] 317375K->262087K(765440K), 0.0040912 secs] [Times: user=0.01 sys=0.00, real=0.00 secs] 
2455.554: [GC (Allocation Failure) [PSYoungGen: 89472K->1408K(108032K)] 317383K->229343K(768000K), 0.0017186 secs] [Times: user=0.00 sys=0.00, real=0.01 secs] 
2456.605: [GC (Allocation Failure) [PSYoungGen: 52931K->5536K(60928K)] 280866K->233479K(720896K), 0.0020092 secs] [Times: user=0.01 sys=0.00, real=0.00 secs] 
2456.784: [GC (Allocation Failure) [PSYoungGen: 60832K->17792K(99840K)] 288775K->245743K(759808K), 0.0024460 secs] [Times: user=0.01 sys=0.00, real=0.01 secs] 
2456.948: [GC (Allocation Failure) [PSYoungGen: 73088K->34208K(103424K)] 301039K->262159K(763392K), 0.0035101 secs] [Times: user=0.01 sys=0.00, real=0.00 secs] 
2457.178: [GC (Allocation Failure) [PSYoungGen: 89504K->34176K(110080K)] 317455K->262135K(770048K), 0.0033925 secs] [Times: user=0.01 sys=0.00, real=0.00 secs] 
2457.424: [GC (Allocation Failure) [PSYoungGen: 93056K->1376K(112640K)] 321015K->229343K(772608K), 0.0016324 secs] [Times: user=0.01 sys=0.00, real=0.01 secs] 
2458.478: [GC (Allocation Failure) [PSYoungGen: 60256K->1536K(105472K)] 288223K->229511K(765440K), 0.0016406 secs] [Times: user=0.01 sys=0.00, real=0.00 secs] 
2458.691: [GC (Allocation Failure) [PSYoungGen: 60416K->9600K(68608K)] 288391K->237575K(728576K), 0.0020746 secs] [Times: user=0.01 sys=0.00, real=0.00 secs] 
2458.918: [GC (Allocation Failure) [PSYoungGen: 68480K->17824K(104448K)] 296455K->245799K(764416K), 0.0025909 secs] [Times: user=0.01 sys=0.00, real=0.00 secs] 
2459.097: [GC (Allocation Failure) [PSYoungGen: 76704K->34208K(107008K)] 304679K->262191K(766976K), 0.0041443 secs] [Times: user=0.02 sys=0.00, real=0.00 secs] 
2459.344: [GC (Allocation Failure) [PSYoungGen: 93088K->34208K(114688K)] 321071K->262199K(774656K), 0.0036723 secs] [Times: user=0.01 sys=0.01, real=0.01 secs] 
2459.607: [GC (Allocation Failure) [PSYoungGen: 97184K->1376K(117248K)] 325175K->229375K(777216K), 0.0018507 secs] [Times: user=0.01 sys=0.00, real=0.00 secs] 
2460.845: [GC (Allocation Failure) [PSYoungGen: 64352K->9632K(105472K)] 292351K->237647K(765440K), 0.0023570 secs] [Times: user=0.01 sys=0.00, real=0.00 secs] 
2461.435: [GC (Allocation Failure) [PSYoungGen: 72608K->17824K(80896K)] 300623K->245839K(740864K), 0.0040210 secs] [Times: user=0.02 sys=0.00, real=0.00 secs] 
2462.154: [GC (Allocation Failure) [PSYoungGen: 80800K->34208K(108544K)] 308815K->262223K(768512K), 0.0061403 secs] [Times: user=0.03 sys=0.00, real=0.01 secs] 
2463.181: [GC (Allocation Failure) [PSYoungGen: 94112K->34176K(111616K)] 322127K->262191K(771584K), 0.0057535 secs] [Times: user=0.02 sys=0.00, real=0.01 secs] 
2463.999: [GC (Allocation Failure) [PSYoungGen: 94080K->1408K(113152K)] 322095K->229439K(773120K), 0.0031734 secs] [Times: user=0.01 sys=0.00, real=0.00 secs] 
2465.996: [GC (Allocation Failure) [PSYoungGen: 61312K->9600K(69632K)] 289343K->237647K(729600K), 0.0030628 secs] [Times: user=0.01 sys=0.00, real=0.00 secs] 
2466.836: [GC (Allocation Failure) [PSYoungGen: 69504K->17824K(104960K)] 297551K->245879K(764928K), 0.0050384 secs] [Times: user=0.02 sys=0.00, real=0.00 secs] 
2468.052: [GC (Allocation Failure) [PSYoungGen: 77728K->34176K(108544K)] 305783K->262231K(768512K), 0.0052930 secs] [Times: user=0.02 sys=0.00, real=0.01 secs] 
2468.828: [GC (Allocation Failure) [PSYoungGen: 94080K->34208K(109568K)] 322135K->262271K(769536K), 0.0050500 secs] [Times: user=0.02 sys=0.00, real=0.00 secs] 
2469.605: [GC (Allocation Failure) [PSYoungGen: 92064K->1376K(111616K)] 320127K->229439K(771584K), 0.0037912 secs] [Times: user=0.01 sys=0.00, real=0.00 secs] 
2471.029: [GC (Allocation Failure) [PSYoungGen: 59232K->5600K(109568K)] 287295K->233671K(769536K), 0.0029465 secs] [Times: user=0.01 sys=0.00, real=0.00 secs] 
2471.419: [GC (Allocation Failure) [PSYoungGen: 63456K->17792K(75776K)] 291527K->245871K(735744K), 0.0033334 secs] [Times: user=0.02 sys=0.00, real=0.00 secs] 
2471.819: [GC (Allocation Failure) [PSYoungGen: 62903K->17792K(100864K)] 290983K->245879K(760832K), 0.0029256 secs] [Times: user=0.01 sys=0.00, real=0.00 secs] 
2472.213: [GC (Allocation Failure) [PSYoungGen: 75648K->34192K(103936K)] 303735K->262279K(763904K), 0.0042124 secs] [Times: user=0.02 sys=0.01, real=0.01 secs] 
2472.797: [GC (Allocation Failure) [PSYoungGen: 92048K->34176K(104960K)] 320135K->262271K(764928K), 0.0050354 secs] [Times: user=0.03 sys=0.00, real=0.00 secs] 
2473.366: [GC (Allocation Failure) [PSYoungGen: 89472K->1376K(107520K)] 317567K->229487K(767488K), 0.0036776 secs] [Times: user=0.02 sys=0.00, real=0.00 secs] 
2474.304: [GC (Allocation Failure) [PSYoungGen: 56672K->9632K(104448K)] 284783K->237751K(764416K), 0.0017341 secs] [Times: user=0.00 sys=0.00, real=0.01 secs] 
2474.500: [GC (Allocation Failure) [PSYoungGen: 64928K->17856K(73216K)] 293047K->245983K(733184K), 0.0021018 secs] [Times: user=0.01 sys=0.00, real=0.00 secs] 
2474.661: [GC (Allocation Failure) [PSYoungGen: 73152K->34208K(99328K)] 301279K->262335K(759296K), 0.0027937 secs] [Times: user=0.01 sys=0.00, real=0.00 secs] 
2474.979: [GC (Allocation Failure) [PSYoungGen: 86432K->34176K(102400K)] 314559K->262311K(762368K), 0.0031872 secs] [Times: user=0.01 sys=0.00, real=0.00 secs] 
2475.392: [GC (Allocation Failure) [PSYoungGen: 86400K->1392K(104960K)] 314535K->229543K(764928K), 0.0029885 secs] [Times: user=0.02 sys=0.00, real=0.01 secs] 
2475.774: [GC (Allocation Failure) [PSYoungGen: 53616K->1376K(104960K)] 281767K->229543K(764928K), 0.0024249 secs] [Times: user=0.01 sys=0.00, real=0.01 secs] 
2476.754: [GC (Allocation Failure) [PSYoungGen: 53600K->9632K(99840K)] 281767K->237807K(759808K), 0.0018756 secs] [Times: user=0.01 sys=0.00, real=0.01 secs] 
2476.937: [GC (Allocation Failure) [PSYoungGen: 61856K->17792K(70144K)] 290031K->245967K(730112K), 0.0023901 secs] [Times: user=0.01 sys=0.00, real=0.00 secs] 
2477.087: [GC (Allocation Failure) [PSYoungGen: 70016K->34208K(96768K)] 298191K->262391K(756736K), 0.0031334 secs] [Times: user=0.02 sys=0.00, real=0.00 secs] 
2477.293: [GC (Allocation Failure) [PSYoungGen: 83360K->34208K(99840K)] 311543K->262399K(759808K), 0.0032333 secs] [Times: user=0.02 sys=0.00, real=0.01 secs] 
2477.498: [GC (Allocation Failure) [PSYoungGen: 83360K->34176K(107520K)] 311551K->262375K(767488K), 0.0030184 secs] [Times: user=0.02 sys=0.00, real=0.00 secs] 
2477.722: [GC (Allocation Failure) [PSYoungGen: 87936K->1408K(109056K)] 316135K->229615K(769024K), 0.0016353 secs] [Times: user=0.01 sys=0.00, real=0.00 secs] 
2478.650: [GC (Allocation Failure) [PSYoungGen: 55168K->9632K(99840K)] 283375K->237847K(759808K), 0.0024022 secs] [Times: user=0.01 sys=0.00, real=0.00 secs] 
2478.885: [GC (Allocation Failure) [PSYoungGen: 63392K->17824K(71680K)] 291607K->246047K(731648K), 0.0026939 secs] [Times: user=0.01 sys=0.01, real=0.00 secs] 
2479.141: [GC (Allocation Failure) [PSYoungGen: 71584K->34176K(101376K)] 299807K->262399K(761344K), 0.0035758 secs] [Times: user=0.02 sys=0.00, real=0.01 secs] 
2479.476: [GC (Allocation Failure) [PSYoungGen: 85376K->34208K(103936K)] 313599K->262439K(763904K), 0.0038391 secs] [Times: user=0.02 sys=0.00, real=0.00 secs] 
2479.871: [GC (Allocation Failure) [PSYoungGen: 85408K->34208K(110080K)] 313639K->262439K(770048K), 0.0036576 secs] [Times: user=0.01 sys=0.00, real=0.00 secs] 
2480.312: [GC (Allocation Failure) [PSYoungGen: 89504K->1376K(111616K)] 317735K->229631K(771584K), 0.0035730 secs] [Times: user=0.02 sys=0.00, real=0.01 secs] 
2481.533: [GC (Allocation Failure) [PSYoungGen: 56672K->9664K(108032K)] 284927K->237927K(768000K), 0.0039739 secs] [Times: user=0.02 sys=0.01, real=0.01 secs] 
2482.048: [GC (Allocation Failure) [PSYoungGen: 64960K->17792K(73216K)] 293223K->246055K(733184K), 0.0050807 secs] [Times: user=0.02 sys=0.00, real=0.00 secs] 
2482.492: [GC (Allocation Failure) [PSYoungGen: 73088K->34144K(104960K)] 301351K->262407K(764928K), 0.0057771 secs] [Times: user=0.02 sys=0.00, real=0.01 secs] 
2483.137: [GC (Allocation Failure) [PSYoungGen: 87392K->34176K(107008K)] 315655K->262447K(766976K), 0.0079755 secs] [Times: user=0.04 sys=0.00, real=0.01 secs] 
2483.781: [GC (Allocation Failure) [PSYoungGen: 87424K->1408K(103424K)] 315695K->229679K(763392K), 0.0038332 secs] [Times: user=0.01 sys=0.01, real=0.00 secs] 
2485.266: [GC (Allocation Failure) [PSYoungGen: 54656K->1568K(55296K)] 282927K->229839K(715264K), 0.0015993 secs] [Times: user=0.01 sys=0.00, real=0.00 secs] 
2485.701: [GC (Allocation Failure) [PSYoungGen: 54816K->9600K(104448K)] 283087K->237871K(764416K), 0.0022835 secs] [Times: user=0.01 sys=0.00, real=0.00 secs] 
2486.163: [GC (Allocation Failure) [PSYoungGen: 62848K->17792K(71168K)] 291119K->246063K(731136K), 0.0028618 secs] [Times: user=0.01 sys=0.00, real=0.01 secs] 
2486.547: [GC (Allocation Failure) [PSYoungGen: 71040K->34208K(99840K)] 299311K->262487K(759808K), 0.0048844 secs] [Times: user=0.03 sys=0.00, real=0.00 secs] 
2487.197: [GC (Allocation Failure) [PSYoungGen: 84384K->34208K(102912K)] 312663K->262495K(762880K), 0.0053830 secs] [Times: user=0.03 sys=0.00, real=0.00 secs] 
2487.833: [GC (Allocation Failure) [PSYoungGen: 84384K->1408K(104960K)] 312671K->229703K(764928K), 0.0029835 secs] [Times: user=0.01 sys=0.00, real=0.01 secs] 
2488.472: [GC (Allocation Failure) [PSYoungGen: 51580K->288K(50688K)] 279875K->228591K(710656K), 0.0033695 secs] [Times: user=0.01 sys=0.00, real=0.01 secs] 
2489.939: [GC (Allocation Failure) [PSYoungGen: 50464K->9632K(99328K)] 278767K->237935K(759296K), 0.0023025 secs] [Times: user=0.01 sys=0.01, real=0.00 secs] 
2490.673: [GC (Allocation Failure) [PSYoungGen: 59808K->17792K(68096K)] 288111K->246095K(728064K), 0.0044729 secs] [Times: user=0.01 sys=0.00, real=0.01 secs] 
2491.021: [GC (Allocation Failure) [PSYoungGen: 67968K->34208K(96256K)] 296271K->262519K(756224K), 0.0056796 secs] [Times: user=0.03 sys=0.00, real=0.01 secs] 
2491.419: [GC (Allocation Failure) [PSYoungGen: 81312K->34208K(99328K)] 309623K->262527K(759296K), 0.0063047 secs] [Times: user=0.03 sys=0.00, real=0.01 secs] 
2491.829: [GC (Allocation Failure) [PSYoungGen: 81312K->34176K(104960K)] 309631K->262503K(764928K), 0.0050550 secs] [Times: user=0.02 sys=0.00, real=0.00 secs] 
2492.261: [GC (Allocation Failure) [PSYoungGen: 84352K->1376K(107008K)] 312679K->229711K(766976K), 0.0022890 secs] [Times: user=0.01 sys=0.00, real=0.00 secs] 
2493.498: [GC (Allocation Failure) [PSYoungGen: 51552K->5568K(103936K)] 279887K->233903K(763904K), 0.0020395 secs] [Times: user=0.01 sys=0.00, real=0.00 secs] 
2493.867: [GC (Allocation Failure) [PSYoungGen: 55744K->17824K(68096K)] 284079K->246167K(728064K), 0.0024447 secs] [Times: user=0.01 sys=0.00, real=0.00 secs] 
2494.342: [GC (Allocation Failure) [PSYoungGen: 65968K->17792K(94720K)] 294312K->246135K(754688K), 0.0030776 secs] [Times: user=0.01 sys=0.00, real=0.01 secs] 
2494.726: [GC (Allocation Failure) [PSYoungGen: 67968K->34144K(98304K)] 296311K->262495K(758272K), 0.0050565 secs] [Times: user=0.02 sys=0.00, real=0.00 secs] 
2495.274: [GC (Allocation Failure) [PSYoungGen: 84320K->34144K(99328K)] 312671K->262503K(759296K), 0.0044892 secs] [Times: user=0.02 sys=0.01, real=0.01 secs] 
2495.675: [GC (Allocation Failure) [PSYoungGen: 82272K->1376K(101376K)] 310631K->229743K(761344K), 0.0024716 secs] [Times: user=0.01 sys=0.00, real=0.00 secs] 
2497.083: [GC (Allocation Failure) [PSYoungGen: 49504K->1920K(100864K)] 277871K->230287K(760832K), 0.0021015 secs] [Times: user=0.01 sys=0.00, real=0.01 secs] 
2498.175: [GC (Allocation Failure) [PSYoungGen: 50048K->9600K(57856K)] 278415K->237975K(717824K), 0.0041903 secs] [Times: user=0.02 sys=0.00, real=0.00 secs] 
2498.927: [GC (Allocation Failure) [PSYoungGen: 57728K->17824K(92672K)] 286103K->246199K(752640K), 0.0053385 secs] [Times: user=0.02 sys=0.00, real=0.00 secs] 
2499.570: [GC (Allocation Failure) [PSYoungGen: 65952K->34208K(95744K)] 294327K->262591K(755712K), 0.0074012 secs] [Times: user=0.04 sys=0.00, real=0.01 secs] 
2500.322: [GC (Allocation Failure) [PSYoungGen: 82336K->34176K(96768K)] 310719K->262567K(756736K), 0.0076738 secs] [Times: user=0.04 sys=0.00, real=0.01 secs] 
2500.968: [GC (Allocation Failure) [PSYoungGen: 79744K->34176K(99328K)] 308135K->262575K(759296K), 0.0059537 secs] [Times: user=0.03 sys=0.00, real=0.00 secs] 
2501.521: [GC (Allocation Failure) [PSYoungGen: 79744K->1344K(101376K)] 308143K->229743K(761344K), 0.0029345 secs] [Times: user=0.01 sys=0.00, real=0.00 secs] 
2502.614: [GC (Allocation Failure) [PSYoungGen: 46912K->5568K(51200K)] 275311K->233967K(711168K), 0.0018148 secs] [Times: user=0.01 sys=0.00, real=0.01 secs] 
2502.925: [GC (Allocation Failure) [PSYoungGen: 47008K->9600K(95744K)] 275408K->238007K(755712K), 0.0018741 secs] [Times: user=0.01 sys=0.00, real=0.00 secs] 
2503.219: [GC (Allocation Failure) [PSYoungGen: 55168K->17824K(63488K)] 283575K->246239K(723456K), 0.0023719 secs] [Times: user=0.01 sys=0.00, real=0.00 secs] 
2503.467: [GC (Allocation Failure) [PSYoungGen: 63392K->34176K(91648K)] 291807K->262599K(751616K), 0.0034059 secs] [Times: user=0.02 sys=0.00, real=0.00 secs] 
2503.825: [GC (Allocation Failure) [PSYoungGen: 76672K->34208K(94720K)] 305095K->262631K(754688K), 0.0034943 secs] [Times: user=0.02 sys=0.00, real=0.00 secs] 
2504.250: [GC (Allocation Failure) [PSYoungGen: 76704K->34208K(94720K)] 305127K->262639K(754688K), 0.0036172 secs] [Times: user=0.02 sys=0.00, real=0.00 secs] 
2504.672: [GC (Allocation Failure) [PSYoungGen: 74656K->1440K(96768K)] 303087K->229871K(756736K), 0.0039667 secs] [Times: user=0.02 sys=0.00, real=0.01 secs] 
2505.903: [GC (Allocation Failure) [PSYoungGen: 41888K->1952K(95744K)] 270319K->230391K(755712K), 0.0018229 secs] [Times: user=0.00 sys=0.00, real=0.01 secs] 
2506.204: [GC (Allocation Failure) [PSYoungGen: 42400K->9632K(50176K)] 270839K->238079K(710144K), 0.0019701 secs] [Times: user=0.01 sys=0.00, real=0.01 secs] 
2506.354: [GC (Allocation Failure) [PSYoungGen: 50080K->17792K(94720K)] 278527K->246247K(754688K), 0.0030275 secs] [Times: user=0.01 sys=0.00, real=0.01 secs] 
2506.517: [GC (Allocation Failure) [PSYoungGen: 56934K->17792K(93696K)] 285389K->246255K(753664K), 0.0026583 secs] [Times: user=0.01 sys=0.00, real=0.00 secs] 
2506.633: [GC (Allocation Failure) [PSYoungGen: 61312K->34176K(92672K)] 289775K->262647K(752640K), 0.0038510 secs] [Times: user=0.02 sys=0.00, real=0.01 secs] 
2506.824: [GC (Allocation Failure) [PSYoungGen: 79744K->34208K(95744K)] 308215K->262687K(755712K), 0.0040964 secs] [Times: user=0.02 sys=0.00, real=0.01 secs] 
2507.017: [GC (Allocation Failure) [PSYoungGen: 79776K->1408K(104448K)] 308255K->229895K(764416K), 0.0020486 secs] [Times: user=0.00 sys=0.00, real=0.00 secs] 
2507.439: [GC (Allocation Failure) [PSYoungGen: 53120K->1405K(104448K)] 281607K->229900K(764416K), 0.0014264 secs] [Times: user=0.00 sys=0.00, real=0.00 secs] 
2508.116: [GC (Allocation Failure) [PSYoungGen: 53117K->9664K(104960K)] 281612K->238159K(764928K), 0.0018717 secs] [Times: user=0.00 sys=0.00, real=0.00 secs] 
2508.320: [GC (Allocation Failure) [PSYoungGen: 67008K->17792K(107520K)] 295503K->246295K(767488K), 0.0021228 secs] [Times: user=0.01 sys=0.00, real=0.00 secs] 
2508.490: [GC (Allocation Failure) [PSYoungGen: 75136K->34208K(107008K)] 303639K->262727K(766976K), 0.0036940 secs] [Times: user=0.01 sys=0.00, real=0.00 secs] 
2508.740: [GC (Allocation Failure) [PSYoungGen: 94112K->34208K(110592K)] 322631K->262751K(770560K), 0.0030221 secs] [Times: user=0.02 sys=0.00, real=0.00 secs] 
2508.989: [GC (Allocation Failure) [PSYoungGen: 94112K->1376K(118784K)] 322655K->229927K(778752K), 0.0016325 secs] [Times: user=0.00 sys=0.00, real=0.00 secs] 
2510.157: [GC (Allocation Failure) [PSYoungGen: 67936K->9632K(76288K)] 296487K->238191K(736256K), 0.0021875 secs] [Times: user=0.01 sys=0.00, real=0.00 secs] 
2510.732: [GC (Allocation Failure) [PSYoungGen: 76192K->17792K(111616K)] 304751K->246351K(771584K), 0.0049705 secs] [Times: user=0.03 sys=0.00, real=0.01 secs] 
2511.159: [GC (Allocation Failure) [PSYoungGen: 84352K->34176K(114688K)] 312911K->262735K(774656K), 0.0043819 secs] [Times: user=0.02 sys=0.00, real=0.00 secs] 
2511.708: [GC (Allocation Failure) [PSYoungGen: 100736K->34176K(115200K)] 329295K->262735K(775168K), 0.0046116 secs] [Times: user=0.02 sys=0.00, real=0.00 secs] 
2512.250: [GC (Allocation Failure) [PSYoungGen: 98176K->1376K(117760K)] 326735K->229935K(777728K), 0.0021017 secs] [Times: user=0.01 sys=0.00, real=0.00 secs] 
2513.303: [GC (Allocation Failure) [PSYoungGen: 65376K->9664K(113664K)] 293935K->238223K(773632K), 0.0015730 secs] [Times: user=0.01 sys=0.00, real=0.01 secs] 
2513.535: [GC (Allocation Failure) [PSYoungGen: 73664K->17792K(81920K)] 302223K->246351K(741888K), 0.0020152 secs] [Times: user=0.01 sys=0.01, real=0.00 secs] 
2513.796: [GC (Allocation Failure) [PSYoungGen: 81792K->34208K(108544K)] 310351K->262767K(768512K), 0.0032500 secs] [Times: user=0.01 sys=0.00, real=0.00 secs] 
2514.048: [GC (Allocation Failure) [PSYoungGen: 94624K->34176K(112128K)] 323183K->262735K(772096K), 0.0029821 secs] [Times: user=0.01 sys=0.00, real=0.00 secs] 
2514.349: [GC (Allocation Failure) [PSYoungGen: 94592K->1376K(114176K)] 323151K->229935K(774144K), 0.0016564 secs] [Times: user=0.01 sys=0.00, real=0.00 secs] 
2515.524: [GC (Allocation Failure) [PSYoungGen: 61792K->9664K(70144K)] 290351K->238231K(730112K), 0.0020755 secs] [Times: user=0.00 sys=0.00, real=0.01 secs] 
2516.019: [GC (Allocation Failure) [PSYoungGen: 70080K->17760K(105984K)] 298647K->246335K(765952K), 0.0026951 secs] [Times: user=0.01 sys=0.00, real=0.00 secs] 
2516.427: [GC (Allocation Failure) [PSYoungGen: 78176K->34176K(109056K)] 306751K->262759K(769024K), 0.0042009 secs] [Times: user=0.02 sys=0.00, real=0.00 secs] 
2516.987: [GC (Allocation Failure) [PSYoungGen: 94592K->34208K(110080K)] 323175K->262791K(770048K), 0.0045468 secs] [Times: user=0.02 sys=0.00, real=0.00 secs] 
2517.560: [GC (Allocation Failure) [PSYoungGen: 92576K->1408K(112128K)] 321159K->229999K(772096K), 0.0021940 secs] [Times: user=0.01 sys=0.00, real=0.00 secs] 
2518.922: [GC (Allocation Failure) [PSYoungGen: 59776K->5568K(110080K)] 288367K->234167K(770048K), 0.0021197 secs] [Times: user=0.01 sys=0.00, real=0.00 secs] 
2519.404: [GC (Allocation Failure) [PSYoungGen: 63936K->17824K(76288K)] 292535K->246431K(736256K), 0.0027057 secs] [Times: user=0.01 sys=0.00, real=0.01 secs] 
2519.893: [GC (Allocation Failure) [PSYoungGen: 76192K->34176K(104448K)] 304799K->262791K(764416K), 0.0062877 secs] [Times: user=0.03 sys=0.00, real=0.01 secs] 
2520.618: [GC (Allocation Failure) [PSYoungGen: 89472K->34176K(107520K)] 318087K->262791K(767488K), 0.0066556 secs] [Times: user=0.03 sys=0.00, real=0.01 secs] 
2521.298: [GC (Allocation Failure) [PSYoungGen: 89472K->1408K(109568K)] 318087K->230031K(769536K), 0.0029239 secs] [Times: user=0.01 sys=0.01, real=0.00 secs] 
2521.719: [GC (Allocation Failure) [PSYoungGen: 56698K->336K(109568K)] 285322K->228967K(769536K), 0.0025084 secs] [Times: user=0.01 sys=0.00, real=0.00 secs] 
2523.357: [GC (Allocation Failure) [PSYoungGen: 55632K->9664K(104448K)] 284263K->238303K(764416K), 0.0026364 secs] [Times: user=0.01 sys=0.00, real=0.00 secs] 
2524.143: [GC (Allocation Failure) [PSYoungGen: 64960K->17824K(73216K)] 293599K->246471K(733184K), 0.0055016 secs] [Times: user=0.02 sys=0.00, real=0.01 secs] 
2524.777: [GC (Allocation Failure) [PSYoungGen: 73120K->34176K(100352K)] 301767K->262823K(760320K), 0.0085573 secs] [Times: user=0.04 sys=0.00, real=0.01 secs] 
2525.627: [GC (Allocation Failure) [PSYoungGen: 85888K->34144K(103936K)] 314535K->262799K(763904K), 0.0077430 secs] [Times: user=0.04 sys=0.00, real=0.00 secs] 
2526.227: [GC (Allocation Failure) [PSYoungGen: 85856K->1376K(105472K)] 314511K->230039K(765440K), 0.0029764 secs] [Times: user=0.01 sys=0.00, real=0.00 secs] 
2527.528: [GC (Allocation Failure) [PSYoungGen: 53088K->1920K(53760K)] 281751K->230591K(713728K), 0.0013832 secs] [Times: user=0.00 sys=0.00, real=0.00 secs] 
2527.715: [GC (Allocation Failure) [PSYoungGen: 53632K->9568K(99840K)] 282303K->238255K(759808K), 0.0027083 secs] [Times: user=0.01 sys=0.00, real=0.00 secs] 
2527.898: [GC (Allocation Failure) [PSYoungGen: 61280K->17792K(69632K)] 289967K->246479K(729600K), 0.0025174 secs] [Times: user=0.02 sys=0.00, real=0.00 secs] 
2528.046: [GC (Allocation Failure) [PSYoungGen: 69504K->34176K(96256K)] 298191K->262871K(756224K), 0.0033615 secs] [Times: user=0.01 sys=0.00, real=0.00 secs] 
2528.247: [GC (Allocation Failure) [PSYoungGen: 82304K->34208K(99840K)] 310999K->262911K(759808K), 0.0032555 secs] [Times: user=0.02 sys=0.00, real=0.00 secs] 
2528.449: [GC (Allocation Failure) [PSYoungGen: 82336K->1408K(107008K)] 311039K->230119K(766976K), 0.0015651 secs] [Times: user=0.00 sys=0.00, real=0.00 secs] 
2528.672: [GC (Allocation Failure) [PSYoungGen: 55168K->1408K(107520K)] 283879K->230127K(767488K), 0.0019344 secs] [Times: user=0.01 sys=0.00, real=0.00 secs] 
2529.553: [GC (Allocation Failure) [PSYoungGen: 55168K->9632K(95744K)] 283887K->238359K(755712K), 0.0019699 secs] [Times: user=0.00 sys=0.00, real=0.01 secs] 
2529.742: [GC (Allocation Failure) [PSYoungGen: 63392K->17792K(71680K)] 292119K->246519K(731648K), 0.0020913 secs] [Times: user=0.01 sys=0.00, real=0.00 secs] 
2529.897: [GC (Allocation Failure) [PSYoungGen: 71552K->34176K(98304K)] 300279K->262911K(758272K), 0.0027505 secs] [Times: user=0.01 sys=0.00, real=0.00 secs] 
2530.107: [GC (Allocation Failure) [PSYoungGen: 84352K->34176K(101888K)] 313087K->262927K(761856K), 0.0027174 secs] [Times: user=0.02 sys=0.00, real=0.00 secs] 
2530.316: [GC (Allocation Failure) [PSYoungGen: 84352K->1376K(109056K)] 313103K->230135K(769024K), 0.0014005 secs] [Times: user=0.01 sys=0.00, real=0.00 secs] 
2531.398: [GC (Allocation Failure) [PSYoungGen: 57184K->301K(56320K)] 285943K->229068K(716288K), 0.0012158 secs] [Times: user=0.00 sys=0.00, real=0.00 secs] 
2532.775: [GC (Allocation Failure) [PSYoungGen: 56109K->9600K(103936K)] 284876K->238367K(763904K), 0.0040081 secs] [Times: user=0.01 sys=0.00, real=0.00 secs] 
2533.276: [GC (Allocation Failure) [PSYoungGen: 65408K->17792K(73728K)] 294175K->246559K(733696K), 0.0031290 secs] [Times: user=0.01 sys=0.00, real=0.00 secs] 
2533.439: [GC (Allocation Failure) [PSYoungGen: 73600K->34176K(100352K)] 302367K->262943K(760320K), 0.0034637 secs] [Times: user=0.02 sys=0.00, real=0.00 secs] 
2533.657: [GC (Allocation Failure) [PSYoungGen: 86400K->34176K(103936K)] 315167K->262951K(763904K), 0.0034803 secs] [Times: user=0.02 sys=0.00, real=0.00 secs] 
2533.876: [GC (Allocation Failure) [PSYoungGen: 86400K->1408K(110080K)] 315175K->230191K(770048K), 0.0016714 secs] [Times: user=0.01 sys=0.00, real=0.00 secs] 
2535.373: [GC (Allocation Failure) [PSYoungGen: 59264K->2464K(60416K)] 288047K->231247K(720384K), 0.0036040 secs] [Times: user=0.02 sys=0.00, real=0.01 secs] 
2536.694: [GC (Allocation Failure) [PSYoungGen: 52593K->9584K(105472K)] 281377K->238367K(765440K), 0.0040431 secs] [Times: user=0.02 sys=0.00, real=0.01 secs] 
2537.343: [GC (Allocation Failure) [PSYoungGen: 67440K->17824K(75776K)] 296223K->246607K(735744K), 0.0044735 secs] [Times: user=0.02 sys=0.00, real=0.01 secs] 
2537.888: [GC (Allocation Failure) [PSYoungGen: 75680K->34176K(101376K)] 304463K->262959K(761344K), 0.0072737 secs] [Times: user=0.03 sys=0.01, real=0.01 secs] 
2538.383: [GC (Allocation Failure) [PSYoungGen: 87936K->34176K(105472K)] 316719K->262967K(765440K), 0.0060833 secs] [Times: user=0.03 sys=0.00, real=0.01 secs] 
2539.031: [GC (Allocation Failure) [PSYoungGen: 87936K->1440K(107008K)] 316727K->230239K(766976K), 0.0025454 secs] [Times: user=0.01 sys=0.00, real=0.00 secs] 
2540.227: [GC (Allocation Failure) [PSYoungGen: 55200K->5536K(59392K)] 283999K->234351K(719360K), 0.0019114 secs] [Times: user=0.00 sys=0.00, real=0.00 secs] 
2540.399: [GC (Allocation Failure) [PSYoungGen: 59296K->17792K(99840K)] 288111K->246607K(759808K), 0.0023317 secs] [Times: user=0.01 sys=0.00, real=0.00 secs] 
2540.591: [GC (Allocation Failure) [PSYoungGen: 63983K->17792K(71680K)] 292798K->246615K(731648K), 0.0023263 secs] [Times: user=0.01 sys=0.00, real=0.00 secs] 
2540.749: [GC (Allocation Failure) [PSYoungGen: 71552K->34176K(96768K)] 300375K->262999K(756736K), 0.0030175 secs] [Times: user=0.01 sys=0.00, real=0.00 secs] 
2540.958: [GC (Allocation Failure) [PSYoungGen: 84352K->34208K(100352K)] 313175K->263039K(760320K), 0.0033746 secs] [Times: user=0.01 sys=0.00, real=0.00 secs] 
2541.168: [GC (Allocation Failure) [PSYoungGen: 84384K->1408K(108032K)] 313215K->230247K(768000K), 0.0016717 secs] [Times: user=0.01 sys=0.00, real=0.00 secs] 
2542.066: [GC (Allocation Failure) [PSYoungGen: 57216K->5536K(61440K)] 286055K->234383K(721408K), 0.0018592 secs] [Times: user=0.01 sys=0.00, real=0.00 secs] 
2542.247: [GC (Allocation Failure) [PSYoungGen: 61344K->17824K(110080K)] 290191K->246671K(770048K), 0.0024160 secs] [Times: user=0.01 sys=0.00, real=0.00 secs] 
2542.448: [GC (Allocation Failure) [PSYoungGen: 66045K->17776K(107008K)] 294892K->246655K(766976K), 0.0021666 secs] [Times: user=0.00 sys=0.00, real=0.00 secs] 
2542.626: [GC (Allocation Failure) [PSYoungGen: 76656K->34208K(107008K)] 305535K->263095K(766976K), 0.0045556 secs] [Times: user=0.02 sys=0.00, real=0.00 secs] 
2543.046: [GC (Allocation Failure) [PSYoungGen: 95648K->34208K(110592K)] 324535K->263103K(770560K), 0.0045709 secs] [Times: user=0.02 sys=0.00, real=0.00 secs] 
2543.519: [GC (Allocation Failure) [PSYoungGen: 95648K->1376K(119296K)] 324543K->230287K(779264K), 0.0020001 secs] [Times: user=0.01 sys=0.00, real=0.00 secs] 
2544.959: [GC (Allocation Failure) [PSYoungGen: 69472K->9632K(77312K)] 298383K->238551K(737280K), 0.0020652 secs] [Times: user=0.00 sys=0.00, real=0.00 secs] 
2545.363: [GC (Allocation Failure) [PSYoungGen: 74482K->17808K(110592K)] 303402K->246727K(770560K), 0.0025835 secs] [Times: user=0.01 sys=0.00, real=0.01 secs] 
2545.578: [GC (Allocation Failure) [PSYoungGen: 84880K->34208K(114176K)] 313799K->263127K(774144K), 0.0035225 secs] [Times: user=0.02 sys=0.00, real=0.00 secs] 
2545.966: [GC (Allocation Failure) [PSYoungGen: 101280K->1376K(110080K)] 330199K->230295K(770048K), 0.0019186 secs] [Times: user=0.01 sys=0.00, real=0.00 secs] 
2547.316: [GC (Allocation Failure) [PSYoungGen: 68448K->3488K(70656K)] 297367K->232407K(730624K), 0.0022486 secs] [Times: user=0.01 sys=0.00, real=0.00 secs] 
2547.784: [GC (Allocation Failure) [PSYoungGen: 70560K->17792K(111104K)] 299479K->246711K(771072K), 0.0033287 secs] [Times: user=0.02 sys=0.00, real=0.01 secs] 
2547.987: [GC (Allocation Failure) [PSYoungGen: 84864K->34208K(113664K)] 313783K->263135K(773632K), 0.0038160 secs] [Times: user=0.01 sys=0.00, real=0.00 secs] 
2548.268: [GC (Allocation Failure) [PSYoungGen: 101280K->34208K(114176K)] 330207K->263135K(774144K), 0.0043854 secs] [Times: user=0.02 sys=0.00, real=0.00 secs] 
2548.726: [GC (Allocation Failure) [PSYoungGen: 98208K->1408K(65536K)] 327135K->230351K(725504K), 0.0020036 secs] [Times: user=0.01 sys=0.00, real=0.00 secs] 
2549.988: [GC (Allocation Failure) [PSYoungGen: 65408K->5536K(114688K)] 294351K->234487K(774656K), 0.0018743 secs] [Times: user=0.01 sys=0.00, real=0.00 secs] 
2550.378: [GC (Allocation Failure) [PSYoungGen: 69536K->17792K(81920K)] 298487K->246743K(741888K), 0.0022981 secs] [Times: user=0.00 sys=0.00, real=0.00 secs] 
2550.705: [GC (Allocation Failure) [PSYoungGen: 81792K->34176K(109568K)] 310743K->263127K(769536K), 0.0034411 secs] [Times: user=0.02 sys=0.00, real=0.00 secs] 
2551.116: [GC (Allocation Failure) [PSYoungGen: 95104K->34176K(112640K)] 324055K->263135K(772608K), 0.0035923 secs] [Times: user=0.02 sys=0.00, real=0.00 secs] 
2551.636: [GC (Allocation Failure) [PSYoungGen: 95104K->1376K(115200K)] 324063K->230335K(775168K), 0.0018232 secs] [Times: user=0.00 sys=0.00, real=0.00 secs] 
2553.390: [GC (Allocation Failure) [PSYoungGen: 62304K->5568K(66560K)] 291263K->234535K(726528K), 0.0031445 secs] [Times: user=0.02 sys=0.00, real=0.00 secs] 
2553.951: [GC (Allocation Failure) [PSYoungGen: 66496K->17792K(107520K)] 295463K->246767K(767488K), 0.0048849 secs] [Times: user=0.02 sys=0.00, real=0.01 secs] 
2554.563: [GC (Allocation Failure) [PSYoungGen: 78720K->34176K(110592K)] 307695K->263159K(770560K), 0.0056972 secs] [Times: user=0.03 sys=0.00, real=0.01 secs] 
2555.149: [GC (Allocation Failure) [PSYoungGen: 95104K->34208K(111616K)] 324087K->263199K(771584K), 0.0054271 secs] [Times: user=0.02 sys=0.00, real=0.00 secs] 
2555.701: [GC (Allocation Failure) [PSYoungGen: 93088K->1440K(113664K)] 322079K->230439K(773632K), 0.0031618 secs] [Times: user=0.01 sys=0.00, real=0.01 secs] 
2557.027: [GC (Allocation Failure) [PSYoungGen: 60320K->3520K(111616K)] 289319K->232527K(771584K), 0.0018298 secs] [Times: user=0.01 sys=0.00, real=0.00 secs] 
2557.260: [GC (Allocation Failure) [PSYoungGen: 56683K->9632K(68608K)] 285690K->238647K(728576K), 0.0018617 secs] [Times: user=0.00 sys=0.00, real=0.00 secs] 
2557.651: [GC (Allocation Failure) [PSYoungGen: 68512K->17792K(103936K)] 297527K->246815K(763904K), 0.0020585 secs] [Times: user=0.01 sys=0.00, real=0.00 secs] 
2558.142: [GC (Allocation Failure) [PSYoungGen: 76672K->34208K(107008K)] 305695K->263231K(766976K), 0.0057255 secs] [Times: user=0.03 sys=0.00, real=0.01 secs] 
2558.868: [GC (Allocation Failure) [PSYoungGen: 93088K->34208K(108032K)] 322111K->263239K(768000K), 0.0080309 secs] [Times: user=0.04 sys=0.01, real=0.01 secs] 
2559.715: [GC (Allocation Failure) [PSYoungGen: 90528K->1408K(110592K)] 319559K->230447K(770560K), 0.0038775 secs] [Times: user=0.02 sys=0.00, real=0.00 secs] 
2561.559: [GC (Allocation Failure) [PSYoungGen: 57728K->9664K(105472K)] 286767K->238711K(765440K), 0.0031428 secs] [Times: user=0.01 sys=0.00, real=0.00 secs] 
2561.759: [GC (Allocation Failure) [PSYoungGen: 65984K->17824K(74240K)] 295031K->246879K(734208K), 0.0025476 secs] [Times: user=0.01 sys=0.00, real=0.00 secs] 
2561.926: [GC (Allocation Failure) [PSYoungGen: 74144K->34208K(101888K)] 303199K->263263K(761856K), 0.0034847 secs] [Times: user=0.02 sys=0.00, real=0.00 secs] 
2562.197: [GC (Allocation Failure) [PSYoungGen: 87456K->34176K(104960K)] 316511K->263239K(764928K), 0.0032950 secs] [Times: user=0.01 sys=0.00, real=0.00 secs] 
2562.592: [GC (Allocation Failure) [PSYoungGen: 87424K->1440K(101376K)] 316487K->230511K(761344K), 0.0015224 secs] [Times: user=0.01 sys=0.00, real=0.00 secs] 
2562.970: [GC (Allocation Failure) [PSYoungGen: 54688K->1392K(54784K)] 283759K->230471K(714752K), 0.0037742 secs] [Times: user=0.02 sys=0.00, real=0.00 secs] 
2564.813: [GC (Allocation Failure) [PSYoungGen: 54640K->9632K(102400K)] 283719K->238711K(762368K), 0.0032462 secs] [Times: user=0.01 sys=0.00, real=0.01 secs] 
2565.215: [GC (Allocation Failure) [PSYoungGen: 62880K->17824K(71168K)] 291959K->246903K(731136K), 0.0041589 secs] [Times: user=0.01 sys=0.01, real=0.00 secs] 
2565.501: [GC (Allocation Failure) [PSYoungGen: 71072K->34176K(97792K)] 300151K->263263K(757760K), 0.0047879 secs] [Times: user=0.02 sys=0.00, real=0.01 secs] 
2565.888: [GC (Allocation Failure) [PSYoungGen: 83840K->34208K(101376K)] 312927K->263311K(761344K), 0.0047990 secs] [Times: user=0.02 sys=0.00, real=0.00 secs] 
2566.279: [GC (Allocation Failure) [PSYoungGen: 83872K->1408K(97280K)] 312975K->230519K(757248K), 0.0024878 secs] [Times: user=0.01 sys=0.00, real=0.00 secs] 
2566.668: [GC (Allocation Failure) [PSYoungGen: 51072K->1360K(51200K)] 280183K->230479K(711168K), 0.0025060 secs] [Times: user=0.01 sys=0.01, real=0.00 secs] 
2567.712: [GC (Allocation Failure) [PSYoungGen: 51024K->9632K(97792K)] 280143K->238759K(757760K), 0.0020533 secs] [Times: user=0.00 sys=0.00, real=0.00 secs] 
2567.939: [GC (Allocation Failure) [PSYoungGen: 59296K->17808K(67584K)] 288423K->246935K(727552K), 0.0026495 secs] [Times: user=0.01 sys=0.00, real=0.00 secs] 
2568.086: [GC (Allocation Failure) [PSYoungGen: 53552K->17760K(92672K)] 282680K->246895K(752640K), 0.0025596 secs] [Times: user=0.01 sys=0.00, real=0.00 secs] 
2568.333: [GC (Allocation Failure) [PSYoungGen: 67424K->34208K(95232K)] 296559K->263351K(755200K), 0.0030512 secs] [Times: user=0.01 sys=0.00, real=0.01 secs] 
2568.900: [GC (Allocation Failure) [PSYoungGen: 83872K->34208K(101376K)] 313015K->263359K(761344K), 0.0052041 secs] [Times: user=0.03 sys=0.00, real=0.01 secs] 
2569.408: [GC (Allocation Failure) [PSYoungGen: 86432K->1408K(104448K)] 315583K->230567K(764416K), 0.0025380 secs] [Times: user=0.00 sys=0.00, real=0.00 secs] 
2570.868: [GC (Allocation Failure) [PSYoungGen: 53632K->2432K(102400K)] 282791K->231591K(762368K), 0.0028119 secs] [Times: user=0.01 sys=0.00, real=0.00 secs] 
2571.771: [GC (Allocation Failure) [PSYoungGen: 51308K->9600K(61952K)] 280468K->238767K(721920K), 0.0041511 secs] [Times: user=0.01 sys=0.00, real=0.01 secs] 
2572.293: [GC (Allocation Failure) [PSYoungGen: 61824K->17824K(96768K)] 290991K->246991K(756736K), 0.0043723 secs] [Times: user=0.02 sys=0.00, real=0.01 secs] 
2572.714: [GC (Allocation Failure) [PSYoungGen: 70048K->34208K(98816K)] 299215K->263383K(758784K), 0.0062142 secs] [Times: user=0.03 sys=0.00, real=0.01 secs] 
2573.386: [GC (Allocation Failure) [PSYoungGen: 86432K->34176K(99328K)] 315607K->263359K(759296K), 0.0059191 secs] [Times: user=0.03 sys=0.00, real=0.00 secs] 
2573.910: [GC (Allocation Failure) [PSYoungGen: 83328K->1408K(50688K)] 312511K->230599K(710656K), 0.0026131 secs] [Times: user=0.01 sys=0.00, real=0.00 secs] 
2575.014: [GC (Allocation Failure) [PSYoungGen: 50560K->1696K(100864K)] 279751K->230887K(760832K), 0.0015860 secs] [Times: user=0.01 sys=0.00, real=0.01 secs] 
2575.187: [GC (Allocation Failure) [PSYoungGen: 50848K->9568K(58880K)] 280039K->238783K(718848K), 0.0019007 secs] [Times: user=0.01 sys=0.00, real=0.00 secs] 
2575.480: [GC (Allocation Failure) [PSYoungGen: 58720K->17824K(93696K)] 287935K->247039K(753664K), 0.0021901 secs] [Times: user=0.01 sys=0.00, real=0.00 secs] 
2575.755: [GC (Allocation Failure) [PSYoungGen: 66976K->34144K(96256K)] 296191K->263367K(756224K), 0.0032306 secs] [Times: user=0.01 sys=0.00, real=0.00 secs] 
2576.161: [GC (Allocation Failure) [PSYoungGen: 83296K->34144K(96768K)] 312519K->263375K(756736K), 0.0051694 secs] [Times: user=0.03 sys=0.00, real=0.01 secs] 
2576.546: [GC (Allocation Failure) [PSYoungGen: 80224K->34208K(99840K)] 309455K->263439K(759808K), 0.0040133 secs] [Times: user=0.02 sys=0.00, real=0.00 secs] 
2577.024: [GC (Allocation Failure) [PSYoungGen: 80288K->1376K(101888K)] 309519K->230615K(761856K), 0.0023893 secs] [Times: user=0.01 sys=0.00, real=0.01 secs] 
2578.115: [GC (Allocation Failure) [PSYoungGen: 47456K->5536K(51712K)] 276695K->234775K(711680K), 0.0019104 secs] [Times: user=0.01 sys=0.00, real=0.00 secs] 
2578.289: [GC (Allocation Failure) [PSYoungGen: 44628K->9648K(95232K)] 273868K->238895K(755200K), 0.0018069 secs] [Times: user=0.00 sys=0.00, real=0.00 secs] 
2578.500: [GC (Allocation Failure) [PSYoungGen: 55728K->17792K(64000K)] 284975K->247039K(723968K), 0.0024187 secs] [Times: user=0.01 sys=0.00, real=0.00 secs] 
2578.730: [GC (Allocation Failure) [PSYoungGen: 63872K->34176K(91136K)] 293119K->263431K(751104K), 0.0032758 secs] [Times: user=0.02 sys=0.01, real=0.00 secs] 
2579.103: [GC (Allocation Failure) [PSYoungGen: 76672K->34208K(94720K)] 305927K->263471K(754688K), 0.0048379 secs] [Times: user=0.03 sys=0.00, real=0.01 secs] 
2579.454: [GC (Allocation Failure) [PSYoungGen: 76704K->34208K(100352K)] 305967K->263479K(760320K), 0.0042700 secs] [Times: user=0.02 sys=0.00, real=0.01 secs] 
2579.805: [GC (Allocation Failure) [PSYoungGen: 79776K->1376K(101888K)] 309047K->230647K(761856K), 0.0022444 secs] [Times: user=0.00 sys=0.00, real=0.00 secs] 
2580.837: [GC (Allocation Failure) [PSYoungGen: 45999K->3472K(99840K)] 275271K->232751K(759808K), 0.0019745 secs] [Times: user=0.01 sys=0.00, real=0.00 secs] 
2581.009: [GC (Allocation Failure) [PSYoungGen: 49040K->9600K(55296K)] 278319K->238879K(715264K), 0.0024496 secs] [Times: user=0.01 sys=0.00, real=0.00 secs] 
2581.160: [GC (Allocation Failure) [PSYoungGen: 55168K->17792K(100352K)] 284447K->247079K(760320K), 0.0026464 secs] [Times: user=0.01 sys=0.00, real=0.00 secs] 
2581.298: [GC (Allocation Failure) [PSYoungGen: 66944K->34208K(98816K)] 296231K->263503K(758784K), 0.0036832 secs] [Times: user=0.02 sys=0.01, real=0.00 secs] 
2581.648: [GC (Allocation Failure) [PSYoungGen: 83360K->34176K(105984K)] 312655K->263487K(765952K), 0.0039515 secs] [Times: user=0.02 sys=0.00, real=0.00 secs] 
2582.041: [GC (Allocation Failure) [PSYoungGen: 87424K->1376K(108544K)] 316735K->230711K(768512K), 0.0024922 secs] [Times: user=0.00 sys=0.00, real=0.00 secs] 
2582.960: [GC (Allocation Failure) [PSYoungGen: 54624K->1405K(100864K)] 283959K->230748K(760832K), 0.0013813 secs] [Times: user=0.00 sys=0.00, real=0.00 secs] 
2583.466: [GC (Allocation Failure) [PSYoungGen: 54653K->9664K(62976K)] 283996K->239015K(722944K), 0.0019013 secs] [Times: user=0.01 sys=0.00, real=0.00 secs] 
2583.863: [GC (Allocation Failure) [PSYoungGen: 62912K->17792K(98816K)] 292263K->247143K(758784K), 0.0023177 secs] [Times: user=0.01 sys=0.00, real=0.01 secs] 
2584.244: [GC (Allocation Failure) [PSYoungGen: 71040K->34176K(101888K)] 300391K->263527K(761856K), 0.0080281 secs] [Times: user=0.04 sys=0.00, real=0.01 secs] 
2584.792: [GC (Allocation Failure) [PSYoungGen: 87424K->34208K(108544K)] 316775K->263559K(768512K), 0.0075520 secs] [Times: user=0.03 sys=0.00, real=0.01 secs] 
2585.402: [GC (Allocation Failure) [PSYoungGen: 90528K->1408K(57856K)] 319879K->230767K(717824K), 0.0029617 secs] [Times: user=0.01 sys=0.00, real=0.01 secs] 
2586.806: [GC (Allocation Failure) [PSYoungGen: 57728K->2432K(108544K)] 287087K->231791K(768512K), 0.0017936 secs] [Times: user=0.01 sys=0.00, real=0.00 secs] 
2587.027: [GC (Allocation Failure) [PSYoungGen: 55850K->9584K(66048K)] 285210K->238943K(726016K), 0.0019458 secs] [Times: user=0.01 sys=0.00, real=0.00 secs] 
2587.228: [GC (Allocation Failure) [PSYoungGen: 65904K->17792K(101888K)] 295263K->247151K(761856K), 0.0023935 secs] [Times: user=0.01 sys=0.00, real=0.00 secs] 
2587.474: [GC (Allocation Failure) [PSYoungGen: 74112K->34208K(104448K)] 303471K->263567K(764416K), 0.0035156 secs] [Times: user=0.02 sys=0.00, real=0.01 secs] 
2587.837: [GC (Allocation Failure) [PSYoungGen: 90528K->34208K(111616K)] 319887K->263575K(771584K), 0.0039497 secs] [Times: user=0.02 sys=0.00, real=0.00 secs] 
2588.533: [GC (Allocation Failure) [PSYoungGen: 94112K->1408K(114176K)] 323479K->230783K(774144K), 0.0022615 secs] [Times: user=0.01 sys=0.00, real=0.01 secs] 
2589.625: [GC (Allocation Failure) [PSYoungGen: 61312K->9632K(109056K)] 290687K->239015K(769024K), 0.0018468 secs] [Times: user=0.01 sys=0.00, real=0.00 secs] 
2589.889: [GC (Allocation Failure) [PSYoungGen: 69536K->17808K(77824K)] 298919K->247191K(737792K), 0.0022496 secs] [Times: user=0.01 sys=0.00, real=0.00 secs] 
2590.070: [GC (Allocation Failure) [PSYoungGen: 77712K->34208K(105472K)] 307095K->263599K(765440K), 0.0030048 secs] [Times: user=0.02 sys=0.00, real=0.00 secs] 
2590.355: [GC (Allocation Failure) [PSYoungGen: 91040K->34176K(108544K)] 320431K->263567K(768512K), 0.0032937 secs] [Times: user=0.02 sys=0.00, real=0.00 secs] 
2590.592: [GC (Allocation Failure) [PSYoungGen: 91008K->1408K(104960K)] 320399K->230807K(764928K), 0.0018274 secs] [Times: user=0.01 sys=0.00, real=0.00 secs] 
2591.712: [GC (Allocation Failure) [PSYoungGen: 58240K->3488K(60416K)] 287639K->232895K(720384K), 0.0017538 secs] [Times: user=0.01 sys=0.00, real=0.00 secs] 
2592.147: [GC (Allocation Failure) [PSYoungGen: 52804K->9600K(104960K)] 282211K->239015K(764928K), 0.0018370 secs] [Times: user=0.00 sys=0.00, real=0.00 secs] 
2592.916: [GC (Allocation Failure) [PSYoungGen: 66432K->17824K(74752K)] 295847K->247239K(734720K), 0.0024219 secs] [Times: user=0.01 sys=0.00, real=0.00 secs] 
2593.630: [GC (Allocation Failure) [PSYoungGen: 74656K->34208K(101888K)] 304071K->263631K(761856K), 0.0037560 secs] [Times: user=0.01 sys=0.00, real=0.00 secs] 
2594.452: [GC (Allocation Failure) [PSYoungGen: 87968K->34176K(104960K)] 317391K->263615K(764928K), 0.0037704 secs] [Times: user=0.02 sys=0.00, real=0.01 secs] 
2594.924: [GC (Allocation Failure) [PSYoungGen: 87936K->1376K(107008K)] 317375K->230823K(766976K), 0.0020635 secs] [Times: user=0.01 sys=0.00, real=0.01 secs] 
2596.065: [GC (Allocation Failure) [PSYoungGen: 55136K->5536K(59392K)] 284583K->234991K(719360K), 0.0020042 secs] [Times: user=0.00 sys=0.00, real=0.00 secs] 
2596.242: [GC (Allocation Failure) [PSYoungGen: 59296K->17792K(99840K)] 288751K->247255K(759808K), 0.0022634 secs] [Times: user=0.00 sys=0.00, real=0.00 secs] 
2596.487: [GC (Allocation Failure) [PSYoungGen: 67058K->17792K(71680K)] 296521K->247255K(731648K), 0.0025914 secs] [Times: user=0.01 sys=0.00, real=0.00 secs] 
2596.646: [GC (Allocation Failure) [PSYoungGen: 71552K->34176K(97280K)] 301015K->263647K(757248K), 0.0032336 secs] [Times: user=0.01 sys=0.00, real=0.00 secs] 
2596.893: [GC (Allocation Failure) [PSYoungGen: 84864K->34208K(100352K)] 314335K->263687K(760320K), 0.0032519 secs] [Times: user=0.01 sys=0.00, real=0.01 secs] 
2597.195: [GC (Allocation Failure) [PSYoungGen: 84896K->1408K(97792K)] 314375K->230895K(757760K), 0.0017514 secs] [Times: user=0.00 sys=0.00, real=0.00 secs] 
2598.247: [GC (Allocation Failure) [PSYoungGen: 51053K->3488K(54272K)] 280540K->232975K(714240K), 0.0018085 secs] [Times: user=0.01 sys=0.00, real=0.00 secs] 
2598.533: [GC (Allocation Failure) [PSYoungGen: 50804K->9584K(97280K)] 280292K->239071K(757248K), 0.0018503 secs] [Times: user=0.01 sys=0.00, real=0.01 secs] 
2598.835: [GC (Allocation Failure) [PSYoungGen: 60272K->17824K(68608K)] 289759K->247319K(728576K), 0.0022892 secs] [Times: user=0.01 sys=0.00, real=0.00 secs] 
2599.081: [GC (Allocation Failure) [PSYoungGen: 68512K->34208K(93696K)] 298007K->263703K(753664K), 0.0035478 secs] [Times: user=0.01 sys=0.00, real=0.00 secs] 
2599.426: [GC (Allocation Failure) [PSYoungGen: 81312K->34176K(97280K)] 310807K->263679K(757248K), 0.0040073 secs] [Times: user=0.02 sys=0.00, real=0.00 secs] 
2599.774: [GC (Allocation Failure) [PSYoungGen: 81280K->1408K(99328K)] 310783K->230919K(759296K), 0.0020593 secs] [Times: user=0.01 sys=0.00, real=0.01 secs] 
2600.127: [GC (Allocation Failure) [PSYoungGen: 48512K->1440K(48640K)] 278023K->230959K(708608K), 0.0028917 secs] [Times: user=0.01 sys=0.00, real=0.00 secs] 
2601.355: [GC (Allocation Failure) [PSYoungGen: 48544K->9632K(94208K)] 278063K->239151K(754176K), 0.0021676 secs] [Times: user=0.01 sys=0.00, real=0.00 secs] 
2601.518: [GC (Allocation Failure) [PSYoungGen: 56736K->17792K(65024K)] 286255K->247319K(724992K), 0.0026502 secs] [Times: user=0.01 sys=0.00, real=0.00 secs] 
2601.724: [GC (Allocation Failure) [PSYoungGen: 58276K->17792K(90112K)] 287804K->247327K(750080K), 0.0027070 secs] [Times: user=0.01 sys=0.00, real=0.01 secs] 
2601.920: [GC (Allocation Failure) [PSYoungGen: 64896K->34144K(92160K)] 294431K->263695K(752128K), 0.0037692 secs] [Times: user=0.02 sys=0.00, real=0.00 secs] 
2602.258: [GC (Allocation Failure) [PSYoungGen: 81248K->34176K(98304K)] 310799K->263735K(758272K), 0.0038561 secs] [Times: user=0.02 sys=0.00, real=0.00 secs] 
2602.649: [GC (Allocation Failure) [PSYoungGen: 83840K->1408K(101376K)] 313399K->230975K(761344K), 0.0021386 secs] [Times: user=0.00 sys=0.00, real=0.00 secs] 
2603.772: [GC (Allocation Failure) [PSYoungGen: 51072K->1696K(93696K)] 280639K->231263K(753664K), 0.0013857 secs] [Times: user=0.01 sys=0.00, real=0.00 secs] 
2604.255: [GC (Allocation Failure) [PSYoungGen: 51360K->9632K(59392K)] 280927K->239199K(719360K), 0.0032387 secs] [Times: user=0.02 sys=0.00, real=0.00 secs] 
2604.756: [GC (Allocation Failure) [PSYoungGen: 59296K->17792K(93184K)] 288863K->247359K(753152K), 0.0064455 secs] [Times: user=0.03 sys=0.00, real=0.00 secs] 
2605.146: [GC (Allocation Failure) [PSYoungGen: 67456K->34176K(95744K)] 297023K->263751K(755712K), 0.0079285 secs] [Times: user=0.04 sys=0.00, real=0.00 secs] 
2605.478: [GC (Allocation Failure) [PSYoungGen: 83840K->34144K(102912K)] 313415K->263727K(762880K), 0.0041658 secs] [Times: user=0.02 sys=0.00, real=0.00 secs] 
2605.700: [GC (Allocation Failure) [PSYoungGen: 86880K->1376K(105472K)] 316463K->230967K(765440K), 0.0018291 secs] [Times: user=0.01 sys=0.00, real=0.00 secs] 
2605.951: [GC (Allocation Failure) [PSYoungGen: 54112K->1376K(109056K)] 283703K->230967K(769024K), 0.0018398 secs] [Times: user=0.01 sys=0.00, real=0.00 secs] 
2607.058: [GC (Allocation Failure) [PSYoungGen: 59744K->9664K(68096K)] 289335K->239263K(728064K), 0.0020809 secs] [Times: user=0.01 sys=0.00, real=0.00 secs] 
2607.481: [GC (Allocation Failure) [PSYoungGen: 68032K->17792K(103424K)] 297631K->247391K(763392K), 0.0040678 secs] [Times: user=0.02 sys=0.00, real=0.01 secs] 
2607.665: [GC (Allocation Failure) [PSYoungGen: 76160K->34176K(105472K)] 305759K->263775K(765440K), 0.0039283 secs] [Times: user=0.01 sys=0.00, real=0.00 secs] 
2607.910: [GC (Allocation Failure) [PSYoungGen: 92544K->34160K(112640K)] 322143K->263767K(772608K), 0.0063399 secs] [Times: user=0.03 sys=0.00, real=0.01 secs] 
2608.171: [GC (Allocation Failure) [PSYoungGen: 96112K->1408K(115712K)] 325719K->231023K(775680K), 0.0017383 secs] [Times: user=0.01 sys=0.00, real=0.00 secs] 
2609.427: [GC (Allocation Failure) [PSYoungGen: 63360K->9664K(115712K)] 292975K->239295K(775680K), 0.0023212 secs] [Times: user=0.01 sys=0.00, real=0.00 secs] 
2609.996: [GC (Allocation Failure) [PSYoungGen: 78272K->17824K(86016K)] 307903K->247463K(745984K), 0.0027802 secs] [Times: user=0.02 sys=0.00, real=0.00 secs] 
2610.646: [GC (Allocation Failure) [PSYoungGen: 85920K->34176K(113152K)] 315559K->263815K(773120K), 0.0045397 secs] [Times: user=0.02 sys=0.00, real=0.00 secs] 
2611.551: [GC (Allocation Failure) [PSYoungGen: 99200K->34144K(116224K)] 328839K->263783K(776192K), 0.0049900 secs] [Times: user=0.02 sys=0.00, real=0.01 secs] 
2612.074: [GC (Allocation Failure) [PSYoungGen: 99168K->1408K(118784K)] 328807K->231047K(778752K), 0.0025964 secs] [Times: user=0.01 sys=0.00, real=0.01 secs] 
2613.076: [GC (Allocation Failure) [PSYoungGen: 66432K->9632K(74752K)] 296071K->239279K(734720K), 0.0017728 secs] [Times: user=0.00 sys=0.00, real=0.00 secs] 
2613.312: [GC (Allocation Failure) [PSYoungGen: 74656K->17792K(110592K)] 304303K->247447K(770560K), 0.0024084 secs] [Times: user=0.01 sys=0.00, real=0.00 secs] 
2613.514: [GC (Allocation Failure) [PSYoungGen: 82816K->34176K(113664K)] 312471K->263831K(773632K), 0.0030864 secs] [Times: user=0.01 sys=0.00, real=0.01 secs] 
2613.785: [GC (Allocation Failure) [PSYoungGen: 99200K->1376K(115712K)] 328855K->231039K(775680K), 0.0016262 secs] [Times: user=0.00 sys=0.00, real=0.00 secs] 
2614.752: [GC (Allocation Failure) [PSYoungGen: 66400K->1536K(67072K)] 296063K->231199K(727040K), 0.0016877 secs] [Times: user=0.01 sys=0.00, real=0.00 secs] 
2614.972: [GC (Allocation Failure) [PSYoungGen: 63817K->9584K(110592K)] 293480K->239271K(770560K), 0.0019307 secs] [Times: user=0.01 sys=0.00, real=0.00 secs] 
2615.198: [GC (Allocation Failure) [PSYoungGen: 71983K->17808K(82944K)] 301670K->247503K(742912K), 0.0022123 secs] [Times: user=0.01 sys=0.00, real=0.00 secs] 
2615.402: [GC (Allocation Failure) [PSYoungGen: 82832K->34208K(107520K)] 312527K->263911K(767488K), 0.0030245 secs] [Times: user=0.01 sys=0.00, real=0.01 secs] 
2615.658: [GC (Allocation Failure) [PSYoungGen: 95648K->1424K(62976K)] 325351K->231127K(722944K), 0.0017129 secs] [Times: user=0.01 sys=0.01, real=0.00 secs] 
2616.563: [GC (Allocation Failure) [PSYoungGen: 62864K->288K(109568K)] 292567K->229999K(769536K), 0.0013706 secs] [Times: user=0.00 sys=0.00, real=0.00 secs] 
2617.250: [GC (Allocation Failure) [PSYoungGen: 61728K->9600K(71168K)] 291439K->239319K(731136K), 0.0024056 secs] [Times: user=0.01 sys=0.00, real=0.00 secs] 
2617.811: [GC (Allocation Failure) [PSYoungGen: 71040K->17824K(103424K)] 300759K->247551K(763392K), 0.0042010 secs] [Times: user=0.02 sys=0.00, real=0.01 secs] 
2618.134: [GC (Allocation Failure) [PSYoungGen: 79264K->34176K(105472K)] 308991K->263911K(765440K), 0.0040719 secs] [Times: user=0.02 sys=0.00, real=0.01 secs] 
2618.391: [GC (Allocation Failure) [PSYoungGen: 95616K->34176K(106496K)] 325351K->263911K(766464K), 0.0034763 secs] [Times: user=0.02 sys=0.00, real=0.01 secs] 
2618.633: [GC (Allocation Failure) [PSYoungGen: 92032K->1376K(59392K)] 321767K->231119K(719360K), 0.0018281 secs] [Times: user=0.01 sys=0.00, real=0.01 secs] 
2621.059: [GC (Allocation Failure) [PSYoungGen: 59232K->9632K(104448K)] 288975K->239383K(764416K), 0.0042871 secs] [Times: user=0.02 sys=0.00, real=0.00 secs] 
2621.898: [GC (Allocation Failure) [PSYoungGen: 67488K->17824K(75776K)] 297239K->247583K(735744K), 0.0055939 secs] [Times: user=0.02 sys=0.00, real=0.00 secs] 
2622.220: [GC (Allocation Failure) [PSYoungGen: 75680K->34208K(100864K)] 305439K->263975K(760832K), 0.0047313 secs] [Times: user=0.03 sys=0.00, real=0.01 secs] 
2622.628: [GC (Allocation Failure) [PSYoungGen: 88480K->34176K(104448K)] 318247K->263951K(764416K), 0.0056527 secs] [Times: user=0.02 sys=0.01, real=0.00 secs] 
2623.071: [GC (Allocation Failure) [PSYoungGen: 88448K->1408K(100352K)] 318223K->231183K(760320K), 0.0020814 secs] [Times: user=0.01 sys=0.00, real=0.00 secs] 
2624.602: [GC (Allocation Failure) [PSYoungGen: 55680K->3456K(57856K)] 285455K->233239K(717824K), 0.0021242 secs] [Times: user=0.00 sys=0.00, real=0.00 secs] 
2625.011: [GC (Allocation Failure) [PSYoungGen: 56253K->9600K(100864K)] 286036K->239391K(760832K), 0.0021915 secs] [Times: user=0.01 sys=0.00, real=0.00 secs] 
2625.204: [GC (Allocation Failure) [PSYoungGen: 63872K->17792K(72192K)] 293663K->247591K(732160K), 0.0025749 secs] [Times: user=0.01 sys=0.00, real=0.01 secs] 
2625.458: [GC (Allocation Failure) [PSYoungGen: 72064K->34208K(97792K)] 301863K->264015K(757760K), 0.0034820 secs] [Times: user=0.01 sys=0.00, real=0.00 secs] 
2625.877: [GC (Allocation Failure) [PSYoungGen: 84896K->34176K(101376K)] 314703K->263999K(761344K), 0.0033899 secs] [Times: user=0.02 sys=0.00, real=0.00 secs] 
2626.266: [GC (Allocation Failure) [PSYoungGen: 84864K->1408K(103424K)] 314687K->231239K(763392K), 0.0019259 secs] [Times: user=0.00 sys=0.00, real=0.00 secs] 
2627.389: [GC (Allocation Failure) [PSYoungGen: 52096K->2432K(53248K)] 281927K->232271K(713216K), 0.0019292 secs] [Times: user=0.01 sys=0.00, real=0.00 secs] 
2627.578: [GC (Allocation Failure) [PSYoungGen: 53120K->9632K(97792K)] 282959K->239479K(757760K), 0.0024138 secs] [Times: user=0.01 sys=0.00, real=0.00 secs] 
2627.748: [GC (Allocation Failure) [PSYoungGen: 60320K->17824K(68608K)] 290167K->247671K(728576K), 0.0028888 secs] [Times: user=0.01 sys=0.00, real=0.00 secs] 
2627.982: [GC (Allocation Failure) [PSYoungGen: 68512K->34208K(94208K)] 298359K->264063K(754176K), 0.0039595 secs] [Times: user=0.02 sys=0.00, real=0.01 secs] 
2628.358: [GC (Allocation Failure) [PSYoungGen: 81312K->34208K(97792K)] 311167K->264071K(757760K), 0.0037564 secs] [Times: user=0.02 sys=0.00, real=0.00 secs] 
2628.826: [GC (Allocation Failure) [PSYoungGen: 81312K->1440K(94208K)] 311175K->231311K(754176K), 0.0021040 secs] [Times: user=0.00 sys=0.00, real=0.00 secs] 
2629.294: [GC (Allocation Failure) [PSYoungGen: 48544K->1408K(48640K)] 278415K->231287K(708608K), 0.0018433 secs] [Times: user=0.01 sys=0.00, real=0.01 secs] 
2630.448: [GC (Allocation Failure) [PSYoungGen: 45713K->5552K(95744K)] 275592K->235431K(755712K), 0.0019174 secs] [Times: user=0.00 sys=0.00, real=0.00 secs] 
2630.594: [GC (Allocation Failure) [PSYoungGen: 52656K->17792K(65024K)] 282535K->247671K(724992K), 0.0026485 secs] [Times: user=0.01 sys=0.00, real=0.01 secs] 
2630.798: [GC (Allocation Failure) [PSYoungGen: 64640K->17808K(91136K)] 294519K->247687K(751104K), 0.0024316 secs] [Times: user=0.01 sys=0.00, real=0.00 secs] 
2630.929: [GC (Allocation Failure) [PSYoungGen: 64912K->34144K(93184K)] 294791K->264031K(753152K), 0.0032894 secs] [Times: user=0.01 sys=0.00, real=0.00 secs] 
2631.174: [GC (Allocation Failure) [PSYoungGen: 81248K->34208K(99328K)] 311135K->264103K(759296K), 0.0035154 secs] [Times: user=0.01 sys=0.00, real=0.01 secs] 
2631.408: [GC (Allocation Failure) [PSYoungGen: 83872K->1376K(102400K)] 313767K->231287K(762368K), 0.0018962 secs] [Times: user=0.01 sys=0.01, real=0.00 secs] 
2632.429: [GC (Allocation Failure) [PSYoungGen: 51040K->1984K(94720K)] 280951K->231911K(754688K), 0.0017879 secs] [Times: user=0.01 sys=0.00, real=0.00 secs] 
2632.966: [GC (Allocation Failure) [PSYoungGen: 51648K->9568K(59392K)] 281575K->239503K(719360K), 0.0042123 secs] [Times: user=0.01 sys=0.00, real=0.00 secs] 
2633.321: [GC (Allocation Failure) [PSYoungGen: 59232K->17792K(93696K)] 289167K->247727K(753664K), 0.0035385 secs] [Times: user=0.01 sys=0.00, real=0.00 secs] 
2633.520: [GC (Allocation Failure) [PSYoungGen: 67456K->34208K(96256K)] 297391K->264151K(756224K), 0.0037514 secs] [Times: user=0.02 sys=0.00, real=0.00 secs] 
2633.728: [GC (Allocation Failure) [PSYoungGen: 83872K->34176K(102912K)] 313815K->264127K(762880K), 0.0041262 secs] [Times: user=0.02 sys=0.00, real=0.00 secs] 
2633.971: [GC (Allocation Failure) [PSYoungGen: 86400K->1408K(105984K)] 316351K->231375K(765952K), 0.0019769 secs] [Times: user=0.01 sys=0.00, real=0.00 secs] 
2634.260: [GC (Allocation Failure) [PSYoungGen: 53632K->1376K(108544K)] 283599K->231351K(768512K), 0.0018864 secs] [Times: user=0.00 sys=0.00, real=0.00 secs] 
2636.224: [GC (Allocation Failure) [PSYoungGen: 59232K->9664K(67584K)] 289207K->239647K(727552K), 0.0039177 secs] [Times: user=0.02 sys=0.00, real=0.01 secs] 
2636.782: [GC (Allocation Failure) [PSYoungGen: 67520K->17792K(102400K)] 297503K->247775K(762368K), 0.0051786 secs] [Times: user=0.03 sys=0.00, real=0.01 secs] 
2637.187: [GC (Allocation Failure) [PSYoungGen: 75648K->34208K(104960K)] 305631K->264191K(764928K), 0.0084780 secs] [Times: user=0.04 sys=0.00, real=0.01 secs] 
2637.940: [GC (Allocation Failure) [PSYoungGen: 92064K->34208K(113152K)] 322047K->264199K(773120K), 0.0137533 secs] [Times: user=0.07 sys=0.01, real=0.01 secs] 
2638.737: [GC (Allocation Failure) [PSYoungGen: 96160K->1408K(115712K)] 326151K->231415K(775680K), 0.0034549 secs] [Times: user=0.02 sys=0.00, real=0.00 secs] 
2640.776: [GC (Allocation Failure) [PSYoungGen: 61318K->5504K(104960K)] 291325K->235519K(764928K), 0.0037354 secs] [Times: user=0.02 sys=0.00, real=0.00 secs] 
2641.217: [GC (Allocation Failure) [PSYoungGen: 67456K->17792K(79872K)] 297471K->247807K(739840K), 0.0035151 secs] [Times: user=0.01 sys=0.00, real=0.00 secs] 
2641.401: [GC (Allocation Failure) [PSYoungGen: 79744K->34208K(108032K)] 309759K->264223K(768000K), 0.0033826 secs] [Times: user=0.01 sys=0.00, real=0.00 secs] 
2641.647: [GC (Allocation Failure) [PSYoungGen: 93088K->34176K(111104K)] 323103K->264191K(771072K), 0.0035765 secs] [Times: user=0.02 sys=0.00, real=0.00 secs] 
2641.893: [GC (Allocation Failure) [PSYoungGen: 93056K->1392K(118272K)] 323071K->231415K(778240K), 0.0017336 secs] [Times: user=0.00 sys=0.00, real=0.01 secs] 
2642.832: [GC (Allocation Failure) [PSYoungGen: 66416K->5520K(70656K)] 296439K->235559K(730624K), 0.0017862 secs] [Times: user=0.01 sys=0.00, real=0.00 secs] 
2643.051: [GC (Allocation Failure) [PSYoungGen: 70544K->17792K(111616K)] 300583K->247831K(771584K), 0.0022511 secs] [Times: user=0.01 sys=0.00, real=0.00 secs] 
2643.253: [GC (Allocation Failure) [PSYoungGen: 82816K->34176K(114688K)] 312855K->264215K(774656K), 0.0030745 secs] [Times: user=0.02 sys=0.00, real=0.01 secs] 
2643.524: [GC (Allocation Failure) [PSYoungGen: 99200K->34144K(123392K)] 329239K->264191K(783360K), 0.0055579 secs] [Times: user=0.03 sys=0.00, real=0.01 secs] 
2643.819: [GC (Allocation Failure) [PSYoungGen: 104288K->1408K(125440K)] 334335K->231463K(785408K), 0.0024599 secs] [Times: user=0.01 sys=0.00, real=0.00 secs] 
2644.901: [GC (Allocation Failure) [PSYoungGen: 71552K->9664K(111616K)] 301607K->239735K(771584K), 0.0022094 secs] [Times: user=0.01 sys=0.00, real=0.00 secs] 
2645.158: [GC (Allocation Failure) [PSYoungGen: 79296K->17824K(87040K)] 309367K->247903K(747008K), 0.0024931 secs] [Times: user=0.02 sys=0.00, real=0.00 secs] 
2645.377: [GC (Allocation Failure) [PSYoungGen: 86944K->34144K(115712K)] 317023K->264231K(775680K), 0.0032799 secs] [Times: user=0.02 sys=0.00, real=0.00 secs] 
2645.749: [GC (Allocation Failure) [PSYoungGen: 100192K->1344K(67584K)] 330279K->231431K(727552K), 0.0019524 secs] [Times: user=0.01 sys=0.00, real=0.00 secs] 
2647.043: [GC (Allocation Failure) [PSYoungGen: 67392K->1664K(116224K)] 297479K->231759K(776192K), 0.0017322 secs] [Times: user=0.00 sys=0.00, real=0.01 secs] 
2647.320: [GC (Allocation Failure) [PSYoungGen: 61638K->9584K(75776K)] 291734K->239679K(735744K), 0.0025846 secs] [Times: user=0.01 sys=0.00, real=0.00 secs] 
2647.603: [GC (Allocation Failure) [PSYoungGen: 72808K->17792K(110592K)] 302903K->247887K(770560K), 0.0023802 secs] [Times: user=0.01 sys=0.00, real=0.01 secs] 
2647.812: [GC (Allocation Failure) [PSYoungGen: 83840K->34208K(112640K)] 313935K->264303K(772608K), 0.0032996 secs] [Times: user=0.01 sys=0.00, real=0.01 secs] 
2648.293: [GC (Allocation Failure) [PSYoungGen: 100256K->1376K(115200K)] 330351K->231479K(775168K), 0.0017488 secs] [Times: user=0.01 sys=0.00, real=0.01 secs] 
2649.875: [GC (Allocation Failure) [PSYoungGen: 67157K->2464K(68608K)] 297261K->232567K(728576K), 0.0029247 secs] [Times: user=0.02 sys=0.00, real=0.00 secs] 
2650.530: [GC (Allocation Failure) [PSYoungGen: 68512K->17824K(110592K)] 298615K->247927K(770560K), 0.0038341 secs] [Times: user=0.02 sys=0.00, real=0.00 secs] 
2651.234: [GC (Allocation Failure) [PSYoungGen: 69011K->17792K(83968K)] 299114K->247919K(743936K), 0.0044366 secs] [Times: user=0.02 sys=0.00, real=0.01 secs] 
2651.740: [GC (Allocation Failure) [PSYoungGen: 83840K->34208K(106496K)] 313967K->264343K(766464K), 0.0040500 secs] [Times: user=0.02 sys=0.00, real=0.00 secs] 
2652.317: [GC (Allocation Failure) [PSYoungGen: 96160K->1408K(63488K)] 326295K->231543K(723456K), 0.0023461 secs] [Times: user=0.01 sys=0.00, real=0.00 secs] 
2653.650: [GC (Allocation Failure) [PSYoungGen: 63360K->1440K(108032K)] 293495K->231583K(768000K), 0.0018967 secs] [Times: user=0.00 sys=0.00, real=0.00 secs] 
2653.880: [GC (Allocation Failure) [PSYoungGen: 63164K->9568K(71680K)] 293308K->239719K(731648K), 0.0028197 secs] [Times: user=0.01 sys=0.00, real=0.00 secs] 
2654.099: [GC (Allocation Failure) [PSYoungGen: 71520K->17792K(103424K)] 301671K->247951K(763392K), 0.0027052 secs] [Times: user=0.01 sys=0.00, real=0.00 secs] 
2654.290: [GC (Allocation Failure) [PSYoungGen: 79744K->34208K(104960K)] 309903K->264375K(764928K), 0.0036547 secs] [Times: user=0.02 sys=0.00, real=0.00 secs] 
2654.549: [GC (Allocation Failure) [PSYoungGen: 96160K->34208K(112640K)] 326327K->264383K(772608K), 0.0040550 secs] [Times: user=0.01 sys=0.00, real=0.00 secs] 
2655.576: [GC (Allocation Failure) [PSYoungGen: 98833K->224K(116224K)] 329008K->230415K(776192K), 0.0013759 secs] [Times: user=0.01 sys=0.00, real=0.00 secs] 
2655.819: [GC (Allocation Failure) [PSYoungGen: 64117K->9584K(111104K)] 294309K->239775K(771072K), 0.0022146 secs] [Times: user=0.01 sys=0.00, real=0.00 secs] 
2656.045: [GC (Allocation Failure) [PSYoungGen: 72080K->17824K(82944K)] 302271K->248023K(742912K), 0.0025377 secs] [Times: user=0.01 sys=0.00, real=0.00 secs] 
2656.249: [GC (Allocation Failure) [PSYoungGen: 82848K->34176K(107008K)] 313047K->264383K(766976K), 0.0034321 secs] [Times: user=0.02 sys=0.00, real=0.00 secs] 
2656.504: [GC (Allocation Failure) [PSYoungGen: 95104K->1408K(111104K)] 325311K->231631K(771072K), 0.0018508 secs] [Times: user=0.01 sys=0.00, real=0.01 secs] 
2656.973: [GC (Allocation Failure) [PSYoungGen: 62336K->1405K(101888K)] 292559K->231636K(761856K), 0.0014886 secs] [Times: user=0.01 sys=0.00, real=0.01 secs] 
2659.458: [GC (Allocation Failure) [PSYoungGen: 62333K->9616K(70656K)] 292564K->239847K(730624K), 0.0039704 secs] [Times: user=0.02 sys=0.00, real=0.00 secs] 
2660.076: [GC (Allocation Failure) [PSYoungGen: 70544K->17792K(103936K)] 300775K->248023K(763904K), 0.0035879 secs] [Times: user=0.02 sys=0.00, real=0.00 secs] 
2660.585: [GC (Allocation Failure) [PSYoungGen: 78720K->34176K(105472K)] 308951K->264415K(765440K), 0.0042795 secs] [Times: user=0.02 sys=0.00, real=0.00 secs] 
2661.274: [GC (Allocation Failure) [PSYoungGen: 95104K->34144K(105984K)] 325343K->264391K(765952K), 0.0033159 secs] [Times: user=0.02 sys=0.00, real=0.01 secs] 
2661.747: [GC (Allocation Failure) [PSYoungGen: 91488K->1376K(58880K)] 321735K->231623K(718848K), 0.0020289 secs] [Times: user=0.01 sys=0.00, real=0.00 secs] 
2663.019: [GC (Allocation Failure) [PSYoungGen: 58720K->9632K(103936K)] 288967K->239887K(763904K), 0.0019282 secs] [Times: user=0.01 sys=0.00, real=0.00 secs] 
2663.652: [GC (Allocation Failure) [PSYoungGen: 66976K->17792K(75264K)] 297231K->248055K(735232K), 0.0041635 secs] [Times: user=0.02 sys=0.00, real=0.01 secs] 
2664.194: [GC (Allocation Failure) [PSYoungGen: 75136K->34176K(100352K)] 305399K->264447K(760320K), 0.0079547 secs] [Times: user=0.04 sys=0.00, real=0.01 secs] 
2664.749: [GC (Allocation Failure) [PSYoungGen: 87936K->34160K(103936K)] 318207K->264431K(763904K), 0.0054992 secs] [Times: user=0.03 sys=0.00, real=0.01 secs] 
2665.154: [GC (Allocation Failure) [PSYoungGen: 87920K->1376K(105984K)] 318191K->231655K(765952K), 0.0025193 secs] [Times: user=0.01 sys=0.00, real=0.01 secs] 
2666.463: [GC (Allocation Failure) [PSYoungGen: 55118K->1696K(55808K)] 285398K->231983K(715776K), 0.0028006 secs] [Times: user=0.01 sys=0.00, real=0.01 secs] 
2667.460: [GC (Allocation Failure) [PSYoungGen: 55456K->9632K(100864K)] 285743K->239927K(760832K), 0.0046305 secs] [Times: user=0.02 sys=0.00, real=0.01 secs] 
2667.898: [GC (Allocation Failure) [PSYoungGen: 63392K->17792K(71680K)] 293687K->248111K(731648K), 0.0037023 secs] [Times: user=0.02 sys=0.00, real=0.00 secs] 
2668.132: [GC (Allocation Failure) [PSYoungGen: 71552K->34144K(97280K)] 301871K->264471K(757248K), 0.0044163 secs] [Times: user=0.02 sys=0.00, real=0.01 secs] 
2668.507: [GC (Allocation Failure) [PSYoungGen: 84320K->34176K(100864K)] 314647K->264503K(760832K), 0.0046070 secs] [Times: user=0.02 sys=0.00, real=0.00 secs] 
2669.069: [GC (Allocation Failure) [PSYoungGen: 84352K->1392K(97280K)] 314679K->231727K(757248K), 0.0025603 secs] [Times: user=0.01 sys=0.00, real=0.00 secs] 
2670.463: [GC (Allocation Failure) [PSYoungGen: 51568K->1536K(52224K)] 281903K->231879K(712192K), 0.0019271 secs] [Times: user=0.01 sys=0.00, real=0.01 secs] 
2671.388: [GC (Allocation Failure) [PSYoungGen: 51712K->9632K(97280K)] 282055K->239983K(757248K), 0.0039761 secs] [Times: user=0.02 sys=0.00, real=0.00 secs] 
2671.875: [GC (Allocation Failure) [PSYoungGen: 59808K->17792K(68096K)] 290159K->248143K(728064K), 0.0048349 secs] [Times: user=0.02 sys=0.00, real=0.00 secs] 
2672.274: [GC (Allocation Failure) [PSYoungGen: 67968K->34208K(93184K)] 298319K->264567K(753152K), 0.0089354 secs] [Times: user=0.04 sys=0.01, real=0.01 secs] 
2672.806: [GC (Allocation Failure) [PSYoungGen: 80288K->34176K(97280K)] 310647K->264543K(757248K), 0.0078925 secs] [Times: user=0.05 sys=0.00, real=0.00 secs] 
2673.276: [GC (Allocation Failure) [PSYoungGen: 80256K->34208K(103424K)] 310623K->264583K(763392K), 0.0073476 secs] [Times: user=0.04 sys=0.00, real=0.00 secs] 
2673.811: [GC (Allocation Failure) [PSYoungGen: 83360K->1408K(105472K)] 313735K->231791K(765440K), 0.0036836 secs] [Times: user=0.01 sys=0.00, real=0.01 secs] 
2674.917: [GC (Allocation Failure) [PSYoungGen: 50560K->5536K(96256K)] 280943K->235943K(756224K), 0.0016328 secs] [Times: user=0.01 sys=0.00, real=0.00 secs] 
2675.193: [GC (Allocation Failure) [PSYoungGen: 54688K->17824K(67072K)] 285095K->248231K(727040K), 0.0024939 secs] [Times: user=0.01 sys=0.00, real=0.01 secs] 
2675.585: [GC (Allocation Failure) [PSYoungGen: 65978K->17840K(93696K)] 296386K->248247K(753664K), 0.0050910 secs] [Times: user=0.02 sys=0.00, real=0.00 secs] 
2675.874: [GC (Allocation Failure) [PSYoungGen: 66992K->34144K(96768K)] 297399K->264559K(756736K), 0.0075297 secs] [Times: user=0.04 sys=0.00, real=0.01 secs] 
2676.337: [GC (Allocation Failure) [PSYoungGen: 83296K->34176K(104448K)] 313711K->264599K(764416K), 0.0058162 secs] [Times: user=0.02 sys=0.00, real=0.00 secs] 
2676.839: [GC (Allocation Failure) [PSYoungGen: 87424K->1408K(106496K)] 317847K->231847K(766464K), 0.0023551 secs] [Times: user=0.01 sys=0.00, real=0.00 secs] 
2678.157: [GC (Allocation Failure) [PSYoungGen: 54656K->3488K(99328K)] 285095K->233935K(759296K), 0.0019893 secs] [Times: user=0.00 sys=0.00, real=0.00 secs] 
2678.588: [GC (Allocation Failure) [PSYoungGen: 51087K->9616K(62976K)] 281534K->240063K(722944K), 0.0021243 secs] [Times: user=0.01 sys=0.00, real=0.00 secs] 
2678.963: [GC (Allocation Failure) [PSYoungGen: 62864K->17824K(98304K)] 293311K->248271K(758272K), 0.0024719 secs] [Times: user=0.01 sys=0.00, real=0.01 secs] 
2679.117: [GC (Allocation Failure) [PSYoungGen: 71072K->34208K(100864K)] 301519K->264655K(760832K), 0.0036570 secs] [Times: user=0.02 sys=0.00, real=0.00 secs] 
2679.357: [GC (Allocation Failure) [PSYoungGen: 87456K->34176K(107008K)] 317903K->264631K(766976K), 0.0032229 secs] [Times: user=0.02 sys=0.00, real=0.00 secs] 
2679.592: [GC (Allocation Failure) [PSYoungGen: 90496K->1376K(110080K)] 320951K->231839K(770048K), 0.0017512 secs] [Times: user=0.01 sys=0.00, real=0.00 secs] 
2680.676: [GC (Allocation Failure) [PSYoungGen: 57696K->5568K(101376K)] 288159K->236039K(761344K), 0.0019468 secs] [Times: user=0.01 sys=0.00, real=0.00 secs] 
2680.860: [GC (Allocation Failure) [PSYoungGen: 61888K->17792K(74240K)] 292359K->248263K(734208K), 0.0022269 secs] [Times: user=0.01 sys=0.00, real=0.00 secs] 
2681.057: [GC (Allocation Failure) [PSYoungGen: 66185K->17808K(99840K)] 296656K->248287K(759808K), 0.0022609 secs] [Times: user=0.01 sys=0.00, real=0.00 secs] 
2681.225: [GC (Allocation Failure) [PSYoungGen: 74128K->34208K(102400K)] 304607K->264687K(762368K), 0.0034500 secs] [Times: user=0.01 sys=0.00, real=0.00 secs] 
2681.461: [GC (Allocation Failure) [PSYoungGen: 90528K->34144K(110080K)] 321007K->264647K(770048K), 0.0052388 secs] [Times: user=0.02 sys=0.00, real=0.01 secs] 
2681.726: [GC (Allocation Failure) [PSYoungGen: 94560K->1376K(112640K)] 325063K->231895K(772608K), 0.0023023 secs] [Times: user=0.01 sys=0.00, real=0.00 secs] 
2682.624: [GC (Allocation Failure) [PSYoungGen: 61792K->9664K(114688K)] 292311K->240191K(774656K), 0.0019147 secs] [Times: user=0.00 sys=0.00, real=0.01 secs] 
2682.869: [GC (Allocation Failure) [PSYoungGen: 76736K->17792K(117248K)] 307263K->248327K(777216K), 0.0020928 secs] [Times: user=0.01 sys=0.00, real=0.00 secs] 
2683.079: [GC (Allocation Failure) [PSYoungGen: 84864K->34208K(118272K)] 315399K->264743K(778240K), 0.0053019 secs] [Times: user=0.03 sys=0.00, real=0.01 secs] 
2683.381: [GC (Allocation Failure) [PSYoungGen: 105376K->1408K(121344K)] 335911K->231959K(781312K), 0.0026212 secs] [Times: user=0.01 sys=0.01, real=0.00 secs] 
2684.636: [GC (Allocation Failure) [PSYoungGen: 72576K->1920K(111104K)] 303127K->232479K(771072K), 0.0021574 secs] [Times: user=0.01 sys=0.00, real=0.00 secs] 
2685.670: [GC (Allocation Failure) [PSYoungGen: 72576K->17760K(88064K)] 303135K->248327K(748032K), 0.0045278 secs] [Times: user=0.02 sys=0.00, real=0.00 secs] 
2686.251: [GC (Allocation Failure) [PSYoungGen: 87904K->34208K(113664K)] 318471K->264775K(773632K), 0.0048209 secs] [Times: user=0.03 sys=0.00, real=0.01 secs] 
2686.693: [GC (Allocation Failure) [PSYoungGen: 100768K->34208K(117248K)] 331335K->264775K(777216K), 0.0035624 secs] [Times: user=0.02 sys=0.00, real=0.01 secs] 
2687.110: [GC (Allocation Failure) [PSYoungGen: 100768K->1440K(119808K)] 331335K->232007K(779776K), 0.0018219 secs] [Times: user=0.01 sys=0.00, real=0.00 secs] 
2688.907: [GC (Allocation Failure) [PSYoungGen: 65702K->5520K(72192K)] 296270K->236087K(732160K), 0.0024201 secs] [Times: user=0.01 sys=0.00, real=0.00 secs] 
2689.880: [GC (Allocation Failure) [PSYoungGen: 72080K->17824K(112128K)] 302647K->248391K(772096K), 0.0033978 secs] [Times: user=0.02 sys=0.00, real=0.00 secs] 
2690.682: [GC (Allocation Failure) [PSYoungGen: 84384K->34144K(115200K)] 314951K->264711K(775168K), 0.0070728 secs] [Times: user=0.03 sys=0.00, real=0.01 secs] 
2691.681: [GC (Allocation Failure) [PSYoungGen: 100704K->34208K(116224K)] 331271K->264775K(776192K), 0.0060113 secs] [Times: user=0.03 sys=0.00, real=0.01 secs] 
2692.391: [GC (Allocation Failure) [PSYoungGen: 98208K->1424K(65536K)] 328775K->231991K(725504K), 0.0030669 secs] [Times: user=0.01 sys=0.00, real=0.00 secs] 
2694.302: [GC (Allocation Failure) [PSYoungGen: 65424K->9664K(114176K)] 295991K->240239K(774144K), 0.0027536 secs] [Times: user=0.01 sys=0.00, real=0.01 secs] 
2694.524: [GC (Allocation Failure) [PSYoungGen: 73664K->17824K(81920K)] 304239K->248407K(741888K), 0.0024926 secs] [Times: user=0.01 sys=0.00, real=0.01 secs] 
2694.722: [GC (Allocation Failure) [PSYoungGen: 81824K->34208K(109056K)] 312407K->264799K(769024K), 0.0035426 secs] [Times: user=0.01 sys=0.00, real=0.01 secs] 
2694.974: [GC (Allocation Failure) [PSYoungGen: 94624K->34176K(112640K)] 325215K->264775K(772608K), 0.0032452 secs] [Times: user=0.01 sys=0.00, real=0.01 secs] 
2695.225: [GC (Allocation Failure) [PSYoungGen: 94592K->1408K(108544K)] 325191K->232015K(768512K), 0.0017691 secs] [Times: user=0.01 sys=0.00, real=0.00 secs] 
2696.497: [GC (Allocation Failure) [PSYoungGen: 61824K->9664K(70144K)] 292431K->240271K(730112K), 0.0021752 secs] [Times: user=0.01 sys=0.00, real=0.00 secs] 
2697.094: [GC (Allocation Failure) [PSYoungGen: 70080K->17792K(105472K)] 300687K->248415K(765440K), 0.0029890 secs] [Times: user=0.01 sys=0.00, real=0.01 secs] 
2697.636: [GC (Allocation Failure) [PSYoungGen: 78208K->34176K(109056K)] 308831K->264807K(769024K), 0.0043868 secs] [Times: user=0.03 sys=0.00, real=0.00 secs] 
2698.251: [GC (Allocation Failure) [PSYoungGen: 94592K->34208K(109568K)] 325223K->264839K(769536K), 0.0050422 secs] [Times: user=0.02 sys=0.00, real=0.01 secs] 
2698.960: [GC (Allocation Failure) [PSYoungGen: 92064K->1408K(112128K)] 322695K->232047K(772096K), 0.0035132 secs] [Times: user=0.02 sys=0.01, real=0.00 secs] 
2700.532: [GC (Allocation Failure) [PSYoungGen: 59264K->5568K(109056K)] 289903K->236215K(769024K), 0.0021494 secs] [Times: user=0.01 sys=0.00, real=0.00 secs] 
2701.252: [GC (Allocation Failure) [PSYoungGen: 63424K->17824K(75776K)] 294071K->248479K(735744K), 0.0026097 secs] [Times: user=0.01 sys=0.00, real=0.00 secs] 
2701.671: [GC (Allocation Failure) [PSYoungGen: 62937K->17792K(101376K)] 293592K->248455K(761344K), 0.0028808 secs] [Times: user=0.02 sys=0.00, real=0.00 secs] 
2702.109: [GC (Allocation Failure) [PSYoungGen: 75648K->34208K(104448K)] 306311K->264871K(764416K), 0.0039059 secs] [Times: user=0.02 sys=0.00, real=0.00 secs] 
2702.567: [GC (Allocation Failure) [PSYoungGen: 92064K->34208K(104960K)] 322727K->264879K(764928K), 0.0037555 secs] [Times: user=0.01 sys=0.00, real=0.00 secs] 
2702.799: [GC (Allocation Failure) [PSYoungGen: 89504K->1344K(107520K)] 320175K->232023K(767488K), 0.0019208 secs] [Times: user=0.01 sys=0.00, real=0.00 secs] 
2704.016: [GC (Allocation Failure) [PSYoungGen: 56640K->9664K(104448K)] 287319K->240351K(764416K), 0.0021430 secs] [Times: user=0.01 sys=0.00, real=0.00 secs] 
2704.536: [GC (Allocation Failure) [PSYoungGen: 64960K->17792K(73216K)] 295647K->248487K(733184K), 0.0051265 secs] [Times: user=0.02 sys=0.00, real=0.00 secs] 
2704.956: [GC (Allocation Failure) [PSYoungGen: 73088K->34208K(99840K)] 303783K->264903K(759808K), 0.0057811 secs] [Times: user=0.02 sys=0.00, real=0.00 secs] 
2705.408: [GC (Allocation Failure) [PSYoungGen: 86432K->34208K(102912K)] 317127K->264911K(762880K), 0.0045957 secs] [Times: user=0.02 sys=0.00, real=0.00 secs] 
2706.051: [GC (Allocation Failure) [PSYoungGen: 86432K->1376K(104448K)] 317135K->232103K(764416K), 0.0029743 secs] [Times: user=0.01 sys=0.00, real=0.00 secs] 
2706.896: [GC (Allocation Failure) [PSYoungGen: 53088K->1408K(53248K)] 283815K->232143K(713216K), 0.0035919 secs] [Times: user=0.02 sys=0.00, real=0.00 secs] 
2708.470: [GC (Allocation Failure) [PSYoungGen: 53120K->9632K(99328K)] 283855K->240375K(759296K), 0.0019907 secs] [Times: user=0.01 sys=0.00, real=0.00 secs] 
2709.084: [GC (Allocation Failure) [PSYoungGen: 61344K->17792K(69632K)] 292087K->248535K(729600K), 0.0055213 secs] [Times: user=0.03 sys=0.00, real=0.01 secs] 
2709.521: [GC (Allocation Failure) [PSYoungGen: 69504K->34176K(95744K)] 300247K->264927K(755712K), 0.0072556 secs] [Times: user=0.03 sys=0.00, real=0.01 secs] 
2709.746: [GC (Allocation Failure) [PSYoungGen: 82304K->34176K(99328K)] 313055K->264935K(759296K), 0.0039265 secs] [Times: user=0.02 sys=0.00, real=0.00 secs] 
2709.993: [GC (Allocation Failure) [PSYoungGen: 82304K->34208K(105472K)] 313063K->264975K(765440K), 0.0049906 secs] [Times: user=0.02 sys=0.00, real=0.01 secs] 
2710.242: [GC (Allocation Failure) [PSYoungGen: 85920K->1344K(107008K)] 316687K->232119K(766976K), 0.0019284 secs] [Times: user=0.00 sys=0.00, real=0.00 secs] 
2711.242: [GC (Allocation Failure) [PSYoungGen: 53056K->5536K(98816K)] 283831K->236319K(758784K), 0.0019462 secs] [Times: user=0.01 sys=0.00, real=0.00 secs] 
2711.512: [GC (Allocation Failure) [PSYoungGen: 57248K->17792K(69632K)] 288031K->248591K(729600K), 0.0025819 secs] [Times: user=0.01 sys=0.00, real=0.01 secs] 
2711.838: [GC (Allocation Failure) [PSYoungGen: 61213K->17792K(96256K)] 292012K->248599K(756224K), 0.0025188 secs] [Times: user=0.02 sys=0.00, real=0.00 secs] 
2712.087: [GC (Allocation Failure) [PSYoungGen: 69504K->34176K(99328K)] 300311K->264983K(759296K), 0.0037678 secs] [Times: user=0.02 sys=0.00, real=0.00 secs] 
2712.453: [GC (Allocation Failure) [PSYoungGen: 85888K->34208K(105984K)] 316695K->265023K(765952K), 0.0040724 secs] [Times: user=0.02 sys=0.00, real=0.01 secs] 
2712.840: [GC (Allocation Failure) [PSYoungGen: 89504K->1376K(108032K)] 320319K->232191K(768000K), 0.0021305 secs] [Times: user=0.01 sys=0.00, real=0.00 secs] 
2714.082: [GC (Allocation Failure) [PSYoungGen: 56672K->5568K(106496K)] 287487K->236391K(766464K), 0.0022163 secs] [Times: user=0.01 sys=0.00, real=0.00 secs] 
2714.475: [GC (Allocation Failure) [PSYoungGen: 60864K->17824K(73216K)] 291687K->248647K(733184K), 0.0032012 secs] [Times: user=0.01 sys=0.01, real=0.00 secs] 
2715.052: [GC (Allocation Failure) [PSYoungGen: 64216K->17760K(97792K)] 295039K->248607K(757760K), 0.0028191 secs] [Times: user=0.01 sys=0.00, real=0.01 secs] 
2715.596: [GC (Allocation Failure) [PSYoungGen: 73056K->34208K(100864K)] 303903K->265063K(760832K), 0.0054589 secs] [Times: user=0.02 sys=0.00, real=0.00 secs] 
2716.462: [GC (Allocation Failure) [PSYoungGen: 89504K->34208K(101888K)] 320359K->265071K(761856K), 0.0058688 secs] [Times: user=0.03 sys=0.00, real=0.01 secs] 
2717.080: [GC (Allocation Failure) [PSYoungGen: 86944K->1408K(104448K)] 317807K->232279K(764416K), 0.0033164 secs] [Times: user=0.01 sys=0.00, real=0.00 secs] 
2718.236: [GC (Allocation Failure) [PSYoungGen: 54144K->5536K(102400K)] 285015K->236407K(762368K), 0.0018053 secs] [Times: user=0.01 sys=0.00, real=0.00 secs] 
2718.422: [GC (Allocation Failure) [PSYoungGen: 58272K->17824K(70656K)] 289143K->248695K(730624K), 0.0023684 secs] [Times: user=0.01 sys=0.00, real=0.00 secs] 
2718.614: [GC (Allocation Failure) [PSYoungGen: 64168K->17792K(94208K)] 295039K->248671K(754176K), 0.0035026 secs] [Times: user=0.02 sys=0.00, real=0.01 secs] 
2718.775: [GC (Allocation Failure) [PSYoungGen: 70528K->34208K(97280K)] 301407K->265095K(757248K), 0.0041731 secs] [Times: user=0.02 sys=0.00, real=0.00 secs] 
2718.996: [GC (Allocation Failure) [PSYoungGen: 86944K->34176K(104960K)] 317831K->265071K(764928K), 0.0034948 secs] [Times: user=0.02 sys=0.01, real=0.00 secs] 
2719.234: [GC (Allocation Failure) [PSYoungGen: 91008K->1376K(107520K)] 321903K->232279K(767488K), 0.0017950 secs] [Times: user=0.01 sys=0.00, real=0.01 secs] 
2720.467: [GC (Allocation Failure) [PSYoungGen: 58208K->5568K(99328K)] 289111K->236479K(759296K), 0.0019329 secs] [Times: user=0.00 sys=0.00, real=0.00 secs] 
2720.937: [GC (Allocation Failure) [PSYoungGen: 62400K->17824K(74752K)] 293311K->248743K(734720K), 0.0023036 secs] [Times: user=0.01 sys=0.00, real=0.00 secs] 
2721.345: [GC (Allocation Failure) [PSYoungGen: 74656K->34144K(100864K)] 305575K->265063K(760832K), 0.0032333 secs] [Times: user=0.01 sys=0.00, real=0.00 secs] 
2721.671: [GC (Allocation Failure) [PSYoungGen: 87904K->34208K(103936K)] 318823K->265127K(763904K), 0.0048280 secs] [Times: user=0.02 sys=0.00, real=0.01 secs] 
2721.951: [GC (Allocation Failure) [PSYoungGen: 87968K->1456K(106496K)] 318887K->232375K(766464K), 0.0020832 secs] [Times: user=0.01 sys=0.00, real=0.00 secs] 
2722.219: [GC (Allocation Failure) [PSYoungGen: 55216K->1344K(55296K)] 286135K->232271K(715264K), 0.0020952 secs] [Times: user=0.01 sys=0.00, real=0.00 secs] 
2723.244: [GC (Allocation Failure) [PSYoungGen: 55104K->9632K(101888K)] 286031K->240559K(761856K), 0.0027664 secs] [Times: user=0.01 sys=0.00, real=0.01 secs] 
2723.438: [GC (Allocation Failure) [PSYoungGen: 63392K->17792K(71680K)] 294319K->248743K(731648K), 0.0025592 secs] [Times: user=0.02 sys=0.00, real=0.00 secs] 
2723.594: [GC (Allocation Failure) [PSYoungGen: 71552K->34176K(97280K)] 302503K->265135K(757248K), 0.0032073 secs] [Times: user=0.01 sys=0.00, real=0.01 secs] 
2723.898: [GC (Allocation Failure) [PSYoungGen: 84352K->34208K(100864K)] 315311K->265175K(760832K), 0.0037810 secs] [Times: user=0.02 sys=0.00, real=0.00 secs] 
2724.108: [GC (Allocation Failure) [PSYoungGen: 84384K->1408K(108544K)] 315351K->232383K(768512K), 0.0018977 secs] [Times: user=0.01 sys=0.00, real=0.00 secs] 
2724.340: [GC (Allocation Failure) [PSYoungGen: 57216K->1344K(109056K)] 288191K->232319K(769024K), 0.0019215 secs] [Times: user=0.01 sys=0.00, real=0.00 secs] 
2726.396: [GC (Allocation Failure) [PSYoungGen: 57152K->9632K(97280K)] 288127K->240615K(757248K), 0.0041264 secs] [Times: user=0.02 sys=0.00, real=0.00 secs] 
2727.264: [GC (Allocation Failure) [PSYoungGen: 65440K->17824K(73728K)] 296423K->248807K(733696K), 0.0053920 secs] [Times: user=0.02 sys=0.00, real=0.01 secs] 
2728.429: [GC (Allocation Failure) [PSYoungGen: 73632K->34208K(99840K)] 304615K->265191K(759808K), 0.0077656 secs] [Times: user=0.04 sys=0.01, real=0.01 secs] 
2729.085: [GC (Allocation Failure) [PSYoungGen: 86432K->34144K(103424K)] 317415K->265135K(763392K), 0.0071627 secs] [Times: user=0.03 sys=0.01, real=0.00 secs] 
2729.597: [GC (Allocation Failure) [PSYoungGen: 86368K->1408K(105984K)] 317359K->232407K(765952K), 0.0019960 secs] [Times: user=0.01 sys=0.00, real=0.00 secs] 
2730.805: [GC (Allocation Failure) [PSYoungGen: 53632K->1952K(54272K)] 284631K->232959K(714240K), 0.0015015 secs] [Times: user=0.01 sys=0.00, real=0.00 secs] 
2731.263: [GC (Allocation Failure) [PSYoungGen: 54176K->9632K(99840K)] 285183K->240639K(759808K), 0.0020500 secs] [Times: user=0.00 sys=0.00, real=0.01 secs] 
2731.751: [GC (Allocation Failure) [PSYoungGen: 61856K->17824K(70144K)] 292863K->248839K(730112K), 0.0026360 secs] [Times: user=0.01 sys=0.00, real=0.00 secs] 
2732.146: [GC (Allocation Failure) [PSYoungGen: 70048K->34176K(96256K)] 301063K->265191K(756224K), 0.0043901 secs] [Times: user=0.02 sys=0.00, real=0.00 secs] 
2732.574: [GC (Allocation Failure) [PSYoungGen: 82816K->34176K(99840K)] 313831K->265199K(759808K), 0.0042874 secs] [Times: user=0.02 sys=0.00, real=0.01 secs] 
2732.994: [GC (Allocation Failure) [PSYoungGen: 82816K->1408K(101888K)] 313839K->232439K(761856K), 0.0023773 secs] [Times: user=0.01 sys=0.00, real=0.01 secs] 
2733.406: [GC (Allocation Failure) [PSYoungGen: 50048K->1408K(50176K)] 281079K->232447K(710144K), 0.0022338 secs] [Times: user=0.01 sys=0.00, real=0.00 secs] 
2734.525: [GC (Allocation Failure) [PSYoungGen: 50048K->9664K(96256K)] 281087K->240703K(756224K), 0.0018177 secs] [Times: user=0.00 sys=0.00, real=0.00 secs] 
2734.868: [GC (Allocation Failure) [PSYoungGen: 58304K->17824K(66560K)] 289343K->248871K(726528K), 0.0022395 secs] [Times: user=0.01 sys=0.00, real=0.00 secs] 
2735.263: [GC (Allocation Failure) [PSYoungGen: 53801K->17840K(92160K)] 284849K->248887K(752128K), 0.0057010 secs] [Times: user=0.02 sys=0.00, real=0.01 secs] 
2735.658: [GC (Allocation Failure) [PSYoungGen: 66480K->34208K(94208K)] 297527K->265271K(754176K), 0.0079679 secs] [Times: user=0.04 sys=0.00, real=0.01 secs] 
2736.120: [GC (Allocation Failure) [PSYoungGen: 82848K->34176K(99840K)] 313911K->265247K(759808K), 0.0057738 secs] [Times: user=0.02 sys=0.00, real=0.01 secs] 
2736.590: [GC (Allocation Failure) [PSYoungGen: 84864K->1376K(102912K)] 315935K->232455K(762880K), 0.0025555 secs] [Times: user=0.01 sys=0.00, real=0.00 secs] 
2739.140: [GC (Allocation Failure) [PSYoungGen: 51101K->2432K(100864K)] 282180K->233519K(760832K), 0.0038936 secs] [Times: user=0.01 sys=0.00, real=0.00 secs] 
2739.589: [GC (Allocation Failure) [PSYoungGen: 53120K->9632K(60416K)] 284207K->240719K(720384K), 0.0031012 secs] [Times: user=0.01 sys=0.00, real=0.00 secs] 
2739.972: [GC (Allocation Failure) [PSYoungGen: 60320K->17792K(94208K)] 291407K->248879K(754176K), 0.0051241 secs] [Times: user=0.02 sys=0.00, real=0.01 secs] 
2740.289: [GC (Allocation Failure) [PSYoungGen: 68480K->34208K(96768K)] 299567K->265303K(756736K), 0.0052077 secs] [Times: user=0.03 sys=0.01, real=0.01 secs] 
2740.606: [GC (Allocation Failure) [PSYoungGen: 84896K->34208K(103424K)] 315991K->265311K(763392K), 0.0045701 secs] [Times: user=0.02 sys=0.00, real=0.00 secs] 
2740.946: [GC (Allocation Failure) [PSYoungGen: 87456K->1392K(106496K)] 318559K->232503K(766464K), 0.0020400 secs] [Times: user=0.01 sys=0.00, real=0.00 secs] 
2742.222: [GC (Allocation Failure) [PSYoungGen: 54640K->1696K(98304K)] 285751K->232815K(758272K), 0.0017630 secs] [Times: user=0.00 sys=0.00, real=0.00 secs] 
2742.605: [GC (Allocation Failure) [PSYoungGen: 54944K->9600K(62976K)] 286063K->240719K(722944K), 0.0019198 secs] [Times: user=0.00 sys=0.00, real=0.00 secs] 
2743.010: [GC (Allocation Failure) [PSYoungGen: 62848K->17792K(98304K)] 293967K->248911K(758272K), 0.0051811 secs] [Times: user=0.02 sys=0.00, real=0.01 secs] 
2743.325: [GC (Allocation Failure) [PSYoungGen: 71040K->34176K(100352K)] 302159K->265303K(760320K), 0.0057370 secs] [Times: user=0.03 sys=0.00, real=0.00 secs] 
2743.764: [GC (Allocation Failure) [PSYoungGen: 87424K->34208K(106496K)] 318551K->265343K(766464K), 0.0061734 secs] [Times: user=0.03 sys=0.01, real=0.01 secs] 
2744.224: [GC (Allocation Failure) [PSYoungGen: 90016K->1376K(109568K)] 321151K->232519K(769536K), 0.0025096 secs] [Times: user=0.01 sys=0.00, real=0.01 secs] 
2745.502: [GC (Allocation Failure) [PSYoungGen: 57184K->3520K(100864K)] 288327K->234679K(760832K), 0.0020793 secs] [Times: user=0.01 sys=0.00, real=0.00 secs] 
2745.951: [GC (Allocation Failure) [PSYoungGen: 53172K->9616K(65536K)] 284331K->240775K(725504K), 0.0039046 secs] [Times: user=0.02 sys=0.00, real=0.01 secs] 
2746.382: [GC (Allocation Failure) [PSYoungGen: 65424K->17792K(100352K)] 296583K->248959K(760320K), 0.0037926 secs] [Times: user=0.02 sys=0.00, real=0.01 secs] 
2746.786: [GC (Allocation Failure) [PSYoungGen: 73600K->34176K(102912K)] 304767K->265343K(762880K), 0.0049014 secs] [Times: user=0.03 sys=0.00, real=0.00 secs] 
2747.392: [GC (Allocation Failure) [PSYoungGen: 89984K->34176K(103424K)] 321151K->265351K(763392K), 0.0052405 secs] [Times: user=0.02 sys=0.00, real=0.01 secs] 
2747.922: [GC (Allocation Failure) [PSYoungGen: 86912K->1408K(54272K)] 318087K->232591K(714240K), 0.0036544 secs] [Times: user=0.01 sys=0.00, real=0.01 secs] 
2749.121: [GC (Allocation Failure) [PSYoungGen: 54144K->5568K(102912K)] 285327K->236759K(762880K), 0.0017585 secs] [Times: user=0.01 sys=0.00, real=0.00 secs] 
2749.288: [GC (Allocation Failure) [PSYoungGen: 58304K->17792K(70656K)] 289495K->248983K(730624K), 0.0023858 secs] [Times: user=0.01 sys=0.00, real=0.00 secs] 
2749.500: [GC (Allocation Failure) [PSYoungGen: 69426K->17792K(96256K)] 300618K->248991K(756224K), 0.0023944 secs] [Times: user=0.01 sys=0.00, real=0.00 secs] 
2749.653: [GC (Allocation Failure) [PSYoungGen: 70528K->34176K(98816K)] 301727K->265383K(758784K), 0.0030165 secs] [Times: user=0.01 sys=0.00, real=0.01 secs] 
2749.873: [GC (Allocation Failure) [PSYoungGen: 86912K->34208K(105472K)] 318119K->265423K(765440K), 0.0038350 secs] [Times: user=0.02 sys=0.00, real=0.01 secs] 
2750.113: [GC (Allocation Failure) [PSYoungGen: 90016K->1376K(108544K)] 321231K->232599K(768512K), 0.0021129 secs] [Times: user=0.01 sys=0.00, real=0.01 secs] 
2750.996: [GC (Allocation Failure) [PSYoungGen: 57184K->5536K(99840K)] 288407K->236767K(759808K), 0.0026632 secs] [Times: user=0.01 sys=0.00, real=0.00 secs] 
2751.178: [GC (Allocation Failure) [PSYoungGen: 61344K->17760K(107008K)] 292575K->248999K(766976K), 0.0020580 secs] [Times: user=0.01 sys=0.00, real=0.00 secs] 
2751.347: [GC (Allocation Failure) [PSYoungGen: 59011K->17728K(104960K)] 290250K->248991K(764928K), 0.0021934 secs] [Times: user=0.01 sys=0.00, real=0.00 secs] 
2751.538: [GC (Allocation Failure) [PSYoungGen: 79680K->34208K(107520K)] 310943K->265479K(767488K), 0.0043473 secs] [Times: user=0.02 sys=0.00, real=0.00 secs] 
2751.797: [GC (Allocation Failure) [PSYoungGen: 96160K->34176K(116224K)] 327431K->265455K(776192K), 0.0040959 secs] [Times: user=0.02 sys=0.00, real=0.00 secs] 
2752.828: [GC (Allocation Failure) [PSYoungGen: 101248K->1680K(118784K)] 332527K->232967K(778752K), 0.0016756 secs] [Times: user=0.01 sys=0.00, real=0.00 secs] 
2753.439: [GC (Allocation Failure) [PSYoungGen: 63780K->9632K(107008K)] 295067K->240927K(766976K), 0.0018747 secs] [Times: user=0.01 sys=0.00, real=0.00 secs] 
2753.899: [GC (Allocation Failure) [PSYoungGen: 72351K->17760K(84992K)] 303646K->249055K(744960K), 0.0029488 secs] [Times: user=0.02 sys=0.00, real=0.00 secs] 
2754.328: [GC (Allocation Failure) [PSYoungGen: 84832K->34176K(110080K)] 316127K->265471K(770048K), 0.0056369 secs] [Times: user=0.02 sys=0.00, real=0.00 secs] 
2754.795: [GC (Allocation Failure) [PSYoungGen: 97664K->1408K(113664K)] 328959K->232703K(773632K), 0.0021550 secs] [Times: user=0.01 sys=0.00, real=0.00 secs] 
2755.826: [GC (Allocation Failure) [PSYoungGen: 64896K->1984K(111616K)] 296191K->233279K(771584K), 0.0018477 secs] [Times: user=0.01 sys=0.00, real=0.00 secs] 
2756.447: [GC (Allocation Failure) [PSYoungGen: 60027K->9616K(73216K)] 291323K->240911K(733184K), 0.0020127 secs] [Times: user=0.01 sys=0.00, real=0.00 secs] 
2757.192: [GC (Allocation Failure) [PSYoungGen: 73103K->17760K(106496K)] 304399K->249055K(766464K), 0.0053927 secs] [Times: user=0.03 sys=0.00, real=0.01 secs] 
2757.877: [GC (Allocation Failure) [PSYoungGen: 81248K->34208K(108544K)] 312543K->265503K(768512K), 0.0077481 secs] [Times: user=0.04 sys=0.00, real=0.00 secs] 
2758.705: [GC (Allocation Failure) [PSYoungGen: 97696K->1408K(112128K)] 328991K->232711K(772096K), 0.0028208 secs] [Times: user=0.01 sys=0.00, real=0.00 secs] 
2760.011: [GC (Allocation Failure) [PSYoungGen: 64896K->1568K(65536K)] 296199K->232879K(725504K), 0.0016422 secs] [Times: user=0.00 sys=0.00, real=0.00 secs] 
2760.569: [GC (Allocation Failure) [PSYoungGen: 63693K->9568K(105984K)] 295004K->240887K(765952K), 0.0020354 secs] [Times: user=0.01 sys=0.00, real=0.00 secs] 
2761.168: [GC (Allocation Failure) [PSYoungGen: 73056K->17792K(81408K)] 304375K->249111K(741376K), 0.0043312 secs] [Times: user=0.02 sys=0.00, real=0.00 secs] 
2761.715: [GC (Allocation Failure) [PSYoungGen: 81280K->34208K(102400K)] 312599K->265535K(762368K), 0.0055141 secs] [Times: user=0.03 sys=0.00, real=0.00 secs] 
2762.155: [GC (Allocation Failure) [PSYoungGen: 93088K->34208K(107008K)] 324415K->265535K(766976K), 0.0057242 secs] [Times: user=0.03 sys=0.00, real=0.00 secs] 
2762.654: [GC (Allocation Failure) [PSYoungGen: 93088K->1408K(109568K)] 324415K->232743K(769536K), 0.0024967 secs] [Times: user=0.01 sys=0.00, real=0.01 secs] 
2763.689: [GC (Allocation Failure) [PSYoungGen: 60288K->9632K(68608K)] 291623K->240975K(728576K), 0.0019867 secs] [Times: user=0.01 sys=0.00, real=0.00 secs] 
2763.913: [GC (Allocation Failure) [PSYoungGen: 68512K->17824K(102400K)] 299855K->249175K(762368K), 0.0023407 secs] [Times: user=0.01 sys=0.00, real=0.01 secs] 
2764.090: [GC (Allocation Failure) [PSYoungGen: 76704K->34176K(104960K)] 308055K->265535K(764928K), 0.0034558 secs] [Times: user=0.01 sys=0.00, real=0.00 secs] 
2764.537: [GC (Allocation Failure) [PSYoungGen: 93056K->34176K(108032K)] 324415K->265543K(768000K), 0.0033009 secs] [Times: user=0.02 sys=0.00, real=0.00 secs] 
2765.107: [GC (Allocation Failure) [PSYoungGen: 93056K->1408K(111616K)] 324423K->232775K(771584K), 0.0019308 secs] [Times: user=0.01 sys=0.00, real=0.00 secs] 
2766.248: [GC (Allocation Failure) [PSYoungGen: 60008K->5536K(108544K)] 291376K->236935K(768512K), 0.0020068 secs] [Times: user=0.01 sys=0.00, real=0.00 secs] 
2766.680: [GC (Allocation Failure) [PSYoungGen: 64416K->17792K(76800K)] 295815K->249199K(736768K), 0.0024876 secs] [Times: user=0.01 sys=0.00, real=0.00 secs] 
2767.071: [GC (Allocation Failure) [PSYoungGen: 76672K->34176K(103424K)] 308079K->265591K(763392K), 0.0038439 secs] [Times: user=0.02 sys=0.00, real=0.00 secs] 
2767.342: [GC (Allocation Failure) [PSYoungGen: 89472K->34240K(107008K)] 320887K->265663K(766976K), 0.0037681 secs] [Times: user=0.02 sys=0.00, real=0.01 secs] 
2767.573: [GC (Allocation Failure) [PSYoungGen: 89536K->1424K(108544K)] 320959K->232847K(768512K), 0.0018206 secs] [Times: user=0.01 sys=0.00, real=0.01 secs] 
2768.560: [GC (Allocation Failure) [PSYoungGen: 56720K->1504K(56832K)] 288143K->232935K(716800K), 0.0016210 secs] [Times: user=0.00 sys=0.00, real=0.00 secs] 
2768.938: [GC (Allocation Failure) [PSYoungGen: 56800K->9632K(103424K)] 288231K->241071K(763392K), 0.0020550 secs] [Times: user=0.00 sys=0.00, real=0.00 secs] 
2769.372: [GC (Allocation Failure) [PSYoungGen: 64928K->17824K(73216K)] 296367K->249271K(733184K), 0.0051272 secs] [Times: user=0.02 sys=0.01, real=0.01 secs] 
2769.772: [GC (Allocation Failure) [PSYoungGen: 73120K->34192K(99840K)] 304567K->265639K(759808K), 0.0067952 secs] [Times: user=0.04 sys=0.00, real=0.01 secs] 
2770.126: [GC (Allocation Failure) [PSYoungGen: 85904K->34208K(103424K)] 317351K->265663K(763392K), 0.0043490 secs] [Times: user=0.02 sys=0.00, real=0.00 secs] 
2770.499: [GC (Allocation Failure) [PSYoungGen: 85920K->1376K(99328K)] 317375K->232839K(759296K), 0.0021295 secs] [Times: user=0.01 sys=0.00, real=0.00 secs] 
2771.615: [GC (Allocation Failure) [PSYoungGen: 53088K->1920K(53760K)] 284551K->233391K(713728K), 0.0016943 secs] [Times: user=0.01 sys=0.00, real=0.00 secs] 
2772.251: [GC (Allocation Failure) [PSYoungGen: 53632K->9632K(99328K)] 285103K->241111K(759296K), 0.0038049 secs] [Times: user=0.01 sys=0.01, real=0.01 secs] 
2772.780: [GC (Allocation Failure) [PSYoungGen: 61344K->17792K(69632K)] 292823K->249271K(729600K), 0.0034556 secs] [Times: user=0.02 sys=0.00, real=0.00 secs] 
2773.163: [GC (Allocation Failure) [PSYoungGen: 69504K->34208K(95232K)] 300983K->265695K(755200K), 0.0071454 secs] [Times: user=0.04 sys=0.00, real=0.01 secs] 
2773.607: [GC (Allocation Failure) [PSYoungGen: 81824K->34144K(99328K)] 313311K->265655K(759296K), 0.0058268 secs] [Times: user=0.02 sys=0.00, real=0.00 secs] 
2774.057: [GC (Allocation Failure) [PSYoungGen: 81760K->1344K(95744K)] 313271K->232863K(755712K), 0.0024656 secs] [Times: user=0.01 sys=0.00, real=0.00 secs] 
2774.491: [GC (Allocation Failure) [PSYoungGen: 48960K->1408K(49152K)] 280479K->232935K(709120K), 0.0025975 secs] [Times: user=0.01 sys=0.00, real=0.00 secs] 
2775.519: [GC (Allocation Failure) [PSYoungGen: 49024K->9632K(95232K)] 280551K->241159K(755200K), 0.0019131 secs] [Times: user=0.01 sys=0.00, real=0.00 secs] 
2775.838: [GC (Allocation Failure) [PSYoungGen: 57248K->17824K(65536K)] 288775K->249359K(725504K), 0.0025971 secs] [Times: user=0.01 sys=0.00, real=0.00 secs] 
2776.210: [GC (Allocation Failure) [PSYoungGen: 56891K->17808K(91136K)] 288426K->249351K(751104K), 0.0053352 secs] [Times: user=0.02 sys=0.00, real=0.01 secs] 
2776.488: [GC (Allocation Failure) [PSYoungGen: 65424K->34176K(93184K)] 296967K->265727K(753152K), 0.0067559 secs] [Times: user=0.03 sys=0.00, real=0.01 secs] 
2776.958: [GC (Allocation Failure) [PSYoungGen: 81792K->34176K(99328K)] 313343K->265735K(759296K), 0.0063354 secs] [Times: user=0.03 sys=0.00, real=0.00 secs] 
2777.480: [GC (Allocation Failure) [PSYoungGen: 84352K->1408K(102400K)] 315911K->232975K(762368K), 0.0022666 secs] [Times: user=0.00 sys=0.00, real=0.00 secs] 
2778.686: [GC (Allocation Failure) [PSYoungGen: 51584K->1952K(94720K)] 283151K->233527K(754688K), 0.0016919 secs] [Times: user=0.01 sys=0.00, real=0.00 secs] 
2778.987: [GC (Allocation Failure) [PSYoungGen: 52128K->9600K(59904K)] 283703K->241175K(719872K), 0.0018482 secs] [Times: user=0.01 sys=0.00, real=0.00 secs] 
2779.361: [GC (Allocation Failure) [PSYoungGen: 59776K->17824K(94720K)] 291351K->249399K(754688K), 0.0023655 secs] [Times: user=0.01 sys=0.00, real=0.00 secs] 
2779.699: [GC (Allocation Failure) [PSYoungGen: 68000K->34208K(96768K)] 299575K->265791K(756736K), 0.0033588 secs] [Times: user=0.02 sys=0.00, real=0.00 secs] 
2780.198: [GC (Allocation Failure) [PSYoungGen: 84384K->34176K(97280K)] 315967K->265767K(757248K), 0.0048576 secs] [Times: user=0.02 sys=0.01, real=0.00 secs] 
2780.682: [GC (Allocation Failure) [PSYoungGen: 81280K->1440K(48640K)] 312871K->233039K(708608K), 0.0025344 secs] [Times: user=0.01 sys=0.00, real=0.01 secs] 
2781.176: [GC (Allocation Failure) [PSYoungGen: 48544K->1408K(98816K)] 280143K->233007K(758784K), 0.0039341 secs] [Times: user=0.02 sys=0.00, real=0.00 secs] 
2782.278: [GC (Allocation Failure) [PSYoungGen: 46888K->5568K(52736K)] 278487K->237175K(712704K), 0.0018823 secs] [Times: user=0.01 sys=0.00, real=0.00 secs] 
2782.670: [GC (Allocation Failure) [PSYoungGen: 52672K->17792K(92160K)] 284279K->249399K(752128K), 0.0028520 secs] [Times: user=0.02 sys=0.00, real=0.00 secs] 
2782.941: [GC (Allocation Failure) [PSYoungGen: 64642K->17808K(65024K)] 296250K->249423K(724992K), 0.0025043 secs] [Times: user=0.01 sys=0.00, real=0.00 secs] 
2783.077: [GC (Allocation Failure) [PSYoungGen: 64912K->34208K(88576K)] 296527K->265831K(748544K), 0.0037070 secs] [Times: user=0.02 sys=0.00, real=0.00 secs] 
2783.310: [GC (Allocation Failure) [PSYoungGen: 77216K->34176K(92672K)] 308839K->265823K(752640K), 0.0035152 secs] [Times: user=0.02 sys=0.00, real=0.00 secs] 
2783.490: [GC (Allocation Failure) [PSYoungGen: 77184K->1376K(99840K)] 308831K->233031K(759808K), 0.0020405 secs] [Times: user=0.01 sys=0.01, real=0.00 secs] 
2783.690: [GC (Allocation Failure) [PSYoungGen: 49504K->1424K(100352K)] 281159K->233087K(760320K), 0.0017788 secs] [Times: user=0.01 sys=0.00, real=0.00 secs] 
2784.587: [GC (Allocation Failure) [PSYoungGen: 49552K->9664K(88576K)] 281215K->241335K(748544K), 0.0020023 secs] [Times: user=0.00 sys=0.00, real=0.00 secs] 
2784.753: [GC (Allocation Failure) [PSYoungGen: 57792K->17792K(96768K)] 289463K->249463K(756736K), 0.0022971 secs] [Times: user=0.01 sys=0.00, real=0.01 secs] 
2784.904: [GC (Allocation Failure) [PSYoungGen: 54329K->17792K(96768K)] 286001K->249471K(756736K), 0.0023101 secs] [Times: user=0.01 sys=0.00, real=0.01 secs] 
2785.061: [GC (Allocation Failure) [PSYoungGen: 71552K->34176K(98304K)] 303231K->265879K(758272K), 0.0032286 secs] [Times: user=0.01 sys=0.00, real=0.01 secs] 
2785.435: [GC (Allocation Failure) [PSYoungGen: 87936K->34208K(105984K)] 319639K->265919K(765952K), 0.0040027 secs] [Times: user=0.02 sys=0.00, real=0.00 secs] 
2785.949: [GC (Allocation Failure) [PSYoungGen: 91552K->1408K(109056K)] 323263K->233127K(769024K), 0.0017708 secs] [Times: user=0.01 sys=0.00, real=0.00 secs] 
2787.154: [GC (Allocation Failure) [PSYoungGen: 58100K->5520K(100352K)] 289820K->237255K(760320K), 0.0022384 secs] [Times: user=0.00 sys=0.00, real=0.01 secs] 
2787.349: [GC (Allocation Failure) [PSYoungGen: 62864K->17856K(75264K)] 294599K->249591K(735232K), 0.0027446 secs] [Times: user=0.01 sys=0.00, real=0.00 secs] 
2787.541: [GC (Allocation Failure) [PSYoungGen: 75200K->34144K(100864K)] 306935K->265879K(760832K), 0.0034920 secs] [Times: user=0.01 sys=0.00, real=0.01 secs] 
2787.850: [GC (Allocation Failure) [PSYoungGen: 87904K->34176K(104448K)] 319639K->265935K(764416K), 0.0035010 secs] [Times: user=0.02 sys=0.00, real=0.00 secs] 
2788.207: [GC (Allocation Failure) [PSYoungGen: 87936K->1408K(111616K)] 319695K->233175K(771584K), 0.0023144 secs] [Times: user=0.01 sys=0.00, real=0.00 secs] 
2789.421: [GC (Allocation Failure) [PSYoungGen: 60575K->288K(59904K)] 292343K->232055K(719872K), 0.0012748 secs] [Times: user=0.01 sys=0.00, real=0.00 secs] 
2789.654: [GC (Allocation Failure) [PSYoungGen: 59680K->9632K(107008K)] 291447K->241399K(766976K), 0.0015991 secs] [Times: user=0.01 sys=0.00, real=0.01 secs] 
2789.866: [GC (Allocation Failure) [PSYoungGen: 69024K->17792K(77312K)] 300791K->249559K(737280K), 0.0022060 secs] [Times: user=0.01 sys=0.00, real=0.00 secs] 
2790.045: [GC (Allocation Failure) [PSYoungGen: 77184K->34208K(103424K)] 308951K->265975K(763392K), 0.0029071 secs] [Times: user=0.02 sys=0.00, real=0.00 secs] 
2790.475: [GC (Allocation Failure) [PSYoungGen: 90016K->34208K(107008K)] 321783K->265983K(766976K), 0.0074866 secs] [Times: user=0.04 sys=0.00, real=0.00 secs] 
2790.911: [GC (Allocation Failure) [PSYoungGen: 90016K->1408K(115200K)] 321791K->233207K(775168K), 0.0029569 secs] [Times: user=0.01 sys=0.00, real=0.00 secs] 
2792.264: [GC (Allocation Failure) [PSYoungGen: 59824K->5568K(67584K)] 291624K->237375K(727552K), 0.0021405 secs] [Times: user=0.01 sys=0.00, real=0.01 secs] 
2792.888: [GC (Allocation Failure) [PSYoungGen: 67520K->17792K(108032K)] 299327K->249599K(768000K), 0.0033021 secs] [Times: user=0.02 sys=0.00, real=0.00 secs] 
2793.450: [GC (Allocation Failure) [PSYoungGen: 79744K->34176K(111104K)] 311551K->265983K(771072K), 0.0045174 secs] [Times: user=0.02 sys=0.01, real=0.01 secs] 
2794.227: [GC (Allocation Failure) [PSYoungGen: 96128K->34176K(111616K)] 327935K->265983K(771584K), 0.0058670 secs] [Times: user=0.03 sys=0.00, real=0.00 secs] 
2794.726: [GC (Allocation Failure) [PSYoungGen: 93568K->1440K(114176K)] 325375K->233247K(774144K), 0.0024936 secs] [Times: user=0.01 sys=0.00, real=0.00 secs] 
2796.067: [GC (Allocation Failure) [PSYoungGen: 60832K->5536K(111104K)] 292639K->237343K(771072K), 0.0020433 secs] [Times: user=0.01 sys=0.00, real=0.00 secs] 
2796.796: [GC (Allocation Failure) [PSYoungGen: 64928K->17824K(77312K)] 296735K->249631K(737280K), 0.0038747 secs] [Times: user=0.02 sys=0.00, real=0.00 secs] 
2797.466: [GC (Allocation Failure) [PSYoungGen: 62831K->17808K(103936K)] 294639K->249615K(763904K), 0.0058565 secs] [Times: user=0.03 sys=0.00, real=0.00 secs] 
2798.065: [GC (Allocation Failure) [PSYoungGen: 77200K->34176K(106496K)] 309007K->265991K(766464K), 0.0054117 secs] [Times: user=0.03 sys=0.00, real=0.00 secs] 
2798.611: [GC (Allocation Failure) [PSYoungGen: 93568K->34176K(107008K)] 325383K->265999K(766976K), 0.0051380 secs] [Times: user=0.02 sys=0.00, real=0.01 secs] 
2799.085: [GC (Allocation Failure) [PSYoungGen: 91008K->1408K(109568K)] 322831K->233239K(769536K), 0.0019107 secs] [Times: user=0.01 sys=0.00, real=0.00 secs] 
2800.946: [GC (Allocation Failure) [PSYoungGen: 58240K->9632K(106496K)] 290071K->241471K(766464K), 0.0044779 secs] [Times: user=0.02 sys=0.00, real=0.00 secs] 
2801.980: [GC (Allocation Failure) [PSYoungGen: 66464K->17792K(74752K)] 298303K->249639K(734720K), 0.0037909 secs] [Times: user=0.02 sys=0.00, real=0.00 secs] 
2802.249: [GC (Allocation Failure) [PSYoungGen: 74624K->34176K(101376K)] 306471K->266023K(761344K), 0.0038557 secs] [Times: user=0.02 sys=0.00, real=0.00 secs] 
2802.474: [GC (Allocation Failure) [PSYoungGen: 87936K->34144K(104448K)] 319783K->265999K(764416K), 0.0037339 secs] [Times: user=0.02 sys=0.00, real=0.01 secs] 
2802.743: [GC (Allocation Failure) [PSYoungGen: 87904K->1392K(107008K)] 319759K->233255K(766976K), 0.0016176 secs] [Times: user=0.01 sys=0.00, real=0.00 secs] 
2803.828: [GC (Allocation Failure) [PSYoungGen: 55152K->1696K(55808K)] 287015K->233567K(715776K), 0.0016351 secs] [Times: user=0.01 sys=0.00, real=0.00 secs] 
2804.213: [GC (Allocation Failure) [PSYoungGen: 55456K->9600K(102400K)] 287327K->241479K(762368K), 0.0019969 secs] [Times: user=0.01 sys=0.00, real=0.01 secs] 
2804.443: [GC (Allocation Failure) [PSYoungGen: 63360K->17824K(71680K)] 295239K->249703K(731648K), 0.0024373 secs] [Times: user=0.01 sys=0.00, real=0.01 secs] 
2804.598: [GC (Allocation Failure) [PSYoungGen: 71584K->34176K(97792K)] 303463K->266063K(757760K), 0.0032078 secs] [Times: user=0.02 sys=0.00, real=0.00 secs] 
2804.808: [GC (Allocation Failure) [PSYoungGen: 84352K->34176K(101376K)] 316239K->266071K(761344K), 0.0032172 secs] [Times: user=0.01 sys=0.00, real=0.00 secs] 
2805.055: [GC (Allocation Failure) [PSYoungGen: 84352K->1376K(109568K)] 316247K->233287K(769536K), 0.0014876 secs] [Times: user=0.01 sys=0.00, real=0.00 secs] 
2806.310: [GC (Allocation Failure) [PSYoungGen: 57184K->1952K(57856K)] 289095K->233871K(717824K), 0.0019195 secs] [Times: user=0.00 sys=0.00, real=0.00 secs] 
2806.518: [GC (Allocation Failure) [PSYoungGen: 57760K->9600K(103424K)] 289679K->241519K(763392K), 0.0025752 secs] [Times: user=0.01 sys=0.00, real=0.00 secs] 
2806.711: [GC (Allocation Failure) [PSYoungGen: 65408K->17824K(73728K)] 297327K->249743K(733696K), 0.0024693 secs] [Times: user=0.01 sys=0.00, real=0.00 secs] 
2806.905: [GC (Allocation Failure) [PSYoungGen: 73632K->34208K(99840K)] 305551K->266135K(759808K), 0.0032841 secs] [Times: user=0.01 sys=0.00, real=0.00 secs] 
2807.168: [GC (Allocation Failure) [PSYoungGen: 86432K->34144K(103424K)] 318359K->266079K(763392K), 0.0031818 secs] [Times: user=0.01 sys=0.00, real=0.00 secs] 
2807.386: [GC (Allocation Failure) [PSYoungGen: 86368K->1376K(111104K)] 318303K->233319K(771072K), 0.0017289 secs] [Times: user=0.00 sys=0.00, real=0.00 secs] 
2808.563: [GC (Allocation Failure) [PSYoungGen: 59232K->5536K(63488K)] 291175K->237487K(723456K), 0.0019866 secs] [Times: user=0.00 sys=0.00, real=0.01 secs] 
2808.957: [GC (Allocation Failure) [PSYoungGen: 63392K->17840K(103936K)] 295343K->249791K(763904K), 0.0023066 secs] [Times: user=0.01 sys=0.00, real=0.00 secs] 
2809.352: [GC (Allocation Failure) [PSYoungGen: 62944K->17792K(75776K)] 294895K->249743K(735744K), 0.0023695 secs] [Times: user=0.01 sys=0.00, real=0.00 secs] 
2809.697: [GC (Allocation Failure) [PSYoungGen: 75648K->34176K(100352K)] 307599K->266127K(760320K), 0.0032309 secs] [Times: user=0.02 sys=0.00, real=0.00 secs] 
2809.924: [GC (Allocation Failure) [PSYoungGen: 88448K->34176K(103936K)] 320399K->266135K(763904K), 0.0035494 secs] [Times: user=0.02 sys=0.00, real=0.01 secs] 
2810.151: [GC (Allocation Failure) [PSYoungGen: 88448K->1344K(107008K)] 320407K->233311K(766976K), 0.0016787 secs] [Times: user=0.00 sys=0.00, real=0.00 secs] 
2811.227: [GC (Allocation Failure) [PSYoungGen: 55616K->5536K(59904K)] 287583K->237511K(719872K), 0.0017784 secs] [Times: user=0.01 sys=0.00, real=0.00 secs] 
2811.572: [GC (Allocation Failure) [PSYoungGen: 59808K->17824K(99328K)] 291783K->249799K(759296K), 0.0024449 secs] [Times: user=0.01 sys=0.00, real=0.01 secs] 
2811.970: [GC (Allocation Failure) [PSYoungGen: 57774K->17728K(72192K)] 289750K->249711K(732160K), 0.0026893 secs] [Times: user=0.01 sys=0.00, real=0.00 secs] 
2812.390: [GC (Allocation Failure) [PSYoungGen: 72000K->34208K(96256K)] 303983K->266207K(756224K), 0.0034694 secs] [Times: user=0.02 sys=0.00, real=0.00 secs] 
2812.807: [GC (Allocation Failure) [PSYoungGen: 84896K->34176K(99840K)] 316895K->266183K(759808K), 0.0037415 secs] [Times: user=0.02 sys=0.00, real=0.00 secs] 
2813.392: [GC (Allocation Failure) [PSYoungGen: 84864K->1344K(102400K)] 316871K->233359K(762368K), 0.0022638 secs] [Times: user=0.01 sys=0.00, real=0.00 secs] 
2814.585: [GC (Allocation Failure) [PSYoungGen: 50977K->3520K(54272K)] 282993K->235543K(714240K), 0.0017068 secs] [Times: user=0.01 sys=0.00, real=0.00 secs] 
2814.754: [GC (Allocation Failure) [PSYoungGen: 50820K->9632K(96768K)] 282843K->241655K(756736K), 0.0018425 secs] [Times: user=0.00 sys=0.01, real=0.01 secs] 
2814.932: [GC (Allocation Failure) [PSYoungGen: 60320K->17792K(68608K)] 292343K->249823K(728576K), 0.0023990 secs] [Times: user=0.01 sys=0.00, real=0.00 secs] 
2815.075: [GC (Allocation Failure) [PSYoungGen: 68480K->34144K(93184K)] 300511K->266191K(753152K), 0.0030677 secs] [Times: user=0.02 sys=0.00, real=0.00 secs] 
2815.271: [GC (Allocation Failure) [PSYoungGen: 81248K->34208K(96768K)] 313295K->266263K(756736K), 0.0035321 secs] [Times: user=0.02 sys=0.00, real=0.01 secs] 
2815.469: [GC (Allocation Failure) [PSYoungGen: 81312K->1408K(104448K)] 313367K->233471K(764416K), 0.0026676 secs] [Times: user=0.01 sys=0.00, real=0.00 secs] 
2815.719: [GC (Allocation Failure) [PSYoungGen: 54075K->320K(104960K)] 286138K->232391K(764928K), 0.0021177 secs] [Times: user=0.01 sys=0.00, real=0.00 secs] 
2816.917: [GC (Allocation Failure) [PSYoungGen: 53056K->9632K(93696K)] 285127K->241711K(753664K), 0.0019594 secs] [Times: user=0.01 sys=0.00, real=0.00 secs] 
2817.256: [GC (Allocation Failure) [PSYoungGen: 62368K->17792K(70656K)] 294447K->249879K(730624K), 0.0024530 secs] [Times: user=0.01 sys=0.00, real=0.00 secs] 
2817.508: [GC (Allocation Failure) [PSYoungGen: 70528K->34208K(96256K)] 302615K->266295K(756224K), 0.0057798 secs] [Times: user=0.03 sys=0.00, real=0.00 secs] 
2817.891: [GC (Allocation Failure) [PSYoungGen: 83360K->34112K(99840K)] 315447K->266207K(759808K), 0.0048395 secs] [Times: user=0.02 sys=0.00, real=0.01 secs] 
2818.314: [GC (Allocation Failure) [PSYoungGen: 83264K->1408K(107008K)] 315359K->233519K(766976K), 0.0024659 secs] [Times: user=0.01 sys=0.00, real=0.01 secs] 
2818.778: [GC (Allocation Failure) [PSYoungGen: 56192K->1408K(56320K)] 288303K->233527K(716288K), 0.0028776 secs] [Times: user=0.01 sys=0.00, real=0.00 secs] 
2819.775: [GC (Allocation Failure) [PSYoungGen: 56192K->9632K(101888K)] 288311K->241759K(761856K), 0.0018747 secs] [Times: user=0.01 sys=0.00, real=0.00 secs] 
2819.976: [GC (Allocation Failure) [PSYoungGen: 64416K->17824K(72704K)] 296543K->249951K(732672K), 0.0023147 secs] [Times: user=0.01 sys=0.00, real=0.00 secs] 
2820.136: [GC (Allocation Failure) [PSYoungGen: 72608K->34208K(97792K)] 304735K->266335K(757760K), 0.0031606 secs] [Times: user=0.01 sys=0.00, real=0.00 secs] 
2820.390: [GC (Allocation Failure) [PSYoungGen: 84896K->34208K(101888K)] 317023K->266343K(761856K), 0.0036719 secs] [Times: user=0.02 sys=0.00, real=0.00 secs] 
2820.803: [GC (Allocation Failure) [PSYoungGen: 84896K->1408K(110080K)] 317031K->233559K(770048K), 0.0024836 secs] [Times: user=0.01 sys=0.00, real=0.01 secs] 
2821.934: [GC (Allocation Failure) [PSYoungGen: 57728K->1536K(58368K)] 289879K->233695K(718336K), 0.0017319 secs] [Times: user=0.01 sys=0.00, real=0.01 secs] 
2822.667: [GC (Allocation Failure) [PSYoungGen: 57856K->9536K(103936K)] 290015K->241695K(763904K), 0.0043143 secs] [Times: user=0.02 sys=0.00, real=0.00 secs] 
2823.156: [GC (Allocation Failure) [PSYoungGen: 65856K->17824K(74240K)] 298015K->249983K(734208K), 0.0040266 secs] [Times: user=0.02 sys=0.00, real=0.00 secs] 
2823.568: [GC (Allocation Failure) [PSYoungGen: 74144K->34208K(100352K)] 306303K->266367K(760320K), 0.0047131 secs] [Times: user=0.02 sys=0.00, real=0.00 secs] 
2823.958: [GC (Allocation Failure) [PSYoungGen: 86944K->34208K(103936K)] 319103K->266367K(763904K), 0.0042041 secs] [Times: user=0.02 sys=0.00, real=0.00 secs] 
2824.397: [GC (Allocation Failure) [PSYoungGen: 86944K->1408K(105984K)] 319103K->233575K(765952K), 0.0018872 secs] [Times: user=0.01 sys=0.00, real=0.00 secs] 
2825.609: [GC (Allocation Failure) [PSYoungGen: 54144K->3488K(56320K)] 286311K->235655K(716288K), 0.0017466 secs] [Times: user=0.01 sys=0.00, real=0.00 secs] 
2825.783: [GC (Allocation Failure) [PSYoungGen: 51799K->9632K(99840K)] 283967K->241799K(759808K), 0.0018956 secs] [Times: user=0.01 sys=0.01, real=0.01 secs] 
2825.968: [GC (Allocation Failure) [PSYoungGen: 62368K->17792K(70656K)] 294535K->249967K(730624K), 0.0023219 secs] [Times: user=0.01 sys=0.00, real=0.00 secs] 
2826.120: [GC (Allocation Failure) [PSYoungGen: 70528K->34176K(95744K)] 302703K->266351K(755712K), 0.0031891 secs] [Times: user=0.02 sys=0.00, real=0.00 secs] 
2826.423: [GC (Allocation Failure) [PSYoungGen: 82816K->34176K(99840K)] 314991K->266359K(759808K), 0.0038153 secs] [Times: user=0.01 sys=0.00, real=0.01 secs] 
2826.823: [GC (Allocation Failure) [PSYoungGen: 82816K->1440K(105984K)] 314999K->233631K(765952K), 0.0022671 secs] [Times: user=0.01 sys=0.00, real=0.01 secs] 
2827.987: [GC (Allocation Failure) [PSYoungGen: 55200K->1952K(55808K)] 287391K->234151K(715776K), 0.0017371 secs] [Times: user=0.01 sys=0.00, real=0.00 secs] 
2828.181: [GC (Allocation Failure) [PSYoungGen: 55712K->9568K(100352K)] 287911K->241767K(760320K), 0.0020331 secs] [Times: user=0.00 sys=0.00, real=0.00 secs] 
2828.371: [GC (Allocation Failure) [PSYoungGen: 63328K->17824K(71680K)] 295527K->250023K(731648K), 0.0024320 secs] [Times: user=0.01 sys=0.00, real=0.00 secs] 
2828.547: [GC (Allocation Failure) [PSYoungGen: 71584K->34208K(97792K)] 303783K->266407K(757760K), 0.0033218 secs] [Times: user=0.02 sys=0.00, real=0.00 secs] 
2828.757: [GC (Allocation Failure) [PSYoungGen: 84384K->34224K(101376K)] 316583K->266431K(761344K), 0.0032433 secs] [Times: user=0.01 sys=0.00, real=0.00 secs] 
2828.967: [GC (Allocation Failure) [PSYoungGen: 84400K->1376K(108544K)] 316607K->233591K(768512K), 0.0017879 secs] [Times: user=0.01 sys=0.00, real=0.00 secs] 
2830.129: [GC (Allocation Failure) [PSYoungGen: 57184K->3424K(59392K)] 289399K->235647K(719360K), 0.0018374 secs] [Times: user=0.01 sys=0.00, real=0.00 secs] 
2830.815: [GC (Allocation Failure) [PSYoungGen: 57540K->9568K(102912K)] 289764K->241791K(762880K), 0.0026754 secs] [Times: user=0.00 sys=0.00, real=0.00 secs] 
2831.291: [GC (Allocation Failure) [PSYoungGen: 65376K->17824K(73728K)] 297599K->250047K(733696K), 0.0033615 secs] [Times: user=0.01 sys=0.00, real=0.00 secs] 
2831.611: [GC (Allocation Failure) [PSYoungGen: 73632K->34176K(98816K)] 305855K->266399K(758784K), 0.0038272 secs] [Times: user=0.02 sys=0.00, real=0.01 secs] 
2831.969: [GC (Allocation Failure) [PSYoungGen: 85888K->34208K(102912K)] 318111K->266439K(762880K), 0.0034045 secs] [Times: user=0.02 sys=0.00, real=0.00 secs] 
2832.347: [GC (Allocation Failure) [PSYoungGen: 85920K->1408K(105472K)] 318151K->233647K(765440K), 0.0017142 secs] [Times: user=0.00 sys=0.00, real=0.00 secs] 
2833.632: [GC (Allocation Failure) [PSYoungGen: 53120K->2432K(54272K)] 285359K->234687K(714240K), 0.0026417 secs] [Times: user=0.01 sys=0.00, real=0.01 secs] 
2834.117: [GC (Allocation Failure) [PSYoungGen: 49895K->9568K(98816K)] 282150K->241823K(758784K), 0.0058786 secs] [Times: user=0.02 sys=0.00, real=0.00 secs] 
2834.567: [GC (Allocation Failure) [PSYoungGen: 61280K->17856K(69632K)] 293535K->250119K(729600K), 0.0040604 secs] [Times: user=0.02 sys=0.00, real=0.00 secs] 
2835.045: [GC (Allocation Failure) [PSYoungGen: 69568K->34144K(95744K)] 301831K->266407K(755712K), 0.0057284 secs] [Times: user=0.03 sys=0.00, real=0.00 secs] 
2835.581: [GC (Allocation Failure) [PSYoungGen: 82272K->34144K(99328K)] 314535K->266415K(759296K), 0.0078375 secs] [Times: user=0.04 sys=0.00, real=0.01 secs] 
2835.969: [GC (Allocation Failure) [PSYoungGen: 82272K->1376K(96256K)] 314543K->233655K(756224K), 0.0025805 secs] [Times: user=0.01 sys=0.00, real=0.00 secs] 
2836.387: [GC (Allocation Failure) [PSYoungGen: 49466K->304K(48640K)] 281746K->232591K(708608K), 0.0020678 secs] [Times: user=0.01 sys=0.00, real=0.00 secs] 
2837.347: [GC (Allocation Failure) [PSYoungGen: 48432K->9664K(95744K)] 280719K->241951K(755712K), 0.0026257 secs] [Times: user=0.01 sys=0.00, real=0.00 secs] 
2837.516: [GC (Allocation Failure) [PSYoungGen: 57792K->17824K(66048K)] 290079K->250119K(726016K), 0.0024382 secs] [Times: user=0.01 sys=0.01, real=0.00 secs] 
2837.650: [GC (Allocation Failure) [PSYoungGen: 50522K->17744K(97792K)] 282817K->250039K(757760K), 0.0024575 secs] [Times: user=0.01 sys=0.00, real=0.00 secs] 
2837.793: [GC (Allocation Failure) [PSYoungGen: 67920K->34144K(95744K)] 300215K->266447K(755712K), 0.0032599 secs] [Times: user=0.02 sys=0.00, real=0.01 secs] 
2838.163: [GC (Allocation Failure) [PSYoungGen: 84320K->34208K(102400K)] 316623K->266519K(762368K), 0.0035444 secs] [Times: user=0.02 sys=0.00, real=0.01 secs] 
2838.596: [GC (Allocation Failure) [PSYoungGen: 87456K->1408K(105472K)] 319767K->233727K(765440K), 0.0023081 secs] [Times: user=0.01 sys=0.00, real=0.00 secs] 
2839.758: [GC (Allocation Failure) [PSYoungGen: 53383K->3504K(97792K)] 285703K->235823K(757760K), 0.0018845 secs] [Times: user=0.01 sys=0.00, real=0.00 secs] 
2840.006: [GC (Allocation Failure) [PSYoungGen: 50789K->9584K(104448K)] 283108K->241903K(764416K), 0.0042299 secs] [Times: user=0.02 sys=0.00, real=0.00 secs] 
2840.356: [GC (Allocation Failure) [PSYoungGen: 62832K->17824K(102400K)] 295151K->250151K(762368K), 0.0032452 secs] [Times: user=0.02 sys=0.00, real=0.00 secs] 
2840.707: [GC (Allocation Failure) [PSYoungGen: 76704K->34208K(104960K)] 309031K->266543K(764928K), 0.0050582 secs] [Times: user=0.02 sys=0.00, real=0.00 secs] 
2841.200: [GC (Allocation Failure) [PSYoungGen: 93088K->34208K(112640K)] 325423K->266551K(772608K), 0.0052313 secs] [Times: user=0.02 sys=0.00, real=0.01 secs] 
2841.762: [GC (Allocation Failure) [PSYoungGen: 96672K->1344K(64000K)] 329015K->233711K(723968K), 0.0036977 secs] [Times: user=0.01 sys=0.00, real=0.01 secs] 
2842.940: [GC (Allocation Failure) [PSYoungGen: 63808K->9632K(111104K)] 296175K->242007K(771072K), 0.0018967 secs] [Times: user=0.01 sys=0.00, real=0.00 secs] 
2843.166: [GC (Allocation Failure) [PSYoungGen: 72096K->17792K(80384K)] 304471K->250167K(740352K), 0.0023987 secs] [Times: user=0.01 sys=0.00, real=0.00 secs] 
2843.418: [GC (Allocation Failure) [PSYoungGen: 80256K->34208K(106496K)] 312631K->266583K(766464K), 0.0036596 secs] [Times: user=0.02 sys=0.00, real=0.00 secs] 
2843.802: [GC (Allocation Failure) [PSYoungGen: 93088K->34208K(110080K)] 325463K->266591K(770048K), 0.0038088 secs] [Times: user=0.02 sys=0.00, real=0.01 secs] 
2844.174: [GC (Allocation Failure) [PSYoungGen: 93088K->1408K(111616K)] 325471K->233791K(771584K), 0.0017895 secs] [Times: user=0.01 sys=0.00, real=0.01 secs] 
2845.385: [GC (Allocation Failure) [PSYoungGen: 59694K->5552K(64512K)] 292078K->237935K(724480K), 0.0019135 secs] [Times: user=0.01 sys=0.00, real=0.00 secs] 
2845.836: [GC (Allocation Failure) [PSYoungGen: 64432K->17792K(104960K)] 296815K->250183K(764928K), 0.0037202 secs] [Times: user=0.01 sys=0.00, real=0.00 secs] 
2846.181: [GC (Allocation Failure) [PSYoungGen: 76672K->34208K(108032K)] 309063K->266599K(768000K), 0.0057631 secs] [Times: user=0.02 sys=0.00, real=0.01 secs] 
2846.697: [GC (Allocation Failure) [PSYoungGen: 93088K->34176K(108544K)] 325479K->266575K(768512K), 0.0056557 secs] [Times: user=0.02 sys=0.00, real=0.00 secs] 
2847.228: [GC (Allocation Failure) [PSYoungGen: 90496K->1408K(57856K)] 322895K->233807K(717824K), 0.0030901 secs] [Times: user=0.02 sys=0.00, real=0.00 secs] 
2848.583: [GC (Allocation Failure) [PSYoungGen: 57728K->1920K(109568K)] 290127K->234327K(769536K), 0.0018180 secs] [Times: user=0.01 sys=0.01, real=0.01 secs] 
2848.790: [GC (Allocation Failure) [PSYoungGen: 58240K->9600K(66048K)] 290647K->242015K(726016K), 0.0017830 secs] [Times: user=0.01 sys=0.00, real=0.00 secs] 
2848.991: [GC (Allocation Failure) [PSYoungGen: 65920K->17792K(101376K)] 298335K->250215K(761344K), 0.0022599 secs] [Times: user=0.01 sys=0.00, real=0.00 secs] 
2849.157: [GC (Allocation Failure) [PSYoungGen: 74112K->34192K(104448K)] 306535K->266615K(764416K), 0.0031210 secs] [Times: user=0.01 sys=0.00, real=0.00 secs] 
2849.392: [GC (Allocation Failure) [PSYoungGen: 90512K->34208K(111616K)] 322935K->266639K(771584K), 0.0029959 secs] [Times: user=0.01 sys=0.00, real=0.01 secs] 
2849.642: [GC (Allocation Failure) [PSYoungGen: 94112K->1408K(114176K)] 326543K->233847K(774144K), 0.0017251 secs] [Times: user=0.01 sys=0.00, real=0.00 secs] 
2850.547: [GC (Allocation Failure) [PSYoungGen: 61312K->9664K(102400K)] 293751K->242111K(762368K), 0.0018719 secs] [Times: user=0.01 sys=0.00, real=0.00 secs] 
2850.762: [GC (Allocation Failure) [PSYoungGen: 69568K->17824K(77824K)] 302015K->250271K(737792K), 0.0022413 secs] [Times: user=0.01 sys=0.00, real=0.00 secs] 
2850.943: [GC (Allocation Failure) [PSYoungGen: 77728K->34208K(105472K)] 310175K->266655K(765440K), 0.0030719 secs] [Times: user=0.02 sys=0.00, real=0.01 secs] 
2851.180: [GC (Allocation Failure) [PSYoungGen: 91040K->34208K(108544K)] 323487K->266663K(768512K), 0.0033035 secs] [Times: user=0.01 sys=0.00, real=0.00 secs] 
2851.417: [GC (Allocation Failure) [PSYoungGen: 91040K->1408K(116736K)] 323495K->233879K(776704K), 0.0016218 secs] [Times: user=0.01 sys=0.00, real=0.00 secs] 
2852.906: [GC (Allocation Failure) [PSYoungGen: 64384K->5536K(68608K)] 296855K->238031K(728576K), 0.0022688 secs] [Times: user=0.00 sys=0.00, real=0.00 secs] 
2853.799: [GC (Allocation Failure) [PSYoungGen: 68512K->17824K(109568K)] 301007K->250319K(769536K), 0.0043532 secs] [Times: user=0.02 sys=0.00, real=0.00 secs] 
2854.671: [GC (Allocation Failure) [PSYoungGen: 80800K->34144K(112640K)] 313295K->266639K(772608K), 0.0074083 secs] [Times: user=0.02 sys=0.01, real=0.01 secs] 
2855.684: [GC (Allocation Failure) [PSYoungGen: 97120K->34208K(113664K)] 329615K->266711K(773632K), 0.0057890 secs] [Times: user=0.03 sys=0.00, real=0.01 secs] 
2856.667: [GC (Allocation Failure) [PSYoungGen: 95136K->1408K(115712K)] 327639K->233911K(775680K), 0.0035519 secs] [Times: user=0.01 sys=0.00, real=0.00 secs] 
2857.817: [GC (Allocation Failure) [PSYoungGen: 62255K->3488K(113664K)] 294758K->235999K(773632K), 0.0019232 secs] [Times: user=0.01 sys=0.00, real=0.00 secs] 
2858.050: [GC (Allocation Failure) [PSYoungGen: 64416K->17792K(78848K)] 296927K->250311K(738816K), 0.0024160 secs] [Times: user=0.01 sys=0.00, real=0.00 secs] 
2858.283: [GC (Allocation Failure) [PSYoungGen: 66296K->17792K(104960K)] 298815K->250319K(764928K), 0.0022877 secs] [Times: user=0.01 sys=0.00, real=0.01 secs] 
2858.470: [GC (Allocation Failure) [PSYoungGen: 78720K->34192K(108032K)] 311247K->266719K(768000K), 0.0031822 secs] [Times: user=0.02 sys=0.00, real=0.00 secs] 
2858.725: [GC (Allocation Failure) [PSYoungGen: 95120K->34144K(109056K)] 327647K->266679K(769024K), 0.0042531 secs] [Times: user=0.02 sys=0.00, real=0.00 secs] 
2858.970: [GC (Allocation Failure) [PSYoungGen: 92512K->1376K(111616K)] 325047K->233919K(771584K), 0.0018731 secs] [Times: user=0.01 sys=0.00, real=0.00 secs] 
2859.865: [GC (Allocation Failure) [PSYoungGen: 59744K->9632K(101376K)] 292287K->242183K(761344K), 0.0018658 secs] [Times: user=0.01 sys=0.00, real=0.00 secs] 
2860.073: [GC (Allocation Failure) [PSYoungGen: 68000K->17824K(76288K)] 300551K->250375K(736256K), 0.0023128 secs] [Times: user=0.01 sys=0.00, real=0.01 secs] 
2860.248: [GC (Allocation Failure) [PSYoungGen: 76192K->34208K(103424K)] 308743K->266759K(763392K), 0.0032004 secs] [Times: user=0.02 sys=0.00, real=0.00 secs] 
2860.479: [GC (Allocation Failure) [PSYoungGen: 89504K->34176K(106496K)] 322055K->266735K(766464K), 0.0029854 secs] [Times: user=0.01 sys=0.00, real=0.00 secs] 
2860.729: [GC (Allocation Failure) [PSYoungGen: 89472K->1408K(114688K)] 322031K->233975K(774656K), 0.0018288 secs] [Times: user=0.01 sys=0.00, real=0.00 secs] 
2861.824: [GC (Allocation Failure) [PSYoungGen: 62848K->5568K(67072K)] 295415K->238135K(727040K), 0.0018063 secs] [Times: user=0.00 sys=0.00, real=0.01 secs] 
2862.348: [GC (Allocation Failure) [PSYoungGen: 67008K->17792K(107520K)] 299575K->250359K(767488K), 0.0025623 secs] [Times: user=0.01 sys=0.00, real=0.00 secs] 
2862.739: [GC (Allocation Failure) [PSYoungGen: 79232K->34176K(110592K)] 311799K->266743K(770560K), 0.0038806 secs] [Times: user=0.02 sys=0.00, real=0.00 secs] 
2863.258: [GC (Allocation Failure) [PSYoungGen: 95616K->34176K(111616K)] 328183K->266759K(771584K), 0.0043015 secs] [Times: user=0.03 sys=0.00, real=0.00 secs] 
2863.600: [GC (Allocation Failure) [PSYoungGen: 93568K->1376K(113664K)] 326151K->233959K(773632K), 0.0018421 secs] [Times: user=0.00 sys=0.00, real=0.00 secs] 
2864.569: [GC (Allocation Failure) [PSYoungGen: 60768K->3456K(111616K)] 293351K->236047K(771584K), 0.0016948 secs] [Times: user=0.01 sys=0.00, real=0.00 secs] 
2864.931: [GC (Allocation Failure) [PSYoungGen: 62848K->17824K(77312K)] 295439K->250415K(737280K), 0.0022390 secs] [Times: user=0.01 sys=0.00, real=0.00 secs] 
2865.387: [GC (Allocation Failure) [PSYoungGen: 71263K->17776K(103424K)] 303854K->250375K(763392K), 0.0022724 secs] [Times: user=0.01 sys=0.00, real=0.00 secs] 
2865.761: [GC (Allocation Failure) [PSYoungGen: 77168K->34144K(106496K)] 309767K->266743K(766464K), 0.0035980 secs] [Times: user=0.01 sys=0.00, real=0.01 secs] 
2866.278: [GC (Allocation Failure) [PSYoungGen: 93536K->34208K(107008K)] 326135K->266815K(766976K), 0.0035523 secs] [Times: user=0.02 sys=0.00, real=0.00 secs] 
2866.605: [GC (Allocation Failure) [PSYoungGen: 91040K->1376K(109568K)] 323647K->233991K(769536K), 0.0018550 secs] [Times: user=0.01 sys=0.00, real=0.00 secs] 
2867.709: [GC (Allocation Failure) [PSYoungGen: 58208K->9632K(105472K)] 290823K->242263K(765440K), 0.0021208 secs] [Times: user=0.01 sys=0.00, real=0.00 secs] 
2868.111: [GC (Allocation Failure) [PSYoungGen: 66464K->17808K(74752K)] 299095K->250447K(734720K), 0.0025412 secs] [Times: user=0.01 sys=0.00, real=0.00 secs] 
2868.440: [GC (Allocation Failure) [PSYoungGen: 74640K->34208K(101376K)] 307279K->266847K(761344K), 0.0033614 secs] [Times: user=0.01 sys=0.00, real=0.00 secs] 
2868.871: [GC (Allocation Failure) [PSYoungGen: 87968K->34208K(104448K)] 320607K->266855K(764416K), 0.0039830 secs] [Times: user=0.02 sys=0.00, real=0.01 secs] 
2869.263: [GC (Allocation Failure) [PSYoungGen: 87968K->1408K(107008K)] 320615K->234063K(766976K), 0.0024464 secs] [Times: user=0.01 sys=0.00, real=0.01 secs] 
2870.274: [GC (Allocation Failure) [PSYoungGen: 55168K->1696K(55808K)] 287823K->234359K(715776K), 0.0018333 secs] [Times: user=0.01 sys=0.00, real=0.01 secs] 
2870.713: [GC (Allocation Failure) [PSYoungGen: 55456K->9632K(102400K)] 288119K->242303K(762368K), 0.0018714 secs] [Times: user=0.01 sys=0.00, real=0.01 secs] 
2871.137: [GC (Allocation Failure) [PSYoungGen: 63392K->17792K(71680K)] 296063K->250463K(731648K), 0.0059005 secs] [Times: user=0.03 sys=0.00, real=0.00 secs] 
2871.507: [GC (Allocation Failure) [PSYoungGen: 71552K->34176K(97792K)] 304223K->266855K(757760K), 0.0053393 secs] [Times: user=0.02 sys=0.00, real=0.00 secs] 
2871.929: [GC (Allocation Failure) [PSYoungGen: 84352K->34208K(101376K)] 317031K->266887K(761344K), 0.0044176 secs] [Times: user=0.02 sys=0.00, real=0.00 secs] 
2872.249: [GC (Allocation Failure) [PSYoungGen: 84384K->1376K(102912K)] 317063K->234063K(762880K), 0.0018787 secs] [Times: user=0.01 sys=0.00, real=0.00 secs] 
2873.475: [GC (Allocation Failure) [PSYoungGen: 51552K->1568K(52224K)] 284239K->234255K(712192K), 0.0019023 secs] [Times: user=0.01 sys=0.00, real=0.00 secs] 
2874.450: [GC (Allocation Failure) [PSYoungGen: 51744K->9632K(97792K)] 284431K->242327K(757760K), 0.0041465 secs] [Times: user=0.02 sys=0.00, real=0.00 secs] 
2875.058: [GC (Allocation Failure) [PSYoungGen: 59808K->17840K(68096K)] 292503K->250551K(728064K), 0.0054720 secs] [Times: user=0.02 sys=0.00, real=0.00 secs] 
2875.365: [GC (Allocation Failure) [PSYoungGen: 68016K->34176K(94208K)] 300727K->266895K(754176K), 0.0048259 secs] [Times: user=0.02 sys=0.00, real=0.00 secs] 
2875.577: [GC (Allocation Failure) [PSYoungGen: 80768K->34144K(97792K)] 313487K->266887K(757760K), 0.0048527 secs] [Times: user=0.03 sys=0.00, real=0.00 secs] 
2875.777: [GC (Allocation Failure) [PSYoungGen: 80736K->34176K(103936K)] 313479K->266927K(763904K), 0.0035386 secs] [Times: user=0.02 sys=0.00, real=0.00 secs] 
2876.014: [GC (Allocation Failure) [PSYoungGen: 84352K->1408K(105984K)] 317103K->234167K(765952K), 0.0018386 secs] [Times: user=0.00 sys=0.00, real=0.01 secs] 
2877.300: [GC (Allocation Failure) [PSYoungGen: 51584K->5536K(97280K)] 284343K->238303K(757248K), 0.0021754 secs] [Times: user=0.01 sys=0.00, real=0.00 secs] 
2877.905: [GC (Allocation Failure) [PSYoungGen: 55712K->17792K(68096K)] 288479K->250567K(728064K), 0.0027953 secs] [Times: user=0.01 sys=0.00, real=0.00 secs] 
2878.470: [GC (Allocation Failure) [PSYoungGen: 62931K->17792K(94720K)] 295707K->250567K(754688K), 0.0031320 secs] [Times: user=0.01 sys=0.00, real=0.00 secs] 
2878.760: [GC (Allocation Failure) [PSYoungGen: 67968K->34176K(97792K)] 300743K->266951K(757760K), 0.0042426 secs] [Times: user=0.02 sys=0.01, real=0.00 secs] 
2879.049: [GC (Allocation Failure) [PSYoungGen: 84352K->34208K(98304K)] 317127K->266991K(758272K), 0.0036105 secs] [Times: user=0.02 sys=0.00, real=0.00 secs] 
2879.249: [GC (Allocation Failure) [PSYoungGen: 81824K->1376K(100864K)] 314607K->234159K(760832K), 0.0018861 secs] [Times: user=0.00 sys=0.00, real=0.00 secs] 
2880.417: [GC (Allocation Failure) [PSYoungGen: 48992K->1920K(99840K)] 281775K->234711K(759808K), 0.0026418 secs] [Times: user=0.01 sys=0.00, real=0.00 secs] 
2881.487: [GC (Allocation Failure) [PSYoungGen: 49536K->9600K(57344K)] 282327K->242391K(717312K), 0.0038018 secs] [Times: user=0.01 sys=0.00, real=0.00 secs] 
2881.850: [GC (Allocation Failure) [PSYoungGen: 57216K->17824K(92160K)] 290007K->250615K(752128K), 0.0035530 secs] [Times: user=0.01 sys=0.00, real=0.00 secs] 
2882.134: [GC (Allocation Failure) [PSYoungGen: 65440K->34176K(95232K)] 298231K->266975K(755200K), 0.0049379 secs] [Times: user=0.03 sys=0.00, real=0.01 secs] 
2882.528: [GC (Allocation Failure) [PSYoungGen: 81792K->34144K(96256K)] 314591K->266951K(756224K), 0.0047804 secs] [Times: user=0.03 sys=0.00, real=0.00 secs] 
2882.921: [GC (Allocation Failure) [PSYoungGen: 79200K->34112K(98816K)] 312007K->266927K(758784K), 0.0075919 secs] [Times: user=0.03 sys=0.00, real=0.01 secs] 
2883.413: [GC (Allocation Failure) [PSYoungGen: 79168K->1408K(105472K)] 311983K->234223K(765440K), 0.0033009 secs] [Times: user=0.01 sys=0.00, real=0.01 secs] 
2884.814: [GC (Allocation Failure) [PSYoungGen: 51584K->5568K(55808K)] 284399K->238407K(715776K), 0.0024699 secs] [Times: user=0.00 sys=0.00, real=0.01 secs] 
2885.666: [GC (Allocation Failure) [PSYoungGen: 55744K->17792K(97280K)] 288583K->250631K(757248K), 0.0079448 secs] [Times: user=0.04 sys=0.00, real=0.00 secs] 
2886.538: [GC (Allocation Failure) [PSYoungGen: 67968K->17792K(68096K)] 300807K->250631K(728064K), 0.0038977 secs] [Times: user=0.02 sys=0.01, real=0.00 secs] 
2886.897: [GC (Allocation Failure) [PSYoungGen: 67968K->34176K(94720K)] 300807K->267023K(754688K), 0.0045902 secs] [Times: user=0.02 sys=0.00, real=0.00 secs] 
2887.607: [GC (Allocation Failure) [PSYoungGen: 81280K->34144K(97792K)] 314127K->266991K(757760K), 0.0046403 secs] [Times: user=0.02 sys=0.00, real=0.00 secs] 
2888.189: [GC (Allocation Failure) [PSYoungGen: 81248K->1408K(99328K)] 314095K->234263K(759296K), 0.0023139 secs] [Times: user=0.01 sys=0.00, real=0.00 secs] 
2889.247: [GC (Allocation Failure) [PSYoungGen: 47199K->256K(47104K)] 280054K->233111K(707072K), 0.0012850 secs] [Times: user=0.00 sys=0.00, real=0.00 secs] 
2889.617: [GC (Allocation Failure) [PSYoungGen: 46848K->9632K(95232K)] 279703K->242495K(755200K), 0.0020269 secs] [Times: user=0.01 sys=0.00, real=0.00 secs] 
2890.000: [GC (Allocation Failure) [PSYoungGen: 56224K->17792K(64512K)] 289087K->250655K(724480K), 0.0038236 secs] [Times: user=0.01 sys=0.00, real=0.00 secs] 
2890.351: [GC (Allocation Failure) [PSYoungGen: 51234K->17840K(89088K)] 284098K->250711K(749056K), 0.0056957 secs] [Times: user=0.03 sys=0.00, real=0.01 secs] 
2890.675: [GC (Allocation Failure) [PSYoungGen: 64432K->34208K(91648K)] 297303K->267087K(751616K), 0.0080121 secs] [Times: user=0.04 sys=0.00, real=0.00 secs] 
2891.203: [GC (Allocation Failure) [PSYoungGen: 80800K->34176K(97792K)] 313679K->267063K(757760K), 0.0054415 secs] [Times: user=0.03 sys=0.00, real=0.01 secs] 
2891.749: [GC (Allocation Failure) [PSYoungGen: 83328K->1376K(100864K)] 316215K->234271K(760832K), 0.0027135 secs] [Times: user=0.01 sys=0.00, real=0.00 secs] 
2893.091: [GC (Allocation Failure) [PSYoungGen: 50528K->1696K(94208K)] 283423K->234599K(754176K), 0.0018933 secs] [Times: user=0.00 sys=0.00, real=0.00 secs] 
2893.609: [GC (Allocation Failure) [PSYoungGen: 50848K->9600K(58880K)] 283751K->242503K(718848K), 0.0024361 secs] [Times: user=0.01 sys=0.00, real=0.00 secs] 
2894.097: [GC (Allocation Failure) [PSYoungGen: 58752K->17824K(92672K)] 291655K->250727K(752640K), 0.0039716 secs] [Times: user=0.01 sys=0.00, real=0.00 secs] 
2894.435: [GC (Allocation Failure) [PSYoungGen: 66976K->34208K(95232K)] 299879K->267119K(755200K), 0.0056984 secs] [Times: user=0.03 sys=0.00, real=0.00 secs] 
2895.072: [GC (Allocation Failure) [PSYoungGen: 83360K->34144K(96768K)] 316271K->267063K(756736K), 0.0057067 secs] [Times: user=0.02 sys=0.00, real=0.01 secs] 
2895.747: [GC (Allocation Failure) [PSYoungGen: 80736K->34176K(99328K)] 313655K->267103K(759296K), 0.0067188 secs] [Times: user=0.04 sys=0.00, real=0.00 secs] 
2896.393: [GC (Allocation Failure) [PSYoungGen: 80768K->1376K(101376K)] 313695K->234311K(761344K), 0.0030470 secs] [Times: user=0.01 sys=0.01, real=0.01 secs] 
2897.898: [GC (Allocation Failure) [PSYoungGen: 47968K->5568K(52224K)] 280903K->238511K(712192K), 0.0022827 secs] [Times: user=0.01 sys=0.00, real=0.00 secs] 
2898.346: [GC (Allocation Failure) [PSYoungGen: 44118K->9600K(95232K)] 277061K->242543K(755200K), 0.0043048 secs] [Times: user=0.02 sys=0.00, real=0.00 secs] 
2898.744: [GC (Allocation Failure) [PSYoungGen: 56192K->17792K(64512K)] 289135K->250743K(724480K), 0.0041156 secs] [Times: user=0.02 sys=0.00, real=0.01 secs] 
2898.941: [GC (Allocation Failure) [PSYoungGen: 64384K->34176K(91136K)] 297335K->267135K(751104K), 0.0041375 secs] [Times: user=0.02 sys=0.00, real=0.01 secs] 
2899.281: [GC (Allocation Failure) [PSYoungGen: 77184K->34208K(94720K)] 310143K->267175K(754688K), 0.0038867 secs] [Times: user=0.01 sys=0.00, real=0.01 secs] 
2899.683: [GC (Allocation Failure) [PSYoungGen: 77216K->34208K(100352K)] 310183K->267183K(760320K), 0.0043463 secs] [Times: user=0.02 sys=0.00, real=0.01 secs] 
2900.171: [GC (Allocation Failure) [PSYoungGen: 80288K->1408K(101888K)] 313263K->234407K(761856K), 0.0042317 secs] [Times: user=0.01 sys=0.00, real=0.01 secs] 
2901.338: [GC (Allocation Failure) [PSYoungGen: 47488K->5568K(94720K)] 280487K->238575K(754688K), 0.0020160 secs] [Times: user=0.01 sys=0.00, real=0.00 secs] 
2901.508: [GC (Allocation Failure) [PSYoungGen: 48327K->9632K(100864K)] 281334K->242639K(760832K), 0.0026081 secs] [Times: user=0.00 sys=0.00, real=0.00 secs] 
2901.662: [GC (Allocation Failure) [PSYoungGen: 55712K->17792K(97280K)] 288719K->250807K(757248K), 0.0025475 secs] [Times: user=0.01 sys=0.00, real=0.01 secs] 
2901.808: [GC (Allocation Failure) [PSYoungGen: 68992K->34208K(100352K)] 302007K->267223K(760320K), 0.0034339 secs] [Times: user=0.01 sys=0.00, real=0.00 secs] 
2902.022: [GC (Allocation Failure) [PSYoungGen: 85408K->34208K(107008K)] 318423K->267255K(766976K), 0.0042283 secs] [Times: user=0.02 sys=0.00, real=0.01 secs] 
2902.261: [GC (Allocation Failure) [PSYoungGen: 88992K->1376K(109568K)] 322039K->234431K(769536K), 0.0017842 secs] [Times: user=0.01 sys=0.00, real=0.00 secs] 
2903.396: [GC (Allocation Failure) [PSYoungGen: 56160K->1984K(113664K)] 289215K->235047K(773632K), 0.0016973 secs] [Times: user=0.01 sys=0.00, real=0.00 secs] 
2903.847: [GC (Allocation Failure) [PSYoungGen: 57828K->9568K(70656K)] 290892K->242631K(730624K), 0.0020294 secs] [Times: user=0.00 sys=0.00, real=0.00 secs] 
2904.299: [GC (Allocation Failure) [PSYoungGen: 70496K->17824K(107008K)] 303559K->250887K(766976K), 0.0050300 secs] [Times: user=0.02 sys=0.00, real=0.00 secs] 
2904.628: [GC (Allocation Failure) [PSYoungGen: 78752K->34144K(109568K)] 311815K->267215K(769536K), 0.0071864 secs] [Times: user=0.03 sys=0.00, real=0.01 secs] 
2905.182: [GC (Allocation Failure) [PSYoungGen: 95072K->34208K(117248K)] 328143K->267287K(777216K), 0.0073779 secs] [Times: user=0.04 sys=0.00, real=0.01 secs] 
2905.624: [GC (Allocation Failure) [PSYoungGen: 99591K->336K(119808K)] 332671K->233423K(779776K), 0.0019556 secs] [Times: user=0.01 sys=0.00, real=0.01 secs] 
2906.571: [GC (Allocation Failure) [PSYoungGen: 65872K->9664K(108544K)] 298959K->242751K(768512K), 0.0019990 secs] [Times: user=0.00 sys=0.00, real=0.00 secs] 
2906.971: [GC (Allocation Failure) [PSYoungGen: 73906K->17792K(83456K)] 306994K->250879K(743424K), 0.0023388 secs] [Times: user=0.01 sys=0.00, real=0.00 secs] 
2907.416: [GC (Allocation Failure) [PSYoungGen: 83328K->34208K(110592K)] 316415K->267295K(770560K), 0.0068479 secs] [Times: user=0.03 sys=0.00, real=0.00 secs] 
2907.983: [GC (Allocation Failure) [PSYoungGen: 96160K->1408K(63488K)] 329247K->234503K(723456K), 0.0030786 secs] [Times: user=0.01 sys=0.00, real=0.01 secs] 
2909.395: [GC (Allocation Failure) [PSYoungGen: 63360K->1472K(111616K)] 296455K->234567K(771584K), 0.0018831 secs] [Times: user=0.01 sys=0.00, real=0.00 secs] 
2910.030: [GC (Allocation Failure) [PSYoungGen: 63424K->9632K(71680K)] 296519K->242727K(731648K), 0.0020268 secs] [Times: user=0.01 sys=0.00, real=0.00 secs] 
2910.281: [GC (Allocation Failure) [PSYoungGen: 71584K->17824K(105472K)] 304679K->250919K(765440K), 0.0029431 secs] [Times: user=0.01 sys=0.00, real=0.00 secs] 
2910.473: [GC (Allocation Failure) [PSYoungGen: 79776K->34176K(108032K)] 312871K->267271K(768000K), 0.0039710 secs] [Times: user=0.02 sys=0.00, real=0.01 secs] 
2910.733: [GC (Allocation Failure) [PSYoungGen: 96128K->34176K(115712K)] 329223K->267271K(775680K), 0.0034664 secs] [Times: user=0.02 sys=0.00, real=0.01 secs] 
2911.755: [GC (Allocation Failure) [PSYoungGen: 99393K->288K(66048K)] 332488K->233391K(726016K), 0.0014832 secs] [Times: user=0.01 sys=0.00, real=0.00 secs] 
2912.338: [GC (Allocation Failure) [PSYoungGen: 64683K->9632K(114176K)] 297787K->242735K(774144K), 0.0026988 secs] [Times: user=0.02 sys=0.00, real=0.00 secs] 
2912.787: [GC (Allocation Failure) [PSYoungGen: 72387K->17776K(83456K)] 305491K->250879K(743424K), 0.0030762 secs] [Times: user=0.01 sys=0.00, real=0.00 secs] 
2913.195: [GC (Allocation Failure) [PSYoungGen: 83312K->34176K(109568K)] 316415K->267287K(769536K), 0.0046534 secs] [Times: user=0.03 sys=0.00, real=0.00 secs] 
2913.562: [GC (Allocation Failure) [PSYoungGen: 96128K->1376K(63488K)] 329239K->234487K(723456K), 0.0018846 secs] [Times: user=0.01 sys=0.00, real=0.00 secs] 
2914.508: [GC (Allocation Failure) [PSYoungGen: 63328K->1456K(111616K)] 296439K->234575K(771584K), 0.0015007 secs] [Times: user=0.00 sys=0.00, real=0.00 secs] 
2914.941: [GC (Allocation Failure) [PSYoungGen: 63408K->9616K(71680K)] 296527K->242759K(731648K), 0.0019418 secs] [Times: user=0.01 sys=0.00, real=0.00 secs] 
2915.392: [GC (Allocation Failure) [PSYoungGen: 71568K->17824K(105472K)] 304711K->250975K(765440K), 0.0056421 secs] [Times: user=0.03 sys=0.00, real=0.01 secs] 
2915.786: [GC (Allocation Failure) [PSYoungGen: 79776K->34208K(107520K)] 312927K->267367K(767488K), 0.0063441 secs] [Times: user=0.03 sys=0.00, real=0.00 secs] 
2916.342: [GC (Allocation Failure) [PSYoungGen: 96160K->34208K(108544K)] 329319K->267375K(768512K), 0.0051985 secs] [Times: user=0.02 sys=0.00, real=0.01 secs] 
2916.712: [GC (Allocation Failure) [PSYoungGen: 93088K->1376K(60416K)] 326255K->234543K(720384K), 0.0018805 secs] [Times: user=0.01 sys=0.00, real=0.00 secs] 
2917.922: [GC (Allocation Failure) [PSYoungGen: 60256K->9632K(107008K)] 293423K->242807K(766976K), 0.0021153 secs] [Times: user=0.01 sys=0.00, real=0.00 secs] 
2918.276: [GC (Allocation Failure) [PSYoungGen: 68512K->17760K(76800K)] 301687K->250943K(736768K), 0.0029087 secs] [Times: user=0.01 sys=0.00, real=0.00 secs] 
2918.454: [GC (Allocation Failure) [PSYoungGen: 76640K->34176K(102400K)] 309823K->267367K(762368K), 0.0037440 secs] [Times: user=0.02 sys=0.00, real=0.01 secs] 
2918.686: [GC (Allocation Failure) [PSYoungGen: 89472K->34176K(105984K)] 322663K->267367K(765952K), 0.0034952 secs] [Times: user=0.02 sys=0.00, real=0.00 secs] 
2919.008: [GC (Allocation Failure) [PSYoungGen: 89472K->1408K(114688K)] 322663K->234615K(774656K), 0.0017794 secs] [Times: user=0.01 sys=0.00, real=0.00 secs] 
2920.333: [GC (Allocation Failure) [PSYoungGen: 62848K->5536K(67072K)] 296055K->238751K(727040K), 0.0027799 secs] [Times: user=0.01 sys=0.01, real=0.01 secs] 
2920.737: [GC (Allocation Failure) [PSYoungGen: 66976K->17792K(107008K)] 300191K->251007K(766976K), 0.0040734 secs] [Times: user=0.01 sys=0.00, real=0.00 secs] 
2921.121: [GC (Allocation Failure) [PSYoungGen: 79232K->34176K(110080K)] 312447K->267399K(770048K), 0.0054274 secs] [Times: user=0.02 sys=0.00, real=0.01 secs] 
2921.603: [GC (Allocation Failure) [PSYoungGen: 95616K->34208K(111104K)] 328839K->267439K(771072K), 0.0048367 secs] [Times: user=0.03 sys=0.00, real=0.01 secs] 
2922.078: [GC (Allocation Failure) [PSYoungGen: 93088K->1408K(60416K)] 326319K->234639K(720384K), 0.0021431 secs] [Times: user=0.01 sys=0.00, real=0.00 secs] 
2923.155: [GC (Allocation Failure) [PSYoungGen: 60288K->3488K(111104K)] 293519K->236727K(771072K), 0.0016801 secs] [Times: user=0.01 sys=0.00, real=0.00 secs] 
2923.340: [GC (Allocation Failure) [PSYoungGen: 62368K->17824K(76800K)] 295607K->251071K(736768K), 0.0020795 secs] [Times: user=0.00 sys=0.00, real=0.00 secs] 
2923.549: [GC (Allocation Failure) [PSYoungGen: 68368K->17824K(102912K)] 301616K->251079K(762880K), 0.0020732 secs] [Times: user=0.01 sys=0.00, real=0.00 secs] 
2923.727: [GC (Allocation Failure) [PSYoungGen: 76704K->34176K(105984K)] 309959K->267439K(765952K), 0.0028215 secs] [Times: user=0.01 sys=0.00, real=0.00 secs] 
2924.116: [GC (Allocation Failure) [PSYoungGen: 93056K->34176K(108544K)] 326319K->267447K(768512K), 0.0030229 secs] [Times: user=0.02 sys=0.00, real=0.00 secs] 
2924.580: [GC (Allocation Failure) [PSYoungGen: 93056K->1440K(60416K)] 326327K->234719K(720384K), 0.0016544 secs] [Times: user=0.00 sys=0.00, real=0.00 secs] 
2925.744: [GC (Allocation Failure) [PSYoungGen: 60320K->9632K(108544K)] 293599K->242919K(768512K), 0.0021424 secs] [Times: user=0.01 sys=0.00, real=0.01 secs] 
2926.141: [GC (Allocation Failure) [PSYoungGen: 68512K->17824K(76800K)] 301799K->251119K(736768K), 0.0025491 secs] [Times: user=0.01 sys=0.00, real=0.00 secs] 
2926.624: [GC (Allocation Failure) [PSYoungGen: 76704K->34176K(102912K)] 309999K->267471K(762880K), 0.0067105 secs] [Times: user=0.02 sys=0.01, real=0.01 secs] 
2927.882: [GC (Allocation Failure) [PSYoungGen: 89472K->34208K(106496K)] 322767K->267511K(766464K), 0.0081958 secs] [Times: user=0.04 sys=0.00, real=0.01 secs] 
2928.863: [GC (Allocation Failure) [PSYoungGen: 89504K->1392K(108544K)] 322807K->234703K(768512K), 0.0041601 secs] [Times: user=0.01 sys=0.00, real=0.01 secs] 
2930.293: [GC (Allocation Failure) [PSYoungGen: 56688K->3520K(58880K)] 289999K->236839K(718848K), 0.0017885 secs] [Times: user=0.01 sys=0.00, real=0.01 secs] 
2930.470: [GC (Allocation Failure) [PSYoungGen: 51657K->9632K(102912K)] 284976K->242959K(762880K), 0.0019856 secs] [Times: user=0.00 sys=0.00, real=0.00 secs] 
2930.670: [GC (Allocation Failure) [PSYoungGen: 64928K->17824K(73216K)] 298255K->251151K(733184K), 0.0025012 secs] [Times: user=0.01 sys=0.00, real=0.00 secs] 
2930.873: [GC (Allocation Failure) [PSYoungGen: 73120K->34144K(99840K)] 306447K->267479K(759808K), 0.0032921 secs] [Times: user=0.02 sys=0.00, real=0.01 secs] 
2931.101: [GC (Allocation Failure) [PSYoungGen: 86368K->34176K(102912K)] 319703K->267511K(762880K), 0.0034062 secs] [Times: user=0.01 sys=0.00, real=0.00 secs] 
2931.322: [GC (Allocation Failure) [PSYoungGen: 86400K->1376K(110080K)] 319735K->234719K(770048K), 0.0017788 secs] [Times: user=0.00 sys=0.00, real=0.00 secs] 
2932.487: [GC (Allocation Failure) [PSYoungGen: 59232K->5568K(63488K)] 292575K->238919K(723456K), 0.0022975 secs] [Times: user=0.01 sys=0.01, real=0.00 secs] 
2932.677: [GC (Allocation Failure) [PSYoungGen: 63424K->17760K(102912K)] 296775K->251111K(762880K), 0.0026910 secs] [Times: user=0.01 sys=0.00, real=0.00 secs] 
2932.866: [GC (Allocation Failure) [PSYoungGen: 64007K->17744K(106496K)] 297358K->251095K(766464K), 0.0024764 secs] [Times: user=0.01 sys=0.00, real=0.00 secs] 
2933.040: [GC (Allocation Failure) [PSYoungGen: 75600K->34208K(106496K)] 308951K->267567K(766464K), 0.0032184 secs] [Times: user=0.02 sys=0.00, real=0.00 secs] 
2933.345: [GC (Allocation Failure) [PSYoungGen: 94624K->34144K(110080K)] 327983K->267527K(770048K), 0.0034717 secs] [Times: user=0.02 sys=0.00, real=0.00 secs] 
2933.742: [GC (Allocation Failure) [PSYoungGen: 94560K->1408K(118784K)] 327943K->234799K(778752K), 0.0019739 secs] [Times: user=0.00 sys=0.00, real=0.00 secs] 
2935.123: [GC (Allocation Failure) [PSYoungGen: 68480K->9664K(76800K)] 301871K->243063K(736768K), 0.0020543 secs] [Times: user=0.01 sys=0.00, real=0.01 secs] 
2935.943: [GC (Allocation Failure) [PSYoungGen: 76736K->17824K(111104K)] 310135K->251223K(771072K), 0.0034008 secs] [Times: user=0.01 sys=0.00, real=0.01 secs] 
2936.541: [GC (Allocation Failure) [PSYoungGen: 84896K->34176K(114176K)] 318295K->267575K(774144K), 0.0057097 secs] [Times: user=0.03 sys=0.00, real=0.01 secs] 
2937.101: [GC (Allocation Failure) [PSYoungGen: 101248K->1376K(117248K)] 334647K->234783K(777216K), 0.0025063 secs] [Times: user=0.01 sys=0.00, real=0.00 secs] 
2938.472: [GC (Allocation Failure) [PSYoungGen: 68448K->3456K(70656K)] 301855K->236871K(730624K), 0.0019313 secs] [Times: user=0.01 sys=0.00, real=0.00 secs] 
2938.691: [GC (Allocation Failure) [PSYoungGen: 70528K->17792K(110592K)] 303943K->251215K(770560K), 0.0023082 secs] [Times: user=0.01 sys=0.00, real=0.00 secs] 
2938.901: [GC (Allocation Failure) [PSYoungGen: 84864K->34176K(113664K)] 318287K->267607K(773632K), 0.0032248 secs] [Times: user=0.01 sys=0.00, real=0.00 secs] 
2939.180: [GC (Allocation Failure) [PSYoungGen: 101248K->34208K(114176K)] 334679K->267639K(774144K), 0.0037096 secs] [Times: user=0.02 sys=0.00, real=0.00 secs] 
2939.494: [GC (Allocation Failure) [PSYoungGen: 98208K->1376K(65536K)] 331639K->234815K(725504K), 0.0017765 secs] [Times: user=0.01 sys=0.00, real=0.01 secs] 
2941.113: [GC (Allocation Failure) [PSYoungGen: 65376K->5568K(114688K)] 298815K->239015K(774656K), 0.0038393 secs] [Times: user=0.02 sys=0.00, real=0.01 secs] 
2942.008: [GC (Allocation Failure) [PSYoungGen: 69568K->17760K(81920K)] 303015K->251215K(741888K), 0.0036571 secs] [Times: user=0.02 sys=0.00, real=0.00 secs] 
2942.559: [GC (Allocation Failure) [PSYoungGen: 81760K->34176K(109568K)] 315215K->267631K(769536K), 0.0053761 secs] [Times: user=0.02 sys=0.00, real=0.01 secs] 
2943.277: [GC (Allocation Failure) [PSYoungGen: 95104K->34208K(112640K)] 328559K->267671K(772608K), 0.0054021 secs] [Times: user=0.03 sys=0.00, real=0.00 secs] 
2943.992: [GC (Allocation Failure) [PSYoungGen: 95136K->1344K(115200K)] 328599K->234807K(775168K), 0.0027812 secs] [Times: user=0.01 sys=0.00, real=0.00 secs] 
2945.291: [GC (Allocation Failure) [PSYoungGen: 62272K->5568K(66560K)] 295735K->239039K(726528K), 0.0017875 secs] [Times: user=0.01 sys=0.00, real=0.00 secs] 
2945.531: [GC (Allocation Failure) [PSYoungGen: 66496K->17824K(107520K)] 299967K->251303K(767488K), 0.0022586 secs] [Times: user=0.01 sys=0.00, real=0.00 secs] 
2945.739: [GC (Allocation Failure) [PSYoungGen: 78752K->34176K(110592K)] 312231K->267663K(770560K), 0.0032087 secs] [Times: user=0.02 sys=0.00, real=0.00 secs] 
2946.048: [GC (Allocation Failure) [PSYoungGen: 95104K->34208K(111616K)] 328591K->267719K(771584K), 0.0034839 secs] [Times: user=0.02 sys=0.00, real=0.00 secs] 
2946.296: [GC (Allocation Failure) [PSYoungGen: 93088K->1408K(113664K)] 326599K->234927K(773632K), 0.0017840 secs] [Times: user=0.01 sys=0.00, real=0.00 secs] 
2947.295: [GC (Allocation Failure) [PSYoungGen: 60033K->2464K(111616K)] 293553K->235983K(771584K), 0.0016764 secs] [Times: user=0.01 sys=0.00, real=0.00 secs] 
2947.557: [GC (Allocation Failure) [PSYoungGen: 57545K->9616K(68608K)] 291065K->243143K(728576K), 0.0018168 secs] [Times: user=0.00 sys=0.01, real=0.00 secs] 
2947.952: [GC (Allocation Failure) [PSYoungGen: 68496K->17824K(104960K)] 302023K->251359K(764928K), 0.0046648 secs] [Times: user=0.01 sys=0.00, real=0.01 secs] 
2948.272: [GC (Allocation Failure) [PSYoungGen: 76704K->34208K(107520K)] 310239K->267743K(767488K), 0.0058720 secs] [Times: user=0.03 sys=0.00, real=0.01 secs] 
2948.805: [GC (Allocation Failure) [PSYoungGen: 93088K->34144K(113664K)] 326623K->267687K(773632K), 0.0057804 secs] [Times: user=0.03 sys=0.00, real=0.00 secs] 
2949.336: [GC (Allocation Failure) [PSYoungGen: 96096K->1376K(63488K)] 329639K->234927K(723456K), 0.0028873 secs] [Times: user=0.02 sys=0.00, real=0.00 secs] 
2950.517: [GC (Allocation Failure) [PSYoungGen: 63328K->9632K(112128K)] 296879K->243191K(772096K), 0.0020095 secs] [Times: user=0.01 sys=0.00, real=0.00 secs] 
2950.740: [GC (Allocation Failure) [PSYoungGen: 71584K->17824K(79872K)] 305143K->251391K(739840K), 0.0023801 secs] [Times: user=0.01 sys=0.00, real=0.00 secs] 
2950.930: [GC (Allocation Failure) [PSYoungGen: 79776K->34176K(107008K)] 313343K->267743K(766976K), 0.0036794 secs] [Times: user=0.02 sys=0.00, real=0.00 secs] 
2951.234: [GC (Allocation Failure) [PSYoungGen: 92544K->34176K(110592K)] 326111K->267751K(770560K), 0.0032491 secs] [Times: user=0.01 sys=0.00, real=0.01 secs] 
2951.619: [GC (Allocation Failure) [PSYoungGen: 92544K->1376K(106496K)] 326119K->234959K(766464K), 0.0018850 secs] [Times: user=0.01 sys=0.00, real=0.00 secs] 
2952.871: [GC (Allocation Failure) [PSYoungGen: 57907K->5552K(64000K)] 291490K->239143K(723968K), 0.0036787 secs] [Times: user=0.01 sys=0.00, real=0.00 secs] 
2953.063: [GC (Allocation Failure) [PSYoungGen: 63920K->17824K(104960K)] 297511K->251423K(764928K), 0.0032208 secs] [Times: user=0.01 sys=0.00, real=0.01 secs] 
2953.285: [GC (Allocation Failure) [PSYoungGen: 76192K->34208K(108032K)] 309791K->267807K(768000K), 0.0042701 secs] [Times: user=0.02 sys=0.00, real=0.00 secs] 
2953.648: [GC (Allocation Failure) [PSYoungGen: 92576K->34176K(115712K)] 326175K->267791K(775680K), 0.0039450 secs] [Times: user=0.02 sys=0.00, real=0.00 secs] 
2954.120: [GC (Allocation Failure) [PSYoungGen: 97152K->1376K(117760K)] 330767K->234999K(777728K), 0.0020867 secs] [Times: user=0.01 sys=0.00, real=0.00 secs] 
2955.267: [GC (Allocation Failure) [PSYoungGen: 62878K->3472K(115712K)] 296502K->237103K(775680K), 0.0017999 secs] [Times: user=0.01 sys=0.00, real=0.00 secs] 
2955.470: [GC (Allocation Failure) [PSYoungGen: 66448K->17792K(80896K)] 300079K->251423K(740864K), 0.0023549 secs] [Times: user=0.01 sys=0.00, real=0.00 secs] 
2955.665: [GC (Allocation Failure) [PSYoungGen: 80768K->34176K(110080K)] 314399K->267807K(770048K), 0.0032013 secs] [Times: user=0.02 sys=0.00, real=0.00 secs] 
2955.941: [GC (Allocation Failure) [PSYoungGen: 94080K->34208K(113152K)] 327711K->267839K(773120K), 0.0032132 secs] [Times: user=0.02 sys=0.01, real=0.00 secs] 
2956.191: [GC (Allocation Failure) [PSYoungGen: 94112K->1376K(108032K)] 327743K->235015K(768000K), 0.0015106 secs] [Times: user=0.00 sys=0.00, real=0.00 secs] 
2957.375: [GC (Allocation Failure) [PSYoungGen: 61280K->1920K(61952K)] 294919K->235567K(721920K), 0.0018559 secs] [Times: user=0.01 sys=0.00, real=0.00 secs] 
2957.765: [GC (Allocation Failure) [PSYoungGen: 56939K->9536K(110080K)] 290586K->243191K(770048K), 0.0036591 secs] [Times: user=0.01 sys=0.00, real=0.00 secs] 
2957.996: [GC (Allocation Failure) [PSYoungGen: 69440K->17824K(77824K)] 303095K->251487K(737792K), 0.0023960 secs] [Times: user=0.01 sys=0.00, real=0.00 secs] 
2958.178: [GC (Allocation Failure) [PSYoungGen: 77728K->34144K(105984K)] 311391K->267807K(765952K), 0.0033294 secs] [Times: user=0.02 sys=0.00, real=0.00 secs] 
2958.420: [GC (Allocation Failure) [PSYoungGen: 90976K->34208K(109056K)] 324639K->267879K(769024K), 0.0032115 secs] [Times: user=0.01 sys=0.01, real=0.00 secs] 
2958.657: [GC (Allocation Failure) [PSYoungGen: 91040K->1408K(117248K)] 324711K->235087K(777216K), 0.0017392 secs] [Times: user=0.00 sys=0.00, real=0.00 secs] 
2959.596: [GC (Allocation Failure) [PSYoungGen: 64384K->9632K(72704K)] 298063K->243319K(732672K), 0.0019865 secs] [Times: user=0.01 sys=0.00, real=0.00 secs] 
2959.824: [GC (Allocation Failure) [PSYoungGen: 72608K->17792K(109056K)] 306295K->251479K(769024K), 0.0022968 secs] [Times: user=0.01 sys=0.00, real=0.01 secs] 
2960.018: [GC (Allocation Failure) [PSYoungGen: 80768K->34176K(112128K)] 314455K->267863K(772096K), 0.0032804 secs] [Times: user=0.02 sys=0.00, real=0.00 secs] 
2960.281: [GC (Allocation Failure) [PSYoungGen: 97152K->34144K(119296K)] 330839K->267839K(779264K), 0.0044416 secs] [Times: user=0.02 sys=0.01, real=0.01 secs] 
2960.619: [GC (Allocation Failure) [PSYoungGen: 101216K->1408K(121856K)] 334911K->235111K(781824K), 0.0018141 secs] [Times: user=0.01 sys=0.00, real=0.00 secs] 
2962.176: [GC (Allocation Failure) [PSYoungGen: 68480K->9664K(110080K)] 302183K->243375K(770048K), 0.0028243 secs] [Times: user=0.01 sys=0.00, real=0.00 secs] 
2962.924: [GC (Allocation Failure) [PSYoungGen: 76736K->17760K(84992K)] 310447K->251471K(744960K), 0.0038498 secs] [Times: user=0.02 sys=0.00, real=0.01 secs] 
2963.535: [GC (Allocation Failure) [PSYoungGen: 84832K->34176K(113152K)] 318543K->267887K(773120K), 0.0058220 secs] [Times: user=0.03 sys=0.00, real=0.00 secs] 
2964.190: [GC (Allocation Failure) [PSYoungGen: 98176K->1408K(65536K)] 331887K->235135K(725504K), 0.0026343 secs] [Times: user=0.01 sys=0.00, real=0.00 secs] 
2965.427: [GC (Allocation Failure) [PSYoungGen: 65408K->1664K(114688K)] 299135K->235391K(774656K), 0.0016613 secs] [Times: user=0.00 sys=0.00, real=0.00 secs] 
2965.681: [GC (Allocation Failure) [PSYoungGen: 61802K->9568K(73728K)] 295529K->243303K(733696K), 0.0018990 secs] [Times: user=0.01 sys=0.00, real=0.00 secs] 
2965.907: [GC (Allocation Failure) [PSYoungGen: 72375K->17792K(107520K)] 306111K->251535K(767488K), 0.0023162 secs] [Times: user=0.01 sys=0.00, real=0.00 secs] 
2966.126: [GC (Allocation Failure) [PSYoungGen: 81792K->34192K(110080K)] 315535K->267943K(770048K), 0.0031485 secs] [Times: user=0.01 sys=0.00, real=0.00 secs] 
2966.436: [GC (Allocation Failure) [PSYoungGen: 98192K->1424K(113152K)] 331943K->235175K(773120K), 0.0018198 secs] [Times: user=0.01 sys=0.00, real=0.00 secs] 
2967.403: [GC (Allocation Failure) [PSYoungGen: 65424K->1680K(66048K)] 299175K->235439K(726016K), 0.0018564 secs] [Times: user=0.01 sys=0.00, real=0.01 secs] 
2967.664: [GC (Allocation Failure) [PSYoungGen: 61700K->9600K(107520K)] 295459K->243367K(767488K), 0.0014992 secs] [Times: user=0.00 sys=0.00, real=0.01 secs] 
2968.038: [GC (Allocation Failure) [PSYoungGen: 72329K->17824K(81920K)] 306097K->251599K(741888K), 0.0024015 secs] [Times: user=0.01 sys=0.00, real=0.00 secs] 
2968.385: [GC (Allocation Failure) [PSYoungGen: 81824K->34176K(104448K)] 315599K->267959K(764416K), 0.0032898 secs] [Times: user=0.01 sys=0.00, real=0.00 secs] 
2968.860: [GC (Allocation Failure) [PSYoungGen: 94080K->34208K(108544K)] 327863K->267991K(768512K), 0.0047780 secs] [Times: user=0.03 sys=0.00, real=0.01 secs] 
2969.368: [GC (Allocation Failure) [PSYoungGen: 94112K->1408K(111104K)] 327895K->235199K(771072K), 0.0029974 secs] [Times: user=0.01 sys=0.00, real=0.00 secs] 
2970.753: [GC (Allocation Failure) [PSYoungGen: 61312K->9664K(69632K)] 295103K->243471K(729600K), 0.0023670 secs] [Times: user=0.01 sys=0.01, real=0.01 secs] 
2971.207: [GC (Allocation Failure) [PSYoungGen: 69568K->17792K(103936K)] 303375K->251607K(763904K), 0.0055214 secs] [Times: user=0.02 sys=0.01, real=0.00 secs] 
2971.534: [GC (Allocation Failure) [PSYoungGen: 77696K->34208K(106496K)] 311511K->268031K(766464K), 0.0057358 secs] [Times: user=0.02 sys=0.00, real=0.01 secs] 
2971.985: [GC (Allocation Failure) [PSYoungGen: 94112K->34176K(107008K)] 327935K->268007K(766976K), 0.0066187 secs] [Times: user=0.03 sys=0.00, real=0.00 secs] 
2972.230: [GC (Allocation Failure) [PSYoungGen: 91008K->1376K(110080K)] 324839K->235215K(770048K), 0.0027083 secs] [Times: user=0.01 sys=0.01, real=0.00 secs] 
2973.762: [GC (Allocation Failure) [PSYoungGen: 55676K->5552K(100864K)] 289516K->239399K(760832K), 0.0031717 secs] [Times: user=0.01 sys=0.00, real=0.01 secs] 
2974.484: [GC (Allocation Failure) [PSYoungGen: 62384K->17792K(74752K)] 296231K->251639K(734720K), 0.0053234 secs] [Times: user=0.02 sys=0.00, real=0.01 secs] 
2975.076: [GC (Allocation Failure) [PSYoungGen: 74624K->34208K(102400K)] 308471K->268063K(762368K), 0.0074090 secs] [Times: user=0.03 sys=0.00, real=0.00 secs] 
2975.719: [GC (Allocation Failure) [PSYoungGen: 87968K->34176K(105472K)] 321823K->268039K(765440K), 0.0061551 secs] [Times: user=0.03 sys=0.00, real=0.01 secs] 
2976.057: [GC (Allocation Failure) [PSYoungGen: 87936K->1376K(108032K)] 321799K->235239K(768000K), 0.0018947 secs] [Times: user=0.00 sys=0.00, real=0.00 secs] 
2976.312: [GC (Allocation Failure) [PSYoungGen: 55136K->1408K(55296K)] 288999K->235279K(715264K), 0.0018099 secs] [Times: user=0.01 sys=0.00, real=0.00 secs] 
2977.745: [GC (Allocation Failure) [PSYoungGen: 55168K->9632K(101888K)] 289039K->243511K(761856K), 0.0020717 secs] [Times: user=0.01 sys=0.00, real=0.00 secs] 
2978.391: [GC (Allocation Failure) [PSYoungGen: 63392K->17792K(71680K)] 297271K->251679K(731648K), 0.0050932 secs] [Times: user=0.02 sys=0.00, real=0.01 secs] 
2978.730: [GC (Allocation Failure) [PSYoungGen: 71552K->34176K(98304K)] 305439K->268063K(758272K), 0.0048234 secs] [Times: user=0.02 sys=0.00, real=0.01 secs] 
2979.148: [GC (Allocation Failure) [PSYoungGen: 84352K->34176K(101888K)] 318239K->268071K(761856K), 0.0047766 secs] [Times: user=0.03 sys=0.00, real=0.00 secs] 
2979.474: [GC (Allocation Failure) [PSYoungGen: 84352K->1408K(103424K)] 318247K->235311K(763392K), 0.0019944 secs] [Times: user=0.01 sys=0.00, real=0.01 secs] 
2979.826: [GC (Allocation Failure) [PSYoungGen: 51584K->1376K(51712K)] 285487K->235287K(711680K), 0.0020884 secs] [Times: user=0.00 sys=0.00, real=0.00 secs] 
2981.104: [GC (Allocation Failure) [PSYoungGen: 51552K->9664K(98304K)] 285463K->243583K(758272K), 0.0046225 secs] [Times: user=0.02 sys=0.00, real=0.01 secs] 
2981.478: [GC (Allocation Failure) [PSYoungGen: 59840K->17792K(68096K)] 293759K->251711K(728064K), 0.0033092 secs] [Times: user=0.01 sys=0.00, real=0.00 secs] 
2981.758: [GC (Allocation Failure) [PSYoungGen: 53901K->17792K(93184K)] 287820K->251719K(753152K), 0.0035853 secs] [Times: user=0.02 sys=0.00, real=0.00 secs] 
2982.023: [GC (Allocation Failure) [PSYoungGen: 67968K->34176K(95744K)] 301895K->268111K(755712K), 0.0046500 secs] [Times: user=0.03 sys=0.00, real=0.01 secs] 
2982.420: [GC (Allocation Failure) [PSYoungGen: 84352K->34208K(101888K)] 318287K->268159K(761856K), 0.0043310 secs] [Times: user=0.02 sys=0.00, real=0.00 secs] 
2982.744: [GC (Allocation Failure) [PSYoungGen: 86944K->1376K(104960K)] 320895K->235335K(764928K), 0.0018593 secs] [Times: user=0.01 sys=0.00, real=0.01 secs] 
2983.685: [GC (Allocation Failure) [PSYoungGen: 53661K->3488K(102912K)] 287621K->237447K(762880K), 0.0018681 secs] [Times: user=0.01 sys=0.00, real=0.00 secs] 
2983.854: [GC (Allocation Failure) [PSYoungGen: 50387K->9648K(62464K)] 284346K->243615K(722432K), 0.0017595 secs] [Times: user=0.01 sys=0.00, real=0.01 secs] 
2984.042: [GC (Allocation Failure) [PSYoungGen: 62384K->17824K(96256K)] 296351K->251807K(756224K), 0.0022955 secs] [Times: user=0.01 sys=0.00, real=0.00 secs] 
2984.339: [GC (Allocation Failure) [PSYoungGen: 70560K->34176K(98816K)] 304543K->268183K(758784K), 0.0035106 secs] [Times: user=0.01 sys=0.00, real=0.00 secs] 
2984.765: [GC (Allocation Failure) [PSYoungGen: 86912K->34144K(99840K)] 320919K->268159K(759808K), 0.0038589 secs] [Times: user=0.02 sys=0.00, real=0.00 secs] 
2985.164: [GC (Allocation Failure) [PSYoungGen: 83808K->1408K(51200K)] 317823K->235431K(711168K), 0.0017431 secs] [Times: user=0.01 sys=0.00, real=0.01 secs] 
2986.298: [GC (Allocation Failure) [PSYoungGen: 51072K->1952K(100352K)] 285095K->235975K(760320K), 0.0016158 secs] [Times: user=0.01 sys=0.00, real=0.00 secs] 
2986.775: [GC (Allocation Failure) [PSYoungGen: 51616K->9632K(59392K)] 285639K->243663K(719360K), 0.0020391 secs] [Times: user=0.01 sys=0.00, real=0.00 secs] 
2987.255: [GC (Allocation Failure) [PSYoungGen: 59296K->17824K(94720K)] 293327K->251855K(754688K), 0.0052531 secs] [Times: user=0.02 sys=0.00, real=0.00 secs] 
2987.681: [GC (Allocation Failure) [PSYoungGen: 67488K->34208K(96768K)] 301519K->268247K(756736K), 0.0068161 secs] [Times: user=0.03 sys=0.00, real=0.01 secs] 
2988.168: [GC (Allocation Failure) [PSYoungGen: 83872K->34112K(97280K)] 317911K->268159K(757248K), 0.0068391 secs] [Times: user=0.03 sys=0.00, real=0.00 secs] 
2988.547: [GC (Allocation Failure) [PSYoungGen: 80704K->1408K(48128K)] 314751K->235455K(708096K), 0.0032307 secs] [Times: user=0.01 sys=0.00, real=0.00 secs] 
2988.926: [GC (Allocation Failure) [PSYoungGen: 48000K->1408K(97792K)] 282047K->235463K(757760K), 0.0035546 secs] [Times: user=0.01 sys=0.00, real=0.00 secs] 
2990.163: [GC (Allocation Failure) [PSYoungGen: 48000K->5504K(52224K)] 282055K->239559K(712192K), 0.0029997 secs] [Times: user=0.02 sys=0.00, real=0.01 secs] 
2990.570: [GC (Allocation Failure) [PSYoungGen: 52096K->17824K(92672K)] 286151K->251887K(752640K), 0.0035376 secs] [Times: user=0.01 sys=0.00, real=0.00 secs] 
2990.985: [GC (Allocation Failure) [PSYoungGen: 64416K->17792K(64512K)] 298479K->251863K(724480K), 0.0030102 secs] [Times: user=0.01 sys=0.00, real=0.00 secs] 
2991.233: [GC (Allocation Failure) [PSYoungGen: 64384K->34208K(88064K)] 298455K->268287K(748032K), 0.0041253 secs] [Times: user=0.02 sys=0.00, real=0.01 secs] 
2991.589: [GC (Allocation Failure) [PSYoungGen: 76704K->34208K(92160K)] 310783K->268295K(752128K), 0.0038937 secs] [Times: user=0.02 sys=0.00, real=0.00 secs] 
2991.926: [GC (Allocation Failure) [PSYoungGen: 76704K->1408K(89600K)] 310791K->235503K(749568K), 0.0021390 secs] [Times: user=0.00 sys=0.00, real=0.00 secs] 
2992.242: [GC (Allocation Failure) [PSYoungGen: 43904K->1376K(44032K)] 277999K->235471K(704000K), 0.0021362 secs] [Times: user=0.01 sys=0.00, real=0.00 secs] 
2993.639: [GC (Allocation Failure) [PSYoungGen: 43872K->5536K(90112K)] 277967K->239639K(750080K), 0.0023393 secs] [Times: user=0.01 sys=0.00, real=0.00 secs] 
2993.918: [GC (Allocation Failure) [PSYoungGen: 42760K->9568K(52224K)] 276863K->243695K(712192K), 0.0023099 secs] [Times: user=0.01 sys=0.00, real=0.00 secs] 
2994.319: [GC (Allocation Failure) [PSYoungGen: 52064K->17792K(85504K)] 286191K->251927K(745472K), 0.0061144 secs] [Times: user=0.02 sys=0.00, real=0.01 secs] 
2994.604: [GC (Allocation Failure) [PSYoungGen: 60288K->34208K(87552K)] 294423K->268351K(747520K), 0.0056951 secs] [Times: user=0.02 sys=0.00, real=0.01 secs] 
2995.116: [GC (Allocation Failure) [PSYoungGen: 76704K->34208K(94208K)] 310847K->268359K(754176K), 0.0054831 secs] [Times: user=0.02 sys=0.00, real=0.00 secs] 
2995.624: [GC (Allocation Failure) [PSYoungGen: 78752K->34144K(97280K)] 312903K->268303K(757248K), 0.0054705 secs] [Times: user=0.02 sys=0.00, real=0.01 secs] 
2996.100: [GC (Allocation Failure) [PSYoungGen: 78688K->1376K(103936K)] 312847K->235551K(763904K), 0.0035066 secs] [Times: user=0.01 sys=0.00, real=0.00 secs] 
2997.441: [GC (Allocation Failure) [PSYoungGen: 51040K->3424K(53248K)] 285215K->237599K(713216K), 0.0018095 secs] [Times: user=0.00 sys=0.00, real=0.00 secs] 
2997.812: [GC (Allocation Failure) [PSYoungGen: 52224K->9584K(98304K)] 286399K->243759K(758272K), 0.0019731 secs] [Times: user=0.00 sys=0.00, real=0.00 secs] 
2998.169: [GC (Allocation Failure) [PSYoungGen: 59248K->17792K(67584K)] 293423K->251967K(727552K), 0.0044167 secs] [Times: user=0.02 sys=0.00, real=0.00 secs] 
2998.437: [GC (Allocation Failure) [PSYoungGen: 67456K->34176K(94208K)] 301631K->268351K(754176K), 0.0047878 secs] [Times: user=0.03 sys=0.00, real=0.00 secs] 
2998.831: [GC (Allocation Failure) [PSYoungGen: 80256K->34208K(97792K)] 314431K->268391K(757760K), 0.0043262 secs] [Times: user=0.02 sys=0.00, real=0.01 secs] 
2999.192: [GC (Allocation Failure) [PSYoungGen: 80288K->1408K(104960K)] 314471K->235591K(764928K), 0.0037436 secs] [Times: user=0.02 sys=0.00, real=0.01 secs] 
2999.938: [GC (Allocation Failure) [PSYoungGen: 52608K->1376K(52736K)] 286791K->235567K(712704K), 0.0038729 secs] [Times: user=0.01 sys=0.00, real=0.00 secs] 
3001.750: [GC (Allocation Failure) [PSYoungGen: 52576K->9664K(99328K)] 286767K->243855K(759296K), 0.0040298 secs] [Times: user=0.01 sys=0.00, real=0.00 secs] 
3002.587: [GC (Allocation Failure) [PSYoungGen: 60864K->17824K(69120K)] 295055K->252023K(729088K), 0.0051045 secs] [Times: user=0.03 sys=0.00, real=0.00 secs] 
3003.092: [GC (Allocation Failure) [PSYoungGen: 69024K->34208K(95744K)] 303223K->268415K(755712K), 0.0086089 secs] [Times: user=0.04 sys=0.01, real=0.01 secs] 
3003.450: [GC (Allocation Failure) [PSYoungGen: 81824K->34208K(99328K)] 316031K->268423K(759296K), 0.0042120 secs] [Times: user=0.02 sys=0.00, real=0.00 secs] 
3003.655: [GC (Allocation Failure) [PSYoungGen: 81824K->34176K(104960K)] 316039K->268399K(764928K), 0.0048336 secs] [Times: user=0.02 sys=0.01, real=0.00 secs] 
3003.995: [GC (Allocation Failure) [PSYoungGen: 84864K->1408K(107008K)] 319087K->235631K(766976K), 0.0018858 secs] [Times: user=0.01 sys=0.00, real=0.00 secs] 
3005.124: [GC (Allocation Failure) [PSYoungGen: 52096K->5536K(98304K)] 286319K->239775K(758272K), 0.0019156 secs] [Times: user=0.01 sys=0.00, real=0.01 secs] 
3005.483: [GC (Allocation Failure) [PSYoungGen: 56224K->17760K(68608K)] 290463K->251999K(728576K), 0.0022890 secs] [Times: user=0.01 sys=0.00, real=0.01 secs] 
3005.830: [GC (Allocation Failure) [PSYoungGen: 65392K->17824K(95744K)] 299631K->252063K(755712K), 0.0028370 secs] [Times: user=0.02 sys=0.00, real=0.00 secs] 
3005.983: [GC (Allocation Failure) [PSYoungGen: 68512K->34144K(98816K)] 302751K->268391K(758784K), 0.0035039 secs] [Times: user=0.02 sys=0.00, real=0.01 secs] 
3006.232: [GC (Allocation Failure) [PSYoungGen: 84832K->34176K(104960K)] 319079K->268431K(764928K), 0.0035929 secs] [Times: user=0.01 sys=0.00, real=0.01 secs] 
3006.552: [GC (Allocation Failure) [PSYoungGen: 87936K->1376K(107520K)] 322191K->235639K(767488K), 0.0018635 secs] [Times: user=0.01 sys=0.00, real=0.00 secs] 
3007.847: [GC (Allocation Failure) [PSYoungGen: 55136K->5504K(98816K)] 289399K->239767K(758784K), 0.0020892 secs] [Times: user=0.01 sys=0.00, real=0.00 secs] 
3008.287: [GC (Allocation Failure) [PSYoungGen: 59264K->17824K(71680K)] 293527K->252087K(731648K), 0.0053181 secs] [Times: user=0.02 sys=0.00, real=0.00 secs] 
3008.698: [GC (Allocation Failure) [PSYoungGen: 69370K->17744K(96768K)] 303633K->252015K(756736K), 0.0040507 secs] [Times: user=0.02 sys=0.00, real=0.00 secs] 
3008.853: [GC (Allocation Failure) [PSYoungGen: 71504K->34176K(99840K)] 305775K->268455K(759808K), 0.0039314 secs] [Times: user=0.02 sys=0.00, real=0.01 secs] 
3009.078: [GC (Allocation Failure) [PSYoungGen: 87936K->34176K(107008K)] 322215K->268463K(766976K), 0.0040014 secs] [Times: user=0.02 sys=0.00, real=0.00 secs] 
3009.320: [GC (Allocation Failure) [PSYoungGen: 92032K->1408K(109568K)] 326319K->235703K(769536K), 0.0018057 secs] [Times: user=0.01 sys=0.00, real=0.00 secs] 
3010.310: [GC (Allocation Failure) [PSYoungGen: 56747K->5536K(113664K)] 291043K->239839K(773632K), 0.0018801 secs] [Times: user=0.01 sys=0.00, real=0.00 secs] 
3010.733: [GC (Allocation Failure) [PSYoungGen: 69536K->17840K(81920K)] 303839K->252143K(741888K), 0.0024187 secs] [Times: user=0.01 sys=0.00, real=0.01 secs] 
3011.101: [GC (Allocation Failure) [PSYoungGen: 81840K->34208K(108032K)] 316143K->268511K(768000K), 0.0045321 secs] [Times: user=0.02 sys=0.00, real=0.01 secs] 
3011.609: [GC (Allocation Failure) [PSYoungGen: 94624K->34208K(111616K)] 328927K->268519K(771584K), 0.0037538 secs] [Times: user=0.02 sys=0.00, real=0.00 secs] 
3012.111: [GC (Allocation Failure) [PSYoungGen: 94624K->1424K(113664K)] 328935K->235751K(773632K), 0.0024893 secs] [Times: user=0.01 sys=0.00, real=0.00 secs] 
3013.219: [GC (Allocation Failure) [PSYoungGen: 61840K->5536K(66048K)] 296167K->239863K(726016K), 0.0019078 secs] [Times: user=0.00 sys=0.00, real=0.00 secs] 
3013.616: [GC (Allocation Failure) [PSYoungGen: 65952K->17792K(106496K)] 300279K->252119K(766464K), 0.0027057 secs] [Times: user=0.01 sys=0.00, real=0.00 secs] 
3013.976: [GC (Allocation Failure) [PSYoungGen: 78208K->34176K(109568K)] 312535K->268503K(769536K), 0.0035371 secs] [Times: user=0.02 sys=0.00, real=0.00 secs] 
3014.458: [GC (Allocation Failure) [PSYoungGen: 94592K->34208K(110592K)] 328919K->268543K(770560K), 0.0038676 secs] [Times: user=0.02 sys=0.00, real=0.00 secs] 
3015.004: [GC (Allocation Failure) [PSYoungGen: 92576K->1408K(112640K)] 326911K->235751K(772608K), 0.0021805 secs] [Times: user=0.00 sys=0.00, real=0.01 secs] 
3016.162: [GC (Allocation Failure) [PSYoungGen: 59776K->3488K(110592K)] 294119K->237839K(770560K), 0.0019414 secs] [Times: user=0.01 sys=0.00, real=0.00 secs] 
3016.369: [GC (Allocation Failure) [PSYoungGen: 56290K->9584K(68096K)] 290642K->243935K(728064K), 0.0020520 secs] [Times: user=0.01 sys=0.00, real=0.00 secs] 
3016.633: [GC (Allocation Failure) [PSYoungGen: 67952K->17792K(103424K)] 302303K->252151K(763392K), 0.0023828 secs] [Times: user=0.01 sys=0.00, real=0.01 secs] 
3016.856: [GC (Allocation Failure) [PSYoungGen: 76160K->34208K(106496K)] 310519K->268567K(766464K), 0.0036966 secs] [Times: user=0.01 sys=0.00, real=0.00 secs] 
3017.100: [GC (Allocation Failure) [PSYoungGen: 92576K->34144K(107520K)] 326935K->268511K(767488K), 0.0038160 secs] [Times: user=0.02 sys=0.00, real=0.00 secs] 
3017.334: [GC (Allocation Failure) [PSYoungGen: 89952K->1440K(110080K)] 324319K->235823K(770048K), 0.0018885 secs] [Times: user=0.01 sys=0.00, real=0.01 secs] 
3018.344: [GC (Allocation Failure) [PSYoungGen: 53952K->5568K(100352K)] 288335K->239959K(760320K), 0.0019145 secs] [Times: user=0.01 sys=0.00, real=0.01 secs] 
3018.525: [GC (Allocation Failure) [PSYoungGen: 61376K->17728K(73728K)] 295767K->252127K(733696K), 0.0023558 secs] [Times: user=0.01 sys=0.00, real=0.00 secs] 
3018.757: [GC (Allocation Failure) [PSYoungGen: 73536K->34176K(101888K)] 307935K->268575K(761856K), 0.0032069 secs] [Times: user=0.01 sys=0.00, real=0.00 secs] 
3019.160: [GC (Allocation Failure) [PSYoungGen: 86912K->34208K(104960K)] 321311K->268615K(764928K), 0.0037677 secs] [Times: user=0.02 sys=0.00, real=0.00 secs] 
3019.573: [GC (Allocation Failure) [PSYoungGen: 86944K->34176K(111616K)] 321351K->268591K(771584K), 0.0040847 secs] [Times: user=0.02 sys=0.00, real=0.01 secs] 
3020.010: [GC (Allocation Failure) [PSYoungGen: 91008K->1408K(113152K)] 325423K->235831K(773120K), 0.0019526 secs] [Times: user=0.01 sys=0.00, real=0.00 secs] 
3021.475: [GC (Allocation Failure) [PSYoungGen: 58240K->9664K(109056K)] 292663K->244095K(769024K), 0.0041904 secs] [Times: user=0.02 sys=0.00, real=0.00 secs] 
3022.051: [GC (Allocation Failure) [PSYoungGen: 66496K->17760K(74752K)] 300927K->252191K(734720K), 0.0047395 secs] [Times: user=0.02 sys=0.00, real=0.01 secs] 
3022.478: [GC (Allocation Failure) [PSYoungGen: 74592K->34176K(105472K)] 309023K->268615K(765440K), 0.0073167 secs] [Times: user=0.03 sys=0.00, real=0.01 secs] 
3023.177: [GC (Allocation Failure) [PSYoungGen: 88448K->34176K(108032K)] 322887K->268639K(768000K), 0.0059922 secs] [Times: user=0.02 sys=0.00, real=0.00 secs] 
3023.778: [GC (Allocation Failure) [PSYoungGen: 88448K->1344K(109056K)] 322911K->235815K(769024K), 0.0027328 secs] [Times: user=0.01 sys=0.00, real=0.00 secs] 
3025.092: [GC (Allocation Failure) [PSYoungGen: 55104K->3472K(57344K)] 289575K->237951K(717312K), 0.0019251 secs] [Times: user=0.01 sys=0.00, real=0.00 secs] 
3025.513: [GC (Allocation Failure) [PSYoungGen: 56902K->9600K(103424K)] 291381K->244087K(763392K), 0.0018475 secs] [Times: user=0.01 sys=0.00, real=0.00 secs] 
3025.970: [GC (Allocation Failure) [PSYoungGen: 63360K->17792K(71680K)] 297847K->252279K(731648K), 0.0023889 secs] [Times: user=0.01 sys=0.00, real=0.00 secs] 
3026.345: [GC (Allocation Failure) [PSYoungGen: 71552K->34160K(99840K)] 306039K->268655K(759808K), 0.0033090 secs] [Times: user=0.02 sys=0.00, real=0.00 secs] 
3026.939: [GC (Allocation Failure) [PSYoungGen: 84848K->34208K(102912K)] 319343K->268711K(762880K), 0.0070879 secs] [Times: user=0.03 sys=0.00, real=0.01 secs] 
3027.429: [GC (Allocation Failure) [PSYoungGen: 84896K->1376K(104448K)] 319399K->235887K(764416K), 0.0022793 secs] [Times: user=0.01 sys=0.00, real=0.00 secs] 
3028.752: [GC (Allocation Failure) [PSYoungGen: 52064K->1216K(52224K)] 286575K->235743K(712192K), 0.0024157 secs] [Times: user=0.01 sys=0.00, real=0.00 secs] 
3029.002: [GC (Allocation Failure) [PSYoungGen: 51904K->3159K(102400K)] 286431K->237687K(762368K), 0.0028139 secs] [Times: user=0.01 sys=0.00, real=0.01 secs] 
3031.537: [GC (Allocation Failure) [PSYoungGen: 53847K->8304K(59392K)] 288375K->242840K(719360K), 0.0047522 secs] [Times: user=0.02 sys=0.00, real=0.00 secs] 
3036.472: [GC (Allocation Failure) [PSYoungGen: 58166K->30528K(98816K)] 292701K->265079K(758784K), 0.0232062 secs] [Times: user=0.12 sys=0.00, real=0.03 secs] 
3039.400: [GC (Allocation Failure) [PSYoungGen: 79168K->52192K(100864K)] 313719K->296455K(760832K), 0.0272026 secs] [Times: user=0.13 sys=0.00, real=0.03 secs] 
3039.544: [GC (Allocation Failure) [PSYoungGen: 98169K->65504K(93696K)] 342432K->332551K(753664K), 0.0414228 secs] [Times: user=0.19 sys=0.05, real=0.05 secs] 
3039.625: [GC (Allocation Failure) [PSYoungGen: 93664K->83552K(114176K)] 360711K->350607K(774144K), 0.0230405 secs] [Times: user=0.14 sys=0.00, real=0.02 secs] 
3045.275: [GC (Allocation Failure) [PSYoungGen: 111712K->100832K(114688K)] 378767K->371567K(774656K), 0.0566925 secs] [Times: user=0.27 sys=0.06, real=0.05 secs] 
3045.370: [GC (Allocation Failure) [PSYoungGen: 114656K->111488K(134656K)] 385391K->382239K(794624K), 0.0476759 secs] [Times: user=0.28 sys=0.00, real=0.05 secs] 
3045.457: [GC (Allocation Failure) [PSYoungGen: 125312K->122400K(139776K)] 396063K->393159K(799744K), 0.0605241 secs] [Times: user=0.27 sys=0.08, real=0.06 secs] 
3045.519: [GC (Allocation Failure) [PSYoungGen: 122912K->120352K(156160K)] 393671K->393542K(816128K), 0.0369966 secs] [Times: user=0.21 sys=0.00, real=0.04 secs] 
3045.557: [GC (Allocation Failure) [PSYoungGen: 120864K->116992K(172032K)] 394054K->394122K(832000K), 0.0600948 secs] [Times: user=0.21 sys=0.09, real=0.06 secs] 
3045.618: [GC (Allocation Failure) [PSYoungGen: 117504K->66688K(67584K)] 394634K->394610K(727552K), 0.0310002 secs] [Times: user=0.16 sys=0.03, real=0.03 secs] 
3045.650: [GC (Allocation Failure) [PSYoungGen: 67200K->23648K(164864K)] 395122K->395146K(824832K), 0.0230678 secs] [Times: user=0.12 sys=0.01, real=0.02 secs] 
3045.675: [GC (Allocation Failure) [PSYoungGen: 24672K->2496K(167936K)] 396170K->395986K(827904K), 0.0298675 secs] [Times: user=0.17 sys=0.01, real=0.03 secs] 
3045.706: [GC (Allocation Failure) [PSYoungGen: 3520K->2560K(164352K)] 397010K->396898K(824320K), 0.0052473 secs] [Times: user=0.03 sys=0.00, real=0.00 secs] 
3045.713: [GC (Allocation Failure) [PSYoungGen: 4096K->2944K(4608K)] 398434K->398130K(664576K), 0.0057309 secs] [Times: user=0.03 sys=0.00, real=0.01 secs] 
3045.721: [GC (Allocation Failure) [PSYoungGen: 4480K->2592K(155648K)] 399666K->399434K(815616K), 0.0062147 secs] [Times: user=0.04 sys=0.00, real=0.01 secs] 
3045.730: [GC (Allocation Failure) [PSYoungGen: 4640K->1792K(4096K)] 401482K->401146K(664064K), 0.0064350 secs] [Times: user=0.03 sys=0.00, real=0.01 secs] 
3045.739: [GC (Allocation Failure) [PSYoungGen: 3840K->1696K(145408K)] 403194K->402730K(805376K), 0.0055303 secs] [Times: user=0.03 sys=0.00, real=0.01 secs] 
3045.748: [GC (Allocation Failure) [PSYoungGen: 4256K->2144K(5120K)] 405290K->404834K(665088K), 0.0060498 secs] [Times: user=0.04 sys=0.00, real=0.00 secs] 
3046.283: [GC (Allocation Failure) [PSYoungGen: 4704K->1920K(132608K)] 407394K->406714K(792576K), 0.0079053 secs] [Times: user=0.03 sys=0.01, real=0.01 secs] 
3046.304: [GC (Allocation Failure) [PSYoungGen: 4992K->2496K(5632K)] 409786K->409146K(665600K), 0.0100761 secs] [Times: user=0.05 sys=0.00, real=0.01 secs] 
3046.320: [GC (Allocation Failure) [PSYoungGen: 5568K->2560K(120320K)] 412218K->411650K(780288K), 0.0122190 secs] [Times: user=0.06 sys=0.00, real=0.01 secs] 
3046.342: [GC (Allocation Failure) [PSYoungGen: 6656K->3328K(7680K)] 415746K->414890K(667648K), 0.0131528 secs] [Times: user=0.07 sys=0.00, real=0.02 secs] 
3046.363: [GC (Allocation Failure) [PSYoungGen: 7424K->3328K(108544K)] 418986K->418178K(768512K), 0.0126472 secs] [Times: user=0.06 sys=0.00, real=0.02 secs] 
3046.385: [GC (Allocation Failure) [PSYoungGen: 8448K->4128K(9728K)] 423298K->422218K(669696K), 0.0141400 secs] [Times: user=0.07 sys=0.01, real=0.01 secs] 
3046.412: [GC (Allocation Failure) [PSYoungGen: 9248K->2720K(98304K)] 443722K->441242K(758272K), 0.0130972 secs] [Times: user=0.07 sys=0.01, real=0.02 secs] 
3046.436: [GC (Allocation Failure) [PSYoungGen: 8864K->4640K(11264K)] 447386K->445850K(671232K), 0.0142538 secs] [Times: user=0.08 sys=0.00, real=0.01 secs] 
3046.461: [GC (Allocation Failure) [PSYoungGen: 10784K->4896K(88064K)] 451994K->450698K(748032K), 0.0187774 secs] [Times: user=0.11 sys=0.00, real=0.02 secs] 
3046.492: [GC (Allocation Failure) [PSYoungGen: 12576K->6112K(13824K)] 458378K->456730K(673792K), 0.0180856 secs] [Times: user=0.10 sys=0.00, real=0.02 secs] 
3046.523: [GC (Allocation Failure) [PSYoungGen: 13792K->6144K(78848K)] 464410K->462778K(738816K), 0.0197673 secs] [Times: user=0.11 sys=0.00, real=0.02 secs] 
3046.557: [GC (Allocation Failure) [PSYoungGen: 15360K->7488K(16896K)] 471994K->470210K(676864K), 0.0228836 secs] [Times: user=0.13 sys=0.00, real=0.02 secs] 
3047.083: [GC (Allocation Failure) [PSYoungGen: 16704K->7392K(71168K)] 479426K->477554K(731136K), 0.0341236 secs] [Times: user=0.19 sys=0.00, real=0.04 secs] 
3050.136: [GC (Allocation Failure) [PSYoungGen: 18656K->6688K(18432K)] 488818K->484186K(678400K), 0.0688225 secs] [Times: user=0.40 sys=0.01, real=0.07 secs] 
3050.841: [GC (Allocation Failure) [PSYoungGen: 17840K->4736K(66560K)] 495338K->488770K(726528K), 0.0380067 secs] [Times: user=0.21 sys=0.01, real=0.04 secs] 
3051.677: [GC (Allocation Failure) [PSYoungGen: 18156K->4672K(18944K)] 502190K->493282K(678912K), 0.0068588 secs] [Times: user=0.03 sys=0.00, real=0.00 secs] 
3052.765: [GC (Allocation Failure) [PSYoungGen: 18496K->5455K(62464K)] 507106K->494561K(722432K), 0.0068422 secs] [Times: user=0.03 sys=0.01, real=0.00 secs] 
3052.844: [GC (Allocation Failure) [PSYoungGen: 22351K->64K(66048K)] 511457K->494435K(726016K), 0.0067776 secs] [Times: user=0.03 sys=0.00, real=0.01 secs] 
3052.915: [GC (Allocation Failure) [PSYoungGen: 16960K->96K(62464K)] 511331K->494475K(722432K), 0.0055154 secs] [Times: user=0.03 sys=0.00, real=0.00 secs] 
3052.990: [GC (Allocation Failure) [PSYoungGen: 20576K->128K(65024K)] 514955K->494515K(724992K), 0.0051065 secs] [Times: user=0.02 sys=0.00, real=0.01 secs] 
3053.152: [GC (Allocation Failure) [PSYoungGen: 20608K->3168K(61440K)] 514995K->497563K(721408K), 0.0070477 secs] [Times: user=0.04 sys=0.00, real=0.01 secs] 
3053.205: [GC (Allocation Failure) [PSYoungGen: 27744K->12544K(64000K)] 522139K->509853K(723968K), 0.0061931 secs] [Times: user=0.04 sys=0.00, real=0.00 secs] 
3053.347: [GC (Allocation Failure) [PSYoungGen: 37120K->16736K(67584K)] 534429K->524421K(727552K), 0.0114980 secs] [Times: user=0.05 sys=0.02, real=0.01 secs] 
3053.433: [GC (Allocation Failure) [PSYoungGen: 45920K->22592K(68096K)] 553605K->544885K(728064K), 0.0183396 secs] [Times: user=0.09 sys=0.02, real=0.02 secs] 
3053.515: [GC (Allocation Failure) [PSYoungGen: 51776K->22560K(74752K)] 574069K->567309K(734720K), 0.0352411 secs] [Times: user=0.18 sys=0.03, real=0.03 secs] 
3053.607: [GC (Allocation Failure) [PSYoungGen: 48496K->20480K(76288K)] 593246K->587781K(736256K), 0.0652310 secs] [Times: user=0.36 sys=0.03, real=0.06 secs] 
3053.706: [GC (Allocation Failure) [PSYoungGen: 54272K->26720K(81408K)] 621573K->614509K(741376K), 0.0323462 secs] [Times: user=0.11 sys=0.06, real=0.03 secs] 
3055.813: [GC (Allocation Failure) [PSYoungGen: 65120K->22496K(83968K)] 652909K->636997K(743936K), 0.0550150 secs] [Times: user=0.27 sys=0.06, real=0.06 secs] 
3056.232: [GC (Allocation Failure) [PSYoungGen: 60896K->29920K(88576K)] 675397K->666437K(748544K), 0.0750401 secs] [Times: user=0.43 sys=0.01, real=0.08 secs] 
3056.307: [Full GC (Ergonomics) [PSYoungGen: 29920K->0K(88576K)] [ParOldGen: 636517K->181048K(600576K)] 666437K->181048K(689152K), [Metaspace: 60062K->59970K(1105920K)], 0.4189910 secs] [Times: user=1.80 sys=0.01, real=0.42 secs] 
3056.814: [GC (Allocation Failure) [PSYoungGen: 43008K->35648K(91648K)] 224056K->216696K(692224K), 0.0137640 secs] [Times: user=0.08 sys=0.00, real=0.02 secs] 
3056.900: [GC (Allocation Failure) [PSYoungGen: 78656K->33568K(102400K)] 259704K->250200K(702976K), 0.0222703 secs] [Times: user=0.11 sys=0.02, real=0.02 secs] 
3057.739: [GC (Allocation Failure) [PSYoungGen: 83232K->12032K(104448K)] 299864K->262264K(705024K), 0.0622503 secs] [Times: user=0.37 sys=0.01, real=0.06 secs] 
3057.896: [GC (Allocation Failure) [PSYoungGen: 61696K->672K(111616K)] 311928K->262828K(712192K), 0.0153966 secs] [Times: user=0.09 sys=0.00, real=0.01 secs] 
3057.992: [GC (Allocation Failure) [PSYoungGen: 60576K->23808K(112128K)] 322732K->286524K(712704K), 0.0063123 secs] [Times: user=0.03 sys=0.00, real=0.01 secs] 
3058.072: [GC (Allocation Failure) [PSYoungGen: 83712K->46528K(115200K)] 346428K->331674K(715776K), 0.0198076 secs] [Times: user=0.09 sys=0.03, real=0.02 secs] 
3058.178: [GC (Allocation Failure) [PSYoungGen: 110528K->50336K(122880K)] 395674K->373498K(723456K), 0.0325506 secs] [Times: user=0.19 sys=0.00, real=0.03 secs] 
3058.602: [GC (Allocation Failure) [PSYoungGen: 114336K->50112K(137216K)] 437498K->423490K(737792K), 0.0465630 secs] [Times: user=0.25 sys=0.02, real=0.05 secs] 
3059.762: [GC (Allocation Failure) [PSYoungGen: 121280K->50688K(142848K)] 494658K->474186K(743424K), 0.1130924 secs] [Times: user=0.63 sys=0.00, real=0.12 secs] 
3062.286: [GC (Allocation Failure) [PSYoungGen: 121856K->37024K(158208K)] 545354K->510802K(758784K), 0.0358148 secs] [Times: user=0.21 sys=0.01, real=0.03 secs] 
3062.489: [GC (Allocation Failure) [PSYoungGen: 122016K->6400K(159744K)] 595794K->517314K(760320K), 0.0489497 secs] [Times: user=0.29 sys=0.01, real=0.05 secs] 
3063.380: [GC (Allocation Failure) [PSYoungGen: 91392K->51744K(172032K)] 602306K->567687K(772608K), 0.0286666 secs] [Times: user=0.15 sys=0.02, real=0.03 secs] 
3063.575: [GC (Allocation Failure) [PSYoungGen: 149536K->77568K(176128K)] 665479K->640375K(776704K), 0.0306919 secs] [Times: user=0.18 sys=0.00, real=0.03 secs] 
3063.605: [Full GC (Ergonomics) [PSYoungGen: 77568K->0K(176128K)] [ParOldGen: 562807K->144578K(621056K)] 640375K->144578K(797184K), [Metaspace: 59974K->59974K(1105920K)], 0.3313102 secs] [Times: user=1.52 sys=0.00, real=0.33 secs] 
3064.042: [GC (Allocation Failure) [PSYoungGen: 97792K->80096K(196608K)] 242370K->224674K(817664K), 0.0311819 secs] [Times: user=0.15 sys=0.03, real=0.03 secs] 
3065.381: [GC (Allocation Failure) [PSYoungGen: 185568K->38400K(207872K)] 330146K->263186K(828928K), 0.0442724 secs] [Times: user=0.26 sys=0.00, real=0.05 secs] 
3065.575: [GC (Allocation Failure) [PSYoungGen: 143872K->36064K(211968K)] 368658K->299370K(833024K), 0.0501069 secs] [Times: user=0.29 sys=0.01, real=0.05 secs] 
3065.764: [GC (Allocation Failure) [PSYoungGen: 160992K->91104K(216064K)] 424298K->389586K(837120K), 0.0291141 secs] [Times: user=0.17 sys=0.00, real=0.03 secs] 
3066.139: [GC (Allocation Failure) [PSYoungGen: 216032K->100512K(252928K)] 514514K->481654K(873984K), 0.0767640 secs] [Times: user=0.39 sys=0.05, real=0.08 secs] 
3067.961: [GC (Allocation Failure) [PSYoungGen: 235168K->24192K(265728K)] 616310K->505978K(886784K), 0.0447146 secs] [Times: user=0.27 sys=0.00, real=0.05 secs] 
3071.380: [GC (Allocation Failure) [PSYoungGen: 158848K->86752K(281088K)] 640634K->591303K(902144K), 0.0391796 secs] [Times: user=0.20 sys=0.02, real=0.04 secs] 
3071.605: [GC (Allocation Failure) [PSYoungGen: 239840K->115680K(286720K)] 744391K->697491K(907776K), 0.0485761 secs] [Times: user=0.29 sys=0.00, real=0.04 secs] 
3071.653: [Full GC (Ergonomics) [PSYoungGen: 115680K->0K(286720K)] [ParOldGen: 581811K->209522K(758784K)] 697491K->209522K(1045504K), [Metaspace: 59985K->59985K(1105920K)], 0.4579969 secs] [Times: user=2.11 sys=0.00, real=0.46 secs] 
3073.078: [GC (Allocation Failure) [PSYoungGen: 153088K->47648K(309760K)] 362610K->257170K(1068544K), 0.0638918 secs] [Times: user=0.39 sys=0.00, real=0.06 secs] 
3073.400: [GC (Allocation Failure) [PSYoungGen: 225312K->117056K(319488K)] 434834K->373768K(1078272K), 0.0403189 secs] [Times: user=0.24 sys=0.00, real=0.04 secs] 
3074.512: [GC (Allocation Failure) [PSYoungGen: 291490K->155104K(293376K)] 548202K->530880K(1052160K), 0.0846909 secs] [Times: user=0.41 sys=0.10, real=0.09 secs] 
3078.021: [GC (Allocation Failure) [PSYoungGen: 293344K->23872K(361984K)] 669120K->518152K(1120768K), 0.1413120 secs] [Times: user=0.84 sys=0.00, real=0.14 secs] 
3081.028: [GC (Allocation Failure) [PSYoungGen: 162112K->92096K(357888K)] 656392K->607561K(1116672K), 0.0350800 secs] [Times: user=0.20 sys=0.00, real=0.03 secs] 
3081.239: [GC (Allocation Failure) [PSYoungGen: 250304K->128736K(369152K)] 765769K->727757K(1127936K), 0.0518619 secs] [Times: user=0.31 sys=0.00, real=0.05 secs] 
3082.742: [GC (Allocation Failure) [PSYoungGen: 286944K->32960K(391680K)] 885965K->760877K(1150464K), 0.1420516 secs] [Times: user=0.47 sys=0.36, real=0.14 secs] 
3082.884: [Full GC (Ergonomics) [PSYoungGen: 32960K->0K(391680K)] [ParOldGen: 727917K->43623K(666112K)] 760877K->43623K(1057792K), [Metaspace: 59995K->59995K(1105920K)], 0.0894598 secs] [Times: user=0.37 sys=0.00, real=0.09 secs] 
3083.254: [GC (Allocation Failure) [PSYoungGen: 183808K->139456K(395776K)] 227431K->183079K(1061888K), 0.0282388 secs] [Times: user=0.17 sys=0.00, real=0.03 secs] 
3086.015: [GC (Allocation Failure) [PSYoungGen: 323264K->84288K(404992K)] 366887K->259307K(1071104K), 0.0634780 secs] [Times: user=0.37 sys=0.01, real=0.06 secs] 
3089.364: [GC (Allocation Failure) [PSYoungGen: 296768K->117152K(419840K)] 471787K->376555K(1085952K), 0.0528031 secs] [Times: user=0.32 sys=0.00, real=0.06 secs] 
3090.569: [GC (Allocation Failure) [PSYoungGen: 329632K->130432K(447488K)] 589035K->496835K(1113600K), 0.0722013 secs] [Times: user=0.37 sys=0.06, real=0.07 secs] 
3091.797: [GC (Allocation Failure) [PSYoungGen: 371072K->130880K(451072K)] 737475K->627875K(1117184K), 0.0584826 secs] [Times: user=0.34 sys=0.01, real=0.06 secs] 
3091.856: [Full GC (Ergonomics) [PSYoungGen: 130880K->0K(451072K)] [ParOldGen: 496995K->147037K(838656K)] 627875K->147037K(1289728K), [Metaspace: 60001K->60001K(1105920K)], 0.3275218 secs] [Times: user=1.51 sys=0.00, real=0.32 secs] 
3094.637: [GC (Allocation Failure) [PSYoungGen: 240640K->119488K(477696K)] 387677K->266525K(1316352K), 0.0452007 secs] [Times: user=0.23 sys=0.03, real=0.04 secs] 
3096.457: [GC (Allocation Failure) [PSYoungGen: 391872K->179168K(451584K)] 538909K->444987K(1290240K), 0.0842973 secs] [Times: user=0.50 sys=0.00, real=0.08 secs] 
3101.107: [GC (Allocation Failure) [PSYoungGen: 451552K->52576K(473600K)] 717371K->318563K(1312256K), 0.0318932 secs] [Times: user=0.15 sys=0.00, real=0.03 secs] 
3103.463: [GC (Allocation Failure) [PSYoungGen: 297824K->180544K(425984K)] 563811K->493112K(1264640K), 0.1366662 secs] [Times: user=0.82 sys=0.00, real=0.14 secs] 
3105.226: [GC (Allocation Failure) [PSYoungGen: 425792K->106176K(469504K)] 738360K->599372K(1308160K), 0.0857751 secs] [Times: user=0.51 sys=0.00, real=0.08 secs] 
3108.289: [GC (Allocation Failure) [PSYoungGen: 342720K->152800K(465920K)] 835916K->741673K(1304576K), 0.0632300 secs] [Times: user=0.37 sys=0.00, real=0.06 secs] 
3109.080: [GC (Allocation Failure) [PSYoungGen: 389344K->113920K(450560K)] 978217K->855857K(1289216K), 0.0669190 secs] [Times: user=0.38 sys=0.02, real=0.07 secs] 
3109.147: [Full GC (Ergonomics) [PSYoungGen: 113920K->0K(450560K)] [ParOldGen: 741937K->130592K(896000K)] 855857K->130592K(1346560K), [Metaspace: 60015K->60015K(1105920K)], 0.2779069 secs] [Times: user=1.24 sys=0.00, real=0.28 secs] 
3110.564: [GC (Allocation Failure) [PSYoungGen: 236544K->134368K(458240K)] 367136K->264960K(1354240K), 0.0491112 secs] [Times: user=0.29 sys=0.01, real=0.05 secs] 
3114.340: [GC (Allocation Failure) [PSYoungGen: 370912K->141472K(473088K)] 501504K->405872K(1369088K), 0.0683797 secs] [Times: user=0.39 sys=0.01, real=0.07 secs] 
3115.529: [GC (Allocation Failure) [PSYoungGen: 400032K->11264K(270336K)] 664432K->275740K(1166336K), 0.0032968 secs] [Times: user=0.02 sys=0.00, real=0.00 secs] 
3116.784: [GC (Allocation Failure) [PSYoungGen: 259961K->173888K(459264K)] 524438K->447876K(1355264K), 0.0798477 secs] [Times: user=0.44 sys=0.03, real=0.08 secs] 
3121.781: [GC (Allocation Failure) [PSYoungGen: 406848K->94496K(465920K)] 680836K->533356K(1361920K), 0.1517557 secs] [Times: user=0.90 sys=0.01, real=0.15 secs] 
3123.561: [GC (Allocation Failure) [PSYoungGen: 311290K->159328K(462848K)] 750150K->686233K(1358848K), 0.0481744 secs] [Times: user=0.28 sys=0.01, real=0.05 secs] 
3124.716: [GC (Allocation Failure) [PSYoungGen: 392288K->96960K(330240K)] 919193K->774193K(1226240K), 0.0666231 secs] [Times: user=0.40 sys=0.00, real=0.06 secs] 
3124.782: [Full GC (Ergonomics) [PSYoungGen: 96960K->0K(330240K)] [ParOldGen: 677233K->49345K(875520K)] 774193K->49345K(1205760K), [Metaspace: 60030K->60030K(1105920K)], 0.0940264 secs] [Times: user=0.38 sys=0.00, real=0.10 secs] 
3125.964: [GC (Allocation Failure) [PSYoungGen: 232960K->168352K(456704K)] 282305K->217697K(1332224K), 0.1042434 secs] [Times: user=0.62 sys=0.00, real=0.11 secs] 
3131.184: [GC (Allocation Failure) [PSYoungGen: 398240K->75456K(462848K)] 447585K->292905K(1338368K), 0.1758193 secs] [Times: user=1.05 sys=0.00, real=0.18 secs] 
3132.939: [GC (Allocation Failure) [PSYoungGen: 305344K->170528K(464896K)] 522793K->458674K(1340416K), 0.0516526 secs] [Times: user=0.30 sys=0.00, real=0.05 secs] 
3134.580: [GC (Allocation Failure) [PSYoungGen: 403488K->90336K(465920K)] 691634K->549054K(1341440K), 0.1030983 secs] [Times: user=0.61 sys=0.01, real=0.10 secs] 
3136.173: [GC (Allocation Failure) [PSYoungGen: 323296K->172544K(465920K)] 782014K->715596K(1341440K), 0.1538873 secs] [Times: user=0.92 sys=0.01, real=0.16 secs] 
3141.181: [GC (Allocation Failure) [PSYoungGen: 405504K->85376K(465920K)] 948556K->800752K(1341440K), 0.1216598 secs] [Times: user=0.73 sys=0.00, real=0.12 secs] 
3141.303: [Full GC (Ergonomics) [PSYoungGen: 85376K->0K(465920K)] [ParOldGen: 715376K->81471K(955392K)] 800752K->81471K(1421312K), [Metaspace: 60057K->60057K(1105920K)], 0.1853224 secs] [Times: user=0.85 sys=0.00, real=0.19 secs] 
3142.880: [GC (Allocation Failure) [PSYoungGen: 232960K->205344K(465920K)] 314431K->286815K(1421312K), 0.0947697 secs] [Times: user=0.54 sys=0.03, real=0.10 secs] 
3145.175: [GC (Allocation Failure) [PSYoungGen: 438304K->92192K(465920K)] 519775K->346559K(1421312K), 0.1032676 secs] [Times: user=0.61 sys=0.00, real=0.10 secs] 
3146.532: [GC (Allocation Failure) [PSYoungGen: 320531K->198016K(465920K)] 574899K->538288K(1421312K), 0.0680218 secs] [Times: user=0.40 sys=0.00, real=0.07 secs] 
3149.179: [GC (Allocation Failure) [PSYoungGen: 430675K->92832K(465920K)] 770947K->593536K(1421312K), 0.0860728 secs] [Times: user=0.52 sys=0.00, real=0.09 secs] 
3150.370: [GC (Allocation Failure) [PSYoungGen: 325792K->151776K(465920K)] 826496K->739045K(1421312K), 0.0610645 secs] [Times: user=0.36 sys=0.01, real=0.06 secs] 
3152.971: [GC (Allocation Failure) [PSYoungGen: 384736K->107648K(465920K)] 972005K->845933K(1421312K), 0.0880846 secs] [Times: user=0.52 sys=0.00, real=0.09 secs] 
3153.059: [Full GC (Ergonomics) [PSYoungGen: 107648K->0K(465920K)] [ParOldGen: 738285K->116638K(1025536K)] 845933K->116638K(1491456K), [Metaspace: 60061K->60061K(1105920K)], 0.2574307 secs] [Times: user=1.15 sys=0.00, real=0.26 secs] 
3154.437: [GC (Allocation Failure) [PSYoungGen: 232960K->148544K(465920K)] 349598K->265182K(1491456K), 0.0542550 secs] [Times: user=0.32 sys=0.00, real=0.05 secs] 
3156.686: [GC (Allocation Failure) [PSYoungGen: 381504K->117440K(350720K)] 498142K->382866K(1376256K), 0.0804858 secs] [Times: user=0.48 sys=0.00, real=0.08 secs] 
3158.720: [GC (Allocation Failure) [PSYoungGen: 350400K->130720K(475136K)] 615826K->502766K(1500672K), 0.0617104 secs] [Times: user=0.37 sys=0.00, real=0.06 secs] 
3161.626: [GC (Allocation Failure) [PSYoungGen: 373408K->138144K(380928K)] 745454K->641070K(1406464K), 0.0586392 secs] [Times: user=0.34 sys=0.00, real=0.05 secs] 
3163.073: [GC (Allocation Failure) [PSYoungGen: 380832K->4960K(447488K)] 883758K->507926K(1473024K), 0.0057667 secs] [Times: user=0.03 sys=0.00, real=0.01 secs] 
3165.761: [GC (Allocation Failure) [PSYoungGen: 235872K->154016K(460288K)] 738838K->659619K(1485824K), 0.0311050 secs] [Times: user=0.18 sys=0.00, real=0.03 secs] 
3167.223: [GC (Allocation Failure) [PSYoungGen: 384928K->99584K(456704K)] 890531K->750147K(1482240K), 0.1263105 secs] [Times: user=0.75 sys=0.00, real=0.13 secs] 
3170.350: [GC (Allocation Failure) [PSYoungGen: 337152K->166400K(461824K)] 987715K->914512K(1487360K), 0.0560042 secs] [Times: user=0.32 sys=0.01, real=0.06 secs] 
3171.739: [GC (Allocation Failure) [PSYoungGen: 403968K->98784K(467968K)] 1152080K->1004368K(1493504K), 0.1570380 secs] [Times: user=0.61 sys=0.31, real=0.16 secs] 
3171.896: [Full GC (Ergonomics) [PSYoungGen: 98784K->0K(467968K)] [ParOldGen: 905584K->42546K(976384K)] 1004368K->42546K(1444352K), [Metaspace: 60068K->60068K(1105920K)], 0.0830618 secs] [Times: user=0.34 sys=0.00, real=0.08 secs] 
3173.019: [GC (Allocation Failure) [PSYoungGen: 242688K->188576K(431616K)] 285234K->231122K(1408000K), 0.0346642 secs] [Times: user=0.21 sys=0.00, real=0.03 secs] 
3177.144: [GC (Allocation Failure) [PSYoungGen: 431264K->94048K(465920K)] 473810K->308610K(1442304K), 0.1591919 secs] [Times: user=0.95 sys=0.00, real=0.16 secs] 
3177.580: [GC (Allocation Failure) [PSYoungGen: 327008K->184608K(465920K)] 541570K->488791K(1442304K), 0.0556094 secs] [Times: user=0.33 sys=0.00, real=0.06 secs] 
3181.333: [GC (Allocation Failure) [PSYoungGen: 417568K->85952K(465920K)] 721751K->557451K(1442304K), 0.1344050 secs] [Times: user=0.80 sys=0.00, real=0.14 secs] 
3181.802: [GC (Allocation Failure) [PSYoungGen: 318912K->175104K(465920K)] 790411K->726124K(1442304K), 0.0576043 secs] [Times: user=0.33 sys=0.01, real=0.06 secs] 
3185.511: [GC (Allocation Failure) [PSYoungGen: 408064K->81024K(465920K)] 959084K->806868K(1442304K), 0.1208235 secs] [Times: user=0.72 sys=0.00, real=0.12 secs] 
3185.632: [Full GC (Ergonomics) [PSYoungGen: 81024K->0K(465920K)] [ParOldGen: 725844K->86472K(1056768K)] 806868K->86472K(1522688K), [Metaspace: 60073K->60073K(1105920K)], 0.2042520 secs] [Times: user=0.91 sys=0.00, real=0.21 secs] 
3186.093: [GC (Allocation Failure) [PSYoungGen: 232960K->175968K(465920K)] 319432K->262440K(1522688K), 0.0375607 secs] [Times: user=0.21 sys=0.01, real=0.04 secs] 
3187.401: [GC (Allocation Failure) [PSYoungGen: 408928K->93952K(465920K)] 495400K->356016K(1522688K), 0.0683974 secs] [Times: user=0.41 sys=0.00, real=0.07 secs] 
3189.558: [GC (Allocation Failure) [PSYoungGen: 326912K->151264K(465920K)] 588976K->500631K(1522688K), 0.0600597 secs] [Times: user=0.36 sys=0.00, real=0.06 secs] 
3190.961: [GC (Allocation Failure) [PSYoungGen: 384224K->106432K(465920K)] 733591K->606703K(1522688K), 0.0687838 secs] [Times: user=0.41 sys=0.00, real=0.07 secs] 
3192.368: [GC (Allocation Failure) [PSYoungGen: 339392K->142112K(375296K)] 839663K->738300K(1432064K), 0.0605927 secs] [Times: user=0.36 sys=0.00, real=0.06 secs] 
3193.816: [GC (Allocation Failure) [PSYoungGen: 375072K->125056K(473088K)] 971260K->862644K(1529856K), 0.0602648 secs] [Times: user=0.36 sys=0.00, real=0.06 secs] 
3195.668: [GC (Allocation Failure) [PSYoungGen: 367744K->1888K(463360K)] 1105332K->739552K(1520128K), 0.0021323 secs] [Times: user=0.01 sys=0.00, real=0.00 secs] 
3199.130: [GC (Allocation Failure) [PSYoungGen: 244576K->153536K(465920K)] 982240K->891785K(1522688K), 0.0305097 secs] [Times: user=0.17 sys=0.00, real=0.03 secs] 
3200.355: [GC (Allocation Failure) [PSYoungGen: 386496K->9792K(465920K)] 1124745K->748181K(1522688K), 0.0046183 secs] [Times: user=0.03 sys=0.00, real=0.00 secs] 
3201.905: [GC (Allocation Failure) [PSYoungGen: 242752K->164576K(465920K)] 981141K->910202K(1522688K), 0.0341622 secs] [Times: user=0.20 sys=0.00, real=0.03 secs] 
3203.956: [GC (Allocation Failure) [PSYoungGen: 397536K->95104K(465920K)] 1143162K->996206K(1522688K), 0.1418299 secs] [Times: user=0.81 sys=0.00, real=0.14 secs] 
3204.098: [Full GC (Ergonomics) [PSYoungGen: 95104K->0K(465920K)] [ParOldGen: 901102K->37289K(1045504K)] 996206K->37289K(1511424K), [Metaspace: 60092K->60092K(1105920K)], 0.0906399 secs] [Times: user=0.36 sys=0.00, real=0.09 secs] 
3205.972: [GC (Allocation Failure) [PSYoungGen: 232287K->166336K(465920K)] 269577K->203625K(1511424K), 0.0321629 secs] [Times: user=0.19 sys=0.00, real=0.03 secs] 
3207.392: [GC (Allocation Failure) [PSYoungGen: 399296K->100416K(465920K)] 436585K->295442K(1511424K), 0.1343140 secs] [Times: user=0.79 sys=0.00, real=0.14 secs] 
3208.283: [GC (Allocation Failure) [PSYoungGen: 333376K->164064K(465920K)] 528402K->455214K(1511424K), 0.0505464 secs] [Times: user=0.30 sys=0.00, real=0.05 secs] 
3210.736: [GC (Allocation Failure) [PSYoungGen: 395223K->92192K(465920K)] 686374K->546058K(1511424K), 0.1389011 secs] [Times: user=0.83 sys=0.00, real=0.14 secs] 
3211.153: [GC (Allocation Failure) [PSYoungGen: 325152K->171584K(465920K)] 779018K->713979K(1511424K), 0.0567988 secs] [Times: user=0.34 sys=0.00, real=0.06 secs] 
3215.697: [GC (Allocation Failure) [PSYoungGen: 404544K->78784K(465920K)] 946939K->792571K(1511424K), 0.1609182 secs] [Times: user=0.96 sys=0.00, real=0.16 secs] 
3216.153: [GC (Allocation Failure) [PSYoungGen: 311744K->179040K(465920K)] 1025531K->961716K(1511424K), 0.0556428 secs] [Times: user=0.33 sys=0.00, real=0.06 secs] 
3218.443: [GC (Allocation Failure) [PSYoungGen: 412000K->86752K(465920K)] 1194676K->1048700K(1511424K), 0.1143350 secs] [Times: user=0.65 sys=0.02, real=0.12 secs] 
3218.557: [Full GC (Ergonomics) [PSYoungGen: 86752K->0K(465920K)] [ParOldGen: 961948K->91777K(1127424K)] 1048700K->91777K(1593344K), [Metaspace: 60114K->60114K(1105920K)], 0.2005043 secs] [Times: user=0.90 sys=0.00, real=0.20 secs] 
3219.310: [GC (Allocation Failure) [PSYoungGen: 231939K->206304K(465920K)] 323717K->298081K(1593344K), 0.0396751 secs] [Times: user=0.23 sys=0.00, real=0.04 secs] 
3221.982: [GC (Allocation Failure) [PSYoungGen: 439264K->86336K(465920K)] 531041K->349549K(1593344K), 0.1025863 secs] [Times: user=0.61 sys=0.01, real=0.11 secs] 
3223.199: [GC (Allocation Failure) [PSYoungGen: 319296K->157824K(465920K)] 582509K->500662K(1593344K), 0.0593310 secs] [Times: user=0.35 sys=0.00, real=0.06 secs] 
3225.128: [GC (Allocation Failure) [PSYoungGen: 390784K->100512K(465920K)] 733622K->601302K(1593344K), 0.0817809 secs] [Times: user=0.49 sys=0.00, real=0.08 secs] 
3226.352: [GC (Allocation Failure) [PSYoungGen: 333472K->148064K(465920K)] 834262K->738735K(1593344K), 0.0601598 secs] [Times: user=0.36 sys=0.00, real=0.06 secs] 
3227.652: [GC (Allocation Failure) [PSYoungGen: 381024K->120800K(465920K)] 971695K->859759K(1593344K), 0.0661051 secs] [Times: user=0.39 sys=0.01, real=0.07 secs] 
3229.855: [GC (Allocation Failure) [PSYoungGen: 353760K->127360K(445440K)] 1092719K->976556K(1572864K), 0.0625351 secs] [Times: user=0.37 sys=0.00, real=0.06 secs] 
3231.953: [GC (Allocation Failure) [PSYoungGen: 360320K->135136K(455680K)] 1209516K->1111852K(1583104K), 0.0585593 secs] [Times: user=0.35 sys=0.00, real=0.06 secs] 
3232.011: [Full GC (Ergonomics) [PSYoungGen: 135136K->0K(455680K)] [ParOldGen: 976716K->152766K(1199616K)] 1111852K->152766K(1655296K), [Metaspace: 60117K->60117K(1105920K)], 0.3452216 secs] [Times: user=1.59 sys=0.00, real=0.35 secs] 
3233.436: [GC (Allocation Failure) [PSYoungGen: 232960K->115728K(459264K)] 385726K->268494K(1658880K), 0.0407354 secs] [Times: user=0.24 sys=0.00, real=0.04 secs] 
3234.948: [GC (Allocation Failure) [PSYoungGen: 375824K->174976K(469504K)] 528590K->442755K(1669120K), 0.0610750 secs] [Times: user=0.37 sys=0.00, real=0.06 secs] 
3237.719: [GC (Allocation Failure) [PSYoungGen: 435072K->112288K(483840K)] 702851K->546163K(1683456K), 0.1795234 secs] [Times: user=1.07 sys=0.00, real=0.18 secs] 
3238.914: [GC (Allocation Failure) [PSYoungGen: 378528K->191296K(457728K)] 812403K->733392K(1657344K), 0.0574240 secs] [Times: user=0.34 sys=0.00, real=0.06 secs] 
3241.548: [GC (Allocation Failure) [PSYoungGen: 457536K->110496K(475648K)] 999632K->843136K(1675264K), 0.1014114 secs] [Times: user=0.60 sys=0.00, real=0.10 secs] 
3242.800: [GC (Allocation Failure) [PSYoungGen: 357792K->148992K(396800K)] 1090432K->981733K(1596416K), 0.0641372 secs] [Times: user=0.38 sys=0.00, real=0.06 secs] 
3245.785: [GC (Allocation Failure) [PSYoungGen: 396288K->144448K(472576K)] 1229029K->1126021K(1672192K), 0.0637447 secs] [Times: user=0.37 sys=0.01, real=0.06 secs] 
3245.849: [Full GC (Ergonomics) [PSYoungGen: 144448K->0K(472576K)] [ParOldGen: 981573K->154258K(1253376K)] 1126021K->154258K(1725952K), [Metaspace: 60118K->60118K(1105920K)], 0.3490496 secs] [Times: user=1.62 sys=0.00, real=0.35 secs] 
3247.419: [GC (Allocation Failure) [PSYoungGen: 252416K->116416K(467456K)] 406674K->270674K(1720832K), 0.0444298 secs] [Times: user=0.26 sys=0.00, real=0.04 secs] 
3248.337: [GC (Allocation Failure) [PSYoungGen: 365750K->178688K(464896K)] 520009K->448238K(1718272K), 0.0614674 secs] [Times: user=0.36 sys=0.00, real=0.06 secs] 
3251.866: [GC (Allocation Failure) [PSYoungGen: 433152K->104704K(474112K)] 702702K->544878K(1727488K), 0.1858347 secs] [Times: user=1.11 sys=0.00, real=0.18 secs] 
3252.477: [GC (Allocation Failure) [PSYoungGen: 359168K->188224K(458240K)] 799342K->728811K(1711616K), 0.0556939 secs] [Times: user=0.33 sys=0.00, real=0.05 secs] 
3255.864: [GC (Allocation Failure) [PSYoungGen: 429376K->84928K(326144K)] 969963K->813531K(1579520K), 0.1303713 secs] [Times: user=0.78 sys=0.00, real=0.13 secs] 
3257.032: [GC (Allocation Failure) [PSYoungGen: 321002K->211072K(462336K)] 1049606K->1018267K(1715712K), 0.0689051 secs] [Times: user=0.41 sys=0.00, real=0.07 secs] 
3259.002: [GC (Allocation Failure) [PSYoungGen: 444032K->93056K(465920K)] 1251227K->1074707K(1719296K), 0.0980047 secs] [Times: user=0.58 sys=0.00, real=0.10 secs] 
3260.214: [GC (Allocation Failure) [PSYoungGen: 326016K->151008K(465920K)] 1307667K->1219175K(1719296K), 0.0663401 secs] [Times: user=0.35 sys=0.05, real=0.07 secs] 
3260.281: [Full GC (Ergonomics) [PSYoungGen: 151008K->0K(465920K)] [ParOldGen: 1068167K->252996K(1398272K)] 1219175K->252996K(1864192K), [Metaspace: 60121K->60121K(1105920K)], 0.5305969 secs] [Times: user=2.33 sys=0.00, real=0.53 secs] 
3262.234: [GC (Allocation Failure) [PSYoungGen: 232960K->107040K(465920K)] 485956K->360036K(1864192K), 0.0272052 secs] [Times: user=0.16 sys=0.00, real=0.03 secs] 
3263.967: [GC (Allocation Failure) [PSYoungGen: 340000K->140992K(454656K)] 592996K->490353K(1852928K), 0.0602499 secs] [Times: user=0.36 sys=0.00, real=0.06 secs] 
3265.821: [GC (Allocation Failure) [PSYoungGen: 373952K->121248K(460288K)] 723313K->611497K(1858560K), 0.0625671 secs] [Times: user=0.37 sys=0.00, real=0.06 secs] 
3267.092: [GC (Allocation Failure) [PSYoungGen: 354208K->127328K(458240K)] 844457K->728322K(1856512K), 0.0622870 secs] [Times: user=0.37 sys=0.00, real=0.06 secs] 
3268.084: [GC (Allocation Failure) [PSYoungGen: 378208K->156896K(464384K)] 979202K->884954K(1862656K), 0.0596690 secs] [Times: user=0.35 sys=0.00, real=0.06 secs] 
3270.493: [GC (Allocation Failure) [PSYoungGen: 407776K->20320K(461312K)] 1135834K->748430K(1859584K), 0.0105097 secs] [Times: user=0.06 sys=0.00, real=0.01 secs] 
3271.105: [GC (Allocation Failure) [PSYoungGen: 267616K->175008K(422400K)] 995726K->920595K(1820672K), 0.0405202 secs] [Times: user=0.23 sys=0.00, real=0.04 secs] 
3274.356: [GC (Allocation Failure) [PSYoungGen: 422304K->95232K(468992K)] 1167891K->1015291K(1867264K), 0.1661298 secs] [Times: user=0.99 sys=0.01, real=0.16 secs] 
3274.848: [GC (Allocation Failure) [PSYoungGen: 331264K->176128K(465920K)] 1251323K->1186960K(1864192K), 0.0576104 secs] [Times: user=0.34 sys=0.00, real=0.06 secs] 
3277.602: [GC (Allocation Failure) [PSYoungGen: 412160K->84288K(465920K)] 1422992K->1271400K(1864192K), 0.1320546 secs] [Times: user=0.69 sys=0.09, real=0.13 secs] 
3277.734: [Full GC (Ergonomics) [PSYoungGen: 84288K->0K(465920K)] [ParOldGen: 1187112K->82804K(1284096K)] 1271400K->82804K(1750016K), [Metaspace: 60135K->60135K(1105920K)], 0.2023759 secs] [Times: user=0.89 sys=0.00, real=0.21 secs] 
3278.196: [GC (Allocation Failure) [PSYoungGen: 232960K->211392K(465920K)] 315764K->294196K(1750016K), 0.0385038 secs] [Times: user=0.22 sys=0.00, real=0.03 secs] 
3281.249: [GC (Allocation Failure) [PSYoungGen: 444352K->82368K(465920K)] 527156K->343928K(1750016K), 0.1054270 secs] [Times: user=0.62 sys=0.00, real=0.10 secs] 
3282.461: [GC (Allocation Failure) [PSYoungGen: 315328K->162400K(465920K)] 576888K->499468K(1750016K), 0.0593349 secs] [Times: user=0.35 sys=0.00, real=0.06 secs] 
3284.182: [GC (Allocation Failure) [PSYoungGen: 395360K->102688K(465920K)] 732428K->601980K(1750016K), 0.0784101 secs] [Times: user=0.47 sys=0.00, real=0.08 secs] 
3285.382: [GC (Allocation Failure) [PSYoungGen: 335648K->146016K(465920K)] 834940K->737705K(1750016K), 0.0605874 secs] [Times: user=0.36 sys=0.00, real=0.06 secs] 
3288.578: [GC (Allocation Failure) [PSYoungGen: 378976K->114240K(464896K)] 970665K->851209K(1748992K), 0.0688857 secs] [Times: user=0.41 sys=0.00, real=0.07 secs] 
3289.805: [GC (Allocation Failure) [PSYoungGen: 347200K->134624K(367616K)] 1084169K->975180K(1651712K), 0.0613741 secs] [Times: user=0.36 sys=0.00, real=0.06 secs] 
3291.558: [GC (Allocation Failure) [PSYoungGen: 367584K->135424K(465408K)] 1208140K->1110328K(1749504K), 0.0591110 secs] [Times: user=0.35 sys=0.00, real=0.06 secs] 
3292.761: [GC (Allocation Failure) [PSYoungGen: 377088K->3200K(458240K)] 1351992K->978204K(1742336K), 0.0025578 secs] [Times: user=0.01 sys=0.00, real=0.00 secs] 
3294.772: [GC (Allocation Failure) [PSYoungGen: 244864K->169568K(462336K)] 1219868K->1146518K(1746432K), 0.0334044 secs] [Times: user=0.20 sys=0.00, real=0.04 secs] 
3297.138: [GC (Allocation Failure) [PSYoungGen: 402528K->91936K(465920K)] 1379478K->1230282K(1750016K), 0.1753953 secs] [Times: user=1.04 sys=0.00, real=0.17 secs] 
3297.313: [Full GC (Ergonomics) [PSYoungGen: 91936K->0K(465920K)] [ParOldGen: 1138346K->32729K(1294336K)] 1230282K->32729K(1760256K), [Metaspace: 60148K->60148K(1105920K)], 0.0815629 secs] [Times: user=0.30 sys=0.01, real=0.09 secs] 
3299.210: [GC (Allocation Failure) [PSYoungGen: 232960K->169472K(464384K)] 265689K->202201K(1758720K), 0.0328937 secs] [Times: user=0.19 sys=0.00, real=0.03 secs] 
3301.911: [GC (Allocation Failure) [PSYoungGen: 402432K->94688K(465920K)] 435161K->288253K(1760256K), 0.1653767 secs] [Times: user=0.99 sys=0.00, real=0.17 secs] 
3302.899: [GC (Allocation Failure) [PSYoungGen: 327648K->167872K(465408K)] 521213K->451970K(1759744K), 0.0497194 secs] [Times: user=0.29 sys=0.00, real=0.05 secs] 
3306.699: [GC (Allocation Failure) [PSYoungGen: 400832K->85856K(465920K)] 684930K->537510K(1760256K), 0.1767920 secs] [Times: user=0.94 sys=0.00, real=0.18 secs] 
3307.384: [GC (Allocation Failure) [PSYoungGen: 318816K->171072K(465920K)] 770470K->704803K(1760256K), 0.0545134 secs] [Times: user=0.32 sys=0.01, real=0.06 secs] 
3311.007: [GC (Allocation Failure) [PSYoungGen: 404032K->82400K(465920K)] 937763K->787003K(1760256K), 0.1670266 secs] [Times: user=1.00 sys=0.00, real=0.16 secs] 
3311.482: [GC (Allocation Failure) [PSYoungGen: 315360K->176288K(465920K)] 1019963K->957128K(1760256K), 0.0552587 secs] [Times: user=0.33 sys=0.00, real=0.06 secs] 
3314.661: [GC (Allocation Failure) [PSYoungGen: 409248K->85664K(465920K)] 1190088K->1042592K(1760256K), 0.1155607 secs] [Times: user=0.69 sys=0.00, real=0.12 secs] 
3315.150: [GC (Allocation Failure) [PSYoungGen: 318624K->208608K(465920K)] 1275552K->1245180K(1760256K), 0.0589644 secs] [Times: user=0.35 sys=0.00, real=0.06 secs] 
3317.153: [GC (Allocation Failure) [PSYoungGen: 441568K->90944K(465920K)] 1478140K->1302692K(1760256K), 0.0983452 secs] [Times: user=0.55 sys=0.01, real=0.10 secs] 
3317.252: [Full GC (Ergonomics) [PSYoungGen: 90944K->0K(465920K)] [ParOldGen: 1211748K->107117K(1398272K)] 1302692K->107117K(1864192K), [Metaspace: 60149K->60149K(1105920K)], 0.2376884 secs] [Times: user=1.08 sys=0.00, real=0.24 secs] 
3318.858: [GC (Allocation Failure) [PSYoungGen: 232960K->153440K(465920K)] 340077K->260557K(1864192K), 0.0438879 secs] [Times: user=0.26 sys=0.01, real=0.04 secs] 
3319.973: [GC (Allocation Failure) [PSYoungGen: 386400K->116640K(465920K)] 493517K->377278K(1864192K), 0.0799768 secs] [Times: user=0.47 sys=0.00, real=0.08 secs] 
3322.379: [GC (Allocation Failure) [PSYoungGen: 349600K->139264K(465920K)] 610238K->498102K(1864192K), 0.0609073 secs] [Times: user=0.36 sys=0.00, real=0.06 secs] 
3323.818: [GC (Allocation Failure) [PSYoungGen: 372224K->122752K(355840K)] 731062K->620950K(1754112K), 0.0636167 secs] [Times: user=0.37 sys=0.00, real=0.06 secs] 
3325.102: [GC (Allocation Failure) [PSYoungGen: 355712K->125728K(466944K)] 853910K->736063K(1865216K), 0.0617819 secs] [Times: user=0.37 sys=0.00, real=0.06 secs] 
3326.895: [GC (Allocation Failure) [PSYoungGen: 367392K->155680K(458240K)] 977727K->891403K(1856512K), 0.0590936 secs] [Times: user=0.34 sys=0.01, real=0.05 secs] 
3328.670: [GC (Allocation Failure) [PSYoungGen: 397344K->8992K(456704K)] 1133067K->744771K(1854976K), 0.0060582 secs] [Times: user=0.03 sys=0.00, real=0.01 secs] 
3331.105: [GC (Allocation Failure) [PSYoungGen: 248096K->176576K(415744K)] 983875K->918822K(1814016K), 0.0350064 secs] [Times: user=0.21 sys=0.00, real=0.03 secs] 
3333.401: [GC (Allocation Failure) [PSYoungGen: 415680K->95488K(465920K)] 1157926K->997370K(1864192K), 0.1724409 secs] [Times: user=1.03 sys=0.00, real=0.17 secs] 
3335.259: [GC (Allocation Failure) [PSYoungGen: 317864K->162528K(465920K)] 1219747K->1157223K(1864192K), 0.0500760 secs] [Times: user=0.30 sys=0.00, real=0.05 secs] 
3336.901: [GC (Allocation Failure) [PSYoungGen: 395488K->94240K(463872K)] 1390183K->1243131K(1862144K), 0.1502869 secs] [Times: user=0.90 sys=0.00, real=0.15 secs] 
3338.238: [GC (Allocation Failure) [PSYoungGen: 327200K->168320K(464896K)] 1476091K->1407128K(1863168K), 0.0520298 secs] [Times: user=0.29 sys=0.02, real=0.05 secs] 
3338.290: [Full GC (Ergonomics) [PSYoungGen: 168320K->0K(464896K)] [ParOldGen: 1238808K->209311K(1398272K)] 1407128K->209311K(1863168K), [Metaspace: 60158K->60158K(1105920K)], 0.4757192 secs] [Times: user=2.22 sys=0.00, real=0.48 secs] 
3341.063: [GC (Allocation Failure) [PSYoungGen: 232960K->86912K(465920K)] 442271K->296223K(1864192K), 0.1550504 secs] [Times: user=0.92 sys=0.00, real=0.16 secs] 
3341.569: [GC (Allocation Failure) [PSYoungGen: 319872K->173792K(465920K)] 529183K->466140K(1864192K), 0.0553308 secs] [Times: user=0.33 sys=0.00, real=0.05 secs] 
3344.980: [GC (Allocation Failure) [PSYoungGen: 406752K->87808K(465920K)] 699100K->554060K(1864192K), 0.1416411 secs] [Times: user=0.84 sys=0.00, real=0.14 secs] 
3345.402: [GC (Allocation Failure) [PSYoungGen: 320768K->178304K(465920K)] 787020K->722205K(1864192K), 0.0567730 secs] [Times: user=0.34 sys=0.00, real=0.06 secs] 
3347.984: [GC (Allocation Failure) [PSYoungGen: 411264K->82560K(465920K)] 955165K->804817K(1864192K), 0.1226848 secs] [Times: user=0.73 sys=0.00, real=0.13 secs] 
3348.729: [GC (Allocation Failure) [PSYoungGen: 312116K->206880K(465920K)] 1034373K->1005656K(1864192K), 0.0604667 secs] [Times: user=0.36 sys=0.01, real=0.06 secs] 
3351.726: [GC (Allocation Failure) [PSYoungGen: 439840K->82208K(465920K)] 1238616K->1053304K(1864192K), 0.1057590 secs] [Times: user=0.63 sys=0.00, real=0.10 secs] 
3352.963: [GC (Allocation Failure) [PSYoungGen: 315168K->162912K(465920K)] 1286264K->1209367K(1864192K), 0.0594402 secs] [Times: user=0.35 sys=0.00, real=0.06 secs] 
3354.509: [GC (Allocation Failure) [PSYoungGen: 395872K->101696K(465920K)] 1442327K->1310895K(1864192K), 0.0830514 secs] [Times: user=0.49 sys=0.00, real=0.08 secs] 
3354.592: [Full GC (Ergonomics) [PSYoungGen: 101696K->0K(465920K)] [ParOldGen: 1209199K->116428K(1398272K)] 1310895K->116428K(1864192K), [Metaspace: 60164K->60164K(1105920K)], 0.2917587 secs] [Times: user=1.34 sys=0.00, real=0.29 secs] 
3355.947: [GC (Allocation Failure) [PSYoungGen: 232960K->147040K(465920K)] 349388K->263468K(1864192K), 0.0533971 secs] [Times: user=0.32 sys=0.01, real=0.05 secs] 
3358.712: [GC (Allocation Failure) [PSYoungGen: 380000K->119296K(465920K)] 496428K->382184K(1864192K), 0.0794805 secs] [Times: user=0.47 sys=0.00, real=0.08 secs] 
3359.909: [GC (Allocation Failure) [PSYoungGen: 352256K->129088K(362496K)] 615144K->501164K(1760768K), 0.0615184 secs] [Times: user=0.36 sys=0.00, real=0.06 secs] 
3362.506: [GC (Allocation Failure) [PSYoungGen: 362048K->137344K(463872K)] 734124K->637789K(1862144K), 0.0579251 secs] [Times: user=0.34 sys=0.00, real=0.05 secs] 
3363.683: [GC (Allocation Failure) [PSYoungGen: 376960K->3520K(457216K)] 877405K->504089K(1855488K), 0.0026594 secs] [Times: user=0.01 sys=0.00, real=0.01 secs] 
3366.866: [GC (Allocation Failure) [PSYoungGen: 243136K->168864K(463360K)] 743705K->671120K(1861632K), 0.0322269 secs] [Times: user=0.19 sys=0.00, real=0.03 secs] 
3368.651: [GC (Allocation Failure) [PSYoungGen: 401824K->99776K(465920K)] 904080K->753400K(1864192K), 0.1725713 secs] [Times: user=1.03 sys=0.01, real=0.17 secs] 
3370.444: [GC (Allocation Failure) [PSYoungGen: 332736K->164768K(463360K)] 986360K->915733K(1861632K), 0.0533383 secs] [Times: user=0.31 sys=0.01, real=0.06 secs] 
3372.447: [GC (Allocation Failure) [PSYoungGen: 397728K->93792K(465920K)] 1148693K->1000625K(1864192K), 0.1769261 secs] [Times: user=1.05 sys=0.02, real=0.17 secs] 
3374.187: [GC (Allocation Failure) [PSYoungGen: 319366K->163136K(463360K)] 1226199K->1160169K(1861632K), 0.0505360 secs] [Times: user=0.30 sys=0.00, real=0.05 secs] 
3375.984: [GC (Allocation Failure) [PSYoungGen: 396096K->92064K(325120K)] 1393129K->1243682K(1723392K), 0.1790550 secs] [Times: user=1.07 sys=0.00, real=0.18 secs] 
3377.129: [GC (Allocation Failure) [PSYoungGen: 325024K->171712K(461312K)] 1476642K->1411042K(1859584K), 0.0505231 secs] [Times: user=0.30 sys=0.00, real=0.05 secs] 
3377.179: [Full GC (Ergonomics) [PSYoungGen: 171712K->0K(461312K)] [ParOldGen: 1239330K->209855K(1398272K)] 1411042K->209855K(1859584K), [Metaspace: 60175K->60175K(1105920K)], 0.4683248 secs] [Times: user=2.16 sys=0.00, real=0.47 secs] 
3380.231: [GC (Allocation Failure) [PSYoungGen: 231936K->88608K(464896K)] 441791K->298463K(1863168K), 0.1742209 secs] [Times: user=1.04 sys=0.00, real=0.18 secs] 
3380.795: [GC (Allocation Failure) [PSYoungGen: 320544K->167520K(465920K)] 530399K->462024K(1864192K), 0.0538293 secs] [Times: user=0.32 sys=0.00, real=0.05 secs] 
3383.607: [GC (Allocation Failure) [PSYoungGen: 400480K->89056K(465920K)] 694984K->550304K(1864192K), 0.1328649 secs] [Times: user=0.79 sys=0.00, real=0.13 secs] 
3384.059: [GC (Allocation Failure) [PSYoungGen: 322016K->176416K(465920K)] 783264K->720876K(1864192K), 0.0578131 secs] [Times: user=0.34 sys=0.00, real=0.06 secs] 
3386.780: [GC (Allocation Failure) [PSYoungGen: 409376K->84352K(465920K)] 953836K->805101K(1864192K), 0.1197125 secs] [Times: user=0.71 sys=0.01, real=0.12 secs] 
3387.948: [GC (Allocation Failure) [PSYoungGen: 316465K->207392K(465920K)] 1037214K->1005626K(1864192K), 0.0678715 secs] [Times: user=0.41 sys=0.00, real=0.07 secs] 
3389.944: [GC (Allocation Failure) [PSYoungGen: 440352K->93280K(465920K)] 1238586K->1062258K(1864192K), 0.0958561 secs] [Times: user=0.57 sys=0.00, real=0.10 secs] 
3391.153: [GC (Allocation Failure) [PSYoungGen: 326240K->150784K(465920K)] 1295218K->1206335K(1864192K), 0.0601270 secs] [Times: user=0.36 sys=0.00, real=0.06 secs] 
3393.360: [GC (Allocation Failure) [PSYoungGen: 383744K->104448K(465920K)] 1439295K->1311015K(1864192K), 0.0839530 secs] [Times: user=0.50 sys=0.00, real=0.08 secs] 
3393.444: [Full GC (Ergonomics) [PSYoungGen: 104448K->0K(465920K)] [ParOldGen: 1206567K->120019K(1398272K)] 1311015K->120019K(1864192K), [Metaspace: 60182K->60182K(1105920K)], 0.2717912 secs] [Times: user=1.24 sys=0.00, real=0.28 secs] 
3394.799: [GC (Allocation Failure) [PSYoungGen: 232960K->144352K(465920K)] 352979K->264371K(1864192K), 0.0529628 secs] [Times: user=0.32 sys=0.00, real=0.05 secs] 
3397.068: [GC (Allocation Failure) [PSYoungGen: 377312K->120352K(353792K)] 497331K->384655K(1752064K), 0.0784764 secs] [Times: user=0.47 sys=0.00, real=0.08 secs] 
3398.428: [GC (Allocation Failure) [PSYoungGen: 353312K->127328K(469504K)] 617615K->501512K(1867776K), 0.0617547 secs] [Times: user=0.36 sys=0.01, real=0.06 secs] 
3400.361: [GC (Allocation Failure) [PSYoungGen: 370016K->144096K(459776K)] 744200K->645720K(1858048K), 0.0574952 secs] [Times: user=0.34 sys=0.00, real=0.06 secs] 
3401.852: [GC (Allocation Failure) [PSYoungGen: 386784K->10592K(457216K)] 888408K->512604K(1855488K), 0.0055455 secs] [Times: user=0.03 sys=0.00, real=0.01 secs] 
3403.527: [GC (Allocation Failure) [PSYoungGen: 253792K->172832K(416256K)] 755804K->683145K(1814528K), 0.0363505 secs] [Times: user=0.21 sys=0.00, real=0.03 secs] 
3406.197: [GC (Allocation Failure) [PSYoungGen: 416032K->99712K(470528K)] 926345K->773905K(1868800K), 0.1646407 secs] [Times: user=0.99 sys=0.00, real=0.16 secs] 
3407.371: [GC (Allocation Failure) [PSYoungGen: 337280K->173696K(465920K)] 1011473K->943874K(1864192K), 0.0525528 secs] [Times: user=0.31 sys=0.00, real=0.05 secs] 
3409.813: [GC (Allocation Failure) [PSYoungGen: 411264K->91040K(466944K)] 1181442K->1034746K(1865216K), 0.1363388 secs] [Times: user=0.81 sys=0.00, real=0.14 secs] 
3410.222: [GC (Allocation Failure) [PSYoungGen: 325024K->175168K(465920K)] 1268730K->1203614K(1864192K), 0.0588670 secs] [Times: user=0.35 sys=0.00, real=0.06 secs] 
3413.174: [GC (Allocation Failure) [PSYoungGen: 409152K->87296K(465920K)] 1437598K->1290498K(1864192K), 0.1078399 secs] [Times: user=0.64 sys=0.00, real=0.11 secs] 
3413.282: [Full GC (Ergonomics) [PSYoungGen: 87296K->0K(465920K)] [ParOldGen: 1203202K->89168K(1398272K)] 1290498K->89168K(1864192K), [Metaspace: 60185K->60185K(1105920K)], 0.2020130 secs] [Times: user=0.90 sys=0.00, real=0.20 secs] 
3414.025: [GC (Allocation Failure) [PSYoungGen: 230504K->206016K(465920K)] 319672K->295184K(1864192K), 0.0367801 secs] [Times: user=0.22 sys=0.00, real=0.03 secs] 
3417.272: [GC (Allocation Failure) [PSYoungGen: 438976K->88480K(465920K)] 528144K->348716K(1864192K), 0.0999805 secs] [Times: user=0.59 sys=0.00, real=0.10 secs] 
3418.460: [GC (Allocation Failure) [PSYoungGen: 321440K->155392K(465920K)] 581676K->497713K(1864192K), 0.0597450 secs] [Times: user=0.35 sys=0.00, real=0.06 secs] 
3421.309: [GC (Allocation Failure) [PSYoungGen: 385923K->93472K(465920K)] 728245K->590929K(1864192K), 0.0870271 secs] [Times: user=0.52 sys=0.00, real=0.09 secs] 
3422.516: [GC (Allocation Failure) [PSYoungGen: 326432K->151200K(465920K)] 823889K->735258K(1864192K), 0.0598908 secs] [Times: user=0.36 sys=0.00, real=0.06 secs] 
3424.084: [GC (Allocation Failure) [PSYoungGen: 384160K->109728K(464896K)] 968218K->844746K(1863168K), 0.0696841 secs] [Times: user=0.41 sys=0.00, real=0.07 secs] 
3425.269: [GC (Allocation Failure) [PSYoungGen: 342688K->137696K(370688K)] 1077706K->972222K(1768960K), 0.0609296 secs] [Times: user=0.36 sys=0.00, real=0.06 secs] 
3427.040: [GC (Allocation Failure) [PSYoungGen: 370656K->129536K(469504K)] 1205182K->1101998K(1867776K), 0.0598201 secs] [Times: user=0.35 sys=0.00, real=0.06 secs] 
3428.295: [GC (Allocation Failure) [PSYoungGen: 373248K->3008K(460288K)] 1345710K->975502K(1858560K), 0.0036279 secs] [Times: user=0.02 sys=0.00, real=0.00 secs] 
3431.073: [GC (Allocation Failure) [PSYoungGen: 246720K->160128K(462336K)] 1219214K->1133955K(1860608K), 0.0321785 secs] [Times: user=0.19 sys=0.00, real=0.04 secs] 
3432.459: [GC (Allocation Failure) [PSYoungGen: 393088K->101504K(334848K)] 1366915K->1225819K(1733120K), 0.1399109 secs] [Times: user=0.84 sys=0.00, real=0.14 secs] 
3433.933: [GC (Allocation Failure) [PSYoungGen: 334464K->169824K(456192K)] 1458779K->1392648K(1854464K), 0.0540142 secs] [Times: user=0.32 sys=0.00, real=0.06 secs] 
3433.987: [Full GC (Ergonomics) [PSYoungGen: 169824K->0K(456192K)] [ParOldGen: 1222824K->197136K(1398272K)] 1392648K->197136K(1854464K), [Metaspace: 60191K->60191K(1105920K)], 0.4734233 secs] [Times: user=2.21 sys=0.00, real=0.47 secs] 
3437.126: [GC (Allocation Failure) [PSYoungGen: 229888K->88864K(462848K)] 427024K->286000K(1861120K), 0.0950268 secs] [Times: user=0.56 sys=0.00, real=0.09 secs] 
3438.566: [GC (Allocation Failure) [PSYoungGen: 313461K->162688K(462336K)] 510597K->445769K(1860608K), 0.0475306 secs] [Times: user=0.28 sys=0.00, real=0.04 secs] 
3440.447: [GC (Allocation Failure) [PSYoungGen: 395648K->93248K(326656K)] 678729K->529961K(1724928K), 0.1543503 secs] [Times: user=0.92 sys=0.01, real=0.15 secs] 
3441.756: [GC (Allocation Failure) [PSYoungGen: 326208K->171872K(460288K)] 762921K->697942K(1858560K), 0.0502640 secs] [Times: user=0.29 sys=0.00, real=0.05 secs] 
3444.449: [GC (Allocation Failure) [PSYoungGen: 403808K->88768K(464896K)] 929878K->786354K(1863168K), 0.1559687 secs] [Times: user=0.93 sys=0.00, real=0.16 secs] 
3445.054: [GC (Allocation Failure) [PSYoungGen: 320704K->170400K(464896K)] 1018290K->952895K(1863168K), 0.0564647 secs] [Times: user=0.33 sys=0.00, real=0.06 secs] 
3446.949: [GC (Allocation Failure) [PSYoungGen: 403360K->90464K(465920K)] 1185855K->1043127K(1864192K), 0.1129670 secs] [Times: user=0.67 sys=0.00, real=0.11 secs] 
3447.325: [GC (Allocation Failure) [PSYoungGen: 323424K->193024K(465920K)] 1276087K->1230067K(1864192K), 0.0604180 secs] [Times: user=0.36 sys=0.00, real=0.06 secs] 
3451.157: [GC (Allocation Failure) [PSYoungGen: 425984K->81504K(465920K)] 1463027K->1294987K(1864192K), 0.1122350 secs] [Times: user=0.67 sys=0.00, real=0.11 secs] 
3451.269: [Full GC (Ergonomics) [PSYoungGen: 81504K->0K(465920K)] [ParOldGen: 1213483K->93135K(1398272K)] 1294987K->93135K(1864192K), [Metaspace: 60194K->60194K(1105920K)], 0.2126213 secs] [Times: user=0.97 sys=0.00, real=0.21 secs] 
3452.459: [GC (Allocation Failure) [PSYoungGen: 229555K->203744K(465920K)] 322690K->296879K(1864192K), 0.0497871 secs] [Times: user=0.30 sys=0.01, real=0.05 secs] 
3454.595: [GC (Allocation Failure) [PSYoungGen: 436704K->93408K(465920K)] 529839K->353279K(1864192K), 0.0890291 secs] [Times: user=0.53 sys=0.00, real=0.08 secs] 
3456.274: [GC (Allocation Failure) [PSYoungGen: 326368K->151104K(465920K)] 586239K->497520K(1864192K), 0.0598850 secs] [Times: user=0.35 sys=0.00, real=0.06 secs] 
3458.697: [GC (Allocation Failure) [PSYoungGen: 384064K->102176K(465920K)] 730480K->599488K(1864192K), 0.0837470 secs] [Times: user=0.50 sys=0.00, real=0.08 secs] 
3459.911: [GC (Allocation Failure) [PSYoungGen: 335136K->146112K(465920K)] 832448K->734672K(1864192K), 0.0600471 secs] [Times: user=0.36 sys=0.00, real=0.06 secs] 
3462.064: [GC (Allocation Failure) [PSYoungGen: 379072K->120800K(353792K)] 967632K->855645K(1752064K), 0.0639776 secs] [Times: user=0.38 sys=0.00, real=0.07 secs] 
3463.275: [GC (Allocation Failure) [PSYoungGen: 353760K->127424K(472064K)] 1088605K->972417K(1870336K), 0.0620115 secs] [Times: user=0.37 sys=0.00, real=0.06 secs] 
3466.291: [GC (Allocation Failure) [PSYoungGen: 369600K->144320K(462848K)] 1214593K->1116873K(1861120K), 0.0583319 secs] [Times: user=0.34 sys=0.00, real=0.06 secs] 
3467.533: [GC (Allocation Failure) [PSYoungGen: 386496K->10496K(453632K)] 1359049K->983089K(1851904K), 0.0042592 secs] [Times: user=0.03 sys=0.00, real=0.01 secs] 
3469.848: [GC (Allocation Failure) [PSYoungGen: 247040K->172544K(465408K)] 1219633K->1153422K(1863680K), 0.0350071 secs] [Times: user=0.20 sys=0.00, real=0.03 secs] 
3471.352: [GC (Allocation Failure) [PSYoungGen: 409088K->103456K(466944K)] 1389966K->1239182K(1865216K), 0.1269134 secs] [Times: user=0.75 sys=0.01, real=0.13 secs] 
3472.324: [GC (Allocation Failure) [PSYoungGen: 339488K->172832K(465920K)] 1475214K->1408143K(1864192K), 0.0543014 secs] [Times: user=0.33 sys=0.00, real=0.06 secs] 
3472.379: [Full GC (Ergonomics) [PSYoungGen: 172832K->0K(465920K)] [ParOldGen: 1235311K->211847K(1398272K)] 1408143K->211847K(1864192K), [Metaspace: 60194K->60194K(1105920K)], 0.4938778 secs] [Times: user=2.31 sys=0.00, real=0.49 secs] 
3476.404: [GC (Allocation Failure) [PSYoungGen: 236032K->87872K(465920K)] 447879K->299719K(1864192K), 0.1516991 secs] [Times: user=0.90 sys=0.00, real=0.16 secs] 
3476.970: [GC (Allocation Failure) [PSYoungGen: 320832K->168160K(465920K)] 532679K->464020K(1864192K), 0.0553038 secs] [Times: user=0.33 sys=0.00, real=0.06 secs] 
3480.437: [GC (Allocation Failure) [PSYoungGen: 401120K->82720K(465920K)] 696980K->546204K(1864192K), 0.1511582 secs] [Times: user=0.90 sys=0.00, real=0.15 secs] 
3480.910: [GC (Allocation Failure) [PSYoungGen: 315680K->177984K(465920K)] 779164K->718437K(1864192K), 0.0568093 secs] [Times: user=0.33 sys=0.00, real=0.06 secs] 
3483.485: [GC (Allocation Failure) [PSYoungGen: 410944K->81856K(465920K)] 951397K->800341K(1864192K), 0.1176487 secs] [Times: user=0.70 sys=0.00, real=0.11 secs] 
3483.981: [GC (Allocation Failure) [PSYoungGen: 314331K->209984K(465920K)] 1032817K->1004026K(1864192K), 0.0607683 secs] [Times: user=0.36 sys=0.00, real=0.06 secs] 
3486.586: [GC (Allocation Failure) [PSYoungGen: 442944K->89824K(465920K)] 1236986K->1060746K(1864192K), 0.0974738 secs] [Times: user=0.58 sys=0.00, real=0.09 secs] 
3487.777: [GC (Allocation Failure) [PSYoungGen: 322784K->154816K(465920K)] 1293706K->1208947K(1864192K), 0.0604874 secs] [Times: user=0.36 sys=0.00, real=0.06 secs] 
3490.450: [GC (Allocation Failure) [PSYoungGen: 387776K->100416K(465920K)] 1441907K->1308815K(1864192K), 0.0880511 secs] [Times: user=0.53 sys=0.00, real=0.09 secs] 
3490.538: [Full GC (Ergonomics) [PSYoungGen: 100416K->0K(465920K)] [ParOldGen: 1208399K->116054K(1398272K)] 1308815K->116054K(1864192K), [Metaspace: 60196K->60196K(1105920K)], 0.2572035 secs] [Times: user=1.17 sys=0.00, real=0.26 secs] 
3491.900: [GC (Allocation Failure) [PSYoungGen: 232960K->148288K(465920K)] 349014K->264342K(1864192K), 0.0519395 secs] [Times: user=0.31 sys=0.00, real=0.05 secs] 
3494.071: [GC (Allocation Failure) [PSYoungGen: 381248K->118272K(464896K)] 497302K->382054K(1863168K), 0.0765269 secs] [Times: user=0.45 sys=0.00, real=0.08 secs] 
3495.274: [GC (Allocation Failure) [PSYoungGen: 351232K->129984K(363008K)] 615014K->501395K(1761280K), 0.0613925 secs] [Times: user=0.36 sys=0.00, real=0.07 secs] 
3497.685: [GC (Allocation Failure) [PSYoungGen: 362944K->143936K(461312K)] 734355K->645291K(1859584K), 0.0613018 secs] [Times: user=0.36 sys=0.00, real=0.06 secs] 
3498.887: [GC (Allocation Failure) [PSYoungGen: 382528K->3584K(457216K)] 883883K->505095K(1855488K), 0.0021833 secs] [Times: user=0.01 sys=0.00, real=0.00 secs] 
3500.437: [GC (Allocation Failure) [PSYoungGen: 242176K->164640K(464384K)] 743687K->668568K(1862656K), 0.0324952 secs] [Times: user=0.20 sys=0.00, real=0.03 secs] 
3504.210: [GC (Allocation Failure) [PSYoungGen: 397526K->94240K(327680K)] 901454K->754436K(1725952K), 0.0807874 secs] [Times: user=0.48 sys=0.00, real=0.08 secs] 
3504.736: [GC (Allocation Failure) [PSYoungGen: 327017K->170048K(463360K)] 987213K->923461K(1861632K), 0.0523853 secs] [Times: user=0.31 sys=0.01, real=0.05 secs] 
3507.538: [GC (Allocation Failure) [PSYoungGen: 401880K->90368K(465408K)] 1155294K->1005773K(1863680K), 0.1647721 secs] [Times: user=0.98 sys=0.01, real=0.16 secs] 
3508.502: [GC (Allocation Failure) [PSYoungGen: 308613K->160064K(465920K)] 1224019K->1162874K(1864192K), 0.0487704 secs] [Times: user=0.29 sys=0.00, real=0.05 secs] 
3511.057: [GC (Allocation Failure) [PSYoungGen: 393024K->92192K(325632K)] 1395834K->1246194K(1723904K), 0.1704051 secs] [Times: user=1.01 sys=0.01, real=0.17 secs] 
3512.162: [GC (Allocation Failure) [PSYoungGen: 325152K->169504K(460800K)] 1479154K->1411483K(1859072K), 0.0503675 secs] [Times: user=0.29 sys=0.00, real=0.05 secs] 
3512.212: [Full GC (Ergonomics) [PSYoungGen: 169504K->0K(460800K)] [ParOldGen: 1241979K->208068K(1398272K)] 1411483K->208068K(1859072K), [Metaspace: 60212K->60212K(1105920K)], 0.4778629 secs] [Times: user=2.23 sys=0.00, real=0.48 secs] 
3515.209: [GC (Allocation Failure) [PSYoungGen: 230400K->85888K(463360K)] 438468K->293956K(1861632K), 0.1427279 secs] [Times: user=0.84 sys=0.00, real=0.14 secs] 
3515.863: [GC (Allocation Failure) [PSYoungGen: 316288K->167328K(465920K)] 524356K->457497K(1864192K), 0.0532133 secs] [Times: user=0.32 sys=0.00, real=0.06 secs] 
3518.740: [GC (Allocation Failure) [PSYoungGen: 397560K->84512K(465920K)] 687730K->541569K(1864192K), 0.1693337 secs] [Times: user=1.01 sys=0.00, real=0.17 secs] 
3519.350: [GC (Allocation Failure) [PSYoungGen: 317472K->171008K(465920K)] 774529K->708534K(1864192K), 0.0563552 secs] [Times: user=0.33 sys=0.00, real=0.06 secs] 
3522.412: [GC (Allocation Failure) [PSYoungGen: 403968K->83104K(465920K)] 941494K->791390K(1864192K), 0.1533938 secs] [Times: user=0.92 sys=0.00, real=0.16 secs] 
3522.857: [GC (Allocation Failure) [PSYoungGen: 316064K->179584K(465920K)] 1024350K->965131K(1864192K), 0.0583617 secs] [Times: user=0.35 sys=0.00, real=0.06 secs] 
3525.531: [GC (Allocation Failure) [PSYoungGen: 412544K->85184K(465920K)] 1198091K->1050587K(1864192K), 0.1039289 secs] [Times: user=0.62 sys=0.00, real=0.11 secs] 
3526.628: [GC (Allocation Failure) [PSYoungGen: 315951K->201440K(465920K)] 1281355K->1246200K(1864192K), 0.0680021 secs] [Times: user=0.40 sys=0.00, real=0.07 secs] 
3529.748: [GC (Allocation Failure) [PSYoungGen: 434400K->93760K(465920K)] 1479160K->1302584K(1864192K), 0.0836314 secs] [Times: user=0.50 sys=0.00, real=0.08 secs] 
3529.831: [Full GC (Ergonomics) [PSYoungGen: 93760K->0K(465920K)] [ParOldGen: 1208824K->109344K(1398272K)] 1302584K->109344K(1864192K), [Metaspace: 60214K->60214K(1105920K)], 0.2446215 secs] [Times: user=1.10 sys=0.00, real=0.25 secs] 
3531.169: [GC (Allocation Failure) [PSYoungGen: 232960K->150976K(465920K)] 342304K->260320K(1864192K), 0.0423579 secs] [Times: user=0.25 sys=0.00, real=0.04 secs] 
3533.202: [GC (Allocation Failure) [PSYoungGen: 383936K->113920K(465920K)] 493280K->374032K(1864192K), 0.0749190 secs] [Times: user=0.45 sys=0.00, real=0.08 secs] 
3534.382: [GC (Allocation Failure) [PSYoungGen: 346880K->134944K(462848K)] 606992K->498685K(1861120K), 0.0611302 secs] [Times: user=0.36 sys=0.01, real=0.06 secs] 
3537.337: [GC (Allocation Failure) [PSYoungGen: 367904K->136416K(369664K)] 731645K->634069K(1767936K), 0.0590952 secs] [Times: user=0.34 sys=0.02, real=0.06 secs] 
3538.535: [GC (Allocation Failure) [PSYoungGen: 369376K->512K(452096K)] 867029K->498221K(1850368K), 0.0015005 secs] [Times: user=0.01 sys=0.00, real=0.00 secs] 
3540.957: [GC (Allocation Failure) [PSYoungGen: 228864K->145920K(461312K)] 726573K->643637K(1859584K), 0.0287697 secs] [Times: user=0.17 sys=0.00, real=0.03 secs] 
3542.148: [GC (Allocation Failure) [PSYoungGen: 374272K->3840K(465920K)] 871989K->501605K(1864192K), 0.0027015 secs] [Times: user=0.01 sys=0.00, real=0.00 secs] 
3545.031: [GC (Allocation Failure) [PSYoungGen: 236800K->158016K(465920K)] 734565K->657329K(1864192K), 0.0310558 secs] [Times: user=0.19 sys=0.00, real=0.03 secs] 
3546.984: [GC (Allocation Failure) [PSYoungGen: 390976K->99232K(465920K)] 890289K->747705K(1864192K), 0.1673668 secs] [Times: user=1.00 sys=0.00, real=0.17 secs] 
3549.768: [GC (Allocation Failure) [PSYoungGen: 332192K->165088K(465920K)] 980665K->910486K(1864192K), 0.0527722 secs] [Times: user=0.31 sys=0.00, real=0.05 secs] 
3551.976: [GC (Allocation Failure) [PSYoungGen: 398048K->90048K(465920K)] 1143446K->991454K(1864192K), 0.1606302 secs] [Times: user=0.96 sys=0.00, real=0.16 secs] 
3554.088: [GC (Allocation Failure) [PSYoungGen: 323008K->167712K(465920K)] 1224414K->1155763K(1864192K), 0.0499791 secs] [Times: user=0.29 sys=0.00, real=0.05 secs] 
3556.179: [GC (Allocation Failure) [PSYoungGen: 400672K->96256K(465920K)] 1388723K->1243119K(1864192K), 0.1708181 secs] [Times: user=1.02 sys=0.00, real=0.17 secs] 
3558.087: [GC (Allocation Failure) [PSYoungGen: 329216K->167200K(465920K)] 1476079K->1406744K(1864192K), 0.0511131 secs] [Times: user=0.30 sys=0.00, real=0.05 secs] 
3558.138: [Full GC (Ergonomics) [PSYoungGen: 167200K->0K(465920K)] [ParOldGen: 1239544K->209156K(1398272K)] 1406744K->209156K(1864192K), [Metaspace: 60216K->60216K(1105920K)], 0.4790815 secs] [Times: user=2.24 sys=0.00, real=0.48 secs] 
3560.897: [GC (Allocation Failure) [PSYoungGen: 232960K->89792K(465920K)] 442116K->298948K(1864192K), 0.1552585 secs] [Times: user=0.92 sys=0.00, real=0.15 secs] 
3561.406: [GC (Allocation Failure) [PSYoungGen: 322752K->190240K(465920K)] 531908K->485643K(1864192K), 0.0563668 secs] [Times: user=0.34 sys=0.00, real=0.05 secs] 
3564.901: [GC (Allocation Failure) [PSYoungGen: 423200K->82208K(465920K)] 718603K->551707K(1864192K), 0.1511724 secs] [Times: user=0.90 sys=0.00, real=0.15 secs] 
3565.350: [GC (Allocation Failure) [PSYoungGen: 315168K->176832K(465920K)] 784667K->722456K(1864192K), 0.0572342 secs] [Times: user=0.34 sys=0.01, real=0.06 secs] 
3568.181: [GC (Allocation Failure) [PSYoungGen: 409792K->86176K(465920K)] 955416K->808432K(1864192K), 0.1167317 secs] [Times: user=0.69 sys=0.00, real=0.12 secs] 
3569.346: [GC (Allocation Failure) [PSYoungGen: 319136K->205184K(465920K)] 1041392K->1007153K(1864192K), 0.0683801 secs] [Times: user=0.40 sys=0.00, real=0.06 secs] 
3571.783: [GC (Allocation Failure) [PSYoungGen: 438144K->89824K(465920K)] 1240113K->1060173K(1864192K), 0.1018933 secs] [Times: user=0.60 sys=0.00, real=0.11 secs] 
3572.988: [GC (Allocation Failure) [PSYoungGen: 322784K->154976K(465920K)] 1293133K->1208338K(1864192K), 0.0602773 secs] [Times: user=0.36 sys=0.00, real=0.06 secs] 
3575.019: [GC (Allocation Failure) [PSYoungGen: 387936K->106688K(465920K)] 1441298K->1314874K(1864192K), 0.0855917 secs] [Times: user=0.51 sys=0.00, real=0.08 secs] 
3575.104: [Full GC (Ergonomics) [PSYoungGen: 106688K->0K(465920K)] [ParOldGen: 1208186K->122753K(1398272K)] 1314874K->122753K(1864192K), [Metaspace: 60216K->60216K(1105920K)], 0.2690941 secs] [Times: user=1.22 sys=0.00, real=0.26 secs] 
3576.456: [GC (Allocation Failure) [PSYoungGen: 232960K->142688K(465920K)] 355713K->265441K(1864192K), 0.0523907 secs] [Times: user=0.31 sys=0.00, real=0.05 secs] 
3578.810: [GC (Allocation Failure) [PSYoungGen: 375648K->123168K(462848K)] 498401K->388053K(1861120K), 0.0780592 secs] [Times: user=0.46 sys=0.00, real=0.08 secs] 
3579.998: [GC (Allocation Failure) [PSYoungGen: 356128K->124480K(357888K)] 621013K->502506K(1756160K), 0.0615952 secs] [Times: user=0.37 sys=0.00, real=0.06 secs] 
3582.741: [GC (Allocation Failure) [PSYoungGen: 357440K->141856K(463360K)] 735466K->644090K(1861632K), 0.0574151 secs] [Times: user=0.34 sys=0.00, real=0.06 secs] 
3584.027: [GC (Allocation Failure) [PSYoungGen: 383520K->5984K(459264K)] 885754K->508290K(1857536K), 0.0030687 secs] [Times: user=0.02 sys=0.00, real=0.00 secs] 
3586.465: [GC (Allocation Failure) [PSYoungGen: 247648K->169472K(462848K)] 749954K->675479K(1861120K), 0.0337968 secs] [Times: user=0.20 sys=0.00, real=0.03 secs] 
3588.639: [GC (Allocation Failure) [PSYoungGen: 402432K->94112K(465920K)] 908439K->760959K(1864192K), 0.1626877 secs] [Times: user=0.96 sys=0.01, real=0.16 secs] 
3590.361: [GC (Allocation Failure) [PSYoungGen: 321611K->164992K(463872K)] 988458K->923000K(1862144K), 0.0506028 secs] [Times: user=0.30 sys=0.01, real=0.05 secs] 
3592.692: [GC (Allocation Failure) [PSYoungGen: 397952K->91744K(465920K)] 1155960K->1006348K(1864192K), 0.1762935 secs] [Times: user=1.05 sys=0.00, real=0.18 secs] 
3594.665: [GC (Allocation Failure) [PSYoungGen: 312497K->159232K(463872K)] 1227101K->1161781K(1862144K), 0.0486315 secs] [Times: user=0.29 sys=0.00, real=0.04 secs] 
3596.757: [GC (Allocation Failure) [PSYoungGen: 392192K->91872K(325120K)] 1394741K->1245381K(1723392K), 0.1714210 secs] [Times: user=1.01 sys=0.01, real=0.17 secs] 
3598.595: [GC (Allocation Failure) [PSYoungGen: 324832K->203648K(459776K)] 1478341K->1444896K(1858048K), 0.0522643 secs] [Times: user=0.31 sys=0.00, real=0.05 secs] 
3598.648: [Full GC (Ergonomics) [PSYoungGen: 203648K->0K(459776K)] [ParOldGen: 1241248K->209318K(1398272K)] 1444896K->209318K(1858048K), [Metaspace: 60216K->60216K(1105920K)], 0.4765655 secs] [Times: user=2.21 sys=0.00, real=0.47 secs] 
3601.417: [GC (Allocation Failure) [PSYoungGen: 230912K->88832K(463872K)] 440230K->298158K(1862144K), 0.1851046 secs] [Times: user=1.11 sys=0.00, real=0.18 secs] 
3602.141: [GC (Allocation Failure) [PSYoungGen: 319744K->172000K(465920K)] 529070K->466367K(1864192K), 0.0554156 secs] [Times: user=0.32 sys=0.00, real=0.06 secs] 
3604.177: [GC (Allocation Failure) [PSYoungGen: 404960K->86752K(465920K)] 699327K->553247K(1864192K), 0.1454141 secs] [Times: user=0.79 sys=0.00, real=0.14 secs] 
3604.668: [GC (Allocation Failure) [PSYoungGen: 319712K->173536K(465920K)] 786207K->721035K(1864192K), 0.0701196 secs] [Times: user=0.41 sys=0.00, real=0.07 secs] 
3609.187: [GC (Allocation Failure) [PSYoungGen: 406496K->75232K(465920K)] 953995K->796127K(1864192K), 0.1333252 secs] [Times: user=0.79 sys=0.01, real=0.13 secs] 
3609.619: [GC (Allocation Failure) [PSYoungGen: 308192K->179392K(465920K)] 1029087K->969169K(1864192K), 0.0565558 secs] [Times: user=0.33 sys=0.01, real=0.06 secs] 
3612.163: [GC (Allocation Failure) [PSYoungGen: 412352K->90336K(465920K)] 1202129K->1059577K(1864192K), 0.1106979 secs] [Times: user=0.66 sys=0.00, real=0.11 secs] 
3613.414: [GC (Allocation Failure) [PSYoungGen: 323296K->156512K(465920K)] 1292537K->1209206K(1864192K), 0.0612335 secs] [Times: user=0.36 sys=0.00, real=0.07 secs] 
3616.420: [GC (Allocation Failure) [PSYoungGen: 389472K->101632K(465920K)] 1442166K->1310222K(1864192K), 0.0925580 secs] [Times: user=0.55 sys=0.00, real=0.09 secs] 
3616.513: [Full GC (Ergonomics) [PSYoungGen: 101632K->0K(465920K)] [ParOldGen: 1208590K->117754K(1398272K)] 1310222K->117754K(1864192K), [Metaspace: 60338K->60338K(1105920K)], 0.2614612 secs] [Times: user=1.19 sys=0.00, real=0.26 secs] 
3617.873: [GC (Allocation Failure) [PSYoungGen: 232960K->146784K(465920K)] 350714K->264538K(1864192K), 0.0540415 secs] [Times: user=0.32 sys=0.01, real=0.06 secs] 
3618.813: [GC (Allocation Failure) [PSYoungGen: 379744K->123360K(356352K)] 497498K->387778K(1754624K), 0.0743514 secs] [Times: user=0.45 sys=0.00, real=0.08 secs] 
3620.057: [GC (Allocation Failure) [PSYoungGen: 356320K->124128K(470016K)] 620738K->501861K(1868288K), 0.0619932 secs] [Times: user=0.37 sys=0.00, real=0.06 secs] 
3622.346: [GC (Allocation Failure) [PSYoungGen: 366304K->146048K(460800K)] 744037K->648014K(1859072K), 0.0583240 secs] [Times: user=0.34 sys=0.00, real=0.06 secs] 
3624.568: [GC (Allocation Failure) [PSYoungGen: 388224K->7168K(456192K)] 890190K->509158K(1854464K), 0.0072389 secs] [Times: user=0.03 sys=0.00, real=0.01 secs] 
3626.657: [GC (Allocation Failure) [PSYoungGen: 247296K->165024K(405504K)] 749286K->673090K(1803776K), 0.0789224 secs] [Times: user=0.47 sys=0.00, real=0.08 secs] 
3629.237: [GC (Allocation Failure) [PSYoungGen: 405152K->100960K(471552K)] 913218K->765506K(1869824K), 0.1424058 secs] [Times: user=0.84 sys=0.01, real=0.14 secs] 
3630.063: [GC (Allocation Failure) [PSYoungGen: 323324K->160064K(465920K)] 987871K->923956K(1864192K), 0.0810775 secs] [Times: user=0.49 sys=0.00, real=0.08 secs] 
3631.843: [GC (Allocation Failure) [PSYoungGen: 398656K->101600K(461312K)] 1162548K->1017228K(1859584K), 0.1293875 secs] [Times: user=0.77 sys=0.01, real=0.13 secs] 
3633.032: [GC (Allocation Failure) [PSYoungGen: 341728K->176992K(464384K)] 1257356K->1190953K(1862656K), 0.0651606 secs] [Times: user=0.39 sys=0.00, real=0.07 secs] 
3637.692: [GC (Allocation Failure) [PSYoungGen: 417120K->84768K(467456K)] 1431081K->1275873K(1865728K), 0.1572453 secs] [Times: user=0.94 sys=0.00, real=0.16 secs] 
3637.849: [Full GC (Ergonomics) [PSYoungGen: 84768K->0K(467456K)] [ParOldGen: 1191105K->73577K(1398272K)] 1275873K->73577K(1865728K), [Metaspace: 60338K->60338K(1105920K)], 0.1838219 secs] [Times: user=0.85 sys=0.00, real=0.18 secs] 
3638.284: [GC (Allocation Failure) [PSYoungGen: 234496K->177312K(465920K)] 308073K->250889K(1864192K), 0.0382814 secs] [Times: user=0.23 sys=0.00, real=0.04 secs] 
3641.492: [GC (Allocation Failure) [PSYoungGen: 411808K->86976K(465920K)] 485385K->337489K(1864192K), 0.1195113 secs] [Times: user=0.71 sys=0.00, real=0.12 secs] 
3642.181: [GC (Allocation Failure) [PSYoungGen: 318317K->203648K(465920K)] 568831K->534758K(1864192K), 0.0614317 secs] [Times: user=0.36 sys=0.00, real=0.06 secs] 
3645.129: [GC (Allocation Failure) [PSYoungGen: 435074K->92800K(465920K)] 766185K->592590K(1864192K), 0.0957779 secs] [Times: user=0.56 sys=0.00, real=0.10 secs] 
3646.321: [GC (Allocation Failure) [PSYoungGen: 325760K->150944K(465920K)] 825550K->737283K(1864192K), 0.0598836 secs] [Times: user=0.35 sys=0.00, real=0.06 secs] 
3648.650: [GC (Allocation Failure) [PSYoungGen: 383904K->101152K(465920K)] 970243K->838283K(1864192K), 0.0808726 secs] [Times: user=0.48 sys=0.00, real=0.08 secs] 
3649.870: [GC (Allocation Failure) [PSYoungGen: 334112K->147264K(465920K)] 1071243K->974800K(1864192K), 0.0600655 secs] [Times: user=0.36 sys=0.00, real=0.06 secs] 
3653.113: [GC (Allocation Failure) [PSYoungGen: 380224K->118176K(452608K)] 1207760K->1093192K(1850880K), 0.0723889 secs] [Times: user=0.43 sys=0.01, real=0.08 secs] 
3654.309: [GC (Allocation Failure) [PSYoungGen: 351136K->130592K(459264K)] 1326152K->1213393K(1857536K), 0.0617505 secs] [Times: user=0.37 sys=0.00, real=0.06 secs] 
3656.246: [GC (Allocation Failure) [PSYoungGen: 363552K->143936K(468480K)] 1446353K->1356937K(1866752K), 0.0618578 secs] [Times: user=0.37 sys=0.00, real=0.06 secs] 
3656.308: [Full GC (Ergonomics) [PSYoungGen: 143936K->0K(468480K)] [ParOldGen: 1213001K->152302K(1398272K)] 1356937K->152302K(1866752K), [Metaspace: 60349K->60349K(1105920K)], 0.3413634 secs] [Times: user=1.57 sys=0.00, real=0.34 secs] 
3657.889: [GC (Allocation Failure) [PSYoungGen: 254976K->122624K(469504K)] 407278K->274926K(1867776K), 0.0526631 secs] [Times: user=0.31 sys=0.00, real=0.05 secs] 
3660.294: [GC (Allocation Failure) [PSYoungGen: 370873K->174560K(469504K)] 523176K->447531K(1867776K), 0.0620866 secs] [Times: user=0.37 sys=0.00, real=0.07 secs] 
3663.166: [GC (Allocation Failure) [PSYoungGen: 436704K->110624K(478208K)] 709675K->549147K(1876480K), 0.1514920 secs] [Times: user=0.90 sys=0.00, real=0.15 secs] 
3663.708: [GC (Allocation Failure) [PSYoungGen: 372768K->194432K(456192K)] 811291K->739416K(1854464K), 0.0586766 secs] [Times: user=0.35 sys=0.00, real=0.06 secs] 
3667.784: [GC (Allocation Failure) [PSYoungGen: 438656K->89952K(471552K)] 983640K->829184K(1869824K), 0.1149516 secs] [Times: user=0.68 sys=0.00, real=0.12 secs] 
3669.045: [GC (Allocation Failure) [PSYoungGen: 334176K->156768K(469504K)] 1073408K->979213K(1867776K), 0.0616251 secs] [Times: user=0.36 sys=0.00, real=0.06 secs] 
3670.894: [GC (Allocation Failure) [PSYoungGen: 402016K->120064K(365568K)] 1224461K->1099197K(1763840K), 0.0747544 secs] [Times: user=0.45 sys=0.00, real=0.08 secs] 
3672.128: [GC (Allocation Failure) [PSYoungGen: 365312K->2208K(452608K)] 1344445K->981365K(1850880K), 0.0036728 secs] [Times: user=0.02 sys=0.00, real=0.00 secs] 
3674.943: [GC (Allocation Failure) [PSYoungGen: 235168K->144576K(465920K)] 1214325K->1124378K(1864192K), 0.0290852 secs] [Times: user=0.17 sys=0.00, real=0.03 secs] 
3676.264: [GC (Allocation Failure) [PSYoungGen: 377536K->6176K(463872K)] 1357338K->986354K(1862144K), 0.0042853 secs] [Times: user=0.03 sys=0.00, real=0.01 secs] 
3678.921: [GC (Allocation Failure) [PSYoungGen: 239136K->157472K(465920K)] 1219314K->1141991K(1864192K), 0.0327114 secs] [Times: user=0.19 sys=0.00, real=0.03 secs] 
3680.199: [GC (Allocation Failure) [PSYoungGen: 390432K->101440K(465920K)] 1374951K->1234127K(1864192K), 0.0972928 secs] [Times: user=0.58 sys=0.00, real=0.10 secs] 
3682.167: [GC (Allocation Failure) [PSYoungGen: 334400K->165216K(465920K)] 1467087K->1396731K(1864192K), 0.0546805 secs] [Times: user=0.32 sys=0.00, real=0.05 secs] 
3682.221: [Full GC (Ergonomics) [PSYoungGen: 165216K->0K(465920K)] [ParOldGen: 1231515K->193581K(1398272K)] 1396731K->193581K(1864192K), [Metaspace: 60357K->60357K(1105920K)], 0.4554602 secs] [Times: user=2.13 sys=0.00, real=0.46 secs] 
3684.517: [GC (Allocation Failure) [PSYoungGen: 232960K->95296K(465920K)] 426541K->288877K(1864192K), 0.0993206 secs] [Times: user=0.59 sys=0.00, real=0.10 secs] 
3686.402: [GC (Allocation Failure) [PSYoungGen: 319495K->160352K(465920K)] 513076K->446658K(1864192K), 0.0491769 secs] [Times: user=0.29 sys=0.00, real=0.05 secs] 
3689.026: [GC (Allocation Failure) [PSYoungGen: 393312K->95040K(460800K)] 679618K->533130K(1859072K), 0.1649714 secs] [Times: user=0.99 sys=0.00, real=0.16 secs] 
3690.934: [GC (Allocation Failure) [PSYoungGen: 328000K->166848K(463360K)] 766090K->696431K(1861632K), 0.0505131 secs] [Times: user=0.30 sys=0.01, real=0.05 secs] 
3693.115: [GC (Allocation Failure) [PSYoungGen: 399808K->91008K(466432K)] 929391K->787219K(1864704K), 0.1620510 secs] [Times: user=0.95 sys=0.01, real=0.16 secs] 
3694.811: [GC (Allocation Failure) [PSYoungGen: 326016K->164192K(465920K)] 1022227K->947848K(1864192K), 0.1512544 secs] [Times: user=0.90 sys=0.00, real=0.15 secs] 
3697.965: [GC (Allocation Failure) [PSYoungGen: 399200K->88736K(466432K)] 1182856K->1036304K(1864704K), 0.1182240 secs] [Times: user=0.71 sys=0.00, real=0.11 secs] 
3699.076: [GC (Allocation Failure) [PSYoungGen: 323232K->173600K(465920K)] 1270800K->1204409K(1864192K), 0.1135367 secs] [Times: user=0.67 sys=0.01, real=0.11 secs] 
3703.305: [GC (Allocation Failure) [PSYoungGen: 408096K->76928K(465920K)] 1438905K->1281385K(1864192K), 0.1571111 secs] [Times: user=0.93 sys=0.00, real=0.15 secs] 
3703.462: [Full GC (Ergonomics) [PSYoungGen: 76928K->0K(465920K)] [ParOldGen: 1204457K->78993K(1398272K)] 1281385K->78993K(1864192K), [Metaspace: 60364K->60364K(1105920K)], 0.1984491 secs] [Times: user=0.93 sys=0.01, real=0.20 secs] 
3703.918: [GC (Allocation Failure) [PSYoungGen: 232960K->179584K(465920K)] 311953K->258577K(1864192K), 0.0379909 secs] [Times: user=0.23 sys=0.00, real=0.04 secs] 
3705.503: [GC (Allocation Failure) [PSYoungGen: 412544K->92256K(465920K)] 491537K->351133K(1864192K), 0.0710772 secs] [Times: user=0.42 sys=0.00, real=0.07 secs] 
3708.887: [GC (Allocation Failure) [PSYoungGen: 325216K->153888K(465920K)] 584093K->498202K(1864192K), 0.0605869 secs] [Times: user=0.37 sys=0.00, real=0.06 secs] 
3709.794: [GC (Allocation Failure) [PSYoungGen: 386848K->104736K(464896K)] 731162K->603186K(1863168K), 0.0603764 secs] [Times: user=0.36 sys=0.00, real=0.06 secs] 
3712.251: [GC (Allocation Failure) [PSYoungGen: 337696K->142816K(375808K)] 836146K->735543K(1774080K), 0.0601190 secs] [Times: user=0.36 sys=0.00, real=0.06 secs] 
3714.547: [GC (Allocation Failure) [PSYoungGen: 375776K->123584K(473088K)] 968503K->858911K(1871360K), 0.0612837 secs] [Times: user=0.36 sys=0.00, real=0.06 secs] 
3718.811: [GC (Allocation Failure) [PSYoungGen: 367808K->123808K(368128K)] 1103135K->972755K(1766400K), 0.0626809 secs] [Times: user=0.37 sys=0.00, real=0.06 secs] 
3719.603: [GC (Allocation Failure) [PSYoungGen: 368032K->160384K(456192K)] 1216979K->1133315K(1854464K), 0.0649407 secs] [Times: user=0.38 sys=0.00, real=0.07 secs] 
3724.374: [GC (Allocation Failure) [PSYoungGen: 406656K->15648K(460800K)] 1379587K->988603K(1859072K), 0.0063559 secs] [Times: user=0.03 sys=0.00, real=0.01 secs] 
3726.279: [GC (Allocation Failure) [PSYoungGen: 248070K->169120K(458240K)] 1221026K->1155464K(1856512K), 0.0936568 secs] [Times: user=0.56 sys=0.00, real=0.09 secs] 
3728.416: [GC (Allocation Failure) [PSYoungGen: 402080K->95040K(465920K)] 1388424K->1242080K(1864192K), 0.1324945 secs] [Times: user=0.79 sys=0.00, real=0.13 secs] 
3729.994: [GC (Allocation Failure) [PSYoungGen: 328000K->170784K(460288K)] 1475040K->1408721K(1858560K), 0.0510425 secs] [Times: user=0.30 sys=0.00, real=0.06 secs] 
3730.045: [Full GC (Ergonomics) [PSYoungGen: 170784K->0K(460288K)] [ParOldGen: 1237937K->211961K(1398272K)] 1408721K->211961K(1858560K), [Metaspace: 60364K->60364K(1105920K)], 0.4804339 secs] [Times: user=2.22 sys=0.00, real=0.48 secs] 
3734.960: [GC (Allocation Failure) [PSYoungGen: 232960K->82464K(465920K)] 444921K->294425K(1864192K), 0.1639935 secs] [Times: user=0.98 sys=0.00, real=0.16 secs] 
3735.652: [GC (Allocation Failure) [PSYoungGen: 315424K->170848K(464384K)] 527385K->461656K(1862656K), 0.0534036 secs] [Times: user=0.32 sys=0.00, real=0.06 secs] 
3738.904: [GC (Allocation Failure) [PSYoungGen: 403808K->83392K(465920K)] 694616K->544740K(1864192K), 0.1694980 secs] [Times: user=1.01 sys=0.00, real=0.17 secs] 
3739.388: [GC (Allocation Failure) [PSYoungGen: 316352K->178880K(465920K)] 777700K->717641K(1864192K), 0.0571786 secs] [Times: user=0.34 sys=0.00, real=0.06 secs] 
3742.684: [GC (Allocation Failure) [PSYoungGen: 411840K->83904K(465920K)] 950601K->801809K(1864192K), 0.1396513 secs] [Times: user=0.83 sys=0.00, real=0.14 secs] 
3743.420: [GC (Allocation Failure) [PSYoungGen: 315251K->208704K(465920K)] 1033157K->1004250K(1864192K), 0.0625245 secs] [Times: user=0.37 sys=0.00, real=0.06 secs] 
3745.801: [GC (Allocation Failure) [PSYoungGen: 441664K->93056K(465920K)] 1237210K->1062754K(1864192K), 0.1045697 secs] [Times: user=0.62 sys=0.00, real=0.11 secs] 
3747.009: [GC (Allocation Failure) [PSYoungGen: 326016K->151520K(465920K)] 1295714K->1207815K(1864192K), 0.0606214 secs] [Times: user=0.36 sys=0.00, real=0.06 secs] 
3750.627: [GC (Allocation Failure) [PSYoungGen: 384480K->100512K(465920K)] 1440775K->1307927K(1864192K), 0.0943546 secs] [Times: user=0.56 sys=0.00, real=0.09 secs] 
3750.722: [Full GC (Ergonomics) [PSYoungGen: 100512K->0K(465920K)] [ParOldGen: 1207415K->116055K(1398272K)] 1307927K->116055K(1864192K), [Metaspace: 60366K->60366K(1105920K)], 0.2598295 secs] [Times: user=1.19 sys=0.00, real=0.26 secs] 
3752.101: [GC (Allocation Failure) [PSYoungGen: 232960K->148512K(465920K)] 349015K->264567K(1864192K), 0.0544902 secs] [Times: user=0.33 sys=0.00, real=0.06 secs] 
3754.002: [GC (Allocation Failure) [PSYoungGen: 381472K->120832K(354304K)] 497527K->385123K(1752576K), 0.0832630 secs] [Times: user=0.49 sys=0.00, real=0.09 secs] 
3755.274: [GC (Allocation Failure) [PSYoungGen: 353792K->128032K(472576K)] 618083K->502468K(1870848K), 0.0618675 secs] [Times: user=0.37 sys=0.01, real=0.07 secs] 
3757.716: [GC (Allocation Failure) [PSYoungGen: 370720K->146496K(462848K)] 745156K->648480K(1861120K), 0.0579791 secs] [Times: user=0.34 sys=0.01, real=0.05 secs] 
3759.278: [GC (Allocation Failure) [PSYoungGen: 389184K->8704K(454656K)] 891168K->510728K(1852928K), 0.0065498 secs] [Times: user=0.03 sys=0.00, real=0.01 secs] 
3762.186: [GC (Allocation Failure) [PSYoungGen: 245760K->165760K(402944K)] 747784K->674165K(1801216K), 0.0343982 secs] [Times: user=0.20 sys=0.00, real=0.03 secs] 
3764.285: [GC (Allocation Failure) [PSYoungGen: 402816K->101248K(470528K)] 911221K->766253K(1868800K), 0.1269521 secs] [Times: user=0.76 sys=0.00, real=0.12 secs] 
3765.365: [GC (Allocation Failure) [PSYoungGen: 323098K->159968K(465920K)] 988103K->923674K(1864192K), 0.0523365 secs] [Times: user=0.31 sys=0.00, real=0.05 secs] 
3767.566: [GC (Allocation Failure) [PSYoungGen: 397536K->99648K(461312K)] 1161242K->1014574K(1859584K), 0.1666150 secs] [Times: user=0.98 sys=0.01, real=0.16 secs] 
3769.384: [GC (Allocation Failure) [PSYoungGen: 337728K->170208K(463872K)] 1252654K->1180643K(1862144K), 0.0526018 secs] [Times: user=0.31 sys=0.00, real=0.06 secs] 
3772.261: [GC (Allocation Failure) [PSYoungGen: 408288K->89632K(468992K)] 1418723K->1269787K(1867264K), 0.1610595 secs] [Times: user=0.96 sys=0.00, real=0.16 secs] 
3772.422: [Full GC (Ergonomics) [PSYoungGen: 89632K->0K(468992K)] [ParOldGen: 1180155K->67413K(1398272K)] 1269787K->67413K(1867264K), [Metaspace: 60378K->60378K(1105920K)], 0.1770388 secs] [Times: user=0.83 sys=0.00, real=0.18 secs] 
3773.144: [GC (Allocation Failure) [PSYoungGen: 237056K->179296K(465920K)] 304469K->246709K(1864192K), 0.0384742 secs] [Times: user=0.23 sys=0.00, real=0.04 secs] 
3777.638: [GC (Allocation Failure) [PSYoungGen: 416352K->81696K(465920K)] 483765K->328301K(1864192K), 0.1342642 secs] [Times: user=0.80 sys=0.01, real=0.13 secs] 
3778.176: [GC (Allocation Failure) [PSYoungGen: 312998K->210432K(465920K)] 559604K->532694K(1864192K), 0.0570679 secs] [Times: user=0.34 sys=0.00, real=0.05 secs] 
3780.261: [GC (Allocation Failure) [PSYoungGen: 443392K->86912K(465920K)] 765654K->586078K(1864192K), 0.1053143 secs] [Times: user=0.63 sys=0.01, real=0.11 secs] 
3781.782: [GC (Allocation Failure) [PSYoungGen: 319872K->158048K(465920K)] 819038K->736863K(1864192K), 0.0594515 secs] [Times: user=0.35 sys=0.00, real=0.06 secs] 
3783.699: [GC (Allocation Failure) [PSYoungGen: 391008K->102528K(465920K)] 969823K->839583K(1864192K), 0.0784974 secs] [Times: user=0.46 sys=0.00, real=0.08 secs] 
3785.346: [GC (Allocation Failure) [PSYoungGen: 335488K->146240K(465920K)] 1072543K->975019K(1864192K), 0.0603291 secs] [Times: user=0.36 sys=0.00, real=0.06 secs] 
3786.664: [GC (Allocation Failure) [PSYoungGen: 379200K->127200K(457728K)] 1207979K->1102107K(1856000K), 0.0642672 secs] [Times: user=0.38 sys=0.00, real=0.07 secs] 
3788.157: [GC (Allocation Failure) [PSYoungGen: 360160K->120352K(461824K)] 1335067K->1212316K(1860096K), 0.0625371 secs] [Times: user=0.37 sys=0.00, real=0.06 secs] 
3791.070: [GC (Allocation Failure) [PSYoungGen: 353312K->157088K(463872K)] 1445276K->1369468K(1862144K), 0.0574702 secs] [Times: user=0.34 sys=0.00, real=0.06 secs] 
3791.128: [Full GC (Ergonomics) [PSYoungGen: 157088K->0K(463872K)] [ParOldGen: 1212380K->155446K(1398272K)] 1369468K->155446K(1862144K), [Metaspace: 60378K->60378K(1105920K)], 0.3649802 secs] [Times: user=1.68 sys=0.00, real=0.36 secs] 
3792.868: [GC (Allocation Failure) [PSYoungGen: 243712K->111712K(465408K)] 399158K->267158K(1863680K), 0.0858413 secs] [Times: user=0.51 sys=0.00, real=0.08 secs] 
3795.532: [GC (Allocation Failure) [PSYoungGen: 355424K->181440K(461312K)] 510870K->447027K(1859584K), 0.0590923 secs] [Times: user=0.35 sys=0.00, real=0.06 secs] 
3798.088: [GC (Allocation Failure) [PSYoungGen: 426688K->108704K(472064K)] 692275K->529871K(1870336K), 0.1555682 secs] [Times: user=0.93 sys=0.00, real=0.15 secs] 
3799.583: [GC (Allocation Failure) [PSYoungGen: 353952K->175424K(462848K)] 775119K->699276K(1861120K), 0.0558938 secs] [Times: user=0.33 sys=0.01, real=0.06 secs] 
3802.878: [GC (Allocation Failure) [PSYoungGen: 415809K->89760K(470016K)] 939661K->788768K(1868288K), 0.1844817 secs] [Times: user=1.10 sys=0.00, real=0.18 secs] 
3803.479: [GC (Allocation Failure) [PSYoungGen: 330912K->180576K(460800K)] 1029920K->965260K(1859072K), 0.0586548 secs] [Times: user=0.35 sys=0.00, real=0.06 secs] 
3805.796: [GC (Allocation Failure) [PSYoungGen: 413536K->90400K(465920K)] 1198220K->1055877K(1864192K), 0.1223631 secs] [Times: user=0.73 sys=0.00, real=0.12 secs] 
3806.489: [GC (Allocation Failure) [PSYoungGen: 321979K->203456K(465920K)] 1287456K->1253121K(1864192K), 0.0629629 secs] [Times: user=0.37 sys=0.00, real=0.06 secs] 
3810.533: [GC (Allocation Failure) [PSYoungGen: 436416K->85696K(465920K)] 1486081K->1303345K(1864192K), 0.1038990 secs] [Times: user=0.62 sys=0.00, real=0.11 secs] 
3810.637: [Full GC (Ergonomics) [PSYoungGen: 85696K->0K(465920K)] [ParOldGen: 1217649K->100849K(1398272K)] 1303345K->100849K(1864192K), [Metaspace: 60378K->60378K(1105920K)], 0.2285996 secs] [Times: user=1.03 sys=0.00, real=0.23 secs] 
3811.943: [GC (Allocation Failure) [PSYoungGen: 232960K->158912K(465920K)] 333809K->259761K(1864192K), 0.0455529 secs] [Times: user=0.27 sys=0.00, real=0.05 secs] 
3814.609: [GC (Allocation Failure) [PSYoungGen: 383988K->93344K(465920K)] 484838K->353321K(1864192K), 0.0932264 secs] [Times: user=0.55 sys=0.01, real=0.09 secs] 
3815.818: [GC (Allocation Failure) [PSYoungGen: 326304K->151360K(465920K)] 586281K->497930K(1864192K), 0.0599697 secs] [Times: user=0.35 sys=0.00, real=0.06 secs] 
3818.593: [GC (Allocation Failure) [PSYoungGen: 384320K->106432K(465920K)] 730890K->604146K(1864192K), 0.0868195 secs] [Times: user=0.51 sys=0.00, real=0.09 secs] 
3819.843: [GC (Allocation Failure) [PSYoungGen: 339392K->142112K(453632K)] 837106K->735495K(1851904K), 0.0632068 secs] [Times: user=0.36 sys=0.01, real=0.07 secs] 
3822.214: [GC (Allocation Failure) [PSYoungGen: 375072K->123808K(459776K)] 968455K->859327K(1858048K), 0.0705237 secs] [Times: user=0.41 sys=0.01, real=0.08 secs] 
3823.433: [GC (Allocation Failure) [PSYoungGen: 356768K->124448K(459776K)] 1092287K->973120K(1858048K), 0.0618262 secs] [Times: user=0.37 sys=0.00, real=0.07 secs] 
3825.101: [GC (Allocation Failure) [PSYoungGen: 377888K->159424K(464896K)] 1226560K->1132708K(1863168K), 0.0593928 secs] [Times: user=0.35 sys=0.00, real=0.06 secs] 
3827.609: [GC (Allocation Failure) [PSYoungGen: 412864K->24480K(464384K)] 1386148K->997844K(1862656K), 0.0171370 secs] [Times: user=0.09 sys=0.00, real=0.02 secs] 
3828.641: [GC (Allocation Failure) [PSYoungGen: 274848K->177376K(428032K)] 1248212K->1172441K(1826304K), 0.0510900 secs] [Times: user=0.31 sys=0.00, real=0.05 secs] 
3831.472: [GC (Allocation Failure) [PSYoungGen: 427744K->98656K(470016K)] 1422809K->1270961K(1868288K), 0.1380384 secs] [Times: user=0.82 sys=0.01, real=0.14 secs] 
3831.610: [Full GC (Ergonomics) [PSYoungGen: 98656K->0K(470016K)] [ParOldGen: 1172305K->74716K(1398272K)] 1270961K->74716K(1868288K), [Metaspace: 60380K->60380K(1105920K)], 0.1810107 secs] [Times: user=0.82 sys=0.00, real=0.18 secs] 
3832.786: [GC (Allocation Failure) [PSYoungGen: 237056K->172928K(465920K)] 311772K->247644K(1864192K), 0.1129294 secs] [Times: user=0.67 sys=0.00, real=0.11 secs] 
3836.334: [GC (Allocation Failure) [PSYoungGen: 409984K->84160K(465920K)] 484700K->331660K(1864192K), 0.1264048 secs] [Times: user=0.75 sys=0.01, real=0.13 secs] 
3837.271: [GC (Allocation Failure) [PSYoungGen: 317120K->213472K(465920K)] 564620K->538957K(1864192K), 0.0627136 secs] [Times: user=0.37 sys=0.00, real=0.06 secs] 
3839.446: [GC (Allocation Failure) [PSYoungGen: 446432K->93536K(465920K)] 771917K->591797K(1864192K), 0.1035802 secs] [Times: user=0.62 sys=0.00, real=0.10 secs] 
3840.942: [GC (Allocation Failure) [PSYoungGen: 326496K->151008K(465920K)] 824757K->735922K(1864192K), 0.0595975 secs] [Times: user=0.36 sys=0.00, real=0.06 secs] 
3843.279: [GC (Allocation Failure) [PSYoungGen: 383968K->109920K(465920K)] 968882K->845690K(1864192K), 0.0698775 secs] [Times: user=0.42 sys=0.00, real=0.07 secs] 
3844.509: [GC (Allocation Failure) [PSYoungGen: 342880K->138240K(371712K)] 1078650K->973530K(1769984K), 0.0608554 secs] [Times: user=0.36 sys=0.00, real=0.06 secs] 
3847.578: [GC (Allocation Failure) [PSYoungGen: 371200K->124288K(472064K)] 1206490K->1097594K(1870336K), 0.0686170 secs] [Times: user=0.41 sys=0.00, real=0.07 secs] 
3848.801: [GC (Allocation Failure) [PSYoungGen: 365952K->2240K(463360K)] 1339258K->975663K(1861632K), 0.0020425 secs] [Times: user=0.01 sys=0.00, real=0.00 secs] 
3852.669: [GC (Allocation Failure) [PSYoungGen: 243904K->151456K(465920K)] 1217327K->1125603K(1864192K), 0.0301928 secs] [Times: user=0.18 sys=0.00, real=0.03 secs] 
3853.910: [GC (Allocation Failure) [PSYoungGen: 384416K->8928K(465920K)] 1358563K->983211K(1864192K), 0.0040467 secs] [Times: user=0.02 sys=0.00, real=0.00 secs] 
3856.421: [GC (Allocation Failure) [PSYoungGen: 241888K->171136K(465920K)] 1216171K->1151832K(1864192K), 0.0341727 secs] [Times: user=0.20 sys=0.00, real=0.04 secs] 
3858.314: [GC (Allocation Failure) [PSYoungGen: 404096K->97184K(465920K)] 1384792K->1231596K(1864192K), 0.1752886 secs] [Times: user=1.05 sys=0.00, real=0.18 secs] 
3860.217: [GC (Allocation Failure) [PSYoungGen: 327357K->166720K(465920K)] 1461770K->1395477K(1864192K), 0.0521612 secs] [Times: user=0.31 sys=0.00, real=0.05 secs] 
3860.270: [Full GC (Ergonomics) [PSYoungGen: 166720K->0K(465920K)] [ParOldGen: 1228757K->197536K(1398272K)] 1395477K->197536K(1864192K), [Metaspace: 60391K->60391K(1105920K)], 0.4596297 secs] [Times: user=2.13 sys=0.00, real=0.46 secs] 
3862.476: [GC (Allocation Failure) [PSYoungGen: 232960K->93696K(465920K)] 430496K->291232K(1864192K), 0.0705574 secs] [Times: user=0.42 sys=0.00, real=0.07 secs] 
3863.808: [GC (Allocation Failure) [PSYoungGen: 312440K->159936K(465920K)] 509976K->445129K(1864192K), 0.0468263 secs] [Times: user=0.28 sys=0.00, real=0.05 secs] 
3866.016: [GC (Allocation Failure) [PSYoungGen: 392896K->101056K(465920K)] 678089K->537469K(1864192K), 0.1607268 secs] [Times: user=0.95 sys=0.00, real=0.16 secs] 
3867.512: [GC (Allocation Failure) [PSYoungGen: 334016K->166976K(465920K)] 770429K->698528K(1864192K), 0.0506632 secs] [Times: user=0.30 sys=0.00, real=0.05 secs] 
3870.307: [GC (Allocation Failure) [PSYoungGen: 399936K->89600K(465920K)] 931488K->787392K(1864192K), 0.1642820 secs] [Times: user=0.97 sys=0.01, real=0.16 secs] 
3871.091: [GC (Allocation Failure) [PSYoungGen: 322560K->189792K(465920K)] 1020352K->973267K(1864192K), 0.0610668 secs] [Times: user=0.33 sys=0.00, real=0.06 secs] 
3874.352: [GC (Allocation Failure) [PSYoungGen: 422752K->82688K(465920K)] 1206227K->1039675K(1864192K), 0.1466365 secs] [Times: user=0.85 sys=0.00, real=0.15 secs] 
3874.791: [GC (Allocation Failure) [PSYoungGen: 315648K->179584K(465920K)] 1272635K->1213332K(1864192K), 0.0588816 secs] [Times: user=0.35 sys=0.00, real=0.06 secs] 
3878.889: [GC (Allocation Failure) [PSYoungGen: 412544K->78624K(465920K)] 1446292K->1292188K(1864192K), 0.1162031 secs] [Times: user=0.69 sys=0.00, real=0.12 secs] 
3879.005: [Full GC (Ergonomics) [PSYoungGen: 78624K->0K(465920K)] [ParOldGen: 1213564K->91783K(1398272K)] 1292188K->91783K(1864192K), [Metaspace: 60395K->60395K(1105920K)], 0.2128353 secs] [Times: user=0.97 sys=0.00, real=0.21 secs] 
3880.220: [GC (Allocation Failure) [PSYoungGen: 232676K->205536K(465920K)] 324460K->297319K(1864192K), 0.0498695 secs] [Times: user=0.30 sys=0.00, real=0.05 secs] 
3883.147: [GC (Allocation Failure) [PSYoungGen: 438496K->92544K(465920K)] 530279K->352824K(1864192K), 0.1025174 secs] [Times: user=0.60 sys=0.00, real=0.10 secs] 
3884.408: [GC (Allocation Failure) [PSYoungGen: 325504K->152192K(465920K)] 585784K->498412K(1864192K), 0.0599858 secs] [Times: user=0.36 sys=0.00, real=0.06 secs] 
3885.772: [GC (Allocation Failure) [PSYoungGen: 385152K->110784K(465920K)] 731372K->609124K(1864192K), 0.0880267 secs] [Times: user=0.52 sys=0.00, real=0.09 secs] 
3886.999: [GC (Allocation Failure) [PSYoungGen: 343744K->137280K(465920K)] 842084K->736076K(1864192K), 0.0612385 secs] [Times: user=0.36 sys=0.00, real=0.06 secs] 
3890.090: [GC (Allocation Failure) [PSYoungGen: 370240K->124576K(357888K)] 969036K->860740K(1756160K), 0.0719279 secs] [Times: user=0.43 sys=0.00, real=0.07 secs] 
3891.300: [GC (Allocation Failure) [PSYoungGen: 357536K->1312K(456704K)] 1093700K->737532K(1854976K), 0.0020469 secs] [Times: user=0.01 sys=0.00, real=0.00 secs] 
3894.348: [GC (Allocation Failure) [PSYoungGen: 229664K->137888K(461312K)] 965884K->874704K(1859584K), 0.0302527 secs] [Times: user=0.18 sys=0.00, real=0.03 secs] 
3895.498: [GC (Allocation Failure) [PSYoungGen: 366240K->2656K(465920K)] 1103056K->739600K(1864192K), 0.0025356 secs] [Times: user=0.01 sys=0.00, real=0.00 secs] 
3898.049: [GC (Allocation Failure) [PSYoungGen: 235616K->148512K(465920K)] 972560K->886485K(1864192K), 0.0294660 secs] [Times: user=0.17 sys=0.00, real=0.03 secs] 
3899.400: [GC (Allocation Failure) [PSYoungGen: 381472K->107360K(464896K)] 1119445K->984757K(1863168K), 0.0710929 secs] [Times: user=0.42 sys=0.00, real=0.07 secs] 
3903.277: [GC (Allocation Failure) [PSYoungGen: 340320K->159072K(465408K)] 1217717K->1141650K(1863680K), 0.0542188 secs] [Times: user=0.32 sys=0.00, real=0.05 secs] 
3904.988: [GC (Allocation Failure) [PSYoungGen: 392032K->97216K(459776K)] 1374610K->1229786K(1858048K), 0.1757018 secs] [Times: user=1.05 sys=0.01, real=0.17 secs] 
3907.709: [GC (Allocation Failure) [PSYoungGen: 330688K->176288K(462848K)] 1463258K->1402699K(1861120K), 0.0526878 secs] [Times: user=0.31 sys=0.00, real=0.05 secs] 
3907.762: [Full GC (Ergonomics) [PSYoungGen: 176288K->0K(462848K)] [ParOldGen: 1226411K->194960K(1398272K)] 1402699K->194960K(1861120K), [Metaspace: 60396K->60396K(1105920K)], 0.4549336 secs] [Times: user=2.11 sys=0.00, real=0.46 secs] 
3910.065: [GC (Allocation Failure) [PSYoungGen: 233472K->92768K(465920K)] 428432K->287728K(1864192K), 0.0821799 secs] [Times: user=0.49 sys=0.00, real=0.08 secs] 
3911.410: [GC (Allocation Failure) [PSYoungGen: 311246K->160224K(465920K)] 506206K->444809K(1864192K), 0.0480013 secs] [Times: user=0.29 sys=0.01, real=0.05 secs] 
3913.948: [GC (Allocation Failure) [PSYoungGen: 393184K->93664K(461824K)] 677769K->529869K(1860096K), 0.1542423 secs] [Times: user=0.91 sys=0.01, real=0.15 secs] 
3915.296: [GC (Allocation Failure) [PSYoungGen: 326624K->170048K(463872K)] 762829K->695370K(1862144K), 0.0497346 secs] [Times: user=0.29 sys=0.01, real=0.05 secs] 
3917.633: [GC (Allocation Failure) [PSYoungGen: 403008K->91904K(466432K)] 928330K->786634K(1864704K), 0.1565761 secs] [Times: user=0.93 sys=0.01, real=0.16 secs] 
3918.635: [GC (Allocation Failure) [PSYoungGen: 325376K->168256K(465920K)] 1020106K->950931K(1864192K), 0.0568645 secs] [Times: user=0.33 sys=0.00, real=0.05 secs] 
3922.595: [GC (Allocation Failure) [PSYoungGen: 401728K->86624K(465920K)] 1184403K->1036715K(1864192K), 0.1607830 secs] [Times: user=0.96 sys=0.00, real=0.16 secs] 
3923.069: [GC (Allocation Failure) [PSYoungGen: 319584K->176544K(465920K)] 1269675K->1206980K(1864192K), 0.0581061 secs] [Times: user=0.35 sys=0.00, real=0.06 secs] 
3926.722: [GC (Allocation Failure) [PSYoungGen: 409504K->82560K(465920K)] 1439940K->1289648K(1864192K), 0.1087183 secs] [Times: user=0.65 sys=0.00, real=0.11 secs] 
3926.831: [Full GC (Ergonomics) [PSYoungGen: 82560K->0K(465920K)] [ParOldGen: 1207088K->88656K(1398272K)] 1289648K->88656K(1864192K), [Metaspace: 60396K->60396K(1105920K)], 0.2050028 secs] [Times: user=0.93 sys=0.00, real=0.21 secs] 
3927.401: [GC (Allocation Failure) [PSYoungGen: 231661K->205024K(465920K)] 320318K->293680K(1864192K), 0.0370804 secs] [Times: user=0.22 sys=0.00, real=0.04 secs] 
3931.743: [GC (Allocation Failure) [PSYoungGen: 437984K->86848K(465920K)] 526640K->346244K(1864192K), 0.1141490 secs] [Times: user=0.68 sys=0.00, real=0.12 secs] 
3932.998: [GC (Allocation Failure) [PSYoungGen: 319808K->157504K(465920K)] 579204K->497009K(1864192K), 0.0590143 secs] [Times: user=0.35 sys=0.00, real=0.06 secs] 
3935.207: [GC (Allocation Failure) [PSYoungGen: 390464K->100640K(465920K)] 729969K->597585K(1864192K), 0.0948191 secs] [Times: user=0.56 sys=0.00, real=0.09 secs] 
3936.422: [GC (Allocation Failure) [PSYoungGen: 333600K->147616K(465920K)] 830545K->734506K(1864192K), 0.0598300 secs] [Times: user=0.36 sys=0.00, real=0.06 secs] 
3938.992: [GC (Allocation Failure) [PSYoungGen: 380576K->116608K(462848K)] 967466K->851082K(1861120K), 0.0724259 secs] [Times: user=0.42 sys=0.00, real=0.07 secs] 
3940.195: [GC (Allocation Failure) [PSYoungGen: 349568K->131616K(365056K)] 1084042K->972327K(1763328K), 0.0613309 secs] [Times: user=0.37 sys=0.00, real=0.06 secs] 
3941.853: [GC (Allocation Failure) [PSYoungGen: 364576K->144576K(463872K)] 1205287K->1116823K(1862144K), 0.0591796 secs] [Times: user=0.35 sys=0.00, real=0.06 secs] 
3943.265: [GC (Allocation Failure) [PSYoungGen: 385728K->4672K(460288K)] 1357975K->976951K(1858560K), 0.0043705 secs] [Times: user=0.03 sys=0.00, real=0.00 secs] 
3946.452: [GC (Allocation Failure) [PSYoungGen: 245824K->161504K(464384K)] 1218103K->1136500K(1862656K), 0.0327018 secs] [Times: user=0.19 sys=0.00, real=0.04 secs] 
3947.967: [GC (Allocation Failure) [PSYoungGen: 394464K->98880K(332288K)] 1369460K->1226068K(1730560K), 0.1134040 secs] [Times: user=0.68 sys=0.00, real=0.11 secs] 
3949.797: [GC (Allocation Failure) [PSYoungGen: 331840K->169696K(459264K)] 1459028K->1392904K(1857536K), 0.0529733 secs] [Times: user=0.32 sys=0.00, real=0.05 secs] 
3949.850: [Full GC (Ergonomics) [PSYoungGen: 169696K->0K(459264K)] [ParOldGen: 1223208K->197093K(1398272K)] 1392904K->197093K(1857536K), [Metaspace: 60396K->60396K(1105920K)], 0.4667396 secs] [Times: user=2.17 sys=0.00, real=0.47 secs] 
3952.252: [GC (Allocation Failure) [PSYoungGen: 229423K->91168K(463360K)] 426516K->288261K(1861632K), 0.0934704 secs] [Times: user=0.55 sys=0.00, real=0.10 secs] 
3954.666: [GC (Allocation Failure) [PSYoungGen: 312585K->159936K(463872K)] 509678K->444434K(1862144K), 0.0479739 secs] [Times: user=0.27 sys=0.00, real=0.04 secs] 
3956.781: [GC (Allocation Failure) [PSYoungGen: 392896K->90336K(323584K)] 677394K->526034K(1721856K), 0.1370328 secs] [Times: user=0.80 sys=0.01, real=0.14 secs] 
3958.545: [GC (Allocation Failure) [PSYoungGen: 323296K->169152K(460800K)] 758994K->691603K(1859072K), 0.0492228 secs] [Times: user=0.29 sys=0.00, real=0.04 secs] 
3961.054: [GC (Allocation Failure) [PSYoungGen: 400576K->88448K(464384K)] 923027K->779791K(1862656K), 0.1743227 secs] [Times: user=1.04 sys=0.01, real=0.18 secs] 
3962.186: [GC (Allocation Failure) [PSYoungGen: 319872K->169312K(464896K)] 1011215K->944535K(1863168K), 0.0558009 secs] [Times: user=0.33 sys=0.00, real=0.05 secs] 
3964.367: [GC (Allocation Failure) [PSYoungGen: 402272K->94112K(465920K)] 1177495K->1038411K(1864192K), 0.1694804 secs] [Times: user=1.01 sys=0.00, real=0.17 secs] 
3964.843: [GC (Allocation Failure) [PSYoungGen: 327072K->173792K(465920K)] 1271371K->1206352K(1864192K), 0.0596589 secs] [Times: user=0.35 sys=0.00, real=0.06 secs] 
3969.938: [GC (Allocation Failure) [PSYoungGen: 406752K->82848K(465920K)] 1439312K->1288532K(1864192K), 0.1335540 secs] [Times: user=0.79 sys=0.00, real=0.13 secs] 
3970.071: [Full GC (Ergonomics) [PSYoungGen: 82848K->0K(465920K)] [ParOldGen: 1205684K->87703K(1398272K)] 1288532K->87703K(1864192K), [Metaspace: 60397K->60397K(1105920K)], 0.2100782 secs] [Times: user=0.97 sys=0.00, real=0.21 secs] 
3971.189: [GC (Allocation Failure) [PSYoungGen: 232960K->205888K(465920K)] 320663K->293591K(1864192K), 0.0574702 secs] [Times: user=0.34 sys=0.00, real=0.06 secs] 
3975.012: [GC (Allocation Failure) [PSYoungGen: 438848K->83264K(465920K)] 526551K->342887K(1864192K), 0.1019753 secs] [Times: user=0.60 sys=0.01, real=0.10 secs] 
3976.271: [GC (Allocation Failure) [PSYoungGen: 316224K->161120K(465920K)] 575847K->497228K(1864192K), 0.0591180 secs] [Times: user=0.35 sys=0.00, real=0.06 secs] 
3978.316: [GC (Allocation Failure) [PSYoungGen: 386169K->93792K(465920K)] 722278K->591252K(1864192K), 0.0988178 secs] [Times: user=0.58 sys=0.00, real=0.10 secs] 
3982.291: [GC (Allocation Failure) [PSYoungGen: 326752K->150752K(465920K)] 824212K->734755K(1864192K), 0.0604308 secs] [Times: user=0.36 sys=0.00, real=0.06 secs] 
3984.590: [GC (Allocation Failure) [PSYoungGen: 383712K->103840K(465920K)] 967715K->838787K(1864192K), 0.0879684 secs] [Times: user=0.52 sys=0.00, real=0.09 secs] 
3987.525: [GC (Allocation Failure) [PSYoungGen: 336800K->144608K(463872K)] 1071747K->972424K(1862144K), 0.0607270 secs] [Times: user=0.36 sys=0.00, real=0.06 secs] 
3991.507: [GC (Allocation Failure) [PSYoungGen: 377568K->124032K(357376K)] 1205384K->1096408K(1755648K), 0.0869408 secs] [Times: user=0.52 sys=0.00, real=0.08 secs] 
3992.735: [GC (Allocation Failure) [PSYoungGen: 356992K->132032K(465920K)] 1329368K->1209637K(1864192K), 0.0618935 secs] [Times: user=0.36 sys=0.00, real=0.06 secs] 
3996.143: [GC (Allocation Failure) [PSYoungGen: 375744K->138144K(458240K)] 1453349K->1347781K(1856512K), 0.0620256 secs] [Times: user=0.37 sys=0.00, real=0.07 secs] 
3996.205: [Full GC (Ergonomics) [PSYoungGen: 138144K->0K(458240K)] [ParOldGen: 1209637K->153096K(1398272K)] 1347781K->153096K(1856512K), [Metaspace: 60403K->60403K(1105920K)], 0.3619332 secs] [Times: user=1.68 sys=0.00, real=0.36 secs] 
3997.671: [GC (Allocation Failure) [PSYoungGen: 243712K->115296K(477184K)] 396808K->268393K(1875456K), 0.0406557 secs] [Times: user=0.24 sys=0.00, real=0.04 secs] 
4000.221: [GC (Allocation Failure) [PSYoungGen: 380275K->179424K(471552K)] 533372K->446377K(1869824K), 0.0604996 secs] [Times: user=0.36 sys=0.00, real=0.06 secs] 
4004.007: [GC (Allocation Failure) [PSYoungGen: 445484K->113152K(488448K)] 712438K->550221K(1886720K), 0.1765229 secs] [Times: user=1.05 sys=0.00, real=0.17 secs] 
4005.780: [GC (Allocation Failure) [PSYoungGen: 385479K->210400K(483840K)] 822549K->776946K(1882112K), 0.0746673 secs] [Times: user=0.44 sys=0.01, real=0.07 secs] 
4009.591: [GC (Allocation Failure) [PSYoungGen: 483808K->120000K(448000K)] 1050354K->859930K(1846272K), 0.0869428 secs] [Times: user=0.52 sys=0.00, real=0.09 secs] 
4010.830: [GC (Allocation Failure) [PSYoungGen: 352960K->128288K(465920K)] 1092890K->977727K(1864192K), 0.0614594 secs] [Times: user=0.37 sys=0.00, real=0.06 secs] 
4012.809: [GC (Allocation Failure) [PSYoungGen: 361248K->141632K(465920K)] 1210687K->1119527K(1864192K), 0.0596119 secs] [Times: user=0.35 sys=0.00, real=0.06 secs] 
4013.964: [GC (Allocation Failure) [PSYoungGen: 374592K->3072K(465920K)] 1352487K->981039K(1864192K), 0.0035606 secs] [Times: user=0.02 sys=0.00, real=0.01 secs] 
4016.124: [GC (Allocation Failure) [PSYoungGen: 236032K->156512K(465920K)] 1213999K->1136012K(1864192K), 0.0310627 secs] [Times: user=0.18 sys=0.01, real=0.04 secs] 
4018.616: [GC (Allocation Failure) [PSYoungGen: 389472K->99136K(465920K)] 1368972K->1226516K(1864192K), 0.0906937 secs] [Times: user=0.54 sys=0.00, real=0.09 secs] 
4020.800: [GC (Allocation Failure) [PSYoungGen: 332096K->166560K(465920K)] 1459476K->1391117K(1864192K), 0.0537917 secs] [Times: user=0.32 sys=0.00, real=0.05 secs] 
4020.854: [Full GC (Ergonomics) [PSYoungGen: 166560K->0K(465920K)] [ParOldGen: 1224557K->189099K(1398272K)] 1391117K->189099K(1864192K), [Metaspace: 60419K->60419K(1105920K)], 0.4436858 secs] [Times: user=2.06 sys=0.00, real=0.45 secs] 
4023.162: [GC (Allocation Failure) [PSYoungGen: 232960K->96832K(465920K)] 422059K->285931K(1864192K), 0.0782807 secs] [Times: user=0.46 sys=0.00, real=0.08 secs] 
4024.799: [GC (Allocation Failure) [PSYoungGen: 322626K->162496K(465920K)] 511725K->445175K(1864192K), 0.0503726 secs] [Times: user=0.28 sys=0.00, real=0.05 secs] 
4026.610: [GC (Allocation Failure) [PSYoungGen: 395456K->98688K(465920K)] 678135K->534848K(1864192K), 0.1324505 secs] [Times: user=0.79 sys=0.00, real=0.13 secs] 
4028.330: [GC (Allocation Failure) [PSYoungGen: 331648K->184160K(465920K)] 767808K->715044K(1864192K), 0.0519945 secs] [Times: user=0.31 sys=0.00, real=0.05 secs] 
4031.856: [GC (Allocation Failure) [PSYoungGen: 417120K->85600K(465920K)] 948004K->783508K(1864192K), 0.1741776 secs] [Times: user=1.04 sys=0.00, real=0.17 secs] 
4032.950: [GC (Allocation Failure) [PSYoungGen: 318560K->167840K(465920K)] 1016468K->947089K(1864192K), 0.0551844 secs] [Times: user=0.32 sys=0.00, real=0.06 secs] 
4035.328: [GC (Allocation Failure) [PSYoungGen: 400800K->94048K(465920K)] 1180049K->1040557K(1864192K), 0.1563009 secs] [Times: user=0.93 sys=0.00, real=0.16 secs] 
4036.014: [GC (Allocation Failure) [PSYoungGen: 327008K->178816K(465920K)] 1273517K->1213454K(1864192K), 0.0947663 secs] [Times: user=0.57 sys=0.00, real=0.10 secs] 
4040.412: [GC (Allocation Failure) [PSYoungGen: 411776K->79968K(465920K)] 1446414K->1293630K(1864192K), 0.1286969 secs] [Times: user=0.77 sys=0.00, real=0.13 secs] 
4040.541: [Full GC (Ergonomics) [PSYoungGen: 79968K->0K(465920K)] [ParOldGen: 1213662K->93026K(1398272K)] 1293630K->93026K(1864192K), [Metaspace: 60423K->60423K(1105920K)], 0.2271814 secs] [Times: user=1.05 sys=0.00, real=0.23 secs] 
4041.757: [GC (Allocation Failure) [PSYoungGen: 230655K->203840K(465920K)] 323681K->296866K(1864192K), 0.0496051 secs] [Times: user=0.30 sys=0.01, real=0.05 secs] 
4045.208: [GC (Allocation Failure) [PSYoungGen: 436800K->89600K(465920K)] 529826K->349322K(1864192K), 0.1098398 secs] [Times: user=0.65 sys=0.00, real=0.11 secs] 
4046.472: [GC (Allocation Failure) [PSYoungGen: 322560K->154880K(465920K)] 582282K->497325K(1864192K), 0.0595673 secs] [Times: user=0.35 sys=0.00, real=0.06 secs] 
4048.703: [GC (Allocation Failure) [PSYoungGen: 387840K->115584K(465920K)] 730285K->613134K(1864192K), 0.0845326 secs] [Times: user=0.51 sys=0.01, real=0.09 secs] 
4050.240: [GC (Allocation Failure) [PSYoungGen: 348544K->141120K(465920K)] 846094K->735498K(1864192K), 0.0607674 secs] [Times: user=0.36 sys=0.00, real=0.06 secs] 
4053.313: [GC (Allocation Failure) [PSYoungGen: 374080K->120608K(353792K)] 968458K->855770K(1752064K), 0.0709970 secs] [Times: user=0.43 sys=0.00, real=0.07 secs] 
4054.530: [GC (Allocation Failure) [PSYoungGen: 353568K->127936K(472576K)] 1088730K->973015K(1870848K), 0.0618569 secs] [Times: user=0.37 sys=0.00, real=0.06 secs] 
4057.276: [GC (Allocation Failure) [PSYoungGen: 369600K->152672K(463872K)] 1214679K->1125615K(1862144K), 0.0584479 secs] [Times: user=0.35 sys=0.00, real=0.06 secs] 
4058.708: [GC (Allocation Failure) [PSYoungGen: 394336K->8864K(453632K)] 1367279K->981859K(1851904K), 0.0060266 secs] [Times: user=0.03 sys=0.00, real=0.00 secs] 
4061.811: [GC (Allocation Failure) [PSYoungGen: 241824K->159360K(465920K)] 1214819K->1138752K(1864192K), 0.0335771 secs] [Times: user=0.19 sys=0.00, real=0.04 secs] 
4063.195: [GC (Allocation Failure) [PSYoungGen: 392320K->100800K(458752K)] 1371712K->1230364K(1857024K), 0.1344896 secs] [Times: user=0.80 sys=0.00, real=0.13 secs] 
4065.593: [GC (Allocation Failure) [PSYoungGen: 333760K->166208K(462336K)] 1463324K->1393865K(1860608K), 0.0542496 secs] [Times: user=0.32 sys=0.00, real=0.06 secs] 
4065.647: [Full GC (Ergonomics) [PSYoungGen: 166208K->0K(462336K)] [ParOldGen: 1227657K->197561K(1398272K)] 1393865K->197561K(1860608K), [Metaspace: 60424K->60424K(1105920K)], 0.4673748 secs] [Times: user=2.08 sys=0.00, real=0.47 secs] 
4067.877: [GC (Allocation Failure) [PSYoungGen: 232960K->97024K(464896K)] 430521K->294585K(1863168K), 0.0859293 secs] [Times: user=0.51 sys=0.01, real=0.08 secs] 
4069.472: [GC (Allocation Failure) [PSYoungGen: 333568K->174816K(465408K)] 531129K->462810K(1863680K), 0.0498739 secs] [Times: user=0.29 sys=0.00, real=0.05 secs] 
4073.303: [GC (Allocation Failure) [PSYoungGen: 411092K->87040K(465920K)] 699086K->549642K(1864192K), 0.1713246 secs] [Times: user=1.02 sys=0.00, real=0.17 secs] 
4073.910: [GC (Allocation Failure) [PSYoungGen: 320000K->174144K(465920K)] 782602K->720187K(1864192K), 0.0566868 secs] [Times: user=0.33 sys=0.01, real=0.06 secs] 
4077.997: [GC (Allocation Failure) [PSYoungGen: 407104K->82496K(465920K)] 953147K->802911K(1864192K), 0.1614360 secs] [Times: user=0.96 sys=0.00, real=0.16 secs] 
4078.447: [GC (Allocation Failure) [PSYoungGen: 315456K->176576K(465920K)] 1035871K->972732K(1864192K), 0.0575519 secs] [Times: user=0.34 sys=0.00, real=0.06 secs] 
4081.310: [GC (Allocation Failure) [PSYoungGen: 409536K->89696K(465920K)] 1205692K->1062204K(1864192K), 0.1226636 secs] [Times: user=0.73 sys=0.00, real=0.12 secs] 
4082.566: [GC (Allocation Failure) [PSYoungGen: 322656K->161152K(465920K)] 1295164K->1216841K(1864192K), 0.0622472 secs] [Times: user=0.37 sys=0.00, real=0.06 secs] 
4085.609: [GC (Allocation Failure) [PSYoungGen: 388313K->93024K(465920K)] 1444002K->1309437K(1864192K), 0.0957712 secs] [Times: user=0.57 sys=0.00, real=0.10 secs] 
4085.705: [Full GC (Ergonomics) [PSYoungGen: 93024K->0K(465920K)] [ParOldGen: 1216413K->108177K(1398272K)] 1309437K->108177K(1864192K), [Metaspace: 60425K->60425K(1105920K)], 0.2453987 secs] [Times: user=1.11 sys=0.00, real=0.24 secs] 
4087.045: [GC (Allocation Failure) [PSYoungGen: 232960K->151072K(465920K)] 341137K->259249K(1864192K), 0.0425635 secs] [Times: user=0.25 sys=0.01, real=0.04 secs] 
4090.903: [GC (Allocation Failure) [PSYoungGen: 384032K->103328K(458752K)] 492209K->362537K(1857024K), 0.0938284 secs] [Times: user=0.56 sys=0.00, real=0.10 secs] 
4092.168: [GC (Allocation Failure) [PSYoungGen: 336288K->145408K(462336K)] 595497K->497206K(1860608K), 0.0599968 secs] [Times: user=0.36 sys=0.00, real=0.06 secs] 
4094.640: [GC (Allocation Failure) [PSYoungGen: 378368K->121632K(451584K)] 730166K->618554K(1849856K), 0.0762913 secs] [Times: user=0.46 sys=0.01, real=0.08 secs] 
4096.460: [GC (Allocation Failure) [PSYoungGen: 364832K->928K(460800K)] 861754K->497906K(1859072K), 0.0017676 secs] [Times: user=0.01 sys=0.00, real=0.00 secs] 
4099.574: [GC (Allocation Failure) [PSYoungGen: 244128K->154240K(462848K)] 741106K->651234K(1861120K), 0.0301167 secs] [Times: user=0.17 sys=0.00, real=0.04 secs] 
4101.048: [GC (Allocation Failure) [PSYoungGen: 387200K->8544K(465920K)] 884194K->505570K(1864192K), 0.0049992 secs] [Times: user=0.03 sys=0.00, real=0.00 secs] 
4102.981: [GC (Allocation Failure) [PSYoungGen: 241504K->163072K(465920K)] 738530K->666823K(1864192K), 0.0331357 secs] [Times: user=0.20 sys=0.00, real=0.03 secs] 
4105.072: [GC (Allocation Failure) [PSYoungGen: 396032K->98528K(465920K)] 899783K->756343K(1864192K), 0.0971556 secs] [Times: user=0.58 sys=0.00, real=0.10 secs] 
4107.303: [GC (Allocation Failure) [PSYoungGen: 331488K->165184K(465920K)] 989303K->918828K(1864192K), 0.0516508 secs] [Times: user=0.31 sys=0.00, real=0.05 secs] 
4108.947: [GC (Allocation Failure) [PSYoungGen: 398144K->99488K(465920K)] 1151788K->1009056K(1864192K), 0.1423397 secs] [Times: user=0.85 sys=0.01, real=0.14 secs] 
4109.633: [GC (Allocation Failure) [PSYoungGen: 332448K->169632K(465920K)] 1242016K->1175304K(1864192K), 0.0689080 secs] [Times: user=0.40 sys=0.00, real=0.07 secs] 
4113.816: [GC (Allocation Failure) [PSYoungGen: 402592K->85664K(465920K)] 1408264K->1260697K(1864192K), 0.1506624 secs] [Times: user=0.89 sys=0.00, real=0.15 secs] 
4113.966: [Full GC (Ergonomics) [PSYoungGen: 85664K->0K(465920K)] [ParOldGen: 1175032K->63360K(1398272K)] 1260697K->63360K(1864192K), [Metaspace: 60427K->60427K(1105920K)], 0.1720083 secs] [Times: user=0.79 sys=0.00, real=0.17 secs] 
4114.826: [GC (Allocation Failure) [PSYoungGen: 232960K->173984K(465920K)] 296320K->237344K(1864192K), 0.0347954 secs] [Times: user=0.20 sys=0.00, real=0.03 secs] 
4118.518: [GC (Allocation Failure) [PSYoungGen: 406944K->82208K(465920K)] 470304K->319804K(1864192K), 0.1728615 secs] [Times: user=1.04 sys=0.00, real=0.17 secs] 
4119.003: [GC (Allocation Failure) [PSYoungGen: 315168K->174176K(465920K)] 552764K->487973K(1864192K), 0.0565907 secs] [Times: user=0.34 sys=0.00, real=0.06 secs] 
4123.689: [GC (Allocation Failure) [PSYoungGen: 407136K->85600K(465920K)] 720933K->572981K(1864192K), 0.1203158 secs] [Times: user=0.72 sys=0.00, real=0.12 secs] 
4124.625: [GC (Allocation Failure) [PSYoungGen: 318560K->208736K(465920K)] 805941K->775510K(1864192K), 0.0630172 secs] [Times: user=0.37 sys=0.01, real=0.06 secs] 
4127.474: [GC (Allocation Failure) [PSYoungGen: 441696K->92832K(465920K)] 1008470K->827166K(1864192K), 0.1046901 secs] [Times: user=0.61 sys=0.00, real=0.11 secs] 
4128.695: [GC (Allocation Failure) [PSYoungGen: 325792K->151520K(465920K)] 1060126K->971843K(1864192K), 0.0601261 secs] [Times: user=0.36 sys=0.00, real=0.06 secs] 
4131.395: [GC (Allocation Failure) [PSYoungGen: 384480K->106656K(465920K)] 1204803K->1078331K(1864192K), 0.0868688 secs] [Times: user=0.52 sys=0.00, real=0.08 secs] 
4132.639: [GC (Allocation Failure) [PSYoungGen: 339616K->141920K(465920K)] 1311291K->1209536K(1864192K), 0.0608314 secs] [Times: user=0.37 sys=0.00, real=0.06 secs] 
4135.179: [GC (Allocation Failure) [PSYoungGen: 374880K->127744K(360960K)] 1442496K->1337080K(1759232K), 0.0694982 secs] [Times: user=0.41 sys=0.00, real=0.07 secs] 
4135.248: [Full GC (Ergonomics) [PSYoungGen: 127744K->0K(360960K)] [ParOldGen: 1209336K->142776K(1398272K)] 1337080K->142776K(1759232K), [Metaspace: 60427K->60427K(1105920K)], 0.3311994 secs] [Times: user=1.53 sys=0.00, real=0.33 secs] 
4136.656: [GC (Allocation Failure) [PSYoungGen: 232960K->120000K(467968K)] 375736K->262776K(1866240K), 0.0426952 secs] [Times: user=0.26 sys=0.00, real=0.04 secs] 
4140.322: [GC (Allocation Failure) [PSYoungGen: 361152K->146336K(459776K)] 503928K->408932K(1858048K), 0.0603680 secs] [Times: user=0.36 sys=0.00, real=0.06 secs] 
4141.742: [GC (Allocation Failure) [PSYoungGen: 387488K->9216K(458752K)] 650084K->271868K(1857024K), 0.0040432 secs] [Times: user=0.02 sys=0.00, real=0.01 secs] 
4144.636: [GC (Allocation Failure) [PSYoungGen: 251392K->167424K(410112K)] 514044K->437217K(1808384K), 0.0343764 secs] [Times: user=0.20 sys=0.00, real=0.03 secs] 
4147.296: [GC (Allocation Failure) [PSYoungGen: 409600K->102848K(471552K)] 679393K->531073K(1869824K), 0.1633900 secs] [Times: user=0.98 sys=0.00, real=0.16 secs] 
4148.947: [GC (Allocation Failure) [PSYoungGen: 341440K->172416K(465920K)] 769665K->699754K(1864192K), 0.0539210 secs] [Times: user=0.32 sys=0.00, real=0.05 secs] 
4152.080: [GC (Allocation Failure) [PSYoungGen: 409169K->89408K(467456K)] 936507K->788490K(1865728K), 0.1734752 secs] [Times: user=1.04 sys=0.00, real=0.17 secs] 
4152.782: [GC (Allocation Failure) [PSYoungGen: 323904K->175040K(465920K)] 1022986K->959499K(1864192K), 0.0572490 secs] [Times: user=0.34 sys=0.00, real=0.06 secs] 
4156.572: [GC (Allocation Failure) [PSYoungGen: 409536K->83136K(465920K)] 1193995K->1042891K(1864192K), 0.1465936 secs] [Times: user=0.88 sys=0.00, real=0.15 secs] 
4157.000: [GC (Allocation Failure) [PSYoungGen: 316096K->177152K(465920K)] 1275851K->1214004K(1864192K), 0.0587178 secs] [Times: user=0.35 sys=0.00, real=0.06 secs] 
4160.980: [GC (Allocation Failure) [PSYoungGen: 410112K->82400K(465920K)] 1446964K->1296252K(1864192K), 0.1257188 secs] [Times: user=0.75 sys=0.00, real=0.13 secs] 
4161.106: [Full GC (Ergonomics) [PSYoungGen: 82400K->0K(465920K)] [ParOldGen: 1213852K->94716K(1398272K)] 1296252K->94716K(1864192K), [Metaspace: 60427K->60427K(1105920K)], 0.2272961 secs] [Times: user=1.04 sys=0.00, real=0.22 secs] 
4162.325: [GC (Allocation Failure) [PSYoungGen: 232960K->208271K(465920K)] 327676K->302987K(1864192K), 0.0493003 secs] [Times: user=0.29 sys=0.00, real=0.05 secs] 
4165.461: [GC (Allocation Failure) [PSYoungGen: 440650K->93568K(465920K)] 535366K->353212K(1864192K), 0.1051664 secs] [Times: user=0.62 sys=0.00, real=0.11 secs] 
4166.689: [GC (Allocation Failure) [PSYoungGen: 326528K->150944K(465920K)] 586172K->497493K(1864192K), 0.0600312 secs] [Times: user=0.36 sys=0.00, real=0.06 secs] 
4170.422: [GC (Allocation Failure) [PSYoungGen: 383904K->122464K(465920K)] 730453K->620149K(1864192K), 0.0909457 secs] [Times: user=0.54 sys=0.00, real=0.09 secs] 
4171.670: [GC (Allocation Failure) [PSYoungGen: 355424K->142400K(465920K)] 853109K->735421K(1864192K), 0.0604351 secs] [Times: user=0.35 sys=0.00, real=0.06 secs] 
4173.295: [GC (Allocation Failure) [PSYoungGen: 375360K->130944K(446464K)] 968381K->866294K(1844736K), 0.0712648 secs] [Times: user=0.42 sys=0.00, real=0.07 secs] 
4175.293: [GC (Allocation Failure) [PSYoungGen: 363904K->125600K(456192K)] 1099254K->972666K(1854464K), 0.0615452 secs] [Times: user=0.37 sys=0.00, real=0.07 secs] 
4177.302: [GC (Allocation Failure) [PSYoungGen: 358560K->143712K(466944K)] 1205626K->1116562K(1865216K), 0.0579640 secs] [Times: user=0.34 sys=0.00, real=0.06 secs] 
4179.757: [GC (Allocation Failure) [PSYoungGen: 404320K->15136K(472064K)] 1377170K->988030K(1870336K), 0.0150523 secs] [Times: user=0.08 sys=0.00, real=0.01 secs] 
4181.400: [GC (Allocation Failure) [PSYoungGen: 275744K->183712K(456192K)] 1248638K->1169675K(1854464K), 0.0796871 secs] [Times: user=0.47 sys=0.00, real=0.08 secs] 
4185.889: [GC (Allocation Failure) [PSYoungGen: 416672K->84896K(465920K)] 1402635K->1254555K(1864192K), 0.1733215 secs] [Times: user=1.04 sys=0.00, real=0.17 secs] 
4186.062: [Full GC (Ergonomics) [PSYoungGen: 84896K->0K(465920K)] [ParOldGen: 1169659K->58072K(1398272K)] 1254555K->58072K(1864192K), [Metaspace: 60427K->60427K(1105920K)], 0.1573181 secs] [Times: user=0.73 sys=0.00, real=0.16 secs] 
4187.529: [GC (Allocation Failure) [PSYoungGen: 232960K->170432K(465408K)] 291032K->228504K(1863680K), 0.0354130 secs] [Times: user=0.21 sys=0.00, real=0.04 secs] 
4190.068: [GC (Allocation Failure) [PSYoungGen: 403392K->87136K(465920K)] 461464K->315752K(1864192K), 0.1726719 secs] [Times: user=1.02 sys=0.01, real=0.17 secs] 
4190.587: [GC (Allocation Failure) [PSYoungGen: 320096K->174016K(465920K)] 548712K->483392K(1864192K), 0.0566648 secs] [Times: user=0.34 sys=0.00, real=0.05 secs] 
4194.170: [GC (Allocation Failure) [PSYoungGen: 406976K->85888K(465920K)] 716352K->568589K(1864192K), 0.1455951 secs] [Times: user=0.87 sys=0.00, real=0.15 secs] 
4194.918: [GC (Allocation Failure) [PSYoungGen: 315796K->207168K(465920K)] 798497K->769409K(1864192K), 0.0621971 secs] [Times: user=0.37 sys=0.00, real=0.06 secs] 
4198.709: [GC (Allocation Failure) [PSYoungGen: 440128K->86656K(465920K)] 1002369K->821373K(1864192K), 0.1208801 secs] [Times: user=0.72 sys=0.00, real=0.12 secs] 
4199.963: [GC (Allocation Failure) [PSYoungGen: 319616K->158336K(465920K)] 1054333K->972473K(1864192K), 0.0600319 secs] [Times: user=0.36 sys=0.00, real=0.06 secs] 
4202.542: [GC (Allocation Failure) [PSYoungGen: 391296K->100576K(465920K)] 1205433K->1072841K(1864192K), 0.1019250 secs] [Times: user=0.61 sys=0.00, real=0.10 secs] 
4203.785: [GC (Allocation Failure) [PSYoungGen: 333536K->148320K(465920K)] 1305801K->1210133K(1864192K), 0.0608407 secs] [Times: user=0.36 sys=0.00, real=0.06 secs] 
4207.414: [GC (Allocation Failure) [PSYoungGen: 381280K->116832K(350208K)] 1443093K->1326757K(1748480K), 0.0874362 secs] [Times: user=0.52 sys=0.00, real=0.09 secs] 
4207.502: [Full GC (Ergonomics) [PSYoungGen: 116832K->0K(350208K)] [ParOldGen: 1209925K->131965K(1398272K)] 1326757K->131965K(1748480K), [Metaspace: 60429K->60429K(1105920K)], 0.3004321 secs] [Times: user=1.38 sys=0.00, real=0.30 secs] 
4208.914: [GC (Allocation Failure) [PSYoungGen: 232960K->131616K(474112K)] 364925K->263581K(1872384K), 0.0479598 secs] [Times: user=0.28 sys=0.01, real=0.05 secs] 
4211.322: [GC (Allocation Failure) [PSYoungGen: 373792K->142560K(385024K)] 505757K->406009K(1783296K), 0.0695312 secs] [Times: user=0.41 sys=0.00, real=0.07 secs] 
4212.891: [GC (Allocation Failure) [PSYoungGen: 384736K->7872K(451072K)] 648185K->271345K(1849344K), 0.0044370 secs] [Times: user=0.02 sys=0.00, real=0.01 secs] 
4215.845: [GC (Allocation Failure) [PSYoungGen: 240320K->157888K(462848K)] 503793K->427102K(1861120K), 0.0321843 secs] [Times: user=0.19 sys=0.00, real=0.03 secs] 
4217.669: [GC (Allocation Failure) [PSYoungGen: 390336K->103552K(456704K)] 659550K->521558K(1854976K), 0.1754658 secs] [Times: user=1.04 sys=0.01, real=0.18 secs] 
4220.270: [GC (Allocation Failure) [PSYoungGen: 339072K->173920K(461312K)] 757078K->693090K(1859584K), 0.0540802 secs] [Times: user=0.32 sys=0.00, real=0.05 secs] 
4222.674: [GC (Allocation Failure) [PSYoungGen: 409440K->98144K(468992K)] 928610K->773930K(1867264K), 0.1768308 secs] [Times: user=1.05 sys=0.00, real=0.18 secs] 
4223.798: [GC (Allocation Failure) [PSYoungGen: 335200K->170400K(465920K)] 1010986K->940395K(1864192K), 0.0518946 secs] [Times: user=0.31 sys=0.00, real=0.05 secs] 
4227.871: [GC (Allocation Failure) [PSYoungGen: 405126K->87872K(466944K)] 1175122K->1027523K(1865216K), 0.1779713 secs] [Times: user=1.07 sys=0.00, real=0.18 secs] 
4228.974: [GC (Allocation Failure) [PSYoungGen: 321856K->174688K(465920K)] 1261507K->1198288K(1864192K), 0.0568918 secs] [Times: user=0.34 sys=0.00, real=0.06 secs] 
4232.834: [GC (Allocation Failure) [PSYoungGen: 408672K->83712K(465920K)] 1432272K->1282232K(1864192K), 0.1638465 secs] [Times: user=0.97 sys=0.00, real=0.17 secs] 
4232.997: [Full GC (Ergonomics) [PSYoungGen: 83712K->0K(465920K)] [ParOldGen: 1198520K->80013K(1398272K)] 1282232K->80013K(1864192K), [Metaspace: 60429K->60429K(1105920K)], 0.2108089 secs] [Times: user=0.99 sys=0.00, real=0.21 secs] 
4233.474: [GC (Allocation Failure) [PSYoungGen: 232960K->179552K(465920K)] 312973K->259565K(1864192K), 0.0377477 secs] [Times: user=0.22 sys=0.00, real=0.04 secs] 
4239.059: [GC (Allocation Failure) [PSYoungGen: 412512K->74976K(465920K)] 492525K->334893K(1864192K), 0.1529361 secs] [Times: user=0.91 sys=0.00, real=0.15 secs] 
4240.223: [GC (Allocation Failure) [PSYoungGen: 307936K->210880K(465920K)] 567853K->539434K(1864192K), 0.0643480 secs] [Times: user=0.39 sys=0.00, real=0.07 secs] 
4244.289: [GC (Allocation Failure) [PSYoungGen: 443840K->90144K(465920K)] 772394K->588666K(1864192K), 0.1181167 secs] [Times: user=0.71 sys=0.00, real=0.12 secs] 
4245.526: [GC (Allocation Failure) [PSYoungGen: 323104K->153920K(465920K)] 821626K->736090K(1864192K), 0.0598214 secs] [Times: user=0.36 sys=0.00, real=0.06 secs] 
4246.825: [GC (Allocation Failure) [PSYoungGen: 386880K->106752K(465920K)] 969050K->842778K(1864192K), 0.0953553 secs] [Times: user=0.57 sys=0.01, real=0.09 secs] 
4248.259: [GC (Allocation Failure) [PSYoungGen: 339712K->141600K(465920K)] 1075738K->973483K(1864192K), 0.0605252 secs] [Times: user=0.36 sys=0.00, real=0.06 secs] 
4250.266: [GC (Allocation Failure) [PSYoungGen: 374560K->126560K(457728K)] 1206443K->1100263K(1856000K), 0.0671900 secs] [Times: user=0.40 sys=0.00, real=0.06 secs] 
4251.465: [GC (Allocation Failure) [PSYoungGen: 359520K->1504K(461824K)] 1333223K->975431K(1860096K), 0.0023495 secs] [Times: user=0.01 sys=0.00, real=0.00 secs] 
4254.344: [GC (Allocation Failure) [PSYoungGen: 234464K->153408K(465920K)] 1208391K->1128168K(1864192K), 0.0323552 secs] [Times: user=0.19 sys=0.00, real=0.04 secs] 
4257.000: [GC (Allocation Failure) [PSYoungGen: 386368K->3136K(465920K)] 1361128K->978028K(1864192K), 0.0023704 secs] [Times: user=0.01 sys=0.00, real=0.00 secs] 
4258.717: [GC (Allocation Failure) [PSYoungGen: 236096K->167008K(465920K)] 1210988K->1143857K(1864192K), 0.0419182 secs] [Times: user=0.25 sys=0.00, real=0.04 secs] 
4261.326: [GC (Allocation Failure) [PSYoungGen: 399968K->98528K(465920K)] 1376817K->1225785K(1864192K), 0.1349004 secs] [Times: user=0.80 sys=0.00, real=0.13 secs] 
4262.474: [GC (Allocation Failure) [PSYoungGen: 331488K->168608K(465920K)] 1458745K->1392871K(1864192K), 0.0534496 secs] [Times: user=0.32 sys=0.00, real=0.06 secs] 
4262.527: [Full GC (Ergonomics) [PSYoungGen: 168608K->0K(465920K)] [ParOldGen: 1224263K->194540K(1398272K)] 1392871K->194540K(1864192K), [Metaspace: 60429K->60429K(1105920K)], 0.4561176 secs] [Times: user=2.10 sys=0.01, real=0.45 secs] 
4265.695: [GC (Allocation Failure) [PSYoungGen: 232960K->92512K(465920K)] 427500K->287052K(1864192K), 0.0935264 secs] [Times: user=0.55 sys=0.00, real=0.09 secs] 
4267.370: [GC (Allocation Failure) [PSYoungGen: 317714K->162240K(465920K)] 512254K->445840K(1864192K), 0.0484299 secs] [Times: user=0.29 sys=0.00, real=0.05 secs] 
4269.866: [GC (Allocation Failure) [PSYoungGen: 395200K->99744K(465920K)] 678800K->536557K(1864192K), 0.1783059 secs] [Times: user=1.06 sys=0.01, real=0.18 secs] 
4271.748: [GC (Allocation Failure) [PSYoungGen: 332704K->162400K(465920K)] 769517K->695057K(1864192K), 0.0509764 secs] [Times: user=0.30 sys=0.00, real=0.05 secs] 
4275.098: [GC (Allocation Failure) [PSYoungGen: 395360K->90208K(465920K)] 928017K->784097K(1864192K), 0.1691613 secs] [Times: user=1.01 sys=0.00, real=0.17 secs] 
4276.523: [GC (Allocation Failure) [PSYoungGen: 323168K->173376K(465920K)] 1017057K->953742K(1864192K), 0.0574408 secs] [Times: user=0.35 sys=0.00, real=0.06 secs] 
4279.650: [GC (Allocation Failure) [PSYoungGen: 406336K->84768K(465920K)] 1186702K->1038718K(1864192K), 0.1554311 secs] [Times: user=0.93 sys=0.00, real=0.16 secs] 
4280.269: [GC (Allocation Failure) [PSYoungGen: 317728K->178944K(465920K)] 1271678K->1211619K(1864192K), 0.0587169 secs] [Times: user=0.35 sys=0.00, real=0.06 secs] 
4284.242: [GC (Allocation Failure) [PSYoungGen: 411904K->82016K(465920K)] 1444579K->1293835K(1864192K), 0.1189578 secs] [Times: user=0.71 sys=0.00, real=0.12 secs] 
4284.361: [Full GC (Ergonomics) [PSYoungGen: 82016K->0K(465920K)] [ParOldGen: 1211819K->91085K(1398272K)] 1293835K->91085K(1864192K), [Metaspace: 60430K->60430K(1105920K)], 0.2159355 secs] [Times: user=0.98 sys=0.00, real=0.22 secs] 
4285.123: [GC (Allocation Failure) [PSYoungGen: 229139K->203200K(465920K)] 320225K->294285K(1864192K), 0.0383220 secs] [Times: user=0.23 sys=0.00, real=0.04 secs] 
4289.493: [GC (Allocation Failure) [PSYoungGen: 436160K->89056K(465920K)] 527245K->348393K(1864192K), 0.1154276 secs] [Times: user=0.69 sys=0.00, real=0.12 secs] 
4290.736: [GC (Allocation Failure) [PSYoungGen: 322016K->155744K(465920K)] 581353K->497680K(1864192K), 0.0596759 secs] [Times: user=0.36 sys=0.00, real=0.06 secs] 
4295.126: [GC (Allocation Failure) [PSYoungGen: 380711K->93632K(465920K)] 722648K->591100K(1864192K), 0.0941127 secs] [Times: user=0.56 sys=0.00, real=0.09 secs] 
4296.342: [GC (Allocation Failure) [PSYoungGen: 326592K->150656K(465920K)] 824060K->735145K(1864192K), 0.0601830 secs] [Times: user=0.36 sys=0.00, real=0.06 secs] 
4299.478: [GC (Allocation Failure) [PSYoungGen: 383616K->106688K(465920K)] 968105K->842041K(1864192K), 0.0905687 secs] [Times: user=0.53 sys=0.00, real=0.09 secs] 
4300.703: [GC (Allocation Failure) [PSYoungGen: 339648K->141600K(462848K)] 1075001K->973010K(1861120K), 0.0608459 secs] [Times: user=0.36 sys=0.00, real=0.06 secs] 
4303.616: [GC (Allocation Failure) [PSYoungGen: 374560K->124736K(357888K)] 1205970K->1097530K(1756160K), 0.0708766 secs] [Times: user=0.42 sys=0.00, real=0.07 secs] 
4304.832: [GC (Allocation Failure) [PSYoungGen: 357696K->480K(448000K)] 1330490K->973350K(1846272K), 0.0021184 secs] [Times: user=0.01 sys=0.00, real=0.00 secs] 
4307.732: [GC (Allocation Failure) [PSYoungGen: 226784K->134944K(459264K)] 1199654K->1107846K(1857536K), 0.0336420 secs] [Times: user=0.20 sys=0.00, real=0.04 secs] 
4309.384: [GC (Allocation Failure) [PSYoungGen: 361248K->2112K(462336K)] 1334150K->975510K(1860608K), 0.0022870 secs] [Times: user=0.01 sys=0.00, real=0.01 secs] 
4312.635: [GC (Allocation Failure) [PSYoungGen: 235072K->156480K(465920K)] 1208470K->1130755K(1864192K), 0.0303364 secs] [Times: user=0.18 sys=0.00, real=0.03 secs] 
4314.159: [GC (Allocation Failure) [PSYoungGen: 389440K->8832K(465920K)] 1363715K->983203K(1864192K), 0.0076781 secs] [Times: user=0.03 sys=0.00, real=0.01 secs] 
4317.645: [GC (Allocation Failure) [PSYoungGen: 241792K->161728K(465920K)] 1216163K->1142464K(1864192K), 0.0335054 secs] [Times: user=0.20 sys=0.00, real=0.03 secs] 
4319.583: [GC (Allocation Failure) [PSYoungGen: 394688K->100032K(465920K)] 1375424K->1233328K(1864192K), 0.1550870 secs] [Times: user=0.93 sys=0.00, real=0.16 secs] 
4322.373: [GC (Allocation Failure) [PSYoungGen: 332992K->164960K(465920K)] 1466288K->1395289K(1864192K), 0.0522666 secs] [Times: user=0.31 sys=0.00, real=0.06 secs] 
4322.425: [Full GC (Ergonomics) [PSYoungGen: 164960K->0K(465920K)] [ParOldGen: 1230329K->197523K(1398272K)] 1395289K->197523K(1864192K), [Metaspace: 60430K->60430K(1105920K)], 0.4653541 secs] [Times: user=2.09 sys=0.00, real=0.46 secs] 
4324.863: [GC (Allocation Failure) [PSYoungGen: 232960K->95360K(465920K)] 430483K->292883K(1864192K), 0.0912000 secs] [Times: user=0.53 sys=0.00, real=0.09 secs] 
4326.075: [GC (Allocation Failure) [PSYoungGen: 328320K->167488K(465920K)] 525843K->455884K(1864192K), 0.0497056 secs] [Times: user=0.30 sys=0.00, real=0.05 secs] 
4329.583: [GC (Allocation Failure) [PSYoungGen: 400448K->91744K(465920K)] 688844K->546784K(1864192K), 0.1461081 secs] [Times: user=0.87 sys=0.00, real=0.15 secs] 
4330.471: [GC (Allocation Failure) [PSYoungGen: 324704K->184672K(465920K)] 779744K->727704K(1864192K), 0.0566049 secs] [Times: user=0.33 sys=0.00, real=0.06 secs] 
4334.182: [GC (Allocation Failure) [PSYoungGen: 417632K->86528K(465920K)] 960664K->797064K(1864192K), 0.1772412 secs] [Times: user=1.06 sys=0.00, real=0.18 secs] 
4334.810: [GC (Allocation Failure) [PSYoungGen: 319488K->176544K(465920K)] 1030024K->967825K(1864192K), 0.0574318 secs] [Times: user=0.34 sys=0.00, real=0.06 secs] 
4338.952: [GC (Allocation Failure) [PSYoungGen: 409504K->82144K(465920K)] 1200785K->1049801K(1864192K), 0.1543052 secs] [Times: user=0.92 sys=0.00, real=0.16 secs] 
4339.597: [GC (Allocation Failure) [PSYoungGen: 315104K->207296K(465920K)] 1282761K->1251033K(1864192K), 0.0581910 secs] [Times: user=0.35 sys=0.00, real=0.06 secs] 
4343.691: [GC (Allocation Failure) [PSYoungGen: 440256K->86464K(465920K)] 1483993K->1302481K(1864192K), 0.1197081 secs] [Times: user=0.71 sys=0.00, real=0.12 secs] 
4343.811: [Full GC (Ergonomics) [PSYoungGen: 86464K->0K(465920K)] [ParOldGen: 1216017K->101588K(1398272K)] 1302481K->101588K(1864192K), [Metaspace: 60431K->60431K(1105920K)], 0.2418255 secs] [Times: user=1.11 sys=0.00, real=0.24 secs] 
4345.151: [GC (Allocation Failure) [PSYoungGen: 232960K->158048K(465920K)] 334548K->259636K(1864192K), 0.0452699 secs] [Times: user=0.27 sys=0.00, real=0.05 secs] 
4348.273: [GC (Allocation Failure) [PSYoungGen: 391008K->100576K(465920K)] 492596K->360348K(1864192K), 0.1056019 secs] [Times: user=0.63 sys=0.00, real=0.11 secs] 
4349.524: [GC (Allocation Failure) [PSYoungGen: 333536K->148768K(465920K)] 593308K->498009K(1864192K), 0.0607520 secs] [Times: user=0.35 sys=0.01, real=0.07 secs] 
4353.159: [GC (Allocation Failure) [PSYoungGen: 381728K->117408K(465920K)] 730969K->615145K(1864192K), 0.0846323 secs] [Times: user=0.51 sys=0.00, real=0.08 secs] 
4354.382: [GC (Allocation Failure) [PSYoungGen: 350368K->130848K(364032K)] 848105K->735646K(1762304K), 0.0615746 secs] [Times: user=0.37 sys=0.00, real=0.06 secs] 
4358.589: [GC (Allocation Failure) [PSYoungGen: 363808K->128832K(470016K)] 968606K->864686K(1868288K), 0.0711548 secs] [Times: user=0.42 sys=0.00, real=0.07 secs] 
4359.955: [GC (Allocation Failure) [PSYoungGen: 371008K->2608K(460800K)] 1106862K->738534K(1859072K), 0.0040765 secs] [Times: user=0.02 sys=0.00, real=0.00 secs] 
4363.118: [GC (Allocation Failure) [PSYoungGen: 244784K->166048K(463360K)] 980710K->903793K(1861632K), 0.0320012 secs] [Times: user=0.19 sys=0.00, real=0.03 secs] 
4365.314: [GC (Allocation Failure) [PSYoungGen: 399008K->98400K(331776K)] 1136753K->985193K(1730048K), 0.0846651 secs] [Times: user=0.50 sys=0.01, real=0.09 secs] 
4367.482: [GC (Allocation Failure) [PSYoungGen: 331360K->164288K(462336K)] 1218153K->1147334K(1860608K), 0.0531545 secs] [Times: user=0.32 sys=0.00, real=0.06 secs] 
4369.303: [GC (Allocation Failure) [PSYoungGen: 396736K->100576K(333312K)] 1379782K->1238746K(1731584K), 0.1806339 secs] [Times: user=1.07 sys=0.01, real=0.18 secs] 
4370.584: [GC (Allocation Failure) [PSYoungGen: 322902K->160736K(460288K)] 1461072K->1396307K(1858560K), 0.0525793 secs] [Times: user=0.31 sys=0.00, real=0.06 secs] 
4370.637: [Full GC (Ergonomics) [PSYoungGen: 160736K->0K(460288K)] [ParOldGen: 1235571K->197384K(1398272K)] 1396307K->197384K(1858560K), [Metaspace: 60431K->60431K(1105920K)], 0.4632434 secs] [Times: user=2.15 sys=0.00, real=0.46 secs] 
4373.036: [GC (Allocation Failure) [PSYoungGen: 231936K->97536K(464384K)] 429320K->294921K(1862656K), 0.0933258 secs] [Times: user=0.55 sys=0.00, real=0.09 secs] 
4374.123: [GC (Allocation Failure) [PSYoungGen: 329472K->203840K(457728K)] 526857K->494909K(1856000K), 0.0520654 secs] [Times: user=0.31 sys=0.00, real=0.06 secs] 
4377.737: [GC (Allocation Failure) [PSYoungGen: 435264K->84064K(464384K)] 726333K->545965K(1862656K), 0.1847426 secs] [Times: user=1.10 sys=0.00, real=0.18 secs] 
4378.818: [GC (Allocation Failure) [PSYoungGen: 315488K->166880K(465920K)] 777389K->708902K(1864192K), 0.0550034 secs] [Times: user=0.32 sys=0.00, real=0.05 secs] 
4382.822: [GC (Allocation Failure) [PSYoungGen: 399840K->88480K(465920K)] 941862K->796714K(1864192K), 0.1684404 secs] [Times: user=1.01 sys=0.00, real=0.17 secs] 
4383.653: [GC (Allocation Failure) [PSYoungGen: 321440K->173440K(465920K)] 1029674K->964427K(1864192K), 0.0578759 secs] [Times: user=0.34 sys=0.00, real=0.06 secs] 
4388.802: [GC (Allocation Failure) [PSYoungGen: 406400K->82400K(465920K)] 1197387K->1046347K(1864192K), 0.1605425 secs] [Times: user=0.96 sys=0.00, real=0.16 secs] 
4389.260: [GC (Allocation Failure) [PSYoungGen: 315360K->209440K(465920K)] 1279307K->1249537K(1864192K), 0.0584610 secs] [Times: user=0.35 sys=0.00, real=0.06 secs] 
4393.234: [GC (Allocation Failure) [PSYoungGen: 442400K->82464K(465920K)] 1482497K->1298753K(1864192K), 0.1256892 secs] [Times: user=0.75 sys=0.00, real=0.13 secs] 
4393.359: [Full GC (Ergonomics) [PSYoungGen: 82464K->0K(465920K)] [ParOldGen: 1216289K->97605K(1398272K)] 1298753K->97605K(1864192K), [Metaspace: 60431K->60431K(1105920K)], 0.2379609 secs] [Times: user=1.10 sys=0.00, real=0.24 secs] 
4394.705: [GC (Allocation Failure) [PSYoungGen: 232960K->161952K(465920K)] 330565K->259557K(1864192K), 0.0464973 secs] [Times: user=0.28 sys=0.00, real=0.04 secs] 
4397.172: [GC (Allocation Failure) [PSYoungGen: 390609K->93184K(465920K)] 488214K->353009K(1864192K), 0.1048107 secs] [Times: user=0.63 sys=0.00, real=0.11 secs] 
4398.401: [GC (Allocation Failure) [PSYoungGen: 326144K->150912K(465920K)] 585969K->497432K(1864192K), 0.0597893 secs] [Times: user=0.36 sys=0.00, real=0.06 secs] 
4401.236: [GC (Allocation Failure) [PSYoungGen: 383872K->110528K(465920K)] 730392K->607745K(1864192K), 0.0851605 secs] [Times: user=0.51 sys=0.00, real=0.08 secs] 
4402.486: [GC (Allocation Failure) [PSYoungGen: 343488K->137376K(464896K)] 840705K->734685K(1863168K), 0.0609097 secs] [Times: user=0.37 sys=0.00, real=0.06 secs] 
4405.588: [GC (Allocation Failure) [PSYoungGen: 370336K->125216K(358400K)] 967645K->859973K(1756672K), 0.0725039 secs] [Times: user=0.43 sys=0.00, real=0.07 secs] 
4406.811: [GC (Allocation Failure) [PSYoungGen: 358176K->1600K(446976K)] 1092933K->736549K(1845248K), 0.0019665 secs] [Times: user=0.01 sys=0.00, real=0.00 secs] 
4409.024: [GC (Allocation Failure) [PSYoungGen: 225856K->139136K(457216K)] 960805K->874926K(1855488K), 0.0313151 secs] [Times: user=0.19 sys=0.00, real=0.03 secs] 
4410.637: [GC (Allocation Failure) [PSYoungGen: 363392K->2208K(464384K)] 1099182K->738086K(1862656K), 0.0019080 secs] [Times: user=0.01 sys=0.00, real=0.00 secs] 
4412.620: [GC (Allocation Failure) [PSYoungGen: 235168K->158720K(465920K)] 971046K->895527K(1864192K), 0.0301260 secs] [Times: user=0.17 sys=0.00, real=0.03 secs] 
4414.365: [GC (Allocation Failure) [PSYoungGen: 391680K->7712K(465920K)] 1128487K->744623K(1864192K), 0.0064117 secs] [Times: user=0.03 sys=0.00, real=0.00 secs] 
4417.820: [GC (Allocation Failure) [PSYoungGen: 240672K->167456K(465920K)] 977583K->910221K(1864192K), 0.0331599 secs] [Times: user=0.20 sys=0.00, real=0.03 secs] 
4421.605: [GC (Allocation Failure) [PSYoungGen: 400416K->97472K(465920K)] 1143181K->990925K(1864192K), 0.1559597 secs] [Times: user=0.93 sys=0.00, real=0.15 secs] 
4423.710: [GC (Allocation Failure) [PSYoungGen: 330432K->170112K(465920K)] 1223885K->1157762K(1864192K), 0.0522216 secs] [Times: user=0.31 sys=0.00, real=0.05 secs] 
4426.090: [GC (Allocation Failure) [PSYoungGen: 403072K->93184K(465920K)] 1390722K->1242082K(1864192K), 0.1671807 secs] [Times: user=1.00 sys=0.01, real=0.17 secs] 
4426.257: [Full GC (Ergonomics) [PSYoungGen: 93184K->0K(465920K)] [ParOldGen: 1148898K->43195K(1398272K)] 1242082K->43195K(1864192K), [Metaspace: 60431K->60431K(1105920K)], 0.1246449 secs] [Times: user=0.51 sys=0.00, real=0.12 secs] 
4428.270: [GC (Allocation Failure) [PSYoungGen: 217074K->158688K(465920K)] 260270K->201883K(1864192K), 0.0316400 secs] [Times: user=0.18 sys=0.00, real=0.03 secs] 
4430.953: [GC (Allocation Failure) [PSYoungGen: 391648K->92704K(465920K)] 434843K->285983K(1864192K), 0.1700461 secs] [Times: user=1.02 sys=0.00, real=0.17 secs] 
4433.042: [GC (Allocation Failure) [PSYoungGen: 325664K->172352K(465920K)] 518943K->453972K(1864192K), 0.0492643 secs] [Times: user=0.30 sys=0.00, real=0.05 secs] 
4435.945: [GC (Allocation Failure) [PSYoungGen: 405312K->87904K(465920K)] 686932K->541936K(1864192K), 0.1783245 secs] [Times: user=1.06 sys=0.00, real=0.17 secs] 
4437.001: [GC (Allocation Failure) [PSYoungGen: 320864K->170144K(465920K)] 774896K->708119K(1864192K), 0.0558236 secs] [Times: user=0.33 sys=0.01, real=0.06 secs] 
4439.980: [GC (Allocation Failure) [PSYoungGen: 403104K->89600K(465920K)] 941079K->797247K(1864192K), 0.1383729 secs] [Times: user=0.82 sys=0.00, real=0.14 secs] 
4440.415: [GC (Allocation Failure) [PSYoungGen: 322560K->174208K(465920K)] 1030207K->965336K(1864192K), 0.0581478 secs] [Times: user=0.34 sys=0.00, real=0.05 secs] 
4444.006: [GC (Allocation Failure) [PSYoungGen: 407168K->89824K(465920K)] 1198296K->1054552K(1864192K), 0.1204349 secs] [Times: user=0.71 sys=0.00, real=0.12 secs] 
4445.235: [GC (Allocation Failure) [PSYoungGen: 322784K->163136K(465920K)] 1287512K->1210797K(1864192K), 0.0626868 secs] [Times: user=0.37 sys=0.00, real=0.06 secs] 
4448.832: [GC (Allocation Failure) [PSYoungGen: 389798K->92928K(465920K)] 1437459K->1303549K(1864192K), 0.1081839 secs] [Times: user=0.63 sys=0.00, real=0.11 secs] 
4448.940: [Full GC (Ergonomics) [PSYoungGen: 92928K->0K(465920K)] [ParOldGen: 1210621K->107973K(1398272K)] 1303549K->107973K(1864192K), [Metaspace: 60431K->60431K(1105920K)], 0.2533338 secs] [Times: user=1.16 sys=0.00, real=0.25 secs] 
4450.282: [GC (Allocation Failure) [PSYoungGen: 232960K->151360K(465920K)] 340933K->259333K(1864192K), 0.0424196 secs] [Times: user=0.25 sys=0.00, real=0.04 secs] 
4454.294: [GC (Allocation Failure) [PSYoungGen: 384320K->103040K(462848K)] 492293K->362177K(1861120K), 0.0954684 secs] [Times: user=0.57 sys=0.00, real=0.10 secs] 
4455.517: [GC (Allocation Failure) [PSYoungGen: 336000K->145376K(464384K)] 595137K->496869K(1862656K), 0.0599049 secs] [Times: user=0.35 sys=0.00, real=0.06 secs] 
4458.300: [GC (Allocation Failure) [PSYoungGen: 378336K->117728K(450048K)] 729829K->614542K(1848320K), 0.0842174 secs] [Times: user=0.50 sys=0.00, real=0.08 secs] 
4459.528: [GC (Allocation Failure) [PSYoungGen: 356320K->416K(458240K)] 853134K->497581K(1856512K), 0.0018019 secs] [Times: user=0.01 sys=0.00, real=0.00 secs] 
4462.611: [GC (Allocation Failure) [PSYoungGen: 239008K->144544K(467456K)] 736173K->642042K(1865728K), 0.0303768 secs] [Times: user=0.18 sys=0.00, real=0.03 secs] 
4463.875: [GC (Allocation Failure) [PSYoungGen: 380576K->6688K(243200K)] 878074K->504754K(1641472K), 0.0030689 secs] [Times: user=0.01 sys=0.00, real=0.00 secs] 
4466.760: [GC (Allocation Failure) [PSYoungGen: 242720K->160096K(465920K)] 740786K->663199K(1864192K), 0.0323694 secs] [Times: user=0.19 sys=0.00, real=0.03 secs] 
4468.319: [GC (Allocation Failure) [PSYoungGen: 393056K->100192K(465920K)] 896159K->754143K(1864192K), 0.1113520 secs] [Times: user=0.66 sys=0.01, real=0.11 secs] 
4471.964: [GC (Allocation Failure) [PSYoungGen: 333152K->174528K(465920K)] 987103K->925822K(1864192K), 0.0530256 secs] [Times: user=0.32 sys=0.00, real=0.06 secs] 
4474.254: [GC (Allocation Failure) [PSYoungGen: 407488K->95264K(465920K)] 1158782K->1003814K(1864192K), 0.1626642 secs] [Times: user=0.98 sys=0.00, real=0.17 secs] 
4476.652: [GC (Allocation Failure) [PSYoungGen: 315554K->159840K(465920K)] 1224105K->1157783K(1864192K), 0.0486164 secs] [Times: user=0.28 sys=0.01, real=0.05 secs] 
4479.243: [GC (Allocation Failure) [PSYoungGen: 392800K->96800K(330240K)] 1390743K->1245751K(1728512K), 0.1649924 secs] [Times: user=0.97 sys=0.00, real=0.17 secs] 
4479.408: [Full GC (Ergonomics) [PSYoungGen: 96800K->0K(330240K)] [ParOldGen: 1148951K->47667K(1398272K)] 1245751K->47667K(1728512K), [Metaspace: 60432K->60432K(1105920K)], 0.1352021 secs] [Times: user=0.57 sys=0.00, real=0.13 secs] 
4480.880: [GC (Allocation Failure) [PSYoungGen: 232960K->167008K(464896K)] 280627K->214675K(1863168K), 0.0358671 secs] [Times: user=0.21 sys=0.00, real=0.04 secs] 
4484.294: [GC (Allocation Failure) [PSYoungGen: 399456K->89376K(465408K)] 447123K->303355K(1863680K), 0.1598515 secs] [Times: user=0.95 sys=0.00, real=0.16 secs] 
4485.358: [GC (Allocation Failure) [PSYoungGen: 321824K->170592K(465920K)] 535803K->470154K(1864192K), 0.0560101 secs] [Times: user=0.33 sys=0.00, real=0.05 secs] 
4488.152: [GC (Allocation Failure) [PSYoungGen: 403552K->89984K(465920K)] 703114K->559722K(1864192K), 0.1511166 secs] [Times: user=0.90 sys=0.00, real=0.15 secs] 
4488.607: [GC (Allocation Failure) [PSYoungGen: 322944K->193216K(465920K)] 792682K->746711K(1864192K), 0.0591215 secs] [Times: user=0.35 sys=0.00, real=0.06 secs] 
4491.947: [GC (Allocation Failure) [PSYoungGen: 426176K->89376K(465920K)] 979671K->819531K(1864192K), 0.1156492 secs] [Times: user=0.69 sys=0.00, real=0.11 secs] 
4493.192: [GC (Allocation Failure) [PSYoungGen: 322336K->159552K(465920K)] 1052491K->972546K(1864192K), 0.0617865 secs] [Times: user=0.37 sys=0.00, real=0.06 secs] 
4497.535: [GC (Allocation Failure) [PSYoungGen: 392164K->93280K(465920K)] 1205159K->1065674K(1864192K), 0.1038799 secs] [Times: user=0.62 sys=0.00, real=0.10 secs] 
4498.792: [GC (Allocation Failure) [PSYoungGen: 326240K->150432K(465920K)] 1298634K->1209691K(1864192K), 0.0603703 secs] [Times: user=0.35 sys=0.00, real=0.06 secs] 
4502.870: [GC (Allocation Failure) [PSYoungGen: 383392K->107488K(340480K)] 1442651K->1317387K(1738752K), 0.0938043 secs] [Times: user=0.56 sys=0.00, real=0.09 secs] 
4502.963: [Full GC (Ergonomics) [PSYoungGen: 107488K->0K(340480K)] [ParOldGen: 1209899K->122619K(1398272K)] 1317387K->122619K(1738752K), [Metaspace: 60439K->60439K(1105920K)], 0.2789800 secs] [Times: user=1.28 sys=0.00, real=0.28 secs] 
4504.328: [GC (Allocation Failure) [PSYoungGen: 232960K->141120K(467968K)] 355579K->263739K(1866240K), 0.0517577 secs] [Times: user=0.31 sys=0.00, real=0.05 secs] 
4508.232: [GC (Allocation Failure) [PSYoungGen: 378688K->124224K(361984K)] 501307K->388019K(1760256K), 0.0895585 secs] [Times: user=0.53 sys=0.00, real=0.09 secs] 
4509.494: [GC (Allocation Failure) [PSYoungGen: 361792K->480K(446464K)] 625587K->264363K(1844736K), 0.0019284 secs] [Times: user=0.01 sys=0.00, real=0.01 secs] 
4511.832: [GC (Allocation Failure) [PSYoungGen: 230880K->141536K(458752K)] 494763K->405427K(1857024K), 0.0282951 secs] [Times: user=0.17 sys=0.00, real=0.03 secs] 
4515.232: [GC (Allocation Failure) [PSYoungGen: 371936K->2848K(460288K)] 635827K->266779K(1858560K), 0.0025031 secs] [Times: user=0.01 sys=0.00, real=0.00 secs] 
4516.712: [GC (Allocation Failure) [PSYoungGen: 235808K->163680K(465920K)] 499739K->429192K(1864192K), 0.0307260 secs] [Times: user=0.18 sys=0.00, real=0.03 secs] 
4519.312: [GC (Allocation Failure) [PSYoungGen: 396640K->100128K(465920K)] 662152K->511948K(1864192K), 0.0672888 secs] [Times: user=0.40 sys=0.01, real=0.07 secs] 
4521.317: [GC (Allocation Failure) [PSYoungGen: 333088K->167520K(465920K)] 744908K->677836K(1864192K), 0.0534687 secs] [Times: user=0.31 sys=0.00, real=0.05 secs] 
4523.389: [GC (Allocation Failure) [PSYoungGen: 400480K->97248K(464896K)] 910796K->766228K(1863168K), 0.0950969 secs] [Times: user=0.57 sys=0.00, real=0.09 secs] 
4524.109: [GC (Allocation Failure) [PSYoungGen: 330208K->201632K(465408K)] 999188K->965534K(1863680K), 0.0538908 secs] [Times: user=0.31 sys=0.00, real=0.05 secs] 
4528.209: [GC (Allocation Failure) [PSYoungGen: 434592K->90336K(465920K)] 1198494K->1023078K(1864192K), 0.1666720 secs] [Times: user=0.99 sys=0.01, real=0.17 secs] 
4528.892: [GC (Allocation Failure) [PSYoungGen: 323296K->168256K(465920K)] 1256038K->1188107K(1864192K), 0.0560540 secs] [Times: user=0.33 sys=0.00, real=0.06 secs] 
4533.676: [GC (Allocation Failure) [PSYoungGen: 401216K->82784K(465920K)] 1421067K->1270763K(1864192K), 0.1736580 secs] [Times: user=1.03 sys=0.00, real=0.17 secs] 
4533.849: [Full GC (Ergonomics) [PSYoungGen: 82784K->0K(465920K)] [ParOldGen: 1187979K->66525K(1398272K)] 1270763K->66525K(1864192K), [Metaspace: 60439K->60439K(1105920K)], 0.1817410 secs] [Times: user=0.86 sys=0.00, real=0.18 secs] 
4534.766: [GC (Allocation Failure) [PSYoungGen: 232960K->177536K(465920K)] 299485K->244061K(1864192K), 0.0384887 secs] [Times: user=0.22 sys=0.00, real=0.03 secs] 
4538.595: [GC (Allocation Failure) [PSYoungGen: 410496K->85408K(465920K)] 477021K->329621K(1864192K), 0.1455148 secs] [Times: user=0.87 sys=0.00, real=0.14 secs] 
4539.074: [GC (Allocation Failure) [PSYoungGen: 317945K->208672K(465920K)] 562158K->532006K(1864192K), 0.0571666 secs] [Times: user=0.34 sys=0.00, real=0.06 secs] 
4544.234: [GC (Allocation Failure) [PSYoungGen: 441632K->82656K(465920K)] 764966K->581246K(1864192K), 0.1256459 secs] [Times: user=0.75 sys=0.00, real=0.13 secs] 
4545.361: [GC (Allocation Failure) [PSYoungGen: 311360K->198912K(465920K)] 809951K->773931K(1864192K), 0.0664694 secs] [Times: user=0.40 sys=0.00, real=0.07 secs] 
4548.922: [GC (Allocation Failure) [PSYoungGen: 431872K->92256K(465920K)] 1006891K->828891K(1864192K), 0.1120551 secs] [Times: user=0.67 sys=0.00, real=0.11 secs] 
4550.136: [GC (Allocation Failure) [PSYoungGen: 325216K->152672K(465920K)] 1061851K->974956K(1864192K), 0.0600348 secs] [Times: user=0.36 sys=0.00, real=0.06 secs] 
4552.698: [GC (Allocation Failure) [PSYoungGen: 385632K->109280K(465920K)] 1207916K->1083956K(1864192K), 0.0926624 secs] [Times: user=0.55 sys=0.00, real=0.09 secs] 
4553.915: [GC (Allocation Failure) [PSYoungGen: 342240K->138816K(465920K)] 1316916K->1212381K(1864192K), 0.0610770 secs] [Times: user=0.37 sys=0.00, real=0.06 secs] 
4556.267: [GC (Allocation Failure) [PSYoungGen: 371776K->125728K(465920K)] 1445341K->1337989K(1864192K), 0.0733815 secs] [Times: user=0.43 sys=0.00, real=0.07 secs] 
4556.341: [Full GC (Ergonomics) [PSYoungGen: 125728K->0K(465920K)] [ParOldGen: 1212261K->141270K(1398272K)] 1337989K->141270K(1864192K), [Metaspace: 60439K->60439K(1105920K)], 0.3231588 secs] [Times: user=1.49 sys=0.00, real=0.32 secs] 
4557.889: [GC (Allocation Failure) [PSYoungGen: 232960K->123616K(356864K)] 374230K->264886K(1755136K), 0.0417527 secs] [Times: user=0.24 sys=0.00, real=0.04 secs] 
4562.559: [GC (Allocation Failure) [PSYoungGen: 356576K->141472K(462848K)] 497846K->405955K(1861120K), 0.0649948 secs] [Times: user=0.38 sys=0.00, real=0.06 secs] 
4563.725: [GC (Allocation Failure) [PSYoungGen: 379552K->5440K(457728K)] 644035K->270135K(1856000K), 0.0022623 secs] [Times: user=0.01 sys=0.00, real=0.00 secs] 
4567.017: [GC (Allocation Failure) [PSYoungGen: 243520K->160480K(464896K)] 508215K->428868K(1863168K), 0.0320468 secs] [Times: user=0.18 sys=0.00, real=0.03 secs] 
4568.500: [GC (Allocation Failure) [PSYoungGen: 393440K->101568K(334848K)] 661828K->521380K(1733120K), 0.1334686 secs] [Times: user=0.76 sys=0.00, real=0.13 secs] 
4571.233: [GC (Allocation Failure) [PSYoungGen: 334528K->167776K(457728K)] 754340K->686069K(1856000K), 0.0532939 secs] [Times: user=0.32 sys=0.00, real=0.06 secs] 
4572.890: [GC (Allocation Failure) [PSYoungGen: 397152K->97888K(462336K)] 915445K->774681K(1860608K), 0.1355172 secs] [Times: user=0.80 sys=0.00, real=0.14 secs] 
4574.323: [GC (Allocation Failure) [PSYoungGen: 327264K->166080K(461824K)] 1004057K->936725K(1860096K), 0.0519073 secs] [Times: user=0.31 sys=0.00, real=0.06 secs] 
4577.515: [GC (Allocation Failure) [PSYoungGen: 399040K->87136K(465920K)] 1169685K->1023514K(1864192K), 0.1620250 secs] [Times: user=0.96 sys=0.01, real=0.16 secs] 
4579.072: [GC (Allocation Failure) [PSYoungGen: 320096K->167360K(463360K)] 1256474K->1186866K(1861632K), 0.0550959 secs] [Times: user=0.32 sys=0.00, real=0.06 secs] 
4581.707: [GC (Allocation Failure) [PSYoungGen: 400320K->90560K(465920K)] 1419826K->1276462K(1864192K), 0.1690260 secs] [Times: user=1.00 sys=0.00, real=0.17 secs] 
4581.876: [Full GC (Ergonomics) [PSYoungGen: 90560K->0K(465920K)] [ParOldGen: 1185902K->73934K(1398272K)] 1276462K->73934K(1864192K), [Metaspace: 60455K->60455K(1105920K)], 0.1941208 secs] [Times: user=0.90 sys=0.00, real=0.19 secs] 
4582.512: [GC (Allocation Failure) [PSYoungGen: 232960K->175904K(464384K)] 306894K->249838K(1862656K), 0.0397811 secs] [Times: user=0.23 sys=0.00, real=0.04 secs] 
4587.449: [GC (Allocation Failure) [PSYoungGen: 408864K->79040K(465920K)] 482798K->329226K(1864192K), 0.1362615 secs] [Times: user=0.81 sys=0.00, real=0.14 secs] 
4588.792: [GC (Allocation Failure) [PSYoungGen: 312000K->175232K(465920K)] 562186K->498376K(1864192K), 0.1564684 secs] [Times: user=0.94 sys=0.00, real=0.16 secs] 
4590.580: [GC (Allocation Failure) [PSYoungGen: 408192K->92096K(465920K)] 731336K->590340K(1864192K), 0.0920773 secs] [Times: user=0.54 sys=0.00, real=0.09 secs] 
4592.893: [GC (Allocation Failure) [PSYoungGen: 325056K->152512K(465920K)] 823300K->736545K(1864192K), 0.0600838 secs] [Times: user=0.36 sys=0.00, real=0.06 secs] 
4596.040: [GC (Allocation Failure) [PSYoungGen: 385472K->116160K(349184K)] 969505K->852625K(1747456K), 0.1004458 secs] [Times: user=0.60 sys=0.00, real=0.10 secs] 
4597.769: [GC (Allocation Failure) [PSYoungGen: 349120K->148576K(464384K)] 1085585K->974112K(1862656K), 0.0601021 secs] [Times: user=0.36 sys=0.00, real=0.06 secs] 
4599.098: [GC (Allocation Failure) [PSYoungGen: 383584K->119776K(354816K)] 1209120K->1093900K(1753088K), 0.0784662 secs] [Times: user=0.46 sys=0.00, real=0.08 secs] 
4605.152: [GC (Allocation Failure) [PSYoungGen: 354784K->128064K(470528K)] 1328908K->1211537K(1868800K), 0.0618910 secs] [Times: user=0.36 sys=0.00, real=0.06 secs] 
4608.116: [GC (Allocation Failure) [PSYoungGen: 379456K->133600K(461312K)] 1462929K->1345033K(1859584K), 0.0624425 secs] [Times: user=0.36 sys=0.00, real=0.06 secs] 
4608.178: [Full GC (Ergonomics) [PSYoungGen: 133600K->0K(461312K)] [ParOldGen: 1211433K->149135K(1398272K)] 1345033K->149135K(1859584K), [Metaspace: 60455K->60455K(1105920K)], 0.3341544 secs] [Times: user=1.53 sys=0.00, real=0.33 secs] 
4609.639: [GC (Allocation Failure) [PSYoungGen: 251392K->122976K(480256K)] 400527K->272111K(1878528K), 0.0423833 secs] [Times: user=0.23 sys=0.00, real=0.04 secs] 
4612.482: [GC (Allocation Failure) [PSYoungGen: 399456K->188064K(473600K)] 548591K->458572K(1871872K), 0.0649047 secs] [Times: user=0.39 sys=0.01, real=0.07 secs] 
4616.495: [GC (Allocation Failure) [PSYoungGen: 464544K->116960K(491008K)] 735052K->574348K(1889280K), 0.1639256 secs] [Times: user=0.98 sys=0.00, real=0.16 secs] 
4617.894: [GC (Allocation Failure) [PSYoungGen: 395488K->171936K(450560K)] 852876K->739565K(1848832K), 0.0686206 secs] [Times: user=0.41 sys=0.00, real=0.07 secs] 
4619.708: [GC (Allocation Failure) [PSYoungGen: 450464K->166080K(477696K)] 1018093K->905901K(1875968K), 0.0701544 secs] [Times: user=0.42 sys=0.00, real=0.07 secs] 
4622.334: [GC (Allocation Failure) [PSYoungGen: 428736K->34464K(297472K)] 1168557K->774401K(1695744K), 0.0294613 secs] [Times: user=0.16 sys=0.00, real=0.03 secs] 
4624.223: [GC (Allocation Failure) [PSYoungGen: 297120K->189344K(460800K)] 1037057K->959518K(1859072K), 0.0471365 secs] [Times: user=0.28 sys=0.00, real=0.05 secs] 
4628.047: [GC (Allocation Failure) [PSYoungGen: 422304K->86720K(465920K)] 1192478K->1045842K(1864192K), 0.1646978 secs] [Times: user=0.98 sys=0.00, real=0.16 secs] 
4628.637: [GC (Allocation Failure) [PSYoungGen: 319336K->210176K(465920K)] 1278458K->1249671K(1864192K), 0.0585826 secs] [Times: user=0.35 sys=0.00, real=0.06 secs] 
4633.199: [GC (Allocation Failure) [PSYoungGen: 443136K->80608K(465920K)] 1482631K->1296775K(1864192K), 0.1320351 secs] [Times: user=0.78 sys=0.00, real=0.13 secs] 
4633.331: [Full GC (Ergonomics) [PSYoungGen: 80608K->0K(465920K)] [ParOldGen: 1216167K->96273K(1398272K)] 1296775K->96273K(1864192K), [Metaspace: 60455K->60455K(1105920K)], 0.2365647 secs] [Times: user=1.10 sys=0.00, real=0.24 secs] 
4634.637: [GC (Allocation Failure) [PSYoungGen: 232960K->164032K(465920K)] 329233K->260305K(1864192K), 0.0463601 secs] [Times: user=0.27 sys=0.00, real=0.04 secs] 
4637.958: [GC (Allocation Failure) [PSYoungGen: 394494K->93472K(465920K)] 490768K->353689K(1864192K), 0.1034980 secs] [Times: user=0.62 sys=0.00, real=0.10 secs] 
4639.183: [GC (Allocation Failure) [PSYoungGen: 326432K->151296K(465920K)] 586649K->498102K(1864192K), 0.0598530 secs] [Times: user=0.35 sys=0.00, real=0.06 secs] 
4642.053: [GC (Allocation Failure) [PSYoungGen: 384256K->106688K(465920K)] 731062K->604622K(1864192K), 0.0920658 secs] [Times: user=0.55 sys=0.00, real=0.10 secs] 
4643.284: [GC (Allocation Failure) [PSYoungGen: 339648K->141952K(463872K)] 837582K->735911K(1862144K), 0.0608088 secs] [Times: user=0.36 sys=0.00, real=0.07 secs] 
4646.837: [GC (Allocation Failure) [PSYoungGen: 374912K->123808K(356864K)] 968871K->859543K(1755136K), 0.0769114 secs] [Times: user=0.46 sys=0.00, real=0.07 secs] 
4648.046: [GC (Allocation Failure) [PSYoungGen: 356768K->124896K(467456K)] 1092503K->974140K(1865728K), 0.0628733 secs] [Times: user=0.38 sys=0.00, real=0.06 secs] 
4649.423: [GC (Allocation Failure) [PSYoungGen: 369120K->155232K(459264K)] 1218364K->1129172K(1857536K), 0.0588368 secs] [Times: user=0.35 sys=0.00, real=0.06 secs] 
4651.452: [GC (Allocation Failure) [PSYoungGen: 399456K->15520K(459264K)] 1373396K->989484K(1857536K), 0.0068385 secs] [Times: user=0.04 sys=0.00, real=0.01 secs] 
4653.539: [GC (Allocation Failure) [PSYoungGen: 249760K->169632K(413184K)] 1223724K->1156680K(1811456K), 0.0371271 secs] [Times: user=0.22 sys=0.00, real=0.04 secs] 
4656.480: [GC (Allocation Failure) [PSYoungGen: 412832K->96064K(469504K)] 1399880K->1244088K(1867776K), 0.1825992 secs] [Times: user=1.09 sys=0.00, real=0.18 secs] 
4656.663: [Full GC (Ergonomics) [PSYoungGen: 96064K->0K(469504K)] [ParOldGen: 1148024K->47333K(1398272K)] 1244088K->47333K(1867776K), [Metaspace: 60457K->60457K(1105920K)], 0.1303671 secs] [Times: user=0.56 sys=0.00, real=0.13 secs] 
4658.682: [GC (Allocation Failure) [PSYoungGen: 236544K->172480K(465920K)] 283877K->219813K(1864192K), 0.0366437 secs] [Times: user=0.22 sys=0.00, real=0.04 secs] 
4661.176: [GC (Allocation Failure) [PSYoungGen: 409024K->90016K(466432K)] 456357K->309433K(1864704K), 0.1616551 secs] [Times: user=0.96 sys=0.00, real=0.16 secs] 
4662.210: [GC (Allocation Failure) [PSYoungGen: 323488K->173600K(465920K)] 542905K->477010K(1864192K), 0.0566052 secs] [Times: user=0.34 sys=0.00, real=0.06 secs] 
4665.412: [GC (Allocation Failure) [PSYoungGen: 407072K->90432K(465920K)] 710482K->566762K(1864192K), 0.1352896 secs] [Times: user=0.81 sys=0.00, real=0.14 secs] 
4665.946: [GC (Allocation Failure) [PSYoungGen: 322735K->208704K(465920K)] 799065K->769241K(1864192K), 0.0582414 secs] [Times: user=0.35 sys=0.00, real=0.06 secs] 
4670.403: [GC (Allocation Failure) [PSYoungGen: 441664K->82400K(465920K)] 1002201K->817849K(1864192K), 0.1295853 secs] [Times: user=0.78 sys=0.00, real=0.13 secs] 
4671.661: [GC (Allocation Failure) [PSYoungGen: 315360K->161472K(465920K)] 1050809K->973050K(1864192K), 0.0596898 secs] [Times: user=0.35 sys=0.00, real=0.06 secs] 
4674.709: [GC (Allocation Failure) [PSYoungGen: 394432K->97344K(465920K)] 1206010K->1070330K(1864192K), 0.1012015 secs] [Times: user=0.60 sys=0.00, real=0.10 secs] 
4675.930: [GC (Allocation Failure) [PSYoungGen: 330304K->151424K(465920K)] 1303290K->1211283K(1864192K), 0.0604984 secs] [Times: user=0.36 sys=0.00, real=0.06 secs] 
4678.170: [GC (Allocation Failure) [PSYoungGen: 384384K->113568K(465920K)] 1444243K->1324275K(1864192K), 0.0752243 secs] [Times: user=0.44 sys=0.01, real=0.08 secs] 
4678.245: [Full GC (Ergonomics) [PSYoungGen: 113568K->0K(465920K)] [ParOldGen: 1210707K->129081K(1398272K)] 1324275K->129081K(1864192K), [Metaspace: 60457K->60457K(1105920K)], 0.2931394 secs] [Times: user=1.35 sys=0.00, real=0.29 secs] 
4679.650: [GC (Allocation Failure) [PSYoungGen: 232960K->134432K(367616K)] 362041K->263513K(1765888K), 0.0477119 secs] [Times: user=0.28 sys=0.00, real=0.05 secs] 
4683.240: [GC (Allocation Failure) [PSYoungGen: 367392K->131392K(467456K)] 496473K->394953K(1865728K), 0.0728549 secs] [Times: user=0.43 sys=0.00, real=0.07 secs] 
4684.429: [GC (Allocation Failure) [PSYoungGen: 373056K->2912K(458752K)] 636617K->266529K(1857024K), 0.0023805 secs] [Times: user=0.01 sys=0.00, real=0.00 secs] 
4687.740: [GC (Allocation Failure) [PSYoungGen: 244576K->158752K(462848K)] 508193K->423462K(1861120K), 0.0308981 secs] [Times: user=0.19 sys=0.00, real=0.03 secs] 
4689.283: [GC (Allocation Failure) [PSYoungGen: 391712K->102432K(335872K)] 656422K->516798K(1734144K), 0.1004418 secs] [Times: user=0.60 sys=0.00, real=0.10 secs] 
4692.184: [GC (Allocation Failure) [PSYoungGen: 335392K->166848K(454656K)] 749758K->680706K(1852928K), 0.0530633 secs] [Times: user=0.31 sys=0.01, real=0.06 secs] 
4694.032: [GC (Allocation Failure) [PSYoungGen: 394877K->93952K(461824K)] 908736K->765359K(1860096K), 0.1353879 secs] [Times: user=0.81 sys=0.00, real=0.14 secs] 
4694.873: [GC (Allocation Failure) [PSYoungGen: 314121K->159776K(463872K)] 985528K->922915K(1862144K), 0.0502045 secs] [Times: user=0.29 sys=0.00, real=0.05 secs] 
4697.607: [GC (Allocation Failure) [PSYoungGen: 396320K->93984K(330752K)] 1159459K->1008347K(1729024K), 0.1647431 secs] [Times: user=0.97 sys=0.01, real=0.16 secs] 
4699.770: [GC (Allocation Failure) [PSYoungGen: 330528K->201248K(458752K)] 1244891K->1205320K(1857024K), 0.0521090 secs] [Times: user=0.30 sys=0.00, real=0.05 secs] 
4702.623: [GC (Allocation Failure) [PSYoungGen: 434208K->90432K(465920K)] 1438280K->1262208K(1864192K), 0.1791396 secs] [Times: user=1.06 sys=0.00, real=0.18 secs] 
4702.802: [Full GC (Ergonomics) [PSYoungGen: 90432K->0K(465920K)] [ParOldGen: 1171776K->61250K(1398272K)] 1262208K->61250K(1864192K), [Metaspace: 60457K->60457K(1105920K)], 0.1696813 secs] [Times: user=0.79 sys=0.00, real=0.17 secs] 
4704.283: [GC (Allocation Failure) [PSYoungGen: 232960K->166080K(465920K)] 294210K->227330K(1864192K), 0.0841661 secs] [Times: user=0.50 sys=0.00, real=0.09 secs] 
4708.289: [GC (Allocation Failure) [PSYoungGen: 399040K->86016K(465920K)] 460290K->312838K(1864192K), 0.1611403 secs] [Times: user=0.96 sys=0.01, real=0.16 secs] 
4709.604: [GC (Allocation Failure) [PSYoungGen: 318976K->175712K(465920K)] 545798K->482095K(1864192K), 0.0556373 secs] [Times: user=0.33 sys=0.00, real=0.06 secs] 
4713.570: [GC (Allocation Failure) [PSYoungGen: 408672K->83072K(465920K)] 715055K->564895K(1864192K), 0.1758237 secs] [Times: user=1.05 sys=0.00, real=0.18 secs] 
4715.008: [GC (Allocation Failure) [PSYoungGen: 316032K->175104K(465920K)] 797855K->733868K(1864192K), 0.1510987 secs] [Times: user=0.90 sys=0.00, real=0.15 secs] 
4717.812: [GC (Allocation Failure) [PSYoungGen: 408064K->87008K(465920K)] 966828K->820748K(1864192K), 0.1210619 secs] [Times: user=0.72 sys=0.00, real=0.12 secs] 
4720.752: [GC (Allocation Failure) [PSYoungGen: 319724K->195744K(465920K)] 1053465K->1010209K(1864192K), 0.0670490 secs] [Times: user=0.40 sys=0.00, real=0.07 secs] 
4722.324: [GC (Allocation Failure) [PSYoungGen: 424412K->93152K(465920K)] 1238877K->1066465K(1864192K), 0.1032558 secs] [Times: user=0.51 sys=0.00, real=0.11 secs] 
4723.735: [GC (Allocation Failure) [PSYoungGen: 326112K->150592K(465920K)] 1299425K->1210558K(1864192K), 0.0602328 secs] [Times: user=0.36 sys=0.00, real=0.06 secs] 
4725.956: [GC (Allocation Failure) [PSYoungGen: 383552K->111136K(465920K)] 1443518K->1321950K(1864192K), 0.0787408 secs] [Times: user=0.46 sys=0.00, real=0.08 secs] 
4726.035: [Full GC (Ergonomics) [PSYoungGen: 111136K->0K(465920K)] [ParOldGen: 1210814K->127679K(1398272K)] 1321950K->127679K(1864192K), [Metaspace: 60457K->60457K(1105920K)], 0.2871927 secs] [Times: user=1.31 sys=0.00, real=0.28 secs] 
4727.860: [GC (Allocation Failure) [PSYoungGen: 232960K->137120K(464896K)] 360639K->264799K(1863168K), 0.0478280 secs] [Times: user=0.29 sys=0.00, real=0.05 secs] 
4730.320: [GC (Allocation Failure) [PSYoungGen: 370080K->131360K(364544K)] 497759K->396303K(1762816K), 0.0693714 secs] [Times: user=0.42 sys=0.00, real=0.07 secs] 
4731.518: [GC (Allocation Failure) [PSYoungGen: 364320K->1824K(446976K)] 629263K->266831K(1845248K), 0.0019577 secs] [Times: user=0.01 sys=0.00, real=0.00 secs] 
4734.814: [GC (Allocation Failure) [PSYoungGen: 226080K->137056K(457216K)] 491087K->402668K(1855488K), 0.0328709 secs] [Times: user=0.19 sys=0.00, real=0.04 secs] 
4735.977: [GC (Allocation Failure) [PSYoungGen: 361312K->2304K(463872K)] 626924K->268096K(1862144K), 0.0019764 secs] [Times: user=0.01 sys=0.00, real=0.00 secs] 
4738.779: [GC (Allocation Failure) [PSYoungGen: 235264K->148000K(465920K)] 501056K->414925K(1864192K), 0.0292624 secs] [Times: user=0.17 sys=0.00, real=0.03 secs] 
4741.005: [GC (Allocation Failure) [PSYoungGen: 380960K->5024K(465920K)] 647885K->272045K(1864192K), 0.0031596 secs] [Times: user=0.01 sys=0.00, real=0.00 secs] 
4742.531: [GC (Allocation Failure) [PSYoungGen: 237984K->162816K(465920K)] 505005K->433138K(1864192K), 0.0323293 secs] [Times: user=0.19 sys=0.00, real=0.03 secs] 
4744.423: [GC (Allocation Failure) [PSYoungGen: 395776K->101344K(465920K)] 666098K->525594K(1864192K), 0.1291463 secs] [Times: user=0.77 sys=0.00, real=0.13 secs] 
4746.818: [GC (Allocation Failure) [PSYoungGen: 334304K->165120K(465920K)] 758554K->688335K(1864192K), 0.0526514 secs] [Times: user=0.31 sys=0.00, real=0.05 secs] 
4748.951: [GC (Allocation Failure) [PSYoungGen: 398080K->94944K(465920K)] 921295K->774667K(1864192K), 0.1882313 secs] [Times: user=1.12 sys=0.01, real=0.19 secs] 
4750.876: [GC (Allocation Failure) [PSYoungGen: 327904K->165056K(465920K)] 1007627K->935624K(1864192K), 0.0494368 secs] [Times: user=0.29 sys=0.00, real=0.05 secs] 
4753.715: [GC (Allocation Failure) [PSYoungGen: 398016K->92384K(465920K)] 1168584K->1027048K(1864192K), 0.1816731 secs] [Times: user=1.08 sys=0.00, real=0.18 secs] 
4754.895: [GC (Allocation Failure) [PSYoungGen: 325344K->170208K(465920K)] 1260008K->1193164K(1864192K), 0.0574108 secs] [Times: user=0.34 sys=0.00, real=0.05 secs] 
4758.601: [GC (Allocation Failure) [PSYoungGen: 403168K->82464K(465920K)] 1426124K->1275324K(1864192K), 0.1718560 secs] [Times: user=1.02 sys=0.00, real=0.17 secs] 
4758.773: [Full GC (Ergonomics) [PSYoungGen: 82464K->0K(465920K)] [ParOldGen: 1192860K->69794K(1398272K)] 1275324K->69794K(1864192K), [Metaspace: 60457K->60457K(1105920K)], 0.1870169 secs] [Times: user=0.88 sys=0.00, real=0.19 secs] 
4759.845: [GC (Allocation Failure) [PSYoungGen: 232960K->178464K(465920K)] 302754K->248258K(1864192K), 0.0385713 secs] [Times: user=0.23 sys=0.00, real=0.03 secs] 
4763.932: [GC (Allocation Failure) [PSYoungGen: 411424K->81728K(465920K)] 481218K->330314K(1864192K), 0.1557228 secs] [Times: user=0.92 sys=0.01, real=0.16 secs] 
4764.393: [GC (Allocation Failure) [PSYoungGen: 314688K->191648K(465920K)] 563274K->515926K(1864192K), 0.0556330 secs] [Times: user=0.33 sys=0.00, real=0.06 secs] 
4768.394: [GC (Allocation Failure) [PSYoungGen: 424608K->82400K(465920K)] 748886K->581542K(1864192K), 0.1248122 secs] [Times: user=0.74 sys=0.00, real=0.13 secs] 
4769.662: [GC (Allocation Failure) [PSYoungGen: 315360K->161792K(465920K)] 814502K->736699K(1864192K), 0.0597478 secs] [Times: user=0.36 sys=0.00, real=0.06 secs] 
4773.119: [GC (Allocation Failure) [PSYoungGen: 394211K->93248K(465920K)] 969119K->829763K(1864192K), 0.1040912 secs] [Times: user=0.62 sys=0.00, real=0.10 secs] 
4774.353: [GC (Allocation Failure) [PSYoungGen: 326208K->151008K(465920K)] 1062723K->974481K(1864192K), 0.0605026 secs] [Times: user=0.36 sys=0.00, real=0.06 secs] 
4777.171: [GC (Allocation Failure) [PSYoungGen: 383968K->110784K(465920K)] 1207441K->1085445K(1864192K), 0.0938366 secs] [Times: user=0.56 sys=0.00, real=0.10 secs] 
4779.847: [GC (Allocation Failure) [PSYoungGen: 343744K->137056K(370176K)] 1318405K->1211794K(1768448K), 0.0617522 secs] [Times: user=0.36 sys=0.00, real=0.06 secs] 
4782.223: [GC (Allocation Failure) [PSYoungGen: 370016K->124160K(473600K)] 1444754K->1335978K(1871872K), 0.0743442 secs] [Times: user=0.45 sys=0.00, real=0.08 secs] 
4782.297: [Full GC (Ergonomics) [PSYoungGen: 124160K->0K(473600K)] [ParOldGen: 1211818K->139758K(1398272K)] 1335978K->139758K(1871872K), [Metaspace: 60457K->60457K(1105920K)], 0.3212783 secs] [Times: user=1.46 sys=0.00, real=0.32 secs] 
4783.952: [GC (Allocation Failure) [PSYoungGen: 243712K->125824K(369664K)] 383470K->265582K(1767936K), 0.0455206 secs] [Times: user=0.27 sys=0.00, real=0.05 secs] 
4785.915: [GC (Allocation Failure) [PSYoungGen: 369536K->155296K(457728K)] 509294K->420596K(1856000K), 0.0670265 secs] [Times: user=0.40 sys=0.00, real=0.06 secs] 
4789.336: [GC (Allocation Failure) [PSYoungGen: 402592K->16992K(460288K)] 667892K->282372K(1858560K), 0.0059770 secs] [Times: user=0.03 sys=0.00, real=0.00 secs] 
4790.473: [GC (Allocation Failure) [PSYoungGen: 248174K->167616K(459264K)] 513554K->448157K(1857536K), 0.0503115 secs] [Times: user=0.29 sys=0.00, real=0.05 secs] 
4793.642: [GC (Allocation Failure) [PSYoungGen: 403648K->94880K(467456K)] 684189K->534557K(1865728K), 0.0776069 secs] [Times: user=0.46 sys=0.00, real=0.08 secs] 
4794.447: [GC (Allocation Failure) [PSYoungGen: 330912K->171744K(458240K)] 770589K->702917K(1856512K), 0.0509453 secs] [Times: user=0.30 sys=0.00, real=0.05 secs] 
4797.385: [GC (Allocation Failure) [PSYoungGen: 403868K->88128K(465920K)] 935042K->790669K(1864192K), 0.1404909 secs] [Times: user=0.84 sys=0.00, real=0.14 secs] 
4798.248: [GC (Allocation Failure) [PSYoungGen: 321088K->163424K(462336K)] 1023629K->951250K(1860608K), 0.0909870 secs] [Times: user=0.54 sys=0.00, real=0.09 secs] 
4801.222: [GC (Allocation Failure) [PSYoungGen: 396384K->87552K(465920K)] 1184210K->1038234K(1864192K), 0.1284021 secs] [Times: user=0.76 sys=0.00, real=0.13 secs] 
4802.511: [GC (Allocation Failure) [PSYoungGen: 320512K->171840K(462848K)] 1271194K->1204171K(1861120K), 0.1551691 secs] [Times: user=0.93 sys=0.01, real=0.16 secs] 
4805.327: [GC (Allocation Failure) [PSYoungGen: 404800K->90880K(465920K)] 1437131K->1294871K(1864192K), 0.1069133 secs] [Times: user=0.64 sys=0.00, real=0.10 secs] 
4805.434: [Full GC (Ergonomics) [PSYoungGen: 90880K->0K(465920K)] [ParOldGen: 1203991K->89961K(1398272K)] 1294871K->89961K(1864192K), [Metaspace: 60457K->60457K(1105920K)], 0.2073195 secs] [Times: user=0.92 sys=0.01, real=0.21 secs] 
4807.114: [GC (Allocation Failure) [PSYoungGen: 232751K->203360K(465408K)] 322713K->293321K(1863680K), 0.0479078 secs] [Times: user=0.29 sys=0.00, real=0.05 secs] 
4810.065: [GC (Allocation Failure) [PSYoungGen: 436320K->90944K(465920K)] 526281K->350349K(1864192K), 0.1007645 secs] [Times: user=0.60 sys=0.00, real=0.10 secs] 
4811.300: [GC (Allocation Failure) [PSYoungGen: 323904K->153088K(465920K)] 583309K->497050K(1864192K), 0.0597143 secs] [Times: user=0.36 sys=0.00, real=0.06 secs] 
4814.813: [GC (Allocation Failure) [PSYoungGen: 386048K->101280K(465920K)] 730010K->598178K(1864192K), 0.1001608 secs] [Times: user=0.55 sys=0.00, real=0.10 secs] 
4816.100: [GC (Allocation Failure) [PSYoungGen: 334240K->146976K(465920K)] 831138K->734615K(1864192K), 0.0599083 secs] [Times: user=0.36 sys=0.00, real=0.06 secs] 
4818.745: [GC (Allocation Failure) [PSYoungGen: 379936K->118592K(351744K)] 967575K->853119K(1750016K), 0.0820039 secs] [Times: user=0.49 sys=0.00, real=0.08 secs] 
4819.962: [GC (Allocation Failure) [PSYoungGen: 351552K->128960K(467968K)] 1086079K->971892K(1866240K), 0.0619478 secs] [Times: user=0.36 sys=0.00, real=0.06 secs] 
4822.792: [GC (Allocation Failure) [PSYoungGen: 371648K->144800K(458240K)] 1214580K->1116452K(1856512K), 0.0584841 secs] [Times: user=0.35 sys=0.00, real=0.06 secs] 
4823.978: [GC (Allocation Failure) [PSYoungGen: 387488K->9536K(459776K)] 1359140K->981220K(1858048K), 0.0037154 secs] [Times: user=0.02 sys=0.00, real=0.00 secs] 
4825.925: [GC (Allocation Failure) [PSYoungGen: 255448K->175200K(421888K)] 1227133K->1154393K(1820160K), 0.0361497 secs] [Times: user=0.22 sys=0.00, real=0.03 secs] 
4828.525: [GC (Allocation Failure) [PSYoungGen: 421472K->98208K(470016K)] 1400665K->1243665K(1868288K), 0.1721676 secs] [Times: user=1.01 sys=0.01, real=0.17 secs] 
4830.788: [GC (Allocation Failure) [PSYoungGen: 335264K->172736K(465920K)] 1480721K->1412313K(1864192K), 0.0518497 secs] [Times: user=0.30 sys=0.00, real=0.05 secs] 
4830.839: [Full GC (Ergonomics) [PSYoungGen: 172736K->0K(465920K)] [ParOldGen: 1239577K->216940K(1398272K)] 1412313K->216940K(1864192K), [Metaspace: 60457K->60457K(1105920K)], 0.5037145 secs] [Times: user=2.35 sys=0.00, real=0.50 secs] 
4834.991: [GC (Allocation Failure) [PSYoungGen: 237056K->88192K(466432K)] 453996K->305132K(1864704K), 0.1284335 secs] [Times: user=0.77 sys=0.00, real=0.13 secs] 
4835.975: [GC (Allocation Failure) [PSYoungGen: 321664K->173344K(465920K)] 538604K->472680K(1864192K), 0.0553924 secs] [Times: user=0.33 sys=0.00, real=0.05 secs] 
4839.904: [GC (Allocation Failure) [PSYoungGen: 406816K->89696K(465920K)] 706152K->561880K(1864192K), 0.1585161 secs] [Times: user=0.95 sys=0.00, real=0.16 secs] 
4840.349: [GC (Allocation Failure) [PSYoungGen: 322656K->176864K(465920K)] 794840K->728697K(1864192K), 0.0583874 secs] [Times: user=0.35 sys=0.00, real=0.06 secs] 
4842.890: [GC (Allocation Failure) [PSYoungGen: 409824K->90336K(465920K)] 961657K->818801K(1864192K), 0.1215100 secs] [Times: user=0.72 sys=0.00, real=0.12 secs] 
4844.116: [GC (Allocation Failure) [PSYoungGen: 323296K->155904K(465920K)] 1051761K->968112K(1864192K), 0.0608273 secs] [Times: user=0.36 sys=0.00, real=0.06 secs] 
4847.792: [GC (Allocation Failure) [PSYoungGen: 380960K->93280K(465920K)] 1193169K->1061008K(1864192K), 0.0919176 secs] [Times: user=0.54 sys=0.00, real=0.09 secs] 
4849.024: [GC (Allocation Failure) [PSYoungGen: 326240K->150912K(465920K)] 1293968K->1205249K(1864192K), 0.0603313 secs] [Times: user=0.36 sys=0.00, real=0.06 secs] 
4851.923: [GC (Allocation Failure) [PSYoungGen: 383872K->115328K(448512K)] 1438209K->1320793K(1846784K), 0.0950127 secs] [Times: user=0.57 sys=0.00, real=0.10 secs] 
4852.018: [Full GC (Ergonomics) [PSYoungGen: 115328K->0K(448512K)] [ParOldGen: 1205465K->122190K(1398272K)] 1320793K->122190K(1846784K), [Metaspace: 60459K->60459K(1105920K)], 0.2821635 secs] [Times: user=1.30 sys=0.00, real=0.28 secs] 
4853.409: [GC (Allocation Failure) [PSYoungGen: 232960K->140896K(457216K)] 355150K->263086K(1855488K), 0.0520816 secs] [Times: user=0.31 sys=0.00, real=0.05 secs] 
4854.778: [GC (Allocation Failure) [PSYoungGen: 373856K->140832K(461312K)] 496046K->404174K(1859584K), 0.0734978 secs] [Times: user=0.44 sys=0.00, real=0.07 secs] 
4856.017: [GC (Allocation Failure) [PSYoungGen: 395296K->6528K(470016K)] 658638K->269922K(1868288K), 0.0026382 secs] [Times: user=0.01 sys=0.00, real=0.00 secs] 
4858.190: [GC (Allocation Failure) [PSYoungGen: 253995K->178048K(460800K)] 517390K->445867K(1859072K), 0.0353856 secs] [Times: user=0.21 sys=0.00, real=0.04 secs] 
4860.689: [GC (Allocation Failure) [PSYoungGen: 411008K->94880K(465920K)] 678827K->532427K(1864192K), 0.1720766 secs] [Times: user=1.02 sys=0.00, real=0.17 secs] 
4862.935: [GC (Allocation Failure) [PSYoungGen: 311811K->159232K(465408K)] 749359K->685242K(1863680K), 0.0480884 secs] [Times: user=0.29 sys=0.00, real=0.04 secs] 
4865.388: [GC (Allocation Failure) [PSYoungGen: 392192K->95104K(328192K)] 918202K->771139K(1726464K), 0.1744411 secs] [Times: user=1.04 sys=0.01, real=0.17 secs] 
4867.084: [GC (Allocation Failure) [PSYoungGen: 328064K->167264K(459264K)] 1004099K->934399K(1857536K), 0.0501346 secs] [Times: user=0.29 sys=0.00, real=0.05 secs] 
4870.167: [GC (Allocation Failure) [PSYoungGen: 397152K->90432K(462848K)] 1164287K->1024187K(1861120K), 0.1678920 secs] [Times: user=1.00 sys=0.00, real=0.17 secs] 
4871.116: [GC (Allocation Failure) [PSYoungGen: 320320K->168640K(463872K)] 1254075K->1189292K(1862144K), 0.0561703 secs] [Times: user=0.33 sys=0.00, real=0.05 secs] 
4874.839: [GC (Allocation Failure) [PSYoungGen: 401600K->82080K(465920K)] 1422252K->1271128K(1864192K), 0.1577977 secs] [Times: user=0.94 sys=0.00, real=0.16 secs] 
4874.997: [Full GC (Ergonomics) [PSYoungGen: 82080K->0K(465920K)] [ParOldGen: 1189048K->68934K(1398272K)] 1271128K->68934K(1864192K), [Metaspace: 60459K->60459K(1105920K)], 0.1825488 secs] [Times: user=0.85 sys=0.01, real=0.18 secs] 
4875.853: [GC (Allocation Failure) [PSYoungGen: 232960K->195072K(465920K)] 301894K->264006K(1864192K), 0.0389895 secs] [Times: user=0.23 sys=0.00, real=0.04 secs] 
4879.348: [GC (Allocation Failure) [PSYoungGen: 428032K->80832K(465920K)] 496966K->328698K(1864192K), 0.1578533 secs] [Times: user=0.94 sys=0.00, real=0.16 secs] 
4880.449: [GC (Allocation Failure) [PSYoungGen: 313410K->209760K(465920K)] 561277K->532041K(1864192K), 0.0567155 secs] [Times: user=0.34 sys=0.00, real=0.06 secs] 
4884.324: [GC (Allocation Failure) [PSYoungGen: 442720K->88352K(465920K)] 765001K->586721K(1864192K), 0.1220737 secs] [Times: user=0.73 sys=0.00, real=0.13 secs] 
4885.573: [GC (Allocation Failure) [PSYoungGen: 321312K->160224K(465920K)] 819681K->736094K(1864192K), 0.0596367 secs] [Times: user=0.36 sys=0.00, real=0.06 secs] 
4887.842: [GC (Allocation Failure) [PSYoungGen: 393184K->99232K(465920K)] 969054K->835278K(1864192K), 0.0969996 secs] [Times: user=0.58 sys=0.00, real=0.10 secs] 
4889.929: [GC (Allocation Failure) [PSYoungGen: 332192K->149152K(465920K)] 1068238K->973453K(1864192K), 0.0605356 secs] [Times: user=0.36 sys=0.00, real=0.06 secs] 
4891.838: [GC (Allocation Failure) [PSYoungGen: 382112K->116064K(465920K)] 1206413K->1089325K(1864192K), 0.0782442 secs] [Times: user=0.46 sys=0.00, real=0.08 secs] 
4893.506: [GC (Allocation Failure) [PSYoungGen: 349024K->132320K(455680K)] 1322285K->1211090K(1853952K), 0.0624180 secs] [Times: user=0.37 sys=0.00, real=0.06 secs] 
4895.804: [GC (Allocation Failure) [PSYoungGen: 365280K->134496K(460800K)] 1444050K->1345130K(1859072K), 0.0678809 secs] [Times: user=0.40 sys=0.01, real=0.07 secs] 
4895.872: [Full GC (Ergonomics) [PSYoungGen: 134496K->0K(460800K)] [ParOldGen: 1210634K->149516K(1398272K)] 1345130K->149516K(1859072K), [Metaspace: 60459K->60459K(1105920K)], 0.3435722 secs] [Times: user=1.57 sys=0.00, real=0.35 secs] 
4898.304: [GC (Allocation Failure) [PSYoungGen: 232960K->114912K(460288K)] 382476K->264428K(1858560K), 0.0396858 secs] [Times: user=0.24 sys=0.00, real=0.04 secs] 
4900.394: [GC (Allocation Failure) [PSYoungGen: 365792K->161728K(464384K)] 515308K->425447K(1862656K), 0.0585734 secs] [Times: user=0.35 sys=0.00, real=0.06 secs] 
4902.403: [GC (Allocation Failure) [PSYoungGen: 412608K->25728K(462336K)] 676327K->289535K(1860608K), 0.0197062 secs] [Times: user=0.11 sys=0.00, real=0.02 secs] 
4904.637: [GC (Allocation Failure) [PSYoungGen: 270976K->189760K(435200K)] 534783K->475972K(1833472K), 0.0422100 secs] [Times: user=0.25 sys=0.00, real=0.04 secs] 
4907.082: [GC (Allocation Failure) [PSYoungGen: 435008K->96672K(465920K)] 721220K->555680K(1864192K), 0.1820651 secs] [Times: user=1.08 sys=0.01, real=0.18 secs] 
4907.829: [GC (Allocation Failure) [PSYoungGen: 329632K->178656K(465920K)] 788640K->728210K(1864192K), 0.0590773 secs] [Times: user=0.35 sys=0.00, real=0.06 secs] 
4912.375: [GC (Allocation Failure) [PSYoungGen: 411616K->73760K(465920K)] 961170K->802090K(1864192K), 0.1661109 secs] [Times: user=0.99 sys=0.00, real=0.16 secs] 
4912.928: [GC (Allocation Failure) [PSYoungGen: 306720K->179264K(465920K)] 1035050K->975265K(1864192K), 0.0570768 secs] [Times: user=0.33 sys=0.01, real=0.06 secs] 
4916.740: [GC (Allocation Failure) [PSYoungGen: 412224K->85728K(465920K)] 1208225K->1061241K(1864192K), 0.1340912 secs] [Times: user=0.80 sys=0.00, real=0.13 secs] 
4917.999: [GC (Allocation Failure) [PSYoungGen: 318688K->162368K(465920K)] 1294201K->1216888K(1864192K), 0.0623877 secs] [Times: user=0.37 sys=0.00, real=0.06 secs] 
4920.320: [GC (Allocation Failure) [PSYoungGen: 394529K->93472K(465920K)] 1449050K->1310296K(1864192K), 0.0926543 secs] [Times: user=0.55 sys=0.00, real=0.09 secs] 
4920.413: [Full GC (Ergonomics) [PSYoungGen: 93472K->0K(465920K)] [ParOldGen: 1216824K->108570K(1398272K)] 1310296K->108570K(1864192K), [Metaspace: 60459K->60459K(1105920K)], 0.2485678 secs] [Times: user=1.12 sys=0.00, real=0.25 secs] 
4921.739: [GC (Allocation Failure) [PSYoungGen: 232960K->150976K(465920K)] 341530K->259546K(1864192K), 0.0425502 secs] [Times: user=0.25 sys=0.00, real=0.04 secs] 
4923.407: [GC (Allocation Failure) [PSYoungGen: 383936K->117664K(461824K)] 492506K->377322K(1860096K), 0.0818420 secs] [Times: user=0.48 sys=0.00, real=0.08 secs] 
4925.588: [GC (Allocation Failure) [PSYoungGen: 350624K->129920K(363008K)] 610282K->497233K(1761280K), 0.0610664 secs] [Times: user=0.36 sys=0.00, real=0.06 secs] 
4927.529: [GC (Allocation Failure) [PSYoungGen: 362880K->131040K(467968K)] 730193K->628177K(1866240K), 0.0697380 secs] [Times: user=0.42 sys=0.00, real=0.07 secs] 
4928.821: [GC (Allocation Failure) [PSYoungGen: 377824K->4000K(460288K)] 874961K->501201K(1858560K), 0.0024311 secs] [Times: user=0.01 sys=0.00, real=0.00 secs] 
4931.667: [GC (Allocation Failure) [PSYoungGen: 250784K->168448K(458752K)] 747985K->667998K(1857024K), 0.0334258 secs] [Times: user=0.19 sys=0.00, real=0.03 secs] 
4933.284: [GC (Allocation Failure) [PSYoungGen: 401408K->100928K(465920K)] 900958K->759794K(1864192K), 0.1230555 secs] [Times: user=0.73 sys=0.00, real=0.13 secs] 
4935.533: [GC (Allocation Failure) [PSYoungGen: 327373K->160608K(461312K)] 986240K->917943K(1859584K), 0.0516454 secs] [Times: user=0.31 sys=0.00, real=0.05 secs] 
4937.577: [GC (Allocation Failure) [PSYoungGen: 395616K->96448K(331776K)] 1152951K->1005395K(1730048K), 0.1587417 secs] [Times: user=0.94 sys=0.01, real=0.16 secs] 
4939.706: [GC (Allocation Failure) [PSYoungGen: 331456K->169088K(458240K)] 1240403K->1170264K(1856512K), 0.0501929 secs] [Times: user=0.29 sys=0.00, real=0.05 secs] 
4942.002: [GC (Allocation Failure) [PSYoungGen: 402560K->92544K(465920K)] 1403736K->1262080K(1864192K), 0.1465007 secs] [Times: user=0.87 sys=0.01, real=0.15 secs] 
4942.149: [Full GC (Ergonomics) [PSYoungGen: 92544K->0K(465920K)] [ParOldGen: 1169536K->65859K(1398272K)] 1262080K->65859K(1864192K), [Metaspace: 60462K->60462K(1105920K)], 0.1696326 secs] [Times: user=0.78 sys=0.00, real=0.17 secs] 
4943.017: [GC (Allocation Failure) [PSYoungGen: 233472K->191296K(460288K)] 299331K->257155K(1858560K), 0.0536210 secs] [Times: user=0.32 sys=0.00, real=0.05 secs] 
4946.426: [GC (Allocation Failure) [PSYoungGen: 424256K->83392K(465920K)] 490115K->324211K(1864192K), 0.1592690 secs] [Times: user=0.94 sys=0.01, real=0.16 secs] 
4946.937: [GC (Allocation Failure) [PSYoungGen: 316352K->178880K(465920K)] 557171K->497007K(1864192K), 0.0670511 secs] [Times: user=0.40 sys=0.01, real=0.06 secs] 
4948.892: [GC (Allocation Failure) [PSYoungGen: 411840K->88512K(465920K)] 729967K->585808K(1864192K), 0.0791872 secs] [Times: user=0.47 sys=0.00, real=0.08 secs] 
4951.597: [GC (Allocation Failure) [PSYoungGen: 321472K->155968K(465920K)] 818768K->735092K(1864192K), 0.0601762 secs] [Times: user=0.36 sys=0.00, real=0.06 secs] 
4955.250: [GC (Allocation Failure) [PSYoungGen: 383674K->93248K(465920K)] 962798K->828404K(1864192K), 0.1046542 secs] [Times: user=0.62 sys=0.00, real=0.11 secs] 
4956.482: [GC (Allocation Failure) [PSYoungGen: 326208K->151584K(465920K)] 1061364K->973307K(1864192K), 0.0603954 secs] [Times: user=0.36 sys=0.00, real=0.06 secs] 
4958.308: [GC (Allocation Failure) [PSYoungGen: 384544K->108640K(342016K)] 1206267K->1081835K(1740288K), 0.0898151 secs] [Times: user=0.53 sys=0.00, real=0.09 secs] 
4960.261: [GC (Allocation Failure) [PSYoungGen: 341600K->140096K(466432K)] 1314795K->1210968K(1864704K), 0.0611373 secs] [Times: user=0.37 sys=0.00, real=0.06 secs] 
4963.386: [GC (Allocation Failure) [PSYoungGen: 378176K->128448K(461312K)] 1449048K->1339352K(1859584K), 0.0671752 secs] [Times: user=0.39 sys=0.00, real=0.06 secs] 
4963.453: [Full GC (Ergonomics) [PSYoungGen: 128448K->0K(461312K)] [ParOldGen: 1210904K->143912K(1398272K)] 1339352K->143912K(1859584K), [Metaspace: 60474K->60474K(1105920K)], 0.3306458 secs] [Times: user=1.53 sys=0.00, real=0.33 secs] 
4964.907: [GC (Allocation Failure) [PSYoungGen: 238080K->121760K(467968K)] 381992K->265672K(1866240K), 0.0422112 secs] [Times: user=0.25 sys=0.00, real=0.04 secs] 
4967.090: [GC (Allocation Failure) [PSYoungGen: 376736K->164384K(461312K)] 520648K->428833K(1859584K), 0.0617041 secs] [Times: user=0.37 sys=0.00, real=0.06 secs] 
4969.121: [GC (Allocation Failure) [PSYoungGen: 419360K->34624K(470016K)] 683809K->299369K(1868288K), 0.0234703 secs] [Times: user=0.12 sys=0.01, real=0.03 secs] 
4971.197: [GC (Allocation Failure) [PSYoungGen: 292160K->183072K(440832K)] 556905K->478293K(1839104K), 0.0458860 secs] [Times: user=0.27 sys=0.00, real=0.04 secs] 
4974.259: [GC (Allocation Failure) [PSYoungGen: 440608K->113024K(473600K)] 735829K->590570K(1871872K), 0.1228800 secs] [Times: user=0.73 sys=0.00, real=0.12 secs] 
4975.517: [GC (Allocation Failure) [PSYoungGen: 353664K->161152K(465920K)] 831210K->741110K(1864192K), 0.0661673 secs] [Times: user=0.39 sys=0.00, real=0.06 secs] 
4978.162: [GC (Allocation Failure) [PSYoungGen: 401792K->107328K(465920K)] 981750K->848046K(1864192K), 0.0983769 secs] [Times: user=0.59 sys=0.00, real=0.10 secs] 
4979.415: [GC (Allocation Failure) [PSYoungGen: 352576K->141888K(467456K)] 1093294K->978981K(1865728K), 0.0608133 secs] [Times: user=0.36 sys=0.00, real=0.06 secs] 
4982.733: [GC (Allocation Failure) [PSYoungGen: 387136K->143360K(473088K)] 1224229K->1122030K(1871360K), 0.0673046 secs] [Times: user=0.39 sys=0.00, real=0.07 secs] 
4983.912: [GC (Allocation Failure) [PSYoungGen: 401920K->15584K(274432K)] 1380590K->994294K(1672704K), 0.0046596 secs] [Times: user=0.02 sys=0.00, real=0.01 secs] 
4987.221: [GC (Allocation Failure) [PSYoungGen: 274144K->180256K(458752K)] 1252854K->1171202K(1857024K), 0.0407054 secs] [Times: user=0.24 sys=0.00, real=0.04 secs] 
4989.842: [GC (Allocation Failure) [PSYoungGen: 413216K->88832K(465920K)] 1404162K->1258946K(1864192K), 0.1640799 secs] [Times: user=0.97 sys=0.00, real=0.17 secs] 
4990.006: [Full GC (Ergonomics) [PSYoungGen: 88832K->0K(465920K)] [ParOldGen: 1170114K->57870K(1398272K)] 1258946K->57870K(1864192K), [Metaspace: 60476K->59569K(1105920K)], 0.1575107 secs] [Times: user=0.70 sys=0.01, real=0.15 secs] 
4990.592: [GC (Allocation Failure) [PSYoungGen: 232960K->173760K(465920K)] 290830K->231630K(1864192K), 0.0360071 secs] [Times: user=0.21 sys=0.00, real=0.04 secs] 
4994.115: [GC (Allocation Failure) [PSYoungGen: 406720K->84192K(465920K)] 464590K->315918K(1864192K), 0.1614885 secs] [Times: user=0.96 sys=0.00, real=0.16 secs] 
4995.118: [GC (Allocation Failure) [PSYoungGen: 317152K->176352K(465920K)] 548878K->486024K(1864192K), 0.0561825 secs] [Times: user=0.33 sys=0.00, real=0.05 secs] 
4999.237: [GC (Allocation Failure) [PSYoungGen: 409312K->81376K(465920K)] 718984K->566976K(1864192K), 0.1390708 secs] [Times: user=0.83 sys=0.00, real=0.14 secs] 
4999.986: [GC (Allocation Failure) [PSYoungGen: 311649K->208800K(465920K)] 797249K->769565K(1864192K), 0.0614975 secs] [Times: user=0.37 sys=0.00, real=0.06 secs] 
5003.350: [GC (Allocation Failure) [PSYoungGen: 441760K->87360K(465920K)] 1002525K->822405K(1864192K), 0.1212027 secs] [Times: user=0.72 sys=0.00, real=0.12 secs] 
5004.603: [GC (Allocation Failure) [PSYoungGen: 320320K->157376K(465920K)] 1055365K->972570K(1864192K), 0.0596281 secs] [Times: user=0.36 sys=0.00, real=0.06 secs] 
5006.838: [GC (Allocation Failure) [PSYoungGen: 390336K->100960K(465920K)] 1205530K->1073738K(1864192K), 0.0972946 secs] [Times: user=0.58 sys=0.00, real=0.10 secs] 
5008.120: [GC (Allocation Failure) [PSYoungGen: 333920K->147552K(465920K)] 1306698K->1210246K(1864192K), 0.0603984 secs] [Times: user=0.36 sys=0.00, real=0.06 secs] 
5010.627: [GC (Allocation Failure) [PSYoungGen: 380512K->124992K(358400K)] 1443206K->1335438K(1756672K), 0.0745642 secs] [Times: user=0.44 sys=0.00, real=0.07 secs] 
5010.702: [Full GC (Ergonomics) [PSYoungGen: 124992K->0K(358400K)] [ParOldGen: 1210446K->140082K(1398272K)] 1335438K->140082K(1756672K), [Metaspace: 59569K->59569K(1105920K)], 0.3181081 secs] [Times: user=1.46 sys=0.00, real=0.32 secs] 
5012.117: [GC (Allocation Failure) [PSYoungGen: 232960K->123040K(474112K)] 373042K->263122K(1872384K), 0.0417370 secs] [Times: user=0.25 sys=0.00, real=0.04 secs] 
5014.443: [GC (Allocation Failure) [PSYoungGen: 365216K->150752K(464896K)] 505298K->413514K(1863168K), 0.0604229 secs] [Times: user=0.36 sys=0.00, real=0.06 secs] 
5015.610: [GC (Allocation Failure) [PSYoungGen: 392928K->11808K(455168K)] 655690K->274642K(1853440K), 0.0033852 secs] [Times: user=0.01 sys=0.00, real=0.00 secs] 
5018.873: [GC (Allocation Failure) [PSYoungGen: 245280K->166752K(465920K)] 508114K->439039K(1864192K), 0.0351082 secs] [Times: user=0.21 sys=0.00, real=0.04 secs] 
5020.743: [GC (Allocation Failure) [PSYoungGen: 400224K->95872K(465920K)] 672511K->526235K(1864192K), 0.1827973 secs] [Times: user=1.10 sys=0.00, real=0.19 secs] 
5022.750: [GC (Allocation Failure) [PSYoungGen: 317754K->161216K(465920K)] 748117K->684108K(1864192K), 0.0498918 secs] [Times: user=0.30 sys=0.00, real=0.05 secs] 
5024.369: [GC (Allocation Failure) [PSYoungGen: 394688K->94176K(461824K)] 917580K->769452K(1860096K), 0.1118774 secs] [Times: user=0.66 sys=0.00, real=0.11 secs] 
5026.060: [GC (Allocation Failure) [PSYoungGen: 311690K->157984K(463872K)] 986966K->923292K(1862144K), 0.0491015 secs] [Times: user=0.29 sys=0.00, real=0.05 secs] 
5028.432: [GC (Allocation Failure) [PSYoungGen: 391456K->95328K(459776K)] 1156764K->1009545K(1858048K), 0.1705017 secs] [Times: user=1.01 sys=0.00, real=0.17 secs] 
5029.856: [GC (Allocation Failure) [PSYoungGen: 330848K->185792K(462848K)] 1245065K->1191516K(1861120K), 0.0514250 secs] [Times: user=0.31 sys=0.01, real=0.05 secs] 
5032.629: [GC (Allocation Failure) [PSYoungGen: 421312K->91136K(465920K)] 1427036K->1265636K(1864192K), 0.1690061 secs] [Times: user=1.01 sys=0.00, real=0.17 secs] 
5032.798: [Full GC (Ergonomics) [PSYoungGen: 91136K->0K(465920K)] [ParOldGen: 1174500K->63472K(1398272K)] 1265636K->63472K(1864192K), [Metaspace: 59569K->59569K(1105920K)], 0.1686067 secs] [Times: user=0.78 sys=0.00, real=0.17 secs] 
5033.634: [GC (Allocation Failure) [PSYoungGen: 232960K->172000K(465920K)] 296432K->235472K(1864192K), 0.0347086 secs] [Times: user=0.20 sys=0.00, real=0.04 secs] 
5038.123: [GC (Allocation Failure) [PSYoungGen: 404960K->85280K(465920K)] 468432K->320553K(1864192K), 0.1461650 secs] [Times: user=0.87 sys=0.00, real=0.15 secs] 
5038.574: [GC (Allocation Failure) [PSYoungGen: 318240K->174144K(465920K)] 553513K->488681K(1864192K), 0.0568518 secs] [Times: user=0.34 sys=0.00, real=0.06 secs] 
5042.157: [GC (Allocation Failure) [PSYoungGen: 407104K->88544K(465920K)] 721641K->576665K(1864192K), 0.1241812 secs] [Times: user=0.74 sys=0.00, real=0.12 secs] 
5043.284: [GC (Allocation Failure) [PSYoungGen: 319416K->200864K(465920K)] 807538K->771674K(1864192K), 0.0677575 secs] [Times: user=0.40 sys=0.01, real=0.07 secs] 
5045.654: [GC (Allocation Failure) [PSYoungGen: 433824K->93696K(465920K)] 1004634K->827994K(1864192K), 0.1147108 secs] [Times: user=0.69 sys=0.00, real=0.12 secs] 
5046.913: [GC (Allocation Failure) [PSYoungGen: 326656K->151552K(465920K)] 1060954K->972623K(1864192K), 0.0602229 secs] [Times: user=0.36 sys=0.00, real=0.06 secs] 
5049.958: [GC (Allocation Failure) [PSYoungGen: 384512K->102944K(465920K)] 1205583K->1075299K(1864192K), 0.0968723 secs] [Times: user=0.58 sys=0.00, real=0.10 secs] 
5051.249: [GC (Allocation Failure) [PSYoungGen: 335904K->145920K(465920K)] 1308259K->1210384K(1864192K), 0.0606071 secs] [Times: user=0.36 sys=0.00, real=0.06 secs] 
5054.345: [GC (Allocation Failure) [PSYoungGen: 378880K->123328K(453632K)] 1443344K->1333720K(1851904K), 0.0747547 secs] [Times: user=0.45 sys=0.00, real=0.07 secs] 
5054.419: [Full GC (Ergonomics) [PSYoungGen: 123328K->0K(453632K)] [ParOldGen: 1210392K->138821K(1398272K)] 1333720K->138821K(1851904K), [Metaspace: 59570K->59570K(1105920K)], 0.3181932 secs] [Times: user=1.46 sys=0.00, real=0.32 secs] 
5055.828: [GC (Allocation Failure) [PSYoungGen: 232960K->125152K(459776K)] 371781K->263973K(1858048K), 0.0423400 secs] [Times: user=0.25 sys=0.00, real=0.04 secs] 
5059.251: [GC (Allocation Failure) [PSYoungGen: 358112K->143840K(467968K)] 496933K->407633K(1866240K), 0.0683324 secs] [Times: user=0.41 sys=0.00, real=0.07 secs] 
5060.840: [GC (Allocation Failure) [PSYoungGen: 398304K->13792K(468480K)] 662097K->277641K(1866752K), 0.0038257 secs] [Times: user=0.02 sys=0.00, real=0.00 secs] 
5064.051: [GC (Allocation Failure) [PSYoungGen: 257244K->171424K(458752K)] 521094K->446602K(1857024K), 0.0364750 secs] [Times: user=0.21 sys=0.00, real=0.04 secs] 
5065.990: [GC (Allocation Failure) [PSYoungGen: 404384K->95200K(465920K)] 679562K->532786K(1864192K), 0.1672675 secs] [Times: user=1.00 sys=0.00, real=0.17 secs] 
5067.426: [GC (Allocation Failure) [PSYoungGen: 328160K->167040K(461312K)] 765746K->695979K(1859584K), 0.0504006 secs] [Times: user=0.29 sys=0.00, real=0.05 secs] 
5070.388: [GC (Allocation Failure) [PSYoungGen: 400000K->89376K(465920K)] 928939K->784619K(1864192K), 0.1766203 secs] [Times: user=1.06 sys=0.00, real=0.18 secs] 
5071.373: [GC (Allocation Failure) [PSYoungGen: 322336K->173536K(462848K)] 1017579K->954722K(1861120K), 0.0577617 secs] [Times: user=0.34 sys=0.00, real=0.06 secs] 
5074.526: [GC (Allocation Failure) [PSYoungGen: 406496K->82752K(465920K)] 1187682K->1037682K(1864192K), 0.1295124 secs] [Times: user=0.77 sys=0.00, real=0.13 secs] 
5075.312: [GC (Allocation Failure) [PSYoungGen: 315712K->176320K(465920K)] 1270642K->1207943K(1864192K), 0.0569259 secs] [Times: user=0.34 sys=0.00, real=0.06 secs] 
5079.603: [GC (Allocation Failure) [PSYoungGen: 409280K->80096K(465920K)] 1440903K->1287883K(1864192K), 0.1407697 secs] [Times: user=0.84 sys=0.00, real=0.14 secs] 
5079.744: [Full GC (Ergonomics) [PSYoungGen: 80096K->0K(465920K)] [ParOldGen: 1207787K->85687K(1398272K)] 1287883K->85687K(1864192K), [Metaspace: 59573K->59573K(1105920K)], 0.2129995 secs] [Times: user=0.98 sys=0.00, real=0.22 secs] 
5080.506: [GC (Allocation Failure) [PSYoungGen: 232248K->209120K(465920K)] 317936K->294808K(1864192K), 0.0400272 secs] [Times: user=0.24 sys=0.00, real=0.04 secs] 
5083.402: [GC (Allocation Failure) [PSYoungGen: 442080K->92128K(465920K)] 527768K->352455K(1864192K), 0.1140672 secs] [Times: user=0.68 sys=0.00, real=0.12 secs] 
5084.686: [GC (Allocation Failure) [PSYoungGen: 325088K->152384K(465920K)] 585415K->498539K(1864192K), 0.0603033 secs] [Times: user=0.36 sys=0.00, real=0.06 secs] 
5087.879: [GC (Allocation Failure) [PSYoungGen: 385344K->111168K(465920K)] 731499K->608835K(1864192K), 0.0903729 secs] [Times: user=0.53 sys=0.00, real=0.09 secs] 
5089.146: [GC (Allocation Failure) [PSYoungGen: 344128K->145504K(465920K)] 841795K->735423K(1864192K), 0.0598498 secs] [Times: user=0.35 sys=0.00, real=0.06 secs] 
5091.123: [GC (Allocation Failure) [PSYoungGen: 378464K->120128K(353280K)] 968383K->855600K(1751552K), 0.0746955 secs] [Times: user=0.44 sys=0.00, real=0.08 secs] 
5092.344: [GC (Allocation Failure) [PSYoungGen: 353088K->128000K(470528K)] 1088560K->973151K(1868800K), 0.0617057 secs] [Times: user=0.37 sys=0.00, real=0.07 secs] 
5095.800: [GC (Allocation Failure) [PSYoungGen: 370688K->139616K(460800K)] 1215839K->1112703K(1859072K), 0.0624020 secs] [Times: user=0.36 sys=0.01, real=0.06 secs] 
5097.054: [GC (Allocation Failure) [PSYoungGen: 382304K->6560K(454144K)] 1355391K->979695K(1852416K), 0.0033170 secs] [Times: user=0.02 sys=0.00, real=0.01 secs] 
5098.744: [GC (Allocation Failure) [PSYoungGen: 247200K->171200K(412160K)] 1220335K->1148763K(1810432K), 0.0346877 secs] [Times: user=0.20 sys=0.00, real=0.04 secs] 
5100.722: [GC (Allocation Failure) [PSYoungGen: 411840K->103552K(471552K)] 1389403K->1243436K(1869824K), 0.1864496 secs] [Times: user=1.11 sys=0.00, real=0.19 secs] 
5102.990: [GC (Allocation Failure) [PSYoungGen: 342144K->166816K(465920K)] 1482028K->1406096K(1864192K), 0.0534680 secs] [Times: user=0.31 sys=0.00, real=0.05 secs] 
5103.043: [Full GC (Ergonomics) [PSYoungGen: 166816K->0K(465920K)] [ParOldGen: 1239280K->209562K(1398272K)] 1406096K->209562K(1864192K), [Metaspace: 59639K->59639K(1105920K)], 0.4732319 secs] [Times: user=2.20 sys=0.00, real=0.48 secs] 
5106.275: [GC (Allocation Failure) [PSYoungGen: 238592K->93088K(466944K)] 448154K->302650K(1865216K), 0.1625367 secs] [Times: user=0.97 sys=0.00, real=0.16 secs] 
5107.128: [GC (Allocation Failure) [PSYoungGen: 330656K->177024K(465920K)] 540218K->475751K(1864192K), 0.0570188 secs] [Times: user=0.34 sys=0.00, real=0.06 secs] 
5111.130: [GC (Allocation Failure) [PSYoungGen: 414592K->86976K(465920K)] 713319K->562847K(1864192K), 0.1559432 secs] [Times: user=0.93 sys=0.00, real=0.16 secs] 
5111.636: [GC (Allocation Failure) [PSYoungGen: 319373K->208448K(465920K)] 795244K->765134K(1864192K), 0.0577892 secs] [Times: user=0.35 sys=0.00, real=0.05 secs] 
5115.326: [GC (Allocation Failure) [PSYoungGen: 441408K->83104K(465920K)] 998094K->814566K(1864192K), 0.1215766 secs] [Times: user=0.73 sys=0.00, real=0.12 secs] 
5116.587: [GC (Allocation Failure) [PSYoungGen: 316064K->161760K(465920K)] 1047526K->969499K(1864192K), 0.0597168 secs] [Times: user=0.36 sys=0.00, real=0.06 secs] 
5118.829: [GC (Allocation Failure) [PSYoungGen: 394720K->106112K(465920K)] 1202459K->1075291K(1864192K), 0.0968139 secs] [Times: user=0.57 sys=0.00, real=0.10 secs] 
5120.064: [GC (Allocation Failure) [PSYoungGen: 339072K->150976K(465920K)] 1308251K->1207072K(1864192K), 0.0599353 secs] [Times: user=0.36 sys=0.00, real=0.05 secs] 
5123.297: [GC (Allocation Failure) [PSYoungGen: 383936K->113760K(463872K)] 1440032K->1320548K(1862144K), 0.0869013 secs] [Times: user=0.51 sys=0.00, real=0.08 secs] 
5123.383: [Full GC (Ergonomics) [PSYoungGen: 113760K->0K(463872K)] [ParOldGen: 1206788K->128804K(1398272K)] 1320548K->128804K(1862144K), [Metaspace: 59639K->59639K(1105920K)], 0.2910645 secs] [Times: user=1.34 sys=0.00, real=0.30 secs] 
5124.783: [GC (Allocation Failure) [PSYoungGen: 232960K->134592K(367616K)] 361764K->263396K(1765888K), 0.0456928 secs] [Times: user=0.27 sys=0.00, real=0.05 secs] 
5127.040: [GC (Allocation Failure) [PSYoungGen: 367552K->132384K(467968K)] 496356K->395676K(1866240K), 0.0781515 secs] [Times: user=0.47 sys=0.00, real=0.08 secs] 
5128.299: [GC (Allocation Failure) [PSYoungGen: 376608K->3392K(459776K)] 639900K->266748K(1858048K), 0.0020028 secs] [Times: user=0.01 sys=0.00, real=0.00 secs] 
5130.470: [GC (Allocation Failure) [PSYoungGen: 247616K->167232K(461312K)] 510972K->432153K(1859584K), 0.0328759 secs] [Times: user=0.19 sys=0.00, real=0.03 secs] 
5131.958: [GC (Allocation Failure) [PSYoungGen: 400192K->102944K(336384K)] 665113K->526113K(1734656K), 0.0775819 secs] [Times: user=0.46 sys=0.00, real=0.08 secs] 
5134.987: [GC (Allocation Failure) [PSYoungGen: 334382K->161600K(460800K)] 757552K->684813K(1859072K), 0.0534591 secs] [Times: user=0.32 sys=0.00, real=0.05 secs] 
5136.519: [GC (Allocation Failure) [PSYoungGen: 394560K->97152K(330240K)] 917773K->772797K(1728512K), 0.1218240 secs] [Times: user=0.72 sys=0.00, real=0.12 secs] 
5138.258: [GC (Allocation Failure) [PSYoungGen: 330112K->170048K(458240K)] 1005757K->938802K(1856512K), 0.0513530 secs] [Times: user=0.30 sys=0.00, real=0.05 secs] 
5140.826: [GC (Allocation Failure) [PSYoungGen: 401984K->85632K(464896K)] 1170738K->1024266K(1863168K), 0.1579509 secs] [Times: user=0.94 sys=0.00, real=0.15 secs] 
5141.735: [GC (Allocation Failure) [PSYoungGen: 317568K->173440K(462848K)] 1256202K->1194014K(1861120K), 0.0574134 secs] [Times: user=0.34 sys=0.00, real=0.05 secs] 
5144.780: [GC (Allocation Failure) [PSYoungGen: 406400K->83168K(465920K)] 1426974K->1277406K(1864192K), 0.1624385 secs] [Times: user=0.97 sys=0.01, real=0.16 secs] 
5144.942: [Full GC (Ergonomics) [PSYoungGen: 83168K->0K(465920K)] [ParOldGen: 1194238K->75390K(1398272K)] 1277406K->75390K(1864192K), [Metaspace: 59670K->59670K(1105920K)], 0.1931399 secs] [Times: user=0.90 sys=0.00, real=0.20 secs] 
5145.417: [GC (Allocation Failure) [PSYoungGen: 232960K->176800K(465920K)] 308350K->252190K(1864192K), 0.0376003 secs] [Times: user=0.23 sys=0.00, real=0.04 secs] 
5147.922: [GC (Allocation Failure) [PSYoungGen: 409760K->90432K(465920K)] 485150K->342370K(1864192K), 0.1165722 secs] [Times: user=0.69 sys=0.00, real=0.12 secs] 
5150.514: [GC (Allocation Failure) [PSYoungGen: 320916K->199232K(465920K)] 572855K->535375K(1864192K), 0.0675622 secs] [Times: user=0.40 sys=0.00, real=0.07 secs] 
5152.107: [GC (Allocation Failure) [PSYoungGen: 432192K->93824K(465920K)] 768335K->592191K(1864192K), 0.0964416 secs] [Times: user=0.57 sys=0.00, real=0.09 secs] 
5153.384: [GC (Allocation Failure) [PSYoungGen: 326784K->151328K(465920K)] 825151K->736676K(1864192K), 0.0603125 secs] [Times: user=0.36 sys=0.00, real=0.07 secs] 
5156.027: [GC (Allocation Failure) [PSYoungGen: 384288K->109728K(465920K)] 969636K->846284K(1864192K), 0.0819231 secs] [Times: user=0.49 sys=0.00, real=0.08 secs] 
5157.224: [GC (Allocation Failure) [PSYoungGen: 342688K->138880K(460800K)] 1079244K->974625K(1859072K), 0.0612274 secs] [Times: user=0.36 sys=0.00, real=0.07 secs] 
5159.537: [GC (Allocation Failure) [PSYoungGen: 371840K->124544K(357888K)] 1207585K->1098705K(1756160K), 0.0760404 secs] [Times: user=0.45 sys=0.00, real=0.07 secs] 
5160.774: [GC (Allocation Failure) [PSYoungGen: 357504K->124224K(470016K)] 1331665K->1212146K(1868288K), 0.0624590 secs] [Times: user=0.37 sys=0.00, real=0.07 secs] 
5163.842: [GC (Allocation Failure) [PSYoungGen: 373056K->154496K(461824K)] 1460978K->1366362K(1860096K), 0.0604095 secs] [Times: user=0.33 sys=0.00, real=0.06 secs] 
5163.903: [Full GC (Ergonomics) [PSYoungGen: 154496K->0K(461824K)] [ParOldGen: 1211866K->170482K(1398272K)] 1366362K->170482K(1860096K), [Metaspace: 59671K->59671K(1105920K)], 0.3955541 secs] [Times: user=1.78 sys=0.00, real=0.40 secs] 
5165.367: [GC (Allocation Failure) [PSYoungGen: 248832K->115040K(480256K)] 419314K->285522K(1878528K), 0.0356341 secs] [Times: user=0.21 sys=0.00, real=0.03 secs] 
5168.279: [GC (Allocation Failure) [PSYoungGen: 385376K->186432K(457216K)] 555858K->469407K(1855488K), 0.0606429 secs] [Times: user=0.36 sys=0.00, real=0.06 secs] 
5171.406: [GC (Allocation Failure) [PSYoungGen: 456768K->115456K(482304K)] 739743K->584183K(1880576K), 0.1452411 secs] [Times: user=0.86 sys=0.00, real=0.14 secs] 
5172.735: [GC (Allocation Failure) [PSYoungGen: 376064K->166464K(477184K)] 844791K->739604K(1875456K), 0.0672806 secs] [Times: user=0.40 sys=0.00, real=0.06 secs] 
5175.200: [GC (Allocation Failure) [PSYoungGen: 427072K->146304K(476160K)] 1000212K->885828K(1874432K), 0.0711676 secs] [Times: user=0.42 sys=0.00, real=0.07 secs] 
5176.404: [GC (Allocation Failure) [PSYoungGen: 407936K->15552K(277504K)] 1147460K->755116K(1675776K), 0.0048068 secs] [Times: user=0.02 sys=0.00, real=0.01 secs] 
5178.655: [GC (Allocation Failure) [PSYoungGen: 277184K->185536K(461824K)] 1016748K->937633K(1860096K), 0.0407150 secs] [Times: user=0.25 sys=0.00, real=0.04 secs] 
5181.750: [GC (Allocation Failure) [PSYoungGen: 418496K->87456K(465920K)] 1170593K->1024841K(1864192K), 0.1833035 secs] [Times: user=1.09 sys=0.00, real=0.18 secs] 
5183.054: [GC (Allocation Failure) [PSYoungGen: 320416K->170464K(465920K)] 1257801K->1190978K(1864192K), 0.0557999 secs] [Times: user=0.33 sys=0.00, real=0.06 secs] 
5186.625: [GC (Allocation Failure) [PSYoungGen: 403424K->81152K(465920K)] 1423938K->1271826K(1864192K), 0.1688330 secs] [Times: user=1.00 sys=0.01, real=0.16 secs] 
5186.794: [Full GC (Ergonomics) [PSYoungGen: 81152K->0K(465920K)] [ParOldGen: 1190674K->71934K(1398272K)] 1271826K->71934K(1864192K), [Metaspace: 59676K->59676K(1105920K)], 0.1883188 secs] [Times: user=0.88 sys=0.00, real=0.19 secs] 
5188.067: [GC (Allocation Failure) [PSYoungGen: 232960K->194976K(465920K)] 304894K->266910K(1864192K), 0.0389290 secs] [Times: user=0.23 sys=0.00, real=0.04 secs] 
5192.419: [GC (Allocation Failure) [PSYoungGen: 427936K->78976K(465920K)] 499870K->329838K(1864192K), 0.1507996 secs] [Times: user=0.89 sys=0.01, real=0.15 secs] 
5193.180: [GC (Allocation Failure) [PSYoungGen: 311582K->210400K(465920K)] 562445K->534070K(1864192K), 0.0612430 secs] [Times: user=0.36 sys=0.01, real=0.06 secs] 
5195.805: [GC (Allocation Failure) [PSYoungGen: 443360K->87616K(465920K)] 767030K->587134K(1864192K), 0.1232730 secs] [Times: user=0.73 sys=0.00, real=0.12 secs] 
5198.134: [GC (Allocation Failure) [PSYoungGen: 320576K->157152K(465920K)] 820094K->737018K(1864192K), 0.0599635 secs] [Times: user=0.36 sys=0.00, real=0.06 secs] 
5200.483: [GC (Allocation Failure) [PSYoungGen: 390112K->99968K(465920K)] 969978K->837082K(1864192K), 0.1015152 secs] [Times: user=0.60 sys=0.01, real=0.10 secs] 
5201.720: [GC (Allocation Failure) [PSYoungGen: 332928K->148960K(465920K)] 1070042K->975131K(1864192K), 0.0605431 secs] [Times: user=0.36 sys=0.00, real=0.06 secs] 
5202.977: [GC (Allocation Failure) [PSYoungGen: 381920K->118016K(465920K)] 1208091K->1093107K(1864192K), 0.0779989 secs] [Times: user=0.47 sys=0.01, real=0.08 secs] 
5204.200: [GC (Allocation Failure) [PSYoungGen: 350976K->130848K(456704K)] 1326067K->1212764K(1854976K), 0.0620961 secs] [Times: user=0.37 sys=0.00, real=0.06 secs] 
5207.359: [GC (Allocation Failure) [PSYoungGen: 363808K->143552K(461312K)] 1445724K->1356076K(1859584K), 0.0677993 secs] [Times: user=0.40 sys=0.00, real=0.07 secs] 
5207.427: [Full GC (Ergonomics) [PSYoungGen: 143552K->0K(461312K)] [ParOldGen: 1212524K->150896K(1398272K)] 1356076K->150896K(1859584K), [Metaspace: 59676K->59676K(1105920K)], 0.3493838 secs] [Times: user=1.61 sys=0.00, real=0.35 secs] 
5208.868: [GC (Allocation Failure) [PSYoungGen: 232960K->115488K(458752K)] 383856K->266384K(1857024K), 0.0413039 secs] [Times: user=0.24 sys=0.00, real=0.04 secs] 
5211.296: [GC (Allocation Failure) [PSYoungGen: 362784K->160736K(464384K)] 513680K->425669K(1862656K), 0.0588955 secs] [Times: user=0.35 sys=0.00, real=0.06 secs] 
5213.127: [GC (Allocation Failure) [PSYoungGen: 408032K->24672K(459776K)] 672965K->289745K(1858048K), 0.0110715 secs] [Times: user=0.06 sys=0.00, real=0.01 secs] 
5215.192: [GC (Allocation Failure) [PSYoungGen: 264800K->171264K(411648K)] 529873K->457862K(1809920K), 0.0414085 secs] [Times: user=0.24 sys=0.00, real=0.04 secs] 
5218.580: [GC (Allocation Failure) [PSYoungGen: 411392K->92896K(466944K)] 697990K->550350K(1865216K), 0.1849189 secs] [Times: user=1.10 sys=0.00, real=0.19 secs] 
5220.116: [GC (Allocation Failure) [PSYoungGen: 326880K->187328K(465920K)] 784334K->733215K(1864192K), 0.0572189 secs] [Times: user=0.34 sys=0.00, real=0.05 secs] 
5223.822: [GC (Allocation Failure) [PSYoungGen: 421312K->83968K(465920K)] 967199K->800495K(1864192K), 0.1691277 secs] [Times: user=1.00 sys=0.01, real=0.17 secs] 
5224.433: [GC (Allocation Failure) [PSYoungGen: 316928K->176960K(465920K)] 1033455K->971560K(1864192K), 0.0580625 secs] [Times: user=0.35 sys=0.00, real=0.06 secs] 
5227.612: [GC (Allocation Failure) [PSYoungGen: 409920K->88704K(465920K)] 1204520K->1060052K(1864192K), 0.1383383 secs] [Times: user=0.82 sys=0.01, real=0.14 secs] 
5228.758: [GC (Allocation Failure) [PSYoungGen: 321664K->202048K(465920K)] 1293012K->1256137K(1864192K), 0.0692522 secs] [Times: user=0.41 sys=0.00, real=0.07 secs] 
5232.248: [GC (Allocation Failure) [PSYoungGen: 435008K->93184K(465920K)] 1489097K->1312168K(1864192K), 0.1045422 secs] [Times: user=0.62 sys=0.00, real=0.10 secs] 
5232.352: [Full GC (Ergonomics) [PSYoungGen: 93184K->0K(465920K)] [ParOldGen: 1218984K->108793K(1398272K)] 1312168K->108793K(1864192K), [Metaspace: 59676K->59676K(1105920K)], 0.2546716 secs] [Times: user=1.17 sys=0.00, real=0.26 secs] 
5233.685: [GC (Allocation Failure) [PSYoungGen: 232960K->151424K(465920K)] 341753K->260217K(1864192K), 0.0427070 secs] [Times: user=0.25 sys=0.00, real=0.04 secs] 
5235.971: [GC (Allocation Failure) [PSYoungGen: 384384K->106272K(465920K)] 493177K->366209K(1864192K), 0.0970581 secs] [Times: user=0.58 sys=0.00, real=0.10 secs] 
5237.174: [GC (Allocation Failure) [PSYoungGen: 339232K->142080K(465920K)] 599169K->497708K(1864192K), 0.0606120 secs] [Times: user=0.36 sys=0.00, real=0.07 secs] 
5240.415: [GC (Allocation Failure) [PSYoungGen: 375040K->124640K(452608K)] 730668K->622264K(1850880K), 0.0697292 secs] [Times: user=0.41 sys=0.00, real=0.07 secs] 
5241.642: [GC (Allocation Failure) [PSYoungGen: 357600K->123488K(459264K)] 855224K->735295K(1857536K), 0.0621167 secs] [Times: user=0.37 sys=0.00, real=0.06 secs] 
5243.199: [GC (Allocation Failure) [PSYoungGen: 356448K->146112K(468992K)] 968255K->881367K(1867264K), 0.0582876 secs] [Times: user=0.34 sys=0.00, real=0.06 secs] 
5244.377: [GC (Allocation Failure) [PSYoungGen: 400576K->14976K(470016K)] 1135831K->750311K(1868288K), 0.0055402 secs] [Times: user=0.03 sys=0.00, real=0.00 secs] 
5246.867: [GC (Allocation Failure) [PSYoungGen: 253926K->170912K(459776K)] 989262K->918124K(1858048K), 0.0377341 secs] [Times: user=0.22 sys=0.00, real=0.04 secs] 
5249.325: [GC (Allocation Failure) [PSYoungGen: 403872K->92288K(465920K)] 1151084K->1001388K(1864192K), 0.1418280 secs] [Times: user=0.84 sys=0.01, real=0.14 secs] 
5251.838: [GC (Allocation Failure) [PSYoungGen: 316202K->159712K(462336K)] 1225303K->1156721K(1860608K), 0.0493120 secs] [Times: user=0.29 sys=0.00, real=0.05 secs] 
5254.229: [GC (Allocation Failure) [PSYoungGen: 392672K->95104K(328192K)] 1389681K->1242517K(1726464K), 0.1754019 secs] [Times: user=1.04 sys=0.00, real=0.18 secs] 
5255.882: [GC (Allocation Failure) [PSYoungGen: 328064K->186624K(458240K)] 1475477K->1425532K(1856512K), 0.0529027 secs] [Times: user=0.31 sys=0.00, real=0.06 secs] 
5255.935: [Full GC (Ergonomics) [PSYoungGen: 186624K->0K(458240K)] [ParOldGen: 1238908K->211819K(1398272K)] 1425532K->211819K(1856512K), [Metaspace: 59676K->59676K(1105920K)], 0.4916982 secs] [Times: user=2.26 sys=0.00, real=0.49 secs] 
5259.251: [GC (Allocation Failure) [PSYoungGen: 230912K->88512K(463872K)] 442731K->300331K(1862144K), 0.1503651 secs] [Times: user=0.89 sys=0.00, real=0.15 secs] 
5260.139: [GC (Allocation Failure) [PSYoungGen: 319424K->169184K(465920K)] 531243K->465464K(1864192K), 0.0548384 secs] [Times: user=0.33 sys=0.01, real=0.05 secs] 
5263.539: [GC (Allocation Failure) [PSYoungGen: 402144K->82912K(465920K)] 698424K->548160K(1864192K), 0.1785062 secs] [Times: user=1.06 sys=0.00, real=0.18 secs] 
5264.135: [GC (Allocation Failure) [PSYoungGen: 315872K->176704K(465920K)] 781120K->718809K(1864192K), 0.0556204 secs] [Times: user=0.33 sys=0.01, real=0.05 secs] 
5267.838: [GC (Allocation Failure) [PSYoungGen: 409664K->82592K(465920K)] 951769K->801205K(1864192K), 0.1429864 secs] [Times: user=0.85 sys=0.00, real=0.14 secs] 
5268.407: [GC (Allocation Failure) [PSYoungGen: 314311K->208864K(465920K)] 1032924K->1003530K(1864192K), 0.0573435 secs] [Times: user=0.34 sys=0.00, real=0.05 secs] 
5271.361: [GC (Allocation Failure) [PSYoungGen: 441824K->87680K(465920K)] 1236490K->1057489K(1864192K), 0.1170414 secs] [Times: user=0.70 sys=0.00, real=0.12 secs] 
5272.591: [GC (Allocation Failure) [PSYoungGen: 320640K->156864K(465920K)] 1290449K->1207662K(1864192K), 0.0598256 secs] [Times: user=0.36 sys=0.01, real=0.06 secs] 
5275.002: [GC (Allocation Failure) [PSYoungGen: 389824K->101312K(465920K)] 1440622K->1309014K(1864192K), 0.0969489 secs] [Times: user=0.58 sys=0.00, real=0.10 secs] 
5275.099: [Full GC (Ergonomics) [PSYoungGen: 101312K->0K(465920K)] [ParOldGen: 1207702K->116889K(1398272K)] 1309014K->116889K(1864192K), [Metaspace: 59676K->59676K(1105920K)], 0.2649299 secs] [Times: user=1.21 sys=0.00, real=0.26 secs] 
5276.455: [GC (Allocation Failure) [PSYoungGen: 232960K->146816K(465920K)] 349849K->263705K(1864192K), 0.0522826 secs] [Times: user=0.31 sys=0.00, real=0.05 secs] 
5279.182: [GC (Allocation Failure) [PSYoungGen: 379776K->112928K(465920K)] 496665K->376481K(1864192K), 0.1018095 secs] [Times: user=0.60 sys=0.00, real=0.10 secs] 
5280.428: [GC (Allocation Failure) [PSYoungGen: 345888K->135648K(452608K)] 609441K->501758K(1850880K), 0.0610618 secs] [Times: user=0.36 sys=0.01, real=0.06 secs] 
5282.166: [GC (Allocation Failure) [PSYoungGen: 368608K->140992K(459264K)] 734718K->642726K(1857536K), 0.0598772 secs] [Times: user=0.35 sys=0.00, real=0.06 secs] 
5283.427: [GC (Allocation Failure) [PSYoungGen: 373952K->3264K(453632K)] 875686K->505030K(1851904K), 0.0022270 secs] [Times: user=0.01 sys=0.00, real=0.00 secs] 
5287.139: [GC (Allocation Failure) [PSYoungGen: 236224K->150656K(465920K)] 737990K->653474K(1864192K), 0.0302612 secs] [Times: user=0.18 sys=0.00, real=0.03 secs] 
5288.271: [GC (Allocation Failure) [PSYoungGen: 383616K->105120K(450560K)] 886434K->749258K(1848832K), 0.0665353 secs] [Times: user=0.39 sys=0.00, real=0.07 secs] 
5290.805: [GC (Allocation Failure) [PSYoungGen: 338080K->163360K(458240K)] 982218K->910751K(1856512K), 0.0538094 secs] [Times: user=0.32 sys=0.00, real=0.05 secs] 
5292.388: [GC (Allocation Failure) [PSYoungGen: 396320K->99552K(466944K)] 1143711K->1001023K(1865216K), 0.0928650 secs] [Times: user=0.56 sys=0.00, real=0.09 secs] 
5294.175: [GC (Allocation Failure) [PSYoungGen: 329788K->163616K(467456K)] 1231260K->1161788K(1865728K), 0.0523869 secs] [Times: user=0.31 sys=0.00, real=0.05 secs] 
5297.114: [GC (Allocation Failure) [PSYoungGen: 406304K->102336K(465920K)] 1404476K->1254908K(1864192K), 0.1760813 secs] [Times: user=1.05 sys=0.00, real=0.18 secs] 
5299.121: [GC (Allocation Failure) [PSYoungGen: 346560K->172352K(467456K)] 1499132K->1423781K(1865728K), 0.0538329 secs] [Times: user=0.32 sys=0.00, real=0.06 secs] 
5299.175: [Full GC (Ergonomics) [PSYoungGen: 172352K->0K(467456K)] [ParOldGen: 1251429K->219943K(1398272K)] 1423781K->219943K(1865728K), [Metaspace: 59677K->59677K(1105920K)], 0.5356582 secs] [Times: user=2.50 sys=0.00, real=0.53 secs] 
5302.576: [GC (Allocation Failure) [PSYoungGen: 244224K->95584K(471040K)] 464167K->315527K(1869312K), 0.1200517 secs] [Times: user=0.71 sys=0.00, real=0.12 secs] 
5303.349: [GC (Allocation Failure) [PSYoungGen: 336224K->216320K(457216K)] 556167K->525483K(1855488K), 0.0641204 secs] [Times: user=0.38 sys=0.00, real=0.06 secs] 
5307.076: [GC (Allocation Failure) [PSYoungGen: 456960K->91936K(465920K)] 766123K->582847K(1864192K), 0.1066627 secs] [Times: user=0.63 sys=0.00, real=0.10 secs] 
5308.609: [GC (Allocation Failure) [PSYoungGen: 324896K->152576K(465920K)] 815807K->728784K(1864192K), 0.0597371 secs] [Times: user=0.35 sys=0.00, real=0.06 secs] 
5311.439: [GC (Allocation Failure) [PSYoungGen: 385536K->101440K(465920K)] 961744K->829968K(1864192K), 0.0897110 secs] [Times: user=0.53 sys=0.00, real=0.09 secs] 
5312.690: [GC (Allocation Failure) [PSYoungGen: 334400K->146880K(465920K)] 1062928K->966213K(1864192K), 0.0602007 secs] [Times: user=0.35 sys=0.00, real=0.06 secs] 
5314.483: [GC (Allocation Failure) [PSYoungGen: 379840K->120800K(448512K)] 1199173K->1086917K(1846784K), 0.0759877 secs] [Times: user=0.45 sys=0.00, real=0.08 secs] 
5315.677: [GC (Allocation Failure) [PSYoungGen: 353760K->128320K(457216K)] 1319877K->1204234K(1855488K), 0.0618108 secs] [Times: user=0.37 sys=0.00, real=0.06 secs] 
5317.505: [GC (Allocation Failure) [PSYoungGen: 361280K->140864K(466944K)] 1437194K->1344722K(1865216K), 0.0606211 secs] [Times: user=0.36 sys=0.00, real=0.06 secs] 
5317.566: [Full GC (Ergonomics) [PSYoungGen: 140864K->0K(466944K)] [ParOldGen: 1203858K->154810K(1398272K)] 1344722K->154810K(1865216K), [Metaspace: 59678K->59678K(1105920K)], 0.3621543 secs] [Times: user=1.63 sys=0.00, real=0.36 secs] 
5319.029: [GC (Allocation Failure) [PSYoungGen: 259584K->126272K(470528K)] 414394K->281082K(1868800K), 0.0390307 secs] [Times: user=0.24 sys=0.00, real=0.04 secs] 
5323.532: [GC (Allocation Failure) [PSYoungGen: 385856K->190304K(465408K)] 540666K->469159K(1863680K), 0.0640014 secs] [Times: user=0.38 sys=0.00, real=0.07 secs] 
5326.245: [GC (Allocation Failure) [PSYoungGen: 451936K->107072K(480256K)] 730791K->559287K(1878528K), 0.1712237 secs] [Times: user=1.02 sys=0.01, real=0.17 secs] 
5327.849: [GC (Allocation Failure) [PSYoungGen: 368704K->186016K(460288K)] 820919K->738036K(1858560K), 0.0689059 secs] [Times: user=0.41 sys=0.00, real=0.07 secs] 
5330.433: [GC (Allocation Failure) [PSYoungGen: 431264K->121152K(472064K)] 983284K->859316K(1870336K), 0.1043124 secs] [Times: user=0.62 sys=0.00, real=0.11 secs] 
5332.447: [GC (Allocation Failure) [PSYoungGen: 366400K->144032K(455168K)] 1104564K->975955K(1853440K), 0.0613625 secs] [Times: user=0.37 sys=0.01, real=0.06 secs] 
5335.076: [GC (Allocation Failure) [PSYoungGen: 395424K->145984K(466432K)] 1227347K->1121403K(1864704K), 0.0627084 secs] [Times: user=0.37 sys=0.00, real=0.06 secs] 
5336.264: [GC (Allocation Failure) [PSYoungGen: 397376K->14400K(460800K)] 1372795K->989895K(1859072K), 0.0049658 secs] [Times: user=0.03 sys=0.00, real=0.01 secs] 
5338.481: [GC (Allocation Failure) [PSYoungGen: 253264K->170240K(420864K)] 1228759K->1158161K(1819136K), 0.0501100 secs] [Times: user=0.29 sys=0.00, real=0.05 secs] 
5341.683: [GC (Allocation Failure) [PSYoungGen: 420608K->102080K(473088K)] 1408529K->1251985K(1871360K), 0.1606079 secs] [Times: user=0.96 sys=0.00, real=0.16 secs] 
5341.843: [Full GC (Ergonomics) [PSYoungGen: 102080K->0K(473088K)] [ParOldGen: 1149905K->51779K(1398272K)] 1251985K->51779K(1871360K), [Metaspace: 59678K->59678K(1105920K)], 0.1469299 secs] [Times: user=0.63 sys=0.00, real=0.15 secs] 
5343.068: [GC (Allocation Failure) [PSYoungGen: 242176K->174592K(417280K)] 293955K->226371K(1815552K), 0.0365106 secs] [Times: user=0.21 sys=0.00, real=0.04 secs] 
5346.474: [GC (Allocation Failure) [PSYoungGen: 416768K->92768K(468992K)] 468547K->318243K(1867264K), 0.1434083 secs] [Times: user=0.86 sys=0.00, real=0.15 secs] 
5347.111: [GC (Allocation Failure) [PSYoungGen: 328800K->177184K(465920K)] 554275K->488852K(1864192K), 0.0588519 secs] [Times: user=0.35 sys=0.00, real=0.06 secs] 
5350.334: [GC (Allocation Failure) [PSYoungGen: 413216K->84768K(465920K)] 724884K->573564K(1864192K), 0.1277483 secs] [Times: user=0.76 sys=0.00, real=0.13 secs] 
5351.473: [GC (Allocation Failure) [PSYoungGen: 316645K->203584K(465920K)] 805441K->770477K(1864192K), 0.0673440 secs] [Times: user=0.40 sys=0.00, real=0.07 secs] 
5354.525: [GC (Allocation Failure) [PSYoungGen: 436544K->93152K(465920K)] 1003437K->826757K(1864192K), 0.1075731 secs] [Times: user=0.64 sys=0.00, real=0.10 secs] 
5355.736: [GC (Allocation Failure) [PSYoungGen: 326112K->151360K(465920K)] 1059717K->971325K(1864192K), 0.0603890 secs] [Times: user=0.36 sys=0.00, real=0.06 secs] 
5358.264: [GC (Allocation Failure) [PSYoungGen: 384320K->111200K(465920K)] 1204285K->1082645K(1864192K), 0.0914398 secs] [Times: user=0.55 sys=0.00, real=0.10 secs] 
5359.474: [GC (Allocation Failure) [PSYoungGen: 344160K->145600K(378880K)] 1315605K->1209221K(1777152K), 0.0608126 secs] [Times: user=0.36 sys=0.00, real=0.07 secs] 
5362.506: [GC (Allocation Failure) [PSYoungGen: 378560K->120512K(472064K)] 1442181K->1329529K(1870336K), 0.0820469 secs] [Times: user=0.48 sys=0.00, real=0.08 secs] 
5362.588: [Full GC (Ergonomics) [PSYoungGen: 120512K->0K(472064K)] [ParOldGen: 1209017K->134511K(1398272K)] 1329529K->134511K(1870336K), [Metaspace: 59679K->59679K(1105920K)], 0.3094404 secs] [Times: user=1.42 sys=0.00, real=0.31 secs] 
5364.002: [GC (Allocation Failure) [PSYoungGen: 240640K->128544K(369664K)] 375151K->263055K(1767936K), 0.0464192 secs] [Times: user=0.27 sys=0.00, real=0.05 secs] 
5366.838: [GC (Allocation Failure) [PSYoungGen: 369184K->157536K(457216K)] 503695K->420559K(1855488K), 0.0667594 secs] [Times: user=0.39 sys=0.00, real=0.06 secs] 
5368.017: [GC (Allocation Failure) [PSYoungGen: 399712K->13600K(458752K)] 662735K->276756K(1857024K), 0.0039806 secs] [Times: user=0.02 sys=0.00, real=0.00 secs] 
5370.739: [GC (Allocation Failure) [PSYoungGen: 255776K->168832K(461824K)] 518932K->443344K(1860096K), 0.0358952 secs] [Times: user=0.22 sys=0.00, real=0.04 secs] 
5372.007: [GC (Allocation Failure) [PSYoungGen: 401792K->100192K(465920K)] 676304K->534216K(1864192K), 0.1063852 secs] [Times: user=0.63 sys=0.00, real=0.10 secs] 
5373.341: [GC (Allocation Failure) [PSYoungGen: 333152K->165472K(461824K)] 767176K->695905K(1860096K), 0.0518019 secs] [Times: user=0.30 sys=0.00, real=0.05 secs] 
5376.213: [GC (Allocation Failure) [PSYoungGen: 398432K->86560K(465920K)] 928865K->781401K(1864192K), 0.1592491 secs] [Times: user=0.95 sys=0.00, real=0.16 secs] 
5377.223: [GC (Allocation Failure) [PSYoungGen: 319520K->173216K(463360K)] 1014361K->950578K(1861632K), 0.0564982 secs] [Times: user=0.33 sys=0.00, real=0.06 secs] 
5380.103: [GC (Allocation Failure) [PSYoungGen: 406176K->90688K(465920K)] 1183538K->1041114K(1864192K), 0.1704595 secs] [Times: user=1.02 sys=0.00, real=0.17 secs] 
5380.693: [GC (Allocation Failure) [PSYoungGen: 323648K->179520K(465920K)] 1274074K->1210563K(1864192K), 0.0589167 secs] [Times: user=0.35 sys=0.00, real=0.06 secs] 
5385.495: [GC (Allocation Failure) [PSYoungGen: 412480K->77888K(465920K)] 1443523K->1288675K(1864192K), 0.1447273 secs] [Times: user=0.87 sys=0.00, real=0.14 secs] 
5385.640: [Full GC (Ergonomics) [PSYoungGen: 77888K->0K(465920K)] [ParOldGen: 1210787K->85914K(1398272K)] 1288675K->85914K(1864192K), [Metaspace: 59679K->59679K(1105920K)], 0.2138033 secs] [Times: user=0.99 sys=0.00, real=0.21 secs] 
5386.224: [GC (Allocation Failure) [PSYoungGen: 231951K->207072K(465920K)] 317866K->292986K(1864192K), 0.0373154 secs] [Times: user=0.22 sys=0.00, real=0.04 secs] 
5388.892: [GC (Allocation Failure) [PSYoungGen: 440032K->86400K(465920K)] 525946K->345442K(1864192K), 0.1174013 secs] [Times: user=0.70 sys=0.00, real=0.12 secs] 
5390.138: [GC (Allocation Failure) [PSYoungGen: 319360K->159104K(465920K)] 578402K->497567K(1864192K), 0.0593722 secs] [Times: user=0.35 sys=0.00, real=0.06 secs] 
5392.846: [GC (Allocation Failure) [PSYoungGen: 392064K->101408K(465920K)] 730527K->598431K(1864192K), 0.0901517 secs] [Times: user=0.54 sys=0.00, real=0.09 secs] 
5394.062: [GC (Allocation Failure) [PSYoungGen: 334368K->146944K(465920K)] 831391K->734650K(1864192K), 0.0604266 secs] [Times: user=0.36 sys=0.00, real=0.06 secs] 
5395.861: [GC (Allocation Failure) [PSYoungGen: 379904K->131552K(364544K)] 967610K->866218K(1762816K), 0.0648969 secs] [Times: user=0.39 sys=0.00, real=0.07 secs] 
5397.618: [GC (Allocation Failure) [PSYoungGen: 364512K->125440K(473088K)] 1099178K->973125K(1871360K), 0.0629075 secs] [Times: user=0.38 sys=0.01, real=0.06 secs] 
5399.228: [GC (Allocation Failure) [PSYoungGen: 367616K->145408K(463872K)] 1215301K->1117973K(1862144K), 0.0599373 secs] [Times: user=0.36 sys=0.00, real=0.06 secs] 
5400.752: [GC (Allocation Failure) [PSYoungGen: 387584K->8960K(452096K)] 1360149K->981645K(1850368K), 0.0035998 secs] [Times: user=0.02 sys=0.00, real=0.01 secs] 
5403.645: [GC (Allocation Failure) [PSYoungGen: 242944K->160480K(464384K)] 1215629K->1139866K(1862656K), 0.0336683 secs] [Times: user=0.20 sys=0.00, real=0.03 secs] 
5405.329: [GC (Allocation Failure) [PSYoungGen: 394464K->101376K(459776K)] 1373850K->1231802K(1858048K), 0.1535089 secs] [Times: user=0.92 sys=0.00, real=0.15 secs] 
5408.826: [GC (Allocation Failure) [PSYoungGen: 335586K->165504K(462848K)] 1466012K->1394047K(1861120K), 0.0529259 secs] [Times: user=0.31 sys=0.00, real=0.05 secs] 
5408.878: [Full GC (Ergonomics) [PSYoungGen: 165504K->0K(462848K)] [ParOldGen: 1228543K->196306K(1398272K)] 1394047K->196306K(1861120K), [Metaspace: 59679K->59679K(1105920K)], 0.4647485 secs] [Times: user=2.16 sys=0.00, real=0.46 secs] 
5410.604: [GC (Allocation Failure) [PSYoungGen: 235520K->94336K(466432K)] 431826K->290642K(1864704K), 0.0542346 secs] [Times: user=0.31 sys=0.00, real=0.06 secs] 
5412.539: [GC (Allocation Failure) [PSYoungGen: 332416K->169856K(465920K)] 528722K->455799K(1864192K), 0.0492734 secs] [Times: user=0.29 sys=0.01, real=0.05 secs] 
5414.966: [GC (Allocation Failure) [PSYoungGen: 407936K->93920K(467968K)] 693879K->548691K(1866240K), 0.1475715 secs] [Times: user=0.88 sys=0.00, real=0.14 secs] 
5415.694: [GC (Allocation Failure) [PSYoungGen: 329952K->176416K(465920K)] 784723K->720976K(1864192K), 0.0576857 secs] [Times: user=0.34 sys=0.00, real=0.06 secs] 
5418.120: [GC (Allocation Failure) [PSYoungGen: 412448K->89664K(465920K)] 957008K->810884K(1864192K), 0.1431232 secs] [Times: user=0.85 sys=0.00, real=0.14 secs] 
5419.071: [GC (Allocation Failure) [PSYoungGen: 322369K->206784K(465920K)] 1043589K->1011621K(1864192K), 0.0622533 secs] [Times: user=0.37 sys=0.00, real=0.06 secs] 
5422.324: [GC (Allocation Failure) [PSYoungGen: 439744K->87136K(465920K)] 1244581K->1064201K(1864192K), 0.1139223 secs] [Times: user=0.68 sys=0.00, real=0.12 secs] 
5423.549: [GC (Allocation Failure) [PSYoungGen: 320096K->157920K(465920K)] 1297161K->1214992K(1864192K), 0.0593992 secs] [Times: user=0.36 sys=0.00, real=0.06 secs] 
5426.235: [GC (Allocation Failure) [PSYoungGen: 390880K->99776K(465920K)] 1447952K->1314628K(1864192K), 0.1048750 secs] [Times: user=0.62 sys=0.00, real=0.10 secs] 
5426.340: [Full GC (Ergonomics) [PSYoungGen: 99776K->0K(465920K)] [ParOldGen: 1214852K->113850K(1398272K)] 1314628K->113850K(1864192K), [Metaspace: 59681K->59681K(1105920K)], 0.2629486 secs] [Times: user=1.21 sys=0.00, real=0.26 secs] 
5427.705: [GC (Allocation Failure) [PSYoungGen: 232960K->148448K(465920K)] 346810K->262298K(1864192K), 0.0532208 secs] [Times: user=0.32 sys=0.00, real=0.05 secs] 
5431.064: [GC (Allocation Failure) [PSYoungGen: 381408K->113888K(460800K)] 495258K->376290K(1859072K), 0.0971823 secs] [Times: user=0.58 sys=0.01, real=0.10 secs] 
5432.268: [GC (Allocation Failure) [PSYoungGen: 346848K->134688K(368128K)] 609250K->500442K(1766400K), 0.0611802 secs] [Times: user=0.36 sys=0.00, real=0.06 secs] 
5434.507: [GC (Allocation Failure) [PSYoungGen: 367648K->131648K(471040K)] 733402K->631650K(1869312K), 0.0605653 secs] [Times: user=0.36 sys=0.01, real=0.06 secs] 
5435.695: [GC (Allocation Failure) [PSYoungGen: 380480K->5056K(462848K)] 880482K->505294K(1861120K), 0.0034350 secs] [Times: user=0.02 sys=0.00, real=0.00 secs] 
5438.939: [GC (Allocation Failure) [PSYoungGen: 253888K->179872K(459776K)] 754126K->683286K(1858048K), 0.0346478 secs] [Times: user=0.20 sys=0.00, real=0.03 secs] 
5440.406: [GC (Allocation Failure) [PSYoungGen: 412832K->97792K(465920K)] 916246K->763774K(1864192K), 0.0900923 secs] [Times: user=0.53 sys=0.00, real=0.09 secs] 
5442.466: [GC (Allocation Failure) [PSYoungGen: 319612K->160672K(464896K)] 985595K->921427K(1863168K), 0.0515454 secs] [Times: user=0.31 sys=0.00, real=0.05 secs] 
5444.082: [GC (Allocation Failure) [PSYoungGen: 393632K->97280K(330752K)] 1154387K->1009759K(1729024K), 0.1051867 secs] [Times: user=0.62 sys=0.00, real=0.11 secs] 
5445.943: [GC (Allocation Failure) [PSYoungGen: 330240K->166272K(458752K)] 1242719K->1171596K(1857024K), 0.0513720 secs] [Times: user=0.31 sys=0.00, real=0.06 secs] 
5448.050: [GC (Allocation Failure) [PSYoungGen: 396160K->87328K(462848K)] 1401484K->1258076K(1861120K), 0.1560388 secs] [Times: user=0.93 sys=0.00, real=0.16 secs] 
5448.206: [Full GC (Ergonomics) [PSYoungGen: 87328K->0K(462848K)] [ParOldGen: 1170748K->56691K(1398272K)] 1258076K->56691K(1861120K), [Metaspace: 59681K->59681K(1105920K)], 0.1522677 secs] [Times: user=0.69 sys=0.00, real=0.15 secs] 
5449.053: [GC (Allocation Failure) [PSYoungGen: 229888K->168064K(463360K)] 286579K->224755K(1861632K), 0.0352481 secs] [Times: user=0.20 sys=0.00, real=0.04 secs] 
5451.168: [GC (Allocation Failure) [PSYoungGen: 401024K->91968K(465920K)] 457715K->316283K(1864192K), 0.1427573 secs] [Times: user=0.85 sys=0.00, real=0.14 secs] 
5451.596: [GC (Allocation Failure) [PSYoungGen: 324928K->174336K(464896K)] 549243K->484472K(1863168K), 0.0575025 secs] [Times: user=0.34 sys=0.00, real=0.05 secs] 
5454.027: [GC (Allocation Failure) [PSYoungGen: 407296K->91872K(465920K)] 717432K->575748K(1864192K), 0.1385067 secs] [Times: user=0.83 sys=0.00, real=0.14 secs] 
5455.638: [GC (Allocation Failure) [PSYoungGen: 324832K->205760K(465920K)] 808708K->775257K(1864192K), 0.0630322 secs] [Times: user=0.38 sys=0.00, real=0.06 secs] 
5457.720: [GC (Allocation Failure) [PSYoungGen: 436162K->93088K(465920K)] 1005659K->827041K(1864192K), 0.1060813 secs] [Times: user=0.63 sys=0.00, real=0.11 secs] 
5459.544: [GC (Allocation Failure) [PSYoungGen: 326048K->151008K(465920K)] 1060001K->971480K(1864192K), 0.0598974 secs] [Times: user=0.36 sys=0.00, real=0.06 secs] 
5461.305: [GC (Allocation Failure) [PSYoungGen: 383968K->107072K(465920K)] 1204440K->1078512K(1864192K), 0.0817902 secs] [Times: user=0.48 sys=0.00, real=0.08 secs] 
5463.164: [GC (Allocation Failure) [PSYoungGen: 340032K->141376K(462848K)] 1311472K->1209223K(1861120K), 0.0611295 secs] [Times: user=0.36 sys=0.00, real=0.07 secs] 
5465.069: [GC (Allocation Failure) [PSYoungGen: 374336K->124256K(357376K)] 1442183K->1333247K(1755648K), 0.0722857 secs] [Times: user=0.43 sys=0.00, real=0.07 secs] 
5465.142: [Full GC (Ergonomics) [PSYoungGen: 124256K->0K(357376K)] [ParOldGen: 1208991K->138313K(1398272K)] 1333247K->138313K(1755648K), [Metaspace: 59681K->59681K(1105920K)], 0.3171837 secs] [Times: user=1.45 sys=0.00, real=0.32 secs] 
5466.949: [GC (Allocation Failure) [PSYoungGen: 232960K->123872K(467968K)] 371273K->262185K(1866240K), 0.0424784 secs] [Times: user=0.26 sys=0.01, real=0.04 secs] 
5470.080: [GC (Allocation Failure) [PSYoungGen: 369632K->156096K(459776K)] 507945K->418041K(1858048K), 0.0619731 secs] [Times: user=0.37 sys=0.00, real=0.06 secs] 
5471.257: [GC (Allocation Failure) [PSYoungGen: 401856K->15424K(460800K)] 663801K->277477K(1859072K), 0.0039927 secs] [Times: user=0.02 sys=0.00, real=0.00 secs] 
5473.318: [GC (Allocation Failure) [PSYoungGen: 259302K->171104K(416768K)] 521355K->444890K(1815040K), 0.0364418 secs] [Times: user=0.21 sys=0.00, real=0.03 secs] 
5475.431: [GC (Allocation Failure) [PSYoungGen: 416352K->105344K(471552K)] 690138K->541122K(1869824K), 0.1789942 secs] [Times: user=1.07 sys=0.00, real=0.18 secs] 
5476.342: [GC (Allocation Failure) [PSYoungGen: 343936K->172384K(465920K)] 779714K->710019K(1864192K), 0.0536057 secs] [Times: user=0.31 sys=0.00, real=0.06 secs] 
5478.996: [GC (Allocation Failure) [PSYoungGen: 410976K->94720K(468480K)] 948611K->804195K(1866752K), 0.1352241 secs] [Times: user=0.80 sys=0.00, real=0.13 secs] 
5480.335: [GC (Allocation Failure) [PSYoungGen: 330240K->175840K(465920K)] 1039715K->974364K(1864192K), 0.1412420 secs] [Times: user=0.85 sys=0.00, real=0.14 secs] 
5483.917: [GC (Allocation Failure) [PSYoungGen: 411360K->82528K(465920K)] 1209884K->1056928K(1864192K), 0.1406583 secs] [Times: user=0.84 sys=0.00, real=0.14 secs] 
5485.185: [GC (Allocation Failure) [PSYoungGen: 315488K->165216K(465920K)] 1289888K->1214813K(1864192K), 0.0621091 secs] [Times: user=0.37 sys=0.00, real=0.06 secs] 
5487.196: [GC (Allocation Failure) [PSYoungGen: 398092K->93632K(465920K)] 1447690K->1308697K(1864192K), 0.1056090 secs] [Times: user=0.62 sys=0.00, real=0.10 secs] 
5487.302: [Full GC (Ergonomics) [PSYoungGen: 93632K->0K(465920K)] [ParOldGen: 1215065K->107700K(1398272K)] 1308697K->107700K(1864192K), [Metaspace: 59681K->59681K(1105920K)], 0.2549141 secs] [Times: user=1.16 sys=0.01, real=0.26 secs] 
5488.648: [GC (Allocation Failure) [PSYoungGen: 232960K->150816K(465920K)] 340660K->258516K(1864192K), 0.0427737 secs] [Times: user=0.25 sys=0.00, real=0.04 secs] 
5491.352: [GC (Allocation Failure) [PSYoungGen: 383776K->115840K(449536K)] 491476K->374588K(1847808K), 0.0932259 secs] [Times: user=0.55 sys=0.00, real=0.10 secs] 
5492.570: [GC (Allocation Failure) [PSYoungGen: 348800K->140928K(457728K)] 607548K->496161K(1856000K), 0.0649312 secs] [Times: user=0.37 sys=0.00, real=0.07 secs] 
5495.570: [GC (Allocation Failure) [PSYoungGen: 373888K->123968K(454144K)] 729121K->620237K(1852416K), 0.0789784 secs] [Times: user=0.47 sys=0.00, real=0.08 secs] 
5496.786: [GC (Allocation Failure) [PSYoungGen: 377920K->3488K(465920K)] 874189K->499797K(1864192K), 0.0031516 secs] [Times: user=0.01 sys=0.00, real=0.00 secs] 
5499.078: [GC (Allocation Failure) [PSYoungGen: 257440K->181408K(457728K)] 753749K->679354K(1856000K), 0.0345346 secs] [Times: user=0.20 sys=0.00, real=0.03 secs] 
5500.455: [GC (Allocation Failure) [PSYoungGen: 412324K->98304K(465920K)] 910270K->760090K(1864192K), 0.1017753 secs] [Times: user=0.61 sys=0.00, real=0.10 secs] 
5502.529: [GC (Allocation Failure) [PSYoungGen: 326188K->160096K(463360K)] 987974K->917094K(1861632K), 0.0514172 secs] [Times: user=0.30 sys=0.00, real=0.05 secs] 
5504.616: [GC (Allocation Failure) [PSYoungGen: 393056K->94464K(327680K)] 1150054K->1002654K(1725952K), 0.1819605 secs] [Times: user=1.08 sys=0.01, real=0.18 secs] 
5505.705: [GC (Allocation Failure) [PSYoungGen: 327424K->189888K(459264K)] 1235614K->1188295K(1857536K), 0.0522346 secs] [Times: user=0.30 sys=0.00, real=0.05 secs] 
5508.518: [GC (Allocation Failure) [PSYoungGen: 420800K->85888K(463872K)] 1419207K->1257627K(1862144K), 0.1880307 secs] [Times: user=1.12 sys=0.00, real=0.19 secs] 
5508.706: [Full GC (Ergonomics) [PSYoungGen: 85888K->0K(463872K)] [ParOldGen: 1171739K->61373K(1398272K)] 1257627K->61373K(1862144K), [Metaspace: 59681K->59681K(1105920K)], 0.1718771 secs] [Times: user=0.80 sys=0.00, real=0.17 secs] 
5509.902: [GC (Allocation Failure) [PSYoungGen: 230912K->170304K(465920K)] 292285K->231677K(1864192K), 0.0340651 secs] [Times: user=0.20 sys=0.00, real=0.04 secs] 
5513.200: [GC (Allocation Failure) [PSYoungGen: 403264K->83360K(465920K)] 464637K->314793K(1864192K), 0.1278331 secs] [Times: user=0.74 sys=0.01, real=0.13 secs] 
5514.251: [GC (Allocation Failure) [PSYoungGen: 316320K->178624K(465920K)] 547753K->486974K(1864192K), 0.0570692 secs] [Times: user=0.34 sys=0.00, real=0.06 secs] 
5518.440: [GC (Allocation Failure) [PSYoungGen: 411584K->77088K(465920K)] 719934K->564182K(1864192K), 0.1617498 secs] [Times: user=0.97 sys=0.01, real=0.16 secs] 
5519.032: [GC (Allocation Failure) [PSYoungGen: 308034K->209824K(465920K)] 795128K->767562K(1864192K), 0.0568819 secs] [Times: user=0.33 sys=0.01, real=0.06 secs] 
5522.605: [GC (Allocation Failure) [PSYoungGen: 442784K->83712K(465920K)] 1000522K->817706K(1864192K), 0.1223159 secs] [Times: user=0.73 sys=0.00, real=0.12 secs] 
5523.849: [GC (Allocation Failure) [PSYoungGen: 316672K->160768K(465920K)] 1050666K->971927K(1864192K), 0.0597907 secs] [Times: user=0.35 sys=0.00, real=0.06 secs] 
5526.488: [GC (Allocation Failure) [PSYoungGen: 389336K->93472K(465920K)] 1200496K->1065167K(1864192K), 0.0994473 secs] [Times: user=0.59 sys=0.00, real=0.10 secs] 
5527.761: [GC (Allocation Failure) [PSYoungGen: 326432K->150816K(465920K)] 1298127K->1209082K(1864192K), 0.0601957 secs] [Times: user=0.36 sys=0.00, real=0.06 secs] 
5530.689: [GC (Allocation Failure) [PSYoungGen: 383776K->106272K(465920K)] 1442042K->1315594K(1864192K), 0.0935719 secs] [Times: user=0.56 sys=0.00, real=0.09 secs] 
5530.783: [Full GC (Ergonomics) [PSYoungGen: 106272K->0K(465920K)] [ParOldGen: 1209322K->120298K(1398272K)] 1315594K->120298K(1864192K), [Metaspace: 59681K->59681K(1105920K)], 0.2729686 secs] [Times: user=1.24 sys=0.00, real=0.28 secs] 
5532.130: [GC (Allocation Failure) [PSYoungGen: 232960K->142304K(465920K)] 353258K->262602K(1864192K), 0.0519211 secs] [Times: user=0.30 sys=0.01, real=0.05 secs] 
5534.551: [GC (Allocation Failure) [PSYoungGen: 375264K->125312K(358400K)] 495562K->387666K(1756672K), 0.0830891 secs] [Times: user=0.49 sys=0.00, real=0.08 secs] 
5535.778: [GC (Allocation Failure) [PSYoungGen: 358272K->123552K(466944K)] 620626K->500147K(1865216K), 0.0622951 secs] [Times: user=0.37 sys=0.00, real=0.06 secs] 
5537.440: [GC (Allocation Failure) [PSYoungGen: 365216K->153536K(458240K)] 741811K->653407K(1856512K), 0.0579409 secs] [Times: user=0.34 sys=0.00, real=0.06 secs] 
5538.604: [GC (Allocation Failure) [PSYoungGen: 395200K->14752K(459264K)] 895071K->514663K(1857536K), 0.0042837 secs] [Times: user=0.02 sys=0.00, real=0.00 secs] 
5540.735: [GC (Allocation Failure) [PSYoungGen: 250361K->170528K(413184K)] 750272K->682720K(1811456K), 0.0363153 secs] [Times: user=0.21 sys=0.00, real=0.03 secs] 
5543.015: [GC (Allocation Failure) [PSYoungGen: 412704K->97696K(468992K)] 924896K->771688K(1867264K), 0.1242474 secs] [Times: user=0.73 sys=0.00, real=0.12 secs] 
5544.433: [GC (Allocation Failure) [PSYoungGen: 333728K->166048K(465920K)] 1007720K->934276K(1864192K), 0.0680082 secs] [Times: user=0.40 sys=0.00, real=0.07 secs] 
5547.002: [GC (Allocation Failure) [PSYoungGen: 399403K->91104K(466432K)] 1167632K->1025220K(1864704K), 0.1599591 secs] [Times: user=0.95 sys=0.00, real=0.16 secs] 
5548.065: [GC (Allocation Failure) [PSYoungGen: 326624K->172288K(465920K)] 1260740K->1193925K(1864192K), 0.0643722 secs] [Times: user=0.38 sys=0.00, real=0.06 secs] 
5552.436: [GC (Allocation Failure) [PSYoungGen: 407808K->76160K(465920K)] 1429445K->1270101K(1864192K), 0.1630967 secs] [Times: user=0.96 sys=0.01, real=0.16 secs] 
5552.600: [Full GC (Ergonomics) [PSYoungGen: 76160K->0K(465920K)] [ParOldGen: 1193941K->68484K(1398272K)] 1270101K->68484K(1864192K), [Metaspace: 59681K->59661K(1105920K)], 0.1903613 secs] [Times: user=0.86 sys=0.00, real=0.19 secs] 
5553.279: [GC (Allocation Failure) [PSYoungGen: 232960K->178624K(465920K)] 301444K->247108K(1864192K), 0.0382930 secs] [Times: user=0.23 sys=0.00, real=0.04 secs] 
5556.533: [GC (Allocation Failure) [PSYoungGen: 411584K->86208K(465920K)] 480068K->333320K(1864192K), 0.1272097 secs] [Times: user=0.75 sys=0.00, real=0.13 secs] 
5557.163: [GC (Allocation Failure) [PSYoungGen: 319168K->205312K(465920K)] 566280K->532517K(1864192K), 0.0593530 secs] [Times: user=0.35 sys=0.00, real=0.06 secs] 
5560.086: [GC (Allocation Failure) [PSYoungGen: 438272K->91904K(465920K)] 765477K->588909K(1864192K), 0.1075479 secs] [Times: user=0.64 sys=0.00, real=0.10 secs] 
5561.352: [GC (Allocation Failure) [PSYoungGen: 324864K->152160K(465920K)] 821869K->734668K(1864192K), 0.0600122 secs] [Times: user=0.36 sys=0.00, real=0.06 secs] 
5563.819: [GC (Allocation Failure) [PSYoungGen: 385120K->103616K(465920K)] 967628K->838220K(1864192K), 0.0963170 secs] [Times: user=0.57 sys=0.00, real=0.10 secs] 
5565.053: [GC (Allocation Failure) [PSYoungGen: 336576K->144608K(465920K)] 1071180K->971828K(1864192K), 0.0607774 secs] [Times: user=0.36 sys=0.00, real=0.06 secs] 
5566.693: [GC (Allocation Failure) [PSYoungGen: 377568K->121856K(455680K)] 1204788K->1093908K(1853952K), 0.0721093 secs] [Times: user=0.43 sys=0.00, real=0.08 secs] 
5567.887: [GC (Allocation Failure) [PSYoungGen: 354816K->126592K(460800K)] 1326868K->1209795K(1859072K), 0.0624000 secs] [Times: user=0.37 sys=0.00, real=0.06 secs] 
5570.104: [GC (Allocation Failure) [PSYoungGen: 359552K->142592K(467456K)] 1442755K->1352363K(1865728K), 0.0582847 secs] [Times: user=0.35 sys=0.00, real=0.06 secs] 
5570.163: [Full GC (Ergonomics) [PSYoungGen: 142592K->0K(467456K)] [ParOldGen: 1209771K->157058K(1398272K)] 1352363K->157058K(1865728K), [Metaspace: 59661K->59661K(1105920K)], 0.3675330 secs] [Times: user=1.70 sys=0.00, real=0.37 secs] 
5571.640: [GC (Allocation Failure) [PSYoungGen: 251904K->119328K(466432K)] 408962K->276386K(1864704K), 0.0386611 secs] [Times: user=0.23 sys=0.00, real=0.04 secs] 
5574.684: [GC (Allocation Failure) [PSYoungGen: 370928K->171264K(468992K)] 527986K->445491K(1867264K), 0.0613241 secs] [Times: user=0.36 sys=0.00, real=0.07 secs] 
5577.666: [GC (Allocation Failure) [PSYoungGen: 432049K->113024K(476672K)] 706276K->549455K(1874944K), 0.1814302 secs] [Times: user=1.08 sys=0.00, real=0.18 secs] 
5579.103: [GC (Allocation Failure) [PSYoungGen: 373769K->210912K(443904K)] 810201K->772668K(1842176K), 0.0625381 secs] [Times: user=0.37 sys=0.00, real=0.07 secs] 
5582.242: [GC (Allocation Failure) [PSYoungGen: 443872K->83328K(465920K)] 1005628K->822576K(1864192K), 0.1145579 secs] [Times: user=0.68 sys=0.00, real=0.12 secs] 
5583.500: [GC (Allocation Failure) [PSYoungGen: 316288K->161376K(465920K)] 1055536K->977104K(1864192K), 0.0596803 secs] [Times: user=0.36 sys=0.00, real=0.06 secs] 
5586.121: [GC (Allocation Failure) [PSYoungGen: 387369K->92928K(465920K)] 1203098K->1069616K(1864192K), 0.0961869 secs] [Times: user=0.57 sys=0.00, real=0.10 secs] 
5587.361: [GC (Allocation Failure) [PSYoungGen: 325888K->151040K(465920K)] 1302576K->1214333K(1864192K), 0.0610013 secs] [Times: user=0.36 sys=0.00, real=0.06 secs] 
5589.168: [GC (Allocation Failure) [PSYoungGen: 384000K->107328K(465920K)] 1447293K->1321273K(1864192K), 0.0932716 secs] [Times: user=0.56 sys=0.00, real=0.09 secs] 
5589.262: [Full GC (Ergonomics) [PSYoungGen: 107328K->0K(465920K)] [ParOldGen: 1213945K->121331K(1398272K)] 1321273K->121331K(1864192K), [Metaspace: 59666K->59666K(1105920K)], 0.2806421 secs] [Times: user=1.29 sys=0.00, real=0.28 secs] 
5590.620: [GC (Allocation Failure) [PSYoungGen: 232960K->141568K(465920K)] 354291K->262899K(1864192K), 0.0516975 secs] [Times: user=0.31 sys=0.00, real=0.05 secs] 
5593.600: [GC (Allocation Failure) [PSYoungGen: 374528K->124448K(465920K)] 495859K->386963K(1864192K), 0.0860933 secs] [Times: user=0.51 sys=0.00, real=0.09 secs] 
5594.821: [GC (Allocation Failure) [PSYoungGen: 357408K->124096K(454656K)] 619923K->500900K(1852928K), 0.0630400 secs] [Times: user=0.37 sys=0.01, real=0.06 secs] 
5597.368: [GC (Allocation Failure) [PSYoungGen: 357056K->139232K(460288K)] 733860K->639724K(1858560K), 0.0636949 secs] [Times: user=0.38 sys=0.00, real=0.06 secs] 
5598.555: [GC (Allocation Failure) [PSYoungGen: 372192K->3104K(452096K)] 872684K->503668K(1850368K), 0.0024301 secs] [Times: user=0.01 sys=0.00, real=0.00 secs] 
5600.955: [GC (Allocation Failure) [PSYoungGen: 236064K->163648K(465920K)] 736628K->665593K(1864192K), 0.0311111 secs] [Times: user=0.18 sys=0.00, real=0.03 secs] 
5602.074: [GC (Allocation Failure) [PSYoungGen: 396608K->105792K(460800K)] 898553K->753673K(1859072K), 0.0684132 secs] [Times: user=0.40 sys=0.00, real=0.07 secs] 
5605.053: [GC (Allocation Failure) [PSYoungGen: 338752K->162528K(463360K)] 986633K->913854K(1861632K), 0.0543379 secs] [Times: user=0.32 sys=0.00, real=0.06 secs] 
5606.188: [GC (Allocation Failure) [PSYoungGen: 395488K->99936K(460800K)] 1146814K->1004458K(1859072K), 0.0678658 secs] [Times: user=0.40 sys=0.00, real=0.07 secs] 
5608.475: [GC (Allocation Failure) [PSYoungGen: 324279K->160224K(463360K)] 1228801K->1160905K(1861632K), 0.0517467 secs] [Times: user=0.31 sys=0.00, real=0.05 secs] 
5610.346: [GC (Allocation Failure) [PSYoungGen: 395744K->100064K(463360K)] 1396425K->1251601K(1861632K), 0.1753078 secs] [Times: user=1.05 sys=0.00, real=0.17 secs] 
5611.942: [GC (Allocation Failure) [PSYoungGen: 340704K->170176K(465920K)] 1492241K->1417918K(1864192K), 0.0525517 secs] [Times: user=0.31 sys=0.00, real=0.06 secs] 
5611.995: [Full GC (Ergonomics) [PSYoungGen: 170176K->0K(465920K)] [ParOldGen: 1247742K->215477K(1398272K)] 1417918K->215477K(1864192K), [Metaspace: 59666K->59666K(1105920K)], 0.4989556 secs] [Times: user=2.33 sys=0.00, real=0.49 secs] 
5614.572: [GC (Allocation Failure) [PSYoungGen: 240640K->97216K(468992K)] 456117K->312693K(1867264K), 0.1278996 secs] [Times: user=0.76 sys=0.00, real=0.13 secs] 
5615.097: [GC (Allocation Failure) [PSYoungGen: 336832K->183072K(422912K)] 552309K->489958K(1821184K), 0.0601778 secs] [Times: user=0.36 sys=0.00, real=0.06 secs] 
5618.729: [GC (Allocation Failure) [PSYoungGen: 422688K->86720K(465920K)] 729574K->576638K(1864192K), 0.1252550 secs] [Times: user=0.74 sys=0.00, real=0.12 secs] 
5619.959: [GC (Allocation Failure) [PSYoungGen: 319680K->159808K(465920K)] 809598K->729939K(1864192K), 0.0613204 secs] [Times: user=0.36 sys=0.00, real=0.06 secs] 
5622.877: [GC (Allocation Failure) [PSYoungGen: 392768K->115136K(457728K)] 962899K->844479K(1856000K), 0.1041077 secs] [Times: user=0.62 sys=0.00, real=0.10 secs] 
5624.089: [GC (Allocation Failure) [PSYoungGen: 348096K->149888K(461824K)] 1077439K->967390K(1860096K), 0.0604504 secs] [Times: user=0.35 sys=0.00, real=0.06 secs] 
5626.155: [GC (Allocation Failure) [PSYoungGen: 382848K->120096K(453120K)] 1200350K->1087046K(1851392K), 0.0876100 secs] [Times: user=0.52 sys=0.00, real=0.08 secs] 
5627.416: [GC (Allocation Failure) [PSYoungGen: 363808K->640K(462336K)] 1330758K->967694K(1860608K), 0.0034992 secs] [Times: user=0.01 sys=0.00, real=0.00 secs] 
5630.157: [GC (Allocation Failure) [PSYoungGen: 244352K->147488K(466944K)] 1211406K->1114562K(1865216K), 0.0299087 secs] [Times: user=0.18 sys=0.00, real=0.03 secs] 
5631.271: [GC (Allocation Failure) [PSYoungGen: 382496K->5952K(241152K)] 1349570K->973178K(1639424K), 0.0039529 secs] [Times: user=0.02 sys=0.00, real=0.01 secs] 
5633.857: [GC (Allocation Failure) [PSYoungGen: 240960K->161760K(465920K)] 1208186K->1132887K(1864192K), 0.0333681 secs] [Times: user=0.19 sys=0.00, real=0.03 secs] 
5634.976: [GC (Allocation Failure) [PSYoungGen: 394720K->101600K(465920K)] 1365847K->1225239K(1864192K), 0.0686723 secs] [Times: user=0.40 sys=0.01, real=0.07 secs] 
5636.608: [GC (Allocation Failure) [PSYoungGen: 333628K->166336K(465920K)] 1457268K->1388952K(1864192K), 0.0539056 secs] [Times: user=0.31 sys=0.00, real=0.05 secs] 
5636.662: [Full GC (Ergonomics) [PSYoungGen: 166336K->0K(465920K)] [ParOldGen: 1222616K->197631K(1398272K)] 1388952K->197631K(1864192K), [Metaspace: 59666K->59666K(1105920K)], 0.4700017 secs] [Times: user=2.18 sys=0.00, real=0.47 secs] 
5639.474: [GC (Allocation Failure) [PSYoungGen: 232960K->96512K(465920K)] 430591K->294143K(1864192K), 0.0438790 secs] [Times: user=0.26 sys=0.00, real=0.05 secs] 
5641.095: [GC (Allocation Failure) [PSYoungGen: 329472K->165312K(465920K)] 527103K->455683K(1864192K), 0.0500981 secs] [Times: user=0.30 sys=0.00, real=0.05 secs] 
5643.188: [GC (Allocation Failure) [PSYoungGen: 398272K->93728K(465920K)] 688643K->548687K(1864192K), 0.1424187 secs] [Times: user=0.85 sys=0.00, real=0.14 secs] 
5645.141: [GC (Allocation Failure) [PSYoungGen: 326688K->161024K(465920K)] 781647K->706392K(1864192K), 0.1472276 secs] [Times: user=0.88 sys=0.00, real=0.15 secs] 
5647.693: [GC (Allocation Failure) [PSYoungGen: 393984K->90368K(323584K)] 939352K->796448K(1721856K), 0.1359772 secs] [Times: user=0.81 sys=0.01, real=0.14 secs] 
5648.688: [GC (Allocation Failure) [PSYoungGen: 323328K->169728K(463872K)] 1029408K->960485K(1862144K), 0.0874801 secs] [Times: user=0.52 sys=0.00, real=0.09 secs] 
5651.699: [GC (Allocation Failure) [PSYoungGen: 401664K->85152K(464896K)] 1192421K->1045057K(1863168K), 0.1229858 secs] [Times: user=0.73 sys=0.00, real=0.12 secs] 
5652.178: [GC (Allocation Failure) [PSYoungGen: 317088K->174656K(465920K)] 1276993K->1213534K(1864192K), 0.0738605 secs] [Times: user=0.44 sys=0.00, real=0.07 secs] 
5655.099: [GC (Allocation Failure) [PSYoungGen: 407616K->85088K(465920K)] 1446494K->1298670K(1864192K), 0.1051932 secs] [Times: user=0.62 sys=0.00, real=0.10 secs] 
5655.204: [Full GC (Ergonomics) [PSYoungGen: 85088K->0K(465920K)] [ParOldGen: 1213582K->96702K(1398272K)] 1298670K->96702K(1864192K), [Metaspace: 59666K->59666K(1105920K)], 0.2217523 secs] [Times: user=1.00 sys=0.00, real=0.23 secs] 
5656.591: [GC (Allocation Failure) [PSYoungGen: 232960K->161920K(465920K)] 329662K->258622K(1864192K), 0.0474046 secs] [Times: user=0.26 sys=0.00, real=0.05 secs] 
5659.219: [GC (Allocation Failure) [PSYoungGen: 390472K->92960K(465920K)] 487175K->351646K(1864192K), 0.0971634 secs] [Times: user=0.58 sys=0.00, real=0.10 secs] 
5660.461: [GC (Allocation Failure) [PSYoungGen: 325920K->150880K(465920K)] 584606K->496135K(1864192K), 0.0593422 secs] [Times: user=0.35 sys=0.01, real=0.06 secs] 
5662.292: [GC (Allocation Failure) [PSYoungGen: 383840K->104928K(337920K)] 729095K->601247K(1736192K), 0.0913616 secs] [Times: user=0.54 sys=0.00, real=0.09 secs] 
5663.553: [GC (Allocation Failure) [PSYoungGen: 337888K->143424K(463360K)] 834207K->733780K(1861632K), 0.0606250 secs] [Times: user=0.36 sys=0.00, real=0.06 secs] 
5665.232: [GC (Allocation Failure) [PSYoungGen: 379456K->128832K(460288K)] 969812K->862732K(1858560K), 0.0725083 secs] [Times: user=0.43 sys=0.00, real=0.08 secs] 
5666.485: [GC (Allocation Failure) [PSYoungGen: 364864K->2336K(450560K)] 1098764K->736276K(1848832K), 0.0021581 secs] [Times: user=0.01 sys=0.00, real=0.00 secs] 
5668.425: [GC (Allocation Failure) [PSYoungGen: 237344K->156320K(462848K)] 971284K->891529K(1861120K), 0.0306707 secs] [Times: user=0.18 sys=0.00, real=0.03 secs] 
5669.751: [GC (Allocation Failure) [PSYoungGen: 391328K->101216K(458240K)] 1126537K->983777K(1856512K), 0.0671047 secs] [Times: user=0.39 sys=0.01, real=0.07 secs] 
5670.841: [GC (Allocation Failure) [PSYoungGen: 339808K->171680K(462336K)] 1222369K->1153637K(1860608K), 0.0541640 secs] [Times: user=0.32 sys=0.00, real=0.06 secs] 
5672.753: [GC (Allocation Failure) [PSYoungGen: 410272K->100704K(467968K)] 1392229K->1245261K(1866240K), 0.1230074 secs] [Times: user=0.74 sys=0.00, real=0.13 secs] 
5673.280: [GC (Allocation Failure) [PSYoungGen: 340832K->173184K(465920K)] 1485389K->1415098K(1864192K), 0.0530746 secs] [Times: user=0.31 sys=0.00, real=0.05 secs] 
5673.333: [Full GC (Ergonomics) [PSYoungGen: 173184K->0K(465920K)] [ParOldGen: 1241914K->217956K(1398272K)] 1415098K->217956K(1864192K), [Metaspace: 59667K->59667K(1105920K)], 0.5013595 secs] [Times: user=2.34 sys=0.00, real=0.51 secs] 
5677.663: [GC (Allocation Failure) [PSYoungGen: 240128K->90432K(468992K)] 458084K->308388K(1867264K), 0.1444924 secs] [Times: user=0.86 sys=0.01, real=0.15 secs] 
5678.487: [GC (Allocation Failure) [PSYoungGen: 326464K->176256K(465920K)] 544420K->478140K(1864192K), 0.0870739 secs] [Times: user=0.52 sys=0.00, real=0.08 secs] 
5680.658: [GC (Allocation Failure) [PSYoungGen: 412288K->92800K(465920K)] 714172K->570412K(1864192K), 0.1437123 secs] [Times: user=0.86 sys=0.00, real=0.14 secs] 
5682.305: [GC (Allocation Failure) [PSYoungGen: 325760K->207392K(465920K)] 803372K->771389K(1864192K), 0.0657709 secs] [Times: user=0.39 sys=0.00, real=0.06 secs] 
5683.923: [GC (Allocation Failure) [PSYoungGen: 432488K->92608K(465920K)] 996486K->823181K(1864192K), 0.0877645 secs] [Times: user=0.52 sys=0.00, real=0.09 secs] 
5685.665: [GC (Allocation Failure) [PSYoungGen: 325568K->151264K(465920K)] 1056141K->968370K(1864192K), 0.0603308 secs] [Times: user=0.36 sys=0.00, real=0.06 secs] 
5688.368: [GC (Allocation Failure) [PSYoungGen: 384224K->105024K(465920K)] 1201330K->1072858K(1864192K), 0.0933248 secs] [Times: user=0.55 sys=0.00, real=0.09 secs] 
5689.584: [GC (Allocation Failure) [PSYoungGen: 337984K->143616K(465920K)] 1305818K->1206215K(1864192K), 0.0613508 secs] [Times: user=0.37 sys=0.00, real=0.07 secs] 
5692.474: [GC (Allocation Failure) [PSYoungGen: 376576K->119744K(448512K)] 1439175K->1325343K(1846784K), 0.0778288 secs] [Times: user=0.46 sys=0.00, real=0.08 secs] 
5692.552: [Full GC (Ergonomics) [PSYoungGen: 119744K->0K(448512K)] [ParOldGen: 1205599K->134232K(1398272K)] 1325343K->134232K(1846784K), [Metaspace: 59667K->59667K(1105920K)], 0.3049059 secs] [Times: user=1.39 sys=0.00, real=0.31 secs] 
5693.942: [GC (Allocation Failure) [PSYoungGen: 232960K->128736K(457216K)] 367192K->262968K(1855488K), 0.0467905 secs] [Times: user=0.27 sys=0.00, real=0.05 secs] 
5696.291: [GC (Allocation Failure) [PSYoungGen: 361696K->135712K(464384K)] 495928K->398709K(1862656K), 0.0719829 secs] [Times: user=0.43 sys=0.00, real=0.07 secs] 
5697.503: [GC (Allocation Failure) [PSYoungGen: 395808K->10912K(468992K)] 658805K->274029K(1867264K), 0.0039006 secs] [Times: user=0.01 sys=0.00, real=0.01 secs] 
5699.889: [GC (Allocation Failure) [PSYoungGen: 258453K->173984K(457216K)] 521570K->445825K(1855488K), 0.0362168 secs] [Times: user=0.22 sys=0.00, real=0.04 secs] 
5701.766: [GC (Allocation Failure) [PSYoungGen: 410016K->95712K(467456K)] 681857K->532697K(1865728K), 0.1710613 secs] [Times: user=1.02 sys=0.00, real=0.17 secs] 
5703.506: [GC (Allocation Failure) [PSYoungGen: 331744K->184864K(458240K)] 768729K->713394K(1856512K), 0.0511587 secs] [Times: user=0.30 sys=0.00, real=0.05 secs] 
5706.065: [GC (Allocation Failure) [PSYoungGen: 417824K->89376K(465920K)] 946354K->785402K(1864192K), 0.1671387 secs] [Times: user=1.00 sys=0.00, real=0.16 secs] 
5707.483: [GC (Allocation Failure) [PSYoungGen: 322336K->170176K(465920K)] 1018362K->951063K(1864192K), 0.0555272 secs] [Times: user=0.33 sys=0.00, real=0.06 secs] 
5709.970: [GC (Allocation Failure) [PSYoungGen: 403136K->83360K(465920K)] 1184023K->1034175K(1864192K), 0.1636578 secs] [Times: user=0.97 sys=0.00, real=0.16 secs] 
5710.622: [GC (Allocation Failure) [PSYoungGen: 316320K->178528K(465920K)] 1267135K->1206260K(1864192K), 0.0577802 secs] [Times: user=0.34 sys=0.00, real=0.06 secs] 
5713.900: [GC (Allocation Failure) [PSYoungGen: 411488K->85792K(465920K)] 1439220K->1292052K(1864192K), 0.1281840 secs] [Times: user=0.76 sys=0.00, real=0.13 secs] 
5714.028: [Full GC (Ergonomics) [PSYoungGen: 85792K->0K(465920K)] [ParOldGen: 1206260K->89999K(1398272K)] 1292052K->89999K(1864192K), [Metaspace: 59667K->59667K(1105920K)], 0.2163669 secs] [Times: user=0.99 sys=0.00, real=0.22 secs] 
5714.790: [GC (Allocation Failure) [PSYoungGen: 232945K->204064K(465920K)] 322945K->294063K(1864192K), 0.0384341 secs] [Times: user=0.22 sys=0.00, real=0.04 secs] 
5717.901: [GC (Allocation Failure) [PSYoungGen: 437024K->89120K(465920K)] 527023K->347919K(1864192K), 0.1130067 secs] [Times: user=0.67 sys=0.00, real=0.11 secs] 
5719.139: [GC (Allocation Failure) [PSYoungGen: 322080K->155232K(465920K)] 580879K->496562K(1864192K), 0.0597228 secs] [Times: user=0.35 sys=0.00, real=0.06 secs] 
5721.593: [GC (Allocation Failure) [PSYoungGen: 388192K->116160K(465920K)] 729522K->612762K(1864192K), 0.0980999 secs] [Times: user=0.58 sys=0.01, real=0.10 secs] 
5722.827: [GC (Allocation Failure) [PSYoungGen: 349120K->149952K(465920K)] 845722K->735121K(1864192K), 0.0601676 secs] [Times: user=0.36 sys=0.00, real=0.06 secs] 
5725.472: [GC (Allocation Failure) [PSYoungGen: 382912K->119104K(352256K)] 968081K->853881K(1750528K), 0.0803318 secs] [Times: user=0.47 sys=0.00, real=0.08 secs] 
5726.681: [GC (Allocation Failure) [PSYoungGen: 352064K->129664K(473088K)] 1086841K->973022K(1871360K), 0.0619886 secs] [Times: user=0.37 sys=0.00, real=0.06 secs] 
5728.552: [GC (Allocation Failure) [PSYoungGen: 372864K->145280K(462848K)] 1216222K->1117910K(1861120K), 0.0612569 secs] [Times: user=0.34 sys=0.00, real=0.06 secs] 
5729.734: [GC (Allocation Failure) [PSYoungGen: 388295K->8832K(453632K)] 1360926K->981538K(1851904K), 0.0041725 secs] [Times: user=0.02 sys=0.00, real=0.01 secs] 
5731.807: [GC (Allocation Failure) [PSYoungGen: 245888K->176800K(465920K)] 1218594K->1155927K(1864192K), 0.0352136 secs] [Times: user=0.21 sys=0.00, real=0.03 secs] 
5732.935: [GC (Allocation Failure) [PSYoungGen: 413856K->101952K(466944K)] 1392983K->1240535K(1865216K), 0.0697529 secs] [Times: user=0.41 sys=0.01, real=0.07 secs] 
5735.253: [GC (Allocation Failure) [PSYoungGen: 323046K->158080K(465920K)] 1461629K->1394872K(1864192K), 0.0520065 secs] [Times: user=0.31 sys=0.00, real=0.06 secs] 
5735.305: [Full GC (Ergonomics) [PSYoungGen: 158080K->0K(465920K)] [ParOldGen: 1236792K->196759K(1398272K)] 1394872K->196759K(1864192K), [Metaspace: 59667K->59667K(1105920K)], 0.4929087 secs] [Times: user=2.30 sys=0.00, real=0.49 secs] 
5737.141: [GC (Allocation Failure) [PSYoungGen: 233984K->95936K(458752K)] 430743K->292695K(1857024K), 0.0461293 secs] [Times: user=0.27 sys=0.00, real=0.05 secs] 
5739.244: [GC (Allocation Failure) [PSYoungGen: 329920K->166560K(462336K)] 526679K->454798K(1860608K), 0.0497759 secs] [Times: user=0.30 sys=0.00, real=0.05 secs] 
5741.111: [GC (Allocation Failure) [PSYoungGen: 397450K->94432K(466432K)] 685689K->548086K(1864704K), 0.1446118 secs] [Times: user=0.86 sys=0.00, real=0.15 secs] 
5741.849: [GC (Allocation Failure) [PSYoungGen: 331488K->174272K(465920K)] 785142K->718431K(1864192K), 0.0573533 secs] [Times: user=0.34 sys=0.00, real=0.06 secs] 
5744.812: [GC (Allocation Failure) [PSYoungGen: 411328K->88992K(465920K)] 955487K->807135K(1864192K), 0.1433444 secs] [Times: user=0.86 sys=0.00, real=0.15 secs] 
5745.295: [GC (Allocation Failure) [PSYoungGen: 321952K->191840K(465920K)] 1040095K->992876K(1864192K), 0.0578952 secs] [Times: user=0.35 sys=0.00, real=0.05 secs] 
5748.423: [GC (Allocation Failure) [PSYoungGen: 424800K->84608K(465920K)] 1225836K->1060420K(1864192K), 0.1110527 secs] [Times: user=0.66 sys=0.00, real=0.11 secs] 
5750.135: [GC (Allocation Failure) [PSYoungGen: 317568K->160320K(465920K)] 1293380K->1213431K(1864192K), 0.0601821 secs] [Times: user=0.35 sys=0.01, real=0.06 secs] 
5752.350: [GC (Allocation Failure) [PSYoungGen: 388351K->93440K(465920K)] 1441462K->1307023K(1864192K), 0.0988501 secs] [Times: user=0.59 sys=0.00, real=0.10 secs] 
5752.449: [Full GC (Ergonomics) [PSYoungGen: 93440K->0K(465920K)] [ParOldGen: 1213583K->107481K(1398272K)] 1307023K->107481K(1864192K), [Metaspace: 59667K->59667K(1105920K)], 0.2513093 secs] [Times: user=1.14 sys=0.00, real=0.25 secs] 
5753.776: [GC (Allocation Failure) [PSYoungGen: 232960K->150624K(465920K)] 340441K->258105K(1864192K), 0.0424927 secs] [Times: user=0.26 sys=0.01, real=0.04 secs] 
5755.108: [GC (Allocation Failure) [PSYoungGen: 383584K->115200K(456704K)] 491065K->373289K(1854976K), 0.0737463 secs] [Times: user=0.44 sys=0.00, real=0.07 secs] 
5757.368: [GC (Allocation Failure) [PSYoungGen: 348160K->132800K(461312K)] 606249K->495838K(1859584K), 0.0608283 secs] [Times: user=0.36 sys=0.00, real=0.06 secs] 
5758.630: [GC (Allocation Failure) [PSYoungGen: 365760K->132864K(459776K)] 728798K->628750K(1858048K), 0.0653439 secs] [Times: user=0.38 sys=0.00, real=0.07 secs] 
5760.000: [GC (Allocation Failure) [PSYoungGen: 383232K->4384K(463360K)] 879118K->500302K(1861632K), 0.0020875 secs] [Times: user=0.01 sys=0.00, real=0.00 secs] 
5762.483: [GC (Allocation Failure) [PSYoungGen: 254752K->172832K(458240K)] 750670K->671331K(1856512K), 0.0340084 secs] [Times: user=0.20 sys=0.00, real=0.04 secs] 
5763.646: [GC (Allocation Failure) [PSYoungGen: 405792K->98816K(465920K)] 904291K->761019K(1864192K), 0.0726177 secs] [Times: user=0.44 sys=0.00, real=0.07 secs] 
5766.070: [GC (Allocation Failure) [PSYoungGen: 322165K->159840K(463360K)] 984368K->917000K(1861632K), 0.0503290 secs] [Times: user=0.30 sys=0.01, real=0.05 secs] 
5767.498: [GC (Allocation Failure) [PSYoungGen: 394848K->98016K(333312K)] 1152008K->1006092K(1731584K), 0.0906760 secs] [Times: user=0.53 sys=0.00, real=0.09 secs] 
5769.563: [GC (Allocation Failure) [PSYoungGen: 333024K->168192K(457216K)] 1241100K->1169977K(1855488K), 0.0557508 secs] [Times: user=0.27 sys=0.00, real=0.06 secs] 
5771.460: [GC (Allocation Failure) [PSYoungGen: 399378K->90144K(464384K)] 1401163K->1259341K(1862656K), 0.1611981 secs] [Times: user=0.96 sys=0.00, real=0.16 secs] 
5771.621: [Full GC (Ergonomics) [PSYoungGen: 90144K->0K(464384K)] [ParOldGen: 1169197K->62800K(1398272K)] 1259341K->62800K(1862656K), [Metaspace: 59667K->59667K(1105920K)], 0.1704553 secs] [Times: user=0.79 sys=0.00, real=0.17 secs] 
5773.154: [GC (Allocation Failure) [PSYoungGen: 231424K->162656K(462336K)] 294224K->225456K(1860608K), 0.0326814 secs] [Times: user=0.20 sys=0.00, real=0.04 secs] 
5776.185: [GC (Allocation Failure) [PSYoungGen: 396640K->87264K(466432K)] 459440K->312300K(1864704K), 0.1541093 secs] [Times: user=0.92 sys=0.00, real=0.15 secs] 
5776.988: [GC (Allocation Failure) [PSYoungGen: 321248K->176640K(461312K)] 546284K->482783K(1859584K), 0.0568770 secs] [Times: user=0.33 sys=0.00, real=0.06 secs] 
5780.310: [GC (Allocation Failure) [PSYoungGen: 409600K->82816K(465920K)] 715743K->565559K(1864192K), 0.1541727 secs] [Times: user=0.92 sys=0.00, real=0.15 secs] 
5780.876: [GC (Allocation Failure) [PSYoungGen: 314965K->208128K(465920K)] 797708K->767306K(1864192K), 0.0577369 secs] [Times: user=0.34 sys=0.00, real=0.05 secs] 
5782.867: [GC (Allocation Failure) [PSYoungGen: 441088K->91360K(465920K)] 1000266K->824730K(1864192K), 0.1084809 secs] [Times: user=0.64 sys=0.00, real=0.11 secs] 
5784.082: [GC (Allocation Failure) [PSYoungGen: 324320K->153856K(465920K)] 1057690K->971775K(1864192K), 0.0601065 secs] [Times: user=0.35 sys=0.01, real=0.06 secs] 
5786.636: [GC (Allocation Failure) [PSYoungGen: 386816K->104480K(465920K)] 1204735K->1075591K(1864192K), 0.0858412 secs] [Times: user=0.51 sys=0.00, real=0.08 secs] 
5787.868: [GC (Allocation Failure) [PSYoungGen: 337440K->143648K(465920K)] 1308551K->1208836K(1864192K), 0.0612548 secs] [Times: user=0.37 sys=0.01, real=0.06 secs] 
5790.458: [GC (Allocation Failure) [PSYoungGen: 376608K->118560K(351744K)] 1441796K->1327196K(1750016K), 0.0800321 secs] [Times: user=0.41 sys=0.00, real=0.08 secs] 
5790.538: [Full GC (Ergonomics) [PSYoungGen: 118560K->0K(351744K)] [ParOldGen: 1208636K->133048K(1398272K)] 1327196K->133048K(1750016K), [Metaspace: 59667K->59667K(1105920K)], 0.3041876 secs] [Times: user=1.40 sys=0.00, real=0.30 secs] 
5791.952: [GC (Allocation Failure) [PSYoungGen: 232960K->129696K(467968K)] 366008K->262744K(1866240K), 0.0473996 secs] [Times: user=0.28 sys=0.00, real=0.05 secs] 
5793.466: [GC (Allocation Failure) [PSYoungGen: 371872K->148736K(458752K)] 504920K->411520K(1857024K), 0.0640011 secs] [Times: user=0.38 sys=0.00, real=0.06 secs] 
5794.768: [GC (Allocation Failure) [PSYoungGen: 390912K->12896K(460800K)] 653696K->275780K(1859072K), 0.0037265 secs] [Times: user=0.02 sys=0.00, real=0.00 secs] 
5797.542: [GC (Allocation Failure) [PSYoungGen: 258144K->171904K(417280K)] 521028K->445472K(1815552K), 0.0364229 secs] [Times: user=0.21 sys=0.00, real=0.04 secs] 
5799.482: [GC (Allocation Failure) [PSYoungGen: 417152K->102368K(470528K)] 690720K->539073K(1868800K), 0.1629289 secs] [Times: user=0.97 sys=0.00, real=0.17 secs] 
5800.991: [GC (Allocation Failure) [PSYoungGen: 339936K->172128K(465920K)] 776641K->707278K(1864192K), 0.0528397 secs] [Times: user=0.31 sys=0.00, real=0.05 secs] 
5804.076: [GC (Allocation Failure) [PSYoungGen: 409696K->89664K(466944K)] 944846K->796230K(1865216K), 0.1743395 secs] [Times: user=1.04 sys=0.00, real=0.17 secs] 
5804.777: [GC (Allocation Failure) [PSYoungGen: 323648K->174560K(465920K)] 1030214K->964995K(1864192K), 0.0579288 secs] [Times: user=0.35 sys=0.00, real=0.06 secs] 
5808.330: [GC (Allocation Failure) [PSYoungGen: 408544K->85696K(465920K)] 1198979K->1049971K(1864192K), 0.1469012 secs] [Times: user=0.88 sys=0.00, real=0.15 secs] 
5808.764: [GC (Allocation Failure) [PSYoungGen: 318656K->205472K(465920K)] 1282931K->1249336K(1864192K), 0.0588436 secs] [Times: user=0.34 sys=0.00, real=0.06 secs] 
5811.771: [GC (Allocation Failure) [PSYoungGen: 438432K->87072K(465920K)] 1482296K->1303080K(1864192K), 0.1111175 secs] [Times: user=0.66 sys=0.00, real=0.11 secs] 
5811.883: [Full GC (Ergonomics) [PSYoungGen: 87072K->0K(465920K)] [ParOldGen: 1216008K->101657K(1398272K)] 1303080K->101657K(1864192K), [Metaspace: 59667K->59667K(1105920K)], 0.2426444 secs] [Times: user=1.11 sys=0.00, real=0.25 secs] 
5813.203: [GC (Allocation Failure) [PSYoungGen: 232960K->156992K(465920K)] 334617K->258649K(1864192K), 0.0451062 secs] [Times: user=0.27 sys=0.00, real=0.05 secs] 
5815.754: [GC (Allocation Failure) [PSYoungGen: 389952K->98816K(465920K)] 491609K->357346K(1864192K), 0.0976300 secs] [Times: user=0.58 sys=0.00, real=0.10 secs] 
5816.997: [GC (Allocation Failure) [PSYoungGen: 331776K->150464K(465920K)] 590306K->496953K(1864192K), 0.0598855 secs] [Times: user=0.36 sys=0.00, real=0.06 secs] 
5818.804: [GC (Allocation Failure) [PSYoungGen: 383424K->118624K(460800K)] 729913K->615425K(1859072K), 0.0834274 secs] [Times: user=0.50 sys=0.00, real=0.09 secs] 
5819.998: [GC (Allocation Failure) [PSYoungGen: 351584K->130080K(363520K)] 848385K->734933K(1761792K), 0.0613246 secs] [Times: user=0.36 sys=0.00, real=0.06 secs] 
5822.165: [GC (Allocation Failure) [PSYoungGen: 363040K->136192K(467456K)] 967893K->870830K(1865728K), 0.0610798 secs] [Times: user=0.37 sys=0.00, real=0.06 secs] 
5823.632: [GC (Allocation Failure) [PSYoungGen: 382976K->4352K(461312K)] 1117614K->739022K(1859584K), 0.0029834 secs] [Times: user=0.02 sys=0.00, real=0.01 secs] 
5826.464: [GC (Allocation Failure) [PSYoungGen: 251136K->166144K(460288K)] 985806K->903322K(1858560K), 0.0332690 secs] [Times: user=0.20 sys=0.00, real=0.04 secs] 
5827.593: [GC (Allocation Failure) [PSYoungGen: 397764K->103968K(337408K)] 1134942K->997986K(1735680K), 0.0696207 secs] [Times: user=0.41 sys=0.00, real=0.07 secs] 
5830.142: [GC (Allocation Failure) [PSYoungGen: 336928K->160576K(460288K)] 1230946K->1156223K(1858560K), 0.0534240 secs] [Times: user=0.31 sys=0.00, real=0.06 secs] 
5831.710: [GC (Allocation Failure) [PSYoungGen: 394560K->98432K(464896K)] 1390207K->1245279K(1863168K), 0.1030166 secs] [Times: user=0.61 sys=0.00, real=0.10 secs] 
5833.216: [GC (Allocation Failure) [PSYoungGen: 332416K->167008K(459264K)] 1479263K->1408172K(1857536K), 0.0524099 secs] [Times: user=0.32 sys=0.00, real=0.05 secs] 
5833.268: [Full GC (Ergonomics) [PSYoungGen: 167008K->0K(459264K)] [ParOldGen: 1241164K->210277K(1398272K)] 1408172K->210277K(1857536K), [Metaspace: 59667K->59667K(1105920K)], 0.4922943 secs] [Times: user=2.29 sys=0.00, real=0.49 secs] 
5836.065: [GC (Allocation Failure) [PSYoungGen: 235008K->89632K(465920K)] 445285K->299909K(1864192K), 0.1521062 secs] [Times: user=0.91 sys=0.00, real=0.15 secs] 
5837.600: [GC (Allocation Failure) [PSYoungGen: 324640K->167520K(459776K)] 534917K->463798K(1858048K), 0.0553450 secs] [Times: user=0.33 sys=0.00, real=0.06 secs] 
5839.955: [GC (Allocation Failure) [PSYoungGen: 400480K->89536K(465920K)] 696758K->552942K(1864192K), 0.1404730 secs] [Times: user=0.83 sys=0.00, real=0.14 secs] 
5840.372: [GC (Allocation Failure) [PSYoungGen: 322496K->173408K(461824K)] 785902K->720303K(1860096K), 0.0578436 secs] [Times: user=0.35 sys=0.00, real=0.06 secs] 
5843.625: [GC (Allocation Failure) [PSYoungGen: 406368K->89024K(465920K)] 953263K->808767K(1864192K), 0.1284622 secs] [Times: user=0.77 sys=0.00, real=0.12 secs] 
5844.770: [GC (Allocation Failure) [PSYoungGen: 318203K->201760K(465408K)] 1037946K->1004500K(1863680K), 0.0685435 secs] [Times: user=0.41 sys=0.00, real=0.07 secs] 
5847.609: [GC (Allocation Failure) [PSYoungGen: 434720K->90176K(465920K)] 1237460K->1057916K(1864192K), 0.1105188 secs] [Times: user=0.66 sys=0.01, real=0.11 secs] 
5848.863: [GC (Allocation Failure) [PSYoungGen: 323136K->154176K(465920K)] 1290876K->1205504K(1864192K), 0.0599686 secs] [Times: user=0.36 sys=0.00, real=0.06 secs] 
5851.226: [GC (Allocation Failure) [PSYoungGen: 387136K->108928K(465920K)] 1438464K->1314668K(1864192K), 0.0907810 secs] [Times: user=0.54 sys=0.00, real=0.09 secs] 
5851.317: [Full GC (Ergonomics) [PSYoungGen: 108928K->0K(465920K)] [ParOldGen: 1205740K->115318K(1398272K)] 1314668K->115318K(1864192K), [Metaspace: 59667K->59667K(1105920K)], 0.2617459 secs] [Times: user=1.16 sys=0.00, real=0.26 secs] 
5852.686: [GC (Allocation Failure) [PSYoungGen: 232960K->147936K(464896K)] 348278K->263254K(1863168K), 0.0520196 secs] [Times: user=0.26 sys=0.00, real=0.05 secs] 
5855.537: [GC (Allocation Failure) [PSYoungGen: 380896K->117376K(350720K)] 496214K->380430K(1748992K), 0.0973250 secs] [Times: user=0.58 sys=0.00, real=0.09 secs] 
5856.803: [GC (Allocation Failure) [PSYoungGen: 350336K->130784K(468480K)] 613390K->500565K(1866752K), 0.0614818 secs] [Times: user=0.36 sys=0.01, real=0.06 secs] 
5858.951: [GC (Allocation Failure) [PSYoungGen: 374496K->143296K(459264K)] 744277K->644021K(1857536K), 0.0600118 secs] [Times: user=0.36 sys=0.00, real=0.06 secs] 
5860.443: [GC (Allocation Failure) [PSYoungGen: 387008K->8608K(458752K)] 887733K->509393K(1857024K), 0.0034665 secs] [Times: user=0.02 sys=0.00, real=0.01 secs] 
5862.795: [GC (Allocation Failure) [PSYoungGen: 254880K->170208K(416768K)] 755665K->677398K(1815040K), 0.0349271 secs] [Times: user=0.21 sys=0.00, real=0.03 secs] 
5864.325: [GC (Allocation Failure) [PSYoungGen: 416480K->107904K(473600K)] 923670K->776058K(1871872K), 0.1499413 secs] [Times: user=0.89 sys=0.01, real=0.15 secs] 
5865.959: [GC (Allocation Failure) [PSYoungGen: 348544K->170720K(465920K)] 1016698K->942563K(1864192K), 0.0544268 secs] [Times: user=0.32 sys=0.00, real=0.05 secs] 
5868.747: [GC (Allocation Failure) [PSYoungGen: 411360K->98688K(467968K)] 1183203K->1040095K(1866240K), 0.1793392 secs] [Times: user=1.07 sys=0.00, real=0.18 secs] 
5869.249: [GC (Allocation Failure) [PSYoungGen: 337280K->180480K(465920K)] 1278687K->1214684K(1864192K), 0.0616052 secs] [Times: user=0.37 sys=0.01, real=0.06 secs] 
5872.712: [GC (Allocation Failure) [PSYoungGen: 419072K->85984K(465920K)] 1453276K->1300880K(1864192K), 0.1202038 secs] [Times: user=0.72 sys=0.00, real=0.12 secs] 
5872.832: [Full GC (Ergonomics) [PSYoungGen: 85984K->0K(465920K)] [ParOldGen: 1214896K->100219K(1398272K)] 1300880K->100219K(1864192K), [Metaspace: 59669K->59669K(1105920K)], 0.2434207 secs] [Times: user=1.11 sys=0.00, real=0.25 secs] 
5874.164: [GC (Allocation Failure) [PSYoungGen: 232960K->158816K(465920K)] 333179K->259035K(1864192K), 0.0451147 secs] [Times: user=0.27 sys=0.00, real=0.05 secs] 
5876.829: [GC (Allocation Failure) [PSYoungGen: 391776K->99296K(460800K)] 491995K->357899K(1859072K), 0.1006453 secs] [Times: user=0.59 sys=0.00, real=0.10 secs] 
5878.069: [GC (Allocation Failure) [PSYoungGen: 332256K->148864K(463360K)] 590859K->496500K(1861632K), 0.0596145 secs] [Times: user=0.35 sys=0.00, real=0.06 secs] 
5880.394: [GC (Allocation Failure) [PSYoungGen: 381824K->111392K(453632K)] 729460K->607756K(1851904K), 0.0789373 secs] [Times: user=0.46 sys=0.01, real=0.08 secs] 
5881.616: [GC (Allocation Failure) [PSYoungGen: 351520K->137760K(461312K)] 847884K->734633K(1859584K), 0.0605849 secs] [Times: user=0.36 sys=0.00, real=0.06 secs] 
5883.534: [GC (Allocation Failure) [PSYoungGen: 377888K->146720K(471040K)] 974761K->881433K(1869312K), 0.0610511 secs] [Times: user=0.36 sys=0.00, real=0.07 secs] 
5884.768: [GC (Allocation Failure) [PSYoungGen: 408352K->23712K(285696K)] 1143065K->758509K(1683968K), 0.0064501 secs] [Times: user=0.03 sys=0.00, real=0.01 secs] 
5887.026: [GC (Allocation Failure) [PSYoungGen: 285344K->196480K(456704K)] 1020141K->952402K(1854976K), 0.0433468 secs] [Times: user=0.26 sys=0.00, real=0.04 secs] 
5889.542: [GC (Allocation Failure) [PSYoungGen: 429440K->90336K(465920K)] 1185362K->1025402K(1864192K), 0.1636227 secs] [Times: user=0.98 sys=0.00, real=0.17 secs] 
5890.801: [GC (Allocation Failure) [PSYoungGen: 323296K->172864K(465920K)] 1258362K->1192299K(1864192K), 0.0582176 secs] [Times: user=0.35 sys=0.00, real=0.06 secs] 
5893.901: [GC (Allocation Failure) [PSYoungGen: 405824K->83424K(465920K)] 1425259K->1275211K(1864192K), 0.1724858 secs] [Times: user=1.02 sys=0.00, real=0.17 secs] 
5894.073: [Full GC (Ergonomics) [PSYoungGen: 83424K->0K(465920K)] [ParOldGen: 1191787K->78224K(1398272K)] 1275211K->78224K(1864192K), [Metaspace: 59669K->59669K(1105920K)], 0.2051114 secs] [Times: user=0.97 sys=0.00, real=0.21 secs] 
5894.545: [GC (Allocation Failure) [PSYoungGen: 232960K->179648K(465920K)] 311184K->257872K(1864192K), 0.0376621 secs] [Times: user=0.23 sys=0.00, real=0.03 secs] 
5898.075: [GC (Allocation Failure) [PSYoungGen: 412608K->84800K(465920K)] 490832K->342980K(1864192K), 0.1200533 secs] [Times: user=0.72 sys=0.00, real=0.12 secs] 
5899.224: [GC (Allocation Failure) [PSYoungGen: 312785K->198592K(465920K)] 570965K->535660K(1864192K), 0.0674039 secs] [Times: user=0.40 sys=0.00, real=0.07 secs] 
5900.958: [GC (Allocation Failure) [PSYoungGen: 431552K->93728K(465920K)] 768620K->592268K(1864192K), 0.0951646 secs] [Times: user=0.57 sys=0.01, real=0.09 secs] 
5902.172: [GC (Allocation Failure) [PSYoungGen: 326688K->151232K(465920K)] 825228K->736433K(1864192K), 0.0602888 secs] [Times: user=0.36 sys=0.00, real=0.06 secs] 
5904.343: [GC (Allocation Failure) [PSYoungGen: 384192K->108128K(465920K)] 969393K->844197K(1864192K), 0.0903828 secs] [Times: user=0.54 sys=0.00, real=0.09 secs] 
5905.608: [GC (Allocation Failure) [PSYoungGen: 341088K->140192K(465920K)] 1077157K->973218K(1864192K), 0.0618262 secs] [Times: user=0.36 sys=0.02, real=0.06 secs] 
5907.806: [GC (Allocation Failure) [PSYoungGen: 373152K->128384K(361472K)] 1206178K->1101530K(1759744K), 0.0737610 secs] [Times: user=0.43 sys=0.00, real=0.07 secs] 
5909.016: [GC (Allocation Failure) [PSYoungGen: 361344K->672K(448512K)] 1334490K->973866K(1846784K), 0.0021181 secs] [Times: user=0.01 sys=0.00, real=0.00 secs] 
5911.332: [GC (Allocation Failure) [PSYoungGen: 224928K->139456K(457216K)] 1198122K->1112658K(1855488K), 0.0285277 secs] [Times: user=0.17 sys=0.00, real=0.03 secs] 
5912.476: [GC (Allocation Failure) [PSYoungGen: 363712K->2272K(465920K)] 1336914K->975550K(1864192K), 0.0023258 secs] [Times: user=0.01 sys=0.00, real=0.00 secs] 
5914.617: [GC (Allocation Failure) [PSYoungGen: 235232K->154784K(465920K)] 1208510K->1129003K(1864192K), 0.0297609 secs] [Times: user=0.17 sys=0.00, real=0.03 secs] 
5915.825: [GC (Allocation Failure) [PSYoungGen: 387744K->8320K(465920K)] 1361963K->982759K(1864192K), 0.0033936 secs] [Times: user=0.02 sys=0.00, real=0.00 secs] 
5918.006: [GC (Allocation Failure) [PSYoungGen: 241280K->159584K(465920K)] 1215719K->1140508K(1864192K), 0.0333430 secs] [Times: user=0.20 sys=0.00, real=0.03 secs] 
5919.203: [GC (Allocation Failure) [PSYoungGen: 392544K->103424K(465920K)] 1373468K->1234852K(1864192K), 0.0688323 secs] [Times: user=0.41 sys=0.00, real=0.07 secs] 
5921.505: [GC (Allocation Failure) [PSYoungGen: 336384K->163520K(465920K)] 1467812K->1395889K(1864192K), 0.0536611 secs] [Times: user=0.31 sys=0.00, real=0.05 secs] 
5921.559: [Full GC (Ergonomics) [PSYoungGen: 163520K->0K(465920K)] [ParOldGen: 1232369K->195932K(1398272K)] 1395889K->195932K(1864192K), [Metaspace: 59669K->59669K(1105920K)], 0.4710507 secs] [Times: user=2.20 sys=0.00, real=0.47 secs] 
5923.862: [GC (Allocation Failure) [PSYoungGen: 232960K->97440K(465920K)] 428892K->293372K(1864192K), 0.0773826 secs] [Times: user=0.45 sys=0.01, real=0.08 secs] 
5926.270: [GC (Allocation Failure) [PSYoungGen: 320397K->155168K(465920K)] 516329K->444587K(1864192K), 0.0489193 secs] [Times: user=0.29 sys=0.00, real=0.05 secs] 
5927.773: [GC (Allocation Failure) [PSYoungGen: 388128K->100288K(464896K)] 677547K->535763K(1863168K), 0.1310160 secs] [Times: user=0.77 sys=0.01, real=0.13 secs] 
5929.087: [GC (Allocation Failure) [PSYoungGen: 333248K->168000K(465408K)] 768723K->699992K(1863680K), 0.0516301 secs] [Times: user=0.31 sys=0.00, real=0.05 secs] 
5931.526: [GC (Allocation Failure) [PSYoungGen: 397886K->86528K(465920K)] 929878K->786200K(1864192K), 0.1756072 secs] [Times: user=1.04 sys=0.00, real=0.17 secs] 
5932.825: [GC (Allocation Failure) [PSYoungGen: 319488K->167424K(465920K)] 1019160K->949616K(1864192K), 0.0559867 secs] [Times: user=0.33 sys=0.00, real=0.05 secs] 
5935.574: [GC (Allocation Failure) [PSYoungGen: 400384K->85440K(465920K)] 1182576K->1034248K(1864192K), 0.1639993 secs] [Times: user=0.90 sys=0.00, real=0.17 secs] 
5936.310: [GC (Allocation Failure) [PSYoungGen: 318400K->176544K(465920K)] 1267208K->1204737K(1864192K), 0.0584225 secs] [Times: user=0.35 sys=0.01, real=0.06 secs] 
5939.248: [GC (Allocation Failure) [PSYoungGen: 409504K->86272K(465920K)] 1437697K->1290841K(1864192K), 0.1223479 secs] [Times: user=0.73 sys=0.00, real=0.12 secs] 
5939.370: [Full GC (Ergonomics) [PSYoungGen: 86272K->0K(465920K)] [ParOldGen: 1204569K->90422K(1398272K)] 1290841K->90422K(1864192K), [Metaspace: 59669K->59669K(1105920K)], 0.2191508 secs] [Times: user=1.00 sys=0.00, real=0.22 secs] 
5940.648: [GC (Allocation Failure) [PSYoungGen: 231258K->202592K(465920K)] 321680K->293014K(1864192K), 0.0434364 secs] [Times: user=0.26 sys=0.00, real=0.04 secs] 
5943.021: [GC (Allocation Failure) [PSYoungGen: 435552K->91648K(465920K)] 525974K->350634K(1864192K), 0.1077183 secs] [Times: user=0.65 sys=0.00, real=0.11 secs] 
5944.221: [GC (Allocation Failure) [PSYoungGen: 324608K->152640K(465920K)] 583594K->496695K(1864192K), 0.0596969 secs] [Times: user=0.36 sys=0.00, real=0.06 secs] 
5946.857: [GC (Allocation Failure) [PSYoungGen: 385600K->101824K(465920K)] 729655K->598399K(1864192K), 0.0955595 secs] [Times: user=0.57 sys=0.00, real=0.09 secs] 
5948.160: [GC (Allocation Failure) [PSYoungGen: 334784K->146656K(465920K)] 831359K->734235K(1864192K), 0.0599747 secs] [Times: user=0.35 sys=0.00, real=0.06 secs] 
5949.876: [GC (Allocation Failure) [PSYoungGen: 379616K->136352K(460800K)] 967195K->870587K(1859072K), 0.0720291 secs] [Times: user=0.43 sys=0.00, real=0.07 secs] 
5951.482: [GC (Allocation Failure) [PSYoungGen: 369312K->128288K(361472K)] 1103547K->971776K(1759744K), 0.0612189 secs] [Times: user=0.36 sys=0.00, real=0.06 secs] 
5952.990: [GC (Allocation Failure) [PSYoungGen: 361248K->144640K(463872K)] 1204736K->1116440K(1862144K), 0.0595531 secs] [Times: user=0.35 sys=0.00, real=0.06 secs] 
5954.229: [GC (Allocation Failure) [PSYoungGen: 388352K->6496K(460800K)] 1360152K->978360K(1859072K), 0.0028588 secs] [Times: user=0.01 sys=0.00, real=0.00 secs] 
5956.950: [GC (Allocation Failure) [PSYoungGen: 250208K->175488K(462336K)] 1222072K->1151669K(1860608K), 0.0352528 secs] [Times: user=0.21 sys=0.00, real=0.04 secs] 
5958.119: [GC (Allocation Failure) [PSYoungGen: 408448K->95168K(465920K)] 1384629K->1238093K(1864192K), 0.0712190 secs] [Times: user=0.43 sys=0.00, real=0.07 secs] 
5960.544: [GC (Allocation Failure) [PSYoungGen: 317851K->159040K(465920K)] 1460776K->1393626K(1864192K), 0.0500723 secs] [Times: user=0.29 sys=0.00, real=0.05 secs] 
5960.594: [Full GC (Ergonomics) [PSYoungGen: 159040K->0K(465920K)] [ParOldGen: 1234586K->196888K(1398272K)] 1393626K->196888K(1864192K), [Metaspace: 59669K->59669K(1105920K)], 0.4690947 secs] [Times: user=2.19 sys=0.00, real=0.47 secs] 
5962.645: [GC (Allocation Failure) [PSYoungGen: 232960K->98144K(331264K)] 429848K->295032K(1729536K), 0.0433911 secs] [Times: user=0.25 sys=0.00, real=0.04 secs] 
5965.413: [GC (Allocation Failure) [PSYoungGen: 316696K->154976K(460800K)] 513584K->443981K(1859072K), 0.0480796 secs] [Times: user=0.29 sys=0.00, real=0.05 secs] 
5966.489: [GC (Allocation Failure) [PSYoungGen: 386400K->96896K(462336K)] 675405K->532645K(1860608K), 0.0655401 secs] [Times: user=0.39 sys=0.00, real=0.06 secs] 
5968.723: [GC (Allocation Failure) [PSYoungGen: 328320K->165984K(458240K)] 764069K->692674K(1856512K), 0.0496102 secs] [Times: user=0.29 sys=0.00, real=0.05 secs] 
5971.085: [GC (Allocation Failure) [PSYoungGen: 398944K->89568K(463872K)] 925634K->781530K(1862144K), 0.1658243 secs] [Times: user=0.99 sys=0.00, real=0.16 secs] 
5972.722: [GC (Allocation Failure) [PSYoungGen: 322528K->183360K(459776K)] 1014490K->960598K(1858048K), 0.0565821 secs] [Times: user=0.34 sys=0.00, real=0.06 secs] 
5975.649: [GC (Allocation Failure) [PSYoungGen: 416320K->94016K(465920K)] 1193558K->1037450K(1864192K), 0.1545171 secs] [Times: user=0.92 sys=0.00, real=0.15 secs] 
5976.267: [GC (Allocation Failure) [PSYoungGen: 326976K->173664K(465920K)] 1270410K->1201291K(1864192K), 0.0588877 secs] [Times: user=0.35 sys=0.00, real=0.06 secs] 
5979.799: [GC (Allocation Failure) [PSYoungGen: 406624K->81984K(465920K)] 1434251K->1282675K(1864192K), 0.1330313 secs] [Times: user=0.79 sys=0.00, real=0.13 secs] 
5979.932: [Full GC (Ergonomics) [PSYoungGen: 81984K->0K(465920K)] [ParOldGen: 1200691K->81360K(1398272K)] 1282675K->81360K(1864192K), [Metaspace: 59669K->59669K(1105920K)], 0.2004051 secs] [Times: user=0.92 sys=0.00, real=0.20 secs] 
5980.510: [GC (Allocation Failure) [PSYoungGen: 232423K->211328K(465920K)] 313784K->292688K(1864192K), 0.0389359 secs] [Times: user=0.23 sys=0.00, real=0.04 secs] 
5982.800: [GC (Allocation Failure) [PSYoungGen: 444288K->87904K(465920K)] 525648K->347116K(1864192K), 0.1182147 secs] [Times: user=0.70 sys=0.00, real=0.12 secs] 
5984.052: [GC (Allocation Failure) [PSYoungGen: 320864K->156928K(465920K)] 580076K->497161K(1864192K), 0.0592364 secs] [Times: user=0.36 sys=0.00, real=0.06 secs] 
5986.547: [GC (Allocation Failure) [PSYoungGen: 389888K->104896K(465920K)] 730121K->601449K(1864192K), 0.0894364 secs] [Times: user=0.53 sys=0.00, real=0.09 secs] 
5987.749: [GC (Allocation Failure) [PSYoungGen: 337856K->143360K(465920K)] 834409K->734589K(1864192K), 0.0613993 secs] [Times: user=0.36 sys=0.01, real=0.06 secs] 
5990.642: [GC (Allocation Failure) [PSYoungGen: 376320K->119008K(352256K)] 967549K->852957K(1750528K), 0.0756050 secs] [Times: user=0.45 sys=0.00, real=0.08 secs] 
5991.907: [GC (Allocation Failure) [PSYoungGen: 351968K->128384K(472064K)] 1085917K->970973K(1870336K), 0.0619586 secs] [Times: user=0.37 sys=0.00, real=0.06 secs] 
5994.642: [GC (Allocation Failure) [PSYoungGen: 371072K->142240K(462336K)] 1213661K->1113333K(1860608K), 0.0622914 secs] [Times: user=0.37 sys=0.00, real=0.06 secs] 
5995.830: [GC (Allocation Failure) [PSYoungGen: 384928K->8448K(453120K)] 1356021K->979593K(1851392K), 0.0034029 secs] [Times: user=0.01 sys=0.00, real=0.00 secs] 
5998.383: [GC (Allocation Failure) [PSYoungGen: 246016K->164224K(465408K)] 1217161K->1141977K(1863680K), 0.0338691 secs] [Times: user=0.20 sys=0.00, real=0.04 secs] 
5999.877: [GC (Allocation Failure) [PSYoungGen: 401792K->101600K(462848K)] 1379545K->1234746K(1861120K), 0.1050684 secs] [Times: user=0.62 sys=0.00, real=0.10 secs] 
6001.537: [GC (Allocation Failure) [PSYoungGen: 339680K->168992K(464384K)] 1472826K->1400862K(1862656K), 0.0539818 secs] [Times: user=0.32 sys=0.00, real=0.05 secs] 
6001.591: [Full GC (Ergonomics) [PSYoungGen: 168992K->0K(464384K)] [ParOldGen: 1231870K->204708K(1398272K)] 1400862K->204708K(1862656K), [Metaspace: 59669K->59669K(1105920K)], 0.4785865 secs] [Times: user=2.24 sys=0.00, real=0.48 secs] 
6004.344: [GC (Allocation Failure) [PSYoungGen: 238080K->91488K(468480K)] 442788K->296196K(1866752K), 0.1714574 secs] [Times: user=1.02 sys=0.00, real=0.18 secs] 
6005.333: [GC (Allocation Failure) [PSYoungGen: 328544K->176224K(465920K)] 533252K->468105K(1864192K), 0.0563177 secs] [Times: user=0.33 sys=0.00, real=0.06 secs] 
6007.740: [GC (Allocation Failure) [PSYoungGen: 413280K->94080K(465920K)] 705161K->562169K(1864192K), 0.1257652 secs] [Times: user=0.75 sys=0.00, real=0.13 secs] 
6008.318: [GC (Allocation Failure) [PSYoungGen: 327040K->210336K(465920K)] 795129K->766029K(1864192K), 0.0590969 secs] [Times: user=0.35 sys=0.00, real=0.06 secs] 
6010.596: [GC (Allocation Failure) [PSYoungGen: 443296K->95488K(465920K)] 998989K->824757K(1864192K), 0.1128637 secs] [Times: user=0.67 sys=0.00, real=0.11 secs] 
6012.301: [GC (Allocation Failure) [PSYoungGen: 328448K->153216K(465920K)] 1057717K->967666K(1864192K), 0.0598753 secs] [Times: user=0.36 sys=0.00, real=0.06 secs] 
6014.870: [GC (Allocation Failure) [PSYoungGen: 386176K->104288K(465920K)] 1200626K->1071018K(1864192K), 0.0815530 secs] [Times: user=0.49 sys=0.00, real=0.08 secs] 
6016.104: [GC (Allocation Failure) [PSYoungGen: 337248K->144512K(465920K)] 1303978K->1205179K(1864192K), 0.0616310 secs] [Times: user=0.35 sys=0.01, real=0.07 secs] 
6018.079: [GC (Allocation Failure) [PSYoungGen: 377472K->122528K(448512K)] 1438139K->1327023K(1846784K), 0.0764667 secs] [Times: user=0.45 sys=0.00, real=0.08 secs] 
6018.155: [Full GC (Ergonomics) [PSYoungGen: 122528K->0K(448512K)] [ParOldGen: 1204495K->137256K(1398272K)] 1327023K->137256K(1846784K), [Metaspace: 59669K->59669K(1105920K)], 0.3146293 secs] [Times: user=1.43 sys=0.00, real=0.31 secs] 
6019.578: [GC (Allocation Failure) [PSYoungGen: 232960K->125248K(457216K)] 370216K->262505K(1855488K), 0.0451108 secs] [Times: user=0.26 sys=0.00, real=0.04 secs] 
6022.259: [GC (Allocation Failure) [PSYoungGen: 358208K->137408K(463360K)] 495465K->400149K(1861632K), 0.0734175 secs] [Times: user=0.44 sys=0.00, real=0.07 secs] 
6023.465: [GC (Allocation Failure) [PSYoungGen: 396480K->15392K(468992K)] 659221K->278245K(1867264K), 0.0043132 secs] [Times: user=0.02 sys=0.00, real=0.00 secs] 
6025.627: [GC (Allocation Failure) [PSYoungGen: 274464K->178752K(454656K)] 537317K->454349K(1852928K), 0.0398000 secs] [Times: user=0.24 sys=0.01, real=0.04 secs] 
6027.189: [GC (Allocation Failure) [PSYoungGen: 411712K->94432K(465920K)] 687309K->547693K(1864192K), 0.1229108 secs] [Times: user=0.74 sys=0.00, real=0.12 secs] 
6028.446: [GC (Allocation Failure) [PSYoungGen: 327392K->169856K(460800K)] 780653K->713298K(1859072K), 0.0575879 secs] [Times: user=0.34 sys=0.00, real=0.05 secs] 
6031.847: [GC (Allocation Failure) [PSYoungGen: 402816K->80768K(465920K)] 946258K->793882K(1864192K), 0.1780646 secs] [Times: user=1.06 sys=0.01, real=0.18 secs] 
6032.821: [GC (Allocation Failure) [PSYoungGen: 313728K->175648K(464896K)] 1026842K->963207K(1863168K), 0.0555524 secs] [Times: user=0.33 sys=0.00, real=0.06 secs] 
6036.248: [GC (Allocation Failure) [PSYoungGen: 408608K->82112K(465920K)] 1196167K->1045023K(1864192K), 0.1660238 secs] [Times: user=0.99 sys=0.00, real=0.16 secs] 
6036.705: [GC (Allocation Failure) [PSYoungGen: 315072K->176416K(465920K)] 1277983K->1215308K(1864192K), 0.0583190 secs] [Times: user=0.35 sys=0.00, real=0.05 secs] 
6040.094: [GC (Allocation Failure) [PSYoungGen: 409376K->82624K(465920K)] 1448268K->1297752K(1864192K), 0.1246543 secs] [Times: user=0.75 sys=0.00, real=0.13 secs] 
6040.219: [Full GC (Ergonomics) [PSYoungGen: 82624K->0K(465920K)] [ParOldGen: 1215128K->96016K(1398272K)] 1297752K->96016K(1864192K), [Metaspace: 59670K->59670K(1105920K)], 0.2334728 secs] [Times: user=1.07 sys=0.00, real=0.23 secs] 
6041.535: [GC (Allocation Failure) [PSYoungGen: 232960K->162848K(465920K)] 328976K->258864K(1864192K), 0.0468876 secs] [Times: user=0.28 sys=0.00, real=0.04 secs] 
6042.643: [GC (Allocation Failure) [PSYoungGen: 395808K->103616K(465920K)] 491824K->362748K(1864192K), 0.0865268 secs] [Times: user=0.51 sys=0.00, real=0.09 secs] 
6043.844: [GC (Allocation Failure) [PSYoungGen: 336576K->145472K(465920K)] 595708K->497793K(1864192K), 0.0603228 secs] [Times: user=0.36 sys=0.00, real=0.06 secs] 
6045.967: [GC (Allocation Failure) [PSYoungGen: 378432K->124096K(357376K)] 730753K->621149K(1755648K), 0.0738403 secs] [Times: user=0.44 sys=0.00, real=0.07 secs] 
6047.162: [GC (Allocation Failure) [PSYoungGen: 357056K->124576K(465408K)] 854109K->735564K(1863680K), 0.0625055 secs] [Times: user=0.37 sys=0.00, real=0.06 secs] 
6049.823: [GC (Allocation Failure) [PSYoungGen: 366752K->149344K(456192K)] 977740K->884092K(1854464K), 0.0581682 secs] [Times: user=0.34 sys=0.00, real=0.06 secs] 
6051.030: [GC (Allocation Failure) [PSYoungGen: 391520K->10464K(461824K)] 1126268K->745320K(1860096K), 0.0046166 secs] [Times: user=0.02 sys=0.00, real=0.00 secs] 
6053.056: [GC (Allocation Failure) [PSYoungGen: 252803K->174368K(422912K)] 987660K->917869K(1821184K), 0.0362226 secs] [Times: user=0.21 sys=0.00, real=0.03 secs] 
6055.348: [GC (Allocation Failure) [PSYoungGen: 422688K->104992K(471552K)] 1166189K->1013941K(1869824K), 0.1617272 secs] [Times: user=0.96 sys=0.00, real=0.16 secs] 
6057.056: [GC (Allocation Failure) [PSYoungGen: 343584K->170368K(465920K)] 1252533K->1180274K(1864192K), 0.0538533 secs] [Times: user=0.32 sys=0.00, real=0.05 secs] 
6060.165: [GC (Allocation Failure) [PSYoungGen: 408960K->87328K(467968K)] 1418866K->1266938K(1866240K), 0.1721251 secs] [Times: user=1.02 sys=0.00, real=0.17 secs] 
6060.337: [Full GC (Ergonomics) [PSYoungGen: 87328K->0K(467968K)] [ParOldGen: 1179610K->69853K(1398272K)] 1266938K->69853K(1866240K), [Metaspace: 59670K->59670K(1105920K)], 0.1859893 secs] [Times: user=0.87 sys=0.00, real=0.18 secs] 
6061.020: [GC (Allocation Failure) [PSYoungGen: 235008K->177472K(465920K)] 304861K->247325K(1864192K), 0.0382420 secs] [Times: user=0.23 sys=0.00, real=0.04 secs] 
6064.349: [GC (Allocation Failure) [PSYoungGen: 412480K->88032K(465920K)] 482333K->335073K(1864192K), 0.1353865 secs] [Times: user=0.81 sys=0.00, real=0.14 secs] 
6065.092: [GC (Allocation Failure) [PSYoungGen: 320992K->204224K(465920K)] 568033K->532736K(1864192K), 0.0610848 secs] [Times: user=0.36 sys=0.01, real=0.06 secs] 
6067.675: [GC (Allocation Failure) [PSYoungGen: 437184K->88160K(465920K)] 765696K->585600K(1864192K), 0.1082839 secs] [Times: user=0.64 sys=0.00, real=0.10 secs] 
6068.917: [GC (Allocation Failure) [PSYoungGen: 321120K->157024K(465920K)] 818560K->735549K(1864192K), 0.0599453 secs] [Times: user=0.36 sys=0.00, real=0.06 secs] 
6071.335: [GC (Allocation Failure) [PSYoungGen: 389984K->100640K(465920K)] 968509K->835901K(1864192K), 0.0991717 secs] [Times: user=0.59 sys=0.01, real=0.09 secs] 
6072.556: [GC (Allocation Failure) [PSYoungGen: 333600K->147904K(465920K)] 1068861K->972910K(1864192K), 0.0603871 secs] [Times: user=0.36 sys=0.00, real=0.06 secs] 
6075.495: [GC (Allocation Failure) [PSYoungGen: 380864K->116736K(458752K)] 1205870K->1089438K(1857024K), 0.0792046 secs] [Times: user=0.47 sys=0.01, real=0.07 secs] 
6076.751: [GC (Allocation Failure) [PSYoungGen: 349696K->131136K(462336K)] 1322398K->1210026K(1860608K), 0.0615076 secs] [Times: user=0.36 sys=0.00, real=0.06 secs] 
6079.570: [GC (Allocation Failure) [PSYoungGen: 364096K->130080K(457728K)] 1442986K->1340170K(1856000K), 0.0708079 secs] [Times: user=0.41 sys=0.00, real=0.07 secs] 
6079.640: [Full GC (Ergonomics) [PSYoungGen: 130080K->0K(457728K)] [ParOldGen: 1210090K->144554K(1398272K)] 1340170K->144554K(1856000K), [Metaspace: 59670K->59670K(1105920K)], 0.3396785 secs] [Times: user=1.51 sys=0.00, real=0.34 secs] 
6081.093: [GC (Allocation Failure) [PSYoungGen: 249344K->120224K(460800K)] 393898K->264778K(1859072K), 0.0419819 secs] [Times: user=0.25 sys=0.00, real=0.05 secs] 
6082.723: [GC (Allocation Failure) [PSYoungGen: 369568K->165952K(477184K)] 514122K->429895K(1875456K), 0.0618968 secs] [Times: user=0.36 sys=0.00, real=0.07 secs] 
6085.559: [GC (Allocation Failure) [PSYoungGen: 438336K->120192K(483840K)] 702279K->540839K(1882112K), 0.1151557 secs] [Times: user=0.69 sys=0.00, real=0.11 secs] 
6087.041: [GC (Allocation Failure) [PSYoungGen: 392576K->198784K(457728K)] 813223K->735412K(1856000K), 0.0608969 secs] [Times: user=0.35 sys=0.00, real=0.06 secs] 
6089.659: [GC (Allocation Failure) [PSYoungGen: 443545K->98112K(475648K)] 980173K->832784K(1873920K), 0.1129977 secs] [Times: user=0.67 sys=0.00, real=0.11 secs] 
6090.927: [GC (Allocation Failure) [PSYoungGen: 350528K->151840K(469504K)] 1085200K->978001K(1867776K), 0.0626655 secs] [Times: user=0.37 sys=0.00, real=0.06 secs] 
6092.885: [GC (Allocation Failure) [PSYoungGen: 406304K->139008K(473600K)] 1232465K->1116433K(1871872K), 0.0658899 secs] [Times: user=0.39 sys=0.00, real=0.06 secs] 
6094.085: [GC (Allocation Failure) [PSYoungGen: 393472K->10496K(459776K)] 1370897K->987997K(1858048K), 0.0038765 secs] [Times: user=0.02 sys=0.00, real=0.00 secs] 
6096.069: [GC (Allocation Failure) [PSYoungGen: 257486K->174144K(421888K)] 1234988K->1160565K(1820160K), 0.0364090 secs] [Times: user=0.22 sys=0.00, real=0.04 secs] 
6098.697: [GC (Allocation Failure) [PSYoungGen: 421440K->103680K(470528K)] 1407861K->1255685K(1868800K), 0.1681195 secs] [Times: user=1.00 sys=0.00, real=0.17 secs] 
6098.865: [Full GC (Ergonomics) [PSYoungGen: 103680K->0K(470528K)] [ParOldGen: 1152005K->53908K(1398272K)] 1255685K->53908K(1868800K), [Metaspace: 59670K->59670K(1105920K)], 0.1437002 secs] [Times: user=0.66 sys=0.00, real=0.14 secs] 
6099.331: [GC (Allocation Failure) [PSYoungGen: 237568K->173440K(465920K)] 291476K->227348K(1864192K), 0.0361733 secs] [Times: user=0.21 sys=0.00, real=0.04 secs] 
6102.278: [GC (Allocation Failure) [PSYoungGen: 411008K->86944K(466432K)] 464916K->314140K(1864704K), 0.1410348 secs] [Times: user=0.84 sys=0.00, real=0.14 secs] 
6102.962: [GC (Allocation Failure) [PSYoungGen: 320416K->177632K(465920K)] 547612K->485569K(1864192K), 0.0568428 secs] [Times: user=0.33 sys=0.00, real=0.06 secs] 
6106.261: [GC (Allocation Failure) [PSYoungGen: 411104K->82368K(465920K)] 719041K->567865K(1864192K), 0.1309618 secs] [Times: user=0.78 sys=0.00, real=0.13 secs] 
6106.819: [GC (Allocation Failure) [PSYoungGen: 313649K->206048K(465920K)] 799146K->767498K(1864192K), 0.0568299 secs] [Times: user=0.34 sys=0.00, real=0.06 secs] 
6109.998: [GC (Allocation Failure) [PSYoungGen: 439008K->87200K(465920K)] 1000458K->820730K(1864192K), 0.1167221 secs] [Times: user=0.69 sys=0.00, real=0.11 secs] 
6111.227: [GC (Allocation Failure) [PSYoungGen: 320160K->157248K(465920K)] 1053690K->971602K(1864192K), 0.0599735 secs] [Times: user=0.36 sys=0.00, real=0.06 secs] 
6113.366: [GC (Allocation Failure) [PSYoungGen: 390208K->102048K(465920K)] 1204562K->1073090K(1864192K), 0.0907339 secs] [Times: user=0.53 sys=0.00, real=0.09 secs] 
6114.645: [GC (Allocation Failure) [PSYoungGen: 335008K->146080K(465920K)] 1306050K->1208446K(1864192K), 0.0605994 secs] [Times: user=0.36 sys=0.00, real=0.06 secs] 
6116.521: [GC (Allocation Failure) [PSYoungGen: 379040K->120576K(458752K)] 1441406K->1329130K(1857024K), 0.0843315 secs] [Times: user=0.50 sys=0.01, real=0.09 secs] 
6116.606: [Full GC (Ergonomics) [PSYoungGen: 120576K->0K(458752K)] [ParOldGen: 1208554K->135114K(1398272K)] 1329130K->135114K(1857024K), [Metaspace: 59670K->59670K(1105920K)], 0.3075545 secs] [Times: user=1.41 sys=0.00, real=0.30 secs] 
6118.259: [GC (Allocation Failure) [PSYoungGen: 232960K->127776K(462336K)] 368074K->262890K(1860608K), 0.0441100 secs] [Times: user=0.26 sys=0.00, real=0.04 secs] 
6120.277: [GC (Allocation Failure) [PSYoungGen: 360736K->135264K(460800K)] 495850K->398446K(1859072K), 0.0685495 secs] [Times: user=0.41 sys=0.01, real=0.07 secs] 
6121.483: [GC (Allocation Failure) [PSYoungGen: 384608K->7168K(462336K)] 647790K->270486K(1860608K), 0.0028235 secs] [Times: user=0.01 sys=0.00, real=0.01 secs] 
6124.548: [GC (Allocation Failure) [PSYoungGen: 256512K->169408K(458752K)] 519830K->437791K(1857024K), 0.0340897 secs] [Times: user=0.20 sys=0.00, real=0.03 secs] 
6125.693: [GC (Allocation Failure) [PSYoungGen: 402368K->99936K(465920K)] 670751K->528431K(1864192K), 0.0708697 secs] [Times: user=0.42 sys=0.00, real=0.07 secs] 
6127.372: [GC (Allocation Failure) [PSYoungGen: 320586K->160256K(462848K)] 749082K->684804K(1861120K), 0.0510755 secs] [Times: user=0.30 sys=0.00, real=0.05 secs] 
6128.875: [GC (Allocation Failure) [PSYoungGen: 396288K->98240K(334336K)] 920836K->773852K(1732608K), 0.0838273 secs] [Times: user=0.49 sys=0.01, real=0.08 secs] 
6130.945: [GC (Allocation Failure) [PSYoungGen: 334272K->168288K(459264K)] 1009884K->937861K(1857536K), 0.0515796 secs] [Times: user=0.31 sys=0.00, real=0.05 secs] 
6133.361: [GC (Allocation Failure) [PSYoungGen: 402054K->89856K(465920K)] 1171628K->1027045K(1864192K), 0.1704757 secs] [Times: user=1.01 sys=0.00, real=0.17 secs] 
6134.059: [GC (Allocation Failure) [PSYoungGen: 324352K->171968K(460288K)] 1261541K->1195169K(1858560K), 0.0572880 secs] [Times: user=0.34 sys=0.00, real=0.06 secs] 
6137.210: [GC (Allocation Failure) [PSYoungGen: 404928K->83776K(465920K)] 1428129K->1278441K(1864192K), 0.1761733 secs] [Times: user=1.05 sys=0.00, real=0.18 secs] 
6137.386: [Full GC (Ergonomics) [PSYoungGen: 83776K->0K(465920K)] [ParOldGen: 1194665K->76056K(1398272K)] 1278441K->76056K(1864192K), [Metaspace: 59670K->59670K(1105920K)], 0.2048896 secs] [Times: user=0.97 sys=0.00, real=0.20 secs] 
6137.978: [GC (Allocation Failure) [PSYoungGen: 232960K->179072K(464896K)] 309016K->255128K(1863168K), 0.0379717 secs] [Times: user=0.22 sys=0.00, real=0.04 secs] 
6140.776: [GC (Allocation Failure) [PSYoungGen: 412032K->83648K(465920K)] 488088K->339000K(1864192K), 0.1246277 secs] [Times: user=0.74 sys=0.00, real=0.12 secs] 
6141.922: [GC (Allocation Failure) [PSYoungGen: 316459K->202016K(465920K)] 571812K->534656K(1864192K), 0.0669836 secs] [Times: user=0.40 sys=0.00, real=0.07 secs] 
6144.185: [GC (Allocation Failure) [PSYoungGen: 434976K->93184K(465920K)] 767616K->591036K(1864192K), 0.0941895 secs] [Times: user=0.56 sys=0.00, real=0.09 secs] 
6145.414: [GC (Allocation Failure) [PSYoungGen: 326144K->150944K(465920K)] 823996K->735388K(1864192K), 0.0602251 secs] [Times: user=0.35 sys=0.00, real=0.06 secs] 
6148.588: [GC (Allocation Failure) [PSYoungGen: 383904K->100192K(465920K)] 968348K->835764K(1864192K), 0.0935570 secs] [Times: user=0.55 sys=0.00, real=0.09 secs] 
6149.843: [GC (Allocation Failure) [PSYoungGen: 333152K->148288K(465920K)] 1068724K->973232K(1864192K), 0.0603519 secs] [Times: user=0.36 sys=0.00, real=0.06 secs] 
6152.359: [GC (Allocation Failure) [PSYoungGen: 381248K->117856K(351232K)] 1206192K->1091184K(1749504K), 0.0844202 secs] [Times: user=0.51 sys=0.00, real=0.08 secs] 
6153.579: [GC (Allocation Failure) [PSYoungGen: 350816K->130176K(470528K)] 1324144K->1210825K(1868800K), 0.0620358 secs] [Times: user=0.37 sys=0.00, real=0.06 secs] 
6155.559: [GC (Allocation Failure) [PSYoungGen: 372864K->154688K(460800K)] 1453513K->1365609K(1859072K), 0.0594709 secs] [Times: user=0.35 sys=0.00, real=0.06 secs] 
6155.619: [Full GC (Ergonomics) [PSYoungGen: 154688K->0K(460800K)] [ParOldGen: 1210921K->160113K(1398272K)] 1365609K->160113K(1859072K), [Metaspace: 59670K->59670K(1105920K)], 0.3770406 secs] [Times: user=1.74 sys=0.00, real=0.38 secs] 
6157.074: [GC (Allocation Failure) [PSYoungGen: 242688K->109504K(475648K)] 402801K->269617K(1873920K), 0.0381207 secs] [Times: user=0.23 sys=0.01, real=0.04 secs] 
6159.967: [GC (Allocation Failure) [PSYoungGen: 367552K->176320K(472064K)] 527665K->443990K(1870336K), 0.0584184 secs] [Times: user=0.35 sys=0.00, real=0.06 secs] 
6162.183: [GC (Allocation Failure) [PSYoungGen: 434368K->112032K(479232K)] 702038K->547114K(1877504K), 0.1395988 secs] [Times: user=0.75 sys=0.00, real=0.14 secs] 
6163.157: [GC (Allocation Failure) [PSYoungGen: 370080K->193504K(451584K)] 805162K->734567K(1849856K), 0.0578450 secs] [Times: user=0.35 sys=0.00, real=0.06 secs] 
6165.932: [GC (Allocation Failure) [PSYoungGen: 451552K->104800K(470528K)] 992615K->839467K(1868800K), 0.1162607 secs] [Times: user=0.70 sys=0.00, real=0.12 secs] 
6167.208: [GC (Allocation Failure) [PSYoungGen: 343392K->147872K(386560K)] 1078059K->977175K(1784832K), 0.0625875 secs] [Times: user=0.38 sys=0.00, real=0.06 secs] 
6169.773: [GC (Allocation Failure) [PSYoungGen: 386464K->127456K(469504K)] 1215767K->1103791K(1867776K), 0.0662899 secs] [Times: user=0.39 sys=0.00, real=0.07 secs] 
6170.964: [GC (Allocation Failure) [PSYoungGen: 373216K->2816K(462336K)] 1349551K->979191K(1860608K), 0.0038265 secs] [Times: user=0.02 sys=0.00, real=0.01 secs] 
6172.811: [GC (Allocation Failure) [PSYoungGen: 248576K->161984K(463872K)] 1224951K->1140156K(1862144K), 0.0324712 secs] [Times: user=0.20 sys=0.00, real=0.03 secs] 
6174.295: [GC (Allocation Failure) [PSYoungGen: 394944K->104288K(337408K)] 1373116K->1234932K(1735680K), 0.0736185 secs] [Times: user=0.43 sys=0.01, real=0.07 secs] 
6176.811: [GC (Allocation Failure) [PSYoungGen: 336556K->165312K(458240K)] 1467201K->1397713K(1856512K), 0.0545989 secs] [Times: user=0.32 sys=0.00, real=0.06 secs] 
6176.865: [Full GC (Ergonomics) [PSYoungGen: 165312K->0K(458240K)] [ParOldGen: 1232401K->196455K(1398272K)] 1397713K->196455K(1856512K), [Metaspace: 59670K->59670K(1105920K)], 0.4707122 secs] [Times: user=2.20 sys=0.00, real=0.47 secs] 
6178.527: [GC (Allocation Failure) [PSYoungGen: 230400K->95456K(462848K)] 426855K->291911K(1861120K), 0.0438409 secs] [Times: user=0.26 sys=0.01, real=0.04 secs] 
6180.104: [GC (Allocation Failure) [PSYoungGen: 313113K->156352K(464896K)] 509568K->444144K(1863168K), 0.0479378 secs] [Times: user=0.28 sys=0.01, real=0.05 secs] 
6181.495: [GC (Allocation Failure) [PSYoungGen: 393408K->100256K(337408K)] 681200K->535072K(1735680K), 0.0685857 secs] [Times: user=0.41 sys=0.00, real=0.06 secs] 
6182.494: [GC (Allocation Failure) [PSYoungGen: 337312K->172640K(457728K)] 772128K->703389K(1856000K), 0.0520444 secs] [Times: user=0.31 sys=0.00, real=0.06 secs] 
6184.542: [GC (Allocation Failure) [PSYoungGen: 406624K->86624K(465408K)] 937373K->789561K(1863680K), 0.1220609 secs] [Times: user=0.72 sys=0.01, real=0.12 secs] 
6185.207: [GC (Allocation Failure) [PSYoungGen: 320608K->179296K(461824K)] 1023545K->962566K(1860096K), 0.0582881 secs] [Times: user=0.34 sys=0.00, real=0.06 secs] 
6187.844: [GC (Allocation Failure) [PSYoungGen: 412256K->82784K(465920K)] 1195526K->1045502K(1864192K), 0.1624688 secs] [Times: user=0.96 sys=0.01, real=0.17 secs] 
6188.612: [GC (Allocation Failure) [PSYoungGen: 314948K->209888K(465920K)] 1277667K->1249003K(1864192K), 0.0627778 secs] [Times: user=0.37 sys=0.00, real=0.07 secs] 
6191.547: [GC (Allocation Failure) [PSYoungGen: 442848K->87136K(465920K)] 1481963K->1301451K(1864192K), 0.1226729 secs] [Times: user=0.73 sys=0.00, real=0.12 secs] 
6191.670: [Full GC (Ergonomics) [PSYoungGen: 87136K->0K(465920K)] [ParOldGen: 1214315K->101190K(1398272K)] 1301451K->101190K(1864192K), [Metaspace: 59670K->59670K(1105920K)], 0.2454117 secs] [Times: user=1.13 sys=0.00, real=0.25 secs] 
6192.986: [GC (Allocation Failure) [PSYoungGen: 232960K->158336K(465920K)] 334150K->259526K(1864192K), 0.0450191 secs] [Times: user=0.27 sys=0.00, real=0.04 secs] 
6194.821: [GC (Allocation Failure) [PSYoungGen: 391296K->103168K(465920K)] 492486K->362343K(1864192K), 0.1023838 secs] [Times: user=0.60 sys=0.01, real=0.10 secs] 
6196.084: [GC (Allocation Failure) [PSYoungGen: 336128K->145984K(465920K)] 595303K->497402K(1864192K), 0.0602602 secs] [Times: user=0.35 sys=0.00, real=0.06 secs] 
6199.464: [GC (Allocation Failure) [PSYoungGen: 378944K->116992K(350208K)] 730362K->613730K(1748480K), 0.0819493 secs] [Times: user=0.48 sys=0.00, real=0.09 secs] 
6200.683: [GC (Allocation Failure) [PSYoungGen: 349952K->131040K(472576K)] 846690K->734271K(1870848K), 0.0617430 secs] [Times: user=0.37 sys=0.00, real=0.07 secs] 
6202.798: [GC (Allocation Failure) [PSYoungGen: 373728K->141664K(462848K)] 976959K->875903K(1861120K), 0.0585618 secs] [Times: user=0.35 sys=0.00, real=0.06 secs] 
6203.990: [GC (Allocation Failure) [PSYoungGen: 384352K->8256K(451584K)] 1118591K->742563K(1849856K), 0.0034197 secs] [Times: user=0.02 sys=0.00, real=0.00 secs] 
6206.870: [GC (Allocation Failure) [PSYoungGen: 244288K->159808K(464384K)] 978595K->900479K(1862656K), 0.0330589 secs] [Times: user=0.19 sys=0.00, real=0.03 secs] 
6208.079: [GC (Allocation Failure) [PSYoungGen: 395840K->104192K(459264K)] 1136511K->995463K(1857536K), 0.0679685 secs] [Times: user=0.41 sys=0.00, real=0.07 secs] 
6209.393: [GC (Allocation Failure) [PSYoungGen: 328261K->162272K(462848K)] 1219533K->1155440K(1861120K), 0.0529703 secs] [Times: user=0.32 sys=0.00, real=0.06 secs] 
6210.873: [GC (Allocation Failure) [PSYoungGen: 400352K->98304K(467456K)] 1393520K->1244996K(1865728K), 0.0736809 secs] [Times: user=0.43 sys=0.00, real=0.08 secs] 
6212.582: [GC (Allocation Failure) [PSYoungGen: 343040K->174592K(419840K)] 1489732K->1416093K(1818112K), 0.0522575 secs] [Times: user=0.31 sys=0.00, real=0.06 secs] 
6212.635: [Full GC (Ergonomics) [PSYoungGen: 174592K->0K(419840K)] [ParOldGen: 1241501K->218310K(1398272K)] 1416093K->218310K(1818112K), [Metaspace: 59670K->59670K(1105920K)], 0.5078293 secs] [Times: user=2.36 sys=0.00, real=0.50 secs] 
6216.204: [GC (Allocation Failure) [PSYoungGen: 244736K->90464K(470016K)] 463046K->308774K(1868288K), 0.1027098 secs] [Times: user=0.61 sys=0.00, real=0.11 secs] 
6217.127: [GC (Allocation Failure) [PSYoungGen: 327520K->179136K(465920K)] 545830K->481426K(1864192K), 0.0576962 secs] [Times: user=0.34 sys=0.00, real=0.05 secs] 
6220.708: [GC (Allocation Failure) [PSYoungGen: 416192K->86720K(465920K)] 718482K->568050K(1864192K), 0.1393315 secs] [Times: user=0.83 sys=0.00, real=0.14 secs] 
6221.861: [GC (Allocation Failure) [PSYoungGen: 318176K->204416K(465920K)] 799507K->765599K(1864192K), 0.0678841 secs] [Times: user=0.40 sys=0.00, real=0.07 secs] 
6224.368: [GC (Allocation Failure) [PSYoungGen: 437376K->90080K(465920K)] 998559K->819039K(1864192K), 0.1100101 secs] [Times: user=0.65 sys=0.00, real=0.11 secs] 
6225.627: [GC (Allocation Failure) [PSYoungGen: 323040K->154400K(465920K)] 1051999K->966372K(1864192K), 0.0600399 secs] [Times: user=0.36 sys=0.00, real=0.06 secs] 
6228.213: [GC (Allocation Failure) [PSYoungGen: 387360K->102592K(465920K)] 1199332K->1069180K(1864192K), 0.0942559 secs] [Times: user=0.56 sys=0.00, real=0.10 secs] 
6229.450: [GC (Allocation Failure) [PSYoungGen: 335552K->145824K(465920K)] 1302140K->1204349K(1864192K), 0.0606273 secs] [Times: user=0.36 sys=0.00, real=0.06 secs] 
6231.030: [GC (Allocation Failure) [PSYoungGen: 378784K->123904K(451584K)] 1437309K->1328213K(1849856K), 0.0677913 secs] [Times: user=0.40 sys=0.00, real=0.07 secs] 
6231.098: [Full GC (Ergonomics) [PSYoungGen: 123904K->0K(451584K)] [ParOldGen: 1204309K->137903K(1398272K)] 1328213K->137903K(1849856K), [Metaspace: 59671K->59671K(1105920K)], 0.3120983 secs] [Times: user=1.43 sys=0.00, real=0.31 secs] 
6232.510: [GC (Allocation Failure) [PSYoungGen: 232960K->124576K(458752K)] 370863K->262479K(1857024K), 0.0446336 secs] [Times: user=0.27 sys=0.00, real=0.05 secs] 
6235.108: [GC (Allocation Failure) [PSYoungGen: 357536K->137664K(463360K)] 495439K->399935K(1861632K), 0.0644975 secs] [Times: user=0.38 sys=0.00, real=0.06 secs] 
6236.300: [GC (Allocation Failure) [PSYoungGen: 393664K->11168K(467456K)] 655935K->273523K(1865728K), 0.0034670 secs] [Times: user=0.02 sys=0.00, real=0.00 secs] 
6238.489: [GC (Allocation Failure) [PSYoungGen: 257154K->173536K(456192K)] 519509K->444907K(1854464K), 0.0362210 secs] [Times: user=0.22 sys=0.00, real=0.04 secs] 
6239.646: [GC (Allocation Failure) [PSYoungGen: 406496K->98528K(465920K)] 677867K->534635K(1864192K), 0.0711811 secs] [Times: user=0.42 sys=0.01, real=0.07 secs] 
6241.849: [GC (Allocation Failure) [PSYoungGen: 331488K->164224K(461824K)] 767595K->694864K(1860096K), 0.0511002 secs] [Times: user=0.30 sys=0.00, real=0.05 secs] 
6244.223: [GC (Allocation Failure) [PSYoungGen: 399232K->91872K(466944K)] 929872K->786032K(1865216K), 0.1669363 secs] [Times: user=0.99 sys=0.00, real=0.17 secs] 
6244.803: [GC (Allocation Failure) [PSYoungGen: 326880K->175488K(460288K)] 1021040K->957950K(1858560K), 0.0582898 secs] [Times: user=0.34 sys=0.00, real=0.06 secs] 
6248.281: [GC (Allocation Failure) [PSYoungGen: 408448K->79296K(465920K)] 1190910K->1037326K(1864192K), 0.1609114 secs] [Times: user=0.96 sys=0.00, real=0.16 secs] 
6248.754: [GC (Allocation Failure) [PSYoungGen: 312256K->191968K(465920K)] 1270286K->1223063K(1864192K), 0.0572484 secs] [Times: user=0.34 sys=0.00, real=0.06 secs] 
6251.145: [GC (Allocation Failure) [PSYoungGen: 424928K->89888K(465920K)] 1456023K->1296287K(1864192K), 0.1151285 secs] [Times: user=0.69 sys=0.00, real=0.11 secs] 
6251.260: [Full GC (Ergonomics) [PSYoungGen: 89888K->0K(465920K)] [ParOldGen: 1206399K->94981K(1398272K)] 1296287K->94981K(1864192K), [Metaspace: 59671K->59671K(1105920K)], 0.2279208 secs] [Times: user=1.04 sys=0.00, real=0.23 secs] 
6252.411: [GC (Allocation Failure) [PSYoungGen: 232960K->205568K(465920K)] 327941K->300549K(1864192K), 0.0457415 secs] [Times: user=0.27 sys=0.00, real=0.05 secs] 
6254.760: [GC (Allocation Failure) [PSYoungGen: 435605K->93120K(465920K)] 530587K->352033K(1864192K), 0.0957882 secs] [Times: user=0.55 sys=0.00, real=0.10 secs] 
6255.990: [GC (Allocation Failure) [PSYoungGen: 326080K->151104K(465920K)] 584993K->496642K(1864192K), 0.0603176 secs] [Times: user=0.35 sys=0.00, real=0.06 secs] 
6258.598: [GC (Allocation Failure) [PSYoungGen: 384064K->102368K(465920K)] 729602K->598834K(1864192K), 0.0768703 secs] [Times: user=0.46 sys=0.00, real=0.08 secs] 
6259.930: [GC (Allocation Failure) [PSYoungGen: 335328K->146112K(465920K)] 831794K->733617K(1864192K), 0.0603068 secs] [Times: user=0.36 sys=0.00, real=0.06 secs] 
6262.769: [GC (Allocation Failure) [PSYoungGen: 379072K->119936K(353280K)] 966577K->853761K(1751552K), 0.0812851 secs] [Times: user=0.48 sys=0.00, real=0.08 secs] 
6263.989: [GC (Allocation Failure) [PSYoungGen: 352896K->128704K(473088K)] 1086721K->971386K(1871360K), 0.0627864 secs] [Times: user=0.38 sys=0.00, real=0.06 secs] 
6265.497: [GC (Allocation Failure) [PSYoungGen: 371904K->147040K(462848K)] 1214586K->1118562K(1861120K), 0.0598451 secs] [Times: user=0.36 sys=0.00, real=0.06 secs] 
6266.713: [GC (Allocation Failure) [PSYoungGen: 390240K->13280K(455680K)] 1361762K->985222K(1853952K), 0.0051538 secs] [Times: user=0.03 sys=0.00, real=0.01 secs] 
6268.142: [GC (Allocation Failure) [PSYoungGen: 248371K->171168K(409600K)] 1220313K->1154339K(1807872K), 0.0374945 secs] [Times: user=0.22 sys=0.00, real=0.04 secs] 
6270.039: [GC (Allocation Failure) [PSYoungGen: 409248K->99904K(468992K)] 1392419K->1245599K(1867264K), 0.1741033 secs] [Times: user=1.04 sys=0.00, real=0.17 secs] 
6271.536: [GC (Allocation Failure) [PSYoungGen: 335936K->168704K(465920K)] 1481631K->1410789K(1864192K), 0.0532679 secs] [Times: user=0.32 sys=0.00, real=0.05 secs] 
6271.589: [Full GC (Ergonomics) [PSYoungGen: 168704K->0K(465920K)] [ParOldGen: 1242085K->214170K(1398272K)] 1410789K->214170K(1864192K), [Metaspace: 59671K->59671K(1105920K)], 0.4986188 secs] [Times: user=2.32 sys=0.00, real=0.50 secs] 
6274.623: [GC (Allocation Failure) [PSYoungGen: 236032K->86720K(466432K)] 450202K->300890K(1864704K), 0.1476877 secs] [Times: user=0.88 sys=0.01, real=0.15 secs] 
6275.814: [GC (Allocation Failure) [PSYoungGen: 320192K->173344K(465920K)] 534362K->469557K(1864192K), 0.0556014 secs] [Times: user=0.34 sys=0.00, real=0.06 secs] 
6278.862: [GC (Allocation Failure) [PSYoungGen: 406816K->85472K(465920K)] 703029K->555053K(1864192K), 0.1721555 secs] [Times: user=1.03 sys=0.00, real=0.17 secs] 
6279.345: [GC (Allocation Failure) [PSYoungGen: 318432K->174432K(465920K)] 788013K->723490K(1864192K), 0.0580119 secs] [Times: user=0.34 sys=0.00, real=0.05 secs] 
6282.449: [GC (Allocation Failure) [PSYoungGen: 407392K->82880K(465920K)] 956450K->805838K(1864192K), 0.1381122 secs] [Times: user=0.82 sys=0.00, real=0.14 secs] 
6283.627: [GC (Allocation Failure) [PSYoungGen: 312826K->205120K(465920K)] 1035784K->1004131K(1864192K), 0.0678220 secs] [Times: user=0.40 sys=0.00, real=0.06 secs] 
6285.716: [GC (Allocation Failure) [PSYoungGen: 438080K->90368K(465920K)] 1237091K->1057899K(1864192K), 0.1177492 secs] [Times: user=0.68 sys=0.00, real=0.11 secs] 
6286.985: [GC (Allocation Failure) [PSYoungGen: 323328K->154528K(465920K)] 1290859K->1205511K(1864192K), 0.0599578 secs] [Times: user=0.35 sys=0.00, real=0.06 secs] 
6289.095: [GC (Allocation Failure) [PSYoungGen: 387488K->120352K(465920K)] 1438471K->1325735K(1864192K), 0.0919199 secs] [Times: user=0.54 sys=0.00, real=0.09 secs] 
6289.187: [Full GC (Ergonomics) [PSYoungGen: 120352K->0K(465920K)] [ParOldGen: 1205383K->118593K(1398272K)] 1325735K->118593K(1864192K), [Metaspace: 59671K->59671K(1105920K)], 0.2703524 secs] [Times: user=1.22 sys=0.00, real=0.27 secs] 
6290.744: [GC (Allocation Failure) [PSYoungGen: 232960K->144672K(465920K)] 351553K->263265K(1864192K), 0.0519043 secs] [Times: user=0.31 sys=0.00, real=0.06 secs] 
6293.453: [GC (Allocation Failure) [PSYoungGen: 377632K->119840K(452608K)] 496225K->383025K(1850880K), 0.0910152 secs] [Times: user=0.54 sys=0.01, real=0.09 secs] 
6294.713: [GC (Allocation Failure) [PSYoungGen: 352800K->128288K(459264K)] 615985K->501076K(1857536K), 0.0614824 secs] [Times: user=0.37 sys=0.00, real=0.06 secs] 
6297.363: [GC (Allocation Failure) [PSYoungGen: 361248K->134432K(460800K)] 734036K->635644K(1859072K), 0.0607850 secs] [Times: user=0.36 sys=0.00, real=0.06 secs] 
6298.575: [GC (Allocation Failure) [PSYoungGen: 389920K->11584K(465408K)] 891132K->512860K(1863680K), 0.0038151 secs] [Times: user=0.02 sys=0.00, real=0.00 secs] 
6300.143: [GC (Allocation Failure) [PSYoungGen: 261928K->173632K(456192K)] 763205K->684938K(1854464K), 0.0361656 secs] [Times: user=0.21 sys=0.00, real=0.04 secs] 
6301.438: [GC (Allocation Failure) [PSYoungGen: 407616K->101152K(466432K)] 918922K->776734K(1864704K), 0.0708778 secs] [Times: user=0.42 sys=0.01, real=0.07 secs] 
6302.443: [GC (Allocation Failure) [PSYoungGen: 335136K->172288K(458240K)] 1010718K->945819K(1856512K), 0.0528262 secs] [Times: user=0.31 sys=0.00, real=0.06 secs] 
6305.505: [GC (Allocation Failure) [PSYoungGen: 405248K->83264K(465920K)] 1178779K->1029071K(1864192K), 0.1671446 secs] [Times: user=1.00 sys=0.00, real=0.16 secs] 
6306.456: [GC (Allocation Failure) [PSYoungGen: 316224K->175968K(463360K)] 1262031K->1199008K(1861632K), 0.0556949 secs] [Times: user=0.33 sys=0.00, real=0.05 secs] 
6309.401: [GC (Allocation Failure) [PSYoungGen: 408928K->85952K(465920K)] 1431968K->1284644K(1864192K), 0.1748546 secs] [Times: user=1.04 sys=0.00, real=0.18 secs] 
6309.576: [Full GC (Ergonomics) [PSYoungGen: 85952K->0K(465920K)] [ParOldGen: 1198692K->82139K(1398272K)] 1284644K->82139K(1864192K), [Metaspace: 59671K->59671K(1105920K)], 0.2178099 secs] [Times: user=1.03 sys=0.00, real=0.21 secs] 
6310.566: [GC (Allocation Failure) [PSYoungGen: 232960K->209856K(465920K)] 315099K->291995K(1864192K), 0.0376611 secs] [Times: user=0.22 sys=0.00, real=0.03 secs] 
6314.482: [GC (Allocation Failure) [PSYoungGen: 442816K->83584K(465920K)] 524955K->342119K(1864192K), 0.1207213 secs] [Times: user=0.72 sys=0.00, real=0.12 secs] 
6315.713: [GC (Allocation Failure) [PSYoungGen: 316544K->160320K(465920K)] 575079K->495987K(1864192K), 0.0596056 secs] [Times: user=0.35 sys=0.00, real=0.06 secs] 
6318.188: [GC (Allocation Failure) [PSYoungGen: 390576K->93536K(465920K)] 726244K->589371K(1864192K), 0.0952389 secs] [Times: user=0.57 sys=0.00, real=0.09 secs] 
6320.303: [GC (Allocation Failure) [PSYoungGen: 326496K->151168K(465920K)] 822331K->733536K(1864192K), 0.0598682 secs] [Times: user=0.35 sys=0.00, real=0.06 secs] 
6323.073: [GC (Allocation Failure) [PSYoungGen: 384128K->101920K(465920K)] 966496K->835268K(1864192K), 0.0922195 secs] [Times: user=0.55 sys=0.00, real=0.10 secs] 
6324.328: [GC (Allocation Failure) [PSYoungGen: 334880K->146720K(465920K)] 1068228K->971317K(1864192K), 0.0607321 secs] [Times: user=0.36 sys=0.00, real=0.06 secs] 
6326.473: [GC (Allocation Failure) [PSYoungGen: 379680K->118912K(352256K)] 1204277K->1090045K(1750528K), 0.0667796 secs] [Times: user=0.39 sys=0.00, real=0.07 secs] 
6327.719: [GC (Allocation Failure) [PSYoungGen: 351872K->129056K(466432K)] 1323005K->1208852K(1864704K), 0.0625029 secs] [Times: user=0.38 sys=0.00, real=0.06 secs] 
6330.132: [GC (Allocation Failure) [PSYoungGen: 371232K->137472K(457216K)] 1451028K->1346200K(1855488K), 0.0641684 secs] [Times: user=0.38 sys=0.00, real=0.07 secs] 
6330.197: [Full GC (Ergonomics) [PSYoungGen: 137472K->0K(457216K)] [ParOldGen: 1208728K->151928K(1398272K)] 1346200K->151928K(1855488K), [Metaspace: 59671K->59671K(1105920K)], 0.3508476 secs] [Times: user=1.62 sys=0.00, real=0.35 secs] 
6331.651: [GC (Allocation Failure) [PSYoungGen: 242176K->117120K(475648K)] 394104K->269048K(1873920K), 0.0407919 secs] [Times: user=0.24 sys=0.00, real=0.04 secs] 
6334.622: [GC (Allocation Failure) [PSYoungGen: 380651K->178144K(469504K)] 532580K->445849K(1867776K), 0.0607565 secs] [Times: user=0.36 sys=0.00, real=0.06 secs] 
6337.059: [GC (Allocation Failure) [PSYoungGen: 443806K->113536K(488960K)] 711512K->550365K(1887232K), 0.1472079 secs] [Times: user=0.87 sys=0.01, real=0.15 secs] 
6339.848: [GC (Allocation Failure) [PSYoungGen: 387340K->209888K(483840K)] 824170K->776250K(1882112K), 0.0734417 secs] [Times: user=0.43 sys=0.00, real=0.07 secs] 
6342.252: [GC (Allocation Failure) [PSYoungGen: 483808K->126944K(448000K)] 1050170K->866682K(1846272K), 0.0943228 secs] [Times: user=0.56 sys=0.00, real=0.10 secs] 
6343.764: [GC (Allocation Failure) [PSYoungGen: 359904K->129952K(465920K)] 1099642K->977293K(1864192K), 0.0612836 secs] [Times: user=0.36 sys=0.00, real=0.07 secs] 
6345.766: [GC (Allocation Failure) [PSYoungGen: 362912K->135552K(465920K)] 1210253K->1112909K(1864192K), 0.0658731 secs] [Times: user=0.38 sys=0.02, real=0.06 secs] 
6346.945: [GC (Allocation Failure) [PSYoungGen: 368512K->2464K(465920K)] 1345869K->979909K(1864192K), 0.0025189 secs] [Times: user=0.01 sys=0.00, real=0.00 secs] 
6348.407: [GC (Allocation Failure) [PSYoungGen: 235424K->154432K(465920K)] 1212869K->1133182K(1864192K), 0.0308301 secs] [Times: user=0.18 sys=0.01, real=0.03 secs] 
6349.721: [GC (Allocation Failure) [PSYoungGen: 387392K->104096K(465920K)] 1366142K->1228262K(1864192K), 0.0746429 secs] [Times: user=0.45 sys=0.00, real=0.08 secs] 
6351.955: [GC (Allocation Failure) [PSYoungGen: 337056K->170848K(465920K)] 1461222K->1397403K(1864192K), 0.0546900 secs] [Times: user=0.33 sys=0.00, real=0.05 secs] 
6352.010: [Full GC (Ergonomics) [PSYoungGen: 170848K->0K(465920K)] [ParOldGen: 1226555K->188028K(1398272K)] 1397403K->188028K(1864192K), [Metaspace: 59671K->59671K(1105920K)], 0.4540282 secs] [Times: user=2.11 sys=0.00, real=0.45 secs] 
6353.479: [GC (Allocation Failure) [PSYoungGen: 232960K->95968K(465920K)] 420988K->283996K(1864192K), 0.0310638 secs] [Times: user=0.18 sys=0.00, real=0.03 secs] 
6355.821: [GC (Allocation Failure) [PSYoungGen: 328538K->163232K(465920K)] 516566K->444225K(1864192K), 0.0503523 secs] [Times: user=0.30 sys=0.00, real=0.05 secs] 
6357.145: [GC (Allocation Failure) [PSYoungGen: 396192K->100224K(465920K)] 677185K->535425K(1864192K), 0.0704436 secs] [Times: user=0.42 sys=0.00, real=0.07 secs] 
6358.940: [GC (Allocation Failure) [PSYoungGen: 333184K->162976K(465920K)] 768385K->694257K(1864192K), 0.0510926 secs] [Times: user=0.31 sys=0.00, real=0.05 secs] 
6360.540: [GC (Allocation Failure) [PSYoungGen: 395936K->95680K(465920K)] 927217K->788849K(1864192K), 0.1212156 secs] [Times: user=0.72 sys=0.00, real=0.12 secs] 
6361.126: [GC (Allocation Failure) [PSYoungGen: 328640K->177248K(465920K)] 1021809K->960170K(1864192K), 0.0585097 secs] [Times: user=0.35 sys=0.00, real=0.05 secs] 
6364.489: [GC (Allocation Failure) [PSYoungGen: 410208K->83488K(465920K)] 1193130K->1043602K(1864192K), 0.1686865 secs] [Times: user=1.00 sys=0.00, real=0.17 secs] 
6365.072: [GC (Allocation Failure) [PSYoungGen: 316381K->210848K(465920K)] 1276496K->1248215K(1864192K), 0.0578663 secs] [Times: user=0.34 sys=0.00, real=0.06 secs] 
6368.454: [GC (Allocation Failure) [PSYoungGen: 443808K->84160K(465920K)] 1481175K->1298879K(1864192K), 0.1299295 secs] [Times: user=0.71 sys=0.00, real=0.13 secs] 
6368.584: [Full GC (Ergonomics) [PSYoungGen: 84160K->0K(465920K)] [ParOldGen: 1214719K->98744K(1398272K)] 1298879K->98744K(1864192K), [Metaspace: 59671K->59671K(1105920K)], 0.2393785 secs] [Times: user=1.09 sys=0.00, real=0.24 secs] 
6369.952: [GC (Allocation Failure) [PSYoungGen: 232960K->160000K(465920K)] 331704K->258744K(1864192K), 0.0457304 secs] [Times: user=0.27 sys=0.00, real=0.05 secs] 
6372.821: [GC (Allocation Failure) [PSYoungGen: 391560K->92992K(465920K)] 490304K->351504K(1864192K), 0.1000180 secs] [Times: user=0.59 sys=0.01, real=0.10 secs] 
6374.023: [GC (Allocation Failure) [PSYoungGen: 325952K->151200K(465920K)] 584464K->496320K(1864192K), 0.0594903 secs] [Times: user=0.36 sys=0.00, real=0.06 secs] 
6375.720: [GC (Allocation Failure) [PSYoungGen: 384160K->106976K(465920K)] 729280K->603012K(1864192K), 0.0845549 secs] [Times: user=0.50 sys=0.00, real=0.09 secs] 
6377.199: [GC (Allocation Failure) [PSYoungGen: 339936K->141248K(465920K)] 835972K->733441K(1864192K), 0.0614765 secs] [Times: user=0.35 sys=0.02, real=0.06 secs] 
6380.490: [GC (Allocation Failure) [PSYoungGen: 374208K->126848K(359936K)] 966401K->860017K(1758208K), 0.0794010 secs] [Times: user=0.47 sys=0.00, real=0.08 secs] 
6381.715: [GC (Allocation Failure) [PSYoungGen: 359808K->129696K(466432K)] 1092977K->971338K(1864704K), 0.0625508 secs] [Times: user=0.37 sys=0.01, real=0.06 secs] 
6383.252: [GC (Allocation Failure) [PSYoungGen: 371872K->150976K(457216K)] 1213514K->1122010K(1855488K), 0.0600011 secs] [Times: user=0.36 sys=0.00, real=0.06 secs] 
6385.730: [GC (Allocation Failure) [PSYoungGen: 393152K->5920K(457216K)] 1364186K->976986K(1855488K), 0.0032146 secs] [Times: user=0.01 sys=0.00, real=0.00 secs] 
6386.438: [GC (Allocation Failure) [PSYoungGen: 249120K->173952K(417280K)] 1220186K->1149471K(1815552K), 0.0349320 secs] [Times: user=0.21 sys=0.00, real=0.03 secs] 
6387.952: [GC (Allocation Failure) [PSYoungGen: 417152K->103232K(469504K)] 1392671K->1243647K(1867776K), 0.0953079 secs] [Times: user=0.57 sys=0.00, real=0.10 secs] 
6389.490: [GC (Allocation Failure) [PSYoungGen: 339776K->173312K(465920K)] 1480191K->1413236K(1864192K), 0.0542530 secs] [Times: user=0.33 sys=0.00, real=0.05 secs] 
6389.544: [Full GC (Ergonomics) [PSYoungGen: 173312K->0K(465920K)] [ParOldGen: 1239924K->217213K(1398272K)] 1413236K->217213K(1864192K), [Metaspace: 59671K->59671K(1105920K)], 0.5078226 secs] [Times: user=2.36 sys=0.00, real=0.51 secs] 
6393.356: [GC (Allocation Failure) [PSYoungGen: 232464K->83392K(465920K)] 449678K->300605K(1864192K), 0.1388109 secs] [Times: user=0.83 sys=0.00, real=0.13 secs] 
6394.394: [GC (Allocation Failure) [PSYoungGen: 316352K->168000K(465920K)] 533565K->464490K(1864192K), 0.0549251 secs] [Times: user=0.33 sys=0.00, real=0.06 secs] 
6397.228: [GC (Allocation Failure) [PSYoungGen: 400960K->89760K(465920K)] 697450K->553626K(1864192K), 0.1355673 secs] [Times: user=0.81 sys=0.00, real=0.13 secs] 
6397.709: [GC (Allocation Failure) [PSYoungGen: 322720K->176736K(465920K)] 786586K->724703K(1864192K), 0.0622955 secs] [Times: user=0.38 sys=0.00, real=0.06 secs] 
6402.709: [GC (Allocation Failure) [PSYoungGen: 409696K->73664K(465920K)] 957663K->798651K(1864192K), 0.1575148 secs] [Times: user=0.93 sys=0.01, real=0.16 secs] 
6403.214: [GC (Allocation Failure) [PSYoungGen: 306359K->208928K(465920K)] 1031347K->1001200K(1864192K), 0.0552991 secs] [Times: user=0.33 sys=0.00, real=0.06 secs] 
6405.434: [GC (Allocation Failure) [PSYoungGen: 441888K->90336K(465920K)] 1234160K->1058120K(1864192K), 0.1061147 secs] [Times: user=0.63 sys=0.00, real=0.11 secs] 
6406.672: [GC (Allocation Failure) [PSYoungGen: 323296K->154176K(465920K)] 1291080K->1205741K(1864192K), 0.0606705 secs] [Times: user=0.36 sys=0.00, real=0.06 secs] 
6408.648: [GC (Allocation Failure) [PSYoungGen: 387136K->111648K(465920K)] 1438701K->1317181K(1864192K), 0.0956912 secs] [Times: user=0.56 sys=0.00, real=0.09 secs] 
6408.743: [Full GC (Ergonomics) [PSYoungGen: 111648K->0K(465920K)] [ParOldGen: 1205533K->118046K(1398272K)] 1317181K->118046K(1864192K), [Metaspace: 59671K->59671K(1105920K)], 0.2724620 secs] [Times: user=1.25 sys=0.00, real=0.28 secs] 
6410.132: [GC (Allocation Failure) [PSYoungGen: 232960K->144288K(465920K)] 351006K->262334K(1864192K), 0.0517673 secs] [Times: user=0.31 sys=0.00, real=0.05 secs] 
6412.979: [GC (Allocation Failure) [PSYoungGen: 377248K->117568K(458752K)] 495294K->379926K(1857024K), 0.0947969 secs] [Times: user=0.56 sys=0.00, real=0.09 secs] 
6414.218: [GC (Allocation Failure) [PSYoungGen: 350528K->130400K(462336K)] 612886K->500075K(1860608K), 0.0611462 secs] [Times: user=0.36 sys=0.00, real=0.06 secs] 
6416.655: [GC (Allocation Failure) [PSYoungGen: 363360K->139808K(464384K)] 733035K->639731K(1862656K), 0.0683325 secs] [Times: user=0.41 sys=0.00, real=0.06 secs] 
6417.852: [GC (Allocation Failure) [PSYoungGen: 388640K->5184K(463360K)] 888563K->505179K(1861632K), 0.0024466 secs] [Times: user=0.01 sys=0.01, real=0.01 secs] 
6420.430: [GC (Allocation Failure) [PSYoungGen: 254016K->171392K(460288K)] 754011K->675024K(1858560K), 0.0339940 secs] [Times: user=0.19 sys=0.00, real=0.03 secs] 
6421.566: [GC (Allocation Failure) [PSYoungGen: 404352K->97504K(465920K)] 907984K->763608K(1864192K), 0.0681593 secs] [Times: user=0.40 sys=0.00, real=0.06 secs] 
6422.688: [GC (Allocation Failure) [PSYoungGen: 322188K->160704K(462336K)] 988293K->921705K(1860608K), 0.0507866 secs] [Times: user=0.30 sys=0.00, real=0.05 secs] 
6424.558: [GC (Allocation Failure) [PSYoungGen: 393664K->96288K(329728K)] 1154665K->1008793K(1728000K), 0.0969574 secs] [Times: user=0.58 sys=0.00, real=0.10 secs] 
6426.277: [GC (Allocation Failure) [PSYoungGen: 329248K->165024K(458240K)] 1241753K->1169782K(1856512K), 0.0512217 secs] [Times: user=0.30 sys=0.00, real=0.05 secs] 
6428.182: [GC (Allocation Failure) [PSYoungGen: 395936K->90464K(463872K)] 1400694K->1259494K(1862144K), 0.1681737 secs] [Times: user=1.00 sys=0.01, real=0.17 secs] 
6428.351: [Full GC (Ergonomics) [PSYoungGen: 90464K->0K(463872K)] [ParOldGen: 1169030K->59246K(1398272K)] 1259494K->59246K(1862144K), [Metaspace: 59671K->59671K(1105920K)], 0.1642086 secs] [Times: user=0.77 sys=0.00, real=0.17 secs] 
6429.087: [GC (Allocation Failure) [PSYoungGen: 230912K->165856K(461312K)] 290158K->225102K(1859584K), 0.0348668 secs] [Times: user=0.20 sys=0.00, real=0.03 secs] 
6431.696: [GC (Allocation Failure) [PSYoungGen: 398816K->89856K(465920K)] 458062K->314302K(1864192K), 0.1484575 secs] [Times: user=0.88 sys=0.01, real=0.14 secs] 
6432.590: [GC (Allocation Failure) [PSYoungGen: 322816K->189792K(462336K)] 547262K->498027K(1860608K), 0.0577833 secs] [Times: user=0.34 sys=0.00, real=0.06 secs] 
6435.891: [GC (Allocation Failure) [PSYoungGen: 422752K->85152K(465920K)] 730987K->566299K(1864192K), 0.1351886 secs] [Times: user=0.80 sys=0.00, real=0.14 secs] 
6436.461: [GC (Allocation Failure) [PSYoungGen: 317809K->208192K(465920K)] 798956K->768319K(1864192K), 0.0570719 secs] [Times: user=0.34 sys=0.00, real=0.06 secs] 
6439.157: [GC (Allocation Failure) [PSYoungGen: 441152K->87904K(465920K)] 1001279K->822303K(1864192K), 0.0987120 secs] [Times: user=0.58 sys=0.00, real=0.10 secs] 
6440.983: [GC (Allocation Failure) [PSYoungGen: 320864K->157088K(465920K)] 1055263K->972364K(1864192K), 0.0598385 secs] [Times: user=0.36 sys=0.00, real=0.06 secs] 
6443.749: [GC (Allocation Failure) [PSYoungGen: 390048K->100640K(465920K)] 1205324K->1072452K(1864192K), 0.1003041 secs] [Times: user=0.59 sys=0.00, real=0.10 secs] 
6444.994: [GC (Allocation Failure) [PSYoungGen: 333600K->148192K(465920K)] 1305412K->1210021K(1864192K), 0.0605868 secs] [Times: user=0.36 sys=0.00, real=0.07 secs] 
6447.475: [GC (Allocation Failure) [PSYoungGen: 381152K->118304K(351744K)] 1442981K->1327701K(1750016K), 0.0790657 secs] [Times: user=0.47 sys=0.00, real=0.07 secs] 
6447.554: [Full GC (Ergonomics) [PSYoungGen: 118304K->0K(351744K)] [ParOldGen: 1209397K->132908K(1398272K)] 1327701K->132908K(1750016K), [Metaspace: 59671K->59671K(1105920K)], 0.3074476 secs] [Times: user=1.41 sys=0.00, real=0.31 secs] 
6448.963: [GC (Allocation Failure) [PSYoungGen: 232960K->129312K(475136K)] 365868K->262220K(1873408K), 0.0443787 secs] [Times: user=0.27 sys=0.00, real=0.05 secs] 
6451.870: [GC (Allocation Failure) [PSYoungGen: 372512K->140448K(384000K)] 505420K->402940K(1782272K), 0.0698086 secs] [Times: user=0.42 sys=0.01, real=0.07 secs] 
6453.085: [GC (Allocation Failure) [PSYoungGen: 383648K->8896K(449536K)] 646140K->271472K(1847808K), 0.0036108 secs] [Times: user=0.01 sys=0.01, real=0.00 secs] 
6455.560: [GC (Allocation Failure) [PSYoungGen: 241856K->160064K(461824K)] 504432K->429701K(1860096K), 0.0330509 secs] [Times: user=0.19 sys=0.00, real=0.03 secs] 
6456.675: [GC (Allocation Failure) [PSYoungGen: 393024K->104608K(458752K)] 662661K->524877K(1857024K), 0.0678511 secs] [Times: user=0.40 sys=0.01, real=0.06 secs] 
6457.840: [GC (Allocation Failure) [PSYoungGen: 326437K->161312K(462336K)] 746707K->683690K(1860608K), 0.0531242 secs] [Times: user=0.32 sys=0.00, real=0.05 secs] 
6459.830: [GC (Allocation Failure) [PSYoungGen: 398368K->97248K(466944K)] 920746K->772018K(1865216K), 0.1637527 secs] [Times: user=0.97 sys=0.01, real=0.16 secs] 
6461.207: [GC (Allocation Failure) [PSYoungGen: 340960K->180928K(424960K)] 1015730K->948731K(1823232K), 0.0527127 secs] [Times: user=0.31 sys=0.00, real=0.05 secs] 
6464.961: [GC (Allocation Failure) [PSYoungGen: 424640K->90784K(467456K)] 1192443K->1039415K(1865728K), 0.1633410 secs] [Times: user=0.98 sys=0.00, real=0.17 secs] 
6465.413: [GC (Allocation Failure) [PSYoungGen: 325280K->181248K(465920K)] 1273911K->1214536K(1864192K), 0.0592593 secs] [Times: user=0.35 sys=0.00, real=0.06 secs] 
6468.207: [GC (Allocation Failure) [PSYoungGen: 415744K->84384K(465920K)] 1449032K->1299164K(1864192K), 0.1184514 secs] [Times: user=0.71 sys=0.00, real=0.12 secs] 
6468.326: [Full GC (Ergonomics) [PSYoungGen: 84384K->0K(465920K)] [ParOldGen: 1214780K->98254K(1398272K)] 1299164K->98254K(1864192K), [Metaspace: 59671K->59671K(1105920K)], 0.2293792 secs] [Times: user=1.03 sys=0.00, real=0.23 secs] 
6469.622: [GC (Allocation Failure) [PSYoungGen: 232960K->160832K(465920K)] 331214K->259086K(1864192K), 0.0462287 secs] [Times: user=0.28 sys=0.00, real=0.05 secs] 
6472.308: [GC (Allocation Failure) [PSYoungGen: 392615K->93536K(465920K)] 490870K->352858K(1864192K), 0.1002055 secs] [Times: user=0.59 sys=0.00, real=0.10 secs] 
6473.510: [GC (Allocation Failure) [PSYoungGen: 326496K->150752K(465920K)] 585818K->496663K(1864192K), 0.0595759 secs] [Times: user=0.35 sys=0.00, real=0.06 secs] 
6475.557: [GC (Allocation Failure) [PSYoungGen: 383712K->116192K(449536K)] 729623K->613083K(1847808K), 0.0918678 secs] [Times: user=0.55 sys=0.01, real=0.09 secs] 
6476.796: [GC (Allocation Failure) [PSYoungGen: 349152K->140864K(457728K)] 846043K->734400K(1856000K), 0.0602715 secs] [Times: user=0.36 sys=0.00, real=0.06 secs] 
6478.547: [GC (Allocation Failure) [PSYoungGen: 373824K->127264K(453120K)] 967360K->861904K(1851392K), 0.0734148 secs] [Times: user=0.44 sys=0.00, real=0.07 secs] 
6479.853: [GC (Allocation Failure) [PSYoungGen: 381216K->5504K(465408K)] 1115856K->740428K(1863680K), 0.0031802 secs] [Times: user=0.02 sys=0.00, real=0.01 secs] 
6481.627: [GC (Allocation Failure) [PSYoungGen: 257601K->178912K(456704K)] 992526K->917537K(1854976K), 0.0362203 secs] [Times: user=0.21 sys=0.00, real=0.03 secs] 
6482.980: [GC (Allocation Failure) [PSYoungGen: 411872K->98272K(465920K)] 1150497K->1006993K(1864192K), 0.1199802 secs] [Times: user=0.72 sys=0.01, real=0.12 secs] 
6485.320: [GC (Allocation Failure) [PSYoungGen: 331232K->163520K(461824K)] 1239953K->1166950K(1860096K), 0.0513667 secs] [Times: user=0.30 sys=0.00, real=0.05 secs] 
6487.046: [GC (Allocation Failure) [PSYoungGen: 396480K->91872K(465920K)] 1399910K->1258182K(1864192K), 0.1544218 secs] [Times: user=0.92 sys=0.00, real=0.15 secs] 
6487.200: [Full GC (Ergonomics) [PSYoungGen: 91872K->0K(465920K)] [ParOldGen: 1166310K->61898K(1398272K)] 1258182K->61898K(1864192K), [Metaspace: 59672K->59672K(1105920K)], 0.1626958 secs] [Times: user=0.75 sys=0.01, real=0.16 secs] 
6487.884: [GC (Allocation Failure) [PSYoungGen: 232960K->167264K(461824K)] 294858K->229162K(1860096K), 0.0335229 secs] [Times: user=0.20 sys=0.00, real=0.04 secs] 
6490.600: [GC (Allocation Failure) [PSYoungGen: 400224K->94784K(465920K)] 462122K->322826K(1864192K), 0.1559446 secs] [Times: user=0.93 sys=0.00, real=0.16 secs] 
6491.045: [GC (Allocation Failure) [PSYoungGen: 327744K->175520K(462336K)] 555786K->488579K(1860608K), 0.0578568 secs] [Times: user=0.35 sys=0.00, real=0.05 secs] 
6494.492: [GC (Allocation Failure) [PSYoungGen: 408480K->81504K(465920K)] 721539K->569723K(1864192K), 0.1350016 secs] [Times: user=0.81 sys=0.00, real=0.14 secs] 
6495.215: [GC (Allocation Failure) [PSYoungGen: 312922K->206560K(465920K)] 801142K->769868K(1864192K), 0.0612201 secs] [Times: user=0.36 sys=0.00, real=0.06 secs] 
6498.095: [GC (Allocation Failure) [PSYoungGen: 439520K->88992K(465920K)] 1002828K->823924K(1864192K), 0.1184966 secs] [Times: user=0.71 sys=0.00, real=0.11 secs] 
6499.328: [GC (Allocation Failure) [PSYoungGen: 321952K->155040K(465920K)] 1056884K->972567K(1864192K), 0.0598127 secs] [Times: user=0.35 sys=0.00, real=0.06 secs] 
6501.621: [GC (Allocation Failure) [PSYoungGen: 382179K->93536K(465920K)] 1199706K->1066091K(1864192K), 0.0951933 secs] [Times: user=0.57 sys=0.00, real=0.10 secs] 
6502.877: [GC (Allocation Failure) [PSYoungGen: 326496K->150528K(465920K)] 1299051K->1209656K(1864192K), 0.0601593 secs] [Times: user=0.36 sys=0.00, real=0.06 secs] 
6504.905: [GC (Allocation Failure) [PSYoungGen: 383488K->109952K(343040K)] 1442616K->1319808K(1741312K), 0.0890250 secs] [Times: user=0.52 sys=0.00, real=0.08 secs] 
6504.994: [Full GC (Ergonomics) [PSYoungGen: 109952K->0K(343040K)] [ParOldGen: 1209856K->125047K(1398272K)] 1319808K->125047K(1741312K), [Metaspace: 59672K->59672K(1105920K)], 0.2934891 secs] [Times: user=1.30 sys=0.00, real=0.30 secs] 
6506.399: [GC (Allocation Failure) [PSYoungGen: 232960K->138336K(471040K)] 358007K->263383K(1869312K), 0.0504213 secs] [Times: user=0.30 sys=0.00, real=0.05 secs] 
6509.622: [GC (Allocation Failure) [PSYoungGen: 377440K->127872K(367104K)] 502487K->391415K(1765376K), 0.0783509 secs] [Times: user=0.46 sys=0.00, real=0.08 secs] 
6510.887: [GC (Allocation Failure) [PSYoungGen: 366976K->2336K(444928K)] 630519K->265935K(1843200K), 0.0016922 secs] [Times: user=0.01 sys=0.00, real=0.00 secs] 
6514.466: [GC (Allocation Failure) [PSYoungGen: 231200K->150720K(457216K)] 494799K->414918K(1855488K), 0.0306455 secs] [Times: user=0.18 sys=0.00, real=0.03 secs] 
6515.636: [GC (Allocation Failure) [PSYoungGen: 379584K->3088K(463360K)] 643782K->267398K(1861632K), 0.0018179 secs] [Times: user=0.00 sys=0.01, real=0.00 secs] 
6518.308: [GC (Allocation Failure) [PSYoungGen: 236048K->156224K(465920K)] 500358K->421871K(1864192K), 0.0304871 secs] [Times: user=0.18 sys=0.00, real=0.03 secs] 
6519.448: [GC (Allocation Failure) [PSYoungGen: 389184K->101280K(464896K)] 654831K->514391K(1863168K), 0.0665064 secs] [Times: user=0.39 sys=0.00, real=0.06 secs] 
6522.127: [GC (Allocation Failure) [PSYoungGen: 334240K->163264K(465408K)] 747351K->675971K(1863680K), 0.0524966 secs] [Times: user=0.32 sys=0.00, real=0.05 secs] 
6523.441: [GC (Allocation Failure) [PSYoungGen: 396224K->100064K(461824K)] 908931K->767036K(1860096K), 0.0885931 secs] [Times: user=0.53 sys=0.01, real=0.09 secs] 
6525.270: [GC (Allocation Failure) [PSYoungGen: 326545K->160672K(463872K)] 993517K->925024K(1862144K), 0.0515588 secs] [Times: user=0.31 sys=0.00, real=0.05 secs] 
6527.043: [GC (Allocation Failure) [PSYoungGen: 394144K->98336K(460800K)] 1158496K->1013888K(1859072K), 0.0677651 secs] [Times: user=0.40 sys=0.01, real=0.07 secs] 
6528.642: [GC (Allocation Failure) [PSYoungGen: 333856K->171392K(463360K)] 1249408K->1181485K(1861632K), 0.0523312 secs] [Times: user=0.31 sys=0.00, real=0.05 secs] 
6531.124: [GC (Allocation Failure) [PSYoungGen: 405382K->85664K(467456K)] 1415476K->1266957K(1865728K), 0.1717764 secs] [Times: user=1.02 sys=0.00, real=0.18 secs] 
6531.296: [Full GC (Ergonomics) [PSYoungGen: 85664K->0K(467456K)] [ParOldGen: 1181293K->63483K(1398272K)] 1266957K->63483K(1865728K), [Metaspace: 59672K->59672K(1105920K)], 0.1701393 secs] [Times: user=0.79 sys=0.00, real=0.17 secs] 
6531.939: [GC (Allocation Failure) [PSYoungGen: 234496K->171360K(465920K)] 297979K->234843K(1864192K), 0.0341019 secs] [Times: user=0.20 sys=0.00, real=0.03 secs] 
6534.320: [GC (Allocation Failure) [PSYoungGen: 405856K->87200K(465920K)] 469339K->321823K(1864192K), 0.1294515 secs] [Times: user=0.77 sys=0.00, real=0.13 secs] 
6534.731: [GC (Allocation Failure) [PSYoungGen: 320160K->179552K(465920K)] 554783K->494920K(1864192K), 0.0579069 secs] [Times: user=0.35 sys=0.00, real=0.06 secs] 
6537.683: [GC (Allocation Failure) [PSYoungGen: 412512K->89408K(465920K)] 727880K->584572K(1864192K), 0.1117405 secs] [Times: user=0.66 sys=0.00, real=0.12 secs] 
6538.769: [GC (Allocation Failure) [PSYoungGen: 319675K->198176K(465920K)] 814839K->772679K(1864192K), 0.0668936 secs] [Times: user=0.40 sys=0.00, real=0.07 secs] 
6541.802: [GC (Allocation Failure) [PSYoungGen: 426406K->93088K(465920K)] 1000910K->827895K(1864192K), 0.1029112 secs] [Times: user=0.62 sys=0.00, real=0.11 secs] 
6542.996: [GC (Allocation Failure) [PSYoungGen: 326048K->151648K(465920K)] 1060855K->973104K(1864192K), 0.0600555 secs] [Times: user=0.35 sys=0.00, real=0.06 secs] 
6545.405: [GC (Allocation Failure) [PSYoungGen: 384608K->104192K(465920K)] 1206064K->1076848K(1864192K), 0.0922370 secs] [Times: user=0.55 sys=0.00, real=0.09 secs] 
6546.638: [GC (Allocation Failure) [PSYoungGen: 337152K->143872K(465920K)] 1309808K->1209823K(1864192K), 0.0607402 secs] [Times: user=0.36 sys=0.00, real=0.06 secs] 
6548.140: [GC (Allocation Failure) [PSYoungGen: 376832K->129632K(448512K)] 1442783K->1339671K(1846784K), 0.0769039 secs] [Times: user=0.46 sys=0.00, real=0.08 secs] 
6548.217: [Full GC (Ergonomics) [PSYoungGen: 129632K->0K(448512K)] [ParOldGen: 1210039K->144687K(1398272K)] 1339671K->144687K(1846784K), [Metaspace: 59672K->59672K(1105920K)], 0.3313768 secs] [Times: user=1.52 sys=0.00, real=0.33 secs] 
6549.640: [GC (Allocation Failure) [PSYoungGen: 232960K->118848K(457216K)] 377647K->263535K(1855488K), 0.0409590 secs] [Times: user=0.24 sys=0.00, real=0.04 secs] 
6552.296: [GC (Allocation Failure) [PSYoungGen: 351808K->140416K(465920K)] 496495K->403895K(1864192K), 0.0635178 secs] [Times: user=0.38 sys=0.00, real=0.06 secs] 
6553.581: [GC (Allocation Failure) [PSYoungGen: 398976K->14976K(470528K)] 662455K->278596K(1868800K), 0.0048317 secs] [Times: user=0.03 sys=0.00, real=0.01 secs] 
6556.028: [GC (Allocation Failure) [PSYoungGen: 273536K->180672K(456192K)] 537156K->456248K(1854464K), 0.0399117 secs] [Times: user=0.23 sys=0.00, real=0.04 secs] 
6558.102: [GC (Allocation Failure) [PSYoungGen: 413632K->88160K(465920K)] 689208K->543668K(1864192K), 0.1440399 secs] [Times: user=0.85 sys=0.00, real=0.15 secs] 
6559.754: [GC (Allocation Failure) [PSYoungGen: 321120K->167360K(463872K)] 776628K->706793K(1862144K), 0.0559937 secs] [Times: user=0.33 sys=0.00, real=0.06 secs] 
6560.954: [GC (Allocation Failure) [PSYoungGen: 400320K->90432K(465920K)] 939753K->796249K(1864192K), 0.0679243 secs] [Times: user=0.40 sys=0.00, real=0.07 secs] 
6563.616: [GC (Allocation Failure) [PSYoungGen: 323392K->168896K(464896K)] 1029209K->958878K(1863168K), 0.0584181 secs] [Times: user=0.32 sys=0.00, real=0.05 secs] 
6566.025: [GC (Allocation Failure) [PSYoungGen: 401856K->84224K(465920K)] 1191838K->1042798K(1864192K), 0.1799656 secs] [Times: user=1.06 sys=0.01, real=0.18 secs] 
6566.875: [GC (Allocation Failure) [PSYoungGen: 317184K->176960K(465920K)] 1275758K->1213167K(1864192K), 0.0811912 secs] [Times: user=0.48 sys=0.00, real=0.08 secs] 
6568.911: [GC (Allocation Failure) [PSYoungGen: 409920K->90944K(465920K)] 1446127K->1304271K(1864192K), 0.1031919 secs] [Times: user=0.61 sys=0.00, real=0.10 secs] 
6569.014: [Full GC (Ergonomics) [PSYoungGen: 90944K->0K(465920K)] [ParOldGen: 1213327K->99812K(1398272K)] 1304271K->99812K(1864192K), [Metaspace: 59673K->59673K(1105920K)], 0.2355685 secs] [Times: user=1.05 sys=0.00, real=0.24 secs] 
6570.496: [GC (Allocation Failure) [PSYoungGen: 229340K->195744K(465920K)] 329153K->295556K(1864192K), 0.0481196 secs] [Times: user=0.28 sys=0.00, real=0.04 secs] 
6573.095: [GC (Allocation Failure) [PSYoungGen: 428704K->92416K(465920K)] 528516K->350540K(1864192K), 0.1055444 secs] [Times: user=0.62 sys=0.02, real=0.10 secs] 
6574.322: [GC (Allocation Failure) [PSYoungGen: 325376K->152192K(465920K)] 583500K->495701K(1864192K), 0.0596283 secs] [Times: user=0.36 sys=0.00, real=0.06 secs] 
6576.177: [GC (Allocation Failure) [PSYoungGen: 385152K->105728K(465920K)] 728661K->601389K(1864192K), 0.0919809 secs] [Times: user=0.55 sys=0.00, real=0.09 secs] 
6577.497: [GC (Allocation Failure) [PSYoungGen: 338688K->142944K(464896K)] 834349K->733604K(1863168K), 0.0615055 secs] [Times: user=0.36 sys=0.00, real=0.06 secs] 
6578.246: [GC (Allocation Failure) [PSYoungGen: 375904K->124576K(357888K)] 966564K->857932K(1756160K), 0.0812729 secs] [Times: user=0.48 sys=0.00, real=0.08 secs] 
6579.536: [GC (Allocation Failure) [PSYoungGen: 357536K->124032K(465920K)] 1090892K->971417K(1864192K), 0.0626367 secs] [Times: user=0.36 sys=0.00, real=0.06 secs] 
6580.198: [GC (Allocation Failure) [PSYoungGen: 367232K->146112K(457216K)] 1214617K->1117257K(1855488K), 0.0811357 secs] [Times: user=0.48 sys=0.00, real=0.08 secs] 
Heap
 PSYoungGen      total 457216K, used 366302K [0x00000000d5580000, 0x00000000ff380000, 0x0000000100000000)
  eden space 243200K