5.662: [GC (Allocation Failure) [PSYoungGen: 128000K->12484K(148992K)] 128000K->12572K(488960K), 0.0126314 secs] [Times: user=0.03 sys=0.00, real=0.01 secs] 
6.124: [GC (Metadata GC Threshold) [PSYoungGen: 48880K->6104K(148992K)] 48968K->6200K(488960K), 0.0055930 secs] [Times: user=0.03 sys=0.00, real=0.01 secs] 
6.130: [Full GC (Metadata GC Threshold) [PSYoungGen: 6104K->0K(148992K)] [ParOldGen: 96K->5952K(183296K)] 6200K->5952K(332288K), [Metaspace: 20460K->20460K(1067008K)], 0.0250701 secs] [Times: user=0.08 sys=0.00, real=0.02 secs] 
7.327: [GC (Allocation Failure) [PSYoungGen: 128000K->9731K(148992K)] 133952K->15692K(332288K), 0.0032205 secs] [Times: user=0.01 sys=0.00, real=0.00 secs] 
7.878: [GC (Metadata GC Threshold) [PSYoungGen: 38081K->4612K(148992K)] 44042K->10580K(332288K), 0.0026036 secs] [Times: user=0.01 sys=0.00, real=0.00 secs] 
7.880: [Full GC (Metadata GC Threshold) [PSYoungGen: 4612K->0K(148992K)] [ParOldGen: 5968K->8875K(294912K)] 10580K->8875K(443904K), [Metaspace: 33746K->33746K(1079296K)], 0.0214858 secs] [Times: user=0.07 sys=0.00, real=0.02 secs] 
9.197: [GC (Allocation Failure) [PSYoungGen: 128000K->12694K(148992K)] 136875K->21577K(443904K), 0.0037075 secs] [Times: user=0.01 sys=0.00, real=0.01 secs] 
9.760: [GC (Allocation Failure) [PSYoungGen: 140694K->14402K(187904K)] 149577K->56069K(482816K), 0.0098408 secs] [Times: user=0.05 sys=0.01, real=0.01 secs] 
10.373: [GC (Allocation Failure) [PSYoungGen: 176137K->4487K(189952K)] 217805K->111699K(484864K), 0.0134435 secs] [Times: user=0.06 sys=0.01, real=0.01 secs] 
11.048: [GC (Allocation Failure) [PSYoungGen: 161776K->4503K(289792K)] 268988K->177251K(584704K), 0.0117253 secs] [Times: user=0.05 sys=0.02, real=0.01 secs] 
12.037: [GC (Allocation Failure) [PSYoungGen: 276375K->4840K(289792K)] 449123K->275900K(584704K), 0.0103073 secs] [Times: user=0.05 sys=0.01, real=0.01 secs] 
12.047: [Full GC (Ergonomics) [PSYoungGen: 4840K->0K(289792K)] [ParOldGen: 271059K->208952K(664064K)] 275900K->208952K(953856K), [Metaspace: 52583K->52583K(1097728K)], 0.0556554 secs] [Times: user=0.24 sys=0.00, real=0.05 secs] 
13.432: [GC (Allocation Failure) [PSYoungGen: 257406K->10253K(364544K)] 466359K->227406K(1028608K), 0.0038541 secs] [Times: user=0.02 sys=0.00, real=0.00 secs] 
14.601: [GC (Allocation Failure) [PSYoungGen: 364045K->1904K(380416K)] 581198K->219057K(1044480K), 0.0019217 secs] [Times: user=0.00 sys=0.00, real=0.00 secs] 
17.284: [GC (Allocation Failure) [PSYoungGen: 364912K->1840K(462848K)] 582065K->218993K(1126912K), 0.0028729 secs] [Times: user=0.01 sys=0.00, real=0.00 secs] 
19.375: [GC (Allocation Failure) [PSYoungGen: 448304K->17296K(463872K)] 665457K->251865K(1127936K), 0.0053487 secs] [Times: user=0.02 sys=0.00, real=0.01 secs] 
21.028: [GC (Allocation Failure) [PSYoungGen: 463760K->4048K(536064K)] 698329K->238625K(1200128K), 0.0026972 secs] [Times: user=0.00 sys=0.01, real=0.00 secs] 
24.032: [GC (Allocation Failure) [PSYoungGen: 531920K->2480K(547840K)] 766497K->237057K(1211904K), 0.0037559 secs] [Times: user=0.01 sys=0.00, real=0.00 secs] 
28.011: [GC (Allocation Failure) [PSYoungGen: 530352K->2377K(603136K)] 764929K->236954K(1267200K), 0.0021749 secs] [Times: user=0.01 sys=0.00, real=0.00 secs] 
31.014: [GC (Allocation Failure) [PSYoungGen: 599881K->4176K(616960K)] 834458K->238761K(1281024K), 0.0032656 secs] [Times: user=0.01 sys=0.00, real=0.01 secs] 
33.800: [GC (Allocation Failure) [PSYoungGen: 601680K->2128K(654848K)] 836265K->236721K(1318912K), 0.0044745 secs] [Times: user=0.01 sys=0.00, real=0.00 secs] 
39.398: [GC (Allocation Failure) [PSYoungGen: 642640K->2128K(658432K)] 877233K->236721K(1322496K), 0.0027355 secs] [Times: user=0.01 sys=0.00, real=0.00 secs] 
41.545: [GC (Allocation Failure) [PSYoungGen: 642640K->2160K(679424K)] 877233K->236753K(1343488K), 0.0030879 secs] [Times: user=0.00 sys=0.01, real=0.01 secs] 
46.165: [GC (Allocation Failure) [PSYoungGen: 665712K->2317K(680448K)] 900305K->236918K(1344512K), 0.0020548 secs] [Times: user=0.01 sys=0.00, real=0.00 secs] 
48.224: [GC (Allocation Failure) [PSYoungGen: 665869K->2301K(680448K)] 900470K->236902K(1344512K), 0.0021007 secs] [Times: user=0.01 sys=0.00, real=0.00 secs] 
52.190: [GC (Allocation Failure) [PSYoungGen: 667901K->2192K(681472K)] 902502K->236801K(1345536K), 0.0027636 secs] [Times: user=0.01 sys=0.00, real=0.00 secs] 
57.356: [GC (Allocation Failure) [PSYoungGen: 667792K->2192K(646656K)] 902401K->236801K(1310720K), 0.0040545 secs] [Times: user=0.01 sys=0.00, real=0.01 secs] 
62.724: [GC (Allocation Failure) [PSYoungGen: 646288K->1965K(625664K)] 880897K->236902K(1289728K), 0.0020783 secs] [Times: user=0.01 sys=0.00, real=0.00 secs] 
66.604: [GC (Allocation Failure) [PSYoungGen: 625581K->1968K(606208K)] 860518K->236929K(1270272K), 0.0023263 secs] [Times: user=0.01 sys=0.00, real=0.00 secs] 
68.979: [GC (Allocation Failure) [PSYoungGen: 606128K->1968K(587776K)] 841089K->236977K(1251840K), 0.0019653 secs] [Times: user=0.01 sys=0.00, real=0.00 secs] 
71.257: [GC (Allocation Failure) [PSYoungGen: 587696K->1952K(569856K)] 822705K->237001K(1233920K), 0.0020106 secs] [Times: user=0.00 sys=0.00, real=0.01 secs] 
73.846: [GC (Allocation Failure) [PSYoungGen: 569760K->1936K(552960K)] 804809K->237033K(1217024K), 0.0018979 secs] [Times: user=0.01 sys=0.00, real=0.01 secs] 
76.974: [GC (Allocation Failure) [PSYoungGen: 552848K->1837K(536576K)] 787945K->236982K(1200640K), 0.0018723 secs] [Times: user=0.00 sys=0.00, real=0.00 secs] 
78.644: [GC (Allocation Failure) [PSYoungGen: 536365K->1693K(520704K)] 771510K->237030K(1184768K), 0.0017390 secs] [Times: user=0.00 sys=0.00, real=0.00 secs] 
82.455: [GC (Allocation Failure) [PSYoungGen: 520349K->1744K(505856K)] 755686K->237129K(1169920K), 0.0018646 secs] [Times: user=0.01 sys=0.00, real=0.01 secs] 
84.549: [GC (Allocation Failure) [PSYoungGen: 505552K->1741K(491520K)] 740937K->237166K(1155584K), 0.0019047 secs] [Times: user=0.01 sys=0.00, real=0.00 secs] 
86.817: [GC (Allocation Failure) [PSYoungGen: 491213K->1680K(477696K)] 726638K->237113K(1141760K), 0.0018131 secs] [Times: user=0.00 sys=0.00, real=0.00 secs] 
90.156: [GC (Allocation Failure) [PSYoungGen: 477328K->1645K(464384K)] 712761K->237086K(1128448K), 0.0022479 secs] [Times: user=0.01 sys=0.00, real=0.01 secs] 
92.382: [GC (Allocation Failure) [PSYoungGen: 463981K->1664K(451584K)] 699422K->237137K(1115648K), 0.0024106 secs] [Times: user=0.01 sys=0.01, real=0.00 secs] 
93.685: [GC (Allocation Failure) [PSYoungGen: 451200K->1696K(439296K)] 686673K->237185K(1103360K), 0.0022489 secs] [Times: user=0.00 sys=0.00, real=0.01 secs] 
95.277: [GC (Allocation Failure) [PSYoungGen: 438944K->5760K(431616K)] 674433K->245377K(1095680K), 0.0031602 secs] [Times: user=0.01 sys=0.00, real=0.00 secs] 
96.747: [GC (Allocation Failure) [PSYoungGen: 431232K->1584K(416256K)] 670849K->241241K(1080320K), 0.0018565 secs] [Times: user=0.01 sys=0.00, real=0.00 secs] 
100.847: [GC (Allocation Failure) [PSYoungGen: 415792K->1565K(405504K)] 655449K->241230K(1069568K), 0.0022733 secs] [Times: user=0.01 sys=0.00, real=0.00 secs] 
102.948: [GC (Allocation Failure) [PSYoungGen: 405021K->1632K(395264K)] 644686K->241313K(1059328K), 0.0029628 secs] [Times: user=0.01 sys=0.00, real=0.00 secs] 
105.254: [GC (Allocation Failure) [PSYoungGen: 394848K->5728K(389632K)] 634529K->249537K(1053696K), 0.0057199 secs] [Times: user=0.03 sys=0.00, real=0.01 secs] 
108.059: [GC (Allocation Failure) [PSYoungGen: 389216K->1613K(375808K)] 633025K->245454K(1039872K), 0.0016290 secs] [Times: user=0.01 sys=0.00, real=0.00 secs] 
111.827: [GC (Allocation Failure) [PSYoungGen: 375373K->1536K(366592K)] 619214K->245393K(1030656K), 0.0037712 secs] [Times: user=0.01 sys=0.00, real=0.00 secs] 
113.320: [GC (Allocation Failure) [PSYoungGen: 366080K->1616K(357888K)] 609937K->245481K(1021952K), 0.0038134 secs] [Times: user=0.02 sys=0.00, real=0.00 secs] 
115.256: [GC (Allocation Failure) [PSYoungGen: 357456K->1584K(349184K)] 601321K->245465K(1013248K), 0.0018328 secs] [Times: user=0.01 sys=0.00, real=0.01 secs] 
118.104: [GC (Allocation Failure) [PSYoungGen: 348720K->1520K(340480K)] 592601K->245409K(1004544K), 0.0027377 secs] [Times: user=0.01 sys=0.00, real=0.01 secs] 
119.292: [GC (Allocation Failure) [PSYoungGen: 340464K->3712K(335360K)] 584353K->247617K(999424K), 0.0023270 secs] [Times: user=0.00 sys=0.00, real=0.00 secs] 
120.592: [GC (Allocation Failure) [PSYoungGen: 334976K->1517K(325120K)] 578881K->245438K(989184K), 0.0017129 secs] [Times: user=0.00 sys=0.00, real=0.00 secs] 
121.485: [GC (Allocation Failure) [PSYoungGen: 325101K->1600K(318464K)] 569022K->245521K(982528K), 0.0021457 secs] [Times: user=0.01 sys=0.00, real=0.01 secs] 
122.509: [GC (Allocation Failure) [PSYoungGen: 318016K->1584K(311296K)] 561937K->245521K(975360K), 0.0018729 secs] [Times: user=0.01 sys=0.00, real=0.00 secs] 
126.608: [GC (Allocation Failure) [PSYoungGen: 310832K->1536K(304640K)] 554769K->245481K(968704K), 0.0034775 secs] [Times: user=0.01 sys=0.00, real=0.00 secs] 
127.972: [GC (Allocation Failure) [PSYoungGen: 304128K->1744K(297984K)] 548073K->245705K(962048K), 0.0017687 secs] [Times: user=0.01 sys=0.00, real=0.00 secs] 
131.260: [GC (Allocation Failure) [PSYoungGen: 297680K->1456K(291328K)] 541641K->245417K(955392K), 0.0026850 secs] [Times: user=0.01 sys=0.00, real=0.00 secs] 
132.324: [GC (Allocation Failure) [PSYoungGen: 291248K->3728K(287744K)] 535209K->247721K(951808K), 0.0022963 secs] [Times: user=0.01 sys=0.00, real=0.00 secs] 
135.951: [GC (Allocation Failure) [PSYoungGen: 287376K->1469K(279040K)] 531369K->245478K(943104K), 0.0021494 secs] [Times: user=0.01 sys=0.00, real=0.00 secs] 
137.539: [GC (Allocation Failure) [PSYoungGen: 278973K->5616K(277504K)] 522982K->249737K(941568K), 0.0043622 secs] [Times: user=0.01 sys=0.00, real=0.00 secs] 
140.845: [GC (Allocation Failure) [PSYoungGen: 277488K->1520K(267776K)] 521609K->245657K(931840K), 0.0026180 secs] [Times: user=0.01 sys=0.00, real=0.01 secs] 
141.439: [GC (Allocation Failure) [PSYoungGen: 267760K->3744K(264704K)] 511897K->247881K(928768K), 0.0020768 secs] [Times: user=0.01 sys=0.00, real=0.00 secs] 
142.532: [GC (Allocation Failure) [PSYoungGen: 264352K->1472K(257024K)] 508489K->245617K(921088K), 0.0028529 secs] [Times: user=0.01 sys=0.00, real=0.00 secs] 
143.081: [GC (Allocation Failure) [PSYoungGen: 256960K->1776K(252416K)] 501105K->245921K(916480K), 0.0017345 secs] [Times: user=0.01 sys=0.00, real=0.00 secs] 
144.499: [GC (Allocation Failure) [PSYoungGen: 252144K->1504K(247296K)] 496289K->245665K(911360K), 0.0020731 secs] [Times: user=0.01 sys=0.00, real=0.00 secs] 
145.173: [GC (Allocation Failure) [PSYoungGen: 247264K->1712K(243200K)] 491425K->245873K(907264K), 0.0017729 secs] [Times: user=0.00 sys=0.00, real=0.00 secs] 
147.850: [GC (Allocation Failure) [PSYoungGen: 242864K->1488K(238080K)] 487025K->245665K(902144K), 0.0031514 secs] [Times: user=0.01 sys=0.00, real=0.00 secs] 
149.463: [GC (Allocation Failure) [PSYoungGen: 238032K->1645K(233984K)] 482209K->245822K(898048K), 0.0017236 secs] [Times: user=0.01 sys=0.00, real=0.00 secs] 
150.419: [GC (Allocation Failure) [PSYoungGen: 233581K->1632K(229888K)] 477758K->245809K(893952K), 0.0022479 secs] [Times: user=0.01 sys=0.00, real=0.00 secs] 
151.363: [GC (Allocation Failure) [PSYoungGen: 229472K->1549K(225792K)] 473649K->245750K(889856K), 0.0015328 secs] [Times: user=0.00 sys=0.00, real=0.00 secs] 
152.947: [GC (Allocation Failure) [PSYoungGen: 225293K->3696K(223744K)] 469494K->247945K(887808K), 0.0035883 secs] [Times: user=0.01 sys=0.00, real=0.01 secs] 
154.163: [GC (Allocation Failure) [PSYoungGen: 223344K->1440K(217088K)] 467593K->245697K(881152K), 0.0019036 secs] [Times: user=0.01 sys=0.00, real=0.00 secs] 
154.734: [GC (Allocation Failure) [PSYoungGen: 216992K->1648K(214016K)] 461249K->245905K(878080K), 0.0016977 secs] [Times: user=0.01 sys=0.00, real=0.00 secs] 
157.385: [GC (Allocation Failure) [PSYoungGen: 213616K->1584K(210432K)] 457873K->245849K(874496K), 0.0039832 secs] [Times: user=0.01 sys=0.00, real=0.01 secs] 
159.502: [GC (Allocation Failure) [PSYoungGen: 209968K->1501K(206336K)] 454233K->245846K(870400K), 0.0014617 secs] [Times: user=0.00 sys=0.00, real=0.00 secs] 
159.857: [GC (Allocation Failure) [PSYoungGen: 206301K->1581K(203264K)] 450646K->245934K(867328K), 0.0018512 secs] [Times: user=0.01 sys=0.00, real=0.00 secs] 
162.175: [GC (Allocation Failure) [PSYoungGen: 202797K->1440K(199168K)] 447150K->245801K(863232K), 0.0028996 secs] [Times: user=0.01 sys=0.01, real=0.01 secs] 
163.402: [GC (Allocation Failure) [PSYoungGen: 199072K->1613K(196608K)] 443433K->245974K(860672K), 0.0014913 secs] [Times: user=0.01 sys=0.00, real=0.00 secs] 
164.215: [GC (Allocation Failure) [PSYoungGen: 195389K->3632K(195584K)] 439750K->250049K(859648K), 0.0025643 secs] [Times: user=0.01 sys=0.00, real=0.01 secs] 
166.647: [GC (Allocation Failure) [PSYoungGen: 195120K->1408K(189952K)] 441537K->247825K(854016K), 0.0034625 secs] [Times: user=0.02 sys=0.00, real=0.00 secs] 
168.132: [GC (Allocation Failure) [PSYoungGen: 189824K->1645K(187392K)] 436241K->248062K(851456K), 0.0015605 secs] [Times: user=0.01 sys=0.00, real=0.00 secs] 
169.120: [GC (Allocation Failure) [PSYoungGen: 186989K->1568K(184320K)] 433406K->256185K(848384K), 0.0025536 secs] [Times: user=0.01 sys=0.00, real=0.00 secs] 
169.877: [GC (Allocation Failure) [PSYoungGen: 183840K->1408K(181248K)] 438457K->256025K(845312K), 0.0020135 secs] [Times: user=0.01 sys=0.00, real=0.00 secs] 
170.512: [GC (Allocation Failure) [PSYoungGen: 181120K->1565K(179200K)] 435737K->256190K(843264K), 0.0015952 secs] [Times: user=0.01 sys=0.00, real=0.00 secs] 
171.123: [GC (Allocation Failure) [PSYoungGen: 178717K->1568K(176640K)] 433342K->256201K(840704K), 0.0021644 secs] [Times: user=0.01 sys=0.00, real=0.00 secs] 
172.604: [GC (Allocation Failure) [PSYoungGen: 176160K->1376K(173568K)] 430793K->256017K(837632K), 0.0024934 secs] [Times: user=0.01 sys=0.00, real=0.00 secs] 
173.591: [GC (Allocation Failure) [PSYoungGen: 173408K->1600K(171520K)] 428049K->256249K(835584K), 0.0016562 secs] [Times: user=0.00 sys=0.00, real=0.00 secs] 
174.394: [GC (Allocation Failure) [PSYoungGen: 171072K->3552K(170496K)] 425721K->258225K(834560K), 0.0025579 secs] [Times: user=0.01 sys=0.00, real=0.00 secs] 
176.144: [GC (Allocation Failure) [PSYoungGen: 170464K->1440K(165888K)] 425137K->256129K(829952K), 0.0021397 secs] [Times: user=0.01 sys=0.00, real=0.00 secs] 
176.885: [GC (Allocation Failure) [PSYoungGen: 165792K->1565K(163840K)] 420481K->256254K(827904K), 0.0014530 secs] [Times: user=0.01 sys=0.00, real=0.00 secs] 
177.165: [GC (Allocation Failure) [PSYoungGen: 163357K->1613K(161792K)] 418046K->256302K(825856K), 0.0017995 secs] [Times: user=0.00 sys=0.00, real=0.01 secs] 
179.829: [GC (Allocation Failure) [PSYoungGen: 161357K->1408K(159232K)] 416046K->256105K(823296K), 0.0046141 secs] [Times: user=0.01 sys=0.00, real=0.00 secs] 
181.936: [GC (Allocation Failure) [PSYoungGen: 159104K->1456K(157184K)] 413801K->256153K(821248K), 0.0024588 secs] [Times: user=0.01 sys=0.00, real=0.01 secs] 
182.256: [GC (Allocation Failure) [PSYoungGen: 157104K->1581K(155648K)] 411801K->256278K(819712K), 0.0018853 secs] [Times: user=0.00 sys=0.00, real=0.01 secs] 
183.015: [GC (Allocation Failure) [PSYoungGen: 155181K->1536K(153600K)] 409878K->256233K(817664K), 0.0021678 secs] [Times: user=0.00 sys=0.00, real=0.01 secs] 
184.355: [GC (Allocation Failure) [PSYoungGen: 153088K->1376K(151040K)] 407785K->256081K(815104K), 0.0030125 secs] [Times: user=0.01 sys=0.00, real=0.01 secs] 
184.933: [GC (Allocation Failure) [PSYoungGen: 150880K->1517K(148992K)] 405585K->256222K(813056K), 0.0015021 secs] [Times: user=0.01 sys=0.00, real=0.00 secs] 
185.191: [GC (Allocation Failure) [PSYoungGen: 148973K->1616K(147456K)] 403678K->256329K(811520K), 0.0015628 secs] [Times: user=0.01 sys=0.00, real=0.00 secs] 
186.274: [GC (Allocation Failure) [PSYoungGen: 147024K->1424K(144896K)] 401737K->256153K(808960K), 0.0021846 secs] [Times: user=0.01 sys=0.00, real=0.00 secs] 
187.807: [GC (Allocation Failure) [PSYoungGen: 144784K->1440K(143360K)] 399513K->256177K(807424K), 0.0039599 secs] [Times: user=0.02 sys=0.00, real=0.00 secs] 
188.692: [GC (Allocation Failure) [PSYoungGen: 143264K->1613K(142336K)] 398001K->256350K(806400K), 0.0016200 secs] [Times: user=0.01 sys=0.00, real=0.00 secs] 
188.940: [GC (Allocation Failure) [PSYoungGen: 141901K->1565K(140800K)] 396638K->256310K(804864K), 0.0016974 secs] [Times: user=0.01 sys=0.00, real=0.00 secs] 
190.272: [GC (Allocation Failure) [PSYoungGen: 140317K->1440K(138752K)] 395062K->256185K(802816K), 0.0017508 secs] [Times: user=0.01 sys=0.00, real=0.00 secs] 
191.476: [GC (Allocation Failure) [PSYoungGen: 138656K->1408K(137216K)] 393401K->256153K(801280K), 0.0025372 secs] [Times: user=0.01 sys=0.00, real=0.01 secs] 
191.820: [GC (Allocation Failure) [PSYoungGen: 137088K->1648K(136192K)] 391833K->256393K(800256K), 0.0016436 secs] [Times: user=0.01 sys=0.00, real=0.00 secs] 
192.055: [GC (Allocation Failure) [PSYoungGen: 135792K->1597K(134656K)] 390537K->256342K(798720K), 0.0017183 secs] [Times: user=0.01 sys=0.00, real=0.01 secs] 
194.016: [GC (Allocation Failure) [PSYoungGen: 134205K->1472K(132608K)] 388950K->256225K(796672K), 0.0031007 secs] [Times: user=0.01 sys=0.00, real=0.01 secs] 
195.139: [GC (Allocation Failure) [PSYoungGen: 132544K->1376K(131072K)] 387297K->256137K(795136K), 0.0020598 secs] [Times: user=0.00 sys=0.00, real=0.00 secs] 
195.484: [GC (Allocation Failure) [PSYoungGen: 130912K->1536K(130048K)] 385673K->256297K(794112K), 0.0015279 secs] [Times: user=0.01 sys=0.00, real=0.00 secs] 
195.708: [GC (Allocation Failure) [PSYoungGen: 129536K->1581K(128512K)] 384297K->256350K(792576K), 0.0018447 secs] [Times: user=0.00 sys=0.00, real=0.00 secs] 
198.712: [GC (Allocation Failure) [PSYoungGen: 128045K->1440K(126464K)] 382814K->256217K(790528K), 0.0037076 secs] [Times: user=0.01 sys=0.00, real=0.00 secs] 
200.180: [GC (Allocation Failure) [PSYoungGen: 126368K->1440K(124928K)] 381145K->256217K(788992K), 0.0033076 secs] [Times: user=0.01 sys=0.00, real=0.00 secs] 
201.644: [GC (Allocation Failure) [PSYoungGen: 124832K->1533K(123392K)] 379609K->256310K(787456K), 0.0016029 secs] [Times: user=0.01 sys=0.00, real=0.00 secs] 
201.914: [GC (Allocation Failure) [PSYoungGen: 123389K->1565K(122880K)] 378166K->256342K(786944K), 0.0019361 secs] [Times: user=0.00 sys=0.00, real=0.00 secs] 
202.990: [GC (Allocation Failure) [PSYoungGen: 122397K->416K(120320K)] 377174K->256225K(784384K), 0.0040186 secs] [Times: user=0.02 sys=0.00, real=0.00 secs] 
204.910: [GC (Allocation Failure) [PSYoungGen: 120224K->352K(121344K)] 376033K->256161K(785408K), 0.0028382 secs] [Times: user=0.01 sys=0.00, real=0.00 secs] 
206.504: [GC (Allocation Failure) [PSYoungGen: 119136K->1424K(119296K)] 374945K->257233K(783360K), 0.0023306 secs] [Times: user=0.01 sys=0.01, real=0.00 secs] 
206.829: [GC (Allocation Failure) [PSYoungGen: 119184K->1597K(118784K)] 374993K->257414K(782848K), 0.0016383 secs] [Times: user=0.00 sys=0.00, real=0.00 secs] 
207.030: [GC (Allocation Failure) [PSYoungGen: 118333K->1584K(117760K)] 374150K->257401K(781824K), 0.0015036 secs] [Times: user=0.01 sys=0.00, real=0.00 secs] 
209.376: [GC (Allocation Failure) [PSYoungGen: 117296K->1440K(116224K)] 373113K->257265K(780288K), 0.0042161 secs] [Times: user=0.01 sys=0.00, real=0.01 secs] 
210.994: [GC (Allocation Failure) [PSYoungGen: 116128K->1440K(115200K)] 371953K->257265K(779264K), 0.0031351 secs] [Times: user=0.01 sys=0.00, real=0.01 secs] 
211.779: [GC (Allocation Failure) [PSYoungGen: 115104K->1485K(114176K)] 370929K->257310K(778240K), 0.0014854 secs] [Times: user=0.01 sys=0.00, real=0.00 secs] 
211.973: [GC (Allocation Failure) [PSYoungGen: 114125K->1597K(113664K)] 369950K->257422K(777728K), 0.0014906 secs] [Times: user=0.01 sys=0.00, real=0.00 secs] 
212.350: [GC (Allocation Failure) [PSYoungGen: 113213K->2032K(112640K)] 369038K->257857K(776704K), 0.0023185 secs] [Times: user=0.01 sys=0.00, real=0.00 secs] 
212.879: [GC (Allocation Failure) [PSYoungGen: 112624K->384K(110080K)] 368449K->257233K(774144K), 0.0018752 secs] [Times: user=0.01 sys=0.00, real=0.00 secs] 
213.334: [GC (Allocation Failure) [PSYoungGen: 109952K->320K(111104K)] 366801K->257177K(775168K), 0.0018134 secs] [Times: user=0.01 sys=0.01, real=0.00 secs] 
213.743: [GC (Allocation Failure) [PSYoungGen: 108864K->1533K(109056K)] 365721K->258390K(773120K), 0.0015133 secs] [Times: user=0.00 sys=0.00, real=0.00 secs] 
213.930: [GC (Allocation Failure) [PSYoungGen: 109053K->1517K(108032K)] 365910K->258374K(772096K), 0.0016934 secs] [Times: user=0.00 sys=0.00, real=0.00 secs] 
214.253: [GC (Allocation Failure) [PSYoungGen: 107920K->2544K(108032K)] 364777K->259401K(772096K), 0.0023226 secs] [Times: user=0.01 sys=0.00, real=0.00 secs] 
214.683: [GC (Allocation Failure) [PSYoungGen: 108016K->1408K(105984K)] 364873K->258265K(770048K), 0.0019341 secs] [Times: user=0.00 sys=0.00, real=0.00 secs] 
215.117: [GC (Allocation Failure) [PSYoungGen: 105856K->1344K(104960K)] 362713K->258201K(769024K), 0.0020159 secs] [Times: user=0.01 sys=0.00, real=0.00 secs] 
215.658: [GC (Allocation Failure) [PSYoungGen: 104768K->1501K(103936K)] 361625K->258366K(768000K), 0.0015683 secs] [Times: user=0.01 sys=0.00, real=0.00 secs] 
215.836: [GC (Allocation Failure) [PSYoungGen: 103901K->1536K(103424K)] 360766K->258401K(767488K), 0.0017084 secs] [Times: user=0.01 sys=0.00, real=0.01 secs] 
216.013: [GC (Allocation Failure) [PSYoungGen: 102912K->1597K(102400K)] 359777K->258462K(766464K), 0.0015059 secs] [Times: user=0.00 sys=0.00, real=0.00 secs] 
217.078: [GC (Allocation Failure) [PSYoungGen: 101949K->1440K(100864K)] 358814K->258329K(764928K), 0.0022674 secs] [Times: user=0.01 sys=0.00, real=0.00 secs] 
217.931: [GC (Allocation Failure) [PSYoungGen: 100768K->1424K(99840K)] 357657K->258313K(763904K), 0.0022413 secs] [Times: user=0.01 sys=0.00, real=0.00 secs] 
218.549: [GC (Allocation Failure) [PSYoungGen: 99728K->1376K(98816K)] 356617K->258265K(762880K), 0.0020578 secs] [Times: user=0.01 sys=0.00, real=0.00 secs] 
218.812: [GC (Allocation Failure) [PSYoungGen: 98656K->1581K(98304K)] 355545K->258470K(762368K), 0.0016908 secs] [Times: user=0.00 sys=0.00, real=0.00 secs] 
218.979: [GC (Allocation Failure) [PSYoungGen: 97837K->1584K(97792K)] 354726K->258473K(761856K), 0.0014612 secs] [Times: user=0.01 sys=0.00, real=0.00 secs] 
219.568: [GC (Allocation Failure) [PSYoungGen: 97328K->2528K(97792K)] 354217K->262513K(761856K), 0.0021894 secs] [Times: user=0.01 sys=0.00, real=0.00 secs] 
220.464: [GC (Allocation Failure) [PSYoungGen: 97760K->352K(95232K)] 357745K->260337K(759296K), 0.0031408 secs] [Times: user=0.02 sys=0.00, real=0.01 secs] 
221.385: [GC (Allocation Failure) [PSYoungGen: 95072K->352K(98304K)] 355057K->260337K(762368K), 0.0023882 secs] [Times: user=0.01 sys=0.00, real=0.01 secs] 
222.014: [GC (Allocation Failure) [PSYoungGen: 94560K->1501K(95232K)] 354545K->261486K(759296K), 0.0022260 secs] [Times: user=0.00 sys=0.00, real=0.00 secs] 
222.203: [GC (Allocation Failure) [PSYoungGen: 95197K->1517K(94720K)] 355182K->261510K(758784K), 0.0015405 secs] [Times: user=0.01 sys=0.00, real=0.00 secs] 
222.366: [GC (Allocation Failure) [PSYoungGen: 94701K->1533K(94208K)] 354694K->261526K(758272K), 0.0016316 secs] [Times: user=0.00 sys=0.00, real=0.01 secs] 
223.000: [GC (Allocation Failure) [PSYoungGen: 94205K->1408K(93696K)] 354198K->261409K(757760K), 0.0023258 secs] [Times: user=0.01 sys=0.00, real=0.00 secs] 
223.508: [GC (Allocation Failure) [PSYoungGen: 93568K->1408K(93184K)] 353569K->261409K(757248K), 0.0020490 secs] [Times: user=0.00 sys=0.00, real=0.00 secs] 
224.211: [GC (Allocation Failure) [PSYoungGen: 93056K->1376K(92672K)] 353057K->261377K(756736K), 0.0023559 secs] [Times: user=0.01 sys=0.00, real=0.00 secs] 
224.803: [GC (Allocation Failure) [PSYoungGen: 92512K->1501K(92160K)] 352513K->261502K(756224K), 0.0020005 secs] [Times: user=0.00 sys=0.00, real=0.00 secs] 
224.969: [GC (Allocation Failure) [PSYoungGen: 92125K->1533K(91648K)] 352126K->261542K(755712K), 0.0015592 secs] [Times: user=0.01 sys=0.00, real=0.00 secs] 
225.126: [GC (Allocation Failure) [PSYoungGen: 91645K->1517K(91136K)] 351654K->261558K(755200K), 0.0016115 secs] [Times: user=0.01 sys=0.00, real=0.01 secs] 
226.580: [GC (Allocation Failure) [PSYoungGen: 91117K->1472K(90624K)] 351158K->261513K(754688K), 0.0042740 secs] [Times: user=0.02 sys=0.00, real=0.00 secs] 
228.021: [GC (Allocation Failure) [PSYoungGen: 90560K->1376K(90112K)] 350601K->261417K(754176K), 0.0025841 secs] [Times: user=0.01 sys=0.00, real=0.00 secs] 
228.847: [GC (Allocation Failure) [PSYoungGen: 89952K->1408K(89600K)] 349993K->261449K(753664K), 0.0025164 secs] [Times: user=0.01 sys=0.00, real=0.01 secs] 
229.738: [GC (Allocation Failure) [PSYoungGen: 89472K->1504K(89088K)] 349513K->261545K(753152K), 0.0022434 secs] [Times: user=0.00 sys=0.01, real=0.00 secs] 
229.922: [GC (Allocation Failure) [PSYoungGen: 89056K->1501K(88576K)] 349097K->261542K(752640K), 0.0016387 secs] [Times: user=0.01 sys=0.00, real=0.00 secs] 
230.098: [GC (Allocation Failure) [PSYoungGen: 88541K->1520K(88064K)] 348582K->261561K(752128K), 0.0026339 secs] [Times: user=0.01 sys=0.00, real=0.00 secs] 
230.748: [GC (Allocation Failure) [PSYoungGen: 88048K->1472K(87552K)] 348089K->261513K(751616K), 0.0024590 secs] [Times: user=0.00 sys=0.00, real=0.00 secs] 
231.322: [GC (Allocation Failure) [PSYoungGen: 87488K->1376K(87040K)] 347529K->261417K(751104K), 0.0022757 secs] [Times: user=0.01 sys=0.00, real=0.00 secs] 
231.922: [GC (Allocation Failure) [PSYoungGen: 86880K->1392K(86528K)] 346921K->261433K(750592K), 0.0022911 secs] [Times: user=0.01 sys=0.00, real=0.00 secs] 
232.718: [GC (Allocation Failure) [PSYoungGen: 86384K->1488K(86016K)] 346425K->261537K(750080K), 0.0019206 secs] [Times: user=0.01 sys=0.00, real=0.00 secs] 
232.966: [GC (Allocation Failure) [PSYoungGen: 85968K->1485K(85504K)] 346017K->261534K(749568K), 0.0019957 secs] [Times: user=0.01 sys=0.00, real=0.01 secs] 
233.126: [GC (Allocation Failure) [PSYoungGen: 85453K->1533K(84992K)] 345502K->261614K(749056K), 0.0014538 secs] [Times: user=0.01 sys=0.00, real=0.01 secs] 
233.328: [GC (Allocation Failure) [PSYoungGen: 84989K->1712K(84992K)] 345070K->261801K(749056K), 0.0016870 secs] [Times: user=0.01 sys=0.00, real=0.00 secs] 
233.711: [GC (Allocation Failure) [PSYoungGen: 84656K->352K(82944K)] 344745K->261465K(747008K), 0.0020989 secs] [Times: user=0.01 sys=0.00, real=0.00 secs] 
234.054: [GC (Allocation Failure) [PSYoungGen: 82784K->384K(84480K)] 343897K->261497K(748544K), 0.0018510 secs] [Times: user=0.01 sys=0.00, real=0.00 secs] 
234.395: [GC (Allocation Failure) [PSYoungGen: 82304K->384K(81920K)] 343417K->261505K(745984K), 0.0018770 secs] [Times: user=0.01 sys=0.00, real=0.01 secs] 
234.678: [GC (Allocation Failure) [PSYoungGen: 81792K->1469K(83456K)] 342913K->262614K(747520K), 0.0017082 secs] [Times: user=0.01 sys=0.00, real=0.00 secs] 
234.843: [GC (Allocation Failure) [PSYoungGen: 82365K->1485K(81920K)] 343510K->262630K(745984K), 0.0018528 secs] [Times: user=0.01 sys=0.00, real=0.00 secs] 
235.010: [GC (Allocation Failure) [PSYoungGen: 81869K->1517K(81408K)] 343014K->262662K(745472K), 0.0016298 secs] [Times: user=0.01 sys=0.00, real=0.00 secs] 
236.203: [GC (Allocation Failure) [PSYoungGen: 81389K->2448K(81920K)] 342534K->264617K(745984K), 0.0042370 secs] [Times: user=0.01 sys=0.01, real=0.01 secs] 
237.134: [GC (Allocation Failure) [PSYoungGen: 81808K->368K(79360K)] 343977K->262537K(743424K), 0.0028220 secs] [Times: user=0.01 sys=0.00, real=0.00 secs] 
237.762: [GC (Allocation Failure) [PSYoungGen: 79216K->400K(78848K)] 341385K->262601K(742912K), 0.0027902 secs] [Times: user=0.01 sys=0.00, real=0.00 secs] 
238.305: [GC (Allocation Failure) [PSYoungGen: 78736K->416K(80896K)] 340937K->262617K(744960K), 0.0017457 secs] [Times: user=0.00 sys=0.00, real=0.00 secs] 
238.623: [GC (Allocation Failure) [PSYoungGen: 78240K->1533K(78848K)] 340441K->263734K(742912K), 0.0016491 secs] [Times: user=0.01 sys=0.00, real=0.00 secs] 
238.758: [GC (Allocation Failure) [PSYoungGen: 78845K->1504K(78336K)] 341046K->263705K(742400K), 0.0015102 secs] [Times: user=0.01 sys=0.00, real=0.00 secs] 
238.891: [GC (Allocation Failure) [PSYoungGen: 78304K->1536K(78336K)] 340505K->263737K(742400K), 0.0015294 secs] [Times: user=0.01 sys=0.00, real=0.00 secs] 
239.392: [GC (Allocation Failure) [PSYoungGen: 77824K->1456K(77312K)] 340025K->263657K(741376K), 0.0018067 secs] [Times: user=0.01 sys=0.00, real=0.00 secs] 
240.285: [GC (Allocation Failure) [PSYoungGen: 77232K->1408K(76800K)] 339433K->263609K(740864K), 0.0021749 secs] [Times: user=0.00 sys=0.00, real=0.01 secs] 
241.290: [GC (Allocation Failure) [PSYoungGen: 76672K->1440K(76288K)] 338873K->263641K(740352K), 0.0029463 secs] [Times: user=0.01 sys=0.00, real=0.00 secs] 
242.302: [GC (Allocation Failure) [PSYoungGen: 76192K->1408K(75776K)] 338393K->263609K(739840K), 0.0032290 secs] [Times: user=0.01 sys=0.00, real=0.00 secs] 
243.908: [GC (Allocation Failure) [PSYoungGen: 75648K->1472K(75264K)] 337849K->263673K(739328K), 0.0019248 secs] [Times: user=0.01 sys=0.00, real=0.00 secs] 
244.057: [GC (Allocation Failure) [PSYoungGen: 75200K->1517K(74752K)] 337401K->263718K(738816K), 0.0015715 secs] [Times: user=0.00 sys=0.00, real=0.00 secs] 
244.185: [GC (Allocation Failure) [PSYoungGen: 74733K->1533K(74240K)] 336934K->263734K(738304K), 0.0015500 secs] [Times: user=0.00 sys=0.00, real=0.00 secs] 
244.475: [GC (Allocation Failure) [PSYoungGen: 74237K->2480K(74752K)] 336438K->264681K(738816K), 0.0019932 secs] [Times: user=0.01 sys=0.00, real=0.01 secs] 
245.223: [GC (Allocation Failure) [PSYoungGen: 74672K->1440K(73216K)] 336873K->263641K(737280K), 0.0021311 secs] [Times: user=0.01 sys=0.00, real=0.00 secs] 
245.852: [GC (Allocation Failure) [PSYoungGen: 73120K->1344K(72704K)] 335321K->263545K(736768K), 0.0027177 secs] [Times: user=0.01 sys=0.00, real=0.00 secs] 
246.472: [GC (Allocation Failure) [PSYoungGen: 72512K->1408K(72192K)] 334713K->263641K(736256K), 0.0027689 secs] [Times: user=0.02 sys=0.00, real=0.00 secs] 
247.372: [GC (Allocation Failure) [PSYoungGen: 72064K->1488K(71680K)] 334297K->263721K(735744K), 0.0028486 secs] [Times: user=0.01 sys=0.01, real=0.00 secs] 
247.558: [GC (Allocation Failure) [PSYoungGen: 71606K->1488K(71168K)] 333839K->263721K(735232K), 0.0015315 secs] [Times: user=0.01 sys=0.00, real=0.00 secs] 
247.680: [GC (Allocation Failure) [PSYoungGen: 71120K->1485K(70656K)] 333353K->263718K(734720K), 0.0015746 secs] [Times: user=0.00 sys=0.00, real=0.00 secs] 
247.822: [GC (Allocation Failure) [PSYoungGen: 70605K->1488K(77312K)] 332838K->263721K(741376K), 0.0019578 secs] [Times: user=0.00 sys=0.00, real=0.00 secs] 
248.620: [GC (Allocation Failure) [PSYoungGen: 77264K->1424K(76800K)] 339497K->263681K(740864K), 0.0028152 secs] [Times: user=0.01 sys=0.00, real=0.00 secs] 
249.301: [GC (Allocation Failure) [PSYoungGen: 76688K->1376K(76288K)] 338945K->263633K(740352K), 0.0019616 secs] [Times: user=0.01 sys=0.00, real=0.00 secs] 
249.893: [GC (Allocation Failure) [PSYoungGen: 76128K->1376K(75776K)] 338385K->263633K(739840K), 0.0020255 secs] [Times: user=0.01 sys=0.00, real=0.00 secs] 
250.428: [GC (Allocation Failure) [PSYoungGen: 75616K->1344K(75264K)] 337873K->263601K(739328K), 0.0022787 secs] [Times: user=0.01 sys=0.00, real=0.00 secs] 
250.996: [GC (Allocation Failure) [PSYoungGen: 75072K->1501K(74752K)] 337329K->263766K(738816K), 0.0020197 secs] [Times: user=0.01 sys=0.00, real=0.01 secs] 
251.143: [GC (Allocation Failure) [PSYoungGen: 74693K->1565K(74752K)] 336959K->263830K(738816K), 0.0015928 secs] [Times: user=0.01 sys=0.00, real=0.00 secs] 
251.270: [GC (Allocation Failure) [PSYoungGen: 74269K->493K(72704K)] 336534K->263782K(736768K), 0.0015348 secs] [Times: user=0.01 sys=0.00, real=0.00 secs] 
252.625: [GC (Allocation Failure) [PSYoungGen: 72685K->1472K(73728K)] 335974K->265793K(737792K), 0.0040339 secs] [Times: user=0.02 sys=0.00, real=0.01 secs] 
253.786: [GC (Allocation Failure) [PSYoungGen: 73152K->352K(71680K)] 337473K->264673K(735744K), 0.0042750 secs] [Times: user=0.01 sys=0.00, real=0.01 secs] 
254.779: [GC (Allocation Failure) [PSYoungGen: 71520K->352K(73216K)] 335841K->264673K(737280K), 0.0021504 secs] [Times: user=0.01 sys=0.00, real=0.00 secs] 
255.427: [GC (Allocation Failure) [PSYoungGen: 71008K->384K(70656K)] 335329K->264705K(734720K), 0.0020504 secs] [Times: user=0.01 sys=0.00, real=0.00 secs] 
256.061: [GC (Allocation Failure) [PSYoungGen: 70528K->1424K(72192K)] 334849K->265753K(736256K), 0.0018423 secs] [Times: user=0.01 sys=0.00, real=0.00 secs] 
256.206: [GC (Allocation Failure) [PSYoungGen: 71056K->1517K(70656K)] 335385K->265862K(734720K), 0.0015401 secs] [Times: user=0.01 sys=0.00, real=0.01 secs] 
256.328: [GC (Allocation Failure) [PSYoungGen: 70637K->1549K(70656K)] 334982K->265894K(734720K), 0.0015026 secs] [Times: user=0.01 sys=0.00, real=0.00 secs] 
256.448: [GC (Allocation Failure) [PSYoungGen: 70157K->1517K(76800K)] 334502K->265862K(740864K), 0.0017454 secs] [Times: user=0.01 sys=0.00, real=0.00 secs] 
257.197: [GC (Allocation Failure) [PSYoungGen: 76781K->1456K(76288K)] 341126K->265817K(740352K), 0.0025887 secs] [Times: user=0.01 sys=0.00, real=0.00 secs] 
258.247: [GC (Allocation Failure) [PSYoungGen: 76208K->1408K(75776K)] 340569K->265777K(739840K), 0.0031444 secs] [Times: user=0.01 sys=0.00, real=0.00 secs] 
259.305: [GC (Allocation Failure) [PSYoungGen: 75648K->1408K(75264K)] 340017K->265777K(739328K), 0.0028810 secs] [Times: user=0.02 sys=0.00, real=0.01 secs] 
260.251: [GC (Allocation Failure) [PSYoungGen: 75136K->1376K(74752K)] 339505K->265745K(738816K), 0.0033815 secs] [Times: user=0.02 sys=0.00, real=0.00 secs] 
261.122: [GC (Allocation Failure) [PSYoungGen: 74592K->1469K(74240K)] 338961K->265838K(738304K), 0.0018861 secs] [Times: user=0.00 sys=0.00, real=0.00 secs] 
261.301: [GC (Allocation Failure) [PSYoungGen: 74173K->1472K(73728K)] 338542K->265841K(737792K), 0.0023421 secs] [Times: user=0.00 sys=0.00, real=0.00 secs] 
261.485: [GC (Allocation Failure) [PSYoungGen: 73664K->1501K(73216K)] 338033K->265870K(737280K), 0.0021970 secs] [Times: user=0.01 sys=0.00, real=0.01 secs] 
261.885: [GC (Allocation Failure) [PSYoungGen: 73181K->1904K(73216K)] 337550K->266281K(737280K), 0.0017665 secs] [Times: user=0.01 sys=0.00, real=0.00 secs] 
262.489: [GC (Allocation Failure) [PSYoungGen: 73072K->1408K(72192K)] 337449K->265785K(736256K), 0.0024565 secs] [Times: user=0.01 sys=0.00, real=0.00 secs] 
263.213: [GC (Allocation Failure) [PSYoungGen: 72064K->1376K(71680K)] 336441K->265753K(735744K), 0.0027235 secs] [Times: user=0.01 sys=0.00, real=0.00 secs] 
264.078: [GC (Allocation Failure) [PSYoungGen: 71520K->1376K(71168K)] 335897K->265753K(735232K), 0.0032517 secs] [Times: user=0.01 sys=0.00, real=0.00 secs] 
265.154: [GC (Allocation Failure) [PSYoungGen: 71008K->1392K(70656K)] 335385K->265777K(734720K), 0.0026338 secs] [Times: user=0.01 sys=0.00, real=0.00 secs] 
265.337: [GC (Allocation Failure) [PSYoungGen: 70512K->1517K(70144K)] 334897K->265902K(734208K), 0.0018296 secs] [Times: user=0.01 sys=0.00, real=0.00 secs] 
265.474: [GC (Allocation Failure) [PSYoungGen: 70103K->1517K(69632K)] 334489K->265902K(733696K), 0.0015723 secs] [Times: user=0.01 sys=0.00, real=0.00 secs] 
265.627: [GC (Allocation Failure) [PSYoungGen: 69613K->1504K(69120K)] 333998K->265889K(733184K), 0.0020769 secs] [Times: user=0.01 sys=0.00, real=0.00 secs] 
266.421: [GC (Allocation Failure) [PSYoungGen: 69088K->1440K(68608K)] 333473K->269929K(732672K), 0.0042177 secs] [Times: user=0.02 sys=0.00, real=0.00 secs] 
266.773: [GC (Allocation Failure) [PSYoungGen: 68512K->1376K(68096K)] 337001K->269881K(732160K), 0.0020026 secs] [Times: user=0.00 sys=0.00, real=0.00 secs] 
267.049: [GC (Allocation Failure) [PSYoungGen: 67936K->1376K(67584K)] 336441K->269881K(731648K), 0.0017054 secs] [Times: user=0.00 sys=0.01, real=0.00 secs] 
267.323: [GC (Allocation Failure) [PSYoungGen: 67424K->1344K(67584K)] 335929K->269849K(731648K), 0.0020685 secs] [Times: user=0.00 sys=0.00, real=0.00 secs] 
267.834: [GC (Allocation Failure) [PSYoungGen: 67392K->1424K(67584K)] 335897K->269929K(731648K), 0.0023530 secs] [Times: user=0.01 sys=0.00, real=0.00 secs] 
268.011: [GC (Allocation Failure) [PSYoungGen: 67472K->1501K(67584K)] 335977K->270006K(731648K), 0.0016372 secs] [Times: user=0.01 sys=0.00, real=0.00 secs] 
268.125: [GC (Allocation Failure) [PSYoungGen: 67549K->1501K(67584K)] 336054K->270006K(731648K), 0.0014482 secs] [Times: user=0.00 sys=0.00, real=0.01 secs] 
268.257: [GC (Allocation Failure) [PSYoungGen: 67549K->1517K(74240K)] 336054K->270030K(738304K), 0.0018152 secs] [Times: user=0.01 sys=0.00, real=0.01 secs] 
268.601: [GC (Allocation Failure) [PSYoungGen: 74221K->1456K(81408K)] 342734K->270993K(745472K), 0.0025237 secs] [Times: user=0.01 sys=0.00, real=0.00 secs] 
269.405: [GC (Allocation Failure) [PSYoungGen: 81328K->352K(79872K)] 350865K->269889K(743936K), 0.0025774 secs] [Times: user=0.01 sys=0.00, real=0.01 secs] 
269.881: [GC (Allocation Failure) [PSYoungGen: 79712K->384K(79360K)] 349249K->269921K(743424K), 0.0020245 secs] [Times: user=0.01 sys=0.00, real=0.00 secs] 
270.315: [GC (Allocation Failure) [PSYoungGen: 79232K->368K(78848K)] 348769K->269905K(742912K), 0.0018589 secs] [Times: user=0.00 sys=0.00, real=0.00 secs] 
270.593: [GC (Allocation Failure) [PSYoungGen: 78704K->1520K(79360K)] 348241K->271057K(743424K), 0.0015500 secs] [Times: user=0.01 sys=0.00, real=0.00 secs] 
270.735: [GC (Allocation Failure) [PSYoungGen: 79344K->1517K(78848K)] 348881K->271054K(742912K), 0.0015127 secs] [Times: user=0.01 sys=0.00, real=0.00 secs] 
270.871: [GC (Allocation Failure) [PSYoungGen: 78829K->1517K(78336K)] 348366K->271054K(742400K), 0.0016098 secs] [Times: user=0.00 sys=0.00, real=0.00 secs] 
271.494: [GC (Allocation Failure) [PSYoungGen: 78317K->1440K(77824K)] 347854K->270977K(741888K), 0.0024468 secs] [Times: user=0.01 sys=0.00, real=0.00 secs] 
272.127: [GC (Allocation Failure) [PSYoungGen: 77728K->1424K(77312K)] 347265K->270969K(741376K), 0.0023504 secs] [Times: user=0.01 sys=0.00, real=0.00 secs] 
272.929: [GC (Allocation Failure) [PSYoungGen: 77200K->1408K(76800K)] 346745K->270953K(740864K), 0.0022102 secs] [Times: user=0.01 sys=0.00, real=0.00 secs] 
273.572: [GC (Allocation Failure) [PSYoungGen: 76672K->1408K(76288K)] 346217K->270953K(740352K), 0.0022538 secs] [Times: user=0.01 sys=0.00, real=0.00 secs] 
274.101: [GC (Allocation Failure) [PSYoungGen: 76160K->1485K(75776K)] 345705K->271046K(739840K), 0.0019127 secs] [Times: user=0.01 sys=0.00, real=0.00 secs] 
274.267: [GC (Allocation Failure) [PSYoungGen: 75725K->1517K(75264K)] 345286K->271110K(739328K), 0.0018811 secs] [Times: user=0.01 sys=0.00, real=0.00 secs] 
274.429: [GC (Allocation Failure) [PSYoungGen: 75245K->1485K(74752K)] 344838K->271078K(738816K), 0.0016249 secs] [Times: user=0.01 sys=0.00, real=0.00 secs] 
274.700: [GC (Allocation Failure) [PSYoungGen: 74701K->1424K(74240K)] 344294K->271529K(738304K), 0.0018612 secs] [Times: user=0.01 sys=0.00, real=0.00 secs] 
275.704: [GC (Allocation Failure) [PSYoungGen: 74128K->1408K(73728K)] 344233K->271513K(737792K), 0.0022638 secs] [Times: user=0.01 sys=0.00, real=0.00 secs] 
276.741: [GC (Allocation Failure) [PSYoungGen: 73600K->1408K(73216K)] 343705K->271513K(737280K), 0.0023151 secs] [Times: user=0.01 sys=0.00, real=0.00 secs] 
277.315: [GC (Allocation Failure) [PSYoungGen: 73088K->1376K(72704K)] 343193K->271481K(736768K), 0.0022769 secs] [Times: user=0.01 sys=0.00, real=0.01 secs] 
278.351: [GC (Allocation Failure) [PSYoungGen: 72544K->1520K(72192K)] 342649K->271625K(736256K), 0.0023547 secs] [Times: user=0.01 sys=0.00, real=0.00 secs] 
278.539: [GC (Allocation Failure) [PSYoungGen: 72176K->1485K(71680K)] 342281K->271590K(735744K), 0.0015164 secs] [Times: user=0.01 sys=0.00, real=0.00 secs] 
278.660: [GC (Allocation Failure) [PSYoungGen: 71629K->1517K(71168K)] 341734K->271646K(735232K), 0.0014702 secs] [Times: user=0.01 sys=0.00, real=0.00 secs] 
278.782: [GC (Allocation Failure) [PSYoungGen: 71149K->1517K(70656K)] 341278K->271670K(734720K), 0.0017063 secs] [Times: user=0.01 sys=0.00, real=0.00 secs] 
279.354: [GC (Allocation Failure) [PSYoungGen: 70637K->1440K(70144K)] 340790K->271593K(734208K), 0.0019294 secs] [Times: user=0.01 sys=0.00, real=0.00 secs] 
280.278: [GC (Allocation Failure) [PSYoungGen: 70048K->1376K(69632K)] 340201K->271529K(733696K), 0.0038925 secs] [Times: user=0.02 sys=0.00, real=0.00 secs] 
280.846: [GC (Allocation Failure) [PSYoungGen: 69472K->1344K(69120K)] 339625K->271497K(733184K), 0.0025499 secs] [Times: user=0.01 sys=0.00, real=0.01 secs] 
281.592: [GC (Allocation Failure) [PSYoungGen: 68928K->1408K(68608K)] 339081K->271561K(732672K), 0.0022823 secs] [Times: user=0.01 sys=0.00, real=0.00 secs] 
282.606: [GC (Allocation Failure) [PSYoungGen: 68480K->1488K(68096K)] 338633K->271649K(732160K), 0.0020249 secs] [Times: user=0.00 sys=0.00, real=0.01 secs] 
282.743: [GC (Allocation Failure) [PSYoungGen: 68048K->1501K(67584K)] 338209K->271662K(731648K), 0.0015473 secs] [Times: user=0.00 sys=0.00, real=0.00 secs] 
282.859: [GC (Allocation Failure) [PSYoungGen: 67549K->1453K(67584K)] 337710K->271614K(731648K), 0.0014804 secs] [Times: user=0.01 sys=0.00, real=0.00 secs] 
282.975: [GC (Allocation Failure) [PSYoungGen: 67501K->1517K(74240K)] 337662K->271686K(738304K), 0.0015721 secs] [Times: user=0.00 sys=0.00, real=0.00 secs] 
283.416: [GC (Allocation Failure) [PSYoungGen: 74221K->1472K(73728K)] 344390K->271649K(737792K), 0.0019078 secs] [Times: user=0.00 sys=0.00, real=0.01 secs] 
283.893: [GC (Allocation Failure) [PSYoungGen: 73664K->1408K(73216K)] 343841K->271585K(737280K), 0.0022898 secs] [Times: user=0.01 sys=0.00, real=0.00 secs] 
284.584: [GC (Allocation Failure) [PSYoungGen: 73088K->1408K(72704K)] 343265K->271585K(736768K), 0.0026891 secs] [Times: user=0.01 sys=0.01, real=0.00 secs] 
285.336: [GC (Allocation Failure) [PSYoungGen: 72576K->1408K(72192K)] 342753K->271601K(736256K), 0.0041598 secs] [Times: user=0.02 sys=0.00, real=0.01 secs] 
286.017: [GC (Allocation Failure) [PSYoungGen: 72064K->1504K(71680K)] 342257K->271697K(735744K), 0.0020242 secs] [Times: user=0.01 sys=0.00, real=0.01 secs] 
286.171: [GC (Allocation Failure) [PSYoungGen: 71648K->1485K(71168K)] 341841K->271678K(735232K), 0.0015282 secs] [Times: user=0.00 sys=0.00, real=0.00 secs] 
286.294: [GC (Allocation Failure) [PSYoungGen: 71117K->1504K(70656K)] 341310K->271721K(734720K), 0.0014680 secs] [Times: user=0.01 sys=0.00, real=0.00 secs] 
286.434: [GC (Allocation Failure) [PSYoungGen: 70624K->1520K(77312K)] 340841K->271745K(741376K), 0.0018742 secs] [Times: user=0.00 sys=0.00, real=0.00 secs] 
286.913: [GC (Allocation Failure) [PSYoungGen: 77296K->1376K(76800K)] 347521K->271601K(740864K), 0.0020108 secs] [Times: user=0.01 sys=0.00, real=0.00 secs] 
287.226: [GC (Allocation Failure) [PSYoungGen: 76640K->1408K(76288K)] 346865K->271633K(740352K), 0.0019559 secs] [Times: user=0.01 sys=0.00, real=0.01 secs] 
287.537: [GC (Allocation Failure) [PSYoungGen: 76160K->1408K(75776K)] 346385K->271633K(739840K), 0.0019027 secs] [Times: user=0.00 sys=0.00, real=0.00 secs] 
287.884: [GC (Allocation Failure) [PSYoungGen: 75648K->1485K(75264K)] 345873K->271710K(739328K), 0.0021422 secs] [Times: user=0.01 sys=0.00, real=0.00 secs] 
288.023: [GC (Allocation Failure) [PSYoungGen: 75213K->1517K(74752K)] 345438K->271774K(738816K), 0.0014723 secs] [Times: user=0.01 sys=0.00, real=0.00 secs] 
288.150: [GC (Allocation Failure) [PSYoungGen: 74733K->1520K(74240K)] 344990K->271777K(738304K), 0.0016260 secs] [Times: user=0.00 sys=0.00, real=0.00 secs] 
288.277: [GC (Allocation Failure) [PSYoungGen: 74224K->1517K(81920K)] 344481K->271774K(745984K), 0.0014351 secs] [Times: user=0.00 sys=0.00, real=0.00 secs] 
288.734: [GC (Allocation Failure) [PSYoungGen: 81901K->1472K(81408K)] 352158K->271745K(745472K), 0.0021440 secs] [Times: user=0.01 sys=0.00, real=0.00 secs] 
289.356: [GC (Allocation Failure) [PSYoungGen: 81344K->1408K(80896K)] 351617K->271681K(744960K), 0.0018837 secs] [Times: user=0.01 sys=0.00, real=0.01 secs] 
290.017: [GC (Allocation Failure) [PSYoungGen: 80768K->1408K(80384K)] 351041K->271681K(744448K), 0.0024004 secs] [Times: user=0.01 sys=0.00, real=0.00 secs] 
291.070: [GC (Allocation Failure) [PSYoungGen: 80256K->1472K(79872K)] 350529K->271745K(743936K), 0.0074808 secs] [Times: user=0.03 sys=0.00, real=0.01 secs] 
291.283: [GC (Allocation Failure) [PSYoungGen: 79808K->1517K(79360K)] 350081K->271798K(743424K), 0.0015782 secs] [Times: user=0.00 sys=0.00, real=0.00 secs] 
291.421: [GC (Allocation Failure) [PSYoungGen: 79341K->1533K(78848K)] 349622K->271814K(742912K), 0.0016066 secs] [Times: user=0.01 sys=0.00, real=0.00 secs] 
291.556: [GC (Allocation Failure) [PSYoungGen: 78845K->1517K(78336K)] 349126K->271798K(742400K), 0.0016174 secs] [Times: user=0.01 sys=0.00, real=0.01 secs] 
292.201: [GC (Allocation Failure) [PSYoungGen: 78317K->1472K(77824K)] 348598K->271753K(741888K), 0.0020892 secs] [Times: user=0.01 sys=0.00, real=0.00 secs] 
293.027: [GC (Allocation Failure) [PSYoungGen: 77760K->1376K(77312K)] 348041K->271665K(741376K), 0.0032628 secs] [Times: user=0.01 sys=0.00, real=0.00 secs] 
293.835: [GC (Allocation Failure) [PSYoungGen: 77152K->1392K(76800K)] 347441K->271681K(740864K), 0.0027309 secs] [Times: user=0.01 sys=0.00, real=0.01 secs] 
294.584: [GC (Allocation Failure) [PSYoungGen: 76637K->1456K(76288K)] 346926K->271745K(740352K), 0.0027210 secs] [Times: user=0.01 sys=0.00, real=0.01 secs] 
294.782: [GC (Allocation Failure) [PSYoungGen: 76186K->1533K(75776K)] 346475K->271886K(739840K), 0.0014462 secs] [Times: user=0.01 sys=0.00, real=0.00 secs] 
294.912: [GC (Allocation Failure) [PSYoungGen: 75773K->1501K(75264K)] 346126K->271854K(739328K), 0.0015776 secs] [Times: user=0.01 sys=0.00, real=0.00 secs] 
295.039: [GC (Allocation Failure) [PSYoungGen: 75229K->1520K(74752K)] 345582K->271937K(738816K), 0.0014834 secs] [Times: user=0.00 sys=0.00, real=0.00 secs] 
295.491: [GC (Allocation Failure) [PSYoungGen: 74736K->1408K(74240K)] 345153K->271833K(738304K), 0.0019673 secs] [Times: user=0.01 sys=0.00, real=0.00 secs] 
296.219: [GC (Allocation Failure) [PSYoungGen: 74112K->1408K(73728K)] 344537K->271833K(737792K), 0.0022242 secs] [Times: user=0.01 sys=0.00, real=0.00 secs] 
297.034: [GC (Allocation Failure) [PSYoungGen: 73600K->1408K(73216K)] 344025K->271833K(737280K), 0.0033978 secs] [Times: user=0.01 sys=0.00, real=0.01 secs] 
298.431: [GC (Allocation Failure) [PSYoungGen: 73088K->1408K(72704K)] 343513K->271833K(736768K), 0.0025539 secs] [Times: user=0.02 sys=0.00, real=0.00 secs] 
299.395: [GC (Allocation Failure) [PSYoungGen: 72576K->1520K(72192K)] 343001K->271945K(736256K), 0.0020669 secs] [Times: user=0.01 sys=0.00, real=0.00 secs] 
299.544: [GC (Allocation Failure) [PSYoungGen: 72176K->1517K(71680K)] 342601K->271942K(735744K), 0.0014739 secs] [Times: user=0.00 sys=0.00, real=0.00 secs] 
299.686: [GC (Allocation Failure) [PSYoungGen: 71661K->1517K(71168K)] 342086K->271942K(735232K), 0.0018835 secs] [Times: user=0.01 sys=0.00, real=0.01 secs] 
299.839: [GC (Allocation Failure) [PSYoungGen: 71149K->1520K(78336K)] 341574K->271945K(742400K), 0.0021143 secs] [Times: user=0.01 sys=0.00, real=0.00 secs] 
301.310: [GC (Allocation Failure) [PSYoungGen: 78320K->1440K(77824K)] 348745K->271873K(741888K), 0.0025416 secs] [Times: user=0.01 sys=0.00, real=0.00 secs] 
302.246: [GC (Allocation Failure) [PSYoungGen: 77728K->1392K(77312K)] 348161K->271825K(741376K), 0.0028914 secs] [Times: user=0.01 sys=0.00, real=0.01 secs] 
303.022: [GC (Allocation Failure) [PSYoungGen: 77168K->1408K(76800K)] 347601K->271841K(740864K), 0.0022779 secs] [Times: user=0.01 sys=0.01, real=0.00 secs] 
303.760: [GC (Allocation Failure) [PSYoungGen: 76672K->1440K(76288K)] 347105K->271873K(740352K), 0.0019602 secs] [Times: user=0.00 sys=0.00, real=0.00 secs] 
303.979: [GC (Allocation Failure) [PSYoungGen: 76192K->1520K(75776K)] 346625K->271953K(739840K), 0.0023344 secs] [Times: user=0.01 sys=0.00, real=0.00 secs] 
304.135: [GC (Allocation Failure) [PSYoungGen: 75760K->1517K(75264K)] 346193K->271950K(739328K), 0.0015091 secs] [Times: user=0.01 sys=0.00, real=0.00 secs] 
304.263: [GC (Allocation Failure) [PSYoungGen: 75245K->1517K(74752K)] 345678K->271950K(738816K), 0.0015786 secs] [Times: user=0.01 sys=0.00, real=0.00 secs] 
304.671: [GC (Allocation Failure) [PSYoungGen: 74733K->1488K(74240K)] 345166K->271921K(738304K), 0.0026859 secs] [Times: user=0.01 sys=0.01, real=0.00 secs] 
305.073: [GC (Allocation Failure) [PSYoungGen: 74192K->1376K(73728K)] 344625K->271817K(737792K), 0.0019300 secs] [Times: user=0.01 sys=0.00, real=0.00 secs] 
305.495: [GC (Allocation Failure) [PSYoungGen: 73568K->1408K(73216K)] 344009K->271849K(737280K), 0.0021324 secs] [Times: user=0.01 sys=0.00, real=0.01 secs] 
305.966: [GC (Allocation Failure) [PSYoungGen: 73088K->1376K(72704K)] 343529K->271841K(736768K), 0.0021755 secs] [Times: user=0.00 sys=0.00, real=0.01 secs] 
306.199: [GC (Allocation Failure) [PSYoungGen: 72544K->1517K(72192K)] 343009K->271982K(736256K), 0.0014981 secs] [Times: user=0.01 sys=0.00, real=0.00 secs] 
306.323: [GC (Allocation Failure) [PSYoungGen: 72173K->1552K(72192K)] 342638K->272017K(736256K), 0.0015601 secs] [Times: user=0.00 sys=0.00, real=0.00 secs] 
306.464: [GC (Allocation Failure) [PSYoungGen: 71682K->461K(70144K)] 342147K->271950K(734208K), 0.0018813 secs] [Times: user=0.00 sys=0.00, real=0.00 secs] 
306.871: [GC (Allocation Failure) [PSYoungGen: 70093K->1440K(71168K)] 341582K->272929K(735232K), 0.0020007 secs] [Times: user=0.01 sys=0.00, real=0.00 secs] 
307.675: [GC (Allocation Failure) [PSYoungGen: 70560K->1376K(70144K)] 342049K->272873K(734208K), 0.0033227 secs] [Times: user=0.01 sys=0.00, real=0.01 secs] 
308.304: [GC (Allocation Failure) [PSYoungGen: 69984K->1376K(69632K)] 341481K->272873K(733696K), 0.0025008 secs] [Times: user=0.01 sys=0.00, real=0.00 secs] 
309.173: [GC (Allocation Failure) [PSYoungGen: 69472K->1376K(69120K)] 340969K->272873K(733184K), 0.0025461 secs] [Times: user=0.01 sys=0.00, real=0.00 secs] 
309.726: [GC (Allocation Failure) [PSYoungGen: 68960K->1488K(68608K)] 340457K->272985K(732672K), 0.0023006 secs] [Times: user=0.00 sys=0.00, real=0.01 secs] 
309.890: [GC (Allocation Failure) [PSYoungGen: 68560K->1485K(68096K)] 340057K->272982K(732160K), 0.0014410 secs] [Times: user=0.01 sys=0.00, real=0.00 secs] 
310.005: [GC (Allocation Failure) [PSYoungGen: 68045K->1520K(67584K)] 339542K->273017K(731648K), 0.0015305 secs] [Times: user=0.01 sys=0.00, real=0.00 secs] 
310.121: [GC (Allocation Failure) [PSYoungGen: 67568K->1517K(67584K)] 339065K->273014K(731648K), 0.0014947 secs] [Times: user=0.01 sys=0.00, real=0.00 secs] 
310.626: [GC (Allocation Failure) [PSYoungGen: 67565K->1504K(67584K)] 339062K->275049K(731648K), 0.0025703 secs] [Times: user=0.01 sys=0.00, real=0.01 secs] 
311.378: [GC (Allocation Failure) [PSYoungGen: 67552K->1408K(67584K)] 341097K->274953K(731648K), 0.0021599 secs] [Times: user=0.00 sys=0.01, real=0.00 secs] 
312.287: [GC (Allocation Failure) [PSYoungGen: 67456K->1440K(67584K)] 341001K->274985K(731648K), 0.0027475 secs] [Times: user=0.01 sys=0.00, real=0.01 secs] 
313.100: [GC (Allocation Failure) [PSYoungGen: 67488K->1408K(67584K)] 341033K->274953K(731648K), 0.0026312 secs] [Times: user=0.01 sys=0.00, real=0.00 secs] 
314.389: [GC (Allocation Failure) [PSYoungGen: 67456K->256K(66560K)] 341001K->273801K(730624K), 0.0042922 secs] [Times: user=0.02 sys=0.00, real=0.00 secs] 
314.609: [GC (Allocation Failure) [PSYoungGen: 66304K->1517K(67584K)] 339849K->275062K(731648K), 0.0022185 secs] [Times: user=0.01 sys=0.00, real=0.00 secs] 
314.768: [GC (Allocation Failure) [PSYoungGen: 67565K->1520K(67584K)] 341110K->275065K(731648K), 0.0020066 secs] [Times: user=0.01 sys=0.00, real=0.00 secs] 
314.918: [GC (Allocation Failure) [PSYoungGen: 67568K->1517K(67584K)] 341113K->275102K(731648K), 0.0014981 secs] [Times: user=0.00 sys=0.00, real=0.00 secs] 
315.292: [GC (Allocation Failure) [PSYoungGen: 67565K->1680K(68096K)] 341150K->275281K(732160K), 0.0018549 secs] [Times: user=0.01 sys=0.00, real=0.00 secs] 
316.284: [GC (Allocation Failure) [PSYoungGen: 67728K->352K(66560K)] 341329K->274977K(730624K), 0.0026772 secs] [Times: user=0.01 sys=0.00, real=0.00 secs] 
317.327: [GC (Allocation Failure) [PSYoungGen: 66400K->352K(68608K)] 341025K->274977K(732672K), 0.0033411 secs] [Times: user=0.01 sys=0.00, real=0.00 secs] 
318.006: [GC (Allocation Failure) [PSYoungGen: 66400K->384K(66560K)] 341025K->275009K(730624K), 0.0021176 secs] [Times: user=0.01 sys=0.00, real=0.01 secs] 
318.723: [GC (Allocation Failure) [PSYoungGen: 66432K->368K(68608K)] 341057K->274993K(732672K), 0.0020929 secs] [Times: user=0.00 sys=0.00, real=0.00 secs] 
319.148: [GC (Allocation Failure) [PSYoungGen: 66416K->1549K(68096K)] 341041K->276174K(732160K), 0.0019650 secs] [Times: user=0.00 sys=0.00, real=0.00 secs] 
319.266: [GC (Allocation Failure) [PSYoungGen: 67565K->1485K(67584K)] 342191K->276110K(731648K), 0.0016315 secs] [Times: user=0.00 sys=0.00, real=0.01 secs] 
319.382: [GC (Allocation Failure) [PSYoungGen: 67533K->1517K(67584K)] 342158K->276158K(731648K), 0.0015840 secs] [Times: user=0.01 sys=0.01, real=0.00 secs] 
319.497: [GC (Allocation Failure) [PSYoungGen: 67565K->1533K(74240K)] 342206K->276182K(738304K), 0.0015090 secs] [Times: user=0.00 sys=0.00, real=0.00 secs] 
320.346: [GC (Allocation Failure) [PSYoungGen: 74237K->1440K(73728K)] 348886K->276089K(737792K), 0.0024386 secs] [Times: user=0.01 sys=0.00, real=0.01 secs] 
320.876: [GC (Allocation Failure) [PSYoungGen: 73632K->1376K(73216K)] 348281K->276025K(737280K), 0.0021630 secs] [Times: user=0.01 sys=0.00, real=0.01 secs] 
321.174: [GC (Allocation Failure) [PSYoungGen: 73056K->1408K(72704K)] 347705K->276057K(736768K), 0.0019453 secs] [Times: user=0.01 sys=0.00, real=0.00 secs] 
322.099: [GC (Allocation Failure) [PSYoungGen: 72576K->1456K(72192K)] 347225K->276105K(736256K), 0.0036750 secs] [Times: user=0.01 sys=0.00, real=0.00 secs] 
322.316: [GC (Allocation Failure) [PSYoungGen: 72112K->1520K(71680K)] 346761K->276169K(735744K), 0.0019378 secs] [Times: user=0.01 sys=0.00, real=0.01 secs] 
322.440: [GC (Allocation Failure) [PSYoungGen: 71664K->1517K(71168K)] 346313K->276166K(735232K), 0.0015812 secs] [Times: user=0.00 sys=0.00, real=0.00 secs] 
322.580: [GC (Allocation Failure) [PSYoungGen: 71149K->1517K(78336K)] 345798K->276174K(742400K), 0.0018768 secs] [Times: user=0.00 sys=0.00, real=0.00 secs] 
322.904: [GC (Allocation Failure) [PSYoungGen: 78317K->1440K(77824K)] 352974K->276105K(741888K), 0.0021871 secs] [Times: user=0.01 sys=0.00, real=0.00 secs] 
323.611: [GC (Allocation Failure) [PSYoungGen: 77728K->1344K(77312K)] 352393K->276009K(741376K), 0.0021196 secs] [Times: user=0.00 sys=0.00, real=0.00 secs] 
324.233: [GC (Allocation Failure) [PSYoungGen: 77120K->1376K(76800K)] 351785K->276057K(740864K), 0.0021442 secs] [Times: user=0.01 sys=0.00, real=0.00 secs] 
324.878: [GC (Allocation Failure) [PSYoungGen: 76640K->1376K(76288K)] 351321K->276057K(740352K), 0.0040498 secs] [Times: user=0.01 sys=0.00, real=0.00 secs] 
325.238: [GC (Allocation Failure) [PSYoungGen: 76128K->1517K(75776K)] 350809K->276198K(739840K), 0.0020133 secs] [Times: user=0.01 sys=0.00, real=0.00 secs] 
325.379: [GC (Allocation Failure) [PSYoungGen: 75757K->1517K(75264K)] 350438K->276198K(739328K), 0.0014140 secs] [Times: user=0.00 sys=0.00, real=0.00 secs] 
325.528: [GC (Allocation Failure) [PSYoungGen: 75245K->1549K(75264K)] 349926K->276230K(739328K), 0.0019030 secs] [Times: user=0.01 sys=0.00, real=0.00 secs] 
325.944: [GC (Allocation Failure) [PSYoungGen: 74765K->432K(73216K)] 349446K->276137K(737280K), 0.0022114 secs] [Times: user=0.00 sys=0.00, real=0.00 secs] 
326.803: [GC (Allocation Failure) [PSYoungGen: 73136K->352K(74752K)] 348841K->276057K(738816K), 0.0021406 secs] [Times: user=0.01 sys=0.00, real=0.00 secs] 
327.103: [GC (Allocation Failure) [PSYoungGen: 72544K->384K(72192K)] 348249K->276089K(736256K), 0.0022130 secs] [Times: user=0.01 sys=0.00, real=0.00 secs] 
328.202: [GC (Allocation Failure) [PSYoungGen: 72064K->400K(73728K)] 347769K->276105K(737792K), 0.0027624 secs] [Times: user=0.01 sys=0.00, real=0.00 secs] 
329.643: [GC (Allocation Failure) [PSYoungGen: 71568K->1472K(72192K)] 347273K->277185K(736256K), 0.0023218 secs] [Times: user=0.01 sys=0.00, real=0.00 secs] 
329.815: [GC (Allocation Failure) [PSYoungGen: 72128K->1485K(71680K)] 347841K->277198K(735744K), 0.0015857 secs] [Times: user=0.01 sys=0.00, real=0.00 secs] 
329.936: [GC (Allocation Failure) [PSYoungGen: 71629K->1517K(71168K)] 347342K->277230K(735232K), 0.0018422 secs] [Times: user=0.01 sys=0.00, real=0.01 secs] 
330.058: [GC (Allocation Failure) [PSYoungGen: 71149K->1565K(71168K)] 346862K->277278K(735232K), 0.0015182 secs] [Times: user=0.01 sys=0.00, real=0.00 secs] 
331.372: [GC (Allocation Failure) [PSYoungGen: 70685K->1472K(70144K)] 346398K->277193K(734208K), 0.0023811 secs] [Times: user=0.01 sys=0.00, real=0.00 secs] 
331.816: [GC (Allocation Failure) [PSYoungGen: 70080K->1376K(69632K)] 345801K->277097K(733696K), 0.0020433 secs] [Times: user=0.01 sys=0.00, real=0.01 secs] 
332.392: [GC (Allocation Failure) [PSYoungGen: 69472K->1408K(69120K)] 345193K->277129K(733184K), 0.0020541 secs] [Times: user=0.01 sys=0.00, real=0.00 secs] 
333.392: [GC (Allocation Failure) [PSYoungGen: 68992K->1408K(68608K)] 344713K->277129K(732672K), 0.0022993 secs] [Times: user=0.01 sys=0.00, real=0.00 secs] 
334.017: [GC (Allocation Failure) [PSYoungGen: 68480K->1501K(68096K)] 344201K->277222K(732160K), 0.0019514 secs] [Times: user=0.01 sys=0.00, real=0.00 secs] 
334.139: [GC (Allocation Failure) [PSYoungGen: 68061K->1533K(67584K)] 343782K->277254K(731648K), 0.0015993 secs] [Times: user=0.01 sys=0.01, real=0.00 secs] 
334.254: [GC (Allocation Failure) [PSYoungGen: 67581K->1485K(67584K)] 343302K->277206K(731648K), 0.0016249 secs] [Times: user=0.00 sys=0.00, real=0.00 secs] 
334.387: [GC (Allocation Failure) [PSYoungGen: 67533K->1549K(74752K)] 343254K->277278K(738816K), 0.0018883 secs] [Times: user=0.01 sys=0.00, real=0.01 secs] 
335.775: [GC (Allocation Failure) [PSYoungGen: 74253K->1488K(73728K)] 349982K->277217K(737792K), 0.0034323 secs] [Times: user=0.01 sys=0.00, real=0.01 secs] 
336.802: [GC (Allocation Failure) [PSYoungGen: 73680K->1408K(73216K)] 349409K->277137K(737280K), 0.0030537 secs] [Times: user=0.01 sys=0.01, real=0.00 secs] 
337.482: [GC (Allocation Failure) [PSYoungGen: 73088K->1376K(72704K)] 348817K->277121K(736768K), 0.0038430 secs] [Times: user=0.01 sys=0.00, real=0.00 secs] 
338.050: [GC (Allocation Failure) [PSYoungGen: 72544K->1408K(72192K)] 348289K->277153K(736256K), 0.0023644 secs] [Times: user=0.01 sys=0.00, real=0.00 secs] 
338.508: [GC (Allocation Failure) [PSYoungGen: 72064K->1533K(71680K)] 347809K->277278K(735744K), 0.0020769 secs] [Times: user=0.01 sys=0.00, real=0.00 secs] 
338.667: [GC (Allocation Failure) [PSYoungGen: 71677K->1501K(71168K)] 347422K->277246K(735232K), 0.0015513 secs] [Times: user=0.01 sys=0.00, real=0.00 secs] 
338.807: [GC (Allocation Failure) [PSYoungGen: 71133K->1533K(70656K)] 346878K->277302K(734720K), 0.0018265 secs] [Times: user=0.01 sys=0.00, real=0.00 secs] 
339.076: [GC (Allocation Failure) [PSYoungGen: 70653K->1472K(70144K)] 346422K->277273K(734208K), 0.0018000 secs] [Times: user=0.01 sys=0.00, real=0.01 secs] 
339.407: [GC (Allocation Failure) [PSYoungGen: 70080K->1376K(69632K)] 345881K->277177K(733696K), 0.0027106 secs] [Times: user=0.01 sys=0.00, real=0.00 secs] 
339.701: [GC (Allocation Failure) [PSYoungGen: 69472K->1408K(69120K)] 345273K->277209K(733184K), 0.0019719 secs] [Times: user=0.01 sys=0.00, real=0.00 secs] 
340.046: [GC (Allocation Failure) [PSYoungGen: 68992K->1376K(68608K)] 344793K->277177K(732672K), 0.0020348 secs] [Times: user=0.01 sys=0.00, real=0.01 secs] 
340.346: [GC (Allocation Failure) [PSYoungGen: 68448K->1392K(68096K)] 344249K->277201K(732160K), 0.0020105 secs] [Times: user=0.01 sys=0.01, real=0.01 secs] 
340.548: [GC (Allocation Failure) [PSYoungGen: 67952K->1533K(67584K)] 343761K->277366K(731648K), 0.0014383 secs] [Times: user=0.01 sys=0.00, real=0.00 secs] 
340.663: [GC (Allocation Failure) [PSYoungGen: 67581K->1517K(67584K)] 343414K->277350K(731648K), 0.0015044 secs] [Times: user=0.00 sys=0.00, real=0.00 secs] 
340.779: [GC (Allocation Failure) [PSYoungGen: 67565K->1533K(74240K)] 343398K->277366K(738304K), 0.0014001 secs] [Times: user=0.00 sys=0.00, real=0.00 secs] 
341.018: [GC (Allocation Failure) [PSYoungGen: 73814K->1712K(82432K)] 349647K->277545K(746496K), 0.0025258 secs] [Times: user=0.01 sys=0.00, real=0.00 secs] 
341.356: [GC (Allocation Failure) [PSYoungGen: 82096K->352K(80384K)] 357929K->277209K(744448K), 0.0019361 secs] [Times: user=0.01 sys=0.00, real=0.01 secs] 
341.688: [GC (Allocation Failure) [PSYoungGen: 80224K->352K(79872K)] 357081K->277209K(743936K), 0.0017691 secs] [Times: user=0.01 sys=0.00, real=0.00 secs] 
342.225: [GC (Allocation Failure) [PSYoungGen: 79712K->416K(79360K)] 356569K->277297K(743424K), 0.0021073 secs] [Times: user=0.00 sys=0.00, real=0.01 secs] 
342.616: [GC (Allocation Failure) [PSYoungGen: 79264K->1517K(80896K)] 356145K->278398K(744960K), 0.0014269 secs] [Times: user=0.00 sys=0.00, real=0.01 secs] 
342.775: [GC (Allocation Failure) [PSYoungGen: 79853K->1485K(79360K)] 356734K->278366K(743424K), 0.0019079 secs] [Times: user=0.00 sys=0.00, real=0.00 secs] 
342.942: [GC (Allocation Failure) [PSYoungGen: 79309K->1488K(78848K)] 356190K->278369K(742912K), 0.0015481 secs] [Times: user=0.01 sys=0.00, real=0.00 secs] 
343.325: [GC (Allocation Failure) [PSYoungGen: 78800K->1504K(78336K)] 355681K->278393K(742400K), 0.0026538 secs] [Times: user=0.01 sys=0.00, real=0.01 secs] 
343.765: [GC (Allocation Failure) [PSYoungGen: 78304K->1376K(77824K)] 355193K->278265K(741888K), 0.0020342 secs] [Times: user=0.01 sys=0.00, real=0.01 secs] 
344.232: [GC (Allocation Failure) [PSYoungGen: 77664K->1440K(77312K)] 354553K->278329K(741376K), 0.0021997 secs] [Times: user=0.00 sys=0.00, real=0.00 secs] 
344.843: [GC (Allocation Failure) [PSYoungGen: 77216K->1440K(76800K)] 354105K->278329K(740864K), 0.0022758 secs] [Times: user=0.01 sys=0.00, real=0.00 secs] 
345.596: [GC (Allocation Failure) [PSYoungGen: 76704K->1520K(76288K)] 353593K->278409K(740352K), 0.0021694 secs] [Times: user=0.01 sys=0.00, real=0.01 secs] 
345.810: [GC (Allocation Failure) [PSYoungGen: 76272K->1501K(75776K)] 353161K->278390K(739840K), 0.0023114 secs] [Times: user=0.01 sys=0.00, real=0.00 secs] 
345.968: [GC (Allocation Failure) [PSYoungGen: 75741K->1485K(75264K)] 352630K->278374K(739328K), 0.0015640 secs] [Times: user=0.01 sys=0.00, real=0.00 secs] 
346.272: [GC (Allocation Failure) [PSYoungGen: 75213K->2000K(75264K)] 352102K->278889K(739328K), 0.0020550 secs] [Times: user=0.00 sys=0.00, real=0.00 secs] 
346.949: [GC (Allocation Failure) [PSYoungGen: 75216K->384K(73216K)] 352105K->278297K(737280K), 0.0027673 secs] [Times: user=0.01 sys=0.00, real=0.00 secs] 
347.248: [GC (Allocation Failure) [PSYoungGen: 73088K->384K(74752K)] 351001K->278297K(738816K), 0.0020073 secs] [Times: user=0.00 sys=0.00, real=0.00 secs] 
347.548: [GC (Allocation Failure) [PSYoungGen: 72576K->384K(72192K)] 350489K->278297K(736256K), 0.0018941 secs] [Times: user=0.01 sys=0.00, real=0.00 secs] 
347.892: [GC (Allocation Failure) [PSYoungGen: 72064K->1453K(73728K)] 349977K->279366K(737792K), 0.0019095 secs] [Times: user=0.01 sys=0.00, real=0.00 secs] 
348.029: [GC (Allocation Failure) [PSYoungGen: 72621K->1517K(72192K)] 350534K->279430K(736256K), 0.0015774 secs] [Times: user=0.01 sys=0.00, real=0.00 secs] 
348.153: [GC (Allocation Failure) [PSYoungGen: 72173K->1533K(71680K)] 350086K->279446K(735744K), 0.0016389 secs] [Times: user=0.00 sys=0.00, real=0.00 secs] 
348.294: [GC (Allocation Failure) [PSYoungGen: 71654K->1485K(78848K)] 349567K->279398K(742912K), 0.0021320 secs] [Times: user=0.01 sys=0.00, real=0.00 secs] 
349.317: [GC (Allocation Failure) [PSYoungGen: 78797K->1440K(78336K)] 356710K->279369K(742400K), 0.0039773 secs] [Times: user=0.02 sys=0.00, real=0.01 secs] 
350.196: [GC (Allocation Failure) [PSYoungGen: 78240K->1440K(77824K)] 356169K->279369K(741888K), 0.0028923 secs] [Times: user=0.01 sys=0.00, real=0.01 secs] 
351.121: [GC (Allocation Failure) [PSYoungGen: 77728K->1408K(77312K)] 355657K->279337K(741376K), 0.0034455 secs] [Times: user=0.01 sys=0.00, real=0.00 secs] 
352.085: [GC (Allocation Failure) [PSYoungGen: 77184K->1408K(76800K)] 355113K->279337K(740864K), 0.0027543 secs] [Times: user=0.01 sys=0.00, real=0.01 secs] 
352.427: [GC (Allocation Failure) [PSYoungGen: 76672K->1485K(76288K)] 354601K->279414K(740352K), 0.0015713 secs] [Times: user=0.01 sys=0.00, real=0.00 secs] 
352.557: [GC (Allocation Failure) [PSYoungGen: 76237K->1565K(76288K)] 354166K->279494K(740352K), 0.0016126 secs] [Times: user=0.01 sys=0.00, real=0.00 secs] 
352.694: [GC (Allocation Failure) [PSYoungGen: 75805K->1485K(75264K)] 353734K->279414K(739328K), 0.0016223 secs] [Times: user=0.00 sys=0.00, real=0.00 secs] 
353.807: [GC (Allocation Failure) [PSYoungGen: 75213K->1392K(74752K)] 353142K->279321K(738816K), 0.0028213 secs] [Times: user=0.02 sys=0.00, real=0.01 secs] 
354.411: [GC (Allocation Failure) [PSYoungGen: 74608K->1440K(74240K)] 352537K->279369K(738304K), 0.0020271 secs] [Times: user=0.01 sys=0.00, real=0.00 secs] 
354.742: [GC (Allocation Failure) [PSYoungGen: 74144K->1408K(73728K)] 352073K->279337K(737792K), 0.0018661 secs] [Times: user=0.01 sys=0.00, real=0.00 secs] 
355.342: [GC (Allocation Failure) [PSYoungGen: 73600K->1376K(73216K)] 351529K->279305K(737280K), 0.0021670 secs] [Times: user=0.01 sys=0.00, real=0.00 secs] 
355.926: [GC (Allocation Failure) [PSYoungGen: 73056K->1469K(72704K)] 350985K->279422K(736768K), 0.0019951 secs] [Times: user=0.01 sys=0.00, real=0.01 secs] 
356.078: [GC (Allocation Failure) [PSYoungGen: 72637K->1517K(72192K)] 350590K->279470K(736256K), 0.0015341 secs] [Times: user=0.01 sys=0.00, real=0.00 secs] 
356.222: [GC (Allocation Failure) [PSYoungGen: 72173K->1517K(71680K)] 350126K->279470K(735744K), 0.0018017 secs] [Times: user=0.00 sys=0.00, real=0.00 secs] 
356.378: [GC (Allocation Failure) [PSYoungGen: 71661K->1488K(71168K)] 349614K->279441K(735232K), 0.0021033 secs] [Times: user=0.01 sys=0.00, real=0.00 secs] 
356.961: [GC (Allocation Failure) [PSYoungGen: 71120K->1376K(70656K)] 349073K->279337K(734720K), 0.0022144 secs] [Times: user=0.01 sys=0.00, real=0.00 secs] 
357.401: [GC (Allocation Failure) [PSYoungGen: 70496K->1408K(70144K)] 348457K->279369K(734208K), 0.0019957 secs] [Times: user=0.01 sys=0.00, real=0.00 secs] 
357.922: [GC (Allocation Failure) [PSYoungGen: 70016K->1376K(69632K)] 347977K->279337K(733696K), 0.0019630 secs] [Times: user=0.01 sys=0.00, real=0.00 secs] 
358.457: [GC (Allocation Failure) [PSYoungGen: 69472K->1376K(69120K)] 347433K->279337K(733184K), 0.0021535 secs] [Times: user=0.01 sys=0.00, real=0.00 secs] 
358.789: [GC (Allocation Failure) [PSYoungGen: 68960K->1453K(68608K)] 346921K->279414K(732672K), 0.0015143 secs] [Times: user=0.01 sys=0.00, real=0.00 secs] 
358.906: [GC (Allocation Failure) [PSYoungGen: 68525K->1517K(68096K)] 346486K->279478K(732160K), 0.0015942 secs] [Times: user=0.00 sys=0.00, real=0.01 secs] 
359.022: [GC (Allocation Failure) [PSYoungGen: 68077K->1517K(67584K)] 346038K->279478K(731648K), 0.0015053 secs] [Times: user=0.00 sys=0.00, real=0.00 secs] 
359.141: [GC (Allocation Failure) [PSYoungGen: 67400K->288K(73216K)] 345361K->278257K(737280K), 0.0015136 secs] [Times: user=0.00 sys=0.01, real=0.00 secs] 
359.728: [GC (Allocation Failure) [PSYoungGen: 72992K->1408K(73728K)] 350961K->279377K(737792K), 0.0019926 secs] [Times: user=0.01 sys=0.00, real=0.00 secs] 
360.058: [GC (Allocation Failure) [PSYoungGen: 73600K->1376K(73216K)] 351569K->279345K(737280K), 0.0020066 secs] [Times: user=0.00 sys=0.00, real=0.00 secs] 
360.464: [GC (Allocation Failure) [PSYoungGen: 73056K->1376K(72704K)] 351025K->279345K(736768K), 0.0018640 secs] [Times: user=0.01 sys=0.00, real=0.00 secs] 
361.069: [GC (Allocation Failure) [PSYoungGen: 72544K->1520K(72192K)] 350513K->279489K(736256K), 0.0023651 secs] [Times: user=0.01 sys=0.00, real=0.00 secs] 
361.278: [GC (Allocation Failure) [PSYoungGen: 72176K->1504K(71680K)] 350145K->279505K(735744K), 0.0018930 secs] [Times: user=0.01 sys=0.00, real=0.00 secs] 
361.424: [GC (Allocation Failure) [PSYoungGen: 71640K->1453K(71168K)] 349641K->279454K(735232K), 0.0015404 secs] [Times: user=0.01 sys=0.00, real=0.00 secs] 
361.546: [GC (Allocation Failure) [PSYoungGen: 71085K->1485K(70656K)] 349086K->279486K(734720K), 0.0015104 secs] [Times: user=0.01 sys=0.00, real=0.01 secs] 
362.710: [GC (Allocation Failure) [PSYoungGen: 70605K->1472K(70144K)] 348606K->279481K(734208K), 0.0029786 secs] [Times: user=0.01 sys=0.00, real=0.00 secs] 
363.642: [GC (Allocation Failure) [PSYoungGen: 70080K->1408K(69632K)] 348089K->279417K(733696K), 0.0023753 secs] [Times: user=0.01 sys=0.00, real=0.00 secs] 
364.448: [GC (Allocation Failure) [PSYoungGen: 69504K->1360K(69120K)] 347513K->279393K(733184K), 0.0024900 secs] [Times: user=0.01 sys=0.00, real=0.00 secs] 
365.026: [GC (Allocation Failure) [PSYoungGen: 68944K->1408K(68608K)] 346977K->279441K(732672K), 0.0019032 secs] [Times: user=0.01 sys=0.00, real=0.01 secs] 
365.571: [GC (Allocation Failure) [PSYoungGen: 68480K->1501K(68096K)] 346513K->279534K(732160K), 0.0021113 secs] [Times: user=0.01 sys=0.00, real=0.00 secs] 
365.747: [GC (Allocation Failure) [PSYoungGen: 68061K->1501K(67584K)] 346094K->279534K(731648K), 0.0018242 secs] [Times: user=0.01 sys=0.00, real=0.01 secs] 
365.917: [GC (Allocation Failure) [PSYoungGen: 67549K->1536K(68096K)] 345582K->279577K(732160K), 0.0019534 secs] [Times: user=0.00 sys=0.00, real=0.01 secs] 
366.064: [GC (Allocation Failure) [PSYoungGen: 67584K->493K(66560K)] 345625K->279574K(730624K), 0.0016512 secs] [Times: user=0.01 sys=0.00, real=0.00 secs] 
366.377: [GC (Allocation Failure) [PSYoungGen: 66541K->1440K(68096K)] 345622K->280521K(732160K), 0.0022488 secs] [Times: user=0.01 sys=0.00, real=0.01 secs] 
366.763: [GC (Allocation Failure) [PSYoungGen: 67488K->1408K(67584K)] 346569K->280489K(731648K), 0.0020983 secs] [Times: user=0.01 sys=0.00, real=0.00 secs] 
367.035: [GC (Allocation Failure) [PSYoungGen: 67456K->1376K(67584K)] 346537K->280457K(731648K), 0.0020292 secs] [Times: user=0.01 sys=0.00, real=0.01 secs] 
367.369: [GC (Allocation Failure) [PSYoungGen: 67424K->1376K(67584K)] 346505K->280457K(731648K), 0.0018146 secs] [Times: user=0.00 sys=0.00, real=0.00 secs] 
367.692: [GC (Allocation Failure) [PSYoungGen: 67409K->1485K(67584K)] 346490K->280566K(731648K), 0.0019916 secs] [Times: user=0.01 sys=0.00, real=0.00 secs] 
367.816: [GC (Allocation Failure) [PSYoungGen: 67533K->1517K(67584K)] 346614K->280598K(731648K), 0.0014748 secs] [Times: user=0.01 sys=0.00, real=0.01 secs] 
367.949: [GC (Allocation Failure) [PSYoungGen: 67565K->1549K(74752K)] 346646K->280630K(738816K), 0.0018467 secs] [Times: user=0.01 sys=0.00, real=0.00 secs] 
368.107: [GC (Allocation Failure) [PSYoungGen: 74253K->509K(80384K)] 353334K->280630K(744448K), 0.0016100 secs] [Times: user=0.01 sys=0.00, real=0.00 secs] 
369.168: [GC (Allocation Failure) [PSYoungGen: 80381K->1488K(81408K)] 360502K->281617K(745472K), 0.0034359 secs] [Times: user=0.01 sys=0.00, real=0.00 secs] 
370.634: [GC (Allocation Failure) [PSYoungGen: 80848K->1376K(80384K)] 360977K->281505K(744448K), 0.0034238 secs] [Times: user=0.02 sys=0.00, real=0.01 secs] 
371.905: [GC (Allocation Failure) [PSYoungGen: 80224K->1376K(79872K)] 360353K->281505K(743936K), 0.0040742 secs] [Times: user=0.02 sys=0.00, real=0.01 secs] 
373.119: [GC (Allocation Failure) [PSYoungGen: 79712K->1376K(79360K)] 359841K->281513K(743424K), 0.0047214 secs] [Times: user=0.02 sys=0.00, real=0.00 secs] 
373.691: [GC (Allocation Failure) [PSYoungGen: 79200K->1517K(78848K)] 359337K->281654K(742912K), 0.0018806 secs] [Times: user=0.01 sys=0.00, real=0.00 secs] 
373.833: [GC (Allocation Failure) [PSYoungGen: 78829K->1485K(78336K)] 358966K->281622K(742400K), 0.0015949 secs] [Times: user=0.01 sys=0.00, real=0.00 secs] 
373.966: [GC (Allocation Failure) [PSYoungGen: 78285K->1485K(77824K)] 358422K->281622K(741888K), 0.0018154 secs] [Times: user=0.01 sys=0.00, real=0.01 secs] 
375.477: [GC (Allocation Failure) [PSYoungGen: 77773K->1456K(77312K)] 357910K->281601K(741376K), 0.0032863 secs] [Times: user=0.01 sys=0.00, real=0.00 secs] 
376.713: [GC (Allocation Failure) [PSYoungGen: 77232K->1424K(76800K)] 357377K->281569K(740864K), 0.0040403 secs] [Times: user=0.01 sys=0.00, real=0.01 secs] 
377.882: [GC (Allocation Failure) [PSYoungGen: 76688K->1408K(76288K)] 356833K->281553K(740352K), 0.0032081 secs] [Times: user=0.01 sys=0.00, real=0.00 secs] 
379.526: [GC (Allocation Failure) [PSYoungGen: 76160K->1440K(75776K)] 356305K->281593K(739840K), 0.0033178 secs] [Times: user=0.02 sys=0.00, real=0.01 secs] 
379.885: [GC (Allocation Failure) [PSYoungGen: 75680K->1517K(75264K)] 355833K->281703K(739328K), 0.0014693 secs] [Times: user=0.01 sys=0.00, real=0.00 secs] 
380.035: [GC (Allocation Failure) [PSYoungGen: 75245K->1488K(74752K)] 355431K->281673K(738816K), 0.0018900 secs] [Times: user=0.00 sys=0.00, real=0.01 secs] 
380.197: [GC (Allocation Failure) [PSYoungGen: 74704K->1485K(74240K)] 354889K->281670K(738304K), 0.0018984 secs] [Times: user=0.01 sys=0.00, real=0.01 secs] 
380.661: [GC (Allocation Failure) [PSYoungGen: 74189K->1456K(73728K)] 354374K->281641K(737792K), 0.0030078 secs] [Times: user=0.02 sys=0.00, real=0.00 secs] 
381.579: [GC (Allocation Failure) [PSYoungGen: 73648K->1440K(73216K)] 353833K->281641K(737280K), 0.0025075 secs] [Times: user=0.01 sys=0.00, real=0.00 secs] 
382.271: [GC (Allocation Failure) [PSYoungGen: 73120K->1408K(72704K)] 353321K->281609K(736768K), 0.0023490 secs] [Times: user=0.01 sys=0.00, real=0.00 secs] 
383.280: [GC (Allocation Failure) [PSYoungGen: 72576K->1392K(72192K)] 352777K->281593K(736256K), 0.0026407 secs] [Times: user=0.01 sys=0.00, real=0.00 secs] 
383.832: [GC (Allocation Failure) [PSYoungGen: 72048K->1456K(71680K)] 352249K->281657K(735744K), 0.0023525 secs] [Times: user=0.01 sys=0.01, real=0.00 secs] 
383.989: [GC (Allocation Failure) [PSYoungGen: 71600K->1533K(71168K)] 351801K->281734K(735232K), 0.0014620 secs] [Times: user=0.01 sys=0.00, real=0.00 secs] 
384.110: [GC (Allocation Failure) [PSYoungGen: 71165K->1517K(70656K)] 351366K->281719K(734720K), 0.0016018 secs] [Times: user=0.01 sys=0.00, real=0.00 secs] 
384.231: [GC (Allocation Failure) [PSYoungGen: 70637K->1517K(70144K)] 350839K->281718K(734208K), 0.0014240 secs] [Times: user=0.00 sys=0.00, real=0.00 secs] 
384.996: [GC (Allocation Failure) [PSYoungGen: 70125K->1424K(69632K)] 350326K->281633K(733696K), 0.0023195 secs] [Times: user=0.01 sys=0.00, real=0.01 secs] 
385.744: [GC (Allocation Failure) [PSYoungGen: 69520K->1376K(69120K)] 349729K->281585K(733184K), 0.0022253 secs] [Times: user=0.01 sys=0.00, real=0.00 secs] 
386.614: [GC (Allocation Failure) [PSYoungGen: 68960K->1440K(68608K)] 349169K->281665K(732672K), 0.0021609 secs] [Times: user=0.01 sys=0.00, real=0.00 secs] 
387.796: [GC (Allocation Failure) [PSYoungGen: 68512K->1408K(68096K)] 348737K->281633K(732160K), 0.0044780 secs] [Times: user=0.02 sys=0.00, real=0.01 secs] 
388.301: [GC (Allocation Failure) [PSYoungGen: 67968K->1517K(67584K)] 348193K->281743K(731648K), 0.0019536 secs] [Times: user=0.01 sys=0.00, real=0.00 secs] 
388.453: [GC (Allocation Failure) [PSYoungGen: 67565K->1485K(67584K)] 347791K->281710K(731648K), 0.0018541 secs] [Times: user=0.01 sys=0.00, real=0.00 secs] 
388.599: [GC (Allocation Failure) [PSYoungGen: 67533K->1517K(67584K)] 347758K->281742K(731648K), 0.0017627 secs] [Times: user=0.01 sys=0.00, real=0.00 secs] 
388.732: [GC (Allocation Failure) [PSYoungGen: 67565K->1488K(74240K)] 347790K->281737K(738304K), 0.0020222 secs] [Times: user=0.01 sys=0.00, real=0.00 secs] 
390.084: [GC (Allocation Failure) [PSYoungGen: 74192K->1408K(73728K)] 354441K->281657K(737792K), 0.0037175 secs] [Times: user=0.01 sys=0.00, real=0.01 secs] 
391.414: [GC (Allocation Failure) [PSYoungGen: 73600K->1376K(73216K)] 353849K->281625K(737280K), 0.0031810 secs] [Times: user=0.02 sys=0.00, real=0.01 secs] 
392.562: [GC (Allocation Failure) [PSYoungGen: 73056K->1408K(72704K)] 353305K->281657K(736768K), 0.0030374 secs] [Times: user=0.01 sys=0.00, real=0.00 secs] 
393.790: [GC (Allocation Failure) [PSYoungGen: 72576K->1440K(72192K)] 352825K->281689K(736256K), 0.0027240 secs] [Times: user=0.01 sys=0.01, real=0.00 secs] 
394.203: [GC (Allocation Failure) [PSYoungGen: 72096K->1520K(71680K)] 352345K->281769K(735744K), 0.0018920 secs] [Times: user=0.01 sys=0.00, real=0.00 secs] 
394.384: [GC (Allocation Failure) [PSYoungGen: 71664K->1533K(71168K)] 351913K->281782K(735232K), 0.0018116 secs] [Times: user=0.01 sys=0.00, real=0.00 secs] 
394.537: [GC (Allocation Failure) [PSYoungGen: 71165K->1517K(70656K)] 351414K->281767K(734720K), 0.0016396 secs] [Times: user=0.00 sys=0.00, real=0.01 secs] 
394.710: [GC (Allocation Failure) [PSYoungGen: 70637K->1520K(70144K)] 350887K->281981K(734208K), 0.0017448 secs] [Times: user=0.01 sys=0.00, real=0.00 secs] 
395.064: [GC (Allocation Failure) [PSYoungGen: 70128K->1280K(69632K)] 350589K->281741K(733696K), 0.0021656 secs] [Times: user=0.00 sys=0.00, real=0.00 secs] 
395.382: [GC (Allocation Failure) [PSYoungGen: 69376K->1296K(69120K)] 349837K->281757K(733184K), 0.0020237 secs] [Times: user=0.01 sys=0.00, real=0.00 secs] 
396.054: [GC (Allocation Failure) [PSYoungGen: 68880K->1296K(68608K)] 349341K->281781K(732672K), 0.0024016 secs] [Times: user=0.01 sys=0.00, real=0.00 secs] 
397.424: [GC (Allocation Failure) [PSYoungGen: 68368K->1296K(68096K)] 348853K->281781K(732160K), 0.0020267 secs] [Times: user=0.01 sys=0.00, real=0.00 secs] 
398.374: [GC (Allocation Failure) [PSYoungGen: 67835K->1533K(67584K)] 348321K->282027K(731648K), 0.0020290 secs] [Times: user=0.01 sys=0.00, real=0.00 secs] 
398.535: [GC (Allocation Failure) [PSYoungGen: 67581K->1533K(67584K)] 348075K->282027K(731648K), 0.0018909 secs] [Times: user=0.01 sys=0.00, real=0.00 secs] 
398.702: [GC (Allocation Failure) [PSYoungGen: 67581K->1533K(67584K)] 348075K->282027K(731648K), 0.0020469 secs] [Times: user=0.01 sys=0.00, real=0.00 secs] 
398.962: [GC (Allocation Failure) [PSYoungGen: 67581K->1520K(67584K)] 348075K->282301K(731648K), 0.0019526 secs] [Times: user=0.00 sys=0.00, real=0.00 secs] 
400.047: [GC (Allocation Failure) [PSYoungGen: 67568K->1488K(67584K)] 348349K->282269K(731648K), 0.0028492 secs] [Times: user=0.01 sys=0.01, real=0.00 secs] 
400.837: [GC (Allocation Failure) [PSYoungGen: 67536K->1504K(67584K)] 348317K->282285K(731648K), 0.0022694 secs] [Times: user=0.01 sys=0.00, real=0.00 secs] 
401.596: [GC (Allocation Failure) [PSYoungGen: 67552K->1520K(67584K)] 348333K->282301K(731648K), 0.0024251 secs] [Times: user=0.01 sys=0.00, real=0.01 secs] 
402.491: [GC (Allocation Failure) [PSYoungGen: 67568K->1472K(67584K)] 348349K->282253K(731648K), 0.0024249 secs] [Times: user=0.01 sys=0.00, real=0.00 secs] 
402.834: [GC (Allocation Failure) [PSYoungGen: 67520K->1584K(68096K)] 348301K->282365K(732160K), 0.0020652 secs] [Times: user=0.01 sys=0.00, real=0.00 secs] 
402.982: [GC (Allocation Failure) [PSYoungGen: 67632K->605K(67072K)] 348413K->282411K(731136K), 0.0018339 secs] [Times: user=0.01 sys=0.00, real=0.00 secs] 
403.130: [GC (Allocation Failure) [PSYoungGen: 66653K->464K(66560K)] 348459K->282395K(730624K), 0.0015065 secs] [Times: user=0.00 sys=0.00, real=0.00 secs] 
403.245: [GC (Allocation Failure) [PSYoungGen: 66512K->496K(66560K)] 348443K->282427K(730624K), 0.0015904 secs] [Times: user=0.00 sys=0.00, real=0.01 secs] 
404.001: [GC (Allocation Failure) [PSYoungGen: 66544K->1424K(68608K)] 348475K->283355K(732672K), 0.0027057 secs] [Times: user=0.01 sys=0.00, real=0.00 secs] 
404.390: [GC (Allocation Failure) [PSYoungGen: 67472K->1408K(67584K)] 349403K->283339K(731648K), 0.0020392 secs] [Times: user=0.01 sys=0.00, real=0.00 secs] 
404.682: [GC (Allocation Failure) [PSYoungGen: 67456K->1376K(67584K)] 349387K->283307K(731648K), 0.0020465 secs] [Times: user=0.01 sys=0.00, real=0.00 secs] 
405.424: [GC (Allocation Failure) [PSYoungGen: 67424K->1376K(67584K)] 349355K->283339K(731648K), 0.0020473 secs] [Times: user=0.01 sys=0.00, real=0.00 secs] 
405.990: [GC (Allocation Failure) [PSYoungGen: 67424K->1488K(67584K)] 349387K->283451K(731648K), 0.0027265 secs] [Times: user=0.01 sys=0.00, real=0.00 secs] 
406.120: [GC (Allocation Failure) [PSYoungGen: 67536K->1517K(67584K)] 349499K->283505K(731648K), 0.0014688 secs] [Times: user=0.01 sys=0.00, real=0.00 secs] 
406.253: [GC (Allocation Failure) [PSYoungGen: 67565K->1549K(68096K)] 349553K->283553K(732160K), 0.0018829 secs] [Times: user=0.01 sys=0.00, real=0.00 secs] 
406.401: [GC (Allocation Failure) [PSYoungGen: 67597K->461K(66560K)] 349601K->283489K(730624K), 0.0016510 secs] [Times: user=0.00 sys=0.00, real=0.00 secs] 
406.737: [GC (Allocation Failure) [PSYoungGen: 66509K->1440K(68608K)] 349537K->284467K(732672K), 0.0021390 secs] [Times: user=0.01 sys=0.00, real=0.00 secs] 
407.012: [GC (Allocation Failure) [PSYoungGen: 67488K->1408K(67584K)] 350515K->284435K(731648K), 0.0020125 secs] [Times: user=0.01 sys=0.01, real=0.00 secs] 
407.287: [GC (Allocation Failure) [PSYoungGen: 67456K->1392K(67584K)] 350483K->284419K(731648K), 0.0020425 secs] [Times: user=0.01 sys=0.00, real=0.00 secs] 
407.688: [GC (Allocation Failure) [PSYoungGen: 67440K->1344K(67584K)] 350467K->284371K(731648K), 0.0020830 secs] [Times: user=0.01 sys=0.00, real=0.00 secs] 
408.329: [GC (Allocation Failure) [PSYoungGen: 67392K->1469K(67584K)] 350419K->284497K(731648K), 0.0021164 secs] [Times: user=0.01 sys=0.00, real=0.00 secs] 
408.472: [GC (Allocation Failure) [PSYoungGen: 67517K->1517K(67584K)] 350545K->284545K(731648K), 0.0014656 secs] [Times: user=0.00 sys=0.00, real=0.00 secs] 
408.587: [GC (Allocation Failure) [PSYoungGen: 67565K->1517K(67584K)] 350593K->284545K(731648K), 0.0018357 secs] [Times: user=0.00 sys=0.00, real=0.00 secs] 
408.703: [GC (Allocation Failure) [PSYoungGen: 67565K->1517K(74752K)] 350593K->284585K(738816K), 0.0015057 secs] [Times: user=0.01 sys=0.01, real=0.00 secs] 
409.039: [GC (Allocation Failure) [PSYoungGen: 74733K->1472K(74240K)] 357801K->284539K(738304K), 0.0021530 secs] [Times: user=0.01 sys=0.00, real=0.00 secs] 
409.807: [GC (Allocation Failure) [PSYoungGen: 74176K->1376K(73728K)] 357243K->284443K(737792K), 0.0020664 secs] [Times: user=0.01 sys=0.00, real=0.00 secs] 
410.819: [GC (Allocation Failure) [PSYoungGen: 73568K->1376K(73216K)] 356635K->284443K(737280K), 0.0026212 secs] [Times: user=0.01 sys=0.00, real=0.00 secs] 
411.751: [GC (Allocation Failure) [PSYoungGen: 73056K->1376K(72704K)] 356123K->284443K(736768K), 0.0020555 secs] [Times: user=0.01 sys=0.00, real=0.00 secs] 
412.687: [GC (Allocation Failure) [PSYoungGen: 72544K->1533K(72192K)] 355611K->284601K(736256K), 0.0022691 secs] [Times: user=0.01 sys=0.00, real=0.00 secs] 
412.820: [GC (Allocation Failure) [PSYoungGen: 72189K->1533K(71680K)] 355257K->284601K(735744K), 0.0015064 secs] [Times: user=0.01 sys=0.00, real=0.00 secs] 
412.942: [GC (Allocation Failure) [PSYoungGen: 71677K->1533K(71168K)] 354745K->284601K(735232K), 0.0015548 secs] [Times: user=0.00 sys=0.00, real=0.00 secs] 
413.076: [GC (Allocation Failure) [PSYoungGen: 71165K->1472K(70656K)] 354233K->285051K(734720K), 0.0016742 secs] [Times: user=0.01 sys=0.00, real=0.01 secs] 
413.871: [GC (Allocation Failure) [PSYoungGen: 70592K->1408K(70144K)] 354171K->284987K(734208K), 0.0025461 secs] [Times: user=0.01 sys=0.00, real=0.00 secs] 
414.829: [GC (Allocation Failure) [PSYoungGen: 70016K->1392K(69632K)] 353595K->284971K(733696K), 0.0022627 secs] [Times: user=0.01 sys=0.00, real=0.00 secs] 
415.871: [GC (Allocation Failure) [PSYoungGen: 69488K->1392K(69120K)] 353067K->284995K(733184K), 0.0029538 secs] [Times: user=0.01 sys=0.00, real=0.00 secs] 
417.037: [GC (Allocation Failure) [PSYoungGen: 68976K->1408K(68608K)] 352579K->285011K(732672K), 0.0040400 secs] [Times: user=0.01 sys=0.00, real=0.01 secs] 
417.369: [GC (Allocation Failure) [PSYoungGen: 68480K->1456K(68096K)] 352083K->285060K(732160K), 0.0022200 secs] [Times: user=0.01 sys=0.00, real=0.00 secs] 
417.494: [GC (Allocation Failure) [PSYoungGen: 68016K->1469K(67584K)] 351620K->285073K(731648K), 0.0015456 secs] [Times: user=0.00 sys=0.00, real=0.00 secs] 
417.610: [GC (Allocation Failure) [PSYoungGen: 67517K->1517K(67584K)] 351121K->285121K(731648K), 0.0015536 secs] [Times: user=0.01 sys=0.00, real=0.00 secs] 
417.867: [GC (Allocation Failure) [PSYoungGen: 67565K->1520K(67584K)] 351169K->285247K(731648K), 0.0020365 secs] [Times: user=0.01 sys=0.00, real=0.00 secs] 
418.467: [GC (Allocation Failure) [PSYoungGen: 67568K->1280K(67584K)] 351295K->285007K(731648K), 0.0022654 secs] [Times: user=0.01 sys=0.00, real=0.01 secs] 
419.092: [GC (Allocation Failure) [PSYoungGen: 67328K->1264K(67584K)] 351055K->284991K(731648K), 0.0020126 secs] [Times: user=0.00 sys=0.00, real=0.00 secs] 
419.688: [GC (Allocation Failure) [PSYoungGen: 67312K->1280K(67584K)] 351039K->285007K(731648K), 0.0025856 secs] [Times: user=0.01 sys=0.00, real=0.00 secs] 
420.333: [GC (Allocation Failure) [PSYoungGen: 67328K->1296K(67584K)] 351055K->285023K(731648K), 0.0021900 secs] [Times: user=0.01 sys=0.00, real=0.00 secs] 
420.708: [GC (Allocation Failure) [PSYoungGen: 67344K->1437K(67584K)] 351071K->285165K(731648K), 0.0015090 secs] [Times: user=0.00 sys=0.00, real=0.00 secs] 
420.823: [GC (Allocation Failure) [PSYoungGen: 67485K->1485K(67584K)] 351213K->285213K(731648K), 0.0015648 secs] [Times: user=0.01 sys=0.00, real=0.00 secs] 
420.939: [GC (Allocation Failure) [PSYoungGen: 67533K->1469K(67584K)] 351261K->285205K(731648K), 0.0016821 secs] [Times: user=0.01 sys=0.00, real=0.00 secs] 
421.055: [GC (Allocation Failure) [PSYoungGen: 67517K->1504K(74240K)] 351253K->285240K(738304K), 0.0015092 secs] [Times: user=0.01 sys=0.00, real=0.00 secs] 
421.957: [GC (Allocation Failure) [PSYoungGen: 74208K->1549K(74240K)] 357944K->285285K(738304K), 0.0023438 secs] [Times: user=0.01 sys=0.00, real=0.01 secs] 
423.134: [GC (Allocation Failure) [PSYoungGen: 73741K->461K(72192K)] 357477K->285221K(736256K), 0.0022880 secs] [Times: user=0.01 sys=0.00, real=0.00 secs] 
424.139: [GC (Allocation Failure) [PSYoungGen: 72141K->477K(73216K)] 356901K->285236K(737280K), 0.0022315 secs] [Times: user=0.01 sys=0.00, real=0.00 secs] 
425.310: [GC (Allocation Failure) [PSYoungGen: 71645K->1594K(72704K)] 356404K->286354K(736768K), 0.0028013 secs] [Times: user=0.01 sys=0.00, real=0.00 secs] 
425.499: [GC (Allocation Failure) [PSYoungGen: 72250K->1674K(72192K)] 357010K->286434K(736256K), 0.0016017 secs] [Times: user=0.01 sys=0.00, real=0.00 secs] 
425.621: [GC (Allocation Failure) [PSYoungGen: 71818K->493K(70144K)] 356578K->286362K(734208K), 0.0016847 secs] [Times: user=0.01 sys=0.00, real=0.00 secs] 
425.742: [GC (Allocation Failure) [PSYoungGen: 70125K->445K(71680K)] 355994K->286434K(735744K), 0.0014539 secs] [Times: user=0.00 sys=0.00, real=0.00 secs] 
426.172: [GC (Allocation Failure) [PSYoungGen: 69565K->1440K(70144K)] 355554K->287429K(734208K), 0.0028288 secs] [Times: user=0.01 sys=0.00, real=0.00 secs] 
426.980: [GC (Allocation Failure) [PSYoungGen: 70048K->1376K(69632K)] 356037K->287365K(733696K), 0.0042162 secs] [Times: user=0.01 sys=0.00, real=0.00 secs] 
427.812: [GC (Allocation Failure) [PSYoungGen: 69472K->1376K(69120K)] 355461K->287365K(733184K), 0.0041837 secs] [Times: user=0.01 sys=0.00, real=0.00 secs] 
428.638: [GC (Allocation Failure) [PSYoungGen: 68960K->1424K(68608K)] 354949K->287413K(732672K), 0.0041654 secs] [Times: user=0.02 sys=0.00, real=0.00 secs] 
429.365: [GC (Allocation Failure) [PSYoungGen: 68496K->1488K(68096K)] 354485K->287493K(732160K), 0.0025097 secs] [Times: user=0.01 sys=0.00, real=0.01 secs] 
429.537: [GC (Allocation Failure) [PSYoungGen: 68048K->1549K(68096K)] 354053K->287554K(732160K), 0.0016116 secs] [Times: user=0.01 sys=0.00, real=0.00 secs] 
429.653: [GC (Allocation Failure) [PSYoungGen: 67597K->525K(67072K)] 353602K->287554K(731136K), 0.0015678 secs] [Times: user=0.00 sys=0.00, real=0.00 secs] 
429.768: [GC (Allocation Failure) [PSYoungGen: 66573K->464K(66560K)] 353602K->287493K(730624K), 0.0014444 secs] [Times: user=0.01 sys=0.00, real=0.00 secs] 
429.980: [GC (Allocation Failure) [PSYoungGen: 66512K->1456K(67584K)] 353541K->288509K(731648K), 0.0019504 secs] [Times: user=0.01 sys=0.00, real=0.00 secs] 
430.299: [GC (Allocation Failure) [PSYoungGen: 67504K->1408K(67584K)] 354557K->288461K(731648K), 0.0018894 secs] [Times: user=0.00 sys=0.00, real=0.00 secs] 
430.619: [GC (Allocation Failure) [PSYoungGen: 67456K->1408K(67584K)] 354509K->288461K(731648K), 0.0020169 secs] [Times: user=0.01 sys=0.00, real=0.00 secs] 
430.901: [GC (Allocation Failure) [PSYoungGen: 67456K->1440K(67584K)] 354509K->288493K(731648K), 0.0025435 secs] [Times: user=0.01 sys=0.00, real=0.00 secs] 
431.234: [GC (Allocation Failure) [PSYoungGen: 67488K->1424K(67584K)] 354541K->288477K(731648K), 0.0023100 secs] [Times: user=0.01 sys=0.00, real=0.00 secs] 
431.432: [GC (Allocation Failure) [PSYoungGen: 67472K->1536K(68096K)] 354525K->288589K(732160K), 0.0019692 secs] [Times: user=0.01 sys=0.00, real=0.00 secs] 
431.568: [GC (Allocation Failure) [PSYoungGen: 67584K->1549K(68096K)] 354637K->288602K(732160K), 0.0014894 secs] [Times: user=0.01 sys=0.00, real=0.00 secs] 
431.684: [GC (Allocation Failure) [PSYoungGen: 67597K->1517K(74240K)] 354650K->288586K(738304K), 0.0015896 secs] [Times: user=0.01 sys=0.00, real=0.00 secs] 
431.926: [GC (Allocation Failure) [PSYoungGen: 74221K->1472K(73728K)] 361290K->288541K(737792K), 0.0018537 secs] [Times: user=0.01 sys=0.00, real=0.01 secs] 
432.265: [GC (Allocation Failure) [PSYoungGen: 73664K->1376K(73216K)] 360733K->288453K(737280K), 0.0020912 secs] [Times: user=0.01 sys=0.00, real=0.01 secs] 
432.586: [GC (Allocation Failure) [PSYoungGen: 73056K->1408K(72704K)] 360133K->288485K(736768K), 0.0019452 secs] [Times: user=0.01 sys=0.00, real=0.01 secs] 
432.902: [GC (Allocation Failure) [PSYoungGen: 72576K->1392K(72192K)] 359653K->288477K(736256K), 0.0019796 secs] [Times: user=0.01 sys=0.00, real=0.00 secs] 
433.269: [GC (Allocation Failure) [PSYoungGen: 72044K->1469K(71680K)] 359129K->288554K(735744K), 0.0020780 secs] [Times: user=0.01 sys=0.00, real=0.00 secs] 
433.405: [GC (Allocation Failure) [PSYoungGen: 71585K->1517K(71168K)] 358670K->288602K(735232K), 0.0015567 secs] [Times: user=0.01 sys=0.00, real=0.01 secs] 
433.546: [GC (Allocation Failure) [PSYoungGen: 71149K->1517K(70656K)] 358234K->288626K(734720K), 0.0018292 secs] [Times: user=0.01 sys=0.00, real=0.01 secs] 
433.704: [GC (Allocation Failure) [PSYoungGen: 70637K->1485K(70144K)] 357746K->288618K(734208K), 0.0016102 secs] [Times: user=0.01 sys=0.00, real=0.00 secs] 
434.159: [GC (Allocation Failure) [PSYoungGen: 70093K->1424K(69632K)] 357226K->288557K(733696K), 0.0022146 secs] [Times: user=0.01 sys=0.00, real=0.00 secs] 
434.771: [GC (Allocation Failure) [PSYoungGen: 69520K->1408K(69120K)] 356653K->288541K(733184K), 0.0020529 secs] [Times: user=0.00 sys=0.00, real=0.00 secs] 
435.247: [GC (Allocation Failure) [PSYoungGen: 68992K->1376K(68608K)] 356125K->288509K(732672K), 0.0019067 secs] [Times: user=0.01 sys=0.00, real=0.00 secs] 
435.552: [GC (Allocation Failure) [PSYoungGen: 68448K->1408K(68096K)] 355581K->288541K(732160K), 0.0019896 secs] [Times: user=0.00 sys=0.00, real=0.00 secs] 
435.905: [GC (Allocation Failure) [PSYoungGen: 67968K->1517K(67584K)] 355101K->288666K(731648K), 0.0014319 secs] [Times: user=0.01 sys=0.00, real=0.00 secs] 
436.021: [GC (Allocation Failure) [PSYoungGen: 67565K->1485K(67584K)] 354714K->288634K(731648K), 0.0015790 secs] [Times: user=0.00 sys=0.00, real=0.00 secs] 
436.137: [GC (Allocation Failure) [PSYoungGen: 67533K->1517K(67584K)] 354682K->288666K(731648K), 0.0015243 secs] [Times: user=0.00 sys=0.00, real=0.00 secs] 
436.271: [GC (Allocation Failure) [PSYoungGen: 67565K->1501K(74240K)] 354714K->288658K(738304K), 0.0018701 secs] [Times: user=0.01 sys=0.00, real=0.00 secs] 
436.923: [GC (Allocation Failure) [PSYoungGen: 74205K->1456K(73728K)] 361362K->288613K(737792K), 0.0037530 secs] [Times: user=0.01 sys=0.00, real=0.00 secs] 
438.018: [GC (Allocation Failure) [PSYoungGen: 73648K->1392K(73216K)] 360805K->288557K(737280K), 0.0040092 secs] [Times: user=0.02 sys=0.00, real=0.00 secs] 
438.826: [GC (Allocation Failure) [PSYoungGen: 73072K->1392K(72704K)] 360237K->288557K(736768K), 0.0035158 secs] [Times: user=0.02 sys=0.00, real=0.01 secs] 
439.629: [GC (Allocation Failure) [PSYoungGen: 72560K->1408K(72192K)] 359725K->288573K(736256K), 0.0032034 secs] [Times: user=0.01 sys=0.00, real=0.00 secs] 
440.112: [GC (Allocation Failure) [PSYoungGen: 72064K->1501K(71680K)] 359229K->288666K(735744K), 0.0019863 secs] [Times: user=0.01 sys=0.01, real=0.00 secs] 
440.261: [GC (Allocation Failure) [PSYoungGen: 71645K->1552K(71680K)] 358810K->288717K(735744K), 0.0016913 secs] [Times: user=0.01 sys=0.00, real=0.00 secs] 
440.384: [GC (Allocation Failure) [PSYoungGen: 71184K->525K(70144K)] 358349K->288714K(734208K), 0.0014534 secs] [Times: user=0.01 sys=0.00, real=0.00 secs] 
440.506: [GC (Allocation Failure) [PSYoungGen: 69645K->493K(69120K)] 357834K->288714K(733184K), 0.0014188 secs] [Times: user=0.00 sys=0.00, real=0.01 secs] 
441.172: [GC (Allocation Failure) [PSYoungGen: 69101K->1408K(69632K)] 357322K->289637K(733696K), 0.0019699 secs] [Times: user=0.01 sys=0.00, real=0.00 secs] 
441.790: [GC (Allocation Failure) [PSYoungGen: 69504K->1408K(69120K)] 357733K->289637K(733184K), 0.0025175 secs] [Times: user=0.01 sys=0.00, real=0.00 secs] 
442.577: [GC (Allocation Failure) [PSYoungGen: 68992K->1408K(68608K)] 357221K->289637K(732672K), 0.0025970 secs] [Times: user=0.01 sys=0.00, real=0.00 secs] 
443.374: [GC (Allocation Failure) [PSYoungGen: 68480K->1376K(68096K)] 356709K->289605K(732160K), 0.0027003 secs] [Times: user=0.01 sys=0.00, real=0.00 secs] 
443.744: [GC (Allocation Failure) [PSYoungGen: 67936K->1520K(67584K)] 356165K->289749K(731648K), 0.0020087 secs] [Times: user=0.01 sys=0.00, real=0.00 secs] 
443.889: [GC (Allocation Failure) [PSYoungGen: 67568K->1517K(67584K)] 355797K->289746K(731648K), 0.0016300 secs] [Times: user=0.00 sys=0.00, real=0.00 secs] 
444.004: [GC (Allocation Failure) [PSYoungGen: 67565K->1517K(67584K)] 355794K->289746K(731648K), 0.0014759 secs] [Times: user=0.01 sys=0.00, real=0.00 secs] 
444.120: [GC (Allocation Failure) [PSYoungGen: 67565K->1520K(67584K)] 355794K->289765K(731648K), 0.0015919 secs] [Times: user=0.00 sys=0.00, real=0.00 secs] 
444.452: [GC (Allocation Failure) [PSYoungGen: 67568K->1424K(67584K)] 355813K->289701K(731648K), 0.0026535 secs] [Times: user=0.01 sys=0.00, real=0.00 secs] 
444.981: [GC (Allocation Failure) [PSYoungGen: 67472K->1376K(67584K)] 355749K->289653K(731648K), 0.0028543 secs] [Times: user=0.01 sys=0.01, real=0.00 secs] 
445.502: [GC (Allocation Failure) [PSYoungGen: 67424K->1408K(67584K)] 355701K->289685K(731648K), 0.0025781 secs] [Times: user=0.02 sys=0.00, real=0.00 secs] 
446.018: [GC (Allocation Failure) [PSYoungGen: 67456K->1408K(67584K)] 355733K->289685K(731648K), 0.0034769 secs] [Times: user=0.01 sys=0.00, real=0.00 secs] 
446.412: [GC (Allocation Failure) [PSYoungGen: 67456K->1472K(67584K)] 355733K->289749K(731648K), 0.0018581 secs] [Times: user=0.01 sys=0.00, real=0.00 secs] 
446.548: [GC (Allocation Failure) [PSYoungGen: 67520K->1549K(68096K)] 355797K->289826K(732160K), 0.0016498 secs] [Times: user=0.01 sys=0.00, real=0.00 secs] 
446.665: [GC (Allocation Failure) [PSYoungGen: 67597K->493K(66560K)] 355874K->289794K(730624K), 0.0016494 secs] [Times: user=0.01 sys=0.00, real=0.00 secs] 
446.782: [GC (Allocation Failure) [PSYoungGen: 66541K->528K(74752K)] 355842K->289845K(738816K), 0.0013451 secs] [Times: user=0.00 sys=0.00, real=0.00 secs] 
447.068: [GC (Allocation Failure) [PSYoungGen: 73232K->1440K(73728K)] 362549K->290765K(737792K), 0.0017180 secs] [Times: user=0.01 sys=0.00, real=0.00 secs] 
447.368: [GC (Allocation Failure) [PSYoungGen: 73632K->1424K(73216K)] 362957K->290749K(737280K), 0.0020523 secs] [Times: user=0.00 sys=0.00, real=0.00 secs] 
447.666: [GC (Allocation Failure) [PSYoungGen: 73104K->1408K(72704K)] 362429K->290741K(736768K), 0.0016323 secs] [Times: user=0.01 sys=0.00, real=0.01 secs] 
448.010: [GC (Allocation Failure) [PSYoungGen: 72576K->1376K(72192K)] 361909K->290709K(736256K), 0.0017915 secs] [Times: user=0.01 sys=0.00, real=0.00 secs] 
448.203: [GC (Allocation Failure) [PSYoungGen: 72032K->1517K(71680K)] 361365K->290850K(735744K), 0.0014814 secs] [Times: user=0.01 sys=0.00, real=0.00 secs] 
448.324: [GC (Allocation Failure) [PSYoungGen: 71661K->1517K(71168K)] 360994K->290850K(735232K), 0.0015309 secs] [Times: user=0.00 sys=0.00, real=0.00 secs] 
448.446: [GC (Allocation Failure) [PSYoungGen: 71149K->1485K(70656K)] 360482K->290818K(734720K), 0.0014238 secs] [Times: user=0.01 sys=0.00, real=0.01 secs] 
448.998: [GC (Allocation Failure) [PSYoungGen: 70605K->1456K(70144K)] 359938K->290797K(734208K), 0.0029421 secs] [Times: user=0.02 sys=0.00, real=0.00 secs] 
449.706: [GC (Allocation Failure) [PSYoungGen: 70064K->1376K(69632K)] 359405K->290717K(733696K), 0.0022201 secs] [Times: user=0.01 sys=0.00, real=0.01 secs] 
450.322: [GC (Allocation Failure) [PSYoungGen: 69472K->1376K(69120K)] 358813K->290717K(733184K), 0.0023823 secs] [Times: user=0.01 sys=0.00, real=0.00 secs] 
451.185: [GC (Allocation Failure) [PSYoungGen: 68960K->1408K(68608K)] 358301K->290749K(732672K), 0.0032648 secs] [Times: user=0.01 sys=0.00, real=0.01 secs] 
452.098: [GC (GCLocker Initiated GC) [PSYoungGen: 68480K->1424K(68096K)] 357821K->290765K(732160K), 0.0026749 secs] [Times: user=0.01 sys=0.00, real=0.00 secs] 
452.275: [GC (Allocation Failure) [PSYoungGen: 67984K->1453K(67584K)] 357360K->290829K(731648K), 0.0015113 secs] [Times: user=0.00 sys=0.00, real=0.00 secs] 
452.391: [GC (Allocation Failure) [PSYoungGen: 67501K->1533K(67584K)] 356877K->290909K(731648K), 0.0015755 secs] [Times: user=0.01 sys=0.00, real=0.00 secs] 
452.507: [GC (Allocation Failure) [PSYoungGen: 67581K->1517K(67584K)] 356957K->290917K(731648K), 0.0014859 secs] [Times: user=0.01 sys=0.00, real=0.00 secs] 
452.713: [GC (Allocation Failure) [PSYoungGen: 67565K->1984K(68096K)] 356965K->291392K(732160K), 0.0017950 secs] [Times: user=0.01 sys=0.00, real=0.00 secs] 
452.994: [GC (Allocation Failure) [PSYoungGen: 68032K->384K(66560K)] 357440K->290816K(730624K), 0.0019283 secs] [Times: user=0.01 sys=0.00, real=0.00 secs] 
453.269: [GC (Allocation Failure) [PSYoungGen: 66432K->384K(68608K)] 356864K->290840K(732672K), 0.0018229 secs] [Times: user=0.00 sys=0.00, real=0.00 secs] 
453.543: [GC (Allocation Failure) [PSYoungGen: 66432K->384K(66560K)] 356888K->290840K(730624K), 0.0020373 secs] [Times: user=0.01 sys=0.00, real=0.00 secs] 
453.823: [GC (Allocation Failure) [PSYoungGen: 66432K->384K(68608K)] 356888K->290840K(732672K), 0.0016192 secs] [Times: user=0.00 sys=0.00, real=0.00 secs] 
454.026: [GC (Allocation Failure) [PSYoungGen: 66432K->1533K(67584K)] 356888K->291989K(731648K), 0.0014843 secs] [Times: user=0.01 sys=0.00, real=0.01 secs] 
454.141: [GC (Allocation Failure) [PSYoungGen: 67581K->1581K(68096K)] 358037K->292037K(732160K), 0.0015530 secs] [Times: user=0.01 sys=0.00, real=0.00 secs] 
454.257: [GC (Allocation Failure) [PSYoungGen: 67629K->1549K(74752K)] 358085K->292021K(738816K), 0.0015231 secs] [Times: user=0.00 sys=0.00, real=0.00 secs] 
454.449: [GC (Allocation Failure) [PSYoungGen: 74253K->1760K(82432K)] 364725K->292240K(746496K), 0.0019768 secs] [Times: user=0.01 sys=0.00, real=0.00 secs] 
455.216: [GC (Allocation Failure) [PSYoungGen: 82144K->1408K(81408K)] 372624K->291888K(745472K), 0.0018857 secs] [Times: user=0.01 sys=0.00, real=0.01 secs] 
455.564: [GC (Allocation Failure) [PSYoungGen: 81280K->1440K(80896K)] 371760K->291920K(744960K), 0.0020918 secs] [Times: user=0.01 sys=0.00, real=0.00 secs] 
456.245: [GC (Allocation Failure) [PSYoungGen: 80800K->1440K(80384K)] 371280K->291928K(744448K), 0.0020727 secs] [Times: user=0.00 sys=0.00, real=0.01 secs] 
456.665: [GC (Allocation Failure) [PSYoungGen: 80288K->1437K(79872K)] 370776K->291973K(743936K), 0.0015047 secs] [Times: user=0.01 sys=0.00, real=0.00 secs] 
456.824: [GC (Allocation Failure) [PSYoungGen: 79773K->1501K(79360K)] 370309K->292045K(743424K), 0.0019547 secs] [Times: user=0.01 sys=0.00, real=0.00 secs] 
456.991: [GC (Allocation Failure) [PSYoungGen: 79325K->1469K(78848K)] 369869K->292013K(742912K), 0.0016855 secs] [Times: user=0.01 sys=0.00, real=0.00 secs] 
457.430: [GC (Allocation Failure) [PSYoungGen: 78781K->1472K(78336K)] 369325K->292040K(742400K), 0.0024279 secs] [Times: user=0.01 sys=0.00, real=0.00 secs] 
458.585: [GC (Allocation Failure) [PSYoungGen: 78272K->1408K(77824K)] 368840K->291976K(741888K), 0.0026431 secs] [Times: user=0.01 sys=0.00, real=0.01 secs] 
459.534: [GC (Allocation Failure) [PSYoungGen: 77696K->1376K(77312K)] 368264K->291944K(741376K), 0.0028743 secs] [Times: user=0.01 sys=0.00, real=0.01 secs] 
460.319: [GC (Allocation Failure) [PSYoungGen: 77152K->1472K(76800K)] 367720K->292040K(740864K), 0.0031966 secs] [Times: user=0.01 sys=0.00, real=0.00 secs] 
460.743: [GC (Allocation Failure) [PSYoungGen: 76709K->1504K(76288K)] 367277K->292088K(740352K), 0.0018105 secs] [Times: user=0.01 sys=0.00, real=0.00 secs] 
460.898: [GC (Allocation Failure) [PSYoungGen: 76256K->1453K(75776K)] 366840K->292037K(739840K), 0.0016151 secs] [Times: user=0.01 sys=0.00, real=0.00 secs] 
461.029: [GC (Allocation Failure) [PSYoungGen: 75693K->1533K(75264K)] 366277K->292117K(739328K), 0.0014929 secs] [Times: user=0.01 sys=0.00, real=0.00 secs] 
461.216: [GC (Allocation Failure) [PSYoungGen: 75261K->1600K(75264K)] 365845K->292184K(739328K), 0.0020548 secs] [Times: user=0.01 sys=0.00, real=0.01 secs] 
461.563: [GC (Allocation Failure) [PSYoungGen: 74816K->384K(73216K)] 365400K->292024K(737280K), 0.0020987 secs] [Times: user=0.00 sys=0.01, real=0.00 secs] 
461.872: [GC (Allocation Failure) [PSYoungGen: 73088K->320K(74752K)] 364728K->291960K(738816K), 0.0018330 secs] [Times: user=0.01 sys=0.00, real=0.00 secs] 
462.293: [GC (Allocation Failure) [PSYoungGen: 72512K->384K(72192K)] 364152K->292024K(736256K), 0.0021822 secs] [Times: user=0.00 sys=0.00, real=0.00 secs] 
462.644: [GC (Allocation Failure) [PSYoungGen: 72064K->1453K(73728K)] 363704K->293093K(737792K), 0.0018772 secs] [Times: user=0.01 sys=0.00, real=0.00 secs] 
462.778: [GC (Allocation Failure) [PSYoungGen: 72621K->1485K(72192K)] 364261K->293125K(736256K), 0.0016499 secs] [Times: user=0.01 sys=0.00, real=0.00 secs] 
462.904: [GC (Allocation Failure) [PSYoungGen: 72141K->1565K(72192K)] 363781K->293205K(736256K), 0.0015797 secs] [Times: user=0.01 sys=0.00, real=0.00 secs] 
463.025: [GC (Allocation Failure) [PSYoungGen: 71703K->1501K(78848K)] 363343K->293141K(742912K), 0.0015096 secs] [Times: user=0.00 sys=0.00, real=0.01 secs] 
463.989: [GC (Allocation Failure) [PSYoungGen: 78813K->1440K(78336K)] 370453K->293088K(742400K), 0.0027686 secs] [Times: user=0.01 sys=0.00, real=0.00 secs] 
464.616: [GC (Allocation Failure) [PSYoungGen: 78240K->1408K(77824K)] 369888K->293072K(741888K), 0.0027408 secs] [Times: user=0.01 sys=0.00, real=0.01 secs] 
465.433: [GC (Allocation Failure) [PSYoungGen: 77696K->1344K(77312K)] 369360K->293008K(741376K), 0.0042626 secs] [Times: user=0.01 sys=0.00, real=0.01 secs] 
466.222: [GC (Allocation Failure) [PSYoungGen: 77120K->1376K(76800K)] 368784K->293040K(740864K), 0.0042530 secs] [Times: user=0.02 sys=0.01, real=0.00 secs] 
466.530: [GC (Allocation Failure) [PSYoungGen: 76640K->1456K(76288K)] 368304K->293120K(740352K), 0.0020448 secs] [Times: user=0.01 sys=0.00, real=0.00 secs] 
466.664: [GC (Allocation Failure) [PSYoungGen: 76208K->1533K(75776K)] 367872K->293197K(739840K), 0.0015202 secs] [Times: user=0.01 sys=0.00, real=0.00 secs] 
466.794: [GC (Allocation Failure) [PSYoungGen: 75773K->1485K(75264K)] 367437K->293149K(739328K), 0.0015821 secs] [Times: user=0.01 sys=0.00, real=0.00 secs] 
467.491: [GC (Allocation Failure) [PSYoungGen: 75213K->1440K(74752K)] 366877K->293104K(738816K), 0.0017851 secs] [Times: user=0.01 sys=0.00, real=0.00 secs] 
468.423: [GC (Allocation Failure) [PSYoungGen: 74656K->1408K(74240K)] 366320K->293072K(738304K), 0.0031067 secs] [Times: user=0.01 sys=0.00, real=0.00 secs] 
469.258: [GC (Allocation Failure) [PSYoungGen: 74112K->1440K(73728K)] 365776K->293104K(737792K), 0.0031584 secs] [Times: user=0.01 sys=0.00, real=0.00 secs] 
469.902: [GC (Allocation Failure) [PSYoungGen: 73632K->1376K(73216K)] 365296K->293040K(737280K), 0.0028936 secs] [Times: user=0.01 sys=0.00, real=0.00 secs] 
470.171: [GC (Allocation Failure) [PSYoungGen: 73056K->1501K(72704K)] 364720K->293165K(736768K), 0.0014682 secs] [Times: user=0.00 sys=0.00, real=0.00 secs] 
470.296: [GC (Allocation Failure) [PSYoungGen: 72669K->1501K(72192K)] 364333K->293165K(736256K), 0.0018760 secs] [Times: user=0.00 sys=0.00, real=0.01 secs] 
470.419: [GC (Allocation Failure) [PSYoungGen: 72157K->1533K(71680K)] 363821K->293197K(735744K), 0.0015282 secs] [Times: user=0.01 sys=0.00, real=0.00 secs] 
470.541: [GC (Allocation Failure) [PSYoungGen: 71677K->1501K(78848K)] 363341K->293165K(742912K), 0.0015700 secs] [Times: user=0.00 sys=0.00, real=0.00 secs] 
472.258: [GC (Allocation Failure) [PSYoungGen: 78813K->1424K(78336K)] 370477K->293088K(742400K), 0.0040677 secs] [Times: user=0.01 sys=0.00, real=0.00 secs] 
473.084: [GC (Allocation Failure) [PSYoungGen: 78224K->1408K(77824K)] 369888K->293072K(741888K), 0.0032376 secs] [Times: user=0.01 sys=0.00, real=0.01 secs] 
473.907: [GC (Allocation Failure) [PSYoungGen: 77696K->1408K(77312K)] 369360K->293072K(741376K), 0.0026019 secs] [Times: user=0.01 sys=0.00, real=0.01 secs] 
474.610: [GC (Allocation Failure) [PSYoungGen: 77184K->1472K(76800K)] 368848K->293136K(740864K), 0.0023365 secs] [Times: user=0.01 sys=0.00, real=0.00 secs] 
474.769: [GC (Allocation Failure) [PSYoungGen: 76736K->1533K(76288K)] 368400K->293197K(740352K), 0.0014743 secs] [Times: user=0.01 sys=0.00, real=0.00 secs] 
474.899: [GC (Allocation Failure) [PSYoungGen: 76285K->1533K(75776K)] 367949K->293197K(739840K), 0.0014987 secs] [Times: user=0.01 sys=0.00, real=0.00 secs] 
475.050: [GC (Allocation Failure) [PSYoungGen: 75773K->1488K(75264K)] 367437K->293152K(739328K), 0.0017984 secs] [Times: user=0.01 sys=0.00, real=0.00 secs] 
476.052: [GC (Allocation Failure) [PSYoungGen: 75216K->1408K(74752K)] 366880K->293072K(738816K), 0.0026653 secs] [Times: user=0.01 sys=0.00, real=0.00 secs] 
476.733: [GC (Allocation Failure) [PSYoungGen: 74624K->1424K(74240K)] 366288K->293104K(738304K), 0.0021590 secs] [Times: user=0.01 sys=0.00, real=0.00 secs] 
477.261: [GC (Allocation Failure) [PSYoungGen: 74128K->1408K(73728K)] 365808K->293088K(737792K), 0.0024807 secs] [Times: user=0.01 sys=0.00, real=0.00 secs] 
477.913: [GC (Allocation Failure) [PSYoungGen: 73600K->1408K(73216K)] 365280K->293088K(737280K), 0.0024763 secs] [Times: user=0.01 sys=0.00, real=0.00 secs] 
478.540: [GC (Allocation Failure) [PSYoungGen: 73088K->1533K(72704K)] 364768K->293213K(736768K), 0.0018391 secs] [Times: user=0.01 sys=0.00, real=0.00 secs] 
478.677: [GC (Allocation Failure) [PSYoungGen: 72701K->1533K(72192K)] 364381K->293213K(736256K), 0.0014923 secs] [Times: user=0.01 sys=0.00, real=0.01 secs] 
478.802: [GC (Allocation Failure) [PSYoungGen: 72189K->1565K(72192K)] 363869K->293245K(736256K), 0.0015808 secs] [Times: user=0.01 sys=0.00, real=0.00 secs] 
479.080: [GC (Allocation Failure) [PSYoungGen: 71709K->448K(70144K)] 363389K->293152K(734208K), 0.0021373 secs] [Times: user=0.01 sys=0.00, real=0.00 secs] 
479.396: [GC (Allocation Failure) [PSYoungGen: 70080K->352K(71168K)] 362784K->293072K(735232K), 0.0020807 secs] [Times: user=0.01 sys=0.00, real=0.01 secs] 
479.744: [GC (Allocation Failure) [PSYoungGen: 69472K->368K(69120K)] 362192K->293088K(733184K), 0.0021005 secs] [Times: user=0.01 sys=0.00, real=0.00 secs] 
480.142: [GC (Allocation Failure) [PSYoungGen: 68976K->320K(68608K)] 361696K->293040K(732672K), 0.0018057 secs] [Times: user=0.01 sys=0.01, real=0.00 secs] 
480.635: [GC (Allocation Failure) [PSYoungGen: 68416K->1456K(69120K)] 361136K->294176K(733184K), 0.0028515 secs] [Times: user=0.01 sys=0.00, real=0.01 secs] 
480.853: [GC (Allocation Failure) [PSYoungGen: 69040K->1501K(68608K)] 361760K->294221K(732672K), 0.0019961 secs] [Times: user=0.00 sys=0.00, real=0.00 secs] 
480.983: [GC (Allocation Failure) [PSYoungGen: 68573K->1501K(68096K)] 361293K->294221K(732160K), 0.0015922 secs] [Times: user=0.01 sys=0.00, real=0.00 secs] 
481.098: [GC (Allocation Failure) [PSYoungGen: 68061K->1533K(67584K)] 360781K->294253K(731648K), 0.0015599 secs] [Times: user=0.00 sys=0.00, real=0.00 secs] 
481.544: [GC (Allocation Failure) [PSYoungGen: 67581K->1424K(67584K)] 360301K->294144K(731648K), 0.0043541 secs] [Times: user=0.01 sys=0.00, real=0.01 secs] 
482.205: [GC (Allocation Failure) [PSYoungGen: 67472K->1408K(67584K)] 360192K->294128K(731648K), 0.0027675 secs] [Times: user=0.01 sys=0.00, real=0.01 secs] 
482.772: [GC (Allocation Failure) [PSYoungGen: 67456K->1408K(67584K)] 360176K->294128K(731648K), 0.0028685 secs] [Times: user=0.01 sys=0.00, real=0.00 secs] 
483.736: [GC (Allocation Failure) [PSYoungGen: 67456K->1408K(67584K)] 360176K->294160K(731648K), 0.0022208 secs] [Times: user=0.01 sys=0.00, real=0.01 secs] 
485.025: [GC (Allocation Failure) [PSYoungGen: 67456K->1485K(67584K)] 360208K->294237K(731648K), 0.0022738 secs] [Times: user=0.00 sys=0.00, real=0.01 secs] 
485.170: [GC (Allocation Failure) [PSYoungGen: 67533K->1501K(67584K)] 360285K->294253K(731648K), 0.0015880 secs] [Times: user=0.01 sys=0.00, real=0.00 secs] 
485.286: [GC (Allocation Failure) [PSYoungGen: 67549K->1533K(67584K)] 360301K->294285K(731648K), 0.0016201 secs] [Times: user=0.00 sys=0.00, real=0.01 secs] 
485.401: [GC (Allocation Failure) [PSYoungGen: 67581K->1469K(67584K)] 360333K->294237K(731648K), 0.0016061 secs] [Times: user=0.01 sys=0.00, real=0.00 secs] 
486.203: [GC (Allocation Failure) [PSYoungGen: 67517K->1424K(67584K)] 360285K->294192K(731648K), 0.0035427 secs] [Times: user=0.01 sys=0.00, real=0.01 secs] 
487.004: [GC (Allocation Failure) [PSYoungGen: 67472K->1392K(67584K)] 360240K->294160K(731648K), 0.0034113 secs] [Times: user=0.01 sys=0.00, real=0.01 secs] 
487.827: [GC (Allocation Failure) [PSYoungGen: 67440K->1408K(67584K)] 360208K->294176K(731648K), 0.0031021 secs] [Times: user=0.01 sys=0.00, real=0.01 secs] 
488.549: [GC (Allocation Failure) [PSYoungGen: 67456K->1376K(67584K)] 360224K->294144K(731648K), 0.0022184 secs] [Times: user=0.01 sys=0.00, real=0.00 secs] 
489.288: [GC (Allocation Failure) [PSYoungGen: 67424K->1360K(67584K)] 360192K->294128K(731648K), 0.0021117 secs] [Times: user=0.01 sys=0.00, real=0.00 secs] 
489.464: [GC (Allocation Failure) [PSYoungGen: 67408K->1501K(67584K)] 360176K->294269K(731648K), 0.0015531 secs] [Times: user=0.00 sys=0.00, real=0.00 secs] 
489.579: [GC (Allocation Failure) [PSYoungGen: 67526K->1472K(67584K)] 360294K->294240K(731648K), 0.0015355 secs] [Times: user=0.01 sys=0.00, real=0.00 secs] 
489.695: [GC (Allocation Failure) [PSYoungGen: 67520K->1533K(67584K)] 360288K->294317K(731648K), 0.0014898 secs] [Times: user=0.01 sys=0.00, real=0.00 secs] 
489.882: [GC (Allocation Failure) [PSYoungGen: 67581K->1504K(67584K)] 360365K->294320K(731648K), 0.0019994 secs] [Times: user=0.00 sys=0.00, real=0.00 secs] 
490.598: [GC (Allocation Failure) [PSYoungGen: 67552K->1376K(67584K)] 360368K->294192K(731648K), 0.0023937 secs] [Times: user=0.01 sys=0.00, real=0.00 secs] 
491.366: [GC (Allocation Failure) [PSYoungGen: 67424K->1344K(67584K)] 360240K->294160K(731648K), 0.0022650 secs] [Times: user=0.01 sys=0.00, real=0.01 secs] 
492.021: [GC (Allocation Failure) [PSYoungGen: 67392K->1344K(67584K)] 360208K->294160K(731648K), 0.0022971 secs] [Times: user=0.01 sys=0.00, real=0.00 secs] 
492.810: [GC (Allocation Failure) [PSYoungGen: 67392K->1344K(67584K)] 360208K->294160K(731648K), 0.0027973 secs] [Times: user=0.01 sys=0.00, real=0.00 secs] 
493.213: [GC (Allocation Failure) [PSYoungGen: 67392K->1501K(68096K)] 360208K->294317K(732160K), 0.0019240 secs] [Times: user=0.01 sys=0.00, real=0.00 secs] 
493.330: [GC (Allocation Failure) [PSYoungGen: 67549K->1565K(68096K)] 360365K->294381K(732160K), 0.0015676 secs] [Times: user=0.01 sys=0.00, real=0.00 secs] 
493.445: [GC (Allocation Failure) [PSYoungGen: 67613K->1565K(68096K)] 360429K->294405K(732160K), 0.0015110 secs] [Times: user=0.00 sys=0.00, real=0.00 secs] 
493.560: [GC (Allocation Failure) [PSYoungGen: 67613K->1597K(68096K)] 360453K->294437K(732160K), 0.0018424 secs] [Times: user=0.00 sys=0.00, real=0.00 secs] 
494.585: [GC (Allocation Failure) [PSYoungGen: 67645K->1472K(68096K)] 360485K->294328K(732160K), 0.0023047 secs] [Times: user=0.01 sys=0.00, real=0.00 secs] 
495.433: [GC (Allocation Failure) [PSYoungGen: 67520K->1440K(68096K)] 360376K->294296K(732160K), 0.0026212 secs] [Times: user=0.01 sys=0.00, real=0.00 secs] 
496.425: [GC (Allocation Failure) [PSYoungGen: 67488K->1440K(68096K)] 360344K->294304K(732160K), 0.0030928 secs] [Times: user=0.01 sys=0.00, real=0.01 secs] 
497.113: [GC (Allocation Failure) [PSYoungGen: 67488K->1504K(68096K)] 360352K->294368K(732160K), 0.0025169 secs] [Times: user=0.01 sys=0.00, real=0.00 secs] 
497.742: [GC (Allocation Failure) [PSYoungGen: 67552K->1536K(68096K)] 360416K->294400K(732160K), 0.0020795 secs] [Times: user=0.01 sys=0.00, real=0.00 secs] 
497.888: [GC (Allocation Failure) [PSYoungGen: 67584K->1597K(68096K)] 360448K->294461K(732160K), 0.0015316 secs] [Times: user=0.00 sys=0.00, real=0.00 secs] 
498.003: [GC (Allocation Failure) [PSYoungGen: 67645K->1504K(68096K)] 360509K->294464K(732160K), 0.0020140 secs] [Times: user=0.01 sys=0.00, real=0.00 secs] 
498.120: [GC (Allocation Failure) [PSYoungGen: 67552K->1453K(68096K)] 360512K->294413K(732160K), 0.0016708 secs] [Times: user=0.00 sys=0.00, real=0.00 secs] 
498.532: [GC (Allocation Failure) [PSYoungGen: 67501K->1408K(68096K)] 360461K->294368K(732160K), 0.0020246 secs] [Times: user=0.00 sys=0.00, real=0.00 secs] 
498.807: [GC (Allocation Failure) [PSYoungGen: 67456K->1376K(68096K)] 360416K->294336K(732160K), 0.0019455 secs] [Times: user=0.01 sys=0.00, real=0.00 secs] 
499.113: [GC (Allocation Failure) [PSYoungGen: 67424K->1376K(68096K)] 360384K->294336K(732160K), 0.0018812 secs] [Times: user=0.01 sys=0.00, real=0.00 secs] 
499.387: [GC (Allocation Failure) [PSYoungGen: 67424K->1408K(68096K)] 360384K->294368K(732160K), 0.0018603 secs] [Times: user=0.01 sys=0.00, real=0.01 secs] 
499.723: [GC (Allocation Failure) [PSYoungGen: 67456K->1469K(68096K)] 360416K->294429K(732160K), 0.0018218 secs] [Times: user=0.01 sys=0.00, real=0.00 secs] 
499.843: [GC (Allocation Failure) [PSYoungGen: 67517K->1536K(68096K)] 360477K->294496K(732160K), 0.0015327 secs] [Times: user=0.01 sys=0.00, real=0.00 secs] 
499.958: [GC (Allocation Failure) [PSYoungGen: 67584K->1501K(68096K)] 360544K->294461K(732160K), 0.0015058 secs] [Times: user=0.00 sys=0.00, real=0.00 secs] 
500.074: [GC (Allocation Failure) [PSYoungGen: 67549K->1549K(74752K)] 360509K->294517K(738816K), 0.0017642 secs] [Times: user=0.01 sys=0.00, real=0.00 secs] 
500.961: [GC (Allocation Failure) [PSYoungGen: 74253K->1440K(73728K)] 367221K->294408K(737792K), 0.0023390 secs] [Times: user=0.01 sys=0.00, real=0.00 secs] 
501.837: [GC (Allocation Failure) [PSYoungGen: 73632K->1440K(73216K)] 366600K->294408K(737280K), 0.0032926 secs] [Times: user=0.01 sys=0.00, real=0.01 secs] 
502.937: [GC (Allocation Failure) [PSYoungGen: 73120K->1376K(72704K)] 366088K->294344K(736768K), 0.0039229 secs] [Times: user=0.01 sys=0.00, real=0.01 secs] 
503.879: [GC (Allocation Failure) [PSYoungGen: 72544K->1408K(72192K)] 365512K->294400K(736256K), 0.0039206 secs] [Times: user=0.01 sys=0.00, real=0.00 secs] 
504.241: [GC (Allocation Failure) [PSYoungGen: 72064K->1456K(71680K)] 365056K->294448K(735744K), 0.0019690 secs] [Times: user=0.01 sys=0.00, real=0.00 secs] 
504.373: [GC (Allocation Failure) [PSYoungGen: 71600K->1533K(71168K)] 364592K->294525K(735232K), 0.0017317 secs] [Times: user=0.01 sys=0.00, real=0.00 secs] 
504.497: [GC (Allocation Failure) [PSYoungGen: 71165K->1501K(70656K)] 364157K->294493K(734720K), 0.0014868 secs] [Times: user=0.01 sys=0.00, real=0.01 secs] 
504.620: [GC (Allocation Failure) [PSYoungGen: 70621K->1533K(70144K)] 363613K->294533K(734208K), 0.0015289 secs] [Times: user=0.00 sys=0.01, real=0.00 secs] 
505.445: [GC (Allocation Failure) [PSYoungGen: 70141K->1408K(69632K)] 363141K->294408K(733696K), 0.0021090 secs] [Times: user=0.00 sys=0.00, real=0.01 secs] 
506.242: [GC (Allocation Failure) [PSYoungGen: 69504K->1408K(69120K)] 362504K->294408K(733184K), 0.0025364 secs] [Times: user=0.00 sys=0.00, real=0.00 secs] 
506.993: [GC (Allocation Failure) [PSYoungGen: 68992K->1408K(68608K)] 361992K->294408K(732672K), 0.0020636 secs] [Times: user=0.01 sys=0.00, real=0.00 secs] 
507.820: [GC (Allocation Failure) [PSYoungGen: 68480K->1408K(68096K)] 361480K->294408K(732160K), 0.0027345 secs] [Times: user=0.01 sys=0.00, real=0.00 secs] 
508.127: [GC (Allocation Failure) [PSYoungGen: 67968K->1501K(67584K)] 360968K->294501K(731648K), 0.0016614 secs] [Times: user=0.00 sys=0.00, real=0.00 secs] 
508.243: [GC (Allocation Failure) [PSYoungGen: 67549K->1565K(68096K)] 360549K->294565K(732160K), 0.0014857 secs] [Times: user=0.01 sys=0.00, real=0.00 secs] 
508.358: [GC (Allocation Failure) [PSYoungGen: 67613K->1533K(68096K)] 360613K->294533K(732160K), 0.0014534 secs] [Times: user=0.00 sys=0.00, real=0.00 secs] 
508.474: [GC (Allocation Failure) [PSYoungGen: 67581K->1533K(68096K)] 360581K->294541K(732160K), 0.0017045 secs] [Times: user=0.01 sys=0.00, real=0.00 secs] 
508.765: [GC (Allocation Failure) [PSYoungGen: 67581K->1440K(68096K)] 360589K->294448K(732160K), 0.0018217 secs] [Times: user=0.01 sys=0.00, real=0.00 secs] 
509.039: [GC (Allocation Failure) [PSYoungGen: 67488K->1408K(68096K)] 360496K->294416K(732160K), 0.0017279 secs] [Times: user=0.01 sys=0.00, real=0.00 secs] 
509.313: [GC (Allocation Failure) [PSYoungGen: 67456K->1376K(68096K)] 360464K->294384K(732160K), 0.0017648 secs] [Times: user=0.01 sys=0.00, real=0.00 secs] 
509.587: [GC (Allocation Failure) [PSYoungGen: 67424K->1376K(68096K)] 360432K->294384K(732160K), 0.0016997 secs] [Times: user=0.00 sys=0.00, real=0.00 secs] 
509.776: [GC (Allocation Failure) [PSYoungGen: 67424K->1501K(68096K)] 360432K->294509K(732160K), 0.0014817 secs] [Times: user=0.00 sys=0.00, real=0.01 secs] 
509.892: [GC (Allocation Failure) [PSYoungGen: 67549K->1517K(68096K)] 360557K->294525K(732160K), 0.0015112 secs] [Times: user=0.01 sys=0.00, real=0.00 secs] 
510.025: [GC (Allocation Failure) [PSYoungGen: 67565K->1536K(68096K)] 360573K->294544K(732160K), 0.0018216 secs] [Times: user=0.01 sys=0.00, real=0.00 secs] 
510.170: [GC (Allocation Failure) [PSYoungGen: 67584K->1456K(75264K)] 360592K->294480K(739328K), 0.0019480 secs] [Times: user=0.00 sys=0.00, real=0.00 secs] 
511.251: [GC (Allocation Failure) [PSYoungGen: 74672K->1440K(74240K)] 367696K->294464K(738304K), 0.0041240 secs] [Times: user=0.01 sys=0.00, real=0.00 secs] 
512.235: [GC (Allocation Failure) [PSYoungGen: 74144K->1408K(73728K)] 367168K->294432K(737792K), 0.0029887 secs] [Times: user=0.01 sys=0.00, real=0.01 secs] 
512.583: [GC (Allocation Failure) [PSYoungGen: 73600K->1376K(73216K)] 366624K->294424K(737280K), 0.0021030 secs] [Times: user=0.01 sys=0.00, real=0.00 secs] 
512.930: [GC (Allocation Failure) [PSYoungGen: 73056K->1392K(72704K)] 366104K->294440K(736768K), 0.0019992 secs] [Times: user=0.01 sys=0.00, real=0.00 secs] 
513.214: [GC (Allocation Failure) [PSYoungGen: 72560K->1533K(72192K)] 365608K->294581K(736256K), 0.0017092 secs] [Times: user=0.00 sys=0.00, real=0.00 secs] 
513.338: [GC (Allocation Failure) [PSYoungGen: 72189K->1533K(71680K)] 365237K->294581K(735744K), 0.0015431 secs] [Times: user=0.01 sys=0.00, real=0.00 secs] 
513.460: [GC (Allocation Failure) [PSYoungGen: 71650K->1533K(71168K)] 364698K->294581K(735232K), 0.0015359 secs] [Times: user=0.01 sys=0.00, real=0.00 secs] 
513.950: [GC (Allocation Failure) [PSYoungGen: 71165K->1472K(70656K)] 364213K->294528K(734720K), 0.0022977 secs] [Times: user=0.01 sys=0.00, real=0.00 secs] 
514.700: [GC (Allocation Failure) [PSYoungGen: 70592K->1440K(70144K)] 363648K->294496K(734208K), 0.0021617 secs] [Times: user=0.01 sys=0.00, real=0.00 secs] 
515.409: [GC (Allocation Failure) [PSYoungGen: 70048K->1376K(69632K)] 363104K->294432K(733696K), 0.0022610 secs] [Times: user=0.01 sys=0.00, real=0.00 secs] 
515.924: [GC (Allocation Failure) [PSYoungGen: 69472K->1440K(69120K)] 362528K->294496K(733184K), 0.0022981 secs] [Times: user=0.01 sys=0.00, real=0.00 secs] 
516.983: [GC (Allocation Failure) [PSYoungGen: 69024K->1456K(68608K)] 362080K->294512K(732672K), 0.0030103 secs] [Times: user=0.01 sys=0.00, real=0.00 secs] 
517.188: [GC (Allocation Failure) [PSYoungGen: 68528K->1549K(68608K)] 361584K->294605K(732672K), 0.0019365 secs] [Times: user=0.01 sys=0.00, real=0.00 secs] 
517.307: [GC (Allocation Failure) [PSYoungGen: 68089K->1501K(67584K)] 361146K->294557K(731648K), 0.0015326 secs] [Times: user=0.01 sys=0.00, real=0.00 secs] 
517.422: [GC (Allocation Failure) [PSYoungGen: 67549K->1469K(67584K)] 360605K->294525K(731648K), 0.0015287 secs] [Times: user=0.00 sys=0.00, real=0.00 secs] 
518.685: [GC (Allocation Failure) [PSYoungGen: 67517K->1504K(68096K)] 360573K->294560K(732160K), 0.0032363 secs] [Times: user=0.01 sys=0.00, real=0.01 secs] 
519.810: [GC (Allocation Failure) [PSYoungGen: 67552K->1408K(68096K)] 360608K->294464K(732160K), 0.0090763 secs] [Times: user=0.04 sys=0.00, real=0.01 secs] 
520.399: [GC (Allocation Failure) [PSYoungGen: 67456K->1440K(68096K)] 360512K->294496K(732160K), 0.0026927 secs] [Times: user=0.01 sys=0.00, real=0.00 secs] 
520.671: [GC (Allocation Failure) [PSYoungGen: 67488K->1408K(68096K)] 360544K->294464K(732160K), 0.0019863 secs] [Times: user=0.01 sys=0.00, real=0.00 secs] 
521.088: [GC (Allocation Failure) [PSYoungGen: 67339K->288K(68096K)] 360395K->293344K(732160K), 0.0020921 secs] [Times: user=0.00 sys=0.00, real=0.00 secs] 
521.261: [GC (Allocation Failure) [PSYoungGen: 66336K->1533K(68096K)] 359392K->294589K(732160K), 0.0014888 secs] [Times: user=0.01 sys=0.00, real=0.00 secs] 
521.395: [GC (Allocation Failure) [PSYoungGen: 67581K->1517K(68096K)] 360637K->294573K(732160K), 0.0017470 secs] [Times: user=0.01 sys=0.00, real=0.00 secs] 
521.541: [GC (Allocation Failure) [PSYoungGen: 67565K->1501K(68096K)] 360621K->294565K(732160K), 0.0019643 secs] [Times: user=0.01 sys=0.00, real=0.00 secs] 
521.855: [GC (Allocation Failure) [PSYoungGen: 67549K->1984K(68096K)] 360613K->295048K(732160K), 0.0021318 secs] [Times: user=0.01 sys=0.00, real=0.01 secs] 
523.088: [GC (Allocation Failure) [PSYoungGen: 68032K->1424K(68096K)] 361096K->294488K(732160K), 0.0044891 secs] [Times: user=0.02 sys=0.00, real=0.00 secs] 
524.398: [GC (Allocation Failure) [PSYoungGen: 67472K->1376K(67584K)] 360536K->294440K(731648K), 0.0042170 secs] [Times: user=0.02 sys=0.00, real=0.00 secs] 
525.479: [GC (Allocation Failure) [PSYoungGen: 67424K->1376K(67584K)] 360488K->294440K(731648K), 0.0043142 secs] [Times: user=0.01 sys=0.01, real=0.00 secs] 
526.505: [GC (Allocation Failure) [PSYoungGen: 67424K->1408K(67584K)] 360488K->294472K(731648K), 0.0038256 secs] [Times: user=0.02 sys=0.00, real=0.01 secs] 
526.848: [GC (Allocation Failure) [PSYoungGen: 67456K->1485K(67584K)] 360520K->294549K(731648K), 0.0054711 secs] [Times: user=0.02 sys=0.00, real=0.00 secs] 
526.982: [GC (Allocation Failure) [PSYoungGen: 67533K->1501K(67584K)] 360597K->294565K(731648K), 0.0015829 secs] [Times: user=0.01 sys=0.00, real=0.00 secs] 
527.099: [GC (Allocation Failure) [PSYoungGen: 67549K->1501K(70656K)] 360613K->294597K(734720K), 0.0014669 secs] [Times: user=0.01 sys=0.00, real=0.00 secs] 
527.219: [GC (Allocation Failure) [PSYoungGen: 70109K->1485K(74752K)] 363205K->294581K(738816K), 0.0017250 secs] [Times: user=0.00 sys=0.00, real=0.00 secs] 
528.089: [GC (Allocation Failure) [PSYoungGen: 74189K->1408K(73728K)] 367285K->294504K(737792K), 0.0018608 secs] [Times: user=0.01 sys=0.00, real=0.00 secs] 
528.694: [GC (Allocation Failure) [PSYoungGen: 73600K->1408K(73216K)] 366696K->294504K(737280K), 0.0019807 secs] [Times: user=0.01 sys=0.00, real=0.00 secs] 
529.329: [GC (Allocation Failure) [PSYoungGen: 73088K->1408K(72704K)] 366184K->294504K(736768K), 0.0019883 secs] [Times: user=0.01 sys=0.00, real=0.00 secs] 
530.130: [GC (Allocation Failure) [PSYoungGen: 72576K->1453K(72192K)] 365672K->294549K(736256K), 0.0034055 secs] [Times: user=0.01 sys=0.00, real=0.00 secs] 
530.341: [GC (Allocation Failure) [PSYoungGen: 72109K->1533K(71680K)] 365205K->294629K(735744K), 0.0015980 secs] [Times: user=0.01 sys=0.00, real=0.00 secs] 
530.483: [GC (Allocation Failure) [PSYoungGen: 71677K->1536K(71680K)] 364773K->294632K(735744K), 0.0017958 secs] [Times: user=0.01 sys=0.00, real=0.00 secs] 
530.634: [GC (Allocation Failure) [PSYoungGen: 71168K->1504K(70656K)] 364264K->294608K(734720K), 0.0016387 secs] [Times: user=0.00 sys=0.00, real=0.00 secs] 
530.923: [GC (Allocation Failure) [PSYoungGen: 70624K->1456K(70144K)] 363728K->294560K(734208K), 0.0020474 secs] [Times: user=0.01 sys=0.00, real=0.00 secs] 
531.328: [GC (Allocation Failure) [PSYoungGen: 70064K->1344K(69632K)] 363168K->294448K(733696K), 0.0018381 secs] [Times: user=0.01 sys=0.00, real=0.00 secs] 
531.786: [GC (Allocation Failure) [PSYoungGen: 69440K->1408K(69120K)] 362544K->294512K(733184K), 0.0020044 secs] [Times: user=0.00 sys=0.00, real=0.01 secs] 
532.470: [GC (Allocation Failure) [PSYoungGen: 68992K->1344K(68608K)] 362096K->294448K(732672K), 0.0043127 secs] [Times: user=0.02 sys=0.00, real=0.00 secs] 
533.371: [GC (Allocation Failure) [PSYoungGen: 68416K->1424K(68096K)] 361520K->294528K(732160K), 0.0031743 secs] [Times: user=0.02 sys=0.00, real=0.00 secs] 
533.562: [GC (Allocation Failure) [PSYoungGen: 67984K->1469K(67584K)] 361088K->294573K(731648K), 0.0016569 secs] [Times: user=0.00 sys=0.00, real=0.00 secs] 
533.695: [GC (Allocation Failure) [PSYoungGen: 67517K->1504K(67584K)] 360621K->294608K(731648K), 0.0018091 secs] [Times: user=0.01 sys=0.00, real=0.01 secs] 
533.841: [GC (Allocation Failure) [PSYoungGen: 67552K->1501K(68096K)] 360656K->294605K(732160K), 0.0015123 secs] [Times: user=0.01 sys=0.00, real=0.00 secs] 
534.044: [GC (Allocation Failure) [PSYoungGen: 67549K->1472K(68096K)] 360653K->294608K(732160K), 0.0020252 secs] [Times: user=0.00 sys=0.00, real=0.00 secs] 
534.319: [GC (Allocation Failure) [PSYoungGen: 67520K->1408K(68096K)] 360656K->294544K(732160K), 0.0019951 secs] [Times: user=0.00 sys=0.00, real=0.00 secs] 
534.594: [GC (Allocation Failure) [PSYoungGen: 67456K->1408K(68096K)] 360592K->294544K(732160K), 0.0022473 secs] [Times: user=0.01 sys=0.00, real=0.00 secs] 
534.869: [GC (Allocation Failure) [PSYoungGen: 67456K->1392K(68096K)] 360592K->294528K(732160K), 0.0018841 secs] [Times: user=0.00 sys=0.00, real=0.00 secs] 
535.159: [GC (Allocation Failure) [PSYoungGen: 67440K->1485K(68096K)] 360576K->294621K(732160K), 0.0018391 secs] [Times: user=0.01 sys=0.00, real=0.00 secs] 
535.285: [GC (Allocation Failure) [PSYoungGen: 67533K->1437K(68096K)] 360669K->294573K(732160K), 0.0015626 secs] [Times: user=0.00 sys=0.00, real=0.00 secs] 
535.400: [GC (Allocation Failure) [PSYoungGen: 67485K->1533K(68096K)] 360621K->294669K(732160K), 0.0015639 secs] [Times: user=0.00 sys=0.00, real=0.00 secs] 
535.516: [GC (Allocation Failure) [PSYoungGen: 67581K->1437K(68096K)] 360717K->294581K(732160K), 0.0014648 secs] [Times: user=0.01 sys=0.00, real=0.01 secs] 
535.873: [GC (Allocation Failure) [PSYoungGen: 67485K->1408K(67584K)] 360629K->294552K(731648K), 0.0020858 secs] [Times: user=0.01 sys=0.00, real=0.00 secs] 
536.516: [GC (Allocation Failure) [PSYoungGen: 67456K->1376K(67584K)] 360600K->294520K(731648K), 0.0035544 secs] [Times: user=0.01 sys=0.00, real=0.01 secs] 
537.077: [GC (Allocation Failure) [PSYoungGen: 67424K->1408K(67584K)] 360568K->294552K(731648K), 0.0034527 secs] [Times: user=0.01 sys=0.00, real=0.00 secs] 
537.651: [GC (Allocation Failure) [PSYoungGen: 67456K->1392K(67584K)] 360600K->294536K(731648K), 0.0046108 secs] [Times: user=0.01 sys=0.01, real=0.00 secs] 
538.311: [GC (Allocation Failure) [PSYoungGen: 67440K->1376K(67584K)] 360584K->294520K(731648K), 0.0037724 secs] [Times: user=0.01 sys=0.00, real=0.00 secs] 
538.602: [GC (Allocation Failure) [PSYoungGen: 67424K->1520K(67584K)] 360568K->294664K(731648K), 0.0022414 secs] [Times: user=0.01 sys=0.00, real=0.00 secs] 
538.728: [GC (Allocation Failure) [PSYoungGen: 67568K->1533K(67584K)] 360712K->294677K(731648K), 0.0014235 secs] [Times: user=0.00 sys=0.00, real=0.00 secs] 
538.843: [GC (Allocation Failure) [PSYoungGen: 67581K->1501K(67584K)] 360725K->294661K(731648K), 0.0015183 secs] [Times: user=0.01 sys=0.00, real=0.00 secs] 
538.961: [GC (Allocation Failure) [PSYoungGen: 67443K->256K(70656K)] 360603K->293416K(734720K), 0.0019201 secs] [Times: user=0.01 sys=0.00, real=0.00 secs] 
539.699: [GC (Allocation Failure) [PSYoungGen: 69376K->1408K(71168K)] 362536K->294568K(735232K), 0.0039244 secs] [Times: user=0.01 sys=0.00, real=0.00 secs] 
540.279: [GC (Allocation Failure) [PSYoungGen: 70528K->1408K(70144K)] 363688K->294568K(734208K), 0.0035112 secs] [Times: user=0.02 sys=0.00, real=0.00 secs] 
540.672: [GC (Allocation Failure) [PSYoungGen: 70016K->1440K(69632K)] 363176K->294600K(733696K), 0.0022066 secs] [Times: user=0.01 sys=0.00, real=0.00 secs] 
540.955: [GC (Allocation Failure) [PSYoungGen: 69536K->1408K(69120K)] 362696K->294568K(733184K), 0.0017015 secs] [Times: user=0.01 sys=0.00, real=0.00 secs] 
541.121: [GC (Allocation Failure) [PSYoungGen: 68992K->1565K(69120K)] 362152K->294725K(733184K), 0.0016379 secs] [Times: user=0.01 sys=0.00, real=0.00 secs] 
541.240: [GC (Allocation Failure) [PSYoungGen: 68637K->477K(67072K)] 361797K->294661K(731136K), 0.0015012 secs] [Times: user=0.01 sys=0.00, real=0.00 secs] 
541.357: [GC (Allocation Failure) [PSYoungGen: 67037K->496K(75264K)] 361221K->294688K(739328K), 0.0014091 secs] [Times: user=0.01 sys=0.00, real=0.00 secs] 
542.126: [GC (Allocation Failure) [PSYoungGen: 73712K->1472K(74240K)] 367904K->295664K(738304K), 0.0037439 secs] [Times: user=0.02 sys=0.00, real=0.01 secs] 
542.726: [GC (Allocation Failure) [PSYoungGen: 74176K->1424K(73728K)] 368368K->295616K(737792K), 0.0024759 secs] [Times: user=0.01 sys=0.00, real=0.01 secs] 
543.433: [GC (Allocation Failure) [PSYoungGen: 73616K->1408K(73216K)] 367808K->295624K(737280K), 0.0023738 secs] [Times: user=0.01 sys=0.00, real=0.00 secs] 
543.860: [GC (Allocation Failure) [PSYoungGen: 73088K->1376K(72704K)] 367304K->295592K(736768K), 0.0020302 secs] [Times: user=0.01 sys=0.00, real=0.00 secs] 
544.156: [GC (Allocation Failure) [PSYoungGen: 72544K->1488K(72192K)] 366760K->295704K(736256K), 0.0018113 secs] [Times: user=0.01 sys=0.00, real=0.01 secs] 
544.282: [GC (Allocation Failure) [PSYoungGen: 72144K->1501K(71680K)] 366360K->295717K(735744K), 0.0015432 secs] [Times: user=0.01 sys=0.00, real=0.00 secs] 
544.406: [GC (Allocation Failure) [PSYoungGen: 71645K->1565K(71680K)] 365861K->295781K(735744K), 0.0014524 secs] [Times: user=0.00 sys=0.00, real=0.01 secs] 
544.529: [GC (Allocation Failure) [PSYoungGen: 71197K->1533K(70656K)] 365413K->295757K(734720K), 0.0014722 secs] [Times: user=0.00 sys=0.00, real=0.00 secs] 
545.720: [GC (Allocation Failure) [PSYoungGen: 70653K->1440K(70144K)] 364877K->295672K(734208K), 0.0038756 secs] [Times: user=0.01 sys=0.00, real=0.00 secs] 
546.426: [GC (Allocation Failure) [PSYoungGen: 70048K->1424K(69632K)] 364280K->295656K(733696K), 0.0034053 secs] [Times: user=0.02 sys=0.00, real=0.01 secs] 
547.325: [GC (Allocation Failure) [PSYoungGen: 69520K->1440K(69120K)] 363752K->295672K(733184K), 0.0063749 secs] [Times: user=0.03 sys=0.00, real=0.01 secs] 
548.228: [GC (Allocation Failure) [PSYoungGen: 69024K->1456K(68608K)] 363256K->295696K(732672K), 0.0029208 secs] [Times: user=0.01 sys=0.00, real=0.00 secs] 
548.646: [GC (Allocation Failure) [PSYoungGen: 68528K->1469K(68096K)] 362768K->295709K(732160K), 0.0019194 secs] [Times: user=0.01 sys=0.00, real=0.01 secs] 
548.806: [GC (Allocation Failure) [PSYoungGen: 68029K->1533K(67584K)] 362269K->295773K(731648K), 0.0020634 secs] [Times: user=0.01 sys=0.00, real=0.01 secs] 
548.956: [GC (Allocation Failure) [PSYoungGen: 67581K->1533K(67584K)] 361821K->295797K(731648K), 0.0015454 secs] [Times: user=0.01 sys=0.00, real=0.01 secs] 
549.073: [GC (Allocation Failure) [PSYoungGen: 67581K->1472K(68096K)] 361845K->295752K(732160K), 0.0014964 secs] [Times: user=0.01 sys=0.00, real=0.00 secs] 
549.827: [GC (Allocation Failure) [PSYoungGen: 67520K->1504K(68096K)] 361800K->295784K(732160K), 0.0032872 secs] [Times: user=0.02 sys=0.00, real=0.01 secs] 
550.651: [GC (Allocation Failure) [PSYoungGen: 67552K->1408K(68096K)] 361832K->295688K(732160K), 0.0028093 secs] [Times: user=0.01 sys=0.00, real=0.00 secs] 
551.732: [GC (Allocation Failure) [PSYoungGen: 67456K->1408K(68096K)] 361736K->295688K(732160K), 0.0034462 secs] [Times: user=0.02 sys=0.00, real=0.00 secs] 
552.738: [GC (Allocation Failure) [PSYoungGen: 67456K->1360K(68096K)] 361736K->295640K(732160K), 0.0032607 secs] [Times: user=0.01 sys=0.00, real=0.00 secs] 
553.893: [GC (Allocation Failure) [PSYoungGen: 67408K->1485K(68096K)] 361688K->295765K(732160K), 0.0024944 secs] [Times: user=0.01 sys=0.00, real=0.00 secs] 
554.107: [GC (Allocation Failure) [PSYoungGen: 67533K->1501K(68096K)] 361813K->295781K(732160K), 0.0018751 secs] [Times: user=0.01 sys=0.00, real=0.00 secs] 
554.237: [GC (Allocation Failure) [PSYoungGen: 67549K->1533K(68096K)] 361829K->295813K(732160K), 0.0015388 secs] [Times: user=0.00 sys=0.00, real=0.00 secs] 
554.352: [GC (Allocation Failure) [PSYoungGen: 67581K->1533K(68096K)] 361861K->295853K(732160K), 0.0015048 secs] [Times: user=0.01 sys=0.00, real=0.00 secs] 
555.226: [GC (Allocation Failure) [PSYoungGen: 67581K->1424K(68096K)] 361901K->295752K(732160K), 0.0039378 secs] [Times: user=0.01 sys=0.00, real=0.01 secs] 
555.621: [GC (Allocation Failure) [PSYoungGen: 67472K->1408K(68096K)] 361800K->295736K(732160K), 0.0021115 secs] [Times: user=0.01 sys=0.00, real=0.00 secs] 
555.895: [GC (Allocation Failure) [PSYoungGen: 67456K->1408K(68096K)] 361784K->295752K(732160K), 0.0016944 secs] [Times: user=0.01 sys=0.00, real=0.01 secs] 
556.169: [GC (Allocation Failure) [PSYoungGen: 67456K->1376K(68096K)] 361800K->295720K(732160K), 0.0018882 secs] [Times: user=0.01 sys=0.00, real=0.00 secs] 
556.522: [GC (Allocation Failure) [PSYoungGen: 67424K->1501K(68096K)] 361768K->295845K(732160K), 0.0018262 secs] [Times: user=0.01 sys=0.00, real=0.00 secs] 
556.679: [GC (Allocation Failure) [PSYoungGen: 67549K->1501K(68096K)] 361893K->295845K(732160K), 0.0017650 secs] [Times: user=0.01 sys=0.00, real=0.00 secs] 
556.842: [GC (Allocation Failure) [PSYoungGen: 67549K->1552K(68096K)] 361893K->295896K(732160K), 0.0022087 secs] [Times: user=0.01 sys=0.00, real=0.00 secs] 
557.019: [GC (Allocation Failure) [PSYoungGen: 67600K->1552K(68096K)] 361944K->295904K(732160K), 0.0021589 secs] [Times: user=0.00 sys=0.00, real=0.00 secs] 
557.705: [GC (Allocation Failure) [PSYoungGen: 67600K->1408K(67584K)] 361952K->295768K(731648K), 0.0026083 secs] [Times: user=0.01 sys=0.00, real=0.01 secs] 
558.668: [GC (Allocation Failure) [PSYoungGen: 67456K->1424K(67584K)] 361816K->295784K(731648K), 0.0026870 secs] [Times: user=0.01 sys=0.00, real=0.00 secs] 
559.211: [GC (Allocation Failure) [PSYoungGen: 67472K->1440K(67584K)] 361832K->295800K(731648K), 0.0019509 secs] [Times: user=0.01 sys=0.00, real=0.00 secs] 
559.752: [GC (Allocation Failure) [PSYoungGen: 67488K->1408K(67584K)] 361848K->295768K(731648K), 0.0023612 secs] [Times: user=0.01 sys=0.00, real=0.00 secs] 
560.362: [GC (Allocation Failure) [PSYoungGen: 67456K->1408K(67584K)] 361816K->295768K(731648K), 0.0020488 secs] [Times: user=0.01 sys=0.00, real=0.00 secs] 
560.546: [GC (Allocation Failure) [PSYoungGen: 67456K->1504K(67584K)] 361816K->295864K(731648K), 0.0015672 secs] [Times: user=0.01 sys=0.00, real=0.01 secs] 
560.661: [GC (Allocation Failure) [PSYoungGen: 67552K->1533K(67584K)] 361912K->295893K(731648K), 0.0014766 secs] [Times: user=0.01 sys=0.00, real=0.00 secs] 
560.776: [GC (Allocation Failure) [PSYoungGen: 67581K->1533K(67584K)] 361941K->295909K(731648K), 0.0015655 secs] [Times: user=0.00 sys=0.00, real=0.01 secs] 
560.919: [GC (Allocation Failure) [PSYoungGen: 67581K->1504K(67584K)] 361957K->296008K(731648K), 0.0014936 secs] [Times: user=0.01 sys=0.00, real=0.00 secs] 
561.192: [GC (Allocation Failure) [PSYoungGen: 67552K->1280K(67584K)] 362056K->295784K(731648K), 0.0016472 secs] [Times: user=0.01 sys=0.00, real=0.00 secs] 
561.466: [GC (Allocation Failure) [PSYoungGen: 67328K->1376K(67584K)] 361832K->295880K(731648K), 0.0015345 secs] [Times: user=0.00 sys=0.01, real=0.01 secs] 
561.739: [GC (Allocation Failure) [PSYoungGen: 67424K->1344K(67584K)] 361928K->295848K(731648K), 0.0020489 secs] [Times: user=0.01 sys=0.00, real=0.00 secs] 
562.022: [GC (Allocation Failure) [PSYoungGen: 67392K->1344K(67584K)] 361896K->295848K(731648K), 0.0021124 secs] [Times: user=0.00 sys=0.00, real=0.00 secs] 
562.204: [GC (Allocation Failure) [PSYoungGen: 67392K->1501K(68096K)] 361896K->297029K(732160K), 0.0015890 secs] [Times: user=0.01 sys=0.00, real=0.00 secs] 
562.320: [GC (Allocation Failure) [PSYoungGen: 67549K->1485K(68096K)] 363077K->297013K(732160K), 0.0014819 secs] [Times: user=0.01 sys=0.00, real=0.00 secs] 
562.435: [GC (Allocation Failure) [PSYoungGen: 67533K->1469K(68096K)] 363061K->297021K(732160K), 0.0014674 secs] [Times: user=0.01 sys=0.00, real=0.00 secs] 
562.550: [GC (Allocation Failure) [PSYoungGen: 67517K->1533K(74752K)] 363069K->297085K(738816K), 0.0017038 secs] [Times: user=0.00 sys=0.00, real=0.00 secs] 
563.870: [GC (Allocation Failure) [PSYoungGen: 74237K->1456K(73728K)] 369789K->297008K(737792K), 0.0037454 secs] [Times: user=0.01 sys=0.00, real=0.00 secs] 
565.000: [GC (Allocation Failure) [PSYoungGen: 73648K->1408K(73216K)] 369200K->296960K(737280K), 0.0032207 secs] [Times: user=0.01 sys=0.00, real=0.00 secs] 
565.770: [GC (Allocation Failure) [PSYoungGen: 73088K->1440K(72704K)] 368640K->296992K(736768K), 0.0019876 secs] [Times: user=0.01 sys=0.00, real=0.00 secs] 
566.345: [GC (Allocation Failure) [PSYoungGen: 72608K->1517K(72192K)] 368160K->297069K(736256K), 0.0020380 secs] [Times: user=0.01 sys=0.00, real=0.01 secs] 
566.492: [GC (Allocation Failure) [PSYoungGen: 72173K->1501K(71680K)] 367725K->297053K(735744K), 0.0015506 secs] [Times: user=0.01 sys=0.00, real=0.00 secs] 
566.633: [GC (Allocation Failure) [PSYoungGen: 71645K->1565K(71680K)] 367197K->297117K(735744K), 0.0018307 secs] [Times: user=0.01 sys=0.00, real=0.00 secs] 
566.787: [GC (Allocation Failure) [PSYoungGen: 71197K->1536K(71168K)] 366749K->297128K(735232K), 0.0016123 secs] [Times: user=0.01 sys=0.00, real=0.00 secs] 
567.352: [GC (Allocation Failure) [PSYoungGen: 70656K->416K(69120K)] 366248K->297032K(733184K), 0.0025727 secs] [Times: user=0.01 sys=0.01, real=0.00 secs] 
568.441: [GC (Allocation Failure) [PSYoungGen: 69024K->384K(70144K)] 365640K->297000K(734208K), 0.0041807 secs] [Times: user=0.01 sys=0.00, real=0.00 secs] 
569.526: [GC (Allocation Failure) [PSYoungGen: 68480K->352K(68608K)] 365096K->296968K(732672K), 0.0028462 secs] [Times: user=0.01 sys=0.00, real=0.01 secs] 
570.716: [GC (Allocation Failure) [PSYoungGen: 67936K->352K(69120K)] 364552K->296968K(733184K), 0.0031434 secs] [Times: user=0.01 sys=0.00, real=0.01 secs] 
571.606: [GC (Allocation Failure) [PSYoungGen: 67424K->1437K(68608K)] 364040K->298053K(732672K), 0.0020967 secs] [Times: user=0.01 sys=0.00, real=0.01 secs] 
571.759: [GC (Allocation Failure) [PSYoungGen: 67997K->1533K(67584K)] 364613K->298149K(731648K), 0.0015601 secs] [Times: user=0.01 sys=0.00, real=0.00 secs] 
571.877: [GC (Allocation Failure) [PSYoungGen: 67581K->1533K(68608K)] 364197K->298149K(732672K), 0.0015354 secs] [Times: user=0.01 sys=0.00, real=0.01 secs] 
571.994: [GC (Allocation Failure) [PSYoungGen: 67581K->1501K(68608K)] 364197K->298117K(732672K), 0.0015353 secs] [Times: user=0.01 sys=0.00, real=0.00 secs] 
572.324: [GC (Allocation Failure) [PSYoungGen: 67549K->1472K(68608K)] 364165K->298096K(732672K), 0.0019134 secs] [Times: user=0.01 sys=0.00, real=0.00 secs] 
572.857: [GC (Allocation Failure) [PSYoungGen: 67520K->1408K(68608K)] 364144K->298032K(732672K), 0.0020574 secs] [Times: user=0.01 sys=0.00, real=0.00 secs] 
573.134: [GC (Allocation Failure) [PSYoungGen: 67456K->1376K(68608K)] 364080K->298000K(732672K), 0.0023616 secs] [Times: user=0.01 sys=0.00, real=0.00 secs] 
573.409: [GC (Allocation Failure) [PSYoungGen: 67424K->1344K(67584K)] 364048K->297968K(731648K), 0.0021497 secs] [Times: user=0.01 sys=0.00, real=0.00 secs] 
573.811: [GC (Allocation Failure) [PSYoungGen: 67392K->1517K(67584K)] 364016K->298141K(731648K), 0.0019316 secs] [Times: user=0.01 sys=0.00, real=0.00 secs] 
573.939: [GC (Allocation Failure) [PSYoungGen: 67053K->1565K(68096K)] 363677K->298189K(732160K), 0.0015036 secs] [Times: user=0.01 sys=0.00, real=0.00 secs] 
574.054: [GC (Allocation Failure) [PSYoungGen: 67101K->1533K(68096K)] 363725K->298157K(732160K), 0.0014744 secs] [Times: user=0.01 sys=0.00, real=0.00 secs] 
574.169: [GC (Allocation Failure) [PSYoungGen: 67069K->1533K(68096K)] 363693K->298165K(732160K), 0.0015598 secs] [Times: user=0.01 sys=0.00, real=0.00 secs] 
574.634: [GC (Allocation Failure) [PSYoungGen: 67069K->1984K(67584K)] 363701K->298640K(731648K), 0.0023703 secs] [Times: user=0.01 sys=0.00, real=0.00 secs] 
575.932: [GC (Allocation Failure) [PSYoungGen: 67520K->1408K(67072K)] 364176K->298064K(731136K), 0.0035598 secs] [Times: user=0.01 sys=0.00, real=0.00 secs] 
577.161: [GC (Allocation Failure) [PSYoungGen: 66944K->1440K(67072K)] 363600K->298096K(731136K), 0.0037734 secs] [Times: user=0.02 sys=0.00, real=0.00 secs] 
577.934: [GC (Allocation Failure) [PSYoungGen: 66976K->1376K(67072K)] 363632K->298032K(731136K), 0.0037271 secs] [Times: user=0.01 sys=0.00, real=0.01 secs] 
578.527: [GC (Allocation Failure) [PSYoungGen: 66912K->1408K(67072K)] 363568K->298064K(731136K), 0.0027643 secs] [Times: user=0.01 sys=0.01, real=0.00 secs] 
578.804: [GC (Allocation Failure) [PSYoungGen: 66944K->1501K(67072K)] 363600K->298157K(731136K), 0.0019856 secs] [Times: user=0.01 sys=0.00, real=0.00 secs] 
578.958: [GC (Allocation Failure) [PSYoungGen: 67037K->1533K(67072K)] 363693K->298189K(731136K), 0.0017941 secs] [Times: user=0.01 sys=0.00, real=0.00 secs] 
579.103: [GC (Allocation Failure) [PSYoungGen: 67069K->1472K(67072K)] 363725K->298144K(731136K), 0.0019088 secs] [Times: user=0.00 sys=0.00, real=0.00 secs] 
579.260: [GC (Allocation Failure) [PSYoungGen: 67008K->1501K(67072K)] 363680K->298173K(731136K), 0.0015747 secs] [Times: user=0.01 sys=0.00, real=0.00 secs] 
580.308: [GC (Allocation Failure) [PSYoungGen: 67037K->1456K(67072K)] 363709K->298128K(731136K), 0.0039657 secs] [Times: user=0.02 sys=0.00, real=0.00 secs] 
581.592: [GC (Allocation Failure) [PSYoungGen: 66992K->1376K(67072K)] 363664K->298048K(731136K), 0.0041486 secs] [Times: user=0.02 sys=0.00, real=0.00 secs] 
582.381: [GC (Allocation Failure) [PSYoungGen: 66912K->1440K(67072K)] 363584K->298112K(731136K), 0.0028558 secs] [Times: user=0.01 sys=0.00, real=0.00 secs] 
583.183: [GC (Allocation Failure) [PSYoungGen: 66976K->1376K(67072K)] 363648K->298048K(731136K), 0.0043694 secs] [Times: user=0.02 sys=0.00, real=0.01 secs] 
584.084: [GC (Allocation Failure) [PSYoungGen: 66912K->1488K(67584K)] 363584K->298160K(731648K), 0.0020072 secs] [Times: user=0.01 sys=0.00, real=0.00 secs] 
584.229: [GC (Allocation Failure) [PSYoungGen: 67024K->1533K(67584K)] 363696K->298205K(731648K), 0.0015334 secs] [Times: user=0.00 sys=0.00, real=0.00 secs] 
584.343: [GC (Allocation Failure) [PSYoungGen: 67069K->1533K(67584K)] 363741K->298213K(731648K), 0.0014736 secs] [Times: user=0.01 sys=0.00, real=0.00 secs] 
584.458: [GC (Allocation Failure) [PSYoungGen: 67069K->1501K(67584K)] 363749K->298181K(731648K), 0.0015394 secs] [Times: user=0.00 sys=0.00, real=0.00 secs] 
585.115: [GC (Allocation Failure) [PSYoungGen: 67037K->1440K(67584K)] 363717K->298120K(731648K), 0.0022620 secs] [Times: user=0.01 sys=0.00, real=0.01 secs] 
585.660: [GC (Allocation Failure) [PSYoungGen: 66976K->1376K(67584K)] 363656K->298072K(731648K), 0.0020784 secs] [Times: user=0.01 sys=0.00, real=0.00 secs] 
586.339: [GC (Allocation Failure) [PSYoungGen: 66912K->1376K(67584K)] 363608K->298072K(731648K), 0.0022220 secs] [Times: user=0.01 sys=0.00, real=0.00 secs] 
586.872: [GC (Allocation Failure) [PSYoungGen: 66912K->1376K(67584K)] 363608K->298072K(731648K), 0.0022373 secs] [Times: user=0.01 sys=0.00, real=0.00 secs] 
587.450: [GC (Allocation Failure) [PSYoungGen: 66912K->1472K(67584K)] 363608K->298168K(731648K), 0.0022345 secs] [Times: user=0.01 sys=0.00, real=0.00 secs] 
587.609: [GC (Allocation Failure) [PSYoungGen: 67008K->1533K(67584K)] 363704K->298229K(731648K), 0.0014752 secs] [Times: user=0.01 sys=0.00, real=0.00 secs] 
587.726: [GC (Allocation Failure) [PSYoungGen: 67069K->1501K(67584K)] 363765K->298197K(731648K), 0.0014836 secs] [Times: user=0.00 sys=0.00, real=0.01 secs] 
587.858: [GC (Allocation Failure) [PSYoungGen: 67037K->1533K(67584K)] 363733K->298245K(731648K), 0.0016963 secs] [Times: user=0.01 sys=0.00, real=0.00 secs] 
588.377: [GC (Allocation Failure) [PSYoungGen: 67069K->1424K(67584K)] 363781K->298152K(731648K), 0.0020502 secs] [Times: user=0.01 sys=0.00, real=0.00 secs] 
589.581: [GC (Allocation Failure) [PSYoungGen: 66960K->1408K(67584K)] 363688K->298136K(731648K), 0.0026455 secs] [Times: user=0.01 sys=0.00, real=0.00 secs] 
590.513: [GC (Allocation Failure) [PSYoungGen: 66944K->1376K(67584K)] 363672K->298104K(731648K), 0.0036630 secs] [Times: user=0.02 sys=0.01, real=0.01 secs] 
591.062: [GC (Allocation Failure) [PSYoungGen: 66912K->1376K(67584K)] 363640K->298104K(731648K), 0.0023568 secs] [Times: user=0.01 sys=0.00, real=0.00 secs] 
591.577: [GC (Allocation Failure) [PSYoungGen: 66912K->1456K(67584K)] 363640K->298184K(731648K), 0.0018609 secs] [Times: user=0.01 sys=0.00, real=0.00 secs] 
591.717: [GC (Allocation Failure) [PSYoungGen: 66992K->1485K(67584K)] 363720K->298213K(731648K), 0.0014312 secs] [Times: user=0.01 sys=0.00, real=0.00 secs] 
591.831: [GC (Allocation Failure) [PSYoungGen: 66990K->1517K(67584K)] 363718K->298245K(731648K), 0.0014783 secs] [Times: user=0.01 sys=0.00, real=0.00 secs] 
591.945: [GC (Allocation Failure) [PSYoungGen: 67025K->1533K(67584K)] 363753K->298269K(731648K), 0.0014462 secs] [Times: user=0.01 sys=0.00, real=0.00 secs] 
592.394: [GC (Allocation Failure) [PSYoungGen: 67069K->1456K(67584K)] 363805K->298192K(731648K), 0.0027662 secs] [Times: user=0.01 sys=0.01, real=0.00 secs] 
593.591: [GC (Allocation Failure) [PSYoungGen: 66992K->1376K(67584K)] 363728K->298112K(731648K), 0.0038077 secs] [Times: user=0.02 sys=0.00, real=0.00 secs] 
594.631: [GC (Allocation Failure) [PSYoungGen: 66912K->1440K(67584K)] 363648K->298176K(731648K), 0.0029532 secs] [Times: user=0.01 sys=0.00, real=0.00 secs] 
595.640: [GC (Allocation Failure) [PSYoungGen: 66976K->1408K(67584K)] 363712K->298144K(731648K), 0.0037768 secs] [Times: user=0.01 sys=0.00, real=0.00 secs] 
596.376: [GC (Allocation Failure) [PSYoungGen: 66944K->1408K(67584K)] 363680K->298168K(731648K), 0.0026500 secs] [Times: user=0.01 sys=0.00, real=0.01 secs] 
596.706: [GC (Allocation Failure) [PSYoungGen: 66944K->1533K(67584K)] 363704K->298293K(731648K), 0.0014739 secs] [Times: user=0.01 sys=0.00, real=0.01 secs] 
596.838: [GC (Allocation Failure) [PSYoungGen: 67069K->1533K(67584K)] 363829K->298293K(731648K), 0.0016138 secs] [Times: user=0.01 sys=0.00, real=0.00 secs] 
596.983: [GC (Allocation Failure) [PSYoungGen: 67069K->1536K(67584K)] 363829K->298304K(731648K), 0.0018156 secs] [Times: user=0.01 sys=0.00, real=0.00 secs] 
597.102: [GC (Allocation Failure) [PSYoungGen: 66829K->224K(67584K)] 363597K->296992K(731648K), 0.0013642 secs] [Times: user=0.01 sys=0.00, real=0.00 secs] 
597.508: [GC (Allocation Failure) [PSYoungGen: 65760K->1408K(67584K)] 362528K->298176K(731648K), 0.0019731 secs] [Times: user=0.01 sys=0.00, real=0.00 secs] 
597.896: [GC (Allocation Failure) [PSYoungGen: 66944K->1376K(67584K)] 363712K->298144K(731648K), 0.0019176 secs] [Times: user=0.01 sys=0.00, real=0.01 secs] 
598.381: [GC (Allocation Failure) [PSYoungGen: 66912K->1376K(67584K)] 363680K->298144K(731648K), 0.0020759 secs] [Times: user=0.00 sys=0.00, real=0.00 secs] 
598.953: [GC (Allocation Failure) [PSYoungGen: 66912K->1376K(67584K)] 363680K->298144K(731648K), 0.0020061 secs] [Times: user=0.01 sys=0.00, real=0.00 secs] 
599.346: [GC (Allocation Failure) [PSYoungGen: 66912K->1565K(67584K)] 363680K->298333K(731648K), 0.0014440 secs] [Times: user=0.00 sys=0.00, real=0.01 secs] 
599.461: [GC (Allocation Failure) [PSYoungGen: 67101K->1568K(67584K)] 363869K->298336K(731648K), 0.0015321 secs] [Times: user=0.01 sys=0.00, real=0.00 secs] 
599.576: [GC (Allocation Failure) [PSYoungGen: 67104K->1501K(67584K)] 363872K->298277K(731648K), 0.0014942 secs] [Times: user=0.00 sys=0.00, real=0.01 secs] 
599.712: [GC (Allocation Failure) [PSYoungGen: 67037K->1504K(67584K)] 363813K->298280K(731648K), 0.0016657 secs] [Times: user=0.01 sys=0.00, real=0.00 secs] 
600.475: [GC (Allocation Failure) [PSYoungGen: 67040K->1440K(67584K)] 363816K->298224K(731648K), 0.0025044 secs] [Times: user=0.01 sys=0.00, real=0.01 secs] 
600.779: [GC (Allocation Failure) [PSYoungGen: 66976K->1408K(67584K)] 363760K->298192K(731648K), 0.0019393 secs] [Times: user=0.01 sys=0.00, real=0.00 secs] 
601.242: [GC (Allocation Failure) [PSYoungGen: 66944K->1376K(67584K)] 363728K->298160K(731648K), 0.0019457 secs] [Times: user=0.01 sys=0.00, real=0.00 secs] 
601.746: [GC (Allocation Failure) [PSYoungGen: 66912K->1440K(67584K)] 363696K->298224K(731648K), 0.0018115 secs] [Times: user=0.01 sys=0.00, real=0.01 secs] 
602.377: [GC (Allocation Failure) [PSYoungGen: 66976K->1533K(67584K)] 363760K->298317K(731648K), 0.0018223 secs] [Times: user=0.01 sys=0.00, real=0.01 secs] 
602.540: [GC (Allocation Failure) [PSYoungGen: 67069K->1533K(67584K)] 363853K->298317K(731648K), 0.0019850 secs] [Times: user=0.01 sys=0.00, real=0.00 secs] 
602.702: [GC (Allocation Failure) [PSYoungGen: 67069K->1533K(67584K)] 363853K->298325K(731648K), 0.0019270 secs] [Times: user=0.01 sys=0.00, real=0.00 secs] 
602.861: [GC (Allocation Failure) [PSYoungGen: 67069K->1501K(67584K)] 363861K->298301K(731648K), 0.0015191 secs] [Times: user=0.01 sys=0.00, real=0.00 secs] 
603.180: [GC (Allocation Failure) [PSYoungGen: 67037K->1440K(67584K)] 363837K->298264K(731648K), 0.0025571 secs] [Times: user=0.01 sys=0.00, real=0.00 secs] 
603.450: [GC (Allocation Failure) [PSYoungGen: 66976K->1408K(67584K)] 363800K->298232K(731648K), 0.0020627 secs] [Times: user=0.01 sys=0.00, real=0.00 secs] 
603.813: [GC (Allocation Failure) [PSYoungGen: 66944K->1408K(67584K)] 363768K->298232K(731648K), 0.0018936 secs] [Times: user=0.00 sys=0.00, real=0.00 secs] 
604.085: [GC (Allocation Failure) [PSYoungGen: 66944K->1408K(67584K)] 363768K->298232K(731648K), 0.0018965 secs] [Times: user=0.01 sys=0.00, real=0.01 secs] 
604.409: [GC (Allocation Failure) [PSYoungGen: 66944K->1501K(67584K)] 363768K->298325K(731648K), 0.0017542 secs] [Times: user=0.00 sys=0.01, real=0.00 secs] 
604.538: [GC (Allocation Failure) [PSYoungGen: 67037K->1469K(67584K)] 363861K->298293K(731648K), 0.0014865 secs] [Times: user=0.01 sys=0.00, real=0.00 secs] 
604.653: [GC (Allocation Failure) [PSYoungGen: 67005K->1469K(67584K)] 363829K->298293K(731648K), 0.0015037 secs] [Times: user=0.00 sys=0.00, real=0.00 secs] 
604.768: [GC (Allocation Failure) [PSYoungGen: 67005K->1472K(67584K)] 363829K->298304K(731648K), 0.0015114 secs] [Times: user=0.01 sys=0.00, real=0.00 secs] 
605.786: [GC (Allocation Failure) [PSYoungGen: 67008K->1472K(67072K)] 363840K->298304K(731136K), 0.0030014 secs] [Times: user=0.01 sys=0.01, real=0.01 secs] 
606.921: [GC (Allocation Failure) [PSYoungGen: 67008K->1376K(67072K)] 363840K->298208K(731136K), 0.0046265 secs] [Times: user=0.02 sys=0.00, real=0.00 secs] 
607.563: [GC (Allocation Failure) [PSYoungGen: 66912K->1440K(67072K)] 363744K->298272K(731136K), 0.0026530 secs] [Times: user=0.01 sys=0.00, real=0.00 secs] 
608.150: [GC (Allocation Failure) [PSYoungGen: 66976K->1408K(67072K)] 363808K->298240K(731136K), 0.0025432 secs] [Times: user=0.01 sys=0.00, real=0.00 secs] 
608.626: [GC (Allocation Failure) [PSYoungGen: 66944K->1488K(67072K)] 363776K->298320K(731136K), 0.0021604 secs] [Times: user=0.01 sys=0.00, real=0.01 secs] 
608.763: [GC (Allocation Failure) [PSYoungGen: 67024K->1501K(67072K)] 363856K->298333K(731136K), 0.0016774 secs] [Times: user=0.01 sys=0.00, real=0.00 secs] 
608.883: [GC (Allocation Failure) [PSYoungGen: 67037K->1504K(67072K)] 363869K->298360K(731136K), 0.0014994 secs] [Times: user=0.00 sys=0.00, real=0.00 secs] 
609.042: [GC (Allocation Failure) [PSYoungGen: 67040K->1536K(67584K)] 363896K->298408K(731648K), 0.0020331 secs] [Times: user=0.01 sys=0.00, real=0.00 secs] 
609.490: [GC (Allocation Failure) [PSYoungGen: 67072K->384K(66048K)] 363944K->298280K(730112K), 0.0020603 secs] [Times: user=0.01 sys=0.00, real=0.00 secs] 
610.336: [GC (Allocation Failure) [PSYoungGen: 65920K->352K(67584K)] 363816K->298248K(731648K), 0.0037745 secs] [Times: user=0.01 sys=0.00, real=0.01 secs] 
611.182: [GC (Allocation Failure) [PSYoungGen: 65888K->352K(66048K)] 363784K->298248K(730112K), 0.0041058 secs] [Times: user=0.01 sys=0.00, real=0.00 secs] 
611.821: [GC (Allocation Failure) [PSYoungGen: 65888K->384K(67584K)] 363784K->298280K(731648K), 0.0024521 secs] [Times: user=0.01 sys=0.00, real=0.00 secs] 
612.205: [GC (Allocation Failure) [PSYoungGen: 65920K->384K(68096K)] 363816K->298280K(732160K), 0.0017345 secs] [Times: user=0.00 sys=0.00, real=0.01 secs] 
612.451: [GC (Allocation Failure) [PSYoungGen: 65920K->1536K(68096K)] 363816K->299432K(732160K), 0.0013931 secs] [Times: user=0.01 sys=0.00, real=0.00 secs] 
612.584: [GC (Allocation Failure) [PSYoungGen: 67072K->1517K(68096K)] 364968K->299413K(732160K), 0.0017639 secs] [Times: user=0.00 sys=0.00, real=0.00 secs] 
612.729: [GC (Allocation Failure) [PSYoungGen: 67053K->1504K(68096K)] 364949K->299424K(732160K), 0.0019680 secs] [Times: user=0.01 sys=0.00, real=0.00 secs] 
612.846: [GC (Allocation Failure) [PSYoungGen: 67040K->1501K(68096K)] 364960K->299421K(732160K), 0.0015294 secs] [Times: user=0.00 sys=0.00, real=0.01 secs] 
613.376: [GC (Allocation Failure) [PSYoungGen: 67037K->1440K(68096K)] 364957K->299368K(732160K), 0.0019433 secs] [Times: user=0.01 sys=0.00, real=0.01 secs] 
614.007: [GC (Allocation Failure) [PSYoungGen: 66976K->1408K(68096K)] 364904K->299336K(732160K), 0.0020757 secs] [Times: user=0.01 sys=0.00, real=0.01 secs] 
614.586: [GC (Allocation Failure) [PSYoungGen: 66944K->1360K(68096K)] 364872K->299288K(732160K), 0.0021433 secs] [Times: user=0.01 sys=0.00, real=0.01 secs] 
615.350: [GC (Allocation Failure) [PSYoungGen: 66896K->1408K(68096K)] 364824K->299336K(732160K), 0.0022920 secs] [Times: user=0.01 sys=0.00, real=0.00 secs] 
615.864: [GC (Allocation Failure) [PSYoungGen: 66944K->1472K(68096K)] 364872K->299400K(732160K), 0.0018181 secs] [Times: user=0.01 sys=0.00, real=0.00 secs] 
616.033: [GC (Allocation Failure) [PSYoungGen: 67008K->1456K(68096K)] 364936K->299384K(732160K), 0.0017259 secs] [Times: user=0.00 sys=0.00, real=0.00 secs] 
616.191: [GC (Allocation Failure) [PSYoungGen: 66977K->1533K(68096K)] 364905K->299469K(732160K), 0.0020298 secs] [Times: user=0.00 sys=0.00, real=0.00 secs] 
616.364: [GC (Allocation Failure) [PSYoungGen: 67069K->1533K(68096K)] 365005K->299469K(732160K), 0.0020382 secs] [Times: user=0.01 sys=0.01, real=0.00 secs] 
617.230: [GC (Allocation Failure) [PSYoungGen: 67069K->1472K(68096K)] 365005K->299408K(732160K), 0.0038847 secs] [Times: user=0.02 sys=0.00, real=0.00 secs] 
617.994: [GC (Allocation Failure) [PSYoungGen: 67008K->1376K(67072K)] 364944K->299312K(731136K), 0.0028588 secs] [Times: user=0.01 sys=0.01, real=0.01 secs] 
618.527: [GC (Allocation Failure) [PSYoungGen: 66912K->1408K(67584K)] 364848K->299344K(731648K), 0.0027350 secs] [Times: user=0.01 sys=0.00, real=0.01 secs] 
618.940: [GC (Allocation Failure) [PSYoungGen: 66944K->1392K(67584K)] 364880K->299328K(731648K), 0.0017350 secs] [Times: user=0.00 sys=0.00, real=0.00 secs] 
619.435: [GC (Allocation Failure) [PSYoungGen: 66928K->1485K(67584K)] 364864K->299421K(731648K), 0.0018767 secs] [Times: user=0.00 sys=0.00, real=0.01 secs] 
619.569: [GC (Allocation Failure) [PSYoungGen: 67021K->1501K(67584K)] 364957K->299437K(731648K), 0.0015126 secs] [Times: user=0.01 sys=0.00, real=0.00 secs] 
619.684: [GC (Allocation Failure) [PSYoungGen: 67037K->1533K(67584K)] 364973K->299469K(731648K), 0.0014543 secs] [Times: user=0.00 sys=0.01, real=0.00 secs] 
619.799: [GC (Allocation Failure) [PSYoungGen: 67069K->1533K(67584K)] 365005K->299485K(731648K), 0.0014434 secs] [Times: user=0.01 sys=0.00, real=0.00 secs] 
620.167: [GC (Allocation Failure) [PSYoungGen: 67069K->1424K(67584K)] 365021K->299376K(731648K), 0.0020657 secs] [Times: user=0.01 sys=0.00, real=0.01 secs] 
620.483: [GC (Allocation Failure) [PSYoungGen: 66960K->1408K(67584K)] 364912K->299360K(731648K), 0.0019268 secs] [Times: user=0.00 sys=0.00, real=0.00 secs] 
620.756: [GC (Allocation Failure) [PSYoungGen: 66944K->1408K(67584K)] 364896K->299360K(731648K), 0.0019287 secs] [Times: user=0.00 sys=0.00, real=0.01 secs] 
621.028: [GC (Allocation Failure) [PSYoungGen: 66944K->1392K(67584K)] 364896K->299344K(731648K), 0.0019514 secs] [Times: user=0.01 sys=0.01, real=0.00 secs] 
621.348: [GC (Allocation Failure) [PSYoungGen: 66928K->1517K(67584K)] 364880K->299469K(731648K), 0.0019135 secs] [Times: user=0.01 sys=0.00, real=0.00 secs] 
621.506: [GC (Allocation Failure) [PSYoungGen: 67053K->1549K(67584K)] 365005K->299501K(731648K), 0.0016952 secs] [Times: user=0.01 sys=0.00, real=0.01 secs] 
621.655: [GC (Allocation Failure) [PSYoungGen: 67085K->1533K(67584K)] 365037K->299485K(731648K), 0.0014965 secs] [Times: user=0.01 sys=0.00, real=0.00 secs] 
621.770: [GC (Allocation Failure) [PSYoungGen: 67069K->1533K(67584K)] 365021K->299493K(731648K), 0.0014305 secs] [Times: user=0.01 sys=0.00, real=0.00 secs] 
622.121: [GC (Allocation Failure) [PSYoungGen: 67069K->1472K(67584K)] 365029K->299456K(731648K), 0.0021994 secs] [Times: user=0.01 sys=0.00, real=0.00 secs] 
622.985: [GC (Allocation Failure) [PSYoungGen: 67008K->1376K(67584K)] 364992K->299360K(731648K), 0.0028145 secs] [Times: user=0.01 sys=0.00, real=0.01 secs] 
623.713: [GC (Allocation Failure) [PSYoungGen: 66912K->1408K(67584K)] 364896K->299392K(731648K), 0.0035534 secs] [Times: user=0.01 sys=0.00, real=0.00 secs] 
624.290: [GC (Allocation Failure) [PSYoungGen: 66944K->1408K(67584K)] 364928K->299392K(731648K), 0.0021779 secs] [Times: user=0.01 sys=0.00, real=0.00 secs] 
624.824: [GC (Allocation Failure) [PSYoungGen: 66944K->1421K(67584K)] 364928K->299405K(731648K), 0.0024134 secs] [Times: user=0.01 sys=0.00, real=0.00 secs] 
625.034: [GC (Allocation Failure) [PSYoungGen: 66957K->1533K(67584K)] 364941K->299517K(731648K), 0.0018344 secs] [Times: user=0.01 sys=0.00, real=0.00 secs] 
625.160: [GC (Allocation Failure) [PSYoungGen: 67069K->1469K(67584K)] 365053K->299453K(731648K), 0.0014733 secs] [Times: user=0.01 sys=0.00, real=0.00 secs] 
625.293: [GC (Allocation Failure) [PSYoungGen: 67005K->1536K(67584K)] 364989K->299544K(731648K), 0.0018467 secs] [Times: user=0.01 sys=0.00, real=0.00 secs] 
625.735: [GC (Allocation Failure) [PSYoungGen: 67072K->1696K(67584K)] 365080K->299704K(731648K), 0.0022602 secs] [Times: user=0.01 sys=0.00, real=0.01 secs] 
626.735: [GC (Allocation Failure) [PSYoungGen: 67232K->1376K(67584K)] 365240K->299384K(731648K), 0.0031631 secs] [Times: user=0.01 sys=0.00, real=0.01 secs] 
627.233: [GC (Allocation Failure) [PSYoungGen: 66912K->1376K(67584K)] 364920K->299384K(731648K), 0.0032445 secs] [Times: user=0.01 sys=0.00, real=0.00 secs] 
627.678: [GC (Allocation Failure) [PSYoungGen: 66912K->1376K(67584K)] 364920K->299384K(731648K), 0.0020746 secs] [Times: user=0.01 sys=0.00, real=0.00 secs] 
628.064: [GC (Allocation Failure) [PSYoungGen: 66912K->1408K(67584K)] 364920K->299416K(731648K), 0.0029680 secs] [Times: user=0.01 sys=0.00, real=0.00 secs] 
628.399: [GC (Allocation Failure) [PSYoungGen: 66944K->1456K(67584K)] 364952K->299464K(731648K), 0.0020737 secs] [Times: user=0.01 sys=0.00, real=0.00 secs] 
628.546: [GC (Allocation Failure) [PSYoungGen: 66992K->1536K(67584K)] 365000K->299544K(731648K), 0.0014898 secs] [Times: user=0.00 sys=0.00, real=0.01 secs] 
628.663: [GC (Allocation Failure) [PSYoungGen: 67072K->1533K(67584K)] 365080K->299557K(731648K), 0.0015244 secs] [Times: user=0.00 sys=0.00, real=0.00 secs] 
628.795: [GC (Allocation Failure) [PSYoungGen: 67069K->1501K(67584K)] 365093K->299525K(731648K), 0.0016161 secs] [Times: user=0.00 sys=0.00, real=0.00 secs] 
629.682: [GC (Allocation Failure) [PSYoungGen: 67037K->1408K(67072K)] 365061K->299432K(731136K), 0.0034028 secs] [Times: user=0.01 sys=0.01, real=0.00 secs] 
630.274: [GC (Allocation Failure) [PSYoungGen: 66944K->1376K(67072K)] 364968K->299400K(731136K), 0.0028405 secs] [Times: user=0.02 sys=0.00, real=0.01 secs] 
630.982: [GC (Allocation Failure) [PSYoungGen: 66912K->1440K(67072K)] 364936K->299464K(731136K), 0.0032440 secs] [Times: user=0.01 sys=0.00, real=0.00 secs] 
631.559: [GC (Allocation Failure) [PSYoungGen: 66976K->1440K(67072K)] 365000K->299464K(731136K), 0.0028197 secs] [Times: user=0.01 sys=0.00, real=0.00 secs] 
632.076: [GC (Allocation Failure) [PSYoungGen: 66976K->1504K(67072K)] 365000K->299528K(731136K), 0.0021545 secs] [Times: user=0.00 sys=0.00, real=0.01 secs] 
632.216: [GC (Allocation Failure) [PSYoungGen: 67040K->1533K(67072K)] 365064K->299557K(731136K), 0.0016282 secs] [Times: user=0.01 sys=0.00, real=0.01 secs] 
632.331: [GC (Allocation Failure) [PSYoungGen: 67069K->1504K(67072K)] 365093K->299568K(731136K), 0.0014773 secs] [Times: user=0.00 sys=0.00, real=0.00 secs] 
632.446: [GC (Allocation Failure) [PSYoungGen: 67040K->1533K(70656K)] 365104K->299597K(734720K), 0.0015999 secs] [Times: user=0.01 sys=0.00, real=0.01 secs] 
633.258: [GC (Allocation Failure) [PSYoungGen: 70141K->1440K(69632K)] 368205K->299528K(733696K), 0.0024639 secs] [Times: user=0.01 sys=0.00, real=0.00 secs] 
633.808: [GC (Allocation Failure) [PSYoungGen: 69536K->1360K(69120K)] 367624K->299448K(733184K), 0.0022279 secs] [Times: user=0.01 sys=0.00, real=0.00 secs] 
634.402: [GC (Allocation Failure) [PSYoungGen: 68944K->1408K(68608K)] 367032K->299496K(732672K), 0.0024414 secs] [Times: user=0.01 sys=0.00, real=0.00 secs] 
634.808: [GC (Allocation Failure) [PSYoungGen: 68480K->1408K(68096K)] 366568K->299496K(732160K), 0.0022742 secs] [Times: user=0.01 sys=0.00, real=0.00 secs] 
635.204: [GC (Allocation Failure) [PSYoungGen: 67968K->1501K(67584K)] 366056K->299589K(731648K), 0.0024385 secs] [Times: user=0.01 sys=0.00, real=0.00 secs] 
635.366: [GC (Allocation Failure) [PSYoungGen: 67549K->1501K(67584K)] 365637K->299589K(731648K), 0.0015419 secs] [Times: user=0.00 sys=0.00, real=0.01 secs] 
635.499: [GC (Allocation Failure) [PSYoungGen: 67549K->1533K(67584K)] 365637K->299621K(731648K), 0.0018594 secs] [Times: user=0.01 sys=0.00, real=0.00 secs] 
635.648: [GC (Allocation Failure) [PSYoungGen: 67581K->1488K(67584K)] 365669K->299616K(731648K), 0.0018722 secs] [Times: user=0.01 sys=0.00, real=0.00 secs] 
636.153: [GC (Allocation Failure) [PSYoungGen: 67536K->1424K(67584K)] 365664K->299552K(731648K), 0.0033436 secs] [Times: user=0.02 sys=0.00, real=0.00 secs] 
636.720: [GC (Allocation Failure) [PSYoungGen: 67472K->1376K(67584K)] 365600K->299504K(731648K), 0.0022894 secs] [Times: user=0.00 sys=0.00, real=0.00 secs] 
636.994: [GC (Allocation Failure) [PSYoungGen: 67424K->1328K(67584K)] 365552K->299456K(731648K), 0.0019665 secs] [Times: user=0.00 sys=0.00, real=0.00 secs] 
637.348: [GC (Allocation Failure) [PSYoungGen: 67376K->1408K(67584K)] 365504K->299536K(731648K), 0.0019537 secs] [Times: user=0.01 sys=0.00, real=0.00 secs] 
637.643: [GC (Allocation Failure) [PSYoungGen: 67456K->1501K(68096K)] 365584K->299629K(732160K), 0.0022098 secs] [Times: user=0.01 sys=0.00, real=0.00 secs] 
637.857: [GC (Allocation Failure) [PSYoungGen: 67549K->1488K(68096K)] 365677K->299616K(732160K), 0.0019908 secs] [Times: user=0.00 sys=0.00, real=0.00 secs] 
638.033: [GC (Allocation Failure) [PSYoungGen: 67536K->1469K(68096K)] 365664K->299597K(732160K), 0.0018545 secs] [Times: user=0.00 sys=0.00, real=0.00 secs] 
638.187: [GC (Allocation Failure) [PSYoungGen: 67517K->1565K(68096K)] 365645K->299709K(732160K), 0.0014959 secs] [Times: user=0.01 sys=0.00, real=0.00 secs] 
638.476: [GC (Allocation Failure) [PSYoungGen: 67613K->1424K(68096K)] 365757K->299568K(732160K), 0.0027035 secs] [Times: user=0.01 sys=0.00, real=0.01 secs] 
638.751: [GC (Allocation Failure) [PSYoungGen: 67472K->1408K(68096K)] 365616K->299552K(732160K), 0.0019959 secs] [Times: user=0.01 sys=0.00, real=0.00 secs] 
639.025: [GC (Allocation Failure) [PSYoungGen: 67456K->1376K(68096K)] 365600K->299520K(732160K), 0.0018949 secs] [Times: user=0.01 sys=0.00, real=0.01 secs] 
639.299: [GC (Allocation Failure) [PSYoungGen: 67424K->1376K(68096K)] 365568K->299520K(732160K), 0.0018625 secs] [Times: user=0.01 sys=0.00, real=0.00 secs] 
639.601: [GC (Allocation Failure) [PSYoungGen: 67424K->1424K(68096K)] 365568K->299568K(732160K), 0.0019068 secs] [Times: user=0.00 sys=0.00, real=0.00 secs] 
639.730: [GC (Allocation Failure) [PSYoungGen: 67472K->1549K(68096K)] 365616K->299693K(732160K), 0.0014589 secs] [Times: user=0.01 sys=0.00, real=0.00 secs] 
639.847: [GC (Allocation Failure) [PSYoungGen: 67597K->1533K(68096K)] 365741K->299677K(732160K), 0.0014499 secs] [Times: user=0.01 sys=0.00, real=0.00 secs] 
639.963: [GC (Allocation Failure) [PSYoungGen: 67581K->1533K(68096K)] 365725K->299685K(732160K), 0.0015013 secs] [Times: user=0.00 sys=0.01, real=0.00 secs] 
640.537: [GC (Allocation Failure) [PSYoungGen: 67581K->1440K(67584K)] 365733K->299592K(731648K), 0.0033201 secs] [Times: user=0.02 sys=0.00, real=0.01 secs] 
641.375: [GC (Allocation Failure) [PSYoungGen: 67488K->1376K(67584K)] 365640K->299528K(731648K), 0.0029399 secs] [Times: user=0.02 sys=0.00, real=0.01 secs] 
642.170: [GC (Allocation Failure) [PSYoungGen: 67424K->1440K(67584K)] 365576K->299592K(731648K), 0.0025385 secs] [Times: user=0.01 sys=0.00, real=0.00 secs] 
642.721: [GC (Allocation Failure) [PSYoungGen: 67488K->1376K(67584K)] 365640K->299552K(731648K), 0.0024121 secs] [Times: user=0.01 sys=0.00, real=0.00 secs] 
643.362: [GC (Allocation Failure) [PSYoungGen: 67424K->1456K(67584K)] 365600K->299632K(731648K), 0.0023223 secs] [Times: user=0.01 sys=0.00, real=0.00 secs] 
643.525: [GC (Allocation Failure) [PSYoungGen: 67504K->1533K(67584K)] 365680K->299709K(731648K), 0.0015515 secs] [Times: user=0.00 sys=0.00, real=0.00 secs] 
643.641: [GC (Allocation Failure) [PSYoungGen: 67581K->1469K(67584K)] 365757K->299645K(731648K), 0.0015314 secs] [Times: user=0.01 sys=0.00, real=0.00 secs] 
643.758: [GC (Allocation Failure) [PSYoungGen: 67517K->1565K(68096K)] 365693K->299757K(732160K), 0.0016234 secs] [Times: user=0.01 sys=0.00, real=0.00 secs] 
643.992: [GC (Allocation Failure) [PSYoungGen: 67613K->464K(66560K)] 365805K->299680K(730624K), 0.0021144 secs] [Times: user=0.00 sys=0.01, real=0.00 secs] 
644.314: [GC (Allocation Failure) [PSYoungGen: 66512K->384K(68096K)] 365728K->299600K(732160K), 0.0018864 secs] [Times: user=0.01 sys=0.00, real=0.00 secs] 
644.589: [GC (Allocation Failure) [PSYoungGen: 66432K->352K(66560K)] 365648K->299568K(730624K), 0.0019742 secs] [Times: user=0.00 sys=0.00, real=0.00 secs] 
644.864: [GC (Allocation Failure) [PSYoungGen: 66400K->320K(68096K)] 365616K->299536K(732160K), 0.0019518 secs] [Times: user=0.01 sys=0.00, real=0.00 secs] 
645.182: [GC (Allocation Failure) [PSYoungGen: 66368K->352K(68608K)] 365584K->299568K(732672K), 0.0018515 secs] [Times: user=0.01 sys=0.00, real=0.00 secs] 
646.147: [GC (Allocation Failure) [PSYoungGen: 66400K->1536K(68608K)] 365616K->300752K(732672K), 0.0020128 secs] [Times: user=0.01 sys=0.00, real=0.01 secs] 
646.271: [GC (Allocation Failure) [PSYoungGen: 67584K->1501K(68608K)] 366800K->300717K(732672K), 0.0015274 secs] [Times: user=0.00 sys=0.00, real=0.00 secs] 
646.387: [GC (Allocation Failure) [PSYoungGen: 67549K->1501K(68608K)] 366765K->300725K(732672K), 0.0015386 secs] [Times: user=0.01 sys=0.00, real=0.01 secs] 
646.502: [GC (Allocation Failure) [PSYoungGen: 67549K->1501K(68608K)] 366773K->300725K(732672K), 0.0018213 secs] [Times: user=0.01 sys=0.00, real=0.00 secs] 
647.107: [GC (Allocation Failure) [PSYoungGen: 67549K->1408K(68608K)] 366773K->300632K(732672K), 0.0021780 secs] [Times: user=0.00 sys=0.00, real=0.00 secs] 
647.627: [GC (Allocation Failure) [PSYoungGen: 67456K->1408K(68608K)] 366680K->300632K(732672K), 0.0028094 secs] [Times: user=0.02 sys=0.00, real=0.00 secs] 
648.200: [GC (Allocation Failure) [PSYoungGen: 67456K->1376K(68608K)] 366680K->300600K(732672K), 0.0031737 secs] [Times: user=0.01 sys=0.00, real=0.00 secs] 
648.823: [GC (Allocation Failure) [PSYoungGen: 67424K->1408K(68608K)] 366648K->300632K(732672K), 0.0026355 secs] [Times: user=0.01 sys=0.00, real=0.00 secs] 
649.142: [GC (Allocation Failure) [PSYoungGen: 67456K->1501K(68608K)] 366680K->300725K(732672K), 0.0015585 secs] [Times: user=0.01 sys=0.00, real=0.00 secs] 
649.258: [GC (Allocation Failure) [PSYoungGen: 67549K->1565K(68608K)] 366773K->300789K(732672K), 0.0014697 secs] [Times: user=0.00 sys=0.00, real=0.00 secs] 
649.376: [GC (Allocation Failure) [PSYoungGen: 67613K->1472K(68608K)] 366837K->300704K(732672K), 0.0014909 secs] [Times: user=0.01 sys=0.00, real=0.01 secs] 
649.492: [GC (Allocation Failure) [PSYoungGen: 67520K->1469K(68608K)] 366752K->300701K(732672K), 0.0016049 secs] [Times: user=0.01 sys=0.00, real=0.00 secs] 
650.201: [GC (Allocation Failure) [PSYoungGen: 67517K->1472K(68608K)] 366749K->300704K(732672K), 0.0021260 secs] [Times: user=0.00 sys=0.00, real=0.00 secs] 
650.639: [GC (Allocation Failure) [PSYoungGen: 67520K->1376K(67584K)] 366752K->300608K(731648K), 0.0021779 secs] [Times: user=0.01 sys=0.00, real=0.00 secs] 
651.159: [GC (Allocation Failure) [PSYoungGen: 67424K->1392K(68096K)] 366656K->300624K(732160K), 0.0020577 secs] [Times: user=0.01 sys=0.00, real=0.00 secs] 
651.657: [GC (Allocation Failure) [PSYoungGen: 67440K->1440K(68096K)] 366672K->300672K(732160K), 0.0036189 secs] [Times: user=0.01 sys=0.01, real=0.00 secs] 
652.248: [GC (Allocation Failure) [PSYoungGen: 67488K->1472K(68096K)] 366720K->300704K(732160K), 0.0022050 secs] [Times: user=0.01 sys=0.00, real=0.00 secs] 
652.399: [GC (Allocation Failure) [PSYoungGen: 67520K->1469K(68096K)] 366752K->300701K(732160K), 0.0015311 secs] [Times: user=0.01 sys=0.00, real=0.00 secs] 
652.515: [GC (Allocation Failure) [PSYoungGen: 67517K->1501K(68096K)] 366749K->300733K(732160K), 0.0015557 secs] [Times: user=0.01 sys=0.01, real=0.00 secs] 
652.647: [GC (Allocation Failure) [PSYoungGen: 67549K->1533K(68096K)] 366781K->300773K(732160K), 0.0016197 secs] [Times: user=0.01 sys=0.00, real=0.01 secs] 
653.673: [GC (Allocation Failure) [PSYoungGen: 67581K->1440K(68096K)] 366821K->300696K(732160K), 0.0025698 secs] [Times: user=0.01 sys=0.00, real=0.00 secs] 
654.075: [GC (Allocation Failure) [PSYoungGen: 67488K->1376K(68096K)] 366744K->300632K(732160K), 0.0019430 secs] [Times: user=0.01 sys=0.00, real=0.01 secs] 
654.780: [GC (Allocation Failure) [PSYoungGen: 67424K->1408K(68096K)] 366680K->300664K(732160K), 0.0025974 secs] [Times: user=0.01 sys=0.00, real=0.00 secs] 
655.672: [GC (Allocation Failure) [PSYoungGen: 67456K->1408K(68096K)] 366712K->300664K(732160K), 0.0020045 secs] [Times: user=0.01 sys=0.00, real=0.00 secs] 
656.384: [GC (Allocation Failure) [PSYoungGen: 67456K->1472K(68096K)] 366712K->300728K(732160K), 0.0020761 secs] [Times: user=0.01 sys=0.00, real=0.00 secs] 
656.537: [GC (Allocation Failure) [PSYoungGen: 67520K->1533K(68096K)] 366776K->300789K(732160K), 0.0015023 secs] [Times: user=0.01 sys=0.00, real=0.00 secs] 
656.669: [GC (Allocation Failure) [PSYoungGen: 67581K->1565K(68096K)] 366837K->300821K(732160K), 0.0018137 secs] [Times: user=0.01 sys=0.00, real=0.00 secs] 
656.817: [GC (Allocation Failure) [PSYoungGen: 67613K->1501K(68096K)] 366869K->300765K(732160K), 0.0016952 secs] [Times: user=0.01 sys=0.00, real=0.01 secs] 
657.977: [GC (Allocation Failure) [PSYoungGen: 67549K->1424K(68096K)] 366813K->300688K(732160K), 0.0035256 secs] [Times: user=0.01 sys=0.00, real=0.00 secs] 
658.833: [GC (Allocation Failure) [PSYoungGen: 67472K->1408K(68096K)] 366736K->300672K(732160K), 0.0025978 secs] [Times: user=0.01 sys=0.00, real=0.00 secs] 
659.470: [GC (Allocation Failure) [PSYoungGen: 67456K->1344K(68096K)] 366720K->300608K(732160K), 0.0019766 secs] [Times: user=0.01 sys=0.00, real=0.00 secs] 
660.272: [GC (Allocation Failure) [PSYoungGen: 67392K->1440K(68096K)] 366656K->300704K(732160K), 0.0031955 secs] [Times: user=0.01 sys=0.00, real=0.00 secs] 
661.012: [GC (Allocation Failure) [PSYoungGen: 67488K->1488K(68096K)] 366752K->300752K(732160K), 0.0024418 secs] [Times: user=0.01 sys=0.00, real=0.00 secs] 
661.171: [GC (Allocation Failure) [PSYoungGen: 67536K->1501K(68096K)] 366800K->300765K(732160K), 0.0016039 secs] [Times: user=0.01 sys=0.00, real=0.00 secs] 
661.287: [GC (Allocation Failure) [PSYoungGen: 67549K->1501K(68096K)] 366813K->300765K(732160K), 0.0014906 secs] [Times: user=0.01 sys=0.00, real=0.01 secs] 
661.402: [GC (Allocation Failure) [PSYoungGen: 67549K->1469K(68096K)] 366813K->300741K(732160K), 0.0016227 secs] [Times: user=0.01 sys=0.00, real=0.00 secs] 
661.808: [GC (Allocation Failure) [PSYoungGen: 67517K->1408K(68096K)] 366789K->300680K(732160K), 0.0021483 secs] [Times: user=0.01 sys=0.00, real=0.00 secs] 
662.872: [GC (Allocation Failure) [PSYoungGen: 67456K->1424K(68096K)] 366728K->300696K(732160K), 0.0029770 secs] [Times: user=0.01 sys=0.00, real=0.00 secs] 
663.472: [GC (Allocation Failure) [PSYoungGen: 67472K->1408K(68096K)] 366744K->300680K(732160K), 0.0024235 secs] [Times: user=0.01 sys=0.00, real=0.00 secs] 
664.150: [GC (Allocation Failure) [PSYoungGen: 67456K->1376K(68096K)] 366728K->300648K(732160K), 0.0023238 secs] [Times: user=0.01 sys=0.00, real=0.00 secs] 
664.856: [GC (Allocation Failure) [PSYoungGen: 67424K->1392K(68096K)] 366696K->300664K(732160K), 0.0028135 secs] [Times: user=0.01 sys=0.00, real=0.01 secs] 
665.042: [GC (Allocation Failure) [PSYoungGen: 67440K->1501K(68096K)] 366712K->300773K(732160K), 0.0015821 secs] [Times: user=0.00 sys=0.00, real=0.00 secs] 
665.159: [GC (Allocation Failure) [PSYoungGen: 67549K->1501K(68096K)] 366821K->300773K(732160K), 0.0016001 secs] [Times: user=0.00 sys=0.00, real=0.00 secs] 
665.299: [GC (Allocation Failure) [PSYoungGen: 67549K->1488K(68096K)] 366821K->300792K(732160K), 0.0016019 secs] [Times: user=0.00 sys=0.00, real=0.00 secs] 
665.661: [GC (Allocation Failure) [PSYoungGen: 67536K->1488K(68096K)] 366840K->300800K(732160K), 0.0027903 secs] [Times: user=0.01 sys=0.00, real=0.00 secs] 
666.292: [GC (Allocation Failure) [PSYoungGen: 67536K->1360K(68096K)] 366848K->300672K(732160K), 0.0022502 secs] [Times: user=0.01 sys=0.00, real=0.00 secs] 
666.568: [GC (Allocation Failure) [PSYoungGen: 67408K->1376K(68096K)] 366720K->300688K(732160K), 0.0018344 secs] [Times: user=0.01 sys=0.00, real=0.00 secs] 
666.842: [GC (Allocation Failure) [PSYoungGen: 67424K->1424K(68096K)] 366736K->300736K(732160K), 0.0017520 secs] [Times: user=0.01 sys=0.00, real=0.00 secs] 
667.397: [GC (Allocation Failure) [PSYoungGen: 67472K->1408K(68096K)] 366784K->300720K(732160K), 0.0021869 secs] [Times: user=0.01 sys=0.00, real=0.01 secs] 
667.620: [GC (Allocation Failure) [PSYoungGen: 67456K->1533K(68096K)] 366768K->300845K(732160K), 0.0014618 secs] [Times: user=0.01 sys=0.00, real=0.00 secs] 
667.737: [GC (Allocation Failure) [PSYoungGen: 67581K->1501K(68096K)] 366893K->300813K(732160K), 0.0014715 secs] [Times: user=0.00 sys=0.00, real=0.00 secs] 
667.852: [GC (Allocation Failure) [PSYoungGen: 67549K->1533K(68096K)] 366861K->300853K(732160K), 0.0014762 secs] [Times: user=0.01 sys=0.00, real=0.00 secs] 
667.977: [GC (Allocation Failure) [PSYoungGen: 67581K->1472K(68096K)] 366901K->300792K(732160K), 0.0018930 secs] [Times: user=0.01 sys=0.00, real=0.00 secs] 
668.599: [GC (Allocation Failure) [PSYoungGen: 67520K->1408K(67584K)] 366840K->300728K(731648K), 0.0020331 secs] [Times: user=0.01 sys=0.01, real=0.00 secs] 
669.160: [GC (Allocation Failure) [PSYoungGen: 67456K->1376K(67584K)] 366776K->300696K(731648K), 0.0023918 secs] [Times: user=0.01 sys=0.00, real=0.00 secs] 
669.713: [GC (Allocation Failure) [PSYoungGen: 67424K->1440K(67584K)] 366744K->300760K(731648K), 0.0021434 secs] [Times: user=0.01 sys=0.00, real=0.00 secs] 
670.289: [GC (Allocation Failure) [PSYoungGen: 67488K->1408K(67584K)] 366808K->300728K(731648K), 0.0024076 secs] [Times: user=0.01 sys=0.00, real=0.00 secs] 
670.606: [GC (Allocation Failure) [PSYoungGen: 67456K->1469K(67584K)] 366776K->300789K(731648K), 0.0014682 secs] [Times: user=0.01 sys=0.00, real=0.01 secs] 
670.723: [GC (Allocation Failure) [PSYoungGen: 67517K->1533K(67584K)] 366837K->300853K(731648K), 0.0015729 secs] [Times: user=0.01 sys=0.00, real=0.00 secs] 
670.857: [GC (Allocation Failure) [PSYoungGen: 67581K->1533K(67584K)] 366901K->300869K(731648K), 0.0018112 secs] [Times: user=0.01 sys=0.00, real=0.01 secs] 
671.007: [GC (Allocation Failure) [PSYoungGen: 67581K->1488K(67584K)] 366917K->300824K(731648K), 0.0018476 secs] [Times: user=0.01 sys=0.00, real=0.01 secs] 
671.689: [GC (Allocation Failure) [PSYoungGen: 67536K->1440K(67584K)] 366872K->300776K(731648K), 0.0019083 secs] [Times: user=0.01 sys=0.00, real=0.00 secs] 
672.199: [GC (Allocation Failure) [PSYoungGen: 67488K->1360K(67584K)] 366824K->300696K(731648K), 0.0021283 secs] [Times: user=0.01 sys=0.00, real=0.00 secs] 
672.741: [GC (Allocation Failure) [PSYoungGen: 67408K->1408K(67584K)] 366744K->300744K(731648K), 0.0032223 secs] [Times: user=0.01 sys=0.00, real=0.00 secs] 
673.280: [GC (Allocation Failure) [PSYoungGen: 67456K->1440K(67584K)] 366792K->300792K(731648K), 0.0035614 secs] [Times: user=0.02 sys=0.00, real=0.00 secs] 
673.766: [GC (Allocation Failure) [PSYoungGen: 67488K->1504K(67584K)] 366840K->300856K(731648K), 0.0020351 secs] [Times: user=0.01 sys=0.00, real=0.01 secs] 
673.911: [GC (Allocation Failure) [PSYoungGen: 67552K->1437K(67584K)] 366904K->300789K(731648K), 0.0015544 secs] [Times: user=0.01 sys=0.00, real=0.00 secs] 
674.026: [GC (Allocation Failure) [PSYoungGen: 67485K->1533K(68096K)] 366837K->300893K(732160K), 0.0014881 secs] [Times: user=0.00 sys=0.01, real=0.01 secs] 
674.141: [GC (Allocation Failure) [PSYoungGen: 67581K->1504K(68096K)] 366941K->300880K(732160K), 0.0015706 secs] [Times: user=0.01 sys=0.00, real=0.00 secs] 
674.404: [GC (Allocation Failure) [PSYoungGen: 67552K->1472K(67584K)] 366928K->300848K(731648K), 0.0020181 secs] [Times: user=0.00 sys=0.00, real=0.00 secs] 
674.679: [GC (Allocation Failure) [PSYoungGen: 67520K->1408K(67584K)] 366896K->300784K(731648K), 0.0020276 secs] [Times: user=0.01 sys=0.00, real=0.00 secs] 
674.996: [GC (Allocation Failure) [PSYoungGen: 67456K->1360K(67584K)] 366832K->300736K(731648K), 0.0018766 secs] [Times: user=0.01 sys=0.00, real=0.01 secs] 
675.271: [GC (Allocation Failure) [PSYoungGen: 67408K->1408K(67584K)] 366784K->300784K(731648K), 0.0020935 secs] [Times: user=0.01 sys=0.00, real=0.00 secs] 
675.696: [GC (Allocation Failure) [PSYoungGen: 67456K->1504K(67584K)] 366832K->300880K(731648K), 0.0017527 secs] [Times: user=0.01 sys=0.00, real=0.01 secs] 
675.823: [GC (Allocation Failure) [PSYoungGen: 67552K->1469K(67584K)] 366928K->300845K(731648K), 0.0015908 secs] [Times: user=0.00 sys=0.00, real=0.00 secs] 
675.956: [GC (Allocation Failure) [PSYoungGen: 67517K->1453K(71168K)] 366893K->300829K(735232K), 0.0136576 secs] [Times: user=0.03 sys=0.00, real=0.02 secs] 
676.121: [GC (Allocation Failure) [PSYoungGen: 71085K->1501K(71680K)] 370461K->300893K(735744K), 0.0016898 secs] [Times: user=0.01 sys=0.00, real=0.00 secs] 
676.494: [GC (Allocation Failure) [PSYoungGen: 71133K->1440K(80896K)] 370525K->300840K(744960K), 0.0021625 secs] [Times: user=0.00 sys=0.00, real=0.00 secs] 
676.825: [GC (Allocation Failure) [PSYoungGen: 80800K->1408K(81408K)] 380200K->300808K(745472K), 0.0017679 secs] [Times: user=0.01 sys=0.00, real=0.00 secs] 
677.154: [GC (Allocation Failure) [PSYoungGen: 80768K->1376K(90112K)] 380168K->300776K(754176K), 0.0019974 secs] [Times: user=0.01 sys=0.00, real=0.00 secs] 
677.626: [GC (Allocation Failure) [PSYoungGen: 89952K->1469K(91136K)] 389352K->300877K(755200K), 0.0020640 secs] [Times: user=0.01 sys=0.00, real=0.01 secs] 
677.802: [GC (Allocation Failure) [PSYoungGen: 90557K->1565K(100352K)] 389965K->300973K(764416K), 0.0017198 secs] [Times: user=0.01 sys=0.00, real=0.00 secs] 
677.974: [GC (Allocation Failure) [PSYoungGen: 99869K->1565K(100352K)] 399277K->300973K(764416K), 0.0015059 secs] [Times: user=0.00 sys=0.00, real=0.00 secs] 
678.319: [GC (Allocation Failure) [PSYoungGen: 99869K->1472K(98816K)] 399277K->300880K(762880K), 0.0022555 secs] [Times: user=0.00 sys=0.01, real=0.00 secs] 
679.149: [GC (Allocation Failure) [PSYoungGen: 98752K->1408K(97792K)] 398160K->300816K(761856K), 0.0022894 secs] [Times: user=0.00 sys=0.01, real=0.00 secs] 
680.127: [GC (Allocation Failure) [PSYoungGen: 97664K->1408K(97280K)] 397072K->300816K(761344K), 0.0019834 secs] [Times: user=0.01 sys=0.00, real=0.00 secs] 
680.910: [GC (Allocation Failure) [PSYoungGen: 97152K->1533K(96768K)] 396560K->300941K(760832K), 0.0019202 secs] [Times: user=0.01 sys=0.00, real=0.00 secs] 
681.097: [GC (Allocation Failure) [PSYoungGen: 96765K->1533K(96256K)] 396173K->300949K(760320K), 0.0015102 secs] [Times: user=0.01 sys=0.01, real=0.01 secs] 
681.265: [GC (Allocation Failure) [PSYoungGen: 96253K->1485K(95744K)] 395669K->300917K(759808K), 0.0019065 secs] [Times: user=0.01 sys=0.00, real=0.00 secs] 
682.491: [GC (Allocation Failure) [PSYoungGen: 95693K->1440K(95232K)] 395125K->300872K(759296K), 0.0023816 secs] [Times: user=0.01 sys=0.00, real=0.00 secs] 
683.352: [GC (Allocation Failure) [PSYoungGen: 95136K->1376K(94720K)] 394568K->300808K(758784K), 0.0022235 secs] [Times: user=0.01 sys=0.00, real=0.00 secs] 
684.193: [GC (Allocation Failure) [PSYoungGen: 94560K->1408K(94208K)] 393992K->300840K(758272K), 0.0020316 secs] [Times: user=0.01 sys=0.00, real=0.00 secs] 
684.722: [GC (Allocation Failure) [PSYoungGen: 94080K->1485K(93696K)] 393512K->300917K(757760K), 0.0018908 secs] [Times: user=0.01 sys=0.00, real=0.00 secs] 
684.882: [GC (Allocation Failure) [PSYoungGen: 93645K->1533K(93184K)] 393077K->300965K(757248K), 0.0015827 secs] [Times: user=0.01 sys=0.00, real=0.00 secs] 
685.070: [GC (Allocation Failure) [PSYoungGen: 93181K->1565K(93184K)] 392613K->300997K(757248K), 0.0019686 secs] [Times: user=0.00 sys=0.00, real=0.00 secs] 
685.966: [GC (Allocation Failure) [PSYoungGen: 92701K->448K(91136K)] 392133K->300936K(755200K), 0.0022579 secs] [Times: user=0.01 sys=0.00, real=0.01 secs] 
687.852: [GC (Allocation Failure) [PSYoungGen: 91072K->352K(92160K)] 391560K->300848K(756224K), 0.0030483 secs] [Times: user=0.02 sys=0.00, real=0.00 secs] 
688.860: [GC (Allocation Failure) [PSYoungGen: 90464K->320K(90112K)] 390960K->300816K(754176K), 0.0018862 secs] [Times: user=0.01 sys=0.00, real=0.00 secs] 
689.289: [GC (Allocation Failure) [PSYoungGen: 89920K->1533K(90624K)] 390416K->302029K(754688K), 0.0018932 secs] [Times: user=0.01 sys=0.01, real=0.00 secs] 
689.457: [GC (Allocation Failure) [PSYoungGen: 90621K->1533K(90112K)] 391117K->302029K(754176K), 0.0017490 secs] [Times: user=0.01 sys=0.00, real=0.01 secs] 
689.611: [GC (Allocation Failure) [PSYoungGen: 90109K->1533K(89600K)] 390605K->302029K(753664K), 0.0015864 secs] [Times: user=0.01 sys=0.00, real=0.00 secs] 
690.989: [GC (Allocation Failure) [PSYoungGen: 89597K->1440K(89088K)] 390093K->301944K(753152K), 0.0023051 secs] [Times: user=0.01 sys=0.00, real=0.00 secs] 
691.353: [GC (Allocation Failure) [PSYoungGen: 88992K->1408K(88576K)] 389496K->301912K(752640K), 0.0019320 secs] [Times: user=0.00 sys=0.00, real=0.00 secs] 
691.757: [GC (Allocation Failure) [PSYoungGen: 88448K->1408K(88064K)] 388952K->301912K(752128K), 0.0019172 secs] [Times: user=0.01 sys=0.00, real=0.00 secs] 
691.987: [GC (Allocation Failure) [PSYoungGen: 87936K->1533K(87552K)] 388440K->302037K(751616K), 0.0015680 secs] [Times: user=0.00 sys=0.00, real=0.00 secs] 
692.136: [GC (Allocation Failure) [PSYoungGen: 87549K->1533K(87040K)] 388053K->302069K(751104K), 0.0015001 secs] [Times: user=0.01 sys=0.00, real=0.01 secs] 
692.284: [GC (Allocation Failure) [PSYoungGen: 87037K->1533K(86528K)] 387573K->302069K(750592K), 0.0015684 secs] [Times: user=0.01 sys=0.00, real=0.00 secs] 
692.778: [GC (Allocation Failure) [PSYoungGen: 86525K->1440K(86016K)] 387061K->301976K(750080K), 0.0022672 secs] [Times: user=0.01 sys=0.00, real=0.00 secs] 
693.323: [GC (Allocation Failure) [PSYoungGen: 85920K->1440K(85504K)] 386456K->301976K(749568K), 0.0021582 secs] [Times: user=0.01 sys=0.00, real=0.00 secs] 
694.020: [GC (Allocation Failure) [PSYoungGen: 85408K->1392K(84992K)] 385944K->301928K(749056K), 0.0018236 secs] [Times: user=0.01 sys=0.00, real=0.00 secs] 
694.648: [GC (Allocation Failure) [PSYoungGen: 84848K->1504K(84480K)] 385384K->302064K(748544K), 0.0021273 secs] [Times: user=0.01 sys=0.00, real=0.00 secs] 
694.873: [GC (Allocation Failure) [PSYoungGen: 84448K->1533K(83968K)] 385008K->302117K(748032K), 0.0019449 secs] [Times: user=0.01 sys=0.00, real=0.00 secs] 
695.036: [GC (Allocation Failure) [PSYoungGen: 83965K->1501K(83456K)] 384549K->302085K(747520K), 0.0016183 secs] [Times: user=0.01 sys=0.00, real=0.01 secs] 
696.103: [GC (Allocation Failure) [PSYoungGen: 83421K->1440K(82944K)] 384005K->302024K(747008K), 0.0036332 secs] [Times: user=0.01 sys=0.00, real=0.00 secs] 
697.388: [GC (Allocation Failure) [PSYoungGen: 82848K->1424K(82432K)] 383432K->302008K(746496K), 0.0037017 secs] [Times: user=0.01 sys=0.00, real=0.00 secs] 
698.229: [GC (Allocation Failure) [PSYoungGen: 82320K->1408K(81920K)] 382904K->301992K(745984K), 0.0029805 secs] [Times: user=0.01 sys=0.00, real=0.00 secs] 
699.041: [GC (Allocation Failure) [PSYoungGen: 81792K->1408K(81408K)] 382376K->302008K(745472K), 0.0030545 secs] [Times: user=0.01 sys=0.00, real=0.00 secs] 
699.700: [GC (Allocation Failure) [PSYoungGen: 81280K->1533K(80896K)] 381880K->302133K(744960K), 0.0017752 secs] [Times: user=0.01 sys=0.00, real=0.00 secs] 
699.850: [GC (Allocation Failure) [PSYoungGen: 80893K->1536K(80896K)] 381493K->302136K(744960K), 0.0016980 secs] [Times: user=0.01 sys=0.00, real=0.00 secs] 
699.987: [GC (Allocation Failure) [PSYoungGen: 80384K->509K(78848K)] 380984K->302133K(742912K), 0.0017567 secs] [Times: user=0.01 sys=0.00, real=0.00 secs] 
701.315: [GC (Allocation Failure) [PSYoungGen: 78845K->1472K(79872K)] 380469K->303096K(743936K), 0.0033565 secs] [Times: user=0.02 sys=0.00, real=0.01 secs] 
702.926: [GC (Allocation Failure) [PSYoungGen: 79296K->1344K(78848K)] 380920K->302968K(742912K), 0.0040179 secs] [Times: user=0.01 sys=0.00, real=0.01 secs] 
703.779: [GC (Allocation Failure) [PSYoungGen: 78656K->1440K(78336K)] 380280K->303064K(742400K), 0.0029086 secs] [Times: user=0.01 sys=0.00, real=0.00 secs] 
704.480: [GC (Allocation Failure) [PSYoungGen: 78240K->1424K(77824K)] 379864K->303048K(741888K), 0.0021674 secs] [Times: user=0.01 sys=0.00, real=0.00 secs] 
704.726: [GC (Allocation Failure) [PSYoungGen: 77712K->1485K(77312K)] 379336K->303109K(741376K), 0.0015227 secs] [Times: user=0.00 sys=0.00, real=0.01 secs] 
704.858: [GC (Allocation Failure) [PSYoungGen: 77261K->1533K(76800K)] 378885K->303157K(740864K), 0.0015067 secs] [Times: user=0.01 sys=0.00, real=0.00 secs] 
704.988: [GC (Allocation Failure) [PSYoungGen: 76797K->1533K(76288K)] 378421K->303157K(740352K), 0.0016145 secs] [Times: user=0.01 sys=0.00, real=0.00 secs] 
705.318: [GC (Allocation Failure) [PSYoungGen: 76285K->1440K(75776K)] 377909K->303064K(739840K), 0.0019119 secs] [Times: user=0.01 sys=0.00, real=0.00 secs] 
705.627: [GC (Allocation Failure) [PSYoungGen: 75680K->1408K(75264K)] 377304K->303032K(739328K), 0.0021300 secs] [Times: user=0.01 sys=0.00, real=0.01 secs] 
705.933: [GC (Allocation Failure) [PSYoungGen: 75136K->1408K(74752K)] 376760K->303032K(738816K), 0.0017434 secs] [Times: user=0.01 sys=0.00, real=0.00 secs] 
706.237: [GC (Allocation Failure) [PSYoungGen: 74624K->1424K(74240K)] 376248K->303072K(738304K), 0.0019814 secs] [Times: user=0.00 sys=0.00, real=0.00 secs] 
706.741: [GC (Allocation Failure) [PSYoungGen: 74128K->1533K(73728K)] 375776K->303181K(737792K), 0.0015131 secs] [Times: user=0.00 sys=0.00, real=0.00 secs] 
706.867: [GC (Allocation Failure) [PSYoungGen: 73725K->1565K(73728K)] 375373K->303213K(737792K), 0.0016295 secs] [Times: user=0.01 sys=0.00, real=0.00 secs] 
707.010: [GC (Allocation Failure) [PSYoungGen: 73219K->445K(71680K)] 374867K->303117K(735744K), 0.0020809 secs] [Times: user=0.01 sys=0.00, real=0.00 secs] 
707.276: [GC (Allocation Failure) [PSYoungGen: 71613K->1984K(72704K)] 374285K->304656K(736768K), 0.0016934 secs] [Times: user=0.01 sys=0.00, real=0.01 secs] 
707.586: [GC (Allocation Failure) [PSYoungGen: 72640K->1408K(71680K)] 375312K->304080K(735744K), 0.0019374 secs] [Times: user=0.01 sys=0.00, real=0.01 secs] 
707.878: [GC (Allocation Failure) [PSYoungGen: 71552K->1344K(71168K)] 374224K->304016K(735232K), 0.0020886 secs] [Times: user=0.01 sys=0.00, real=0.00 secs] 
708.168: [GC (Allocation Failure) [PSYoungGen: 70976K->1392K(70656K)] 373648K->304064K(734720K), 0.0017629 secs] [Times: user=0.00 sys=0.00, real=0.00 secs] 
708.525: [GC (Allocation Failure) [PSYoungGen: 70512K->1453K(70144K)] 373184K->304125K(734208K), 0.0018023 secs] [Times: user=0.00 sys=0.00, real=0.01 secs] 
708.655: [GC (Allocation Failure) [PSYoungGen: 70061K->1533K(69632K)] 372733K->304205K(733696K), 0.0014787 secs] [Times: user=0.00 sys=0.00, real=0.01 secs] 
708.773: [GC (Allocation Failure) [PSYoungGen: 69629K->1517K(69120K)] 372301K->304189K(733184K), 0.0015187 secs] [Times: user=0.00 sys=0.00, real=0.00 secs] 
708.892: [GC (Allocation Failure) [PSYoungGen: 69101K->1501K(76288K)] 371773K->304173K(740352K), 0.0014774 secs] [Times: user=0.01 sys=0.00, real=0.00 secs] 
709.302: [GC (Allocation Failure) [PSYoungGen: 76253K->1472K(75776K)] 378925K->304152K(739840K), 0.0021124 secs] [Times: user=0.00 sys=0.00, real=0.00 secs] 
709.879: [GC (Allocation Failure) [PSYoungGen: 75712K->1376K(75264K)] 378392K->304056K(739328K), 0.0018918 secs] [Times: user=0.01 sys=0.00, real=0.00 secs] 
710.570: [GC (Allocation Failure) [PSYoungGen: 75104K->1408K(74752K)] 377784K->304088K(738816K), 0.0027508 secs] [Times: user=0.01 sys=0.00, real=0.00 secs] 
711.207: [GC (Allocation Failure) [PSYoungGen: 74624K->1376K(74240K)] 377304K->304056K(738304K), 0.0022665 secs] [Times: user=0.01 sys=0.00, real=0.01 secs] 
711.643: [GC (Allocation Failure) [PSYoungGen: 74080K->1533K(73728K)] 376760K->304213K(737792K), 0.0015555 secs] [Times: user=0.00 sys=0.00, real=0.00 secs] 
711.768: [GC (Allocation Failure) [PSYoungGen: 73725K->1565K(73728K)] 376405K->304245K(737792K), 0.0014931 secs] [Times: user=0.00 sys=0.00, real=0.00 secs] 
711.894: [GC (Allocation Failure) [PSYoungGen: 73245K->1533K(72704K)] 375925K->304213K(736768K), 0.0017778 secs] [Times: user=0.01 sys=0.00, real=0.00 secs] 
712.018: [GC (Allocation Failure) [PSYoungGen: 72701K->1533K(72192K)] 375381K->304221K(736256K), 0.0014830 secs] [Times: user=0.01 sys=0.00, real=0.00 secs] 
713.592: [GC (Allocation Failure) [PSYoungGen: 72189K->1440K(71680K)] 374877K->304152K(735744K), 0.0029601 secs] [Times: user=0.01 sys=0.00, real=0.00 secs] 
714.808: [GC (Allocation Failure) [PSYoungGen: 71584K->1376K(71168K)] 374296K->304088K(735232K), 0.0029720 secs] [Times: user=0.01 sys=0.00, real=0.00 secs] 
715.473: [GC (Allocation Failure) [PSYoungGen: 71008K->1440K(70656K)] 373720K->304152K(734720K), 0.0025599 secs] [Times: user=0.01 sys=0.00, real=0.00 secs] 
716.302: [GC (Allocation Failure) [PSYoungGen: 70560K->1408K(70144K)] 373272K->304120K(734208K), 0.0026546 secs] [Times: user=0.01 sys=0.00, real=0.00 secs] 
716.851: [GC (Allocation Failure) [PSYoungGen: 70016K->1565K(70144K)] 372728K->304277K(734208K), 0.0017416 secs] [Times: user=0.01 sys=0.00, real=0.00 secs] 
716.970: [GC (Allocation Failure) [PSYoungGen: 69661K->461K(68096K)] 372373K->304197K(732160K), 0.0016410 secs] [Times: user=0.01 sys=0.00, real=0.00 secs] 
717.088: [GC (Allocation Failure) [PSYoungGen: 68045K->429K(69120K)] 371781K->304165K(733184K), 0.0016206 secs] [Times: user=0.01 sys=0.00, real=0.00 secs] 
717.301: [GC (Allocation Failure) [PSYoungGen: 67501K->1952K(68608K)] 371237K->305688K(732672K), 0.0019088 secs] [Times: user=0.01 sys=0.00, real=0.00 secs] 
717.715: [GC (Allocation Failure) [PSYoungGen: 68512K->1408K(67584K)] 372248K->305152K(731648K), 0.0020189 secs] [Times: user=0.01 sys=0.00, real=0.01 secs] 
718.212: [GC (Allocation Failure) [PSYoungGen: 67456K->1376K(67584K)] 371200K->305120K(731648K), 0.0021226 secs] [Times: user=0.00 sys=0.00, real=0.00 secs] 
718.802: [GC (Allocation Failure) [PSYoungGen: 67424K->1440K(68096K)] 371168K->305184K(732160K), 0.0020391 secs] [Times: user=0.01 sys=0.00, real=0.00 secs] 
719.393: [GC (Allocation Failure) [PSYoungGen: 67488K->1408K(68096K)] 371232K->305152K(732160K), 0.0022011 secs] [Times: user=0.01 sys=0.00, real=0.00 secs] 
719.940: [GC (Allocation Failure) [PSYoungGen: 67456K->1533K(68096K)] 371200K->305277K(732160K), 0.0015799 secs] [Times: user=0.00 sys=0.00, real=0.00 secs] 
720.056: [GC (Allocation Failure) [PSYoungGen: 67571K->1469K(68096K)] 371315K->305213K(732160K), 0.0015511 secs] [Times: user=0.01 sys=0.00, real=0.01 secs] 
720.188: [GC (Allocation Failure) [PSYoungGen: 67517K->1533K(68096K)] 371261K->305277K(732160K), 0.0016389 secs] [Times: user=0.01 sys=0.00, real=0.00 secs] 
720.336: [GC (Allocation Failure) [PSYoungGen: 67581K->1536K(68096K)] 371325K->305304K(732160K), 0.0019805 secs] [Times: user=0.01 sys=0.00, real=0.01 secs] 
721.103: [GC (Allocation Failure) [PSYoungGen: 67584K->1440K(68096K)] 371352K->305208K(732160K), 0.0018927 secs] [Times: user=0.01 sys=0.00, real=0.00 secs] 
721.414: [GC (Allocation Failure) [PSYoungGen: 67488K->1392K(68096K)] 371256K->305160K(732160K), 0.0019910 secs] [Times: user=0.01 sys=0.00, real=0.00 secs] 
721.689: [GC (Allocation Failure) [PSYoungGen: 67440K->1376K(68096K)] 371208K->305144K(732160K), 0.0038208 secs] [Times: user=0.02 sys=0.00, real=0.00 secs] 
721.967: [GC (Allocation Failure) [PSYoungGen: 67424K->1376K(68096K)] 371192K->305144K(732160K), 0.0016644 secs] [Times: user=0.01 sys=0.00, real=0.00 secs] 
722.197: [GC (Allocation Failure) [PSYoungGen: 67424K->1501K(68096K)] 371192K->305269K(732160K), 0.0016392 secs] [Times: user=0.01 sys=0.00, real=0.01 secs] 
722.312: [GC (Allocation Failure) [PSYoungGen: 67519K->1453K(68096K)] 371287K->305221K(732160K), 0.0014473 secs] [Times: user=0.00 sys=0.00, real=0.00 secs] 
722.427: [GC (Allocation Failure) [PSYoungGen: 67501K->1485K(68096K)] 371269K->305261K(732160K), 0.0016135 secs] [Times: user=0.01 sys=0.00, real=0.00 secs] 
722.542: [GC (Allocation Failure) [PSYoungGen: 67533K->1485K(75264K)] 371309K->305277K(739328K), 0.0016020 secs] [Times: user=0.00 sys=0.00, real=0.00 secs] 
722.953: [GC (Allocation Failure) [PSYoungGen: 74701K->1408K(74240K)] 378493K->305200K(738304K), 0.0020440 secs] [Times: user=0.01 sys=0.00, real=0.00 secs] 
723.256: [GC (Allocation Failure) [PSYoungGen: 74112K->1376K(73728K)] 377904K->305168K(737792K), 0.0018178 secs] [Times: user=0.00 sys=0.00, real=0.01 secs] 
723.798: [GC (Allocation Failure) [PSYoungGen: 73568K->1376K(73216K)] 377360K->305168K(737280K), 0.0020772 secs] [Times: user=0.00 sys=0.00, real=0.00 secs] 
724.351: [GC (Allocation Failure) [PSYoungGen: 73056K->1408K(72704K)] 376848K->305200K(736768K), 0.0019311 secs] [Times: user=0.00 sys=0.00, real=0.00 secs] 
724.621: [GC (Allocation Failure) [PSYoungGen: 72576K->1469K(72192K)] 376368K->305261K(736256K), 0.0020141 secs] [Times: user=0.01 sys=0.00, real=0.00 secs] 
724.809: [GC (Allocation Failure) [PSYoungGen: 72125K->1501K(71680K)] 375917K->305293K(735744K), 0.0019169 secs] [Times: user=0.01 sys=0.00, real=0.00 secs] 
724.990: [GC (Allocation Failure) [PSYoungGen: 71632K->1552K(71680K)] 375425K->305344K(735744K), 0.0020283 secs] [Times: user=0.00 sys=0.00, real=0.00 secs] 
725.438: [GC (Allocation Failure) [PSYoungGen: 71184K->1456K(70656K)] 374976K->305248K(734720K), 0.0026665 secs] [Times: user=0.01 sys=0.00, real=0.00 secs] 
726.551: [GC (Allocation Failure) [PSYoungGen: 70576K->1376K(70144K)] 374368K->305168K(734208K), 0.0040609 secs] [Times: user=0.02 sys=0.00, real=0.00 secs] 
727.463: [GC (Allocation Failure) [PSYoungGen: 69984K->1328K(69632K)] 373776K->305120K(733696K), 0.0031626 secs] [Times: user=0.01 sys=0.00, real=0.00 secs] 
728.375: [GC (Allocation Failure) [PSYoungGen: 69424K->1408K(69120K)] 373216K->305200K(733184K), 0.0034201 secs] [Times: user=0.01 sys=0.00, real=0.01 secs] 
729.324: [GC (Allocation Failure) [PSYoungGen: 68992K->1453K(68608K)] 372784K->305245K(732672K), 0.0026765 secs] [Times: user=0.01 sys=0.00, real=0.00 secs] 
729.510: [GC (Allocation Failure) [PSYoungGen: 68525K->1533K(68096K)] 372317K->305325K(732160K), 0.0016279 secs] [Times: user=0.01 sys=0.00, real=0.00 secs] 
729.627: [GC (Allocation Failure) [PSYoungGen: 68093K->1501K(67584K)] 371885K->305293K(731648K), 0.0015260 secs] [Times: user=0.01 sys=0.00, real=0.01 secs] 
729.742: [GC (Allocation Failure) [PSYoungGen: 67549K->1501K(67584K)] 371341K->305293K(731648K), 0.0016344 secs] [Times: user=0.01 sys=0.00, real=0.00 secs] 
730.076: [GC (Allocation Failure) [PSYoungGen: 67549K->1456K(68096K)] 371341K->305248K(732160K), 0.0021708 secs] [Times: user=0.01 sys=0.00, real=0.01 secs] 
730.351: [GC (Allocation Failure) [PSYoungGen: 67504K->1376K(68096K)] 371296K->305168K(732160K), 0.0019063 secs] [Times: user=0.00 sys=0.00, real=0.00 secs] 
730.630: [GC (Allocation Failure) [PSYoungGen: 67424K->1408K(68096K)] 371216K->305200K(732160K), 0.0029947 secs] [Times: user=0.01 sys=0.00, real=0.00 secs] 
730.986: [GC (Allocation Failure) [PSYoungGen: 67456K->1408K(68096K)] 371248K->305200K(732160K), 0.0025452 secs] [Times: user=0.01 sys=0.01, real=0.01 secs] 
731.315: [GC (Allocation Failure) [PSYoungGen: 67456K->1517K(68096K)] 371248K->305309K(732160K), 0.0016938 secs] [Times: user=0.01 sys=0.00, real=0.00 secs] 
731.485: [GC (Allocation Failure) [PSYoungGen: 67565K->1533K(68096K)] 371357K->305325K(732160K), 0.0019120 secs] [Times: user=0.00 sys=0.00, real=0.00 secs] 
731.661: [GC (Allocation Failure) [PSYoungGen: 67581K->1501K(68096K)] 371373K->305293K(732160K), 0.0024476 secs] [Times: user=0.01 sys=0.00, real=0.00 secs] 
731.818: [GC (Allocation Failure) [PSYoungGen: 67549K->1437K(68096K)] 371341K->305237K(732160K), 0.0031375 secs] [Times: user=0.01 sys=0.00, real=0.00 secs] 
732.263: [GC (Allocation Failure) [PSYoungGen: 67485K->1920K(75264K)] 371285K->306248K(739328K), 0.0022972 secs] [Times: user=0.00 sys=0.00, real=0.00 secs] 
733.043: [GC (Allocation Failure) [PSYoungGen: 75136K->1360K(74240K)] 379464K->305712K(738304K), 0.0030969 secs] [Times: user=0.01 sys=0.00, real=0.00 secs] 
733.883: [GC (Allocation Failure) [PSYoungGen: 74064K->1376K(73728K)] 378416K->305728K(737792K), 0.0039812 secs] [Times: user=0.01 sys=0.00, real=0.01 secs] 
734.851: [GC (Allocation Failure) [PSYoungGen: 73568K->1376K(73216K)] 377920K->305736K(737280K), 0.0033936 secs] [Times: user=0.01 sys=0.00, real=0.00 secs] 
735.572: [GC (Allocation Failure) [PSYoungGen: 73056K->1456K(72704K)] 377416K->305824K(736768K), 0.0020860 secs] [Times: user=0.01 sys=0.00, real=0.00 secs] 
735.731: [GC (Allocation Failure) [PSYoungGen: 72611K->1536K(72704K)] 376980K->305904K(736768K), 0.0016386 secs] [Times: user=0.00 sys=0.00, real=0.00 secs] 
735.856: [GC (Allocation Failure) [PSYoungGen: 72192K->445K(70656K)] 376560K->305837K(734720K), 0.0017285 secs] [Times: user=0.01 sys=0.00, real=0.01 secs] 
735.977: [GC (Allocation Failure) [PSYoungGen: 70564K->397K(71680K)] 375956K->305805K(735744K), 0.0016286 secs] [Times: user=0.01 sys=0.00, real=0.00 secs] 
736.313: [GC (Allocation Failure) [PSYoungGen: 70029K->1472K(70656K)] 375437K->306880K(734720K), 0.0020816 secs] [Times: user=0.01 sys=0.00, real=0.00 secs] 
736.601: [GC (Allocation Failure) [PSYoungGen: 70592K->1376K(70144K)] 376000K->306784K(734208K), 0.0020501 secs] [Times: user=0.01 sys=0.00, real=0.00 secs] 
736.886: [GC (Allocation Failure) [PSYoungGen: 69984K->1424K(69632K)] 375392K->306832K(733696K), 0.0018632 secs] [Times: user=0.01 sys=0.00, real=0.01 secs] 
737.169: [GC (Allocation Failure) [PSYoungGen: 69520K->1376K(69120K)] 374928K->306784K(733184K), 0.0020514 secs] [Times: user=0.01 sys=0.00, real=0.00 secs] 
737.445: [GC (Allocation Failure) [PSYoungGen: 68960K->1533K(68608K)] 374368K->306941K(732672K), 0.0014281 secs] [Times: user=0.01 sys=0.00, real=0.00 secs] 
737.581: [GC (Allocation Failure) [PSYoungGen: 68605K->1469K(68096K)] 374013K->306877K(732160K), 0.0020186 secs] [Times: user=0.01 sys=0.00, real=0.00 secs] 
737.737: [GC (Allocation Failure) [PSYoungGen: 68029K->1533K(67584K)] 373437K->306965K(731648K), 0.0017695 secs] [Times: user=0.01 sys=0.00, real=0.01 secs] 
737.894: [GC (Allocation Failure) [PSYoungGen: 67581K->1453K(68608K)] 373013K->306901K(732672K), 0.0017565 secs] [Times: user=0.01 sys=0.00, real=0.00 secs] 
738.910: [GC (Allocation Failure) [PSYoungGen: 68013K->1440K(67584K)] 373461K->306896K(731648K), 0.0052696 secs] [Times: user=0.01 sys=0.00, real=0.00 secs] 
739.794: [GC (Allocation Failure) [PSYoungGen: 67488K->1408K(67584K)] 372944K->306864K(731648K), 0.0045088 secs] [Times: user=0.02 sys=0.00, real=0.01 secs] 
740.297: [GC (Allocation Failure) [PSYoungGen: 67456K->1344K(67584K)] 372912K->306800K(731648K), 0.0017868 secs] [Times: user=0.00 sys=0.00, real=0.00 secs] 
740.602: [GC (Allocation Failure) [PSYoungGen: 67392K->1440K(67584K)] 372848K->306904K(731648K), 0.0020639 secs] [Times: user=0.01 sys=0.00, real=0.00 secs] 
740.887: [GC (Allocation Failure) [PSYoungGen: 67488K->1504K(67584K)] 372952K->306968K(731648K), 0.0013909 secs] [Times: user=0.01 sys=0.00, real=0.00 secs] 
741.002: [GC (Allocation Failure) [PSYoungGen: 67552K->1485K(67584K)] 373016K->306949K(731648K), 0.0016605 secs] [Times: user=0.00 sys=0.00, real=0.00 secs] 
741.118: [GC (Allocation Failure) [PSYoungGen: 67533K->1501K(67584K)] 372997K->306965K(731648K), 0.0014561 secs] [Times: user=0.00 sys=0.00, real=0.00 secs] 
741.232: [GC (Allocation Failure) [PSYoungGen: 67549K->1485K(71168K)] 373013K->306957K(735232K), 0.0015240 secs] [Times: user=0.00 sys=0.00, real=0.00 secs] 
741.745: [GC (Allocation Failure) [PSYoungGen: 70605K->1440K(70144K)] 376077K->306912K(734208K), 0.0023274 secs] [Times: user=0.01 sys=0.00, real=0.01 secs] 
742.326: [GC (Allocation Failure) [PSYoungGen: 70048K->1408K(69632K)] 375520K->306880K(733696K), 0.0023891 secs] [Times: user=0.01 sys=0.00, real=0.01 secs] 
742.991: [GC (Allocation Failure) [PSYoungGen: 69504K->1408K(69120K)] 374976K->306880K(733184K), 0.0026741 secs] [Times: user=0.01 sys=0.00, real=0.00 secs] 
743.790: [GC (Allocation Failure) [PSYoungGen: 68992K->1408K(68608K)] 374464K->306880K(732672K), 0.0039422 secs] [Times: user=0.02 sys=0.00, real=0.00 secs] 
744.496: [GC (Allocation Failure) [PSYoungGen: 68480K->1501K(68096K)] 373952K->306997K(732160K), 0.0020272 secs] [Times: user=0.01 sys=0.00, real=0.01 secs] 
744.676: [GC (Allocation Failure) [PSYoungGen: 68061K->1552K(68096K)] 373557K->307048K(732160K), 0.0021747 secs] [Times: user=0.01 sys=0.00, real=0.01 secs] 
744.825: [GC (Allocation Failure) [PSYoungGen: 67600K->461K(66560K)] 373096K->306981K(730624K), 0.0016030 secs] [Times: user=0.01 sys=0.00, real=0.00 secs] 
744.940: [GC (Allocation Failure) [PSYoungGen: 66509K->429K(68096K)] 373029K->306965K(732160K), 0.0014658 secs] [Times: user=0.01 sys=0.00, real=0.00 secs] 
745.698: [GC (Allocation Failure) [PSYoungGen: 66477K->1440K(67584K)] 373013K->307976K(731648K), 0.0043948 secs] [Times: user=0.02 sys=0.00, real=0.00 secs] 
746.699: [GC (Allocation Failure) [PSYoungGen: 67488K->1408K(67584K)] 374024K->307944K(731648K), 0.0042038 secs] [Times: user=0.01 sys=0.00, real=0.00 secs] 
747.432: [GC (Allocation Failure) [PSYoungGen: 67456K->1376K(67584K)] 373992K->307912K(731648K), 0.0038601 secs] [Times: user=0.02 sys=0.00, real=0.00 secs] 
747.971: [GC (Allocation Failure) [PSYoungGen: 67424K->1408K(67584K)] 373960K->307944K(731648K), 0.0023677 secs] [Times: user=0.01 sys=0.00, real=0.00 secs] 
748.525: [GC (Allocation Failure) [PSYoungGen: 67456K->1488K(67584K)] 373992K->308024K(731648K), 0.0020179 secs] [Times: user=0.01 sys=0.00, real=0.01 secs] 
748.670: [GC (Allocation Failure) [PSYoungGen: 67536K->1533K(67584K)] 374072K->308069K(731648K), 0.0015675 secs] [Times: user=0.00 sys=0.00, real=0.00 secs] 
748.785: [GC (Allocation Failure) [PSYoungGen: 67581K->1533K(68096K)] 374117K->308069K(732160K), 0.0014900 secs] [Times: user=0.01 sys=0.00, real=0.00 secs] 
748.901: [GC (Allocation Failure) [PSYoungGen: 67581K->1565K(68096K)] 374117K->308109K(732160K), 0.0014951 secs] [Times: user=0.00 sys=0.00, real=0.00 secs] 
749.325: [GC (Allocation Failure) [PSYoungGen: 67613K->1472K(68096K)] 374157K->308016K(732160K), 0.0021105 secs] [Times: user=0.01 sys=0.00, real=0.01 secs] 
751.436: [GC (Allocation Failure) [PSYoungGen: 67520K->1408K(68096K)] 374064K->307952K(732160K), 0.0024508 secs] [Times: user=0.01 sys=0.00, real=0.01 secs] 
752.257: [GC (Allocation Failure) [PSYoungGen: 67456K->1440K(68096K)] 374000K->307984K(732160K), 0.0026842 secs] [Times: user=0.01 sys=0.00, real=0.01 secs] 
752.890: [GC (Allocation Failure) [PSYoungGen: 67488K->1408K(68096K)] 374032K->307952K(732160K), 0.0019607 secs] [Times: user=0.01 sys=0.00, real=0.00 secs] 
753.537: [GC (Allocation Failure) [PSYoungGen: 67456K->1456K(68096K)] 374000K->308000K(732160K), 0.0018959 secs] [Times: user=0.01 sys=0.00, real=0.01 secs] 
753.677: [GC (Allocation Failure) [PSYoungGen: 67504K->1485K(68096K)] 374048K->308029K(732160K), 0.0015364 secs] [Times: user=0.00 sys=0.00, real=0.00 secs] 
753.793: [GC (Allocation Failure) [PSYoungGen: 67533K->1501K(68096K)] 374077K->308045K(732160K), 0.0014843 secs] [Times: user=0.01 sys=0.00, real=0.00 secs] 
753.926: [GC (Allocation Failure) [PSYoungGen: 67549K->1533K(68096K)] 374093K->308085K(732160K), 0.0016293 secs] [Times: user=0.00 sys=0.00, real=0.01 secs] 
754.511: [GC (Allocation Failure) [PSYoungGen: 67581K->1440K(68096K)] 374133K->307992K(732160K), 0.0030392 secs] [Times: user=0.02 sys=0.00, real=0.00 secs] 
755.759: [GC (Allocation Failure) [PSYoungGen: 67488K->1376K(68096K)] 374040K->307928K(732160K), 0.0039584 secs] [Times: user=0.02 sys=0.00, real=0.00 secs] 
756.462: [GC (Allocation Failure) [PSYoungGen: 67424K->1376K(68096K)] 373976K->307968K(732160K), 0.0023983 secs] [Times: user=0.01 sys=0.00, real=0.00 secs] 
757.086: [GC (Allocation Failure) [PSYoungGen: 67424K->1408K(68096K)] 374016K->308000K(732160K), 0.0026813 secs] [Times: user=0.01 sys=0.00, real=0.01 secs] 
757.531: [GC (Allocation Failure) [PSYoungGen: 67456K->1376K(68096K)] 374048K->307968K(732160K), 0.0019479 secs] [Times: user=0.00 sys=0.00, real=0.00 secs] 
757.774: [GC (Allocation Failure) [PSYoungGen: 67424K->1501K(68096K)] 374016K->308093K(732160K), 0.0014880 secs] [Times: user=0.01 sys=0.00, real=0.00 secs] 
757.888: [GC (Allocation Failure) [PSYoungGen: 67549K->1536K(68096K)] 374141K->308128K(732160K), 0.0015265 secs] [Times: user=0.01 sys=0.00, real=0.00 secs] 
758.004: [GC (Allocation Failure) [PSYoungGen: 67584K->1469K(68096K)] 374176K->308069K(732160K), 0.0014814 secs] [Times: user=0.01 sys=0.01, real=0.00 secs] 
758.138: [GC (Allocation Failure) [PSYoungGen: 67517K->352K(68096K)] 374117K->306952K(732160K), 0.0015386 secs] [Times: user=0.01 sys=0.00, real=0.00 secs] 
759.123: [GC (Allocation Failure) [PSYoungGen: 66400K->1424K(68096K)] 373000K->308024K(732160K), 0.0027260 secs] [Times: user=0.01 sys=0.00, real=0.00 secs] 
760.057: [GC (Allocation Failure) [PSYoungGen: 67472K->1392K(68096K)] 374072K->307992K(732160K), 0.0024844 secs] [Times: user=0.01 sys=0.00, real=0.00 secs] 
760.889: [GC (Allocation Failure) [PSYoungGen: 67440K->1440K(68096K)] 374040K->308040K(732160K), 0.0037177 secs] [Times: user=0.01 sys=0.00, real=0.00 secs] 
761.722: [GC (Allocation Failure) [PSYoungGen: 67488K->1408K(68096K)] 374088K->308008K(732160K), 0.0037861 secs] [Times: user=0.02 sys=0.01, real=0.00 secs] 
762.119: [GC (Allocation Failure) [PSYoungGen: 67456K->1501K(68096K)] 374056K->308101K(732160K), 0.0018467 secs] [Times: user=0.01 sys=0.00, real=0.00 secs] 
762.252: [GC (Allocation Failure) [PSYoungGen: 67549K->1501K(68096K)] 374149K->308101K(732160K), 0.0014672 secs] [Times: user=0.00 sys=0.00, real=0.00 secs] 
762.366: [GC (Allocation Failure) [PSYoungGen: 67519K->1533K(68096K)] 374120K->308141K(732160K), 0.0014311 secs] [Times: user=0.01 sys=0.00, real=0.01 secs] 
762.482: [GC (Allocation Failure) [PSYoungGen: 67581K->1501K(68096K)] 374189K->308109K(732160K), 0.0014616 secs] [Times: user=0.00 sys=0.00, real=0.00 secs] 
763.205: [GC (Allocation Failure) [PSYoungGen: 67549K->1440K(68096K)] 374157K->308048K(732160K), 0.0023056 secs] [Times: user=0.01 sys=0.00, real=0.01 secs] 
763.688: [GC (Allocation Failure) [PSYoungGen: 67488K->1360K(68096K)] 374096K->307968K(732160K), 0.0018161 secs] [Times: user=0.01 sys=0.00, real=0.00 secs] 
764.009: [GC (Allocation Failure) [PSYoungGen: 67408K->1376K(68096K)] 374016K->307984K(732160K), 0.0016951 secs] [Times: user=0.01 sys=0.00, real=0.00 secs] 
764.333: [GC (Allocation Failure) [PSYoungGen: 67424K->1424K(68096K)] 374032K->308048K(732160K), 0.0018716 secs] [Times: user=0.01 sys=0.00, real=0.00 secs] 
764.655: [GC (Allocation Failure) [PSYoungGen: 67472K->1421K(68096K)] 374096K->308045K(732160K), 0.0016992 secs] [Times: user=0.01 sys=0.00, real=0.00 secs] 
764.777: [GC (Allocation Failure) [PSYoungGen: 67469K->1501K(68096K)] 374093K->308125K(732160K), 0.0014806 secs] [Times: user=0.01 sys=0.00, real=0.00 secs] 
764.893: [GC (Allocation Failure) [PSYoungGen: 67549K->1504K(68096K)] 374173K->308128K(732160K), 0.0014904 secs] [Times: user=0.01 sys=0.00, real=0.00 secs] 
765.010: [GC (Allocation Failure) [PSYoungGen: 67552K->1501K(68096K)] 374176K->308141K(732160K), 0.0015388 secs] [Times: user=0.01 sys=0.00, real=0.00 secs] 
765.565: [GC (Allocation Failure) [PSYoungGen: 67549K->1408K(68096K)] 374189K->308048K(732160K), 0.0021082 secs] [Times: user=0.01 sys=0.00, real=0.01 secs] 
765.982: [GC (Allocation Failure) [PSYoungGen: 67456K->1408K(68096K)] 374096K->308048K(732160K), 0.0019913 secs] [Times: user=0.01 sys=0.00, real=0.00 secs] 
766.538: [GC (Allocation Failure) [PSYoungGen: 67456K->1376K(68096K)] 374096K->308016K(732160K), 0.0020343 secs] [Times: user=0.00 sys=0.00, real=0.00 secs] 
767.251: [GC (Allocation Failure) [PSYoungGen: 67424K->1376K(68096K)] 374064K->308016K(732160K), 0.0023361 secs] [Times: user=0.01 sys=0.00, real=0.00 secs] 
767.767: [GC (Allocation Failure) [PSYoungGen: 67424K->1533K(68096K)] 374064K->308181K(732160K), 0.0018741 secs] [Times: user=0.00 sys=0.00, real=0.01 secs] 
767.891: [GC (Allocation Failure) [PSYoungGen: 67581K->1533K(68096K)] 374229K->308181K(732160K), 0.0015045 secs] [Times: user=0.01 sys=0.00, real=0.00 secs] 
768.006: [GC (Allocation Failure) [PSYoungGen: 67581K->1533K(68096K)] 374229K->308181K(732160K), 0.0014670 secs] [Times: user=0.01 sys=0.00, real=0.01 secs] 
768.121: [GC (Allocation Failure) [PSYoungGen: 67581K->1485K(68096K)] 374229K->308149K(732160K), 0.0018296 secs] [Times: user=0.01 sys=0.00, real=0.00 secs] 
768.439: [GC (Allocation Failure) [PSYoungGen: 67533K->1440K(68096K)] 374197K->308104K(732160K), 0.0020564 secs] [Times: user=0.00 sys=0.00, real=0.00 secs] 
768.995: [GC (Allocation Failure) [PSYoungGen: 67488K->1408K(68096K)] 374152K->308072K(732160K), 0.0019962 secs] [Times: user=0.01 sys=0.00, real=0.01 secs] 
769.519: [GC (Allocation Failure) [PSYoungGen: 67456K->1408K(68096K)] 374120K->308072K(732160K), 0.0021422 secs] [Times: user=0.01 sys=0.01, real=0.00 secs] 
770.062: [GC (Allocation Failure) [PSYoungGen: 67456K->1408K(68096K)] 374120K->308072K(732160K), 0.0021704 secs] [Times: user=0.01 sys=0.00, real=0.00 secs] 
770.846: [GC (Allocation Failure) [PSYoungGen: 67456K->1437K(68096K)] 374120K->308101K(732160K), 0.0020893 secs] [Times: user=0.01 sys=0.00, real=0.01 secs] 
770.998: [GC (Allocation Failure) [PSYoungGen: 67485K->1501K(68096K)] 374149K->308165K(732160K), 0.0015098 secs] [Times: user=0.01 sys=0.00, real=0.00 secs] 
771.113: [GC (Allocation Failure) [PSYoungGen: 67549K->1565K(68096K)] 374213K->308229K(732160K), 0.0014692 secs] [Times: user=0.01 sys=0.00, real=0.00 secs] 
771.229: [GC (Allocation Failure) [PSYoungGen: 67613K->1533K(68096K)] 374277K->308205K(732160K), 0.0014405 secs] [Times: user=0.01 sys=0.00, real=0.00 secs] 
771.558: [GC (Allocation Failure) [PSYoungGen: 67581K->1408K(68096K)] 374253K->308080K(732160K), 0.0019204 secs] [Times: user=0.00 sys=0.00, real=0.00 secs] 
771.903: [GC (Allocation Failure) [PSYoungGen: 67456K->1408K(68096K)] 374128K->308080K(732160K), 0.0020292 secs] [Times: user=0.01 sys=0.00, real=0.00 secs] 
772.194: [GC (Allocation Failure) [PSYoungGen: 67456K->1424K(68096K)] 374128K->308096K(732160K), 0.0019293 secs] [Times: user=0.01 sys=0.00, real=0.00 secs] 
772.597: [GC (Allocation Failure) [PSYoungGen: 67472K->1408K(68096K)] 374144K->308104K(732160K), 0.0018274 secs] [Times: user=0.01 sys=0.00, real=0.01 secs] 
773.036: [GC (Allocation Failure) [PSYoungGen: 67456K->1453K(68096K)] 374152K->308149K(732160K), 0.0020244 secs] [Times: user=0.01 sys=0.00, real=0.01 secs] 
773.221: [GC (Allocation Failure) [PSYoungGen: 67501K->1501K(68096K)] 374197K->308197K(732160K), 0.0020366 secs] [Times: user=0.01 sys=0.00, real=0.00 secs] 
773.376: [GC (Allocation Failure) [PSYoungGen: 67549K->1504K(68096K)] 374245K->308200K(732160K), 0.0015700 secs] [Times: user=0.01 sys=0.00, real=0.01 secs] 
773.491: [GC (Allocation Failure) [PSYoungGen: 67552K->1565K(68096K)] 374248K->308285K(732160K), 0.0015582 secs] [Times: user=0.00 sys=0.00, real=0.00 secs] 
773.947: [GC (Allocation Failure) [PSYoungGen: 67613K->1472K(68096K)] 374333K->308192K(732160K), 0.0022620 secs] [Times: user=0.01 sys=0.00, real=0.01 secs] 
774.688: [GC (Allocation Failure) [PSYoungGen: 67520K->1376K(68096K)] 374240K->308096K(732160K), 0.0027345 secs] [Times: user=0.02 sys=0.00, real=0.00 secs] 
775.325: [GC (Allocation Failure) [PSYoungGen: 67424K->1440K(68096K)] 374144K->308160K(732160K), 0.0021655 secs] [Times: user=0.01 sys=0.00, real=0.01 secs] 
775.848: [GC (Allocation Failure) [PSYoungGen: 67488K->1408K(68096K)] 374208K->308128K(732160K), 0.0021374 secs] [Times: user=0.01 sys=0.00, real=0.00 secs] 
776.340: [GC (Allocation Failure) [PSYoungGen: 67456K->1408K(68096K)] 374176K->308128K(732160K), 0.0023118 secs] [Times: user=0.01 sys=0.00, real=0.00 secs] 
776.567: [GC (Allocation Failure) [PSYoungGen: 67456K->1501K(68096K)] 374176K->308221K(732160K), 0.0014965 secs] [Times: user=0.01 sys=0.00, real=0.00 secs] 
776.682: [GC (Allocation Failure) [PSYoungGen: 67527K->1501K(68096K)] 374248K->308221K(732160K), 0.0014858 secs] [Times: user=0.00 sys=0.00, real=0.00 secs] 
776.797: [GC (Allocation Failure) [PSYoungGen: 67549K->1504K(68096K)] 374269K->308232K(732160K), 0.0015904 secs] [Times: user=0.01 sys=0.00, real=0.00 secs] 
776.914: [GC (Allocation Failure) [PSYoungGen: 67552K->1440K(68096K)] 374280K->308168K(732160K), 0.0014599 secs] [Times: user=0.01 sys=0.00, real=0.00 secs] 
777.585: [GC (Allocation Failure) [PSYoungGen: 67488K->1440K(67584K)] 374216K->308168K(731648K), 0.0021248 secs] [Times: user=0.01 sys=0.00, real=0.01 secs] 
778.130: [GC (Allocation Failure) [PSYoungGen: 67488K->1408K(67584K)] 374216K->308136K(731648K), 0.0022554 secs] [Times: user=0.01 sys=0.00, real=0.00 secs] 
778.658: [GC (Allocation Failure) [PSYoungGen: 67456K->1408K(67584K)] 374184K->308136K(731648K), 0.0018416 secs] [Times: user=0.01 sys=0.00, real=0.00 secs] 
779.198: [GC (Allocation Failure) [PSYoungGen: 67456K->1408K(67584K)] 374184K->308136K(731648K), 0.0023107 secs] [Times: user=0.01 sys=0.00, real=0.00 secs] 
779.579: [GC (Allocation Failure) [PSYoungGen: 67456K->1533K(67584K)] 374184K->308261K(731648K), 0.0015221 secs] [Times: user=0.01 sys=0.00, real=0.00 secs] 
779.694: [GC (Allocation Failure) [PSYoungGen: 67565K->1501K(67584K)] 374294K->308229K(731648K), 0.0018013 secs] [Times: user=0.01 sys=0.00, real=0.00 secs] 
779.810: [GC (Allocation Failure) [PSYoungGen: 67549K->1485K(67584K)] 374277K->308229K(731648K), 0.0017048 secs] [Times: user=0.01 sys=0.00, real=0.00 secs] 
779.925: [GC (Allocation Failure) [PSYoungGen: 67533K->1485K(71168K)] 374277K->308229K(735232K), 0.0015579 secs] [Times: user=0.00 sys=0.00, real=0.00 secs] 
780.347: [GC (Allocation Failure) [PSYoungGen: 70605K->1440K(70144K)] 377349K->308192K(734208K), 0.0020105 secs] [Times: user=0.00 sys=0.00, real=0.01 secs] 
780.820: [GC (Allocation Failure) [PSYoungGen: 70048K->1408K(69632K)] 376800K->308160K(733696K), 0.0019564 secs] [Times: user=0.01 sys=0.00, real=0.00 secs] 
781.655: [GC (Allocation Failure) [PSYoungGen: 69504K->1456K(69120K)] 376256K->308208K(733184K), 0.0026851 secs] [Times: user=0.02 sys=0.00, real=0.01 secs] 
782.488: [GC (Allocation Failure) [PSYoungGen: 69040K->1440K(68608K)] 375792K->308192K(732672K), 0.0029470 secs] [Times: user=0.01 sys=0.00, real=0.00 secs] 
783.095: [GC (Allocation Failure) [PSYoungGen: 68512K->1501K(68096K)] 375264K->308253K(732160K), 0.0021435 secs] [Times: user=0.01 sys=0.00, real=0.01 secs] 
783.226: [GC (Allocation Failure) [PSYoungGen: 68061K->1485K(67584K)] 374813K->308237K(731648K), 0.0015873 secs] [Times: user=0.00 sys=0.00, real=0.01 secs] 
783.358: [GC (Allocation Failure) [PSYoungGen: 67533K->1533K(67584K)] 374285K->308317K(731648K), 0.0018343 secs] [Times: user=0.01 sys=0.00, real=0.00 secs] 
783.504: [GC (Allocation Failure) [PSYoungGen: 67581K->1565K(71680K)] 374365K->308373K(735744K), 0.0019781 secs] [Times: user=0.00 sys=0.00, real=0.00 secs] 
784.567: [GC (Allocation Failure) [PSYoungGen: 71197K->1408K(70656K)] 378005K->308216K(734720K), 0.0023807 secs] [Times: user=0.01 sys=0.00, real=0.00 secs] 
784.851: [GC (Allocation Failure) [PSYoungGen: 70528K->1424K(70144K)] 377336K->308232K(734208K), 0.0019503 secs] [Times: user=0.00 sys=0.00, real=0.00 secs] 
785.259: [GC (Allocation Failure) [PSYoungGen: 70032K->1376K(69632K)] 376840K->308184K(733696K), 0.0021419 secs] [Times: user=0.01 sys=0.00, real=0.00 secs] 
785.882: [GC (Allocation Failure) [PSYoungGen: 69472K->1376K(69120K)] 376280K->308184K(733184K), 0.0020912 secs] [Times: user=0.00 sys=0.00, real=0.00 secs] 
786.251: [GC (Allocation Failure) [PSYoungGen: 68960K->1533K(68608K)] 375768K->308341K(732672K), 0.0017097 secs] [Times: user=0.00 sys=0.00, real=0.00 secs] 
786.408: [GC (Allocation Failure) [PSYoungGen: 68605K->1488K(68096K)] 375413K->308296K(732160K), 0.0025103 secs] [Times: user=0.01 sys=0.00, real=0.00 secs] 
786.564: [GC (Allocation Failure) [PSYoungGen: 68048K->1533K(67584K)] 374856K->308341K(731648K), 0.0017410 secs] [Times: user=0.01 sys=0.00, real=0.00 secs] 
786.717: [GC (Allocation Failure) [PSYoungGen: 67581K->1501K(67584K)] 374389K->308325K(731648K), 0.0015720 secs] [Times: user=0.00 sys=0.00, real=0.01 secs] 
787.429: [GC (Allocation Failure) [PSYoungGen: 67549K->1408K(67584K)] 374373K->308232K(731648K), 0.0028183 secs] [Times: user=0.01 sys=0.01, real=0.00 secs] 
787.754: [GC (Allocation Failure) [PSYoungGen: 67456K->1440K(67584K)] 374280K->308264K(731648K), 0.0021260 secs] [Times: user=0.01 sys=0.00, real=0.00 secs] 
788.224: [GC (Allocation Failure) [PSYoungGen: 67488K->1408K(67584K)] 374312K->308232K(731648K), 0.0018502 secs] [Times: user=0.01 sys=0.00, real=0.00 secs] 
788.731: [GC (Allocation Failure) [PSYoungGen: 67456K->1376K(67584K)] 374280K->308200K(731648K), 0.0017811 secs] [Times: user=0.01 sys=0.00, real=0.00 secs] 
789.144: [GC (Allocation Failure) [PSYoungGen: 67424K->1453K(67584K)] 374248K->308277K(731648K), 0.0015009 secs] [Times: user=0.00 sys=0.00, real=0.00 secs] 
789.260: [GC (Allocation Failure) [PSYoungGen: 67501K->1501K(68096K)] 374325K->308325K(732160K), 0.0014909 secs] [Times: user=0.01 sys=0.00, real=0.00 secs] 
789.393: [GC (Allocation Failure) [PSYoungGen: 67549K->1565K(68096K)] 374373K->308389K(732160K), 0.0018364 secs] [Times: user=0.01 sys=0.00, real=0.00 secs] 
789.514: [GC (Allocation Failure) [PSYoungGen: 67613K->1517K(68096K)] 374437K->308349K(732160K), 0.0015711 secs] [Times: user=0.00 sys=0.00, real=0.00 secs] 
790.189: [GC (Allocation Failure) [PSYoungGen: 67565K->1440K(67584K)] 374397K->308272K(731648K), 0.0026612 secs] [Times: user=0.01 sys=0.00, real=0.00 secs] 
790.621: [GC (Allocation Failure) [PSYoungGen: 67488K->1408K(67584K)] 374320K->308240K(731648K), 0.0022867 secs] [Times: user=0.01 sys=0.00, real=0.00 secs] 
790.994: [GC (Allocation Failure) [PSYoungGen: 67456K->1376K(67584K)] 374288K->308208K(731648K), 0.0019160 secs] [Times: user=0.01 sys=0.01, real=0.00 secs] 
792.134: [GC (Allocation Failure) [PSYoungGen: 67424K->1408K(67584K)] 374256K->308240K(731648K), 0.0035114 secs] [Times: user=0.02 sys=0.00, real=0.01 secs] 
792.998: [GC (Allocation Failure) [PSYoungGen: 67456K->1504K(67584K)] 374288K->308352K(731648K), 0.0023402 secs] [Times: user=0.01 sys=0.00, real=0.00 secs] 
793.194: [GC (Allocation Failure) [PSYoungGen: 67552K->1533K(67584K)] 374400K->308381K(731648K), 0.0022498 secs] [Times: user=0.01 sys=0.00, real=0.00 secs] 
793.347: [GC (Allocation Failure) [PSYoungGen: 67581K->1472K(71168K)] 374429K->308320K(735232K), 0.0044736 secs] [Times: user=0.02 sys=0.00, real=0.00 secs] 
793.496: [GC (Allocation Failure) [PSYoungGen: 71104K->1565K(71680K)] 377952K->308437K(735744K), 0.0020619 secs] [Times: user=0.01 sys=0.00, real=0.01 secs] 
794.651: [GC (Allocation Failure) [PSYoungGen: 71197K->1424K(78848K)] 378069K->308296K(742912K), 0.0027798 secs] [Times: user=0.01 sys=0.00, real=0.00 secs] 
794.957: [GC (Allocation Failure) [PSYoungGen: 78736K->1424K(78336K)] 385608K->308296K(742400K), 0.0019804 secs] [Times: user=0.00 sys=0.01, real=0.00 secs] 
795.293: [GC (Allocation Failure) [PSYoungGen: 78224K->1376K(77824K)] 385096K->308248K(741888K), 0.0019075 secs] [Times: user=0.01 sys=0.00, real=0.00 secs] 
795.688: [GC (Allocation Failure) [PSYoungGen: 77664K->1376K(77312K)] 384536K->308248K(741376K), 0.0017997 secs] [Times: user=0.00 sys=0.00, real=0.00 secs] 
795.953: [GC (Allocation Failure) [PSYoungGen: 77152K->1501K(76800K)] 384024K->308373K(740864K), 0.0015828 secs] [Times: user=0.01 sys=0.00, real=0.00 secs] 
796.086: [GC (Allocation Failure) [PSYoungGen: 76765K->1485K(76288K)] 383637K->308357K(740352K), 0.0016049 secs] [Times: user=0.01 sys=0.00, real=0.01 secs] 
796.238: [GC (Allocation Failure) [PSYoungGen: 76237K->1533K(75776K)] 383109K->308405K(739840K), 0.0018154 secs] [Times: user=0.00 sys=0.00, real=0.00 secs] 
797.897: [GC (Allocation Failure) [PSYoungGen: 75773K->1424K(75264K)] 382645K->308304K(739328K), 0.0044003 secs] [Times: user=0.02 sys=0.00, real=0.01 secs] 
799.082: [GC (Allocation Failure) [PSYoungGen: 75152K->1376K(74752K)] 382032K->308256K(738816K), 0.0040676 secs] [Times: user=0.02 sys=0.00, real=0.00 secs] 
799.538: [GC (Allocation Failure) [PSYoungGen: 74592K->1376K(74240K)] 381472K->308256K(738304K), 0.0027944 secs] [Times: user=0.01 sys=0.00, real=0.00 secs] 
800.155: [GC (Allocation Failure) [PSYoungGen: 74080K->1376K(73728K)] 380960K->308256K(737792K), 0.0027801 secs] [Times: user=0.01 sys=0.00, real=0.01 secs] 
800.559: [GC (Allocation Failure) [PSYoungGen: 73568K->1533K(73216K)] 380448K->308413K(737280K), 0.0020516 secs] [Times: user=0.01 sys=0.00, real=0.00 secs] 
800.688: [GC (Allocation Failure) [PSYoungGen: 73213K->1501K(72704K)] 380093K->308381K(736768K), 0.0016006 secs] [Times: user=0.01 sys=0.00, real=0.00 secs] 
800.813: [GC (Allocation Failure) [PSYoungGen: 72669K->1472K(72192K)] 379549K->308352K(736256K), 0.0015442 secs] [Times: user=0.01 sys=0.00, real=0.00 secs] 
801.155: [GC (Allocation Failure) [PSYoungGen: 72128K->1728K(72192K)] 379008K->308616K(736256K), 0.0020868 secs] [Times: user=0.00 sys=0.00, real=0.00 secs] 
802.571: [GC (Allocation Failure) [PSYoungGen: 71872K->1408K(71168K)] 378760K->308296K(735232K), 0.0034153 secs] [Times: user=0.01 sys=0.00, real=0.00 secs] 
803.837: [GC (Allocation Failure) [PSYoungGen: 71040K->1408K(70656K)] 377928K->308296K(734720K), 0.0031773 secs] [Times: user=0.02 sys=0.00, real=0.00 secs] 
804.624: [GC (Allocation Failure) [PSYoungGen: 70528K->1376K(70144K)] 377416K->308264K(734208K), 0.0020900 secs] [Times: user=0.00 sys=0.01, real=0.00 secs] 
805.536: [GC (Allocation Failure) [PSYoungGen: 69967K->1453K(69632K)] 376855K->308341K(733696K), 0.0021466 secs] [Times: user=0.00 sys=0.00, real=0.01 secs] 
805.687: [GC (Allocation Failure) [PSYoungGen: 69549K->1453K(69120K)] 376437K->308341K(733184K), 0.0016407 secs] [Times: user=0.01 sys=0.00, real=0.00 secs] 
805.806: [GC (Allocation Failure) [PSYoungGen: 69037K->1501K(68608K)] 375925K->308389K(732672K), 0.0014745 secs] [Times: user=0.01 sys=0.00, real=0.01 secs] 
805.939: [GC (Allocation Failure) [PSYoungGen: 68573K->1536K(68608K)] 375461K->308424K(732672K), 0.0019576 secs] [Times: user=0.01 sys=0.00, real=0.00 secs] 
806.582: [GC (Allocation Failure) [PSYoungGen: 68096K->416K(66560K)] 374984K->308344K(730624K), 0.0033201 secs] [Times: user=0.01 sys=0.01, real=0.00 secs] 
807.728: [GC (Allocation Failure) [PSYoungGen: 66464K->320K(68096K)] 374392K->308248K(732160K), 0.0031959 secs] [Times: user=0.01 sys=0.00, real=0.00 secs] 
808.307: [GC (Allocation Failure) [PSYoungGen: 66368K->336K(68096K)] 374296K->308264K(732160K), 0.0021859 secs] [Times: user=0.01 sys=0.00, real=0.00 secs] 
808.854: [GC (Allocation Failure) [PSYoungGen: 66384K->384K(68096K)] 374312K->308312K(732160K), 0.0024342 secs] [Times: user=0.01 sys=0.00, real=0.01 secs] 
809.403: [GC (Allocation Failure) [PSYoungGen: 66432K->384K(68608K)] 374360K->308312K(732672K), 0.0019826 secs] [Times: user=0.01 sys=0.00, real=0.00 secs] 
809.625: [GC (Allocation Failure) [PSYoungGen: 66432K->1533K(68608K)] 374360K->309461K(732672K), 0.0014602 secs] [Times: user=0.01 sys=0.00, real=0.00 secs] 
809.741: [GC (Allocation Failure) [PSYoungGen: 67581K->1533K(68608K)] 375509K->309461K(732672K), 0.0014874 secs] [Times: user=0.01 sys=0.00, real=0.00 secs] 
809.856: [GC (Allocation Failure) [PSYoungGen: 67581K->1501K(68608K)] 375509K->309453K(732672K), 0.0014791 secs] [Times: user=0.01 sys=0.00, real=0.01 secs] 
810.007: [GC (Allocation Failure) [PSYoungGen: 67549K->1568K(68608K)] 375501K->309520K(732672K), 0.0016561 secs] [Times: user=0.00 sys=0.00, real=0.00 secs] 
810.354: [GC (Allocation Failure) [PSYoungGen: 67616K->1408K(68608K)] 375568K->309360K(732672K), 0.0018096 secs] [Times: user=0.01 sys=0.00, real=0.00 secs] 
810.849: [GC (Allocation Failure) [PSYoungGen: 67456K->1408K(68608K)] 375408K->309360K(732672K), 0.0019682 secs] [Times: user=0.00 sys=0.00, real=0.00 secs] 
811.534: [GC (Allocation Failure) [PSYoungGen: 67456K->1408K(68608K)] 375408K->309360K(732672K), 0.0021568 secs] [Times: user=0.01 sys=0.00, real=0.00 secs] 
812.146: [GC (Allocation Failure) [PSYoungGen: 67456K->1376K(68608K)] 375408K->309328K(732672K), 0.0018443 secs] [Times: user=0.01 sys=0.00, real=0.01 secs] 
812.451: [GC (Allocation Failure) [PSYoungGen: 67424K->1501K(68608K)] 375376K->309453K(732672K), 0.0015170 secs] [Times: user=0.00 sys=0.00, real=0.00 secs] 
812.566: [GC (Allocation Failure) [PSYoungGen: 67528K->1501K(68608K)] 375481K->309453K(732672K), 0.0015161 secs] [Times: user=0.00 sys=0.00, real=0.01 secs] 
812.682: [GC (Allocation Failure) [PSYoungGen: 67549K->1533K(68608K)] 375501K->309493K(732672K), 0.0015295 secs] [Times: user=0.01 sys=0.00, real=0.00 secs] 
812.797: [GC (Allocation Failure) [PSYoungGen: 67581K->1504K(68608K)] 375541K->309496K(732672K), 0.0016044 secs] [Times: user=0.00 sys=0.00, real=0.01 secs] 
813.284: [GC (Allocation Failure) [PSYoungGen: 67552K->1440K(68608K)] 375544K->309432K(732672K), 0.0019823 secs] [Times: user=0.00 sys=0.00, real=0.00 secs] 
813.994: [GC (Allocation Failure) [PSYoungGen: 67488K->1376K(67584K)] 375480K->309368K(731648K), 0.0021740 secs] [Times: user=0.01 sys=0.00, real=0.00 secs] 
814.686: [GC (Allocation Failure) [PSYoungGen: 67424K->1344K(68096K)] 375416K->309336K(732160K), 0.0022722 secs] [Times: user=0.01 sys=0.00, real=0.01 secs] 
815.620: [GC (Allocation Failure) [PSYoungGen: 67392K->1312K(68096K)] 375384K->309304K(732160K), 0.0024093 secs] [Times: user=0.01 sys=0.00, real=0.00 secs] 
816.345: [GC (Allocation Failure) [PSYoungGen: 67360K->1536K(68096K)] 375352K->309528K(732160K), 0.0019019 secs] [Times: user=0.01 sys=0.00, real=0.00 secs] 
816.520: [GC (Allocation Failure) [PSYoungGen: 67584K->1568K(68096K)] 375576K->309560K(732160K), 0.0021252 secs] [Times: user=0.01 sys=0.00, real=0.00 secs] 
816.692: [GC (Allocation Failure) [PSYoungGen: 67616K->1520K(68096K)] 375608K->309536K(732160K), 0.0021494 secs] [Times: user=0.01 sys=0.00, real=0.00 secs] 
816.848: [GC (Allocation Failure) [PSYoungGen: 67568K->1453K(68096K)] 375584K->309469K(732160K), 0.0016652 secs] [Times: user=0.01 sys=0.00, real=0.00 secs] 
818.464: [GC (Allocation Failure) [PSYoungGen: 67501K->1456K(68096K)] 375517K->309472K(732160K), 0.0038709 secs] [Times: user=0.02 sys=0.00, real=0.01 secs] 
819.920: [GC (Allocation Failure) [PSYoungGen: 67504K->1408K(68096K)] 375520K->309424K(732160K), 0.0024318 secs] [Times: user=0.01 sys=0.00, real=0.00 secs] 
821.385: [GC (Allocation Failure) [PSYoungGen: 67456K->1392K(68096K)] 375472K->309408K(732160K), 0.0038463 secs] [Times: user=0.02 sys=0.00, real=0.01 secs] 
822.450: [GC (Allocation Failure) [PSYoungGen: 67440K->1376K(68096K)] 375456K->309392K(732160K), 0.0022232 secs] [Times: user=0.01 sys=0.00, real=0.00 secs] 
823.024: [GC (Allocation Failure) [PSYoungGen: 67424K->1504K(68096K)] 375440K->309520K(732160K), 0.0017967 secs] [Times: user=0.01 sys=0.00, real=0.00 secs] 
823.155: [GC (Allocation Failure) [PSYoungGen: 67552K->1501K(68096K)] 375568K->309517K(732160K), 0.0015233 secs] [Times: user=0.01 sys=0.00, real=0.01 secs] 
823.271: [GC (Allocation Failure) [PSYoungGen: 67549K->1501K(68096K)] 375565K->309517K(732160K), 0.0015219 secs] [Times: user=0.01 sys=0.00, real=0.00 secs] 
823.403: [GC (Allocation Failure) [PSYoungGen: 67549K->1533K(68096K)] 375565K->309565K(732160K), 0.0018362 secs] [Times: user=0.01 sys=0.00, real=0.00 secs] 
823.940: [GC (Allocation Failure) [PSYoungGen: 67581K->1392K(68096K)] 375613K->309432K(732160K), 0.0020273 secs] [Times: user=0.01 sys=0.00, real=0.00 secs] 
825.046: [GC (Allocation Failure) [PSYoungGen: 67440K->1312K(68096K)] 375480K->309352K(732160K), 0.0040192 secs] [Times: user=0.02 sys=0.00, real=0.01 secs] 
826.151: [GC (Allocation Failure) [PSYoungGen: 67360K->1408K(68096K)] 375400K->309448K(732160K), 0.0038845 secs] [Times: user=0.02 sys=0.00, real=0.00 secs] 
827.139: [GC (Allocation Failure) [PSYoungGen: 67456K->1376K(68096K)] 375496K->309416K(732160K), 0.0023762 secs] [Times: user=0.01 sys=0.00, real=0.00 secs] 
827.635: [GC (Allocation Failure) [PSYoungGen: 67424K->1469K(68096K)] 375464K->309509K(732160K), 0.0021504 secs] [Times: user=0.01 sys=0.00, real=0.01 secs] 
827.824: [GC (Allocation Failure) [PSYoungGen: 67517K->1565K(68096K)] 375557K->309605K(732160K), 0.0020008 secs] [Times: user=0.00 sys=0.00, real=0.00 secs] 
827.984: [GC (Allocation Failure) [PSYoungGen: 67613K->1501K(68096K)] 375653K->309541K(732160K), 0.0019824 secs] [Times: user=0.01 sys=0.00, real=0.00 secs] 
828.139: [GC (Allocation Failure) [PSYoungGen: 67549K->1533K(68096K)] 375589K->309597K(732160K), 0.0021155 secs] [Times: user=0.01 sys=0.00, real=0.00 secs] 
829.612: [GC (Allocation Failure) [PSYoungGen: 67581K->1456K(68096K)] 375645K->309520K(732160K), 0.0052624 secs] [Times: user=0.02 sys=0.00, real=0.01 secs] 
830.943: [GC (Allocation Failure) [PSYoungGen: 67504K->1408K(68096K)] 375568K->309472K(732160K), 0.0029584 secs] [Times: user=0.01 sys=0.00, real=0.00 secs] 
831.936: [GC (Allocation Failure) [PSYoungGen: 67456K->1376K(68096K)] 375520K->309440K(732160K), 0.0030822 secs] [Times: user=0.01 sys=0.01, real=0.01 secs] 
832.786: [GC (Allocation Failure) [PSYoungGen: 67424K->1408K(68096K)] 375488K->309472K(732160K), 0.0021285 secs] [Times: user=0.00 sys=0.00, real=0.01 secs] 
833.606: [GC (Allocation Failure) [PSYoungGen: 67456K->1485K(68096K)] 375520K->309549K(732160K), 0.0023148 secs] [Times: user=0.01 sys=0.00, real=0.01 secs] 
833.799: [GC (Allocation Failure) [PSYoungGen: 67533K->1533K(68096K)] 375597K->309597K(732160K), 0.0019957 secs] [Times: user=0.01 sys=0.00, real=0.00 secs] 
833.957: [GC (Allocation Failure) [PSYoungGen: 67581K->1533K(68096K)] 375645K->309597K(732160K), 0.0016431 secs] [Times: user=0.01 sys=0.00, real=0.01 secs] 
834.103: [GC (Allocation Failure) [PSYoungGen: 67581K->1501K(68096K)] 375645K->309573K(732160K), 0.0017381 secs] [Times: user=0.01 sys=0.00, real=0.00 secs] 
834.303: [GC (Allocation Failure) [PSYoungGen: 67549K->1472K(68096K)] 375621K->309544K(732160K), 0.0018008 secs] [Times: user=0.00 sys=0.00, real=0.00 secs] 
834.971: [GC (Allocation Failure) [PSYoungGen: 67520K->1408K(68096K)] 375592K->309480K(732160K), 0.0031341 secs] [Times: user=0.01 sys=0.00, real=0.00 secs] 
835.545: [GC (Allocation Failure) [PSYoungGen: 67456K->1408K(68096K)] 375528K->309480K(732160K), 0.0024117 secs] [Times: user=0.01 sys=0.00, real=0.01 secs] 
836.307: [GC (Allocation Failure) [PSYoungGen: 67456K->1376K(68096K)] 375528K->309464K(732160K), 0.0023673 secs] [Times: user=0.01 sys=0.00, real=0.00 secs] 
837.099: [GC (Allocation Failure) [PSYoungGen: 67424K->1424K(68096K)] 375512K->309512K(732160K), 0.0030764 secs] [Times: user=0.02 sys=0.00, real=0.00 secs] 
837.295: [GC (Allocation Failure) [PSYoungGen: 67472K->1501K(68096K)] 375560K->309589K(732160K), 0.0017105 secs] [Times: user=0.01 sys=0.00, real=0.00 secs] 
837.413: [GC (Allocation Failure) [PSYoungGen: 67549K->1501K(68096K)] 375637K->309589K(732160K), 0.0014902 secs] [Times: user=0.00 sys=0.00, real=0.00 secs] 
837.529: [GC (Allocation Failure) [PSYoungGen: 67549K->1501K(68096K)] 375637K->309597K(732160K), 0.0016820 secs] [Times: user=0.00 sys=0.00, real=0.00 secs] 
837.856: [GC (Allocation Failure) [PSYoungGen: 67549K->2000K(68096K)] 375645K->310096K(732160K), 0.0024383 secs] [Times: user=0.01 sys=0.00, real=0.01 secs] 
839.672: [GC (Allocation Failure) [PSYoungGen: 68048K->1408K(68096K)] 376144K->309504K(732160K), 0.0038038 secs] [Times: user=0.02 sys=0.00, real=0.00 secs] 
840.684: [GC (Allocation Failure) [PSYoungGen: 67456K->1392K(68096K)] 375552K->309488K(732160K), 0.0031173 secs] [Times: user=0.01 sys=0.00, real=0.01 secs] 
841.391: [GC (Allocation Failure) [PSYoungGen: 67440K->1376K(68096K)] 375536K->309472K(732160K), 0.0024348 secs] [Times: user=0.01 sys=0.00, real=0.00 secs] 
842.007: [GC (Allocation Failure) [PSYoungGen: 67424K->1440K(68096K)] 375520K->309536K(732160K), 0.0026895 secs] [Times: user=0.01 sys=0.00, real=0.01 secs] 
842.261: [GC (Allocation Failure) [PSYoungGen: 67488K->1533K(68096K)] 375584K->309629K(732160K), 0.0015308 secs] [Times: user=0.01 sys=0.00, real=0.00 secs] 
842.378: [GC (Allocation Failure) [PSYoungGen: 67550K->1533K(68096K)] 375647K->309629K(732160K), 0.0015152 secs] [Times: user=0.00 sys=0.00, real=0.00 secs] 
842.494: [GC (Allocation Failure) [PSYoungGen: 67581K->1533K(68096K)] 375677K->309637K(732160K), 0.0015798 secs] [Times: user=0.01 sys=0.00, real=0.00 secs] 
842.611: [GC (Allocation Failure) [PSYoungGen: 67581K->1536K(68096K)] 375685K->309640K(732160K), 0.0015684 secs] [Times: user=0.01 sys=0.00, real=0.00 secs] 
844.139: [GC (Allocation Failure) [PSYoungGen: 67584K->1408K(67584K)] 375688K->309512K(731648K), 0.0021761 secs] [Times: user=0.01 sys=0.00, real=0.00 secs] 
844.413: [GC (Allocation Failure) [PSYoungGen: 67456K->1408K(67584K)] 375560K->309512K(731648K), 0.0022591 secs] [Times: user=0.01 sys=0.01, real=0.00 secs] 
844.688: [GC (Allocation Failure) [PSYoungGen: 67456K->1344K(67584K)] 375560K->309448K(731648K), 0.0017320 secs] [Times: user=0.00 sys=0.00, real=0.00 secs] 
844.962: [GC (Allocation Failure) [PSYoungGen: 67392K->1408K(67584K)] 375496K->309512K(731648K), 0.0021733 secs] [Times: user=0.01 sys=0.00, real=0.00 secs] 
845.380: [GC (Allocation Failure) [PSYoungGen: 67456K->1533K(67584K)] 375560K->309637K(731648K), 0.0015130 secs] [Times: user=0.00 sys=0.00, real=0.00 secs] 
845.496: [GC (Allocation Failure) [PSYoungGen: 67581K->1533K(67584K)] 375685K->309637K(731648K), 0.0016054 secs] [Times: user=0.00 sys=0.00, real=0.01 secs] 
845.611: [GC (Allocation Failure) [PSYoungGen: 67581K->1533K(67584K)] 375685K->309661K(731648K), 0.0016661 secs] [Times: user=0.01 sys=0.00, real=0.00 secs] 
845.726: [GC (Allocation Failure) [PSYoungGen: 67581K->1501K(71168K)] 375709K->309629K(735232K), 0.0014852 secs] [Times: user=0.01 sys=0.00, real=0.01 secs] 
846.048: [GC (Allocation Failure) [PSYoungGen: 70621K->1392K(70144K)] 378749K->309520K(734208K), 0.0020416 secs] [Times: user=0.01 sys=0.00, real=0.00 secs] 
846.652: [GC (Allocation Failure) [PSYoungGen: 70000K->1408K(69632K)] 378128K->309536K(733696K), 0.0020647 secs] [Times: user=0.01 sys=0.00, real=0.00 secs] 
847.275: [GC (Allocation Failure) [PSYoungGen: 69504K->1408K(69120K)] 377632K->309536K(733184K), 0.0026566 secs] [Times: user=0.01 sys=0.00, real=0.01 secs] 
847.798: [GC (Allocation Failure) [PSYoungGen: 68992K->1408K(68608K)] 377120K->309536K(732672K), 0.0028077 secs] [Times: user=0.01 sys=0.00, real=0.00 secs] 
848.103: [GC (Allocation Failure) [PSYoungGen: 68480K->1485K(68096K)] 376608K->309613K(732160K), 0.0015989 secs] [Times: user=0.01 sys=0.00, real=0.00 secs] 
848.220: [GC (Allocation Failure) [PSYoungGen: 68045K->1501K(67584K)] 376173K->309629K(731648K), 0.0015389 secs] [Times: user=0.01 sys=0.00, real=0.00 secs] 
848.335: [GC (Allocation Failure) [PSYoungGen: 67549K->1501K(67584K)] 375677K->309629K(731648K), 0.0014946 secs] [Times: user=0.01 sys=0.00, real=0.00 secs] 
848.450: [GC (Allocation Failure) [PSYoungGen: 67549K->1501K(71680K)] 375677K->309637K(735744K), 0.0015724 secs] [Times: user=0.00 sys=0.00, real=0.00 secs] 
849.009: [GC (Allocation Failure) [PSYoungGen: 71133K->1440K(70656K)] 379269K->309576K(734720K), 0.0020628 secs] [Times: user=0.01 sys=0.00, real=0.00 secs] 
849.632: [GC (Allocation Failure) [PSYoungGen: 70560K->1408K(70144K)] 378696K->309544K(734208K), 0.0018410 secs] [Times: user=0.01 sys=0.00, real=0.00 secs] 
850.261: [GC (Allocation Failure) [PSYoungGen: 70016K->1408K(69632K)] 378152K->309544K(733696K), 0.0033907 secs] [Times: user=0.02 sys=0.00, real=0.00 secs] 
850.876: [GC (Allocation Failure) [PSYoungGen: 69504K->1408K(69120K)] 377640K->309544K(733184K), 0.0028768 secs] [Times: user=0.01 sys=0.00, real=0.01 secs] 
851.082: [GC (Allocation Failure) [PSYoungGen: 68992K->1533K(68608K)] 377128K->309693K(732672K), 0.0015653 secs] [Times: user=0.00 sys=0.00, real=0.00 secs] 
851.201: [GC (Allocation Failure) [PSYoungGen: 68605K->1533K(68096K)] 376765K->309693K(732160K), 0.0015402 secs] [Times: user=0.00 sys=0.00, real=0.00 secs] 
851.317: [GC (Allocation Failure) [PSYoungGen: 68093K->1533K(67584K)] 376253K->309693K(731648K), 0.0014862 secs] [Times: user=0.00 sys=0.00, real=0.00 secs] 
851.434: [GC (Allocation Failure) [PSYoungGen: 67581K->1469K(71680K)] 375741K->309637K(735744K), 0.0015056 secs] [Times: user=0.01 sys=0.00, real=0.00 secs] 
852.396: [GC (Allocation Failure) [PSYoungGen: 71101K->1440K(70656K)] 379269K->309608K(734720K), 0.0031662 secs] [Times: user=0.02 sys=0.00, real=0.01 secs] 
853.447: [GC (Allocation Failure) [PSYoungGen: 70560K->1440K(70144K)] 378728K->309608K(734208K), 0.0028585 secs] [Times: user=0.01 sys=0.00, real=0.01 secs] 
854.488: [GC (Allocation Failure) [PSYoungGen: 70048K->1408K(69632K)] 378216K->309592K(733696K), 0.0028100 secs] [Times: user=0.01 sys=0.00, real=0.00 secs] 
855.510: [GC (Allocation Failure) [PSYoungGen: 69504K->1408K(69120K)] 377688K->309592K(733184K), 0.0030955 secs] [Times: user=0.01 sys=0.00, real=0.00 secs] 
855.865: [GC (Allocation Failure) [PSYoungGen: 68992K->1501K(68608K)] 377176K->309685K(732672K), 0.0019020 secs] [Times: user=0.01 sys=0.00, real=0.00 secs] 
855.992: [GC (Allocation Failure) [PSYoungGen: 68573K->1533K(68096K)] 376757K->309717K(732160K), 0.0015590 secs] [Times: user=0.00 sys=0.00, real=0.00 secs] 
856.125: [GC (Allocation Failure) [PSYoungGen: 68093K->1501K(67584K)] 376277K->309685K(731648K), 0.0019576 secs] [Times: user=0.01 sys=0.00, real=0.01 secs] 
856.277: [GC (Allocation Failure) [PSYoungGen: 67549K->1565K(71680K)] 375733K->309765K(735744K), 0.0019593 secs] [Times: user=0.01 sys=0.00, real=0.00 secs] 
857.615: [GC (Allocation Failure) [PSYoungGen: 71197K->1456K(70656K)] 379397K->309664K(734720K), 0.0045356 secs] [Times: user=0.02 sys=0.00, real=0.01 secs] 
858.378: [GC (Allocation Failure) [PSYoungGen: 70576K->1408K(70144K)] 378784K->309616K(734208K), 0.0041863 secs] [Times: user=0.02 sys=0.00, real=0.00 secs] 
858.995: [GC (Allocation Failure) [PSYoungGen: 70016K->1376K(69632K)] 378224K->309584K(733696K), 0.0026749 secs] [Times: user=0.01 sys=0.00, real=0.01 secs] 
859.698: [GC (Allocation Failure) [PSYoungGen: 69472K->1376K(69120K)] 377680K->309584K(733184K), 0.0025865 secs] [Times: user=0.01 sys=0.00, real=0.00 secs] 
860.035: [GC (Allocation Failure) [PSYoungGen: 68960K->1501K(68608K)] 377168K->309709K(732672K), 0.0017235 secs] [Times: user=0.01 sys=0.00, real=0.00 secs] 
860.158: [GC (Allocation Failure) [PSYoungGen: 68573K->1533K(68096K)] 376781K->309741K(732160K), 0.0015757 secs] [Times: user=0.01 sys=0.00, real=0.00 secs] 
860.274: [GC (Allocation Failure) [PSYoungGen: 68093K->1501K(67584K)] 376301K->309709K(731648K), 0.0015028 secs] [Times: user=0.01 sys=0.00, real=0.00 secs] 
860.390: [GC (Allocation Failure) [PSYoungGen: 67549K->1501K(71168K)] 375757K->309717K(735232K), 0.0018364 secs] [Times: user=0.01 sys=0.00, real=0.00 secs] 
860.734: [GC (Allocation Failure) [PSYoungGen: 70621K->1440K(70144K)] 378837K->309656K(734208K), 0.0019697 secs] [Times: user=0.01 sys=0.00, real=0.00 secs] 
861.032: [GC (Allocation Failure) [PSYoungGen: 70048K->1376K(69632K)] 378264K->309592K(733696K), 0.0027216 secs] [Times: user=0.01 sys=0.00, real=0.00 secs] 
861.322: [GC (Allocation Failure) [PSYoungGen: 69472K->1408K(69120K)] 377688K->309624K(733184K), 0.0022537 secs] [Times: user=0.01 sys=0.00, real=0.00 secs] 
861.661: [GC (Allocation Failure) [PSYoungGen: 68992K->1376K(68608K)] 377208K->309592K(732672K), 0.0027554 secs] [Times: user=0.01 sys=0.00, real=0.00 secs] 
861.930: [GC (Allocation Failure) [PSYoungGen: 68448K->1501K(68096K)] 376664K->309717K(732160K), 0.0017284 secs] [Times: user=0.01 sys=0.00, real=0.00 secs] 
862.048: [GC (Allocation Failure) [PSYoungGen: 68061K->1501K(67584K)] 376277K->309717K(731648K), 0.0016895 secs] [Times: user=0.01 sys=0.00, real=0.00 secs] 
862.165: [GC (Allocation Failure) [PSYoungGen: 67549K->1485K(71680K)] 375765K->309701K(735744K), 0.0016279 secs] [Times: user=0.01 sys=0.00, real=0.00 secs] 
862.286: [GC (Allocation Failure) [PSYoungGen: 71629K->1501K(72192K)] 379845K->309749K(736256K), 0.0016371 secs] [Times: user=0.01 sys=0.00, real=0.01 secs] 
862.661: [GC (Allocation Failure) [PSYoungGen: 71645K->1408K(71168K)] 379893K->309656K(735232K), 0.0020256 secs] [Times: user=0.01 sys=0.00, real=0.00 secs] 
863.063: [GC (Allocation Failure) [PSYoungGen: 71040K->1392K(70656K)] 379288K->309640K(734720K), 0.0021717 secs] [Times: user=0.00 sys=0.00, real=0.00 secs] 
863.627: [GC (Allocation Failure) [PSYoungGen: 70512K->1376K(70144K)] 378760K->309624K(734208K), 0.0019246 secs] [Times: user=0.00 sys=0.00, real=0.01 secs] 
864.367: [GC (Allocation Failure) [PSYoungGen: 69984K->1408K(69632K)] 378232K->309656K(733696K), 0.0041861 secs] [Times: user=0.01 sys=0.00, real=0.01 secs] 
864.738: [GC (Allocation Failure) [PSYoungGen: 69504K->1533K(69120K)] 377752K->309781K(733184K), 0.0019409 secs] [Times: user=0.01 sys=0.00, real=0.00 secs] 
864.868: [GC (Allocation Failure) [PSYoungGen: 69117K->1533K(68608K)] 377365K->309781K(732672K), 0.0017144 secs] [Times: user=0.00 sys=0.00, real=0.00 secs] 
864.985: [GC (Allocation Failure) [PSYoungGen: 68605K->1533K(68096K)] 376853K->309781K(732160K), 0.0014961 secs] [Times: user=0.01 sys=0.00, real=0.01 secs] 
865.379: [GC (Allocation Failure) [PSYoungGen: 68093K->1936K(68096K)] 376341K->310184K(732160K), 0.0024607 secs] [Times: user=0.01 sys=0.00, real=0.00 secs] 
865.984: [GC (Allocation Failure) [PSYoungGen: 67984K->352K(66560K)] 376232K->309624K(730624K), 0.0022164 secs] [Times: user=0.01 sys=0.00, real=0.00 secs] 
866.259: [GC (Allocation Failure) [PSYoungGen: 66400K->384K(66560K)] 375672K->309656K(730624K), 0.0020283 secs] [Times: user=0.01 sys=0.00, real=0.00 secs] 
866.666: [GC (Allocation Failure) [PSYoungGen: 66432K->384K(66560K)] 375704K->309656K(730624K), 0.0019451 secs] [Times: user=0.00 sys=0.00, real=0.01 secs] 
867.113: [GC (Allocation Failure) [PSYoungGen: 66432K->352K(68608K)] 375704K->309624K(732672K), 0.0026381 secs] [Times: user=0.01 sys=0.00, real=0.00 secs] 
867.401: [GC (Allocation Failure) [PSYoungGen: 66400K->1501K(67584K)] 375672K->310773K(731648K), 0.0021404 secs] [Times: user=0.01 sys=0.00, real=0.00 secs] 
867.559: [GC (Allocation Failure) [PSYoungGen: 67549K->1565K(68096K)] 376821K->310837K(732160K), 0.0018209 secs] [Times: user=0.01 sys=0.00, real=0.00 secs] 
867.706: [GC (Allocation Failure) [PSYoungGen: 67613K->1485K(67584K)] 376885K->310757K(731648K), 0.0015744 secs] [Times: user=0.00 sys=0.00, real=0.01 secs] 
867.821: [GC (Allocation Failure) [PSYoungGen: 67533K->1469K(69632K)] 376805K->310749K(733696K), 0.0017768 secs] [Times: user=0.01 sys=0.00, real=0.00 secs] 
869.436: [GC (Allocation Failure) [PSYoungGen: 68541K->1440K(68096K)] 377821K->310720K(732160K), 0.0034303 secs] [Times: user=0.01 sys=0.00, real=0.01 secs] 
869.712: [GC (Allocation Failure) [PSYoungGen: 68000K->1440K(67584K)] 377280K->310720K(731648K), 0.0022443 secs] [Times: user=0.01 sys=0.00, real=0.00 secs] 
870.018: [GC (Allocation Failure) [PSYoungGen: 67488K->1376K(67584K)] 376768K->310656K(731648K), 0.0018987 secs] [Times: user=0.00 sys=0.00, real=0.00 secs] 
870.607: [GC (Allocation Failure) [PSYoungGen: 67424K->1408K(67584K)] 376704K->310688K(731648K), 0.0030259 secs] [Times: user=0.01 sys=0.00, real=0.00 secs] 
870.973: [GC (Allocation Failure) [PSYoungGen: 67456K->1501K(67584K)] 376736K->310781K(731648K), 0.0022826 secs] [Times: user=0.01 sys=0.00, real=0.00 secs] 
871.145: [GC (Allocation Failure) [PSYoungGen: 67549K->1520K(67584K)] 376829K->310800K(731648K), 0.0020320 secs] [Times: user=0.01 sys=0.00, real=0.01 secs] 
871.303: [GC (Allocation Failure) [PSYoungGen: 67568K->1453K(68096K)] 376848K->310741K(732160K), 0.0018014 secs] [Times: user=0.01 sys=0.00, real=0.00 secs] 
871.418: [GC (Allocation Failure) [PSYoungGen: 67501K->1501K(68608K)] 376789K->310789K(732672K), 0.0017824 secs] [Times: user=0.01 sys=0.00, real=0.00 secs] 
872.899: [GC (Allocation Failure) [PSYoungGen: 67549K->1456K(67584K)] 376837K->310752K(731648K), 0.0042216 secs] [Times: user=0.02 sys=0.00, real=0.00 secs] 
873.186: [GC (Allocation Failure) [PSYoungGen: 67504K->1392K(67584K)] 376800K->310688K(731648K), 0.0022436 secs] [Times: user=0.01 sys=0.00, real=0.01 secs] 
873.490: [GC (Allocation Failure) [PSYoungGen: 67440K->1408K(67584K)] 376736K->310704K(731648K), 0.0016443 secs] [Times: user=0.01 sys=0.00, real=0.00 secs] 
873.879: [GC (Allocation Failure) [PSYoungGen: 67456K->1376K(67584K)] 376752K->310672K(731648K), 0.0019394 secs] [Times: user=0.00 sys=0.00, real=0.00 secs] 
874.226: [GC (Allocation Failure) [PSYoungGen: 67424K->1501K(67584K)] 376720K->310821K(731648K), 0.0014866 secs] [Times: user=0.01 sys=0.00, real=0.01 secs] 
874.341: [GC (Allocation Failure) [PSYoungGen: 67549K->1501K(67584K)] 376869K->310821K(731648K), 0.0016123 secs] [Times: user=0.00 sys=0.00, real=0.00 secs] 
874.456: [GC (Allocation Failure) [PSYoungGen: 67549K->1501K(67584K)] 376869K->310821K(731648K), 0.0014999 secs] [Times: user=0.01 sys=0.00, real=0.01 secs] 
874.571: [GC (Allocation Failure) [PSYoungGen: 67549K->1501K(71680K)] 376869K->310829K(735744K), 0.0015582 secs] [Times: user=0.00 sys=0.00, real=0.00 secs] 
875.193: [GC (Allocation Failure) [PSYoungGen: 71133K->1408K(70656K)] 380461K->310736K(734720K), 0.0019416 secs] [Times: user=0.01 sys=0.00, real=0.00 secs] 
875.600: [GC (Allocation Failure) [PSYoungGen: 70528K->1440K(70144K)] 379856K->310768K(734208K), 0.0019435 secs] [Times: user=0.00 sys=0.00, real=0.00 secs] 
876.081: [GC (Allocation Failure) [PSYoungGen: 70048K->1424K(69632K)] 379376K->310752K(733696K), 0.0017135 secs] [Times: user=0.00 sys=0.00, real=0.00 secs] 
876.559: [GC (Allocation Failure) [PSYoungGen: 69520K->1392K(69120K)] 378848K->310720K(733184K), 0.0018189 secs] [Times: user=0.01 sys=0.00, real=0.00 secs] 
876.968: [GC (Allocation Failure) [PSYoungGen: 68976K->1533K(68608K)] 378304K->310861K(732672K), 0.0016875 secs] [Times: user=0.01 sys=0.00, real=0.00 secs] 
877.087: [GC (Allocation Failure) [PSYoungGen: 68605K->1453K(68096K)] 377933K->310781K(732160K), 0.0016324 secs] [Times: user=0.00 sys=0.00, real=0.00 secs] 
877.219: [GC (Allocation Failure) [PSYoungGen: 68013K->1533K(67584K)] 377341K->310861K(731648K), 0.0016576 secs] [Times: user=0.01 sys=0.00, real=0.00 secs] 
877.377: [GC (Allocation Failure) [PSYoungGen: 67581K->1533K(67584K)] 376909K->310877K(731648K), 0.0018582 secs] [Times: user=0.01 sys=0.00, real=0.01 secs] 
877.647: [GC (Allocation Failure) [PSYoungGen: 67581K->1392K(67584K)] 376925K->310736K(731648K), 0.0021174 secs] [Times: user=0.01 sys=0.00, real=0.00 secs] 
877.991: [GC (Allocation Failure) [PSYoungGen: 67440K->1440K(67584K)] 376784K->310784K(731648K), 0.0021646 secs] [Times: user=0.01 sys=0.00, real=0.00 secs] 
878.276: [GC (Allocation Failure) [PSYoungGen: 67488K->1408K(67584K)] 376832K->310752K(731648K), 0.0019955 secs] [Times: user=0.01 sys=0.00, real=0.01 secs] 
878.551: [GC (Allocation Failure) [PSYoungGen: 67456K->1408K(67584K)] 376800K->310752K(731648K), 0.0018610 secs] [Times: user=0.00 sys=0.00, real=0.00 secs] 
878.794: [GC (Allocation Failure) [PSYoungGen: 67456K->1424K(67584K)] 376800K->310768K(731648K), 0.0016371 secs] [Times: user=0.01 sys=0.00, real=0.00 secs] 
878.910: [GC (Allocation Failure) [PSYoungGen: 67472K->1533K(67584K)] 376816K->310877K(731648K), 0.0016002 secs] [Times: user=0.01 sys=0.00, real=0.00 secs] 
879.028: [GC (Allocation Failure) [PSYoungGen: 67581K->1472K(68096K)] 376925K->310816K(732160K), 0.0015815 secs] [Times: user=0.01 sys=0.00, real=0.00 secs] 
879.145: [GC (Allocation Failure) [PSYoungGen: 67520K->1501K(68096K)] 376864K->310853K(732160K), 0.0014887 secs] [Times: user=0.01 sys=0.00, real=0.00 secs] 
879.371: [GC (Allocation Failure) [PSYoungGen: 67549K->1408K(75264K)] 376901K->310768K(739328K), 0.0020078 secs] [Times: user=0.01 sys=0.00, real=0.00 secs] 
879.739: [GC (Allocation Failure) [PSYoungGen: 74624K->1376K(74240K)] 383984K->310736K(738304K), 0.0017975 secs] [Times: user=0.01 sys=0.00, real=0.00 secs] 
880.209: [GC (Allocation Failure) [PSYoungGen: 74080K->1376K(73728K)] 383440K->310736K(737792K), 0.0016936 secs] [Times: user=0.01 sys=0.00, real=0.00 secs] 
880.790: [GC (Allocation Failure) [PSYoungGen: 73568K->1408K(73216K)] 382928K->310768K(737280K), 0.0020700 secs] [Times: user=0.01 sys=0.00, real=0.00 secs] 
881.182: [GC (Allocation Failure) [PSYoungGen: 73088K->1517K(72704K)] 382448K->310877K(736768K), 0.0016298 secs] [Times: user=0.01 sys=0.00, real=0.00 secs] 
881.326: [GC (Allocation Failure) [PSYoungGen: 72685K->1533K(72192K)] 382045K->310893K(736256K), 0.0017751 secs] [Times: user=0.00 sys=0.00, real=0.01 secs] 
881.484: [GC (Allocation Failure) [PSYoungGen: 72189K->1565K(72192K)] 381549K->310925K(736256K), 0.0019528 secs] [Times: user=0.01 sys=0.00, real=0.00 secs] 
881.646: [GC (Allocation Failure) [PSYoungGen: 71709K->1536K(71680K)] 381069K->310928K(735744K), 0.0020622 secs] [Times: user=0.01 sys=0.00, real=0.01 secs] 
882.363: [GC (Allocation Failure) [PSYoungGen: 71168K->416K(69632K)] 380560K->310832K(733696K), 0.0025658 secs] [Times: user=0.01 sys=0.00, real=0.00 secs] 
883.278: [GC (Allocation Failure) [PSYoungGen: 69536K->368K(70656K)] 379952K->310784K(734720K), 0.0027950 secs] [Times: user=0.01 sys=0.00, real=0.00 secs] 
883.865: [GC (Allocation Failure) [PSYoungGen: 68976K->352K(69120K)] 379392K->310768K(733184K), 0.0024967 secs] [Times: user=0.01 sys=0.00, real=0.01 secs] 
884.454: [GC (Allocation Failure) [PSYoungGen: 68448K->352K(69632K)] 378864K->310768K(733696K), 0.0024080 secs] [Times: user=0.01 sys=0.00, real=0.00 secs] 
884.715: [GC (Allocation Failure) [PSYoungGen: 67936K->1469K(69120K)] 378352K->311885K(733184K), 0.0018907 secs] [Times: user=0.01 sys=0.00, real=0.01 secs] 
884.871: [GC (Allocation Failure) [PSYoungGen: 68541K->1533K(68096K)] 378957K->311949K(732160K), 0.0019557 secs] [Times: user=0.00 sys=0.00, real=0.00 secs] 
885.016: [GC (Allocation Failure) [PSYoungGen: 68093K->1565K(68096K)] 378509K->311981K(732160K), 0.0018906 secs] [Times: user=0.01 sys=0.00, real=0.01 secs] 
885.150: [GC (Allocation Failure) [PSYoungGen: 67613K->1536K(68608K)] 378029K->311968K(732672K), 0.0015931 secs] [Times: user=0.00 sys=0.00, real=0.00 secs] 
886.153: [GC (Allocation Failure) [PSYoungGen: 67584K->1440K(68608K)] 378016K->311880K(732672K), 0.0028804 secs] [Times: user=0.01 sys=0.00, real=0.00 secs] 
886.892: [GC (Allocation Failure) [PSYoungGen: 67488K->1376K(68608K)] 377928K->311816K(732672K), 0.0028697 secs] [Times: user=0.02 sys=0.00, real=0.00 secs] 
887.938: [GC (Allocation Failure) [PSYoungGen: 67424K->1440K(68608K)] 377864K->311880K(732672K), 0.0027810 secs] [Times: user=0.01 sys=0.00, real=0.00 secs] 
888.944: [GC (Allocation Failure) [PSYoungGen: 67488K->1408K(68608K)] 377928K->311848K(732672K), 0.0025671 secs] [Times: user=0.02 sys=0.00, real=0.00 secs] 
889.306: [GC (Allocation Failure) [PSYoungGen: 67456K->1501K(68608K)] 377896K->311941K(732672K), 0.0017042 secs] [Times: user=0.01 sys=0.00, real=0.01 secs] 
889.430: [GC (Allocation Failure) [PSYoungGen: 67542K->1472K(68608K)] 377983K->311912K(732672K), 0.0014733 secs] [Times: user=0.01 sys=0.00, real=0.00 secs] 
889.545: [GC (Allocation Failure) [PSYoungGen: 67520K->1501K(68608K)] 377960K->311941K(732672K), 0.0014544 secs] [Times: user=0.00 sys=0.00, real=0.00 secs] 
889.660: [GC (Allocation Failure) [PSYoungGen: 67549K->1533K(68608K)] 377989K->311981K(732672K), 0.0014884 secs] [Times: user=0.01 sys=0.00, real=0.00 secs] 
890.275: [GC (Allocation Failure) [PSYoungGen: 67581K->1440K(67584K)] 378029K->311888K(731648K), 0.0016781 secs] [Times: user=0.01 sys=0.00, real=0.01 secs] 
890.805: [GC (Allocation Failure) [PSYoungGen: 67488K->1440K(68096K)] 377936K->311888K(732160K), 0.0024143 secs] [Times: user=0.01 sys=0.00, real=0.01 secs] 
891.067: [GC (Allocation Failure) [PSYoungGen: 67488K->1408K(68096K)] 377936K->311856K(732160K), 0.0020075 secs] [Times: user=0.01 sys=0.00, real=0.00 secs] 
891.449: [GC (Allocation Failure) [PSYoungGen: 67456K->1408K(68096K)] 377904K->311856K(732160K), 0.0018168 secs] [Times: user=0.01 sys=0.00, real=0.00 secs] 
891.929: [GC (Allocation Failure) [PSYoungGen: 67456K->1536K(68096K)] 377904K->311984K(732160K), 0.0018662 secs] [Times: user=0.01 sys=0.00, real=0.00 secs] 
892.047: [GC (Allocation Failure) [PSYoungGen: 67584K->1501K(68096K)] 378032K->311949K(732160K), 0.0015943 secs] [Times: user=0.00 sys=0.00, real=0.01 secs] 
892.181: [GC (Allocation Failure) [PSYoungGen: 67549K->1501K(68096K)] 377997K->311949K(732160K), 0.0015854 secs] [Times: user=0.00 sys=0.00, real=0.00 secs] 
892.327: [GC (Allocation Failure) [PSYoungGen: 67549K->1536K(68096K)] 377997K->312000K(732160K), 0.0017259 secs] [Times: user=0.00 sys=0.00, real=0.01 secs] 
892.762: [GC (Allocation Failure) [PSYoungGen: 67584K->1440K(68096K)] 378048K->311904K(732160K), 0.0020861 secs] [Times: user=0.01 sys=0.00, real=0.00 secs] 
893.048: [GC (Allocation Failure) [PSYoungGen: 67488K->1408K(68096K)] 377952K->311888K(732160K), 0.0020175 secs] [Times: user=0.01 sys=0.00, real=0.00 secs] 
893.648: [GC (Allocation Failure) [PSYoungGen: 67456K->1408K(68096K)] 377936K->311888K(732160K), 0.0022965 secs] [Times: user=0.01 sys=0.00, real=0.00 secs] 
894.690: [GC (Allocation Failure) [PSYoungGen: 67456K->1408K(68096K)] 377936K->311888K(732160K), 0.0026601 secs] [Times: user=0.01 sys=0.00, real=0.00 secs] 
895.351: [GC (Allocation Failure) [PSYoungGen: 67456K->1437K(68096K)] 377936K->311917K(732160K), 0.0016075 secs] [Times: user=0.00 sys=0.00, real=0.00 secs] 
895.473: [GC (Allocation Failure) [PSYoungGen: 67485K->1469K(68096K)] 377965K->311949K(732160K), 0.0014883 secs] [Times: user=0.00 sys=0.00, real=0.00 secs] 
895.589: [GC (Allocation Failure) [PSYoungGen: 67517K->1472K(68096K)] 377997K->311952K(732160K), 0.0017270 secs] [Times: user=0.01 sys=0.00, real=0.00 secs] 
895.705: [GC (Allocation Failure) [PSYoungGen: 67520K->1472K(68096K)] 378000K->311960K(732160K), 0.0015187 secs] [Times: user=0.01 sys=0.00, real=0.00 secs] 
896.336: [GC (Allocation Failure) [PSYoungGen: 67520K->1440K(67584K)] 378008K->311936K(731648K), 0.0025056 secs] [Times: user=0.01 sys=0.00, real=0.01 secs] 
896.611: [GC (Allocation Failure) [PSYoungGen: 67488K->1440K(67584K)] 377984K->311936K(731648K), 0.0023171 secs] [Times: user=0.01 sys=0.00, real=0.00 secs] 
896.886: [GC (Allocation Failure) [PSYoungGen: 67488K->1408K(67584K)] 377984K->311904K(731648K), 0.0018376 secs] [Times: user=0.00 sys=0.00, real=0.01 secs] 
897.309: [GC (Allocation Failure) [PSYoungGen: 67456K->1408K(67584K)] 377952K->311904K(731648K), 0.0020945 secs] [Times: user=0.01 sys=0.01, real=0.00 secs] 
897.841: [GC (Allocation Failure) [PSYoungGen: 67456K->1469K(67584K)] 377952K->311965K(731648K), 0.0026944 secs] [Times: user=0.01 sys=0.00, real=0.00 secs] 
898.014: [GC (Allocation Failure) [PSYoungGen: 67517K->1504K(67584K)] 378013K->312000K(731648K), 0.0016342 secs] [Times: user=0.01 sys=0.00, real=0.00 secs] 
898.130: [GC (Allocation Failure) [PSYoungGen: 67552K->1533K(67584K)] 378048K->312029K(731648K), 0.0015937 secs] [Times: user=0.00 sys=0.00, real=0.00 secs] 
898.262: [GC (Allocation Failure) [PSYoungGen: 67581K->1501K(71168K)] 378077K->312005K(735232K), 0.0018514 secs] [Times: user=0.00 sys=0.00, real=0.00 secs] 
899.195: [GC (Allocation Failure) [PSYoungGen: 70621K->1504K(70144K)] 381125K->312008K(734208K), 0.0039235 secs] [Times: user=0.02 sys=0.00, real=0.01 secs] 
899.551: [GC (Allocation Failure) [PSYoungGen: 70112K->1360K(69632K)] 380616K->311864K(733696K), 0.0020460 secs] [Times: user=0.01 sys=0.00, real=0.00 secs] 
899.897: [GC (Allocation Failure) [PSYoungGen: 69456K->1408K(69120K)] 379960K->311912K(733184K), 0.0018088 secs] [Times: user=0.01 sys=0.00, real=0.00 secs] 
900.177: [GC (Allocation Failure) [PSYoungGen: 68992K->1376K(68608K)] 379496K->311880K(732672K), 0.0019896 secs] [Times: user=0.01 sys=0.00, real=0.00 secs] 
900.476: [GC (Allocation Failure) [PSYoungGen: 68448K->1517K(68096K)] 378952K->312021K(732160K), 0.0019338 secs] [Times: user=0.01 sys=0.00, real=0.01 secs] 
900.664: [GC (Allocation Failure) [PSYoungGen: 68077K->1552K(68096K)] 378581K->312057K(732160K), 0.0019791 secs] [Times: user=0.01 sys=0.00, real=0.00 secs] 
900.794: [GC (Allocation Failure) [PSYoungGen: 67600K->477K(66560K)] 378105K->312005K(730624K), 0.0016875 secs] [Times: user=0.00 sys=0.00, real=0.00 secs] 
900.910: [GC (Allocation Failure) [PSYoungGen: 66525K->461K(71168K)] 378053K->312005K(735232K), 0.0015813 secs] [Times: user=0.01 sys=0.00, real=0.00 secs] 
901.709: [GC (Allocation Failure) [PSYoungGen: 69581K->1472K(70144K)] 381125K->313024K(734208K), 0.0045922 secs] [Times: user=0.01 sys=0.00, real=0.00 secs] 
902.374: [GC (Allocation Failure) [PSYoungGen: 70080K->1376K(69632K)] 381632K->312928K(733696K), 0.0035653 secs] [Times: user=0.01 sys=0.01, real=0.01 secs] 
902.894: [GC (Allocation Failure) [PSYoungGen: 69472K->1376K(69120K)] 381024K->312928K(733184K), 0.0026811 secs] [Times: user=0.01 sys=0.00, real=0.00 secs] 
903.379: [GC (Allocation Failure) [PSYoungGen: 68960K->1392K(68608K)] 380512K->312960K(732672K), 0.0024820 secs] [Times: user=0.01 sys=0.00, real=0.00 secs] 
903.859: [GC (Allocation Failure) [PSYoungGen: 68464K->1504K(68096K)] 380032K->313080K(732160K), 0.0018582 secs] [Times: user=0.00 sys=0.00, real=0.00 secs] 
903.999: [GC (Allocation Failure) [PSYoungGen: 68064K->1501K(67584K)] 379640K->313077K(731648K), 0.0015741 secs] [Times: user=0.01 sys=0.00, real=0.00 secs] 
904.115: [GC (Allocation Failure) [PSYoungGen: 67549K->1501K(67584K)] 379125K->313077K(731648K), 0.0015317 secs] [Times: user=0.01 sys=0.00, real=0.00 secs] 
904.230: [GC (Allocation Failure) [PSYoungGen: 67549K->1469K(71168K)] 379125K->313053K(735232K), 0.0016408 secs] [Times: user=0.00 sys=0.00, real=0.00 secs] 
904.583: [GC (Allocation Failure) [PSYoungGen: 70589K->1472K(70144K)] 382173K->313056K(734208K), 0.0022058 secs] [Times: user=0.00 sys=0.00, real=0.00 secs] 
904.869: [GC (Allocation Failure) [PSYoungGen: 70080K->1376K(69632K)] 381664K->312960K(733696K), 0.0019524 secs] [Times: user=0.00 sys=0.00, real=0.00 secs] 
905.152: [GC (Allocation Failure) [PSYoungGen: 69472K->1408K(69120K)] 381056K->312992K(733184K), 0.0017225 secs] [Times: user=0.01 sys=0.00, real=0.00 secs] 
905.432: [GC (Allocation Failure) [PSYoungGen: 68992K->1376K(68608K)] 380576K->312968K(732672K), 0.0019990 secs] [Times: user=0.01 sys=0.00, real=0.00 secs] 
905.704: [GC (Allocation Failure) [PSYoungGen: 68448K->1469K(68096K)] 380040K->313061K(732160K), 0.0016807 secs] [Times: user=0.01 sys=0.00, real=0.00 secs] 
905.823: [GC (Allocation Failure) [PSYoungGen: 68029K->1501K(67584K)] 379621K->313093K(731648K), 0.0015717 secs] [Times: user=0.01 sys=0.00, real=0.00 secs] 
905.939: [GC (Allocation Failure) [PSYoungGen: 67549K->1469K(71168K)] 379141K->313061K(735232K), 0.0016415 secs] [Times: user=0.00 sys=0.00, real=0.00 secs] 
906.060: [GC (Allocation Failure) [PSYoungGen: 71101K->1533K(71680K)] 382693K->313141K(735744K), 0.0015075 secs] [Times: user=0.00 sys=0.00, real=0.00 secs] 
906.531: [GC (Allocation Failure) [PSYoungGen: 71165K->1472K(70656K)] 382773K->313080K(734720K), 0.0024257 secs] [Times: user=0.01 sys=0.00, real=0.00 secs] 
907.135: [GC (Allocation Failure) [PSYoungGen: 70592K->1376K(70144K)] 382200K->312984K(734208K), 0.0025666 secs] [Times: user=0.01 sys=0.00, real=0.01 secs] 
908.170: [GC (Allocation Failure) [PSYoungGen: 69984K->1408K(69632K)] 381592K->313016K(733696K), 0.0026250 secs] [Times: user=0.01 sys=0.00, real=0.00 secs] 
908.899: [GC (Allocation Failure) [PSYoungGen: 69504K->1408K(69120K)] 381112K->313016K(733184K), 0.0029766 secs] [Times: user=0.01 sys=0.00, real=0.00 secs] 
909.471: [GC (Allocation Failure) [PSYoungGen: 68992K->1472K(68608K)] 380600K->313088K(732672K), 0.0021354 secs] [Times: user=0.01 sys=0.00, real=0.00 secs] 
909.624: [GC (Allocation Failure) [PSYoungGen: 68544K->1565K(68608K)] 380160K->313181K(732672K), 0.0015958 secs] [Times: user=0.00 sys=0.00, real=0.00 secs] 
909.740: [GC (Allocation Failure) [PSYoungGen: 68125K->509K(66560K)] 379741K->313149K(730624K), 0.0015488 secs] [Times: user=0.01 sys=0.00, real=0.00 secs] 
909.856: [GC (Allocation Failure) [PSYoungGen: 66557K->496K(68096K)] 379197K->313152K(732160K), 0.0014501 secs] [Times: user=0.01 sys=0.00, real=0.01 secs] 
910.075: [GC (Allocation Failure) [PSYoungGen: 66544K->1472K(67584K)] 379200K->314136K(731648K), 0.0017761 secs] [Times: user=0.01 sys=0.00, real=0.00 secs] 
910.349: [GC (Allocation Failure) [PSYoungGen: 67520K->1376K(67584K)] 380184K->314040K(731648K), 0.0018286 secs] [Times: user=0.00 sys=0.00, real=0.00 secs] 
910.623: [GC (Allocation Failure) [PSYoungGen: 67424K->1424K(67584K)] 380088K->314088K(731648K), 0.0017414 secs] [Times: user=0.01 sys=0.00, real=0.00 secs] 
910.897: [GC (Allocation Failure) [PSYoungGen: 67472K->1424K(67584K)] 380136K->314088K(731648K), 0.0018270 secs] [Times: user=0.01 sys=0.00, real=0.00 secs] 
911.171: [GC (Allocation Failure) [PSYoungGen: 67472K->1485K(67584K)] 380136K->314150K(731648K), 0.0015852 secs] [Times: user=0.01 sys=0.00, real=0.00 secs] 
911.287: [GC (Allocation Failure) [PSYoungGen: 67533K->1501K(67584K)] 380198K->314165K(731648K), 0.0015471 secs] [Times: user=0.01 sys=0.00, real=0.00 secs] 
911.402: [GC (Allocation Failure) [PSYoungGen: 67549K->1533K(67584K)] 380213K->314198K(731648K), 0.0014861 secs] [Times: user=0.00 sys=0.00, real=0.00 secs] 
911.517: [GC (Allocation Failure) [PSYoungGen: 67581K->1485K(71680K)] 380246K->314158K(735744K), 0.0015426 secs] [Times: user=0.01 sys=0.00, real=0.00 secs] 
912.219: [GC (Allocation Failure) [PSYoungGen: 71117K->1440K(70656K)] 383790K->314112K(734720K), 0.0035395 secs] [Times: user=0.01 sys=0.00, real=0.00 secs] 
913.465: [GC (Allocation Failure) [PSYoungGen: 70560K->1376K(70144K)] 383232K->314072K(734208K), 0.0041092 secs] [Times: user=0.02 sys=0.00, real=0.01 secs] 
913.964: [GC (Allocation Failure) [PSYoungGen: 69984K->1408K(69632K)] 382680K->314104K(733696K), 0.0020127 secs] [Times: user=0.01 sys=0.00, real=0.00 secs] 
914.248: [GC (Allocation Failure) [PSYoungGen: 69504K->1424K(69120K)] 382200K->314128K(733184K), 0.0022103 secs] [Times: user=0.01 sys=0.01, real=0.00 secs] 
914.539: [GC (Allocation Failure) [PSYoungGen: 69008K->1501K(68608K)] 381712K->314205K(732672K), 0.0016135 secs] [Times: user=0.00 sys=0.00, real=0.00 secs] 
914.695: [GC (Allocation Failure) [PSYoungGen: 68573K->1520K(68096K)] 381277K->314224K(732160K), 0.0019483 secs] [Times: user=0.01 sys=0.00, real=0.01 secs] 
914.848: [GC (Allocation Failure) [PSYoungGen: 68080K->1533K(67584K)] 380784K->314262K(731648K), 0.0017786 secs] [Times: user=0.01 sys=0.00, real=0.00 secs] 
915.010: [GC (Allocation Failure) [PSYoungGen: 67581K->1501K(67584K)] 380310K->314262K(731648K), 0.0020632 secs] [Times: user=0.01 sys=0.00, real=0.00 secs] 
915.659: [GC (Allocation Failure) [PSYoungGen: 67549K->1424K(67584K)] 380310K->314184K(731648K), 0.0033848 secs] [Times: user=0.01 sys=0.00, real=0.00 secs] 
916.554: [GC (Allocation Failure) [PSYoungGen: 67472K->1408K(67584K)] 380232K->314168K(731648K), 0.0035323 secs] [Times: user=0.01 sys=0.00, real=0.01 secs] 
917.311: [GC (Allocation Failure) [PSYoungGen: 67456K->1344K(67584K)] 380216K->314104K(731648K), 0.0050831 secs] [Times: user=0.02 sys=0.00, real=0.00 secs] 
917.855: [GC (Allocation Failure) [PSYoungGen: 67392K->1408K(67584K)] 380152K->314168K(731648K), 0.0028413 secs] [Times: user=0.01 sys=0.00, real=0.01 secs] 
918.691: [GC (Allocation Failure) [PSYoungGen: 67456K->1485K(67584K)] 380216K->314246K(731648K), 0.0024696 secs] [Times: user=0.01 sys=0.00, real=0.00 secs] 
918.870: [GC (Allocation Failure) [PSYoungGen: 67533K->1501K(67584K)] 380294K->314261K(731648K), 0.0018096 secs] [Times: user=0.01 sys=0.00, real=0.00 secs] 
919.002: [GC (Allocation Failure) [PSYoungGen: 67549K->1501K(68096K)] 380309K->314261K(732160K), 0.0018231 secs] [Times: user=0.01 sys=0.00, real=0.00 secs] 
919.148: [GC (Allocation Failure) [PSYoungGen: 67549K->1536K(68096K)] 380309K->314304K(732160K), 0.0018898 secs] [Times: user=0.01 sys=0.00, real=0.00 secs] 
920.113: [GC (Allocation Failure) [PSYoungGen: 67584K->1472K(68096K)] 380352K->314248K(732160K), 0.0040501 secs] [Times: user=0.01 sys=0.00, real=0.01 secs] 
921.765: [GC (Allocation Failure) [PSYoungGen: 67520K->1424K(68096K)] 380296K->314200K(732160K), 0.0026812 secs] [Times: user=0.01 sys=0.00, real=0.01 secs] 
922.330: [GC (Allocation Failure) [PSYoungGen: 67472K->1376K(68096K)] 380248K->314152K(732160K), 0.0026522 secs] [Times: user=0.01 sys=0.00, real=0.00 secs] 
922.889: [GC (Allocation Failure) [PSYoungGen: 67424K->1408K(68096K)] 380200K->314184K(732160K), 0.0026146 secs] [Times: user=0.01 sys=0.00, real=0.00 secs] 
923.648: [GC (Allocation Failure) [PSYoungGen: 67456K->1408K(68096K)] 380232K->314184K(732160K), 0.0027706 secs] [Times: user=0.02 sys=0.00, real=0.00 secs] 
923.976: [GC (Allocation Failure) [PSYoungGen: 67456K->1472K(68096K)] 380232K->314248K(732160K), 0.0018575 secs] [Times: user=0.01 sys=0.00, real=0.01 secs] 
924.102: [GC (Allocation Failure) [PSYoungGen: 67496K->1501K(68096K)] 380273K->314277K(732160K), 0.0015453 secs] [Times: user=0.00 sys=0.00, real=0.00 secs] 
924.217: [GC (Allocation Failure) [PSYoungGen: 67549K->1485K(68096K)] 380325K->314270K(732160K), 0.0015410 secs] [Times: user=0.00 sys=0.00, real=0.00 secs] 
924.335: [GC (Allocation Failure) [PSYoungGen: 67398K->224K(68096K)] 380182K->313008K(732160K), 0.0013558 secs] [Times: user=0.01 sys=0.00, real=0.00 secs] 
925.391: [GC (Allocation Failure) [PSYoungGen: 66272K->1376K(68096K)] 379056K->314160K(732160K), 0.0039881 secs] [Times: user=0.01 sys=0.00, real=0.00 secs] 
926.269: [GC (Allocation Failure) [PSYoungGen: 67424K->1376K(68096K)] 380208K->314176K(732160K), 0.0039061 secs] [Times: user=0.02 sys=0.00, real=0.00 secs] 
927.250: [GC (Allocation Failure) [PSYoungGen: 67424K->1440K(68096K)] 380224K->314240K(732160K), 0.0036994 secs] [Times: user=0.01 sys=0.00, real=0.00 secs] 
928.229: [GC (Allocation Failure) [PSYoungGen: 67488K->1376K(68096K)] 380288K->314176K(732160K), 0.0040121 secs] [Times: user=0.01 sys=0.00, real=0.00 secs] 
928.882: [GC (Allocation Failure) [PSYoungGen: 67424K->1536K(68096K)] 380224K->314336K(732160K), 0.0021632 secs] [Times: user=0.01 sys=0.00, real=0.00 secs] 
929.020: [GC (Allocation Failure) [PSYoungGen: 67584K->1533K(68096K)] 380384K->314334K(732160K), 0.0014798 secs] [Times: user=0.01 sys=0.00, real=0.00 secs] 
929.136: [GC (Allocation Failure) [PSYoungGen: 67581K->1501K(68096K)] 380382K->314317K(732160K), 0.0016352 secs] [Times: user=0.01 sys=0.00, real=0.01 secs] 
929.268: [GC (Allocation Failure) [PSYoungGen: 67549K->1453K(68096K)] 380365K->314270K(732160K), 0.0019469 secs] [Times: user=0.01 sys=0.00, real=0.00 secs] 
930.184: [GC (Allocation Failure) [PSYoungGen: 67501K->1456K(68096K)] 380318K->314272K(732160K), 0.0033317 secs] [Times: user=0.01 sys=0.00, real=0.01 secs] 
931.041: [GC (Allocation Failure) [PSYoungGen: 67504K->1440K(68096K)] 380320K->314256K(732160K), 0.0030868 secs] [Times: user=0.01 sys=0.00, real=0.00 secs] 
932.113: [GC (Allocation Failure) [PSYoungGen: 67488K->1344K(68096K)] 380304K->314160K(732160K), 0.0032296 secs] [Times: user=0.01 sys=0.00, real=0.00 secs] 
932.896: [GC (Allocation Failure) [PSYoungGen: 67392K->1408K(68096K)] 380208K->314224K(732160K), 0.0027301 secs] [Times: user=0.01 sys=0.00, real=0.01 secs] 
933.556: [GC (Allocation Failure) [PSYoungGen: 67456K->1501K(68096K)] 380272K->314317K(732160K), 0.0017393 secs] [Times: user=0.01 sys=0.00, real=0.01 secs] 
933.677: [GC (Allocation Failure) [PSYoungGen: 67549K->1469K(68096K)] 380365K->314285K(732160K), 0.0017327 secs] [Times: user=0.01 sys=0.00, real=0.00 secs] 
933.793: [GC (Allocation Failure) [PSYoungGen: 67517K->1453K(68096K)] 380333K->314278K(732160K), 0.0017268 secs] [Times: user=0.00 sys=0.00, real=0.00 secs] 
933.908: [GC (Allocation Failure) [PSYoungGen: 67501K->1501K(68096K)] 380326K->314333K(732160K), 0.0017624 secs] [Times: user=0.01 sys=0.00, real=0.00 secs] 
934.795: [GC (Allocation Failure) [PSYoungGen: 67549K->1456K(68096K)] 380381K->314288K(732160K), 0.0026069 secs] [Times: user=0.01 sys=0.00, real=0.01 secs] 
935.620: [GC (Allocation Failure) [PSYoungGen: 67504K->1440K(68096K)] 380336K->314272K(732160K), 0.0031810 secs] [Times: user=0.02 sys=0.00, real=0.00 secs] 
936.183: [GC (Allocation Failure) [PSYoungGen: 67488K->1408K(68096K)] 380320K->314256K(732160K), 0.0023585 secs] [Times: user=0.01 sys=0.00, real=0.00 secs] 
936.967: [GC (Allocation Failure) [PSYoungGen: 67456K->1376K(68096K)] 380304K->314224K(732160K), 0.0023840 secs] [Times: user=0.01 sys=0.00, real=0.00 secs] 
937.385: [GC (Allocation Failure) [PSYoungGen: 67424K->1472K(68096K)] 380272K->314320K(732160K), 0.0019117 secs] [Times: user=0.01 sys=0.00, real=0.00 secs] 
937.515: [GC (Allocation Failure) [PSYoungGen: 67520K->1533K(68096K)] 380368K->314382K(732160K), 0.0015725 secs] [Times: user=0.01 sys=0.00, real=0.00 secs] 
937.631: [GC (Allocation Failure) [PSYoungGen: 67581K->1501K(68096K)] 380430K->314349K(732160K), 0.0015002 secs] [Times: user=0.01 sys=0.00, real=0.00 secs] 
937.747: [GC (Allocation Failure) [PSYoungGen: 67549K->1501K(68096K)] 380397K->314357K(732160K), 0.0015544 secs] [Times: user=0.00 sys=0.00, real=0.01 secs] 
938.208: [GC (Allocation Failure) [PSYoungGen: 67549K->1472K(68096K)] 380405K->314328K(732160K), 0.0019379 secs] [Times: user=0.01 sys=0.00, real=0.00 secs] 
938.860: [GC (Allocation Failure) [PSYoungGen: 67520K->1408K(68096K)] 380376K->314264K(732160K), 0.0022209 secs] [Times: user=0.01 sys=0.00, real=0.00 secs] 
939.493: [GC (Allocation Failure) [PSYoungGen: 67456K->1440K(68096K)] 380312K->314296K(732160K), 0.0019098 secs] [Times: user=0.01 sys=0.00, real=0.00 secs] 
939.816: [GC (Allocation Failure) [PSYoungGen: 67488K->1376K(68096K)] 380344K->314232K(732160K), 0.0019542 secs] [Times: user=0.01 sys=0.00, real=0.01 secs] 
940.120: [GC (Allocation Failure) [PSYoungGen: 67424K->1469K(68096K)] 380280K->314325K(732160K), 0.0020662 secs] [Times: user=0.01 sys=0.00, real=0.00 secs] 
940.276: [GC (Allocation Failure) [PSYoungGen: 67517K->1501K(68096K)] 380373K->314357K(732160K), 0.0017041 secs] [Times: user=0.00 sys=0.00, real=0.01 secs] 
940.427: [GC (Allocation Failure) [PSYoungGen: 67549K->1485K(68096K)] 380405K->314342K(732160K), 0.0015288 secs] [Times: user=0.01 sys=0.00, real=0.01 secs] 
940.542: [GC (Allocation Failure) [PSYoungGen: 67533K->1536K(68096K)] 380390K->314408K(732160K), 0.0015491 secs] [Times: user=0.01 sys=0.00, real=0.00 secs] 
940.961: [GC (Allocation Failure) [PSYoungGen: 67584K->1376K(68096K)] 380456K->314248K(732160K), 0.0029757 secs] [Times: user=0.02 sys=0.00, real=0.00 secs] 
941.527: [GC (Allocation Failure) [PSYoungGen: 67424K->1440K(68096K)] 380296K->314312K(732160K), 0.0024539 secs] [Times: user=0.01 sys=0.00, real=0.00 secs] 
942.254: [GC (Allocation Failure) [PSYoungGen: 67488K->1408K(68096K)] 380360K->314280K(732160K), 0.0028350 secs] [Times: user=0.02 sys=0.00, real=0.01 secs] 
942.779: [GC (Allocation Failure) [PSYoungGen: 67456K->1376K(68096K)] 380328K->314248K(732160K), 0.0021744 secs] [Times: user=0.01 sys=0.00, real=0.00 secs] 
943.327: [GC (Allocation Failure) [PSYoungGen: 67424K->1453K(68096K)] 380296K->314326K(732160K), 0.0017525 secs] [Times: user=0.00 sys=0.00, real=0.01 secs] 
943.463: [GC (Allocation Failure) [PSYoungGen: 67501K->1501K(68096K)] 380374K->314397K(732160K), 0.0014921 secs] [Times: user=0.01 sys=0.00, real=0.00 secs] 
943.579: [GC (Allocation Failure) [PSYoungGen: 67549K->1501K(68096K)] 380445K->314398K(732160K), 0.0015686 secs] [Times: user=0.00 sys=0.00, real=0.00 secs] 
943.695: [GC (Allocation Failure) [PSYoungGen: 67549K->1469K(68096K)] 380446K->314373K(732160K), 0.0014962 secs] [Times: user=0.00 sys=0.00, real=0.00 secs] 
944.132: [GC (Allocation Failure) [PSYoungGen: 67517K->1440K(68096K)] 380421K->314344K(732160K), 0.0020743 secs] [Times: user=0.01 sys=0.00, real=0.00 secs] 
944.971: [GC (Allocation Failure) [PSYoungGen: 67488K->1376K(68096K)] 380392K->314280K(732160K), 0.0022681 secs] [Times: user=0.01 sys=0.00, real=0.00 secs] 
945.802: [GC (Allocation Failure) [PSYoungGen: 67424K->1440K(68096K)] 380328K->314344K(732160K), 0.0027793 secs] [Times: user=0.01 sys=0.00, real=0.00 secs] 
946.423: [GC (Allocation Failure) [PSYoungGen: 67488K->1376K(68096K)] 380392K->314280K(732160K), 0.0018788 secs] [Times: user=0.01 sys=0.00, real=0.00 secs] 
946.964: [GC (Allocation Failure) [PSYoungGen: 67424K->1376K(68096K)] 380328K->314280K(732160K), 0.0019018 secs] [Times: user=0.01 sys=0.00, real=0.00 secs] 
947.113: [GC (Allocation Failure) [PSYoungGen: 67424K->1501K(68096K)] 380328K->314406K(732160K), 0.0056044 secs] [Times: user=0.02 sys=0.00, real=0.01 secs] 
947.260: [GC (Allocation Failure) [PSYoungGen: 67549K->1533K(68096K)] 380454K->314462K(732160K), 0.0017174 secs] [Times: user=0.01 sys=0.00, real=0.00 secs] 
947.417: [GC (Allocation Failure) [PSYoungGen: 67581K->1485K(75776K)] 380510K->314414K(739840K), 0.0016776 secs] [Times: user=0.01 sys=0.01, real=0.00 secs] 
947.741: [GC (Allocation Failure) [PSYoungGen: 75213K->1984K(75776K)] 388142K->314928K(739840K), 0.0020013 secs] [Times: user=0.00 sys=0.00, real=0.00 secs] 
948.407: [GC (Allocation Failure) [PSYoungGen: 75712K->1424K(74752K)] 388656K->314368K(738816K), 0.0023995 secs] [Times: user=0.01 sys=0.00, real=0.01 secs] 
948.988: [GC (Allocation Failure) [PSYoungGen: 74640K->1408K(74240K)] 387584K->314352K(738304K), 0.0024391 secs] [Times: user=0.01 sys=0.00, real=0.00 secs] 
949.291: [GC (Allocation Failure) [PSYoungGen: 74112K->1392K(73728K)] 387056K->314336K(737792K), 0.0020116 secs] [Times: user=0.01 sys=0.00, real=0.00 secs] 
949.582: [GC (Allocation Failure) [PSYoungGen: 73584K->1517K(73216K)] 386528K->314462K(737280K), 0.0019193 secs] [Times: user=0.01 sys=0.00, real=0.00 secs] 
949.712: [GC (Allocation Failure) [PSYoungGen: 73197K->1488K(72704K)] 386142K->314432K(736768K), 0.0015460 secs] [Times: user=0.00 sys=0.00, real=0.00 secs] 
949.838: [GC (Allocation Failure) [PSYoungGen: 72656K->1469K(72192K)] 385600K->314413K(736256K), 0.0015789 secs] [Times: user=0.01 sys=0.00, real=0.00 secs] 
949.962: [GC (Allocation Failure) [PSYoungGen: 72125K->1501K(79360K)] 385069K->314453K(743424K), 0.0015255 secs] [Times: user=0.01 sys=0.00, real=0.00 secs] 
950.900: [GC (Allocation Failure) [PSYoungGen: 79325K->1440K(78848K)] 392277K->314392K(742912K), 0.0029481 secs] [Times: user=0.01 sys=0.00, real=0.00 secs] 
951.714: [GC (Allocation Failure) [PSYoungGen: 78752K->1376K(78336K)] 391704K->314328K(742400K), 0.0027524 secs] [Times: user=0.01 sys=0.00, real=0.01 secs] 
952.677: [GC (Allocation Failure) [PSYoungGen: 78176K->1424K(77824K)] 391128K->314376K(741888K), 0.0033098 secs] [Times: user=0.02 sys=0.00, real=0.01 secs] 
953.975: [GC (Allocation Failure) [PSYoungGen: 77712K->1421K(77312K)] 390664K->314374K(741376K), 0.0035052 secs] [Times: user=0.01 sys=0.00, real=0.01 secs] 
954.240: [GC (Allocation Failure) [PSYoungGen: 77197K->1536K(77312K)] 390150K->314488K(741376K), 0.0018821 secs] [Times: user=0.01 sys=0.00, real=0.00 secs] 
954.382: [GC (Allocation Failure) [PSYoungGen: 76800K->1472K(76288K)] 389752K->314424K(740352K), 0.0015462 secs] [Times: user=0.01 sys=0.00, real=0.00 secs] 
954.532: [GC (Allocation Failure) [PSYoungGen: 76224K->1565K(76288K)] 389176K->314518K(740352K), 0.0019417 secs] [Times: user=0.00 sys=0.00, real=0.00 secs] 
955.640: [GC (Allocation Failure) [PSYoungGen: 75805K->400K(74240K)] 388758K->314408K(738304K), 0.0029847 secs] [Times: user=0.01 sys=0.00, real=0.00 secs] 
956.101: [GC (Allocation Failure) [PSYoungGen: 74128K->352K(75264K)] 388136K->314360K(739328K), 0.0020432 secs] [Times: user=0.01 sys=0.00, real=0.00 secs] 
956.473: [GC (Allocation Failure) [PSYoungGen: 73568K->384K(73728K)] 387576K->314392K(737792K), 0.0018563 secs] [Times: user=0.01 sys=0.00, real=0.00 secs] 
956.903: [GC (Allocation Failure) [PSYoungGen: 73088K->384K(74240K)] 387096K->314392K(738304K), 0.0017266 secs] [Times: user=0.00 sys=0.00, real=0.00 secs] 
957.138: [GC (Allocation Failure) [PSYoungGen: 72576K->1501K(73728K)] 386584K->315510K(737792K), 0.0014945 secs] [Times: user=0.00 sys=0.00, real=0.00 secs] 
957.281: [GC (Allocation Failure) [PSYoungGen: 73181K->1536K(73216K)] 387190K->315544K(737280K), 0.0019946 secs] [Times: user=0.01 sys=0.00, real=0.00 secs] 
957.483: [GC (Allocation Failure) [PSYoungGen: 72704K->1501K(72704K)] 386712K->315510K(736768K), 0.0024133 secs] [Times: user=0.01 sys=0.00, real=0.00 secs] 
957.842: [GC (Allocation Failure) [PSYoungGen: 72157K->1472K(71680K)] 386166K->315480K(735744K), 0.0021461 secs] [Times: user=0.00 sys=0.00, real=0.00 secs] 
959.098: [GC (Allocation Failure) [PSYoungGen: 71616K->1344K(71680K)] 385624K->315352K(735744K), 0.0035264 secs] [Times: user=0.01 sys=0.00, real=0.00 secs] 
960.071: [GC (Allocation Failure) [PSYoungGen: 70976K->1440K(70656K)] 384984K->315448K(734720K), 0.0030001 secs] [Times: user=0.01 sys=0.00, real=0.00 secs] 
961.249: [GC (Allocation Failure) [PSYoungGen: 70560K->1376K(70656K)] 384568K->315384K(734720K), 0.0023298 secs] [Times: user=0.01 sys=0.00, real=0.00 secs] 
962.001: [GC (Allocation Failure) [PSYoungGen: 69984K->1469K(69632K)] 383992K->315478K(733696K), 0.0021251 secs] [Times: user=0.01 sys=0.00, real=0.00 secs] 
962.199: [GC (Allocation Failure) [PSYoungGen: 69565K->1565K(69632K)] 383574K->315574K(733696K), 0.0021954 secs] [Times: user=0.01 sys=0.00, real=0.00 secs] 
962.350: [GC (Allocation Failure) [PSYoungGen: 69149K->1565K(69120K)] 383158K->315574K(733184K), 0.0016681 secs] [Times: user=0.01 sys=0.00, real=0.00 secs] 
962.468: [GC (Allocation Failure) [PSYoungGen: 68616K->1485K(68608K)] 382625K->315494K(732672K), 0.0016025 secs] [Times: user=0.01 sys=0.00, real=0.00 secs] 
963.022: [GC (Allocation Failure) [PSYoungGen: 68045K->1424K(67584K)] 382054K->315432K(731648K), 0.0045073 secs] [Times: user=0.02 sys=0.00, real=0.00 secs] 
963.610: [GC (Allocation Failure) [PSYoungGen: 67472K->1408K(68096K)] 381480K->315416K(732160K), 0.0024359 secs] [Times: user=0.01 sys=0.00, real=0.00 secs] 
964.237: [GC (Allocation Failure) [PSYoungGen: 67456K->1408K(68096K)] 381464K->315416K(732160K), 0.0024190 secs] [Times: user=0.01 sys=0.00, real=0.00 secs] 
964.773: [GC (Allocation Failure) [PSYoungGen: 67456K->1424K(68096K)] 381464K->315432K(732160K), 0.0022499 secs] [Times: user=0.01 sys=0.00, real=0.00 secs] 
965.480: [GC (Allocation Failure) [PSYoungGen: 67472K->1488K(68096K)] 381480K->315496K(732160K), 0.0026647 secs] [Times: user=0.01 sys=0.00, real=0.00 secs] 
965.703: [GC (Allocation Failure) [PSYoungGen: 67536K->1565K(68096K)] 381544K->315574K(732160K), 0.0019586 secs] [Times: user=0.00 sys=0.00, real=0.00 secs] 
965.841: [GC (Allocation Failure) [PSYoungGen: 67613K->1501K(68096K)] 381622K->315510K(732160K), 0.0017158 secs] [Times: user=0.00 sys=0.00, real=0.00 secs] 
965.956: [GC (Allocation Failure) [PSYoungGen: 67549K->1504K(68096K)] 381558K->315536K(732160K), 0.0015373 secs] [Times: user=0.01 sys=0.00, real=0.01 secs] 
966.118: [GC (Allocation Failure) [PSYoungGen: 67552K->1968K(68096K)] 381584K->316000K(732160K), 0.0018778 secs] [Times: user=0.01 sys=0.00, real=0.00 secs] 
966.396: [GC (Allocation Failure) [PSYoungGen: 68016K->1408K(68096K)] 382048K->315440K(732160K), 0.0020233 secs] [Times: user=0.01 sys=0.00, real=0.01 secs] 
966.668: [GC (Allocation Failure) [PSYoungGen: 67456K->1440K(68096K)] 381488K->315472K(732160K), 0.0019689 secs] [Times: user=0.01 sys=0.00, real=0.00 secs] 
966.951: [GC (Allocation Failure) [PSYoungGen: 67488K->1440K(68096K)] 381520K->315472K(732160K), 0.0018096 secs] [Times: user=0.01 sys=0.00, real=0.00 secs] 
967.230: [GC (Allocation Failure) [PSYoungGen: 67488K->1376K(68096K)] 381520K->315408K(732160K), 0.0018346 secs] [Times: user=0.01 sys=0.00, real=0.00 secs] 
967.442: [GC (Allocation Failure) [PSYoungGen: 67424K->1501K(68096K)] 381456K->315534K(732160K), 0.0020406 secs] [Times: user=0.01 sys=0.00, real=0.00 secs] 
967.590: [GC (Allocation Failure) [PSYoungGen: 67549K->1469K(68096K)] 381582K->315502K(732160K), 0.0015189 secs] [Times: user=0.00 sys=0.00, real=0.00 secs] 
967.739: [GC (Allocation Failure) [PSYoungGen: 67517K->1504K(68096K)] 381550K->315544K(732160K), 0.0018977 secs] [Times: user=0.01 sys=0.00, real=0.00 secs] 
967.899: [GC (Allocation Failure) [PSYoungGen: 67552K->1501K(68096K)] 381592K->315542K(732160K), 0.0015979 secs] [Times: user=0.01 sys=0.00, real=0.00 secs] 
968.338: [GC (Allocation Failure) [PSYoungGen: 67549K->1440K(68096K)] 381590K->315480K(732160K), 0.0025365 secs] [Times: user=0.01 sys=0.00, real=0.00 secs] 
968.603: [GC (Allocation Failure) [PSYoungGen: 67488K->1376K(68096K)] 381528K->315416K(732160K), 0.0019098 secs] [Times: user=0.01 sys=0.00, real=0.00 secs] 
968.877: [GC (Allocation Failure) [PSYoungGen: 67424K->1408K(68096K)] 381464K->315448K(732160K), 0.0017743 secs] [Times: user=0.01 sys=0.01, real=0.00 secs] 
969.152: [GC (Allocation Failure) [PSYoungGen: 67456K->1392K(68096K)] 381496K->315432K(732160K), 0.0018734 secs] [Times: user=0.01 sys=0.00, real=0.00 secs] 
969.334: [GC (Allocation Failure) [PSYoungGen: 67440K->1485K(68096K)] 381480K->315526K(732160K), 0.0015420 secs] [Times: user=0.01 sys=0.00, real=0.00 secs] 
969.449: [GC (Allocation Failure) [PSYoungGen: 67517K->1501K(68096K)] 381558K->315542K(732160K), 0.0016121 secs] [Times: user=0.01 sys=0.00, real=0.00 secs] 
969.565: [GC (Allocation Failure) [PSYoungGen: 67549K->1517K(68096K)] 381590K->315566K(732160K), 0.0016589 secs] [Times: user=0.01 sys=0.00, real=0.00 secs] 
969.680: [GC (Allocation Failure) [PSYoungGen: 67565K->1517K(68096K)] 381614K->315566K(732160K), 0.0014845 secs] [Times: user=0.01 sys=0.00, real=0.00 secs] 
970.619: [GC (Allocation Failure) [PSYoungGen: 67565K->1408K(67584K)] 381614K->315456K(731648K), 0.0027550 secs] [Times: user=0.01 sys=0.00, real=0.00 secs] 
971.305: [GC (Allocation Failure) [PSYoungGen: 67456K->1408K(67584K)] 381504K->315456K(731648K), 0.0024789 secs] [Times: user=0.01 sys=0.00, real=0.01 secs] 
972.126: [GC (Allocation Failure) [PSYoungGen: 67456K->1408K(67584K)] 381504K->315456K(731648K), 0.0030539 secs] [Times: user=0.01 sys=0.00, real=0.01 secs] 
972.704: [GC (Allocation Failure) [PSYoungGen: 67456K->1392K(67584K)] 381504K->315448K(731648K), 0.0022004 secs] [Times: user=0.01 sys=0.00, real=0.00 secs] 
973.006: [GC (Allocation Failure) [PSYoungGen: 67440K->1501K(67584K)] 381496K->315582K(731648K), 0.0014137 secs] [Times: user=0.01 sys=0.00, real=0.01 secs] 
973.122: [GC (Allocation Failure) [PSYoungGen: 67549K->1501K(67584K)] 381630K->315582K(731648K), 0.0015819 secs] [Times: user=0.01 sys=0.00, real=0.00 secs] 
973.254: [GC (Allocation Failure) [PSYoungGen: 67549K->1472K(67584K)] 381630K->315552K(731648K), 0.0019465 secs] [Times: user=0.01 sys=0.00, real=0.00 secs] 
973.410: [GC (Allocation Failure) [PSYoungGen: 67520K->1501K(71680K)] 381600K->315590K(735744K), 0.0022120 secs] [Times: user=0.01 sys=0.00, real=0.00 secs] 
973.685: [GC (Allocation Failure) [PSYoungGen: 71133K->1440K(75264K)] 385222K->315528K(739328K), 0.0022533 secs] [Times: user=0.01 sys=0.00, real=0.01 secs] 
973.990: [GC (Allocation Failure) [PSYoungGen: 74656K->1440K(74240K)] 388744K->315528K(738304K), 0.0018583 secs] [Times: user=0.01 sys=0.00, real=0.00 secs] 
974.292: [GC (Allocation Failure) [PSYoungGen: 74144K->1392K(73728K)] 388232K->315480K(737792K), 0.0018654 secs] [Times: user=0.01 sys=0.00, real=0.00 secs] 
974.592: [GC (Allocation Failure) [PSYoungGen: 73584K->1408K(73216K)] 387672K->315496K(737280K), 0.0018085 secs] [Times: user=0.01 sys=0.00, real=0.00 secs] 
974.772: [GC (Allocation Failure) [PSYoungGen: 73088K->1565K(73216K)] 387176K->315654K(737280K), 0.0014447 secs] [Times: user=0.00 sys=0.00, real=0.00 secs] 
974.916: [GC (Allocation Failure) [PSYoungGen: 72733K->1536K(72704K)] 386822K->315632K(736768K), 0.0018954 secs] [Times: user=0.01 sys=0.00, real=0.01 secs] 
975.079: [GC (Allocation Failure) [PSYoungGen: 72192K->509K(70656K)] 386288K->315630K(734720K), 0.0015862 secs] [Times: user=0.01 sys=0.00, real=0.00 secs] 
975.325: [GC (Allocation Failure) [PSYoungGen: 70653K->1472K(71680K)] 385774K->316592K(735744K), 0.0020869 secs] [Times: user=0.01 sys=0.00, real=0.01 secs] 
975.615: [GC (Allocation Failure) [PSYoungGen: 71104K->1408K(70656K)] 386224K->316528K(734720K), 0.0020978 secs] [Times: user=0.01 sys=0.00, real=0.00 secs] 
975.902: [GC (Allocation Failure) [PSYoungGen: 70528K->1408K(70144K)] 385648K->316528K(734208K), 0.0019409 secs] [Times: user=0.01 sys=0.00, real=0.00 secs] 
976.188: [GC (Allocation Failure) [PSYoungGen: 70016K->1408K(69632K)] 385136K->316528K(733696K), 0.0017092 secs] [Times: user=0.01 sys=0.00, real=0.00 secs] 
976.788: [GC (Allocation Failure) [PSYoungGen: 69504K->1485K(69120K)] 384624K->316606K(733184K), 0.0025914 secs] [Times: user=0.01 sys=0.00, real=0.00 secs] 
976.951: [GC (Allocation Failure) [PSYoungGen: 69069K->1501K(68608K)] 384190K->316622K(732672K), 0.0017101 secs] [Times: user=0.01 sys=0.00, real=0.00 secs] 
977.069: [GC (Allocation Failure) [PSYoungGen: 68573K->1472K(68096K)] 383694K->316592K(732160K), 0.0016326 secs] [Times: user=0.01 sys=0.00, real=0.00 secs] 
977.185: [GC (Allocation Failure) [PSYoungGen: 68032K->1440K(68608K)] 383152K->316560K(732672K), 0.0014907 secs] [Times: user=0.01 sys=0.00, real=0.00 secs] 
977.875: [GC (Allocation Failure) [PSYoungGen: 68512K->1472K(68096K)] 383632K->316600K(732160K), 0.0042006 secs] [Times: user=0.01 sys=0.00, real=0.01 secs] 
978.767: [GC (Allocation Failure) [PSYoungGen: 68032K->1408K(67584K)] 383160K->316536K(731648K), 0.0038594 secs] [Times: user=0.02 sys=0.00, real=0.00 secs] 
979.858: [GC (Allocation Failure) [PSYoungGen: 67456K->1392K(68096K)] 382584K->316520K(732160K), 0.0040176 secs] [Times: user=0.01 sys=0.00, real=0.00 secs] 
980.752: [GC (Allocation Failure) [PSYoungGen: 67440K->1376K(68096K)] 382568K->316504K(732160K), 0.0039622 secs] [Times: user=0.02 sys=0.00, real=0.00 secs] 
981.739: [GC (Allocation Failure) [PSYoungGen: 67255K->288K(68096K)] 382383K->315416K(732160K), 0.0038988 secs] [Times: user=0.01 sys=0.00, real=0.00 secs] 
981.953: [GC (Allocation Failure) [PSYoungGen: 66336K->1517K(68096K)] 381464K->316646K(732160K), 0.0019620 secs] [Times: user=0.01 sys=0.00, real=0.00 secs] 
982.076: [GC (Allocation Failure) [PSYoungGen: 67565K->1533K(68096K)] 382694K->316662K(732160K), 0.0017056 secs] [Times: user=0.01 sys=0.00, real=0.01 secs] 
982.191: [GC (Allocation Failure) [PSYoungGen: 67581K->1501K(68096K)] 382710K->316646K(732160K), 0.0015017 secs] [Times: user=0.01 sys=0.00, real=0.00 secs] 
982.532: [GC (Allocation Failure) [PSYoungGen: 67549K->1984K(68096K)] 382694K->317128K(732160K), 0.0019852 secs] [Times: user=0.00 sys=0.00, real=0.00 secs] 
983.656: [GC (Allocation Failure) [PSYoungGen: 68032K->1440K(68096K)] 383176K->316584K(732160K), 0.0020770 secs] [Times: user=0.01 sys=0.00, real=0.01 secs] 
984.562: [GC (Allocation Failure) [PSYoungGen: 67488K->1408K(68096K)] 382632K->316552K(732160K), 0.0022710 secs] [Times: user=0.01 sys=0.00, real=0.00 secs] 
985.267: [GC (Allocation Failure) [PSYoungGen: 67456K->1424K(68096K)] 382600K->316568K(732160K), 0.0024181 secs] [Times: user=0.01 sys=0.00, real=0.00 secs] 
986.213: [GC (Allocation Failure) [PSYoungGen: 67472K->1392K(68096K)] 382616K->316536K(732160K), 0.0034341 secs] [Times: user=0.01 sys=0.00, real=0.00 secs] 
986.738: [GC (Allocation Failure) [PSYoungGen: 67440K->1533K(68096K)] 382584K->316678K(732160K), 0.0018730 secs] [Times: user=0.01 sys=0.00, real=0.00 secs] 
986.871: [GC (Allocation Failure) [PSYoungGen: 67581K->1501K(68096K)] 382726K->316646K(732160K), 0.0016781 secs] [Times: user=0.01 sys=0.00, real=0.00 secs] 
986.986: [GC (Allocation Failure) [PSYoungGen: 67549K->1469K(68096K)] 382694K->316638K(732160K), 0.0015077 secs] [Times: user=0.00 sys=0.00, real=0.01 secs] 
987.118: [GC (Allocation Failure) [PSYoungGen: 67517K->1501K(68096K)] 382686K->316670K(732160K), 0.0018418 secs] [Times: user=0.00 sys=0.00, real=0.00 secs] 
988.732: [GC (Allocation Failure) [PSYoungGen: 67549K->1408K(68096K)] 382718K->316576K(732160K), 0.0029576 secs] [Times: user=0.02 sys=0.00, real=0.00 secs] 
989.841: [GC (Allocation Failure) [PSYoungGen: 67456K->1376K(68096K)] 382624K->316544K(732160K), 0.0028561 secs] [Times: user=0.01 sys=0.01, real=0.00 secs] 
990.578: [GC (Allocation Failure) [PSYoungGen: 67424K->1408K(68096K)] 382592K->316576K(732160K), 0.0027458 secs] [Times: user=0.01 sys=0.00, real=0.00 secs] 
991.409: [GC (Allocation Failure) [PSYoungGen: 67456K->1408K(68096K)] 382624K->316576K(732160K), 0.0038212 secs] [Times: user=0.01 sys=0.00, real=0.00 secs] 
991.991: [GC (Allocation Failure) [PSYoungGen: 67456K->1456K(68096K)] 382624K->316624K(732160K), 0.0021519 secs] [Times: user=0.01 sys=0.00, real=0.00 secs] 
992.187: [GC (Allocation Failure) [PSYoungGen: 67504K->1568K(68096K)] 382672K->316736K(732160K), 0.0019593 secs] [Times: user=0.01 sys=0.00, real=0.01 secs] 
992.362: [GC (Allocation Failure) [PSYoungGen: 67616K->1533K(68096K)] 382784K->316710K(732160K), 0.0018767 secs] [Times: user=0.01 sys=0.00, real=0.00 secs] 
992.518: [GC (Allocation Failure) [PSYoungGen: 67581K->1485K(68096K)] 382758K->316662K(732160K), 0.0015674 secs] [Times: user=0.01 sys=0.00, real=0.00 secs] 
993.163: [GC (Allocation Failure) [PSYoungGen: 67533K->1472K(68096K)] 382710K->316648K(732160K), 0.0025972 secs] [Times: user=0.01 sys=0.01, real=0.00 secs] 
993.738: [GC (Allocation Failure) [PSYoungGen: 67520K->1360K(68096K)] 382696K->316536K(732160K), 0.0022003 secs] [Times: user=0.00 sys=0.00, real=0.00 secs] 
994.223: [GC (Allocation Failure) [PSYoungGen: 67408K->1440K(68096K)] 382584K->316616K(732160K), 0.0019460 secs] [Times: user=0.01 sys=0.00, real=0.00 secs] 
994.799: [GC (Allocation Failure) [PSYoungGen: 67488K->1376K(68096K)] 382664K->316552K(732160K), 0.0019906 secs] [Times: user=0.01 sys=0.00, real=0.00 secs] 
995.484: [GC (Allocation Failure) [PSYoungGen: 67424K->1469K(68096K)] 382600K->316646K(732160K), 0.0018259 secs] [Times: user=0.01 sys=0.00, real=0.00 secs] 
995.614: [GC (Allocation Failure) [PSYoungGen: 67517K->1533K(68096K)] 382694K->316710K(732160K), 0.0016555 secs] [Times: user=0.01 sys=0.00, real=0.00 secs] 
995.729: [GC (Allocation Failure) [PSYoungGen: 67581K->1501K(68096K)] 382758K->316678K(732160K), 0.0015168 secs] [Times: user=0.00 sys=0.00, real=0.00 secs] 
995.845: [GC (Allocation Failure) [PSYoungGen: 67549K->1501K(68096K)] 382726K->316710K(732160K), 0.0017946 secs] [Times: user=0.01 sys=0.00, real=0.01 secs] 
996.352: [GC (Allocation Failure) [PSYoungGen: 67549K->1408K(67584K)] 382758K->316616K(731648K), 0.0024723 secs] [Times: user=0.01 sys=0.00, real=0.00 secs] 
996.969: [GC (Allocation Failure) [PSYoungGen: 67456K->1408K(67584K)] 382664K->316616K(731648K), 0.0024462 secs] [Times: user=0.01 sys=0.00, real=0.00 secs] 
997.244: [GC (Allocation Failure) [PSYoungGen: 67456K->1392K(67584K)] 382664K->316600K(731648K), 0.0018910 secs] [Times: user=0.01 sys=0.00, real=0.00 secs] 
997.630: [GC (Allocation Failure) [PSYoungGen: 67440K->1472K(67584K)] 382648K->316680K(731648K), 0.0022651 secs] [Times: user=0.01 sys=0.00, real=0.00 secs] 
998.067: [GC (Allocation Failure) [PSYoungGen: 67520K->1533K(67584K)] 382728K->316750K(731648K), 0.0018054 secs] [Times: user=0.01 sys=0.00, real=0.00 secs] 
998.197: [GC (Allocation Failure) [PSYoungGen: 67581K->1520K(67584K)] 382798K->316736K(731648K), 0.0015953 secs] [Times: user=0.00 sys=0.00, real=0.01 secs] 
998.313: [GC (Allocation Failure) [PSYoungGen: 67568K->1485K(67584K)] 382784K->316702K(731648K), 0.0016392 secs] [Times: user=0.01 sys=0.00, real=0.00 secs] 
998.434: [GC (Allocation Failure) [PSYoungGen: 67533K->1504K(71168K)] 382750K->316728K(735232K), 0.0015649 secs] [Times: user=0.01 sys=0.00, real=0.00 secs] 
999.697: [GC (Allocation Failure) [PSYoungGen: 70624K->1440K(70144K)] 385848K->316664K(734208K), 0.0030499 secs] [Times: user=0.01 sys=0.00, real=0.01 secs] 
1000.674: [GC (Allocation Failure) [PSYoungGen: 70048K->1440K(69632K)] 385272K->316664K(733696K), 0.0029141 secs] [Times: user=0.01 sys=0.00, real=0.00 secs] 
1001.022: [GC (Allocation Failure) [PSYoungGen: 69536K->1376K(69120K)] 384760K->316600K(733184K), 0.0020175 secs] [Times: user=0.00 sys=0.00, real=0.00 secs] 
1001.303: [GC (Allocation Failure) [PSYoungGen: 68960K->1376K(68608K)] 384184K->316600K(732672K), 0.0019035 secs] [Times: user=0.01 sys=0.00, real=0.00 secs] 
1001.597: [GC (Allocation Failure) [PSYoungGen: 68448K->1501K(68096K)] 383672K->316726K(732160K), 0.0017766 secs] [Times: user=0.00 sys=0.00, real=0.00 secs] 
1001.714: [GC (Allocation Failure) [PSYoungGen: 68061K->1533K(67584K)] 383286K->316758K(731648K), 0.0015949 secs] [Times: user=0.01 sys=0.00, real=0.00 secs] 
1001.830: [GC (Allocation Failure) [PSYoungGen: 67581K->1533K(67584K)] 382806K->316758K(731648K), 0.0014565 secs] [Times: user=0.01 sys=0.00, real=0.00 secs] 
1001.963: [GC (Allocation Failure) [PSYoungGen: 67581K->1456K(71168K)] 382806K->316688K(735232K), 0.0017484 secs] [Times: user=0.00 sys=0.00, real=0.00 secs] 
1002.721: [GC (Allocation Failure) [PSYoungGen: 70576K->1440K(70144K)] 385808K->316672K(734208K), 0.0029418 secs] [Times: user=0.01 sys=0.00, real=0.00 secs] 
1003.677: [GC (Allocation Failure) [PSYoungGen: 70048K->1424K(69632K)] 385280K->316656K(733696K), 0.0033966 secs] [Times: user=0.01 sys=0.01, real=0.01 secs] 
1004.435: [GC (Allocation Failure) [PSYoungGen: 69520K->1376K(69120K)] 384752K->316616K(733184K), 0.0023905 secs] [Times: user=0.01 sys=0.00, real=0.01 secs] 
1005.316: [GC (Allocation Failure) [PSYoungGen: 68960K->1408K(68608K)] 384200K->316648K(732672K), 0.0033365 secs] [Times: user=0.02 sys=0.00, real=0.01 secs] 
1006.398: [GC (Allocation Failure) [PSYoungGen: 68480K->1469K(68096K)] 383720K->316710K(732160K), 0.0025010 secs] [Times: user=0.02 sys=0.00, real=0.00 secs] 
1006.573: [GC (Allocation Failure) [PSYoungGen: 68029K->1453K(67584K)] 383270K->316694K(731648K), 0.0016530 secs] [Times: user=0.01 sys=0.00, real=0.00 secs] 
1006.689: [GC (Allocation Failure) [PSYoungGen: 67501K->1501K(67584K)] 382742K->316742K(731648K), 0.0015351 secs] [Times: user=0.01 sys=0.00, real=0.00 secs] 
1006.804: [GC (Allocation Failure) [PSYoungGen: 67549K->1469K(67584K)] 382790K->316726K(731648K), 0.0018002 secs] [Times: user=0.00 sys=0.00, real=0.00 secs] 
1007.427: [GC (Allocation Failure) [PSYoungGen: 67517K->1440K(67584K)] 382774K->316696K(731648K), 0.0019954 secs] [Times: user=0.01 sys=0.00, real=0.00 secs] 
1008.344: [GC (Allocation Failure) [PSYoungGen: 67488K->1376K(67584K)] 382744K->316632K(731648K), 0.0035401 secs] [Times: user=0.01 sys=0.00, real=0.01 secs] 
1008.863: [GC (Allocation Failure) [PSYoungGen: 67424K->1408K(67584K)] 382680K->316664K(731648K), 0.0027151 secs] [Times: user=0.01 sys=0.00, real=0.00 secs] 
1009.399: [GC (Allocation Failure) [PSYoungGen: 67456K->1376K(67584K)] 382712K->316632K(731648K), 0.0027555 secs] [Times: user=0.01 sys=0.00, real=0.00 secs] 
1009.731: [GC (Allocation Failure) [PSYoungGen: 67424K->1501K(67584K)] 382680K->316758K(731648K), 0.0019355 secs] [Times: user=0.01 sys=0.00, real=0.00 secs] 
1009.860: [GC (Allocation Failure) [PSYoungGen: 67549K->1533K(67584K)] 382806K->316790K(731648K), 0.0015516 secs] [Times: user=0.01 sys=0.00, real=0.00 secs] 
1009.999: [GC (Allocation Failure) [PSYoungGen: 67581K->1504K(68096K)] 382838K->316760K(732160K), 0.0016726 secs] [Times: user=0.00 sys=0.00, real=0.00 secs] 
1010.132: [GC (Allocation Failure) [PSYoungGen: 67552K->1517K(68096K)] 382808K->316790K(732160K), 0.0015531 secs] [Times: user=0.00 sys=0.00, real=0.00 secs] 
1010.669: [GC (Allocation Failure) [PSYoungGen: 67565K->1440K(68096K)] 382838K->316712K(732160K), 0.0024047 secs] [Times: user=0.01 sys=0.00, real=0.00 secs] 
1011.440: [GC (Allocation Failure) [PSYoungGen: 67488K->1408K(68096K)] 382760K->316680K(732160K), 0.0022741 secs] [Times: user=0.00 sys=0.00, real=0.00 secs] 
1011.990: [GC (Allocation Failure) [PSYoungGen: 67456K->1408K(68096K)] 382728K->316680K(732160K), 0.0028790 secs] [Times: user=0.01 sys=0.00, real=0.00 secs] 
1012.664: [GC (Allocation Failure) [PSYoungGen: 67456K->1408K(68096K)] 382728K->316680K(732160K), 0.0021598 secs] [Times: user=0.01 sys=0.00, real=0.00 secs] 
1013.223: [GC (Allocation Failure) [PSYoungGen: 67347K->272K(68096K)] 382620K->315544K(732160K), 0.0020651 secs] [Times: user=0.01 sys=0.00, real=0.00 secs] 
1013.384: [GC (Allocation Failure) [PSYoungGen: 66320K->1533K(68096K)] 381592K->316806K(732160K), 0.0014758 secs] [Times: user=0.01 sys=0.00, real=0.00 secs] 
1013.516: [GC (Allocation Failure) [PSYoungGen: 67581K->1488K(68096K)] 382854K->316760K(732160K), 0.0018615 secs] [Times: user=0.00 sys=0.00, real=0.01 secs] 
1013.662: [GC (Allocation Failure) [PSYoungGen: 67536K->1485K(68096K)] 382808K->316766K(732160K), 0.0019073 secs] [Times: user=0.01 sys=0.01, real=0.00 secs] 
1013.908: [GC (Allocation Failure) [PSYoungGen: 67533K->1920K(68096K)] 382814K->317216K(732160K), 0.0017278 secs] [Times: user=0.01 sys=0.00, real=0.00 secs] 
1014.294: [GC (Allocation Failure) [PSYoungGen: 67968K->1440K(68096K)] 383264K->316736K(732160K), 0.0019194 secs] [Times: user=0.01 sys=0.00, real=0.00 secs] 
1014.672: [GC (Allocation Failure) [PSYoungGen: 67488K->1408K(68096K)] 382784K->316704K(732160K), 0.0057477 secs] [Times: user=0.01 sys=0.00, real=0.01 secs] 
1014.959: [GC (Allocation Failure) [PSYoungGen: 67456K->1392K(68096K)] 382752K->316688K(732160K), 0.0020064 secs] [Times: user=0.01 sys=0.00, real=0.00 secs] 
1015.477: [GC (Allocation Failure) [PSYoungGen: 67440K->1376K(68096K)] 382736K->316672K(732160K), 0.0021518 secs] [Times: user=0.01 sys=0.00, real=0.01 secs] 
1015.752: [GC (Allocation Failure) [PSYoungGen: 67424K->1501K(68096K)] 382720K->316798K(732160K), 0.0014692 secs] [Times: user=0.00 sys=0.00, real=0.00 secs] 
1015.867: [GC (Allocation Failure) [PSYoungGen: 67549K->1501K(68096K)] 382846K->316798K(732160K), 0.0014867 secs] [Times: user=0.01 sys=0.00, real=0.00 secs] 
1015.983: [GC (Allocation Failure) [PSYoungGen: 67549K->1485K(68096K)] 382846K->316790K(732160K), 0.0015173 secs] [Times: user=0.01 sys=0.00, real=0.00 secs] 
1016.116: [GC (Allocation Failure) [PSYoungGen: 67533K->1536K(68096K)] 382838K->316840K(732160K), 0.0018946 secs] [Times: user=0.01 sys=0.00, real=0.01 secs] 
1017.163: [GC (Allocation Failure) [PSYoungGen: 67584K->1424K(68096K)] 382888K->316728K(732160K), 0.0039807 secs] [Times: user=0.02 sys=0.00, real=0.00 secs] 
1017.830: [GC (Allocation Failure) [PSYoungGen: 67472K->1440K(68096K)] 382776K->316744K(732160K), 0.0027086 secs] [Times: user=0.01 sys=0.00, real=0.00 secs] 
1018.608: [GC (Allocation Failure) [PSYoungGen: 67488K->1440K(68096K)] 382792K->316744K(732160K), 0.0032186 secs] [Times: user=0.01 sys=0.00, real=0.00 secs] 
1019.357: [GC (Allocation Failure) [PSYoungGen: 67488K->1408K(68096K)] 382792K->316712K(732160K), 0.0026837 secs] [Times: user=0.01 sys=0.00, real=0.00 secs] 
1020.358: [GC (Allocation Failure) [PSYoungGen: 67456K->1504K(68096K)] 382760K->316808K(732160K), 0.0018889 secs] [Times: user=0.01 sys=0.00, real=0.00 secs] 
1020.498: [GC (Allocation Failure) [PSYoungGen: 67552K->1453K(68096K)] 382856K->316758K(732160K), 0.0015512 secs] [Times: user=0.01 sys=0.00, real=0.00 secs] 
1020.613: [GC (Allocation Failure) [PSYoungGen: 67476K->1501K(68096K)] 382781K->316814K(732160K), 0.0015346 secs] [Times: user=0.01 sys=0.00, real=0.00 secs] 
1020.728: [GC (Allocation Failure) [PSYoungGen: 67549K->1533K(68096K)] 382862K->316846K(732160K), 0.0015361 secs] [Times: user=0.00 sys=0.00, real=0.00 secs] 
1021.536: [GC (Allocation Failure) [PSYoungGen: 67581K->1440K(68096K)] 382894K->316760K(732160K), 0.0023268 secs] [Times: user=0.01 sys=0.01, real=0.01 secs] 
1022.129: [GC (Allocation Failure) [PSYoungGen: 67488K->1392K(68096K)] 382808K->316712K(732160K), 0.0021901 secs] [Times: user=0.01 sys=0.00, real=0.00 secs] 
1022.760: [GC (Allocation Failure) [PSYoungGen: 67440K->1408K(68096K)] 382760K->316728K(732160K), 0.0021190 secs] [Times: user=0.01 sys=0.00, real=0.00 secs] 
1023.548: [GC (Allocation Failure) [PSYoungGen: 67456K->1408K(68096K)] 382776K->316728K(732160K), 0.0032071 secs] [Times: user=0.01 sys=0.00, real=0.00 secs] 
1024.311: [GC (Allocation Failure) [PSYoungGen: 67456K->1504K(68096K)] 382776K->316824K(732160K), 0.0023099 secs] [Times: user=0.01 sys=0.00, real=0.00 secs] 
1024.469: [GC (Allocation Failure) [PSYoungGen: 67552K->1565K(68096K)] 382872K->316886K(732160K), 0.0015517 secs] [Times: user=0.00 sys=0.00, real=0.00 secs] 
1024.601: [GC (Allocation Failure) [PSYoungGen: 67613K->1520K(68096K)] 382934K->316840K(732160K), 0.0016097 secs] [Times: user=0.00 sys=0.00, real=0.00 secs] 
1024.722: [GC (Allocation Failure) [PSYoungGen: 67568K->1488K(68096K)] 382888K->316816K(732160K), 0.0030686 secs] [Times: user=0.01 sys=0.00, real=0.00 secs] 
1025.085: [GC (Allocation Failure) [PSYoungGen: 67536K->1424K(68096K)] 382864K->316768K(732160K), 0.0028418 secs] [Times: user=0.02 sys=0.00, real=0.01 secs] 
1025.363: [GC (Allocation Failure) [PSYoungGen: 67472K->1376K(75264K)] 382816K->316720K(739328K), 0.0023121 secs] [Times: user=0.01 sys=0.01, real=0.00 secs] 
1025.668: [GC (Allocation Failure) [PSYoungGen: 74592K->1376K(74240K)] 389936K->316720K(738304K), 0.0019988 secs] [Times: user=0.01 sys=0.00, real=0.00 secs] 
1025.970: [GC (Allocation Failure) [PSYoungGen: 74080K->1408K(73728K)] 389424K->316752K(737792K), 0.0020619 secs] [Times: user=0.01 sys=0.00, real=0.00 secs] 
1026.260: [GC (Allocation Failure) [PSYoungGen: 73600K->1485K(73216K)] 388944K->316830K(737280K), 0.0015667 secs] [Times: user=0.01 sys=0.00, real=0.00 secs] 
1026.384: [GC (Allocation Failure) [PSYoungGen: 73165K->1501K(72704K)] 388510K->316846K(736768K), 0.0015533 secs] [Times: user=0.00 sys=0.00, real=0.00 secs] 
1026.508: [GC (Allocation Failure) [PSYoungGen: 72669K->1517K(72192K)] 388014K->316862K(736256K), 0.0015406 secs] [Times: user=0.01 sys=0.00, real=0.00 secs] 
1026.634: [GC (Allocation Failure) [PSYoungGen: 72173K->1533K(72704K)] 387518K->316902K(736768K), 0.0016556 secs] [Times: user=0.01 sys=0.00, real=0.00 secs] 
1027.030: [GC (Allocation Failure) [PSYoungGen: 72189K->1440K(71680K)] 387558K->316808K(735744K), 0.0020030 secs] [Times: user=0.01 sys=0.00, real=0.00 secs] 
1027.322: [GC (Allocation Failure) [PSYoungGen: 71584K->1408K(71168K)] 386952K->316776K(735232K), 0.0019445 secs] [Times: user=0.01 sys=0.00, real=0.00 secs] 
1027.611: [GC (Allocation Failure) [PSYoungGen: 71040K->1376K(70656K)] 386408K->316744K(734720K), 0.0018941 secs] [Times: user=0.00 sys=0.00, real=0.00 secs] 
1028.005: [GC (Allocation Failure) [PSYoungGen: 70496K->1424K(70144K)] 385864K->316792K(734208K), 0.0019424 secs] [Times: user=0.01 sys=0.00, real=0.01 secs] 
1028.198: [GC (Allocation Failure) [PSYoungGen: 70032K->1565K(70144K)] 385400K->316934K(734208K), 0.0015457 secs] [Times: user=0.01 sys=0.00, real=0.00 secs] 
1028.317: [GC (Allocation Failure) [PSYoungGen: 69661K->1533K(69120K)] 385030K->316902K(733184K), 0.0015123 secs] [Times: user=0.01 sys=0.00, real=0.01 secs] 
1028.435: [GC (Allocation Failure) [PSYoungGen: 69117K->1485K(68608K)] 384486K->316854K(732672K), 0.0016126 secs] [Times: user=0.00 sys=0.00, real=0.00 secs] 
1029.208: [GC (Allocation Failure) [PSYoungGen: 68557K->1408K(68096K)] 383926K->316784K(732160K), 0.0023210 secs] [Times: user=0.01 sys=0.00, real=0.00 secs] 
1029.756: [GC (Allocation Failure) [PSYoungGen: 67968K->1408K(67584K)] 383344K->316784K(731648K), 0.0020530 secs] [Times: user=0.01 sys=0.00, real=0.01 secs] 
1030.063: [GC (Allocation Failure) [PSYoungGen: 67456K->1376K(67584K)] 382832K->316752K(731648K), 0.0024239 secs] [Times: user=0.01 sys=0.00, real=0.00 secs] 
1030.436: [GC (Allocation Failure) [PSYoungGen: 67424K->1376K(68096K)] 382800K->316752K(732160K), 0.0018946 secs] [Times: user=0.01 sys=0.00, real=0.01 secs] 
1030.944: [GC (Allocation Failure) [PSYoungGen: 67424K->1360K(68096K)] 382800K->316736K(732160K), 0.0021426 secs] [Times: user=0.01 sys=0.00, real=0.00 secs] 
1031.150: [GC (Allocation Failure) [PSYoungGen: 67408K->1533K(68096K)] 382784K->316910K(732160K), 0.0014942 secs] [Times: user=0.00 sys=0.00, real=0.00 secs] 
1031.265: [GC (Allocation Failure) [PSYoungGen: 67581K->1533K(68096K)] 382958K->316910K(732160K), 0.0014923 secs] [Times: user=0.01 sys=0.00, real=0.00 secs] 
1031.380: [GC (Allocation Failure) [PSYoungGen: 67581K->1536K(68096K)] 382958K->316912K(732160K), 0.0016416 secs] [Times: user=0.01 sys=0.00, real=0.00 secs] 
1031.497: [GC (Allocation Failure) [PSYoungGen: 67584K->1408K(68096K)] 382960K->316800K(732160K), 0.0016633 secs] [Times: user=0.01 sys=0.00, real=0.01 secs] 
1032.245: [GC (Allocation Failure) [PSYoungGen: 67456K->1440K(68096K)] 382848K->316832K(732160K), 0.0027284 secs] [Times: user=0.01 sys=0.00, real=0.01 secs] 
1033.007: [GC (Allocation Failure) [PSYoungGen: 67488K->1376K(68096K)] 382880K->316792K(732160K), 0.0025827 secs] [Times: user=0.01 sys=0.00, real=0.01 secs] 
1034.010: [GC (Allocation Failure) [PSYoungGen: 67424K->1424K(68096K)] 382840K->316840K(732160K), 0.0034277 secs] [Times: user=0.01 sys=0.00, real=0.00 secs] 
1034.931: [GC (Allocation Failure) [PSYoungGen: 67472K->1408K(68096K)] 382888K->316824K(732160K), 0.0034011 secs] [Times: user=0.01 sys=0.00, real=0.00 secs] 
1035.784: [GC (Allocation Failure) [PSYoungGen: 67456K->1472K(68096K)] 382872K->316888K(732160K), 0.0019349 secs] [Times: user=0.01 sys=0.01, real=0.00 secs] 
1035.922: [GC (Allocation Failure) [PSYoungGen: 67520K->1485K(68096K)] 382936K->316902K(732160K), 0.0015295 secs] [Times: user=0.01 sys=0.00, real=0.00 secs] 
1036.039: [GC (Allocation Failure) [PSYoungGen: 67533K->1485K(68096K)] 382950K->316918K(732160K), 0.0015074 secs] [Times: user=0.01 sys=0.00, real=0.00 secs] 
1036.156: [GC (Allocation Failure) [PSYoungGen: 67533K->1533K(68096K)] 382966K->316966K(732160K), 0.0015168 secs] [Times: user=0.01 sys=0.00, real=0.01 secs] 
1037.275: [GC (Allocation Failure) [PSYoungGen: 67581K->1408K(68096K)] 383014K->316840K(732160K), 0.0028623 secs] [Times: user=0.01 sys=0.00, real=0.01 secs] 
1037.617: [GC (Allocation Failure) [PSYoungGen: 67456K->1376K(68096K)] 382888K->316808K(732160K), 0.0018116 secs] [Times: user=0.01 sys=0.00, real=0.00 secs] 
1037.967: [GC (Allocation Failure) [PSYoungGen: 67424K->1408K(68096K)] 382856K->316840K(732160K), 0.0017085 secs] [Times: user=0.01 sys=0.00, real=0.00 secs] 
1038.471: [GC (Allocation Failure) [PSYoungGen: 67456K->1376K(68096K)] 382888K->316808K(732160K), 0.0020005 secs] [Times: user=0.01 sys=0.00, real=0.00 secs] 
1039.008: [GC (Allocation Failure) [PSYoungGen: 67424K->1469K(68096K)] 382856K->316902K(732160K), 0.0020864 secs] [Times: user=0.01 sys=0.00, real=0.00 secs] 
1039.178: [GC (Allocation Failure) [PSYoungGen: 67507K->1504K(68096K)] 382940K->316936K(732160K), 0.0021447 secs] [Times: user=0.01 sys=0.00, real=0.00 secs] 
1039.323: [GC (Allocation Failure) [PSYoungGen: 67552K->1472K(68096K)] 382984K->316912K(732160K), 0.0020118 secs] [Times: user=0.01 sys=0.00, real=0.00 secs] 
1039.473: [GC (Allocation Failure) [PSYoungGen: 67520K->1533K(68096K)] 382960K->316982K(732160K), 0.0021489 secs] [Times: user=0.01 sys=0.00, real=0.00 secs] 
1040.131: [GC (Allocation Failure) [PSYoungGen: 67581K->1440K(68096K)] 383030K->316888K(732160K), 0.0029950 secs] [Times: user=0.01 sys=0.00, real=0.00 secs] 
1040.432: [GC (Allocation Failure) [PSYoungGen: 67488K->1376K(68096K)] 382936K->316824K(732160K), 0.0019682 secs] [Times: user=0.01 sys=0.00, real=0.00 secs] 
1040.816: [GC (Allocation Failure) [PSYoungGen: 67424K->1408K(68096K)] 382872K->316856K(732160K), 0.0017725 secs] [Times: user=0.00 sys=0.00, real=0.01 secs] 
1041.499: [GC (Allocation Failure) [PSYoungGen: 67456K->1408K(68096K)] 382904K->316856K(732160K), 0.0021654 secs] [Times: user=0.01 sys=0.00, real=0.00 secs] 
1042.370: [GC (Allocation Failure) [PSYoungGen: 67456K->1424K(68096K)] 382904K->316872K(732160K), 0.0024501 secs] [Times: user=0.01 sys=0.00, real=0.00 secs] 
1042.530: [GC (Allocation Failure) [PSYoungGen: 67472K->1565K(68096K)] 382920K->317014K(732160K), 0.0016013 secs] [Times: user=0.00 sys=0.00, real=0.00 secs] 
1042.646: [GC (Allocation Failure) [PSYoungGen: 67613K->1533K(68096K)] 383062K->316982K(732160K), 0.0015830 secs] [Times: user=0.01 sys=0.00, real=0.01 secs] 
1042.762: [GC (Allocation Failure) [PSYoungGen: 67581K->1453K(68096K)] 383030K->316918K(732160K), 0.0017650 secs] [Times: user=0.01 sys=0.00, real=0.00 secs] 
1043.076: [GC (Allocation Failure) [PSYoungGen: 67501K->1440K(68096K)] 382966K->316928K(732160K), 0.0018880 secs] [Times: user=0.01 sys=0.00, real=0.01 secs] 
1043.351: [GC (Allocation Failure) [PSYoungGen: 67488K->1376K(68096K)] 382976K->316864K(732160K), 0.0019346 secs] [Times: user=0.01 sys=0.00, real=0.00 secs] 
1043.626: [GC (Allocation Failure) [PSYoungGen: 67424K->1408K(68096K)] 382912K->316896K(732160K), 0.0018068 secs] [Times: user=0.00 sys=0.00, real=0.01 secs] 
1044.042: [GC (Allocation Failure) [PSYoungGen: 67456K->1376K(68096K)] 382944K->316864K(732160K), 0.0022194 secs] [Times: user=0.01 sys=0.00, real=0.00 secs] 
1044.359: [GC (Allocation Failure) [PSYoungGen: 67424K->1485K(68096K)] 382912K->316974K(732160K), 0.0018557 secs] [Times: user=0.01 sys=0.00, real=0.00 secs] 
1044.480: [GC (Allocation Failure) [PSYoungGen: 67533K->1469K(68096K)] 383022K->316958K(732160K), 0.0016570 secs] [Times: user=0.01 sys=0.00, real=0.00 secs] 
1044.596: [GC (Allocation Failure) [PSYoungGen: 67517K->1453K(68096K)] 383006K->316942K(732160K), 0.0016858 secs] [Times: user=0.00 sys=0.00, real=0.01 secs] 
1044.711: [GC (Allocation Failure) [PSYoungGen: 67501K->1469K(75264K)] 382990K->316974K(739328K), 0.0016137 secs] [Times: user=0.01 sys=0.00, real=0.00 secs] 
1045.104: [GC (Allocation Failure) [PSYoungGen: 74685K->1456K(74240K)] 390190K->316960K(738304K), 0.0018428 secs] [Times: user=0.01 sys=0.00, real=0.00 secs] 
1045.699: [GC (Allocation Failure) [PSYoungGen: 74160K->1408K(73728K)] 389664K->316912K(737792K), 0.0039553 secs] [Times: user=0.01 sys=0.00, real=0.00 secs] 
1046.346: [GC (Allocation Failure) [PSYoungGen: 73600K->1408K(73216K)] 389104K->316912K(737280K), 0.0028688 secs] [Times: user=0.01 sys=0.01, real=0.01 secs] 
1046.995: [GC (Allocation Failure) [PSYoungGen: 73088K->1408K(72704K)] 388592K->316912K(736768K), 0.0021079 secs] [Times: user=0.01 sys=0.00, real=0.00 secs] 
1047.477: [GC (Allocation Failure) [PSYoungGen: 72576K->1533K(72192K)] 388080K->317038K(736256K), 0.0015169 secs] [Times: user=0.01 sys=0.00, real=0.00 secs] 
1047.602: [GC (Allocation Failure) [PSYoungGen: 72189K->1597K(72192K)] 387694K->317102K(736256K), 0.0017290 secs] [Times: user=0.00 sys=0.00, real=0.00 secs] 
1047.726: [GC (Allocation Failure) [PSYoungGen: 71712K->1485K(71168K)] 387216K->316990K(735232K), 0.0016099 secs] [Times: user=0.01 sys=0.00, real=0.01 secs] 
1047.849: [GC (Allocation Failure) [PSYoungGen: 71117K->1501K(70656K)] 386622K->317014K(734720K), 0.0015676 secs] [Times: user=0.01 sys=0.00, real=0.00 secs] 
1048.698: [GC (Allocation Failure) [PSYoungGen: 70621K->1440K(70144K)] 386134K->316952K(734208K), 0.0033193 secs] [Times: user=0.02 sys=0.00, real=0.00 secs] 
1049.286: [GC (Allocation Failure) [PSYoungGen: 70048K->1392K(69632K)] 385560K->316904K(733696K), 0.0022258 secs] [Times: user=0.01 sys=0.00, real=0.01 secs] 
1049.569: [GC (Allocation Failure) [PSYoungGen: 69488K->1376K(69120K)] 385000K->316888K(733184K), 0.0031681 secs] [Times: user=0.02 sys=0.00, real=0.00 secs] 
1050.012: [GC (Allocation Failure) [PSYoungGen: 68960K->1376K(68608K)] 384472K->316888K(732672K), 0.0019979 secs] [Times: user=0.01 sys=0.00, real=0.00 secs] 
1050.244: [GC (Allocation Failure) [PSYoungGen: 68448K->1533K(68096K)] 383960K->317046K(732160K), 0.0015753 secs] [Times: user=0.01 sys=0.00, real=0.00 secs] 
1050.360: [GC (Allocation Failure) [PSYoungGen: 68093K->1533K(67584K)] 383606K->317046K(731648K), 0.0015348 secs] [Times: user=0.01 sys=0.00, real=0.00 secs] 
1050.476: [GC (Allocation Failure) [PSYoungGen: 67581K->1501K(67584K)] 383094K->317014K(731648K), 0.0015337 secs] [Times: user=0.01 sys=0.00, real=0.01 secs] 
1050.593: [GC (Allocation Failure) [PSYoungGen: 67549K->1469K(68096K)] 383062K->316990K(732160K), 0.0016436 secs] [Times: user=0.01 sys=0.01, real=0.00 secs] 
1052.471: [GC (Allocation Failure) [PSYoungGen: 67517K->1440K(68096K)] 383038K->316960K(732160K), 0.0038499 secs] [Times: user=0.01 sys=0.00, real=0.00 secs] 
1053.655: [GC (Allocation Failure) [PSYoungGen: 67488K->1376K(68096K)] 383008K->316896K(732160K), 0.0030947 secs] [Times: user=0.01 sys=0.00, real=0.01 secs] 
1054.215: [GC (Allocation Failure) [PSYoungGen: 67424K->1408K(68096K)] 382944K->316928K(732160K), 0.0023853 secs] [Times: user=0.01 sys=0.00, real=0.01 secs] 
1055.150: [GC (Allocation Failure) [PSYoungGen: 67456K->1408K(68096K)] 382976K->316928K(732160K), 0.0024637 secs] [Times: user=0.01 sys=0.00, real=0.00 secs] 
1055.821: [GC (Allocation Failure) [PSYoungGen: 67456K->1437K(68096K)] 382976K->316974K(732160K), 0.0018531 secs] [Times: user=0.01 sys=0.00, real=0.00 secs] 
1055.954: [GC (Allocation Failure) [PSYoungGen: 67485K->1501K(68096K)] 383022K->317038K(732160K), 0.0015167 secs] [Times: user=0.00 sys=0.00, real=0.00 secs] 
1056.087: [GC (Allocation Failure) [PSYoungGen: 67549K->1485K(68096K)] 383086K->317022K(732160K), 0.0018950 secs] [Times: user=0.01 sys=0.01, real=0.00 secs] 
1056.239: [GC (Allocation Failure) [PSYoungGen: 67533K->1549K(68096K)] 383070K->317102K(732160K), 0.0017363 secs] [Times: user=0.00 sys=0.00, real=0.00 secs] 
1057.707: [GC (Allocation Failure) [PSYoungGen: 67597K->1408K(68096K)] 383150K->316960K(732160K), 0.0027574 secs] [Times: user=0.01 sys=0.00, real=0.01 secs] 
1058.619: [GC (Allocation Failure) [PSYoungGen: 67456K->1408K(68096K)] 383008K->316960K(732160K), 0.0027872 secs] [Times: user=0.01 sys=0.00, real=0.00 secs] 
1059.213: [GC (Allocation Failure) [PSYoungGen: 67456K->1408K(68096K)] 383008K->316960K(732160K), 0.0020332 secs] [Times: user=0.01 sys=0.00, real=0.00 secs] 
1059.487: [GC (Allocation Failure) [PSYoungGen: 67456K->1344K(68096K)] 383008K->316896K(732160K), 0.0019622 secs] [Times: user=0.01 sys=0.00, real=0.00 secs] 
1059.758: [GC (Allocation Failure) [PSYoungGen: 67392K->1533K(68096K)] 382944K->317086K(732160K), 0.0016335 secs] [Times: user=0.01 sys=0.00, real=0.00 secs] 
1059.878: [GC (Allocation Failure) [PSYoungGen: 67581K->1453K(68096K)] 383134K->317006K(732160K), 0.0015559 secs] [Times: user=0.01 sys=0.01, real=0.00 secs] 
1060.011: [GC (Allocation Failure) [PSYoungGen: 67501K->1501K(68096K)] 383054K->317054K(732160K), 0.0017965 secs] [Times: user=0.01 sys=0.00, real=0.00 secs] 
1060.159: [GC (Allocation Failure) [PSYoungGen: 67549K->1565K(68096K)] 383102K->317142K(732160K), 0.0017207 secs] [Times: user=0.01 sys=0.00, real=0.00 secs] 
1060.736: [GC (Allocation Failure) [PSYoungGen: 67613K->1440K(68096K)] 383190K->317016K(732160K), 0.0033850 secs] [Times: user=0.01 sys=0.00, real=0.01 secs] 
1061.329: [GC (Allocation Failure) [PSYoungGen: 67488K->1408K(68096K)] 383064K->316984K(732160K), 0.0027405 secs] [Times: user=0.01 sys=0.00, real=0.00 secs] 
1061.818: [GC (Allocation Failure) [PSYoungGen: 67456K->1376K(68096K)] 383032K->316952K(732160K), 0.0029518 secs] [Times: user=0.01 sys=0.00, real=0.00 secs] 
1062.215: [GC (Allocation Failure) [PSYoungGen: 67424K->1408K(68096K)] 383000K->316984K(732160K), 0.0020416 secs] [Times: user=0.00 sys=0.00, real=0.01 secs] 
1062.687: [GC (Allocation Failure) [PSYoungGen: 67456K->1504K(68096K)] 383032K->317080K(732160K), 0.0018670 secs] [Times: user=0.00 sys=0.00, real=0.00 secs] 
1062.823: [GC (Allocation Failure) [PSYoungGen: 67552K->1485K(68096K)] 383128K->317062K(732160K), 0.0015591 secs] [Times: user=0.01 sys=0.00, real=0.00 secs] 
1062.938: [GC (Allocation Failure) [PSYoungGen: 67533K->1504K(68096K)] 383110K->317080K(732160K), 0.0017304 secs] [Times: user=0.01 sys=0.00, real=0.00 secs] 
1063.071: [GC (Allocation Failure) [PSYoungGen: 67552K->1501K(68096K)] 383128K->317118K(732160K), 0.0018694 secs] [Times: user=0.01 sys=0.01, real=0.00 secs] 
1063.500: [GC (Allocation Failure) [PSYoungGen: 67549K->1472K(68096K)] 383166K->317088K(732160K), 0.0022061 secs] [Times: user=0.01 sys=0.00, real=0.00 secs] 
1064.112: [GC (Allocation Failure) [PSYoungGen: 67520K->1376K(68096K)] 383136K->316992K(732160K), 0.0036807 secs] [Times: user=0.01 sys=0.00, real=0.00 secs] 
1064.728: [GC (Allocation Failure) [PSYoungGen: 67424K->1344K(68096K)] 383040K->316960K(732160K), 0.0025121 secs] [Times: user=0.01 sys=0.00, real=0.00 secs] 
1065.025: [GC (Allocation Failure) [PSYoungGen: 67392K->1376K(68096K)] 383008K->316992K(732160K), 0.0017974 secs] [Times: user=0.01 sys=0.00, real=0.00 secs] 
1065.434: [GC (Allocation Failure) [PSYoungGen: 67424K->1469K(68096K)] 383040K->317086K(732160K), 0.0020342 secs] [Times: user=0.01 sys=0.00, real=0.00 secs] 
1065.568: [GC (Allocation Failure) [PSYoungGen: 67517K->1472K(68096K)] 383134K->317088K(732160K), 0.0015009 secs] [Times: user=0.01 sys=0.00, real=0.00 secs] 
1065.683: [GC (Allocation Failure) [PSYoungGen: 67520K->1485K(68096K)] 383136K->317102K(732160K), 0.0015178 secs] [Times: user=0.00 sys=0.00, real=0.00 secs] 
1065.798: [GC (Allocation Failure) [PSYoungGen: 67533K->1488K(68096K)] 383150K->317112K(732160K), 0.0015639 secs] [Times: user=0.01 sys=0.00, real=0.00 secs] 
1066.925: [GC (Allocation Failure) [PSYoungGen: 67536K->1440K(68096K)] 383160K->317064K(732160K), 0.0047426 secs] [Times: user=0.01 sys=0.00, real=0.01 secs] 
1067.896: [GC (Allocation Failure) [PSYoungGen: 67488K->1440K(68096K)] 383112K->317064K(732160K), 0.0031642 secs] [Times: user=0.01 sys=0.00, real=0.01 secs] 
1068.596: [GC (Allocation Failure) [PSYoungGen: 67488K->1408K(68096K)] 383112K->317032K(732160K), 0.0033069 secs] [Times: user=0.01 sys=0.00, real=0.01 secs] 
1069.318: [GC (Allocation Failure) [PSYoungGen: 67456K->1408K(68096K)] 383080K->317032K(732160K), 0.0030164 secs] [Times: user=0.01 sys=0.00, real=0.00 secs] 
1070.072: [GC (Allocation Failure) [PSYoungGen: 67334K->272K(68096K)] 382959K->315896K(732160K), 0.0065004 secs] [Times: user=0.03 sys=0.00, real=0.01 secs] 
1070.311: [GC (Allocation Failure) [PSYoungGen: 66320K->1568K(68096K)] 381944K->317192K(732160K), 0.0021131 secs] [Times: user=0.01 sys=0.00, real=0.00 secs] 
1070.481: [GC (Allocation Failure) [PSYoungGen: 67616K->1501K(68096K)] 383240K->317126K(732160K), 0.0017508 secs] [Times: user=0.01 sys=0.00, real=0.00 secs] 
1070.618: [GC (Allocation Failure) [PSYoungGen: 67549K->1504K(68096K)] 383174K->317136K(732160K), 0.0015319 secs] [Times: user=0.01 sys=0.00, real=0.00 secs] 
1070.888: [GC (Allocation Failure) [PSYoungGen: 67552K->2016K(68096K)] 383184K->317648K(732160K), 0.0018849 secs] [Times: user=0.01 sys=0.00, real=0.00 secs] 
1071.509: [GC (Allocation Failure) [PSYoungGen: 68064K->1440K(68096K)] 383696K->317072K(732160K), 0.0030326 secs] [Times: user=0.01 sys=0.00, real=0.00 secs] 
1071.962: [GC (Allocation Failure) [PSYoungGen: 67488K->1408K(68096K)] 383120K->317040K(732160K), 0.0017247 secs] [Times: user=0.01 sys=0.00, real=0.00 secs] 
1072.403: [GC (Allocation Failure) [PSYoungGen: 67456K->1408K(68096K)] 383088K->317040K(732160K), 0.0018873 secs] [Times: user=0.01 sys=0.00, real=0.00 secs] 
1073.078: [GC (Allocation Failure) [PSYoungGen: 67456K->1408K(68096K)] 383088K->317040K(732160K), 0.0022698 secs] [Times: user=0.01 sys=0.00, real=0.00 secs] 
1073.379: [GC (Allocation Failure) [PSYoungGen: 67456K->1453K(68096K)] 383088K->317086K(732160K), 0.0016470 secs] [Times: user=0.01 sys=0.00, real=0.00 secs] 
1073.494: [GC (Allocation Failure) [PSYoungGen: 67501K->1453K(68096K)] 383134K->317086K(732160K), 0.0015435 secs] [Times: user=0.01 sys=0.00, real=0.00 secs] 
1073.626: [GC (Allocation Failure) [PSYoungGen: 67501K->1485K(68096K)] 383134K->317126K(732160K), 0.0017608 secs] [Times: user=0.01 sys=0.00, real=0.01 secs] 
1073.774: [GC (Allocation Failure) [PSYoungGen: 67533K->1517K(68096K)] 383174K->317182K(732160K), 0.0019672 secs] [Times: user=0.01 sys=0.00, real=0.00 secs] 
1074.194: [GC (Allocation Failure) [PSYoungGen: 67565K->1392K(67584K)] 383230K->317056K(731648K), 0.0021353 secs] [Times: user=0.01 sys=0.00, real=0.00 secs] 
1074.514: [GC (Allocation Failure) [PSYoungGen: 67440K->1408K(67584K)] 383104K->317072K(731648K), 0.0021937 secs] [Times: user=0.01 sys=0.00, real=0.00 secs] 
1074.789: [GC (Allocation Failure) [PSYoungGen: 67456K->1376K(67584K)] 383120K->317040K(731648K), 0.0018124 secs] [Times: user=0.00 sys=0.00, real=0.00 secs] 
1075.214: [GC (Allocation Failure) [PSYoungGen: 67424K->1376K(67584K)] 383088K->317040K(731648K), 0.0023593 secs] [Times: user=0.01 sys=0.00, real=0.00 secs] 
1075.498: [GC (Allocation Failure) [PSYoungGen: 67424K->1469K(67584K)] 383088K->317134K(731648K), 0.0014703 secs] [Times: user=0.00 sys=0.00, real=0.00 secs] 
1075.613: [GC (Allocation Failure) [PSYoungGen: 67517K->1533K(67584K)] 383182K->317198K(731648K), 0.0015955 secs] [Times: user=0.01 sys=0.00, real=0.00 secs] 
1075.728: [GC (Allocation Failure) [PSYoungGen: 67581K->1501K(67584K)] 383246K->317182K(731648K), 0.0014738 secs] [Times: user=0.00 sys=0.00, real=0.00 secs] 
1075.845: [GC (Allocation Failure) [PSYoungGen: 67549K->1485K(71168K)] 383230K->317166K(735232K), 0.0015608 secs] [Times: user=0.01 sys=0.00, real=0.00 secs] 
1076.520: [GC (Allocation Failure) [PSYoungGen: 70605K->1424K(70144K)] 386286K->317104K(734208K), 0.0024426 secs] [Times: user=0.00 sys=0.00, real=0.00 secs] 
1077.151: [GC (Allocation Failure) [PSYoungGen: 70032K->1408K(69632K)] 385712K->317088K(733696K), 0.0023251 secs] [Times: user=0.01 sys=0.00, real=0.00 secs] 
1077.429: [GC (Allocation Failure) [PSYoungGen: 69504K->1408K(69120K)] 385184K->317088K(733184K), 0.0018629 secs] [Times: user=0.01 sys=0.00, real=0.00 secs] 
1077.760: [GC (Allocation Failure) [PSYoungGen: 68992K->1376K(68608K)] 384672K->317056K(732672K), 0.0020068 secs] [Times: user=0.01 sys=0.00, real=0.00 secs] 
1078.008: [GC (Allocation Failure) [PSYoungGen: 68448K->1501K(68096K)] 384128K->317182K(732160K), 0.0014962 secs] [Times: user=0.01 sys=0.00, real=0.00 secs] 
1078.123: [GC (Allocation Failure) [PSYoungGen: 68061K->1565K(68096K)] 383742K->317246K(732160K), 0.0017584 secs] [Times: user=0.00 sys=0.00, real=0.00 secs] 
1078.239: [GC (Allocation Failure) [PSYoungGen: 67613K->509K(66560K)] 383294K->317214K(730624K), 0.0015285 secs] [Times: user=0.01 sys=0.00, real=0.00 secs] 
1078.354: [GC (Allocation Failure) [PSYoungGen: 66557K->493K(71168K)] 383262K->317206K(735232K), 0.0014433 secs] [Times: user=0.00 sys=0.00, real=0.00 secs] 
1079.099: [GC (Allocation Failure) [PSYoungGen: 69613K->1440K(70144K)] 386326K->318152K(734208K), 0.0035881 secs] [Times: user=0.01 sys=0.00, real=0.00 secs] 
1079.545: [GC (Allocation Failure) [PSYoungGen: 70048K->1408K(69632K)] 386760K->318120K(733696K), 0.0022770 secs] [Times: user=0.01 sys=0.00, real=0.01 secs] 
1079.846: [GC (Allocation Failure) [PSYoungGen: 69504K->1344K(69120K)] 386216K->318056K(733184K), 0.0019433 secs] [Times: user=0.01 sys=0.00, real=0.01 secs] 
1080.483: [GC (Allocation Failure) [PSYoungGen: 68928K->1408K(68608K)] 385640K->318120K(732672K), 0.0023046 secs] [Times: user=0.01 sys=0.00, real=0.00 secs] 
1080.810: [GC (Allocation Failure) [PSYoungGen: 68480K->1501K(68096K)] 385192K->318214K(732160K), 0.0017464 secs] [Times: user=0.01 sys=0.00, real=0.00 secs] 
1080.928: [GC (Allocation Failure) [PSYoungGen: 68061K->1533K(67584K)] 384774K->318246K(731648K), 0.0015816 secs] [Times: user=0.01 sys=0.00, real=0.00 secs] 
1081.044: [GC (Allocation Failure) [PSYoungGen: 67581K->1533K(67584K)] 384294K->318270K(731648K), 0.0015027 secs] [Times: user=0.00 sys=0.00, real=0.00 secs] 
1081.159: [GC (Allocation Failure) [PSYoungGen: 67581K->1501K(71680K)] 384318K->318254K(735744K), 0.0015337 secs] [Times: user=0.01 sys=0.00, real=0.00 secs] 
1081.748: [GC (Allocation Failure) [PSYoungGen: 71133K->1424K(70656K)] 387886K->318176K(734720K), 0.0037558 secs] [Times: user=0.02 sys=0.00, real=0.00 secs] 
1082.379: [GC (Allocation Failure) [PSYoungGen: 70544K->1376K(70144K)] 387296K->318160K(734208K), 0.0025169 secs] [Times: user=0.00 sys=0.00, real=0.00 secs] 
1082.665: [GC (Allocation Failure) [PSYoungGen: 69984K->1376K(69632K)] 386768K->318160K(733696K), 0.0019634 secs] [Times: user=0.01 sys=0.00, real=0.01 secs] 
1082.948: [GC (Allocation Failure) [PSYoungGen: 69472K->1440K(69120K)] 386256K->318224K(733184K), 0.0025458 secs] [Times: user=0.01 sys=0.00, real=0.00 secs] 
1083.275: [GC (Allocation Failure) [PSYoungGen: 69024K->1501K(68608K)] 385808K->318286K(732672K), 0.0018638 secs] [Times: user=0.01 sys=0.00, real=0.00 secs] 
1083.404: [GC (Allocation Failure) [PSYoungGen: 68573K->1517K(68096K)] 385358K->318302K(732160K), 0.0015882 secs] [Times: user=0.00 sys=0.00, real=0.00 secs] 
1083.520: [GC (Allocation Failure) [PSYoungGen: 68077K->1453K(71680K)] 384862K->318238K(735744K), 0.0017856 secs] [Times: user=0.01 sys=0.00, real=0.00 secs] 
1083.642: [GC (Allocation Failure) [PSYoungGen: 71597K->1485K(72192K)] 388382K->318286K(736256K), 0.0015151 secs] [Times: user=0.01 sys=0.00, real=0.00 secs] 
1085.658: [GC (Allocation Failure) [PSYoungGen: 71629K->1440K(71168K)] 388430K->318240K(735232K), 0.0033534 secs] [Times: user=0.02 sys=0.00, real=0.00 secs] 
1086.589: [GC (Allocation Failure) [PSYoungGen: 71072K->1376K(70656K)] 387872K->318176K(734720K), 0.0043389 secs] [Times: user=0.01 sys=0.00, real=0.00 secs] 
1087.514: [GC (Allocation Failure) [PSYoungGen: 70496K->1408K(70144K)] 387296K->318208K(734208K), 0.0029395 secs] [Times: user=0.02 sys=0.00, real=0.01 secs] 
1088.451: [GC (Allocation Failure) [PSYoungGen: 70016K->1408K(69632K)] 386816K->318208K(733696K), 0.0031759 secs] [Times: user=0.01 sys=0.00, real=0.00 secs] 
1088.783: [GC (Allocation Failure) [PSYoungGen: 69504K->1533K(69120K)] 386304K->318334K(733184K), 0.0018547 secs] [Times: user=0.00 sys=0.00, real=0.00 secs] 
1088.906: [GC (Allocation Failure) [PSYoungGen: 69117K->1485K(68608K)] 385918K->318286K(732672K), 0.0017963 secs] [Times: user=0.01 sys=0.00, real=0.01 secs] 
1089.024: [GC (Allocation Failure) [PSYoungGen: 68557K->1504K(68096K)] 385358K->318336K(732160K), 0.0014982 secs] [Times: user=0.01 sys=0.00, real=0.00 secs] 
1089.141: [GC (Allocation Failure) [PSYoungGen: 68060K->160K(73728K)] 384893K->317000K(737792K), 0.0015410 secs] [Times: user=0.01 sys=0.00, real=0.00 secs] 
1091.302: [GC (Allocation Failure) [PSYoungGen: 73376K->1408K(74240K)] 390216K->318248K(738304K), 0.0025714 secs] [Times: user=0.01 sys=0.00, real=0.00 secs] 
1092.034: [GC (Allocation Failure) [PSYoungGen: 74112K->1376K(73728K)] 390952K->318216K(737792K), 0.0021434 secs] [Times: user=0.00 sys=0.00, real=0.00 secs] 
1092.782: [GC (Allocation Failure) [PSYoungGen: 73568K->1440K(73216K)] 390408K->318280K(737280K), 0.0024251 secs] [Times: user=0.01 sys=0.01, real=0.00 secs] 
1093.516: [GC (Allocation Failure) [PSYoungGen: 73120K->1421K(72704K)] 389960K->318262K(736768K), 0.0022216 secs] [Times: user=0.00 sys=0.00, real=0.01 secs] 
1093.673: [GC (Allocation Failure) [PSYoungGen: 72589K->1501K(72192K)] 389430K->318342K(736256K), 0.0016952 secs] [Times: user=0.01 sys=0.00, real=0.00 secs] 
1093.798: [GC (Allocation Failure) [PSYoungGen: 72157K->1533K(71680K)] 388998K->318374K(735744K), 0.0016254 secs] [Times: user=0.01 sys=0.00, real=0.00 secs] 
1093.920: [GC (Allocation Failure) [PSYoungGen: 71677K->1536K(71680K)] 388518K->318376K(735744K), 0.0015135 secs] [Times: user=0.01 sys=0.00, real=0.00 secs] 
1094.348: [GC (Allocation Failure) [PSYoungGen: 71168K->1440K(70656K)] 388008K->318280K(734720K), 0.0021467 secs] [Times: user=0.01 sys=0.00, real=0.00 secs] 
1095.030: [GC (Allocation Failure) [PSYoungGen: 70560K->1408K(70144K)] 387400K->318248K(734208K), 0.0019209 secs] [Times: user=0.01 sys=0.00, real=0.00 secs] 
1095.608: [GC (Allocation Failure) [PSYoungGen: 70016K->1376K(69632K)] 386856K->318224K(733696K), 0.0020862 secs] [Times: user=0.00 sys=0.00, real=0.00 secs] 
1096.350: [GC (Allocation Failure) [PSYoungGen: 69472K->1408K(69120K)] 386320K->318272K(733184K), 0.0020505 secs] [Times: user=0.00 sys=0.00, real=0.00 secs] 
1096.780: [GC (Allocation Failure) [PSYoungGen: 68992K->1469K(68608K)] 385856K->318334K(732672K), 0.0020403 secs] [Times: user=0.01 sys=0.00, real=0.00 secs] 
1096.902: [GC (Allocation Failure) [PSYoungGen: 68541K->1533K(68096K)] 385406K->318398K(732160K), 0.0015104 secs] [Times: user=0.01 sys=0.00, real=0.00 secs] 
1097.018: [GC (Allocation Failure) [PSYoungGen: 68071K->1533K(67584K)] 384936K->318398K(731648K), 0.0015917 secs] [Times: user=0.00 sys=0.00, real=0.00 secs] 
1097.132: [GC (Allocation Failure) [PSYoungGen: 67581K->1485K(68096K)] 384446K->318350K(732160K), 0.0017366 secs] [Times: user=0.01 sys=0.00, real=0.00 secs] 
1097.958: [GC (Allocation Failure) [PSYoungGen: 68045K->1472K(67584K)] 384910K->318344K(731648K), 0.0029303 secs] [Times: user=0.01 sys=0.00, real=0.00 secs] 
1098.765: [GC (Allocation Failure) [PSYoungGen: 67520K->1408K(68096K)] 384392K->318280K(732160K), 0.0032198 secs] [Times: user=0.01 sys=0.00, real=0.01 secs] 
1099.576: [GC (Allocation Failure) [PSYoungGen: 67456K->1344K(68096K)] 384328K->318216K(732160K), 0.0038192 secs] [Times: user=0.02 sys=0.00, real=0.01 secs] 
1100.143: [GC (Allocation Failure) [PSYoungGen: 67392K->1392K(68096K)] 384264K->318264K(732160K), 0.0020476 secs] [Times: user=0.01 sys=0.00, real=0.00 secs] 
1100.741: [GC (Allocation Failure) [PSYoungGen: 67440K->1440K(68096K)] 384312K->318312K(732160K), 0.0018703 secs] [Times: user=0.00 sys=0.00, real=0.00 secs] 
1100.883: [GC (Allocation Failure) [PSYoungGen: 67488K->1453K(68096K)] 384360K->318326K(732160K), 0.0015478 secs] [Times: user=0.00 sys=0.00, real=0.00 secs] 
1101.003: [GC (Allocation Failure) [PSYoungGen: 67501K->1517K(68096K)] 384374K->318390K(732160K), 0.0015040 secs] [Times: user=0.00 sys=0.00, real=0.00 secs] 
1101.120: [GC (Allocation Failure) [PSYoungGen: 67565K->1485K(68096K)] 384438K->318374K(732160K), 0.0015712 secs] [Times: user=0.01 sys=0.00, real=0.00 secs] 
1101.551: [GC (Allocation Failure) [PSYoungGen: 67533K->1408K(68096K)] 384422K->318296K(732160K), 0.0021239 secs] [Times: user=0.01 sys=0.00, real=0.00 secs] 
1102.154: [GC (Allocation Failure) [PSYoungGen: 67456K->1392K(68096K)] 384344K->318280K(732160K), 0.0022491 secs] [Times: user=0.01 sys=0.00, real=0.00 secs] 
1102.548: [GC (Allocation Failure) [PSYoungGen: 67440K->1408K(68096K)] 384328K->318296K(732160K), 0.0020370 secs] [Times: user=0.01 sys=0.00, real=0.00 secs] 
1102.858: [GC (Allocation Failure) [PSYoungGen: 67456K->1376K(68096K)] 384344K->318272K(732160K), 0.0018709 secs] [Times: user=0.01 sys=0.00, real=0.00 secs] 
1103.170: [GC (Allocation Failure) [PSYoungGen: 67424K->1440K(68096K)] 384320K->318336K(732160K), 0.0019619 secs] [Times: user=0.01 sys=0.00, real=0.00 secs] 
1103.306: [GC (Allocation Failure) [PSYoungGen: 67488K->1485K(68096K)] 384384K->318382K(732160K), 0.0015020 secs] [Times: user=0.00 sys=0.00, real=0.01 secs] 
1103.421: [GC (Allocation Failure) [PSYoungGen: 67533K->1536K(68096K)] 384430K->318432K(732160K), 0.0014960 secs] [Times: user=0.01 sys=0.00, real=0.00 secs] 
1103.537: [GC (Allocation Failure) [PSYoungGen: 67584K->1485K(68096K)] 384480K->318406K(732160K), 0.0014756 secs] [Times: user=0.01 sys=0.00, real=0.01 secs] 
1103.904: [GC (Allocation Failure) [PSYoungGen: 67533K->1488K(68096K)] 384454K->318408K(732160K), 0.0025131 secs] [Times: user=0.01 sys=0.00, real=0.00 secs] 
1105.012: [GC (Allocation Failure) [PSYoungGen: 67536K->1376K(68096K)] 384456K->318296K(732160K), 0.0040446 secs] [Times: user=0.02 sys=0.00, real=0.00 secs] 
1106.349: [GC (Allocation Failure) [PSYoungGen: 67424K->1408K(68096K)] 384344K->318328K(732160K), 0.0037986 secs] [Times: user=0.01 sys=0.00, real=0.00 secs] 
1107.332: [GC (Allocation Failure) [PSYoungGen: 67456K->1408K(68096K)] 384376K->318328K(732160K), 0.0030765 secs] [Times: user=0.01 sys=0.00, real=0.00 secs] 
1107.887: [GC (Allocation Failure) [PSYoungGen: 67456K->1440K(68096K)] 384376K->318360K(732160K), 0.0026143 secs] [Times: user=0.01 sys=0.00, real=0.00 secs] 
1108.167: [GC (Allocation Failure) [PSYoungGen: 67488K->1469K(68096K)] 384408K->318390K(732160K), 0.0041191 secs] [Times: user=0.02 sys=0.00, real=0.00 secs] 
1108.286: [GC (Allocation Failure) [PSYoungGen: 67500K->1501K(68096K)] 384421K->318422K(732160K), 0.0015017 secs] [Times: user=0.00 sys=0.00, real=0.01 secs] 
1108.403: [GC (Allocation Failure) [PSYoungGen: 67549K->1517K(68096K)] 384470K->318454K(732160K), 0.0015409 secs] [Times: user=0.00 sys=0.00, real=0.00 secs] 
1108.520: [GC (Allocation Failure) [PSYoungGen: 67565K->1533K(68096K)] 384502K->318470K(732160K), 0.0015948 secs] [Times: user=0.01 sys=0.00, real=0.00 secs] 
1109.156: [GC (Allocation Failure) [PSYoungGen: 67581K->1440K(67584K)] 384518K->318376K(731648K), 0.0021478 secs] [Times: user=0.01 sys=0.00, real=0.01 secs] 
1109.757: [GC (Allocation Failure) [PSYoungGen: 67488K->1376K(67584K)] 384424K->318312K(731648K), 0.0045841 secs] [Times: user=0.02 sys=0.00, real=0.00 secs] 
1110.317: [GC (Allocation Failure) [PSYoungGen: 67424K->1408K(67584K)] 384360K->318344K(731648K), 0.0027287 secs] [Times: user=0.01 sys=0.00, real=0.00 secs] 
1110.919: [GC (Allocation Failure) [PSYoungGen: 67456K->1408K(67584K)] 384392K->318344K(731648K), 0.0024934 secs] [Times: user=0.01 sys=0.00, real=0.00 secs] 
1111.412: [GC (Allocation Failure) [PSYoungGen: 67456K->1488K(67584K)] 384392K->318424K(731648K), 0.0019021 secs] [Times: user=0.01 sys=0.00, real=0.00 secs] 
1111.546: [GC (Allocation Failure) [PSYoungGen: 67536K->1517K(67584K)] 384472K->318454K(731648K), 0.0016243 secs] [Times: user=0.01 sys=0.00, real=0.01 secs] 
1111.662: [GC (Allocation Failure) [PSYoungGen: 67565K->1533K(67584K)] 384502K->318478K(731648K), 0.0014908 secs] [Times: user=0.01 sys=0.00, real=0.00 secs] 
1111.795: [GC (Allocation Failure) [PSYoungGen: 67581K->1533K(71680K)] 384526K->318478K(735744K), 0.0018314 secs] [Times: user=0.01 sys=0.00, real=0.01 secs] 
1113.830: [GC (Allocation Failure) [PSYoungGen: 71165K->1408K(70656K)] 388110K->318360K(734720K), 0.0041552 secs] [Times: user=0.02 sys=0.01, real=0.00 secs] 
1114.751: [GC (Allocation Failure) [PSYoungGen: 70528K->1392K(70144K)] 387480K->318344K(734208K), 0.0041157 secs] [Times: user=0.02 sys=0.00, real=0.00 secs] 
1115.210: [GC (Allocation Failure) [PSYoungGen: 70000K->1376K(69632K)] 386952K->318344K(733696K), 0.0021649 secs] [Times: user=0.01 sys=0.00, real=0.00 secs] 
1115.612: [GC (Allocation Failure) [PSYoungGen: 69472K->1408K(69120K)] 386440K->318376K(733184K), 0.0021459 secs] [Times: user=0.01 sys=0.00, real=0.00 secs] 
1115.970: [GC (Allocation Failure) [PSYoungGen: 68992K->1440K(68608K)] 385960K->318408K(732672K), 0.0014762 secs] [Times: user=0.00 sys=0.00, real=0.00 secs] 
1116.088: [GC (Allocation Failure) [PSYoungGen: 68512K->1565K(68608K)] 385480K->318534K(732672K), 0.0015909 secs] [Times: user=0.01 sys=0.00, real=0.00 secs] 
1116.204: [GC (Allocation Failure) [PSYoungGen: 68125K->477K(66560K)] 385094K->318470K(730624K), 0.0017078 secs] [Times: user=0.01 sys=0.00, real=0.00 secs] 
1116.320: [GC (Allocation Failure) [PSYoungGen: 66525K->480K(70656K)] 384518K->318480K(734720K), 0.0015482 secs] [Times: user=0.01 sys=0.00, real=0.00 secs] 
1117.998: [GC (Allocation Failure) [PSYoungGen: 69088K->1440K(69632K)] 387088K->319448K(733696K), 0.0035071 secs] [Times: user=0.01 sys=0.01, real=0.00 secs] 
1118.805: [GC (Allocation Failure) [PSYoungGen: 69536K->1408K(69120K)] 387544K->319416K(733184K), 0.0033580 secs] [Times: user=0.01 sys=0.01, real=0.01 secs] 
1119.370: [GC (Allocation Failure) [PSYoungGen: 68992K->1408K(68608K)] 387000K->319416K(732672K), 0.0032335 secs] [Times: user=0.02 sys=0.00, real=0.00 secs] 
1120.065: [GC (Allocation Failure) [PSYoungGen: 68480K->1408K(68096K)] 386488K->319416K(732160K), 0.0026787 secs] [Times: user=0.01 sys=0.00, real=0.01 secs] 
1120.443: [GC (Allocation Failure) [PSYoungGen: 67968K->1533K(67584K)] 385976K->319542K(731648K), 0.0017705 secs] [Times: user=0.01 sys=0.00, real=0.00 secs] 
1120.568: [GC (Allocation Failure) [PSYoungGen: 67581K->1536K(68096K)] 385590K->319544K(732160K), 0.0015729 secs] [Times: user=0.00 sys=0.00, real=0.00 secs] 
1120.683: [GC (Allocation Failure) [PSYoungGen: 67584K->480K(66560K)] 385592K->319512K(730624K), 0.0015545 secs] [Times: user=0.00 sys=0.00, real=0.00 secs] 
1120.799: [GC (Allocation Failure) [PSYoungGen: 66528K->400K(66560K)] 385560K->319448K(730624K), 0.0014479 secs] [Times: user=0.01 sys=0.00, real=0.00 secs] 
1121.790: [GC (Allocation Failure) [PSYoungGen: 66448K->1440K(67584K)] 385496K->320488K(731648K), 0.0028688 secs] [Times: user=0.01 sys=0.00, real=0.00 secs] 
1122.651: [GC (Allocation Failure) [PSYoungGen: 67488K->1344K(67584K)] 386536K->320392K(731648K), 0.0036146 secs] [Times: user=0.01 sys=0.00, real=0.00 secs] 
1123.457: [GC (Allocation Failure) [PSYoungGen: 67392K->1376K(67584K)] 386440K->320424K(731648K), 0.0033044 secs] [Times: user=0.02 sys=0.00, real=0.00 secs] 
1124.130: [GC (Allocation Failure) [PSYoungGen: 67424K->1440K(67584K)] 386472K->320488K(731648K), 0.0027724 secs] [Times: user=0.01 sys=0.00, real=0.00 secs] 
1124.675: [GC (Allocation Failure) [PSYoungGen: 67488K->1504K(68096K)] 386536K->320552K(732160K), 0.0020556 secs] [Times: user=0.00 sys=0.00, real=0.00 secs] 
1124.851: [GC (Allocation Failure) [PSYoungGen: 67552K->1533K(68096K)] 386600K->320582K(732160K), 0.0019584 secs] [Times: user=0.01 sys=0.00, real=0.00 secs] 
1125.006: [GC (Allocation Failure) [PSYoungGen: 67581K->1504K(68096K)] 386630K->320552K(732160K), 0.0015275 secs] [Times: user=0.00 sys=0.00, real=0.01 secs] 
1125.121: [GC (Allocation Failure) [PSYoungGen: 67552K->1485K(68096K)] 386600K->320566K(732160K), 0.0015761 secs] [Times: user=0.01 sys=0.00, real=0.00 secs] 
1125.697: [GC (Allocation Failure) [PSYoungGen: 67533K->1392K(68096K)] 386614K->320480K(732160K), 0.0026034 secs] [Times: user=0.01 sys=0.00, real=0.00 secs] 
1126.366: [GC (Allocation Failure) [PSYoungGen: 67440K->1408K(68096K)] 386528K->320496K(732160K), 0.0020059 secs] [Times: user=0.01 sys=0.00, real=0.01 secs] 
1126.914: [GC (Allocation Failure) [PSYoungGen: 67456K->1376K(68096K)] 386544K->320464K(732160K), 0.0022226 secs] [Times: user=0.01 sys=0.00, real=0.00 secs] 
1127.613: [GC (Allocation Failure) [PSYoungGen: 67424K->1360K(68096K)] 386512K->320448K(732160K), 0.0020956 secs] [Times: user=0.01 sys=0.00, real=0.00 secs] 
1128.400: [GC (Allocation Failure) [PSYoungGen: 67408K->1472K(68096K)] 386496K->320560K(732160K), 0.0023362 secs] [Times: user=0.01 sys=0.00, real=0.00 secs] 
1128.613: [GC (Allocation Failure) [PSYoungGen: 67520K->1520K(68096K)] 386608K->320608K(732160K), 0.0021056 secs] [Times: user=0.01 sys=0.00, real=0.00 secs] 
1128.755: [GC (Allocation Failure) [PSYoungGen: 67560K->1501K(68096K)] 386649K->320590K(732160K), 0.0016011 secs] [Times: user=0.01 sys=0.00, real=0.00 secs] 
1128.869: [GC (Allocation Failure) [PSYoungGen: 67549K->1485K(68096K)] 386638K->320590K(732160K), 0.0015588 secs] [Times: user=0.01 sys=0.00, real=0.00 secs] 
1129.703: [GC (Allocation Failure) [PSYoungGen: 67533K->1392K(68096K)] 386638K->320496K(732160K), 0.0031810 secs] [Times: user=0.02 sys=0.00, real=0.00 secs] 
1130.302: [GC (Allocation Failure) [PSYoungGen: 67440K->1408K(68096K)] 386544K->320512K(732160K), 0.0030368 secs] [Times: user=0.02 sys=0.00, real=0.00 secs] 
1131.154: [GC (Allocation Failure) [PSYoungGen: 67456K->1344K(68096K)] 386560K->320448K(732160K), 0.0032274 secs] [Times: user=0.01 sys=0.00, real=0.01 secs] 
1131.969: [GC (Allocation Failure) [PSYoungGen: 67392K->1344K(68096K)] 386496K->320448K(732160K), 0.0041047 secs] [Times: user=0.02 sys=0.00, real=0.00 secs] 
1132.675: [GC (Allocation Failure) [PSYoungGen: 67392K->1453K(68096K)] 386496K->320558K(732160K), 0.0024397 secs] [Times: user=0.02 sys=0.00, real=0.01 secs] 
1132.842: [GC (Allocation Failure) [PSYoungGen: 67501K->1501K(68096K)] 386606K->320606K(732160K), 0.0014943 secs] [Times: user=0.01 sys=0.00, real=0.00 secs] 
1132.957: [GC (Allocation Failure) [PSYoungGen: 67549K->1501K(68096K)] 386654K->320606K(732160K), 0.0015353 secs] [Times: user=0.00 sys=0.00, real=0.01 secs] 
1133.074: [GC (Allocation Failure) [PSYoungGen: 67549K->1472K(68096K)] 386654K->320600K(732160K), 0.0014790 secs] [Times: user=0.00 sys=0.00, real=0.00 secs] 
1133.371: [GC (Allocation Failure) [PSYoungGen: 67520K->1408K(68096K)] 386648K->320536K(732160K), 0.0018952 secs] [Times: user=0.01 sys=0.00, real=0.00 secs] 
1133.819: [GC (Allocation Failure) [PSYoungGen: 67456K->1408K(68096K)] 386584K->320536K(732160K), 0.0019159 secs] [Times: user=0.01 sys=0.00, real=0.00 secs] 
1134.354: [GC (Allocation Failure) [PSYoungGen: 67456K->1360K(68096K)] 386584K->320504K(732160K), 0.0026751 secs] [Times: user=0.01 sys=0.00, real=0.01 secs] 
1134.952: [GC (Allocation Failure) [PSYoungGen: 67408K->1440K(68096K)] 386552K->320584K(732160K), 0.0026850 secs] [Times: user=0.01 sys=0.00, real=0.00 secs] 
1135.577: [GC (Allocation Failure) [PSYoungGen: 67488K->1453K(68096K)] 386632K->320598K(732160K), 0.0021710 secs] [Times: user=0.01 sys=0.00, real=0.00 secs] 
1135.756: [GC (Allocation Failure) [PSYoungGen: 67501K->1488K(68096K)] 386646K->320632K(732160K), 0.0020238 secs] [Times: user=0.01 sys=0.00, real=0.01 secs] 
1135.905: [GC (Allocation Failure) [PSYoungGen: 67536K->1533K(68096K)] 386680K->320678K(732160K), 0.0015336 secs] [Times: user=0.01 sys=0.00, real=0.00 secs] 
1136.020: [GC (Allocation Failure) [PSYoungGen: 67581K->1501K(68096K)] 386726K->320654K(732160K), 0.0015628 secs] [Times: user=0.00 sys=0.00, real=0.00 secs] 
1136.295: [GC (Allocation Failure) [PSYoungGen: 67549K->1440K(68096K)] 386702K->320592K(732160K), 0.0023622 secs] [Times: user=0.01 sys=0.00, real=0.01 secs] 
1136.620: [GC (Allocation Failure) [PSYoungGen: 67488K->1376K(68096K)] 386640K->320528K(732160K), 0.0020046 secs] [Times: user=0.01 sys=0.00, real=0.00 secs] 
1137.185: [GC (Allocation Failure) [PSYoungGen: 67424K->1376K(68096K)] 386576K->320528K(732160K), 0.0020361 secs] [Times: user=0.00 sys=0.00, real=0.00 secs] 
1137.725: [GC (Allocation Failure) [PSYoungGen: 67424K->1344K(68096K)] 386576K->320496K(732160K), 0.0019019 secs] [Times: user=0.01 sys=0.00, real=0.01 secs] 
1138.310: [GC (Allocation Failure) [PSYoungGen: 67392K->1344K(68096K)] 386544K->320496K(732160K), 0.0030104 secs] [Times: user=0.02 sys=0.00, real=0.00 secs] 
1138.557: [GC (Allocation Failure) [PSYoungGen: 67392K->1504K(68096K)] 386544K->320656K(732160K), 0.0018486 secs] [Times: user=0.01 sys=0.00, real=0.00 secs] 
1138.673: [GC (Allocation Failure) [PSYoungGen: 67533K->1501K(68096K)] 386685K->320654K(732160K), 0.0014868 secs] [Times: user=0.01 sys=0.00, real=0.00 secs] 
1138.789: [GC (Allocation Failure) [PSYoungGen: 67549K->1533K(68096K)] 386702K->320702K(732160K), 0.0015080 secs] [Times: user=0.00 sys=0.00, real=0.00 secs] 
1139.008: [GC (Allocation Failure) [PSYoungGen: 67581K->1536K(68096K)] 386750K->320704K(732160K), 0.0019267 secs] [Times: user=0.01 sys=0.00, real=0.00 secs] 
1139.525: [GC (Allocation Failure) [PSYoungGen: 67584K->1408K(68096K)] 386752K->320576K(732160K), 0.0019384 secs] [Times: user=0.01 sys=0.00, real=0.01 secs] 
1140.167: [GC (Allocation Failure) [PSYoungGen: 67456K->1376K(68096K)] 386624K->320544K(732160K), 0.0040230 secs] [Times: user=0.02 sys=0.01, real=0.01 secs] 
1140.916: [GC (Allocation Failure) [PSYoungGen: 67424K->1344K(68096K)] 386592K->320512K(732160K), 0.0032521 secs] [Times: user=0.01 sys=0.01, real=0.01 secs] 
1141.731: [GC (Allocation Failure) [PSYoungGen: 67392K->1408K(68096K)] 386560K->320576K(732160K), 0.0037507 secs] [Times: user=0.01 sys=0.00, real=0.00 secs] 
1142.105: [GC (Allocation Failure) [PSYoungGen: 67456K->1533K(68096K)] 386624K->320702K(732160K), 0.0017542 secs] [Times: user=0.01 sys=0.00, real=0.00 secs] 
1142.235: [GC (Allocation Failure) [PSYoungGen: 67566K->1501K(68096K)] 386735K->320670K(732160K), 0.0014968 secs] [Times: user=0.01 sys=0.00, real=0.01 secs] 
1142.351: [GC (Allocation Failure) [PSYoungGen: 67549K->1533K(68096K)] 386718K->320710K(732160K), 0.0015473 secs] [Times: user=0.00 sys=0.00, real=0.00 secs] 
1142.466: [GC (Allocation Failure) [PSYoungGen: 67581K->1533K(68096K)] 386758K->320710K(732160K), 0.0018057 secs] [Times: user=0.00 sys=0.00, real=0.01 secs] 
1143.638: [GC (Allocation Failure) [PSYoungGen: 67581K->1440K(68096K)] 386758K->320616K(732160K), 0.0027510 secs] [Times: user=0.01 sys=0.00, real=0.00 secs] 
1144.257: [GC (Allocation Failure) [PSYoungGen: 67488K->1360K(68096K)] 386664K->320560K(732160K), 0.0022317 secs] [Times: user=0.01 sys=0.00, real=0.00 secs] 
1145.199: [GC (Allocation Failure) [PSYoungGen: 67408K->1376K(68096K)] 386608K->320576K(732160K), 0.0028640 secs] [Times: user=0.01 sys=0.00, real=0.00 secs] 
1145.959: [GC (Allocation Failure) [PSYoungGen: 67424K->1360K(68096K)] 386624K->320560K(732160K), 0.0025827 secs] [Times: user=0.01 sys=0.00, real=0.00 secs] 
1146.630: [GC (Allocation Failure) [PSYoungGen: 67408K->1501K(68096K)] 386608K->320702K(732160K), 0.0020811 secs] [Times: user=0.01 sys=0.00, real=0.00 secs] 
1146.773: [GC (Allocation Failure) [PSYoungGen: 67549K->1501K(68096K)] 386750K->320702K(732160K), 0.0015636 secs] [Times: user=0.01 sys=0.00, real=0.00 secs] 
1146.888: [GC (Allocation Failure) [PSYoungGen: 67549K->1533K(68096K)] 386750K->320742K(732160K), 0.0015602 secs] [Times: user=0.01 sys=0.00, real=0.00 secs] 
1147.020: [GC (Allocation Failure) [PSYoungGen: 67581K->1533K(68096K)] 386790K->320742K(732160K), 0.0016405 secs] [Times: user=0.01 sys=0.00, real=0.00 secs] 
1147.756: [GC (Allocation Failure) [PSYoungGen: 67581K->1472K(68096K)] 386790K->320680K(732160K), 0.0020327 secs] [Times: user=0.01 sys=0.00, real=0.01 secs] 
1148.052: [GC (Allocation Failure) [PSYoungGen: 67520K->1408K(68096K)] 386728K->320616K(732160K), 0.0023116 secs] [Times: user=0.00 sys=0.00, real=0.00 secs] 
1148.437: [GC (Allocation Failure) [PSYoungGen: 67456K->1408K(68096K)] 386664K->320616K(732160K), 0.0025956 secs] [Times: user=0.02 sys=0.00, real=0.01 secs] 
1148.787: [GC (Allocation Failure) [PSYoungGen: 67456K->1440K(68096K)] 386664K->320648K(732160K), 0.0018778 secs] [Times: user=0.01 sys=0.00, real=0.00 secs] 
1149.051: [GC (Allocation Failure) [PSYoungGen: 67488K->1533K(68096K)] 386696K->320742K(732160K), 0.0014646 secs] [Times: user=0.01 sys=0.00, real=0.00 secs] 
1149.166: [GC (Allocation Failure) [PSYoungGen: 67581K->1536K(68096K)] 386790K->320744K(732160K), 0.0014859 secs] [Times: user=0.01 sys=0.00, real=0.01 secs] 
1149.282: [GC (Allocation Failure) [PSYoungGen: 67584K->1453K(68096K)] 386792K->320662K(732160K), 0.0015588 secs] [Times: user=0.01 sys=0.00, real=0.00 secs] 
1149.399: [GC (Allocation Failure) [PSYoungGen: 67501K->1501K(68096K)] 386710K->320718K(732160K), 0.0015058 secs] [Times: user=0.01 sys=0.00, real=0.00 secs] 
1150.136: [GC (Allocation Failure) [PSYoungGen: 67549K->1456K(68096K)] 386766K->320672K(732160K), 0.0023416 secs] [Times: user=0.01 sys=0.00, real=0.01 secs] 
1151.078: [GC (Allocation Failure) [PSYoungGen: 67504K->1408K(68096K)] 386720K->320624K(732160K), 0.0028217 secs] [Times: user=0.01 sys=0.00, real=0.00 secs] 
1151.836: [GC (Allocation Failure) [PSYoungGen: 67456K->1376K(68096K)] 386672K->320592K(732160K), 0.0026235 secs] [Times: user=0.01 sys=0.00, real=0.01 secs] 
1152.622: [GC (Allocation Failure) [PSYoungGen: 67424K->1408K(68096K)] 386640K->320624K(732160K), 0.0031512 secs] [Times: user=0.01 sys=0.00, real=0.00 secs] 
1153.248: [GC (Allocation Failure) [PSYoungGen: 67456K->1440K(68096K)] 386672K->320656K(732160K), 0.0022634 secs] [Times: user=0.01 sys=0.00, real=0.00 secs] 
1153.452: [GC (Allocation Failure) [PSYoungGen: 67488K->1533K(68096K)] 386704K->320750K(732160K), 0.0021486 secs] [Times: user=0.01 sys=0.00, real=0.00 secs] 
1153.594: [GC (Allocation Failure) [PSYoungGen: 67581K->1485K(68096K)] 386798K->320702K(732160K), 0.0015514 secs] [Times: user=0.00 sys=0.00, real=0.00 secs] 
1153.727: [GC (Allocation Failure) [PSYoungGen: 67533K->1533K(68096K)] 386750K->320774K(732160K), 0.0018519 secs] [Times: user=0.01 sys=0.00, real=0.01 secs] 
1154.224: [GC (Allocation Failure) [PSYoungGen: 67581K->1472K(68096K)] 386822K->320712K(732160K), 0.0041106 secs] [Times: user=0.02 sys=0.00, real=0.01 secs] 
1154.709: [GC (Allocation Failure) [PSYoungGen: 67520K->1408K(68096K)] 386760K->320648K(732160K), 0.0018574 secs] [Times: user=0.01 sys=0.00, real=0.00 secs] 
1155.227: [GC (Allocation Failure) [PSYoungGen: 67456K->1408K(68096K)] 386696K->320648K(732160K), 0.0027522 secs] [Times: user=0.01 sys=0.00, real=0.00 secs] 
1155.710: [GC (Allocation Failure) [PSYoungGen: 67456K->1408K(68096K)] 386696K->320648K(732160K), 0.0027700 secs] [Times: user=0.01 sys=0.00, real=0.00 secs] 
1156.273: [GC (Allocation Failure) [PSYoungGen: 67456K->1421K(68096K)] 386696K->320662K(732160K), 0.0024873 secs] [Times: user=0.01 sys=0.00, real=0.00 secs] 
1156.451: [GC (Allocation Failure) [PSYoungGen: 67469K->1485K(68096K)] 386710K->320726K(732160K), 0.0015836 secs] [Times: user=0.01 sys=0.00, real=0.00 secs] 
1156.566: [GC (Allocation Failure) [PSYoungGen: 67533K->1501K(68096K)] 386774K->320742K(732160K), 0.0016353 secs] [Times: user=0.01 sys=0.00, real=0.01 secs] 
1156.682: [GC (Allocation Failure) [PSYoungGen: 67549K->1501K(68096K)] 386790K->320750K(732160K), 0.0015206 secs] [Times: user=0.00 sys=0.01, real=0.00 secs] 
1157.013: [GC (Allocation Failure) [PSYoungGen: 67549K->1488K(68096K)] 386798K->320736K(732160K), 0.0021350 secs] [Times: user=0.01 sys=0.00, real=0.00 secs] 
1157.326: [GC (Allocation Failure) [PSYoungGen: 67536K->1344K(68096K)] 386784K->320592K(732160K), 0.0024572 secs] [Times: user=0.00 sys=0.00, real=0.01 secs] 
1157.886: [GC (Allocation Failure) [PSYoungGen: 67392K->1408K(68096K)] 386640K->320656K(732160K), 0.0022613 secs] [Times: user=0.01 sys=0.00, real=0.01 secs] 
1158.409: [GC (Allocation Failure) [PSYoungGen: 67456K->1376K(68096K)] 386704K->320624K(732160K), 0.0021988 secs] [Times: user=0.01 sys=0.00, real=0.00 secs] 
1158.935: [GC (Allocation Failure) [PSYoungGen: 67424K->1408K(68096K)] 386672K->320656K(732160K), 0.0021666 secs] [Times: user=0.01 sys=0.00, real=0.01 secs] 
1159.100: [GC (Allocation Failure) [PSYoungGen: 67456K->1533K(68096K)] 386704K->320782K(732160K), 0.0015072 secs] [Times: user=0.01 sys=0.00, real=0.00 secs] 
1159.215: [GC (Allocation Failure) [PSYoungGen: 67581K->1533K(68096K)] 386830K->320782K(732160K), 0.0015581 secs] [Times: user=0.00 sys=0.00, real=0.00 secs] 
1159.331: [GC (Allocation Failure) [PSYoungGen: 67581K->1501K(68096K)] 386830K->320758K(732160K), 0.0015852 secs] [Times: user=0.01 sys=0.00, real=0.00 secs] 
1159.672: [GC (Allocation Failure) [PSYoungGen: 67549K->1984K(68096K)] 386806K->321240K(732160K), 0.0022849 secs] [Times: user=0.01 sys=0.00, real=0.00 secs] 
1160.706: [GC (Allocation Failure) [PSYoungGen: 68032K->1376K(68096K)] 387288K->320632K(732160K), 0.0027344 secs] [Times: user=0.01 sys=0.00, real=0.01 secs] 
1161.505: [GC (Allocation Failure) [PSYoungGen: 67424K->1408K(68096K)] 386680K->320664K(732160K), 0.0026664 secs] [Times: user=0.02 sys=0.00, real=0.01 secs] 
1162.247: [GC (Allocation Failure) [PSYoungGen: 67456K->1392K(68096K)] 386712K->320648K(732160K), 0.0026286 secs] [Times: user=0.01 sys=0.00, real=0.01 secs] 
1163.149: [GC (Allocation Failure) [PSYoungGen: 67440K->1408K(68096K)] 386696K->320664K(732160K), 0.0031818 secs] [Times: user=0.01 sys=0.00, real=0.00 secs] 
1163.476: [GC (Allocation Failure) [PSYoungGen: 67456K->1533K(68096K)] 386712K->320798K(732160K), 0.0017169 secs] [Times: user=0.01 sys=0.00, real=0.01 secs] 
1163.597: [GC (Allocation Failure) [PSYoungGen: 67581K->1533K(68096K)] 386846K->320798K(732160K), 0.0015144 secs] [Times: user=0.00 sys=0.00, real=0.00 secs] 
1163.713: [GC (Allocation Failure) [PSYoungGen: 67581K->1565K(68096K)] 386846K->320846K(732160K), 0.0015107 secs] [Times: user=0.01 sys=0.00, real=0.00 secs] 
1163.828: [GC (Allocation Failure) [PSYoungGen: 67613K->1501K(68096K)] 386894K->320782K(732160K), 0.0014670 secs] [Times: user=0.00 sys=0.00, real=0.00 secs] 
1164.643: [GC (Allocation Failure) [PSYoungGen: 67549K->1440K(68096K)] 386830K->320736K(732160K), 0.0021441 secs] [Times: user=0.01 sys=0.00, real=0.00 secs] 
1165.574: [GC (Allocation Failure) [PSYoungGen: 67488K->1376K(68096K)] 386784K->320672K(732160K), 0.0040591 secs] [Times: user=0.02 sys=0.00, real=0.01 secs] 
1166.658: [GC (Allocation Failure) [PSYoungGen: 67424K->1408K(68096K)] 386720K->320704K(732160K), 0.0037918 secs] [Times: user=0.01 sys=0.00, real=0.00 secs] 
1167.653: [GC (Allocation Failure) [PSYoungGen: 67456K->1408K(68096K)] 386752K->320704K(732160K), 0.0031996 secs] [Times: user=0.01 sys=0.00, real=0.00 secs] 
1168.062: [GC (Allocation Failure) [PSYoungGen: 67456K->1533K(68096K)] 386752K->320830K(732160K), 0.0018107 secs] [Times: user=0.00 sys=0.00, real=0.00 secs] 
1168.194: [GC (Allocation Failure) [PSYoungGen: 67581K->1501K(68096K)] 386878K->320798K(732160K), 0.0015434 secs] [Times: user=0.00 sys=0.00, real=0.00 secs] 
1168.309: [GC (Allocation Failure) [PSYoungGen: 67549K->1501K(68096K)] 386846K->320806K(732160K), 0.0014823 secs] [Times: user=0.00 sys=0.00, real=0.00 secs] 
1168.442: [GC (Allocation Failure) [PSYoungGen: 67549K->1533K(68096K)] 386854K->320838K(732160K), 0.0019090 secs] [Times: user=0.00 sys=0.00, real=0.00 secs] 
1169.146: [GC (Allocation Failure) [PSYoungGen: 67581K->1440K(68096K)] 386886K->320744K(732160K), 0.0022081 secs] [Times: user=0.01 sys=0.00, real=0.01 secs] 
1169.713: [GC (Allocation Failure) [PSYoungGen: 67488K->1376K(68096K)] 386792K->320680K(732160K), 0.0021734 secs] [Times: user=0.00 sys=0.00, real=0.00 secs] 
1170.376: [GC (Allocation Failure) [PSYoungGen: 67424K->1424K(68096K)] 386728K->320728K(732160K), 0.0026363 secs] [Times: user=0.01 sys=0.00, real=0.01 secs] 
1171.237: [GC (Allocation Failure) [PSYoungGen: 67472K->1376K(68096K)] 386776K->320696K(732160K), 0.0030128 secs] [Times: user=0.01 sys=0.00, real=0.00 secs] 
1171.721: [GC (Allocation Failure) [PSYoungGen: 67424K->1456K(68096K)] 386744K->320776K(732160K), 0.0021369 secs] [Times: user=0.01 sys=0.00, real=0.00 secs] 
1171.876: [GC (Allocation Failure) [PSYoungGen: 67504K->1501K(68096K)] 386824K->320822K(732160K), 0.0015749 secs] [Times: user=0.01 sys=0.00, real=0.01 secs] 
1171.991: [GC (Allocation Failure) [PSYoungGen: 67549K->1501K(68096K)] 386870K->320822K(732160K), 0.0015633 secs] [Times: user=0.01 sys=0.00, real=0.00 secs] 
1172.107: [GC (Allocation Failure) [PSYoungGen: 67549K->1533K(68096K)] 386870K->320862K(732160K), 0.0015334 secs] [Times: user=0.01 sys=0.00, real=0.01 secs] 
1172.628: [GC (Allocation Failure) [PSYoungGen: 67581K->1408K(68096K)] 386910K->320736K(732160K), 0.0072373 secs] [Times: user=0.03 sys=0.01, real=0.00 secs] 
1173.004: [GC (Allocation Failure) [PSYoungGen: 67456K->1376K(68096K)] 386784K->320704K(732160K), 0.0021098 secs] [Times: user=0.01 sys=0.01, real=0.00 secs] 
1173.279: [GC (Allocation Failure) [PSYoungGen: 67424K->1408K(68096K)] 386752K->320760K(732160K), 0.0019692 secs] [Times: user=0.01 sys=0.00, real=0.00 secs] 
1173.887: [GC (Allocation Failure) [PSYoungGen: 67456K->1440K(68096K)] 386808K->320792K(732160K), 0.0029340 secs] [Times: user=0.01 sys=0.00, real=0.00 secs] 
1174.294: [GC (Allocation Failure) [PSYoungGen: 67488K->1469K(68096K)] 386840K->320822K(732160K), 0.0018263 secs] [Times: user=0.01 sys=0.00, real=0.00 secs] 
1174.456: [GC (Allocation Failure) [PSYoungGen: 67517K->1501K(68096K)] 386870K->320854K(732160K), 0.0017960 secs] [Times: user=0.01 sys=0.00, real=0.01 secs] 
1174.605: [GC (Allocation Failure) [PSYoungGen: 67549K->1501K(68096K)] 386902K->320854K(732160K), 0.0015498 secs] [Times: user=0.01 sys=0.00, real=0.01 secs] 
1174.720: [GC (Allocation Failure) [PSYoungGen: 67549K->1485K(68096K)] 386902K->320854K(732160K), 0.0015458 secs] [Times: user=0.00 sys=0.00, real=0.00 secs] 
1175.472: [GC (Allocation Failure) [PSYoungGen: 67533K->1456K(68096K)] 386902K->320824K(732160K), 0.0035396 secs] [Times: user=0.01 sys=0.00, real=0.00 secs] 
1176.202: [GC (Allocation Failure) [PSYoungGen: 67504K->1424K(68096K)] 386872K->320792K(732160K), 0.0027290 secs] [Times: user=0.01 sys=0.00, real=0.00 secs] 
1176.847: [GC (Allocation Failure) [PSYoungGen: 67472K->1408K(68096K)] 386840K->320776K(732160K), 0.0021785 secs] [Times: user=0.01 sys=0.00, real=0.01 secs] 
1177.664: [GC (Allocation Failure) [PSYoungGen: 67456K->1408K(68096K)] 386824K->320776K(732160K), 0.0020700 secs] [Times: user=0.01 sys=0.00, real=0.00 secs] 
1178.634: [GC (Allocation Failure) [PSYoungGen: 67456K->1485K(68096K)] 386824K->320854K(732160K), 0.0022802 secs] [Times: user=0.01 sys=0.00, real=0.00 secs] 
1178.783: [GC (Allocation Failure) [PSYoungGen: 67533K->1565K(68096K)] 386902K->320934K(732160K), 0.0015505 secs] [Times: user=0.01 sys=0.00, real=0.00 secs] 
1178.914: [GC (Allocation Failure) [PSYoungGen: 67613K->1504K(68096K)] 386982K->320872K(732160K), 0.0018476 secs] [Times: user=0.01 sys=0.00, real=0.00 secs] 
1179.059: [GC (Allocation Failure) [PSYoungGen: 67552K->1565K(68096K)] 386920K->320958K(732160K), 0.0017213 secs] [Times: user=0.01 sys=0.00, real=0.00 secs] 
1179.381: [GC (Allocation Failure) [PSYoungGen: 67613K->1440K(68096K)] 387006K->320832K(732160K), 0.0022595 secs] [Times: user=0.01 sys=0.00, real=0.00 secs] 
1179.656: [GC (Allocation Failure) [PSYoungGen: 67488K->1376K(68096K)] 386880K->320768K(732160K), 0.0020445 secs] [Times: user=0.00 sys=0.00, real=0.01 secs] 
1179.931: [GC (Allocation Failure) [PSYoungGen: 67424K->1392K(68096K)] 386816K->320784K(732160K), 0.0019946 secs] [Times: user=0.01 sys=0.00, real=0.00 secs] 
1180.263: [GC (Allocation Failure) [PSYoungGen: 67440K->1376K(68096K)] 386832K->320768K(732160K), 0.0017875 secs] [Times: user=0.01 sys=0.00, real=0.00 secs] 
1180.952: [GC (Allocation Failure) [PSYoungGen: 67424K->1424K(68096K)] 386816K->320816K(732160K), 0.0025431 secs] [Times: user=0.01 sys=0.00, real=0.00 secs] 
1181.170: [GC (Allocation Failure) [PSYoungGen: 67472K->1501K(68096K)] 386864K->320894K(732160K), 0.0019617 secs] [Times: user=0.01 sys=0.00, real=0.00 secs] 
1181.306: [GC (Allocation Failure) [PSYoungGen: 67549K->1533K(68096K)] 386942K->320926K(732160K), 0.0015678 secs] [Times: user=0.01 sys=0.00, real=0.01 secs] 
1181.421: [GC (Allocation Failure) [PSYoungGen: 67581K->1469K(68096K)] 386974K->320878K(732160K), 0.0015487 secs] [Times: user=0.00 sys=0.00, real=0.00 secs] 
1181.640: [GC (Allocation Failure) [PSYoungGen: 67517K->1984K(68096K)] 386926K->321392K(732160K), 0.0016775 secs] [Times: user=0.00 sys=0.00, real=0.00 secs] 
1182.196: [GC (Allocation Failure) [PSYoungGen: 68032K->1440K(68096K)] 387440K->320848K(732160K), 0.0024294 secs] [Times: user=0.01 sys=0.00, real=0.01 secs] 
1182.727: [GC (Allocation Failure) [PSYoungGen: 67488K->1376K(68096K)] 386896K->320800K(732160K), 0.0020326 secs] [Times: user=0.01 sys=0.00, real=0.00 secs] 
1183.002: [GC (Allocation Failure) [PSYoungGen: 67424K->1344K(68096K)] 386848K->320768K(732160K), 0.0019504 secs] [Times: user=0.01 sys=0.00, real=0.00 secs] 
1183.357: [GC (Allocation Failure) [PSYoungGen: 67392K->1344K(68096K)] 386816K->320768K(732160K), 0.0022827 secs] [Times: user=0.01 sys=0.00, real=0.01 secs] 
1183.683: [GC (Allocation Failure) [PSYoungGen: 67392K->1501K(68096K)] 386816K->320926K(732160K), 0.0015168 secs] [Times: user=0.00 sys=0.00, real=0.00 secs] 
1183.814: [GC (Allocation Failure) [PSYoungGen: 67545K->1501K(68096K)] 386969K->320926K(732160K), 0.0019488 secs] [Times: user=0.01 sys=0.00, real=0.00 secs] 
1183.961: [GC (Allocation Failure) [PSYoungGen: 67549K->1533K(68096K)] 386974K->320990K(732160K), 0.0019652 secs] [Times: user=0.01 sys=0.00, real=0.00 secs] 
1184.081: [GC (Allocation Failure) [PSYoungGen: 67581K->1565K(68096K)] 387038K->321022K(732160K), 0.0015651 secs] [Times: user=0.01 sys=0.00, real=0.00 secs] 
1185.066: [GC (Allocation Failure) [PSYoungGen: 67613K->1376K(68096K)] 387070K->320832K(732160K), 0.0035982 secs] [Times: user=0.01 sys=0.00, real=0.01 secs] 
1185.929: [GC (Allocation Failure) [PSYoungGen: 67424K->1440K(68096K)] 386880K->320896K(732160K), 0.0024340 secs] [Times: user=0.01 sys=0.00, real=0.00 secs] 
1186.676: [GC (Allocation Failure) [PSYoungGen: 67488K->1424K(68096K)] 386944K->320880K(732160K), 0.0023453 secs] [Times: user=0.01 sys=0.00, real=0.01 secs] 
1187.823: [GC (Allocation Failure) [PSYoungGen: 67472K->1376K(68096K)] 386928K->320832K(732160K), 0.0037709 secs] [Times: user=0.02 sys=0.00, real=0.00 secs] 
1188.390: [GC (Allocation Failure) [PSYoungGen: 67424K->1533K(68096K)] 386880K->320990K(732160K), 0.0019310 secs] [Times: user=0.01 sys=0.00, real=0.00 secs] 
1188.566: [GC (Allocation Failure) [PSYoungGen: 67574K->1501K(68096K)] 387031K->320958K(732160K), 0.0019750 secs] [Times: user=0.01 sys=0.00, real=0.01 secs] 
1188.754: [GC (Allocation Failure) [PSYoungGen: 67549K->1501K(68096K)] 387006K->320974K(732160K), 0.0021306 secs] [Times: user=0.01 sys=0.00, real=0.00 secs] 
1188.903: [GC (Allocation Failure) [PSYoungGen: 67549K->1485K(68096K)] 387022K->320958K(732160K), 0.0015118 secs] [Times: user=0.01 sys=0.00, real=0.00 secs] 
1189.261: [GC (Allocation Failure) [PSYoungGen: 67533K->1408K(68096K)] 387006K->320880K(732160K), 0.0027702 secs] [Times: user=0.02 sys=0.00, real=0.00 secs] 
1189.533: [GC (Allocation Failure) [PSYoungGen: 67456K->1376K(68096K)] 386928K->320848K(732160K), 0.0019004 secs] [Times: user=0.01 sys=0.00, real=0.00 secs] 
1189.807: [GC (Allocation Failure) [PSYoungGen: 67424K->1408K(68096K)] 386896K->320880K(732160K), 0.0019597 secs] [Times: user=0.00 sys=0.00, real=0.00 secs] 
1190.266: [GC (Allocation Failure) [PSYoungGen: 67456K->1408K(68096K)] 386928K->320880K(732160K), 0.0019871 secs] [Times: user=0.01 sys=0.00, real=0.01 secs] 
1190.658: [GC (Allocation Failure) [PSYoungGen: 67456K->1501K(68096K)] 386928K->320974K(732160K), 0.0020582 secs] [Times: user=0.01 sys=0.00, real=0.00 secs] 
1190.812: [GC (Allocation Failure) [PSYoungGen: 67549K->1533K(68096K)] 387022K->321006K(732160K), 0.0016853 secs] [Times: user=0.01 sys=0.00, real=0.00 secs] 
1190.959: [GC (Allocation Failure) [PSYoungGen: 67581K->1565K(68096K)] 387054K->321038K(732160K), 0.0016587 secs] [Times: user=0.01 sys=0.00, real=0.00 secs] 
1191.076: [GC (Allocation Failure) [PSYoungGen: 67613K->1533K(68096K)] 387086K->321014K(732160K), 0.0016604 secs] [Times: user=0.00 sys=0.00, real=0.01 secs] 
1191.804: [GC (Allocation Failure) [PSYoungGen: 67581K->1408K(68096K)] 387062K->320888K(732160K), 0.0039904 secs] [Times: user=0.01 sys=0.00, real=0.01 secs] 
1192.754: [GC (Allocation Failure) [PSYoungGen: 67456K->1376K(68096K)] 386936K->320856K(732160K), 0.0040777 secs] [Times: user=0.02 sys=0.00, real=0.01 secs] 
1193.559: [GC (Allocation Failure) [PSYoungGen: 67424K->1440K(68096K)] 386904K->320952K(732160K), 0.0032764 secs] [Times: user=0.01 sys=0.00, real=0.00 secs] 
1194.551: [GC (Allocation Failure) [PSYoungGen: 67488K->1392K(68096K)] 387000K->320904K(732160K), 0.0037992 secs] [Times: user=0.01 sys=0.00, real=0.00 secs] 
1195.130: [GC (Allocation Failure) [PSYoungGen: 67440K->1472K(68096K)] 386952K->320984K(732160K), 0.0021170 secs] [Times: user=0.01 sys=0.00, real=0.00 secs] 
1195.281: [GC (Allocation Failure) [PSYoungGen: 67520K->1533K(68096K)] 387032K->321046K(732160K), 0.0015128 secs] [Times: user=0.01 sys=0.00, real=0.00 secs] 
1195.397: [GC (Allocation Failure) [PSYoungGen: 67581K->1501K(68096K)] 387094K->321014K(732160K), 0.0015059 secs] [Times: user=0.01 sys=0.00, real=0.00 secs] 
1195.513: [GC (Allocation Failure) [PSYoungGen: 67549K->1501K(68096K)] 387062K->321030K(732160K), 0.0014774 secs] [Times: user=0.00 sys=0.00, real=0.00 secs] 
1196.359: [GC (Allocation Failure) [PSYoungGen: 67549K->1376K(68096K)] 387078K->320904K(732160K), 0.0027062 secs] [Times: user=0.01 sys=0.00, real=0.00 secs] 
1196.664: [GC (Allocation Failure) [PSYoungGen: 67424K->1376K(68096K)] 386952K->320904K(732160K), 0.0020142 secs] [Times: user=0.01 sys=0.00, real=0.00 secs] 
1196.992: [GC (Allocation Failure) [PSYoungGen: 67424K->1344K(68096K)] 386952K->320872K(732160K), 0.0018766 secs] [Times: user=0.01 sys=0.00, real=0.00 secs] 
1197.317: [GC (Allocation Failure) [PSYoungGen: 67392K->1408K(68096K)] 386920K->320936K(732160K), 0.0020709 secs] [Times: user=0.01 sys=0.00, real=0.01 secs] 
1197.751: [GC (Allocation Failure) [PSYoungGen: 67456K->1456K(68096K)] 386984K->320984K(732160K), 0.0021766 secs] [Times: user=0.00 sys=0.00, real=0.00 secs] 
1197.894: [GC (Allocation Failure) [PSYoungGen: 67504K->1533K(68096K)] 387032K->321062K(732160K), 0.0015093 secs] [Times: user=0.01 sys=0.00, real=0.00 secs] 
1198.009: [GC (Allocation Failure) [PSYoungGen: 67581K->1501K(68096K)] 387110K->321030K(732160K), 0.0014770 secs] [Times: user=0.01 sys=0.00, real=0.00 secs] 
1198.124: [GC (Allocation Failure) [PSYoungGen: 67549K->1533K(68096K)] 387078K->321070K(732160K), 0.0016149 secs] [Times: user=0.01 sys=0.00, real=0.00 secs] 
1198.717: [GC (Allocation Failure) [PSYoungGen: 67581K->1472K(68096K)] 387118K->321008K(732160K), 0.0026157 secs] [Times: user=0.01 sys=0.00, real=0.00 secs] 
1199.324: [GC (Allocation Failure) [PSYoungGen: 67520K->1408K(68096K)] 387056K->320944K(732160K), 0.0028596 secs] [Times: user=0.01 sys=0.00, real=0.00 secs] 
1199.915: [GC (Allocation Failure) [PSYoungGen: 67456K->1408K(68096K)] 386992K->320944K(732160K), 0.0025888 secs] [Times: user=0.01 sys=0.00, real=0.01 secs] 
1200.450: [GC (Allocation Failure) [PSYoungGen: 67456K->1440K(68096K)] 386992K->320976K(732160K), 0.0021611 secs] [Times: user=0.01 sys=0.00, real=0.00 secs] 
1201.110: [GC (Allocation Failure) [PSYoungGen: 67488K->1453K(68096K)] 387024K->320990K(732160K), 0.0024788 secs] [Times: user=0.01 sys=0.00, real=0.00 secs] 
1201.270: [GC (Allocation Failure) [PSYoungGen: 67501K->1469K(68096K)] 387038K->321006K(732160K), 0.0015743 secs] [Times: user=0.00 sys=0.00, real=0.00 secs] 
1201.386: [GC (Allocation Failure) [PSYoungGen: 67517K->1485K(68096K)] 387054K->321022K(732160K), 0.0015247 secs] [Times: user=0.01 sys=0.00, real=0.01 secs] 
1201.518: [GC (Allocation Failure) [PSYoungGen: 67533K->1565K(68096K)] 387070K->321110K(732160K), 0.0018857 secs] [Times: user=0.01 sys=0.00, real=0.00 secs] 
1201.797: [GC (Allocation Failure) [PSYoungGen: 67613K->1504K(68096K)] 387158K->321048K(732160K), 0.0023047 secs] [Times: user=0.01 sys=0.00, real=0.00 secs] 
1202.242: [GC (Allocation Failure) [PSYoungGen: 67552K->1408K(68096K)] 387096K->320952K(732160K), 0.0021084 secs] [Times: user=0.01 sys=0.00, real=0.00 secs] 
1202.806: [GC (Allocation Failure) [PSYoungGen: 67456K->1408K(68096K)] 387000K->320952K(732160K), 0.0021523 secs] [Times: user=0.01 sys=0.00, real=0.01 secs] 
1203.327: [GC (Allocation Failure) [PSYoungGen: 67456K->1344K(68096K)] 387000K->320912K(732160K), 0.0024019 secs] [Times: user=0.01 sys=0.00, real=0.01 secs] 
1203.873: [GC (Allocation Failure) [PSYoungGen: 67392K->1408K(68096K)] 386960K->320976K(732160K), 0.0019780 secs] [Times: user=0.00 sys=0.00, real=0.00 secs] 
1204.277: [GC (Allocation Failure) [PSYoungGen: 67456K->1533K(68096K)] 387024K->321102K(732160K), 0.0017338 secs] [Times: user=0.00 sys=0.00, real=0.00 secs] 
1204.392: [GC (Allocation Failure) [PSYoungGen: 67581K->1485K(68096K)] 387150K->321054K(732160K), 0.0015479 secs] [Times: user=0.01 sys=0.00, real=0.00 secs] 
1204.507: [GC (Allocation Failure) [PSYoungGen: 67533K->1453K(68096K)] 387102K->321038K(732160K), 0.0015170 secs] [Times: user=0.00 sys=0.00, real=0.00 secs] 
1204.623: [GC (Allocation Failure) [PSYoungGen: 67501K->1453K(68096K)] 387086K->321038K(732160K), 0.0015433 secs] [Times: user=0.00 sys=0.00, real=0.00 secs] 
1205.345: [GC (Allocation Failure) [PSYoungGen: 67501K->1472K(67584K)] 387086K->321056K(731648K), 0.0023215 secs] [Times: user=0.01 sys=0.00, real=0.01 secs] 
1205.894: [GC (Allocation Failure) [PSYoungGen: 67520K->1408K(67584K)] 387104K->320992K(731648K), 0.0020914 secs] [Times: user=0.01 sys=0.00, real=0.00 secs] 
1206.573: [GC (Allocation Failure) [PSYoungGen: 67456K->1376K(67584K)] 387040K->320960K(731648K), 0.0022704 secs] [Times: user=0.01 sys=0.00, real=0.00 secs] 
1207.195: [GC (Allocation Failure) [PSYoungGen: 67424K->1376K(67584K)] 387008K->320960K(731648K), 0.0024202 secs] [Times: user=0.01 sys=0.00, real=0.01 secs] 
1207.665: [GC (Allocation Failure) [PSYoungGen: 67424K->1517K(67584K)] 387008K->321102K(731648K), 0.0019065 secs] [Times: user=0.01 sys=0.00, real=0.00 secs] 
1207.785: [GC (Allocation Failure) [PSYoungGen: 67565K->1485K(67584K)] 387150K->321070K(731648K), 0.0016625 secs] [Times: user=0.01 sys=0.00, real=0.00 secs] 
1207.900: [GC (Allocation Failure) [PSYoungGen: 67533K->1517K(67584K)] 387118K->321118K(731648K), 0.0015357 secs] [Times: user=0.01 sys=0.00, real=0.00 secs] 
1208.015: [GC (Allocation Failure) [PSYoungGen: 67565K->1501K(67584K)] 387166K->321102K(731648K), 0.0015579 secs] [Times: user=0.01 sys=0.00, real=0.00 secs] 
1208.908: [GC (Allocation Failure) [PSYoungGen: 67549K->1424K(67584K)] 387150K->321024K(731648K), 0.0022390 secs] [Times: user=0.01 sys=0.00, real=0.00 secs] 
1209.428: [GC (Allocation Failure) [PSYoungGen: 67472K->1408K(67584K)] 387072K->321008K(731648K), 0.0021785 secs] [Times: user=0.01 sys=0.01, real=0.00 secs] 
1209.990: [GC (Allocation Failure) [PSYoungGen: 67456K->1360K(67584K)] 387056K->320960K(731648K), 0.0021776 secs] [Times: user=0.01 sys=0.00, real=0.00 secs] 
1210.819: [GC (Allocation Failure) [PSYoungGen: 67408K->1408K(67584K)] 387008K->321008K(731648K), 0.0028459 secs] [Times: user=0.01 sys=0.00, real=0.00 secs] 
1211.422: [GC (Allocation Failure) [PSYoungGen: 67456K->1440K(67584K)] 387056K->321040K(731648K), 0.0019160 secs] [Times: user=0.01 sys=0.00, real=0.00 secs] 
1211.594: [GC (Allocation Failure) [PSYoungGen: 67488K->1520K(68096K)] 387088K->321120K(732160K), 0.0019022 secs] [Times: user=0.01 sys=0.00, real=0.00 secs] 
1211.769: [GC (Allocation Failure) [PSYoungGen: 67558K->1501K(68096K)] 387158K->321102K(732160K), 0.0020945 secs] [Times: user=0.01 sys=0.00, real=0.00 secs] 
1211.964: [GC (Allocation Failure) [PSYoungGen: 67549K->1488K(68096K)] 387150K->321112K(732160K), 0.0020974 secs] [Times: user=0.01 sys=0.00, real=0.00 secs] 
1212.501: [GC (Allocation Failure) [PSYoungGen: 67536K->1376K(68096K)] 387160K->321000K(732160K), 0.0039490 secs] [Times: user=0.01 sys=0.01, real=0.00 secs] 
1213.182: [GC (Allocation Failure) [PSYoungGen: 67424K->1376K(68096K)] 387048K->321000K(732160K), 0.0025751 secs] [Times: user=0.02 sys=0.00, real=0.00 secs] 
1213.689: [GC (Allocation Failure) [PSYoungGen: 67424K->1440K(68096K)] 387048K->321064K(732160K), 0.0026545 secs] [Times: user=0.01 sys=0.01, real=0.00 secs] 
1214.230: [GC (Allocation Failure) [PSYoungGen: 67488K->1376K(68096K)] 387112K->321016K(732160K), 0.0032259 secs] [Times: user=0.01 sys=0.00, real=0.00 secs] 
1214.705: [GC (Allocation Failure) [PSYoungGen: 67424K->1424K(68096K)] 387064K->321064K(732160K), 0.0020035 secs] [Times: user=0.01 sys=0.00, real=0.01 secs] 
1214.850: [GC (Allocation Failure) [PSYoungGen: 67472K->1517K(68096K)] 387112K->321158K(732160K), 0.0015415 secs] [Times: user=0.01 sys=0.00, real=0.00 secs] 
1214.966: [GC (Allocation Failure) [PSYoungGen: 67565K->1501K(68096K)] 387206K->321142K(732160K), 0.0015657 secs] [Times: user=0.01 sys=0.00, real=0.01 secs] 
1215.082: [GC (Allocation Failure) [PSYoungGen: 67549K->1453K(68096K)] 387190K->321102K(732160K), 0.0015453 secs] [Times: user=0.01 sys=0.00, real=0.00 secs] 
1215.318: [GC (Allocation Failure) [PSYoungGen: 67501K->1440K(68096K)] 387150K->321088K(732160K), 0.0017043 secs] [Times: user=0.01 sys=0.00, real=0.00 secs] 
1215.720: [GC (Allocation Failure) [PSYoungGen: 67488K->1376K(68096K)] 387136K->321032K(732160K), 0.0019928 secs] [Times: user=0.00 sys=0.00, real=0.00 secs] 
1216.132: [GC (Allocation Failure) [PSYoungGen: 67424K->1376K(68096K)] 387080K->321032K(732160K), 0.0035953 secs] [Times: user=0.01 sys=0.00, real=0.00 secs] 
1216.721: [GC (Allocation Failure) [PSYoungGen: 67424K->1360K(68096K)] 387080K->321016K(732160K), 0.0027398 secs] [Times: user=0.02 sys=0.00, real=0.00 secs] 
1217.282: [GC (Allocation Failure) [PSYoungGen: 67408K->1456K(68096K)] 387064K->321112K(732160K), 0.0030120 secs] [Times: user=0.01 sys=0.00, real=0.00 secs] 
1217.476: [GC (Allocation Failure) [PSYoungGen: 67504K->1533K(68096K)] 387160K->321190K(732160K), 0.0017827 secs] [Times: user=0.01 sys=0.00, real=0.01 secs] 
1217.593: [GC (Allocation Failure) [PSYoungGen: 67581K->1533K(68096K)] 387238K->321190K(732160K), 0.0015745 secs] [Times: user=0.00 sys=0.00, real=0.00 secs] 
1217.709: [GC (Allocation Failure) [PSYoungGen: 67581K->1533K(68096K)] 387238K->321198K(732160K), 0.0015507 secs] [Times: user=0.01 sys=0.00, real=0.00 secs] 
1218.193: [GC (Allocation Failure) [PSYoungGen: 67581K->1440K(67584K)] 387246K->321104K(731648K), 0.0022456 secs] [Times: user=0.01 sys=0.01, real=0.00 secs] 
1219.405: [GC (Allocation Failure) [PSYoungGen: 67488K->1376K(67584K)] 387152K->321040K(731648K), 0.0031830 secs] [Times: user=0.01 sys=0.00, real=0.01 secs] 
1220.132: [GC (Allocation Failure) [PSYoungGen: 67424K->1376K(67584K)] 387088K->321040K(731648K), 0.0032017 secs] [Times: user=0.01 sys=0.00, real=0.00 secs] 
1220.733: [GC (Allocation Failure) [PSYoungGen: 67424K->1376K(67584K)] 387088K->321040K(731648K), 0.0026820 secs] [Times: user=0.01 sys=0.00, real=0.00 secs] 
1221.971: [GC (Allocation Failure) [PSYoungGen: 67424K->1456K(67584K)] 387088K->321120K(731648K), 0.0026390 secs] [Times: user=0.01 sys=0.00, real=0.00 secs] 
1222.194: [GC (Allocation Failure) [PSYoungGen: 67504K->1520K(67584K)] 387168K->321184K(731648K), 0.0022751 secs] [Times: user=0.01 sys=0.00, real=0.00 secs] 
1222.385: [GC (Allocation Failure) [PSYoungGen: 67568K->1501K(67584K)] 387232K->321166K(731648K), 0.0019937 secs] [Times: user=0.01 sys=0.00, real=0.00 secs] 
1222.537: [GC (Allocation Failure) [PSYoungGen: 67549K->1533K(67584K)] 387214K->321206K(731648K), 0.0016606 secs] [Times: user=0.00 sys=0.00, real=0.00 secs] 
1223.169: [GC (Allocation Failure) [PSYoungGen: 67581K->1440K(67584K)] 387254K->321112K(731648K), 0.0023299 secs] [Times: user=0.00 sys=0.00, real=0.00 secs] 
1224.045: [GC (Allocation Failure) [PSYoungGen: 67488K->1376K(67584K)] 387160K->321048K(731648K), 0.0024130 secs] [Times: user=0.01 sys=0.00, real=0.01 secs] 
1224.845: [GC (Allocation Failure) [PSYoungGen: 67424K->1344K(67584K)] 387096K->321016K(731648K), 0.0020202 secs] [Times: user=0.00 sys=0.01, real=0.00 secs] 
1225.703: [GC (Allocation Failure) [PSYoungGen: 67392K->1392K(67584K)] 387064K->321064K(731648K), 0.0019231 secs] [Times: user=0.01 sys=0.00, real=0.00 secs] 
1227.357: [GC (Allocation Failure) [PSYoungGen: 67440K->1328K(67584K)] 387112K->321000K(731648K), 0.0025786 secs] [Times: user=0.01 sys=0.00, real=0.00 secs] 
1227.580: [GC (Allocation Failure) [PSYoungGen: 67376K->1501K(67584K)] 387048K->321182K(731648K), 0.0016740 secs] [Times: user=0.01 sys=0.00, real=0.00 secs] 
1227.697: [GC (Allocation Failure) [PSYoungGen: 67549K->1472K(68096K)] 387230K->321152K(732160K), 0.0015085 secs] [Times: user=0.00 sys=0.00, real=0.00 secs] 
1227.813: [GC (Allocation Failure) [PSYoungGen: 67520K->1517K(68096K)] 387200K->321214K(732160K), 0.0015142 secs] [Times: user=0.00 sys=0.00, real=0.00 secs] 
1227.981: [GC (Allocation Failure) [PSYoungGen: 67565K->1472K(68096K)] 387262K->321168K(732160K), 0.0016257 secs] [Times: user=0.01 sys=0.00, real=0.00 secs] 
1228.711: [GC (Allocation Failure) [PSYoungGen: 67520K->1408K(68096K)] 387216K->321104K(732160K), 0.0028185 secs] [Times: user=0.01 sys=0.00, real=0.00 secs] 
1229.306: [GC (Allocation Failure) [PSYoungGen: 67456K->1360K(68096K)] 387152K->321056K(732160K), 0.0027762 secs] [Times: user=0.01 sys=0.00, real=0.01 secs] 
1229.913: [GC (Allocation Failure) [PSYoungGen: 67408K->1408K(68096K)] 387104K->321104K(732160K), 0.0031924 secs] [Times: user=0.01 sys=0.00, real=0.00 secs] 
1230.503: [GC (Allocation Failure) [PSYoungGen: 67456K->1312K(68096K)] 387152K->321008K(732160K), 0.0032794 secs] [Times: user=0.01 sys=0.00, real=0.00 secs] 
1230.802: [GC (Allocation Failure) [PSYoungGen: 67360K->1536K(68096K)] 387056K->321232K(732160K), 0.0017779 secs] [Times: user=0.01 sys=0.00, real=0.00 secs] 
1230.927: [GC (Allocation Failure) [PSYoungGen: 67584K->1565K(68096K)] 387280K->321262K(732160K), 0.0015189 secs] [Times: user=0.01 sys=0.00, real=0.00 secs] 
1231.043: [GC (Allocation Failure) [PSYoungGen: 67613K->1533K(68096K)] 387310K->321238K(732160K), 0.0014941 secs] [Times: user=0.00 sys=0.00, real=0.00 secs] 
1231.175: [GC (Allocation Failure) [PSYoungGen: 67581K->1501K(68096K)] 387286K->321206K(732160K), 0.0018395 secs] [Times: user=0.00 sys=0.00, real=0.01 secs] 
1231.962: [GC (Allocation Failure) [PSYoungGen: 67549K->1408K(68096K)] 387254K->321112K(732160K), 0.0026432 secs] [Times: user=0.01 sys=0.00, real=0.00 secs] 
1232.705: [GC (Allocation Failure) [PSYoungGen: 67456K->1376K(68096K)] 387160K->321080K(732160K), 0.0019057 secs] [Times: user=0.01 sys=0.00, real=0.01 secs] 
1233.359: [GC (Allocation Failure) [PSYoungGen: 67424K->1376K(68096K)] 387128K->321080K(732160K), 0.0021592 secs] [Times: user=0.00 sys=0.00, real=0.00 secs] 
1234.295: [GC (Allocation Failure) [PSYoungGen: 67424K->1312K(68096K)] 387128K->321040K(732160K), 0.0030585 secs] [Times: user=0.01 sys=0.00, real=0.01 secs] 
1234.738: [GC (Allocation Failure) [PSYoungGen: 67360K->1469K(68096K)] 387088K->321198K(732160K), 0.0019999 secs] [Times: user=0.00 sys=0.00, real=0.00 secs] 
1234.889: [GC (Allocation Failure) [PSYoungGen: 67517K->1533K(68096K)] 387246K->321262K(732160K), 0.0016578 secs] [Times: user=0.00 sys=0.00, real=0.00 secs] 
1235.034: [GC (Allocation Failure) [PSYoungGen: 67581K->1533K(68096K)] 387310K->321286K(732160K), 0.0017058 secs] [Times: user=0.00 sys=0.00, real=0.00 secs] 
1235.194: [GC (Allocation Failure) [PSYoungGen: 67581K->1501K(68096K)] 387334K->321254K(732160K), 0.0019014 secs] [Times: user=0.01 sys=0.00, real=0.00 secs] 
1235.654: [GC (Allocation Failure) [PSYoungGen: 67549K->1424K(68096K)] 387302K->321176K(732160K), 0.0023528 secs] [Times: user=0.01 sys=0.00, real=0.00 secs] 
1235.930: [GC (Allocation Failure) [PSYoungGen: 67472K->1408K(68096K)] 387224K->321160K(732160K), 0.0020572 secs] [Times: user=0.01 sys=0.00, real=0.00 secs] 
1236.204: [GC (Allocation Failure) [PSYoungGen: 67456K->1376K(68096K)] 387208K->321128K(732160K), 0.0018570 secs] [Times: user=0.01 sys=0.00, real=0.00 secs] 
1236.479: [GC (Allocation Failure) [PSYoungGen: 67424K->1376K(68096K)] 387176K->321128K(732160K), 0.0020571 secs] [Times: user=0.01 sys=0.00, real=0.00 secs] 
1236.719: [GC (Allocation Failure) [PSYoungGen: 67424K->1485K(68096K)] 387176K->321238K(732160K), 0.0015856 secs] [Times: user=0.00 sys=0.00, real=0.00 secs] 
1236.835: [GC (Allocation Failure) [PSYoungGen: 67533K->1533K(68096K)] 387286K->321286K(732160K), 0.0014362 secs] [Times: user=0.01 sys=0.00, real=0.00 secs] 
1236.949: [GC (Allocation Failure) [PSYoungGen: 67581K->1453K(68096K)] 387334K->321206K(732160K), 0.0015536 secs] [Times: user=0.01 sys=0.00, real=0.00 secs] 
1237.065: [GC (Allocation Failure) [PSYoungGen: 67501K->1453K(68096K)] 387254K->321214K(732160K), 0.0016126 secs] [Times: user=0.00 sys=0.00, real=0.00 secs] 
1238.624: [GC (Allocation Failure) [PSYoungGen: 67501K->1456K(68096K)] 387262K->321216K(732160K), 0.0043046 secs] [Times: user=0.02 sys=0.00, real=0.01 secs] 
1240.137: [GC (Allocation Failure) [PSYoungGen: 67504K->1440K(68096K)] 387264K->321200K(732160K), 0.0041127 secs] [Times: user=0.01 sys=0.00, real=0.00 secs] 
1240.940: [GC (Allocation Failure) [PSYoungGen: 67488K->1328K(68096K)] 387248K->321088K(732160K), 0.0025976 secs] [Times: user=0.01 sys=0.00, real=0.00 secs] 
1241.557: [GC (Allocation Failure) [PSYoungGen: 67376K->1408K(68096K)] 387136K->321168K(732160K), 0.0028714 secs] [Times: user=0.01 sys=0.00, real=0.01 secs] 
1242.166: [GC (Allocation Failure) [PSYoungGen: 67456K->1472K(68096K)] 387216K->321232K(732160K), 0.0023817 secs] [Times: user=0.01 sys=0.00, real=0.01 secs] 
1242.327: [GC (Allocation Failure) [PSYoungGen: 67520K->1536K(68096K)] 387280K->321296K(732160K), 0.0015295 secs] [Times: user=0.01 sys=0.00, real=0.01 secs] 
1242.442: [GC (Allocation Failure) [PSYoungGen: 67584K->1536K(68096K)] 387344K->321296K(732160K), 0.0014820 secs] [Times: user=0.00 sys=0.00, real=0.00 secs] 
1242.575: [GC (Allocation Failure) [PSYoungGen: 67584K->1533K(68096K)] 387344K->321302K(732160K), 0.0018390 secs] [Times: user=0.01 sys=0.00, real=0.00 secs] 
1243.108: [GC (Allocation Failure) [PSYoungGen: 67581K->1488K(68096K)] 387350K->321256K(732160K), 0.0025739 secs] [Times: user=0.01 sys=0.00, real=0.00 secs] 
1244.017: [GC (Allocation Failure) [PSYoungGen: 67536K->1408K(68096K)] 387304K->321176K(732160K), 0.0021806 secs] [Times: user=0.01 sys=0.00, real=0.01 secs] 
1244.581: [GC (Allocation Failure) [PSYoungGen: 67456K->1376K(68096K)] 387224K->321144K(732160K), 0.0020108 secs] [Times: user=0.00 sys=0.00, real=0.00 secs] 
1245.142: [GC (Allocation Failure) [PSYoungGen: 67424K->1376K(68096K)] 387192K->321144K(732160K), 0.0021641 secs] [Times: user=0.01 sys=0.00, real=0.00 secs] 
1245.436: [GC (Allocation Failure) [PSYoungGen: 67424K->1488K(68096K)] 387192K->321256K(732160K), 0.0019924 secs] [Times: user=0.01 sys=0.00, real=0.01 secs] 
1245.564: [GC (Allocation Failure) [PSYoungGen: 67536K->1501K(68096K)] 387304K->321270K(732160K), 0.0015182 secs] [Times: user=0.01 sys=0.00, real=0.00 secs] 
1245.680: [GC (Allocation Failure) [PSYoungGen: 67549K->1501K(68096K)] 387318K->321270K(732160K), 0.0015404 secs] [Times: user=0.01 sys=0.00, real=0.00 secs] 
1245.797: [GC (Allocation Failure) [PSYoungGen: 67549K->1517K(68096K)] 387318K->321310K(732160K), 0.0015580 secs] [Times: user=0.01 sys=0.00, real=0.00 secs] 
1245.984: [GC (Allocation Failure) [PSYoungGen: 67565K->1456K(68096K)] 387358K->321248K(732160K), 0.0018915 secs] [Times: user=0.01 sys=0.00, real=0.00 secs] 
1246.281: [GC (Allocation Failure) [PSYoungGen: 67504K->1344K(68096K)] 387296K->321136K(732160K), 0.0019071 secs] [Times: user=0.01 sys=0.00, real=0.00 secs] 
1246.556: [GC (Allocation Failure) [PSYoungGen: 67392K->1392K(68096K)] 387184K->321184K(732160K), 0.0019639 secs] [Times: user=0.01 sys=0.00, real=0.01 secs] 
1246.973: [GC (Allocation Failure) [PSYoungGen: 67440K->1408K(68096K)] 387232K->321208K(732160K), 0.0026360 secs] [Times: user=0.01 sys=0.00, real=0.00 secs] 
1247.330: [GC (Allocation Failure) [PSYoungGen: 67456K->1344K(68096K)] 387256K->321144K(732160K), 0.0020900 secs] [Times: user=0.01 sys=0.00, real=0.00 secs] 
1247.512: [GC (Allocation Failure) [PSYoungGen: 67392K->1453K(68096K)] 387192K->321254K(732160K), 0.0015097 secs] [Times: user=0.01 sys=0.00, real=0.00 secs] 
1247.628: [GC (Allocation Failure) [PSYoungGen: 67498K->1501K(68096K)] 387299K->321302K(732160K), 0.0015304 secs] [Times: user=0.00 sys=0.00, real=0.00 secs] 
1247.743: [GC (Allocation Failure) [PSYoungGen: 67549K->1536K(68096K)] 387350K->321360K(732160K), 0.0015329 secs] [Times: user=0.01 sys=0.00, real=0.00 secs] 
1247.884: [GC (Allocation Failure) [PSYoungGen: 67584K->1568K(68096K)] 387408K->321392K(732160K), 0.0017330 secs] [Times: user=0.01 sys=0.00, real=0.00 secs] 
1248.154: [GC (Allocation Failure) [PSYoungGen: 67616K->1408K(67584K)] 387440K->321232K(731648K), 0.0018566 secs] [Times: user=0.01 sys=0.00, real=0.00 secs] 
1248.428: [GC (Allocation Failure) [PSYoungGen: 67456K->1376K(67584K)] 387280K->321200K(731648K), 0.0019684 secs] [Times: user=0.00 sys=0.00, real=0.00 secs] 
1248.703: [GC (Allocation Failure) [PSYoungGen: 67424K->1360K(67584K)] 387248K->321184K(731648K), 0.0017990 secs] [Times: user=0.01 sys=0.00, real=0.00 secs] 
1248.977: [GC (Allocation Failure) [PSYoungGen: 67408K->1392K(67584K)] 387232K->321216K(731648K), 0.0030179 secs] [Times: user=0.02 sys=0.00, real=0.00 secs] 
1249.219: [GC (Allocation Failure) [PSYoungGen: 67440K->1504K(67584K)] 387264K->321352K(731648K), 0.0018391 secs] [Times: user=0.01 sys=0.00, real=0.00 secs] 
1249.345: [GC (Allocation Failure) [PSYoungGen: 67552K->1485K(67584K)] 387400K->321342K(731648K), 0.0016707 secs] [Times: user=0.01 sys=0.00, real=0.00 secs] 
1249.478: [GC (Allocation Failure) [PSYoungGen: 67533K->1533K(71680K)] 387390K->321390K(735744K), 0.0019854 secs] [Times: user=0.01 sys=0.00, real=0.00 secs] 
1249.629: [GC (Allocation Failure) [PSYoungGen: 71677K->1472K(72192K)] 391534K->321328K(736256K), 0.0016010 secs] [Times: user=0.01 sys=0.00, real=0.00 secs] 
1250.844: [GC (Allocation Failure) [PSYoungGen: 71616K->1456K(71168K)] 391472K->321312K(735232K), 0.0031751 secs] [Times: user=0.01 sys=0.01, real=0.01 secs] 
1252.525: [GC (Allocation Failure) [PSYoungGen: 71088K->1408K(70656K)] 390944K->321264K(734720K), 0.0037288 secs] [Times: user=0.02 sys=0.00, real=0.01 secs] 
1254.944: [GC (Allocation Failure) [PSYoungGen: 70528K->1376K(70144K)] 390384K->321232K(734208K), 0.0039487 secs] [Times: user=0.02 sys=0.00, real=0.01 secs] 
1256.533: [GC (Allocation Failure) [PSYoungGen: 69984K->1408K(69632K)] 389840K->321264K(733696K), 0.0036072 secs] [Times: user=0.02 sys=0.00, real=0.00 secs] 
1256.847: [GC (Allocation Failure) [PSYoungGen: 69504K->1533K(69120K)] 389360K->321414K(733184K), 0.0017951 secs] [Times: user=0.00 sys=0.00, real=0.01 secs] 
1257.010: [GC (Allocation Failure) [PSYoungGen: 69117K->1456K(68608K)] 388998K->321336K(732672K), 0.0019537 secs] [Times: user=0.00 sys=0.00, real=0.00 secs] 
1257.162: [GC (Allocation Failure) [PSYoungGen: 68528K->1517K(68096K)] 388408K->321414K(732160K), 0.0015393 secs] [Times: user=0.01 sys=0.00, real=0.00 secs] 
1257.462: [GC (Allocation Failure) [PSYoungGen: 68077K->1696K(68096K)] 387974K->321592K(732160K), 0.0022549 secs] [Times: user=0.01 sys=0.00, real=0.00 secs] 
1258.762: [GC (Allocation Failure) [PSYoungGen: 67744K->352K(66560K)] 387640K->321272K(730624K), 0.0045278 secs] [Times: user=0.01 sys=0.00, real=0.00 secs] 
1259.846: [GC (Allocation Failure) [PSYoungGen: 66400K->352K(68096K)] 387320K->321272K(732160K), 0.0031712 secs] [Times: user=0.01 sys=0.00, real=0.01 secs] 
1260.706: [GC (Allocation Failure) [PSYoungGen: 66400K->384K(66560K)] 387320K->321304K(730624K), 0.0033709 secs] [Times: user=0.01 sys=0.00, real=0.01 secs] 
1261.331: [GC (Allocation Failure) [PSYoungGen: 66432K->352K(68608K)] 387352K->321272K(732672K), 0.0025733 secs] [Times: user=0.01 sys=0.00, real=0.00 secs] 
1261.580: [GC (Allocation Failure) [PSYoungGen: 66400K->1501K(67584K)] 387320K->322422K(731648K), 0.0016717 secs] [Times: user=0.01 sys=0.00, real=0.00 secs] 
1261.696: [GC (Allocation Failure) [PSYoungGen: 67541K->1533K(67584K)] 388462K->322454K(731648K), 0.0015689 secs] [Times: user=0.01 sys=0.00, real=0.01 secs] 
1261.811: [GC (Allocation Failure) [PSYoungGen: 67581K->1565K(68096K)] 388502K->322486K(732160K), 0.0015362 secs] [Times: user=0.01 sys=0.00, real=0.00 secs] 
1261.926: [GC (Allocation Failure) [PSYoungGen: 67613K->1533K(70144K)] 388534K->322486K(734208K), 0.0021717 secs] [Times: user=0.00 sys=0.00, real=0.01 secs] 
1262.277: [GC (Allocation Failure) [PSYoungGen: 69117K->1440K(68608K)] 390070K->322392K(732672K), 0.0023210 secs] [Times: user=0.00 sys=0.01, real=0.00 secs] 
1262.556: [GC (Allocation Failure) [PSYoungGen: 68512K->1376K(68096K)] 389464K->322328K(732160K), 0.0017652 secs] [Times: user=0.01 sys=0.00, real=0.01 secs] 
1262.841: [GC (Allocation Failure) [PSYoungGen: 67936K->1376K(67584K)] 388888K->322328K(731648K), 0.0020580 secs] [Times: user=0.01 sys=0.00, real=0.00 secs] 
1263.115: [GC (Allocation Failure) [PSYoungGen: 67424K->1376K(67584K)] 388376K->322328K(731648K), 0.0018212 secs] [Times: user=0.00 sys=0.00, real=0.01 secs] 
1263.319: [GC (Allocation Failure) [PSYoungGen: 67424K->1533K(67584K)] 388376K->322486K(731648K), 0.0015467 secs] [Times: user=0.01 sys=0.00, real=0.00 secs] 
1263.436: [GC (Allocation Failure) [PSYoungGen: 67581K->1485K(67584K)] 388534K->322438K(731648K), 0.0015824 secs] [Times: user=0.01 sys=0.00, real=0.01 secs] 
1263.552: [GC (Allocation Failure) [PSYoungGen: 67508K->1485K(67584K)] 388461K->322446K(731648K), 0.0015579 secs] [Times: user=0.00 sys=0.00, real=0.00 secs] 
1263.669: [GC (Allocation Failure) [PSYoungGen: 67533K->1501K(69120K)] 388494K->322486K(733184K), 0.0015522 secs] [Times: user=0.01 sys=0.00, real=0.00 secs] 
1264.720: [GC (Allocation Failure) [PSYoungGen: 68573K->1440K(68096K)] 389558K->322424K(732160K), 0.0021532 secs] [Times: user=0.00 sys=0.01, real=0.00 secs] 
1265.026: [GC (Allocation Failure) [PSYoungGen: 68000K->1376K(67584K)] 388984K->322360K(731648K), 0.0017410 secs] [Times: user=0.01 sys=0.00, real=0.01 secs] 
1265.352: [GC (Allocation Failure) [PSYoungGen: 67424K->1344K(67584K)] 388408K->322328K(731648K), 0.0018460 secs] [Times: user=0.01 sys=0.00, real=0.00 secs] 
1265.732: [GC (Allocation Failure) [PSYoungGen: 67392K->1408K(67584K)] 388376K->322392K(731648K), 0.0018219 secs] [Times: user=0.01 sys=0.00, real=0.00 secs] 
1266.148: [GC (Allocation Failure) [PSYoungGen: 67456K->1501K(67584K)] 388440K->322486K(731648K), 0.0014821 secs] [Times: user=0.00 sys=0.00, real=0.00 secs] 
1266.263: [GC (Allocation Failure) [PSYoungGen: 67549K->1533K(67584K)] 388534K->322518K(731648K), 0.0016048 secs] [Times: user=0.00 sys=0.00, real=0.00 secs] 
1266.378: [GC (Allocation Failure) [PSYoungGen: 67581K->1517K(67584K)] 388566K->322502K(731648K), 0.0015369 secs] [Times: user=0.01 sys=0.00, real=0.00 secs] 
1266.494: [GC (Allocation Failure) [PSYoungGen: 67565K->1453K(71680K)] 388550K->322446K(735744K), 0.0016158 secs] [Times: user=0.00 sys=0.00, real=0.00 secs] 
1267.011: [GC (Allocation Failure) [PSYoungGen: 71085K->1424K(70656K)] 392078K->322416K(734720K), 0.0023322 secs] [Times: user=0.01 sys=0.00, real=0.00 secs] 
1267.921: [GC (Allocation Failure) [PSYoungGen: 70544K->1408K(70144K)] 391536K->322408K(734208K), 0.0032981 secs] [Times: user=0.01 sys=0.00, real=0.00 secs] 
1268.582: [GC (Allocation Failure) [PSYoungGen: 70016K->1376K(69632K)] 391016K->322376K(733696K), 0.0027542 secs] [Times: user=0.01 sys=0.00, real=0.00 secs] 
1269.324: [GC (Allocation Failure) [PSYoungGen: 69472K->1408K(69120K)] 390472K->322408K(733184K), 0.0032294 secs] [Times: user=0.02 sys=0.00, real=0.01 secs] 
1269.750: [GC (Allocation Failure) [PSYoungGen: 68992K->1488K(68608K)] 389992K->322488K(732672K), 0.0020925 secs] [Times: user=0.01 sys=0.00, real=0.00 secs] 
1269.894: [GC (Allocation Failure) [PSYoungGen: 68535K->1501K(68096K)] 389536K->322502K(732160K), 0.0015799 secs] [Times: user=0.01 sys=0.00, real=0.00 secs] 
1270.010: [GC (Allocation Failure) [PSYoungGen: 68061K->1504K(67584K)] 389062K->322528K(731648K), 0.0015119 secs] [Times: user=0.01 sys=0.00, real=0.00 secs] 
1270.126: [GC (Allocation Failure) [PSYoungGen: 67552K->1533K(67584K)] 388576K->322566K(731648K), 0.0016767 secs] [Times: user=0.01 sys=0.00, real=0.01 secs] 
1270.996: [GC (Allocation Failure) [PSYoungGen: 67581K->1440K(67584K)] 388614K->322472K(731648K), 0.0019349 secs] [Times: user=0.01 sys=0.00, real=0.01 secs] 
1271.946: [GC (Allocation Failure) [PSYoungGen: 67488K->1408K(67584K)] 388520K->322440K(731648K), 0.0035078 secs] [Times: user=0.01 sys=0.00, real=0.01 secs] 
1273.022: [GC (Allocation Failure) [PSYoungGen: 67456K->1376K(67584K)] 388488K->322408K(731648K), 0.0041926 secs] [Times: user=0.02 sys=0.00, real=0.00 secs] 
1273.687: [GC (Allocation Failure) [PSYoungGen: 67424K->1408K(67584K)] 388456K->322440K(731648K), 0.0040496 secs] [Times: user=0.02 sys=0.00, real=0.00 secs] 
1274.104: [GC (Allocation Failure) [PSYoungGen: 67456K->1504K(67584K)] 388488K->322536K(731648K), 0.0018092 secs] [Times: user=0.01 sys=0.00, real=0.00 secs] 
1274.242: [GC (Allocation Failure) [PSYoungGen: 67552K->1533K(67584K)] 388584K->322566K(731648K), 0.0015853 secs] [Times: user=0.01 sys=0.00, real=0.00 secs] 
1274.359: [GC (Allocation Failure) [PSYoungGen: 67560K->1501K(68096K)] 388593K->322534K(732160K), 0.0014420 secs] [Times: user=0.00 sys=0.00, real=0.00 secs] 
1274.492: [GC (Allocation Failure) [PSYoungGen: 67549K->1533K(68096K)] 388582K->322574K(732160K), 0.0016077 secs] [Times: user=0.01 sys=0.00, real=0.00 secs] 
1275.421: [GC (Allocation Failure) [PSYoungGen: 67581K->1456K(68096K)] 388622K->322536K(732160K), 0.0032057 secs] [Times: user=0.02 sys=0.00, real=0.00 secs] 
1276.255: [GC (Allocation Failure) [PSYoungGen: 67504K->1360K(68096K)] 388584K->322440K(732160K), 0.0030453 secs] [Times: user=0.01 sys=0.00, real=0.01 secs] 
1276.827: [GC (Allocation Failure) [PSYoungGen: 67408K->1376K(68096K)] 388488K->322456K(732160K), 0.0029732 secs] [Times: user=0.01 sys=0.00, real=0.01 secs] 
1277.224: [GC (Allocation Failure) [PSYoungGen: 67424K->1424K(68096K)] 388504K->322504K(732160K), 0.0024672 secs] [Times: user=0.01 sys=0.00, real=0.01 secs] 
1277.705: [GC (Allocation Failure) [PSYoungGen: 67472K->1488K(68096K)] 388552K->322568K(732160K), 0.0020726 secs] [Times: user=0.01 sys=0.00, real=0.01 secs] 
1277.858: [GC (Allocation Failure) [PSYoungGen: 67536K->1501K(68096K)] 388616K->322582K(732160K), 0.0015119 secs] [Times: user=0.00 sys=0.00, real=0.00 secs] 
1277.973: [GC (Allocation Failure) [PSYoungGen: 67549K->1565K(68096K)] 388630K->322646K(732160K), 0.0015073 secs] [Times: user=0.01 sys=0.00, real=0.00 secs] 
1278.088: [GC (Allocation Failure) [PSYoungGen: 67613K->1501K(68096K)] 388694K->322590K(732160K), 0.0015402 secs] [Times: user=0.01 sys=0.00, real=0.00 secs] 
1278.659: [GC (Allocation Failure) [PSYoungGen: 67549K->1440K(68096K)] 388638K->322528K(732160K), 0.0028447 secs] [Times: user=0.01 sys=0.00, real=0.00 secs] 
1280.582: [GC (Allocation Failure) [PSYoungGen: 67488K->1408K(68096K)] 388576K->322496K(732160K), 0.0041274 secs] [Times: user=0.02 sys=0.00, real=0.00 secs] 
1281.219: [GC (Allocation Failure) [PSYoungGen: 67456K->1440K(68096K)] 388544K->322528K(732160K), 0.0024437 secs] [Times: user=0.01 sys=0.00, real=0.00 secs] 
1281.901: [GC (Allocation Failure) [PSYoungGen: 67488K->1456K(68096K)] 388576K->322544K(732160K), 0.0029572 secs] [Times: user=0.01 sys=0.00, real=0.00 secs] 
1282.396: [GC (Allocation Failure) [PSYoungGen: 67504K->1456K(68096K)] 388592K->322544K(732160K), 0.0024814 secs] [Times: user=0.01 sys=0.00, real=0.01 secs] 
1282.603: [GC (Allocation Failure) [PSYoungGen: 67504K->1533K(68096K)] 388592K->322622K(732160K), 0.0019713 secs] [Times: user=0.00 sys=0.00, real=0.00 secs] 
1282.778: [GC (Allocation Failure) [PSYoungGen: 67581K->1536K(68096K)] 388670K->322624K(732160K), 0.0019110 secs] [Times: user=0.00 sys=0.00, real=0.00 secs] 
1282.924: [GC (Allocation Failure) [PSYoungGen: 67584K->1453K(68096K)] 388672K->322558K(732160K), 0.0015717 secs] [Times: user=0.00 sys=0.00, real=0.00 secs] 
1283.262: [GC (Allocation Failure) [PSYoungGen: 67501K->1440K(68096K)] 388606K->322544K(732160K), 0.0023590 secs] [Times: user=0.01 sys=0.00, real=0.00 secs] 
1283.981: [GC (Allocation Failure) [PSYoungGen: 67488K->1376K(68096K)] 388592K->322480K(732160K), 0.0027474 secs] [Times: user=0.01 sys=0.01, real=0.00 secs] 
1284.273: [GC (Allocation Failure) [PSYoungGen: 67424K->1392K(68096K)] 388528K->322496K(732160K), 0.0019478 secs] [Times: user=0.01 sys=0.00, real=0.00 secs] 
1284.549: [GC (Allocation Failure) [PSYoungGen: 67440K->1376K(68096K)] 388544K->322504K(732160K), 0.0020608 secs] [Times: user=0.00 sys=0.00, real=0.00 secs] 
1284.903: [GC (Allocation Failure) [PSYoungGen: 67424K->1408K(68096K)] 388552K->322536K(732160K), 0.0020423 secs] [Times: user=0.01 sys=0.00, real=0.00 secs] 
1285.093: [GC (Allocation Failure) [PSYoungGen: 67456K->1485K(68096K)] 388584K->322614K(732160K), 0.0015213 secs] [Times: user=0.01 sys=0.00, real=0.00 secs] 
1285.208: [GC (Allocation Failure) [PSYoungGen: 67502K->1501K(68096K)] 388631K->322630K(732160K), 0.0015570 secs] [Times: user=0.00 sys=0.00, real=0.00 secs] 
1285.324: [GC (Allocation Failure) [PSYoungGen: 67549K->1472K(68096K)] 388678K->322608K(732160K), 0.0015274 secs] [Times: user=0.01 sys=0.00, real=0.00 secs] 
1285.517: [GC (Allocation Failure) [PSYoungGen: 67520K->1504K(68096K)] 388656K->322640K(732160K), 0.0019636 secs] [Times: user=0.01 sys=0.00, real=0.00 secs] 
1285.813: [GC (Allocation Failure) [PSYoungGen: 67552K->1408K(68096K)] 388688K->322544K(732160K), 0.0018975 secs] [Times: user=0.01 sys=0.00, real=0.00 secs] 
1286.155: [GC (Allocation Failure) [PSYoungGen: 67456K->1376K(68096K)] 388592K->322512K(732160K), 0.0019393 secs] [Times: user=0.01 sys=0.00, real=0.01 secs] 
1286.429: [GC (Allocation Failure) [PSYoungGen: 67424K->1408K(68096K)] 388560K->322552K(732160K), 0.0019450 secs] [Times: user=0.01 sys=0.00, real=0.00 secs] 
1286.704: [GC (Allocation Failure) [PSYoungGen: 67456K->1392K(68096K)] 388600K->322536K(732160K), 0.0019660 secs] [Times: user=0.01 sys=0.00, real=0.00 secs] 
1287.088: [GC (Allocation Failure) [PSYoungGen: 67440K->1453K(68096K)] 388584K->322598K(732160K), 0.0017217 secs] [Times: user=0.00 sys=0.01, real=0.00 secs] 
1287.219: [GC (Allocation Failure) [PSYoungGen: 67501K->1533K(68096K)] 388646K->322678K(732160K), 0.0017561 secs] [Times: user=0.00 sys=0.00, real=0.00 secs] 
1287.371: [GC (Allocation Failure) [PSYoungGen: 67581K->1533K(68096K)] 388726K->322686K(732160K), 0.0017409 secs] [Times: user=0.00 sys=0.00, real=0.00 secs] 
1287.489: [GC (Allocation Failure) [PSYoungGen: 67581K->1533K(68096K)] 388734K->322686K(732160K), 0.0015717 secs] [Times: user=0.00 sys=0.00, real=0.00 secs] 
1288.038: [GC (Allocation Failure) [PSYoungGen: 67581K->1408K(68096K)] 388734K->322560K(732160K), 0.0029099 secs] [Times: user=0.02 sys=0.01, real=0.00 secs] 
1288.712: [GC (Allocation Failure) [PSYoungGen: 67456K->1408K(68096K)] 388608K->322560K(732160K), 0.0033063 secs] [Times: user=0.01 sys=0.00, real=0.00 secs] 
1289.502: [GC (Allocation Failure) [PSYoungGen: 67456K->1392K(68096K)] 388608K->322544K(732160K), 0.0033950 secs] [Times: user=0.01 sys=0.00, real=0.00 secs] 
1290.340: [GC (Allocation Failure) [PSYoungGen: 67440K->1440K(68096K)] 388592K->322592K(732160K), 0.0032534 secs] [Times: user=0.01 sys=0.00, real=0.00 secs] 
1290.761: [GC (Allocation Failure) [PSYoungGen: 67488K->1488K(68096K)] 388640K->322640K(732160K), 0.0019113 secs] [Times: user=0.01 sys=0.00, real=0.00 secs] 
1290.900: [GC (Allocation Failure) [PSYoungGen: 67536K->1565K(68096K)] 388688K->322718K(732160K), 0.0015183 secs] [Times: user=0.01 sys=0.00, real=0.00 secs] 
1291.015: [GC (Allocation Failure) [PSYoungGen: 67613K->1533K(68096K)] 388766K->322718K(732160K), 0.0014944 secs] [Times: user=0.01 sys=0.00, real=0.00 secs] 
1291.148: [GC (Allocation Failure) [PSYoungGen: 67581K->1501K(68096K)] 388766K->322686K(732160K), 0.0016354 secs] [Times: user=0.01 sys=0.00, real=0.00 secs] 
1291.620: [GC (Allocation Failure) [PSYoungGen: 67549K->1408K(68096K)] 388734K->322592K(732160K), 0.0021112 secs] [Times: user=0.00 sys=0.00, real=0.00 secs] 
1292.234: [GC (Allocation Failure) [PSYoungGen: 67456K->1408K(68096K)] 388640K->322592K(732160K), 0.0022881 secs] [Times: user=0.01 sys=0.00, real=0.00 secs] 
1293.218: [GC (Allocation Failure) [PSYoungGen: 67456K->1376K(68096K)] 388640K->322560K(732160K), 0.0019447 secs] [Times: user=0.01 sys=0.00, real=0.00 secs] 
1293.977: [GC (Allocation Failure) [PSYoungGen: 67424K->1376K(68096K)] 388608K->322560K(732160K), 0.0020162 secs] [Times: user=0.01 sys=0.00, real=0.00 secs] 
1294.595: [GC (Allocation Failure) [PSYoungGen: 67424K->1501K(68096K)] 388608K->322686K(732160K), 0.0019017 secs] [Times: user=0.01 sys=0.00, real=0.00 secs] 
1294.718: [GC (Allocation Failure) [PSYoungGen: 67549K->1533K(68096K)] 388734K->322718K(732160K), 0.0014954 secs] [Times: user=0.01 sys=0.00, real=0.00 secs] 
1294.852: [GC (Allocation Failure) [PSYoungGen: 67581K->1533K(68096K)] 388766K->322718K(732160K), 0.0045081 secs] [Times: user=0.02 sys=0.00, real=0.00 secs] 
1295.004: [GC (Allocation Failure) [PSYoungGen: 67581K->1533K(75776K)] 388766K->322750K(739840K), 0.0018707 secs] [Times: user=0.01 sys=0.00, real=0.00 secs] 
1295.493: [GC (Allocation Failure) [PSYoungGen: 75261K->1408K(75776K)] 396478K->322624K(739840K), 0.0022907 secs] [Times: user=0.01 sys=0.00, real=0.00 secs] 
1296.030: [GC (Allocation Failure) [PSYoungGen: 75136K->1424K(74752K)] 396352K->322640K(738816K), 0.0024911 secs] [Times: user=0.01 sys=0.00, real=0.00 secs] 
1296.607: [GC (Allocation Failure) [PSYoungGen: 74640K->1408K(74240K)] 395856K->322624K(738304K), 0.0029563 secs] [Times: user=0.01 sys=0.00, real=0.00 secs] 
1297.186: [GC (Allocation Failure) [PSYoungGen: 74112K->1408K(73728K)] 395328K->322624K(737792K), 0.0023977 secs] [Times: user=0.01 sys=0.00, real=0.01 secs] 
1297.485: [GC (Allocation Failure) [PSYoungGen: 73600K->1501K(73216K)] 394816K->322718K(737280K), 0.0016838 secs] [Times: user=0.01 sys=0.00, real=0.01 secs] 
1297.611: [GC (Allocation Failure) [PSYoungGen: 73181K->1453K(72704K)] 394398K->322670K(736768K), 0.0015146 secs] [Times: user=0.01 sys=0.00, real=0.00 secs] 
1297.737: [GC (Allocation Failure) [PSYoungGen: 72621K->1517K(72192K)] 393838K->322734K(736256K), 0.0019174 secs] [Times: user=0.01 sys=0.00, real=0.00 secs] 
1297.965: [GC (Allocation Failure) [PSYoungGen: 72173K->1440K(71680K)] 393390K->322656K(735744K), 0.0019558 secs] [Times: user=0.01 sys=0.01, real=0.01 secs] 
1298.502: [GC (Allocation Failure) [PSYoungGen: 71584K->1392K(71168K)] 392800K->322608K(735232K), 0.0018163 secs] [Times: user=0.01 sys=0.01, real=0.00 secs] 
1299.297: [GC (Allocation Failure) [PSYoungGen: 71024K->1344K(70656K)] 392240K->322560K(734720K), 0.0028185 secs] [Times: user=0.01 sys=0.00, real=0.01 secs] 
1299.880: [GC (Allocation Failure) [PSYoungGen: 70464K->1408K(70144K)] 391680K->322624K(734208K), 0.0029252 secs] [Times: user=0.01 sys=0.00, real=0.00 secs] 
1300.353: [GC (Allocation Failure) [PSYoungGen: 70016K->1453K(69632K)] 391232K->322670K(733696K), 0.0021898 secs] [Times: user=0.01 sys=0.00, real=0.00 secs] 
1300.492: [GC (Allocation Failure) [PSYoungGen: 69549K->1533K(69120K)] 390766K->322750K(733184K), 0.0016361 secs] [Times: user=0.00 sys=0.00, real=0.00 secs] 
1300.612: [GC (Allocation Failure) [PSYoungGen: 69117K->1533K(68608K)] 390334K->322750K(732672K), 0.0017096 secs] [Times: user=0.00 sys=0.00, real=0.00 secs] 
1300.730: [GC (Allocation Failure) [PSYoungGen: 68605K->1517K(75776K)] 389822K->322734K(739840K), 0.0017092 secs] [Times: user=0.01 sys=0.00, real=0.00 secs] 
1301.124: [GC (Allocation Failure) [PSYoungGen: 75757K->1488K(75264K)] 396974K->322712K(739328K), 0.0021110 secs] [Times: user=0.01 sys=0.00, real=0.00 secs] 
1301.605: [GC (Allocation Failure) [PSYoungGen: 75216K->1376K(74752K)] 396440K->322600K(738816K), 0.0020282 secs] [Times: user=0.00 sys=0.00, real=0.01 secs] 
1302.568: [GC (Allocation Failure) [PSYoungGen: 74592K->1376K(74240K)] 395816K->322600K(738304K), 0.0025780 secs] [Times: user=0.01 sys=0.00, real=0.00 secs] 
1303.581: [GC (Allocation Failure) [PSYoungGen: 74080K->1408K(73728K)] 395304K->322632K(737792K), 0.0028842 secs] [Times: user=0.01 sys=0.00, real=0.00 secs] 
1304.404: [GC (Allocation Failure) [PSYoungGen: 73600K->1472K(73216K)] 394824K->322696K(737280K), 0.0023732 secs] [Times: user=0.01 sys=0.00, real=0.00 secs] 
1304.613: [GC (Allocation Failure) [PSYoungGen: 73152K->1437K(72704K)] 394376K->322686K(736768K), 0.0023240 secs] [Times: user=0.01 sys=0.00, real=0.00 secs] 
1304.764: [GC (Allocation Failure) [PSYoungGen: 72605K->1501K(72192K)] 393854K->322750K(736256K), 0.0015694 secs] [Times: user=0.00 sys=0.00, real=0.00 secs] 
1304.887: [GC (Allocation Failure) [PSYoungGen: 72157K->1485K(71680K)] 393406K->322742K(735744K), 0.0016539 secs] [Times: user=0.01 sys=0.00, real=0.00 secs] 
1306.385: [GC (Allocation Failure) [PSYoungGen: 71629K->1408K(71168K)] 392886K->322664K(735232K), 0.0027747 secs] [Times: user=0.01 sys=0.00, real=0.01 secs] 
1306.700: [GC (Allocation Failure) [PSYoungGen: 71040K->1360K(70656K)] 392296K->322616K(734720K), 0.0029906 secs] [Times: user=0.02 sys=0.00, real=0.00 secs] 
1306.976: [GC (Allocation Failure) [PSYoungGen: 70480K->1344K(70144K)] 391736K->322600K(734208K), 0.0020333 secs] [Times: user=0.01 sys=0.00, real=0.01 secs] 
1307.280: [GC (Allocation Failure) [PSYoungGen: 69952K->1408K(69632K)] 391208K->322664K(733696K), 0.0021094 secs] [Times: user=0.01 sys=0.00, real=0.00 secs] 
1307.440: [GC (Allocation Failure) [PSYoungGen: 69504K->1501K(69120K)] 390760K->322758K(733184K), 0.0014683 secs] [Times: user=0.00 sys=0.00, real=0.00 secs] 
1307.560: [GC (Allocation Failure) [PSYoungGen: 69085K->1517K(68608K)] 390342K->322774K(732672K), 0.0016623 secs] [Times: user=0.01 sys=0.00, real=0.00 secs] 
1307.679: [GC (Allocation Failure) [PSYoungGen: 68589K->1485K(69120K)] 389846K->322742K(733184K), 0.0015835 secs] [Times: user=0.01 sys=0.00, real=0.00 secs] 
1307.802: [GC (Allocation Failure) [PSYoungGen: 69069K->1440K(69632K)] 390326K->322696K(733696K), 0.0015774 secs] [Times: user=0.00 sys=0.00, real=0.00 secs] 
1309.258: [GC (Allocation Failure) [PSYoungGen: 69024K->1424K(68608K)] 390280K->322680K(732672K), 0.0043276 secs] [Times: user=0.01 sys=0.00, real=0.00 secs] 
1310.284: [GC (Allocation Failure) [PSYoungGen: 68496K->1408K(68096K)] 389752K->322664K(732160K), 0.0048575 secs] [Times: user=0.01 sys=0.01, real=0.01 secs] 
1311.229: [GC (Allocation Failure) [PSYoungGen: 67968K->1408K(67584K)] 389224K->322664K(731648K), 0.0041683 secs] [Times: user=0.01 sys=0.00, real=0.00 secs] 
1312.137: [GC (Allocation Failure) [PSYoungGen: 67456K->1376K(67584K)] 388712K->322632K(731648K), 0.0041660 secs] [Times: user=0.02 sys=0.00, real=0.00 secs] 
1312.689: [GC (Allocation Failure) [PSYoungGen: 67424K->1469K(67584K)] 388680K->322726K(731648K), 0.0022007 secs] [Times: user=0.01 sys=0.00, real=0.00 secs] 
1312.826: [GC (Allocation Failure) [PSYoungGen: 67517K->1504K(67584K)] 388774K->322760K(731648K), 0.0016908 secs] [Times: user=0.00 sys=0.00, real=0.01 secs] 
1312.941: [GC (Allocation Failure) [PSYoungGen: 67552K->1533K(67584K)] 388808K->322790K(731648K), 0.0017289 secs] [Times: user=0.01 sys=0.00, real=0.00 secs] 
1313.075: [GC (Allocation Failure) [PSYoungGen: 67581K->1533K(73216K)] 388838K->322798K(737280K), 0.0018943 secs] [Times: user=0.01 sys=0.00, real=0.00 secs] 
1313.430: [GC (Allocation Failure) [PSYoungGen: 72701K->1424K(72192K)] 393966K->322688K(736256K), 0.0017751 secs] [Times: user=0.01 sys=0.01, real=0.00 secs] 
1313.776: [GC (Allocation Failure) [PSYoungGen: 72080K->1376K(71680K)] 393344K->322640K(735744K), 0.0021333 secs] [Times: user=0.01 sys=0.00, real=0.01 secs] 
1314.336: [GC (Allocation Failure) [PSYoungGen: 71520K->1408K(71168K)] 392784K->322672K(735232K), 0.0020687 secs] [Times: user=0.01 sys=0.00, real=0.01 secs] 
1314.882: [GC (Allocation Failure) [PSYoungGen: 71040K->1376K(70656K)] 392304K->322640K(734720K), 0.0030290 secs] [Times: user=0.01 sys=0.00, real=0.00 secs] 
1315.213: [GC (Allocation Failure) [PSYoungGen: 70496K->1533K(70144K)] 391760K->322814K(734208K), 0.0018652 secs] [Times: user=0.01 sys=0.00, real=0.00 secs] 
1315.346: [GC (Allocation Failure) [PSYoungGen: 70141K->1501K(69632K)] 391422K->322782K(733696K), 0.0016133 secs] [Times: user=0.00 sys=0.00, real=0.01 secs] 
1315.465: [GC (Allocation Failure) [PSYoungGen: 69597K->1533K(69120K)] 390878K->322822K(733184K), 0.0015274 secs] [Times: user=0.01 sys=0.00, real=0.00 secs] 
1315.640: [GC (Allocation Failure) [PSYoungGen: 69117K->1952K(69120K)] 390406K->323248K(733184K), 0.0018636 secs] [Times: user=0.01 sys=0.00, real=0.00 secs] 
1316.030: [GC (Allocation Failure) [PSYoungGen: 69024K->384K(67072K)] 390320K->322704K(731136K), 0.0028706 secs] [Times: user=0.01 sys=0.00, real=0.00 secs] 
1316.805: [GC (Allocation Failure) [PSYoungGen: 66944K->384K(66560K)] 389264K->322704K(730624K), 0.0033006 secs] [Times: user=0.02 sys=0.00, real=0.01 secs] 
1317.543: [GC (Allocation Failure) [PSYoungGen: 66432K->384K(67584K)] 388752K->322704K(731648K), 0.0039703 secs] [Times: user=0.02 sys=0.00, real=0.00 secs] 
1318.468: [GC (Allocation Failure) [PSYoungGen: 66432K->384K(68608K)] 388752K->322704K(732672K), 0.0029779 secs] [Times: user=0.01 sys=0.00, real=0.00 secs] 
1319.487: [GC (Allocation Failure) [PSYoungGen: 66432K->1501K(68608K)] 388752K->323822K(732672K), 0.0021220 secs] [Times: user=0.01 sys=0.00, real=0.01 secs] 
1319.617: [GC (Allocation Failure) [PSYoungGen: 67549K->1488K(68608K)] 389870K->323809K(732672K), 0.0015376 secs] [Times: user=0.00 sys=0.00, real=0.00 secs] 
1319.733: [GC (Allocation Failure) [PSYoungGen: 67536K->1485K(68608K)] 389857K->323806K(732672K), 0.0015627 secs] [Times: user=0.01 sys=0.00, real=0.00 secs] 
1319.849: [GC (Allocation Failure) [PSYoungGen: 67533K->160K(68608K)] 389854K->322488K(732672K), 0.0014949 secs] [Times: user=0.00 sys=0.00, real=0.00 secs] 
1320.386: [GC (Allocation Failure) [PSYoungGen: 66208K->1376K(68608K)] 388536K->323704K(732672K), 0.0016799 secs] [Times: user=0.01 sys=0.00, real=0.01 secs] 
1320.931: [GC (Allocation Failure) [PSYoungGen: 67424K->1440K(68608K)] 389752K->323768K(732672K), 0.0017249 secs] [Times: user=0.00 sys=0.00, real=0.00 secs] 
1321.445: [GC (Allocation Failure) [PSYoungGen: 67488K->1408K(68608K)] 389816K->323736K(732672K), 0.0017581 secs] [Times: user=0.00 sys=0.00, real=0.01 secs] 
1321.993: [GC (Allocation Failure) [PSYoungGen: 67456K->1408K(68608K)] 389784K->323736K(732672K), 0.0018202 secs] [Times: user=0.00 sys=0.00, real=0.00 secs] 
1322.252: [GC (Allocation Failure) [PSYoungGen: 67456K->1469K(68608K)] 389784K->323798K(732672K), 0.0018809 secs] [Times: user=0.01 sys=0.00, real=0.00 secs] 
1322.419: [GC (Allocation Failure) [PSYoungGen: 67517K->1536K(68608K)] 389846K->323864K(732672K), 0.0019687 secs] [Times: user=0.00 sys=0.00, real=0.00 secs] 
1322.541: [GC (Allocation Failure) [PSYoungGen: 67584K->1501K(68608K)] 389912K->323838K(732672K), 0.0015441 secs] [Times: user=0.00 sys=0.00, real=0.00 secs] 
1322.656: [GC (Allocation Failure) [PSYoungGen: 67549K->1533K(68608K)] 389886K->323870K(732672K), 0.0014808 secs] [Times: user=0.01 sys=0.00, real=0.01 secs] 
1324.746: [GC (Allocation Failure) [PSYoungGen: 67581K->1472K(68608K)] 389918K->323808K(732672K), 0.0040019 secs] [Times: user=0.01 sys=0.00, real=0.01 secs] 
1325.706: [GC (Allocation Failure) [PSYoungGen: 67520K->1376K(68608K)] 389856K->323712K(732672K), 0.0026980 secs] [Times: user=0.01 sys=0.00, real=0.01 secs] 
1326.301: [GC (Allocation Failure) [PSYoungGen: 67424K->1344K(67584K)] 389760K->323696K(731648K), 0.0026918 secs] [Times: user=0.01 sys=0.00, real=0.00 secs] 
1327.076: [GC (Allocation Failure) [PSYoungGen: 67392K->1360K(68096K)] 389744K->323712K(732160K), 0.0028229 secs] [Times: user=0.02 sys=0.00, real=0.01 secs] 
1327.482: [GC (Allocation Failure) [PSYoungGen: 67408K->1472K(68096K)] 389760K->323824K(732160K), 0.0021573 secs] [Times: user=0.01 sys=0.00, real=0.00 secs] 
1327.636: [GC (Allocation Failure) [PSYoungGen: 67520K->1485K(68096K)] 389872K->323838K(732160K), 0.0015200 secs] [Times: user=0.00 sys=0.00, real=0.01 secs] 
1327.751: [GC (Allocation Failure) [PSYoungGen: 67533K->1501K(68096K)] 389886K->323854K(732160K), 0.0015488 secs] [Times: user=0.01 sys=0.00, real=0.00 secs] 
1327.866: [GC (Allocation Failure) [PSYoungGen: 67549K->1533K(68096K)] 389902K->323902K(732160K), 0.0015463 secs] [Times: user=0.00 sys=0.00, real=0.01 secs] 
1328.212: [GC (Allocation Failure) [PSYoungGen: 67581K->1488K(68096K)] 389950K->323856K(732160K), 0.0028078 secs] [Times: user=0.01 sys=0.00, real=0.00 secs] 
1328.482: [GC (Allocation Failure) [PSYoungGen: 67536K->1376K(68096K)] 389904K->323744K(732160K), 0.0019076 secs] [Times: user=0.01 sys=0.00, real=0.00 secs] 
1328.907: [GC (Allocation Failure) [PSYoungGen: 67424K->1376K(68096K)] 389792K->323744K(732160K), 0.0018530 secs] [Times: user=0.00 sys=0.00, real=0.00 secs] 
1329.511: [GC (Allocation Failure) [PSYoungGen: 67424K->1360K(68096K)] 389792K->323728K(732160K), 0.0024590 secs] [Times: user=0.01 sys=0.00, real=0.00 secs] 
1330.188: [GC (Allocation Failure) [PSYoungGen: 67408K->1504K(68096K)] 389776K->323872K(732160K), 0.0023099 secs] [Times: user=0.01 sys=0.00, real=0.00 secs] 
1330.349: [GC (Allocation Failure) [PSYoungGen: 67552K->1501K(68096K)] 389920K->323870K(732160K), 0.0015508 secs] [Times: user=0.01 sys=0.00, real=0.00 secs] 
1330.465: [GC (Allocation Failure) [PSYoungGen: 67549K->1517K(68096K)] 389918K->323886K(732160K), 0.0017309 secs] [Times: user=0.01 sys=0.00, real=0.00 secs] 
1330.580: [GC (Allocation Failure) [PSYoungGen: 67565K->1501K(68096K)] 389934K->323878K(732160K), 0.0015649 secs] [Times: user=0.01 sys=0.00, real=0.00 secs] 
1330.873: [GC (Allocation Failure) [PSYoungGen: 67549K->1440K(67584K)] 389926K->323824K(731648K), 0.0021883 secs] [Times: user=0.01 sys=0.00, real=0.00 secs] 
1331.288: [GC (Allocation Failure) [PSYoungGen: 67488K->1408K(67584K)] 389872K->323792K(731648K), 0.0023405 secs] [Times: user=0.01 sys=0.00, real=0.00 secs] 
1331.813: [GC (Allocation Failure) [PSYoungGen: 67456K->1408K(67584K)] 389840K->323792K(731648K), 0.0038213 secs] [Times: user=0.02 sys=0.00, real=0.00 secs] 
1332.399: [GC (Allocation Failure) [PSYoungGen: 67456K->1408K(67584K)] 389840K->323800K(731648K), 0.0028260 secs] [Times: user=0.01 sys=0.00, real=0.00 secs] 
1332.869: [GC (Allocation Failure) [PSYoungGen: 67456K->1520K(67584K)] 389848K->323929K(731648K), 0.0018017 secs] [Times: user=0.01 sys=0.00, real=0.00 secs] 
1333.004: [GC (Allocation Failure) [PSYoungGen: 67568K->1504K(67584K)] 389977K->323912K(731648K), 0.0016685 secs] [Times: user=0.00 sys=0.00, real=0.00 secs] 
1333.120: [GC (Allocation Failure) [PSYoungGen: 67552K->1485K(67584K)] 389960K->323894K(731648K), 0.0015846 secs] [Times: user=0.01 sys=0.00, real=0.00 secs] 
1333.237: [GC (Allocation Failure) [PSYoungGen: 67533K->1501K(71168K)] 389942K->323918K(735232K), 0.0015847 secs] [Times: user=0.00 sys=0.00, real=0.01 secs] 
1333.523: [GC (Allocation Failure) [PSYoungGen: 70621K->1408K(70144K)] 393038K->323824K(734208K), 0.0020881 secs] [Times: user=0.01 sys=0.00, real=0.00 secs] 
1333.948: [GC (Allocation Failure) [PSYoungGen: 70016K->1376K(69632K)] 392432K->323792K(733696K), 0.0021310 secs] [Times: user=0.01 sys=0.00, real=0.00 secs] 
1334.698: [GC (Allocation Failure) [PSYoungGen: 69472K->1376K(69120K)] 391888K->323792K(733184K), 0.0022111 secs] [Times: user=0.01 sys=0.00, real=0.00 secs] 
1335.268: [GC (Allocation Failure) [PSYoungGen: 68960K->1344K(68608K)] 391376K->323768K(732672K), 0.0019690 secs] [Times: user=0.01 sys=0.00, real=0.00 secs] 
1335.768: [GC (Allocation Failure) [PSYoungGen: 68416K->1485K(68096K)] 390840K->323910K(732160K), 0.0027003 secs] [Times: user=0.01 sys=0.00, real=0.00 secs] 
1335.938: [GC (Allocation Failure) [PSYoungGen: 68045K->1536K(68096K)] 390470K->323960K(732160K), 0.0016378 secs] [Times: user=0.01 sys=0.00, real=0.00 secs] 
1336.054: [GC (Allocation Failure) [PSYoungGen: 67584K->429K(66560K)] 390008K->323878K(730624K), 0.0015491 secs] [Times: user=0.01 sys=0.00, real=0.00 secs] 
1336.170: [GC (Allocation Failure) [PSYoungGen: 66477K->429K(68096K)] 389926K->323894K(732160K), 0.0014309 secs] [Times: user=0.01 sys=0.00, real=0.00 secs] 
1336.370: [GC (Allocation Failure) [PSYoungGen: 66477K->1440K(67584K)] 389942K->324912K(731648K), 0.0019394 secs] [Times: user=0.01 sys=0.00, real=0.00 secs] 
1336.644: [GC (Allocation Failure) [PSYoungGen: 67488K->1344K(67584K)] 390960K->324816K(731648K), 0.0023113 secs] [Times: user=0.00 sys=0.00, real=0.00 secs] 
1336.919: [GC (Allocation Failure) [PSYoungGen: 67392K->1408K(67584K)] 390864K->324880K(731648K), 0.0017684 secs] [Times: user=0.00 sys=0.00, real=0.00 secs] 
1337.193: [GC (Allocation Failure) [PSYoungGen: 67456K->1376K(67584K)] 390928K->324848K(731648K), 0.0018044 secs] [Times: user=0.01 sys=0.00, real=0.00 secs] 
1337.481: [GC (Allocation Failure) [PSYoungGen: 67424K->1488K(67584K)] 390896K->324961K(731648K), 0.0023896 secs] [Times: user=0.01 sys=0.00, real=0.00 secs] 
1337.691: [GC (Allocation Failure) [PSYoungGen: 67536K->1533K(67584K)] 391009K->325006K(731648K), 0.0020784 secs] [Times: user=0.01 sys=0.00, real=0.00 secs] 
1337.827: [GC (Allocation Failure) [PSYoungGen: 67581K->1565K(68096K)] 391054K->325038K(732160K), 0.0015108 secs] [Times: user=0.01 sys=0.00, real=0.01 secs] 
1337.942: [GC (Allocation Failure) [PSYoungGen: 67613K->1501K(68096K)] 391086K->324982K(732160K), 0.0015405 secs] [Times: user=0.01 sys=0.01, real=0.00 secs] 
1338.577: [GC (Allocation Failure) [PSYoungGen: 67549K->1472K(67584K)] 391030K->324960K(731648K), 0.0026058 secs] [Times: user=0.02 sys=0.00, real=0.00 secs] 
1339.677: [GC (Allocation Failure) [PSYoungGen: 67520K->1408K(67584K)] 391008K->324904K(731648K), 0.0047875 secs] [Times: user=0.02 sys=0.00, real=0.01 secs] 
1340.846: [GC (Allocation Failure) [PSYoungGen: 67456K->1376K(67584K)] 390952K->324872K(731648K), 0.0030514 secs] [Times: user=0.01 sys=0.00, real=0.01 secs] 
1341.639: [GC (Allocation Failure) [PSYoungGen: 67424K->1376K(67584K)] 390920K->324872K(731648K), 0.0023539 secs] [Times: user=0.01 sys=0.00, real=0.00 secs] 
1341.926: [GC (Allocation Failure) [PSYoungGen: 67424K->1408K(67584K)] 390920K->324904K(731648K), 0.0019068 secs] [Times: user=0.00 sys=0.00, real=0.01 secs] 
1342.130: [GC (Allocation Failure) [PSYoungGen: 67456K->1485K(67584K)] 390952K->324982K(731648K), 0.0017158 secs] [Times: user=0.00 sys=0.00, real=0.00 secs] 
1342.246: [GC (Allocation Failure) [PSYoungGen: 67514K->1533K(67584K)] 391011K->325030K(731648K), 0.0015526 secs] [Times: user=0.01 sys=0.00, real=0.01 secs] 
1342.362: [GC (Allocation Failure) [PSYoungGen: 67581K->1533K(67584K)] 391078K->325046K(731648K), 0.0016364 secs] [Times: user=0.00 sys=0.00, real=0.00 secs] 
1342.478: [GC (Allocation Failure) [PSYoungGen: 67405K->288K(70144K)] 390918K->323800K(734208K), 0.0016725 secs] [Times: user=0.01 sys=0.00, real=0.00 secs] 
1343.743: [GC (Allocation Failure) [PSYoungGen: 68896K->1408K(69632K)] 392408K->324928K(733696K), 0.0038177 secs] [Times: user=0.02 sys=0.00, real=0.01 secs] 
1344.780: [GC (Allocation Failure) [PSYoungGen: 69504K->1344K(69120K)] 393024K->324864K(733184K), 0.0029064 secs] [Times: user=0.01 sys=0.00, real=0.00 secs] 
1345.738: [GC (Allocation Failure) [PSYoungGen: 68928K->1376K(68608K)] 392448K->324896K(732672K), 0.0030160 secs] [Times: user=0.01 sys=0.00, real=0.00 secs] 
1346.627: [GC (Allocation Failure) [PSYoungGen: 68448K->1344K(68096K)] 391968K->324880K(732160K), 0.0034485 secs] [Times: user=0.01 sys=0.00, real=0.01 secs] 
1347.075: [GC (Allocation Failure) [PSYoungGen: 67904K->1469K(67584K)] 391440K->325006K(731648K), 0.0020110 secs] [Times: user=0.01 sys=0.00, real=0.01 secs] 
1347.210: [GC (Allocation Failure) [PSYoungGen: 67517K->1501K(68096K)] 391054K->325038K(732160K), 0.0014998 secs] [Times: user=0.01 sys=0.01, real=0.00 secs] 
1347.343: [GC (Allocation Failure) [PSYoungGen: 67549K->1533K(68096K)] 391086K->325086K(732160K), 0.0016600 secs] [Times: user=0.00 sys=0.00, real=0.00 secs] 
1347.488: [GC (Allocation Failure) [PSYoungGen: 67581K->1565K(68096K)] 391134K->325118K(732160K), 0.0018523 secs] [Times: user=0.01 sys=0.00, real=0.00 secs] 
1348.489: [GC (Allocation Failure) [PSYoungGen: 67613K->1456K(68096K)] 391166K->325008K(732160K), 0.0027206 secs] [Times: user=0.02 sys=0.00, real=0.00 secs] 
1349.221: [GC (Allocation Failure) [PSYoungGen: 67504K->1344K(68096K)] 391056K->324896K(732160K), 0.0033288 secs] [Times: user=0.02 sys=0.00, real=0.00 secs] 
1350.050: [GC (Allocation Failure) [PSYoungGen: 67392K->1440K(68096K)] 390944K->324992K(732160K), 0.0038385 secs] [Times: user=0.02 sys=0.00, real=0.00 secs] 
1350.698: [GC (Allocation Failure) [PSYoungGen: 67488K->1440K(68096K)] 391040K->324992K(732160K), 0.0036560 secs] [Times: user=0.01 sys=0.01, real=0.00 secs] 
1351.110: [GC (Allocation Failure) [PSYoungGen: 67488K->1501K(68096K)] 391040K->325054K(732160K), 0.0019370 secs] [Times: user=0.01 sys=0.00, real=0.00 secs] 
1351.282: [GC (Allocation Failure) [PSYoungGen: 67523K->1501K(68096K)] 391076K->325054K(732160K), 0.0019775 secs] [Times: user=0.01 sys=0.00, real=0.00 secs] 
1351.459: [GC (Allocation Failure) [PSYoungGen: 67549K->1501K(68096K)] 391102K->325062K(732160K), 0.0021792 secs] [Times: user=0.01 sys=0.01, real=0.00 secs] 
1351.614: [GC (Allocation Failure) [PSYoungGen: 67549K->1533K(68096K)] 391110K->325118K(732160K), 0.0015544 secs] [Times: user=0.01 sys=0.00, real=0.00 secs] 
1352.166: [GC (Allocation Failure) [PSYoungGen: 67581K->1424K(68096K)] 391166K->325008K(732160K), 0.0026009 secs] [Times: user=0.01 sys=0.00, real=0.01 secs] 
1352.657: [GC (Allocation Failure) [PSYoungGen: 67472K->1408K(68096K)] 391056K->324992K(732160K), 0.0030013 secs] [Times: user=0.01 sys=0.00, real=0.00 secs] 
1352.933: [GC (Allocation Failure) [PSYoungGen: 67456K->1408K(68096K)] 391040K->324992K(732160K), 0.0022907 secs] [Times: user=0.01 sys=0.00, real=0.00 secs] 
1353.207: [GC (Allocation Failure) [PSYoungGen: 67456K->1344K(68096K)] 391040K->324928K(732160K), 0.0017555 secs] [Times: user=0.01 sys=0.00, real=0.01 secs] 
1353.424: [GC (Allocation Failure) [PSYoungGen: 67392K->1533K(68096K)] 390976K->325118K(732160K), 0.0015446 secs] [Times: user=0.01 sys=0.00, real=0.00 secs] 
1353.539: [GC (Allocation Failure) [PSYoungGen: 67581K->1536K(68096K)] 391166K->325121K(732160K), 0.0014758 secs] [Times: user=0.01 sys=0.00, real=0.00 secs] 
1353.654: [GC (Allocation Failure) [PSYoungGen: 67584K->1533K(68096K)] 391169K->325118K(732160K), 0.0016334 secs] [Times: user=0.00 sys=0.00, real=0.00 secs] 
1353.770: [GC (Allocation Failure) [PSYoungGen: 67581K->1501K(74752K)] 391166K->325110K(738816K), 0.0018521 secs] [Times: user=0.01 sys=0.00, real=0.00 secs] 
1354.033: [GC (Allocation Failure) [PSYoungGen: 74205K->1440K(74752K)] 397814K->325056K(738816K), 0.0017203 secs] [Times: user=0.00 sys=0.00, real=0.00 secs] 
1354.336: [GC (Allocation Failure) [PSYoungGen: 74144K->1344K(73728K)] 397760K->324960K(737792K), 0.0020764 secs] [Times: user=0.01 sys=0.00, real=0.01 secs] 
1354.635: [GC (Allocation Failure) [PSYoungGen: 73536K->1440K(73216K)] 397152K->325056K(737280K), 0.0021477 secs] [Times: user=0.01 sys=0.00, real=0.01 secs] 
1354.934: [GC (Allocation Failure) [PSYoungGen: 73120K->1408K(72704K)] 396736K->325024K(736768K), 0.0020414 secs] [Times: user=0.01 sys=0.00, real=0.00 secs] 
1355.167: [GC (Allocation Failure) [PSYoungGen: 72576K->1501K(72192K)] 396192K->325118K(736256K), 0.0021455 secs] [Times: user=0.01 sys=0.00, real=0.00 secs] 
1355.343: [GC (Allocation Failure) [PSYoungGen: 72157K->1533K(71680K)] 395774K->325150K(735744K), 0.0017501 secs] [Times: user=0.01 sys=0.00, real=0.00 secs] 
1355.465: [GC (Allocation Failure) [PSYoungGen: 71646K->1533K(71168K)] 395263K->325150K(735232K), 0.0016827 secs] [Times: user=0.01 sys=0.00, real=0.00 secs] 
1355.621: [GC (Allocation Failure) [PSYoungGen: 71165K->912K(78848K)] 394782K->325552K(742912K), 0.0018723 secs] [Times: user=0.01 sys=0.00, real=0.00 secs] 
1355.943: [GC (Allocation Failure) [PSYoungGen: 78224K->416K(77312K)] 402864K->325056K(741376K), 0.0020565 secs] [Times: user=0.01 sys=0.00, real=0.00 secs] 
1356.263: [GC (Allocation Failure) [PSYoungGen: 77216K->352K(77824K)] 401856K->324992K(741888K), 0.0017651 secs] [Times: user=0.01 sys=0.00, real=0.00 secs] 
1356.579: [GC (Allocation Failure) [PSYoungGen: 76640K->384K(76288K)] 401280K->325024K(740352K), 0.0020399 secs] [Times: user=0.01 sys=0.00, real=0.00 secs] 
1356.854: [GC (Allocation Failure) [PSYoungGen: 76160K->1472K(77312K)] 400800K->326113K(741376K), 0.0021567 secs] [Times: user=0.01 sys=0.00, real=0.00 secs] 
1357.059: [GC (Allocation Failure) [PSYoungGen: 76736K->1565K(76800K)] 401377K->326206K(740864K), 0.0016515 secs] [Times: user=0.01 sys=0.00, real=0.00 secs] 
1357.195: [GC (Allocation Failure) [PSYoungGen: 76317K->1501K(76288K)] 400958K->326142K(740352K), 0.0015509 secs] [Times: user=0.01 sys=0.00, real=0.00 secs] 
1357.349: [GC (Allocation Failure) [PSYoungGen: 75741K->224K(74240K)] 400382K->324864K(738304K), 0.0017163 secs] [Times: user=0.01 sys=0.00, real=0.00 secs] 
1359.431: [GC (Allocation Failure) [PSYoungGen: 73952K->1360K(75264K)] 398592K->326016K(739328K), 0.0039786 secs] [Times: user=0.02 sys=0.00, real=0.00 secs] 
1360.418: [GC (Allocation Failure) [PSYoungGen: 74576K->1376K(74240K)] 399232K->326032K(738304K), 0.0027304 secs] [Times: user=0.01 sys=0.00, real=0.00 secs] 
1361.192: [GC (Allocation Failure) [PSYoungGen: 74080K->1408K(74240K)] 398736K->326064K(738304K), 0.0031718 secs] [Times: user=0.01 sys=0.00, real=0.00 secs] 
1362.086: [GC (Allocation Failure) [PSYoungGen: 73600K->1456K(73216K)] 398256K->326113K(737280K), 0.0026191 secs] [Times: user=0.01 sys=0.00, real=0.01 secs] 
1362.278: [GC (Allocation Failure) [PSYoungGen: 73136K->1533K(73216K)] 397793K->326190K(737280K), 0.0016201 secs] [Times: user=0.01 sys=0.00, real=0.00 secs] 
1362.422: [GC (Allocation Failure) [PSYoungGen: 72701K->1533K(72192K)] 397358K->326190K(736256K), 0.0020210 secs] [Times: user=0.01 sys=0.00, real=0.00 secs] 
1362.575: [GC (Allocation Failure) [PSYoungGen: 72189K->1485K(72192K)] 396846K->326142K(736256K), 0.0016598 secs] [Times: user=0.00 sys=0.00, real=0.00 secs] 
1363.170: [GC (Allocation Failure) [PSYoungGen: 71629K->1472K(71168K)] 396286K->326128K(735232K), 0.0029632 secs] [Times: user=0.01 sys=0.00, real=0.00 secs] 
1363.852: [GC (Allocation Failure) [PSYoungGen: 71104K->1408K(71168K)] 395760K->326064K(735232K), 0.0032259 secs] [Times: user=0.01 sys=0.00, real=0.00 secs] 
1364.545: [GC (Allocation Failure) [PSYoungGen: 70528K->1376K(70144K)] 395184K->326032K(734208K), 0.0041603 secs] [Times: user=0.01 sys=0.00, real=0.01 secs] 
1365.390: [GC (Allocation Failure) [PSYoungGen: 69984K->1408K(69632K)] 394640K->326064K(733696K), 0.0024559 secs] [Times: user=0.01 sys=0.00, real=0.00 secs] 
1365.904: [GC (Allocation Failure) [PSYoungGen: 69504K->1533K(69120K)] 394160K->326190K(733184K), 0.0021072 secs] [Times: user=0.01 sys=0.00, real=0.00 secs] 
1366.045: [GC (Allocation Failure) [PSYoungGen: 69117K->1501K(68608K)] 393774K->326158K(732672K), 0.0015780 secs] [Times: user=0.01 sys=0.00, real=0.00 secs] 
1366.161: [GC (Allocation Failure) [PSYoungGen: 68573K->1501K(68096K)] 393230K->326158K(732160K), 0.0015905 secs] [Times: user=0.01 sys=0.00, real=0.00 secs] 
1366.277: [GC (Allocation Failure) [PSYoungGen: 68061K->1501K(67584K)] 392718K->326158K(731648K), 0.0016611 secs] [Times: user=0.01 sys=0.01, real=0.00 secs] 
1366.820: [GC (Allocation Failure) [PSYoungGen: 67549K->1456K(68096K)] 392206K->326144K(732160K), 0.0023735 secs] [Times: user=0.01 sys=0.00, real=0.00 secs] 
1367.523: [GC (Allocation Failure) [PSYoungGen: 67504K->1376K(68096K)] 392192K->326064K(732160K), 0.0031061 secs] [Times: user=0.02 sys=0.00, real=0.00 secs] 
1368.211: [GC (Allocation Failure) [PSYoungGen: 67424K->1376K(68096K)] 392112K->326064K(732160K), 0.0032715 secs] [Times: user=0.01 sys=0.01, real=0.00 secs] 
1368.932: [GC (Allocation Failure) [PSYoungGen: 67424K->1440K(68096K)] 392112K->326128K(732160K), 0.0031271 secs] [Times: user=0.01 sys=0.00, real=0.00 secs] 
1369.458: [GC (Allocation Failure) [PSYoungGen: 67488K->1488K(68096K)] 392176K->326185K(732160K), 0.0018417 secs] [Times: user=0.01 sys=0.00, real=0.00 secs] 
1369.597: [GC (Allocation Failure) [PSYoungGen: 67536K->1533K(68096K)] 392233K->326230K(732160K), 0.0015017 secs] [Times: user=0.00 sys=0.00, real=0.01 secs] 
1369.712: [GC (Allocation Failure) [PSYoungGen: 67581K->1533K(68096K)] 392278K->326230K(732160K), 0.0015153 secs] [Times: user=0.01 sys=0.00, real=0.00 secs] 
1369.827: [GC (Allocation Failure) [PSYoungGen: 67581K->1533K(68096K)] 392278K->326238K(732160K), 0.0015106 secs] [Times: user=0.00 sys=0.00, real=0.00 secs] 
1370.366: [GC (Allocation Failure) [PSYoungGen: 67581K->1472K(68096K)] 392286K->326176K(732160K), 0.0022118 secs] [Times: user=0.01 sys=0.00, real=0.01 secs] 
1371.126: [GC (Allocation Failure) [PSYoungGen: 67520K->1376K(68096K)] 392224K->326080K(732160K), 0.0025358 secs] [Times: user=0.01 sys=0.00, real=0.01 secs] 
1372.215: [GC (Allocation Failure) [PSYoungGen: 67424K->1408K(68096K)] 392128K->326112K(732160K), 0.0027155 secs] [Times: user=0.01 sys=0.00, real=0.01 secs] 
1373.273: [GC (Allocation Failure) [PSYoungGen: 67456K->1408K(68096K)] 392160K->326112K(732160K), 0.0036549 secs] [Times: user=0.01 sys=0.00, real=0.01 secs] 
1374.311: [GC (Allocation Failure) [PSYoungGen: 67446K->1392K(68096K)] 392151K->326097K(732160K), 0.0027358 secs] [Times: user=0.01 sys=0.00, real=0.00 secs] 
1374.537: [GC (Allocation Failure) [PSYoungGen: 67440K->1533K(68096K)] 392145K->326238K(732160K), 0.0020102 secs] [Times: user=0.01 sys=0.00, real=0.01 secs] 
1374.678: [GC (Allocation Failure) [PSYoungGen: 67581K->1501K(68096K)] 392286K->326206K(732160K), 0.0015317 secs] [Times: user=0.00 sys=0.00, real=0.00 secs] 
1374.793: [GC (Allocation Failure) [PSYoungGen: 67549K->1533K(68096K)] 392254K->326254K(732160K), 0.0015624 secs] [Times: user=0.00 sys=0.00, real=0.00 secs] 
1375.206: [GC (Allocation Failure) [PSYoungGen: 67581K->1456K(68096K)] 392302K->326176K(732160K), 0.0019345 secs] [Times: user=0.01 sys=0.00, real=0.01 secs] 
1375.482: [GC (Allocation Failure) [PSYoungGen: 67504K->1376K(68096K)] 392224K->326104K(732160K), 0.0019709 secs] [Times: user=0.01 sys=0.00, real=0.00 secs] 
1375.756: [GC (Allocation Failure) [PSYoungGen: 67424K->1376K(68096K)] 392152K->326104K(732160K), 0.0016846 secs] [Times: user=0.01 sys=0.00, real=0.01 secs] 
1376.030: [GC (Allocation Failure) [PSYoungGen: 67424K->1392K(68096K)] 392152K->326128K(732160K), 0.0018010 secs] [Times: user=0.01 sys=0.00, real=0.00 secs] 
1376.311: [GC (Allocation Failure) [PSYoungGen: 67440K->1421K(68096K)] 392176K->326158K(732160K), 0.0016878 secs] [Times: user=0.01 sys=0.00, real=0.00 secs] 
1376.435: [GC (Allocation Failure) [PSYoungGen: 67469K->1501K(68096K)] 392206K->326238K(732160K), 0.0014991 secs] [Times: user=0.01 sys=0.00, real=0.00 secs] 
1376.551: [GC (Allocation Failure) [PSYoungGen: 67549K->1501K(68096K)] 392286K->326238K(732160K), 0.0015045 secs] [Times: user=0.00 sys=0.00, real=0.00 secs] 
1376.666: [GC (Allocation Failure) [PSYoungGen: 67549K->1501K(68096K)] 392286K->326254K(732160K), 0.0015206 secs] [Times: user=0.01 sys=0.00, real=0.01 secs] 
1376.838: [GC (Allocation Failure) [PSYoungGen: 67549K->1984K(68096K)] 392302K->326736K(732160K), 0.0019865 secs] [Times: user=0.01 sys=0.00, real=0.00 secs] 
1377.113: [GC (Allocation Failure) [PSYoungGen: 68032K->1344K(67584K)] 392784K->326096K(731648K), 0.0020430 secs] [Times: user=0.01 sys=0.00, real=0.00 secs] 
1377.387: [GC (Allocation Failure) [PSYoungGen: 67392K->1408K(67584K)] 392144K->326160K(731648K), 0.0021300 secs] [Times: user=0.01 sys=0.00, real=0.00 secs] 
1377.662: [GC (Allocation Failure) [PSYoungGen: 67456K->1392K(67584K)] 392208K->326144K(731648K), 0.0017998 secs] [Times: user=0.01 sys=0.00, real=0.00 secs] 
1377.936: [GC (Allocation Failure) [PSYoungGen: 67440K->1376K(67584K)] 392192K->326128K(731648K), 0.0020807 secs] [Times: user=0.01 sys=0.00, real=0.01 secs] 
1378.100: [GC (Allocation Failure) [PSYoungGen: 67424K->1469K(67584K)] 392176K->326222K(731648K), 0.0015237 secs] [Times: user=0.01 sys=0.00, real=0.00 secs] 
1378.217: [GC (Allocation Failure) [PSYoungGen: 67501K->1536K(68096K)] 392254K->326289K(732160K), 0.0016189 secs] [Times: user=0.01 sys=0.00, real=0.01 secs] 
1378.335: [GC (Allocation Failure) [PSYoungGen: 67584K->509K(71680K)] 392337K->326302K(735744K), 0.0017220 secs] [Times: user=0.00 sys=0.00, real=0.00 secs] 
1378.601: [GC (Allocation Failure) [PSYoungGen: 71165K->1536K(72192K)] 396958K->327328K(736256K), 0.0020158 secs] [Times: user=0.01 sys=0.00, real=0.00 secs] 
1379.368: [GC (Allocation Failure) [PSYoungGen: 71680K->1440K(71168K)] 397472K->327232K(735232K), 0.0022701 secs] [Times: user=0.01 sys=0.00, real=0.00 secs] 
1379.658: [GC (Allocation Failure) [PSYoungGen: 71072K->1424K(70656K)] 396864K->327216K(734720K), 0.0020819 secs] [Times: user=0.01 sys=0.00, real=0.00 secs] 
1379.959: [GC (Allocation Failure) [PSYoungGen: 70544K->1376K(70144K)] 396336K->327168K(734208K), 0.0020345 secs] [Times: user=0.01 sys=0.00, real=0.00 secs] 
1380.334: [GC (Allocation Failure) [PSYoungGen: 69984K->1376K(69632K)] 395776K->327168K(733696K), 0.0019062 secs] [Times: user=0.01 sys=0.00, real=0.00 secs] 
1380.527: [GC (Allocation Failure) [PSYoungGen: 69472K->1517K(69120K)] 395264K->327310K(733184K), 0.0014639 secs] [Times: user=0.01 sys=0.00, real=0.00 secs] 
1380.646: [GC (Allocation Failure) [PSYoungGen: 69101K->1501K(68608K)] 394894K->327294K(732672K), 0.0015630 secs] [Times: user=0.01 sys=0.00, real=0.01 secs] 
1380.763: [GC (Allocation Failure) [PSYoungGen: 68573K->1533K(68096K)] 394366K->327358K(732160K), 0.0014798 secs] [Times: user=0.00 sys=0.00, real=0.00 secs] 
1381.053: [GC (Allocation Failure) [PSYoungGen: 68093K->1440K(67584K)] 393918K->327264K(731648K), 0.0023886 secs] [Times: user=0.01 sys=0.00, real=0.00 secs] 
1381.631: [GC (Allocation Failure) [PSYoungGen: 67488K->1376K(67584K)] 393312K->327200K(731648K), 0.0024241 secs] [Times: user=0.01 sys=0.00, real=0.00 secs] 
1382.167: [GC (Allocation Failure) [PSYoungGen: 67424K->1408K(68096K)] 393248K->327248K(732160K), 0.0021594 secs] [Times: user=0.01 sys=0.00, real=0.00 secs] 
1382.736: [GC (Allocation Failure) [PSYoungGen: 67456K->1376K(68096K)] 393296K->327216K(732160K), 0.0022144 secs] [Times: user=0.01 sys=0.00, real=0.01 secs] 
1383.251: [GC (Allocation Failure) [PSYoungGen: 67424K->1376K(68096K)] 393264K->327216K(732160K), 0.0021941 secs] [Times: user=0.01 sys=0.00, real=0.00 secs] 
1383.577: [GC (Allocation Failure) [PSYoungGen: 67424K->1504K(68096K)] 393264K->327345K(732160K), 0.0017655 secs] [Times: user=0.01 sys=0.00, real=0.00 secs] 
1383.710: [GC (Allocation Failure) [PSYoungGen: 67552K->1501K(68096K)] 393393K->327342K(732160K), 0.0018501 secs] [Times: user=0.01 sys=0.00, real=0.00 secs] 
1383.855: [GC (Allocation Failure) [PSYoungGen: 67549K->1533K(68096K)] 393390K->327382K(732160K), 0.0017440 secs] [Times: user=0.01 sys=0.00, real=0.00 secs] 
1384.012: [GC (Allocation Failure) [PSYoungGen: 67581K->1469K(68096K)] 393430K->327318K(732160K), 0.0020182 secs] [Times: user=0.01 sys=0.00, real=0.00 secs] 
1385.094: [GC (Allocation Failure) [PSYoungGen: 67517K->1472K(68096K)] 393366K->327320K(732160K), 0.0027467 secs] [Times: user=0.01 sys=0.00, real=0.00 secs] 
1385.952: [GC (Allocation Failure) [PSYoungGen: 67520K->1376K(68096K)] 393368K->327224K(732160K), 0.0027531 secs] [Times: user=0.01 sys=0.00, real=0.00 secs] 
1386.660: [GC (Allocation Failure) [PSYoungGen: 67424K->1376K(68096K)] 393272K->327224K(732160K), 0.0023002 secs] [Times: user=0.01 sys=0.00, real=0.00 secs] 
1387.429: [GC (Allocation Failure) [PSYoungGen: 67424K->1408K(68096K)] 393272K->327256K(732160K), 0.0024162 secs] [Times: user=0.01 sys=0.00, real=0.00 secs] 
1387.763: [GC (Allocation Failure) [PSYoungGen: 67456K->1533K(68096K)] 393304K->327382K(732160K), 0.0015768 secs] [Times: user=0.01 sys=0.00, real=0.00 secs] 
1387.893: [GC (Allocation Failure) [PSYoungGen: 67581K->1565K(68096K)] 393430K->327414K(732160K), 0.0017744 secs] [Times: user=0.00 sys=0.00, real=0.00 secs] 
1388.040: [GC (Allocation Failure) [PSYoungGen: 67613K->1533K(68096K)] 393462K->327406K(732160K), 0.0019625 secs] [Times: user=0.01 sys=0.00, real=0.00 secs] 
1388.163: [GC (Allocation Failure) [PSYoungGen: 67581K->1485K(68096K)] 393454K->327358K(732160K), 0.0015353 secs] [Times: user=0.01 sys=0.00, real=0.00 secs] 
1388.505: [GC (Allocation Failure) [PSYoungGen: 67533K->1408K(68096K)] 393406K->327280K(732160K), 0.0019119 secs] [Times: user=0.00 sys=0.00, real=0.01 secs] 
1389.004: [GC (Allocation Failure) [PSYoungGen: 67456K->1408K(68096K)] 393328K->327280K(732160K), 0.0020381 secs] [Times: user=0.01 sys=0.00, real=0.00 secs] 
1389.731: [GC (Allocation Failure) [PSYoungGen: 67456K->1376K(68096K)] 393328K->327248K(732160K), 0.0018583 secs] [Times: user=0.01 sys=0.00, real=0.00 secs] 
1390.272: [GC (Allocation Failure) [PSYoungGen: 67424K->1408K(68096K)] 393296K->327280K(732160K), 0.0019929 secs] [Times: user=0.01 sys=0.00, real=0.00 secs] 
1390.698: [GC (Allocation Failure) [PSYoungGen: 67456K->1469K(68096K)] 393328K->327342K(732160K), 0.0016952 secs] [Times: user=0.01 sys=0.00, real=0.00 secs] 
1390.819: [GC (Allocation Failure) [PSYoungGen: 67517K->1533K(68096K)] 393390K->327406K(732160K), 0.0016906 secs] [Times: user=0.01 sys=0.00, real=0.00 secs] 
1390.936: [GC (Allocation Failure) [PSYoungGen: 67581K->1485K(68096K)] 393454K->327358K(732160K), 0.0016393 secs] [Times: user=0.00 sys=0.00, real=0.01 secs] 
1391.051: [GC (Allocation Failure) [PSYoungGen: 67533K->1517K(68096K)] 393406K->327398K(732160K), 0.0015038 secs] [Times: user=0.00 sys=0.00, real=0.00 secs] 
1391.609: [GC (Allocation Failure) [PSYoungGen: 67565K->1472K(67584K)] 393446K->327352K(731648K), 0.0023469 secs] [Times: user=0.01 sys=0.01, real=0.00 secs] 
1392.156: [GC (Allocation Failure) [PSYoungGen: 67520K->1440K(67584K)] 393400K->327320K(731648K), 0.0024144 secs] [Times: user=0.01 sys=0.00, real=0.01 secs] 
1392.770: [GC (Allocation Failure) [PSYoungGen: 67488K->1408K(67584K)] 393368K->327288K(731648K), 0.0022163 secs] [Times: user=0.01 sys=0.00, real=0.00 secs] 
1393.386: [GC (Allocation Failure) [PSYoungGen: 67456K->1376K(67584K)] 393336K->327280K(731648K), 0.0024497 secs] [Times: user=0.01 sys=0.00, real=0.01 secs] 
1393.865: [GC (Allocation Failure) [PSYoungGen: 67424K->1501K(67584K)] 393328K->327406K(731648K), 0.0020467 secs] [Times: user=0.01 sys=0.00, real=0.01 secs] 
1394.003: [GC (Allocation Failure) [PSYoungGen: 67549K->1533K(67584K)] 393454K->327438K(731648K), 0.0016190 secs] [Times: user=0.00 sys=0.00, real=0.00 secs] 
1394.120: [GC (Allocation Failure) [PSYoungGen: 67581K->1453K(67584K)] 393486K->327358K(731648K), 0.0015491 secs] [Times: user=0.01 sys=0.00, real=0.00 secs] 
1394.237: [GC (Allocation Failure) [PSYoungGen: 67501K->1501K(67584K)] 393406K->327430K(731648K), 0.0016014 secs] [Times: user=0.01 sys=0.00, real=0.01 secs] 
1394.718: [GC (Allocation Failure) [PSYoungGen: 67549K->1472K(67584K)] 393478K->327400K(731648K), 0.0022608 secs] [Times: user=0.00 sys=0.00, real=0.00 secs] 
1395.335: [GC (Allocation Failure) [PSYoungGen: 67520K->1408K(67584K)] 393448K->327336K(731648K), 0.0024341 secs] [Times: user=0.01 sys=0.00, real=0.01 secs] 
1395.912: [GC (Allocation Failure) [PSYoungGen: 67456K->1376K(67584K)] 393384K->327304K(731648K), 0.0020634 secs] [Times: user=0.01 sys=0.00, real=0.00 secs] 
1396.614: [GC (Allocation Failure) [PSYoungGen: 67424K->1376K(67584K)] 393352K->327312K(731648K), 0.0021688 secs] [Times: user=0.00 sys=0.01, real=0.00 secs] 
1397.122: [GC (Allocation Failure) [PSYoungGen: 67424K->1453K(67584K)] 393360K->327390K(731648K), 0.0017469 secs] [Times: user=0.01 sys=0.00, real=0.00 secs] 
1397.285: [GC (Allocation Failure) [PSYoungGen: 67501K->1533K(67584K)] 393438K->327470K(731648K), 0.0018251 secs] [Times: user=0.01 sys=0.00, real=0.00 secs] 
1397.433: [GC (Allocation Failure) [PSYoungGen: 67581K->1485K(68096K)] 393518K->327422K(732160K), 0.0015613 secs] [Times: user=0.01 sys=0.00, real=0.00 secs] 
1397.549: [GC (Allocation Failure) [PSYoungGen: 67533K->1485K(68096K)] 393470K->327430K(732160K), 0.0015342 secs] [Times: user=0.01 sys=0.00, real=0.00 secs] 
1397.990: [GC (Allocation Failure) [PSYoungGen: 67533K->1440K(68096K)] 393478K->327384K(732160K), 0.0040186 secs] [Times: user=0.02 sys=0.00, real=0.00 secs] 
1398.417: [GC (Allocation Failure) [PSYoungGen: 67488K->1408K(68096K)] 393432K->327352K(732160K), 0.0021150 secs] [Times: user=0.01 sys=0.00, real=0.00 secs] 
1398.692: [GC (Allocation Failure) [PSYoungGen: 67456K->1376K(68096K)] 393400K->327320K(732160K), 0.0019413 secs] [Times: user=0.01 sys=0.00, real=0.00 secs] 
1398.967: [GC (Allocation Failure) [PSYoungGen: 67424K->1360K(68096K)] 393368K->327304K(732160K), 0.0019972 secs] [Times: user=0.01 sys=0.00, real=0.01 secs] 
1399.307: [GC (Allocation Failure) [PSYoungGen: 67408K->1488K(68096K)] 393352K->327433K(732160K), 0.0019490 secs] [Times: user=0.01 sys=0.00, real=0.01 secs] 
1399.433: [GC (Allocation Failure) [PSYoungGen: 67536K->1533K(68096K)] 393481K->327478K(732160K), 0.0015143 secs] [Times: user=0.01 sys=0.00, real=0.00 secs] 
1399.548: [GC (Allocation Failure) [PSYoungGen: 67581K->1533K(68096K)] 393526K->327478K(732160K), 0.0015088 secs] [Times: user=0.00 sys=0.00, real=0.00 secs] 
1399.664: [GC (Allocation Failure) [PSYoungGen: 67581K->1501K(68096K)] 393526K->327462K(732160K), 0.0016224 secs] [Times: user=0.00 sys=0.00, real=0.00 secs] 
1400.171: [GC (Allocation Failure) [PSYoungGen: 67549K->1456K(67584K)] 393510K->327416K(731648K), 0.0024235 secs] [Times: user=0.01 sys=0.00, real=0.00 secs] 
1401.456: [GC (Allocation Failure) [PSYoungGen: 67504K->1408K(67584K)] 393464K->327368K(731648K), 0.0038259 secs] [Times: user=0.01 sys=0.00, real=0.01 secs] 
1402.568: [GC (Allocation Failure) [PSYoungGen: 67456K->1376K(67584K)] 393416K->327336K(731648K), 0.0040388 secs] [Times: user=0.01 sys=0.00, real=0.00 secs] 
1403.415: [GC (Allocation Failure) [PSYoungGen: 67424K->1408K(67584K)] 393384K->327368K(731648K), 0.0034612 secs] [Times: user=0.01 sys=0.00, real=0.01 secs] 
1404.127: [GC (Allocation Failure) [PSYoungGen: 67456K->1408K(67584K)] 393416K->327368K(731648K), 0.0026159 secs] [Times: user=0.01 sys=0.00, real=0.00 secs] 
1404.478: [GC (Allocation Failure) [PSYoungGen: 67456K->1501K(67584K)] 393416K->327462K(731648K), 0.0020021 secs] [Times: user=0.00 sys=0.00, real=0.00 secs] 
1404.599: [GC (Allocation Failure) [PSYoungGen: 67549K->1501K(67584K)] 393510K->327462K(731648K), 0.0015793 secs] [Times: user=0.01 sys=0.00, real=0.00 secs] 
1404.716: [GC (Allocation Failure) [PSYoungGen: 67549K->1504K(67584K)] 393510K->327489K(731648K), 0.0016302 secs] [Times: user=0.01 sys=0.00, real=0.01 secs] 
1404.832: [GC (Allocation Failure) [PSYoungGen: 67552K->1504K(67584K)] 393537K->327513K(731648K), 0.0015134 secs] [Times: user=0.00 sys=0.00, real=0.00 secs] 
1405.739: [GC (Allocation Failure) [PSYoungGen: 67552K->1408K(67584K)] 393561K->327416K(731648K), 0.0023469 secs] [Times: user=0.01 sys=0.00, real=0.00 secs] 
1406.268: [GC (Allocation Failure) [PSYoungGen: 67456K->1408K(67584K)] 393464K->327416K(731648K), 0.0021986 secs] [Times: user=0.01 sys=0.00, real=0.00 secs] 
1406.872: [GC (Allocation Failure) [PSYoungGen: 67456K->1376K(67584K)] 393464K->327384K(731648K), 0.0028027 secs] [Times: user=0.01 sys=0.00, real=0.00 secs] 
1407.633: [GC (Allocation Failure) [PSYoungGen: 67424K->1360K(67584K)] 393432K->327368K(731648K), 0.0019566 secs] [Times: user=0.00 sys=0.00, real=0.00 secs] 
1408.050: [GC (Allocation Failure) [PSYoungGen: 67408K->1472K(67584K)] 393416K->327481K(731648K), 0.0017943 secs] [Times: user=0.00 sys=0.00, real=0.00 secs] 
1408.174: [GC (Allocation Failure) [PSYoungGen: 67520K->1517K(68096K)] 393529K->327526K(732160K), 0.0015117 secs] [Times: user=0.01 sys=0.00, real=0.00 secs] 
1408.290: [GC (Allocation Failure) [PSYoungGen: 67565K->1517K(68096K)] 393574K->327534K(732160K), 0.0015534 secs] [Times: user=0.00 sys=0.00, real=0.00 secs] 
1408.412: [GC (Allocation Failure) [PSYoungGen: 67565K->1485K(68096K)] 393582K->327502K(732160K), 0.0015644 secs] [Times: user=0.00 sys=0.00, real=0.00 secs] 
1408.968: [GC (Allocation Failure) [PSYoungGen: 67533K->1440K(68096K)] 393550K->327456K(732160K), 0.0020403 secs] [Times: user=0.01 sys=0.00, real=0.00 secs] 
1409.291: [GC (Allocation Failure) [PSYoungGen: 67488K->1424K(68096K)] 393504K->327440K(732160K), 0.0019805 secs] [Times: user=0.01 sys=0.00, real=0.00 secs] 
1409.566: [GC (Allocation Failure) [PSYoungGen: 67472K->1440K(68096K)] 393488K->327456K(732160K), 0.0024425 secs] [Times: user=0.00 sys=0.00, real=0.01 secs] 
1409.842: [GC (Allocation Failure) [PSYoungGen: 67488K->1376K(68096K)] 393504K->327392K(732160K), 0.0021883 secs] [Times: user=0.00 sys=0.00, real=0.00 secs] 
1410.109: [GC (Allocation Failure) [PSYoungGen: 67424K->1504K(68096K)] 393440K->327521K(732160K), 0.0021278 secs] [Times: user=0.00 sys=0.00, real=0.00 secs] 
1410.245: [GC (Allocation Failure) [PSYoungGen: 67552K->1501K(68096K)] 393569K->327518K(732160K), 0.0015007 secs] [Times: user=0.01 sys=0.00, real=0.00 secs] 
1410.361: [GC (Allocation Failure) [PSYoungGen: 67549K->1504K(68096K)] 393566K->327521K(732160K), 0.0015072 secs] [Times: user=0.00 sys=0.00, real=0.00 secs] 
1410.477: [GC (Allocation Failure) [PSYoungGen: 67552K->1501K(68096K)] 393569K->327534K(732160K), 0.0015441 secs] [Times: user=0.00 sys=0.00, real=0.01 secs] 
1411.139: [GC (Allocation Failure) [PSYoungGen: 67549K->1440K(68096K)] 393582K->327472K(732160K), 0.0023369 secs] [Times: user=0.01 sys=0.00, real=0.00 secs] 
1412.224: [GC (Allocation Failure) [PSYoungGen: 67488K->1376K(68096K)] 393520K->327408K(732160K), 0.0037582 secs] [Times: user=0.02 sys=0.00, real=0.01 secs] 
1412.998: [GC (Allocation Failure) [PSYoungGen: 67424K->1344K(68096K)] 393456K->327392K(732160K), 0.0027955 secs] [Times: user=0.01 sys=0.00, real=0.00 secs] 
1414.247: [GC (Allocation Failure) [PSYoungGen: 67392K->1376K(68096K)] 393440K->327424K(732160K), 0.0039512 secs] [Times: user=0.02 sys=0.00, real=0.00 secs] 
1414.703: [GC (Allocation Failure) [PSYoungGen: 67424K->1488K(68096K)] 393472K->327537K(732160K), 0.0019848 secs] [Times: user=0.01 sys=0.00, real=0.00 secs] 
1414.850: [GC (Allocation Failure) [PSYoungGen: 67536K->1472K(68096K)] 393585K->327521K(732160K), 0.0015366 secs] [Times: user=0.00 sys=0.00, real=0.00 secs] 
1414.967: [GC (Allocation Failure) [PSYoungGen: 67515K->1501K(68096K)] 393564K->327550K(732160K), 0.0015230 secs] [Times: user=0.00 sys=0.00, real=0.00 secs] 
1415.084: [GC (Allocation Failure) [PSYoungGen: 67549K->1533K(68096K)] 393598K->327606K(732160K), 0.0015612 secs] [Times: user=0.01 sys=0.00, real=0.00 secs] 
1415.627: [GC (Allocation Failure) [PSYoungGen: 67581K->1472K(68096K)] 393654K->327544K(732160K), 0.0022480 secs] [Times: user=0.01 sys=0.00, real=0.00 secs] 
1416.224: [GC (Allocation Failure) [PSYoungGen: 67520K->1376K(68096K)] 393592K->327448K(732160K), 0.0019872 secs] [Times: user=0.00 sys=0.00, real=0.00 secs] 
1416.955: [GC (Allocation Failure) [PSYoungGen: 67424K->1376K(68096K)] 393496K->327448K(732160K), 0.0025545 secs] [Times: user=0.01 sys=0.00, real=0.01 secs] 
1417.607: [GC (Allocation Failure) [PSYoungGen: 67424K->1344K(68096K)] 393496K->327416K(732160K), 0.0023488 secs] [Times: user=0.01 sys=0.00, real=0.00 secs] 
1418.410: [GC (Allocation Failure) [PSYoungGen: 67371K->1488K(68096K)] 393444K->327561K(732160K), 0.0025065 secs] [Times: user=0.01 sys=0.00, real=0.00 secs] 
1418.570: [GC (Allocation Failure) [PSYoungGen: 67536K->1552K(68096K)] 393609K->327625K(732160K), 0.0040206 secs] [Times: user=0.01 sys=0.01, real=0.00 secs] 
1418.714: [GC (Allocation Failure) [PSYoungGen: 67600K->1501K(68096K)] 393673K->327574K(732160K), 0.0016627 secs] [Times: user=0.00 sys=0.00, real=0.00 secs] 
1418.835: [GC (Allocation Failure) [PSYoungGen: 67549K->1517K(75264K)] 393622K->327606K(739328K), 0.0018840 secs] [Times: user=0.00 sys=0.00, real=0.01 secs] 
1419.450: [GC (Allocation Failure) [PSYoungGen: 74733K->1440K(74240K)] 400822K->327528K(738304K), 0.0022913 secs] [Times: user=0.01 sys=0.00, real=0.00 secs] 
1420.046: [GC (Allocation Failure) [PSYoungGen: 74144K->1408K(73728K)] 400232K->327496K(737792K), 0.0021910 secs] [Times: user=0.00 sys=0.00, real=0.01 secs] 
1420.652: [GC (Allocation Failure) [PSYoungGen: 73600K->1392K(73216K)] 399688K->327480K(737280K), 0.0021470 secs] [Times: user=0.00 sys=0.00, real=0.00 secs] 
1420.950: [GC (Allocation Failure) [PSYoungGen: 73072K->1376K(72704K)] 399160K->327464K(736768K), 0.0019926 secs] [Times: user=0.01 sys=0.00, real=0.00 secs] 
1421.250: [GC (Allocation Failure) [PSYoungGen: 72544K->1472K(72192K)] 398632K->327561K(736256K), 0.0019812 secs] [Times: user=0.01 sys=0.00, real=0.00 secs] 
1421.377: [GC (Allocation Failure) [PSYoungGen: 72114K->1565K(72192K)] 398202K->327654K(736256K), 0.0015212 secs] [Times: user=0.01 sys=0.00, real=0.00 secs] 
1421.500: [GC (Allocation Failure) [PSYoungGen: 71695K->1565K(71680K)] 397784K->327654K(735744K), 0.0016038 secs] [Times: user=0.01 sys=0.01, real=0.00 secs] 
1421.622: [GC (Allocation Failure) [PSYoungGen: 71197K->477K(69632K)] 397286K->327598K(733696K), 0.0015364 secs] [Times: user=0.01 sys=0.00, real=0.00 secs] 
1422.244: [GC (Allocation Failure) [PSYoungGen: 69597K->1440K(70656K)] 396718K->328560K(734720K), 0.0020686 secs] [Times: user=0.01 sys=0.00, real=0.00 secs] 
1422.935: [GC (Allocation Failure) [PSYoungGen: 70048K->1392K(69632K)] 397168K->328512K(733696K), 0.0033164 secs] [Times: user=0.01 sys=0.00, real=0.01 secs] 
1423.696: [GC (Allocation Failure) [PSYoungGen: 69488K->1344K(69120K)] 396608K->328480K(733184K), 0.0033704 secs] [Times: user=0.01 sys=0.00, real=0.01 secs] 
1424.524: [GC (Allocation Failure) [PSYoungGen: 68928K->1376K(68608K)] 396064K->328512K(732672K), 0.0031944 secs] [Times: user=0.01 sys=0.00, real=0.01 secs] 
1424.937: [GC (Allocation Failure) [PSYoungGen: 68448K->1520K(68096K)] 395584K->328657K(732160K), 0.0019881 secs] [Times: user=0.00 sys=0.00, real=0.01 secs] 
1425.071: [GC (Allocation Failure) [PSYoungGen: 68080K->1533K(67584K)] 395217K->328694K(731648K), 0.0015116 secs] [Times: user=0.01 sys=0.00, real=0.00 secs] 
1425.188: [GC (Allocation Failure) [PSYoungGen: 67581K->1536K(68096K)] 394742K->328705K(732160K), 0.0015654 secs] [Times: user=0.01 sys=0.00, real=0.00 secs] 
1425.306: [GC (Allocation Failure) [PSYoungGen: 67584K->1472K(67584K)] 394753K->328641K(731648K), 0.0014864 secs] [Times: user=0.00 sys=0.00, real=0.01 secs] 
1425.667: [GC (Allocation Failure) [PSYoungGen: 67520K->1472K(68096K)] 394689K->328640K(732160K), 0.0018330 secs] [Times: user=0.01 sys=0.00, real=0.00 secs] 
1425.943: [GC (Allocation Failure) [PSYoungGen: 67520K->1408K(68096K)] 394688K->328576K(732160K), 0.0020073 secs] [Times: user=0.01 sys=0.00, real=0.00 secs] 
1426.270: [GC (Allocation Failure) [PSYoungGen: 67456K->1360K(68096K)] 394624K->328528K(732160K), 0.0020195 secs] [Times: user=0.01 sys=0.00, real=0.00 secs] 
1426.545: [GC (Allocation Failure) [PSYoungGen: 67408K->1376K(68096K)] 394576K->328544K(732160K), 0.0019910 secs] [Times: user=0.01 sys=0.00, real=0.01 secs] 
1426.825: [GC (Allocation Failure) [PSYoungGen: 67424K->1517K(68096K)] 394592K->328686K(732160K), 0.0016227 secs] [Times: user=0.01 sys=0.00, real=0.01 secs] 
1426.946: [GC (Allocation Failure) [PSYoungGen: 67565K->1501K(68096K)] 394734K->328670K(732160K), 0.0016283 secs] [Times: user=0.00 sys=0.00, real=0.01 secs] 
1427.063: [GC (Allocation Failure) [PSYoungGen: 67549K->1504K(68096K)] 394718K->328673K(732160K), 0.0015762 secs] [Times: user=0.01 sys=0.00, real=0.00 secs] 
1427.180: [GC (Allocation Failure) [PSYoungGen: 67552K->1533K(68096K)] 394721K->328710K(732160K), 0.0016643 secs] [Times: user=0.01 sys=0.00, real=0.00 secs] 
1428.542: [GC (Allocation Failure) [PSYoungGen: 67581K->1440K(68096K)] 394758K->328616K(732160K), 0.0034529 secs] [Times: user=0.01 sys=0.00, real=0.00 secs] 
1429.426: [GC (Allocation Failure) [PSYoungGen: 67488K->1376K(68096K)] 394664K->328552K(732160K), 0.0039703 secs] [Times: user=0.02 sys=0.00, real=0.01 secs] 
1430.266: [GC (Allocation Failure) [PSYoungGen: 67424K->1344K(68096K)] 394600K->328520K(732160K), 0.0026744 secs] [Times: user=0.01 sys=0.00, real=0.01 secs] 
1430.927: [GC (Allocation Failure) [PSYoungGen: 67392K->1408K(68096K)] 394568K->328584K(732160K), 0.0024172 secs] [Times: user=0.01 sys=0.00, real=0.00 secs] 
1431.645: [GC (Allocation Failure) [PSYoungGen: 67456K->1472K(68096K)] 394632K->328649K(732160K), 0.0020573 secs] [Times: user=0.01 sys=0.00, real=0.01 secs] 
1431.790: [GC (Allocation Failure) [PSYoungGen: 67520K->1485K(68096K)] 394697K->328662K(732160K), 0.0015682 secs] [Times: user=0.01 sys=0.00, real=0.00 secs] 
1431.906: [GC (Allocation Failure) [PSYoungGen: 67533K->1504K(68096K)] 394710K->328681K(732160K), 0.0017343 secs] [Times: user=0.01 sys=0.00, real=0.01 secs] 
1432.022: [GC (Allocation Failure) [PSYoungGen: 67552K->1517K(68096K)] 394729K->328702K(732160K), 0.0015400 secs] [Times: user=0.00 sys=0.00, real=0.00 secs] 
1432.917: [GC (Allocation Failure) [PSYoungGen: 67565K->1488K(68096K)] 394750K->328672K(732160K), 0.0041314 secs] [Times: user=0.01 sys=0.00, real=0.00 secs] 
1433.533: [GC (Allocation Failure) [PSYoungGen: 67536K->1376K(68096K)] 394720K->328560K(732160K), 0.0024421 secs] [Times: user=0.01 sys=0.00, real=0.00 secs] 
1433.889: [GC (Allocation Failure) [PSYoungGen: 67424K->1376K(68096K)] 394608K->328560K(732160K), 0.0019423 secs] [Times: user=0.00 sys=0.00, real=0.00 secs] 
1434.260: [GC (Allocation Failure) [PSYoungGen: 67424K->1376K(68096K)] 394608K->328560K(732160K), 0.0020493 secs] [Times: user=0.01 sys=0.00, real=0.00 secs] 
1434.828: [GC (Allocation Failure) [PSYoungGen: 67424K->1453K(68096K)] 394608K->328638K(732160K), 0.0018495 secs] [Times: user=0.01 sys=0.00, real=0.00 secs] 
1434.965: [GC (Allocation Failure) [PSYoungGen: 67501K->1517K(68096K)] 394686K->328702K(732160K), 0.0014718 secs] [Times: user=0.00 sys=0.00, real=0.00 secs] 
1435.081: [GC (Allocation Failure) [PSYoungGen: 67565K->1517K(68096K)] 394750K->328702K(732160K), 0.0015356 secs] [Times: user=0.01 sys=0.00, real=0.00 secs] 
1435.197: [GC (Allocation Failure) [PSYoungGen: 67565K->1485K(68096K)] 394750K->328694K(732160K), 0.0015577 secs] [Times: user=0.01 sys=0.00, real=0.00 secs] 
1435.681: [GC (Allocation Failure) [PSYoungGen: 67533K->1456K(68096K)] 394742K->328664K(732160K), 0.0023362 secs] [Times: user=0.01 sys=0.00, real=0.00 secs] 
1436.261: [GC (Allocation Failure) [PSYoungGen: 67504K->1408K(68096K)] 394712K->328616K(732160K), 0.0021081 secs] [Times: user=0.01 sys=0.00, real=0.00 secs] 
1436.635: [GC (Allocation Failure) [PSYoungGen: 67456K->1344K(68096K)] 394664K->328552K(732160K), 0.0020130 secs] [Times: user=0.01 sys=0.00, real=0.01 secs] 
1436.910: [GC (Allocation Failure) [PSYoungGen: 67392K->1376K(68096K)] 394600K->328584K(732160K), 0.0022352 secs] [Times: user=0.01 sys=0.01, real=0.00 secs] 
1437.289: [GC (Allocation Failure) [PSYoungGen: 67424K->1485K(68096K)] 394632K->328694K(732160K), 0.0022060 secs] [Times: user=0.01 sys=0.00, real=0.00 secs] 
1437.472: [GC (Allocation Failure) [PSYoungGen: 67533K->1437K(68096K)] 394742K->328646K(732160K), 0.0019952 secs] [Times: user=0.01 sys=0.00, real=0.00 secs] 
1437.652: [GC (Allocation Failure) [PSYoungGen: 67485K->1469K(68096K)] 394694K->328678K(732160K), 0.0019832 secs] [Times: user=0.01 sys=0.00, real=0.00 secs] 
1437.823: [GC (Allocation Failure) [PSYoungGen: 67517K->1533K(68096K)] 394726K->328750K(732160K), 0.0016291 secs] [Times: user=0.00 sys=0.00, real=0.00 secs] 
1439.003: [GC (Allocation Failure) [PSYoungGen: 67581K->1504K(68096K)] 394798K->328720K(732160K), 0.0043461 secs] [Times: user=0.02 sys=0.00, real=0.01 secs] 
1439.851: [GC (Allocation Failure) [PSYoungGen: 67552K->1408K(68096K)] 394768K->328624K(732160K), 0.0025412 secs] [Times: user=0.01 sys=0.00, real=0.00 secs] 
1440.471: [GC (Allocation Failure) [PSYoungGen: 67456K->1360K(68096K)] 394672K->328576K(732160K), 0.0021416 secs] [Times: user=0.01 sys=0.00, real=0.00 secs] 
1440.981: [GC (Allocation Failure) [PSYoungGen: 67408K->1360K(68096K)] 394624K->328576K(732160K), 0.0026811 secs] [Times: user=0.01 sys=0.00, real=0.00 secs] 
1441.510: [GC (Allocation Failure) [PSYoungGen: 67408K->1376K(68096K)] 394624K->328592K(732160K), 0.0032830 secs] [Times: user=0.02 sys=0.00, real=0.00 secs] 
1441.764: [GC (Allocation Failure) [PSYoungGen: 67424K->1501K(68096K)] 394640K->328718K(732160K), 0.0017831 secs] [Times: user=0.01 sys=0.00, real=0.00 secs] 
1441.889: [GC (Allocation Failure) [PSYoungGen: 67549K->1536K(68096K)] 394766K->328753K(732160K), 0.0017039 secs] [Times: user=0.01 sys=0.00, real=0.00 secs] 
1442.006: [GC (Allocation Failure) [PSYoungGen: 67584K->1469K(68096K)] 394801K->328702K(732160K), 0.0019435 secs] [Times: user=0.01 sys=0.00, real=0.01 secs] 
1442.225: [GC (Allocation Failure) [PSYoungGen: 67517K->1568K(68096K)] 394750K->328800K(732160K), 0.0021083 secs] [Times: user=0.01 sys=0.00, real=0.01 secs] 
1442.842: [GC (Allocation Failure) [PSYoungGen: 67616K->1408K(68096K)] 394848K->328640K(732160K), 0.0020285 secs] [Times: user=0.00 sys=0.00, real=0.00 secs] 
1443.356: [GC (Allocation Failure) [PSYoungGen: 67456K->1408K(68096K)] 394688K->328640K(732160K), 0.0024676 secs] [Times: user=0.01 sys=0.00, real=0.01 secs] 
1443.936: [GC (Allocation Failure) [PSYoungGen: 67456K->1392K(68096K)] 394688K->328624K(732160K), 0.0021484 secs] [Times: user=0.00 sys=0.00, real=0.01 secs] 
1444.680: [GC (Allocation Failure) [PSYoungGen: 67440K->1376K(68096K)] 394672K->328608K(732160K), 0.0025010 secs] [Times: user=0.01 sys=0.00, real=0.00 secs] 
1445.085: [GC (Allocation Failure) [PSYoungGen: 67424K->1469K(68096K)] 394656K->328726K(732160K), 0.0017152 secs] [Times: user=0.01 sys=0.00, real=0.01 secs] 
1445.205: [GC (Allocation Failure) [PSYoungGen: 67491K->1485K(68096K)] 394748K->328742K(732160K), 0.0015702 secs] [Times: user=0.01 sys=0.00, real=0.00 secs] 
1445.337: [GC (Allocation Failure) [PSYoungGen: 67533K->1565K(68096K)] 394790K->328830K(732160K), 0.0019349 secs] [Times: user=0.00 sys=0.00, real=0.00 secs] 
1445.484: [GC (Allocation Failure) [PSYoungGen: 67613K->1504K(68096K)] 394878K->328769K(732160K), 0.0016960 secs] [Times: user=0.00 sys=0.00, real=0.00 secs] 
1446.609: [GC (Allocation Failure) [PSYoungGen: 67552K->1472K(68096K)] 394817K->328736K(732160K), 0.0022173 secs] [Times: user=0.01 sys=0.00, real=0.00 secs] 
1447.073: [GC (Allocation Failure) [PSYoungGen: 67520K->1376K(68096K)] 394784K->328640K(732160K), 0.0019685 secs] [Times: user=0.01 sys=0.00, real=0.00 secs] 
1447.348: [GC (Allocation Failure) [PSYoungGen: 67424K->1376K(68096K)] 394688K->328640K(732160K), 0.0025735 secs] [Times: user=0.01 sys=0.00, real=0.00 secs] 
1448.195: [GC (Allocation Failure) [PSYoungGen: 67424K->1344K(68096K)] 394688K->328608K(732160K), 0.0027429 secs] [Times: user=0.01 sys=0.00, real=0.01 secs] 
1448.724: [GC (Allocation Failure) [PSYoungGen: 67392K->1501K(68096K)] 394656K->328766K(732160K), 0.0021123 secs] [Times: user=0.01 sys=0.00, real=0.00 secs] 
1448.855: [GC (Allocation Failure) [PSYoungGen: 67549K->1485K(68096K)] 394814K->328750K(732160K), 0.0015424 secs] [Times: user=0.00 sys=0.00, real=0.00 secs] 
1448.970: [GC (Allocation Failure) [PSYoungGen: 67533K->1533K(68096K)] 394798K->328814K(732160K), 0.0015686 secs] [Times: user=0.00 sys=0.00, real=0.00 secs] 
1449.086: [GC (Allocation Failure) [PSYoungGen: 67581K->1501K(68096K)] 394862K->328782K(732160K), 0.0015693 secs] [Times: user=0.01 sys=0.00, real=0.01 secs] 
1449.796: [GC (Allocation Failure) [PSYoungGen: 67549K->1472K(67584K)] 394830K->328752K(731648K), 0.0021280 secs] [Times: user=0.01 sys=0.00, real=0.01 secs] 
1450.071: [GC (Allocation Failure) [PSYoungGen: 67520K->1408K(67584K)] 394800K->328688K(731648K), 0.0021686 secs] [Times: user=0.01 sys=0.00, real=0.00 secs] 
1450.723: [GC (Allocation Failure) [PSYoungGen: 67456K->1408K(67584K)] 394736K->328688K(731648K), 0.0020566 secs] [Times: user=0.01 sys=0.00, real=0.00 secs] 
1451.577: [GC (Allocation Failure) [PSYoungGen: 67456K->1376K(67584K)] 394736K->328656K(731648K), 0.0042918 secs] [Times: user=0.01 sys=0.00, real=0.00 secs] 
1452.099: [GC (Allocation Failure) [PSYoungGen: 67424K->1472K(67584K)] 394704K->328753K(731648K), 0.0021499 secs] [Times: user=0.01 sys=0.00, real=0.00 secs] 
1452.254: [GC (Allocation Failure) [PSYoungGen: 67520K->1472K(67584K)] 394801K->328753K(731648K), 0.0015781 secs] [Times: user=0.00 sys=0.00, real=0.00 secs] 
1452.370: [GC (Allocation Failure) [PSYoungGen: 67520K->1533K(67584K)] 394801K->328814K(731648K), 0.0016557 secs] [Times: user=0.01 sys=0.00, real=0.00 secs] 
1452.486: [GC (Allocation Failure) [PSYoungGen: 67581K->1504K(67584K)] 394862K->328809K(731648K), 0.0016332 secs] [Times: user=0.00 sys=0.00, real=0.01 secs] 
1453.059: [GC (Allocation Failure) [PSYoungGen: 67552K->1424K(67584K)] 394857K->328728K(731648K), 0.0024156 secs] [Times: user=0.02 sys=0.00, real=0.00 secs] 
1453.708: [GC (Allocation Failure) [PSYoungGen: 67472K->1376K(67584K)] 394776K->328688K(731648K), 0.0024280 secs] [Times: user=0.01 sys=0.00, real=0.00 secs] 
1454.558: [GC (Allocation Failure) [PSYoungGen: 67424K->1360K(67584K)] 394736K->328696K(731648K), 0.0042972 secs] [Times: user=0.02 sys=0.00, real=0.00 secs] 
1455.148: [GC (Allocation Failure) [PSYoungGen: 67408K->1408K(67584K)] 394744K->328744K(731648K), 0.0033336 secs] [Times: user=0.01 sys=0.00, real=0.00 secs] 
1455.730: [GC (Allocation Failure) [PSYoungGen: 67456K->1440K(67584K)] 394792K->328777K(731648K), 0.0027739 secs] [Times: user=0.01 sys=0.00, real=0.00 secs] 
1455.958: [GC (Allocation Failure) [PSYoungGen: 67488K->1504K(68096K)] 394825K->328841K(732160K), 0.0019616 secs] [Times: user=0.01 sys=0.00, real=0.00 secs] 
1456.134: [GC (Allocation Failure) [PSYoungGen: 67552K->1517K(68096K)] 394889K->328854K(732160K), 0.0026127 secs] [Times: user=0.01 sys=0.00, real=0.00 secs] 
1456.289: [GC (Allocation Failure) [PSYoungGen: 67565K->1488K(68096K)] 394902K->328841K(732160K), 0.0015266 secs] [Times: user=0.00 sys=0.00, real=0.00 secs] 
1456.703: [GC (Allocation Failure) [PSYoungGen: 67536K->1424K(68096K)] 394889K->328776K(732160K), 0.0038494 secs] [Times: user=0.01 sys=0.00, real=0.00 secs] 
1457.178: [GC (Allocation Failure) [PSYoungGen: 67472K->1408K(68096K)] 394824K->328760K(732160K), 0.0025041 secs] [Times: user=0.01 sys=0.00, real=0.00 secs] 
1457.837: [GC (Allocation Failure) [PSYoungGen: 67456K->1360K(68096K)] 394808K->328712K(732160K), 0.0037860 secs] [Times: user=0.01 sys=0.00, real=0.01 secs] 
1458.536: [GC (Allocation Failure) [PSYoungGen: 67408K->1344K(68096K)] 394760K->328696K(732160K), 0.0033333 secs] [Times: user=0.01 sys=0.00, real=0.01 secs] 
1459.105: [GC (Allocation Failure) [PSYoungGen: 67392K->1517K(68096K)] 394744K->328870K(732160K), 0.0019674 secs] [Times: user=0.01 sys=0.00, real=0.01 secs] 
1459.236: [GC (Allocation Failure) [PSYoungGen: 67565K->1501K(68096K)] 394918K->328854K(732160K), 0.0016199 secs] [Times: user=0.00 sys=0.00, real=0.01 secs] 
1459.377: [GC (Allocation Failure) [PSYoungGen: 67549K->1533K(68096K)] 394902K->328886K(732160K), 0.0020750 secs] [Times: user=0.01 sys=0.00, real=0.01 secs] 
1459.536: [GC (Allocation Failure) [PSYoungGen: 67581K->1565K(68096K)] 394934K->328926K(732160K), 0.0019844 secs] [Times: user=0.00 sys=0.00, real=0.01 secs] 
1460.007: [GC (Allocation Failure) [PSYoungGen: 67613K->1408K(67584K)] 394974K->328768K(731648K), 0.0022157 secs] [Times: user=0.01 sys=0.00, real=0.00 secs] 
1460.431: [GC (Allocation Failure) [PSYoungGen: 67456K->1408K(67584K)] 394816K->328768K(731648K), 0.0022302 secs] [Times: user=0.01 sys=0.01, real=0.00 secs] 
1460.892: [GC (Allocation Failure) [PSYoungGen: 67456K->1376K(67584K)] 394816K->328736K(731648K), 0.0019358 secs] [Times: user=0.01 sys=0.00, real=0.00 secs] 
1461.451: [GC (Allocation Failure) [PSYoungGen: 67424K->1392K(67584K)] 394784K->328752K(731648K), 0.0022948 secs] [Times: user=0.01 sys=0.00, real=0.00 secs] 
1462.009: [GC (Allocation Failure) [PSYoungGen: 67440K->1485K(67584K)] 394800K->328846K(731648K), 0.0024403 secs] [Times: user=0.01 sys=0.00, real=0.00 secs] 
1462.169: [GC (Allocation Failure) [PSYoungGen: 67533K->1533K(67584K)] 394894K->328894K(731648K), 0.0015146 secs] [Times: user=0.01 sys=0.00, real=0.00 secs] 
1462.286: [GC (Allocation Failure) [PSYoungGen: 67581K->1504K(67584K)] 394942K->328865K(731648K), 0.0016467 secs] [Times: user=0.00 sys=0.00, real=0.01 secs] 
1462.403: [GC (Allocation Failure) [PSYoungGen: 67552K->1549K(71680K)] 394913K->328918K(735744K), 0.0040503 secs] [Times: user=0.02 sys=0.00, real=0.00 secs] 
1463.036: [GC (Allocation Failure) [PSYoungGen: 71181K->1440K(76288K)] 398550K->328824K(740352K), 0.0029347 secs] [Times: user=0.01 sys=0.00, real=0.01 secs] 
1463.986: [GC (Allocation Failure) [PSYoungGen: 75680K->1408K(75264K)] 403064K->328792K(739328K), 0.0027416 secs] [Times: user=0.01 sys=0.00, real=0.01 secs] 
1464.912: [GC (Allocation Failure) [PSYoungGen: 75136K->1376K(74752K)] 402520K->328760K(738816K), 0.0032352 secs] [Times: user=0.01 sys=0.00, real=0.00 secs] 
1465.721: [GC (Allocation Failure) [PSYoungGen: 74592K->1376K(74240K)] 401976K->328760K(738304K), 0.0026439 secs] [Times: user=0.01 sys=0.00, real=0.00 secs] 
1466.308: [GC (Allocation Failure) [PSYoungGen: 74080K->1408K(73728K)] 401464K->328793K(737792K), 0.0019745 secs] [Times: user=0.01 sys=0.00, real=0.00 secs] 
1466.456: [GC (Allocation Failure) [PSYoungGen: 73600K->1501K(73216K)] 400985K->328886K(737280K), 0.0016800 secs] [Times: user=0.00 sys=0.00, real=0.01 secs] 
1466.582: [GC (Allocation Failure) [PSYoungGen: 73181K->1501K(72704K)] 400566K->328886K(736768K), 0.0016222 secs] [Times: user=0.01 sys=0.00, real=0.00 secs] 
1466.727: [GC (Allocation Failure) [PSYoungGen: 72669K->1501K(72192K)] 400054K->328894K(736256K), 0.0019206 secs] [Times: user=0.01 sys=0.00, real=0.01 secs] 
1467.512: [GC (Allocation Failure) [PSYoungGen: 72157K->1472K(71680K)] 399550K->328864K(735744K), 0.0029222 secs] [Times: user=0.02 sys=0.00, real=0.00 secs] 
1468.281: [GC (Allocation Failure) [PSYoungGen: 71616K->1360K(71168K)] 399008K->328752K(735232K), 0.0025580 secs] [Times: user=0.02 sys=0.00, real=0.00 secs] 
1469.127: [GC (Allocation Failure) [PSYoungGen: 70992K->1408K(70656K)] 398384K->328800K(734720K), 0.0033984 secs] [Times: user=0.01 sys=0.00, real=0.01 secs] 
1469.677: [GC (Allocation Failure) [PSYoungGen: 70528K->1408K(70144K)] 397920K->328800K(734208K), 0.0026933 secs] [Times: user=0.01 sys=0.00, real=0.01 secs] 
1470.109: [GC (Allocation Failure) [PSYoungGen: 70016K->1472K(69632K)] 397408K->328865K(733696K), 0.0019151 secs] [Times: user=0.00 sys=0.00, real=0.00 secs] 
1470.242: [GC (Allocation Failure) [PSYoungGen: 69568K->1533K(69120K)] 396961K->328926K(733184K), 0.0016494 secs] [Times: user=0.01 sys=0.00, real=0.00 secs] 
1470.362: [GC (Allocation Failure) [PSYoungGen: 69117K->1501K(68608K)] 396510K->328894K(732672K), 0.0015299 secs] [Times: user=0.00 sys=0.00, real=0.00 secs] 
1470.479: [GC (Allocation Failure) [PSYoungGen: 68550K->1533K(68096K)] 395943K->328934K(732160K), 0.0015740 secs] [Times: user=0.00 sys=0.00, real=0.00 secs] 
1471.159: [GC (Allocation Failure) [PSYoungGen: 68093K->1440K(67584K)] 395494K->328840K(731648K), 0.0023926 secs] [Times: user=0.01 sys=0.00, real=0.00 secs] 
1471.671: [GC (Allocation Failure) [PSYoungGen: 67488K->1424K(68096K)] 394888K->328824K(732160K), 0.0039476 secs] [Times: user=0.02 sys=0.00, real=0.00 secs] 
1472.491: [GC (Allocation Failure) [PSYoungGen: 67472K->1360K(68096K)] 394872K->328760K(732160K), 0.0032324 secs] [Times: user=0.02 sys=0.00, real=0.00 secs] 
1473.463: [GC (Allocation Failure) [PSYoungGen: 67408K->1440K(68096K)] 394808K->328840K(732160K), 0.0039206 secs] [Times: user=0.01 sys=0.00, real=0.00 secs] 
1474.025: [GC (Allocation Failure) [PSYoungGen: 67488K->1437K(68096K)] 394888K->328838K(732160K), 0.0017689 secs] [Times: user=0.01 sys=0.00, real=0.00 secs] 
1474.149: [GC (Allocation Failure) [PSYoungGen: 67485K->1533K(68096K)] 394886K->328934K(732160K), 0.0015216 secs] [Times: user=0.01 sys=0.00, real=0.00 secs] 
1474.265: [GC (Allocation Failure) [PSYoungGen: 67581K->1485K(68096K)] 394982K->328886K(732160K), 0.0015773 secs] [Times: user=0.00 sys=0.00, real=0.01 secs] 
1474.399: [GC (Allocation Failure) [PSYoungGen: 67533K->1501K(68096K)] 394934K->328910K(732160K), 0.0020847 secs] [Times: user=0.01 sys=0.00, real=0.00 secs] 
1475.117: [GC (Allocation Failure) [PSYoungGen: 67549K->1440K(67584K)] 394958K->328872K(731648K), 0.0028962 secs] [Times: user=0.01 sys=0.01, real=0.00 secs] 
1475.985: [GC (Allocation Failure) [PSYoungGen: 67488K->1376K(67584K)] 394920K->328808K(731648K), 0.0044189 secs] [Times: user=0.02 sys=0.00, real=0.01 secs] 
1477.023: [GC (Allocation Failure) [PSYoungGen: 67424K->1408K(67584K)] 394856K->328840K(731648K), 0.0036866 secs] [Times: user=0.01 sys=0.00, real=0.00 secs] 
1477.884: [GC (Allocation Failure) [PSYoungGen: 67456K->1408K(67584K)] 394888K->328840K(731648K), 0.0041595 secs] [Times: user=0.01 sys=0.00, real=0.01 secs] 
1478.902: [GC (Allocation Failure) [PSYoungGen: 67456K->1501K(67584K)] 394888K->328934K(731648K), 0.0021741 secs] [Times: user=0.01 sys=0.00, real=0.00 secs] 
1479.056: [GC (Allocation Failure) [PSYoungGen: 67549K->1533K(67584K)] 394982K->328966K(731648K), 0.0016440 secs] [Times: user=0.00 sys=0.00, real=0.01 secs] 
1479.189: [GC (Allocation Failure) [PSYoungGen: 67581K->1533K(67584K)] 395014K->328966K(731648K), 0.0016518 secs] [Times: user=0.00 sys=0.00, real=0.00 secs] 
1479.335: [GC (Allocation Failure) [PSYoungGen: 67581K->1533K(67584K)] 395014K->328982K(731648K), 0.0020389 secs] [Times: user=0.01 sys=0.00, real=0.00 secs] 
1479.787: [GC (Allocation Failure) [PSYoungGen: 67581K->1472K(67584K)] 395030K->328920K(731648K), 0.0022752 secs] [Times: user=0.01 sys=0.00, real=0.01 secs] 
1480.393: [GC (Allocation Failure) [PSYoungGen: 67520K->1408K(67584K)] 394968K->328856K(731648K), 0.0024836 secs] [Times: user=0.01 sys=0.00, real=0.00 secs] 
1480.927: [GC (Allocation Failure) [PSYoungGen: 67456K->1440K(67584K)] 394904K->328888K(731648K), 0.0032344 secs] [Times: user=0.01 sys=0.00, real=0.01 secs] 
1481.449: [GC (Allocation Failure) [PSYoungGen: 67488K->1360K(67584K)] 394936K->328808K(731648K), 0.0034386 secs] [Times: user=0.02 sys=0.00, real=0.00 secs] 
1482.062: [GC (Allocation Failure) [PSYoungGen: 67408K->1437K(67584K)] 394856K->328886K(731648K), 0.0025070 secs] [Times: user=0.01 sys=0.00, real=0.00 secs] 
1482.225: [GC (Allocation Failure) [PSYoungGen: 67485K->1501K(67584K)] 394934K->328950K(731648K), 0.0016731 secs] [Times: user=0.01 sys=0.00, real=0.01 secs] 
1482.343: [GC (Allocation Failure) [PSYoungGen: 67549K->1565K(68096K)] 394998K->329014K(732160K), 0.0015393 secs] [Times: user=0.00 sys=0.00, real=0.00 secs] 
1482.460: [GC (Allocation Failure) [PSYoungGen: 67613K->1533K(68096K)] 395062K->328990K(732160K), 0.0015125 secs] [Times: user=0.01 sys=0.00, real=0.00 secs] 
1483.040: [GC (Allocation Failure) [PSYoungGen: 67581K->1440K(68096K)] 395038K->328896K(732160K), 0.0024126 secs] [Times: user=0.01 sys=0.00, real=0.00 secs] 
1483.772: [GC (Allocation Failure) [PSYoungGen: 67488K->1376K(68096K)] 394944K->328832K(732160K), 0.0026439 secs] [Times: user=0.01 sys=0.00, real=0.00 secs] 
1484.575: [GC (Allocation Failure) [PSYoungGen: 67424K->1440K(68096K)] 394880K->328912K(732160K), 0.0038672 secs] [Times: user=0.02 sys=0.01, real=0.01 secs] 
1485.409: [GC (Allocation Failure) [PSYoungGen: 67488K->1376K(68096K)] 394960K->328848K(732160K), 0.0034718 secs] [Times: user=0.01 sys=0.00, real=0.00 secs] 
1486.517: [GC (Allocation Failure) [PSYoungGen: 67424K->1453K(68096K)] 394896K->328926K(732160K), 0.0032643 secs] [Times: user=0.01 sys=0.00, real=0.00 secs] 
1486.756: [GC (Allocation Failure) [PSYoungGen: 67501K->1501K(68096K)] 394974K->328974K(732160K), 0.0019207 secs] [Times: user=0.00 sys=0.00, real=0.01 secs] 
1486.920: [GC (Allocation Failure) [PSYoungGen: 67549K->1501K(68096K)] 395022K->328974K(732160K), 0.0019110 secs] [Times: user=0.01 sys=0.00, real=0.00 secs] 
1487.079: [GC (Allocation Failure) [PSYoungGen: 67549K->1501K(68096K)] 395022K->328982K(732160K), 0.0015299 secs] [Times: user=0.00 sys=0.00, real=0.00 secs] 
1487.596: [GC (Allocation Failure) [PSYoungGen: 67549K->1456K(68096K)] 395030K->328936K(732160K), 0.0026426 secs] [Times: user=0.01 sys=0.00, real=0.01 secs] 
1488.302: [GC (Allocation Failure) [PSYoungGen: 67504K->1408K(68096K)] 394984K->328888K(732160K), 0.0023364 secs] [Times: user=0.01 sys=0.00, real=0.00 secs] 
1488.923: [GC (Allocation Failure) [PSYoungGen: 67456K->1376K(68096K)] 394936K->328856K(732160K), 0.0025199 secs] [Times: user=0.01 sys=0.00, real=0.00 secs] 
1489.325: [GC (Allocation Failure) [PSYoungGen: 67424K->1376K(68096K)] 394904K->328856K(732160K), 0.0023493 secs] [Times: user=0.01 sys=0.00, real=0.01 secs] 
1489.836: [GC (Allocation Failure) [PSYoungGen: 67424K->1344K(68096K)] 394904K->328824K(732160K), 0.0020609 secs] [Times: user=0.01 sys=0.00, real=0.01 secs] 
1490.088: [GC (Allocation Failure) [PSYoungGen: 67392K->1533K(68096K)] 394872K->329014K(732160K), 0.0015769 secs] [Times: user=0.01 sys=0.00, real=0.00 secs] 
1490.220: [GC (Allocation Failure) [PSYoungGen: 67581K->1533K(68096K)] 395062K->329014K(732160K), 0.0016517 secs] [Times: user=0.00 sys=0.00, real=0.00 secs] 
1490.370: [GC (Allocation Failure) [PSYoungGen: 67581K->1472K(68096K)] 395062K->328961K(732160K), 0.0020113 secs] [Times: user=0.00 sys=0.00, real=0.00 secs] 
1490.677: [GC (Allocation Failure) [PSYoungGen: 67520K->1680K(68096K)] 395009K->329168K(732160K), 0.0021609 secs] [Times: user=0.01 sys=0.00, real=0.01 secs] 
1491.153: [GC (Allocation Failure) [PSYoungGen: 67728K->1344K(68096K)] 395216K->328832K(732160K), 0.0018397 secs] [Times: user=0.01 sys=0.00, real=0.00 secs] 
1491.428: [GC (Allocation Failure) [PSYoungGen: 67392K->1344K(68096K)] 394880K->328832K(732160K), 0.0017639 secs] [Times: user=0.01 sys=0.00, real=0.00 secs] 
1491.702: [GC (Allocation Failure) [PSYoungGen: 67392K->1376K(68096K)] 394880K->328864K(732160K), 0.0019691 secs] [Times: user=0.00 sys=0.01, real=0.00 secs] 
1491.976: [GC (Allocation Failure) [PSYoungGen: 67424K->1376K(68096K)] 394912K->328864K(732160K), 0.0018408 secs] [Times: user=0.00 sys=0.00, real=0.01 secs] 
1492.210: [GC (Allocation Failure) [PSYoungGen: 67424K->1533K(68096K)] 394912K->329022K(732160K), 0.0015163 secs] [Times: user=0.00 sys=0.00, real=0.00 secs] 
1492.326: [GC (Allocation Failure) [PSYoungGen: 67581K->1533K(68096K)] 395070K->329022K(732160K), 0.0014868 secs] [Times: user=0.01 sys=0.00, real=0.01 secs] 
1492.458: [GC (Allocation Failure) [PSYoungGen: 67581K->1501K(68096K)] 395070K->329014K(732160K), 0.0016536 secs] [Times: user=0.01 sys=0.00, real=0.00 secs] 
1492.604: [GC (Allocation Failure) [PSYoungGen: 67549K->1565K(68096K)] 395062K->329078K(732160K), 0.0016925 secs] [Times: user=0.01 sys=0.00, real=0.00 secs] 
1493.885: [GC (Allocation Failure) [PSYoungGen: 67613K->1472K(68096K)] 395126K->328984K(732160K), 0.0027802 secs] [Times: user=0.01 sys=0.00, real=0.01 secs] 
1494.478: [GC (Allocation Failure) [PSYoungGen: 67520K->1376K(68096K)] 395032K->328888K(732160K), 0.0025175 secs] [Times: user=0.01 sys=0.00, real=0.00 secs] 
1494.876: [GC (Allocation Failure) [PSYoungGen: 67424K->1376K(68096K)] 394936K->328888K(732160K), 0.0017409 secs] [Times: user=0.01 sys=0.00, real=0.01 secs] 
1495.175: [GC (Allocation Failure) [PSYoungGen: 67424K->1376K(68096K)] 394936K->328888K(732160K), 0.0018051 secs] [Times: user=0.00 sys=0.00, real=0.00 secs] 
1495.392: [GC (Allocation Failure) [PSYoungGen: 67424K->1501K(68096K)] 394936K->329014K(732160K), 0.0015049 secs] [Times: user=0.01 sys=0.00, real=0.00 secs] 
1495.507: [GC (Allocation Failure) [PSYoungGen: 67549K->1533K(68096K)] 395062K->329046K(732160K), 0.0015796 secs] [Times: user=0.01 sys=0.00, real=0.00 secs] 
1495.623: [GC (Allocation Failure) [PSYoungGen: 67581K->1533K(68096K)] 395094K->329054K(732160K), 0.0016206 secs] [Times: user=0.01 sys=0.00, real=0.00 secs] 
1495.739: [GC (Allocation Failure) [PSYoungGen: 67581K->1501K(68096K)] 395102K->329022K(732160K), 0.0015377 secs] [Times: user=0.01 sys=0.00, real=0.00 secs] 
1496.050: [GC (Allocation Failure) [PSYoungGen: 67549K->1408K(68096K)] 395070K->328928K(732160K), 0.0017008 secs] [Times: user=0.01 sys=0.00, real=0.00 secs] 
1496.340: [GC (Allocation Failure) [PSYoungGen: 67456K->1376K(68096K)] 394976K->328896K(732160K), 0.0017295 secs] [Times: user=0.01 sys=0.00, real=0.00 secs] 
1496.613: [GC (Allocation Failure) [PSYoungGen: 67424K->1376K(68096K)] 394944K->328896K(732160K), 0.0015400 secs] [Times: user=0.00 sys=0.00, real=0.00 secs] 
1496.922: [GC (Allocation Failure) [PSYoungGen: 67424K->1408K(68096K)] 394944K->328928K(732160K), 0.0017736 secs] [Times: user=0.01 sys=0.00, real=0.00 secs] 
1497.229: [GC (Allocation Failure) [PSYoungGen: 67456K->1501K(68096K)] 394976K->329022K(732160K), 0.0014677 secs] [Times: user=0.01 sys=0.00, real=0.00 secs] 
1497.344: [GC (Allocation Failure) [PSYoungGen: 67549K->1533K(68096K)] 395070K->329054K(732160K), 0.0015043 secs] [Times: user=0.01 sys=0.00, real=0.00 secs] 
1497.460: [GC (Allocation Failure) [PSYoungGen: 67581K->1469K(68096K)] 395102K->328990K(732160K), 0.0015236 secs] [Times: user=0.01 sys=0.00, real=0.00 secs] 
1497.577: [GC (Allocation Failure) [PSYoungGen: 67517K->1485K(68096K)] 395038K->329014K(732160K), 0.0015505 secs] [Times: user=0.01 sys=0.00, real=0.00 secs] 
1497.813: [GC (Allocation Failure) [PSYoungGen: 67533K->1440K(68096K)] 395062K->328968K(732160K), 0.0015161 secs] [Times: user=0.01 sys=0.00, real=0.00 secs] 
1498.345: [GC (Allocation Failure) [PSYoungGen: 67488K->1408K(68096K)] 395016K->328936K(732160K), 0.0018225 secs] [Times: user=0.01 sys=0.00, real=0.00 secs] 
1498.892: [GC (Allocation Failure) [PSYoungGen: 67456K->1376K(68096K)] 394984K->328904K(732160K), 0.0018206 secs] [Times: user=0.01 sys=0.00, real=0.00 secs] 
1499.664: [GC (Allocation Failure) [PSYoungGen: 67424K->1408K(68096K)] 394952K->328936K(732160K), 0.0023299 secs] [Times: user=0.01 sys=0.00, real=0.00 secs] 
1500.259: [GC (Allocation Failure) [PSYoungGen: 67456K->1472K(68096K)] 394984K->329001K(732160K), 0.0020537 secs] [Times: user=0.01 sys=0.00, real=0.00 secs] 
1500.399: [GC (Allocation Failure) [PSYoungGen: 67520K->1533K(68096K)] 395049K->329062K(732160K), 0.0015715 secs] [Times: user=0.00 sys=0.00, real=0.00 secs] 
1500.514: [GC (Allocation Failure) [PSYoungGen: 67581K->1504K(68096K)] 395110K->329033K(732160K), 0.0016825 secs] [Times: user=0.01 sys=0.00, real=0.00 secs] 
1500.635: [GC (Allocation Failure) [PSYoungGen: 67552K->1549K(68096K)] 395081K->329094K(732160K), 0.0015047 secs] [Times: user=0.00 sys=0.00, real=0.00 secs] 
1500.950: [GC (Allocation Failure) [PSYoungGen: 67597K->1440K(68096K)] 395142K->328984K(732160K), 0.0020910 secs] [Times: user=0.01 sys=0.00, real=0.00 secs] 
1501.224: [GC (Allocation Failure) [PSYoungGen: 67488K->1408K(68096K)] 395032K->328952K(732160K), 0.0019002 secs] [Times: user=0.01 sys=0.00, real=0.00 secs] 
1501.499: [GC (Allocation Failure) [PSYoungGen: 67456K->1392K(68096K)] 395000K->328936K(732160K), 0.0019869 secs] [Times: user=0.01 sys=0.00, real=0.00 secs] 
1502.007: [GC (Allocation Failure) [PSYoungGen: 67440K->1376K(68096K)] 394984K->328920K(732160K), 0.0036010 secs] [Times: user=0.02 sys=0.00, real=0.00 secs] 
1502.706: [GC (Allocation Failure) [PSYoungGen: 67424K->1456K(68096K)] 394968K->329001K(732160K), 0.0027151 secs] [Times: user=0.01 sys=0.01, real=0.01 secs] 
1502.917: [GC (Allocation Failure) [PSYoungGen: 67504K->1533K(68096K)] 395049K->329078K(732160K), 0.0019347 secs] [Times: user=0.01 sys=0.00, real=0.01 secs] 
1503.084: [GC (Allocation Failure) [PSYoungGen: 67581K->1533K(68096K)] 395126K->329102K(732160K), 0.0017945 secs] [Times: user=0.01 sys=0.00, real=0.00 secs] 
1503.232: [GC (Allocation Failure) [PSYoungGen: 67581K->1501K(68096K)] 395150K->329086K(732160K), 0.0015712 secs] [Times: user=0.01 sys=0.00, real=0.00 secs] 
1503.699: [GC (Allocation Failure) [PSYoungGen: 67549K->1472K(68096K)] 395134K->329056K(732160K), 0.0028637 secs] [Times: user=0.01 sys=0.00, real=0.00 secs] 
1504.403: [GC (Allocation Failure) [PSYoungGen: 67520K->1376K(68096K)] 395104K->328960K(732160K), 0.0025683 secs] [Times: user=0.01 sys=0.00, real=0.00 secs] 
1504.942: [GC (Allocation Failure) [PSYoungGen: 67424K->1344K(68096K)] 395008K->328928K(732160K), 0.0025025 secs] [Times: user=0.01 sys=0.00, real=0.00 secs] 
1505.477: [GC (Allocation Failure) [PSYoungGen: 67392K->1376K(68096K)] 394976K->328960K(732160K), 0.0023129 secs] [Times: user=0.01 sys=0.00, real=0.01 secs] 
1505.961: [GC (Allocation Failure) [PSYoungGen: 67424K->1421K(68096K)] 395008K->329006K(732160K), 0.0019687 secs] [Times: user=0.01 sys=0.00, real=0.00 secs] 
1506.100: [GC (Allocation Failure) [PSYoungGen: 67469K->1533K(68096K)] 395054K->329118K(732160K), 0.0015787 secs] [Times: user=0.01 sys=0.00, real=0.00 secs] 
1506.217: [GC (Allocation Failure) [PSYoungGen: 67581K->1533K(68096K)] 395166K->329118K(732160K), 0.0014864 secs] [Times: user=0.00 sys=0.00, real=0.01 secs] 
1506.332: [GC (Allocation Failure) [PSYoungGen: 67581K->1501K(68096K)] 395166K->329094K(732160K), 0.0015352 secs] [Times: user=0.01 sys=0.00, real=0.00 secs] 
1506.645: [GC (Allocation Failure) [PSYoungGen: 67549K->2016K(68096K)] 395142K->330120K(732160K), 0.0024380 secs] [Times: user=0.01 sys=0.00, real=0.01 secs] 
1507.217: [GC (Allocation Failure) [PSYoungGen: 68064K->1408K(68096K)] 396168K->329512K(732160K), 0.0021717 secs] [Times: user=0.01 sys=0.00, real=0.01 secs] 
1507.789: [GC (Allocation Failure) [PSYoungGen: 67456K->1376K(68096K)] 395560K->329480K(732160K), 0.0020504 secs] [Times: user=0.01 sys=0.00, real=0.00 secs] 
1508.303: [GC (Allocation Failure) [PSYoungGen: 67424K->1408K(68096K)] 395528K->329512K(732160K), 0.0022232 secs] [Times: user=0.01 sys=0.00, real=0.00 secs] 
1508.911: [GC (Allocation Failure) [PSYoungGen: 67456K->1440K(68096K)] 395560K->329544K(732160K), 0.0025250 secs] [Times: user=0.01 sys=0.00, real=0.00 secs] 
1509.135: [GC (Allocation Failure) [PSYoungGen: 67488K->1472K(68096K)] 395592K->329577K(732160K), 0.0016367 secs] [Times: user=0.01 sys=0.00, real=0.00 secs] 
1509.251: [GC (Allocation Failure) [PSYoungGen: 67520K->1501K(68096K)] 395625K->329606K(732160K), 0.0015475 secs] [Times: user=0.01 sys=0.00, real=0.00 secs] 
1509.384: [GC (Allocation Failure) [PSYoungGen: 67549K->1533K(68096K)] 395654K->329662K(732160K), 0.0019404 secs] [Times: user=0.01 sys=0.00, real=0.00 secs] 
1509.540: [GC (Allocation Failure) [PSYoungGen: 67581K->1533K(68096K)] 395710K->329662K(732160K), 0.0019200 secs] [Times: user=0.01 sys=0.00, real=0.00 secs] 
1510.527: [GC (Allocation Failure) [PSYoungGen: 67581K->1456K(67584K)] 395710K->329584K(731648K), 0.0044549 secs] [Times: user=0.02 sys=0.00, real=0.00 secs] 
1511.375: [GC (Allocation Failure) [PSYoungGen: 67504K->1424K(67584K)] 395632K->329552K(731648K), 0.0038565 secs] [Times: user=0.01 sys=0.00, real=0.01 secs] 
1512.370: [GC (Allocation Failure) [PSYoungGen: 67472K->1376K(67584K)] 395600K->329504K(731648K), 0.0034474 secs] [Times: user=0.02 sys=0.01, real=0.00 secs] 
1513.369: [GC (Allocation Failure) [PSYoungGen: 67424K->1408K(67584K)] 395552K->329536K(731648K), 0.0037041 secs] [Times: user=0.01 sys=0.00, real=0.00 secs] 
1514.450: [GC (Allocation Failure) [PSYoungGen: 67456K->1520K(67584K)] 395584K->329649K(731648K), 0.0022715 secs] [Times: user=0.01 sys=0.00, real=0.00 secs] 
1514.594: [GC (Allocation Failure) [PSYoungGen: 67567K->1485K(67584K)] 395696K->329614K(731648K), 0.0019109 secs] [Times: user=0.01 sys=0.00, real=0.00 secs] 
1514.710: [GC (Allocation Failure) [PSYoungGen: 67533K->1485K(67584K)] 395662K->329622K(731648K), 0.0017375 secs] [Times: user=0.00 sys=0.00, real=0.00 secs] 
1514.827: [GC (Allocation Failure) [PSYoungGen: 67533K->1501K(71680K)] 395670K->329638K(735744K), 0.0017490 secs] [Times: user=0.01 sys=0.00, real=0.00 secs] 
1515.605: [GC (Allocation Failure) [PSYoungGen: 71133K->1440K(70656K)] 399270K->329592K(734720K), 0.0023814 secs] [Times: user=0.01 sys=0.00, real=0.01 secs] 
1516.286: [GC (Allocation Failure) [PSYoungGen: 70560K->1376K(70144K)] 398712K->329528K(734208K), 0.0026479 secs] [Times: user=0.01 sys=0.00, real=0.01 secs] 
1517.032: [GC (Allocation Failure) [PSYoungGen: 69984K->1408K(69632K)] 398136K->329560K(733696K), 0.0029762 secs] [Times: user=0.01 sys=0.01, real=0.00 secs] 
1517.821: [GC (Allocation Failure) [PSYoungGen: 69504K->1392K(69120K)] 397656K->329544K(733184K), 0.0023647 secs] [Times: user=0.01 sys=0.00, real=0.00 secs] 
1518.176: [GC (Allocation Failure) [PSYoungGen: 68976K->1488K(68608K)] 397128K->329641K(732672K), 0.0018224 secs] [Times: user=0.01 sys=0.00, real=0.01 secs] 
1518.296: [GC (Allocation Failure) [PSYoungGen: 68553K->1533K(68096K)] 396706K->329686K(732160K), 0.0016476 secs] [Times: user=0.01 sys=0.00, real=0.01 secs] 
1518.412: [GC (Allocation Failure) [PSYoungGen: 68093K->1485K(67584K)] 396246K->329638K(731648K), 0.0015825 secs] [Times: user=0.01 sys=0.00, real=0.00 secs] 
1518.528: [GC (Allocation Failure) [PSYoungGen: 67533K->1517K(71680K)] 395686K->329686K(735744K), 0.0016001 secs] [Times: user=0.01 sys=0.00, real=0.00 secs] 
1520.014: [GC (Allocation Failure) [PSYoungGen: 71149K->1472K(70656K)] 399318K->329640K(734720K), 0.0042641 secs] [Times: user=0.01 sys=0.01, real=0.01 secs] 
1520.637: [GC (Allocation Failure) [PSYoungGen: 70592K->1408K(70144K)] 398760K->329576K(734208K), 0.0024282 secs] [Times: user=0.01 sys=0.00, real=0.01 secs] 
1521.056: [GC (Allocation Failure) [PSYoungGen: 70016K->1392K(69632K)] 398184K->329560K(733696K), 0.0020282 secs] [Times: user=0.01 sys=0.00, real=0.01 secs] 
1521.692: [GC (Allocation Failure) [PSYoungGen: 69488K->1424K(69120K)] 397656K->329592K(733184K), 0.0020193 secs] [Times: user=0.00 sys=0.00, real=0.00 secs] 
1521.988: [GC (Allocation Failure) [PSYoungGen: 69008K->1533K(68608K)] 397176K->329702K(732672K), 0.0015915 secs] [Times: user=0.01 sys=0.00, real=0.00 secs] 
1522.106: [GC (Allocation Failure) [PSYoungGen: 68605K->1472K(68096K)] 396774K->329641K(732160K), 0.0017304 secs] [Times: user=0.00 sys=0.00, real=0.01 secs] 
1522.223: [GC (Allocation Failure) [PSYoungGen: 68032K->1504K(67584K)] 396201K->329697K(731648K), 0.0017219 secs] [Times: user=0.01 sys=0.00, real=0.00 secs] 
1522.341: [GC (Allocation Failure) [PSYoungGen: 67552K->1501K(71168K)] 395745K->329710K(735232K), 0.0015805 secs] [Times: user=0.00 sys=0.00, real=0.00 secs] 
1523.063: [GC (Allocation Failure) [PSYoungGen: 70621K->1440K(70144K)] 398830K->329648K(734208K), 0.0020607 secs] [Times: user=0.01 sys=0.00, real=0.00 secs] 
1523.670: [GC (Allocation Failure) [PSYoungGen: 70048K->1408K(69632K)] 398256K->329616K(733696K), 0.0033320 secs] [Times: user=0.02 sys=0.00, real=0.00 secs] 
1524.283: [GC (Allocation Failure) [PSYoungGen: 69504K->1440K(69120K)] 397712K->329680K(733184K), 0.0027487 secs] [Times: user=0.01 sys=0.00, real=0.00 secs] 
1524.862: [GC (Allocation Failure) [PSYoungGen: 69024K->1408K(68608K)] 397264K->329648K(732672K), 0.0023933 secs] [Times: user=0.01 sys=0.00, real=0.00 secs] 
1525.160: [GC (Allocation Failure) [PSYoungGen: 68480K->1533K(68096K)] 396720K->329798K(732160K), 0.0015142 secs] [Times: user=0.01 sys=0.00, real=0.00 secs] 
1525.277: [GC (Allocation Failure) [PSYoungGen: 68093K->1533K(67584K)] 396358K->329798K(731648K), 0.0016371 secs] [Times: user=0.01 sys=0.00, real=0.01 secs] 
1525.392: [GC (Allocation Failure) [PSYoungGen: 67581K->1533K(67584K)] 395846K->329798K(731648K), 0.0015754 secs] [Times: user=0.01 sys=0.00, real=0.00 secs] 
1525.508: [GC (Allocation Failure) [PSYoungGen: 67581K->1501K(71680K)] 395846K->329782K(735744K), 0.0016748 secs] [Times: user=0.00 sys=0.00, real=0.00 secs] 
1527.169: [GC (Allocation Failure) [PSYoungGen: 71133K->1424K(70656K)] 399414K->329704K(734720K), 0.0029028 secs] [Times: user=0.01 sys=0.00, real=0.00 secs] 
1528.028: [GC (Allocation Failure) [PSYoungGen: 70544K->1376K(70144K)] 398824K->329656K(734208K), 0.0033612 secs] [Times: user=0.01 sys=0.00, real=0.00 secs] 
1528.678: [GC (Allocation Failure) [PSYoungGen: 69984K->1392K(69632K)] 398264K->329672K(733696K), 0.0025948 secs] [Times: user=0.01 sys=0.00, real=0.00 secs] 
1529.641: [GC (Allocation Failure) [PSYoungGen: 69488K->1344K(69120K)] 397768K->329624K(733184K), 0.0036761 secs] [Times: user=0.01 sys=0.00, real=0.00 secs] 
1529.994: [GC (Allocation Failure) [PSYoungGen: 68928K->1485K(68608K)] 397208K->329766K(732672K), 0.0019711 secs] [Times: user=0.00 sys=0.00, real=0.00 secs] 
1530.124: [GC (Allocation Failure) [PSYoungGen: 68557K->1533K(68096K)] 396838K->329814K(732160K), 0.0015991 secs] [Times: user=0.01 sys=0.00, real=0.00 secs] 
1530.247: [GC (GCLocker Initiated GC) [PSYoungGen: 68093K->1504K(67584K)] 396374K->329785K(731648K), 0.0018662 secs] [Times: user=0.01 sys=0.00, real=0.01 secs] 
1530.395: [GC (Allocation Failure) [PSYoungGen: 67552K->1437K(67584K)] 396092K->329993K(731648K), 0.0018262 secs] [Times: user=0.01 sys=0.00, real=0.00 secs] 
1531.426: [GC (Allocation Failure) [PSYoungGen: 67485K->1440K(67584K)] 396041K->330004K(731648K), 0.0026260 secs] [Times: user=0.01 sys=0.00, real=0.01 secs] 
1532.053: [GC (Allocation Failure) [PSYoungGen: 67488K->1408K(67584K)] 396052K->329972K(731648K), 0.0028065 secs] [Times: user=0.01 sys=0.00, real=0.00 secs] 
1533.014: [GC (Allocation Failure) [PSYoungGen: 67456K->1408K(67584K)] 396020K->329972K(731648K), 0.0027523 secs] [Times: user=0.01 sys=0.00, real=0.00 secs] 
1533.828: [GC (Allocation Failure) [PSYoungGen: 67456K->1328K(67584K)] 396020K->329892K(731648K), 0.0029064 secs] [Times: user=0.01 sys=0.00, real=0.00 secs] 
1534.323: [GC (Allocation Failure) [PSYoungGen: 67376K->1504K(67584K)] 395940K->330084K(731648K), 0.0017512 secs] [Times: user=0.01 sys=0.00, real=0.00 secs] 
1534.449: [GC (Allocation Failure) [PSYoungGen: 67540K->1440K(67584K)] 396120K->330020K(731648K), 0.0017346 secs] [Times: user=0.01 sys=0.00, real=0.00 secs] 
1534.566: [GC (Allocation Failure) [PSYoungGen: 67488K->1501K(68096K)] 396068K->330081K(732160K), 0.0015425 secs] [Times: user=0.01 sys=0.00, real=0.01 secs] 
1534.684: [GC (Allocation Failure) [PSYoungGen: 67549K->1501K(68096K)] 396129K->330089K(732160K), 0.0015153 secs] [Times: user=0.01 sys=0.00, real=0.00 secs] 
1536.632: [GC (Allocation Failure) [PSYoungGen: 67549K->1472K(68096K)] 396137K->330076K(732160K), 0.0041897 secs] [Times: user=0.02 sys=0.00, real=0.00 secs] 
1537.443: [GC (Allocation Failure) [PSYoungGen: 67520K->1408K(68096K)] 396124K->330012K(732160K), 0.0030027 secs] [Times: user=0.01 sys=0.01, real=0.00 secs] 
1538.012: [GC (Allocation Failure) [PSYoungGen: 67456K->1440K(68096K)] 396060K->330044K(732160K), 0.0032941 secs] [Times: user=0.01 sys=0.00, real=0.00 secs] 
1538.607: [GC (Allocation Failure) [PSYoungGen: 67488K->1440K(68096K)] 396092K->330052K(732160K), 0.0021739 secs] [Times: user=0.01 sys=0.00, real=0.00 secs] 
1539.065: [GC (Allocation Failure) [PSYoungGen: 67488K->1501K(68096K)] 396100K->330113K(732160K), 0.0019815 secs] [Times: user=0.01 sys=0.00, real=0.01 secs] 
1539.184: [GC (Allocation Failure) [PSYoungGen: 67549K->1501K(68096K)] 396161K->330113K(732160K), 0.0015625 secs] [Times: user=0.01 sys=0.00, real=0.00 secs] 
1539.300: [GC (Allocation Failure) [PSYoungGen: 67549K->1501K(68096K)] 396161K->330129K(732160K), 0.0017339 secs] [Times: user=0.00 sys=0.00, real=0.00 secs] 
1539.416: [GC (Allocation Failure) [PSYoungGen: 67549K->1501K(68096K)] 396177K->330145K(732160K), 0.0016627 secs] [Times: user=0.01 sys=0.00, real=0.01 secs] 
1540.013: [GC (Allocation Failure) [PSYoungGen: 67549K->1472K(67584K)] 396193K->330116K(731648K), 0.0024232 secs] [Times: user=0.01 sys=0.00, real=0.00 secs] 
1540.906: [GC (Allocation Failure) [PSYoungGen: 67520K->1376K(67584K)] 396164K->330020K(731648K), 0.0038303 secs] [Times: user=0.01 sys=0.01, real=0.01 secs] 
1541.673: [GC (Allocation Failure) [PSYoungGen: 67424K->1408K(67584K)] 396068K->330052K(731648K), 0.0040477 secs] [Times: user=0.02 sys=0.00, real=0.01 secs] 
1542.427: [GC (Allocation Failure) [PSYoungGen: 67456K->1408K(67584K)] 396100K->330052K(731648K), 0.0038370 secs] [Times: user=0.02 sys=0.00, real=0.01 secs] 
1543.193: [GC (Allocation Failure) [PSYoungGen: 67456K->1456K(67584K)] 396100K->330100K(731648K), 0.0027136 secs] [Times: user=0.02 sys=0.00, real=0.00 secs] 
1543.414: [GC (Allocation Failure) [PSYoungGen: 67504K->1501K(67584K)] 396148K->330145K(731648K), 0.0021756 secs] [Times: user=0.01 sys=0.00, real=0.00 secs] 
1543.591: [GC (Allocation Failure) [PSYoungGen: 67549K->1501K(67584K)] 396193K->330145K(731648K), 0.0019236 secs] [Times: user=0.01 sys=0.00, real=0.00 secs] 
1543.739: [GC (Allocation Failure) [PSYoungGen: 67549K->1565K(68096K)] 396193K->330217K(732160K), 0.0016085 secs] [Times: user=0.00 sys=0.00, real=0.00 secs] 
1544.002: [GC (Allocation Failure) [PSYoungGen: 67613K->416K(66560K)] 396265K->330092K(730624K), 0.0022274 secs] [Times: user=0.01 sys=0.00, real=0.00 secs] 
1544.277: [GC (Allocation Failure) [PSYoungGen: 66464K->288K(68096K)] 396140K->329980K(732160K), 0.0019788 secs] [Times: user=0.01 sys=0.00, real=0.00 secs] 
1544.552: [GC (Allocation Failure) [PSYoungGen: 66336K->320K(66560K)] 396028K->330012K(730624K), 0.0020972 secs] [Times: user=0.01 sys=0.00, real=0.00 secs] 
1544.955: [GC (Allocation Failure) [PSYoungGen: 66368K->320K(68096K)] 396060K->330012K(732160K), 0.0027882 secs] [Times: user=0.01 sys=0.00, real=0.01 secs] 
1545.285: [GC (Allocation Failure) [PSYoungGen: 66368K->1520K(68608K)] 396060K->331212K(732672K), 0.0020169 secs] [Times: user=0.01 sys=0.00, real=0.01 secs] 
1545.423: [GC (Allocation Failure) [PSYoungGen: 67568K->1469K(68608K)] 397260K->331161K(732672K), 0.0015016 secs] [Times: user=0.01 sys=0.00, real=0.00 secs] 
1545.541: [GC (Allocation Failure) [PSYoungGen: 67517K->1501K(68608K)] 397209K->331193K(732672K), 0.0015255 secs] [Times: user=0.01 sys=0.00, real=0.00 secs] 
1545.658: [GC (Allocation Failure) [PSYoungGen: 67549K->1501K(68608K)] 397241K->331201K(732672K), 0.0015633 secs] [Times: user=0.01 sys=0.00, real=0.00 secs] 
1546.509: [GC (Allocation Failure) [PSYoungGen: 67549K->1440K(67584K)] 397249K->331140K(731648K), 0.0035824 secs] [Times: user=0.01 sys=0.00, real=0.00 secs] 
1547.740: [GC (Allocation Failure) [PSYoungGen: 67488K->1376K(67584K)] 397188K->331076K(731648K), 0.0027894 secs] [Times: user=0.02 sys=0.00, real=0.00 secs] 
1548.478: [GC (Allocation Failure) [PSYoungGen: 67424K->1392K(67584K)] 397124K->331092K(731648K), 0.0027144 secs] [Times: user=0.01 sys=0.01, real=0.00 secs] 
1549.056: [GC (Allocation Failure) [PSYoungGen: 67440K->1392K(67584K)] 397140K->331092K(731648K), 0.0028710 secs] [Times: user=0.01 sys=0.00, real=0.01 secs] 
1549.709: [GC (Allocation Failure) [PSYoungGen: 67440K->1517K(67584K)] 397140K->331217K(731648K), 0.0028652 secs] [Times: user=0.01 sys=0.00, real=0.00 secs] 
1549.889: [GC (Allocation Failure) [PSYoungGen: 67565K->1533K(67584K)] 397265K->331233K(731648K), 0.0016144 secs] [Times: user=0.00 sys=0.00, real=0.00 secs] 
1550.004: [GC (Allocation Failure) [PSYoungGen: 67581K->1565K(68096K)] 397281K->331265K(732160K), 0.0016451 secs] [Times: user=0.00 sys=0.00, real=0.00 secs] 
1550.121: [GC (Allocation Failure) [PSYoungGen: 67613K->1485K(67584K)] 397313K->331209K(731648K), 0.0015747 secs] [Times: user=0.00 sys=0.00, real=0.00 secs] 
1550.376: [GC (Allocation Failure) [PSYoungGen: 67533K->1984K(68608K)] 397257K->331708K(732672K), 0.0020327 secs] [Times: user=0.00 sys=0.00, real=0.01 secs] 
1550.652: [GC (Allocation Failure) [PSYoungGen: 68032K->1392K(68608K)] 397756K->331116K(732672K), 0.0021489 secs] [Times: user=0.01 sys=0.00, real=0.00 secs] 
1550.927: [GC (Allocation Failure) [PSYoungGen: 67440K->1408K(68608K)] 397164K->331132K(732672K), 0.0027098 secs] [Times: user=0.02 sys=0.00, real=0.00 secs] 
1551.203: [GC (Allocation Failure) [PSYoungGen: 67456K->1360K(67584K)] 397180K->331084K(731648K), 0.0023103 secs] [Times: user=0.00 sys=0.00, real=0.00 secs] 
1551.478: [GC (Allocation Failure) [PSYoungGen: 67408K->1408K(68096K)] 397132K->331132K(732160K), 0.0020613 secs] [Times: user=0.01 sys=0.00, real=0.00 secs] 
1551.697: [GC (Allocation Failure) [PSYoungGen: 67456K->1453K(68096K)] 397180K->331177K(732160K), 0.0017184 secs] [Times: user=0.01 sys=0.00, real=0.01 secs] 
1551.829: [GC (Allocation Failure) [PSYoungGen: 67482K->1469K(68096K)] 397207K->331193K(732160K), 0.0048916 secs] [Times: user=0.01 sys=0.00, real=0.00 secs] 
1551.986: [GC (Allocation Failure) [PSYoungGen: 67517K->1536K(68096K)] 397241K->331300K(732160K), 0.0018926 secs] [Times: user=0.01 sys=0.00, real=0.01 secs] 
1552.106: [GC (Allocation Failure) [PSYoungGen: 67584K->1485K(76288K)] 397348K->331249K(740352K), 0.0017101 secs] [Times: user=0.01 sys=0.00, real=0.01 secs] 
1553.315: [GC (Allocation Failure) [PSYoungGen: 75725K->1456K(76288K)] 405489K->331220K(740352K), 0.0035601 secs] [Times: user=0.01 sys=0.00, real=0.01 secs] 
1554.079: [GC (Allocation Failure) [PSYoungGen: 75696K->1408K(83456K)] 405460K->331172K(747520K), 0.0050608 secs] [Times: user=0.02 sys=0.00, real=0.00 secs] 
1554.969: [GC (Allocation Failure) [PSYoungGen: 83328K->1408K(82944K)] 413092K->331196K(747008K), 0.0038278 secs] [Times: user=0.01 sys=0.01, real=0.00 secs] 
1555.656: [GC (Allocation Failure) [PSYoungGen: 82816K->1469K(82432K)] 412604K->331257K(746496K), 0.0017548 secs] [Times: user=0.01 sys=0.00, real=0.01 secs] 
1555.846: [GC (Allocation Failure) [PSYoungGen: 82365K->1533K(81920K)] 412153K->331321K(745984K), 0.0020339 secs] [Times: user=0.01 sys=0.00, real=0.01 secs] 
1556.005: [GC (Allocation Failure) [PSYoungGen: 81917K->1533K(81408K)] 411705K->331321K(745472K), 0.0016443 secs] [Times: user=0.01 sys=0.00, real=0.00 secs] 
1556.488: [GC (Allocation Failure) [PSYoungGen: 81405K->1456K(80896K)] 411193K->331244K(744960K), 0.0025917 secs] [Times: user=0.01 sys=0.00, real=0.00 secs] 
1557.350: [GC (Allocation Failure) [PSYoungGen: 80816K->1440K(80384K)] 410604K->331228K(744448K), 0.0021941 secs] [Times: user=0.01 sys=0.01, real=0.00 secs] 
1558.097: [GC (Allocation Failure) [PSYoungGen: 80288K->1376K(79872K)] 410076K->331164K(743936K), 0.0019626 secs] [Times: user=0.01 sys=0.00, real=0.00 secs] 
1558.842: [GC (Allocation Failure) [PSYoungGen: 79712K->1376K(79360K)] 409500K->331164K(743424K), 0.0022753 secs] [Times: user=0.01 sys=0.00, real=0.00 secs] 
1559.200: [GC (Allocation Failure) [PSYoungGen: 79200K->1469K(78848K)] 408988K->331257K(742912K), 0.0020254 secs] [Times: user=0.01 sys=0.00, real=0.00 secs] 
1559.358: [GC (Allocation Failure) [PSYoungGen: 78781K->1533K(78336K)] 408569K->331321K(742400K), 0.0015851 secs] [Times: user=0.01 sys=0.00, real=0.00 secs] 
1559.493: [GC (Allocation Failure) [PSYoungGen: 78333K->1533K(77824K)] 408121K->331321K(741888K), 0.0018575 secs] [Times: user=0.00 sys=0.00, real=0.00 secs] 
1560.817: [GC (Allocation Failure) [PSYoungGen: 77821K->1472K(77312K)] 407609K->331268K(741376K), 0.0047695 secs] [Times: user=0.01 sys=0.00, real=0.00 secs] 
1562.078: [GC (Allocation Failure) [PSYoungGen: 77248K->1376K(76800K)] 407044K->331172K(740864K), 0.0059905 secs] [Times: user=0.02 sys=0.00, real=0.00 secs] 
1562.585: [GC (Allocation Failure) [PSYoungGen: 76640K->1440K(76288K)] 406436K->331236K(740352K), 0.0020590 secs] [Times: user=0.01 sys=0.00, real=0.01 secs] 
1563.169: [GC (Allocation Failure) [PSYoungGen: 76192K->1424K(75776K)] 405988K->331220K(739840K), 0.0020968 secs] [Times: user=0.00 sys=0.00, real=0.00 secs] 
1563.601: [GC (Allocation Failure) [PSYoungGen: 75664K->1501K(75264K)] 405460K->331297K(739328K), 0.0016023 secs] [Times: user=0.01 sys=0.00, real=0.00 secs] 
1563.730: [GC (Allocation Failure) [PSYoungGen: 75229K->1565K(75264K)] 405025K->331361K(739328K), 0.0016048 secs] [Times: user=0.00 sys=0.00, real=0.00 secs] 
1563.858: [GC (Allocation Failure) [PSYoungGen: 74781K->1504K(74240K)] 404577K->331332K(738304K), 0.0015316 secs] [Times: user=0.01 sys=0.00, real=0.00 secs] 
1563.986: [GC (Allocation Failure) [PSYoungGen: 74208K->397K(72704K)] 404036K->330241K(736768K), 0.0017310 secs] [Times: user=0.01 sys=0.00, real=0.01 secs] 
1564.851: [GC (Allocation Failure) [PSYoungGen: 72589K->1376K(73216K)] 402433K->331220K(737280K), 0.0022370 secs] [Times: user=0.01 sys=0.00, real=0.00 secs] 
1565.193: [GC (Allocation Failure) [PSYoungGen: 73056K->1440K(72704K)] 402900K->331284K(736768K), 0.0020345 secs] [Times: user=0.01 sys=0.00, real=0.00 secs] 
1565.603: [GC (Allocation Failure) [PSYoungGen: 72608K->1440K(72192K)] 402452K->331300K(736256K), 0.0021336 secs] [Times: user=0.01 sys=0.01, real=0.00 secs] 
1566.308: [GC (Allocation Failure) [PSYoungGen: 72096K->1485K(71680K)] 401956K->331345K(735744K), 0.0027602 secs] [Times: user=0.01 sys=0.00, real=0.00 secs] 
1566.486: [GC (Allocation Failure) [PSYoungGen: 71606K->1533K(71168K)] 401466K->331393K(735232K), 0.0017086 secs] [Times: user=0.01 sys=0.00, real=0.01 secs] 
1566.607: [GC (Allocation Failure) [PSYoungGen: 71165K->1533K(70656K)] 401025K->331393K(734720K), 0.0015666 secs] [Times: user=0.01 sys=0.00, real=0.00 secs] 
1566.729: [GC (Allocation Failure) [PSYoungGen: 70653K->1501K(70144K)] 400513K->331361K(734208K), 0.0016496 secs] [Times: user=0.00 sys=0.00, real=0.00 secs] 
1567.295: [GC (Allocation Failure) [PSYoungGen: 70109K->1472K(69632K)] 399969K->331340K(733696K), 0.0022239 secs] [Times: user=0.01 sys=0.00, real=0.01 secs] 
1568.190: [GC (Allocation Failure) [PSYoungGen: 69568K->1408K(69120K)] 399436K->331276K(733184K), 0.0036116 secs] [Times: user=0.01 sys=0.00, real=0.00 secs] 
1568.871: [GC (Allocation Failure) [PSYoungGen: 68992K->1376K(68608K)] 398860K->331244K(732672K), 0.0020705 secs] [Times: user=0.01 sys=0.00, real=0.00 secs] 
1569.506: [GC (Allocation Failure) [PSYoungGen: 68448K->1376K(68096K)] 398316K->331244K(732160K), 0.0025639 secs] [Times: user=0.01 sys=0.00, real=0.01 secs] 
1570.373: [GC (Allocation Failure) [PSYoungGen: 67936K->1437K(67584K)] 397804K->331305K(731648K), 0.0024218 secs] [Times: user=0.01 sys=0.00, real=0.00 secs] 
1570.523: [GC (Allocation Failure) [PSYoungGen: 67485K->1485K(68096K)] 397353K->331353K(732160K), 0.0015693 secs] [Times: user=0.00 sys=0.00, real=0.00 secs] 
1570.640: [GC (Allocation Failure) [PSYoungGen: 67533K->1485K(68096K)] 397401K->331353K(732160K), 0.0015480 secs] [Times: user=0.01 sys=0.00, real=0.00 secs] 
1570.757: [GC (Allocation Failure) [PSYoungGen: 67533K->1533K(68096K)] 397401K->331401K(732160K), 0.0015546 secs] [Times: user=0.01 sys=0.00, real=0.00 secs] 
1571.065: [GC (Allocation Failure) [PSYoungGen: 67581K->1440K(68096K)] 397449K->331308K(732160K), 0.0021039 secs] [Times: user=0.01 sys=0.00, real=0.01 secs] 
1571.384: [GC (Allocation Failure) [PSYoungGen: 67488K->1376K(68096K)] 397356K->331244K(732160K), 0.0020415 secs] [Times: user=0.01 sys=0.00, real=0.00 secs] 
1571.659: [GC (Allocation Failure) [PSYoungGen: 67424K->1392K(68096K)] 397292K->331260K(732160K), 0.0019547 secs] [Times: user=0.00 sys=0.01, real=0.00 secs] 
1571.933: [GC (Allocation Failure) [PSYoungGen: 67440K->1376K(68096K)] 397308K->331244K(732160K), 0.0019510 secs] [Times: user=0.01 sys=0.00, real=0.00 secs] 
1572.253: [GC (Allocation Failure) [PSYoungGen: 67424K->1517K(68096K)] 397292K->331385K(732160K), 0.0019515 secs] [Times: user=0.01 sys=0.00, real=0.00 secs] 
1572.380: [GC (Allocation Failure) [PSYoungGen: 67565K->1536K(68096K)] 397433K->331404K(732160K), 0.0015339 secs] [Times: user=0.00 sys=0.00, real=0.00 secs] 
1572.500: [GC (Allocation Failure) [PSYoungGen: 67584K->1453K(68096K)] 397452K->331321K(732160K), 0.0015185 secs] [Times: user=0.00 sys=0.00, real=0.00 secs] 
1572.616: [GC (Allocation Failure) [PSYoungGen: 67501K->1565K(68096K)] 397369K->331449K(732160K), 0.0015464 secs] [Times: user=0.00 sys=0.01, real=0.01 secs] 
1572.851: [GC (Allocation Failure) [PSYoungGen: 67613K->1984K(68096K)] 397497K->331900K(732160K), 0.0021083 secs] [Times: user=0.01 sys=0.00, real=0.00 secs] 
1573.391: [GC (Allocation Failure) [PSYoungGen: 68032K->1376K(67584K)] 397948K->331292K(731648K), 0.0019858 secs] [Times: user=0.01 sys=0.00, real=0.00 secs] 
1573.881: [GC (Allocation Failure) [PSYoungGen: 67424K->1360K(67584K)] 397340K->331276K(731648K), 0.0023046 secs] [Times: user=0.01 sys=0.00, real=0.00 secs] 
1574.422: [GC (Allocation Failure) [PSYoungGen: 67408K->1344K(67584K)] 397324K->331268K(731648K), 0.0022164 secs] [Times: user=0.01 sys=0.00, real=0.00 secs] 
1575.158: [GC (Allocation Failure) [PSYoungGen: 67392K->1376K(67584K)] 397316K->331300K(731648K), 0.0025128 secs] [Times: user=0.01 sys=0.00, real=0.00 secs] 
1575.577: [GC (Allocation Failure) [PSYoungGen: 67424K->1501K(67584K)] 397348K->331425K(731648K), 0.0015295 secs] [Times: user=0.01 sys=0.00, real=0.00 secs] 
1575.710: [GC (Allocation Failure) [PSYoungGen: 67538K->1520K(67584K)] 397463K->331444K(731648K), 0.0020325 secs] [Times: user=0.01 sys=0.00, real=0.00 secs] 
1575.858: [GC (Allocation Failure) [PSYoungGen: 67568K->1533K(67584K)] 397492K->331465K(731648K), 0.0017385 secs] [Times: user=0.00 sys=0.00, real=0.00 secs] 
1575.980: [GC (Allocation Failure) [PSYoungGen: 67581K->1533K(67584K)] 397513K->331465K(731648K), 0.0016581 secs] [Times: user=0.00 sys=0.00, real=0.00 secs] 
1576.763: [GC (Allocation Failure) [PSYoungGen: 67581K->1376K(67584K)] 397513K->331308K(731648K), 0.0033261 secs] [Times: user=0.02 sys=0.00, real=0.00 secs] 
1577.348: [GC (Allocation Failure) [PSYoungGen: 67424K->1376K(67584K)] 397356K->331308K(731648K), 0.0030031 secs] [Times: user=0.02 sys=0.00, real=0.00 secs] 
1577.670: [GC (Allocation Failure) [PSYoungGen: 67424K->1344K(67584K)] 397356K->331276K(731648K), 0.0019561 secs] [Times: user=0.01 sys=0.00, real=0.00 secs] 
1577.944: [GC (Allocation Failure) [PSYoungGen: 67392K->1424K(67584K)] 397324K->331356K(731648K), 0.0020936 secs] [Times: user=0.00 sys=0.00, real=0.00 secs] 
1578.241: [GC (Allocation Failure) [PSYoungGen: 67472K->1533K(67584K)] 397404K->331465K(731648K), 0.0014868 secs] [Times: user=0.01 sys=0.00, real=0.00 secs] 
1578.357: [GC (Allocation Failure) [PSYoungGen: 67574K->1533K(67584K)] 397506K->331465K(731648K), 0.0016006 secs] [Times: user=0.00 sys=0.00, real=0.01 secs] 
1578.472: [GC (Allocation Failure) [PSYoungGen: 67581K->1533K(68096K)] 397513K->331473K(732160K), 0.0014617 secs] [Times: user=0.00 sys=0.00, real=0.00 secs] 
1578.606: [GC (Allocation Failure) [PSYoungGen: 67581K->1565K(68096K)] 397521K->331505K(732160K), 0.0019415 secs] [Times: user=0.01 sys=0.00, real=0.01 secs] 
1578.977: [GC (Allocation Failure) [PSYoungGen: 67613K->1440K(67584K)] 397553K->331380K(731648K), 0.0022071 secs] [Times: user=0.01 sys=0.00, real=0.01 secs] 
1579.252: [GC (Allocation Failure) [PSYoungGen: 67488K->1440K(67584K)] 397428K->331380K(731648K), 0.0023467 secs] [Times: user=0.00 sys=0.00, real=0.00 secs] 
1579.984: [GC (Allocation Failure) [PSYoungGen: 67488K->1376K(67584K)] 397428K->331316K(731648K), 0.0023133 secs] [Times: user=0.01 sys=0.00, real=0.00 secs] 
1580.622: [GC (Allocation Failure) [PSYoungGen: 67424K->1424K(73728K)] 397364K->331364K(737792K), 0.0378289 secs] [Times: user=0.15 sys=0.04, real=0.04 secs] 
1581.670: [GC (Allocation Failure) [PSYoungGen: 73104K->1472K(77312K)] 403044K->331412K(741376K), 0.0036966 secs] [Times: user=0.01 sys=0.00, real=0.00 secs] 
1581.830: [GC (Allocation Failure) [PSYoungGen: 76736K->1517K(77312K)] 406676K->331465K(741376K), 0.0018056 secs] [Times: user=0.01 sys=0.00, real=0.00 secs] 
1581.961: [GC (Allocation Failure) [PSYoungGen: 76781K->1437K(86528K)] 406729K->331401K(750592K), 0.0016049 secs] [Times: user=0.01 sys=0.00, real=0.00 secs] 
1582.542: [GC (Allocation Failure) [PSYoungGen: 85917K->1440K(86528K)] 415881K->331404K(750592K), 0.0024892 secs] [Times: user=0.01 sys=0.01, real=0.00 secs] 
1583.830: [GC (Allocation Failure) [PSYoungGen: 85920K->1440K(85504K)] 415884K->331404K(749568K), 0.0033458 secs] [Times: user=0.01 sys=0.00, real=0.00 secs] 
1584.795: [GC (Allocation Failure) [PSYoungGen: 85408K->1408K(84992K)] 415372K->331372K(749056K), 0.0025207 secs] [Times: user=0.01 sys=0.00, real=0.01 secs] 
1585.137: [GC (Allocation Failure) [PSYoungGen: 84864K->1376K(84480K)] 414828K->331340K(748544K), 0.0020236 secs] [Times: user=0.00 sys=0.00, real=0.01 secs] 
1585.393: [GC (Allocation Failure) [PSYoungGen: 84320K->1517K(83968K)] 414284K->331481K(748032K), 0.0036917 secs] [Times: user=0.00 sys=0.02, real=0.01 secs] 
1585.539: [GC (Allocation Failure) [PSYoungGen: 83949K->1533K(83456K)] 413913K->331497K(747520K), 0.0015931 secs] [Times: user=0.01 sys=0.00, real=0.00 secs] 
1585.681: [GC (Allocation Failure) [PSYoungGen: 83453K->1533K(82944K)] 413417K->331505K(747008K), 0.0015460 secs] [Times: user=0.01 sys=0.00, real=0.00 secs] 
1586.079: [GC (Allocation Failure) [PSYoungGen: 82941K->1408K(82432K)] 412913K->331380K(746496K), 0.0020329 secs] [Times: user=0.00 sys=0.00, real=0.00 secs] 
1586.415: [GC (Allocation Failure) [PSYoungGen: 82304K->1376K(81920K)] 412276K->331348K(745984K), 0.0020659 secs] [Times: user=0.01 sys=0.00, real=0.01 secs] 
1586.751: [GC (Allocation Failure) [PSYoungGen: 81760K->1408K(81408K)] 411732K->331380K(745472K), 0.0029287 secs] [Times: user=0.01 sys=0.00, real=0.00 secs] 
1587.142: [GC (Allocation Failure) [PSYoungGen: 81280K->1469K(80896K)] 411252K->331441K(744960K), 0.0024385 secs] [Times: user=0.01 sys=0.00, real=0.00 secs] 
1587.378: [GC (Allocation Failure) [PSYoungGen: 80829K->1533K(80384K)] 410801K->331505K(744448K), 0.0016543 secs] [Times: user=0.01 sys=0.00, real=0.00 secs] 
1587.537: [GC (Allocation Failure) [PSYoungGen: 80381K->1501K(79872K)] 410353K->331473K(743936K), 0.0020339 secs] [Times: user=0.00 sys=0.01, real=0.00 secs] 
1587.709: [GC (Allocation Failure) [PSYoungGen: 79837K->1517K(79360K)] 409809K->331489K(743424K), 0.0015498 secs] [Times: user=0.01 sys=0.00, real=0.00 secs] 
1589.197: [GC (Allocation Failure) [PSYoungGen: 79341K->1440K(78848K)] 409313K->331412K(742912K), 0.0033219 secs] [Times: user=0.01 sys=0.00, real=0.01 secs] 
1589.985: [GC (Allocation Failure) [PSYoungGen: 78752K->1376K(78336K)] 408724K->331348K(742400K), 0.0026509 secs] [Times: user=0.00 sys=0.00, real=0.01 secs] 
1590.811: [GC (Allocation Failure) [PSYoungGen: 78176K->1408K(77824K)] 408148K->331380K(741888K), 0.0031329 secs] [Times: user=0.01 sys=0.00, real=0.00 secs] 
1591.611: [GC (Allocation Failure) [PSYoungGen: 77696K->1501K(77312K)] 407668K->331473K(741376K), 0.0023314 secs] [Times: user=0.01 sys=0.00, real=0.00 secs] 
1591.779: [GC (Allocation Failure) [PSYoungGen: 77277K->1533K(76800K)] 407249K->331505K(740864K), 0.0016544 secs] [Times: user=0.00 sys=0.00, real=0.00 secs] 
1591.930: [GC (Allocation Failure) [PSYoungGen: 76797K->1533K(76288K)] 406769K->331505K(740352K), 0.0016682 secs] [Times: user=0.01 sys=0.00, real=0.00 secs] 
1592.065: [GC (Allocation Failure) [PSYoungGen: 76285K->1533K(75776K)] 406257K->331505K(739840K), 0.0016376 secs] [Times: user=0.00 sys=0.00, real=0.01 secs] 
1593.041: [GC (Allocation Failure) [PSYoungGen: 75773K->1408K(75264K)] 405745K->331380K(739328K), 0.0027674 secs] [Times: user=0.01 sys=0.00, real=0.00 secs] 
1593.692: [GC (Allocation Failure) [PSYoungGen: 75136K->1376K(74752K)] 405108K->331356K(738816K), 0.0022355 secs] [Times: user=0.01 sys=0.00, real=0.00 secs] 
1594.247: [GC (Allocation Failure) [PSYoungGen: 74592K->1408K(74240K)] 404572K->331388K(738304K), 0.0020024 secs] [Times: user=0.01 sys=0.00, real=0.00 secs] 
1594.610: [GC (Allocation Failure) [PSYoungGen: 74112K->1469K(73728K)] 404092K->331449K(737792K), 0.0020089 secs] [Times: user=0.01 sys=0.00, real=0.00 secs] 
1594.750: [GC (Allocation Failure) [PSYoungGen: 73661K->1533K(73216K)] 403641K->331545K(737280K), 0.0015264 secs] [Times: user=0.01 sys=0.00, real=0.00 secs] 
1594.875: [GC (Allocation Failure) [PSYoungGen: 73213K->1565K(73216K)] 403225K->331577K(737280K), 0.0016384 secs] [Times: user=0.00 sys=0.00, real=0.00 secs] 
1594.999: [GC (Allocation Failure) [PSYoungGen: 72733K->416K(71168K)] 402745K->331452K(735232K), 0.0016766 secs] [Times: user=0.01 sys=0.00, real=0.00 secs] 
1595.989: [GC (Allocation Failure) [PSYoungGen: 71072K->1408K(72192K)] 402108K->332468K(736256K), 0.0024159 secs] [Times: user=0.01 sys=0.00, real=0.00 secs] 
1596.985: [GC (Allocation Failure) [PSYoungGen: 71552K->1376K(71168K)] 402612K->332452K(735232K), 0.0040232 secs] [Times: user=0.02 sys=0.00, real=0.01 secs] 
1597.687: [GC (Allocation Failure) [PSYoungGen: 71008K->1408K(70656K)] 402084K->332484K(734720K), 0.0026260 secs] [Times: user=0.01 sys=0.01, real=0.00 secs] 
1598.753: [GC (Allocation Failure) [PSYoungGen: 70528K->1312K(70144K)] 401604K->332388K(734208K), 0.0024402 secs] [Times: user=0.01 sys=0.00, real=0.00 secs] 
1599.216: [GC (Allocation Failure) [PSYoungGen: 69920K->1504K(69632K)] 400996K->332580K(733696K), 0.0019677 secs] [Times: user=0.01 sys=0.00, real=0.01 secs] 
1599.353: [GC (Allocation Failure) [PSYoungGen: 69600K->1501K(69120K)] 400676K->332577K(733184K), 0.0015209 secs] [Times: user=0.00 sys=0.00, real=0.00 secs] 
1599.472: [GC (Allocation Failure) [PSYoungGen: 69085K->1533K(68608K)] 400161K->332609K(732672K), 0.0016842 secs] [Times: user=0.00 sys=0.00, real=0.00 secs] 
1599.589: [GC (Allocation Failure) [PSYoungGen: 68605K->1533K(68096K)] 399681K->332633K(732160K), 0.0016325 secs] [Times: user=0.01 sys=0.00, real=0.00 secs] 
1600.170: [GC (Allocation Failure) [PSYoungGen: 68093K->1472K(67584K)] 399193K->332572K(731648K), 0.0021188 secs] [Times: user=0.00 sys=0.00, real=0.00 secs] 
1600.762: [GC (Allocation Failure) [PSYoungGen: 67520K->1408K(67584K)] 398620K->332508K(731648K), 0.0022452 secs] [Times: user=0.01 sys=0.00, real=0.00 secs] 
1601.532: [GC (Allocation Failure) [PSYoungGen: 67456K->1344K(67584K)] 398556K->332444K(731648K), 0.0035208 secs] [Times: user=0.01 sys=0.00, real=0.00 secs] 
1602.324: [GC (Allocation Failure) [PSYoungGen: 67392K->1376K(67584K)] 398492K->332476K(731648K), 0.0022443 secs] [Times: user=0.01 sys=0.00, real=0.00 secs] 
1602.801: [GC (Allocation Failure) [PSYoungGen: 67424K->1469K(67584K)] 398524K->332569K(731648K), 0.0021084 secs] [Times: user=0.01 sys=0.00, real=0.00 secs] 
1602.933: [GC (Allocation Failure) [PSYoungGen: 67517K->1504K(67584K)] 398617K->332636K(731648K), 0.0015160 secs] [Times: user=0.00 sys=0.00, real=0.00 secs] 
1603.049: [GC (Allocation Failure) [PSYoungGen: 67552K->1501K(67584K)] 398684K->332641K(731648K), 0.0016745 secs] [Times: user=0.01 sys=0.00, real=0.00 secs] 
1603.171: [GC (Allocation Failure) [PSYoungGen: 67549K->1472K(67584K)] 398689K->332612K(731648K), 0.0014717 secs] [Times: user=0.00 sys=0.00, real=0.00 secs] 
1604.114: [GC (Allocation Failure) [PSYoungGen: 67520K->1456K(67584K)] 398660K->332596K(731648K), 0.0031083 secs] [Times: user=0.01 sys=0.00, real=0.01 secs] 
1604.987: [GC (Allocation Failure) [PSYoungGen: 67504K->1376K(67584K)] 398644K->332548K(731648K), 0.0031769 secs] [Times: user=0.01 sys=0.00, real=0.01 secs] 
1605.874: [GC (Allocation Failure) [PSYoungGen: 67424K->1376K(67584K)] 398596K->332548K(731648K), 0.0028824 secs] [Times: user=0.02 sys=0.00, real=0.01 secs] 
1606.570: [GC (Allocation Failure) [PSYoungGen: 67424K->1440K(67584K)] 398596K->332612K(731648K), 0.0018886 secs] [Times: user=0.01 sys=0.00, real=0.00 secs] 
1607.154: [GC (Allocation Failure) [PSYoungGen: 67488K->1501K(67584K)] 398660K->332673K(731648K), 0.0020468 secs] [Times: user=0.00 sys=0.00, real=0.00 secs] 
1607.282: [GC (Allocation Failure) [PSYoungGen: 67549K->1501K(67584K)] 398721K->332673K(731648K), 0.0015306 secs] [Times: user=0.01 sys=0.00, real=0.00 secs] 
1607.399: [GC (Allocation Failure) [PSYoungGen: 67549K->1565K(68096K)] 398721K->332737K(732160K), 0.0017159 secs] [Times: user=0.01 sys=0.00, real=0.00 secs] 
1607.515: [GC (Allocation Failure) [PSYoungGen: 67613K->541K(67072K)] 398785K->332753K(731136K), 0.0015912 secs] [Times: user=0.01 sys=0.00, real=0.01 secs] 
1607.923: [GC (Allocation Failure) [PSYoungGen: 66589K->1488K(67584K)] 398801K->333700K(731648K), 0.0024358 secs] [Times: user=0.01 sys=0.00, real=0.00 secs] 
1608.473: [GC (Allocation Failure) [PSYoungGen: 67536K->1408K(67584K)] 399748K->333620K(731648K), 0.0020479 secs] [Times: user=0.01 sys=0.00, real=0.00 secs] 
1609.028: [GC (Allocation Failure) [PSYoungGen: 67456K->1408K(67584K)] 399668K->333620K(731648K), 0.0025121 secs] [Times: user=0.01 sys=0.00, real=0.00 secs] 
1609.516: [GC (Allocation Failure) [PSYoungGen: 67456K->1440K(68096K)] 399668K->333652K(732160K), 0.0027170 secs] [Times: user=0.02 sys=0.00, real=0.01 secs] 
1609.833: [GC (Allocation Failure) [PSYoungGen: 67488K->1456K(68096K)] 399700K->333676K(732160K), 0.0019310 secs] [Times: user=0.00 sys=0.00, real=0.00 secs] 
1610.018: [GC (Allocation Failure) [PSYoungGen: 67504K->1520K(68096K)] 399724K->333740K(732160K), 0.0023319 secs] [Times: user=0.01 sys=0.00, real=0.00 secs] 
1610.175: [GC (Allocation Failure) [PSYoungGen: 67568K->1501K(68096K)] 399788K->333721K(732160K), 0.0015566 secs] [Times: user=0.00 sys=0.00, real=0.00 secs] 
1610.291: [GC (Allocation Failure) [PSYoungGen: 67549K->1533K(68096K)] 399769K->333761K(732160K), 0.0015765 secs] [Times: user=0.01 sys=0.00, real=0.00 secs] 
1610.645: [GC (Allocation Failure) [PSYoungGen: 67581K->1984K(68096K)] 399809K->334724K(732160K), 0.0019557 secs] [Times: user=0.01 sys=0.00, real=0.01 secs] 
1611.533: [GC (Allocation Failure) [PSYoungGen: 68032K->1344K(68096K)] 400772K->334084K(732160K), 0.0032151 secs] [Times: user=0.02 sys=0.00, real=0.00 secs] 
1612.282: [GC (Allocation Failure) [PSYoungGen: 67392K->1376K(68096K)] 400132K->334116K(732160K), 0.0032421 secs] [Times: user=0.02 sys=0.00, real=0.00 secs] 
1613.125: [GC (Allocation Failure) [PSYoungGen: 67424K->1344K(68096K)] 400164K->334092K(732160K), 0.0040641 secs] [Times: user=0.02 sys=0.00, real=0.01 secs] 
1613.900: [GC (Allocation Failure) [PSYoungGen: 67392K->1408K(68096K)] 400140K->334156K(732160K), 0.0032926 secs] [Times: user=0.02 sys=0.00, real=0.00 secs] 
1614.278: [GC (Allocation Failure) [PSYoungGen: 67456K->1501K(68096K)] 400204K->334249K(732160K), 0.0017967 secs] [Times: user=0.01 sys=0.00, real=0.00 secs] 
1614.404: [GC (Allocation Failure) [PSYoungGen: 67549K->1565K(68096K)] 400297K->334313K(732160K), 0.0015850 secs] [Times: user=0.01 sys=0.00, real=0.00 secs] 
1614.520: [GC (Allocation Failure) [PSYoungGen: 67613K->1453K(68096K)] 400361K->334225K(732160K), 0.0015763 secs] [Times: user=0.01 sys=0.00, real=0.00 secs] 
1614.636: [GC (Allocation Failure) [PSYoungGen: 67501K->1501K(68096K)] 400273K->334273K(732160K), 0.0015369 secs] [Times: user=0.01 sys=0.00, real=0.01 secs] 
1615.204: [GC (Allocation Failure) [PSYoungGen: 67549K->1424K(68096K)] 400321K->334196K(732160K), 0.0020074 secs] [Times: user=0.01 sys=0.00, real=0.00 secs] 
1615.747: [GC (Allocation Failure) [PSYoungGen: 67472K->1408K(68096K)] 400244K->334180K(732160K), 0.0018747 secs] [Times: user=0.00 sys=0.00, real=0.00 secs] 
1616.309: [GC (Allocation Failure) [PSYoungGen: 67456K->1376K(68096K)] 400228K->334148K(732160K), 0.0023212 secs] [Times: user=0.01 sys=0.00, real=0.00 secs] 
1616.875: [GC (Allocation Failure) [PSYoungGen: 67424K->1376K(68096K)] 400196K->334148K(732160K), 0.0019914 secs] [Times: user=0.01 sys=0.00, real=0.01 secs] 
1617.259: [GC (Allocation Failure) [PSYoungGen: 67424K->1501K(68096K)] 400196K->334273K(732160K), 0.0017833 secs] [Times: user=0.01 sys=0.00, real=0.00 secs] 
1617.380: [GC (Allocation Failure) [PSYoungGen: 67549K->1533K(68096K)] 400321K->334305K(732160K), 0.0014889 secs] [Times: user=0.01 sys=0.00, real=0.00 secs] 
1617.497: [GC (Allocation Failure) [PSYoungGen: 67581K->1533K(68096K)] 400353K->334321K(732160K), 0.0016271 secs] [Times: user=0.00 sys=0.00, real=0.01 secs] 
1617.614: [GC (Allocation Failure) [PSYoungGen: 67581K->1533K(68096K)] 400369K->334321K(732160K), 0.0015156 secs] [Times: user=0.01 sys=0.00, real=0.00 secs] 
1618.335: [GC (Allocation Failure) [PSYoungGen: 67581K->1392K(68096K)] 400369K->334180K(732160K), 0.0024883 secs] [Times: user=0.01 sys=0.00, real=0.01 secs] 
1619.067: [GC (Allocation Failure) [PSYoungGen: 67440K->1408K(68096K)] 400228K->334196K(732160K), 0.0026301 secs] [Times: user=0.01 sys=0.00, real=0.00 secs] 
1620.065: [GC (Allocation Failure) [PSYoungGen: 67456K->1408K(68096K)] 400244K->334196K(732160K), 0.0028934 secs] [Times: user=0.02 sys=0.00, real=0.01 secs] 
1620.889: [GC (Allocation Failure) [PSYoungGen: 67456K->1344K(68096K)] 400244K->334132K(732160K), 0.0032814 secs] [Times: user=0.01 sys=0.00, real=0.00 secs] 
1621.349: [GC (Allocation Failure) [PSYoungGen: 67392K->1485K(68096K)] 400180K->334273K(732160K), 0.0018858 secs] [Times: user=0.01 sys=0.00, real=0.00 secs] 
1621.479: [GC (Allocation Failure) [PSYoungGen: 67533K->1469K(68096K)] 400321K->334257K(732160K), 0.0014945 secs] [Times: user=0.01 sys=0.00, real=0.00 secs] 
1621.612: [GC (Allocation Failure) [PSYoungGen: 67517K->1533K(68096K)] 400305K->334321K(732160K), 0.0016603 secs] [Times: user=0.01 sys=0.00, real=0.00 secs] 
1621.757: [GC (Allocation Failure) [PSYoungGen: 67581K->1565K(68096K)] 400369K->334361K(732160K), 0.0015967 secs] [Times: user=0.01 sys=0.00, real=0.00 secs] 
1622.466: [GC (Allocation Failure) [PSYoungGen: 67613K->1456K(68096K)] 400409K->334252K(732160K), 0.0025748 secs] [Times: user=0.01 sys=0.00, real=0.01 secs] 
1623.292: [GC (Allocation Failure) [PSYoungGen: 67504K->1360K(68096K)] 400300K->334156K(732160K), 0.0022116 secs] [Times: user=0.01 sys=0.00, real=0.00 secs] 
1624.236: [GC (Allocation Failure) [PSYoungGen: 67408K->1376K(68096K)] 400204K->334172K(732160K), 0.0026563 secs] [Times: user=0.01 sys=0.00, real=0.01 secs] 
1625.739: [GC (Allocation Failure) [PSYoungGen: 67424K->1488K(68096K)] 400220K->334284K(732160K), 0.0022466 secs] [Times: user=0.01 sys=0.00, real=0.00 secs] 
1625.862: [GC (Allocation Failure) [PSYoungGen: 67515K->1488K(68096K)] 400311K->334284K(732160K), 0.0019849 secs] [Times: user=0.00 sys=0.00, real=0.00 secs] 
1625.982: [GC (Allocation Failure) [PSYoungGen: 67536K->1533K(68096K)] 400332K->334329K(732160K), 0.0021086 secs] [Times: user=0.01 sys=0.00, real=0.00 secs] 
1626.114: [GC (Allocation Failure) [PSYoungGen: 67581K->1501K(68096K)] 400377K->334313K(732160K), 0.0023929 secs] [Times: user=0.01 sys=0.00, real=0.00 secs] 
1626.580: [GC (Allocation Failure) [PSYoungGen: 67549K->1424K(68096K)] 400361K->334236K(732160K), 0.0020685 secs] [Times: user=0.00 sys=0.00, real=0.00 secs] 
1626.855: [GC (Allocation Failure) [PSYoungGen: 67472K->1392K(67584K)] 400284K->334204K(731648K), 0.0019768 secs] [Times: user=0.01 sys=0.00, real=0.00 secs] 
1627.129: [GC (Allocation Failure) [PSYoungGen: 67440K->1360K(67584K)] 400252K->334172K(731648K), 0.0022999 secs] [Times: user=0.01 sys=0.00, real=0.00 secs] 
1627.404: [GC (Allocation Failure) [PSYoungGen: 67408K->1344K(67584K)] 400220K->334156K(731648K), 0.0018328 secs] [Times: user=0.01 sys=0.00, real=0.00 secs] 
1627.631: [GC (Allocation Failure) [PSYoungGen: 67392K->1533K(67584K)] 400204K->334345K(731648K), 0.0015448 secs] [Times: user=0.01 sys=0.00, real=0.00 secs] 
1627.746: [GC (Allocation Failure) [PSYoungGen: 67581K->1453K(67584K)] 400393K->334265K(731648K), 0.0015552 secs] [Times: user=0.01 sys=0.00, real=0.01 secs] 
1627.863: [GC (Allocation Failure) [PSYoungGen: 67470K->1504K(72704K)] 400282K->334316K(736768K), 0.0015542 secs] [Times: user=0.00 sys=0.00, real=0.00 secs] 
1627.990: [GC (Allocation Failure) [PSYoungGen: 72160K->1533K(75264K)] 404972K->334345K(739328K), 0.0015507 secs] [Times: user=0.01 sys=0.00, real=0.00 secs] 
1628.294: [GC (Allocation Failure) [PSYoungGen: 74749K->1440K(74240K)] 407561K->334260K(738304K), 0.0018588 secs] [Times: user=0.01 sys=0.00, real=0.00 secs] 
1628.596: [GC (Allocation Failure) [PSYoungGen: 74144K->1344K(73728K)] 406964K->334164K(737792K), 0.0018798 secs] [Times: user=0.01 sys=0.01, real=0.01 secs] 
1628.949: [GC (Allocation Failure) [PSYoungGen: 73536K->1392K(73216K)] 406356K->334212K(737280K), 0.0019560 secs] [Times: user=0.01 sys=0.00, real=0.00 secs] 
1629.247: [GC (Allocation Failure) [PSYoungGen: 73072K->1344K(72704K)] 405892K->334164K(736768K), 0.0019864 secs] [Times: user=0.01 sys=0.00, real=0.00 secs] 
1629.565: [GC (Allocation Failure) [PSYoungGen: 72512K->1501K(72192K)] 405332K->334321K(736256K), 0.0016538 secs] [Times: user=0.01 sys=0.00, real=0.01 secs] 
1629.690: [GC (Allocation Failure) [PSYoungGen: 72157K->1501K(71680K)] 404977K->334321K(735744K), 0.0016725 secs] [Times: user=0.01 sys=0.00, real=0.00 secs] 
1629.812: [GC (Allocation Failure) [PSYoungGen: 71637K->1533K(71168K)] 404457K->334353K(735232K), 0.0016984 secs] [Times: user=0.00 sys=0.00, real=0.00 secs] 
1630.665: [GC (Allocation Failure) [PSYoungGen: 71165K->1408K(70656K)] 403985K->334236K(734720K), 0.0041376 secs] [Times: user=0.01 sys=0.00, real=0.01 secs] 
1631.297: [GC (Allocation Failure) [PSYoungGen: 70528K->1360K(70144K)] 403356K->334188K(734208K), 0.0026712 secs] [Times: user=0.01 sys=0.00, real=0.00 secs] 
1631.571: [GC (Allocation Failure) [PSYoungGen: 69968K->1344K(69632K)] 402796K->334172K(733696K), 0.0020279 secs] [Times: user=0.01 sys=0.00, real=0.00 secs] 
1631.854: [GC (Allocation Failure) [PSYoungGen: 69440K->1376K(69120K)] 402268K->334204K(733184K), 0.0019805 secs] [Times: user=0.01 sys=0.00, real=0.00 secs] 
1632.142: [GC (Allocation Failure) [PSYoungGen: 68960K->1501K(68608K)] 401788K->334345K(732672K), 0.0016802 secs] [Times: user=0.01 sys=0.00, real=0.00 secs] 
1632.261: [GC (Allocation Failure) [PSYoungGen: 68573K->1501K(68096K)] 401417K->334345K(732160K), 0.0016117 secs] [Times: user=0.01 sys=0.00, real=0.00 secs] 
1632.377: [GC (Allocation Failure) [PSYoungGen: 68061K->1453K(67584K)] 400905K->334297K(731648K), 0.0016006 secs] [Times: user=0.01 sys=0.00, real=0.00 secs] 
1632.509: [GC (Allocation Failure) [PSYoungGen: 67501K->1533K(68096K)] 400345K->334377K(732160K), 0.0017428 secs] [Times: user=0.01 sys=0.00, real=0.00 secs] 
1633.305: [GC (Allocation Failure) [PSYoungGen: 67581K->1424K(67584K)] 400425K->334268K(731648K), 0.0025697 secs] [Times: user=0.01 sys=0.00, real=0.01 secs] 
1634.233: [GC (Allocation Failure) [PSYoungGen: 67472K->1344K(67584K)] 400316K->334188K(731648K), 0.0022108 secs] [Times: user=0.01 sys=0.00, real=0.00 secs] 
1634.522: [GC (Allocation Failure) [PSYoungGen: 67392K->1376K(67584K)] 400236K->334220K(731648K), 0.0017410 secs] [Times: user=0.01 sys=0.00, real=0.00 secs] 
1635.072: [GC (Allocation Failure) [PSYoungGen: 67424K->1376K(67584K)] 400268K->334220K(731648K), 0.0022916 secs] [Times: user=0.01 sys=0.00, real=0.00 secs] 
1635.897: [GC (Allocation Failure) [PSYoungGen: 67424K->1389K(67584K)] 400268K->334233K(731648K), 0.0037418 secs] [Times: user=0.02 sys=0.00, real=0.00 secs] 
1636.124: [GC (Allocation Failure) [PSYoungGen: 67437K->1469K(67584K)] 400281K->334313K(731648K), 0.0021267 secs] [Times: user=0.01 sys=0.00, real=0.00 secs] 
1636.249: [GC (Allocation Failure) [PSYoungGen: 67502K->1488K(67584K)] 400347K->334332K(731648K), 0.0015114 secs] [Times: user=0.00 sys=0.00, real=0.00 secs] 
1636.366: [GC (Allocation Failure) [PSYoungGen: 67536K->1533K(67584K)] 400380K->334385K(731648K), 0.0017427 secs] [Times: user=0.01 sys=0.01, real=0.01 secs] 
1636.818: [GC (Allocation Failure) [PSYoungGen: 67581K->1408K(67584K)] 400433K->334260K(731648K), 0.0019517 secs] [Times: user=0.01 sys=0.00, real=0.00 secs] 
1637.094: [GC (Allocation Failure) [PSYoungGen: 67456K->1408K(67584K)] 400308K->334260K(731648K), 0.0021322 secs] [Times: user=0.01 sys=0.00, real=0.00 secs] 
1637.369: [GC (Allocation Failure) [PSYoungGen: 67456K->1344K(67584K)] 400308K->334196K(731648K), 0.0018992 secs] [Times: user=0.01 sys=0.00, real=0.00 secs] 
1637.643: [GC (Allocation Failure) [PSYoungGen: 67392K->1392K(67584K)] 400244K->334244K(731648K), 0.0020662 secs] [Times: user=0.01 sys=0.00, real=0.00 secs] 
1637.918: [GC (Allocation Failure) [PSYoungGen: 67440K->1376K(67584K)] 400292K->334228K(731648K), 0.0023588 secs] [Times: user=0.01 sys=0.00, real=0.00 secs] 
1638.180: [GC (Allocation Failure) [PSYoungGen: 67424K->1485K(67584K)] 400276K->334337K(731648K), 0.0042101 secs] [Times: user=0.02 sys=0.00, real=0.00 secs] 
1638.314: [GC (Allocation Failure) [PSYoungGen: 67533K->1501K(68096K)] 400385K->334353K(732160K), 0.0015822 secs] [Times: user=0.01 sys=0.00, real=0.00 secs] 
1638.432: [GC (Allocation Failure) [PSYoungGen: 67549K->1472K(68096K)] 400401K->334340K(732160K), 0.0015560 secs] [Times: user=0.01 sys=0.00, real=0.00 secs] 
1638.549: [GC (Allocation Failure) [PSYoungGen: 67520K->160K(75264K)] 400388K->333028K(739328K), 0.0015418 secs] [Times: user=0.01 sys=0.00, real=0.00 secs] 
1638.866: [GC (Allocation Failure) [PSYoungGen: 73376K->1440K(75264K)] 406244K->334308K(739328K), 0.0026107 secs] [Times: user=0.01 sys=0.00, real=0.01 secs] 
1639.167: [GC (Allocation Failure) [PSYoungGen: 74656K->1408K(74240K)] 407524K->334276K(738304K), 0.0018771 secs] [Times: user=0.00 sys=0.00, real=0.00 secs] 
1639.470: [GC (Allocation Failure) [PSYoungGen: 74112K->1424K(73728K)] 406980K->334292K(737792K), 0.0020615 secs] [Times: user=0.00 sys=0.00, real=0.00 secs] 
1639.770: [GC (Allocation Failure) [PSYoungGen: 73616K->1440K(73216K)] 406484K->334308K(737280K), 0.0019077 secs] [Times: user=0.00 sys=0.00, real=0.00 secs] 
1639.897: [GC (Allocation Failure) [PSYoungGen: 73120K->1533K(72704K)] 405988K->334401K(736768K), 0.0015556 secs] [Times: user=0.01 sys=0.00, real=0.00 secs] 
1640.022: [GC (Allocation Failure) [PSYoungGen: 72701K->1533K(72192K)] 405569K->334433K(736256K), 0.0015926 secs] [Times: user=0.01 sys=0.00, real=0.00 secs] 
1640.146: [GC (Allocation Failure) [PSYoungGen: 72189K->1517K(80384K)] 405089K->334425K(744448K), 0.0014295 secs] [Times: user=0.01 sys=0.00, real=0.01 secs] 
1641.704: [GC (Allocation Failure) [PSYoungGen: 79853K->1456K(79360K)] 412761K->334364K(743424K), 0.0037659 secs] [Times: user=0.02 sys=0.00, real=0.01 secs] 
1643.765: [GC (Allocation Failure) [PSYoungGen: 79280K->1376K(78848K)] 412188K->334284K(742912K), 0.0032393 secs] [Times: user=0.01 sys=0.00, real=0.01 secs] 
1644.957: [GC (Allocation Failure) [PSYoungGen: 78688K->1408K(78336K)] 411596K->334332K(742400K), 0.0028650 secs] [Times: user=0.01 sys=0.00, real=0.01 secs] 
1647.948: [GC (Allocation Failure) [PSYoungGen: 78208K->1392K(77824K)] 411132K->334316K(741888K), 0.0040141 secs] [Times: user=0.02 sys=0.00, real=0.00 secs] 
1648.316: [GC (Allocation Failure) [PSYoungGen: 77680K->1568K(77824K)] 410604K->334492K(741888K), 0.0021674 secs] [Times: user=0.01 sys=0.00, real=0.01 secs] 
1648.493: [GC (Allocation Failure) [PSYoungGen: 77344K->1472K(76800K)] 410268K->334396K(740864K), 0.0020857 secs] [Times: user=0.01 sys=0.00, real=0.00 secs] 
1648.661: [GC (Allocation Failure) [PSYoungGen: 76736K->1501K(76288K)] 409660K->334425K(740352K), 0.0019165 secs] [Times: user=0.00 sys=0.00, real=0.00 secs] 
1649.018: [GC (Allocation Failure) [PSYoungGen: 76253K->1440K(75776K)] 409177K->334364K(739840K), 0.0022378 secs] [Times: user=0.01 sys=0.00, real=0.00 secs] 
1649.327: [GC (Allocation Failure) [PSYoungGen: 75680K->1408K(75264K)] 408604K->334332K(739328K), 0.0019020 secs] [Times: user=0.01 sys=0.00, real=0.01 secs] 
1649.750: [GC (Allocation Failure) [PSYoungGen: 75136K->1360K(74752K)] 408060K->334284K(738816K), 0.0019219 secs] [Times: user=0.01 sys=0.00, real=0.00 secs] 
1650.312: [GC (Allocation Failure) [PSYoungGen: 74576K->1408K(74240K)] 407500K->334332K(738304K), 0.0019936 secs] [Times: user=0.01 sys=0.00, real=0.00 secs] 
1650.730: [GC (Allocation Failure) [PSYoungGen: 74112K->1469K(73728K)] 407036K->334393K(737792K), 0.0020841 secs] [Times: user=0.01 sys=0.00, real=0.00 secs] 
1650.878: [GC (Allocation Failure) [PSYoungGen: 73661K->1533K(73216K)] 406585K->334489K(737280K), 0.0015438 secs] [Times: user=0.00 sys=0.00, real=0.00 secs] 
1651.003: [GC (Allocation Failure) [PSYoungGen: 73186K->1501K(72704K)] 406142K->334457K(736768K), 0.0016116 secs] [Times: user=0.01 sys=0.00, real=0.00 secs] 
1651.255: [GC (Allocation Failure) [PSYoungGen: 72669K->1456K(72192K)] 405625K->334412K(736256K), 0.0020780 secs] [Times: user=0.01 sys=0.00, real=0.00 secs] 
1651.786: [GC (Allocation Failure) [PSYoungGen: 72112K->1408K(71680K)] 405068K->334364K(735744K), 0.0020122 secs] [Times: user=0.00 sys=0.00, real=0.01 secs] 
1652.078: [GC (Allocation Failure) [PSYoungGen: 71552K->1376K(71168K)] 404508K->334332K(735232K), 0.0019105 secs] [Times: user=0.01 sys=0.00, real=0.00 secs] 
1652.438: [GC (Allocation Failure) [PSYoungGen: 71008K->1376K(70656K)] 403964K->334332K(734720K), 0.0018404 secs] [Times: user=0.01 sys=0.00, real=0.00 secs] 
1652.881: [GC (Allocation Failure) [PSYoungGen: 70496K->1469K(70144K)] 403452K->334449K(734208K), 0.0019588 secs] [Times: user=0.01 sys=0.00, real=0.00 secs] 
1653.009: [GC (Allocation Failure) [PSYoungGen: 70077K->1469K(69632K)] 403057K->334449K(733696K), 0.0016086 secs] [Times: user=0.00 sys=0.00, real=0.00 secs] 
1653.128: [GC (Allocation Failure) [PSYoungGen: 69565K->1533K(69120K)] 402545K->334537K(733184K), 0.0015522 secs] [Times: user=0.00 sys=0.00, real=0.00 secs] 
1653.246: [GC (Allocation Failure) [PSYoungGen: 69117K->1469K(68608K)] 402121K->334481K(732672K), 0.0015780 secs] [Times: user=0.00 sys=0.00, real=0.01 secs] 
1653.540: [GC (Allocation Failure) [PSYoungGen: 68541K->1472K(68096K)] 401553K->334484K(732160K), 0.0018517 secs] [Times: user=0.01 sys=0.00, real=0.00 secs] 
1654.154: [GC (Allocation Failure) [PSYoungGen: 68032K->1344K(67584K)] 401044K->334356K(731648K), 0.0020031 secs] [Times: user=0.01 sys=0.00, real=0.00 secs] 
1654.429: [GC (Allocation Failure) [PSYoungGen: 67392K->1376K(67584K)] 400404K->334388K(731648K), 0.0021004 secs] [Times: user=0.01 sys=0.00, real=0.00 secs] 
1654.704: [GC (Allocation Failure) [PSYoungGen: 67424K->1408K(68096K)] 400436K->334420K(732160K), 0.0022595 secs] [Times: user=0.01 sys=0.00, real=0.00 secs] 
1654.995: [GC (Allocation Failure) [PSYoungGen: 67456K->1485K(68096K)] 400468K->334497K(732160K), 0.0018440 secs] [Times: user=0.01 sys=0.00, real=0.00 secs] 
1655.129: [GC (Allocation Failure) [PSYoungGen: 67533K->1501K(68096K)] 400545K->334513K(732160K), 0.0015178 secs] [Times: user=0.01 sys=0.00, real=0.00 secs] 
1655.245: [GC (Allocation Failure) [PSYoungGen: 67549K->1533K(68096K)] 400561K->334545K(732160K), 0.0015200 secs] [Times: user=0.01 sys=0.00, real=0.00 secs] 
1655.361: [GC (Allocation Failure) [PSYoungGen: 67581K->1472K(68096K)] 400593K->334500K(732160K), 0.0015475 secs] [Times: user=0.01 sys=0.00, real=0.00 secs] 
1655.529: [GC (Allocation Failure) [PSYoungGen: 67520K->1440K(75264K)] 400548K->334468K(739328K), 0.0016660 secs] [Times: user=0.00 sys=0.00, real=0.00 secs] 
1655.833: [GC (Allocation Failure) [PSYoungGen: 74656K->1408K(74240K)] 407684K->334436K(738304K), 0.0016580 secs] [Times: user=0.00 sys=0.00, real=0.00 secs] 
1656.343: [GC (Allocation Failure) [PSYoungGen: 74112K->1408K(73728K)] 407140K->334436K(737792K), 0.0023635 secs] [Times: user=0.01 sys=0.00, real=0.00 secs] 
1656.903: [GC (Allocation Failure) [PSYoungGen: 73600K->1408K(73216K)] 406628K->334436K(737280K), 0.0034090 secs] [Times: user=0.01 sys=0.00, real=0.00 secs] 
1657.486: [GC (Allocation Failure) [PSYoungGen: 73088K->1488K(72704K)] 406116K->334516K(736768K), 0.0022505 secs] [Times: user=0.01 sys=0.00, real=0.01 secs] 
1657.648: [GC (Allocation Failure) [PSYoungGen: 72656K->1533K(72192K)] 405684K->334561K(736256K), 0.0016032 secs] [Times: user=0.01 sys=0.00, real=0.00 secs] 
1657.773: [GC (Allocation Failure) [PSYoungGen: 72189K->1501K(71680K)] 405217K->334529K(735744K), 0.0015985 secs] [Times: user=0.01 sys=0.00, real=0.00 secs] 
1657.895: [GC (Allocation Failure) [PSYoungGen: 71617K->1536K(71680K)] 404645K->334580K(735744K), 0.0015279 secs] [Times: user=0.01 sys=0.00, real=0.01 secs] 
1660.007: [GC (Allocation Failure) [PSYoungGen: 71168K->1456K(70656K)] 404212K->334500K(734720K), 0.0026493 secs] [Times: user=0.01 sys=0.00, real=0.00 secs] 
1660.798: [GC (Allocation Failure) [PSYoungGen: 70576K->1360K(70144K)] 403620K->334404K(734208K), 0.0023803 secs] [Times: user=0.01 sys=0.00, real=0.00 secs] 
1661.531: [GC (Allocation Failure) [PSYoungGen: 69968K->1408K(69632K)] 403012K->334452K(733696K), 0.0020879 secs] [Times: user=0.01 sys=0.00, real=0.00 secs] 
1662.390: [GC (Allocation Failure) [PSYoungGen: 69504K->1344K(69120K)] 402548K->334388K(733184K), 0.0026393 secs] [Times: user=0.00 sys=0.00, real=0.00 secs] 
1662.819: [GC (Allocation Failure) [PSYoungGen: 68928K->1501K(68608K)] 401972K->334545K(732672K), 0.0017345 secs] [Times: user=0.01 sys=0.00, real=0.00 secs] 
1662.938: [GC (Allocation Failure) [PSYoungGen: 68573K->1568K(68608K)] 401617K->334612K(732672K), 0.0017051 secs] [Times: user=0.01 sys=0.00, real=0.00 secs] 
1663.071: [GC (Allocation Failure) [PSYoungGen: 68128K->477K(66560K)] 401172K->334545K(730624K), 0.0019205 secs] [Times: user=0.01 sys=0.00, real=0.00 secs] 
1663.227: [GC (Allocation Failure) [PSYoungGen: 66525K->397K(68096K)] 400593K->334473K(732160K), 0.0020676 secs] [Times: user=0.01 sys=0.00, real=0.00 secs] 
1663.496: [GC (Allocation Failure) [PSYoungGen: 66445K->1440K(68096K)] 400521K->335516K(732160K), 0.0021450 secs] [Times: user=0.01 sys=0.00, real=0.01 secs] 
1663.884: [GC (Allocation Failure) [PSYoungGen: 67488K->1392K(68096K)] 401564K->335468K(732160K), 0.0019509 secs] [Times: user=0.01 sys=0.00, real=0.00 secs] 
1664.401: [GC (Allocation Failure) [PSYoungGen: 67440K->1408K(68096K)] 401516K->335484K(732160K), 0.0018378 secs] [Times: user=0.01 sys=0.00, real=0.00 secs] 
1664.913: [GC (Allocation Failure) [PSYoungGen: 67456K->1376K(68096K)] 401532K->335452K(732160K), 0.0020738 secs] [Times: user=0.01 sys=0.00, real=0.00 secs] 
1665.298: [GC (Allocation Failure) [PSYoungGen: 67424K->1536K(68096K)] 401500K->335636K(732160K), 0.0020294 secs] [Times: user=0.01 sys=0.00, real=0.00 secs] 
1665.420: [GC (Allocation Failure) [PSYoungGen: 67584K->1533K(68096K)] 401684K->335633K(732160K), 0.0015092 secs] [Times: user=0.01 sys=0.00, real=0.00 secs] 
1665.535: [GC (Allocation Failure) [PSYoungGen: 67581K->1469K(68096K)] 401681K->335569K(732160K), 0.0015397 secs] [Times: user=0.01 sys=0.00, real=0.01 secs] 
1665.651: [GC (Allocation Failure) [PSYoungGen: 67517K->1501K(68096K)] 401617K->335609K(732160K), 0.0015849 secs] [Times: user=0.00 sys=0.00, real=0.00 secs] 
1665.853: [GC (Allocation Failure) [PSYoungGen: 67549K->1440K(67584K)] 401657K->335548K(731648K), 0.0018186 secs] [Times: user=0.01 sys=0.00, real=0.00 secs] 
1666.128: [GC (Allocation Failure) [PSYoungGen: 67488K->1408K(67584K)] 401596K->335516K(731648K), 0.0021821 secs] [Times: user=0.01 sys=0.00, real=0.00 secs] 
1666.402: [GC (Allocation Failure) [PSYoungGen: 67456K->1376K(67584K)] 401564K->335484K(731648K), 0.0015034 secs] [Times: user=0.01 sys=0.00, real=0.00 secs] 
1666.677: [GC (Allocation Failure) [PSYoungGen: 67424K->1424K(73728K)] 401532K->335532K(737792K), 0.0052549 secs] [Times: user=0.01 sys=0.02, real=0.01 secs] 
1667.024: [GC (Allocation Failure) [PSYoungGen: 73104K->1549K(73216K)] 407212K->335657K(737280K), 0.0022884 secs] [Times: user=0.01 sys=0.00, real=0.00 secs] 
1667.189: [GC (Allocation Failure) [PSYoungGen: 72717K->1517K(72192K)] 406825K->335625K(736256K), 0.0017080 secs] [Times: user=0.00 sys=0.00, real=0.00 secs] 
1667.314: [GC (Allocation Failure) [PSYoungGen: 72173K->541K(73728K)] 406281K->335673K(737792K), 0.0015143 secs] [Times: user=0.01 sys=0.00, real=0.00 secs] 
1667.441: [GC (Allocation Failure) [PSYoungGen: 73245K->461K(74752K)] 408377K->335609K(738816K), 0.0016374 secs] [Times: user=0.01 sys=0.00, real=0.00 secs] 
1667.725: [GC (Allocation Failure) [PSYoungGen: 73165K->1440K(81920K)] 408313K->336588K(745984K), 0.0028163 secs] [Times: user=0.01 sys=0.00, real=0.01 secs] 
1668.056: [GC (Allocation Failure) [PSYoungGen: 81824K->1408K(82432K)] 416972K->336556K(746496K), 0.0054029 secs] [Times: user=0.01 sys=0.03, real=0.01 secs] 
1668.394: [GC (Allocation Failure) [PSYoungGen: 81792K->1440K(90624K)] 416940K->336588K(754688K), 0.0017036 secs] [Times: user=0.00 sys=0.00, real=0.00 secs] 
1669.100: [GC (Allocation Failure) [PSYoungGen: 90528K->1472K(90112K)] 425676K->336620K(754176K), 0.0018491 secs] [Times: user=0.01 sys=0.00, real=0.00 secs] 
1669.267: [GC (Allocation Failure) [PSYoungGen: 90048K->1536K(90112K)] 425196K->336684K(754176K), 0.0017515 secs] [Times: user=0.01 sys=0.00, real=0.01 secs] 
1669.423: [GC (Allocation Failure) [PSYoungGen: 89600K->1517K(89088K)] 424748K->336665K(753152K), 0.0018156 secs] [Times: user=0.01 sys=0.00, real=0.00 secs] 
1670.824: [GC (Allocation Failure) [PSYoungGen: 89069K->1472K(88576K)] 424217K->336620K(752640K), 0.0046062 secs] [Times: user=0.02 sys=0.00, real=0.01 secs] 
1671.281: [GC (Allocation Failure) [PSYoungGen: 88512K->1376K(88064K)] 423660K->336532K(752128K), 0.0020557 secs] [Times: user=0.01 sys=0.00, real=0.00 secs] 
1672.052: [GC (Allocation Failure) [PSYoungGen: 87904K->1376K(87552K)] 423060K->336532K(751616K), 0.0026530 secs] [Times: user=0.01 sys=0.00, real=0.00 secs] 
1672.957: [GC (Allocation Failure) [PSYoungGen: 87392K->1424K(87040K)] 422548K->336580K(751104K), 0.0028302 secs] [Times: user=0.01 sys=0.01, real=0.01 secs] 
1673.166: [GC (Allocation Failure) [PSYoungGen: 86928K->1504K(86528K)] 422084K->336724K(750592K), 0.0017169 secs] [Times: user=0.00 sys=0.00, real=0.01 secs] 
1673.315: [GC (Allocation Failure) [PSYoungGen: 86496K->1565K(86528K)] 421716K->336785K(750592K), 0.0016866 secs] [Times: user=0.01 sys=0.00, real=0.00 secs] 
1673.583: [GC (Allocation Failure) [PSYoungGen: 86045K->688K(84992K)] 421265K->336932K(749056K), 0.0018945 secs] [Times: user=0.01 sys=0.00, real=0.00 secs] 
1673.932: [GC (Allocation Failure) [PSYoungGen: 84656K->320K(83968K)] 420900K->336564K(748032K), 0.0018073 secs] [Times: user=0.01 sys=0.00, real=0.00 secs] 
1674.279: [GC (Allocation Failure) [PSYoungGen: 83776K->320K(84992K)] 420020K->336564K(749056K), 0.0019986 secs] [Times: user=0.01 sys=0.00, real=0.00 secs] 
1674.625: [GC (Allocation Failure) [PSYoungGen: 83264K->336K(82944K)] 419508K->336604K(747008K), 0.0018263 secs] [Times: user=0.00 sys=0.00, real=0.00 secs] 
1674.894: [GC (Allocation Failure) [PSYoungGen: 82768K->1437K(83968K)] 419036K->337705K(748032K), 0.0015890 secs] [Times: user=0.01 sys=0.00, real=0.00 secs] 
1675.040: [GC (Allocation Failure) [PSYoungGen: 83357K->1533K(82944K)] 419625K->337801K(747008K), 0.0016417 secs] [Times: user=0.00 sys=0.00, real=0.00 secs] 
1675.186: [GC (Allocation Failure) [PSYoungGen: 82941K->1504K(82944K)] 419209K->337772K(747008K), 0.0016239 secs] [Times: user=0.01 sys=0.00, real=0.01 secs] 
1675.822: [GC (Allocation Failure) [PSYoungGen: 82400K->1440K(81920K)] 418668K->337708K(745984K), 0.0020424 secs] [Times: user=0.01 sys=0.01, real=0.00 secs] 
1676.702: [GC (Allocation Failure) [PSYoungGen: 81824K->1408K(81920K)] 418092K->337676K(745984K), 0.0028119 secs] [Times: user=0.01 sys=0.00, real=0.00 secs] 
1677.649: [GC (Allocation Failure) [PSYoungGen: 81280K->1424K(80896K)] 417548K->337692K(744960K), 0.0042262 secs] [Times: user=0.01 sys=0.00, real=0.00 secs] 
1678.853: [GC (Allocation Failure) [PSYoungGen: 80784K->1424K(80896K)] 417052K->337692K(744960K), 0.0035499 secs] [Times: user=0.02 sys=0.00, real=0.00 secs] 
1679.077: [GC (Allocation Failure) [PSYoungGen: 80272K->1504K(79872K)] 416540K->337772K(743936K), 0.0016327 secs] [Times: user=0.00 sys=0.00, real=0.01 secs] 
1679.214: [GC (Allocation Failure) [PSYoungGen: 79840K->1533K(79872K)] 416108K->337801K(743936K), 0.0024956 secs] [Times: user=0.00 sys=0.00, real=0.00 secs] 
1679.351: [GC (Allocation Failure) [PSYoungGen: 79357K->1568K(79360K)] 415625K->337836K(743424K), 0.0017150 secs] [Times: user=0.01 sys=0.00, real=0.00 secs] 
1680.305: [GC (Allocation Failure) [PSYoungGen: 78880K->1424K(78848K)] 415148K->337692K(742912K), 0.0024674 secs] [Times: user=0.01 sys=0.00, real=0.01 secs] 
1681.062: [GC (Allocation Failure) [PSYoungGen: 78224K->1408K(77824K)] 414492K->337676K(741888K), 0.0023601 secs] [Times: user=0.01 sys=0.00, real=0.00 secs] 
1681.927: [GC (Allocation Failure) [PSYoungGen: 77696K->1424K(77312K)] 413964K->337692K(741376K), 0.0032634 secs] [Times: user=0.01 sys=0.00, real=0.01 secs] 
1683.156: [GC (Allocation Failure) [PSYoungGen: 77200K->1421K(76800K)] 413468K->337689K(740864K), 0.0037880 secs] [Times: user=0.02 sys=0.01, real=0.01 secs] 
1683.384: [GC (Allocation Failure) [PSYoungGen: 76685K->1501K(76288K)] 412953K->337769K(740352K), 0.0016463 secs] [Times: user=0.01 sys=0.00, real=0.00 secs] 
1683.536: [GC (Allocation Failure) [PSYoungGen: 76253K->1501K(75776K)] 412521K->337769K(739840K), 0.0016951 secs] [Times: user=0.00 sys=0.00, real=0.01 secs] 
1683.692: [GC (Allocation Failure) [PSYoungGen: 75741K->1485K(75264K)] 412009K->337753K(739328K), 0.0015627 secs] [Times: user=0.01 sys=0.00, real=0.00 secs] 
1683.991: [GC (Allocation Failure) [PSYoungGen: 75213K->1456K(74752K)] 411481K->337724K(738816K), 0.0021990 secs] [Times: user=0.01 sys=0.00, real=0.00 secs] 
1684.639: [GC (Allocation Failure) [PSYoungGen: 74672K->1376K(74240K)] 410940K->337644K(738304K), 0.0018328 secs] [Times: user=0.01 sys=0.00, real=0.00 secs] 
1685.219: [GC (Allocation Failure) [PSYoungGen: 74080K->1408K(73728K)] 410348K->337676K(737792K), 0.0021373 secs] [Times: user=0.01 sys=0.00, real=0.00 secs] 
1685.858: [GC (Allocation Failure) [PSYoungGen: 73600K->1376K(73216K)] 409868K->337660K(737280K), 0.0025603 secs] [Times: user=0.01 sys=0.00, real=0.00 secs] 
1686.230: [GC (Allocation Failure) [PSYoungGen: 73056K->1504K(72704K)] 409340K->337788K(736768K), 0.0019554 secs] [Times: user=0.01 sys=0.00, real=0.00 secs] 
1686.363: [GC (Allocation Failure) [PSYoungGen: 72672K->1533K(72192K)] 408956K->337849K(736256K), 0.0015410 secs] [Times: user=0.01 sys=0.00, real=0.00 secs] 
1686.487: [GC (Allocation Failure) [PSYoungGen: 72189K->1501K(71680K)] 408505K->337817K(735744K), 0.0016135 secs] [Times: user=0.01 sys=0.00, real=0.00 secs] 
1686.688: [GC (Allocation Failure) [PSYoungGen: 71645K->1504K(71168K)] 407961K->338072K(735232K), 0.0019097 secs] [Times: user=0.00 sys=0.00, real=0.00 secs] 
1688.034: [GC (Allocation Failure) [PSYoungGen: 71136K->1280K(70656K)] 407704K->337864K(734720K), 0.0029734 secs] [Times: user=0.01 sys=0.00, real=0.00 secs] 
1689.916: [GC (Allocation Failure) [PSYoungGen: 70400K->1248K(70144K)] 406984K->337832K(734208K), 0.0040264 secs] [Times: user=0.02 sys=0.01, real=0.01 secs] 
1690.947: [GC (Allocation Failure) [PSYoungGen: 69856K->1264K(69632K)] 406440K->337848K(733696K), 0.0034124 secs] [Times: user=0.02 sys=0.00, real=0.01 secs] 
1691.528: [GC (Allocation Failure) [PSYoungGen: 69360K->1248K(69120K)] 405944K->337832K(733184K), 0.0023693 secs] [Times: user=0.01 sys=0.00, real=0.00 secs] 
1691.972: [GC (Allocation Failure) [PSYoungGen: 68832K->1533K(68608K)] 405416K->338117K(732672K), 0.0020465 secs] [Times: user=0.00 sys=0.00, real=0.00 secs] 
1692.130: [GC (Allocation Failure) [PSYoungGen: 68605K->1440K(68096K)] 405189K->338024K(732160K), 0.0020284 secs] [Times: user=0.01 sys=0.00, real=0.00 secs] 
1692.276: [GC (Allocation Failure) [PSYoungGen: 68000K->1469K(67584K)] 404584K->338053K(731648K), 0.0016299 secs] [Times: user=0.01 sys=0.00, real=0.01 secs] 
1692.558: [GC (Allocation Failure) [PSYoungGen: 67517K->1024K(67584K)] 404101K->338632K(731648K), 0.0021442 secs] [Times: user=0.01 sys=0.00, real=0.00 secs] 
1693.703: [GC (Allocation Failure) [PSYoungGen: 67072K->416K(68096K)] 404680K->338024K(732160K), 0.0027935 secs] [Times: user=0.01 sys=0.00, real=0.00 secs] 
1694.362: [GC (Allocation Failure) [PSYoungGen: 66464K->464K(68096K)] 404072K->338072K(732160K), 0.0021614 secs] [Times: user=0.01 sys=0.00, real=0.00 secs] 
1694.988: [GC (Allocation Failure) [PSYoungGen: 66512K->432K(68096K)] 404120K->338040K(732160K), 0.0020705 secs] [Times: user=0.01 sys=0.00, real=0.00 secs] 
1695.689: [GC (Allocation Failure) [PSYoungGen: 66480K->432K(68608K)] 404088K->338040K(732672K), 0.0028376 secs] [Times: user=0.01 sys=0.00, real=0.00 secs] 
1695.963: [GC (Allocation Failure) [PSYoungGen: 66480K->1517K(68608K)] 404088K->339125K(732672K), 0.0019688 secs] [Times: user=0.01 sys=0.00, real=0.00 secs] 
1696.085: [GC (Allocation Failure) [PSYoungGen: 67545K->1584K(68608K)] 405153K->339192K(732672K), 0.0015682 secs] [Times: user=0.00 sys=0.00, real=0.00 secs] 
1696.202: [GC (Allocation Failure) [PSYoungGen: 67632K->1488K(68608K)] 405240K->339184K(732672K), 0.0015707 secs] [Times: user=0.01 sys=0.00, real=0.00 secs] 
1696.319: [GC (Allocation Failure) [PSYoungGen: 67536K->1504K(68608K)] 405232K->339224K(732672K), 0.0015278 secs] [Times: user=0.01 sys=0.00, real=0.00 secs] 
1696.645: [GC (Allocation Failure) [PSYoungGen: 67552K->1456K(68608K)] 405272K->339192K(732672K), 0.0018827 secs] [Times: user=0.01 sys=0.00, real=0.00 secs] 
1696.959: [GC (Allocation Failure) [PSYoungGen: 67504K->1408K(68608K)] 405240K->339144K(732672K), 0.0018299 secs] [Times: user=0.01 sys=0.00, real=0.00 secs] 
1697.235: [GC (Allocation Failure) [PSYoungGen: 67456K->1440K(68608K)] 405192K->339176K(732672K), 0.0030306 secs] [Times: user=0.01 sys=0.00, real=0.01 secs] 
1697.509: [GC (Allocation Failure) [PSYoungGen: 67488K->1408K(68608K)] 405224K->339144K(732672K), 0.0020632 secs] [Times: user=0.01 sys=0.00, real=0.00 secs] 
1697.705: [GC (Allocation Failure) [PSYoungGen: 67456K->1501K(68608K)] 405192K->339237K(732672K), 0.0014934 secs] [Times: user=0.01 sys=0.00, real=0.00 secs] 
1697.821: [GC (Allocation Failure) [PSYoungGen: 67549K->1536K(68608K)] 405285K->339272K(732672K), 0.0015402 secs] [Times: user=0.01 sys=0.00, real=0.00 secs] 
1697.937: [GC (Allocation Failure) [PSYoungGen: 67584K->1533K(68608K)] 405320K->339293K(732672K), 0.0015499 secs] [Times: user=0.01 sys=0.00, real=0.00 secs] 
1698.052: [GC (Allocation Failure) [PSYoungGen: 67581K->1504K(75776K)] 405341K->339264K(739840K), 0.0015113 secs] [Times: user=0.00 sys=0.00, real=0.00 secs] 
1699.486: [GC (Allocation Failure) [PSYoungGen: 74720K->1408K(74240K)] 412480K->339168K(738304K), 0.0030502 secs] [Times: user=0.01 sys=0.00, real=0.01 secs] 
1700.265: [GC (Allocation Failure) [PSYoungGen: 74112K->1408K(73728K)] 411872K->339168K(737792K), 0.0028322 secs] [Times: user=0.01 sys=0.00, real=0.01 secs] 
1701.394: [GC (Allocation Failure) [PSYoungGen: 73600K->1392K(73216K)] 411360K->339152K(737280K), 0.0033373 secs] [Times: user=0.02 sys=0.00, real=0.01 secs] 
1702.553: [GC (Allocation Failure) [PSYoungGen: 73072K->1408K(72704K)] 410832K->339168K(736768K), 0.0042228 secs] [Times: user=0.02 sys=0.01, real=0.00 secs] 
1702.860: [GC (Allocation Failure) [PSYoungGen: 72576K->1501K(72192K)] 410336K->339261K(736256K), 0.0024365 secs] [Times: user=0.01 sys=0.00, real=0.00 secs] 
1703.032: [GC (Allocation Failure) [PSYoungGen: 72157K->1565K(72192K)] 409917K->339325K(736256K), 0.0018256 secs] [Times: user=0.01 sys=0.00, real=0.00 secs] 
1703.188: [GC (Allocation Failure) [PSYoungGen: 71682K->1501K(71168K)] 409443K->339261K(735232K), 0.0016151 secs] [Times: user=0.01 sys=0.00, real=0.00 secs] 
1703.748: [GC (Allocation Failure) [PSYoungGen: 71133K->1456K(70656K)] 408893K->339224K(734720K), 0.0026642 secs] [Times: user=0.01 sys=0.00, real=0.00 secs] 
1704.037: [GC (Allocation Failure) [PSYoungGen: 70576K->1408K(70144K)] 408344K->339176K(734208K), 0.0021692 secs] [Times: user=0.01 sys=0.00, real=0.00 secs] 
1704.359: [GC (Allocation Failure) [PSYoungGen: 70016K->1408K(69632K)] 407784K->339176K(733696K), 0.0019718 secs] [Times: user=0.01 sys=0.00, real=0.00 secs] 
1704.641: [GC (Allocation Failure) [PSYoungGen: 69504K->1408K(69120K)] 407272K->339176K(733184K), 0.0019843 secs] [Times: user=0.00 sys=0.00, real=0.00 secs] 
1704.917: [GC (Allocation Failure) [PSYoungGen: 68992K->1453K(68608K)] 406760K->339245K(732672K), 0.0017336 secs] [Times: user=0.01 sys=0.00, real=0.01 secs] 
1705.036: [GC (Allocation Failure) [PSYoungGen: 68525K->1533K(68096K)] 406317K->339325K(732160K), 0.0016469 secs] [Times: user=0.01 sys=0.00, real=0.01 secs] 
1705.152: [GC (Allocation Failure) [PSYoungGen: 68093K->1533K(67584K)] 405885K->339325K(731648K), 0.0015729 secs] [Times: user=0.00 sys=0.00, real=0.00 secs] 
1705.268: [GC (Allocation Failure) [PSYoungGen: 67581K->1469K(68608K)] 405373K->339261K(732672K), 0.0015975 secs] [Times: user=0.01 sys=0.00, real=0.00 secs] 
1705.458: [GC (Allocation Failure) [PSYoungGen: 68029K->1440K(67584K)] 405821K->339232K(731648K), 0.0015452 secs] [Times: user=0.00 sys=0.00, real=0.00 secs] 
1705.731: [GC (Allocation Failure) [PSYoungGen: 67488K->1376K(67584K)] 405280K->339168K(731648K), 0.0017693 secs] [Times: user=0.00 sys=0.00, real=0.00 secs] 
1706.006: [GC (Allocation Failure) [PSYoungGen: 67424K->1392K(67584K)] 405216K->339184K(731648K), 0.0015139 secs] [Times: user=0.01 sys=0.00, real=0.01 secs] 
1706.279: [GC (Allocation Failure) [PSYoungGen: 67440K->1408K(67584K)] 405232K->339200K(731648K), 0.0039369 secs] [Times: user=0.02 sys=0.00, real=0.00 secs] 
1706.595: [GC (Allocation Failure) [PSYoungGen: 67456K->1485K(67584K)] 405248K->339277K(731648K), 0.0020253 secs] [Times: user=0.01 sys=0.00, real=0.01 secs] 
1706.730: [GC (Allocation Failure) [PSYoungGen: 67533K->1533K(67584K)] 405325K->339325K(731648K), 0.0015857 secs] [Times: user=0.01 sys=0.00, real=0.00 secs] 
1706.847: [GC (Allocation Failure) [PSYoungGen: 67581K->1533K(71680K)] 405373K->339325K(735744K), 0.0016005 secs] [Times: user=0.01 sys=0.00, real=0.01 secs] 
1706.970: [GC (Allocation Failure) [PSYoungGen: 71677K->1533K(72192K)] 409469K->339333K(736256K), 0.0016360 secs] [Times: user=0.00 sys=0.00, real=0.00 secs] 
1707.672: [GC (Allocation Failure) [PSYoungGen: 71677K->1488K(71168K)] 409477K->339288K(735232K), 0.0027297 secs] [Times: user=0.01 sys=0.00, real=0.00 secs] 
1708.688: [GC (Allocation Failure) [PSYoungGen: 71120K->1408K(70656K)] 408920K->339208K(734720K), 0.0025719 secs] [Times: user=0.01 sys=0.00, real=0.00 secs] 
1709.428: [GC (Allocation Failure) [PSYoungGen: 70528K->1408K(70144K)] 408328K->339208K(734208K), 0.0025918 secs] [Times: user=0.01 sys=0.00, real=0.00 secs] 
1710.302: [GC (Allocation Failure) [PSYoungGen: 70016K->1344K(69632K)] 407816K->339144K(733696K), 0.0020879 secs] [Times: user=0.01 sys=0.01, real=0.00 secs] 
1710.852: [GC (Allocation Failure) [PSYoungGen: 69440K->1517K(69120K)] 407240K->339317K(733184K), 0.0019286 secs] [Times: user=0.01 sys=0.00, real=0.00 secs] 
1710.990: [GC (Allocation Failure) [PSYoungGen: 69101K->1501K(68608K)] 406901K->339301K(732672K), 0.0015890 secs] [Times: user=0.01 sys=0.00, real=0.00 secs] 
1711.107: [GC (Allocation Failure) [PSYoungGen: 68573K->1469K(68096K)] 406373K->339269K(732160K), 0.0016040 secs] [Times: user=0.01 sys=0.00, real=0.00 secs] 
1711.223: [GC (Allocation Failure) [PSYoungGen: 68029K->1533K(67584K)] 405829K->339341K(731648K), 0.0015875 secs] [Times: user=0.01 sys=0.00, real=0.00 secs] 
1711.465: [GC (Allocation Failure) [PSYoungGen: 67581K->1456K(67584K)] 405389K->339264K(731648K), 0.0017309 secs] [Times: user=0.00 sys=0.00, real=0.00 secs] 
1711.739: [GC (Allocation Failure) [PSYoungGen: 67504K->1376K(67584K)] 405312K->339184K(731648K), 0.0018500 secs] [Times: user=0.01 sys=0.00, real=0.00 secs] 
1712.013: [GC (Allocation Failure) [PSYoungGen: 67424K->1408K(67584K)] 405232K->339216K(731648K), 0.0019176 secs] [Times: user=0.01 sys=0.00, real=0.00 secs] 
1712.330: [GC (Allocation Failure) [PSYoungGen: 67456K->1376K(67584K)] 405264K->339184K(731648K), 0.0020569 secs] [Times: user=0.00 sys=0.00, real=0.00 secs] 
1712.782: [GC (Allocation Failure) [PSYoungGen: 67424K->1453K(67584K)] 405232K->339261K(731648K), 0.0019411 secs] [Times: user=0.01 sys=0.00, real=0.00 secs] 
1712.921: [GC (Allocation Failure) [PSYoungGen: 67501K->1565K(68096K)] 405309K->339373K(732160K), 0.0016810 secs] [Times: user=0.00 sys=0.00, real=0.00 secs] 
1713.037: [GC (Allocation Failure) [PSYoungGen: 67613K->541K(67072K)] 405421K->339373K(731136K), 0.0015105 secs] [Times: user=0.01 sys=0.00, real=0.01 secs] 
1713.152: [GC (Allocation Failure) [PSYoungGen: 66589K->432K(72192K)] 405421K->339288K(736256K), 0.0017084 secs] [Times: user=0.01 sys=0.00, real=0.00 secs] 
1713.437: [GC (Allocation Failure) [PSYoungGen: 70576K->1408K(71168K)] 409432K->340264K(735232K), 0.0019446 secs] [Times: user=0.00 sys=0.00, real=0.00 secs] 
1714.121: [GC (Allocation Failure) [PSYoungGen: 71040K->1408K(70656K)] 409896K->340264K(734720K), 0.0020010 secs] [Times: user=0.01 sys=0.00, real=0.00 secs] 
1714.659: [GC (Allocation Failure) [PSYoungGen: 70528K->1376K(70144K)] 409384K->340232K(734208K), 0.0019022 secs] [Times: user=0.01 sys=0.00, real=0.00 secs] 
1714.976: [GC (Allocation Failure) [PSYoungGen: 69984K->1408K(69632K)] 408840K->340272K(733696K), 0.0019461 secs] [Times: user=0.00 sys=0.00, real=0.01 secs] 
1715.274: [GC (Allocation Failure) [PSYoungGen: 69504K->1453K(69120K)] 408368K->340317K(733184K), 0.0018140 secs] [Times: user=0.01 sys=0.00, real=0.00 secs] 
1715.399: [GC (Allocation Failure) [PSYoungGen: 69037K->1533K(68608K)] 407901K->340397K(732672K), 0.0017050 secs] [Times: user=0.01 sys=0.00, real=0.00 secs] 
1715.517: [GC (Allocation Failure) [PSYoungGen: 68605K->1533K(68096K)] 407469K->340397K(732160K), 0.0015735 secs] [Times: user=0.01 sys=0.00, real=0.00 secs] 
1715.634: [GC (Allocation Failure) [PSYoungGen: 68093K->1533K(71680K)] 406957K->340413K(735744K), 0.0015663 secs] [Times: user=0.00 sys=0.00, real=0.00 secs] 
1716.046: [GC (Allocation Failure) [PSYoungGen: 71165K->1472K(70656K)] 410045K->340352K(734720K), 0.0021047 secs] [Times: user=0.01 sys=0.00, real=0.01 secs] 
1716.841: [GC (Allocation Failure) [PSYoungGen: 70592K->1424K(70144K)] 409472K->340304K(734208K), 0.0042354 secs] [Times: user=0.02 sys=0.01, real=0.00 secs] 
1717.380: [GC (Allocation Failure) [PSYoungGen: 70032K->1408K(69632K)] 408912K->340288K(733696K), 0.0026198 secs] [Times: user=0.01 sys=0.00, real=0.00 secs] 
1718.012: [GC (Allocation Failure) [PSYoungGen: 69504K->1360K(69120K)] 408384K->340240K(733184K), 0.0029397 secs] [Times: user=0.01 sys=0.00, real=0.00 secs] 
1718.589: [GC (Allocation Failure) [PSYoungGen: 68944K->1453K(68608K)] 407824K->340333K(732672K), 0.0026922 secs] [Times: user=0.01 sys=0.00, real=0.00 secs] 
1718.801: [GC (Allocation Failure) [PSYoungGen: 68525K->1533K(68096K)] 407405K->340413K(732160K), 0.0018318 secs] [Times: user=0.01 sys=0.00, real=0.00 secs] 
1718.922: [GC (Allocation Failure) [PSYoungGen: 68093K->1501K(67584K)] 406973K->340381K(731648K), 0.0016402 secs] [Times: user=0.00 sys=0.00, real=0.00 secs] 
1719.037: [GC (Allocation Failure) [PSYoungGen: 67549K->1453K(67584K)] 406429K->340341K(731648K), 0.0017086 secs] [Times: user=0.01 sys=0.00, real=0.01 secs] 
1719.363: [GC (Allocation Failure) [PSYoungGen: 67501K->1440K(67584K)] 406389K->340328K(731648K), 0.0031505 secs] [Times: user=0.02 sys=0.00, real=0.00 secs] 
1719.997: [GC (Allocation Failure) [PSYoungGen: 67488K->1408K(67584K)] 406376K->340296K(731648K), 0.0027093 secs] [Times: user=0.02 sys=0.00, real=0.01 secs] 
1720.533: [GC (Allocation Failure) [PSYoungGen: 67456K->1408K(67584K)] 406344K->340296K(731648K), 0.0024615 secs] [Times: user=0.01 sys=0.00, real=0.00 secs] 
1720.846: [GC (Allocation Failure) [PSYoungGen: 67456K->1392K(67584K)] 406344K->340296K(731648K), 0.0021990 secs] [Times: user=0.01 sys=0.00, real=0.01 secs] 
1721.218: [GC (Allocation Failure) [PSYoungGen: 67440K->1456K(67584K)] 406344K->340360K(731648K), 0.0018010 secs] [Times: user=0.00 sys=0.00, real=0.00 secs] 
1721.352: [GC (Allocation Failure) [PSYoungGen: 67504K->1504K(67584K)] 406408K->340408K(731648K), 0.0016602 secs] [Times: user=0.01 sys=0.00, real=0.00 secs] 
1721.468: [GC (Allocation Failure) [PSYoungGen: 67552K->1501K(67584K)] 406456K->340405K(731648K), 0.0014831 secs] [Times: user=0.01 sys=0.00, real=0.00 secs] 
1721.584: [GC (Allocation Failure) [PSYoungGen: 67549K->1504K(68096K)] 406453K->340416K(732160K), 0.0015876 secs] [Times: user=0.00 sys=0.00, real=0.00 secs] 
1721.784: [GC (Allocation Failure) [PSYoungGen: 67552K->2016K(75264K)] 406464K->341440K(739328K), 0.0020564 secs] [Times: user=0.00 sys=0.00, real=0.00 secs] 
1722.410: [GC (Allocation Failure) [PSYoungGen: 75232K->1408K(74240K)] 414656K->340832K(738304K), 0.0020393 secs] [Times: user=0.00 sys=0.00, real=0.00 secs] 
1723.124: [GC (Allocation Failure) [PSYoungGen: 74112K->1408K(73728K)] 413536K->340848K(737792K), 0.0036953 secs] [Times: user=0.01 sys=0.01, real=0.01 secs] 
1723.504: [GC (Allocation Failure) [PSYoungGen: 73600K->1376K(73216K)] 413040K->340816K(737280K), 0.0021806 secs] [Times: user=0.01 sys=0.00, real=0.00 secs] 
1723.867: [GC (Allocation Failure) [PSYoungGen: 73056K->1469K(72704K)] 412496K->340909K(736768K), 0.0019549 secs] [Times: user=0.01 sys=0.00, real=0.00 secs] 
1724.048: [GC (Allocation Failure) [PSYoungGen: 72637K->1536K(72704K)] 412077K->340976K(736768K), 0.0022381 secs] [Times: user=0.01 sys=0.00, real=0.00 secs] 
1724.204: [GC (Allocation Failure) [PSYoungGen: 72192K->1504K(71680K)] 411632K->340976K(735744K), 0.0016019 secs] [Times: user=0.01 sys=0.00, real=0.00 secs] 
1724.326: [GC (Allocation Failure) [PSYoungGen: 71627K->1533K(71168K)] 411099K->341021K(735232K), 0.0017093 secs] [Times: user=0.01 sys=0.00, real=0.01 secs] 
1725.047: [GC (Allocation Failure) [PSYoungGen: 71165K->1456K(70656K)] 410653K->340944K(734720K), 0.0039731 secs] [Times: user=0.02 sys=0.00, real=0.00 secs] 
1725.608: [GC (Allocation Failure) [PSYoungGen: 70576K->1376K(70144K)] 410064K->340864K(734208K), 0.0034187 secs] [Times: user=0.02 sys=0.00, real=0.00 secs] 
1726.229: [GC (Allocation Failure) [PSYoungGen: 69984K->1408K(69632K)] 409472K->340896K(733696K), 0.0027000 secs] [Times: user=0.01 sys=0.00, real=0.00 secs] 
1726.764: [GC (Allocation Failure) [PSYoungGen: 69504K->1440K(69120K)] 408992K->340928K(733184K), 0.0028652 secs] [Times: user=0.02 sys=0.00, real=0.01 secs] 
1727.089: [GC (Allocation Failure) [PSYoungGen: 69024K->1421K(68608K)] 408512K->340909K(732672K), 0.0019276 secs] [Times: user=0.01 sys=0.00, real=0.00 secs] 
1727.229: [GC (Allocation Failure) [PSYoungGen: 68493K->1533K(68096K)] 407981K->341021K(732160K), 0.0017014 secs] [Times: user=0.01 sys=0.00, real=0.00 secs] 
1727.347: [GC (Allocation Failure) [PSYoungGen: 68093K->1501K(67584K)] 407581K->340989K(731648K), 0.0016346 secs] [Times: user=0.00 sys=0.00, real=0.01 secs] 
1727.464: [GC (Allocation Failure) [PSYoungGen: 67549K->1533K(68608K)] 407037K->341029K(732672K), 0.0015523 secs] [Times: user=0.01 sys=0.00, real=0.00 secs] 
1728.439: [GC (Allocation Failure) [PSYoungGen: 68093K->1440K(67584K)] 407589K->340936K(731648K), 0.0042036 secs] [Times: user=0.02 sys=0.00, real=0.00 secs] 
1729.022: [GC (Allocation Failure) [PSYoungGen: 67488K->1408K(67584K)] 406984K->340904K(731648K), 0.0028227 secs] [Times: user=0.01 sys=0.00, real=0.00 secs] 
1729.594: [GC (Allocation Failure) [PSYoungGen: 67456K->1376K(67584K)] 406952K->340872K(731648K), 0.0023339 secs] [Times: user=0.00 sys=0.00, real=0.00 secs] 
1730.148: [GC (Allocation Failure) [PSYoungGen: 67424K->1408K(67584K)] 406920K->340904K(731648K), 0.0021210 secs] [Times: user=0.01 sys=0.01, real=0.00 secs] 
1730.400: [GC (Allocation Failure) [PSYoungGen: 67456K->1472K(67584K)] 406952K->340968K(731648K), 0.0015692 secs] [Times: user=0.00 sys=0.00, real=0.00 secs] 
1730.517: [GC (Allocation Failure) [PSYoungGen: 67520K->1565K(68096K)] 407016K->341061K(732160K), 0.0016452 secs] [Times: user=0.01 sys=0.00, real=0.00 secs] 
1730.633: [GC (Allocation Failure) [PSYoungGen: 67613K->493K(66560K)] 407109K->341013K(730624K), 0.0014937 secs] [Times: user=0.01 sys=0.00, real=0.00 secs] 
1730.749: [GC (Allocation Failure) [PSYoungGen: 66541K->397K(68096K)] 407061K->340925K(732160K), 0.0014682 secs] [Times: user=0.00 sys=0.00, real=0.00 secs] 
1731.028: [GC (Allocation Failure) [PSYoungGen: 66445K->1472K(67584K)] 406973K->342000K(731648K), 0.0020411 secs] [Times: user=0.00 sys=0.00, real=0.00 secs] 
1731.469: [GC (Allocation Failure) [PSYoungGen: 67520K->1376K(67584K)] 408048K->341904K(731648K), 0.0020878 secs] [Times: user=0.01 sys=0.00, real=0.00 secs] 
1731.862: [GC (Allocation Failure) [PSYoungGen: 67424K->1408K(67584K)] 407952K->341936K(731648K), 0.0018982 secs] [Times: user=0.01 sys=0.00, real=0.00 secs] 
1732.164: [GC (Allocation Failure) [PSYoungGen: 67456K->1408K(67584K)] 407984K->341936K(731648K), 0.0018933 secs] [Times: user=0.01 sys=0.00, real=0.00 secs] 
1732.481: [GC (Allocation Failure) [PSYoungGen: 67456K->1501K(67584K)] 407984K->342029K(731648K), 0.0019043 secs] [Times: user=0.01 sys=0.00, real=0.00 secs] 
1732.607: [GC (Allocation Failure) [PSYoungGen: 67549K->1504K(67584K)] 408077K->342032K(731648K), 0.0015531 secs] [Times: user=0.00 sys=0.00, real=0.00 secs] 
1732.741: [GC (Allocation Failure) [PSYoungGen: 67552K->1536K(68096K)] 408080K->342064K(732160K), 0.0018974 secs] [Times: user=0.01 sys=0.00, real=0.00 secs] 
1732.887: [GC (Allocation Failure) [PSYoungGen: 67584K->1472K(68096K)] 408112K->342024K(732160K), 0.0018344 secs] [Times: user=0.01 sys=0.00, real=0.00 secs] 
1733.811: [GC (Allocation Failure) [PSYoungGen: 67520K->1440K(67584K)] 408072K->341992K(731648K), 0.0037270 secs] [Times: user=0.01 sys=0.00, real=0.00 secs] 
1734.639: [GC (Allocation Failure) [PSYoungGen: 67488K->1344K(67584K)] 408040K->341896K(731648K), 0.0033809 secs] [Times: user=0.01 sys=0.00, real=0.00 secs] 
1735.439: [GC (Allocation Failure) [PSYoungGen: 67392K->1408K(67584K)] 407944K->341960K(731648K), 0.0031357 secs] [Times: user=0.01 sys=0.00, real=0.00 secs] 
1736.056: [GC (Allocation Failure) [PSYoungGen: 67456K->1376K(67584K)] 408008K->341928K(731648K), 0.0025607 secs] [Times: user=0.01 sys=0.00, real=0.01 secs] 
1736.368: [GC (Allocation Failure) [PSYoungGen: 67421K->1517K(67584K)] 407973K->342069K(731648K), 0.0019740 secs] [Times: user=0.01 sys=0.00, real=0.00 secs] 
1736.538: [GC (Allocation Failure) [PSYoungGen: 67565K->1520K(67584K)] 408117K->342072K(731648K), 0.0021181 secs] [Times: user=0.00 sys=0.00, real=0.00 secs] 
1736.694: [GC (Allocation Failure) [PSYoungGen: 67568K->1469K(67584K)] 408120K->342021K(731648K), 0.0015221 secs] [Times: user=0.01 sys=0.00, real=0.00 secs] 
1736.811: [GC (Allocation Failure) [PSYoungGen: 67517K->1504K(67584K)] 408069K->342072K(731648K), 0.0017802 secs] [Times: user=0.00 sys=0.00, real=0.00 secs] 
1736.995: [GC (Allocation Failure) [PSYoungGen: 67552K->1424K(67584K)] 408120K->341992K(731648K), 0.0018901 secs] [Times: user=0.01 sys=0.00, real=0.00 secs] 
1737.321: [GC (Allocation Failure) [PSYoungGen: 67472K->1392K(67584K)] 408040K->341960K(731648K), 0.0024264 secs] [Times: user=0.01 sys=0.00, real=0.00 secs] 
1737.778: [GC (Allocation Failure) [PSYoungGen: 67440K->1376K(67584K)] 408008K->341944K(731648K), 0.0033085 secs] [Times: user=0.01 sys=0.00, real=0.00 secs] 
1738.277: [GC (Allocation Failure) [PSYoungGen: 67424K->1408K(67584K)] 407992K->341976K(731648K), 0.0029367 secs] [Times: user=0.01 sys=0.00, real=0.01 secs] 
1738.788: [GC (Allocation Failure) [PSYoungGen: 67456K->1376K(67584K)] 408024K->341944K(731648K), 0.0025255 secs] [Times: user=0.01 sys=0.00, real=0.00 secs] 
1738.981: [GC (Allocation Failure) [PSYoungGen: 67424K->1501K(67584K)] 407992K->342069K(731648K), 0.0016056 secs] [Times: user=0.00 sys=0.00, real=0.00 secs] 
1739.096: [GC (Allocation Failure) [PSYoungGen: 67525K->1485K(68096K)] 408093K->342053K(732160K), 0.0015100 secs] [Times: user=0.01 sys=0.00, real=0.01 secs] 
1739.212: [GC (Allocation Failure) [PSYoungGen: 67533K->1517K(68096K)] 408101K->342101K(732160K), 0.0015272 secs] [Times: user=0.01 sys=0.00, real=0.00 secs] 
1739.329: [GC (Allocation Failure) [PSYoungGen: 67431K->224K(68096K)] 408016K->340808K(732160K), 0.0017218 secs] [Times: user=0.00 sys=0.00, real=0.00 secs] 
1740.032: [GC (Allocation Failure) [PSYoungGen: 66272K->1440K(68096K)] 406856K->342024K(732160K), 0.0019125 secs] [Times: user=0.01 sys=0.00, real=0.00 secs] 
1740.806: [GC (Allocation Failure) [PSYoungGen: 67488K->1408K(68096K)] 408072K->341992K(732160K), 0.0023549 secs] [Times: user=0.00 sys=0.00, real=0.01 secs] 
1741.552: [GC (Allocation Failure) [PSYoungGen: 67456K->1440K(68096K)] 408040K->342024K(732160K), 0.0022813 secs] [Times: user=0.01 sys=0.00, real=0.00 secs] 
1742.619: [GC (Allocation Failure) [PSYoungGen: 67488K->1360K(68096K)] 408072K->341944K(732160K), 0.0027951 secs] [Times: user=0.01 sys=0.00, real=0.00 secs] 
1743.119: [GC (Allocation Failure) [PSYoungGen: 67408K->1472K(68096K)] 407992K->342056K(732160K), 0.0020702 secs] [Times: user=0.00 sys=0.00, real=0.00 secs] 
1743.247: [GC (Allocation Failure) [PSYoungGen: 67511K->1485K(68096K)] 408095K->342069K(732160K), 0.0015821 secs] [Times: user=0.01 sys=0.00, real=0.00 secs] 
1743.381: [GC (Allocation Failure) [PSYoungGen: 67533K->1565K(68096K)] 408117K->342165K(732160K), 0.0017646 secs] [Times: user=0.01 sys=0.00, real=0.00 secs] 
1743.531: [GC (Allocation Failure) [PSYoungGen: 67613K->1533K(68096K)] 408213K->342133K(732160K), 0.0020239 secs] [Times: user=0.01 sys=0.00, real=0.00 secs] 
1744.635: [GC (Allocation Failure) [PSYoungGen: 67581K->1408K(68096K)] 408181K->342016K(732160K), 0.0030825 secs] [Times: user=0.02 sys=0.00, real=0.01 secs] 
1745.260: [GC (Allocation Failure) [PSYoungGen: 67456K->1408K(68096K)] 408064K->342016K(732160K), 0.0025682 secs] [Times: user=0.01 sys=0.00, real=0.00 secs] 
1745.846: [GC (Allocation Failure) [PSYoungGen: 67456K->1360K(68096K)] 408064K->341968K(732160K), 0.0027273 secs] [Times: user=0.01 sys=0.00, real=0.01 secs] 
1746.409: [GC (Allocation Failure) [PSYoungGen: 67408K->1440K(68096K)] 408016K->342048K(732160K), 0.0023475 secs] [Times: user=0.01 sys=0.00, real=0.00 secs] 
1746.966: [GC (Allocation Failure) [PSYoungGen: 67488K->1472K(68096K)] 408096K->342080K(732160K), 0.0018526 secs] [Times: user=0.00 sys=0.00, real=0.01 secs] 
1747.099: [GC (Allocation Failure) [PSYoungGen: 67520K->1485K(68096K)] 408128K->342093K(732160K), 0.0015506 secs] [Times: user=0.01 sys=0.00, real=0.00 secs] 
1747.233: [GC (Allocation Failure) [PSYoungGen: 67533K->1533K(68096K)] 408141K->342149K(732160K), 0.0017527 secs] [Times: user=0.01 sys=0.00, real=0.00 secs] 
1747.384: [GC (Allocation Failure) [PSYoungGen: 67581K->1533K(68096K)] 408197K->342157K(732160K), 0.0020153 secs] [Times: user=0.01 sys=0.00, real=0.00 secs] 
1748.057: [GC (Allocation Failure) [PSYoungGen: 67581K->1392K(68096K)] 408205K->342016K(732160K), 0.0033957 secs] [Times: user=0.01 sys=0.00, real=0.00 secs] 
1748.781: [GC (Allocation Failure) [PSYoungGen: 67440K->1376K(68096K)] 408064K->342000K(732160K), 0.0025430 secs] [Times: user=0.01 sys=0.00, real=0.00 secs] 
1749.587: [GC (Allocation Failure) [PSYoungGen: 67424K->1344K(68096K)] 408048K->341968K(732160K), 0.0024034 secs] [Times: user=0.01 sys=0.00, real=0.00 secs] 
1750.234: [GC (Allocation Failure) [PSYoungGen: 67392K->1376K(68096K)] 408016K->342000K(732160K), 0.0021390 secs] [Times: user=0.01 sys=0.00, real=0.00 secs] 
1750.987: [GC (Allocation Failure) [PSYoungGen: 67424K->1520K(68096K)] 408048K->342144K(732160K), 0.0019285 secs] [Times: user=0.00 sys=0.00, real=0.01 secs] 
1751.124: [GC (Allocation Failure) [PSYoungGen: 67568K->1501K(68096K)] 408192K->342125K(732160K), 0.0015073 secs] [Times: user=0.01 sys=0.00, real=0.00 secs] 
1751.240: [GC (Allocation Failure) [PSYoungGen: 67549K->1469K(68096K)] 408173K->342093K(732160K), 0.0015929 secs] [Times: user=0.01 sys=0.00, real=0.00 secs] 
1751.357: [GC (Allocation Failure) [PSYoungGen: 67517K->1533K(68096K)] 408141K->342181K(732160K), 0.0016064 secs] [Times: user=0.01 sys=0.00, real=0.01 secs] 
1751.847: [GC (Allocation Failure) [PSYoungGen: 67581K->1408K(68096K)] 408229K->342056K(732160K), 0.0017878 secs] [Times: user=0.01 sys=0.00, real=0.01 secs] 
1752.333: [GC (Allocation Failure) [PSYoungGen: 67456K->1360K(68096K)] 408104K->342008K(732160K), 0.0023118 secs] [Times: user=0.01 sys=0.00, real=0.00 secs] 
1752.649: [GC (Allocation Failure) [PSYoungGen: 67408K->1408K(68096K)] 408056K->342056K(732160K), 0.0025900 secs] [Times: user=0.01 sys=0.00, real=0.00 secs] 
1753.072: [GC (Allocation Failure) [PSYoungGen: 67456K->1376K(68096K)] 408104K->342024K(732160K), 0.0018965 secs] [Times: user=0.01 sys=0.00, real=0.00 secs] 
1753.545: [GC (Allocation Failure) [PSYoungGen: 67424K->1501K(68096K)] 408072K->342149K(732160K), 0.0018033 secs] [Times: user=0.01 sys=0.00, real=0.00 secs] 
1753.676: [GC (Allocation Failure) [PSYoungGen: 67549K->1504K(68096K)] 408197K->342152K(732160K), 0.0015658 secs] [Times: user=0.01 sys=0.00, real=0.01 secs] 
1753.794: [GC (Allocation Failure) [PSYoungGen: 67552K->1485K(68096K)] 408200K->342133K(732160K), 0.0016041 secs] [Times: user=0.01 sys=0.00, real=0.00 secs] 
1753.911: [GC (Allocation Failure) [PSYoungGen: 67533K->1469K(68096K)] 408181K->342149K(732160K), 0.0015502 secs] [Times: user=0.01 sys=0.00, real=0.00 secs] 
1754.475: [GC (Allocation Failure) [PSYoungGen: 67517K->1440K(68096K)] 408197K->342120K(732160K), 0.0023101 secs] [Times: user=0.01 sys=0.00, real=0.01 secs] 
1756.034: [GC (Allocation Failure) [PSYoungGen: 67488K->1376K(68096K)] 408168K->342056K(732160K), 0.0033527 secs] [Times: user=0.01 sys=0.00, real=0.01 secs] 
1757.047: [GC (Allocation Failure) [PSYoungGen: 67424K->1408K(68096K)] 408104K->342088K(732160K), 0.0033971 secs] [Times: user=0.01 sys=0.00, real=0.00 secs] 
1757.592: [GC (Allocation Failure) [PSYoungGen: 67456K->1408K(68096K)] 408136K->342088K(732160K), 0.0020318 secs] [Times: user=0.01 sys=0.00, real=0.00 secs] 
1757.889: [GC (Allocation Failure) [PSYoungGen: 67456K->1485K(68096K)] 408136K->342165K(732160K), 0.0018318 secs] [Times: user=0.00 sys=0.00, real=0.00 secs] 
1758.020: [GC (Allocation Failure) [PSYoungGen: 67533K->1533K(68096K)] 408213K->342213K(732160K), 0.0015166 secs] [Times: user=0.01 sys=0.01, real=0.00 secs] 
1758.136: [GC (Allocation Failure) [PSYoungGen: 67581K->1501K(68096K)] 408261K->342181K(732160K), 0.0019572 secs] [Times: user=0.00 sys=0.00, real=0.01 secs] 
1758.255: [GC (Allocation Failure) [PSYoungGen: 67549K->1533K(68096K)] 408229K->342221K(732160K), 0.0018574 secs] [Times: user=0.01 sys=0.00, real=0.00 secs] 
1758.473: [GC (Allocation Failure) [PSYoungGen: 67581K->1456K(68096K)] 408269K->342152K(732160K), 0.0021545 secs] [Times: user=0.01 sys=0.00, real=0.00 secs] 
1759.111: [GC (Allocation Failure) [PSYoungGen: 67504K->1472K(75264K)] 408200K->342168K(739328K), 0.0105298 secs] [Times: user=0.01 sys=0.05, real=0.01 secs] 
1759.941: [GC (Allocation Failure) [PSYoungGen: 74688K->1344K(74240K)] 415384K->342040K(738304K), 0.0023300 secs] [Times: user=0.01 sys=0.00, real=0.00 secs] 
1761.014: [GC (Allocation Failure) [PSYoungGen: 74048K->1408K(73728K)] 414744K->342104K(737792K), 0.0027481 secs] [Times: user=0.01 sys=0.00, real=0.00 secs] 
1762.288: [GC (Allocation Failure) [PSYoungGen: 73600K->1469K(73216K)] 414296K->342165K(737280K), 0.0023918 secs] [Times: user=0.01 sys=0.00, real=0.00 secs] 
1762.441: [GC (Allocation Failure) [PSYoungGen: 73149K->1485K(72704K)] 413845K->342181K(736768K), 0.0016233 secs] [Times: user=0.00 sys=0.00, real=0.00 secs] 
1762.566: [GC (Allocation Failure) [PSYoungGen: 72653K->1501K(72192K)] 413349K->342197K(736256K), 0.0016157 secs] [Times: user=0.01 sys=0.00, real=0.01 secs] 
1762.690: [GC (Allocation Failure) [PSYoungGen: 72157K->1501K(71680K)] 412853K->342205K(735744K), 0.0016736 secs] [Times: user=0.01 sys=0.00, real=0.00 secs] 
1763.373: [GC (Allocation Failure) [PSYoungGen: 71645K->1472K(71168K)] 412349K->342176K(735232K), 0.0028292 secs] [Times: user=0.01 sys=0.00, real=0.00 secs] 
1764.118: [GC (Allocation Failure) [PSYoungGen: 71104K->1440K(70656K)] 411808K->342144K(734720K), 0.0029999 secs] [Times: user=0.02 sys=0.00, real=0.00 secs] 
1765.059: [GC (Allocation Failure) [PSYoungGen: 70560K->1344K(70144K)] 411264K->342064K(734208K), 0.0039977 secs] [Times: user=0.02 sys=0.01, real=0.00 secs] 
1765.996: [GC (Allocation Failure) [PSYoungGen: 69952K->1344K(69632K)] 410672K->342064K(733696K), 0.0043494 secs] [Times: user=0.01 sys=0.00, real=0.01 secs] 
1766.868: [GC (Allocation Failure) [PSYoungGen: 69440K->1504K(69120K)] 410160K->342224K(733184K), 0.0025318 secs] [Times: user=0.01 sys=0.00, real=0.00 secs] 
1767.032: [GC (Allocation Failure) [PSYoungGen: 69078K->1533K(68608K)] 409799K->342253K(732672K), 0.0016672 secs] [Times: user=0.00 sys=0.00, real=0.00 secs] 
1767.168: [GC (Allocation Failure) [PSYoungGen: 68605K->1533K(68096K)] 409325K->342253K(732160K), 0.0016470 secs] [Times: user=0.01 sys=0.00, real=0.00 secs] 
1767.318: [GC (Allocation Failure) [PSYoungGen: 68093K->1469K(68608K)] 408813K->342205K(732672K), 0.0037937 secs] [Times: user=0.02 sys=0.00, real=0.00 secs] 
1767.564: [GC (Allocation Failure) [PSYoungGen: 68029K->1472K(68608K)] 408765K->342208K(732672K), 0.0021286 secs] [Times: user=0.01 sys=0.00, real=0.00 secs] 
1767.841: [GC (Allocation Failure) [PSYoungGen: 68032K->1376K(75776K)] 408768K->342112K(739840K), 0.0022988 secs] [Times: user=0.01 sys=0.00, real=0.00 secs] 
1768.148: [GC (Allocation Failure) [PSYoungGen: 75104K->1408K(74752K)] 415840K->342144K(738816K), 0.0018059 secs] [Times: user=0.00 sys=0.00, real=0.00 secs] 
1768.480: [GC (Allocation Failure) [PSYoungGen: 74624K->1344K(74240K)] 415360K->342080K(738304K), 0.0020590 secs] [Times: user=0.00 sys=0.00, real=0.00 secs] 
1768.716: [GC (Allocation Failure) [PSYoungGen: 74048K->1485K(73728K)] 414784K->342221K(737792K), 0.0018117 secs] [Times: user=0.01 sys=0.00, real=0.01 secs] 
1768.862: [GC (Allocation Failure) [PSYoungGen: 73677K->1536K(73728K)] 414413K->342272K(737792K), 0.0019773 secs] [Times: user=0.00 sys=0.00, real=0.00 secs] 
1769.023: [GC (Allocation Failure) [PSYoungGen: 73187K->1485K(72704K)] 413924K->342221K(736768K), 0.0016646 secs] [Times: user=0.00 sys=0.00, real=0.00 secs] 
1769.262: [GC (Allocation Failure) [PSYoungGen: 72653K->976K(71680K)] 413389K->342744K(735744K), 0.0020329 secs] [Times: user=0.01 sys=0.00, real=0.00 secs] 
1769.666: [GC (Allocation Failure) [PSYoungGen: 71632K->352K(70656K)] 413400K->342120K(734720K), 0.0020582 secs] [Times: user=0.01 sys=0.00, real=0.01 secs] 
1769.958: [GC (Allocation Failure) [PSYoungGen: 70496K->352K(71168K)] 412264K->342120K(735232K), 0.0020682 secs] [Times: user=0.00 sys=0.00, real=0.00 secs] 
1770.247: [GC (Allocation Failure) [PSYoungGen: 69984K->352K(69632K)] 411752K->342120K(733696K), 0.0019350 secs] [Times: user=0.01 sys=0.00, real=0.00 secs] 
1770.710: [GC (Allocation Failure) [PSYoungGen: 69472K->1517K(70656K)] 411240K->343285K(734720K), 0.0019033 secs] [Times: user=0.00 sys=0.00, real=0.00 secs] 
1770.853: [GC (Allocation Failure) [PSYoungGen: 70125K->1565K(70144K)] 411893K->343333K(734208K), 0.0015500 secs] [Times: user=0.00 sys=0.00, real=0.00 secs] 
1770.971: [GC (Allocation Failure) [PSYoungGen: 69661K->1533K(69632K)] 411429K->343301K(733696K), 0.0016769 secs] [Times: user=0.00 sys=0.00, real=0.00 secs] 
1771.089: [GC (Allocation Failure) [PSYoungGen: 69117K->1501K(70144K)] 410885K->343269K(734208K), 0.0015688 secs] [Times: user=0.00 sys=0.00, real=0.00 secs] 
1771.877: [GC (Allocation Failure) [PSYoungGen: 69085K->1472K(68608K)] 410853K->343264K(732672K), 0.0030690 secs] [Times: user=0.01 sys=0.00, real=0.01 secs] 
1772.422: [GC (Allocation Failure) [PSYoungGen: 68544K->1376K(68096K)] 410336K->343168K(732160K), 0.0024084 secs] [Times: user=0.01 sys=0.00, real=0.00 secs] 
1772.738: [GC (Allocation Failure) [PSYoungGen: 67936K->1360K(67584K)] 409728K->343152K(731648K), 0.0021110 secs] [Times: user=0.00 sys=0.00, real=0.00 secs] 
1773.381: [GC (Allocation Failure) [PSYoungGen: 67408K->1376K(67584K)] 409200K->343168K(731648K), 0.0029170 secs] [Times: user=0.01 sys=0.00, real=0.00 secs] 
1773.897: [GC (Allocation Failure) [PSYoungGen: 67424K->1485K(67584K)] 409216K->343277K(731648K), 0.0022283 secs] [Times: user=0.01 sys=0.00, real=0.00 secs] 
1774.046: [GC (Allocation Failure) [PSYoungGen: 67533K->1485K(67584K)] 409325K->343277K(731648K), 0.0016359 secs] [Times: user=0.01 sys=0.00, real=0.01 secs] 
1774.162: [GC (Allocation Failure) [PSYoungGen: 67533K->1485K(67584K)] 409325K->343277K(731648K), 0.0015437 secs] [Times: user=0.01 sys=0.00, real=0.00 secs] 
1774.279: [GC (Allocation Failure) [PSYoungGen: 67533K->1469K(67584K)] 409325K->343277K(731648K), 0.0016267 secs] [Times: user=0.01 sys=0.00, real=0.00 secs] 
1774.610: [GC (Allocation Failure) [PSYoungGen: 67517K->1456K(67584K)] 409325K->343264K(731648K), 0.0024607 secs] [Times: user=0.01 sys=0.00, real=0.00 secs] 
1775.305: [GC (Allocation Failure) [PSYoungGen: 67504K->1408K(67584K)] 409312K->343216K(731648K), 0.0027417 secs] [Times: user=0.02 sys=0.00, real=0.01 secs] 
1775.945: [GC (Allocation Failure) [PSYoungGen: 67456K->1376K(67584K)] 409264K->343184K(731648K), 0.0027177 secs] [Times: user=0.01 sys=0.00, real=0.01 secs] 
1776.649: [GC (Allocation Failure) [PSYoungGen: 67424K->1376K(67584K)] 409232K->343184K(731648K), 0.0030630 secs] [Times: user=0.01 sys=0.00, real=0.00 secs] 
1777.270: [GC (Allocation Failure) [PSYoungGen: 67424K->1408K(67584K)] 409232K->343216K(731648K), 0.0025833 secs] [Times: user=0.01 sys=0.00, real=0.00 secs] 
1777.479: [GC (Allocation Failure) [PSYoungGen: 67456K->1469K(67584K)] 409264K->343277K(731648K), 0.0016206 secs] [Times: user=0.01 sys=0.00, real=0.00 secs] 
1777.597: [GC (Allocation Failure) [PSYoungGen: 67500K->1469K(68608K)] 409309K->343285K(732672K), 0.0050628 secs] [Times: user=0.02 sys=0.00, real=0.00 secs] 
1777.747: [GC (Allocation Failure) [PSYoungGen: 68541K->1568K(69120K)] 410357K->343392K(733184K), 0.0017945 secs] [Times: user=0.01 sys=0.00, real=0.01 secs] 
1777.911: [GC (Allocation Failure) [PSYoungGen: 68518K->288K(77312K)] 410342K->342112K(741376K), 0.0015242 secs] [Times: user=0.01 sys=0.00, real=0.00 secs] 
1779.183: [GC (Allocation Failure) [PSYoungGen: 75552K->1440K(77312K)] 417376K->343264K(741376K), 0.0029272 secs] [Times: user=0.01 sys=0.00, real=0.00 secs] 
1780.458: [GC (Allocation Failure) [PSYoungGen: 76704K->1424K(76288K)] 418528K->343248K(740352K), 0.0046223 secs] [Times: user=0.02 sys=0.00, real=0.00 secs] 
1781.622: [GC (Allocation Failure) [PSYoungGen: 76176K->1376K(75776K)] 418000K->343200K(739840K), 0.0032424 secs] [Times: user=0.01 sys=0.00, real=0.00 secs] 
1783.028: [GC (Allocation Failure) [PSYoungGen: 75616K->1456K(75264K)] 417440K->343280K(739328K), 0.0028012 secs] [Times: user=0.01 sys=0.00, real=0.00 secs] 
1783.223: [GC (Allocation Failure) [PSYoungGen: 75184K->1453K(74752K)] 417008K->343277K(738816K), 0.0020739 secs] [Times: user=0.01 sys=0.00, real=0.00 secs] 
1783.351: [GC (Allocation Failure) [PSYoungGen: 74669K->1501K(74240K)] 416493K->343325K(738304K), 0.0015854 secs] [Times: user=0.01 sys=0.00, real=0.00 secs] 
1783.480: [GC (Allocation Failure) [PSYoungGen: 74205K->1469K(73728K)] 416029K->343301K(737792K), 0.0017127 secs] [Times: user=0.01 sys=0.00, real=0.00 secs] 
1783.953: [GC (Allocation Failure) [PSYoungGen: 73661K->1456K(73216K)] 415493K->343288K(737280K), 0.0020515 secs] [Times: user=0.00 sys=0.00, real=0.00 secs] 
1784.394: [GC (Allocation Failure) [PSYoungGen: 73136K->1376K(72704K)] 414968K->343208K(736768K), 0.0024091 secs] [Times: user=0.01 sys=0.00, real=0.00 secs] 
1784.994: [GC (Allocation Failure) [PSYoungGen: 72544K->1408K(72192K)] 414376K->343240K(736256K), 0.0028395 secs] [Times: user=0.01 sys=0.00, real=0.00 secs] 
1785.616: [GC (Allocation Failure) [PSYoungGen: 72064K->1440K(71680K)] 413896K->343272K(735744K), 0.0025395 secs] [Times: user=0.00 sys=0.00, real=0.01 secs] 
1786.061: [GC (Allocation Failure) [PSYoungGen: 71584K->1472K(71168K)] 413416K->343304K(735232K), 0.0017356 secs] [Times: user=0.01 sys=0.00, real=0.00 secs] 
1786.188: [GC (Allocation Failure) [PSYoungGen: 71104K->1501K(70656K)] 412936K->343365K(734720K), 0.0014966 secs] [Times: user=0.01 sys=0.00, real=0.00 secs] 
1786.310: [GC (Allocation Failure) [PSYoungGen: 70621K->1533K(70144K)] 412485K->343397K(734208K), 0.0015858 secs] [Times: user=0.00 sys=0.01, real=0.00 secs] 
1786.510: [GC (Allocation Failure) [PSYoungGen: 70141K->1744K(70144K)] 412005K->343608K(734208K), 0.0018910 secs] [Times: user=0.00 sys=0.00, real=0.00 secs] 
1787.462: [GC (Allocation Failure) [PSYoungGen: 69840K->352K(68096K)] 411704K->343240K(732160K), 0.0029318 secs] [Times: user=0.01 sys=0.00, real=0.00 secs] 
1788.252: [GC (Allocation Failure) [PSYoungGen: 67936K->352K(67584K)] 410824K->343240K(731648K), 0.0024769 secs] [Times: user=0.01 sys=0.00, real=0.00 secs] 
1788.983: [GC (Allocation Failure) [PSYoungGen: 67424K->352K(67072K)] 410312K->343240K(731136K), 0.0037549 secs] [Times: user=0.01 sys=0.00, real=0.01 secs] 
1789.590: [GC (Allocation Failure) [PSYoungGen: 66912K->336K(68608K)] 409800K->343224K(732672K), 0.0027674 secs] [Times: user=0.01 sys=0.01, real=0.00 secs] 
1789.891: [GC (Allocation Failure) [PSYoungGen: 66384K->1469K(67584K)] 409272K->344357K(731648K), 0.0020654 secs] [Times: user=0.00 sys=0.00, real=0.00 secs] 
1790.021: [GC (Allocation Failure) [PSYoungGen: 67517K->1453K(67584K)] 410405K->344341K(731648K), 0.0016476 secs] [Times: user=0.01 sys=0.00, real=0.00 secs] 
1790.136: [GC (Allocation Failure) [PSYoungGen: 67501K->1501K(67584K)] 410389K->344389K(731648K), 0.0016984 secs] [Times: user=0.00 sys=0.00, real=0.01 secs] 
1790.273: [GC (Allocation Failure) [PSYoungGen: 67549K->1501K(71680K)] 410437K->344397K(735744K), 0.0019190 secs] [Times: user=0.01 sys=0.00, real=0.00 secs] 
1790.597: [GC (Allocation Failure) [PSYoungGen: 70621K->1440K(70144K)] 413517K->344336K(734208K), 0.0027752 secs] [Times: user=0.01 sys=0.00, real=0.01 secs] 
1790.893: [GC (Allocation Failure) [PSYoungGen: 70048K->1408K(69632K)] 412944K->344304K(733696K), 0.0019245 secs] [Times: user=0.01 sys=0.00, real=0.00 secs] 
1791.180: [GC (Allocation Failure) [PSYoungGen: 69504K->1376K(69120K)] 412400K->344272K(733184K), 0.0022427 secs] [Times: user=0.01 sys=0.00, real=0.00 secs] 
1791.461: [GC (Allocation Failure) [PSYoungGen: 68960K->1424K(68608K)] 411856K->344320K(732672K), 0.0018800 secs] [Times: user=0.01 sys=0.00, real=0.00 secs] 
1791.626: [GC (Allocation Failure) [PSYoungGen: 68496K->1504K(68096K)] 411392K->344400K(732160K), 0.0016320 secs] [Times: user=0.01 sys=0.00, real=0.01 secs] 
1791.742: [GC (Allocation Failure) [PSYoungGen: 68064K->1501K(70656K)] 410960K->344397K(734720K), 0.0020940 secs] [Times: user=0.01 sys=0.00, real=0.00 secs] 
1791.862: [GC (Allocation Failure) [PSYoungGen: 69597K->1533K(76288K)] 412493K->344445K(740352K), 0.0018371 secs] [Times: user=0.00 sys=0.00, real=0.00 secs] 
1792.041: [GC (Allocation Failure) [PSYoungGen: 75261K->2464K(76288K)] 418173K->345408K(740352K), 0.0020362 secs] [Times: user=0.01 sys=0.00, real=0.00 secs] 
1792.348: [GC (Allocation Failure) [PSYoungGen: 76192K->1408K(83456K)] 419136K->344352K(747520K), 0.0019715 secs] [Times: user=0.01 sys=0.00, real=0.00 secs] 
1792.686: [GC (Allocation Failure) [PSYoungGen: 82816K->1376K(82432K)] 425760K->344320K(746496K), 0.0024254 secs] [Times: user=0.01 sys=0.00, real=0.01 secs] 
1793.023: [GC (Allocation Failure) [PSYoungGen: 82272K->1392K(82432K)] 425216K->344336K(746496K), 0.0024193 secs] [Times: user=0.01 sys=0.00, real=0.00 secs] 
1793.613: [GC (Allocation Failure) [PSYoungGen: 81776K->1504K(81408K)] 424720K->344448K(745472K), 0.0023338 secs] [Times: user=0.01 sys=0.00, real=0.00 secs] 
1793.773: [GC (Allocation Failure) [PSYoungGen: 81376K->1501K(81408K)] 424320K->344445K(745472K), 0.0016775 secs] [Times: user=0.00 sys=0.00, real=0.00 secs] 
1793.912: [GC (Allocation Failure) [PSYoungGen: 80861K->1488K(80384K)] 423805K->344432K(744448K), 0.0016466 secs] [Times: user=0.01 sys=0.00, real=0.00 secs] 
1794.238: [GC (Allocation Failure) [PSYoungGen: 80336K->1488K(79872K)] 423280K->344432K(743936K), 0.0020274 secs] [Times: user=0.01 sys=0.00, real=0.00 secs] 
1794.986: [GC (Allocation Failure) [PSYoungGen: 79824K->1360K(79360K)] 422768K->344312K(743424K), 0.0041487 secs] [Times: user=0.02 sys=0.00, real=0.01 secs] 
1795.641: [GC (Allocation Failure) [PSYoungGen: 79184K->1376K(78848K)] 422136K->344328K(742912K), 0.0030848 secs] [Times: user=0.01 sys=0.00, real=0.00 secs] 
1796.566: [GC (Allocation Failure) [PSYoungGen: 78688K->1344K(78336K)] 421640K->344296K(742400K), 0.0030281 secs] [Times: user=0.01 sys=0.00, real=0.01 secs] 
1797.070: [GC (Allocation Failure) [PSYoungGen: 78144K->1469K(77824K)] 421096K->344421K(741888K), 0.0019411 secs] [Times: user=0.01 sys=0.00, real=0.00 secs] 
1797.224: [GC (Allocation Failure) [PSYoungGen: 77757K->1501K(77312K)] 420709K->344453K(741376K), 0.0016631 secs] [Times: user=0.01 sys=0.00, real=0.00 secs] 
1797.356: [GC (Allocation Failure) [PSYoungGen: 77277K->1504K(76800K)] 420229K->344488K(740864K), 0.0015441 secs] [Times: user=0.00 sys=0.00, real=0.01 secs] 
1797.762: [GC (Allocation Failure) [PSYoungGen: 76768K->1440K(76288K)] 419752K->344440K(740352K), 0.0031334 secs] [Times: user=0.02 sys=0.00, real=0.00 secs] 
1798.130: [GC (Allocation Failure) [PSYoungGen: 76192K->1376K(75776K)] 419192K->344376K(739840K), 0.0026079 secs] [Times: user=0.01 sys=0.00, real=0.00 secs] 
1798.530: [GC (Allocation Failure) [PSYoungGen: 75616K->1392K(75264K)] 418616K->344392K(739328K), 0.0021334 secs] [Times: user=0.00 sys=0.00, real=0.00 secs] 
1798.836: [GC (Allocation Failure) [PSYoungGen: 75120K->1408K(74752K)] 418120K->344408K(738816K), 0.0019250 secs] [Times: user=0.01 sys=0.00, real=0.01 secs] 
1799.227: [GC (Allocation Failure) [PSYoungGen: 74624K->1533K(74240K)] 417624K->344533K(738304K), 0.0015881 secs] [Times: user=0.01 sys=0.00, real=0.01 secs] 
1799.353: [GC (Allocation Failure) [PSYoungGen: 74237K->1501K(73728K)] 417237K->344501K(737792K), 0.0015457 secs] [Times: user=0.01 sys=0.00, real=0.00 secs] 
1799.479: [GC (Allocation Failure) [PSYoungGen: 73693K->1533K(73216K)] 416693K->344533K(737280K), 0.0017322 secs] [Times: user=0.00 sys=0.00, real=0.00 secs] 
1799.604: [GC (Allocation Failure) [PSYoungGen: 73213K->1533K(72704K)] 416213K->344565K(736768K), 0.0015472 secs] [Times: user=0.00 sys=0.00, real=0.00 secs] 
1800.543: [GC (Allocation Failure) [PSYoungGen: 72701K->1440K(72192K)] 415733K->344480K(736256K), 0.0027058 secs] [Times: user=0.01 sys=0.00, real=0.00 secs] 
1801.520: [GC (Allocation Failure) [PSYoungGen: 72096K->1408K(71680K)] 415136K->344448K(735744K), 0.0025980 secs] [Times: user=0.01 sys=0.00, real=0.00 secs] 
1802.557: [GC (Allocation Failure) [PSYoungGen: 71552K->1408K(71168K)] 414592K->344448K(735232K), 0.0035973 secs] [Times: user=0.01 sys=0.01, real=0.01 secs] 
1803.521: [GC (Allocation Failure) [PSYoungGen: 71040K->1376K(70656K)] 414080K->344416K(734720K), 0.0033807 secs] [Times: user=0.01 sys=0.00, real=0.00 secs] 
1803.784: [GC (Allocation Failure) [PSYoungGen: 70496K->1504K(70144K)] 413536K->344544K(734208K), 0.0018427 secs] [Times: user=0.00 sys=0.00, real=0.00 secs] 
1803.908: [GC (Allocation Failure) [PSYoungGen: 70112K->1501K(69632K)] 413152K->344541K(733696K), 0.0015303 secs] [Times: user=0.01 sys=0.00, real=0.00 secs] 
1804.026: [GC (Allocation Failure) [PSYoungGen: 69597K->1533K(69120K)] 412637K->344573K(733184K), 0.0016093 secs] [Times: user=0.01 sys=0.00, real=0.01 secs] 
1804.772: [GC (Allocation Failure) [PSYoungGen: 69117K->1488K(68608K)] 412157K->344544K(732672K), 0.0033358 secs] [Times: user=0.01 sys=0.00, real=0.00 secs] 
1805.387: [GC (Allocation Failure) [PSYoungGen: 68560K->1408K(68096K)] 411616K->344464K(732160K), 0.0020316 secs] [Times: user=0.01 sys=0.01, real=0.00 secs] 
1806.016: [GC (Allocation Failure) [PSYoungGen: 67968K->1376K(67584K)] 411024K->344432K(731648K), 0.0035927 secs] [Times: user=0.01 sys=0.00, real=0.01 secs] 
1806.794: [GC (Allocation Failure) [PSYoungGen: 67424K->1408K(67584K)] 410480K->344464K(731648K), 0.0034636 secs] [Times: user=0.01 sys=0.00, real=0.01 secs] 
1807.735: [GC (Allocation Failure) [PSYoungGen: 67456K->1408K(68096K)] 410512K->344464K(732160K), 0.0038402 secs] [Times: user=0.01 sys=0.00, real=0.01 secs] 
1808.044: [GC (Allocation Failure) [PSYoungGen: 67456K->1533K(68096K)] 410512K->344589K(732160K), 0.0018344 secs] [Times: user=0.01 sys=0.00, real=0.00 secs] 
1808.171: [GC (Allocation Failure) [PSYoungGen: 67581K->1520K(68096K)] 410637K->344576K(732160K), 0.0015799 secs] [Times: user=0.01 sys=0.00, real=0.00 secs] 
1808.287: [GC (Allocation Failure) [PSYoungGen: 67568K->1485K(68096K)] 410624K->344541K(732160K), 0.0015904 secs] [Times: user=0.00 sys=0.00, real=0.00 secs] 
1808.434: [GC (Allocation Failure) [PSYoungGen: 67383K->256K(68096K)] 410439K->343320K(732160K), 0.0019723 secs] [Times: user=0.01 sys=0.00, real=0.00 secs] 
1809.214: [GC (Allocation Failure) [PSYoungGen: 66304K->1408K(68096K)] 409368K->344472K(732160K), 0.0023600 secs] [Times: user=0.01 sys=0.00, real=0.00 secs] 
1809.894: [GC (Allocation Failure) [PSYoungGen: 67456K->1376K(68096K)] 410520K->344440K(732160K), 0.0025824 secs] [Times: user=0.01 sys=0.00, real=0.00 secs] 
1810.576: [GC (Allocation Failure) [PSYoungGen: 67424K->1360K(68096K)] 410488K->344424K(732160K), 0.0021742 secs] [Times: user=0.01 sys=0.00, real=0.01 secs] 
1811.132: [GC (Allocation Failure) [PSYoungGen: 67408K->1392K(68096K)] 410472K->344456K(732160K), 0.0020937 secs] [Times: user=0.01 sys=0.00, real=0.00 secs] 
1811.337: [GC (Allocation Failure) [PSYoungGen: 67440K->1469K(68096K)] 410504K->344533K(732160K), 0.0014867 secs] [Times: user=0.00 sys=0.00, real=0.01 secs] 
1811.454: [GC (Allocation Failure) [PSYoungGen: 67506K->1469K(68096K)] 410571K->344533K(732160K), 0.0015080 secs] [Times: user=0.01 sys=0.00, real=0.00 secs] 
1811.569: [GC (Allocation Failure) [PSYoungGen: 67517K->1517K(68096K)] 410581K->344589K(732160K), 0.0014691 secs] [Times: user=0.01 sys=0.00, real=0.00 secs] 
1811.685: [GC (Allocation Failure) [PSYoungGen: 67565K->1517K(68096K)] 410637K->344589K(732160K), 0.0016021 secs] [Times: user=0.01 sys=0.00, real=0.00 secs] 
1812.013: [GC (Allocation Failure) [PSYoungGen: 67565K->1456K(68096K)] 410637K->344528K(732160K), 0.0019530 secs] [Times: user=0.00 sys=0.00, real=0.00 secs] 
1812.287: [GC (Allocation Failure) [PSYoungGen: 67504K->1376K(68096K)] 410576K->344448K(732160K), 0.0018627 secs] [Times: user=0.00 sys=0.00, real=0.00 secs] 
1812.614: [GC (Allocation Failure) [PSYoungGen: 67424K->1360K(68096K)] 410496K->344440K(732160K), 0.0020310 secs] [Times: user=0.01 sys=0.00, real=0.00 secs] 
1812.922: [GC (Allocation Failure) [PSYoungGen: 67408K->1392K(68096K)] 410488K->344472K(732160K), 0.0020607 secs] [Times: user=0.01 sys=0.00, real=0.00 secs] 
1813.164: [GC (Allocation Failure) [PSYoungGen: 67440K->1485K(68096K)] 410520K->344565K(732160K), 0.0015368 secs] [Times: user=0.00 sys=0.00, real=0.00 secs] 
1813.281: [GC (Allocation Failure) [PSYoungGen: 67533K->1533K(68096K)] 410613K->344613K(732160K), 0.0015010 secs] [Times: user=0.01 sys=0.00, real=0.00 secs] 
1813.414: [GC (Allocation Failure) [PSYoungGen: 67581K->1501K(68096K)] 410661K->344589K(732160K), 0.0025619 secs] [Times: user=0.01 sys=0.00, real=0.00 secs] 
1813.560: [GC (Allocation Failure) [PSYoungGen: 67549K->1485K(75264K)] 410637K->344589K(739328K), 0.0018699 secs] [Times: user=0.00 sys=0.00, real=0.00 secs] 
1814.697: [GC (Allocation Failure) [PSYoungGen: 74701K->1424K(74240K)] 417805K->344528K(738304K), 0.0035168 secs] [Times: user=0.01 sys=0.01, real=0.00 secs] 
1815.294: [GC (Allocation Failure) [PSYoungGen: 74128K->1408K(73728K)] 417232K->344512K(737792K), 0.0020403 secs] [Times: user=0.01 sys=0.00, real=0.00 secs] 
1816.316: [GC (Allocation Failure) [PSYoungGen: 73600K->1408K(73216K)] 416704K->344512K(737280K), 0.0029001 secs] [Times: user=0.01 sys=0.00, real=0.01 secs] 
1817.449: [GC (Allocation Failure) [PSYoungGen: 73088K->1408K(72704K)] 416192K->344512K(736768K), 0.0028184 secs] [Times: user=0.02 sys=0.00, real=0.00 secs] 
1817.845: [GC (Allocation Failure) [PSYoungGen: 72576K->1488K(72192K)] 415680K->344592K(736256K), 0.0018240 secs] [Times: user=0.00 sys=0.00, real=0.00 secs] 
1817.978: [GC (Allocation Failure) [PSYoungGen: 72144K->1501K(71680K)] 415248K->344605K(735744K), 0.0015644 secs] [Times: user=0.01 sys=0.00, real=0.00 secs] 
1818.100: [GC (Allocation Failure) [PSYoungGen: 71645K->1533K(71168K)] 414749K->344637K(735232K), 0.0016168 secs] [Times: user=0.00 sys=0.00, real=0.00 secs] 
1818.338: [GC (Allocation Failure) [PSYoungGen: 71165K->1472K(70656K)] 414269K->344576K(734720K), 0.0020944 secs] [Times: user=0.01 sys=0.00, real=0.00 secs] 
1818.627: [GC (Allocation Failure) [PSYoungGen: 70592K->1408K(70144K)] 413696K->344512K(734208K), 0.0020199 secs] [Times: user=0.00 sys=0.00, real=0.01 secs] 
1818.912: [GC (Allocation Failure) [PSYoungGen: 70016K->1408K(69632K)] 413120K->344512K(733696K), 0.0019719 secs] [Times: user=0.01 sys=0.01, real=0.00 secs] 
1819.195: [GC (Allocation Failure) [PSYoungGen: 69504K->1408K(69120K)] 412608K->344512K(733184K), 0.0019663 secs] [Times: user=0.01 sys=0.01, real=0.00 secs] 
1819.639: [GC (Allocation Failure) [PSYoungGen: 68992K->1469K(68608K)] 412096K->344573K(732672K), 0.0020379 secs] [Times: user=0.01 sys=0.00, real=0.00 secs] 
1819.774: [GC (Allocation Failure) [PSYoungGen: 68541K->1517K(68096K)] 411645K->344621K(732160K), 0.0016632 secs] [Times: user=0.01 sys=0.00, real=0.00 secs] 
1819.906: [GC (Allocation Failure) [PSYoungGen: 68077K->1565K(68096K)] 411181K->344669K(732160K), 0.0018955 secs] [Times: user=0.01 sys=0.00, real=0.01 secs] 
1820.052: [GC (Allocation Failure) [PSYoungGen: 67613K->1536K(68608K)] 410717K->344640K(732672K), 0.0017640 secs] [Times: user=0.01 sys=0.00, real=0.00 secs] 
1820.441: [GC (Allocation Failure) [PSYoungGen: 68096K->1472K(67584K)] 411200K->344576K(731648K), 0.0024973 secs] [Times: user=0.01 sys=0.00, real=0.00 secs] 
1820.983: [GC (Allocation Failure) [PSYoungGen: 67520K->1376K(67584K)] 410624K->344480K(731648K), 0.0033158 secs] [Times: user=0.01 sys=0.00, real=0.00 secs] 
1821.663: [GC (Allocation Failure) [PSYoungGen: 67424K->1344K(67584K)] 410528K->344448K(731648K), 0.0025617 secs] [Times: user=0.02 sys=0.00, real=0.00 secs] 
1822.339: [GC (Allocation Failure) [PSYoungGen: 67392K->1408K(67584K)] 410496K->344512K(731648K), 0.0050123 secs] [Times: user=0.02 sys=0.00, real=0.00 secs] 
1823.070: [GC (Allocation Failure) [PSYoungGen: 67456K->1440K(67584K)] 410560K->344568K(731648K), 0.0028445 secs] [Times: user=0.01 sys=0.00, real=0.00 secs] 
1823.295: [GC (Allocation Failure) [PSYoungGen: 67488K->1469K(67584K)] 410616K->344597K(731648K), 0.0015874 secs] [Times: user=0.00 sys=0.00, real=0.00 secs] 
1823.411: [GC (Allocation Failure) [PSYoungGen: 67517K->1485K(67584K)] 410645K->344613K(731648K), 0.0015708 secs] [Times: user=0.01 sys=0.00, real=0.00 secs] 
1823.527: [GC (Allocation Failure) [PSYoungGen: 67533K->1485K(67584K)] 410661K->344621K(731648K), 0.0016047 secs] [Times: user=0.01 sys=0.00, real=0.01 secs] 
1823.643: [GC (Allocation Failure) [PSYoungGen: 67533K->1408K(70656K)] 410669K->344544K(734720K), 0.0015723 secs] [Times: user=0.01 sys=0.00, real=0.00 secs] 
1824.684: [GC (Allocation Failure) [PSYoungGen: 70528K->1376K(70144K)] 413664K->344512K(734208K), 0.0024081 secs] [Times: user=0.01 sys=0.00, real=0.00 secs] 
1825.276: [GC (Allocation Failure) [PSYoungGen: 69984K->1376K(69632K)] 413120K->344512K(733696K), 0.0022604 secs] [Times: user=0.01 sys=0.00, real=0.01 secs] 
1825.865: [GC (Allocation Failure) [PSYoungGen: 69472K->1376K(69120K)] 412608K->344512K(733184K), 0.0025501 secs] [Times: user=0.00 sys=0.00, real=0.01 secs] 
1826.404: [GC (Allocation Failure) [PSYoungGen: 68960K->1376K(68608K)] 412096K->344512K(732672K), 0.0020285 secs] [Times: user=0.01 sys=0.00, real=0.00 secs] 
1826.644: [GC (Allocation Failure) [PSYoungGen: 68448K->1501K(68096K)] 411584K->344637K(732160K), 0.0016021 secs] [Times: user=0.01 sys=0.00, real=0.00 secs] 
1826.761: [GC (Allocation Failure) [PSYoungGen: 68061K->1501K(67584K)] 411197K->344637K(731648K), 0.0015554 secs] [Times: user=0.01 sys=0.00, real=0.00 secs] 
1826.879: [GC (Allocation Failure) [PSYoungGen: 67549K->1485K(68096K)] 410685K->344629K(732160K), 0.0015880 secs] [Times: user=0.01 sys=0.00, real=0.00 secs] 
1826.996: [GC (Allocation Failure) [PSYoungGen: 67533K->1424K(68096K)] 410677K->344568K(732160K), 0.0014843 secs] [Times: user=0.01 sys=0.00, real=0.01 secs] 
1827.878: [GC (Allocation Failure) [PSYoungGen: 67472K->1376K(68096K)] 410616K->344520K(732160K), 0.0022631 secs] [Times: user=0.01 sys=0.00, real=0.00 secs] 
1828.198: [GC (Allocation Failure) [PSYoungGen: 67424K->1408K(68096K)] 410568K->344552K(732160K), 0.0020694 secs] [Times: user=0.01 sys=0.00, real=0.00 secs] 
1828.509: [GC (Allocation Failure) [PSYoungGen: 67456K->1376K(68096K)] 410600K->344520K(732160K), 0.0020549 secs] [Times: user=0.01 sys=0.00, real=0.00 secs] 
1828.885: [GC (Allocation Failure) [PSYoungGen: 67424K->1344K(68096K)] 410568K->344488K(732160K), 0.0034232 secs] [Times: user=0.01 sys=0.00, real=0.01 secs] 
1829.501: [GC (Allocation Failure) [PSYoungGen: 67392K->1517K(68096K)] 410536K->344661K(732160K), 0.0015597 secs] [Times: user=0.01 sys=0.00, real=0.00 secs] 
1829.617: [GC (Allocation Failure) [PSYoungGen: 67565K->1453K(68096K)] 410709K->344597K(732160K), 0.0016762 secs] [Times: user=0.01 sys=0.00, real=0.00 secs] 
1829.733: [GC (Allocation Failure) [PSYoungGen: 67486K->1501K(68096K)] 410630K->344653K(732160K), 0.0015484 secs] [Times: user=0.01 sys=0.00, real=0.00 secs] 
1829.849: [GC (Allocation Failure) [PSYoungGen: 67549K->1533K(68096K)] 410701K->344693K(732160K), 0.0015984 secs] [Times: user=0.01 sys=0.00, real=0.00 secs] 
1830.247: [GC (Allocation Failure) [PSYoungGen: 67581K->1440K(68096K)] 410741K->344600K(732160K), 0.0022143 secs] [Times: user=0.01 sys=0.00, real=0.00 secs] 
1830.522: [GC (Allocation Failure) [PSYoungGen: 67488K->1376K(68096K)] 410648K->344536K(732160K), 0.0018302 secs] [Times: user=0.01 sys=0.00, real=0.00 secs] 
1830.870: [GC (Allocation Failure) [PSYoungGen: 67424K->1376K(68096K)] 410584K->344536K(732160K), 0.0018526 secs] [Times: user=0.01 sys=0.00, real=0.00 secs] 
1831.144: [GC (Allocation Failure) [PSYoungGen: 67424K->1376K(68096K)] 410584K->344536K(732160K), 0.0019243 secs] [Times: user=0.01 sys=0.00, real=0.00 secs] 
1831.388: [GC (Allocation Failure) [PSYoungGen: 67424K->1533K(68096K)] 410584K->344693K(732160K), 0.0014768 secs] [Times: user=0.01 sys=0.00, real=0.00 secs] 
1831.504: [GC (Allocation Failure) [PSYoungGen: 67581K->1501K(68096K)] 410741K->344661K(732160K), 0.0016780 secs] [Times: user=0.01 sys=0.00, real=0.00 secs] 
1831.620: [GC (Allocation Failure) [PSYoungGen: 67527K->1536K(68096K)] 410687K->344704K(732160K), 0.0015750 secs] [Times: user=0.01 sys=0.00, real=0.00 secs] 
1831.737: [GC (Allocation Failure) [PSYoungGen: 67584K->1533K(75264K)] 410752K->344733K(739328K), 0.0017216 secs] [Times: user=0.01 sys=0.00, real=0.01 secs] 
1833.293: [GC (Allocation Failure) [PSYoungGen: 74749K->1440K(74240K)] 417949K->344640K(738304K), 0.0028652 secs] [Times: user=0.01 sys=0.00, real=0.00 secs] 
1834.183: [GC (Allocation Failure) [PSYoungGen: 74144K->1408K(73728K)] 417344K->344608K(737792K), 0.0026835 secs] [Times: user=0.01 sys=0.00, real=0.00 secs] 
1834.798: [GC (Allocation Failure) [PSYoungGen: 73600K->1408K(73216K)] 416800K->344608K(737280K), 0.0029698 secs] [Times: user=0.01 sys=0.00, real=0.00 secs] 
1835.354: [GC (Allocation Failure) [PSYoungGen: 73088K->1408K(72704K)] 416288K->344608K(736768K), 0.0026419 secs] [Times: user=0.01 sys=0.00, real=0.00 secs] 
1835.735: [GC (Allocation Failure) [PSYoungGen: 72576K->1501K(72192K)] 415776K->344701K(736256K), 0.0018049 secs] [Times: user=0.01 sys=0.00, real=0.00 secs] 
1835.860: [GC (Allocation Failure) [PSYoungGen: 72157K->1533K(71680K)] 415357K->344733K(735744K), 0.0016589 secs] [Times: user=0.01 sys=0.00, real=0.00 secs] 
1835.982: [GC (Allocation Failure) [PSYoungGen: 71677K->1453K(71168K)] 414877K->344653K(735232K), 0.0017548 secs] [Times: user=0.00 sys=0.00, real=0.00 secs] 
1836.264: [GC (Allocation Failure) [PSYoungGen: 71085K->1456K(70656K)] 414285K->344656K(734720K), 0.0017415 secs] [Times: user=0.01 sys=0.00, real=0.00 secs] 
1837.292: [GC (Allocation Failure) [PSYoungGen: 70576K->1440K(70144K)] 413776K->344640K(734208K), 0.0034587 secs] [Times: user=0.02 sys=0.00, real=0.00 secs] 
1838.249: [GC (Allocation Failure) [PSYoungGen: 70048K->1408K(69632K)] 413248K->344608K(733696K), 0.0034380 secs] [Times: user=0.02 sys=0.00, real=0.00 secs] 
1838.838: [GC (Allocation Failure) [PSYoungGen: 69504K->1408K(69120K)] 412704K->344608K(733184K), 0.0030649 secs] [Times: user=0.01 sys=0.00, real=0.00 secs] 
1840.090: [GC (Allocation Failure) [PSYoungGen: 68992K->1456K(68608K)] 412192K->344656K(732672K), 0.0042749 secs] [Times: user=0.01 sys=0.01, real=0.00 secs] 
1840.303: [GC (Allocation Failure) [PSYoungGen: 68528K->1565K(68608K)] 411728K->344765K(732672K), 0.0020789 secs] [Times: user=0.01 sys=0.00, real=0.00 secs] 
1840.424: [GC (Allocation Failure) [PSYoungGen: 68125K->1488K(67584K)] 411325K->344688K(731648K), 0.0015870 secs] [Times: user=0.00 sys=0.00, real=0.00 secs] 
1840.539: [GC (Allocation Failure) [PSYoungGen: 67536K->1533K(67584K)] 410736K->344733K(731648K), 0.0016778 secs] [Times: user=0.01 sys=0.01, real=0.00 secs] 
1840.930: [GC (Allocation Failure) [PSYoungGen: 67581K->1440K(68096K)] 410781K->344648K(732160K), 0.0022498 secs] [Times: user=0.01 sys=0.00, real=0.00 secs] 
1841.794: [GC (Allocation Failure) [PSYoungGen: 67488K->1392K(68096K)] 410696K->344600K(732160K), 0.0034887 secs] [Times: user=0.01 sys=0.00, real=0.01 secs] 
1842.533: [GC (Allocation Failure) [PSYoungGen: 67440K->1392K(68096K)] 410648K->344600K(732160K), 0.0034746 secs] [Times: user=0.01 sys=0.00, real=0.00 secs] 
1843.088: [GC (Allocation Failure) [PSYoungGen: 67440K->1344K(68096K)] 410648K->344552K(732160K), 0.0030508 secs] [Times: user=0.01 sys=0.00, real=0.00 secs] 
1843.485: [GC (Allocation Failure) [PSYoungGen: 67392K->1408K(68096K)] 410600K->344616K(732160K), 0.0018973 secs] [Times: user=0.01 sys=0.00, real=0.01 secs] 
1843.737: [GC (Allocation Failure) [PSYoungGen: 67456K->1453K(68096K)] 410664K->344661K(732160K), 0.0016625 secs] [Times: user=0.01 sys=0.00, real=0.01 secs] 
1843.891: [GC (Allocation Failure) [PSYoungGen: 67478K->1488K(68096K)] 410687K->344696K(732160K), 0.0022792 secs] [Times: user=0.01 sys=0.01, real=0.00 secs] 
1844.057: [GC (Allocation Failure) [PSYoungGen: 67536K->1485K(68096K)] 410744K->344701K(732160K), 0.0015581 secs] [Times: user=0.00 sys=0.00, real=0.00 secs] 
1844.296: [GC (Allocation Failure) [PSYoungGen: 67533K->1504K(68096K)] 410749K->344720K(732160K), 0.0018457 secs] [Times: user=0.00 sys=0.00, real=0.01 secs] 
1845.168: [GC (Allocation Failure) [PSYoungGen: 67552K->1408K(68096K)] 410768K->344632K(732160K), 0.0041811 secs] [Times: user=0.02 sys=0.00, real=0.00 secs] 
1845.961: [GC (Allocation Failure) [PSYoungGen: 67456K->1408K(68096K)] 410680K->344632K(732160K), 0.0039023 secs] [Times: user=0.02 sys=0.00, real=0.00 secs] 
1846.538: [GC (Allocation Failure) [PSYoungGen: 67456K->1344K(68096K)] 410680K->344568K(732160K), 0.0023711 secs] [Times: user=0.01 sys=0.00, real=0.00 secs] 
1847.165: [GC (Allocation Failure) [PSYoungGen: 67392K->1408K(68096K)] 410616K->344632K(732160K), 0.0035066 secs] [Times: user=0.02 sys=0.00, real=0.01 secs] 
1847.723: [GC (Allocation Failure) [PSYoungGen: 67456K->1504K(68096K)] 410680K->344728K(732160K), 0.0020094 secs] [Times: user=0.00 sys=0.00, real=0.00 secs] 
1847.872: [GC (Allocation Failure) [PSYoungGen: 67552K->1485K(68096K)] 410776K->344709K(732160K), 0.0015794 secs] [Times: user=0.00 sys=0.00, real=0.00 secs] 
1848.004: [GC (Allocation Failure) [PSYoungGen: 67513K->1501K(68096K)] 410737K->344741K(732160K), 0.0018880 secs] [Times: user=0.00 sys=0.00, real=0.00 secs] 
1848.162: [GC (Allocation Failure) [PSYoungGen: 67549K->1533K(68096K)] 410789K->344773K(732160K), 0.0021456 secs] [Times: user=0.00 sys=0.00, real=0.00 secs] 
1848.838: [GC (Allocation Failure) [PSYoungGen: 67581K->1440K(68096K)] 410821K->344680K(732160K), 0.0023396 secs] [Times: user=0.01 sys=0.00, real=0.00 secs] 
1849.460: [GC (Allocation Failure) [PSYoungGen: 67488K->1376K(68096K)] 410728K->344616K(732160K), 0.0051369 secs] [Times: user=0.02 sys=0.00, real=0.00 secs] 
1850.129: [GC (Allocation Failure) [PSYoungGen: 67424K->1392K(68096K)] 410664K->344632K(732160K), 0.0033083 secs] [Times: user=0.01 sys=0.00, real=0.00 secs] 
1850.447: [GC (Allocation Failure) [PSYoungGen: 67440K->1408K(68096K)] 410680K->344648K(732160K), 0.0020529 secs] [Times: user=0.01 sys=0.00, real=0.00 secs] 
1850.897: [GC (Allocation Failure) [PSYoungGen: 67456K->1469K(68096K)] 410696K->344709K(732160K), 0.0018070 secs] [Times: user=0.01 sys=0.00, real=0.00 secs] 
1851.025: [GC (Allocation Failure) [PSYoungGen: 67517K->1472K(68096K)] 410757K->344712K(732160K), 0.0016459 secs] [Times: user=0.00 sys=0.00, real=0.00 secs] 
1851.157: [GC (Allocation Failure) [PSYoungGen: 67520K->1565K(68096K)] 410760K->344821K(732160K), 0.0018783 secs] [Times: user=0.00 sys=0.00, real=0.00 secs] 
1851.311: [GC (Allocation Failure) [PSYoungGen: 67613K->1501K(68096K)] 410869K->344757K(732160K), 0.0018378 secs] [Times: user=0.00 sys=0.00, real=0.00 secs] 
1852.561: [GC (Allocation Failure) [PSYoungGen: 67549K->1456K(68096K)] 410805K->344712K(732160K), 0.0042281 secs] [Times: user=0.02 sys=0.00, real=0.00 secs] 
1853.368: [GC (Allocation Failure) [PSYoungGen: 67504K->1408K(68096K)] 410760K->344664K(732160K), 0.0041211 secs] [Times: user=0.02 sys=0.00, real=0.00 secs] 
1854.128: [GC (Allocation Failure) [PSYoungGen: 67456K->1408K(68096K)] 410712K->344664K(732160K), 0.0033797 secs] [Times: user=0.01 sys=0.00, real=0.00 secs] 
1854.853: [GC (Allocation Failure) [PSYoungGen: 67456K->1408K(68096K)] 410712K->344688K(732160K), 0.0031012 secs] [Times: user=0.01 sys=0.00, real=0.00 secs] 
1855.495: [GC (Allocation Failure) [PSYoungGen: 67456K->1472K(68096K)] 410736K->344752K(732160K), 0.0022920 secs] [Times: user=0.01 sys=0.00, real=0.01 secs] 
1855.653: [GC (Allocation Failure) [PSYoungGen: 67520K->1501K(68096K)] 410800K->344781K(732160K), 0.0015266 secs] [Times: user=0.01 sys=0.00, real=0.00 secs] 
1855.769: [GC (Allocation Failure) [PSYoungGen: 67549K->1501K(68096K)] 410829K->344781K(732160K), 0.0015350 secs] [Times: user=0.01 sys=0.00, real=0.00 secs] 
1855.885: [GC (Allocation Failure) [PSYoungGen: 67549K->1533K(68096K)] 410829K->344821K(732160K), 0.0015421 secs] [Times: user=0.01 sys=0.00, real=0.00 secs] 
1856.658: [GC (Allocation Failure) [PSYoungGen: 67581K->1456K(68096K)] 410869K->344744K(732160K), 0.0033122 secs] [Times: user=0.02 sys=0.00, real=0.00 secs] 
1857.423: [GC (Allocation Failure) [PSYoungGen: 67504K->1344K(68096K)] 410792K->344632K(732160K), 0.0021270 secs] [Times: user=0.01 sys=0.00, real=0.00 secs] 
1858.214: [GC (Allocation Failure) [PSYoungGen: 67392K->1376K(68096K)] 410680K->344664K(732160K), 0.0025740 secs] [Times: user=0.01 sys=0.00, real=0.01 secs] 
1858.891: [GC (Allocation Failure) [PSYoungGen: 67424K->1408K(68096K)] 410712K->344696K(732160K), 0.0024674 secs] [Times: user=0.01 sys=0.00, real=0.00 secs] 
1859.470: [GC (Allocation Failure) [PSYoungGen: 67456K->1472K(68096K)] 410744K->344760K(732160K), 0.0020811 secs] [Times: user=0.01 sys=0.00, real=0.00 secs] 
1859.609: [GC (Allocation Failure) [PSYoungGen: 67520K->1440K(68096K)] 410808K->344728K(732160K), 0.0015299 secs] [Times: user=0.00 sys=0.01, real=0.00 secs] 
1859.729: [GC (Allocation Failure) [PSYoungGen: 67488K->1533K(68096K)] 410776K->344821K(732160K), 0.0014987 secs] [Times: user=0.01 sys=0.00, real=0.00 secs] 
1859.862: [GC (Allocation Failure) [PSYoungGen: 67581K->1533K(68096K)] 410869K->344829K(732160K), 0.0016979 secs] [Times: user=0.01 sys=0.00, real=0.00 secs] 
1860.937: [GC (Allocation Failure) [PSYoungGen: 67581K->1440K(68096K)] 410877K->344736K(732160K), 0.0023664 secs] [Times: user=0.01 sys=0.00, real=0.00 secs] 
1861.811: [GC (Allocation Failure) [PSYoungGen: 67488K->1408K(68096K)] 410784K->344704K(732160K), 0.0029209 secs] [Times: user=0.01 sys=0.00, real=0.00 secs] 
1862.751: [GC (Allocation Failure) [PSYoungGen: 67456K->1344K(68096K)] 410752K->344640K(732160K), 0.0028132 secs] [Times: user=0.01 sys=0.00, real=0.00 secs] 
1863.688: [GC (Allocation Failure) [PSYoungGen: 67392K->1344K(68096K)] 410688K->344640K(732160K), 0.0034736 secs] [Times: user=0.01 sys=0.00, real=0.00 secs] 
1864.326: [GC (Allocation Failure) [PSYoungGen: 67392K->1421K(68096K)] 410688K->344717K(732160K), 0.0025370 secs] [Times: user=0.01 sys=0.00, real=0.01 secs] 
1864.508: [GC (Allocation Failure) [PSYoungGen: 67469K->1536K(68096K)] 410765K->344832K(732160K), 0.0015602 secs] [Times: user=0.01 sys=0.00, real=0.00 secs] 
1864.624: [GC (Allocation Failure) [PSYoungGen: 67584K->1533K(68096K)] 410880K->344829K(732160K), 0.0016603 secs] [Times: user=0.01 sys=0.00, real=0.00 secs] 
1864.740: [GC (Allocation Failure) [PSYoungGen: 67581K->1469K(68096K)] 410877K->344781K(732160K), 0.0015282 secs] [Times: user=0.01 sys=0.00, real=0.00 secs] 
1865.297: [GC (Allocation Failure) [PSYoungGen: 67517K->1456K(68096K)] 410829K->344768K(732160K), 0.0022060 secs] [Times: user=0.01 sys=0.00, real=0.01 secs] 
1865.648: [GC (Allocation Failure) [PSYoungGen: 67504K->1376K(68096K)] 410816K->344696K(732160K), 0.0019909 secs] [Times: user=0.00 sys=0.00, real=0.00 secs] 
1865.923: [GC (Allocation Failure) [PSYoungGen: 67424K->1376K(68096K)] 410744K->344696K(732160K), 0.0020711 secs] [Times: user=0.01 sys=0.00, real=0.00 secs] 
1866.198: [GC (Allocation Failure) [PSYoungGen: 67424K->1344K(68096K)] 410744K->344664K(732160K), 0.0017427 secs] [Times: user=0.01 sys=0.00, real=0.00 secs] 
1866.623: [GC (Allocation Failure) [PSYoungGen: 67392K->1392K(68096K)] 410712K->344712K(732160K), 0.0019900 secs] [Times: user=0.01 sys=0.00, real=0.00 secs] 
1866.787: [GC (Allocation Failure) [PSYoungGen: 67440K->1472K(68096K)] 410760K->344800K(732160K), 0.0015048 secs] [Times: user=0.01 sys=0.00, real=0.01 secs] 
1866.903: [GC (Allocation Failure) [PSYoungGen: 67491K->1469K(68096K)] 410819K->344797K(732160K), 0.0016111 secs] [Times: user=0.01 sys=0.00, real=0.00 secs] 
1867.018: [GC (Allocation Failure) [PSYoungGen: 67517K->1533K(68096K)] 410845K->344877K(732160K), 0.0015169 secs] [Times: user=0.01 sys=0.00, real=0.00 secs] 
1867.562: [GC (Allocation Failure) [PSYoungGen: 67581K->1600K(68096K)] 410925K->344944K(732160K), 0.0020913 secs] [Times: user=0.01 sys=0.00, real=0.00 secs] 
1868.964: [GC (Allocation Failure) [PSYoungGen: 67648K->1408K(68096K)] 410992K->344752K(732160K), 0.0041054 secs] [Times: user=0.01 sys=0.00, real=0.01 secs] 
1870.315: [GC (Allocation Failure) [PSYoungGen: 67456K->1392K(68096K)] 410800K->344736K(732160K), 0.0039142 secs] [Times: user=0.02 sys=0.00, real=0.01 secs] 
1871.175: [GC (Allocation Failure) [PSYoungGen: 67440K->1344K(68096K)] 410784K->344688K(732160K), 0.0032838 secs] [Times: user=0.01 sys=0.00, real=0.01 secs] 
1872.001: [GC (Allocation Failure) [PSYoungGen: 67392K->1392K(68096K)] 410736K->344736K(732160K), 0.0027986 secs] [Times: user=0.01 sys=0.00, real=0.00 secs] 
1872.294: [GC (Allocation Failure) [PSYoungGen: 67440K->1533K(68096K)] 410784K->344877K(732160K), 0.0015608 secs] [Times: user=0.01 sys=0.00, real=0.00 secs] 
1872.427: [GC (Allocation Failure) [PSYoungGen: 67581K->1501K(68096K)] 410925K->344845K(732160K), 0.0018618 secs] [Times: user=0.00 sys=0.00, real=0.01 secs] 
1872.570: [GC (Allocation Failure) [PSYoungGen: 67549K->1501K(68096K)] 410893K->344861K(732160K), 0.0016973 secs] [Times: user=0.00 sys=0.00, real=0.00 secs] 
1872.702: [GC (Allocation Failure) [PSYoungGen: 67549K->1533K(68096K)] 410909K->344893K(732160K), 0.0024407 secs] [Times: user=0.01 sys=0.00, real=0.00 secs] 
1873.117: [GC (Allocation Failure) [PSYoungGen: 67581K->1440K(67584K)] 410941K->344800K(731648K), 0.0020181 secs] [Times: user=0.00 sys=0.00, real=0.00 secs] 
1873.407: [GC (Allocation Failure) [PSYoungGen: 67488K->1408K(67584K)] 410848K->344768K(731648K), 0.0019875 secs] [Times: user=0.01 sys=0.00, real=0.00 secs] 
1873.837: [GC (Allocation Failure) [PSYoungGen: 67456K->1376K(67584K)] 410816K->344736K(731648K), 0.0019649 secs] [Times: user=0.01 sys=0.00, real=0.00 secs] 
1874.112: [GC (Allocation Failure) [PSYoungGen: 67424K->1376K(67584K)] 410784K->344736K(731648K), 0.0023328 secs] [Times: user=0.01 sys=0.00, real=0.00 secs] 
1874.433: [GC (Allocation Failure) [PSYoungGen: 67424K->1517K(67584K)] 410784K->344877K(731648K), 0.0024049 secs] [Times: user=0.01 sys=0.00, real=0.00 secs] 
1874.592: [GC (Allocation Failure) [PSYoungGen: 67565K->1533K(67584K)] 410925K->344893K(731648K), 0.0015799 secs] [Times: user=0.01 sys=0.00, real=0.00 secs] 
1874.707: [GC (Allocation Failure) [PSYoungGen: 67563K->1469K(67584K)] 410923K->344861K(731648K), 0.0015316 secs] [Times: user=0.01 sys=0.00, real=0.00 secs] 
1874.823: [GC (Allocation Failure) [PSYoungGen: 67517K->1517K(71680K)] 410909K->344909K(735744K), 0.0014939 secs] [Times: user=0.00 sys=0.00, real=0.00 secs] 
1875.996: [GC (Allocation Failure) [PSYoungGen: 71149K->1440K(70656K)] 414541K->344832K(734720K), 0.0022168 secs] [Times: user=0.01 sys=0.00, real=0.01 secs] 
1876.566: [GC (Allocation Failure) [PSYoungGen: 70560K->1408K(70144K)] 413952K->344800K(734208K), 0.0023012 secs] [Times: user=0.01 sys=0.00, real=0.01 secs] 
1877.319: [GC (Allocation Failure) [PSYoungGen: 70016K->1408K(69632K)] 413408K->344800K(733696K), 0.0028068 secs] [Times: user=0.01 sys=0.00, real=0.00 secs] 
1878.088: [GC (Allocation Failure) [PSYoungGen: 69504K->1408K(69120K)] 412896K->344800K(733184K), 0.0044800 secs] [Times: user=0.02 sys=0.00, real=0.00 secs] 
1878.589: [GC (Allocation Failure) [PSYoungGen: 68992K->1533K(68608K)] 412384K->344941K(732672K), 0.0021556 secs] [Times: user=0.01 sys=0.00, real=0.00 secs] 
1878.735: [GC (Allocation Failure) [PSYoungGen: 68605K->1501K(68096K)] 412013K->344909K(732160K), 0.0016283 secs] [Times: user=0.01 sys=0.00, real=0.01 secs] 
1878.852: [GC (Allocation Failure) [PSYoungGen: 68061K->1520K(67584K)] 411469K->344928K(731648K), 0.0015260 secs] [Times: user=0.01 sys=0.00, real=0.00 secs] 
1878.969: [GC (Allocation Failure) [PSYoungGen: 67568K->1453K(67584K)] 410976K->344869K(731648K), 0.0015744 secs] [Times: user=0.00 sys=0.00, real=0.00 secs] 
1879.767: [GC (Allocation Failure) [PSYoungGen: 67501K->1424K(67584K)] 410917K->344840K(731648K), 0.0028429 secs] [Times: user=0.01 sys=0.00, real=0.00 secs] 
1880.782: [GC (Allocation Failure) [PSYoungGen: 67472K->1344K(67584K)] 410888K->344760K(731648K), 0.0035110 secs] [Times: user=0.01 sys=0.00, real=0.00 secs] 
1881.535: [GC (Allocation Failure) [PSYoungGen: 67392K->1408K(67584K)] 410808K->344824K(731648K), 0.0039226 secs] [Times: user=0.02 sys=0.00, real=0.01 secs] 
1882.233: [GC (Allocation Failure) [PSYoungGen: 67456K->1376K(67584K)] 410872K->344792K(731648K), 0.0042422 secs] [Times: user=0.01 sys=0.00, real=0.01 secs] 
1882.716: [GC (Allocation Failure) [PSYoungGen: 67424K->1469K(67584K)] 410840K->344885K(731648K), 0.0023353 secs] [Times: user=0.01 sys=0.00, real=0.01 secs] 
1882.866: [GC (Allocation Failure) [PSYoungGen: 67517K->1536K(68096K)] 410933K->344952K(732160K), 0.0016028 secs] [Times: user=0.00 sys=0.00, real=0.01 secs] 
1882.981: [GC (Allocation Failure) [PSYoungGen: 67560K->1453K(67584K)] 410976K->344869K(731648K), 0.0015552 secs] [Times: user=0.01 sys=0.00, real=0.00 secs] 
1883.097: [GC (Allocation Failure) [PSYoungGen: 67501K->1533K(68096K)] 410917K->344965K(732160K), 0.0015731 secs] [Times: user=0.01 sys=0.00, real=0.01 secs] 
1883.430: [GC (Allocation Failure) [PSYoungGen: 67581K->1440K(68096K)] 411013K->344872K(732160K), 0.0021250 secs] [Times: user=0.01 sys=0.00, real=0.00 secs] 
1883.704: [GC (Allocation Failure) [PSYoungGen: 67488K->1408K(68096K)] 410920K->344840K(732160K), 0.0019796 secs] [Times: user=0.01 sys=0.00, real=0.00 secs] 
1884.157: [GC (Allocation Failure) [PSYoungGen: 67456K->1376K(68096K)] 410888K->344816K(732160K), 0.0021393 secs] [Times: user=0.01 sys=0.00, real=0.00 secs] 
1884.664: [GC (Allocation Failure) [PSYoungGen: 67424K->1376K(68096K)] 410864K->344816K(732160K), 0.0027843 secs] [Times: user=0.01 sys=0.00, real=0.00 secs] 
1885.186: [GC (Allocation Failure) [PSYoungGen: 67424K->1501K(68096K)] 410864K->344941K(732160K), 0.0023111 secs] [Times: user=0.01 sys=0.00, real=0.01 secs] 
1885.339: [GC (Allocation Failure) [PSYoungGen: 67549K->1568K(68096K)] 410989K->345008K(732160K), 0.0015472 secs] [Times: user=0.00 sys=0.00, real=0.00 secs] 
1885.474: [GC (Allocation Failure) [PSYoungGen: 67616K->1504K(68096K)] 411056K->344944K(732160K), 0.0015867 secs] [Times: user=0.01 sys=0.00, real=0.00 secs] 
1885.620: [GC (Allocation Failure) [PSYoungGen: 67552K->1472K(68096K)] 410992K->344920K(732160K), 0.0021362 secs] [Times: user=0.01 sys=0.00, real=0.00 secs] 
1886.052: [GC (Allocation Failure) [PSYoungGen: 67520K->1456K(68096K)] 410968K->344904K(732160K), 0.0023974 secs] [Times: user=0.01 sys=0.00, real=0.00 secs] 
1886.327: [GC (Allocation Failure) [PSYoungGen: 67504K->1408K(68096K)] 410952K->344856K(732160K), 0.0022689 secs] [Times: user=0.01 sys=0.00, real=0.00 secs] 
1886.696: [GC (Allocation Failure) [PSYoungGen: 67456K->1376K(68096K)] 410904K->344824K(732160K), 0.0019568 secs] [Times: user=0.00 sys=0.00, real=0.01 secs] 
1887.407: [GC (Allocation Failure) [PSYoungGen: 67424K->1408K(68096K)] 410872K->344856K(732160K), 0.0020787 secs] [Times: user=0.00 sys=0.00, real=0.00 secs] 
1888.228: [GC (Allocation Failure) [PSYoungGen: 67456K->1456K(68096K)] 410904K->344904K(732160K), 0.0029488 secs] [Times: user=0.01 sys=0.00, real=0.00 secs] 
1888.409: [GC (Allocation Failure) [PSYoungGen: 67504K->1517K(68096K)] 410952K->344965K(732160K), 0.0015510 secs] [Times: user=0.01 sys=0.00, real=0.00 secs] 
1888.542: [GC (Allocation Failure) [PSYoungGen: 67565K->1549K(68096K)] 411013K->344997K(732160K), 0.0017779 secs] [Times: user=0.01 sys=0.00, real=0.00 secs] 
1888.688: [GC (Allocation Failure) [PSYoungGen: 67597K->1533K(68096K)] 411045K->344989K(732160K), 0.0017225 secs] [Times: user=0.01 sys=0.00, real=0.00 secs] 
1889.242: [GC (Allocation Failure) [PSYoungGen: 67581K->1472K(68096K)] 411037K->344928K(732160K), 0.0027101 secs] [Times: user=0.01 sys=0.00, real=0.00 secs] 
1890.228: [GC (Allocation Failure) [PSYoungGen: 67520K->1376K(68096K)] 410976K->344832K(732160K), 0.0031081 secs] [Times: user=0.01 sys=0.00, real=0.00 secs] 
1890.796: [GC (Allocation Failure) [PSYoungGen: 67424K->1408K(68096K)] 410880K->344864K(732160K), 0.0068399 secs] [Times: user=0.03 sys=0.00, real=0.01 secs] 
1891.112: [GC (Allocation Failure) [PSYoungGen: 67456K->1392K(68096K)] 410912K->344848K(732160K), 0.0020208 secs] [Times: user=0.00 sys=0.00, real=0.00 secs] 
1891.581: [GC (Allocation Failure) [PSYoungGen: 67440K->1456K(68096K)] 410896K->344912K(732160K), 0.0021883 secs] [Times: user=0.01 sys=0.00, real=0.00 secs] 
1891.728: [GC (Allocation Failure) [PSYoungGen: 67504K->1536K(68096K)] 410960K->344992K(732160K), 0.0015507 secs] [Times: user=0.01 sys=0.00, real=0.00 secs] 
1891.844: [GC (Allocation Failure) [PSYoungGen: 67584K->1533K(68096K)] 411040K->344989K(732160K), 0.0015177 secs] [Times: user=0.00 sys=0.00, real=0.00 secs] 
1891.959: [GC (Allocation Failure) [PSYoungGen: 67581K->1565K(68096K)] 411037K->345029K(732160K), 0.0015777 secs] [Times: user=0.01 sys=0.00, real=0.00 secs] 
1892.269: [GC (Allocation Failure) [PSYoungGen: 67613K->1456K(67584K)] 411077K->344920K(731648K), 0.0019183 secs] [Times: user=0.01 sys=0.00, real=0.00 secs] 
1892.911: [GC (Allocation Failure) [PSYoungGen: 67504K->1392K(67584K)] 410968K->344856K(731648K), 0.0025242 secs] [Times: user=0.01 sys=0.00, real=0.00 secs] 
1893.642: [GC (Allocation Failure) [PSYoungGen: 67440K->1424K(67584K)] 410904K->344888K(731648K), 0.0024392 secs] [Times: user=0.00 sys=0.00, real=0.00 secs] 
1894.142: [GC (Allocation Failure) [PSYoungGen: 67472K->1408K(67584K)] 410936K->344896K(731648K), 0.0025684 secs] [Times: user=0.01 sys=0.01, real=0.00 secs] 
1894.711: [GC (Allocation Failure) [PSYoungGen: 67456K->1440K(67584K)] 410944K->344928K(731648K), 0.0028341 secs] [Times: user=0.01 sys=0.00, real=0.00 secs] 
1894.987: [GC (Allocation Failure) [PSYoungGen: 67488K->1485K(67584K)] 410976K->344973K(731648K), 0.0016233 secs] [Times: user=0.01 sys=0.00, real=0.01 secs] 
1895.102: [GC (Allocation Failure) [PSYoungGen: 67533K->1472K(67584K)] 411021K->344960K(731648K), 0.0015871 secs] [Times: user=0.00 sys=0.00, real=0.00 secs] 
1895.218: [GC (Allocation Failure) [PSYoungGen: 67520K->1501K(67584K)] 411008K->345005K(731648K), 0.0018044 secs] [Times: user=0.01 sys=0.00, real=0.00 secs] 
1895.334: [GC (Allocation Failure) [PSYoungGen: 67549K->1501K(70656K)] 411053K->345005K(734720K), 0.0017951 secs] [Times: user=0.00 sys=0.00, real=0.00 secs] 
1896.081: [GC (Allocation Failure) [PSYoungGen: 70621K->1440K(70144K)] 414125K->344944K(734208K), 0.0021790 secs] [Times: user=0.01 sys=0.00, real=0.00 secs] 
1896.598: [GC (Allocation Failure) [PSYoungGen: 70048K->1328K(69632K)] 413552K->344832K(733696K), 0.0024487 secs] [Times: user=0.01 sys=0.00, real=0.00 secs] 
1897.231: [GC (Allocation Failure) [PSYoungGen: 69424K->1408K(69120K)] 412928K->344912K(733184K), 0.0025690 secs] [Times: user=0.01 sys=0.00, real=0.00 secs] 
1897.896: [GC (Allocation Failure) [PSYoungGen: 68992K->1376K(68608K)] 412496K->344880K(732672K), 0.0035566 secs] [Times: user=0.02 sys=0.00, real=0.01 secs] 
1898.173: [GC (Allocation Failure) [PSYoungGen: 68448K->1501K(68096K)] 411952K->345005K(732160K), 0.0018481 secs] [Times: user=0.00 sys=0.00, real=0.00 secs] 
1898.291: [GC (Allocation Failure) [PSYoungGen: 68061K->1469K(67584K)] 411565K->344973K(731648K), 0.0017125 secs] [Times: user=0.01 sys=0.00, real=0.00 secs] 
1898.407: [GC (Allocation Failure) [PSYoungGen: 67517K->1469K(68096K)] 411021K->344981K(732160K), 0.0017072 secs] [Times: user=0.01 sys=0.00, real=0.01 secs] 
1898.522: [GC (Allocation Failure) [PSYoungGen: 67517K->1453K(68096K)] 411029K->344965K(732160K), 0.0016101 secs] [Times: user=0.00 sys=0.00, real=0.00 secs] 
1898.903: [GC (Allocation Failure) [PSYoungGen: 67501K->1440K(68096K)] 411013K->344952K(732160K), 0.0019596 secs] [Times: user=0.01 sys=0.00, real=0.00 secs] 
1899.177: [GC (Allocation Failure) [PSYoungGen: 67488K->1376K(68096K)] 411000K->344888K(732160K), 0.0018683 secs] [Times: user=0.00 sys=0.00, real=0.00 secs] 
1899.453: [GC (Allocation Failure) [PSYoungGen: 67424K->1344K(68096K)] 410936K->344856K(732160K), 0.0028651 secs] [Times: user=0.01 sys=0.00, real=0.00 secs] 
1899.729: [GC (Allocation Failure) [PSYoungGen: 67392K->1408K(68096K)] 410904K->344920K(732160K), 0.0020392 secs] [Times: user=0.01 sys=0.00, real=0.00 secs] 
1899.963: [GC (Allocation Failure) [PSYoungGen: 67456K->1504K(68096K)] 410968K->345016K(732160K), 0.0015281 secs] [Times: user=0.00 sys=0.00, real=0.00 secs] 
1900.078: [GC (Allocation Failure) [PSYoungGen: 67552K->1485K(68096K)] 411064K->344997K(732160K), 0.0015402 secs] [Times: user=0.01 sys=0.00, real=0.00 secs] 
1900.211: [GC (Allocation Failure) [PSYoungGen: 67533K->1504K(68096K)] 411045K->345016K(732160K), 0.0021262 secs] [Times: user=0.01 sys=0.00, real=0.00 secs] 
1900.362: [GC (Allocation Failure) [PSYoungGen: 67552K->1533K(75264K)] 411064K->345053K(739328K), 0.0018122 secs] [Times: user=0.01 sys=0.00, real=0.00 secs] 
1901.832: [GC (Allocation Failure) [PSYoungGen: 74749K->1440K(74240K)] 418269K->344976K(738304K), 0.0031841 secs] [Times: user=0.02 sys=0.00, real=0.00 secs] 
1902.762: [GC (Allocation Failure) [PSYoungGen: 74144K->1408K(73728K)] 417680K->344944K(737792K), 0.0030048 secs] [Times: user=0.01 sys=0.00, real=0.00 secs] 
1903.221: [GC (Allocation Failure) [PSYoungGen: 73600K->1408K(73216K)] 417136K->344944K(737280K), 0.0021147 secs] [Times: user=0.01 sys=0.00, real=0.00 secs] 
1903.829: [GC (Allocation Failure) [PSYoungGen: 73088K->1408K(72704K)] 416624K->344944K(736768K), 0.0026272 secs] [Times: user=0.01 sys=0.00, real=0.00 secs] 
1904.029: [GC (Allocation Failure) [PSYoungGen: 72576K->1469K(72192K)] 416112K->345005K(736256K), 0.0015962 secs] [Times: user=0.00 sys=0.00, real=0.00 secs] 
1904.172: [GC (Allocation Failure) [PSYoungGen: 72125K->1501K(71680K)] 415661K->345037K(735744K), 0.0019364 secs] [Times: user=0.01 sys=0.00, real=0.00 secs] 
1904.338: [GC (Allocation Failure) [PSYoungGen: 71627K->1565K(71680K)] 415164K->345101K(735744K), 0.0020639 secs] [Times: user=0.00 sys=0.00, real=0.00 secs] 
1905.063: [GC (Allocation Failure) [PSYoungGen: 71197K->1440K(70656K)] 414733K->344992K(734720K), 0.0033935 secs] [Times: user=0.01 sys=0.00, real=0.00 secs] 
1905.991: [GC (Allocation Failure) [PSYoungGen: 70560K->1408K(70144K)] 414112K->344960K(734208K), 0.0041305 secs] [Times: user=0.01 sys=0.00, real=0.00 secs] 
1906.802: [GC (Allocation Failure) [PSYoungGen: 70016K->1408K(69632K)] 413568K->344960K(733696K), 0.0022994 secs] [Times: user=0.01 sys=0.00, real=0.00 secs] 
1907.824: [GC (Allocation Failure) [PSYoungGen: 69504K->1408K(69120K)] 413056K->344968K(733184K), 0.0035623 secs] [Times: user=0.01 sys=0.00, real=0.01 secs] 
1908.336: [GC (Allocation Failure) [PSYoungGen: 68992K->1520K(68608K)] 412552K->345080K(732672K), 0.0027684 secs] [Times: user=0.01 sys=0.00, real=0.01 secs] 
1908.550: [GC (Allocation Failure) [PSYoungGen: 68592K->1520K(68096K)] 412152K->345080K(732160K), 0.0021032 secs] [Times: user=0.01 sys=0.00, real=0.00 secs] 
1908.686: [GC (Allocation Failure) [PSYoungGen: 68080K->1453K(67584K)] 411640K->345013K(731648K), 0.0015378 secs] [Times: user=0.01 sys=0.00, real=0.01 secs] 
1908.818: [GC (Allocation Failure) [PSYoungGen: 67501K->1536K(68096K)] 411061K->345096K(732160K), 0.0019204 secs] [Times: user=0.01 sys=0.00, real=0.00 secs] 
1909.235: [GC (Allocation Failure) [PSYoungGen: 67584K->1440K(67584K)] 411144K->345000K(731648K), 0.0028059 secs] [Times: user=0.02 sys=0.00, real=0.01 secs] 
1909.785: [GC (Allocation Failure) [PSYoungGen: 67488K->1440K(68096K)] 411048K->345000K(732160K), 0.0027974 secs] [Times: user=0.01 sys=0.00, real=0.01 secs] 
1910.494: [GC (Allocation Failure) [PSYoungGen: 67488K->1408K(68096K)] 411048K->344968K(732160K), 0.0023452 secs] [Times: user=0.01 sys=0.00, real=0.00 secs] 
1911.212: [GC (Allocation Failure) [PSYoungGen: 67456K->1376K(68096K)] 411016K->344936K(732160K), 0.0029380 secs] [Times: user=0.01 sys=0.00, real=0.00 secs] 
1911.911: [GC (Allocation Failure) [PSYoungGen: 67424K->1517K(68096K)] 410984K->345077K(732160K), 0.0027025 secs] [Times: user=0.01 sys=0.00, real=0.00 secs] 
1912.090: [GC (Allocation Failure) [PSYoungGen: 67565K->1485K(68096K)] 411125K->345045K(732160K), 0.0015550 secs] [Times: user=0.01 sys=0.00, real=0.00 secs] 
1912.207: [GC (Allocation Failure) [PSYoungGen: 67533K->1501K(68096K)] 411093K->345061K(732160K), 0.0015220 secs] [Times: user=0.00 sys=0.00, real=0.01 secs] 
1912.322: [GC (Allocation Failure) [PSYoungGen: 67549K->1533K(68096K)] 411109K->345101K(732160K), 0.0015420 secs] [Times: user=0.01 sys=0.00, real=0.00 secs] 
1912.659: [GC (Allocation Failure) [PSYoungGen: 67581K->1472K(68096K)] 411149K->345040K(732160K), 0.0020392 secs] [Times: user=0.01 sys=0.00, real=0.00 secs] 
1913.557: [GC (Allocation Failure) [PSYoungGen: 67520K->1408K(68096K)] 411088K->344976K(732160K), 0.0027135 secs] [Times: user=0.01 sys=0.00, real=0.00 secs] 
1914.412: [GC (Allocation Failure) [PSYoungGen: 67456K->1360K(68096K)] 411024K->344968K(732160K), 0.0039581 secs] [Times: user=0.02 sys=0.00, real=0.00 secs] 
1915.333: [GC (Allocation Failure) [PSYoungGen: 67408K->1376K(68096K)] 411016K->344984K(732160K), 0.0041636 secs] [Times: user=0.02 sys=0.00, real=0.00 secs] 
1916.098: [GC (Allocation Failure) [PSYoungGen: 67424K->1424K(68096K)] 411032K->345032K(732160K), 0.0038422 secs] [Times: user=0.01 sys=0.00, real=0.00 secs] 
1916.373: [GC (Allocation Failure) [PSYoungGen: 67472K->1504K(68096K)] 411080K->345112K(732160K), 0.0018018 secs] [Times: user=0.01 sys=0.00, real=0.00 secs] 
1916.497: [GC (Allocation Failure) [PSYoungGen: 67552K->1504K(68096K)] 411160K->345112K(732160K), 0.0015379 secs] [Times: user=0.01 sys=0.00, real=0.01 secs] 
1916.613: [GC (Allocation Failure) [PSYoungGen: 67552K->1501K(68096K)] 411160K->345117K(732160K), 0.0016347 secs] [Times: user=0.01 sys=0.00, real=0.00 secs] 
1916.730: [GC (Allocation Failure) [PSYoungGen: 67549K->1456K(68096K)] 411165K->345072K(732160K), 0.0015912 secs] [Times: user=0.00 sys=0.00, real=0.00 secs] 
1918.558: [GC (Allocation Failure) [PSYoungGen: 67504K->1376K(68096K)] 411120K->344992K(732160K), 0.0040613 secs] [Times: user=0.02 sys=0.00, real=0.00 secs] 
1919.479: [GC (Allocation Failure) [PSYoungGen: 67424K->1360K(68096K)] 411040K->344976K(732160K), 0.0030950 secs] [Times: user=0.01 sys=0.00, real=0.00 secs] 
1920.324: [GC (Allocation Failure) [PSYoungGen: 67408K->1440K(68096K)] 411024K->345056K(732160K), 0.0030831 secs] [Times: user=0.01 sys=0.00, real=0.01 secs] 
1921.040: [GC (Allocation Failure) [PSYoungGen: 67488K->1392K(68096K)] 411104K->345008K(732160K), 0.0026365 secs] [Times: user=0.01 sys=0.00, real=0.00 secs] 
1921.454: [GC (Allocation Failure) [PSYoungGen: 67440K->1469K(68096K)] 411056K->345085K(732160K), 0.0019041 secs] [Times: user=0.01 sys=0.00, real=0.00 secs] 
1921.582: [GC (Allocation Failure) [PSYoungGen: 67517K->1485K(68096K)] 411133K->345101K(732160K), 0.0015825 secs] [Times: user=0.01 sys=0.00, real=0.00 secs] 
1921.716: [GC (Allocation Failure) [PSYoungGen: 67533K->1565K(68096K)] 411149K->345189K(732160K), 0.0017918 secs] [Times: user=0.00 sys=0.00, real=0.01 secs] 
1921.867: [GC (Allocation Failure) [PSYoungGen: 67613K->1517K(68096K)] 411237K->345141K(732160K), 0.0015676 secs] [Times: user=0.01 sys=0.00, real=0.00 secs] 
1923.040: [GC (Allocation Failure) [PSYoungGen: 67565K->1456K(68096K)] 411189K->345080K(732160K), 0.0040950 secs] [Times: user=0.02 sys=0.01, real=0.00 secs] 
1923.671: [GC (Allocation Failure) [PSYoungGen: 67504K->1376K(68096K)] 411128K->345000K(732160K), 0.0028233 secs] [Times: user=0.01 sys=0.00, real=0.00 secs] 
1924.222: [GC (Allocation Failure) [PSYoungGen: 67424K->1440K(68096K)] 411048K->345064K(732160K), 0.0027744 secs] [Times: user=0.01 sys=0.00, real=0.00 secs] 
1924.614: [GC (Allocation Failure) [PSYoungGen: 67488K->1376K(68096K)] 411112K->345000K(732160K), 0.0018663 secs] [Times: user=0.01 sys=0.00, real=0.00 secs] 
1924.901: [GC (Allocation Failure) [PSYoungGen: 67424K->1453K(68096K)] 411048K->345077K(732160K), 0.0015046 secs] [Times: user=0.00 sys=0.00, real=0.00 secs] 
1925.017: [GC (Allocation Failure) [PSYoungGen: 67501K->1501K(68096K)] 411125K->345125K(732160K), 0.0015265 secs] [Times: user=0.01 sys=0.00, real=0.00 secs] 
1925.151: [GC (Allocation Failure) [PSYoungGen: 67549K->1533K(68096K)] 411173K->345165K(732160K), 0.0018375 secs] [Times: user=0.01 sys=0.00, real=0.00 secs] 
1925.301: [GC (Allocation Failure) [PSYoungGen: 67581K->1533K(68096K)] 411213K->345189K(732160K), 0.0018115 secs] [Times: user=0.01 sys=0.00, real=0.00 secs] 
1926.580: [GC (Allocation Failure) [PSYoungGen: 67581K->1440K(68096K)] 411237K->345096K(732160K), 0.0042855 secs] [Times: user=0.02 sys=0.00, real=0.00 secs] 
1927.429: [GC (Allocation Failure) [PSYoungGen: 67488K->1408K(68096K)] 411144K->345064K(732160K), 0.0024538 secs] [Times: user=0.01 sys=0.00, real=0.00 secs] 
1928.411: [GC (Allocation Failure) [PSYoungGen: 67456K->1408K(68096K)] 411112K->345064K(732160K), 0.0043104 secs] [Times: user=0.02 sys=0.00, real=0.00 secs] 
1929.262: [GC (Allocation Failure) [PSYoungGen: 67456K->1376K(68096K)] 411112K->345032K(732160K), 0.0037329 secs] [Times: user=0.01 sys=0.00, real=0.00 secs] 
1929.770: [GC (Allocation Failure) [PSYoungGen: 67424K->1469K(68096K)] 411080K->345125K(732160K), 0.0019061 secs] [Times: user=0.00 sys=0.00, real=0.00 secs] 
1929.946: [GC (Allocation Failure) [PSYoungGen: 67517K->1517K(68096K)] 411173K->345173K(732160K), 0.0019920 secs] [Times: user=0.00 sys=0.00, real=0.01 secs] 
1930.097: [GC (Allocation Failure) [PSYoungGen: 67565K->1472K(68096K)] 411221K->345128K(732160K), 0.0015796 secs] [Times: user=0.01 sys=0.00, real=0.01 secs] 
1930.230: [GC (Allocation Failure) [PSYoungGen: 67520K->1533K(68096K)] 411176K->345197K(732160K), 0.0016935 secs] [Times: user=0.01 sys=0.00, real=0.00 secs] 
1932.229: [GC (Allocation Failure) [PSYoungGen: 67581K->1392K(68096K)] 411245K->345056K(732160K), 0.0041652 secs] [Times: user=0.02 sys=0.00, real=0.00 secs] 
1933.060: [GC (Allocation Failure) [PSYoungGen: 67440K->1408K(68096K)] 411104K->345072K(732160K), 0.0025520 secs] [Times: user=0.02 sys=0.00, real=0.00 secs] 
1933.796: [GC (Allocation Failure) [PSYoungGen: 67456K->1408K(68096K)] 411120K->345072K(732160K), 0.0027357 secs] [Times: user=0.01 sys=0.00, real=0.01 secs] 
1934.355: [GC (Allocation Failure) [PSYoungGen: 67456K->1360K(68096K)] 411120K->345024K(732160K), 0.0032905 secs] [Times: user=0.01 sys=0.00, real=0.01 secs] 
1934.871: [GC (Allocation Failure) [PSYoungGen: 67408K->1456K(68096K)] 411072K->345120K(732160K), 0.0024138 secs] [Times: user=0.01 sys=0.00, real=0.00 secs] 
1935.031: [GC (Allocation Failure) [PSYoungGen: 67504K->1485K(68096K)] 411168K->345149K(732160K), 0.0015157 secs] [Times: user=0.01 sys=0.00, real=0.00 secs] 
1935.147: [GC (Allocation Failure) [PSYoungGen: 67533K->1501K(68096K)] 411197K->345165K(732160K), 0.0015648 secs] [Times: user=0.01 sys=0.00, real=0.01 secs] 
1935.280: [GC (Allocation Failure) [PSYoungGen: 67549K->1504K(68096K)] 411213K->345176K(732160K), 0.0016762 secs] [Times: user=0.01 sys=0.00, real=0.00 secs] 
1935.937: [GC (Allocation Failure) [PSYoungGen: 67552K->1440K(68096K)] 411224K->345120K(732160K), 0.0032186 secs] [Times: user=0.01 sys=0.01, real=0.01 secs] 
1936.482: [GC (Allocation Failure) [PSYoungGen: 67488K->1440K(68096K)] 411168K->345136K(732160K), 0.0023117 secs] [Times: user=0.01 sys=0.00, real=0.00 secs] 
1937.388: [GC (Allocation Failure) [PSYoungGen: 67488K->1376K(68096K)] 411184K->345072K(732160K), 0.0034661 secs] [Times: user=0.02 sys=0.00, real=0.00 secs] 
1938.344: [GC (Allocation Failure) [PSYoungGen: 67424K->1408K(68096K)] 411120K->345112K(732160K), 0.0027207 secs] [Times: user=0.01 sys=0.00, real=0.00 secs] 
1939.243: [GC (Allocation Failure) [PSYoungGen: 67456K->1424K(68096K)] 411160K->345136K(732160K), 0.0022652 secs] [Times: user=0.01 sys=0.00, real=0.00 secs] 
1939.397: [GC (Allocation Failure) [PSYoungGen: 67472K->1533K(68096K)] 411184K->345245K(732160K), 0.0015495 secs] [Times: user=0.01 sys=0.00, real=0.00 secs] 
1939.514: [GC (Allocation Failure) [PSYoungGen: 67581K->1501K(68096K)] 411293K->345213K(732160K), 0.0015462 secs] [Times: user=0.00 sys=0.00, real=0.00 secs] 
1939.629: [GC (Allocation Failure) [PSYoungGen: 67549K->1469K(68096K)] 411261K->345197K(732160K), 0.0016391 secs] [Times: user=0.01 sys=0.00, real=0.00 secs] 
1940.174: [GC (Allocation Failure) [PSYoungGen: 67517K->1472K(68096K)] 411245K->345200K(732160K), 0.0019462 secs] [Times: user=0.01 sys=0.00, real=0.00 secs] 
1941.136: [GC (Allocation Failure) [PSYoungGen: 67520K->1376K(68096K)] 411248K->345104K(732160K), 0.0017058 secs] [Times: user=0.00 sys=0.00, real=0.01 secs] 
1942.028: [GC (Allocation Failure) [PSYoungGen: 67424K->1424K(68096K)] 411152K->345152K(732160K), 0.0032248 secs] [Times: user=0.01 sys=0.00, real=0.00 secs] 
1942.656: [GC (Allocation Failure) [PSYoungGen: 67472K->1376K(68096K)] 411200K->345104K(732160K), 0.0020726 secs] [Times: user=0.01 sys=0.01, real=0.01 secs] 
1942.980: [GC (Allocation Failure) [PSYoungGen: 67424K->1376K(68096K)] 411152K->345104K(732160K), 0.0019742 secs] [Times: user=0.01 sys=0.00, real=0.00 secs] 
1943.127: [GC (Allocation Failure) [PSYoungGen: 67424K->1485K(68096K)] 411152K->345213K(732160K), 0.0014773 secs] [Times: user=0.01 sys=0.00, real=0.00 secs] 
1943.243: [GC (Allocation Failure) [PSYoungGen: 67533K->1533K(68096K)] 411261K->345261K(732160K), 0.0015797 secs] [Times: user=0.01 sys=0.01, real=0.00 secs] 
1943.358: [GC (Allocation Failure) [PSYoungGen: 67581K->1501K(68096K)] 411309K->345245K(732160K), 0.0015353 secs] [Times: user=0.00 sys=0.00, real=0.00 secs] 
1943.826: [GC (Allocation Failure) [PSYoungGen: 67371K->1728K(68096K)] 411115K->345472K(732160K), 0.0025454 secs] [Times: user=0.01 sys=0.00, real=0.01 secs] 
1944.368: [GC (Allocation Failure) [PSYoungGen: 67776K->1376K(68096K)] 411520K->345120K(732160K), 0.0021352 secs] [Times: user=0.01 sys=0.00, real=0.00 secs] 
1944.941: [GC (Allocation Failure) [PSYoungGen: 67424K->1392K(68096K)] 411168K->345168K(732160K), 0.0022332 secs] [Times: user=0.01 sys=0.00, real=0.00 secs] 
1945.468: [GC (Allocation Failure) [PSYoungGen: 67440K->1376K(68096K)] 411216K->345152K(732160K), 0.0019116 secs] [Times: user=0.01 sys=0.00, real=0.00 secs] 
1946.473: [GC (Allocation Failure) [PSYoungGen: 67424K->1376K(68096K)] 411200K->345152K(732160K), 0.0041879 secs] [Times: user=0.02 sys=0.00, real=0.01 secs] 
1947.023: [GC (Allocation Failure) [PSYoungGen: 67424K->1456K(68096K)] 411200K->345232K(732160K), 0.0019050 secs] [Times: user=0.01 sys=0.00, real=0.00 secs] 
1947.188: [GC (Allocation Failure) [PSYoungGen: 67481K->1453K(68096K)] 411257K->345229K(732160K), 0.0024062 secs] [Times: user=0.00 sys=0.00, real=0.00 secs] 
1947.335: [GC (Allocation Failure) [PSYoungGen: 67501K->1517K(68096K)] 411277K->345301K(732160K), 0.0015743 secs] [Times: user=0.01 sys=0.00, real=0.00 secs] 
1947.451: [GC (Allocation Failure) [PSYoungGen: 67565K->1501K(68096K)] 411349K->345285K(732160K), 0.0016238 secs] [Times: user=0.01 sys=0.00, real=0.00 secs] 
1948.068: [GC (Allocation Failure) [PSYoungGen: 67549K->1440K(68096K)] 411333K->345224K(732160K), 0.0024073 secs] [Times: user=0.01 sys=0.00, real=0.00 secs] 
1948.361: [GC (Allocation Failure) [PSYoungGen: 67488K->1376K(68096K)] 411272K->345160K(732160K), 0.0019060 secs] [Times: user=0.00 sys=0.00, real=0.00 secs] 
1948.635: [GC (Allocation Failure) [PSYoungGen: 67424K->1376K(68096K)] 411208K->345160K(732160K), 0.0017807 secs] [Times: user=0.00 sys=0.00, real=0.00 secs] 
1949.156: [GC (Allocation Failure) [PSYoungGen: 67424K->1376K(68096K)] 411208K->345160K(732160K), 0.0018208 secs] [Times: user=0.01 sys=0.00, real=0.01 secs] 
1949.510: [GC (Allocation Failure) [PSYoungGen: 67424K->1533K(68096K)] 411208K->345317K(732160K), 0.0020861 secs] [Times: user=0.01 sys=0.00, real=0.00 secs] 
1949.635: [GC (Allocation Failure) [PSYoungGen: 67581K->1469K(68096K)] 411365K->345253K(732160K), 0.0015677 secs] [Times: user=0.01 sys=0.00, real=0.00 secs] 
1949.751: [GC (Allocation Failure) [PSYoungGen: 67517K->1533K(68096K)] 411301K->345325K(732160K), 0.0015970 secs] [Times: user=0.00 sys=0.00, real=0.00 secs] 
1949.882: [GC (Allocation Failure) [PSYoungGen: 67581K->1533K(68096K)] 411373K->345325K(732160K), 0.0017027 secs] [Times: user=0.00 sys=0.00, real=0.00 secs] 
1950.439: [GC (Allocation Failure) [PSYoungGen: 67581K->1408K(67584K)] 411373K->345200K(731648K), 0.0020412 secs] [Times: user=0.01 sys=0.00, real=0.00 secs] 
1951.136: [GC (Allocation Failure) [PSYoungGen: 67456K->1408K(67584K)] 411248K->345200K(731648K), 0.0025602 secs] [Times: user=0.01 sys=0.00, real=0.01 secs] 
1951.775: [GC (Allocation Failure) [PSYoungGen: 67456K->1408K(67584K)] 411248K->345200K(731648K), 0.0026608 secs] [Times: user=0.01 sys=0.00, real=0.01 secs] 
1952.459: [GC (Allocation Failure) [PSYoungGen: 67456K->1440K(67584K)] 411248K->345232K(731648K), 0.0027645 secs] [Times: user=0.01 sys=0.00, real=0.00 secs] 
1953.312: [GC (GCLocker Initiated GC) [PSYoungGen: 67488K->1501K(67584K)] 411280K->345293K(731648K), 0.0024274 secs] [Times: user=0.01 sys=0.00, real=0.00 secs] 
1953.520: [GC (Allocation Failure) [PSYoungGen: 67549K->1469K(67584K)] 411377K->345296K(731648K), 0.0023421 secs] [Times: user=0.01 sys=0.00, real=0.00 secs] 
1953.707: [GC (Allocation Failure) [PSYoungGen: 67517K->1520K(67584K)] 411344K->345372K(731648K), 0.0021056 secs] [Times: user=0.01 sys=0.00, real=0.01 secs] 
1953.852: [GC (Allocation Failure) [PSYoungGen: 67568K->1565K(68096K)] 411420K->345449K(732160K), 0.0016637 secs] [Times: user=0.01 sys=0.00, real=0.00 secs] 
1954.673: [GC (Allocation Failure) [PSYoungGen: 67613K->432K(66560K)] 411497K->345339K(730624K), 0.0066200 secs] [Times: user=0.02 sys=0.00, real=0.01 secs] 
1955.776: [GC (Allocation Failure) [PSYoungGen: 66480K->400K(68096K)] 411387K->345307K(732160K), 0.0034486 secs] [Times: user=0.01 sys=0.00, real=0.01 secs] 
1956.565: [GC (Allocation Failure) [PSYoungGen: 66448K->384K(66560K)] 411355K->345291K(730624K), 0.0027085 secs] [Times: user=0.01 sys=0.00, real=0.01 secs] 
1957.176: [GC (Allocation Failure) [PSYoungGen: 66432K->400K(68096K)] 411339K->345307K(732160K), 0.0021395 secs] [Times: user=0.01 sys=0.00, real=0.01 secs] 
1957.752: [GC (Allocation Failure) [PSYoungGen: 66448K->1533K(68608K)] 411355K->346441K(732672K), 0.0022931 secs] [Times: user=0.01 sys=0.00, real=0.00 secs] 
1957.895: [GC (Allocation Failure) [PSYoungGen: 67581K->1568K(68608K)] 412489K->346476K(732672K), 0.0015298 secs] [Times: user=0.01 sys=0.00, real=0.00 secs] 
1958.011: [GC (Allocation Failure) [PSYoungGen: 67616K->1565K(68608K)] 412524K->346473K(732672K), 0.0015804 secs] [Times: user=0.01 sys=0.00, real=0.00 secs] 
1958.127: [GC (Allocation Failure) [PSYoungGen: 67613K->1485K(68608K)] 412521K->346401K(732672K), 0.0015541 secs] [Times: user=0.01 sys=0.00, real=0.00 secs] 
1958.617: [GC (Allocation Failure) [PSYoungGen: 67533K->1456K(68608K)] 412449K->346371K(732672K), 0.0021158 secs] [Times: user=0.01 sys=0.00, real=0.01 secs] 
1958.949: [GC (Allocation Failure) [PSYoungGen: 67504K->1440K(68608K)] 412419K->346355K(732672K), 0.0021169 secs] [Times: user=0.00 sys=0.00, real=0.00 secs] 
1959.564: [GC (Allocation Failure) [PSYoungGen: 67488K->1408K(68608K)] 412403K->346323K(732672K), 0.0019380 secs] [Times: user=0.01 sys=0.00, real=0.00 secs] 
1959.924: [GC (Allocation Failure) [PSYoungGen: 67456K->1440K(68608K)] 412371K->346371K(732672K), 0.0020145 secs] [Times: user=0.01 sys=0.00, real=0.00 secs] 
1960.536: [GC (Allocation Failure) [PSYoungGen: 67488K->1456K(68608K)] 412419K->346436K(732672K), 0.0022825 secs] [Times: user=0.01 sys=0.00, real=0.01 secs] 
1960.693: [GC (Allocation Failure) [PSYoungGen: 67495K->1469K(68608K)] 412475K->346457K(732672K), 0.0036935 secs] [Times: user=0.02 sys=0.00, real=0.01 secs] 
1960.811: [GC (Allocation Failure) [PSYoungGen: 67499K->1533K(75264K)] 412487K->346521K(739328K), 0.0016075 secs] [Times: user=0.01 sys=0.00, real=0.00 secs] 
1960.939: [GC (Allocation Failure) [PSYoungGen: 74749K->1533K(75264K)] 419737K->346545K(739328K), 0.0015988 secs] [Times: user=0.01 sys=0.00, real=0.00 secs] 
1961.483: [GC (Allocation Failure) [PSYoungGen: 74749K->1440K(74240K)] 419761K->346451K(738304K), 0.0025908 secs] [Times: user=0.01 sys=0.00, real=0.00 secs] 
1962.166: [GC (Allocation Failure) [PSYoungGen: 74144K->1360K(73728K)] 419155K->346395K(737792K), 0.0022864 secs] [Times: user=0.01 sys=0.00, real=0.01 secs] 
1963.468: [GC (Allocation Failure) [PSYoungGen: 73552K->1424K(73216K)] 418587K->346459K(737280K), 0.0023574 secs] [Times: user=0.01 sys=0.00, real=0.00 secs] 
1964.537: [GC (Allocation Failure) [PSYoungGen: 73104K->1392K(72704K)] 418139K->346427K(736768K), 0.0065087 secs] [Times: user=0.02 sys=0.01, real=0.01 secs] 
1965.438: [GC (Allocation Failure) [PSYoungGen: 72560K->1469K(72192K)] 417595K->346505K(736256K), 0.0021809 secs] [Times: user=0.01 sys=0.00, real=0.00 secs] 
1965.595: [GC (Allocation Failure) [PSYoungGen: 72104K->1536K(72192K)] 417140K->346572K(736256K), 0.0017433 secs] [Times: user=0.00 sys=0.00, real=0.01 secs] 
1965.718: [GC (Allocation Failure) [PSYoungGen: 71664K->477K(70144K)] 416700K->346537K(734208K), 0.0015932 secs] [Times: user=0.01 sys=0.00, real=0.00 secs] 
1965.859: [GC (Allocation Failure) [PSYoungGen: 70109K->461K(71168K)] 416169K->346529K(735232K), 0.0016858 secs] [Times: user=0.01 sys=0.01, real=0.00 secs] 
1966.901: [GC (Allocation Failure) [PSYoungGen: 69581K->1440K(70144K)] 415649K->347507K(734208K), 0.0036247 secs] [Times: user=0.01 sys=0.01, real=0.00 secs] 
1967.749: [GC (Allocation Failure) [PSYoungGen: 70048K->1376K(69632K)] 416115K->347443K(733696K), 0.0025183 secs] [Times: user=0.00 sys=0.00, real=0.00 secs] 
1968.332: [GC (Allocation Failure) [PSYoungGen: 69472K->1440K(69120K)] 415539K->347507K(733184K), 0.0022840 secs] [Times: user=0.01 sys=0.00, real=0.00 secs] 
1968.889: [GC (Allocation Failure) [PSYoungGen: 69024K->1376K(68608K)] 415091K->347443K(732672K), 0.0020256 secs] [Times: user=0.01 sys=0.00, real=0.00 secs] 
1969.222: [GC (Allocation Failure) [PSYoungGen: 68448K->1533K(68096K)] 414515K->347601K(732160K), 0.0016556 secs] [Times: user=0.01 sys=0.00, real=0.00 secs] 
1969.338: [GC (Allocation Failure) [PSYoungGen: 68093K->1533K(67584K)] 414161K->347601K(731648K), 0.0017796 secs] [Times: user=0.01 sys=0.00, real=0.00 secs] 
1969.454: [GC (Allocation Failure) [PSYoungGen: 67581K->1533K(67584K)] 413649K->347601K(731648K), 0.0015564 secs] [Times: user=0.01 sys=0.00, real=0.00 secs] 
1969.570: [GC (Allocation Failure) [PSYoungGen: 67581K->1501K(74752K)] 413649K->347585K(738816K), 0.0017131 secs] [Times: user=0.01 sys=0.00, real=0.00 secs] 
1970.238: [GC (Allocation Failure) [PSYoungGen: 74717K->1472K(74240K)] 420801K->347555K(738304K), 0.0019852 secs] [Times: user=0.01 sys=0.00, real=0.00 secs] 
1971.016: [GC (Allocation Failure) [PSYoungGen: 74176K->1376K(73728K)] 420259K->347459K(737792K), 0.0022350 secs] [Times: user=0.01 sys=0.00, real=0.01 secs] 
1971.619: [GC (Allocation Failure) [PSYoungGen: 73568K->1376K(73216K)] 419651K->347459K(737280K), 0.0021748 secs] [Times: user=0.01 sys=0.00, real=0.00 secs] 
1972.357: [GC (Allocation Failure) [PSYoungGen: 73056K->1376K(72704K)] 419139K->347459K(736768K), 0.0027043 secs] [Times: user=0.01 sys=0.00, real=0.00 secs] 
1972.777: [GC (Allocation Failure) [PSYoungGen: 72526K->1501K(72192K)] 418610K->347585K(736256K), 0.0016726 secs] [Times: user=0.00 sys=0.00, real=0.00 secs] 
1972.903: [GC (Allocation Failure) [PSYoungGen: 72157K->1472K(71680K)] 418241K->347556K(735744K), 0.0015812 secs] [Times: user=0.00 sys=0.01, real=0.00 secs] 
1973.025: [GC (Allocation Failure) [PSYoungGen: 71599K->1565K(71680K)] 417683K->347649K(735744K), 0.0015415 secs] [Times: user=0.01 sys=0.00, real=0.00 secs] 
1973.620: [GC (Allocation Failure) [PSYoungGen: 71197K->1456K(70656K)] 417281K->347555K(734720K), 0.0029452 secs] [Times: user=0.02 sys=0.00, real=0.00 secs] 
1974.472: [GC (Allocation Failure) [PSYoungGen: 70576K->1408K(70144K)] 416675K->347523K(734208K), 0.0024352 secs] [Times: user=0.01 sys=0.00, real=0.00 secs] 
1974.950: [GC (Allocation Failure) [PSYoungGen: 70016K->1424K(69632K)] 416131K->347539K(733696K), 0.0027380 secs] [Times: user=0.01 sys=0.00, real=0.00 secs] 
1975.463: [GC (Allocation Failure) [PSYoungGen: 69520K->1440K(69120K)] 415635K->347555K(733184K), 0.0021592 secs] [Times: user=0.01 sys=0.00, real=0.00 secs] 
1976.102: [GC (Allocation Failure) [PSYoungGen: 69024K->1488K(68608K)] 415139K->347604K(732672K), 0.0029359 secs] [Times: user=0.01 sys=0.00, real=0.00 secs] 
1976.289: [GC (Allocation Failure) [PSYoungGen: 68560K->1533K(68096K)] 414676K->347673K(732160K), 0.0016294 secs] [Times: user=0.00 sys=0.00, real=0.00 secs] 
1976.404: [GC (Allocation Failure) [PSYoungGen: 68093K->1533K(67584K)] 414233K->347673K(731648K), 0.0016733 secs] [Times: user=0.00 sys=0.01, real=0.00 secs] 
1976.521: [GC (Allocation Failure) [PSYoungGen: 67581K->1533K(67584K)] 413721K->347673K(731648K), 0.0015200 secs] [Times: user=0.00 sys=0.00, real=0.00 secs] 
1977.451: [GC (Allocation Failure) [PSYoungGen: 67581K->1440K(68096K)] 413721K->347579K(732160K), 0.0043426 secs] [Times: user=0.02 sys=0.00, real=0.00 secs] 
1978.373: [GC (Allocation Failure) [PSYoungGen: 67488K->1408K(68096K)] 413627K->347547K(732160K), 0.0033397 secs] [Times: user=0.01 sys=0.00, real=0.00 secs] 
1979.163: [GC (Allocation Failure) [PSYoungGen: 67456K->1408K(68096K)] 413595K->347547K(732160K), 0.0030884 secs] [Times: user=0.01 sys=0.00, real=0.00 secs] 
1979.990: [GC (Allocation Failure) [PSYoungGen: 67456K->1440K(68096K)] 413595K->347579K(732160K), 0.0029396 secs] [Times: user=0.01 sys=0.00, real=0.00 secs] 
1980.829: [GC (Allocation Failure) [PSYoungGen: 67488K->1424K(68096K)] 413627K->347564K(732160K), 0.0028116 secs] [Times: user=0.01 sys=0.00, real=0.00 secs] 
1981.010: [GC (Allocation Failure) [PSYoungGen: 67472K->1501K(68096K)] 413612K->347641K(732160K), 0.0015768 secs] [Times: user=0.00 sys=0.00, real=0.00 secs] 
1981.126: [GC (Allocation Failure) [PSYoungGen: 67549K->1565K(68096K)] 413689K->347705K(732160K), 0.0015587 secs] [Times: user=0.01 sys=0.00, real=0.01 secs] 
1981.260: [GC (Allocation Failure) [PSYoungGen: 67613K->1472K(68096K)] 413753K->347620K(732160K), 0.0019071 secs] [Times: user=0.01 sys=0.00, real=0.00 secs] 
1981.785: [GC (Allocation Failure) [PSYoungGen: 67520K->1488K(68096K)] 413668K->347635K(732160K), 0.0022070 secs] [Times: user=0.01 sys=0.00, real=0.01 secs] 
1982.199: [GC (Allocation Failure) [PSYoungGen: 67536K->1424K(68096K)] 413683K->347571K(732160K), 0.0021371 secs] [Times: user=0.01 sys=0.00, real=0.00 secs] 
1982.474: [GC (Allocation Failure) [PSYoungGen: 67472K->1376K(68096K)] 413619K->347523K(732160K), 0.0018778 secs] [Times: user=0.01 sys=0.00, real=0.00 secs] 
1982.748: [GC (Allocation Failure) [PSYoungGen: 67424K->1376K(68096K)] 413571K->347523K(732160K), 0.0020529 secs] [Times: user=0.01 sys=0.00, real=0.00 secs] 
1983.023: [GC (Allocation Failure) [PSYoungGen: 67424K->1408K(68096K)] 413571K->347555K(732160K), 0.0018682 secs] [Times: user=0.01 sys=0.00, real=0.00 secs] 
1983.328: [GC (Allocation Failure) [PSYoungGen: 67456K->1501K(68096K)] 413603K->347649K(732160K), 0.0015779 secs] [Times: user=0.01 sys=0.00, real=0.00 secs] 
1983.444: [GC (Allocation Failure) [PSYoungGen: 67527K->1453K(68096K)] 413674K->347601K(732160K), 0.0016856 secs] [Times: user=0.01 sys=0.00, real=0.00 secs] 
1983.560: [GC (Allocation Failure) [PSYoungGen: 67501K->1488K(68096K)] 413649K->347644K(732160K), 0.0017748 secs] [Times: user=0.01 sys=0.00, real=0.00 secs] 
1983.676: [GC (Allocation Failure) [PSYoungGen: 67536K->1533K(68096K)] 413692K->347713K(732160K), 0.0021711 secs] [Times: user=0.01 sys=0.00, real=0.01 secs] 
1984.365: [GC (Allocation Failure) [PSYoungGen: 67581K->1440K(74752K)] 413761K->347619K(738816K), 0.0022251 secs] [Times: user=0.01 sys=0.00, real=0.01 secs] 
1985.006: [GC (Allocation Failure) [PSYoungGen: 74656K->1408K(74240K)] 420835K->347587K(738304K), 0.0018751 secs] [Times: user=0.00 sys=0.00, real=0.01 secs] 
1985.622: [GC (Allocation Failure) [PSYoungGen: 74112K->1408K(73728K)] 420291K->347587K(737792K), 0.0021597 secs] [Times: user=0.00 sys=0.00, real=0.00 secs] 
1986.270: [GC (Allocation Failure) [PSYoungGen: 73600K->1485K(73216K)] 419779K->347665K(737280K), 0.0019906 secs] [Times: user=0.01 sys=0.00, real=0.00 secs] 
1986.460: [GC (Allocation Failure) [PSYoungGen: 73139K->1533K(72704K)] 419319K->347713K(736768K), 0.0021469 secs] [Times: user=0.01 sys=0.00, real=0.00 secs] 
1986.623: [GC (Allocation Failure) [PSYoungGen: 72701K->1501K(72192K)] 418881K->347681K(736256K), 0.0016785 secs] [Times: user=0.00 sys=0.00, real=0.00 secs] 
1986.747: [GC (Allocation Failure) [PSYoungGen: 72157K->1533K(71680K)] 418337K->347729K(735744K), 0.0016806 secs] [Times: user=0.01 sys=0.00, real=0.00 secs] 
1987.040: [GC (Allocation Failure) [PSYoungGen: 71677K->1424K(71168K)] 417873K->347619K(735232K), 0.0026640 secs] [Times: user=0.01 sys=0.00, real=0.00 secs] 
1987.331: [GC (Allocation Failure) [PSYoungGen: 71056K->1376K(70656K)] 417251K->347571K(734720K), 0.0021726 secs] [Times: user=0.00 sys=0.00, real=0.00 secs] 
1987.618: [GC (Allocation Failure) [PSYoungGen: 70496K->1408K(70144K)] 416691K->347611K(734208K), 0.0019034 secs] [Times: user=0.00 sys=0.00, real=0.00 secs] 
1988.254: [GC (Allocation Failure) [PSYoungGen: 70016K->1360K(69632K)] 416219K->347563K(733696K), 0.0034536 secs] [Times: user=0.01 sys=0.00, real=0.01 secs] 
1988.816: [GC (Allocation Failure) [PSYoungGen: 69456K->1485K(69120K)] 415659K->347689K(733184K), 0.0019462 secs] [Times: user=0.01 sys=0.00, real=0.01 secs] 
1988.980: [GC (Allocation Failure) [PSYoungGen: 69069K->1533K(68608K)] 415273K->347737K(732672K), 0.0019119 secs] [Times: user=0.00 sys=0.00, real=0.00 secs] 
1989.138: [GC (Allocation Failure) [PSYoungGen: 68605K->1472K(68096K)] 414809K->347676K(732160K), 0.0021700 secs] [Times: user=0.01 sys=0.00, real=0.00 secs] 
1989.296: [GC (Allocation Failure) [PSYoungGen: 68032K->1533K(67584K)] 414236K->347737K(731648K), 0.0016086 secs] [Times: user=0.00 sys=0.00, real=0.01 secs] 
1990.020: [GC (Allocation Failure) [PSYoungGen: 67581K->1424K(68096K)] 413785K->347627K(732160K), 0.0045401 secs] [Times: user=0.02 sys=0.00, real=0.00 secs] 
1992.321: [GC (Allocation Failure) [PSYoungGen: 67472K->1408K(68096K)] 413675K->347611K(732160K), 0.0032512 secs] [Times: user=0.01 sys=0.00, real=0.00 secs] 
1992.948: [GC (Allocation Failure) [PSYoungGen: 67456K->1344K(68096K)] 413659K->347547K(732160K), 0.0020113 secs] [Times: user=0.01 sys=0.00, real=0.00 secs] 
1993.717: [GC (Allocation Failure) [PSYoungGen: 67392K->1408K(68096K)] 413595K->347611K(732160K), 0.0032620 secs] [Times: user=0.01 sys=0.00, real=0.00 secs] 
1994.442: [GC (Allocation Failure) [PSYoungGen: 67456K->1469K(68096K)] 413659K->347673K(732160K), 0.0018817 secs] [Times: user=0.00 sys=0.00, real=0.00 secs] 
1994.611: [GC (Allocation Failure) [PSYoungGen: 67517K->1533K(68096K)] 413721K->347737K(732160K), 0.0018971 secs] [Times: user=0.01 sys=0.00, real=0.00 secs] 
1994.778: [GC (Allocation Failure) [PSYoungGen: 67581K->1501K(68096K)] 413785K->347705K(732160K), 0.0019881 secs] [Times: user=0.01 sys=0.00, real=0.00 secs] 
1994.933: [GC (Allocation Failure) [PSYoungGen: 67549K->1501K(68096K)] 413753K->347721K(732160K), 0.0016217 secs] [Times: user=0.01 sys=0.00, real=0.00 secs] 
1995.463: [GC (Allocation Failure) [PSYoungGen: 67549K->1440K(68096K)] 413769K->347659K(732160K), 0.0027082 secs] [Times: user=0.01 sys=0.00, real=0.00 secs] 
1996.082: [GC (Allocation Failure) [PSYoungGen: 67488K->1376K(68096K)] 413707K->347619K(732160K), 0.0030816 secs] [Times: user=0.01 sys=0.01, real=0.00 secs] 
1996.581: [GC (Allocation Failure) [PSYoungGen: 67424K->1408K(68096K)] 413667K->347651K(732160K), 0.0020227 secs] [Times: user=0.01 sys=0.00, real=0.00 secs] 
1996.874: [GC (Allocation Failure) [PSYoungGen: 67456K->1392K(68096K)] 413699K->347635K(732160K), 0.0019067 secs] [Times: user=0.01 sys=0.00, real=0.00 secs] 
1997.644: [GC (Allocation Failure) [PSYoungGen: 67440K->1456K(68096K)] 413683K->347700K(732160K), 0.0025276 secs] [Times: user=0.01 sys=0.00, real=0.00 secs] 
1997.845: [GC (Allocation Failure) [PSYoungGen: 67504K->1488K(68096K)] 413748K->347732K(732160K), 0.0021608 secs] [Times: user=0.01 sys=0.00, real=0.01 secs] 
1997.990: [GC (Allocation Failure) [PSYoungGen: 67536K->1488K(68096K)] 413780K->347732K(732160K), 0.0015775 secs] [Times: user=0.01 sys=0.00, real=0.00 secs] 
1998.106: [GC (Allocation Failure) [PSYoungGen: 67536K->1485K(68096K)] 413780K->347737K(732160K), 0.0015863 secs] [Times: user=0.01 sys=0.00, real=0.01 secs] 
1998.919: [GC (Allocation Failure) [PSYoungGen: 67533K->1472K(68096K)] 413785K->347723K(732160K), 0.0033142 secs] [Times: user=0.01 sys=0.01, real=0.00 secs] 
1999.896: [GC (Allocation Failure) [PSYoungGen: 67520K->1376K(68096K)] 413771K->347627K(732160K), 0.0031647 secs] [Times: user=0.01 sys=0.00, real=0.01 secs] 
2000.728: [GC (Allocation Failure) [PSYoungGen: 67424K->1440K(68096K)] 413675K->347691K(732160K), 0.0025809 secs] [Times: user=0.01 sys=0.00, real=0.00 secs] 
2001.543: [GC (Allocation Failure) [PSYoungGen: 67488K->1360K(68096K)] 413739K->347611K(732160K), 0.0020320 secs] [Times: user=0.01 sys=0.00, real=0.00 secs] 
2002.142: [GC (Allocation Failure) [PSYoungGen: 67408K->1376K(68096K)] 413659K->347627K(732160K), 0.0022672 secs] [Times: user=0.01 sys=0.00, real=0.00 secs] 
2002.412: [GC (Allocation Failure) [PSYoungGen: 67424K->1469K(68096K)] 413675K->347721K(732160K), 0.0015574 secs] [Times: user=0.01 sys=0.00, real=0.00 secs] 
2002.528: [GC (Allocation Failure) [PSYoungGen: 67487K->1504K(68096K)] 413739K->347756K(732160K), 0.0015375 secs] [Times: user=0.00 sys=0.00, real=0.00 secs] 
2002.646: [GC (Allocation Failure) [PSYoungGen: 67552K->1485K(68096K)] 413804K->347745K(732160K), 0.0016756 secs] [Times: user=0.01 sys=0.00, real=0.01 secs] 
2002.763: [GC (Allocation Failure) [PSYoungGen: 67396K->192K(68096K)] 413656K->346451K(732160K), 0.0016785 secs] [Times: user=0.01 sys=0.00, real=0.00 secs] 
2004.756: [GC (Allocation Failure) [PSYoungGen: 66240K->1376K(67584K)] 412499K->347635K(731648K), 0.0025943 secs] [Times: user=0.01 sys=0.00, real=0.01 secs] 
2005.318: [GC (Allocation Failure) [PSYoungGen: 67424K->1376K(67584K)] 413683K->347635K(731648K), 0.0031910 secs] [Times: user=0.01 sys=0.00, real=0.00 secs] 
2005.904: [GC (Allocation Failure) [PSYoungGen: 67424K->1376K(67584K)] 413683K->347659K(731648K), 0.0021201 secs] [Times: user=0.01 sys=0.01, real=0.00 secs] 
2006.508: [GC (Allocation Failure) [PSYoungGen: 67424K->1376K(67584K)] 413707K->347659K(731648K), 0.0023791 secs] [Times: user=0.01 sys=0.00, real=0.00 secs] 
2006.942: [GC (Allocation Failure) [PSYoungGen: 67424K->1501K(67584K)] 413707K->347785K(731648K), 0.0017388 secs] [Times: user=0.01 sys=0.00, real=0.00 secs] 
2007.094: [GC (Allocation Failure) [PSYoungGen: 67549K->1533K(72704K)] 413833K->347817K(736768K), 0.0038833 secs] [Times: user=0.02 sys=0.00, real=0.01 secs] 
2007.252: [GC (Allocation Failure) [PSYoungGen: 72189K->1533K(75264K)] 418473K->347825K(739328K), 0.0017700 secs] [Times: user=0.01 sys=0.00, real=0.00 secs] 
2007.411: [GC (Allocation Failure) [PSYoungGen: 74307K->224K(75264K)] 420599K->346515K(739328K), 0.0016900 secs] [Times: user=0.01 sys=0.00, real=0.00 secs] 
2008.301: [GC (Allocation Failure) [PSYoungGen: 73440K->1376K(74240K)] 419731K->347667K(738304K), 0.0029668 secs] [Times: user=0.02 sys=0.00, real=0.00 secs] 
2008.846: [GC (Allocation Failure) [PSYoungGen: 74080K->1376K(73728K)] 420371K->347667K(737792K), 0.0022549 secs] [Times: user=0.00 sys=0.00, real=0.01 secs] 
2009.147: [GC (Allocation Failure) [PSYoungGen: 73568K->1376K(73216K)] 419859K->347667K(737280K), 0.0019483 secs] [Times: user=0.01 sys=0.00, real=0.01 secs] 
2009.592: [GC (Allocation Failure) [PSYoungGen: 73056K->1472K(72704K)] 419347K->347764K(736768K), 0.0019862 secs] [Times: user=0.01 sys=0.00, real=0.00 secs] 
2009.762: [GC (Allocation Failure) [PSYoungGen: 72623K->1517K(80384K)] 418915K->347809K(744448K), 0.0040193 secs] [Times: user=0.02 sys=0.00, real=0.00 secs] 
2009.961: [GC (Allocation Failure) [PSYoungGen: 80365K->1504K(80896K)] 426657K->347796K(744960K), 0.0023673 secs] [Times: user=0.01 sys=0.00, real=0.00 secs] 
2010.130: [GC (Allocation Failure) [PSYoungGen: 80352K->1501K(88576K)] 426644K->347801K(752640K), 0.0015939 secs] [Times: user=0.01 sys=0.00, real=0.00 secs] 
2010.514: [GC (Allocation Failure) [PSYoungGen: 88541K->1440K(88064K)] 434841K->347739K(752128K), 0.0020363 secs] [Times: user=0.01 sys=0.00, real=0.00 secs] 
2011.121: [GC (Allocation Failure) [PSYoungGen: 87968K->1408K(87552K)] 434267K->347707K(751616K), 0.0021994 secs] [Times: user=0.01 sys=0.00, real=0.00 secs] 
2011.807: [GC (Allocation Failure) [PSYoungGen: 87424K->1440K(87040K)] 433723K->347739K(751104K), 0.0022015 secs] [Times: user=0.01 sys=0.00, real=0.01 secs] 
2012.358: [GC (Allocation Failure) [PSYoungGen: 86944K->1501K(86528K)] 433243K->347801K(750592K), 0.0018952 secs] [Times: user=0.01 sys=0.00, real=0.00 secs] 
2012.507: [GC (Allocation Failure) [PSYoungGen: 86493K->1565K(86528K)] 432793K->347865K(750592K), 0.0023113 secs] [Times: user=0.01 sys=0.00, real=0.00 secs] 
2012.656: [GC (Allocation Failure) [PSYoungGen: 86045K->1504K(85504K)] 432345K->347836K(749568K), 0.0015571 secs] [Times: user=0.01 sys=0.00, real=0.01 secs] 
2013.070: [GC (Allocation Failure) [PSYoungGen: 85472K->1424K(84992K)] 431804K->347755K(749056K), 0.0023283 secs] [Times: user=0.00 sys=0.00, real=0.00 secs] 
2013.908: [GC (Allocation Failure) [PSYoungGen: 84880K->1376K(84480K)] 431211K->347707K(748544K), 0.0026715 secs] [Times: user=0.01 sys=0.00, real=0.00 secs] 
2014.607: [GC (Allocation Failure) [PSYoungGen: 84320K->1376K(83968K)] 430651K->347715K(748032K), 0.0031488 secs] [Times: user=0.02 sys=0.00, real=0.00 secs] 
2015.468: [GC (Allocation Failure) [PSYoungGen: 83808K->1485K(83456K)] 430147K->347825K(747520K), 0.0032260 secs] [Times: user=0.01 sys=0.00, real=0.00 secs] 
2015.687: [GC (Allocation Failure) [PSYoungGen: 83405K->1565K(83456K)] 429745K->347905K(747520K), 0.0017175 secs] [Times: user=0.01 sys=0.00, real=0.00 secs] 
2015.853: [GC (Allocation Failure) [PSYoungGen: 82973K->477K(81408K)] 429313K->347841K(745472K), 0.0017679 secs] [Times: user=0.01 sys=0.00, real=0.00 secs] 
2016.021: [GC (Allocation Failure) [PSYoungGen: 81373K->496K(82432K)] 428737K->347860K(746496K), 0.0015333 secs] [Times: user=0.01 sys=0.00, real=0.00 secs] 
2016.875: [GC (Allocation Failure) [PSYoungGen: 80880K->1440K(81408K)] 428244K->348803K(745472K), 0.0027170 secs] [Times: user=0.01 sys=0.01, real=0.01 secs] 
2017.526: [GC (Allocation Failure) [PSYoungGen: 81312K->1376K(80896K)] 428675K->348739K(744960K), 0.0026531 secs] [Times: user=0.01 sys=0.00, real=0.01 secs] 
2018.191: [GC (Allocation Failure) [PSYoungGen: 80736K->1376K(80384K)] 428099K->348739K(744448K), 0.0026895 secs] [Times: user=0.01 sys=0.00, real=0.00 secs] 
2018.779: [GC (Allocation Failure) [PSYoungGen: 80224K->1488K(79872K)] 427587K->348852K(743936K), 0.0025788 secs] [Times: user=0.01 sys=0.00, real=0.00 secs] 
2018.965: [GC (Allocation Failure) [PSYoungGen: 79824K->1504K(79360K)] 427188K->348900K(743424K), 0.0015244 secs] [Times: user=0.01 sys=0.00, real=0.00 secs] 
2019.101: [GC (Allocation Failure) [PSYoungGen: 79328K->1565K(79360K)] 426724K->348961K(743424K), 0.0016278 secs] [Times: user=0.01 sys=0.00, real=0.00 secs] 
2019.347: [GC (Allocation Failure) [PSYoungGen: 78877K->928K(77824K)] 426273K->349347K(741888K), 0.0017688 secs] [Times: user=0.01 sys=0.00, real=0.00 secs] 
2020.431: [GC (Allocation Failure) [PSYoungGen: 77728K->384K(76800K)] 426147K->348803K(740864K), 0.0039821 secs] [Times: user=0.02 sys=0.00, real=0.00 secs] 
2021.422: [GC (Allocation Failure) [PSYoungGen: 76672K->288K(77824K)] 425091K->348707K(741888K), 0.0034117 secs] [Times: user=0.01 sys=0.00, real=0.00 secs] 
2022.416: [GC (Allocation Failure) [PSYoungGen: 76064K->352K(75776K)] 424483K->348771K(739840K), 0.0031102 secs] [Times: user=0.01 sys=0.00, real=0.01 secs] 
2023.457: [GC (Allocation Failure) [PSYoungGen: 75616K->1504K(76800K)] 424035K->349924K(740864K), 0.0025804 secs] [Times: user=0.01 sys=0.00, real=0.00 secs] 
2023.639: [GC (Allocation Failure) [PSYoungGen: 76256K->1533K(75776K)] 424676K->349953K(739840K), 0.0016434 secs] [Times: user=0.01 sys=0.00, real=0.00 secs] 
2023.774: [GC (Allocation Failure) [PSYoungGen: 75773K->1565K(75776K)] 424193K->349985K(739840K), 0.0016438 secs] [Times: user=0.01 sys=0.00, real=0.00 secs] 
2023.904: [GC (Allocation Failure) [PSYoungGen: 75293K->1485K(74752K)] 423713K->349905K(738816K), 0.0016451 secs] [Times: user=0.01 sys=0.00, real=0.00 secs] 
2024.597: [GC (Allocation Failure) [PSYoungGen: 74701K->1408K(74752K)] 423121K->349827K(738816K), 0.0023964 secs] [Times: user=0.00 sys=0.00, real=0.00 secs] 
2024.900: [GC (Allocation Failure) [PSYoungGen: 74112K->1344K(73728K)] 422531K->349763K(737792K), 0.0020923 secs] [Times: user=0.01 sys=0.00, real=0.00 secs] 
2025.315: [GC (Allocation Failure) [PSYoungGen: 73536K->1344K(73728K)] 421955K->349763K(737792K), 0.0023798 secs] [Times: user=0.01 sys=0.00, real=0.01 secs] 
2026.113: [GC (Allocation Failure) [PSYoungGen: 73024K->1424K(72704K)] 421443K->349868K(736768K), 0.0027652 secs] [Times: user=0.01 sys=0.00, real=0.00 secs] 
2026.290: [GC (Allocation Failure) [PSYoungGen: 72592K->1485K(72704K)] 421036K->349929K(736768K), 0.0016783 secs] [Times: user=0.00 sys=0.00, real=0.00 secs] 
2026.415: [GC (Allocation Failure) [PSYoungGen: 72141K->1453K(71680K)] 420585K->349897K(735744K), 0.0015959 secs] [Times: user=0.01 sys=0.00, real=0.00 secs] 
2026.537: [GC (Allocation Failure) [PSYoungGen: 71576K->1485K(71680K)] 420019K->349929K(735744K), 0.0016681 secs] [Times: user=0.01 sys=0.00, real=0.01 secs] 
2026.979: [GC (Allocation Failure) [PSYoungGen: 71117K->1456K(70656K)] 419561K->349907K(734720K), 0.0024742 secs] [Times: user=0.01 sys=0.00, real=0.00 secs] 
2027.398: [GC (Allocation Failure) [PSYoungGen: 70576K->1392K(70144K)] 419027K->349843K(734208K), 0.0021946 secs] [Times: user=0.01 sys=0.00, real=0.00 secs] 
2027.683: [GC (Allocation Failure) [PSYoungGen: 70000K->1440K(69632K)] 418451K->349891K(733696K), 0.0020040 secs] [Times: user=0.01 sys=0.00, real=0.00 secs] 
2028.410: [GC (Allocation Failure) [PSYoungGen: 69536K->1376K(69120K)] 417987K->349827K(733184K), 0.0030381 secs] [Times: user=0.02 sys=0.00, real=0.00 secs] 
2029.222: [GC (Allocation Failure) [PSYoungGen: 68960K->1501K(68608K)] 417411K->349953K(732672K), 0.0023298 secs] [Times: user=0.00 sys=0.00, real=0.00 secs] 
2029.379: [GC (Allocation Failure) [PSYoungGen: 68573K->1501K(68096K)] 417025K->349953K(732160K), 0.0015892 secs] [Times: user=0.01 sys=0.00, real=0.00 secs] 
2029.511: [GC (Allocation Failure) [PSYoungGen: 68061K->1504K(67584K)] 416513K->349956K(731648K), 0.0018367 secs] [Times: user=0.01 sys=0.00, real=0.00 secs] 
2029.657: [GC (Allocation Failure) [PSYoungGen: 67552K->1533K(67584K)] 416004K->349985K(731648K), 0.0019752 secs] [Times: user=0.01 sys=0.00, real=0.01 secs] 
2029.984: [GC (Allocation Failure) [PSYoungGen: 67581K->1440K(68096K)] 416033K->349891K(732160K), 0.0024397 secs] [Times: user=0.01 sys=0.00, real=0.00 secs] 
2030.803: [GC (Allocation Failure) [PSYoungGen: 67488K->1376K(68096K)] 415939K->349827K(732160K), 0.0026741 secs] [Times: user=0.01 sys=0.00, real=0.00 secs] 
2031.499: [GC (Allocation Failure) [PSYoungGen: 67424K->1376K(68096K)] 415875K->349827K(732160K), 0.0023064 secs] [Times: user=0.01 sys=0.00, real=0.00 secs] 
2031.977: [GC (Allocation Failure) [PSYoungGen: 67424K->1376K(68096K)] 415875K->349827K(732160K), 0.0021249 secs] [Times: user=0.00 sys=0.01, real=0.00 secs] 
2032.386: [GC (Allocation Failure) [PSYoungGen: 67424K->1469K(68096K)] 415875K->349921K(732160K), 0.0022537 secs] [Times: user=0.01 sys=0.00, real=0.01 secs] 
2032.531: [GC (Allocation Failure) [PSYoungGen: 67517K->1533K(68096K)] 415969K->349985K(732160K), 0.0016653 secs] [Times: user=0.01 sys=0.00, real=0.00 secs] 
2032.646: [GC (Allocation Failure) [PSYoungGen: 67581K->1565K(68096K)] 416033K->350017K(732160K), 0.0015442 secs] [Times: user=0.00 sys=0.00, real=0.01 secs] 
2032.762: [GC (Allocation Failure) [PSYoungGen: 67613K->1565K(68096K)] 416065K->350033K(732160K), 0.0015398 secs] [Times: user=0.01 sys=0.00, real=0.00 secs] 
2033.171: [GC (Allocation Failure) [PSYoungGen: 67613K->1408K(68096K)] 416081K->349875K(732160K), 0.0027307 secs] [Times: user=0.01 sys=0.00, real=0.00 secs] 
2033.716: [GC (Allocation Failure) [PSYoungGen: 67456K->1376K(68096K)] 415923K->349867K(732160K), 0.0024077 secs] [Times: user=0.00 sys=0.00, real=0.01 secs] 
2034.304: [GC (Allocation Failure) [PSYoungGen: 67424K->1408K(68096K)] 415915K->349899K(732160K), 0.0025896 secs] [Times: user=0.01 sys=0.00, real=0.00 secs] 
2034.579: [GC (Allocation Failure) [PSYoungGen: 67456K->1392K(68096K)] 415947K->349883K(732160K), 0.0019186 secs] [Times: user=0.01 sys=0.00, real=0.00 secs] 
2035.011: [GC (Allocation Failure) [PSYoungGen: 67324K->240K(68096K)] 415816K->348731K(732160K), 0.0023000 secs] [Times: user=0.01 sys=0.00, real=0.00 secs] 
2035.200: [GC (Allocation Failure) [PSYoungGen: 66288K->1501K(68096K)] 414779K->349993K(732160K), 0.0022902 secs] [Times: user=0.01 sys=0.00, real=0.00 secs] 
2035.356: [GC (Allocation Failure) [PSYoungGen: 67549K->1501K(68096K)] 416041K->349993K(732160K), 0.0015936 secs] [Times: user=0.00 sys=0.00, real=0.01 secs] 
2035.489: [GC (Allocation Failure) [PSYoungGen: 67549K->1533K(68096K)] 416041K->350033K(732160K), 0.0018895 secs] [Times: user=0.01 sys=0.00, real=0.00 secs] 
2035.727: [GC (Allocation Failure) [PSYoungGen: 67581K->1904K(68096K)] 416081K->350403K(732160K), 0.0021700 secs] [Times: user=0.01 sys=0.00, real=0.00 secs] 
2036.507: [GC (Allocation Failure) [PSYoungGen: 67952K->1344K(67584K)] 416451K->349843K(731648K), 0.0031808 secs] [Times: user=0.02 sys=0.00, real=0.00 secs] 
2037.466: [GC (Allocation Failure) [PSYoungGen: 67392K->1376K(68096K)] 415891K->349875K(732160K), 0.0019634 secs] [Times: user=0.01 sys=0.00, real=0.01 secs] 
2038.420: [GC (Allocation Failure) [PSYoungGen: 67424K->1376K(68096K)] 415923K->349875K(732160K), 0.0022750 secs] [Times: user=0.01 sys=0.00, real=0.00 secs] 
2039.476: [GC (Allocation Failure) [PSYoungGen: 67424K->1392K(68096K)] 415923K->349891K(732160K), 0.0026830 secs] [Times: user=0.02 sys=0.00, real=0.01 secs] 
2039.751: [GC (Allocation Failure) [PSYoungGen: 67440K->1533K(68096K)] 415939K->350033K(732160K), 0.0015720 secs] [Times: user=0.01 sys=0.00, real=0.00 secs] 
2039.866: [GC (Allocation Failure) [PSYoungGen: 67581K->1469K(68096K)] 416081K->349969K(732160K), 0.0018265 secs] [Times: user=0.01 sys=0.00, real=0.01 secs] 
2039.982: [GC (Allocation Failure) [PSYoungGen: 67517K->1472K(68096K)] 416017K->349988K(732160K), 0.0015998 secs] [Times: user=0.01 sys=0.00, real=0.00 secs] 
2040.098: [GC (Allocation Failure) [PSYoungGen: 67520K->1501K(68096K)] 416036K->350017K(732160K), 0.0016486 secs] [Times: user=0.00 sys=0.00, real=0.00 secs] 
2040.727: [GC (Allocation Failure) [PSYoungGen: 67549K->1408K(67584K)] 416065K->349931K(731648K), 0.0019027 secs] [Times: user=0.01 sys=0.00, real=0.00 secs] 
2041.325: [GC (Allocation Failure) [PSYoungGen: 67456K->1392K(67584K)] 415979K->349915K(731648K), 0.0036049 secs] [Times: user=0.02 sys=0.00, real=0.01 secs] 
2041.683: [GC (Allocation Failure) [PSYoungGen: 67440K->1360K(67584K)] 415963K->349883K(731648K), 0.0019455 secs] [Times: user=0.00 sys=0.00, real=0.00 secs] 
2041.957: [GC (Allocation Failure) [PSYoungGen: 67408K->1376K(67584K)] 415931K->349899K(731648K), 0.0019264 secs] [Times: user=0.01 sys=0.00, real=0.00 secs] 
2042.167: [GC (Allocation Failure) [PSYoungGen: 67424K->1504K(67584K)] 415947K->350028K(731648K), 0.0016283 secs] [Times: user=0.00 sys=0.00, real=0.01 secs] 
2042.284: [GC (Allocation Failure) [PSYoungGen: 67552K->1485K(67584K)] 416076K->350009K(731648K), 0.0015721 secs] [Times: user=0.01 sys=0.00, real=0.00 secs] 
2042.400: [GC (Allocation Failure) [PSYoungGen: 67533K->1504K(67584K)] 416057K->350044K(731648K), 0.0015300 secs] [Times: user=0.00 sys=0.00, real=0.00 secs] 
2042.516: [GC (Allocation Failure) [PSYoungGen: 67552K->1533K(71680K)] 416092K->350073K(735744K), 0.0017825 secs] [Times: user=0.01 sys=0.00, real=0.01 secs] 
2042.796: [GC (Allocation Failure) [PSYoungGen: 71165K->1408K(70656K)] 419705K->349963K(734720K), 0.0017923 secs] [Times: user=0.01 sys=0.00, real=0.01 secs] 
2043.114: [GC (Allocation Failure) [PSYoungGen: 70528K->1344K(70144K)] 419083K->349899K(734208K), 0.0018493 secs] [Times: user=0.01 sys=0.00, real=0.00 secs] 
2043.400: [GC (Allocation Failure) [PSYoungGen: 69952K->1344K(69632K)] 418507K->349899K(733696K), 0.0018017 secs] [Times: user=0.00 sys=0.00, real=0.00 secs] 
2043.692: [GC (Allocation Failure) [PSYoungGen: 69440K->1344K(69120K)] 417995K->349899K(733184K), 0.0020458 secs] [Times: user=0.01 sys=0.00, real=0.00 secs] 
2043.960: [GC (Allocation Failure) [PSYoungGen: 68928K->1501K(68608K)] 417483K->350057K(732672K), 0.0016095 secs] [Times: user=0.01 sys=0.00, real=0.00 secs] 
2044.079: [GC (Allocation Failure) [PSYoungGen: 68560K->1472K(68096K)] 417116K->350028K(732160K), 0.0022128 secs] [Times: user=0.01 sys=0.00, real=0.00 secs] 
2044.201: [GC (Allocation Failure) [PSYoungGen: 68032K->1501K(71680K)] 416588K->350057K(735744K), 0.0016982 secs] [Times: user=0.01 sys=0.00, real=0.00 secs] 
2044.326: [GC (Allocation Failure) [PSYoungGen: 71645K->1501K(72192K)] 420201K->350073K(736256K), 0.0017654 secs] [Times: user=0.01 sys=0.00, real=0.01 secs] 
2045.127: [GC (Allocation Failure) [PSYoungGen: 71645K->1440K(71168K)] 420217K->350011K(735232K), 0.0019288 secs] [Times: user=0.01 sys=0.00, real=0.00 secs] 
2045.746: [GC (Allocation Failure) [PSYoungGen: 71072K->1408K(70656K)] 419643K->349979K(734720K), 0.0022353 secs] [Times: user=0.01 sys=0.00, real=0.01 secs] 
2046.299: [GC (Allocation Failure) [PSYoungGen: 70528K->1376K(70144K)] 419099K->349947K(734208K), 0.0046171 secs] [Times: user=0.02 sys=0.00, real=0.00 secs] 
2046.686: [GC (Allocation Failure) [PSYoungGen: 69984K->1392K(69632K)] 418555K->349963K(733696K), 0.0021326 secs] [Times: user=0.01 sys=0.00, real=0.01 secs] 
2046.863: [GC (Allocation Failure) [PSYoungGen: 69488K->1501K(69120K)] 418059K->350073K(733184K), 0.0016257 secs] [Times: user=0.01 sys=0.00, real=0.00 secs] 
2046.981: [GC (Allocation Failure) [PSYoungGen: 69085K->1501K(68608K)] 417657K->350073K(732672K), 0.0016279 secs] [Times: user=0.01 sys=0.00, real=0.00 secs] 
2047.099: [GC (Allocation Failure) [PSYoungGen: 68573K->1533K(68096K)] 417145K->350105K(732160K), 0.0015118 secs] [Times: user=0.01 sys=0.00, real=0.00 secs] 
2047.215: [GC (Allocation Failure) [PSYoungGen: 68088K->1504K(75264K)] 416660K->350084K(739328K), 0.0015421 secs] [Times: user=0.01 sys=0.00, real=0.00 secs] 
2048.149: [GC (Allocation Failure) [PSYoungGen: 75232K->1408K(74752K)] 423812K->349987K(738816K), 0.0033390 secs] [Times: user=0.01 sys=0.00, real=0.00 secs] 
2048.841: [GC (Allocation Failure) [PSYoungGen: 74624K->1408K(74240K)] 423203K->349987K(738304K), 0.0029699 secs] [Times: user=0.01 sys=0.01, real=0.00 secs] 
2049.718: [GC (Allocation Failure) [PSYoungGen: 74112K->1344K(73728K)] 422691K->349923K(737792K), 0.0029687 secs] [Times: user=0.02 sys=0.00, real=0.00 secs] 
2050.408: [GC (Allocation Failure) [PSYoungGen: 73536K->1456K(73216K)] 422115K->350036K(737280K), 0.0030215 secs] [Times: user=0.01 sys=0.00, real=0.00 secs] 
2050.599: [GC (Allocation Failure) [PSYoungGen: 73135K->1501K(72704K)] 421714K->350081K(736768K), 0.0015764 secs] [Times: user=0.00 sys=0.00, real=0.00 secs] 
2050.723: [GC (Allocation Failure) [PSYoungGen: 72669K->1533K(72192K)] 421249K->350113K(736256K), 0.0016107 secs] [Times: user=0.00 sys=0.00, real=0.00 secs] 
2050.847: [GC (Allocation Failure) [PSYoungGen: 72189K->1533K(71680K)] 420769K->350145K(735744K), 0.0015493 secs] [Times: user=0.01 sys=0.00, real=0.00 secs] 
2051.402: [GC (Allocation Failure) [PSYoungGen: 71677K->1456K(71168K)] 420289K->350083K(735232K), 0.0026806 secs] [Times: user=0.01 sys=0.00, real=0.00 secs] 
2051.966: [GC (Allocation Failure) [PSYoungGen: 71088K->1408K(70656K)] 419715K->350035K(734720K), 0.0039451 secs] [Times: user=0.02 sys=0.01, real=0.01 secs] 
2052.548: [GC (Allocation Failure) [PSYoungGen: 70528K->1376K(70144K)] 419155K->350003K(734208K), 0.0035121 secs] [Times: user=0.01 sys=0.00, real=0.00 secs] 
2053.113: [GC (Allocation Failure) [PSYoungGen: 69984K->1408K(69632K)] 418611K->350035K(733696K), 0.0032782 secs] [Times: user=0.01 sys=0.00, real=0.00 secs] 
2053.392: [GC (Allocation Failure) [PSYoungGen: 69504K->1469K(69120K)] 418131K->350097K(733184K), 0.0019332 secs] [Times: user=0.00 sys=0.00, real=0.00 secs] 
2053.513: [GC (Allocation Failure) [PSYoungGen: 69053K->1533K(68608K)] 417681K->350161K(732672K), 0.0015376 secs] [Times: user=0.00 sys=0.00, real=0.00 secs] 
2053.631: [GC (Allocation Failure) [PSYoungGen: 68605K->1536K(68608K)] 417233K->350164K(732672K), 0.0016537 secs] [Times: user=0.00 sys=0.00, real=0.00 secs] 
2053.747: [GC (Allocation Failure) [PSYoungGen: 68096K->512K(68608K)] 416724K->350164K(732672K), 0.0015611 secs] [Times: user=0.01 sys=0.00, real=0.01 secs] 
2054.017: [GC (Allocation Failure) [PSYoungGen: 68096K->1376K(68608K)] 417748K->351059K(732672K), 0.0018091 secs] [Times: user=0.01 sys=0.00, real=0.00 secs] 
2054.452: [GC (Allocation Failure) [PSYoungGen: 68448K->1424K(68096K)] 418131K->351107K(732160K), 0.0017451 secs] [Times: user=0.00 sys=0.00, real=0.00 secs] 
2054.973: [GC (Allocation Failure) [PSYoungGen: 67984K->1392K(67584K)] 417667K->351075K(731648K), 0.0025405 secs] [Times: user=0.01 sys=0.00, real=0.00 secs] 
2055.682: [GC (Allocation Failure) [PSYoungGen: 67440K->1424K(68096K)] 417123K->351115K(732160K), 0.0026376 secs] [Times: user=0.01 sys=0.00, real=0.00 secs] 
2056.262: [GC (Allocation Failure) [PSYoungGen: 67472K->1488K(68096K)] 417163K->351180K(732160K), 0.0021780 secs] [Times: user=0.01 sys=0.00, real=0.00 secs] 
2056.417: [GC (Allocation Failure) [PSYoungGen: 67536K->1501K(68096K)] 417228K->351193K(732160K), 0.0015554 secs] [Times: user=0.01 sys=0.00, real=0.01 secs] 
2056.532: [GC (Allocation Failure) [PSYoungGen: 67549K->1437K(68096K)] 417241K->351129K(732160K), 0.0015471 secs] [Times: user=0.00 sys=0.00, real=0.00 secs] 
2056.648: [GC (Allocation Failure) [PSYoungGen: 67485K->1501K(68096K)] 417177K->351217K(732160K), 0.0015573 secs] [Times: user=0.01 sys=0.00, real=0.00 secs] 
2056.999: [GC (Allocation Failure) [PSYoungGen: 67549K->1456K(68096K)] 417265K->351171K(732160K), 0.0023211 secs] [Times: user=0.01 sys=0.00, real=0.00 secs] 
2057.531: [GC (Allocation Failure) [PSYoungGen: 67504K->1376K(68096K)] 417219K->351091K(732160K), 0.0020308 secs] [Times: user=0.01 sys=0.00, real=0.00 secs] 
2058.079: [GC (Allocation Failure) [PSYoungGen: 67424K->1424K(68096K)] 417139K->351139K(732160K), 0.0027078 secs] [Times: user=0.01 sys=0.00, real=0.00 secs] 
2058.498: [GC (Allocation Failure) [PSYoungGen: 67472K->1376K(68096K)] 417187K->351091K(732160K), 0.0029931 secs] [Times: user=0.01 sys=0.00, real=0.00 secs] 
2059.035: [GC (Allocation Failure) [PSYoungGen: 67407K->1504K(68096K)] 417123K->351220K(732160K), 0.0021616 secs] [Times: user=0.01 sys=0.00, real=0.01 secs] 
2059.184: [GC (Allocation Failure) [PSYoungGen: 67552K->1536K(68096K)] 417268K->351252K(732160K), 0.0015322 secs] [Times: user=0.01 sys=0.00, real=0.00 secs] 
2059.300: [GC (Allocation Failure) [PSYoungGen: 67584K->1533K(68096K)] 417300K->351249K(732160K), 0.0015312 secs] [Times: user=0.00 sys=0.00, real=0.00 secs] 
2059.434: [GC (Allocation Failure) [PSYoungGen: 67581K->1536K(68096K)] 417297K->351260K(732160K), 0.0019618 secs] [Times: user=0.01 sys=0.00, real=0.00 secs] 
2059.786: [GC (Allocation Failure) [PSYoungGen: 67584K->1472K(68096K)] 417308K->351195K(732160K), 0.0022491 secs] [Times: user=0.01 sys=0.00, real=0.01 secs] 
2060.428: [GC (Allocation Failure) [PSYoungGen: 67520K->1376K(68096K)] 417243K->351099K(732160K), 0.0022872 secs] [Times: user=0.00 sys=0.00, real=0.00 secs] 
2061.065: [GC (Allocation Failure) [PSYoungGen: 67424K->1376K(68096K)] 417147K->351099K(732160K), 0.0033916 secs] [Times: user=0.01 sys=0.00, real=0.01 secs] 
2061.610: [GC (Allocation Failure) [PSYoungGen: 67424K->1408K(68096K)] 417147K->351131K(732160K), 0.0025223 secs] [Times: user=0.01 sys=0.00, real=0.00 secs] 
2062.239: [GC (Allocation Failure) [PSYoungGen: 67456K->1456K(68096K)] 417179K->351180K(732160K), 0.0026989 secs] [Times: user=0.01 sys=0.00, real=0.00 secs] 
2062.414: [GC (Allocation Failure) [PSYoungGen: 67504K->1517K(68096K)] 417228K->351241K(732160K), 0.0015457 secs] [Times: user=0.01 sys=0.00, real=0.00 secs] 
2062.530: [GC (Allocation Failure) [PSYoungGen: 67565K->1533K(68096K)] 417289K->351257K(732160K), 0.0016229 secs] [Times: user=0.00 sys=0.00, real=0.00 secs] 
2062.646: [GC (Allocation Failure) [PSYoungGen: 67581K->1501K(68096K)] 417305K->351249K(732160K), 0.0015408 secs] [Times: user=0.01 sys=0.00, real=0.01 secs] 
2062.926: [GC (Allocation Failure) [PSYoungGen: 67549K->1952K(68096K)] 417297K->351699K(732160K), 0.0021820 secs] [Times: user=0.00 sys=0.00, real=0.01 secs] 
2063.869: [GC (Allocation Failure) [PSYoungGen: 68000K->1392K(68096K)] 417747K->351163K(732160K), 0.0023800 secs] [Times: user=0.01 sys=0.01, real=0.00 secs] 
2064.626: [GC (Allocation Failure) [PSYoungGen: 67440K->1408K(68096K)] 417211K->351179K(732160K), 0.0030442 secs] [Times: user=0.01 sys=0.00, real=0.01 secs] 
2065.178: [GC (Allocation Failure) [PSYoungGen: 67456K->1408K(68096K)] 417227K->351179K(732160K), 0.0031381 secs] [Times: user=0.01 sys=0.00, real=0.00 secs] 
2065.450: [GC (Allocation Failure) [PSYoungGen: 67456K->1392K(68096K)] 417227K->351163K(732160K), 0.0019506 secs] [Times: user=0.01 sys=0.00, real=0.00 secs] 
2065.657: [GC (Allocation Failure) [PSYoungGen: 67440K->1501K(68096K)] 417211K->351273K(732160K), 0.0015377 secs] [Times: user=0.00 sys=0.00, real=0.01 secs] 
2065.772: [GC (Allocation Failure) [PSYoungGen: 67549K->1504K(68096K)] 417321K->351276K(732160K), 0.0015086 secs] [Times: user=0.01 sys=0.00, real=0.00 secs] 
2065.906: [GC (Allocation Failure) [PSYoungGen: 67552K->1501K(68096K)] 417324K->351289K(732160K), 0.0017144 secs] [Times: user=0.00 sys=0.00, real=0.01 secs] 
2066.057: [GC (Allocation Failure) [PSYoungGen: 67549K->1565K(68096K)] 417337K->351353K(732160K), 0.0018344 secs] [Times: user=0.01 sys=0.00, real=0.00 secs] 
2068.532: [GC (Allocation Failure) [PSYoungGen: 67613K->1408K(67584K)] 417401K->351195K(731648K), 0.0044772 secs] [Times: user=0.02 sys=0.00, real=0.00 secs] 
2069.193: [GC (Allocation Failure) [PSYoungGen: 67456K->1376K(67584K)] 417243K->351163K(731648K), 0.0041717 secs] [Times: user=0.02 sys=0.00, real=0.01 secs] 
2069.607: [GC (Allocation Failure) [PSYoungGen: 67424K->1440K(67584K)] 417211K->351227K(731648K), 0.0026237 secs] [Times: user=0.01 sys=0.00, real=0.00 secs] 
2070.075: [GC (Allocation Failure) [PSYoungGen: 67488K->1392K(67584K)] 417275K->351179K(731648K), 0.0037216 secs] [Times: user=0.02 sys=0.00, real=0.01 secs] 
2070.391: [GC (Allocation Failure) [PSYoungGen: 67440K->1469K(67584K)] 417227K->351257K(731648K), 0.0019305 secs] [Times: user=0.00 sys=0.00, real=0.00 secs] 
2070.561: [GC (Allocation Failure) [PSYoungGen: 67517K->1469K(67584K)] 417305K->351257K(731648K), 0.0019259 secs] [Times: user=0.01 sys=0.00, real=0.00 secs] 
2070.733: [GC (Allocation Failure) [PSYoungGen: 67517K->1501K(67584K)] 417305K->351297K(731648K), 0.0025032 secs] [Times: user=0.01 sys=0.00, real=0.00 secs] 
2070.892: [GC (Allocation Failure) [PSYoungGen: 67549K->1533K(67584K)] 417345K->351329K(731648K), 0.0016353 secs] [Times: user=0.00 sys=0.00, real=0.00 secs] 
2072.232: [GC (Allocation Failure) [PSYoungGen: 67581K->1408K(67584K)] 417377K->351203K(731648K), 0.0034482 secs] [Times: user=0.02 sys=0.00, real=0.00 secs] 
2072.755: [GC (Allocation Failure) [PSYoungGen: 67456K->1376K(67584K)] 417251K->351171K(731648K), 0.0028914 secs] [Times: user=0.01 sys=0.00, real=0.01 secs] 
2073.119: [GC (Allocation Failure) [PSYoungGen: 67424K->1376K(67584K)] 417219K->351171K(731648K), 0.0021345 secs] [Times: user=0.00 sys=0.00, real=0.00 secs] 
2073.490: [GC (Allocation Failure) [PSYoungGen: 67424K->1376K(67584K)] 417219K->351171K(731648K), 0.0020234 secs] [Times: user=0.01 sys=0.00, real=0.00 secs] 
2073.814: [GC (Allocation Failure) [PSYoungGen: 67424K->1501K(67584K)] 417219K->351297K(731648K), 0.0014570 secs] [Times: user=0.01 sys=0.00, real=0.00 secs] 
2073.930: [GC (Allocation Failure) [PSYoungGen: 67549K->1501K(67584K)] 417345K->351297K(731648K), 0.0016951 secs] [Times: user=0.00 sys=0.00, real=0.00 secs] 
2074.046: [GC (Allocation Failure) [PSYoungGen: 67548K->1469K(68096K)] 417343K->351265K(732160K), 0.0016517 secs] [Times: user=0.01 sys=0.00, real=0.01 secs] 
2074.161: [GC (Allocation Failure) [PSYoungGen: 67517K->1501K(68096K)] 417313K->351313K(732160K), 0.0017037 secs] [Times: user=0.01 sys=0.00, real=0.00 secs] 
2074.606: [GC (Allocation Failure) [PSYoungGen: 67549K->1440K(67584K)] 417361K->351251K(731648K), 0.0020435 secs] [Times: user=0.01 sys=0.00, real=0.01 secs] 
2075.214: [GC (Allocation Failure) [PSYoungGen: 67488K->1376K(67584K)] 417299K->351187K(731648K), 0.0037049 secs] [Times: user=0.01 sys=0.00, real=0.01 secs] 
2075.586: [GC (Allocation Failure) [PSYoungGen: 67424K->1424K(67584K)] 417235K->351235K(731648K), 0.0018822 secs] [Times: user=0.00 sys=0.00, real=0.01 secs] 
2076.020: [GC (Allocation Failure) [PSYoungGen: 67472K->1360K(67584K)] 417283K->351171K(731648K), 0.0021445 secs] [Times: user=0.01 sys=0.00, real=0.00 secs] 
2076.388: [GC (Allocation Failure) [PSYoungGen: 67408K->1501K(67584K)] 417219K->351313K(731648K), 0.0019444 secs] [Times: user=0.01 sys=0.00, real=0.00 secs] 
2076.506: [GC (Allocation Failure) [PSYoungGen: 67549K->1501K(67584K)] 417361K->351313K(731648K), 0.0016243 secs] [Times: user=0.01 sys=0.01, real=0.01 secs] 
2076.622: [GC (Allocation Failure) [PSYoungGen: 67549K->1453K(67584K)] 417361K->351265K(731648K), 0.0016738 secs] [Times: user=0.01 sys=0.00, real=0.00 secs] 
2076.738: [GC (Allocation Failure) [PSYoungGen: 67501K->1453K(71680K)] 417313K->351281K(735744K), 0.0017594 secs] [Times: user=0.01 sys=0.00, real=0.00 secs] 
2077.877: [GC (Allocation Failure) [PSYoungGen: 71085K->1424K(70656K)] 420913K->351251K(734720K), 0.0049299 secs] [Times: user=0.01 sys=0.00, real=0.00 secs] 
2078.604: [GC (Allocation Failure) [PSYoungGen: 70544K->1440K(70144K)] 420371K->351267K(734208K), 0.0034519 secs] [Times: user=0.01 sys=0.00, real=0.01 secs] 
2079.272: [GC (Allocation Failure) [PSYoungGen: 70048K->1408K(69632K)] 419875K->351235K(733696K), 0.0040095 secs] [Times: user=0.02 sys=0.00, real=0.00 secs] 
2079.780: [GC (Allocation Failure) [PSYoungGen: 69504K->1392K(69120K)] 419331K->351219K(733184K), 0.0023873 secs] [Times: user=0.01 sys=0.00, real=0.00 secs] 
2080.231: [GC (Allocation Failure) [PSYoungGen: 68976K->1501K(68608K)] 418803K->351329K(732672K), 0.0027466 secs] [Times: user=0.01 sys=0.00, real=0.00 secs] 
2080.431: [GC (Allocation Failure) [PSYoungGen: 68573K->1536K(68608K)] 418401K->351364K(732672K), 0.0018496 secs] [Times: user=0.01 sys=0.00, real=0.00 secs] 
2080.587: [GC (Allocation Failure) [PSYoungGen: 68096K->509K(66560K)] 417924K->351361K(730624K), 0.0018100 secs] [Times: user=0.00 sys=0.00, real=0.00 secs] 
2080.738: [GC (Allocation Failure) [PSYoungGen: 66557K->464K(68096K)] 417409K->351324K(732160K), 0.0019920 secs] [Times: user=0.01 sys=0.00, real=0.00 secs] 
2080.985: [GC (Allocation Failure) [PSYoungGen: 66512K->1440K(67584K)] 417372K->352299K(731648K), 0.0029970 secs] [Times: user=0.01 sys=0.00, real=0.01 secs] 
2081.344: [GC (Allocation Failure) [PSYoungGen: 67488K->1408K(67584K)] 418347K->352267K(731648K), 0.0022508 secs] [Times: user=0.00 sys=0.00, real=0.00 secs] 
2081.619: [GC (Allocation Failure) [PSYoungGen: 67456K->1376K(67584K)] 418315K->352235K(731648K), 0.0020746 secs] [Times: user=0.01 sys=0.00, real=0.00 secs] 
2081.894: [GC (Allocation Failure) [PSYoungGen: 67424K->1408K(67584K)] 418283K->352267K(731648K), 0.0021837 secs] [Times: user=0.01 sys=0.00, real=0.00 secs] 
2082.167: [GC (Allocation Failure) [PSYoungGen: 67444K->1485K(67584K)] 418303K->352345K(731648K), 0.0023437 secs] [Times: user=0.01 sys=0.00, real=0.00 secs] 
2082.377: [GC (Allocation Failure) [PSYoungGen: 67533K->1488K(67584K)] 418393K->352348K(731648K), 0.0021979 secs] [Times: user=0.01 sys=0.00, real=0.00 secs] 
2082.519: [GC (Allocation Failure) [PSYoungGen: 67536K->1485K(68096K)] 418396K->352345K(732160K), 0.0015628 secs] [Times: user=0.01 sys=0.00, real=0.00 secs] 
2082.634: [GC (Allocation Failure) [PSYoungGen: 67533K->1485K(68096K)] 418393K->352369K(732160K), 0.0016685 secs] [Times: user=0.01 sys=0.00, real=0.00 secs] 
2083.726: [GC (Allocation Failure) [PSYoungGen: 67533K->1456K(67584K)] 418417K->352339K(731648K), 0.0040681 secs] [Times: user=0.01 sys=0.00, real=0.01 secs] 
2084.706: [GC (Allocation Failure) [PSYoungGen: 67504K->1376K(67584K)] 418387K->352259K(731648K), 0.0032170 secs] [Times: user=0.01 sys=0.00, real=0.01 secs] 
2085.248: [GC (Allocation Failure) [PSYoungGen: 67424K->1408K(67584K)] 418307K->352291K(731648K), 0.0026473 secs] [Times: user=0.01 sys=0.00, real=0.00 secs] 
2085.626: [GC (Allocation Failure) [PSYoungGen: 67456K->1344K(67584K)] 418339K->352227K(731648K), 0.0021941 secs] [Times: user=0.01 sys=0.00, real=0.01 secs] 
2085.899: [GC (Allocation Failure) [PSYoungGen: 67392K->1501K(67584K)] 418275K->352385K(731648K), 0.0019969 secs] [Times: user=0.01 sys=0.00, real=0.00 secs] 
2086.026: [GC (Allocation Failure) [PSYoungGen: 67549K->1501K(67584K)] 418433K->352385K(731648K), 0.0016290 secs] [Times: user=0.00 sys=0.00, real=0.01 secs] 
2086.142: [GC (Allocation Failure) [PSYoungGen: 67549K->1469K(67584K)] 418433K->352353K(731648K), 0.0015501 secs] [Times: user=0.00 sys=0.00, real=0.00 secs] 
2086.257: [GC (Allocation Failure) [PSYoungGen: 67517K->1469K(71680K)] 418401K->352361K(735744K), 0.0017045 secs] [Times: user=0.01 sys=0.00, real=0.00 secs] 
2086.508: [GC (Allocation Failure) [PSYoungGen: 71101K->1440K(70656K)] 421993K->352331K(734720K), 0.0018621 secs] [Times: user=0.00 sys=0.00, real=0.00 secs] 
2086.856: [GC (Allocation Failure) [PSYoungGen: 70560K->1376K(70144K)] 421451K->352267K(734208K), 0.0020415 secs] [Times: user=0.01 sys=0.00, real=0.01 secs] 
2087.153: [GC (Allocation Failure) [PSYoungGen: 69984K->1376K(69632K)] 420875K->352267K(733696K), 0.0019297 secs] [Times: user=0.00 sys=0.00, real=0.00 secs] 
2087.532: [GC (Allocation Failure) [PSYoungGen: 69472K->1408K(69120K)] 420363K->352299K(733184K), 0.0022029 secs] [Times: user=0.01 sys=0.00, real=0.00 secs] 
2087.840: [GC (Allocation Failure) [PSYoungGen: 68992K->1533K(68608K)] 419883K->352425K(732672K), 0.0019426 secs] [Times: user=0.01 sys=0.00, real=0.00 secs] 
2088.003: [GC (Allocation Failure) [PSYoungGen: 68605K->1533K(68096K)] 419497K->352425K(732160K), 0.0021710 secs] [Times: user=0.01 sys=0.00, real=0.00 secs] 
2088.155: [GC (Allocation Failure) [PSYoungGen: 68093K->1501K(67584K)] 418985K->352393K(731648K), 0.0016018 secs] [Times: user=0.01 sys=0.01, real=0.00 secs] 
2088.291: [GC (Allocation Failure) [PSYoungGen: 67549K->1504K(71680K)] 418441K->352412K(735744K), 0.0021462 secs] [Times: user=0.00 sys=0.00, real=0.00 secs] 
2088.761: [GC (Allocation Failure) [PSYoungGen: 71136K->1440K(70656K)] 422044K->352347K(734720K), 0.0030530 secs] [Times: user=0.02 sys=0.00, real=0.00 secs] 
2089.084: [GC (Allocation Failure) [PSYoungGen: 70560K->1408K(70144K)] 421467K->352315K(734208K), 0.0021730 secs] [Times: user=0.01 sys=0.00, real=0.00 secs] 
2089.383: [GC (Allocation Failure) [PSYoungGen: 70016K->1376K(69632K)] 420923K->352283K(733696K), 0.0016642 secs] [Times: user=0.01 sys=0.00, real=0.00 secs] 
2089.715: [GC (Allocation Failure) [PSYoungGen: 69472K->1376K(69120K)] 420379K->352283K(733184K), 0.0020142 secs] [Times: user=0.01 sys=0.00, real=0.01 secs] 
2090.015: [GC (Allocation Failure) [PSYoungGen: 68960K->1485K(68608K)] 419867K->352393K(732672K), 0.0019537 secs] [Times: user=0.01 sys=0.00, real=0.01 secs] 
2090.137: [GC (Allocation Failure) [PSYoungGen: 68557K->1501K(68096K)] 419465K->352409K(732160K), 0.0016386 secs] [Times: user=0.01 sys=0.00, real=0.01 secs] 
2090.253: [GC (Allocation Failure) [PSYoungGen: 68061K->1469K(67584K)] 418969K->352377K(731648K), 0.0015402 secs] [Times: user=0.01 sys=0.00, real=0.00 secs] 
2090.369: [GC (Allocation Failure) [PSYoungGen: 67517K->1533K(71680K)] 418425K->352449K(735744K), 0.0015945 secs] [Times: user=0.01 sys=0.00, real=0.00 secs] 
2091.579: [GC (Allocation Failure) [PSYoungGen: 71165K->1472K(70656K)] 422081K->352387K(734720K), 0.0047108 secs] [Times: user=0.02 sys=0.00, real=0.00 secs] 
2092.587: [GC (Allocation Failure) [PSYoungGen: 70592K->1408K(70144K)] 421507K->352323K(734208K), 0.0027829 secs] [Times: user=0.01 sys=0.00, real=0.00 secs] 
2093.206: [GC (Allocation Failure) [PSYoungGen: 70016K->1424K(69632K)] 420931K->352339K(733696K), 0.0024027 secs] [Times: user=0.01 sys=0.00, real=0.01 secs] 
2093.623: [GC (Allocation Failure) [PSYoungGen: 69520K->1392K(69120K)] 420435K->352323K(733184K), 0.0024230 secs] [Times: user=0.01 sys=0.00, real=0.00 secs] 
2094.017: [GC (Allocation Failure) [PSYoungGen: 68976K->1533K(68608K)] 419907K->352465K(732672K), 0.0018322 secs] [Times: user=0.01 sys=0.00, real=0.00 secs] 
2094.148: [GC (Allocation Failure) [PSYoungGen: 68605K->1501K(68096K)] 419537K->352433K(732160K), 0.0016323 secs] [Times: user=0.00 sys=0.00, real=0.00 secs] 
2094.263: [GC (Allocation Failure) [PSYoungGen: 68061K->1501K(67584K)] 418993K->352433K(731648K), 0.0015677 secs] [Times: user=0.00 sys=0.00, real=0.00 secs] 
2094.380: [GC (Allocation Failure) [PSYoungGen: 67549K->1501K(67584K)] 418481K->352449K(731648K), 0.0016174 secs] [Times: user=0.01 sys=0.00, real=0.00 secs] 
2094.685: [GC (Allocation Failure) [PSYoungGen: 67549K->1456K(67584K)] 418497K->352403K(731648K), 0.0016763 secs] [Times: user=0.01 sys=0.00, real=0.00 secs] 
2095.160: [GC (Allocation Failure) [PSYoungGen: 67504K->1408K(67584K)] 418451K->352355K(731648K), 0.0017613 secs] [Times: user=0.01 sys=0.00, real=0.00 secs] 
2095.433: [GC (Allocation Failure) [PSYoungGen: 67456K->1344K(67584K)] 418403K->352291K(731648K), 0.0015472 secs] [Times: user=0.01 sys=0.00, real=0.00 secs] 
2095.707: [GC (Allocation Failure) [PSYoungGen: 67392K->1424K(67584K)] 418339K->352371K(731648K), 0.0016612 secs] [Times: user=0.01 sys=0.00, real=0.01 secs] 
2096.003: [GC (Allocation Failure) [PSYoungGen: 67472K->1469K(67584K)] 418419K->352417K(731648K), 0.0014843 secs] [Times: user=0.01 sys=0.00, real=0.00 secs] 
2096.138: [GC (Allocation Failure) [PSYoungGen: 67517K->1533K(67584K)] 418465K->352481K(731648K), 0.0017078 secs] [Times: user=0.01 sys=0.00, real=0.00 secs] 
2096.294: [GC (Allocation Failure) [PSYoungGen: 67581K->1501K(68096K)] 418529K->352449K(732160K), 0.0020235 secs] [Times: user=0.01 sys=0.00, real=0.00 secs] 
2096.457: [GC (Allocation Failure) [PSYoungGen: 67549K->1453K(68096K)] 418497K->352409K(732160K), 0.0015960 secs] [Times: user=0.01 sys=0.00, real=0.01 secs] 
2096.780: [GC (Allocation Failure) [PSYoungGen: 67501K->1440K(68096K)] 418457K->352395K(732160K), 0.0026706 secs] [Times: user=0.02 sys=0.00, real=0.00 secs] 
2097.445: [GC (Allocation Failure) [PSYoungGen: 67488K->1408K(68096K)] 418443K->352363K(732160K), 0.0025773 secs] [Times: user=0.01 sys=0.00, real=0.01 secs] 
2097.995: [GC (Allocation Failure) [PSYoungGen: 67456K->1376K(68096K)] 418411K->352331K(732160K), 0.0024424 secs] [Times: user=0.01 sys=0.00, real=0.01 secs] 
2098.447: [GC (Allocation Failure) [PSYoungGen: 67424K->1408K(68096K)] 418379K->352363K(732160K), 0.0021438 secs] [Times: user=0.01 sys=0.00, real=0.00 secs] 
2098.722: [GC (Allocation Failure) [PSYoungGen: 67456K->1376K(68096K)] 418411K->352331K(732160K), 0.0020230 secs] [Times: user=0.01 sys=0.00, real=0.00 secs] 
2098.881: [GC (Allocation Failure) [PSYoungGen: 67424K->1533K(68096K)] 418379K->352489K(732160K), 0.0015960 secs] [Times: user=0.01 sys=0.00, real=0.00 secs] 
2098.997: [GC (Allocation Failure) [PSYoungGen: 67581K->1501K(68096K)] 418537K->352457K(732160K), 0.0016653 secs] [Times: user=0.01 sys=0.00, real=0.00 secs] 
2099.112: [GC (Allocation Failure) [PSYoungGen: 67549K->1533K(68096K)] 418505K->352513K(732160K), 0.0016430 secs] [Times: user=0.00 sys=0.00, real=0.00 secs] 
2099.301: [GC (Allocation Failure) [PSYoungGen: 67581K->1600K(75264K)] 418561K->352579K(739328K), 0.0019394 secs] [Times: user=0.01 sys=0.00, real=0.00 secs] 
2100.316: [GC (Allocation Failure) [PSYoungGen: 74816K->1408K(74240K)] 425795K->352387K(738304K), 0.0023317 secs] [Times: user=0.01 sys=0.00, real=0.01 secs] 
2101.182: [GC (Allocation Failure) [PSYoungGen: 74112K->1408K(73728K)] 425091K->352387K(737792K), 0.0029964 secs] [Times: user=0.00 sys=0.01, real=0.00 secs] 
2102.081: [GC (Allocation Failure) [PSYoungGen: 73600K->1440K(73216K)] 424579K->352419K(737280K), 0.0031295 secs] [Times: user=0.01 sys=0.00, real=0.00 secs] 
2102.818: [GC (Allocation Failure) [PSYoungGen: 73120K->1485K(72704K)] 424099K->352465K(736768K), 0.0021393 secs] [Times: user=0.01 sys=0.00, real=0.00 secs] 
2103.008: [GC (Allocation Failure) [PSYoungGen: 72653K->1504K(72192K)] 423633K->352484K(736256K), 0.0020373 secs] [Times: user=0.01 sys=0.00, real=0.00 secs] 
2103.169: [GC (Allocation Failure) [PSYoungGen: 72160K->1485K(71680K)] 423140K->352465K(735744K), 0.0016648 secs] [Times: user=0.01 sys=0.00, real=0.00 secs] 
2103.302: [GC (Allocation Failure) [PSYoungGen: 71607K->1536K(71680K)] 422587K->352524K(735744K), 0.0016630 secs] [Times: user=0.01 sys=0.00, real=0.00 secs] 
2103.729: [GC (Allocation Failure) [PSYoungGen: 71168K->1440K(70656K)] 422156K->352427K(734720K), 0.0018583 secs] [Times: user=0.00 sys=0.00, real=0.00 secs] 
2104.669: [GC (Allocation Failure) [PSYoungGen: 70560K->1408K(70144K)] 421547K->352403K(734208K), 0.0020121 secs] [Times: user=0.01 sys=0.00, real=0.00 secs] 
2105.782: [GC (Allocation Failure) [PSYoungGen: 70016K->1440K(69632K)] 421011K->352435K(733696K), 0.0020186 secs] [Times: user=0.01 sys=0.00, real=0.00 secs] 
2107.137: [GC (Allocation Failure) [PSYoungGen: 69536K->1408K(69120K)] 420531K->352403K(733184K), 0.0022555 secs] [Times: user=0.00 sys=0.00, real=0.00 secs] 
2107.814: [GC (Allocation Failure) [PSYoungGen: 68992K->1469K(68608K)] 419987K->352465K(732672K), 0.0019277 secs] [Times: user=0.01 sys=0.00, real=0.00 secs] 
2107.951: [GC (Allocation Failure) [PSYoungGen: 68541K->1533K(68096K)] 419537K->352529K(732160K), 0.0016560 secs] [Times: user=0.00 sys=0.00, real=0.00 secs] 
2108.068: [GC (Allocation Failure) [PSYoungGen: 68093K->1501K(67584K)] 419089K->352497K(731648K), 0.0015435 secs] [Times: user=0.00 sys=0.00, real=0.00 secs] 
2108.184: [GC (Allocation Failure) [PSYoungGen: 67549K->1565K(68096K)] 418545K->352569K(732160K), 0.0015934 secs] [Times: user=0.01 sys=0.00, real=0.00 secs] 
2109.034: [GC (Allocation Failure) [PSYoungGen: 67613K->1440K(67584K)] 418617K->352443K(731648K), 0.0028914 secs] [Times: user=0.01 sys=0.00, real=0.00 secs] 
2109.303: [GC (Allocation Failure) [PSYoungGen: 67488K->1408K(68096K)] 418491K->352411K(732160K), 0.0021347 secs] [Times: user=0.01 sys=0.00, real=0.00 secs] 
2109.578: [GC (Allocation Failure) [PSYoungGen: 67456K->1408K(68096K)] 418459K->352411K(732160K), 0.0019873 secs] [Times: user=0.01 sys=0.00, real=0.00 secs] 
2109.852: [GC (Allocation Failure) [PSYoungGen: 67456K->1408K(68096K)] 418459K->352411K(732160K), 0.0019157 secs] [Times: user=0.01 sys=0.00, real=0.00 secs] 
2110.107: [GC (Allocation Failure) [PSYoungGen: 67456K->1485K(68096K)] 418459K->352489K(732160K), 0.0015012 secs] [Times: user=0.00 sys=0.00, real=0.00 secs] 
2110.225: [GC (Allocation Failure) [PSYoungGen: 67533K->1504K(68096K)] 418537K->352508K(732160K), 0.0015024 secs] [Times: user=0.01 sys=0.00, real=0.00 secs] 
2110.340: [GC (Allocation Failure) [PSYoungGen: 67552K->1469K(68096K)] 418556K->352473K(732160K), 0.0015381 secs] [Times: user=0.01 sys=0.00, real=0.00 secs] 
2110.456: [GC (Allocation Failure) [PSYoungGen: 67517K->1501K(68096K)] 418521K->352513K(732160K), 0.0015955 secs] [Times: user=0.00 sys=0.00, real=0.01 secs] 
2110.674: [GC (Allocation Failure) [PSYoungGen: 67549K->1488K(75264K)] 418561K->352499K(739328K), 0.0018617 secs] [Times: user=0.01 sys=0.00, real=0.00 secs] 
2111.000: [GC (Allocation Failure) [PSYoungGen: 74704K->1424K(74240K)] 425715K->352435K(738304K), 0.0017604 secs] [Times: user=0.00 sys=0.00, real=0.00 secs] 
2111.375: [GC (Allocation Failure) [PSYoungGen: 74128K->1392K(73728K)] 425139K->352403K(737792K), 0.0018914 secs] [Times: user=0.01 sys=0.00, real=0.00 secs] 
2111.676: [GC (Allocation Failure) [PSYoungGen: 73584K->1392K(73216K)] 424595K->352427K(737280K), 0.0019790 secs] [Times: user=0.01 sys=0.00, real=0.01 secs] 
2111.917: [GC (Allocation Failure) [PSYoungGen: 73072K->1469K(72704K)] 424107K->352505K(736768K), 0.0016498 secs] [Times: user=0.01 sys=0.00, real=0.00 secs] 
2112.043: [GC (Allocation Failure) [PSYoungGen: 72637K->1501K(72192K)] 423673K->352537K(736256K), 0.0021550 secs] [Times: user=0.01 sys=0.00, real=0.00 secs] 
2112.187: [GC (Allocation Failure) [PSYoungGen: 72157K->1536K(72704K)] 423193K->352572K(736768K), 0.0019611 secs] [Times: user=0.00 sys=0.00, real=0.00 secs] 
2112.345: [GC (Allocation Failure) [PSYoungGen: 72192K->1501K(72704K)] 423228K->352545K(736768K), 0.0020975 secs] [Times: user=0.01 sys=0.00, real=0.01 secs] 
2113.786: [GC (Allocation Failure) [PSYoungGen: 72157K->1424K(71680K)] 423201K->352467K(735744K), 0.0030675 secs] [Times: user=0.01 sys=0.00, real=0.01 secs] 
2114.104: [GC (Allocation Failure) [PSYoungGen: 71568K->1408K(71168K)] 422611K->352451K(735232K), 0.0019731 secs] [Times: user=0.01 sys=0.00, real=0.00 secs] 
2114.499: [GC (Allocation Failure) [PSYoungGen: 71040K->1408K(70656K)] 422083K->352451K(734720K), 0.0020556 secs] [Times: user=0.01 sys=0.00, real=0.00 secs] 
2115.215: [GC (Allocation Failure) [PSYoungGen: 70528K->1344K(70144K)] 421571K->352387K(734208K), 0.0022212 secs] [Times: user=0.01 sys=0.00, real=0.01 secs] 
2115.533: [GC (Allocation Failure) [PSYoungGen: 69952K->1501K(69632K)] 420995K->352545K(733696K), 0.0016439 secs] [Times: user=0.00 sys=0.00, real=0.00 secs] 
2115.652: [GC (Allocation Failure) [PSYoungGen: 69597K->1501K(69120K)] 420641K->352545K(733184K), 0.0015753 secs] [Times: user=0.00 sys=0.00, real=0.00 secs] 
2115.770: [GC (Allocation Failure) [PSYoungGen: 69085K->1533K(68608K)] 420129K->352577K(732672K), 0.0018466 secs] [Times: user=0.00 sys=0.00, real=0.00 secs] 
2115.892: [GC (Allocation Failure) [PSYoungGen: 68605K->128K(76800K)] 419649K->351179K(740864K), 0.0019213 secs] [Times: user=0.00 sys=0.00, real=0.00 secs] 
2117.377: [GC (Allocation Failure) [PSYoungGen: 74880K->1344K(75776K)] 425931K->352395K(739840K), 0.0042863 secs] [Times: user=0.01 sys=0.00, real=0.01 secs] 
2118.477: [GC (Allocation Failure) [PSYoungGen: 75584K->1392K(75264K)] 426635K->352443K(739328K), 0.0041649 secs] [Times: user=0.02 sys=0.00, real=0.01 secs] 
2119.221: [GC (Allocation Failure) [PSYoungGen: 75120K->1424K(74752K)] 426171K->352475K(738816K), 0.0032557 secs] [Times: user=0.01 sys=0.00, real=0.00 secs] 
2120.120: [GC (Allocation Failure) [PSYoungGen: 74640K->1488K(74240K)] 425691K->352540K(738304K), 0.0029304 secs] [Times: user=0.01 sys=0.00, real=0.00 secs] 
2120.360: [GC (Allocation Failure) [PSYoungGen: 74192K->1533K(73728K)] 425244K->352585K(737792K), 0.0020106 secs] [Times: user=0.01 sys=0.00, real=0.00 secs] 
2120.504: [GC (Allocation Failure) [PSYoungGen: 73725K->1501K(73216K)] 424777K->352553K(737280K), 0.0016208 secs] [Times: user=0.00 sys=0.00, real=0.00 secs] 
2120.629: [GC (Allocation Failure) [PSYoungGen: 73163K->1501K(72704K)] 424215K->352553K(736768K), 0.0016781 secs] [Times: user=0.01 sys=0.00, real=0.00 secs] 
2121.150: [GC (Allocation Failure) [PSYoungGen: 72669K->1456K(72192K)] 423721K->352507K(736256K), 0.0033063 secs] [Times: user=0.02 sys=0.00, real=0.00 secs] 
2121.565: [GC (Allocation Failure) [PSYoungGen: 72112K->1344K(71680K)] 423163K->352395K(735744K), 0.0020175 secs] [Times: user=0.00 sys=0.00, real=0.01 secs] 
2122.233: [GC (Allocation Failure) [PSYoungGen: 71488K->1408K(71168K)] 422539K->352459K(735232K), 0.0020130 secs] [Times: user=0.01 sys=0.00, real=0.00 secs] 
2123.040: [GC (Allocation Failure) [PSYoungGen: 71040K->1440K(70656K)] 422091K->352491K(734720K), 0.0035357 secs] [Times: user=0.01 sys=0.00, real=0.00 secs] 
2123.531: [GC (Allocation Failure) [PSYoungGen: 70560K->1533K(70144K)] 421611K->352585K(734208K), 0.0023989 secs] [Times: user=0.01 sys=0.00, real=0.00 secs] 
2123.678: [GC (Allocation Failure) [PSYoungGen: 70141K->1533K(69632K)] 421193K->352585K(733696K), 0.0016628 secs] [Times: user=0.01 sys=0.00, real=0.00 secs] 
2123.797: [GC (Allocation Failure) [PSYoungGen: 69629K->1501K(69120K)] 420681K->352553K(733184K), 0.0015744 secs] [Times: user=0.00 sys=0.00, real=0.01 secs] 
2123.916: [GC (Allocation Failure) [PSYoungGen: 69085K->1472K(68608K)] 420137K->352524K(732672K), 0.0017099 secs] [Times: user=0.01 sys=0.00, real=0.01 secs] 
2124.551: [GC (Allocation Failure) [PSYoungGen: 68544K->1408K(68096K)] 419596K->352459K(732160K), 0.0021815 secs] [Times: user=0.01 sys=0.00, real=0.00 secs] 
2124.827: [GC (Allocation Failure) [PSYoungGen: 67968K->1408K(67584K)] 419019K->352467K(731648K), 0.0021786 secs] [Times: user=0.00 sys=0.00, real=0.00 secs] 
2125.102: [GC (Allocation Failure) [PSYoungGen: 67456K->1376K(68096K)] 418515K->352435K(732160K), 0.0020183 secs] [Times: user=0.01 sys=0.00, real=0.00 secs] 
2125.376: [GC (Allocation Failure) [PSYoungGen: 67424K->1408K(68096K)] 418483K->352467K(732160K), 0.0019330 secs] [Times: user=0.01 sys=0.00, real=0.01 secs] 
2125.643: [GC (Allocation Failure) [PSYoungGen: 67456K->1501K(68096K)] 418515K->352561K(732160K), 0.0015511 secs] [Times: user=0.01 sys=0.00, real=0.00 secs] 
2125.759: [GC (Allocation Failure) [PSYoungGen: 67549K->1485K(68096K)] 418609K->352545K(732160K), 0.0016252 secs] [Times: user=0.00 sys=0.00, real=0.00 secs] 
2125.875: [GC (Allocation Failure) [PSYoungGen: 67533K->1565K(68096K)] 418593K->352625K(732160K), 0.0016936 secs] [Times: user=0.01 sys=0.00, real=0.01 secs] 
2125.991: [GC (Allocation Failure) [PSYoungGen: 67613K->1501K(75264K)] 418673K->352577K(739328K), 0.0015357 secs] [Times: user=0.01 sys=0.00, real=0.00 secs] 
2127.051: [GC (Allocation Failure) [PSYoungGen: 74717K->1440K(74240K)] 425793K->352515K(738304K), 0.0029070 secs] [Times: user=0.01 sys=0.01, real=0.00 secs] 
2127.991: [GC (Allocation Failure) [PSYoungGen: 74144K->1408K(73728K)] 425219K->352483K(737792K), 0.0042365 secs] [Times: user=0.02 sys=0.00, real=0.00 secs] 
2128.886: [GC (Allocation Failure) [PSYoungGen: 73600K->1344K(73216K)] 424675K->352419K(737280K), 0.0041643 secs] [Times: user=0.02 sys=0.00, real=0.01 secs] 
2129.590: [GC (Allocation Failure) [PSYoungGen: 73024K->1408K(72704K)] 424099K->352483K(736768K), 0.0030891 secs] [Times: user=0.01 sys=0.00, real=0.00 secs] 
2130.125: [GC (Allocation Failure) [PSYoungGen: 72576K->1504K(72192K)] 423651K->352580K(736256K), 0.0019118 secs] [Times: user=0.01 sys=0.00, real=0.00 secs] 
2130.294: [GC (Allocation Failure) [PSYoungGen: 72160K->1472K(71680K)] 423236K->352548K(735744K), 0.0019172 secs] [Times: user=0.01 sys=0.00, real=0.00 secs] 
2130.453: [GC (Allocation Failure) [PSYoungGen: 71613K->1469K(71168K)] 422689K->352545K(735232K), 0.0016358 secs] [Times: user=0.01 sys=0.00, real=0.00 secs] 
2130.988: [GC (Allocation Failure) [PSYoungGen: 71101K->1472K(70656K)] 422177K->352547K(734720K), 0.0025412 secs] [Times: user=0.01 sys=0.00, real=0.00 secs] 
2131.332: [GC (Allocation Failure) [PSYoungGen: 70592K->1376K(70144K)] 421667K->352451K(734208K), 0.0021906 secs] [Times: user=0.01 sys=0.00, real=0.00 secs] 
2131.626: [GC (Allocation Failure) [PSYoungGen: 69984K->1376K(69632K)] 421059K->352451K(733696K), 0.0021917 secs] [Times: user=0.01 sys=0.00, real=0.01 secs] 
2131.910: [GC (Allocation Failure) [PSYoungGen: 69472K->1408K(69120K)] 420547K->352483K(733184K), 0.0019929 secs] [Times: user=0.01 sys=0.00, real=0.00 secs] 
2132.211: [GC (Allocation Failure) [PSYoungGen: 68992K->1485K(68608K)] 420067K->352561K(732672K), 0.0026267 secs] [Times: user=0.01 sys=0.00, real=0.00 secs] 
2132.373: [GC (Allocation Failure) [PSYoungGen: 68557K->1533K(68096K)] 419633K->352609K(732160K), 0.0016375 secs] [Times: user=0.01 sys=0.00, real=0.00 secs] 
2132.489: [GC (Allocation Failure) [PSYoungGen: 68093K->1469K(67584K)] 419169K->352545K(731648K), 0.0017464 secs] [Times: user=0.00 sys=0.00, real=0.00 secs] 
2132.604: [GC (Allocation Failure) [PSYoungGen: 67517K->1501K(68096K)] 418593K->352577K(732160K), 0.0015831 secs] [Times: user=0.01 sys=0.00, real=0.00 secs] 
2132.806: [GC (Allocation Failure) [PSYoungGen: 67549K->1440K(75264K)] 418625K->352515K(739328K), 0.0022079 secs] [Times: user=0.01 sys=0.00, real=0.01 secs] 
2133.425: [GC (Allocation Failure) [PSYoungGen: 74656K->1392K(74240K)] 425731K->352483K(738304K), 0.0024848 secs] [Times: user=0.01 sys=0.00, real=0.01 secs] 
2134.059: [GC (Allocation Failure) [PSYoungGen: 74096K->1360K(73728K)] 425187K->352451K(737792K), 0.0035392 secs] [Times: user=0.02 sys=0.00, real=0.00 secs] 
2134.480: [GC (Allocation Failure) [PSYoungGen: 73552K->1376K(73216K)] 424643K->352467K(737280K), 0.0026058 secs] [Times: user=0.01 sys=0.00, real=0.00 secs] 
2134.929: [GC (Allocation Failure) [PSYoungGen: 73056K->1485K(72704K)] 424147K->352577K(736768K), 0.0021408 secs] [Times: user=0.01 sys=0.00, real=0.00 secs] 
2135.133: [GC (Allocation Failure) [PSYoungGen: 72642K->1533K(72192K)] 423734K->352625K(736256K), 0.0023410 secs] [Times: user=0.01 sys=0.00, real=0.00 secs] 
2135.284: [GC (Allocation Failure) [PSYoungGen: 72189K->1504K(71680K)] 423281K->352596K(735744K), 0.0016751 secs] [Times: user=0.01 sys=0.00, real=0.00 secs] 
2135.407: [GC (Allocation Failure) [PSYoungGen: 71619K->1501K(71168K)] 422711K->352601K(735232K), 0.0016306 secs] [Times: user=0.01 sys=0.00, real=0.00 secs] 
2136.944: [GC (Allocation Failure) [PSYoungGen: 71133K->1440K(70656K)] 422233K->352539K(734720K), 0.0034478 secs] [Times: user=0.02 sys=0.00, real=0.01 secs] 
2137.355: [GC (Allocation Failure) [PSYoungGen: 70560K->1440K(70144K)] 421659K->352539K(734208K), 0.0021954 secs] [Times: user=0.01 sys=0.00, real=0.00 secs] 
2137.640: [GC (Allocation Failure) [PSYoungGen: 70048K->1408K(69632K)] 421147K->352507K(733696K), 0.0022289 secs] [Times: user=0.00 sys=0.00, real=0.00 secs] 
2138.102: [GC (Allocation Failure) [PSYoungGen: 69504K->1376K(69120K)] 420603K->352475K(733184K), 0.0029602 secs] [Times: user=0.01 sys=0.00, real=0.00 secs] 
2138.480: [GC (Allocation Failure) [PSYoungGen: 68960K->1536K(69120K)] 420059K->352636K(733184K), 0.0020356 secs] [Times: user=0.01 sys=0.00, real=0.00 secs] 
2138.622: [GC (Allocation Failure) [PSYoungGen: 68608K->1485K(68096K)] 419708K->352585K(732160K), 0.0017339 secs] [Times: user=0.00 sys=0.00, real=0.00 secs] 
2138.738: [GC (Allocation Failure) [PSYoungGen: 68045K->1501K(67584K)] 419145K->352601K(731648K), 0.0015170 secs] [Times: user=0.00 sys=0.00, real=0.00 secs] 
2138.854: [GC (Allocation Failure) [PSYoungGen: 67549K->1501K(68608K)] 418649K->352609K(732672K), 0.0016005 secs] [Times: user=0.01 sys=0.00, real=0.00 secs] 
2139.181: [GC (Allocation Failure) [PSYoungGen: 68061K->1408K(67584K)] 419169K->352515K(731648K), 0.0031528 secs] [Times: user=0.02 sys=0.00, real=0.00 secs] 
2139.526: [GC (Allocation Failure) [PSYoungGen: 67456K->1376K(67584K)] 418563K->352483K(731648K), 0.0021128 secs] [Times: user=0.01 sys=0.00, real=0.01 secs] 
2139.948: [GC (Allocation Failure) [PSYoungGen: 67424K->1376K(67584K)] 418531K->352483K(731648K), 0.0024779 secs] [Times: user=0.01 sys=0.00, real=0.00 secs] 
2140.252: [GC (Allocation Failure) [PSYoungGen: 67424K->1376K(67584K)] 418531K->352483K(731648K), 0.0029553 secs] [Times: user=0.01 sys=0.00, real=0.00 secs] 
2140.650: [GC (Allocation Failure) [PSYoungGen: 67424K->1501K(67584K)] 418531K->352609K(731648K), 0.0021566 secs] [Times: user=0.01 sys=0.00, real=0.00 secs] 
2140.829: [GC (Allocation Failure) [PSYoungGen: 67549K->1517K(67584K)] 418657K->352625K(731648K), 0.0024768 secs] [Times: user=0.01 sys=0.00, real=0.00 secs] 
2140.980: [GC (Allocation Failure) [PSYoungGen: 67565K->1485K(67584K)] 418673K->352593K(731648K), 0.0016206 secs] [Times: user=0.01 sys=0.00, real=0.00 secs] 
2141.097: [GC (Allocation Failure) [PSYoungGen: 67533K->1501K(71680K)] 418641K->352617K(735744K), 0.0017758 secs] [Times: user=0.00 sys=0.00, real=0.01 secs] 
2141.826: [GC (Allocation Failure) [PSYoungGen: 71133K->1408K(70656K)] 422249K->352523K(734720K), 0.0038733 secs] [Times: user=0.02 sys=0.00, real=0.01 secs] 
2142.219: [GC (Allocation Failure) [PSYoungGen: 70528K->1344K(70144K)] 421643K->352467K(734208K), 0.0021977 secs] [Times: user=0.01 sys=0.00, real=0.00 secs] 
2142.504: [GC (Allocation Failure) [PSYoungGen: 69952K->1344K(69632K)] 421075K->352467K(733696K), 0.0017508 secs] [Times: user=0.00 sys=0.00, real=0.00 secs] 
2142.787: [GC (Allocation Failure) [PSYoungGen: 69440K->1344K(69120K)] 420563K->352467K(733184K), 0.0020859 secs] [Times: user=0.01 sys=0.00, real=0.01 secs] 
2143.018: [GC (Allocation Failure) [PSYoungGen: 68928K->1533K(68608K)] 420051K->352657K(732672K), 0.0015545 secs] [Times: user=0.01 sys=0.00, real=0.00 secs] 
2143.137: [GC (Allocation Failure) [PSYoungGen: 68605K->1501K(68096K)] 419729K->352625K(732160K), 0.0016210 secs] [Times: user=0.00 sys=0.00, real=0.00 secs] 
2143.254: [GC (Allocation Failure) [PSYoungGen: 68061K->1469K(67584K)] 419185K->352593K(731648K), 0.0015421 secs] [Times: user=0.01 sys=0.00, real=0.00 secs] 
2143.370: [GC (Allocation Failure) [PSYoungGen: 67517K->1501K(71680K)] 418641K->352633K(735744K), 0.0016829 secs] [Times: user=0.00 sys=0.00, real=0.00 secs] 
2143.624: [GC (Allocation Failure) [PSYoungGen: 71133K->1440K(75264K)] 422265K->352571K(739328K), 0.0019887 secs] [Times: user=0.01 sys=0.00, real=0.00 secs] 
2143.929: [GC (Allocation Failure) [PSYoungGen: 74656K->1408K(74240K)] 425787K->352539K(738304K), 0.0019605 secs] [Times: user=0.01 sys=0.00, real=0.00 secs] 
2144.231: [GC (Allocation Failure) [PSYoungGen: 74112K->1376K(73728K)] 425243K->352507K(737792K), 0.0019965 secs] [Times: user=0.01 sys=0.00, real=0.00 secs] 
2144.531: [GC (Allocation Failure) [PSYoungGen: 73568K->1376K(73216K)] 424699K->352507K(737280K), 0.0018602 secs] [Times: user=0.01 sys=0.00, real=0.00 secs] 
2144.733: [GC (Allocation Failure) [PSYoungGen: 73056K->1472K(72704K)] 424187K->352604K(736768K), 0.0016328 secs] [Times: user=0.01 sys=0.00, real=0.00 secs] 
2144.858: [GC (Allocation Failure) [PSYoungGen: 72640K->1501K(72192K)] 423772K->352633K(736256K), 0.0017403 secs] [Times: user=0.01 sys=0.00, real=0.00 secs] 
2144.982: [GC (Allocation Failure) [PSYoungGen: 72157K->1517K(71680K)] 423289K->352649K(735744K), 0.0015909 secs] [Times: user=0.01 sys=0.00, real=0.00 secs] 
2145.129: [GC (Allocation Failure) [PSYoungGen: 71661K->1984K(72192K)] 422793K->353883K(736256K), 0.0019017 secs] [Times: user=0.01 sys=0.00, real=0.00 secs] 
2145.427: [GC (Allocation Failure) [PSYoungGen: 72128K->1344K(71168K)] 424027K->353243K(735232K), 0.0018828 secs] [Times: user=0.00 sys=0.00, real=0.00 secs] 
2145.735: [GC (Allocation Failure) [PSYoungGen: 70976K->1376K(70656K)] 422875K->353275K(734720K), 0.0018443 secs] [Times: user=0.01 sys=0.00, real=0.00 secs] 
2146.095: [GC (Allocation Failure) [PSYoungGen: 70496K->1376K(70144K)] 422395K->353275K(734208K), 0.0020036 secs] [Times: user=0.01 sys=0.00, real=0.01 secs] 
2147.241: [GC (Allocation Failure) [PSYoungGen: 69984K->1392K(69632K)] 421883K->353292K(733696K), 0.0031057 secs] [Times: user=0.01 sys=0.00, real=0.00 secs] 
2147.474: [GC (Allocation Failure) [PSYoungGen: 69488K->1533K(69120K)] 421388K->353457K(733184K), 0.0022194 secs] [Times: user=0.01 sys=0.00, real=0.00 secs] 
2147.612: [GC (Allocation Failure) [PSYoungGen: 69117K->1536K(69120K)] 421041K->353460K(733184K), 0.0015849 secs] [Times: user=0.01 sys=0.00, real=0.00 secs] 
2147.749: [GC (Allocation Failure) [PSYoungGen: 68608K->509K(67072K)] 420532K->353457K(731136K), 0.0017406 secs] [Times: user=0.01 sys=0.00, real=0.00 secs] 
2148.092: [GC (Allocation Failure) [PSYoungGen: 67069K->1424K(68096K)] 420017K->354371K(732160K), 0.0031204 secs] [Times: user=0.01 sys=0.00, real=0.00 secs] 
2149.004: [GC (Allocation Failure) [PSYoungGen: 67472K->1344K(67584K)] 420419K->354291K(731648K), 0.0037180 secs] [Times: user=0.01 sys=0.00, real=0.01 secs] 
2149.928: [GC (Allocation Failure) [PSYoungGen: 67392K->1376K(67584K)] 420339K->354323K(731648K), 0.0046674 secs] [Times: user=0.02 sys=0.00, real=0.00 secs] 
2150.759: [GC (Allocation Failure) [PSYoungGen: 67424K->1408K(67584K)] 420371K->354355K(731648K), 0.0028570 secs] [Times: user=0.01 sys=0.00, real=0.00 secs] 
2151.425: [GC (Allocation Failure) [PSYoungGen: 67456K->1408K(67584K)] 420403K->354355K(731648K), 0.0024136 secs] [Times: user=0.01 sys=0.00, real=0.01 secs] 
2151.654: [GC (Allocation Failure) [PSYoungGen: 67456K->1533K(67584K)] 420403K->354481K(731648K), 0.0022502 secs] [Times: user=0.01 sys=0.00, real=0.00 secs] 
2151.804: [GC (Allocation Failure) [PSYoungGen: 67581K->1533K(67584K)] 420529K->354481K(731648K), 0.0016936 secs] [Times: user=0.01 sys=0.00, real=0.00 secs] 
2151.935: [GC (Allocation Failure) [PSYoungGen: 67581K->1533K(67584K)] 420529K->354513K(731648K), 0.0016399 secs] [Times: user=0.01 sys=0.00, real=0.01 secs] 
2152.243: [GC (Allocation Failure) [PSYoungGen: 67581K->1568K(68096K)] 420561K->354547K(732160K), 0.0021795 secs] [Times: user=0.01 sys=0.00, real=0.00 secs] 
2153.319: [GC (Allocation Failure) [PSYoungGen: 67616K->352K(66560K)] 420595K->354355K(730624K), 0.0033824 secs] [Times: user=0.02 sys=0.00, real=0.00 secs] 
2154.383: [GC (Allocation Failure) [PSYoungGen: 66400K->320K(66560K)] 420403K->354323K(730624K), 0.0040461 secs] [Times: user=0.02 sys=0.00, real=0.00 secs] 
2155.095: [GC (Allocation Failure) [PSYoungGen: 66368K->320K(67072K)] 420371K->354323K(731136K), 0.0029863 secs] [Times: user=0.02 sys=0.00, real=0.01 secs] 
2155.554: [GC (Allocation Failure) [PSYoungGen: 66368K->384K(68608K)] 420371K->354387K(732672K), 0.0020375 secs] [Times: user=0.00 sys=0.00, real=0.00 secs] 
2155.765: [GC (Allocation Failure) [PSYoungGen: 66432K->1533K(68608K)] 420435K->355561K(732672K), 0.0015070 secs] [Times: user=0.01 sys=0.00, real=0.01 secs] 
2155.881: [GC (Allocation Failure) [PSYoungGen: 67581K->1485K(68608K)] 421609K->355513K(732672K), 0.0015926 secs] [Times: user=0.01 sys=0.00, real=0.00 secs] 
2155.996: [GC (Allocation Failure) [PSYoungGen: 67532K->1485K(68608K)] 421560K->355521K(732672K), 0.0015547 secs] [Times: user=0.01 sys=0.00, real=0.01 secs] 
2156.112: [GC (Allocation Failure) [PSYoungGen: 67533K->1501K(68608K)] 421569K->355537K(732672K), 0.0015543 secs] [Times: user=0.01 sys=0.00, real=0.00 secs] 
2158.457: [GC (Allocation Failure) [PSYoungGen: 67549K->1440K(67584K)] 421585K->355475K(731648K), 0.0024841 secs] [Times: user=0.01 sys=0.00, real=0.01 secs] 
2159.832: [GC (Allocation Failure) [PSYoungGen: 67488K->1376K(67584K)] 421523K->355411K(731648K), 0.0030755 secs] [Times: user=0.01 sys=0.00, real=0.00 secs] 
2161.024: [GC (Allocation Failure) [PSYoungGen: 67424K->1408K(67584K)] 421459K->355443K(731648K), 0.0031209 secs] [Times: user=0.01 sys=0.00, real=0.01 secs] 
2161.981: [GC (Allocation Failure) [PSYoungGen: 67456K->1376K(67584K)] 421491K->355411K(731648K), 0.0041229 secs] [Times: user=0.02 sys=0.00, real=0.00 secs] 
2162.795: [GC (Allocation Failure) [PSYoungGen: 67424K->1469K(67584K)] 421459K->355505K(731648K), 0.0023134 secs] [Times: user=0.01 sys=0.00, real=0.01 secs] 
2162.936: [GC (Allocation Failure) [PSYoungGen: 67517K->1533K(67584K)] 421553K->355569K(731648K), 0.0017152 secs] [Times: user=0.01 sys=0.00, real=0.01 secs] 
2163.069: [GC (Allocation Failure) [PSYoungGen: 67581K->1533K(67584K)] 421617K->355585K(731648K), 0.0020106 secs] [Times: user=0.01 sys=0.00, real=0.00 secs] 
2163.219: [GC (Allocation Failure) [PSYoungGen: 67581K->1536K(68608K)] 421633K->355588K(732672K), 0.0020110 secs] [Times: user=0.01 sys=0.00, real=0.00 secs] 
2163.876: [GC (Allocation Failure) [PSYoungGen: 67584K->1440K(68608K)] 421636K->355491K(732672K), 0.0030563 secs] [Times: user=0.01 sys=0.00, real=0.01 secs] 
2164.508: [GC (Allocation Failure) [PSYoungGen: 67488K->1408K(67584K)] 421539K->355459K(731648K), 0.0024543 secs] [Times: user=0.01 sys=0.00, real=0.00 secs] 
2164.779: [GC (Allocation Failure) [PSYoungGen: 67456K->1376K(68096K)] 421507K->355427K(732160K), 0.0018659 secs] [Times: user=0.01 sys=0.00, real=0.00 secs] 
2165.071: [GC (Allocation Failure) [PSYoungGen: 67424K->1408K(68096K)] 421475K->355459K(732160K), 0.0020778 secs] [Times: user=0.01 sys=0.00, real=0.00 secs] 
2165.403: [GC (Allocation Failure) [PSYoungGen: 67456K->1453K(68096K)] 421507K->355505K(732160K), 0.0017948 secs] [Times: user=0.01 sys=0.00, real=0.00 secs] 
2165.523: [GC (Allocation Failure) [PSYoungGen: 67501K->1533K(68096K)] 421553K->355585K(732160K), 0.0015490 secs] [Times: user=0.01 sys=0.00, real=0.00 secs] 
2165.639: [GC (Allocation Failure) [PSYoungGen: 67581K->1501K(68096K)] 421633K->355553K(732160K), 0.0015799 secs] [Times: user=0.00 sys=0.00, real=0.00 secs] 
2165.755: [GC (Allocation Failure) [PSYoungGen: 67549K->1501K(68096K)] 421601K->355577K(732160K), 0.0015785 secs] [Times: user=0.01 sys=0.00, real=0.00 secs] 
2166.908: [GC (Allocation Failure) [PSYoungGen: 67549K->1440K(67584K)] 421625K->355515K(731648K), 0.0030852 secs] [Times: user=0.01 sys=0.00, real=0.00 secs] 
2167.989: [GC (Allocation Failure) [PSYoungGen: 67488K->1392K(67584K)] 421563K->355467K(731648K), 0.0047906 secs] [Times: user=0.02 sys=0.00, real=0.00 secs] 
2168.838: [GC (Allocation Failure) [PSYoungGen: 67440K->1392K(67584K)] 421515K->355467K(731648K), 0.0043452 secs] [Times: user=0.01 sys=0.00, real=0.00 secs] 
2169.581: [GC (Allocation Failure) [PSYoungGen: 67440K->1408K(67584K)] 421515K->355483K(731648K), 0.0045467 secs] [Times: user=0.02 sys=0.00, real=0.00 secs] 
2170.283: [GC (Allocation Failure) [PSYoungGen: 67456K->1517K(67584K)] 421531K->355593K(731648K), 0.0024397 secs] [Times: user=0.01 sys=0.00, real=0.00 secs] 
2170.446: [GC (Allocation Failure) [PSYoungGen: 67565K->1485K(67584K)] 421641K->355561K(731648K), 0.0016076 secs] [Times: user=0.00 sys=0.00, real=0.01 secs] 
2170.562: [GC (Allocation Failure) [PSYoungGen: 67533K->1501K(67584K)] 421609K->355577K(731648K), 0.0015147 secs] [Times: user=0.01 sys=0.00, real=0.00 secs] 
2170.677: [GC (Allocation Failure) [PSYoungGen: 67549K->1533K(67584K)] 421625K->355625K(731648K), 0.0015111 secs] [Times: user=0.01 sys=0.00, real=0.00 secs] 
2171.082: [GC (Allocation Failure) [PSYoungGen: 67581K->1440K(67584K)] 421673K->355531K(731648K), 0.0021444 secs] [Times: user=0.01 sys=0.00, real=0.00 secs] 
2171.647: [GC (Allocation Failure) [PSYoungGen: 67488K->1376K(67584K)] 421579K->355467K(731648K), 0.0021702 secs] [Times: user=0.01 sys=0.00, real=0.01 secs] 
2172.252: [GC (Allocation Failure) [PSYoungGen: 67424K->1440K(67584K)] 421515K->355531K(731648K), 0.0031401 secs] [Times: user=0.01 sys=0.00, real=0.00 secs] 
2172.858: [GC (Allocation Failure) [PSYoungGen: 67488K->1408K(67584K)] 421579K->355499K(731648K), 0.0042193 secs] [Times: user=0.02 sys=0.00, real=0.00 secs] 
2173.568: [GC (Allocation Failure) [PSYoungGen: 67456K->1421K(67584K)] 421547K->355513K(731648K), 0.0028617 secs] [Times: user=0.01 sys=0.00, real=0.00 secs] 
2173.749: [GC (Allocation Failure) [PSYoungGen: 67469K->1517K(67584K)] 421561K->355609K(731648K), 0.0016642 secs] [Times: user=0.01 sys=0.00, real=0.00 secs] 
2173.865: [GC (Allocation Failure) [PSYoungGen: 67565K->1501K(68096K)] 421657K->355593K(732160K), 0.0016075 secs] [Times: user=0.00 sys=0.00, real=0.00 secs] 
2173.980: [GC (Allocation Failure) [PSYoungGen: 67549K->1565K(68096K)] 421641K->355665K(732160K), 0.0015575 secs] [Times: user=0.01 sys=0.00, real=0.00 secs] 
2174.223: [GC (Allocation Failure) [PSYoungGen: 67613K->1440K(68096K)] 421713K->355563K(732160K), 0.0021678 secs] [Times: user=0.01 sys=0.00, real=0.00 secs] 
2174.717: [GC (Allocation Failure) [PSYoungGen: 67488K->1408K(68096K)] 421611K->355531K(732160K), 0.0022232 secs] [Times: user=0.01 sys=0.00, real=0.00 secs] 
2175.220: [GC (Allocation Failure) [PSYoungGen: 67456K->1376K(68096K)] 421579K->355499K(732160K), 0.0030672 secs] [Times: user=0.01 sys=0.00, real=0.00 secs] 
2175.816: [GC (Allocation Failure) [PSYoungGen: 67424K->1376K(68096K)] 421547K->355515K(732160K), 0.0024465 secs] [Times: user=0.01 sys=0.00, real=0.01 secs] 
2176.876: [GC (Allocation Failure) [PSYoungGen: 67315K->272K(68096K)] 421455K->354411K(732160K), 0.0045322 secs] [Times: user=0.02 sys=0.00, real=0.01 secs] 
2177.103: [GC (Allocation Failure) [PSYoungGen: 66320K->1565K(68096K)] 420459K->355705K(732160K), 0.0018499 secs] [Times: user=0.01 sys=0.00, real=0.00 secs] 
2177.228: [GC (Allocation Failure) [PSYoungGen: 67613K->1453K(68096K)] 421753K->355593K(732160K), 0.0015940 secs] [Times: user=0.00 sys=0.00, real=0.00 secs] 
2177.362: [GC (Allocation Failure) [PSYoungGen: 67501K->1440K(68096K)] 421641K->355588K(732160K), 0.0027011 secs] [Times: user=0.01 sys=0.00, real=0.00 secs] 
2177.607: [GC (Allocation Failure) [PSYoungGen: 67488K->1984K(75264K)] 421636K->356131K(739328K), 0.0027810 secs] [Times: user=0.01 sys=0.00, real=0.00 secs] 
2178.558: [GC (Allocation Failure) [PSYoungGen: 75200K->1376K(74240K)] 429347K->355523K(738304K), 0.0022496 secs] [Times: user=0.01 sys=0.00, real=0.00 secs] 
2178.894: [GC (Allocation Failure) [PSYoungGen: 74080K->1408K(73728K)] 428227K->355555K(737792K), 0.0019997 secs] [Times: user=0.00 sys=0.00, real=0.00 secs] 
2179.194: [GC (Allocation Failure) [PSYoungGen: 73600K->1376K(73216K)] 427747K->355523K(737280K), 0.0020579 secs] [Times: user=0.01 sys=0.00, real=0.00 secs] 
2179.479: [GC (Allocation Failure) [PSYoungGen: 73056K->1565K(73216K)] 427203K->355713K(737280K), 0.0017373 secs] [Times: user=0.01 sys=0.00, real=0.00 secs] 
2179.606: [GC (Allocation Failure) [PSYoungGen: 72733K->1565K(72704K)] 426881K->355713K(736768K), 0.0016489 secs] [Times: user=0.00 sys=0.01, real=0.01 secs] 
2179.731: [GC (Allocation Failure) [PSYoungGen: 72221K->477K(70656K)] 426369K->355649K(734720K), 0.0015821 secs] [Times: user=0.01 sys=0.00, real=0.00 secs] 
2179.852: [GC (Allocation Failure) [PSYoungGen: 70613K->525K(72192K)] 425785K->355705K(736256K), 0.0015646 secs] [Times: user=0.01 sys=0.00, real=0.00 secs] 
2180.301: [GC (Allocation Failure) [PSYoungGen: 70669K->1424K(71168K)] 425849K->356603K(735232K), 0.0021423 secs] [Times: user=0.01 sys=0.00, real=0.00 secs] 
2180.908: [GC (Allocation Failure) [PSYoungGen: 71056K->1408K(70656K)] 426235K->356587K(734720K), 0.0029203 secs] [Times: user=0.01 sys=0.00, real=0.00 secs] 
2181.548: [GC (Allocation Failure) [PSYoungGen: 70528K->1392K(70144K)] 425707K->356571K(734208K), 0.0021148 secs] [Times: user=0.00 sys=0.00, real=0.00 secs] 
2182.071: [GC (Allocation Failure) [PSYoungGen: 70000K->1408K(69632K)] 425179K->356587K(733696K), 0.0022338 secs] [Times: user=0.01 sys=0.00, real=0.00 secs] 
2182.353: [GC (Allocation Failure) [PSYoungGen: 69504K->1501K(69120K)] 424683K->356681K(733184K), 0.0018842 secs] [Times: user=0.01 sys=0.00, real=0.00 secs] 
2182.507: [GC (Allocation Failure) [PSYoungGen: 69085K->1504K(68608K)] 424265K->356684K(732672K), 0.0020238 secs] [Times: user=0.00 sys=0.00, real=0.00 secs] 
2182.660: [GC (Allocation Failure) [PSYoungGen: 68576K->1504K(68096K)] 423756K->356684K(732160K), 0.0018777 secs] [Times: user=0.01 sys=0.00, real=0.00 secs] 
2182.818: [GC (Allocation Failure) [PSYoungGen: 68064K->1533K(67584K)] 423244K->356737K(731648K), 0.0016452 secs] [Times: user=0.00 sys=0.00, real=0.00 secs] 
2184.423: [GC (Allocation Failure) [PSYoungGen: 67581K->1392K(67584K)] 422785K->356595K(731648K), 0.0035703 secs] [Times: user=0.01 sys=0.00, real=0.00 secs] 
2185.771: [GC (Allocation Failure) [PSYoungGen: 67440K->1376K(67584K)] 422643K->356579K(731648K), 0.0035593 secs] [Times: user=0.02 sys=0.00, real=0.00 secs] 
2187.026: [GC (Allocation Failure) [PSYoungGen: 67424K->1344K(67584K)] 422627K->356547K(731648K), 0.0026847 secs] [Times: user=0.01 sys=0.00, real=0.01 secs] 
2187.951: [GC (Allocation Failure) [PSYoungGen: 67392K->1408K(67584K)] 422595K->356611K(731648K), 0.0035039 secs] [Times: user=0.02 sys=0.00, real=0.00 secs] 
2188.687: [GC (Allocation Failure) [PSYoungGen: 67456K->1501K(67584K)] 422659K->356705K(731648K), 0.0025097 secs] [Times: user=0.01 sys=0.00, real=0.00 secs] 
2188.832: [GC (Allocation Failure) [PSYoungGen: 67549K->1565K(68096K)] 422753K->356769K(732160K), 0.0016953 secs] [Times: user=0.01 sys=0.00, real=0.00 secs] 
2188.965: [GC (Allocation Failure) [PSYoungGen: 67613K->509K(66560K)] 422817K->356737K(730624K), 0.0018812 secs] [Times: user=0.01 sys=0.00, real=0.00 secs] 
2189.109: [GC (Allocation Failure) [PSYoungGen: 66557K->493K(68096K)] 422785K->356729K(732160K), 0.0015637 secs] [Times: user=0.01 sys=0.00, real=0.00 secs] 
2189.438: [GC (Allocation Failure) [PSYoungGen: 66541K->1440K(67584K)] 422777K->357675K(731648K), 0.0023454 secs] [Times: user=0.01 sys=0.00, real=0.00 secs] 
2190.047: [GC (Allocation Failure) [PSYoungGen: 67488K->1376K(67584K)] 423723K->357611K(731648K), 0.0037886 secs] [Times: user=0.02 sys=0.00, real=0.01 secs] 
2190.585: [GC (Allocation Failure) [PSYoungGen: 67424K->1376K(67584K)] 423659K->357611K(731648K), 0.0032955 secs] [Times: user=0.02 sys=0.00, real=0.01 secs] 
2191.101: [GC (Allocation Failure) [PSYoungGen: 67424K->1408K(67584K)] 423659K->357643K(731648K), 0.0027578 secs] [Times: user=0.01 sys=0.01, real=0.00 secs] 
2191.370: [GC (Allocation Failure) [PSYoungGen: 67456K->1469K(67584K)] 423691K->357705K(731648K), 0.0020408 secs] [Times: user=0.01 sys=0.00, real=0.00 secs] 
2191.493: [GC (Allocation Failure) [PSYoungGen: 67517K->1501K(67584K)] 423753K->357737K(731648K), 0.0016907 secs] [Times: user=0.00 sys=0.00, real=0.00 secs] 
2191.609: [GC (Allocation Failure) [PSYoungGen: 67549K->1533K(67584K)] 423785K->357769K(731648K), 0.0015425 secs] [Times: user=0.01 sys=0.00, real=0.00 secs] 
2191.725: [GC (Allocation Failure) [PSYoungGen: 67581K->1485K(68096K)] 423817K->357745K(732160K), 0.0015529 secs] [Times: user=0.01 sys=0.00, real=0.00 secs] 
2192.812: [GC (Allocation Failure) [PSYoungGen: 67533K->1456K(67584K)] 423793K->357715K(731648K), 0.0037701 secs] [Times: user=0.02 sys=0.01, real=0.00 secs] 
2193.790: [GC (Allocation Failure) [PSYoungGen: 67504K->1376K(67584K)] 423763K->357635K(731648K), 0.0034693 secs] [Times: user=0.01 sys=0.00, real=0.00 secs] 
2194.511: [GC (Allocation Failure) [PSYoungGen: 67424K->1408K(67584K)] 423683K->357683K(731648K), 0.0027767 secs] [Times: user=0.01 sys=0.01, real=0.00 secs] 
2195.106: [GC (Allocation Failure) [PSYoungGen: 67456K->1376K(67584K)] 423731K->357651K(731648K), 0.0028712 secs] [Times: user=0.01 sys=0.00, real=0.01 secs] 
2195.643: [GC (Allocation Failure) [PSYoungGen: 67424K->1485K(67584K)] 423699K->357761K(731648K), 0.0028012 secs] [Times: user=0.02 sys=0.00, real=0.00 secs] 
2195.816: [GC (Allocation Failure) [PSYoungGen: 67533K->1469K(67584K)] 423809K->357745K(731648K), 0.0016111 secs] [Times: user=0.01 sys=0.00, real=0.01 secs] 
2195.934: [GC (Allocation Failure) [PSYoungGen: 67517K->1533K(67584K)] 423793K->357809K(731648K), 0.0015243 secs] [Times: user=0.00 sys=0.00, real=0.00 secs] 
2196.068: [GC (Allocation Failure) [PSYoungGen: 67581K->1533K(67584K)] 423857K->357817K(731648K), 0.0020339 secs] [Times: user=0.01 sys=0.00, real=0.00 secs] 
2196.542: [GC (Allocation Failure) [PSYoungGen: 67581K->1456K(67584K)] 423865K->357739K(731648K), 0.0026079 secs] [Times: user=0.01 sys=0.00, real=0.00 secs] 
2197.551: [GC (Allocation Failure) [PSYoungGen: 67504K->1376K(67584K)] 423787K->357659K(731648K), 0.0041727 secs] [Times: user=0.02 sys=0.00, real=0.00 secs] 
2198.365: [GC (Allocation Failure) [PSYoungGen: 67424K->1376K(67584K)] 423707K->357659K(731648K), 0.0039976 secs] [Times: user=0.01 sys=0.01, real=0.01 secs] 
2199.261: [GC (Allocation Failure) [PSYoungGen: 67424K->1392K(67584K)] 423707K->357675K(731648K), 0.0038338 secs] [Times: user=0.01 sys=0.00, real=0.00 secs] 
2200.368: [GC (Allocation Failure) [PSYoungGen: 67440K->1408K(67584K)] 423723K->357691K(731648K), 0.0039866 secs] [Times: user=0.02 sys=0.00, real=0.00 secs] 
2200.635: [GC (Allocation Failure) [PSYoungGen: 67456K->1536K(68096K)] 423739K->357820K(732160K), 0.0019212 secs] [Times: user=0.01 sys=0.00, real=0.01 secs] 
2200.757: [GC (Allocation Failure) [PSYoungGen: 67584K->1533K(67584K)] 423868K->357817K(731648K), 0.0016206 secs] [Times: user=0.01 sys=0.00, real=0.00 secs] 
2200.873: [GC (Allocation Failure) [PSYoungGen: 67581K->1453K(68096K)] 423865K->357753K(732160K), 0.0016160 secs] [Times: user=0.00 sys=0.00, real=0.00 secs] 
2201.008: [GC (Allocation Failure) [PSYoungGen: 67341K->224K(68096K)] 423641K->356523K(732160K), 0.0018694 secs] [Times: user=0.00 sys=0.00, real=0.00 secs] 
2202.073: [GC (Allocation Failure) [PSYoungGen: 66272K->1440K(68096K)] 422571K->357739K(732160K), 0.0029317 secs] [Times: user=0.01 sys=0.00, real=0.00 secs] 
2202.744: [GC (Allocation Failure) [PSYoungGen: 67488K->1408K(68096K)] 423787K->357707K(732160K), 0.0022656 secs] [Times: user=0.01 sys=0.00, real=0.00 secs] 
2203.506: [GC (Allocation Failure) [PSYoungGen: 67456K->1360K(68096K)] 423755K->357659K(732160K), 0.0021248 secs] [Times: user=0.01 sys=0.00, real=0.01 secs] 
2204.442: [GC (Allocation Failure) [PSYoungGen: 67408K->1408K(68096K)] 423707K->357707K(732160K), 0.0039707 secs] [Times: user=0.02 sys=0.00, real=0.00 secs] 
2205.182: [GC (Allocation Failure) [PSYoungGen: 67456K->1469K(68096K)] 423755K->357769K(732160K), 0.0020338 secs] [Times: user=0.00 sys=0.00, real=0.00 secs] 
2205.320: [GC (Allocation Failure) [PSYoungGen: 67507K->1485K(68096K)] 423807K->357785K(732160K), 0.0016006 secs] [Times: user=0.01 sys=0.00, real=0.00 secs] 
2205.436: [GC (Allocation Failure) [PSYoungGen: 67533K->1533K(68096K)] 423833K->357849K(732160K), 0.0016488 secs] [Times: user=0.01 sys=0.00, real=0.01 secs] 
2205.551: [GC (Allocation Failure) [PSYoungGen: 67581K->1485K(68096K)] 423897K->357801K(732160K), 0.0015817 secs] [Times: user=0.01 sys=0.00, real=0.00 secs] 
2206.516: [GC (Allocation Failure) [PSYoungGen: 67533K->1440K(68096K)] 423849K->357795K(732160K), 0.0032889 secs] [Times: user=0.02 sys=0.00, real=0.01 secs] 
2207.142: [GC (Allocation Failure) [PSYoungGen: 67488K->1360K(68096K)] 423843K->357715K(732160K), 0.0034124 secs] [Times: user=0.01 sys=0.00, real=0.00 secs] 
2207.531: [GC (Allocation Failure) [PSYoungGen: 67408K->1376K(68096K)] 423763K->357731K(732160K), 0.0020720 secs] [Times: user=0.00 sys=0.00, real=0.00 secs] 
2207.988: [GC (Allocation Failure) [PSYoungGen: 67424K->1408K(68096K)] 423779K->357763K(732160K), 0.0021374 secs] [Times: user=0.01 sys=0.00, real=0.00 secs] 
2208.317: [GC (Allocation Failure) [PSYoungGen: 67456K->1533K(68096K)] 423811K->357889K(732160K), 0.0017615 secs] [Times: user=0.00 sys=0.00, real=0.01 secs] 
2208.434: [GC (Allocation Failure) [PSYoungGen: 67581K->1485K(68096K)] 423937K->357841K(732160K), 0.0015785 secs] [Times: user=0.01 sys=0.00, real=0.00 secs] 
2208.549: [GC (Allocation Failure) [PSYoungGen: 67533K->1501K(68096K)] 423889K->357873K(732160K), 0.0015687 secs] [Times: user=0.00 sys=0.00, real=0.00 secs] 
2208.666: [GC (Allocation Failure) [PSYoungGen: 67549K->1533K(68096K)] 423921K->357913K(732160K), 0.0015776 secs] [Times: user=0.00 sys=0.00, real=0.01 secs] 
2210.247: [GC (Allocation Failure) [PSYoungGen: 67581K->1456K(68096K)] 423961K->357835K(732160K), 0.0036383 secs] [Times: user=0.01 sys=0.00, real=0.01 secs] 
2210.529: [GC (Allocation Failure) [PSYoungGen: 67504K->1376K(68096K)] 423883K->357755K(732160K), 0.0020024 secs] [Times: user=0.00 sys=0.00, real=0.00 secs] 
2210.803: [GC (Allocation Failure) [PSYoungGen: 67424K->1408K(68096K)] 423803K->357787K(732160K), 0.0020636 secs] [Times: user=0.01 sys=0.00, real=0.00 secs] 
2211.287: [GC (Allocation Failure) [PSYoungGen: 67456K->1408K(68096K)] 423835K->357787K(732160K), 0.0019436 secs] [Times: user=0.01 sys=0.00, real=0.00 secs] 
2211.667: [GC (Allocation Failure) [PSYoungGen: 67456K->1533K(68096K)] 423835K->357913K(732160K), 0.0020416 secs] [Times: user=0.00 sys=0.00, real=0.00 secs] 
2211.787: [GC (Allocation Failure) [PSYoungGen: 67581K->1533K(68096K)] 423961K->357913K(732160K), 0.0015649 secs] [Times: user=0.00 sys=0.00, real=0.00 secs] 
2211.902: [GC (Allocation Failure) [PSYoungGen: 67551K->1469K(68096K)] 423931K->357849K(732160K), 0.0015527 secs] [Times: user=0.00 sys=0.00, real=0.00 secs] 
2212.018: [GC (Allocation Failure) [PSYoungGen: 67517K->1565K(68096K)] 423897K->357961K(732160K), 0.0015684 secs] [Times: user=0.01 sys=0.00, real=0.00 secs] 
2212.556: [GC (Allocation Failure) [PSYoungGen: 67613K->1456K(68096K)] 424009K->357851K(732160K), 0.0025032 secs] [Times: user=0.01 sys=0.00, real=0.01 secs] 
2213.194: [GC (Allocation Failure) [PSYoungGen: 67504K->1408K(68096K)] 423899K->357803K(732160K), 0.0035861 secs] [Times: user=0.02 sys=0.00, real=0.01 secs] 
2213.763: [GC (Allocation Failure) [PSYoungGen: 67456K->1376K(68096K)] 423851K->357787K(732160K), 0.0024085 secs] [Times: user=0.01 sys=0.01, real=0.00 secs] 
2214.242: [GC (Allocation Failure) [PSYoungGen: 67424K->1440K(68096K)] 423835K->357851K(732160K), 0.0021762 secs] [Times: user=0.01 sys=0.00, real=0.00 secs] 
2214.666: [GC (Allocation Failure) [PSYoungGen: 67488K->1485K(68096K)] 423899K->357897K(732160K), 0.0020954 secs] [Times: user=0.01 sys=0.00, real=0.01 secs] 
2214.804: [GC (Allocation Failure) [PSYoungGen: 67533K->1501K(68096K)] 423945K->357913K(732160K), 0.0015607 secs] [Times: user=0.00 sys=0.00, real=0.00 secs] 
2214.919: [GC (Allocation Failure) [PSYoungGen: 67549K->1453K(68096K)] 423961K->357865K(732160K), 0.0015293 secs] [Times: user=0.01 sys=0.00, real=0.00 secs] 
2215.035: [GC (Allocation Failure) [PSYoungGen: 67501K->1453K(68096K)] 423913K->357873K(732160K), 0.0015762 secs] [Times: user=0.01 sys=0.00, real=0.00 secs] 
2215.487: [GC (Allocation Failure) [PSYoungGen: 67501K->1456K(68096K)] 423921K->357883K(732160K), 0.0018542 secs] [Times: user=0.01 sys=0.00, real=0.01 secs] 
2216.188: [GC (Allocation Failure) [PSYoungGen: 67504K->1376K(68096K)] 423931K->357803K(732160K), 0.0026999 secs] [Times: user=0.02 sys=0.00, real=0.00 secs] 
2216.763: [GC (Allocation Failure) [PSYoungGen: 67424K->1408K(68096K)] 423851K->357835K(732160K), 0.0022686 secs] [Times: user=0.01 sys=0.00, real=0.00 secs] 
2217.560: [GC (Allocation Failure) [PSYoungGen: 67456K->1408K(68096K)] 423883K->357835K(732160K), 0.0023118 secs] [Times: user=0.01 sys=0.00, real=0.00 secs] 
2218.704: [GC (Allocation Failure) [PSYoungGen: 67456K->1453K(68096K)] 423883K->357881K(732160K), 0.0027580 secs] [Times: user=0.01 sys=0.00, real=0.01 secs] 
2218.887: [GC (Allocation Failure) [PSYoungGen: 67501K->1533K(68096K)] 423929K->357961K(732160K), 0.0017113 secs] [Times: user=0.01 sys=0.00, real=0.00 secs] 
2219.003: [GC (Allocation Failure) [PSYoungGen: 67581K->1533K(68096K)] 424009K->357961K(732160K), 0.0017075 secs] [Times: user=0.00 sys=0.00, real=0.00 secs] 
2219.119: [GC (Allocation Failure) [PSYoungGen: 67581K->1501K(68096K)] 424009K->357937K(732160K), 0.0018090 secs] [Times: user=0.01 sys=0.00, real=0.00 secs] 
2219.594: [GC (Allocation Failure) [PSYoungGen: 67549K->1472K(68096K)] 423985K->357907K(732160K), 0.0025772 secs] [Times: user=0.01 sys=0.00, real=0.00 secs] 
2220.534: [GC (Allocation Failure) [PSYoungGen: 67520K->1424K(68096K)] 423955K->357859K(732160K), 0.0034559 secs] [Times: user=0.01 sys=0.00, real=0.01 secs] 
2221.172: [GC (Allocation Failure) [PSYoungGen: 67472K->1408K(68096K)] 423907K->357843K(732160K), 0.0029047 secs] [Times: user=0.01 sys=0.00, real=0.00 secs] 
2221.684: [GC (Allocation Failure) [PSYoungGen: 67456K->1440K(68096K)] 423891K->357875K(732160K), 0.0023992 secs] [Times: user=0.01 sys=0.00, real=0.00 secs] 
2222.628: [GC (Allocation Failure) [PSYoungGen: 67488K->1408K(68096K)] 423923K->357843K(732160K), 0.0040398 secs] [Times: user=0.02 sys=0.00, real=0.00 secs] 
2222.875: [GC (Allocation Failure) [PSYoungGen: 67456K->1501K(68096K)] 423891K->357937K(732160K), 0.0020401 secs] [Times: user=0.01 sys=0.00, real=0.01 secs] 
2222.997: [GC (Allocation Failure) [PSYoungGen: 67526K->1501K(68096K)] 423962K->357937K(732160K), 0.0016927 secs] [Times: user=0.01 sys=0.00, real=0.00 secs] 
2223.129: [GC (Allocation Failure) [PSYoungGen: 67549K->1565K(68096K)] 423985K->358017K(732160K), 0.0019173 secs] [Times: user=0.01 sys=0.00, real=0.00 secs] 
2223.277: [GC (Allocation Failure) [PSYoungGen: 67613K->1488K(68096K)] 424065K->357939K(732160K), 0.0019193 secs] [Times: user=0.01 sys=0.00, real=0.00 secs] 
2224.128: [GC (Allocation Failure) [PSYoungGen: 67536K->1376K(67584K)] 423987K->357827K(731648K), 0.0042070 secs] [Times: user=0.01 sys=0.00, real=0.00 secs] 
2224.472: [GC (Allocation Failure) [PSYoungGen: 67424K->1344K(67584K)] 423875K->357811K(731648K), 0.0019918 secs] [Times: user=0.00 sys=0.00, real=0.00 secs] 
2225.078: [GC (Allocation Failure) [PSYoungGen: 67392K->1376K(67584K)] 423859K->357851K(731648K), 0.0047846 secs] [Times: user=0.02 sys=0.00, real=0.00 secs] 
2225.664: [GC (Allocation Failure) [PSYoungGen: 67424K->1376K(67584K)] 423899K->357851K(731648K), 0.0034041 secs] [Times: user=0.01 sys=0.01, real=0.01 secs] 
2226.158: [GC (Allocation Failure) [PSYoungGen: 67424K->1501K(67584K)] 423899K->357977K(731648K), 0.0021249 secs] [Times: user=0.01 sys=0.00, real=0.00 secs] 
2226.293: [GC (Allocation Failure) [PSYoungGen: 67549K->1501K(67584K)] 424025K->357977K(731648K), 0.0018850 secs] [Times: user=0.00 sys=0.00, real=0.00 secs] 
2226.425: [GC (Allocation Failure) [PSYoungGen: 67549K->1504K(67584K)] 424025K->357996K(731648K), 0.0017163 secs] [Times: user=0.01 sys=0.00, real=0.00 secs] 
2226.571: [GC (Allocation Failure) [PSYoungGen: 67552K->1533K(71680K)] 424044K->358025K(735744K), 0.0019127 secs] [Times: user=0.00 sys=0.00, real=0.00 secs] 
2227.338: [GC (Allocation Failure) [PSYoungGen: 71165K->1440K(70656K)] 427657K->357931K(734720K), 0.0027973 secs] [Times: user=0.01 sys=0.00, real=0.00 secs] 
2227.931: [GC (Allocation Failure) [PSYoungGen: 70560K->1408K(70144K)] 427051K->357899K(734208K), 0.0030486 secs] [Times: user=0.01 sys=0.00, real=0.00 secs] 
2228.906: [GC (Allocation Failure) [PSYoungGen: 70016K->1408K(69632K)] 426507K->357899K(733696K), 0.0033973 secs] [Times: user=0.01 sys=0.00, real=0.01 secs] 
2229.939: [GC (Allocation Failure) [PSYoungGen: 69504K->1408K(69120K)] 425995K->357899K(733184K), 0.0037506 secs] [Times: user=0.01 sys=0.00, real=0.00 secs] 
2230.364: [GC (Allocation Failure) [PSYoungGen: 68992K->1533K(68608K)] 425483K->358025K(732672K), 0.0020004 secs] [Times: user=0.00 sys=0.00, real=0.00 secs] 
2230.522: [GC (Allocation Failure) [PSYoungGen: 68605K->1565K(68608K)] 425097K->358057K(732672K), 0.0021158 secs] [Times: user=0.00 sys=0.00, real=0.00 secs] 
2230.667: [GC (Allocation Failure) [PSYoungGen: 68125K->525K(67072K)] 424617K->358057K(731136K), 0.0017608 secs] [Times: user=0.01 sys=0.00, real=0.01 secs] 
2230.783: [GC (Allocation Failure) [PSYoungGen: 66573K->496K(66560K)] 424105K->358044K(730624K), 0.0016142 secs] [Times: user=0.00 sys=0.00, real=0.00 secs] 
2231.676: [GC (Allocation Failure) [PSYoungGen: 66544K->1456K(67584K)] 424092K->359003K(731648K), 0.0033383 secs] [Times: user=0.01 sys=0.00, real=0.01 secs] 
2232.237: [GC (Allocation Failure) [PSYoungGen: 67504K->1440K(67584K)] 425051K->358987K(731648K), 0.0031826 secs] [Times: user=0.02 sys=0.00, real=0.00 secs] 
2232.714: [GC (Allocation Failure) [PSYoungGen: 67488K->1376K(67584K)] 425035K->358923K(731648K), 0.0023920 secs] [Times: user=0.01 sys=0.00, real=0.00 secs] 
2232.989: [GC (Allocation Failure) [PSYoungGen: 67424K->1408K(67584K)] 424971K->358955K(731648K), 0.0022553 secs] [Times: user=0.01 sys=0.00, real=0.00 secs] 
2233.770: [GC (Allocation Failure) [PSYoungGen: 67456K->1488K(67584K)] 425003K->359036K(731648K), 0.0019449 secs] [Times: user=0.00 sys=0.00, real=0.00 secs] 
2233.900: [GC (Allocation Failure) [PSYoungGen: 67536K->1501K(67584K)] 425084K->359049K(731648K), 0.0018464 secs] [Times: user=0.00 sys=0.00, real=0.00 secs] 
2234.015: [GC (Allocation Failure) [PSYoungGen: 67549K->1453K(68096K)] 425097K->359001K(732160K), 0.0017744 secs] [Times: user=0.01 sys=0.00, real=0.01 secs] 
2234.131: [GC (Allocation Failure) [PSYoungGen: 67501K->1485K(68096K)] 425049K->359041K(732160K), 0.0018494 secs] [Times: user=0.01 sys=0.00, real=0.00 secs] 
2236.640: [GC (Allocation Failure) [PSYoungGen: 67533K->1440K(67584K)] 425089K->359019K(731648K), 0.0026080 secs] [Times: user=0.01 sys=0.00, real=0.00 secs] 
2237.376: [GC (Allocation Failure) [PSYoungGen: 67488K->1376K(67584K)] 425067K->358955K(731648K), 0.0034835 secs] [Times: user=0.02 sys=0.00, real=0.01 secs] 
2238.261: [GC (Allocation Failure) [PSYoungGen: 67424K->1392K(67584K)] 425003K->358971K(731648K), 0.0030019 secs] [Times: user=0.01 sys=0.00, real=0.00 secs] 
2238.839: [GC (Allocation Failure) [PSYoungGen: 67440K->1376K(67584K)] 425019K->358955K(731648K), 0.0041251 secs] [Times: user=0.02 sys=0.00, real=0.00 secs] 
2239.437: [GC (Allocation Failure) [PSYoungGen: 67424K->1533K(67584K)] 425003K->359113K(731648K), 0.0025584 secs] [Times: user=0.01 sys=0.00, real=0.00 secs] 
2239.594: [GC (Allocation Failure) [PSYoungGen: 67581K->1504K(67584K)] 425161K->359084K(731648K), 0.0016840 secs] [Times: user=0.01 sys=0.00, real=0.00 secs] 
2239.710: [GC (Allocation Failure) [PSYoungGen: 67552K->1453K(67584K)] 425132K->359033K(731648K), 0.0017694 secs] [Times: user=0.00 sys=0.00, real=0.00 secs] 
2239.826: [GC (Allocation Failure) [PSYoungGen: 67501K->1565K(71680K)] 425081K->359169K(735744K), 0.0017983 secs] [Times: user=0.01 sys=0.00, real=0.01 secs] 
2240.211: [GC (Allocation Failure) [PSYoungGen: 71197K->1472K(70656K)] 428801K->359075K(734720K), 0.0029573 secs] [Times: user=0.01 sys=0.01, real=0.00 secs] 
2240.802: [GC (Allocation Failure) [PSYoungGen: 70592K->1440K(70144K)] 428195K->359043K(734208K), 0.0025117 secs] [Times: user=0.01 sys=0.00, real=0.00 secs] 
2241.411: [GC (Allocation Failure) [PSYoungGen: 70048K->1376K(69632K)] 427651K->358979K(733696K), 0.0031763 secs] [Times: user=0.01 sys=0.00, real=0.00 secs] 
2242.098: [GC (Allocation Failure) [PSYoungGen: 69472K->1408K(69120K)] 427075K->359011K(733184K), 0.0027112 secs] [Times: user=0.01 sys=0.00, real=0.00 secs] 
2242.641: [GC (Allocation Failure) [PSYoungGen: 68992K->1504K(68608K)] 426595K->359108K(732672K), 0.0021906 secs] [Times: user=0.00 sys=0.00, real=0.00 secs] 
2242.790: [GC (Allocation Failure) [PSYoungGen: 68576K->1568K(68608K)] 426180K->359172K(732672K), 0.0017364 secs] [Times: user=0.00 sys=0.00, real=0.00 secs] 
2242.923: [GC (Allocation Failure) [PSYoungGen: 68128K->480K(66560K)] 425732K->359108K(730624K), 0.0020077 secs] [Times: user=0.01 sys=0.00, real=0.00 secs] 
2243.071: [GC (Allocation Failure) [PSYoungGen: 66528K->461K(68096K)] 425156K->359097K(732160K), 0.0017968 secs] [Times: user=0.01 sys=0.00, real=0.00 secs] 
2243.708: [GC (Allocation Failure) [PSYoungGen: 66509K->1472K(67584K)] 425145K->360107K(731648K), 0.0029955 secs] [Times: user=0.02 sys=0.00, real=0.00 secs] 
2244.643: [GC (Allocation Failure) [PSYoungGen: 67520K->1424K(67584K)] 426155K->360076K(731648K), 0.0041163 secs] [Times: user=0.02 sys=0.00, real=0.01 secs] 
2245.529: [GC (Allocation Failure) [PSYoungGen: 67472K->1424K(67584K)] 426124K->360076K(731648K), 0.0037320 secs] [Times: user=0.02 sys=0.00, real=0.00 secs] 
2246.299: [GC (Allocation Failure) [PSYoungGen: 67472K->1376K(67584K)] 426124K->360027K(731648K), 0.0043675 secs] [Times: user=0.02 sys=0.00, real=0.00 secs] 
2246.907: [GC (Allocation Failure) [PSYoungGen: 67424K->1501K(67584K)] 426075K->360153K(731648K), 0.0022058 secs] [Times: user=0.00 sys=0.01, real=0.01 secs] 
2247.059: [GC (Allocation Failure) [PSYoungGen: 67549K->1533K(67584K)] 426201K->360185K(731648K), 0.0016816 secs] [Times: user=0.00 sys=0.00, real=0.00 secs] 
2247.177: [GC (Allocation Failure) [PSYoungGen: 67581K->1501K(68096K)] 426233K->360153K(732160K), 0.0016767 secs] [Times: user=0.01 sys=0.00, real=0.00 secs] 
2247.295: [GC (Allocation Failure) [PSYoungGen: 67549K->1456K(68096K)] 426201K->360124K(732160K), 0.0017315 secs] [Times: user=0.01 sys=0.00, real=0.01 secs] 
2248.001: [GC (Allocation Failure) [PSYoungGen: 67504K->1488K(67584K)] 426172K->360156K(731648K), 0.0023997 secs] [Times: user=0.01 sys=0.00, real=0.00 secs] 
2248.704: [GC (Allocation Failure) [PSYoungGen: 67536K->1376K(67584K)] 426204K->360043K(731648K), 0.0029167 secs] [Times: user=0.01 sys=0.01, real=0.01 secs] 
2249.758: [GC (Allocation Failure) [PSYoungGen: 67424K->1376K(67584K)] 426091K->360043K(731648K), 0.0065790 secs] [Times: user=0.03 sys=0.00, real=0.00 secs] 
2250.876: [GC (Allocation Failure) [PSYoungGen: 67424K->1408K(67584K)] 426091K->360075K(731648K), 0.0040691 secs] [Times: user=0.02 sys=0.01, real=0.01 secs] 
2251.707: [GC (Allocation Failure) [PSYoungGen: 67456K->1453K(67584K)] 426123K->360121K(731648K), 0.0032327 secs] [Times: user=0.01 sys=0.00, real=0.00 secs] 
2251.898: [GC (Allocation Failure) [PSYoungGen: 67501K->1536K(68096K)] 426169K->360204K(732160K), 0.0017760 secs] [Times: user=0.01 sys=0.00, real=0.00 secs] 
2252.015: [GC (Allocation Failure) [PSYoungGen: 67584K->461K(66560K)] 426252K->360153K(730624K), 0.0017617 secs] [Times: user=0.00 sys=0.00, real=0.00 secs] 
2252.131: [GC (Allocation Failure) [PSYoungGen: 66509K->493K(68096K)] 426201K->360193K(732160K), 0.0015600 secs] [Times: user=0.01 sys=0.00, real=0.00 secs] 
2252.611: [GC (Allocation Failure) [PSYoungGen: 66541K->1472K(67584K)] 426241K->361172K(731648K), 0.0024579 secs] [Times: user=0.01 sys=0.00, real=0.00 secs] 
2253.156: [GC (Allocation Failure) [PSYoungGen: 67520K->1392K(67584K)] 427220K->361092K(731648K), 0.0025626 secs] [Times: user=0.01 sys=0.01, real=0.01 secs] 
2253.699: [GC (Allocation Failure) [PSYoungGen: 67440K->1408K(67584K)] 427140K->361108K(731648K), 0.0026941 secs] [Times: user=0.01 sys=0.00, real=0.00 secs] 
2254.263: [GC (Allocation Failure) [PSYoungGen: 67456K->1392K(67584K)] 427156K->361092K(731648K), 0.0025982 secs] [Times: user=0.01 sys=0.00, real=0.00 secs] 
2255.078: [GC (Allocation Failure) [PSYoungGen: 67426K->1453K(67584K)] 427126K->361153K(731648K), 0.0042638 secs] [Times: user=0.01 sys=0.00, real=0.00 secs] 
2255.296: [GC (Allocation Failure) [PSYoungGen: 67501K->1565K(68096K)] 427201K->361265K(732160K), 0.0019565 secs] [Times: user=0.01 sys=0.00, real=0.01 secs] 
2255.452: [GC (Allocation Failure) [PSYoungGen: 67613K->1501K(67584K)] 427313K->361201K(731648K), 0.0017541 secs] [Times: user=0.01 sys=0.00, real=0.00 secs] 
2255.601: [GC (Allocation Failure) [PSYoungGen: 67549K->1565K(68096K)] 427249K->361289K(732160K), 0.0017394 secs] [Times: user=0.01 sys=0.00, real=0.00 secs] 
2256.336: [GC (Allocation Failure) [PSYoungGen: 67613K->1488K(68096K)] 427337K->361212K(732160K), 0.0027641 secs] [Times: user=0.02 sys=0.00, real=0.01 secs] 
2256.990: [GC (Allocation Failure) [PSYoungGen: 67536K->1392K(68096K)] 427260K->361116K(732160K), 0.0031417 secs] [Times: user=0.02 sys=0.00, real=0.00 secs] 
2257.287: [GC (Allocation Failure) [PSYoungGen: 67440K->1376K(68096K)] 427164K->361100K(732160K), 0.0023875 secs] [Times: user=0.01 sys=0.00, real=0.00 secs] 
2257.562: [GC (Allocation Failure) [PSYoungGen: 67424K->1440K(68096K)] 427148K->361164K(732160K), 0.0020471 secs] [Times: user=0.00 sys=0.00, real=0.00 secs] 
2258.051: [GC (Allocation Failure) [PSYoungGen: 67488K->1408K(68096K)] 427212K->361132K(732160K), 0.0018258 secs] [Times: user=0.00 sys=0.00, real=0.00 secs] 
2258.311: [GC (Allocation Failure) [PSYoungGen: 67456K->1533K(68096K)] 427180K->361257K(732160K), 0.0016923 secs] [Times: user=0.01 sys=0.00, real=0.00 secs] 
2258.427: [GC (Allocation Failure) [PSYoungGen: 67581K->1501K(68096K)] 427305K->361225K(732160K), 0.0017334 secs] [Times: user=0.01 sys=0.00, real=0.00 secs] 
2258.543: [GC (Allocation Failure) [PSYoungGen: 67549K->1533K(68096K)] 427273K->361265K(732160K), 0.0017406 secs] [Times: user=0.01 sys=0.00, real=0.00 secs] 
2258.660: [GC (Allocation Failure) [PSYoungGen: 67431K->224K(75264K)] 427163K->359956K(739328K), 0.0016049 secs] [Times: user=0.00 sys=0.00, real=0.00 secs] 
2259.123: [GC (Allocation Failure) [PSYoungGen: 73440K->1408K(74240K)] 433172K->361140K(738304K), 0.0021121 secs] [Times: user=0.01 sys=0.00, real=0.00 secs] 
2259.425: [GC (Allocation Failure) [PSYoungGen: 74112K->1392K(73728K)] 433844K->361124K(737792K), 0.0020398 secs] [Times: user=0.01 sys=0.00, real=0.01 secs] 
2259.725: [GC (Allocation Failure) [PSYoungGen: 73584K->1376K(73216K)] 433316K->361108K(737280K), 0.0021801 secs] [Times: user=0.01 sys=0.00, real=0.01 secs] 
2260.048: [GC (Allocation Failure) [PSYoungGen: 73056K->1565K(73216K)] 432788K->361297K(737280K), 0.0021899 secs] [Times: user=0.01 sys=0.00, real=0.00 secs] 
2260.194: [GC (Allocation Failure) [PSYoungGen: 72733K->1501K(72192K)] 432465K->361233K(736256K), 0.0017962 secs] [Times: user=0.01 sys=0.00, real=0.00 secs] 
2260.318: [GC (Allocation Failure) [PSYoungGen: 72157K->1533K(72704K)] 431889K->361265K(736768K), 0.0017520 secs] [Times: user=0.00 sys=0.00, real=0.00 secs] 
2260.443: [GC (Allocation Failure) [PSYoungGen: 72701K->1501K(73216K)] 432433K->361241K(737280K), 0.0017275 secs] [Times: user=0.01 sys=0.00, real=0.00 secs] 
2260.745: [GC (Allocation Failure) [PSYoungGen: 72669K->1424K(72192K)] 432409K->361164K(736256K), 0.0020873 secs] [Times: user=0.00 sys=0.01, real=0.01 secs] 
2261.039: [GC (Allocation Failure) [PSYoungGen: 72080K->1408K(71680K)] 431820K->361148K(735744K), 0.0019179 secs] [Times: user=0.01 sys=0.00, real=0.00 secs] 
2261.331: [GC (Allocation Failure) [PSYoungGen: 71552K->1408K(71168K)] 431292K->361172K(735232K), 0.0018110 secs] [Times: user=0.01 sys=0.00, real=0.00 secs] 
2261.690: [GC (Allocation Failure) [PSYoungGen: 71040K->1408K(70656K)] 430804K->361172K(734720K), 0.0027681 secs] [Times: user=0.01 sys=0.00, real=0.00 secs] 
2261.995: [GC (Allocation Failure) [PSYoungGen: 70528K->1453K(70144K)] 430292K->361217K(734208K), 0.0021710 secs] [Times: user=0.01 sys=0.00, real=0.01 secs] 
2262.129: [GC (Allocation Failure) [PSYoungGen: 70061K->1533K(69632K)] 429825K->361297K(733696K), 0.0018640 secs] [Times: user=0.01 sys=0.00, real=0.00 secs] 
2262.248: [GC (Allocation Failure) [PSYoungGen: 69629K->1501K(76800K)] 429393K->361265K(740864K), 0.0016673 secs] [Times: user=0.00 sys=0.00, real=0.00 secs] 
2262.378: [GC (Allocation Failure) [PSYoungGen: 76765K->1536K(77312K)] 436529K->361308K(741376K), 0.0015799 secs] [Times: user=0.00 sys=0.00, real=0.00 secs] 
2263.484: [GC (Allocation Failure) [PSYoungGen: 76800K->1408K(76288K)] 436572K->361180K(740352K), 0.0039684 secs] [Times: user=0.02 sys=0.00, real=0.01 secs] 
2264.178: [GC (Allocation Failure) [PSYoungGen: 76160K->1376K(75776K)] 435932K->361148K(739840K), 0.0028518 secs] [Times: user=0.01 sys=0.00, real=0.00 secs] 
2264.648: [GC (Allocation Failure) [PSYoungGen: 75616K->1408K(75264K)] 435388K->361180K(739328K), 0.0021159 secs] [Times: user=0.01 sys=0.00, real=0.00 secs] 
2265.605: [GC (Allocation Failure) [PSYoungGen: 75136K->1488K(74752K)] 434908K->361260K(738816K), 0.0043336 secs] [Times: user=0.02 sys=0.00, real=0.01 secs] 
2265.833: [GC (Allocation Failure) [PSYoungGen: 74674K->1533K(74240K)] 434446K->361337K(738304K), 0.0020703 secs] [Times: user=0.00 sys=0.00, real=0.00 secs] 
2265.962: [GC (Allocation Failure) [PSYoungGen: 74237K->1533K(73728K)] 434041K->361337K(737792K), 0.0016701 secs] [Times: user=0.00 sys=0.00, real=0.00 secs] 
2266.107: [GC (Allocation Failure) [PSYoungGen: 73725K->1533K(73216K)] 433529K->361337K(737280K), 0.0019704 secs] [Times: user=0.01 sys=0.00, real=0.01 secs] 
2267.837: [GC (Allocation Failure) [PSYoungGen: 73213K->1456K(72704K)] 433017K->361260K(736768K), 0.0040740 secs] [Times: user=0.01 sys=0.01, real=0.00 secs] 
2269.016: [GC (Allocation Failure) [PSYoungGen: 72624K->1408K(72192K)] 432428K->361212K(736256K), 0.0043310 secs] [Times: user=0.02 sys=0.00, real=0.01 secs] 
2269.604: [GC (Allocation Failure) [PSYoungGen: 72064K->1376K(71680K)] 431868K->361180K(735744K), 0.0029061 secs] [Times: user=0.01 sys=0.00, real=0.01 secs] 
2270.443: [GC (Allocation Failure) [PSYoungGen: 71520K->1376K(71168K)] 431324K->361180K(735232K), 0.0023214 secs] [Times: user=0.01 sys=0.00, real=0.00 secs] 
2271.149: [GC (Allocation Failure) [PSYoungGen: 71008K->1533K(70656K)] 430812K->361337K(734720K), 0.0021743 secs] [Times: user=0.01 sys=0.00, real=0.00 secs] 
2271.328: [GC (Allocation Failure) [PSYoungGen: 70653K->1472K(70144K)] 430457K->361276K(734208K), 0.0019773 secs] [Times: user=0.01 sys=0.00, real=0.00 secs] 
2271.482: [GC (Allocation Failure) [PSYoungGen: 70049K->1469K(69632K)] 429853K->361273K(733696K), 0.0018690 secs] [Times: user=0.01 sys=0.00, real=0.00 secs] 
2271.618: [GC (Allocation Failure) [PSYoungGen: 69565K->1504K(69120K)] 429369K->361364K(733184K), 0.0016980 secs] [Times: user=0.01 sys=0.00, real=0.00 secs] 
2271.957: [GC (Allocation Failure) [PSYoungGen: 69088K->1440K(68608K)] 428948K->361300K(732672K), 0.0020698 secs] [Times: user=0.01 sys=0.00, real=0.01 secs] 
2272.236: [GC (Allocation Failure) [PSYoungGen: 68512K->1376K(68096K)] 428372K->361236K(732160K), 0.0018768 secs] [Times: user=0.01 sys=0.00, real=0.01 secs] 
2272.535: [GC (Allocation Failure) [PSYoungGen: 67936K->1376K(67584K)] 427796K->361236K(731648K), 0.0021411 secs] [Times: user=0.01 sys=0.00, real=0.01 secs] 
2272.809: [GC (Allocation Failure) [PSYoungGen: 67424K->1408K(67584K)] 427284K->361268K(731648K), 0.0018779 secs] [Times: user=0.01 sys=0.00, real=0.00 secs] 
2273.328: [GC (Allocation Failure) [PSYoungGen: 67456K->1469K(67584K)] 427316K->361329K(731648K), 0.0020965 secs] [Times: user=0.01 sys=0.01, real=0.00 secs] 
2273.484: [GC (Allocation Failure) [PSYoungGen: 67514K->1533K(67584K)] 427374K->361393K(731648K), 0.0020106 secs] [Times: user=0.00 sys=0.00, real=0.00 secs] 
2273.637: [GC (Allocation Failure) [PSYoungGen: 67581K->1469K(67584K)] 427441K->361329K(731648K), 0.0018542 secs] [Times: user=0.01 sys=0.00, real=0.01 secs] 
2273.753: [GC (Allocation Failure) [PSYoungGen: 67517K->1533K(73728K)] 427377K->361417K(737792K), 0.0018055 secs] [Times: user=0.00 sys=0.00, real=0.00 secs] 
2274.342: [GC (Allocation Failure) [PSYoungGen: 73725K->1440K(73216K)] 433609K->361324K(737280K), 0.0027745 secs] [Times: user=0.01 sys=0.00, real=0.00 secs] 
2274.762: [GC (Allocation Failure) [PSYoungGen: 73120K->1408K(72704K)] 433004K->361292K(736768K), 0.0019328 secs] [Times: user=0.01 sys=0.00, real=0.00 secs] 
2275.058: [GC (Allocation Failure) [PSYoungGen: 72576K->1376K(72192K)] 432460K->361260K(736256K), 0.0021797 secs] [Times: user=0.01 sys=0.00, real=0.00 secs] 
2275.351: [GC (Allocation Failure) [PSYoungGen: 72032K->1376K(71680K)] 431916K->361260K(735744K), 0.0018992 secs] [Times: user=0.00 sys=0.00, real=0.00 secs] 
2275.602: [GC (Allocation Failure) [PSYoungGen: 71520K->1453K(71168K)] 431404K->361337K(735232K), 0.0017407 secs] [Times: user=0.01 sys=0.00, real=0.00 secs] 
2275.724: [GC (Allocation Failure) [PSYoungGen: 71085K->1485K(70656K)] 430969K->361369K(734720K), 0.0018743 secs] [Times: user=0.00 sys=0.01, real=0.00 secs] 
2275.846: [GC (Allocation Failure) [PSYoungGen: 70605K->1517K(71168K)] 430489K->361401K(735232K), 0.0016797 secs] [Times: user=0.01 sys=0.00, real=0.01 secs] 
2275.969: [GC (Allocation Failure) [PSYoungGen: 70637K->1376K(78336K)] 430521K->361260K(742400K), 0.0016021 secs] [Times: user=0.01 sys=0.00, real=0.00 secs] 
2276.399: [GC (Allocation Failure) [PSYoungGen: 77664K->1392K(77312K)] 437548K->361276K(741376K), 0.0021794 secs] [Times: user=0.01 sys=0.00, real=0.00 secs] 
2276.952: [GC (Allocation Failure) [PSYoungGen: 77168K->1408K(76800K)] 437052K->361292K(740864K), 0.0022323 secs] [Times: user=0.01 sys=0.00, real=0.00 secs] 
2277.512: [GC (Allocation Failure) [PSYoungGen: 76672K->1376K(76288K)] 436556K->361260K(740352K), 0.0022185 secs] [Times: user=0.01 sys=0.00, real=0.00 secs] 
2278.303: [GC (Allocation Failure) [PSYoungGen: 76128K->1469K(75776K)] 436012K->361353K(739840K), 0.0024104 secs] [Times: user=0.01 sys=0.00, real=0.00 secs] 
2278.464: [GC (Allocation Failure) [PSYoungGen: 75709K->1501K(75264K)] 435593K->361385K(739328K), 0.0017074 secs] [Times: user=0.00 sys=0.00, real=0.00 secs] 
2278.593: [GC (Allocation Failure) [PSYoungGen: 75229K->1565K(75264K)] 435113K->361449K(739328K), 0.0016501 secs] [Times: user=0.00 sys=0.00, real=0.00 secs] 
2278.721: [GC (Allocation Failure) [PSYoungGen: 74781K->1533K(74240K)] 434665K->361417K(738304K), 0.0017497 secs] [Times: user=0.01 sys=0.00, real=0.00 secs] 
2280.313: [GC (Allocation Failure) [PSYoungGen: 74237K->1440K(73728K)] 434121K->361324K(737792K), 0.0032910 secs] [Times: user=0.02 sys=0.00, real=0.00 secs] 
2280.618: [GC (Allocation Failure) [PSYoungGen: 73632K->1408K(73216K)] 433516K->361292K(737280K), 0.0021615 secs] [Times: user=0.00 sys=0.00, real=0.00 secs] 
2281.104: [GC (Allocation Failure) [PSYoungGen: 73088K->1392K(72704K)] 432972K->361276K(736768K), 0.0021773 secs] [Times: user=0.01 sys=0.00, real=0.00 secs] 
2281.667: [GC (Allocation Failure) [PSYoungGen: 72560K->1408K(72192K)] 432444K->361292K(736256K), 0.0023404 secs] [Times: user=0.01 sys=0.00, real=0.01 secs] 
2282.040: [GC (Allocation Failure) [PSYoungGen: 72064K->1501K(71680K)] 431948K->361385K(735744K), 0.0017527 secs] [Times: user=0.00 sys=0.00, real=0.00 secs] 
2282.181: [GC (Allocation Failure) [PSYoungGen: 71615K->1533K(71168K)] 431499K->361417K(735232K), 0.0020749 secs] [Times: user=0.01 sys=0.00, real=0.00 secs] 
2282.336: [GC (Allocation Failure) [PSYoungGen: 71165K->1533K(70656K)] 431049K->361441K(734720K), 0.0017284 secs] [Times: user=0.00 sys=0.00, real=0.01 secs] 
2282.867: [GC (Allocation Failure) [PSYoungGen: 70653K->1488K(70144K)] 430561K->361396K(734208K), 0.0029690 secs] [Times: user=0.01 sys=0.00, real=0.00 secs] 
2283.669: [GC (Allocation Failure) [PSYoungGen: 70096K->1376K(69632K)] 430004K->361284K(733696K), 0.0028086 secs] [Times: user=0.01 sys=0.00, real=0.00 secs] 
2284.349: [GC (Allocation Failure) [PSYoungGen: 69472K->1392K(69120K)] 429380K->361300K(733184K), 0.0045735 secs] [Times: user=0.02 sys=0.00, real=0.00 secs] 
2285.127: [GC (Allocation Failure) [PSYoungGen: 68976K->1440K(68608K)] 428884K->361348K(732672K), 0.0040767 secs] [Times: user=0.01 sys=0.00, real=0.00 secs] 
2285.955: [GC (Allocation Failure) [PSYoungGen: 68512K->1421K(68096K)] 428420K->361345K(732160K), 0.0034881 secs] [Times: user=0.01 sys=0.00, real=0.01 secs] 
2286.153: [GC (Allocation Failure) [PSYoungGen: 67981K->1533K(67584K)] 427905K->361457K(731648K), 0.0018120 secs] [Times: user=0.01 sys=0.00, real=0.00 secs] 
2286.272: [GC (Allocation Failure) [PSYoungGen: 67581K->1485K(68608K)] 427505K->361409K(732672K), 0.0027901 secs] [Times: user=0.01 sys=0.00, real=0.00 secs] 
2286.390: [GC (Allocation Failure) [PSYoungGen: 68027K->1472K(75264K)] 427951K->361396K(739328K), 0.0015378 secs] [Times: user=0.01 sys=0.00, real=0.00 secs] 
2286.761: [GC (Allocation Failure) [PSYoungGen: 74688K->1488K(74240K)] 434612K->361412K(738304K), 0.0022639 secs] [Times: user=0.01 sys=0.00, real=0.00 secs] 
2287.332: [GC (Allocation Failure) [PSYoungGen: 74192K->1376K(73728K)] 434116K->361300K(737792K), 0.0021723 secs] [Times: user=0.01 sys=0.00, real=0.00 secs] 
2288.061: [GC (Allocation Failure) [PSYoungGen: 73568K->1408K(73216K)] 433492K->361332K(737280K), 0.0028903 secs] [Times: user=0.01 sys=0.00, real=0.00 secs] 
2289.152: [GC (Allocation Failure) [PSYoungGen: 73088K->1392K(72704K)] 433012K->361316K(736768K), 0.0046451 secs] [Times: user=0.02 sys=0.00, real=0.00 secs] 
2290.735: [GC (Allocation Failure) [PSYoungGen: 72560K->1472K(72192K)] 432484K->361396K(736256K), 0.0028143 secs] [Times: user=0.01 sys=0.00, real=0.01 secs] 
2290.922: [GC (Allocation Failure) [PSYoungGen: 72128K->1533K(71680K)] 432052K->361457K(735744K), 0.0018907 secs] [Times: user=0.01 sys=0.00, real=0.00 secs] 
2291.044: [GC (Allocation Failure) [PSYoungGen: 71677K->1501K(71168K)] 431601K->361425K(735232K), 0.0018911 secs] [Times: user=0.01 sys=0.00, real=0.00 secs] 
2291.166: [GC (Allocation Failure) [PSYoungGen: 71133K->1536K(71168K)] 431057K->361476K(735232K), 0.0016666 secs] [Times: user=0.01 sys=0.00, real=0.01 secs] 
2291.511: [GC (Allocation Failure) [PSYoungGen: 70656K->1440K(70144K)] 430596K->361380K(734208K), 0.0023314 secs] [Times: user=0.01 sys=0.00, real=0.00 secs] 
2291.797: [GC (Allocation Failure) [PSYoungGen: 70048K->1440K(69632K)] 429988K->361380K(733696K), 0.0019400 secs] [Times: user=0.01 sys=0.00, real=0.01 secs] 
2292.080: [GC (Allocation Failure) [PSYoungGen: 69536K->1408K(69120K)] 429476K->361348K(733184K), 0.0021029 secs] [Times: user=0.01 sys=0.00, real=0.00 secs] 
2292.632: [GC (Allocation Failure) [PSYoungGen: 68992K->1376K(68608K)] 428932K->361316K(732672K), 0.0021215 secs] [Times: user=0.01 sys=0.00, real=0.00 secs] 
2292.972: [GC (Allocation Failure) [PSYoungGen: 68448K->1469K(68096K)] 428388K->361409K(732160K), 0.0022215 secs] [Times: user=0.01 sys=0.00, real=0.00 secs] 
2293.092: [GC (Allocation Failure) [PSYoungGen: 68029K->1533K(67584K)] 427969K->361473K(731648K), 0.0018080 secs] [Times: user=0.01 sys=0.00, real=0.00 secs] 
2293.211: [GC (Allocation Failure) [PSYoungGen: 67581K->1456K(68608K)] 427521K->361396K(732672K), 0.0017637 secs] [Times: user=0.00 sys=0.00, real=0.00 secs] 
2293.346: [GC (Allocation Failure) [PSYoungGen: 67994K->1501K(75264K)] 427934K->361457K(739328K), 0.0017452 secs] [Times: user=0.01 sys=0.00, real=0.01 secs] 
2294.812: [GC (Allocation Failure) [PSYoungGen: 74717K->1440K(74240K)] 434673K->361396K(738304K), 0.0039642 secs] [Times: user=0.02 sys=0.01, real=0.00 secs] 
2295.733: [GC (Allocation Failure) [PSYoungGen: 74144K->1408K(73728K)] 434100K->361380K(737792K), 0.0033549 secs] [Times: user=0.01 sys=0.00, real=0.00 secs] 
2296.484: [GC (Allocation Failure) [PSYoungGen: 73600K->1408K(73216K)] 433572K->361380K(737280K), 0.0022698 secs] [Times: user=0.01 sys=0.00, real=0.00 secs] 
2296.888: [GC (Allocation Failure) [PSYoungGen: 73088K->1376K(72704K)] 433060K->361356K(736768K), 0.0021599 secs] [Times: user=0.01 sys=0.00, real=0.00 secs] 
2297.252: [GC (Allocation Failure) [PSYoungGen: 72544K->1501K(72192K)] 432524K->361481K(736256K), 0.0017723 secs] [Times: user=0.01 sys=0.00, real=0.00 secs] 
2297.377: [GC (Allocation Failure) [PSYoungGen: 72157K->1485K(71680K)] 432137K->361465K(735744K), 0.0019070 secs] [Times: user=0.01 sys=0.00, real=0.00 secs] 
2297.500: [GC (Allocation Failure) [PSYoungGen: 71626K->1485K(71168K)] 431606K->361465K(735232K), 0.0018721 secs] [Times: user=0.00 sys=0.00, real=0.00 secs] 
2297.845: [GC (Allocation Failure) [PSYoungGen: 71117K->1456K(70656K)] 431097K->361444K(734720K), 0.0028140 secs] [Times: user=0.01 sys=0.00, real=0.01 secs] 
2298.433: [GC (Allocation Failure) [PSYoungGen: 70576K->1376K(70144K)] 430564K->361364K(734208K), 0.0025237 secs] [Times: user=0.01 sys=0.00, real=0.00 secs] 
2299.003: [GC (Allocation Failure) [PSYoungGen: 69984K->1376K(69632K)] 429972K->361364K(733696K), 0.0021758 secs] [Times: user=0.01 sys=0.00, real=0.00 secs] 
2299.501: [GC (Allocation Failure) [PSYoungGen: 69472K->1408K(69120K)] 429460K->361396K(733184K), 0.0023243 secs] [Times: user=0.00 sys=0.00, real=0.00 secs] 
2299.885: [GC (Allocation Failure) [PSYoungGen: 68992K->1453K(68608K)] 428980K->361441K(732672K), 0.0022596 secs] [Times: user=0.01 sys=0.00, real=0.01 secs] 
2300.061: [GC (Allocation Failure) [PSYoungGen: 68525K->1501K(68096K)] 428513K->361489K(732160K), 0.0020243 secs] [Times: user=0.01 sys=0.00, real=0.00 secs] 
2300.237: [GC (Allocation Failure) [PSYoungGen: 68061K->1504K(67584K)] 428049K->361492K(731648K), 0.0023580 secs] [Times: user=0.01 sys=0.00, real=0.01 secs] 
2300.389: [GC (Allocation Failure) [PSYoungGen: 67552K->1501K(68096K)] 427540K->361489K(732160K), 0.0016043 secs] [Times: user=0.00 sys=0.00, real=0.00 secs] 
2300.692: [GC (Allocation Failure) [PSYoungGen: 67549K->1456K(68096K)] 427537K->361452K(732160K), 0.0020608 secs] [Times: user=0.01 sys=0.00, real=0.00 secs] 
2301.117: [GC (Allocation Failure) [PSYoungGen: 67504K->1408K(68096K)] 427500K->361404K(732160K), 0.0021183 secs] [Times: user=0.01 sys=0.01, real=0.01 secs] 
2301.428: [GC (Allocation Failure) [PSYoungGen: 67456K->1408K(68096K)] 427452K->361404K(732160K), 0.0020646 secs] [Times: user=0.01 sys=0.00, real=0.00 secs] 
2302.013: [GC (Allocation Failure) [PSYoungGen: 67456K->1376K(68096K)] 427452K->361372K(732160K), 0.0023882 secs] [Times: user=0.01 sys=0.00, real=0.00 secs] 
2302.507: [GC (Allocation Failure) [PSYoungGen: 67424K->1408K(68096K)] 427420K->361404K(732160K), 0.0023246 secs] [Times: user=0.01 sys=0.00, real=0.01 secs] 
2302.842: [GC (Allocation Failure) [PSYoungGen: 67456K->1501K(68096K)] 427452K->361497K(732160K), 0.0020944 secs] [Times: user=0.01 sys=0.00, real=0.00 secs] 
2302.963: [GC (Allocation Failure) [PSYoungGen: 67525K->1533K(68096K)] 427521K->361529K(732160K), 0.0018154 secs] [Times: user=0.00 sys=0.00, real=0.00 secs] 
2303.096: [GC (Allocation Failure) [PSYoungGen: 67581K->1536K(68096K)] 427577K->361548K(732160K), 0.0018932 secs] [Times: user=0.00 sys=0.00, real=0.01 secs] 
2303.246: [GC (Allocation Failure) [PSYoungGen: 67448K->256K(68096K)] 427460K->360268K(732160K), 0.0020367 secs] [Times: user=0.01 sys=0.00, real=0.01 secs] 
2304.563: [GC (Allocation Failure) [PSYoungGen: 66304K->1408K(68096K)] 426316K->361420K(732160K), 0.0035039 secs] [Times: user=0.02 sys=0.00, real=0.00 secs] 
2305.640: [GC (Allocation Failure) [PSYoungGen: 67456K->1376K(68096K)] 427468K->361388K(732160K), 0.0044302 secs] [Times: user=0.02 sys=0.00, real=0.00 secs] 
2306.641: [GC (Allocation Failure) [PSYoungGen: 67424K->1424K(68096K)] 427436K->361436K(732160K), 0.0036010 secs] [Times: user=0.02 sys=0.00, real=0.00 secs] 
2307.298: [GC (Allocation Failure) [PSYoungGen: 67472K->1392K(68096K)] 427484K->361404K(732160K), 0.0028558 secs] [Times: user=0.01 sys=0.00, real=0.00 secs] 
2307.639: [GC (Allocation Failure) [PSYoungGen: 67440K->1501K(68096K)] 427452K->361513K(732160K), 0.0017272 secs] [Times: user=0.01 sys=0.00, real=0.00 secs] 
2307.760: [GC (Allocation Failure) [PSYoungGen: 67549K->1485K(68096K)] 427561K->361497K(732160K), 0.0015948 secs] [Times: user=0.00 sys=0.00, real=0.00 secs] 
2307.878: [GC (Allocation Failure) [PSYoungGen: 67533K->1488K(68096K)] 427545K->361508K(732160K), 0.0016917 secs] [Times: user=0.01 sys=0.00, real=0.00 secs] 
2308.014: [GC (Allocation Failure) [PSYoungGen: 67536K->1536K(68096K)] 427556K->361556K(732160K), 0.0018147 secs] [Times: user=0.01 sys=0.00, real=0.00 secs] 
2309.139: [GC (Allocation Failure) [PSYoungGen: 67584K->1440K(68096K)] 427604K->361460K(732160K), 0.0035997 secs] [Times: user=0.02 sys=0.00, real=0.00 secs] 
2309.945: [GC (Allocation Failure) [PSYoungGen: 67488K->1408K(68096K)] 427508K->361428K(732160K), 0.0036294 secs] [Times: user=0.02 sys=0.00, real=0.01 secs] 
2310.533: [GC (Allocation Failure) [PSYoungGen: 67456K->1408K(68096K)] 427476K->361428K(732160K), 0.0029302 secs] [Times: user=0.01 sys=0.00, real=0.00 secs] 
2311.119: [GC (Allocation Failure) [PSYoungGen: 67456K->1376K(68096K)] 427476K->361396K(732160K), 0.0023686 secs] [Times: user=0.00 sys=0.00, real=0.00 secs] 
2311.662: [GC (Allocation Failure) [PSYoungGen: 67424K->1453K(68096K)] 427444K->361473K(732160K), 0.0019341 secs] [Times: user=0.01 sys=0.00, real=0.00 secs] 
2311.824: [GC (Allocation Failure) [PSYoungGen: 67501K->1533K(68096K)] 427521K->361553K(732160K), 0.0022024 secs] [Times: user=0.00 sys=0.00, real=0.00 secs] 
2311.976: [GC (Allocation Failure) [PSYoungGen: 67581K->1501K(68096K)] 427601K->361529K(732160K), 0.0017196 secs] [Times: user=0.00 sys=0.00, real=0.01 secs] 
2312.092: [GC (Allocation Failure) [PSYoungGen: 67549K->1504K(68096K)] 427577K->361540K(732160K), 0.0017781 secs] [Times: user=0.01 sys=0.00, real=0.00 secs] 
2312.935: [GC (Allocation Failure) [PSYoungGen: 67552K->1440K(68096K)] 427588K->361476K(732160K), 0.0042957 secs] [Times: user=0.01 sys=0.00, real=0.01 secs] 
2314.002: [GC (Allocation Failure) [PSYoungGen: 67488K->1376K(68096K)] 427524K->361412K(732160K), 0.0043667 secs] [Times: user=0.02 sys=0.00, real=0.00 secs] 
2314.801: [GC (Allocation Failure) [PSYoungGen: 67424K->1408K(68096K)] 427460K->361444K(732160K), 0.0031674 secs] [Times: user=0.01 sys=0.00, real=0.00 secs] 
2315.644: [GC (Allocation Failure) [PSYoungGen: 67456K->1440K(68096K)] 427492K->361492K(732160K), 0.0032053 secs] [Times: user=0.02 sys=0.00, real=0.01 secs] 
2316.309: [GC (Allocation Failure) [PSYoungGen: 67488K->1469K(68096K)] 427540K->361521K(732160K), 0.0021557 secs] [Times: user=0.01 sys=0.00, real=0.00 secs] 
2316.453: [GC (Allocation Failure) [PSYoungGen: 67517K->1501K(68096K)] 427569K->361553K(732160K), 0.0018055 secs] [Times: user=0.01 sys=0.00, real=0.00 secs] 
2316.569: [GC (Allocation Failure) [PSYoungGen: 67549K->1485K(68096K)] 427601K->361537K(732160K), 0.0017973 secs] [Times: user=0.00 sys=0.00, real=0.00 secs] 
2316.701: [GC (Allocation Failure) [PSYoungGen: 67533K->1565K(68096K)] 427585K->361633K(732160K), 0.0019857 secs] [Times: user=0.01 sys=0.00, real=0.00 secs] 
2317.379: [GC (Allocation Failure) [PSYoungGen: 67613K->1424K(68096K)] 427681K->361492K(732160K), 0.0031918 secs] [Times: user=0.01 sys=0.00, real=0.00 secs] 
2318.317: [GC (Allocation Failure) [PSYoungGen: 67472K->1376K(68096K)] 427540K->361444K(732160K), 0.0032404 secs] [Times: user=0.02 sys=0.00, real=0.01 secs] 
2319.037: [GC (Allocation Failure) [PSYoungGen: 67424K->1376K(68096K)] 427492K->361444K(732160K), 0.0024241 secs] [Times: user=0.01 sys=0.00, real=0.01 secs] 
2319.836: [GC (Allocation Failure) [PSYoungGen: 67424K->1376K(68096K)] 427492K->361444K(732160K), 0.0023553 secs] [Times: user=0.00 sys=0.00, real=0.01 secs] 
2321.431: [GC (Allocation Failure) [PSYoungGen: 67424K->1517K(68096K)] 427492K->361585K(732160K), 0.0031404 secs] [Times: user=0.01 sys=0.00, real=0.00 secs] 
2321.620: [GC (Allocation Failure) [PSYoungGen: 67565K->1565K(68096K)] 427633K->361633K(732160K), 0.0017803 secs] [Times: user=0.00 sys=0.00, real=0.00 secs] 
2321.737: [GC (Allocation Failure) [PSYoungGen: 67613K->1501K(68096K)] 427681K->361569K(732160K), 0.0017793 secs] [Times: user=0.01 sys=0.00, real=0.01 secs] 
2321.853: [GC (Allocation Failure) [PSYoungGen: 67549K->1485K(68096K)] 427617K->361569K(732160K), 0.0018270 secs] [Times: user=0.01 sys=0.00, real=0.00 secs] 
2322.150: [GC (Allocation Failure) [PSYoungGen: 67533K->1456K(68096K)] 427617K->361540K(732160K), 0.0022294 secs] [Times: user=0.00 sys=0.00, real=0.00 secs] 
2322.425: [GC (Allocation Failure) [PSYoungGen: 67504K->1408K(68096K)] 427588K->361492K(732160K), 0.0020769 secs] [Times: user=0.01 sys=0.00, real=0.01 secs] 
2322.706: [GC (Allocation Failure) [PSYoungGen: 67456K->1408K(68096K)] 427540K->361492K(732160K), 0.0019829 secs] [Times: user=0.01 sys=0.00, real=0.01 secs] 
2323.096: [GC (Allocation Failure) [PSYoungGen: 67456K->1408K(68096K)] 427540K->361492K(732160K), 0.0021452 secs] [Times: user=0.00 sys=0.00, real=0.01 secs] 
2323.467: [GC (Allocation Failure) [PSYoungGen: 67456K->1485K(68096K)] 427540K->361569K(732160K), 0.0021188 secs] [Times: user=0.01 sys=0.00, real=0.00 secs] 
2323.604: [GC (Allocation Failure) [PSYoungGen: 67533K->1469K(68096K)] 427617K->361553K(732160K), 0.0016898 secs] [Times: user=0.01 sys=0.00, real=0.00 secs] 
2323.722: [GC (Allocation Failure) [PSYoungGen: 67517K->1565K(68096K)] 427601K->361649K(732160K), 0.0018317 secs] [Times: user=0.01 sys=0.00, real=0.00 secs] 
2323.838: [GC (Allocation Failure) [PSYoungGen: 67613K->1485K(75264K)] 427697K->361577K(739328K), 0.0015039 secs] [Times: user=0.01 sys=0.00, real=0.00 secs] 
2324.091: [GC (Allocation Failure) [PSYoungGen: 74701K->1440K(75264K)] 434793K->361564K(739328K), 0.0021513 secs] [Times: user=0.01 sys=0.00, real=0.00 secs] 
2324.396: [GC (Allocation Failure) [PSYoungGen: 74656K->1408K(74240K)] 434780K->361532K(738304K), 0.0020320 secs] [Times: user=0.01 sys=0.00, real=0.01 secs] 
2324.698: [GC (Allocation Failure) [PSYoungGen: 74112K->1440K(73728K)] 434236K->361564K(737792K), 0.0020577 secs] [Times: user=0.01 sys=0.00, real=0.00 secs] 
2324.998: [GC (Allocation Failure) [PSYoungGen: 73632K->1408K(73216K)] 433756K->361532K(737280K), 0.0017252 secs] [Times: user=0.00 sys=0.00, real=0.00 secs] 
2325.307: [GC (Allocation Failure) [PSYoungGen: 73088K->1469K(72704K)] 433212K->361593K(736768K), 0.0017735 secs] [Times: user=0.01 sys=0.00, real=0.00 secs] 
2325.435: [GC (Allocation Failure) [PSYoungGen: 72620K->1533K(72192K)] 432744K->361689K(736256K), 0.0016840 secs] [Times: user=0.01 sys=0.00, real=0.00 secs] 
2325.559: [GC (Allocation Failure) [PSYoungGen: 72189K->1501K(71680K)] 432345K->361673K(735744K), 0.0016961 secs] [Times: user=0.01 sys=0.00, real=0.00 secs] 
2325.701: [GC (Allocation Failure) [PSYoungGen: 71621K->1533K(79360K)] 431793K->361729K(743424K), 0.0017278 secs] [Times: user=0.00 sys=0.00, real=0.00 secs] 
2326.019: [GC (Allocation Failure) [PSYoungGen: 79357K->1424K(78848K)] 439553K->361620K(742912K), 0.0018975 secs] [Times: user=0.01 sys=0.00, real=0.00 secs] 
2326.341: [GC (Allocation Failure) [PSYoungGen: 78736K->1456K(78336K)] 438932K->361652K(742400K), 0.0019884 secs] [Times: user=0.01 sys=0.00, real=0.00 secs] 
2326.660: [GC (Allocation Failure) [PSYoungGen: 78256K->1440K(77824K)] 438452K->361636K(741888K), 0.0020681 secs] [Times: user=0.01 sys=0.00, real=0.00 secs] 
2327.190: [GC (Allocation Failure) [PSYoungGen: 77728K->1469K(77312K)] 437924K->361665K(741376K), 0.0022114 secs] [Times: user=0.01 sys=0.00, real=0.00 secs] 
2327.393: [GC (Allocation Failure) [PSYoungGen: 77245K->1501K(76800K)] 437441K->361697K(740864K), 0.0021878 secs] [Times: user=0.01 sys=0.00, real=0.00 secs] 
2327.557: [GC (Allocation Failure) [PSYoungGen: 76765K->1565K(76800K)] 436961K->361761K(740864K), 0.0016736 secs] [Times: user=0.01 sys=0.00, real=0.00 secs] 
2327.718: [GC (Allocation Failure) [PSYoungGen: 76317K->1533K(75776K)] 436513K->361729K(739840K), 0.0020077 secs] [Times: user=0.01 sys=0.00, real=0.00 secs] 
2328.289: [GC (Allocation Failure) [PSYoungGen: 75773K->1504K(75264K)] 435969K->361700K(739328K), 0.0029344 secs] [Times: user=0.01 sys=0.00, real=0.00 secs] 
2328.749: [GC (Allocation Failure) [PSYoungGen: 75232K->1376K(74752K)] 435428K->361572K(738816K), 0.0020393 secs] [Times: user=0.00 sys=0.00, real=0.00 secs] 
2329.098: [GC (Allocation Failure) [PSYoungGen: 74592K->1344K(74240K)] 434788K->361540K(738304K), 0.0018338 secs] [Times: user=0.01 sys=0.00, real=0.00 secs] 
2329.419: [GC (Allocation Failure) [PSYoungGen: 74048K->1408K(73728K)] 434244K->361604K(737792K), 0.0021296 secs] [Times: user=0.01 sys=0.01, real=0.00 secs] 
2329.631: [GC (Allocation Failure) [PSYoungGen: 73600K->1517K(73216K)] 433796K->361713K(737280K), 0.0016425 secs] [Times: user=0.01 sys=0.00, real=0.00 secs] 
2329.756: [GC (Allocation Failure) [PSYoungGen: 73197K->1485K(72704K)] 433393K->361681K(736768K), 0.0016725 secs] [Times: user=0.01 sys=0.00, real=0.01 secs] 
2329.882: [GC (Allocation Failure) [PSYoungGen: 72653K->1485K(72192K)] 432849K->361681K(736256K), 0.0016309 secs] [Times: user=0.01 sys=0.00, real=0.00 secs] 
2330.457: [GC (Allocation Failure) [PSYoungGen: 72141K->1456K(71680K)] 432337K->361652K(735744K), 0.0024930 secs] [Times: user=0.01 sys=0.00, real=0.00 secs] 
2332.114: [GC (Allocation Failure) [PSYoungGen: 71600K->1408K(71168K)] 431796K->361604K(735232K), 0.0043296 secs] [Times: user=0.02 sys=0.00, real=0.01 secs] 
2332.807: [GC (Allocation Failure) [PSYoungGen: 71040K->1376K(70656K)] 431236K->361572K(734720K), 0.0035736 secs] [Times: user=0.02 sys=0.00, real=0.00 secs] 
2333.414: [GC (Allocation Failure) [PSYoungGen: 70496K->1408K(70144K)] 430692K->361604K(734208K), 0.0028931 secs] [Times: user=0.01 sys=0.00, real=0.00 secs] 
2333.991: [GC (Allocation Failure) [PSYoungGen: 70016K->1488K(69632K)] 430212K->361684K(733696K), 0.0025409 secs] [Times: user=0.02 sys=0.00, real=0.00 secs] 
2334.154: [GC (Allocation Failure) [PSYoungGen: 69584K->1469K(69120K)] 429780K->361665K(733184K), 0.0016687 secs] [Times: user=0.01 sys=0.00, real=0.00 secs] 
2334.273: [GC (Allocation Failure) [PSYoungGen: 69053K->1501K(68608K)] 429249K->361729K(732672K), 0.0018279 secs] [Times: user=0.01 sys=0.00, real=0.00 secs] 
2334.391: [GC (Allocation Failure) [PSYoungGen: 68573K->1533K(69120K)] 428801K->361761K(733184K), 0.0017611 secs] [Times: user=0.01 sys=0.00, real=0.00 secs] 
2334.886: [GC (Allocation Failure) [PSYoungGen: 69117K->1472K(68608K)] 429345K->361700K(732672K), 0.0024781 secs] [Times: user=0.01 sys=0.00, real=0.01 secs] 
2335.326: [GC (Allocation Failure) [PSYoungGen: 68544K->1408K(68096K)] 428772K->361636K(732160K), 0.0021216 secs] [Times: user=0.01 sys=0.00, real=0.01 secs] 
2335.603: [GC (Allocation Failure) [PSYoungGen: 67968K->1376K(67584K)] 428196K->361604K(731648K), 0.0020068 secs] [Times: user=0.01 sys=0.00, real=0.00 secs] 
2335.991: [GC (Allocation Failure) [PSYoungGen: 67424K->1392K(68096K)] 427652K->361620K(732160K), 0.0019646 secs] [Times: user=0.01 sys=0.00, real=0.00 secs] 
2336.616: [GC (Allocation Failure) [PSYoungGen: 67440K->1485K(68096K)] 427668K->361713K(732160K), 0.0020576 secs] [Times: user=0.01 sys=0.00, real=0.01 secs] 
2336.757: [GC (Allocation Failure) [PSYoungGen: 67533K->1520K(68096K)] 427761K->361748K(732160K), 0.0017291 secs] [Times: user=0.01 sys=0.00, real=0.01 secs] 
2336.890: [GC (Allocation Failure) [PSYoungGen: 67568K->1533K(68096K)] 427796K->361761K(732160K), 0.0019099 secs] [Times: user=0.01 sys=0.00, real=0.00 secs] 
2337.036: [GC (Allocation Failure) [PSYoungGen: 67581K->1501K(68096K)] 427809K->361745K(732160K), 0.0018459 secs] [Times: user=0.01 sys=0.00, real=0.01 secs] 
2337.455: [GC (Allocation Failure) [PSYoungGen: 67549K->1408K(68096K)] 427793K->361652K(732160K), 0.0024842 secs] [Times: user=0.01 sys=0.00, real=0.01 secs] 
2338.108: [GC (Allocation Failure) [PSYoungGen: 67456K->1408K(68096K)] 427700K->361652K(732160K), 0.0024258 secs] [Times: user=0.01 sys=0.00, real=0.00 secs] 
2338.911: [GC (Allocation Failure) [PSYoungGen: 67456K->1408K(68096K)] 427700K->361652K(732160K), 0.0033617 secs] [Times: user=0.01 sys=0.00, real=0.00 secs] 
2339.826: [GC (Allocation Failure) [PSYoungGen: 67456K->1440K(68096K)] 427700K->361684K(732160K), 0.0035520 secs] [Times: user=0.01 sys=0.01, real=0.01 secs] 
2340.841: [GC (Allocation Failure) [PSYoungGen: 67488K->1421K(68096K)] 427732K->361665K(732160K), 0.0041795 secs] [Times: user=0.02 sys=0.00, real=0.00 secs] 
2341.057: [GC (Allocation Failure) [PSYoungGen: 67469K->1565K(68096K)] 427713K->361809K(732160K), 0.0018790 secs] [Times: user=0.01 sys=0.00, real=0.01 secs] 
2341.180: [GC (Allocation Failure) [PSYoungGen: 67613K->1501K(68096K)] 427857K->361745K(732160K), 0.0017645 secs] [Times: user=0.00 sys=0.00, real=0.00 secs] 
2341.312: [GC (Allocation Failure) [PSYoungGen: 67549K->1536K(68096K)] 427793K->361804K(732160K), 0.0017292 secs] [Times: user=0.01 sys=0.00, real=0.00 secs] 
2341.751: [GC (Allocation Failure) [PSYoungGen: 67584K->1968K(68096K)] 427852K->362236K(732160K), 0.0024510 secs] [Times: user=0.01 sys=0.00, real=0.00 secs] 
2342.722: [GC (Allocation Failure) [PSYoungGen: 68016K->1408K(68096K)] 428284K->361676K(732160K), 0.0033387 secs] [Times: user=0.02 sys=0.00, real=0.00 secs] 
2343.383: [GC (Allocation Failure) [PSYoungGen: 67456K->1408K(68096K)] 427724K->361676K(732160K), 0.0021102 secs] [Times: user=0.01 sys=0.00, real=0.00 secs] 
2343.916: [GC (Allocation Failure) [PSYoungGen: 67456K->1408K(68096K)] 427724K->361676K(732160K), 0.0026170 secs] [Times: user=0.01 sys=0.00, real=0.01 secs] 
2344.499: [GC (Allocation Failure) [PSYoungGen: 67456K->1376K(68096K)] 427724K->361644K(732160K), 0.0026417 secs] [Times: user=0.01 sys=0.00, real=0.00 secs] 
2344.775: [GC (Allocation Failure) [PSYoungGen: 67424K->1501K(68096K)] 427692K->361769K(732160K), 0.0016755 secs] [Times: user=0.01 sys=0.00, real=0.00 secs] 
2344.891: [GC (Allocation Failure) [PSYoungGen: 67518K->1453K(68096K)] 427786K->361721K(732160K), 0.0016334 secs] [Times: user=0.00 sys=0.00, real=0.00 secs] 
2345.007: [GC (Allocation Failure) [PSYoungGen: 67501K->1533K(68096K)] 427769K->361809K(732160K), 0.0016963 secs] [Times: user=0.01 sys=0.00, real=0.00 secs] 
2345.123: [GC (Allocation Failure) [PSYoungGen: 67581K->1533K(68096K)] 427857K->361833K(732160K), 0.0018116 secs] [Times: user=0.01 sys=0.00, real=0.00 secs] 
2346.240: [GC (Allocation Failure) [PSYoungGen: 67581K->1408K(67584K)] 427881K->361708K(731648K), 0.0025280 secs] [Times: user=0.01 sys=0.00, real=0.00 secs] 
2346.801: [GC (Allocation Failure) [PSYoungGen: 67456K->1408K(67584K)] 427756K->361708K(731648K), 0.0021881 secs] [Times: user=0.01 sys=0.00, real=0.00 secs] 
2347.200: [GC (Allocation Failure) [PSYoungGen: 67456K->1376K(67584K)] 427756K->361676K(731648K), 0.0020772 secs] [Times: user=0.01 sys=0.00, real=0.00 secs] 
2347.732: [GC (Allocation Failure) [PSYoungGen: 67424K->1344K(67584K)] 427724K->361644K(731648K), 0.0023876 secs] [Times: user=0.01 sys=0.00, real=0.00 secs] 
2348.046: [GC (Allocation Failure) [PSYoungGen: 67392K->1501K(67584K)] 427692K->361801K(731648K), 0.0016136 secs] [Times: user=0.00 sys=0.00, real=0.01 secs] 
2348.161: [GC (Allocation Failure) [PSYoungGen: 67549K->1565K(68096K)] 427849K->361865K(732160K), 0.0016318 secs] [Times: user=0.01 sys=0.00, real=0.00 secs] 
2348.277: [GC (Allocation Failure) [PSYoungGen: 67613K->509K(66560K)] 427913K->361849K(730624K), 0.0016892 secs] [Times: user=0.00 sys=0.00, real=0.00 secs] 
2348.393: [GC (Allocation Failure) [PSYoungGen: 66557K->493K(71168K)] 427897K->361833K(735232K), 0.0015434 secs] [Times: user=0.01 sys=0.00, real=0.00 secs] 
2349.830: [GC (Allocation Failure) [PSYoungGen: 69613K->1440K(70144K)] 430953K->362780K(734208K), 0.0035689 secs] [Times: user=0.01 sys=0.00, real=0.00 secs] 
2350.654: [GC (Allocation Failure) [PSYoungGen: 70048K->1408K(69632K)] 431388K->362748K(733696K), 0.0034471 secs] [Times: user=0.01 sys=0.00, real=0.01 secs] 
2351.285: [GC (Allocation Failure) [PSYoungGen: 69504K->1408K(69120K)] 430844K->362748K(733184K), 0.0024377 secs] [Times: user=0.01 sys=0.00, real=0.01 secs] 
2352.533: [GC (Allocation Failure) [PSYoungGen: 68992K->1408K(68608K)] 430332K->362748K(732672K), 0.0042322 secs] [Times: user=0.01 sys=0.00, real=0.01 secs] 
2353.159: [GC (Allocation Failure) [PSYoungGen: 68480K->1533K(68096K)] 429820K->362873K(732160K), 0.0022316 secs] [Times: user=0.01 sys=0.00, real=0.00 secs] 
2353.300: [GC (Allocation Failure) [PSYoungGen: 68093K->1485K(67584K)] 429433K->362825K(731648K), 0.0018982 secs] [Times: user=0.01 sys=0.00, real=0.00 secs] 
2353.433: [GC (Allocation Failure) [PSYoungGen: 67533K->1504K(67584K)] 428873K->362844K(731648K), 0.0019019 secs] [Times: user=0.00 sys=0.00, real=0.00 secs] 
2353.579: [GC (Allocation Failure) [PSYoungGen: 67552K->1501K(71680K)] 428892K->362857K(735744K), 0.0020903 secs] [Times: user=0.00 sys=0.00, real=0.00 secs] 
2354.426: [GC (Allocation Failure) [PSYoungGen: 71133K->1440K(70656K)] 432489K->362796K(734720K), 0.0020991 secs] [Times: user=0.00 sys=0.00, real=0.01 secs] 
2354.737: [GC (Allocation Failure) [PSYoungGen: 70560K->1376K(70144K)] 431916K->362732K(734208K), 0.0021068 secs] [Times: user=0.00 sys=0.00, real=0.01 secs] 
2355.022: [GC (Allocation Failure) [PSYoungGen: 69984K->1392K(69632K)] 431340K->362756K(733696K), 0.0019888 secs] [Times: user=0.01 sys=0.00, real=0.00 secs] 
2355.420: [GC (Allocation Failure) [PSYoungGen: 69488K->1392K(69120K)] 430852K->362756K(733184K), 0.0019888 secs] [Times: user=0.00 sys=0.00, real=0.00 secs] 
2355.697: [GC (Allocation Failure) [PSYoungGen: 68976K->1485K(68608K)] 430340K->362849K(732672K), 0.0015745 secs] [Times: user=0.01 sys=0.00, real=0.01 secs] 
2355.815: [GC (Allocation Failure) [PSYoungGen: 68548K->1533K(68096K)] 429912K->362897K(732160K), 0.0018475 secs] [Times: user=0.01 sys=0.00, real=0.01 secs] 
2355.934: [GC (Allocation Failure) [PSYoungGen: 68093K->1501K(71680K)] 429457K->362865K(735744K), 0.0017400 secs] [Times: user=0.01 sys=0.00, real=0.00 secs] 
2356.058: [GC (Allocation Failure) [PSYoungGen: 71645K->1517K(72192K)] 433009K->362889K(736256K), 0.0017264 secs] [Times: user=0.00 sys=0.00, real=0.00 secs] 
2356.700: [GC (Allocation Failure) [PSYoungGen: 71661K->1408K(71168K)] 433033K->362780K(735232K), 0.0029289 secs] [Times: user=0.01 sys=0.00, real=0.00 secs] 
2357.278: [GC (Allocation Failure) [PSYoungGen: 71040K->1376K(70656K)] 432412K->362748K(734720K), 0.0032539 secs] [Times: user=0.00 sys=0.00, real=0.00 secs] 
2357.815: [GC (Allocation Failure) [PSYoungGen: 70496K->1408K(70144K)] 431868K->362780K(734208K), 0.0023286 secs] [Times: user=0.01 sys=0.00, real=0.01 secs] 
2358.105: [GC (Allocation Failure) [PSYoungGen: 70016K->1408K(69632K)] 431388K->362780K(733696K), 0.0022047 secs] [Times: user=0.01 sys=0.00, real=0.01 secs] 
2358.300: [GC (Allocation Failure) [PSYoungGen: 69504K->1488K(69120K)] 430876K->362860K(733184K), 0.0016613 secs] [Times: user=0.01 sys=0.00, real=0.00 secs] 
2358.435: [GC (Allocation Failure) [PSYoungGen: 69072K->1536K(69120K)] 430444K->362908K(733184K), 0.0019245 secs] [Times: user=0.00 sys=0.00, real=0.01 secs] 
2358.594: [GC (Allocation Failure) [PSYoungGen: 68608K->429K(75776K)] 429980K->362825K(739840K), 0.0026320 secs] [Times: user=0.01 sys=0.00, real=0.01 secs] 
2359.030: [GC (Allocation Failure) [PSYoungGen: 75181K->2000K(76288K)] 437577K->364412K(740352K), 0.0023996 secs] [Times: user=0.01 sys=0.00, real=0.00 secs] 
2359.826: [GC (Allocation Failure) [PSYoungGen: 76240K->1344K(75264K)] 438652K->363756K(739328K), 0.0034124 secs] [Times: user=0.02 sys=0.00, real=0.01 secs] 
2360.660: [GC (Allocation Failure) [PSYoungGen: 75072K->1376K(74752K)] 437484K->363788K(738816K), 0.0034454 secs] [Times: user=0.01 sys=0.00, real=0.00 secs] 
2361.592: [GC (Allocation Failure) [PSYoungGen: 74592K->1408K(74240K)] 437004K->363820K(738304K), 0.0034894 secs] [Times: user=0.01 sys=0.00, real=0.00 secs] 
2362.428: [GC (Allocation Failure) [PSYoungGen: 74112K->1501K(73728K)] 436524K->363913K(737792K), 0.0026107 secs] [Times: user=0.01 sys=0.00, real=0.00 secs] 
2362.601: [GC (Allocation Failure) [PSYoungGen: 73693K->1533K(73216K)] 436105K->363977K(737280K), 0.0017592 secs] [Times: user=0.00 sys=0.00, real=0.00 secs] 
2362.726: [GC (Allocation Failure) [PSYoungGen: 73211K->1485K(72704K)] 435655K->363929K(736768K), 0.0019042 secs] [Times: user=0.00 sys=0.00, real=0.01 secs] 
2362.852: [GC (Allocation Failure) [PSYoungGen: 72653K->1520K(72192K)] 435097K->363964K(736256K), 0.0017781 secs] [Times: user=0.01 sys=0.00, real=0.00 secs] 
2363.516: [GC (Allocation Failure) [PSYoungGen: 72176K->1408K(71680K)] 434620K->363852K(735744K), 0.0023457 secs] [Times: user=0.01 sys=0.00, real=0.01 secs] 
2364.133: [GC (Allocation Failure) [PSYoungGen: 71552K->1376K(71168K)] 433996K->363820K(735232K), 0.0028589 secs] [Times: user=0.02 sys=0.00, real=0.00 secs] 
2364.740: [GC (Allocation Failure) [PSYoungGen: 71008K->1344K(70656K)] 433452K->363804K(734720K), 0.0023756 secs] [Times: user=0.01 sys=0.00, real=0.00 secs] 
2365.519: [GC (Allocation Failure) [PSYoungGen: 70464K->1376K(70144K)] 432924K->363836K(734208K), 0.0030446 secs] [Times: user=0.01 sys=0.00, real=0.00 secs] 
2365.960: [GC (Allocation Failure) [PSYoungGen: 69984K->1501K(69632K)] 432444K->363961K(733696K), 0.0021070 secs] [Times: user=0.01 sys=0.00, real=0.00 secs] 
2366.120: [GC (Allocation Failure) [PSYoungGen: 69597K->1504K(69120K)] 432057K->363996K(733184K), 0.0017944 secs] [Times: user=0.01 sys=0.00, real=0.00 secs] 
2366.267: [GC (Allocation Failure) [PSYoungGen: 69088K->1533K(68608K)] 431580K->364033K(732672K), 0.0019361 secs] [Times: user=0.01 sys=0.00, real=0.00 secs] 
2366.385: [GC (Allocation Failure) [PSYoungGen: 68605K->1437K(69120K)] 431105K->363937K(733184K), 0.0021966 secs] [Times: user=0.01 sys=0.00, real=0.01 secs] 
2367.089: [GC (Allocation Failure) [PSYoungGen: 69021K->1376K(68608K)] 431521K->363876K(732672K), 0.0029788 secs] [Times: user=0.01 sys=0.00, real=0.00 secs] 
2367.693: [GC (Allocation Failure) [PSYoungGen: 68448K->1408K(68096K)] 430948K->363908K(732160K), 0.0022512 secs] [Times: user=0.01 sys=0.00, real=0.00 secs] 
2367.999: [GC (Allocation Failure) [PSYoungGen: 67968K->1408K(67584K)] 430468K->363908K(731648K), 0.0022009 secs] [Times: user=0.01 sys=0.00, real=0.00 secs] 
2368.349: [GC (Allocation Failure) [PSYoungGen: 67456K->1408K(68096K)] 429956K->363908K(732160K), 0.0019041 secs] [Times: user=0.01 sys=0.00, real=0.00 secs] 
2368.677: [GC (Allocation Failure) [PSYoungGen: 67456K->1472K(68096K)] 429956K->363972K(732160K), 0.0017634 secs] [Times: user=0.01 sys=0.00, real=0.00 secs] 
2368.812: [GC (Allocation Failure) [PSYoungGen: 67520K->1565K(68096K)] 430020K->364065K(732160K), 0.0019618 secs] [Times: user=0.01 sys=0.00, real=0.00 secs] 
2368.963: [GC (Allocation Failure) [PSYoungGen: 67613K->1536K(68096K)] 430113K->364036K(732160K), 0.0017845 secs] [Times: user=0.00 sys=0.00, real=0.00 secs] 
2369.080: [GC (Allocation Failure) [PSYoungGen: 67584K->1501K(68096K)] 430084K->364017K(732160K), 0.0018646 secs] [Times: user=0.01 sys=0.00, real=0.00 secs] 
2369.743: [GC (Allocation Failure) [PSYoungGen: 67549K->1424K(68096K)] 430065K->363940K(732160K), 0.0033518 secs] [Times: user=0.01 sys=0.00, real=0.00 secs] 
2370.322: [GC (Allocation Failure) [PSYoungGen: 67472K->1440K(68096K)] 429988K->363956K(732160K), 0.0026401 secs] [Times: user=0.01 sys=0.00, real=0.00 secs] 
2370.938: [GC (Allocation Failure) [PSYoungGen: 67488K->1392K(68096K)] 430004K->363908K(732160K), 0.0028262 secs] [Times: user=0.01 sys=0.00, real=0.00 secs] 
2371.470: [GC (Allocation Failure) [PSYoungGen: 67440K->1376K(68096K)] 429956K->363892K(732160K), 0.0027143 secs] [Times: user=0.01 sys=0.00, real=0.00 secs] 
2372.047: [GC (Allocation Failure) [PSYoungGen: 67424K->1533K(68096K)] 429940K->364049K(732160K), 0.0021466 secs] [Times: user=0.01 sys=0.00, real=0.00 secs] 
2372.193: [GC (Allocation Failure) [PSYoungGen: 67581K->1501K(68096K)] 430097K->364017K(732160K), 0.0017216 secs] [Times: user=0.01 sys=0.00, real=0.00 secs] 
2372.312: [GC (Allocation Failure) [PSYoungGen: 67549K->1501K(68096K)] 430065K->364017K(732160K), 0.0016631 secs] [Times: user=0.01 sys=0.00, real=0.00 secs] 
2372.446: [GC (Allocation Failure) [PSYoungGen: 67549K->1504K(68096K)] 430065K->364028K(732160K), 0.0019839 secs] [Times: user=0.01 sys=0.00, real=0.01 secs] 
2372.923: [GC (Allocation Failure) [PSYoungGen: 67552K->1424K(68096K)] 430076K->363972K(732160K), 0.0022897 secs] [Times: user=0.01 sys=0.00, real=0.00 secs] 
2373.198: [GC (Allocation Failure) [PSYoungGen: 67472K->1408K(68096K)] 430020K->363956K(732160K), 0.0021035 secs] [Times: user=0.01 sys=0.00, real=0.00 secs] 
2373.473: [GC (Allocation Failure) [PSYoungGen: 67456K->1376K(68096K)] 430004K->363924K(732160K), 0.0020364 secs] [Times: user=0.01 sys=0.00, real=0.00 secs] 
2373.747: [GC (Allocation Failure) [PSYoungGen: 67424K->1408K(68096K)] 429972K->363956K(732160K), 0.0019072 secs] [Times: user=0.01 sys=0.00, real=0.00 secs] 
2374.008: [GC (Allocation Failure) [PSYoungGen: 67456K->1533K(68096K)] 430004K->364081K(732160K), 0.0016605 secs] [Times: user=0.01 sys=0.00, real=0.00 secs] 
2374.124: [GC (Allocation Failure) [PSYoungGen: 67581K->1533K(68096K)] 430129K->364081K(732160K), 0.0017679 secs] [Times: user=0.01 sys=0.00, real=0.00 secs] 
2374.241: [GC (Allocation Failure) [PSYoungGen: 67581K->1453K(68096K)] 430129K->364001K(732160K), 0.0017135 secs] [Times: user=0.01 sys=0.00, real=0.00 secs] 
2374.357: [GC (Allocation Failure) [PSYoungGen: 67501K->1501K(75264K)] 430049K->364073K(739328K), 0.0017331 secs] [Times: user=0.01 sys=0.00, real=0.00 secs] 
2374.674: [GC (Allocation Failure) [PSYoungGen: 74717K->1456K(75264K)] 437289K->364028K(739328K), 0.0021357 secs] [Times: user=0.00 sys=0.01, real=0.00 secs] 
2374.978: [GC (Allocation Failure) [PSYoungGen: 74672K->1376K(74240K)] 437244K->363948K(738304K), 0.0019263 secs] [Times: user=0.00 sys=0.00, real=0.00 secs] 
2375.281: [GC (Allocation Failure) [PSYoungGen: 74080K->1376K(73728K)] 436652K->363956K(737792K), 0.0021042 secs] [Times: user=0.01 sys=0.00, real=0.00 secs] 
2375.581: [GC (Allocation Failure) [PSYoungGen: 73568K->1408K(73216K)] 436148K->363988K(737280K), 0.0019777 secs] [Times: user=0.00 sys=0.00, real=0.00 secs] 
2375.861: [GC (Allocation Failure) [PSYoungGen: 73088K->1501K(72704K)] 435668K->364081K(736768K), 0.0016009 secs] [Times: user=0.01 sys=0.00, real=0.00 secs] 
2375.986: [GC (Allocation Failure) [PSYoungGen: 72669K->1504K(72192K)] 435249K->364116K(736256K), 0.0016220 secs] [Times: user=0.01 sys=0.00, real=0.01 secs] 
2376.111: [GC (Allocation Failure) [PSYoungGen: 72160K->1485K(71680K)] 434772K->364113K(735744K), 0.0017132 secs] [Times: user=0.01 sys=0.00, real=0.00 secs] 
2376.235: [GC (Allocation Failure) [PSYoungGen: 71629K->224K(79360K)] 434257K->362852K(743424K), 0.0014697 secs] [Times: user=0.01 sys=0.00, real=0.00 secs] 
2377.557: [GC (Allocation Failure) [PSYoungGen: 78048K->1392K(78848K)] 440676K->364020K(742912K), 0.0024495 secs] [Times: user=0.01 sys=0.00, real=0.01 secs] 
2378.293: [GC (Allocation Failure) [PSYoungGen: 78704K->1408K(78336K)] 441332K->364044K(742400K), 0.0023853 secs] [Times: user=0.01 sys=0.00, real=0.00 secs] 
2378.825: [GC (Allocation Failure) [PSYoungGen: 78208K->1376K(77824K)] 440844K->364012K(741888K), 0.0024658 secs] [Times: user=0.01 sys=0.00, real=0.01 secs] 
2379.674: [GC (Allocation Failure) [PSYoungGen: 77664K->1485K(77312K)] 440300K->364121K(741376K), 0.0030867 secs] [Times: user=0.01 sys=0.00, real=0.01 secs] 
2379.860: [GC (Allocation Failure) [PSYoungGen: 77261K->1501K(76800K)] 439897K->364137K(740864K), 0.0018572 secs] [Times: user=0.00 sys=0.00, real=0.00 secs] 
2379.991: [GC (Allocation Failure) [PSYoungGen: 76765K->1568K(76800K)] 439401K->364204K(740864K), 0.0018030 secs] [Times: user=0.01 sys=0.00, real=0.00 secs] 
2380.122: [GC (Allocation Failure) [PSYoungGen: 76320K->1533K(75776K)] 438956K->364169K(739840K), 0.0019011 secs] [Times: user=0.00 sys=0.00, real=0.00 secs] 
2380.743: [GC (Allocation Failure) [PSYoungGen: 75773K->1440K(75264K)] 438409K->364084K(739328K), 0.0021739 secs] [Times: user=0.01 sys=0.00, real=0.00 secs] 
2381.254: [GC (Allocation Failure) [PSYoungGen: 75168K->1440K(74752K)] 437812K->364084K(738816K), 0.0022946 secs] [Times: user=0.01 sys=0.00, real=0.00 secs] 
2381.726: [GC (Allocation Failure) [PSYoungGen: 74656K->1408K(74240K)] 437300K->364052K(738304K), 0.0021029 secs] [Times: user=0.01 sys=0.00, real=0.01 secs] 
2382.308: [GC (Allocation Failure) [PSYoungGen: 74112K->1453K(73728K)] 436756K->364097K(737792K), 0.0023652 secs] [Times: user=0.01 sys=0.00, real=0.00 secs] 
2382.466: [GC (Allocation Failure) [PSYoungGen: 73645K->1533K(73216K)] 436289K->364209K(737280K), 0.0017037 secs] [Times: user=0.01 sys=0.00, real=0.01 secs] 
2382.593: [GC (Allocation Failure) [PSYoungGen: 73213K->1533K(72704K)] 435889K->364209K(736768K), 0.0018005 secs] [Times: user=0.01 sys=0.00, real=0.00 secs] 
2382.718: [GC (Allocation Failure) [PSYoungGen: 72701K->1533K(72192K)] 435377K->364209K(736256K), 0.0016879 secs] [Times: user=0.01 sys=0.00, real=0.00 secs] 
2383.227: [GC (Allocation Failure) [PSYoungGen: 72189K->1440K(71680K)] 434865K->364116K(735744K), 0.0026153 secs] [Times: user=0.01 sys=0.00, real=0.01 secs] 
2383.942: [GC (Allocation Failure) [PSYoungGen: 71584K->1424K(71168K)] 434260K->364132K(735232K), 0.0031968 secs] [Times: user=0.02 sys=0.00, real=0.00 secs] 
2384.645: [GC (Allocation Failure) [PSYoungGen: 71056K->1376K(70656K)] 433764K->364092K(734720K), 0.0028268 secs] [Times: user=0.02 sys=0.00, real=0.01 secs] 
2385.227: [GC (Allocation Failure) [PSYoungGen: 70496K->1376K(70144K)] 433212K->364092K(734208K), 0.0028731 secs] [Times: user=0.02 sys=0.00, real=0.01 secs] 
2385.677: [GC (Allocation Failure) [PSYoungGen: 69984K->1405K(69632K)] 432700K->364121K(733696K), 0.0021825 secs] [Times: user=0.00 sys=0.00, real=0.00 secs] 
2385.803: [GC (Allocation Failure) [PSYoungGen: 69501K->1501K(69120K)] 432217K->364217K(733184K), 0.0017224 secs] [Times: user=0.01 sys=0.00, real=0.00 secs] 
2385.923: [GC (Allocation Failure) [PSYoungGen: 69085K->1533K(68608K)] 431801K->364249K(732672K), 0.0017211 secs] [Times: user=0.01 sys=0.00, real=0.00 secs] 
2386.042: [GC (Allocation Failure) [PSYoungGen: 68605K->1501K(69120K)] 431321K->364217K(733184K), 0.0017967 secs] [Times: user=0.00 sys=0.00, real=0.00 secs] 
2386.612: [GC (Allocation Failure) [PSYoungGen: 69085K->1376K(68608K)] 431801K->364092K(732672K), 0.0024479 secs] [Times: user=0.01 sys=0.00, real=0.00 secs] 
2387.187: [GC (Allocation Failure) [PSYoungGen: 68448K->1392K(68096K)] 431164K->364108K(732160K), 0.0042054 secs] [Times: user=0.02 sys=0.00, real=0.00 secs] 
2387.760: [GC (Allocation Failure) [PSYoungGen: 67952K->1376K(67584K)] 430668K->364092K(731648K), 0.0027678 secs] [Times: user=0.01 sys=0.00, real=0.00 secs] 
2388.265: [GC (Allocation Failure) [PSYoungGen: 67424K->1376K(68096K)] 430140K->364092K(732160K), 0.0021252 secs] [Times: user=0.01 sys=0.00, real=0.01 secs] 
2388.543: [GC (Allocation Failure) [PSYoungGen: 67424K->1485K(68096K)] 430140K->364201K(732160K), 0.0016714 secs] [Times: user=0.01 sys=0.00, real=0.00 secs] 
2388.659: [GC (Allocation Failure) [PSYoungGen: 67533K->1501K(68096K)] 430249K->364217K(732160K), 0.0016828 secs] [Times: user=0.00 sys=0.00, real=0.00 secs] 
2388.776: [GC (Allocation Failure) [PSYoungGen: 67549K->1501K(68096K)] 430265K->364217K(732160K), 0.0018402 secs] [Times: user=0.01 sys=0.00, real=0.01 secs] 
2388.908: [GC (Allocation Failure) [PSYoungGen: 67549K->1533K(75264K)] 430265K->364265K(739328K), 0.0017442 secs] [Times: user=0.01 sys=0.00, real=0.00 secs] 
2389.417: [GC (Allocation Failure) [PSYoungGen: 74749K->1424K(74240K)] 437481K->364156K(738304K), 0.0022576 secs] [Times: user=0.00 sys=0.00, real=0.00 secs] 
2390.235: [GC (Allocation Failure) [PSYoungGen: 74128K->1408K(73728K)] 436860K->364140K(737792K), 0.0038495 secs] [Times: user=0.01 sys=0.00, real=0.01 secs] 
2391.104: [GC (Allocation Failure) [PSYoungGen: 73600K->1440K(73216K)] 436332K->364172K(737280K), 0.0033817 secs] [Times: user=0.01 sys=0.01, real=0.01 secs] 
2391.899: [GC (Allocation Failure) [PSYoungGen: 73120K->1408K(72704K)] 435852K->364140K(736768K), 0.0033997 secs] [Times: user=0.01 sys=0.00, real=0.00 secs] 
2392.364: [GC (Allocation Failure) [PSYoungGen: 72576K->1469K(72192K)] 435308K->364201K(736256K), 0.0021664 secs] [Times: user=0.01 sys=0.00, real=0.00 secs] 
2392.553: [GC (Allocation Failure) [PSYoungGen: 72125K->1517K(71680K)] 434857K->364249K(735744K), 0.0021126 secs] [Times: user=0.01 sys=0.00, real=0.00 secs] 
2392.731: [GC (Allocation Failure) [PSYoungGen: 71641K->1485K(71168K)] 434373K->364217K(735232K), 0.0023210 secs] [Times: user=0.01 sys=0.00, real=0.00 secs] 
2392.898: [GC (Allocation Failure) [PSYoungGen: 71117K->1408K(70656K)] 433849K->364140K(734720K), 0.0016527 secs] [Times: user=0.00 sys=0.00, real=0.00 secs] 
2394.194: [GC (Allocation Failure) [PSYoungGen: 70528K->1376K(70144K)] 433260K->364108K(734208K), 0.0041086 secs] [Times: user=0.02 sys=0.00, real=0.01 secs] 
2394.925: [GC (Allocation Failure) [PSYoungGen: 69984K->1376K(69632K)] 432716K->364132K(733696K), 0.0025228 secs] [Times: user=0.01 sys=0.00, real=0.01 secs] 
2395.696: [GC (Allocation Failure) [PSYoungGen: 69472K->1344K(69120K)] 432228K->364100K(733184K), 0.0025317 secs] [Times: user=0.01 sys=0.00, real=0.01 secs] 
2396.437: [GC (Allocation Failure) [PSYoungGen: 68928K->1408K(68608K)] 431684K->364164K(732672K), 0.0028240 secs] [Times: user=0.01 sys=0.00, real=0.00 secs] 
2396.703: [GC (Allocation Failure) [PSYoungGen: 68480K->1437K(68096K)] 431236K->364193K(732160K), 0.0017549 secs] [Times: user=0.00 sys=0.00, real=0.00 secs] 
2396.819: [GC (Allocation Failure) [PSYoungGen: 67997K->1453K(67584K)] 430753K->364209K(731648K), 0.0017975 secs] [Times: user=0.00 sys=0.00, real=0.00 secs] 
2396.953: [GC (Allocation Failure) [PSYoungGen: 67501K->1501K(68096K)] 430257K->364257K(732160K), 0.0019642 secs] [Times: user=0.01 sys=0.00, real=0.00 secs] 
2397.099: [GC (Allocation Failure) [PSYoungGen: 67549K->1472K(68096K)] 430305K->364228K(732160K), 0.0019085 secs] [Times: user=0.01 sys=0.00, real=0.00 secs] 
2397.896: [GC (Allocation Failure) [PSYoungGen: 67520K->1408K(68096K)] 430276K->364164K(732160K), 0.0026273 secs] [Times: user=0.01 sys=0.00, real=0.01 secs] 
2398.555: [GC (Allocation Failure) [PSYoungGen: 67456K->1440K(68096K)] 430212K->364196K(732160K), 0.0028580 secs] [Times: user=0.02 sys=0.00, real=0.01 secs] 
2399.394: [GC (Allocation Failure) [PSYoungGen: 67488K->1408K(68096K)] 430244K->364164K(732160K), 0.0033775 secs] [Times: user=0.02 sys=0.00, real=0.01 secs] 
2400.363: [GC (Allocation Failure) [PSYoungGen: 67456K->1440K(68096K)] 430212K->364196K(732160K), 0.0031180 secs] [Times: user=0.01 sys=0.00, real=0.00 secs] 
2401.003: [GC (Allocation Failure) [PSYoungGen: 67488K->1533K(68096K)] 430244K->364289K(732160K), 0.0020503 secs] [Times: user=0.01 sys=0.00, real=0.00 secs] 
2401.141: [GC (Allocation Failure) [PSYoungGen: 67554K->1469K(68096K)] 430310K->364225K(732160K), 0.0018103 secs] [Times: user=0.01 sys=0.00, real=0.00 secs] 
2401.258: [GC (Allocation Failure) [PSYoungGen: 67517K->1501K(68096K)] 430273K->364265K(732160K), 0.0017792 secs] [Times: user=0.01 sys=0.00, real=0.00 secs] 
2401.373: [GC (Allocation Failure) [PSYoungGen: 67549K->1501K(68096K)] 430313K->364265K(732160K), 0.0017805 secs] [Times: user=0.01 sys=0.00, real=0.00 secs] 
2402.522: [GC (Allocation Failure) [PSYoungGen: 67549K->1440K(68096K)] 430313K->364204K(732160K), 0.0025287 secs] [Times: user=0.01 sys=0.00, real=0.00 secs] 
2403.149: [GC (Allocation Failure) [PSYoungGen: 67488K->1424K(68096K)] 430252K->364188K(732160K), 0.0019620 secs] [Times: user=0.00 sys=0.00, real=0.00 secs] 
2403.786: [GC (Allocation Failure) [PSYoungGen: 67472K->1440K(68096K)] 430236K->364204K(732160K), 0.0022681 secs] [Times: user=0.01 sys=0.00, real=0.01 secs] 
2404.352: [GC (Allocation Failure) [PSYoungGen: 67488K->1440K(68096K)] 430252K->364204K(732160K), 0.0029253 secs] [Times: user=0.01 sys=0.00, real=0.00 secs] 
2404.994: [GC (Allocation Failure) [PSYoungGen: 67488K->1469K(68096K)] 430252K->364233K(732160K), 0.0021941 secs] [Times: user=0.01 sys=0.00, real=0.00 secs] 
2405.183: [GC (Allocation Failure) [PSYoungGen: 67517K->1533K(68096K)] 430281K->364297K(732160K), 0.0020665 secs] [Times: user=0.01 sys=0.00, real=0.00 secs] 
2405.335: [GC (Allocation Failure) [PSYoungGen: 67559K->1501K(68096K)] 430323K->364273K(732160K), 0.0018134 secs] [Times: user=0.01 sys=0.00, real=0.00 secs] 
2405.450: [GC (Allocation Failure) [PSYoungGen: 67549K->1501K(68096K)] 430321K->364289K(732160K), 0.0018390 secs] [Times: user=0.00 sys=0.00, real=0.00 secs] 
2405.949: [GC (Allocation Failure) [PSYoungGen: 67549K->1440K(68096K)] 430337K->364228K(732160K), 0.0034101 secs] [Times: user=0.02 sys=0.00, real=0.00 secs] 
2406.606: [GC (Allocation Failure) [PSYoungGen: 67488K->1408K(68096K)] 430276K->364196K(732160K), 0.0034620 secs] [Times: user=0.02 sys=0.00, real=0.01 secs] 
2407.228: [GC (Allocation Failure) [PSYoungGen: 67456K->1376K(68096K)] 430244K->364164K(732160K), 0.0029072 secs] [Times: user=0.01 sys=0.00, real=0.00 secs] 
2407.907: [GC (Allocation Failure) [PSYoungGen: 67424K->1408K(68096K)] 430212K->364196K(732160K), 0.0033621 secs] [Times: user=0.02 sys=0.00, real=0.01 secs] 
2408.701: [GC (Allocation Failure) [PSYoungGen: 67456K->1469K(68096K)] 430244K->364257K(732160K), 0.0027191 secs] [Times: user=0.01 sys=0.00, real=0.00 secs] 
2408.857: [GC (Allocation Failure) [PSYoungGen: 67517K->1453K(68096K)] 430305K->364241K(732160K), 0.0017794 secs] [Times: user=0.00 sys=0.00, real=0.01 secs] 
2408.973: [GC (Allocation Failure) [PSYoungGen: 67501K->1565K(68096K)] 430289K->364353K(732160K), 0.0018243 secs] [Times: user=0.01 sys=0.00, real=0.00 secs] 
2409.089: [GC (Allocation Failure) [PSYoungGen: 67613K->1472K(68096K)] 430401K->364268K(732160K), 0.0018151 secs] [Times: user=0.01 sys=0.00, real=0.00 secs] 
2410.235: [GC (Allocation Failure) [PSYoungGen: 67520K->1424K(68096K)] 430316K->364220K(732160K), 0.0024563 secs] [Times: user=0.01 sys=0.00, real=0.01 secs] 
2411.241: [GC (Allocation Failure) [PSYoungGen: 67472K->1376K(68096K)] 430268K->364172K(732160K), 0.0032287 secs] [Times: user=0.02 sys=0.01, real=0.00 secs] 
2412.156: [GC (Allocation Failure) [PSYoungGen: 67424K->1408K(68096K)] 430220K->364204K(732160K), 0.0028131 secs] [Times: user=0.01 sys=0.00, real=0.01 secs] 
2413.018: [GC (Allocation Failure) [PSYoungGen: 67456K->1392K(68096K)] 430252K->364188K(732160K), 0.0023656 secs] [Times: user=0.01 sys=0.00, real=0.00 secs] 
2414.224: [GC (Allocation Failure) [PSYoungGen: 67440K->1517K(68096K)] 430236K->364313K(732160K), 0.0026156 secs] [Times: user=0.01 sys=0.00, real=0.00 secs] 
2414.387: [GC (Allocation Failure) [PSYoungGen: 67565K->1453K(68096K)] 430361K->364249K(732160K), 0.0017957 secs] [Times: user=0.01 sys=0.00, real=0.00 secs] 
2414.503: [GC (Allocation Failure) [PSYoungGen: 67501K->1533K(68096K)] 430297K->364329K(732160K), 0.0018069 secs] [Times: user=0.01 sys=0.00, real=0.00 secs] 
2414.621: [GC (Allocation Failure) [PSYoungGen: 67581K->1501K(68096K)] 430377K->364313K(732160K), 0.0017820 secs] [Times: user=0.01 sys=0.00, real=0.00 secs] 
2415.395: [GC (Allocation Failure) [PSYoungGen: 67549K->1456K(68096K)] 430361K->364268K(732160K), 0.0025692 secs] [Times: user=0.01 sys=0.01, real=0.01 secs] 
2415.920: [GC (Allocation Failure) [PSYoungGen: 67504K->1408K(68096K)] 430316K->364220K(732160K), 0.0022188 secs] [Times: user=0.01 sys=0.00, real=0.00 secs] 
2416.455: [GC (Allocation Failure) [PSYoungGen: 67456K->1376K(68096K)] 430268K->364204K(732160K), 0.0033854 secs] [Times: user=0.01 sys=0.00, real=0.01 secs] 
2417.299: [GC (Allocation Failure) [PSYoungGen: 67424K->1440K(68096K)] 430252K->364268K(732160K), 0.0043496 secs] [Times: user=0.02 sys=0.00, real=0.00 secs] 
2417.931: [GC (Allocation Failure) [PSYoungGen: 67488K->1488K(68096K)] 430316K->364316K(732160K), 0.0026082 secs] [Times: user=0.01 sys=0.00, real=0.00 secs] 
2418.137: [GC (Allocation Failure) [PSYoungGen: 67536K->1501K(68096K)] 430364K->364329K(732160K), 0.0020203 secs] [Times: user=0.01 sys=0.00, real=0.00 secs] 
2418.271: [GC (Allocation Failure) [PSYoungGen: 67549K->1485K(68096K)] 430377K->364313K(732160K), 0.0017960 secs] [Times: user=0.01 sys=0.00, real=0.00 secs] 
2418.387: [GC (Allocation Failure) [PSYoungGen: 67533K->1565K(68096K)] 430361K->364409K(732160K), 0.0018202 secs] [Times: user=0.01 sys=0.00, real=0.01 secs] 
2419.238: [GC (Allocation Failure) [PSYoungGen: 67613K->1472K(68096K)] 430457K->364316K(732160K), 0.0039780 secs] [Times: user=0.02 sys=0.00, real=0.00 secs] 
2419.810: [GC (Allocation Failure) [PSYoungGen: 67520K->1392K(68096K)] 430364K->364236K(732160K), 0.0028805 secs] [Times: user=0.01 sys=0.00, real=0.00 secs] 
2420.388: [GC (Allocation Failure) [PSYoungGen: 67440K->1408K(68096K)] 430284K->364252K(732160K), 0.0028241 secs] [Times: user=0.01 sys=0.00, real=0.00 secs] 
2421.098: [GC (Allocation Failure) [PSYoungGen: 67456K->1408K(68096K)] 430300K->364252K(732160K), 0.0029471 secs] [Times: user=0.01 sys=0.00, real=0.00 secs] 
2421.583: [GC (Allocation Failure) [PSYoungGen: 67456K->1408K(68096K)] 430300K->364252K(732160K), 0.0024197 secs] [Times: user=0.01 sys=0.00, real=0.00 secs] 
2421.754: [GC (Allocation Failure) [PSYoungGen: 67456K->1469K(68096K)] 430300K->364313K(732160K), 0.0016999 secs] [Times: user=0.00 sys=0.00, real=0.00 secs] 
2421.870: [GC (Allocation Failure) [PSYoungGen: 67485K->1501K(68096K)] 430329K->364345K(732160K), 0.0016962 secs] [Times: user=0.00 sys=0.00, real=0.00 secs] 
2421.986: [GC (Allocation Failure) [PSYoungGen: 67549K->1533K(68096K)] 430393K->364393K(732160K), 0.0016178 secs] [Times: user=0.01 sys=0.00, real=0.01 secs] 
2422.217: [GC (Allocation Failure) [PSYoungGen: 67581K->1728K(68096K)] 430441K->364588K(732160K), 0.0020863 secs] [Times: user=0.01 sys=0.00, real=0.00 secs] 
2423.234: [GC (Allocation Failure) [PSYoungGen: 67776K->1392K(68096K)] 430636K->364252K(732160K), 0.0028527 secs] [Times: user=0.01 sys=0.00, real=0.00 secs] 
2424.204: [GC (Allocation Failure) [PSYoungGen: 67440K->1344K(68096K)] 430300K->364204K(732160K), 0.0023783 secs] [Times: user=0.01 sys=0.00, real=0.00 secs] 
2425.047: [GC (Allocation Failure) [PSYoungGen: 67392K->1408K(68096K)] 430252K->364292K(732160K), 0.0026395 secs] [Times: user=0.01 sys=0.00, real=0.00 secs] 
2425.594: [GC (Allocation Failure) [PSYoungGen: 67456K->1344K(68096K)] 430340K->364228K(732160K), 0.0021012 secs] [Times: user=0.01 sys=0.00, real=0.00 secs] 
2425.864: [GC (Allocation Failure) [PSYoungGen: 67392K->1469K(68096K)] 430276K->364353K(732160K), 0.0017819 secs] [Times: user=0.01 sys=0.00, real=0.00 secs] 
2425.980: [GC (Allocation Failure) [PSYoungGen: 67517K->1504K(68096K)] 430401K->364388K(732160K), 0.0017129 secs] [Times: user=0.00 sys=0.00, real=0.00 secs] 
2426.096: [GC (Allocation Failure) [PSYoungGen: 67552K->1485K(68096K)] 430436K->364385K(732160K), 0.0017511 secs] [Times: user=0.01 sys=0.00, real=0.01 secs] 
2426.213: [GC (Allocation Failure) [PSYoungGen: 67533K->1472K(68096K)] 430433K->364372K(732160K), 0.0017019 secs] [Times: user=0.01 sys=0.00, real=0.00 secs] 
2426.900: [GC (Allocation Failure) [PSYoungGen: 67520K->1408K(67584K)] 430420K->364308K(731648K), 0.0024900 secs] [Times: user=0.01 sys=0.00, real=0.00 secs] 
2427.497: [GC (Allocation Failure) [PSYoungGen: 67456K->1376K(67584K)] 430356K->364276K(731648K), 0.0028542 secs] [Times: user=0.01 sys=0.00, real=0.00 secs] 
2428.118: [GC (Allocation Failure) [PSYoungGen: 67424K->1376K(67584K)] 430324K->364276K(731648K), 0.0025314 secs] [Times: user=0.01 sys=0.01, real=0.00 secs] 
2428.579: [GC (Allocation Failure) [PSYoungGen: 67424K->1360K(67584K)] 430324K->364260K(731648K), 0.0022163 secs] [Times: user=0.01 sys=0.00, real=0.00 secs] 
2428.823: [GC (Allocation Failure) [PSYoungGen: 67408K->1501K(67584K)] 430308K->364401K(731648K), 0.0016504 secs] [Times: user=0.01 sys=0.00, real=0.00 secs] 
2428.939: [GC (Allocation Failure) [PSYoungGen: 67549K->1536K(68096K)] 430449K->364436K(732160K), 0.0016601 secs] [Times: user=0.01 sys=0.00, real=0.00 secs] 
2429.056: [GC (Allocation Failure) [PSYoungGen: 67584K->512K(67072K)] 430484K->364452K(731136K), 0.0015393 secs] [Times: user=0.00 sys=0.00, real=0.01 secs] 
2429.190: [GC (Allocation Failure) [PSYoungGen: 66560K->496K(71680K)] 430500K->364436K(735744K), 0.0026017 secs] [Times: user=0.01 sys=0.00, real=0.00 secs] 
2430.574: [GC (Allocation Failure) [PSYoungGen: 70128K->1408K(70656K)] 434068K->365348K(734720K), 0.0028607 secs] [Times: user=0.01 sys=0.00, real=0.01 secs] 
2431.207: [GC (Allocation Failure) [PSYoungGen: 70528K->1408K(70144K)] 434468K->365348K(734208K), 0.0034233 secs] [Times: user=0.01 sys=0.00, real=0.01 secs] 
2431.986: [GC (Allocation Failure) [PSYoungGen: 70016K->1376K(69632K)] 433956K->365316K(733696K), 0.0028241 secs] [Times: user=0.01 sys=0.00, real=0.01 secs] 
2432.561: [GC (Allocation Failure) [PSYoungGen: 69472K->1392K(69120K)] 433412K->365332K(733184K), 0.0030080 secs] [Times: user=0.02 sys=0.00, real=0.00 secs] 
2432.887: [GC (Allocation Failure) [PSYoungGen: 68976K->1517K(68608K)] 432916K->365473K(732672K), 0.0018963 secs] [Times: user=0.00 sys=0.00, real=0.00 secs] 
2433.013: [GC (Allocation Failure) [PSYoungGen: 68580K->1533K(68096K)] 432536K->365489K(732160K), 0.0017902 secs] [Times: user=0.01 sys=0.00, real=0.00 secs] 
2433.129: [GC (Allocation Failure) [PSYoungGen: 68093K->1504K(67584K)] 432049K->365460K(731648K), 0.0016813 secs] [Times: user=0.00 sys=0.00, real=0.00 secs] 
2433.247: [GC (Allocation Failure) [PSYoungGen: 67552K->1469K(72192K)] 431508K->365433K(736256K), 0.0017809 secs] [Times: user=0.01 sys=0.00, real=0.01 secs] 
2433.923: [GC (Allocation Failure) [PSYoungGen: 71613K->1392K(71168K)] 435577K->365372K(735232K), 0.0020861 secs] [Times: user=0.01 sys=0.00, real=0.00 secs] 
2434.746: [GC (Allocation Failure) [PSYoungGen: 71024K->1408K(70656K)] 435004K->365388K(734720K), 0.0036270 secs] [Times: user=0.01 sys=0.00, real=0.01 secs] 
2435.361: [GC (Allocation Failure) [PSYoungGen: 70528K->1360K(70144K)] 434508K->365340K(734208K), 0.0031058 secs] [Times: user=0.01 sys=0.00, real=0.00 secs] 
2436.075: [GC (Allocation Failure) [PSYoungGen: 69968K->1312K(69632K)] 433948K->365292K(733696K), 0.0030371 secs] [Times: user=0.01 sys=0.01, real=0.01 secs] 
2436.534: [GC (Allocation Failure) [PSYoungGen: 69408K->1485K(69120K)] 433388K->365465K(733184K), 0.0023658 secs] [Times: user=0.01 sys=0.00, real=0.00 secs] 
2436.716: [GC (Allocation Failure) [PSYoungGen: 69069K->1501K(68608K)] 433049K->365481K(732672K), 0.0024396 secs] [Times: user=0.01 sys=0.00, real=0.01 secs] 
2436.891: [GC (Allocation Failure) [PSYoungGen: 68568K->1472K(68096K)] 432548K->365452K(732160K), 0.0023170 secs] [Times: user=0.01 sys=0.01, real=0.00 secs] 
2437.043: [GC (Allocation Failure) [PSYoungGen: 68032K->1453K(67584K)] 432012K->365449K(731648K), 0.0018527 secs] [Times: user=0.01 sys=0.00, real=0.00 secs] 
2437.485: [GC (Allocation Failure) [PSYoungGen: 67501K->1424K(67584K)] 431497K->365420K(731648K), 0.0024619 secs] [Times: user=0.01 sys=0.00, real=0.01 secs] 
2438.046: [GC (Allocation Failure) [PSYoungGen: 67472K->1408K(67584K)] 431468K->365412K(731648K), 0.0024334 secs] [Times: user=0.01 sys=0.00, real=0.01 secs] 
2438.555: [GC (Allocation Failure) [PSYoungGen: 67456K->1376K(67584K)] 431460K->365380K(731648K), 0.0028220 secs] [Times: user=0.01 sys=0.01, real=0.01 secs] 
2439.139: [GC (Allocation Failure) [PSYoungGen: 67424K->1376K(67584K)] 431428K->365380K(731648K), 0.0032067 secs] [Times: user=0.01 sys=0.00, real=0.00 secs] 
2439.584: [GC (Allocation Failure) [PSYoungGen: 67424K->1453K(67584K)] 431428K->365457K(731648K), 0.0034691 secs] [Times: user=0.01 sys=0.00, real=0.01 secs] 
2439.724: [GC (Allocation Failure) [PSYoungGen: 67474K->1469K(67584K)] 431478K->365473K(731648K), 0.0019086 secs] [Times: user=0.01 sys=0.00, real=0.00 secs] 
2439.842: [GC (Allocation Failure) [PSYoungGen: 67517K->1501K(68096K)] 431521K->365505K(732160K), 0.0016938 secs] [Times: user=0.01 sys=0.00, real=0.00 secs] 
2439.960: [GC (Allocation Failure) [PSYoungGen: 67549K->1501K(68096K)] 431553K->365513K(732160K), 0.0017387 secs] [Times: user=0.00 sys=0.00, real=0.00 secs] 
2440.329: [GC (Allocation Failure) [PSYoungGen: 67549K->1440K(67584K)] 431561K->365452K(731648K), 0.0021160 secs] [Times: user=0.00 sys=0.00, real=0.00 secs] 
2440.654: [GC (Allocation Failure) [PSYoungGen: 67488K->1376K(67584K)] 431500K->365388K(731648K), 0.0022784 secs] [Times: user=0.01 sys=0.00, real=0.00 secs] 
2440.929: [GC (Allocation Failure) [PSYoungGen: 67424K->1376K(67584K)] 431436K->365388K(731648K), 0.0020318 secs] [Times: user=0.01 sys=0.00, real=0.00 secs] 
2441.203: [GC (Allocation Failure) [PSYoungGen: 67424K->1408K(67584K)] 431436K->365420K(731648K), 0.0022078 secs] [Times: user=0.00 sys=0.00, real=0.00 secs] 
2441.440: [GC (Allocation Failure) [PSYoungGen: 67456K->1501K(67584K)] 431468K->365513K(731648K), 0.0017217 secs] [Times: user=0.01 sys=0.00, real=0.00 secs] 
2441.556: [GC (Allocation Failure) [PSYoungGen: 67549K->1533K(67584K)] 431561K->365545K(731648K), 0.0016412 secs] [Times: user=0.01 sys=0.00, real=0.01 secs] 
2441.673: [GC (Allocation Failure) [PSYoungGen: 67581K->1472K(71680K)] 431593K->365484K(735744K), 0.0017492 secs] [Times: user=0.01 sys=0.00, real=0.00 secs] 
2441.796: [GC (Allocation Failure) [PSYoungGen: 71616K->1533K(72192K)] 435628K->365553K(736256K), 0.0017400 secs] [Times: user=0.01 sys=0.00, real=0.01 secs] 
2442.126: [GC (Allocation Failure) [PSYoungGen: 71677K->1408K(79872K)] 435697K->365460K(743936K), 0.0019273 secs] [Times: user=0.01 sys=0.00, real=0.01 secs] 
2442.461: [GC (Allocation Failure) [PSYoungGen: 79232K->1408K(78848K)] 443284K->365460K(742912K), 0.0021410 secs] [Times: user=0.01 sys=0.00, real=0.00 secs] 
2442.783: [GC (Allocation Failure) [PSYoungGen: 78720K->1408K(78336K)] 442772K->365468K(742400K), 0.0021350 secs] [Times: user=0.01 sys=0.00, real=0.00 secs] 
2443.112: [GC (Allocation Failure) [PSYoungGen: 78208K->1408K(77824K)] 442268K->365468K(741888K), 0.0021734 secs] [Times: user=0.01 sys=0.00, real=0.00 secs] 
2443.292: [GC (Allocation Failure) [PSYoungGen: 77696K->1501K(77312K)] 441756K->365561K(741376K), 0.0018098 secs] [Times: user=0.01 sys=0.00, real=0.00 secs] 
2443.425: [GC (Allocation Failure) [PSYoungGen: 77277K->1501K(76800K)] 441337K->365561K(740864K), 0.0018060 secs] [Times: user=0.01 sys=0.00, real=0.01 secs] 
2443.559: [GC (Allocation Failure) [PSYoungGen: 76765K->1501K(77312K)] 440825K->365561K(741376K), 0.0017388 secs] [Times: user=0.01 sys=0.00, real=0.00 secs] 
2443.992: [GC (Allocation Failure) [PSYoungGen: 76765K->1456K(76288K)] 440825K->365516K(740352K), 0.0017766 secs] [Times: user=0.00 sys=0.00, real=0.00 secs] 
2444.626: [GC (Allocation Failure) [PSYoungGen: 76208K->1408K(75776K)] 440268K->365468K(739840K), 0.0033624 secs] [Times: user=0.01 sys=0.00, real=0.01 secs] 
2445.059: [GC (Allocation Failure) [PSYoungGen: 75648K->1392K(75264K)] 439708K->365452K(739328K), 0.0022729 secs] [Times: user=0.01 sys=0.00, real=0.00 secs] 
2445.366: [GC (Allocation Failure) [PSYoungGen: 75120K->1344K(74752K)] 439180K->365404K(738816K), 0.0022907 secs] [Times: user=0.01 sys=0.00, real=0.01 secs] 
2445.606: [GC (Allocation Failure) [PSYoungGen: 74560K->1437K(74240K)] 438620K->365497K(738304K), 0.0016966 secs] [Times: user=0.01 sys=0.00, real=0.01 secs] 
2445.734: [GC (Allocation Failure) [PSYoungGen: 74141K->1568K(74240K)] 438201K->365628K(738304K), 0.0017222 secs] [Times: user=0.01 sys=0.00, real=0.00 secs] 
2445.862: [GC (Allocation Failure) [PSYoungGen: 73760K->1501K(73216K)] 437820K->365561K(737280K), 0.0017641 secs] [Times: user=0.00 sys=0.00, real=0.00 secs] 
2446.486: [GC (Allocation Failure) [PSYoungGen: 73181K->1424K(72704K)] 437241K->365484K(736768K), 0.0030024 secs] [Times: user=0.01 sys=0.00, real=0.01 secs] 
2447.221: [GC (Allocation Failure) [PSYoungGen: 72592K->1408K(72192K)] 436652K->365476K(736256K), 0.0030334 secs] [Times: user=0.01 sys=0.00, real=0.00 secs] 
2448.126: [GC (Allocation Failure) [PSYoungGen: 72064K->1408K(71680K)] 436132K->365476K(735744K), 0.0028433 secs] [Times: user=0.01 sys=0.00, real=0.01 secs] 
2448.970: [GC (Allocation Failure) [PSYoungGen: 71552K->1424K(71168K)] 435620K->365492K(735232K), 0.0030197 secs] [Times: user=0.01 sys=0.00, real=0.00 secs] 
2449.572: [GC (Allocation Failure) [PSYoungGen: 71056K->1485K(70656K)] 435124K->365553K(734720K), 0.0024787 secs] [Times: user=0.01 sys=0.00, real=0.00 secs] 
2449.783: [GC (Allocation Failure) [PSYoungGen: 70605K->1517K(70144K)] 434673K->365593K(734208K), 0.0021562 secs] [Times: user=0.00 sys=0.00, real=0.00 secs] 
2449.920: [GC (Allocation Failure) [PSYoungGen: 70118K->1533K(69632K)] 434194K->365609K(733696K), 0.0017820 secs] [Times: user=0.01 sys=0.00, real=0.00 secs] 
2450.041: [GC (Allocation Failure) [PSYoungGen: 69629K->1565K(69632K)] 433705K->365641K(733696K), 0.0019248 secs] [Times: user=0.00 sys=0.00, real=0.00 secs] 
2450.518: [GC (Allocation Failure) [PSYoungGen: 69149K->400K(67584K)] 433225K->365500K(731648K), 0.0044978 secs] [Times: user=0.02 sys=0.00, real=0.00 secs] 
2451.206: [GC (Allocation Failure) [PSYoungGen: 67472K->384K(68608K)] 432572K->365484K(732672K), 0.0028462 secs] [Times: user=0.01 sys=0.00, real=0.01 secs] 
2451.768: [GC (Allocation Failure) [PSYoungGen: 66944K->352K(67072K)] 432044K->365452K(731136K), 0.0029804 secs] [Times: user=0.02 sys=0.00, real=0.00 secs] 
2452.611: [GC (Allocation Failure) [PSYoungGen: 66400K->384K(68096K)] 431500K->365484K(732160K), 0.0035704 secs] [Times: user=0.01 sys=0.00, real=0.00 secs] 
2453.326: [GC (Allocation Failure) [PSYoungGen: 66432K->1453K(68608K)] 431532K->366553K(732672K), 0.0028273 secs] [Times: user=0.02 sys=0.00, real=0.01 secs] 
2453.548: [GC (Allocation Failure) [PSYoungGen: 67501K->1501K(68608K)] 432601K->366601K(732672K), 0.0020767 secs] [Times: user=0.01 sys=0.00, real=0.00 secs] 
2453.685: [GC (Allocation Failure) [PSYoungGen: 67549K->1517K(68608K)] 432649K->366617K(732672K), 0.0017883 secs] [Times: user=0.01 sys=0.00, real=0.00 secs] 
2453.820: [GC (Allocation Failure) [PSYoungGen: 67565K->1533K(68608K)] 432665K->366641K(732672K), 0.0017697 secs] [Times: user=0.00 sys=0.00, real=0.00 secs] 
2454.020: [GC (Allocation Failure) [PSYoungGen: 67581K->1472K(68608K)] 432689K->366580K(732672K), 0.0025851 secs] [Times: user=0.01 sys=0.01, real=0.00 secs] 
2454.347: [GC (Allocation Failure) [PSYoungGen: 67520K->1344K(68608K)] 432628K->366460K(732672K), 0.0020698 secs] [Times: user=0.01 sys=0.00, real=0.00 secs] 
2454.729: [GC (Allocation Failure) [PSYoungGen: 67392K->1408K(68608K)] 432508K->366524K(732672K), 0.0019143 secs] [Times: user=0.01 sys=0.00, real=0.00 secs] 
2455.402: [GC (Allocation Failure) [PSYoungGen: 67456K->1376K(67584K)] 432572K->366492K(731648K), 0.0022453 secs] [Times: user=0.01 sys=0.00, real=0.00 secs] 
2456.203: [GC (Allocation Failure) [PSYoungGen: 67424K->1421K(68096K)] 432540K->366537K(732160K), 0.0025562 secs] [Times: user=0.01 sys=0.00, real=0.00 secs] 
2456.366: [GC (Allocation Failure) [PSYoungGen: 67469K->1504K(68096K)] 432585K->366620K(732160K), 0.0017142 secs] [Times: user=0.00 sys=0.00, real=0.01 secs] 
2456.482: [GC (Allocation Failure) [PSYoungGen: 67552K->1533K(68096K)] 432668K->366649K(732160K), 0.0017336 secs] [Times: user=0.00 sys=0.00, real=0.00 secs] 
2456.598: [GC (Allocation Failure) [PSYoungGen: 67581K->1501K(68096K)] 432697K->366625K(732160K), 0.0017493 secs] [Times: user=0.00 sys=0.00, real=0.00 secs] 
2456.815: [GC (Allocation Failure) [PSYoungGen: 67549K->1984K(74752K)] 432673K->367108K(738816K), 0.0329207 secs] [Times: user=0.00 sys=0.12, real=0.04 secs] 
2457.150: [GC (Allocation Failure) [PSYoungGen: 74688K->1376K(75264K)] 439812K->366500K(739328K), 0.0020443 secs] [Times: user=0.01 sys=0.00, real=0.00 secs] 
2457.452: [GC (Allocation Failure) [PSYoungGen: 74080K->1376K(84992K)] 439204K->366500K(749056K), 0.0019846 secs] [Times: user=0.00 sys=0.00, real=0.00 secs] 
2457.817: [GC (Allocation Failure) [PSYoungGen: 84832K->1408K(86016K)] 449956K->366532K(750080K), 0.0018450 secs] [Times: user=0.00 sys=0.00, real=0.00 secs] 
2458.168: [GC (Allocation Failure) [PSYoungGen: 84864K->1501K(95744K)] 449988K->366633K(759808K), 0.0016393 secs] [Times: user=0.01 sys=0.00, real=0.00 secs] 
2458.334: [GC (Allocation Failure) [PSYoungGen: 95709K->1533K(96768K)] 460841K->366665K(760832K), 0.0016991 secs] [Times: user=0.01 sys=0.00, real=0.00 secs] 
2458.500: [GC (Allocation Failure) [PSYoungGen: 96253K->1597K(108032K)] 461385K->366729K(772096K), 0.0016441 secs] [Times: user=0.00 sys=0.00, real=0.00 secs] 
2458.923: [GC (Allocation Failure) [PSYoungGen: 107581K->1440K(108032K)] 472713K->366572K(772096K), 0.0020680 secs] [Times: user=0.00 sys=0.00, real=0.00 secs] 
2459.372: [GC (Allocation Failure) [PSYoungGen: 107424K->1408K(106496K)] 472556K->366556K(770560K), 0.0019076 secs] [Times: user=0.00 sys=0.00, real=0.00 secs] 
2459.860: [GC (Allocation Failure) [PSYoungGen: 106368K->1501K(105472K)] 471516K->366649K(769536K), 0.0019973 secs] [Times: user=0.01 sys=0.00, real=0.00 secs] 
2460.060: [GC (Allocation Failure) [PSYoungGen: 105437K->1504K(104448K)] 470585K->366692K(768512K), 0.0016735 secs] [Times: user=0.01 sys=0.00, real=0.00 secs] 
2460.241: [GC (Allocation Failure) [PSYoungGen: 104416K->1568K(103936K)] 469604K->366788K(768000K), 0.0017349 secs] [Times: user=0.00 sys=0.00, real=0.00 secs] 
2460.884: [GC (Allocation Failure) [PSYoungGen: 103456K->416K(101376K)] 468676K->366660K(765440K), 0.0021809 secs] [Times: user=0.01 sys=0.00, real=0.00 secs] 
2461.858: [GC (Allocation Failure) [PSYoungGen: 101280K->352K(100352K)] 467524K->366596K(764416K), 0.0043639 secs] [Times: user=0.02 sys=0.00, real=0.00 secs] 
2463.111: [GC (Allocation Failure) [PSYoungGen: 100192K->352K(99328K)] 466436K->366596K(763392K), 0.0038586 secs] [Times: user=0.01 sys=0.01, real=0.00 secs] 
2463.635: [GC (Allocation Failure) [PSYoungGen: 99168K->1485K(100352K)] 465412K->367729K(764416K), 0.0018590 secs] [Times: user=0.01 sys=0.00, real=0.00 secs] 
2463.806: [GC (Allocation Failure) [PSYoungGen: 99277K->1565K(98816K)] 465521K->367809K(762880K), 0.0016979 secs] [Times: user=0.00 sys=0.00, real=0.01 secs] 
2464.104: [GC (Allocation Failure) [PSYoungGen: 98333K->1472K(97792K)] 464577K->367716K(761856K), 0.0021075 secs] [Times: user=0.01 sys=0.00, real=0.00 secs] 
2465.019: [GC (Allocation Failure) [PSYoungGen: 97728K->1376K(97280K)] 463972K->367620K(761344K), 0.0049897 secs] [Times: user=0.02 sys=0.00, real=0.00 secs] 
2465.691: [GC (Allocation Failure) [PSYoungGen: 97120K->1376K(96768K)] 463364K->367620K(760832K), 0.0028146 secs] [Times: user=0.01 sys=0.00, real=0.00 secs] 
2466.081: [GC (Allocation Failure) [PSYoungGen: 96608K->1517K(96256K)] 462852K->367761K(760320K), 0.0025878 secs] [Times: user=0.01 sys=0.00, real=0.00 secs] 
2466.369: [GC (Allocation Failure) [PSYoungGen: 96237K->1549K(96256K)] 462481K->367793K(760320K), 0.0021476 secs] [Times: user=0.01 sys=0.01, real=0.00 secs] 
2466.536: [GC (Allocation Failure) [PSYoungGen: 95757K->1501K(95232K)] 462001K->367745K(759296K), 0.0018916 secs] [Times: user=0.00 sys=0.00, real=0.01 secs] 
2467.801: [GC (Allocation Failure) [PSYoungGen: 95197K->1456K(94720K)] 461441K->367700K(758784K), 0.0048097 secs] [Times: user=0.02 sys=0.00, real=0.00 secs] 
2469.666: [GC (Allocation Failure) [PSYoungGen: 94640K->1440K(94208K)] 460884K->367684K(758272K), 0.0042991 secs] [Times: user=0.02 sys=0.00, real=0.01 secs] 
2470.931: [GC (Allocation Failure) [PSYoungGen: 94112K->1408K(93696K)] 460356K->367652K(757760K), 0.0035531 secs] [Times: user=0.01 sys=0.00, real=0.00 secs] 
2471.869: [GC (Allocation Failure) [PSYoungGen: 93568K->1533K(93184K)] 459812K->367777K(757248K), 0.0023347 secs] [Times: user=0.01 sys=0.00, real=0.00 secs] 
2472.066: [GC (Allocation Failure) [PSYoungGen: 93181K->1565K(93184K)] 459425K->367809K(757248K), 0.0019364 secs] [Times: user=0.00 sys=0.00, real=0.01 secs] 
2472.255: [GC (Allocation Failure) [PSYoungGen: 92701K->509K(103936K)] 458945K->367777K(768000K), 0.0257818 secs] [Times: user=0.10 sys=0.02, real=0.03 secs] 
2473.481: [GC (Allocation Failure) [PSYoungGen: 103421K->1408K(105472K)] 470689K->368676K(769536K), 0.0035560 secs] [Times: user=0.01 sys=0.00, real=0.00 secs] 
2474.987: [GC (Allocation Failure) [PSYoungGen: 104320K->1408K(118784K)] 471588K->368676K(782848K), 0.0028599 secs] [Times: user=0.01 sys=0.00, real=0.01 secs] 
2476.584: [GC (Allocation Failure) [PSYoungGen: 118656K->1485K(119808K)] 485924K->368753K(783872K), 0.0029831 secs] [Times: user=0.01 sys=0.00, real=0.00 secs] 
2476.857: [GC (Allocation Failure) [PSYoungGen: 119245K->1568K(133632K)] 486513K->368836K(797696K), 0.0016997 secs] [Times: user=0.01 sys=0.00, real=0.00 secs] 
2477.089: [GC (Allocation Failure) [PSYoungGen: 133152K->1565K(134144K)] 500420K->368865K(798208K), 0.0018386 secs] [Times: user=0.01 sys=0.00, real=0.00 secs] 
2478.143: [GC (Allocation Failure) [PSYoungGen: 133661K->1440K(132096K)] 500961K->368740K(796160K), 0.0022695 secs] [Times: user=0.00 sys=0.00, real=0.00 secs] 
2478.685: [GC (Allocation Failure) [PSYoungGen: 132000K->1424K(130560K)] 499300K->368724K(794624K), 0.0022377 secs] [Times: user=0.01 sys=0.01, real=0.01 secs] 
2479.004: [GC (Allocation Failure) [PSYoungGen: 130448K->1533K(129024K)] 497748K->368841K(793088K), 0.0016888 secs] [Times: user=0.00 sys=0.00, real=0.00 secs] 
2479.227: [GC (Allocation Failure) [PSYoungGen: 129021K->1629K(128000K)] 496329K->368937K(792064K), 0.0016469 secs] [Times: user=0.01 sys=0.00, real=0.00 secs] 
2481.472: [GC (Allocation Failure) [PSYoungGen: 127581K->416K(124928K)] 494889K->368748K(788992K), 0.0045252 secs] [Times: user=0.02 sys=0.00, real=0.01 secs] 
2483.100: [GC (Allocation Failure) [PSYoungGen: 124832K->400K(125440K)] 493164K->368732K(789504K), 0.0027918 secs] [Times: user=0.01 sys=0.00, real=0.00 secs] 
2483.914: [GC (Allocation Failure) [PSYoungGen: 123280K->1565K(123392K)] 491612K->369897K(787456K), 0.0018952 secs] [Times: user=0.01 sys=0.00, real=0.00 secs] 
2484.127: [GC (Allocation Failure) [PSYoungGen: 122909K->1581K(122368K)] 491241K->369913K(786432K), 0.0018080 secs] [Times: user=0.01 sys=0.00, real=0.01 secs] 
2484.885: [GC (Allocation Failure) [PSYoungGen: 121901K->1456K(120832K)] 490233K->369788K(784896K), 0.0021457 secs] [Times: user=0.01 sys=0.00, real=0.00 secs] 
2486.129: [GC (Allocation Failure) [PSYoungGen: 120752K->1392K(119808K)] 489084K->369724K(783872K), 0.0046364 secs] [Times: user=0.02 sys=0.00, real=0.00 secs] 
2487.192: [GC (Allocation Failure) [PSYoungGen: 119664K->1485K(118784K)] 487996K->369817K(782848K), 0.0023237 secs] [Times: user=0.01 sys=0.00, real=0.00 secs] 
2487.425: [GC (Allocation Failure) [PSYoungGen: 118733K->1565K(118272K)] 487065K->369897K(782336K), 0.0017460 secs] [Times: user=0.01 sys=0.00, real=0.00 secs] 
2487.628: [GC (Allocation Failure) [PSYoungGen: 117789K->1629K(117248K)] 486121K->369961K(781312K), 0.0017976 secs] [Times: user=0.00 sys=0.00, real=0.00 secs] 
2488.533: [GC (Allocation Failure) [PSYoungGen: 116829K->1504K(115712K)] 485161K->369836K(779776K), 0.0019364 secs] [Times: user=0.01 sys=0.00, real=0.00 secs] 
2489.463: [GC (Allocation Failure) [PSYoungGen: 115680K->1440K(114688K)] 484012K->369772K(778752K), 0.0025043 secs] [Times: user=0.01 sys=0.00, real=0.00 secs] 
2490.200: [GC (Allocation Failure) [PSYoungGen: 114592K->1469K(113664K)] 482924K->369841K(777728K), 0.0019283 secs] [Times: user=0.01 sys=0.00, real=0.00 secs] 
2490.451: [GC (Allocation Failure) [PSYoungGen: 113597K->1533K(112640K)] 481969K->369945K(776704K), 0.0019704 secs] [Times: user=0.01 sys=0.00, real=0.00 secs] 
2490.788: [GC (Allocation Failure) [PSYoungGen: 112637K->1504K(111616K)] 481049K->369916K(775680K), 0.0023483 secs] [Times: user=0.01 sys=0.00, real=0.00 secs] 
2491.751: [GC (Allocation Failure) [PSYoungGen: 111584K->1408K(110592K)] 479996K->369820K(774656K), 0.0028928 secs] [Times: user=0.02 sys=0.00, real=0.00 secs] 
2492.671: [GC (Allocation Failure) [PSYoungGen: 110464K->1408K(109568K)] 478876K->369820K(773632K), 0.0033853 secs] [Times: user=0.01 sys=0.00, real=0.00 secs] 
2493.089: [GC (Allocation Failure) [PSYoungGen: 109440K->1517K(108544K)] 477852K->369929K(772608K), 0.0017912 secs] [Times: user=0.01 sys=0.00, real=0.00 secs] 
2493.276: [GC (Allocation Failure) [PSYoungGen: 108525K->1549K(108032K)] 476937K->369961K(772096K), 0.0018181 secs] [Times: user=0.00 sys=0.00, real=0.01 secs] 
2493.540: [GC (Allocation Failure) [PSYoungGen: 107533K->512K(105984K)] 475945K->369948K(770048K), 0.0019365 secs] [Times: user=0.01 sys=0.00, real=0.00 secs] 
2494.042: [GC (Allocation Failure) [PSYoungGen: 105472K->352K(104448K)] 474908K->369796K(768512K), 0.0021103 secs] [Times: user=0.01 sys=0.00, real=0.00 secs] 
2494.545: [GC (Allocation Failure) [PSYoungGen: 104288K->384K(103424K)] 473732K->369828K(767488K), 0.0022149 secs] [Times: user=0.00 sys=0.00, real=0.01 secs] 
2494.944: [GC (Allocation Failure) [PSYoungGen: 103296K->1501K(104448K)] 472740K->370945K(768512K), 0.0015296 secs] [Times: user=0.00 sys=0.00, real=0.00 secs] 
2495.126: [GC (Allocation Failure) [PSYoungGen: 103389K->1597K(102912K)] 472833K->371041K(766976K), 0.0016801 secs] [Times: user=0.01 sys=0.00, real=0.01 secs] 
2495.350: [GC (Allocation Failure) [PSYoungGen: 102461K->1533K(101376K)] 471905K->371001K(765440K), 0.0021198 secs] [Times: user=0.01 sys=0.00, real=0.00 secs] 
2495.810: [GC (Allocation Failure) [PSYoungGen: 101373K->1408K(100352K)] 470841K->370876K(764416K), 0.0023173 secs] [Times: user=0.01 sys=0.00, real=0.00 secs] 
2496.250: [GC (Allocation Failure) [PSYoungGen: 100224K->1440K(99328K)] 469692K->370908K(763392K), 0.0021888 secs] [Times: user=0.01 sys=0.00, real=0.00 secs] 
2496.744: [GC (Allocation Failure) [PSYoungGen: 99232K->1485K(98304K)] 468700K->370953K(762368K), 0.0023271 secs] [Times: user=0.01 sys=0.00, real=0.00 secs] 
2496.944: [GC (Allocation Failure) [PSYoungGen: 98253K->1533K(97792K)] 467721K->371001K(761856K), 0.0018433 secs] [Times: user=0.00 sys=0.00, real=0.00 secs] 
2497.116: [GC (Allocation Failure) [PSYoungGen: 97789K->1549K(97792K)] 467257K->371017K(761856K), 0.0017791 secs] [Times: user=0.01 sys=0.00, real=0.01 secs] 
2498.128: [GC (Allocation Failure) [PSYoungGen: 97293K->1472K(96768K)] 466761K->370940K(760832K), 0.0038710 secs] [Times: user=0.01 sys=0.00, real=0.00 secs] 
2498.745: [GC (Allocation Failure) [PSYoungGen: 96704K->1408K(96256K)] 466172K->370876K(760320K), 0.0021881 secs] [Times: user=0.01 sys=0.00, real=0.00 secs] 
2499.139: [GC (Allocation Failure) [PSYoungGen: 96128K->1392K(95744K)] 465596K->370860K(759808K), 0.0020580 secs] [Times: user=0.01 sys=0.00, real=0.00 secs] 
2499.483: [GC (Allocation Failure) [PSYoungGen: 95600K->1504K(95232K)] 465068K->370972K(759296K), 0.0016432 secs] [Times: user=0.01 sys=0.00, real=0.00 secs] 
2499.648: [GC (Allocation Failure) [PSYoungGen: 95200K->1517K(94720K)] 464668K->370985K(758784K), 0.0018495 secs] [Times: user=0.01 sys=0.00, real=0.00 secs] 
2499.812: [GC (Allocation Failure) [PSYoungGen: 94701K->1533K(94208K)] 464169K->371001K(758272K), 0.0017448 secs] [Times: user=0.01 sys=0.00, real=0.00 secs] 
2500.152: [GC (Allocation Failure) [PSYoungGen: 94205K->1456K(93696K)] 463673K->370924K(757760K), 0.0019028 secs] [Times: user=0.00 sys=0.00, real=0.00 secs] 
2500.534: [GC (Allocation Failure) [PSYoungGen: 93616K->1440K(93184K)] 463084K->370908K(757248K), 0.0020781 secs] [Times: user=0.01 sys=0.00, real=0.00 secs] 
2500.916: [GC (Allocation Failure) [PSYoungGen: 93088K->1408K(92672K)] 462556K->370876K(756736K), 0.0025185 secs] [Times: user=0.01 sys=0.00, real=0.01 secs] 
2501.210: [GC (Allocation Failure) [PSYoungGen: 92544K->1472K(92160K)] 462012K->370940K(756224K), 0.0016529 secs] [Times: user=0.01 sys=0.00, real=0.00 secs] 
2501.396: [GC (Allocation Failure) [PSYoungGen: 92096K->1549K(92160K)] 461564K->371017K(756224K), 0.0020470 secs] [Times: user=0.01 sys=0.00, real=0.01 secs] 
2501.626: [GC (Allocation Failure) [PSYoungGen: 91661K->509K(90112K)] 461129K->371001K(754176K), 0.0022190 secs] [Times: user=0.01 sys=0.00, real=0.01 secs] 
2501.995: [GC (Allocation Failure) [PSYoungGen: 90109K->1440K(91136K)] 460601K->371932K(755200K), 0.0020655 secs] [Times: user=0.01 sys=0.00, real=0.01 secs] 
2502.613: [GC (Allocation Failure) [PSYoungGen: 90528K->1440K(90112K)] 461020K->371932K(754176K), 0.0019922 secs] [Times: user=0.01 sys=0.00, real=0.00 secs] 
2503.258: [GC (Allocation Failure) [PSYoungGen: 90016K->1376K(89600K)] 460508K->371868K(753664K), 0.0028974 secs] [Times: user=0.01 sys=0.00, real=0.00 secs] 
2503.692: [GC (Allocation Failure) [PSYoungGen: 89440K->1469K(89088K)] 459932K->371985K(753152K), 0.0018010 secs] [Times: user=0.01 sys=0.00, real=0.00 secs] 
2503.848: [GC (Allocation Failure) [PSYoungGen: 89021K->1501K(88576K)] 459537K->372017K(752640K), 0.0018266 secs] [Times: user=0.01 sys=0.00, real=0.00 secs] 
2504.000: [GC (Allocation Failure) [PSYoungGen: 88541K->1501K(88064K)] 459057K->372017K(752128K), 0.0016474 secs] [Times: user=0.01 sys=0.00, real=0.00 secs] 
2504.348: [GC (Allocation Failure) [PSYoungGen: 88029K->1440K(87552K)] 458545K->371956K(751616K), 0.0021474 secs] [Times: user=0.01 sys=0.00, real=0.00 secs] 
2504.776: [GC (Allocation Failure) [PSYoungGen: 87456K->1376K(87040K)] 457972K->371892K(751104K), 0.0020827 secs] [Times: user=0.01 sys=0.00, real=0.01 secs] 
2505.506: [GC (Allocation Failure) [PSYoungGen: 86880K->1440K(86528K)] 457396K->371956K(750592K), 0.0030536 secs] [Times: user=0.02 sys=0.00, real=0.01 secs] 
2506.258: [GC (Allocation Failure) [PSYoungGen: 86432K->1469K(86016K)] 456948K->371985K(750080K), 0.0024244 secs] [Times: user=0.01 sys=0.00, real=0.00 secs] 
2506.456: [GC (Allocation Failure) [PSYoungGen: 85949K->1565K(86016K)] 456465K->372081K(750080K), 0.0017070 secs] [Times: user=0.01 sys=0.00, real=0.01 secs] 
2506.602: [GC (Allocation Failure) [PSYoungGen: 85533K->477K(83968K)] 456049K->372017K(748032K), 0.0016652 secs] [Times: user=0.00 sys=0.01, real=0.00 secs] 
2507.813: [GC (Allocation Failure) [PSYoungGen: 83933K->1440K(84992K)] 455473K->372980K(749056K), 0.0044890 secs] [Times: user=0.02 sys=0.00, real=0.01 secs] 
2508.780: [GC (Allocation Failure) [PSYoungGen: 84384K->1408K(83968K)] 455924K->372948K(748032K), 0.0034975 secs] [Times: user=0.01 sys=0.00, real=0.00 secs] 
2509.743: [GC (Allocation Failure) [PSYoungGen: 83840K->1408K(83456K)] 455380K->372948K(747520K), 0.0036637 secs] [Times: user=0.02 sys=0.00, real=0.00 secs] 
2510.498: [GC (Allocation Failure) [PSYoungGen: 83328K->1440K(82944K)] 454868K->372980K(747008K), 0.0034031 secs] [Times: user=0.02 sys=0.00, real=0.00 secs] 
2510.843: [GC (Allocation Failure) [PSYoungGen: 82848K->1501K(82432K)] 454388K->373041K(746496K), 0.0018985 secs] [Times: user=0.01 sys=0.00, real=0.00 secs] 
2510.986: [GC (Allocation Failure) [PSYoungGen: 82397K->1533K(81920K)] 453937K->373073K(745984K), 0.0017057 secs] [Times: user=0.01 sys=0.00, real=0.01 secs] 
2511.126: [GC (Allocation Failure) [PSYoungGen: 81917K->1504K(81408K)] 453457K->373044K(745472K), 0.0016878 secs] [Times: user=0.01 sys=0.00, real=0.01 secs] 
2511.791: [GC (Allocation Failure) [PSYoungGen: 81376K->1424K(80896K)] 452916K->372964K(744960K), 0.0018574 secs] [Times: user=0.01 sys=0.00, real=0.00 secs] 
2512.629: [GC (Allocation Failure) [PSYoungGen: 80784K->1408K(80384K)] 452324K->372948K(744448K), 0.0036409 secs] [Times: user=0.01 sys=0.00, real=0.00 secs] 
2513.587: [GC (Allocation Failure) [PSYoungGen: 80256K->1408K(79872K)] 451796K->372948K(743936K), 0.0041784 secs] [Times: user=0.01 sys=0.00, real=0.00 secs] 
2514.229: [GC (Allocation Failure) [PSYoungGen: 79744K->1517K(79360K)] 451284K->373057K(743424K), 0.0027615 secs] [Times: user=0.01 sys=0.00, real=0.00 secs] 
2514.471: [GC (Allocation Failure) [PSYoungGen: 79341K->1501K(78848K)] 450881K->373041K(742912K), 0.0020629 secs] [Times: user=0.01 sys=0.00, real=0.00 secs] 
2514.662: [GC (Allocation Failure) [PSYoungGen: 78813K->1533K(78336K)] 450353K->373073K(742400K), 0.0022516 secs] [Times: user=0.01 sys=0.00, real=0.00 secs] 
2514.859: [GC (Allocation Failure) [PSYoungGen: 78333K->1533K(77824K)] 449873K->373073K(741888K), 0.0021305 secs] [Times: user=0.01 sys=0.00, real=0.00 secs] 
2515.493: [GC (Allocation Failure) [PSYoungGen: 77821K->1440K(77312K)] 449361K->372980K(741376K), 0.0037155 secs] [Times: user=0.01 sys=0.00, real=0.00 secs] 
2516.011: [GC (Allocation Failure) [PSYoungGen: 77216K->1360K(76800K)] 448756K->372924K(740864K), 0.0021837 secs] [Times: user=0.00 sys=0.01, real=0.00 secs] 
2516.323: [GC (Allocation Failure) [PSYoungGen: 76624K->1392K(76288K)] 448188K->372956K(740352K), 0.0023839 secs] [Times: user=0.01 sys=0.00, real=0.00 secs] 
2516.829: [GC (Allocation Failure) [PSYoungGen: 76144K->1488K(75776K)] 447708K->373052K(739840K), 0.0019524 secs] [Times: user=0.01 sys=0.00, real=0.00 secs] 
2516.981: [GC (Allocation Failure) [PSYoungGen: 75728K->1501K(75264K)] 447292K->373065K(739328K), 0.0016901 secs] [Times: user=0.01 sys=0.00, real=0.00 secs] 
2517.110: [GC (Allocation Failure) [PSYoungGen: 75229K->1533K(74752K)] 446793K->373097K(738816K), 0.0016659 secs] [Times: user=0.01 sys=0.00, real=0.00 secs] 
2517.238: [GC (Allocation Failure) [PSYoungGen: 74749K->1501K(74240K)] 446313K->373065K(738304K), 0.0017979 secs] [Times: user=0.00 sys=0.00, real=0.00 secs] 
2517.668: [GC (Allocation Failure) [PSYoungGen: 74205K->1440K(73728K)] 445769K->373004K(737792K), 0.0017105 secs] [Times: user=0.01 sys=0.00, real=0.00 secs] 
2518.263: [GC (Allocation Failure) [PSYoungGen: 73632K->1376K(73216K)] 445196K->372940K(737280K), 0.0035808 secs] [Times: user=0.02 sys=0.00, real=0.00 secs] 
2518.554: [GC (Allocation Failure) [PSYoungGen: 73056K->1408K(72704K)] 444620K->372972K(736768K), 0.0026320 secs] [Times: user=0.01 sys=0.01, real=0.00 secs] 
2518.851: [GC (Allocation Failure) [PSYoungGen: 72576K->1376K(72192K)] 444140K->372940K(736256K), 0.0022598 secs] [Times: user=0.01 sys=0.00, real=0.00 secs] 
2519.067: [GC (Allocation Failure) [PSYoungGen: 72032K->1533K(71680K)] 443596K->373121K(735744K), 0.0017254 secs] [Times: user=0.00 sys=0.00, real=0.00 secs] 
2519.190: [GC (Allocation Failure) [PSYoungGen: 71677K->1533K(71168K)] 443265K->373121K(735232K), 0.0018033 secs] [Times: user=0.01 sys=0.00, real=0.00 secs] 
2519.312: [GC (Allocation Failure) [PSYoungGen: 71165K->1533K(78848K)] 442753K->373145K(742912K), 0.0017175 secs] [Times: user=0.00 sys=0.00, real=0.00 secs] 
2519.489: [GC (Allocation Failure) [PSYoungGen: 78845K->1728K(87552K)] 450457K->373340K(751616K), 0.0019932 secs] [Times: user=0.00 sys=0.00, real=0.00 secs] 
2520.206: [GC (Allocation Failure) [PSYoungGen: 87232K->368K(85504K)] 458844K->373004K(749568K), 0.0043348 secs] [Times: user=0.01 sys=0.00, real=0.01 secs] 
2520.911: [GC (Allocation Failure) [PSYoungGen: 85360K->384K(86528K)] 457996K->373020K(750592K), 0.0028621 secs] [Times: user=0.02 sys=0.00, real=0.00 secs] 
2521.674: [GC (Allocation Failure) [PSYoungGen: 84864K->352K(84480K)] 457500K->372988K(748544K), 0.0027642 secs] [Times: user=0.01 sys=0.00, real=0.00 secs] 
2522.029: [GC (Allocation Failure) [PSYoungGen: 84320K->1533K(86016K)] 456956K->374169K(750080K), 0.0017298 secs] [Times: user=0.01 sys=0.00, real=0.00 secs] 
2522.200: [GC (Allocation Failure) [PSYoungGen: 84989K->1533K(84480K)] 457625K->374169K(748544K), 0.0019574 secs] [Times: user=0.01 sys=0.00, real=0.00 secs] 
2522.419: [GC (Allocation Failure) [PSYoungGen: 84477K->1581K(84480K)] 457113K->374217K(748544K), 0.0024094 secs] [Times: user=0.01 sys=0.00, real=0.00 secs] 
2523.652: [GC (Allocation Failure) [PSYoungGen: 84013K->1456K(83456K)] 456649K->374092K(747520K), 0.0035312 secs] [Times: user=0.02 sys=0.01, real=0.00 secs] 
2524.045: [GC (Allocation Failure) [PSYoungGen: 83376K->1376K(82944K)] 456012K->374028K(747008K), 0.0021347 secs] [Times: user=0.00 sys=0.00, real=0.01 secs] 
2524.402: [GC (Allocation Failure) [PSYoungGen: 82784K->1376K(82432K)] 455436K->374028K(746496K), 0.0022754 secs] [Times: user=0.01 sys=0.00, real=0.00 secs] 
2524.842: [GC (Allocation Failure) [PSYoungGen: 82272K->1456K(81920K)] 454924K->374108K(745984K), 0.0024246 secs] [Times: user=0.01 sys=0.00, real=0.00 secs] 
2525.076: [GC (Allocation Failure) [PSYoungGen: 81840K->1549K(81920K)] 454492K->374201K(745984K), 0.0021674 secs] [Times: user=0.01 sys=0.00, real=0.01 secs] 
2525.241: [GC (Allocation Failure) [PSYoungGen: 81421K->1533K(80896K)] 454073K->374185K(744960K), 0.0019482 secs] [Times: user=0.01 sys=0.00, real=0.00 secs] 
2525.381: [GC (Allocation Failure) [PSYoungGen: 80893K->512K(79872K)] 453545K->374188K(743936K), 0.0017897 secs] [Times: user=0.00 sys=0.00, real=0.00 secs] 
2526.555: [GC (Allocation Failure) [PSYoungGen: 79360K->1440K(79872K)] 453036K->375116K(743936K), 0.0046876 secs] [Times: user=0.02 sys=0.00, real=0.01 secs] 
2527.746: [GC (Allocation Failure) [PSYoungGen: 79776K->1408K(79360K)] 453452K->375084K(743424K), 0.0037454 secs] [Times: user=0.01 sys=0.00, real=0.01 secs] 
2528.467: [GC (Allocation Failure) [PSYoungGen: 79232K->1408K(78848K)] 452908K->375084K(742912K), 0.0034767 secs] [Times: user=0.01 sys=0.00, real=0.00 secs] 
2529.117: [GC (Allocation Failure) [PSYoungGen: 78720K->1501K(78336K)] 452396K->375177K(742400K), 0.0024181 secs] [Times: user=0.01 sys=0.00, real=0.00 secs] 
2529.284: [GC (Allocation Failure) [PSYoungGen: 78301K->1533K(77824K)] 451977K->375209K(741888K), 0.0018991 secs] [Times: user=0.01 sys=0.00, real=0.00 secs] 
2529.418: [GC (Allocation Failure) [PSYoungGen: 77821K->1501K(77312K)] 451497K->375177K(741376K), 0.0017079 secs] [Times: user=0.01 sys=0.00, real=0.00 secs] 
2529.550: [GC (Allocation Failure) [PSYoungGen: 77277K->160K(75776K)] 450953K->373836K(739840K), 0.0017527 secs] [Times: user=0.00 sys=0.00, real=0.00 secs] 
2530.842: [GC (Allocation Failure) [PSYoungGen: 75424K->1376K(76288K)] 449100K->375052K(740352K), 0.0044685 secs] [Times: user=0.02 sys=0.00, real=0.00 secs] 
2531.705: [GC (Allocation Failure) [PSYoungGen: 76128K->1392K(75776K)] 449804K->375068K(739840K), 0.0034612 secs] [Times: user=0.01 sys=0.00, real=0.01 secs] 
2532.390: [GC (Allocation Failure) [PSYoungGen: 75632K->1424K(75264K)] 449308K->375100K(739328K), 0.0035311 secs] [Times: user=0.01 sys=0.00, real=0.00 secs] 
2532.941: [GC (Allocation Failure) [PSYoungGen: 75152K->1485K(74752K)] 448828K->375161K(738816K), 0.0024323 secs] [Times: user=0.01 sys=0.00, real=0.00 secs] 
2533.100: [GC (Allocation Failure) [PSYoungGen: 74701K->1533K(74240K)] 448377K->375241K(738304K), 0.0017496 secs] [Times: user=0.00 sys=0.01, real=0.00 secs] 
2533.229: [GC (Allocation Failure) [PSYoungGen: 74237K->1533K(73728K)] 447945K->375241K(737792K), 0.0018453 secs] [Times: user=0.00 sys=0.00, real=0.00 secs] 
2533.355: [GC (Allocation Failure) [PSYoungGen: 73725K->1533K(73216K)] 447433K->375241K(737280K), 0.0016786 secs] [Times: user=0.01 sys=0.00, real=0.00 secs] 
2533.709: [GC (Allocation Failure) [PSYoungGen: 73213K->1472K(72704K)] 446921K->375180K(736768K), 0.0022325 secs] [Times: user=0.01 sys=0.00, real=0.00 secs] 
2534.005: [GC (Allocation Failure) [PSYoungGen: 72640K->1408K(72192K)] 446348K->375116K(736256K), 0.0019684 secs] [Times: user=0.00 sys=0.00, real=0.00 secs] 
2534.302: [GC (Allocation Failure) [PSYoungGen: 72064K->1344K(71680K)] 445772K->375084K(735744K), 0.0026739 secs] [Times: user=0.01 sys=0.00, real=0.00 secs] 
2534.591: [GC (Allocation Failure) [PSYoungGen: 71488K->1392K(71168K)] 445228K->375132K(735232K), 0.0023272 secs] [Times: user=0.01 sys=0.00, real=0.00 secs] 
2534.863: [GC (Allocation Failure) [PSYoungGen: 71024K->1501K(70656K)] 444764K->375241K(734720K), 0.0021297 secs] [Times: user=0.00 sys=0.00, real=0.00 secs] 
2535.001: [GC (Allocation Failure) [PSYoungGen: 70621K->1533K(70144K)] 444361K->375273K(734208K), 0.0017274 secs] [Times: user=0.00 sys=0.00, real=0.00 secs] 
2535.121: [GC (Allocation Failure) [PSYoungGen: 70116K->1501K(72704K)] 443856K->375241K(736768K), 0.0017852 secs] [Times: user=0.01 sys=0.00, real=0.00 secs] 
2535.263: [GC (Allocation Failure) [PSYoungGen: 72157K->1533K(77824K)] 445897K->375273K(741888K), 0.0019211 secs] [Times: user=0.01 sys=0.00, real=0.00 secs] 
2536.034: [GC (Allocation Failure) [PSYoungGen: 77309K->1424K(76800K)] 451049K->375172K(740864K), 0.0023914 secs] [Times: user=0.01 sys=0.00, real=0.00 secs] 
2536.703: [GC (Allocation Failure) [PSYoungGen: 76688K->1408K(76288K)] 450436K->375156K(740352K), 0.0021869 secs] [Times: user=0.01 sys=0.00, real=0.00 secs] 
2537.153: [GC (Allocation Failure) [PSYoungGen: 76160K->1408K(75776K)] 449908K->375156K(739840K), 0.0028118 secs] [Times: user=0.01 sys=0.00, real=0.00 secs] 
2537.516: [GC (Allocation Failure) [PSYoungGen: 75648K->1501K(75264K)] 449396K->375249K(739328K), 0.0019799 secs] [Times: user=0.01 sys=0.00, real=0.01 secs] 
2537.647: [GC (Allocation Failure) [PSYoungGen: 75229K->1501K(74752K)] 448977K->375249K(738816K), 0.0017808 secs] [Times: user=0.01 sys=0.00, real=0.00 secs] 
2537.776: [GC (Allocation Failure) [PSYoungGen: 74717K->1565K(74752K)] 448465K->375313K(738816K), 0.0017270 secs] [Times: user=0.00 sys=0.00, real=0.01 secs] 
2537.905: [GC (Allocation Failure) [PSYoungGen: 74269K->1501K(75264K)] 448017K->375249K(739328K), 0.0017345 secs] [Times: user=0.00 sys=0.00, real=0.00 secs] 
2538.479: [GC (Allocation Failure) [PSYoungGen: 74717K->1456K(74240K)] 448465K->375204K(738304K), 0.0022215 secs] [Times: user=0.00 sys=0.00, real=0.00 secs] 
2538.941: [GC (Allocation Failure) [PSYoungGen: 74160K->1424K(73728K)] 447908K->375172K(737792K), 0.0022750 secs] [Times: user=0.01 sys=0.00, real=0.00 secs] 
2539.284: [GC (Allocation Failure) [PSYoungGen: 73616K->1408K(73216K)] 447364K->375156K(737280K), 0.0021090 secs] [Times: user=0.00 sys=0.00, real=0.00 secs] 
2539.582: [GC (Allocation Failure) [PSYoungGen: 73088K->1440K(72704K)] 446836K->375188K(736768K), 0.0022292 secs] [Times: user=0.01 sys=0.00, real=0.00 secs] 
2539.784: [GC (Allocation Failure) [PSYoungGen: 72608K->1501K(72192K)] 446356K->375249K(736256K), 0.0017646 secs] [Times: user=0.01 sys=0.00, real=0.00 secs] 
2539.909: [GC (Allocation Failure) [PSYoungGen: 72157K->1549K(72192K)] 445905K->375297K(736256K), 0.0016278 secs] [Times: user=0.00 sys=0.00, real=0.00 secs] 
2540.031: [GC (Allocation Failure) [PSYoungGen: 71686K->477K(70144K)] 445435K->375249K(734208K), 0.0016289 secs] [Times: user=0.00 sys=0.00, real=0.00 secs] 
2540.394: [GC (Allocation Failure) [PSYoungGen: 70109K->1472K(71168K)] 444881K->376244K(735232K), 0.0024000 secs] [Times: user=0.01 sys=0.00, real=0.00 secs] 
2541.099: [GC (Allocation Failure) [PSYoungGen: 70592K->1376K(70144K)] 445364K->376148K(734208K), 0.0025675 secs] [Times: user=0.01 sys=0.00, real=0.00 secs] 
2542.008: [GC (Allocation Failure) [PSYoungGen: 69984K->1392K(69632K)] 444756K->376164K(733696K), 0.0031318 secs] [Times: user=0.01 sys=0.00, real=0.00 secs] 
2542.727: [GC (Allocation Failure) [PSYoungGen: 69488K->1376K(69120K)] 444260K->376148K(733184K), 0.0028861 secs] [Times: user=0.01 sys=0.00, real=0.00 secs] 
2543.338: [GC (Allocation Failure) [PSYoungGen: 68960K->1453K(68608K)] 443732K->376225K(732672K), 0.0029813 secs] [Times: user=0.02 sys=0.00, real=0.00 secs] 
2543.527: [GC (Allocation Failure) [PSYoungGen: 68525K->1533K(68096K)] 443297K->376337K(732160K), 0.0017112 secs] [Times: user=0.01 sys=0.00, real=0.00 secs] 
2543.643: [GC (Allocation Failure) [PSYoungGen: 68093K->1517K(67584K)] 442897K->376321K(731648K), 0.0018648 secs] [Times: user=0.01 sys=0.00, real=0.00 secs] 
2543.760: [GC (Allocation Failure) [PSYoungGen: 67565K->1533K(74752K)] 442369K->376361K(738816K), 0.0017645 secs] [Times: user=0.00 sys=0.00, real=0.00 secs] 
2543.980: [GC (Allocation Failure) [PSYoungGen: 74749K->1456K(74240K)] 449577K->376284K(738304K), 0.0019547 secs] [Times: user=0.01 sys=0.00, real=0.00 secs] 
2544.282: [GC (Allocation Failure) [PSYoungGen: 74160K->1408K(73728K)] 448988K->376236K(737792K), 0.0018314 secs] [Times: user=0.01 sys=0.00, real=0.00 secs] 
2544.678: [GC (Allocation Failure) [PSYoungGen: 73600K->1344K(73216K)] 448428K->376172K(737280K), 0.0019808 secs] [Times: user=0.01 sys=0.00, real=0.00 secs] 
2545.227: [GC (Allocation Failure) [PSYoungGen: 73024K->1376K(72704K)] 447852K->376204K(736768K), 0.0020835 secs] [Times: user=0.01 sys=0.00, real=0.01 secs] 
2545.703: [GC (Allocation Failure) [PSYoungGen: 72544K->1485K(72192K)] 447372K->376313K(736256K), 0.0018456 secs] [Times: user=0.01 sys=0.00, real=0.00 secs] 
2545.832: [GC (Allocation Failure) [PSYoungGen: 72141K->1533K(71680K)] 446969K->376361K(735744K), 0.0017042 secs] [Times: user=0.01 sys=0.00, real=0.00 secs] 
2545.954: [GC (Allocation Failure) [PSYoungGen: 71677K->1501K(71168K)] 446505K->376329K(735232K), 0.0017981 secs] [Times: user=0.00 sys=0.00, real=0.00 secs] 
2546.077: [GC (Allocation Failure) [PSYoungGen: 71133K->1533K(71680K)] 445961K->376393K(735744K), 0.0016766 secs] [Times: user=0.01 sys=0.00, real=0.00 secs] 
2546.415: [GC (Allocation Failure) [PSYoungGen: 71165K->1440K(70656K)] 446025K->376300K(734720K), 0.0019594 secs] [Times: user=0.01 sys=0.00, real=0.01 secs] 
2547.031: [GC (Allocation Failure) [PSYoungGen: 70560K->1344K(70144K)] 445420K->376204K(734208K), 0.0025248 secs] [Times: user=0.01 sys=0.00, real=0.00 secs] 
2547.583: [GC (Allocation Failure) [PSYoungGen: 69952K->1376K(69632K)] 444812K->376236K(733696K), 0.0027243 secs] [Times: user=0.01 sys=0.00, real=0.00 secs] 
2548.080: [GC (Allocation Failure) [PSYoungGen: 69472K->1376K(69120K)] 444332K->376236K(733184K), 0.0025456 secs] [Times: user=0.01 sys=0.00, real=0.00 secs] 
2548.417: [GC (Allocation Failure) [PSYoungGen: 68960K->1568K(69120K)] 443820K->376428K(733184K), 0.0021823 secs] [Times: user=0.01 sys=0.00, real=0.00 secs] 
2548.542: [GC (Allocation Failure) [PSYoungGen: 68640K->1517K(68096K)] 443500K->376377K(732160K), 0.0016553 secs] [Times: user=0.01 sys=0.00, real=0.00 secs] 
2548.658: [GC (Allocation Failure) [PSYoungGen: 68077K->1501K(67584K)] 442937K->376361K(731648K), 0.0018880 secs] [Times: user=0.01 sys=0.00, real=0.00 secs] 
2548.774: [GC (Allocation Failure) [PSYoungGen: 67549K->1469K(68096K)] 442409K->376337K(732160K), 0.0017511 secs] [Times: user=0.00 sys=0.00, real=0.00 secs] 
2549.335: [GC (Allocation Failure) [PSYoungGen: 68029K->1456K(67584K)] 442897K->376324K(731648K), 0.0021473 secs] [Times: user=0.01 sys=0.00, real=0.00 secs] 
2549.611: [GC (Allocation Failure) [PSYoungGen: 67504K->1376K(68096K)] 442372K->376244K(732160K), 0.0020523 secs] [Times: user=0.01 sys=0.00, real=0.00 secs] 
2550.019: [GC (Allocation Failure) [PSYoungGen: 67424K->1440K(68096K)] 442292K->376308K(732160K), 0.0021069 secs] [Times: user=0.01 sys=0.00, real=0.00 secs] 
2550.449: [GC (Allocation Failure) [PSYoungGen: 67488K->1408K(68096K)] 442356K->376276K(732160K), 0.0019313 secs] [Times: user=0.01 sys=0.00, real=0.00 secs] 
2550.794: [GC (Allocation Failure) [PSYoungGen: 67456K->1485K(68096K)] 442324K->376353K(732160K), 0.0018054 secs] [Times: user=0.01 sys=0.00, real=0.00 secs] 
2550.909: [GC (Allocation Failure) [PSYoungGen: 67533K->1501K(68096K)] 442401K->376369K(732160K), 0.0016757 secs] [Times: user=0.01 sys=0.00, real=0.00 secs] 
2551.043: [GC (Allocation Failure) [PSYoungGen: 67549K->1565K(68096K)] 442417K->376433K(732160K), 0.0018523 secs] [Times: user=0.00 sys=0.00, real=0.00 secs] 
2551.204: [GC (Allocation Failure) [PSYoungGen: 67613K->1501K(68096K)] 442481K->376385K(732160K), 0.0021272 secs] [Times: user=0.01 sys=0.00, real=0.00 secs] 
2551.651: [GC (Allocation Failure) [PSYoungGen: 67549K->1424K(68096K)] 442433K->376308K(732160K), 0.0037003 secs] [Times: user=0.01 sys=0.00, real=0.00 secs] 
2552.202: [GC (Allocation Failure) [PSYoungGen: 67472K->1408K(68096K)] 442356K->376308K(732160K), 0.0034393 secs] [Times: user=0.01 sys=0.00, real=0.00 secs] 
2552.485: [GC (Allocation Failure) [PSYoungGen: 67456K->1376K(68096K)] 442356K->376276K(732160K), 0.0026663 secs] [Times: user=0.01 sys=0.01, real=0.01 secs] 
2552.795: [GC (Allocation Failure) [PSYoungGen: 67424K->1376K(68096K)] 442324K->376276K(732160K), 0.0020848 secs] [Times: user=0.01 sys=0.00, real=0.01 secs] 
2553.116: [GC (Allocation Failure) [PSYoungGen: 67424K->1440K(68096K)] 442324K->376340K(732160K), 0.0021396 secs] [Times: user=0.01 sys=0.00, real=0.01 secs] 
2553.235: [GC (Allocation Failure) [PSYoungGen: 67488K->1469K(68096K)] 442388K->376369K(732160K), 0.0018092 secs] [Times: user=0.01 sys=0.00, real=0.01 secs] 
2553.369: [GC (Allocation Failure) [PSYoungGen: 67517K->1485K(68096K)] 442417K->376385K(732160K), 0.0020171 secs] [Times: user=0.01 sys=0.00, real=0.00 secs] 
2553.528: [GC (Allocation Failure) [PSYoungGen: 67533K->1517K(75264K)] 442433K->376441K(739328K), 0.0020374 secs] [Times: user=0.01 sys=0.00, real=0.00 secs] 
2554.650: [GC (Allocation Failure) [PSYoungGen: 74733K->1488K(74240K)] 449657K->376412K(738304K), 0.0039311 secs] [Times: user=0.02 sys=0.00, real=0.00 secs] 
2555.575: [GC (Allocation Failure) [PSYoungGen: 74192K->1376K(73728K)] 449116K->376308K(737792K), 0.0028625 secs] [Times: user=0.01 sys=0.01, real=0.01 secs] 
2556.205: [GC (Allocation Failure) [PSYoungGen: 73568K->1376K(73216K)] 448500K->376308K(737280K), 0.0030181 secs] [Times: user=0.01 sys=0.00, real=0.01 secs] 
2556.817: [GC (Allocation Failure) [PSYoungGen: 73056K->1376K(72704K)] 447988K->376308K(736768K), 0.0033722 secs] [Times: user=0.01 sys=0.00, real=0.00 secs] 
2557.262: [GC (Allocation Failure) [PSYoungGen: 72544K->1485K(72192K)] 447476K->376417K(736256K), 0.0020537 secs] [Times: user=0.01 sys=0.00, real=0.00 secs] 
2557.403: [GC (Allocation Failure) [PSYoungGen: 72141K->1533K(71680K)] 447073K->376465K(735744K), 0.0017919 secs] [Times: user=0.01 sys=0.00, real=0.00 secs] 
2557.526: [GC (Allocation Failure) [PSYoungGen: 71677K->1565K(71680K)] 446609K->376497K(735744K), 0.0017925 secs] [Times: user=0.01 sys=0.00, real=0.01 secs] 
2557.648: [GC (Allocation Failure) [PSYoungGen: 71197K->1533K(71680K)] 446129K->376505K(735744K), 0.0017771 secs] [Times: user=0.01 sys=0.00, real=0.00 secs] 
2558.249: [GC (Allocation Failure) [PSYoungGen: 71677K->1424K(71168K)] 446649K->376396K(735232K), 0.0021618 secs] [Times: user=0.01 sys=0.00, real=0.00 secs] 
2558.771: [GC (Allocation Failure) [PSYoungGen: 71056K->1344K(70656K)] 446028K->376316K(734720K), 0.0042359 secs] [Times: user=0.02 sys=0.00, real=0.00 secs] 
2559.362: [GC (Allocation Failure) [PSYoungGen: 70464K->1376K(70144K)] 445436K->376348K(734208K), 0.0027666 secs] [Times: user=0.01 sys=0.00, real=0.00 secs] 
2559.756: [GC (Allocation Failure) [PSYoungGen: 69984K->1376K(69632K)] 444956K->376348K(733696K), 0.0022516 secs] [Times: user=0.00 sys=0.00, real=0.01 secs] 
2559.940: [GC (Allocation Failure) [PSYoungGen: 69472K->1469K(69120K)] 444444K->376441K(733184K), 0.0017631 secs] [Times: user=0.01 sys=0.00, real=0.00 secs] 
2560.077: [GC (Allocation Failure) [PSYoungGen: 69053K->1501K(68608K)] 444025K->376473K(732672K), 0.0018312 secs] [Times: user=0.00 sys=0.00, real=0.01 secs] 
2560.233: [GC (Allocation Failure) [PSYoungGen: 68573K->1565K(68608K)] 443545K->376537K(732672K), 0.0019590 secs] [Times: user=0.01 sys=0.00, real=0.00 secs] 
2560.385: [GC (Allocation Failure) [PSYoungGen: 68118K->1533K(68608K)] 443091K->376537K(732672K), 0.0018882 secs] [Times: user=0.01 sys=0.00, real=0.00 secs] 
2560.944: [GC (Allocation Failure) [PSYoungGen: 68605K->1408K(68096K)] 443609K->376412K(732160K), 0.0032814 secs] [Times: user=0.02 sys=0.00, real=0.01 secs] 
2561.442: [GC (Allocation Failure) [PSYoungGen: 67968K->1408K(67584K)] 442972K->376412K(731648K), 0.0038934 secs] [Times: user=0.02 sys=0.01, real=0.00 secs] 
2562.120: [GC (Allocation Failure) [PSYoungGen: 67456K->1376K(68096K)] 442460K->376380K(732160K), 0.0031795 secs] [Times: user=0.02 sys=0.00, real=0.00 secs] 
2562.640: [GC (Allocation Failure) [PSYoungGen: 67424K->1408K(68096K)] 442428K->376412K(732160K), 0.0028375 secs] [Times: user=0.01 sys=0.00, real=0.00 secs] 
2563.066: [GC (Allocation Failure) [PSYoungGen: 67456K->1472K(68096K)] 442460K->376476K(732160K), 0.0018803 secs] [Times: user=0.01 sys=0.00, real=0.01 secs] 
2563.192: [GC (Allocation Failure) [PSYoungGen: 67504K->1485K(68096K)] 442509K->376489K(732160K), 0.0018182 secs] [Times: user=0.01 sys=0.00, real=0.00 secs] 
2563.309: [GC (Allocation Failure) [PSYoungGen: 67533K->1472K(68096K)] 442537K->376500K(732160K), 0.0018843 secs] [Times: user=0.00 sys=0.00, real=0.00 secs] 
2563.443: [GC (Allocation Failure) [PSYoungGen: 67520K->1565K(75264K)] 442548K->376609K(739328K), 0.0017609 secs] [Times: user=0.01 sys=0.00, real=0.00 secs] 
2564.123: [GC (Allocation Failure) [PSYoungGen: 74781K->1408K(74240K)] 449825K->376452K(738304K), 0.0019921 secs] [Times: user=0.00 sys=0.00, real=0.00 secs] 
2564.923: [GC (Allocation Failure) [PSYoungGen: 74112K->1408K(73728K)] 449156K->376452K(737792K), 0.0034368 secs] [Times: user=0.01 sys=0.00, real=0.00 secs] 
2565.624: [GC (Allocation Failure) [PSYoungGen: 73600K->1344K(73216K)] 448644K->376388K(737280K), 0.0034990 secs] [Times: user=0.02 sys=0.00, real=0.01 secs] 
2566.269: [GC (Allocation Failure) [PSYoungGen: 73024K->1360K(72704K)] 448068K->376404K(736768K), 0.0028442 secs] [Times: user=0.01 sys=0.00, real=0.00 secs] 
2566.490: [GC (Allocation Failure) [PSYoungGen: 72528K->1501K(72192K)] 447572K->376545K(736256K), 0.0017859 secs] [Times: user=0.01 sys=0.00, real=0.00 secs] 
2566.615: [GC (Allocation Failure) [PSYoungGen: 72157K->1469K(71680K)] 447201K->376513K(735744K), 0.0017357 secs] [Times: user=0.00 sys=0.00, real=0.00 secs] 
2566.737: [GC (Allocation Failure) [PSYoungGen: 71613K->1504K(71168K)] 446657K->376548K(735232K), 0.0017704 secs] [Times: user=0.01 sys=0.00, real=0.00 secs] 
2566.932: [GC (Allocation Failure) [PSYoungGen: 71136K->1440K(70656K)] 446180K->376484K(734720K), 0.0018850 secs] [Times: user=0.01 sys=0.00, real=0.00 secs] 
2567.219: [GC (Allocation Failure) [PSYoungGen: 70560K->1376K(70144K)] 445604K->376420K(734208K), 0.0019787 secs] [Times: user=0.01 sys=0.00, real=0.00 secs] 
2567.505: [GC (Allocation Failure) [PSYoungGen: 69984K->1344K(69632K)] 445028K->376388K(733696K), 0.0030704 secs] [Times: user=0.01 sys=0.00, real=0.01 secs] 
2567.790: [GC (Allocation Failure) [PSYoungGen: 69440K->1408K(69120K)] 444484K->376460K(733184K), 0.0029536 secs] [Times: user=0.02 sys=0.00, real=0.00 secs] 
2568.099: [GC (Allocation Failure) [PSYoungGen: 68992K->1517K(68608K)] 444044K->376569K(732672K), 0.0024617 secs] [Times: user=0.01 sys=0.00, real=0.00 secs] 
2568.285: [GC (Allocation Failure) [PSYoungGen: 68589K->1533K(68096K)] 443641K->376585K(732160K), 0.0022010 secs] [Times: user=0.01 sys=0.00, real=0.01 secs] 
2568.424: [GC (Allocation Failure) [PSYoungGen: 68093K->1565K(68608K)] 443145K->376617K(732672K), 0.0018548 secs] [Times: user=0.01 sys=0.00, real=0.00 secs] 
2568.541: [GC (Allocation Failure) [PSYoungGen: 68125K->1533K(68608K)] 443177K->376585K(732672K), 0.0016765 secs] [Times: user=0.01 sys=0.00, real=0.00 secs] 
2568.991: [GC (Allocation Failure) [PSYoungGen: 68093K->1488K(75776K)] 443145K->376540K(739840K), 0.0041611 secs] [Times: user=0.02 sys=0.00, real=0.00 secs] 
2569.689: [GC (Allocation Failure) [PSYoungGen: 75216K->1440K(74752K)] 450268K->376492K(738816K), 0.0033564 secs] [Times: user=0.01 sys=0.00, real=0.00 secs] 
2570.287: [GC (Allocation Failure) [PSYoungGen: 74656K->1392K(74240K)] 449708K->376444K(738304K), 0.0027965 secs] [Times: user=0.01 sys=0.00, real=0.01 secs] 
2570.863: [GC (Allocation Failure) [PSYoungGen: 74096K->1440K(73728K)] 449148K->376492K(737792K), 0.0035696 secs] [Times: user=0.01 sys=0.00, real=0.00 secs] 
2571.183: [GC (Allocation Failure) [PSYoungGen: 73632K->1501K(73216K)] 448684K->376553K(737280K), 0.0018949 secs] [Times: user=0.01 sys=0.00, real=0.00 secs] 
2571.318: [GC (Allocation Failure) [PSYoungGen: 73181K->1536K(73216K)] 448233K->376588K(737280K), 0.0017514 secs] [Times: user=0.00 sys=0.00, real=0.00 secs] 
2571.445: [GC (Allocation Failure) [PSYoungGen: 72704K->1533K(72192K)] 447756K->376585K(736256K), 0.0017143 secs] [Times: user=0.01 sys=0.00, real=0.01 secs] 
2571.571: [GC (Allocation Failure) [PSYoungGen: 72189K->1533K(73216K)] 447241K->376601K(737280K), 0.0017590 secs] [Times: user=0.01 sys=0.00, real=0.00 secs] 
2573.505: [GC (Allocation Failure) [PSYoungGen: 72701K->1456K(72192K)] 447769K->376524K(736256K), 0.0029628 secs] [Times: user=0.01 sys=0.00, real=0.01 secs] 
2574.216: [GC (Allocation Failure) [PSYoungGen: 72112K->1344K(71680K)] 447180K->376412K(735744K), 0.0045112 secs] [Times: user=0.02 sys=0.00, real=0.01 secs] 
2574.799: [GC (Allocation Failure) [PSYoungGen: 71488K->1424K(71168K)] 446556K->376524K(735232K), 0.0029548 secs] [Times: user=0.01 sys=0.00, real=0.00 secs] 
2575.188: [GC (Allocation Failure) [PSYoungGen: 71056K->1376K(70656K)] 446156K->376476K(734720K), 0.0020965 secs] [Times: user=0.01 sys=0.00, real=0.00 secs] 
2575.367: [GC (Allocation Failure) [PSYoungGen: 70496K->1517K(70144K)] 445596K->376617K(734208K), 0.0016128 secs] [Times: user=0.01 sys=0.00, real=0.01 secs] 
2575.487: [GC (Allocation Failure) [PSYoungGen: 70125K->1533K(69632K)] 445225K->376633K(733696K), 0.0016501 secs] [Times: user=0.01 sys=0.00, real=0.01 secs] 
2575.605: [GC (Allocation Failure) [PSYoungGen: 69629K->1504K(76800K)] 444729K->376604K(740864K), 0.0017612 secs] [Times: user=0.01 sys=0.00, real=0.01 secs] 
2576.284: [GC (Allocation Failure) [PSYoungGen: 76768K->1472K(76288K)] 451868K->376572K(740352K), 0.0043491 secs] [Times: user=0.02 sys=0.00, real=0.01 secs] 
2577.901: [GC (Allocation Failure) [PSYoungGen: 76224K->1408K(75776K)] 451324K->376516K(739840K), 0.0045621 secs] [Times: user=0.02 sys=0.00, real=0.00 secs] 
2579.094: [GC (Allocation Failure) [PSYoungGen: 75648K->1408K(75264K)] 450756K->376516K(739328K), 0.0043860 secs] [Times: user=0.02 sys=0.00, real=0.01 secs] 
2580.370: [GC (Allocation Failure) [PSYoungGen: 75136K->1424K(74752K)] 450244K->376532K(738816K), 0.0039105 secs] [Times: user=0.01 sys=0.00, real=0.00 secs] 
2581.062: [GC (Allocation Failure) [PSYoungGen: 74640K->1565K(74752K)] 449748K->376673K(738816K), 0.0028486 secs] [Times: user=0.01 sys=0.00, real=0.00 secs] 
2581.248: [GC (Allocation Failure) [PSYoungGen: 74269K->1533K(73728K)] 449377K->376673K(737792K), 0.0017631 secs] [Times: user=0.01 sys=0.00, real=0.00 secs] 
2581.374: [GC (Allocation Failure) [PSYoungGen: 73725K->1501K(73216K)] 448865K->376641K(737280K), 0.0018314 secs] [Times: user=0.00 sys=0.00, real=0.00 secs] 
2581.499: [GC (Allocation Failure) [PSYoungGen: 73181K->1533K(72704K)] 448321K->376705K(736768K), 0.0017463 secs] [Times: user=0.01 sys=0.00, real=0.00 secs] 
2582.224: [GC (Allocation Failure) [PSYoungGen: 72701K->1488K(72192K)] 447873K->376660K(736256K), 0.0037170 secs] [Times: user=0.01 sys=0.00, real=0.01 secs] 
2582.867: [GC (Allocation Failure) [PSYoungGen: 72144K->1408K(71680K)] 447316K->376580K(735744K), 0.0032507 secs] [Times: user=0.01 sys=0.00, real=0.01 secs] 
2583.477: [GC (Allocation Failure) [PSYoungGen: 71552K->1440K(71168K)] 446724K->376612K(735232K), 0.0034546 secs] [Times: user=0.01 sys=0.00, real=0.00 secs] 
2584.003: [GC (Allocation Failure) [PSYoungGen: 71072K->1376K(70656K)] 446244K->376548K(734720K), 0.0027532 secs] [Times: user=0.01 sys=0.00, real=0.00 secs] 
2584.302: [GC (Allocation Failure) [PSYoungGen: 70496K->1501K(70144K)] 445668K->376673K(734208K), 0.0018991 secs] [Times: user=0.01 sys=0.00, real=0.00 secs] 
2584.426: [GC (Allocation Failure) [PSYoungGen: 70109K->1504K(69632K)] 445281K->376676K(733696K), 0.0018147 secs] [Times: user=0.01 sys=0.00, real=0.01 secs] 
2584.564: [GC (Allocation Failure) [PSYoungGen: 69600K->1504K(69120K)] 444772K->376676K(733184K), 0.0019985 secs] [Times: user=0.00 sys=0.00, real=0.00 secs] 
2584.715: [GC (Allocation Failure) [PSYoungGen: 69088K->1533K(69632K)] 444260K->376737K(733696K), 0.0018418 secs] [Times: user=0.01 sys=0.00, real=0.01 secs] 
2585.568: [GC (Allocation Failure) [PSYoungGen: 69629K->1376K(69120K)] 444833K->376612K(733184K), 0.0024493 secs] [Times: user=0.01 sys=0.00, real=0.00 secs] 
2585.852: [GC (Allocation Failure) [PSYoungGen: 68960K->1344K(68608K)] 444196K->376580K(732672K), 0.0021252 secs] [Times: user=0.01 sys=0.00, real=0.00 secs] 
2586.234: [GC (Allocation Failure) [PSYoungGen: 68416K->1360K(68096K)] 443652K->376596K(732160K), 0.0019910 secs] [Times: user=0.01 sys=0.00, real=0.00 secs] 
2586.758: [GC (Allocation Failure) [PSYoungGen: 67920K->1344K(67584K)] 443156K->376580K(731648K), 0.0020767 secs] [Times: user=0.01 sys=0.00, real=0.00 secs] 
2587.023: [GC (Allocation Failure) [PSYoungGen: 67392K->1565K(68096K)] 442628K->376801K(732160K), 0.0016652 secs] [Times: user=0.00 sys=0.00, real=0.00 secs] 
2587.140: [GC (Allocation Failure) [PSYoungGen: 67584K->1501K(68096K)] 442820K->376737K(732160K), 0.0016374 secs] [Times: user=0.01 sys=0.00, real=0.00 secs] 
2587.257: [GC (Allocation Failure) [PSYoungGen: 67549K->1533K(68096K)] 442785K->376769K(732160K), 0.0017276 secs] [Times: user=0.00 sys=0.00, real=0.00 secs] 
2587.378: [GC (Allocation Failure) [PSYoungGen: 67581K->1533K(68096K)] 442817K->376785K(732160K), 0.0015952 secs] [Times: user=0.00 sys=0.00, real=0.00 secs] 
2588.247: [GC (Allocation Failure) [PSYoungGen: 67581K->1424K(68096K)] 442833K->376676K(732160K), 0.0025118 secs] [Times: user=0.01 sys=0.00, real=0.00 secs] 
2589.083: [GC (Allocation Failure) [PSYoungGen: 67472K->1376K(68096K)] 442724K->376628K(732160K), 0.0026015 secs] [Times: user=0.01 sys=0.00, real=0.00 secs] 
2589.769: [GC (Allocation Failure) [PSYoungGen: 67424K->1408K(68096K)] 442676K->376660K(732160K), 0.0027618 secs] [Times: user=0.01 sys=0.00, real=0.00 secs] 
2590.370: [GC (Allocation Failure) [PSYoungGen: 67456K->1408K(68096K)] 442708K->376660K(732160K), 0.0028580 secs] [Times: user=0.01 sys=0.00, real=0.00 secs] 
2590.832: [GC (Allocation Failure) [PSYoungGen: 67456K->1488K(68096K)] 442708K->376740K(732160K), 0.0019997 secs] [Times: user=0.01 sys=0.00, real=0.00 secs] 
2590.968: [GC (Allocation Failure) [PSYoungGen: 67536K->1533K(68096K)] 442788K->376785K(732160K), 0.0016262 secs] [Times: user=0.01 sys=0.00, real=0.00 secs] 
2591.084: [GC (Allocation Failure) [PSYoungGen: 67581K->1504K(68096K)] 442833K->376756K(732160K), 0.0018070 secs] [Times: user=0.01 sys=0.00, real=0.00 secs] 
2591.200: [GC (Allocation Failure) [PSYoungGen: 67552K->1565K(68096K)] 442804K->376841K(732160K), 0.0016492 secs] [Times: user=0.01 sys=0.00, real=0.00 secs] 
2591.464: [GC (Allocation Failure) [PSYoungGen: 67613K->1440K(68096K)] 442889K->376716K(732160K), 0.0020413 secs] [Times: user=0.01 sys=0.00, real=0.00 secs] 
2591.739: [GC (Allocation Failure) [PSYoungGen: 67488K->1376K(68096K)] 442764K->376652K(732160K), 0.0018788 secs] [Times: user=0.01 sys=0.00, real=0.00 secs] 
2592.014: [GC (Allocation Failure) [PSYoungGen: 67424K->1408K(68096K)] 442700K->376684K(732160K), 0.0019066 secs] [Times: user=0.01 sys=0.00, real=0.00 secs] 
2592.290: [GC (Allocation Failure) [PSYoungGen: 67456K->1408K(68096K)] 442732K->376684K(732160K), 0.0018661 secs] [Times: user=0.00 sys=0.00, real=0.00 secs] 
2592.596: [GC (Allocation Failure) [PSYoungGen: 67456K->1501K(68096K)] 442732K->376777K(732160K), 0.0016802 secs] [Times: user=0.01 sys=0.00, real=0.01 secs] 
2592.712: [GC (Allocation Failure) [PSYoungGen: 67549K->1533K(68096K)] 442825K->376809K(732160K), 0.0017400 secs] [Times: user=0.01 sys=0.00, real=0.00 secs] 
2592.829: [GC (Allocation Failure) [PSYoungGen: 67579K->1517K(68096K)] 442856K->376793K(732160K), 0.0016774 secs] [Times: user=0.01 sys=0.00, real=0.00 secs] 
2592.962: [GC (Allocation Failure) [PSYoungGen: 67565K->1501K(75264K)] 442841K->376801K(739328K), 0.0019473 secs] [Times: user=0.01 sys=0.00, real=0.00 secs] 
2593.465: [GC (Allocation Failure) [PSYoungGen: 74717K->1488K(74240K)] 450017K->376788K(738304K), 0.0020250 secs] [Times: user=0.01 sys=0.00, real=0.01 secs] 
2594.116: [GC (Allocation Failure) [PSYoungGen: 74192K->1376K(73728K)] 449492K->376676K(737792K), 0.0029755 secs] [Times: user=0.02 sys=0.00, real=0.01 secs] 
2594.714: [GC (Allocation Failure) [PSYoungGen: 73568K->1376K(73216K)] 448868K->376676K(737280K), 0.0026868 secs] [Times: user=0.01 sys=0.00, real=0.00 secs] 
2595.016: [GC (Allocation Failure) [PSYoungGen: 73056K->1408K(72704K)] 448356K->376708K(736768K), 0.0027228 secs] [Times: user=0.01 sys=0.00, real=0.01 secs] 
2595.224: [GC (Allocation Failure) [PSYoungGen: 72576K->1472K(72192K)] 447876K->376772K(736256K), 0.0017713 secs] [Times: user=0.01 sys=0.00, real=0.00 secs] 
2595.349: [GC (Allocation Failure) [PSYoungGen: 72128K->1504K(71680K)] 447428K->376804K(735744K), 0.0017730 secs] [Times: user=0.01 sys=0.00, real=0.00 secs] 
2595.473: [GC (Allocation Failure) [PSYoungGen: 71648K->1533K(72192K)] 446948K->376833K(736256K), 0.0016557 secs] [Times: user=0.01 sys=0.00, real=0.00 secs] 
2595.698: [GC (Allocation Failure) [PSYoungGen: 71677K->1568K(71680K)] 446977K->376868K(735744K), 0.0020383 secs] [Times: user=0.01 sys=0.00, real=0.00 secs] 
2597.364: [GC (Allocation Failure) [PSYoungGen: 71200K->1408K(70656K)] 446500K->376708K(734720K), 0.0046012 secs] [Times: user=0.02 sys=0.01, real=0.01 secs] 
2598.442: [GC (Allocation Failure) [PSYoungGen: 70528K->352K(69120K)] 445828K->376676K(733184K), 0.0038993 secs] [Times: user=0.01 sys=0.00, real=0.00 secs] 
2599.534: [GC (Allocation Failure) [PSYoungGen: 68960K->336K(70144K)] 445284K->376660K(734208K), 0.0043676 secs] [Times: user=0.02 sys=0.00, real=0.01 secs] 
2600.408: [GC (Allocation Failure) [PSYoungGen: 68432K->336K(68096K)] 444756K->376660K(732160K), 0.0046258 secs] [Times: user=0.02 sys=0.01, real=0.00 secs] 
2600.712: [GC (Allocation Failure) [PSYoungGen: 67920K->1517K(68608K)] 444244K->377841K(732672K), 0.0023347 secs] [Times: user=0.01 sys=0.00, real=0.00 secs] 
2600.842: [GC (Allocation Failure) [PSYoungGen: 68589K->1568K(68608K)] 444913K->377892K(732672K), 0.0017259 secs] [Times: user=0.00 sys=0.00, real=0.00 secs] 
2600.959: [GC (Allocation Failure) [PSYoungGen: 68128K->1501K(67584K)] 444452K->377825K(731648K), 0.0017892 secs] [Times: user=0.00 sys=0.00, real=0.00 secs] 
2601.129: [GC (Allocation Failure) [PSYoungGen: 67549K->1696K(73728K)] 443873K->378020K(737792K), 0.0019592 secs] [Times: user=0.01 sys=0.00, real=0.00 secs] 
2601.918: [GC (Allocation Failure) [PSYoungGen: 73376K->1344K(72704K)] 449700K->377668K(736768K), 0.0030744 secs] [Times: user=0.01 sys=0.00, real=0.00 secs] 
2602.611: [GC (Allocation Failure) [PSYoungGen: 72512K->1376K(72704K)] 448836K->377700K(736768K), 0.0031139 secs] [Times: user=0.01 sys=0.00, real=0.00 secs] 
2603.343: [GC (Allocation Failure) [PSYoungGen: 72032K->1408K(71680K)] 448356K->377732K(735744K), 0.0032325 secs] [Times: user=0.01 sys=0.00, real=0.00 secs] 
2604.127: [GC (Allocation Failure) [PSYoungGen: 71552K->1392K(71168K)] 447876K->377716K(735232K), 0.0042362 secs] [Times: user=0.02 sys=0.00, real=0.00 secs] 
2604.378: [GC (Allocation Failure) [PSYoungGen: 71024K->1469K(70656K)] 447348K->377793K(734720K), 0.0019894 secs] [Times: user=0.01 sys=0.00, real=0.00 secs] 
2604.549: [GC (Allocation Failure) [PSYoungGen: 70589K->1469K(70144K)] 446913K->377793K(734208K), 0.0024390 secs] [Times: user=0.01 sys=0.01, real=0.00 secs] 
2604.739: [GC (Allocation Failure) [PSYoungGen: 70053K->1469K(69632K)] 446377K->377801K(733696K), 0.0023793 secs] [Times: user=0.01 sys=0.00, real=0.00 secs] 
2605.733: [GC (Allocation Failure) [PSYoungGen: 69565K->1488K(69120K)] 445897K->377820K(733184K), 0.0038280 secs] [Times: user=0.01 sys=0.00, real=0.00 secs] 
2606.182: [GC (Allocation Failure) [PSYoungGen: 69072K->1376K(68608K)] 445404K->377724K(732672K), 0.0022877 secs] [Times: user=0.01 sys=0.00, real=0.00 secs] 
2606.493: [GC (Allocation Failure) [PSYoungGen: 68448K->1376K(68096K)] 444796K->377724K(732160K), 0.0019792 secs] [Times: user=0.00 sys=0.00, real=0.00 secs] 
2606.823: [GC (Allocation Failure) [PSYoungGen: 67936K->1344K(67584K)] 444284K->377692K(731648K), 0.0021524 secs] [Times: user=0.01 sys=0.01, real=0.00 secs] 
2607.149: [GC (Allocation Failure) [PSYoungGen: 67392K->1424K(68096K)] 443740K->377772K(732160K), 0.0020816 secs] [Times: user=0.01 sys=0.00, real=0.00 secs] 
2607.274: [GC (Allocation Failure) [PSYoungGen: 67472K->1501K(68096K)] 443820K->377849K(732160K), 0.0017474 secs] [Times: user=0.01 sys=0.00, real=0.00 secs] 
2607.390: [GC (Allocation Failure) [PSYoungGen: 67549K->1533K(68096K)] 443897K->377881K(732160K), 0.0017751 secs] [Times: user=0.00 sys=0.00, real=0.00 secs] 
2607.506: [GC (Allocation Failure) [PSYoungGen: 67581K->1501K(68096K)] 443929K->377865K(732160K), 0.0018069 secs] [Times: user=0.01 sys=0.00, real=0.01 secs] 
2608.616: [GC (Allocation Failure) [PSYoungGen: 67549K->1488K(67584K)] 443913K->377852K(731648K), 0.0046441 secs] [Times: user=0.02 sys=0.01, real=0.01 secs] 
2609.116: [GC (Allocation Failure) [PSYoungGen: 67536K->1376K(67584K)] 443900K->377740K(731648K), 0.0026763 secs] [Times: user=0.01 sys=0.00, real=0.01 secs] 
2609.422: [GC (Allocation Failure) [PSYoungGen: 67424K->1376K(67584K)] 443788K->377740K(731648K), 0.0018622 secs] [Times: user=0.01 sys=0.00, real=0.00 secs] 
2609.956: [GC (Allocation Failure) [PSYoungGen: 67424K->1376K(67584K)] 443788K->377740K(731648K), 0.0022475 secs] [Times: user=0.01 sys=0.00, real=0.01 secs] 
2610.536: [GC (Allocation Failure) [PSYoungGen: 67424K->1485K(67584K)] 443788K->377849K(731648K), 0.0019381 secs] [Times: user=0.01 sys=0.00, real=0.01 secs] 
2610.663: [GC (Allocation Failure) [PSYoungGen: 67533K->1533K(67584K)] 443897K->377897K(731648K), 0.0018020 secs] [Times: user=0.00 sys=0.00, real=0.00 secs] 
2610.781: [GC (Allocation Failure) [PSYoungGen: 67581K->1533K(67584K)] 443945K->377897K(731648K), 0.0016444 secs] [Times: user=0.00 sys=0.00, real=0.00 secs] 
2610.897: [GC (Allocation Failure) [PSYoungGen: 67581K->1536K(71680K)] 443945K->377908K(735744K), 0.0017566 secs] [Times: user=0.01 sys=0.00, real=0.00 secs] 
2611.124: [GC (Allocation Failure) [PSYoungGen: 71168K->1472K(75264K)] 447540K->377844K(739328K), 0.0020682 secs] [Times: user=0.01 sys=0.00, real=0.00 secs] 
2611.433: [GC (Allocation Failure) [PSYoungGen: 74688K->1376K(74240K)] 451060K->377748K(738304K), 0.0018139 secs] [Times: user=0.01 sys=0.00, real=0.00 secs] 
2611.771: [GC (Allocation Failure) [PSYoungGen: 74080K->1376K(73728K)] 450452K->377748K(737792K), 0.0021791 secs] [Times: user=0.01 sys=0.00, real=0.00 secs] 
2612.169: [GC (Allocation Failure) [PSYoungGen: 73568K->1376K(73216K)] 449940K->377748K(737280K), 0.0030241 secs] [Times: user=0.01 sys=0.00, real=0.00 secs] 
2612.848: [GC (Allocation Failure) [PSYoungGen: 73056K->1488K(72704K)] 449428K->377860K(736768K), 0.0026489 secs] [Times: user=0.01 sys=0.00, real=0.00 secs] 
2613.018: [GC (Allocation Failure) [PSYoungGen: 72656K->1501K(72192K)] 449028K->377873K(736256K), 0.0018173 secs] [Times: user=0.01 sys=0.00, real=0.00 secs] 
2613.144: [GC (Allocation Failure) [PSYoungGen: 72157K->1517K(71680K)] 448529K->377889K(735744K), 0.0016476 secs] [Times: user=0.01 sys=0.00, real=0.00 secs] 
2613.268: [GC (Allocation Failure) [PSYoungGen: 71648K->1517K(72192K)] 448020K->377905K(736256K), 0.0017540 secs] [Times: user=0.01 sys=0.00, real=0.00 secs] 
2613.855: [GC (Allocation Failure) [PSYoungGen: 71661K->1472K(71168K)] 448049K->377860K(735232K), 0.0022051 secs] [Times: user=0.01 sys=0.00, real=0.01 secs] 
2614.156: [GC (Allocation Failure) [PSYoungGen: 71104K->1376K(70656K)] 447492K->377764K(734720K), 0.0023430 secs] [Times: user=0.01 sys=0.00, real=0.01 secs] 
2614.536: [GC (Allocation Failure) [PSYoungGen: 70496K->1344K(70144K)] 446884K->377732K(734208K), 0.0021239 secs] [Times: user=0.01 sys=0.00, real=0.01 secs] 
2614.832: [GC (Allocation Failure) [PSYoungGen: 69952K->1376K(69632K)] 446340K->377764K(733696K), 0.0022556 secs] [Times: user=0.01 sys=0.00, real=0.00 secs] 
2615.099: [GC (Allocation Failure) [PSYoungGen: 69472K->1469K(69120K)] 445860K->377857K(733184K), 0.0024763 secs] [Times: user=0.01 sys=0.00, real=0.00 secs] 
2615.318: [GC (Allocation Failure) [PSYoungGen: 69053K->1501K(68608K)] 445441K->377889K(732672K), 0.0027346 secs] [Times: user=0.01 sys=0.00, real=0.00 secs] 
2615.491: [GC (Allocation Failure) [PSYoungGen: 68573K->1469K(68096K)] 444961K->377857K(732160K), 0.0019047 secs] [Times: user=0.01 sys=0.00, real=0.00 secs] 
2615.616: [GC (Allocation Failure) [PSYoungGen: 68029K->1469K(75264K)] 444417K->377865K(739328K), 0.0019146 secs] [Times: user=0.00 sys=0.01, real=0.01 secs] 
2617.142: [GC (Allocation Failure) [PSYoungGen: 75197K->1408K(74752K)] 451593K->377804K(738816K), 0.0036381 secs] [Times: user=0.01 sys=0.00, real=0.00 secs] 
2617.693: [GC (Allocation Failure) [PSYoungGen: 74624K->1408K(74240K)] 451020K->377804K(738304K), 0.0025328 secs] [Times: user=0.01 sys=0.00, real=0.00 secs] 
2618.250: [GC (Allocation Failure) [PSYoungGen: 74112K->1408K(73728K)] 450508K->377804K(737792K), 0.0039052 secs] [Times: user=0.01 sys=0.00, real=0.00 secs] 
2618.809: [GC (Allocation Failure) [PSYoungGen: 73600K->1408K(73216K)] 449996K->377804K(737280K), 0.0035851 secs] [Times: user=0.01 sys=0.00, real=0.00 secs] 
2619.081: [GC (Allocation Failure) [PSYoungGen: 73088K->1533K(72704K)] 449484K->377929K(736768K), 0.0018825 secs] [Times: user=0.01 sys=0.00, real=0.00 secs] 
2619.210: [GC (Allocation Failure) [PSYoungGen: 72701K->1568K(72704K)] 449097K->377964K(736768K), 0.0017720 secs] [Times: user=0.01 sys=0.00, real=0.00 secs] 
2619.335: [GC (Allocation Failure) [PSYoungGen: 72224K->1533K(71680K)] 448620K->377929K(735744K), 0.0016732 secs] [Times: user=0.00 sys=0.00, real=0.00 secs] 
2619.531: [GC (Allocation Failure) [PSYoungGen: 71677K->1408K(71168K)] 448073K->377804K(735232K), 0.0020228 secs] [Times: user=0.01 sys=0.00, real=0.00 secs] 
2619.906: [GC (Allocation Failure) [PSYoungGen: 71040K->1376K(70656K)] 447436K->377772K(734720K), 0.0018866 secs] [Times: user=0.01 sys=0.00, real=0.01 secs] 
2620.492: [GC (Allocation Failure) [PSYoungGen: 70496K->1408K(70144K)] 446892K->377804K(734208K), 0.0035455 secs] [Times: user=0.02 sys=0.00, real=0.00 secs] 
2621.096: [GC (Allocation Failure) [PSYoungGen: 70016K->1376K(69632K)] 446412K->377772K(733696K), 0.0034651 secs] [Times: user=0.02 sys=0.00, real=0.01 secs] 
2621.638: [GC (Allocation Failure) [PSYoungGen: 69472K->1453K(69120K)] 445868K->377849K(733184K), 0.0030823 secs] [Times: user=0.01 sys=0.00, real=0.00 secs] 
2621.817: [GC (Allocation Failure) [PSYoungGen: 69037K->1533K(68608K)] 445433K->377929K(732672K), 0.0016822 secs] [Times: user=0.01 sys=0.00, real=0.00 secs] 
2621.935: [GC (Allocation Failure) [PSYoungGen: 68605K->1533K(68096K)] 445001K->377929K(732160K), 0.0017522 secs] [Times: user=0.01 sys=0.00, real=0.00 secs] 
2622.052: [GC (Allocation Failure) [PSYoungGen: 68093K->1533K(68608K)] 444489K->377929K(732672K), 0.0017588 secs] [Times: user=0.00 sys=0.00, real=0.00 secs] 
2622.479: [GC (Allocation Failure) [PSYoungGen: 68605K->1440K(68096K)] 445001K->377836K(732160K), 0.0022384 secs] [Times: user=0.00 sys=0.00, real=0.00 secs] 
2623.141: [GC (Allocation Failure) [PSYoungGen: 68000K->1376K(67584K)] 444396K->377788K(731648K), 0.0027142 secs] [Times: user=0.01 sys=0.00, real=0.00 secs] 
2623.670: [GC (Allocation Failure) [PSYoungGen: 67424K->1376K(68096K)] 443836K->377788K(732160K), 0.0020875 secs] [Times: user=0.01 sys=0.00, real=0.00 secs] 
2623.946: [GC (Allocation Failure) [PSYoungGen: 67424K->1376K(68096K)] 443836K->377788K(732160K), 0.0020249 secs] [Times: user=0.00 sys=0.00, real=0.01 secs] 
2624.243: [GC (Allocation Failure) [PSYoungGen: 67424K->1485K(68096K)] 443836K->377897K(732160K), 0.0019181 secs] [Times: user=0.01 sys=0.00, real=0.00 secs] 
2624.398: [GC (Allocation Failure) [PSYoungGen: 67533K->1453K(68096K)] 443945K->377865K(732160K), 0.0017981 secs] [Times: user=0.01 sys=0.00, real=0.00 secs] 
2624.542: [GC (Allocation Failure) [PSYoungGen: 67501K->1565K(68096K)] 443913K->377977K(732160K), 0.0016469 secs] [Times: user=0.01 sys=0.00, real=0.00 secs] 
2624.658: [GC (Allocation Failure) [PSYoungGen: 67613K->1501K(68096K)] 444025K->377929K(732160K), 0.0017788 secs] [Times: user=0.00 sys=0.00, real=0.00 secs] 
2624.922: [GC (Allocation Failure) [PSYoungGen: 67549K->1440K(68096K)] 443977K->377868K(732160K), 0.0023760 secs] [Times: user=0.01 sys=0.00, real=0.00 secs] 
2625.741: [GC (Allocation Failure) [PSYoungGen: 67488K->1376K(68096K)] 443916K->377804K(732160K), 0.0024552 secs] [Times: user=0.01 sys=0.00, real=0.00 secs] 
2626.417: [GC (Allocation Failure) [PSYoungGen: 67424K->1376K(68096K)] 443852K->377804K(732160K), 0.0040542 secs] [Times: user=0.02 sys=0.00, real=0.00 secs] 
2627.133: [GC (Allocation Failure) [PSYoungGen: 67424K->1408K(68096K)] 443852K->377836K(732160K), 0.0032281 secs] [Times: user=0.02 sys=0.00, real=0.00 secs] 
2627.894: [GC (Allocation Failure) [PSYoungGen: 67456K->1440K(68096K)] 443884K->377868K(732160K), 0.0034742 secs] [Times: user=0.02 sys=0.00, real=0.01 secs] 
2628.149: [GC (Allocation Failure) [PSYoungGen: 67488K->1536K(68096K)] 443916K->377964K(732160K), 0.0017690 secs] [Times: user=0.01 sys=0.00, real=0.00 secs] 
2628.276: [GC (Allocation Failure) [PSYoungGen: 67584K->1565K(68096K)] 444012K->377993K(732160K), 0.0016832 secs] [Times: user=0.01 sys=0.00, real=0.01 secs] 
2628.450: [GC (Allocation Failure) [PSYoungGen: 67613K->1469K(68096K)] 444041K->377905K(732160K), 0.0025200 secs] [Times: user=0.01 sys=0.00, real=0.00 secs] 
2628.610: [GC (Allocation Failure) [PSYoungGen: 67517K->1565K(68096K)] 443953K->378001K(732160K), 0.0016983 secs] [Times: user=0.01 sys=0.00, real=0.00 secs] 
2630.110: [GC (Allocation Failure) [PSYoungGen: 67613K->1440K(68096K)] 444049K->377884K(732160K), 0.0043656 secs] [Times: user=0.02 sys=0.00, real=0.00 secs] 
2630.935: [GC (Allocation Failure) [PSYoungGen: 67488K->1376K(68096K)] 443932K->377820K(732160K), 0.0028951 secs] [Times: user=0.01 sys=0.01, real=0.01 secs] 
2631.482: [GC (Allocation Failure) [PSYoungGen: 67424K->1344K(68096K)] 443868K->377788K(732160K), 0.0022316 secs] [Times: user=0.01 sys=0.00, real=0.00 secs] 
2632.018: [GC (Allocation Failure) [PSYoungGen: 67392K->1408K(68096K)] 443836K->377852K(732160K), 0.0025002 secs] [Times: user=0.01 sys=0.00, real=0.00 secs] 
2632.278: [GC (Allocation Failure) [PSYoungGen: 67456K->1565K(68096K)] 443900K->378009K(732160K), 0.0015997 secs] [Times: user=0.01 sys=0.00, real=0.00 secs] 
2632.394: [GC (Allocation Failure) [PSYoungGen: 67613K->1501K(68096K)] 444057K->377945K(732160K), 0.0016838 secs] [Times: user=0.00 sys=0.00, real=0.00 secs] 
2632.510: [GC (Allocation Failure) [PSYoungGen: 67535K->1469K(68096K)] 443979K->377921K(732160K), 0.0017448 secs] [Times: user=0.01 sys=0.00, real=0.00 secs] 
2632.626: [GC (Allocation Failure) [PSYoungGen: 67517K->1533K(68096K)] 443969K->377985K(732160K), 0.0017073 secs] [Times: user=0.01 sys=0.00, real=0.01 secs] 
2632.889: [GC (Allocation Failure) [PSYoungGen: 67581K->1440K(75264K)] 444033K->377900K(739328K), 0.0019554 secs] [Times: user=0.01 sys=0.00, real=0.00 secs] 
2633.471: [GC (Allocation Failure) [PSYoungGen: 74656K->1344K(74240K)] 451116K->377828K(738304K), 0.0032361 secs] [Times: user=0.01 sys=0.00, real=0.00 secs] 
2634.064: [GC (Allocation Failure) [PSYoungGen: 74048K->1376K(73728K)] 450532K->377860K(737792K), 0.0033868 secs] [Times: user=0.01 sys=0.00, real=0.01 secs] 
2634.664: [GC (Allocation Failure) [PSYoungGen: 73568K->1344K(73216K)] 450052K->377828K(737280K), 0.0034681 secs] [Times: user=0.01 sys=0.00, real=0.01 secs] 
2634.941: [GC (Allocation Failure) [PSYoungGen: 73024K->1485K(72704K)] 449508K->377969K(736768K), 0.0018992 secs] [Times: user=0.00 sys=0.00, real=0.00 secs] 
2635.070: [GC (Allocation Failure) [PSYoungGen: 72653K->1501K(72192K)] 449137K->377985K(736256K), 0.0017944 secs] [Times: user=0.01 sys=0.00, real=0.00 secs] 
2635.195: [GC (Allocation Failure) [PSYoungGen: 72157K->1504K(72704K)] 448641K->377988K(736768K), 0.0017739 secs] [Times: user=0.01 sys=0.00, real=0.00 secs] 
2635.484: [GC (Allocation Failure) [PSYoungGen: 72160K->1472K(71680K)] 448644K->377972K(735744K), 0.0020051 secs] [Times: user=0.01 sys=0.00, real=0.00 secs] 
2636.127: [GC (Allocation Failure) [PSYoungGen: 71616K->1344K(71168K)] 448116K->377844K(735232K), 0.0024028 secs] [Times: user=0.01 sys=0.00, real=0.01 secs] 
2636.678: [GC (Allocation Failure) [PSYoungGen: 70976K->1344K(70656K)] 447476K->377844K(734720K), 0.0022172 secs] [Times: user=0.01 sys=0.00, real=0.00 secs] 
2637.217: [GC (Allocation Failure) [PSYoungGen: 70464K->1376K(70144K)] 446964K->377876K(734208K), 0.0034246 secs] [Times: user=0.01 sys=0.00, real=0.00 secs] 
2637.753: [GC (Allocation Failure) [PSYoungGen: 69984K->1488K(69632K)] 446484K->377988K(733696K), 0.0033631 secs] [Times: user=0.01 sys=0.00, real=0.00 secs] 
2637.956: [GC (Allocation Failure) [PSYoungGen: 69584K->1581K(69632K)] 446084K->378081K(733696K), 0.0019782 secs] [Times: user=0.01 sys=0.00, real=0.01 secs] 
2638.076: [GC (Allocation Failure) [PSYoungGen: 69165K->1501K(68608K)] 445665K->378001K(732672K), 0.0017855 secs] [Times: user=0.01 sys=0.00, real=0.01 secs] 
2638.194: [GC (Allocation Failure) [PSYoungGen: 68573K->1533K(69120K)] 445073K->378057K(733184K), 0.0017284 secs] [Times: user=0.00 sys=0.00, real=0.00 secs] 
2638.559: [GC (Allocation Failure) [PSYoungGen: 69117K->1424K(68608K)] 445641K->377956K(732672K), 0.0022827 secs] [Times: user=0.01 sys=0.00, real=0.00 secs] 
2638.876: [GC (Allocation Failure) [PSYoungGen: 68496K->1408K(68096K)] 445028K->377940K(732160K), 0.0022662 secs] [Times: user=0.01 sys=0.00, real=0.01 secs] 
2639.189: [GC (Allocation Failure) [PSYoungGen: 67968K->1376K(67584K)] 444500K->377908K(731648K), 0.0018917 secs] [Times: user=0.01 sys=0.00, real=0.00 secs] 
2639.634: [GC (Allocation Failure) [PSYoungGen: 67424K->1376K(68096K)] 443956K->377908K(732160K), 0.0019695 secs] [Times: user=0.00 sys=0.00, real=0.00 secs] 
2640.193: [GC (Allocation Failure) [PSYoungGen: 67424K->1520K(68096K)] 443956K->378052K(732160K), 0.0020916 secs] [Times: user=0.01 sys=0.00, real=0.00 secs] 
2640.321: [GC (Allocation Failure) [PSYoungGen: 67568K->1533K(68096K)] 444100K->378065K(732160K), 0.0017475 secs] [Times: user=0.01 sys=0.00, real=0.00 secs] 
2640.438: [GC (Allocation Failure) [PSYoungGen: 67581K->1501K(68096K)] 444113K->378033K(732160K), 0.0017998 secs] [Times: user=0.00 sys=0.00, real=0.00 secs] 
2640.554: [GC (Allocation Failure) [PSYoungGen: 67549K->1565K(68096K)] 444081K->378113K(732160K), 0.0017674 secs] [Times: user=0.01 sys=0.01, real=0.00 secs] 
2641.258: [GC (Allocation Failure) [PSYoungGen: 67613K->1456K(68096K)] 444161K->378004K(732160K), 0.0044944 secs] [Times: user=0.01 sys=0.01, real=0.00 secs] 
2642.222: [GC (Allocation Failure) [PSYoungGen: 67504K->1360K(68096K)] 444052K->377908K(732160K), 0.0032594 secs] [Times: user=0.02 sys=0.00, real=0.00 secs] 
2643.226: [GC (Allocation Failure) [PSYoungGen: 67408K->1408K(68096K)] 443956K->377956K(732160K), 0.0041227 secs] [Times: user=0.01 sys=0.00, real=0.01 secs] 
2644.371: [GC (Allocation Failure) [PSYoungGen: 67456K->1408K(68096K)] 444004K->377972K(732160K), 0.0040913 secs] [Times: user=0.02 sys=0.00, real=0.00 secs] 
2645.322: [GC (Allocation Failure) [PSYoungGen: 67348K->240K(68096K)] 443913K->376804K(732160K), 0.0041334 secs] [Times: user=0.02 sys=0.00, real=0.00 secs] 
2645.534: [GC (Allocation Failure) [PSYoungGen: 66288K->1501K(68096K)] 442852K->378065K(732160K), 0.0018245 secs] [Times: user=0.01 sys=0.00, real=0.00 secs] 
2645.657: [GC (Allocation Failure) [PSYoungGen: 67549K->1533K(68096K)] 444113K->378097K(732160K), 0.0016722 secs] [Times: user=0.01 sys=0.00, real=0.01 secs] 
2645.773: [GC (Allocation Failure) [PSYoungGen: 67581K->1469K(68096K)] 444145K->378041K(732160K), 0.0017189 secs] [Times: user=0.00 sys=0.00, real=0.00 secs] 
2646.245: [GC (Allocation Failure) [PSYoungGen: 67517K->1952K(68096K)] 444089K->378524K(732160K), 0.0020845 secs] [Times: user=0.01 sys=0.00, real=0.01 secs] 
2646.774: [GC (Allocation Failure) [PSYoungGen: 68000K->1408K(68096K)] 444572K->377980K(732160K), 0.0018634 secs] [Times: user=0.01 sys=0.00, real=0.00 secs] 
2647.066: [GC (Allocation Failure) [PSYoungGen: 67456K->1408K(68096K)] 444028K->377980K(732160K), 0.0020754 secs] [Times: user=0.01 sys=0.00, real=0.01 secs] 
2647.341: [GC (Allocation Failure) [PSYoungGen: 67456K->1392K(68096K)] 444028K->377964K(732160K), 0.0020897 secs] [Times: user=0.01 sys=0.00, real=0.00 secs] 
2647.615: [GC (Allocation Failure) [PSYoungGen: 67440K->1440K(68096K)] 444012K->378012K(732160K), 0.0020244 secs] [Times: user=0.01 sys=0.00, real=0.01 secs] 
2647.792: [GC (Allocation Failure) [PSYoungGen: 67488K->1533K(68096K)] 444060K->378105K(732160K), 0.0018401 secs] [Times: user=0.01 sys=0.00, real=0.00 secs] 
2647.909: [GC (Allocation Failure) [PSYoungGen: 67581K->1533K(68096K)] 444153K->378105K(732160K), 0.0017224 secs] [Times: user=0.01 sys=0.00, real=0.00 secs] 
2648.025: [GC (Allocation Failure) [PSYoungGen: 67581K->1533K(68096K)] 444153K->378121K(732160K), 0.0017217 secs] [Times: user=0.01 sys=0.00, real=0.00 secs] 
2648.141: [GC (Allocation Failure) [PSYoungGen: 67581K->1504K(68096K)] 444169K->378092K(732160K), 0.0016966 secs] [Times: user=0.00 sys=0.00, real=0.00 secs] 
2648.436: [GC (Allocation Failure) [PSYoungGen: 67552K->1472K(74752K)] 444140K->378060K(738816K), 0.0019817 secs] [Times: user=0.00 sys=0.00, real=0.01 secs] 
2648.741: [GC (Allocation Failure) [PSYoungGen: 74688K->1376K(74240K)] 451276K->377964K(738304K), 0.0017740 secs] [Times: user=0.01 sys=0.00, real=0.00 secs] 
2649.042: [GC (Allocation Failure) [PSYoungGen: 74080K->1376K(73728K)] 450668K->377964K(737792K), 0.0018915 secs] [Times: user=0.00 sys=0.01, real=0.00 secs] 
2649.439: [GC (Allocation Failure) [PSYoungGen: 73568K->1360K(73216K)] 450156K->377948K(737280K), 0.0017626 secs] [Times: user=0.01 sys=0.01, real=0.00 secs] 
2649.641: [GC (Allocation Failure) [PSYoungGen: 73040K->1565K(73216K)] 449628K->378153K(737280K), 0.0016971 secs] [Times: user=0.01 sys=0.00, real=0.00 secs] 
2649.768: [GC (Allocation Failure) [PSYoungGen: 72733K->1533K(72192K)] 449321K->378121K(736256K), 0.0018464 secs] [Times: user=0.00 sys=0.00, real=0.00 secs] 
2649.911: [GC (Allocation Failure) [PSYoungGen: 72189K->1520K(71680K)] 448777K->378132K(735744K), 0.0017574 secs] [Times: user=0.00 sys=0.00, real=0.00 secs] 
2650.332: [GC (Allocation Failure) [PSYoungGen: 71664K->1472K(71168K)] 448276K->378084K(735232K), 0.0026363 secs] [Times: user=0.01 sys=0.00, real=0.00 secs] 
2651.091: [GC (Allocation Failure) [PSYoungGen: 71104K->1376K(70656K)] 447716K->377988K(734720K), 0.0024446 secs] [Times: user=0.01 sys=0.00, real=0.00 secs] 
2652.149: [GC (Allocation Failure) [PSYoungGen: 70496K->1408K(70144K)] 447108K->378020K(734208K), 0.0034316 secs] [Times: user=0.02 sys=0.00, real=0.00 secs] 
2652.951: [GC (Allocation Failure) [PSYoungGen: 70016K->1344K(69632K)] 446628K->377980K(733696K), 0.0032396 secs] [Times: user=0.02 sys=0.00, real=0.00 secs] 
2653.576: [GC (Allocation Failure) [PSYoungGen: 69440K->1485K(69120K)] 446076K->378121K(733184K), 0.0026522 secs] [Times: user=0.01 sys=0.00, real=0.01 secs] 
2653.775: [GC (Allocation Failure) [PSYoungGen: 69069K->1501K(68608K)] 445705K->378137K(732672K), 0.0025527 secs] [Times: user=0.01 sys=0.00, real=0.01 secs] 
2653.969: [GC (Allocation Failure) [PSYoungGen: 68573K->1549K(68608K)] 445209K->378185K(732672K), 0.0022198 secs] [Times: user=0.01 sys=0.00, real=0.00 secs] 
2654.148: [GC (Allocation Failure) [PSYoungGen: 68109K->541K(67072K)] 444745K->378201K(731136K), 0.0026262 secs] [Times: user=0.01 sys=0.00, real=0.00 secs] 
2654.594: [GC (Allocation Failure) [PSYoungGen: 66589K->1488K(67584K)] 444249K->379148K(731648K), 0.0040221 secs] [Times: user=0.01 sys=0.00, real=0.01 secs] 
2654.920: [GC (Allocation Failure) [PSYoungGen: 67536K->1376K(68096K)] 445196K->379036K(732160K), 0.0021461 secs] [Times: user=0.00 sys=0.00, real=0.00 secs] 
2655.199: [GC (Allocation Failure) [PSYoungGen: 67424K->1376K(68096K)] 445084K->379036K(732160K), 0.0018855 secs] [Times: user=0.01 sys=0.00, real=0.00 secs] 
2655.692: [GC (Allocation Failure) [PSYoungGen: 67424K->1344K(68096K)] 445084K->379004K(732160K), 0.0017372 secs] [Times: user=0.01 sys=0.00, real=0.00 secs] 
2656.291: [GC (Allocation Failure) [PSYoungGen: 67392K->1485K(68096K)] 445052K->379145K(732160K), 0.0020319 secs] [Times: user=0.01 sys=0.00, real=0.00 secs] 
2656.420: [GC (Allocation Failure) [PSYoungGen: 67533K->1533K(68096K)] 445193K->379193K(732160K), 0.0018101 secs] [Times: user=0.00 sys=0.00, real=0.00 secs] 
2656.536: [GC (Allocation Failure) [PSYoungGen: 67581K->1485K(68096K)] 445241K->379145K(732160K), 0.0017301 secs] [Times: user=0.01 sys=0.00, real=0.01 secs] 
2656.670: [GC (Allocation Failure) [PSYoungGen: 67533K->1517K(68096K)] 445193K->379185K(732160K), 0.0018224 secs] [Times: user=0.01 sys=0.00, real=0.00 secs] 
2657.046: [GC (Allocation Failure) [PSYoungGen: 67565K->1424K(68096K)] 445233K->379092K(732160K), 0.0028907 secs] [Times: user=0.02 sys=0.00, real=0.01 secs] 
2657.453: [GC (Allocation Failure) [PSYoungGen: 67472K->1408K(68096K)] 445140K->379076K(732160K), 0.0022135 secs] [Times: user=0.01 sys=0.00, real=0.00 secs] 
2657.728: [GC (Allocation Failure) [PSYoungGen: 67456K->1376K(68096K)] 445124K->379044K(732160K), 0.0021056 secs] [Times: user=0.01 sys=0.01, real=0.00 secs] 
2658.404: [GC (Allocation Failure) [PSYoungGen: 67424K->1376K(68096K)] 445092K->379044K(732160K), 0.0024356 secs] [Times: user=0.01 sys=0.00, real=0.00 secs] 
2659.248: [GC (Allocation Failure) [PSYoungGen: 67424K->1376K(68096K)] 445092K->379044K(732160K), 0.0022910 secs] [Times: user=0.01 sys=0.00, real=0.00 secs] 
2659.425: [GC (Allocation Failure) [PSYoungGen: 67424K->1565K(68096K)] 445092K->379233K(732160K), 0.0017225 secs] [Times: user=0.01 sys=0.00, real=0.01 secs] 
2659.541: [GC (Allocation Failure) [PSYoungGen: 67613K->1469K(68096K)] 445281K->379137K(732160K), 0.0017140 secs] [Times: user=0.01 sys=0.01, real=0.00 secs] 
2659.657: [GC (Allocation Failure) [PSYoungGen: 67517K->1565K(68096K)] 445185K->379241K(732160K), 0.0017644 secs] [Times: user=0.01 sys=0.00, real=0.00 secs] 
2660.092: [GC (Allocation Failure) [PSYoungGen: 67613K->1760K(68096K)] 445289K->379436K(732160K), 0.0031268 secs] [Times: user=0.01 sys=0.00, real=0.00 secs] 
2661.829: [GC (Allocation Failure) [PSYoungGen: 67808K->1408K(68096K)] 445484K->379084K(732160K), 0.0042383 secs] [Times: user=0.02 sys=0.00, real=0.00 secs] 
2662.538: [GC (Allocation Failure) [PSYoungGen: 67456K->1376K(68096K)] 445132K->379052K(732160K), 0.0027556 secs] [Times: user=0.01 sys=0.00, real=0.00 secs] 
2663.295: [GC (Allocation Failure) [PSYoungGen: 67424K->1408K(68096K)] 445100K->379084K(732160K), 0.0026840 secs] [Times: user=0.01 sys=0.00, real=0.01 secs] 
2664.198: [GC (Allocation Failure) [PSYoungGen: 67456K->1408K(68096K)] 445132K->379084K(732160K), 0.0024618 secs] [Times: user=0.01 sys=0.00, real=0.00 secs] 
2664.525: [GC (Allocation Failure) [PSYoungGen: 67456K->1469K(68096K)] 445132K->379145K(732160K), 0.0018116 secs] [Times: user=0.01 sys=0.00, real=0.00 secs] 
2664.645: [GC (Allocation Failure) [PSYoungGen: 67517K->1469K(68096K)] 445193K->379145K(732160K), 0.0016818 secs] [Times: user=0.01 sys=0.00, real=0.00 secs] 
2664.779: [GC (Allocation Failure) [PSYoungGen: 67506K->1504K(68096K)] 445183K->379188K(732160K), 0.0017950 secs] [Times: user=0.01 sys=0.00, real=0.00 secs] 
2664.936: [GC (Allocation Failure) [PSYoungGen: 67552K->1517K(68096K)] 445236K->379201K(732160K), 0.0019671 secs] [Times: user=0.01 sys=0.00, real=0.01 secs] 
2665.877: [GC (Allocation Failure) [PSYoungGen: 67565K->1472K(68096K)] 445249K->379180K(732160K), 0.0021724 secs] [Times: user=0.01 sys=0.00, real=0.00 secs] 
2666.170: [GC (Allocation Failure) [PSYoungGen: 67520K->1344K(68096K)] 445228K->379052K(732160K), 0.0018375 secs] [Times: user=0.01 sys=0.00, real=0.00 secs] 
2666.489: [GC (Allocation Failure) [PSYoungGen: 67392K->1408K(68096K)] 445100K->379116K(732160K), 0.0019945 secs] [Times: user=0.01 sys=0.00, real=0.00 secs] 
2666.799: [GC (Allocation Failure) [PSYoungGen: 67456K->1376K(68096K)] 445164K->379084K(732160K), 0.0018622 secs] [Times: user=0.00 sys=0.00, real=0.00 secs] 
2667.056: [GC (Allocation Failure) [PSYoungGen: 67424K->1504K(68096K)] 445132K->379212K(732160K), 0.0017519 secs] [Times: user=0.00 sys=0.00, real=0.01 secs] 
2667.172: [GC (Allocation Failure) [PSYoungGen: 67552K->1469K(68096K)] 445260K->379177K(732160K), 0.0016929 secs] [Times: user=0.00 sys=0.00, real=0.00 secs] 
2667.288: [GC (Allocation Failure) [PSYoungGen: 67492K->1501K(68096K)] 445200K->379217K(732160K), 0.0017425 secs] [Times: user=0.01 sys=0.00, real=0.00 secs] 
2667.404: [GC (Allocation Failure) [PSYoungGen: 67549K->1533K(68096K)] 445265K->379249K(732160K), 0.0016554 secs] [Times: user=0.01 sys=0.00, real=0.00 secs] 
2667.918: [GC (Allocation Failure) [PSYoungGen: 67581K->1408K(67584K)] 445297K->379124K(731648K), 0.0024226 secs] [Times: user=0.00 sys=0.00, real=0.00 secs] 
2668.464: [GC (Allocation Failure) [PSYoungGen: 67456K->1408K(67584K)] 445172K->379124K(731648K), 0.0024745 secs] [Times: user=0.01 sys=0.00, real=0.00 secs] 
2668.842: [GC (Allocation Failure) [PSYoungGen: 67456K->1392K(67584K)] 445172K->379108K(731648K), 0.0020643 secs] [Times: user=0.01 sys=0.00, real=0.00 secs] 
2669.131: [GC (Allocation Failure) [PSYoungGen: 67440K->1408K(67584K)] 445156K->379124K(731648K), 0.0023888 secs] [Times: user=0.01 sys=0.01, real=0.00 secs] 
2669.419: [GC (Allocation Failure) [PSYoungGen: 67456K->1517K(67584K)] 445172K->379249K(731648K), 0.0017115 secs] [Times: user=0.01 sys=0.00, real=0.00 secs] 
2669.539: [GC (Allocation Failure) [PSYoungGen: 67565K->1472K(67584K)] 445297K->379204K(731648K), 0.0018555 secs] [Times: user=0.01 sys=0.01, real=0.00 secs] 
2669.656: [GC (Allocation Failure) [PSYoungGen: 67520K->1501K(71680K)] 445252K->379233K(735744K), 0.0017169 secs] [Times: user=0.01 sys=0.00, real=0.01 secs] 
2669.779: [GC (Allocation Failure) [PSYoungGen: 71645K->1533K(72192K)] 449377K->379273K(736256K), 0.0017011 secs] [Times: user=0.01 sys=0.00, real=0.00 secs] 
2670.215: [GC (Allocation Failure) [PSYoungGen: 71677K->1456K(71168K)] 449417K->379196K(735232K), 0.0020581 secs] [Times: user=0.01 sys=0.00, real=0.01 secs] 
2670.814: [GC (Allocation Failure) [PSYoungGen: 71088K->1408K(70656K)] 448828K->379148K(734720K), 0.0034835 secs] [Times: user=0.01 sys=0.00, real=0.01 secs] 
2671.344: [GC (Allocation Failure) [PSYoungGen: 70528K->1344K(70144K)] 448268K->379084K(734208K), 0.0023824 secs] [Times: user=0.01 sys=0.00, real=0.01 secs] 
2671.834: [GC (Allocation Failure) [PSYoungGen: 69952K->1408K(69632K)] 447692K->379148K(733696K), 0.0023545 secs] [Times: user=0.01 sys=0.00, real=0.00 secs] 
2672.122: [GC (Allocation Failure) [PSYoungGen: 69504K->1533K(69120K)] 447244K->379273K(733184K), 0.0016810 secs] [Times: user=0.00 sys=0.00, real=0.00 secs] 
2672.241: [GC (Allocation Failure) [PSYoungGen: 69112K->1533K(68608K)] 446852K->379273K(732672K), 0.0016739 secs] [Times: user=0.01 sys=0.00, real=0.00 secs] 
2672.378: [GC (Allocation Failure) [PSYoungGen: 68605K->1533K(68096K)] 446345K->379273K(732160K), 0.0017471 secs] [Times: user=0.01 sys=0.00, real=0.00 secs] 
2672.524: [GC (Allocation Failure) [PSYoungGen: 68093K->1469K(75264K)] 445833K->379233K(739328K), 0.0019157 secs] [Times: user=0.01 sys=0.00, real=0.00 secs] 
2673.581: [GC (Allocation Failure) [PSYoungGen: 75197K->1440K(74752K)] 452961K->379204K(738816K), 0.0035749 secs] [Times: user=0.01 sys=0.00, real=0.00 secs] 
2674.904: [GC (Allocation Failure) [PSYoungGen: 74656K->1376K(74240K)] 452420K->379140K(738304K), 0.0036277 secs] [Times: user=0.01 sys=0.00, real=0.01 secs] 
2675.810: [GC (Allocation Failure) [PSYoungGen: 74080K->1408K(73728K)] 451844K->379172K(737792K), 0.0045999 secs] [Times: user=0.02 sys=0.00, real=0.00 secs] 
2676.708: [GC (Allocation Failure) [PSYoungGen: 73600K->1376K(73216K)] 451364K->379140K(737280K), 0.0036035 secs] [Times: user=0.02 sys=0.00, real=0.00 secs] 
2677.017: [GC (Allocation Failure) [PSYoungGen: 73056K->1485K(72704K)] 450820K->379249K(736768K), 0.0019174 secs] [Times: user=0.01 sys=0.00, real=0.00 secs] 
2677.148: [GC (Allocation Failure) [PSYoungGen: 72653K->1533K(72192K)] 450417K->379297K(736256K), 0.0018039 secs] [Times: user=0.00 sys=0.00, real=0.00 secs] 
2677.272: [GC (Allocation Failure) [PSYoungGen: 72189K->1501K(71680K)] 449953K->379265K(735744K), 0.0018050 secs] [Times: user=0.01 sys=0.00, real=0.00 secs] 
2677.475: [GC (Allocation Failure) [PSYoungGen: 71645K->1456K(71168K)] 449409K->379220K(735232K), 0.0020552 secs] [Times: user=0.00 sys=0.00, real=0.01 secs] 
2677.848: [GC (Allocation Failure) [PSYoungGen: 71088K->1376K(70656K)] 448852K->379140K(734720K), 0.0021175 secs] [Times: user=0.00 sys=0.00, real=0.00 secs] 
2678.417: [GC (Allocation Failure) [PSYoungGen: 70496K->1408K(70144K)] 448260K->379172K(734208K), 0.0045493 secs] [Times: user=0.02 sys=0.00, real=0.01 secs] 
2679.151: [GC (Allocation Failure) [PSYoungGen: 70016K->1328K(69632K)] 447780K->379092K(733696K), 0.0023682 secs] [Times: user=0.01 sys=0.00, real=0.00 secs] 
2679.731: [GC (Allocation Failure) [PSYoungGen: 69424K->1485K(69120K)] 447188K->379249K(733184K), 0.0022981 secs] [Times: user=0.01 sys=0.00, real=0.00 secs] 
2679.877: [GC (Allocation Failure) [PSYoungGen: 69069K->1501K(68608K)] 446833K->379265K(732672K), 0.0016758 secs] [Times: user=0.00 sys=0.00, real=0.00 secs] 
2679.995: [GC (Allocation Failure) [PSYoungGen: 68573K->1533K(68096K)] 446337K->379297K(732160K), 0.0017610 secs] [Times: user=0.01 sys=0.00, real=0.00 secs] 
2680.111: [GC (Allocation Failure) [PSYoungGen: 68093K->1504K(68608K)] 445857K->379268K(732672K), 0.0016102 secs] [Times: user=0.01 sys=0.00, real=0.00 secs] 
2680.849: [GC (Allocation Failure) [PSYoungGen: 68064K->1472K(67584K)] 445828K->379236K(731648K), 0.0025615 secs] [Times: user=0.01 sys=0.00, real=0.00 secs] 
2681.254: [GC (Allocation Failure) [PSYoungGen: 67520K->1408K(68096K)] 445284K->379172K(732160K), 0.0021907 secs] [Times: user=0.00 sys=0.00, real=0.00 secs] 
2681.538: [GC (Allocation Failure) [PSYoungGen: 67456K->1408K(68096K)] 445220K->379172K(732160K), 0.0020313 secs] [Times: user=0.01 sys=0.00, real=0.00 secs] 
2681.857: [GC (Allocation Failure) [PSYoungGen: 67456K->1408K(68096K)] 445220K->379172K(732160K), 0.0021036 secs] [Times: user=0.01 sys=0.00, real=0.00 secs] 
2682.160: [GC (Allocation Failure) [PSYoungGen: 67456K->1485K(68096K)] 445220K->379249K(732160K), 0.0020823 secs] [Times: user=0.01 sys=0.00, real=0.00 secs] 
2682.349: [GC (Allocation Failure) [PSYoungGen: 67533K->1501K(68096K)] 445297K->379265K(732160K), 0.0022781 secs] [Times: user=0.01 sys=0.00, real=0.00 secs] 
2682.541: [GC (Allocation Failure) [PSYoungGen: 67549K->1533K(68096K)] 445313K->379297K(732160K), 0.0021596 secs] [Times: user=0.00 sys=0.00, real=0.00 secs] 
2682.687: [GC (Allocation Failure) [PSYoungGen: 67581K->1533K(68096K)] 445345K->379313K(732160K), 0.0018155 secs] [Times: user=0.01 sys=0.00, real=0.00 secs] 
2682.905: [GC (Allocation Failure) [PSYoungGen: 67581K->1440K(68096K)] 445361K->379236K(732160K), 0.0019917 secs] [Times: user=0.00 sys=0.00, real=0.01 secs] 
2683.446: [GC (Allocation Failure) [PSYoungGen: 67488K->1408K(68096K)] 445284K->379204K(732160K), 0.0032650 secs] [Times: user=0.02 sys=0.00, real=0.01 secs] 
2684.056: [GC (Allocation Failure) [PSYoungGen: 67456K->1376K(68096K)] 445252K->379172K(732160K), 0.0024986 secs] [Times: user=0.01 sys=0.00, real=0.01 secs] 
2684.885: [GC (Allocation Failure) [PSYoungGen: 67424K->1408K(68096K)] 445220K->379204K(732160K), 0.0035981 secs] [Times: user=0.01 sys=0.00, real=0.01 secs] 
2685.687: [GC (Allocation Failure) [PSYoungGen: 67456K->1408K(68096K)] 445252K->379204K(732160K), 0.0042838 secs] [Times: user=0.02 sys=0.00, real=0.01 secs] 
2685.963: [GC (Allocation Failure) [PSYoungGen: 67456K->1504K(68096K)] 445252K->379300K(732160K), 0.0018745 secs] [Times: user=0.01 sys=0.00, real=0.00 secs] 
2686.089: [GC (Allocation Failure) [PSYoungGen: 67529K->1469K(68096K)] 445326K->379265K(732160K), 0.0017676 secs] [Times: user=0.00 sys=0.00, real=0.00 secs] 
2686.205: [GC (Allocation Failure) [PSYoungGen: 67517K->1533K(68096K)] 445313K->379345K(732160K), 0.0017004 secs] [Times: user=0.01 sys=0.00, real=0.00 secs] 
2686.506: [GC (Allocation Failure) [PSYoungGen: 67581K->1488K(68096K)] 445393K->379300K(732160K), 0.0023121 secs] [Times: user=0.01 sys=0.00, real=0.01 secs] 
2687.412: [GC (Allocation Failure) [PSYoungGen: 67536K->1376K(68096K)] 445348K->379188K(732160K), 0.0022362 secs] [Times: user=0.01 sys=0.00, real=0.00 secs] 
2687.681: [GC (Allocation Failure) [PSYoungGen: 67424K->1408K(68096K)] 445236K->379220K(732160K), 0.0019846 secs] [Times: user=0.01 sys=0.00, real=0.00 secs] 
2687.955: [GC (Allocation Failure) [PSYoungGen: 67456K->1376K(68096K)] 445268K->379188K(732160K), 0.0019661 secs] [Times: user=0.01 sys=0.00, real=0.01 secs] 
2688.230: [GC (Allocation Failure) [PSYoungGen: 67424K->1424K(68096K)] 445236K->379236K(732160K), 0.0018569 secs] [Times: user=0.00 sys=0.00, real=0.00 secs] 
2688.555: [GC (Allocation Failure) [PSYoungGen: 67472K->1501K(68096K)] 445284K->379313K(732160K), 0.0016844 secs] [Times: user=0.01 sys=0.00, real=0.01 secs] 
2688.671: [GC (Allocation Failure) [PSYoungGen: 67549K->1501K(68096K)] 445361K->379313K(732160K), 0.0018296 secs] [Times: user=0.00 sys=0.00, real=0.00 secs] 
2688.804: [GC (Allocation Failure) [PSYoungGen: 67549K->1533K(68096K)] 445361K->379353K(732160K), 0.0017812 secs] [Times: user=0.01 sys=0.00, real=0.00 secs] 
2688.950: [GC (Allocation Failure) [PSYoungGen: 67581K->1501K(68096K)] 445401K->379321K(732160K), 0.0018615 secs] [Times: user=0.01 sys=0.01, real=0.00 secs] 
2690.111: [GC (Allocation Failure) [PSYoungGen: 67549K->1456K(67584K)] 445369K->379276K(731648K), 0.0034850 secs] [Times: user=0.02 sys=0.01, real=0.00 secs] 
2690.905: [GC (Allocation Failure) [PSYoungGen: 67504K->1408K(67584K)] 445324K->379228K(731648K), 0.0053999 secs] [Times: user=0.02 sys=0.00, real=0.01 secs] 
2691.587: [GC (Allocation Failure) [PSYoungGen: 67456K->1408K(67584K)] 445276K->379228K(731648K), 0.0033173 secs] [Times: user=0.02 sys=0.00, real=0.00 secs] 
2692.104: [GC (Allocation Failure) [PSYoungGen: 67456K->1440K(67584K)] 445276K->379260K(731648K), 0.0027945 secs] [Times: user=0.01 sys=0.01, real=0.00 secs] 
2692.313: [GC (Allocation Failure) [PSYoungGen: 67488K->1517K(67584K)] 445308K->379337K(731648K), 0.0018104 secs] [Times: user=0.01 sys=0.00, real=0.00 secs] 
2692.429: [GC (Allocation Failure) [PSYoungGen: 67565K->1536K(68096K)] 445385K->379356K(732160K), 0.0018377 secs] [Times: user=0.01 sys=0.01, real=0.00 secs] 
2692.546: [GC (Allocation Failure) [PSYoungGen: 67584K->509K(71680K)] 445404K->379369K(735744K), 0.0017455 secs] [Times: user=0.00 sys=0.00, real=0.01 secs] 
2692.670: [GC (Allocation Failure) [PSYoungGen: 71165K->493K(72704K)] 450025K->379353K(736768K), 0.0016323 secs] [Times: user=0.01 sys=0.00, real=0.00 secs] 
2693.642: [GC (Allocation Failure) [PSYoungGen: 71149K->1440K(71680K)] 450009K->380316K(735744K), 0.0046993 secs] [Times: user=0.02 sys=0.01, real=0.00 secs] 
2694.237: [GC (Allocation Failure) [PSYoungGen: 71584K->1344K(71168K)] 450460K->380220K(735232K), 0.0031522 secs] [Times: user=0.02 sys=0.00, real=0.00 secs] 
2694.887: [GC (Allocation Failure) [PSYoungGen: 70976K->1424K(70656K)] 449852K->380300K(734720K), 0.0026123 secs] [Times: user=0.01 sys=0.00, real=0.00 secs] 
2695.494: [GC (Allocation Failure) [PSYoungGen: 70544K->1408K(70144K)] 449420K->380284K(734208K), 0.0034906 secs] [Times: user=0.01 sys=0.00, real=0.01 secs] 
2695.809: [GC (Allocation Failure) [PSYoungGen: 70016K->1517K(69632K)] 448892K->380393K(733696K), 0.0020403 secs] [Times: user=0.01 sys=0.00, real=0.00 secs] 
2695.931: [GC (Allocation Failure) [PSYoungGen: 69613K->1536K(69632K)] 448489K->380412K(733696K), 0.0017295 secs] [Times: user=0.01 sys=0.00, real=0.00 secs] 
2696.050: [GC (Allocation Failure) [PSYoungGen: 69120K->525K(68096K)] 447996K->380425K(732160K), 0.0016883 secs] [Times: user=0.00 sys=0.00, real=0.00 secs] 
2696.167: [GC (Allocation Failure) [PSYoungGen: 67579K->496K(76800K)] 447479K->380404K(740864K), 0.0017609 secs] [Times: user=0.01 sys=0.00, real=0.00 secs] 
2696.934: [GC (Allocation Failure) [PSYoungGen: 75248K->1456K(76800K)] 455156K->381364K(740864K), 0.0058875 secs] [Times: user=0.03 sys=0.00, real=0.01 secs] 
2697.538: [GC (Allocation Failure) [PSYoungGen: 76208K->1376K(75776K)] 456116K->381284K(739840K), 0.0028501 secs] [Times: user=0.01 sys=0.01, real=0.00 secs] 
2698.109: [GC (Allocation Failure) [PSYoungGen: 75616K->1376K(75264K)] 455524K->381284K(739328K), 0.0030785 secs] [Times: user=0.01 sys=0.00, real=0.00 secs] 
2698.645: [GC (Allocation Failure) [PSYoungGen: 75104K->1453K(74752K)] 455012K->381361K(738816K), 0.0023815 secs] [Times: user=0.01 sys=0.00, real=0.01 secs] 
2698.810: [GC (Allocation Failure) [PSYoungGen: 74669K->1501K(74240K)] 454577K->381409K(738304K), 0.0017875 secs] [Times: user=0.00 sys=0.00, real=0.00 secs] 
2698.938: [GC (Allocation Failure) [PSYoungGen: 74205K->1536K(74240K)] 454113K->381444K(738304K), 0.0018042 secs] [Times: user=0.01 sys=0.00, real=0.00 secs] 
2699.065: [GC (Allocation Failure) [PSYoungGen: 73728K->1533K(74240K)] 453636K->381441K(738304K), 0.0017118 secs] [Times: user=0.01 sys=0.00, real=0.00 secs] 
2699.330: [GC (Allocation Failure) [PSYoungGen: 74237K->1440K(73728K)] 454145K->381348K(737792K), 0.0018949 secs] [Times: user=0.01 sys=0.00, real=0.00 secs] 
2699.630: [GC (Allocation Failure) [PSYoungGen: 73632K->1376K(73216K)] 453540K->381284K(737280K), 0.0019294 secs] [Times: user=0.00 sys=0.00, real=0.00 secs] 
2699.928: [GC (Allocation Failure) [PSYoungGen: 73056K->1376K(72704K)] 452964K->381284K(736768K), 0.0020024 secs] [Times: user=0.01 sys=0.00, real=0.00 secs] 
2700.223: [GC (Allocation Failure) [PSYoungGen: 72544K->1376K(72192K)] 452452K->381284K(736256K), 0.0018734 secs] [Times: user=0.01 sys=0.00, real=0.00 secs] 
2700.415: [GC (Allocation Failure) [PSYoungGen: 72032K->1501K(71680K)] 451940K->381409K(735744K), 0.0016718 secs] [Times: user=0.00 sys=0.00, real=0.00 secs] 
2700.538: [GC (Allocation Failure) [PSYoungGen: 71645K->1533K(71168K)] 451553K->381441K(735232K), 0.0018037 secs] [Times: user=0.00 sys=0.00, real=0.00 secs] 
2700.660: [GC (Allocation Failure) [PSYoungGen: 71165K->1533K(71680K)] 451073K->381441K(735744K), 0.0017507 secs] [Times: user=0.01 sys=0.00, real=0.00 secs] 
2701.027: [GC (Allocation Failure) [PSYoungGen: 71165K->1568K(71168K)] 451073K->381476K(735232K), 0.0024684 secs] [Times: user=0.01 sys=0.00, real=0.01 secs] 
2702.156: [GC (Allocation Failure) [PSYoungGen: 70688K->1408K(70144K)] 450596K->381316K(734208K), 0.0037670 secs] [Times: user=0.01 sys=0.00, real=0.01 secs] 
2702.886: [GC (Allocation Failure) [PSYoungGen: 70016K->384K(68608K)] 449924K->381316K(732672K), 0.0026386 secs] [Times: user=0.01 sys=0.00, real=0.01 secs] 
2703.213: [GC (Allocation Failure) [PSYoungGen: 68480K->352K(68096K)] 449412K->381300K(732160K), 0.0021890 secs] [Times: user=0.01 sys=0.00, real=0.00 secs] 
2703.500: [GC (Allocation Failure) [PSYoungGen: 67936K->352K(67584K)] 448884K->381300K(731648K), 0.0021455 secs] [Times: user=0.01 sys=0.00, real=0.00 secs] 
2703.700: [GC (Allocation Failure) [PSYoungGen: 67424K->1533K(69120K)] 448372K->382481K(733184K), 0.0017422 secs] [Times: user=0.01 sys=0.00, real=0.00 secs] 
2703.817: [GC (Allocation Failure) [PSYoungGen: 68093K->1472K(67584K)] 449041K->382420K(731648K), 0.0016175 secs] [Times: user=0.01 sys=0.00, real=0.00 secs] 
2703.933: [GC (Allocation Failure) [PSYoungGen: 67491K->1472K(73728K)] 448439K->382420K(737792K), 0.0017286 secs] [Times: user=0.01 sys=0.01, real=0.00 secs] 
2704.468: [GC (Allocation Failure) [PSYoungGen: 72640K->1952K(75776K)] 453588K->382900K(739840K), 0.0051673 secs] [Times: user=0.02 sys=0.00, real=0.00 secs] 
2705.949: [GC (Allocation Failure) [PSYoungGen: 75168K->1408K(74240K)] 456116K->382356K(738304K), 0.0039012 secs] [Times: user=0.01 sys=0.00, real=0.00 secs] 
2706.435: [GC (Allocation Failure) [PSYoungGen: 74112K->1376K(74240K)] 455060K->382324K(738304K), 0.0021667 secs] [Times: user=0.01 sys=0.00, real=0.01 secs] 
2706.735: [GC (Allocation Failure) [PSYoungGen: 73568K->1376K(73216K)] 454516K->382324K(737280K), 0.0021963 secs] [Times: user=0.01 sys=0.00, real=0.01 secs] 
2707.137: [GC (Allocation Failure) [PSYoungGen: 73056K->1469K(73216K)] 454004K->382417K(737280K), 0.0020756 secs] [Times: user=0.01 sys=0.00, real=0.00 secs] 
2707.268: [GC (Allocation Failure) [PSYoungGen: 72637K->1533K(72192K)] 453585K->382481K(736256K), 0.0018406 secs] [Times: user=0.01 sys=0.00, real=0.00 secs] 
2707.393: [GC (Allocation Failure) [PSYoungGen: 72189K->1501K(72192K)] 453137K->382449K(736256K), 0.0017605 secs] [Times: user=0.01 sys=0.00, real=0.00 secs] 
2707.515: [GC (Allocation Failure) [PSYoungGen: 71622K->1501K(72704K)] 452570K->382473K(736768K), 0.0017725 secs] [Times: user=0.01 sys=0.00, real=0.01 secs] 
2708.017: [GC (Allocation Failure) [PSYoungGen: 71645K->1456K(71168K)] 452617K->382428K(735232K), 0.0020453 secs] [Times: user=0.00 sys=0.00, real=0.01 secs] 
2708.628: [GC (Allocation Failure) [PSYoungGen: 71088K->1424K(70656K)] 452060K->382396K(734720K), 0.0031151 secs] [Times: user=0.01 sys=0.00, real=0.00 secs] 
2708.916: [GC (Allocation Failure) [PSYoungGen: 70544K->1344K(70144K)] 451516K->382316K(734208K), 0.0024524 secs] [Times: user=0.01 sys=0.00, real=0.01 secs] 
2709.201: [GC (Allocation Failure) [PSYoungGen: 69952K->1408K(69632K)] 450924K->382380K(733696K), 0.0022528 secs] [Times: user=0.01 sys=0.00, real=0.00 secs] 
2709.452: [GC (Allocation Failure) [PSYoungGen: 69504K->1469K(69120K)] 450476K->382441K(733184K), 0.0021457 secs] [Times: user=0.01 sys=0.00, real=0.00 secs] 
2709.626: [GC (Allocation Failure) [PSYoungGen: 69023K->1549K(69120K)] 449995K->382521K(733184K), 0.0019829 secs] [Times: user=0.01 sys=0.00, real=0.01 secs] 
2709.753: [GC (Allocation Failure) [PSYoungGen: 68621K->512K(67584K)] 449593K->382508K(731648K), 0.0016150 secs] [Times: user=0.00 sys=0.00, real=0.00 secs] 
2709.869: [GC (Allocation Failure) [PSYoungGen: 67072K->461K(74240K)] 449068K->382465K(738304K), 0.0015691 secs] [Times: user=0.00 sys=0.00, real=0.00 secs] 
2710.155: [GC (Allocation Failure) [PSYoungGen: 74189K->1456K(76288K)] 456193K->383460K(740352K), 0.0030279 secs] [Times: user=0.02 sys=0.00, real=0.01 secs] 
2710.663: [GC (Allocation Failure) [PSYoungGen: 75184K->1376K(74752K)] 457188K->383380K(738816K), 0.0026204 secs] [Times: user=0.02 sys=0.00, real=0.00 secs] 
2711.207: [GC (Allocation Failure) [PSYoungGen: 74592K->1376K(74240K)] 456596K->383380K(738304K), 0.0022064 secs] [Times: user=0.00 sys=0.00, real=0.00 secs] 
2711.746: [GC (Allocation Failure) [PSYoungGen: 74080K->1392K(73728K)] 456084K->383396K(737792K), 0.0033767 secs] [Times: user=0.02 sys=0.00, real=0.01 secs] 
2712.104: [GC (Allocation Failure) [PSYoungGen: 73584K->1469K(73216K)] 455588K->383473K(737280K), 0.0019433 secs] [Times: user=0.01 sys=0.00, real=0.00 secs] 
2712.233: [GC (Allocation Failure) [PSYoungGen: 73149K->1533K(72704K)] 455153K->383537K(736768K), 0.0019539 secs] [Times: user=0.01 sys=0.00, real=0.00 secs] 
2712.359: [GC (Allocation Failure) [PSYoungGen: 72701K->1568K(72704K)] 454705K->383572K(736768K), 0.0017060 secs] [Times: user=0.00 sys=0.00, real=0.00 secs] 
2713.807: [GC (Allocation Failure) [PSYoungGen: 72224K->1440K(71680K)] 454228K->383468K(735744K), 0.0053350 secs] [Times: user=0.02 sys=0.00, real=0.00 secs] 
2714.839: [GC (Allocation Failure) [PSYoungGen: 71584K->1376K(71168K)] 453612K->383404K(735232K), 0.0032985 secs] [Times: user=0.02 sys=0.00, real=0.00 secs] 
2715.478: [GC (Allocation Failure) [PSYoungGen: 71008K->1408K(70656K)] 453036K->383436K(734720K), 0.0026817 secs] [Times: user=0.01 sys=0.00, real=0.00 secs] 
2715.873: [GC (Allocation Failure) [PSYoungGen: 70528K->1408K(70144K)] 452556K->383436K(734208K), 0.0022054 secs] [Times: user=0.01 sys=0.00, real=0.00 secs] 
2716.237: [GC (Allocation Failure) [PSYoungGen: 70016K->1517K(69632K)] 452044K->383545K(733696K), 0.0019725 secs] [Times: user=0.01 sys=0.00, real=0.00 secs] 
2716.367: [GC (Allocation Failure) [PSYoungGen: 69613K->1504K(69120K)] 451641K->383532K(733184K), 0.0017985 secs] [Times: user=0.00 sys=0.00, real=0.00 secs] 
2716.486: [GC (Allocation Failure) [PSYoungGen: 69088K->1501K(68608K)] 451116K->383529K(732672K), 0.0018956 secs] [Times: user=0.01 sys=0.00, real=0.01 secs] 
2716.604: [GC (Allocation Failure) [PSYoungGen: 68573K->1533K(69120K)] 450601K->383561K(733184K), 0.0017565 secs] [Times: user=0.00 sys=0.00, real=0.00 secs] 
2717.182: [GC (Allocation Failure) [PSYoungGen: 69117K->1440K(68608K)] 451145K->383476K(732672K), 0.0025977 secs] [Times: user=0.01 sys=0.00, real=0.00 secs] 
2717.829: [GC (Allocation Failure) [PSYoungGen: 68512K->1408K(68096K)] 450548K->383444K(732160K), 0.0043494 secs] [Times: user=0.01 sys=0.00, real=0.00 secs] 
2718.521: [GC (Allocation Failure) [PSYoungGen: 67968K->1408K(67584K)] 450004K->383444K(731648K), 0.0029643 secs] [Times: user=0.02 sys=0.00, real=0.00 secs] 
2719.048: [GC (Allocation Failure) [PSYoungGen: 67456K->1376K(68096K)] 449492K->383412K(732160K), 0.0024857 secs] [Times: user=0.01 sys=0.00, real=0.00 secs] 
2719.608: [GC (Allocation Failure) [PSYoungGen: 67424K->1469K(68096K)] 449460K->383505K(732160K), 0.0021292 secs] [Times: user=0.01 sys=0.00, real=0.00 secs] 
2719.739: [GC (Allocation Failure) [PSYoungGen: 67517K->1437K(68096K)] 449553K->383473K(732160K), 0.0026703 secs] [Times: user=0.01 sys=0.00, real=0.00 secs] 
2719.857: [GC (Allocation Failure) [PSYoungGen: 67485K->1533K(68096K)] 449521K->383569K(732160K), 0.0018092 secs] [Times: user=0.01 sys=0.00, real=0.00 secs] 
2719.974: [GC (Allocation Failure) [PSYoungGen: 67581K->1469K(75264K)] 449617K->383513K(739328K), 0.0034967 secs] [Times: user=0.00 sys=0.01, real=0.01 secs] 
2720.440: [GC (Allocation Failure) [PSYoungGen: 74685K->1456K(75264K)] 456729K->383500K(739328K), 0.0024400 secs] [Times: user=0.01 sys=0.00, real=0.00 secs] 
2720.967: [GC (Allocation Failure) [PSYoungGen: 74672K->1392K(82944K)] 456716K->383436K(747008K), 0.0019589 secs] [Times: user=0.01 sys=0.00, real=0.01 secs] 
2721.307: [GC (Allocation Failure) [PSYoungGen: 82800K->1376K(82432K)] 464844K->383420K(746496K), 0.0022615 secs] [Times: user=0.01 sys=0.00, real=0.01 secs] 
2721.776: [GC (Allocation Failure) [PSYoungGen: 82272K->1440K(81920K)] 464316K->383484K(745984K), 0.0021771 secs] [Times: user=0.01 sys=0.00, real=0.01 secs] 
2722.000: [GC (Allocation Failure) [PSYoungGen: 81824K->1533K(81408K)] 463868K->383577K(745472K), 0.0017784 secs] [Times: user=0.01 sys=0.00, real=0.00 secs] 
2722.140: [GC (Allocation Failure) [PSYoungGen: 81405K->1536K(81408K)] 463449K->383580K(745472K), 0.0017928 secs] [Times: user=0.01 sys=0.00, real=0.00 secs] 
2722.282: [GC (Allocation Failure) [PSYoungGen: 80896K->1504K(80384K)] 462940K->383564K(744448K), 0.0018187 secs] [Times: user=0.00 sys=0.00, real=0.00 secs] 
2722.627: [GC (Allocation Failure) [PSYoungGen: 80352K->1424K(79872K)] 462412K->383516K(743936K), 0.0020959 secs] [Times: user=0.01 sys=0.00, real=0.01 secs] 
2722.999: [GC (Allocation Failure) [PSYoungGen: 79760K->1376K(79360K)] 461852K->383468K(743424K), 0.0023033 secs] [Times: user=0.01 sys=0.00, real=0.00 secs] 
2723.342: [GC (Allocation Failure) [PSYoungGen: 79200K->1376K(78848K)] 461292K->383468K(742912K), 0.0037262 secs] [Times: user=0.02 sys=0.00, real=0.00 secs] 
2723.674: [GC (Allocation Failure) [PSYoungGen: 78688K->1344K(78336K)] 460780K->383436K(742400K), 0.0031645 secs] [Times: user=0.01 sys=0.00, real=0.00 secs] 
2723.917: [GC (Allocation Failure) [PSYoungGen: 78144K->1533K(77824K)] 460236K->383625K(741888K), 0.0017280 secs] [Times: user=0.01 sys=0.00, real=0.00 secs] 
2724.051: [GC (Allocation Failure) [PSYoungGen: 77821K->1565K(77824K)] 459913K->383657K(741888K), 0.0017433 secs] [Times: user=0.00 sys=0.00, real=0.00 secs] 
2724.185: [GC (Allocation Failure) [PSYoungGen: 77341K->477K(77824K)] 459433K->383593K(741888K), 0.0017896 secs] [Times: user=0.01 sys=0.00, real=0.00 secs] 
2724.468: [GC (Allocation Failure) [PSYoungGen: 77277K->1440K(77824K)] 460393K->384556K(741888K), 0.0021038 secs] [Times: user=0.01 sys=0.00, real=0.00 secs] 
2724.819: [GC (Allocation Failure) [PSYoungGen: 77728K->1344K(77312K)] 460844K->384460K(741376K), 0.0017899 secs] [Times: user=0.01 sys=0.00, real=0.00 secs] 
2725.237: [GC (Allocation Failure) [PSYoungGen: 77120K->1376K(76800K)] 460236K->384492K(740864K), 0.0020300 secs] [Times: user=0.01 sys=0.00, real=0.01 secs] 
2726.221: [GC (Allocation Failure) [PSYoungGen: 76640K->1312K(76288K)] 459756K->384428K(740352K), 0.0022097 secs] [Times: user=0.01 sys=0.00, real=0.00 secs] 
2726.533: [GC (Allocation Failure) [PSYoungGen: 76064K->1533K(75776K)] 459180K->384649K(739840K), 0.0018841 secs] [Times: user=0.01 sys=0.00, real=0.00 secs] 
2726.686: [GC (Allocation Failure) [PSYoungGen: 75773K->1533K(75264K)] 458889K->384649K(739328K), 0.0019041 secs] [Times: user=0.00 sys=0.00, real=0.01 secs] 
2726.873: [GC (Allocation Failure) [PSYoungGen: 75261K->1533K(74752K)] 458377K->384649K(738816K), 0.0024983 secs] [Times: user=0.01 sys=0.00, real=0.00 secs] 
2727.254: [GC (Allocation Failure) [PSYoungGen: 74749K->1424K(74240K)] 457865K->384540K(738304K), 0.0026746 secs] [Times: user=0.01 sys=0.00, real=0.00 secs] 
2727.969: [GC (Allocation Failure) [PSYoungGen: 74128K->1376K(73728K)] 457244K->384492K(737792K), 0.0028695 secs] [Times: user=0.01 sys=0.00, real=0.00 secs] 
2728.664: [GC (Allocation Failure) [PSYoungGen: 73568K->1424K(73216K)] 456684K->384540K(737280K), 0.0028081 secs] [Times: user=0.01 sys=0.00, real=0.01 secs] 
2728.993: [GC (Allocation Failure) [PSYoungGen: 73104K->1408K(72704K)] 456220K->384524K(736768K), 0.0020614 secs] [Times: user=0.01 sys=0.00, real=0.00 secs] 
2729.350: [GC (Allocation Failure) [PSYoungGen: 72576K->1469K(72192K)] 455692K->384585K(736256K), 0.0017380 secs] [Times: user=0.00 sys=0.00, real=0.00 secs] 
2729.475: [GC (Allocation Failure) [PSYoungGen: 72125K->1501K(71680K)] 455241K->384617K(735744K), 0.0019082 secs] [Times: user=0.01 sys=0.00, real=0.00 secs] 
2729.598: [GC (Allocation Failure) [PSYoungGen: 71643K->1533K(71168K)] 454759K->384649K(735232K), 0.0017895 secs] [Times: user=0.01 sys=0.00, real=0.00 secs] 
2729.721: [GC (Allocation Failure) [PSYoungGen: 71165K->1501K(71680K)] 454281K->384617K(735744K), 0.0018200 secs] [Times: user=0.01 sys=0.00, real=0.00 secs] 
2730.387: [GC (Allocation Failure) [PSYoungGen: 71133K->1440K(70656K)] 454249K->384556K(734720K), 0.0021015 secs] [Times: user=0.01 sys=0.00, real=0.00 secs] 
2730.758: [GC (Allocation Failure) [PSYoungGen: 70560K->1376K(70144K)] 453676K->384492K(734208K), 0.0029297 secs] [Times: user=0.02 sys=0.00, real=0.00 secs] 
2731.223: [GC (Allocation Failure) [PSYoungGen: 69984K->1408K(69632K)] 453100K->384524K(733696K), 0.0023212 secs] [Times: user=0.01 sys=0.00, real=0.00 secs] 
2731.907: [GC (Allocation Failure) [PSYoungGen: 69504K->1408K(69120K)] 452620K->384524K(733184K), 0.0031140 secs] [Times: user=0.01 sys=0.00, real=0.00 secs] 
2732.324: [GC (Allocation Failure) [PSYoungGen: 68992K->1504K(68608K)] 452108K->384620K(732672K), 0.0021148 secs] [Times: user=0.00 sys=0.00, real=0.00 secs] 
2732.485: [GC (Allocation Failure) [PSYoungGen: 68550K->1501K(68096K)] 451667K->384617K(732160K), 0.0019980 secs] [Times: user=0.01 sys=0.00, real=0.01 secs] 
2732.636: [GC (Allocation Failure) [PSYoungGen: 68061K->1533K(67584K)] 451177K->384649K(731648K), 0.0017908 secs] [Times: user=0.01 sys=0.00, real=0.01 secs] 
2732.770: [GC (Allocation Failure) [PSYoungGen: 67581K->1485K(67584K)] 450697K->384617K(731648K), 0.0018518 secs] [Times: user=0.01 sys=0.00, real=0.00 secs] 
2733.403: [GC (Allocation Failure) [PSYoungGen: 67533K->1392K(67584K)] 450665K->384548K(731648K), 0.0052766 secs] [Times: user=0.02 sys=0.00, real=0.01 secs] 
2733.965: [GC (Allocation Failure) [PSYoungGen: 67440K->1360K(67584K)] 450596K->384516K(731648K), 0.0034368 secs] [Times: user=0.01 sys=0.00, real=0.01 secs] 
2734.457: [GC (Allocation Failure) [PSYoungGen: 67408K->1344K(67584K)] 450564K->384500K(731648K), 0.0024106 secs] [Times: user=0.01 sys=0.00, real=0.00 secs] 
2735.120: [GC (Allocation Failure) [PSYoungGen: 67392K->1376K(67584K)] 450548K->384532K(731648K), 0.0028173 secs] [Times: user=0.01 sys=0.00, real=0.00 secs] 
2735.550: [GC (Allocation Failure) [PSYoungGen: 67424K->1469K(67584K)] 450580K->384625K(731648K), 0.0019254 secs] [Times: user=0.01 sys=0.00, real=0.00 secs] 
2735.721: [GC (Allocation Failure) [PSYoungGen: 67517K->1485K(67584K)] 450673K->384641K(731648K), 0.0020959 secs] [Times: user=0.00 sys=0.00, real=0.00 secs] 
2735.882: [GC (Allocation Failure) [PSYoungGen: 67533K->1501K(67584K)] 450689K->384657K(731648K), 0.0020315 secs] [Times: user=0.01 sys=0.00, real=0.00 secs] 
2736.057: [GC (Allocation Failure) [PSYoungGen: 67549K->1469K(71680K)] 450705K->384641K(735744K), 0.0025869 secs] [Times: user=0.01 sys=0.00, real=0.00 secs] 
2736.352: [GC (Allocation Failure) [PSYoungGen: 71101K->1456K(70656K)] 454273K->384628K(734720K), 0.0021560 secs] [Times: user=0.01 sys=0.00, real=0.00 secs] 
2736.772: [GC (Allocation Failure) [PSYoungGen: 70576K->1344K(70144K)] 453748K->384516K(734208K), 0.0026563 secs] [Times: user=0.01 sys=0.00, real=0.00 secs] 
2737.340: [GC (Allocation Failure) [PSYoungGen: 69952K->1376K(69632K)] 453124K->384548K(733696K), 0.0027652 secs] [Times: user=0.01 sys=0.00, real=0.00 secs] 
2738.117: [GC (Allocation Failure) [PSYoungGen: 69472K->1344K(69120K)] 452644K->384516K(733184K), 0.0036777 secs] [Times: user=0.01 sys=0.00, real=0.00 secs] 
2738.669: [GC (Allocation Failure) [PSYoungGen: 68928K->1501K(68608K)] 452100K->384673K(732672K), 0.0022833 secs] [Times: user=0.01 sys=0.00, real=0.00 secs] 
2738.845: [GC (Allocation Failure) [PSYoungGen: 68573K->1517K(68096K)] 451745K->384689K(732160K), 0.0023662 secs] [Times: user=0.01 sys=0.00, real=0.01 secs] 
2738.991: [GC (Allocation Failure) [PSYoungGen: 68077K->1533K(67584K)] 451249K->384705K(731648K), 0.0018048 secs] [Times: user=0.01 sys=0.00, real=0.00 secs] 
2739.107: [GC (Allocation Failure) [PSYoungGen: 67581K->1501K(71680K)] 450753K->384689K(735744K), 0.0018088 secs] [Times: user=0.01 sys=0.00, real=0.00 secs] 
2740.754: [GC (Allocation Failure) [PSYoungGen: 71133K->1440K(70656K)] 454321K->384628K(734720K), 0.0029973 secs] [Times: user=0.02 sys=0.00, real=0.01 secs] 
2741.584: [GC (Allocation Failure) [PSYoungGen: 70560K->1360K(70144K)] 453748K->384548K(734208K), 0.0035151 secs] [Times: user=0.01 sys=0.00, real=0.01 secs] 
2742.274: [GC (Allocation Failure) [PSYoungGen: 69968K->1424K(69632K)] 453156K->384612K(733696K), 0.0036706 secs] [Times: user=0.01 sys=0.00, real=0.01 secs] 
2742.895: [GC (Allocation Failure) [PSYoungGen: 69520K->1376K(69120K)] 452708K->384564K(733184K), 0.0026217 secs] [Times: user=0.01 sys=0.00, real=0.01 secs] 
2743.219: [GC (Allocation Failure) [PSYoungGen: 68960K->1533K(68608K)] 452148K->384721K(732672K), 0.0018534 secs] [Times: user=0.01 sys=0.00, real=0.00 secs] 
2743.339: [GC (Allocation Failure) [PSYoungGen: 68605K->1504K(68096K)] 451793K->384692K(732160K), 0.0016723 secs] [Times: user=0.01 sys=0.00, real=0.00 secs] 
2743.455: [GC (Allocation Failure) [PSYoungGen: 68064K->1504K(67584K)] 451252K->384716K(731648K), 0.0018088 secs] [Times: user=0.00 sys=0.00, real=0.01 secs] 
2743.571: [GC (Allocation Failure) [PSYoungGen: 67552K->1565K(71680K)] 450764K->384801K(735744K), 0.0017528 secs] [Times: user=0.01 sys=0.00, real=0.00 secs] 
2744.177: [GC (Allocation Failure) [PSYoungGen: 71197K->1440K(70656K)] 454433K->384692K(734720K), 0.0020570 secs] [Times: user=0.01 sys=0.00, real=0.00 secs] 
2744.542: [GC (Allocation Failure) [PSYoungGen: 70560K->1344K(70144K)] 453812K->384596K(734208K), 0.0022614 secs] [Times: user=0.01 sys=0.00, real=0.00 secs] 
2744.875: [GC (Allocation Failure) [PSYoungGen: 69952K->1344K(69632K)] 453204K->384596K(733696K), 0.0018971 secs] [Times: user=0.01 sys=0.00, real=0.01 secs] 
2745.487: [GC (Allocation Failure) [PSYoungGen: 69440K->1376K(69120K)] 452692K->384628K(733184K), 0.0026145 secs] [Times: user=0.01 sys=0.00, real=0.00 secs] 
2745.818: [GC (Allocation Failure) [PSYoungGen: 68960K->1469K(68608K)] 452212K->384721K(732672K), 0.0019504 secs] [Times: user=0.01 sys=0.00, real=0.00 secs] 
2745.942: [GC (Allocation Failure) [PSYoungGen: 68535K->1533K(68096K)] 451787K->384785K(732160K), 0.0018521 secs] [Times: user=0.01 sys=0.00, real=0.00 secs] 
2746.059: [GC (Allocation Failure) [PSYoungGen: 68093K->1517K(71680K)] 451345K->384769K(735744K), 0.0017705 secs] [Times: user=0.01 sys=0.00, real=0.00 secs] 
2746.181: [GC (Allocation Failure) [PSYoungGen: 71661K->1533K(72192K)] 454913K->384801K(736256K), 0.0017725 secs] [Times: user=0.01 sys=0.00, real=0.00 secs] 
2747.214: [GC (Allocation Failure) [PSYoungGen: 71677K->1376K(71168K)] 454945K->384644K(735232K), 0.0027683 secs] [Times: user=0.01 sys=0.01, real=0.00 secs] 
2748.088: [GC (Allocation Failure) [PSYoungGen: 71008K->1376K(70656K)] 454276K->384644K(734720K), 0.0030448 secs] [Times: user=0.02 sys=0.00, real=0.00 secs] 
2748.676: [GC (Allocation Failure) [PSYoungGen: 70496K->1376K(70144K)] 453764K->384644K(734208K), 0.0024134 secs] [Times: user=0.00 sys=0.00, real=0.01 secs] 
2749.375: [GC (Allocation Failure) [PSYoungGen: 69984K->1408K(69632K)] 453252K->384676K(733696K), 0.0022469 secs] [Times: user=0.00 sys=0.00, real=0.01 secs] 
2749.597: [GC (Allocation Failure) [PSYoungGen: 69504K->1533K(69120K)] 452772K->384825K(733184K), 0.0018743 secs] [Times: user=0.00 sys=0.00, real=0.00 secs] 
2749.719: [GC (Allocation Failure) [PSYoungGen: 69117K->1517K(68608K)] 452409K->384809K(732672K), 0.0018410 secs] [Times: user=0.00 sys=0.00, real=0.00 secs] 
2749.838: [GC (Allocation Failure) [PSYoungGen: 68589K->1533K(75776K)] 451881K->384825K(739840K), 0.0017856 secs] [Times: user=0.01 sys=0.00, real=0.00 secs] 
2750.183: [GC (Allocation Failure) [PSYoungGen: 75773K->1984K(75776K)] 459065K->385788K(739840K), 0.0026089 secs] [Times: user=0.01 sys=0.00, real=0.00 secs] 
2750.990: [GC (Allocation Failure) [PSYoungGen: 75712K->1376K(74752K)] 459516K->385180K(738816K), 0.0028902 secs] [Times: user=0.01 sys=0.00, real=0.00 secs] 
2751.869: [GC (Allocation Failure) [PSYoungGen: 74592K->1408K(74240K)] 458396K->385212K(738304K), 0.0034762 secs] [Times: user=0.01 sys=0.01, real=0.00 secs] 
2752.868: [GC (Allocation Failure) [PSYoungGen: 74112K->1408K(73728K)] 457916K->385212K(737792K), 0.0033576 secs] [Times: user=0.01 sys=0.00, real=0.00 secs] 
2753.770: [GC (Allocation Failure) [PSYoungGen: 73600K->1520K(73216K)] 457404K->385324K(737280K), 0.0023970 secs] [Times: user=0.00 sys=0.00, real=0.00 secs] 
2753.923: [GC (Allocation Failure) [PSYoungGen: 73200K->1469K(72704K)] 457004K->385273K(736768K), 0.0020044 secs] [Times: user=0.01 sys=0.00, real=0.00 secs] 
2754.048: [GC (Allocation Failure) [PSYoungGen: 72637K->1533K(72192K)] 456441K->385337K(736256K), 0.0017908 secs] [Times: user=0.01 sys=0.00, real=0.00 secs] 
2754.192: [GC (Allocation Failure) [PSYoungGen: 72189K->1501K(71680K)] 455993K->385305K(735744K), 0.0017716 secs] [Times: user=0.01 sys=0.00, real=0.00 secs] 
2755.166: [GC (Allocation Failure) [PSYoungGen: 71645K->1424K(71168K)] 455449K->385236K(735232K), 0.0031803 secs] [Times: user=0.01 sys=0.00, real=0.01 secs] 
2756.244: [GC (Allocation Failure) [PSYoungGen: 71056K->1360K(70656K)] 454868K->385188K(734720K), 0.0035162 secs] [Times: user=0.01 sys=0.00, real=0.01 secs] 
2757.298: [GC (Allocation Failure) [PSYoungGen: 70480K->1344K(70144K)] 454308K->385172K(734208K), 0.0027138 secs] [Times: user=0.01 sys=0.00, real=0.00 secs] 
2758.164: [GC (Allocation Failure) [PSYoungGen: 69952K->1440K(69632K)] 453780K->385268K(733696K), 0.0029477 secs] [Times: user=0.01 sys=0.00, real=0.01 secs] 
2758.507: [GC (Allocation Failure) [PSYoungGen: 69536K->1501K(69120K)] 453364K->385329K(733184K), 0.0019743 secs] [Times: user=0.00 sys=0.00, real=0.00 secs] 
2758.629: [GC (Allocation Failure) [PSYoungGen: 69057K->1517K(68608K)] 452885K->385369K(732672K), 0.0017344 secs] [Times: user=0.01 sys=0.00, real=0.00 secs] 
2758.748: [GC (Allocation Failure) [PSYoungGen: 68589K->1533K(68096K)] 452441K->385393K(732160K), 0.0018278 secs] [Times: user=0.00 sys=0.00, real=0.00 secs] 
2758.864: [GC (Allocation Failure) [PSYoungGen: 68093K->1504K(68608K)] 451953K->385364K(732672K), 0.0016342 secs] [Times: user=0.01 sys=0.00, real=0.00 secs] 
2759.847: [GC (Allocation Failure) [PSYoungGen: 68576K->1488K(68096K)] 452436K->385348K(732160K), 0.0030456 secs] [Times: user=0.02 sys=0.00, real=0.00 secs] 
2760.635: [GC (Allocation Failure) [PSYoungGen: 68048K->1440K(67584K)] 451908K->385300K(731648K), 0.0030205 secs] [Times: user=0.01 sys=0.00, real=0.01 secs] 
2761.701: [GC (Allocation Failure) [PSYoungGen: 67488K->1376K(68096K)] 451348K->385236K(732160K), 0.0034570 secs] [Times: user=0.02 sys=0.00, real=0.00 secs] 
2762.685: [GC (Allocation Failure) [PSYoungGen: 67424K->1408K(68096K)] 451284K->385268K(732160K), 0.0038638 secs] [Times: user=0.02 sys=0.00, real=0.01 secs] 
2763.362: [GC (Allocation Failure) [PSYoungGen: 67456K->1485K(68096K)] 451316K->385345K(732160K), 0.0024637 secs] [Times: user=0.01 sys=0.00, real=0.00 secs] 
2763.517: [GC (Allocation Failure) [PSYoungGen: 67533K->1565K(68096K)] 451393K->385425K(732160K), 0.0018222 secs] [Times: user=0.01 sys=0.00, real=0.01 secs] 
2763.634: [GC (Allocation Failure) [PSYoungGen: 67613K->1565K(68096K)] 451473K->385425K(732160K), 0.0018346 secs] [Times: user=0.01 sys=0.00, real=0.00 secs] 
2763.750: [GC (Allocation Failure) [PSYoungGen: 67613K->1485K(68096K)] 451473K->385361K(732160K), 0.0018131 secs] [Times: user=0.00 sys=0.00, real=0.00 secs] 
2764.207: [GC (Allocation Failure) [PSYoungGen: 67533K->1456K(68096K)] 451409K->385332K(732160K), 0.0025981 secs] [Times: user=0.01 sys=0.00, real=0.00 secs] 
2764.765: [GC (Allocation Failure) [PSYoungGen: 67504K->1408K(68096K)] 451380K->385284K(732160K), 0.0035360 secs] [Times: user=0.01 sys=0.00, real=0.01 secs] 
2765.291: [GC (Allocation Failure) [PSYoungGen: 67456K->1376K(68096K)] 451332K->385276K(732160K), 0.0027418 secs] [Times: user=0.01 sys=0.00, real=0.00 secs] 
2765.688: [GC (Allocation Failure) [PSYoungGen: 67424K->1376K(68096K)] 451324K->385276K(732160K), 0.0022236 secs] [Times: user=0.00 sys=0.00, real=0.00 secs] 
2765.927: [GC (Allocation Failure) [PSYoungGen: 67424K->1501K(68096K)] 451324K->385401K(732160K), 0.0016099 secs] [Times: user=0.00 sys=0.00, real=0.00 secs] 
2766.060: [GC (Allocation Failure) [PSYoungGen: 67549K->1533K(68096K)] 451449K->385433K(732160K), 0.0018973 secs] [Times: user=0.00 sys=0.00, real=0.00 secs] 
2766.195: [GC (Allocation Failure) [PSYoungGen: 67581K->1533K(68096K)] 451481K->385433K(732160K), 0.0019016 secs] [Times: user=0.01 sys=0.00, real=0.00 secs] 
2766.347: [GC (Allocation Failure) [PSYoungGen: 67581K->1469K(75264K)] 451481K->385377K(739328K), 0.0018015 secs] [Times: user=0.01 sys=0.00, real=0.01 secs] 
2766.940: [GC (Allocation Failure) [PSYoungGen: 74685K->1440K(74240K)] 458593K->385348K(738304K), 0.0022484 secs] [Times: user=0.01 sys=0.00, real=0.00 secs] 
2767.739: [GC (Allocation Failure) [PSYoungGen: 74144K->1376K(73728K)] 458052K->385284K(737792K), 0.0022233 secs] [Times: user=0.01 sys=0.00, real=0.00 secs] 
2768.666: [GC (Allocation Failure) [PSYoungGen: 73568K->1408K(73216K)] 457476K->385316K(737280K), 0.0032347 secs] [Times: user=0.01 sys=0.00, real=0.01 secs] 
2769.865: [GC (Allocation Failure) [PSYoungGen: 73088K->1408K(72704K)] 456996K->385324K(736768K), 0.0043401 secs] [Times: user=0.01 sys=0.00, real=0.01 secs] 
2770.591: [GC (Allocation Failure) [PSYoungGen: 72576K->1485K(72192K)] 456492K->385401K(736256K), 0.0023331 secs] [Times: user=0.01 sys=0.01, real=0.00 secs] 
2770.743: [GC (Allocation Failure) [PSYoungGen: 72141K->1565K(72192K)] 456057K->385481K(736256K), 0.0017387 secs] [Times: user=0.00 sys=0.00, real=0.00 secs] 
2770.867: [GC (Allocation Failure) [PSYoungGen: 71684K->1549K(71680K)] 455601K->385465K(735744K), 0.0018196 secs] [Times: user=0.01 sys=0.00, real=0.01 secs] 
2770.990: [GC (Allocation Failure) [PSYoungGen: 71181K->477K(69632K)] 455097K->385425K(733696K), 0.0016553 secs] [Times: user=0.01 sys=0.00, real=0.00 secs] 
2772.032: [GC (Allocation Failure) [PSYoungGen: 69597K->1424K(70656K)] 454545K->386372K(734720K), 0.0025481 secs] [Times: user=0.01 sys=0.00, real=0.00 secs] 
2772.311: [GC (Allocation Failure) [PSYoungGen: 70032K->1408K(69632K)] 454980K->386356K(733696K), 0.0020759 secs] [Times: user=0.01 sys=0.00, real=0.00 secs] 
2772.614: [GC (Allocation Failure) [PSYoungGen: 69504K->1376K(69120K)] 454452K->386324K(733184K), 0.0021868 secs] [Times: user=0.00 sys=0.00, real=0.00 secs] 
2772.946: [GC (Allocation Failure) [PSYoungGen: 68960K->1408K(68608K)] 453908K->386356K(732672K), 0.0020305 secs] [Times: user=0.01 sys=0.00, real=0.01 secs] 
2773.124: [GC (Allocation Failure) [PSYoungGen: 68480K->1565K(68608K)] 453428K->386513K(732672K), 0.0018032 secs] [Times: user=0.01 sys=0.00, real=0.00 secs] 
2773.240: [GC (Allocation Failure) [PSYoungGen: 68125K->477K(66560K)] 453073K->386449K(730624K), 0.0017531 secs] [Times: user=0.01 sys=0.00, real=0.00 secs] 
2773.356: [GC (Allocation Failure) [PSYoungGen: 66525K->493K(68096K)] 452497K->386465K(732160K), 0.0015708 secs] [Times: user=0.01 sys=0.00, real=0.01 secs] 
2773.472: [GC (Allocation Failure) [PSYoungGen: 66541K->416K(75264K)] 452513K->386396K(739328K), 0.0036177 secs] [Times: user=0.01 sys=0.00, real=0.00 secs] 
2773.794: [GC (Allocation Failure) [PSYoungGen: 73632K->1376K(75264K)] 459612K->387380K(739328K), 0.0018633 secs] [Times: user=0.01 sys=0.00, real=0.00 secs] 
2774.098: [GC (Allocation Failure) [PSYoungGen: 74592K->1376K(82944K)] 460596K->387388K(747008K), 0.0021878 secs] [Times: user=0.01 sys=0.00, real=0.00 secs] 
2774.445: [GC (Allocation Failure) [PSYoungGen: 82784K->1312K(83456K)] 468796K->387324K(747520K), 0.0033613 secs] [Times: user=0.01 sys=0.00, real=0.01 secs] 
2774.769: [GC (Allocation Failure) [PSYoungGen: 82720K->1469K(82432K)] 468732K->387489K(746496K), 0.0020919 secs] [Times: user=0.01 sys=0.00, real=0.00 secs] 
2774.925: [GC (Allocation Failure) [PSYoungGen: 82365K->1485K(91648K)] 468385K->387505K(755712K), 0.0019013 secs] [Times: user=0.01 sys=0.00, real=0.00 secs] 
2775.083: [GC (Allocation Failure) [PSYoungGen: 91085K->1549K(91648K)] 477105K->387569K(755712K), 0.0018485 secs] [Times: user=0.01 sys=0.00, real=0.00 secs] 
2775.787: [GC (Allocation Failure) [PSYoungGen: 91149K->1472K(90624K)] 477169K->387492K(754688K), 0.0024986 secs] [Times: user=0.01 sys=0.00, real=0.00 secs] 
2776.755: [GC (Allocation Failure) [PSYoungGen: 90560K->1376K(90112K)] 476580K->387396K(754176K), 0.0028820 secs] [Times: user=0.01 sys=0.00, real=0.01 secs] 
2778.015: [GC (Allocation Failure) [PSYoungGen: 89952K->1408K(89600K)] 475972K->387428K(753664K), 0.0031535 secs] [Times: user=0.01 sys=0.00, real=0.01 secs] 
2779.270: [GC (Allocation Failure) [PSYoungGen: 89472K->1453K(89088K)] 475492K->387473K(753152K), 0.0023207 secs] [Times: user=0.01 sys=0.00, real=0.00 secs] 
2779.514: [GC (Allocation Failure) [PSYoungGen: 89005K->1549K(89088K)] 475025K->387569K(753152K), 0.0021152 secs] [Times: user=0.01 sys=0.00, real=0.00 secs] 
2779.678: [GC (Allocation Failure) [PSYoungGen: 88589K->1533K(88064K)] 474609K->387553K(752128K), 0.0016278 secs] [Times: user=0.01 sys=0.00, real=0.00 secs] 
2779.948: [GC (Allocation Failure) [PSYoungGen: 88061K->1456K(87552K)] 474081K->387476K(751616K), 0.0024928 secs] [Times: user=0.01 sys=0.00, real=0.00 secs] 
2780.478: [GC (Allocation Failure) [PSYoungGen: 87472K->1344K(87040K)] 473492K->387364K(751104K), 0.0019762 secs] [Times: user=0.01 sys=0.00, real=0.00 secs] 
2780.833: [GC (Allocation Failure) [PSYoungGen: 86848K->1408K(86528K)] 472868K->387428K(750592K), 0.0020954 secs] [Times: user=0.01 sys=0.00, real=0.00 secs] 
2781.332: [GC (Allocation Failure) [PSYoungGen: 86400K->1408K(86016K)] 472420K->387428K(750080K), 0.0019607 secs] [Times: user=0.01 sys=0.00, real=0.00 secs] 
2781.629: [GC (Allocation Failure) [PSYoungGen: 85888K->1520K(85504K)] 471908K->387540K(749568K), 0.0022979 secs] [Times: user=0.00 sys=0.00, real=0.00 secs] 
2781.791: [GC (Allocation Failure) [PSYoungGen: 85488K->1533K(84992K)] 471508K->387553K(749056K), 0.0017516 secs] [Times: user=0.01 sys=0.00, real=0.00 secs] 
2781.937: [GC (Allocation Failure) [PSYoungGen: 84989K->1485K(84480K)] 471009K->387505K(748544K), 0.0018412 secs] [Times: user=0.01 sys=0.00, real=0.00 secs] 
2783.816: [GC (Allocation Failure) [PSYoungGen: 84429K->1424K(83968K)] 470449K->387444K(748032K), 0.0032020 secs] [Times: user=0.01 sys=0.00, real=0.01 secs] 
2785.090: [GC (Allocation Failure) [PSYoungGen: 83856K->1376K(83456K)] 469876K->387396K(747520K), 0.0035579 secs] [Times: user=0.01 sys=0.00, real=0.00 secs] 
2785.963: [GC (Allocation Failure) [PSYoungGen: 83296K->1376K(82944K)] 469316K->387396K(747008K), 0.0022997 secs] [Times: user=0.01 sys=0.00, real=0.00 secs] 
2786.514: [GC (Allocation Failure) [PSYoungGen: 82784K->1501K(82432K)] 468804K->387521K(746496K), 0.0019085 secs] [Times: user=0.01 sys=0.00, real=0.00 secs] 
2786.658: [GC (Allocation Failure) [PSYoungGen: 82397K->1533K(81920K)] 468417K->387577K(745984K), 0.0017985 secs] [Times: user=0.01 sys=0.00, real=0.00 secs] 
2786.800: [GC (Allocation Failure) [PSYoungGen: 81917K->1536K(81920K)] 467961K->387580K(745984K), 0.0018844 secs] [Times: user=0.00 sys=0.00, real=0.00 secs] 
2787.173: [GC (Allocation Failure) [PSYoungGen: 81408K->416K(79872K)] 467452K->387484K(743936K), 0.0025791 secs] [Times: user=0.01 sys=0.00, real=0.00 secs] 
2787.922: [GC (Allocation Failure) [PSYoungGen: 79776K->320K(80896K)] 466844K->387388K(744960K), 0.0019986 secs] [Times: user=0.01 sys=0.00, real=0.00 secs] 
2788.677: [GC (Allocation Failure) [PSYoungGen: 79168K->320K(80384K)] 466236K->387388K(744448K), 0.0021233 secs] [Times: user=0.01 sys=0.00, real=0.00 secs] 
2789.643: [GC (Allocation Failure) [PSYoungGen: 78656K->336K(78336K)] 465724K->387404K(742400K), 0.0026957 secs] [Times: user=0.01 sys=0.00, real=0.00 secs] 
2790.130: [GC (Allocation Failure) [PSYoungGen: 78160K->1472K(79360K)] 465228K->388540K(743424K), 0.0019100 secs] [Times: user=0.01 sys=0.00, real=0.00 secs] 
2790.304: [GC (Allocation Failure) [PSYoungGen: 78784K->1469K(78336K)] 465852K->388537K(742400K), 0.0019928 secs] [Times: user=0.01 sys=0.00, real=0.00 secs] 
2790.467: [GC (Allocation Failure) [PSYoungGen: 78269K->1565K(78336K)] 465337K->388633K(742400K), 0.0018879 secs] [Times: user=0.00 sys=0.00, real=0.00 secs] 
2790.675: [GC (Allocation Failure) [PSYoungGen: 77853K->1472K(77312K)] 464921K->388540K(741376K), 0.0023448 secs] [Times: user=0.01 sys=0.00, real=0.01 secs] 
2790.991: [GC (Allocation Failure) [PSYoungGen: 77248K->1376K(77312K)] 464316K->388444K(741376K), 0.0022790 secs] [Times: user=0.00 sys=0.00, real=0.00 secs] 
2791.304: [GC (Allocation Failure) [PSYoungGen: 76640K->1376K(76288K)] 463708K->388444K(740352K), 0.0019609 secs] [Times: user=0.01 sys=0.00, real=0.00 secs] 
2791.615: [GC (Allocation Failure) [PSYoungGen: 76128K->1392K(76288K)] 463196K->388460K(740352K), 0.0022200 secs] [Times: user=0.01 sys=0.00, real=0.01 secs] 
2791.860: [GC (Allocation Failure) [PSYoungGen: 75632K->1568K(75776K)] 462700K->388636K(739840K), 0.0018067 secs] [Times: user=0.00 sys=0.00, real=0.00 secs] 
2792.011: [GC (Allocation Failure) [PSYoungGen: 75296K->1565K(75264K)] 462364K->388633K(739328K), 0.0019083 secs] [Times: user=0.01 sys=0.00, real=0.00 secs] 
2792.190: [GC (Allocation Failure) [PSYoungGen: 74781K->1501K(74240K)] 461849K->388569K(738304K), 0.0022525 secs] [Times: user=0.01 sys=0.00, real=0.00 secs] 
2792.422: [GC (Allocation Failure) [PSYoungGen: 74205K->1712K(74240K)] 461273K->388780K(738304K), 0.0025487 secs] [Times: user=0.01 sys=0.00, real=0.00 secs] 
2792.720: [GC (Allocation Failure) [PSYoungGen: 73904K->1344K(73216K)] 460972K->388412K(737280K), 0.0029221 secs] [Times: user=0.01 sys=0.00, real=0.00 secs] 
2793.019: [GC (Allocation Failure) [PSYoungGen: 73024K->1408K(73216K)] 460092K->388492K(737280K), 0.0022880 secs] [Times: user=0.01 sys=0.00, real=0.00 secs] 
2793.315: [GC (Allocation Failure) [PSYoungGen: 72576K->1376K(72192K)] 459660K->388460K(736256K), 0.0022771 secs] [Times: user=0.01 sys=0.00, real=0.01 secs] 
2793.822: [GC (Allocation Failure) [PSYoungGen: 72032K->1421K(71680K)] 459116K->388505K(735744K), 0.0024445 secs] [Times: user=0.01 sys=0.00, real=0.00 secs] 
2794.025: [GC (Allocation Failure) [PSYoungGen: 71565K->1501K(71168K)] 458649K->388585K(735232K), 0.0023114 secs] [Times: user=0.01 sys=0.00, real=0.01 secs] 
2794.214: [GC (Allocation Failure) [PSYoungGen: 71133K->1533K(70656K)] 458217K->388617K(734720K), 0.0022277 secs] [Times: user=0.01 sys=0.00, real=0.00 secs] 
2794.371: [GC (Allocation Failure) [PSYoungGen: 70653K->1501K(70144K)] 457737K->388585K(734208K), 0.0018948 secs] [Times: user=0.00 sys=0.00, real=0.00 secs] 
2794.579: [GC (Allocation Failure) [PSYoungGen: 70109K->1408K(69632K)] 457193K->388500K(733696K), 0.0023426 secs] [Times: user=0.01 sys=0.00, real=0.00 secs] 
2794.862: [GC (Allocation Failure) [PSYoungGen: 69504K->1392K(69120K)] 456596K->388484K(733184K), 0.0022403 secs] [Times: user=0.01 sys=0.00, real=0.00 secs] 
2795.143: [GC (Allocation Failure) [PSYoungGen: 68976K->1376K(68608K)] 456068K->388468K(732672K), 0.0020058 secs] [Times: user=0.01 sys=0.00, real=0.00 secs] 
2795.422: [GC (Allocation Failure) [PSYoungGen: 68448K->1344K(68096K)] 455540K->388436K(732160K), 0.0020449 secs] [Times: user=0.01 sys=0.00, real=0.00 secs] 
2795.689: [GC (Allocation Failure) [PSYoungGen: 67904K->1424K(67584K)] 454996K->388516K(731648K), 0.0020832 secs] [Times: user=0.01 sys=0.00, real=0.00 secs] 
2795.875: [GC (Allocation Failure) [PSYoungGen: 67472K->1501K(68096K)] 454564K->388593K(732160K), 0.0021211 secs] [Times: user=0.01 sys=0.00, real=0.01 secs] 
2796.010: [GC (Allocation Failure) [PSYoungGen: 67549K->1533K(68096K)] 454641K->388625K(732160K), 0.0017195 secs] [Times: user=0.01 sys=0.00, real=0.00 secs] 
2796.126: [GC (Allocation Failure) [PSYoungGen: 67581K->1501K(68096K)] 454673K->388609K(732160K), 0.0017433 secs] [Times: user=0.01 sys=0.00, real=0.01 secs] 
2797.189: [GC (Allocation Failure) [PSYoungGen: 67549K->1456K(67584K)] 454657K->388564K(731648K), 0.0050031 secs] [Times: user=0.02 sys=0.00, real=0.00 secs] 
2798.116: [GC (Allocation Failure) [PSYoungGen: 67504K->1376K(67584K)] 454612K->388484K(731648K), 0.0031534 secs] [Times: user=0.01 sys=0.01, real=0.01 secs] 
2798.874: [GC (Allocation Failure) [PSYoungGen: 67424K->1360K(67584K)] 454532K->388468K(731648K), 0.0030348 secs] [Times: user=0.01 sys=0.00, real=0.01 secs] 
2799.399: [GC (Allocation Failure) [PSYoungGen: 67408K->1376K(67584K)] 454516K->388484K(731648K), 0.0028567 secs] [Times: user=0.01 sys=0.00, real=0.00 secs] 
2800.439: [GC (Allocation Failure) [PSYoungGen: 67424K->1453K(67584K)] 454532K->388561K(731648K), 0.0026783 secs] [Times: user=0.01 sys=0.00, real=0.00 secs] 
2800.604: [GC (Allocation Failure) [PSYoungGen: 67501K->1517K(67584K)] 454609K->388625K(731648K), 0.0016767 secs] [Times: user=0.01 sys=0.00, real=0.00 secs] 
2800.721: [GC (Allocation Failure) [PSYoungGen: 67565K->1533K(67584K)] 454673K->388641K(731648K), 0.0022623 secs] [Times: user=0.01 sys=0.00, real=0.00 secs] 
2800.837: [GC (Allocation Failure) [PSYoungGen: 67581K->1549K(71680K)] 454689K->388665K(735744K), 0.0017625 secs] [Times: user=0.00 sys=0.00, real=0.00 secs] 
2801.308: [GC (Allocation Failure) [PSYoungGen: 71181K->1488K(70656K)] 458297K->388604K(734720K), 0.0026511 secs] [Times: user=0.01 sys=0.01, real=0.00 secs] 
2802.363: [GC (Allocation Failure) [PSYoungGen: 70608K->1424K(70144K)] 457724K->388540K(734208K), 0.0030538 secs] [Times: user=0.01 sys=0.00, real=0.00 secs] 
2803.447: [GC (Allocation Failure) [PSYoungGen: 70032K->1408K(69632K)] 457148K->388524K(733696K), 0.0033790 secs] [Times: user=0.01 sys=0.00, real=0.01 secs] 
2804.221: [GC (Allocation Failure) [PSYoungGen: 69504K->1376K(69120K)] 456620K->388492K(733184K), 0.0044548 secs] [Times: user=0.02 sys=0.00, real=0.00 secs] 
2804.774: [GC (Allocation Failure) [PSYoungGen: 68960K->1453K(68608K)] 456076K->388569K(732672K), 0.0025955 secs] [Times: user=0.01 sys=0.00, real=0.01 secs] 
2804.935: [GC (Allocation Failure) [PSYoungGen: 68525K->1501K(68096K)] 455641K->388617K(732160K), 0.0016972 secs] [Times: user=0.00 sys=0.00, real=0.01 secs] 
2805.052: [GC (Allocation Failure) [PSYoungGen: 68061K->1472K(67584K)] 455177K->388588K(731648K), 0.0017363 secs] [Times: user=0.01 sys=0.00, real=0.00 secs] 
2805.168: [GC (Allocation Failure) [PSYoungGen: 67520K->1533K(71680K)] 454636K->388657K(735744K), 0.0018378 secs] [Times: user=0.00 sys=0.00, real=0.00 secs] 
2805.526: [GC (Allocation Failure) [PSYoungGen: 71165K->1408K(70656K)] 458289K->388556K(734720K), 0.0021902 secs] [Times: user=0.01 sys=0.00, real=0.01 secs] 
2806.108: [GC (Allocation Failure) [PSYoungGen: 70528K->1376K(70144K)] 457676K->388524K(734208K), 0.0030916 secs] [Times: user=0.01 sys=0.00, real=0.00 secs] 
2806.753: [GC (Allocation Failure) [PSYoungGen: 69984K->1312K(69632K)] 457132K->388460K(733696K), 0.0029235 secs] [Times: user=0.01 sys=0.00, real=0.00 secs] 
2807.305: [GC (Allocation Failure) [PSYoungGen: 69408K->1344K(69120K)] 456556K->388492K(733184K), 0.0030283 secs] [Times: user=0.02 sys=0.00, real=0.01 secs] 
2807.650: [GC (Allocation Failure) [PSYoungGen: 68928K->1517K(68608K)] 456076K->388665K(732672K), 0.0021777 secs] [Times: user=0.01 sys=0.00, real=0.00 secs] 
2807.789: [GC (Allocation Failure) [PSYoungGen: 68589K->1501K(68096K)] 455737K->388649K(732160K), 0.0017721 secs] [Times: user=0.01 sys=0.00, real=0.00 secs] 
2807.906: [GC (Allocation Failure) [PSYoungGen: 68061K->1504K(67584K)] 455209K->388676K(731648K), 0.0017603 secs] [Times: user=0.00 sys=0.00, real=0.01 secs] 
2808.022: [GC (Allocation Failure) [PSYoungGen: 67552K->1501K(71680K)] 454724K->388689K(735744K), 0.0017955 secs] [Times: user=0.00 sys=0.00, real=0.00 secs] 
2808.671: [GC (Allocation Failure) [PSYoungGen: 71133K->1440K(70656K)] 458321K->388628K(734720K), 0.0026043 secs] [Times: user=0.01 sys=0.00, real=0.00 secs] 
2809.291: [GC (Allocation Failure) [PSYoungGen: 70560K->1408K(70144K)] 457748K->388596K(734208K), 0.0032501 secs] [Times: user=0.02 sys=0.00, real=0.00 secs] 
2809.867: [GC (Allocation Failure) [PSYoungGen: 70016K->1408K(69632K)] 457204K->388596K(733696K), 0.0023502 secs] [Times: user=0.01 sys=0.00, real=0.01 secs] 
2810.375: [GC (Allocation Failure) [PSYoungGen: 69504K->1408K(69120K)] 456692K->388596K(733184K), 0.0023004 secs] [Times: user=0.01 sys=0.01, real=0.01 secs] 
2810.769: [GC (Allocation Failure) [PSYoungGen: 68992K->1501K(68608K)] 456180K->388689K(732672K), 0.0021868 secs] [Times: user=0.01 sys=0.00, real=0.00 secs] 
2810.895: [GC (Allocation Failure) [PSYoungGen: 68573K->1568K(68608K)] 455761K->388756K(732672K), 0.0017935 secs] [Times: user=0.01 sys=0.00, real=0.01 secs] 
2811.012: [GC (Allocation Failure) [PSYoungGen: 68128K->480K(66560K)] 455316K->388692K(730624K), 0.0017849 secs] [Times: user=0.01 sys=0.00, real=0.00 secs] 
2811.130: [GC (Allocation Failure) [PSYoungGen: 66528K->525K(71168K)] 454740K->388745K(735232K), 0.0016747 secs] [Times: user=0.00 sys=0.00, real=0.00 secs] 
2811.622: [GC (Allocation Failure) [PSYoungGen: 69645K->1472K(70144K)] 457865K->389692K(734208K), 0.0023825 secs] [Times: user=0.01 sys=0.00, real=0.00 secs] 
2812.283: [GC (Allocation Failure) [PSYoungGen: 70080K->1376K(69632K)] 458300K->389596K(733696K), 0.0044544 secs] [Times: user=0.02 sys=0.00, real=0.01 secs] 
2812.937: [GC (Allocation Failure) [PSYoungGen: 69472K->1376K(69120K)] 457692K->389596K(733184K), 0.0029848 secs] [Times: user=0.01 sys=0.00, real=0.00 secs] 
2813.450: [GC (Allocation Failure) [PSYoungGen: 68960K->1376K(68608K)] 457180K->389612K(732672K), 0.0023590 secs] [Times: user=0.01 sys=0.00, real=0.00 secs] 
2813.723: [GC (Allocation Failure) [PSYoungGen: 68448K->1485K(68096K)] 456684K->389721K(732160K), 0.0018883 secs] [Times: user=0.01 sys=0.00, real=0.00 secs] 
2813.844: [GC (Allocation Failure) [PSYoungGen: 68045K->1456K(67584K)] 456281K->389692K(731648K), 0.0017872 secs] [Times: user=0.01 sys=0.00, real=0.00 secs] 
2813.960: [GC (Allocation Failure) [PSYoungGen: 67504K->1501K(71680K)] 455740K->389737K(735744K), 0.0017430 secs] [Times: user=0.00 sys=0.00, real=0.00 secs] 
2814.082: [GC (Allocation Failure) [PSYoungGen: 71645K->1533K(72192K)] 459881K->389785K(736256K), 0.0033939 secs] [Times: user=0.01 sys=0.00, real=0.00 secs] 
2814.446: [GC (Allocation Failure) [PSYoungGen: 71677K->1456K(79872K)] 459929K->389708K(743936K), 0.0019851 secs] [Times: user=0.01 sys=0.00, real=0.01 secs] 
2815.430: [GC (Allocation Failure) [PSYoungGen: 79792K->1408K(80384K)] 468044K->389660K(744448K), 0.0047765 secs] [Times: user=0.02 sys=0.00, real=0.00 secs] 
2816.420: [GC (Allocation Failure) [PSYoungGen: 79744K->1408K(79360K)] 467996K->389660K(743424K), 0.0036462 secs] [Times: user=0.01 sys=0.00, real=0.00 secs] 
2817.240: [GC (Allocation Failure) [PSYoungGen: 79232K->1408K(78848K)] 467484K->389660K(742912K), 0.0035442 secs] [Times: user=0.02 sys=0.00, real=0.00 secs] 
2817.560: [GC (Allocation Failure) [PSYoungGen: 78720K->1504K(78336K)] 466972K->389780K(742400K), 0.0016744 secs] [Times: user=0.00 sys=0.00, real=0.00 secs] 
2817.696: [GC (Allocation Failure) [PSYoungGen: 78304K->1533K(77824K)] 466580K->389809K(741888K), 0.0016659 secs] [Times: user=0.01 sys=0.00, real=0.01 secs] 
2817.832: [GC (Allocation Failure) [PSYoungGen: 77821K->1501K(77312K)] 466097K->389777K(741376K), 0.0016763 secs] [Times: user=0.01 sys=0.00, real=0.00 secs] 
2818.924: [GC (Allocation Failure) [PSYoungGen: 77277K->1488K(76800K)] 465553K->389764K(740864K), 0.0035260 secs] [Times: user=0.02 sys=0.00, real=0.01 secs] 
2820.265: [GC (Allocation Failure) [PSYoungGen: 76752K->1408K(76288K)] 465028K->389684K(740352K), 0.0041786 secs] [Times: user=0.01 sys=0.00, real=0.01 secs] 
2821.027: [GC (Allocation Failure) [PSYoungGen: 76160K->1408K(75776K)] 464436K->389684K(739840K), 0.0029778 secs] [Times: user=0.01 sys=0.00, real=0.00 secs] 
2821.715: [GC (Allocation Failure) [PSYoungGen: 75648K->1376K(75264K)] 463924K->389652K(739328K), 0.0031951 secs] [Times: user=0.01 sys=0.00, real=0.01 secs] 
2822.183: [GC (Allocation Failure) [PSYoungGen: 75104K->1437K(74752K)] 463380K->389713K(738816K), 0.0020998 secs] [Times: user=0.01 sys=0.00, real=0.00 secs] 
2822.365: [GC (Allocation Failure) [PSYoungGen: 74653K->1469K(74240K)] 462929K->389745K(738304K), 0.0024274 secs] [Times: user=0.01 sys=0.00, real=0.01 secs] 
2822.539: [GC (Allocation Failure) [PSYoungGen: 74173K->1565K(74240K)] 462449K->389841K(738304K), 0.0019545 secs] [Times: user=0.01 sys=0.00, real=0.00 secs] 
2822.778: [GC (Allocation Failure) [PSYoungGen: 73757K->432K(72192K)] 462033K->389732K(736256K), 0.0025551 secs] [Times: user=0.02 sys=0.00, real=0.00 secs] 
2823.492: [GC (Allocation Failure) [PSYoungGen: 72112K->384K(73216K)] 461412K->389692K(737280K), 0.0033079 secs] [Times: user=0.02 sys=0.00, real=0.00 secs] 
2824.161: [GC (Allocation Failure) [PSYoungGen: 71552K->352K(71168K)] 460860K->389660K(735232K), 0.0030511 secs] [Times: user=0.01 sys=0.00, real=0.00 secs] 
2824.833: [GC (Allocation Failure) [PSYoungGen: 71008K->384K(70656K)] 460316K->389692K(734720K), 0.0027768 secs] [Times: user=0.01 sys=0.00, real=0.00 secs] 
2825.338: [GC (Allocation Failure) [PSYoungGen: 70528K->1485K(71168K)] 459836K->390793K(735232K), 0.0023490 secs] [Times: user=0.01 sys=0.01, real=0.00 secs] 
2825.491: [GC (Allocation Failure) [PSYoungGen: 71117K->1565K(71168K)] 460425K->390897K(735232K), 0.0017518 secs] [Times: user=0.01 sys=0.00, real=0.00 secs] 
2825.615: [GC (Allocation Failure) [PSYoungGen: 70685K->1533K(70144K)] 460017K->390865K(734208K), 0.0018579 secs] [Times: user=0.01 sys=0.00, real=0.00 secs] 
2825.735: [GC (Allocation Failure) [PSYoungGen: 70126K->1533K(69632K)] 459458K->390865K(733696K), 0.0017625 secs] [Times: user=0.01 sys=0.00, real=0.01 secs] 
2826.152: [GC (Allocation Failure) [PSYoungGen: 69629K->1424K(69120K)] 458961K->390756K(733184K), 0.0024052 secs] [Times: user=0.01 sys=0.00, real=0.00 secs] 
2826.911: [GC (Allocation Failure) [PSYoungGen: 69008K->1392K(68608K)] 458340K->390724K(732672K), 0.0030900 secs] [Times: user=0.01 sys=0.00, real=0.00 secs] 
2827.806: [GC (Allocation Failure) [PSYoungGen: 68464K->1408K(68096K)] 457796K->390740K(732160K), 0.0031062 secs] [Times: user=0.01 sys=0.00, real=0.01 secs] 
2828.723: [GC (Allocation Failure) [PSYoungGen: 67968K->1392K(67584K)] 457300K->390724K(731648K), 0.0047201 secs] [Times: user=0.02 sys=0.00, real=0.01 secs] 
2829.270: [GC (Allocation Failure) [PSYoungGen: 67440K->1453K(67584K)] 456772K->390785K(731648K), 0.0028150 secs] [Times: user=0.01 sys=0.00, real=0.00 secs] 
2829.430: [GC (Allocation Failure) [PSYoungGen: 67501K->1565K(68096K)] 456833K->390897K(732160K), 0.0017826 secs] [Times: user=0.01 sys=0.00, real=0.00 secs] 
2829.546: [GC (Allocation Failure) [PSYoungGen: 67613K->1533K(67584K)] 456945K->390865K(731648K), 0.0017807 secs] [Times: user=0.00 sys=0.00, real=0.01 secs] 
2829.662: [GC (Allocation Failure) [PSYoungGen: 67581K->1533K(69120K)] 456913K->390881K(733184K), 0.0018005 secs] [Times: user=0.01 sys=0.00, real=0.00 secs] 
2829.891: [GC (Allocation Failure) [PSYoungGen: 68093K->1440K(67584K)] 457441K->390788K(731648K), 0.0018109 secs] [Times: user=0.00 sys=0.00, real=0.00 secs] 
2830.209: [GC (Allocation Failure) [PSYoungGen: 67488K->1424K(67584K)] 456836K->390772K(731648K), 0.0021142 secs] [Times: user=0.01 sys=0.00, real=0.00 secs] 
2830.484: [GC (Allocation Failure) [PSYoungGen: 67472K->1440K(67584K)] 456820K->390788K(731648K), 0.0017785 secs] [Times: user=0.01 sys=0.00, real=0.00 secs] 
2830.766: [GC (Allocation Failure) [PSYoungGen: 67488K->1376K(67584K)] 456836K->390724K(731648K), 0.0020530 secs] [Times: user=0.01 sys=0.00, real=0.01 secs] 
2831.045: [GC (Allocation Failure) [PSYoungGen: 67415K->1485K(67584K)] 456764K->390833K(731648K), 0.0019462 secs] [Times: user=0.00 sys=0.00, real=0.01 secs] 
2831.165: [GC (Allocation Failure) [PSYoungGen: 67533K->1552K(68096K)] 456881K->390900K(732160K), 0.0018225 secs] [Times: user=0.00 sys=0.00, real=0.01 secs] 
2831.281: [GC (Allocation Failure) [PSYoungGen: 67600K->477K(72192K)] 456948K->390849K(736256K), 0.0016013 secs] [Times: user=0.01 sys=0.00, real=0.00 secs] 
2831.406: [GC (Allocation Failure) [PSYoungGen: 71645K->496K(73216K)] 462017K->390876K(737280K), 0.0016536 secs] [Times: user=0.00 sys=0.00, real=0.01 secs] 
2832.517: [GC (Allocation Failure) [PSYoungGen: 71664K->1456K(72192K)] 462044K->391860K(736256K), 0.0053102 secs] [Times: user=0.02 sys=0.00, real=0.00 secs] 
2833.271: [GC (Allocation Failure) [PSYoungGen: 72112K->1424K(71680K)] 462516K->391828K(735744K), 0.0027839 secs] [Times: user=0.01 sys=0.00, real=0.00 secs] 
2834.025: [GC (Allocation Failure) [PSYoungGen: 71568K->1424K(71168K)] 461972K->391828K(735232K), 0.0024227 secs] [Times: user=0.01 sys=0.00, real=0.01 secs] 
2834.554: [GC (Allocation Failure) [PSYoungGen: 71056K->1376K(70656K)] 461460K->391780K(734720K), 0.0032528 secs] [Times: user=0.02 sys=0.00, real=0.00 secs] 
2835.043: [GC (Allocation Failure) [PSYoungGen: 70496K->1453K(70144K)] 460900K->391857K(734208K), 0.0025142 secs] [Times: user=0.01 sys=0.00, real=0.00 secs] 
2835.195: [GC (Allocation Failure) [PSYoungGen: 70061K->1501K(69632K)] 460465K->391905K(733696K), 0.0016903 secs] [Times: user=0.00 sys=0.00, real=0.00 secs] 
2835.314: [GC (Allocation Failure) [PSYoungGen: 69597K->1485K(69120K)] 460001K->391889K(733184K), 0.0018011 secs] [Times: user=0.01 sys=0.01, real=0.00 secs] 
2835.433: [GC (Allocation Failure) [PSYoungGen: 69069K->1472K(76288K)] 459473K->391900K(740352K), 0.0016734 secs] [Times: user=0.01 sys=0.00, real=0.00 secs] 
2835.699: [GC (Allocation Failure) [PSYoungGen: 76224K->1440K(75776K)] 466652K->391868K(739840K), 0.0019894 secs] [Times: user=0.00 sys=0.00, real=0.00 secs] 
2836.007: [GC (Allocation Failure) [PSYoungGen: 75680K->1408K(75264K)] 466108K->391836K(739328K), 0.0019660 secs] [Times: user=0.01 sys=0.00, real=0.00 secs] 
2836.387: [GC (Allocation Failure) [PSYoungGen: 75136K->1344K(74752K)] 465564K->391772K(738816K), 0.0017588 secs] [Times: user=0.01 sys=0.00, real=0.00 secs] 
2836.879: [GC (Allocation Failure) [PSYoungGen: 74560K->1376K(74240K)] 464988K->391804K(738304K), 0.0019732 secs] [Times: user=0.01 sys=0.00, real=0.00 secs] 
2837.110: [GC (Allocation Failure) [PSYoungGen: 74080K->1472K(73728K)] 464508K->391900K(737792K), 0.0017392 secs] [Times: user=0.01 sys=0.00, real=0.00 secs] 
2837.238: [GC (Allocation Failure) [PSYoungGen: 73664K->1533K(73216K)] 464092K->391961K(737280K), 0.0017245 secs] [Times: user=0.00 sys=0.00, real=0.00 secs] 
2837.363: [GC (Allocation Failure) [PSYoungGen: 73213K->1501K(73728K)] 463641K->391929K(737792K), 0.0034042 secs] [Times: user=0.02 sys=0.00, real=0.00 secs] 
2837.565: [GC (Allocation Failure) [PSYoungGen: 73181K->1440K(73728K)] 463609K->391868K(737792K), 0.0020060 secs] [Times: user=0.01 sys=0.00, real=0.01 secs] 
2837.916: [GC (Allocation Failure) [PSYoungGen: 73120K->1408K(80896K)] 463548K->391836K(744960K), 0.0020616 secs] [Times: user=0.01 sys=0.01, real=0.01 secs] 
2838.246: [GC (Allocation Failure) [PSYoungGen: 80768K->1424K(80384K)] 471196K->391852K(744448K), 0.0019269 secs] [Times: user=0.01 sys=0.00, real=0.01 secs] 
2838.622: [GC (Allocation Failure) [PSYoungGen: 80272K->1424K(79872K)] 470700K->391852K(743936K), 0.0020470 secs] [Times: user=0.00 sys=0.00, real=0.00 secs] 
2838.912: [GC (Allocation Failure) [PSYoungGen: 79760K->1501K(79360K)] 470188K->391929K(743424K), 0.0018805 secs] [Times: user=0.00 sys=0.00, real=0.00 secs] 
2839.051: [GC (Allocation Failure) [PSYoungGen: 79325K->1581K(79360K)] 469753K->392009K(743424K), 0.0017887 secs] [Times: user=0.00 sys=0.00, real=0.00 secs] 
2839.188: [GC (Allocation Failure) [PSYoungGen: 78893K->1533K(78336K)] 469321K->391961K(742400K), 0.0018340 secs] [Times: user=0.00 sys=0.00, real=0.00 secs] 
2839.983: [GC (Allocation Failure) [PSYoungGen: 78333K->1504K(77824K)] 468761K->391932K(741888K), 0.0038389 secs] [Times: user=0.01 sys=0.00, real=0.00 secs] 
2841.033: [GC (Allocation Failure) [PSYoungGen: 77792K->1408K(77312K)] 468220K->391836K(741376K), 0.0035638 secs] [Times: user=0.01 sys=0.00, real=0.00 secs] 
2841.870: [GC (Allocation Failure) [PSYoungGen: 77184K->1344K(76800K)] 467612K->391772K(740864K), 0.0031054 secs] [Times: user=0.02 sys=0.00, real=0.00 secs] 
2842.756: [GC (Allocation Failure) [PSYoungGen: 76608K->1408K(76288K)] 467036K->391836K(740352K), 0.0040114 secs] [Times: user=0.01 sys=0.00, real=0.01 secs] 
2843.229: [GC (Allocation Failure) [PSYoungGen: 76160K->1469K(75776K)] 466588K->391897K(739840K), 0.0021711 secs] [Times: user=0.01 sys=0.00, real=0.00 secs] 
2843.436: [GC (Allocation Failure) [PSYoungGen: 75709K->1501K(75264K)] 466137K->391929K(739328K), 0.0024127 secs] [Times: user=0.01 sys=0.00, real=0.01 secs] 
2843.590: [GC (Allocation Failure) [PSYoungGen: 75229K->1533K(74752K)] 465657K->391961K(738816K), 0.0018059 secs] [Times: user=0.00 sys=0.00, real=0.00 secs] 
2843.718: [GC (Allocation Failure) [PSYoungGen: 74749K->1504K(74240K)] 465177K->391932K(738304K), 0.0019937 secs] [Times: user=0.00 sys=0.00, real=0.00 secs] 
2844.620: [GC (Allocation Failure) [PSYoungGen: 74208K->1408K(73728K)] 464636K->391844K(737792K), 0.0044903 secs] [Times: user=0.02 sys=0.00, real=0.00 secs] 
2845.408: [GC (Allocation Failure) [PSYoungGen: 73600K->1360K(73216K)] 464036K->391796K(737280K), 0.0044324 secs] [Times: user=0.01 sys=0.00, real=0.00 secs] 
2846.182: [GC (Allocation Failure) [PSYoungGen: 73040K->1392K(72704K)] 463476K->391828K(736768K), 0.0044200 secs] [Times: user=0.01 sys=0.00, real=0.00 secs] 
2846.827: [GC (Allocation Failure) [PSYoungGen: 72560K->1453K(72192K)] 462996K->391889K(736256K), 0.0029090 secs] [Times: user=0.02 sys=0.00, real=0.01 secs] 
2847.007: [GC (Allocation Failure) [PSYoungGen: 72109K->1533K(71680K)] 462545K->392001K(735744K), 0.0017472 secs] [Times: user=0.01 sys=0.00, real=0.01 secs] 
2847.129: [GC (Allocation Failure) [PSYoungGen: 71677K->1533K(71168K)] 462145K->392001K(735232K), 0.0019733 secs] [Times: user=0.00 sys=0.00, real=0.00 secs] 
2847.251: [GC (Allocation Failure) [PSYoungGen: 71165K->1469K(71680K)] 461633K->391945K(735744K), 0.0017924 secs] [Times: user=0.00 sys=0.00, real=0.00 secs] 
2847.669: [GC (Allocation Failure) [PSYoungGen: 71613K->1472K(71168K)] 462089K->391948K(735232K), 0.0022037 secs] [Times: user=0.01 sys=0.00, real=0.00 secs] 
2848.344: [GC (Allocation Failure) [PSYoungGen: 71104K->1376K(70656K)] 461580K->391852K(734720K), 0.0034732 secs] [Times: user=0.02 sys=0.00, real=0.01 secs] 
2848.995: [GC (Allocation Failure) [PSYoungGen: 70496K->1392K(70144K)] 460972K->391868K(734208K), 0.0030114 secs] [Times: user=0.01 sys=0.00, real=0.01 secs] 
2849.609: [GC (Allocation Failure) [PSYoungGen: 70000K->1408K(69632K)] 460476K->391884K(733696K), 0.0030595 secs] [Times: user=0.01 sys=0.00, real=0.00 secs] 
2849.994: [GC (Allocation Failure) [PSYoungGen: 69504K->1469K(69120K)] 459980K->391945K(733184K), 0.0019161 secs] [Times: user=0.01 sys=0.00, real=0.00 secs] 
2850.119: [GC (Allocation Failure) [PSYoungGen: 69053K->1472K(68608K)] 459529K->391948K(732672K), 0.0017637 secs] [Times: user=0.01 sys=0.00, real=0.00 secs] 
2850.238: [GC (Allocation Failure) [PSYoungGen: 68544K->1504K(68096K)] 459020K->391980K(732160K), 0.0018053 secs] [Times: user=0.00 sys=0.00, real=0.00 secs] 
2850.355: [GC (Allocation Failure) [PSYoungGen: 68064K->1533K(68608K)] 458540K->392009K(732672K), 0.0017190 secs] [Times: user=0.01 sys=0.00, real=0.00 secs] 
2850.679: [GC (Allocation Failure) [PSYoungGen: 68093K->1440K(67584K)] 458569K->391916K(731648K), 0.0021035 secs] [Times: user=0.01 sys=0.00, real=0.00 secs] 
2851.219: [GC (Allocation Failure) [PSYoungGen: 67488K->1408K(68096K)] 457964K->391884K(732160K), 0.0019771 secs] [Times: user=0.00 sys=0.00, real=0.00 secs] 
2851.948: [GC (Allocation Failure) [PSYoungGen: 67456K->1408K(68096K)] 457932K->391884K(732160K), 0.0029367 secs] [Times: user=0.01 sys=0.00, real=0.00 secs] 
2852.633: [GC (Allocation Failure) [PSYoungGen: 67456K->1376K(68096K)] 457932K->391852K(732160K), 0.0046730 secs] [Times: user=0.02 sys=0.00, real=0.01 secs] 
2853.339: [GC (Allocation Failure) [PSYoungGen: 67424K->1424K(68096K)] 457900K->391900K(732160K), 0.0028827 secs] [Times: user=0.01 sys=0.00, real=0.00 secs] 
2853.525: [GC (Allocation Failure) [PSYoungGen: 67472K->1536K(68096K)] 457948K->392012K(732160K), 0.0017476 secs] [Times: user=0.01 sys=0.00, real=0.00 secs] 
2853.642: [GC (Allocation Failure) [PSYoungGen: 67584K->1533K(68096K)] 458060K->392009K(732160K), 0.0017195 secs] [Times: user=0.01 sys=0.00, real=0.00 secs] 
2853.758: [GC (Allocation Failure) [PSYoungGen: 67581K->1568K(68096K)] 458057K->392068K(732160K), 0.0017295 secs] [Times: user=0.01 sys=0.00, real=0.00 secs] 
2853.968: [GC (Allocation Failure) [PSYoungGen: 67616K->1472K(68096K)] 458116K->391972K(732160K), 0.0019391 secs] [Times: user=0.01 sys=0.00, real=0.00 secs] 
2854.243: [GC (Allocation Failure) [PSYoungGen: 67520K->1376K(67584K)] 458020K->391876K(731648K), 0.0018825 secs] [Times: user=0.01 sys=0.00, real=0.00 secs] 
2854.517: [GC (Allocation Failure) [PSYoungGen: 67424K->1344K(67584K)] 457924K->391844K(731648K), 0.0019374 secs] [Times: user=0.00 sys=0.00, real=0.01 secs] 
2854.791: [GC (Allocation Failure) [PSYoungGen: 67392K->1376K(67584K)] 457892K->391876K(731648K), 0.0016686 secs] [Times: user=0.00 sys=0.00, real=0.00 secs] 
2855.079: [GC (Allocation Failure) [PSYoungGen: 67424K->1453K(67584K)] 457924K->391953K(731648K), 0.0020981 secs] [Times: user=0.01 sys=0.00, real=0.00 secs] 
2855.236: [GC (Allocation Failure) [PSYoungGen: 67501K->1501K(72704K)] 458001K->392001K(736768K), 0.0048097 secs] [Times: user=0.02 sys=0.00, real=0.01 secs] 
2855.401: [GC (Allocation Failure) [PSYoungGen: 72669K->1533K(73216K)] 463169K->392049K(737280K), 0.0017800 secs] [Times: user=0.01 sys=0.00, real=0.00 secs] 
2855.526: [GC (Allocation Failure) [PSYoungGen: 72701K->1501K(81408K)] 463217K->392017K(745472K), 0.0016646 secs] [Times: user=0.00 sys=0.00, real=0.01 secs] 
2855.778: [GC (Allocation Failure) [PSYoungGen: 80861K->1472K(81408K)] 471377K->391988K(745472K), 0.0025138 secs] [Times: user=0.01 sys=0.00, real=0.00 secs] 
2856.108: [GC (Allocation Failure) [PSYoungGen: 80832K->1408K(90112K)] 471348K->391924K(754176K), 0.0022083 secs] [Times: user=0.01 sys=0.00, real=0.00 secs] 
2856.478: [GC (Allocation Failure) [PSYoungGen: 89472K->1408K(90112K)] 479988K->391924K(754176K), 0.0032601 secs] [Times: user=0.01 sys=0.00, real=0.00 secs] 
2856.857: [GC (Allocation Failure) [PSYoungGen: 89461K->1424K(89088K)] 479977K->391956K(753152K), 0.0020069 secs] [Times: user=0.01 sys=0.00, real=0.00 secs] 
2857.029: [GC (Allocation Failure) [PSYoungGen: 88976K->1501K(88576K)] 479508K->392033K(752640K), 0.0017226 secs] [Times: user=0.01 sys=0.00, real=0.00 secs] 
2857.180: [GC (Allocation Failure) [PSYoungGen: 88541K->1533K(88064K)] 479073K->392097K(752128K), 0.0015937 secs] [Times: user=0.01 sys=0.00, real=0.00 secs] 
2857.381: [GC (Allocation Failure) [PSYoungGen: 88061K->1472K(87552K)] 478625K->392036K(751616K), 0.0021726 secs] [Times: user=0.01 sys=0.00, real=0.00 secs] 
2857.740: [GC (Allocation Failure) [PSYoungGen: 87488K->1344K(87040K)] 478052K->391908K(751104K), 0.0020342 secs] [Times: user=0.00 sys=0.00, real=0.00 secs] 
2858.096: [GC (Allocation Failure) [PSYoungGen: 86848K->1408K(86528K)] 477412K->391972K(750592K), 0.0022490 secs] [Times: user=0.01 sys=0.00, real=0.01 secs] 
2858.449: [GC (Allocation Failure) [PSYoungGen: 86400K->1376K(86016K)] 476964K->391940K(750080K), 0.0020714 secs] [Times: user=0.01 sys=0.00, real=0.00 secs] 
2858.664: [GC (Allocation Failure) [PSYoungGen: 85856K->1533K(85504K)] 476420K->392097K(749568K), 0.0016288 secs] [Times: user=0.01 sys=0.00, real=0.00 secs] 
2858.811: [GC (Allocation Failure) [PSYoungGen: 85501K->1517K(84992K)] 476065K->392081K(749056K), 0.0016214 secs] [Times: user=0.01 sys=0.00, real=0.00 secs] 
2858.956: [GC (Allocation Failure) [PSYoungGen: 84973K->1549K(84992K)] 475537K->392113K(749056K), 0.0017459 secs] [Times: user=0.01 sys=0.01, real=0.01 secs] 
2859.283: [GC (Allocation Failure) [PSYoungGen: 84493K->448K(82944K)] 475057K->392036K(747008K), 0.0017880 secs] [Times: user=0.01 sys=0.00, real=0.00 secs] 
2859.627: [GC (Allocation Failure) [PSYoungGen: 82880K->352K(83968K)] 474468K->391940K(748032K), 0.0029958 secs] [Times: user=0.01 sys=0.00, real=0.01 secs] 
2859.969: [GC (Allocation Failure) [PSYoungGen: 82272K->368K(81920K)] 473860K->391956K(745984K), 0.0023771 secs] [Times: user=0.01 sys=0.00, real=0.00 secs] 
2860.301: [GC (Allocation Failure) [PSYoungGen: 81776K->1488K(82432K)] 473364K->393076K(746496K), 0.0020448 secs] [Times: user=0.01 sys=0.00, real=0.00 secs] 
2860.454: [GC (Allocation Failure) [PSYoungGen: 82384K->1565K(82432K)] 473972K->393153K(746496K), 0.0017028 secs] [Times: user=0.01 sys=0.00, real=0.00 secs] 
2860.594: [GC (Allocation Failure) [PSYoungGen: 81949K->1565K(81920K)] 473537K->393153K(745984K), 0.0018773 secs] [Times: user=0.01 sys=0.00, real=0.00 secs] 
2860.937: [GC (Allocation Failure) [PSYoungGen: 81437K->1472K(80896K)] 473025K->393060K(744960K), 0.0023763 secs] [Times: user=0.01 sys=0.00, real=0.01 secs] 
2861.984: [GC (Allocation Failure) [PSYoungGen: 80832K->1408K(80384K)] 472420K->392996K(744448K), 0.0041595 secs] [Times: user=0.02 sys=0.00, real=0.01 secs] 
2862.822: [GC (Allocation Failure) [PSYoungGen: 80256K->1440K(79872K)] 471844K->393028K(743936K), 0.0026891 secs] [Times: user=0.01 sys=0.00, real=0.00 secs] 
2863.630: [GC (Allocation Failure) [PSYoungGen: 79776K->1440K(79360K)] 471364K->393052K(743424K), 0.0045625 secs] [Times: user=0.02 sys=0.00, real=0.00 secs] 
2864.283: [GC (Allocation Failure) [PSYoungGen: 79264K->1424K(78848K)] 470876K->393036K(742912K), 0.0023080 secs] [Times: user=0.01 sys=0.00, real=0.00 secs] 
2864.453: [GC (Allocation Failure) [PSYoungGen: 78736K->1533K(78336K)] 470348K->393145K(742400K), 0.0017554 secs] [Times: user=0.01 sys=0.00, real=0.00 secs] 
2864.590: [GC (Allocation Failure) [PSYoungGen: 78333K->1520K(77824K)] 469945K->393132K(741888K), 0.0017149 secs] [Times: user=0.01 sys=0.00, real=0.00 secs] 
2864.870: [GC (Allocation Failure) [PSYoungGen: 77808K->1456K(77312K)] 469420K->393068K(741376K), 0.0021959 secs] [Times: user=0.01 sys=0.00, real=0.00 secs] 
2865.248: [GC (Allocation Failure) [PSYoungGen: 77232K->1408K(76800K)] 468844K->393020K(740864K), 0.0020294 secs] [Times: user=0.01 sys=0.00, real=0.00 secs] 
2865.865: [GC (Allocation Failure) [PSYoungGen: 76672K->1376K(76288K)] 468284K->392988K(740352K), 0.0027336 secs] [Times: user=0.02 sys=0.00, real=0.01 secs] 
2866.456: [GC (Allocation Failure) [PSYoungGen: 76128K->1376K(75776K)] 467740K->392988K(739840K), 0.0026115 secs] [Times: user=0.01 sys=0.00, real=0.01 secs] 
2866.854: [GC (Allocation Failure) [PSYoungGen: 75616K->1469K(75264K)] 467228K->393081K(739328K), 0.0019707 secs] [Times: user=0.01 sys=0.00, real=0.00 secs] 
2866.990: [GC (Allocation Failure) [PSYoungGen: 75197K->1504K(74752K)] 466809K->393156K(738816K), 0.0017330 secs] [Times: user=0.01 sys=0.00, real=0.00 secs] 
2867.118: [GC (Allocation Failure) [PSYoungGen: 74720K->1565K(74752K)] 466372K->393217K(738816K), 0.0018288 secs] [Times: user=0.01 sys=0.00, real=0.00 secs] 
2867.247: [GC (Allocation Failure) [PSYoungGen: 74269K->477K(72704K)] 465921K->393153K(736768K), 0.0016783 secs] [Times: user=0.00 sys=0.00, real=0.00 secs] 
2868.634: [GC (Allocation Failure) [PSYoungGen: 72669K->1440K(73728K)] 465345K->394116K(737792K), 0.0025530 secs] [Times: user=0.01 sys=0.00, real=0.00 secs] 
2869.937: [GC (Allocation Failure) [PSYoungGen: 73120K->1376K(72704K)] 465796K->394052K(736768K), 0.0045108 secs] [Times: user=0.01 sys=0.00, real=0.01 secs] 
2870.390: [GC (Allocation Failure) [PSYoungGen: 72544K->1440K(72192K)] 465220K->394116K(736256K), 0.0026560 secs] [Times: user=0.01 sys=0.00, real=0.00 secs] 
2870.717: [GC (Allocation Failure) [PSYoungGen: 72096K->1485K(71680K)] 464772K->394161K(735744K), 0.0021090 secs] [Times: user=0.00 sys=0.00, real=0.01 secs] 
2870.865: [GC (Allocation Failure) [PSYoungGen: 71629K->1504K(71168K)] 464305K->394180K(735232K), 0.0016975 secs] [Times: user=0.00 sys=0.00, real=0.00 secs] 
2870.987: [GC (Allocation Failure) [PSYoungGen: 71136K->1533K(70656K)] 463812K->394233K(734720K), 0.0017518 secs] [Times: user=0.00 sys=0.00, real=0.01 secs] 
2871.128: [GC (Allocation Failure) [PSYoungGen: 70653K->1552K(77824K)] 463353K->394260K(741888K), 0.0018825 secs] [Times: user=0.01 sys=0.00, real=0.00 secs] 
2871.381: [GC (Allocation Failure) [PSYoungGen: 77328K->1472K(76800K)] 470036K->394180K(740864K), 0.0022716 secs] [Times: user=0.00 sys=0.00, real=0.00 secs] 
2871.694: [GC (Allocation Failure) [PSYoungGen: 76736K->1408K(76288K)] 469444K->394116K(740352K), 0.0021301 secs] [Times: user=0.00 sys=0.00, real=0.00 secs] 
2872.005: [GC (Allocation Failure) [PSYoungGen: 76160K->1408K(75776K)] 468868K->394116K(739840K), 0.0020777 secs] [Times: user=0.01 sys=0.00, real=0.01 secs] 
2872.315: [GC (Allocation Failure) [PSYoungGen: 75648K->1376K(75264K)] 468356K->394084K(739328K), 0.0020974 secs] [Times: user=0.00 sys=0.00, real=0.00 secs] 
2872.601: [GC (Allocation Failure) [PSYoungGen: 75104K->1533K(74752K)] 467812K->394265K(738816K), 0.0018024 secs] [Times: user=0.01 sys=0.00, real=0.00 secs] 
2872.729: [GC (Allocation Failure) [PSYoungGen: 74732K->1533K(74240K)] 467464K->394281K(738304K), 0.0018414 secs] [Times: user=0.01 sys=0.00, real=0.00 secs] 
2872.876: [GC (Allocation Failure) [PSYoungGen: 74237K->1533K(74752K)] 466985K->394281K(738816K), 0.0029572 secs] [Times: user=0.01 sys=0.00, real=0.01 secs] 
2873.331: [GC (Allocation Failure) [PSYoungGen: 74749K->2000K(75264K)] 467497K->394772K(739328K), 0.0041244 secs] [Times: user=0.02 sys=0.00, real=0.00 secs] 
2874.653: [GC (Allocation Failure) [PSYoungGen: 75216K->1456K(83456K)] 467988K->394228K(747520K), 0.0499256 secs] [Times: user=0.11 sys=0.10, real=0.05 secs] 
2875.377: [GC (Allocation Failure) [PSYoungGen: 82864K->1376K(83456K)] 475636K->394148K(747520K), 0.0025242 secs] [Times: user=0.01 sys=0.00, real=0.01 secs] 
2876.014: [GC (Allocation Failure) [PSYoungGen: 82784K->1408K(92160K)] 475556K->394180K(756224K), 0.0025387 secs] [Times: user=0.01 sys=0.00, real=0.00 secs] 
2876.477: [GC (Allocation Failure) [PSYoungGen: 92032K->1533K(91648K)] 484804K->394313K(755712K), 0.0022712 secs] [Times: user=0.01 sys=0.00, real=0.01 secs] 
2876.635: [GC (Allocation Failure) [PSYoungGen: 91645K->1533K(92160K)] 484425K->394313K(756224K), 0.0018133 secs] [Times: user=0.01 sys=0.00, real=0.01 secs] 
2876.793: [GC (Allocation Failure) [PSYoungGen: 91645K->1536K(92160K)] 484425K->394316K(756224K), 0.0017668 secs] [Times: user=0.01 sys=0.00, real=0.00 secs] 
2878.268: [GC (Allocation Failure) [PSYoungGen: 91648K->1456K(91136K)] 484428K->394236K(755200K), 0.0032366 secs] [Times: user=0.01 sys=0.00, real=0.00 secs] 
2879.063: [GC (Allocation Failure) [PSYoungGen: 91056K->1392K(90624K)] 483836K->394172K(754688K), 0.0041731 secs] [Times: user=0.01 sys=0.01, real=0.01 secs] 
2880.082: [GC (Allocation Failure) [PSYoungGen: 90480K->1408K(90112K)] 483260K->394188K(754176K), 0.0030535 secs] [Times: user=0.02 sys=0.00, real=0.00 secs] 
2880.677: [GC (Allocation Failure) [PSYoungGen: 89984K->1472K(89600K)] 482764K->394252K(753664K), 0.0044346 secs] [Times: user=0.01 sys=0.01, real=0.01 secs] 
2880.848: [GC (Allocation Failure) [PSYoungGen: 89536K->1533K(89088K)] 482316K->394313K(753152K), 0.0016474 secs] [Times: user=0.01 sys=0.00, real=0.00 secs] 
2881.002: [GC (Allocation Failure) [PSYoungGen: 89085K->1533K(88576K)] 481865K->394313K(752640K), 0.0016962 secs] [Times: user=0.01 sys=0.00, real=0.00 secs] 
2881.600: [GC (Allocation Failure) [PSYoungGen: 88573K->1440K(88064K)] 481353K->394220K(752128K), 0.0019186 secs] [Times: user=0.00 sys=0.00, real=0.00 secs] 
2882.785: [GC (Allocation Failure) [PSYoungGen: 87968K->1408K(87552K)] 480748K->394188K(751616K), 0.0050315 secs] [Times: user=0.02 sys=0.00, real=0.01 secs] 
2883.825: [GC (Allocation Failure) [PSYoungGen: 87424K->1408K(87040K)] 480204K->394196K(751104K), 0.0032324 secs] [Times: user=0.01 sys=0.00, real=0.01 secs] 
2884.479: [GC (Allocation Failure) [PSYoungGen: 86912K->1533K(86528K)] 479700K->394321K(750592K), 0.0032581 secs] [Times: user=0.01 sys=0.00, real=0.00 secs] 
2884.688: [GC (Allocation Failure) [PSYoungGen: 86525K->1517K(86016K)] 479313K->394337K(750080K), 0.0018939 secs] [Times: user=0.01 sys=0.00, real=0.00 secs] 
2884.839: [GC (Allocation Failure) [PSYoungGen: 85997K->1469K(85504K)] 478817K->394289K(749568K), 0.0017907 secs] [Times: user=0.01 sys=0.00, real=0.00 secs] 
2885.077: [GC (Allocation Failure) [PSYoungGen: 85437K->1456K(84992K)] 478257K->394276K(749056K), 0.0025533 secs] [Times: user=0.01 sys=0.00, real=0.01 secs] 
2885.466: [GC (Allocation Failure) [PSYoungGen: 84912K->1344K(84480K)] 477732K->394164K(748544K), 0.0023606 secs] [Times: user=0.01 sys=0.00, real=0.01 secs] 
2886.070: [GC (Allocation Failure) [PSYoungGen: 84288K->1392K(83968K)] 477108K->394212K(748032K), 0.0020390 secs] [Times: user=0.01 sys=0.00, real=0.00 secs] 
2886.666: [GC (Allocation Failure) [PSYoungGen: 83824K->1376K(83456K)] 476644K->394220K(747520K), 0.0024768 secs] [Times: user=0.00 sys=0.00, real=0.01 secs] 
2886.977: [GC (Allocation Failure) [PSYoungGen: 83296K->1469K(82944K)] 476140K->394313K(747008K), 0.0021524 secs] [Times: user=0.00 sys=0.00, real=0.00 secs] 
2887.131: [GC (Allocation Failure) [PSYoungGen: 82877K->1533K(82432K)] 475721K->394377K(746496K), 0.0018557 secs] [Times: user=0.00 sys=0.00, real=0.00 secs] 
2887.273: [GC (Allocation Failure) [PSYoungGen: 82429K->1520K(81920K)] 475273K->394364K(745984K), 0.0017998 secs] [Times: user=0.00 sys=0.00, real=0.00 secs] 
2887.610: [GC (Allocation Failure) [PSYoungGen: 81904K->1408K(81408K)] 474748K->394260K(745472K), 0.0032091 secs] [Times: user=0.02 sys=0.00, real=0.00 secs] 
2888.188: [GC (Allocation Failure) [PSYoungGen: 81280K->1408K(80896K)] 474132K->394260K(744960K), 0.0029976 secs] [Times: user=0.01 sys=0.00, real=0.00 secs] 
2888.776: [GC (Allocation Failure) [PSYoungGen: 80768K->1440K(80384K)] 473620K->394292K(744448K), 0.0038415 secs] [Times: user=0.01 sys=0.00, real=0.01 secs] 
2889.389: [GC (Allocation Failure) [PSYoungGen: 80288K->1533K(79872K)] 473140K->394385K(743936K), 0.0024969 secs] [Times: user=0.01 sys=0.00, real=0.00 secs] 
2889.562: [GC (Allocation Failure) [PSYoungGen: 79869K->1581K(79872K)] 472721K->394433K(743936K), 0.0019448 secs] [Times: user=0.01 sys=0.00, real=0.00 secs] 
2889.721: [GC (Allocation Failure) [PSYoungGen: 79405K->509K(77824K)] 472257K->394385K(741888K), 0.0019500 secs] [Times: user=0.00 sys=0.00, real=0.00 secs] 
2889.891: [GC (Allocation Failure) [PSYoungGen: 77821K->493K(78848K)] 471697K->394369K(742912K), 0.0019648 secs] [Times: user=0.01 sys=0.00, real=0.00 secs] 
2890.231: [GC (Allocation Failure) [PSYoungGen: 77293K->1408K(77824K)] 471169K->395284K(741888K), 0.0023983 secs] [Times: user=0.01 sys=0.00, real=0.00 secs] 
2890.808: [GC (Allocation Failure) [PSYoungGen: 77696K->1376K(77312K)] 471572K->395252K(741376K), 0.0021890 secs] [Times: user=0.01 sys=0.00, real=0.00 secs] 
2891.471: [GC (Allocation Failure) [PSYoungGen: 77152K->1376K(76800K)] 471028K->395252K(740864K), 0.0021684 secs] [Times: user=0.01 sys=0.00, real=0.00 secs] 
2892.102: [GC (Allocation Failure) [PSYoungGen: 76640K->1453K(76288K)] 470516K->395329K(740352K), 0.0030791 secs] [Times: user=0.01 sys=0.00, real=0.00 secs] 
2892.302: [GC (Allocation Failure) [PSYoungGen: 76205K->1520K(75776K)] 470081K->395436K(739840K), 0.0017165 secs] [Times: user=0.00 sys=0.00, real=0.00 secs] 
2892.434: [GC (Allocation Failure) [PSYoungGen: 75760K->1565K(75776K)] 469676K->395481K(739840K), 0.0018052 secs] [Times: user=0.00 sys=0.00, real=0.00 secs] 
2892.564: [GC (Allocation Failure) [PSYoungGen: 75293K->541K(74240K)] 469209K->395481K(738304K), 0.0016899 secs] [Times: user=0.00 sys=0.00, real=0.00 secs] 
2893.179: [GC (Allocation Failure) [PSYoungGen: 73757K->1408K(74240K)] 468697K->396348K(738304K), 0.0039458 secs] [Times: user=0.02 sys=0.00, real=0.00 secs] 
2893.984: [GC (Allocation Failure) [PSYoungGen: 74112K->1408K(73728K)] 469052K->396364K(737792K), 0.0030413 secs] [Times: user=0.01 sys=0.00, real=0.00 secs] 
2894.963: [GC (Allocation Failure) [PSYoungGen: 73600K->1408K(73216K)] 468556K->396364K(737280K), 0.0044017 secs] [Times: user=0.02 sys=0.00, real=0.01 secs] 
2895.762: [GC (Allocation Failure) [PSYoungGen: 73088K->1376K(72704K)] 468044K->396332K(736768K), 0.0036114 secs] [Times: user=0.01 sys=0.01, real=0.00 secs] 
2896.173: [GC (Allocation Failure) [PSYoungGen: 72544K->1440K(72192K)] 467500K->396396K(736256K), 0.0022246 secs] [Times: user=0.01 sys=0.00, real=0.00 secs] 
2896.311: [GC (Allocation Failure) [PSYoungGen: 72096K->1501K(71680K)] 467052K->396457K(735744K), 0.0018355 secs] [Times: user=0.01 sys=0.00, real=0.00 secs] 
2896.452: [GC (Allocation Failure) [PSYoungGen: 71641K->1501K(71168K)] 466597K->396457K(735232K), 0.0018944 secs] [Times: user=0.01 sys=0.00, real=0.00 secs] 
2896.727: [GC (Allocation Failure) [PSYoungGen: 71133K->1440K(70656K)] 466089K->396396K(734720K), 0.0019944 secs] [Times: user=0.00 sys=0.00, real=0.01 secs] 
2897.335: [GC (Allocation Failure) [PSYoungGen: 70560K->1408K(70144K)] 465516K->396364K(734208K), 0.0020964 secs] [Times: user=0.00 sys=0.00, real=0.01 secs] 
2898.007: [GC (Allocation Failure) [PSYoungGen: 70016K->1344K(69632K)] 464972K->396308K(733696K), 0.0020290 secs] [Times: user=0.01 sys=0.00, real=0.01 secs] 
2898.401: [GC (Allocation Failure) [PSYoungGen: 69440K->1376K(69120K)] 464404K->396340K(733184K), 0.0021347 secs] [Times: user=0.01 sys=0.00, real=0.00 secs] 
2898.767: [GC (Allocation Failure) [PSYoungGen: 68960K->1485K(68608K)] 463924K->396449K(732672K), 0.0019598 secs] [Times: user=0.01 sys=0.00, real=0.01 secs] 
2898.928: [GC (Allocation Failure) [PSYoungGen: 68531K->1437K(68096K)] 463496K->396417K(732160K), 0.0021828 secs] [Times: user=0.01 sys=0.00, real=0.00 secs] 
2899.101: [GC (Allocation Failure) [PSYoungGen: 67997K->1469K(67584K)] 462977K->396449K(731648K), 0.0023006 secs] [Times: user=0.01 sys=0.00, real=0.00 secs] 
2899.299: [GC (Allocation Failure) [PSYoungGen: 67517K->1488K(67584K)] 462497K->396468K(731648K), 0.0025654 secs] [Times: user=0.01 sys=0.00, real=0.00 secs] 
2899.643: [GC (Allocation Failure) [PSYoungGen: 67536K->1456K(67584K)] 462516K->396436K(731648K), 0.0023619 secs] [Times: user=0.01 sys=0.00, real=0.00 secs] 
2900.546: [GC (Allocation Failure) [PSYoungGen: 67504K->1344K(67584K)] 462484K->396324K(731648K), 0.0030530 secs] [Times: user=0.01 sys=0.00, real=0.01 secs] 
2901.144: [GC (Allocation Failure) [PSYoungGen: 67392K->1408K(67584K)] 462372K->396388K(731648K), 0.0030575 secs] [Times: user=0.01 sys=0.00, real=0.01 secs] 
2901.687: [GC (Allocation Failure) [PSYoungGen: 67456K->1376K(67584K)] 462436K->396356K(731648K), 0.0033208 secs] [Times: user=0.02 sys=0.00, real=0.00 secs] 
2902.379: [GC (Allocation Failure) [PSYoungGen: 67424K->1408K(67584K)] 462404K->396388K(731648K), 0.0025663 secs] [Times: user=0.01 sys=0.00, real=0.00 secs] 
2902.590: [GC (Allocation Failure) [PSYoungGen: 67456K->1565K(68096K)] 462436K->396545K(732160K), 0.0019190 secs] [Times: user=0.00 sys=0.00, real=0.00 secs] 
2902.707: [GC (Allocation Failure) [PSYoungGen: 67613K->480K(66560K)] 462593K->396484K(730624K), 0.0017103 secs] [Times: user=0.01 sys=0.00, real=0.00 secs] 
2902.824: [GC (Allocation Failure) [PSYoungGen: 66528K->557K(68096K)] 462532K->396569K(732160K), 0.0015293 secs] [Times: user=0.00 sys=0.00, real=0.00 secs] 
2902.959: [GC (Allocation Failure) [PSYoungGen: 66605K->1344K(73216K)] 462617K->397356K(737280K), 0.0018979 secs] [Times: user=0.01 sys=0.00, real=0.00 secs] 
2903.611: [GC (Allocation Failure) [PSYoungGen: 72512K->1408K(72192K)] 468524K->397436K(736256K), 0.0021483 secs] [Times: user=0.01 sys=0.00, real=0.00 secs] 
2904.201: [GC (Allocation Failure) [PSYoungGen: 72064K->1408K(71680K)] 468092K->397436K(735744K), 0.0030557 secs] [Times: user=0.02 sys=0.00, real=0.00 secs] 
2904.833: [GC (Allocation Failure) [PSYoungGen: 71552K->1408K(71168K)] 467580K->397436K(735232K), 0.0038790 secs] [Times: user=0.02 sys=0.00, real=0.00 secs] 
2905.460: [GC (Allocation Failure) [PSYoungGen: 71040K->1485K(70656K)] 467068K->397513K(734720K), 0.0028687 secs] [Times: user=0.02 sys=0.00, real=0.00 secs] 
2905.640: [GC (Allocation Failure) [PSYoungGen: 70605K->1565K(70656K)] 466633K->397593K(734720K), 0.0017177 secs] [Times: user=0.01 sys=0.00, real=0.00 secs] 
2905.760: [GC (Allocation Failure) [PSYoungGen: 70173K->1533K(69632K)] 466201K->397585K(733696K), 0.0017735 secs] [Times: user=0.01 sys=0.00, real=0.00 secs] 
2905.880: [GC (Allocation Failure) [PSYoungGen: 69629K->1501K(70656K)] 465681K->397561K(734720K), 0.0017569 secs] [Times: user=0.01 sys=0.00, real=0.00 secs] 
2906.209: [GC (Allocation Failure) [PSYoungGen: 70109K->1472K(69632K)] 466169K->397532K(733696K), 0.0022977 secs] [Times: user=0.01 sys=0.01, real=0.00 secs] 
2906.903: [GC (Allocation Failure) [PSYoungGen: 69568K->1376K(69120K)] 465628K->397436K(733184K), 0.0039083 secs] [Times: user=0.02 sys=0.00, real=0.01 secs] 
2907.345: [GC (Allocation Failure) [PSYoungGen: 68960K->1344K(68608K)] 465020K->397404K(732672K), 0.0022412 secs] [Times: user=0.01 sys=0.00, real=0.00 secs] 
2907.624: [GC (Allocation Failure) [PSYoungGen: 68416K->1440K(68096K)] 464476K->397500K(732160K), 0.0022535 secs] [Times: user=0.01 sys=0.00, real=0.00 secs] 
2907.939: [GC (Allocation Failure) [PSYoungGen: 68000K->1485K(67584K)] 464060K->397545K(731648K), 0.0020547 secs] [Times: user=0.01 sys=0.00, real=0.00 secs] 
2908.073: [GC (Allocation Failure) [PSYoungGen: 67533K->1549K(68096K)] 463593K->397609K(732160K), 0.0017490 secs] [Times: user=0.01 sys=0.00, real=0.00 secs] 
2908.189: [GC (Allocation Failure) [PSYoungGen: 67597K->541K(73728K)] 463657K->397625K(737792K), 0.0017737 secs] [Times: user=0.01 sys=0.00, real=0.00 secs] 
2908.318: [GC (Allocation Failure) [PSYoungGen: 73245K->461K(74752K)] 470329K->397553K(738816K), 0.0016266 secs] [Times: user=0.01 sys=0.00, real=0.00 secs] 
2908.559: [GC (Allocation Failure) [PSYoungGen: 73165K->1472K(81920K)] 470257K->398564K(745984K), 0.0021345 secs] [Times: user=0.01 sys=0.00, real=0.00 secs] 
2908.896: [GC (Allocation Failure) [PSYoungGen: 81856K->1392K(81408K)] 478948K->398484K(745472K), 0.0021746 secs] [Times: user=0.01 sys=0.00, real=0.01 secs] 
2909.283: [GC (Allocation Failure) [PSYoungGen: 81264K->1376K(80896K)] 478356K->398468K(744960K), 0.0018912 secs] [Times: user=0.01 sys=0.00, real=0.00 secs] 
2909.631: [GC (Allocation Failure) [PSYoungGen: 80736K->1376K(80384K)] 477828K->398468K(744448K), 0.0020357 secs] [Times: user=0.00 sys=0.00, real=0.00 secs] 
2909.910: [GC (Allocation Failure) [PSYoungGen: 80224K->1565K(80384K)] 477316K->398657K(744448K), 0.0017614 secs] [Times: user=0.00 sys=0.00, real=0.00 secs] 
2910.047: [GC (Allocation Failure) [PSYoungGen: 79901K->1517K(79360K)] 476993K->398609K(743424K), 0.0018615 secs] [Times: user=0.01 sys=0.00, real=0.00 secs] 
2910.185: [GC (Allocation Failure) [PSYoungGen: 79341K->1533K(78848K)] 476433K->398625K(742912K), 0.0016618 secs] [Times: user=0.01 sys=0.00, real=0.01 secs] 
2910.977: [GC (Allocation Failure) [PSYoungGen: 78845K->1424K(78336K)] 475937K->398524K(742400K), 0.0038392 secs] [Times: user=0.01 sys=0.00, real=0.00 secs] 
2911.560: [GC (Allocation Failure) [PSYoungGen: 78224K->1376K(77824K)] 475324K->398476K(741888K), 0.0022929 secs] [Times: user=0.01 sys=0.00, real=0.00 secs] 
2911.880: [GC (Allocation Failure) [PSYoungGen: 77664K->1376K(77312K)] 474764K->398476K(741376K), 0.0028393 secs] [Times: user=0.01 sys=0.00, real=0.00 secs] 
2912.195: [GC (Allocation Failure) [PSYoungGen: 77152K->1376K(76800K)] 474252K->398492K(740864K), 0.0020057 secs] [Times: user=0.01 sys=0.00, real=0.01 secs] 
2912.389: [GC (Allocation Failure) [PSYoungGen: 76640K->1565K(76800K)] 473756K->398681K(740864K), 0.0017985 secs] [Times: user=0.01 sys=0.00, real=0.00 secs] 
2912.520: [GC (Allocation Failure) [PSYoungGen: 76317K->477K(74752K)] 473433K->398617K(738816K), 0.0018642 secs] [Times: user=0.01 sys=0.00, real=0.00 secs] 
2912.651: [GC (Allocation Failure) [PSYoungGen: 74717K->432K(75776K)] 472857K->398572K(739840K), 0.0015399 secs] [Times: user=0.01 sys=0.00, real=0.00 secs] 
2912.969: [GC (Allocation Failure) [PSYoungGen: 74160K->1408K(74752K)] 472300K->399548K(738816K), 0.0018424 secs] [Times: user=0.01 sys=0.00, real=0.00 secs] 
2913.603: [GC (Allocation Failure) [PSYoungGen: 74624K->1344K(74240K)] 472764K->399492K(738304K), 0.0020820 secs] [Times: user=0.01 sys=0.00, real=0.00 secs] 
2914.253: [GC (Allocation Failure) [PSYoungGen: 74048K->1376K(73728K)] 472196K->399524K(737792K), 0.0024175 secs] [Times: user=0.01 sys=0.00, real=0.00 secs] 
2914.865: [GC (Allocation Failure) [PSYoungGen: 73568K->1408K(73216K)] 471716K->399556K(737280K), 0.0028540 secs] [Times: user=0.01 sys=0.00, real=0.01 secs] 
2915.368: [GC (Allocation Failure) [PSYoungGen: 73088K->1456K(72704K)] 471236K->399604K(736768K), 0.0018910 secs] [Times: user=0.01 sys=0.00, real=0.00 secs] 
2915.502: [GC (Allocation Failure) [PSYoungGen: 72624K->1565K(72704K)] 470772K->399721K(736768K), 0.0017795 secs] [Times: user=0.01 sys=0.00, real=0.00 secs] 
2915.630: [GC (Allocation Failure) [PSYoungGen: 72221K->477K(72192K)] 470377K->399657K(736256K), 0.0028071 secs] [Times: user=0.01 sys=0.00, real=0.00 secs] 
2915.760: [GC (Allocation Failure) [PSYoungGen: 71645K->525K(73728K)] 470825K->399705K(737792K), 0.0015874 secs] [Times: user=0.00 sys=0.00, real=0.00 secs] 
2917.490: [GC (Allocation Failure) [PSYoungGen: 71693K->1408K(72192K)] 470873K->400588K(736256K), 0.0040327 secs] [Times: user=0.02 sys=0.00, real=0.00 secs] 
2918.071: [GC (Allocation Failure) [PSYoungGen: 72064K->1408K(71680K)] 471244K->400588K(735744K), 0.0040857 secs] [Times: user=0.02 sys=0.00, real=0.00 secs] 
2918.635: [GC (Allocation Failure) [PSYoungGen: 71552K->1440K(71168K)] 470732K->400620K(735232K), 0.0036693 secs] [Times: user=0.02 sys=0.00, real=0.01 secs] 
2919.213: [GC (Allocation Failure) [PSYoungGen: 71072K->1376K(70656K)] 470252K->400556K(734720K), 0.0030667 secs] [Times: user=0.01 sys=0.00, real=0.00 secs] 
2919.570: [GC (Allocation Failure) [PSYoungGen: 70496K->1469K(70144K)] 469676K->400649K(734208K), 0.0020483 secs] [Times: user=0.01 sys=0.00, real=0.00 secs] 
2919.698: [GC (Allocation Failure) [PSYoungGen: 70077K->1565K(70144K)] 469257K->400745K(734208K), 0.0017909 secs] [Times: user=0.00 sys=0.00, real=0.00 secs] 
2919.843: [GC (Allocation Failure) [PSYoungGen: 69661K->1517K(69120K)] 468841K->400697K(733184K), 0.0021576 secs] [Times: user=0.01 sys=0.00, real=0.00 secs] 
2920.036: [GC (Allocation Failure) [PSYoungGen: 69101K->1696K(75264K)] 468281K->400876K(739328K), 0.0025950 secs] [Times: user=0.02 sys=0.00, real=0.01 secs] 
2920.337: [GC (Allocation Failure) [PSYoungGen: 74400K->1440K(73728K)] 473580K->400620K(737792K), 0.0022390 secs] [Times: user=0.01 sys=0.00, real=0.00 secs] 
2920.638: [GC (Allocation Failure) [PSYoungGen: 73632K->1376K(73216K)] 472812K->400556K(737280K), 0.0020492 secs] [Times: user=0.01 sys=0.00, real=0.00 secs] 
2920.945: [GC (Allocation Failure) [PSYoungGen: 73056K->1376K(72704K)] 472236K->400556K(736768K), 0.0028387 secs] [Times: user=0.02 sys=0.00, real=0.01 secs] 
2921.233: [GC (Allocation Failure) [PSYoungGen: 72544K->1517K(72192K)] 471724K->400697K(736256K), 0.0022349 secs] [Times: user=0.01 sys=0.00, real=0.00 secs] 
2921.371: [GC (Allocation Failure) [PSYoungGen: 72173K->1533K(71680K)] 471353K->400713K(735744K), 0.0016618 secs] [Times: user=0.00 sys=0.00, real=0.00 secs] 
2921.494: [GC (Allocation Failure) [PSYoungGen: 71677K->1517K(74240K)] 470857K->400697K(738304K), 0.0018398 secs] [Times: user=0.00 sys=0.00, real=0.00 secs] 
2921.620: [GC (Allocation Failure) [PSYoungGen: 73709K->1485K(79872K)] 472889K->400665K(743936K), 0.0017791 secs] [Times: user=0.01 sys=0.00, real=0.00 secs] 
2922.107: [GC (Allocation Failure) [PSYoungGen: 79309K->1392K(78848K)] 478489K->400604K(742912K), 0.0020249 secs] [Times: user=0.00 sys=0.00, real=0.01 secs] 
2922.817: [GC (Allocation Failure) [PSYoungGen: 78704K->1408K(78336K)] 477916K->400620K(742400K), 0.0021582 secs] [Times: user=0.00 sys=0.00, real=0.00 secs] 
2923.230: [GC (Allocation Failure) [PSYoungGen: 78208K->1344K(77824K)] 477420K->400556K(741888K), 0.0022838 secs] [Times: user=0.01 sys=0.00, real=0.00 secs] 
2923.611: [GC (Allocation Failure) [PSYoungGen: 77632K->1344K(77312K)] 476844K->400556K(741376K), 0.0023161 secs] [Times: user=0.01 sys=0.00, real=0.00 secs] 
2923.791: [GC (Allocation Failure) [PSYoungGen: 77120K->1501K(76800K)] 476332K->400713K(740864K), 0.0017389 secs] [Times: user=0.01 sys=0.00, real=0.00 secs] 
2923.945: [GC (Allocation Failure) [PSYoungGen: 76765K->1549K(76800K)] 475977K->400761K(740864K), 0.0020266 secs] [Times: user=0.01 sys=0.00, real=0.00 secs] 
2924.111: [GC (Allocation Failure) [PSYoungGen: 76301K->1501K(75776K)] 475513K->400713K(739840K), 0.0020946 secs] [Times: user=0.01 sys=0.00, real=0.00 secs] 
2924.457: [GC (Allocation Failure) [PSYoungGen: 75741K->1440K(75264K)] 474953K->400652K(739328K), 0.0026157 secs] [Times: user=0.01 sys=0.00, real=0.00 secs] 
2925.045: [GC (Allocation Failure) [PSYoungGen: 75168K->1376K(74752K)] 474380K->400588K(738816K), 0.0041623 secs] [Times: user=0.01 sys=0.00, real=0.01 secs] 
2925.599: [GC (Allocation Failure) [PSYoungGen: 74592K->1360K(74240K)] 473804K->400572K(738304K), 0.0027000 secs] [Times: user=0.01 sys=0.00, real=0.00 secs] 
2926.204: [GC (Allocation Failure) [PSYoungGen: 74064K->1376K(73728K)] 473276K->400588K(737792K), 0.0034960 secs] [Times: user=0.02 sys=0.00, real=0.01 secs] 
2926.554: [GC (Allocation Failure) [PSYoungGen: 73568K->1504K(73216K)] 472780K->400740K(737280K), 0.0019160 secs] [Times: user=0.01 sys=0.00, real=0.00 secs] 
2926.686: [GC (Allocation Failure) [PSYoungGen: 73184K->1533K(72704K)] 472420K->400769K(736768K), 0.0018747 secs] [Times: user=0.01 sys=0.00, real=0.01 secs] 
2926.812: [GC (Allocation Failure) [PSYoungGen: 72701K->1533K(72192K)] 471937K->400801K(736256K), 0.0017679 secs] [Times: user=0.01 sys=0.00, real=0.00 secs] 
2926.994: [GC (Allocation Failure) [PSYoungGen: 72189K->1600K(72192K)] 471457K->400868K(736256K), 0.0020318 secs] [Times: user=0.01 sys=0.00, real=0.00 secs] 
2927.769: [GC (Allocation Failure) [PSYoungGen: 71744K->352K(70144K)] 471012K->400644K(734208K), 0.0020136 secs] [Times: user=0.01 sys=0.00, real=0.00 secs] 
2928.389: [GC (Allocation Failure) [PSYoungGen: 69984K->368K(71168K)] 470276K->400660K(735232K), 0.0029155 secs] [Times: user=0.01 sys=0.00, real=0.00 secs] 
2928.670: [GC (Allocation Failure) [PSYoungGen: 69488K->352K(70656K)] 469780K->400644K(734720K), 0.0021901 secs] [Times: user=0.00 sys=0.00, real=0.00 secs] 
2928.982: [GC (Allocation Failure) [PSYoungGen: 68846K->256K(68608K)] 469138K->400548K(732672K), 0.0020830 secs] [Times: user=0.01 sys=0.00, real=0.00 secs] 
2929.117: [GC (Allocation Failure) [PSYoungGen: 68352K->1501K(70656K)] 468644K->401793K(734720K), 0.0029348 secs] [Times: user=0.01 sys=0.00, real=0.00 secs] 
2929.238: [GC (Allocation Failure) [PSYoungGen: 69597K->1485K(70656K)] 469889K->401777K(734720K), 0.0017355 secs] [Times: user=0.01 sys=0.00, real=0.00 secs] 
2929.357: [GC (Allocation Failure) [PSYoungGen: 69581K->1517K(78336K)] 469873K->401817K(742400K), 0.0019733 secs] [Times: user=0.00 sys=0.00, real=0.00 secs] 
2929.847: [GC (Allocation Failure) [PSYoungGen: 77293K->1440K(78336K)] 477593K->401740K(742400K), 0.0023759 secs] [Times: user=0.01 sys=0.00, real=0.00 secs] 
2930.955: [GC (Allocation Failure) [PSYoungGen: 77216K->1408K(76800K)] 477516K->401708K(740864K), 0.0032061 secs] [Times: user=0.01 sys=0.00, real=0.01 secs] 
2931.983: [GC (Allocation Failure) [PSYoungGen: 76672K->1392K(76288K)] 476972K->401692K(740352K), 0.0032527 secs] [Times: user=0.01 sys=0.00, real=0.00 secs] 
2933.051: [GC (Allocation Failure) [PSYoungGen: 76144K->1424K(75776K)] 476444K->401724K(739840K), 0.0033789 secs] [Times: user=0.01 sys=0.00, real=0.00 secs] 
2933.735: [GC (Allocation Failure) [PSYoungGen: 75664K->1533K(75264K)] 475964K->401833K(739328K), 0.0024635 secs] [Times: user=0.00 sys=0.01, real=0.01 secs] 
2933.899: [GC (Allocation Failure) [PSYoungGen: 75261K->1469K(74752K)] 475561K->401769K(738816K), 0.0020731 secs] [Times: user=0.01 sys=0.00, real=0.00 secs] 
2934.030: [GC (Allocation Failure) [PSYoungGen: 74685K->1517K(74240K)] 474985K->401817K(738304K), 0.0018035 secs] [Times: user=0.00 sys=0.00, real=0.00 secs] 
2934.160: [GC (Allocation Failure) [PSYoungGen: 73925K->256K(72704K)] 474225K->400564K(736768K), 0.0017478 secs] [Times: user=0.01 sys=0.00, real=0.00 secs] 
2934.854: [GC (Allocation Failure) [PSYoungGen: 72448K->1376K(74240K)] 472756K->401716K(738304K), 0.0020628 secs] [Times: user=0.01 sys=0.00, real=0.00 secs] 
2935.484: [GC (Allocation Failure) [PSYoungGen: 73056K->1344K(72704K)] 473396K->401684K(736768K), 0.0021720 secs] [Times: user=0.01 sys=0.00, real=0.00 secs] 
2935.780: [GC (Allocation Failure) [PSYoungGen: 72512K->1344K(72192K)] 472852K->401684K(736256K), 0.0022417 secs] [Times: user=0.01 sys=0.00, real=0.00 secs] 
2936.097: [GC (Allocation Failure) [PSYoungGen: 72000K->1453K(71680K)] 472340K->401793K(735744K), 0.0022894 secs] [Times: user=0.01 sys=0.00, real=0.01 secs] 
2936.235: [GC (Allocation Failure) [PSYoungGen: 71597K->1469K(71168K)] 471937K->401809K(735232K), 0.0017803 secs] [Times: user=0.01 sys=0.00, real=0.00 secs] 
2936.360: [GC (Allocation Failure) [PSYoungGen: 71101K->1533K(70656K)] 471441K->401873K(734720K), 0.0018581 secs] [Times: user=0.01 sys=0.00, real=0.00 secs] 
2936.482: [GC (Allocation Failure) [PSYoungGen: 70653K->1533K(73216K)] 470993K->401873K(737280K), 0.0017905 secs] [Times: user=0.01 sys=0.00, real=0.00 secs] 
2936.931: [GC (Allocation Failure) [PSYoungGen: 72189K->1408K(71680K)] 472529K->401748K(735744K), 0.0024051 secs] [Times: user=0.00 sys=0.00, real=0.00 secs] 
2937.613: [GC (Allocation Failure) [PSYoungGen: 71552K->1376K(71168K)] 471892K->401716K(735232K), 0.0050177 secs] [Times: user=0.02 sys=0.01, real=0.01 secs] 
2938.007: [GC (Allocation Failure) [PSYoungGen: 71008K->1376K(70656K)] 471348K->401716K(734720K), 0.0022071 secs] [Times: user=0.01 sys=0.00, real=0.00 secs] 
2938.295: [GC (Allocation Failure) [PSYoungGen: 70496K->1344K(70144K)] 470836K->401684K(734208K), 0.0023254 secs] [Times: user=0.01 sys=0.00, real=0.01 secs] 
2938.584: [GC (Allocation Failure) [PSYoungGen: 69952K->1517K(69632K)] 470292K->401857K(733696K), 0.0019635 secs] [Times: user=0.00 sys=0.00, real=0.00 secs] 
2938.708: [GC (Allocation Failure) [PSYoungGen: 69613K->1565K(69632K)] 469953K->401905K(733696K), 0.0019566 secs] [Times: user=0.01 sys=0.00, real=0.00 secs] 
2938.828: [GC (Allocation Failure) [PSYoungGen: 69149K->477K(75776K)] 469489K->401841K(739840K), 0.0017763 secs] [Times: user=0.01 sys=0.00, real=0.00 secs] 
2938.960: [GC (Allocation Failure) [PSYoungGen: 75229K->493K(76800K)] 476593K->401865K(740864K), 0.0016001 secs] [Times: user=0.01 sys=0.00, real=0.00 secs] 
2940.155: [GC (Allocation Failure) [PSYoungGen: 75245K->1440K(75776K)] 476617K->402812K(739840K), 0.0039564 secs] [Times: user=0.02 sys=0.00, real=0.01 secs] 
2941.133: [GC (Allocation Failure) [PSYoungGen: 75680K->1408K(75264K)] 477052K->402780K(739328K), 0.0041027 secs] [Times: user=0.01 sys=0.01, real=0.00 secs] 
2941.897: [GC (Allocation Failure) [PSYoungGen: 75136K->1408K(74752K)] 476508K->402780K(738816K), 0.0030708 secs] [Times: user=0.01 sys=0.00, real=0.01 secs] 
2942.614: [GC (Allocation Failure) [PSYoungGen: 74624K->1408K(74240K)] 475996K->402780K(738304K), 0.0031380 secs] [Times: user=0.01 sys=0.00, real=0.01 secs] 
2942.927: [GC (Allocation Failure) [PSYoungGen: 74112K->1501K(73728K)] 475484K->402873K(737792K), 0.0018849 secs] [Times: user=0.01 sys=0.00, real=0.01 secs] 
2943.058: [GC (Allocation Failure) [PSYoungGen: 73693K->1533K(73216K)] 475065K->402905K(737280K), 0.0018721 secs] [Times: user=0.01 sys=0.00, real=0.00 secs] 
2943.183: [GC (Allocation Failure) [PSYoungGen: 73203K->1533K(72704K)] 474576K->402905K(736768K), 0.0017362 secs] [Times: user=0.00 sys=0.00, real=0.00 secs] 
2943.925: [GC (Allocation Failure) [PSYoungGen: 72701K->1456K(72192K)] 474073K->402828K(736256K), 0.0043681 secs] [Times: user=0.02 sys=0.00, real=0.01 secs] 
2944.650: [GC (Allocation Failure) [PSYoungGen: 72112K->1408K(71680K)] 473484K->402804K(735744K), 0.0027173 secs] [Times: user=0.01 sys=0.00, real=0.00 secs] 
2945.231: [GC (Allocation Failure) [PSYoungGen: 71552K->1424K(71168K)] 472948K->402820K(735232K), 0.0041127 secs] [Times: user=0.02 sys=0.00, real=0.00 secs] 
2945.590: [GC (Allocation Failure) [PSYoungGen: 71056K->1344K(70656K)] 472452K->402740K(734720K), 0.0020291 secs] [Times: user=0.01 sys=0.00, real=0.00 secs] 
2945.863: [GC (Allocation Failure) [PSYoungGen: 70464K->1469K(70144K)] 471860K->402865K(734208K), 0.0017664 secs] [Times: user=0.01 sys=0.00, real=0.00 secs] 
2945.985: [GC (Allocation Failure) [PSYoungGen: 70077K->1485K(69632K)] 471473K->402881K(733696K), 0.0017373 secs] [Times: user=0.01 sys=0.00, real=0.01 secs] 
2946.122: [GC (Allocation Failure) [PSYoungGen: 69581K->1469K(69120K)] 470977K->402865K(733184K), 0.0019321 secs] [Times: user=0.00 sys=0.00, real=0.00 secs] 
2946.297: [GC (Allocation Failure) [PSYoungGen: 69053K->1488K(76288K)] 470449K->402884K(740352K), 0.0023598 secs] [Times: user=0.01 sys=0.00, real=0.00 secs] 
2946.723: [GC (Allocation Failure) [PSYoungGen: 76240K->1440K(75776K)] 477636K->402836K(739840K), 0.0020381 secs] [Times: user=0.01 sys=0.00, real=0.00 secs] 
2947.318: [GC (Allocation Failure) [PSYoungGen: 75680K->1376K(75264K)] 477076K->402772K(739328K), 0.0038564 secs] [Times: user=0.01 sys=0.00, real=0.00 secs] 
2947.820: [GC (Allocation Failure) [PSYoungGen: 75104K->1344K(74752K)] 476500K->402740K(738816K), 0.0025734 secs] [Times: user=0.01 sys=0.00, real=0.00 secs] 
2948.119: [GC (Allocation Failure) [PSYoungGen: 74560K->1408K(74240K)] 475956K->402804K(738304K), 0.0030424 secs] [Times: user=0.01 sys=0.00, real=0.00 secs] 
2948.391: [GC (Allocation Failure) [PSYoungGen: 74112K->1517K(73728K)] 475508K->402914K(737792K), 0.0020637 secs] [Times: user=0.01 sys=0.00, real=0.00 secs] 
2948.526: [GC (Allocation Failure) [PSYoungGen: 73709K->1533K(73216K)] 475106K->402961K(737280K), 0.0018930 secs] [Times: user=0.01 sys=0.00, real=0.01 secs] 
2948.652: [GC (Allocation Failure) [PSYoungGen: 73187K->1533K(74240K)] 474616K->402969K(738304K), 0.0017706 secs] [Times: user=0.01 sys=0.00, real=0.00 secs] 
2948.885: [GC (Allocation Failure) [PSYoungGen: 73725K->1440K(81408K)] 475161K->402876K(745472K), 0.0026045 secs] [Times: user=0.01 sys=0.00, real=0.01 secs] 
2949.527: [GC (Allocation Failure) [PSYoungGen: 80800K->1408K(80384K)] 482236K->402844K(744448K), 0.0030300 secs] [Times: user=0.02 sys=0.00, real=0.01 secs] 
2950.169: [GC (Allocation Failure) [PSYoungGen: 80256K->1376K(79872K)] 481692K->402812K(743936K), 0.0035408 secs] [Times: user=0.02 sys=0.00, real=0.00 secs] 
2950.514: [GC (Allocation Failure) [PSYoungGen: 79712K->1376K(79360K)] 481148K->402812K(743424K), 0.0022683 secs] [Times: user=0.01 sys=0.00, real=0.00 secs] 
2950.812: [GC (Allocation Failure) [PSYoungGen: 79200K->1533K(78848K)] 480636K->402969K(742912K), 0.0018051 secs] [Times: user=0.01 sys=0.00, real=0.00 secs] 
2950.948: [GC (Allocation Failure) [PSYoungGen: 78845K->1517K(78336K)] 480281K->402954K(742400K), 0.0017998 secs] [Times: user=0.01 sys=0.00, real=0.00 secs] 
2951.082: [GC (Allocation Failure) [PSYoungGen: 78317K->1517K(77824K)] 479754K->402953K(741888K), 0.0018011 secs] [Times: user=0.00 sys=0.00, real=0.00 secs] 
2951.686: [GC (Allocation Failure) [PSYoungGen: 77805K->1488K(77312K)] 479241K->402924K(741376K), 0.0031837 secs] [Times: user=0.01 sys=0.00, real=0.01 secs] 
2953.751: [GC (Allocation Failure) [PSYoungGen: 77264K->1408K(76800K)] 478700K->402844K(740864K), 0.0034927 secs] [Times: user=0.01 sys=0.00, real=0.00 secs] 
2954.598: [GC (Allocation Failure) [PSYoungGen: 76672K->1408K(76288K)] 478108K->402844K(740352K), 0.0035280 secs] [Times: user=0.01 sys=0.00, real=0.00 secs] 
2955.296: [GC (Allocation Failure) [PSYoungGen: 76160K->1376K(75776K)] 477596K->402820K(739840K), 0.0031171 secs] [Times: user=0.02 sys=0.00, real=0.01 secs] 
2955.607: [GC (Allocation Failure) [PSYoungGen: 75616K->1501K(75264K)] 477060K->402945K(739328K), 0.0018361 secs] [Times: user=0.01 sys=0.00, real=0.00 secs] 
2955.738: [GC (Allocation Failure) [PSYoungGen: 75229K->1533K(74752K)] 476673K->402977K(738816K), 0.0017367 secs] [Times: user=0.01 sys=0.00, real=0.00 secs] 
2955.868: [GC (Allocation Failure) [PSYoungGen: 74749K->1501K(74240K)] 476193K->402945K(738304K), 0.0018202 secs] [Times: user=0.01 sys=0.00, real=0.00 secs] 
2955.997: [GC (Allocation Failure) [PSYoungGen: 74205K->1565K(74752K)] 475649K->403009K(738816K), 0.0018316 secs] [Times: user=0.01 sys=0.00, real=0.00 secs] 
2957.447: [GC (Allocation Failure) [PSYoungGen: 74269K->1408K(73728K)] 475713K->402852K(737792K), 0.0052259 secs] [Times: user=0.02 sys=0.00, real=0.00 secs] 
2958.619: [GC (Allocation Failure) [PSYoungGen: 73600K->1376K(73216K)] 475044K->402820K(737280K), 0.0035171 secs] [Times: user=0.01 sys=0.01, real=0.00 secs] 
2959.244: [GC (Allocation Failure) [PSYoungGen: 73056K->1376K(72704K)] 474500K->402820K(736768K), 0.0045108 secs] [Times: user=0.02 sys=0.00, real=0.01 secs] 
2959.903: [GC (Allocation Failure) [PSYoungGen: 72544K->1453K(72192K)] 473988K->402898K(736256K), 0.0028447 secs] [Times: user=0.02 sys=0.00, real=0.00 secs] 
2960.096: [GC (Allocation Failure) [PSYoungGen: 72109K->1565K(72192K)] 473554K->403009K(736256K), 0.0019395 secs] [Times: user=0.01 sys=0.00, real=0.01 secs] 
2960.219: [GC (Allocation Failure) [PSYoungGen: 71709K->1517K(71168K)] 473153K->402962K(735232K), 0.0017691 secs] [Times: user=0.01 sys=0.00, real=0.00 secs] 
2960.341: [GC (Allocation Failure) [PSYoungGen: 71149K->1565K(72192K)] 472594K->403009K(736256K), 0.0018298 secs] [Times: user=0.00 sys=0.00, real=0.00 secs] 
2961.017: [GC (Allocation Failure) [PSYoungGen: 71709K->1440K(71168K)] 473153K->402884K(735232K), 0.0029841 secs] [Times: user=0.01 sys=0.00, real=0.01 secs] 
2962.234: [GC (Allocation Failure) [PSYoungGen: 71072K->1408K(70656K)] 472516K->402852K(734720K), 0.0039397 secs] [Times: user=0.01 sys=0.00, real=0.01 secs] 
2962.854: [GC (Allocation Failure) [PSYoungGen: 70528K->1344K(70144K)] 471972K->402788K(734208K), 0.0029390 secs] [Times: user=0.02 sys=0.00, real=0.01 secs] 
2963.483: [GC (Allocation Failure) [PSYoungGen: 69952K->1376K(69632K)] 471396K->402820K(733696K), 0.0029637 secs] [Times: user=0.01 sys=0.00, real=0.00 secs] 
2963.945: [GC (Allocation Failure) [PSYoungGen: 69472K->1485K(69120K)] 470916K->402929K(733184K), 0.0024439 secs] [Times: user=0.01 sys=0.00, real=0.01 secs] 
2964.135: [GC (Allocation Failure) [PSYoungGen: 69069K->1517K(68608K)] 470513K->402961K(732672K), 0.0022638 secs] [Times: user=0.01 sys=0.00, real=0.01 secs] 
2964.265: [GC (Allocation Failure) [PSYoungGen: 68589K->1501K(68096K)] 470033K->402945K(732160K), 0.0018572 secs] [Times: user=0.00 sys=0.00, real=0.00 secs] 
2964.381: [GC (Allocation Failure) [PSYoungGen: 68061K->1565K(75776K)] 469505K->403009K(739840K), 0.0016810 secs] [Times: user=0.01 sys=0.00, real=0.00 secs] 
2965.144: [GC (Allocation Failure) [PSYoungGen: 75293K->1424K(74752K)] 476737K->402868K(738816K), 0.0046269 secs] [Times: user=0.02 sys=0.00, real=0.01 secs] 
2966.058: [GC (Allocation Failure) [PSYoungGen: 74640K->1392K(74240K)] 476084K->402868K(738304K), 0.0031392 secs] [Times: user=0.01 sys=0.01, real=0.00 secs] 
2966.828: [GC (Allocation Failure) [PSYoungGen: 74096K->1376K(73728K)] 475572K->402852K(737792K), 0.0048228 secs] [Times: user=0.02 sys=0.00, real=0.00 secs] 
2967.839: [GC (Allocation Failure) [PSYoungGen: 73568K->1376K(73216K)] 475044K->402852K(737280K), 0.0031562 secs] [Times: user=0.01 sys=0.00, real=0.00 secs] 
2968.295: [GC (Allocation Failure) [PSYoungGen: 73056K->1488K(72704K)] 474532K->402964K(736768K), 0.0020905 secs] [Times: user=0.01 sys=0.00, real=0.01 secs] 
2968.422: [GC (Allocation Failure) [PSYoungGen: 72656K->1533K(72192K)] 474132K->403009K(736256K), 0.0019020 secs] [Times: user=0.00 sys=0.00, real=0.00 secs] 
2968.547: [GC (Allocation Failure) [PSYoungGen: 72189K->1565K(72192K)] 473665K->403041K(736256K), 0.0018595 secs] [Times: user=0.01 sys=0.00, real=0.01 secs] 
2968.670: [GC (Allocation Failure) [PSYoungGen: 71709K->1536K(72704K)] 473185K->403020K(736768K), 0.0019409 secs] [Times: user=0.01 sys=0.00, real=0.00 secs] 
2969.900: [GC (Allocation Failure) [PSYoungGen: 72192K->1408K(71680K)] 473676K->402892K(735744K), 0.0030497 secs] [Times: user=0.01 sys=0.00, real=0.00 secs] 
2970.790: [GC (Allocation Failure) [PSYoungGen: 71552K->1376K(71168K)] 473036K->402860K(735232K), 0.0041544 secs] [Times: user=0.02 sys=0.00, real=0.00 secs] 
2971.351: [GC (Allocation Failure) [PSYoungGen: 71008K->1392K(70656K)] 472492K->402876K(734720K), 0.0023724 secs] [Times: user=0.00 sys=0.00, real=0.00 secs] 
2971.982: [GC (Allocation Failure) [PSYoungGen: 70512K->1376K(70144K)] 471996K->402860K(734208K), 0.0029262 secs] [Times: user=0.01 sys=0.00, real=0.00 secs] 
2972.206: [GC (Allocation Failure) [PSYoungGen: 69984K->1485K(69632K)] 471468K->402969K(733696K), 0.0015883 secs] [Times: user=0.01 sys=0.00, real=0.01 secs] 
2972.325: [GC (Allocation Failure) [PSYoungGen: 69581K->1533K(69120K)] 471065K->403017K(733184K), 0.0016620 secs] [Times: user=0.01 sys=0.00, real=0.00 secs] 
2972.444: [GC (Allocation Failure) [PSYoungGen: 69117K->1517K(68608K)] 470601K->403026K(732672K), 0.0017276 secs] [Times: user=0.00 sys=0.00, real=0.00 secs] 
2972.638: [GC (Allocation Failure) [PSYoungGen: 68589K->1472K(68096K)] 470098K->402980K(732160K), 0.0020244 secs] [Times: user=0.01 sys=0.00, real=0.00 secs] 
2973.226: [GC (Allocation Failure) [PSYoungGen: 68032K->1408K(67584K)] 469540K->402916K(731648K), 0.0023770 secs] [Times: user=0.01 sys=0.00, real=0.01 secs] 
2973.503: [GC (Allocation Failure) [PSYoungGen: 67456K->1376K(67584K)] 468964K->402884K(731648K), 0.0025520 secs] [Times: user=0.01 sys=0.00, real=0.00 secs] 
2973.781: [GC (Allocation Failure) [PSYoungGen: 67424K->1312K(67584K)] 468932K->402844K(731648K), 0.0027153 secs] [Times: user=0.01 sys=0.00, real=0.00 secs] 
2974.055: [GC (Allocation Failure) [PSYoungGen: 67360K->1344K(67584K)] 468892K->402876K(731648K), 0.0023787 secs] [Times: user=0.01 sys=0.00, real=0.01 secs] 
2974.220: [GC (Allocation Failure) [PSYoungGen: 67392K->1504K(67584K)] 468924K->403036K(731648K), 0.0015964 secs] [Times: user=0.00 sys=0.00, real=0.00 secs] 
2974.355: [GC (Allocation Failure) [PSYoungGen: 67552K->1469K(73216K)] 469084K->403001K(737280K), 0.0018985 secs] [Times: user=0.00 sys=0.00, real=0.01 secs] 
2974.522: [GC (Allocation Failure) [PSYoungGen: 72637K->1565K(75264K)] 474169K->403097K(739328K), 0.0017901 secs] [Times: user=0.01 sys=0.00, real=0.00 secs] 
2974.741: [GC (Allocation Failure) [PSYoungGen: 74781K->1488K(74240K)] 476313K->403020K(738304K), 0.0021315 secs] [Times: user=0.00 sys=0.00, real=0.00 secs] 
2975.343: [GC (Allocation Failure) [PSYoungGen: 74192K->1376K(73728K)] 475724K->402908K(737792K), 0.0023389 secs] [Times: user=0.01 sys=0.00, real=0.00 secs] 
2975.970: [GC (Allocation Failure) [PSYoungGen: 73568K->1376K(73216K)] 475100K->402908K(737280K), 0.0026150 secs] [Times: user=0.01 sys=0.00, real=0.00 secs] 
2976.579: [GC (Allocation Failure) [PSYoungGen: 73056K->1408K(72704K)] 474588K->402940K(736768K), 0.0027320 secs] [Times: user=0.01 sys=0.00, real=0.00 secs] 
2977.021: [GC (Allocation Failure) [PSYoungGen: 72576K->1485K(72192K)] 474108K->403018K(736256K), 0.0022862 secs] [Times: user=0.01 sys=0.00, real=0.00 secs] 
2977.166: [GC (Allocation Failure) [PSYoungGen: 72141K->1472K(71680K)] 473674K->403004K(735744K), 0.0015710 secs] [Times: user=0.01 sys=0.00, real=0.01 secs] 
2977.322: [GC (Allocation Failure) [PSYoungGen: 71616K->1504K(71168K)] 473148K->403036K(735232K), 0.0022299 secs] [Times: user=0.00 sys=0.00, real=0.00 secs] 
2977.480: [GC (Allocation Failure) [PSYoungGen: 71136K->1504K(70656K)] 472668K->403044K(734720K), 0.0019724 secs] [Times: user=0.01 sys=0.00, real=0.00 secs] 
2978.022: [GC (Allocation Failure) [PSYoungGen: 70624K->1456K(70144K)] 472164K->402996K(734208K), 0.0024832 secs] [Times: user=0.01 sys=0.00, real=0.00 secs] 
2978.921: [GC (Allocation Failure) [PSYoungGen: 70064K->1344K(69632K)] 471604K->402884K(733696K), 0.0045126 secs] [Times: user=0.02 sys=0.01, real=0.00 secs] 
2979.597: [GC (Allocation Failure) [PSYoungGen: 69440K->1376K(69120K)] 470980K->402916K(733184K), 0.0038344 secs] [Times: user=0.01 sys=0.00, real=0.00 secs] 
2980.291: [GC (Allocation Failure) [PSYoungGen: 68960K->1408K(68608K)] 470500K->402948K(732672K), 0.0032281 secs] [Times: user=0.01 sys=0.00, real=0.00 secs] 
2980.787: [GC (Allocation Failure) [PSYoungGen: 68480K->1456K(68096K)] 470020K->402996K(732160K), 0.0023951 secs] [Times: user=0.01 sys=0.00, real=0.00 secs] 
2980.925: [GC (Allocation Failure) [PSYoungGen: 68016K->1485K(67584K)] 469556K->403025K(731648K), 0.0017286 secs] [Times: user=0.01 sys=0.00, real=0.01 secs] 
2981.042: [GC (Allocation Failure) [PSYoungGen: 67533K->1533K(68096K)] 469073K->403073K(732160K), 0.0017626 secs] [Times: user=0.01 sys=0.00, real=0.00 secs] 
2981.158: [GC (Allocation Failure) [PSYoungGen: 67581K->1501K(68096K)] 469121K->403049K(732160K), 0.0018075 secs] [Times: user=0.01 sys=0.00, real=0.00 secs] 
2981.413: [GC (Allocation Failure) [PSYoungGen: 67549K->1440K(68096K)] 469097K->402988K(732160K), 0.0018249 secs] [Times: user=0.01 sys=0.00, real=0.00 secs] 
2981.694: [GC (Allocation Failure) [PSYoungGen: 67488K->1376K(68096K)] 469036K->402924K(732160K), 0.0018312 secs] [Times: user=0.01 sys=0.00, real=0.00 secs] 
2982.072: [GC (Allocation Failure) [PSYoungGen: 67424K->1440K(68096K)] 468972K->402988K(732160K), 0.0020762 secs] [Times: user=0.01 sys=0.00, real=0.00 secs] 
2982.360: [GC (Allocation Failure) [PSYoungGen: 67488K->1408K(68096K)] 469036K->402956K(732160K), 0.0018118 secs] [Times: user=0.01 sys=0.00, real=0.00 secs] 
2982.641: [GC (Allocation Failure) [PSYoungGen: 67456K->1501K(68096K)] 469004K->403049K(732160K), 0.0020894 secs] [Times: user=0.00 sys=0.00, real=0.00 secs] 
2982.761: [GC (Allocation Failure) [PSYoungGen: 67549K->1565K(68096K)] 469097K->403113K(732160K), 0.0017172 secs] [Times: user=0.00 sys=0.00, real=0.00 secs] 
2982.880: [GC (Allocation Failure) [PSYoungGen: 67613K->1504K(68096K)] 469161K->403052K(732160K), 0.0018835 secs] [Times: user=0.01 sys=0.00, real=0.00 secs] 
2983.014: [GC (Allocation Failure) [PSYoungGen: 67552K->1533K(75264K)] 469100K->403105K(739328K), 0.0022108 secs] [Times: user=0.01 sys=0.00, real=0.00 secs] 
2983.407: [GC (Allocation Failure) [PSYoungGen: 74749K->1456K(75264K)] 476321K->403028K(739328K), 0.0026042 secs] [Times: user=0.01 sys=0.00, real=0.01 secs] 
2984.531: [GC (Allocation Failure) [PSYoungGen: 74672K->1408K(74240K)] 476244K->402980K(738304K), 0.0029963 secs] [Times: user=0.02 sys=0.00, real=0.00 secs] 
2985.398: [GC (Allocation Failure) [PSYoungGen: 74112K->1424K(73728K)] 475684K->402996K(737792K), 0.0033333 secs] [Times: user=0.01 sys=0.00, real=0.00 secs] 
2985.962: [GC (Allocation Failure) [PSYoungGen: 73616K->1376K(73216K)] 475188K->402948K(737280K), 0.0029978 secs] [Times: user=0.01 sys=0.00, real=0.00 secs] 
2986.447: [GC (Allocation Failure) [PSYoungGen: 73056K->1501K(72704K)] 474628K->403073K(736768K), 0.0024462 secs] [Times: user=0.01 sys=0.00, real=0.00 secs] 
2986.581: [GC (Allocation Failure) [PSYoungGen: 72669K->1533K(72192K)] 474241K->403105K(736256K), 0.0018705 secs] [Times: user=0.01 sys=0.00, real=0.00 secs] 
2986.706: [GC (Allocation Failure) [PSYoungGen: 72189K->1565K(72192K)] 473761K->403137K(736256K), 0.0019688 secs] [Times: user=0.00 sys=0.00, real=0.01 secs] 
2986.829: [GC (Allocation Failure) [PSYoungGen: 71709K->509K(78848K)] 473281K->403113K(742912K), 0.0017276 secs] [Times: user=0.01 sys=0.00, real=0.00 secs] 
2987.472: [GC (Allocation Failure) [PSYoungGen: 78333K->1424K(78848K)] 480937K->404028K(742912K), 0.0019349 secs] [Times: user=0.01 sys=0.00, real=0.00 secs] 
2988.420: [GC (Allocation Failure) [PSYoungGen: 78736K->1408K(78336K)] 481340K->404012K(742400K), 0.0018130 secs] [Times: user=0.01 sys=0.00, real=0.00 secs] 
2989.367: [GC (Allocation Failure) [PSYoungGen: 78208K->1408K(77824K)] 480812K->404012K(741888K), 0.0018993 secs] [Times: user=0.00 sys=0.00, real=0.01 secs] 
2990.359: [GC (Allocation Failure) [PSYoungGen: 77696K->1501K(77312K)] 480300K->404106K(741376K), 0.0021891 secs] [Times: user=0.01 sys=0.00, real=0.00 secs] 
2990.503: [GC (Allocation Failure) [PSYoungGen: 77277K->1565K(77312K)] 479882K->404170K(741376K), 0.0019567 secs] [Times: user=0.01 sys=0.00, real=0.00 secs] 
2990.635: [GC (Allocation Failure) [PSYoungGen: 76829K->1533K(76288K)] 479434K->404138K(740352K), 0.0018385 secs] [Times: user=0.01 sys=0.00, real=0.00 secs] 
2990.787: [GC (Allocation Failure) [PSYoungGen: 76285K->1501K(75776K)] 478890K->404105K(739840K), 0.0020142 secs] [Times: user=0.01 sys=0.00, real=0.00 secs] 
2991.306: [GC (Allocation Failure) [PSYoungGen: 75741K->1392K(75264K)] 478345K->403996K(739328K), 0.0022645 secs] [Times: user=0.01 sys=0.01, real=0.01 secs] 
2991.751: [GC (Allocation Failure) [PSYoungGen: 75120K->1376K(74752K)] 477724K->403980K(738816K), 0.0025319 secs] [Times: user=0.01 sys=0.00, real=0.00 secs] 
2992.306: [GC (Allocation Failure) [PSYoungGen: 74592K->1408K(74240K)] 477196K->404012K(738304K), 0.0021874 secs] [Times: user=0.01 sys=0.00, real=0.01 secs] 
2992.966: [GC (Allocation Failure) [PSYoungGen: 74112K->1453K(73728K)] 476716K->404058K(737792K), 0.0026468 secs] [Times: user=0.01 sys=0.00, real=0.01 secs] 
2993.131: [GC (Allocation Failure) [PSYoungGen: 73645K->1533K(73216K)] 476250K->404137K(737280K), 0.0018761 secs] [Times: user=0.01 sys=0.00, real=0.00 secs] 
2993.257: [GC (Allocation Failure) [PSYoungGen: 73213K->1565K(73216K)] 475817K->404170K(737280K), 0.0019676 secs] [Times: user=0.00 sys=0.00, real=0.01 secs] 
2993.382: [GC (Allocation Failure) [PSYoungGen: 72733K->509K(73216K)] 475338K->404138K(737280K), 0.0018213 secs] [Times: user=0.00 sys=0.00, real=0.00 secs] 
2993.800: [GC (Allocation Failure) [PSYoungGen: 72701K->1456K(73216K)] 476330K->405084K(737280K), 0.0018940 secs] [Times: user=0.00 sys=0.00, real=0.00 secs] 
2994.475: [GC (Allocation Failure) [PSYoungGen: 73136K->1376K(72704K)] 476764K->405004K(736768K), 0.0023957 secs] [Times: user=0.01 sys=0.00, real=0.01 secs] 
2995.096: [GC (Allocation Failure) [PSYoungGen: 72544K->1344K(72192K)] 476172K->404988K(736256K), 0.0023417 secs] [Times: user=0.01 sys=0.00, real=0.01 secs] 
2995.476: [GC (Allocation Failure) [PSYoungGen: 72000K->1376K(71680K)] 475644K->405020K(735744K), 0.0023063 secs] [Times: user=0.01 sys=0.00, real=0.01 secs] 
2995.762: [GC (Allocation Failure) [PSYoungGen: 71520K->1501K(71168K)] 475164K->405146K(735232K), 0.0019094 secs] [Times: user=0.01 sys=0.00, real=0.00 secs] 
2995.888: [GC (Allocation Failure) [PSYoungGen: 71133K->1565K(71168K)] 474778K->405210K(735232K), 0.0017781 secs] [Times: user=0.01 sys=0.00, real=0.00 secs] 
2996.011: [GC (Allocation Failure) [PSYoungGen: 70685K->1565K(70656K)] 474330K->405210K(734720K), 0.0018331 secs] [Times: user=0.01 sys=0.00, real=0.00 secs] 
2996.132: [GC (Allocation Failure) [PSYoungGen: 70160K->477K(70656K)] 473805K->405146K(734720K), 0.0019475 secs] [Times: user=0.01 sys=0.00, real=0.00 secs] 
2996.831: [GC (Allocation Failure) [PSYoungGen: 70109K->1472K(70656K)] 474778K->406140K(734720K), 0.0024251 secs] [Times: user=0.01 sys=0.00, real=0.00 secs] 
2997.469: [GC (Allocation Failure) [PSYoungGen: 70592K->1344K(70144K)] 475260K->406012K(734208K), 0.0029602 secs] [Times: user=0.01 sys=0.00, real=0.00 secs] 
2997.756: [GC (Allocation Failure) [PSYoungGen: 69952K->1376K(69632K)] 474620K->406044K(733696K), 0.0022963 secs] [Times: user=0.01 sys=0.00, real=0.01 secs] 
2998.048: [GC (Allocation Failure) [PSYoungGen: 69472K->1376K(69120K)] 474140K->406044K(733184K), 0.0021576 secs] [Times: user=0.00 sys=0.00, real=0.00 secs] 
2998.246: [GC (Allocation Failure) [PSYoungGen: 68960K->1533K(68608K)] 473628K->406202K(732672K), 0.0016934 secs] [Times: user=0.01 sys=0.00, real=0.01 secs] 
2998.364: [GC (Allocation Failure) [PSYoungGen: 68605K->1504K(68096K)] 473274K->406172K(732160K), 0.0017683 secs] [Times: user=0.01 sys=0.00, real=0.00 secs] 
2998.481: [GC (Allocation Failure) [PSYoungGen: 68064K->1501K(68608K)] 472732K->406170K(732672K), 0.0018214 secs] [Times: user=0.00 sys=0.00, real=0.00 secs] 
2998.597: [GC (Allocation Failure) [PSYoungGen: 68061K->1517K(75776K)] 472730K->406194K(739840K), 0.0017471 secs] [Times: user=0.01 sys=0.00, real=0.00 secs] 
3000.412: [GC (Allocation Failure) [PSYoungGen: 75245K->1408K(74752K)] 479922K->406084K(738816K), 0.0040559 secs] [Times: user=0.02 sys=0.00, real=0.00 secs] 
3001.004: [GC (Allocation Failure) [PSYoungGen: 74624K->1376K(74240K)] 479300K->406052K(738304K), 0.0028397 secs] [Times: user=0.01 sys=0.00, real=0.01 secs] 
3001.488: [GC (Allocation Failure) [PSYoungGen: 74080K->1408K(73728K)] 478756K->406084K(737792K), 0.0027502 secs] [Times: user=0.01 sys=0.00, real=0.00 secs] 
3002.033: [GC (Allocation Failure) [PSYoungGen: 73600K->1376K(73216K)] 478276K->406052K(737280K), 0.0076942 secs] [Times: user=0.04 sys=0.00, real=0.01 secs] 
3002.242: [GC (Allocation Failure) [PSYoungGen: 73056K->1485K(72704K)] 477732K->406162K(736768K), 0.0018081 secs] [Times: user=0.01 sys=0.01, real=0.00 secs] 
3002.387: [GC (Allocation Failure) [PSYoungGen: 72653K->1501K(72192K)] 477330K->406178K(736256K), 0.0019954 secs] [Times: user=0.01 sys=0.01, real=0.00 secs] 
3002.545: [GC (Allocation Failure) [PSYoungGen: 72157K->1533K(72704K)] 476834K->406210K(736768K), 0.0018593 secs] [Times: user=0.01 sys=0.00, real=0.01 secs] 
3003.215: [GC (Allocation Failure) [PSYoungGen: 72189K->1408K(71680K)] 476866K->406084K(735744K), 0.0035864 secs] [Times: user=0.02 sys=0.00, real=0.01 secs] 
3003.676: [GC (Allocation Failure) [PSYoungGen: 71552K->1472K(71168K)] 476228K->406148K(735232K), 0.0024115 secs] [Times: user=0.01 sys=0.00, real=0.01 secs] 
3003.998: [GC (Allocation Failure) [PSYoungGen: 71104K->1408K(70656K)] 475780K->406108K(734720K), 0.0020795 secs] [Times: user=0.01 sys=0.00, real=0.00 secs] 
3004.285: [GC (Allocation Failure) [PSYoungGen: 70528K->1344K(70144K)] 475228K->406044K(734208K), 0.0019929 secs] [Times: user=0.01 sys=0.00, real=0.01 secs] 
3004.572: [GC (Allocation Failure) [PSYoungGen: 69952K->1453K(69632K)] 474652K->406154K(733696K), 0.0021975 secs] [Times: user=0.01 sys=0.01, real=0.00 secs] 
3004.754: [GC (Allocation Failure) [PSYoungGen: 69549K->1584K(69632K)] 474250K->406284K(733696K), 0.0024240 secs] [Times: user=0.01 sys=0.00, real=0.00 secs] 
3004.892: [GC (Allocation Failure) [PSYoungGen: 69168K->509K(67584K)] 473868K->406234K(731648K), 0.0017827 secs] [Times: user=0.01 sys=0.00, real=0.00 secs] 
3005.010: [GC (Allocation Failure) [PSYoungGen: 67561K->525K(76288K)] 473286K->406250K(740352K), 0.0015519 secs] [Times: user=0.01 sys=0.00, real=0.00 secs] 
3005.336: [GC (Allocation Failure) [PSYoungGen: 74765K->1472K(76288K)] 480490K->407196K(740352K), 0.0031353 secs] [Times: user=0.01 sys=0.00, real=0.01 secs] 
3005.677: [GC (Allocation Failure) [PSYoungGen: 75712K->1344K(75264K)] 481436K->407068K(739328K), 0.0023603 secs] [Times: user=0.01 sys=0.00, real=0.00 secs] 
3006.384: [GC (Allocation Failure) [PSYoungGen: 75072K->1408K(74752K)] 480796K->407132K(738816K), 0.0025280 secs] [Times: user=0.01 sys=0.00, real=0.00 secs] 
3007.041: [GC (Allocation Failure) [PSYoungGen: 74624K->1376K(74240K)] 480348K->407100K(738304K), 0.0033049 secs] [Times: user=0.01 sys=0.00, real=0.00 secs] 
3007.376: [GC (Allocation Failure) [PSYoungGen: 74080K->1501K(73728K)] 479804K->407226K(737792K), 0.0021636 secs] [Times: user=0.01 sys=0.00, real=0.01 secs] 
3007.511: [GC (Allocation Failure) [PSYoungGen: 73693K->1536K(73728K)] 479418K->407260K(737792K), 0.0016910 secs] [Times: user=0.00 sys=0.00, real=0.00 secs] 
3007.638: [GC (Allocation Failure) [PSYoungGen: 73216K->1453K(72704K)] 478940K->407178K(736768K), 0.0017517 secs] [Times: user=0.00 sys=0.00, real=0.00 secs] 
3007.922: [GC (Allocation Failure) [PSYoungGen: 72621K->1472K(72192K)] 478346K->407196K(736256K), 0.0017051 secs] [Times: user=0.01 sys=0.00, real=0.00 secs] 
3009.102: [GC (Allocation Failure) [PSYoungGen: 72128K->1408K(71680K)] 477852K->407132K(735744K), 0.0042971 secs] [Times: user=0.01 sys=0.00, real=0.00 secs] 
3009.462: [GC (Allocation Failure) [PSYoungGen: 71552K->1376K(71168K)] 477276K->407100K(735232K), 0.0024022 secs] [Times: user=0.01 sys=0.00, real=0.00 secs] 
3009.881: [GC (Allocation Failure) [PSYoungGen: 71008K->1344K(70656K)] 476732K->407068K(734720K), 0.0023808 secs] [Times: user=0.01 sys=0.00, real=0.00 secs] 
3010.178: [GC (Allocation Failure) [PSYoungGen: 70464K->1453K(70144K)] 476188K->407178K(734208K), 0.0022452 secs] [Times: user=0.01 sys=0.00, real=0.00 secs] 
3010.318: [GC (Allocation Failure) [PSYoungGen: 70061K->1488K(69632K)] 475786K->407212K(733696K), 0.0017558 secs] [Times: user=0.01 sys=0.00, real=0.00 secs] 
3010.437: [GC (Allocation Failure) [PSYoungGen: 69584K->1565K(69632K)] 475308K->407290K(733696K), 0.0018485 secs] [Times: user=0.01 sys=0.00, real=0.01 secs] 
3010.556: [GC (Allocation Failure) [PSYoungGen: 69149K->493K(69632K)] 474874K->407242K(733696K), 0.0017768 secs] [Times: user=0.01 sys=0.00, real=0.01 secs] 
3012.513: [GC (Allocation Failure) [PSYoungGen: 69101K->1456K(69632K)] 475850K->408204K(733696K), 0.0052699 secs] [Times: user=0.02 sys=0.00, real=0.01 secs] 
3013.751: [GC (Allocation Failure) [PSYoungGen: 69552K->1408K(69120K)] 476300K->408156K(733184K), 0.0028347 secs] [Times: user=0.01 sys=0.00, real=0.00 secs] 
3014.327: [GC (Allocation Failure) [PSYoungGen: 68992K->1376K(68608K)] 475740K->408124K(732672K), 0.0031064 secs] [Times: user=0.02 sys=0.00, real=0.00 secs] 
3015.097: [GC (Allocation Failure) [PSYoungGen: 68448K->1408K(68096K)] 475196K->408156K(732160K), 0.0040248 secs] [Times: user=0.02 sys=0.00, real=0.01 secs] 
3015.840: [GC (Allocation Failure) [PSYoungGen: 67968K->1453K(67584K)] 474716K->408210K(731648K), 0.0036891 secs] [Times: user=0.02 sys=0.00, real=0.00 secs] 
3016.047: [GC (Allocation Failure) [PSYoungGen: 67501K->1533K(68096K)] 474258K->408290K(732160K), 0.0018789 secs] [Times: user=0.00 sys=0.00, real=0.00 secs] 
3016.168: [GC (Allocation Failure) [PSYoungGen: 67581K->1549K(68096K)] 474338K->408330K(732160K), 0.0017725 secs] [Times: user=0.01 sys=0.00, real=0.00 secs] 
3016.284: [GC (Allocation Failure) [PSYoungGen: 67597K->1533K(68096K)] 474378K->408322K(732160K), 0.0019338 secs] [Times: user=0.01 sys=0.00, real=0.00 secs] 
3016.662: [GC (Allocation Failure) [PSYoungGen: 67581K->1488K(68096K)] 474370K->408276K(732160K), 0.0030960 secs] [Times: user=0.01 sys=0.00, real=0.00 secs] 
3017.341: [GC (Allocation Failure) [PSYoungGen: 67536K->1408K(68096K)] 474324K->408196K(732160K), 0.0034542 secs] [Times: user=0.02 sys=0.00, real=0.00 secs] 
3017.926: [GC (Allocation Failure) [PSYoungGen: 67456K->1376K(68096K)] 474244K->408164K(732160K), 0.0042521 secs] [Times: user=0.02 sys=0.00, real=0.01 secs] 
3018.424: [GC (Allocation Failure) [PSYoungGen: 67424K->1408K(68096K)] 474212K->408196K(732160K), 0.0023249 secs] [Times: user=0.01 sys=0.00, real=0.00 secs] 
3019.063: [GC (Allocation Failure) [PSYoungGen: 67334K->288K(68096K)] 474122K->407084K(732160K), 0.0033579 secs] [Times: user=0.02 sys=0.00, real=0.00 secs] 
3019.298: [GC (Allocation Failure) [PSYoungGen: 66336K->1488K(68096K)] 473132K->408284K(732160K), 0.0022054 secs] [Times: user=0.01 sys=0.00, real=0.00 secs] 
3019.432: [GC (Allocation Failure) [PSYoungGen: 67536K->1517K(68096K)] 474332K->408314K(732160K), 0.0017024 secs] [Times: user=0.01 sys=0.00, real=0.00 secs] 
3019.547: [GC (Allocation Failure) [PSYoungGen: 67565K->1533K(68096K)] 474362K->408346K(732160K), 0.0018606 secs] [Times: user=0.01 sys=0.00, real=0.00 secs] 
3019.701: [GC (Allocation Failure) [PSYoungGen: 67581K->1984K(68096K)] 474394K->408796K(732160K), 0.0018320 secs] [Times: user=0.01 sys=0.00, real=0.00 secs] 
3020.390: [GC (Allocation Failure) [PSYoungGen: 68032K->1408K(67584K)] 474844K->408220K(731648K), 0.0032533 secs] [Times: user=0.01 sys=0.00, real=0.00 secs] 
3020.766: [GC (Allocation Failure) [PSYoungGen: 67456K->1392K(67584K)] 474268K->408204K(731648K), 0.0046822 secs] [Times: user=0.02 sys=0.01, real=0.01 secs] 
3021.056: [GC (Allocation Failure) [PSYoungGen: 67440K->1360K(67584K)] 474252K->408172K(731648K), 0.0022019 secs] [Times: user=0.00 sys=0.01, real=0.01 secs] 
3021.556: [GC (Allocation Failure) [PSYoungGen: 67408K->1392K(67584K)] 474220K->408204K(731648K), 0.0021817 secs] [Times: user=0.01 sys=0.00, real=0.01 secs] 
3021.811: [GC (Allocation Failure) [PSYoungGen: 67440K->1472K(67584K)] 474252K->408284K(731648K), 0.0025568 secs] [Times: user=0.01 sys=0.00, real=0.00 secs] 
3021.971: [GC (Allocation Failure) [PSYoungGen: 67506K->1533K(67584K)] 474319K->408346K(731648K), 0.0021034 secs] [Times: user=0.01 sys=0.00, real=0.00 secs] 
3022.087: [GC (Allocation Failure) [PSYoungGen: 67581K->1533K(72192K)] 474394K->408378K(736256K), 0.0016623 secs] [Times: user=0.00 sys=0.00, real=0.00 secs] 
3022.211: [GC (Allocation Failure) [PSYoungGen: 72189K->1501K(72704K)] 479034K->408370K(736768K), 0.0017342 secs] [Times: user=0.01 sys=0.00, real=0.00 secs] 
3024.120: [GC (Allocation Failure) [PSYoungGen: 72157K->1440K(71680K)] 479026K->408308K(735744K), 0.0056840 secs] [Times: user=0.03 sys=0.01, real=0.00 secs] 
3024.829: [GC (Allocation Failure) [PSYoungGen: 71584K->1376K(71168K)] 478452K->408244K(735232K), 0.0030019 secs] [Times: user=0.02 sys=0.00, real=0.00 secs] 
3025.832: [GC (Allocation Failure) [PSYoungGen: 71008K->1344K(70656K)] 477876K->408212K(734720K), 0.0032569 secs] [Times: user=0.01 sys=0.00, real=0.00 secs] 
3026.819: [GC (Allocation Failure) [PSYoungGen: 70464K->1344K(70144K)] 477332K->408212K(734208K), 0.0034299 secs] [Times: user=0.01 sys=0.00, real=0.00 secs] 
3027.285: [GC (Allocation Failure) [PSYoungGen: 69952K->1501K(69632K)] 476820K->408370K(733696K), 0.0021669 secs] [Times: user=0.01 sys=0.00, real=0.01 secs] 
3027.413: [GC (Allocation Failure) [PSYoungGen: 69597K->1504K(69120K)] 476466K->408372K(733184K), 0.0017810 secs] [Times: user=0.01 sys=0.00, real=0.00 secs] 
3027.533: [GC (Allocation Failure) [PSYoungGen: 69088K->1533K(68608K)] 475956K->408410K(732672K), 0.0018682 secs] [Times: user=0.01 sys=0.00, real=0.00 secs] 
3027.735: [GC (Allocation Failure) [PSYoungGen: 68605K->1440K(68096K)] 475482K->408324K(732160K), 0.0023065 secs] [Times: user=0.01 sys=0.00, real=0.01 secs] 
3028.075: [GC (Allocation Failure) [PSYoungGen: 68000K->1344K(67584K)] 474884K->408228K(731648K), 0.0022671 secs] [Times: user=0.01 sys=0.00, real=0.01 secs] 
3028.418: [GC (Allocation Failure) [PSYoungGen: 67392K->1360K(67584K)] 474276K->408244K(731648K), 0.0021747 secs] [Times: user=0.01 sys=0.00, real=0.00 secs] 
3028.909: [GC (Allocation Failure) [PSYoungGen: 67408K->1408K(67584K)] 474292K->408292K(731648K), 0.0041656 secs] [Times: user=0.01 sys=0.00, real=0.00 secs] 
3029.742: [GC (Allocation Failure) [PSYoungGen: 67456K->1376K(67584K)] 474340K->408260K(731648K), 0.0045557 secs] [Times: user=0.02 sys=0.00, real=0.01 secs] 
3030.033: [GC (Allocation Failure) [PSYoungGen: 67424K->1501K(67584K)] 474308K->408386K(731648K), 0.0020783 secs] [Times: user=0.01 sys=0.00, real=0.00 secs] 
3030.162: [GC (Allocation Failure) [PSYoungGen: 67533K->1517K(67584K)] 474417K->408402K(731648K), 0.0019565 secs] [Times: user=0.01 sys=0.00, real=0.00 secs] 
3030.278: [GC (Allocation Failure) [PSYoungGen: 67565K->1504K(73216K)] 474450K->408444K(737280K), 0.0017579 secs] [Times: user=0.01 sys=0.00, real=0.00 secs] 
3030.558: [GC (Allocation Failure) [PSYoungGen: 73184K->1728K(73216K)] 480124K->408676K(737280K), 0.0024196 secs] [Times: user=0.01 sys=0.00, real=0.00 secs] 
3032.843: [GC (Allocation Failure) [PSYoungGen: 72896K->1408K(72192K)] 479844K->408356K(736256K), 0.0033161 secs] [Times: user=0.02 sys=0.00, real=0.00 secs] 
3033.615: [GC (Allocation Failure) [PSYoungGen: 72064K->1376K(71680K)] 479012K->408324K(735744K), 0.0029580 secs] [Times: user=0.01 sys=0.00, real=0.01 secs] 
3034.193: [GC (Allocation Failure) [PSYoungGen: 71520K->1408K(71168K)] 478468K->408356K(735232K), 0.0029051 secs] [Times: user=0.01 sys=0.00, real=0.00 secs] 
3034.904: [GC (Allocation Failure) [PSYoungGen: 71040K->1485K(70656K)] 477988K->408434K(734720K), 0.0036019 secs] [Times: user=0.02 sys=0.00, real=0.01 secs] 
3035.149: [GC (Allocation Failure) [PSYoungGen: 70605K->1501K(70144K)] 477554K->408450K(734208K), 0.0020909 secs] [Times: user=0.01 sys=0.00, real=0.00 secs] 
3035.283: [GC (Allocation Failure) [PSYoungGen: 70109K->1565K(70144K)] 477058K->408514K(734208K), 0.0020119 secs] [Times: user=0.00 sys=0.00, real=0.00 secs] 
3035.420: [GC (Allocation Failure) [PSYoungGen: 69661K->541K(70144K)] 476610K->408530K(734208K), 0.0020273 secs] [Times: user=0.01 sys=0.00, real=0.00 secs] 
3035.684: [GC (Allocation Failure) [PSYoungGen: 69661K->1456K(70144K)] 477650K->409444K(734208K), 0.0025742 secs] [Times: user=0.01 sys=0.00, real=0.00 secs] 
3036.294: [GC (Allocation Failure) [PSYoungGen: 70064K->1376K(69632K)] 478052K->409364K(733696K), 0.0034629 secs] [Times: user=0.02 sys=0.00, real=0.01 secs] 
3036.878: [GC (Allocation Failure) [PSYoungGen: 69472K->1408K(69120K)] 477460K->409396K(733184K), 0.0036051 secs] [Times: user=0.01 sys=0.00, real=0.00 secs] 
3037.475: [GC (Allocation Failure) [PSYoungGen: 68992K->1376K(68608K)] 476980K->409364K(732672K), 0.0035014 secs] [Times: user=0.01 sys=0.00, real=0.01 secs] 
3037.996: [GC (Allocation Failure) [PSYoungGen: 68448K->1453K(68096K)] 476436K->409442K(732160K), 0.0028813 secs] [Times: user=0.01 sys=0.00, real=0.01 secs] 
3038.164: [GC (Allocation Failure) [PSYoungGen: 68013K->1517K(67584K)] 476002K->409506K(731648K), 0.0017665 secs] [Times: user=0.01 sys=0.00, real=0.00 secs] 
3038.282: [GC (Allocation Failure) [PSYoungGen: 67565K->1517K(68096K)] 475554K->409506K(732160K), 0.0016229 secs] [Times: user=0.01 sys=0.00, real=0.00 secs] 
3038.401: [GC (Allocation Failure) [PSYoungGen: 67565K->1565K(68096K)] 475554K->409570K(732160K), 0.0018005 secs] [Times: user=0.01 sys=0.00, real=0.00 secs] 
3039.198: [GC (Allocation Failure) [PSYoungGen: 67613K->1456K(68096K)] 475618K->409468K(732160K), 0.0032096 secs] [Times: user=0.01 sys=0.00, real=0.00 secs] 
3039.817: [GC (Allocation Failure) [PSYoungGen: 67504K->1376K(68096K)] 475516K->409388K(732160K), 0.0021138 secs] [Times: user=0.01 sys=0.00, real=0.01 secs] 
3040.308: [GC (Allocation Failure) [PSYoungGen: 67424K->1408K(68096K)] 475436K->409420K(732160K), 0.0022251 secs] [Times: user=0.01 sys=0.00, real=0.00 secs] 
3040.893: [GC (Allocation Failure) [PSYoungGen: 67456K->1376K(68096K)] 475468K->409388K(732160K), 0.0031426 secs] [Times: user=0.01 sys=0.00, real=0.00 secs] 
3041.494: [GC (Allocation Failure) [PSYoungGen: 67424K->1421K(68096K)] 475436K->409434K(732160K), 0.0024978 secs] [Times: user=0.01 sys=0.00, real=0.00 secs] 
3041.697: [GC (Allocation Failure) [PSYoungGen: 67469K->1469K(68096K)] 475482K->409482K(732160K), 0.0025337 secs] [Times: user=0.01 sys=0.00, real=0.00 secs] 
3041.901: [GC (Allocation Failure) [PSYoungGen: 67517K->1549K(68096K)] 475530K->409562K(732160K), 0.0025114 secs] [Times: user=0.01 sys=0.00, real=0.00 secs] 
3042.050: [GC (Allocation Failure) [PSYoungGen: 67597K->1504K(68096K)] 475610K->409524K(732160K), 0.0018332 secs] [Times: user=0.00 sys=0.00, real=0.00 secs] 
3042.211: [GC (Allocation Failure) [PSYoungGen: 67552K->1952K(68096K)] 475572K->409972K(732160K), 0.0019420 secs] [Times: user=0.01 sys=0.00, real=0.00 secs] 
3042.491: [GC (Allocation Failure) [PSYoungGen: 68000K->1408K(75264K)] 476020K->409428K(739328K), 0.0028552 secs] [Times: user=0.01 sys=0.00, real=0.00 secs] 
3042.934: [GC (Allocation Failure) [PSYoungGen: 74624K->1376K(74240K)] 482644K->409396K(738304K), 0.0025513 secs] [Times: user=0.02 sys=0.00, real=0.00 secs] 
3043.468: [GC (Allocation Failure) [PSYoungGen: 74080K->1376K(73728K)] 482100K->409420K(737792K), 0.0025534 secs] [Times: user=0.01 sys=0.00, real=0.00 secs] 
3043.959: [GC (Allocation Failure) [PSYoungGen: 73568K->1424K(73216K)] 481612K->409468K(737280K), 0.0021040 secs] [Times: user=0.01 sys=0.00, real=0.00 secs] 
3044.101: [GC (Allocation Failure) [PSYoungGen: 73104K->1533K(72704K)] 481148K->409578K(736768K), 0.0017940 secs] [Times: user=0.00 sys=0.00, real=0.00 secs] 
3044.227: [GC (Allocation Failure) [PSYoungGen: 72701K->1533K(72192K)] 480746K->409578K(736256K), 0.0018474 secs] [Times: user=0.01 sys=0.00, real=0.00 secs] 
3044.352: [GC (Allocation Failure) [PSYoungGen: 72189K->1533K(72704K)] 480234K->409610K(736768K), 0.0016352 secs] [Times: user=0.01 sys=0.00, real=0.00 secs] 
3044.639: [GC (Allocation Failure) [PSYoungGen: 72189K->1456K(71680K)] 480266K->409532K(735744K), 0.0021937 secs] [Times: user=0.01 sys=0.00, real=0.00 secs] 
3044.931: [GC (Allocation Failure) [PSYoungGen: 71600K->1408K(71168K)] 479676K->409484K(735232K), 0.0021421 secs] [Times: user=0.01 sys=0.01, real=0.00 secs] 
3045.535: [GC (Allocation Failure) [PSYoungGen: 71040K->1408K(70656K)] 479116K->409484K(734720K), 0.0022805 secs] [Times: user=0.00 sys=0.00, real=0.01 secs] 
3046.054: [GC (Allocation Failure) [PSYoungGen: 70528K->1392K(70144K)] 478604K->409468K(734208K), 0.0022171 secs] [Times: user=0.01 sys=0.00, real=0.00 secs] 
3046.432: [GC (Allocation Failure) [PSYoungGen: 70000K->1501K(69632K)] 478076K->409578K(733696K), 0.0018083 secs] [Times: user=0.00 sys=0.00, real=0.00 secs] 
3046.551: [GC (Allocation Failure) [PSYoungGen: 69597K->1549K(69632K)] 477674K->409626K(733696K), 0.0017746 secs] [Times: user=0.01 sys=0.00, real=0.00 secs] 
3046.670: [GC (Allocation Failure) [PSYoungGen: 69133K->1533K(68608K)] 477210K->409610K(732672K), 0.0017665 secs] [Times: user=0.01 sys=0.00, real=0.00 secs] 
3046.788: [GC (Allocation Failure) [PSYoungGen: 68605K->1533K(69120K)] 476682K->409642K(733184K), 0.0017653 secs] [Times: user=0.01 sys=0.00, real=0.00 secs] 
3047.166: [GC (Allocation Failure) [PSYoungGen: 69117K->1456K(68608K)] 477226K->409564K(732672K), 0.0020712 secs] [Times: user=0.00 sys=0.00, real=0.01 secs] 
3047.500: [GC (Allocation Failure) [PSYoungGen: 68528K->1376K(68096K)] 476636K->409484K(732160K), 0.0020424 secs] [Times: user=0.00 sys=0.00, real=0.00 secs] 
3047.955: [GC (Allocation Failure) [PSYoungGen: 67936K->1376K(67584K)] 476044K->409484K(731648K), 0.0028754 secs] [Times: user=0.01 sys=0.00, real=0.01 secs] 
3048.479: [GC (Allocation Failure) [PSYoungGen: 67424K->1376K(68096K)] 475532K->409484K(732160K), 0.0028450 secs] [Times: user=0.01 sys=0.00, real=0.00 secs] 
3048.853: [GC (Allocation Failure) [PSYoungGen: 67424K->1485K(68096K)] 475532K->409594K(732160K), 0.0020146 secs] [Times: user=0.01 sys=0.00, real=0.00 secs] 
3048.982: [GC (Allocation Failure) [PSYoungGen: 67533K->1533K(68096K)] 475642K->409642K(732160K), 0.0017647 secs] [Times: user=0.00 sys=0.00, real=0.00 secs] 
3049.101: [GC (Allocation Failure) [PSYoungGen: 67581K->1501K(68096K)] 475690K->409610K(732160K), 0.0017672 secs] [Times: user=0.00 sys=0.00, real=0.00 secs] 
3049.217: [GC (Allocation Failure) [PSYoungGen: 67549K->1485K(75264K)] 475658K->409610K(739328K), 0.0016994 secs] [Times: user=0.00 sys=0.00, real=0.00 secs] 
3049.710: [GC (Allocation Failure) [PSYoungGen: 74701K->1456K(74240K)] 482826K->409580K(738304K), 0.0022574 secs] [Times: user=0.01 sys=0.00, real=0.00 secs] 
3050.071: [GC (Allocation Failure) [PSYoungGen: 74160K->1408K(73728K)] 482284K->409532K(737792K), 0.0024232 secs] [Times: user=0.01 sys=0.00, real=0.00 secs] 
3050.371: [GC (Allocation Failure) [PSYoungGen: 73600K->1344K(73216K)] 481724K->409468K(737280K), 0.0028262 secs] [Times: user=0.01 sys=0.00, real=0.00 secs] 
3050.828: [GC (Allocation Failure) [PSYoungGen: 73024K->1376K(72704K)] 481148K->409500K(736768K), 0.0025805 secs] [Times: user=0.01 sys=0.00, real=0.00 secs] 
3051.106: [GC (Allocation Failure) [PSYoungGen: 72544K->1536K(72704K)] 480668K->409660K(736768K), 0.0017918 secs] [Times: user=0.01 sys=0.00, real=0.01 secs] 
3051.231: [GC (Allocation Failure) [PSYoungGen: 72192K->1533K(71680K)] 480316K->409658K(735744K), 0.0017729 secs] [Times: user=0.01 sys=0.00, real=0.00 secs] 
3051.354: [GC (Allocation Failure) [PSYoungGen: 71677K->1533K(72704K)] 479802K->409658K(736768K), 0.0017593 secs] [Times: user=0.01 sys=0.00, real=0.00 secs] 
3051.550: [GC (Allocation Failure) [PSYoungGen: 72189K->1728K(79872K)] 480314K->409852K(743936K), 0.0020985 secs] [Times: user=0.00 sys=0.00, real=0.00 secs] 
3052.262: [GC (Allocation Failure) [PSYoungGen: 79552K->1376K(78848K)] 487676K->409500K(742912K), 0.0021256 secs] [Times: user=0.01 sys=0.00, real=0.00 secs] 
3052.784: [GC (Allocation Failure) [PSYoungGen: 78688K->1392K(78336K)] 486812K->409532K(742400K), 0.0023993 secs] [Times: user=0.01 sys=0.00, real=0.00 secs] 
3053.145: [GC (Allocation Failure) [PSYoungGen: 78192K->1376K(77824K)] 486332K->409516K(741888K), 0.0023217 secs] [Times: user=0.01 sys=0.00, real=0.01 secs] 
3053.692: [GC (Allocation Failure) [PSYoungGen: 77664K->1453K(77312K)] 485804K->409594K(741376K), 0.0021221 secs] [Times: user=0.01 sys=0.00, real=0.00 secs] 
3053.828: [GC (Allocation Failure) [PSYoungGen: 77229K->1565K(77312K)] 485370K->409706K(741376K), 0.0017362 secs] [Times: user=0.01 sys=0.00, real=0.00 secs] 
3053.960: [GC (Allocation Failure) [PSYoungGen: 76829K->1504K(76288K)] 484970K->409676K(740352K), 0.0017909 secs] [Times: user=0.01 sys=0.00, real=0.00 secs] 
3054.092: [GC (Allocation Failure) [PSYoungGen: 76256K->160K(77312K)] 484428K->408340K(741376K), 0.0018205 secs] [Times: user=0.01 sys=0.00, real=0.00 secs] 
3054.757: [GC (Allocation Failure) [PSYoungGen: 75424K->1424K(76288K)] 483604K->409604K(740352K), 0.0019936 secs] [Times: user=0.01 sys=0.00, real=0.01 secs] 
3055.068: [GC (Allocation Failure) [PSYoungGen: 76176K->1376K(75776K)] 484356K->409556K(739840K), 0.0025703 secs] [Times: user=0.01 sys=0.00, real=0.00 secs] 
3055.445: [GC (Allocation Failure) [PSYoungGen: 75616K->1344K(75264K)] 483796K->409524K(739328K), 0.0017957 secs] [Times: user=0.00 sys=0.00, real=0.00 secs] 
3055.940: [GC (Allocation Failure) [PSYoungGen: 75072K->1488K(74752K)] 483252K->409668K(738816K), 0.0019725 secs] [Times: user=0.01 sys=0.00, real=0.00 secs] 
3056.079: [GC (Allocation Failure) [PSYoungGen: 74695K->1517K(74240K)] 482876K->409698K(738304K), 0.0016491 secs] [Times: user=0.01 sys=0.00, real=0.00 secs] 
3056.207: [GC (Allocation Failure) [PSYoungGen: 74221K->1565K(74240K)] 482402K->409746K(738304K), 0.0017023 secs] [Times: user=0.01 sys=0.00, real=0.00 secs] 
3056.333: [GC (Allocation Failure) [PSYoungGen: 73757K->512K(80896K)] 481938K->409716K(744960K), 0.0017399 secs] [Times: user=0.01 sys=0.00, real=0.00 secs] 
3056.943: [GC (Allocation Failure) [PSYoungGen: 80384K->1456K(80896K)] 489588K->410660K(744960K), 0.0022937 secs] [Times: user=0.01 sys=0.00, real=0.00 secs] 
3057.932: [GC (Allocation Failure) [PSYoungGen: 80816K->1408K(80384K)] 490020K->410620K(744448K), 0.0047944 secs] [Times: user=0.02 sys=0.00, real=0.00 secs] 
3058.961: [GC (Allocation Failure) [PSYoungGen: 80256K->1376K(79872K)] 489468K->410588K(743936K), 0.0048742 secs] [Times: user=0.02 sys=0.00, real=0.00 secs] 
3060.054: [GC (Allocation Failure) [PSYoungGen: 79712K->1485K(79360K)] 488924K->410698K(743424K), 0.0030272 secs] [Times: user=0.02 sys=0.00, real=0.00 secs] 
3060.253: [GC (Allocation Failure) [PSYoungGen: 79309K->1565K(79360K)] 488522K->410778K(743424K), 0.0017475 secs] [Times: user=0.01 sys=0.00, real=0.00 secs] 
3060.388: [GC (Allocation Failure) [PSYoungGen: 78877K->1533K(78336K)] 488090K->410778K(742400K), 0.0017505 secs] [Times: user=0.01 sys=0.00, real=0.00 secs] 
3060.522: [GC (Allocation Failure) [PSYoungGen: 78333K->1565K(78336K)] 487578K->410810K(742400K), 0.0018254 secs] [Times: user=0.00 sys=0.01, real=0.00 secs] 
3061.661: [GC (Allocation Failure) [PSYoungGen: 77853K->384K(76288K)] 487098K->410652K(740352K), 0.0038487 secs] [Times: user=0.01 sys=0.00, real=0.00 secs] 
3062.687: [GC (Allocation Failure) [PSYoungGen: 76160K->384K(77312K)] 486428K->410652K(741376K), 0.0036219 secs] [Times: user=0.02 sys=0.00, real=0.00 secs] 
3063.553: [GC (Allocation Failure) [PSYoungGen: 75648K->320K(76800K)] 485916K->410588K(740864K), 0.0035287 secs] [Times: user=0.02 sys=0.00, real=0.00 secs] 
3064.413: [GC (Allocation Failure) [PSYoungGen: 75072K->1485K(75776K)] 485340K->411754K(739840K), 0.0035144 secs] [Times: user=0.02 sys=0.00, real=0.00 secs] 
3064.629: [GC (Allocation Failure) [PSYoungGen: 75725K->1488K(75776K)] 485994K->411756K(739840K), 0.0018231 secs] [Times: user=0.00 sys=0.00, real=0.00 secs] 
3064.760: [GC (Allocation Failure) [PSYoungGen: 75216K->1517K(74752K)] 485484K->411786K(738816K), 0.0017670 secs] [Times: user=0.01 sys=0.00, real=0.00 secs] 
3064.890: [GC (Allocation Failure) [PSYoungGen: 74733K->1501K(74752K)] 485002K->411770K(738816K), 0.0017864 secs] [Times: user=0.01 sys=0.00, real=0.00 secs] 
3065.141: [GC (Allocation Failure) [PSYoungGen: 74205K->1456K(73728K)] 484474K->411724K(737792K), 0.0020153 secs] [Times: user=0.00 sys=0.00, real=0.00 secs] 
3065.541: [GC (Allocation Failure) [PSYoungGen: 73648K->1344K(73728K)] 483916K->411612K(737792K), 0.0022863 secs] [Times: user=0.00 sys=0.00, real=0.00 secs] 
3066.137: [GC (Allocation Failure) [PSYoungGen: 73024K->1344K(72704K)] 483292K->411636K(736768K), 0.0024894 secs] [Times: user=0.01 sys=0.00, real=0.00 secs] 
3066.713: [GC (Allocation Failure) [PSYoungGen: 72512K->1376K(72192K)] 482804K->411668K(736256K), 0.0025307 secs] [Times: user=0.01 sys=0.00, real=0.00 secs] 
3067.030: [GC (Allocation Failure) [PSYoungGen: 72032K->1501K(71680K)] 482324K->411794K(735744K), 0.0018321 secs] [Times: user=0.01 sys=0.00, real=0.00 secs] 
3067.153: [GC (Allocation Failure) [PSYoungGen: 71645K->1440K(71168K)] 481938K->411732K(735232K), 0.0017984 secs] [Times: user=0.00 sys=0.00, real=0.00 secs] 
3067.275: [GC (Allocation Failure) [PSYoungGen: 71072K->1533K(70656K)] 481364K->411826K(734720K), 0.0018356 secs] [Times: user=0.00 sys=0.00, real=0.01 secs] 
3067.397: [GC (Allocation Failure) [PSYoungGen: 70653K->1501K(71168K)] 480946K->411794K(735232K), 0.0018376 secs] [Times: user=0.01 sys=0.00, real=0.00 secs] 
3067.728: [GC (Allocation Failure) [PSYoungGen: 71133K->1392K(70656K)] 481426K->411684K(734720K), 0.0019903 secs] [Times: user=0.01 sys=0.00, real=0.00 secs] 
3068.141: [GC (Allocation Failure) [PSYoungGen: 70512K->1408K(70144K)] 480804K->411700K(734208K), 0.0026207 secs] [Times: user=0.01 sys=0.00, real=0.00 secs] 
3068.821: [GC (Allocation Failure) [PSYoungGen: 70016K->1376K(69632K)] 480308K->411668K(733696K), 0.0047104 secs] [Times: user=0.02 sys=0.01, real=0.00 secs] 
3069.459: [GC (Allocation Failure) [PSYoungGen: 69472K->1408K(69120K)] 479764K->411700K(733184K), 0.0037385 secs] [Times: user=0.02 sys=0.00, real=0.00 secs] 
3069.753: [GC (Allocation Failure) [PSYoungGen: 68992K->1488K(68608K)] 479284K->411780K(732672K), 0.0019701 secs] [Times: user=0.01 sys=0.00, real=0.00 secs] 
3069.882: [GC (Allocation Failure) [PSYoungGen: 68560K->1501K(68096K)] 478852K->411794K(732160K), 0.0019686 secs] [Times: user=0.01 sys=0.00, real=0.00 secs] 
3070.002: [GC (Allocation Failure) [PSYoungGen: 68061K->1469K(68608K)] 478354K->411762K(732672K), 0.0016884 secs] [Times: user=0.00 sys=0.00, real=0.00 secs] 
3070.122: [GC (Allocation Failure) [PSYoungGen: 68023K->192K(75776K)] 478316K->410492K(739840K), 0.0016551 secs] [Times: user=0.01 sys=0.00, real=0.00 secs] 
3072.198: [GC (Allocation Failure) [PSYoungGen: 73920K->1408K(74752K)] 484220K->411708K(738816K), 0.0046119 secs] [Times: user=0.02 sys=0.00, real=0.00 secs] 
3073.422: [GC (Allocation Failure) [PSYoungGen: 74624K->1408K(74240K)] 484924K->411708K(738304K), 0.0046013 secs] [Times: user=0.02 sys=0.00, real=0.00 secs] 
3074.338: [GC (Allocation Failure) [PSYoungGen: 74112K->1376K(73728K)] 484412K->411676K(737792K), 0.0026952 secs] [Times: user=0.02 sys=0.00, real=0.00 secs] 
3075.180: [GC (Allocation Failure) [PSYoungGen: 73568K->1421K(73216K)] 483868K->411722K(737280K), 0.0037943 secs] [Times: user=0.02 sys=0.00, real=0.00 secs] 
3075.427: [GC (Allocation Failure) [PSYoungGen: 73084K->1533K(72704K)] 483385K->411834K(736768K), 0.0021194 secs] [Times: user=0.01 sys=0.00, real=0.00 secs] 
3075.601: [GC (Allocation Failure) [PSYoungGen: 72701K->1469K(72192K)] 483002K->411770K(736256K), 0.0022522 secs] [Times: user=0.01 sys=0.00, real=0.00 secs] 
3075.768: [GC (Allocation Failure) [PSYoungGen: 72125K->1488K(71680K)] 482426K->411788K(735744K), 0.0021807 secs] [Times: user=0.01 sys=0.00, real=0.00 secs] 
3076.830: [GC (Allocation Failure) [PSYoungGen: 71632K->1456K(71168K)] 481932K->411772K(735232K), 0.0048581 secs] [Times: user=0.02 sys=0.00, real=0.00 secs] 
3077.150: [GC (Allocation Failure) [PSYoungGen: 71088K->1392K(70656K)] 481404K->411708K(734720K), 0.0021625 secs] [Times: user=0.01 sys=0.00, real=0.00 secs] 
3077.504: [GC (Allocation Failure) [PSYoungGen: 70512K->1376K(70144K)] 480828K->411692K(734208K), 0.0021416 secs] [Times: user=0.01 sys=0.00, real=0.00 secs] 
3077.991: [GC (Allocation Failure) [PSYoungGen: 69984K->1408K(69632K)] 480300K->411724K(733696K), 0.0022908 secs] [Times: user=0.01 sys=0.00, real=0.00 secs] 
3078.421: [GC (Allocation Failure) [PSYoungGen: 69504K->1504K(69120K)] 479820K->411820K(733184K), 0.0021140 secs] [Times: user=0.01 sys=0.00, real=0.00 secs] 
3078.551: [GC (Allocation Failure) [PSYoungGen: 69088K->1549K(69120K)] 479404K->411866K(733184K), 0.0018171 secs] [Times: user=0.00 sys=0.00, real=0.00 secs] 
3078.670: [GC (Allocation Failure) [PSYoungGen: 68596K->1533K(68096K)] 478913K->411874K(732160K), 0.0017711 secs] [Times: user=0.01 sys=0.00, real=0.00 secs] 
3078.788: [GC (Allocation Failure) [PSYoungGen: 68093K->1504K(69120K)] 478434K->411852K(733184K), 0.0017985 secs] [Times: user=0.01 sys=0.00, real=0.00 secs] 
3079.375: [GC (Allocation Failure) [PSYoungGen: 68576K->1456K(68096K)] 478924K->411804K(732160K), 0.0031631 secs] [Times: user=0.01 sys=0.00, real=0.01 secs] 
3079.748: [GC (Allocation Failure) [PSYoungGen: 68016K->1392K(67584K)] 478364K->411740K(731648K), 0.0023598 secs] [Times: user=0.00 sys=0.00, real=0.00 secs] 
3080.023: [GC (Allocation Failure) [PSYoungGen: 67440K->1376K(67584K)] 477788K->411724K(731648K), 0.0020775 secs] [Times: user=0.00 sys=0.00, real=0.00 secs] 
3080.344: [GC (Allocation Failure) [PSYoungGen: 67424K->1376K(67584K)] 477772K->411724K(731648K), 0.0019606 secs] [Times: user=0.01 sys=0.00, real=0.00 secs] 
3080.624: [GC (Allocation Failure) [PSYoungGen: 67424K->1469K(67584K)] 477772K->411818K(731648K), 0.0023061 secs] [Times: user=0.01 sys=0.00, real=0.00 secs] 
3080.770: [GC (Allocation Failure) [PSYoungGen: 67517K->1472K(67584K)] 477866K->411820K(731648K), 0.0018484 secs] [Times: user=0.01 sys=0.00, real=0.00 secs] 
3080.906: [GC (Allocation Failure) [PSYoungGen: 67520K->1501K(67584K)] 477868K->411850K(731648K), 0.0017956 secs] [Times: user=0.01 sys=0.00, real=0.01 secs] 
3081.028: [GC (Allocation Failure) [PSYoungGen: 67549K->1533K(72192K)] 477898K->411890K(736256K), 0.0018070 secs] [Times: user=0.00 sys=0.00, real=0.00 secs] 
3082.974: [GC (Allocation Failure) [PSYoungGen: 71677K->1456K(71168K)] 482034K->411812K(735232K), 0.0050525 secs] [Times: user=0.02 sys=0.01, real=0.01 secs] 
3083.642: [GC (Allocation Failure) [PSYoungGen: 71088K->1376K(70656K)] 481444K->411732K(734720K), 0.0030953 secs] [Times: user=0.01 sys=0.00, real=0.00 secs] 
3084.431: [GC (Allocation Failure) [PSYoungGen: 70496K->1376K(70144K)] 480852K->411740K(734208K), 0.0028370 secs] [Times: user=0.01 sys=0.00, real=0.00 secs] 
3085.238: [GC (Allocation Failure) [PSYoungGen: 69984K->1344K(69632K)] 480348K->411708K(733696K), 0.0032033 secs] [Times: user=0.01 sys=0.00, real=0.00 secs] 
3085.841: [GC (Allocation Failure) [PSYoungGen: 69440K->1485K(69120K)] 479804K->411850K(733184K), 0.0023898 secs] [Times: user=0.01 sys=0.00, real=0.00 secs] 
3085.991: [GC (Allocation Failure) [PSYoungGen: 69069K->1533K(68608K)] 479434K->411898K(732672K), 0.0018851 secs] [Times: user=0.01 sys=0.00, real=0.00 secs] 
3086.110: [GC (Allocation Failure) [PSYoungGen: 68605K->1517K(68096K)] 478970K->411882K(732160K), 0.0017655 secs] [Times: user=0.01 sys=0.00, real=0.00 secs] 
3086.227: [GC (Allocation Failure) [PSYoungGen: 68077K->1533K(71680K)] 478442K->411906K(735744K), 0.0017902 secs] [Times: user=0.00 sys=0.00, real=0.00 secs] 
3086.510: [GC (Allocation Failure) [PSYoungGen: 71165K->1408K(70656K)] 481538K->411780K(734720K), 0.0017513 secs] [Times: user=0.01 sys=0.00, real=0.00 secs] 
3086.797: [GC (Allocation Failure) [PSYoungGen: 70528K->1408K(70144K)] 480900K->411780K(734208K), 0.0017919 secs] [Times: user=0.00 sys=0.00, real=0.00 secs] 
3087.324: [GC (Allocation Failure) [PSYoungGen: 70016K->1376K(69632K)] 480388K->411748K(733696K), 0.0019757 secs] [Times: user=0.01 sys=0.00, real=0.00 secs] 
3087.860: [GC (Allocation Failure) [PSYoungGen: 69472K->1376K(69120K)] 479844K->411748K(733184K), 0.0023110 secs] [Times: user=0.01 sys=0.00, real=0.00 secs] 
3088.396: [GC (Allocation Failure) [PSYoungGen: 68960K->1517K(68608K)] 479332K->411890K(732672K), 0.0022291 secs] [Times: user=0.01 sys=0.00, real=0.01 secs] 
3088.571: [GC (Allocation Failure) [PSYoungGen: 68589K->1501K(68096K)] 478962K->411874K(732160K), 0.0023894 secs] [Times: user=0.01 sys=0.00, real=0.00 secs] 
3088.735: [GC (Allocation Failure) [PSYoungGen: 68061K->1469K(67584K)] 478434K->411842K(731648K), 0.0023897 secs] [Times: user=0.01 sys=0.00, real=0.01 secs] 
3088.923: [GC (Allocation Failure) [PSYoungGen: 67517K->1517K(72192K)] 477890K->411898K(736256K), 0.0026211 secs] [Times: user=0.01 sys=0.00, real=0.00 secs] 
3089.207: [GC (Allocation Failure) [PSYoungGen: 71661K->1456K(71168K)] 482042K->411836K(735232K), 0.0024293 secs] [Times: user=0.01 sys=0.00, real=0.00 secs] 
3089.497: [GC (Allocation Failure) [PSYoungGen: 71088K->1376K(70656K)] 481468K->411756K(734720K), 0.0022051 secs] [Times: user=0.01 sys=0.00, real=0.00 secs] 
3089.785: [GC (Allocation Failure) [PSYoungGen: 70496K->1376K(70144K)] 480876K->411756K(734208K), 0.0021597 secs] [Times: user=0.01 sys=0.00, real=0.01 secs] 
3090.070: [GC (Allocation Failure) [PSYoungGen: 69984K->1408K(69632K)] 480364K->411788K(733696K), 0.0021017 secs] [Times: user=0.01 sys=0.00, real=0.00 secs] 
3090.285: [GC (Allocation Failure) [PSYoungGen: 69504K->1533K(69120K)] 479884K->411914K(733184K), 0.0017271 secs] [Times: user=0.01 sys=0.00, real=0.01 secs] 
3090.409: [GC (Allocation Failure) [PSYoungGen: 69105K->1533K(68608K)] 479486K->411914K(732672K), 0.0018945 secs] [Times: user=0.00 sys=0.00, real=0.00 secs] 
3090.547: [GC (Allocation Failure) [PSYoungGen: 68605K->1472K(71680K)] 478986K->411852K(735744K), 0.0024060 secs] [Times: user=0.01 sys=0.00, real=0.01 secs] 
3090.697: [GC (Allocation Failure) [PSYoungGen: 71616K->1565K(72192K)] 481996K->411954K(736256K), 0.0019648 secs] [Times: user=0.00 sys=0.00, real=0.01 secs] 
3092.785: [GC (Allocation Failure) [PSYoungGen: 71709K->1440K(71168K)] 482098K->411860K(735232K), 0.0041705 secs] [Times: user=0.02 sys=0.00, real=0.01 secs] 
3093.557: [GC (Allocation Failure) [PSYoungGen: 71072K->1376K(70656K)] 481492K->411796K(734720K), 0.0026074 secs] [Times: user=0.01 sys=0.00, real=0.01 secs] 
3094.415: [GC (Allocation Failure) [PSYoungGen: 70496K->1344K(70144K)] 480916K->411764K(734208K), 0.0030591 secs] [Times: user=0.01 sys=0.00, real=0.01 secs] 
3095.686: [GC (Allocation Failure) [PSYoungGen: 69952K->1424K(69632K)] 480372K->411844K(733696K), 0.0042509 secs] [Times: user=0.02 sys=0.00, real=0.01 secs] 
3096.340: [GC (Allocation Failure) [PSYoungGen: 69520K->1453K(69120K)] 479940K->411874K(733184K), 0.0029695 secs] [Times: user=0.01 sys=0.00, real=0.00 secs] 
3096.483: [GC (Allocation Failure) [PSYoungGen: 69037K->1549K(69120K)] 479458K->411970K(733184K), 0.0019832 secs] [Times: user=0.01 sys=0.00, real=0.00 secs] 
3096.602: [GC (Allocation Failure) [PSYoungGen: 68621K->477K(67072K)] 479042K->411922K(731136K), 0.0017661 secs] [Times: user=0.01 sys=0.00, real=0.00 secs] 
3096.718: [GC (Allocation Failure) [PSYoungGen: 67037K->461K(75776K)] 478482K->411914K(739840K), 0.0016051 secs] [Times: user=0.00 sys=0.00, real=0.00 secs] 
3097.848: [GC (Allocation Failure) [PSYoungGen: 74189K->1440K(74752K)] 485642K->412892K(738816K), 0.0031818 secs] [Times: user=0.02 sys=0.00, real=0.00 secs] 
3098.392: [GC (Allocation Failure) [PSYoungGen: 74656K->1376K(74240K)] 486108K->412828K(738304K), 0.0024876 secs] [Times: user=0.01 sys=0.00, real=0.00 secs] 
3098.949: [GC (Allocation Failure) [PSYoungGen: 74080K->1376K(73728K)] 485532K->412828K(737792K), 0.0022630 secs] [Times: user=0.01 sys=0.00, real=0.00 secs] 
3099.614: [GC (Allocation Failure) [PSYoungGen: 73568K->1485K(73216K)] 485020K->412938K(737280K), 0.0045420 secs] [Times: user=0.02 sys=0.00, real=0.01 secs] 
3099.878: [GC (Allocation Failure) [PSYoungGen: 73165K->1469K(72704K)] 484618K->412922K(736768K), 0.0021838 secs] [Times: user=0.01 sys=0.00, real=0.00 secs] 
3100.052: [GC (Allocation Failure) [PSYoungGen: 72637K->1469K(72192K)] 484090K->412922K(736256K), 0.0020212 secs] [Times: user=0.01 sys=0.00, real=0.00 secs] 
3100.210: [GC (Allocation Failure) [PSYoungGen: 72125K->1533K(71680K)] 483578K->413018K(735744K), 0.0018850 secs] [Times: user=0.00 sys=0.00, real=0.00 secs] 
3100.747: [GC (Allocation Failure) [PSYoungGen: 71677K->1408K(71168K)] 483162K->412900K(735232K), 0.0024022 secs] [Times: user=0.01 sys=0.00, real=0.00 secs] 
3101.676: [GC (Allocation Failure) [PSYoungGen: 71040K->1392K(70656K)] 482532K->412884K(734720K), 0.0033643 secs] [Times: user=0.01 sys=0.00, real=0.01 secs] 
3102.432: [GC (Allocation Failure) [PSYoungGen: 70512K->1376K(70144K)] 482004K->412868K(734208K), 0.0037591 secs] [Times: user=0.01 sys=0.00, real=0.00 secs] 
3103.032: [GC (Allocation Failure) [PSYoungGen: 69984K->1376K(69632K)] 481476K->412868K(733696K), 0.0030088 secs] [Times: user=0.02 sys=0.01, real=0.00 secs] 
3103.752: [GC (Allocation Failure) [PSYoungGen: 69455K->1453K(69120K)] 480948K->412946K(733184K), 0.0027727 secs] [Times: user=0.01 sys=0.00, real=0.00 secs] 
3103.915: [GC (Allocation Failure) [PSYoungGen: 69037K->1533K(68608K)] 480530K->413050K(732672K), 0.0017300 secs] [Times: user=0.01 sys=0.00, real=0.00 secs] 
3104.035: [GC (Allocation Failure) [PSYoungGen: 68591K->1549K(68608K)] 480108K->413066K(732672K), 0.0017860 secs] [Times: user=0.01 sys=0.00, real=0.01 secs] 
3104.154: [GC (Allocation Failure) [PSYoungGen: 68109K->464K(66560K)] 479626K->413005K(730624K), 0.0016743 secs] [Times: user=0.01 sys=0.00, real=0.00 secs] 
3104.503: [GC (Allocation Failure) [PSYoungGen: 66512K->1424K(68096K)] 479053K->413988K(732160K), 0.0019776 secs] [Times: user=0.01 sys=0.00, real=0.00 secs] 
3105.657: [GC (Allocation Failure) [PSYoungGen: 67472K->1376K(68096K)] 480036K->413940K(732160K), 0.0031924 secs] [Times: user=0.01 sys=0.00, real=0.00 secs] 
3106.414: [GC (Allocation Failure) [PSYoungGen: 67424K->1408K(68096K)] 479988K->413972K(732160K), 0.0029608 secs] [Times: user=0.01 sys=0.00, real=0.01 secs] 
3107.138: [GC (Allocation Failure) [PSYoungGen: 67456K->1376K(68096K)] 480020K->413940K(732160K), 0.0027057 secs] [Times: user=0.01 sys=0.00, real=0.00 secs] 
3107.994: [GC (Allocation Failure) [PSYoungGen: 67424K->1421K(68096K)] 479988K->413986K(732160K), 0.0034454 secs] [Times: user=0.01 sys=0.00, real=0.01 secs] 
3108.192: [GC (Allocation Failure) [PSYoungGen: 67469K->1533K(68096K)] 480034K->414098K(732160K), 0.0019293 secs] [Times: user=0.01 sys=0.00, real=0.00 secs] 
3108.310: [GC (Allocation Failure) [PSYoungGen: 67581K->1533K(68096K)] 480146K->414098K(732160K), 0.0018137 secs] [Times: user=0.01 sys=0.00, real=0.00 secs] 
3108.426: [GC (Allocation Failure) [PSYoungGen: 67581K->1501K(68096K)] 480146K->414074K(732160K), 0.0018382 secs] [Times: user=0.01 sys=0.00, real=0.01 secs] 
3109.176: [GC (Allocation Failure) [PSYoungGen: 67549K->1504K(68096K)] 480122K->414076K(732160K), 0.0049379 secs] [Times: user=0.02 sys=0.00, real=0.01 secs] 
3110.078: [GC (Allocation Failure) [PSYoungGen: 67552K->1376K(68096K)] 480124K->413948K(732160K), 0.0030328 secs] [Times: user=0.02 sys=0.00, real=0.00 secs] 
3110.788: [GC (Allocation Failure) [PSYoungGen: 67424K->1376K(68096K)] 479996K->413948K(732160K), 0.0026491 secs] [Times: user=0.01 sys=0.00, real=0.00 secs] 
3111.796: [GC (Allocation Failure) [PSYoungGen: 67424K->1408K(68096K)] 479996K->413980K(732160K), 0.0029857 secs] [Times: user=0.01 sys=0.00, real=0.01 secs] 
3112.921: [GC (Allocation Failure) [PSYoungGen: 67456K->1485K(68096K)] 480028K->414058K(732160K), 0.0043459 secs] [Times: user=0.02 sys=0.00, real=0.00 secs] 
3113.136: [GC (Allocation Failure) [PSYoungGen: 67533K->1501K(68096K)] 480106K->414074K(732160K), 0.0019666 secs] [Times: user=0.01 sys=0.00, real=0.01 secs] 
3113.258: [GC (Allocation Failure) [PSYoungGen: 67549K->1517K(68096K)] 480122K->414090K(732160K), 0.0018552 secs] [Times: user=0.00 sys=0.00, real=0.00 secs] 
3113.390: [GC (Allocation Failure) [PSYoungGen: 67565K->1469K(68096K)] 480138K->414058K(732160K), 0.0018672 secs] [Times: user=0.00 sys=0.00, real=0.00 secs] 
3113.707: [GC (Allocation Failure) [PSYoungGen: 67517K->1984K(68096K)] 480106K->414572K(732160K), 0.0024913 secs] [Times: user=0.01 sys=0.00, real=0.00 secs] 
3114.312: [GC (Allocation Failure) [PSYoungGen: 68032K->1408K(68096K)] 480620K->413996K(732160K), 0.0024074 secs] [Times: user=0.01 sys=0.00, real=0.00 secs] 
3114.892: [GC (Allocation Failure) [PSYoungGen: 67456K->1376K(68096K)] 480044K->413964K(732160K), 0.0025233 secs] [Times: user=0.02 sys=0.00, real=0.00 secs] 
3115.445: [GC (Allocation Failure) [PSYoungGen: 67424K->1408K(68096K)] 480012K->414012K(732160K), 0.0023632 secs] [Times: user=0.01 sys=0.00, real=0.01 secs] 
3115.765: [GC (Allocation Failure) [PSYoungGen: 67456K->1376K(68096K)] 480060K->413980K(732160K), 0.0022596 secs] [Times: user=0.01 sys=0.00, real=0.01 secs] 
3115.950: [GC (Allocation Failure) [PSYoungGen: 67424K->1565K(68096K)] 480028K->414170K(732160K), 0.0017690 secs] [Times: user=0.01 sys=0.00, real=0.00 secs] 
3116.066: [GC (Allocation Failure) [PSYoungGen: 67613K->1565K(68096K)] 480218K->414170K(732160K), 0.0017630 secs] [Times: user=0.00 sys=0.00, real=0.01 secs] 
3116.182: [GC (Allocation Failure) [PSYoungGen: 67613K->1533K(68096K)] 480218K->414154K(732160K), 0.0017971 secs] [Times: user=0.01 sys=0.00, real=0.00 secs] 
3116.298: [GC (Allocation Failure) [PSYoungGen: 67581K->1565K(68096K)] 480202K->414186K(732160K), 0.0018612 secs] [Times: user=0.01 sys=0.00, real=0.00 secs] 
3116.941: [GC (Allocation Failure) [PSYoungGen: 67613K->1440K(67584K)] 480234K->414060K(731648K), 0.0025088 secs] [Times: user=0.01 sys=0.00, real=0.00 secs] 
3117.556: [GC (Allocation Failure) [PSYoungGen: 67488K->1424K(67584K)] 480108K->414044K(731648K), 0.0024828 secs] [Times: user=0.01 sys=0.00, real=0.01 secs] 
3118.495: [GC (Allocation Failure) [PSYoungGen: 67472K->1424K(67584K)] 480092K->414044K(731648K), 0.0040401 secs] [Times: user=0.01 sys=0.00, real=0.01 secs] 
3119.427: [GC (Allocation Failure) [PSYoungGen: 67472K->1376K(67584K)] 480092K->413996K(731648K), 0.0039796 secs] [Times: user=0.02 sys=0.00, real=0.00 secs] 
3119.877: [GC (Allocation Failure) [PSYoungGen: 67424K->1501K(67584K)] 480044K->414122K(731648K), 0.0022323 secs] [Times: user=0.00 sys=0.00, real=0.00 secs] 
3120.011: [GC (Allocation Failure) [PSYoungGen: 67549K->1533K(67584K)] 480170K->414154K(731648K), 0.0016914 secs] [Times: user=0.01 sys=0.00, real=0.00 secs] 
3120.127: [GC (Allocation Failure) [PSYoungGen: 67581K->1517K(67584K)] 480202K->414154K(731648K), 0.0017987 secs] [Times: user=0.01 sys=0.00, real=0.00 secs] 
3120.243: [GC (Allocation Failure) [PSYoungGen: 67565K->1504K(72192K)] 480202K->414141K(736256K), 0.0016335 secs] [Times: user=0.01 sys=0.00, real=0.00 secs] 
3120.831: [GC (Allocation Failure) [PSYoungGen: 71648K->1408K(71168K)] 484285K->414044K(735232K), 0.0024005 secs] [Times: user=0.01 sys=0.00, real=0.00 secs] 
3121.471: [GC (Allocation Failure) [PSYoungGen: 71040K->1424K(70656K)] 483676K->414060K(734720K), 0.0024985 secs] [Times: user=0.01 sys=0.00, real=0.00 secs] 
3122.166: [GC (Allocation Failure) [PSYoungGen: 70544K->1376K(70144K)] 483180K->414012K(734208K), 0.0023406 secs] [Times: user=0.01 sys=0.00, real=0.01 secs] 
3122.981: [GC (Allocation Failure) [PSYoungGen: 69984K->1376K(69632K)] 482620K->414012K(733696K), 0.0031274 secs] [Times: user=0.02 sys=0.00, real=0.00 secs] 
3123.330: [GC (Allocation Failure) [PSYoungGen: 69465K->1485K(69120K)] 482102K->414122K(733184K), 0.0021712 secs] [Times: user=0.01 sys=0.00, real=0.00 secs] 
3123.452: [GC (Allocation Failure) [PSYoungGen: 69069K->1520K(68608K)] 481706K->414157K(732672K), 0.0018453 secs] [Times: user=0.00 sys=0.00, real=0.00 secs] 
3123.570: [GC (Allocation Failure) [PSYoungGen: 68592K->1520K(68096K)] 481229K->414157K(732160K), 0.0017655 secs] [Times: user=0.01 sys=0.00, real=0.00 secs] 
3123.687: [GC (Allocation Failure) [PSYoungGen: 68080K->1533K(71680K)] 480717K->414178K(735744K), 0.0018112 secs] [Times: user=0.01 sys=0.00, real=0.01 secs] 
3125.068: [GC (Allocation Failure) [PSYoungGen: 71165K->1392K(70656K)] 483810K->414060K(734720K), 0.0034805 secs] [Times: user=0.01 sys=0.00, real=0.00 secs] 
3125.765: [GC (Allocation Failure) [PSYoungGen: 70512K->1376K(70144K)] 483180K->414044K(734208K), 0.0030193 secs] [Times: user=0.01 sys=0.00, real=0.01 secs] 
3126.753: [GC (Allocation Failure) [PSYoungGen: 69984K->1408K(69632K)] 482652K->414076K(733696K), 0.0046215 secs] [Times: user=0.02 sys=0.00, real=0.01 secs] 
3127.710: [GC (Allocation Failure) [PSYoungGen: 69504K->1376K(69120K)] 482172K->414044K(733184K), 0.0044598 secs] [Times: user=0.02 sys=0.00, real=0.00 secs] 
3128.261: [GC (Allocation Failure) [PSYoungGen: 68960K->1533K(68608K)] 481628K->414202K(732672K), 0.0022821 secs] [Times: user=0.01 sys=0.00, real=0.00 secs] 
3128.397: [GC (Allocation Failure) [PSYoungGen: 68605K->1533K(68096K)] 481274K->414202K(732160K), 0.0020112 secs] [Times: user=0.01 sys=0.00, real=0.01 secs] 
3128.530: [GC (Allocation Failure) [PSYoungGen: 68093K->1501K(67584K)] 480762K->414170K(731648K), 0.0018235 secs] [Times: user=0.01 sys=0.00, real=0.00 secs] 
3128.677: [GC (Allocation Failure) [PSYoungGen: 67549K->1517K(72192K)] 480218K->414202K(736256K), 0.0019805 secs] [Times: user=0.01 sys=0.00, real=0.01 secs] 
3129.830: [GC (Allocation Failure) [PSYoungGen: 71661K->1472K(71168K)] 484346K->414156K(735232K), 0.0026548 secs] [Times: user=0.01 sys=0.00, real=0.00 secs] 
3130.484: [GC (Allocation Failure) [PSYoungGen: 71104K->1376K(70656K)] 483788K->414060K(734720K), 0.0029148 secs] [Times: user=0.01 sys=0.00, real=0.01 secs] 
3131.107: [GC (Allocation Failure) [PSYoungGen: 70496K->1408K(70144K)] 483180K->414092K(734208K), 0.0030270 secs] [Times: user=0.01 sys=0.01, real=0.01 secs] 
3131.757: [GC (Allocation Failure) [PSYoungGen: 70016K->1376K(69632K)] 482700K->414060K(733696K), 0.0028875 secs] [Times: user=0.01 sys=0.00, real=0.00 secs] 
3132.006: [GC (Allocation Failure) [PSYoungGen: 69472K->1501K(69120K)] 482156K->414186K(733184K), 0.0017932 secs] [Times: user=0.00 sys=0.00, real=0.01 secs] 
3132.126: [GC (Allocation Failure) [PSYoungGen: 69085K->1520K(68608K)] 481770K->414205K(732672K), 0.0017715 secs] [Times: user=0.01 sys=0.00, real=0.01 secs] 
3132.244: [GC (Allocation Failure) [PSYoungGen: 68592K->1533K(71680K)] 481277K->414218K(735744K), 0.0019628 secs] [Times: user=0.01 sys=0.00, real=0.00 secs] 
3132.690: [GC (Allocation Failure) [PSYoungGen: 71677K->1952K(71680K)] 484362K->414644K(735744K), 0.0022928 secs] [Times: user=0.01 sys=0.00, real=0.00 secs] 
3133.933: [GC (Allocation Failure) [PSYoungGen: 71584K->1376K(70656K)] 484276K->414068K(734720K), 0.0035991 secs] [Times: user=0.02 sys=0.00, real=0.00 secs] 
3135.050: [GC (Allocation Failure) [PSYoungGen: 70496K->1408K(70144K)] 483188K->414100K(734208K), 0.0038097 secs] [Times: user=0.01 sys=0.00, real=0.00 secs] 
3135.944: [GC (Allocation Failure) [PSYoungGen: 70016K->1376K(69632K)] 482708K->414092K(733696K), 0.0030287 secs] [Times: user=0.02 sys=0.01, real=0.00 secs] 
3136.751: [GC (Allocation Failure) [PSYoungGen: 69472K->1453K(69120K)] 482188K->414170K(733184K), 0.0028458 secs] [Times: user=0.02 sys=0.00, real=0.00 secs] 
3136.923: [GC (Allocation Failure) [PSYoungGen: 69037K->1533K(68608K)] 481754K->414250K(732672K), 0.0017273 secs] [Times: user=0.01 sys=0.00, real=0.00 secs] 
3137.058: [GC (Allocation Failure) [PSYoungGen: 68605K->1501K(68096K)] 481322K->414218K(732160K), 0.0019159 secs] [Times: user=0.01 sys=0.00, real=0.00 secs] 
3137.213: [GC (Allocation Failure) [PSYoungGen: 68061K->1517K(67584K)] 480778K->414234K(731648K), 0.0019553 secs] [Times: user=0.01 sys=0.00, real=0.00 secs] 
3137.546: [GC (Allocation Failure) [PSYoungGen: 67565K->1472K(67584K)] 480282K->414188K(731648K), 0.0024668 secs] [Times: user=0.01 sys=0.00, real=0.01 secs] 
3137.886: [GC (Allocation Failure) [PSYoungGen: 67520K->1376K(68096K)] 480236K->414100K(732160K), 0.0022483 secs] [Times: user=0.01 sys=0.00, real=0.01 secs] 
3138.161: [GC (Allocation Failure) [PSYoungGen: 67424K->1376K(68096K)] 480148K->414100K(732160K), 0.0019152 secs] [Times: user=0.01 sys=0.00, real=0.00 secs] 
3138.451: [GC (Allocation Failure) [PSYoungGen: 67424K->1376K(68096K)] 480148K->414100K(732160K), 0.0021140 secs] [Times: user=0.01 sys=0.00, real=0.00 secs] 
3138.740: [GC (Allocation Failure) [PSYoungGen: 67424K->1376K(68096K)] 480148K->414100K(732160K), 0.0020869 secs] [Times: user=0.01 sys=0.00, real=0.00 secs] 
3138.956: [GC (Allocation Failure) [PSYoungGen: 67424K->1501K(68096K)] 480148K->414226K(732160K), 0.0018475 secs] [Times: user=0.01 sys=0.00, real=0.01 secs] 
3139.072: [GC (Allocation Failure) [PSYoungGen: 67519K->1533K(68096K)] 480244K->414258K(732160K), 0.0017485 secs] [Times: user=0.00 sys=0.00, real=0.00 secs] 
3139.189: [GC (Allocation Failure) [PSYoungGen: 67581K->1549K(68096K)] 480306K->414290K(732160K), 0.0017701 secs] [Times: user=0.01 sys=0.00, real=0.00 secs] 
3139.307: [GC (Allocation Failure) [PSYoungGen: 67460K->256K(68096K)] 480200K->412996K(732160K), 0.0015929 secs] [Times: user=0.00 sys=0.00, real=0.00 secs] 
3139.611: [GC (Allocation Failure) [PSYoungGen: 66304K->1424K(75264K)] 479044K->414164K(739328K), 0.0019177 secs] [Times: user=0.01 sys=0.00, real=0.00 secs] 
3139.915: [GC (Allocation Failure) [PSYoungGen: 74640K->1376K(74240K)] 487380K->414116K(738304K), 0.0018234 secs] [Times: user=0.01 sys=0.00, real=0.01 secs] 
3140.217: [GC (Allocation Failure) [PSYoungGen: 74080K->1376K(73728K)] 486820K->414116K(737792K), 0.0018786 secs] [Times: user=0.00 sys=0.00, real=0.00 secs] 
3140.538: [GC (Allocation Failure) [PSYoungGen: 73568K->1421K(73216K)] 486308K->414162K(737280K), 0.0021852 secs] [Times: user=0.01 sys=0.00, real=0.00 secs] 
3140.669: [GC (Allocation Failure) [PSYoungGen: 73083K->1504K(72704K)] 485824K->414245K(736768K), 0.0017737 secs] [Times: user=0.01 sys=0.00, real=0.00 secs] 
3140.795: [GC (Allocation Failure) [PSYoungGen: 72672K->1536K(73216K)] 485413K->414277K(737280K), 0.0017850 secs] [Times: user=0.01 sys=0.00, real=0.00 secs] 
3140.921: [GC (Allocation Failure) [PSYoungGen: 72704K->1504K(80896K)] 485445K->414253K(744960K), 0.0016165 secs] [Times: user=0.00 sys=0.00, real=0.00 secs] 
3141.177: [GC (Allocation Failure) [PSYoungGen: 80352K->1456K(80896K)] 493101K->414228K(744960K), 0.0019396 secs] [Times: user=0.00 sys=0.00, real=0.01 secs] 
3141.505: [GC (Allocation Failure) [PSYoungGen: 80304K->1424K(79872K)] 493076K->414196K(743936K), 0.0019255 secs] [Times: user=0.01 sys=0.00, real=0.00 secs] 
3141.830: [GC (Allocation Failure) [PSYoungGen: 79760K->1376K(79360K)] 492532K->414148K(743424K), 0.0020744 secs] [Times: user=0.01 sys=0.00, real=0.00 secs] 
3142.195: [GC (Allocation Failure) [PSYoungGen: 79200K->1376K(78848K)] 491972K->414148K(742912K), 0.0020164 secs] [Times: user=0.01 sys=0.00, real=0.00 secs] 
3142.435: [GC (Allocation Failure) [PSYoungGen: 78688K->1520K(78336K)] 491460K->414293K(742400K), 0.0018186 secs] [Times: user=0.01 sys=0.00, real=0.00 secs] 
3142.569: [GC (Allocation Failure) [PSYoungGen: 78320K->1533K(77824K)] 491093K->414338K(741888K), 0.0017952 secs] [Times: user=0.01 sys=0.00, real=0.00 secs] 
3142.727: [GC (Allocation Failure) [PSYoungGen: 77821K->1469K(77312K)] 490626K->414282K(741376K), 0.0019174 secs] [Times: user=0.01 sys=0.00, real=0.01 secs] 
3143.399: [GC (Allocation Failure) [PSYoungGen: 77245K->1440K(76800K)] 490058K->414252K(740864K), 0.0022193 secs] [Times: user=0.01 sys=0.00, real=0.00 secs] 
3144.362: [GC (Allocation Failure) [PSYoungGen: 76704K->1376K(76288K)] 489516K->414188K(740352K), 0.0045802 secs] [Times: user=0.01 sys=0.00, real=0.00 secs] 
3145.035: [GC (Allocation Failure) [PSYoungGen: 76128K->1408K(75776K)] 488940K->414220K(739840K), 0.0032371 secs] [Times: user=0.01 sys=0.00, real=0.01 secs] 
3145.714: [GC (Allocation Failure) [PSYoungGen: 75648K->1408K(75264K)] 488460K->414220K(739328K), 0.0022467 secs] [Times: user=0.01 sys=0.00, real=0.00 secs] 
3145.917: [GC (Allocation Failure) [PSYoungGen: 75136K->1533K(74752K)] 487948K->414346K(738816K), 0.0017812 secs] [Times: user=0.01 sys=0.00, real=0.01 secs] 
3146.045: [GC (Allocation Failure) [PSYoungGen: 74738K->1517K(74240K)] 487551K->414330K(738304K), 0.0018159 secs] [Times: user=0.00 sys=0.01, real=0.01 secs] 
3146.194: [GC (Allocation Failure) [PSYoungGen: 74221K->1520K(73728K)] 487034K->414333K(737792K), 0.0017666 secs] [Times: user=0.01 sys=0.00, real=0.00 secs] 
3147.053: [GC (Allocation Failure) [PSYoungGen: 73712K->1456K(73216K)] 486525K->414268K(737280K), 0.0037520 secs] [Times: user=0.02 sys=0.00, real=0.00 secs] 
3148.191: [GC (Allocation Failure) [PSYoungGen: 73136K->1408K(72704K)] 485948K->414220K(736768K), 0.0036337 secs] [Times: user=0.02 sys=0.00, real=0.00 secs] 
3149.024: [GC (Allocation Failure) [PSYoungGen: 72576K->1376K(72192K)] 485388K->414188K(736256K), 0.0042215 secs] [Times: user=0.01 sys=0.01, real=0.01 secs] 
3149.686: [GC (Allocation Failure) [PSYoungGen: 72032K->1376K(71680K)] 484844K->414188K(735744K), 0.0037549 secs] [Times: user=0.02 sys=0.00, real=0.01 secs] 
3150.472: [GC (Allocation Failure) [PSYoungGen: 71520K->1421K(71168K)] 484332K->414234K(735232K), 0.0029308 secs] [Times: user=0.01 sys=0.00, real=0.00 secs] 
3150.695: [GC (Allocation Failure) [PSYoungGen: 71053K->1469K(70656K)] 483866K->414282K(734720K), 0.0023582 secs] [Times: user=0.01 sys=0.00, real=0.01 secs] 
3150.842: [GC (Allocation Failure) [PSYoungGen: 70589K->1504K(70144K)] 483402K->414317K(734208K), 0.0019596 secs] [Times: user=0.01 sys=0.00, real=0.00 secs] 
3150.962: [GC (Allocation Failure) [PSYoungGen: 70090K->1533K(69632K)] 482903K->414370K(733696K), 0.0018586 secs] [Times: user=0.01 sys=0.00, real=0.00 secs] 
3151.485: [GC (Allocation Failure) [PSYoungGen: 69629K->1456K(69120K)] 482466K->414292K(733184K), 0.0032572 secs] [Times: user=0.02 sys=0.00, real=0.01 secs] 
3151.762: [GC (Allocation Failure) [PSYoungGen: 69040K->1376K(68608K)] 481876K->414212K(732672K), 0.0020632 secs] [Times: user=0.01 sys=0.00, real=0.00 secs] 
3152.061: [GC (Allocation Failure) [PSYoungGen: 68448K->1376K(68096K)] 481284K->414212K(732160K), 0.0022453 secs] [Times: user=0.01 sys=0.00, real=0.00 secs] 
3152.378: [GC (Allocation Failure) [PSYoungGen: 67936K->1376K(67584K)] 480772K->414212K(731648K), 0.0022903 secs] [Times: user=0.01 sys=0.00, real=0.00 secs] 
3152.809: [GC (Allocation Failure) [PSYoungGen: 67424K->1536K(68096K)] 480260K->414373K(732160K), 0.0020406 secs] [Times: user=0.01 sys=0.00, real=0.00 secs] 
3152.933: [GC (Allocation Failure) [PSYoungGen: 67584K->477K(66560K)] 480421K->414338K(730624K), 0.0016609 secs] [Times: user=0.01 sys=0.00, real=0.00 secs] 
3153.050: [GC (Allocation Failure) [PSYoungGen: 66525K->493K(68096K)] 480386K->414354K(732160K), 0.0015745 secs] [Times: user=0.01 sys=0.00, real=0.00 secs] 
3153.184: [GC (Allocation Failure) [PSYoungGen: 66541K->493K(74752K)] 480402K->414362K(738816K), 0.0019580 secs] [Times: user=0.01 sys=0.00, real=0.00 secs] 
3153.630: [GC (Allocation Failure) [PSYoungGen: 73197K->1488K(73728K)] 487066K->415380K(737792K), 0.0022274 secs] [Times: user=0.01 sys=0.00, real=0.00 secs] 
3154.230: [GC (Allocation Failure) [PSYoungGen: 73680K->1376K(73216K)] 487572K->415268K(737280K), 0.0033879 secs] [Times: user=0.01 sys=0.00, real=0.00 secs] 
3154.607: [GC (Allocation Failure) [PSYoungGen: 73056K->1376K(72704K)] 486948K->415268K(736768K), 0.0022956 secs] [Times: user=0.00 sys=0.00, real=0.01 secs] 
3154.903: [GC (Allocation Failure) [PSYoungGen: 72544K->1392K(72192K)] 486436K->415284K(736256K), 0.0021497 secs] [Times: user=0.01 sys=0.00, real=0.00 secs] 
3155.211: [GC (Allocation Failure) [PSYoungGen: 72048K->1501K(71680K)] 485940K->415394K(735744K), 0.0017937 secs] [Times: user=0.01 sys=0.00, real=0.00 secs] 
3155.353: [GC (Allocation Failure) [PSYoungGen: 71645K->1437K(71168K)] 485538K->415330K(735232K), 0.0018745 secs] [Times: user=0.01 sys=0.00, real=0.00 secs] 
3155.507: [GC (Allocation Failure) [PSYoungGen: 71069K->1533K(70656K)] 484962K->415426K(734720K), 0.0018701 secs] [Times: user=0.01 sys=0.00, real=0.01 secs] 
3155.647: [GC (Allocation Failure) [PSYoungGen: 70653K->1533K(71168K)] 484546K->415434K(735232K), 0.0018590 secs] [Times: user=0.01 sys=0.00, real=0.00 secs] 
3156.220: [GC (Allocation Failure) [PSYoungGen: 70653K->1456K(70144K)] 484554K->415356K(734208K), 0.0028096 secs] [Times: user=0.02 sys=0.00, real=0.00 secs] 
3156.710: [GC (Allocation Failure) [PSYoungGen: 70064K->1344K(69632K)] 483964K->415244K(733696K), 0.0022339 secs] [Times: user=0.00 sys=0.00, real=0.00 secs] 
3157.003: [GC (Allocation Failure) [PSYoungGen: 69440K->1360K(69120K)] 483340K->415260K(733184K), 0.0023649 secs] [Times: user=0.01 sys=0.00, real=0.00 secs] 
3157.338: [GC (Allocation Failure) [PSYoungGen: 68944K->1376K(68608K)] 482844K->415276K(732672K), 0.0021405 secs] [Times: user=0.01 sys=0.00, real=0.00 secs] 
3157.533: [GC (Allocation Failure) [PSYoungGen: 68448K->1533K(68096K)] 482348K->415434K(732160K), 0.0018128 secs] [Times: user=0.01 sys=0.00, real=0.00 secs] 
3157.650: [GC (Allocation Failure) [PSYoungGen: 68093K->1501K(67584K)] 481994K->415402K(731648K), 0.0017672 secs] [Times: user=0.01 sys=0.00, real=0.00 secs] 
3157.767: [GC (Allocation Failure) [PSYoungGen: 67549K->1533K(68096K)] 481450K->415434K(732160K), 0.0018232 secs] [Times: user=0.01 sys=0.00, real=0.01 secs] 
3157.883: [GC (Allocation Failure) [PSYoungGen: 67581K->1485K(75264K)] 481482K->415394K(739328K), 0.0025626 secs] [Times: user=0.01 sys=0.00, real=0.00 secs] 
3160.127: [GC (Allocation Failure) [PSYoungGen: 74701K->1440K(75264K)] 488610K->415348K(739328K), 0.0048533 secs] [Times: user=0.02 sys=0.01, real=0.00 secs] 
3161.341: [GC (Allocation Failure) [PSYoungGen: 74656K->1376K(74240K)] 488564K->415284K(738304K), 0.0032487 secs] [Times: user=0.01 sys=0.00, real=0.00 secs] 
3161.778: [GC (Allocation Failure) [PSYoungGen: 74080K->1408K(73728K)] 487988K->415316K(737792K), 0.0022756 secs] [Times: user=0.01 sys=0.00, real=0.00 secs] 
3163.066: [GC (Allocation Failure) [PSYoungGen: 73600K->1453K(73216K)] 487508K->415362K(737280K), 0.0027774 secs] [Times: user=0.02 sys=0.00, real=0.01 secs] 
3163.302: [GC (Allocation Failure) [PSYoungGen: 73133K->1533K(72704K)] 487042K->415442K(736768K), 0.0023040 secs] [Times: user=0.01 sys=0.00, real=0.00 secs] 
3163.487: [GC (Allocation Failure) [PSYoungGen: 72701K->1488K(72192K)] 486610K->415397K(736256K), 0.0022264 secs] [Times: user=0.01 sys=0.00, real=0.01 secs] 
3163.659: [GC (Allocation Failure) [PSYoungGen: 72144K->1517K(71680K)] 486053K->415426K(735744K), 0.0020654 secs] [Times: user=0.01 sys=0.00, real=0.00 secs] 
3164.282: [GC (Allocation Failure) [PSYoungGen: 71661K->1392K(71168K)] 485570K->415308K(735232K), 0.0049157 secs] [Times: user=0.02 sys=0.00, real=0.01 secs] 
3164.832: [GC (Allocation Failure) [PSYoungGen: 71024K->1376K(70656K)] 484940K->415292K(734720K), 0.0026903 secs] [Times: user=0.01 sys=0.00, real=0.00 secs] 
3165.111: [GC (Allocation Failure) [PSYoungGen: 70496K->1376K(70144K)] 484412K->415292K(734208K), 0.0020270 secs] [Times: user=0.01 sys=0.00, real=0.00 secs] 
3165.397: [GC (Allocation Failure) [PSYoungGen: 69984K->1376K(69632K)] 483900K->415292K(733696K), 0.0032888 secs] [Times: user=0.01 sys=0.00, real=0.00 secs] 
3165.660: [GC (Allocation Failure) [PSYoungGen: 69472K->1472K(69120K)] 483388K->415389K(733184K), 0.0020303 secs] [Times: user=0.01 sys=0.00, real=0.00 secs] 
3165.789: [GC (Allocation Failure) [PSYoungGen: 69056K->1565K(69120K)] 482973K->415498K(733184K), 0.0018007 secs] [Times: user=0.01 sys=0.00, real=0.00 secs] 
3165.926: [GC (Allocation Failure) [PSYoungGen: 68637K->509K(74752K)] 482570K->415466K(738816K), 0.0018935 secs] [Times: user=0.01 sys=0.00, real=0.01 secs] 
3166.091: [GC (Allocation Failure) [PSYoungGen: 74749K->493K(76288K)] 489706K->415450K(740352K), 0.0020540 secs] [Times: user=0.01 sys=0.00, real=0.00 secs] 
3166.375: [GC (Allocation Failure) [PSYoungGen: 74733K->1408K(83456K)] 489690K->416372K(747520K), 0.0024192 secs] [Times: user=0.01 sys=0.00, real=0.01 secs] 
3166.716: [GC (Allocation Failure) [PSYoungGen: 83328K->1408K(83968K)] 498292K->416372K(748032K), 0.0056436 secs] [Times: user=0.01 sys=0.02, real=0.01 secs] 
3167.059: [GC (Allocation Failure) [PSYoungGen: 83328K->1392K(92160K)] 498292K->416356K(756224K), 0.0023295 secs] [Times: user=0.01 sys=0.00, real=0.00 secs] 
3167.452: [GC (Allocation Failure) [PSYoungGen: 92016K->1533K(91648K)] 506980K->416498K(755712K), 0.0028807 secs] [Times: user=0.01 sys=0.00, real=0.00 secs] 
3167.645: [GC (Allocation Failure) [PSYoungGen: 91645K->1549K(91648K)] 506610K->416514K(755712K), 0.0017871 secs] [Times: user=0.00 sys=0.00, real=0.01 secs] 
3167.804: [GC (Allocation Failure) [PSYoungGen: 91149K->1584K(91136K)] 506114K->416549K(755200K), 0.0018678 secs] [Times: user=0.01 sys=0.00, real=0.00 secs] 
3169.192: [GC (Allocation Failure) [PSYoungGen: 90672K->400K(89600K)] 505637K->416388K(753664K), 0.0032274 secs] [Times: user=0.01 sys=0.01, real=0.00 secs] 
3170.314: [GC (Allocation Failure) [PSYoungGen: 88976K->320K(88576K)] 504964K->416308K(752640K), 0.0028484 secs] [Times: user=0.01 sys=0.00, real=0.00 secs] 
3170.743: [GC (Allocation Failure) [PSYoungGen: 88384K->384K(89600K)] 504372K->416372K(753664K), 0.0022070 secs] [Times: user=0.01 sys=0.00, real=0.00 secs] 
3171.172: [GC (Allocation Failure) [PSYoungGen: 87936K->1517K(88576K)] 503924K->417506K(752640K), 0.0019598 secs] [Times: user=0.01 sys=0.00, real=0.00 secs] 
3171.325: [GC (Allocation Failure) [PSYoungGen: 88557K->1568K(88576K)] 504546K->417557K(752640K), 0.0018340 secs] [Times: user=0.01 sys=0.00, real=0.01 secs] 
3171.504: [GC (Allocation Failure) [PSYoungGen: 88096K->1533K(87552K)] 504085K->417522K(751616K), 0.0019305 secs] [Times: user=0.01 sys=0.00, real=0.00 secs] 
3172.692: [GC (Allocation Failure) [PSYoungGen: 87549K->1440K(87552K)] 503538K->417428K(751616K), 0.0049478 secs] [Times: user=0.02 sys=0.00, real=0.00 secs] 
3173.608: [GC (Allocation Failure) [PSYoungGen: 86944K->1376K(86528K)] 502932K->417364K(750592K), 0.0025186 secs] [Times: user=0.01 sys=0.00, real=0.00 secs] 
3174.279: [GC (Allocation Failure) [PSYoungGen: 86368K->1408K(86528K)] 502356K->417396K(750592K), 0.0023294 secs] [Times: user=0.01 sys=0.00, real=0.00 secs] 
3174.925: [GC (Allocation Failure) [PSYoungGen: 85888K->1376K(85504K)] 501876K->417364K(749568K), 0.0021824 secs] [Times: user=0.01 sys=0.00, real=0.01 secs] 
3175.132: [GC (Allocation Failure) [PSYoungGen: 85344K->1533K(85504K)] 501332K->417522K(749568K), 0.0018155 secs] [Times: user=0.01 sys=0.00, real=0.00 secs] 
3175.278: [GC (Allocation Failure) [PSYoungGen: 84989K->1533K(84480K)] 500978K->417522K(748544K), 0.0017371 secs] [Times: user=0.00 sys=0.00, real=0.00 secs] 
3175.424: [GC (Allocation Failure) [PSYoungGen: 84477K->1549K(84480K)] 500466K->417538K(748544K), 0.0018139 secs] [Times: user=0.01 sys=0.00, real=0.00 secs] 
3176.474: [GC (Allocation Failure) [PSYoungGen: 83981K->1408K(83456K)] 499970K->417404K(747520K), 0.0023538 secs] [Times: user=0.01 sys=0.00, real=0.00 secs] 
3176.967: [GC (Allocation Failure) [PSYoungGen: 83328K->1376K(82944K)] 499324K->417372K(747008K), 0.0022780 secs] [Times: user=0.01 sys=0.00, real=0.00 secs] 
3177.796: [GC (Allocation Failure) [PSYoungGen: 82784K->1440K(82432K)] 498780K->417444K(746496K), 0.0026722 secs] [Times: user=0.01 sys=0.00, real=0.01 secs] 
3179.632: [GC (Allocation Failure) [PSYoungGen: 82336K->1533K(81920K)] 498340K->417538K(745984K), 0.0028169 secs] [Times: user=0.01 sys=0.00, real=0.00 secs] 
3179.816: [GC (Allocation Failure) [PSYoungGen: 81917K->1533K(81408K)] 497922K->417538K(745472K), 0.0019447 secs] [Times: user=0.01 sys=0.00, real=0.01 secs] 
3179.980: [GC (Allocation Failure) [PSYoungGen: 81405K->1520K(80896K)] 497410K->417557K(744960K), 0.0018924 secs] [Times: user=0.00 sys=0.00, real=0.00 secs] 
3180.216: [GC (Allocation Failure) [PSYoungGen: 80880K->1472K(80384K)] 496917K->417508K(744448K), 0.0022777 secs] [Times: user=0.00 sys=0.00, real=0.01 secs] 
3180.552: [GC (Allocation Failure) [PSYoungGen: 80320K->1360K(79872K)] 496356K->417396K(743936K), 0.0020814 secs] [Times: user=0.01 sys=0.00, real=0.00 secs] 
3180.878: [GC (Allocation Failure) [PSYoungGen: 79696K->1376K(79360K)] 495732K->417412K(743424K), 0.0022772 secs] [Times: user=0.01 sys=0.00, real=0.00 secs] 
3181.203: [GC (Allocation Failure) [PSYoungGen: 79200K->1376K(78848K)] 495236K->417412K(742912K), 0.0019284 secs] [Times: user=0.01 sys=0.00, real=0.00 secs] 
3181.459: [GC (Allocation Failure) [PSYoungGen: 78688K->1469K(78336K)] 494724K->417506K(742400K), 0.0018096 secs] [Times: user=0.01 sys=0.00, real=0.00 secs] 
3181.592: [GC (Allocation Failure) [PSYoungGen: 78269K->1533K(77824K)] 494306K->417570K(741888K), 0.0017768 secs] [Times: user=0.00 sys=0.00, real=0.00 secs] 
3181.726: [GC (Allocation Failure) [PSYoungGen: 77821K->1533K(77312K)] 493858K->417570K(741376K), 0.0017918 secs] [Times: user=0.01 sys=0.00, real=0.01 secs] 
3181.992: [GC (Allocation Failure) [PSYoungGen: 77309K->1456K(76800K)] 493346K->417492K(740864K), 0.0018362 secs] [Times: user=0.00 sys=0.00, real=0.00 secs] 
3182.689: [GC (Allocation Failure) [PSYoungGen: 76720K->1376K(76288K)] 492756K->417412K(740352K), 0.0025100 secs] [Times: user=0.01 sys=0.00, real=0.00 secs] 
3183.318: [GC (Allocation Failure) [PSYoungGen: 76128K->1376K(75776K)] 492164K->417412K(739840K), 0.0024018 secs] [Times: user=0.01 sys=0.00, real=0.00 secs] 
3183.871: [GC (Allocation Failure) [PSYoungGen: 75616K->1376K(75264K)] 491652K->417412K(739328K), 0.0025419 secs] [Times: user=0.01 sys=0.00, real=0.00 secs] 
3184.677: [GC (Allocation Failure) [PSYoungGen: 75104K->1501K(74752K)] 491140K->417562K(738816K), 0.0023588 secs] [Times: user=0.01 sys=0.00, real=0.00 secs] 
3184.868: [GC (Allocation Failure) [PSYoungGen: 74717K->1517K(74240K)] 490778K->417578K(738304K), 0.0024855 secs] [Times: user=0.01 sys=0.00, real=0.00 secs] 
3185.071: [GC (Allocation Failure) [PSYoungGen: 74221K->1469K(73728K)] 490282K->417530K(737792K), 0.0024991 secs] [Times: user=0.00 sys=0.01, real=0.00 secs] 
3185.225: [GC (Allocation Failure) [PSYoungGen: 73661K->1469K(73216K)] 489722K->417530K(737280K), 0.0019282 secs] [Times: user=0.00 sys=0.00, real=0.00 secs] 
3187.009: [GC (Allocation Failure) [PSYoungGen: 73149K->1520K(72704K)] 489210K->419220K(736768K), 0.0027926 secs] [Times: user=0.01 sys=0.00, real=0.00 secs] 
3193.915: [GC (Allocation Failure) [PSYoungGen: 72688K->2528K(73216K)] 490388K->430121K(737280K), 0.0213508 secs] [Times: user=0.08 sys=0.04, real=0.02 secs] 
3198.345: [GC (Allocation Failure) [PSYoungGen: 73184K->6640K(66560K)] 500777K->460154K(730624K), 0.0461431 secs] [Times: user=0.20 sys=0.06, real=0.05 secs] 
3201.223: [GC (Allocation Failure) [PSYoungGen: 66544K->17376K(77312K)] 520058K->486929K(741376K), 0.0224994 secs] [Times: user=0.11 sys=0.01, real=0.02 secs] 
3203.775: [GC (Allocation Failure) [PSYoungGen: 77280K->26080K(74240K)] 546833K->513809K(738304K), 0.0352739 secs] [Times: user=0.13 sys=0.07, real=0.04 secs] 
3203.862: [GC (Allocation Failure) [PSYoungGen: 74208K->37857K(86016K)] 561937K->535835K(750080K), 0.0232582 secs] [Times: user=0.08 sys=0.05, real=0.02 secs] 
3203.930: [GC (Allocation Failure) [PSYoungGen: 85985K->48608K(92160K)] 583963K->558857K(756224K), 0.0192045 secs] [Times: user=0.07 sys=0.04, real=0.02 secs] 
3203.980: [GC (Allocation Failure) [PSYoungGen: 92128K->61921K(105472K)] 602377K->579699K(769536K), 0.0161675 secs] [Times: user=0.09 sys=0.00, real=0.01 secs] 
3204.026: [GC (Allocation Failure) [PSYoungGen: 105441K->76256K(112128K)] 623219K->600602K(776192K), 0.0195910 secs] [Times: user=0.10 sys=0.02, real=0.02 secs] 
3204.061: [GC (Allocation Failure) [PSYoungGen: 112096K->91712K(128512K)] 636442K->617199K(792576K), 0.0205288 secs] [Times: user=0.12 sys=0.00, real=0.02 secs] 
3204.106: [GC (Allocation Failure) [PSYoungGen: 127552K->107072K(132608K)] 653039K->634103K(796672K), 0.0515673 secs] [Times: user=0.20 sys=0.10, real=0.06 secs] 
3216.437: [GC (Allocation Failure) [PSYoungGen: 131136K->73584K(151552K)] 658167K->644768K(815616K), 0.0992695 secs] [Times: user=0.49 sys=0.09, real=0.09 secs] 
3216.788: [GC (Allocation Failure) [PSYoungGen: 97648K->38240K(145920K)] 668832K->655359K(809984K), 0.0836797 secs] [Times: user=0.43 sys=0.07, real=0.08 secs] 
3217.663: [GC (Allocation Failure) [PSYoungGen: 65878K->23488K(152576K)] 682997K->668231K(816640K), 0.0337322 secs] [Times: user=0.14 sys=0.03, real=0.04 secs] 
3217.697: [Full GC (Ergonomics) [PSYoungGen: 23488K->0K(152576K)] [ParOldGen: 644743K->257014K(671744K)] 668231K->257014K(824320K), [Metaspace: 59949K->59853K(1105920K)], 0.5626560 secs] [Times: user=2.22 sys=0.01, real=0.56 secs] 
3218.416: [GC (Allocation Failure) [PSYoungGen: 29184K->5843K(152576K)] 286198K->262857K(824320K), 0.0040718 secs] [Times: user=0.02 sys=0.00, real=0.01 secs] 
3218.503: [GC (Allocation Failure) [PSYoungGen: 41171K->96K(153600K)] 298185K->262555K(825344K), 0.0030577 secs] [Times: user=0.01 sys=0.01, real=0.00 secs] 
3218.571: [GC (GCLocker Initiated GC) [PSYoungGen: 35424K->3952K(154624K)] 297884K->266420K(826368K), 0.0030937 secs] [Times: user=0.01 sys=0.00, real=0.00 secs] 
3218.637: [GC (Allocation Failure) [PSYoungGen: 46448K->16304K(157184K)] 308918K->282427K(828928K), 0.0067869 secs] [Times: user=0.03 sys=0.00, real=0.01 secs] 
3218.680: [GC (Allocation Failure) [PSYoungGen: 58800K->22112K(147968K)] 324923K->303411K(819712K), 0.0095409 secs] [Times: user=0.06 sys=0.00, real=0.01 secs] 
3218.726: [GC (Allocation Failure) [PSYoungGen: 73312K->25408K(154112K)] 354611K->324603K(825856K), 0.0119049 secs] [Times: user=0.06 sys=0.00, real=0.02 secs] 
3218.775: [GC (Allocation Failure) [PSYoungGen: 76608K->24480K(146944K)] 375803K->348943K(818688K), 0.0157251 secs] [Times: user=0.09 sys=0.00, real=0.02 secs] 
3218.830: [GC (Allocation Failure) [PSYoungGen: 85920K->32512K(152576K)] 410383K->381395K(824320K), 0.0178238 secs] [Times: user=0.10 sys=0.00, real=0.02 secs] 
3218.890: [GC (Allocation Failure) [PSYoungGen: 93952K->29600K(148480K)] 442835K->410803K(820224K), 0.0191016 secs] [Times: user=0.11 sys=0.00, real=0.02 secs] 
3220.053: [GC (GCLocker Initiated GC) [PSYoungGen: 103328K->35088K(154112K)] 484531K->445812K(825856K), 0.1529562 secs] [Times: user=0.91 sys=0.00, real=0.15 secs] 
3220.458: [GC (Allocation Failure) [PSYoungGen: 108816K->41088K(163840K)] 519541K->486841K(835584K), 0.0496301 secs] [Times: user=0.29 sys=0.01, real=0.05 secs] 
3221.880: [GC (Allocation Failure) [PSYoungGen: 129152K->28736K(164864K)] 574905K->515305K(836608K), 0.0307134 secs] [Times: user=0.18 sys=0.00, real=0.03 secs] 
3222.079: [GC (Allocation Failure) [PSYoungGen: 116800K->6000K(178176K)] 603369K->521297K(849920K), 0.0506087 secs] [Times: user=0.30 sys=0.00, real=0.05 secs] 
3222.541: [GC (Allocation Failure) [PSYoungGen: 108899K->43904K(178176K)] 624196K->564053K(849920K), 0.0138942 secs] [Times: user=0.08 sys=0.00, real=0.01 secs] 
3222.910: [GC (Allocation Failure) [PSYoungGen: 143607K->48064K(198144K)] 663757K->609574K(869888K), 0.0488404 secs] [Times: user=0.28 sys=0.01, real=0.05 secs] 
3223.113: [GC (Allocation Failure) [PSYoungGen: 171968K->62560K(200192K)] 733478K->667870K(871936K), 0.0456078 secs] [Times: user=0.27 sys=0.00, real=0.05 secs] 
3223.254: [GC (Allocation Failure) [PSYoungGen: 186464K->67168K(224256K)] 791774K->726718K(896000K), 0.0350972 secs] [Times: user=0.19 sys=0.02, real=0.04 secs] 
3223.290: [Full GC (Ergonomics) [PSYoungGen: 67168K->0K(224256K)] [ParOldGen: 659550K->223707K(685056K)] 726718K->223707K(909312K), [Metaspace: 59998K->59998K(1105920K)], 0.5326189 secs] [Times: user=2.42 sys=0.00, real=0.53 secs] 
3226.135: [GC (Allocation Failure) [PSYoungGen: 140800K->30384K(231424K)] 364507K->254091K(916480K), 0.0367357 secs] [Times: user=0.22 sys=0.00, real=0.04 secs] 
3228.070: [GC (Allocation Failure) [PSYoungGen: 171184K->48384K(246784K)] 394891K->301915K(931840K), 0.0807453 secs] [Times: user=0.47 sys=0.00, real=0.08 secs] 
3228.378: [GC (Allocation Failure) [PSYoungGen: 211712K->77728K(248832K)] 465243K->376372K(933888K), 0.0435845 secs] [Times: user=0.26 sys=0.00, real=0.04 secs] 
3228.563: [GC (Allocation Failure) [PSYoungGen: 241056K->86400K(274944K)] 539700K->454556K(960000K), 0.0527236 secs] [Times: user=0.25 sys=0.05, real=0.05 secs] 
3229.603: [GC (Allocation Failure) [PSYoungGen: 265600K->41440K(285696K)] 633756K->495904K(970752K), 0.0437669 secs] [Times: user=0.26 sys=0.00, real=0.04 secs] 
3231.683: [GC (Allocation Failure) [PSYoungGen: 220640K->72832K(305664K)] 675104K->567685K(990720K), 0.0700336 secs] [Times: user=0.39 sys=0.02, real=0.07 secs] 
3236.374: [GC (Allocation Failure) [PSYoungGen: 277120K->98848K(310272K)] 771973K->662157K(995328K), 0.1284820 secs] [Times: user=0.77 sys=0.00, real=0.13 secs] 
3241.124: [GC (Allocation Failure) [PSYoungGen: 303136K->78720K(351232K)] 866445K->732509K(1036288K), 0.0538109 secs] [Times: user=0.30 sys=0.02, real=0.06 secs] 
3241.178: [Full GC (Ergonomics) [PSYoungGen: 78720K->0K(351232K)] [ParOldGen: 653789K->252202K(801792K)] 732509K->252202K(1153024K), [Metaspace: 60002K->60002K(1105920K)], 0.5548525 secs] [Times: user=2.40 sys=0.00, real=0.55 secs] 
3242.290: [GC (Allocation Failure) [PSYoungGen: 232448K->75168K(353792K)] 484650K->327370K(1155584K), 0.0235863 secs] [Times: user=0.13 sys=0.00, real=0.02 secs] 
3242.952: [GC (Allocation Failure) [PSYoungGen: 307419K->113376K(371200K)] 559621K->434782K(1172992K), 0.0723507 secs] [Times: user=0.39 sys=0.04, real=0.07 secs] 
3244.516: [GC (Allocation Failure) [PSYoungGen: 362720K->79024K(385024K)] 684126K->505279K(1186816K), 0.0636547 secs] [Times: user=0.38 sys=0.01, real=0.07 secs] 
3246.800: [GC (Allocation Failure) [PSYoungGen: 328368K->113328K(406016K)] 754623K->616536K(1207808K), 0.0517651 secs] [Times: user=0.29 sys=0.01, real=0.05 secs] 
3251.875: [GC (Allocation Failure) [PSYoungGen: 380235K->145376K(417280K)] 883443K->766695K(1219072K), 0.0689992 secs] [Times: user=0.41 sys=0.00, real=0.07 secs] 
3254.012: [GC (Allocation Failure) [PSYoungGen: 417248K->78736K(499712K)] 1038567K->808752K(1301504K), 0.1175560 secs] [Times: user=0.55 sys=0.10, real=0.12 secs] 
3254.129: [Full GC (Ergonomics) [PSYoungGen: 78736K->0K(499712K)] [ParOldGen: 730015K->94431K(740352K)] 808752K->94431K(1240064K), [Metaspace: 60016K->60016K(1105920K)], 0.2179745 secs] [Times: user=0.98 sys=0.00, real=0.22 secs] 
3259.693: [GC (Allocation Failure) [PSYoungGen: 290304K->135840K(489472K)] 384735K->230271K(1229824K), 0.0813339 secs] [Times: user=0.47 sys=0.01, real=0.08 secs] 
3262.914: [GC (GCLocker Initiated GC) [PSYoungGen: 426144K->83728K(486912K)] 520576K->313528K(1227264K), 0.0583865 secs] [Times: user=0.34 sys=0.01, real=0.06 secs] 
3264.696: [GC (Allocation Failure) [PSYoungGen: 377616K->129120K(489984K)] 623803K->453431K(1230336K), 0.3765766 secs] [Times: user=2.07 sys=0.01, real=0.38 secs] 
3267.842: [GC (Allocation Failure) [PSYoungGen: 423008K->83584K(489472K)] 747319K->537191K(1229824K), 0.4373050 secs] [Times: user=2.61 sys=0.01, real=0.44 secs] 
3268.749: [GC (Allocation Failure) [PSYoungGen: 387200K->142000K(494592K)] 840807K->675840K(1234944K), 0.0464382 secs] [Times: user=0.27 sys=0.01, real=0.04 secs] 
3272.076: [GC (Allocation Failure) [PSYoungGen: 445616K->97952K(496640K)] 979456K->764960K(1236992K), 0.1443695 secs] [Times: user=0.85 sys=0.01, real=0.15 secs] 
3272.221: [Full GC (Ergonomics) [PSYoungGen: 97952K->0K(496640K)] [ParOldGen: 667008K->43351K(751104K)] 764960K->43351K(1247744K), [Metaspace: 60019K->60019K(1105920K)], 0.1146868 secs] [Times: user=0.46 sys=0.00, real=0.11 secs] 
3273.330: [GC (Allocation Failure) [PSYoungGen: 308736K->145952K(498176K)] 352087K->189303K(1249280K), 0.0295038 secs] [Times: user=0.18 sys=0.00, real=0.03 secs] 
3277.778: [GC (Allocation Failure) [PSYoungGen: 454688K->101104K(500224K)] 498039K->281184K(1251328K), 0.0640149 secs] [Times: user=0.38 sys=0.00, real=0.06 secs] 
3279.250: [GC (Allocation Failure) [PSYoungGen: 412912K->143648K(500736K)] 592992K->422852K(1251840K), 0.0557138 secs] [Times: user=0.33 sys=0.00, real=0.05 secs] 
3282.525: [GC (Allocation Failure) [PSYoungGen: 455456K->103264K(499712K)] 734660K->517624K(1250816K), 0.1608505 secs] [Times: user=0.96 sys=0.00, real=0.16 secs] 
3284.977: [GC (Allocation Failure) [PSYoungGen: 418144K->143728K(501760K)] 832504K->658934K(1252864K), 0.0518456 secs] [Times: user=0.30 sys=0.00, real=0.05 secs] 
3287.189: [GC (GCLocker Initiated GC) [PSYoungGen: 458608K->104992K(503296K)] 973815K->754142K(1254400K), 0.1702392 secs] [Times: user=1.01 sys=0.01, real=0.17 secs] 
3287.359: [Full GC (Ergonomics) [PSYoungGen: 104992K->0K(503296K)] [ParOldGen: 649150K->33943K(794624K)] 754142K->33943K(1297920K), [Metaspace: 60031K->60031K(1105920K)], 0.0957814 secs] [Times: user=0.38 sys=0.00, real=0.09 secs] 
3288.441: [GC (Allocation Failure) [PSYoungGen: 319488K->156224K(476160K)] 353451K->190187K(1270784K), 0.0297960 secs] [Times: user=0.17 sys=0.00, real=0.03 secs] 
3293.463: [GC (Allocation Failure) [PSYoungGen: 475712K->110096K(510976K)] 509675K->283192K(1305600K), 0.0951248 secs] [Times: user=0.57 sys=0.00, real=0.10 secs] 
3294.685: [GC (Allocation Failure) [PSYoungGen: 426000K->145264K(503808K)] 599096K->426252K(1298432K), 0.0531734 secs] [Times: user=0.31 sys=0.00, real=0.06 secs] 
3296.937: [GC (Allocation Failure) [PSYoungGen: 460540K->103824K(504832K)] 741528K->521620K(1299456K), 0.0649055 secs] [Times: user=0.38 sys=0.01, real=0.07 secs] 
3298.259: [GC (Allocation Failure) [PSYoungGen: 422800K->155744K(475136K)] 840596K->675380K(1269760K), 0.0528333 secs] [Times: user=0.30 sys=0.01, real=0.05 secs] 
3300.143: [GC (Allocation Failure) [PSYoungGen: 474720K->108416K(509952K)] 994356K->766652K(1304576K), 0.1110121 secs] [Times: user=0.66 sys=0.01, real=0.11 secs] 
3300.254: [Full GC (Ergonomics) [PSYoungGen: 108416K->0K(509952K)] [ParOldGen: 658236K->47848K(852480K)] 766652K->47848K(1362432K), [Metaspace: 60051K->60051K(1105920K)], 0.1053805 secs] [Times: user=0.46 sys=0.00, real=0.11 secs] 
3301.378: [GC (Allocation Failure) [PSYoungGen: 315392K->147312K(504320K)] 363240K->195169K(1356800K), 0.0296045 secs] [Times: user=0.18 sys=0.00, real=0.03 secs] 
3305.787: [GC (Allocation Failure) [PSYoungGen: 462704K->101024K(506368K)] 510561K->287501K(1358848K), 0.1656677 secs] [Times: user=0.91 sys=0.00, real=0.16 secs] 
3307.720: [GC (Allocation Failure) [PSYoungGen: 418464K->149600K(467456K)] 604941K->433814K(1319936K), 0.0504700 secs] [Times: user=0.30 sys=0.00, real=0.05 secs] 
3311.196: [GC (Allocation Failure) [PSYoungGen: 467040K->102352K(509440K)] 751254K->527450K(1361920K), 0.0946282 secs] [Times: user=0.55 sys=0.01, real=0.10 secs] 
3311.977: [GC (Allocation Failure) [PSYoungGen: 418768K->158960K(475648K)] 843866K->682831K(1328128K), 0.0517235 secs] [Times: user=0.31 sys=0.00, real=0.06 secs] 
3314.972: [GC (Allocation Failure) [PSYoungGen: 475376K->103744K(505856K)] 999247K->769863K(1358336K), 0.1507609 secs] [Times: user=0.90 sys=0.01, real=0.15 secs] 
3315.123: [Full GC (Ergonomics) [PSYoungGen: 103744K->0K(505856K)] [ParOldGen: 666118K->50764K(885248K)] 769863K->50764K(1391104K), [Metaspace: 60062K->60062K(1105920K)], 0.1429953 secs] [Times: user=0.62 sys=0.00, real=0.14 secs] 
3316.122: [GC (Allocation Failure) [PSYoungGen: 308736K->144256K(501760K)] 359500K->195020K(1387008K), 0.0307342 secs] [Times: user=0.16 sys=0.00, real=0.03 secs] 
3319.451: [GC (GCLocker Initiated GC) [PSYoungGen: 452992K->99984K(503296K)] 503757K->286510K(1388544K), 0.1690865 secs] [Times: user=1.00 sys=0.00, real=0.17 secs] 
3320.896: [GC (Allocation Failure) [PSYoungGen: 411280K->144976K(502784K)] 597807K->427920K(1388032K), 0.0499015 secs] [Times: user=0.28 sys=0.01, real=0.05 secs] 
3325.942: [GC (Allocation Failure) [PSYoungGen: 456272K->98944K(503808K)] 739216K->517215K(1389056K), 0.1405961 secs] [Times: user=0.84 sys=0.00, real=0.14 secs] 
3326.625: [GC (Allocation Failure) [PSYoungGen: 413312K->147552K(504832K)] 831583K->662524K(1390080K), 0.0506675 secs] [Times: user=0.30 sys=0.00, real=0.05 secs] 
3330.477: [GC (Allocation Failure) [PSYoungGen: 461920K->103744K(504832K)] 976892K->757824K(1390080K), 0.1668816 secs] [Times: user=1.00 sys=0.00, real=0.17 secs] 
3332.727: [GC (Allocation Failure) [PSYoungGen: 419136K->145568K(505344K)] 1073216K->900425K(1390592K), 0.0524467 secs] [Times: user=0.30 sys=0.00, real=0.06 secs] 
3332.779: [Full GC (Ergonomics) [PSYoungGen: 145568K->0K(505344K)] [ParOldGen: 754857K->180196K(1038336K)] 900425K->180196K(1543680K), [Metaspace: 60073K->60073K(1105920K)], 0.4194164 secs] [Times: user=1.95 sys=0.00, real=0.42 secs] 
3335.999: [GC (Allocation Failure) [PSYoungGen: 315392K->103872K(504320K)] 495588K->284068K(1542656K), 0.1109683 secs] [Times: user=0.65 sys=0.00, real=0.11 secs] 
3337.919: [GC (Allocation Failure) [PSYoungGen: 421312K->155376K(473088K)] 601508K->437742K(1511424K), 0.0619255 secs] [Times: user=0.37 sys=0.00, real=0.06 secs] 
3341.524: [GC (Allocation Failure) [PSYoungGen: 472816K->101952K(507392K)] 755182K->523209K(1545728K), 0.0791339 secs] [Times: user=0.47 sys=0.00, real=0.08 secs] 
3343.137: [GC (Allocation Failure) [PSYoungGen: 415296K->144864K(504832K)] 836553K->666070K(1543168K), 0.1071925 secs] [Times: user=0.64 sys=0.00, real=0.10 secs] 
3346.856: [GC (Allocation Failure) [PSYoungGen: 458208K->101504K(503808K)] 979414K->759106K(1542144K), 0.1487180 secs] [Times: user=0.74 sys=0.00, real=0.15 secs] 
3348.862: [GC (Allocation Failure) [PSYoungGen: 416384K->145536K(504832K)] 1073986K->901631K(1543168K), 0.0513245 secs] [Times: user=0.30 sys=0.00, real=0.05 secs] 
3350.694: [GC (Allocation Failure) [PSYoungGen: 460416K->104992K(504320K)] 1216511K->997607K(1542656K), 0.1050027 secs] [Times: user=0.43 sys=0.16, real=0.11 secs] 
3350.799: [Full GC (Ergonomics) [PSYoungGen: 104992K->0K(504320K)] [ParOldGen: 892615K->34389K(922624K)] 997607K->34389K(1426944K), [Metaspace: 60079K->60079K(1105920K)], 0.0580071 secs] [Times: user=0.21 sys=0.00, real=0.06 secs] 
3353.383: [GC (Allocation Failure) [PSYoungGen: 317440K->146272K(505856K)] 351829K->180661K(1428480K), 0.0290449 secs] [Times: user=0.17 sys=0.00, real=0.03 secs] 
3355.471: [GC (Allocation Failure) [PSYoungGen: 463712K->108608K(505344K)] 498101K->279981K(1427968K), 0.1594011 secs] [Times: user=0.94 sys=0.01, real=0.16 secs] 
3356.481: [GC (Allocation Failure) [PSYoungGen: 428608K->148128K(506880K)] 599981K->425654K(1429504K), 0.0531195 secs] [Times: user=0.31 sys=0.00, real=0.05 secs] 
3358.973: [GC (Allocation Failure) [PSYoungGen: 468128K->103552K(509952K)] 745654K->520698K(1432576K), 0.1608844 secs] [Times: user=0.94 sys=0.01, real=0.16 secs] 
3360.851: [GC (Allocation Failure) [PSYoungGen: 425600K->151136K(473600K)] 842746K->668071K(1396224K), 0.0516770 secs] [Times: user=0.31 sys=0.00, real=0.05 secs] 
3362.546: [GC (GCLocker Initiated GC) [PSYoungGen: 473184K->108352K(511488K)] 990120K->767564K(1434112K), 0.1268740 secs] [Times: user=0.75 sys=0.00, real=0.13 secs] 
3363.420: [GC (Allocation Failure) [PSYoungGen: 428864K->161360K(482304K)] 1088078K->925068K(1404928K), 0.0757743 secs] [Times: user=0.45 sys=0.00, real=0.07 secs] 
3363.496: [Full GC (Ergonomics) [PSYoungGen: 161360K->0K(482304K)] [ParOldGen: 763707K->196971K(1117184K)] 925068K->196971K(1599488K), [Metaspace: 60081K->60081K(1105920K)], 0.4765925 secs] [Times: user=2.23 sys=0.01, real=0.48 secs] 
3368.593: [GC (Allocation Failure) [PSYoungGen: 320512K->101696K(505856K)] 517483K->298667K(1623040K), 0.0909563 secs] [Times: user=0.53 sys=0.00, real=0.09 secs] 
3369.641: [GC (Allocation Failure) [PSYoungGen: 412480K->146240K(503808K)] 609451K->440767K(1620992K), 0.0489839 secs] [Times: user=0.29 sys=0.00, real=0.05 secs] 
3372.684: [GC (Allocation Failure) [PSYoungGen: 457024K->97504K(504832K)] 751551K->529580K(1622016K), 0.1629954 secs] [Times: user=0.96 sys=0.00, real=0.17 secs] 
3374.852: [GC (Allocation Failure) [PSYoungGen: 409312K->146832K(504320K)] 841388K->672457K(1621504K), 0.0488584 secs] [Times: user=0.29 sys=0.01, real=0.05 secs] 
3376.322: [GC (Allocation Failure) [PSYoungGen: 458640K->103040K(502272K)] 984265K->766348K(1619456K), 0.0944082 secs] [Times: user=0.56 sys=0.01, real=0.09 secs] 
3377.308: [GC (Allocation Failure) [PSYoungGen: 415872K->147520K(503808K)] 1079180K->910413K(1620992K), 0.0518495 secs] [Times: user=0.31 sys=0.00, real=0.05 secs] 
3381.146: [GC (Allocation Failure) [PSYoungGen: 460352K->100992K(505856K)] 1223245K->1002937K(1623040K), 0.1559598 secs] [Times: user=0.91 sys=0.01, real=0.16 secs] 
3383.489: [GC (Allocation Failure) [PSYoungGen: 415872K->145312K(505856K)] 1317817K->1145182K(1623040K), 0.0575377 secs] [Times: user=0.31 sys=0.03, real=0.05 secs] 
3383.547: [Full GC (Ergonomics) [PSYoungGen: 145312K->0K(505856K)] [ParOldGen: 999870K->182337K(1141760K)] 1145182K->182337K(1647616K), [Metaspace: 60089K->60089K(1105920K)], 0.4429222 secs] [Times: user=2.07 sys=0.00, real=0.45 secs] 
3385.577: [GC (Allocation Failure) [PSYoungGen: 314880K->104544K(502784K)] 497217K->286881K(1644544K), 0.1028743 secs] [Times: user=0.61 sys=0.00, real=0.11 secs] 
3388.170: [GC (Allocation Failure) [PSYoungGen: 420448K->147264K(504832K)] 602785K->430374K(1646592K), 0.0649244 secs] [Times: user=0.38 sys=0.00, real=0.06 secs] 
3390.424: [GC (Allocation Failure) [PSYoungGen: 463168K->105681K(506880K)] 746278K->527055K(1648640K), 0.1551135 secs] [Times: user=0.93 sys=0.00, real=0.16 secs] 
3391.658: [GC (Allocation Failure) [PSYoungGen: 424657K->147648K(507392K)] 846031K->671847K(1649152K), 0.0524286 secs] [Times: user=0.31 sys=0.00, real=0.05 secs] 
3393.964: [GC (Allocation Failure) [PSYoungGen: 466624K->106048K(507392K)] 990823K->769263K(1649152K), 0.1407995 secs] [Times: user=0.83 sys=0.00, real=0.14 secs] 
3395.742: [GC (Allocation Failure) [PSYoungGen: 426048K->150256K(507904K)] 1089263K->915572K(1649664K), 0.0526891 secs] [Times: user=0.31 sys=0.00, real=0.05 secs] 
3399.124: [GC (Allocation Failure) [PSYoungGen: 470256K->101120K(508928K)] 1235572K->1007924K(1650688K), 0.1046578 secs] [Times: user=0.62 sys=0.00, real=0.11 secs] 
3399.940: [GC (Allocation Failure) [PSYoungGen: 420096K->150864K(470016K)] 1326900K->1155261K(1611776K), 0.0521827 secs] [Times: user=0.31 sys=0.01, real=0.05 secs] 
3399.993: [Full GC (Ergonomics) [PSYoungGen: 150864K->0K(470016K)] [ParOldGen: 1004397K->192818K(1200128K)] 1155261K->192818K(1670144K), [Metaspace: 60104K->60104K(1105920K)], 0.4670758 secs] [Times: user=2.18 sys=0.00, real=0.47 secs] 
3403.511: [GC (Allocation Failure) [PSYoungGen: 318976K->103968K(508928K)] 511794K->296787K(1709056K), 0.1010311 secs] [Times: user=0.60 sys=0.00, real=0.10 secs] 
3404.689: [GC (Allocation Failure) [PSYoungGen: 420384K->149872K(506368K)] 613203K->442112K(1706496K), 0.0503020 secs] [Times: user=0.30 sys=0.00, real=0.05 secs] 
3407.890: [GC (Allocation Failure) [PSYoungGen: 466288K->101648K(506880K)] 758528K->534848K(1707008K), 0.1711449 secs] [Times: user=1.02 sys=0.00, real=0.17 secs] 
3409.479: [GC (Allocation Failure) [PSYoungGen: 417552K->157456K(473600K)] 850752K->688337K(1673728K), 0.0512049 secs] [Times: user=0.30 sys=0.00, real=0.05 secs] 
3412.241: [GC (Allocation Failure) [PSYoungGen: 473360K->104512K(505856K)] 1004241K->775728K(1705984K), 0.1669049 secs] [Times: user=0.99 sys=0.00, real=0.17 secs] 
3413.879: [GC (Allocation Failure) [PSYoungGen: 414272K->144512K(502784K)] 1085488K->916785K(1702912K), 0.1131956 secs] [Times: user=0.67 sys=0.00, real=0.11 secs] 
3416.300: [GC (Allocation Failure) [PSYoungGen: 454272K->101920K(503808K)] 1226545K->1009981K(1703936K), 0.1261856 secs] [Times: user=0.75 sys=0.00, real=0.12 secs] 
3417.744: [GC (Allocation Failure) [PSYoungGen: 413728K->146400K(503296K)] 1321789K->1152498K(1703424K), 0.0521250 secs] [Times: user=0.30 sys=0.01, real=0.05 secs] 
3422.529: [GC (Allocation Failure) [PSYoungGen: 458208K->98560K(505344K)] 1464306K->1241930K(1705472K), 0.1918319 secs] [Times: user=0.73 sys=0.35, real=0.19 secs] 
3422.721: [Full GC (Ergonomics) [PSYoungGen: 98560K->0K(505344K)] [ParOldGen: 1143370K->40888K(1095680K)] 1241930K->40888K(1601024K), [Metaspace: 60127K->60127K(1105920K)], 0.1142526 secs] [Times: user=0.44 sys=0.00, real=0.11 secs] 
3424.294: [GC (GCLocker Initiated GC) [PSYoungGen: 314880K->145408K(505856K)] 355768K->186296K(1601536K), 0.0542596 secs] [Times: user=0.31 sys=0.01, real=0.06 secs] 
3426.857: [GC (Allocation Failure) [PSYoungGen: 460288K->103744K(503808K)] 501178K->281330K(1599488K), 0.1660392 secs] [Times: user=0.98 sys=0.01, real=0.16 secs] 
3429.127: [GC (Allocation Failure) [PSYoungGen: 419648K->145440K(505344K)] 597234K->423691K(1601024K), 0.0513336 secs] [Times: user=0.30 sys=0.00, real=0.05 secs] 
3431.931: [GC (Allocation Failure) [PSYoungGen: 461344K->102912K(505856K)] 739595K->517391K(1601536K), 0.1686665 secs] [Times: user=1.00 sys=0.01, real=0.17 secs] 
3433.056: [GC (Allocation Failure) [PSYoungGen: 421376K->149312K(506880K)] 835855K->663800K(1602560K), 0.0511660 secs] [Times: user=0.30 sys=0.00, real=0.06 secs] 
3434.897: [GC (GCLocker Initiated GC) [PSYoungGen: 467776K->106672K(507392K)] 982264K->761461K(1603072K), 0.1392115 secs] [Times: user=0.83 sys=0.00, real=0.14 secs] 
3436.255: [GC (Allocation Failure) [PSYoungGen: 425648K->149632K(507392K)] 1080439K->907587K(1603072K), 0.0528373 secs] [Times: user=0.31 sys=0.00, real=0.06 secs] 
3438.752: [GC (Allocation Failure) [PSYoungGen: 468608K->106464K(507904K)] 1226563K->1004748K(1603584K), 0.1622312 secs] [Times: user=0.97 sys=0.00, real=0.16 secs] 
3440.596: [GC (Allocation Failure) [PSYoungGen: 425952K->148800K(507904K)] 1324236K->1150316K(1603584K), 0.0529112 secs] [Times: user=0.31 sys=0.00, real=0.06 secs] 
3440.649: [Full GC (Ergonomics) [PSYoungGen: 148800K->0K(507904K)] [ParOldGen: 1001516K->192972K(1296896K)] 1150316K->192972K(1804800K), [Metaspace: 60133K->60133K(1105920K)], 0.4588871 secs] [Times: user=2.13 sys=0.00, real=0.46 secs] 
3443.288: [GC (Allocation Failure) [PSYoungGen: 319488K->103584K(507904K)] 512460K->296556K(1804800K), 0.0934909 secs] [Times: user=0.56 sys=0.01, real=0.09 secs] 
3444.004: [GC (Allocation Failure) [PSYoungGen: 423072K->151520K(471040K)] 616044K->444480K(1767936K), 0.0508248 secs] [Times: user=0.30 sys=0.01, real=0.05 secs] 
3447.452: [GC (Allocation Failure) [PSYoungGen: 471008K->105744K(509440K)] 763968K->541253K(1806336K), 0.1629962 secs] [Times: user=0.97 sys=0.00, real=0.16 secs] 
3448.075: [GC (Allocation Failure) [PSYoungGen: 415784K->147328K(506880K)] 851293K->684741K(1803776K), 0.0518862 secs] [Times: user=0.31 sys=0.00, real=0.06 secs] 
3450.774: [GC (Allocation Failure) [PSYoungGen: 464768K->100016K(507904K)] 1002181K->776198K(1804800K), 0.1697282 secs] [Times: user=1.02 sys=0.00, real=0.17 secs] 
3452.100: [GC (Allocation Failure) [PSYoungGen: 418480K->150992K(469504K)] 1094662K->923439K(1766400K), 0.0961930 secs] [Times: user=0.57 sys=0.00, real=0.09 secs] 
3455.860: [GC (Allocation Failure) [PSYoungGen: 469456K->101792K(508416K)] 1241903K->1016718K(1805312K), 0.1690111 secs] [Times: user=1.01 sys=0.01, real=0.17 secs] 
3456.871: [GC (Allocation Failure) [PSYoungGen: 417696K->149968K(465920K)] 1332622K->1162444K(1762816K), 0.0508097 secs] [Times: user=0.30 sys=0.00, real=0.05 secs] 
3461.829: [GC (Allocation Failure) [PSYoungGen: 465872K->99424K(507392K)] 1478348K->1253211K(1804288K), 0.1796838 secs] [Times: user=1.02 sys=0.05, real=0.18 secs] 
3462.009: [Full GC (Ergonomics) [PSYoungGen: 99424K->0K(507392K)] [ParOldGen: 1153787K->51385K(1204224K)] 1253211K->51385K(1711616K), [Metaspace: 60135K->60135K(1105920K)], 0.1395733 secs] [Times: user=0.63 sys=0.01, real=0.14 secs] 
3462.509: [GC (Allocation Failure) [PSYoungGen: 314368K->150544K(465408K)] 365753K->201929K(1669632K), 0.0298505 secs] [Times: user=0.17 sys=0.00, real=0.03 secs] 
3465.606: [GC (Allocation Failure) [PSYoungGen: 464912K->101808K(506880K)] 516297K->294942K(1711104K), 0.1749927 secs] [Times: user=1.04 sys=0.00, real=0.18 secs] 
3466.740: [GC (Allocation Failure) [PSYoungGen: 414128K->149280K(504320K)] 607262K->440110K(1708544K), 0.0497983 secs] [Times: user=0.29 sys=0.00, real=0.05 secs] 
3469.108: [GC (Allocation Failure) [PSYoungGen: 461600K->100960K(504320K)] 752430K->532430K(1708544K), 0.1615637 secs] [Times: user=0.96 sys=0.00, real=0.16 secs] 
3470.593: [GC (Allocation Failure) [PSYoungGen: 413280K->146560K(504320K)] 844750K->674603K(1708544K), 0.0498114 secs] [Times: user=0.29 sys=0.00, real=0.05 secs] 
3473.910: [GC (Allocation Failure) [PSYoungGen: 458880K->100576K(504320K)] 986923K->765467K(1708544K), 0.1593862 secs] [Times: user=0.95 sys=0.00, real=0.16 secs] 
3475.262: [GC (Allocation Failure) [PSYoungGen: 413920K->149440K(504832K)] 1078811K->910852K(1709056K), 0.0504946 secs] [Times: user=0.30 sys=0.00, real=0.05 secs] 
3477.465: [GC (Allocation Failure) [PSYoungGen: 462784K->103440K(504832K)] 1224196K->1005597K(1709056K), 0.1663084 secs] [Times: user=0.99 sys=0.00, real=0.17 secs] 
3478.800: [GC (Allocation Failure) [PSYoungGen: 416784K->146400K(504832K)] 1318941K->1148369K(1709056K), 0.0519112 secs] [Times: user=0.30 sys=0.00, real=0.05 secs] 
3481.282: [GC (Allocation Failure) [PSYoungGen: 459744K->102784K(503808K)] 1461713K->1242425K(1708032K), 0.1352997 secs] [Times: user=0.81 sys=0.01, real=0.14 secs] 
3481.417: [Full GC (Ergonomics) [PSYoungGen: 102784K->0K(503808K)] [ParOldGen: 1139641K->45773K(1241600K)] 1242425K->45773K(1745408K), [Metaspace: 60135K->60135K(1105920K)], 0.1088149 secs] [Times: user=0.46 sys=0.00, real=0.10 secs] 
3482.534: [GC (Allocation Failure) [PSYoungGen: 314368K->149088K(504832K)] 360141K->194861K(1746432K), 0.0301683 secs] [Times: user=0.18 sys=0.00, real=0.03 secs] 
3486.147: [GC (Allocation Failure) [PSYoungGen: 463456K->102432K(505856K)] 509229K->288201K(1747456K), 0.1321595 secs] [Times: user=0.78 sys=0.00, real=0.13 secs] 
3487.407: [GC (Allocation Failure) [PSYoungGen: 417824K->147904K(505856K)] 603593K->432462K(1747456K), 0.0506603 secs] [Times: user=0.30 sys=0.01, real=0.06 secs] 
3490.884: [GC (Allocation Failure) [PSYoungGen: 463296K->101792K(505344K)] 747854K->524954K(1746944K), 0.1240070 secs] [Times: user=0.74 sys=0.00, real=0.13 secs] 
3493.249: [GC (Allocation Failure) [PSYoungGen: 417696K->145872K(505856K)] 840858K->666535K(1747456K), 0.0508193 secs] [Times: user=0.30 sys=0.01, real=0.05 secs] 
3495.733: [GC (Allocation Failure) [PSYoungGen: 461776K->107104K(504320K)] 982439K->764271K(1745920K), 0.1293159 secs] [Times: user=0.77 sys=0.00, real=0.13 secs] 
3497.449: [GC (Allocation Failure) [PSYoungGen: 424544K->148752K(505856K)] 1081711K->908720K(1747456K), 0.0524177 secs] [Times: user=0.31 sys=0.00, real=0.05 secs] 
3499.798: [GC (Allocation Failure) [PSYoungGen: 466192K->107216K(506880K)] 1226160K->1006500K(1748480K), 0.1706569 secs] [Times: user=1.02 sys=0.01, real=0.17 secs] 
3500.960: [GC (Allocation Failure) [PSYoungGen: 426704K->150560K(507392K)] 1325988K->1152896K(1748992K), 0.0541384 secs] [Times: user=0.32 sys=0.00, real=0.05 secs] 
3505.405: [GC (Allocation Failure) [PSYoungGen: 470048K->100528K(509440K)] 1472384K->1244465K(1751040K), 0.1637600 secs] [Times: user=0.98 sys=0.00, real=0.17 secs] 
3505.569: [Full GC (Ergonomics) [PSYoungGen: 100528K->0K(509440K)] [ParOldGen: 1143936K->48610K(1285632K)] 1244465K->48610K(1795072K), [Metaspace: 60149K->60149K(1105920K)], 0.1351112 secs] [Times: user=0.58 sys=0.00, real=0.13 secs] 
3507.416: [GC (Allocation Failure) [PSYoungGen: 318464K->151648K(470528K)] 367074K->200258K(1756160K), 0.0304610 secs] [Times: user=0.18 sys=0.00, real=0.03 secs] 
3511.707: [GC (Allocation Failure) [PSYoungGen: 470112K->104128K(508416K)] 518722K->295822K(1794048K), 0.1632624 secs] [Times: user=0.96 sys=0.01, real=0.16 secs] 
3512.777: [GC (Allocation Failure) [PSYoungGen: 419490K->150624K(466432K)] 611185K->442539K(1752064K), 0.0508515 secs] [Times: user=0.30 sys=0.00, real=0.05 secs] 
3515.410: [GC (Allocation Failure) [PSYoungGen: 466016K->103488K(507904K)] 757931K->537687K(1793536K), 0.1716719 secs] [Times: user=1.03 sys=0.00, real=0.17 secs] 
3516.928: [GC (Allocation Failure) [PSYoungGen: 417856K->148320K(505344K)] 852055K->681696K(1790976K), 0.0500406 secs] [Times: user=0.29 sys=0.00, real=0.05 secs] 
3519.145: [GC (Allocation Failure) [PSYoungGen: 462688K->103808K(504832K)] 996064K->776800K(1790464K), 0.1739838 secs] [Times: user=1.04 sys=0.00, real=0.18 secs] 
3520.990: [GC (Allocation Failure) [PSYoungGen: 418688K->147056K(505344K)] 1091680K->920142K(1790976K), 0.0513017 secs] [Times: user=0.31 sys=0.00, real=0.05 secs] 
3523.427: [GC (Allocation Failure) [PSYoungGen: 461936K->102560K(505856K)] 1235022K->1013821K(1791488K), 0.1533358 secs] [Times: user=0.91 sys=0.00, real=0.16 secs] 
3524.008: [GC (Allocation Failure) [PSYoungGen: 418976K->149024K(506368K)] 1330237K->1158942K(1792000K), 0.0514149 secs] [Times: user=0.30 sys=0.00, real=0.05 secs] 
3527.319: [GC (Allocation Failure) [PSYoungGen: 465440K->103200K(506368K)] 1475358K->1252878K(1792000K), 0.1573056 secs] [Times: user=0.93 sys=0.01, real=0.15 secs] 
3527.477: [Full GC (Ergonomics) [PSYoungGen: 103200K->0K(506368K)] [ParOldGen: 1149678K->56078K(1326592K)] 1252878K->56078K(1832960K), [Metaspace: 60164K->60164K(1105920K)], 0.1572673 secs] [Times: user=0.70 sys=0.00, real=0.16 secs] 
3528.351: [GC (Allocation Failure) [PSYoungGen: 313332K->147440K(506368K)] 369411K->203519K(1832960K), 0.0292662 secs] [Times: user=0.17 sys=0.00, real=0.03 secs] 
3531.113: [GC (Allocation Failure) [PSYoungGen: 463856K->104864K(504832K)] 519935K->299910K(1831424K), 0.1684169 secs] [Times: user=1.00 sys=0.00, real=0.17 secs] 
3531.978: [GC (Allocation Failure) [PSYoungGen: 414335K->145600K(505856K)] 609382K->442027K(1832448K), 0.0503057 secs] [Times: user=0.30 sys=0.00, real=0.05 secs] 
3535.734: [GC (Allocation Failure) [PSYoungGen: 462528K->96912K(508416K)] 758955K->530524K(1835008K), 0.1693740 secs] [Times: user=1.00 sys=0.01, real=0.17 secs] 
3537.219: [GC (Allocation Failure) [PSYoungGen: 416400K->152416K(472064K)] 850012K->678804K(1798656K), 0.0490510 secs] [Times: user=0.29 sys=0.00, real=0.05 secs] 
3539.648: [GC (Allocation Failure) [PSYoungGen: 471904K->103008K(508416K)] 998292K->773028K(1835008K), 0.1768028 secs] [Times: user=1.04 sys=0.00, real=0.17 secs] 
3541.867: [GC (Allocation Failure) [PSYoungGen: 418400K->148832K(505856K)] 1088420K->917521K(1832448K), 0.0512486 secs] [Times: user=0.30 sys=0.00, real=0.05 secs] 
3544.237: [GC (Allocation Failure) [PSYoungGen: 464224K->101952K(505856K)] 1232913K->1010737K(1832448K), 0.1689954 secs] [Times: user=1.00 sys=0.00, real=0.17 secs] 
3545.727: [GC (Allocation Failure) [PSYoungGen: 417344K->148832K(505856K)] 1326129K->1155846K(1832448K), 0.0650394 secs] [Times: user=0.38 sys=0.00, real=0.07 secs] 
3549.309: [GC (Allocation Failure) [PSYoungGen: 464224K->100672K(506368K)] 1471238K->1248126K(1832960K), 0.1745025 secs] [Times: user=1.04 sys=0.00, real=0.17 secs] 
3549.483: [Full GC (Ergonomics) [PSYoungGen: 100672K->0K(506368K)] [ParOldGen: 1147454K->51294K(1357824K)] 1248126K->51294K(1864192K), [Metaspace: 60168K->60168K(1105920K)], 0.1431312 secs] [Times: user=0.62 sys=0.00, real=0.14 secs] 
3550.943: [GC (Allocation Failure) [PSYoungGen: 314880K->150464K(465408K)] 366174K->201758K(1823232K), 0.0301323 secs] [Times: user=0.18 sys=0.00, real=0.03 secs] 
3554.060: [GC (Allocation Failure) [PSYoungGen: 465344K->102528K(507392K)] 516638K->295730K(1865216K), 0.1773149 secs] [Times: user=1.06 sys=0.00, real=0.18 secs] 
3555.622: [GC (Allocation Failure) [PSYoungGen: 415872K->149296K(504832K)] 609074K->441164K(1862656K), 0.0844386 secs] [Times: user=0.50 sys=0.00, real=0.08 secs] 
3558.480: [GC (Allocation Failure) [PSYoungGen: 462640K->102224K(504832K)] 754508K->534840K(1862656K), 0.1648895 secs] [Times: user=0.97 sys=0.01, real=0.16 secs] 
3559.525: [GC (Allocation Failure) [PSYoungGen: 415568K->148096K(504832K)] 848184K->678744K(1862656K), 0.0498927 secs] [Times: user=0.30 sys=0.00, real=0.05 secs] 
3563.475: [GC (Allocation Failure) [PSYoungGen: 461440K->97248K(505856K)] 992088K->767444K(1863680K), 0.1713489 secs] [Times: user=1.02 sys=0.00, real=0.17 secs] 
3565.453: [GC (Allocation Failure) [PSYoungGen: 410592K->149344K(462848K)] 1080788K->912309K(1820672K), 0.0499307 secs] [Times: user=0.29 sys=0.00, real=0.05 secs] 
3567.861: [GC (Allocation Failure) [PSYoungGen: 462688K->104768K(507392K)] 1225653K->1008289K(1865216K), 0.1671078 secs] [Times: user=1.00 sys=0.00, real=0.17 secs] 
3569.833: [GC (Allocation Failure) [PSYoungGen: 417600K->145232K(504320K)] 1321121K->1149911K(1862144K), 0.0522046 secs] [Times: user=0.31 sys=0.00, real=0.05 secs] 
3573.477: [GC (Allocation Failure) [PSYoungGen: 458064K->103584K(504320K)] 1462743K->1244674K(1862144K), 0.1689372 secs] [Times: user=1.01 sys=0.00, real=0.16 secs] 
3575.125: [GC (Allocation Failure) [PSYoungGen: 418464K->146816K(504832K)] 1559554K->1387763K(1862656K), 0.0811986 secs] [Times: user=0.43 sys=0.06, real=0.08 secs] 
3575.206: [Full GC (Ergonomics) [PSYoungGen: 146816K->0K(504832K)] [ParOldGen: 1240947K->187220K(1398272K)] 1387763K->187220K(1903104K), [Metaspace: 60170K->60170K(1105920K)], 0.4850030 secs] [Times: user=2.26 sys=0.00, real=0.49 secs] 
3577.466: [GC (Allocation Failure) [PSYoungGen: 314880K->106272K(504320K)] 502100K->293492K(1902592K), 0.0957615 secs] [Times: user=0.57 sys=0.00, real=0.10 secs] 
3578.842: [GC (Allocation Failure) [PSYoungGen: 423712K->147792K(505856K)] 610932K->437453K(1904128K), 0.0526540 secs] [Times: user=0.30 sys=0.01, real=0.05 secs] 
3582.413: [GC (Allocation Failure) [PSYoungGen: 465232K->104352K(507904K)] 754893K->532469K(1906176K), 0.1606928 secs] [Times: user=0.94 sys=0.01, real=0.16 secs] 
3583.705: [GC (Allocation Failure) [PSYoungGen: 423840K->150160K(470016K)] 851957K->678470K(1868288K), 0.0516986 secs] [Times: user=0.31 sys=0.00, real=0.06 secs] 
3588.530: [GC (Allocation Failure) [PSYoungGen: 469648K->102528K(509952K)] 997958K->772090K(1908224K), 0.1626664 secs] [Times: user=0.97 sys=0.00, real=0.16 secs] 
3590.059: [GC (Allocation Failure) [PSYoungGen: 420992K->150528K(469504K)] 1090554K->918414K(1867776K), 0.1053086 secs] [Times: user=0.63 sys=0.00, real=0.10 secs] 
3592.651: [GC (Allocation Failure) [PSYoungGen: 468992K->104896K(509440K)] 1236878K->1014950K(1907712K), 0.1746622 secs] [Times: user=1.03 sys=0.00, real=0.17 secs] 
3594.348: [GC (Allocation Failure) [PSYoungGen: 421824K->156096K(473088K)] 1331878K->1167615K(1871360K), 0.0523360 secs] [Times: user=0.31 sys=0.00, real=0.05 secs] 
3597.051: [GC (Allocation Failure) [PSYoungGen: 473024K->103680K(506880K)] 1484543K->1254143K(1905152K), 0.1490998 secs] [Times: user=0.89 sys=0.00, real=0.15 secs] 
3598.064: [GC (Allocation Failure) [PSYoungGen: 416000K->148880K(504320K)] 1566463K->1398739K(1902592K), 0.0546142 secs] [Times: user=0.31 sys=0.01, real=0.06 secs] 
3598.119: [Full GC (Ergonomics) [PSYoungGen: 148880K->0K(504320K)] [ParOldGen: 1249858K->197012K(1398272K)] 1398739K->197012K(1902592K), [Metaspace: 60170K->60170K(1105920K)], 0.4801380 secs] [Times: user=2.25 sys=0.00, real=0.48 secs] 
3600.416: [GC (Allocation Failure) [PSYoungGen: 312320K->103968K(503808K)] 509332K->300980K(1902080K), 0.0710400 secs] [Times: user=0.42 sys=0.00, real=0.08 secs] 
3601.379: [GC (Allocation Failure) [PSYoungGen: 416800K->142712K(504320K)] 613812K->439958K(1902592K), 0.0498917 secs] [Times: user=0.29 sys=0.00, real=0.05 secs] 
3605.420: [GC (Allocation Failure) [PSYoungGen: 455544K->103552K(502272K)] 752790K->533721K(1900544K), 0.1516969 secs] [Times: user=0.91 sys=0.00, real=0.15 secs] 
3605.915: [GC (Allocation Failure) [PSYoungGen: 419456K->148448K(504832K)] 849625K->678501K(1903104K), 0.0514072 secs] [Times: user=0.31 sys=0.00, real=0.05 secs] 
3609.549: [GC (Allocation Failure) [PSYoungGen: 464352K->104640K(507392K)] 994405K->773673K(1905664K), 0.1220420 secs] [Times: user=0.72 sys=0.00, real=0.12 secs] 
3611.103: [GC (Allocation Failure) [PSYoungGen: 423104K->146016K(507392K)] 1092137K->915850K(1905664K), 0.0598493 secs] [Times: user=0.35 sys=0.00, real=0.06 secs] 
3614.828: [GC (Allocation Failure) [PSYoungGen: 464480K->103968K(506368K)] 1234314K->1010394K(1904640K), 0.1507910 secs] [Times: user=0.89 sys=0.00, real=0.15 secs] 
3616.525: [GC (Allocation Failure) [PSYoungGen: 423456K->150256K(507392K)] 1329882K->1156775K(1905664K), 0.0516801 secs] [Times: user=0.31 sys=0.00, real=0.06 secs] 
3620.640: [GC (Allocation Failure) [PSYoungGen: 469744K->100240K(509440K)] 1476263K->1248284K(1907712K), 0.1684865 secs] [Times: user=0.99 sys=0.01, real=0.17 secs] 
3622.358: [GC (Allocation Failure) [PSYoungGen: 418704K->150624K(469504K)] 1566748K->1395212K(1867776K), 0.0508478 secs] [Times: user=0.30 sys=0.00, real=0.05 secs] 
3622.409: [Full GC (Ergonomics) [PSYoungGen: 150624K->0K(469504K)] [ParOldGen: 1244588K->192983K(1398272K)] 1395212K->192983K(1867776K), [Metaspace: 60313K->60313K(1105920K)], 0.4708054 secs] [Times: user=2.20 sys=0.00, real=0.47 secs] 
3626.268: [GC (Allocation Failure) [PSYoungGen: 318464K->103616K(508928K)] 511447K->296599K(1907200K), 0.0941219 secs] [Times: user=0.56 sys=0.00, real=0.09 secs] 
3627.164: [GC (Allocation Failure) [PSYoungGen: 420032K->147424K(506368K)] 613015K->440921K(1904640K), 0.0505022 secs] [Times: user=0.30 sys=0.00, real=0.05 secs] 
3630.475: [GC (Allocation Failure) [PSYoungGen: 463840K->103456K(505856K)] 757337K->535697K(1904128K), 0.1566566 secs] [Times: user=0.94 sys=0.00, real=0.16 secs] 
3631.875: [GC (Allocation Failure) [PSYoungGen: 420384K->149376K(506368K)] 852625K->681061K(1904640K), 0.0515049 secs] [Times: user=0.30 sys=0.00, real=0.05 secs] 
3635.937: [GC (Allocation Failure) [PSYoungGen: 466304K->102160K(507392K)] 997989K->774482K(1905664K), 0.1690635 secs] [Times: user=1.01 sys=0.00, real=0.16 secs] 
3637.541: [GC (Allocation Failure) [PSYoungGen: 419088K->149824K(466944K)] 1091410K->920078K(1865216K), 0.1508409 secs] [Times: user=0.90 sys=0.00, real=0.15 secs] 
3641.777: [GC (Allocation Failure) [PSYoungGen: 466752K->101888K(508416K)] 1237006K->1013614K(1906688K), 0.1693726 secs] [Times: user=1.01 sys=0.00, real=0.17 secs] 
3642.413: [GC (Allocation Failure) [PSYoungGen: 415944K->149920K(465920K)] 1327671K->1160003K(1864192K), 0.0513922 secs] [Times: user=0.30 sys=0.00, real=0.05 secs] 
3644.940: [GC (Allocation Failure) [PSYoungGen: 465824K->103584K(508416K)] 1475907K->1254863K(1906688K), 0.1557072 secs] [Times: user=0.92 sys=0.00, real=0.15 secs] 
3646.205: [GC (Allocation Failure) [PSYoungGen: 418609K->147744K(505856K)] 1569888K->1398660K(1904128K), 0.0514318 secs] [Times: user=0.30 sys=0.00, real=0.05 secs] 
3646.256: [Full GC (Ergonomics) [PSYoungGen: 147744K->0K(505856K)] [ParOldGen: 1250916K->197394K(1398272K)] 1398660K->197394K(1904128K), [Metaspace: 60321K->60321K(1105920K)], 0.4729214 secs] [Times: user=2.20 sys=0.00, real=0.48 secs] 
3649.539: [GC (Allocation Failure) [PSYoungGen: 315392K->104560K(505344K)] 512786K->301954K(1903616K), 0.1031062 secs] [Times: user=0.61 sys=0.00, real=0.10 secs] 
3650.766: [GC (Allocation Failure) [PSYoungGen: 418979K->146304K(505856K)] 616373K->444379K(1904128K), 0.0497668 secs] [Times: user=0.30 sys=0.00, real=0.05 secs] 
3653.542: [GC (Allocation Failure) [PSYoungGen: 462208K->105632K(504320K)] 760283K->540975K(1902592K), 0.1627724 secs] [Times: user=0.96 sys=0.01, real=0.16 secs] 
3654.141: [GC (Allocation Failure) [PSYoungGen: 412922K->144928K(505856K)] 848265K->682524K(1904128K), 0.0506618 secs] [Times: user=0.30 sys=0.00, real=0.05 secs] 
3657.117: [GC (Allocation Failure) [PSYoungGen: 462368K->102688K(507392K)] 999964K->776752K(1905664K), 0.1649202 secs] [Times: user=0.97 sys=0.00, real=0.17 secs] 
3658.343: [GC (Allocation Failure) [PSYoungGen: 417366K->148384K(508416K)] 1091430K->921197K(1906688K), 0.0504442 secs] [Times: user=0.30 sys=0.00, real=0.05 secs] 
3661.293: [GC (Allocation Failure) [PSYoungGen: 469408K->105152K(508928K)] 1242221K->1017713K(1907200K), 0.1688297 secs] [Times: user=1.01 sys=0.01, real=0.17 secs] 
3662.465: [GC (Allocation Failure) [PSYoungGen: 415559K->145824K(508928K)] 1328120K->1159605K(1907200K), 0.0514048 secs] [Times: user=0.30 sys=0.00, real=0.05 secs] 
3665.829: [GC (Allocation Failure) [PSYoungGen: 467360K->106240K(507904K)] 1481141K->1256933K(1906176K), 0.1733262 secs] [Times: user=1.02 sys=0.01, real=0.17 secs] 
3667.149: [GC (Allocation Failure) [PSYoungGen: 414833K->144640K(508928K)] 1565527K->1398062K(1907200K), 0.0516243 secs] [Times: user=0.30 sys=0.00, real=0.05 secs] 
3667.200: [Full GC (Ergonomics) [PSYoungGen: 144640K->0K(508928K)] [ParOldGen: 1253422K->197630K(1398272K)] 1398062K->197630K(1907200K), [Metaspace: 60334K->60334K(1105920K)], 0.4890574 secs] [Times: user=2.30 sys=0.00, real=0.49 secs] 
3670.724: [GC (Allocation Failure) [PSYoungGen: 322560K->103936K(509440K)] 520190K->301566K(1907712K), 0.1022043 secs] [Times: user=0.60 sys=0.00, real=0.10 secs] 
3671.746: [GC (Allocation Failure) [PSYoungGen: 415789K->147488K(510464K)] 613420K->445259K(1908736K), 0.0500140 secs] [Times: user=0.29 sys=0.00, real=0.05 secs] 
3674.108: [GC (Allocation Failure) [PSYoungGen: 472608K->110800K(508928K)] 770379K->547148K(1907200K), 0.1421385 secs] [Times: user=0.84 sys=0.01, real=0.14 secs] 
3675.796: [GC (Allocation Failure) [PSYoungGen: 436432K->153200K(509952K)] 872780K->696833K(1908224K), 0.1342022 secs] [Times: user=0.80 sys=0.00, real=0.14 secs] 
3679.705: [GC (Allocation Failure) [PSYoungGen: 478832K->103152K(512000K)] 1022465K->799857K(1910272K), 0.1740723 secs] [Times: user=1.04 sys=0.00, real=0.18 secs] 
3680.176: [GC (Allocation Failure) [PSYoungGen: 426224K->155808K(479232K)] 1122929K->941593K(1877504K), 0.0555150 secs] [Times: user=0.33 sys=0.00, real=0.06 secs] 
3683.710: [GC (Allocation Failure) [PSYoungGen: 478880K->97776K(507904K)] 1264665K->1038738K(1906176K), 0.1416075 secs] [Times: user=0.85 sys=0.00, real=0.14 secs] 
3684.215: [GC (Allocation Failure) [PSYoungGen: 413680K->153024K(468992K)] 1354642K->1185766K(1867264K), 0.0666850 secs] [Times: user=0.39 sys=0.00, real=0.07 secs] 
3687.824: [GC (Allocation Failure) [PSYoungGen: 468928K->92768K(504832K)] 1501670K->1278422K(1903104K), 0.1440531 secs] [Times: user=0.86 sys=0.00, real=0.15 secs] 
3688.849: [GC (Allocation Failure) [PSYoungGen: 403040K->150176K(460800K)] 1588694K->1422439K(1859072K), 0.1608958 secs] [Times: user=0.90 sys=0.05, real=0.16 secs] 
3689.010: [Full GC (Ergonomics) [PSYoungGen: 150176K->0K(460800K)] [ParOldGen: 1272263K->220769K(1398272K)] 1422439K->220769K(1859072K), [Metaspace: 60346K->60346K(1105920K)], 0.5751531 secs] [Times: user=2.76 sys=0.00, real=0.57 secs] 
3693.230: [GC (Allocation Failure) [PSYoungGen: 310272K->89920K(502784K)] 531041K->310689K(1901056K), 0.1193895 secs] [Times: user=0.71 sys=0.00, real=0.12 secs] 
3693.600: [GC (Allocation Failure) [PSYoungGen: 396096K->147744K(454144K)] 616865K->452670K(1852416K), 0.0533978 secs] [Times: user=0.31 sys=0.00, real=0.05 secs] 
3696.159: [GC (Allocation Failure) [PSYoungGen: 453920K->90720K(502272K)] 758846K->542766K(1900544K), 0.1518666 secs] [Times: user=0.90 sys=0.00, real=0.15 secs] 
3696.825: [GC (Allocation Failure) [PSYoungGen: 395360K->148512K(453632K)] 847406K->685119K(1851904K), 0.0531378 secs] [Times: user=0.32 sys=0.00, real=0.06 secs] 
3700.029: [GC (Allocation Failure) [PSYoungGen: 453152K->90624K(501248K)] 989759K->775515K(1899520K), 0.1603630 secs] [Times: user=0.95 sys=0.00, real=0.16 secs] 
3700.642: [GC (Allocation Failure) [PSYoungGen: 389760K->140928K(443904K)] 1074652K->912980K(1842176K), 0.0494285 secs] [Times: user=0.29 sys=0.00, real=0.05 secs] 
3702.983: [GC (Allocation Failure) [PSYoungGen: 443520K->98624K(502784K)] 1215572K->1002548K(1901056K), 0.1619408 secs] [Times: user=0.96 sys=0.01, real=0.16 secs] 
3705.004: [GC (Allocation Failure) [PSYoungGen: 404288K->143472K(499712K)] 1308212K->1142874K(1897984K), 0.1456264 secs] [Times: user=0.87 sys=0.00, real=0.15 secs] 
3707.951: [GC (Allocation Failure) [PSYoungGen: 449136K->98672K(500736K)] 1448538K->1233106K(1899008K), 0.1570112 secs] [Times: user=0.93 sys=0.01, real=0.16 secs] 
3709.882: [GC (Allocation Failure) [PSYoungGen: 408432K->141232K(501760K)] 1542866K->1371507K(1900032K), 0.0499663 secs] [Times: user=0.30 sys=0.00, real=0.05 secs] 
3709.932: [Full GC (Ergonomics) [PSYoungGen: 141232K->0K(501760K)] [ParOldGen: 1230274K->178717K(1398272K)] 1371507K->178717K(1900032K), [Metaspace: 60356K->60356K(1105920K)], 0.4274441 secs] [Times: user=1.97 sys=0.01, real=0.43 secs] 
3712.851: [GC (Allocation Failure) [PSYoungGen: 309760K->102736K(500224K)] 488477K->281454K(1898496K), 0.0652056 secs] [Times: user=0.38 sys=0.01, real=0.06 secs] 
3715.228: [GC (Allocation Failure) [PSYoungGen: 417104K->143712K(503296K)] 595822K->422570K(1901568K), 0.0520913 secs] [Times: user=0.31 sys=0.00, real=0.05 secs] 
3716.448: [GC (Allocation Failure) [PSYoungGen: 458080K->106784K(504320K)] 736938K->520054K(1902592K), 0.0642122 secs] [Times: user=0.38 sys=0.01, real=0.06 secs] 
3718.206: [GC (Allocation Failure) [PSYoungGen: 426272K->146528K(506368K)] 839542K->664679K(1904640K), 0.0536586 secs] [Times: user=0.31 sys=0.00, real=0.06 secs] 
3720.673: [GC (Allocation Failure) [PSYoungGen: 466016K->107136K(507392K)] 984167K->762871K(1905664K), 0.1140283 secs] [Times: user=0.68 sys=0.00, real=0.12 secs] 
3723.020: [GC (Allocation Failure) [PSYoungGen: 429696K->146880K(508416K)] 1085431K->906908K(1906688K), 0.0541037 secs] [Times: user=0.32 sys=0.00, real=0.05 secs] 
3725.206: [GC (Allocation Failure) [PSYoungGen: 469440K->108160K(508416K)] 1229468K->1005848K(1906688K), 0.1087798 secs] [Times: user=0.65 sys=0.00, real=0.11 secs] 
3726.801: [GC (Allocation Failure) [PSYoungGen: 432768K->154112K(479232K)] 1330456K->1156993K(1877504K), 0.0764644 secs] [Times: user=0.45 sys=0.00, real=0.08 secs] 
3730.114: [GC (Allocation Failure) [PSYoungGen: 478720K->106272K(511488K)] 1481601K->1255057K(1909760K), 0.1625801 secs] [Times: user=0.97 sys=0.00, real=0.16 secs] 
3731.367: [GC (Allocation Failure) [PSYoungGen: 421954K->148608K(508416K)] 1570739K->1399610K(1906688K), 0.0523937 secs] [Times: user=0.31 sys=0.00, real=0.05 secs] 
3731.420: [Full GC (Ergonomics) [PSYoungGen: 148608K->0K(508416K)] [ParOldGen: 1251002K->197315K(1398272K)] 1399610K->197315K(1906688K), [Metaspace: 60357K->60357K(1105920K)], 0.4770506 secs] [Times: user=2.23 sys=0.00, real=0.47 secs] 
3735.841: [GC (Allocation Failure) [PSYoungGen: 321024K->102960K(509440K)] 518339K->300276K(1907712K), 0.1019247 secs] [Times: user=0.61 sys=0.00, real=0.10 secs] 
3737.184: [GC (Allocation Failure) [PSYoungGen: 419259K->150176K(471552K)] 616575K->444480K(1869824K), 0.0489755 secs] [Times: user=0.28 sys=0.00, real=0.05 secs] 
3740.067: [GC (Allocation Failure) [PSYoungGen: 471200K->102896K(509952K)] 765504K->538725K(1908224K), 0.1643856 secs] [Times: user=0.97 sys=0.01, real=0.17 secs] 
3741.478: [GC (Allocation Failure) [PSYoungGen: 420159K->148544K(507904K)] 855987K->683385K(1906176K), 0.0503986 secs] [Times: user=0.30 sys=0.00, real=0.05 secs] 
3744.809: [GC (Allocation Failure) [PSYoungGen: 467520K->103856K(507904K)] 1002361K->778185K(1906176K), 0.1603417 secs] [Times: user=0.95 sys=0.00, real=0.16 secs] 
3745.916: [GC (Allocation Failure) [PSYoungGen: 413493K->147888K(507904K)] 1087822K->922278K(1906176K), 0.0507525 secs] [Times: user=0.30 sys=0.01, real=0.06 secs] 
3748.099: [GC (Allocation Failure) [PSYoungGen: 466864K->109376K(504832K)] 1241254K->1022989K(1903104K), 0.1577138 secs] [Times: user=0.94 sys=0.00, real=0.15 secs] 
3749.443: [GC (Allocation Failure) [PSYoungGen: 415980K->142720K(506368K)] 1329594K->1161598K(1904640K), 0.0518102 secs] [Times: user=0.31 sys=0.00, real=0.05 secs] 
3752.564: [GC (Allocation Failure) [PSYoungGen: 461696K->106608K(506880K)] 1480574K->1258535K(1905152K), 0.1620212 secs] [Times: user=0.96 sys=0.00, real=0.16 secs] 
3753.737: [GC (Allocation Failure) [PSYoungGen: 414853K->144528K(508928K)] 1566779K->1399148K(1907200K), 0.0515612 secs] [Times: user=0.31 sys=0.00, real=0.05 secs] 
3753.789: [Full GC (Ergonomics) [PSYoungGen: 144528K->0K(508928K)] [ParOldGen: 1254619K->197173K(1398272K)] 1399148K->197173K(1907200K), [Metaspace: 60358K->60358K(1105920K)], 0.4829638 secs] [Times: user=2.26 sys=0.00, real=0.48 secs] 
3759.500: [GC (Allocation Failure) [PSYoungGen: 323584K->103536K(510464K)] 520757K->300709K(1908736K), 0.0879338 secs] [Times: user=0.52 sys=0.01, real=0.09 secs] 
3760.343: [GC (Allocation Failure) [PSYoungGen: 420453K->147712K(511488K)] 617627K->444513K(1909760K), 0.0500887 secs] [Times: user=0.30 sys=0.00, real=0.05 secs] 
3763.402: [GC (Allocation Failure) [PSYoungGen: 474880K->108336K(512000K)] 771681K->543930K(1910272K), 0.1543482 secs] [Times: user=0.92 sys=0.01, real=0.15 secs] 
3763.954: [GC (Allocation Failure) [PSYoungGen: 436016K->155328K(483328K)] 871610K->695794K(1881600K), 0.0528932 secs] [Times: user=0.32 sys=0.00, real=0.05 secs] 
3769.393: [GC (Allocation Failure) [PSYoungGen: 483008K->96960K(509952K)] 1023474K->792306K(1908224K), 0.1608977 secs] [Times: user=0.96 sys=0.00, real=0.16 secs] 
3769.857: [GC (Allocation Failure) [PSYoungGen: 417472K->155968K(476672K)] 1112818K->942331K(1874944K), 0.0569148 secs] [Times: user=0.34 sys=0.00, real=0.05 secs] 
3773.442: [GC (Allocation Failure) [PSYoungGen: 476480K->96352K(506368K)] 1262843K->1038471K(1904640K), 0.1549729 secs] [Times: user=0.93 sys=0.00, real=0.15 secs] 
3773.855: [GC (Allocation Failure) [PSYoungGen: 408672K->151008K(463360K)] 1350791K->1183336K(1861632K), 0.0547472 secs] [Times: user=0.32 sys=0.00, real=0.06 secs] 
3777.253: [GC (Allocation Failure) [PSYoungGen: 463328K->90560K(503808K)] 1495656K->1273380K(1902080K), 0.1606696 secs] [Times: user=0.96 sys=0.00, real=0.16 secs] 
3778.116: [GC (Allocation Failure) [PSYoungGen: 398784K->149408K(457728K)] 1581604K->1417193K(1856000K), 0.0851276 secs] [Times: user=0.51 sys=0.00, real=0.09 secs] 
3778.201: [Full GC (Ergonomics) [PSYoungGen: 149408K->0K(457728K)] [ParOldGen: 1267785K->214841K(1398272K)] 1417193K->214841K(1856000K), [Metaspace: 60358K->60358K(1105920K)], 0.5190152 secs] [Times: user=2.43 sys=0.00, real=0.52 secs] 
3782.714: [GC (Allocation Failure) [PSYoungGen: 308224K->90176K(502272K)] 523065K->305017K(1900544K), 0.1441544 secs] [Times: user=0.85 sys=0.00, real=0.15 secs] 
3783.636: [GC (Allocation Failure) [PSYoungGen: 378911K->138048K(442880K)] 593752K->436992K(1841152K), 0.0478236 secs] [Times: user=0.29 sys=0.00, real=0.05 secs] 
3786.328: [GC (Allocation Failure) [PSYoungGen: 442688K->96576K(502272K)] 741632K->524416K(1900544K), 0.1648221 secs] [Times: user=0.98 sys=0.00, real=0.16 secs] 
3788.312: [GC (Allocation Failure) [PSYoungGen: 403776K->146704K(499712K)] 831616K->666489K(1897984K), 0.0479509 secs] [Times: user=0.28 sys=0.00, real=0.05 secs] 
3790.040: [GC (Allocation Failure) [PSYoungGen: 453904K->102272K(502272K)] 973689K->759984K(1900544K), 0.1339146 secs] [Times: user=0.80 sys=0.00, real=0.13 secs] 
3791.838: [GC (Allocation Failure) [PSYoungGen: 414080K->144736K(503296K)] 1071792K->900828K(1901568K), 0.0507275 secs] [Times: user=0.30 sys=0.00, real=0.05 secs] 
3794.118: [GC (Allocation Failure) [PSYoungGen: 456544K->104176K(501760K)] 1212636K->995832K(1900032K), 0.1024598 secs] [Times: user=0.60 sys=0.00, real=0.10 secs] 
3795.744: [GC (Allocation Failure) [PSYoungGen: 418544K->146880K(503808K)] 1310200K->1138712K(1902080K), 0.0524086 secs] [Times: user=0.31 sys=0.00, real=0.05 secs] 
3798.017: [GC (Allocation Failure) [PSYoungGen: 461248K->105040K(504832K)] 1453080K->1234385K(1903104K), 0.1034200 secs] [Times: user=0.57 sys=0.00, real=0.10 secs] 
3800.167: [GC (Allocation Failure) [PSYoungGen: 422480K->146432K(505856K)] 1551825K->1376917K(1904128K), 0.0535984 secs] [Times: user=0.31 sys=0.00, real=0.05 secs] 
3800.221: [Full GC (Ergonomics) [PSYoungGen: 146432K->0K(505856K)] [ParOldGen: 1230485K->184250K(1398272K)] 1376917K->184250K(1904128K), [Metaspace: 60360K->60360K(1105920K)], 0.4460663 secs] [Times: user=2.10 sys=0.00, real=0.45 secs] 
3805.275: [GC (Allocation Failure) [PSYoungGen: 317440K->103984K(506880K)] 501690K->288243K(1905152K), 0.0931222 secs] [Times: user=0.55 sys=0.00, real=0.10 secs] 
3807.049: [GC (Allocation Failure) [PSYoungGen: 423472K->149216K(507392K)] 607731K->434284K(1905664K), 0.0541931 secs] [Times: user=0.32 sys=0.00, real=0.05 secs] 
3811.339: [GC (Allocation Failure) [PSYoungGen: 468704K->104496K(507904K)] 753772K->530013K(1906176K), 0.1681410 secs] [Times: user=1.00 sys=0.00, real=0.17 secs] 
3812.505: [GC (Allocation Failure) [PSYoungGen: 424496K->152352K(472576K)] 850013K->676357K(1870848K), 0.0517305 secs] [Times: user=0.31 sys=0.00, real=0.06 secs] 
3814.209: [GC (Allocation Failure) [PSYoungGen: 472352K->110672K(510464K)] 996357K->778306K(1908736K), 0.1106483 secs] [Times: user=0.66 sys=0.01, real=0.11 secs] 
3814.817: [GC (Allocation Failure) [PSYoungGen: 423835K->148000K(506368K)] 1091469K->922718K(1904640K), 0.0539610 secs] [Times: user=0.32 sys=0.00, real=0.06 secs] 
3818.122: [GC (Allocation Failure) [PSYoungGen: 465952K->102400K(507904K)] 1240670K->1015758K(1906176K), 0.1531138 secs] [Times: user=0.91 sys=0.00, real=0.15 secs] 
3818.853: [GC (Allocation Failure) [PSYoungGen: 412226K->148256K(507904K)] 1325584K->1160247K(1906176K), 0.0504289 secs] [Times: user=0.30 sys=0.00, real=0.05 secs] 
3821.871: [GC (Allocation Failure) [PSYoungGen: 467744K->103248K(507904K)] 1479735K->1254979K(1906176K), 0.1732659 secs] [Times: user=1.03 sys=0.01, real=0.17 secs] 
3823.283: [GC (Allocation Failure) [PSYoungGen: 419174K->148320K(507904K)] 1570905K->1399147K(1906176K), 0.0510138 secs] [Times: user=0.31 sys=0.00, real=0.05 secs] 
3823.334: [Full GC (Ergonomics) [PSYoungGen: 148320K->0K(507904K)] [ParOldGen: 1250827K->197495K(1398272K)] 1399147K->197495K(1906176K), [Metaspace: 60373K->60373K(1105920K)], 0.4820082 secs] [Times: user=2.25 sys=0.00, real=0.48 secs] 
3828.043: [GC (Allocation Failure) [PSYoungGen: 319488K->100800K(508416K)] 516983K->298295K(1906688K), 0.0936763 secs] [Times: user=0.55 sys=0.00, real=0.09 secs] 
3828.927: [GC (Allocation Failure) [PSYoungGen: 419776K->150368K(469504K)] 617271K->444888K(1867776K), 0.0484510 secs] [Times: user=0.29 sys=0.00, real=0.04 secs] 
3832.483: [GC (Allocation Failure) [PSYoungGen: 469344K->103456K(508928K)] 763864K->539816K(1907200K), 0.1624696 secs] [Times: user=0.95 sys=0.01, real=0.16 secs] 
3833.484: [GC (Allocation Failure) [PSYoungGen: 419872K->147568K(506368K)] 856232K->683725K(1904640K), 0.0506478 secs] [Times: user=0.30 sys=0.00, real=0.05 secs] 
3836.291: [GC (Allocation Failure) [PSYoungGen: 463984K->105664K(504832K)] 1000141K->780372K(1903104K), 0.1320342 secs] [Times: user=0.79 sys=0.01, real=0.13 secs] 
3836.942: [GC (Allocation Failure) [PSYoungGen: 416488K->145984K(505856K)] 1091197K->922233K(1904128K), 0.0508867 secs] [Times: user=0.30 sys=0.00, real=0.05 secs] 
3839.393: [GC (Allocation Failure) [PSYoungGen: 462912K->103968K(506368K)] 1239161K->1016969K(1904640K), 0.1696962 secs] [Times: user=1.01 sys=0.01, real=0.17 secs] 
3840.361: [GC (Allocation Failure) [PSYoungGen: 413374K->147040K(507392K)] 1326376K->1160066K(1905664K), 0.0514234 secs] [Times: user=0.30 sys=0.00, real=0.05 secs] 
3843.804: [GC (Allocation Failure) [PSYoungGen: 466528K->104496K(507904K)] 1479554K->1255843K(1906176K), 0.1645887 secs] [Times: user=0.98 sys=0.00, real=0.17 secs] 
3845.370: [GC (Allocation Failure) [PSYoungGen: 411013K->146048K(508416K)] 1562360K->1398251K(1906688K), 0.0711387 secs] [Times: user=0.42 sys=0.00, real=0.07 secs] 
3845.442: [Full GC (Ergonomics) [PSYoungGen: 146048K->0K(508416K)] [ParOldGen: 1252203K->197240K(1398272K)] 1398251K->197240K(1906688K), [Metaspace: 60374K->60374K(1105920K)], 0.4759668 secs] [Times: user=2.23 sys=0.00, real=0.48 secs] 
3849.996: [GC (Allocation Failure) [PSYoungGen: 321024K->101376K(509952K)] 518264K->298616K(1908224K), 0.1052214 secs] [Times: user=0.62 sys=0.00, real=0.11 secs] 
3851.283: [GC (Allocation Failure) [PSYoungGen: 419527K->150320K(473088K)] 616767K->444473K(1871360K), 0.0492189 secs] [Times: user=0.29 sys=0.00, real=0.05 secs] 
3853.903: [GC (Allocation Failure) [PSYoungGen: 472880K->106336K(510976K)] 767033K->541993K(1909248K), 0.1761268 secs] [Times: user=1.05 sys=0.00, real=0.18 secs] 
3855.369: [GC (Allocation Failure) [PSYoungGen: 414873K->144768K(508416K)] 850530K->683245K(1906688K), 0.0645019 secs] [Times: user=0.38 sys=0.00, real=0.06 secs] 
3859.421: [GC (Allocation Failure) [PSYoungGen: 465280K->102688K(508416K)] 1003757K->777493K(1906688K), 0.1720290 secs] [Times: user=0.99 sys=0.00, real=0.17 secs] 
3860.666: [GC (Allocation Failure) [PSYoungGen: 420885K->148416K(508928K)] 1095690K->921926K(1907200K), 0.0563603 secs] [Times: user=0.33 sys=0.00, real=0.06 secs] 
3864.171: [GC (Allocation Failure) [PSYoungGen: 470464K->106256K(509440K)] 1243974K->1019695K(1907712K), 0.1630323 secs] [Times: user=0.97 sys=0.00, real=0.16 secs] 
3865.380: [GC (Allocation Failure) [PSYoungGen: 417724K->145136K(509440K)] 1331162K->1160892K(1907712K), 0.0530979 secs] [Times: user=0.31 sys=0.00, real=0.05 secs] 
3869.891: [GC (Allocation Failure) [PSYoungGen: 467696K->103680K(508928K)] 1483452K->1255507K(1907200K), 0.1619016 secs] [Times: user=0.82 sys=0.00, real=0.16 secs] 
3871.089: [GC (Allocation Failure) [PSYoungGen: 417278K->146848K(509952K)] 1569106K->1398812K(1908224K), 0.0512282 secs] [Times: user=0.31 sys=0.00, real=0.05 secs] 
3871.140: [Full GC (Ergonomics) [PSYoungGen: 146848K->0K(509952K)] [ParOldGen: 1251964K->197157K(1398272K)] 1398812K->197157K(1908224K), [Metaspace: 60385K->60385K(1105920K)], 0.4819049 secs] [Times: user=2.25 sys=0.00, real=0.48 secs] 
3874.932: [GC (Allocation Failure) [PSYoungGen: 324096K->106480K(509952K)] 521253K->303638K(1908224K), 0.0914566 secs] [Times: user=0.54 sys=0.00, real=0.09 secs] 
3875.943: [GC (Allocation Failure) [PSYoungGen: 426306K->147296K(510464K)] 623463K->445452K(1908736K), 0.0499875 secs] [Times: user=0.30 sys=0.00, real=0.05 secs] 
3878.409: [GC (Allocation Failure) [PSYoungGen: 472416K->111072K(508928K)] 770572K->547160K(1907200K), 0.1293275 secs] [Times: user=0.76 sys=0.01, real=0.13 secs] 
3879.368: [GC (Allocation Failure) [PSYoungGen: 436704K->152576K(509952K)] 872792K->696277K(1908224K), 0.0542136 secs] [Times: user=0.32 sys=0.00, real=0.05 secs] 
3882.460: [GC (Allocation Failure) [PSYoungGen: 478208K->99072K(511488K)] 1021909K->794897K(1909760K), 0.1441345 secs] [Times: user=0.86 sys=0.00, real=0.14 secs] 
3882.867: [GC (Allocation Failure) [PSYoungGen: 422144K->156864K(480256K)] 1117969K->946458K(1878528K), 0.0579210 secs] [Times: user=0.34 sys=0.00, real=0.05 secs] 
3886.935: [GC (Allocation Failure) [PSYoungGen: 479936K->96928K(506880K)] 1269530K->1043258K(1905152K), 0.1511710 secs] [Times: user=0.90 sys=0.00, real=0.15 secs] 
3887.333: [GC (Allocation Failure) [PSYoungGen: 410784K->151680K(465920K)] 1357114K->1188939K(1864192K), 0.0567934 secs] [Times: user=0.33 sys=0.01, real=0.06 secs] 
3891.910: [GC (Allocation Failure) [PSYoungGen: 465536K->89776K(503808K)] 1502795K->1278368K(1902080K), 0.1493078 secs] [Times: user=0.88 sys=0.01, real=0.15 secs] 
3892.290: [GC (Allocation Failure) [PSYoungGen: 398512K->150304K(459264K)] 1587104K->1422772K(1857536K), 0.0543588 secs] [Times: user=0.32 sys=0.00, real=0.05 secs] 
3892.344: [Full GC (Ergonomics) [PSYoungGen: 150304K->0K(459264K)] [ParOldGen: 1272468K->220933K(1398272K)] 1422772K->220933K(1857536K), [Metaspace: 60385K->60385K(1105920K)], 0.5230724 secs] [Times: user=2.44 sys=0.00, real=0.53 secs] 
3895.703: [GC (Allocation Failure) [PSYoungGen: 308736K->90800K(502272K)] 529669K->311734K(1900544K), 0.1331597 secs] [Times: user=0.79 sys=0.00, real=0.13 secs] 
3896.113: [GC (Allocation Failure) [PSYoungGen: 395440K->163664K(468480K)] 616374K->469512K(1866752K), 0.0535068 secs] [Times: user=0.32 sys=0.00, real=0.05 secs] 
3899.145: [GC (Allocation Failure) [PSYoungGen: 468304K->91136K(496128K)] 774152K->543535K(1894400K), 0.1599478 secs] [Times: user=0.95 sys=0.00, real=0.16 secs] 
3900.137: [GC (Allocation Failure) [PSYoungGen: 377384K->137248K(429568K)] 829783K->674824K(1827840K), 0.0488141 secs] [Times: user=0.29 sys=0.00, real=0.04 secs] 
3902.554: [GC (Allocation Failure) [PSYoungGen: 429088K->94288K(493568K)] 966664K->760204K(1891840K), 0.1169960 secs] [Times: user=0.70 sys=0.00, real=0.12 secs] 
3904.417: [GC (Allocation Failure) [PSYoungGen: 388176K->138176K(491520K)] 1054092K->894600K(1889792K), 0.0481767 secs] [Times: user=0.29 sys=0.00, real=0.04 secs] 
3906.719: [GC (Allocation Failure) [PSYoungGen: 432064K->95792K(498688K)] 1188488K->981109K(1896960K), 0.0669416 secs] [Times: user=0.40 sys=0.00, real=0.06 secs] 
3909.069: [GC (Allocation Failure) [PSYoungGen: 399920K->134464K(497664K)] 1285237K->1113805K(1895936K), 0.0515229 secs] [Times: user=0.30 sys=0.01, real=0.05 secs] 
3910.823: [GC (Allocation Failure) [PSYoungGen: 438592K->108080K(499200K)] 1417933K->1212118K(1897472K), 0.0694639 secs] [Times: user=0.37 sys=0.00, real=0.07 secs] 
3912.315: [GC (Allocation Failure) [PSYoungGen: 421936K->140320K(500736K)] 1525974K->1351074K(1899008K), 0.0593406 secs] [Times: user=0.34 sys=0.00, real=0.06 secs] 
3913.760: [GC (Allocation Failure) [PSYoungGen: 454176K->109904K(504320K)] 1664930K->1451755K(1902592K), 0.0723868 secs] [Times: user=0.39 sys=0.04, real=0.07 secs] 
3913.833: [Full GC (Ergonomics) [PSYoungGen: 109904K->0K(504320K)] [ParOldGen: 1341850K->21750K(1398272K)] 1451755K->21750K(1902592K), [Metaspace: 60386K->60386K(1105920K)], 0.0331833 secs] [Times: user=0.07 sys=0.00, real=0.03 secs] 
3915.326: [GC (Allocation Failure) [PSYoungGen: 324608K->147712K(507904K)] 346358K->169462K(1906176K), 0.0293189 secs] [Times: user=0.17 sys=0.01, real=0.03 secs] 
3917.462: [GC (Allocation Failure) [PSYoungGen: 472320K->109776K(510976K)] 494070K->270551K(1909248K), 0.0663225 secs] [Times: user=0.40 sys=0.01, real=0.07 secs] 
3920.250: [GC (Allocation Failure) [PSYoungGen: 438480K->148768K(511488K)] 599255K->416859K(1909760K), 0.0537221 secs] [Times: user=0.32 sys=0.00, real=0.05 secs] 
3922.366: [GC (Allocation Failure) [PSYoungGen: 477472K->114736K(510976K)] 745563K->521952K(1909248K), 0.1044688 secs] [Times: user=0.62 sys=0.00, real=0.11 secs] 
3923.508: [GC (Allocation Failure) [PSYoungGen: 443952K->153840K(511488K)] 851168K->670749K(1909760K), 0.1369297 secs] [Times: user=0.82 sys=0.00, real=0.13 secs] 
3926.921: [GC (Allocation Failure) [PSYoungGen: 483056K->107392K(514048K)] 999965K->769468K(1912320K), 0.1591831 secs] [Times: user=0.95 sys=0.00, real=0.16 secs] 
3928.278: [GC (Allocation Failure) [PSYoungGen: 428444K->150352K(477184K)] 1090520K->915670K(1875456K), 0.0530361 secs] [Times: user=0.31 sys=0.00, real=0.05 secs] 
3932.549: [GC (Allocation Failure) [PSYoungGen: 477008K->103776K(512512K)] 1242326K->1010445K(1910784K), 0.1752267 secs] [Times: user=1.04 sys=0.00, real=0.17 secs] 
3933.997: [GC (Allocation Failure) [PSYoungGen: 419133K->148224K(472576K)] 1325803K->1154326K(1870848K), 0.0511470 secs] [Times: user=0.30 sys=0.00, real=0.05 secs] 
3936.027: [GC (Allocation Failure) [PSYoungGen: 472320K->109520K(513024K)] 1478422K->1254983K(1911296K), 0.1431748 secs] [Times: user=0.85 sys=0.00, real=0.14 secs] 
3936.592: [GC (Allocation Failure) [PSYoungGen: 433616K->152176K(476672K)] 1579079K->1403619K(1874944K), 0.0543525 secs] [Times: user=0.32 sys=0.00, real=0.05 secs] 
3936.646: [Full GC (Ergonomics) [PSYoungGen: 152176K->0K(476672K)] [ParOldGen: 1251443K->208758K(1398272K)] 1403619K->208758K(1874944K), [Metaspace: 60386K->60386K(1105920K)], 0.4799623 secs] [Times: user=2.22 sys=0.00, real=0.48 secs] 
3942.077: [GC (Allocation Failure) [PSYoungGen: 324096K->93792K(509440K)] 532854K->302550K(1907712K), 0.1209080 secs] [Times: user=0.72 sys=0.00, real=0.12 secs] 
3942.562: [GC (Allocation Failure) [PSYoungGen: 413792K->151056K(471552K)] 622550K->449754K(1869824K), 0.0535503 secs] [Times: user=0.31 sys=0.00, real=0.05 secs] 
3946.202: [GC (Allocation Failure) [PSYoungGen: 471056K->94960K(507392K)] 769754K->544474K(1905664K), 0.1641003 secs] [Times: user=0.98 sys=0.00, real=0.16 secs] 
3946.663: [GC (Allocation Failure) [PSYoungGen: 409840K->153344K(468480K)] 859354K->691914K(1866752K), 0.0543634 secs] [Times: user=0.32 sys=0.00, real=0.06 secs] 
3950.898: [GC (Allocation Failure) [PSYoungGen: 468224K->90832K(503808K)] 1006794K->782419K(1902080K), 0.1690408 secs] [Times: user=1.01 sys=0.00, real=0.17 secs] 
3951.738: [GC (Allocation Failure) [PSYoungGen: 399056K->150112K(458752K)] 1090643K->926315K(1857024K), 0.0531140 secs] [Times: user=0.32 sys=0.00, real=0.05 secs] 
3955.275: [GC (Allocation Failure) [PSYoungGen: 458336K->91744K(502272K)] 1234539K->1017671K(1900544K), 0.1672182 secs] [Times: user=1.00 sys=0.00, real=0.17 secs] 
3956.119: [GC (Allocation Failure) [PSYoungGen: 382741K->138528K(443392K)] 1308668K->1152364K(1841664K), 0.0505272 secs] [Times: user=0.30 sys=0.00, real=0.05 secs] 
3959.663: [GC (Allocation Failure) [PSYoungGen: 443168K->94992K(501760K)] 1457004K->1238825K(1900032K), 0.1692800 secs] [Times: user=1.01 sys=0.00, real=0.17 secs] 
3961.103: [GC (Allocation Failure) [PSYoungGen: 401680K->144496K(499712K)] 1545513K->1379098K(1897984K), 0.0491714 secs] [Times: user=0.29 sys=0.00, real=0.05 secs] 
3961.152: [Full GC (Ergonomics) [PSYoungGen: 144496K->0K(499712K)] [ParOldGen: 1234601K->186060K(1398272K)] 1379098K->186060K(1897984K), [Metaspace: 60386K->60386K(1105920K)], 0.4398121 secs] [Times: user=2.04 sys=0.00, real=0.44 secs] 
3963.547: [GC (Allocation Failure) [PSYoungGen: 306688K->101360K(500224K)] 492748K->287421K(1898496K), 0.0716041 secs] [Times: user=0.43 sys=0.00, real=0.07 secs] 
3965.425: [GC (Allocation Failure) [PSYoungGen: 412656K->142768K(502272K)] 598717K->428362K(1900544K), 0.0955705 secs] [Times: user=0.56 sys=0.00, real=0.10 secs] 
3967.987: [GC (Allocation Failure) [PSYoungGen: 454064K->102368K(502784K)] 739658K->521965K(1901056K), 0.0640615 secs] [Times: user=0.39 sys=0.00, real=0.07 secs] 
3970.628: [GC (Allocation Failure) [PSYoungGen: 418272K->146272K(504832K)] 837869K->665578K(1903104K), 0.0516149 secs] [Times: user=0.30 sys=0.00, real=0.05 secs] 
3972.215: [GC (Allocation Failure) [PSYoungGen: 462176K->105216K(505344K)] 981482K->761794K(1903616K), 0.0648378 secs] [Times: user=0.38 sys=0.00, real=0.07 secs] 
3974.834: [GC (Allocation Failure) [PSYoungGen: 423680K->146688K(506368K)] 1080258K->906050K(1904640K), 0.0754020 secs] [Times: user=0.45 sys=0.00, real=0.08 secs] 
3977.260: [GC (Allocation Failure) [PSYoungGen: 465152K->107616K(506368K)] 1224514K->1005227K(1904640K), 0.1191538 secs] [Times: user=0.71 sys=0.00, real=0.12 secs] 
3979.278: [GC (Allocation Failure) [PSYoungGen: 428128K->148544K(507392K)] 1325739K->1150135K(1905664K), 0.0529966 secs] [Times: user=0.31 sys=0.00, real=0.05 secs] 
3980.836: [GC (Allocation Failure) [PSYoungGen: 469056K->110032K(506880K)] 1470647K->1250664K(1905152K), 0.0941491 secs] [Times: user=0.56 sys=0.00, real=0.10 secs] 
3981.607: [GC (Allocation Failure) [PSYoungGen: 432080K->152896K(507904K)] 1572712K->1399728K(1906176K), 0.0539381 secs] [Times: user=0.32 sys=0.00, real=0.05 secs] 
3981.661: [Full GC (Ergonomics) [PSYoungGen: 152896K->0K(507904K)] [ParOldGen: 1246832K->198009K(1398272K)] 1399728K->198009K(1906176K), [Metaspace: 60388K->60388K(1105920K)], 0.4762452 secs] [Times: user=2.22 sys=0.00, real=0.48 secs] 
3984.908: [GC (Allocation Failure) [PSYoungGen: 322048K->106272K(510464K)] 520057K->304281K(1908736K), 0.0847810 secs] [Times: user=0.50 sys=0.00, real=0.08 secs] 
3986.045: [GC (Allocation Failure) [PSYoungGen: 412536K->144576K(508416K)] 610546K->445119K(1906688K), 0.0502122 secs] [Times: user=0.30 sys=0.00, real=0.05 secs] 
3991.287: [GC (Allocation Failure) [PSYoungGen: 465088K->98176K(508928K)] 765631K->534643K(1907200K), 0.1720831 secs] [Times: user=1.02 sys=0.00, real=0.17 secs] 
3992.998: [GC (Allocation Failure) [PSYoungGen: 420224K->152032K(474112K)] 856691K->682932K(1872384K), 0.0501083 secs] [Times: user=0.29 sys=0.00, real=0.05 secs] 
3994.930: [GC (Allocation Failure) [PSYoungGen: 474080K->103568K(509952K)] 1004980K->777813K(1908224K), 0.1753201 secs] [Times: user=1.04 sys=0.00, real=0.17 secs] 
3996.198: [GC (Allocation Failure) [PSYoungGen: 417658K->148272K(507392K)] 1091902K->921706K(1905664K), 0.0504329 secs] [Times: user=0.30 sys=0.00, real=0.05 secs] 
3999.305: [GC (Allocation Failure) [PSYoungGen: 466736K->105216K(506368K)] 1240170K->1018113K(1904640K), 0.1523592 secs] [Times: user=0.90 sys=0.00, real=0.16 secs] 
4000.514: [GC (Allocation Failure) [PSYoungGen: 421430K->146112K(506880K)] 1334327K->1160662K(1905152K), 0.1252080 secs] [Times: user=0.75 sys=0.00, real=0.13 secs] 
4003.649: [GC (Allocation Failure) [PSYoungGen: 464576K->103840K(507904K)] 1479126K->1255494K(1906176K), 0.1510599 secs] [Times: user=0.90 sys=0.00, real=0.15 secs] 
4005.255: [GC (Allocation Failure) [PSYoungGen: 416155K->147728K(508416K)] 1567809K->1399539K(1906688K), 0.1325959 secs] [Times: user=0.78 sys=0.01, real=0.14 secs] 
4005.388: [Full GC (Ergonomics) [PSYoungGen: 147728K->0K(508416K)] [ParOldGen: 1251810K->198021K(1398272K)] 1399539K->198021K(1906688K), [Metaspace: 60389K->60389K(1105920K)], 0.5295675 secs] [Times: user=2.53 sys=0.00, real=0.53 secs] 
4008.924: [GC (Allocation Failure) [PSYoungGen: 320512K->105376K(507904K)] 518533K->303397K(1906176K), 0.0944132 secs] [Times: user=0.55 sys=0.00, real=0.10 secs] 
4009.936: [GC (Allocation Failure) [PSYoungGen: 423249K->146384K(508416K)] 621271K->446094K(1906688K), 0.0501682 secs] [Times: user=0.30 sys=0.00, real=0.05 secs] 
4012.886: [GC (Allocation Failure) [PSYoungGen: 467408K->106784K(507392K)] 767118K->543446K(1905664K), 0.1622009 secs] [Times: user=0.96 sys=0.01, real=0.17 secs] 
4014.779: [GC (Allocation Failure) [PSYoungGen: 420187K->145360K(508416K)] 856849K->684376K(1906688K), 0.0497448 secs] [Times: user=0.29 sys=0.00, real=0.05 secs] 
4018.489: [GC (GCLocker Initiated GC) [PSYoungGen: 467408K->103952K(509952K)] 1006425K->779120K(1908224K), 0.1578567 secs] [Times: user=0.93 sys=0.00, real=0.15 secs] 
4019.988: [GC (Allocation Failure) [PSYoungGen: 428560K->145664K(510464K)] 1120164K->936806K(1908736K), 0.2484118 secs] [Times: user=1.49 sys=0.00, real=0.24 secs] 
4024.811: [GC (Allocation Failure) [PSYoungGen: 470272K->96032K(512000K)] 1261414K->1032826K(1910272K), 0.4377099 secs] [Times: user=2.62 sys=0.00, real=0.44 secs] 
4025.652: [GC (Allocation Failure) [PSYoungGen: 421152K->158400K(483840K)] 1357946K->1185183K(1882112K), 0.0554312 secs] [Times: user=0.33 sys=0.00, real=0.06 secs] 
4030.192: [GC (Allocation Failure) [PSYoungGen: 483520K->96320K(506880K)] 1510303K->1281303K(1905152K), 0.1405903 secs] [Times: user=0.84 sys=0.00, real=0.14 secs] 
4030.559: [GC (Allocation Failure) [PSYoungGen: 410176K->152784K(466944K)] 1595159K->1428177K(1865216K), 0.0558666 secs] [Times: user=0.33 sys=0.00, real=0.05 secs] 
4030.615: [Full GC (Ergonomics) [PSYoungGen: 152784K->0K(466944K)] [ParOldGen: 1275392K->225718K(1398272K)] 1428177K->225718K(1865216K), [Metaspace: 60389K->60389K(1105920K)], 0.5349797 secs] [Times: user=2.50 sys=0.00, real=0.54 secs] 
4035.199: [GC (Allocation Failure) [PSYoungGen: 313856K->91152K(503808K)] 539574K->316871K(1902080K), 0.0994901 secs] [Times: user=0.59 sys=0.00, real=0.10 secs] 
4035.557: [GC (Allocation Failure) [PSYoungGen: 399376K->148736K(457216K)] 625095K->459227K(1855488K), 0.0539494 secs] [Times: user=0.32 sys=0.00, real=0.05 secs] 
4039.591: [GC (Allocation Failure) [PSYoungGen: 456960K->89920K(502784K)] 767451K->548755K(1901056K), 0.1696533 secs] [Times: user=1.01 sys=0.00, real=0.17 secs] 
4040.117: [GC (Allocation Failure) [PSYoungGen: 395584K->149120K(455168K)] 854419K->691552K(1853440K), 0.0528377 secs] [Times: user=0.32 sys=0.00, real=0.06 secs] 
4043.005: [GC (Allocation Failure) [PSYoungGen: 454784K->90896K(501760K)] 997216K->782077K(1900032K), 0.1624095 secs] [Times: user=0.97 sys=0.00, real=0.17 secs] 
4043.670: [GC (Allocation Failure) [PSYoungGen: 394000K->145776K(500224K)] 1085181K->921946K(1898496K), 0.0534527 secs] [Times: user=0.31 sys=0.00, real=0.05 secs] 
4046.583: [GC (Allocation Failure) [PSYoungGen: 448880K->92752K(499200K)] 1225050K->1013850K(1897472K), 0.1414649 secs] [Times: user=0.84 sys=0.01, real=0.14 secs] 
4047.697: [GC (Allocation Failure) [PSYoungGen: 395856K->141184K(499712K)] 1316954K->1151306K(1897984K), 0.0512729 secs] [Times: user=0.30 sys=0.01, real=0.05 secs] 
4051.332: [GC (Allocation Failure) [PSYoungGen: 444288K->98489K(496128K)] 1454410K->1240439K(1894400K), 0.0977912 secs] [Times: user=0.58 sys=0.00, real=0.10 secs] 
4051.836: [GC (Allocation Failure) [PSYoungGen: 404153K->145472K(499200K)] 1546103K->1382059K(1897472K), 0.0502499 secs] [Times: user=0.29 sys=0.01, real=0.05 secs] 
4051.886: [Full GC (Ergonomics) [PSYoungGen: 145472K->0K(499200K)] [ParOldGen: 1236587K->188392K(1398272K)] 1382059K->188392K(1897472K), [Metaspace: 60389K->60389K(1105920K)], 0.4680138 secs] [Times: user=2.18 sys=0.00, real=0.47 secs] 
4054.332: [GC (GCLocker Initiated GC) [PSYoungGen: 305664K->100304K(500736K)] 494056K->288697K(1899008K), 0.0945973 secs] [Times: user=0.46 sys=0.00, real=0.09 secs] 
4055.943: [GC (Allocation Failure) [PSYoungGen: 410576K->146400K(502272K)] 598972K->431545K(1900544K), 0.0500920 secs] [Times: user=0.29 sys=0.00, real=0.05 secs] 
4057.857: [GC (Allocation Failure) [PSYoungGen: 454652K->102960K(501248K)] 739797K->525433K(1899520K), 0.1657914 secs] [Times: user=0.99 sys=0.01, real=0.16 secs] 
4059.939: [GC (Allocation Failure) [PSYoungGen: 415280K->143168K(502784K)] 837753K->665942K(1901056K), 0.0516706 secs] [Times: user=0.30 sys=0.01, real=0.05 secs] 
4061.670: [GC (Allocation Failure) [PSYoungGen: 455488K->105136K(502784K)] 978262K->762070K(1901056K), 0.1137920 secs] [Times: user=0.67 sys=0.01, real=0.11 secs] 
4064.453: [GC (Allocation Failure) [PSYoungGen: 421552K->144928K(504832K)] 1078486K->904458K(1903104K), 0.0527020 secs] [Times: user=0.31 sys=0.00, real=0.05 secs] 
4067.321: [GC (Allocation Failure) [PSYoungGen: 461344K->104864K(505856K)] 1220874K->1000442K(1904128K), 0.1444248 secs] [Times: user=0.86 sys=0.00, real=0.14 secs] 
4069.263: [GC (Allocation Failure) [PSYoungGen: 425376K->156128K(476672K)] 1320954K->1153795K(1874944K), 0.0533256 secs] [Times: user=0.32 sys=0.00, real=0.05 secs] 
4070.930: [GC (Allocation Failure) [PSYoungGen: 476640K->108992K(509952K)] 1474307K->1245555K(1908224K), 0.1149750 secs] [Times: user=0.69 sys=0.00, real=0.11 secs] 
4072.669: [GC (Allocation Failure) [PSYoungGen: 425920K->148080K(505856K)] 1562483K->1390105K(1904128K), 0.0530484 secs] [Times: user=0.31 sys=0.00, real=0.05 secs] 
4072.722: [Full GC (Ergonomics) [PSYoungGen: 148080K->0K(505856K)] [ParOldGen: 1242024K->189747K(1398272K)] 1390105K->189747K(1904128K), [Metaspace: 60390K->60390K(1105920K)], 0.4529054 secs] [Times: user=2.11 sys=0.00, real=0.45 secs] 
4076.022: [GC (Allocation Failure) [PSYoungGen: 316928K->101632K(507904K)] 506675K->291379K(1906176K), 0.0662785 secs] [Times: user=0.39 sys=0.00, real=0.07 secs] 
4077.925: [GC (Allocation Failure) [PSYoungGen: 419584K->147872K(507392K)] 609331K->435371K(1905664K), 0.0507382 secs] [Times: user=0.30 sys=0.01, real=0.05 secs] 
4080.000: [GC (Allocation Failure) [PSYoungGen: 465824K->106112K(505344K)] 753323K->532175K(1903616K), 0.0932020 secs] [Times: user=0.55 sys=0.00, real=0.09 secs] 
4081.745: [GC (Allocation Failure) [PSYoungGen: 424064K->148352K(506368K)] 850127K->676788K(1904640K), 0.0521257 secs] [Times: user=0.31 sys=0.01, real=0.06 secs] 
4084.529: [GC (Allocation Failure) [PSYoungGen: 466304K->103360K(507904K)] 994740K->771168K(1906176K), 0.1604899 secs] [Times: user=0.95 sys=0.00, real=0.16 secs] 
4086.905: [GC (Allocation Failure) [PSYoungGen: 422848K->150256K(470016K)] 1090656K->916641K(1868288K), 0.0519675 secs] [Times: user=0.31 sys=0.00, real=0.06 secs] 
4091.221: [GC (Allocation Failure) [PSYoungGen: 469744K->102480K(509440K)] 1236129K->1010105K(1907712K), 0.1663851 secs] [Times: user=0.99 sys=0.01, real=0.17 secs] 
4093.028: [GC (Allocation Failure) [PSYoungGen: 419920K->151056K(468992K)] 1327545K->1156774K(1867264K), 0.0522812 secs] [Times: user=0.31 sys=0.00, real=0.05 secs] 
4095.612: [GC (Allocation Failure) [PSYoungGen: 468496K->103200K(508416K)] 1474214K->1251121K(1906688K), 0.1493831 secs] [Times: user=0.73 sys=0.00, real=0.15 secs] 
4097.453: [GC (Allocation Failure) [PSYoungGen: 418592K->149520K(505856K)] 1566513K->1395851K(1904128K), 0.0513199 secs] [Times: user=0.30 sys=0.00, real=0.05 secs] 
4097.504: [Full GC (Ergonomics) [PSYoungGen: 149520K->0K(505856K)] [ParOldGen: 1246330K->194780K(1398272K)] 1395851K->194780K(1904128K), [Metaspace: 60405K->60405K(1105920K)], 0.4629149 secs] [Times: user=2.16 sys=0.00, real=0.47 secs] 
4100.450: [GC (Allocation Failure) [PSYoungGen: 315392K->102560K(505856K)] 510172K->297340K(1904128K), 0.0921869 secs] [Times: user=0.54 sys=0.01, real=0.09 secs] 
4102.619: [GC (Allocation Failure) [PSYoungGen: 417952K->156464K(472064K)] 612732K->449914K(1870336K), 0.0505284 secs] [Times: user=0.30 sys=0.00, real=0.05 secs] 
4105.917: [GC (Allocation Failure) [PSYoungGen: 471856K->102320K(505344K)] 765306K->535466K(1903616K), 0.1389975 secs] [Times: user=0.75 sys=0.00, real=0.14 secs] 
4107.425: [GC (Allocation Failure) [PSYoungGen: 412080K->147680K(503296K)] 845226K->678638K(1901568K), 0.0503118 secs] [Times: user=0.30 sys=0.00, real=0.05 secs] 
4110.787: [GC (Allocation Failure) [PSYoungGen: 457440K->100576K(501760K)] 988398K->770390K(1900032K), 0.1741562 secs] [Times: user=1.04 sys=0.00, real=0.17 secs] 
4112.755: [GC (Allocation Failure) [PSYoungGen: 410848K->145408K(502784K)] 1080662K->911927K(1901056K), 0.0507594 secs] [Times: user=0.29 sys=0.01, real=0.05 secs] 
4115.621: [GC (Allocation Failure) [PSYoungGen: 455680K->100112K(503296K)] 1222199K->1003199K(1901568K), 0.1328929 secs] [Times: user=0.80 sys=0.00, real=0.13 secs] 
4117.306: [GC (Allocation Failure) [PSYoungGen: 412944K->147328K(504320K)] 1316031K->1147699K(1902592K), 0.0546549 secs] [Times: user=0.32 sys=0.00, real=0.06 secs] 
4119.668: [GC (Allocation Failure) [PSYoungGen: 460160K->101424K(504320K)] 1460531K->1240708K(1902592K), 0.1546140 secs] [Times: user=0.91 sys=0.00, real=0.15 secs] 
4122.051: [GC (Allocation Failure) [PSYoungGen: 415280K->145952K(504832K)] 1554564K->1383796K(1903104K), 0.0520736 secs] [Times: user=0.31 sys=0.00, real=0.05 secs] 
4122.104: [Full GC (Ergonomics) [PSYoungGen: 145952K->0K(504832K)] [ParOldGen: 1237844K->182323K(1398272K)] 1383796K->182323K(1903104K), [Metaspace: 60405K->60405K(1105920K)], 0.4321586 secs] [Times: user=2.00 sys=0.00, real=0.43 secs] 
4124.726: [GC (Allocation Failure) [PSYoungGen: 313856K->103328K(504320K)] 496179K->285651K(1902592K), 0.0452464 secs] [Times: user=0.27 sys=0.00, real=0.05 secs] 
4127.329: [GC (Allocation Failure) [PSYoungGen: 418720K->144160K(505344K)] 601043K->427744K(1903616K), 0.0513179 secs] [Times: user=0.31 sys=0.00, real=0.05 secs] 
4129.486: [GC (Allocation Failure) [PSYoungGen: 459552K->104960K(504320K)] 743136K->523960K(1902592K), 0.0953812 secs] [Times: user=0.57 sys=0.00, real=0.10 secs] 
4132.312: [GC (Allocation Failure) [PSYoungGen: 423424K->144768K(506368K)] 842424K->666045K(1904640K), 0.0526916 secs] [Times: user=0.32 sys=0.00, real=0.05 secs] 
4134.555: [GC (Allocation Failure) [PSYoungGen: 463232K->107504K(505856K)] 984509K->764522K(1904128K), 0.1673944 secs] [Times: user=1.00 sys=0.00, real=0.17 secs] 
4136.514: [GC (Allocation Failure) [PSYoungGen: 429552K->148096K(507904K)] 1086570K->910150K(1906176K), 0.0539876 secs] [Times: user=0.31 sys=0.00, real=0.06 secs] 
4139.462: [GC (Allocation Failure) [PSYoungGen: 470144K->106496K(509952K)] 1232198K->1007926K(1908224K), 0.1674078 secs] [Times: user=1.00 sys=0.01, real=0.17 secs] 
4140.804: [GC (Allocation Failure) [PSYoungGen: 430592K->154160K(478720K)] 1332022K->1158667K(1876992K), 0.0685269 secs] [Times: user=0.40 sys=0.00, real=0.07 secs] 
4144.117: [GC (Allocation Failure) [PSYoungGen: 478256K->105648K(510464K)] 1482763K->1255831K(1908736K), 0.1713916 secs] [Times: user=1.02 sys=0.01, real=0.18 secs] 
4145.756: [GC (Allocation Failure) [PSYoungGen: 419474K->147344K(507904K)] 1569658K->1399052K(1906176K), 0.0514389 secs] [Times: user=0.31 sys=0.00, real=0.06 secs] 
4145.808: [Full GC (Ergonomics) [PSYoungGen: 147344K->0K(507904K)] [ParOldGen: 1251707K->197001K(1398272K)] 1399052K->197001K(1906176K), [Metaspace: 60406K->60406K(1105920K)], 0.4715893 secs] [Times: user=2.20 sys=0.00, real=0.47 secs] 
4148.740: [GC (Allocation Failure) [PSYoungGen: 319488K->106144K(506880K)] 516489K->303145K(1905152K), 0.0875078 secs] [Times: user=0.52 sys=0.00, real=0.09 secs] 
4150.222: [GC (Allocation Failure) [PSYoungGen: 419129K->144064K(507904K)] 616130K->443953K(1906176K), 0.1197116 secs] [Times: user=0.70 sys=0.01, real=0.12 secs] 
4153.527: [GC (Allocation Failure) [PSYoungGen: 464576K->105344K(507392K)] 764465K->540785K(1905664K), 0.1607372 secs] [Times: user=0.96 sys=0.00, real=0.17 secs] 
4155.013: [GC (Allocation Failure) [PSYoungGen: 419698K->145264K(508928K)] 855140K->682471K(1907200K), 0.0504937 secs] [Times: user=0.30 sys=0.00, real=0.05 secs] 
4158.016: [GC (Allocation Failure) [PSYoungGen: 468336K->105648K(509440K)] 1005543K->779155K(1907712K), 0.1687114 secs] [Times: user=1.01 sys=0.00, real=0.17 secs] 
4159.054: [GC (Allocation Failure) [PSYoungGen: 431280K->154768K(480768K)] 1104787K->930332K(1879040K), 0.0526989 secs] [Times: user=0.32 sys=0.00, real=0.06 secs] 
4162.642: [GC (Allocation Failure) [PSYoungGen: 478899K->95568K(509440K)] 1254463K->1025344K(1907712K), 0.1655639 secs] [Times: user=0.98 sys=0.01, real=0.17 secs] 
4163.531: [GC (Allocation Failure) [PSYoungGen: 415056K->152160K(472064K)] 1344832K->1173155K(1870336K), 0.0556645 secs] [Times: user=0.33 sys=0.00, real=0.06 secs] 
4166.791: [GC (Allocation Failure) [PSYoungGen: 471648K->95856K(506880K)] 1492643K->1268615K(1905152K), 0.1708668 secs] [Times: user=1.02 sys=0.00, real=0.17 secs] 
4167.416: [GC (Allocation Failure) [PSYoungGen: 409712K->153216K(467456K)] 1582471K->1415992K(1865728K), 0.0544935 secs] [Times: user=0.32 sys=0.01, real=0.06 secs] 
4167.471: [Full GC (Ergonomics) [PSYoungGen: 153216K->0K(467456K)] [ParOldGen: 1262776K->214925K(1398272K)] 1415992K->214925K(1865728K), [Metaspace: 60406K->60406K(1105920K)], 0.5136065 secs] [Times: user=2.41 sys=0.00, real=0.51 secs] 
4171.186: [GC (Allocation Failure) [PSYoungGen: 313856K->92481K(503808K)] 528781K->307407K(1902080K), 0.1372047 secs] [Times: user=0.81 sys=0.00, real=0.14 secs] 
4172.046: [GC (Allocation Failure) [PSYoungGen: 400193K->149600K(457728K)] 615119K->450451K(1856000K), 0.0537706 secs] [Times: user=0.32 sys=0.00, real=0.06 secs] 
4175.353: [GC (Allocation Failure) [PSYoungGen: 457312K->89808K(502272K)] 758163K->539904K(1900544K), 0.1780985 secs] [Times: user=1.06 sys=0.00, real=0.18 secs] 
4176.413: [GC (Allocation Failure) [PSYoungGen: 380578K->138432K(443392K)] 830673K->674378K(1841664K), 0.0498697 secs] [Times: user=0.29 sys=0.00, real=0.05 secs] 
4178.065: [GC (GCLocker Initiated GC) [PSYoungGen: 443072K->100272K(502784K)] 979018K->766055K(1901056K), 0.1299922 secs] [Times: user=0.77 sys=0.00, real=0.13 secs] 
4179.446: [GC (Allocation Failure) [PSYoungGen: 407984K->145280K(499712K)] 1073819K->907219K(1897984K), 0.0505841 secs] [Times: user=0.30 sys=0.00, real=0.05 secs] 
4184.143: [GC (GCLocker Initiated GC) [PSYoungGen: 452992K->97872K(504320K)] 1214931K->995920K(1902592K), 0.1321530 secs] [Times: user=0.79 sys=0.00, real=0.13 secs] 
4185.917: [GC (Allocation Failure) [PSYoungGen: 411216K->144352K(504832K)] 1309319K->1136571K(1903104K), 0.0505199 secs] [Times: user=0.30 sys=0.00, real=0.05 secs] 
4189.953: [GC (Allocation Failure) [PSYoungGen: 457696K->104160K(502272K)] 1449915K->1231231K(1900544K), 0.0817702 secs] [Times: user=0.48 sys=0.00, real=0.08 secs] 
4191.935: [GC (Allocation Failure) [PSYoungGen: 419040K->145824K(504320K)] 1546111K->1374224K(1902592K), 0.0531383 secs] [Times: user=0.31 sys=0.00, real=0.06 secs] 
4191.988: [Full GC (Ergonomics) [PSYoungGen: 145824K->0K(504320K)] [ParOldGen: 1228400K->180682K(1398272K)] 1374224K->180682K(1902592K), [Metaspace: 60413K->60413K(1105920K)], 0.4377490 secs] [Times: user=2.04 sys=0.01, real=0.43 secs] 
4193.740: [GC (Allocation Failure) [PSYoungGen: 313237K->106512K(504320K)] 493920K->287195K(1902592K), 0.0578227 secs] [Times: user=0.34 sys=0.00, real=0.06 secs] 
4195.711: [GC (Allocation Failure) [PSYoungGen: 424464K->145120K(505856K)] 605147K->430559K(1904128K), 0.0529222 secs] [Times: user=0.31 sys=0.00, real=0.05 secs] 
4197.924: [GC (Allocation Failure) [PSYoungGen: 463072K->106208K(506368K)] 748511K->527807K(1904640K), 0.0836080 secs] [Times: user=0.49 sys=0.01, real=0.09 secs] 
4200.215: [GC (Allocation Failure) [PSYoungGen: 427744K->155536K(477184K)] 849343K->679829K(1875456K), 0.0527395 secs] [Times: user=0.31 sys=0.00, real=0.06 secs] 
4203.991: [GC (Allocation Failure) [PSYoungGen: 477072K->106112K(509952K)] 1001365K->768532K(1908224K), 0.1633744 secs] [Times: user=0.97 sys=0.00, real=0.16 secs] 
4205.602: [GC (Allocation Failure) [PSYoungGen: 424064K->150656K(506880K)] 1086484K->915573K(1905152K), 0.0530037 secs] [Times: user=0.32 sys=0.00, real=0.05 secs] 
4208.043: [GC (Allocation Failure) [PSYoungGen: 468608K->102688K(507904K)] 1233525K->1009441K(1906176K), 0.0930348 secs] [Times: user=0.55 sys=0.00, real=0.09 secs] 
4209.386: [GC (Allocation Failure) [PSYoungGen: 419616K->147776K(506880K)] 1326369K->1153566K(1905152K), 0.0515546 secs] [Times: user=0.30 sys=0.00, real=0.06 secs] 
4212.459: [GC (GCLocker Initiated GC) [PSYoungGen: 464704K->104304K(505856K)] 1470494K->1248922K(1904128K), 0.1673265 secs] [Times: user=0.99 sys=0.01, real=0.16 secs] 
4214.234: [GC (Allocation Failure) [PSYoungGen: 421232K->147488K(506368K)] 1565902K->1392506K(1904640K), 0.0512108 secs] [Times: user=0.31 sys=0.00, real=0.05 secs] 
4214.285: [Full GC (Ergonomics) [PSYoungGen: 147488K->0K(506368K)] [ParOldGen: 1245018K->189447K(1398272K)] 1392506K->189447K(1904640K), [Metaspace: 60413K->60413K(1105920K)], 0.4619482 secs] [Times: user=2.17 sys=0.00, real=0.47 secs] 
4219.287: [GC (Allocation Failure) [PSYoungGen: 316928K->99328K(507392K)] 506375K->288775K(1905664K), 0.0946072 secs] [Times: user=0.56 sys=0.01, real=0.10 secs] 
4220.837: [GC (Allocation Failure) [PSYoungGen: 417280K->150528K(468992K)] 606727K->435983K(1867264K), 0.0502165 secs] [Times: user=0.30 sys=0.00, real=0.05 secs] 
4222.388: [GC (Allocation Failure) [PSYoungGen: 468480K->106192K(508928K)] 753935K->533412K(1907200K), 0.1248359 secs] [Times: user=0.74 sys=0.00, real=0.12 secs] 
4224.426: [GC (Allocation Failure) [PSYoungGen: 422096K->146944K(505856K)] 849316K->676944K(1904128K), 0.0520319 secs] [Times: user=0.30 sys=0.00, real=0.06 secs] 
4227.549: [GC (Allocation Failure) [PSYoungGen: 462848K->103488K(505344K)] 992848K->771168K(1903616K), 0.1587974 secs] [Times: user=0.94 sys=0.01, real=0.16 secs] 
4229.092: [GC (Allocation Failure) [PSYoungGen: 420928K->150304K(506368K)] 1088608K->917149K(1904640K), 0.0531863 secs] [Times: user=0.28 sys=0.00, real=0.05 secs] 
4232.138: [GC (Allocation Failure) [PSYoungGen: 467744K->104608K(507392K)] 1234589K->1012733K(1905664K), 0.1592299 secs] [Times: user=0.94 sys=0.00, real=0.16 secs] 
4233.733: [GC (Allocation Failure) [PSYoungGen: 422048K->150304K(467968K)] 1330173K->1159570K(1866240K), 0.0520124 secs] [Times: user=0.30 sys=0.00, real=0.05 secs] 
4237.794: [GC (Allocation Failure) [PSYoungGen: 467744K->103296K(508928K)] 1477010K->1254074K(1907200K), 0.1727471 secs] [Times: user=1.02 sys=0.01, real=0.17 secs] 
4239.256: [GC (Allocation Failure) [PSYoungGen: 419712K->146528K(506368K)] 1570490K->1396575K(1904640K), 0.0507294 secs] [Times: user=0.29 sys=0.00, real=0.05 secs] 
4239.307: [Full GC (Ergonomics) [PSYoungGen: 146528K->0K(506368K)] [ParOldGen: 1250047K->194838K(1398272K)] 1396575K->194838K(1904640K), [Metaspace: 60413K->60413K(1105920K)], 0.4927074 secs] [Times: user=2.25 sys=0.00, real=0.50 secs] 
4243.501: [GC (Allocation Failure) [PSYoungGen: 316416K->103136K(506368K)] 511254K->297974K(1904640K), 0.0636408 secs] [Times: user=0.37 sys=0.00, real=0.06 secs] 
4244.242: [GC (Allocation Failure) [PSYoungGen: 420576K->151296K(468992K)] 615414K->445212K(1867264K), 0.0587116 secs] [Times: user=0.35 sys=0.00, real=0.06 secs] 
4248.789: [GC (Allocation Failure) [PSYoungGen: 468736K->102480K(508416K)] 762652K->538896K(1906688K), 0.1509934 secs] [Times: user=0.90 sys=0.01, real=0.15 secs] 
4250.063: [GC (Allocation Failure) [PSYoungGen: 418384K->147344K(506368K)] 854800K->682441K(1904640K), 0.0515698 secs] [Times: user=0.31 sys=0.00, real=0.05 secs] 
4254.339: [GC (GCLocker Initiated GC) [PSYoungGen: 463248K->104064K(504832K)] 998346K->777181K(1903104K), 0.1676235 secs] [Times: user=0.99 sys=0.00, real=0.17 secs] 
4256.407: [GC (Allocation Failure) [PSYoungGen: 420480K->156032K(472576K)] 1093652K->929205K(1870848K), 0.0522315 secs] [Times: user=0.31 sys=0.00, real=0.05 secs] 
4260.211: [GC (Allocation Failure) [PSYoungGen: 472448K->103440K(506880K)] 1245621K->1015513K(1905152K), 0.1829818 secs] [Times: user=0.92 sys=0.01, real=0.18 secs] 
4261.275: [GC (Allocation Failure) [PSYoungGen: 415760K->145312K(504320K)] 1327833K->1157284K(1902592K), 0.0818527 secs] [Times: user=0.49 sys=0.00, real=0.09 secs] 
4263.585: [GC (Allocation Failure) [PSYoungGen: 457632K->102352K(503296K)] 1469604K->1250821K(1901568K), 0.1557171 secs] [Times: user=0.93 sys=0.00, real=0.16 secs] 
4264.989: [GC (Allocation Failure) [PSYoungGen: 416208K->145856K(504320K)] 1564677K->1393617K(1902592K), 0.0543699 secs] [Times: user=0.32 sys=0.00, real=0.05 secs] 
4265.044: [Full GC (Ergonomics) [PSYoungGen: 145856K->0K(504320K)] [ParOldGen: 1247761K->190910K(1398272K)] 1393617K->190910K(1902592K), [Metaspace: 60413K->60413K(1105920K)], 0.4626139 secs] [Times: user=2.15 sys=0.00, real=0.46 secs] 
4269.053: [GC (Allocation Failure) [PSYoungGen: 313856K->101760K(504832K)] 504766K->292670K(1903104K), 0.0933818 secs] [Times: user=0.55 sys=0.00, real=0.09 secs] 
4271.026: [GC (Allocation Failure) [PSYoungGen: 418176K->148496K(505856K)] 609086K->437188K(1904128K), 0.0504191 secs] [Times: user=0.30 sys=0.00, real=0.05 secs] 
4273.540: [GC (Allocation Failure) [PSYoungGen: 464912K->105920K(505856K)] 753604K->534103K(1904128K), 0.1466782 secs] [Times: user=0.87 sys=0.00, real=0.14 secs] 
4275.905: [GC (Allocation Failure) [PSYoungGen: 423360K->146416K(506368K)] 851543K->676937K(1904640K), 0.0524575 secs] [Times: user=0.31 sys=0.00, real=0.06 secs] 
4277.829: [GC (Allocation Failure) [PSYoungGen: 463856K->108224K(504832K)] 994377K->776024K(1903104K), 0.1281629 secs] [Times: user=0.77 sys=0.00, real=0.13 secs] 
4279.033: [GC (Allocation Failure) [PSYoungGen: 427200K->147936K(506368K)] 1095000K->920049K(1904640K), 0.0528604 secs] [Times: user=0.31 sys=0.00, real=0.05 secs] 
4283.554: [GC (Allocation Failure) [PSYoungGen: 466912K->105104K(508928K)] 1239025K->1015454K(1907200K), 0.1611811 secs] [Times: user=0.96 sys=0.00, real=0.16 secs] 
4285.276: [GC (Allocation Failure) [PSYoungGen: 425777K->150048K(472064K)] 1336127K->1160670K(1870336K), 0.0527050 secs] [Times: user=0.31 sys=0.00, real=0.06 secs] 
4290.223: [GC (Allocation Failure) [PSYoungGen: 471584K->102912K(510464K)] 1482206K->1254754K(1908736K), 0.1675880 secs] [Times: user=0.99 sys=0.02, real=0.17 secs] 
4291.919: [GC (Allocation Failure) [PSYoungGen: 420930K->148336K(508416K)] 1572773K->1399108K(1906688K), 0.0518721 secs] [Times: user=0.31 sys=0.00, real=0.05 secs] 
4291.971: [Full GC (Ergonomics) [PSYoungGen: 148336K->0K(508416K)] [ParOldGen: 1250771K->197020K(1398272K)] 1399108K->197020K(1906688K), [Metaspace: 60414K->60414K(1105920K)], 0.4790558 secs] [Times: user=2.23 sys=0.00, real=0.48 secs] 
4294.414: [GC (Allocation Failure) [PSYoungGen: 320000K->103040K(508416K)] 517020K->300060K(1906688K), 0.0982757 secs] [Times: user=0.58 sys=0.00, real=0.10 secs] 
4296.088: [GC (Allocation Failure) [PSYoungGen: 417297K->148896K(468992K)] 614318K->444653K(1867264K), 0.0497646 secs] [Times: user=0.29 sys=0.00, real=0.05 secs] 
4300.236: [GC (Allocation Failure) [PSYoungGen: 468896K->104080K(510464K)] 764653K->540026K(1908736K), 0.1687277 secs] [Times: user=1.00 sys=0.00, real=0.17 secs] 
4301.489: [GC (Allocation Failure) [PSYoungGen: 416117K->147872K(507904K)] 852063K->683638K(1906176K), 0.0506576 secs] [Times: user=0.30 sys=0.00, real=0.05 secs] 
4303.909: [GC (Allocation Failure) [PSYoungGen: 467360K->106400K(506880K)] 1003126K->780878K(1905152K), 0.1736542 secs] [Times: user=1.03 sys=0.00, real=0.17 secs] 
4306.359: [GC (Allocation Failure) [PSYoungGen: 418279K->144640K(507392K)] 1092757K->921575K(1905664K), 0.1316985 secs] [Times: user=0.78 sys=0.00, real=0.13 secs] 
4309.771: [GC (Allocation Failure) [PSYoungGen: 464128K->102576K(507904K)] 1241063K->1015712K(1906176K), 0.1583704 secs] [Times: user=0.93 sys=0.00, real=0.16 secs] 
4311.710: [GC (Allocation Failure) [PSYoungGen: 421805K->148480K(508928K)] 1334940K->1160044K(1907200K), 0.0508346 secs] [Times: user=0.31 sys=0.00, real=0.05 secs] 
4314.621: [GC (Allocation Failure) [PSYoungGen: 470528K->103104K(509952K)] 1482092K->1254572K(1908224K), 0.1810094 secs] [Times: user=1.08 sys=0.00, real=0.18 secs] 
4316.389: [GC (Allocation Failure) [PSYoungGen: 419347K->148544K(471040K)] 1570815K->1398565K(1869312K), 0.0522758 secs] [Times: user=0.30 sys=0.00, real=0.05 secs] 
4316.442: [Full GC (Ergonomics) [PSYoungGen: 148544K->0K(471040K)] [ParOldGen: 1250021K->196903K(1398272K)] 1398565K->196903K(1869312K), [Metaspace: 60414K->60414K(1105920K)], 0.4755479 secs] [Times: user=2.21 sys=0.00, real=0.48 secs] 
4319.649: [GC (GCLocker Initiated GC) [PSYoungGen: 322048K->105568K(511488K)] 518951K->302471K(1909760K), 0.1004830 secs] [Times: user=0.59 sys=0.01, real=0.10 secs] 
4321.182: [GC (Allocation Failure) [PSYoungGen: 427104K->142848K(508928K)] 640411K->457452K(1907200K), 0.2345649 secs] [Times: user=1.40 sys=0.00, real=0.23 secs] 
4325.198: [GC (Allocation Failure) [PSYoungGen: 464384K->93648K(509952K)] 778988K->551033K(1908224K), 0.4439932 secs] [Times: user=2.66 sys=0.01, real=0.44 secs] 
4326.416: [GC (Allocation Failure) [PSYoungGen: 415696K->153312K(475648K)] 873081K->698617K(1873920K), 0.0539508 secs] [Times: user=0.32 sys=0.00, real=0.06 secs] 
4329.550: [GC (Allocation Failure) [PSYoungGen: 475360K->96352K(508416K)] 1020665K->794893K(1906688K), 0.1630074 secs] [Times: user=0.97 sys=0.00, real=0.16 secs] 
4330.071: [GC (Allocation Failure) [PSYoungGen: 412768K->153984K(470528K)] 1111309K->943026K(1868800K), 0.0561432 secs] [Times: user=0.33 sys=0.00, real=0.06 secs] 
4333.907: [GC (Allocation Failure) [PSYoungGen: 470400K->91264K(504320K)] 1259442K->1034074K(1902592K), 0.1763617 secs] [Times: user=1.04 sys=0.00, real=0.18 secs] 
4334.548: [GC (Allocation Failure) [PSYoungGen: 400512K->150720K(460288K)] 1343322K->1178599K(1858560K), 0.0552700 secs] [Times: user=0.32 sys=0.00, real=0.05 secs] 
4338.589: [GC (Allocation Failure) [PSYoungGen: 459968K->90432K(502272K)] 1487847K->1268943K(1900544K), 0.1617207 secs] [Times: user=0.96 sys=0.00, real=0.16 secs] 
4339.685: [GC (Allocation Failure) [PSYoungGen: 395072K->148192K(453120K)] 1573583K->1411091K(1851392K), 0.0546215 secs] [Times: user=0.33 sys=0.00, real=0.06 secs] 
4339.740: [Full GC (Ergonomics) [PSYoungGen: 148192K->0K(453120K)] [ParOldGen: 1262899K->209888K(1398272K)] 1411091K->209888K(1851392K), [Metaspace: 60414K->60414K(1105920K)], 0.4988572 secs] [Times: user=2.34 sys=0.00, real=0.50 secs] 
4342.938: [GC (Allocation Failure) [PSYoungGen: 304640K->89472K(501760K)] 514528K->299360K(1900032K), 0.1515459 secs] [Times: user=0.91 sys=0.00, real=0.15 secs] 
4344.371: [GC (Allocation Failure) [PSYoungGen: 387797K->140848K(500224K)] 597685K->436058K(1898496K), 0.0472599 secs] [Times: user=0.28 sys=0.00, real=0.05 secs] 
4346.181: [GC (Allocation Failure) [PSYoungGen: 443952K->96992K(497152K)] 739162K->523925K(1895424K), 0.1332074 secs] [Times: user=0.79 sys=0.00, real=0.13 secs] 
4347.749: [GC (GCLocker Initiated GC) [PSYoungGen: 401632K->144384K(498688K)] 828565K->664954K(1896960K), 0.1050143 secs] [Times: user=0.63 sys=0.00, real=0.10 secs] 
4350.810: [GC (Allocation Failure) [PSYoungGen: 449024K->98784K(500224K)] 969613K->755149K(1898496K), 0.1055468 secs] [Times: user=0.63 sys=0.00, real=0.10 secs] 
4353.204: [GC (Allocation Failure) [PSYoungGen: 408032K->142448K(501760K)] 1064397K->894787K(1900032K), 0.0512092 secs] [Times: user=0.31 sys=0.00, real=0.05 secs] 
4354.561: [GC (Allocation Failure) [PSYoungGen: 451696K->105312K(499200K)] 1204035K->990886K(1897472K), 0.0646040 secs] [Times: user=0.38 sys=0.00, real=0.06 secs] 
4357.187: [GC (Allocation Failure) [PSYoungGen: 418144K->143008K(502272K)] 1303718K->1131483K(1900544K), 0.0529054 secs] [Times: user=0.31 sys=0.00, real=0.05 secs] 
4358.596: [GC (Allocation Failure) [PSYoungGen: 455840K->102720K(504320K)] 1444315K->1224763K(1902592K), 0.0910335 secs] [Times: user=0.53 sys=0.01, real=0.09 secs] 
4361.426: [GC (Allocation Failure) [PSYoungGen: 421696K->146592K(506368K)] 1543739K->1368120K(1904640K), 0.0529462 secs] [Times: user=0.31 sys=0.00, real=0.06 secs] 
4361.479: [Full GC (Ergonomics) [PSYoungGen: 146592K->0K(506368K)] [ParOldGen: 1221528K->175672K(1398272K)] 1368120K->175672K(1904640K), [Metaspace: 60416K->60416K(1105920K)], 0.4167191 secs] [Times: user=1.92 sys=0.00, real=0.41 secs] 
4363.957: [GC (Allocation Failure) [PSYoungGen: 318976K->106320K(506880K)] 494648K->281993K(1905152K), 0.0346777 secs] [Times: user=0.21 sys=0.00, real=0.03 secs] 
4367.000: [GC (Allocation Failure) [PSYoungGen: 427856K->145440K(507904K)] 603529K->425241K(1906176K), 0.0536006 secs] [Times: user=0.32 sys=0.00, real=0.05 secs] 
4368.849: [GC (Allocation Failure) [PSYoungGen: 466976K->107840K(507904K)] 746777K->524185K(1906176K), 0.0763722 secs] [Times: user=0.45 sys=0.00, real=0.07 secs] 
4372.299: [GC (Allocation Failure) [PSYoungGen: 431424K->148640K(508928K)] 847769K->669853K(1907200K), 0.0534166 secs] [Times: user=0.31 sys=0.00, real=0.05 secs] 
4375.750: [GC (Allocation Failure) [PSYoungGen: 472224K->107088K(510464K)] 993437K->767714K(1908736K), 0.1228306 secs] [Times: user=0.72 sys=0.00, real=0.12 secs] 
4378.127: [GC (Allocation Failure) [PSYoungGen: 432208K->152544K(477696K)] 1092834K->916022K(1875968K), 0.0530333 secs] [Times: user=0.31 sys=0.00, real=0.05 secs] 
4380.430: [GC (Allocation Failure) [PSYoungGen: 477664K->107328K(512000K)] 1241142K->1014518K(1910272K), 0.1633671 secs] [Times: user=0.97 sys=0.00, real=0.16 secs] 
4381.580: [GC (Allocation Failure) [PSYoungGen: 425863K->150208K(508928K)] 1333054K->1160783K(1907200K), 0.0518301 secs] [Times: user=0.31 sys=0.00, real=0.05 secs] 
4383.917: [GC (Allocation Failure) [PSYoungGen: 472256K->106672K(509440K)] 1482831K->1258900K(1907712K), 0.1498020 secs] [Times: user=0.89 sys=0.00, real=0.15 secs] 
4385.240: [GC (Allocation Failure) [PSYoungGen: 414256K->144768K(508928K)] 1566484K->1399444K(1907200K), 0.0512078 secs] [Times: user=0.30 sys=0.00, real=0.05 secs] 
4385.291: [Full GC (Ergonomics) [PSYoungGen: 144768K->0K(508928K)] [ParOldGen: 1254676K->197046K(1398272K)] 1399444K->197046K(1907200K), [Metaspace: 60422K->60422K(1105920K)], 0.4876268 secs] [Times: user=2.29 sys=0.00, real=0.49 secs] 
4389.558: [GC (Allocation Failure) [PSYoungGen: 321536K->105952K(507392K)] 518582K->302999K(1905664K), 0.0975025 secs] [Times: user=0.57 sys=0.00, real=0.09 secs] 
4390.877: [GC (Allocation Failure) [PSYoungGen: 417151K->144704K(508928K)] 614198K->444231K(1907200K), 0.0711885 secs] [Times: user=0.42 sys=0.01, real=0.07 secs] 
4395.691: [GC (Allocation Failure) [PSYoungGen: 467776K->104160K(509440K)] 767303K->539987K(1907712K), 0.1720508 secs] [Times: user=1.02 sys=0.00, real=0.17 secs] 
4397.293: [GC (Allocation Failure) [PSYoungGen: 416399K->147840K(510464K)] 852227K->683592K(1908736K), 0.0508363 secs] [Times: user=0.29 sys=0.00, real=0.05 secs] 
4399.744: [GC (Allocation Failure) [PSYoungGen: 473472K->108368K(511488K)] 1009224K->782945K(1909760K), 0.1753852 secs] [Times: user=1.04 sys=0.01, real=0.18 secs] 
4401.038: [GC (Allocation Failure) [PSYoungGen: 435024K->154816K(481792K)] 1109601K->933900K(1880064K), 0.1081795 secs] [Times: user=0.64 sys=0.00, real=0.10 secs] 
4407.381: [GC (Allocation Failure) [PSYoungGen: 481472K->97840K(509952K)] 1260556K->1031496K(1908224K), 0.1673464 secs] [Times: user=1.00 sys=0.00, real=0.17 secs] 
4408.568: [GC (GCLocker Initiated GC) [PSYoungGen: 417840K->154544K(474624K)] 1351496K->1180121K(1872896K), 0.1095105 secs] [Times: user=0.65 sys=0.00, real=0.11 secs] 
4413.391: [GC (Allocation Failure) [PSYoungGen: 474544K->91760K(505856K)] 1500126K->1271707K(1904128K), 0.1633781 secs] [Times: user=0.97 sys=0.01, real=0.16 secs] 
4414.403: [GC (Allocation Failure) [PSYoungGen: 404080K->151776K(464384K)] 1584027K->1417271K(1862656K), 0.0555905 secs] [Times: user=0.33 sys=0.00, real=0.06 secs] 
4414.459: [Full GC (Ergonomics) [PSYoungGen: 151776K->0K(464384K)] [ParOldGen: 1265495K->215107K(1398272K)] 1417271K->215107K(1862656K), [Metaspace: 60438K->60438K(1105920K)], 0.5180571 secs] [Times: user=2.44 sys=0.00, real=0.52 secs] 
4417.650: [GC (Allocation Failure) [PSYoungGen: 312320K->89840K(503296K)] 527427K->304947K(1901568K), 0.1410773 secs] [Times: user=0.83 sys=0.00, real=0.14 secs] 
4419.021: [GC (Allocation Failure) [PSYoungGen: 397040K->148768K(456192K)] 612147K->448172K(1854464K), 0.0757123 secs] [Times: user=0.45 sys=0.00, real=0.07 secs] 
4422.147: [GC (Allocation Failure) [PSYoungGen: 455968K->89408K(501760K)] 755372K->537308K(1900032K), 0.1730987 secs] [Times: user=1.03 sys=0.00, real=0.17 secs] 
4424.008: [GC (Allocation Failure) [PSYoungGen: 391409K->141360K(445440K)] 839309K->674550K(1843712K), 0.0490537 secs] [Times: user=0.29 sys=0.00, real=0.04 secs] 
4426.251: [GC (Allocation Failure) [PSYoungGen: 444976K->100416K(503296K)] 978166K->766161K(1901568K), 0.1556858 secs] [Times: user=0.92 sys=0.00, real=0.15 secs] 
4428.080: [GC (Allocation Failure) [PSYoungGen: 407104K->142880K(500224K)] 1072849K->905330K(1898496K), 0.0493568 secs] [Times: user=0.29 sys=0.00, real=0.05 secs] 
4430.487: [GC (Allocation Failure) [PSYoungGen: 449568K->101616K(501760K)] 1212018K->997755K(1900032K), 0.1078327 secs] [Times: user=0.63 sys=0.01, real=0.10 secs] 
4432.003: [GC (Allocation Failure) [PSYoungGen: 412912K->145120K(502272K)] 1309051K->1139087K(1900544K), 0.0508287 secs] [Times: user=0.30 sys=0.00, real=0.05 secs] 
4434.950: [GC (Allocation Failure) [PSYoungGen: 456416K->105872K(502272K)] 1450383K->1235416K(1900544K), 0.0900631 secs] [Times: user=0.54 sys=0.00, real=0.09 secs] 
4435.832: [GC (Allocation Failure) [PSYoungGen: 421264K->148912K(504320K)] 1550808K->1380681K(1902592K), 0.0523519 secs] [Times: user=0.31 sys=0.00, real=0.05 secs] 
4435.884: [Full GC (Ergonomics) [PSYoungGen: 148912K->0K(504320K)] [ParOldGen: 1231768K->187065K(1398272K)] 1380681K->187065K(1902592K), [Metaspace: 60442K->60442K(1105920K)], 0.4550620 secs] [Times: user=2.12 sys=0.00, real=0.46 secs] 
4439.529: [GC (Allocation Failure) [PSYoungGen: 315392K->101840K(507392K)] 502457K->288906K(1905664K), 0.0321905 secs] [Times: user=0.19 sys=0.00, real=0.03 secs] 
4440.784: [GC (Allocation Failure) [PSYoungGen: 419280K->149296K(466944K)] 606346K->434623K(1865216K), 0.0515212 secs] [Times: user=0.30 sys=0.00, real=0.05 secs] 
4444.671: [GC (Allocation Failure) [PSYoungGen: 466736K->103248K(509440K)] 752063K->528371K(1907712K), 0.1081174 secs] [Times: user=0.64 sys=0.00, real=0.11 secs] 
4446.960: [GC (Allocation Failure) [PSYoungGen: 420176K->147120K(506368K)] 845299K->671935K(1904640K), 0.0512828 secs] [Times: user=0.31 sys=0.00, real=0.05 secs] 
4450.062: [GC (Allocation Failure) [PSYoungGen: 464048K->104576K(505856K)] 988863K->767427K(1904128K), 0.1048501 secs] [Times: user=0.62 sys=0.00, real=0.10 secs] 
4451.780: [GC (Allocation Failure) [PSYoungGen: 422016K->147584K(506368K)] 1084867K->911700K(1904640K), 0.0557882 secs] [Times: user=0.33 sys=0.00, real=0.05 secs] 
4454.105: [GC (Allocation Failure) [PSYoungGen: 465024K->107584K(505344K)] 1229140K->1010532K(1903616K), 0.1046620 secs] [Times: user=0.62 sys=0.00, real=0.11 secs] 
4457.205: [GC (Allocation Failure) [PSYoungGen: 426048K->146144K(506368K)] 1328996K->1153317K(1904640K), 0.1233284 secs] [Times: user=0.73 sys=0.00, real=0.13 secs] 
4460.973: [GC (Allocation Failure) [PSYoungGen: 464608K->102304K(508416K)] 1471781K->1247121K(1906688K), 0.1064261 secs] [Times: user=0.63 sys=0.00, real=0.11 secs] 
4462.383: [GC (Allocation Failure) [PSYoungGen: 423840K->151200K(473088K)] 1568657K->1395417K(1871360K), 0.0986484 secs] [Times: user=0.59 sys=0.00, real=0.10 secs] 
4462.482: [Full GC (Ergonomics) [PSYoungGen: 151200K->0K(473088K)] [ParOldGen: 1244217K->193852K(1398272K)] 1395417K->193852K(1871360K), [Metaspace: 60443K->60443K(1105920K)], 0.4921159 secs] [Times: user=2.32 sys=0.00, real=0.49 secs] 
4465.141: [GC (Allocation Failure) [PSYoungGen: 321536K->103328K(509952K)] 515388K->297180K(1908224K), 0.0506684 secs] [Times: user=0.30 sys=0.00, real=0.05 secs] 
4466.264: [GC (Allocation Failure) [PSYoungGen: 422304K->150496K(469504K)] 616156K->443800K(1867776K), 0.0499158 secs] [Times: user=0.30 sys=0.00, real=0.05 secs] 
4469.545: [GC (Allocation Failure) [PSYoungGen: 469472K->102912K(509440K)] 762776K->537580K(1907712K), 0.1776068 secs] [Times: user=1.06 sys=0.00, real=0.18 secs] 
4470.471: [GC (Allocation Failure) [PSYoungGen: 414268K->148448K(506880K)] 848937K->682621K(1905152K), 0.0737992 secs] [Times: user=0.44 sys=0.00, real=0.07 secs] 
4474.603: [GC (Allocation Failure) [PSYoungGen: 465888K->102688K(506880K)] 1000061K->776941K(1905152K), 0.1778523 secs] [Times: user=1.06 sys=0.00, real=0.18 secs] 
4476.158: [GC (Allocation Failure) [PSYoungGen: 420128K->148736K(506880K)] 1094381K->921682K(1905152K), 0.0516654 secs] [Times: user=0.31 sys=0.00, real=0.05 secs] 
4478.951: [GC (Allocation Failure) [PSYoungGen: 466176K->104016K(506880K)] 1239122K->1016627K(1905152K), 0.1670697 secs] [Times: user=0.99 sys=0.01, real=0.17 secs] 
4481.271: [GC (Allocation Failure) [PSYoungGen: 418938K->147040K(506880K)] 1331548K->1159911K(1905152K), 0.1467345 secs] [Times: user=0.87 sys=0.00, real=0.15 secs] 
4484.393: [GC (Allocation Failure) [PSYoungGen: 464480K->100160K(507392K)] 1477351K->1251423K(1905664K), 0.1688533 secs] [Times: user=1.01 sys=0.00, real=0.17 secs] 
4485.824: [GC (Allocation Failure) [PSYoungGen: 418112K->148992K(467456K)] 1569375K->1396572K(1865728K), 0.1185035 secs] [Times: user=0.71 sys=0.00, real=0.12 secs] 
4485.942: [Full GC (Ergonomics) [PSYoungGen: 148992K->0K(467456K)] [ParOldGen: 1247580K->194727K(1398272K)] 1396572K->194727K(1865728K), [Metaspace: 60444K->60444K(1105920K)], 0.5180723 secs] [Times: user=2.47 sys=0.00, real=0.52 secs] 
4489.304: [GC (Allocation Failure) [PSYoungGen: 317952K->104096K(509440K)] 512679K->298823K(1907712K), 0.0745516 secs] [Times: user=0.44 sys=0.00, real=0.08 secs] 
4490.450: [GC (Allocation Failure) [PSYoungGen: 421536K->149088K(506880K)] 616263K->444108K(1905152K), 0.0505567 secs] [Times: user=0.30 sys=0.00, real=0.05 secs] 
4492.971: [GC (Allocation Failure) [PSYoungGen: 466528K->102176K(507392K)] 761548K->537220K(1905664K), 0.1232736 secs] [Times: user=0.73 sys=0.00, real=0.12 secs] 
4494.704: [GC (Allocation Failure) [PSYoungGen: 417911K->148592K(506880K)] 852955K->682198K(1905152K), 0.0582990 secs] [Times: user=0.34 sys=0.00, real=0.06 secs] 
4499.097: [GC (Allocation Failure) [PSYoungGen: 465520K->101392K(506880K)] 999126K->775006K(1905152K), 0.0947472 secs] [Times: user=0.56 sys=0.00, real=0.09 secs] 
4500.003: [GC (Allocation Failure) [PSYoungGen: 418320K->147472K(506880K)] 1091934K->918950K(1905152K), 0.1068107 secs] [Times: user=0.63 sys=0.00, real=0.11 secs] 
4504.411: [GC (Allocation Failure) [PSYoungGen: 464400K->102400K(505856K)] 1235878K->1012750K(1904128K), 0.1727870 secs] [Times: user=1.03 sys=0.00, real=0.17 secs] 
4505.555: [GC (Allocation Failure) [PSYoungGen: 419328K->149472K(506368K)] 1329678K->1158131K(1904640K), 0.0512918 secs] [Times: user=0.30 sys=0.00, real=0.05 secs] 
4507.770: [GC (Allocation Failure) [PSYoungGen: 466400K->103488K(506880K)] 1475059K->1252515K(1905152K), 0.1247489 secs] [Times: user=0.75 sys=0.00, real=0.12 secs] 
4508.674: [GC (Allocation Failure) [PSYoungGen: 419904K->148992K(506368K)] 1568931K->1398188K(1904640K), 0.0522615 secs] [Times: user=0.30 sys=0.00, real=0.05 secs] 
4508.726: [Full GC (Ergonomics) [PSYoungGen: 148992K->0K(506368K)] [ParOldGen: 1249196K->197849K(1398272K)] 1398188K->197849K(1904640K), [Metaspace: 60451K->60451K(1105920K)], 0.4739885 secs] [Times: user=2.20 sys=0.00, real=0.48 secs] 
4511.272: [GC (Allocation Failure) [PSYoungGen: 316416K->103296K(506368K)] 514265K->301145K(1904640K), 0.0757819 secs] [Times: user=0.44 sys=0.00, real=0.08 secs] 
4512.552: [GC (Allocation Failure) [PSYoungGen: 419712K->147872K(506368K)] 617561K->445422K(1904640K), 0.0501903 secs] [Times: user=0.30 sys=0.00, real=0.05 secs] 
4514.567: [GC (Allocation Failure) [PSYoungGen: 464288K->105152K(505856K)] 761838K->541446K(1904128K), 0.1735708 secs] [Times: user=1.03 sys=0.00, real=0.18 secs] 
4516.615: [GC (Allocation Failure) [PSYoungGen: 422080K->145360K(506368K)] 858374K->683459K(1904640K), 0.0506194 secs] [Times: user=0.30 sys=0.00, real=0.05 secs] 
4518.599: [GC (Allocation Failure) [PSYoungGen: 462288K->105504K(505344K)] 1000387K->779987K(1903616K), 0.1669147 secs] [Times: user=0.99 sys=0.00, real=0.16 secs] 
4520.412: [GC (Allocation Failure) [PSYoungGen: 419500K->145744K(506880K)] 1093983K->921800K(1905152K), 0.0500896 secs] [Times: user=0.30 sys=0.00, real=0.05 secs] 
4522.105: [GC (Allocation Failure) [PSYoungGen: 464720K->106208K(506368K)] 1240776K->1018840K(1904640K), 0.1604259 secs] [Times: user=0.96 sys=0.00, real=0.16 secs] 
4523.433: [GC (Allocation Failure) [PSYoungGen: 417508K->145888K(507904K)] 1330140K->1160604K(1906176K), 0.0512607 secs] [Times: user=0.31 sys=0.00, real=0.05 secs] 
4527.192: [GC (Allocation Failure) [PSYoungGen: 467424K->106688K(508416K)] 1482140K->1258100K(1906688K), 0.1499197 secs] [Times: user=0.89 sys=0.00, real=0.15 secs] 
4528.411: [GC (Allocation Failure) [PSYoungGen: 416375K->144720K(509440K)] 1567788K->1398856K(1907712K), 0.0514309 secs] [Times: user=0.30 sys=0.01, real=0.05 secs] 
4528.463: [Full GC (Ergonomics) [PSYoungGen: 144720K->0K(509440K)] [ParOldGen: 1254136K->197238K(1398272K)] 1398856K->197238K(1907712K), [Metaspace: 60451K->60451K(1105920K)], 0.4781187 secs] [Times: user=2.22 sys=0.00, real=0.48 secs] 
4533.524: [GC (Allocation Failure) [PSYoungGen: 324096K->106752K(509952K)] 521334K->303990K(1908224K), 0.1016562 secs] [Times: user=0.60 sys=0.00, real=0.10 secs] 
4535.457: [GC (Allocation Failure) [PSYoungGen: 433408K->153488K(480256K)] 630646K->453344K(1878528K), 0.0511648 secs] [Times: user=0.31 sys=0.00, real=0.06 secs] 
4537.870: [GC (Allocation Failure) [PSYoungGen: 480144K->100752K(511488K)] 780000K->552636K(1909760K), 0.1171712 secs] [Times: user=0.70 sys=0.00, real=0.12 secs] 
4538.324: [GC (Allocation Failure) [PSYoungGen: 423312K->154976K(477696K)] 875196K->701392K(1875968K), 0.0563979 secs] [Times: user=0.34 sys=0.00, real=0.06 secs] 
4541.934: [GC (Allocation Failure) [PSYoungGen: 477536K->97536K(507904K)] 1023952K->798256K(1906176K), 0.1484889 secs] [Times: user=0.89 sys=0.00, real=0.15 secs] 
4542.358: [GC (Allocation Failure) [PSYoungGen: 412928K->152960K(468480K)] 1113648K->945231K(1866752K), 0.0560047 secs] [Times: user=0.33 sys=0.00, real=0.05 secs] 
4546.564: [GC (Allocation Failure) [PSYoungGen: 468352K->90496K(504320K)] 1260623K->1035656K(1902592K), 0.1519694 secs] [Times: user=0.90 sys=0.01, real=0.15 secs] 
4547.038: [GC (Allocation Failure) [PSYoungGen: 399744K->150928K(460288K)] 1344904K->1180989K(1858560K), 0.0542410 secs] [Times: user=0.33 sys=0.00, real=0.05 secs] 
4550.820: [GC (Allocation Failure) [PSYoungGen: 460176K->88800K(502272K)] 1490237K->1269444K(1900544K), 0.1664812 secs] [Times: user=0.99 sys=0.00, real=0.17 secs] 
4551.429: [GC (Allocation Failure) [PSYoungGen: 393440K->148656K(453632K)] 1574084K->1411918K(1851904K), 0.0537472 secs] [Times: user=0.32 sys=0.00, real=0.05 secs] 
4551.483: [Full GC (Ergonomics) [PSYoungGen: 148656K->0K(453632K)] [ParOldGen: 1263261K->210531K(1398272K)] 1411918K->210531K(1851904K), [Metaspace: 60455K->60455K(1105920K)], 0.4955538 secs] [Times: user=2.30 sys=0.00, real=0.50 secs] 
4554.069: [GC (Allocation Failure) [PSYoungGen: 304640K->91152K(501248K)] 515171K->301684K(1899520K), 0.1652525 secs] [Times: user=0.98 sys=0.00, real=0.16 secs] 
4554.868: [GC (Allocation Failure) [PSYoungGen: 388214K->138560K(440832K)] 598746K->436390K(1839104K), 0.0490326 secs] [Times: user=0.29 sys=0.00, real=0.05 secs] 
4557.238: [GC (Allocation Failure) [PSYoungGen: 440640K->98416K(501248K)] 738470K->525919K(1899520K), 0.1064016 secs] [Times: user=0.63 sys=0.00, real=0.10 secs] 
4558.914: [GC (Allocation Failure) [PSYoungGen: 403568K->140240K(498176K)] 831071K->662684K(1896448K), 0.0489873 secs] [Times: user=0.29 sys=0.00, real=0.05 secs] 
4562.572: [GC (Allocation Failure) [PSYoungGen: 445392K->101232K(502784K)] 967836K->754452K(1901056K), 0.0810174 secs] [Times: user=0.47 sys=0.00, real=0.08 secs] 
4565.492: [GC (Allocation Failure) [PSYoungGen: 414064K->143248K(502784K)] 1067284K->894189K(1901056K), 0.0511892 secs] [Times: user=0.31 sys=0.00, real=0.05 secs] 
4566.646: [GC (Allocation Failure) [PSYoungGen: 456080K->106208K(502784K)] 1207021K->991260K(1901056K), 0.0655931 secs] [Times: user=0.39 sys=0.01, real=0.07 secs] 
4568.547: [GC (Allocation Failure) [PSYoungGen: 424160K->144672K(505344K)] 1309212K->1133957K(1903616K), 0.1068115 secs] [Times: user=0.64 sys=0.00, real=0.10 secs] 
4571.119: [GC (Allocation Failure) [PSYoungGen: 462624K->106912K(506368K)] 1451909K->1232381K(1904640K), 0.0668479 secs] [Times: user=0.40 sys=0.00, real=0.06 secs] 
4573.695: [GC (Allocation Failure) [PSYoungGen: 428960K->148192K(507904K)] 1554429K->1378002K(1906176K), 0.0546651 secs] [Times: user=0.32 sys=0.00, real=0.06 secs] 
4573.750: [Full GC (Ergonomics) [PSYoungGen: 148192K->0K(507904K)] [ParOldGen: 1229810K->184389K(1398272K)] 1378002K->184389K(1906176K), [Metaspace: 60455K->60455K(1105920K)], 0.4390215 secs] [Times: user=2.03 sys=0.00, real=0.44 secs] 
4575.292: [GC (Allocation Failure) [PSYoungGen: 322048K->107584K(508928K)] 506437K->291973K(1907200K), 0.0329246 secs] [Times: user=0.20 sys=0.00, real=0.03 secs] 
4576.631: [GC (Allocation Failure) [PSYoungGen: 431680K->151552K(476160K)] 616069K->439966K(1874432K), 0.0532519 secs] [Times: user=0.31 sys=0.00, real=0.05 secs] 
4579.596: [GC (Allocation Failure) [PSYoungGen: 475648K->109088K(512512K)] 764062K->539854K(1910784K), 0.1137971 secs] [Times: user=0.67 sys=0.00, real=0.12 secs] 
4581.149: [GC (Allocation Failure) [PSYoungGen: 427439K->147840K(508928K)] 858205K->683843K(1907200K), 0.0528158 secs] [Times: user=0.31 sys=0.00, real=0.05 secs] 
4585.166: [GC (Allocation Failure) [PSYoungGen: 470400K->107504K(508928K)] 1006403K->782032K(1907200K), 0.1158162 secs] [Times: user=0.69 sys=0.00, real=0.12 secs] 
4586.576: [GC (Allocation Failure) [PSYoungGen: 417142K->144368K(509440K)] 1091669K->922405K(1907712K), 0.0521336 secs] [Times: user=0.30 sys=0.01, real=0.06 secs] 
4589.643: [GC (Allocation Failure) [PSYoungGen: 467952K->105616K(509952K)] 1245989K->1018729K(1908224K), 0.1516034 secs] [Times: user=0.89 sys=0.00, real=0.15 secs] 
4591.194: [GC (Allocation Failure) [PSYoungGen: 417751K->146432K(510976K)] 1330863K->1160735K(1909248K), 0.0507303 secs] [Times: user=0.30 sys=0.00, real=0.05 secs] 
4594.457: [GC (Allocation Failure) [PSYoungGen: 472576K->108144K(509952K)] 1486879K->1259788K(1908224K), 0.1691915 secs] [Times: user=1.00 sys=0.01, real=0.16 secs] 
4595.663: [GC (Allocation Failure) [PSYoungGen: 435312K->153312K(480768K)] 1586956K->1408620K(1879040K), 0.0530639 secs] [Times: user=0.32 sys=0.00, real=0.05 secs] 
4595.716: [Full GC (Ergonomics) [PSYoungGen: 153312K->0K(480768K)] [ParOldGen: 1255308K->207005K(1398272K)] 1408620K->207005K(1879040K), [Metaspace: 60455K->60455K(1105920K)], 0.4769960 secs] [Times: user=2.21 sys=0.00, real=0.48 secs] 
4598.645: [GC (Allocation Failure) [PSYoungGen: 327168K->103488K(512000K)] 534173K->310493K(1910272K), 0.1637354 secs] [Times: user=0.97 sys=0.00, real=0.17 secs] 
4599.132: [GC (Allocation Failure) [PSYoungGen: 427072K->157344K(481280K)] 634077K->462052K(1879552K), 0.0581576 secs] [Times: user=0.34 sys=0.00, real=0.06 secs] 
4603.505: [GC (Allocation Failure) [PSYoungGen: 480928K->94752K(506880K)] 785636K->556440K(1905152K), 0.1512238 secs] [Times: user=0.90 sys=0.00, real=0.15 secs] 
4603.892: [GC (Allocation Failure) [PSYoungGen: 409120K->153600K(468480K)] 870808K->704113K(1866752K), 0.0551545 secs] [Times: user=0.33 sys=0.00, real=0.05 secs] 
4607.745: [GC (Allocation Failure) [PSYoungGen: 467968K->92704K(503808K)] 1018481K->796549K(1902080K), 0.1537916 secs] [Times: user=0.91 sys=0.00, real=0.16 secs] 
4608.168: [GC (Allocation Failure) [PSYoungGen: 400928K->150368K(458752K)] 1104773K->940086K(1857024K), 0.0551949 secs] [Times: user=0.33 sys=0.00, real=0.05 secs] 
4610.984: [GC (Allocation Failure) [PSYoungGen: 458592K->91840K(502272K)] 1248310K->1031634K(1900544K), 0.1523235 secs] [Times: user=0.90 sys=0.01, real=0.15 secs] 
4611.469: [GC (Allocation Failure) [PSYoungGen: 396480K->148864K(453632K)] 1336274K->1174175K(1851904K), 0.0548446 secs] [Times: user=0.33 sys=0.01, real=0.05 secs] 
4615.677: [GC (Allocation Failure) [PSYoungGen: 453504K->88640K(501248K)] 1478815K->1262619K(1899520K), 0.1555093 secs] [Times: user=0.92 sys=0.00, real=0.16 secs] 
4616.463: [GC (Allocation Failure) [PSYoungGen: 391232K->145744K(500224K)] 1565211K->1402288K(1898496K), 0.0532465 secs] [Times: user=0.30 sys=0.01, real=0.05 secs] 
4616.517: [Full GC (Ergonomics) [PSYoungGen: 145744K->0K(500224K)] [ParOldGen: 1256544K->207658K(1398272K)] 1402288K->207658K(1898496K), [Metaspace: 60455K->60455K(1105920K)], 0.4783095 secs] [Times: user=2.22 sys=0.00, real=0.48 secs] 
4621.141: [GC (Allocation Failure) [PSYoungGen: 302592K->87136K(500224K)] 510250K->294794K(1898496K), 0.1724712 secs] [Times: user=1.02 sys=0.00, real=0.17 secs] 
4623.284: [GC (Allocation Failure) [PSYoungGen: 389728K->139904K(500224K)] 597386K->431198K(1898496K), 0.1121085 secs] [Times: user=0.66 sys=0.00, real=0.11 secs] 
4625.086: [GC (Allocation Failure) [PSYoungGen: 442496K->97888K(495616K)] 733790K->520566K(1893888K), 0.0624072 secs] [Times: user=0.37 sys=0.00, real=0.07 secs] 
4628.445: [GC (Allocation Failure) [PSYoungGen: 402016K->140384K(498176K)] 824694K->657331K(1896448K), 0.0491448 secs] [Times: user=0.29 sys=0.00, real=0.05 secs] 
4629.661: [GC (Allocation Failure) [PSYoungGen: 444512K->103168K(496640K)] 961459K->751411K(1894912K), 0.0631643 secs] [Times: user=0.38 sys=0.00, real=0.06 secs] 
4632.761: [GC (Allocation Failure) [PSYoungGen: 413952K->140096K(500736K)] 1062195K->889656K(1899008K), 0.0508955 secs] [Times: user=0.30 sys=0.00, real=0.05 secs] 
4634.633: [GC (Allocation Failure) [PSYoungGen: 450880K->103840K(502272K)] 1200440K->984720K(1900544K), 0.0631314 secs] [Times: user=0.38 sys=0.00, real=0.06 secs] 
4636.597: [GC (Allocation Failure) [PSYoungGen: 422304K->145904K(505344K)] 1303184K->1127606K(1903616K), 0.0528040 secs] [Times: user=0.31 sys=0.00, real=0.06 secs] 
4637.821: [GC (Allocation Failure) [PSYoungGen: 464368K->109824K(506368K)] 1446070K->1227805K(1904640K), 0.0657885 secs] [Times: user=0.39 sys=0.01, real=0.06 secs] 
4640.216: [GC (Allocation Failure) [PSYoungGen: 432384K->148288K(507904K)] 1550365K->1373758K(1906176K), 0.0547032 secs] [Times: user=0.32 sys=0.00, real=0.06 secs] 
4640.271: [Full GC (Ergonomics) [PSYoungGen: 148288K->0K(507904K)] [ParOldGen: 1225470K->180898K(1398272K)] 1373758K->180898K(1906176K), [Metaspace: 60455K->60455K(1105920K)], 0.4440910 secs] [Times: user=2.01 sys=0.00, real=0.44 secs] 
4642.471: [GC (Allocation Failure) [PSYoungGen: 322560K->109968K(508928K)] 503458K->290867K(1907200K), 0.0557003 secs] [Times: user=0.32 sys=0.00, real=0.06 secs] 
4644.584: [GC (Allocation Failure) [PSYoungGen: 434576K->152176K(509440K)] 615475K->437435K(1907712K), 0.0536472 secs] [Times: user=0.32 sys=0.00, real=0.06 secs] 
4648.758: [GC (Allocation Failure) [PSYoungGen: 476784K->106208K(510976K)] 762043K->535139K(1909248K), 0.1718026 secs] [Times: user=1.01 sys=0.01, real=0.17 secs] 
4651.227: [GC (Allocation Failure) [PSYoungGen: 429280K->158288K(481792K)] 858211K->689864K(1880064K), 0.0522412 secs] [Times: user=0.31 sys=0.00, real=0.05 secs] 
4653.851: [GC (Allocation Failure) [PSYoungGen: 481360K->106272K(508928K)] 1012936K->778808K(1907200K), 0.1711511 secs] [Times: user=1.02 sys=0.00, real=0.17 secs] 
4655.467: [GC (Allocation Failure) [PSYoungGen: 418298K->145760K(505856K)] 1090834K->920952K(1904128K), 0.0585459 secs] [Times: user=0.34 sys=0.00, real=0.05 secs] 
4658.187: [GC (Allocation Failure) [PSYoungGen: 461664K->103296K(506880K)] 1236856K->1015744K(1905152K), 0.1718431 secs] [Times: user=1.03 sys=0.00, real=0.18 secs] 
4659.972: [GC (Allocation Failure) [PSYoungGen: 421248K->148912K(506880K)] 1333696K->1160338K(1905152K), 0.0504760 secs] [Times: user=0.30 sys=0.00, real=0.05 secs] 
4662.185: [GC (Allocation Failure) [PSYoungGen: 466864K->107456K(506368K)] 1478290K->1258369K(1904640K), 0.1168538 secs] [Times: user=0.69 sys=0.01, real=0.12 secs] 
4662.777: [GC (Allocation Failure) [PSYoungGen: 412330K->143472K(506880K)] 1563244K->1398535K(1905152K), 0.0532006 secs] [Times: user=0.30 sys=0.01, real=0.05 secs] 
4662.830: [Full GC (Ergonomics) [PSYoungGen: 143472K->0K(506880K)] [ParOldGen: 1255062K->198100K(1398272K)] 1398535K->198100K(1905152K), [Metaspace: 60455K->60455K(1105920K)], 0.4839886 secs] [Times: user=2.27 sys=0.00, real=0.48 secs] 
4666.003: [GC (Allocation Failure) [PSYoungGen: 318464K->106976K(504832K)] 516564K->305076K(1903104K), 0.1024452 secs] [Times: user=0.60 sys=0.00, real=0.10 secs] 
4667.452: [GC (Allocation Failure) [PSYoungGen: 419127K->144256K(507392K)] 617227K->445465K(1905664K), 0.0499732 secs] [Times: user=0.29 sys=0.00, real=0.05 secs] 
4669.642: [GC (Allocation Failure) [PSYoungGen: 465792K->106112K(509952K)] 767001K->542737K(1908224K), 0.1627402 secs] [Times: user=0.96 sys=0.00, real=0.16 secs] 
4671.812: [GC (Allocation Failure) [PSYoungGen: 416113K->144976K(510976K)] 852738K->684170K(1909248K), 0.1466190 secs] [Times: user=0.87 sys=0.00, real=0.15 secs] 
4675.607: [GC (GCLocker Initiated GC) [PSYoungGen: 471120K->103856K(511488K)] 1010314K->779571K(1909760K), 0.1611585 secs] [Times: user=0.96 sys=0.01, real=0.17 secs] 
4677.080: [GC (GCLocker Initiated GC) [PSYoungGen: 431536K->155760K(483840K)] 1107255K->931624K(1882112K), 0.0518420 secs] [Times: user=0.31 sys=0.00, real=0.05 secs] 
4680.417: [GC (Allocation Failure) [PSYoungGen: 483440K->96064K(509952K)] 1263449K->1031520K(1908224K), 0.1623284 secs] [Times: user=0.97 sys=0.00, real=0.16 secs] 
4681.550: [GC (Allocation Failure) [PSYoungGen: 416064K->153664K(474112K)] 1351520K->1182880K(1872384K), 0.1216628 secs] [Times: user=0.70 sys=0.01, real=0.12 secs] 
4685.506: [GC (Allocation Failure) [PSYoungGen: 473664K->94592K(506368K)] 1502880K->1276816K(1904640K), 0.1434508 secs] [Times: user=0.85 sys=0.01, real=0.15 secs] 
4686.542: [GC (Allocation Failure) [PSYoungGen: 407424K->151296K(464384K)] 1589648K->1421717K(1862656K), 0.1460031 secs] [Times: user=0.86 sys=0.01, real=0.15 secs] 
4686.688: [Full GC (Ergonomics) [PSYoungGen: 151296K->0K(464384K)] [ParOldGen: 1270421K->215109K(1398272K)] 1421717K->215109K(1862656K), [Metaspace: 60455K->60455K(1105920K)], 0.5606599 secs] [Times: user=2.69 sys=0.00, real=0.56 secs] 
4690.297: [GC (Allocation Failure) [PSYoungGen: 312832K->90016K(503808K)] 527941K->305125K(1902080K), 0.1300975 secs] [Times: user=0.77 sys=0.00, real=0.13 secs] 
4691.906: [GC (Allocation Failure) [PSYoungGen: 398240K->149216K(457728K)] 613349K->447994K(1856000K), 0.0548544 secs] [Times: user=0.28 sys=0.00, real=0.06 secs] 
4693.993: [GC (Allocation Failure) [PSYoungGen: 457440K->94128K(503296K)] 756218K->541683K(1901568K), 0.1691057 secs] [Times: user=1.01 sys=0.00, real=0.17 secs] 
4695.052: [GC (Allocation Failure) [PSYoungGen: 383628K->138016K(443904K)] 831183K->675615K(1842176K), 0.0495289 secs] [Times: user=0.29 sys=0.00, real=0.05 secs] 
4697.554: [GC (Allocation Failure) [PSYoungGen: 443680K->98464K(502272K)] 981279K->765671K(1900544K), 0.0895140 secs] [Times: user=0.53 sys=0.01, real=0.09 secs] 
4698.287: [GC (Allocation Failure) [PSYoungGen: 406688K->145856K(499712K)] 1073895K->907980K(1897984K), 0.0493108 secs] [Times: user=0.29 sys=0.00, real=0.04 secs] 
4699.772: [GC (Allocation Failure) [PSYoungGen: 454080K->102080K(503296K)] 1216204K->1000956K(1901568K), 0.0842340 secs] [Times: user=0.50 sys=0.00, real=0.08 secs] 
4701.824: [GC (Allocation Failure) [PSYoungGen: 415936K->154016K(467968K)] 1314812K->1151809K(1866240K), 0.0517064 secs] [Times: user=0.30 sys=0.00, real=0.05 secs] 
4704.425: [GC (Allocation Failure) [PSYoungGen: 467872K->105760K(507392K)] 1465665K->1240273K(1905664K), 0.1617027 secs] [Times: user=0.97 sys=0.00, real=0.16 secs] 
4706.249: [GC (Allocation Failure) [PSYoungGen: 417568K->143968K(503296K)] 1552081K->1381293K(1901568K), 0.0522334 secs] [Times: user=0.31 sys=0.00, real=0.05 secs] 
4706.301: [Full GC (Ergonomics) [PSYoungGen: 143968K->0K(503296K)] [ParOldGen: 1237325K->187870K(1398272K)] 1381293K->187870K(1901568K), [Metaspace: 60457K->60457K(1105920K)], 0.4546216 secs] [Times: user=2.12 sys=0.00, real=0.45 secs] 
4708.950: [GC (Allocation Failure) [PSYoungGen: 311808K->104688K(504320K)] 499678K->292559K(1902592K), 0.0598028 secs] [Times: user=0.35 sys=0.00, real=0.06 secs] 
4712.012: [GC (Allocation Failure) [PSYoungGen: 419568K->145200K(504320K)] 607439K->432276K(1902592K), 0.0508651 secs] [Times: user=0.30 sys=0.00, real=0.05 secs] 
4714.595: [GC (GCLocker Initiated GC) [PSYoungGen: 460080K->104528K(504832K)] 747157K->527545K(1903104K), 0.0743007 secs] [Times: user=0.44 sys=0.00, real=0.08 secs] 
4715.531: [GC (Allocation Failure) [PSYoungGen: 422992K->148608K(506368K)] 846011K->673155K(1904640K), 0.0523585 secs] [Times: user=0.31 sys=0.00, real=0.05 secs] 
4718.905: [GC (Allocation Failure) [PSYoungGen: 467072K->104560K(507904K)] 991619K->769044K(1906176K), 0.0699177 secs] [Times: user=0.41 sys=0.00, real=0.07 secs] 
4719.855: [GC (Allocation Failure) [PSYoungGen: 424560K->150928K(471040K)] 1089044K->916493K(1869312K), 0.0524933 secs] [Times: user=0.31 sys=0.01, real=0.06 secs] 
4721.922: [GC (Allocation Failure) [PSYoungGen: 470928K->104672K(509952K)] 1236493K->1012016K(1908224K), 0.0985027 secs] [Times: user=0.59 sys=0.00, real=0.10 secs] 
4723.429: [GC (Allocation Failure) [PSYoungGen: 423136K->150592K(469504K)] 1330480K->1159465K(1867776K), 0.1276734 secs] [Times: user=0.76 sys=0.00, real=0.12 secs] 
4726.463: [GC (GCLocker Initiated GC) [PSYoungGen: 469056K->101888K(508928K)] 1477929K->1252917K(1907200K), 0.1682547 secs] [Times: user=1.00 sys=0.01, real=0.17 secs] 
4728.679: [GC (Allocation Failure) [PSYoungGen: 418816K->141728K(506880K)] 1586234K->1407029K(1905152K), 0.2344551 secs] [Times: user=1.40 sys=0.00, real=0.23 secs] 
4728.914: [Full GC (Ergonomics) [PSYoungGen: 141728K->0K(506880K)] [ParOldGen: 1265301K->205623K(1398272K)] 1407029K->205623K(1905152K), [Metaspace: 60457K->60457K(1105920K)], 0.4157197 secs] [Times: user=1.82 sys=0.00, real=0.42 secs] 
4732.392: [GC (Allocation Failure) [PSYoungGen: 316928K->92944K(507904K)] 522551K->298568K(1906176K), 0.1691177 secs] [Times: user=1.01 sys=0.00, real=0.17 secs] 
4733.705: [GC (Allocation Failure) [PSYoungGen: 410896K->149872K(467968K)] 616520K->444737K(1866240K), 0.0533487 secs] [Times: user=0.32 sys=0.00, real=0.06 secs] 
4736.019: [GC (Allocation Failure) [PSYoungGen: 464753K->95984K(507904K)] 759617K->540169K(1906176K), 0.1764464 secs] [Times: user=1.05 sys=0.00, real=0.17 secs] 
4737.275: [GC (Allocation Failure) [PSYoungGen: 411376K->148576K(464384K)] 855561K->685293K(1862656K), 0.0735768 secs] [Times: user=0.44 sys=0.00, real=0.08 secs] 
4740.675: [GC (Allocation Failure) [PSYoungGen: 463968K->93312K(506368K)] 1000685K->778357K(1904640K), 0.1715634 secs] [Times: user=1.01 sys=0.00, real=0.17 secs] 
4741.751: [GC (Allocation Failure) [PSYoungGen: 390232K->139296K(452608K)] 1075277K->913474K(1850880K), 0.0508479 secs] [Times: user=0.30 sys=0.00, real=0.05 secs] 
4743.954: [GC (Allocation Failure) [PSYoungGen: 452128K->100704K(506880K)] 1226306K->1005522K(1905152K), 0.1554641 secs] [Times: user=0.92 sys=0.00, real=0.16 secs] 
4745.849: [GC (Allocation Failure) [PSYoungGen: 416096K->149648K(504320K)] 1320914K->1151315K(1902592K), 0.0516388 secs] [Times: user=0.31 sys=0.00, real=0.05 secs] 
4748.196: [GC (GCLocker Initiated GC) [PSYoungGen: 465040K->101408K(506880K)] 1466708K->1244095K(1905152K), 0.1693269 secs] [Times: user=1.00 sys=0.02, real=0.17 secs] 
4749.813: [GC (Allocation Failure) [PSYoungGen: 418336K->142528K(506368K)] 1577410K->1398839K(1904640K), 0.2199743 secs] [Times: user=1.31 sys=0.00, real=0.22 secs] 
4750.033: [Full GC (Ergonomics) [PSYoungGen: 142528K->0K(506368K)] [ParOldGen: 1256311K->205651K(1398272K)] 1398839K->205651K(1904640K), [Metaspace: 60457K->60457K(1105920K)], 0.4100309 secs] [Times: user=1.80 sys=0.00, real=0.41 secs] 
4754.250: [GC (Allocation Failure) [PSYoungGen: 316928K->91056K(508416K)] 522579K->296708K(1906688K), 0.1705736 secs] [Times: user=1.02 sys=0.00, real=0.17 secs] 
4755.659: [GC (Allocation Failure) [PSYoungGen: 396398K->143616K(462848K)] 602049K->436563K(1861120K), 0.0489990 secs] [Times: user=0.29 sys=0.00, real=0.05 secs] 
4759.166: [GC (Allocation Failure) [PSYoungGen: 462592K->102592K(510976K)] 755539K->530299K(1909248K), 0.1641846 secs] [Times: user=0.98 sys=0.00, real=0.17 secs] 
4761.312: [GC (Allocation Failure) [PSYoungGen: 422592K->148096K(507904K)] 850299K->674824K(1906176K), 0.0501950 secs] [Times: user=0.30 sys=0.00, real=0.05 secs] 
4764.447: [GC (Allocation Failure) [PSYoungGen: 468096K->102784K(507904K)] 994824K->768864K(1906176K), 0.1721568 secs] [Times: user=1.03 sys=0.00, real=0.18 secs] 
4765.958: [GC (Allocation Failure) [PSYoungGen: 417034K->148000K(507904K)] 1083114K->913073K(1906176K), 0.0504585 secs] [Times: user=0.30 sys=0.00, real=0.05 secs] 
4768.542: [GC (Allocation Failure) [PSYoungGen: 468000K->106528K(506880K)] 1233073K->1011177K(1905152K), 0.1447402 secs] [Times: user=0.87 sys=0.00, real=0.14 secs] 
4769.699: [GC (Allocation Failure) [PSYoungGen: 416355K->144176K(507392K)] 1321004K->1152298K(1905664K), 0.0728600 secs] [Times: user=0.43 sys=0.01, real=0.07 secs] 
4773.123: [GC (Allocation Failure) [PSYoungGen: 464176K->103664K(507904K)] 1472298K->1247110K(1906176K), 0.1757093 secs] [Times: user=1.05 sys=0.00, real=0.18 secs] 
4774.538: [GC (Allocation Failure) [PSYoungGen: 416776K->147424K(508928K)] 1560222K->1390694K(1907200K), 0.0516739 secs] [Times: user=0.31 sys=0.00, real=0.05 secs] 
4774.590: [Full GC (Ergonomics) [PSYoungGen: 147424K->0K(508928K)] [ParOldGen: 1243270K->197454K(1398272K)] 1390694K->197454K(1907200K), [Metaspace: 60457K->60457K(1105920K)], 0.4820111 secs] [Times: user=2.26 sys=0.00, real=0.48 secs] 
4777.361: [GC (Allocation Failure) [PSYoungGen: 322560K->107040K(508928K)] 520014K->304494K(1907200K), 0.1038326 secs] [Times: user=0.61 sys=0.00, real=0.10 secs] 
4778.771: [GC (Allocation Failure) [PSYoungGen: 417381K->144384K(509440K)] 614836K->444745K(1907712K), 0.0501271 secs] [Times: user=0.29 sys=0.00, real=0.05 secs] 
4780.823: [GC (Allocation Failure) [PSYoungGen: 467968K->109632K(507392K)] 768329K->545662K(1905664K), 0.1636235 secs] [Times: user=0.97 sys=0.00, real=0.17 secs] 
4782.597: [GC (Allocation Failure) [PSYoungGen: 422005K->143088K(509440K)] 858035K->683495K(1907712K), 0.0681132 secs] [Times: user=0.40 sys=0.00, real=0.07 secs] 
4785.679: [GC (Allocation Failure) [PSYoungGen: 468720K->104608K(512000K)] 1009127K->779203K(1910272K), 0.1440148 secs] [Times: user=0.84 sys=0.01, real=0.14 secs] 
4786.943: [GC (Allocation Failure) [PSYoungGen: 434848K->182752K(513024K)] 1109443K->980255K(1911296K), 0.0576340 secs] [Times: user=0.34 sys=0.00, real=0.06 secs] 
4791.326: [GC (Allocation Failure) [PSYoungGen: 512992K->98848K(418816K)] 1310495K->1029639K(1817088K), 0.1544093 secs] [Times: user=0.92 sys=0.00, real=0.16 secs] 
4792.601: [GC (Allocation Failure) [PSYoungGen: 331808K->112992K(465920K)] 1262599K->1136396K(1864192K), 0.0503027 secs] [Times: user=0.30 sys=0.00, real=0.05 secs] 
4794.509: [GC (Allocation Failure) [PSYoungGen: 345952K->89248K(465920K)] 1369356K->1216940K(1864192K), 0.0579627 secs] [Times: user=0.35 sys=0.00, real=0.05 secs] 
4796.700: [GC (Allocation Failure) [PSYoungGen: 322208K->81584K(314880K)] 1449900K->1298397K(1713152K), 0.0954489 secs] [Times: user=0.57 sys=0.00, real=0.09 secs] 
4798.271: [GC (Allocation Failure) [PSYoungGen: 306624K->106880K(471040K)] 1523436K->1399381K(1869312K), 0.1277707 secs] [Times: user=0.76 sys=0.01, real=0.13 secs] 
4798.399: [Full GC (Ergonomics) [PSYoungGen: 106880K->0K(471040K)] [ParOldGen: 1292501K->196903K(1398272K)] 1399381K->196903K(1869312K), [Metaspace: 60458K->60458K(1105920K)], 0.5347007 secs] [Times: user=2.55 sys=0.00, real=0.53 secs] 
4800.624: [GC (Allocation Failure) [PSYoungGen: 240128K->71904K(463872K)] 437031K->268807K(1862144K), 0.0282326 secs] [Times: user=0.16 sys=0.00, real=0.03 secs] 
4802.464: [GC (Allocation Failure) [PSYoungGen: 312032K->107824K(465920K)] 508935K->374883K(1864192K), 0.0601683 secs] [Times: user=0.35 sys=0.00, real=0.06 secs] 
4802.729: [GC (Allocation Failure) [PSYoungGen: 360240K->128928K(466432K)] 627299K->494286K(1864704K), 0.0633089 secs] [Times: user=0.38 sys=0.00, real=0.06 secs] 
4805.936: [GC (Allocation Failure) [PSYoungGen: 381344K->63936K(479232K)] 746702K->558278K(1877504K), 0.1424217 secs] [Times: user=0.84 sys=0.00, real=0.15 secs] 
4806.422: [GC (Allocation Failure) [PSYoungGen: 333328K->131264K(479744K)] 827671K->683370K(1878016K), 0.0432746 secs] [Times: user=0.25 sys=0.00, real=0.04 secs] 
4807.931: [GC (Allocation Failure) [PSYoungGen: 402112K->85200K(485376K)] 954218K->760159K(1883648K), 0.0590274 secs] [Times: user=0.35 sys=0.00, real=0.06 secs] 
4809.885: [GC (Allocation Failure) [PSYoungGen: 369360K->129472K(486400K)] 1044319K->886899K(1884672K), 0.0450532 secs] [Times: user=0.27 sys=0.00, real=0.05 secs] 
4812.395: [GC (Allocation Failure) [PSYoungGen: 413632K->102336K(484864K)] 1171059K->979759K(1883136K), 0.0613202 secs] [Times: user=0.36 sys=0.00, real=0.06 secs] 
4814.566: [GC (Allocation Failure) [PSYoungGen: 399296K->122608K(489984K)] 1276719K->1101440K(1888256K), 0.0715603 secs] [Times: user=0.43 sys=0.00, real=0.08 secs] 
4816.161: [GC (Allocation Failure) [PSYoungGen: 419568K->125504K(499200K)] 1398400K->1216047K(1897472K), 0.0630820 secs] [Times: user=0.37 sys=0.00, real=0.06 secs] 
4818.223: [GC (GCLocker Initiated GC) [PSYoungGen: 442944K->116848K(502784K)] 1533488K->1332840K(1901056K), 0.0831856 secs] [Times: user=0.49 sys=0.00, real=0.08 secs] 
4819.398: [GC (Allocation Failure) [PSYoungGen: 434288K->131968K(510976K)] 1650282K->1454148K(1909248K), 0.0638031 secs] [Times: user=0.38 sys=0.00, real=0.06 secs] 
4819.462: [Full GC (Ergonomics) [PSYoungGen: 131968K->0K(510976K)] [ParOldGen: 1322180K->252354K(1398272K)] 1454148K->252354K(1909248K), [Metaspace: 60458K->60458K(1105920K)], 0.5423970 secs] [Times: user=2.39 sys=0.00, real=0.54 secs] 
4823.068: [GC (Allocation Failure) [PSYoungGen: 331776K->128576K(510976K)] 584130K->380930K(1909248K), 0.0376660 secs] [Times: user=0.22 sys=0.00, real=0.03 secs] 
4824.737: [GC (Allocation Failure) [PSYoungGen: 460352K->2832K(494080K)] 712706K->255415K(1892352K), 0.0018728 secs] [Times: user=0.01 sys=0.00, real=0.00 secs] 
4826.895: [GC (Allocation Failure) [PSYoungGen: 319760K->144528K(461824K)] 572343K->398500K(1860096K), 0.0374613 secs] [Times: user=0.22 sys=0.01, real=0.04 secs] 
4828.922: [GC (Allocation Failure) [PSYoungGen: 461456K->113504K(509440K)] 715428K->494759K(1907712K), 0.0636784 secs] [Times: user=0.37 sys=0.00, real=0.06 secs] 
4831.542: [GC (Allocation Failure) [PSYoungGen: 426336K->135552K(502272K)] 807591K->629212K(1900544K), 0.0634477 secs] [Times: user=0.37 sys=0.00, real=0.06 secs] 
4833.020: [GC (Allocation Failure) [PSYoungGen: 448384K->112288K(501248K)] 942044K->732001K(1899520K), 0.0647478 secs] [Times: user=0.38 sys=0.00, real=0.06 secs] 
4836.113: [GC (Allocation Failure) [PSYoungGen: 431264K->146480K(502272K)] 1050977K->877062K(1900544K), 0.0665155 secs] [Times: user=0.40 sys=0.00, real=0.07 secs] 
4837.343: [GC (Allocation Failure) [PSYoungGen: 465456K->113408K(507392K)] 1196038K->972737K(1905664K), 0.0654496 secs] [Times: user=0.39 sys=0.00, real=0.07 secs] 
4840.235: [GC (Allocation Failure) [PSYoungGen: 440576K->141328K(508928K)] 1299905K->1112767K(1907200K), 0.0609868 secs] [Times: user=0.36 sys=0.00, real=0.06 secs] 
4842.109: [GC (GCLocker Initiated GC) [PSYoungGen: 468496K->114256K(507904K)] 1439935K->1217855K(1906176K), 0.0671344 secs] [Times: user=0.39 sys=0.01, real=0.06 secs] 
4844.732: [GC (Allocation Failure) [PSYoungGen: 446544K->150592K(510976K)] 1550163K->1366567K(1909248K), 0.1447044 secs] [Times: user=0.86 sys=0.00, real=0.15 secs] 
4844.877: [Full GC (Ergonomics) [PSYoungGen: 150592K->0K(510976K)] [ParOldGen: 1215975K->173762K(1398272K)] 1366567K->173762K(1909248K), [Metaspace: 60458K->60458K(1105920K)], 0.4677767 secs] [Times: user=2.24 sys=0.00, real=0.46 secs] 
4846.872: [GC (Allocation Failure) [PSYoungGen: 332288K->116432K(514560K)] 506050K->290195K(1912832K), 0.0465693 secs] [Times: user=0.27 sys=0.00, real=0.05 secs] 
4849.232: [GC (Allocation Failure) [PSYoungGen: 451280K->155040K(489984K)] 625043K->439859K(1888256K), 0.0564472 secs] [Times: user=0.33 sys=0.00, real=0.06 secs] 
4853.218: [GC (Allocation Failure) [PSYoungGen: 489888K->110784K(516608K)] 774707K->541855K(1914880K), 0.1701579 secs] [Times: user=1.02 sys=0.00, real=0.17 secs] 
4854.520: [GC (Allocation Failure) [PSYoungGen: 425337K->145744K(513024K)] 856408K->683885K(1911296K), 0.0530532 secs] [Times: user=0.31 sys=0.00, real=0.05 secs] 
4858.380: [GC (Allocation Failure) [PSYoungGen: 476496K->109904K(512000K)] 1014637K->784517K(1910272K), 0.1670460 secs] [Times: user=1.00 sys=0.00, real=0.17 secs] 
4859.783: [GC (Allocation Failure) [PSYoungGen: 441680K->155248K(487424K)] 1116293K->935542K(1885696K), 0.0539303 secs] [Times: user=0.31 sys=0.00, real=0.06 secs] 
4863.761: [GC (Allocation Failure) [PSYoungGen: 487024K->98928K(513024K)] 1267318K->1033278K(1911296K), 0.1702141 secs] [Times: user=1.02 sys=0.00, real=0.17 secs] 
4864.417: [GC (Allocation Failure) [PSYoungGen: 424560K->156832K(482816K)] 1358910K->1184066K(1881088K), 0.0577004 secs] [Times: user=0.34 sys=0.00, real=0.05 secs] 
4868.427: [GC (Allocation Failure) [PSYoungGen: 482464K->97472K(508416K)] 1509698K->1281190K(1906688K), 0.1547771 secs] [Times: user=0.92 sys=0.00, real=0.16 secs] 
4869.527: [GC (Allocation Failure) [PSYoungGen: 413888K->151824K(468480K)] 1597606K->1427167K(1866752K), 0.1396356 secs] [Times: user=0.83 sys=0.00, real=0.13 secs] 
4869.667: [Full GC (Ergonomics) [PSYoungGen: 151824K->0K(468480K)] [ParOldGen: 1275342K->225443K(1398272K)] 1427167K->225443K(1866752K), [Metaspace: 60460K->60460K(1105920K)], 0.5793805 secs] [Times: user=2.78 sys=0.00, real=0.58 secs] 
4873.934: [GC (Allocation Failure) [PSYoungGen: 316416K->92112K(505344K)] 541859K->317556K(1903616K), 0.1059464 secs] [Times: user=0.63 sys=0.00, real=0.11 secs] 
4874.312: [GC (Allocation Failure) [PSYoungGen: 403408K->151680K(463360K)] 628852K->463332K(1861632K), 0.0551975 secs] [Times: user=0.32 sys=0.00, real=0.05 secs] 
4877.343: [GC (Allocation Failure) [PSYoungGen: 462976K->90192K(502784K)] 774628K->553117K(1901056K), 0.1634742 secs] [Times: user=0.98 sys=0.00, real=0.16 secs] 
4877.771: [GC (Allocation Failure) [PSYoungGen: 395856K->148672K(454656K)] 858781K->695733K(1852928K), 0.0539964 secs] [Times: user=0.32 sys=0.00, real=0.05 secs] 
4881.465: [GC (Allocation Failure) [PSYoungGen: 454336K->90112K(501760K)] 1001397K->785565K(1900032K), 0.1615541 secs] [Times: user=0.96 sys=0.00, real=0.16 secs] 
4882.281: [GC (Allocation Failure) [PSYoungGen: 393728K->148096K(452096K)] 1089181K->927306K(1850368K), 0.0533823 secs] [Times: user=0.32 sys=0.00, real=0.05 secs] 
4884.865: [GC (Allocation Failure) [PSYoungGen: 451468K->89808K(501248K)] 1230679K->1017027K(1899520K), 0.1624570 secs] [Times: user=0.97 sys=0.00, real=0.17 secs] 
4885.995: [GC (Allocation Failure) [PSYoungGen: 391888K->139088K(441344K)] 1319107K->1152320K(1839616K), 0.0708935 secs] [Times: user=0.42 sys=0.00, real=0.07 secs] 
4889.557: [GC (Allocation Failure) [PSYoungGen: 441168K->95440K(501248K)] 1454400K->1238272K(1899520K), 0.0939206 secs] [Times: user=0.56 sys=0.00, real=0.09 secs] 
4891.814: [GC (Allocation Failure) [PSYoungGen: 400080K->141472K(498688K)] 1542912K->1376436K(1896960K), 0.0488232 secs] [Times: user=0.29 sys=0.01, real=0.05 secs] 
4891.863: [Full GC (Ergonomics) [PSYoungGen: 141472K->0K(498688K)] [ParOldGen: 1234964K->183527K(1398272K)] 1376436K->183527K(1896960K), [Metaspace: 60460K->60460K(1105920K)], 0.4451239 secs] [Times: user=2.07 sys=0.00, real=0.45 secs] 
4893.344: [GC (Allocation Failure) [PSYoungGen: 304640K->103536K(498688K)] 488167K->287063K(1896960K), 0.0416683 secs] [Times: user=0.24 sys=0.00, real=0.04 secs] 
4895.585: [GC (GCLocker Initiated GC) [PSYoungGen: 413808K->139488K(500736K)] 597335K->424528K(1899008K), 0.1112790 secs] [Times: user=0.66 sys=0.01, real=0.11 secs] 
4898.311: [GC (Allocation Failure) [PSYoungGen: 449760K->105312K(501248K)] 734820K->520776K(1899520K), 0.0625362 secs] [Times: user=0.36 sys=0.01, real=0.06 secs] 
4899.931: [GC (Allocation Failure) [PSYoungGen: 423264K->145120K(504832K)] 838728K->662549K(1903104K), 0.0523578 secs] [Times: user=0.31 sys=0.00, real=0.05 secs] 
4902.992: [GC (Allocation Failure) [PSYoungGen: 463072K->106208K(506368K)] 980501K->759381K(1904640K), 0.0652481 secs] [Times: user=0.39 sys=0.00, real=0.07 secs] 
4904.770: [GC (Allocation Failure) [PSYoungGen: 428768K->150192K(507904K)] 1081941K->907011K(1906176K), 0.0538187 secs] [Times: user=0.31 sys=0.00, real=0.05 secs] 
4906.006: [GC (Allocation Failure) [PSYoungGen: 472752K->110736K(508928K)] 1229571K->1008623K(1907200K), 0.0669120 secs] [Times: user=0.40 sys=0.00, real=0.07 secs] 
4908.425: [GC (Allocation Failure) [PSYoungGen: 434320K->149024K(508928K)] 1332207K->1154247K(1907200K), 0.0624827 secs] [Times: user=0.37 sys=0.00, real=0.07 secs] 
4911.088: [GC (Allocation Failure) [PSYoungGen: 472608K->106336K(510464K)] 1477831K->1252079K(1908736K), 0.1748481 secs] [Times: user=1.04 sys=0.00, real=0.17 secs] 
4914.177: [GC (Allocation Failure) [PSYoungGen: 428575K->151584K(476160K)] 1574318K->1399452K(1874432K), 0.0528724 secs] [Times: user=0.32 sys=0.00, real=0.05 secs] 
4914.230: [Full GC (Ergonomics) [PSYoungGen: 151584K->0K(476160K)] [ParOldGen: 1247867K->197120K(1398272K)] 1399452K->197120K(1874432K), [Metaspace: 60460K->60460K(1105920K)], 0.4774263 secs] [Times: user=2.22 sys=0.00, real=0.48 secs] 
4917.625: [GC (Allocation Failure) [PSYoungGen: 324096K->105008K(511488K)] 521216K->302129K(1909760K), 0.0944821 secs] [Times: user=0.56 sys=0.00, real=0.10 secs] 
4918.894: [GC (Allocation Failure) [PSYoungGen: 415708K->146592K(508928K)] 612828K->444549K(1907200K), 0.0502294 secs] [Times: user=0.30 sys=0.00, real=0.05 secs] 
4921.339: [GC (Allocation Failure) [PSYoungGen: 468128K->103456K(508416K)] 766085K->539381K(1906688K), 0.1668284 secs] [Times: user=0.99 sys=0.01, real=0.16 secs] 
4923.710: [GC (Allocation Failure) [PSYoungGen: 423375K->148256K(508928K)] 859300K->683350K(1907200K), 0.0500822 secs] [Times: user=0.29 sys=0.00, real=0.05 secs] 
4925.982: [GC (Allocation Failure) [PSYoungGen: 470304K->105728K(509440K)] 1005398K->780062K(1907712K), 0.1553266 secs] [Times: user=0.92 sys=0.00, real=0.16 secs] 
4927.741: [GC (Allocation Failure) [PSYoungGen: 416438K->145248K(509440K)] 1090772K->921439K(1907712K), 0.1131738 secs] [Times: user=0.67 sys=0.00, real=0.11 secs] 
4930.338: [GC (Allocation Failure) [PSYoungGen: 467808K->108512K(507392K)] 1243999K->1021495K(1905664K), 0.1671714 secs] [Times: user=0.99 sys=0.01, real=0.16 secs] 
4931.738: [GC (Allocation Failure) [PSYoungGen: 432096K->185216K(508928K)] 1345079K->1202640K(1907200K), 0.1558951 secs] [Times: user=0.93 sys=0.00, real=0.15 secs] 
4935.080: [GC (Allocation Failure) [PSYoungGen: 508800K->91184K(486400K)] 1526224K->1260628K(1884672K), 0.1374601 secs] [Times: user=0.79 sys=0.02, real=0.14 secs] 
4936.791: [GC (Allocation Failure) [PSYoungGen: 387632K->141200K(497664K)] 1557076K->1397268K(1895936K), 0.0500875 secs] [Times: user=0.30 sys=0.00, real=0.05 secs] 
4936.841: [Full GC (Ergonomics) [PSYoungGen: 141200K->0K(497664K)] [ParOldGen: 1256067K->195582K(1398272K)] 1397268K->195582K(1895936K), [Metaspace: 60460K->60460K(1105920K)], 0.4719427 secs] [Times: user=2.20 sys=0.00, real=0.47 secs] 
4938.673: [GC (Allocation Failure) [PSYoungGen: 296448K->99200K(491520K)] 492030K->294782K(1889792K), 0.0517393 secs] [Times: user=0.30 sys=0.00, real=0.05 secs] 
4940.267: [GC (Allocation Failure) [PSYoungGen: 397696K->138304K(495616K)] 593278K->428963K(1893888K), 0.0480809 secs] [Times: user=0.29 sys=0.00, real=0.04 secs] 
4943.375: [GC (Allocation Failure) [PSYoungGen: 436800K->98208K(497152K)] 727459K->517491K(1895424K), 0.0641337 secs] [Times: user=0.38 sys=0.00, real=0.07 secs] 
4944.821: [GC (Allocation Failure) [PSYoungGen: 405408K->141232K(500224K)] 824691K->656573K(1898496K), 0.0503026 secs] [Times: user=0.29 sys=0.00, real=0.05 secs] 
4947.950: [GC (Allocation Failure) [PSYoungGen: 448432K->103264K(499200K)] 963773K->750552K(1897472K), 0.0689903 secs] [Times: user=0.41 sys=0.00, real=0.07 secs] 
4949.898: [GC (Allocation Failure) [PSYoungGen: 416608K->139888K(502784K)] 1063896K->888725K(1901056K), 0.0572879 secs] [Times: user=0.34 sys=0.00, real=0.05 secs] 
4952.678: [GC (Allocation Failure) [PSYoungGen: 453232K->107328K(502784K)] 1202069K->986421K(1901056K), 0.0651396 secs] [Times: user=0.39 sys=0.00, real=0.06 secs] 
4955.653: [GC (Allocation Failure) [PSYoungGen: 427840K->143472K(506368K)] 1306933K->1127922K(1904640K), 0.0550604 secs] [Times: user=0.33 sys=0.00, real=0.06 secs] 
4956.820: [GC (Allocation Failure) [PSYoungGen: 463984K->112496K(505856K)] 1448434K->1230746K(1904128K), 0.0673527 secs] [Times: user=0.40 sys=0.00, real=0.07 secs] 
4959.080: [GC (Allocation Failure) [PSYoungGen: 438640K->148112K(508928K)] 1556890K->1377051K(1907200K), 0.1527563 secs] [Times: user=0.84 sys=0.00, real=0.15 secs] 
4959.232: [Full GC (Ergonomics) [PSYoungGen: 148112K->0K(508928K)] [ParOldGen: 1228938K->175522K(1398272K)] 1377051K->175522K(1907200K), [Metaspace: 60478K->60478K(1105920K)], 0.4593727 secs] [Times: user=2.10 sys=0.00, real=0.46 secs] 
4961.334: [GC (Allocation Failure) [PSYoungGen: 326144K->110560K(513024K)] 501666K->286082K(1911296K), 0.0358991 secs] [Times: user=0.20 sys=0.00, real=0.04 secs] 
4963.782: [GC (Allocation Failure) [PSYoungGen: 440800K->151680K(482304K)] 616322K->435151K(1880576K), 0.0554085 secs] [Times: user=0.33 sys=0.00, real=0.06 secs] 
4965.863: [GC (Allocation Failure) [PSYoungGen: 481920K->110192K(515072K)] 765391K->536032K(1913344K), 0.1002315 secs] [Times: user=0.59 sys=0.01, real=0.10 secs] 
4967.505: [GC (Allocation Failure) [PSYoungGen: 433157K->151472K(479744K)] 858997K->683491K(1878016K), 0.0539712 secs] [Times: user=0.32 sys=0.00, real=0.06 secs] 
4971.545: [GC (Allocation Failure) [PSYoungGen: 479664K->108336K(513536K)] 1011683K->783163K(1911808K), 0.1677804 secs] [Times: user=1.00 sys=0.00, real=0.17 secs] 
4972.788: [GC (Allocation Failure) [PSYoungGen: 433968K->154848K(480768K)] 1108795K->934111K(1879040K), 0.0530330 secs] [Times: user=0.32 sys=0.00, real=0.05 secs] 
4976.319: [GC (Allocation Failure) [PSYoungGen: 480480K->96416K(509440K)] 1259743K->1030375K(1907712K), 0.1568260 secs] [Times: user=0.94 sys=0.00, real=0.15 secs] 
4976.958: [GC (Allocation Failure) [PSYoungGen: 415904K->155520K(475136K)] 1349863K->1179716K(1873408K), 0.0573310 secs] [Times: user=0.34 sys=0.00, real=0.05 secs] 
4979.647: [GC (GCLocker Initiated GC) [PSYoungGen: 475008K->94928K(505344K)] 1499205K->1274434K(1903616K), 0.1541627 secs] [Times: user=0.92 sys=0.00, real=0.15 secs] 
4980.683: [GC (Allocation Failure) [PSYoungGen: 406224K->148832K(460288K)] 1585780K->1417281K(1858560K), 0.0547334 secs] [Times: user=0.32 sys=0.01, real=0.06 secs] 
4980.737: [Full GC (Ergonomics) [PSYoungGen: 148832K->0K(460288K)] [ParOldGen: 1268449K->214087K(1398272K)] 1417281K->214087K(1858560K), [Metaspace: 60489K->60489K(1105920K)], 0.5038836 secs] [Times: user=2.35 sys=0.00, real=0.50 secs] 
4983.527: [GC (GCLocker Initiated GC) [PSYoungGen: 311296K->92080K(504320K)] 525383K->306168K(1902592K), 0.1176486 secs] [Times: user=0.69 sys=0.01, real=0.11 secs] 
4984.192: [GC (Allocation Failure) [PSYoungGen: 401328K->149472K(458752K)] 615419K->449519K(1857024K), 0.0525274 secs] [Times: user=0.31 sys=0.00, real=0.05 secs] 
4987.308: [GC (Allocation Failure) [PSYoungGen: 458720K->91344K(502784K)] 758767K->540136K(1901056K), 0.1710093 secs] [Times: user=1.01 sys=0.01, real=0.17 secs] 
4987.952: [GC (Allocation Failure) [PSYoungGen: 381339K->138320K(444416K)] 830130K->674413K(1842688K), 0.0497557 secs] [Times: user=0.29 sys=0.00, real=0.05 secs] 
4990.981: [GC (Allocation Failure) [PSYoungGen: 443984K->96720K(501760K)] 980077K->762525K(1900032K), 0.0966766 secs] [Times: user=0.57 sys=0.01, real=0.10 secs] 
4993.668: [GC (Allocation Failure) [PSYoungGen: 404432K->143968K(499712K)] 1070237K->902585K(1897984K), 0.0491885 secs] [Times: user=0.29 sys=0.00, real=0.05 secs] 
4996.276: [GC (Allocation Failure) [PSYoungGen: 451680K->101488K(502784K)] 1210297K->994937K(1901056K), 0.0643583 secs] [Times: user=0.38 sys=0.00, real=0.07 secs] 
4998.297: [GC (Allocation Failure) [PSYoungGen: 415344K->144832K(504320K)] 1308793K->1136334K(1902592K), 0.0520398 secs] [Times: user=0.30 sys=0.00, real=0.05 secs] 
5000.315: [GC (Allocation Failure) [PSYoungGen: 458688K->106016K(502784K)] 1450190K->1232762K(1901056K), 0.0668319 secs] [Times: user=0.37 sys=0.00, real=0.07 secs] 
5002.481: [GC (Allocation Failure) [PSYoungGen: 422432K->147456K(504832K)] 1549178K->1376982K(1903104K), 0.0529081 secs] [Times: user=0.31 sys=0.00, real=0.05 secs] 
5002.534: [Full GC (Ergonomics) [PSYoungGen: 147456K->0K(504832K)] [ParOldGen: 1229526K->184416K(1398272K)] 1376982K->184416K(1903104K), [Metaspace: 60496K->60496K(1105920K)], 0.4517644 secs] [Times: user=2.12 sys=0.00, real=0.45 secs] 
5004.130: [GC (Allocation Failure) [PSYoungGen: 316416K->105360K(506880K)] 500832K->289777K(1905152K), 0.0348412 secs] [Times: user=0.20 sys=0.00, real=0.03 secs] 
5007.297: [GC (Allocation Failure) [PSYoungGen: 424848K->146912K(507392K)] 609265K->432797K(1905664K), 0.0524650 secs] [Times: user=0.31 sys=0.00, real=0.06 secs] 
5010.998: [GC (Allocation Failure) [PSYoungGen: 466400K->104304K(507904K)] 752285K->527474K(1906176K), 0.0649765 secs] [Times: user=0.39 sys=0.00, real=0.06 secs] 
5013.245: [GC (Allocation Failure) [PSYoungGen: 425328K->149136K(508416K)] 848498K->673499K(1906688K), 0.0523317 secs] [Times: user=0.31 sys=0.00, real=0.06 secs] 
5015.111: [GC (Allocation Failure) [PSYoungGen: 470160K->108352K(507392K)] 994523K->772730K(1905664K), 0.0700542 secs] [Times: user=0.42 sys=0.00, real=0.07 secs] 
5017.231: [GC (Allocation Failure) [PSYoungGen: 429376K->147840K(507904K)] 1093754K->917259K(1906176K), 0.0536820 secs] [Times: user=0.30 sys=0.01, real=0.05 secs] 
5019.589: [GC (Allocation Failure) [PSYoungGen: 468864K->108512K(508416K)] 1238283K->1016619K(1906688K), 0.0685210 secs] [Times: user=0.40 sys=0.00, real=0.07 secs] 
5021.370: [GC (Allocation Failure) [PSYoungGen: 431072K->148896K(508928K)] 1339179K->1161256K(1907200K), 0.0525102 secs] [Times: user=0.31 sys=0.00, real=0.05 secs] 
5023.898: [GC (Allocation Failure) [PSYoungGen: 471456K->109760K(508928K)] 1483816K->1261172K(1907200K), 0.1708776 secs] [Times: user=1.01 sys=0.01, real=0.17 secs] 
5025.058: [GC (Allocation Failure) [PSYoungGen: 433344K->152032K(475648K)] 1584756K->1409665K(1873920K), 0.0540863 secs] [Times: user=0.32 sys=0.00, real=0.05 secs] 
5025.112: [Full GC (Ergonomics) [PSYoungGen: 152032K->0K(475648K)] [ParOldGen: 1257633K->208008K(1398272K)] 1409665K->208008K(1873920K), [Metaspace: 60496K->60496K(1105920K)], 0.4850618 secs] [Times: user=2.27 sys=0.00, real=0.49 secs] 
5029.617: [GC (Allocation Failure) [PSYoungGen: 323584K->93600K(509440K)] 531592K->301608K(1907712K), 0.1617888 secs] [Times: user=0.96 sys=0.00, real=0.17 secs] 
5030.962: [GC (Allocation Failure) [PSYoungGen: 413088K->151056K(471040K)] 621096K->448406K(1869312K), 0.0543868 secs] [Times: user=0.33 sys=0.00, real=0.05 secs] 
5033.936: [GC (Allocation Failure) [PSYoungGen: 470544K->96272K(507392K)] 767894K->544458K(1905664K), 0.1666101 secs] [Times: user=0.99 sys=0.00, real=0.17 secs] 
5034.752: [GC (Allocation Failure) [PSYoungGen: 410640K->150976K(465408K)] 858826K->689506K(1863680K), 0.0551662 secs] [Times: user=0.32 sys=0.00, real=0.06 secs] 
5037.306: [GC (Allocation Failure) [PSYoungGen: 465344K->95840K(505856K)] 1003874K->784398K(1904128K), 0.1619143 secs] [Times: user=0.96 sys=0.00, real=0.17 secs] 
5037.812: [GC (Allocation Failure) [PSYoungGen: 407136K->150688K(462336K)] 1095694K->929367K(1860608K), 0.0552418 secs] [Times: user=0.33 sys=0.00, real=0.06 secs] 
5041.173: [GC (Allocation Failure) [PSYoungGen: 461984K->90256K(503296K)] 1240663K->1019368K(1901568K), 0.1580719 secs] [Times: user=0.92 sys=0.00, real=0.16 secs] 
5041.697: [GC (Allocation Failure) [PSYoungGen: 397456K->149632K(457216K)] 1326568K->1163164K(1855488K), 0.0536668 secs] [Times: user=0.32 sys=0.00, real=0.06 secs] 
5043.297: [GC (Allocation Failure) [PSYoungGen: 456832K->92512K(502272K)] 1470364K->1255376K(1900544K), 0.1247606 secs] [Times: user=0.74 sys=0.01, real=0.12 secs] 
5044.190: [GC (Allocation Failure) [PSYoungGen: 392755K->139200K(443392K)] 1555619K->1390733K(1841664K), 0.0499353 secs] [Times: user=0.30 sys=0.00, real=0.05 secs] 
5044.240: [Full GC (Ergonomics) [PSYoungGen: 139200K->0K(443392K)] [ParOldGen: 1251533K->197035K(1398272K)] 1390733K->197035K(1841664K), [Metaspace: 60497K->59595K(1105920K)], 0.4856287 secs] [Times: user=2.23 sys=0.00, real=0.48 secs] 
5046.186: [GC (Allocation Failure) [PSYoungGen: 304128K->102048K(503296K)] 501163K->299083K(1901568K), 0.0831667 secs] [Times: user=0.49 sys=0.00, real=0.09 secs] 
5047.907: [GC (Allocation Failure) [PSYoungGen: 409760K->144304K(499712K)] 606795K->439637K(1897984K), 0.0491556 secs] [Times: user=0.29 sys=0.00, real=0.04 secs] 
5050.631: [GC (Allocation Failure) [PSYoungGen: 452016K->100176K(502784K)] 747349K->531261K(1901056K), 0.0640956 secs] [Times: user=0.38 sys=0.00, real=0.06 secs] 
5051.419: [GC (Allocation Failure) [PSYoungGen: 413520K->147776K(503808K)] 844605K->675713K(1902080K), 0.0496323 secs] [Times: user=0.29 sys=0.00, real=0.05 secs] 
5056.112: [GC (Allocation Failure) [PSYoungGen: 461120K->101632K(505344K)] 989057K->768677K(1903616K), 0.0652247 secs] [Times: user=0.38 sys=0.00, real=0.07 secs] 
5058.275: [GC (Allocation Failure) [PSYoungGen: 416512K->144928K(505344K)] 1083557K->910318K(1903616K), 0.0509603 secs] [Times: user=0.30 sys=0.01, real=0.05 secs] 
5061.515: [GC (Allocation Failure) [PSYoungGen: 459808K->102976K(503808K)] 1225198K->1004542K(1902080K), 0.0642274 secs] [Times: user=0.38 sys=0.01, real=0.07 secs] 
5064.877: [GC (Allocation Failure) [PSYoungGen: 419392K->147232K(505344K)] 1320958K->1147715K(1903616K), 0.0520250 secs] [Times: user=0.31 sys=0.00, real=0.05 secs] 
5066.220: [GC (Allocation Failure) [PSYoungGen: 463648K->106848K(505344K)] 1464131K->1245359K(1903616K), 0.0652426 secs] [Times: user=0.39 sys=0.00, real=0.06 secs] 
5067.970: [GC (Allocation Failure) [PSYoungGen: 425312K->147696K(506368K)] 1563823K->1390044K(1904640K), 0.0987796 secs] [Times: user=0.59 sys=0.00, real=0.10 secs] 
5068.069: [Full GC (Ergonomics) [PSYoungGen: 147696K->0K(506368K)] [ParOldGen: 1242348K->188630K(1398272K)] 1390044K->188630K(1904640K), [Metaspace: 59595K->59595K(1105920K)], 0.4804409 secs] [Times: user=2.26 sys=0.01, real=0.48 secs] 
5069.807: [GC (Allocation Failure) [PSYoungGen: 318464K->107776K(506368K)] 507094K->296406K(1904640K), 0.0324373 secs] [Times: user=0.19 sys=0.00, real=0.04 secs] 
5072.168: [GC (Allocation Failure) [PSYoungGen: 428288K->147856K(507392K)] 616918K->440564K(1905664K), 0.0519859 secs] [Times: user=0.30 sys=0.00, real=0.05 secs] 
5075.604: [GC (Allocation Failure) [PSYoungGen: 468368K->103168K(509440K)] 761076K->534467K(1907712K), 0.0962978 secs] [Times: user=0.57 sys=0.00, real=0.10 secs] 
5077.919: [GC (Allocation Failure) [PSYoungGen: 424704K->150080K(472064K)] 856003K->681112K(1870336K), 0.0512221 secs] [Times: user=0.30 sys=0.00, real=0.05 secs] 
5081.958: [GC (Allocation Failure) [PSYoungGen: 471616K->105744K(510976K)] 1002648K->778349K(1909248K), 0.1609611 secs] [Times: user=0.96 sys=0.00, real=0.16 secs] 
5083.515: [GC (Allocation Failure) [PSYoungGen: 422303K->146848K(508416K)] 1094907K->920985K(1906688K), 0.0508214 secs] [Times: user=0.30 sys=0.00, real=0.05 secs] 
5086.831: [GC (Allocation Failure) [PSYoungGen: 467360K->103280K(507904K)] 1241497K->1015546K(1906176K), 0.1308176 secs] [Times: user=0.76 sys=0.01, real=0.13 secs] 
5088.695: [GC (Allocation Failure) [PSYoungGen: 418932K->147776K(508416K)] 1331197K->1159654K(1906688K), 0.0510595 secs] [Times: user=0.30 sys=0.01, real=0.05 secs] 
5090.999: [GC (Allocation Failure) [PSYoungGen: 468800K->104416K(508928K)] 1480678K->1255190K(1907200K), 0.1050300 secs] [Times: user=0.62 sys=0.00, real=0.10 secs] 
5092.123: [GC (Allocation Failure) [PSYoungGen: 419043K->146048K(508928K)] 1569817K->1397555K(1907200K), 0.0516048 secs] [Times: user=0.31 sys=0.00, real=0.05 secs] 
5092.174: [Full GC (Ergonomics) [PSYoungGen: 146048K->0K(508928K)] [ParOldGen: 1251507K->196864K(1398272K)] 1397555K->196864K(1907200K), [Metaspace: 59595K->59590K(1105920K)], 0.4874872 secs] [Times: user=2.25 sys=0.00, real=0.49 secs] 
5096.558: [GC (Allocation Failure) [PSYoungGen: 321536K->102464K(508928K)] 518400K->299328K(1907200K), 0.0974499 secs] [Times: user=0.58 sys=0.00, real=0.09 secs] 
5098.133: [GC (Allocation Failure) [PSYoungGen: 421656K->147744K(509440K)] 618520K->443725K(1907712K), 0.0861097 secs] [Times: user=0.51 sys=0.00, real=0.09 secs] 
5100.495: [GC (Allocation Failure) [PSYoungGen: 470304K->107584K(508416K)] 766285K->542797K(1906688K), 0.1818322 secs] [Times: user=1.08 sys=0.00, real=0.19 secs] 
5101.152: [GC (Allocation Failure) [PSYoungGen: 430144K->153600K(476672K)] 865357K->693018K(1874944K), 0.0524964 secs] [Times: user=0.31 sys=0.00, real=0.05 secs] 
5104.707: [GC (Allocation Failure) [PSYoungGen: 475155K->93856K(508416K)] 1014573K->786574K(1906688K), 0.1627685 secs] [Times: user=0.96 sys=0.00, real=0.16 secs] 
5105.699: [GC (Allocation Failure) [PSYoungGen: 411296K->183968K(501760K)] 1104014K->966575K(1900032K), 0.0559798 secs] [Times: user=0.34 sys=0.00, real=0.05 secs] 
5108.365: [GC (GCLocker Initiated GC) [PSYoungGen: 501408K->94768K(487424K)] 1284016K->1028340K(1885696K), 0.1541742 secs] [Times: user=0.91 sys=0.00, real=0.16 secs] 
5109.120: [GC (Allocation Failure) [PSYoungGen: 385072K->132192K(494592K)] 1335079K->1170666K(1892864K), 0.2117828 secs] [Times: user=1.27 sys=0.00, real=0.21 secs] 
5110.807: [GC (Allocation Failure) [PSYoungGen: 422496K->86400K(493056K)] 1460970K->1256754K(1891328K), 0.2984243 secs] [Times: user=1.79 sys=0.00, real=0.30 secs] 
5111.813: [GC (Allocation Failure) [PSYoungGen: 382336K->138464K(494592K)] 1552690K->1392131K(1892864K), 0.0593090 secs] [Times: user=0.35 sys=0.00, real=0.06 secs] 
5111.873: [Full GC (Ergonomics) [PSYoungGen: 138464K->0K(494592K)] [ParOldGen: 1253667K->190338K(1398272K)] 1392131K->190338K(1892864K), [Metaspace: 59590K->59590K(1105920K)], 0.4713440 secs] [Times: user=2.20 sys=0.00, real=0.47 secs] 
5114.354: [GC (Allocation Failure) [PSYoungGen: 295936K->95600K(496640K)] 486274K->285938K(1894912K), 0.0309108 secs] [Times: user=0.18 sys=0.00, real=0.03 secs] 
5116.651: [GC (Allocation Failure) [PSYoungGen: 399216K->138720K(498176K)] 589554K->421170K(1896448K), 0.0600731 secs] [Times: user=0.35 sys=0.01, real=0.06 secs] 
5118.112: [GC (Allocation Failure) [PSYoungGen: 442336K->102528K(496640K)] 724786K->515090K(1894912K), 0.0632720 secs] [Times: user=0.37 sys=0.00, real=0.06 secs] 
5120.458: [GC (Allocation Failure) [PSYoungGen: 413312K->139296K(500736K)] 825874K->652371K(1899008K), 0.0689753 secs] [Times: user=0.41 sys=0.00, real=0.07 secs] 
5124.424: [GC (Allocation Failure) [PSYoungGen: 450080K->103600K(501760K)] 963155K->747564K(1900032K), 0.0645081 secs] [Times: user=0.39 sys=0.01, real=0.07 secs] 
5125.598: [GC (Allocation Failure) [PSYoungGen: 422576K->144736K(505344K)] 1066540K->891156K(1903616K), 0.0531772 secs] [Times: user=0.31 sys=0.00, real=0.05 secs] 
5128.070: [GC (Allocation Failure) [PSYoungGen: 463712K->106880K(506880K)] 1210132K->989312K(1905152K), 0.0664531 secs] [Times: user=0.39 sys=0.00, real=0.06 secs] 
5131.026: [GC (Allocation Failure) [PSYoungGen: 430464K->144128K(508416K)] 1312896K->1131889K(1906688K), 0.0555970 secs] [Times: user=0.33 sys=0.00, real=0.06 secs] 
5133.124: [GC (Allocation Failure) [PSYoungGen: 467712K->112448K(507904K)] 1455473K->1235597K(1906176K), 0.0669339 secs] [Times: user=0.40 sys=0.00, real=0.07 secs] 
5136.293: [GC (Allocation Failure) [PSYoungGen: 439616K->148336K(509952K)] 1562765K->1381835K(1908224K), 0.1454979 secs] [Times: user=0.85 sys=0.02, real=0.15 secs] 
5136.438: [Full GC (Ergonomics) [PSYoungGen: 148336K->0K(509952K)] [ParOldGen: 1233498K->179333K(1398272K)] 1381835K->179333K(1908224K), [Metaspace: 59590K->59590K(1105920K)], 0.4713227 secs] [Times: user=2.24 sys=0.00, real=0.47 secs] 
5138.448: [GC (Allocation Failure) [PSYoungGen: 327168K->113360K(511488K)] 506501K->292694K(1909760K), 0.0344523 secs] [Times: user=0.20 sys=0.00, real=0.03 secs] 
5139.923: [GC (Allocation Failure) [PSYoungGen: 443088K->151584K(512000K)] 622422K->438714K(1910272K), 0.0548093 secs] [Times: user=0.33 sys=0.00, real=0.06 secs] 
5143.024: [GC (Allocation Failure) [PSYoungGen: 481312K->111808K(513536K)] 768442K->540498K(1911808K), 0.1048861 secs] [Times: user=0.63 sys=0.00, real=0.11 secs] 
5144.395: [GC (Allocation Failure) [PSYoungGen: 424876K->146928K(512512K)] 853566K->682928K(1910784K), 0.0526170 secs] [Times: user=0.32 sys=0.00, real=0.06 secs] 
5148.810: [GC (Allocation Failure) [PSYoungGen: 476144K->105344K(513536K)] 1012144K->779431K(1911808K), 0.1277270 secs] [Times: user=0.75 sys=0.01, real=0.13 secs] 
5150.056: [GC (Allocation Failure) [PSYoungGen: 435584K->155104K(485376K)] 1109671K->930760K(1883648K), 0.0515721 secs] [Times: user=0.30 sys=0.00, real=0.06 secs] 
5153.980: [GC (Allocation Failure) [PSYoungGen: 485344K->99040K(511488K)] 1261000K->1029524K(1909760K), 0.1605026 secs] [Times: user=0.93 sys=0.00, real=0.16 secs] 
5155.012: [GC (Allocation Failure) [PSYoungGen: 422112K->155248K(478720K)] 1352596K->1178886K(1876992K), 0.0575672 secs] [Times: user=0.34 sys=0.00, real=0.06 secs] 
5157.928: [GC (Allocation Failure) [PSYoungGen: 478320K->98816K(507904K)] 1501958K->1277365K(1906176K), 0.1655884 secs] [Times: user=0.99 sys=0.00, real=0.16 secs] 
5158.382: [GC (Allocation Failure) [PSYoungGen: 414208K->152464K(467968K)] 1592757K->1423919K(1866240K), 0.0576225 secs] [Times: user=0.34 sys=0.00, real=0.06 secs] 
5158.440: [Full GC (Ergonomics) [PSYoungGen: 152464K->0K(467968K)] [ParOldGen: 1271454K->222044K(1398272K)] 1423919K->222044K(1866240K), [Metaspace: 59627K->59627K(1105920K)], 0.5379613 secs] [Times: user=2.53 sys=0.00, real=0.54 secs] 
5161.833: [GC (Allocation Failure) [PSYoungGen: 315392K->92448K(504832K)] 537436K->314492K(1903104K), 0.1182087 secs] [Times: user=0.70 sys=0.00, real=0.12 secs] 
5162.471: [GC (Allocation Failure) [PSYoungGen: 402720K->150784K(461312K)] 624764K->458967K(1859584K), 0.0541465 secs] [Times: user=0.32 sys=0.00, real=0.05 secs] 
5165.556: [GC (Allocation Failure) [PSYoungGen: 461056K->91872K(502784K)] 769239K->550459K(1901056K), 0.1681159 secs] [Times: user=1.00 sys=0.01, real=0.17 secs] 
5166.394: [GC (GCLocker Initiated GC) [PSYoungGen: 398048K->146320K(452608K)] 856635K->690855K(1850880K), 0.1198851 secs] [Times: user=0.71 sys=0.00, real=0.12 secs] 
5170.131: [GC (Allocation Failure) [PSYoungGen: 452496K->87984K(502272K)] 997033K->778265K(1900544K), 0.1675118 secs] [Times: user=1.00 sys=0.00, real=0.17 secs] 
5171.151: [GC (Allocation Failure) [PSYoungGen: 387051K->139168K(444416K)] 1077332K->913445K(1842688K), 0.0489818 secs] [Times: user=0.29 sys=0.00, real=0.05 secs] 
5173.666: [GC (Allocation Failure) [PSYoungGen: 444320K->101536K(503296K)] 1218597K->1006297K(1901568K), 0.1050827 secs] [Times: user=0.63 sys=0.00, real=0.11 secs] 
5175.883: [GC (Allocation Failure) [PSYoungGen: 409760K->142640K(500224K)] 1314521K->1145015K(1898496K), 0.0499294 secs] [Times: user=0.29 sys=0.00, real=0.05 secs] 
5177.530: [GC (Allocation Failure) [PSYoungGen: 450864K->104736K(502272K)] 1453239K->1240426K(1900544K), 0.0830806 secs] [Times: user=0.50 sys=0.00, real=0.08 secs] 
5178.585: [GC (Allocation Failure) [PSYoungGen: 419104K->153472K(503296K)] 1554794K->1390815K(1901568K), 0.0519108 secs] [Times: user=0.31 sys=0.00, real=0.06 secs] 
5178.637: [Full GC (Ergonomics) [PSYoungGen: 153472K->0K(503296K)] [ParOldGen: 1237343K->188849K(1398272K)] 1390815K->188849K(1901568K), [Metaspace: 59627K->59627K(1105920K)], 0.4529079 secs] [Times: user=2.11 sys=0.00, real=0.45 secs] 
5181.577: [GC (Allocation Failure) [PSYoungGen: 314368K->105696K(506368K)] 503217K->294545K(1904640K), 0.0550772 secs] [Times: user=0.33 sys=0.00, real=0.05 secs] 
5183.716: [GC (Allocation Failure) [PSYoungGen: 420064K->144544K(504832K)] 608913K->435445K(1903104K), 0.0515628 secs] [Times: user=0.31 sys=0.00, real=0.06 secs] 
5186.090: [GC (Allocation Failure) [PSYoungGen: 458912K->106768K(503296K)] 749813K->532486K(1901568K), 0.0827904 secs] [Times: user=0.49 sys=0.00, real=0.08 secs] 
5187.663: [GC (Allocation Failure) [PSYoungGen: 423696K->146432K(505344K)] 849414K->675462K(1903616K), 0.0520695 secs] [Times: user=0.30 sys=0.00, real=0.05 secs] 
5190.253: [GC (Allocation Failure) [PSYoungGen: 463360K->105424K(506368K)] 992390K->771623K(1904640K), 0.0897833 secs] [Times: user=0.53 sys=0.00, real=0.09 secs] 
5191.663: [GC (Allocation Failure) [PSYoungGen: 425424K->149712K(507392K)] 1091623K->917676K(1905664K), 0.0527032 secs] [Times: user=0.31 sys=0.00, real=0.05 secs] 
5194.653: [GC (Allocation Failure) [PSYoungGen: 469712K->105728K(508928K)] 1237676K->1014219K(1907200K), 0.0665448 secs] [Times: user=0.40 sys=0.00, real=0.07 secs] 
5195.535: [GC (Allocation Failure) [PSYoungGen: 426240K->150384K(471040K)] 1334731K->1161061K(1869312K), 0.0526230 secs] [Times: user=0.31 sys=0.00, real=0.06 secs] 
5198.792: [GC (Allocation Failure) [PSYoungGen: 470896K->104624K(510464K)] 1481573K->1256785K(1908736K), 0.0966588 secs] [Times: user=0.57 sys=0.00, real=0.10 secs] 
5199.556: [GC (Allocation Failure) [PSYoungGen: 418152K->146880K(507904K)] 1570313K->1399553K(1906176K), 0.0510519 secs] [Times: user=0.30 sys=0.00, real=0.05 secs] 
5199.607: [Full GC (Ergonomics) [PSYoungGen: 146880K->0K(507904K)] [ParOldGen: 1252673K->197128K(1398272K)] 1399553K->197128K(1906176K), [Metaspace: 59627K->59627K(1105920K)], 0.4838506 secs] [Times: user=2.25 sys=0.00, real=0.49 secs] 
5203.621: [GC (Allocation Failure) [PSYoungGen: 319488K->103952K(507392K)] 516616K->301081K(1905664K), 0.0548588 secs] [Times: user=0.32 sys=0.00, real=0.05 secs] 
5205.767: [GC (Allocation Failure) [PSYoungGen: 423952K->147904K(507904K)] 621081K->444885K(1906176K), 0.0499171 secs] [Times: user=0.29 sys=0.00, real=0.05 secs] 
5207.331: [GC (Allocation Failure) [PSYoungGen: 467904K->109664K(506368K)] 764885K->545213K(1904640K), 0.1164371 secs] [Times: user=0.69 sys=0.00, real=0.12 secs] 
5208.174: [GC (Allocation Failure) [PSYoungGen: 414561K->141776K(507392K)] 850110K->683154K(1905664K), 0.0511602 secs] [Times: user=0.31 sys=0.00, real=0.05 secs] 
5211.579: [GC (Allocation Failure) [PSYoungGen: 462288K->107760K(506880K)] 1003666K->781738K(1905152K), 0.0924213 secs] [Times: user=0.55 sys=0.00, real=0.09 secs] 
5212.416: [GC (Allocation Failure) [PSYoungGen: 418029K->143520K(509440K)] 1092008K->921423K(1907712K), 0.0513752 secs] [Times: user=0.31 sys=0.00, real=0.06 secs] 
5215.312: [GC (Allocation Failure) [PSYoungGen: 468640K->107392K(510464K)] 1246543K->1019767K(1908736K), 0.1195916 secs] [Times: user=0.70 sys=0.00, real=0.12 secs] 
5216.217: [GC (Allocation Failure) [PSYoungGen: 436608K->155008K(484352K)] 1348983K->1171371K(1882624K), 0.0536364 secs] [Times: user=0.31 sys=0.00, real=0.05 secs] 
5219.766: [GC (Allocation Failure) [PSYoungGen: 484224K->99584K(512000K)] 1500587K->1270416K(1910272K), 0.1756104 secs] [Times: user=1.04 sys=0.00, real=0.18 secs] 
5220.739: [GC (Allocation Failure) [PSYoungGen: 423680K->155392K(479744K)] 1594512K->1419704K(1878016K), 0.0566370 secs] [Times: user=0.34 sys=0.00, real=0.05 secs] 
5220.796: [Full GC (Ergonomics) [PSYoungGen: 155392K->0K(479744K)] [ParOldGen: 1264312K->218336K(1398272K)] 1419704K->218336K(1878016K), [Metaspace: 59627K->59627K(1105920K)], 0.5168987 secs] [Times: user=2.43 sys=0.00, real=0.52 secs] 
5224.486: [GC (GCLocker Initiated GC) [PSYoungGen: 324096K->96912K(507904K)] 542432K->315249K(1906176K), 0.1391262 secs] [Times: user=0.82 sys=0.00, real=0.14 secs] 
5224.902: [GC (Allocation Failure) [PSYoungGen: 412816K->169120K(485376K)] 631208K->478404K(1883648K), 0.0569591 secs] [Times: user=0.33 sys=0.00, real=0.06 secs] 
5228.153: [GC (Allocation Failure) [PSYoungGen: 485024K->93536K(499200K)] 794308K->555228K(1897472K), 0.1699313 secs] [Times: user=1.01 sys=0.00, real=0.17 secs] 
5228.554: [GC (Allocation Failure) [PSYoungGen: 392032K->145392K(498176K)] 853724K->694217K(1896448K), 0.0537606 secs] [Times: user=0.32 sys=0.00, real=0.06 secs] 
5231.519: [GC (Allocation Failure) [PSYoungGen: 443888K->86768K(498688K)] 992713K->780793K(1896960K), 0.1613889 secs] [Times: user=0.96 sys=0.00, real=0.16 secs] 
5232.510: [GC (Allocation Failure) [PSYoungGen: 374832K->138272K(437760K)] 1068856K->912293K(1836032K), 0.0473969 secs] [Times: user=0.28 sys=0.00, real=0.05 secs] 
5234.262: [GC (GCLocker Initiated GC) [PSYoungGen: 437280K->100016K(500224K)] 1211302K->1003643K(1898496K), 0.0846613 secs] [Times: user=0.50 sys=0.00, real=0.08 secs] 
5235.391: [GC (Allocation Failure) [PSYoungGen: 403120K->139728K(497152K)] 1306750K->1139542K(1895424K), 0.0492193 secs] [Times: user=0.29 sys=0.00, real=0.05 secs] 
5238.597: [GC (Allocation Failure) [PSYoungGen: 442832K->102864K(501760K)] 1442646K->1232247K(1900032K), 0.0640416 secs] [Times: user=0.38 sys=0.00, real=0.06 secs] 
5239.758: [GC (Allocation Failure) [PSYoungGen: 413648K->144256K(501248K)] 1543031K->1374159K(1899520K), 0.0517354 secs] [Times: user=0.31 sys=0.00, real=0.05 secs] 
5239.810: [Full GC (Ergonomics) [PSYoungGen: 144256K->0K(501248K)] [ParOldGen: 1229903K->181775K(1398272K)] 1374159K->181775K(1899520K), [Metaspace: 59627K->59627K(1105920K)], 0.4391403 secs] [Times: user=2.05 sys=0.00, real=0.44 secs] 
5242.805: [GC (GCLocker Initiated GC) [PSYoungGen: 310784K->101985K(504320K)] 492559K->283761K(1902592K), 0.0335900 secs] [Times: user=0.20 sys=0.00, real=0.04 secs] 
5244.057: [GC (Allocation Failure) [PSYoungGen: 418913K->146960K(505856K)] 600692K->428216K(1904128K), 0.0515518 secs] [Times: user=0.30 sys=0.00, real=0.05 secs] 
5245.665: [GC (Allocation Failure) [PSYoungGen: 463888K->104576K(505344K)] 745144K->523452K(1903616K), 0.0651615 secs] [Times: user=0.38 sys=0.00, real=0.07 secs] 
5247.336: [GC (Allocation Failure) [PSYoungGen: 423040K->149184K(506368K)] 841916K->670216K(1904640K), 0.0525958 secs] [Times: user=0.31 sys=0.00, real=0.06 secs] 
5248.533: [GC (Allocation Failure) [PSYoungGen: 467648K->107280K(507392K)] 988680K->768713K(1905664K), 0.0656744 secs] [Times: user=0.39 sys=0.00, real=0.07 secs] 
5250.923: [GC (Allocation Failure) [PSYoungGen: 426768K->147680K(507392K)] 1088201K->913153K(1905664K), 0.0554166 secs] [Times: user=0.33 sys=0.00, real=0.06 secs] 
5253.792: [GC (Allocation Failure) [PSYoungGen: 467168K->104288K(507392K)] 1232641K->1009033K(1905664K), 0.1213499 secs] [Times: user=0.72 sys=0.00, real=0.12 secs] 
5255.582: [GC (Allocation Failure) [PSYoungGen: 424800K->146368K(507904K)] 1329545K->1151898K(1906176K), 0.0768022 secs] [Times: user=0.45 sys=0.00, real=0.08 secs] 
5258.666: [GC (Allocation Failure) [PSYoungGen: 466880K->106080K(508416K)] 1472410K->1248866K(1906688K), 0.0654990 secs] [Times: user=0.38 sys=0.00, real=0.07 secs] 
5261.283: [GC (Allocation Failure) [PSYoungGen: 428128K->147584K(508928K)] 1570914K->1392947K(1907200K), 0.0683393 secs] [Times: user=0.40 sys=0.00, real=0.07 secs] 
5261.351: [Full GC (Ergonomics) [PSYoungGen: 147584K->0K(508928K)] [ParOldGen: 1245363K->190868K(1398272K)] 1392947K->190868K(1907200K), [Metaspace: 59627K->59627K(1105920K)], 0.4673150 secs] [Times: user=2.19 sys=0.00, real=0.47 secs] 
5266.473: [GC (Allocation Failure) [PSYoungGen: 322048K->106272K(508928K)] 512916K->297140K(1907200K), 0.0657122 secs] [Times: user=0.39 sys=0.01, real=0.07 secs] 
5268.052: [GC (Allocation Failure) [PSYoungGen: 429344K->150112K(509440K)] 620212K->443633K(1907712K), 0.0744748 secs] [Times: user=0.44 sys=0.00, real=0.07 secs] 
5270.907: [GC (Allocation Failure) [PSYoungGen: 473184K->104480K(510464K)] 766705K->539049K(1908736K), 0.1400171 secs] [Times: user=0.83 sys=0.00, real=0.14 secs] 
5271.857: [GC (Allocation Failure) [PSYoungGen: 420575K->148576K(471040K)] 855144K->684145K(1869312K), 0.0507423 secs] [Times: user=0.30 sys=0.00, real=0.05 secs] 
5274.103: [GC (Allocation Failure) [PSYoungGen: 470624K->108320K(512000K)] 1006193K->783889K(1910272K), 0.1563270 secs] [Times: user=0.93 sys=0.01, real=0.16 secs] 
5274.894: [GC (Allocation Failure) [PSYoungGen: 416927K->143696K(508928K)] 1092497K->923583K(1907200K), 0.0514278 secs] [Times: user=0.30 sys=0.00, real=0.05 secs] 
5277.696: [GC (Allocation Failure) [PSYoungGen: 465744K->108672K(509440K)] 1245631K->1022626K(1907712K), 0.1678836 secs] [Times: user=0.98 sys=0.01, real=0.17 secs] 
5278.837: [GC (Allocation Failure) [PSYoungGen: 433280K->154368K(509440K)] 1347234K->1173015K(1907712K), 0.0531763 secs] [Times: user=0.31 sys=0.00, real=0.05 secs] 
5282.455: [GC (Allocation Failure) [PSYoungGen: 478976K->96448K(509952K)] 1497623K->1268759K(1908224K), 0.1699056 secs] [Times: user=1.01 sys=0.00, real=0.17 secs] 
5283.565: [GC (Allocation Failure) [PSYoungGen: 416960K->154336K(475136K)] 1589271K->1416960K(1873408K), 0.0555508 secs] [Times: user=0.33 sys=0.00, real=0.06 secs] 
5283.620: [Full GC (Ergonomics) [PSYoungGen: 154336K->0K(475136K)] [ParOldGen: 1262624K->214129K(1398272K)] 1416960K->214129K(1873408K), [Metaspace: 59630K->59630K(1105920K)], 0.4973129 secs] [Times: user=2.32 sys=0.00, real=0.50 secs] 
5287.252: [GC (Allocation Failure) [PSYoungGen: 320512K->96641K(506880K)] 534641K->310770K(1905152K), 0.1456908 secs] [Times: user=0.86 sys=0.00, real=0.15 secs] 
5287.798: [GC (Allocation Failure) [PSYoungGen: 410497K->150656K(464896K)] 624626K->455470K(1863168K), 0.0544857 secs] [Times: user=0.32 sys=0.00, real=0.05 secs] 
5289.659: [GC (Allocation Failure) [PSYoungGen: 464512K->97696K(505856K)] 769326K->552174K(1904128K), 0.1682025 secs] [Times: user=1.00 sys=0.00, real=0.16 secs] 
5290.837: [GC (Allocation Failure) [PSYoungGen: 408480K->147808K(503808K)] 862958K->693907K(1902080K), 0.1302387 secs] [Times: user=0.77 sys=0.00, real=0.13 secs] 
5293.511: [GC (GCLocker Initiated GC) [PSYoungGen: 458592K->89840K(504320K)] 1004691K->783540K(1902592K), 0.1719269 secs] [Times: user=1.02 sys=0.01, real=0.17 secs] 
5294.051: [GC (GCLocker Initiated GC) [PSYoungGen: 399088K->150416K(459776K)] 1092791K->928187K(1858048K), 0.0538772 secs] [Times: user=0.31 sys=0.00, real=0.05 secs] 
5296.053: [GC (Allocation Failure) [PSYoungGen: 459664K->93392K(502784K)] 1237438K->1020999K(1901056K), 0.1706175 secs] [Times: user=1.01 sys=0.00, real=0.17 secs] 
5297.517: [GC (Allocation Failure) [PSYoungGen: 398544K->162576K(467968K)] 1326151K->1177586K(1866240K), 0.1014737 secs] [Times: user=0.61 sys=0.00, real=0.10 secs] 
5300.767: [GC (Allocation Failure) [PSYoungGen: 467728K->88160K(496640K)] 1482738K->1249133K(1894912K), 0.1498073 secs] [Times: user=0.90 sys=0.00, real=0.14 secs] 
5301.788: [GC (Allocation Failure) [PSYoungGen: 381536K->139456K(433152K)] 1542509K->1384152K(1831424K), 0.0482012 secs] [Times: user=0.29 sys=0.00, real=0.04 secs] 
5301.836: [Full GC (Ergonomics) [PSYoungGen: 139456K->0K(433152K)] [ParOldGen: 1244696K->191638K(1398272K)] 1384152K->191638K(1831424K), [Metaspace: 59630K->59630K(1105920K)], 0.4648771 secs] [Times: user=2.17 sys=0.00, real=0.47 secs] 
5303.452: [GC (Allocation Failure) [PSYoungGen: 293376K->97136K(497152K)] 485014K->288774K(1895424K), 0.0309375 secs] [Times: user=0.18 sys=0.00, real=0.03 secs] 
5305.384: [GC (Allocation Failure) [PSYoungGen: 393584K->137072K(494080K)] 585222K->422451K(1892352K), 0.0482072 secs] [Times: user=0.29 sys=0.00, real=0.05 secs] 
5308.699: [GC (Allocation Failure) [PSYoungGen: 433520K->96928K(498688K)] 718899K->510055K(1896960K), 0.0616466 secs] [Times: user=0.36 sys=0.00, real=0.06 secs] 
5310.622: [GC (Allocation Failure) [PSYoungGen: 400032K->137248K(496128K)] 813159K->646327K(1894400K), 0.0883756 secs] [Times: user=0.53 sys=0.00, real=0.09 secs] 
5312.538: [GC (Allocation Failure) [PSYoungGen: 440352K->105552K(501248K)] 949431K->743344K(1899520K), 0.0639731 secs] [Times: user=0.38 sys=0.00, real=0.06 secs] 
5315.142: [GC (Allocation Failure) [PSYoungGen: 419408K->134240K(501760K)] 1057200K->876204K(1900032K), 0.0619174 secs] [Times: user=0.37 sys=0.00, real=0.06 secs] 
5316.328: [GC (Allocation Failure) [PSYoungGen: 448096K->115424K(500736K)] 1190060K->981500K(1899008K), 0.0654278 secs] [Times: user=0.38 sys=0.00, real=0.06 secs] 
5317.286: [GC (Allocation Failure) [PSYoungGen: 440032K->143808K(505344K)] 1306108K->1124065K(1903616K), 0.0584533 secs] [Times: user=0.35 sys=0.00, real=0.06 secs] 
5318.666: [GC (Allocation Failure) [PSYoungGen: 468416K->112864K(512512K)] 1448673K->1227401K(1910784K), 0.0660300 secs] [Times: user=0.39 sys=0.00, real=0.07 secs] 
5320.841: [GC (Allocation Failure) [PSYoungGen: 447712K->153792K(514048K)] 1562249K->1378798K(1912320K), 0.0561234 secs] [Times: user=0.33 sys=0.00, real=0.05 secs] 
5320.897: [Full GC (Ergonomics) [PSYoungGen: 153792K->0K(514048K)] [ParOldGen: 1225006K->176611K(1398272K)] 1378798K->176611K(1912320K), [Metaspace: 59630K->59630K(1105920K)], 0.4132769 secs] [Times: user=1.91 sys=0.00, real=0.42 secs] 
5322.375: [GC (Allocation Failure) [PSYoungGen: 334848K->113536K(516096K)] 511459K->290147K(1914368K), 0.0484294 secs] [Times: user=0.28 sys=0.01, real=0.05 secs] 
5324.908: [GC (Allocation Failure) [PSYoungGen: 446336K->155424K(488448K)] 622947K->442320K(1886720K), 0.0557938 secs] [Times: user=0.33 sys=0.01, real=0.05 secs] 
5328.857: [GC (Allocation Failure) [PSYoungGen: 488224K->109776K(514560K)] 775120K->543241K(1912832K), 0.1397538 secs] [Times: user=0.77 sys=0.00, real=0.14 secs] 
5330.146: [GC (Allocation Failure) [PSYoungGen: 437456K->155504K(483328K)] 870921K->694573K(1881600K), 0.0534565 secs] [Times: user=0.32 sys=0.00, real=0.06 secs] 
5332.155: [GC (Allocation Failure) [PSYoungGen: 483184K->106096K(512000K)] 1022253K->800045K(1910272K), 0.1426601 secs] [Times: user=0.84 sys=0.01, real=0.15 secs] 
5334.089: [GC (GCLocker Initiated GC) [PSYoungGen: 428656K->153488K(476160K)] 1122606K->943435K(1874432K), 0.1484731 secs] [Times: user=0.89 sys=0.00, real=0.15 secs] 
5337.653: [GC (Allocation Failure) [PSYoungGen: 476048K->96736K(508416K)] 1265998K->1039842K(1906688K), 0.1609719 secs] [Times: user=0.95 sys=0.00, real=0.16 secs] 
5338.850: [GC (Allocation Failure) [PSYoungGen: 414176K->153008K(470528K)] 1357282K->1186583K(1868800K), 0.1019511 secs] [Times: user=0.61 sys=0.00, real=0.10 secs] 
5342.881: [GC (Allocation Failure) [PSYoungGen: 470448K->92384K(505344K)] 1504023K->1278883K(1903616K), 0.1450336 secs] [Times: user=0.87 sys=0.00, real=0.14 secs] 
5343.409: [GC (Allocation Failure) [PSYoungGen: 403680K->150448K(461824K)] 1590179K->1423360K(1860096K), 0.0551767 secs] [Times: user=0.33 sys=0.01, real=0.05 secs] 
5343.464: [Full GC (Ergonomics) [PSYoungGen: 150448K->0K(461824K)] [ParOldGen: 1272911K->220340K(1398272K)] 1423360K->220340K(1860096K), [Metaspace: 59630K->59630K(1105920K)], 0.5298471 secs] [Times: user=2.50 sys=0.00, real=0.53 secs] 
5346.251: [GC (Allocation Failure) [PSYoungGen: 311296K->91104K(503296K)] 531636K->311445K(1901568K), 0.1156059 secs] [Times: user=0.67 sys=0.01, real=0.11 secs] 
5347.009: [GC (Allocation Failure) [PSYoungGen: 398304K->148576K(456192K)] 618645K->453825K(1854464K), 0.1441280 secs] [Times: user=0.85 sys=0.01, real=0.14 secs] 
5350.412: [GC (Allocation Failure) [PSYoungGen: 455776K->94368K(502784K)] 761025K->548009K(1901056K), 0.1541239 secs] [Times: user=0.92 sys=0.00, real=0.15 secs] 
5351.008: [GC (Allocation Failure) [PSYoungGen: 399520K->147264K(501248K)] 853161K->685350K(1899520K), 0.0524821 secs] [Times: user=0.31 sys=0.00, real=0.05 secs] 
5352.939: [GC (Allocation Failure) [PSYoungGen: 450939K->92656K(501248K)] 989025K->777071K(1899520K), 0.1762670 secs] [Times: user=1.05 sys=0.01, real=0.17 secs] 
5353.907: [GC (Allocation Failure) [PSYoungGen: 388335K->138656K(501248K)] 1072750K->912175K(1899520K), 0.0491980 secs] [Times: user=0.30 sys=0.00, real=0.05 secs] 
5356.077: [GC (Allocation Failure) [PSYoungGen: 443808K->101696K(498176K)] 1217327K->1004891K(1896448K), 0.1754581 secs] [Times: user=1.04 sys=0.00, real=0.17 secs] 
5357.720: [GC (Allocation Failure) [PSYoungGen: 409920K->150352K(499712K)] 1313115K->1151679K(1897984K), 0.0500983 secs] [Times: user=0.29 sys=0.00, real=0.05 secs] 
5358.893: [GC (Allocation Failure) [PSYoungGen: 458576K->103616K(503808K)] 1459903K->1237810K(1902080K), 0.0651678 secs] [Times: user=0.39 sys=0.00, real=0.07 secs] 
5361.819: [GC (Allocation Failure) [PSYoungGen: 415936K->145152K(503808K)] 1550130K->1378971K(1902080K), 0.0519972 secs] [Times: user=0.31 sys=0.00, real=0.05 secs] 
5361.871: [Full GC (Ergonomics) [PSYoungGen: 145152K->0K(503808K)] [ParOldGen: 1233819K->187514K(1398272K)] 1378971K->187514K(1902080K), [Metaspace: 59630K->59630K(1105920K)], 0.4524257 secs] [Times: user=2.10 sys=0.00, real=0.45 secs] 
5363.390: [GC (Allocation Failure) [PSYoungGen: 312320K->103904K(502784K)] 499834K->291418K(1901056K), 0.0323869 secs] [Times: user=0.19 sys=0.00, real=0.03 secs] 
5365.091: [GC (Allocation Failure) [PSYoungGen: 418272K->145824K(504320K)] 605786K->433908K(1902592K), 0.0515634 secs] [Times: user=0.30 sys=0.00, real=0.05 secs] 
5367.270: [GC (Allocation Failure) [PSYoungGen: 460192K->102272K(505344K)] 748276K->527140K(1903616K), 0.0702544 secs] [Times: user=0.41 sys=0.00, real=0.07 secs] 
5369.539: [GC (Allocation Failure) [PSYoungGen: 419712K->147392K(506368K)] 844580K->670801K(1904640K), 0.0505782 secs] [Times: user=0.30 sys=0.00, real=0.05 secs] 
5372.104: [GC (Allocation Failure) [PSYoungGen: 464832K->107264K(505344K)] 988241K->768793K(1903616K), 0.0780362 secs] [Times: user=0.46 sys=0.00, real=0.08 secs] 
5373.362: [GC (Allocation Failure) [PSYoungGen: 425728K->148640K(506368K)] 1087257K->913801K(1904640K), 0.0532679 secs] [Times: user=0.31 sys=0.00, real=0.05 secs] 
5375.878: [GC (Allocation Failure) [PSYoungGen: 467104K->104224K(507904K)] 1232265K->1008782K(1906176K), 0.0657408 secs] [Times: user=0.39 sys=0.00, real=0.06 secs] 
5378.085: [GC (Allocation Failure) [PSYoungGen: 424224K->151552K(472064K)] 1328782K->1156666K(1870336K), 0.0522953 secs] [Times: user=0.31 sys=0.00, real=0.05 secs] 
5379.639: [GC (Allocation Failure) [PSYoungGen: 471552K->106432K(509952K)] 1476666K->1254278K(1908224K), 0.1012346 secs] [Times: user=0.60 sys=0.00, real=0.10 secs] 
5381.598: [GC (GCLocker Initiated GC) [PSYoungGen: 424384K->146464K(506880K)] 1572231K->1397328K(1905152K), 0.1333685 secs] [Times: user=0.79 sys=0.00, real=0.13 secs] 
5381.731: [Full GC (Ergonomics) [PSYoungGen: 146464K->0K(506880K)] [ParOldGen: 1250864K->196472K(1398272K)] 1397328K->196472K(1905152K), [Metaspace: 59630K->59630K(1105920K)], 0.5312963 secs] [Times: user=2.54 sys=0.01, real=0.53 secs] 
5384.515: [GC (Allocation Failure) [PSYoungGen: 317952K->103776K(506368K)] 514426K->300250K(1904640K), 0.0414511 secs] [Times: user=0.24 sys=0.01, real=0.04 secs] 
5386.810: [GC (Allocation Failure) [PSYoungGen: 423264K->148000K(507392K)] 619738K->444191K(1905664K), 0.0499753 secs] [Times: user=0.30 sys=0.00, real=0.05 secs] 
5390.063: [GC (Allocation Failure) [PSYoungGen: 467488K->105184K(508416K)] 763679K->540195K(1906688K), 0.1763777 secs] [Times: user=1.05 sys=0.00, real=0.18 secs] 
5391.851: [GC (Allocation Failure) [PSYoungGen: 422487K->147424K(508416K)] 857498K->683155K(1906688K), 0.0507228 secs] [Times: user=0.30 sys=0.00, real=0.05 secs] 
5394.575: [GC (Allocation Failure) [PSYoungGen: 467936K->104448K(507904K)] 1003667K->778500K(1906176K), 0.1390196 secs] [Times: user=0.83 sys=0.00, real=0.14 secs] 
5396.604: [GC (Allocation Failure) [PSYoungGen: 417599K->146848K(508416K)] 1091651K->920868K(1906688K), 0.1275189 secs] [Times: user=0.75 sys=0.00, real=0.13 secs] 
5399.829: [GC (Allocation Failure) [PSYoungGen: 467872K->105952K(508416K)] 1241892K->1018404K(1906688K), 0.1631612 secs] [Times: user=0.96 sys=0.01, real=0.16 secs] 
5402.049: [GC (Allocation Failure) [PSYoungGen: 417072K->145472K(508928K)] 1329525K->1159453K(1907200K), 0.0514705 secs] [Times: user=0.30 sys=0.00, real=0.05 secs] 
5404.142: [GC (GCLocker Initiated GC) [PSYoungGen: 467520K->106176K(508416K)] 1481501K->1256893K(1906688K), 0.1468923 secs] [Times: user=0.87 sys=0.01, real=0.15 secs] 
5405.728: [GC (Allocation Failure) [PSYoungGen: 429760K->143264K(509440K)] 1596864K->1412708K(1907712K), 0.2683676 secs] [Times: user=1.60 sys=0.01, real=0.26 secs] 
5405.997: [Full GC (Ergonomics) [PSYoungGen: 143264K->0K(509440K)] [ParOldGen: 1269444K->211930K(1398272K)] 1412708K->211930K(1907712K), [Metaspace: 59631K->59631K(1105920K)], 0.4291582 secs] [Times: user=1.89 sys=0.00, real=0.43 secs] 
5408.477: [GC (Allocation Failure) [PSYoungGen: 323584K->99104K(511488K)] 535514K->311034K(1909760K), 0.1340640 secs] [Times: user=0.79 sys=0.00, real=0.13 secs] 
5409.058: [GC (Allocation Failure) [PSYoungGen: 425760K->158240K(485376K)] 637690K->463319K(1883648K), 0.0563245 secs] [Times: user=0.33 sys=0.00, real=0.05 secs] 
5413.086: [GC (Allocation Failure) [PSYoungGen: 484896K->96928K(508416K)] 789975K->560119K(1906688K), 0.1652348 secs] [Times: user=0.98 sys=0.00, real=0.17 secs] 
5413.488: [GC (Allocation Failure) [PSYoungGen: 413344K->154272K(471040K)] 876535K->708376K(1869312K), 0.0566759 secs] [Times: user=0.34 sys=0.00, real=0.05 secs] 
5417.455: [GC (Allocation Failure) [PSYoungGen: 470688K->91888K(504832K)] 1024792K->800032K(1903104K), 0.1346892 secs] [Times: user=0.81 sys=0.00, real=0.14 secs] 
5417.813: [GC (Allocation Failure) [PSYoungGen: 401648K->149376K(459264K)] 1109792K->943248K(1857536K), 0.0550944 secs] [Times: user=0.32 sys=0.00, real=0.06 secs] 
5421.453: [GC (Allocation Failure) [PSYoungGen: 459136K->88768K(502784K)] 1253008K->1031536K(1901056K), 0.1667370 secs] [Times: user=0.99 sys=0.00, real=0.17 secs] 
5421.864: [GC (Allocation Failure) [PSYoungGen: 394944K->148576K(455168K)] 1337712K->1174177K(1853440K), 0.0543562 secs] [Times: user=0.32 sys=0.00, real=0.06 secs] 
5424.732: [GC (Allocation Failure) [PSYoungGen: 454752K->87712K(501248K)] 1480353K->1261553K(1899520K), 0.1436437 secs] [Times: user=0.86 sys=0.00, real=0.14 secs] 
5425.744: [GC (Allocation Failure) [PSYoungGen: 390304K->147088K(450048K)] 1564145K->1402193K(1848320K), 0.0530025 secs] [Times: user=0.31 sys=0.00, real=0.05 secs] 
5425.797: [Full GC (Ergonomics) [PSYoungGen: 147088K->0K(450048K)] [ParOldGen: 1255105K->210059K(1398272K)] 1402193K->210059K(1848320K), [Metaspace: 59635K->59635K(1105920K)], 0.4935120 secs] [Times: user=2.31 sys=0.00, real=0.50 secs] 
5428.583: [GC (Allocation Failure) [PSYoungGen: 302592K->89888K(501248K)] 512651K->299947K(1899520K), 0.1637384 secs] [Times: user=0.97 sys=0.00, real=0.17 secs] 
5429.332: [GC (Allocation Failure) [PSYoungGen: 387089K->140912K(499712K)] 597149K->436807K(1897984K), 0.0488696 secs] [Times: user=0.29 sys=0.00, real=0.05 secs] 
5430.762: [GC (Allocation Failure) [PSYoungGen: 442992K->99680K(495616K)] 738887K->527582K(1893888K), 0.0904593 secs] [Times: user=0.54 sys=0.00, real=0.09 secs] 
5433.239: [GC (Allocation Failure) [PSYoungGen: 403296K->141792K(497664K)] 831198K->665643K(1895936K), 0.0499404 secs] [Times: user=0.29 sys=0.01, real=0.05 secs] 
5434.341: [GC (Allocation Failure) [PSYoungGen: 445408K->101200K(498176K)] 969259K->757760K(1896448K), 0.0633586 secs] [Times: user=0.38 sys=0.00, real=0.06 secs] 
5436.714: [GC (Allocation Failure) [PSYoungGen: 411472K->141024K(501248K)] 1068032K->895332K(1899520K), 0.0523239 secs] [Times: user=0.30 sys=0.01, real=0.05 secs] 
5438.810: [GC (GCLocker Initiated GC) [PSYoungGen: 451296K->104640K(501248K)] 1205607K->991195K(1899520K), 0.0646754 secs] [Times: user=0.39 sys=0.00, real=0.06 secs] 
5441.365: [GC (Allocation Failure) [PSYoungGen: 421056K->143472K(504320K)] 1307614K->1132267K(1902592K), 0.0529053 secs] [Times: user=0.31 sys=0.00, real=0.06 secs] 
5442.698: [GC (Allocation Failure) [PSYoungGen: 459888K->108128K(504320K)] 1448683K->1231015K(1902592K), 0.0661329 secs] [Times: user=0.40 sys=0.00, real=0.06 secs] 
5444.492: [GC (Allocation Failure) [PSYoungGen: 429664K->148432K(506880K)] 1552551K->1377404K(1905152K), 0.1530175 secs] [Times: user=0.91 sys=0.00, real=0.15 secs] 
5444.645: [Full GC (Ergonomics) [PSYoungGen: 148432K->0K(506880K)] [ParOldGen: 1228971K->183692K(1398272K)] 1377404K->183692K(1905152K), [Metaspace: 59635K->59615K(1105920K)], 0.5026022 secs] [Times: user=2.39 sys=0.00, real=0.51 secs] 
5448.951: [GC (Allocation Failure) [PSYoungGen: 321536K->101920K(510976K)] 505228K->285612K(1909248K), 0.0322975 secs] [Times: user=0.19 sys=0.00, real=0.03 secs] 
5451.156: [GC (Allocation Failure) [PSYoungGen: 425504K->148928K(472576K)] 609196K->432217K(1870848K), 0.0515608 secs] [Times: user=0.31 sys=0.00, real=0.06 secs] 
5453.009: [GC (Allocation Failure) [PSYoungGen: 472512K->108544K(512512K)] 755801K->532257K(1910784K), 0.0699400 secs] [Times: user=0.40 sys=0.00, real=0.07 secs] 
5455.714: [GC (Allocation Failure) [PSYoungGen: 431104K->151568K(474624K)] 854817K->680170K(1872896K), 0.0532627 secs] [Times: user=0.32 sys=0.00, real=0.06 secs] 
5458.486: [GC (Allocation Failure) [PSYoungGen: 474128K->105904K(511488K)] 1002730K->777307K(1909760K), 0.1654559 secs] [Times: user=0.99 sys=0.00, real=0.17 secs] 
5460.555: [GC (Allocation Failure) [PSYoungGen: 424022K->147840K(508416K)] 1095424K->921187K(1906688K), 0.0518531 secs] [Times: user=0.31 sys=0.00, real=0.05 secs] 
5463.267: [GC (Allocation Failure) [PSYoungGen: 468864K->106496K(507904K)] 1242211K->1018987K(1906176K), 0.1808719 secs] [Times: user=1.02 sys=0.00, real=0.19 secs] 
5464.282: [GC (Allocation Failure) [PSYoungGen: 418235K->144704K(508416K)] 1330726K->1159803K(1906688K), 0.0511752 secs] [Times: user=0.30 sys=0.00, real=0.05 secs] 
5466.522: [GC (Allocation Failure) [PSYoungGen: 466240K->109248K(506368K)] 1481339K->1259859K(1904640K), 0.1667582 secs] [Times: user=0.99 sys=0.00, real=0.17 secs] 
5467.819: [GC (GCLocker Initiated GC) [PSYoungGen: 432832K->151440K(508416K)] 1583444K->1407409K(1906688K), 0.0690730 secs] [Times: user=0.41 sys=0.01, real=0.07 secs] 
5467.889: [Full GC (Ergonomics) [PSYoungGen: 151440K->0K(508416K)] [ParOldGen: 1255968K->205628K(1398272K)] 1407409K->205628K(1906688K), [Metaspace: 59615K->59615K(1105920K)], 0.5252292 secs] [Times: user=2.47 sys=0.00, real=0.52 secs] 
5470.319: [GC (Allocation Failure) [PSYoungGen: 323584K->97664K(510976K)] 529215K->303295K(1909248K), 0.1567130 secs] [Times: user=0.93 sys=0.00, real=0.15 secs] 
5471.653: [GC (Allocation Failure) [PSYoungGen: 419712K->154368K(476672K)] 625343K->451444K(1874944K), 0.0726406 secs] [Times: user=0.43 sys=0.00, real=0.07 secs] 
5475.877: [GC (Allocation Failure) [PSYoungGen: 476416K->96096K(507392K)] 773492K->547324K(1905664K), 0.1703667 secs] [Times: user=1.01 sys=0.00, real=0.17 secs] 
5476.727: [GC (Allocation Failure) [PSYoungGen: 410976K->150944K(465920K)] 862204K->692325K(1864192K), 0.0559161 secs] [Times: user=0.33 sys=0.00, real=0.05 secs] 
5481.033: [GC (Allocation Failure) [PSYoungGen: 465824K->94240K(505344K)] 1007205K->785741K(1903616K), 0.1146416 secs] [Times: user=0.68 sys=0.01, real=0.12 secs] 
5482.299: [GC (Allocation Failure) [PSYoungGen: 405024K->147392K(458240K)] 1096525K->927189K(1856512K), 0.1192873 secs] [Times: user=0.70 sys=0.01, real=0.12 secs] 
5485.786: [GC (Allocation Failure) [PSYoungGen: 458176K->92256K(504832K)] 1237973K->1018881K(1903104K), 0.1606762 secs] [Times: user=0.95 sys=0.00, real=0.16 secs] 
5486.986: [GC (Allocation Failure) [PSYoungGen: 402016K->149264K(459264K)] 1328641K->1162027K(1857536K), 0.0537793 secs] [Times: user=0.32 sys=0.00, real=0.06 secs] 
5489.524: [GC (Allocation Failure) [PSYoungGen: 459024K->93920K(503808K)] 1471787K->1255530K(1902080K), 0.1640038 secs] [Times: user=0.98 sys=0.00, real=0.17 secs] 
5490.734: [GC (Allocation Failure) [PSYoungGen: 397046K->139536K(446976K)] 1558657K->1390504K(1845248K), 0.0499453 secs] [Times: user=0.30 sys=0.00, real=0.05 secs] 
5490.784: [Full GC (Ergonomics) [PSYoungGen: 139536K->0K(446976K)] [ParOldGen: 1250967K->196623K(1398272K)] 1390504K->196623K(1845248K), [Metaspace: 59615K->59615K(1105920K)], 0.4737316 secs] [Times: user=2.20 sys=0.00, real=0.48 secs] 
5493.123: [GC (Allocation Failure) [PSYoungGen: 307200K->102880K(504320K)] 503823K->299503K(1902592K), 0.0313420 secs] [Times: user=0.19 sys=0.00, real=0.03 secs] 
5495.471: [GC (Allocation Failure) [PSYoungGen: 413152K->144592K(501248K)] 609775K->440380K(1899520K), 0.0991244 secs] [Times: user=0.59 sys=0.00, real=0.10 secs] 
5497.582: [GC (Allocation Failure) [PSYoungGen: 454864K->102080K(503296K)] 750652K->534052K(1901568K), 0.0646929 secs] [Times: user=0.38 sys=0.00, real=0.06 secs] 
5499.584: [GC (Allocation Failure) [PSYoungGen: 417472K->145472K(504832K)] 849444K->675920K(1903104K), 0.0499258 secs] [Times: user=0.29 sys=0.00, real=0.05 secs] 
5501.852: [GC (Allocation Failure) [PSYoungGen: 460864K->106080K(504320K)] 991312K->772552K(1902592K), 0.0648575 secs] [Times: user=0.38 sys=0.00, real=0.06 secs] 
5504.104: [GC (Allocation Failure) [PSYoungGen: 424032K->145648K(505856K)] 1090509K->914474K(1904128K), 0.0519482 secs] [Times: user=0.31 sys=0.00, real=0.05 secs] 
5505.518: [GC (Allocation Failure) [PSYoungGen: 463600K->106496K(505856K)] 1232426K->1011898K(1904128K), 0.0809730 secs] [Times: user=0.48 sys=0.00, real=0.08 secs] 
5507.748: [GC (Allocation Failure) [PSYoungGen: 427520K->147680K(507392K)] 1332922K->1155878K(1905664K), 0.0534194 secs] [Times: user=0.32 sys=0.00, real=0.05 secs] 
5508.890: [GC (Allocation Failure) [PSYoungGen: 468704K->111392K(507392K)] 1476902K->1258102K(1905664K), 0.0669917 secs] [Times: user=0.39 sys=0.01, real=0.07 secs] 
5509.728: [GC (Allocation Failure) [PSYoungGen: 434464K->152960K(508416K)] 1581174K->1407791K(1906688K), 0.0682138 secs] [Times: user=0.41 sys=0.01, real=0.06 secs] 
5509.796: [Full GC (Ergonomics) [PSYoungGen: 152960K->0K(508416K)] [ParOldGen: 1254831K->206187K(1398272K)] 1407791K->206187K(1906688K), [Metaspace: 59615K->59615K(1105920K)], 0.4887866 secs] [Times: user=2.27 sys=0.00, real=0.49 secs] 
5514.026: [GC (Allocation Failure) [PSYoungGen: 323072K->94560K(509952K)] 529259K->300747K(1908224K), 0.1782235 secs] [Times: user=1.07 sys=0.00, real=0.18 secs] 
5515.584: [GC (Allocation Failure) [PSYoungGen: 414560K->149616K(470016K)] 620747K->446145K(1868288K), 0.0533277 secs] [Times: user=0.31 sys=0.00, real=0.06 secs] 
5518.682: [GC (Allocation Failure) [PSYoungGen: 469616K->97584K(508416K)] 766145K->542941K(1906688K), 0.1654286 secs] [Times: user=0.98 sys=0.01, real=0.17 secs] 
5519.604: [GC (Allocation Failure) [PSYoungGen: 414000K->151712K(468480K)] 859357K->688589K(1866752K), 0.0560579 secs] [Times: user=0.33 sys=0.00, real=0.06 secs] 
5521.558: [GC (Allocation Failure) [PSYoungGen: 468128K->97600K(506368K)] 1005005K->785285K(1904640K), 0.1487538 secs] [Times: user=0.89 sys=0.00, real=0.14 secs] 
5521.961: [GC (Allocation Failure) [PSYoungGen: 409920K->150336K(462848K)] 1097605K->929754K(1861120K), 0.0548150 secs] [Times: user=0.33 sys=0.00, real=0.05 secs] 
5526.330: [GC (Allocation Failure) [PSYoungGen: 462656K->89120K(503808K)] 1242074K->1018442K(1902080K), 0.1697841 secs] [Times: user=1.00 sys=0.01, real=0.17 secs] 
5527.305: [GC (Allocation Failure) [PSYoungGen: 397344K->148576K(457216K)] 1326666K->1160939K(1855488K), 0.0667791 secs] [Times: user=0.39 sys=0.00, real=0.07 secs] 
5529.840: [GC (Allocation Failure) [PSYoungGen: 456800K->92720K(503296K)] 1469163K->1253284K(1901568K), 0.0988315 secs] [Times: user=0.59 sys=0.01, real=0.10 secs] 
5530.287: [GC (Allocation Failure) [PSYoungGen: 388281K->139840K(446464K)] 1548844K->1389388K(1844736K), 0.0506193 secs] [Times: user=0.29 sys=0.00, real=0.05 secs] 
5530.338: [Full GC (Ergonomics) [PSYoungGen: 139840K->0K(446464K)] [ParOldGen: 1249548K->196087K(1398272K)] 1389388K->196087K(1844736K), [Metaspace: 59680K->59680K(1105920K)], 0.4747812 secs] [Times: user=2.21 sys=0.00, real=0.47 secs] 
5532.565: [GC (Allocation Failure) [PSYoungGen: 306176K->99232K(504320K)] 502263K->295319K(1902592K), 0.0436894 secs] [Times: user=0.25 sys=0.01, real=0.05 secs] 
5534.444: [GC (Allocation Failure) [PSYoungGen: 408480K->145568K(501248K)] 604567K->436980K(1899520K), 0.0482594 secs] [Times: user=0.29 sys=0.00, real=0.05 secs] 
5535.828: [GC (Allocation Failure) [PSYoungGen: 454816K->102591K(501760K)] 746228K->530315K(1900032K), 0.1057357 secs] [Times: user=0.62 sys=0.00, real=0.10 secs] 
5537.567: [GC (Allocation Failure) [PSYoungGen: 415423K->147968K(503296K)] 843147K->675153K(1901568K), 0.0508826 secs] [Times: user=0.29 sys=0.00, real=0.06 secs] 
5540.003: [GC (Allocation Failure) [PSYoungGen: 460800K->100048K(505344K)] 987985K->766702K(1903616K), 0.1649450 secs] [Times: user=0.98 sys=0.00, real=0.17 secs] 
5541.814: [GC (Allocation Failure) [PSYoungGen: 414928K->148784K(505344K)] 1081582K->911898K(1903616K), 0.0499701 secs] [Times: user=0.29 sys=0.00, real=0.05 secs] 
5543.447: [GC (Allocation Failure) [PSYoungGen: 463664K->104576K(505344K)] 1226778K->1007898K(1903616K), 0.0663729 secs] [Times: user=0.39 sys=0.00, real=0.07 secs] 
5545.956: [GC (Allocation Failure) [PSYoungGen: 419456K->171536K(486912K)] 1322778K->1175487K(1885184K), 0.0526097 secs] [Times: user=0.31 sys=0.00, real=0.06 secs] 
5548.586: [GC (Allocation Failure) [PSYoungGen: 486416K->103184K(500736K)] 1490367K->1245263K(1899008K), 0.0976165 secs] [Times: user=0.58 sys=0.00, real=0.10 secs] 
5550.878: [GC (GCLocker Initiated GC) [PSYoungGen: 402192K->138992K(438272K)] 1544272K->1380424K(1836544K), 0.1097234 secs] [Times: user=0.65 sys=0.00, real=0.11 secs] 
5550.987: [Full GC (Ergonomics) [PSYoungGen: 138992K->0K(438272K)] [ParOldGen: 1241432K->178995K(1398272K)] 1380424K->178995K(1836544K), [Metaspace: 59680K->59680K(1105920K)], 0.4845027 secs] [Times: user=2.33 sys=0.00, real=0.48 secs] 
5553.358: [GC (Allocation Failure) [PSYoungGen: 299008K->96512K(496640K)] 478023K->275527K(1894912K), 0.0391474 secs] [Times: user=0.22 sys=0.01, real=0.04 secs] 
5555.512: [GC (Allocation Failure) [PSYoungGen: 397056K->140352K(495104K)] 576071K->413115K(1893376K), 0.0514471 secs] [Times: user=0.30 sys=0.00, real=0.05 secs] 
5557.476: [GC (Allocation Failure) [PSYoungGen: 440896K->102016K(500736K)] 713659K->506079K(1899008K), 0.0643359 secs] [Times: user=0.38 sys=0.00, real=0.07 secs] 
5558.850: [GC (Allocation Failure) [PSYoungGen: 412800K->138160K(501248K)] 816863K->643085K(1899520K), 0.0597826 secs] [Times: user=0.35 sys=0.01, real=0.06 secs] 
5562.090: [GC (Allocation Failure) [PSYoungGen: 448944K->107664K(501760K)] 953869K->741740K(1900032K), 0.0655447 secs] [Times: user=0.38 sys=0.00, real=0.06 secs] 
5564.723: [GC (Allocation Failure) [PSYoungGen: 426640K->140272K(504832K)] 1060716K->880614K(1903104K), 0.0620368 secs] [Times: user=0.37 sys=0.00, real=0.06 secs] 
5566.461: [GC (Allocation Failure) [PSYoungGen: 459248K->113376K(504320K)] 1199590K->985237K(1902592K), 0.0673937 secs] [Times: user=0.39 sys=0.01, real=0.07 secs] 
5567.859: [GC (Allocation Failure) [PSYoungGen: 440032K->148960K(508416K)] 1311893K->1132722K(1906688K), 0.0560015 secs] [Times: user=0.33 sys=0.00, real=0.05 secs] 
5569.884: [GC (Allocation Failure) [PSYoungGen: 475616K->110832K(514048K)] 1459378K->1234347K(1912320K), 0.0670402 secs] [Times: user=0.40 sys=0.00, real=0.07 secs] 
5571.840: [GC (Allocation Failure) [PSYoungGen: 442096K->151360K(482816K)] 1565611K->1383503K(1881088K), 0.0549458 secs] [Times: user=0.32 sys=0.00, real=0.05 secs] 
5571.895: [Full GC (Ergonomics) [PSYoungGen: 151360K->0K(482816K)] [ParOldGen: 1232143K->181356K(1398272K)] 1383503K->181356K(1881088K), [Metaspace: 59680K->59680K(1105920K)], 0.4312674 secs] [Times: user=2.01 sys=0.00, real=0.43 secs] 
5576.041: [GC (Allocation Failure) [PSYoungGen: 331264K->110752K(515584K)] 512620K->292108K(1913856K), 0.0340533 secs] [Times: user=0.20 sys=0.00, real=0.03 secs] 
5578.749: [GC (Allocation Failure) [PSYoungGen: 439968K->160208K(489472K)] 621324K->448838K(1887744K), 0.0548371 secs] [Times: user=0.33 sys=0.00, real=0.05 secs] 
5580.310: [GC (Allocation Failure) [PSYoungGen: 489424K->114192K(512000K)] 778054K->545150K(1910272K), 0.1269169 secs] [Times: user=0.76 sys=0.00, real=0.12 secs] 
5581.385: [GC (Allocation Failure) [PSYoungGen: 420943K->142688K(464384K)] 851900K->683474K(1862656K), 0.0529093 secs] [Times: user=0.31 sys=0.01, real=0.06 secs] 
5584.124: [GC (Allocation Failure) [PSYoungGen: 464224K->108512K(509952K)] 1005010K->782538K(1908224K), 0.0921562 secs] [Times: user=0.55 sys=0.00, real=0.09 secs] 
5584.799: [GC (Allocation Failure) [PSYoungGen: 432096K->153664K(507904K)] 1106122K->932387K(1906176K), 0.0532788 secs] [Times: user=0.32 sys=0.00, real=0.05 secs] 
5587.414: [GC (Allocation Failure) [PSYoungGen: 477248K->98400K(510976K)] 1255971K->1030159K(1909248K), 0.1612112 secs] [Times: user=0.95 sys=0.01, real=0.16 secs] 
5588.965: [GC (GCLocker Initiated GC) [PSYoungGen: 420960K->150016K(473088K)] 1352719K->1174984K(1871360K), 0.1371393 secs] [Times: user=0.80 sys=0.01, real=0.14 secs] 
5592.388: [GC (Allocation Failure) [PSYoungGen: 472576K->96832K(508928K)] 1497554K->1271610K(1907200K), 0.1766412 secs] [Times: user=1.05 sys=0.00, real=0.17 secs] 
5593.200: [GC (Allocation Failure) [PSYoungGen: 415296K->154816K(473600K)] 1590074K->1420315K(1871872K), 0.0557749 secs] [Times: user=0.33 sys=0.00, real=0.05 secs] 
5593.256: [Full GC (Ergonomics) [PSYoungGen: 154816K->0K(473600K)] [ParOldGen: 1265499K->218095K(1398272K)] 1420315K->218095K(1871872K), [Metaspace: 59684K->59684K(1105920K)], 0.5204139 secs] [Times: user=2.43 sys=0.00, real=0.52 secs] 
5596.864: [GC (Allocation Failure) [PSYoungGen: 318464K->93504K(505344K)] 536559K->311599K(1903616K), 0.1694728 secs] [Times: user=0.86 sys=0.00, real=0.17 secs] 
5597.369: [GC (Allocation Failure) [PSYoungGen: 404800K->151104K(462848K)] 622895K->456529K(1861120K), 0.0537304 secs] [Times: user=0.32 sys=0.00, real=0.05 secs] 
5600.668: [GC (Allocation Failure) [PSYoungGen: 462400K->90704K(503296K)] 767825K->546633K(1901568K), 0.1485741 secs] [Times: user=0.89 sys=0.00, real=0.15 secs] 
5601.111: [GC (Allocation Failure) [PSYoungGen: 397392K->149664K(456704K)] 853321K->690229K(1854976K), 0.0543692 secs] [Times: user=0.32 sys=0.00, real=0.05 secs] 
5604.093: [GC (Allocation Failure) [PSYoungGen: 456352K->89536K(501760K)] 996917K->779394K(1900032K), 0.1682080 secs] [Times: user=1.01 sys=0.00, real=0.17 secs] 
5605.376: [GC (Allocation Failure) [PSYoungGen: 380983K->137968K(441856K)] 1070841K->911323K(1840128K), 0.0492438 secs] [Times: user=0.29 sys=0.00, real=0.05 secs] 
5608.646: [GC (Allocation Failure) [PSYoungGen: 441584K->97232K(501760K)] 1214939K->999267K(1900032K), 0.0623445 secs] [Times: user=0.37 sys=0.00, real=0.07 secs] 
5609.963: [GC (Allocation Failure) [PSYoungGen: 403408K->142800K(499200K)] 1305443K->1138804K(1897472K), 0.0496195 secs] [Times: user=0.28 sys=0.01, real=0.05 secs] 
5612.220: [GC (Allocation Failure) [PSYoungGen: 448976K->100352K(502784K)] 1444980K->1230235K(1901056K), 0.0655118 secs] [Times: user=0.39 sys=0.00, real=0.06 secs] 
5613.951: [GC (Allocation Failure) [PSYoungGen: 412672K->144160K(503296K)] 1542555K->1371840K(1901568K), 0.0511398 secs] [Times: user=0.30 sys=0.00, real=0.05 secs] 
5614.002: [Full GC (Ergonomics) [PSYoungGen: 144160K->0K(503296K)] [ParOldGen: 1227680K->180007K(1398272K)] 1371840K->180007K(1901568K), [Metaspace: 59684K->59684K(1105920K)], 0.4260696 secs] [Times: user=1.98 sys=0.00, real=0.43 secs] 
5617.043: [GC (Allocation Failure) [PSYoungGen: 312320K->103728K(502272K)] 492327K->283735K(1900544K), 0.0336309 secs] [Times: user=0.20 sys=0.00, real=0.03 secs] 
5618.666: [GC (Allocation Failure) [PSYoungGen: 419120K->143648K(504320K)] 599127K->424836K(1902592K), 0.0521252 secs] [Times: user=0.31 sys=0.00, real=0.06 secs] 
5621.084: [GC (Allocation Failure) [PSYoungGen: 459040K->107936K(503296K)] 740228K->522776K(1901568K), 0.0638732 secs] [Times: user=0.38 sys=0.00, real=0.07 secs] 
5622.218: [GC (Allocation Failure) [PSYoungGen: 427424K->149760K(505856K)] 842264K->670125K(1904128K), 0.0537861 secs] [Times: user=0.32 sys=0.00, real=0.05 secs] 
5623.390: [GC (Allocation Failure) [PSYoungGen: 469248K->105600K(509440K)] 989613K->766769K(1907712K), 0.0664574 secs] [Times: user=0.40 sys=0.01, real=0.06 secs] 
5625.782: [GC (Allocation Failure) [PSYoungGen: 427648K->152000K(474112K)] 1088817K->914302K(1872384K), 0.0520114 secs] [Times: user=0.31 sys=0.00, real=0.05 secs] 
5627.751: [GC (Allocation Failure) [PSYoungGen: 474048K->107200K(510976K)] 1236350K->1012662K(1909248K), 0.1502276 secs] [Times: user=0.90 sys=0.00, real=0.15 secs] 
5629.415: [GC (Allocation Failure) [PSYoungGen: 426688K->148416K(507392K)] 1332150K->1157839K(1905664K), 0.0524917 secs] [Times: user=0.31 sys=0.00, real=0.06 secs] 
5632.352: [GC (Allocation Failure) [PSYoungGen: 467904K->103904K(508416K)] 1477327K->1252747K(1906688K), 0.1508809 secs] [Times: user=0.90 sys=0.00, real=0.15 secs] 
5634.797: [GC (Allocation Failure) [PSYoungGen: 424186K->147840K(508416K)] 1573030K->1396860K(1906688K), 0.0938277 secs] [Times: user=0.56 sys=0.00, real=0.09 secs] 
5634.891: [Full GC (Ergonomics) [PSYoungGen: 147840K->0K(508416K)] [ParOldGen: 1249020K->195790K(1398272K)] 1396860K->195790K(1906688K), [Metaspace: 59684K->59684K(1105920K)], 0.4970685 secs] [Times: user=2.34 sys=0.01, real=0.50 secs] 
5638.395: [GC (Allocation Failure) [PSYoungGen: 320512K->105872K(507392K)] 516302K->301662K(1905664K), 0.0995161 secs] [Times: user=0.59 sys=0.00, real=0.10 secs] 
5639.738: [GC (Allocation Failure) [PSYoungGen: 426384K->145616K(507904K)] 622174K->443223K(1906176K), 0.0500076 secs] [Times: user=0.29 sys=0.00, real=0.05 secs] 
5641.945: [GC (Allocation Failure) [PSYoungGen: 466128K->105184K(507904K)] 763735K->539311K(1906176K), 0.1726754 secs] [Times: user=1.02 sys=0.00, real=0.18 secs] 
5643.251: [GC (Allocation Failure) [PSYoungGen: 418640K->146080K(508928K)] 852768K->681507K(1907200K), 0.0503987 secs] [Times: user=0.30 sys=0.00, real=0.05 secs] 
5646.275: [GC (Allocation Failure) [PSYoungGen: 468640K->106096K(509440K)] 1004067K->778692K(1907712K), 0.1688420 secs] [Times: user=1.01 sys=0.00, real=0.17 secs] 
5647.398: [GC (Allocation Failure) [PSYoungGen: 415855K->145728K(509952K)] 1088451K->920627K(1908224K), 0.0721506 secs] [Times: user=0.43 sys=0.00, real=0.07 secs] 
5650.507: [GC (Allocation Failure) [PSYoungGen: 469824K->107680K(509440K)] 1244723K->1019371K(1907712K), 0.0846853 secs] [Times: user=0.50 sys=0.00, real=0.08 secs] 
5651.779: [GC (Allocation Failure) [PSYoungGen: 433312K->168912K(494592K)] 1345003K->1184195K(1892864K), 0.0536260 secs] [Times: user=0.31 sys=0.00, real=0.05 secs] 
5653.952: [GC (Allocation Failure) [PSYoungGen: 494544K->97808K(505344K)] 1509827K->1264787K(1903616K), 0.0967955 secs] [Times: user=0.57 sys=0.00, real=0.10 secs] 
5655.016: [GC (Allocation Failure) [PSYoungGen: 408080K->147376K(503808K)] 1575059K->1406624K(1902080K), 0.0549624 secs] [Times: user=0.32 sys=0.01, real=0.06 secs] 
5655.071: [Full GC (Ergonomics) [PSYoungGen: 147376K->0K(503808K)] [ParOldGen: 1259247K->205918K(1398272K)] 1406624K->205918K(1902080K), [Metaspace: 59684K->59684K(1105920K)], 0.4834967 secs] [Times: user=2.24 sys=0.00, real=0.48 secs] 
5658.455: [GC (Allocation Failure) [PSYoungGen: 310272K->93696K(504320K)] 516190K->299614K(1902592K), 0.1495640 secs] [Times: user=0.89 sys=0.00, real=0.15 secs] 
5659.391: [GC (Allocation Failure) [PSYoungGen: 393672K->139488K(449536K)] 599590K->435330K(1847808K), 0.0486849 secs] [Times: user=0.29 sys=0.00, real=0.05 secs] 
5660.979: [GC (Allocation Failure) [PSYoungGen: 449248K->103040K(505344K)] 745090K->529807K(1903616K), 0.1067179 secs] [Times: user=0.64 sys=0.00, real=0.10 secs] 
5663.142: [GC (Allocation Failure) [PSYoungGen: 415872K->144112K(502784K)] 842639K->670892K(1901056K), 0.1024534 secs] [Times: user=0.61 sys=0.00, real=0.10 secs] 
5665.197: [GC (Allocation Failure) [PSYoungGen: 456944K->101168K(505344K)] 983724K->763500K(1903616K), 0.0745539 secs] [Times: user=0.45 sys=0.00, real=0.08 secs] 
5667.867: [GC (Allocation Failure) [PSYoungGen: 419120K->149120K(506368K)] 1081452K->908532K(1904640K), 0.0502966 secs] [Times: user=0.29 sys=0.00, real=0.06 secs] 
5669.938: [GC (Allocation Failure) [PSYoungGen: 467072K->106192K(507392K)] 1226484K->1006125K(1905664K), 0.0966987 secs] [Times: user=0.58 sys=0.00, real=0.09 secs] 
5671.275: [GC (Allocation Failure) [PSYoungGen: 425168K->148800K(507392K)] 1325101K->1150885K(1905664K), 0.0521701 secs] [Times: user=0.31 sys=0.00, real=0.06 secs] 
5673.196: [GC (Allocation Failure) [PSYoungGen: 467776K->105600K(507904K)] 1469861K->1247581K(1906176K), 0.0900138 secs] [Times: user=0.54 sys=0.00, real=0.09 secs] 
5675.441: [GC (Allocation Failure) [PSYoungGen: 420958K->144544K(507904K)] 1562940K->1389130K(1906176K), 0.0541586 secs] [Times: user=0.32 sys=0.00, real=0.05 secs] 
5675.495: [Full GC (Ergonomics) [PSYoungGen: 144544K->0K(507904K)] [ParOldGen: 1244586K->196378K(1398272K)] 1389130K->196378K(1906176K), [Metaspace: 59684K->59684K(1105920K)], 0.4823464 secs] [Times: user=2.24 sys=0.00, real=0.49 secs] 
5677.990: [GC (GCLocker Initiated GC) [PSYoungGen: 319488K->104560K(506368K)] 515866K->300939K(1904640K), 0.0918838 secs] [Times: user=0.55 sys=0.00, real=0.09 secs] 
5680.021: [GC (Allocation Failure) [PSYoungGen: 425584K->141632K(507904K)] 638350K->454780K(1906176K), 0.2244970 secs] [Times: user=1.35 sys=0.00, real=0.22 secs] 
5682.413: [GC (Allocation Failure) [PSYoungGen: 462656K->98112K(509952K)] 775804K->552564K(1908224K), 0.4228773 secs] [Times: user=2.53 sys=0.00, real=0.42 secs] 
5683.731: [GC (Allocation Failure) [PSYoungGen: 423232K->156560K(481792K)] 877684K->701910K(1880064K), 0.0561655 secs] [Times: user=0.33 sys=0.00, real=0.06 secs] 
5687.024: [GC (Allocation Failure) [PSYoungGen: 481680K->104768K(509952K)] 1027030K->805737K(1908224K), 0.1664392 secs] [Times: user=0.99 sys=0.01, real=0.17 secs] 
5687.481: [GC (Allocation Failure) [PSYoungGen: 422720K->151808K(470016K)] 1123689K->947194K(1868288K), 0.0663569 secs] [Times: user=0.39 sys=0.00, real=0.07 secs] 
5690.447: [GC (Allocation Failure) [PSYoungGen: 469760K->96048K(507392K)] 1265146K->1042699K(1905664K), 0.1627061 secs] [Times: user=0.97 sys=0.00, real=0.16 secs] 
5691.018: [GC (Allocation Failure) [PSYoungGen: 410928K->150048K(465408K)] 1357579K->1186639K(1863680K), 0.0787796 secs] [Times: user=0.47 sys=0.00, real=0.08 secs] 
5693.702: [GC (Allocation Failure) [PSYoungGen: 464928K->92656K(505344K)] 1501519K->1278791K(1903616K), 0.1535718 secs] [Times: user=0.92 sys=0.00, real=0.15 secs] 
5694.134: [GC (Allocation Failure) [PSYoungGen: 403440K->150416K(461312K)] 1589575K->1423192K(1859584K), 0.0556616 secs] [Times: user=0.33 sys=0.00, real=0.06 secs] 
5694.189: [Full GC (Ergonomics) [PSYoungGen: 150416K->0K(461312K)] [ParOldGen: 1272776K->222153K(1398272K)] 1423192K->222153K(1859584K), [Metaspace: 59684K->59684K(1105920K)], 0.5358791 secs] [Times: user=2.52 sys=0.00, real=0.53 secs] 
5698.356: [GC (Allocation Failure) [PSYoungGen: 310784K->90944K(503296K)] 532937K->313097K(1901568K), 0.1298405 secs] [Times: user=0.77 sys=0.00, real=0.13 secs] 
5698.752: [GC (GCLocker Initiated GC) [PSYoungGen: 397632K->148816K(455680K)] 619785K->455879K(1853952K), 0.0541889 secs] [Times: user=0.32 sys=0.00, real=0.05 secs] 
5701.488: [GC (Allocation Failure) [PSYoungGen: 455504K->89040K(502272K)] 762569K->544329K(1900544K), 0.1569554 secs] [Times: user=0.93 sys=0.00, real=0.15 secs] 
5702.055: [GC (Allocation Failure) [PSYoungGen: 393168K->146528K(451072K)] 848457K->685241K(1849344K), 0.0534107 secs] [Times: user=0.32 sys=0.00, real=0.06 secs] 
5704.868: [GC (Allocation Failure) [PSYoungGen: 450656K->90624K(502272K)] 989369K->775265K(1900544K), 0.1691182 secs] [Times: user=1.00 sys=0.00, real=0.17 secs] 
5705.975: [GC (Allocation Failure) [PSYoungGen: 393059K->140336K(500224K)] 1077700K->911667K(1898496K), 0.1190044 secs] [Times: user=0.70 sys=0.00, real=0.12 secs] 
5708.886: [GC (Allocation Failure) [PSYoungGen: 443952K->98048K(498176K)] 1215283K->1000634K(1896448K), 0.0630014 secs] [Times: user=0.37 sys=0.00, real=0.07 secs] 
5711.601: [GC (Allocation Failure) [PSYoungGen: 403712K->141728K(499200K)] 1306298K->1138375K(1897472K), 0.0488776 secs] [Times: user=0.29 sys=0.00, real=0.05 secs] 
5714.602: [GC (Allocation Failure) [PSYoungGen: 447392K->98400K(499712K)] 1444039K->1227799K(1897984K), 0.0961133 secs] [Times: user=0.58 sys=0.00, real=0.10 secs] 
5716.671: [GC (Allocation Failure) [PSYoungGen: 409696K->145440K(502272K)] 1539095K->1371075K(1900544K), 0.0513118 secs] [Times: user=0.31 sys=0.00, real=0.05 secs] 
5716.722: [Full GC (Ergonomics) [PSYoungGen: 145440K->0K(502272K)] [ParOldGen: 1225635K->178869K(1398272K)] 1371075K->178869K(1900544K), [Metaspace: 59686K->59686K(1105920K)], 0.4201529 secs] [Times: user=1.93 sys=0.00, real=0.42 secs] 
5718.838: [GC (Allocation Failure) [PSYoungGen: 311296K->102448K(502784K)] 490165K->281318K(1901056K), 0.0332014 secs] [Times: user=0.20 sys=0.00, real=0.03 secs] 
5721.342: [GC (Allocation Failure) [PSYoungGen: 417328K->143248K(504320K)] 596198K->422156K(1902592K), 0.0519426 secs] [Times: user=0.31 sys=0.00, real=0.05 secs] 
5722.749: [GC (Allocation Failure) [PSYoungGen: 458128K->107520K(502784K)] 737036K->520091K(1901056K), 0.0661334 secs] [Times: user=0.39 sys=0.00, real=0.06 secs] 
5725.203: [GC (Allocation Failure) [PSYoungGen: 425984K->153328K(505344K)] 838555K->670893K(1903616K), 0.0546271 secs] [Times: user=0.33 sys=0.00, real=0.06 secs] 
5727.596: [GC (Allocation Failure) [PSYoungGen: 471792K->109136K(507392K)] 989357K->762116K(1905664K), 0.0660795 secs] [Times: user=0.39 sys=0.00, real=0.07 secs] 
5729.356: [GC (Allocation Failure) [PSYoungGen: 427600K->145728K(506368K)] 1080580K->905425K(1904640K), 0.0538671 secs] [Times: user=0.32 sys=0.00, real=0.06 secs] 
5731.553: [GC (Allocation Failure) [PSYoungGen: 464192K->108592K(505856K)] 1223889K->1005049K(1904128K), 0.0657843 secs] [Times: user=0.39 sys=0.00, real=0.07 secs] 
5733.626: [GC (Allocation Failure) [PSYoungGen: 429616K->146976K(507392K)] 1326073K->1148637K(1905664K), 0.0542058 secs] [Times: user=0.31 sys=0.01, real=0.06 secs] 
5736.653: [GC (Allocation Failure) [PSYoungGen: 468000K->105376K(508928K)] 1469661K->1244814K(1907200K), 0.0667578 secs] [Times: user=0.40 sys=0.01, real=0.07 secs] 
5739.115: [GC (Allocation Failure) [PSYoungGen: 428960K->149312K(509440K)] 1568398K->1390606K(1907712K), 0.0540460 secs] [Times: user=0.32 sys=0.00, real=0.06 secs] 
5739.169: [Full GC (Ergonomics) [PSYoungGen: 149312K->0K(509440K)] [ParOldGen: 1241294K->189296K(1398272K)] 1390606K->189296K(1907712K), [Metaspace: 59686K->59686K(1105920K)], 0.4643573 secs] [Times: user=2.17 sys=0.00, real=0.46 secs] 
5740.679: [GC (Allocation Failure) [PSYoungGen: 323584K->110608K(509440K)] 512880K->299905K(1907712K), 0.0331583 secs] [Times: user=0.19 sys=0.00, real=0.03 secs] 
5742.353: [GC (Allocation Failure) [PSYoungGen: 429819K->147808K(509440K)] 619116K->444006K(1907712K), 0.0527368 secs] [Times: user=0.32 sys=0.00, real=0.05 secs] 
5746.433: [GC (Allocation Failure) [PSYoungGen: 471392K->106080K(510976K)] 767590K->540702K(1909248K), 0.1486719 secs] [Times: user=0.88 sys=0.00, real=0.15 secs] 
5748.146: [GC (Allocation Failure) [PSYoungGen: 431200K->185728K(510976K)] 865822K->723035K(1909248K), 0.0671691 secs] [Times: user=0.40 sys=0.00, real=0.07 secs] 
5752.358: [GC (Allocation Failure) [PSYoungGen: 510848K->94528K(484352K)] 1048155K->784567K(1882624K), 0.1694916 secs] [Times: user=1.01 sys=0.00, real=0.17 secs] 
5753.680: [GC (Allocation Failure) [PSYoungGen: 390976K->139568K(497664K)] 1081015K->920272K(1895936K), 0.0503902 secs] [Times: user=0.30 sys=0.00, real=0.05 secs] 
5754.911: [GC (Allocation Failure) [PSYoungGen: 436016K->99072K(491520K)] 1216720K->1010656K(1889792K), 0.0623640 secs] [Times: user=0.37 sys=0.00, real=0.06 secs] 
5756.596: [GC (Allocation Failure) [PSYoungGen: 398592K->138448K(496128K)] 1310176K->1145637K(1894400K), 0.0494394 secs] [Times: user=0.29 sys=0.00, real=0.05 secs] 
5758.960: [GC (Allocation Failure) [PSYoungGen: 437968K->99072K(496128K)] 1445157K->1235213K(1894400K), 0.0644685 secs] [Times: user=0.37 sys=0.00, real=0.06 secs] 
5761.662: [GC (Allocation Failure) [PSYoungGen: 407296K->138656K(500224K)] 1543437K->1371905K(1898496K), 0.1214460 secs] [Times: user=0.72 sys=0.01, real=0.12 secs] 
5761.784: [Full GC (Ergonomics) [PSYoungGen: 138656K->0K(500224K)] [ParOldGen: 1233249K->171425K(1398272K)] 1371905K->171425K(1898496K), [Metaspace: 59686K->59686K(1105920K)], 0.4564521 secs] [Times: user=2.18 sys=0.00, real=0.46 secs] 
5763.896: [GC (Allocation Failure) [PSYoungGen: 308224K->104544K(499712K)] 479649K->275969K(1897984K), 0.0356283 secs] [Times: user=0.21 sys=0.00, real=0.04 secs] 
5767.102: [GC (Allocation Failure) [PSYoungGen: 420448K->140592K(503808K)] 591873K->413455K(1902080K), 0.0561020 secs] [Times: user=0.33 sys=0.00, real=0.06 secs] 
5769.320: [GC (Allocation Failure) [PSYoungGen: 456496K->108576K(503808K)] 729359K->512398K(1902080K), 0.0649010 secs] [Times: user=0.38 sys=0.00, real=0.06 secs] 
5771.045: [GC (Allocation Failure) [PSYoungGen: 431648K->145632K(507392K)] 835470K->656167K(1905664K), 0.0542083 secs] [Times: user=0.31 sys=0.00, real=0.06 secs] 
5772.229: [GC (Allocation Failure) [PSYoungGen: 468704K->111296K(509440K)] 979239K->757799K(1907712K), 0.0717200 secs] [Times: user=0.42 sys=0.00, real=0.07 secs] 
5773.793: [GC (Allocation Failure) [PSYoungGen: 439488K->153872K(510976K)] 1085991K->909736K(1909248K), 0.0550853 secs] [Times: user=0.32 sys=0.01, real=0.06 secs] 
5775.145: [GC (Allocation Failure) [PSYoungGen: 482064K->110160K(513024K)] 1237928K->1011044K(1911296K), 0.0682002 secs] [Times: user=0.40 sys=0.00, real=0.07 secs] 
5776.612: [GC (Allocation Failure) [PSYoungGen: 436304K->150944K(477184K)] 1337188K->1158536K(1875456K), 0.0543296 secs] [Times: user=0.32 sys=0.00, real=0.05 secs] 
5780.344: [GC (Allocation Failure) [PSYoungGen: 477088K->105408K(512512K)] 1484680K->1255329K(1910784K), 0.1450689 secs] [Times: user=0.86 sys=0.00, real=0.15 secs] 
5781.817: [GC (Allocation Failure) [PSYoungGen: 419526K->146016K(510464K)] 1569447K->1397781K(1908736K), 0.0514609 secs] [Times: user=0.30 sys=0.00, real=0.05 secs] 
5781.868: [Full GC (Ergonomics) [PSYoungGen: 146016K->0K(510464K)] [ParOldGen: 1251765K->196105K(1398272K)] 1397781K->196105K(1908736K), [Metaspace: 59686K->59686K(1105920K)], 0.4805903 secs] [Times: user=2.25 sys=0.00, real=0.48 secs] 
5785.044: [GC (Allocation Failure) [PSYoungGen: 324096K->105472K(508928K)] 520201K->301577K(1907200K), 0.0797032 secs] [Times: user=0.47 sys=0.00, real=0.08 secs] 
5786.254: [GC (Allocation Failure) [PSYoungGen: 423834K->146928K(509952K)] 619939K->443891K(1908224K), 0.0499228 secs] [Times: user=0.29 sys=0.00, real=0.05 secs] 
5789.091: [GC (Allocation Failure) [PSYoungGen: 471536K->108320K(510464K)] 768499K->542714K(1908736K), 0.1144525 secs] [Times: user=0.68 sys=0.00, real=0.11 secs] 
5790.532: [GC (Allocation Failure) [PSYoungGen: 434464K->152064K(478720K)] 868858K->690999K(1876992K), 0.1471619 secs] [Times: user=0.87 sys=0.00, real=0.15 secs] 
5793.873: [GC (GCLocker Initiated GC) [PSYoungGen: 478208K->99056K(511488K)] 1017143K->789712K(1909760K), 0.1708158 secs] [Times: user=1.02 sys=0.00, real=0.17 secs] 
5794.341: [GC (Allocation Failure) [PSYoungGen: 422128K->172352K(495616K)] 1112839K->956043K(1893888K), 0.0566654 secs] [Times: user=0.33 sys=0.01, real=0.06 secs] 
5798.989: [GC (Allocation Failure) [PSYoungGen: 495424K->96128K(501248K)] 1279115K->1035171K(1899520K), 0.1750918 secs] [Times: user=1.04 sys=0.00, real=0.17 secs] 
5799.782: [GC (Allocation Failure) [PSYoungGen: 398720K->145728K(500224K)] 1337763K->1174395K(1898496K), 0.0546747 secs] [Times: user=0.32 sys=0.00, real=0.05 secs] 
5803.288: [GC (Allocation Failure) [PSYoungGen: 448320K->87488K(500224K)] 1476987K->1261135K(1898496K), 0.1686788 secs] [Times: user=1.01 sys=0.00, real=0.16 secs] 
5804.652: [GC (Allocation Failure) [PSYoungGen: 390080K->139936K(442880K)] 1563727K->1397527K(1841152K), 0.1158239 secs] [Times: user=0.69 sys=0.01, real=0.12 secs] 
5804.768: [Full GC (Ergonomics) [PSYoungGen: 139936K->0K(442880K)] [ParOldGen: 1257591K->195730K(1398272K)] 1397527K->195730K(1841152K), [Metaspace: 59686K->59686K(1105920K)], 0.5337655 secs] [Times: user=2.56 sys=0.00, real=0.53 secs] 
5806.465: [GC (Allocation Failure) [PSYoungGen: 302592K->100352K(502272K)] 498322K->296082K(1900544K), 0.0305829 secs] [Times: user=0.18 sys=0.00, real=0.03 secs] 
5809.276: [GC (Allocation Failure) [PSYoungGen: 406528K->139136K(499712K)] 602258K->431719K(1897984K), 0.0483277 secs] [Times: user=0.28 sys=0.00, real=0.05 secs] 
5810.483: [GC (Allocation Failure) [PSYoungGen: 445312K->101648K(502272K)] 737895K->524200K(1900544K), 0.0622884 secs] [Times: user=0.36 sys=0.00, real=0.06 secs] 
5813.751: [GC (Allocation Failure) [PSYoungGen: 413968K->142688K(501760K)] 836520K->664116K(1900032K), 0.0507397 secs] [Times: user=0.30 sys=0.01, real=0.05 secs] 
5815.188: [GC (Allocation Failure) [PSYoungGen: 455008K->106720K(503296K)] 976436K->762028K(1901568K), 0.0649485 secs] [Times: user=0.38 sys=0.00, real=0.06 secs] 
5818.120: [GC (Allocation Failure) [PSYoungGen: 425696K->142240K(505856K)] 1081004K->902253K(1904128K), 0.1254816 secs] [Times: user=0.74 sys=0.00, real=0.12 secs] 
5820.374: [GC (Allocation Failure) [PSYoungGen: 461216K->105888K(506880K)] 1221229K->999477K(1905152K), 0.0758924 secs] [Times: user=0.45 sys=0.00, real=0.08 secs] 
5822.492: [GC (Allocation Failure) [PSYoungGen: 429984K->149408K(508928K)] 1323573K->1146170K(1907200K), 0.0535135 secs] [Times: user=0.31 sys=0.00, real=0.05 secs] 
5825.274: [GC (Allocation Failure) [PSYoungGen: 473504K->108192K(510464K)] 1470266K->1245186K(1908736K), 0.1030412 secs] [Times: user=0.60 sys=0.00, real=0.11 secs] 
5826.431: [GC (Allocation Failure) [PSYoungGen: 433824K->153408K(479232K)] 1570818K->1394483K(1877504K), 0.0544152 secs] [Times: user=0.32 sys=0.00, real=0.05 secs] 
5826.486: [Full GC (Ergonomics) [PSYoungGen: 153408K->0K(479232K)] [ParOldGen: 1241075K->193768K(1398272K)] 1394483K->193768K(1877504K), [Metaspace: 59688K->59688K(1105920K)], 0.4762568 secs] [Times: user=2.23 sys=0.00, real=0.48 secs] 
5828.803: [GC (Allocation Failure) [PSYoungGen: 325632K->111201K(512512K)] 519400K->304970K(1910784K), 0.0902681 secs] [Times: user=0.52 sys=0.01, real=0.09 secs] 
5829.996: [GC (Allocation Failure) [PSYoungGen: 418580K->143328K(508928K)] 612349K->444074K(1907200K), 0.0514203 secs] [Times: user=0.31 sys=0.00, real=0.06 secs] 
5833.164: [GC (Allocation Failure) [PSYoungGen: 465888K->106864K(509952K)] 766634K->542047K(1908224K), 0.1079200 secs] [Times: user=0.65 sys=0.00, real=0.11 secs] 
5834.079: [GC (Allocation Failure) [PSYoungGen: 431984K->154496K(509440K)] 867167K->692915K(1907712K), 0.0525487 secs] [Times: user=0.31 sys=0.00, real=0.05 secs] 
5836.553: [GC (Allocation Failure) [PSYoungGen: 479616K->98880K(510976K)] 1018035K->791331K(1909248K), 0.1741671 secs] [Times: user=1.03 sys=0.00, real=0.18 secs] 
5837.751: [GC (Allocation Failure) [PSYoungGen: 420416K->169936K(491520K)] 1112867K->955604K(1889792K), 0.1342946 secs] [Times: user=0.79 sys=0.00, real=0.13 secs] 
5841.600: [GC (Allocation Failure) [PSYoungGen: 491472K->93152K(501248K)] 1277140K->1032200K(1899520K), 0.1659104 secs] [Times: user=0.99 sys=0.00, real=0.16 secs] 
5842.310: [GC (Allocation Failure) [PSYoungGen: 395744K->147744K(500224K)] 1334792K->1174161K(1898496K), 0.0547639 secs] [Times: user=0.32 sys=0.00, real=0.05 secs] 
5844.564: [GC (Allocation Failure) [PSYoungGen: 450336K->92384K(500224K)] 1476753K->1266489K(1898496K), 0.1227269 secs] [Times: user=0.73 sys=0.00, real=0.12 secs] 
5846.993: [GC (Allocation Failure) [PSYoungGen: 380601K->138048K(440832K)] 1554707K->1398338K(1839104K), 0.1393633 secs] [Times: user=0.82 sys=0.00, real=0.14 secs] 
5847.133: [Full GC (Ergonomics) [PSYoungGen: 138048K->0K(440832K)] [ParOldGen: 1260290K->195671K(1398272K)] 1398338K->195671K(1839104K), [Metaspace: 59688K->59688K(1105920K)], 0.5410874 secs] [Times: user=2.60 sys=0.00, real=0.54 secs] 
5849.543: [GC (Allocation Failure) [PSYoungGen: 302592K->98016K(501760K)] 498263K->293687K(1900032K), 0.0303237 secs] [Times: user=0.18 sys=0.00, real=0.03 secs] 
5851.778: [GC (Allocation Failure) [PSYoungGen: 404192K->140672K(499200K)] 599863K->431028K(1897472K), 0.1381508 secs] [Times: user=0.82 sys=0.00, real=0.13 secs] 
5854.241: [GC (Allocation Failure) [PSYoungGen: 446848K->99840K(503296K)] 737204K->522352K(1901568K), 0.0621599 secs] [Times: user=0.37 sys=0.00, real=0.06 secs] 
5856.786: [GC (Allocation Failure) [PSYoungGen: 412672K->143632K(503296K)] 835184K->663288K(1901568K), 0.0496960 secs] [Times: user=0.30 sys=0.01, real=0.05 secs] 
5858.563: [GC (Allocation Failure) [PSYoungGen: 456464K->107072K(502272K)] 976120K->761347K(1900544K), 0.0793538 secs] [Times: user=0.47 sys=0.00, real=0.08 secs] 
5861.989: [GC (Allocation Failure) [PSYoungGen: 424000K->142912K(504832K)] 1078275K->901592K(1903104K), 0.0519146 secs] [Times: user=0.30 sys=0.00, real=0.05 secs] 
5864.607: [GC (Allocation Failure) [PSYoungGen: 459840K->104816K(506368K)] 1218520K->997369K(1904640K), 0.0640684 secs] [Times: user=0.38 sys=0.00, real=0.06 secs] 
5866.389: [GC (Allocation Failure) [PSYoungGen: 427376K->149024K(508416K)] 1319929K->1144001K(1906688K), 0.0527177 secs] [Times: user=0.31 sys=0.00, real=0.05 secs] 
5868.061: [GC (Allocation Failure) [PSYoungGen: 471584K->109600K(508928K)] 1466561K->1244257K(1907200K), 0.0660710 secs] [Times: user=0.39 sys=0.00, real=0.07 secs] 
5869.927: [GC (Allocation Failure) [PSYoungGen: 433696K->150368K(509440K)] 1568353K->1391142K(1907712K), 0.0538181 secs] [Times: user=0.32 sys=0.01, real=0.06 secs] 
5869.980: [Full GC (Ergonomics) [PSYoungGen: 150368K->0K(509440K)] [ParOldGen: 1240774K->190136K(1398272K)] 1391142K->190136K(1907712K), [Metaspace: 59688K->59688K(1105920K)], 0.4669324 secs] [Times: user=2.19 sys=0.00, real=0.47 secs] 
5872.994: [GC (Allocation Failure) [PSYoungGen: 324096K->108096K(510464K)] 514232K->298232K(1908736K), 0.0327665 secs] [Times: user=0.20 sys=0.00, real=0.03 secs] 
5874.890: [GC (Allocation Failure) [PSYoungGen: 432192K->148976K(509952K)] 622328K->443826K(1908224K), 0.0520883 secs] [Times: user=0.31 sys=0.00, real=0.05 secs] 
5877.456: [GC (Allocation Failure) [PSYoungGen: 473072K->106192K(510464K)] 767922K->541490K(1908736K), 0.1300052 secs] [Times: user=0.76 sys=0.01, real=0.13 secs] 
5878.740: [GC (Allocation Failure) [PSYoungGen: 429776K->152736K(476672K)] 865074K->690682K(1874944K), 0.0524826 secs] [Times: user=0.31 sys=0.00, real=0.05 secs] 
5882.113: [GC (Allocation Failure) [PSYoungGen: 476320K->94656K(508928K)] 1014266K->784942K(1907200K), 0.1594786 secs] [Times: user=0.95 sys=0.00, real=0.16 secs] 
5883.154: [GC (Allocation Failure) [PSYoungGen: 413120K->151184K(470016K)] 1103406K->933108K(1868288K), 0.0969911 secs] [Times: user=0.58 sys=0.00, real=0.10 secs] 
5885.578: [GC (Allocation Failure) [PSYoungGen: 469648K->94656K(506880K)] 1251572K->1027619K(1905152K), 0.1688834 secs] [Times: user=1.01 sys=0.01, real=0.17 secs] 
5886.694: [GC (Allocation Failure) [PSYoungGen: 408512K->150592K(464896K)] 1341475K->1172492K(1863168K), 0.0554010 secs] [Times: user=0.33 sys=0.00, real=0.06 secs] 
5889.319: [GC (Allocation Failure) [PSYoungGen: 461235K->92112K(504832K)] 1483135K->1263756K(1903104K), 0.1790045 secs] [Times: user=1.06 sys=0.01, real=0.18 secs] 
5890.272: [GC (Allocation Failure) [PSYoungGen: 388345K->138176K(448000K)] 1559989K->1397989K(1846272K), 0.0502826 secs] [Times: user=0.30 sys=0.00, real=0.05 secs] 
5890.322: [Full GC (Ergonomics) [PSYoungGen: 138176K->0K(448000K)] [ParOldGen: 1259813K->195702K(1398272K)] 1397989K->195702K(1846272K), [Metaspace: 59688K->59688K(1105920K)], 0.4857562 secs] [Times: user=2.28 sys=0.00, real=0.49 secs] 
5892.190: [GC (GCLocker Initiated GC) [PSYoungGen: 309760K->102640K(505344K)] 505462K->298343K(1903616K), 0.0308265 secs] [Times: user=0.18 sys=0.00, real=0.03 secs] 
5894.720: [GC (Allocation Failure) [PSYoungGen: 415472K->145200K(502272K)] 611178K->440279K(1900544K), 0.0739605 secs] [Times: user=0.44 sys=0.00, real=0.07 secs] 
5896.832: [GC (Allocation Failure) [PSYoungGen: 458032K->102032K(505344K)] 753111K->534071K(1903616K), 0.0894920 secs] [Times: user=0.53 sys=0.00, real=0.09 secs] 
5899.847: [GC (Allocation Failure) [PSYoungGen: 419984K->147392K(506368K)] 852023K->677611K(1904640K), 0.0502485 secs] [Times: user=0.29 sys=0.01, real=0.06 secs] 
5900.994: [GC (Allocation Failure) [PSYoungGen: 465344K->107952K(505344K)] 995563K->776488K(1903616K), 0.0643535 secs] [Times: user=0.38 sys=0.00, real=0.07 secs] 
5903.096: [GC (Allocation Failure) [PSYoungGen: 426928K->146976K(506368K)] 1095464K->919572K(1904640K), 0.0521136 secs] [Times: user=0.31 sys=0.00, real=0.06 secs] 
5905.239: [GC (Allocation Failure) [PSYoungGen: 465952K->103568K(508928K)] 1238548K->1013900K(1907200K), 0.1664699 secs] [Times: user=0.99 sys=0.01, real=0.16 secs] 
5907.139: [GC (Allocation Failure) [PSYoungGen: 422919K->148656K(470528K)] 1333251K->1158521K(1868800K), 0.0505701 secs] [Times: user=0.30 sys=0.00, real=0.05 secs] 
5909.849: [GC (Allocation Failure) [PSYoungGen: 470192K->105760K(511488K)] 1480057K->1255016K(1909760K), 0.1635546 secs] [Times: user=0.96 sys=0.00, real=0.16 secs] 
5911.176: [GC (Allocation Failure) [PSYoungGen: 420196K->145056K(508416K)] 1569453K->1396497K(1906688K), 0.0509379 secs] [Times: user=0.30 sys=0.00, real=0.05 secs] 
5911.227: [Full GC (Ergonomics) [PSYoungGen: 145056K->0K(508416K)] [ParOldGen: 1251441K->196046K(1398272K)] 1396497K->196046K(1906688K), [Metaspace: 59688K->59688K(1105920K)], 0.4873012 secs] [Times: user=2.28 sys=0.00, real=0.49 secs] 
5914.419: [GC (Allocation Failure) [PSYoungGen: 321024K->107808K(506880K)] 517070K->303854K(1905152K), 0.0462823 secs] [Times: user=0.27 sys=0.00, real=0.04 secs] 
5915.162: [GC (Allocation Failure) [PSYoungGen: 430368K->168448K(491520K)] 626414K->468587K(1889792K), 0.0531375 secs] [Times: user=0.31 sys=0.00, real=0.05 secs] 
5918.009: [GC (Allocation Failure) [PSYoungGen: 491008K->98224K(504320K)] 791147K->549403K(1902592K), 0.1616673 secs] [Times: user=0.96 sys=0.00, real=0.16 secs] 
5918.882: [GC (Allocation Failure) [PSYoungGen: 406448K->149440K(502784K)] 857627K->692796K(1901056K), 0.0546853 secs] [Times: user=0.32 sys=0.00, real=0.05 secs] 
5922.062: [GC (Allocation Failure) [PSYoungGen: 457664K->92848K(503296K)] 1001020K->785084K(1901568K), 0.1766105 secs] [Times: user=1.05 sys=0.01, real=0.18 secs] 
5923.048: [GC (Allocation Failure) [PSYoungGen: 389697K->138592K(445952K)] 1081934K->920332K(1844224K), 0.0501191 secs] [Times: user=0.29 sys=0.00, real=0.05 secs] 
5924.782: [GC (Allocation Failure) [PSYoungGen: 445792K->99744K(502784K)] 1227532K->1011477K(1901056K), 0.0717471 secs] [Times: user=0.42 sys=0.00, real=0.07 secs] 
5927.483: [GC (Allocation Failure) [PSYoungGen: 408992K->144320K(500736K)] 1320725K->1152313K(1899008K), 0.0494089 secs] [Times: user=0.29 sys=0.00, real=0.05 secs] 
5929.217: [GC (Allocation Failure) [PSYoungGen: 453568K->102736K(502272K)] 1461561K->1246174K(1900544K), 0.0995860 secs] [Times: user=0.59 sys=0.00, real=0.10 secs] 
5931.146: [GC (Allocation Failure) [PSYoungGen: 417616K->147456K(504320K)] 1561054K->1389998K(1902592K), 0.0523566 secs] [Times: user=0.31 sys=0.00, real=0.06 secs] 
5931.198: [Full GC (Ergonomics) [PSYoungGen: 147456K->0K(504320K)] [ParOldGen: 1242542K->188108K(1398272K)] 1389998K->188108K(1902592K), [Metaspace: 59688K->59688K(1105920K)], 0.4652456 secs] [Times: user=2.16 sys=0.00, real=0.46 secs] 
5932.791: [GC (Allocation Failure) [PSYoungGen: 314880K->105472K(505856K)] 502988K->293580K(1904128K), 0.0323672 secs] [Times: user=0.18 sys=0.00, real=0.03 secs] 
5935.244: [GC (Allocation Failure) [PSYoungGen: 422912K->146880K(506368K)] 611020K->437004K(1904640K), 0.0516689 secs] [Times: user=0.31 sys=0.00, real=0.05 secs] 
5936.935: [GC (Allocation Failure) [PSYoungGen: 464320K->106176K(505856K)] 754444K->534340K(1904128K), 0.0659662 secs] [Times: user=0.39 sys=0.00, real=0.07 secs] 
5939.586: [GC (Allocation Failure) [PSYoungGen: 425152K->155120K(474112K)] 853316K->686288K(1872384K), 0.0812314 secs] [Times: user=0.48 sys=0.00, real=0.09 secs] 
5941.130: [GC (Allocation Failure) [PSYoungGen: 474096K->108608K(509440K)] 1005264K->777999K(1907712K), 0.0654571 secs] [Times: user=0.39 sys=0.00, real=0.06 secs] 
5942.701: [GC (Allocation Failure) [PSYoungGen: 425024K->146752K(505856K)] 1094415K->920988K(1904128K), 0.0533984 secs] [Times: user=0.31 sys=0.00, real=0.05 secs] 
5945.713: [GC (Allocation Failure) [PSYoungGen: 463168K->103776K(507392K)] 1237404K->1015532K(1905664K), 0.0714726 secs] [Times: user=0.42 sys=0.01, real=0.07 secs] 
5947.530: [GC (Allocation Failure) [PSYoungGen: 422240K->147744K(507392K)] 1333996K->1159123K(1905664K), 0.0511166 secs] [Times: user=0.30 sys=0.00, real=0.05 secs] 
5948.989: [GC (Allocation Failure) [PSYoungGen: 466208K->108288K(505856K)] 1477587K->1258216K(1904128K), 0.0914465 secs] [Times: user=0.54 sys=0.00, real=0.09 secs] 
5949.721: [GC (Allocation Failure) [PSYoungGen: 427264K->151360K(506880K)] 1577192K->1405744K(1905152K), 0.0530362 secs] [Times: user=0.32 sys=0.00, real=0.05 secs] 
5949.774: [Full GC (Ergonomics) [PSYoungGen: 151360K->0K(506880K)] [ParOldGen: 1254384K->204267K(1398272K)] 1405744K->204267K(1905152K), [Metaspace: 59688K->59688K(1105920K)], 0.4761526 secs] [Times: user=2.22 sys=0.00, real=0.48 secs] 
5953.142: [GC (Allocation Failure) [PSYoungGen: 318976K->92320K(507904K)] 523243K->296587K(1906176K), 0.1051802 secs] [Times: user=0.62 sys=0.01, real=0.11 secs] 
5954.877: [GC (Allocation Failure) [PSYoungGen: 400641K->142464K(507904K)] 604909K->434785K(1906176K), 0.0489697 secs] [Times: user=0.29 sys=0.00, real=0.04 secs] 
5957.066: [GC (Allocation Failure) [PSYoungGen: 459392K->106848K(501760K)] 751713K->532681K(1900032K), 0.0998624 secs] [Times: user=0.60 sys=0.00, real=0.10 secs] 
5958.229: [GC (Allocation Failure) [PSYoungGen: 411281K->144160K(504832K)] 837114K->672894K(1903104K), 0.0509626 secs] [Times: user=0.30 sys=0.00, real=0.05 secs] 
5960.289: [GC (Allocation Failure) [PSYoungGen: 461088K->104416K(506880K)] 989822K->768382K(1905152K), 0.1496212 secs] [Times: user=0.88 sys=0.00, real=0.15 secs] 
5961.132: [GC (Allocation Failure) [PSYoungGen: 411216K->145888K(508416K)] 1075182K->910794K(1906688K), 0.0503733 secs] [Times: user=0.30 sys=0.00, real=0.05 secs] 
5962.760: [GC (GCLocker Initiated GC) [PSYoungGen: 467936K->103920K(509440K)] 1232843K->1006347K(1907712K), 0.0817277 secs] [Times: user=0.48 sys=0.01, real=0.08 secs] 
5966.241: [GC (Allocation Failure) [PSYoungGen: 428016K->141568K(509952K)] 1346879K->1160147K(1908224K), 0.2387292 secs] [Times: user=1.43 sys=0.00, real=0.24 secs] 
5969.839: [GC (Allocation Failure) [PSYoungGen: 465664K->95808K(511488K)] 1484243K->1255951K(1909760K), 0.4283412 secs] [Times: user=2.56 sys=0.00, real=0.43 secs] 
5971.178: [GC (Allocation Failure) [PSYoungGen: 422464K->155712K(482816K)] 1582607K->1405720K(1881088K), 0.0562831 secs] [Times: user=0.33 sys=0.00, real=0.05 secs] 
5971.234: [Full GC (Ergonomics) [PSYoungGen: 155712K->0K(482816K)] [ParOldGen: 1250008K->213272K(1398272K)] 1405720K->213272K(1881088K), [Metaspace: 59688K->59688K(1105920K)], 0.5069727 secs] [Times: user=2.38 sys=0.00, real=0.51 secs] 
5974.619: [GC (Allocation Failure) [PSYoungGen: 326656K->98464K(509440K)] 539928K->311736K(1907712K), 0.1604584 secs] [Times: user=0.96 sys=0.00, real=0.16 secs] 
5975.048: [GC (Allocation Failure) [PSYoungGen: 416928K->153920K(472576K)] 630200K->459905K(1870848K), 0.0552489 secs] [Times: user=0.33 sys=0.00, real=0.05 secs] 
5978.159: [GC (Allocation Failure) [PSYoungGen: 472384K->96528K(506368K)] 778369K->555606K(1904640K), 0.1571463 secs] [Times: user=0.93 sys=0.00, real=0.15 secs] 
5978.547: [GC (Allocation Failure) [PSYoungGen: 408848K->152560K(464896K)] 867926K->702046K(1863168K), 0.0572289 secs] [Times: user=0.33 sys=0.00, real=0.05 secs] 
5982.242: [GC (Allocation Failure) [PSYoungGen: 464880K->89744K(503296K)] 1014366K->791631K(1901568K), 0.1764795 secs] [Times: user=1.05 sys=0.00, real=0.18 secs] 
5982.654: [GC (Allocation Failure) [PSYoungGen: 396432K->149888K(456704K)] 1098319K->935519K(1854976K), 0.0551609 secs] [Times: user=0.32 sys=0.00, real=0.06 secs] 
5985.122: [GC (Allocation Failure) [PSYoungGen: 456576K->92384K(502272K)] 1242207K->1027735K(1900544K), 0.1644076 secs] [Times: user=0.97 sys=0.01, real=0.16 secs] 
5986.254: [GC (Allocation Failure) [PSYoungGen: 396000K->142864K(500224K)] 1331351K->1164668K(1898496K), 0.0771908 secs] [Times: user=0.46 sys=0.00, real=0.08 secs] 
5988.704: [GC (Allocation Failure) [PSYoungGen: 445399K->89360K(500736K)] 1467203K->1253632K(1899008K), 0.1117950 secs] [Times: user=0.67 sys=0.00, real=0.11 secs] 
5989.404: [GC (Allocation Failure) [PSYoungGen: 380243K->138432K(500736K)] 1544515K->1388016K(1899008K), 0.0497897 secs] [Times: user=0.29 sys=0.00, real=0.05 secs] 
5989.454: [Full GC (Ergonomics) [PSYoungGen: 138432K->0K(500736K)] [ParOldGen: 1249584K->196076K(1398272K)] 1388016K->196076K(1899008K), [Metaspace: 59688K->59688K(1105920K)], 0.4829709 secs] [Times: user=2.27 sys=0.00, real=0.49 secs] 
5992.010: [GC (Allocation Failure) [PSYoungGen: 305152K->101280K(497152K)] 501228K->297356K(1895424K), 0.0533302 secs] [Times: user=0.31 sys=0.00, real=0.05 secs] 
5992.794: [GC (Allocation Failure) [PSYoungGen: 410016K->145856K(499712K)] 606092K->439685K(1897984K), 0.0493749 secs] [Times: user=0.30 sys=0.00, real=0.05 secs] 
5994.512: [GC (Allocation Failure) [PSYoungGen: 454592K->101136K(503296K)] 748421K->531766K(1901568K), 0.0693241 secs] [Times: user=0.41 sys=0.00, real=0.07 secs] 
5996.122: [GC (Allocation Failure) [PSYoungGen: 415504K->149088K(504320K)] 846134K->677210K(1902592K), 0.0503845 secs] [Times: user=0.29 sys=0.00, real=0.05 secs] 
5997.244: [GC (Allocation Failure) [PSYoungGen: 463456K->105904K(505344K)] 991578K->774139K(1903616K), 0.0656430 secs] [Times: user=0.39 sys=0.00, real=0.07 secs] 
6000.958: [GC (Allocation Failure) [PSYoungGen: 421296K->145888K(505344K)] 1089531K->916139K(1903616K), 0.0520153 secs] [Times: user=0.31 sys=0.00, real=0.05 secs] 
6003.052: [GC (Allocation Failure) [PSYoungGen: 461280K->101760K(504832K)] 1231531K->1009015K(1903104K), 0.1276229 secs] [Times: user=0.75 sys=0.01, real=0.13 secs] 
6004.685: [GC (Allocation Failure) [PSYoungGen: 418688K->150720K(505856K)] 1325943K->1155932K(1904128K), 0.0514992 secs] [Times: user=0.31 sys=0.00, real=0.06 secs] 
6006.381: [GC (Allocation Failure) [PSYoungGen: 467648K->106128K(506368K)] 1472860K->1253444K(1904640K), 0.1067577 secs] [Times: user=0.63 sys=0.00, real=0.11 secs] 
6009.165: [GC (Allocation Failure) [PSYoungGen: 422544K->146496K(505856K)] 1569860K->1396229K(1904128K), 0.0548918 secs] [Times: user=0.33 sys=0.00, real=0.06 secs] 
6009.219: [Full GC (Ergonomics) [PSYoungGen: 146496K->0K(505856K)] [ParOldGen: 1249733K->194827K(1398272K)] 1396229K->194827K(1904128K), [Metaspace: 59688K->59688K(1105920K)], 0.4597607 secs] [Times: user=2.13 sys=0.00, real=0.46 secs] 
6010.738: [GC (Allocation Failure) [PSYoungGen: 316416K->106816K(504320K)] 511243K->301643K(1902592K), 0.0320844 secs] [Times: user=0.19 sys=0.00, real=0.03 secs] 
6012.450: [GC (Allocation Failure) [PSYoungGen: 424768K->145968K(505856K)] 619595K->443776K(1904128K), 0.0501972 secs] [Times: user=0.30 sys=0.00, real=0.05 secs] 
6015.439: [GC (Allocation Failure) [PSYoungGen: 463920K->108416K(505856K)] 761728K->542664K(1904128K), 0.0791213 secs] [Times: user=0.47 sys=0.01, real=0.08 secs] 
6016.047: [GC (Allocation Failure) [PSYoungGen: 429440K->152704K(507392K)] 863688K->691460K(1905664K), 0.0538068 secs] [Times: user=0.32 sys=0.00, real=0.05 secs] 
6018.646: [GC (Allocation Failure) [PSYoungGen: 472108K->94224K(508928K)] 1010865K->785213K(1907200K), 0.1780946 secs] [Times: user=1.04 sys=0.01, real=0.18 secs] 
6019.620: [GC (Allocation Failure) [PSYoungGen: 412176K->151328K(469504K)] 1103165K->932545K(1867776K), 0.0554703 secs] [Times: user=0.33 sys=0.00, real=0.05 secs] 
6022.593: [GC (Allocation Failure) [PSYoungGen: 469280K->94816K(506368K)] 1250497K->1027001K(1904640K), 0.1584903 secs] [Times: user=0.94 sys=0.01, real=0.16 secs] 
6024.384: [GC (Allocation Failure) [PSYoungGen: 407648K->148320K(461312K)] 1339833K->1168734K(1859584K), 0.0541373 secs] [Times: user=0.32 sys=0.00, real=0.06 secs] 
6026.760: [GC (Allocation Failure) [PSYoungGen: 461152K->96960K(506368K)] 1481566K->1264862K(1904640K), 0.1660650 secs] [Times: user=0.99 sys=0.00, real=0.16 secs] 
6027.764: [GC (Allocation Failure) [PSYoungGen: 408768K->151040K(463360K)] 1576670K->1409379K(1861632K), 0.0566949 secs] [Times: user=0.33 sys=0.00, real=0.06 secs] 
6027.821: [Full GC (Ergonomics) [PSYoungGen: 151040K->0K(463360K)] [ParOldGen: 1258339K->208804K(1398272K)] 1409379K->208804K(1861632K), [Metaspace: 59688K->59688K(1105920K)], 0.4976064 secs] [Times: user=2.34 sys=0.00, real=0.50 secs] 
6030.524: [GC (Allocation Failure) [PSYoungGen: 311808K->90144K(503808K)] 520612K->298948K(1902080K), 0.1637445 secs] [Times: user=0.97 sys=0.00, real=0.17 secs] 
6031.856: [GC (Allocation Failure) [PSYoungGen: 396260K->140512K(448512K)] 605065K->435590K(1846784K), 0.0492641 secs] [Times: user=0.29 sys=0.00, real=0.05 secs] 
6034.531: [GC (Allocation Failure) [PSYoungGen: 448224K->99600K(504832K)] 743302K->525918K(1903104K), 0.1049145 secs] [Times: user=0.63 sys=0.00, real=0.10 secs] 
6037.091: [GC (Allocation Failure) [PSYoungGen: 409872K->145888K(502272K)] 836190K->668315K(1900544K), 0.0496903 secs] [Times: user=0.29 sys=0.00, real=0.05 secs] 
6039.271: [GC (Allocation Failure) [PSYoungGen: 456160K->105104K(500736K)] 978587K->764555K(1899008K), 0.0657103 secs] [Times: user=0.38 sys=0.00, real=0.07 secs] 
6041.063: [GC (Allocation Failure) [PSYoungGen: 417936K->145728K(502784K)] 1077387K->904951K(1901056K), 0.0507152 secs] [Times: user=0.29 sys=0.01, real=0.05 secs] 
6043.612: [GC (Allocation Failure) [PSYoungGen: 458560K->103552K(504832K)] 1217783K->999639K(1903104K), 0.0642149 secs] [Times: user=0.38 sys=0.00, real=0.06 secs] 
6045.445: [GC (Allocation Failure) [PSYoungGen: 420480K->147008K(505856K)] 1316567K->1143184K(1904128K), 0.0515299 secs] [Times: user=0.30 sys=0.00, real=0.05 secs] 
6047.035: [GC (Allocation Failure) [PSYoungGen: 463936K->108704K(504320K)] 1460112K->1242928K(1902592K), 0.0651393 secs] [Times: user=0.39 sys=0.00, real=0.07 secs] 
6050.111: [GC (Allocation Failure) [PSYoungGen: 427168K->146272K(505856K)] 1561392K->1385725K(1904128K), 0.0529042 secs] [Times: user=0.31 sys=0.00, real=0.05 secs] 
6050.164: [Full GC (Ergonomics) [PSYoungGen: 146272K->0K(505856K)] [ParOldGen: 1239453K->190794K(1398272K)] 1385725K->190794K(1904128K), [Metaspace: 59688K->59688K(1105920K)], 0.4583960 secs] [Times: user=2.14 sys=0.00, real=0.46 secs] 
6052.905: [GC (Allocation Failure) [PSYoungGen: 318464K->105936K(507392K)] 509258K->296731K(1905664K), 0.0318763 secs] [Times: user=0.19 sys=0.00, real=0.04 secs] 
6053.863: [GC (Allocation Failure) [PSYoungGen: 427434K->151360K(508416K)] 618229K->442903K(1906688K), 0.0509016 secs] [Times: user=0.30 sys=0.00, real=0.05 secs] 
6055.581: [GC (GCLocker Initiated GC) [PSYoungGen: 473408K->106800K(509440K)] 764951K->541080K(1907712K), 0.0992509 secs] [Times: user=0.59 sys=0.01, real=0.10 secs] 
6056.802: [GC (Allocation Failure) [PSYoungGen: 427824K->141120K(508416K)] 878539K->694327K(1906688K), 0.2370515 secs] [Times: user=1.42 sys=0.00, real=0.24 secs] 
6060.566: [GC (Allocation Failure) [PSYoungGen: 462144K->96384K(510464K)] 1015351K->790167K(1908736K), 0.4411487 secs] [Times: user=2.64 sys=0.00, real=0.45 secs] 
6062.203: [GC (Allocation Failure) [PSYoungGen: 420480K->154080K(478208K)] 1114263K->938336K(1876480K), 0.1350177 secs] [Times: user=0.80 sys=0.00, real=0.14 secs] 
6065.636: [GC (Allocation Failure) [PSYoungGen: 478176K->95392K(508416K)] 1262432K->1033548K(1906688K), 0.1395252 secs] [Times: user=0.82 sys=0.01, real=0.14 secs] 
6066.597: [GC (Allocation Failure) [PSYoungGen: 412320K->153680K(471040K)] 1350476K->1180922K(1869312K), 0.0562720 secs] [Times: user=0.33 sys=0.00, real=0.05 secs] 
6069.894: [GC (Allocation Failure) [PSYoungGen: 470608K->92320K(505344K)] 1497850K->1272985K(1903616K), 0.1708283 secs] [Times: user=1.01 sys=0.00, real=0.17 secs] 
6070.391: [GC (Allocation Failure) [PSYoungGen: 402592K->151232K(461824K)] 1583257K->1418086K(1860096K), 0.0562197 secs] [Times: user=0.34 sys=0.00, real=0.06 secs] 
6070.448: [Full GC (Ergonomics) [PSYoungGen: 151232K->0K(461824K)] [ParOldGen: 1266854K->216591K(1398272K)] 1418086K->216591K(1860096K), [Metaspace: 59693K->59693K(1105920K)], 0.5263099 secs] [Times: user=2.48 sys=0.00, real=0.52 secs] 
6073.468: [GC (Allocation Failure) [PSYoungGen: 310272K->92608K(503296K)] 526863K->309199K(1901568K), 0.1360213 secs] [Times: user=0.81 sys=0.00, real=0.13 secs] 
6073.907: [GC (Allocation Failure) [PSYoungGen: 398784K->163568K(470016K)] 615375K->466849K(1868288K), 0.0542730 secs] [Times: user=0.33 sys=0.00, real=0.05 secs] 
6077.679: [GC (Allocation Failure) [PSYoungGen: 469744K->86176K(496128K)] 773025K->535817K(1894400K), 0.1622974 secs] [Times: user=0.97 sys=0.00, real=0.16 secs] 
6079.088: [GC (Allocation Failure) [PSYoungGen: 378528K->137728K(430592K)] 828169K->668913K(1828864K), 0.0479527 secs] [Times: user=0.28 sys=0.00, real=0.04 secs] 
6080.580: [GC (Allocation Failure) [PSYoungGen: 430080K->96432K(496128K)] 961265K->756454K(1894400K), 0.0619116 secs] [Times: user=0.36 sys=0.00, real=0.06 secs] 
6082.257: [GC (Allocation Failure) [PSYoungGen: 391856K->136912K(493056K)] 1051878K->890015K(1891328K), 0.0490195 secs] [Times: user=0.29 sys=0.01, real=0.04 secs] 
6084.939: [GC (Allocation Failure) [PSYoungGen: 432336K->95840K(498688K)] 1185439K->977110K(1896960K), 0.0635867 secs] [Times: user=0.38 sys=0.00, real=0.06 secs] 
6086.709: [GC (Allocation Failure) [PSYoungGen: 398944K->135264K(496128K)] 1280214K->1110703K(1894400K), 0.0576000 secs] [Times: user=0.34 sys=0.00, real=0.06 secs] 
6088.855: [GC (Allocation Failure) [PSYoungGen: 438368K->107856K(500736K)] 1413807K->1208944K(1899008K), 0.0638380 secs] [Times: user=0.38 sys=0.00, real=0.07 secs] 
6089.976: [GC (Allocation Failure) [PSYoungGen: 422224K->138560K(501248K)] 1523312K->1346284K(1899520K), 0.0597212 secs] [Times: user=0.35 sys=0.01, real=0.06 secs] 
6091.209: [GC (Allocation Failure) [PSYoungGen: 452928K->112096K(502784K)] 1660652K->1448572K(1901056K), 0.0662269 secs] [Times: user=0.40 sys=0.00, real=0.06 secs] 
6091.276: [Full GC (Ergonomics) [PSYoungGen: 112096K->0K(502784K)] [ParOldGen: 1336476K->18394K(1398272K)] 1448572K->18394K(1901056K), [Metaspace: 59693K->59693K(1105920K)], 0.0294123 secs] [Times: user=0.07 sys=0.00, real=0.03 secs] 
6093.437: [GC (Allocation Failure) [PSYoungGen: 325120K->145104K(507392K)] 343514K->163499K(1905664K), 0.0342853 secs] [Times: user=0.20 sys=0.00, real=0.03 secs] 
6095.024: [GC (Allocation Failure) [PSYoungGen: 470224K->112816K(510976K)] 488619K->267283K(1909248K), 0.0660694 secs] [Times: user=0.39 sys=0.00, real=0.07 secs] 
6097.444: [GC (Allocation Failure) [PSYoungGen: 444592K->149760K(512512K)] 599059K->415207K(1910784K), 0.0544710 secs] [Times: user=0.33 sys=0.00, real=0.06 secs] 
6098.666: [GC (Allocation Failure) [PSYoungGen: 481536K->116720K(513024K)] 746983K->522643K(1911296K), 0.0810391 secs] [Times: user=0.48 sys=0.00, real=0.09 secs] 
6100.698: [GC (Allocation Failure) [PSYoungGen: 450032K->153376K(486912K)] 855955K->671024K(1885184K), 0.0830669 secs] [Times: user=0.49 sys=0.00, real=0.08 secs] 
6102.509: [GC (Allocation Failure) [PSYoungGen: 486688K->111584K(516608K)] 1004336K->773552K(1914880K), 0.1032660 secs] [Times: user=0.61 sys=0.01, real=0.10 secs] 
6105.444: [GC (Allocation Failure) [PSYoungGen: 442336K->153376K(484352K)] 1104304K->923304K(1882624K), 0.0609541 secs] [Times: user=0.37 sys=0.00, real=0.06 secs] 
6108.453: [GC (Allocation Failure) [PSYoungGen: 484128K->99616K(512512K)] 1254056K->1022688K(1910784K), 0.1590987 secs] [Times: user=0.95 sys=0.00, real=0.16 secs] 
6109.991: [GC (Allocation Failure) [PSYoungGen: 425248K->156704K(482816K)] 1348320K->1172637K(1881088K), 0.0572614 secs] [Times: user=0.34 sys=0.00, real=0.06 secs] 
6113.148: [GC (Allocation Failure) [PSYoungGen: 482336K->94016K(507392K)] 1498269K->1266169K(1905664K), 0.1635896 secs] [Times: user=0.97 sys=0.00, real=0.16 secs] 
6113.683: [GC (Allocation Failure) [PSYoungGen: 409920K->152944K(468992K)] 1582073K->1413243K(1867264K), 0.0553157 secs] [Times: user=0.33 sys=0.00, real=0.06 secs] 
6113.739: [Full GC (Ergonomics) [PSYoungGen: 152944K->0K(468992K)] [ParOldGen: 1260298K->217351K(1398272K)] 1413243K->217351K(1867264K), [Metaspace: 59693K->59693K(1105920K)], 0.5188802 secs] [Times: user=2.43 sys=0.00, real=0.52 secs] 
6118.028: [GC (Allocation Failure) [PSYoungGen: 315904K->95424K(505344K)] 533255K->312775K(1903616K), 0.1309640 secs] [Times: user=0.78 sys=0.00, real=0.13 secs] 
6118.810: [GC (Allocation Failure) [PSYoungGen: 405696K->151488K(461824K)] 623047K->453956K(1860096K), 0.1072640 secs] [Times: user=0.63 sys=0.00, real=0.11 secs] 
6122.461: [GC (Allocation Failure) [PSYoungGen: 461760K->89184K(502272K)] 764228K->542956K(1900544K), 0.1551267 secs] [Times: user=0.91 sys=0.00, real=0.15 secs] 
6123.596: [GC (Allocation Failure) [PSYoungGen: 394848K->147024K(453120K)] 848620K->683585K(1851392K), 0.0524560 secs] [Times: user=0.31 sys=0.00, real=0.06 secs] 
6125.314: [GC (Allocation Failure) [PSYoungGen: 452688K->92512K(502784K)] 989249K->775081K(1901056K), 0.1171169 secs] [Times: user=0.69 sys=0.00, real=0.12 secs] 
6126.854: [GC (Allocation Failure) [PSYoungGen: 397415K->141632K(501248K)] 1079984K->912554K(1899520K), 0.0495983 secs] [Times: user=0.29 sys=0.00, real=0.05 secs] 
6129.765: [GC (Allocation Failure) [PSYoungGen: 446784K->101120K(498176K)] 1217706K->1004222K(1896448K), 0.0634642 secs] [Times: user=0.38 sys=0.00, real=0.07 secs] 
6131.767: [GC (Allocation Failure) [PSYoungGen: 407808K->142528K(499712K)] 1310910K->1143282K(1897984K), 0.0757756 secs] [Times: user=0.45 sys=0.00, real=0.07 secs] 
6134.284: [GC (Allocation Failure) [PSYoungGen: 449216K->100832K(500224K)] 1449970K->1235387K(1898496K), 0.0649424 secs] [Times: user=0.39 sys=0.00, real=0.07 secs] 
6137.173: [GC (Allocation Failure) [PSYoungGen: 413152K->142112K(502784K)] 1547707K->1373855K(1901056K), 0.0514505 secs] [Times: user=0.31 sys=0.00, real=0.05 secs] 
6137.225: [Full GC (Ergonomics) [PSYoungGen: 142112K->0K(502784K)] [ParOldGen: 1231743K->181088K(1398272K)] 1373855K->181088K(1901056K), [Metaspace: 59693K->59693K(1105920K)], 0.4444786 secs] [Times: user=2.08 sys=0.00, real=0.45 secs] 
6138.711: [GC (Allocation Failure) [PSYoungGen: 312320K->106881K(501760K)] 493408K->287970K(1900032K), 0.0335975 secs] [Times: user=0.20 sys=0.00, real=0.03 secs] 
6140.802: [GC (Allocation Failure) [PSYoungGen: 424321K->155696K(504832K)] 605410K->440461K(1903104K), 0.1242385 secs] [Times: user=0.73 sys=0.00, real=0.12 secs] 
6143.479: [GC (Allocation Failure) [PSYoungGen: 473136K->104864K(508416K)] 757901K->527756K(1906688K), 0.0655638 secs] [Times: user=0.39 sys=0.00, real=0.06 secs] 
6145.532: [GC (Allocation Failure) [PSYoungGen: 420768K->147232K(505856K)] 843660K->671869K(1904128K), 0.1186123 secs] [Times: user=0.71 sys=0.01, real=0.12 secs] 
6149.034: [GC (Allocation Failure) [PSYoungGen: 463136K->103536K(505856K)] 987773K->766286K(1904128K), 0.0652130 secs] [Times: user=0.38 sys=0.00, real=0.07 secs] 
6150.901: [GC (Allocation Failure) [PSYoungGen: 420464K->146272K(506368K)] 1083214K->909082K(1904640K), 0.0515116 secs] [Times: user=0.30 sys=0.00, real=0.05 secs] 
6153.191: [GC (Allocation Failure) [PSYoungGen: 463200K->107536K(504832K)] 1226010K->1007639K(1903104K), 0.0654623 secs] [Times: user=0.39 sys=0.00, real=0.07 secs] 
6155.060: [GC (Allocation Failure) [PSYoungGen: 426000K->147376K(506368K)] 1326103K->1151892K(1904640K), 0.1445889 secs] [Times: user=0.85 sys=0.01, real=0.14 secs] 
6157.729: [GC (Allocation Failure) [PSYoungGen: 465840K->106752K(506880K)] 1470356K->1249139K(1905152K), 0.0665027 secs] [Times: user=0.40 sys=0.00, real=0.06 secs] 
6159.863: [GC (Allocation Failure) [PSYoungGen: 427776K->146496K(507904K)] 1570163K->1392295K(1906176K), 0.0521607 secs] [Times: user=0.31 sys=0.00, real=0.05 secs] 
6159.915: [Full GC (Ergonomics) [PSYoungGen: 146496K->0K(507904K)] [ParOldGen: 1245799K->189879K(1398272K)] 1392295K->189879K(1906176K), [Metaspace: 59693K->59693K(1105920K)], 0.4541365 secs] [Times: user=2.12 sys=0.00, real=0.46 secs] 
6162.143: [GC (Allocation Failure) [PSYoungGen: 321024K->110352K(506880K)] 510903K->300231K(1905152K), 0.0448106 secs] [Times: user=0.26 sys=0.01, real=0.05 secs] 
6164.173: [GC (Allocation Failure) [PSYoungGen: 433424K->148192K(508416K)] 623303K->444676K(1906688K), 0.0529214 secs] [Times: user=0.32 sys=0.00, real=0.05 secs] 
6167.057: [GC (Allocation Failure) [PSYoungGen: 471264K->107232K(510976K)] 767748K->542468K(1909248K), 0.1393806 secs] [Times: user=0.83 sys=0.00, real=0.13 secs] 
6168.462: [GC (Allocation Failure) [PSYoungGen: 432864K->154784K(480768K)] 868100K->693069K(1879040K), 0.0526429 secs] [Times: user=0.31 sys=0.00, real=0.05 secs] 
6171.296: [GC (Allocation Failure) [PSYoungGen: 480416K->97408K(509440K)] 1018701K->789965K(1907712K), 0.1717882 secs] [Times: user=1.03 sys=0.00, real=0.18 secs] 
6172.072: [GC (Allocation Failure) [PSYoungGen: 416384K->170560K(489984K)] 1108941K->953976K(1888256K), 0.0565555 secs] [Times: user=0.34 sys=0.00, real=0.06 secs] 
6175.034: [GC (Allocation Failure) [PSYoungGen: 489536K->94720K(500224K)] 1272952K->1031872K(1898496K), 0.1699121 secs] [Times: user=1.01 sys=0.00, real=0.17 secs] 
6176.137: [GC (Allocation Failure) [PSYoungGen: 395264K->145120K(499200K)] 1332416K->1171025K(1897472K), 0.0537461 secs] [Times: user=0.32 sys=0.00, real=0.05 secs] 
6178.140: [GC (Allocation Failure) [PSYoungGen: 445664K->87776K(499712K)] 1471569K->1257945K(1897984K), 0.1622709 secs] [Times: user=0.96 sys=0.01, real=0.16 secs] 
6179.550: [GC (Allocation Failure) [PSYoungGen: 388832K->139936K(441344K)] 1559001K->1394102K(1839616K), 0.0493557 secs] [Times: user=0.29 sys=0.00, real=0.05 secs] 
6179.599: [Full GC (Ergonomics) [PSYoungGen: 139936K->0K(441344K)] [ParOldGen: 1254166K->191788K(1398272K)] 1394102K->191788K(1839616K), [Metaspace: 59693K->59693K(1105920K)], 0.4707402 secs] [Times: user=2.19 sys=0.00, real=0.47 secs] 
6181.143: [GC (Allocation Failure) [PSYoungGen: 301056K->97632K(500736K)] 492844K->289420K(1899008K), 0.0428247 secs] [Times: user=0.24 sys=0.01, real=0.04 secs] 
6183.240: [GC (Allocation Failure) [PSYoungGen: 401760K->150528K(498688K)] 593548K->436402K(1896960K), 0.0488926 secs] [Times: user=0.29 sys=0.00, real=0.05 secs] 
6185.993: [GC (Allocation Failure) [PSYoungGen: 454656K->98864K(501760K)] 740530K->518198K(1900032K), 0.0739932 secs] [Times: user=0.44 sys=0.00, real=0.08 secs] 
6188.614: [GC (Allocation Failure) [PSYoungGen: 405040K->139872K(501248K)] 824374K->655519K(1899520K), 0.0506459 secs] [Times: user=0.30 sys=0.00, real=0.05 secs] 
6190.679: [GC (Allocation Failure) [PSYoungGen: 446048K->103408K(499200K)] 961695K->750307K(1897472K), 0.0639195 secs] [Times: user=0.38 sys=0.00, real=0.06 secs] 
6192.538: [GC (Allocation Failure) [PSYoungGen: 413168K->141248K(500736K)] 1060067K->889282K(1899008K), 0.0516159 secs] [Times: user=0.31 sys=0.00, real=0.05 secs] 
6194.423: [GC (GCLocker Initiated GC) [PSYoungGen: 451008K->105376K(500736K)] 1199042K->985306K(1899008K), 0.0654479 secs] [Times: user=0.39 sys=0.00, real=0.07 secs] 
6196.748: [GC (Allocation Failure) [PSYoungGen: 422304K->142016K(504320K)] 1302237K->1125654K(1902592K), 0.0550683 secs] [Times: user=0.33 sys=0.00, real=0.05 secs] 
6198.099: [GC (Allocation Failure) [PSYoungGen: 458944K->110368K(504320K)] 1442582K->1226534K(1902592K), 0.0667077 secs] [Times: user=0.39 sys=0.01, real=0.06 secs] 
6200.666: [GC (GCLocker Initiated GC) [PSYoungGen: 433440K->144608K(507392K)] 1549606K->1369475K(1905664K), 0.0954813 secs] [Times: user=0.56 sys=0.00, real=0.10 secs] 
6200.761: [Full GC (Ergonomics) [PSYoungGen: 144608K->0K(507392K)] [ParOldGen: 1224867K->169183K(1398272K)] 1369475K->169183K(1905664K), [Metaspace: 59693K->59693K(1105920K)], 0.4284420 secs] [Times: user=2.00 sys=0.01, real=0.43 secs] 
6203.495: [GC (Allocation Failure) [PSYoungGen: 323072K->106704K(510464K)] 492258K->275891K(1908736K), 0.0482583 secs] [Times: user=0.29 sys=0.00, real=0.05 secs] 
6205.739: [GC (Allocation Failure) [PSYoungGen: 434896K->152064K(480768K)] 604083K->425947K(1879040K), 0.0545680 secs] [Times: user=0.32 sys=0.01, real=0.05 secs] 
6209.060: [GC (Allocation Failure) [PSYoungGen: 479666K->109008K(514048K)] 753549K->525872K(1912320K), 0.0664084 secs] [Times: user=0.40 sys=0.00, real=0.07 secs] 
6211.620: [GC (Allocation Failure) [PSYoungGen: 435152K->149600K(510976K)] 852016K->672596K(1909248K), 0.0536548 secs] [Times: user=0.31 sys=0.00, real=0.05 secs] 
6213.338: [GC (Allocation Failure) [PSYoungGen: 475744K->109568K(510976K)] 998740K->772924K(1909248K), 0.0665885 secs] [Times: user=0.39 sys=0.00, real=0.06 secs] 
6214.486: [GC (Allocation Failure) [PSYoungGen: 435712K->150656K(477184K)] 1099068K->919936K(1875456K), 0.0529529 secs] [Times: user=0.31 sys=0.00, real=0.06 secs] 
6218.243: [GC (Allocation Failure) [PSYoungGen: 476800K->109600K(513536K)] 1246080K->1019596K(1911808K), 0.1806180 secs] [Times: user=1.08 sys=0.01, real=0.18 secs] 
6219.488: [GC (Allocation Failure) [PSYoungGen: 419873K->144880K(510464K)] 1329869K->1160572K(1908736K), 0.0534476 secs] [Times: user=0.32 sys=0.00, real=0.05 secs] 
6222.444: [GC (Allocation Failure) [PSYoungGen: 470000K->109344K(510464K)] 1485692K->1260380K(1908736K), 0.1648772 secs] [Times: user=0.98 sys=0.01, real=0.17 secs] 
6223.599: [GC (Allocation Failure) [PSYoungGen: 436512K->152544K(510976K)] 1587548K->1409237K(1909248K), 0.0539994 secs] [Times: user=0.32 sys=0.00, real=0.05 secs] 
6223.653: [Full GC (Ergonomics) [PSYoungGen: 152544K->0K(510976K)] [ParOldGen: 1256693K->206505K(1398272K)] 1409237K->206505K(1909248K), [Metaspace: 59693K->59693K(1105920K)], 0.4780128 secs] [Times: user=2.13 sys=0.00, real=0.48 secs] 
6226.577: [GC (Allocation Failure) [PSYoungGen: 327168K->102272K(512512K)] 533673K->308777K(1910784K), 0.1283593 secs] [Times: user=0.76 sys=0.00, real=0.12 secs] 
6227.929: [GC (Allocation Failure) [PSYoungGen: 426880K->155008K(479744K)] 633385K->457553K(1878016K), 0.1265071 secs] [Times: user=0.75 sys=0.00, real=0.12 secs] 
6230.610: [GC (Allocation Failure) [PSYoungGen: 479616K->100496K(508928K)] 782161K->557625K(1907200K), 0.1219109 secs] [Times: user=0.72 sys=0.00, real=0.12 secs] 
6230.985: [GC (Allocation Failure) [PSYoungGen: 418448K->153952K(472064K)] 875577K->705301K(1870336K), 0.0583806 secs] [Times: user=0.35 sys=0.00, real=0.06 secs] 
6233.692: [GC (Allocation Failure) [PSYoungGen: 471904K->95168K(505856K)] 1023253K->800025K(1904128K), 0.1493323 secs] [Times: user=0.89 sys=0.00, real=0.15 secs] 
6234.073: [GC (Allocation Failure) [PSYoungGen: 407488K->151936K(464384K)] 1112345K->946202K(1862656K), 0.0615096 secs] [Times: user=0.32 sys=0.00, real=0.06 secs] 
6238.282: [GC (Allocation Failure) [PSYoungGen: 464256K->91168K(503296K)] 1258522K->1037178K(1901568K), 0.1436666 secs] [Times: user=0.85 sys=0.00, real=0.14 secs] 
6238.801: [GC (Allocation Failure) [PSYoungGen: 398368K->149056K(456704K)] 1344378K->1180791K(1854976K), 0.0786933 secs] [Times: user=0.47 sys=0.00, real=0.08 secs] 
6242.206: [GC (Allocation Failure) [PSYoungGen: 456256K->85952K(501248K)] 1487991K->1266623K(1899520K), 0.1720731 secs] [Times: user=1.02 sys=0.01, real=0.18 secs] 
6242.774: [GC (Allocation Failure) [PSYoungGen: 389568K->148128K(452096K)] 1570239K->1408370K(1850368K), 0.0553734 secs] [Times: user=0.33 sys=0.00, real=0.06 secs] 
6242.829: [Full GC (Ergonomics) [PSYoungGen: 148128K->0K(452096K)] [ParOldGen: 1260242K->215014K(1398272K)] 1408370K->215014K(1850368K), [Metaspace: 59695K->59695K(1105920K)], 0.5109623 secs] [Times: user=2.39 sys=0.00, real=0.51 secs] 
6246.202: [GC (Allocation Failure) [PSYoungGen: 303616K->91648K(501248K)] 518630K->306662K(1899520K), 0.1337985 secs] [Times: user=0.80 sys=0.00, real=0.13 secs] 
6246.958: [GC (Allocation Failure) [PSYoungGen: 379389K->138064K(439808K)] 594403K->434529K(1838080K), 0.0469919 secs] [Times: user=0.28 sys=0.00, real=0.04 secs] 
6248.076: [GC (Allocation Failure) [PSYoungGen: 439632K->99712K(500736K)] 736097K->525696K(1899008K), 0.0615606 secs] [Times: user=0.37 sys=0.00, real=0.07 secs] 
6249.794: [GC (Allocation Failure) [PSYoungGen: 404352K->143584K(497664K)] 830336K->665925K(1895936K), 0.0810634 secs] [Times: user=0.48 sys=0.00, real=0.08 secs] 
6251.375: [GC (Allocation Failure) [PSYoungGen: 448224K->99872K(501760K)] 970565K->757569K(1900032K), 0.0632672 secs] [Times: user=0.37 sys=0.00, real=0.07 secs] 
6254.311: [GC (Allocation Failure) [PSYoungGen: 411680K->142800K(502784K)] 1069377K->897394K(1901056K), 0.0503290 secs] [Times: user=0.30 sys=0.00, real=0.05 secs] 
6255.771: [GC (Allocation Failure) [PSYoungGen: 454608K->105648K(501760K)] 1209202K->994274K(1900032K), 0.0656280 secs] [Times: user=0.39 sys=0.00, real=0.06 secs] 
6257.851: [GC (Allocation Failure) [PSYoungGen: 421552K->146880K(504320K)] 1310178K->1137694K(1902592K), 0.0530819 secs] [Times: user=0.32 sys=0.00, real=0.05 secs] 
6259.043: [GC (Allocation Failure) [PSYoungGen: 462784K->105536K(505856K)] 1453598K->1234266K(1904128K), 0.0670645 secs] [Times: user=0.39 sys=0.00, real=0.07 secs] 
6261.276: [GC (Allocation Failure) [PSYoungGen: 425024K->147712K(506880K)] 1553754K->1378247K(1905152K), 0.0531948 secs] [Times: user=0.31 sys=0.01, real=0.06 secs] 
6261.330: [Full GC (Ergonomics) [PSYoungGen: 147712K->0K(506880K)] [ParOldGen: 1230535K->185267K(1398272K)] 1378247K->185267K(1905152K), [Metaspace: 59695K->59695K(1105920K)], 0.4381076 secs] [Times: user=2.03 sys=0.00, real=0.44 secs] 
6262.874: [GC (Allocation Failure) [PSYoungGen: 319488K->109520K(506368K)] 504755K->294788K(1904640K), 0.0330718 secs] [Times: user=0.19 sys=0.00, real=0.04 secs] 
6264.999: [GC (Allocation Failure) [PSYoungGen: 430544K->150560K(507392K)] 615812K->441968K(1905664K), 0.1462623 secs] [Times: user=0.87 sys=0.00, real=0.14 secs] 
6267.814: [GC (Allocation Failure) [PSYoungGen: 471584K->103008K(509952K)] 762992K->536088K(1908224K), 0.0648232 secs] [Times: user=0.39 sys=0.00, real=0.07 secs] 
6270.435: [GC (Allocation Failure) [PSYoungGen: 423520K->148624K(508416K)] 856600K->680766K(1906688K), 0.0506824 secs] [Times: user=0.30 sys=0.00, real=0.05 secs] 
6271.771: [GC (Allocation Failure) [PSYoungGen: 469136K->109312K(506368K)] 1001278K->781117K(1904640K), 0.0728870 secs] [Times: user=0.43 sys=0.00, real=0.07 secs] 
6272.874: [GC (Allocation Failure) [PSYoungGen: 423588K->143824K(507392K)] 1095393K->921066K(1905664K), 0.0521731 secs] [Times: user=0.31 sys=0.00, real=0.05 secs] 
6276.084: [GC (Allocation Failure) [PSYoungGen: 464336K->105088K(507904K)] 1241578K->1016974K(1906176K), 0.0860613 secs] [Times: user=0.52 sys=0.00, real=0.09 secs] 
6278.741: [GC (Allocation Failure) [PSYoungGen: 420014K->145392K(509440K)] 1331900K->1159071K(1907712K), 0.0605177 secs] [Times: user=0.36 sys=0.00, real=0.06 secs] 
6280.803: [GC (Allocation Failure) [PSYoungGen: 469488K->109280K(508416K)] 1483167K->1259891K(1906688K), 0.1356753 secs] [Times: user=0.80 sys=0.00, real=0.14 secs] 
6281.980: [GC (Allocation Failure) [PSYoungGen: 435424K->183792K(509952K)] 1586035K->1457643K(1908224K), 0.0835593 secs] [Times: user=0.49 sys=0.00, real=0.08 secs] 
6282.063: [Full GC (Ergonomics) [PSYoungGen: 183792K->0K(509952K)] [ParOldGen: 1273850K->207107K(1398272K)] 1457643K->207107K(1908224K), [Metaspace: 59695K->59695K(1105920K)], 0.4893332 secs] [Times: user=2.29 sys=0.00, real=0.49 secs] 
6285.699: [GC (Allocation Failure) [PSYoungGen: 326144K->99232K(421888K)] 533251K->306339K(1820160K), 0.1720802 secs] [Times: user=1.02 sys=0.00, real=0.17 secs] 
6286.282: [GC (Allocation Failure) [PSYoungGen: 332192K->114688K(465920K)] 539299K->415236K(1864192K), 0.0457660 secs] [Times: user=0.27 sys=0.01, real=0.05 secs] 
6288.518: [GC (Allocation Failure) [PSYoungGen: 347648K->86752K(465920K)] 648196K->493592K(1864192K), 0.0554003 secs] [Times: user=0.33 sys=0.00, real=0.05 secs] 
6290.175: [GC (Allocation Failure) [PSYoungGen: 319712K->85792K(318976K)] 726552K->579240K(1717248K), 0.0817356 secs] [Times: user=0.49 sys=0.00, real=0.08 secs] 
6291.250: [GC (Allocation Failure) [PSYoungGen: 318752K->110496K(473600K)] 812200K->684189K(1871872K), 0.1069491 secs] [Times: user=0.63 sys=0.00, real=0.11 secs] 
6293.271: [GC (Allocation Failure) [PSYoungGen: 351648K->62976K(465408K)] 925341K->747005K(1863680K), 0.0533355 secs] [Times: user=0.31 sys=0.01, real=0.05 secs] 
6296.223: [GC (Allocation Failure) [PSYoungGen: 304128K->107312K(464384K)] 988157K->851514K(1862656K), 0.0694052 secs] [Times: user=0.41 sys=0.00, real=0.07 secs] 
6296.810: [GC (GCLocker Initiated GC) [PSYoungGen: 356656K->126384K(465920K)] 1100859K->968038K(1864192K), 0.0921945 secs] [Times: user=0.55 sys=0.00, real=0.09 secs] 
6298.886: [GC (Allocation Failure) [PSYoungGen: 375728K->62608K(476672K)] 1217385K->1030673K(1874944K), 0.1334807 secs] [Times: user=0.79 sys=0.01, real=0.14 secs] 
6300.047: [GC (Allocation Failure) [PSYoungGen: 328354K->129168K(477184K)] 1296419K->1153894K(1875456K), 0.1259214 secs] [Times: user=0.74 sys=0.00, real=0.12 secs] 
6301.529: [GC (Allocation Failure) [PSYoungGen: 395920K->85328K(483840K)] 1420646K->1230750K(1882112K), 0.0587579 secs] [Times: user=0.35 sys=0.00, real=0.06 secs] 
6302.596: [GC (Allocation Failure) [PSYoungGen: 367440K->130656K(484352K)] 1512862K->1359082K(1882624K), 0.0504079 secs] [Times: user=0.30 sys=0.00, real=0.05 secs] 
6304.699: [GC (Allocation Failure) [PSYoungGen: 412768K->100224K(485888K)] 1641194K->1450086K(1884160K), 0.0633920 secs] [Times: user=0.36 sys=0.01, real=0.06 secs] 
6304.763: [Full GC (Ergonomics) [PSYoungGen: 100224K->0K(485888K)] [ParOldGen: 1349862K->16130K(1398272K)] 1450086K->16130K(1884160K), [Metaspace: 59695K->59695K(1105920K)], 0.0279319 secs] [Times: user=0.07 sys=0.00, real=0.03 secs] 
6305.659: [GC (Allocation Failure) [PSYoungGen: 296448K->126880K(490496K)] 312578K->143010K(1888768K), 0.0356454 secs] [Times: user=0.21 sys=0.00, real=0.03 secs] 
6307.581: [GC (Allocation Failure) [PSYoungGen: 423328K->120576K(493056K)] 439458K->254090K(1891328K), 0.0642275 secs] [Times: user=0.37 sys=0.01, real=0.06 secs] 
6310.908: [GC (Allocation Failure) [PSYoungGen: 434432K->117568K(499712K)] 567946K->371235K(1897984K), 0.0804733 secs] [Times: user=0.47 sys=0.00, real=0.08 secs] 
6312.144: [GC (Allocation Failure) [PSYoungGen: 431424K->130432K(509952K)] 685091K->491002K(1908224K), 0.0627125 secs] [Times: user=0.37 sys=0.00, real=0.07 secs] 
6314.596: [GC (Allocation Failure) [PSYoungGen: 463232K->124000K(512000K)] 823802K->614938K(1910272K), 0.0754883 secs] [Times: user=0.44 sys=0.00, real=0.08 secs] 
6315.815: [GC (Allocation Failure) [PSYoungGen: 456800K->1216K(495104K)] 947738K->492262K(1893376K), 0.0018949 secs] [Times: user=0.01 sys=0.00, real=0.01 secs] 
6317.184: [GC (Allocation Failure) [PSYoungGen: 320192K->134112K(453120K)] 811238K->625787K(1851392K), 0.0376041 secs] [Times: user=0.22 sys=0.00, real=0.04 secs] 
6318.974: [GC (Allocation Failure) [PSYoungGen: 453088K->2560K(487424K)] 944763K->494331K(1885696K), 0.0019670 secs] [Times: user=0.01 sys=0.00, real=0.00 secs] 
6320.755: [GC (Allocation Failure) [PSYoungGen: 297984K->128256K(423936K)] 789755K->621239K(1822208K), 0.0371742 secs] [Times: user=0.21 sys=0.00, real=0.04 secs] 
6322.400: [GC (Allocation Failure) [PSYoungGen: 423680K->119520K(499712K)] 916663K->731327K(1897984K), 0.0627457 secs] [Times: user=0.37 sys=0.00, real=0.06 secs] 
6325.076: [GC (Allocation Failure) [PSYoungGen: 416480K->112896K(410112K)] 1028287K->843299K(1808384K), 0.0783540 secs] [Times: user=0.47 sys=0.00, real=0.08 secs] 
6326.905: [GC (Allocation Failure) [PSYoungGen: 409856K->135776K(487424K)] 1140259K->968276K(1885696K), 0.0618130 secs] [Times: user=0.37 sys=0.00, real=0.06 secs] 
6329.628: [GC (Allocation Failure) [PSYoungGen: 426966K->93136K(490496K)] 1259467K->1060949K(1888768K), 0.0996396 secs] [Times: user=0.59 sys=0.00, real=0.10 secs] 
6329.921: [GC (Allocation Failure) [PSYoungGen: 387024K->140352K(494592K)] 1354837K->1195297K(1892864K), 0.0558470 secs] [Times: user=0.33 sys=0.00, real=0.05 secs] 
6333.367: [GC (Allocation Failure) [PSYoungGen: 444992K->89280K(498688K)] 1499937K->1283561K(1896960K), 0.1098626 secs] [Times: user=0.65 sys=0.00, real=0.10 secs] 
6333.477: [Full GC (Ergonomics) [PSYoungGen: 89280K->0K(498688K)] [ParOldGen: 1194281K->92237K(1398272K)] 1283561K->92237K(1896960K), [Metaspace: 59695K->59695K(1105920K)], 0.2305078 secs] [Times: user=1.07 sys=0.00, real=0.24 secs] 
6333.900: [GC (Allocation Failure) [PSYoungGen: 304640K->147840K(495616K)] 396877K->240077K(1893888K), 0.0325689 secs] [Times: user=0.19 sys=0.00, real=0.03 secs] 
6338.243: [GC (Allocation Failure) [PSYoungGen: 454528K->84544K(502784K)] 546765K->324394K(1901056K), 0.1386835 secs] [Times: user=0.82 sys=0.01, real=0.14 secs] 
6338.625: [GC (Allocation Failure) [PSYoungGen: 391232K->149696K(492544K)] 631082K->467977K(1890816K), 0.0542326 secs] [Times: user=0.31 sys=0.00, real=0.06 secs] 
6341.679: [GC (Allocation Failure) [PSYoungGen: 450240K->86208K(499712K)] 768521K->554041K(1897984K), 0.1533503 secs] [Times: user=0.90 sys=0.00, real=0.15 secs] 
6342.249: [GC (Allocation Failure) [PSYoungGen: 386752K->146208K(494592K)] 854585K->693578K(1892864K), 0.0520251 secs] [Times: user=0.30 sys=0.00, real=0.05 secs] 
6344.613: [GC (Allocation Failure) [PSYoungGen: 445728K->90544K(499200K)] 993098K->783827K(1897472K), 0.1196277 secs] [Times: user=0.71 sys=0.00, real=0.12 secs] 
6346.447: [GC (Allocation Failure) [PSYoungGen: 390064K->138064K(497664K)] 1083347K->918608K(1895936K), 0.1246015 secs] [Times: user=0.74 sys=0.00, real=0.13 secs] 
6348.732: [GC (Allocation Failure) [PSYoungGen: 440656K->98496K(401408K)] 1221200K->1008639K(1799680K), 0.0736940 secs] [Times: user=0.44 sys=0.01, real=0.07 secs] 
6350.926: [GC (Allocation Failure) [PSYoungGen: 401088K->138560K(496128K)] 1311231K->1143784K(1894400K), 0.0852949 secs] [Times: user=0.50 sys=0.00, real=0.09 secs] 
6352.748: [GC (Allocation Failure) [PSYoungGen: 443712K->103104K(498176K)] 1448936K->1238268K(1896448K), 0.0639805 secs] [Times: user=0.38 sys=0.00, real=0.06 secs] 
6354.562: [GC (Allocation Failure) [PSYoungGen: 408256K->137952K(500736K)] 1543420K->1373625K(1899008K), 0.0516795 secs] [Times: user=0.30 sys=0.01, real=0.05 secs] 
6354.614: [Full GC (Ergonomics) [PSYoungGen: 137952K->0K(500736K)] [ParOldGen: 1235673K->173620K(1398272K)] 1373625K->173620K(1899008K), [Metaspace: 59695K->59695K(1105920K)], 0.4194947 secs] [Times: user=1.94 sys=0.00, real=0.42 secs] 
6356.612: [GC (Allocation Failure) [PSYoungGen: 313344K->109168K(502272K)] 486964K->282789K(1900544K), 0.0353040 secs] [Times: user=0.21 sys=0.00, real=0.04 secs] 
6357.705: [GC (Allocation Failure) [PSYoungGen: 422512K->144464K(501248K)] 596133K->423642K(1899520K), 0.0534342 secs] [Times: user=0.31 sys=0.01, real=0.06 secs] 
6358.868: [GC (Allocation Failure) [PSYoungGen: 462928K->109280K(505344K)] 742106K->523593K(1903616K), 0.0646934 secs] [Times: user=0.38 sys=0.00, real=0.06 secs] 
6360.916: [GC (Allocation Failure) [PSYoungGen: 427744K->147152K(506880K)] 842057K->668235K(1905152K), 0.0539776 secs] [Times: user=0.31 sys=0.00, real=0.06 secs] 
6362.170: [GC (Allocation Failure) [PSYoungGen: 472272K->110240K(510976K)] 993355K->769406K(1909248K), 0.0655925 secs] [Times: user=0.39 sys=0.00, real=0.06 secs] 
6365.145: [GC (Allocation Failure) [PSYoungGen: 435360K->151328K(506368K)] 1094526K->916611K(1904640K), 0.0545724 secs] [Times: user=0.33 sys=0.00, real=0.06 secs] 
6366.493: [GC (GCLocker Initiated GC) [PSYoungGen: 476448K->110864K(512000K)] 1241731K->1018428K(1910272K), 0.0679825 secs] [Times: user=0.40 sys=0.00, real=0.07 secs] 
6368.413: [GC (Allocation Failure) [PSYoungGen: 435984K->142576K(512000K)] 1359935K->1173731K(1910272K), 0.2550207 secs] [Times: user=1.53 sys=0.00, real=0.26 secs] 
6371.118: [GC (Allocation Failure) [PSYoungGen: 471792K->101152K(513536K)] 1502947K->1274331K(1911808K), 0.4421772 secs] [Times: user=2.65 sys=0.00, real=0.44 secs] 
6372.017: [GC (Allocation Failure) [PSYoungGen: 430368K->157184K(502272K)] 1603547K->1425218K(1900544K), 0.0852697 secs] [Times: user=0.50 sys=0.00, real=0.09 secs] 
6372.102: [Full GC (Ergonomics) [PSYoungGen: 157184K->0K(502272K)] [ParOldGen: 1268034K->222646K(1398272K)] 1425218K->222646K(1900544K), [Metaspace: 59695K->59695K(1105920K)], 0.5399597 secs] [Times: user=2.55 sys=0.00, real=0.54 secs] 
6374.684: [GC (Allocation Failure) [PSYoungGen: 320000K->98432K(509440K)] 542646K->321078K(1907712K), 0.0902855 secs] [Times: user=0.53 sys=0.00, real=0.09 secs] 
6375.732: [GC (Allocation Failure) [PSYoungGen: 418432K->151424K(503296K)] 641078K->466287K(1901568K), 0.1462241 secs] [Times: user=0.87 sys=0.00, real=0.15 secs] 
6379.238: [GC (Allocation Failure) [PSYoungGen: 467328K->94592K(507392K)] 782191K->560175K(1905664K), 0.1531048 secs] [Times: user=0.92 sys=0.00, real=0.15 secs] 
6379.626: [GC (Allocation Failure) [PSYoungGen: 410496K->150144K(501248K)] 876079K->703980K(1899520K), 0.0572880 secs] [Times: user=0.33 sys=0.01, real=0.06 secs] 
6383.536: [GC (Allocation Failure) [PSYoungGen: 460928K->90704K(504832K)] 1014764K->794069K(1903104K), 0.1575774 secs] [Times: user=0.94 sys=0.00, real=0.16 secs] 
6383.933: [GC (Allocation Failure) [PSYoungGen: 401488K->150368K(499712K)] 1104853K->938165K(1897984K), 0.0561293 secs] [Times: user=0.33 sys=0.00, real=0.06 secs] 
6389.524: [GC (Allocation Failure) [PSYoungGen: 457056K->86624K(502784K)] 1244853K->1024213K(1901056K), 0.1740821 secs] [Times: user=1.04 sys=0.00, real=0.18 secs] 
6390.024: [GC (Allocation Failure) [PSYoungGen: 393312K->147104K(498176K)] 1330901K->1164846K(1896448K), 0.0541979 secs] [Times: user=0.32 sys=0.01, real=0.06 secs] 
6393.533: [GC (Allocation Failure) [PSYoungGen: 449696K->89536K(500736K)] 1467438K->1253830K(1899008K), 0.1681930 secs] [Times: user=1.00 sys=0.01, real=0.17 secs] 
6394.834: [GC (Allocation Failure) [PSYoungGen: 385368K->139584K(500224K)] 1549662K->1389494K(1898496K), 0.1130199 secs] [Times: user=0.67 sys=0.00, real=0.12 secs] 
6394.947: [Full GC (Ergonomics) [PSYoungGen: 139584K->0K(500224K)] [ParOldGen: 1249910K->196098K(1398272K)] 1389494K->196098K(1898496K), [Metaspace: 59695K->59695K(1105920K)], 0.5288265 secs] [Times: user=2.53 sys=0.00, real=0.52 secs] 
6396.509: [GC (Allocation Failure) [PSYoungGen: 304640K->104784K(409600K)] 500738K->300883K(1807872K), 0.0308938 secs] [Times: user=0.19 sys=0.00, real=0.03 secs] 
6398.127: [GC (Allocation Failure) [PSYoungGen: 409424K->141184K(498176K)] 605523K->436731K(1896448K), 0.0495667 secs] [Times: user=0.28 sys=0.00, real=0.04 secs] 
6401.943: [GC (Allocation Failure) [PSYoungGen: 447872K->97248K(498688K)] 743419K->525359K(1896960K), 0.0615136 secs] [Times: user=0.37 sys=0.00, real=0.06 secs] 
6404.908: [GC (Allocation Failure) [PSYoungGen: 403936K->141984K(503808K)] 832047K->664184K(1902080K), 0.0486344 secs] [Times: user=0.29 sys=0.00, real=0.04 secs] 
6406.533: [GC (Allocation Failure) [PSYoungGen: 456352K->106592K(504832K)] 978552K->762012K(1903104K), 0.0647958 secs] [Times: user=0.38 sys=0.00, real=0.07 secs] 
6409.772: [GC (Allocation Failure) [PSYoungGen: 420960K->143072K(503296K)] 1076380K->902425K(1901568K), 0.0523298 secs] [Times: user=0.31 sys=0.00, real=0.05 secs] 
6411.237: [GC (Allocation Failure) [PSYoungGen: 460000K->107856K(505344K)] 1219353K->1001217K(1903616K), 0.0639096 secs] [Times: user=0.37 sys=0.00, real=0.06 secs] 
6413.475: [GC (Allocation Failure) [PSYoungGen: 424784K->144064K(506368K)] 1318145K->1142942K(1904640K), 0.0537804 secs] [Times: user=0.31 sys=0.01, real=0.06 secs] 
6414.628: [GC (Allocation Failure) [PSYoungGen: 466112K->110064K(508416K)] 1464990K->1243482K(1906688K), 0.0656574 secs] [Times: user=0.39 sys=0.00, real=0.06 secs] 
6415.948: [GC (Allocation Failure) [PSYoungGen: 432112K->151104K(505344K)] 1565530K->1391030K(1903616K), 0.0547831 secs] [Times: user=0.33 sys=0.00, real=0.05 secs] 
6416.003: [Full GC (Ergonomics) [PSYoungGen: 151104K->0K(505344K)] [ParOldGen: 1239926K->189924K(1398272K)] 1391030K->189924K(1903616K), [Metaspace: 59697K->59697K(1105920K)], 0.4682189 secs] [Times: user=2.20 sys=0.00, real=0.47 secs] 
6419.004: [GC (Allocation Failure) [PSYoungGen: 323072K->105616K(510464K)] 512996K->295541K(1908736K), 0.0321564 secs] [Times: user=0.18 sys=0.00, real=0.03 secs] 
6421.842: [GC (Allocation Failure) [PSYoungGen: 428688K->148256K(508416K)] 618613K->440490K(1906688K), 0.0539377 secs] [Times: user=0.32 sys=0.00, real=0.05 secs] 
6424.715: [GC (Allocation Failure) [PSYoungGen: 472352K->107328K(511488K)] 764586K->539178K(1909760K), 0.1212984 secs] [Times: user=0.72 sys=0.00, real=0.12 secs] 
6425.892: [GC (Allocation Failure) [PSYoungGen: 423124K->146960K(508928K)] 854975K->682688K(1907200K), 0.0517777 secs] [Times: user=0.30 sys=0.00, real=0.05 secs] 
6428.705: [GC (Allocation Failure) [PSYoungGen: 471568K->107200K(511488K)] 1007296K->781095K(1909760K), 0.1644474 secs] [Times: user=0.95 sys=0.00, real=0.17 secs] 
6430.322: [GC (Allocation Failure) [PSYoungGen: 417152K->145088K(510464K)] 1091047K->921804K(1908736K), 0.1326151 secs] [Times: user=0.79 sys=0.00, real=0.13 secs] 
6433.634: [GC (Allocation Failure) [PSYoungGen: 471232K->105664K(512000K)] 1247948K->1018076K(1910272K), 0.1007978 secs] [Times: user=0.60 sys=0.00, real=0.10 secs] 
6435.198: [GC (Allocation Failure) [PSYoungGen: 416912K->145552K(509952K)] 1329324K->1159569K(1908224K), 0.0519861 secs] [Times: user=0.31 sys=0.00, real=0.05 secs] 
6437.846: [GC (Allocation Failure) [PSYoungGen: 472208K->105824K(512000K)] 1486225K->1256921K(1910272K), 0.1105615 secs] [Times: user=0.66 sys=0.00, real=0.11 secs] 
6439.715: [GC (Allocation Failure) [PSYoungGen: 432480K->153536K(506368K)] 1583577K->1406918K(1904640K), 0.0898813 secs] [Times: user=0.53 sys=0.00, real=0.09 secs] 
6439.805: [Full GC (Ergonomics) [PSYoungGen: 153536K->0K(506368K)] [ParOldGen: 1253382K->204470K(1398272K)] 1406918K->204470K(1904640K), [Metaspace: 59697K->59697K(1105920K)], 0.4998370 secs] [Times: user=2.36 sys=0.00, real=0.50 secs] 
6443.692: [GC (Allocation Failure) [PSYoungGen: 323072K->95440K(510976K)] 527542K->299911K(1909248K), 0.1755862 secs] [Times: user=1.05 sys=0.00, real=0.18 secs] 
6444.882: [GC (Allocation Failure) [PSYoungGen: 418512K->152752K(503296K)] 622983K->448736K(1901568K), 0.0545080 secs] [Times: user=0.32 sys=0.00, real=0.05 secs] 
6447.902: [GC (Allocation Failure) [PSYoungGen: 468656K->96160K(507392K)] 764640K->544232K(1905664K), 0.1630615 secs] [Times: user=0.97 sys=0.00, real=0.16 secs] 
6449.751: [GC (Allocation Failure) [PSYoungGen: 412064K->149456K(502272K)] 860136K->687453K(1900544K), 0.1213055 secs] [Times: user=0.70 sys=0.01, real=0.12 secs] 
6452.509: [GC (Allocation Failure) [PSYoungGen: 461264K->94880K(505344K)] 999261K->782116K(1903616K), 0.1609216 secs] [Times: user=0.95 sys=0.00, real=0.16 secs] 
6453.266: [GC (Allocation Failure) [PSYoungGen: 406688K->149824K(500736K)] 1093924K->926001K(1899008K), 0.0544666 secs] [Times: user=0.32 sys=0.00, real=0.06 secs] 
6456.139: [GC (Allocation Failure) [PSYoungGen: 456586K->90720K(503808K)] 1232764K->1015657K(1902080K), 0.1566685 secs] [Times: user=0.94 sys=0.00, real=0.15 secs] 
6457.551: [GC (Allocation Failure) [PSYoungGen: 390532K->138960K(500736K)] 1315470K->1150571K(1899008K), 0.1436762 secs] [Times: user=0.85 sys=0.00, real=0.14 secs] 
6459.459: [GC (Allocation Failure) [PSYoungGen: 448720K->103104K(502784K)] 1460331K->1244330K(1901056K), 0.0800793 secs] [Times: user=0.48 sys=0.00, real=0.08 secs] 
6461.075: [GC (Allocation Failure) [PSYoungGen: 412864K->145104K(503296K)] 1554090K->1385392K(1901568K), 0.0528713 secs] [Times: user=0.31 sys=0.00, real=0.06 secs] 
6461.128: [Full GC (Ergonomics) [PSYoungGen: 145104K->0K(503296K)] [ParOldGen: 1240287K->192858K(1398272K)] 1385392K->192858K(1901568K), [Metaspace: 59697K->59697K(1105920K)], 0.4716545 secs] [Times: user=2.21 sys=0.00, real=0.47 secs] 
6463.014: [GC (Allocation Failure) [PSYoungGen: 313344K->104752K(504832K)] 506202K->297610K(1903104K), 0.0314777 secs] [Times: user=0.19 sys=0.00, real=0.03 secs] 
6464.931: [GC (Allocation Failure) [PSYoungGen: 418096K->147680K(503296K)] 610954K->441135K(1901568K), 0.0508947 secs] [Times: user=0.30 sys=0.00, real=0.05 secs] 
6466.385: [GC (Allocation Failure) [PSYoungGen: 462560K->104320K(505856K)] 756015K->536299K(1904128K), 0.0652203 secs] [Times: user=0.39 sys=0.00, real=0.07 secs] 
6468.481: [GC (Allocation Failure) [PSYoungGen: 419200K->145056K(505856K)] 851179K->678255K(1904128K), 0.0505438 secs] [Times: user=0.29 sys=0.00, real=0.05 secs] 
6470.215: [GC (Allocation Failure) [PSYoungGen: 463008K->107072K(507392K)] 996207K->776843K(1905664K), 0.0652059 secs] [Times: user=0.38 sys=0.00, real=0.07 secs] 
6472.317: [GC (Allocation Failure) [PSYoungGen: 423898K->146512K(505856K)] 1093670K->919641K(1904128K), 0.0511488 secs] [Times: user=0.30 sys=0.00, real=0.05 secs] 
6474.312: [GC (Allocation Failure) [PSYoungGen: 466000K->106528K(507904K)] 1239129K->1017720K(1906176K), 0.0693385 secs] [Times: user=0.41 sys=0.00, real=0.07 secs] 
6475.988: [GC (Allocation Failure) [PSYoungGen: 422626K->145424K(507392K)] 1333819K->1158966K(1905664K), 0.0514868 secs] [Times: user=0.31 sys=0.00, real=0.05 secs] 
6478.364: [GC (Allocation Failure) [PSYoungGen: 467472K->107552K(509440K)] 1481014K->1257157K(1907712K), 0.0795476 secs] [Times: user=0.47 sys=0.01, real=0.08 secs] 
6479.912: [GC (Allocation Failure) [PSYoungGen: 421171K->144480K(508928K)] 1570777K->1397562K(1907200K), 0.0518616 secs] [Times: user=0.30 sys=0.00, real=0.05 secs] 
6479.964: [Full GC (Ergonomics) [PSYoungGen: 144480K->0K(508928K)] [ParOldGen: 1253082K->196862K(1398272K)] 1397562K->196862K(1907200K), [Metaspace: 59697K->59697K(1105920K)], 0.4878809 secs] [Times: user=2.25 sys=0.00, real=0.49 secs] 
6483.123: [GC (Allocation Failure) [PSYoungGen: 324608K->105760K(510464K)] 521470K->302622K(1908736K), 0.0621825 secs] [Times: user=0.37 sys=0.00, real=0.06 secs] 
6484.752: [GC (Allocation Failure) [PSYoungGen: 421561K->145568K(509952K)] 618423K->444450K(1908224K), 0.0502561 secs] [Times: user=0.30 sys=0.00, real=0.05 secs] 
6488.393: [GC (Allocation Failure) [PSYoungGen: 472224K->108160K(512000K)] 771106K->543522K(1910272K), 0.1582130 secs] [Times: user=0.94 sys=0.00, real=0.16 secs] 
6489.792: [GC (Allocation Failure) [PSYoungGen: 434816K->154528K(505856K)] 870178K->693807K(1904128K), 0.0640137 secs] [Times: user=0.38 sys=0.00, real=0.06 secs] 
6493.370: [GC (Allocation Failure) [PSYoungGen: 477600K->96416K(510976K)] 1016879K->790015K(1909248K), 0.1605539 secs] [Times: user=0.95 sys=0.00, real=0.16 secs] 
6494.565: [GC (Allocation Failure) [PSYoungGen: 419488K->155472K(501248K)] 1113087K->939214K(1899520K), 0.0563445 secs] [Times: user=0.33 sys=0.00, real=0.06 secs] 
6496.573: [GC (GCLocker Initiated GC) [PSYoungGen: 469328K->96816K(506368K)] 1253071K->1035223K(1904640K), 0.1724202 secs] [Times: user=1.03 sys=0.00, real=0.17 secs] 
6497.521: [GC (Allocation Failure) [PSYoungGen: 410672K->149344K(502272K)] 1349081K->1178536K(1900544K), 0.0914683 secs] [Times: user=0.54 sys=0.00, real=0.09 secs] 
6499.526: [GC (Allocation Failure) [PSYoungGen: 460128K->96096K(504832K)] 1489320K->1273700K(1903104K), 0.1745557 secs] [Times: user=1.04 sys=0.00, real=0.18 secs] 
6500.270: [GC (Allocation Failure) [PSYoungGen: 406880K->148672K(502272K)] 1584484K->1417085K(1900544K), 0.0741077 secs] [Times: user=0.44 sys=0.00, real=0.07 secs] 
6500.344: [Full GC (Ergonomics) [PSYoungGen: 148672K->0K(502272K)] [ParOldGen: 1268413K->214475K(1398272K)] 1417085K->214475K(1900544K), [Metaspace: 59697K->59697K(1105920K)], 0.5137921 secs] [Times: user=2.40 sys=0.00, real=0.52 secs] 
6503.916: [GC (Allocation Failure) [PSYoungGen: 309760K->89760K(504320K)] 524235K->304235K(1902592K), 0.1525188 secs] [Times: user=0.91 sys=0.00, real=0.16 secs] 
6504.367: [GC (Allocation Failure) [PSYoungGen: 399520K->151008K(497664K)] 613995K->449380K(1895936K), 0.0528299 secs] [Times: user=0.32 sys=0.00, real=0.05 secs] 
6508.058: [GC (GCLocker Initiated GC) [PSYoungGen: 454624K->85728K(501248K)] 752996K->534788K(1899520K), 0.1459232 secs] [Times: user=0.86 sys=0.00, real=0.14 secs] 
6509.137: [GC (Allocation Failure) [PSYoungGen: 389344K->135520K(495616K)] 854791K->682015K(1893888K), 0.2360583 secs] [Times: user=1.42 sys=0.00, real=0.23 secs] 
6511.330: [GC (Allocation Failure) [PSYoungGen: 439648K->88848K(498688K)] 986143K->770471K(1896960K), 0.3023069 secs] [Times: user=1.80 sys=0.00, real=0.30 secs] 
6513.231: [GC (Allocation Failure) [PSYoungGen: 392976K->141984K(503296K)] 1074599K->908595K(1901568K), 0.0497280 secs] [Times: user=0.29 sys=0.00, real=0.05 secs] 
6516.377: [GC (Allocation Failure) [PSYoungGen: 451744K->99536K(409600K)] 1218355K->999000K(1807872K), 0.0909716 secs] [Times: user=0.54 sys=0.00, real=0.09 secs] 
6518.603: [GC (Allocation Failure) [PSYoungGen: 409296K->145984K(499200K)] 1308760K->1140776K(1897472K), 0.0508611 secs] [Times: user=0.30 sys=0.00, real=0.05 secs] 
6520.703: [GC (Allocation Failure) [PSYoungGen: 454208K->101824K(501760K)] 1449000K->1233816K(1900032K), 0.0983915 secs] [Times: user=0.58 sys=0.01, real=0.10 secs] 
6522.514: [GC (Allocation Failure) [PSYoungGen: 410048K->142304K(503296K)] 1542040K->1372561K(1901568K), 0.0525956 secs] [Times: user=0.31 sys=0.00, real=0.06 secs] 
6522.567: [Full GC (Ergonomics) [PSYoungGen: 142304K->0K(503296K)] [ParOldGen: 1230257K->180089K(1398272K)] 1372561K->180089K(1901568K), [Metaspace: 59697K->59697K(1105920K)], 0.4466774 secs] [Times: user=2.09 sys=0.00, real=0.44 secs] 
6524.810: [GC (Allocation Failure) [PSYoungGen: 313344K->105904K(504320K)] 493433K->285994K(1902592K), 0.0337629 secs] [Times: user=0.20 sys=0.00, real=0.03 secs] 
6525.978: [GC (Allocation Failure) [PSYoungGen: 419248K->144864K(502272K)] 599338K->428779K(1900544K), 0.0529558 secs] [Times: user=0.31 sys=0.00, real=0.05 secs] 
6528.238: [GC (Allocation Failure) [PSYoungGen: 460256K->107392K(504832K)] 744171K->526851K(1903104K), 0.0650616 secs] [Times: user=0.38 sys=0.00, real=0.06 secs] 
6530.194: [GC (Allocation Failure) [PSYoungGen: 422784K->154176K(502272K)] 842243K->677504K(1900544K), 0.0528310 secs] [Times: user=0.31 sys=0.00, real=0.06 secs] 
6531.351: [GC (Allocation Failure) [PSYoungGen: 471104K->105952K(507904K)] 994432K->765728K(1906176K), 0.0638150 secs] [Times: user=0.38 sys=0.00, real=0.06 secs] 
6533.972: [GC (Allocation Failure) [PSYoungGen: 422880K->146144K(506880K)] 1082656K->908493K(1905152K), 0.0525652 secs] [Times: user=0.31 sys=0.00, real=0.05 secs] 
6536.121: [GC (Allocation Failure) [PSYoungGen: 465120K->108176K(427520K)] 1227469K->1007026K(1825792K), 0.0649374 secs] [Times: user=0.39 sys=0.00, real=0.06 secs] 
6538.068: [GC (Allocation Failure) [PSYoungGen: 427152K->146496K(505344K)] 1326002K->1150286K(1903616K), 0.0535922 secs] [Times: user=0.31 sys=0.01, real=0.05 secs] 
6539.238: [GC (Allocation Failure) [PSYoungGen: 465472K->110160K(507392K)] 1469262K->1251262K(1905664K), 0.0658736 secs] [Times: user=0.39 sys=0.00, real=0.06 secs] 
6541.165: [GC (GCLocker Initiated GC) [PSYoungGen: 429136K->147104K(506368K)] 1570239K->1394734K(1904640K), 0.0537577 secs] [Times: user=0.32 sys=0.00, real=0.06 secs] 
6541.218: [Full GC (Ergonomics) [PSYoungGen: 147104K->0K(506368K)] [ParOldGen: 1247630K->193446K(1398272K)] 1394734K->193446K(1904640K), [Metaspace: 59697K->59697K(1105920K)], 0.4778212 secs] [Times: user=2.23 sys=0.00, real=0.47 secs] 
6543.570: [GC (Allocation Failure) [PSYoungGen: 321536K->103248K(508928K)] 514984K->296697K(1907200K), 0.0532755 secs] [Times: user=0.30 sys=0.00, real=0.05 secs] 
6544.953: [GC (Allocation Failure) [PSYoungGen: 424784K->151440K(505344K)] 618233K->443710K(1903616K), 0.0510566 secs] [Times: user=0.30 sys=0.00, real=0.05 secs] 
6546.701: [GC (Allocation Failure) [PSYoungGen: 471440K->105984K(509440K)] 763710K->540469K(1907712K), 0.0695257 secs] [Times: user=0.41 sys=0.00, real=0.07 secs] 
6548.603: [GC (Allocation Failure) [PSYoungGen: 422479K->145184K(509440K)] 856965K->681626K(1907712K), 0.0504622 secs] [Times: user=0.30 sys=0.00, real=0.05 secs] 
6550.654: [GC (Allocation Failure) [PSYoungGen: 467744K->109984K(432640K)] 1004186K->782610K(1830912K), 0.1696707 secs] [Times: user=1.01 sys=0.01, real=0.17 secs] 
6551.922: [GC (Allocation Failure) [PSYoungGen: 432544K->151984K(504832K)] 1105170K->930012K(1903104K), 0.0529226 secs] [Times: user=0.31 sys=0.00, real=0.05 secs] 
6555.105: [GC (Allocation Failure) [PSYoungGen: 470695K->94704K(508928K)] 1248722K->1024092K(1907200K), 0.1350962 secs] [Times: user=0.81 sys=0.00, real=0.14 secs] 
6556.063: [GC (Allocation Failure) [PSYoungGen: 414704K->149536K(504320K)] 1344092K->1169224K(1902592K), 0.0554457 secs] [Times: user=0.33 sys=0.00, real=0.06 secs] 
6558.448: [GC (Allocation Failure) [PSYoungGen: 465440K->97776K(507392K)] 1485128K->1266225K(1905664K), 0.1321207 secs] [Times: user=0.78 sys=0.00, real=0.13 secs] 
6558.987: [GC (Allocation Failure) [PSYoungGen: 413680K->153248K(500736K)] 1582129K->1414033K(1899008K), 0.0684726 secs] [Times: user=0.40 sys=0.00, real=0.07 secs] 
6559.055: [Full GC (Ergonomics) [PSYoungGen: 153248K->0K(500736K)] [ParOldGen: 1260785K->213469K(1398272K)] 1414033K->213469K(1899008K), [Metaspace: 59697K->59697K(1105920K)], 0.5094631 secs] [Times: user=2.38 sys=0.00, real=0.51 secs] 
6563.185: [GC (Allocation Failure) [PSYoungGen: 307678K->86768K(504832K)] 521148K->300238K(1903104K), 0.1384829 secs] [Times: user=0.82 sys=0.00, real=0.14 secs] 
6563.971: [GC (Allocation Failure) [PSYoungGen: 381804K->138464K(502784K)] 595274K->434778K(1901056K), 0.0471473 secs] [Times: user=0.28 sys=0.00, real=0.05 secs] 
6567.475: [GC (Allocation Failure) [PSYoungGen: 449248K->97584K(503808K)] 745562K->523498K(1902080K), 0.1095346 secs] [Times: user=0.65 sys=0.01, real=0.11 secs] 
6569.923: [GC (GCLocker Initiated GC) [PSYoungGen: 408368K->147248K(501760K)] 834283K->666391K(1900032K), 0.0483241 secs] [Times: user=0.28 sys=0.00, real=0.05 secs] 
6571.721: [GC (Allocation Failure) [PSYoungGen: 458544K->105136K(504320K)] 977690K->762586K(1902592K), 0.0652957 secs] [Times: user=0.39 sys=0.00, real=0.06 secs] 
6573.361: [GC (Allocation Failure) [PSYoungGen: 416432K->145184K(502784K)] 1073882K->904078K(1901056K), 0.0517940 secs] [Times: user=0.29 sys=0.01, real=0.05 secs] 
6576.820: [GC (Allocation Failure) [PSYoungGen: 458528K->100656K(504832K)] 1217422K->995759K(1903104K), 0.1248506 secs] [Times: user=0.74 sys=0.00, real=0.12 secs] 
6578.501: [GC (Allocation Failure) [PSYoungGen: 414000K->147744K(504320K)] 1309103K->1139999K(1902592K), 0.0512604 secs] [Times: user=0.30 sys=0.00, real=0.05 secs] 
6580.699: [GC (Allocation Failure) [PSYoungGen: 463136K->105888K(421376K)] 1455391K->1237479K(1819648K), 0.0651745 secs] [Times: user=0.38 sys=0.00, real=0.06 secs] 
6582.418: [GC (Allocation Failure) [PSYoungGen: 421280K->147040K(503808K)] 1552871K->1381232K(1902080K), 0.0517734 secs] [Times: user=0.31 sys=0.00, real=0.05 secs] 
6582.469: [Full GC (Ergonomics) [PSYoungGen: 147040K->0K(503808K)] [ParOldGen: 1234192K->187003K(1398272K)] 1381232K->187003K(1902080K), [Metaspace: 59698K->59698K(1105920K)], 0.4677700 secs] [Times: user=2.16 sys=0.00, real=0.47 secs] 
6584.627: [GC (Allocation Failure) [PSYoungGen: 315904K->103600K(506368K)] 502907K->290604K(1904640K), 0.0967829 secs] [Times: user=0.56 sys=0.01, real=0.09 secs] 
6586.561: [GC (Allocation Failure) [PSYoungGen: 419504K->147280K(505856K)] 606508K->433766K(1904128K), 0.0511052 secs] [Times: user=0.30 sys=0.00, real=0.05 secs] 
6588.937: [GC (Allocation Failure) [PSYoungGen: 465232K->109184K(427520K)] 751718K->533905K(1825792K), 0.1552725 secs] [Times: user=0.93 sys=0.00, real=0.16 secs] 
6591.822: [GC (Allocation Failure) [PSYoungGen: 427136K->145968K(504832K)] 851857K->673895K(1903104K), 0.0519714 secs] [Times: user=0.31 sys=0.00, real=0.05 secs] 
6593.030: [GC (Allocation Failure) [PSYoungGen: 464432K->108224K(506880K)] 992359K->773106K(1905152K), 0.0950078 secs] [Times: user=0.53 sys=0.00, real=0.09 secs] 
6595.188: [GC (Allocation Failure) [PSYoungGen: 426688K->149888K(505856K)] 1091570K->918975K(1904128K), 0.0524039 secs] [Times: user=0.31 sys=0.00, real=0.05 secs] 
6596.775: [GC (Allocation Failure) [PSYoungGen: 470400K->106704K(509440K)] 1239487K->1016604K(1907712K), 0.0659037 secs] [Times: user=0.40 sys=0.00, real=0.07 secs] 
6598.535: [GC (Allocation Failure) [PSYoungGen: 423567K->146224K(508416K)] 1333467K->1159452K(1906688K), 0.0518176 secs] [Times: user=0.31 sys=0.00, real=0.05 secs] 
6600.987: [GC (Allocation Failure) [PSYoungGen: 468784K->106080K(510464K)] 1482012K->1256524K(1908736K), 0.0695843 secs] [Times: user=0.42 sys=0.00, real=0.07 secs] 
6603.237: [GC (Allocation Failure) [PSYoungGen: 421938K->144608K(509440K)] 1572382K->1397673K(1907712K), 0.0509690 secs] [Times: user=0.31 sys=0.00, real=0.05 secs] 
6603.288: [Full GC (Ergonomics) [PSYoungGen: 144608K->0K(509440K)] [ParOldGen: 1253065K->196013K(1398272K)] 1397673K->196013K(1907712K), [Metaspace: 59698K->59698K(1105920K)], 0.4892772 secs] [Times: user=2.21 sys=0.00, real=0.49 secs] 
6605.598: [GC (Allocation Failure) [PSYoungGen: 324096K->109792K(510464K)] 520109K->305805K(1908736K), 0.0981907 secs] [Times: user=0.58 sys=0.00, real=0.09 secs] 
6606.658: [GC (Allocation Failure) [PSYoungGen: 433888K->150848K(506368K)] 629901K->452702K(1904640K), 0.0623691 secs] [Times: user=0.37 sys=0.00, real=0.06 secs] 
6609.721: [GC (Allocation Failure) [PSYoungGen: 473920K->95984K(510464K)] 775774K->547767K(1908736K), 0.1786333 secs] [Times: user=1.06 sys=0.01, real=0.18 secs] 
6610.810: [GC (Allocation Failure) [PSYoungGen: 419056K->153728K(502784K)] 870839K->696948K(1901056K), 0.0561879 secs] [Times: user=0.34 sys=0.00, real=0.05 secs] 
6612.485: [GC (Allocation Failure) [PSYoungGen: 469632K->97088K(507392K)] 1012852K->793744K(1905664K), 0.1407373 secs] [Times: user=0.84 sys=0.00, real=0.14 secs] 
6613.521: [GC (Allocation Failure) [PSYoungGen: 412992K->150448K(502784K)] 1109648K->938517K(1901056K), 0.0589657 secs] [Times: user=0.35 sys=0.00, real=0.06 secs] 
6616.983: [GC (Allocation Failure) [PSYoungGen: 463280K->96224K(505856K)] 1251349K->1034161K(1904128K), 0.1420177 secs] [Times: user=0.85 sys=0.00, real=0.14 secs] 
6617.695: [GC (Allocation Failure) [PSYoungGen: 409056K->149856K(501760K)] 1346993K->1173593K(1900032K), 0.0535062 secs] [Times: user=0.32 sys=0.00, real=0.06 secs] 
6621.231: [GC (Allocation Failure) [PSYoungGen: 459616K->93488K(504320K)] 1483353K->1266778K(1902592K), 0.1710185 secs] [Times: user=1.02 sys=0.00, real=0.17 secs] 
6622.197: [GC (Allocation Failure) [PSYoungGen: 403248K->147504K(501248K)] 1576538K->1408275K(1899520K), 0.0561874 secs] [Times: user=0.32 sys=0.01, real=0.05 secs] 
6622.253: [Full GC (Ergonomics) [PSYoungGen: 147504K->0K(501248K)] [ParOldGen: 1260770K->206687K(1398272K)] 1408275K->206687K(1899520K), [Metaspace: 59698K->59698K(1105920K)], 0.4840110 secs] [Times: user=2.26 sys=0.00, real=0.49 secs] 
6626.551: [GC (Allocation Failure) [PSYoungGen: 307712K->91616K(503296K)] 514399K->298303K(1901568K), 0.1729632 secs] [Times: user=1.03 sys=0.00, real=0.17 secs] 
6628.256: [GC (Allocation Failure) [PSYoungGen: 399328K->139552K(500224K)] 606015K->434488K(1898496K), 0.1283683 secs] [Times: user=0.76 sys=0.00, real=0.13 secs] 
6631.236: [GC (Allocation Failure) [PSYoungGen: 448288K->100896K(502272K)] 743224K->526792K(1900544K), 0.0847625 secs] [Times: user=0.50 sys=0.00, real=0.09 secs] 
6633.943: [GC (Allocation Failure) [PSYoungGen: 409632K->141888K(503808K)] 835528K->664873K(1902080K), 0.0487269 secs] [Times: user=0.28 sys=0.01, real=0.05 secs] 
6635.089: [GC (Allocation Failure) [PSYoungGen: 455232K->106816K(504320K)] 978217K->762621K(1902592K), 0.0645834 secs] [Times: user=0.38 sys=0.00, real=0.06 secs] 
6637.545: [GC (Allocation Failure) [PSYoungGen: 420160K->144992K(502784K)] 1075965K->904218K(1901056K), 0.0522550 secs] [Times: user=0.31 sys=0.00, real=0.06 secs] 
6638.686: [GC (Allocation Failure) [PSYoungGen: 460384K->104672K(504832K)] 1219610K->999958K(1903104K), 0.0647032 secs] [Times: user=0.39 sys=0.01, real=0.07 secs] 
6640.203: [GC (Allocation Failure) [PSYoungGen: 420064K->147904K(505344K)] 1315350K->1144818K(1903616K), 0.0547653 secs] [Times: user=0.33 sys=0.00, real=0.06 secs] 
6642.393: [GC (Allocation Failure) [PSYoungGen: 466880K->109328K(508416K)] 1463794K->1245371K(1906688K), 0.0712916 secs] [Times: user=0.42 sys=0.00, real=0.07 secs] 
6643.884: [GC (Allocation Failure) [PSYoungGen: 428304K->146144K(505856K)] 1564347K->1387831K(1904128K), 0.0526239 secs] [Times: user=0.31 sys=0.00, real=0.06 secs] 
6643.937: [Full GC (Ergonomics) [PSYoungGen: 146144K->0K(505856K)] [ParOldGen: 1241687K->193899K(1398272K)] 1387831K->193899K(1904128K), [Metaspace: 59698K->59698K(1105920K)], 0.4709527 secs] [Times: user=2.18 sys=0.00, real=0.47 secs] 
6646.254: [GC (Allocation Failure) [PSYoungGen: 320512K->106305K(508416K)] 514411K->300204K(1906688K), 0.0663047 secs] [Times: user=0.39 sys=0.01, real=0.07 secs] 
6648.478: [GC (Allocation Failure) [PSYoungGen: 424420K->148368K(507392K)] 618320K->444449K(1905664K), 0.0506892 secs] [Times: user=0.30 sys=0.00, real=0.05 secs] 
6650.049: [GC (Allocation Failure) [PSYoungGen: 470928K->106496K(510464K)] 767009K->542149K(1908736K), 0.0843923 secs] [Times: user=0.50 sys=0.00, real=0.08 secs] 
6651.753: [GC (Allocation Failure) [PSYoungGen: 420556K->144464K(509440K)] 856209K->682810K(1907712K), 0.0504699 secs] [Times: user=0.30 sys=0.00, real=0.05 secs] 
6653.359: [GC (Allocation Failure) [PSYoungGen: 469072K->110048K(510976K)] 1007418K->784429K(1909248K), 0.0874645 secs] [Times: user=0.52 sys=0.00, real=0.08 secs] 
6654.518: [GC (Allocation Failure) [PSYoungGen: 434656K->150848K(507392K)] 1109037K->931754K(1905664K), 0.0697072 secs] [Times: user=0.41 sys=0.01, real=0.07 secs] 
6658.923: [GC (Allocation Failure) [PSYoungGen: 474944K->98720K(510976K)] 1255850K->1029766K(1909248K), 0.1645436 secs] [Times: user=0.98 sys=0.00, real=0.17 secs] 
6660.683: [GC (Allocation Failure) [PSYoungGen: 422816K->153616K(503808K)] 1353862K->1176896K(1902080K), 0.0802021 secs] [Times: user=0.48 sys=0.00, real=0.08 secs] 
6664.038: [GC (Allocation Failure) [PSYoungGen: 471568K->93488K(508416K)] 1494848K->1270008K(1906688K), 0.1461184 secs] [Times: user=0.87 sys=0.00, real=0.14 secs] 
6664.490: [GC (Allocation Failure) [PSYoungGen: 411440K->153056K(499712K)] 1587960K->1416948K(1897984K), 0.0555710 secs] [Times: user=0.32 sys=0.01, real=0.05 secs] 
6664.546: [Full GC (Ergonomics) [PSYoungGen: 153056K->0K(499712K)] [ParOldGen: 1263892K->213931K(1398272K)] 1416948K->213931K(1897984K), [Metaspace: 59698K->59698K(1105920K)], 0.5110684 secs] [Times: user=2.38 sys=0.00, real=0.52 secs] 
6667.208: [GC (Allocation Failure) [PSYoungGen: 309760K->91361K(504320K)] 523691K->305293K(1902592K), 0.1515521 secs] [Times: user=0.90 sys=0.01, real=0.15 secs] 
6668.290: [GC (Allocation Failure) [PSYoungGen: 401121K->149760K(499200K)] 615053K->448839K(1897472K), 0.0528016 secs] [Times: user=0.31 sys=0.00, real=0.05 secs] 
6671.351: [GC (Allocation Failure) [PSYoungGen: 455424K->90176K(502272K)] 754503K->538503K(1900544K), 0.1686028 secs] [Times: user=1.01 sys=0.00, real=0.17 secs] 
6672.189: [GC (Allocation Failure) [PSYoungGen: 388152K->140192K(499200K)] 836479K->674280K(1897472K), 0.0485386 secs] [Times: user=0.29 sys=0.00, real=0.05 secs] 
6674.879: [GC (Allocation Failure) [PSYoungGen: 446880K->101088K(501248K)] 980968K->766760K(1899520K), 0.0667786 secs] [Times: user=0.39 sys=0.00, real=0.06 secs] 
6677.518: [GC (Allocation Failure) [PSYoungGen: 407776K->140896K(502784K)] 1073448K->904045K(1901056K), 0.0505298 secs] [Times: user=0.30 sys=0.00, real=0.05 secs] 
6678.896: [GC (Allocation Failure) [PSYoungGen: 452192K->105840K(503296K)] 1215341K->1000338K(1901568K), 0.0985856 secs] [Times: user=0.59 sys=0.01, real=0.10 secs] 
6680.032: [GC (Allocation Failure) [PSYoungGen: 417136K->145664K(500736K)] 1311634K->1142302K(1899008K), 0.0537342 secs] [Times: user=0.32 sys=0.00, real=0.05 secs] 
6682.821: [GC (Allocation Failure) [PSYoungGen: 458496K->101824K(503296K)] 1455134K->1235314K(1901568K), 0.0648214 secs] [Times: user=0.39 sys=0.00, real=0.06 secs] 
6685.031: [GC (Allocation Failure) [PSYoungGen: 414656K->144000K(506368K)] 1548146K->1375587K(1904640K), 0.0513888 secs] [Times: user=0.30 sys=0.01, real=0.05 secs] 
6685.082: [Full GC (Ergonomics) [PSYoungGen: 144000K->0K(506368K)] [ParOldGen: 1231587K->182420K(1398272K)] 1375587K->182420K(1904640K), [Metaspace: 59698K->59698K(1105920K)], 0.4416498 secs] [Times: user=2.05 sys=0.00, real=0.44 secs] 
6686.989: [GC (Allocation Failure) [PSYoungGen: 318976K->108112K(507904K)] 501396K->290533K(1906176K), 0.0336760 secs] [Times: user=0.19 sys=0.01, real=0.03 secs] 
6688.721: [GC (Allocation Failure) [PSYoungGen: 427088K->148544K(504320K)] 609509K->435530K(1902592K), 0.0528413 secs] [Times: user=0.31 sys=0.00, real=0.05 secs] 
6690.579: [GC (Allocation Failure) [PSYoungGen: 467520K->109024K(507904K)] 754506K->535390K(1906176K), 0.0658282 secs] [Times: user=0.39 sys=0.01, real=0.06 secs] 
6692.324: [GC (Allocation Failure) [PSYoungGen: 428000K->148624K(506880K)] 854366K->678235K(1905152K), 0.0523361 secs] [Times: user=0.31 sys=0.00, real=0.05 secs] 
6694.031: [GC (GCLocker Initiated GC) [PSYoungGen: 470160K->109200K(509952K)] 999772K->778360K(1908224K), 0.0948018 secs] [Times: user=0.57 sys=0.00, real=0.09 secs] 
6696.017: [GC (Allocation Failure) [PSYoungGen: 430736K->139536K(509952K)] 1116283K->930640K(1908224K), 0.2444951 secs] [Times: user=1.47 sys=0.00, real=0.25 secs] 
6699.610: [GC (Allocation Failure) [PSYoungGen: 465168K->99808K(509952K)] 1256272K->1029631K(1908224K), 0.4490885 secs] [Times: user=2.67 sys=0.01, real=0.45 secs] 
6701.381: [GC (Allocation Failure) [PSYoungGen: 425440K->155168K(504320K)] 1355263K->1178600K(1902592K), 0.1126837 secs] [Times: user=0.67 sys=0.01, real=0.11 secs] 
6705.610: [GC (Allocation Failure) [PSYoungGen: 476192K->94336K(509952K)] 1499624K->1272772K(1908224K), 0.1762078 secs] [Times: user=1.05 sys=0.00, real=0.17 secs] 
6706.514: [GC (Allocation Failure) [PSYoungGen: 415360K->155872K(500224K)] 1593796K->1422717K(1898496K), 0.0556243 secs] [Times: user=0.33 sys=0.00, real=0.06 secs] 
6706.570: [Full GC (Ergonomics) [PSYoungGen: 155872K->0K(500224K)] [ParOldGen: 1266845K->219699K(1398272K)] 1422717K->219699K(1898496K), [Metaspace: 59698K->59698K(1105920K)], 0.5231134 secs] [Times: user=2.45 sys=0.00, real=0.52 secs] 
6709.311: [GC (Allocation Failure) [PSYoungGen: 311808K->91136K(505344K)] 531507K->310835K(1903616K), 0.0810380 secs] [Times: user=0.48 sys=0.00, real=0.08 secs] 
6709.745: [GC (Allocation Failure) [PSYoungGen: 402944K->168400K(486400K)] 622643K->472546K(1884672K), 0.0549907 secs] [Times: user=0.32 sys=0.01, real=0.06 secs] 
6714.659: [GC (Allocation Failure) [PSYoungGen: 461776K->80240K(373760K)] 765922K->536038K(1772032K), 0.1663715 secs] [Times: user=0.99 sys=0.00, real=0.16 secs] 
6716.702: [GC (Allocation Failure) [PSYoungGen: 373616K->135888K(498688K)] 829414K->668147K(1896960K), 0.1111006 secs] [Times: user=0.66 sys=0.00, real=0.11 secs] 
6718.557: [GC (Allocation Failure) [PSYoungGen: 431312K->96096K(391680K)] 963571K->755794K(1789952K), 0.0769172 secs] [Times: user=0.46 sys=0.00, real=0.07 secs] 
6721.319: [GC (Allocation Failure) [PSYoungGen: 391520K->135968K(495616K)] 1051218K->888127K(1893888K), 0.0483340 secs] [Times: user=0.29 sys=0.00, real=0.05 secs] 
6722.573: [GC (Allocation Failure) [PSYoungGen: 433952K->99120K(493056K)] 1186111K->978227K(1891328K), 0.0670630 secs] [Times: user=0.40 sys=0.01, real=0.07 secs] 
6725.062: [GC (Allocation Failure) [PSYoungGen: 397104K->135936K(499712K)] 1276211K->1112607K(1897984K), 0.0535282 secs] [Times: user=0.32 sys=0.00, real=0.05 secs] 
6726.481: [GC (Allocation Failure) [PSYoungGen: 443648K->106016K(498176K)] 1420319K->1209448K(1896448K), 0.0633454 secs] [Times: user=0.37 sys=0.00, real=0.06 secs] 
6728.994: [GC (Allocation Failure) [PSYoungGen: 413728K->133920K(504320K)] 1517160K->1341892K(1902592K), 0.0642920 secs] [Times: user=0.38 sys=0.01, real=0.07 secs] 
6730.953: [GC (Allocation Failure) [PSYoungGen: 451872K->114464K(502784K)] 1659844K->1446428K(1901056K), 0.0653486 secs] [Times: user=0.39 sys=0.00, real=0.07 secs] 
6731.018: [Full GC (Ergonomics) [PSYoungGen: 114464K->0K(502784K)] [ParOldGen: 1331964K->16975K(1398272K)] 1446428K->16975K(1901056K), [Metaspace: 59698K->59698K(1105920K)], 0.0278233 secs] [Times: user=0.06 sys=0.00, real=0.02 secs] 
6733.375: [GC (Allocation Failure) [PSYoungGen: 317952K->136608K(507392K)] 334927K->153583K(1905664K), 0.0367132 secs] [Times: user=0.21 sys=0.00, real=0.04 secs] 
6734.542: [GC (Allocation Failure) [PSYoungGen: 464288K->115952K(507392K)] 481263K->260227K(1905664K), 0.0651007 secs] [Times: user=0.38 sys=0.01, real=0.07 secs] 
6736.324: [GC (Allocation Failure) [PSYoungGen: 443632K->145984K(510976K)] 587907K->404619K(1909248K), 0.0584964 secs] [Times: user=0.35 sys=0.00, real=0.06 secs] 
6737.646: [GC (Allocation Failure) [PSYoungGen: 481856K->117536K(514560K)] 740491K->512487K(1912832K), 0.0919214 secs] [Times: user=0.55 sys=0.00, real=0.10 secs] 
6739.355: [GC (Allocation Failure) [PSYoungGen: 453408K->156608K(509952K)] 848359K->666536K(1908224K), 0.0564656 secs] [Times: user=0.34 sys=0.00, real=0.06 secs] 
6740.788: [GC (Allocation Failure) [PSYoungGen: 491968K->118032K(517120K)] 1001896K->775593K(1915392K), 0.0718809 secs] [Times: user=0.42 sys=0.00, real=0.07 secs] 
6742.484: [GC (Allocation Failure) [PSYoungGen: 453392K->156544K(508928K)] 1110953K->926541K(1907200K), 0.0563252 secs] [Times: user=0.33 sys=0.00, real=0.06 secs] 
6745.348: [GC (Allocation Failure) [PSYoungGen: 487808K->101440K(515072K)] 1257805K->1027357K(1913344K), 0.1771275 secs] [Times: user=1.05 sys=0.00, real=0.17 secs] 
6746.201: [GC (Allocation Failure) [PSYoungGen: 432704K->159536K(502272K)] 1358621K->1181135K(1900544K), 0.0574472 secs] [Times: user=0.34 sys=0.00, real=0.06 secs] 
6750.325: [GC (Allocation Failure) [PSYoungGen: 478512K->93088K(508928K)] 1500111K->1273950K(1907200K), 0.1571308 secs] [Times: user=0.94 sys=0.00, real=0.16 secs] 
6750.715: [GC (Allocation Failure) [PSYoungGen: 412064K->154736K(500736K)] 1592926K->1422740K(1899008K), 0.0563295 secs] [Times: user=0.33 sys=0.00, real=0.06 secs] 
6750.772: [Full GC (Ergonomics) [PSYoungGen: 154736K->0K(500736K)] [ParOldGen: 1268003K->228269K(1398272K)] 1422740K->228269K(1899008K), [Metaspace: 59698K->59698K(1105920K)], 0.5423228 secs] [Times: user=2.54 sys=0.00, real=0.54 secs] 
6753.852: [GC (Allocation Failure) [PSYoungGen: 310784K->91584K(504832K)] 539053K->319853K(1903104K), 0.0871926 secs] [Times: user=0.51 sys=0.00, real=0.09 secs] 
6754.328: [GC (Allocation Failure) [PSYoungGen: 402368K->150976K(499712K)] 630637K->464646K(1897984K), 0.0624182 secs] [Times: user=0.37 sys=0.01, real=0.06 secs] 
6758.129: [GC (Allocation Failure) [PSYoungGen: 456640K->88128K(502272K)] 770310K->552686K(1900544K), 0.1709420 secs] [Times: user=1.02 sys=0.00, real=0.17 secs] 
6758.908: [GC (Allocation Failure) [PSYoungGen: 393792K->147968K(499200K)] 858350K->694531K(1897472K), 0.0537577 secs] [Times: user=0.32 sys=0.00, real=0.05 secs] 
6761.611: [GC (Allocation Failure) [PSYoungGen: 450560K->86000K(500736K)] 997123K->780331K(1899008K), 0.1471434 secs] [Times: user=0.87 sys=0.00, real=0.15 secs] 
6762.368: [GC (Allocation Failure) [PSYoungGen: 388592K->147088K(497664K)] 1082923K->921100K(1895936K), 0.0526263 secs] [Times: user=0.31 sys=0.00, real=0.05 secs] 
6765.293: [GC (Allocation Failure) [PSYoungGen: 446608K->83808K(499200K)] 1220620K->1004608K(1897472K), 0.1279219 secs] [Times: user=0.75 sys=0.01, real=0.13 secs] 
6767.220: [GC (Allocation Failure) [PSYoungGen: 383328K->142688K(498688K)] 1304128K->1142864K(1896960K), 0.0486831 secs] [Times: user=0.29 sys=0.00, real=0.05 secs] 
6768.341: [GC (Allocation Failure) [PSYoungGen: 442208K->99520K(399360K)] 1442384K->1233564K(1797632K), 0.0670062 secs] [Times: user=0.40 sys=0.00, real=0.07 secs] 
6771.032: [GC (Allocation Failure) [PSYoungGen: 399040K->138304K(496128K)] 1533084K->1368721K(1894400K), 0.0523322 secs] [Times: user=0.31 sys=0.00, real=0.05 secs] 
6771.084: [Full GC (Ergonomics) [PSYoungGen: 138304K->0K(496128K)] [ParOldGen: 1230417K->176874K(1398272K)] 1368721K->176874K(1894400K), [Metaspace: 59698K->59698K(1105920K)], 0.4238924 secs] [Times: user=1.97 sys=0.00, real=0.43 secs] 
6772.971: [GC (Allocation Failure) [PSYoungGen: 300544K->99808K(495616K)] 477418K->276682K(1893888K), 0.0441804 secs] [Times: user=0.25 sys=0.01, real=0.04 secs] 
6774.965: [GC (Allocation Failure) [PSYoungGen: 400352K->137024K(500736K)] 577226K->411427K(1899008K), 0.0536858 secs] [Times: user=0.32 sys=0.00, real=0.06 secs] 
6776.877: [GC (GCLocker Initiated GC) [PSYoungGen: 446272K->104848K(499712K)] 720675K->507024K(1897984K), 0.0637294 secs] [Times: user=0.38 sys=0.00, real=0.06 secs] 
6779.342: [GC (Allocation Failure) [PSYoungGen: 414096K->137584K(504320K)] 816275K->643108K(1902592K), 0.0610845 secs] [Times: user=0.36 sys=0.01, real=0.06 secs] 
6781.423: [GC (Allocation Failure) [PSYoungGen: 455024K->109712K(503808K)] 960548K->743424K(1902080K), 0.0643116 secs] [Times: user=0.38 sys=0.00, real=0.07 secs] 
6782.777: [GC (Allocation Failure) [PSYoungGen: 427152K->142576K(505856K)] 1060864K->884725K(1904128K), 0.0590771 secs] [Times: user=0.35 sys=0.00, real=0.06 secs] 
6784.287: [GC (Allocation Failure) [PSYoungGen: 466160K->110912K(507904K)] 1208309K->986716K(1906176K), 0.0671363 secs] [Times: user=0.40 sys=0.01, real=0.06 secs] 
6786.692: [GC (Allocation Failure) [PSYoungGen: 434496K->147280K(508928K)] 1310300K->1132298K(1907200K), 0.0890508 secs] [Times: user=0.52 sys=0.00, real=0.09 secs] 
6788.733: [GC (Allocation Failure) [PSYoungGen: 475984K->111072K(512512K)] 1461002K->1234845K(1910784K), 0.0669248 secs] [Times: user=0.40 sys=0.01, real=0.07 secs] 
6790.893: [GC (Allocation Failure) [PSYoungGen: 439776K->151904K(509440K)] 1563549K->1384278K(1907712K), 0.0553952 secs] [Times: user=0.32 sys=0.00, real=0.06 secs] 
6790.948: [Full GC (Ergonomics) [PSYoungGen: 151904K->0K(509440K)] [ParOldGen: 1232374K->181509K(1398272K)] 1384278K->181509K(1907712K), [Metaspace: 59698K->59698K(1105920K)], 0.4385170 secs] [Times: user=2.03 sys=0.00, real=0.44 secs] 
6792.479: [GC (Allocation Failure) [PSYoungGen: 329216K->112448K(514048K)] 510725K->293957K(1912320K), 0.0344123 secs] [Times: user=0.20 sys=0.00, real=0.03 secs] 
6794.262: [GC (Allocation Failure) [PSYoungGen: 441507K->153792K(507392K)] 623016K->443989K(1905664K), 0.0553756 secs] [Times: user=0.33 sys=0.00, real=0.06 secs] 
6796.935: [GC (Allocation Failure) [PSYoungGen: 479936K->108160K(512512K)] 770133K->542729K(1910784K), 0.1704974 secs] [Times: user=1.01 sys=0.00, real=0.17 secs] 
6798.059: [GC (Allocation Failure) [PSYoungGen: 434304K->154080K(504832K)] 868873K->692860K(1903104K), 0.0524015 secs] [Times: user=0.31 sys=0.00, real=0.05 secs] 
6801.089: [GC (Allocation Failure) [PSYoungGen: 475104K->101296K(509952K)] 1013884K->793421K(1908224K), 0.1746236 secs] [Times: user=1.04 sys=0.01, real=0.17 secs] 
6802.357: [GC (Allocation Failure) [PSYoungGen: 422320K->154736K(502272K)] 1114445K->937810K(1900544K), 0.0965335 secs] [Times: user=0.58 sys=0.00, real=0.09 secs] 
6805.749: [GC (Allocation Failure) [PSYoungGen: 469616K->90528K(506880K)] 1252690K->1028161K(1905152K), 0.1605513 secs] [Times: user=0.95 sys=0.00, real=0.16 secs] 
6806.921: [GC (Allocation Failure) [PSYoungGen: 405408K->150432K(500736K)] 1343041K->1172550K(1899008K), 0.0671106 secs] [Times: user=0.39 sys=0.00, real=0.07 secs] 
6809.914: [GC (Allocation Failure) [PSYoungGen: 459168K->90384K(503808K)] 1481286K->1262751K(1902080K), 0.1467353 secs] [Times: user=0.87 sys=0.00, real=0.15 secs] 
6811.026: [GC (Allocation Failure) [PSYoungGen: 386564K->138320K(500224K)] 1558930K->1397151K(1898496K), 0.0496580 secs] [Times: user=0.30 sys=0.00, real=0.05 secs] 
6811.076: [Full GC (Ergonomics) [PSYoungGen: 138320K->0K(500224K)] [ParOldGen: 1258831K->195619K(1398272K)] 1397151K->195619K(1898496K), [Metaspace: 59698K->59698K(1105920K)], 0.4768270 secs] [Times: user=2.21 sys=0.00, real=0.48 secs] 
6812.956: [GC (Allocation Failure) [PSYoungGen: 309248K->102384K(502272K)] 504867K->298004K(1900544K), 0.0306787 secs] [Times: user=0.18 sys=0.00, real=0.03 secs] 
6815.151: [GC (Allocation Failure) [PSYoungGen: 411632K->143776K(503808K)] 607252K->437560K(1902080K), 0.0483210 secs] [Times: user=0.28 sys=0.00, real=0.05 secs] 
6816.319: [GC (Allocation Failure) [PSYoungGen: 457632K->105920K(504832K)] 751416K->534120K(1903104K), 0.0794506 secs] [Times: user=0.47 sys=0.00, real=0.08 secs] 
6817.554: [GC (Allocation Failure) [PSYoungGen: 419776K->148800K(501760K)] 847976K->679597K(1900032K), 0.0523095 secs] [Times: user=0.31 sys=0.00, real=0.05 secs] 
6819.107: [GC (Allocation Failure) [PSYoungGen: 463168K->103264K(505344K)] 993965K->774317K(1903616K), 0.0662245 secs] [Times: user=0.39 sys=0.00, real=0.06 secs] 
6821.685: [GC (Allocation Failure) [PSYoungGen: 417632K->146064K(506368K)] 1088685K->916354K(1904640K), 0.0505042 secs] [Times: user=0.30 sys=0.00, real=0.05 secs] 
6823.146: [GC (Allocation Failure) [PSYoungGen: 464528K->106624K(425472K)] 1234818K->1013538K(1823744K), 0.1493535 secs] [Times: user=0.89 sys=0.00, real=0.15 secs] 
6825.934: [GC (Allocation Failure) [PSYoungGen: 425088K->146960K(505856K)] 1332002K->1156391K(1904128K), 0.0528075 secs] [Times: user=0.31 sys=0.00, real=0.06 secs] 
6828.203: [GC (Allocation Failure) [PSYoungGen: 465936K->105184K(507904K)] 1475367K->1252066K(1906176K), 0.1658368 secs] [Times: user=0.98 sys=0.01, real=0.17 secs] 
6830.137: [GC (Allocation Failure) [PSYoungGen: 424160K->148256K(506880K)] 1571042K->1395951K(1905152K), 0.0519113 secs] [Times: user=0.31 sys=0.00, real=0.05 secs] 
6830.189: [Full GC (Ergonomics) [PSYoungGen: 148256K->0K(506880K)] [ParOldGen: 1247695K->195680K(1398272K)] 1395951K->195680K(1905152K), [Metaspace: 59698K->59698K(1105920K)], 0.4877410 secs] [Times: user=2.28 sys=0.00, real=0.49 secs] 
6833.441: [GC (Allocation Failure) [PSYoungGen: 320512K->105312K(509440K)] 516192K->300992K(1907712K), 0.0544594 secs] [Times: user=0.31 sys=0.00, real=0.05 secs] 
6835.713: [GC (Allocation Failure) [PSYoungGen: 418280K->146224K(507904K)] 613960K->442597K(1906176K), 0.0501422 secs] [Times: user=0.30 sys=0.00, real=0.05 secs] 
6837.204: [GC (Allocation Failure) [PSYoungGen: 467760K->106784K(509952K)] 764133K->540573K(1908224K), 0.0724925 secs] [Times: user=0.44 sys=0.00, real=0.07 secs] 
6839.343: [GC (Allocation Failure) [PSYoungGen: 421163K->144672K(508928K)] 854952K->681884K(1907200K), 0.0519295 secs] [Times: user=0.29 sys=0.01, real=0.05 secs] 
6842.240: [GC (Allocation Failure) [PSYoungGen: 467744K->107744K(509952K)] 1004956K->780464K(1908224K), 0.1635017 secs] [Times: user=0.97 sys=0.00, real=0.16 secs] 
6843.241: [GC (Allocation Failure) [PSYoungGen: 419491K->142848K(509952K)] 1092211K->919821K(1908224K), 0.0666392 secs] [Times: user=0.39 sys=0.01, real=0.07 secs] 
6845.869: [GC (Allocation Failure) [PSYoungGen: 468480K->107200K(510464K)] 1245453K->1018573K(1908736K), 0.1019242 secs] [Times: user=0.60 sys=0.00, real=0.10 secs] 
6847.731: [GC (Allocation Failure) [PSYoungGen: 422769K->144784K(509952K)] 1334142K->1159010K(1908224K), 0.0513221 secs] [Times: user=0.31 sys=0.00, real=0.05 secs] 
6850.382: [GC (Allocation Failure) [PSYoungGen: 472464K->107056K(512000K)] 1486690K->1256586K(1910272K), 0.0801582 secs] [Times: user=0.48 sys=0.00, real=0.08 secs] 
6852.771: [GC (Allocation Failure) [PSYoungGen: 418502K->143904K(512512K)] 1568032K->1396463K(1910784K), 0.0512513 secs] [Times: user=0.30 sys=0.00, real=0.05 secs] 
6852.823: [Full GC (Ergonomics) [PSYoungGen: 143904K->0K(512512K)] [ParOldGen: 1252559K->195906K(1398272K)] 1396463K->195906K(1910784K), [Metaspace: 59699K->59699K(1105920K)], 0.4758073 secs] [Times: user=2.22 sys=0.00, real=0.48 secs] 
6855.637: [GC (Allocation Failure) [PSYoungGen: 330752K->111488K(514048K)] 526658K->307394K(1912320K), 0.0998438 secs] [Times: user=0.59 sys=0.01, real=0.10 secs] 
6856.896: [GC (Allocation Failure) [PSYoungGen: 442240K->152768K(509440K)] 638146K->456519K(1907712K), 0.1034658 secs] [Times: user=0.60 sys=0.00, real=0.11 secs] 
6860.488: [GC (Allocation Failure) [PSYoungGen: 481984K->99264K(514048K)] 785735K->555463K(1912320K), 0.1606106 secs] [Times: user=0.96 sys=0.00, real=0.16 secs] 
6861.437: [GC (Allocation Failure) [PSYoungGen: 428480K->158688K(501760K)] 884679K->707912K(1900032K), 0.0608298 secs] [Times: user=0.36 sys=0.00, real=0.07 secs] 
6864.527: [GC (Allocation Failure) [PSYoungGen: 476640K->91536K(508416K)] 1025864K->799269K(1906688K), 0.1663004 secs] [Times: user=0.98 sys=0.00, real=0.16 secs] 
6865.172: [GC (Allocation Failure) [PSYoungGen: 409488K->152928K(500224K)] 1117221K->946341K(1898496K), 0.0894435 secs] [Times: user=0.53 sys=0.01, real=0.09 secs] 
6868.011: [GC (Allocation Failure) [PSYoungGen: 462688K->91488K(504320K)] 1256101K->1037673K(1902592K), 0.1703557 secs] [Times: user=1.02 sys=0.00, real=0.17 secs] 
6868.429: [GC (Allocation Failure) [PSYoungGen: 401248K->194032K(427008K)] 1347433K->1231211K(1825280K), 0.0566805 secs] [Times: user=0.33 sys=0.01, real=0.05 secs] 
6870.122: [GC (Allocation Failure) [PSYoungGen: 426992K->57824K(465920K)] 1464171K->1239730K(1864192K), 0.0590883 secs] [Times: user=0.35 sys=0.00, real=0.06 secs] 
6872.061: [GC (Allocation Failure) [PSYoungGen: 290784K->105568K(465920K)] 1472690K->1343359K(1864192K), 0.0456952 secs] [Times: user=0.27 sys=0.00, real=0.04 secs] 
6872.106: [Full GC (Ergonomics) [PSYoungGen: 105568K->0K(465920K)] [ParOldGen: 1237791K->141965K(1398272K)] 1343359K->141965K(1864192K), [Metaspace: 59699K->59699K(1105920K)], 0.3340049 secs] [Times: user=1.53 sys=0.00, real=0.34 secs] 
6873.276: [GC (Allocation Failure) [PSYoungGen: 232960K->117648K(465920K)] 374925K->259613K(1864192K), 0.1106536 secs] [Times: user=0.66 sys=0.00, real=0.11 secs] 
6875.655: [GC (Allocation Failure) [PSYoungGen: 350608K->57200K(465920K)] 492573K->316846K(1864192K), 0.1489867 secs] [Times: user=0.88 sys=0.00, real=0.15 secs] 
6876.182: [GC (Allocation Failure) [PSYoungGen: 290160K->121280K(354304K)] 549806K->432069K(1752576K), 0.0396374 secs] [Times: user=0.23 sys=0.00, real=0.04 secs] 
6878.259: [GC (Allocation Failure) [PSYoungGen: 354240K->86176K(461312K)] 665029K->500909K(1859584K), 0.0549996 secs] [Times: user=0.33 sys=0.00, real=0.05 secs] 
6879.774: [GC (Allocation Failure) [PSYoungGen: 323744K->89648K(456704K)] 738477K->590558K(1854976K), 0.0828134 secs] [Times: user=0.49 sys=0.00, real=0.08 secs] 
6880.031: [GC (Allocation Failure) [PSYoungGen: 327216K->116576K(470528K)] 828126K->701230K(1868800K), 0.0504575 secs] [Times: user=0.30 sys=0.00, real=0.05 secs] 
6882.517: [GC (Allocation Failure) [PSYoungGen: 381792K->69008K(470016K)] 966446K->770151K(1868288K), 0.0533873 secs] [Times: user=0.31 sys=0.00, real=0.06 secs] 
6884.199: [GC (GCLocker Initiated GC) [PSYoungGen: 334224K->121184K(485888K)] 1035368K->888528K(1884160K), 0.0678975 secs] [Times: user=0.39 sys=0.00, real=0.07 secs] 
6886.808: [GC (Allocation Failure) [PSYoungGen: 412000K->101408K(488960K)] 1179346K->981426K(1887232K), 0.0601395 secs] [Times: user=0.36 sys=0.00, real=0.06 secs] 
6889.358: [GC (Allocation Failure) [PSYoungGen: 392224K->122272K(496128K)] 1272242K->1102485K(1894400K), 0.0730443 secs] [Times: user=0.43 sys=0.00, real=0.07 secs] 
6890.851: [GC (Allocation Failure) [PSYoungGen: 431520K->125504K(496640K)] 1411733K->1218469K(1894912K), 0.0634275 secs] [Times: user=0.38 sys=0.00, real=0.06 secs] 
6892.080: [GC (Allocation Failure) [PSYoungGen: 434752K->119680K(502784K)] 1527717K->1337789K(1901056K), 0.0804552 secs] [Times: user=0.47 sys=0.01, real=0.08 secs] 
6893.425: [GC (Allocation Failure) [PSYoungGen: 445824K->129600K(506368K)] 1663933K->1456310K(1904640K), 0.0639721 secs] [Times: user=0.37 sys=0.01, real=0.07 secs] 
6893.489: [Full GC (Ergonomics) [PSYoungGen: 129600K->0K(506368K)] [ParOldGen: 1326710K->251076K(1398272K)] 1456310K->251076K(1904640K), [Metaspace: 59699K->59699K(1105920K)], 0.5389425 secs] [Times: user=2.37 sys=0.00, real=0.54 secs] 
6896.023: [GC (Allocation Failure) [PSYoungGen: 326144K->131872K(517120K)] 577220K->382949K(1915392K), 0.0370629 secs] [Times: user=0.21 sys=0.00, real=0.04 secs] 
6897.648: [GC (Allocation Failure) [PSYoungGen: 470816K->5472K(344576K)] 721893K->256573K(1742848K), 0.0022721 secs] [Times: user=0.01 sys=0.00, real=0.00 secs] 
6900.451: [GC (Allocation Failure) [PSYoungGen: 344416K->151104K(490496K)] 595517K->406053K(1888768K), 0.0324354 secs] [Times: user=0.19 sys=0.01, real=0.03 secs] 
6901.673: [GC (Allocation Failure) [PSYoungGen: 449600K->101344K(498688K)] 704549K->498001K(1896960K), 0.0662184 secs] [Times: user=0.39 sys=0.00, real=0.07 secs] 
6903.903: [GC (Allocation Failure) [PSYoungGen: 399840K->132864K(497664K)] 796497K->628882K(1895936K), 0.0593816 secs] [Times: user=0.35 sys=0.01, real=0.06 secs] 
6905.074: [GC (Allocation Failure) [PSYoungGen: 438528K->111328K(498688K)] 934546K->730706K(1896960K), 0.0636375 secs] [Times: user=0.38 sys=0.00, real=0.07 secs] 
6906.893: [GC (Allocation Failure) [PSYoungGen: 416992K->131328K(499200K)] 1036370K->861171K(1897472K), 0.0651039 secs] [Times: user=0.39 sys=0.00, real=0.07 secs] 
6909.883: [GC (Allocation Failure) [PSYoungGen: 445184K->115872K(499200K)] 1175027K->967391K(1897472K), 0.0635688 secs] [Times: user=0.38 sys=0.01, real=0.06 secs] 
6912.167: [GC (Allocation Failure) [PSYoungGen: 429728K->129856K(507392K)] 1281247K->1096895K(1905664K), 0.0683661 secs] [Times: user=0.40 sys=0.00, real=0.06 secs] 
6914.026: [GC (Allocation Failure) [PSYoungGen: 458560K->3008K(506880K)] 1425599K->970131K(1905152K), 0.0034097 secs] [Times: user=0.02 sys=0.00, real=0.01 secs] 
6916.375: [GC (Allocation Failure) [PSYoungGen: 331712K->140064K(498688K)] 1298835K->1108636K(1896960K), 0.0340685 secs] [Times: user=0.20 sys=0.00, real=0.04 secs] 
6918.370: [GC (Allocation Failure) [PSYoungGen: 447776K->108512K(416256K)] 1416348K->1208124K(1814528K), 0.0658126 secs] [Times: user=0.39 sys=0.00, real=0.06 secs] 
6919.882: [GC (Allocation Failure) [PSYoungGen: 416224K->133888K(498176K)] 1515836K->1341037K(1896448K), 0.0623243 secs] [Times: user=0.37 sys=0.01, real=0.06 secs] 
6919.945: [Full GC (Ergonomics) [PSYoungGen: 133888K->0K(498176K)] [ParOldGen: 1207149K->148952K(1398272K)] 1341037K->148952K(1896448K), [Metaspace: 59699K->59699K(1105920K)], 0.3563793 secs] [Times: user=1.65 sys=0.00, real=0.36 secs] 
6922.338: [GC (Allocation Failure) [PSYoungGen: 310784K->114016K(499712K)] 459736K->262968K(1897984K), 0.0408322 secs] [Times: user=0.24 sys=0.00, real=0.04 secs] 
6924.001: [GC (Allocation Failure) [PSYoungGen: 424800K->130016K(504832K)] 573752K->392484K(1903104K), 0.0665997 secs] [Times: user=0.39 sys=0.00, real=0.07 secs] 
6926.585: [GC (Allocation Failure) [PSYoungGen: 452576K->2432K(504832K)] 715044K->264988K(1903104K), 0.0028470 secs] [Times: user=0.01 sys=0.00, real=0.01 secs] 
6928.741: [GC (Allocation Failure) [PSYoungGen: 324992K->145280K(490496K)] 587548K->408988K(1888768K), 0.0372162 secs] [Times: user=0.21 sys=0.00, real=0.04 secs] 
6931.022: [GC (Allocation Failure) [PSYoungGen: 441728K->110848K(407552K)] 705436K->501820K(1805824K), 0.0653597 secs] [Times: user=0.38 sys=0.01, real=0.07 secs] 
6932.665: [GC (Allocation Failure) [PSYoungGen: 407296K->120512K(500736K)] 798268K->621892K(1899008K), 0.0613387 secs] [Times: user=0.36 sys=0.00, real=0.06 secs] 
6934.340: [GC (Allocation Failure) [PSYoungGen: 427712K->128640K(497152K)] 929092K->739408K(1895424K), 0.0625869 secs] [Times: user=0.37 sys=0.00, real=0.06 secs] 
6936.567: [GC (Allocation Failure) [PSYoungGen: 435840K->113840K(499712K)] 1046608K->852865K(1897984K), 0.0824917 secs] [Times: user=0.49 sys=0.00, real=0.08 secs] 
6938.544: [GC (Allocation Failure) [PSYoungGen: 433328K->134752K(502272K)] 1172353K->977069K(1900544K), 0.0624616 secs] [Times: user=0.37 sys=0.00, real=0.06 secs] 
6941.753: [GC (Allocation Failure) [PSYoungGen: 454240K->117312K(506880K)] 1296557K->1094005K(1905152K), 0.0848476 secs] [Times: user=0.50 sys=0.00, real=0.09 secs] 
6943.095: [GC (Allocation Failure) [PSYoungGen: 448576K->132000K(510464K)] 1425269K->1215425K(1908736K), 0.0628083 secs] [Times: user=0.37 sys=0.00, real=0.07 secs] 
6944.950: [GC (Allocation Failure) [PSYoungGen: 463264K->136064K(517120K)] 1546689K->1351025K(1915392K), 0.0778199 secs] [Times: user=0.46 sys=0.00, real=0.08 secs] 
6945.028: [Full GC (Ergonomics) [PSYoungGen: 136064K->0K(517120K)] [ParOldGen: 1214961K->149922K(1398272K)] 1351025K->149922K(1915392K), [Metaspace: 59699K->59699K(1105920K)], 0.3592756 secs] [Times: user=1.67 sys=0.00, real=0.36 secs] 
6947.472: [GC (Allocation Failure) [PSYoungGen: 337408K->118304K(456192K)] 487330K->268226K(1854464K), 0.0406387 secs] [Times: user=0.23 sys=0.00, real=0.04 secs] 
6950.020: [GC (Allocation Failure) [PSYoungGen: 455712K->149216K(507904K)] 605634K->416502K(1906176K), 0.0908917 secs] [Times: user=0.52 sys=0.02, real=0.09 secs] 
6952.025: [GC (Allocation Failure) [PSYoungGen: 482016K->115168K(513536K)] 749302K->522966K(1911808K), 0.0668235 secs] [Times: user=0.40 sys=0.00, real=0.07 secs] 
6954.936: [GC (Allocation Failure) [PSYoungGen: 447968K->151536K(510976K)] 855766K->672791K(1909248K), 0.0558096 secs] [Times: user=0.33 sys=0.01, real=0.06 secs] 
6956.501: [GC (Allocation Failure) [PSYoungGen: 486896K->112704K(517120K)] 1008151K->776399K(1915392K), 0.1007151 secs] [Times: user=0.60 sys=0.01, real=0.10 secs] 
6959.131: [GC (Allocation Failure) [PSYoungGen: 435203K->149200K(512000K)] 1098898K->921844K(1910272K), 0.0930640 secs] [Times: user=0.55 sys=0.00, real=0.09 secs] 
6961.253: [GC (Allocation Failure) [PSYoungGen: 483536K->111984K(516608K)] 1256180K->1025420K(1914880K), 0.1403993 secs] [Times: user=0.83 sys=0.01, real=0.14 secs] 
6963.007: [GC (Allocation Failure) [PSYoungGen: 446320K->156912K(505856K)] 1359756K->1178373K(1904128K), 0.1313554 secs] [Times: user=0.74 sys=0.00, real=0.14 secs] 
6968.010: [GC (Allocation Failure) [PSYoungGen: 484080K->95808K(513024K)] 1505541K->1273540K(1911296K), 0.1769403 secs] [Times: user=1.06 sys=0.00, real=0.18 secs] 
6969.018: [GC (Allocation Failure) [PSYoungGen: 422976K->155856K(502272K)] 1600708K->1423238K(1900544K), 0.0558823 secs] [Times: user=0.33 sys=0.00, real=0.05 secs] 
6969.074: [Full GC (Ergonomics) [PSYoungGen: 155856K->0K(502272K)] [ParOldGen: 1267381K->219845K(1398272K)] 1423238K->219845K(1900544K), [Metaspace: 59699K->59699K(1105920K)], 0.5291721 secs] [Times: user=2.48 sys=0.00, real=0.53 secs] 
6972.401: [GC (Allocation Failure) [PSYoungGen: 316928K->95840K(507904K)] 536773K->315685K(1906176K), 0.1266420 secs] [Times: user=0.75 sys=0.00, real=0.13 secs] 
6973.402: [GC (Allocation Failure) [PSYoungGen: 412768K->151648K(501760K)] 632613K->460613K(1900032K), 0.1331070 secs] [Times: user=0.68 sys=0.01, real=0.13 secs] 
6975.206: [GC (Allocation Failure) [PSYoungGen: 463456K->95712K(505344K)] 772421K->555917K(1903616K), 0.1332021 secs] [Times: user=0.79 sys=0.00, real=0.14 secs] 
6975.598: [GC (Allocation Failure) [PSYoungGen: 407520K->149248K(501760K)] 867725K->699166K(1900032K), 0.0560980 secs] [Times: user=0.33 sys=0.00, real=0.05 secs] 
6980.755: [GC (Allocation Failure) [PSYoungGen: 459008K->91088K(504320K)] 1008926K->789151K(1902592K), 0.1447708 secs] [Times: user=0.86 sys=0.00, real=0.15 secs] 
6981.324: [GC (Allocation Failure) [PSYoungGen: 400848K->151296K(497664K)] 1098911K->934299K(1895936K), 0.0549601 secs] [Times: user=0.33 sys=0.00, real=0.06 secs] 
6985.724: [GC (Allocation Failure) [PSYoungGen: 454912K->85216K(501248K)] 1237915K->1019363K(1899520K), 0.1749821 secs] [Times: user=1.04 sys=0.00, real=0.18 secs] 
6987.427: [GC (Allocation Failure) [PSYoungGen: 374573K->137712K(497664K)] 1308720K->1150611K(1895936K), 0.1039381 secs] [Times: user=0.62 sys=0.00, real=0.11 secs] 
6989.574: [GC (Allocation Failure) [PSYoungGen: 441840K->96560K(499712K)] 1454739K->1238219K(1897984K), 0.0871691 secs] [Times: user=0.52 sys=0.00, real=0.09 secs] 
6992.355: [GC (Allocation Failure) [PSYoungGen: 400688K->142368K(502272K)] 1542347K->1376599K(1900544K), 0.0484981 secs] [Times: user=0.28 sys=0.00, real=0.05 secs] 
6992.404: [Full GC (Ergonomics) [PSYoungGen: 142368K->0K(502272K)] [ParOldGen: 1234231K->183419K(1398272K)] 1376599K->183419K(1900544K), [Metaspace: 59699K->59699K(1105920K)], 0.4421731 secs] [Times: user=2.06 sys=0.00, real=0.44 secs] 
6993.896: [GC (Allocation Failure) [PSYoungGen: 309248K->102640K(412160K)] 492667K->286060K(1810432K), 0.0346621 secs] [Times: user=0.17 sys=0.00, real=0.04 secs] 
6996.703: [GC (Allocation Failure) [PSYoungGen: 411888K->149536K(498176K)] 595308K->433117K(1896448K), 0.0516133 secs] [Times: user=0.30 sys=0.00, real=0.05 secs] 
6997.846: [GC (Allocation Failure) [PSYoungGen: 457760K->105232K(502272K)] 741341K->520949K(1900544K), 0.0642935 secs] [Times: user=0.38 sys=0.00, real=0.07 secs] 
7000.236: [GC (Allocation Failure) [PSYoungGen: 413456K->140576K(504832K)] 829173K->657973K(1903104K), 0.0518988 secs] [Times: user=0.30 sys=0.00, real=0.06 secs] 
7001.697: [GC (Allocation Failure) [PSYoungGen: 455456K->107680K(504832K)] 972853K->756405K(1903104K), 0.0739396 secs] [Times: user=0.44 sys=0.00, real=0.08 secs] 
7004.235: [GC (Allocation Failure) [PSYoungGen: 422560K->150576K(501248K)] 1071285K->904651K(1899520K), 0.0537999 secs] [Times: user=0.32 sys=0.00, real=0.06 secs] 
7005.743: [GC (GCLocker Initiated GC) [PSYoungGen: 465456K->107952K(505344K)] 1219531K->994907K(1903616K), 0.0731292 secs] [Times: user=0.44 sys=0.00, real=0.07 secs] 
7008.796: [GC (Allocation Failure) [PSYoungGen: 422832K->150400K(504832K)] 1309790K->1143134K(1903104K), 0.0542449 secs] [Times: user=0.32 sys=0.00, real=0.06 secs] 
7010.036: [GC (Allocation Failure) [PSYoungGen: 468352K->111056K(429056K)] 1461086K->1236419K(1827328K), 0.0654983 secs] [Times: user=0.39 sys=0.01, real=0.07 secs] 
7011.811: [GC (Allocation Failure) [PSYoungGen: 429008K->144320K(506368K)] 1554371K->1378651K(1904640K), 0.0550751 secs] [Times: user=0.32 sys=0.01, real=0.05 secs] 
7011.866: [Full GC (Ergonomics) [PSYoungGen: 144320K->0K(506368K)] [ParOldGen: 1234331K->177790K(1398272K)] 1378651K->177790K(1904640K), [Metaspace: 59699K->59699K(1105920K)], 0.4296982 secs] [Times: user=1.99 sys=0.00, real=0.43 secs] 
7015.227: [GC (Allocation Failure) [PSYoungGen: 320000K->108832K(507904K)] 497790K->286622K(1906176K), 0.0448197 secs] [Times: user=0.26 sys=0.01, real=0.04 secs] 
7017.618: [GC (GCLocker Initiated GC) [PSYoungGen: 428832K->144960K(507904K)] 606622K->428197K(1906176K), 0.0749516 secs] [Times: user=0.44 sys=0.00, real=0.07 secs] 
7020.995: [GC (Allocation Failure) [PSYoungGen: 468032K->105616K(509440K)] 753320K->526929K(1907712K), 0.1034561 secs] [Times: user=0.62 sys=0.01, real=0.11 secs] 
7023.300: [GC (Allocation Failure) [PSYoungGen: 428688K->151840K(506880K)] 850001K->676709K(1905152K), 0.0532193 secs] [Times: user=0.32 sys=0.00, real=0.05 secs] 
7026.701: [GC (Allocation Failure) [PSYoungGen: 474912K->105680K(510976K)] 999781K->773630K(1909248K), 0.1222536 secs] [Times: user=0.73 sys=0.00, real=0.12 secs] 
7028.495: [GC (Allocation Failure) [PSYoungGen: 428752K->161600K(498688K)] 1096702K->931066K(1896960K), 0.0533331 secs] [Times: user=0.32 sys=0.00, real=0.06 secs] 
7029.611: [GC (Allocation Failure) [PSYoungGen: 474432K->104096K(505856K)] 1243898K->1018242K(1904128K), 0.0669860 secs] [Times: user=0.40 sys=0.00, real=0.07 secs] 
7032.670: [GC (Allocation Failure) [PSYoungGen: 416928K->145792K(504832K)] 1331074K->1159835K(1903104K), 0.0511496 secs] [Times: user=0.31 sys=0.00, real=0.05 secs] 
7034.049: [GC (Allocation Failure) [PSYoungGen: 460672K->105536K(506368K)] 1474715K->1256631K(1904640K), 0.0924799 secs] [Times: user=0.55 sys=0.00, real=0.09 secs] 
7036.603: [GC (Allocation Failure) [PSYoungGen: 420416K->145872K(505856K)] 1571511K->1398668K(1904128K), 0.0526029 secs] [Times: user=0.31 sys=0.01, real=0.05 secs] 
7036.656: [Full GC (Ergonomics) [PSYoungGen: 145872K->0K(505856K)] [ParOldGen: 1252796K->194697K(1398272K)] 1398668K->194697K(1904128K), [Metaspace: 59701K->59701K(1105920K)], 0.4829167 secs] [Times: user=2.27 sys=0.00, real=0.49 secs] 
7038.635: [GC (Allocation Failure) [PSYoungGen: 316416K->104448K(506880K)] 511113K->299145K(1905152K), 0.0821596 secs] [Times: user=0.49 sys=0.00, real=0.09 secs] 
7041.191: [GC (Allocation Failure) [PSYoungGen: 420864K->146432K(505344K)] 615561K->441722K(1903616K), 0.0500930 secs] [Times: user=0.30 sys=0.00, real=0.05 secs] 
7043.590: [GC (Allocation Failure) [PSYoungGen: 463872K->105808K(506880K)] 759162K->538522K(1905152K), 0.0839087 secs] [Times: user=0.50 sys=0.00, real=0.08 secs] 
7044.671: [GC (Allocation Failure) [PSYoungGen: 418797K->146016K(506880K)] 851511K->681330K(1905152K), 0.0511704 secs] [Times: user=0.30 sys=0.00, real=0.05 secs] 
7046.803: [GC (Allocation Failure) [PSYoungGen: 466016K->108528K(508416K)] 1001330K->781059K(1906688K), 0.0659197 secs] [Times: user=0.39 sys=0.00, real=0.07 secs] 
7048.773: [GC (Allocation Failure) [PSYoungGen: 423828K->144704K(508416K)] 1096358K->919847K(1906688K), 0.0512600 secs] [Times: user=0.30 sys=0.00, real=0.05 secs] 
7051.448: [GC (Allocation Failure) [PSYoungGen: 467264K->106176K(509440K)] 1242407K->1017007K(1907712K), 0.1476338 secs] [Times: user=0.88 sys=0.00, real=0.14 secs] 
7053.112: [GC (Allocation Failure) [PSYoungGen: 418598K->144960K(508928K)] 1329430K->1158444K(1907200K), 0.0518512 secs] [Times: user=0.31 sys=0.00, real=0.05 secs] 
7054.913: [GC (Allocation Failure) [PSYoungGen: 469568K->108016K(510464K)] 1483052K->1257421K(1908736K), 0.1628766 secs] [Times: user=0.97 sys=0.00, real=0.16 secs] 
7056.553: [GC (Allocation Failure) [PSYoungGen: 417696K->143392K(510976K)] 1567100K->1396777K(1909248K), 0.0522731 secs] [Times: user=0.30 sys=0.00, real=0.05 secs] 
7056.605: [Full GC (Ergonomics) [PSYoungGen: 143392K->0K(510976K)] [ParOldGen: 1253385K->196105K(1398272K)] 1396777K->196105K(1909248K), [Metaspace: 59701K->59701K(1105920K)], 0.4755663 secs] [Times: user=2.22 sys=0.00, real=0.48 secs] 
7059.011: [GC (Allocation Failure) [PSYoungGen: 327680K->107760K(512000K)] 523785K->303866K(1910272K), 0.0840651 secs] [Times: user=0.50 sys=0.01, real=0.08 secs] 
7061.491: [GC (Allocation Failure) [PSYoungGen: 435440K->152592K(507904K)] 631546K->452150K(1906176K), 0.0518757 secs] [Times: user=0.30 sys=0.00, real=0.05 secs] 
7063.372: [GC (Allocation Failure) [PSYoungGen: 478736K->100864K(512512K)] 778294K->552302K(1910784K), 0.1415982 secs] [Times: user=0.84 sys=0.00, real=0.14 secs] 
7064.123: [GC (Allocation Failure) [PSYoungGen: 427008K->155680K(503296K)] 878446K->701743K(1901568K), 0.0574447 secs] [Times: user=0.34 sys=0.00, real=0.06 secs] 
7066.899: [GC (Allocation Failure) [PSYoungGen: 473632K->96672K(508416K)] 1019695K->797363K(1906688K), 0.1706847 secs] [Times: user=1.01 sys=0.00, real=0.17 secs] 
7067.427: [GC (Allocation Failure) [PSYoungGen: 414624K->154528K(500224K)] 1115315K->945820K(1898496K), 0.0561742 secs] [Times: user=0.34 sys=0.00, real=0.05 secs] 
7070.413: [GC (Allocation Failure) [PSYoungGen: 465312K->88896K(504832K)] 1256604K->1034620K(1903104K), 0.1729626 secs] [Times: user=1.03 sys=0.00, real=0.17 secs] 
7071.021: [GC (Allocation Failure) [PSYoungGen: 399680K->150320K(499712K)] 1345404K->1179137K(1897984K), 0.0538339 secs] [Times: user=0.32 sys=0.00, real=0.05 secs] 
7074.162: [GC (Allocation Failure) [PSYoungGen: 455984K->86272K(502272K)] 1484801K->1265113K(1900544K), 0.1508243 secs] [Times: user=0.89 sys=0.01, real=0.15 secs] 
7075.008: [GC (Allocation Failure) [PSYoungGen: 391936K->147168K(498176K)] 1570777K->1405933K(1896448K), 0.0533640 secs] [Times: user=0.32 sys=0.00, real=0.05 secs] 
7075.062: [Full GC (Ergonomics) [PSYoungGen: 147168K->0K(498176K)] [ParOldGen: 1258765K->205240K(1398272K)] 1405933K->205240K(1896448K), [Metaspace: 59701K->59701K(1105920K)], 0.4890683 secs] [Times: user=2.30 sys=0.00, real=0.49 secs] 
7077.771: [GC (Allocation Failure) [PSYoungGen: 301568K->90256K(500224K)] 506808K->295496K(1898496K), 0.1775886 secs] [Times: user=1.05 sys=0.00, real=0.18 secs] 
7080.246: [GC (Allocation Failure) [PSYoungGen: 391824K->140096K(498688K)] 597064K->431498K(1896960K), 0.0487193 secs] [Times: user=0.29 sys=0.01, real=0.05 secs] 
7081.715: [GC (Allocation Failure) [PSYoungGen: 443200K->100192K(499712K)] 734602K->522618K(1897984K), 0.0624840 secs] [Times: user=0.37 sys=0.00, real=0.07 secs] 
7083.437: [GC (Allocation Failure) [PSYoungGen: 403296K->139520K(500224K)] 825722K->659083K(1898496K), 0.0667856 secs] [Times: user=0.40 sys=0.00, real=0.06 secs] 
7085.417: [GC (GCLocker Initiated GC) [PSYoungGen: 446720K->101408K(499712K)] 966283K->751912K(1897984K), 0.0626437 secs] [Times: user=0.37 sys=0.00, real=0.07 secs] 
7088.533: [GC (Allocation Failure) [PSYoungGen: 408608K->138656K(503296K)] 1059115K->888187K(1901568K), 0.0515031 secs] [Times: user=0.30 sys=0.00, real=0.05 secs] 
7090.443: [GC (Allocation Failure) [PSYoungGen: 452512K->106128K(502784K)] 1202043K->985500K(1901056K), 0.0656639 secs] [Times: user=0.39 sys=0.00, real=0.07 secs] 
7093.879: [GC (Allocation Failure) [PSYoungGen: 419984K->141152K(504832K)] 1299356K->1123824K(1903104K), 0.0538458 secs] [Times: user=0.32 sys=0.00, real=0.05 secs] 
7095.138: [GC (Allocation Failure) [PSYoungGen: 460640K->108368K(505856K)] 1443312K->1222985K(1904128K), 0.0645920 secs] [Times: user=0.39 sys=0.01, real=0.06 secs] 
7097.521: [GC (Allocation Failure) [PSYoungGen: 427856K->145792K(507392K)] 1542473K->1365653K(1905664K), 0.0547842 secs] [Times: user=0.32 sys=0.00, real=0.05 secs] 
7098.741: [GC (Allocation Failure) [PSYoungGen: 470400K->110848K(509952K)] 1690261K->1466997K(1908224K), 0.0683615 secs] [Times: user=0.41 sys=0.01, real=0.07 secs] 
7098.810: [Full GC (Ergonomics) [PSYoungGen: 110848K->0K(509952K)] [ParOldGen: 1356149K->36787K(1398272K)] 1466997K->36787K(1908224K), [Metaspace: 59701K->59701K(1105920K)], 0.0706467 secs] [Times: user=0.26 sys=0.00, real=0.07 secs] 
7101.181: [GC (Allocation Failure) [PSYoungGen: 324608K->149200K(508928K)] 361395K->185988K(1907200K), 0.0300148 secs] [Times: user=0.17 sys=0.00, real=0.03 secs] 
7102.458: [GC (Allocation Failure) [PSYoungGen: 476368K->112096K(512512K)] 513156K->289088K(1910784K), 0.0671299 secs] [Times: user=0.39 sys=0.00, real=0.06 secs] 
7104.173: [GC (Allocation Failure) [PSYoungGen: 439264K->153888K(506880K)] 616256K->438589K(1905152K), 0.0539169 secs] [Times: user=0.32 sys=0.01, real=0.06 secs] 
7106.823: [GC (Allocation Failure) [PSYoungGen: 479008K->105600K(512000K)] 763709K->535517K(1910272K), 0.1684828 secs] [Times: user=1.00 sys=0.00, real=0.17 secs] 
7108.967: [GC (Allocation Failure) [PSYoungGen: 423874K->146160K(509952K)] 853791K->677678K(1908224K), 0.0505436 secs] [Times: user=0.30 sys=0.00, real=0.06 secs] 
7112.104: [GC (Allocation Failure) [PSYoungGen: 471280K->108384K(433664K)] 1002798K->776829K(1831936K), 0.1755308 secs] [Times: user=1.05 sys=0.00, real=0.18 secs] 
7113.757: [GC (Allocation Failure) [PSYoungGen: 433504K->153968K(504832K)] 1101949K->926499K(1903104K), 0.0522892 secs] [Times: user=0.31 sys=0.00, real=0.05 secs] 
7115.892: [GC (Allocation Failure) [PSYoungGen: 474992K->98320K(509952K)] 1247523K->1024059K(1908224K), 0.1417563 secs] [Times: user=0.85 sys=0.00, real=0.14 secs] 
7117.360: [GC (Allocation Failure) [PSYoungGen: 419344K->152896K(502784K)] 1345083K->1170419K(1901056K), 0.0973832 secs] [Times: user=0.58 sys=0.00, real=0.10 secs] 
7120.449: [GC (Allocation Failure) [PSYoungGen: 467776K->93248K(506880K)] 1485299K->1263383K(1905152K), 0.1713240 secs] [Times: user=1.02 sys=0.00, real=0.17 secs] 
7121.341: [GC (Allocation Failure) [PSYoungGen: 408128K->150080K(502272K)] 1578263K->1407467K(1900544K), 0.0545167 secs] [Times: user=0.32 sys=0.00, real=0.05 secs] 
7121.396: [Full GC (Ergonomics) [PSYoungGen: 150080K->0K(502272K)] [ParOldGen: 1257387K->210059K(1398272K)] 1407467K->210059K(1900544K), [Metaspace: 59701K->59701K(1105920K)], 0.4930872 secs] [Times: user=2.31 sys=0.00, real=0.50 secs] 
7124.389: [GC (Allocation Failure) [PSYoungGen: 310784K->97664K(504832K)] 520843K->307723K(1903104K), 0.1540127 secs] [Times: user=0.91 sys=0.01, real=0.15 secs] 
7126.141: [GC (Allocation Failure) [PSYoungGen: 408448K->148208K(502272K)] 618507K->445585K(1900544K), 0.0533821 secs] [Times: user=0.31 sys=0.00, real=0.05 secs] 
7128.260: [GC (Allocation Failure) [PSYoungGen: 457968K->94240K(504320K)] 755345K->539321K(1902592K), 0.1625828 secs] [Times: user=0.97 sys=0.00, real=0.16 secs] 
7129.056: [GC (Allocation Failure) [PSYoungGen: 389110K->138912K(501760K)] 834191K->674322K(1900032K), 0.0493014 secs] [Times: user=0.30 sys=0.00, real=0.05 secs] 
7131.847: [GC (Allocation Failure) [PSYoungGen: 450208K->98880K(503296K)] 985618K->764210K(1901568K), 0.0885283 secs] [Times: user=0.52 sys=0.01, real=0.08 secs] 
7134.201: [GC (Allocation Failure) [PSYoungGen: 410176K->145632K(504832K)] 1075506K->906046K(1903104K), 0.0494216 secs] [Times: user=0.30 sys=0.00, real=0.05 secs] 
7136.105: [GC (Allocation Failure) [PSYoungGen: 460512K->103376K(418304K)] 1220926K->999959K(1816576K), 0.1398842 secs] [Times: user=0.83 sys=0.00, real=0.14 secs] 
7137.882: [GC (Allocation Failure) [PSYoungGen: 418256K->148032K(502784K)] 1314839K->1144195K(1901056K), 0.0510175 secs] [Times: user=0.30 sys=0.00, real=0.05 secs] 
7139.427: [GC (Allocation Failure) [PSYoungGen: 462400K->102176K(505856K)] 1458563K->1237571K(1904128K), 0.0926432 secs] [Times: user=0.55 sys=0.00, real=0.10 secs] 
7141.504: [GC (Allocation Failure) [PSYoungGen: 416544K->146208K(505856K)] 1551939K->1379900K(1904128K), 0.0527025 secs] [Times: user=0.30 sys=0.01, real=0.06 secs] 
7141.557: [Full GC (Ergonomics) [PSYoungGen: 146208K->0K(505856K)] [ParOldGen: 1233692K->187371K(1398272K)] 1379900K->187371K(1904128K), [Metaspace: 59701K->59701K(1105920K)], 0.4571256 secs] [Times: user=2.13 sys=0.00, real=0.45 secs] 
7143.105: [GC (Allocation Failure) [PSYoungGen: 316928K->105824K(422912K)] 504299K->293195K(1821184K), 0.0323825 secs] [Times: user=0.19 sys=0.00, real=0.04 secs] 
7145.328: [GC (GCLocker Initiated GC) [PSYoungGen: 422752K->147792K(503296K)] 610124K->437142K(1901568K), 0.0515869 secs] [Times: user=0.31 sys=0.00, real=0.05 secs] 
7146.954: [GC (Allocation Failure) [PSYoungGen: 463696K->104096K(506368K)] 753048K->532540K(1904640K), 0.0814160 secs] [Times: user=0.48 sys=0.01, real=0.08 secs] 
7149.189: [GC (Allocation Failure) [PSYoungGen: 420000K->149184K(505344K)] 848444K->678084K(1903616K), 0.0517261 secs] [Times: user=0.31 sys=0.00, real=0.05 secs] 
7151.115: [GC (GCLocker Initiated GC) [PSYoungGen: 467136K->103120K(508416K)] 996037K->772590K(1906688K), 0.0768249 secs] [Times: user=0.45 sys=0.00, real=0.08 secs] 
7153.389: [GC (Allocation Failure) [PSYoungGen: 421072K->146848K(505856K)] 1090544K->915789K(1904128K), 0.0511477 secs] [Times: user=0.30 sys=0.00, real=0.05 secs] 
7155.698: [GC (Allocation Failure) [PSYoungGen: 464800K->105648K(423936K)] 1233741K->1012381K(1822208K), 0.0888422 secs] [Times: user=0.53 sys=0.00, real=0.09 secs] 
7158.509: [GC (Allocation Failure) [PSYoungGen: 423600K->148224K(505344K)] 1330333K->1156378K(1903616K), 0.0888731 secs] [Times: user=0.51 sys=0.00, real=0.09 secs] 
7160.222: [GC (Allocation Failure) [PSYoungGen: 466176K->105696K(507904K)] 1474330K->1253738K(1906176K), 0.0658220 secs] [Times: user=0.39 sys=0.00, real=0.07 secs] 
7162.195: [GC (Allocation Failure) [PSYoungGen: 423648K->148544K(506368K)] 1571690K->1398521K(1904640K), 0.0514357 secs] [Times: user=0.31 sys=0.00, real=0.05 secs] 
7162.247: [Full GC (Ergonomics) [PSYoungGen: 148544K->0K(506368K)] [ParOldGen: 1249977K->197139K(1398272K)] 1398521K->197139K(1904640K), [Metaspace: 59701K->59701K(1105920K)], 0.4753328 secs] [Times: user=2.21 sys=0.00, real=0.48 secs] 
7164.094: [GC (Allocation Failure) [PSYoungGen: 318976K->107520K(427008K)] 516115K->304659K(1825280K), 0.0379874 secs] [Times: user=0.22 sys=0.00, real=0.04 secs] 
7166.635: [GC (Allocation Failure) [PSYoungGen: 423249K->143648K(507904K)] 620388K->444443K(1906176K), 0.0502332 secs] [Times: user=0.30 sys=0.00, real=0.05 secs] 
7169.596: [GC (Allocation Failure) [PSYoungGen: 464672K->106720K(508416K)] 765467K->542243K(1906688K), 0.1194800 secs] [Times: user=0.71 sys=0.00, real=0.12 secs] 
7171.277: [GC (Allocation Failure) [PSYoungGen: 418858K->144288K(507904K)] 854382K->682560K(1906176K), 0.0500843 secs] [Times: user=0.30 sys=0.00, real=0.05 secs] 
7173.713: [GC (Allocation Failure) [PSYoungGen: 467360K->109216K(509440K)] 1005632K->783080K(1907712K), 0.1451699 secs] [Times: user=0.87 sys=0.00, real=0.15 secs] 
7174.976: [GC (Allocation Failure) [PSYoungGen: 432288K->150944K(507392K)] 1106152K->930013K(1905664K), 0.0526510 secs] [Times: user=0.32 sys=0.00, real=0.06 secs] 
7178.042: [GC (Allocation Failure) [PSYoungGen: 470975K->96624K(510976K)] 1250044K->1025502K(1909248K), 0.1573955 secs] [Times: user=0.94 sys=0.00, real=0.16 secs] 
7179.687: [GC (GCLocker Initiated GC) [PSYoungGen: 420720K->150752K(505344K)] 1349598K->1172254K(1903616K), 0.0862486 secs] [Times: user=0.49 sys=0.01, real=0.08 secs] 
7182.760: [GC (Allocation Failure) [PSYoungGen: 469728K->95872K(508928K)] 1491282K->1267722K(1907200K), 0.1669923 secs] [Times: user=0.99 sys=0.00, real=0.16 secs] 
7184.006: [GC (Allocation Failure) [PSYoungGen: 414848K->153280K(500736K)] 1586698K->1414295K(1899008K), 0.0557267 secs] [Times: user=0.33 sys=0.00, real=0.06 secs] 
7184.062: [Full GC (Ergonomics) [PSYoungGen: 153280K->0K(500736K)] [ParOldGen: 1261015K->212190K(1398272K)] 1414295K->212190K(1899008K), [Metaspace: 59701K->59701K(1105920K)], 0.5077419 secs] [Times: user=2.37 sys=0.00, real=0.51 secs] 
7186.518: [GC (Allocation Failure) [PSYoungGen: 311808K->92944K(505344K)] 523998K->305135K(1903616K), 0.1340162 secs] [Times: user=0.79 sys=0.00, real=0.13 secs] 
7186.934: [GC (Allocation Failure) [PSYoungGen: 404752K->166304K(487936K)] 616943K->465600K(1886208K), 0.0538705 secs] [Times: user=0.32 sys=0.00, real=0.06 secs] 
7189.802: [GC (Allocation Failure) [PSYoungGen: 461728K->85920K(497152K)] 761024K->534732K(1895424K), 0.0717328 secs] [Times: user=0.43 sys=0.00, real=0.07 secs] 
7190.968: [GC (Allocation Failure) [PSYoungGen: 381344K->137360K(491520K)] 830156K->667848K(1889792K), 0.0474241 secs] [Times: user=0.28 sys=0.00, real=0.04 secs] 
7194.052: [GC (Allocation Failure) [PSYoungGen: 433296K->96640K(494592K)] 963784K->754864K(1892864K), 0.0610223 secs] [Times: user=0.36 sys=0.01, real=0.06 secs] 
7196.479: [GC (Allocation Failure) [PSYoungGen: 392576K->134144K(493568K)] 1050800K->886092K(1891840K), 0.0487562 secs] [Times: user=0.28 sys=0.00, real=0.05 secs] 
7198.339: [GC (Allocation Failure) [PSYoungGen: 438272K->103216K(497152K)] 1190220K->979945K(1895424K), 0.0662480 secs] [Times: user=0.39 sys=0.00, real=0.06 secs] 
7199.927: [GC (Allocation Failure) [PSYoungGen: 407344K->136512K(503808K)] 1284073K->1114605K(1902080K), 0.0620404 secs] [Times: user=0.29 sys=0.01, real=0.06 secs] 
7201.716: [GC (Allocation Failure) [PSYoungGen: 452928K->111840K(504832K)] 1431021K->1216881K(1903104K), 0.0652399 secs] [Times: user=0.39 sys=0.00, real=0.07 secs] 
7203.322: [GC (Allocation Failure) [PSYoungGen: 428256K->143840K(504832K)] 1533297K->1358901K(1903104K), 0.0589079 secs] [Times: user=0.35 sys=0.00, real=0.06 secs] 
7205.796: [GC (Allocation Failure) [PSYoungGen: 464864K->109728K(506880K)] 1679925K->1459081K(1905152K), 0.0664333 secs] [Times: user=0.39 sys=0.00, real=0.07 secs] 
7205.863: [Full GC (Ergonomics) [PSYoungGen: 109728K->0K(506880K)] [ParOldGen: 1349353K->29060K(1398272K)] 1459081K->29060K(1905152K), [Metaspace: 59702K->59702K(1105920K)], 0.0530661 secs] [Times: user=0.17 sys=0.00, real=0.05 secs] 
7208.048: [GC (Allocation Failure) [PSYoungGen: 321024K->144064K(509440K)] 350084K->173124K(1907712K), 0.0319207 secs] [Times: user=0.18 sys=0.00, real=0.03 secs] 
7210.504: [GC (Allocation Failure) [PSYoungGen: 471232K->111792K(511488K)] 500292K->275461K(1909760K), 0.0652109 secs] [Times: user=0.38 sys=0.00, real=0.07 secs] 
7212.078: [GC (Allocation Failure) [PSYoungGen: 438960K->149744K(508416K)] 602629K->423061K(1906688K), 0.0543471 secs] [Times: user=0.32 sys=0.00, real=0.05 secs] 
7215.218: [GC (Allocation Failure) [PSYoungGen: 477936K->111008K(512512K)] 751253K->524733K(1910784K), 0.0665878 secs] [Times: user=0.40 sys=0.00, real=0.06 secs] 
7217.128: [GC (GCLocker Initiated GC) [PSYoungGen: 439200K->150736K(509440K)] 852925K->672198K(1907712K), 0.0541925 secs] [Times: user=0.31 sys=0.00, real=0.05 secs] 
7218.803: [GC (Allocation Failure) [PSYoungGen: 478928K->113248K(513536K)] 1000441K->776469K(1911808K), 0.0681637 secs] [Times: user=0.40 sys=0.00, real=0.07 secs] 
7219.895: [GC (Allocation Failure) [PSYoungGen: 441440K->154464K(506880K)] 1104661K->927625K(1905152K), 0.0550302 secs] [Times: user=0.33 sys=0.00, real=0.06 secs] 
7222.509: [GC (GCLocker Initiated GC) [PSYoungGen: 479584K->98000K(512000K)] 1252745K->1024658K(1910272K), 0.1636419 secs] [Times: user=0.97 sys=0.00, real=0.16 secs] 
7223.391: [GC (Allocation Failure) [PSYoungGen: 423120K->155328K(503296K)] 1349830K->1174302K(1901568K), 0.0573859 secs] [Times: user=0.34 sys=0.00, real=0.06 secs] 
7227.067: [GC (Allocation Failure) [PSYoungGen: 472256K->92064K(507904K)] 1491230K->1265678K(1906176K), 0.1568935 secs] [Times: user=0.94 sys=0.00, real=0.16 secs] 
7227.565: [GC (Allocation Failure) [PSYoungGen: 408992K->153184K(499712K)] 1582606K->1413231K(1897984K), 0.0542048 secs] [Times: user=0.32 sys=0.00, real=0.06 secs] 
7227.619: [Full GC (Ergonomics) [PSYoungGen: 153184K->0K(499712K)] [ParOldGen: 1260047K->216817K(1398272K)] 1413231K->216817K(1897984K), [Metaspace: 59702K->59702K(1105920K)], 0.5188670 secs] [Times: user=2.43 sys=0.00, real=0.52 secs] 
7229.958: [GC (Allocation Failure) [PSYoungGen: 308736K->92624K(503808K)] 525553K->309442K(1902080K), 0.0860050 secs] [Times: user=0.51 sys=0.00, real=0.08 secs] 
7230.590: [GC (Allocation Failure) [PSYoungGen: 401360K->149312K(500224K)] 618178K->453086K(1898496K), 0.0653425 secs] [Times: user=0.37 sys=0.00, real=0.06 secs] 
7234.331: [GC (Allocation Failure) [PSYoungGen: 452656K->86784K(502272K)] 756430K->539814K(1900544K), 0.1576184 secs] [Times: user=0.93 sys=0.00, real=0.16 secs] 
7235.627: [GC (Allocation Failure) [PSYoungGen: 381168K->138368K(499200K)] 834198K->674247K(1897472K), 0.0485214 secs] [Times: user=0.29 sys=0.00, real=0.04 secs] 
7236.763: [GC (Allocation Failure) [PSYoungGen: 444032K->99888K(500736K)] 979911K->765400K(1899008K), 0.0616366 secs] [Times: user=0.36 sys=0.00, real=0.06 secs] 
7239.142: [GC (Allocation Failure) [PSYoungGen: 405552K->142848K(501248K)] 1071064K->904198K(1899520K), 0.0489467 secs] [Times: user=0.28 sys=0.01, real=0.05 secs] 
7241.540: [GC (Allocation Failure) [PSYoungGen: 452096K->102320K(502272K)] 1213446K->997651K(1900544K), 0.0635433 secs] [Times: user=0.38 sys=0.00, real=0.06 secs] 
7243.711: [GC (Allocation Failure) [PSYoungGen: 411568K->143040K(502272K)] 1306899K->1137239K(1900544K), 0.0508430 secs] [Times: user=0.29 sys=0.00, real=0.05 secs] 
7244.900: [GC (Allocation Failure) [PSYoungGen: 455872K->105520K(503296K)] 1450071K->1234024K(1901568K), 0.0643258 secs] [Times: user=0.37 sys=0.01, real=0.06 secs] 
7246.348: [GC (Allocation Failure) [PSYoungGen: 418352K->144896K(504832K)] 1546856K->1375496K(1903104K), 0.0518304 secs] [Times: user=0.31 sys=0.00, real=0.05 secs] 
7246.400: [Full GC (Ergonomics) [PSYoungGen: 144896K->0K(504832K)] [ParOldGen: 1230600K->180721K(1398272K)] 1375496K->180721K(1903104K), [Metaspace: 59702K->59702K(1105920K)], 0.4452143 secs] [Times: user=2.06 sys=0.00, real=0.44 secs] 
7250.258: [GC (Allocation Failure) [PSYoungGen: 317440K->101808K(506368K)] 498161K->282529K(1904640K), 0.0455050 secs] [Times: user=0.25 sys=0.01, real=0.04 secs] 
7251.973: [GC (Allocation Failure) [PSYoungGen: 419248K->146384K(506368K)] 599969K->426275K(1904640K), 0.0620768 secs] [Times: user=0.37 sys=0.00, real=0.06 secs] 
7254.204: [GC (Allocation Failure) [PSYoungGen: 466384K->109040K(508928K)] 746275K->526603K(1907200K), 0.0660497 secs] [Times: user=0.39 sys=0.00, real=0.07 secs] 
7256.719: [GC (Allocation Failure) [PSYoungGen: 429040K->147872K(505856K)] 846603K->670835K(1904128K), 0.0535775 secs] [Times: user=0.31 sys=0.00, real=0.05 secs] 
7258.672: [GC (Allocation Failure) [PSYoungGen: 468384K->109904K(508928K)] 991347K->771916K(1907200K), 0.0663719 secs] [Times: user=0.39 sys=0.00, real=0.07 secs] 
7260.194: [GC (Allocation Failure) [PSYoungGen: 430416K->150608K(506368K)] 1092428K->918865K(1904640K), 0.0530877 secs] [Times: user=0.31 sys=0.00, real=0.06 secs] 
7262.106: [GC (Allocation Failure) [PSYoungGen: 472144K->106720K(509952K)] 1240401K->1016568K(1908224K), 0.0655556 secs] [Times: user=0.39 sys=0.01, real=0.07 secs] 
7263.300: [GC (Allocation Failure) [PSYoungGen: 420609K->145664K(509952K)] 1330458K->1158693K(1908224K), 0.0521774 secs] [Times: user=0.31 sys=0.00, real=0.05 secs] 
7266.012: [GC (Allocation Failure) [PSYoungGen: 469760K->106464K(430592K)] 1482789K->1256309K(1828864K), 0.0660952 secs] [Times: user=0.40 sys=0.00, real=0.07 secs] 
7267.343: [GC (Allocation Failure) [PSYoungGen: 430560K->169312K(492544K)] 1580405K->1421954K(1890816K), 0.0542606 secs] [Times: user=0.32 sys=0.00, real=0.06 secs] 
7267.397: [Full GC (Ergonomics) [PSYoungGen: 169312K->0K(492544K)] [ParOldGen: 1252642K->204135K(1398272K)] 1421954K->204135K(1890816K), [Metaspace: 59702K->59702K(1105920K)], 0.4808813 secs] [Times: user=2.23 sys=0.00, real=0.48 secs] 
7269.186: [GC (Allocation Failure) [PSYoungGen: 307712K->89584K(503296K)] 511847K->293720K(1901568K), 0.0948379 secs] [Times: user=0.55 sys=0.01, real=0.10 secs] 
7271.211: [GC (Allocation Failure) [PSYoungGen: 397296K->145040K(503296K)] 601432K->434609K(1901568K), 0.0486813 secs] [Times: user=0.28 sys=0.00, real=0.05 secs] 
7272.650: [GC (Allocation Failure) [PSYoungGen: 452752K->101984K(410112K)] 742321K->527496K(1808384K), 0.0687270 secs] [Times: user=0.40 sys=0.00, real=0.07 secs] 
7275.280: [GC (Allocation Failure) [PSYoungGen: 409696K->142576K(500736K)] 835208K->666390K(1899008K), 0.0497463 secs] [Times: user=0.30 sys=0.00, real=0.05 secs] 
7276.413: [GC (Allocation Failure) [PSYoungGen: 450288K->103824K(500736K)] 974102K->761042K(1899008K), 0.0643226 secs] [Times: user=0.37 sys=0.00, real=0.07 secs] 
7277.257: [GC (Allocation Failure) [PSYoungGen: 411536K->153216K(499200K)] 1068754K->910762K(1897472K), 0.0519136 secs] [Times: user=0.31 sys=0.00, real=0.05 secs] 
7279.056: [GC (Allocation Failure) [PSYoungGen: 461952K->101840K(503296K)] 1219498K->995242K(1901568K), 0.0653099 secs] [Times: user=0.38 sys=0.00, real=0.07 secs] 
7280.287: [GC (Allocation Failure) [PSYoungGen: 410576K->144688K(503808K)] 1303978K->1136999K(1902080K), 0.0854699 secs] [Times: user=0.50 sys=0.01, real=0.08 secs] 
7282.061: [GC (Allocation Failure) [PSYoungGen: 457008K->101008K(504832K)] 1449319K->1229567K(1903104K), 0.0673632 secs] [Times: user=0.39 sys=0.01, real=0.07 secs] 
7284.484: [GC (Allocation Failure) [PSYoungGen: 413328K->143776K(504832K)] 1541887K->1370555K(1903104K), 0.0532320 secs] [Times: user=0.32 sys=0.00, real=0.06 secs] 
7284.537: [Full GC (Ergonomics) [PSYoungGen: 143776K->0K(504832K)] [ParOldGen: 1226779K->177394K(1398272K)] 1370555K->177394K(1903104K), [Metaspace: 59702K->59702K(1105920K)], 0.4379674 secs] [Times: user=2.05 sys=0.00, real=0.43 secs] 
7286.777: [GC (Allocation Failure) [PSYoungGen: 314368K->106224K(505344K)] 491762K->283619K(1903616K), 0.0455678 secs] [Times: user=0.27 sys=0.01, real=0.04 secs] 
7289.314: [GC (Allocation Failure) [PSYoungGen: 420592K->152000K(501248K)] 597987K->433443K(1899520K), 0.0530763 secs] [Times: user=0.31 sys=0.00, real=0.06 secs] 
7291.576: [GC (Allocation Failure) [PSYoungGen: 465344K->105232K(505344K)] 746787K->521740K(1903616K), 0.0651474 secs] [Times: user=0.39 sys=0.00, real=0.07 secs] 
7294.060: [GC (Allocation Failure) [PSYoungGen: 418576K->149680K(504320K)] 835084K->669365K(1902592K), 0.0532451 secs] [Times: user=0.31 sys=0.01, real=0.05 secs] 
7295.370: [GC (Allocation Failure) [PSYoungGen: 464560K->107136K(422400K)] 984245K->759396K(1820672K), 0.0652898 secs] [Times: user=0.39 sys=0.00, real=0.06 secs] 
7297.362: [GC (Allocation Failure) [PSYoungGen: 422016K->143120K(505856K)] 1074276K->900694K(1904128K), 0.0541497 secs] [Times: user=0.31 sys=0.00, real=0.05 secs] 
7299.426: [GC (GCLocker Initiated GC) [PSYoungGen: 460048K->105440K(506368K)] 1217622K->997137K(1904640K), 0.0649553 secs] [Times: user=0.38 sys=0.00, real=0.07 secs] 
7300.287: [GC (Allocation Failure) [PSYoungGen: 422368K->152448K(503296K)] 1314121K->1147130K(1901568K), 0.0541204 secs] [Times: user=0.32 sys=0.00, real=0.06 secs] 
7301.649: [GC (GCLocker Initiated GC) [PSYoungGen: 468864K->105072K(507392K)] 1463546K->1234178K(1905664K), 0.0667590 secs] [Times: user=0.39 sys=0.01, real=0.06 secs] 
7302.444: [GC (Allocation Failure) [PSYoungGen: 421488K->148000K(506368K)] 1550646K->1379378K(1904640K), 0.0534983 secs] [Times: user=0.31 sys=0.01, real=0.06 secs] 
7302.497: [Full GC (Ergonomics) [PSYoungGen: 148000K->0K(506368K)] [ParOldGen: 1231378K->177025K(1398272K)] 1379378K->177025K(1904640K), [Metaspace: 59702K->59702K(1105920K)], 0.4268370 secs] [Times: user=1.99 sys=0.00, real=0.42 secs] 
Heap
 PSYoungGen      total 506368K, used 249118K [0x00000000d5