5.588: [GC (Allocation Failure) [PSYoungGen: 128000K->12475K(148992K)] 128000K->12563K(488960K), 0.0219670 secs] [Times: user=0.03 sys=0.01, real=0.02 secs] 
6.056: [GC (Metadata GC Threshold) [PSYoungGen: 48871K->6060K(148992K)] 48959K->6156K(488960K), 0.0046242 secs] [Times: user=0.02 sys=0.01, real=0.00 secs] 
6.061: [Full GC (Metadata GC Threshold) [PSYoungGen: 6060K->0K(148992K)] [ParOldGen: 96K->5931K(134144K)] 6156K->5931K(283136K), [Metaspace: 20456K->20456K(1067008K)], 0.0190949 secs] [Times: user=0.06 sys=0.00, real=0.02 secs] 
7.286: [GC (Allocation Failure) [PSYoungGen: 128000K->9773K(148992K)] 133931K->15713K(283136K), 0.0030975 secs] [Times: user=0.01 sys=0.00, real=0.00 secs] 
7.781: [GC (Metadata GC Threshold) [PSYoungGen: 38152K->4684K(148992K)] 44091K->10632K(283136K), 0.0027338 secs] [Times: user=0.02 sys=0.00, real=0.00 secs] 
7.784: [Full GC (Metadata GC Threshold) [PSYoungGen: 4684K->0K(148992K)] [ParOldGen: 5947K->8877K(216064K)] 10632K->8877K(365056K), [Metaspace: 33758K->33758K(1081344K)], 0.0211555 secs] [Times: user=0.06 sys=0.00, real=0.02 secs] 
9.132: [GC (Allocation Failure) [PSYoungGen: 128000K->12821K(148992K)] 136877K->21707K(365056K), 0.0040456 secs] [Times: user=0.01 sys=0.00, real=0.00 secs] 
9.836: [GC (Allocation Failure) [PSYoungGen: 139468K->14778K(188416K)] 148353K->56439K(404480K), 0.0098862 secs] [Times: user=0.04 sys=0.01, real=0.01 secs] 
11.010: [GC (Allocation Failure) [PSYoungGen: 177056K->4774K(190464K)] 218718K->111988K(406528K), 0.0128965 secs] [Times: user=0.05 sys=0.02, real=0.02 secs] 
12.123: [GC (Allocation Failure) [PSYoungGen: 162526K->4758K(277504K)] 269740K->177508K(493568K), 0.0129050 secs] [Times: user=0.06 sys=0.01, real=0.01 secs] 
12.136: [Full GC (Ergonomics) [PSYoungGen: 4758K->0K(277504K)] [ParOldGen: 172749K->159789K(506880K)] 177508K->159789K(784384K), [Metaspace: 52393K->52393K(1097728K)], 0.1017939 secs] [Times: user=0.46 sys=0.00, real=0.10 secs] 
14.178: [GC (Allocation Failure) [PSYoungGen: 259584K->17505K(277504K)] 419373K->178327K(784384K), 0.0033602 secs] [Times: user=0.02 sys=0.00, real=0.01 secs] 
15.350: [GC (Allocation Failure) [PSYoungGen: 277089K->722K(334848K)] 437911K->259848K(841728K), 0.0098210 secs] [Times: user=0.04 sys=0.01, real=0.01 secs] 
18.230: [GC (Allocation Failure) [PSYoungGen: 315090K->1762K(335360K)] 574216K->260896K(842240K), 0.0022947 secs] [Times: user=0.01 sys=0.00, real=0.01 secs] 
22.178: [GC (Allocation Failure) [PSYoungGen: 316130K->2235K(375296K)] 575264K->261369K(882176K), 0.0038847 secs] [Times: user=0.01 sys=0.00, real=0.01 secs] 
24.827: [GC (Allocation Failure) [PSYoungGen: 365755K->3042K(384512K)] 624889K->262176K(891392K), 0.0018172 secs] [Times: user=0.00 sys=0.01, real=0.00 secs] 
27.995: [GC (Allocation Failure) [PSYoungGen: 366562K->18386K(424960K)] 625696K->277528K(931840K), 0.0040064 secs] [Times: user=0.02 sys=0.00, real=0.00 secs] 
32.229: [GC (Allocation Failure) [PSYoungGen: 423378K->1954K(428032K)] 682520K->261104K(934912K), 0.0038162 secs] [Times: user=0.01 sys=0.00, real=0.01 secs] 
36.817: [GC (Allocation Failure) [PSYoungGen: 406946K->1986K(454656K)] 666096K->261136K(961536K), 0.0037291 secs] [Times: user=0.01 sys=0.00, real=0.00 secs] 
40.540: [GC (Allocation Failure) [PSYoungGen: 440770K->18402K(460800K)] 699920K->277552K(967680K), 0.0033748 secs] [Times: user=0.01 sys=0.00, real=0.01 secs] 
44.507: [GC (Allocation Failure) [PSYoungGen: 457186K->2002K(476160K)] 716336K->261160K(983040K), 0.0023047 secs] [Times: user=0.01 sys=0.00, real=0.00 secs] 
49.387: [GC (Allocation Failure) [PSYoungGen: 458706K->18402K(480768K)] 717864K->277568K(987648K), 0.0034132 secs] [Times: user=0.02 sys=0.00, real=0.00 secs] 
51.967: [GC (Allocation Failure) [PSYoungGen: 475106K->1986K(495616K)] 734272K->261160K(1002496K), 0.0019991 secs] [Times: user=0.01 sys=0.00, real=0.00 secs] 
54.912: [GC (Allocation Failure) [PSYoungGen: 473538K->18434K(497664K)] 732712K->277608K(1004544K), 0.0032475 secs] [Times: user=0.01 sys=0.00, real=0.00 secs] 
59.882: [GC (Allocation Failure) [PSYoungGen: 489986K->2050K(510976K)] 749160K->261232K(1017856K), 0.0034234 secs] [Times: user=0.01 sys=0.00, real=0.00 secs] 
66.229: [GC (Allocation Failure) [PSYoungGen: 487426K->18402K(513024K)] 746608K->277592K(1019904K), 0.0035858 secs] [Times: user=0.01 sys=0.01, real=0.01 secs] 
70.199: [GC (Allocation Failure) [PSYoungGen: 503778K->1645K(472064K)] 762968K->261213K(978944K), 0.0021077 secs] [Times: user=0.01 sys=0.00, real=0.01 secs] 
77.561: [GC (Allocation Failure) [PSYoungGen: 471661K->1664K(457728K)] 731229K->261256K(964608K), 0.0039653 secs] [Times: user=0.01 sys=0.00, real=0.01 secs] 
81.680: [GC (Allocation Failure) [PSYoungGen: 457344K->1616K(443904K)] 716936K->261264K(950784K), 0.0017256 secs] [Times: user=0.00 sys=0.00, real=0.01 secs] 
87.080: [GC (Allocation Failure) [PSYoungGen: 443472K->1504K(430080K)] 703120K->261336K(936960K), 0.0041915 secs] [Times: user=0.01 sys=0.00, real=0.01 secs] 
92.401: [GC (Allocation Failure) [PSYoungGen: 430048K->1520K(417280K)] 689880K->261400K(924160K), 0.0026389 secs] [Times: user=0.01 sys=0.00, real=0.01 secs] 
96.612: [GC (Allocation Failure) [PSYoungGen: 417264K->9696K(413184K)] 677144K->269600K(920064K), 0.0024230 secs] [Times: user=0.01 sys=0.00, real=0.00 secs] 
101.003: [GC (Allocation Failure) [PSYoungGen: 413152K->1488K(393216K)] 673056K->261432K(900096K), 0.0021948 secs] [Times: user=0.00 sys=0.00, real=0.00 secs] 
105.640: [GC (Allocation Failure) [PSYoungGen: 393168K->1472K(403968K)] 653112K->261456K(910848K), 0.0023095 secs] [Times: user=0.00 sys=0.00, real=0.01 secs] 
108.581: [GC (Allocation Failure) [PSYoungGen: 381888K->368K(370176K)] 641872K->260360K(877056K), 0.0020601 secs] [Times: user=0.01 sys=0.00, real=0.01 secs] 
113.908: [GC (Allocation Failure) [PSYoungGen: 370032K->9664K(369152K)] 630024K->269680K(876032K), 0.0021428 secs] [Times: user=0.01 sys=0.00, real=0.00 secs] 
117.271: [GC (Allocation Failure) [PSYoungGen: 369088K->17840K(367616K)] 629104K->277880K(874496K), 0.0029533 secs] [Times: user=0.02 sys=0.00, real=0.01 secs] 
120.121: [GC (Allocation Failure) [PSYoungGen: 367536K->1520K(342016K)] 627576K->261576K(848896K), 0.0021222 secs] [Times: user=0.01 sys=0.01, real=0.01 secs] 
122.621: [GC (Allocation Failure) [PSYoungGen: 342000K->1440K(332800K)] 602056K->261536K(839680K), 0.0018202 secs] [Times: user=0.01 sys=0.00, real=0.01 secs] 
125.049: [GC (Allocation Failure) [PSYoungGen: 332704K->1456K(345600K)] 592800K->261552K(852480K), 0.0018084 secs] [Times: user=0.01 sys=0.00, real=0.00 secs] 
127.497: [GC (Allocation Failure) [PSYoungGen: 324016K->1456K(315904K)] 584112K->261584K(822784K), 0.0026922 secs] [Times: user=0.01 sys=0.00, real=0.00 secs] 
130.134: [GC (Allocation Failure) [PSYoungGen: 315824K->1520K(327168K)] 575952K->261664K(834048K), 0.0023227 secs] [Times: user=0.01 sys=0.00, real=0.00 secs] 
133.064: [GC (Allocation Failure) [PSYoungGen: 307696K->1440K(300032K)] 567840K->261600K(806912K), 0.0028141 secs] [Times: user=0.01 sys=0.00, real=0.00 secs] 
136.916: [GC (Allocation Failure) [PSYoungGen: 299936K->1456K(309760K)] 560096K->261616K(816640K), 0.0023022 secs] [Times: user=0.01 sys=0.00, real=0.00 secs] 
139.750: [GC (Allocation Failure) [PSYoungGen: 292272K->1472K(285184K)] 552432K->261640K(792064K), 0.0021123 secs] [Times: user=0.01 sys=0.00, real=0.01 secs] 
142.288: [GC (Allocation Failure) [PSYoungGen: 285120K->1472K(278528K)] 545288K->261664K(785408K), 0.0022982 secs] [Times: user=0.00 sys=0.00, real=0.00 secs] 
144.827: [GC (Allocation Failure) [PSYoungGen: 278464K->9680K(280064K)] 538656K->278080K(786944K), 0.0036598 secs] [Times: user=0.02 sys=0.00, real=0.00 secs] 
147.500: [GC (Allocation Failure) [PSYoungGen: 280016K->9664K(273920K)] 548416K->278072K(780800K), 0.0019916 secs] [Times: user=0.01 sys=0.00, real=0.01 secs] 
149.593: [GC (Allocation Failure) [PSYoungGen: 273856K->1728K(260096K)] 542264K->270144K(766976K), 0.0021058 secs] [Times: user=0.01 sys=0.00, real=0.00 secs] 
151.389: [GC (Allocation Failure) [PSYoungGen: 259776K->1424K(253440K)] 528192K->269840K(760320K), 0.0026332 secs] [Times: user=0.01 sys=0.00, real=0.01 secs] 
153.513: [GC (Allocation Failure) [PSYoungGen: 253328K->1472K(247808K)] 521744K->269920K(754688K), 0.0023336 secs] [Times: user=0.01 sys=0.00, real=0.00 secs] 
156.770: [GC (Allocation Failure) [PSYoungGen: 247744K->1440K(256512K)] 516192K->269888K(763392K), 0.0034573 secs] [Times: user=0.01 sys=0.00, real=0.01 secs] 
159.297: [GC (Allocation Failure) [PSYoungGen: 242080K->9664K(245248K)] 510528K->278120K(752128K), 0.0023485 secs] [Times: user=0.01 sys=0.00, real=0.00 secs] 
160.613: [GC (Allocation Failure) [PSYoungGen: 245184K->1424K(231936K)] 513640K->269904K(738816K), 0.0021387 secs] [Times: user=0.00 sys=0.00, real=0.00 secs] 
163.101: [GC (Allocation Failure) [PSYoungGen: 231824K->1472K(231424K)] 500304K->269960K(738304K), 0.0027630 secs] [Times: user=0.01 sys=0.00, real=0.01 secs] 
165.732: [GC (Allocation Failure) [PSYoungGen: 226752K->9648K(230400K)] 495240K->286360K(737280K), 0.0072400 secs] [Times: user=0.03 sys=0.00, real=0.00 secs] 
168.167: [GC (Allocation Failure) [PSYoungGen: 230320K->5504K(226304K)] 507032K->282224K(733184K), 0.0040169 secs] [Times: user=0.02 sys=0.00, real=0.00 secs] 
170.531: [GC (Allocation Failure) [PSYoungGen: 221568K->1424K(212992K)] 498288K->278160K(719872K), 0.0024543 secs] [Times: user=0.01 sys=0.00, real=0.01 secs] 
173.107: [GC (Allocation Failure) [PSYoungGen: 212880K->1440K(216576K)] 489616K->278184K(723456K), 0.0026791 secs] [Times: user=0.01 sys=0.00, real=0.00 secs] 
175.271: [GC (Allocation Failure) [PSYoungGen: 208800K->9632K(212992K)] 485544K->286384K(719872K), 0.0020939 secs] [Times: user=0.01 sys=0.00, real=0.01 secs] 
178.370: [GC (Allocation Failure) [PSYoungGen: 212896K->1440K(209408K)] 489648K->278200K(716288K), 0.0026416 secs] [Times: user=0.01 sys=0.00, real=0.01 secs] 
180.564: [GC (Allocation Failure) [PSYoungGen: 200608K->1424K(196608K)] 477368K->278192K(703488K), 0.0024962 secs] [Times: user=0.01 sys=0.00, real=0.00 secs] 
184.127: [GC (Allocation Failure) [PSYoungGen: 196496K->2512K(200704K)] 473264K->279280K(707584K), 0.0023835 secs] [Times: user=0.01 sys=0.00, real=0.00 secs] 
186.341: [GC (Allocation Failure) [PSYoungGen: 194000K->1392K(189440K)] 470768K->278168K(696320K), 0.0030044 secs] [Times: user=0.01 sys=0.00, real=0.00 secs] 
187.950: [GC (Allocation Failure) [PSYoungGen: 189296K->9680K(196608K)] 466072K->294648K(703488K), 0.0029730 secs] [Times: user=0.01 sys=0.00, real=0.01 secs] 
188.727: [GC (Allocation Failure) [PSYoungGen: 194000K->1392K(182272K)] 478968K->286376K(689152K), 0.0022991 secs] [Times: user=0.00 sys=0.00, real=0.00 secs] 
190.468: [GC (Allocation Failure) [PSYoungGen: 182128K->1488K(187392K)] 467112K->286480K(694272K), 0.0022011 secs] [Times: user=0.01 sys=0.00, real=0.00 secs] 
192.310: [GC (Allocation Failure) [PSYoungGen: 179152K->1437K(176128K)] 464144K->286429K(683008K), 0.0015004 secs] [Times: user=0.01 sys=0.00, real=0.01 secs] 
193.700: [GC (Allocation Failure) [PSYoungGen: 176029K->1488K(179712K)] 461021K->286480K(686592K), 0.0021892 secs] [Times: user=0.01 sys=0.00, real=0.01 secs] 
195.728: [GC (Allocation Failure) [PSYoungGen: 173008K->3504K(172032K)] 458000K->288496K(678912K), 0.0018407 secs] [Times: user=0.01 sys=0.00, real=0.00 secs] 
196.460: [GC (Allocation Failure) [PSYoungGen: 171952K->1408K(172544K)] 456944K->286416K(679424K), 0.0018208 secs] [Times: user=0.00 sys=0.00, real=0.01 secs] 
197.983: [GC (Allocation Failure) [PSYoungGen: 166784K->9712K(172544K)] 451792K->294720K(679424K), 0.0019064 secs] [Times: user=0.01 sys=0.00, real=0.00 secs] 
199.070: [GC (Allocation Failure) [PSYoungGen: 172528K->1440K(168960K)] 457536K->286448K(675840K), 0.0030862 secs] [Times: user=0.01 sys=0.00, real=0.01 secs] 
200.932: [GC (Allocation Failure) [PSYoungGen: 161696K->9680K(167424K)] 446704K->294696K(674304K), 0.0036732 secs] [Times: user=0.01 sys=0.00, real=0.00 secs] 
202.610: [GC (Allocation Failure) [PSYoungGen: 167376K->1424K(164864K)] 452392K->286448K(671744K), 0.0038081 secs] [Times: user=0.01 sys=0.00, real=0.01 secs] 
204.597: [GC (Allocation Failure) [PSYoungGen: 156560K->9632K(162304K)] 441584K->294656K(669184K), 0.0017001 secs] [Times: user=0.01 sys=0.00, real=0.00 secs] 
206.112: [GC (Allocation Failure) [PSYoungGen: 162208K->1440K(160768K)] 447232K->286472K(667648K), 0.0021939 secs] [Times: user=0.01 sys=0.00, real=0.00 secs] 
208.583: [GC (Allocation Failure) [PSYoungGen: 151456K->9664K(157184K)] 436488K->294736K(664064K), 0.0018779 secs] [Times: user=0.01 sys=0.00, real=0.00 secs] 
209.812: [GC (Allocation Failure) [PSYoungGen: 157120K->1360K(157184K)] 442192K->286440K(664064K), 0.0020855 secs] [Times: user=0.00 sys=0.00, real=0.00 secs] 
211.311: [GC (Allocation Failure) [PSYoungGen: 146768K->3488K(146944K)] 431848K->288576K(653824K), 0.0020668 secs] [Times: user=0.01 sys=0.00, real=0.00 secs] 
212.173: [GC (Allocation Failure) [PSYoungGen: 146848K->1440K(152064K)] 431936K->286528K(658944K), 0.0018452 secs] [Times: user=0.01 sys=0.00, real=0.00 secs] 
213.223: [GC (Allocation Failure) [PSYoungGen: 142752K->160K(139776K)] 427840K->285248K(646656K), 0.0015292 secs] [Times: user=0.00 sys=0.00, real=0.00 secs] 
213.883: [GC (Allocation Failure) [PSYoungGen: 139424K->1424K(146944K)] 424512K->286520K(653824K), 0.0018530 secs] [Times: user=0.00 sys=0.00, real=0.00 secs] 
214.489: [GC (Allocation Failure) [PSYoungGen: 138640K->1440K(136704K)] 423736K->286536K(643584K), 0.0020786 secs] [Times: user=0.01 sys=0.00, real=0.00 secs] 
215.462: [GC (Allocation Failure) [PSYoungGen: 136608K->9664K(144896K)] 421704K->302968K(651776K), 0.0028187 secs] [Times: user=0.02 sys=0.00, real=0.00 secs] 
216.101: [GC (Allocation Failure) [PSYoungGen: 142784K->1344K(132608K)] 436088K->294648K(639488K), 0.0019566 secs] [Times: user=0.01 sys=0.00, real=0.01 secs] 
217.434: [GC (Allocation Failure) [PSYoungGen: 132416K->9568K(141824K)] 425720K->302872K(648704K), 0.0021286 secs] [Times: user=0.01 sys=0.00, real=0.00 secs] 
218.287: [GC (Allocation Failure) [PSYoungGen: 138592K->1376K(129024K)] 431896K->294680K(635904K), 0.0023256 secs] [Times: user=0.01 sys=0.00, real=0.00 secs] 
219.141: [GC (Allocation Failure) [PSYoungGen: 128864K->1373K(137216K)] 422168K->294685K(644096K), 0.0014380 secs] [Times: user=0.00 sys=0.00, real=0.00 secs] 
220.269: [GC (Allocation Failure) [PSYoungGen: 127325K->9632K(134144K)] 420637K->311136K(641024K), 0.0037204 secs] [Times: user=0.02 sys=0.01, real=0.01 secs] 
221.311: [GC (Allocation Failure) [PSYoungGen: 134048K->1408K(134656K)] 435552K->302920K(641536K), 0.0029050 secs] [Times: user=0.01 sys=0.00, real=0.00 secs] 
222.915: [GC (Allocation Failure) [PSYoungGen: 124288K->9632K(131072K)] 425800K->311144K(637952K), 0.0040859 secs] [Times: user=0.01 sys=0.00, real=0.00 secs] 
223.852: [GC (Allocation Failure) [PSYoungGen: 130976K->1376K(132096K)] 432488K->302904K(638976K), 0.0026107 secs] [Times: user=0.00 sys=0.00, real=0.00 secs] 
224.435: [GC (Allocation Failure) [PSYoungGen: 121184K->1360K(119808K)] 422712K->302888K(626688K), 0.0019286 secs] [Times: user=0.00 sys=0.01, real=0.00 secs] 
225.962: [GC (Allocation Failure) [PSYoungGen: 119632K->9664K(130560K)] 421160K->319400K(637440K), 0.0061274 secs] [Times: user=0.03 sys=0.01, real=0.00 secs] 
227.290: [GC (Allocation Failure) [PSYoungGen: 126400K->1408K(116736K)] 436136K->311144K(623616K), 0.0039844 secs] [Times: user=0.02 sys=0.00, real=0.01 secs] 
228.666: [GC (Allocation Failure) [PSYoungGen: 115365K->3488K(124928K)] 425102K->313232K(631808K), 0.0023768 secs] [Times: user=0.00 sys=0.00, real=0.00 secs] 
230.170: [GC (Allocation Failure) [PSYoungGen: 117152K->1408K(113664K)] 426896K->311168K(620544K), 0.0037396 secs] [Times: user=0.02 sys=0.00, real=0.01 secs] 
231.553: [GC (Allocation Failure) [PSYoungGen: 113536K->1440K(121344K)] 423296K->311200K(628224K), 0.0039117 secs] [Times: user=0.02 sys=0.00, real=0.00 secs] 
233.389: [GC (Allocation Failure) [PSYoungGen: 112032K->9600K(121856K)] 421792K->319360K(628736K), 0.0031586 secs] [Times: user=0.02 sys=0.00, real=0.01 secs] 
234.378: [GC (Allocation Failure) [PSYoungGen: 118656K->1408K(120320K)] 428416K->311168K(627200K), 0.0027501 secs] [Times: user=0.01 sys=0.00, real=0.00 secs] 
235.477: [GC (Allocation Failure) [PSYoungGen: 109440K->1376K(108544K)] 419200K->311152K(615424K), 0.0039199 secs] [Times: user=0.02 sys=0.00, real=0.00 secs] 
237.635: [GC (Allocation Failure) [PSYoungGen: 108384K->9632K(119296K)] 418160K->319408K(626176K), 0.0048248 secs] [Times: user=0.02 sys=0.00, real=0.00 secs] 
238.892: [GC (Allocation Failure) [PSYoungGen: 115616K->1408K(106496K)] 425392K->311192K(613376K), 0.0031731 secs] [Times: user=0.01 sys=0.00, real=0.00 secs] 
240.230: [GC (Allocation Failure) [PSYoungGen: 106368K->1376K(115712K)] 416152K->311160K(622592K), 0.0041788 secs] [Times: user=0.02 sys=0.00, real=0.01 secs] 
241.900: [GC (Allocation Failure) [PSYoungGen: 105312K->9600K(116224K)] 415096K->319384K(623104K), 0.0022981 secs] [Times: user=0.01 sys=0.00, real=0.01 secs] 
242.725: [GC (Allocation Failure) [PSYoungGen: 112512K->1408K(114688K)] 422296K->311200K(621568K), 0.0021388 secs] [Times: user=0.01 sys=0.00, real=0.00 secs] 
243.936: [GC (Allocation Failure) [PSYoungGen: 103296K->1376K(102400K)] 413088K->311168K(609280K), 0.0035096 secs] [Times: user=0.01 sys=0.00, real=0.00 secs] 
245.495: [GC (Allocation Failure) [PSYoungGen: 102240K->9632K(112640K)] 412032K->319424K(619520K), 0.0018018 secs] [Times: user=0.01 sys=0.00, real=0.00 secs] 
246.774: [GC (Allocation Failure) [PSYoungGen: 108960K->1376K(99840K)] 418752K->311176K(606720K), 0.0026758 secs] [Times: user=0.01 sys=0.00, real=0.00 secs] 
248.067: [GC (Allocation Failure) [PSYoungGen: 99680K->1408K(109568K)] 409480K->311208K(616448K), 0.0033503 secs] [Times: user=0.01 sys=0.00, real=0.00 secs] 
250.033: [GC (Allocation Failure) [PSYoungGen: 98688K->5504K(101888K)] 408488K->315312K(608768K), 0.0022689 secs] [Times: user=0.01 sys=0.00, real=0.00 secs] 
250.917: [GC (Allocation Failure) [PSYoungGen: 101760K->9600K(108544K)] 411568K->327600K(615424K), 0.0054507 secs] [Times: user=0.03 sys=0.00, real=0.01 secs] 
251.506: [GC (Allocation Failure) [PSYoungGen: 104832K->1376K(95744K)] 422832K->319376K(602624K), 0.0019649 secs] [Times: user=0.00 sys=0.00, real=0.00 secs] 
252.436: [GC (Allocation Failure) [PSYoungGen: 95584K->192K(105472K)] 413584K->318192K(612352K), 0.0015161 secs] [Times: user=0.01 sys=0.00, real=0.00 secs] 
253.149: [GC (Allocation Failure) [PSYoungGen: 93376K->9600K(105984K)] 411376K->335792K(612864K), 0.0034658 secs] [Times: user=0.01 sys=0.00, real=0.01 secs] 
253.535: [GC (Allocation Failure) [PSYoungGen: 101760K->1360K(103936K)] 427952K->327552K(610816K), 0.0022123 secs] [Times: user=0.01 sys=0.00, real=0.00 secs] 
254.332: [GC (Allocation Failure) [PSYoungGen: 92496K->1376K(91648K)] 418688K->327576K(598528K), 0.0042217 secs] [Times: user=0.01 sys=0.00, real=0.00 secs] 
255.331: [GC (Allocation Failure) [PSYoungGen: 91488K->9632K(102912K)] 417688K->335832K(609792K), 0.0020814 secs] [Times: user=0.01 sys=0.00, real=0.01 secs] 
255.667: [GC (Allocation Failure) [PSYoungGen: 98720K->1360K(89600K)] 424920K->327560K(596480K), 0.0018236 secs] [Times: user=0.01 sys=0.00, real=0.00 secs] 
256.093: [GC (Allocation Failure) [PSYoungGen: 89424K->1376K(99328K)] 415624K->327584K(606208K), 0.0020330 secs] [Times: user=0.01 sys=0.00, real=0.00 secs] 
257.218: [GC (Allocation Failure) [PSYoungGen: 88416K->1728K(88064K)] 414624K->327936K(594944K), 0.0020154 secs] [Times: user=0.01 sys=0.00, real=0.00 secs] 
257.947: [GC (Allocation Failure) [PSYoungGen: 87744K->9568K(97792K)] 413952K->343968K(604672K), 0.0029128 secs] [Times: user=0.01 sys=0.00, real=0.00 secs] 
258.651: [GC (Allocation Failure) [PSYoungGen: 94048K->1408K(85504K)] 428448K->335808K(592384K), 0.0018998 secs] [Times: user=0.01 sys=0.00, real=0.01 secs] 
259.133: [GC (Allocation Failure) [PSYoungGen: 85376K->1376K(95232K)] 419776K->335784K(602112K), 0.0022077 secs] [Times: user=0.01 sys=0.00, real=0.00 secs] 
260.064: [GC (Allocation Failure) [PSYoungGen: 84832K->5568K(88576K)] 419240K->339984K(595456K), 0.0017801 secs] [Times: user=0.01 sys=0.00, real=0.00 secs] 
260.357: [GC (Allocation Failure) [PSYoungGen: 88512K->9600K(95232K)] 422928K->352224K(602112K), 0.0025891 secs] [Times: user=0.01 sys=0.00, real=0.00 secs] 
260.697: [GC (Allocation Failure) [PSYoungGen: 91520K->1440K(82944K)] 434144K->344072K(589824K), 0.0017268 secs] [Times: user=0.00 sys=0.00, real=0.00 secs] 
261.034: [GC (Allocation Failure) [PSYoungGen: 82848K->1424K(93184K)] 425480K->344056K(600064K), 0.0015753 secs] [Times: user=0.01 sys=0.00, real=0.00 secs] 
262.738: [GC (Allocation Failure) [PSYoungGen: 82320K->9632K(93696K)] 424952K->352264K(600576K), 0.0044258 secs] [Times: user=0.02 sys=0.00, real=0.01 secs] 
263.493: [GC (Allocation Failure) [PSYoungGen: 90016K->9648K(94208K)] 432648K->360472K(601088K), 0.0045755 secs] [Times: user=0.02 sys=0.00, real=0.00 secs] 
264.011: [GC (Allocation Failure) [PSYoungGen: 89008K->1376K(80384K)] 439832K->352200K(587264K), 0.0020074 secs] [Times: user=0.01 sys=0.00, real=0.01 secs] 
264.375: [GC (Allocation Failure) [PSYoungGen: 80224K->1360K(92160K)] 431048K->352184K(599040K), 0.0020209 secs] [Times: user=0.01 sys=0.00, real=0.00 secs] 
265.178: [GC (Allocation Failure) [PSYoungGen: 79696K->9632K(92672K)] 430520K->360472K(599552K), 0.0018677 secs] [Times: user=0.01 sys=0.00, real=0.00 secs] 
265.492: [GC (Allocation Failure) [PSYoungGen: 87456K->9568K(93184K)] 438296K->368600K(600064K), 0.0027962 secs] [Times: user=0.02 sys=0.00, real=0.00 secs] 
265.813: [GC (Allocation Failure) [PSYoungGen: 86880K->1408K(78336K)] 445912K->360440K(585216K), 0.0018745 secs] [Times: user=0.01 sys=0.00, real=0.00 secs] 
266.160: [GC (Allocation Failure) [PSYoungGen: 78208K->1344K(90624K)] 437240K->360376K(597504K), 0.0020509 secs] [Times: user=0.01 sys=0.00, real=0.01 secs] 
268.300: [GC (Allocation Failure) [PSYoungGen: 77632K->9632K(91136K)] 436664K->368664K(598016K), 0.0037600 secs] [Times: user=0.02 sys=0.00, real=0.01 secs] 
268.928: [GC (Allocation Failure) [PSYoungGen: 85408K->9568K(91648K)] 444440K->376792K(598528K), 0.0070819 secs] [Times: user=0.03 sys=0.00, real=0.01 secs] 
269.747: [GC (Allocation Failure) [PSYoungGen: 84832K->1376K(76288K)] 452056K->368600K(583168K), 0.0038340 secs] [Times: user=0.01 sys=0.00, real=0.01 secs] 
270.517: [GC (Allocation Failure) [PSYoungGen: 76128K->1408K(89088K)] 443352K->368632K(595968K), 0.0042333 secs] [Times: user=0.02 sys=0.00, real=0.00 secs] 
272.422: [GC (Allocation Failure) [PSYoungGen: 75648K->3424K(77312K)] 442872K->370656K(584192K), 0.0046050 secs] [Times: user=0.01 sys=0.00, real=0.00 secs] 
273.028: [GC (Allocation Failure) [PSYoungGen: 77152K->9632K(87552K)] 444384K->385056K(594432K), 0.0048477 secs] [Times: user=0.02 sys=0.00, real=0.01 secs] 
273.665: [GC (Allocation Failure) [PSYoungGen: 82336K->1344K(73728K)] 457760K->376768K(580608K), 0.0023934 secs] [Times: user=0.01 sys=0.00, real=0.00 secs] 
274.250: [GC (Allocation Failure) [PSYoungGen: 73536K->1344K(85504K)] 448960K->376768K(592384K), 0.0022721 secs] [Times: user=0.01 sys=0.00, real=0.01 secs] 
275.075: [GC (Allocation Failure) [PSYoungGen: 73024K->1952K(73216K)] 448448K->377376K(580096K), 0.0017807 secs] [Times: user=0.01 sys=0.01, real=0.00 secs] 
275.307: [GC (Allocation Failure) [PSYoungGen: 73120K->9568K(84480K)] 448544K->393184K(591360K), 0.0025891 secs] [Times: user=0.01 sys=0.00, real=0.00 secs] 
275.598: [GC (Allocation Failure) [PSYoungGen: 79712K->1360K(71168K)] 463328K->384976K(578048K), 0.0017397 secs] [Times: user=0.01 sys=0.00, real=0.00 secs] 
275.887: [GC (Allocation Failure) [PSYoungGen: 70992K->1376K(82432K)] 454608K->385008K(589312K), 0.0017347 secs] [Times: user=0.01 sys=0.00, real=0.00 secs] 
276.173: [GC (Allocation Failure) [PSYoungGen: 70496K->1376K(70144K)] 454128K->385008K(577024K), 0.0016673 secs] [Times: user=0.00 sys=0.00, real=0.00 secs] 
276.888: [GC (Allocation Failure) [PSYoungGen: 69984K->9664K(81408K)] 453616K->393296K(588288K), 0.0021793 secs] [Times: user=0.01 sys=0.00, real=0.00 secs] 
277.135: [GC (Allocation Failure) [PSYoungGen: 77248K->9600K(81920K)] 460880K->401424K(588800K), 0.0029757 secs] [Times: user=0.01 sys=0.00, real=0.00 secs] 
277.415: [GC (Allocation Failure) [PSYoungGen: 76672K->1376K(80896K)] 468496K->393208K(587776K), 0.0019514 secs] [Times: user=0.01 sys=0.00, real=0.00 secs] 
277.691: [GC (Allocation Failure) [PSYoungGen: 67936K->1408K(67584K)] 459768K->393240K(574464K), 0.0027816 secs] [Times: user=0.01 sys=0.00, real=0.00 secs] 
278.558: [GC (Allocation Failure) [PSYoungGen: 67456K->1341K(78848K)] 459288K->393173K(585728K), 0.0017148 secs] [Times: user=0.01 sys=0.00, real=0.00 secs] 
278.911: [GC (Allocation Failure) [PSYoungGen: 66877K->9600K(79360K)] 458709K->401464K(586240K), 0.0020130 secs] [Times: user=0.01 sys=0.00, real=0.01 secs] 
279.334: [GC (Allocation Failure) [PSYoungGen: 74624K->1376K(78336K)] 466488K->393240K(585216K), 0.0020452 secs] [Times: user=0.01 sys=0.00, real=0.00 secs] 
279.830: [GC (Allocation Failure) [PSYoungGen: 65888K->1392K(65536K)] 457752K->393256K(572416K), 0.0028066 secs] [Times: user=0.01 sys=0.00, real=0.01 secs] 
280.405: [GC (Allocation Failure) [PSYoungGen: 65392K->1408K(76288K)] 457256K->393280K(583168K), 0.0029062 secs] [Times: user=0.01 sys=0.00, real=0.00 secs] 
281.504: [GC (Allocation Failure) [PSYoungGen: 64896K->1888K(65024K)] 456768K->393760K(571904K), 0.0018641 secs] [Times: user=0.01 sys=0.00, real=0.00 secs] 
281.760: [GC (Allocation Failure) [PSYoungGen: 60663K->9536K(75264K)] 452536K->401416K(582144K), 0.0022121 secs] [Times: user=0.00 sys=0.00, real=0.01 secs] 
282.077: [GC (Allocation Failure) [PSYoungGen: 71488K->9600K(75776K)] 463368K->409672K(582656K), 0.0033769 secs] [Times: user=0.02 sys=0.00, real=0.00 secs] 
282.368: [GC (Allocation Failure) [PSYoungGen: 71040K->1376K(74752K)] 471112K->401448K(581632K), 0.0020857 secs] [Times: user=0.01 sys=0.01, real=0.00 secs] 
282.631: [GC (Allocation Failure) [PSYoungGen: 62304K->1328K(61952K)] 462376K->401400K(568832K), 0.0023558 secs] [Times: user=0.01 sys=0.00, real=0.01 secs] 
283.317: [GC (Allocation Failure) [PSYoungGen: 61744K->1373K(72704K)] 461816K->401445K(579584K), 0.0017741 secs] [Times: user=0.00 sys=0.00, real=0.00 secs] 
284.887: [GC (Allocation Failure) [PSYoungGen: 61277K->9664K(73216K)] 461349K->409736K(580096K), 0.0048684 secs] [Times: user=0.02 sys=0.00, real=0.01 secs] 
285.501: [GC (Allocation Failure) [PSYoungGen: 69056K->9600K(73216K)] 469128K->417864K(580096K), 0.0064071 secs] [Times: user=0.03 sys=0.00, real=0.00 secs] 
286.206: [GC (Allocation Failure) [PSYoungGen: 67968K->1360K(59904K)] 476232K->409624K(566784K), 0.0041815 secs] [Times: user=0.02 sys=0.01, real=0.00 secs] 
286.684: [GC (Allocation Failure) [PSYoungGen: 59728K->1312K(72704K)] 467992K->409576K(579584K), 0.0039456 secs] [Times: user=0.02 sys=0.00, real=0.00 secs] 
287.191: [GC (Allocation Failure) [PSYoungGen: 59680K->1328K(59904K)] 467944K->409592K(566784K), 0.0034876 secs] [Times: user=0.01 sys=0.00, real=0.01 secs] 
288.873: [GC (Allocation Failure) [PSYoungGen: 56699K->5504K(71680K)] 464964K->413768K(578560K), 0.0027328 secs] [Times: user=0.01 sys=0.00, real=0.00 secs] 
289.072: [GC (Allocation Failure) [PSYoungGen: 63872K->9584K(72192K)] 472136K->426040K(579072K), 0.0033584 secs] [Times: user=0.02 sys=0.00, real=0.00 secs] 
289.421: [GC (Allocation Failure) [PSYoungGen: 67952K->1312K(72192K)] 484408K->417768K(579072K), 0.0020384 secs] [Times: user=0.01 sys=0.00, real=0.00 secs] 
289.742: [GC (Allocation Failure) [PSYoungGen: 59680K->1328K(59904K)] 476136K->417808K(566784K), 0.0020776 secs] [Times: user=0.00 sys=0.00, real=0.00 secs] 
289.984: [GC (Allocation Failure) [PSYoungGen: 59696K->1360K(71168K)] 476176K->417856K(578048K), 0.0022354 secs] [Times: user=0.01 sys=0.00, real=0.00 secs] 
290.689: [GC (Allocation Failure) [PSYoungGen: 59728K->3456K(61952K)] 476224K->419952K(568832K), 0.0021427 secs] [Times: user=0.01 sys=0.00, real=0.00 secs] 
290.934: [GC (Allocation Failure) [PSYoungGen: 56220K->9600K(70144K)] 472717K->426096K(577024K), 0.0023088 secs] [Times: user=0.01 sys=0.00, real=0.00 secs] 
291.621: [GC (Allocation Failure) [PSYoungGen: 66944K->9600K(71168K)] 483440K->434288K(578048K), 0.0051916 secs] [Times: user=0.02 sys=0.00, real=0.00 secs] 
292.568: [GC (Allocation Failure) [PSYoungGen: 66944K->1344K(71168K)] 491632K->426032K(578048K), 0.0028222 secs] [Times: user=0.02 sys=0.00, real=0.00 secs] 
293.576: [GC (Allocation Failure) [PSYoungGen: 58688K->1344K(71680K)] 483376K->426032K(578560K), 0.0028051 secs] [Times: user=0.01 sys=0.00, real=0.00 secs] 
294.378: [GC (Allocation Failure) [PSYoungGen: 58688K->1360K(70656K)] 483376K->426048K(577536K), 0.0030373 secs] [Times: user=0.01 sys=0.00, real=0.01 secs] 
295.457: [GC (Allocation Failure) [PSYoungGen: 55264K->5504K(62976K)] 479953K->430192K(569856K), 0.0020888 secs] [Times: user=0.01 sys=0.00, real=0.00 secs] 
296.448: [GC (Allocation Failure) [PSYoungGen: 62848K->9600K(69632K)] 487536K->442480K(576512K), 0.0080324 secs] [Times: user=0.04 sys=0.00, real=0.01 secs] 
297.538: [GC (Allocation Failure) [PSYoungGen: 65920K->1376K(57856K)] 498800K->434256K(564736K), 0.0043282 secs] [Times: user=0.02 sys=0.00, real=0.01 secs] 
298.191: [GC (Allocation Failure) [PSYoungGen: 57696K->1376K(69120K)] 490576K->434256K(576000K), 0.0032136 secs] [Times: user=0.01 sys=0.00, real=0.01 secs] 
298.893: [GC (Allocation Failure) [PSYoungGen: 57696K->1376K(69632K)] 490576K->434256K(576512K), 0.0041410 secs] [Times: user=0.02 sys=0.00, real=0.00 secs] 
299.775: [GC (Allocation Failure) [PSYoungGen: 57696K->1440K(68608K)] 490576K->434328K(575488K), 0.0022066 secs] [Times: user=0.01 sys=0.00, real=0.00 secs] 
300.231: [GC (Allocation Failure) [PSYoungGen: 57760K->9632K(69120K)] 490648K->442520K(576000K), 0.0022554 secs] [Times: user=0.01 sys=0.00, real=0.01 secs] 
300.791: [GC (Allocation Failure) [PSYoungGen: 65952K->9568K(69120K)] 498840K->450648K(576000K), 0.0061555 secs] [Times: user=0.03 sys=0.00, real=0.01 secs] 
301.356: [GC (Allocation Failure) [PSYoungGen: 64864K->1344K(56832K)] 505944K->442424K(563712K), 0.0043822 secs] [Times: user=0.02 sys=0.00, real=0.00 secs] 
301.899: [GC (Allocation Failure) [PSYoungGen: 56640K->1360K(68608K)] 497720K->442448K(575488K), 0.0041860 secs] [Times: user=0.02 sys=0.00, real=0.01 secs] 
302.408: [GC (Allocation Failure) [PSYoungGen: 56656K->1344K(56832K)] 497744K->442432K(563712K), 0.0034457 secs] [Times: user=0.02 sys=0.00, real=0.01 secs] 
303.493: [GC (Allocation Failure) [PSYoungGen: 56640K->5536K(68608K)] 497728K->446624K(575488K), 0.0024964 secs] [Times: user=0.01 sys=0.00, real=0.00 secs] 
304.003: [GC (Allocation Failure) [PSYoungGen: 60832K->9568K(68608K)] 501920K->458848K(575488K), 0.0046415 secs] [Times: user=0.02 sys=0.00, real=0.00 secs] 
304.518: [GC (Allocation Failure) [PSYoungGen: 64864K->1376K(68608K)] 514144K->450656K(575488K), 0.0025702 secs] [Times: user=0.01 sys=0.00, real=0.00 secs] 
305.081: [GC (Allocation Failure) [PSYoungGen: 56672K->1344K(56832K)] 505952K->450624K(563712K), 0.0049103 secs] [Times: user=0.02 sys=0.00, real=0.01 secs] 
305.612: [GC (Allocation Failure) [PSYoungGen: 56640K->1344K(67584K)] 505920K->450640K(574464K), 0.0030041 secs] [Times: user=0.02 sys=0.00, real=0.00 secs] 
306.126: [GC (Allocation Failure) [PSYoungGen: 56640K->1357K(56832K)] 505936K->450654K(563712K), 0.0023603 secs] [Times: user=0.01 sys=0.00, real=0.00 secs] 
306.713: [GC (Allocation Failure) [PSYoungGen: 56653K->9648K(66048K)] 505950K->458952K(572928K), 0.0022635 secs] [Times: user=0.01 sys=0.00, real=0.00 secs] 
306.956: [GC (Allocation Failure) [PSYoungGen: 63408K->9568K(67584K)] 512712K->467064K(574464K), 0.0030414 secs] [Times: user=0.01 sys=0.01, real=0.00 secs] 
307.423: [GC (Allocation Failure) [PSYoungGen: 63328K->1392K(67584K)] 520824K->458888K(574464K), 0.0020733 secs] [Times: user=0.01 sys=0.00, real=0.00 secs] 
307.838: [GC (Allocation Failure) [PSYoungGen: 55152K->1376K(55296K)] 512648K->458888K(562176K), 0.0020589 secs] [Times: user=0.01 sys=0.00, real=0.00 secs] 
308.263: [GC (Allocation Failure) [PSYoungGen: 55136K->1360K(66560K)] 512648K->458872K(573440K), 0.0021213 secs] [Times: user=0.01 sys=0.00, real=0.00 secs] 
309.008: [GC (Allocation Failure) [PSYoungGen: 55120K->1405K(55296K)] 512632K->458942K(562176K), 0.0016630 secs] [Times: user=0.00 sys=0.00, real=0.00 secs] 
310.873: [GC (Allocation Failure) [PSYoungGen: 55165K->9600K(65024K)] 512702K->467136K(571904K), 0.0057608 secs] [Times: user=0.02 sys=0.00, real=0.00 secs] 
311.617: [GC (Allocation Failure) [PSYoungGen: 61824K->9632K(66560K)] 519360K->475360K(573440K), 0.0042227 secs] [Times: user=0.03 sys=0.00, real=0.01 secs] 
312.344: [GC (Allocation Failure) [PSYoungGen: 61856K->1376K(66560K)] 527584K->467104K(573440K), 0.0061843 secs] [Times: user=0.03 sys=0.00, real=0.00 secs] 
312.734: [GC (Allocation Failure) [PSYoungGen: 53600K->1360K(53760K)] 519328K->467088K(560640K), 0.0028195 secs] [Times: user=0.01 sys=0.00, real=0.00 secs] 
313.238: [GC (Allocation Failure) [PSYoungGen: 53584K->1344K(65536K)] 519312K->467072K(572416K), 0.0026252 secs] [Times: user=0.01 sys=0.00, real=0.00 secs] 
314.143: [GC (Allocation Failure) [PSYoungGen: 53568K->1376K(53760K)] 519296K->467104K(560640K), 0.0017070 secs] [Times: user=0.01 sys=0.00, real=0.00 secs] 
314.699: [GC (Allocation Failure) [PSYoungGen: 53600K->9600K(64512K)] 519328K->475328K(571392K), 0.0022938 secs] [Times: user=0.00 sys=0.00, real=0.01 secs] 
315.032: [GC (Allocation Failure) [PSYoungGen: 60800K->9632K(65536K)] 526528K->483552K(572416K), 0.0035160 secs] [Times: user=0.01 sys=0.00, real=0.00 secs] 
315.551: [GC (Allocation Failure) [PSYoungGen: 60832K->1392K(65536K)] 534752K->475312K(572416K), 0.0029771 secs] [Times: user=0.02 sys=0.00, real=0.01 secs] 
316.074: [GC (Allocation Failure) [PSYoungGen: 52592K->1360K(52736K)] 526512K->475288K(559616K), 0.0030741 secs] [Times: user=0.01 sys=0.00, real=0.00 secs] 
316.604: [GC (Allocation Failure) [PSYoungGen: 52560K->1376K(64512K)] 526488K->475304K(571392K), 0.0030472 secs] [Times: user=0.02 sys=0.00, real=0.00 secs] 
317.422: [GC (Allocation Failure) [PSYoungGen: 52576K->1373K(52736K)] 526504K->475302K(559616K), 0.0016757 secs] [Times: user=0.01 sys=0.00, real=0.00 secs] 
318.150: [GC (Allocation Failure) [PSYoungGen: 52573K->9632K(62976K)] 526502K->483560K(569856K), 0.0026998 secs] [Times: user=0.01 sys=0.00, real=0.01 secs] 
318.594: [GC (Allocation Failure) [PSYoungGen: 59296K->9568K(64512K)] 533224K->491688K(571392K), 0.0039659 secs] [Times: user=0.02 sys=0.00, real=0.00 secs] 
319.167: [GC (Allocation Failure) [PSYoungGen: 59232K->1376K(64512K)] 541352K->483496K(571392K), 0.0024946 secs] [Times: user=0.01 sys=0.00, real=0.00 secs] 
319.707: [GC (Allocation Failure) [PSYoungGen: 51040K->1376K(51200K)] 533160K->483512K(558080K), 0.0025782 secs] [Times: user=0.01 sys=0.00, real=0.00 secs] 
320.222: [GC (Allocation Failure) [PSYoungGen: 51040K->1408K(62976K)] 533176K->483544K(569856K), 0.0031100 secs] [Times: user=0.01 sys=0.00, real=0.00 secs] 
320.762: [GC (Allocation Failure) [PSYoungGen: 51072K->1408K(51200K)] 533208K->483544K(558080K), 0.0038206 secs] [Times: user=0.02 sys=0.00, real=0.00 secs] 
321.877: [GC (Allocation Failure) [PSYoungGen: 51072K->5536K(62976K)] 533208K->487672K(569856K), 0.0022414 secs] [Times: user=0.01 sys=0.00, real=0.00 secs] 
322.405: [GC (Allocation Failure) [PSYoungGen: 55200K->9552K(62976K)] 537336K->499880K(569856K), 0.0044176 secs] [Times: user=0.02 sys=0.00, real=0.00 secs] 
322.837: [GC (Allocation Failure) [PSYoungGen: 59216K->1376K(62976K)] 549544K->491704K(569856K), 0.0026332 secs] [Times: user=0.01 sys=0.00, real=0.00 secs] 
323.524: [GC (Allocation Failure) [PSYoungGen: 51040K->1408K(51200K)] 541368K->491736K(558080K), 0.0027803 secs] [Times: user=0.01 sys=0.00, real=0.00 secs] 
324.328: [GC (Allocation Failure) [PSYoungGen: 51072K->1360K(61952K)] 541400K->491688K(568832K), 0.0034105 secs] [Times: user=0.01 sys=0.00, real=0.00 secs] 
325.246: [GC (Allocation Failure) [PSYoungGen: 51024K->1408K(51200K)] 541352K->491736K(558080K), 0.0046151 secs] [Times: user=0.01 sys=0.00, real=0.00 secs] 
326.535: [GC (Allocation Failure) [PSYoungGen: 51072K->2432K(60928K)] 541400K->492760K(567808K), 0.0033930 secs] [Times: user=0.01 sys=0.00, real=0.00 secs] 
326.930: [GC (Allocation Failure) [PSYoungGen: 52096K->9568K(61440K)] 542424K->499896K(568320K), 0.0025302 secs] [Times: user=0.01 sys=0.00, real=0.01 secs] 
327.257: [GC (Allocation Failure) [PSYoungGen: 59232K->9616K(61952K)] 549560K->508137K(568832K), 0.0039383 secs] [Times: user=0.02 sys=0.00, real=0.00 secs] 
327.261: [Full GC (Ergonomics) [PSYoungGen: 9616K->0K(61952K)] [ParOldGen: 498520K->86811K(483328K)] 508137K->86811K(545280K), [Metaspace: 54912K->54904K(1099776K)], 0.0404418 secs] [Times: user=0.10 sys=0.00, real=0.05 secs] 
327.550: [GC (Allocation Failure) [PSYoungGen: 48640K->96K(62976K)] 135451K->119675K(546304K), 0.0035586 secs] [Times: user=0.02 sys=0.00, real=0.01 secs] 
327.679: [GC (Allocation Failure) [PSYoungGen: 48736K->96K(68096K)] 168315K->152444K(551424K), 0.0053400 secs] [Times: user=0.03 sys=0.00, real=0.01 secs] 
328.126: [GC (Allocation Failure) [PSYoungGen: 53856K->64K(67584K)] 238972K->185180K(550912K), 0.0029749 secs] [Times: user=0.01 sys=0.00, real=0.00 secs] 
328.515: [GC (Allocation Failure) [PSYoungGen: 53824K->96K(71680K)] 271708K->217980K(555008K), 0.0024603 secs] [Times: user=0.01 sys=0.00, real=0.00 secs] 
328.728: [GC (Allocation Failure) [PSYoungGen: 60000K->64K(72704K)] 277884K->250716K(556032K), 0.0070598 secs] [Times: user=0.03 sys=0.00, real=0.01 secs] 
329.772: [GC (Allocation Failure) [PSYoungGen: 59968K->9664K(78336K)] 310620K->260324K(561664K), 0.0023052 secs] [Times: user=0.00 sys=0.00, real=0.00 secs] 
330.791: [GC (Allocation Failure) [PSYoungGen: 75712K->1437K(80384K)] 326372K->252097K(563712K), 0.0030296 secs] [Times: user=0.01 sys=0.00, real=0.00 secs] 
331.602: [GC (Allocation Failure) [PSYoungGen: 67485K->1440K(84480K)] 318145K->252100K(567808K), 0.0027831 secs] [Times: user=0.01 sys=0.00, real=0.00 secs] 
332.393: [GC (Allocation Failure) [PSYoungGen: 74144K->1440K(85504K)] 324804K->252100K(568832K), 0.0035850 secs] [Times: user=0.01 sys=0.00, real=0.00 secs] 
333.510: [GC (Allocation Failure) [PSYoungGen: 74144K->3520K(89088K)] 324804K->254180K(572416K), 0.0016254 secs] [Times: user=0.01 sys=0.01, real=0.01 secs] 
334.122: [GC (Allocation Failure) [PSYoungGen: 82368K->1453K(90112K)] 333028K->252113K(573440K), 0.0016778 secs] [Times: user=0.00 sys=0.00, real=0.00 secs] 
334.997: [GC (Allocation Failure) [PSYoungGen: 80301K->1437K(94208K)] 330961K->252097K(577536K), 0.0038019 secs] [Times: user=0.02 sys=0.00, real=0.00 secs] 
336.071: [GC (Allocation Failure) [PSYoungGen: 85917K->1437K(94720K)] 336577K->252097K(578048K), 0.0029939 secs] [Times: user=0.01 sys=0.00, real=0.01 secs] 
337.251: [GC (Allocation Failure) [PSYoungGen: 83312K->5616K(99328K)] 333972K->256276K(582656K), 0.0023724 secs] [Times: user=0.01 sys=0.00, real=0.01 secs] 
337.639: [GC (Allocation Failure) [PSYoungGen: 95216K->1437K(99840K)] 345876K->252097K(583168K), 0.0019088 secs] [Times: user=0.01 sys=0.00, real=0.00 secs] 
338.225: [GC (Allocation Failure) [PSYoungGen: 91037K->1405K(103936K)] 341697K->252073K(587264K), 0.0022039 secs] [Times: user=0.01 sys=0.00, real=0.00 secs] 
339.503: [GC (Allocation Failure) [PSYoungGen: 96637K->1565K(104448K)] 347305K->252233K(587776K), 0.0015691 secs] [Times: user=0.00 sys=0.00, real=0.00 secs] 
340.214: [GC (Allocation Failure) [PSYoungGen: 96797K->1424K(108032K)] 347465K->252092K(591360K), 0.0024391 secs] [Times: user=0.01 sys=0.00, real=0.00 secs] 
341.153: [GC (Allocation Failure) [PSYoungGen: 101776K->1437K(108544K)] 352444K->252113K(591872K), 0.0024207 secs] [Times: user=0.00 sys=0.00, real=0.00 secs] 
342.274: [GC (Allocation Failure) [PSYoungGen: 101789K->1450K(112128K)] 352465K->252126K(595456K), 0.0015547 secs] [Times: user=0.00 sys=0.00, real=0.00 secs] 
343.530: [GC (Allocation Failure) [PSYoungGen: 106410K->1440K(112640K)] 357086K->252177K(595968K), 0.0046732 secs] [Times: user=0.02 sys=0.00, real=0.01 secs] 
345.040: [GC (Allocation Failure) [PSYoungGen: 106400K->1408K(116224K)] 357137K->252161K(599552K), 0.0036057 secs] [Times: user=0.02 sys=0.00, real=0.01 secs] 
346.997: [GC (Allocation Failure) [PSYoungGen: 111488K->1968K(116736K)] 362241K->252721K(600064K), 0.0020774 secs] [Times: user=0.01 sys=0.00, real=0.00 secs] 
348.262: [GC (Allocation Failure) [PSYoungGen: 112048K->1344K(119808K)] 362801K->252097K(603136K), 0.0019547 secs] [Times: user=0.01 sys=0.00, real=0.00 secs] 
349.871: [GC (Allocation Failure) [PSYoungGen: 115520K->1408K(120320K)] 366273K->252169K(603648K), 0.0023022 secs] [Times: user=0.01 sys=0.00, real=0.01 secs] 
351.481: [GC (Allocation Failure) [PSYoungGen: 115584K->5568K(122880K)] 366345K->260433K(606208K), 0.0057556 secs] [Times: user=0.02 sys=0.00, real=0.01 secs] 
352.771: [GC (Allocation Failure) [PSYoungGen: 122816K->1408K(123904K)] 377681K->256273K(607232K), 0.0022031 secs] [Times: user=0.01 sys=0.00, real=0.01 secs] 
354.390: [GC (Allocation Failure) [PSYoungGen: 118656K->1408K(126464K)] 373521K->256273K(609792K), 0.0026981 secs] [Times: user=0.01 sys=0.00, real=0.01 secs] 
357.142: [GC (Allocation Failure) [PSYoungGen: 122752K->1408K(127488K)] 377617K->256281K(610816K), 0.0029108 secs] [Times: user=0.01 sys=0.00, real=0.00 secs] 
358.119: [GC (Allocation Failure) [PSYoungGen: 122752K->1408K(131584K)] 377625K->256281K(614912K), 0.0024214 secs] [Times: user=0.01 sys=0.00, real=0.00 secs] 
359.587: [GC (Allocation Failure) [PSYoungGen: 127360K->1440K(131584K)] 382233K->256313K(614912K), 0.0018025 secs] [Times: user=0.01 sys=0.00, real=0.00 secs] 
360.858: [GC (Allocation Failure) [PSYoungGen: 127392K->1440K(134656K)] 382265K->256313K(617984K), 0.0026266 secs] [Times: user=0.01 sys=0.00, real=0.00 secs] 
362.620: [GC (Allocation Failure) [PSYoungGen: 131488K->1389K(135168K)] 386361K->256262K(618496K), 0.0014600 secs] [Times: user=0.01 sys=0.00, real=0.01 secs] 
364.170: [GC (Allocation Failure) [PSYoungGen: 131437K->1408K(138240K)] 386310K->256281K(621568K), 0.0024317 secs] [Times: user=0.01 sys=0.00, real=0.01 secs] 
365.665: [GC (Allocation Failure) [PSYoungGen: 135552K->1408K(138752K)] 390425K->256281K(622080K), 0.0026975 secs] [Times: user=0.01 sys=0.00, real=0.00 secs] 
366.838: [GC (Allocation Failure) [PSYoungGen: 135552K->1408K(141824K)] 390425K->256297K(625152K), 0.0019634 secs] [Times: user=0.01 sys=0.00, real=0.00 secs] 
367.412: [GC (Allocation Failure) [PSYoungGen: 139648K->1376K(142336K)] 394537K->256265K(625664K), 0.0018283 secs] [Times: user=0.00 sys=0.00, real=0.00 secs] 
369.069: [GC (Allocation Failure) [PSYoungGen: 139616K->1472K(146432K)] 394505K->256369K(629760K), 0.0023409 secs] [Times: user=0.01 sys=0.00, real=0.00 secs] 
369.828: [GC (Allocation Failure) [PSYoungGen: 144320K->1440K(146944K)] 399217K->256337K(630272K), 0.0017958 secs] [Times: user=0.01 sys=0.00, real=0.00 secs] 
371.043: [GC (Allocation Failure) [PSYoungGen: 144288K->1440K(150528K)] 399185K->256337K(633856K), 0.0019338 secs] [Times: user=0.01 sys=0.00, real=0.00 secs] 
371.669: [GC (Allocation Failure) [PSYoungGen: 148896K->1344K(151040K)] 403793K->256257K(634368K), 0.0019350 secs] [Times: user=0.01 sys=0.00, real=0.00 secs] 
373.164: [GC (Allocation Failure) [PSYoungGen: 148800K->1392K(155648K)] 403713K->256313K(638976K), 0.0019598 secs] [Times: user=0.01 sys=0.00, real=0.00 secs] 
375.577: [GC (Allocation Failure) [PSYoungGen: 153968K->1408K(156160K)] 408889K->256329K(639488K), 0.0033607 secs] [Times: user=0.02 sys=0.00, real=0.00 secs] 
378.164: [GC (Allocation Failure) [PSYoungGen: 153984K->1408K(159744K)] 408905K->256337K(643072K), 0.0019902 secs] [Times: user=0.00 sys=0.00, real=0.00 secs] 
378.823: [GC (Allocation Failure) [PSYoungGen: 158592K->1376K(160256K)] 413521K->256305K(643584K), 0.0022789 secs] [Times: user=0.01 sys=0.00, real=0.00 secs] 
380.625: [GC (Allocation Failure) [PSYoungGen: 158560K->1408K(164864K)] 413489K->256337K(648192K), 0.0028383 secs] [Times: user=0.01 sys=0.00, real=0.00 secs] 
382.164: [GC (Allocation Failure) [PSYoungGen: 163712K->1376K(165376K)] 418641K->256305K(648704K), 0.0022296 secs] [Times: user=0.01 sys=0.00, real=0.00 secs] 
384.288: [GC (Allocation Failure) [PSYoungGen: 163680K->1408K(169472K)] 418609K->256337K(652800K), 0.0024948 secs] [Times: user=0.01 sys=0.00, real=0.00 secs] 
385.018: [GC (Allocation Failure) [PSYoungGen: 168832K->1376K(169984K)] 423761K->256305K(653312K), 0.0020052 secs] [Times: user=0.01 sys=0.00, real=0.00 secs] 
386.801: [GC (Allocation Failure) [PSYoungGen: 168800K->1440K(174592K)] 423729K->256377K(657920K), 0.0017553 secs] [Times: user=0.01 sys=0.00, real=0.01 secs] 
388.578: [GC (Allocation Failure) [PSYoungGen: 173984K->1405K(175104K)] 428921K->256350K(658432K), 0.0015766 secs] [Times: user=0.00 sys=0.00, real=0.00 secs] 
391.364: [GC (Allocation Failure) [PSYoungGen: 173949K->1440K(178688K)] 428894K->256393K(662016K), 0.0023268 secs] [Times: user=0.01 sys=0.00, real=0.00 secs] 
393.250: [GC (Allocation Failure) [PSYoungGen: 178080K->1440K(179200K)] 433033K->256417K(662528K), 0.0018916 secs] [Times: user=0.00 sys=0.00, real=0.01 secs] 
394.557: [GC (Allocation Failure) [PSYoungGen: 178080K->1392K(183296K)] 433057K->256369K(666624K), 0.0029791 secs] [Times: user=0.01 sys=0.00, real=0.00 secs] 
397.471: [GC (Allocation Failure) [PSYoungGen: 182128K->1376K(183296K)] 437105K->256353K(666624K), 0.0030406 secs] [Times: user=0.01 sys=0.00, real=0.00 secs] 
400.221: [GC (Allocation Failure) [PSYoungGen: 182041K->320K(186880K)] 437018K->255297K(670208K), 0.0018968 secs] [Times: user=0.00 sys=0.01, real=0.01 secs] 
401.749: [GC (Allocation Failure) [PSYoungGen: 185152K->1408K(187392K)] 440129K->256401K(670720K), 0.0020582 secs] [Times: user=0.00 sys=0.00, real=0.01 secs] 
404.215: [GC (Allocation Failure) [PSYoungGen: 186240K->1456K(192000K)] 441233K->256449K(675328K), 0.0040922 secs] [Times: user=0.01 sys=0.00, real=0.00 secs] 
406.381: [GC (Allocation Failure) [PSYoungGen: 190896K->1376K(192000K)] 445889K->256369K(675328K), 0.0022838 secs] [Times: user=0.01 sys=0.00, real=0.01 secs] 
410.146: [GC (Allocation Failure) [PSYoungGen: 190816K->1456K(196096K)] 445809K->256449K(679424K), 0.0040399 secs] [Times: user=0.01 sys=0.01, real=0.00 secs] 
412.480: [GC (Allocation Failure) [PSYoungGen: 195504K->1392K(196096K)] 450497K->260489K(679424K), 0.0017154 secs] [Times: user=0.00 sys=0.00, real=0.01 secs] 
414.658: [GC (Allocation Failure) [PSYoungGen: 195440K->1408K(200192K)] 454537K->260505K(683520K), 0.0025012 secs] [Times: user=0.01 sys=0.00, real=0.00 secs] 
417.753: [GC (Allocation Failure) [PSYoungGen: 199552K->1440K(200192K)] 458649K->260537K(683520K), 0.0037428 secs] [Times: user=0.01 sys=0.00, real=0.00 secs] 
420.642: [GC (Allocation Failure) [PSYoungGen: 199584K->1440K(204800K)] 458681K->262593K(688128K), 0.0037313 secs] [Times: user=0.01 sys=0.00, real=0.00 secs] 
423.711: [GC (Allocation Failure) [PSYoungGen: 204192K->1376K(204800K)] 465345K->262537K(688128K), 0.0042341 secs] [Times: user=0.01 sys=0.00, real=0.01 secs] 
426.142: [GC (Allocation Failure) [PSYoungGen: 204128K->1440K(209408K)] 465289K->262601K(692736K), 0.0022716 secs] [Times: user=0.01 sys=0.00, real=0.00 secs] 
428.533: [GC (Allocation Failure) [PSYoungGen: 208800K->1440K(209408K)] 469961K->262617K(692736K), 0.0020362 secs] [Times: user=0.00 sys=0.00, real=0.00 secs] 
429.684: [GC (Allocation Failure) [PSYoungGen: 208800K->1424K(213504K)] 469977K->262601K(696832K), 0.0020406 secs] [Times: user=0.01 sys=0.00, real=0.00 secs] 
431.500: [GC (Allocation Failure) [PSYoungGen: 212880K->1408K(213504K)] 474057K->262593K(696832K), 0.0021801 secs] [Times: user=0.01 sys=0.00, real=0.01 secs] 
432.838: [GC (Allocation Failure) [PSYoungGen: 212864K->1440K(218624K)] 474049K->262641K(701952K), 0.0016133 secs] [Times: user=0.00 sys=0.00, real=0.00 secs] 
433.764: [GC (Allocation Failure) [PSYoungGen: 218016K->352K(218624K)] 479217K->261553K(701952K), 0.0022509 secs] [Times: user=0.01 sys=0.00, real=0.00 secs] 
435.749: [GC (Allocation Failure) [PSYoungGen: 216928K->1456K(224768K)] 478129K->262665K(708096K), 0.0041156 secs] [Times: user=0.02 sys=0.00, real=0.01 secs] 
438.230: [GC (Allocation Failure) [PSYoungGen: 224176K->1440K(224768K)] 485385K->262657K(708096K), 0.0019853 secs] [Times: user=0.01 sys=0.00, real=0.01 secs] 
439.994: [GC (Allocation Failure) [PSYoungGen: 224160K->1472K(229888K)] 485377K->262689K(713216K), 0.0018312 secs] [Times: user=0.01 sys=0.00, real=0.00 secs] 
443.968: [GC (Allocation Failure) [PSYoungGen: 229824K->1456K(230400K)] 491041K->262681K(713728K), 0.0042698 secs] [Times: user=0.01 sys=0.00, real=0.01 secs] 
445.889: [GC (Allocation Failure) [PSYoungGen: 229808K->1472K(236032K)] 491033K->262713K(719360K), 0.0021369 secs] [Times: user=0.01 sys=0.00, real=0.01 secs] 
447.764: [GC (Allocation Failure) [PSYoungGen: 235456K->1424K(236032K)] 496697K->262673K(719360K), 0.0021004 secs] [Times: user=0.01 sys=0.00, real=0.00 secs] 
450.113: [GC (Allocation Failure) [PSYoungGen: 235408K->1472K(240640K)] 496657K->262721K(723968K), 0.0020253 secs] [Times: user=0.00 sys=0.00, real=0.00 secs] 
453.474: [GC (Allocation Failure) [PSYoungGen: 240576K->1456K(241152K)] 501825K->262713K(724480K), 0.0018041 secs] [Times: user=0.01 sys=0.00, real=0.00 secs] 
455.641: [GC (Allocation Failure) [PSYoungGen: 240560K->1408K(245760K)] 501817K->262673K(729088K), 0.0022314 secs] [Times: user=0.01 sys=0.00, real=0.01 secs] 
458.248: [GC (Allocation Failure) [PSYoungGen: 245120K->1408K(245760K)] 506385K->262673K(729088K), 0.0028645 secs] [Times: user=0.01 sys=0.00, real=0.00 secs] 
462.042: [GC (Allocation Failure) [PSYoungGen: 245120K->1440K(250368K)] 506385K->262713K(733696K), 0.0038020 secs] [Times: user=0.02 sys=0.00, real=0.00 secs] 
465.535: [GC (Allocation Failure) [PSYoungGen: 249760K->1440K(250368K)] 511033K->262713K(733696K), 0.0039389 secs] [Times: user=0.02 sys=0.00, real=0.00 secs] 
469.265: [GC (Allocation Failure) [PSYoungGen: 249760K->1456K(254464K)] 511033K->262737K(737792K), 0.0018396 secs] [Times: user=0.00 sys=0.00, real=0.00 secs] 
472.541: [GC (Allocation Failure) [PSYoungGen: 254384K->1920K(254976K)] 515665K->263201K(738304K), 0.0019251 secs] [Times: user=0.01 sys=0.00, real=0.01 secs] 
475.411: [GC (Allocation Failure) [PSYoungGen: 254848K->1408K(259072K)] 516129K->262689K(742400K), 0.0030790 secs] [Times: user=0.01 sys=0.00, real=0.01 secs] 
479.772: [GC (Allocation Failure) [PSYoungGen: 258432K->1472K(259072K)] 519713K->262753K(742400K), 0.0029994 secs] [Times: user=0.01 sys=0.00, real=0.00 secs] 
482.411: [GC (Allocation Failure) [PSYoungGen: 258496K->1440K(263168K)] 519777K->262729K(746496K), 0.0019879 secs] [Times: user=0.01 sys=0.00, real=0.00 secs] 
485.307: [GC (Allocation Failure) [PSYoungGen: 262560K->1440K(263168K)] 523849K->262729K(746496K), 0.0038268 secs] [Times: user=0.02 sys=0.00, real=0.00 secs] 
487.276: [GC (Allocation Failure) [PSYoungGen: 262560K->1408K(267776K)] 523849K->262705K(751104K), 0.0020662 secs] [Times: user=0.00 sys=0.01, real=0.00 secs] 
489.308: [GC (Allocation Failure) [PSYoungGen: 267136K->1440K(267776K)] 528433K->262753K(751104K), 0.0021292 secs] [Times: user=0.01 sys=0.01, real=0.00 secs] 
493.070: [GC (Allocation Failure) [PSYoungGen: 267168K->1408K(271872K)] 528481K->262721K(755200K), 0.0019785 secs] [Times: user=0.00 sys=0.00, real=0.01 secs] 
495.170: [GC (Allocation Failure) [PSYoungGen: 271744K->1440K(272384K)] 533057K->262753K(755712K), 0.0034672 secs] [Times: user=0.01 sys=0.00, real=0.01 secs] 
498.227: [GC (Allocation Failure) [PSYoungGen: 271776K->1376K(276992K)] 533089K->262689K(760320K), 0.0019269 secs] [Times: user=0.01 sys=0.00, real=0.00 secs] 
500.980: [GC (Allocation Failure) [PSYoungGen: 276832K->1408K(277504K)] 538145K->262721K(760832K), 0.0023851 secs] [Times: user=0.01 sys=0.00, real=0.01 secs] 
504.764: [GC (Allocation Failure) [PSYoungGen: 276864K->1440K(281600K)] 538177K->262753K(764928K), 0.0027144 secs] [Times: user=0.01 sys=0.01, real=0.00 secs] 
506.675: [GC (Allocation Failure) [PSYoungGen: 281504K->1408K(282112K)] 542817K->262721K(765440K), 0.0016446 secs] [Times: user=0.01 sys=0.00, real=0.00 secs] 
510.574: [GC (Allocation Failure) [PSYoungGen: 281472K->1504K(286720K)] 542785K->262833K(770048K), 0.0019746 secs] [Times: user=0.01 sys=0.00, real=0.00 secs] 
512.478: [GC (Allocation Failure) [PSYoungGen: 286176K->1472K(286720K)] 547505K->262817K(770048K), 0.0017474 secs] [Times: user=0.00 sys=0.00, real=0.00 secs] 
514.191: [GC (Allocation Failure) [PSYoungGen: 286144K->1472K(291328K)] 547489K->262825K(774656K), 0.0017584 secs] [Times: user=0.00 sys=0.00, real=0.01 secs] 
516.010: [GC (Allocation Failure) [PSYoungGen: 290752K->1472K(291328K)] 552105K->262825K(774656K), 0.0018485 secs] [Times: user=0.01 sys=0.00, real=0.01 secs] 
517.740: [GC (Allocation Failure) [PSYoungGen: 290752K->1456K(296448K)] 552105K->262817K(779776K), 0.0031697 secs] [Times: user=0.01 sys=0.00, real=0.01 secs] 
519.801: [GC (Allocation Failure) [PSYoungGen: 295856K->1472K(296448K)] 557217K->262833K(779776K), 0.0016864 secs] [Times: user=0.01 sys=0.00, real=0.01 secs] 
522.794: [GC (Allocation Failure) [PSYoungGen: 295872K->1504K(301568K)] 557233K->262881K(784896K), 0.0027036 secs] [Times: user=0.02 sys=0.00, real=0.00 secs] 
526.737: [GC (Allocation Failure) [PSYoungGen: 301536K->1488K(302080K)] 562913K->262873K(785408K), 0.0041364 secs] [Times: user=0.01 sys=0.01, real=0.01 secs] 
530.252: [GC (Allocation Failure) [PSYoungGen: 301520K->1504K(308224K)] 562905K->262897K(791552K), 0.0042322 secs] [Times: user=0.02 sys=0.00, real=0.00 secs] 
533.703: [GC (Allocation Failure) [PSYoungGen: 307680K->1472K(308224K)] 569073K->262865K(791552K), 0.0036177 secs] [Times: user=0.01 sys=0.01, real=0.00 secs] 
535.883: [GC (Allocation Failure) [PSYoungGen: 307648K->1456K(314368K)] 569041K->262849K(797696K), 0.0017301 secs] [Times: user=0.00 sys=0.00, real=0.00 secs] 
539.668: [GC (Allocation Failure) [PSYoungGen: 313776K->1488K(314368K)] 575169K->262881K(797696K), 0.0023451 secs] [Times: user=0.01 sys=0.00, real=0.00 secs] 
544.052: [GC (Allocation Failure) [PSYoungGen: 313808K->1456K(320000K)] 575201K->262849K(803328K), 0.0037670 secs] [Times: user=0.01 sys=0.00, real=0.00 secs] 
547.202: [GC (Allocation Failure) [PSYoungGen: 319408K->1488K(320000K)] 580801K->262881K(803328K), 0.0019034 secs] [Times: user=0.01 sys=0.00, real=0.00 secs] 
549.123: [GC (Allocation Failure) [PSYoungGen: 319440K->1472K(325120K)] 580833K->262865K(808448K), 0.0015968 secs] [Times: user=0.00 sys=0.00, real=0.00 secs] 
552.628: [GC (Allocation Failure) [PSYoungGen: 324544K->1472K(325120K)] 585937K->262905K(808448K), 0.0023156 secs] [Times: user=0.01 sys=0.00, real=0.00 secs] 
556.037: [GC (Allocation Failure) [PSYoungGen: 324544K->1469K(329216K)] 585977K->262910K(812544K), 0.0016451 secs] [Times: user=0.01 sys=0.00, real=0.00 secs] 
558.749: [GC (Allocation Failure) [PSYoungGen: 329149K->1472K(330240K)] 590590K->262913K(813568K), 0.0018507 secs] [Times: user=0.01 sys=0.00, real=0.00 secs] 
560.567: [GC (Allocation Failure) [PSYoungGen: 330176K->1504K(333312K)] 591617K->262945K(816640K), 0.0018376 secs] [Times: user=0.00 sys=0.00, real=0.00 secs] 
562.682: [GC (Allocation Failure) [PSYoungGen: 333280K->1472K(333824K)] 594721K->262921K(817152K), 0.0018673 secs] [Times: user=0.00 sys=0.00, real=0.00 secs] 
565.295: [GC (Allocation Failure) [PSYoungGen: 333248K->1472K(338432K)] 594697K->262953K(821760K), 0.0018912 secs] [Times: user=0.01 sys=0.00, real=0.00 secs] 
569.293: [GC (Allocation Failure) [PSYoungGen: 338368K->1472K(338432K)] 599849K->262961K(821760K), 0.0020737 secs] [Times: user=0.01 sys=0.00, real=0.00 secs] 
572.114: [GC (Allocation Failure) [PSYoungGen: 338368K->1424K(343040K)] 599857K->262913K(826368K), 0.0017898 secs] [Times: user=0.00 sys=0.00, real=0.00 secs] 
575.982: [GC (Allocation Failure) [PSYoungGen: 342928K->1440K(343040K)] 604417K->262929K(826368K), 0.0028543 secs] [Times: user=0.01 sys=0.00, real=0.00 secs] 
579.447: [GC (Allocation Failure) [PSYoungGen: 342944K->1405K(347648K)] 604433K->262902K(830976K), 0.0016355 secs] [Times: user=0.00 sys=0.00, real=0.00 secs] 
584.960: [GC (Allocation Failure) [PSYoungGen: 347517K->1440K(347648K)] 609014K->262953K(830976K), 0.0023743 secs] [Times: user=0.01 sys=0.00, real=0.01 secs] 
587.735: [GC (Allocation Failure) [PSYoungGen: 347552K->1456K(351744K)] 609065K->262969K(835072K), 0.0019875 secs] [Times: user=0.01 sys=0.00, real=0.00 secs] 
592.056: [GC (Allocation Failure) [PSYoungGen: 351664K->1408K(351744K)] 613177K->262929K(835072K), 0.0036374 secs] [Times: user=0.01 sys=0.00, real=0.00 secs] 
596.685: [GC (Allocation Failure) [PSYoungGen: 351616K->1440K(356352K)] 613137K->262961K(839680K), 0.0021075 secs] [Times: user=0.01 sys=0.01, real=0.00 secs] 
600.190: [GC (Allocation Failure) [PSYoungGen: 356256K->1440K(356352K)] 617777K->262961K(839680K), 0.0030601 secs] [Times: user=0.01 sys=0.00, real=0.01 secs] 
605.306: [GC (Allocation Failure) [PSYoungGen: 356256K->1440K(360960K)] 617777K->262977K(844288K), 0.0022594 secs] [Times: user=0.01 sys=0.01, real=0.00 secs] 
608.781: [GC (Allocation Failure) [PSYoungGen: 360864K->1440K(361472K)] 622401K->262977K(844800K), 0.0015900 secs] [Times: user=0.00 sys=0.00, real=0.01 secs] 
612.025: [GC (Allocation Failure) [PSYoungGen: 361376K->1408K(365056K)] 622913K->262953K(848384K), 0.0029208 secs] [Times: user=0.01 sys=0.00, real=0.00 secs] 
616.706: [GC (Allocation Failure) [PSYoungGen: 364928K->1408K(365056K)] 626473K->262953K(848384K), 0.0023470 secs] [Times: user=0.01 sys=0.00, real=0.00 secs] 
620.936: [GC (Allocation Failure) [PSYoungGen: 364928K->1408K(369664K)] 626473K->262961K(852992K), 0.0027072 secs] [Times: user=0.01 sys=0.01, real=0.00 secs] 
624.826: [GC (Allocation Failure) [PSYoungGen: 369536K->1440K(369664K)] 631089K->263001K(852992K), 0.0016799 secs] [Times: user=0.01 sys=0.00, real=0.00 secs] 
628.096: [GC (Allocation Failure) [PSYoungGen: 369568K->1440K(373760K)] 631129K->263009K(857088K), 0.0032869 secs] [Times: user=0.01 sys=0.01, real=0.00 secs] 
632.472: [GC (Allocation Failure) [PSYoungGen: 373664K->1440K(373760K)] 635233K->263009K(857088K), 0.0019706 secs] [Times: user=0.01 sys=0.00, real=0.00 secs] 
635.347: [GC (Allocation Failure) [PSYoungGen: 373664K->1408K(378368K)] 635233K->262989K(861696K), 0.0018105 secs] [Times: user=0.01 sys=0.00, real=0.00 secs] 
641.656: [GC (Allocation Failure) [PSYoungGen: 378240K->1440K(378368K)] 639821K->263021K(861696K), 0.0037615 secs] [Times: user=0.02 sys=0.00, real=0.00 secs] 
646.525: [GC (Allocation Failure) [PSYoungGen: 378272K->1456K(382976K)] 639853K->263037K(866304K), 0.0020301 secs] [Times: user=0.00 sys=0.00, real=0.00 secs] 
651.128: [GC (Allocation Failure) [PSYoungGen: 382896K->1440K(382976K)] 644477K->263021K(866304K), 0.0034258 secs] [Times: user=0.01 sys=0.00, real=0.01 secs] 
654.059: [GC (Allocation Failure) [PSYoungGen: 382880K->1389K(387584K)] 644461K->262970K(870912K), 0.0014021 secs] [Times: user=0.01 sys=0.00, real=0.00 secs] 
657.037: [GC (Allocation Failure) [PSYoungGen: 387437K->1440K(387584K)] 649018K->263021K(870912K), 0.0017256 secs] [Times: user=0.01 sys=0.00, real=0.00 secs] 
660.442: [GC (Allocation Failure) [PSYoungGen: 387488K->1440K(392192K)] 649069K->263021K(875520K), 0.0022507 secs] [Times: user=0.01 sys=0.00, real=0.00 secs] 
664.706: [GC (Allocation Failure) [PSYoungGen: 392096K->1440K(392192K)] 653677K->263037K(875520K), 0.0016403 secs] [Times: user=0.01 sys=0.00, real=0.00 secs] 
668.630: [GC (Allocation Failure) [PSYoungGen: 392096K->1456K(396288K)] 653693K->263069K(879616K), 0.0019543 secs] [Times: user=0.01 sys=0.00, real=0.01 secs] 
671.482: [GC (Allocation Failure) [PSYoungGen: 396208K->1440K(396800K)] 657821K->263077K(880128K), 0.0016825 secs] [Times: user=0.01 sys=0.00, real=0.00 secs] 
676.176: [GC (Allocation Failure) [PSYoungGen: 396704K->1440K(400896K)] 658341K->263093K(884224K), 0.0035493 secs] [Times: user=0.02 sys=0.00, real=0.00 secs] 
680.295: [GC (Allocation Failure) [PSYoungGen: 400800K->1440K(400896K)] 662453K->263109K(884224K), 0.0026435 secs] [Times: user=0.01 sys=0.00, real=0.00 secs] 
684.534: [GC (Allocation Failure) [PSYoungGen: 400800K->1440K(406016K)] 662469K->263125K(889344K), 0.0025090 secs] [Times: user=0.00 sys=0.00, real=0.00 secs] 
688.389: [GC (Allocation Failure) [PSYoungGen: 405920K->1440K(406016K)] 667605K->263125K(889344K), 0.0021009 secs] [Times: user=0.01 sys=0.00, real=0.01 secs] 
693.050: [GC (Allocation Failure) [PSYoungGen: 405920K->1440K(410624K)] 667605K->263133K(893952K), 0.0022220 secs] [Times: user=0.01 sys=0.00, real=0.01 secs] 
696.188: [GC (Allocation Failure) [PSYoungGen: 410528K->1440K(410624K)] 672221K->263133K(893952K), 0.0021728 secs] [Times: user=0.01 sys=0.00, real=0.00 secs] 
701.244: [GC (Allocation Failure) [PSYoungGen: 410528K->1373K(415232K)] 672221K->263066K(898560K), 0.0015413 secs] [Times: user=0.00 sys=0.00, real=0.00 secs] 
706.537: [GC (Allocation Failure) [PSYoungGen: 415069K->1408K(415744K)] 676762K->263109K(899072K), 0.0021306 secs] [Times: user=0.01 sys=0.00, real=0.00 secs] 
709.495: [GC (Allocation Failure) [PSYoungGen: 415616K->1440K(419328K)] 677317K->263141K(902656K), 0.0020759 secs] [Times: user=0.01 sys=0.00, real=0.00 secs] 
714.661: [GC (Allocation Failure) [PSYoungGen: 419232K->1440K(419328K)] 680933K->263149K(902656K), 0.0018272 secs] [Times: user=0.01 sys=0.00, real=0.00 secs] 
719.598: [GC (Allocation Failure) [PSYoungGen: 419232K->1440K(423424K)] 680941K->263149K(906752K), 0.0032464 secs] [Times: user=0.01 sys=0.00, real=0.01 secs] 
723.429: [GC (Allocation Failure) [PSYoungGen: 423328K->1357K(423424K)] 685037K->263082K(906752K), 0.0013714 secs] [Times: user=0.00 sys=0.01, real=0.00 secs] 
728.805: [GC (Allocation Failure) [PSYoungGen: 423245K->1408K(427520K)] 684970K->263133K(910848K), 0.0023308 secs] [Times: user=0.01 sys=0.00, real=0.00 secs] 
734.046: [GC (Allocation Failure) [PSYoungGen: 427392K->1440K(427520K)] 689117K->263165K(910848K), 0.0024598 secs] [Times: user=0.01 sys=0.00, real=0.00 secs] 
738.306: [GC (Allocation Failure) [PSYoungGen: 427424K->1408K(416768K)] 689149K->263149K(900096K), 0.0019115 secs] [Times: user=0.01 sys=0.00, real=0.00 secs] 
742.481: [GC (Allocation Failure) [PSYoungGen: 416640K->1440K(406016K)] 678381K->263189K(889344K), 0.0020539 secs] [Times: user=0.00 sys=0.00, real=0.00 secs] 
747.903: [GC (Allocation Failure) [PSYoungGen: 405920K->416K(394752K)] 667669K->264221K(878080K), 0.0017454 secs] [Times: user=0.01 sys=0.00, real=0.00 secs] 
752.188: [GC (Allocation Failure) [PSYoungGen: 394656K->1408K(386560K)] 658461K->265221K(869888K), 0.0019021 secs] [Times: user=0.01 sys=0.00, real=0.00 secs] 
756.433: [GC (Allocation Failure) [PSYoungGen: 385920K->1408K(376832K)] 649733K->265229K(860160K), 0.0018876 secs] [Times: user=0.01 sys=0.00, real=0.00 secs] 
761.839: [GC (Allocation Failure) [PSYoungGen: 376704K->1392K(380928K)] 640525K->265213K(864256K), 0.0040089 secs] [Times: user=0.01 sys=0.00, real=0.01 secs] 
766.373: [GC (Allocation Failure) [PSYoungGen: 380784K->1408K(371712K)] 644605K->265229K(855040K), 0.0017393 secs] [Times: user=0.01 sys=0.00, real=0.00 secs] 
770.416: [GC (Allocation Failure) [PSYoungGen: 371584K->1472K(376320K)] 635405K->265293K(859648K), 0.0039307 secs] [Times: user=0.01 sys=0.00, real=0.00 secs] 
775.746: [GC (Allocation Failure) [PSYoungGen: 376256K->1408K(380928K)] 640077K->265253K(864256K), 0.0030764 secs] [Times: user=0.01 sys=0.00, real=0.00 secs] 
780.795: [GC (Allocation Failure) [PSYoungGen: 380800K->1360K(385024K)] 644645K->265205K(868352K), 0.0022332 secs] [Times: user=0.01 sys=0.00, real=0.00 secs] 
787.955: [GC (Allocation Failure) [PSYoungGen: 384848K->1440K(375808K)] 648693K->265293K(859136K), 0.0018655 secs] [Times: user=0.00 sys=0.00, real=0.00 secs] 
792.559: [GC (Allocation Failure) [PSYoungGen: 375712K->1424K(379904K)] 639565K->265277K(863232K), 0.0030180 secs] [Times: user=0.01 sys=0.00, real=0.01 secs] 
795.751: [GC (Allocation Failure) [PSYoungGen: 379792K->1408K(384000K)] 643645K->265269K(867328K), 0.0016254 secs] [Times: user=0.01 sys=0.00, real=0.01 secs] 
800.909: [GC (Allocation Failure) [PSYoungGen: 383872K->1424K(374784K)] 647733K->265301K(858112K), 0.0018383 secs] [Times: user=0.00 sys=0.00, real=0.00 secs] 
805.027: [GC (Allocation Failure) [PSYoungGen: 374672K->1472K(379392K)] 638549K->265365K(862720K), 0.0041061 secs] [Times: user=0.02 sys=0.00, real=0.01 secs] 
810.194: [GC (Allocation Failure) [PSYoungGen: 379328K->1440K(383488K)] 643221K->265349K(866816K), 0.0022957 secs] [Times: user=0.01 sys=0.00, real=0.00 secs] 
815.729: [GC (Allocation Failure) [PSYoungGen: 383392K->1408K(387584K)] 647301K->265317K(870912K), 0.0021357 secs] [Times: user=0.01 sys=0.00, real=0.00 secs] 
820.295: [GC (Allocation Failure) [PSYoungGen: 387456K->1472K(391680K)] 651365K->265389K(875008K), 0.0018564 secs] [Times: user=0.01 sys=0.00, real=0.00 secs] 
824.047: [GC (Allocation Failure) [PSYoungGen: 391616K->1408K(395776K)] 655533K->265341K(879104K), 0.0019267 secs] [Times: user=0.01 sys=0.00, real=0.00 secs] 
826.757: [GC (Allocation Failure) [PSYoungGen: 395648K->1440K(399872K)] 659581K->265373K(883200K), 0.0018864 secs] [Times: user=0.01 sys=0.00, real=0.00 secs] 
829.348: [GC (Allocation Failure) [PSYoungGen: 399776K->1408K(404480K)] 663709K->265349K(887808K), 0.0016657 secs] [Times: user=0.01 sys=0.00, real=0.00 secs] 
831.452: [GC (Allocation Failure) [PSYoungGen: 404352K->1376K(409600K)] 668293K->265325K(892928K), 0.0017930 secs] [Times: user=0.01 sys=0.00, real=0.00 secs] 
835.100: [GC (Allocation Failure) [PSYoungGen: 409440K->1440K(415232K)] 673389K->265389K(898560K), 0.0031050 secs] [Times: user=0.01 sys=0.00, real=0.01 secs] 
838.726: [GC (Allocation Failure) [PSYoungGen: 415136K->1408K(420352K)] 679085K->265365K(903680K), 0.0025826 secs] [Times: user=0.01 sys=0.00, real=0.00 secs] 
843.553: [GC (Allocation Failure) [PSYoungGen: 419712K->1472K(420352K)] 683669K->265429K(903680K), 0.0018256 secs] [Times: user=0.01 sys=0.00, real=0.00 secs] 
846.885: [GC (Allocation Failure) [PSYoungGen: 420288K->1440K(420864K)] 684245K->265405K(904192K), 0.0020141 secs] [Times: user=0.01 sys=0.00, real=0.00 secs] 
851.480: [GC (Allocation Failure) [PSYoungGen: 420256K->1408K(425472K)] 684221K->265373K(908800K), 0.0039541 secs] [Times: user=0.02 sys=0.00, real=0.01 secs] 
854.396: [GC (Allocation Failure) [PSYoungGen: 425344K->1488K(425472K)] 689309K->265453K(908800K), 0.0018556 secs] [Times: user=0.01 sys=0.00, real=0.00 secs] 
857.087: [GC (Allocation Failure) [PSYoungGen: 425424K->1440K(431104K)] 689389K->265405K(914432K), 0.0018921 secs] [Times: user=0.01 sys=0.00, real=0.00 secs] 
859.557: [GC (Allocation Failure) [PSYoungGen: 431008K->1424K(431616K)] 694973K->265397K(914944K), 0.0018802 secs] [Times: user=0.00 sys=0.00, real=0.00 secs] 
862.480: [GC (Allocation Failure) [PSYoungGen: 431504K->1472K(437248K)] 695477K->265445K(920576K), 0.0019727 secs] [Times: user=0.01 sys=0.00, real=0.01 secs] 
866.491: [GC (Allocation Failure) [PSYoungGen: 437184K->1440K(437248K)] 701157K->265413K(920576K), 0.0021194 secs] [Times: user=0.01 sys=0.00, real=0.01 secs] 
872.039: [GC (Allocation Failure) [PSYoungGen: 437152K->1408K(442880K)] 701125K->265397K(926208K), 0.0037550 secs] [Times: user=0.02 sys=0.00, real=0.01 secs] 
875.771: [GC (Allocation Failure) [PSYoungGen: 442752K->1440K(442880K)] 706741K->265437K(926208K), 0.0018248 secs] [Times: user=0.00 sys=0.00, real=0.01 secs] 
880.220: [GC (Allocation Failure) [PSYoungGen: 442784K->1440K(448000K)] 706781K->265445K(931328K), 0.0020160 secs] [Times: user=0.01 sys=0.00, real=0.01 secs] 
882.803: [GC (Allocation Failure) [PSYoungGen: 447904K->1408K(448512K)] 711909K->265429K(931840K), 0.0016083 secs] [Times: user=0.01 sys=0.00, real=0.00 secs] 
888.023: [GC (Allocation Failure) [PSYoungGen: 448384K->1440K(453120K)] 712405K->265469K(936448K), 0.0027704 secs] [Times: user=0.01 sys=0.00, real=0.00 secs] 
893.745: [GC (Allocation Failure) [PSYoungGen: 453024K->1440K(453120K)] 717053K->265469K(936448K), 0.0031652 secs] [Times: user=0.01 sys=0.00, real=0.00 secs] 
900.291: [GC (Allocation Failure) [PSYoungGen: 453024K->1440K(457728K)] 717053K->265477K(941056K), 0.0022997 secs] [Times: user=0.01 sys=0.00, real=0.00 secs] 
904.284: [GC (Allocation Failure) [PSYoungGen: 457632K->1408K(458240K)] 721669K->265453K(941568K), 0.0017592 secs] [Times: user=0.01 sys=0.00, real=0.00 secs] 
908.422: [GC (Allocation Failure) [PSYoungGen: 458112K->1408K(462336K)] 722157K->265453K(945664K), 0.0017255 secs] [Times: user=0.01 sys=0.00, real=0.00 secs] 
911.273: [GC (Allocation Failure) [PSYoungGen: 462208K->1440K(462336K)] 726253K->265501K(945664K), 0.0018248 secs] [Times: user=0.01 sys=0.00, real=0.00 secs] 
916.501: [GC (Allocation Failure) [PSYoungGen: 462240K->1440K(466944K)] 726301K->265501K(950272K), 0.0019442 secs] [Times: user=0.00 sys=0.00, real=0.01 secs] 
919.895: [GC (Allocation Failure) [PSYoungGen: 466848K->1408K(466944K)] 730909K->265469K(950272K), 0.0020283 secs] [Times: user=0.00 sys=0.00, real=0.00 secs] 
924.107: [GC (Allocation Failure) [PSYoungGen: 466816K->1472K(471552K)] 730877K->265541K(954880K), 0.0036291 secs] [Times: user=0.02 sys=0.00, real=0.00 secs] 
928.514: [GC (Allocation Failure) [PSYoungGen: 471488K->1504K(471552K)] 735557K->265597K(954880K), 0.0016607 secs] [Times: user=0.00 sys=0.00, real=0.00 secs] 
932.579: [GC (Allocation Failure) [PSYoungGen: 471520K->1408K(476672K)] 735613K->265501K(960000K), 0.0039145 secs] [Times: user=0.01 sys=0.00, real=0.01 secs] 
938.193: [GC (Allocation Failure) [PSYoungGen: 476544K->1440K(476672K)] 740637K->265533K(960000K), 0.0023581 secs] [Times: user=0.01 sys=0.00, real=0.00 secs] 
945.391: [GC (Allocation Failure) [PSYoungGen: 476576K->1408K(481792K)] 740669K->265501K(965120K), 0.0025621 secs] [Times: user=0.01 sys=0.00, real=0.01 secs] 
952.203: [GC (Allocation Failure) [PSYoungGen: 481664K->1440K(468480K)] 745757K->265541K(951808K), 0.0020001 secs] [Times: user=0.01 sys=0.00, real=0.00 secs] 
957.992: [GC (Allocation Failure) [PSYoungGen: 468384K->384K(454656K)] 732485K->265509K(937984K), 0.0014906 secs] [Times: user=0.01 sys=0.00, real=0.00 secs] 
962.871: [GC (Allocation Failure) [PSYoungGen: 454528K->1440K(443904K)] 719653K->266565K(927232K), 0.0019625 secs] [Times: user=0.01 sys=0.00, real=0.01 secs] 
966.397: [GC (Allocation Failure) [PSYoungGen: 443296K->1389K(431616K)] 708421K->266514K(914944K), 0.0013372 secs] [Times: user=0.01 sys=0.00, real=0.00 secs] 
971.133: [GC (Allocation Failure) [PSYoungGen: 431469K->1440K(420352K)] 696594K->266573K(903680K), 0.0019973 secs] [Times: user=0.00 sys=0.00, real=0.00 secs] 
975.286: [GC (Allocation Failure) [PSYoungGen: 420256K->1424K(409600K)] 685389K->266557K(892928K), 0.0028462 secs] [Times: user=0.01 sys=0.00, real=0.00 secs] 
979.532: [GC (Allocation Failure) [PSYoungGen: 409488K->1440K(413696K)] 674621K->266589K(897024K), 0.0023139 secs] [Times: user=0.01 sys=0.00, real=0.00 secs] 
981.984: [GC (Allocation Failure) [PSYoungGen: 413600K->1440K(418304K)] 678749K->266597K(901632K), 0.0018275 secs] [Times: user=0.00 sys=0.00, real=0.00 secs] 
986.504: [GC (Allocation Failure) [PSYoungGen: 418208K->1421K(422400K)] 683365K->266578K(905728K), 0.0013685 secs] [Times: user=0.01 sys=0.00, real=0.00 secs] 
991.434: [GC (Allocation Failure) [PSYoungGen: 422285K->1440K(411648K)] 687442K->266597K(894976K), 0.0018617 secs] [Times: user=0.01 sys=0.00, real=0.00 secs] 
995.269: [GC (Allocation Failure) [PSYoungGen: 411552K->1440K(401408K)] 676709K->266605K(884736K), 0.0020652 secs] [Times: user=0.01 sys=0.00, real=0.01 secs] 
998.514: [GC (Allocation Failure) [PSYoungGen: 401312K->1440K(405504K)] 666477K->266613K(888832K), 0.0016316 secs] [Times: user=0.00 sys=0.00, real=0.00 secs] 
1000.996: [GC (Allocation Failure) [PSYoungGen: 405408K->1376K(410112K)] 670581K->266557K(893440K), 0.0018889 secs] [Times: user=0.01 sys=0.00, real=0.00 secs] 
1005.832: [GC (Allocation Failure) [PSYoungGen: 409952K->1408K(414720K)] 675133K->266589K(898048K), 0.0032295 secs] [Times: user=0.01 sys=0.00, real=0.00 secs] 
1010.295: [GC (Allocation Failure) [PSYoungGen: 414592K->1440K(419328K)] 679773K->266629K(902656K), 0.0018086 secs] [Times: user=0.00 sys=0.00, real=0.00 secs] 
1012.505: [GC (Allocation Failure) [PSYoungGen: 419232K->1408K(424448K)] 684421K->266605K(907776K), 0.0016834 secs] [Times: user=0.01 sys=0.00, real=0.00 secs] 
1016.648: [GC (Allocation Failure) [PSYoungGen: 424320K->1408K(429056K)] 689517K->266613K(912384K), 0.0018765 secs] [Times: user=0.00 sys=0.00, real=0.00 secs] 
1021.625: [GC (Allocation Failure) [PSYoungGen: 428928K->1440K(433664K)] 694133K->266653K(916992K), 0.0019021 secs] [Times: user=0.01 sys=0.00, real=0.00 secs] 
1024.720: [GC (Allocation Failure) [PSYoungGen: 432700K->288K(437760K)] 697914K->265501K(921088K), 0.0022949 secs] [Times: user=0.01 sys=0.00, real=0.01 secs] 
1028.110: [GC (Allocation Failure) [PSYoungGen: 437536K->1440K(443904K)] 702749K->266669K(927232K), 0.0020424 secs] [Times: user=0.00 sys=0.00, real=0.01 secs] 
1033.196: [GC (Allocation Failure) [PSYoungGen: 443808K->1440K(448512K)] 709037K->266669K(931840K), 0.0025329 secs] [Times: user=0.01 sys=0.00, real=0.00 secs] 
1038.697: [GC (Allocation Failure) [PSYoungGen: 448416K->1456K(453120K)] 713645K->266693K(936448K), 0.0021087 secs] [Times: user=0.00 sys=0.01, real=0.00 secs] 
1043.463: [GC (Allocation Failure) [PSYoungGen: 453040K->1472K(457728K)] 718277K->266717K(941056K), 0.0025416 secs] [Times: user=0.01 sys=0.00, real=0.00 secs] 
1049.311: [GC (Allocation Failure) [PSYoungGen: 457664K->1472K(445440K)] 722909K->266717K(928768K), 0.0019135 secs] [Times: user=0.01 sys=0.00, real=0.00 secs] 
1052.315: [GC (Allocation Failure) [PSYoungGen: 445376K->1504K(450048K)] 710621K->266749K(933376K), 0.0020947 secs] [Times: user=0.00 sys=0.00, real=0.00 secs] 
1056.639: [GC (Allocation Failure) [PSYoungGen: 450016K->1456K(455168K)] 715261K->266701K(938496K), 0.0030470 secs] [Times: user=0.02 sys=0.00, real=0.01 secs] 
1059.994: [GC (Allocation Failure) [PSYoungGen: 455088K->1437K(459776K)] 720333K->266682K(943104K), 0.0014666 secs] [Times: user=0.01 sys=0.00, real=0.00 secs] 
1063.576: [GC (Allocation Failure) [PSYoungGen: 459677K->1440K(464896K)] 724922K->266685K(948224K), 0.0019878 secs] [Times: user=0.01 sys=0.00, real=0.00 secs] 
1067.504: [GC (Allocation Failure) [PSYoungGen: 464800K->1408K(467456K)] 730045K->266653K(950784K), 0.0017955 secs] [Times: user=0.00 sys=0.00, real=0.00 secs] 
1072.626: [GC (Allocation Failure) [PSYoungGen: 466816K->1440K(470016K)] 732061K->266693K(953344K), 0.0027753 secs] [Times: user=0.01 sys=0.00, real=0.00 secs] 
1079.289: [GC (Allocation Failure) [PSYoungGen: 469408K->1440K(470016K)] 734661K->266701K(953344K), 0.0042721 secs] [Times: user=0.02 sys=0.00, real=0.01 secs] 
1083.713: [GC (Allocation Failure) [PSYoungGen: 469408K->1440K(475136K)] 734669K->266717K(958464K), 0.0017939 secs] [Times: user=0.00 sys=0.00, real=0.00 secs] 
1089.656: [GC (Allocation Failure) [PSYoungGen: 474528K->1472K(475136K)] 739805K->266765K(958464K), 0.0028635 secs] [Times: user=0.01 sys=0.01, real=0.00 secs] 
1095.486: [GC (Allocation Failure) [PSYoungGen: 474560K->1405K(461824K)] 739853K->266698K(945152K), 0.0016782 secs] [Times: user=0.01 sys=0.00, real=0.00 secs] 
1100.931: [GC (Allocation Failure) [PSYoungGen: 461693K->1440K(449536K)] 726986K->266733K(932864K), 0.0021532 secs] [Times: user=0.00 sys=0.00, real=0.01 secs] 
1105.880: [GC (Allocation Failure) [PSYoungGen: 449437K->1424K(437760K)] 714730K->266717K(921088K), 0.0014966 secs] [Times: user=0.01 sys=0.00, real=0.01 secs] 
1111.525: [GC (Allocation Failure) [PSYoungGen: 437648K->1408K(426496K)] 702941K->266717K(909824K), 0.0018025 secs] [Times: user=0.00 sys=0.00, real=0.00 secs] 
1115.439: [GC (Allocation Failure) [PSYoungGen: 426368K->1408K(415744K)] 691677K->266717K(899072K), 0.0019865 secs] [Times: user=0.01 sys=0.00, real=0.00 secs] 
1121.489: [GC (Allocation Failure) [PSYoungGen: 415616K->1408K(404992K)] 680925K->266717K(888320K), 0.0018356 secs] [Times: user=0.01 sys=0.00, real=0.01 secs] 
1125.769: [GC (Allocation Failure) [PSYoungGen: 404864K->1408K(394752K)] 670173K->266717K(878080K), 0.0024134 secs] [Times: user=0.01 sys=0.00, real=0.01 secs] 
1132.084: [GC (Allocation Failure) [PSYoungGen: 394624K->1389K(385024K)] 659933K->266714K(868352K), 0.0014987 secs] [Times: user=0.01 sys=0.00, real=0.00 secs] 
1135.774: [GC (Allocation Failure) [PSYoungGen: 384877K->1424K(375808K)] 650202K->266749K(859136K), 0.0016630 secs] [Times: user=0.00 sys=0.00, real=0.00 secs] 
1138.990: [GC (Allocation Failure) [PSYoungGen: 375696K->1440K(366592K)] 641021K->266765K(849920K), 0.0017673 secs] [Times: user=0.00 sys=0.00, real=0.01 secs] 
1141.827: [GC (Allocation Failure) [PSYoungGen: 366496K->400K(369664K)] 631821K->266749K(852992K), 0.0027713 secs] [Times: user=0.01 sys=0.00, real=0.00 secs] 
1145.409: [GC (Allocation Failure) [PSYoungGen: 369552K->1437K(375296K)] 635901K->267786K(858624K), 0.0014785 secs] [Times: user=0.00 sys=0.00, real=0.00 secs] 
1149.587: [GC (Allocation Failure) [PSYoungGen: 374685K->1376K(378880K)] 641034K->267733K(862208K), 0.0023255 secs] [Times: user=0.00 sys=0.00, real=0.00 secs] 
1154.803: [GC (Allocation Failure) [PSYoungGen: 378720K->1456K(383488K)] 645077K->267821K(866816K), 0.0047691 secs] [Times: user=0.02 sys=0.00, real=0.00 secs] 
1159.440: [GC (Allocation Failure) [PSYoungGen: 383408K->1440K(374272K)] 649773K->267821K(857600K), 0.0028245 secs] [Times: user=0.01 sys=0.00, real=0.01 secs] 
1164.655: [GC (Allocation Failure) [PSYoungGen: 374176K->1952K(366080K)] 640557K->268333K(849408K), 0.0045297 secs] [Times: user=0.02 sys=0.00, real=0.00 secs] 
1171.111: [GC (Allocation Failure) [PSYoungGen: 365984K->400K(355840K)] 632365K->267805K(839168K), 0.0025357 secs] [Times: user=0.01 sys=0.00, real=0.01 secs] 
1175.545: [GC (Allocation Failure) [PSYoungGen: 355728K->1440K(349184K)] 623133K->268845K(832512K), 0.0019288 secs] [Times: user=0.01 sys=0.00, real=0.00 secs] 
1179.092: [GC (Allocation Failure) [PSYoungGen: 348576K->1408K(340480K)] 615981K->268821K(823808K), 0.0029295 secs] [Times: user=0.01 sys=0.00, real=0.00 secs] 
1182.396: [GC (Allocation Failure) [PSYoungGen: 340352K->1392K(332800K)] 607765K->268805K(816128K), 0.0031866 secs] [Times: user=0.01 sys=0.00, real=0.00 secs] 
1186.393: [GC (Allocation Failure) [PSYoungGen: 332656K->1424K(325120K)] 600069K->268837K(808448K), 0.0030978 secs] [Times: user=0.01 sys=0.00, real=0.00 secs] 
1188.636: [GC (Allocation Failure) [PSYoungGen: 325008K->1389K(317952K)] 592421K->268802K(801280K), 0.0015137 secs] [Times: user=0.01 sys=0.00, real=0.00 secs] 
1192.639: [GC (Allocation Failure) [PSYoungGen: 317805K->160K(309760K)] 585218K->267573K(793088K), 0.0015594 secs] [Times: user=0.00 sys=0.00, real=0.00 secs] 
1195.687: [GC (Allocation Failure) [PSYoungGen: 309408K->1376K(304640K)] 576821K->268813K(787968K), 0.0017736 secs] [Times: user=0.00 sys=0.00, real=0.00 secs] 
1199.243: [GC (Allocation Failure) [PSYoungGen: 303968K->1376K(297472K)] 571405K->268813K(780800K), 0.0017852 secs] [Times: user=0.01 sys=0.00, real=0.00 secs] 
1202.075: [GC (Allocation Failure) [PSYoungGen: 297312K->1440K(291328K)] 564749K->268877K(774656K), 0.0017438 secs] [Times: user=0.01 sys=0.00, real=0.00 secs] 
1204.680: [GC (Allocation Failure) [PSYoungGen: 291232K->1520K(285184K)] 558669K->269045K(768512K), 0.0017424 secs] [Times: user=0.00 sys=0.00, real=0.01 secs] 
1208.162: [GC (Allocation Failure) [PSYoungGen: 285168K->1677K(280064K)] 552693K->269202K(763392K), 0.0014284 secs] [Times: user=0.00 sys=0.00, real=0.00 secs] 
1212.086: [GC (Allocation Failure) [PSYoungGen: 279693K->816K(273408K)] 547218K->269373K(756736K), 0.0031388 secs] [Times: user=0.01 sys=0.00, real=0.00 secs] 
1216.739: [GC (Allocation Failure) [PSYoungGen: 273200K->1853K(268800K)] 541757K->270418K(752128K), 0.0025583 secs] [Times: user=0.01 sys=0.00, real=0.00 secs] 
1218.678: [GC (Allocation Failure) [PSYoungGen: 268605K->1885K(263680K)] 537170K->270458K(747008K), 0.0019932 secs] [Times: user=0.01 sys=0.00, real=0.00 secs] 
1220.586: [GC (Allocation Failure) [PSYoungGen: 263517K->1885K(258560K)] 532090K->270458K(741888K), 0.0018172 secs] [Times: user=0.01 sys=0.00, real=0.00 secs] 
1222.750: [GC (Allocation Failure) [PSYoungGen: 258397K->1504K(252928K)] 526970K->270372K(736256K), 0.0017294 secs] [Times: user=0.00 sys=0.00, real=0.01 secs] 
1224.723: [GC (Allocation Failure) [PSYoungGen: 252896K->1840K(248832K)] 521764K->270708K(732160K), 0.0019871 secs] [Times: user=0.01 sys=0.00, real=0.00 secs] 
1227.545: [GC (Allocation Failure) [PSYoungGen: 248624K->1776K(244224K)] 517492K->270652K(727552K), 0.0043681 secs] [Times: user=0.02 sys=0.00, real=0.00 secs] 
1230.511: [GC (Allocation Failure) [PSYoungGen: 243952K->1728K(239616K)] 512828K->270604K(722944K), 0.0024688 secs] [Times: user=0.01 sys=0.00, real=0.00 secs] 
1233.172: [GC (Allocation Failure) [PSYoungGen: 239296K->752K(234496K)] 508172K->270652K(717824K), 0.0023330 secs] [Times: user=0.00 sys=0.00, real=0.00 secs] 
1236.840: [GC (Allocation Failure) [PSYoungGen: 234224K->1808K(231424K)] 504124K->271708K(714752K), 0.0026798 secs] [Times: user=0.01 sys=0.00, real=0.01 secs] 
1239.948: [GC (Allocation Failure) [PSYoungGen: 231184K->1776K(227328K)] 501084K->271684K(710656K), 0.0041034 secs] [Times: user=0.01 sys=0.00, real=0.01 secs] 
1242.613: [GC (Allocation Failure) [PSYoungGen: 227056K->1744K(223232K)] 496964K->271652K(706560K), 0.0017279 secs] [Times: user=0.01 sys=0.00, real=0.00 secs] 
1243.962: [GC (Allocation Failure) [PSYoungGen: 222928K->1520K(219136K)] 492836K->271632K(702464K), 0.0024140 secs] [Times: user=0.00 sys=0.00, real=0.00 secs] 
1246.459: [GC (Allocation Failure) [PSYoungGen: 219120K->1472K(215552K)] 489232K->271936K(698880K), 0.0030540 secs] [Times: user=0.02 sys=0.00, real=0.01 secs] 
1248.652: [GC (Allocation Failure) [PSYoungGen: 215488K->1472K(211968K)] 485952K->271936K(695296K), 0.0025743 secs] [Times: user=0.01 sys=0.00, real=0.00 secs] 
1250.436: [GC (Allocation Failure) [PSYoungGen: 211904K->1421K(208384K)] 482368K->271909K(691712K), 0.0019551 secs] [Times: user=0.00 sys=0.00, real=0.00 secs] 
1252.055: [GC (Allocation Failure) [PSYoungGen: 208269K->1440K(204800K)] 478757K->271928K(688128K), 0.0018570 secs] [Times: user=0.01 sys=0.00, real=0.00 secs] 
1254.421: [GC (Allocation Failure) [PSYoungGen: 204704K->1472K(201728K)] 475192K->271960K(685056K), 0.0026309 secs] [Times: user=0.01 sys=0.00, real=0.01 secs] 
1257.114: [GC (Allocation Failure) [PSYoungGen: 201664K->256K(197632K)] 472152K->270752K(680960K), 0.0015381 secs] [Times: user=0.01 sys=0.00, real=0.00 secs] 
1257.967: [GC (Allocation Failure) [PSYoungGen: 197376K->1392K(196608K)] 467872K->271936K(679936K), 0.0017648 secs] [Times: user=0.01 sys=0.00, real=0.00 secs] 
1260.059: [GC (Allocation Failure) [PSYoungGen: 195440K->1440K(192512K)] 465984K->271992K(675840K), 0.0020631 secs] [Times: user=0.00 sys=0.00, real=0.00 secs] 
1262.634: [GC (Allocation Failure) [PSYoungGen: 192416K->1376K(189440K)] 462968K->271944K(672768K), 0.0019178 secs] [Times: user=0.01 sys=0.00, real=0.00 secs] 
1264.614: [GC (Allocation Failure) [PSYoungGen: 189280K->1440K(186368K)] 459848K->272008K(669696K), 0.0020920 secs] [Times: user=0.01 sys=0.01, real=0.00 secs] 
1267.740: [GC (Allocation Failure) [PSYoungGen: 186272K->1408K(183808K)] 456840K->271976K(667136K), 0.0044644 secs] [Times: user=0.01 sys=0.00, real=0.01 secs] 
1270.029: [GC (Allocation Failure) [PSYoungGen: 183680K->1408K(181248K)] 454248K->271976K(664576K), 0.0019953 secs] [Times: user=0.01 sys=0.00, real=0.00 secs] 
1272.617: [GC (Allocation Failure) [PSYoungGen: 181120K->1408K(178688K)] 451688K->271976K(662016K), 0.0031917 secs] [Times: user=0.01 sys=0.00, real=0.00 secs] 
1274.716: [GC (Allocation Failure) [PSYoungGen: 178560K->1504K(176128K)] 449128K->272173K(659456K), 0.0017552 secs] [Times: user=0.01 sys=0.00, real=0.00 secs] 
1275.765: [GC (Allocation Failure) [PSYoungGen: 176096K->1584K(174080K)] 446765K->272261K(657408K), 0.0031800 secs] [Times: user=0.01 sys=0.00, real=0.00 secs] 
1277.700: [GC (Allocation Failure) [PSYoungGen: 173616K->816K(170496K)] 444293K->272517K(653824K), 0.0020099 secs] [Times: user=0.01 sys=0.00, real=0.01 secs] 
1279.103: [GC (Allocation Failure) [PSYoungGen: 170288K->813K(167936K)] 441989K->272514K(651264K), 0.0019017 secs] [Times: user=0.00 sys=0.01, real=0.00 secs] 
1281.196: [GC (Allocation Failure) [PSYoungGen: 167725K->1869K(166912K)] 439426K->273570K(650240K), 0.0021628 secs] [Times: user=0.01 sys=0.00, real=0.00 secs] 
1283.384: [GC (Allocation Failure) [PSYoungGen: 166733K->1821K(164864K)] 438434K->273522K(648192K), 0.0032570 secs] [Times: user=0.01 sys=0.00, real=0.00 secs] 
1284.968: [GC (Allocation Failure) [PSYoungGen: 164637K->1504K(162304K)] 436338K->273509K(645632K), 0.0017403 secs] [Times: user=0.01 sys=0.00, real=0.00 secs] 
1286.127: [GC (Allocation Failure) [PSYoungGen: 162272K->1501K(160256K)] 434277K->273506K(643584K), 0.0021551 secs] [Times: user=0.01 sys=0.00, real=0.00 secs] 
1287.646: [GC (Allocation Failure) [PSYoungGen: 160221K->1552K(158720K)] 432226K->273557K(642048K), 0.0029367 secs] [Times: user=0.01 sys=0.00, real=0.00 secs] 
1289.413: [GC (Allocation Failure) [PSYoungGen: 158224K->1568K(156672K)] 430229K->273573K(640000K), 0.0016910 secs] [Times: user=0.01 sys=0.00, real=0.00 secs] 
1290.408: [GC (Allocation Failure) [PSYoungGen: 156192K->1504K(154112K)] 428197K->273533K(637440K), 0.0018221 secs] [Times: user=0.01 sys=0.00, real=0.00 secs] 
1292.448: [GC (Allocation Failure) [PSYoungGen: 154080K->1552K(152576K)] 426109K->273581K(635904K), 0.0017618 secs] [Times: user=0.01 sys=0.00, real=0.00 secs] 
1293.692: [GC (Allocation Failure) [PSYoungGen: 152080K->1536K(150528K)] 424109K->273565K(633856K), 0.0018931 secs] [Times: user=0.01 sys=0.00, real=0.00 secs] 
1295.741: [GC (Allocation Failure) [PSYoungGen: 150016K->1568K(148480K)] 422045K->273597K(631808K), 0.0031150 secs] [Times: user=0.00 sys=0.00, real=0.00 secs] 
1298.162: [GC (Allocation Failure) [PSYoungGen: 148000K->496K(145408K)] 420029K->273557K(628736K), 0.0029568 secs] [Times: user=0.01 sys=0.00, real=0.00 secs] 
1299.751: [GC (Allocation Failure) [PSYoungGen: 145392K->1757K(145408K)] 418453K->274947K(628736K), 0.0016851 secs] [Times: user=0.01 sys=0.00, real=0.01 secs] 
1301.079: [GC (Allocation Failure) [PSYoungGen: 145117K->1408K(143360K)] 418307K->274597K(626688K), 0.0022255 secs] [Times: user=0.00 sys=0.00, real=0.00 secs] 
1303.199: [GC (Allocation Failure) [PSYoungGen: 143232K->1373K(141824K)] 416421K->274616K(625152K), 0.0015569 secs] [Times: user=0.01 sys=0.00, real=0.00 secs] 
1304.781: [GC (Allocation Failure) [PSYoungGen: 141661K->1440K(140288K)] 414904K->274683K(623616K), 0.0019701 secs] [Times: user=0.01 sys=0.00, real=0.01 secs] 
1305.559: [GC (Allocation Failure) [PSYoungGen: 140192K->1376K(138752K)] 413435K->274627K(622080K), 0.0019781 secs] [Times: user=0.00 sys=0.00, real=0.00 secs] 
1308.245: [GC (Allocation Failure) [PSYoungGen: 138592K->1376K(137216K)] 411843K->274627K(620544K), 0.0023261 secs] [Times: user=0.01 sys=0.00, real=0.00 secs] 
1309.263: [GC (Allocation Failure) [PSYoungGen: 137056K->1408K(135680K)] 410307K->274659K(619008K), 0.0020281 secs] [Times: user=0.01 sys=0.00, real=0.00 secs] 
1310.621: [GC (Allocation Failure) [PSYoungGen: 135552K->1376K(134144K)] 408803K->274627K(617472K), 0.0013865 secs] [Times: user=0.01 sys=0.00, real=0.00 secs] 
1311.252: [GC (Allocation Failure) [PSYoungGen: 133984K->1328K(132608K)] 407235K->274579K(615936K), 0.0021391 secs] [Times: user=0.01 sys=0.00, real=0.00 secs] 
1312.949: [GC (Allocation Failure) [PSYoungGen: 132400K->1408K(131072K)] 405651K->274659K(614400K), 0.0035297 secs] [Times: user=0.01 sys=0.00, real=0.01 secs] 
1314.330: [GC (Allocation Failure) [PSYoungGen: 130944K->1408K(129536K)] 404195K->274659K(612864K), 0.0028007 secs] [Times: user=0.01 sys=0.00, real=0.01 secs] 
1316.089: [GC (Allocation Failure) [PSYoungGen: 129408K->864K(127488K)] 402659K->275139K(610816K), 0.0017081 secs] [Times: user=0.00 sys=0.00, real=0.00 secs] 
1316.647: [GC (Allocation Failure) [PSYoungGen: 127328K->288K(125440K)] 401603K->274563K(608768K), 0.0017793 secs] [Times: user=0.01 sys=0.00, real=0.00 secs] 
1317.589: [GC (Allocation Failure) [PSYoungGen: 125216K->320K(131072K)] 399491K->274595K(614400K), 0.0043193 secs] [Times: user=0.01 sys=0.00, real=0.01 secs] 
1318.783: [GC (Allocation Failure) [PSYoungGen: 130880K->1408K(138240K)] 405155K->275683K(621568K), 0.0018173 secs] [Times: user=0.00 sys=0.00, real=0.00 secs] 
1319.371: [GC (Allocation Failure) [PSYoungGen: 137088K->1376K(142848K)] 411363K->275651K(626176K), 0.0017558 secs] [Times: user=0.01 sys=0.00, real=0.01 secs] 
1321.826: [GC (Allocation Failure) [PSYoungGen: 142688K->1408K(141312K)] 416963K->275683K(624640K), 0.0040614 secs] [Times: user=0.01 sys=0.00, real=0.00 secs] 
1323.692: [GC (Allocation Failure) [PSYoungGen: 141184K->1392K(139776K)] 415459K->275667K(623104K), 0.0031200 secs] [Times: user=0.01 sys=0.00, real=0.00 secs] 
1325.859: [GC (Allocation Failure) [PSYoungGen: 139632K->1408K(138240K)] 413907K->275683K(621568K), 0.0026584 secs] [Times: user=0.01 sys=0.00, real=0.01 secs] 
1327.016: [GC (Allocation Failure) [PSYoungGen: 138112K->1376K(136704K)] 412387K->275651K(620032K), 0.0019590 secs] [Times: user=0.01 sys=0.00, real=0.00 secs] 
1328.357: [GC (Allocation Failure) [PSYoungGen: 136544K->1408K(135168K)] 410819K->275683K(618496K), 0.0019228 secs] [Times: user=0.01 sys=0.00, real=0.00 secs] 
1328.930: [GC (Allocation Failure) [PSYoungGen: 135040K->1392K(133632K)] 409315K->275667K(616960K), 0.0018939 secs] [Times: user=0.01 sys=0.00, real=0.01 secs] 
1330.296: [GC (GCLocker Initiated GC) [PSYoungGen: 133488K->1373K(132096K)] 407763K->275648K(615424K), 0.0014200 secs] [Times: user=0.01 sys=0.00, real=0.00 secs] 
1331.711: [GC (Allocation Failure) [PSYoungGen: 131933K->1424K(130560K)] 406211K->275702K(613888K), 0.0019573 secs] [Times: user=0.01 sys=0.00, real=0.00 secs] 
1333.504: [GC (Allocation Failure) [PSYoungGen: 130448K->1408K(129024K)] 404726K->275686K(612352K), 0.0034990 secs] [Times: user=0.01 sys=0.00, real=0.00 secs] 
1335.344: [GC (Allocation Failure) [PSYoungGen: 128896K->1456K(127488K)] 403174K->275734K(610816K), 0.0038075 secs] [Times: user=0.01 sys=0.00, real=0.00 secs] 
1336.545: [GC (Allocation Failure) [PSYoungGen: 127408K->1440K(125952K)] 401686K->275718K(609280K), 0.0024094 secs] [Times: user=0.01 sys=0.01, real=0.00 secs] 
1338.463: [GC (Allocation Failure) [PSYoungGen: 125856K->1456K(124928K)] 400134K->275734K(608256K), 0.0020261 secs] [Times: user=0.00 sys=0.00, real=0.00 secs] 
1339.238: [GC (Allocation Failure) [PSYoungGen: 124848K->1440K(123904K)] 399126K->275718K(607232K), 0.0020106 secs] [Times: user=0.01 sys=0.00, real=0.00 secs] 
1339.837: [GC (Allocation Failure) [PSYoungGen: 123808K->1472K(122880K)] 398086K->275750K(606208K), 0.0020543 secs] [Times: user=0.01 sys=0.00, real=0.00 secs] 
1341.408: [GC (Allocation Failure) [PSYoungGen: 122816K->1472K(121856K)] 397094K->275750K(605184K), 0.0031771 secs] [Times: user=0.01 sys=0.00, real=0.01 secs] 
1342.376: [GC (Allocation Failure) [PSYoungGen: 121792K->1440K(120832K)] 396070K->275726K(604160K), 0.0023827 secs] [Times: user=0.01 sys=0.00, real=0.00 secs] 
1344.110: [GC (Allocation Failure) [PSYoungGen: 120736K->1472K(119808K)] 395022K->275758K(603136K), 0.0039172 secs] [Times: user=0.01 sys=0.00, real=0.01 secs] 
1345.680: [GC (Allocation Failure) [PSYoungGen: 119744K->1440K(118784K)] 394030K->275726K(602112K), 0.0040831 secs] [Times: user=0.01 sys=0.00, real=0.01 secs] 
1347.195: [GC (Allocation Failure) [PSYoungGen: 118688K->1392K(117760K)] 392974K->275678K(601088K), 0.0036830 secs] [Times: user=0.01 sys=0.00, real=0.00 secs] 
1348.667: [GC (Allocation Failure) [PSYoungGen: 117616K->1488K(116736K)] 391902K->275782K(600064K), 0.0018950 secs] [Times: user=0.01 sys=0.01, real=0.00 secs] 
1349.224: [GC (Allocation Failure) [PSYoungGen: 116688K->1440K(115712K)] 390982K->275742K(599040K), 0.0019633 secs] [Times: user=0.00 sys=0.00, real=0.00 secs] 
1351.149: [GC (Allocation Failure) [PSYoungGen: 115616K->1408K(114688K)] 389918K->275718K(598016K), 0.0041462 secs] [Times: user=0.02 sys=0.00, real=0.01 secs] 
1352.507: [GC (Allocation Failure) [PSYoungGen: 114560K->1376K(113664K)] 388870K->275734K(596992K), 0.0030813 secs] [Times: user=0.01 sys=0.00, real=0.00 secs] 
1353.515: [GC (Allocation Failure) [PSYoungGen: 113504K->1408K(112640K)] 387862K->275766K(595968K), 0.0027046 secs] [Times: user=0.02 sys=0.00, real=0.00 secs] 
1355.064: [GC (Allocation Failure) [PSYoungGen: 112512K->1440K(111616K)] 386870K->275798K(594944K), 0.0021639 secs] [Times: user=0.01 sys=0.01, real=0.00 secs] 
1355.729: [GC (Allocation Failure) [PSYoungGen: 111520K->1408K(110592K)] 385878K->275766K(593920K), 0.0018476 secs] [Times: user=0.01 sys=0.00, real=0.00 secs] 
1356.609: [GC (Allocation Failure) [PSYoungGen: 110464K->1373K(109568K)] 384822K->275731K(592896K), 0.0015278 secs] [Times: user=0.01 sys=0.00, real=0.00 secs] 
1358.347: [GC (Allocation Failure) [PSYoungGen: 109405K->1392K(108544K)] 383763K->275750K(591872K), 0.0018640 secs] [Times: user=0.00 sys=0.00, real=0.00 secs] 
1358.794: [GC (Allocation Failure) [PSYoungGen: 108400K->1376K(107520K)] 382758K->275734K(590848K), 0.0019673 secs] [Times: user=0.01 sys=0.00, real=0.00 secs] 
1360.684: [GC (Allocation Failure) [PSYoungGen: 107360K->1408K(106496K)] 381718K->275766K(589824K), 0.0035807 secs] [Times: user=0.01 sys=0.00, real=0.00 secs] 
1362.563: [GC (Allocation Failure) [PSYoungGen: 106368K->1408K(105472K)] 380726K->275766K(588800K), 0.0030589 secs] [Times: user=0.01 sys=0.01, real=0.00 secs] 
1363.966: [GC (Allocation Failure) [PSYoungGen: 105344K->1408K(104448K)] 379702K->275766K(587776K), 0.0035556 secs] [Times: user=0.01 sys=0.00, real=0.00 secs] 
1365.678: [GC (Allocation Failure) [PSYoungGen: 104320K->1440K(103424K)] 378678K->275798K(586752K), 0.0017773 secs] [Times: user=0.01 sys=0.00, real=0.00 secs] 
1366.106: [GC (Allocation Failure) [PSYoungGen: 103328K->352K(101376K)] 377686K->275734K(584704K), 0.0016119 secs] [Times: user=0.01 sys=0.01, real=0.00 secs] 
1366.538: [GC (Allocation Failure) [PSYoungGen: 101216K->384K(108544K)] 376598K->275766K(591872K), 0.0026548 secs] [Times: user=0.01 sys=0.00, real=0.00 secs] 
1367.928: [GC (Allocation Failure) [PSYoungGen: 106880K->1440K(113152K)] 382262K->276822K(596480K), 0.0017948 secs] [Times: user=0.01 sys=0.00, real=0.00 secs] 
1369.609: [GC (Allocation Failure) [PSYoungGen: 113056K->1376K(112128K)] 388438K->276766K(595456K), 0.0033782 secs] [Times: user=0.01 sys=0.00, real=0.01 secs] 
1370.708: [GC (Allocation Failure) [PSYoungGen: 111968K->1376K(111104K)] 387358K->276766K(594432K), 0.0028673 secs] [Times: user=0.01 sys=0.00, real=0.00 secs] 
1372.902: [GC (Allocation Failure) [PSYoungGen: 110944K->1408K(110080K)] 386334K->276798K(593408K), 0.0045067 secs] [Times: user=0.02 sys=0.00, real=0.00 secs] 
1374.219: [GC (Allocation Failure) [PSYoungGen: 109952K->1376K(109056K)] 385342K->276766K(592384K), 0.0031347 secs] [Times: user=0.01 sys=0.00, real=0.01 secs] 
1376.059: [GC (Allocation Failure) [PSYoungGen: 108896K->1373K(108032K)] 384286K->276763K(591360K), 0.0015831 secs] [Times: user=0.00 sys=0.00, real=0.00 secs] 
1377.262: [GC (Allocation Failure) [PSYoungGen: 107869K->1408K(107008K)] 383259K->276798K(590336K), 0.0019702 secs] [Times: user=0.01 sys=0.00, real=0.00 secs] 
1378.335: [GC (Allocation Failure) [PSYoungGen: 106880K->1408K(105984K)] 382270K->276798K(589312K), 0.0025140 secs] [Times: user=0.00 sys=0.00, real=0.00 secs] 
1379.726: [GC (Allocation Failure) [PSYoungGen: 105856K->1440K(104960K)] 381246K->276830K(588288K), 0.0021890 secs] [Times: user=0.01 sys=0.00, real=0.00 secs] 
1380.870: [GC (Allocation Failure) [PSYoungGen: 104864K->1408K(103936K)] 380254K->276798K(587264K), 0.0025928 secs] [Times: user=0.01 sys=0.01, real=0.01 secs] 
1382.075: [GC (Allocation Failure) [PSYoungGen: 103808K->1408K(102912K)] 379198K->276798K(586240K), 0.0028722 secs] [Times: user=0.01 sys=0.00, real=0.00 secs] 
1383.362: [GC (Allocation Failure) [PSYoungGen: 102784K->1440K(101888K)] 378174K->276830K(585216K), 0.0024093 secs] [Times: user=0.01 sys=0.00, real=0.00 secs] 
1383.815: [GC (Allocation Failure) [PSYoungGen: 101792K->1408K(100864K)] 377182K->276798K(584192K), 0.0018388 secs] [Times: user=0.01 sys=0.00, real=0.00 secs] 
1384.227: [GC (Allocation Failure) [PSYoungGen: 100736K->1376K(105984K)] 376126K->276766K(589312K), 0.0020166 secs] [Times: user=0.00 sys=0.00, real=0.00 secs] 
1385.176: [GC (Allocation Failure) [PSYoungGen: 105824K->1440K(111104K)] 381214K->276830K(594432K), 0.0018751 secs] [Times: user=0.00 sys=0.00, real=0.00 secs] 
1385.631: [GC (Allocation Failure) [PSYoungGen: 111008K->1408K(116736K)] 386398K->276806K(600064K), 0.0021053 secs] [Times: user=0.00 sys=0.00, real=0.01 secs] 
1386.110: [GC (Allocation Failure) [PSYoungGen: 116608K->1408K(122880K)] 392006K->276806K(606208K), 0.0018240 secs] [Times: user=0.00 sys=0.00, real=0.01 secs] 
1388.341: [GC (Allocation Failure) [PSYoungGen: 122752K->1376K(128512K)] 398150K->276782K(611840K), 0.0039673 secs] [Times: user=0.02 sys=0.00, real=0.01 secs] 
1389.375: [GC (Allocation Failure) [PSYoungGen: 128352K->1408K(126976K)] 403758K->276814K(610304K), 0.0021946 secs] [Times: user=0.00 sys=0.00, real=0.00 secs] 
1391.012: [GC (Allocation Failure) [PSYoungGen: 126848K->1440K(125440K)] 402254K->276846K(608768K), 0.0017593 secs] [Times: user=0.01 sys=0.00, real=0.00 secs] 
1391.526: [GC (Allocation Failure) [PSYoungGen: 125344K->1408K(124416K)] 400750K->276814K(607744K), 0.0016961 secs] [Times: user=0.00 sys=0.00, real=0.00 secs] 
1392.232: [GC (Allocation Failure) [PSYoungGen: 124288K->1408K(123392K)] 399694K->276814K(606720K), 0.0018207 secs] [Times: user=0.01 sys=0.00, real=0.00 secs] 
1393.265: [GC (Allocation Failure) [PSYoungGen: 123264K->1408K(122368K)] 398670K->276814K(605696K), 0.0016366 secs] [Times: user=0.01 sys=0.00, real=0.00 secs] 
1394.418: [GC (Allocation Failure) [PSYoungGen: 122240K->1408K(121344K)] 397646K->276814K(604672K), 0.0026642 secs] [Times: user=0.01 sys=0.00, real=0.00 secs] 
1396.009: [GC (Allocation Failure) [PSYoungGen: 121216K->1440K(120320K)] 396622K->276854K(603648K), 0.0018437 secs] [Times: user=0.00 sys=0.00, real=0.00 secs] 
1397.001: [GC (Allocation Failure) [PSYoungGen: 120224K->1376K(119296K)] 395638K->276790K(602624K), 0.0021097 secs] [Times: user=0.01 sys=0.00, real=0.01 secs] 
1398.222: [GC (Allocation Failure) [PSYoungGen: 119136K->1376K(118272K)] 394550K->276790K(601600K), 0.0019702 secs] [Times: user=0.01 sys=0.00, real=0.00 secs] 
1399.475: [GC (Allocation Failure) [PSYoungGen: 118112K->1408K(117248K)] 393526K->276822K(600576K), 0.0018468 secs] [Times: user=0.01 sys=0.00, real=0.00 secs] 
1400.520: [GC (Allocation Failure) [PSYoungGen: 117120K->384K(115200K)] 392534K->276822K(598528K), 0.0023658 secs] [Times: user=0.01 sys=0.00, real=0.01 secs] 
1402.625: [GC (Allocation Failure) [PSYoungGen: 115072K->1408K(115712K)] 391510K->277846K(599040K), 0.0016360 secs] [Times: user=0.01 sys=0.00, real=0.00 secs] 
1403.653: [GC (Allocation Failure) [PSYoungGen: 115072K->1408K(114176K)] 391510K->277846K(597504K), 0.0029657 secs] [Times: user=0.01 sys=0.00, real=0.00 secs] 
1404.643: [GC (Allocation Failure) [PSYoungGen: 114048K->1392K(113152K)] 390486K->277830K(596480K), 0.0026164 secs] [Times: user=0.01 sys=0.00, real=0.00 secs] 
1405.772: [GC (Allocation Failure) [PSYoungGen: 113008K->1408K(112128K)] 389446K->277854K(595456K), 0.0019018 secs] [Times: user=0.01 sys=0.00, real=0.00 secs] 
1406.336: [GC (Allocation Failure) [PSYoungGen: 112000K->1408K(111104K)] 388446K->277854K(594432K), 0.0020771 secs] [Times: user=0.00 sys=0.01, real=0.00 secs] 
1407.252: [GC (Allocation Failure) [PSYoungGen: 110976K->1389K(110080K)] 387422K->277851K(593408K), 0.0014504 secs] [Times: user=0.01 sys=0.00, real=0.00 secs] 
1408.289: [GC (Allocation Failure) [PSYoungGen: 109933K->1408K(109056K)] 386395K->277870K(592384K), 0.0025146 secs] [Times: user=0.00 sys=0.00, real=0.01 secs] 
1409.021: [GC (Allocation Failure) [PSYoungGen: 108928K->1440K(108032K)] 385390K->277902K(591360K), 0.0020068 secs] [Times: user=0.01 sys=0.00, real=0.01 secs] 
1410.016: [GC (Allocation Failure) [PSYoungGen: 107936K->1440K(107008K)] 384398K->277910K(590336K), 0.0017770 secs] [Times: user=0.00 sys=0.00, real=0.00 secs] 
1410.480: [GC (Allocation Failure) [PSYoungGen: 106912K->1376K(105984K)] 383382K->277846K(589312K), 0.0017617 secs] [Times: user=0.00 sys=0.00, real=0.01 secs] 
1410.921: [GC (Allocation Failure) [PSYoungGen: 105824K->1376K(111104K)] 382294K->277846K(594432K), 0.0020540 secs] [Times: user=0.01 sys=0.00, real=0.01 secs] 
1411.906: [GC (Allocation Failure) [PSYoungGen: 110944K->1456K(110080K)] 387414K->277926K(593408K), 0.0018397 secs] [Times: user=0.00 sys=0.00, real=0.00 secs] 
1412.525: [GC (Allocation Failure) [PSYoungGen: 110000K->1408K(109056K)] 386470K->277878K(592384K), 0.0018747 secs] [Times: user=0.01 sys=0.00, real=0.00 secs] 
1413.445: [GC (Allocation Failure) [PSYoungGen: 108928K->1408K(108032K)] 385398K->277878K(591360K), 0.0018615 secs] [Times: user=0.01 sys=0.00, real=0.00 secs] 
1415.278: [GC (Allocation Failure) [PSYoungGen: 107904K->1440K(107008K)] 384374K->277918K(590336K), 0.0030001 secs] [Times: user=0.01 sys=0.00, real=0.00 secs] 
1416.347: [GC (Allocation Failure) [PSYoungGen: 106912K->1376K(105984K)] 383390K->277854K(589312K), 0.0021233 secs] [Times: user=0.01 sys=0.00, real=0.00 secs] 
1417.740: [GC (Allocation Failure) [PSYoungGen: 105804K->336K(103936K)] 382282K->276814K(587264K), 0.0020874 secs] [Times: user=0.01 sys=0.00, real=0.01 secs] 
1418.668: [GC (Allocation Failure) [PSYoungGen: 103760K->1376K(103936K)] 380238K->277854K(587264K), 0.0016733 secs] [Times: user=0.01 sys=0.00, real=0.00 secs] 
1419.500: [GC (Allocation Failure) [PSYoungGen: 103776K->1408K(102912K)] 380254K->277902K(586240K), 0.0027267 secs] [Times: user=0.01 sys=0.00, real=0.01 secs] 
1420.576: [GC (Allocation Failure) [PSYoungGen: 102784K->1328K(101888K)] 379278K->277822K(585216K), 0.0018750 secs] [Times: user=0.01 sys=0.00, real=0.00 secs] 
1422.307: [GC (Allocation Failure) [PSYoungGen: 101680K->1408K(100864K)] 378174K->277902K(584192K), 0.0023061 secs] [Times: user=0.01 sys=0.01, real=0.00 secs] 
1423.101: [GC (Allocation Failure) [PSYoungGen: 100736K->1408K(99840K)] 377230K->277902K(583168K), 0.0021120 secs] [Times: user=0.01 sys=0.00, real=0.01 secs] 
1424.147: [GC (Allocation Failure) [PSYoungGen: 99712K->1405K(99328K)] 376206K->277899K(582656K), 0.0015253 secs] [Times: user=0.01 sys=0.00, real=0.00 secs] 
1424.748: [GC (Allocation Failure) [PSYoungGen: 99197K->1440K(98816K)] 375691K->277942K(582144K), 0.0016317 secs] [Times: user=0.01 sys=0.00, real=0.00 secs] 
1425.152: [GC (Allocation Failure) [PSYoungGen: 98720K->1376K(98304K)] 375222K->277886K(581632K), 0.0018562 secs] [Times: user=0.01 sys=0.00, real=0.00 secs] 
1425.674: [GC (Allocation Failure) [PSYoungGen: 98144K->1405K(97792K)] 374654K->277915K(581120K), 0.0015119 secs] [Times: user=0.00 sys=0.00, real=0.00 secs] 
1426.392: [GC (Allocation Failure) [PSYoungGen: 97661K->1376K(97280K)] 374171K->277902K(580608K), 0.0017042 secs] [Times: user=0.01 sys=0.00, real=0.00 secs] 
1427.020: [GC (Allocation Failure) [PSYoungGen: 97120K->1408K(96768K)] 373646K->277934K(580096K), 0.0019994 secs] [Times: user=0.01 sys=0.00, real=0.01 secs] 
1427.836: [GC (Allocation Failure) [PSYoungGen: 96640K->1408K(96256K)] 373166K->277934K(579584K), 0.0026449 secs] [Times: user=0.01 sys=0.00, real=0.00 secs] 
1428.781: [GC (Allocation Failure) [PSYoungGen: 96128K->1408K(95744K)] 372654K->277934K(579072K), 0.0016870 secs] [Times: user=0.01 sys=0.00, real=0.00 secs] 
1429.173: [GC (Allocation Failure) [PSYoungGen: 95616K->1408K(95232K)] 372142K->277934K(578560K), 0.0016980 secs] [Times: user=0.01 sys=0.00, real=0.00 secs] 
1429.742: [GC (Allocation Failure) [PSYoungGen: 95104K->1392K(94720K)] 371630K->277918K(578048K), 0.0017063 secs] [Times: user=0.01 sys=0.00, real=0.00 secs] 
1430.994: [GC (Allocation Failure) [PSYoungGen: 94576K->1472K(94208K)] 371102K->278006K(577536K), 0.0019135 secs] [Times: user=0.00 sys=0.00, real=0.00 secs] 
1431.705: [GC (Allocation Failure) [PSYoungGen: 94144K->1376K(93696K)] 370678K->277910K(577024K), 0.0023570 secs] [Times: user=0.01 sys=0.00, real=0.00 secs] 
1432.851: [GC (Allocation Failure) [PSYoungGen: 93536K->1408K(93184K)] 370070K->277950K(576512K), 0.0034443 secs] [Times: user=0.02 sys=0.00, real=0.01 secs] 
1435.154: [GC (Allocation Failure) [PSYoungGen: 93056K->1440K(92672K)] 369598K->277990K(576000K), 0.0020192 secs] [Times: user=0.00 sys=0.00, real=0.00 secs] 
1435.686: [GC (Allocation Failure) [PSYoungGen: 92576K->1392K(92160K)] 369126K->277942K(575488K), 0.0018911 secs] [Times: user=0.01 sys=0.00, real=0.00 secs] 
1436.062: [GC (Allocation Failure) [PSYoungGen: 92016K->1408K(96768K)] 368566K->277958K(580096K), 0.0018761 secs] [Times: user=0.01 sys=0.00, real=0.00 secs] 
1437.435: [GC (Allocation Failure) [PSYoungGen: 96640K->1424K(101888K)] 373190K->277974K(585216K), 0.0045671 secs] [Times: user=0.02 sys=0.00, real=0.00 secs] 
1440.103: [GC (Allocation Failure) [PSYoungGen: 101776K->1408K(100864K)] 378326K->277958K(584192K), 0.0045507 secs] [Times: user=0.02 sys=0.00, real=0.00 secs] 
1441.064: [GC (Allocation Failure) [PSYoungGen: 100736K->1408K(99840K)] 377286K->277958K(583168K), 0.0027581 secs] [Times: user=0.01 sys=0.00, real=0.00 secs] 
1442.571: [GC (Allocation Failure) [PSYoungGen: 99712K->416K(98304K)] 376262K->277990K(581632K), 0.0015758 secs] [Times: user=0.01 sys=0.00, real=0.01 secs] 
1443.116: [GC (Allocation Failure) [PSYoungGen: 98208K->384K(99328K)] 375782K->277958K(582656K), 0.0019905 secs] [Times: user=0.01 sys=0.00, real=0.00 secs] 
1443.547: [GC (Allocation Failure) [PSYoungGen: 97664K->384K(103424K)] 375238K->277958K(586752K), 0.0029481 secs] [Times: user=0.01 sys=0.01, real=0.00 secs] 
1444.724: [GC (Allocation Failure) [PSYoungGen: 103296K->1392K(103936K)] 380870K->278966K(587264K), 0.0018050 secs] [Times: user=0.00 sys=0.00, real=0.00 secs] 
1445.657: [GC (Allocation Failure) [PSYoungGen: 103280K->1408K(108544K)] 380854K->278982K(591872K), 0.0038172 secs] [Times: user=0.02 sys=0.00, real=0.00 secs] 
1446.141: [GC (Allocation Failure) [PSYoungGen: 108416K->1408K(114176K)] 385990K->278982K(597504K), 0.0019144 secs] [Times: user=0.00 sys=0.00, real=0.00 secs] 
1448.387: [GC (Allocation Failure) [PSYoungGen: 114048K->1440K(113152K)] 391622K->279022K(596480K), 0.0036104 secs] [Times: user=0.01 sys=0.00, real=0.00 secs] 
1449.749: [GC (Allocation Failure) [PSYoungGen: 113056K->1376K(112128K)] 390638K->278958K(595456K), 0.0027106 secs] [Times: user=0.01 sys=0.00, real=0.01 secs] 
1451.272: [GC (Allocation Failure) [PSYoungGen: 111968K->1376K(111104K)] 389550K->278958K(594432K), 0.0042503 secs] [Times: user=0.02 sys=0.00, real=0.00 secs] 
1452.629: [GC (Allocation Failure) [PSYoungGen: 110944K->1408K(110080K)] 388526K->279014K(593408K), 0.0019319 secs] [Times: user=0.01 sys=0.00, real=0.01 secs] 
1453.115: [GC (Allocation Failure) [PSYoungGen: 109952K->1344K(109056K)] 387558K->278950K(592384K), 0.0018749 secs] [Times: user=0.01 sys=0.00, real=0.00 secs] 
1453.845: [GC (Allocation Failure) [PSYoungGen: 108864K->1392K(108032K)] 386470K->278998K(591360K), 0.0015018 secs] [Times: user=0.00 sys=0.00, real=0.00 secs] 
1454.919: [GC (Allocation Failure) [PSYoungGen: 107888K->1408K(107008K)] 385494K->279014K(590336K), 0.0019580 secs] [Times: user=0.01 sys=0.00, real=0.00 secs] 
1455.794: [GC (Allocation Failure) [PSYoungGen: 106880K->1376K(105984K)] 384486K->278982K(589312K), 0.0021513 secs] [Times: user=0.01 sys=0.00, real=0.00 secs] 
1457.213: [GC (Allocation Failure) [PSYoungGen: 105824K->1376K(104960K)] 383430K->278998K(588288K), 0.0019268 secs] [Times: user=0.00 sys=0.00, real=0.00 secs] 
1458.517: [GC (Allocation Failure) [PSYoungGen: 104800K->1408K(103936K)] 382422K->279030K(587264K), 0.0019894 secs] [Times: user=0.01 sys=0.00, real=0.00 secs] 
1459.957: [GC (Allocation Failure) [PSYoungGen: 103808K->1376K(102912K)] 381430K->278998K(586240K), 0.0035975 secs] [Times: user=0.01 sys=0.00, real=0.00 secs] 
1461.561: [GC (Allocation Failure) [PSYoungGen: 102752K->1408K(101888K)] 380374K->279030K(585216K), 0.0037715 secs] [Times: user=0.01 sys=0.00, real=0.01 secs] 
1463.456: [GC (Allocation Failure) [PSYoungGen: 101760K->1440K(100864K)] 379382K->279062K(584192K), 0.0038533 secs] [Times: user=0.02 sys=0.00, real=0.00 secs] 
1464.809: [GC (Allocation Failure) [PSYoungGen: 100768K->1408K(99840K)] 378390K->279030K(583168K), 0.0030723 secs] [Times: user=0.01 sys=0.00, real=0.01 secs] 
1466.082: [GC (Allocation Failure) [PSYoungGen: 99712K->1440K(99328K)] 377334K->279062K(582656K), 0.0016868 secs] [Times: user=0.01 sys=0.00, real=0.00 secs] 
1466.923: [GC (Allocation Failure) [PSYoungGen: 99232K->1376K(98816K)] 376854K->279014K(582144K), 0.0022577 secs] [Times: user=0.01 sys=0.00, real=0.00 secs] 
1467.787: [GC (Allocation Failure) [PSYoungGen: 98656K->1376K(98304K)] 376294K->279022K(581632K), 0.0029161 secs] [Times: user=0.01 sys=0.00, real=0.00 secs] 
1469.216: [GC (Allocation Failure) [PSYoungGen: 98144K->1408K(97792K)] 375790K->279062K(581120K), 0.0021998 secs] [Times: user=0.01 sys=0.01, real=0.00 secs] 
1470.748: [GC (Allocation Failure) [PSYoungGen: 97664K->1408K(97280K)] 375318K->279062K(580608K), 0.0028523 secs] [Times: user=0.01 sys=0.00, real=0.01 secs] 
1472.276: [GC (Allocation Failure) [PSYoungGen: 97152K->1312K(96768K)] 374806K->278966K(580096K), 0.0043407 secs] [Times: user=0.01 sys=0.00, real=0.00 secs] 
1473.852: [GC (Allocation Failure) [PSYoungGen: 96544K->1376K(96256K)] 374198K->279030K(579584K), 0.0014684 secs] [Times: user=0.01 sys=0.00, real=0.00 secs] 
1475.045: [GC (Allocation Failure) [PSYoungGen: 96096K->1408K(95744K)] 373750K->279062K(579072K), 0.0023857 secs] [Times: user=0.00 sys=0.00, real=0.00 secs] 
1475.902: [GC (Allocation Failure) [PSYoungGen: 95616K->1344K(95232K)] 373270K->278998K(578560K), 0.0019578 secs] [Times: user=0.01 sys=0.00, real=0.00 secs] 
1477.018: [GC (Allocation Failure) [PSYoungGen: 95040K->1376K(94720K)] 372694K->279030K(578048K), 0.0018271 secs] [Times: user=0.00 sys=0.00, real=0.00 secs] 
1479.231: [GC (Allocation Failure) [PSYoungGen: 94560K->1408K(94208K)] 372214K->279062K(577536K), 0.0036344 secs] [Times: user=0.02 sys=0.00, real=0.01 secs] 
1480.846: [GC (Allocation Failure) [PSYoungGen: 94080K->1344K(93696K)] 371734K->278998K(577024K), 0.0031534 secs] [Times: user=0.01 sys=0.00, real=0.00 secs] 
1481.849: [GC (Allocation Failure) [PSYoungGen: 93504K->1344K(93184K)] 371158K->279006K(576512K), 0.0021035 secs] [Times: user=0.01 sys=0.00, real=0.01 secs] 
1483.210: [GC (Allocation Failure) [PSYoungGen: 92992K->1408K(92672K)] 370654K->279070K(576000K), 0.0021748 secs] [Times: user=0.01 sys=0.00, real=0.01 secs] 
1484.204: [GC (Allocation Failure) [PSYoungGen: 92544K->368K(91136K)] 370206K->279054K(574464K), 0.0019664 secs] [Times: user=0.01 sys=0.00, real=0.00 secs] 
1484.985: [GC (Allocation Failure) [PSYoungGen: 90992K->288K(92160K)] 369678K->278974K(575488K), 0.0019230 secs] [Times: user=0.01 sys=0.00, real=0.00 secs] 
1486.217: [GC (Allocation Failure) [PSYoungGen: 90400K->1440K(91136K)] 369086K->280126K(574464K), 0.0018976 secs] [Times: user=0.01 sys=0.00, real=0.00 secs] 
1486.940: [GC (Allocation Failure) [PSYoungGen: 91040K->1408K(90624K)] 369726K->280094K(573952K), 0.0020174 secs] [Times: user=0.00 sys=0.00, real=0.01 secs] 
1487.310: [GC (Allocation Failure) [PSYoungGen: 90496K->1424K(90112K)] 369182K->280110K(573440K), 0.0019601 secs] [Times: user=0.01 sys=0.00, real=0.01 secs] 
1488.383: [GC (Allocation Failure) [PSYoungGen: 90000K->1536K(90112K)] 368686K->280230K(573440K), 0.0017360 secs] [Times: user=0.01 sys=0.00, real=0.00 secs] 
1489.567: [GC (Allocation Failure) [PSYoungGen: 89600K->416K(88064K)] 368294K->280134K(571392K), 0.0026176 secs] [Times: user=0.01 sys=0.00, real=0.00 secs] 
1490.810: [GC (Allocation Failure) [PSYoungGen: 87968K->400K(89088K)] 367686K->280134K(572416K), 0.0017240 secs] [Times: user=0.01 sys=0.00, real=0.01 secs] 
1492.013: [GC (Allocation Failure) [PSYoungGen: 87440K->336K(87040K)] 367174K->280070K(570368K), 0.0030629 secs] [Times: user=0.01 sys=0.00, real=0.00 secs] 
1493.455: [GC (Allocation Failure) [PSYoungGen: 86864K->1440K(88576K)] 366598K->281174K(571904K), 0.0035461 secs] [Times: user=0.01 sys=0.00, real=0.00 secs] 
1494.473: [GC (Allocation Failure) [PSYoungGen: 87456K->1408K(87040K)] 367190K->281142K(570368K), 0.0026363 secs] [Times: user=0.01 sys=0.00, real=0.00 secs] 
1495.453: [GC (Allocation Failure) [PSYoungGen: 86912K->1376K(86528K)] 366646K->281118K(569856K), 0.0022674 secs] [Times: user=0.01 sys=0.00, real=0.00 secs] 
1496.869: [GC (Allocation Failure) [PSYoungGen: 86368K->1440K(86016K)] 366110K->281190K(569344K), 0.0019923 secs] [Times: user=0.00 sys=0.00, real=0.00 secs] 
1498.044: [GC (Allocation Failure) [PSYoungGen: 85920K->1408K(85504K)] 365670K->281158K(568832K), 0.0026080 secs] [Times: user=0.01 sys=0.00, real=0.00 secs] 
1498.891: [GC (Allocation Failure) [PSYoungGen: 85376K->1408K(84992K)] 365126K->281158K(568320K), 0.0028533 secs] [Times: user=0.01 sys=0.00, real=0.01 secs] 
1499.564: [GC (Allocation Failure) [PSYoungGen: 84864K->1360K(84480K)] 364614K->281110K(567808K), 0.0023112 secs] [Times: user=0.01 sys=0.00, real=0.00 secs] 
1500.920: [GC (Allocation Failure) [PSYoungGen: 84304K->1440K(83968K)] 364054K->281190K(567296K), 0.0031018 secs] [Times: user=0.01 sys=0.00, real=0.01 secs] 
1501.352: [GC (Allocation Failure) [PSYoungGen: 83872K->1344K(83456K)] 363622K->281094K(566784K), 0.0020543 secs] [Times: user=0.00 sys=0.00, real=0.00 secs] 
1501.835: [GC (Allocation Failure) [PSYoungGen: 83264K->1408K(82944K)] 363014K->281158K(566272K), 0.0019913 secs] [Times: user=0.01 sys=0.00, real=0.00 secs] 
1502.888: [GC (Allocation Failure) [PSYoungGen: 82816K->1373K(82432K)] 362566K->281123K(565760K), 0.0016625 secs] [Times: user=0.00 sys=0.00, real=0.00 secs] 
1503.318: [GC (Allocation Failure) [PSYoungGen: 82269K->1376K(81920K)] 362019K->281126K(565248K), 0.0014927 secs] [Times: user=0.00 sys=0.00, real=0.00 secs] 
1503.988: [GC (Allocation Failure) [PSYoungGen: 81760K->1408K(81408K)] 361510K->281158K(564736K), 0.0018420 secs] [Times: user=0.01 sys=0.00, real=0.00 secs] 
1504.630: [GC (Allocation Failure) [PSYoungGen: 81280K->1408K(80896K)] 361030K->281174K(564224K), 0.0017269 secs] [Times: user=0.00 sys=0.00, real=0.01 secs] 
1505.718: [GC (Allocation Failure) [PSYoungGen: 80768K->1376K(80384K)] 360534K->281142K(563712K), 0.0019997 secs] [Times: user=0.01 sys=0.00, real=0.00 secs] 
1506.046: [GC (Allocation Failure) [PSYoungGen: 80224K->1360K(79872K)] 359990K->281126K(563200K), 0.0017709 secs] [Times: user=0.00 sys=0.00, real=0.00 secs] 
1506.450: [GC (Allocation Failure) [PSYoungGen: 79696K->1376K(85504K)] 359462K->281142K(568832K), 0.0038503 secs] [Times: user=0.02 sys=0.00, real=0.01 secs] 
1507.138: [GC (Allocation Failure) [PSYoungGen: 85344K->1408K(91136K)] 365110K->281174K(574464K), 0.0025542 secs] [Times: user=0.01 sys=0.00, real=0.00 secs] 
1508.180: [GC (Allocation Failure) [PSYoungGen: 91008K->1440K(96256K)] 370774K->281206K(579584K), 0.0018139 secs] [Times: user=0.01 sys=0.00, real=0.01 secs] 
1508.814: [GC (Allocation Failure) [PSYoungGen: 96160K->1408K(101376K)] 375926K->281174K(584704K), 0.0019253 secs] [Times: user=0.01 sys=0.00, real=0.00 secs] 
1509.653: [GC (Allocation Failure) [PSYoungGen: 101248K->1376K(107008K)] 381014K->281142K(590336K), 0.0038626 secs] [Times: user=0.01 sys=0.00, real=0.00 secs] 
1511.151: [GC (Allocation Failure) [PSYoungGen: 106848K->1440K(105984K)] 386614K->281206K(589312K), 0.0028997 secs] [Times: user=0.01 sys=0.00, real=0.01 secs] 
1512.130: [GC (Allocation Failure) [PSYoungGen: 105888K->1408K(104960K)] 385654K->281182K(588288K), 0.0024175 secs] [Times: user=0.01 sys=0.00, real=0.01 secs] 
1513.396: [GC (Allocation Failure) [PSYoungGen: 104832K->1344K(103936K)] 384606K->281118K(587264K), 0.0023321 secs] [Times: user=0.01 sys=0.00, real=0.00 secs] 
1514.568: [GC (Allocation Failure) [PSYoungGen: 103744K->1440K(102912K)] 383518K->281214K(586240K), 0.0023560 secs] [Times: user=0.01 sys=0.00, real=0.00 secs] 
1515.075: [GC (Allocation Failure) [PSYoungGen: 102816K->1408K(101888K)] 382590K->281182K(585216K), 0.0018753 secs] [Times: user=0.01 sys=0.00, real=0.00 secs] 
1515.895: [GC (Allocation Failure) [PSYoungGen: 101760K->1392K(100864K)] 381534K->281166K(584192K), 0.0021192 secs] [Times: user=0.00 sys=0.00, real=0.00 secs] 
1517.177: [GC (Allocation Failure) [PSYoungGen: 100720K->1440K(99840K)] 380494K->281214K(583168K), 0.0018621 secs] [Times: user=0.01 sys=0.00, real=0.00 secs] 
1517.586: [GC (Allocation Failure) [PSYoungGen: 99744K->1376K(99328K)] 379518K->281150K(582656K), 0.0021952 secs] [Times: user=0.01 sys=0.00, real=0.00 secs] 
1518.011: [GC (Allocation Failure) [PSYoungGen: 99168K->1376K(98816K)] 378942K->281150K(582144K), 0.0017714 secs] [Times: user=0.01 sys=0.00, real=0.01 secs] 
1518.932: [GC (Allocation Failure) [PSYoungGen: 98656K->1440K(98304K)] 378430K->281214K(581632K), 0.0019271 secs] [Times: user=0.01 sys=0.00, real=0.00 secs] 
1519.519: [GC (Allocation Failure) [PSYoungGen: 98208K->1376K(97792K)] 377982K->281150K(581120K), 0.0019505 secs] [Times: user=0.01 sys=0.00, real=0.00 secs] 
1520.168: [GC (Allocation Failure) [PSYoungGen: 97632K->1408K(97280K)] 377406K->281182K(580608K), 0.0019719 secs] [Times: user=0.01 sys=0.00, real=0.00 secs] 
1521.626: [GC (Allocation Failure) [PSYoungGen: 97152K->1440K(96768K)] 376926K->281214K(580096K), 0.0028084 secs] [Times: user=0.01 sys=0.00, real=0.00 secs] 
1522.862: [GC (Allocation Failure) [PSYoungGen: 96672K->1408K(96256K)] 376446K->281182K(579584K), 0.0043464 secs] [Times: user=0.01 sys=0.00, real=0.00 secs] 
1523.864: [GC (Allocation Failure) [PSYoungGen: 96128K->1408K(95744K)] 375902K->281182K(579072K), 0.0023306 secs] [Times: user=0.00 sys=0.00, real=0.00 secs] 
1524.973: [GC (Allocation Failure) [PSYoungGen: 95616K->1408K(95232K)] 375390K->281190K(578560K), 0.0019590 secs] [Times: user=0.00 sys=0.00, real=0.00 secs] 
1525.411: [GC (Allocation Failure) [PSYoungGen: 95104K->1392K(94720K)] 374886K->281174K(578048K), 0.0017717 secs] [Times: user=0.01 sys=0.00, real=0.01 secs] 
1525.833: [GC (Allocation Failure) [PSYoungGen: 94576K->1408K(94208K)] 374358K->281190K(577536K), 0.0018039 secs] [Times: user=0.01 sys=0.00, real=0.00 secs] 
1526.856: [GC (Allocation Failure) [PSYoungGen: 94080K->400K(92672K)] 373862K->281206K(576000K), 0.0023216 secs] [Times: user=0.01 sys=0.00, real=0.00 secs] 
1527.247: [GC (Allocation Failure) [PSYoungGen: 92560K->336K(93696K)] 373366K->281142K(577024K), 0.0019048 secs] [Times: user=0.01 sys=0.00, real=0.00 secs] 
1527.787: [GC (Allocation Failure) [PSYoungGen: 91984K->384K(97792K)] 372790K->281190K(581120K), 0.0030039 secs] [Times: user=0.01 sys=0.00, real=0.00 secs] 
1529.348: [GC (Allocation Failure) [PSYoungGen: 97664K->1424K(98816K)] 378470K->282230K(582144K), 0.0016194 secs] [Times: user=0.01 sys=0.00, real=0.00 secs] 
1529.765: [GC (Allocation Failure) [PSYoungGen: 98192K->1392K(97792K)] 378998K->282198K(581120K), 0.0016765 secs] [Times: user=0.00 sys=0.00, real=0.00 secs] 
1530.164: [GC (Allocation Failure) [PSYoungGen: 97648K->1408K(97280K)] 378454K->282214K(580608K), 0.0017872 secs] [Times: user=0.00 sys=0.00, real=0.00 secs] 
1531.001: [GC (Allocation Failure) [PSYoungGen: 97152K->1424K(96768K)] 377958K->282742K(580096K), 0.0015013 secs] [Times: user=0.01 sys=0.00, real=0.01 secs] 
1531.423: [GC (Allocation Failure) [PSYoungGen: 96656K->1376K(96256K)] 377974K->282694K(579584K), 0.0015656 secs] [Times: user=0.00 sys=0.00, real=0.00 secs] 
1531.824: [GC (Allocation Failure) [PSYoungGen: 96096K->1344K(95744K)] 377414K->282662K(579072K), 0.0014824 secs] [Times: user=0.00 sys=0.00, real=0.00 secs] 
1532.441: [GC (Allocation Failure) [PSYoungGen: 95552K->1405K(95232K)] 376870K->282731K(578560K), 0.0015312 secs] [Times: user=0.00 sys=0.00, real=0.01 secs] 
1533.051: [GC (Allocation Failure) [PSYoungGen: 95101K->1408K(94720K)] 376427K->282734K(578048K), 0.0013823 secs] [Times: user=0.01 sys=0.00, real=0.01 secs] 
1533.437: [GC (Allocation Failure) [PSYoungGen: 94592K->1376K(94208K)] 375918K->282702K(577536K), 0.0015851 secs] [Times: user=0.00 sys=0.00, real=0.00 secs] 
1533.888: [GC (Allocation Failure) [PSYoungGen: 94048K->1408K(93696K)] 375374K->282734K(577024K), 0.0016590 secs] [Times: user=0.01 sys=0.00, real=0.00 secs] 
1534.762: [GC (Allocation Failure) [PSYoungGen: 93568K->1440K(93184K)] 374894K->282766K(576512K), 0.0018216 secs] [Times: user=0.01 sys=0.01, real=0.00 secs] 
1535.460: [GC (Allocation Failure) [PSYoungGen: 93088K->1376K(92672K)] 374414K->282702K(576000K), 0.0018085 secs] [Times: user=0.01 sys=0.00, real=0.01 secs] 
1536.239: [GC (Allocation Failure) [PSYoungGen: 92512K->1392K(92160K)] 373838K->282718K(575488K), 0.0017920 secs] [Times: user=0.01 sys=0.00, real=0.00 secs] 
1537.641: [GC (Allocation Failure) [PSYoungGen: 92016K->1440K(91648K)] 373342K->282766K(574976K), 0.0017896 secs] [Times: user=0.00 sys=0.00, real=0.00 secs] 
1538.506: [GC (Allocation Failure) [PSYoungGen: 91552K->1392K(91136K)] 372878K->282718K(574464K), 0.0019719 secs] [Times: user=0.01 sys=0.00, real=0.00 secs] 
1538.970: [GC (Allocation Failure) [PSYoungGen: 90992K->1408K(90624K)] 372318K->282734K(573952K), 0.0017277 secs] [Times: user=0.01 sys=0.00, real=0.01 secs] 
1540.075: [GC (Allocation Failure) [PSYoungGen: 90496K->1408K(90112K)] 371822K->282734K(573440K), 0.0022854 secs] [Times: user=0.01 sys=0.00, real=0.00 secs] 
1541.073: [GC (Allocation Failure) [PSYoungGen: 89984K->1360K(89600K)] 371310K->282686K(572928K), 0.0023763 secs] [Times: user=0.01 sys=0.00, real=0.00 secs] 
1541.982: [GC (Allocation Failure) [PSYoungGen: 89424K->1376K(89088K)] 370750K->282710K(572416K), 0.0031360 secs] [Times: user=0.01 sys=0.00, real=0.00 secs] 
1543.027: [GC (Allocation Failure) [PSYoungGen: 88928K->1408K(88576K)] 370262K->282742K(571904K), 0.0019593 secs] [Times: user=0.01 sys=0.00, real=0.00 secs] 
1544.223: [GC (Allocation Failure) [PSYoungGen: 88448K->1440K(88064K)] 369782K->282774K(571392K), 0.0017678 secs] [Times: user=0.01 sys=0.00, real=0.00 secs] 
1544.759: [GC (Allocation Failure) [PSYoungGen: 87968K->1376K(87552K)] 369302K->282710K(570880K), 0.0022829 secs] [Times: user=0.01 sys=0.00, real=0.00 secs] 
1545.913: [GC (Allocation Failure) [PSYoungGen: 87392K->1408K(87040K)] 368726K->282742K(570368K), 0.0038084 secs] [Times: user=0.01 sys=0.01, real=0.00 secs] 
1547.286: [GC (Allocation Failure) [PSYoungGen: 86912K->1440K(86528K)] 368246K->282774K(569856K), 0.0016281 secs] [Times: user=0.00 sys=0.00, real=0.00 secs] 
1547.711: [GC (Allocation Failure) [PSYoungGen: 86432K->1408K(86016K)] 367766K->282742K(569344K), 0.0024483 secs] [Times: user=0.01 sys=0.00, real=0.00 secs] 
1548.131: [GC (Allocation Failure) [PSYoungGen: 85888K->1376K(85504K)] 367222K->282710K(568832K), 0.0019730 secs] [Times: user=0.00 sys=0.00, real=0.00 secs] 
1548.873: [GC (Allocation Failure) [PSYoungGen: 85329K->320K(83968K)] 366664K->281654K(567296K), 0.0024623 secs] [Times: user=0.01 sys=0.00, real=0.00 secs] 
1550.289: [GC (Allocation Failure) [PSYoungGen: 83776K->1440K(84480K)] 365110K->282774K(567808K), 0.0029607 secs] [Times: user=0.01 sys=0.00, real=0.01 secs] 
1550.846: [GC (Allocation Failure) [PSYoungGen: 84384K->1408K(83968K)] 365718K->282742K(567296K), 0.0018968 secs] [Times: user=0.01 sys=0.00, real=0.00 secs] 
1551.188: [GC (Allocation Failure) [PSYoungGen: 83840K->1360K(83456K)] 365174K->282694K(566784K), 0.0018807 secs] [Times: user=0.00 sys=0.00, real=0.00 secs] 
1552.098: [GC (Allocation Failure) [PSYoungGen: 83280K->1408K(82944K)] 364614K->282742K(566272K), 0.0016974 secs] [Times: user=0.01 sys=0.00, real=0.00 secs] 
1552.799: [GC (Allocation Failure) [PSYoungGen: 82816K->1440K(82432K)] 364150K->282774K(565760K), 0.0018473 secs] [Times: user=0.00 sys=0.00, real=0.00 secs] 
1553.442: [GC (Allocation Failure) [PSYoungGen: 82336K->1408K(81920K)] 363670K->282750K(565248K), 0.0018364 secs] [Times: user=0.01 sys=0.00, real=0.00 secs] 
1554.282: [GC (Allocation Failure) [PSYoungGen: 81792K->1440K(81408K)] 363134K->282782K(564736K), 0.0019501 secs] [Times: user=0.01 sys=0.00, real=0.00 secs] 
1555.467: [GC (Allocation Failure) [PSYoungGen: 81312K->1456K(80896K)] 362654K->282798K(564224K), 0.0020475 secs] [Times: user=0.01 sys=0.00, real=0.00 secs] 
1556.404: [GC (Allocation Failure) [PSYoungGen: 80816K->1408K(80384K)] 362158K->282750K(563712K), 0.0028157 secs] [Times: user=0.01 sys=0.00, real=0.00 secs] 
1557.109: [GC (Allocation Failure) [PSYoungGen: 80256K->1408K(79872K)] 361598K->282750K(563200K), 0.0032130 secs] [Times: user=0.01 sys=0.00, real=0.01 secs] 
1558.274: [GC (Allocation Failure) [PSYoungGen: 79744K->1376K(79360K)] 361086K->282718K(562688K), 0.0039528 secs] [Times: user=0.02 sys=0.00, real=0.00 secs] 
1560.224: [GC (Allocation Failure) [PSYoungGen: 79200K->1440K(78848K)] 360542K->282782K(562176K), 0.0021410 secs] [Times: user=0.00 sys=0.00, real=0.00 secs] 
1560.587: [GC (Allocation Failure) [PSYoungGen: 78752K->1408K(78336K)] 360094K->282750K(561664K), 0.0019116 secs] [Times: user=0.01 sys=0.00, real=0.00 secs] 
1561.103: [GC (Allocation Failure) [PSYoungGen: 78208K->1440K(77824K)] 359550K->282782K(561152K), 0.0019457 secs] [Times: user=0.01 sys=0.00, real=0.00 secs] 
1562.082: [GC (Allocation Failure) [PSYoungGen: 77728K->1405K(77312K)] 359070K->282747K(560640K), 0.0014806 secs] [Times: user=0.01 sys=0.00, real=0.00 secs] 
1563.617: [GC (Allocation Failure) [PSYoungGen: 77181K->1376K(76800K)] 358523K->282718K(560128K), 0.0039961 secs] [Times: user=0.01 sys=0.00, real=0.01 secs] 
1564.101: [GC (Allocation Failure) [PSYoungGen: 76640K->1408K(76288K)] 357982K->282758K(559616K), 0.0018870 secs] [Times: user=0.01 sys=0.00, real=0.01 secs] 
1564.405: [GC (Allocation Failure) [PSYoungGen: 76160K->1408K(75776K)] 357510K->282758K(559104K), 0.0019166 secs] [Times: user=0.01 sys=0.00, real=0.00 secs] 
1564.948: [GC (Allocation Failure) [PSYoungGen: 75648K->1373K(75264K)] 356998K->282723K(558592K), 0.0014543 secs] [Times: user=0.00 sys=0.00, real=0.00 secs] 
1565.567: [GC (Allocation Failure) [PSYoungGen: 75101K->1408K(74752K)] 356451K->282758K(558080K), 0.0016839 secs] [Times: user=0.01 sys=0.00, real=0.00 secs] 
1566.009: [GC (Allocation Failure) [PSYoungGen: 74624K->1376K(79872K)] 355974K->282726K(563200K), 0.0036772 secs] [Times: user=0.01 sys=0.00, real=0.01 secs] 
1566.564: [GC (Allocation Failure) [PSYoungGen: 79712K->1408K(84992K)] 361062K->282758K(568320K), 0.0025951 secs] [Times: user=0.01 sys=0.00, real=0.00 secs] 
1567.677: [GC (Allocation Failure) [PSYoungGen: 84864K->480K(83456K)] 366214K->282870K(566784K), 0.0017527 secs] [Times: user=0.01 sys=0.01, real=0.00 secs] 
1568.654: [GC (Allocation Failure) [PSYoungGen: 83424K->416K(84480K)] 365814K->282806K(567808K), 0.0023989 secs] [Times: user=0.01 sys=0.00, real=0.00 secs] 
1569.402: [GC (Allocation Failure) [PSYoungGen: 82848K->416K(82432K)] 365238K->282806K(565760K), 0.0026435 secs] [Times: user=0.01 sys=0.00, real=0.00 secs] 
1570.374: [GC (Allocation Failure) [PSYoungGen: 82336K->352K(83456K)] 364726K->282742K(566784K), 0.0022885 secs] [Times: user=0.00 sys=0.00, real=0.00 secs] 
1571.677: [GC (Allocation Failure) [PSYoungGen: 81760K->1376K(82432K)] 364150K->283766K(565760K), 0.0018312 secs] [Times: user=0.00 sys=0.00, real=0.00 secs] 
1572.331: [GC (Allocation Failure) [PSYoungGen: 82272K->1408K(81920K)] 364662K->283806K(565248K), 0.0019847 secs] [Times: user=0.00 sys=0.00, real=0.00 secs] 
1572.787: [GC (Allocation Failure) [PSYoungGen: 81792K->1376K(81408K)] 364190K->283774K(564736K), 0.0020333 secs] [Times: user=0.01 sys=0.00, real=0.00 secs] 
1573.414: [GC (Allocation Failure) [PSYoungGen: 81248K->1360K(80896K)] 363646K->283758K(564224K), 0.0018314 secs] [Times: user=0.01 sys=0.00, real=0.00 secs] 
1575.283: [GC (Allocation Failure) [PSYoungGen: 80720K->1440K(80384K)] 363118K->283846K(563712K), 0.0040679 secs] [Times: user=0.02 sys=0.00, real=0.00 secs] 
1576.081: [GC (Allocation Failure) [PSYoungGen: 80288K->1440K(79872K)] 362694K->283846K(563200K), 0.0027395 secs] [Times: user=0.01 sys=0.00, real=0.00 secs] 
1576.862: [GC (Allocation Failure) [PSYoungGen: 79776K->1376K(79360K)] 362182K->283782K(562688K), 0.0021566 secs] [Times: user=0.01 sys=0.00, real=0.00 secs] 
1577.831: [GC (Allocation Failure) [PSYoungGen: 79200K->1389K(78848K)] 361606K->283795K(562176K), 0.0015244 secs] [Times: user=0.00 sys=0.00, real=0.01 secs] 
1579.336: [GC (Allocation Failure) [PSYoungGen: 78701K->1472K(78336K)] 361107K->283878K(561664K), 0.0038936 secs] [Times: user=0.01 sys=0.00, real=0.00 secs] 
1580.093: [GC (Allocation Failure) [PSYoungGen: 78272K->1408K(77824K)] 360678K->283814K(561152K), 0.0024363 secs] [Times: user=0.01 sys=0.00, real=0.00 secs] 
1580.414: [GC (Allocation Failure) [PSYoungGen: 77696K->1344K(77312K)] 360102K->283750K(560640K), 0.0018287 secs] [Times: user=0.01 sys=0.00, real=0.00 secs] 
1581.226: [GC (Allocation Failure) [PSYoungGen: 77120K->1408K(76800K)] 359526K->283822K(560128K), 0.0020838 secs] [Times: user=0.01 sys=0.00, real=0.00 secs] 
1581.846: [GC (Allocation Failure) [PSYoungGen: 76672K->1344K(76288K)] 359086K->283758K(559616K), 0.0016780 secs] [Times: user=0.01 sys=0.00, real=0.00 secs] 
1582.494: [GC (Allocation Failure) [PSYoungGen: 76096K->1408K(75776K)] 358510K->283830K(559104K), 0.0025847 secs] [Times: user=0.01 sys=0.00, real=0.00 secs] 
1583.116: [GC (Allocation Failure) [PSYoungGen: 75648K->1376K(75264K)] 358070K->283806K(558592K), 0.0025551 secs] [Times: user=0.00 sys=0.00, real=0.00 secs] 
1584.087: [GC (Allocation Failure) [PSYoungGen: 75104K->1440K(74752K)] 357534K->283870K(558080K), 0.0016994 secs] [Times: user=0.00 sys=0.00, real=0.00 secs] 
1584.417: [GC (Allocation Failure) [PSYoungGen: 74656K->1408K(74240K)] 357086K->283838K(557568K), 0.0017645 secs] [Times: user=0.00 sys=0.00, real=0.00 secs] 
1584.848: [GC (Allocation Failure) [PSYoungGen: 74112K->1408K(73728K)] 356542K->283838K(557056K), 0.0019374 secs] [Times: user=0.00 sys=0.00, real=0.00 secs] 
1585.405: [GC (Allocation Failure) [PSYoungGen: 73600K->1376K(78336K)] 356030K->283806K(561664K), 0.0029417 secs] [Times: user=0.01 sys=0.00, real=0.00 secs] 
1586.399: [GC (Allocation Failure) [PSYoungGen: 78176K->1389K(77824K)] 360606K->283819K(561152K), 0.0015025 secs] [Times: user=0.00 sys=0.00, real=0.00 secs] 
1587.085: [GC (Allocation Failure) [PSYoungGen: 77677K->1440K(77312K)] 360107K->283870K(560640K), 0.0017164 secs] [Times: user=0.01 sys=0.00, real=0.00 secs] 
1587.747: [GC (Allocation Failure) [PSYoungGen: 77216K->1376K(76800K)] 359646K->283806K(560128K), 0.0019914 secs] [Times: user=0.01 sys=0.00, real=0.00 secs] 
1588.455: [GC (Allocation Failure) [PSYoungGen: 76640K->1408K(76288K)] 359070K->283838K(559616K), 0.0038001 secs] [Times: user=0.01 sys=0.00, real=0.00 secs] 
1589.517: [GC (Allocation Failure) [PSYoungGen: 76160K->1568K(76288K)] 358590K->283998K(559616K), 0.0016832 secs] [Times: user=0.01 sys=0.00, real=0.00 secs] 
1590.689: [GC (Allocation Failure) [PSYoungGen: 75808K->416K(74240K)] 358238K->283870K(557568K), 0.0045931 secs] [Times: user=0.01 sys=0.01, real=0.01 secs] 
1591.594: [GC (Allocation Failure) [PSYoungGen: 74144K->384K(75264K)] 357598K->283846K(558592K), 0.0029586 secs] [Times: user=0.02 sys=0.00, real=0.00 secs] 
1592.705: [GC (Allocation Failure) [PSYoungGen: 73600K->384K(73216K)] 357062K->283846K(556544K), 0.0029686 secs] [Times: user=0.01 sys=0.00, real=0.00 secs] 
1593.875: [GC (Allocation Failure) [PSYoungGen: 73088K->1405K(74240K)] 356550K->284867K(557568K), 0.0014327 secs] [Times: user=0.00 sys=0.00, real=0.00 secs] 
1595.708: [GC (Allocation Failure) [PSYoungGen: 73597K->1408K(73216K)] 357059K->284870K(556544K), 0.0044778 secs] [Times: user=0.02 sys=0.00, real=0.01 secs] 
1596.663: [GC (Allocation Failure) [PSYoungGen: 73088K->1376K(72704K)] 356550K->284838K(556032K), 0.0027097 secs] [Times: user=0.01 sys=0.00, real=0.00 secs] 
1597.355: [GC (Allocation Failure) [PSYoungGen: 72544K->1392K(72192K)] 356006K->284854K(555520K), 0.0030015 secs] [Times: user=0.01 sys=0.00, real=0.00 secs] 
1598.622: [GC (Allocation Failure) [PSYoungGen: 72048K->1392K(71680K)] 355510K->284854K(555008K), 0.0020007 secs] [Times: user=0.01 sys=0.00, real=0.00 secs] 
1599.723: [GC (Allocation Failure) [PSYoungGen: 71536K->1408K(71168K)] 354998K->284870K(554496K), 0.0015593 secs] [Times: user=0.01 sys=0.00, real=0.00 secs] 
1600.467: [GC (Allocation Failure) [PSYoungGen: 71040K->1408K(70656K)] 354502K->284870K(553984K), 0.0017073 secs] [Times: user=0.01 sys=0.00, real=0.00 secs] 
1600.988: [GC (Allocation Failure) [PSYoungGen: 70528K->1408K(70144K)] 353990K->284870K(553472K), 0.0018156 secs] [Times: user=0.01 sys=0.00, real=0.00 secs] 
1601.535: [GC (Allocation Failure) [PSYoungGen: 70016K->1376K(69632K)] 353478K->284846K(552960K), 0.0021876 secs] [Times: user=0.01 sys=0.00, real=0.00 secs] 
1603.005: [GC (Allocation Failure) [PSYoungGen: 69472K->1424K(69120K)] 352942K->284894K(552448K), 0.0025791 secs] [Times: user=0.01 sys=0.00, real=0.00 secs] 
1603.890: [GC (Allocation Failure) [PSYoungGen: 69008K->1392K(69120K)] 352478K->284862K(552448K), 0.0032542 secs] [Times: user=0.01 sys=0.00, real=0.01 secs] 
1604.811: [GC (Allocation Failure) [PSYoungGen: 68976K->1408K(69120K)] 352446K->284878K(552448K), 0.0030057 secs] [Times: user=0.01 sys=0.00, real=0.01 secs] 
1605.877: [GC (Allocation Failure) [PSYoungGen: 68992K->1376K(69120K)] 352462K->284862K(552448K), 0.0041720 secs] [Times: user=0.01 sys=0.01, real=0.01 secs] 
1607.261: [GC (Allocation Failure) [PSYoungGen: 68960K->1424K(69120K)] 352446K->285422K(552448K), 0.0016424 secs] [Times: user=0.01 sys=0.00, real=0.01 secs] 
1608.193: [GC (Allocation Failure) [PSYoungGen: 69008K->1408K(69120K)] 353006K->285406K(552448K), 0.0040578 secs] [Times: user=0.02 sys=0.00, real=0.00 secs] 
1609.325: [GC (Allocation Failure) [PSYoungGen: 68992K->1376K(69120K)] 352990K->285374K(552448K), 0.0036994 secs] [Times: user=0.01 sys=0.00, real=0.00 secs] 
1610.418: [GC (Allocation Failure) [PSYoungGen: 68960K->1408K(69120K)] 352958K->285406K(552448K), 0.0044038 secs] [Times: user=0.02 sys=0.00, real=0.01 secs] 
1611.292: [GC (Allocation Failure) [PSYoungGen: 68992K->1408K(69120K)] 352990K->285406K(552448K), 0.0045497 secs] [Times: user=0.02 sys=0.00, real=0.00 secs] 
1612.677: [GC (Allocation Failure) [PSYoungGen: 68992K->1424K(69120K)] 352990K->285422K(552448K), 0.0019897 secs] [Times: user=0.01 sys=0.00, real=0.00 secs] 
1612.957: [GC (Allocation Failure) [PSYoungGen: 69008K->1408K(69120K)] 353006K->285406K(552448K), 0.0018128 secs] [Times: user=0.00 sys=0.00, real=0.00 secs] 
1613.238: [GC (Allocation Failure) [PSYoungGen: 68992K->1344K(73728K)] 352990K->285342K(557056K), 0.0018792 secs] [Times: user=0.01 sys=0.00, real=0.00 secs] 
1613.538: [GC (Allocation Failure) [PSYoungGen: 73536K->1408K(78848K)] 357534K->285414K(562176K), 0.0016830 secs] [Times: user=0.00 sys=0.00, real=0.00 secs] 
1614.352: [GC (Allocation Failure) [PSYoungGen: 78720K->1408K(83968K)] 362726K->285414K(567296K), 0.0018231 secs] [Times: user=0.01 sys=0.00, real=0.00 secs] 
1614.986: [GC (Allocation Failure) [PSYoungGen: 83840K->1392K(83456K)] 367846K->285398K(566784K), 0.0018863 secs] [Times: user=0.00 sys=0.00, real=0.00 secs] 
1615.651: [GC (Allocation Failure) [PSYoungGen: 83312K->1408K(82944K)] 367318K->285438K(566272K), 0.0019514 secs] [Times: user=0.01 sys=0.00, real=0.01 secs] 
1616.339: [GC (Allocation Failure) [PSYoungGen: 82816K->1408K(82432K)] 366846K->285438K(565760K), 0.0018644 secs] [Times: user=0.01 sys=0.00, real=0.00 secs] 
1617.468: [GC (Allocation Failure) [PSYoungGen: 82304K->1408K(81920K)] 366334K->285438K(565248K), 0.0019341 secs] [Times: user=0.01 sys=0.00, real=0.00 secs] 
1617.894: [GC (Allocation Failure) [PSYoungGen: 81792K->1408K(81408K)] 365822K->285438K(564736K), 0.0019278 secs] [Times: user=0.01 sys=0.00, real=0.00 secs] 
1618.534: [GC (Allocation Failure) [PSYoungGen: 81280K->1408K(80896K)] 365310K->285438K(564224K), 0.0019291 secs] [Times: user=0.01 sys=0.00, real=0.00 secs] 
1619.679: [GC (Allocation Failure) [PSYoungGen: 80768K->1504K(80384K)] 364798K->285558K(563712K), 0.0015779 secs] [Times: user=0.01 sys=0.00, real=0.00 secs] 
1620.439: [GC (Allocation Failure) [PSYoungGen: 80352K->1392K(79872K)] 364406K->285454K(563200K), 0.0034227 secs] [Times: user=0.01 sys=0.00, real=0.01 secs] 
1621.180: [GC (Allocation Failure) [PSYoungGen: 79728K->1408K(79360K)] 363790K->285470K(562688K), 0.0035945 secs] [Times: user=0.01 sys=0.00, real=0.01 secs] 
1621.697: [GC (Allocation Failure) [PSYoungGen: 79232K->1360K(78848K)] 363294K->285422K(562176K), 0.0021584 secs] [Times: user=0.01 sys=0.00, real=0.00 secs] 
1622.900: [GC (Allocation Failure) [PSYoungGen: 78672K->1376K(78336K)] 362734K->285446K(561664K), 0.0016379 secs] [Times: user=0.01 sys=0.00, real=0.01 secs] 
1623.929: [GC (Allocation Failure) [PSYoungGen: 78176K->1440K(77824K)] 362246K->285510K(561152K), 0.0043310 secs] [Times: user=0.02 sys=0.00, real=0.01 secs] 
1625.052: [GC (Allocation Failure) [PSYoungGen: 77728K->1408K(77312K)] 361798K->285478K(560640K), 0.0028350 secs] [Times: user=0.01 sys=0.00, real=0.00 secs] 
1625.825: [GC (Allocation Failure) [PSYoungGen: 77184K->1440K(76800K)] 361254K->285510K(560128K), 0.0030972 secs] [Times: user=0.01 sys=0.00, real=0.00 secs] 
1626.945: [GC (Allocation Failure) [PSYoungGen: 76704K->448K(75264K)] 360774K->285542K(558592K), 0.0016220 secs] [Times: user=0.00 sys=0.00, real=0.00 secs] 
1627.730: [GC (Allocation Failure) [PSYoungGen: 75200K->416K(76288K)] 360294K->285510K(559616K), 0.0039692 secs] [Times: user=0.02 sys=0.00, real=0.01 secs] 
1628.728: [GC (Allocation Failure) [PSYoungGen: 74656K->384K(74240K)] 359750K->285478K(557568K), 0.0037358 secs] [Times: user=0.02 sys=0.01, real=0.01 secs] 
1629.502: [GC (Allocation Failure) [PSYoungGen: 74112K->384K(75264K)] 359206K->285478K(558592K), 0.0022293 secs] [Times: user=0.01 sys=0.00, real=0.00 secs] 
1630.655: [GC (Allocation Failure) [PSYoungGen: 73600K->1472K(74240K)] 358694K->286566K(557568K), 0.0017747 secs] [Times: user=0.01 sys=0.00, real=0.00 secs] 
1630.975: [GC (Allocation Failure) [PSYoungGen: 74176K->1376K(73728K)] 359270K->286470K(557056K), 0.0018621 secs] [Times: user=0.01 sys=0.00, real=0.00 secs] 
1631.535: [GC (Allocation Failure) [PSYoungGen: 73568K->1440K(73216K)] 358662K->286534K(556544K), 0.0016308 secs] [Times: user=0.00 sys=0.01, real=0.00 secs] 
1632.250: [GC (Allocation Failure) [PSYoungGen: 73120K->1440K(72704K)] 358214K->286542K(556032K), 0.0026770 secs] [Times: user=0.01 sys=0.00, real=0.01 secs] 
1633.207: [GC (Allocation Failure) [PSYoungGen: 72608K->1456K(72192K)] 357710K->286574K(555520K), 0.0013634 secs] [Times: user=0.01 sys=0.00, real=0.00 secs] 
1633.556: [GC (Allocation Failure) [PSYoungGen: 72112K->1408K(71680K)] 357230K->286526K(555008K), 0.0023949 secs] [Times: user=0.01 sys=0.00, real=0.00 secs] 
1634.010: [GC (Allocation Failure) [PSYoungGen: 71552K->1376K(71168K)] 356670K->286494K(554496K), 0.0017646 secs] [Times: user=0.01 sys=0.00, real=0.01 secs] 
1634.544: [GC (Allocation Failure) [PSYoungGen: 71008K->1376K(75776K)] 356126K->286502K(559104K), 0.0031856 secs] [Times: user=0.02 sys=0.00, real=0.00 secs] 
1635.534: [GC (Allocation Failure) [PSYoungGen: 75616K->160K(74240K)] 360742K->285286K(557568K), 0.0015573 secs] [Times: user=0.00 sys=0.00, real=0.00 secs] 
1636.254: [GC (Allocation Failure) [PSYoungGen: 73888K->1376K(75776K)] 359014K->286502K(559104K), 0.0024443 secs] [Times: user=0.01 sys=0.00, real=0.00 secs] 
1636.821: [GC (Allocation Failure) [PSYoungGen: 74592K->1344K(74240K)] 359718K->286470K(557568K), 0.0024145 secs] [Times: user=0.01 sys=0.01, real=0.00 secs] 
1637.456: [GC (Allocation Failure) [PSYoungGen: 74048K->1408K(73728K)] 359174K->286534K(557056K), 0.0026988 secs] [Times: user=0.01 sys=0.00, real=0.00 secs] 
1638.348: [GC (Allocation Failure) [PSYoungGen: 73600K->1373K(73216K)] 358726K->286499K(556544K), 0.0014947 secs] [Times: user=0.01 sys=0.00, real=0.00 secs] 
1639.406: [GC (Allocation Failure) [PSYoungGen: 73053K->1408K(72704K)] 358179K->286534K(556032K), 0.0020854 secs] [Times: user=0.01 sys=0.00, real=0.00 secs] 
1640.294: [GC (Allocation Failure) [PSYoungGen: 72576K->1344K(72192K)] 357702K->286470K(555520K), 0.0035913 secs] [Times: user=0.01 sys=0.00, real=0.00 secs] 
1640.920: [GC (Allocation Failure) [PSYoungGen: 72000K->1296K(71680K)] 357126K->286430K(555008K), 0.0037083 secs] [Times: user=0.01 sys=0.00, real=0.01 secs] 
1641.750: [GC (Allocation Failure) [PSYoungGen: 71440K->1408K(71168K)] 356574K->286542K(554496K), 0.0036197 secs] [Times: user=0.01 sys=0.00, real=0.01 secs] 
1642.805: [GC (Allocation Failure) [PSYoungGen: 71040K->1408K(70656K)] 356174K->286542K(553984K), 0.0020497 secs] [Times: user=0.01 sys=0.00, real=0.00 secs] 
1643.408: [GC (Allocation Failure) [PSYoungGen: 70528K->1408K(70144K)] 355662K->286542K(553472K), 0.0020809 secs] [Times: user=0.01 sys=0.00, real=0.00 secs] 
1644.099: [GC (Allocation Failure) [PSYoungGen: 70016K->1344K(69632K)] 355150K->286478K(552960K), 0.0030039 secs] [Times: user=0.01 sys=0.00, real=0.01 secs] 
1644.759: [GC (Allocation Failure) [PSYoungGen: 69440K->1408K(69120K)] 354574K->286542K(552448K), 0.0032215 secs] [Times: user=0.02 sys=0.00, real=0.01 secs] 
1645.947: [GC (Allocation Failure) [PSYoungGen: 68992K->1440K(69120K)] 354126K->286574K(552448K), 0.0018755 secs] [Times: user=0.01 sys=0.00, real=0.00 secs] 
1646.557: [GC (Allocation Failure) [PSYoungGen: 69024K->1408K(69120K)] 354158K->286542K(552448K), 0.0028992 secs] [Times: user=0.01 sys=0.00, real=0.00 secs] 
1647.116: [GC (Allocation Failure) [PSYoungGen: 68992K->1376K(69120K)] 354126K->286510K(552448K), 0.0030627 secs] [Times: user=0.01 sys=0.00, real=0.00 secs] 
1647.678: [GC (Allocation Failure) [PSYoungGen: 68960K->1392K(73728K)] 354094K->286526K(557056K), 0.0028636 secs] [Times: user=0.01 sys=0.00, real=0.00 secs] 
1648.574: [GC (Allocation Failure) [PSYoungGen: 73584K->1504K(73216K)] 358718K->286638K(556544K), 0.0019879 secs] [Times: user=0.01 sys=0.00, real=0.00 secs] 
1649.643: [GC (Allocation Failure) [PSYoungGen: 73184K->1376K(72704K)] 358318K->286510K(556032K), 0.0038721 secs] [Times: user=0.01 sys=0.00, real=0.00 secs] 
1650.643: [GC (Allocation Failure) [PSYoungGen: 72544K->1376K(72192K)] 357678K->286510K(555520K), 0.0044786 secs] [Times: user=0.02 sys=0.00, real=0.00 secs] 
1651.415: [GC (Allocation Failure) [PSYoungGen: 72032K->1408K(71680K)] 357166K->286542K(555008K), 0.0022919 secs] [Times: user=0.01 sys=0.00, real=0.00 secs] 
1652.085: [GC (Allocation Failure) [PSYoungGen: 71552K->1421K(71168K)] 356686K->286555K(554496K), 0.0016330 secs] [Times: user=0.01 sys=0.00, real=0.00 secs] 
1653.360: [GC (Allocation Failure) [PSYoungGen: 71053K->1440K(70656K)] 356187K->286582K(553984K), 0.0022740 secs] [Times: user=0.01 sys=0.00, real=0.01 secs] 
1654.411: [GC (Allocation Failure) [PSYoungGen: 70560K->1376K(70144K)] 355702K->286518K(553472K), 0.0032420 secs] [Times: user=0.02 sys=0.00, real=0.01 secs] 
1655.104: [GC (Allocation Failure) [PSYoungGen: 69984K->1376K(69632K)] 355126K->286518K(552960K), 0.0027477 secs] [Times: user=0.01 sys=0.00, real=0.00 secs] 
1655.646: [GC (Allocation Failure) [PSYoungGen: 69472K->1376K(69120K)] 354614K->286518K(552448K), 0.0029535 secs] [Times: user=0.02 sys=0.00, real=0.00 secs] 
1656.662: [GC (Allocation Failure) [PSYoungGen: 68960K->1440K(69120K)] 354102K->286582K(552448K), 0.0013944 secs] [Times: user=0.00 sys=0.00, real=0.00 secs] 
1657.308: [GC (Allocation Failure) [PSYoungGen: 69024K->1408K(69120K)] 354166K->286550K(552448K), 0.0018799 secs] [Times: user=0.00 sys=0.00, real=0.00 secs] 
1657.885: [GC (Allocation Failure) [PSYoungGen: 68992K->1408K(69120K)] 354134K->286550K(552448K), 0.0028454 secs] [Times: user=0.01 sys=0.00, real=0.00 secs] 
1658.457: [GC (Allocation Failure) [PSYoungGen: 68992K->1408K(69120K)] 354134K->286550K(552448K), 0.0023283 secs] [Times: user=0.01 sys=0.00, real=0.00 secs] 
1659.276: [GC (Allocation Failure) [PSYoungGen: 68992K->928K(68608K)] 354134K->287094K(551936K), 0.0018151 secs] [Times: user=0.01 sys=0.00, real=0.00 secs] 
1659.570: [GC (Allocation Failure) [PSYoungGen: 68512K->352K(68096K)] 354678K->286518K(551424K), 0.0019355 secs] [Times: user=0.01 sys=0.00, real=0.01 secs] 
1659.851: [GC (Allocation Failure) [PSYoungGen: 67936K->320K(72704K)] 354102K->286486K(556032K), 0.0020873 secs] [Times: user=0.01 sys=0.00, real=0.01 secs] 
1660.151: [GC (Allocation Failure) [PSYoungGen: 72512K->384K(79360K)] 358678K->286550K(562688K), 0.0017353 secs] [Times: user=0.01 sys=0.00, real=0.01 secs] 
1660.753: [GC (Allocation Failure) [PSYoungGen: 77696K->1405K(83968K)] 363862K->287579K(567296K), 0.0014009 secs] [Times: user=0.00 sys=0.00, real=0.00 secs] 
1662.603: [GC (Allocation Failure) [PSYoungGen: 83837K->1408K(83456K)] 370011K->287582K(566784K), 0.0044658 secs] [Times: user=0.02 sys=0.00, real=0.00 secs] 
1663.505: [GC (Allocation Failure) [PSYoungGen: 83328K->1408K(82944K)] 369502K->287582K(566272K), 0.0028872 secs] [Times: user=0.01 sys=0.00, real=0.00 secs] 
1664.170: [GC (Allocation Failure) [PSYoungGen: 82816K->1408K(82432K)] 368990K->287582K(565760K), 0.0023217 secs] [Times: user=0.01 sys=0.00, real=0.01 secs] 
1665.176: [GC (Allocation Failure) [PSYoungGen: 82304K->1440K(81920K)] 368478K->287614K(565248K), 0.0014752 secs] [Times: user=0.00 sys=0.00, real=0.00 secs] 
1665.974: [GC (Allocation Failure) [PSYoungGen: 81824K->1376K(81408K)] 367998K->287550K(564736K), 0.0047070 secs] [Times: user=0.02 sys=0.00, real=0.00 secs] 
1666.360: [GC (Allocation Failure) [PSYoungGen: 81248K->1376K(80896K)] 367422K->287550K(564224K), 0.0017989 secs] [Times: user=0.00 sys=0.00, real=0.01 secs] 
1666.689: [GC (Allocation Failure) [PSYoungGen: 80736K->1408K(80384K)] 366910K->287582K(563712K), 0.0019014 secs] [Times: user=0.01 sys=0.00, real=0.00 secs] 
1667.468: [GC (Allocation Failure) [PSYoungGen: 80256K->1440K(79872K)] 366430K->287614K(563200K), 0.0015421 secs] [Times: user=0.01 sys=0.00, real=0.00 secs] 
1667.793: [GC (Allocation Failure) [PSYoungGen: 79776K->1376K(79360K)] 365950K->287550K(562688K), 0.0017427 secs] [Times: user=0.01 sys=0.00, real=0.00 secs] 
1668.116: [GC (Allocation Failure) [PSYoungGen: 79200K->1328K(84480K)] 365374K->287502K(567808K), 0.0016738 secs] [Times: user=0.01 sys=0.00, real=0.00 secs] 
1668.551: [GC (Allocation Failure) [PSYoungGen: 84272K->1373K(83968K)] 370446K->287547K(567296K), 0.0015730 secs] [Times: user=0.01 sys=0.00, real=0.01 secs] 
1669.969: [GC (Allocation Failure) [PSYoungGen: 83805K->1440K(83456K)] 369979K->287614K(566784K), 0.0024414 secs] [Times: user=0.01 sys=0.00, real=0.01 secs] 
1670.823: [GC (Allocation Failure) [PSYoungGen: 83360K->1408K(82944K)] 369534K->287582K(566272K), 0.0030492 secs] [Times: user=0.01 sys=0.00, real=0.00 secs] 
1671.478: [GC (Allocation Failure) [PSYoungGen: 82816K->1408K(82432K)] 368990K->287582K(565760K), 0.0025291 secs] [Times: user=0.01 sys=0.00, real=0.00 secs] 
1672.533: [GC (Allocation Failure) [PSYoungGen: 82304K->1424K(81920K)] 368478K->287606K(565248K), 0.0018829 secs] [Times: user=0.01 sys=0.00, real=0.00 secs] 
1672.906: [GC (Allocation Failure) [PSYoungGen: 81808K->1376K(81408K)] 367990K->287558K(564736K), 0.0016947 secs] [Times: user=0.00 sys=0.00, real=0.00 secs] 
1673.274: [GC (Allocation Failure) [PSYoungGen: 81248K->1408K(80896K)] 367430K->287590K(564224K), 0.0019853 secs] [Times: user=0.01 sys=0.00, real=0.00 secs] 
1673.605: [GC (Allocation Failure) [PSYoungGen: 80768K->1408K(80384K)] 366950K->287590K(563712K), 0.0015334 secs] [Times: user=0.01 sys=0.00, real=0.00 secs] 
1674.457: [GC (Allocation Failure) [PSYoungGen: 80256K->1408K(79872K)] 366438K->287606K(563200K), 0.0015306 secs] [Times: user=0.00 sys=0.00, real=0.00 secs] 
1674.817: [GC (Allocation Failure) [PSYoungGen: 79744K->1376K(79360K)] 365942K->287574K(562688K), 0.0014880 secs] [Times: user=0.00 sys=0.00, real=0.00 secs] 
1675.142: [GC (Allocation Failure) [PSYoungGen: 79200K->1344K(78848K)] 365398K->287542K(562176K), 0.0016562 secs] [Times: user=0.00 sys=0.00, real=0.00 secs] 
1675.526: [GC (Allocation Failure) [PSYoungGen: 78656K->1408K(78336K)] 364854K->287606K(561664K), 0.0016901 secs] [Times: user=0.01 sys=0.00, real=0.00 secs] 
1676.419: [GC (Allocation Failure) [PSYoungGen: 78208K->1408K(77824K)] 364406K->287606K(561152K), 0.0020056 secs] [Times: user=0.01 sys=0.00, real=0.00 secs] 
1676.747: [GC (Allocation Failure) [PSYoungGen: 77696K->1376K(77312K)] 363894K->287574K(560640K), 0.0016709 secs] [Times: user=0.00 sys=0.00, real=0.00 secs] 
1677.296: [GC (Allocation Failure) [PSYoungGen: 77152K->1424K(76800K)] 363350K->287622K(560128K), 0.0019526 secs] [Times: user=0.00 sys=0.00, real=0.00 secs] 
1677.831: [GC (Allocation Failure) [PSYoungGen: 76688K->1376K(76288K)] 362886K->287574K(559616K), 0.0017211 secs] [Times: user=0.00 sys=0.00, real=0.01 secs] 
1678.738: [GC (Allocation Failure) [PSYoungGen: 76128K->1408K(75776K)] 362326K->287606K(559104K), 0.0018175 secs] [Times: user=0.00 sys=0.00, real=0.00 secs] 
1679.047: [GC (Allocation Failure) [PSYoungGen: 75648K->1376K(75264K)] 361846K->287590K(558592K), 0.0016537 secs] [Times: user=0.01 sys=0.00, real=0.00 secs] 
1679.353: [GC (Allocation Failure) [PSYoungGen: 75104K->1408K(74752K)] 361318K->287622K(558080K), 0.0019366 secs] [Times: user=0.01 sys=0.00, real=0.00 secs] 
1679.657: [GC (Allocation Failure) [PSYoungGen: 74624K->1408K(79872K)] 360838K->287622K(563200K), 0.0017321 secs] [Times: user=0.00 sys=0.00, real=0.00 secs] 
1682.090: [GC (Allocation Failure) [PSYoungGen: 79744K->1408K(79360K)] 365958K->287622K(562688K), 0.0045212 secs] [Times: user=0.01 sys=0.00, real=0.01 secs] 
1682.925: [GC (Allocation Failure) [PSYoungGen: 79232K->1408K(78848K)] 365446K->287622K(562176K), 0.0024191 secs] [Times: user=0.01 sys=0.00, real=0.00 secs] 
1683.549: [GC (Allocation Failure) [PSYoungGen: 78720K->1408K(78336K)] 364934K->287622K(561664K), 0.0021861 secs] [Times: user=0.01 sys=0.00, real=0.01 secs] 
1684.333: [GC (Allocation Failure) [PSYoungGen: 78208K->381K(76800K)] 364422K->287619K(560128K), 0.0013288 secs] [Times: user=0.01 sys=0.00, real=0.00 secs] 
1685.128: [GC (Allocation Failure) [PSYoungGen: 76669K->1440K(77824K)] 363907K->288678K(561152K), 0.0017767 secs] [Times: user=0.00 sys=0.00, real=0.00 secs] 
1685.443: [GC (Allocation Failure) [PSYoungGen: 77216K->1408K(76800K)] 364454K->288646K(560128K), 0.0017967 secs] [Times: user=0.00 sys=0.00, real=0.00 secs] 
1686.042: [GC (Allocation Failure) [PSYoungGen: 76672K->1376K(76288K)] 363910K->288614K(559616K), 0.0024866 secs] [Times: user=0.01 sys=0.01, real=0.00 secs] 
1686.939: [GC (Allocation Failure) [PSYoungGen: 76128K->1405K(75776K)] 363366K->288643K(559104K), 0.0014642 secs] [Times: user=0.01 sys=0.00, real=0.00 secs] 
1687.594: [GC (Allocation Failure) [PSYoungGen: 75645K->1440K(75264K)] 362883K->288678K(558592K), 0.0018171 secs] [Times: user=0.01 sys=0.00, real=0.00 secs] 
1687.941: [GC (Allocation Failure) [PSYoungGen: 75168K->1408K(74752K)] 362406K->288646K(558080K), 0.0027825 secs] [Times: user=0.01 sys=0.00, real=0.01 secs] 
1688.303: [GC (Allocation Failure) [PSYoungGen: 74624K->1408K(79872K)] 361862K->288646K(563200K), 0.0026076 secs] [Times: user=0.00 sys=0.00, real=0.00 secs] 
1689.060: [GC (Allocation Failure) [PSYoungGen: 79744K->1421K(79360K)] 366982K->288659K(562688K), 0.0015014 secs] [Times: user=0.00 sys=0.00, real=0.01 secs] 
1689.900: [GC (Allocation Failure) [PSYoungGen: 79245K->1408K(78848K)] 366483K->288646K(562176K), 0.0033236 secs] [Times: user=0.02 sys=0.00, real=0.01 secs] 
1690.558: [GC (Allocation Failure) [PSYoungGen: 78720K->1440K(78336K)] 365958K->288678K(561664K), 0.0023751 secs] [Times: user=0.01 sys=0.00, real=0.00 secs] 
1691.291: [GC (Allocation Failure) [PSYoungGen: 78240K->1376K(77824K)] 365478K->288614K(561152K), 0.0029701 secs] [Times: user=0.01 sys=0.00, real=0.01 secs] 
1692.663: [GC (Allocation Failure) [PSYoungGen: 77664K->896K(76800K)] 364902K->289166K(560128K), 0.0021264 secs] [Times: user=0.01 sys=0.00, real=0.00 secs] 
1694.197: [GC (Allocation Failure) [PSYoungGen: 76672K->352K(75776K)] 364942K->288622K(559104K), 0.0031946 secs] [Times: user=0.01 sys=0.00, real=0.00 secs] 
1695.193: [GC (Allocation Failure) [PSYoungGen: 75616K->320K(75264K)] 363886K->288590K(558592K), 0.0035355 secs] [Times: user=0.01 sys=0.00, real=0.00 secs] 
1696.129: [GC (Allocation Failure) [PSYoungGen: 75072K->336K(76288K)] 363342K->288606K(559616K), 0.0027937 secs] [Times: user=0.01 sys=0.00, real=0.01 secs] 
1697.409: [GC (Allocation Failure) [PSYoungGen: 74576K->1952K(75776K)] 362846K->290222K(559104K), 0.0017209 secs] [Times: user=0.00 sys=0.00, real=0.00 secs] 
1697.954: [GC (Allocation Failure) [PSYoungGen: 75680K->1408K(74752K)] 363950K->289678K(558080K), 0.0031018 secs] [Times: user=0.01 sys=0.00, real=0.00 secs] 
1698.260: [GC (Allocation Failure) [PSYoungGen: 74624K->1376K(74240K)] 362894K->289646K(557568K), 0.0019809 secs] [Times: user=0.00 sys=0.00, real=0.01 secs] 
1698.632: [GC (Allocation Failure) [PSYoungGen: 74080K->1360K(79360K)] 362350K->289630K(562688K), 0.0023875 secs] [Times: user=0.01 sys=0.00, real=0.00 secs] 
1699.713: [GC (Allocation Failure) [PSYoungGen: 79184K->1968K(79360K)] 367454K->290246K(562688K), 0.0019766 secs] [Times: user=0.01 sys=0.00, real=0.00 secs] 
1700.477: [GC (Allocation Failure) [PSYoungGen: 79280K->1376K(78336K)] 367558K->289654K(561664K), 0.0021685 secs] [Times: user=0.00 sys=0.00, real=0.00 secs] 
1701.380: [GC (Allocation Failure) [PSYoungGen: 78176K->1408K(77824K)] 366454K->289686K(561152K), 0.0023357 secs] [Times: user=0.00 sys=0.00, real=0.01 secs] 
1702.135: [GC (Allocation Failure) [PSYoungGen: 77696K->1408K(77312K)] 365974K->289694K(560640K), 0.0027726 secs] [Times: user=0.01 sys=0.00, real=0.00 secs] 
1703.669: [GC (Allocation Failure) [PSYoungGen: 77184K->1440K(76800K)] 365470K->289734K(560128K), 0.0025680 secs] [Times: user=0.01 sys=0.00, real=0.01 secs] 
1705.078: [GC (Allocation Failure) [PSYoungGen: 76704K->1408K(76288K)] 364998K->289710K(559616K), 0.0039269 secs] [Times: user=0.01 sys=0.00, real=0.01 secs] 
1705.678: [GC (Allocation Failure) [PSYoungGen: 76160K->1440K(75776K)] 364462K->289742K(559104K), 0.0022559 secs] [Times: user=0.01 sys=0.00, real=0.00 secs] 
1705.980: [GC (Allocation Failure) [PSYoungGen: 75680K->1408K(81408K)] 363982K->289718K(564736K), 0.0041264 secs] [Times: user=0.01 sys=0.00, real=0.01 secs] 
1707.950: [GC (Allocation Failure) [PSYoungGen: 81280K->1408K(87040K)] 369590K->289718K(570368K), 0.0027987 secs] [Times: user=0.01 sys=0.00, real=0.01 secs] 
1708.593: [GC (Allocation Failure) [PSYoungGen: 86912K->1408K(86528K)] 375222K->289718K(569856K), 0.0020675 secs] [Times: user=0.01 sys=0.00, real=0.00 secs] 
1708.944: [GC (Allocation Failure) [PSYoungGen: 86400K->1408K(86016K)] 374710K->289718K(569344K), 0.0017615 secs] [Times: user=0.01 sys=0.00, real=0.00 secs] 
1709.485: [GC (Allocation Failure) [PSYoungGen: 85888K->1408K(85504K)] 374198K->289734K(568832K), 0.0018574 secs] [Times: user=0.00 sys=0.00, real=0.00 secs] 
1710.540: [GC (Allocation Failure) [PSYoungGen: 85376K->1440K(84992K)] 373702K->289766K(568320K), 0.0016725 secs] [Times: user=0.00 sys=0.00, real=0.01 secs] 
1711.095: [GC (Allocation Failure) [PSYoungGen: 84896K->1408K(84480K)] 373222K->289734K(567808K), 0.0019656 secs] [Times: user=0.00 sys=0.00, real=0.00 secs] 
1711.440: [GC (Allocation Failure) [PSYoungGen: 84352K->1408K(83968K)] 372678K->289734K(567296K), 0.0018329 secs] [Times: user=0.01 sys=0.00, real=0.01 secs] 
1712.659: [GC (Allocation Failure) [PSYoungGen: 83840K->1440K(83456K)] 372166K->289766K(566784K), 0.0021281 secs] [Times: user=0.01 sys=0.00, real=0.00 secs] 
1713.169: [GC (Allocation Failure) [PSYoungGen: 83360K->1392K(82944K)] 371686K->289726K(566272K), 0.0017329 secs] [Times: user=0.00 sys=0.00, real=0.00 secs] 
1713.574: [GC (Allocation Failure) [PSYoungGen: 82800K->1408K(82432K)] 371134K->289742K(565760K), 0.0020738 secs] [Times: user=0.00 sys=0.00, real=0.00 secs] 
1714.085: [GC (Allocation Failure) [PSYoungGen: 82304K->1392K(81920K)] 370638K->289726K(565248K), 0.0027921 secs] [Times: user=0.01 sys=0.00, real=0.00 secs] 
1715.023: [GC (Allocation Failure) [PSYoungGen: 81776K->1440K(81408K)] 370110K->289774K(564736K), 0.0017430 secs] [Times: user=0.01 sys=0.00, real=0.00 secs] 
1715.354: [GC (Allocation Failure) [PSYoungGen: 81312K->1376K(80896K)] 369646K->289710K(564224K), 0.0016865 secs] [Times: user=0.00 sys=0.00, real=0.00 secs] 
1715.684: [GC (Allocation Failure) [PSYoungGen: 80736K->1408K(80384K)] 369070K->289742K(563712K), 0.0016903 secs] [Times: user=0.00 sys=0.00, real=0.00 secs] 
1716.148: [GC (Allocation Failure) [PSYoungGen: 80256K->1392K(79872K)] 368590K->289726K(563200K), 0.0021101 secs] [Times: user=0.01 sys=0.00, real=0.00 secs] 
1716.925: [GC (Allocation Failure) [PSYoungGen: 79728K->1440K(79360K)] 368062K->289782K(562688K), 0.0026379 secs] [Times: user=0.01 sys=0.01, real=0.00 secs] 
1717.242: [GC (Allocation Failure) [PSYoungGen: 79264K->1376K(84992K)] 367606K->289718K(568320K), 0.0027415 secs] [Times: user=0.01 sys=0.00, real=0.00 secs] 
1717.589: [GC (Allocation Failure) [PSYoungGen: 84832K->1408K(91136K)] 373174K->289750K(574464K), 0.0018428 secs] [Times: user=0.01 sys=0.00, real=0.00 secs] 
1718.677: [GC (Allocation Failure) [PSYoungGen: 91008K->1408K(90624K)] 379350K->289750K(573952K), 0.0017700 secs] [Times: user=0.01 sys=0.00, real=0.00 secs] 
1719.371: [GC (Allocation Failure) [PSYoungGen: 90496K->1408K(90112K)] 378838K->289766K(573440K), 0.0023210 secs] [Times: user=0.01 sys=0.01, real=0.01 secs] 
1719.787: [GC (Allocation Failure) [PSYoungGen: 89984K->1376K(89600K)] 378342K->289734K(572928K), 0.0017539 secs] [Times: user=0.01 sys=0.00, real=0.00 secs] 
1720.282: [GC (Allocation Failure) [PSYoungGen: 89440K->1373K(89088K)] 377798K->289731K(572416K), 0.0014151 secs] [Times: user=0.01 sys=0.00, real=0.00 secs] 
1722.623: [GC (Allocation Failure) [PSYoungGen: 88925K->448K(87552K)] 377283K->289830K(570880K), 0.0036784 secs] [Times: user=0.01 sys=0.00, real=0.00 secs] 
1723.461: [GC (Allocation Failure) [PSYoungGen: 87488K->352K(88576K)] 376870K->289734K(571904K), 0.0028999 secs] [Times: user=0.01 sys=0.00, real=0.01 secs] 
1724.364: [GC (Allocation Failure) [PSYoungGen: 86880K->352K(86528K)] 376262K->289734K(569856K), 0.0026254 secs] [Times: user=0.01 sys=0.00, real=0.00 secs] 
1725.600: [GC (Allocation Failure) [PSYoungGen: 86368K->1408K(87552K)] 375750K->290790K(570880K), 0.0016549 secs] [Times: user=0.00 sys=0.00, real=0.01 secs] 
1726.634: [GC (Allocation Failure) [PSYoungGen: 86912K->1376K(86528K)] 376294K->290774K(569856K), 0.0035101 secs] [Times: user=0.01 sys=0.01, real=0.00 secs] 
1727.365: [GC (Allocation Failure) [PSYoungGen: 86368K->1408K(86016K)] 375766K->290806K(569344K), 0.0031336 secs] [Times: user=0.02 sys=0.00, real=0.00 secs] 
1728.040: [GC (Allocation Failure) [PSYoungGen: 85888K->1389K(85504K)] 375286K->290787K(568832K), 0.0013778 secs] [Times: user=0.01 sys=0.00, real=0.01 secs] 
1728.685: [GC (Allocation Failure) [PSYoungGen: 85357K->1408K(84992K)] 374755K->290806K(568320K), 0.0020592 secs] [Times: user=0.01 sys=0.01, real=0.00 secs] 
1729.032: [GC (Allocation Failure) [PSYoungGen: 84864K->1408K(84480K)] 374262K->290806K(567808K), 0.0018463 secs] [Times: user=0.01 sys=0.00, real=0.00 secs] 
1729.380: [GC (Allocation Failure) [PSYoungGen: 84352K->1376K(83968K)] 373750K->290774K(567296K), 0.0021007 secs] [Times: user=0.01 sys=0.00, real=0.01 secs] 
1730.189: [GC (Allocation Failure) [PSYoungGen: 83808K->1440K(83456K)] 373206K->290838K(566784K), 0.0015458 secs] [Times: user=0.00 sys=0.00, real=0.00 secs] 
1730.744: [GC (Allocation Failure) [PSYoungGen: 83360K->1392K(82944K)] 372758K->290806K(566272K), 0.0020238 secs] [Times: user=0.01 sys=0.00, real=0.00 secs] 
1731.431: [GC (Allocation Failure) [PSYoungGen: 82800K->1376K(82432K)] 372214K->290790K(565760K), 0.0046124 secs] [Times: user=0.02 sys=0.00, real=0.01 secs] 
1732.142: [GC (Allocation Failure) [PSYoungGen: 82272K->1408K(81920K)] 371686K->290822K(565248K), 0.0023957 secs] [Times: user=0.01 sys=0.01, real=0.00 secs] 
1733.048: [GC (Allocation Failure) [PSYoungGen: 81792K->1408K(81408K)] 371206K->290822K(564736K), 0.0016671 secs] [Times: user=0.01 sys=0.00, real=0.00 secs] 
1733.380: [GC (Allocation Failure) [PSYoungGen: 81280K->1376K(80896K)] 370694K->290798K(564224K), 0.0018325 secs] [Times: user=0.01 sys=0.00, real=0.01 secs] 
1733.709: [GC (Allocation Failure) [PSYoungGen: 80736K->1344K(80384K)] 370158K->290766K(563712K), 0.0016272 secs] [Times: user=0.01 sys=0.00, real=0.00 secs] 
1734.349: [GC (Allocation Failure) [PSYoungGen: 80192K->1389K(79872K)] 369614K->290811K(563200K), 0.0015784 secs] [Times: user=0.01 sys=0.00, real=0.00 secs] 
1735.099: [GC (Allocation Failure) [PSYoungGen: 79725K->1344K(79360K)] 369147K->290766K(562688K), 0.0017222 secs] [Times: user=0.01 sys=0.00, real=0.00 secs] 
1735.742: [GC (Allocation Failure) [PSYoungGen: 79168K->1360K(78848K)] 368590K->290782K(562176K), 0.0026688 secs] [Times: user=0.01 sys=0.00, real=0.00 secs] 
1736.397: [GC (Allocation Failure) [PSYoungGen: 78672K->1408K(78336K)] 368094K->290830K(561664K), 0.0019442 secs] [Times: user=0.00 sys=0.00, real=0.00 secs] 
1737.461: [GC (Allocation Failure) [PSYoungGen: 78208K->1920K(78336K)] 367630K->291342K(561664K), 0.0023052 secs] [Times: user=0.00 sys=0.00, real=0.00 secs] 
1738.391: [GC (Allocation Failure) [PSYoungGen: 78208K->352K(76288K)] 367630K->290798K(559616K), 0.0025091 secs] [Times: user=0.01 sys=0.01, real=0.00 secs] 
1739.110: [GC (Allocation Failure) [PSYoungGen: 76128K->352K(75776K)] 366574K->290798K(559104K), 0.0024790 secs] [Times: user=0.01 sys=0.00, real=0.01 secs] 
1739.812: [GC (Allocation Failure) [PSYoungGen: 75616K->352K(75264K)] 366062K->290798K(558592K), 0.0032051 secs] [Times: user=0.01 sys=0.00, real=0.00 secs] 
1741.098: [GC (Allocation Failure) [PSYoungGen: 75104K->1440K(76800K)] 365550K->291886K(560128K), 0.0017517 secs] [Times: user=0.01 sys=0.00, real=0.00 secs] 
1742.607: [GC (Allocation Failure) [PSYoungGen: 75680K->1392K(75264K)] 366126K->291846K(558592K), 0.0039614 secs] [Times: user=0.01 sys=0.00, real=0.00 secs] 
1743.457: [GC (Allocation Failure) [PSYoungGen: 75120K->1408K(74752K)] 365574K->291862K(558080K), 0.0029555 secs] [Times: user=0.01 sys=0.00, real=0.00 secs] 
1744.154: [GC (Allocation Failure) [PSYoungGen: 74624K->1408K(74240K)] 365078K->291862K(557568K), 0.0027215 secs] [Times: user=0.01 sys=0.00, real=0.00 secs] 
1745.157: [GC (Allocation Failure) [PSYoungGen: 74112K->1888K(74240K)] 364566K->292342K(557568K), 0.0018794 secs] [Times: user=0.01 sys=0.00, real=0.00 secs] 
1745.952: [GC (Allocation Failure) [PSYoungGen: 74080K->1376K(73216K)] 364534K->291830K(556544K), 0.0017786 secs] [Times: user=0.01 sys=0.00, real=0.00 secs] 
1746.568: [GC (Allocation Failure) [PSYoungGen: 73056K->1408K(72704K)] 363510K->291862K(556032K), 0.0022408 secs] [Times: user=0.01 sys=0.00, real=0.00 secs] 
1747.118: [GC (Allocation Failure) [PSYoungGen: 72576K->1408K(72192K)] 363030K->291862K(555520K), 0.0020084 secs] [Times: user=0.00 sys=0.00, real=0.00 secs] 
1747.973: [GC (Allocation Failure) [PSYoungGen: 72064K->1421K(71680K)] 362518K->291875K(555008K), 0.0015281 secs] [Times: user=0.00 sys=0.00, real=0.00 secs] 
1748.722: [GC (Allocation Failure) [PSYoungGen: 71565K->1376K(71168K)] 362019K->291830K(554496K), 0.0018881 secs] [Times: user=0.01 sys=0.00, real=0.00 secs] 
1749.365: [GC (Allocation Failure) [PSYoungGen: 71008K->1376K(70656K)] 361462K->291830K(553984K), 0.0018327 secs] [Times: user=0.01 sys=0.00, real=0.00 secs] 
1749.736: [GC (Allocation Failure) [PSYoungGen: 70496K->1392K(70144K)] 360950K->291846K(553472K), 0.0019056 secs] [Times: user=0.01 sys=0.00, real=0.00 secs] 
1750.049: [GC (Allocation Failure) [PSYoungGen: 70000K->1408K(69632K)] 360454K->291862K(552960K), 0.0019060 secs] [Times: user=0.01 sys=0.00, real=0.00 secs] 
1751.083: [GC (Allocation Failure) [PSYoungGen: 69504K->1408K(69120K)] 359958K->291862K(552448K), 0.0017684 secs] [Times: user=0.00 sys=0.00, real=0.00 secs] 
1751.374: [GC (Allocation Failure) [PSYoungGen: 68992K->1376K(69120K)] 359446K->291830K(552448K), 0.0017968 secs] [Times: user=0.00 sys=0.00, real=0.00 secs] 
1751.756: [GC (Allocation Failure) [PSYoungGen: 68960K->1424K(69120K)] 359414K->291894K(552448K), 0.0018007 secs] [Times: user=0.00 sys=0.00, real=0.00 secs] 
1752.263: [GC (Allocation Failure) [PSYoungGen: 69008K->1408K(69120K)] 359478K->291878K(552448K), 0.0017032 secs] [Times: user=0.01 sys=0.00, real=0.00 secs] 
1753.249: [GC (Allocation Failure) [PSYoungGen: 68992K->1408K(69120K)] 359462K->291878K(552448K), 0.0017104 secs] [Times: user=0.01 sys=0.00, real=0.00 secs] 
1754.052: [GC (Allocation Failure) [PSYoungGen: 68992K->1408K(69120K)] 359462K->291878K(552448K), 0.0020666 secs] [Times: user=0.00 sys=0.00, real=0.00 secs] 
1754.619: [GC (Allocation Failure) [PSYoungGen: 68992K->1376K(69120K)] 359462K->291846K(552448K), 0.0017705 secs] [Times: user=0.01 sys=0.00, real=0.00 secs] 
1755.282: [GC (Allocation Failure) [PSYoungGen: 68960K->1408K(69120K)] 359430K->291878K(552448K), 0.0023392 secs] [Times: user=0.01 sys=0.00, real=0.00 secs] 
1756.031: [GC (Allocation Failure) [PSYoungGen: 68992K->1357K(69120K)] 359462K->291827K(552448K), 0.0015722 secs] [Times: user=0.00 sys=0.00, real=0.01 secs] 
1756.913: [GC (Allocation Failure) [PSYoungGen: 68941K->1440K(69120K)] 359411K->291910K(552448K), 0.0019608 secs] [Times: user=0.01 sys=0.00, real=0.00 secs] 
1757.565: [GC (Allocation Failure) [PSYoungGen: 69024K->1440K(69120K)] 359494K->291910K(552448K), 0.0019918 secs] [Times: user=0.01 sys=0.00, real=0.00 secs] 
1758.098: [GC (Allocation Failure) [PSYoungGen: 69024K->1408K(69120K)] 359494K->291878K(552448K), 0.0020034 secs] [Times: user=0.01 sys=0.00, real=0.00 secs] 
1758.900: [GC (Allocation Failure) [PSYoungGen: 68992K->1440K(69120K)] 359462K->291910K(552448K), 0.0017903 secs] [Times: user=0.01 sys=0.00, real=0.01 secs] 
1759.867: [GC (Allocation Failure) [PSYoungGen: 69024K->1440K(69120K)] 359494K->291910K(552448K), 0.0019338 secs] [Times: user=0.01 sys=0.00, real=0.00 secs] 
1760.149: [GC (Allocation Failure) [PSYoungGen: 69024K->1360K(69120K)] 359494K->291830K(552448K), 0.0017486 secs] [Times: user=0.00 sys=0.00, real=0.00 secs] 
1760.504: [GC (Allocation Failure) [PSYoungGen: 68944K->1376K(69120K)] 359414K->291862K(552448K), 0.0019769 secs] [Times: user=0.01 sys=0.00, real=0.00 secs] 
1761.126: [GC (Allocation Failure) [PSYoungGen: 68960K->1408K(69120K)] 359446K->291894K(552448K), 0.0023791 secs] [Times: user=0.01 sys=0.01, real=0.00 secs] 
1762.062: [GC (Allocation Failure) [PSYoungGen: 68992K->1456K(69120K)] 359478K->291942K(552448K), 0.0015102 secs] [Times: user=0.01 sys=0.00, real=0.00 secs] 
1762.527: [GC (Allocation Failure) [PSYoungGen: 69040K->1376K(69120K)] 359526K->291862K(552448K), 0.0016589 secs] [Times: user=0.01 sys=0.00, real=0.00 secs] 
1762.807: [GC (Allocation Failure) [PSYoungGen: 68960K->1376K(69120K)] 359446K->291862K(552448K), 0.0018764 secs] [Times: user=0.01 sys=0.00, real=0.00 secs] 
1763.185: [GC (Allocation Failure) [PSYoungGen: 68960K->1376K(69120K)] 359446K->291862K(552448K), 0.0019625 secs] [Times: user=0.01 sys=0.00, real=0.00 secs] 
1763.782: [GC (Allocation Failure) [PSYoungGen: 68960K->1408K(69120K)] 359446K->291894K(552448K), 0.0020708 secs] [Times: user=0.01 sys=0.00, real=0.00 secs] 
1765.009: [GC (Allocation Failure) [PSYoungGen: 68992K->416K(68096K)] 359478K->291926K(551424K), 0.0019905 secs] [Times: user=0.01 sys=0.00, real=0.00 secs] 
1765.976: [GC (Allocation Failure) [PSYoungGen: 68000K->352K(74752K)] 359510K->291862K(558080K), 0.0093059 secs] [Times: user=0.02 sys=0.00, real=0.01 secs] 
1766.812: [GC (Allocation Failure) [PSYoungGen: 73056K->384K(72704K)] 364566K->291894K(556032K), 0.0023687 secs] [Times: user=0.01 sys=0.00, real=0.00 secs] 
1767.390: [GC (Allocation Failure) [PSYoungGen: 72576K->384K(73728K)] 364086K->291894K(557056K), 0.0024298 secs] [Times: user=0.01 sys=0.00, real=0.01 secs] 
1770.702: [GC (Allocation Failure) [PSYoungGen: 72064K->1440K(72704K)] 363574K->292958K(556032K), 0.0044108 secs] [Times: user=0.01 sys=0.00, real=0.00 secs] 
1771.144: [GC (Allocation Failure) [PSYoungGen: 72608K->1424K(72192K)] 364126K->292942K(555520K), 0.0018236 secs] [Times: user=0.01 sys=0.00, real=0.00 secs] 
1771.535: [GC (Allocation Failure) [PSYoungGen: 72080K->1408K(71680K)] 363598K->292926K(555008K), 0.0016492 secs] [Times: user=0.01 sys=0.00, real=0.00 secs] 
1772.099: [GC (Allocation Failure) [PSYoungGen: 71552K->1408K(71168K)] 363070K->292926K(554496K), 0.0021135 secs] [Times: user=0.00 sys=0.00, real=0.01 secs] 
1773.089: [GC (Allocation Failure) [PSYoungGen: 71040K->1472K(70656K)] 362558K->292998K(553984K), 0.0013685 secs] [Times: user=0.01 sys=0.00, real=0.00 secs] 
1773.375: [GC (Allocation Failure) [PSYoungGen: 70592K->1408K(70144K)] 362118K->292934K(553472K), 0.0016543 secs] [Times: user=0.00 sys=0.00, real=0.00 secs] 
1773.661: [GC (Allocation Failure) [PSYoungGen: 70016K->1312K(69632K)] 361542K->292838K(552960K), 0.0015772 secs] [Times: user=0.01 sys=0.00, real=0.01 secs] 
1774.007: [GC (Allocation Failure) [PSYoungGen: 69408K->1376K(74752K)] 360934K->292902K(558080K), 0.0026957 secs] [Times: user=0.01 sys=0.00, real=0.00 secs] 
1774.590: [GC (Allocation Failure) [PSYoungGen: 74592K->1357K(74240K)] 366118K->292883K(557568K), 0.0014653 secs] [Times: user=0.00 sys=0.00, real=0.01 secs] 
1775.070: [GC (Allocation Failure) [PSYoungGen: 74061K->1392K(73728K)] 365587K->292918K(557056K), 0.0019064 secs] [Times: user=0.01 sys=0.00, real=0.01 secs] 
1775.370: [GC (Allocation Failure) [PSYoungGen: 73584K->1376K(73216K)] 365110K->292902K(556544K), 0.0015804 secs] [Times: user=0.00 sys=0.00, real=0.01 secs] 
1775.668: [GC (Allocation Failure) [PSYoungGen: 73056K->1376K(78336K)] 364582K->292902K(561664K), 0.0019584 secs] [Times: user=0.01 sys=0.00, real=0.00 secs] 
1776.320: [GC (Allocation Failure) [PSYoungGen: 78176K->1424K(77824K)] 369702K->292950K(561152K), 0.0018077 secs] [Times: user=0.01 sys=0.00, real=0.01 secs] 
1777.297: [GC (Allocation Failure) [PSYoungGen: 77712K->1440K(77312K)] 369238K->292966K(560640K), 0.0021762 secs] [Times: user=0.01 sys=0.00, real=0.00 secs] 
1777.608: [GC (Allocation Failure) [PSYoungGen: 77216K->1344K(76800K)] 368742K->292870K(560128K), 0.0017193 secs] [Times: user=0.01 sys=0.00, real=0.00 secs] 
1778.254: [GC (Allocation Failure) [PSYoungGen: 76608K->1376K(76288K)] 368134K->292926K(559616K), 0.0018757 secs] [Times: user=0.01 sys=0.00, real=0.00 secs] 
1779.267: [GC (Allocation Failure) [PSYoungGen: 76128K->1341K(75776K)] 367678K->292891K(559104K), 0.0012950 secs] [Times: user=0.01 sys=0.00, real=0.00 secs] 
1779.884: [GC (Allocation Failure) [PSYoungGen: 75581K->1408K(75264K)] 367131K->292958K(558592K), 0.0020404 secs] [Times: user=0.01 sys=0.00, real=0.00 secs] 
1780.190: [GC (Allocation Failure) [PSYoungGen: 75136K->1408K(74752K)] 366686K->292958K(558080K), 0.0018205 secs] [Times: user=0.01 sys=0.00, real=0.01 secs] 
1780.501: [GC (Allocation Failure) [PSYoungGen: 74624K->1344K(74240K)] 366174K->292894K(557568K), 0.0021546 secs] [Times: user=0.01 sys=0.00, real=0.01 secs] 
1781.073: [GC (Allocation Failure) [PSYoungGen: 74048K->1405K(73728K)] 365598K->292955K(557056K), 0.0014849 secs] [Times: user=0.00 sys=0.00, real=0.00 secs] 
1783.282: [GC (Allocation Failure) [PSYoungGen: 73597K->1408K(73216K)] 365147K->292958K(556544K), 0.0032406 secs] [Times: user=0.01 sys=0.00, real=0.00 secs] 
1783.881: [GC (Allocation Failure) [PSYoungGen: 73088K->1408K(72704K)] 364638K->292958K(556032K), 0.0020198 secs] [Times: user=0.01 sys=0.00, real=0.01 secs] 
1784.343: [GC (Allocation Failure) [PSYoungGen: 72576K->1408K(72192K)] 364126K->292958K(555520K), 0.0026528 secs] [Times: user=0.00 sys=0.00, real=0.00 secs] 
1784.874: [GC (Allocation Failure) [PSYoungGen: 72064K->1376K(71680K)] 363614K->292926K(555008K), 0.0023654 secs] [Times: user=0.01 sys=0.00, real=0.00 secs] 
1785.974: [GC (Allocation Failure) [PSYoungGen: 71520K->1440K(71168K)] 363070K->292990K(554496K), 0.0020414 secs] [Times: user=0.01 sys=0.00, real=0.00 secs] 
1786.352: [GC (Allocation Failure) [PSYoungGen: 71072K->1392K(70656K)] 362622K->292942K(553984K), 0.0019466 secs] [Times: user=0.01 sys=0.00, real=0.00 secs] 
1786.639: [GC (Allocation Failure) [PSYoungGen: 70512K->1408K(70144K)] 362062K->292958K(553472K), 0.0018323 secs] [Times: user=0.01 sys=0.00, real=0.00 secs] 
1786.924: [GC (Allocation Failure) [PSYoungGen: 70016K->1376K(69632K)] 361566K->292942K(552960K), 0.0016602 secs] [Times: user=0.00 sys=0.00, real=0.00 secs] 
1787.745: [GC (Allocation Failure) [PSYoungGen: 69472K->1440K(69120K)] 361038K->293006K(552448K), 0.0016852 secs] [Times: user=0.01 sys=0.00, real=0.00 secs] 
1788.350: [GC (Allocation Failure) [PSYoungGen: 69024K->1408K(69120K)] 360590K->292974K(552448K), 0.0026486 secs] [Times: user=0.01 sys=0.00, real=0.01 secs] 
1788.906: [GC (Allocation Failure) [PSYoungGen: 68992K->1408K(69120K)] 360558K->292974K(552448K), 0.0026143 secs] [Times: user=0.01 sys=0.00, real=0.00 secs] 
1789.186: [GC (Allocation Failure) [PSYoungGen: 68992K->1376K(69120K)] 360558K->292942K(552448K), 0.0016535 secs] [Times: user=0.00 sys=0.00, real=0.00 secs] 
1789.996: [GC (Allocation Failure) [PSYoungGen: 68960K->1472K(69120K)] 360526K->293038K(552448K), 0.0017253 secs] [Times: user=0.01 sys=0.00, real=0.00 secs] 
1790.673: [GC (Allocation Failure) [PSYoungGen: 69056K->1424K(69120K)] 360622K->292998K(552448K), 0.0020429 secs] [Times: user=0.01 sys=0.00, real=0.00 secs] 
1791.383: [GC (Allocation Failure) [PSYoungGen: 69008K->1344K(69120K)] 360582K->292918K(552448K), 0.0022868 secs] [Times: user=0.01 sys=0.00, real=0.00 secs] 
1791.839: [GC (Allocation Failure) [PSYoungGen: 68928K->1376K(69120K)] 360502K->292950K(552448K), 0.0020851 secs] [Times: user=0.01 sys=0.00, real=0.00 secs] 
1792.388: [GC (Allocation Failure) [PSYoungGen: 68960K->1408K(69120K)] 360534K->292982K(552448K), 0.0022247 secs] [Times: user=0.01 sys=0.00, real=0.00 secs] 
1793.191: [GC (Allocation Failure) [PSYoungGen: 68992K->384K(68096K)] 360566K->292982K(551424K), 0.0017511 secs] [Times: user=0.01 sys=0.00, real=0.01 secs] 
1793.472: [GC (Allocation Failure) [PSYoungGen: 67968K->320K(69632K)] 360566K->292918K(552960K), 0.0016278 secs] [Times: user=0.01 sys=0.00, real=0.00 secs] 
1793.825: [GC (Allocation Failure) [PSYoungGen: 67904K->352K(68096K)] 360502K->292950K(551424K), 0.0017277 secs] [Times: user=0.01 sys=0.00, real=0.00 secs] 
1794.416: [GC (Allocation Failure) [PSYoungGen: 67936K->320K(69632K)] 360534K->292918K(552960K), 0.0016574 secs] [Times: user=0.00 sys=0.00, real=0.00 secs] 
1795.452: [GC (Allocation Failure) [PSYoungGen: 67904K->1408K(69120K)] 360502K->294006K(552448K), 0.0018675 secs] [Times: user=0.00 sys=0.00, real=0.00 secs] 
1796.670: [GC (Allocation Failure) [PSYoungGen: 68992K->1360K(69120K)] 361590K->293958K(552448K), 0.0020435 secs] [Times: user=0.01 sys=0.00, real=0.01 secs] 
1797.222: [GC (Allocation Failure) [PSYoungGen: 68944K->1376K(69120K)] 361542K->293974K(552448K), 0.0020671 secs] [Times: user=0.00 sys=0.00, real=0.00 secs] 
1797.754: [GC (Allocation Failure) [PSYoungGen: 68960K->1440K(69120K)] 361558K->294038K(552448K), 0.0021905 secs] [Times: user=0.01 sys=0.00, real=0.00 secs] 
1798.434: [GC (Allocation Failure) [PSYoungGen: 69024K->1389K(69120K)] 361622K->293987K(552448K), 0.0014454 secs] [Times: user=0.01 sys=0.00, real=0.00 secs] 
1799.385: [GC (Allocation Failure) [PSYoungGen: 68973K->1408K(69120K)] 361571K->294006K(552448K), 0.0021212 secs] [Times: user=0.01 sys=0.01, real=0.00 secs] 
1800.039: [GC (Allocation Failure) [PSYoungGen: 68992K->1376K(69120K)] 361590K->293974K(552448K), 0.0043251 secs] [Times: user=0.02 sys=0.00, real=0.01 secs] 
1800.348: [GC (Allocation Failure) [PSYoungGen: 68960K->1424K(69120K)] 361558K->294030K(552448K), 0.0018494 secs] [Times: user=0.01 sys=0.00, real=0.00 secs] 
1800.732: [GC (Allocation Failure) [PSYoungGen: 69008K->1408K(69120K)] 361614K->294014K(552448K), 0.0016531 secs] [Times: user=0.01 sys=0.00, real=0.00 secs] 
1801.753: [GC (Allocation Failure) [PSYoungGen: 68992K->1472K(69120K)] 361598K->294078K(552448K), 0.0020136 secs] [Times: user=0.01 sys=0.00, real=0.00 secs] 
1802.335: [GC (Allocation Failure) [PSYoungGen: 69056K->1392K(69120K)] 361662K->293998K(552448K), 0.0018929 secs] [Times: user=0.01 sys=0.00, real=0.00 secs] 
1802.820: [GC (Allocation Failure) [PSYoungGen: 68976K->1376K(69120K)] 361582K->293982K(552448K), 0.0019739 secs] [Times: user=0.01 sys=0.00, real=0.01 secs] 
1803.101: [GC (Allocation Failure) [PSYoungGen: 68960K->1344K(69120K)] 361566K->293950K(552448K), 0.0017907 secs] [Times: user=0.00 sys=0.00, real=0.01 secs] 
1804.052: [GC (Allocation Failure) [PSYoungGen: 68928K->160K(68096K)] 361534K->292766K(551424K), 0.0015483 secs] [Times: user=0.01 sys=0.00, real=0.00 secs] 
1804.728: [GC (Allocation Failure) [PSYoungGen: 67744K->1392K(69120K)] 360350K->293998K(552448K), 0.0019290 secs] [Times: user=0.01 sys=0.00, real=0.00 secs] 
1805.303: [GC (Allocation Failure) [PSYoungGen: 68976K->1408K(69120K)] 361582K->294014K(552448K), 0.0022677 secs] [Times: user=0.01 sys=0.00, real=0.00 secs] 
1806.033: [GC (Allocation Failure) [PSYoungGen: 68992K->1408K(69120K)] 361598K->294014K(552448K), 0.0029589 secs] [Times: user=0.02 sys=0.00, real=0.00 secs] 
1806.818: [GC (Allocation Failure) [PSYoungGen: 68992K->1376K(69120K)] 361598K->293982K(552448K), 0.0032490 secs] [Times: user=0.01 sys=0.00, real=0.00 secs] 
1807.941: [GC (Allocation Failure) [PSYoungGen: 68960K->1408K(69120K)] 361566K->294014K(552448K), 0.0018925 secs] [Times: user=0.01 sys=0.00, real=0.01 secs] 
1808.437: [GC (Allocation Failure) [PSYoungGen: 68992K->1376K(69120K)] 361598K->293982K(552448K), 0.0030532 secs] [Times: user=0.01 sys=0.00, real=0.00 secs] 
1808.772: [GC (Allocation Failure) [PSYoungGen: 68960K->1376K(69120K)] 361566K->293982K(552448K), 0.0018503 secs] [Times: user=0.00 sys=0.00, real=0.00 secs] 
1809.052: [GC (Allocation Failure) [PSYoungGen: 68960K->1392K(69120K)] 361566K->293998K(552448K), 0.0019710 secs] [Times: user=0.00 sys=0.00, real=0.00 secs] 
1810.521: [GC (Allocation Failure) [PSYoungGen: 68976K->1408K(69120K)] 361582K->294022K(552448K), 0.0039767 secs] [Times: user=0.02 sys=0.00, real=0.00 secs] 
1811.159: [GC (Allocation Failure) [PSYoungGen: 68992K->1376K(69120K)] 361606K->293998K(552448K), 0.0026763 secs] [Times: user=0.01 sys=0.00, real=0.01 secs] 
1811.903: [GC (Allocation Failure) [PSYoungGen: 68960K->1408K(69120K)] 361582K->294038K(552448K), 0.0025455 secs] [Times: user=0.00 sys=0.01, real=0.00 secs] 
1812.653: [GC (Allocation Failure) [PSYoungGen: 68992K->1376K(69120K)] 361622K->294006K(552448K), 0.0042942 secs] [Times: user=0.01 sys=0.00, real=0.00 secs] 
1813.511: [GC (Allocation Failure) [PSYoungGen: 68960K->1360K(69120K)] 361590K->293990K(552448K), 0.0020491 secs] [Times: user=0.01 sys=0.00, real=0.01 secs] 
1814.619: [GC (Allocation Failure) [PSYoungGen: 68944K->1440K(69120K)] 361574K->294070K(552448K), 0.0018564 secs] [Times: user=0.01 sys=0.00, real=0.00 secs] 
1815.224: [GC (Allocation Failure) [PSYoungGen: 69024K->1376K(69120K)] 361654K->294006K(552448K), 0.0019600 secs] [Times: user=0.01 sys=0.00, real=0.00 secs] 
1815.806: [GC (Allocation Failure) [PSYoungGen: 68960K->1376K(69120K)] 361590K->294006K(552448K), 0.0027678 secs] [Times: user=0.01 sys=0.00, real=0.00 secs] 
1816.430: [GC (Allocation Failure) [PSYoungGen: 68960K->1376K(69120K)] 361590K->294006K(552448K), 0.0026457 secs] [Times: user=0.01 sys=0.00, real=0.01 secs] 
1817.321: [GC (Allocation Failure) [PSYoungGen: 68960K->1408K(69120K)] 361590K->294038K(552448K), 0.0017271 secs] [Times: user=0.01 sys=0.00, real=0.01 secs] 
1817.910: [GC (Allocation Failure) [PSYoungGen: 68992K->1408K(69120K)] 361622K->294038K(552448K), 0.0020146 secs] [Times: user=0.01 sys=0.00, real=0.01 secs] 
1818.487: [GC (Allocation Failure) [PSYoungGen: 68992K->1408K(69120K)] 361622K->294046K(552448K), 0.0019716 secs] [Times: user=0.01 sys=0.00, real=0.00 secs] 
1819.038: [GC (Allocation Failure) [PSYoungGen: 68992K->1360K(69120K)] 361630K->293998K(552448K), 0.0018095 secs] [Times: user=0.01 sys=0.00, real=0.00 secs] 
1819.990: [GC (Allocation Failure) [PSYoungGen: 68944K->1421K(69120K)] 361582K->294059K(552448K), 0.0015213 secs] [Times: user=0.00 sys=0.00, real=0.01 secs] 
1820.902: [GC (Allocation Failure) [PSYoungGen: 69005K->1408K(69120K)] 361643K->294054K(552448K), 0.0021837 secs] [Times: user=0.00 sys=0.00, real=0.00 secs] 
1821.816: [GC (Allocation Failure) [PSYoungGen: 68992K->1392K(69120K)] 361638K->294046K(552448K), 0.0026502 secs] [Times: user=0.01 sys=0.00, real=0.00 secs] 
1822.819: [GC (Allocation Failure) [PSYoungGen: 68976K->1376K(69120K)] 361630K->294030K(552448K), 0.0044143 secs] [Times: user=0.01 sys=0.00, real=0.01 secs] 
1823.805: [GC (Allocation Failure) [PSYoungGen: 68960K->1376K(69120K)] 361614K->294030K(552448K), 0.0027722 secs] [Times: user=0.01 sys=0.00, real=0.00 secs] 
1825.163: [GC (Allocation Failure) [PSYoungGen: 68960K->1408K(69120K)] 361614K->294062K(552448K), 0.0020798 secs] [Times: user=0.01 sys=0.00, real=0.00 secs] 
1826.361: [GC (Allocation Failure) [PSYoungGen: 68992K->1344K(69120K)] 361646K->293998K(552448K), 0.0020377 secs] [Times: user=0.01 sys=0.00, real=0.01 secs] 
1827.170: [GC (Allocation Failure) [PSYoungGen: 68928K->352K(68096K)] 361582K->294030K(551424K), 0.0020741 secs] [Times: user=0.01 sys=0.00, real=0.01 secs] 
1827.800: [GC (Allocation Failure) [PSYoungGen: 67936K->352K(69632K)] 361614K->294030K(552960K), 0.0016956 secs] [Times: user=0.01 sys=0.00, real=0.01 secs] 
1828.752: [GC (Allocation Failure) [PSYoungGen: 67936K->1392K(69120K)] 361614K->295078K(552448K), 0.0018175 secs] [Times: user=0.01 sys=0.01, real=0.00 secs] 
1829.545: [GC (Allocation Failure) [PSYoungGen: 68976K->1344K(69120K)] 362662K->295030K(552448K), 0.0016728 secs] [Times: user=0.00 sys=0.00, real=0.00 secs] 
1830.365: [GC (Allocation Failure) [PSYoungGen: 68928K->1424K(69120K)] 362614K->295110K(552448K), 0.0016860 secs] [Times: user=0.00 sys=0.00, real=0.00 secs] 
1831.124: [GC (Allocation Failure) [PSYoungGen: 69008K->1408K(69120K)] 362694K->295094K(552448K), 0.0017149 secs] [Times: user=0.01 sys=0.00, real=0.00 secs] 
1831.712: [GC (Allocation Failure) [PSYoungGen: 68992K->1424K(69120K)] 362678K->295110K(552448K), 0.0016831 secs] [Times: user=0.01 sys=0.00, real=0.00 secs] 
1833.730: [GC (Allocation Failure) [PSYoungGen: 69008K->1408K(69120K)] 362694K->295094K(552448K), 0.0039341 secs] [Times: user=0.02 sys=0.00, real=0.01 secs] 
1834.949: [GC (Allocation Failure) [PSYoungGen: 68992K->1392K(69120K)] 362678K->295078K(552448K), 0.0027375 secs] [Times: user=0.01 sys=0.00, real=0.01 secs] 
1835.486: [GC (Allocation Failure) [PSYoungGen: 68976K->1408K(69120K)] 362662K->295102K(552448K), 0.0026147 secs] [Times: user=0.01 sys=0.00, real=0.00 secs] 
1836.026: [GC (Allocation Failure) [PSYoungGen: 68992K->1408K(69120K)] 362686K->295102K(552448K), 0.0021556 secs] [Times: user=0.01 sys=0.00, real=0.00 secs] 
1837.154: [GC (Allocation Failure) [PSYoungGen: 68992K->1424K(69120K)] 362686K->295118K(552448K), 0.0023171 secs] [Times: user=0.01 sys=0.00, real=0.00 secs] 
1837.905: [GC (Allocation Failure) [PSYoungGen: 69008K->1440K(69120K)] 362702K->295134K(552448K), 0.0024076 secs] [Times: user=0.01 sys=0.00, real=0.00 secs] 
1838.485: [GC (Allocation Failure) [PSYoungGen: 69024K->1440K(69120K)] 362718K->295134K(552448K), 0.0026824 secs] [Times: user=0.01 sys=0.00, real=0.00 secs] 
1839.077: [GC (Allocation Failure) [PSYoungGen: 69024K->1408K(69120K)] 362718K->295102K(552448K), 0.0023839 secs] [Times: user=0.01 sys=0.00, real=0.00 secs] 
1840.026: [GC (Allocation Failure) [PSYoungGen: 68992K->1453K(69120K)] 362686K->295147K(552448K), 0.0016195 secs] [Times: user=0.01 sys=0.00, real=0.00 secs] 
1841.049: [GC (Allocation Failure) [PSYoungGen: 69037K->1408K(69120K)] 362731K->295102K(552448K), 0.0029716 secs] [Times: user=0.01 sys=0.00, real=0.01 secs] 
1841.491: [GC (Allocation Failure) [PSYoungGen: 68992K->1408K(69120K)] 362686K->295110K(552448K), 0.0026683 secs] [Times: user=0.01 sys=0.00, real=0.01 secs] 
1841.968: [GC (Allocation Failure) [PSYoungGen: 68992K->1392K(69120K)] 362694K->295094K(552448K), 0.0025813 secs] [Times: user=0.01 sys=0.00, real=0.00 secs] 
1842.467: [GC (Allocation Failure) [PSYoungGen: 68976K->1376K(69120K)] 362678K->295094K(552448K), 0.0021867 secs] [Times: user=0.01 sys=0.00, real=0.00 secs] 
1843.425: [GC (Allocation Failure) [PSYoungGen: 68960K->1408K(69120K)] 362678K->295126K(552448K), 0.0016914 secs] [Times: user=0.01 sys=0.00, real=0.00 secs] 
1844.058: [GC (Allocation Failure) [PSYoungGen: 68992K->1408K(69120K)] 362710K->295126K(552448K), 0.0038891 secs] [Times: user=0.01 sys=0.00, real=0.01 secs] 
1844.826: [GC (Allocation Failure) [PSYoungGen: 68992K->1376K(69120K)] 362710K->295094K(552448K), 0.0041801 secs] [Times: user=0.02 sys=0.00, real=0.00 secs] 
1845.856: [GC (Allocation Failure) [PSYoungGen: 68960K->1376K(69120K)] 362678K->295094K(552448K), 0.0037166 secs] [Times: user=0.01 sys=0.00, real=0.00 secs] 
1847.196: [GC (Allocation Failure) [PSYoungGen: 68960K->896K(68608K)] 362678K->295638K(551936K), 0.0018412 secs] [Times: user=0.01 sys=0.00, real=0.00 secs] 
1847.895: [GC (Allocation Failure) [PSYoungGen: 68480K->368K(68096K)] 363222K->295110K(551424K), 0.0022134 secs] [Times: user=0.01 sys=0.00, real=0.00 secs] 
1849.103: [GC (Allocation Failure) [PSYoungGen: 67952K->352K(68096K)] 362694K->295094K(551424K), 0.0033221 secs] [Times: user=0.01 sys=0.00, real=0.00 secs] 
1850.059: [GC (Allocation Failure) [PSYoungGen: 67936K->384K(69632K)] 362678K->295126K(552960K), 0.0035872 secs] [Times: user=0.01 sys=0.00, real=0.01 secs] 
1850.954: [GC (Allocation Failure) [PSYoungGen: 67968K->368K(68096K)] 362710K->295110K(551424K), 0.0042515 secs] [Times: user=0.01 sys=0.00, real=0.00 secs] 
1852.093: [GC (Allocation Failure) [PSYoungGen: 67952K->1440K(69632K)] 362694K->296182K(552960K), 0.0023617 secs] [Times: user=0.01 sys=0.00, real=0.00 secs] 
1852.734: [GC (Allocation Failure) [PSYoungGen: 69024K->1392K(69120K)] 363766K->296134K(552448K), 0.0026582 secs] [Times: user=0.01 sys=0.00, real=0.00 secs] 
1853.346: [GC (Allocation Failure) [PSYoungGen: 68976K->1376K(69120K)] 363718K->296126K(552448K), 0.0023368 secs] [Times: user=0.01 sys=0.00, real=0.00 secs] 
1854.043: [GC (Allocation Failure) [PSYoungGen: 68960K->1424K(69120K)] 363710K->296174K(552448K), 0.0024559 secs] [Times: user=0.01 sys=0.00, real=0.00 secs] 
1855.007: [GC (Allocation Failure) [PSYoungGen: 69008K->1408K(69120K)] 363758K->296158K(552448K), 0.0017884 secs] [Times: user=0.01 sys=0.00, real=0.00 secs] 
1855.287: [GC (Allocation Failure) [PSYoungGen: 68992K->1408K(69120K)] 363742K->296158K(552448K), 0.0018661 secs] [Times: user=0.01 sys=0.00, real=0.00 secs] 
1855.809: [GC (Allocation Failure) [PSYoungGen: 68992K->1408K(69120K)] 363742K->296158K(552448K), 0.0019042 secs] [Times: user=0.00 sys=0.00, real=0.00 secs] 
1856.466: [GC (Allocation Failure) [PSYoungGen: 68992K->1408K(69120K)] 363742K->296158K(552448K), 0.0040307 secs] [Times: user=0.01 sys=0.00, real=0.00 secs] 
1857.464: [GC (Allocation Failure) [PSYoungGen: 68992K->1421K(69120K)] 363742K->296171K(552448K), 0.0014389 secs] [Times: user=0.00 sys=0.00, real=0.00 secs] 
1857.964: [GC (Allocation Failure) [PSYoungGen: 69005K->1440K(69120K)] 363755K->296190K(552448K), 0.0017992 secs] [Times: user=0.01 sys=0.00, real=0.00 secs] 
1858.307: [GC (Allocation Failure) [PSYoungGen: 69024K->1376K(69120K)] 363774K->296126K(552448K), 0.0019263 secs] [Times: user=0.01 sys=0.00, real=0.00 secs] 
1858.619: [GC (Allocation Failure) [PSYoungGen: 68960K->1344K(69120K)] 363710K->296094K(552448K), 0.0016806 secs] [Times: user=0.01 sys=0.00, real=0.00 secs] 
1858.905: [GC (Allocation Failure) [PSYoungGen: 68928K->1360K(69120K)] 363678K->296110K(552448K), 0.0020094 secs] [Times: user=0.01 sys=0.00, real=0.00 secs] 
1860.566: [GC (Allocation Failure) [PSYoungGen: 68944K->1440K(69120K)] 363694K->296190K(552448K), 0.0039196 secs] [Times: user=0.01 sys=0.00, real=0.00 secs] 
1861.303: [GC (Allocation Failure) [PSYoungGen: 69024K->1408K(69120K)] 363774K->296166K(552448K), 0.0041468 secs] [Times: user=0.01 sys=0.00, real=0.00 secs] 
1862.079: [GC (Allocation Failure) [PSYoungGen: 68992K->1392K(69120K)] 363750K->296150K(552448K), 0.0039862 secs] [Times: user=0.01 sys=0.00, real=0.01 secs] 
1862.831: [GC (Allocation Failure) [PSYoungGen: 68976K->1408K(69120K)] 363734K->296166K(552448K), 0.0039714 secs] [Times: user=0.01 sys=0.00, real=0.01 secs] 
1864.066: [GC (Allocation Failure) [PSYoungGen: 68992K->1424K(69120K)] 363750K->296694K(552448K), 0.0017532 secs] [Times: user=0.01 sys=0.00, real=0.00 secs] 
1864.747: [GC (Allocation Failure) [PSYoungGen: 69008K->1408K(69120K)] 364278K->296678K(552448K), 0.0018382 secs] [Times: user=0.01 sys=0.00, real=0.00 secs] 
1865.549: [GC (Allocation Failure) [PSYoungGen: 68992K->1408K(69120K)] 364262K->296678K(552448K), 0.0017794 secs] [Times: user=0.00 sys=0.00, real=0.00 secs] 
1866.216: [GC (Allocation Failure) [PSYoungGen: 68992K->1376K(69120K)] 364262K->296646K(552448K), 0.0020901 secs] [Times: user=0.01 sys=0.00, real=0.00 secs] 
1867.341: [GC (Allocation Failure) [PSYoungGen: 68960K->1408K(69120K)] 364230K->296678K(552448K), 0.0032368 secs] [Times: user=0.02 sys=0.00, real=0.01 secs] 
1868.835: [GC (Allocation Failure) [PSYoungGen: 68992K->1408K(69120K)] 364262K->296678K(552448K), 0.0020201 secs] [Times: user=0.01 sys=0.00, real=0.00 secs] 
1869.817: [GC (Allocation Failure) [PSYoungGen: 68992K->1344K(69120K)] 364262K->296614K(552448K), 0.0030723 secs] [Times: user=0.01 sys=0.00, real=0.00 secs] 
1870.523: [GC (Allocation Failure) [PSYoungGen: 68928K->1376K(69120K)] 364198K->296646K(552448K), 0.0023891 secs] [Times: user=0.01 sys=0.01, real=0.00 secs] 
1870.805: [GC (Allocation Failure) [PSYoungGen: 68960K->1376K(69120K)] 364230K->296646K(552448K), 0.0018729 secs] [Times: user=0.01 sys=0.00, real=0.00 secs] 
1871.853: [GC (Allocation Failure) [PSYoungGen: 68960K->1376K(69120K)] 364230K->296646K(552448K), 0.0019857 secs] [Times: user=0.00 sys=0.00, real=0.00 secs] 
1872.475: [GC (Allocation Failure) [PSYoungGen: 68960K->1376K(69120K)] 364230K->296646K(552448K), 0.0024015 secs] [Times: user=0.01 sys=0.00, real=0.00 secs] 
1872.968: [GC (Allocation Failure) [PSYoungGen: 68960K->1408K(69120K)] 364230K->296686K(552448K), 0.0022020 secs] [Times: user=0.01 sys=0.00, real=0.00 secs] 
1873.276: [GC (Allocation Failure) [PSYoungGen: 68992K->1376K(69120K)] 364270K->296654K(552448K), 0.0017547 secs] [Times: user=0.01 sys=0.00, real=0.00 secs] 
1873.998: [GC (Allocation Failure) [PSYoungGen: 68960K->1405K(69120K)] 364238K->296683K(552448K), 0.0016444 secs] [Times: user=0.01 sys=0.00, real=0.00 secs] 
1875.177: [GC (Allocation Failure) [PSYoungGen: 68989K->1440K(69120K)] 364267K->296718K(552448K), 0.0021982 secs] [Times: user=0.01 sys=0.00, real=0.00 secs] 
1875.490: [GC (Allocation Failure) [PSYoungGen: 69024K->1376K(69120K)] 364302K->296654K(552448K), 0.0019664 secs] [Times: user=0.00 sys=0.00, real=0.01 secs] 
1875.771: [GC (Allocation Failure) [PSYoungGen: 68960K->1408K(69120K)] 364238K->296686K(552448K), 0.0017608 secs] [Times: user=0.01 sys=0.00, real=0.01 secs] 
1876.230: [GC (Allocation Failure) [PSYoungGen: 68992K->1408K(69120K)] 364270K->296686K(552448K), 0.0025807 secs] [Times: user=0.01 sys=0.00, real=0.01 secs] 
1877.286: [GC (Allocation Failure) [PSYoungGen: 68992K->384K(68096K)] 364270K->296686K(551424K), 0.0022623 secs] [Times: user=0.01 sys=0.00, real=0.00 secs] 
1877.926: [GC (Allocation Failure) [PSYoungGen: 67968K->352K(69632K)] 364270K->296654K(552960K), 0.0022387 secs] [Times: user=0.01 sys=0.00, real=0.00 secs] 
1878.593: [GC (Allocation Failure) [PSYoungGen: 67936K->352K(69632K)] 364238K->296654K(552960K), 0.0024857 secs] [Times: user=0.01 sys=0.00, real=0.00 secs] 
1879.301: [GC (Allocation Failure) [PSYoungGen: 67936K->352K(69632K)] 364238K->296654K(552960K), 0.0023082 secs] [Times: user=0.01 sys=0.00, real=0.00 secs] 
1880.456: [GC (Allocation Failure) [PSYoungGen: 67936K->1536K(69632K)] 364238K->297846K(552960K), 0.0016605 secs] [Times: user=0.00 sys=0.00, real=0.00 secs] 
1882.214: [GC (Allocation Failure) [PSYoungGen: 69120K->1376K(69632K)] 365430K->297686K(552960K), 0.0040628 secs] [Times: user=0.02 sys=0.00, real=0.00 secs] 
1883.166: [GC (Allocation Failure) [PSYoungGen: 68960K->1408K(69120K)] 365270K->297718K(552448K), 0.0031192 secs] [Times: user=0.02 sys=0.00, real=0.00 secs] 
1883.576: [GC (Allocation Failure) [PSYoungGen: 68480K->1440K(69632K)] 364790K->297750K(552960K), 0.0017965 secs] [Times: user=0.01 sys=0.00, real=0.00 secs] 
1883.881: [GC (Allocation Failure) [PSYoungGen: 68512K->1376K(69632K)] 364822K->297686K(552960K), 0.0015884 secs] [Times: user=0.01 sys=0.00, real=0.01 secs] 
1884.745: [GC (Allocation Failure) [PSYoungGen: 68448K->1424K(69632K)] 364758K->297734K(552960K), 0.0016866 secs] [Times: user=0.00 sys=0.00, real=0.00 secs] 
1885.024: [GC (Allocation Failure) [PSYoungGen: 68496K->1376K(68608K)] 364806K->297686K(551936K), 0.0016870 secs] [Times: user=0.01 sys=0.00, real=0.00 secs] 
1885.302: [GC (Allocation Failure) [PSYoungGen: 68448K->1408K(69120K)] 364758K->297718K(552448K), 0.0020207 secs] [Times: user=0.01 sys=0.00, real=0.00 secs] 
1885.582: [GC (Allocation Failure) [PSYoungGen: 68480K->1376K(69120K)] 364790K->297686K(552448K), 0.0020342 secs] [Times: user=0.01 sys=0.00, real=0.00 secs] 
1886.363: [GC (Allocation Failure) [PSYoungGen: 68448K->1440K(69120K)] 364758K->297750K(552448K), 0.0017025 secs] [Times: user=0.01 sys=0.00, real=0.00 secs] 
1886.642: [GC (Allocation Failure) [PSYoungGen: 68512K->1344K(69120K)] 364822K->297654K(552448K), 0.0016441 secs] [Times: user=0.01 sys=0.00, real=0.00 secs] 
1886.946: [GC (Allocation Failure) [PSYoungGen: 68416K->1376K(69120K)] 364726K->297686K(552448K), 0.0016004 secs] [Times: user=0.01 sys=0.00, real=0.00 secs] 
1887.224: [GC (Allocation Failure) [PSYoungGen: 68448K->1392K(69120K)] 364758K->297702K(552448K), 0.0017257 secs] [Times: user=0.01 sys=0.00, real=0.00 secs] 
1887.608: [GC (Allocation Failure) [PSYoungGen: 68464K->1360K(69120K)] 364774K->297670K(552448K), 0.0023941 secs] [Times: user=0.01 sys=0.00, real=0.00 secs] 
1889.358: [GC (Allocation Failure) [PSYoungGen: 68432K->1376K(68608K)] 364742K->297686K(551936K), 0.0038277 secs] [Times: user=0.02 sys=0.00, real=0.01 secs] 
1890.247: [GC (Allocation Failure) [PSYoungGen: 68448K->1376K(68608K)] 364758K->297694K(551936K), 0.0032678 secs] [Times: user=0.01 sys=0.00, real=0.00 secs] 
1890.971: [GC (Allocation Failure) [PSYoungGen: 68448K->1344K(68608K)] 364766K->297662K(551936K), 0.0029395 secs] [Times: user=0.01 sys=0.00, real=0.01 secs] 
1891.632: [GC (Allocation Failure) [PSYoungGen: 68416K->1376K(68608K)] 364734K->297694K(551936K), 0.0031389 secs] [Times: user=0.00 sys=0.00, real=0.00 secs] 
1892.815: [GC (Allocation Failure) [PSYoungGen: 68448K->1408K(68608K)] 364766K->297726K(551936K), 0.0020356 secs] [Times: user=0.01 sys=0.00, real=0.00 secs] 
1893.639: [GC (Allocation Failure) [PSYoungGen: 68480K->1392K(68608K)] 364798K->297710K(551936K), 0.0039398 secs] [Times: user=0.02 sys=0.00, real=0.01 secs] 
1894.321: [GC (Allocation Failure) [PSYoungGen: 68464K->1376K(68608K)] 364782K->297694K(551936K), 0.0028942 secs] [Times: user=0.01 sys=0.00, real=0.01 secs] 
1894.792: [GC (Allocation Failure) [PSYoungGen: 68448K->1376K(68608K)] 364766K->297694K(551936K), 0.0021958 secs] [Times: user=0.01 sys=0.00, real=0.00 secs] 
1895.325: [GC (Allocation Failure) [PSYoungGen: 68448K->1405K(68608K)] 364766K->297723K(551936K), 0.0014885 secs] [Times: user=0.01 sys=0.00, real=0.00 secs] 
1896.649: [GC (Allocation Failure) [PSYoungGen: 68477K->1376K(68608K)] 364795K->297694K(551936K), 0.0026256 secs] [Times: user=0.00 sys=0.00, real=0.01 secs] 
1897.358: [GC (Allocation Failure) [PSYoungGen: 68448K->1408K(69120K)] 364766K->297726K(552448K), 0.0028054 secs] [Times: user=0.01 sys=0.00, real=0.00 secs] 
1898.099: [GC (Allocation Failure) [PSYoungGen: 68480K->1376K(69120K)] 364798K->297694K(552448K), 0.0044426 secs] [Times: user=0.02 sys=0.00, real=0.01 secs] 
1898.783: [GC (Allocation Failure) [PSYoungGen: 68448K->1408K(69120K)] 364766K->297726K(552448K), 0.0024266 secs] [Times: user=0.01 sys=0.01, real=0.00 secs] 
1899.877: [GC (Allocation Failure) [PSYoungGen: 68480K->1440K(69120K)] 364798K->297758K(552448K), 0.0017378 secs] [Times: user=0.01 sys=0.00, real=0.00 secs] 
1900.447: [GC (Allocation Failure) [PSYoungGen: 68512K->1376K(69120K)] 364830K->297702K(552448K), 0.0025337 secs] [Times: user=0.01 sys=0.00, real=0.00 secs] 
1900.888: [GC (Allocation Failure) [PSYoungGen: 68448K->1440K(69120K)] 364774K->297766K(552448K), 0.0024549 secs] [Times: user=0.01 sys=0.00, real=0.00 secs] 
1901.311: [GC (Allocation Failure) [PSYoungGen: 68512K->1408K(69120K)] 364838K->297734K(552448K), 0.0023072 secs] [Times: user=0.01 sys=0.00, real=0.01 secs] 
1903.380: [GC (Allocation Failure) [PSYoungGen: 68480K->1376K(69120K)] 364806K->297710K(552448K), 0.0014777 secs] [Times: user=0.01 sys=0.00, real=0.01 secs] 
1904.985: [GC (Allocation Failure) [PSYoungGen: 68448K->1408K(69120K)] 364782K->297742K(552448K), 0.0020483 secs] [Times: user=0.01 sys=0.00, real=0.00 secs] 
1905.605: [GC (Allocation Failure) [PSYoungGen: 68480K->1424K(69120K)] 364814K->297758K(552448K), 0.0041753 secs] [Times: user=0.01 sys=0.01, real=0.00 secs] 
1906.398: [GC (Allocation Failure) [PSYoungGen: 68496K->1360K(68608K)] 364830K->297694K(551936K), 0.0031347 secs] [Times: user=0.01 sys=0.00, real=0.00 secs] 
1907.117: [GC (Allocation Failure) [PSYoungGen: 68432K->1376K(68608K)] 364766K->297710K(551936K), 0.0027852 secs] [Times: user=0.01 sys=0.00, real=0.00 secs] 
1908.264: [GC (Allocation Failure) [PSYoungGen: 68448K->416K(68096K)] 364782K->297774K(551424K), 0.0019734 secs] [Times: user=0.01 sys=0.00, real=0.00 secs] 
1908.563: [GC (Allocation Failure) [PSYoungGen: 67488K->352K(69120K)] 364846K->297710K(552448K), 0.0022902 secs] [Times: user=0.00 sys=0.00, real=0.00 secs] 
1908.843: [GC (Allocation Failure) [PSYoungGen: 67424K->352K(69120K)] 364782K->297710K(552448K), 0.0022316 secs] [Times: user=0.00 sys=0.00, real=0.00 secs] 
1909.465: [GC (Allocation Failure) [PSYoungGen: 67424K->352K(69120K)] 364782K->297710K(552448K), 0.0023952 secs] [Times: user=0.01 sys=0.00, real=0.00 secs] 
1910.547: [GC (Allocation Failure) [PSYoungGen: 67424K->1408K(69120K)] 364782K->298766K(552448K), 0.0019405 secs] [Times: user=0.01 sys=0.00, real=0.00 secs] 
1911.179: [GC (Allocation Failure) [PSYoungGen: 68480K->1408K(69120K)] 365838K->298766K(552448K), 0.0019327 secs] [Times: user=0.01 sys=0.00, real=0.00 secs] 
1911.916: [GC (Allocation Failure) [PSYoungGen: 68480K->1376K(69120K)] 365838K->298734K(552448K), 0.0021333 secs] [Times: user=0.00 sys=0.00, real=0.00 secs] 
1912.828: [GC (Allocation Failure) [PSYoungGen: 68448K->1376K(69120K)] 365806K->298742K(552448K), 0.0018031 secs] [Times: user=0.01 sys=0.00, real=0.00 secs] 
1913.867: [GC (Allocation Failure) [PSYoungGen: 68448K->1392K(69120K)] 365814K->298758K(552448K), 0.0017951 secs] [Times: user=0.01 sys=0.00, real=0.00 secs] 
1914.703: [GC (Allocation Failure) [PSYoungGen: 68464K->1408K(69120K)] 365830K->298774K(552448K), 0.0018367 secs] [Times: user=0.01 sys=0.00, real=0.00 secs] 
1915.007: [GC (Allocation Failure) [PSYoungGen: 68480K->1376K(69120K)] 365846K->298742K(552448K), 0.0017036 secs] [Times: user=0.00 sys=0.00, real=0.00 secs] 
1915.334: [GC (Allocation Failure) [PSYoungGen: 68448K->1408K(69120K)] 365814K->298774K(552448K), 0.0017221 secs] [Times: user=0.00 sys=0.00, real=0.00 secs] 
1915.612: [GC (Allocation Failure) [PSYoungGen: 68480K->1376K(69120K)] 365846K->298742K(552448K), 0.0019141 secs] [Times: user=0.01 sys=0.00, real=0.00 secs] 
1916.445: [GC (Allocation Failure) [PSYoungGen: 68448K->1408K(69120K)] 365814K->298774K(552448K), 0.0016281 secs] [Times: user=0.01 sys=0.00, real=0.00 secs] 
1916.991: [GC (Allocation Failure) [PSYoungGen: 68480K->1408K(69120K)] 365846K->298774K(552448K), 0.0016020 secs] [Times: user=0.01 sys=0.00, real=0.01 secs] 
1917.537: [GC (Allocation Failure) [PSYoungGen: 68480K->1376K(69120K)] 365846K->298750K(552448K), 0.0017999 secs] [Times: user=0.01 sys=0.00, real=0.00 secs] 
1917.921: [GC (Allocation Failure) [PSYoungGen: 68448K->1408K(69120K)] 365822K->298782K(552448K), 0.0016786 secs] [Times: user=0.01 sys=0.00, real=0.01 secs] 
1918.341: [GC (Allocation Failure) [PSYoungGen: 68480K->1405K(69120K)] 365854K->298779K(552448K), 0.0014636 secs] [Times: user=0.01 sys=0.00, real=0.00 secs] 
1918.922: [GC (Allocation Failure) [PSYoungGen: 68477K->1408K(69120K)] 365851K->298782K(552448K), 0.0016876 secs] [Times: user=0.01 sys=0.00, real=0.00 secs] 
1919.200: [GC (Allocation Failure) [PSYoungGen: 68480K->1360K(69120K)] 365854K->298758K(552448K), 0.0016981 secs] [Times: user=0.00 sys=0.00, real=0.01 secs] 
1919.595: [GC (Allocation Failure) [PSYoungGen: 68432K->1376K(69120K)] 365830K->298774K(552448K), 0.0022023 secs] [Times: user=0.01 sys=0.00, real=0.00 secs] 
1920.190: [GC (Allocation Failure) [PSYoungGen: 68448K->1424K(69120K)] 365846K->298822K(552448K), 0.0023620 secs] [Times: user=0.01 sys=0.00, real=0.01 secs] 
1921.193: [GC (Allocation Failure) [PSYoungGen: 68496K->1440K(69120K)] 365894K->298838K(552448K), 0.0021992 secs] [Times: user=0.01 sys=0.00, real=0.00 secs] 
1921.475: [GC (Allocation Failure) [PSYoungGen: 68512K->1344K(69120K)] 365910K->298742K(552448K), 0.0027838 secs] [Times: user=0.01 sys=0.00, real=0.00 secs] 
1921.788: [GC (Allocation Failure) [PSYoungGen: 68416K->1376K(74240K)] 365814K->298774K(557568K), 0.0018639 secs] [Times: user=0.01 sys=0.01, real=0.00 secs] 
1922.100: [GC (Allocation Failure) [PSYoungGen: 73568K->1408K(74240K)] 370966K->298806K(557568K), 0.0018835 secs] [Times: user=0.00 sys=0.00, real=0.01 secs] 
1922.943: [GC (Allocation Failure) [PSYoungGen: 73600K->1952K(73728K)] 370998K->299350K(557056K), 0.0017566 secs] [Times: user=0.01 sys=0.00, real=0.00 secs] 
1923.287: [GC (Allocation Failure) [PSYoungGen: 73632K->1376K(72704K)] 371030K->298774K(556032K), 0.0019040 secs] [Times: user=0.00 sys=0.01, real=0.00 secs] 
1923.746: [GC (Allocation Failure) [PSYoungGen: 72544K->384K(71168K)] 369942K->298806K(554496K), 0.0017499 secs] [Times: user=0.00 sys=0.00, real=0.00 secs] 
1924.453: [GC (Allocation Failure) [PSYoungGen: 71040K->320K(70656K)] 369462K->298742K(553984K), 0.0020145 secs] [Times: user=0.01 sys=0.00, real=0.00 secs] 
1925.545: [GC (Allocation Failure) [PSYoungGen: 70464K->1373K(71168K)] 368886K->299795K(554496K), 0.0015932 secs] [Times: user=0.01 sys=0.00, real=0.00 secs] 
1926.506: [GC (Allocation Failure) [PSYoungGen: 71005K->1440K(70656K)] 369427K->299862K(553984K), 0.0020917 secs] [Times: user=0.01 sys=0.00, real=0.00 secs] 
1927.124: [GC (Allocation Failure) [PSYoungGen: 70560K->1376K(70144K)] 368982K->299798K(553472K), 0.0025297 secs] [Times: user=0.00 sys=0.00, real=0.00 secs] 
1927.424: [GC (Allocation Failure) [PSYoungGen: 69984K->1376K(69632K)] 368406K->299806K(552960K), 0.0021370 secs] [Times: user=0.01 sys=0.00, real=0.00 secs] 
1927.719: [GC (Allocation Failure) [PSYoungGen: 69472K->1344K(69120K)] 367902K->299774K(552448K), 0.0016919 secs] [Times: user=0.00 sys=0.00, real=0.00 secs] 
1929.028: [GC (Allocation Failure) [PSYoungGen: 68928K->1408K(69120K)] 367358K->299838K(552448K), 0.0023127 secs] [Times: user=0.00 sys=0.00, real=0.00 secs] 
1929.669: [GC (Allocation Failure) [PSYoungGen: 68992K->1376K(69120K)] 367422K->299806K(552448K), 0.0017472 secs] [Times: user=0.01 sys=0.00, real=0.00 secs] 
1930.340: [GC (Allocation Failure) [PSYoungGen: 68960K->1440K(69120K)] 367390K->299886K(552448K), 0.0027042 secs] [Times: user=0.01 sys=0.00, real=0.01 secs] 
1931.376: [GC (Allocation Failure) [PSYoungGen: 69024K->1376K(69120K)] 367470K->299822K(552448K), 0.0028947 secs] [Times: user=0.01 sys=0.00, real=0.00 secs] 
1932.683: [GC (Allocation Failure) [PSYoungGen: 68960K->1440K(69120K)] 367406K->299886K(552448K), 0.0017285 secs] [Times: user=0.01 sys=0.00, real=0.00 secs] 
1933.027: [GC (Allocation Failure) [PSYoungGen: 69024K->1440K(69120K)] 367470K->299886K(552448K), 0.0019775 secs] [Times: user=0.00 sys=0.00, real=0.00 secs] 
1933.328: [GC (Allocation Failure) [PSYoungGen: 69024K->1408K(69120K)] 367470K->299854K(552448K), 0.0020608 secs] [Times: user=0.01 sys=0.00, real=0.00 secs] 
1933.709: [GC (Allocation Failure) [PSYoungGen: 68992K->1376K(69120K)] 367438K->299822K(552448K), 0.0021060 secs] [Times: user=0.01 sys=0.00, real=0.00 secs] 
1934.086: [GC (Allocation Failure) [PSYoungGen: 68960K->1328K(69120K)] 367406K->299774K(552448K), 0.0015401 secs] [Times: user=0.00 sys=0.01, real=0.00 secs] 
1935.200: [GC (Allocation Failure) [PSYoungGen: 68912K->1408K(69120K)] 367358K->299854K(552448K), 0.0022409 secs] [Times: user=0.01 sys=0.00, real=0.01 secs] 
1936.234: [GC (Allocation Failure) [PSYoungGen: 68992K->1376K(69632K)] 367438K->299822K(552960K), 0.0025687 secs] [Times: user=0.01 sys=0.00, real=0.00 secs] 
1937.287: [GC (Allocation Failure) [PSYoungGen: 68960K->1344K(69632K)] 367406K->299790K(552960K), 0.0037149 secs] [Times: user=0.02 sys=0.00, real=0.00 secs] 
1937.932: [GC (Allocation Failure) [PSYoungGen: 68928K->1408K(69632K)] 367374K->299854K(552960K), 0.0021505 secs] [Times: user=0.01 sys=0.00, real=0.00 secs] 
1938.974: [GC (Allocation Failure) [PSYoungGen: 68992K->1408K(69632K)] 367438K->299870K(552960K), 0.0017148 secs] [Times: user=0.01 sys=0.00, real=0.00 secs] 
1939.587: [GC (Allocation Failure) [PSYoungGen: 68992K->1408K(69632K)] 367454K->299870K(552960K), 0.0018202 secs] [Times: user=0.00 sys=0.00, real=0.00 secs] 
1939.924: [GC (Allocation Failure) [PSYoungGen: 68992K->1376K(69632K)] 367454K->299846K(552960K), 0.0017018 secs] [Times: user=0.00 sys=0.00, real=0.00 secs] 
1940.274: [GC (Allocation Failure) [PSYoungGen: 68960K->1408K(69632K)] 367430K->299886K(552960K), 0.0016990 secs] [Times: user=0.01 sys=0.00, real=0.00 secs] 
1940.963: [GC (Allocation Failure) [PSYoungGen: 68992K->1421K(69632K)] 367470K->299915K(552960K), 0.0015101 secs] [Times: user=0.00 sys=0.00, real=0.00 secs] 
1941.326: [GC (Allocation Failure) [PSYoungGen: 69005K->1376K(69632K)] 367499K->299870K(552960K), 0.0015936 secs] [Times: user=0.01 sys=0.00, real=0.00 secs] 
1941.638: [GC (Allocation Failure) [PSYoungGen: 68960K->1408K(69632K)] 367454K->299902K(552960K), 0.0014178 secs] [Times: user=0.00 sys=0.00, real=0.00 secs] 
1941.924: [GC (Allocation Failure) [PSYoungGen: 68992K->1408K(69632K)] 367486K->299902K(552960K), 0.0017903 secs] [Times: user=0.00 sys=0.00, real=0.00 secs] 
1942.214: [GC (Allocation Failure) [PSYoungGen: 68992K->1392K(69120K)] 367486K->299886K(552448K), 0.0019819 secs] [Times: user=0.01 sys=0.00, real=0.00 secs] 
1943.097: [GC (Allocation Failure) [PSYoungGen: 68976K->1424K(69120K)] 367470K->299918K(552448K), 0.0017349 secs] [Times: user=0.01 sys=0.00, real=0.00 secs] 
1943.377: [GC (Allocation Failure) [PSYoungGen: 69008K->352K(68608K)] 367502K->299870K(551936K), 0.0016075 secs] [Times: user=0.00 sys=0.00, real=0.00 secs] 
1943.658: [GC (Allocation Failure) [PSYoungGen: 67936K->384K(69632K)] 367454K->299902K(552960K), 0.0014539 secs] [Times: user=0.01 sys=0.00, real=0.00 secs] 
1943.939: [GC (Allocation Failure) [PSYoungGen: 67968K->320K(69632K)] 367486K->299838K(552960K), 0.0016203 secs] [Times: user=0.00 sys=0.00, real=0.00 secs] 
1945.624: [GC (Allocation Failure) [PSYoungGen: 67904K->1408K(69632K)] 367422K->300926K(552960K), 0.0043206 secs] [Times: user=0.01 sys=0.00, real=0.00 secs] 
1947.484: [GC (Allocation Failure) [PSYoungGen: 68992K->1376K(69632K)] 368510K->300894K(552960K), 0.0037877 secs] [Times: user=0.01 sys=0.00, real=0.00 secs] 
1948.803: [GC (Allocation Failure) [PSYoungGen: 68960K->1408K(69632K)] 368478K->300926K(552960K), 0.0024578 secs] [Times: user=0.01 sys=0.00, real=0.00 secs] 
1949.464: [GC (Allocation Failure) [PSYoungGen: 68992K->1408K(69632K)] 368510K->300926K(552960K), 0.0022030 secs] [Times: user=0.01 sys=0.00, real=0.00 secs] 
1950.285: [GC (Allocation Failure) [PSYoungGen: 68985K->1328K(69632K)] 368504K->300846K(552960K), 0.0019705 secs] [Times: user=0.01 sys=0.00, real=0.00 secs] 
1951.080: [GC (Allocation Failure) [PSYoungGen: 68912K->1440K(69632K)] 368430K->300958K(552960K), 0.0018588 secs] [Times: user=0.01 sys=0.00, real=0.01 secs] 
1951.426: [GC (Allocation Failure) [PSYoungGen: 69024K->1376K(69632K)] 368542K->300902K(552960K), 0.0017693 secs] [Times: user=0.01 sys=0.00, real=0.00 secs] 
1951.723: [GC (Allocation Failure) [PSYoungGen: 68960K->1376K(69632K)] 368486K->300902K(552960K), 0.0017516 secs] [Times: user=0.01 sys=0.00, real=0.00 secs] 
1952.034: [GC (Allocation Failure) [PSYoungGen: 68960K->1392K(69632K)] 368486K->300918K(552960K), 0.0017613 secs] [Times: user=0.00 sys=0.00, real=0.00 secs] 
1952.974: [GC (Allocation Failure) [PSYoungGen: 68976K->1424K(69632K)] 368502K->300950K(552960K), 0.0016513 secs] [Times: user=0.00 sys=0.01, real=0.00 secs] 
1953.271: [GC (Allocation Failure) [PSYoungGen: 69008K->1376K(69632K)] 368534K->300902K(552960K), 0.0016976 secs] [Times: user=0.01 sys=0.00, real=0.01 secs] 
1953.900: [GC (Allocation Failure) [PSYoungGen: 68960K->1360K(69632K)] 368486K->300886K(552960K), 0.0018166 secs] [Times: user=0.01 sys=0.00, real=0.01 secs] 
1954.672: [GC (Allocation Failure) [PSYoungGen: 68944K->1408K(69632K)] 368470K->300934K(552960K), 0.0019803 secs] [Times: user=0.00 sys=0.00, real=0.00 secs] 
1955.962: [GC (Allocation Failure) [PSYoungGen: 68992K->1421K(69632K)] 368518K->300947K(552960K), 0.0015573 secs] [Times: user=0.01 sys=0.00, real=0.00 secs] 
1956.587: [GC (Allocation Failure) [PSYoungGen: 69005K->1440K(69632K)] 368531K->300966K(552960K), 0.0019733 secs] [Times: user=0.01 sys=0.00, real=0.00 secs] 
1956.893: [GC (Allocation Failure) [PSYoungGen: 69024K->1376K(69632K)] 368550K->300902K(552960K), 0.0019536 secs] [Times: user=0.00 sys=0.00, real=0.00 secs] 
1957.174: [GC (Allocation Failure) [PSYoungGen: 68960K->1408K(69632K)] 368486K->300934K(552960K), 0.0018797 secs] [Times: user=0.00 sys=0.00, real=0.00 secs] 
1957.500: [GC (Allocation Failure) [PSYoungGen: 68992K->1408K(69632K)] 368518K->300934K(552960K), 0.0015901 secs] [Times: user=0.01 sys=0.00, real=0.01 secs] 
1958.475: [GC (Allocation Failure) [PSYoungGen: 68992K->1408K(69632K)] 368518K->300934K(552960K), 0.0016943 secs] [Times: user=0.01 sys=0.00, real=0.00 secs] 
1959.042: [GC (Allocation Failure) [PSYoungGen: 68992K->1408K(69632K)] 368518K->300934K(552960K), 0.0015724 secs] [Times: user=0.00 sys=0.00, real=0.00 secs] 
1959.390: [GC (Allocation Failure) [PSYoungGen: 68992K->1408K(69632K)] 368518K->300950K(552960K), 0.0020347 secs] [Times: user=0.01 sys=0.00, real=0.01 secs] 
1959.671: [GC (Allocation Failure) [PSYoungGen: 68992K->1408K(69632K)] 368534K->300950K(552960K), 0.0016784 secs] [Times: user=0.01 sys=0.00, real=0.00 secs] 
1960.451: [GC (Allocation Failure) [PSYoungGen: 68992K->1408K(69632K)] 368534K->300950K(552960K), 0.0017928 secs] [Times: user=0.01 sys=0.00, real=0.01 secs] 
1961.072: [GC (Allocation Failure) [PSYoungGen: 68992K->1360K(69632K)] 368534K->300902K(552960K), 0.0017819 secs] [Times: user=0.01 sys=0.00, real=0.00 secs] 
1961.373: [GC (Allocation Failure) [PSYoungGen: 68944K->1408K(69632K)] 368486K->300950K(552960K), 0.0022837 secs] [Times: user=0.01 sys=0.00, real=0.00 secs] 
1961.798: [GC (Allocation Failure) [PSYoungGen: 68992K->1408K(69632K)] 368534K->300950K(552960K), 0.0019648 secs] [Times: user=0.01 sys=0.00, real=0.00 secs] 
1962.435: [GC (Allocation Failure) [PSYoungGen: 68983K->240K(69632K)] 368525K->299782K(552960K), 0.0018471 secs] [Times: user=0.00 sys=0.00, real=0.00 secs] 
1963.395: [GC (Allocation Failure) [PSYoungGen: 67824K->1408K(69632K)] 367366K->300950K(552960K), 0.0020259 secs] [Times: user=0.01 sys=0.00, real=0.00 secs] 
1963.850: [GC (Allocation Failure) [PSYoungGen: 68992K->1408K(69632K)] 368534K->300950K(552960K), 0.0019740 secs] [Times: user=0.00 sys=0.00, real=0.01 secs] 
1964.401: [GC (Allocation Failure) [PSYoungGen: 68992K->1408K(69632K)] 368534K->300950K(552960K), 0.0021248 secs] [Times: user=0.01 sys=0.00, real=0.01 secs] 
1965.027: [GC (Allocation Failure) [PSYoungGen: 68992K->1376K(69632K)] 368534K->300918K(552960K), 0.0018272 secs] [Times: user=0.00 sys=0.00, real=0.00 secs] 
1966.339: [GC (Allocation Failure) [PSYoungGen: 68960K->1440K(69632K)] 368502K->300982K(552960K), 0.0023341 secs] [Times: user=0.01 sys=0.00, real=0.01 secs] 
1966.830: [GC (Allocation Failure) [PSYoungGen: 69024K->1408K(69632K)] 368566K->300950K(552960K), 0.0019744 secs] [Times: user=0.01 sys=0.00, real=0.01 secs] 
1967.389: [GC (Allocation Failure) [PSYoungGen: 68992K->1408K(69632K)] 368534K->300950K(552960K), 0.0038231 secs] [Times: user=0.02 sys=0.00, real=0.01 secs] 
1968.023: [GC (Allocation Failure) [PSYoungGen: 68992K->1408K(69632K)] 368534K->300950K(552960K), 0.0025346 secs] [Times: user=0.01 sys=0.00, real=0.00 secs] 
1969.011: [GC (Allocation Failure) [PSYoungGen: 68992K->1389K(69632K)] 368534K->300931K(552960K), 0.0013845 secs] [Times: user=0.01 sys=0.00, real=0.00 secs] 
1969.421: [GC (Allocation Failure) [PSYoungGen: 68973K->1424K(69632K)] 368515K->300966K(552960K), 0.0017186 secs] [Times: user=0.00 sys=0.00, real=0.01 secs] 
1969.702: [GC (Allocation Failure) [PSYoungGen: 69008K->1408K(69632K)] 368550K->300974K(552960K), 0.0016979 secs] [Times: user=0.01 sys=0.00, real=0.00 secs] 
1970.000: [GC (Allocation Failure) [PSYoungGen: 68992K->1376K(69632K)] 368558K->300942K(552960K), 0.0017376 secs] [Times: user=0.00 sys=0.00, real=0.01 secs] 
1970.287: [GC (Allocation Failure) [PSYoungGen: 68960K->1392K(69632K)] 368526K->300958K(552960K), 0.0015408 secs] [Times: user=0.01 sys=0.00, real=0.00 secs] 
1971.006: [GC (Allocation Failure) [PSYoungGen: 68976K->1408K(69632K)] 368542K->300974K(552960K), 0.0016471 secs] [Times: user=0.01 sys=0.00, real=0.00 secs] 
1971.286: [GC (Allocation Failure) [PSYoungGen: 68992K->1376K(69632K)] 368558K->300942K(552960K), 0.0018147 secs] [Times: user=0.00 sys=0.00, real=0.00 secs] 
1971.567: [GC (Allocation Failure) [PSYoungGen: 68960K->1376K(69632K)] 368526K->300942K(552960K), 0.0017411 secs] [Times: user=0.01 sys=0.00, real=0.00 secs] 
1971.872: [GC (Allocation Failure) [PSYoungGen: 68960K->1344K(69632K)] 368526K->300910K(552960K), 0.0017394 secs] [Times: user=0.01 sys=0.00, real=0.00 secs] 
1972.666: [GC (Allocation Failure) [PSYoungGen: 68928K->1376K(69632K)] 368494K->300942K(552960K), 0.0016118 secs] [Times: user=0.00 sys=0.00, real=0.00 secs] 
1973.497: [GC (Allocation Failure) [PSYoungGen: 68960K->1408K(70144K)] 368526K->300974K(553472K), 0.0070080 secs] [Times: user=0.03 sys=0.00, real=0.01 secs] 
1974.144: [GC (Allocation Failure) [PSYoungGen: 69504K->1360K(69120K)] 369070K->300926K(552448K), 0.0025880 secs] [Times: user=0.01 sys=0.00, real=0.00 secs] 
1974.696: [GC (Allocation Failure) [PSYoungGen: 68944K->288K(68608K)] 368510K->300878K(551936K), 0.0021976 secs] [Times: user=0.01 sys=0.00, real=0.00 secs] 
1975.362: [GC (Allocation Failure) [PSYoungGen: 67868K->224K(69632K)] 368459K->300814K(552960K), 0.0027798 secs] [Times: user=0.01 sys=0.00, real=0.00 secs] 
1976.201: [GC (Allocation Failure) [PSYoungGen: 67808K->1440K(69632K)] 368398K->302030K(552960K), 0.0018210 secs] [Times: user=0.00 sys=0.00, real=0.01 secs] 
1976.680: [GC (Allocation Failure) [PSYoungGen: 69024K->1408K(69632K)] 369614K->301998K(552960K), 0.0018334 secs] [Times: user=0.00 sys=0.00, real=0.01 secs] 
1977.361: [GC (Allocation Failure) [PSYoungGen: 68992K->1408K(69632K)] 369582K->301998K(552960K), 0.0020155 secs] [Times: user=0.01 sys=0.00, real=0.00 secs] 
1978.078: [GC (Allocation Failure) [PSYoungGen: 68992K->1408K(69632K)] 369582K->301998K(552960K), 0.0020115 secs] [Times: user=0.01 sys=0.00, real=0.00 secs] 
1979.030: [GC (Allocation Failure) [PSYoungGen: 68992K->1424K(69632K)] 369582K->302014K(552960K), 0.0016246 secs] [Times: user=0.01 sys=0.00, real=0.01 secs] 
1979.315: [GC (Allocation Failure) [PSYoungGen: 69008K->1440K(69632K)] 369598K->302030K(552960K), 0.0016544 secs] [Times: user=0.00 sys=0.00, real=0.00 secs] 
1979.600: [GC (Allocation Failure) [PSYoungGen: 69024K->1392K(69632K)] 369614K->301998K(552960K), 0.0017310 secs] [Times: user=0.00 sys=0.00, real=0.01 secs] 
1979.968: [GC (Allocation Failure) [PSYoungGen: 68976K->1312K(69632K)] 369582K->301918K(552960K), 0.0016474 secs] [Times: user=0.01 sys=0.00, real=0.00 secs] 
1980.579: [GC (Allocation Failure) [PSYoungGen: 68896K->1373K(69632K)] 369502K->301987K(552960K), 0.0013804 secs] [Times: user=0.01 sys=0.00, real=0.00 secs] 
1981.696: [GC (Allocation Failure) [PSYoungGen: 68957K->1440K(69632K)] 369571K->302054K(552960K), 0.0021815 secs] [Times: user=0.01 sys=0.00, real=0.00 secs] 
1982.599: [GC (Allocation Failure) [PSYoungGen: 69024K->1440K(69632K)] 369638K->302054K(552960K), 0.0023333 secs] [Times: user=0.01 sys=0.00, real=0.01 secs] 
1983.512: [GC (Allocation Failure) [PSYoungGen: 69024K->1408K(69632K)] 369638K->302022K(552960K), 0.0025553 secs] [Times: user=0.01 sys=0.00, real=0.00 secs] 
1984.266: [GC (Allocation Failure) [PSYoungGen: 68992K->1408K(69632K)] 369606K->302022K(552960K), 0.0024969 secs] [Times: user=0.01 sys=0.00, real=0.00 secs] 
1985.279: [GC (Allocation Failure) [PSYoungGen: 68992K->1408K(69632K)] 369606K->302022K(552960K), 0.0017268 secs] [Times: user=0.01 sys=0.00, real=0.00 secs] 
1985.618: [GC (Allocation Failure) [PSYoungGen: 68992K->1408K(69632K)] 369606K->302022K(552960K), 0.0018527 secs] [Times: user=0.01 sys=0.00, real=0.00 secs] 
1985.902: [GC (Allocation Failure) [PSYoungGen: 68992K->1408K(69632K)] 369606K->302022K(552960K), 0.0015692 secs] [Times: user=0.00 sys=0.00, real=0.00 secs] 
1986.182: [GC (Allocation Failure) [PSYoungGen: 68992K->1424K(69632K)] 369606K->302038K(552960K), 0.0016719 secs] [Times: user=0.00 sys=0.00, real=0.00 secs] 
1987.078: [GC (Allocation Failure) [PSYoungGen: 69008K->1952K(69632K)] 369622K->302566K(552960K), 0.0018398 secs] [Times: user=0.01 sys=0.00, real=0.00 secs] 
1988.162: [GC (Allocation Failure) [PSYoungGen: 69536K->1408K(69632K)] 370150K->302022K(552960K), 0.0025694 secs] [Times: user=0.00 sys=0.00, real=0.00 secs] 
1989.201: [GC (Allocation Failure) [PSYoungGen: 68992K->1440K(69632K)] 369606K->302054K(552960K), 0.0030018 secs] [Times: user=0.01 sys=0.00, real=0.01 secs] 
1989.834: [GC (Allocation Failure) [PSYoungGen: 69024K->1408K(69632K)] 369638K->302022K(552960K), 0.0028452 secs] [Times: user=0.02 sys=0.00, real=0.00 secs] 
1990.342: [GC (Allocation Failure) [PSYoungGen: 68992K->1408K(69632K)] 369606K->302022K(552960K), 0.0023137 secs] [Times: user=0.01 sys=0.00, real=0.00 secs] 
1991.157: [GC (Allocation Failure) [PSYoungGen: 68992K->1472K(69632K)] 369606K->302086K(552960K), 0.0016135 secs] [Times: user=0.01 sys=0.00, real=0.00 secs] 
1991.600: [GC (Allocation Failure) [PSYoungGen: 69056K->1408K(69632K)] 369670K->302038K(552960K), 0.0017406 secs] [Times: user=0.01 sys=0.00, real=0.01 secs] 
1992.045: [GC (Allocation Failure) [PSYoungGen: 68992K->1376K(69632K)] 369622K->302006K(552960K), 0.0018233 secs] [Times: user=0.01 sys=0.00, real=0.00 secs] 
1992.549: [GC (Allocation Failure) [PSYoungGen: 68960K->1360K(69632K)] 369590K->301990K(552960K), 0.0037151 secs] [Times: user=0.01 sys=0.00, real=0.01 secs] 
1993.894: [GC (Allocation Failure) [PSYoungGen: 68944K->1440K(69632K)] 369574K->302070K(552960K), 0.0036447 secs] [Times: user=0.02 sys=0.00, real=0.00 secs] 
1994.574: [GC (Allocation Failure) [PSYoungGen: 69024K->1344K(69632K)] 369654K->301974K(552960K), 0.0029176 secs] [Times: user=0.01 sys=0.00, real=0.00 secs] 
1995.422: [GC (Allocation Failure) [PSYoungGen: 68928K->1376K(69632K)] 369558K->302006K(552960K), 0.0028491 secs] [Times: user=0.01 sys=0.00, real=0.00 secs] 
1996.324: [GC (Allocation Failure) [PSYoungGen: 68960K->1408K(69632K)] 369590K->302038K(552960K), 0.0028869 secs] [Times: user=0.01 sys=0.00, real=0.00 secs] 
1997.332: [GC (Allocation Failure) [PSYoungGen: 68992K->1357K(69632K)] 369622K->301987K(552960K), 0.0014002 secs] [Times: user=0.00 sys=0.00, real=0.00 secs] 
1998.490: [GC (Allocation Failure) [PSYoungGen: 68941K->1408K(69632K)] 369571K->302038K(552960K), 0.0038704 secs] [Times: user=0.01 sys=0.00, real=0.01 secs] 
1999.440: [GC (Allocation Failure) [PSYoungGen: 68992K->1376K(69632K)] 369622K->302006K(552960K), 0.0041265 secs] [Times: user=0.01 sys=0.00, real=0.01 secs] 
2000.085: [GC (Allocation Failure) [PSYoungGen: 68960K->1376K(69632K)] 369590K->302006K(552960K), 0.0028118 secs] [Times: user=0.01 sys=0.00, real=0.00 secs] 
2000.703: [GC (Allocation Failure) [PSYoungGen: 68960K->1360K(69632K)] 369590K->301990K(552960K), 0.0028852 secs] [Times: user=0.01 sys=0.00, real=0.00 secs] 
2001.591: [GC (Allocation Failure) [PSYoungGen: 68944K->1408K(69120K)] 369574K->302038K(552448K), 0.0019202 secs] [Times: user=0.01 sys=0.00, real=0.01 secs] 
2001.872: [GC (Allocation Failure) [PSYoungGen: 68992K->1376K(69120K)] 369622K->302014K(552448K), 0.0017115 secs] [Times: user=0.00 sys=0.00, real=0.00 secs] 
2002.153: [GC (Allocation Failure) [PSYoungGen: 68960K->1344K(69120K)] 369598K->301990K(552448K), 0.0017464 secs] [Times: user=0.00 sys=0.00, real=0.00 secs] 
2002.434: [GC (Allocation Failure) [PSYoungGen: 68928K->1376K(69120K)] 369574K->302022K(552448K), 0.0021160 secs] [Times: user=0.01 sys=0.00, real=0.00 secs] 
2003.375: [GC (Allocation Failure) [PSYoungGen: 68960K->912K(69120K)] 369606K->302582K(552448K), 0.0018055 secs] [Times: user=0.01 sys=0.00, real=0.00 secs] 
2005.155: [GC (Allocation Failure) [PSYoungGen: 68496K->352K(69632K)] 370166K->302022K(552960K), 0.0039193 secs] [Times: user=0.02 sys=0.00, real=0.00 secs] 
2005.931: [GC (Allocation Failure) [PSYoungGen: 67936K->384K(69632K)] 369606K->302054K(552960K), 0.0030663 secs] [Times: user=0.01 sys=0.00, real=0.01 secs] 
2006.542: [GC (Allocation Failure) [PSYoungGen: 67968K->320K(69632K)] 369638K->301990K(552960K), 0.0029746 secs] [Times: user=0.01 sys=0.00, real=0.00 secs] 
2007.506: [GC (Allocation Failure) [PSYoungGen: 67904K->368K(69632K)] 369574K->302038K(552960K), 0.0029290 secs] [Times: user=0.01 sys=0.00, real=0.00 secs] 
2009.131: [GC (Allocation Failure) [PSYoungGen: 67952K->1408K(69632K)] 369622K->303086K(552960K), 0.0039171 secs] [Times: user=0.01 sys=0.00, real=0.01 secs] 
2010.319: [GC (Allocation Failure) [PSYoungGen: 68992K->1376K(69632K)] 370670K->303054K(552960K), 0.0039711 secs] [Times: user=0.01 sys=0.00, real=0.01 secs] 
2011.054: [GC (Allocation Failure) [PSYoungGen: 68960K->1376K(69632K)] 370638K->303054K(552960K), 0.0023526 secs] [Times: user=0.00 sys=0.00, real=0.00 secs] 
2011.349: [GC (Allocation Failure) [PSYoungGen: 68960K->1408K(69632K)] 370638K->303086K(552960K), 0.0019931 secs] [Times: user=0.01 sys=0.00, real=0.00 secs] 
2012.223: [GC (Allocation Failure) [PSYoungGen: 68992K->1408K(70144K)] 370670K->303086K(553472K), 0.0017643 secs] [Times: user=0.01 sys=0.00, real=0.00 secs] 
2012.568: [GC (Allocation Failure) [PSYoungGen: 68992K->1344K(69120K)] 370670K->303030K(552448K), 0.0020173 secs] [Times: user=0.01 sys=0.00, real=0.00 secs] 
2012.849: [GC (Allocation Failure) [PSYoungGen: 68928K->1376K(69632K)] 370614K->303062K(552960K), 0.0017237 secs] [Times: user=0.00 sys=0.00, real=0.00 secs] 
2013.130: [GC (Allocation Failure) [PSYoungGen: 68960K->1408K(69632K)] 370646K->303094K(552960K), 0.0019704 secs] [Times: user=0.00 sys=0.00, real=0.01 secs] 
2013.897: [GC (Allocation Failure) [PSYoungGen: 68992K->1357K(69632K)] 370678K->303043K(552960K), 0.0014832 secs] [Times: user=0.00 sys=0.00, real=0.00 secs] 
2014.702: [GC (Allocation Failure) [PSYoungGen: 68941K->1408K(69632K)] 370627K->303094K(552960K), 0.0022472 secs] [Times: user=0.01 sys=0.00, real=0.00 secs] 
2015.300: [GC (Allocation Failure) [PSYoungGen: 68992K->1376K(69632K)] 370678K->303062K(552960K), 0.0022729 secs] [Times: user=0.01 sys=0.00, real=0.01 secs] 
2015.841: [GC (Allocation Failure) [PSYoungGen: 68960K->1408K(69632K)] 370646K->303094K(552960K), 0.0019796 secs] [Times: user=0.01 sys=0.00, real=0.00 secs] 
2016.400: [GC (Allocation Failure) [PSYoungGen: 68992K->1376K(69632K)] 370678K->303062K(552960K), 0.0019932 secs] [Times: user=0.00 sys=0.00, real=0.01 secs] 
2017.675: [GC (Allocation Failure) [PSYoungGen: 68960K->1376K(69632K)] 370646K->303062K(552960K), 0.0037951 secs] [Times: user=0.01 sys=0.01, real=0.00 secs] 
2018.454: [GC (Allocation Failure) [PSYoungGen: 68960K->1408K(69632K)] 370646K->303094K(552960K), 0.0029329 secs] [Times: user=0.01 sys=0.00, real=0.00 secs] 
2019.300: [GC (Allocation Failure) [PSYoungGen: 68992K->1360K(69632K)] 370678K->303054K(552960K), 0.0045790 secs] [Times: user=0.02 sys=0.01, real=0.01 secs] 
2020.103: [GC (Allocation Failure) [PSYoungGen: 68944K->1344K(69632K)] 370638K->303054K(552960K), 0.0028792 secs] [Times: user=0.01 sys=0.00, real=0.00 secs] 
2021.138: [GC (Allocation Failure) [PSYoungGen: 68928K->1952K(69632K)] 370638K->303662K(552960K), 0.0016363 secs] [Times: user=0.01 sys=0.00, real=0.00 secs] 
2021.824: [GC (Allocation Failure) [PSYoungGen: 69536K->1376K(69632K)] 371246K->303086K(552960K), 0.0036919 secs] [Times: user=0.01 sys=0.00, real=0.00 secs] 
2022.390: [GC (Allocation Failure) [PSYoungGen: 68960K->1376K(69632K)] 370670K->303086K(552960K), 0.0024967 secs] [Times: user=0.00 sys=0.00, real=0.01 secs] 
2022.964: [GC (Allocation Failure) [PSYoungGen: 68960K->1376K(69632K)] 370670K->303086K(552960K), 0.0026140 secs] [Times: user=0.01 sys=0.00, real=0.00 secs] 
2023.316: [GC (Allocation Failure) [PSYoungGen: 68960K->1344K(69632K)] 370670K->303054K(552960K), 0.0019711 secs] [Times: user=0.00 sys=0.00, real=0.00 secs] 
2024.283: [GC (Allocation Failure) [PSYoungGen: 68928K->1408K(69632K)] 370638K->303118K(552960K), 0.0017637 secs] [Times: user=0.01 sys=0.00, real=0.00 secs] 
2024.853: [GC (Allocation Failure) [PSYoungGen: 68992K->1344K(69632K)] 370702K->303054K(552960K), 0.0055189 secs] [Times: user=0.02 sys=0.00, real=0.00 secs] 
2025.453: [GC (Allocation Failure) [PSYoungGen: 68928K->1376K(69632K)] 370638K->303086K(552960K), 0.0020025 secs] [Times: user=0.01 sys=0.00, real=0.00 secs] 
2026.039: [GC (Allocation Failure) [PSYoungGen: 68960K->1408K(69632K)] 370670K->303118K(552960K), 0.0021722 secs] [Times: user=0.01 sys=0.00, real=0.01 secs] 
2027.685: [GC (Allocation Failure) [PSYoungGen: 68992K->1424K(69632K)] 370702K->303134K(552960K), 0.0025429 secs] [Times: user=0.01 sys=0.00, real=0.00 secs] 
2028.509: [GC (Allocation Failure) [PSYoungGen: 69008K->1408K(69632K)] 370718K->303118K(552960K), 0.0039839 secs] [Times: user=0.01 sys=0.00, real=0.01 secs] 
2029.050: [GC (Allocation Failure) [PSYoungGen: 68992K->1376K(69632K)] 370702K->303086K(552960K), 0.0022469 secs] [Times: user=0.00 sys=0.00, real=0.01 secs] 
2029.367: [GC (Allocation Failure) [PSYoungGen: 68960K->1376K(69632K)] 370670K->303086K(552960K), 0.0019226 secs] [Times: user=0.00 sys=0.00, real=0.00 secs] 
2029.864: [GC (Allocation Failure) [PSYoungGen: 68960K->1341K(69632K)] 370670K->303051K(552960K), 0.0014312 secs] [Times: user=0.01 sys=0.00, real=0.00 secs] 
2030.957: [GC (Allocation Failure) [PSYoungGen: 68925K->1408K(69632K)] 370635K->303118K(552960K), 0.0036158 secs] [Times: user=0.02 sys=0.00, real=0.00 secs] 
2031.804: [GC (Allocation Failure) [PSYoungGen: 68992K->1408K(69632K)] 370702K->303126K(552960K), 0.0024360 secs] [Times: user=0.01 sys=0.00, real=0.00 secs] 
2032.653: [GC (Allocation Failure) [PSYoungGen: 68992K->1408K(69632K)] 370710K->303126K(552960K), 0.0024152 secs] [Times: user=0.01 sys=0.00, real=0.00 secs] 
2033.489: [GC (Allocation Failure) [PSYoungGen: 68992K->1408K(69632K)] 370710K->303126K(552960K), 0.0029835 secs] [Times: user=0.01 sys=0.00, real=0.01 secs] 
2034.790: [GC (Allocation Failure) [PSYoungGen: 68992K->1392K(69120K)] 370710K->303110K(552448K), 0.0020500 secs] [Times: user=0.01 sys=0.00, real=0.01 secs] 
2035.976: [GC (Allocation Failure) [PSYoungGen: 68976K->1408K(69120K)] 370694K->303126K(552448K), 0.0022705 secs] [Times: user=0.01 sys=0.00, real=0.00 secs] 
2036.892: [GC (Allocation Failure) [PSYoungGen: 68992K->1408K(69120K)] 370710K->303126K(552448K), 0.0020829 secs] [Times: user=0.00 sys=0.00, real=0.00 secs] 
2037.675: [GC (Allocation Failure) [PSYoungGen: 68992K->1408K(69120K)] 370710K->303126K(552448K), 0.0024626 secs] [Times: user=0.01 sys=0.00, real=0.00 secs] 
2038.950: [GC (Allocation Failure) [PSYoungGen: 68992K->1504K(69120K)] 370710K->303230K(552448K), 0.0017688 secs] [Times: user=0.00 sys=0.00, real=0.01 secs] 
2039.499: [GC (Allocation Failure) [PSYoungGen: 69088K->1344K(69632K)] 370814K->303078K(552960K), 0.0018780 secs] [Times: user=0.01 sys=0.00, real=0.01 secs] 
2039.968: [GC (Allocation Failure) [PSYoungGen: 68928K->1376K(69120K)] 370662K->303110K(552448K), 0.0023805 secs] [Times: user=0.01 sys=0.00, real=0.00 secs] 
2040.483: [GC (Allocation Failure) [PSYoungGen: 68960K->1376K(69120K)] 370694K->303110K(552448K), 0.0021734 secs] [Times: user=0.01 sys=0.00, real=0.00 secs] 
2041.016: [GC (Allocation Failure) [PSYoungGen: 68960K->1376K(69120K)] 370694K->303110K(552448K), 0.0025940 secs] [Times: user=0.01 sys=0.00, real=0.00 secs] 
2041.890: [GC (Allocation Failure) [PSYoungGen: 68960K->1408K(69120K)] 370694K->303142K(552448K), 0.0018147 secs] [Times: user=0.00 sys=0.00, real=0.01 secs] 
2042.375: [GC (Allocation Failure) [PSYoungGen: 68992K->1440K(69120K)] 370726K->303174K(552448K), 0.0017817 secs] [Times: user=0.01 sys=0.00, real=0.00 secs] 
2043.068: [GC (Allocation Failure) [PSYoungGen: 69024K->1376K(69120K)] 370758K->303118K(552448K), 0.0018391 secs] [Times: user=0.00 sys=0.00, real=0.00 secs] 
2043.904: [GC (Allocation Failure) [PSYoungGen: 68960K->1440K(69120K)] 370702K->303182K(552448K), 0.0031879 secs] [Times: user=0.01 sys=0.00, real=0.00 secs] 
2045.305: [GC (Allocation Failure) [PSYoungGen: 69024K->1376K(69120K)] 370766K->303118K(552448K), 0.0037212 secs] [Times: user=0.01 sys=0.00, real=0.00 secs] 
2046.077: [GC (Allocation Failure) [PSYoungGen: 68960K->1344K(69120K)] 370702K->303086K(552448K), 0.0029001 secs] [Times: user=0.01 sys=0.00, real=0.00 secs] 
2046.660: [GC (Allocation Failure) [PSYoungGen: 68928K->1408K(69120K)] 370670K->303150K(552448K), 0.0023219 secs] [Times: user=0.01 sys=0.00, real=0.01 secs] 
2047.193: [GC (Allocation Failure) [PSYoungGen: 68992K->1376K(69120K)] 370734K->303118K(552448K), 0.0021373 secs] [Times: user=0.01 sys=0.00, real=0.00 secs] 
2047.937: [GC (Allocation Failure) [PSYoungGen: 68960K->1373K(69120K)] 370702K->303115K(552448K), 0.0014343 secs] [Times: user=0.00 sys=0.00, real=0.00 secs] 
2048.767: [GC (Allocation Failure) [PSYoungGen: 68957K->1408K(69120K)] 370699K->303150K(552448K), 0.0017166 secs] [Times: user=0.01 sys=0.00, real=0.00 secs] 
2049.320: [GC (Allocation Failure) [PSYoungGen: 68992K->1392K(69120K)] 370734K->303134K(552448K), 0.0025791 secs] [Times: user=0.01 sys=0.00, real=0.01 secs] 
2050.132: [GC (Allocation Failure) [PSYoungGen: 68976K->1376K(69120K)] 370718K->303118K(552448K), 0.0046817 secs] [Times: user=0.02 sys=0.00, real=0.00 secs] 
2050.971: [GC (Allocation Failure) [PSYoungGen: 68960K->1408K(69120K)] 370702K->303150K(552448K), 0.0036929 secs] [Times: user=0.01 sys=0.00, real=0.01 secs] 
2052.099: [GC (Allocation Failure) [PSYoungGen: 68992K->1408K(69120K)] 370734K->303166K(552448K), 0.0015880 secs] [Times: user=0.00 sys=0.01, real=0.00 secs] 
2052.601: [GC (Allocation Failure) [PSYoungGen: 68992K->1344K(69120K)] 370750K->303102K(552448K), 0.0017686 secs] [Times: user=0.00 sys=0.00, real=0.01 secs] 
2053.465: [GC (Allocation Failure) [PSYoungGen: 68928K->1376K(69120K)] 370686K->303134K(552448K), 0.0024336 secs] [Times: user=0.01 sys=0.01, real=0.00 secs] 
2054.468: [GC (Allocation Failure) [PSYoungGen: 68960K->1360K(69120K)] 370718K->303118K(552448K), 0.0029319 secs] [Times: user=0.01 sys=0.00, real=0.00 secs] 
2055.860: [GC (Allocation Failure) [PSYoungGen: 68941K->160K(69120K)] 370700K->301918K(552448K), 0.0015021 secs] [Times: user=0.00 sys=0.00, real=0.01 secs] 
2056.453: [GC (Allocation Failure) [PSYoungGen: 67744K->1344K(69632K)] 369502K->303102K(552960K), 0.0021224 secs] [Times: user=0.00 sys=0.00, real=0.00 secs] 
2057.293: [GC (Allocation Failure) [PSYoungGen: 68928K->1376K(69632K)] 370686K->303134K(552960K), 0.0023092 secs] [Times: user=0.01 sys=0.00, real=0.00 secs] 
2058.025: [GC (Allocation Failure) [PSYoungGen: 68960K->1408K(69632K)] 370718K->303166K(552960K), 0.0039794 secs] [Times: user=0.01 sys=0.00, real=0.00 secs] 
2058.638: [GC (Allocation Failure) [PSYoungGen: 68992K->1408K(69632K)] 370750K->303166K(552960K), 0.0029606 secs] [Times: user=0.01 sys=0.00, real=0.00 secs] 
2059.867: [GC (Allocation Failure) [PSYoungGen: 68992K->1408K(69632K)] 370750K->303166K(552960K), 0.0019510 secs] [Times: user=0.01 sys=0.00, real=0.00 secs] 
2060.553: [GC (Allocation Failure) [PSYoungGen: 68992K->1408K(69632K)] 370750K->303174K(552960K), 0.0045782 secs] [Times: user=0.02 sys=0.00, real=0.00 secs] 
2061.448: [GC (Allocation Failure) [PSYoungGen: 68992K->1408K(69632K)] 370758K->303174K(552960K), 0.0029904 secs] [Times: user=0.01 sys=0.00, real=0.01 secs] 
2062.087: [GC (Allocation Failure) [PSYoungGen: 68992K->1376K(69632K)] 370758K->303150K(552960K), 0.0044822 secs] [Times: user=0.02 sys=0.00, real=0.01 secs] 
2063.138: [GC (Allocation Failure) [PSYoungGen: 68960K->1424K(69632K)] 370734K->303206K(552960K), 0.0015950 secs] [Times: user=0.01 sys=0.00, real=0.00 secs] 
2063.420: [GC (Allocation Failure) [PSYoungGen: 69008K->1408K(69632K)] 370790K->303198K(552960K), 0.0015093 secs] [Times: user=0.01 sys=0.00, real=0.01 secs] 
2063.700: [GC (Allocation Failure) [PSYoungGen: 68992K->1408K(69632K)] 370782K->303198K(552960K), 0.0016884 secs] [Times: user=0.01 sys=0.00, real=0.01 secs] 
2064.219: [GC (Allocation Failure) [PSYoungGen: 68992K->1376K(69632K)] 370782K->303166K(552960K), 0.0016236 secs] [Times: user=0.01 sys=0.00, real=0.00 secs] 
2064.785: [GC (Allocation Failure) [PSYoungGen: 68960K->1360K(69632K)] 370750K->303150K(552960K), 0.0017133 secs] [Times: user=0.01 sys=0.00, real=0.00 secs] 
2065.679: [GC (Allocation Failure) [PSYoungGen: 68944K->1408K(69632K)] 370734K->303198K(552960K), 0.0020931 secs] [Times: user=0.01 sys=0.00, real=0.01 secs] 
2066.069: [GC (Allocation Failure) [PSYoungGen: 68992K->1376K(69632K)] 370782K->303166K(552960K), 0.0029455 secs] [Times: user=0.01 sys=0.00, real=0.01 secs] 
2066.580: [GC (Allocation Failure) [PSYoungGen: 68960K->1376K(69632K)] 370750K->303166K(552960K), 0.0024721 secs] [Times: user=0.01 sys=0.01, real=0.01 secs] 
2067.106: [GC (Allocation Failure) [PSYoungGen: 68960K->1376K(69120K)] 370750K->303166K(552448K), 0.0020632 secs] [Times: user=0.01 sys=0.00, real=0.00 secs] 
2068.150: [GC (Allocation Failure) [PSYoungGen: 68960K->1424K(69120K)] 370750K->303214K(552448K), 0.0016974 secs] [Times: user=0.01 sys=0.00, real=0.01 secs] 
2068.747: [GC (Allocation Failure) [PSYoungGen: 69008K->1376K(69120K)] 370798K->303166K(552448K), 0.0016946 secs] [Times: user=0.00 sys=0.00, real=0.00 secs] 
2069.398: [GC (Allocation Failure) [PSYoungGen: 68960K->1376K(69120K)] 370750K->303166K(552448K), 0.0043692 secs] [Times: user=0.01 sys=0.00, real=0.01 secs] 
2070.560: [GC (Allocation Failure) [PSYoungGen: 68960K->352K(68608K)] 370750K->303174K(551936K), 0.0042558 secs] [Times: user=0.02 sys=0.00, real=0.01 secs] 
2071.845: [GC (Allocation Failure) [PSYoungGen: 67936K->1373K(69632K)] 370758K->304195K(552960K), 0.0015033 secs] [Times: user=0.01 sys=0.00, real=0.00 secs] 
2072.188: [GC (Allocation Failure) [PSYoungGen: 68957K->1376K(69632K)] 371779K->304198K(552960K), 0.0017702 secs] [Times: user=0.00 sys=0.00, real=0.00 secs] 
2072.469: [GC (Allocation Failure) [PSYoungGen: 68960K->1408K(69632K)] 371782K->304230K(552960K), 0.0015159 secs] [Times: user=0.01 sys=0.00, real=0.00 secs] 
2072.749: [GC (Allocation Failure) [PSYoungGen: 68992K->1392K(69632K)] 371814K->304214K(552960K), 0.0018261 secs] [Times: user=0.00 sys=0.00, real=0.00 secs] 
2073.030: [GC (Allocation Failure) [PSYoungGen: 68976K->1392K(69632K)] 371798K->304214K(552960K), 0.0018398 secs] [Times: user=0.01 sys=0.00, real=0.01 secs] 
2075.159: [GC (Allocation Failure) [PSYoungGen: 68976K->1408K(69632K)] 371798K->304230K(552960K), 0.0039698 secs] [Times: user=0.01 sys=0.00, real=0.01 secs] 
2075.982: [GC (Allocation Failure) [PSYoungGen: 68992K->1440K(69632K)] 371814K->304262K(552960K), 0.0037476 secs] [Times: user=0.02 sys=0.00, real=0.00 secs] 
2076.575: [GC (Allocation Failure) [PSYoungGen: 69024K->1376K(69632K)] 371846K->304198K(552960K), 0.0020924 secs] [Times: user=0.01 sys=0.00, real=0.00 secs] 
2077.296: [GC (Allocation Failure) [PSYoungGen: 68960K->1344K(69632K)] 371782K->304166K(552960K), 0.0025672 secs] [Times: user=0.01 sys=0.00, real=0.00 secs] 
2078.292: [GC (Allocation Failure) [PSYoungGen: 68928K->1408K(69632K)] 371750K->304230K(552960K), 0.0015642 secs] [Times: user=0.01 sys=0.00, real=0.00 secs] 
2078.591: [GC (Allocation Failure) [PSYoungGen: 68992K->1376K(69632K)] 371814K->304198K(552960K), 0.0016359 secs] [Times: user=0.01 sys=0.00, real=0.01 secs] 
2078.871: [GC (Allocation Failure) [PSYoungGen: 68960K->1408K(69632K)] 371782K->304230K(552960K), 0.0017057 secs] [Times: user=0.01 sys=0.00, real=0.00 secs] 
2079.152: [GC (Allocation Failure) [PSYoungGen: 68992K->1376K(69632K)] 371814K->304198K(552960K), 0.0015223 secs] [Times: user=0.01 sys=0.00, real=0.00 secs] 
2079.760: [GC (Allocation Failure) [PSYoungGen: 68960K->1389K(69632K)] 371782K->304211K(552960K), 0.0018715 secs] [Times: user=0.01 sys=0.00, real=0.01 secs] 
2080.723: [GC (Allocation Failure) [PSYoungGen: 68973K->1408K(69632K)] 371795K->304238K(552960K), 0.0019062 secs] [Times: user=0.01 sys=0.00, real=0.00 secs] 
2081.010: [GC (Allocation Failure) [PSYoungGen: 68992K->1376K(69632K)] 371822K->304206K(552960K), 0.0018758 secs] [Times: user=0.01 sys=0.00, real=0.01 secs] 
2081.362: [GC (Allocation Failure) [PSYoungGen: 68960K->1376K(69120K)] 371790K->304206K(552448K), 0.0018134 secs] [Times: user=0.00 sys=0.00, real=0.00 secs] 
2081.643: [GC (Allocation Failure) [PSYoungGen: 68960K->1408K(69120K)] 371790K->304238K(552448K), 0.0018923 secs] [Times: user=0.01 sys=0.00, real=0.00 secs] 
2082.532: [GC (Allocation Failure) [PSYoungGen: 68992K->1376K(69120K)] 371822K->304206K(552448K), 0.0016476 secs] [Times: user=0.01 sys=0.00, real=0.00 secs] 
2083.133: [GC (Allocation Failure) [PSYoungGen: 68960K->1392K(69120K)] 371790K->304222K(552448K), 0.0019982 secs] [Times: user=0.01 sys=0.00, real=0.00 secs] 
2083.908: [GC (Allocation Failure) [PSYoungGen: 68976K->1408K(69120K)] 371806K->304238K(552448K), 0.0018344 secs] [Times: user=0.01 sys=0.00, real=0.00 secs] 
2084.710: [GC (Allocation Failure) [PSYoungGen: 68992K->1376K(69120K)] 371822K->304206K(552448K), 0.0020647 secs] [Times: user=0.01 sys=0.00, real=0.01 secs] 
2085.630: [GC (Allocation Failure) [PSYoungGen: 68960K->1373K(69120K)] 371790K->304203K(552448K), 0.0014255 secs] [Times: user=0.00 sys=0.00, real=0.01 secs] 
2086.249: [GC (Allocation Failure) [PSYoungGen: 68957K->1408K(69120K)] 371787K->304238K(552448K), 0.0020586 secs] [Times: user=0.01 sys=0.00, real=0.00 secs] 
2086.878: [GC (Allocation Failure) [PSYoungGen: 68992K->1440K(69120K)] 371822K->304278K(552448K), 0.0029431 secs] [Times: user=0.01 sys=0.00, real=0.00 secs] 
2087.545: [GC (Allocation Failure) [PSYoungGen: 69024K->1408K(69120K)] 371862K->304246K(552448K), 0.0044214 secs] [Times: user=0.02 sys=0.00, real=0.00 secs] 
2088.321: [GC (Allocation Failure) [PSYoungGen: 68992K->1408K(69120K)] 371830K->304246K(552448K), 0.0023950 secs] [Times: user=0.01 sys=0.00, real=0.01 secs] 
2089.271: [GC (Allocation Failure) [PSYoungGen: 68992K->1408K(69120K)] 371830K->304246K(552448K), 0.0027159 secs] [Times: user=0.01 sys=0.00, real=0.01 secs] 
2089.555: [GC (Allocation Failure) [PSYoungGen: 68992K->1408K(69120K)] 371830K->304246K(552448K), 0.0019105 secs] [Times: user=0.01 sys=0.00, real=0.00 secs] 
2089.836: [GC (Allocation Failure) [PSYoungGen: 68992K->1312K(69120K)] 371830K->304174K(552448K), 0.0019889 secs] [Times: user=0.01 sys=0.00, real=0.00 secs] 
2090.411: [GC (Allocation Failure) [PSYoungGen: 68896K->1376K(69120K)] 371758K->304238K(552448K), 0.0019381 secs] [Times: user=0.01 sys=0.00, real=0.01 secs] 
2091.551: [GC (Allocation Failure) [PSYoungGen: 68960K->1408K(69120K)] 371822K->304270K(552448K), 0.0019659 secs] [Times: user=0.00 sys=0.00, real=0.01 secs] 
2092.253: [GC (Allocation Failure) [PSYoungGen: 68992K->1376K(69120K)] 371854K->304238K(552448K), 0.0022318 secs] [Times: user=0.01 sys=0.00, real=0.00 secs] 
2093.046: [GC (Allocation Failure) [PSYoungGen: 68960K->1376K(69120K)] 371822K->304238K(552448K), 0.0041023 secs] [Times: user=0.02 sys=0.00, real=0.00 secs] 
2093.889: [GC (Allocation Failure) [PSYoungGen: 68960K->1376K(69120K)] 371822K->304238K(552448K), 0.0039225 secs] [Times: user=0.02 sys=0.00, real=0.01 secs] 
2094.710: [GC (Allocation Failure) [PSYoungGen: 68951K->272K(68608K)] 371814K->303134K(551936K), 0.0035945 secs] [Times: user=0.01 sys=0.00, real=0.01 secs] 
2095.934: [GC (Allocation Failure) [PSYoungGen: 67344K->1424K(69120K)] 370206K->304286K(552448K), 0.0020556 secs] [Times: user=0.00 sys=0.00, real=0.00 secs] 
2096.764: [GC (Allocation Failure) [PSYoungGen: 68496K->1376K(69120K)] 371358K->304238K(552448K), 0.0025894 secs] [Times: user=0.01 sys=0.00, real=0.00 secs] 
2097.590: [GC (Allocation Failure) [PSYoungGen: 68448K->1376K(69120K)] 371310K->304238K(552448K), 0.0027322 secs] [Times: user=0.01 sys=0.00, real=0.01 secs] 
2098.223: [GC (Allocation Failure) [PSYoungGen: 68448K->1408K(69120K)] 371310K->304270K(552448K), 0.0020987 secs] [Times: user=0.01 sys=0.00, real=0.00 secs] 
2099.262: [GC (Allocation Failure) [PSYoungGen: 68480K->1408K(69120K)] 371342K->304270K(552448K), 0.0017168 secs] [Times: user=0.01 sys=0.00, real=0.00 secs] 
2099.863: [GC (Allocation Failure) [PSYoungGen: 68480K->1424K(69120K)] 371342K->304286K(552448K), 0.0019759 secs] [Times: user=0.01 sys=0.00, real=0.00 secs] 
2100.243: [GC (Allocation Failure) [PSYoungGen: 68496K->1376K(69120K)] 371358K->304238K(552448K), 0.0020222 secs] [Times: user=0.01 sys=0.00, real=0.00 secs] 
2100.551: [GC (Allocation Failure) [PSYoungGen: 68448K->1344K(69120K)] 371310K->304206K(552448K), 0.0018577 secs] [Times: user=0.01 sys=0.00, real=0.01 secs] 
2101.219: [GC (Allocation Failure) [PSYoungGen: 68416K->1373K(69120K)] 371278K->304235K(552448K), 0.0014198 secs] [Times: user=0.00 sys=0.00, real=0.00 secs] 
2102.017: [GC (Allocation Failure) [PSYoungGen: 68445K->1408K(69120K)] 371307K->304278K(552448K), 0.0020356 secs] [Times: user=0.01 sys=0.00, real=0.00 secs] 
2102.772: [GC (Allocation Failure) [PSYoungGen: 68480K->1408K(69120K)] 371350K->304278K(552448K), 0.0019486 secs] [Times: user=0.01 sys=0.00, real=0.00 secs] 
2103.245: [GC (Allocation Failure) [PSYoungGen: 68480K->1408K(69120K)] 371350K->304278K(552448K), 0.0019981 secs] [Times: user=0.00 sys=0.00, real=0.00 secs] 
2103.749: [GC (Allocation Failure) [PSYoungGen: 68480K->1360K(69120K)] 371350K->304230K(552448K), 0.0019125 secs] [Times: user=0.01 sys=0.00, real=0.00 secs] 
2104.600: [GC (Allocation Failure) [PSYoungGen: 68432K->1408K(69120K)] 371302K->304278K(552448K), 0.0018707 secs] [Times: user=0.00 sys=0.00, real=0.01 secs] 
2104.880: [GC (Allocation Failure) [PSYoungGen: 68480K->1344K(69120K)] 371350K->304214K(552448K), 0.0017466 secs] [Times: user=0.01 sys=0.00, real=0.01 secs] 
2105.158: [GC (Allocation Failure) [PSYoungGen: 68416K->1312K(69120K)] 371286K->304182K(552448K), 0.0017185 secs] [Times: user=0.01 sys=0.00, real=0.00 secs] 
2105.437: [GC (Allocation Failure) [PSYoungGen: 68384K->1376K(68608K)] 371254K->304246K(551936K), 0.0017057 secs] [Times: user=0.01 sys=0.00, real=0.00 secs] 
2106.145: [GC (Allocation Failure) [PSYoungGen: 68448K->1325K(68608K)] 371318K->304195K(551936K), 0.0015664 secs] [Times: user=0.01 sys=0.00, real=0.00 secs] 
2106.892: [GC (Allocation Failure) [PSYoungGen: 68397K->1424K(68608K)] 371267K->304294K(551936K), 0.0017168 secs] [Times: user=0.01 sys=0.00, real=0.00 secs] 
2107.218: [GC (Allocation Failure) [PSYoungGen: 68496K->1408K(68608K)] 371366K->304286K(551936K), 0.0017936 secs] [Times: user=0.01 sys=0.00, real=0.00 secs] 
2107.497: [GC (Allocation Failure) [PSYoungGen: 68480K->1408K(68608K)] 371358K->304286K(551936K), 0.0018801 secs] [Times: user=0.00 sys=0.00, real=0.00 secs] 
2108.053: [GC (Allocation Failure) [PSYoungGen: 68480K->1392K(68608K)] 371358K->304270K(551936K), 0.0020469 secs] [Times: user=0.01 sys=0.00, real=0.00 secs] 
2109.158: [GC (Allocation Failure) [PSYoungGen: 68464K->1376K(68608K)] 371342K->304262K(551936K), 0.0018956 secs] [Times: user=0.01 sys=0.00, real=0.00 secs] 
2109.697: [GC (Allocation Failure) [PSYoungGen: 68448K->1376K(68608K)] 371334K->304262K(551936K), 0.0031309 secs] [Times: user=0.01 sys=0.00, real=0.00 secs] 
2109.981: [GC (Allocation Failure) [PSYoungGen: 68448K->1344K(68608K)] 371334K->304246K(551936K), 0.0021785 secs] [Times: user=0.01 sys=0.00, real=0.01 secs] 
2110.260: [GC (Allocation Failure) [PSYoungGen: 68416K->1376K(68608K)] 371318K->304278K(551936K), 0.0017144 secs] [Times: user=0.01 sys=0.00, real=0.01 secs] 
2111.007: [GC (Allocation Failure) [PSYoungGen: 68448K->928K(68608K)] 371350K->304854K(551936K), 0.0016866 secs] [Times: user=0.00 sys=0.00, real=0.00 secs] 
2111.285: [GC (Allocation Failure) [PSYoungGen: 68000K->384K(69120K)] 371926K->304310K(552448K), 0.0016427 secs] [Times: user=0.01 sys=0.00, real=0.00 secs] 
2111.564: [GC (Allocation Failure) [PSYoungGen: 67456K->352K(69120K)] 371382K->304278K(552448K), 0.0016507 secs] [Times: user=0.01 sys=0.00, real=0.00 secs] 
2111.997: [GC (Allocation Failure) [PSYoungGen: 67424K->416K(69120K)] 371350K->304342K(552448K), 0.0017061 secs] [Times: user=0.01 sys=0.00, real=0.00 secs] 
2112.575: [GC (Allocation Failure) [PSYoungGen: 67488K->384K(69120K)] 371414K->304310K(552448K), 0.0019415 secs] [Times: user=0.01 sys=0.00, real=0.00 secs] 
2113.627: [GC (Allocation Failure) [PSYoungGen: 67456K->1408K(69120K)] 371382K->305334K(552448K), 0.0017983 secs] [Times: user=0.00 sys=0.00, real=0.00 secs] 
2114.178: [GC (Allocation Failure) [PSYoungGen: 68480K->1360K(69120K)] 372406K->305286K(552448K), 0.0034039 secs] [Times: user=0.01 sys=0.00, real=0.01 secs] 
2114.702: [GC (Allocation Failure) [PSYoungGen: 68432K->1344K(69120K)] 372358K->305270K(552448K), 0.0024034 secs] [Times: user=0.01 sys=0.00, real=0.00 secs] 
2115.348: [GC (Allocation Failure) [PSYoungGen: 68416K->1408K(69120K)] 372342K->305334K(552448K), 0.0025702 secs] [Times: user=0.01 sys=0.00, real=0.00 secs] 
2116.521: [GC (Allocation Failure) [PSYoungGen: 68480K->1424K(69120K)] 372406K->305350K(552448K), 0.0016663 secs] [Times: user=0.00 sys=0.00, real=0.01 secs] 
2116.991: [GC (Allocation Failure) [PSYoungGen: 68496K->1376K(69120K)] 372422K->305302K(552448K), 0.0081272 secs] [Times: user=0.04 sys=0.00, real=0.01 secs] 
2117.312: [GC (Allocation Failure) [PSYoungGen: 68448K->1344K(74240K)] 372374K->305278K(557568K), 0.0018298 secs] [Times: user=0.00 sys=0.00, real=0.00 secs] 
2117.649: [GC (Allocation Failure) [PSYoungGen: 74048K->1376K(74752K)] 377982K->305310K(558080K), 0.0018208 secs] [Times: user=0.00 sys=0.01, real=0.00 secs] 
2118.621: [GC (Allocation Failure) [PSYoungGen: 74080K->1373K(73728K)] 378014K->305307K(557056K), 0.0015354 secs] [Times: user=0.00 sys=0.00, real=0.01 secs] 
2119.315: [GC (Allocation Failure) [PSYoungGen: 73565K->1408K(73216K)] 377499K->305342K(556544K), 0.0019428 secs] [Times: user=0.00 sys=0.00, real=0.00 secs] 
2119.743: [GC (Allocation Failure) [PSYoungGen: 73088K->1376K(79360K)] 377022K->305326K(562688K), 0.0053185 secs] [Times: user=0.02 sys=0.00, real=0.00 secs] 
2120.201: [GC (Allocation Failure) [PSYoungGen: 79200K->1376K(79872K)] 383150K->305326K(563200K), 0.0020200 secs] [Times: user=0.01 sys=0.00, real=0.01 secs] 
2121.202: [GC (Allocation Failure) [PSYoungGen: 79200K->224K(77824K)] 383150K->304174K(561152K), 0.0015655 secs] [Times: user=0.00 sys=0.00, real=0.00 secs] 
2121.998: [GC (Allocation Failure) [PSYoungGen: 77536K->1408K(78848K)] 381486K->305358K(562176K), 0.0026567 secs] [Times: user=0.01 sys=0.00, real=0.00 secs] 
2122.940: [GC (Allocation Failure) [PSYoungGen: 78208K->1376K(77824K)] 382158K->305326K(561152K), 0.0040641 secs] [Times: user=0.02 sys=0.00, real=0.01 secs] 
2124.131: [GC (Allocation Failure) [PSYoungGen: 77664K->1376K(77312K)] 381614K->305326K(560640K), 0.0039808 secs] [Times: user=0.01 sys=0.00, real=0.01 secs] 
2125.869: [GC (Allocation Failure) [PSYoungGen: 77152K->896K(76288K)] 381102K->305870K(559616K), 0.0030343 secs] [Times: user=0.01 sys=0.00, real=0.01 secs] 
2126.703: [GC (Allocation Failure) [PSYoungGen: 76160K->320K(75264K)] 381134K->305294K(558592K), 0.0019040 secs] [Times: user=0.01 sys=0.00, real=0.00 secs] 
2127.094: [GC (Allocation Failure) [PSYoungGen: 75072K->352K(74752K)] 380046K->305326K(558080K), 0.0021936 secs] [Times: user=0.01 sys=0.00, real=0.00 secs] 
2127.689: [GC (Allocation Failure) [PSYoungGen: 74592K->320K(76288K)] 379566K->305294K(559616K), 0.0018607 secs] [Times: user=0.00 sys=0.00, real=0.00 secs] 
2128.822: [GC (Allocation Failure) [PSYoungGen: 74048K->1920K(75264K)] 379022K->306894K(558592K), 0.0020631 secs] [Times: user=0.01 sys=0.00, real=0.00 secs] 
2129.270: [GC (Allocation Failure) [PSYoungGen: 75136K->1408K(74240K)] 380110K->306382K(557568K), 0.0021295 secs] [Times: user=0.01 sys=0.00, real=0.01 secs] 
2129.651: [GC (Allocation Failure) [PSYoungGen: 74112K->1392K(73728K)] 379086K->306366K(557056K), 0.0019331 secs] [Times: user=0.00 sys=0.00, real=0.00 secs] 
2130.002: [GC (Allocation Failure) [PSYoungGen: 73584K->1408K(73216K)] 378558K->306382K(556544K), 0.0027738 secs] [Times: user=0.00 sys=0.00, real=0.00 secs] 
2130.727: [GC (Allocation Failure) [PSYoungGen: 73088K->1376K(72704K)] 378062K->306350K(556032K), 0.0016378 secs] [Times: user=0.01 sys=0.00, real=0.00 secs] 
2131.900: [GC (Allocation Failure) [PSYoungGen: 72544K->1376K(72192K)] 377518K->306350K(555520K), 0.0043536 secs] [Times: user=0.01 sys=0.00, real=0.01 secs] 
2132.557: [GC (Allocation Failure) [PSYoungGen: 72032K->1344K(71680K)] 377006K->306318K(555008K), 0.0023337 secs] [Times: user=0.01 sys=0.00, real=0.00 secs] 
2133.172: [GC (Allocation Failure) [PSYoungGen: 71488K->1376K(71168K)] 376462K->306358K(554496K), 0.0021599 secs] [Times: user=0.01 sys=0.00, real=0.00 secs] 
2133.628: [GC (Allocation Failure) [PSYoungGen: 71008K->1389K(71168K)] 375990K->306371K(554496K), 0.0016503 secs] [Times: user=0.01 sys=0.00, real=0.00 secs] 
2134.323: [GC (Allocation Failure) [PSYoungGen: 70509K->1408K(70144K)] 375491K->306390K(553472K), 0.0016013 secs] [Times: user=0.00 sys=0.00, real=0.00 secs] 
2134.681: [GC (Allocation Failure) [PSYoungGen: 70016K->1408K(70144K)] 374998K->306390K(553472K), 0.0017078 secs] [Times: user=0.01 sys=0.00, real=0.00 secs] 
2135.038: [GC (Allocation Failure) [PSYoungGen: 69504K->1408K(69120K)] 374486K->306390K(552448K), 0.0028210 secs] [Times: user=0.02 sys=0.00, real=0.00 secs] 
2135.319: [GC (Allocation Failure) [PSYoungGen: 68992K->1376K(69632K)] 373974K->306358K(552960K), 0.0020295 secs] [Times: user=0.01 sys=0.00, real=0.00 secs] 
2136.093: [GC (Allocation Failure) [PSYoungGen: 68960K->1440K(69632K)] 373942K->306422K(552960K), 0.0016038 secs] [Times: user=0.01 sys=0.00, real=0.00 secs] 
2136.426: [GC (Allocation Failure) [PSYoungGen: 69024K->1376K(69632K)] 374006K->306358K(552960K), 0.0016309 secs] [Times: user=0.01 sys=0.00, real=0.00 secs] 
2136.707: [GC (Allocation Failure) [PSYoungGen: 68960K->1376K(69632K)] 373942K->306358K(552960K), 0.0016433 secs] [Times: user=0.00 sys=0.01, real=0.00 secs] 
2137.035: [GC (Allocation Failure) [PSYoungGen: 68960K->1408K(69632K)] 373942K->306390K(552960K), 0.0030575 secs] [Times: user=0.01 sys=0.00, real=0.00 secs] 
2138.444: [GC (Allocation Failure) [PSYoungGen: 68992K->1472K(69632K)] 373974K->306454K(552960K), 0.0019013 secs] [Times: user=0.00 sys=0.00, real=0.00 secs] 
2139.050: [GC (Allocation Failure) [PSYoungGen: 69056K->1408K(69632K)] 374038K->306390K(552960K), 0.0021348 secs] [Times: user=0.01 sys=0.00, real=0.01 secs] 
2139.737: [GC (Allocation Failure) [PSYoungGen: 68992K->1376K(69632K)] 373974K->306374K(552960K), 0.0019568 secs] [Times: user=0.01 sys=0.00, real=0.00 secs] 
2140.204: [GC (Allocation Failure) [PSYoungGen: 68960K->1376K(69632K)] 373958K->306374K(552960K), 0.0019560 secs] [Times: user=0.00 sys=0.00, real=0.00 secs] 
2140.485: [GC (Allocation Failure) [PSYoungGen: 68960K->1408K(69632K)] 373958K->306406K(552960K), 0.0018703 secs] [Times: user=0.01 sys=0.00, real=0.00 secs] 
2141.218: [GC (Allocation Failure) [PSYoungGen: 68992K->1440K(69632K)] 373990K->306438K(552960K), 0.0017434 secs] [Times: user=0.00 sys=0.00, real=0.00 secs] 
2141.504: [GC (Allocation Failure) [PSYoungGen: 69024K->1360K(69632K)] 374022K->306358K(552960K), 0.0016373 secs] [Times: user=0.01 sys=0.00, real=0.00 secs] 
2141.807: [GC (Allocation Failure) [PSYoungGen: 68944K->1376K(69632K)] 373942K->306374K(552960K), 0.0016812 secs] [Times: user=0.01 sys=0.00, real=0.00 secs] 
2142.262: [GC (Allocation Failure) [PSYoungGen: 68960K->1392K(69632K)] 373958K->306390K(552960K), 0.0016900 secs] [Times: user=0.01 sys=0.00, real=0.00 secs] 
2143.229: [GC (Allocation Failure) [PSYoungGen: 68976K->1408K(69632K)] 373974K->306406K(552960K), 0.0017165 secs] [Times: user=0.01 sys=0.00, real=0.00 secs] 
2144.112: [GC (Allocation Failure) [PSYoungGen: 68992K->1376K(69632K)] 373990K->306374K(552960K), 0.0042048 secs] [Times: user=0.02 sys=0.00, real=0.00 secs] 
2145.022: [GC (Allocation Failure) [PSYoungGen: 68960K->1360K(69632K)] 373958K->306374K(552960K), 0.0036137 secs] [Times: user=0.01 sys=0.00, real=0.00 secs] 
2145.606: [GC (Allocation Failure) [PSYoungGen: 68944K->1376K(69632K)] 373958K->306390K(552960K), 0.0025951 secs] [Times: user=0.01 sys=0.00, real=0.00 secs] 
2146.322: [GC (Allocation Failure) [PSYoungGen: 68960K->1373K(69632K)] 373974K->306387K(552960K), 0.0015188 secs] [Times: user=0.01 sys=0.00, real=0.00 secs] 
2147.678: [GC (Allocation Failure) [PSYoungGen: 68957K->1408K(69632K)] 373971K->306422K(552960K), 0.0019018 secs] [Times: user=0.01 sys=0.00, real=0.00 secs] 
2148.394: [GC (Allocation Failure) [PSYoungGen: 68992K->1376K(69120K)] 374006K->306390K(552448K), 0.0022931 secs] [Times: user=0.01 sys=0.00, real=0.00 secs] 
2149.377: [GC (Allocation Failure) [PSYoungGen: 68960K->1360K(69120K)] 373974K->306374K(552448K), 0.0030209 secs] [Times: user=0.02 sys=0.00, real=0.00 secs] 
2149.959: [GC (Allocation Failure) [PSYoungGen: 68944K->352K(68608K)] 373958K->306390K(551936K), 0.0025948 secs] [Times: user=0.01 sys=0.00, real=0.01 secs] 
2150.881: [GC (Allocation Failure) [PSYoungGen: 67936K->1456K(69632K)] 373974K->307494K(552960K), 0.0016363 secs] [Times: user=0.01 sys=0.00, real=0.01 secs] 
2151.161: [GC (Allocation Failure) [PSYoungGen: 69040K->1344K(69632K)] 375078K->307390K(552960K), 0.0015951 secs] [Times: user=0.01 sys=0.00, real=0.00 secs] 
2151.442: [GC (Allocation Failure) [PSYoungGen: 68928K->1392K(69632K)] 374974K->307438K(552960K), 0.0017280 secs] [Times: user=0.00 sys=0.00, real=0.00 secs] 
2151.723: [GC (Allocation Failure) [PSYoungGen: 68976K->1408K(69632K)] 375022K->307454K(552960K), 0.0016410 secs] [Times: user=0.01 sys=0.00, real=0.00 secs] 
2152.411: [GC (Allocation Failure) [PSYoungGen: 68698K->256K(69632K)] 374745K->306302K(552960K), 0.0016286 secs] [Times: user=0.01 sys=0.00, real=0.01 secs] 
2153.663: [GC (Allocation Failure) [PSYoungGen: 67840K->1440K(69632K)] 373886K->307486K(552960K), 0.0025913 secs] [Times: user=0.01 sys=0.00, real=0.00 secs] 
2154.516: [GC (Allocation Failure) [PSYoungGen: 69024K->1376K(69632K)] 375070K->307422K(552960K), 0.0025635 secs] [Times: user=0.00 sys=0.00, real=0.00 secs] 
2155.112: [GC (Allocation Failure) [PSYoungGen: 68960K->1376K(69632K)] 375006K->307422K(552960K), 0.0019831 secs] [Times: user=0.01 sys=0.00, real=0.00 secs] 
2155.462: [GC (Allocation Failure) [PSYoungGen: 68960K->1376K(69632K)] 375006K->307422K(552960K), 0.0020497 secs] [Times: user=0.01 sys=0.00, real=0.00 secs] 
2157.179: [GC (Allocation Failure) [PSYoungGen: 68960K->1408K(69632K)] 375006K->307454K(552960K), 0.0030086 secs] [Times: user=0.01 sys=0.01, real=0.01 secs] 
2158.042: [GC (Allocation Failure) [PSYoungGen: 68992K->1344K(69632K)] 375038K->307390K(552960K), 0.0025756 secs] [Times: user=0.01 sys=0.00, real=0.00 secs] 
2158.698: [GC (Allocation Failure) [PSYoungGen: 68928K->1344K(69632K)] 374974K->307390K(552960K), 0.0022169 secs] [Times: user=0.01 sys=0.01, real=0.00 secs] 
2159.532: [GC (Allocation Failure) [PSYoungGen: 68928K->1376K(69632K)] 374974K->307422K(552960K), 0.0031878 secs] [Times: user=0.01 sys=0.00, real=0.00 secs] 
2160.755: [GC (Allocation Failure) [PSYoungGen: 68960K->1456K(69632K)] 375006K->307502K(552960K), 0.0019707 secs] [Times: user=0.01 sys=0.00, real=0.00 secs] 
2161.361: [GC (Allocation Failure) [PSYoungGen: 69040K->1440K(69632K)] 375086K->307486K(552960K), 0.0023934 secs] [Times: user=0.01 sys=0.00, real=0.01 secs] 
2161.925: [GC (Allocation Failure) [PSYoungGen: 69024K->1344K(69632K)] 375070K->307398K(552960K), 0.0023617 secs] [Times: user=0.01 sys=0.00, real=0.00 secs] 
2162.509: [GC (Allocation Failure) [PSYoungGen: 68928K->1408K(69632K)] 374982K->307462K(552960K), 0.0029441 secs] [Times: user=0.01 sys=0.00, real=0.01 secs] 
2163.303: [GC (Allocation Failure) [PSYoungGen: 68992K->1373K(69632K)] 375046K->307427K(552960K), 0.0021150 secs] [Times: user=0.00 sys=0.00, real=0.00 secs] 
2164.221: [GC (Allocation Failure) [PSYoungGen: 68957K->1440K(69632K)] 375011K->307494K(552960K), 0.0018121 secs] [Times: user=0.01 sys=0.00, real=0.01 secs] 
2164.831: [GC (Allocation Failure) [PSYoungGen: 69024K->1440K(69632K)] 375078K->307494K(552960K), 0.0019604 secs] [Times: user=0.01 sys=0.00, real=0.01 secs] 
2165.657: [GC (Allocation Failure) [PSYoungGen: 69024K->1440K(69632K)] 375078K->307494K(552960K), 0.0031126 secs] [Times: user=0.02 sys=0.00, real=0.00 secs] 
2166.267: [GC (Allocation Failure) [PSYoungGen: 69024K->1376K(69632K)] 375078K->307430K(552960K), 0.0025491 secs] [Times: user=0.01 sys=0.00, real=0.00 secs] 
2167.461: [GC (Allocation Failure) [PSYoungGen: 68960K->1424K(69632K)] 375014K->307478K(552960K), 0.0019083 secs] [Times: user=0.01 sys=0.00, real=0.01 secs] 
2167.937: [GC (Allocation Failure) [PSYoungGen: 69008K->1376K(69632K)] 375062K->307430K(552960K), 0.0017555 secs] [Times: user=0.00 sys=0.00, real=0.00 secs] 
2168.254: [GC (Allocation Failure) [PSYoungGen: 68960K->1344K(69632K)] 375014K->307406K(552960K), 0.0019493 secs] [Times: user=0.01 sys=0.00, real=0.00 secs] 
2168.949: [GC (Allocation Failure) [PSYoungGen: 68928K->1376K(69632K)] 374990K->307438K(552960K), 0.0021226 secs] [Times: user=0.01 sys=0.00, real=0.01 secs] 
2170.229: [GC (Allocation Failure) [PSYoungGen: 68960K->1357K(69632K)] 375022K->307419K(552960K), 0.0014637 secs] [Times: user=0.00 sys=0.00, real=0.00 secs] 
2170.598: [GC (Allocation Failure) [PSYoungGen: 68941K->1408K(69632K)] 375003K->307470K(552960K), 0.0014633 secs] [Times: user=0.01 sys=0.00, real=0.00 secs] 
2170.878: [GC (Allocation Failure) [PSYoungGen: 68992K->1360K(69632K)] 375054K->307430K(552960K), 0.0014937 secs] [Times: user=0.01 sys=0.00, real=0.00 secs] 
2171.158: [GC (Allocation Failure) [PSYoungGen: 68944K->1344K(69120K)] 375014K->307414K(552448K), 0.0019524 secs] [Times: user=0.01 sys=0.00, real=0.00 secs] 
2171.441: [GC (Allocation Failure) [PSYoungGen: 68928K->1376K(69120K)] 374998K->307446K(552448K), 0.0019656 secs] [Times: user=0.00 sys=0.01, real=0.00 secs] 
2172.741: [GC (Allocation Failure) [PSYoungGen: 68960K->400K(68608K)] 375030K->307494K(551936K), 0.0026396 secs] [Times: user=0.01 sys=0.00, real=0.01 secs] 
2173.230: [GC (Allocation Failure) [PSYoungGen: 67984K->416K(69632K)] 375078K->307510K(552960K), 0.0021207 secs] [Times: user=0.01 sys=0.00, real=0.01 secs] 
2173.775: [GC (Allocation Failure) [PSYoungGen: 68000K->336K(69632K)] 375094K->307430K(552960K), 0.0020658 secs] [Times: user=0.01 sys=0.00, real=0.00 secs] 
2174.352: [GC (Allocation Failure) [PSYoungGen: 67920K->320K(69632K)] 375014K->307414K(552960K), 0.0033166 secs] [Times: user=0.01 sys=0.00, real=0.00 secs] 
2175.478: [GC (Allocation Failure) [PSYoungGen: 67904K->1408K(69632K)] 374998K->308502K(552960K), 0.0017926 secs] [Times: user=0.01 sys=0.00, real=0.00 secs] 
2176.435: [GC (Allocation Failure) [PSYoungGen: 68992K->1376K(69632K)] 376086K->308470K(552960K), 0.0041379 secs] [Times: user=0.02 sys=0.00, real=0.00 secs] 
2176.964: [GC (Allocation Failure) [PSYoungGen: 68960K->1376K(69632K)] 376054K->308478K(552960K), 0.0024276 secs] [Times: user=0.01 sys=0.00, real=0.00 secs] 
2177.600: [GC (Allocation Failure) [PSYoungGen: 68960K->1376K(69632K)] 376062K->308478K(552960K), 0.0022080 secs] [Times: user=0.01 sys=0.00, real=0.01 secs] 
2178.451: [GC (Allocation Failure) [PSYoungGen: 68960K->1357K(69632K)] 376062K->308460K(552960K), 0.0034933 secs] [Times: user=0.02 sys=0.00, real=0.01 secs] 
2179.822: [GC (Allocation Failure) [PSYoungGen: 68941K->1408K(69632K)] 376044K->308510K(552960K), 0.0026036 secs] [Times: user=0.01 sys=0.00, real=0.00 secs] 
2180.608: [GC (Allocation Failure) [PSYoungGen: 68992K->1376K(69632K)] 376094K->308486K(552960K), 0.0025426 secs] [Times: user=0.01 sys=0.00, real=0.00 secs] 
2181.336: [GC (Allocation Failure) [PSYoungGen: 68960K->1344K(69632K)] 376070K->308478K(552960K), 0.0038050 secs] [Times: user=0.01 sys=0.00, real=0.00 secs] 
2182.135: [GC (Allocation Failure) [PSYoungGen: 68928K->1408K(69632K)] 376062K->308542K(552960K), 0.0031449 secs] [Times: user=0.02 sys=0.00, real=0.00 secs] 
2183.211: [GC (Allocation Failure) [PSYoungGen: 68992K->1424K(69632K)] 376126K->308558K(552960K), 0.0015965 secs] [Times: user=0.00 sys=0.00, real=0.01 secs] 
2183.544: [GC (Allocation Failure) [PSYoungGen: 69008K->1408K(69632K)] 376142K->308542K(552960K), 0.0015753 secs] [Times: user=0.00 sys=0.00, real=0.00 secs] 
2183.931: [GC (Allocation Failure) [PSYoungGen: 68992K->1376K(69632K)] 376126K->308510K(552960K), 0.0017519 secs] [Times: user=0.00 sys=0.00, real=0.00 secs] 
2184.441: [GC (Allocation Failure) [PSYoungGen: 68960K->1376K(69632K)] 376094K->308510K(552960K), 0.0033170 secs] [Times: user=0.01 sys=0.00, real=0.01 secs] 
2185.556: [GC (Allocation Failure) [PSYoungGen: 68960K->1309K(69632K)] 376094K->308443K(552960K), 0.0015693 secs] [Times: user=0.01 sys=0.00, real=0.00 secs] 
2185.934: [GC (Allocation Failure) [PSYoungGen: 68893K->1408K(69632K)] 376027K->308542K(552960K), 0.0016959 secs] [Times: user=0.00 sys=0.00, real=0.00 secs] 
2186.214: [GC (Allocation Failure) [PSYoungGen: 68992K->1376K(69632K)] 376126K->308510K(552960K), 0.0017320 secs] [Times: user=0.01 sys=0.00, real=0.00 secs] 
2186.495: [GC (Allocation Failure) [PSYoungGen: 68960K->1376K(69632K)] 376094K->308510K(552960K), 0.0018154 secs] [Times: user=0.00 sys=0.00, real=0.00 secs] 
2186.776: [GC (Allocation Failure) [PSYoungGen: 68960K->1376K(69632K)] 376094K->308510K(552960K), 0.0017481 secs] [Times: user=0.01 sys=0.00, real=0.00 secs] 
2187.490: [GC (Allocation Failure) [PSYoungGen: 68960K->1424K(69632K)] 376094K->308558K(552960K), 0.0017303 secs] [Times: user=0.01 sys=0.00, real=0.01 secs] 
2187.770: [GC (Allocation Failure) [PSYoungGen: 69008K->1376K(69632K)] 376142K->308510K(552960K), 0.0017539 secs] [Times: user=0.01 sys=0.00, real=0.01 secs] 
2188.051: [GC (Allocation Failure) [PSYoungGen: 68960K->1376K(69632K)] 376094K->308510K(552960K), 0.0017172 secs] [Times: user=0.01 sys=0.00, real=0.01 secs] 
2188.331: [GC (Allocation Failure) [PSYoungGen: 68960K->1376K(69632K)] 376094K->308526K(552960K), 0.0016890 secs] [Times: user=0.00 sys=0.00, real=0.00 secs] 
2189.444: [GC (Allocation Failure) [PSYoungGen: 68960K->1424K(69632K)] 376110K->308574K(552960K), 0.0019723 secs] [Times: user=0.00 sys=0.00, real=0.00 secs] 
2191.003: [GC (Allocation Failure) [PSYoungGen: 69008K->1424K(69632K)] 376158K->308574K(552960K), 0.0027043 secs] [Times: user=0.01 sys=0.00, real=0.00 secs] 
2191.825: [GC (Allocation Failure) [PSYoungGen: 69008K->1344K(69632K)] 376158K->308494K(552960K), 0.0029246 secs] [Times: user=0.01 sys=0.00, real=0.00 secs] 
2192.999: [GC (Allocation Failure) [PSYoungGen: 68928K->1408K(69632K)] 376078K->308558K(552960K), 0.0015874 secs] [Times: user=0.01 sys=0.00, real=0.00 secs] 
2193.452: [GC (Allocation Failure) [PSYoungGen: 68992K->1392K(69632K)] 376142K->308542K(552960K), 0.0018262 secs] [Times: user=0.01 sys=0.00, real=0.00 secs] 
2193.742: [GC (Allocation Failure) [PSYoungGen: 68976K->1344K(69632K)] 376126K->308494K(552960K), 0.0017306 secs] [Times: user=0.00 sys=0.00, real=0.00 secs] 
2194.028: [GC (Allocation Failure) [PSYoungGen: 68928K->1296K(69632K)] 376078K->308446K(552960K), 0.0017421 secs] [Times: user=0.01 sys=0.00, real=0.00 secs] 
2194.373: [GC (Allocation Failure) [PSYoungGen: 68874K->304K(69632K)] 376025K->307454K(552960K), 0.0018896 secs] [Times: user=0.01 sys=0.00, real=0.00 secs] 
2196.795: [GC (Allocation Failure) [PSYoungGen: 67888K->1376K(69632K)] 375038K->308526K(552960K), 0.0029961 secs] [Times: user=0.01 sys=0.00, real=0.00 secs] 
2197.516: [GC (Allocation Failure) [PSYoungGen: 68960K->1344K(69632K)] 376110K->308494K(552960K), 0.0040624 secs] [Times: user=0.02 sys=0.00, real=0.00 secs] 
2198.385: [GC (Allocation Failure) [PSYoungGen: 68928K->1360K(69632K)] 376078K->308510K(552960K), 0.0041748 secs] [Times: user=0.01 sys=0.00, real=0.00 secs] 
2198.945: [GC (Allocation Failure) [PSYoungGen: 68944K->1392K(69632K)] 376094K->308542K(552960K), 0.0021305 secs] [Times: user=0.01 sys=0.00, real=0.00 secs] 
2199.883: [GC (Allocation Failure) [PSYoungGen: 68976K->1424K(69632K)] 376126K->308574K(552960K), 0.0018154 secs] [Times: user=0.00 sys=0.00, real=0.00 secs] 
2200.207: [GC (Allocation Failure) [PSYoungGen: 69008K->1376K(69632K)] 376158K->308526K(552960K), 0.0018445 secs] [Times: user=0.00 sys=0.00, real=0.00 secs] 
2200.529: [GC (Allocation Failure) [PSYoungGen: 68960K->1408K(69632K)] 376110K->308558K(552960K), 0.0017436 secs] [Times: user=0.00 sys=0.00, real=0.00 secs] 
2200.809: [GC (Allocation Failure) [PSYoungGen: 68992K->1376K(69632K)] 376142K->308526K(552960K), 0.0016876 secs] [Times: user=0.00 sys=0.00, real=0.00 secs] 
2201.463: [GC (Allocation Failure) [PSYoungGen: 68960K->1389K(69632K)] 376110K->308548K(552960K), 0.0022031 secs] [Times: user=0.01 sys=0.00, real=0.00 secs] 
2202.605: [GC (Allocation Failure) [PSYoungGen: 68973K->1376K(69632K)] 376132K->308534K(552960K), 0.0023484 secs] [Times: user=0.01 sys=0.00, real=0.00 secs] 
2203.323: [GC (Allocation Failure) [PSYoungGen: 68960K->1376K(69632K)] 376118K->308534K(552960K), 0.0030256 secs] [Times: user=0.01 sys=0.00, real=0.00 secs] 
2203.931: [GC (Allocation Failure) [PSYoungGen: 68960K->1440K(69632K)] 376118K->308598K(552960K), 0.0028224 secs] [Times: user=0.01 sys=0.00, real=0.01 secs] 
2204.414: [GC (Allocation Failure) [PSYoungGen: 69024K->1344K(69632K)] 376182K->308502K(552960K), 0.0020352 secs] [Times: user=0.01 sys=0.00, real=0.00 secs] 
2205.491: [GC (Allocation Failure) [PSYoungGen: 68928K->1376K(69632K)] 376086K->308534K(552960K), 0.0018595 secs] [Times: user=0.01 sys=0.01, real=0.00 secs] 
2206.618: [GC (Allocation Failure) [PSYoungGen: 68960K->1376K(69632K)] 376118K->308534K(552960K), 0.0045930 secs] [Times: user=0.01 sys=0.00, real=0.01 secs] 
2207.513: [GC (Allocation Failure) [PSYoungGen: 68960K->1376K(69632K)] 376118K->308542K(552960K), 0.0042123 secs] [Times: user=0.02 sys=0.00, real=0.00 secs] 
2208.211: [GC (Allocation Failure) [PSYoungGen: 68960K->1408K(69632K)] 376126K->308574K(552960K), 0.0035876 secs] [Times: user=0.02 sys=0.00, real=0.01 secs] 
2209.288: [GC (Allocation Failure) [PSYoungGen: 68992K->1952K(69632K)] 376158K->309118K(552960K), 0.0066039 secs] [Times: user=0.03 sys=0.00, real=0.01 secs] 
2209.802: [GC (Allocation Failure) [PSYoungGen: 69536K->1392K(69632K)] 376702K->308558K(552960K), 0.0037141 secs] [Times: user=0.01 sys=0.00, real=0.00 secs] 
2210.331: [GC (Allocation Failure) [PSYoungGen: 68976K->1376K(69632K)] 376142K->308542K(552960K), 0.0044664 secs] [Times: user=0.01 sys=0.00, real=0.01 secs] 
2210.869: [GC (Allocation Failure) [PSYoungGen: 68960K->1392K(69120K)] 376126K->308558K(552448K), 0.0027945 secs] [Times: user=0.01 sys=0.00, real=0.01 secs] 
2211.379: [GC (Allocation Failure) [PSYoungGen: 68976K->1376K(69120K)] 376142K->308550K(552448K), 0.0024996 secs] [Times: user=0.01 sys=0.00, real=0.01 secs] 
2212.696: [GC (Allocation Failure) [PSYoungGen: 68960K->1424K(69120K)] 376134K->308598K(552448K), 0.0020246 secs] [Times: user=0.01 sys=0.00, real=0.00 secs] 
2213.371: [GC (Allocation Failure) [PSYoungGen: 69008K->1360K(69120K)] 376182K->308534K(552448K), 0.0023576 secs] [Times: user=0.01 sys=0.00, real=0.01 secs] 
2214.084: [GC (Allocation Failure) [PSYoungGen: 68944K->1376K(69120K)] 376118K->308550K(552448K), 0.0025328 secs] [Times: user=0.01 sys=0.00, real=0.00 secs] 
2214.902: [GC (Allocation Failure) [PSYoungGen: 68960K->1376K(69120K)] 376134K->308550K(552448K), 0.0027798 secs] [Times: user=0.01 sys=0.00, real=0.00 secs] 
2216.005: [GC (Allocation Failure) [PSYoungGen: 68960K->1440K(69120K)] 376134K->308614K(552448K), 0.0017550 secs] [Times: user=0.00 sys=0.00, real=0.00 secs] 
2216.679: [GC (Allocation Failure) [PSYoungGen: 69024K->1376K(69120K)] 376198K->308550K(552448K), 0.0032476 secs] [Times: user=0.01 sys=0.00, real=0.01 secs] 
2217.371: [GC (Allocation Failure) [PSYoungGen: 68960K->1376K(69120K)] 376134K->308550K(552448K), 0.0027866 secs] [Times: user=0.02 sys=0.00, real=0.01 secs] 
2217.908: [GC (Allocation Failure) [PSYoungGen: 68960K->1376K(69120K)] 376134K->308550K(552448K), 0.0027809 secs] [Times: user=0.01 sys=0.00, real=0.00 secs] 
2218.683: [GC (Allocation Failure) [PSYoungGen: 68960K->1341K(69120K)] 376134K->308515K(552448K), 0.0014360 secs] [Times: user=0.00 sys=0.00, real=0.00 secs] 
2219.894: [GC (Allocation Failure) [PSYoungGen: 68925K->1440K(69632K)] 376099K->308614K(552960K), 0.0029423 secs] [Times: user=0.01 sys=0.00, real=0.00 secs] 
2220.565: [GC (Allocation Failure) [PSYoungGen: 69024K->1408K(69120K)] 376198K->308582K(552448K), 0.0021611 secs] [Times: user=0.01 sys=0.00, real=0.00 secs] 
2221.288: [GC (Allocation Failure) [PSYoungGen: 68992K->1472K(69120K)] 376166K->308646K(552448K), 0.0021217 secs] [Times: user=0.01 sys=0.00, real=0.00 secs] 
2221.845: [GC (Allocation Failure) [PSYoungGen: 69056K->1440K(69632K)] 376230K->308622K(552960K), 0.0037089 secs] [Times: user=0.02 sys=0.00, real=0.00 secs] 
2223.462: [GC (Allocation Failure) [PSYoungGen: 69024K->1440K(69632K)] 376206K->308622K(552960K), 0.0036394 secs] [Times: user=0.01 sys=0.00, real=0.00 secs] 
2224.283: [GC (Allocation Failure) [PSYoungGen: 69024K->1392K(69120K)] 376206K->308574K(552448K), 0.0030427 secs] [Times: user=0.01 sys=0.00, real=0.00 secs] 
2224.853: [GC (Allocation Failure) [PSYoungGen: 68976K->1376K(69120K)] 376158K->308558K(552448K), 0.0035954 secs] [Times: user=0.02 sys=0.00, real=0.00 secs] 
2225.453: [GC (Allocation Failure) [PSYoungGen: 68960K->320K(68608K)] 376142K->308526K(551936K), 0.0029408 secs] [Times: user=0.01 sys=0.00, real=0.00 secs] 
2226.713: [GC (Allocation Failure) [PSYoungGen: 67904K->1664K(69632K)] 376110K->309870K(552960K), 0.0029087 secs] [Times: user=0.02 sys=0.00, real=0.00 secs] 
2227.853: [GC (Allocation Failure) [PSYoungGen: 69248K->1392K(69632K)] 377454K->309598K(552960K), 0.0023328 secs] [Times: user=0.01 sys=0.00, real=0.00 secs] 
2228.776: [GC (Allocation Failure) [PSYoungGen: 68976K->1376K(69632K)] 377182K->309582K(552960K), 0.0021843 secs] [Times: user=0.01 sys=0.00, real=0.00 secs] 
2229.772: [GC (Allocation Failure) [PSYoungGen: 68960K->1376K(69632K)] 377166K->309582K(552960K), 0.0039624 secs] [Times: user=0.02 sys=0.00, real=0.00 secs] 
2230.568: [GC (Allocation Failure) [PSYoungGen: 68960K->1376K(69632K)] 377166K->309582K(552960K), 0.0029240 secs] [Times: user=0.01 sys=0.00, real=0.01 secs] 
2232.222: [GC (Allocation Failure) [PSYoungGen: 68960K->1408K(69632K)] 377166K->309614K(552960K), 0.0042570 secs] [Times: user=0.02 sys=0.00, real=0.00 secs] 
2233.059: [GC (Allocation Failure) [PSYoungGen: 68992K->1376K(69632K)] 377198K->309582K(552960K), 0.0026794 secs] [Times: user=0.01 sys=0.00, real=0.01 secs] 
2233.680: [GC (Allocation Failure) [PSYoungGen: 68960K->1392K(69632K)] 377166K->309598K(552960K), 0.0024178 secs] [Times: user=0.01 sys=0.00, real=0.01 secs] 
2234.188: [GC (Allocation Failure) [PSYoungGen: 68976K->1376K(69632K)] 377182K->309590K(552960K), 0.0023039 secs] [Times: user=0.01 sys=0.00, real=0.00 secs] 
2235.247: [GC (Allocation Failure) [PSYoungGen: 68960K->1376K(69632K)] 377174K->309590K(552960K), 0.0016295 secs] [Times: user=0.00 sys=0.00, real=0.00 secs] 
2236.419: [GC (Allocation Failure) [PSYoungGen: 68960K->1408K(69632K)] 377174K->309622K(552960K), 0.0024710 secs] [Times: user=0.01 sys=0.00, real=0.01 secs] 
2237.490: [GC (Allocation Failure) [PSYoungGen: 68992K->1376K(69632K)] 377206K->309590K(552960K), 0.0023158 secs] [Times: user=0.00 sys=0.00, real=0.01 secs] 
2238.117: [GC (Allocation Failure) [PSYoungGen: 68960K->1376K(69632K)] 377174K->309590K(552960K), 0.0025123 secs] [Times: user=0.00 sys=0.00, real=0.00 secs] 
2239.049: [GC (Allocation Failure) [PSYoungGen: 68960K->1421K(69632K)] 377174K->309636K(552960K), 0.0016727 secs] [Times: user=0.01 sys=0.00, real=0.00 secs] 
2240.278: [GC (Allocation Failure) [PSYoungGen: 69005K->1376K(69120K)] 377220K->309590K(552448K), 0.0021289 secs] [Times: user=0.01 sys=0.00, real=0.00 secs] 
2240.981: [GC (Allocation Failure) [PSYoungGen: 68960K->1344K(69120K)] 377174K->309558K(552448K), 0.0020380 secs] [Times: user=0.01 sys=0.00, real=0.01 secs] 
2241.728: [GC (Allocation Failure) [PSYoungGen: 68928K->1344K(69120K)] 377142K->309558K(552448K), 0.0023024 secs] [Times: user=0.00 sys=0.00, real=0.00 secs] 
2242.381: [GC (Allocation Failure) [PSYoungGen: 68928K->1344K(69120K)] 377142K->309558K(552448K), 0.0021595 secs] [Times: user=0.01 sys=0.00, real=0.01 secs] 
2243.251: [GC (Allocation Failure) [PSYoungGen: 68928K->1376K(69120K)] 377142K->309590K(552448K), 0.0015336 secs] [Times: user=0.01 sys=0.00, real=0.01 secs] 
2243.560: [GC (Allocation Failure) [PSYoungGen: 68960K->1408K(69120K)] 377174K->309630K(552448K), 0.0016464 secs] [Times: user=0.00 sys=0.00, real=0.01 secs] 
2243.890: [GC (Allocation Failure) [PSYoungGen: 68992K->1328K(69120K)] 377214K->309550K(552448K), 0.0017022 secs] [Times: user=0.01 sys=0.00, real=0.01 secs] 
2244.353: [GC (Allocation Failure) [PSYoungGen: 68912K->1408K(69120K)] 377134K->309630K(552448K), 0.0019175 secs] [Times: user=0.00 sys=0.00, real=0.00 secs] 
2245.344: [GC (Allocation Failure) [PSYoungGen: 68695K->224K(69120K)] 376917K->308446K(552448K), 0.0015290 secs] [Times: user=0.00 sys=0.00, real=0.00 secs] 
2246.355: [GC (Allocation Failure) [PSYoungGen: 67808K->1392K(69632K)] 376030K->309614K(552960K), 0.0041161 secs] [Times: user=0.01 sys=0.00, real=0.00 secs] 
2247.451: [GC (Allocation Failure) [PSYoungGen: 68976K->1392K(69632K)] 377198K->309614K(552960K), 0.0046980 secs] [Times: user=0.01 sys=0.00, real=0.01 secs] 
2248.114: [GC (Allocation Failure) [PSYoungGen: 68976K->1360K(69632K)] 377198K->309582K(552960K), 0.0025537 secs] [Times: user=0.01 sys=0.00, real=0.00 secs] 
2248.968: [GC (Allocation Failure) [PSYoungGen: 68944K->1360K(69632K)] 377166K->309582K(552960K), 0.0031301 secs] [Times: user=0.01 sys=0.00, real=0.00 secs] 
2250.749: [GC (Allocation Failure) [PSYoungGen: 68944K->1440K(69632K)] 377166K->309662K(552960K), 0.0023506 secs] [Times: user=0.01 sys=0.00, real=0.00 secs] 
2251.438: [GC (Allocation Failure) [PSYoungGen: 69024K->1424K(69632K)] 377246K->309646K(552960K), 0.0024834 secs] [Times: user=0.01 sys=0.00, real=0.00 secs] 
2252.165: [GC (Allocation Failure) [PSYoungGen: 69008K->1328K(69632K)] 377230K->309550K(552960K), 0.0020966 secs] [Times: user=0.01 sys=0.00, real=0.00 secs] 
2253.008: [GC (Allocation Failure) [PSYoungGen: 68912K->1424K(69632K)] 377134K->309654K(552960K), 0.0024135 secs] [Times: user=0.01 sys=0.00, real=0.00 secs] 
2254.384: [GC (Allocation Failure) [PSYoungGen: 69008K->1440K(69632K)] 377238K->309670K(552960K), 0.0017783 secs] [Times: user=0.00 sys=0.00, real=0.00 secs] 
2255.209: [GC (Allocation Failure) [PSYoungGen: 69024K->1392K(69632K)] 377254K->309622K(552960K), 0.0030106 secs] [Times: user=0.01 sys=0.00, real=0.01 secs] 
2256.113: [GC (Allocation Failure) [PSYoungGen: 68976K->1392K(69632K)] 377206K->309622K(552960K), 0.0026654 secs] [Times: user=0.02 sys=0.00, real=0.00 secs] 
2256.996: [GC (Allocation Failure) [PSYoungGen: 68976K->1424K(69632K)] 377206K->309654K(552960K), 0.0037548 secs] [Times: user=0.02 sys=0.00, real=0.00 secs] 
2257.597: [GC (Allocation Failure) [PSYoungGen: 69008K->1389K(69632K)] 377238K->309620K(552960K), 0.0018796 secs] [Times: user=0.00 sys=0.00, real=0.00 secs] 
2258.642: [GC (Allocation Failure) [PSYoungGen: 68973K->1424K(69632K)] 377204K->309654K(552960K), 0.0025897 secs] [Times: user=0.01 sys=0.00, real=0.00 secs] 
2259.048: [GC (Allocation Failure) [PSYoungGen: 69008K->1376K(69632K)] 377238K->309630K(552960K), 0.0019426 secs] [Times: user=0.01 sys=0.00, real=0.00 secs] 
2259.329: [GC (Allocation Failure) [PSYoungGen: 68960K->1408K(69632K)] 377214K->309662K(552960K), 0.0019511 secs] [Times: user=0.01 sys=0.00, real=0.00 secs] 
2259.609: [GC (Allocation Failure) [PSYoungGen: 68992K->1408K(69632K)] 377246K->309662K(552960K), 0.0018877 secs] [Times: user=0.01 sys=0.00, real=0.01 secs] 
2260.420: [GC (Allocation Failure) [PSYoungGen: 68992K->1376K(69632K)] 377246K->309630K(552960K), 0.0017630 secs] [Times: user=0.01 sys=0.00, real=0.01 secs] 
2260.974: [GC (Allocation Failure) [PSYoungGen: 68960K->1376K(69632K)] 377214K->309630K(552960K), 0.0018474 secs] [Times: user=0.00 sys=0.01, real=0.00 secs] 
2261.481: [GC (Allocation Failure) [PSYoungGen: 68960K->1376K(69120K)] 377214K->309638K(552448K), 0.0019899 secs] [Times: user=0.01 sys=0.00, real=0.01 secs] 
2262.054: [GC (Allocation Failure) [PSYoungGen: 68960K->1312K(69120K)] 377222K->309574K(552448K), 0.0018890 secs] [Times: user=0.00 sys=0.01, real=0.00 secs] 
2262.969: [GC (Allocation Failure) [PSYoungGen: 68896K->1373K(69120K)] 377158K->309636K(552448K), 0.0014703 secs] [Times: user=0.01 sys=0.00, real=0.00 secs] 
2263.649: [GC (Allocation Failure) [PSYoungGen: 68957K->1408K(69120K)] 377220K->309670K(552448K), 0.0027135 secs] [Times: user=0.01 sys=0.00, real=0.01 secs] 
2264.225: [GC (Allocation Failure) [PSYoungGen: 68992K->1376K(69120K)] 377254K->309646K(552448K), 0.0024358 secs] [Times: user=0.01 sys=0.00, real=0.00 secs] 
2264.540: [GC (Allocation Failure) [PSYoungGen: 68960K->1376K(69120K)] 377230K->309646K(552448K), 0.0018472 secs] [Times: user=0.01 sys=0.00, real=0.01 secs] 
2264.821: [GC (Allocation Failure) [PSYoungGen: 68960K->1392K(69120K)] 377230K->309662K(552448K), 0.0015940 secs] [Times: user=0.00 sys=0.00, real=0.01 secs] 
2265.576: [GC (Allocation Failure) [PSYoungGen: 68976K->1392K(69120K)] 377246K->309662K(552448K), 0.0019322 secs] [Times: user=0.00 sys=0.00, real=0.00 secs] 
2265.857: [GC (Allocation Failure) [PSYoungGen: 68976K->1408K(69120K)] 377246K->309678K(552448K), 0.0017720 secs] [Times: user=0.00 sys=0.00, real=0.00 secs] 
2266.294: [GC (Allocation Failure) [PSYoungGen: 68992K->1408K(69120K)] 377262K->309678K(552448K), 0.0019818 secs] [Times: user=0.01 sys=0.00, real=0.00 secs] 
2266.853: [GC (Allocation Failure) [PSYoungGen: 68992K->1440K(69120K)] 377262K->309710K(552448K), 0.0022389 secs] [Times: user=0.01 sys=0.00, real=0.00 secs] 
2267.824: [GC (Allocation Failure) [PSYoungGen: 69024K->1408K(69120K)] 377294K->309678K(552448K), 0.0016219 secs] [Times: user=0.01 sys=0.00, real=0.00 secs] 
2268.516: [GC (Allocation Failure) [PSYoungGen: 68992K->1408K(69120K)] 377262K->309678K(552448K), 0.0036009 secs] [Times: user=0.02 sys=0.00, real=0.00 secs] 
2269.167: [GC (Allocation Failure) [PSYoungGen: 68992K->1392K(69120K)] 377262K->309670K(552448K), 0.0036850 secs] [Times: user=0.01 sys=0.00, real=0.00 secs] 
2270.011: [GC (Allocation Failure) [PSYoungGen: 68976K->1408K(69120K)] 377254K->309686K(552448K), 0.0034871 secs] [Times: user=0.01 sys=0.00, real=0.01 secs] 
2270.897: [GC (Allocation Failure) [PSYoungGen: 68992K->288K(68608K)] 377270K->308566K(551936K), 0.0031834 secs] [Times: user=0.01 sys=0.00, real=0.00 secs] 
2272.857: [GC (Allocation Failure) [PSYoungGen: 67360K->1440K(69120K)] 375638K->309718K(552448K), 0.0026115 secs] [Times: user=0.01 sys=0.00, real=0.00 secs] 
2273.628: [GC (Allocation Failure) [PSYoungGen: 68512K->1408K(69120K)] 376790K->309686K(552448K), 0.0028992 secs] [Times: user=0.01 sys=0.00, real=0.00 secs] 
2274.659: [GC (Allocation Failure) [PSYoungGen: 68480K->1376K(69120K)] 376758K->309654K(552448K), 0.0041252 secs] [Times: user=0.02 sys=0.00, real=0.01 secs] 
2275.524: [GC (Allocation Failure) [PSYoungGen: 68448K->1408K(69120K)] 376726K->309686K(552448K), 0.0037044 secs] [Times: user=0.01 sys=0.00, real=0.00 secs] 
2276.688: [GC (Allocation Failure) [PSYoungGen: 68480K->1344K(69120K)] 376758K->309622K(552448K), 0.0018081 secs] [Times: user=0.01 sys=0.00, real=0.00 secs] 
2277.308: [GC (Allocation Failure) [PSYoungGen: 68416K->1344K(69120K)] 376694K->309622K(552448K), 0.0019831 secs] [Times: user=0.01 sys=0.00, real=0.00 secs] 
2277.977: [GC (Allocation Failure) [PSYoungGen: 68416K->1408K(69120K)] 376694K->309686K(552448K), 0.0029308 secs] [Times: user=0.01 sys=0.00, real=0.00 secs] 
2278.492: [GC (Allocation Failure) [PSYoungGen: 68480K->1408K(69120K)] 376758K->309686K(552448K), 0.0024483 secs] [Times: user=0.02 sys=0.00, real=0.00 secs] 
2279.550: [GC (Allocation Failure) [PSYoungGen: 68480K->1341K(69120K)] 376758K->309620K(552448K), 0.0014778 secs] [Times: user=0.00 sys=0.00, real=0.01 secs] 
2280.165: [GC (Allocation Failure) [PSYoungGen: 68413K->1408K(69120K)] 376692K->309686K(552448K), 0.0022615 secs] [Times: user=0.01 sys=0.01, real=0.00 secs] 
2280.444: [GC (Allocation Failure) [PSYoungGen: 68480K->1408K(69120K)] 376758K->309686K(552448K), 0.0019303 secs] [Times: user=0.01 sys=0.00, real=0.00 secs] 
2280.723: [GC (Allocation Failure) [PSYoungGen: 68480K->1376K(69120K)] 376758K->309654K(552448K), 0.0020545 secs] [Times: user=0.01 sys=0.00, real=0.00 secs] 
2281.002: [GC (Allocation Failure) [PSYoungGen: 68448K->1376K(69120K)] 376726K->309654K(552448K), 0.0023410 secs] [Times: user=0.01 sys=0.00, real=0.00 secs] 
2281.731: [GC (Allocation Failure) [PSYoungGen: 68448K->1440K(69120K)] 376726K->309718K(552448K), 0.0017332 secs] [Times: user=0.01 sys=0.00, real=0.01 secs] 
2282.009: [GC (Allocation Failure) [PSYoungGen: 68512K->1440K(69120K)] 376790K->309726K(552448K), 0.0017322 secs] [Times: user=0.00 sys=0.00, real=0.00 secs] 
2282.289: [GC (Allocation Failure) [PSYoungGen: 68512K->1408K(69120K)] 376798K->309694K(552448K), 0.0017741 secs] [Times: user=0.01 sys=0.00, real=0.00 secs] 
2282.575: [GC (Allocation Failure) [PSYoungGen: 68480K->1408K(69120K)] 376766K->309694K(552448K), 0.0027152 secs] [Times: user=0.01 sys=0.00, real=0.00 secs] 
2283.401: [GC (Allocation Failure) [PSYoungGen: 68480K->1453K(68608K)] 376766K->309740K(551936K), 0.0014771 secs] [Times: user=0.01 sys=0.00, real=0.00 secs] 
2284.397: [GC (Allocation Failure) [PSYoungGen: 68525K->1408K(68608K)] 376812K->309694K(551936K), 0.0027601 secs] [Times: user=0.01 sys=0.00, real=0.00 secs] 
2285.117: [GC (Allocation Failure) [PSYoungGen: 68480K->1376K(68608K)] 376766K->309662K(551936K), 0.0025421 secs] [Times: user=0.01 sys=0.00, real=0.00 secs] 
2285.732: [GC (Allocation Failure) [PSYoungGen: 68448K->1344K(68608K)] 376734K->309630K(551936K), 0.0027304 secs] [Times: user=0.01 sys=0.00, real=0.00 secs] 
2286.290: [GC (Allocation Failure) [PSYoungGen: 68416K->1376K(68608K)] 376702K->309662K(551936K), 0.0023001 secs] [Times: user=0.01 sys=0.00, real=0.01 secs] 
2287.637: [GC (Allocation Failure) [PSYoungGen: 68448K->1440K(68608K)] 376734K->309726K(551936K), 0.0028268 secs] [Times: user=0.01 sys=0.00, real=0.00 secs] 
2288.191: [GC (Allocation Failure) [PSYoungGen: 68512K->352K(67584K)] 376798K->309662K(550912K), 0.0019824 secs] [Times: user=0.01 sys=0.00, real=0.00 secs] 
2288.902: [GC (Allocation Failure) [PSYoungGen: 67424K->384K(69120K)] 376734K->309694K(552448K), 0.0024799 secs] [Times: user=0.01 sys=0.00, real=0.00 secs] 
2289.599: [GC (Allocation Failure) [PSYoungGen: 67456K->320K(67584K)] 376766K->309646K(550912K), 0.0032647 secs] [Times: user=0.01 sys=0.00, real=0.01 secs] 
2290.578: [GC (Allocation Failure) [PSYoungGen: 67392K->1920K(69120K)] 376718K->311246K(552448K), 0.0017402 secs] [Times: user=0.01 sys=0.00, real=0.00 secs] 
2291.263: [GC (Allocation Failure) [PSYoungGen: 68992K->1344K(69632K)] 378318K->310670K(552960K), 0.0020301 secs] [Times: user=0.01 sys=0.00, real=0.00 secs] 
2291.542: [GC (Allocation Failure) [PSYoungGen: 68416K->1344K(68608K)] 377742K->310670K(551936K), 0.0020447 secs] [Times: user=0.01 sys=0.00, real=0.00 secs] 
2291.821: [GC (Allocation Failure) [PSYoungGen: 68416K->1376K(69120K)] 377742K->310702K(552448K), 0.0019290 secs] [Times: user=0.01 sys=0.00, real=0.00 secs] 
2292.100: [GC (Allocation Failure) [PSYoungGen: 68448K->1344K(69120K)] 377774K->310670K(552448K), 0.0019904 secs] [Times: user=0.01 sys=0.00, real=0.01 secs] 
2293.238: [GC (Allocation Failure) [PSYoungGen: 68416K->1408K(69120K)] 377742K->310734K(552448K), 0.0017129 secs] [Times: user=0.01 sys=0.00, real=0.00 secs] 
2294.112: [GC (Allocation Failure) [PSYoungGen: 68480K->1376K(69120K)] 377806K->310702K(552448K), 0.0027269 secs] [Times: user=0.01 sys=0.00, real=0.00 secs] 
2294.844: [GC (Allocation Failure) [PSYoungGen: 68448K->1344K(69120K)] 377774K->310670K(552448K), 0.0030696 secs] [Times: user=0.01 sys=0.00, real=0.00 secs] 
2295.393: [GC (Allocation Failure) [PSYoungGen: 68416K->1376K(69120K)] 377742K->310702K(552448K), 0.0024083 secs] [Times: user=0.01 sys=0.00, real=0.00 secs] 
2296.177: [GC (Allocation Failure) [PSYoungGen: 68448K->1440K(69120K)] 377774K->310766K(552448K), 0.0017961 secs] [Times: user=0.00 sys=0.00, real=0.00 secs] 
2296.613: [GC (Allocation Failure) [PSYoungGen: 68512K->1360K(69120K)] 377838K->310686K(552448K), 0.0018705 secs] [Times: user=0.01 sys=0.00, real=0.00 secs] 
2297.158: [GC (Allocation Failure) [PSYoungGen: 68432K->1376K(69120K)] 377758K->310710K(552448K), 0.0020922 secs] [Times: user=0.01 sys=0.00, real=0.00 secs] 
2297.705: [GC (Allocation Failure) [PSYoungGen: 68448K->1344K(69120K)] 377782K->310678K(552448K), 0.0027838 secs] [Times: user=0.01 sys=0.00, real=0.00 secs] 
2298.377: [GC (Allocation Failure) [PSYoungGen: 68416K->1421K(69120K)] 377750K->310756K(552448K), 0.0017381 secs] [Times: user=0.01 sys=0.00, real=0.00 secs] 
2299.368: [GC (Allocation Failure) [PSYoungGen: 68493K->1408K(69120K)] 377828K->310758K(552448K), 0.0017738 secs] [Times: user=0.00 sys=0.00, real=0.00 secs] 
2300.121: [GC (Allocation Failure) [PSYoungGen: 68480K->1376K(69120K)] 377830K->310742K(552448K), 0.0040584 secs] [Times: user=0.02 sys=0.00, real=0.00 secs] 
2300.767: [GC (Allocation Failure) [PSYoungGen: 68448K->1376K(69120K)] 377814K->310742K(552448K), 0.0025099 secs] [Times: user=0.01 sys=0.00, real=0.00 secs] 
2301.325: [GC (Allocation Failure) [PSYoungGen: 68448K->1344K(69120K)] 377814K->310710K(552448K), 0.0031451 secs] [Times: user=0.01 sys=0.00, real=0.00 secs] 
2302.750: [GC (Allocation Failure) [PSYoungGen: 68416K->1376K(69120K)] 377782K->310742K(552448K), 0.0041331 secs] [Times: user=0.01 sys=0.00, real=0.01 secs] 
2303.542: [GC (Allocation Failure) [PSYoungGen: 68448K->1408K(69120K)] 377814K->310774K(552448K), 0.0037213 secs] [Times: user=0.02 sys=0.00, real=0.00 secs] 
2304.101: [GC (Allocation Failure) [PSYoungGen: 68480K->1360K(69120K)] 377846K->310726K(552448K), 0.0023503 secs] [Times: user=0.01 sys=0.00, real=0.01 secs] 
2304.898: [GC (Allocation Failure) [PSYoungGen: 68432K->1344K(69120K)] 377798K->310710K(552448K), 0.0021087 secs] [Times: user=0.01 sys=0.00, real=0.00 secs] 
2305.960: [GC (Allocation Failure) [PSYoungGen: 68416K->1405K(69120K)] 377782K->310772K(552448K), 0.0016581 secs] [Times: user=0.00 sys=0.00, real=0.01 secs] 
2306.757: [GC (Allocation Failure) [PSYoungGen: 68477K->1408K(69120K)] 377844K->310774K(552448K), 0.0031762 secs] [Times: user=0.02 sys=0.00, real=0.00 secs] 
2307.222: [GC (Allocation Failure) [PSYoungGen: 68480K->1376K(69120K)] 377846K->310742K(552448K), 0.0017503 secs] [Times: user=0.01 sys=0.00, real=0.00 secs] 
2307.500: [GC (Allocation Failure) [PSYoungGen: 68448K->1376K(69120K)] 377814K->310742K(552448K), 0.0018738 secs] [Times: user=0.01 sys=0.00, real=0.01 secs] 
2308.239: [GC (Allocation Failure) [PSYoungGen: 68448K->1408K(69120K)] 377814K->310774K(552448K), 0.0021213 secs] [Times: user=0.01 sys=0.00, real=0.01 secs] 
2309.174: [GC (Allocation Failure) [PSYoungGen: 68480K->1408K(69120K)] 377846K->310774K(552448K), 0.0017481 secs] [Times: user=0.01 sys=0.00, real=0.00 secs] 
2309.453: [GC (Allocation Failure) [PSYoungGen: 68480K->1408K(68608K)] 377846K->310774K(551936K), 0.0019361 secs] [Times: user=0.01 sys=0.00, real=0.00 secs] 
2309.732: [GC (Allocation Failure) [PSYoungGen: 68480K->1408K(68608K)] 377846K->310774K(551936K), 0.0018547 secs] [Times: user=0.00 sys=0.00, real=0.00 secs] 
2310.010: [GC (Allocation Failure) [PSYoungGen: 68480K->1440K(68608K)] 377846K->310806K(551936K), 0.0018065 secs] [Times: user=0.00 sys=0.00, real=0.01 secs] 
2310.705: [GC (Allocation Failure) [PSYoungGen: 68512K->1376K(68608K)] 377878K->310750K(551936K), 0.0014028 secs] [Times: user=0.00 sys=0.00, real=0.00 secs] 
2311.950: [GC (Allocation Failure) [PSYoungGen: 68448K->1376K(68608K)] 377822K->310750K(551936K), 0.0031965 secs] [Times: user=0.02 sys=0.00, real=0.01 secs] 
2312.581: [GC (Allocation Failure) [PSYoungGen: 68448K->1376K(68608K)] 377822K->310750K(551936K), 0.0022897 secs] [Times: user=0.01 sys=0.00, real=0.01 secs] 
2313.241: [GC (Allocation Failure) [PSYoungGen: 68448K->1344K(68608K)] 377822K->310718K(551936K), 0.0027654 secs] [Times: user=0.01 sys=0.00, real=0.01 secs] 
2314.028: [GC (Allocation Failure) [PSYoungGen: 68416K->1408K(68608K)] 377790K->310782K(551936K), 0.0044638 secs] [Times: user=0.02 sys=0.00, real=0.01 secs] 
2316.085: [GC (Allocation Failure) [PSYoungGen: 68480K->1376K(68608K)] 377854K->310750K(551936K), 0.0050416 secs] [Times: user=0.02 sys=0.00, real=0.00 secs] 
2316.928: [GC (Allocation Failure) [PSYoungGen: 68448K->1376K(68608K)] 377822K->310750K(551936K), 0.0031748 secs] [Times: user=0.01 sys=0.00, real=0.01 secs] 
2317.287: [GC (Allocation Failure) [PSYoungGen: 68448K->1376K(68608K)] 377822K->310750K(551936K), 0.0019854 secs] [Times: user=0.01 sys=0.00, real=0.00 secs] 
2318.112: [GC (Allocation Failure) [PSYoungGen: 68448K->1408K(68608K)] 377822K->310782K(551936K), 0.0036741 secs] [Times: user=0.01 sys=0.00, real=0.00 secs] 
2319.674: [GC (Allocation Failure) [PSYoungGen: 68480K->1440K(68608K)] 377854K->310814K(551936K), 0.0021479 secs] [Times: user=0.01 sys=0.00, real=0.00 secs] 
2321.189: [GC (Allocation Failure) [PSYoungGen: 68512K->1360K(68608K)] 377886K->310734K(551936K), 0.0021723 secs] [Times: user=0.01 sys=0.00, real=0.01 secs] 
2321.594: [GC (Allocation Failure) [PSYoungGen: 68432K->1344K(68608K)] 377806K->310718K(551936K), 0.0020185 secs] [Times: user=0.01 sys=0.00, real=0.00 secs] 
2322.081: [GC (Allocation Failure) [PSYoungGen: 68416K->1440K(68608K)] 377790K->310814K(551936K), 0.0067177 secs] [Times: user=0.02 sys=0.00, real=0.01 secs] 
2322.630: [GC (Allocation Failure) [PSYoungGen: 68512K->1376K(68608K)] 377886K->310750K(551936K), 0.0026955 secs] [Times: user=0.01 sys=0.00, real=0.01 secs] 
2324.129: [GC (Allocation Failure) [PSYoungGen: 68448K->1440K(68608K)] 377822K->310814K(551936K), 0.0040761 secs] [Times: user=0.01 sys=0.00, real=0.01 secs] 
2324.967: [GC (Allocation Failure) [PSYoungGen: 68512K->1376K(68608K)] 377886K->310758K(551936K), 0.0030295 secs] [Times: user=0.01 sys=0.00, real=0.00 secs] 
2325.479: [GC (Allocation Failure) [PSYoungGen: 68448K->1376K(68608K)] 377830K->310758K(551936K), 0.0021693 secs] [Times: user=0.01 sys=0.00, real=0.01 secs] 
2326.024: [GC (Allocation Failure) [PSYoungGen: 68448K->1408K(68608K)] 377830K->310790K(551936K), 0.0020375 secs] [Times: user=0.01 sys=0.00, real=0.00 secs] 
2327.017: [GC (Allocation Failure) [PSYoungGen: 68480K->1408K(68608K)] 377862K->310790K(551936K), 0.0017992 secs] [Times: user=0.01 sys=0.00, real=0.00 secs] 
2327.358: [GC (Allocation Failure) [PSYoungGen: 68480K->1312K(68608K)] 377862K->310694K(551936K), 0.0017378 secs] [Times: user=0.01 sys=0.00, real=0.00 secs] 
2327.882: [GC (Allocation Failure) [PSYoungGen: 68384K->1344K(68608K)] 377766K->310726K(551936K), 0.0019502 secs] [Times: user=0.01 sys=0.00, real=0.00 secs] 
2328.454: [GC (Allocation Failure) [PSYoungGen: 68416K->1344K(68608K)] 377798K->310726K(551936K), 0.0021079 secs] [Times: user=0.01 sys=0.00, real=0.00 secs] 
2329.290: [GC (Allocation Failure) [PSYoungGen: 68416K->1341K(68608K)] 377798K->310724K(551936K), 0.0016182 secs] [Times: user=0.01 sys=0.00, real=0.01 secs] 
2330.067: [GC (Allocation Failure) [PSYoungGen: 68413K->1376K(68608K)] 377796K->310758K(551936K), 0.0021474 secs] [Times: user=0.01 sys=0.00, real=0.00 secs] 
2330.675: [GC (Allocation Failure) [PSYoungGen: 68448K->1376K(68608K)] 377830K->310758K(551936K), 0.0023429 secs] [Times: user=0.01 sys=0.00, real=0.00 secs] 
2331.549: [GC (Allocation Failure) [PSYoungGen: 68448K->1360K(68608K)] 377830K->310750K(551936K), 0.0039926 secs] [Times: user=0.02 sys=0.00, real=0.01 secs] 
2332.356: [GC (Allocation Failure) [PSYoungGen: 68432K->1408K(68608K)] 377822K->310798K(551936K), 0.0047123 secs] [Times: user=0.02 sys=0.00, real=0.00 secs] 
2333.777: [GC (Allocation Failure) [PSYoungGen: 68480K->1440K(68608K)] 377870K->310830K(551936K), 0.0024428 secs] [Times: user=0.01 sys=0.00, real=0.00 secs] 
2334.052: [GC (Allocation Failure) [PSYoungGen: 68512K->1376K(68608K)] 377902K->310766K(551936K), 0.0019477 secs] [Times: user=0.01 sys=0.00, real=0.00 secs] 
2334.543: [GC (Allocation Failure) [PSYoungGen: 68448K->1376K(68608K)] 377838K->310766K(551936K), 0.0020137 secs] [Times: user=0.01 sys=0.00, real=0.00 secs] 
2335.142: [GC (Allocation Failure) [PSYoungGen: 68448K->1376K(68608K)] 377838K->310766K(551936K), 0.0039750 secs] [Times: user=0.02 sys=0.00, real=0.00 secs] 
2336.205: [GC (Allocation Failure) [PSYoungGen: 68448K->1373K(68608K)] 377838K->310764K(551936K), 0.0015439 secs] [Times: user=0.01 sys=0.00, real=0.00 secs] 
2336.626: [GC (Allocation Failure) [PSYoungGen: 68445K->1440K(68608K)] 377836K->310830K(551936K), 0.0018302 secs] [Times: user=0.00 sys=0.00, real=0.00 secs] 
2336.914: [GC (Allocation Failure) [PSYoungGen: 68512K->1312K(68608K)] 377902K->310702K(551936K), 0.0018250 secs] [Times: user=0.01 sys=0.00, real=0.00 secs] 
2337.234: [GC (Allocation Failure) [PSYoungGen: 68384K->1312K(68608K)] 377774K->310702K(551936K), 0.0019677 secs] [Times: user=0.00 sys=0.00, real=0.00 secs] 
2337.528: [GC (Allocation Failure) [PSYoungGen: 68384K->1376K(68608K)] 377774K->310766K(551936K), 0.0020077 secs] [Times: user=0.01 sys=0.00, real=0.00 secs] 
2338.479: [GC (Allocation Failure) [PSYoungGen: 68448K->1440K(68608K)] 377838K->310830K(551936K), 0.0018401 secs] [Times: user=0.00 sys=0.00, real=0.01 secs] 
2338.826: [GC (Allocation Failure) [PSYoungGen: 68512K->1440K(68608K)] 377902K->310830K(551936K), 0.0018215 secs] [Times: user=0.00 sys=0.00, real=0.00 secs] 
2339.108: [GC (Allocation Failure) [PSYoungGen: 68512K->1408K(68608K)] 377902K->310798K(551936K), 0.0019116 secs] [Times: user=0.01 sys=0.00, real=0.00 secs] 
2339.633: [GC (Allocation Failure) [PSYoungGen: 68480K->1408K(68608K)] 377870K->310814K(551936K), 0.0019271 secs] [Times: user=0.01 sys=0.00, real=0.00 secs] 
2340.673: [GC (Allocation Failure) [PSYoungGen: 68480K->1408K(68608K)] 377886K->311326K(551936K), 0.0016539 secs] [Times: user=0.00 sys=0.00, real=0.00 secs] 
2341.295: [GC (Allocation Failure) [PSYoungGen: 68480K->1376K(68608K)] 378398K->311294K(551936K), 0.0024120 secs] [Times: user=0.01 sys=0.00, real=0.00 secs] 
2341.936: [GC (Allocation Failure) [PSYoungGen: 68448K->1376K(68608K)] 378366K->311294K(551936K), 0.0021703 secs] [Times: user=0.01 sys=0.00, real=0.00 secs] 
2342.600: [GC (Allocation Failure) [PSYoungGen: 68448K->1408K(68608K)] 378366K->311326K(551936K), 0.0068318 secs] [Times: user=0.03 sys=0.00, real=0.01 secs] 
2343.435: [GC (Allocation Failure) [PSYoungGen: 68480K->1408K(68608K)] 378398K->311326K(551936K), 0.0029512 secs] [Times: user=0.01 sys=0.00, real=0.00 secs] 
2344.308: [GC (Allocation Failure) [PSYoungGen: 68480K->1392K(68608K)] 378398K->311310K(551936K), 0.0017664 secs] [Times: user=0.01 sys=0.00, real=0.00 secs] 
2344.587: [GC (Allocation Failure) [PSYoungGen: 68464K->1408K(68608K)] 378382K->311326K(551936K), 0.0017387 secs] [Times: user=0.01 sys=0.00, real=0.00 secs] 
2345.053: [GC (Allocation Failure) [PSYoungGen: 68480K->1408K(68608K)] 378398K->311326K(551936K), 0.0020399 secs] [Times: user=0.00 sys=0.00, real=0.00 secs] 
2345.611: [GC (Allocation Failure) [PSYoungGen: 68480K->1312K(68608K)] 378398K->311230K(551936K), 0.0020607 secs] [Times: user=0.01 sys=0.00, real=0.01 secs] 
2346.754: [GC (Allocation Failure) [PSYoungGen: 68384K->1376K(68608K)] 378302K->311294K(551936K), 0.0017529 secs] [Times: user=0.01 sys=0.00, real=0.00 secs] 
2347.318: [GC (Allocation Failure) [PSYoungGen: 68448K->1376K(68608K)] 378366K->311294K(551936K), 0.0028367 secs] [Times: user=0.01 sys=0.00, real=0.00 secs] 
2347.654: [GC (Allocation Failure) [PSYoungGen: 68448K->1408K(68608K)] 378366K->311326K(551936K), 0.0025936 secs] [Times: user=0.01 sys=0.00, real=0.00 secs] 
2348.028: [GC (Allocation Failure) [PSYoungGen: 68480K->1344K(68608K)] 378398K->311262K(551936K), 0.0018135 secs] [Times: user=0.00 sys=0.00, real=0.00 secs] 
2348.399: [GC (Allocation Failure) [PSYoungGen: 68416K->1373K(68608K)] 378334K->311292K(551936K), 0.0014622 secs] [Times: user=0.01 sys=0.00, real=0.00 secs] 
2349.849: [GC (Allocation Failure) [PSYoungGen: 68445K->1344K(68608K)] 378364K->311262K(551936K), 0.0042545 secs] [Times: user=0.01 sys=0.00, real=0.01 secs] 
2350.641: [GC (Allocation Failure) [PSYoungGen: 68416K->1376K(68608K)] 378334K->311302K(551936K), 0.0027148 secs] [Times: user=0.01 sys=0.00, real=0.00 secs] 
2351.247: [GC (Allocation Failure) [PSYoungGen: 68448K->1376K(68608K)] 378374K->311302K(551936K), 0.0031298 secs] [Times: user=0.01 sys=0.00, real=0.00 secs] 
2351.765: [GC (Allocation Failure) [PSYoungGen: 68448K->1408K(68608K)] 378374K->311334K(551936K), 0.0022031 secs] [Times: user=0.01 sys=0.00, real=0.00 secs] 
2352.747: [GC (Allocation Failure) [PSYoungGen: 68480K->1440K(68608K)] 378406K->311366K(551936K), 0.0017131 secs] [Times: user=0.01 sys=0.00, real=0.00 secs] 
2353.401: [GC (Allocation Failure) [PSYoungGen: 68512K->1376K(68608K)] 378438K->311302K(551936K), 0.0017917 secs] [Times: user=0.00 sys=0.00, real=0.01 secs] 
2354.029: [GC (Allocation Failure) [PSYoungGen: 68448K->1376K(68608K)] 378374K->311302K(551936K), 0.0017388 secs] [Times: user=0.01 sys=0.00, real=0.00 secs] 
2354.647: [GC (Allocation Failure) [PSYoungGen: 68448K->1344K(68608K)] 378374K->311270K(551936K), 0.0032138 secs] [Times: user=0.01 sys=0.00, real=0.00 secs] 
2355.867: [GC (Allocation Failure) [PSYoungGen: 68416K->1341K(68608K)] 378342K->311268K(551936K), 0.0014242 secs] [Times: user=0.00 sys=0.00, real=0.00 secs] 
2356.560: [GC (Allocation Failure) [PSYoungGen: 68413K->1440K(68608K)] 378340K->311366K(551936K), 0.0019195 secs] [Times: user=0.01 sys=0.00, real=0.01 secs] 
2357.127: [GC (Allocation Failure) [PSYoungGen: 68512K->1344K(68608K)] 378438K->311270K(551936K), 0.0020744 secs] [Times: user=0.01 sys=0.00, real=0.00 secs] 
2357.690: [GC (Allocation Failure) [PSYoungGen: 68416K->1408K(68608K)] 378342K->311334K(551936K), 0.0021778 secs] [Times: user=0.01 sys=0.00, real=0.01 secs] 
2358.271: [GC (Allocation Failure) [PSYoungGen: 68480K->1344K(68608K)] 378406K->311270K(551936K), 0.0019831 secs] [Times: user=0.01 sys=0.00, real=0.00 secs] 
2359.130: [GC (Allocation Failure) [PSYoungGen: 68416K->1408K(68608K)] 378342K->311334K(551936K), 0.0018893 secs] [Times: user=0.01 sys=0.00, real=0.01 secs] 
2359.445: [GC (Allocation Failure) [PSYoungGen: 68480K->1344K(68608K)] 378406K->311270K(551936K), 0.0018852 secs] [Times: user=0.00 sys=0.00, real=0.00 secs] 
2359.874: [GC (Allocation Failure) [PSYoungGen: 68416K->1408K(68608K)] 378342K->311334K(551936K), 0.0019177 secs] [Times: user=0.01 sys=0.00, real=0.00 secs] 
2360.419: [GC (Allocation Failure) [PSYoungGen: 68480K->1344K(68608K)] 378406K->311278K(551936K), 0.0019663 secs] [Times: user=0.00 sys=0.00, real=0.01 secs] 
2361.319: [GC (Allocation Failure) [PSYoungGen: 68416K->1424K(68608K)] 378350K->311358K(551936K), 0.0013540 secs] [Times: user=0.00 sys=0.00, real=0.00 secs] 
2362.521: [GC (Allocation Failure) [PSYoungGen: 68496K->1408K(68608K)] 378430K->311342K(551936K), 0.0026243 secs] [Times: user=0.01 sys=0.00, real=0.01 secs] 
2363.555: [GC (Allocation Failure) [PSYoungGen: 68480K->1408K(68608K)] 378414K->311342K(551936K), 0.0038554 secs] [Times: user=0.01 sys=0.00, real=0.00 secs] 
2364.606: [GC (Allocation Failure) [PSYoungGen: 68480K->1392K(68608K)] 378414K->311326K(551936K), 0.0027837 secs] [Times: user=0.01 sys=0.00, real=0.00 secs] 
2365.435: [GC (Allocation Failure) [PSYoungGen: 68464K->1408K(68608K)] 378398K->311342K(551936K), 0.0024383 secs] [Times: user=0.01 sys=0.00, real=0.00 secs] 
2366.337: [GC (Allocation Failure) [PSYoungGen: 68480K->1440K(68608K)] 378414K->311374K(551936K), 0.0029965 secs] [Times: user=0.01 sys=0.00, real=0.00 secs] 
2367.060: [GC (Allocation Failure) [PSYoungGen: 68512K->1440K(68608K)] 378446K->311374K(551936K), 0.0021207 secs] [Times: user=0.01 sys=0.01, real=0.01 secs] 
2368.074: [GC (Allocation Failure) [PSYoungGen: 68512K->1440K(68608K)] 378446K->311374K(551936K), 0.0029637 secs] [Times: user=0.01 sys=0.00, real=0.00 secs] 
2368.982: [GC (Allocation Failure) [PSYoungGen: 68512K->1344K(68608K)] 378446K->311278K(551936K), 0.0038859 secs] [Times: user=0.01 sys=0.00, real=0.00 secs] 
2370.064: [GC (Allocation Failure) [PSYoungGen: 68416K->1424K(68608K)] 378350K->311358K(551936K), 0.0016169 secs] [Times: user=0.01 sys=0.00, real=0.00 secs] 
2370.424: [GC (Allocation Failure) [PSYoungGen: 68496K->1344K(68608K)] 378430K->311286K(551936K), 0.0017572 secs] [Times: user=0.01 sys=0.00, real=0.00 secs] 
2370.884: [GC (Allocation Failure) [PSYoungGen: 68416K->1344K(68608K)] 378358K->311286K(551936K), 0.0018138 secs] [Times: user=0.00 sys=0.00, real=0.00 secs] 
2371.471: [GC (Allocation Failure) [PSYoungGen: 68416K->1376K(68608K)] 378358K->311318K(551936K), 0.0019185 secs] [Times: user=0.01 sys=0.00, real=0.01 secs] 
2372.023: [GC (Allocation Failure) [PSYoungGen: 68448K->1376K(68608K)] 378390K->311318K(551936K), 0.0025594 secs] [Times: user=0.01 sys=0.00, real=0.00 secs] 
2373.022: [GC (Allocation Failure) [PSYoungGen: 68448K->1408K(68608K)] 378390K->311358K(551936K), 0.0019160 secs] [Times: user=0.01 sys=0.00, real=0.00 secs] 
2373.634: [GC (Allocation Failure) [PSYoungGen: 68480K->1376K(68608K)] 378430K->311342K(551936K), 0.0038061 secs] [Times: user=0.01 sys=0.00, real=0.00 secs] 
2374.146: [GC (Allocation Failure) [PSYoungGen: 68448K->1344K(68608K)] 378414K->311310K(551936K), 0.0024106 secs] [Times: user=0.00 sys=0.00, real=0.00 secs] 
2374.700: [GC (Allocation Failure) [PSYoungGen: 68416K->1408K(68608K)] 378382K->311374K(551936K), 0.0040269 secs] [Times: user=0.02 sys=0.00, real=0.01 secs] 
2375.793: [GC (Allocation Failure) [PSYoungGen: 68480K->1440K(68608K)] 378446K->311406K(551936K), 0.0016312 secs] [Times: user=0.01 sys=0.00, real=0.00 secs] 
2376.236: [GC (Allocation Failure) [PSYoungGen: 68512K->1344K(68608K)] 378478K->311310K(551936K), 0.0016895 secs] [Times: user=0.01 sys=0.00, real=0.00 secs] 
2376.592: [GC (Allocation Failure) [PSYoungGen: 68416K->1344K(68608K)] 378382K->311310K(551936K), 0.0024827 secs] [Times: user=0.01 sys=0.00, real=0.00 secs] 
2376.929: [GC (Allocation Failure) [PSYoungGen: 68416K->1344K(68608K)] 378382K->311310K(551936K), 0.0019922 secs] [Times: user=0.00 sys=0.00, real=0.00 secs] 
2377.385: [GC (Allocation Failure) [PSYoungGen: 68416K->1389K(68608K)] 378382K->311356K(551936K), 0.0013416 secs] [Times: user=0.01 sys=0.00, real=0.00 secs] 
2378.949: [GC (Allocation Failure) [PSYoungGen: 68461K->1408K(68608K)] 378428K->311374K(551936K), 0.0043160 secs] [Times: user=0.02 sys=0.00, real=0.01 secs] 
2379.489: [GC (Allocation Failure) [PSYoungGen: 68480K->1408K(68608K)] 378446K->311374K(551936K), 0.0029315 secs] [Times: user=0.01 sys=0.00, real=0.01 secs] 
2379.996: [GC (Allocation Failure) [PSYoungGen: 68480K->1344K(68608K)] 378446K->311334K(551936K), 0.0025261 secs] [Times: user=0.01 sys=0.00, real=0.00 secs] 
2380.292: [GC (Allocation Failure) [PSYoungGen: 68416K->1360K(68608K)] 378406K->311350K(551936K), 0.0018798 secs] [Times: user=0.01 sys=0.00, real=0.00 secs] 
2381.226: [GC (Allocation Failure) [PSYoungGen: 68432K->1376K(68608K)] 378422K->311366K(551936K), 0.0018754 secs] [Times: user=0.01 sys=0.00, real=0.00 secs] 
2381.808: [GC (Allocation Failure) [PSYoungGen: 68448K->1376K(68608K)] 378438K->311366K(551936K), 0.0031362 secs] [Times: user=0.01 sys=0.00, real=0.00 secs] 
2382.438: [GC (Allocation Failure) [PSYoungGen: 68448K->1344K(68608K)] 378438K->311334K(551936K), 0.0024223 secs] [Times: user=0.01 sys=0.00, real=0.00 secs] 
2382.913: [GC (Allocation Failure) [PSYoungGen: 68416K->1408K(68608K)] 378406K->311398K(551936K), 0.0022125 secs] [Times: user=0.01 sys=0.00, real=0.00 secs] 
2383.824: [GC (Allocation Failure) [PSYoungGen: 68480K->1373K(68608K)] 378470K->311364K(551936K), 0.0015162 secs] [Times: user=0.00 sys=0.00, real=0.00 secs] 
2384.356: [GC (Allocation Failure) [PSYoungGen: 68445K->1408K(68608K)] 378436K->311398K(551936K), 0.0016149 secs] [Times: user=0.01 sys=0.00, real=0.00 secs] 
2384.635: [GC (Allocation Failure) [PSYoungGen: 68480K->1312K(68608K)] 378470K->311302K(551936K), 0.0025013 secs] [Times: user=0.01 sys=0.00, real=0.00 secs] 
2384.916: [GC (Allocation Failure) [PSYoungGen: 68384K->1408K(68608K)] 378374K->311398K(551936K), 0.0022631 secs] [Times: user=0.01 sys=0.00, real=0.00 secs] 
2385.199: [GC (Allocation Failure) [PSYoungGen: 68480K->1344K(68608K)] 378470K->311334K(551936K), 0.0019601 secs] [Times: user=0.01 sys=0.00, real=0.00 secs] 
2385.949: [GC (Allocation Failure) [PSYoungGen: 68416K->1376K(68608K)] 378406K->311366K(551936K), 0.0017863 secs] [Times: user=0.01 sys=0.00, real=0.00 secs] 
2386.228: [GC (Allocation Failure) [PSYoungGen: 68448K->1376K(68608K)] 378438K->311366K(551936K), 0.0018375 secs] [Times: user=0.00 sys=0.00, real=0.00 secs] 
2386.567: [GC (Allocation Failure) [PSYoungGen: 68448K->1344K(68608K)] 378438K->311334K(551936K), 0.0038985 secs] [Times: user=0.02 sys=0.00, real=0.00 secs] 
2386.848: [GC (Allocation Failure) [PSYoungGen: 68416K->1360K(74752K)] 378406K->311350K(558080K), 0.0018116 secs] [Times: user=0.01 sys=0.00, real=0.00 secs] 
2387.762: [GC (Allocation Failure) [PSYoungGen: 74576K->1376K(74240K)] 384566K->311366K(557568K), 0.0019268 secs] [Times: user=0.00 sys=0.00, real=0.00 secs] 
2389.037: [GC (Allocation Failure) [PSYoungGen: 74080K->384K(73216K)] 384070K->311398K(556544K), 0.0043692 secs] [Times: user=0.02 sys=0.01, real=0.01 secs] 
2389.962: [GC (Allocation Failure) [PSYoungGen: 72576K->320K(72192K)] 383590K->311358K(555520K), 0.0029075 secs] [Times: user=0.01 sys=0.00, real=0.00 secs] 
2390.647: [GC (Allocation Failure) [PSYoungGen: 72000K->384K(72704K)] 383038K->311422K(556032K), 0.0045078 secs] [Times: user=0.02 sys=0.01, real=0.01 secs] 
2391.808: [GC (Allocation Failure) [PSYoungGen: 71552K->1568K(72704K)] 382590K->312606K(556032K), 0.0020984 secs] [Times: user=0.00 sys=0.00, real=0.00 secs] 
2392.126: [GC (Allocation Failure) [PSYoungGen: 72224K->1424K(71680K)] 383262K->312462K(555008K), 0.0017317 secs] [Times: user=0.00 sys=0.00, real=0.00 secs] 
2392.611: [GC (Allocation Failure) [PSYoungGen: 71568K->1376K(71168K)] 382606K->312414K(554496K), 0.0023733 secs] [Times: user=0.00 sys=0.01, real=0.01 secs] 
2393.214: [GC (Allocation Failure) [PSYoungGen: 71008K->1408K(70656K)] 382046K->312446K(553984K), 0.0025646 secs] [Times: user=0.01 sys=0.00, real=0.00 secs] 
2393.898: [GC (Allocation Failure) [PSYoungGen: 70528K->1421K(70144K)] 381566K->312460K(553472K), 0.0020761 secs] [Times: user=0.01 sys=0.00, real=0.00 secs] 
2394.639: [GC (Allocation Failure) [PSYoungGen: 70029K->1408K(69632K)] 381068K->312446K(552960K), 0.0017463 secs] [Times: user=0.00 sys=0.00, real=0.00 secs] 
2394.934: [GC (Allocation Failure) [PSYoungGen: 69504K->1376K(69120K)] 380542K->312414K(552448K), 0.0019909 secs] [Times: user=0.00 sys=0.00, real=0.00 secs] 
2395.268: [GC (Allocation Failure) [PSYoungGen: 68960K->1408K(69120K)] 379998K->312446K(552448K), 0.0016947 secs] [Times: user=0.01 sys=0.00, real=0.00 secs] 
2395.548: [GC (Allocation Failure) [PSYoungGen: 68992K->1344K(69632K)] 380030K->312382K(552960K), 0.0019137 secs] [Times: user=0.01 sys=0.00, real=0.00 secs] 
2396.319: [GC (Allocation Failure) [PSYoungGen: 68928K->1376K(69632K)] 379966K->312414K(552960K), 0.0016184 secs] [Times: user=0.00 sys=0.00, real=0.00 secs] 
2396.603: [GC (Allocation Failure) [PSYoungGen: 68960K->1376K(69632K)] 379998K->312414K(552960K), 0.0016419 secs] [Times: user=0.01 sys=0.00, real=0.00 secs] 
2397.092: [GC (Allocation Failure) [PSYoungGen: 68960K->1344K(69632K)] 379998K->312382K(552960K), 0.0016441 secs] [Times: user=0.01 sys=0.00, real=0.00 secs] 
2397.625: [GC (Allocation Failure) [PSYoungGen: 68928K->1376K(69632K)] 379966K->312414K(552960K), 0.0018483 secs] [Times: user=0.01 sys=0.00, real=0.00 secs] 
2398.582: [GC (Allocation Failure) [PSYoungGen: 68960K->269K(69632K)] 379998K->311308K(552960K), 0.0014100 secs] [Times: user=0.01 sys=0.00, real=0.00 secs] 
2399.929: [GC (Allocation Failure) [PSYoungGen: 67853K->1408K(69632K)] 378892K->312470K(552960K), 0.0027772 secs] [Times: user=0.01 sys=0.00, real=0.01 secs] 
2400.939: [GC (Allocation Failure) [PSYoungGen: 68992K->1408K(69632K)] 380054K->312470K(552960K), 0.0024068 secs] [Times: user=0.01 sys=0.00, real=0.01 secs] 
2401.879: [GC (Allocation Failure) [PSYoungGen: 68992K->1408K(69632K)] 380054K->312470K(552960K), 0.0032329 secs] [Times: user=0.01 sys=0.00, real=0.01 secs] 
2402.460: [GC (Allocation Failure) [PSYoungGen: 68992K->1376K(69632K)] 380054K->312438K(552960K), 0.0021893 secs] [Times: user=0.00 sys=0.00, real=0.01 secs] 
2403.529: [GC (Allocation Failure) [PSYoungGen: 68960K->1424K(69632K)] 380022K->312494K(552960K), 0.0019286 secs] [Times: user=0.01 sys=0.00, real=0.00 secs] 
2403.907: [GC (Allocation Failure) [PSYoungGen: 69008K->1376K(69632K)] 380078K->312446K(552960K), 0.0021622 secs] [Times: user=0.01 sys=0.00, real=0.00 secs] 
2404.270: [GC (Allocation Failure) [PSYoungGen: 68960K->1376K(69632K)] 380030K->312446K(552960K), 0.0018943 secs] [Times: user=0.01 sys=0.00, real=0.01 secs] 
2404.863: [GC (Allocation Failure) [PSYoungGen: 68960K->1408K(69632K)] 380030K->312478K(552960K), 0.0021467 secs] [Times: user=0.01 sys=0.00, real=0.00 secs] 
2405.828: [GC (Allocation Failure) [PSYoungGen: 68992K->1440K(69632K)] 380062K->312510K(552960K), 0.0016164 secs] [Times: user=0.00 sys=0.00, real=0.00 secs] 
2406.109: [GC (Allocation Failure) [PSYoungGen: 69024K->1408K(69632K)] 380094K->312478K(552960K), 0.0016359 secs] [Times: user=0.00 sys=0.00, real=0.00 secs] 
2406.390: [GC (Allocation Failure) [PSYoungGen: 68992K->1344K(69632K)] 380062K->312414K(552960K), 0.0016514 secs] [Times: user=0.01 sys=0.00, real=0.01 secs] 
2406.670: [GC (Allocation Failure) [PSYoungGen: 68928K->1344K(69632K)] 379998K->312414K(552960K), 0.0017174 secs] [Times: user=0.01 sys=0.00, real=0.01 secs] 
2407.013: [GC (Allocation Failure) [PSYoungGen: 68928K->1392K(69632K)] 379998K->312462K(552960K), 0.0016306 secs] [Times: user=0.01 sys=0.00, real=0.00 secs] 
2408.144: [GC (Allocation Failure) [PSYoungGen: 68976K->1376K(69632K)] 380046K->312446K(552960K), 0.0020720 secs] [Times: user=0.01 sys=0.00, real=0.00 secs] 
2408.778: [GC (Allocation Failure) [PSYoungGen: 68960K->1344K(69632K)] 380030K->312414K(552960K), 0.0018042 secs] [Times: user=0.00 sys=0.00, real=0.00 secs] 
2409.190: [GC (Allocation Failure) [PSYoungGen: 68928K->1344K(69632K)] 379998K->312422K(552960K), 0.0019911 secs] [Times: user=0.01 sys=0.00, real=0.01 secs] 
2409.778: [GC (Allocation Failure) [PSYoungGen: 68928K->1344K(69632K)] 380006K->312438K(552960K), 0.0020145 secs] [Times: user=0.01 sys=0.00, real=0.00 secs] 
2410.773: [GC (Allocation Failure) [PSYoungGen: 68928K->1392K(69632K)] 380022K->312486K(552960K), 0.0025233 secs] [Times: user=0.01 sys=0.00, real=0.00 secs] 
2411.055: [GC (Allocation Failure) [PSYoungGen: 68976K->1376K(69632K)] 380070K->312470K(552960K), 0.0017563 secs] [Times: user=0.00 sys=0.00, real=0.00 secs] 
2411.335: [GC (Allocation Failure) [PSYoungGen: 68960K->1344K(69632K)] 380054K->312446K(552960K), 0.0016461 secs] [Times: user=0.01 sys=0.00, real=0.00 secs] 
2411.636: [GC (Allocation Failure) [PSYoungGen: 68928K->1392K(69632K)] 380030K->312494K(552960K), 0.0017122 secs] [Times: user=0.01 sys=0.00, real=0.00 secs] 
2412.285: [GC (Allocation Failure) [PSYoungGen: 68976K->1357K(69120K)] 380078K->312460K(552448K), 0.0014858 secs] [Times: user=0.00 sys=0.00, real=0.00 secs] 
2413.301: [GC (Allocation Failure) [PSYoungGen: 68941K->1392K(69120K)] 380044K->312494K(552448K), 0.0030189 secs] [Times: user=0.01 sys=0.00, real=0.00 secs] 
2414.387: [GC (Allocation Failure) [PSYoungGen: 68976K->352K(68608K)] 380078K->312478K(551936K), 0.0038190 secs] [Times: user=0.02 sys=0.00, real=0.00 secs] 
2415.413: [GC (Allocation Failure) [PSYoungGen: 67936K->368K(69632K)] 380062K->312494K(552960K), 0.0026005 secs] [Times: user=0.01 sys=0.00, real=0.00 secs] 
2416.420: [GC (Allocation Failure) [PSYoungGen: 67952K->384K(69632K)] 380078K->312510K(552960K), 0.0032010 secs] [Times: user=0.01 sys=0.00, real=0.01 secs] 
2417.869: [GC (Allocation Failure) [PSYoungGen: 67968K->1472K(69632K)] 380094K->313598K(552960K), 0.0031170 secs] [Times: user=0.01 sys=0.00, real=0.01 secs] 
2419.209: [GC (Allocation Failure) [PSYoungGen: 69056K->1408K(69632K)] 381182K->313534K(552960K), 0.0043391 secs] [Times: user=0.02 sys=0.00, real=0.01 secs] 
2420.362: [GC (Allocation Failure) [PSYoungGen: 68992K->1344K(69632K)] 381118K->313478K(552960K), 0.0033277 secs] [Times: user=0.02 sys=0.00, real=0.00 secs] 
2421.340: [GC (Allocation Failure) [PSYoungGen: 68928K->1376K(69632K)] 381062K->313510K(552960K), 0.0035102 secs] [Times: user=0.01 sys=0.00, real=0.01 secs] 
2422.487: [GC (Allocation Failure) [PSYoungGen: 68960K->1936K(69632K)] 381094K->314590K(552960K), 0.0018659 secs] [Times: user=0.01 sys=0.00, real=0.00 secs] 
2423.289: [GC (Allocation Failure) [PSYoungGen: 69520K->1376K(70144K)] 382174K->314038K(553472K), 0.0019777 secs] [Times: user=0.01 sys=0.00, real=0.01 secs] 
2424.098: [GC (Allocation Failure) [PSYoungGen: 68960K->1376K(69120K)] 381622K->314046K(552448K), 0.0023604 secs] [Times: user=0.01 sys=0.00, real=0.00 secs] 
2424.920: [GC (Allocation Failure) [PSYoungGen: 68960K->1376K(69632K)] 381630K->314046K(552960K), 0.0043488 secs] [Times: user=0.02 sys=0.00, real=0.01 secs] 
2425.724: [GC (Allocation Failure) [PSYoungGen: 68960K->1360K(69632K)] 381630K->314030K(552960K), 0.0042955 secs] [Times: user=0.01 sys=0.00, real=0.00 secs] 
2426.733: [GC (Allocation Failure) [PSYoungGen: 68944K->1376K(69632K)] 381614K->314046K(552960K), 0.0017404 secs] [Times: user=0.01 sys=0.00, real=0.00 secs] 
2427.316: [GC (Allocation Failure) [PSYoungGen: 68960K->1376K(69632K)] 381630K->314046K(552960K), 0.0038790 secs] [Times: user=0.01 sys=0.00, real=0.00 secs] 
2427.860: [GC (Allocation Failure) [PSYoungGen: 68960K->1408K(69632K)] 381630K->314078K(552960K), 0.0029733 secs] [Times: user=0.01 sys=0.00, real=0.01 secs] 
2428.418: [GC (Allocation Failure) [PSYoungGen: 68992K->1376K(69632K)] 381662K->314046K(552960K), 0.0024482 secs] [Times: user=0.01 sys=0.00, real=0.00 secs] 
2429.542: [GC (Allocation Failure) [PSYoungGen: 68960K->1408K(69632K)] 381630K->314078K(552960K), 0.0018494 secs] [Times: user=0.01 sys=0.00, real=0.00 secs] 
2430.275: [GC (Allocation Failure) [PSYoungGen: 68992K->1376K(69632K)] 381662K->314046K(552960K), 0.0027472 secs] [Times: user=0.01 sys=0.00, real=0.00 secs] 
2430.990: [GC (Allocation Failure) [PSYoungGen: 68960K->1312K(69632K)] 381630K->313990K(552960K), 0.0021175 secs] [Times: user=0.01 sys=0.00, real=0.01 secs] 
2431.832: [GC (Allocation Failure) [PSYoungGen: 68896K->1408K(69632K)] 381574K->314086K(552960K), 0.0022811 secs] [Times: user=0.01 sys=0.00, real=0.00 secs] 
2433.022: [GC (Allocation Failure) [PSYoungGen: 68992K->1357K(69632K)] 381670K->314044K(552960K), 0.0015779 secs] [Times: user=0.01 sys=0.00, real=0.00 secs] 
2434.285: [GC (Allocation Failure) [PSYoungGen: 68941K->1440K(69632K)] 381628K->314126K(552960K), 0.0039397 secs] [Times: user=0.01 sys=0.00, real=0.00 secs] 
2435.190: [GC (Allocation Failure) [PSYoungGen: 69024K->1376K(69632K)] 381710K->314062K(552960K), 0.0028025 secs] [Times: user=0.01 sys=0.00, real=0.01 secs] 
2436.129: [GC (Allocation Failure) [PSYoungGen: 68960K->1408K(69632K)] 381646K->314094K(552960K), 0.0026827 secs] [Times: user=0.01 sys=0.00, real=0.01 secs] 
2436.902: [GC (Allocation Failure) [PSYoungGen: 68992K->1408K(69632K)] 381678K->314094K(552960K), 0.0031055 secs] [Times: user=0.01 sys=0.00, real=0.00 secs] 
2438.019: [GC (Allocation Failure) [PSYoungGen: 68992K->1408K(69632K)] 381678K->314094K(552960K), 0.0038864 secs] [Times: user=0.01 sys=0.00, real=0.01 secs] 
2438.563: [GC (Allocation Failure) [PSYoungGen: 68992K->1376K(69632K)] 381678K->314062K(552960K), 0.0022185 secs] [Times: user=0.01 sys=0.00, real=0.00 secs] 
2438.872: [GC (Allocation Failure) [PSYoungGen: 68960K->1312K(69632K)] 381646K->313998K(552960K), 0.0019729 secs] [Times: user=0.01 sys=0.00, real=0.00 secs] 
2439.152: [GC (Allocation Failure) [PSYoungGen: 68896K->1344K(69632K)] 381582K->314030K(552960K), 0.0020431 secs] [Times: user=0.01 sys=0.00, real=0.00 secs] 
2440.104: [GC (Allocation Failure) [PSYoungGen: 68928K->1920K(69632K)] 381614K->314606K(552960K), 0.0024012 secs] [Times: user=0.01 sys=0.00, real=0.00 secs] 
2441.456: [GC (Allocation Failure) [PSYoungGen: 69504K->1376K(69632K)] 382190K->314062K(552960K), 0.0028331 secs] [Times: user=0.02 sys=0.00, real=0.00 secs] 
2442.322: [GC (Allocation Failure) [PSYoungGen: 68960K->1376K(69632K)] 381646K->314062K(552960K), 0.0028067 secs] [Times: user=0.01 sys=0.00, real=0.00 secs] 
2443.170: [GC (Allocation Failure) [PSYoungGen: 68960K->1408K(69632K)] 381646K->314094K(552960K), 0.0024965 secs] [Times: user=0.01 sys=0.00, real=0.01 secs] 
2443.824: [GC (Allocation Failure) [PSYoungGen: 68992K->1360K(69632K)] 381678K->314054K(552960K), 0.0026424 secs] [Times: user=0.01 sys=0.00, real=0.00 secs] 
2445.194: [GC (Allocation Failure) [PSYoungGen: 68944K->1408K(69632K)] 381638K->314102K(552960K), 0.0018171 secs] [Times: user=0.01 sys=0.00, real=0.00 secs] 
2446.095: [GC (Allocation Failure) [PSYoungGen: 68992K->1376K(69632K)] 381686K->314070K(552960K), 0.0018420 secs] [Times: user=0.01 sys=0.00, real=0.00 secs] 
2446.914: [GC (Allocation Failure) [PSYoungGen: 68960K->1344K(69632K)] 381654K->314038K(552960K), 0.0019031 secs] [Times: user=0.00 sys=0.00, real=0.00 secs] 
2447.287: [GC (Allocation Failure) [PSYoungGen: 68928K->1344K(69632K)] 381622K->314038K(552960K), 0.0020734 secs] [Times: user=0.01 sys=0.00, real=0.00 secs] 
2448.316: [GC (Allocation Failure) [PSYoungGen: 68928K->1408K(69632K)] 381622K->314102K(552960K), 0.0025512 secs] [Times: user=0.01 sys=0.00, real=0.00 secs] 
2448.975: [GC (Allocation Failure) [PSYoungGen: 68992K->1376K(69632K)] 381686K->314070K(552960K), 0.0024089 secs] [Times: user=0.01 sys=0.00, real=0.00 secs] 
2449.552: [GC (Allocation Failure) [PSYoungGen: 68960K->1376K(69632K)] 381654K->314070K(552960K), 0.0028318 secs] [Times: user=0.01 sys=0.00, real=0.00 secs] 
2449.918: [GC (Allocation Failure) [PSYoungGen: 68960K->1408K(69632K)] 381654K->314102K(552960K), 0.0020254 secs] [Times: user=0.00 sys=0.00, real=0.00 secs] 
2450.436: [GC (Allocation Failure) [PSYoungGen: 68992K->1373K(69120K)] 381686K->314068K(552448K), 0.0016067 secs] [Times: user=0.01 sys=0.00, real=0.00 secs] 
2451.312: [GC (Allocation Failure) [PSYoungGen: 68957K->1408K(69120K)] 381652K->314102K(552448K), 0.0024626 secs] [Times: user=0.01 sys=0.00, real=0.00 secs] 
2451.881: [GC (Allocation Failure) [PSYoungGen: 68992K->352K(68608K)] 381686K->314078K(551936K), 0.0021509 secs] [Times: user=0.01 sys=0.00, real=0.00 secs] 
2452.524: [GC (Allocation Failure) [PSYoungGen: 67936K->384K(69632K)] 381662K->314118K(552960K), 0.0021737 secs] [Times: user=0.01 sys=0.00, real=0.00 secs] 
2452.970: [GC (Allocation Failure) [PSYoungGen: 67968K->320K(69632K)] 381702K->314054K(552960K), 0.0021702 secs] [Times: user=0.01 sys=0.00, real=0.01 secs] 
2454.255: [GC (Allocation Failure) [PSYoungGen: 67904K->1376K(69632K)] 381638K->315110K(552960K), 0.0020247 secs] [Times: user=0.00 sys=0.00, real=0.00 secs] 
2455.304: [GC (Allocation Failure) [PSYoungGen: 68960K->1376K(69632K)] 382694K->315110K(552960K), 0.0018724 secs] [Times: user=0.01 sys=0.00, real=0.00 secs] 
2456.203: [GC (Allocation Failure) [PSYoungGen: 68960K->1376K(69632K)] 382694K->315110K(552960K), 0.0019599 secs] [Times: user=0.01 sys=0.00, real=0.00 secs] 
2457.196: [GC (Allocation Failure) [PSYoungGen: 68960K->1408K(69632K)] 382694K->315142K(552960K), 0.0024474 secs] [Times: user=0.00 sys=0.00, real=0.00 secs] 
2458.464: [GC (Allocation Failure) [PSYoungGen: 68992K->1472K(69632K)] 382726K->315206K(552960K), 0.0018502 secs] [Times: user=0.01 sys=0.00, real=0.00 secs] 
2459.144: [GC (Allocation Failure) [PSYoungGen: 69056K->1440K(69632K)] 382790K->315174K(552960K), 0.0025736 secs] [Times: user=0.01 sys=0.00, real=0.00 secs] 
2459.803: [GC (Allocation Failure) [PSYoungGen: 69024K->1376K(69632K)] 382758K->315110K(552960K), 0.0039798 secs] [Times: user=0.02 sys=0.00, real=0.00 secs] 
2460.402: [GC (Allocation Failure) [PSYoungGen: 68960K->1376K(69632K)] 382694K->315118K(552960K), 0.0025509 secs] [Times: user=0.01 sys=0.01, real=0.00 secs] 
2461.038: [GC (Allocation Failure) [PSYoungGen: 68960K->1376K(69632K)] 382702K->315118K(552960K), 0.0025650 secs] [Times: user=0.01 sys=0.00, real=0.00 secs] 
2461.941: [GC (Allocation Failure) [PSYoungGen: 68960K->1424K(69632K)] 382702K->315166K(552960K), 0.0016989 secs] [Times: user=0.00 sys=0.00, real=0.01 secs] 
2462.360: [GC (Allocation Failure) [PSYoungGen: 69008K->1376K(69632K)] 382750K->315126K(552960K), 0.0016456 secs] [Times: user=0.01 sys=0.00, real=0.00 secs] 
2462.930: [GC (Allocation Failure) [PSYoungGen: 68960K->1344K(69632K)] 382710K->315094K(552960K), 0.0019918 secs] [Times: user=0.01 sys=0.00, real=0.01 secs] 
2463.538: [GC (Allocation Failure) [PSYoungGen: 68928K->1376K(69632K)] 382678K->315126K(552960K), 0.0021758 secs] [Times: user=0.01 sys=0.00, real=0.00 secs] 
2464.601: [GC (Allocation Failure) [PSYoungGen: 68960K->1440K(69632K)] 382710K->315190K(552960K), 0.0018737 secs] [Times: user=0.00 sys=0.00, real=0.00 secs] 
2465.396: [GC (Allocation Failure) [PSYoungGen: 69024K->1392K(69632K)] 382774K->315142K(552960K), 0.0044312 secs] [Times: user=0.01 sys=0.00, real=0.00 secs] 
2466.115: [GC (Allocation Failure) [PSYoungGen: 68976K->1376K(69632K)] 382726K->315126K(552960K), 0.0023616 secs] [Times: user=0.01 sys=0.00, real=0.00 secs] 
2466.646: [GC (Allocation Failure) [PSYoungGen: 68960K->1376K(69632K)] 382710K->315126K(552960K), 0.0021365 secs] [Times: user=0.01 sys=0.00, real=0.00 secs] 
2467.333: [GC (Allocation Failure) [PSYoungGen: 68960K->1341K(69632K)] 382710K->315092K(552960K), 0.0015714 secs] [Times: user=0.00 sys=0.00, real=0.00 secs] 
2467.987: [GC (Allocation Failure) [PSYoungGen: 68925K->1376K(69632K)] 382676K->315126K(552960K), 0.0020318 secs] [Times: user=0.01 sys=0.00, real=0.00 secs] 
2468.268: [GC (Allocation Failure) [PSYoungGen: 68960K->1376K(69632K)] 382710K->315126K(552960K), 0.0018068 secs] [Times: user=0.01 sys=0.00, real=0.00 secs] 
2468.560: [GC (Allocation Failure) [PSYoungGen: 68960K->1408K(69632K)] 382710K->315158K(552960K), 0.0019026 secs] [Times: user=0.01 sys=0.00, real=0.01 secs] 
2468.841: [GC (Allocation Failure) [PSYoungGen: 68992K->1376K(69632K)] 382742K->315126K(552960K), 0.0019170 secs] [Times: user=0.00 sys=0.00, real=0.01 secs] 
2469.592: [GC (Allocation Failure) [PSYoungGen: 68960K->1408K(69632K)] 382710K->315182K(552960K), 0.0016653 secs] [Times: user=0.01 sys=0.00, real=0.00 secs] 
2469.873: [GC (Allocation Failure) [PSYoungGen: 68992K->1376K(69632K)] 382766K->315150K(552960K), 0.0016122 secs] [Times: user=0.00 sys=0.00, real=0.00 secs] 
2470.153: [GC (Allocation Failure) [PSYoungGen: 68960K->1376K(69632K)] 382734K->315150K(552960K), 0.0017702 secs] [Times: user=0.01 sys=0.00, real=0.00 secs] 
2470.433: [GC (Allocation Failure) [PSYoungGen: 68960K->1376K(69632K)] 382734K->315150K(552960K), 0.0017944 secs] [Times: user=0.00 sys=0.00, real=0.00 secs] 
2471.135: [GC (Allocation Failure) [PSYoungGen: 68650K->224K(69632K)] 382425K->313998K(552960K), 0.0014446 secs] [Times: user=0.01 sys=0.00, real=0.00 secs] 
2472.257: [GC (Allocation Failure) [PSYoungGen: 67808K->1344K(69632K)] 381582K->315118K(552960K), 0.0032752 secs] [Times: user=0.01 sys=0.01, real=0.00 secs] 
2472.876: [GC (Allocation Failure) [PSYoungGen: 68928K->1376K(69632K)] 382702K->315150K(552960K), 0.0031125 secs] [Times: user=0.02 sys=0.00, real=0.00 secs] 
2473.514: [GC (Allocation Failure) [PSYoungGen: 68960K->1376K(69632K)] 382734K->315150K(552960K), 0.0027648 secs] [Times: user=0.01 sys=0.00, real=0.00 secs] 
2474.138: [GC (Allocation Failure) [PSYoungGen: 68960K->1408K(69632K)] 382734K->315182K(552960K), 0.0026186 secs] [Times: user=0.01 sys=0.00, real=0.00 secs] 
2475.670: [GC (Allocation Failure) [PSYoungGen: 68992K->1408K(69632K)] 382766K->315182K(552960K), 0.0028154 secs] [Times: user=0.01 sys=0.00, real=0.01 secs] 
2476.332: [GC (Allocation Failure) [PSYoungGen: 68992K->1408K(69632K)] 382766K->315182K(552960K), 0.0029303 secs] [Times: user=0.01 sys=0.00, real=0.00 secs] 
2476.874: [GC (Allocation Failure) [PSYoungGen: 68992K->1344K(69632K)] 382766K->315118K(552960K), 0.0022432 secs] [Times: user=0.01 sys=0.00, real=0.00 secs] 
2477.408: [GC (Allocation Failure) [PSYoungGen: 68928K->1344K(69632K)] 382702K->315118K(552960K), 0.0022875 secs] [Times: user=0.01 sys=0.00, real=0.00 secs] 
2478.384: [GC (Allocation Failure) [PSYoungGen: 68928K->1440K(69632K)] 382702K->315214K(552960K), 0.0016278 secs] [Times: user=0.01 sys=0.00, real=0.00 secs] 
2478.793: [GC (Allocation Failure) [PSYoungGen: 69024K->1376K(69632K)] 382798K->315150K(552960K), 0.0017418 secs] [Times: user=0.00 sys=0.00, real=0.00 secs] 
2479.197: [GC (Allocation Failure) [PSYoungGen: 68960K->1408K(69632K)] 382734K->315182K(552960K), 0.0016903 secs] [Times: user=0.01 sys=0.00, real=0.00 secs] 
2479.921: [GC (Allocation Failure) [PSYoungGen: 68992K->1376K(69632K)] 382766K->315150K(552960K), 0.0019696 secs] [Times: user=0.01 sys=0.00, real=0.00 secs] 
2480.724: [GC (Allocation Failure) [PSYoungGen: 68960K->1389K(69632K)] 382734K->315164K(552960K), 0.0018707 secs] [Times: user=0.00 sys=0.00, real=0.00 secs] 
2481.472: [GC (Allocation Failure) [PSYoungGen: 68973K->1408K(69632K)] 382748K->315190K(552960K), 0.0019294 secs] [Times: user=0.01 sys=0.00, real=0.00 secs] 
2481.767: [GC (Allocation Failure) [PSYoungGen: 68992K->1376K(69632K)] 382774K->315158K(552960K), 0.0017992 secs] [Times: user=0.01 sys=0.00, real=0.00 secs] 
2482.059: [GC (Allocation Failure) [PSYoungGen: 68960K->1360K(69632K)] 382742K->315142K(552960K), 0.0018062 secs] [Times: user=0.00 sys=0.00, real=0.00 secs] 
2482.340: [GC (Allocation Failure) [PSYoungGen: 68944K->1408K(69632K)] 382726K->315190K(552960K), 0.0021951 secs] [Times: user=0.01 sys=0.00, real=0.01 secs] 
2483.781: [GC (Allocation Failure) [PSYoungGen: 68992K->1408K(69632K)] 382774K->315190K(552960K), 0.0021259 secs] [Times: user=0.00 sys=0.00, real=0.01 secs] 
2484.602: [GC (Allocation Failure) [PSYoungGen: 68992K->1312K(69632K)] 382774K->315094K(552960K), 0.0024122 secs] [Times: user=0.01 sys=0.00, real=0.00 secs] 
2485.393: [GC (Allocation Failure) [PSYoungGen: 68896K->1440K(69632K)] 382678K->315222K(552960K), 0.0031780 secs] [Times: user=0.02 sys=0.00, real=0.00 secs] 
2486.017: [GC (Allocation Failure) [PSYoungGen: 69024K->1328K(69632K)] 382806K->315110K(552960K), 0.0036259 secs] [Times: user=0.01 sys=0.00, real=0.00 secs] 
2487.107: [GC (Allocation Failure) [PSYoungGen: 68912K->1357K(69120K)] 382694K->315140K(552448K), 0.0015302 secs] [Times: user=0.00 sys=0.00, real=0.00 secs] 
2487.556: [GC (Allocation Failure) [PSYoungGen: 68941K->1424K(69120K)] 382724K->315206K(552448K), 0.0018984 secs] [Times: user=0.00 sys=0.00, real=0.00 secs] 
2487.837: [GC (Allocation Failure) [PSYoungGen: 69008K->1376K(69120K)] 382790K->315166K(552448K), 0.0019150 secs] [Times: user=0.00 sys=0.00, real=0.00 secs] 
2488.311: [GC (Allocation Failure) [PSYoungGen: 68960K->1376K(69120K)] 382750K->315166K(552448K), 0.0019994 secs] [Times: user=0.01 sys=0.00, real=0.00 secs] 
2488.958: [GC (Allocation Failure) [PSYoungGen: 68960K->1376K(69120K)] 382750K->315166K(552448K), 0.0021185 secs] [Times: user=0.01 sys=0.00, real=0.00 secs] 
2490.221: [GC (Allocation Failure) [PSYoungGen: 68960K->1440K(69120K)] 382750K->315230K(552448K), 0.0038573 secs] [Times: user=0.01 sys=0.00, real=0.01 secs] 
2490.769: [GC (Allocation Failure) [PSYoungGen: 69024K->1344K(69120K)] 382814K->315142K(552448K), 0.0024054 secs] [Times: user=0.01 sys=0.00, real=0.00 secs] 
2491.050: [GC (Allocation Failure) [PSYoungGen: 68928K->1312K(69120K)] 382726K->315110K(552448K), 0.0020101 secs] [Times: user=0.00 sys=0.00, real=0.01 secs] 
2491.332: [GC (Allocation Failure) [PSYoungGen: 68896K->1344K(69120K)] 382694K->315142K(552448K), 0.0018479 secs] [Times: user=0.01 sys=0.00, real=0.00 secs] 
2492.493: [GC (Allocation Failure) [PSYoungGen: 68928K->1408K(69120K)] 382726K->315206K(552448K), 0.0035867 secs] [Times: user=0.01 sys=0.00, real=0.00 secs] 
2493.862: [GC (Allocation Failure) [PSYoungGen: 68992K->1376K(69120K)] 382790K->315174K(552448K), 0.0038525 secs] [Times: user=0.02 sys=0.00, real=0.00 secs] 
2494.515: [GC (Allocation Failure) [PSYoungGen: 68960K->1376K(69120K)] 382758K->315174K(552448K), 0.0035398 secs] [Times: user=0.01 sys=0.00, real=0.00 secs] 
2494.849: [GC (Allocation Failure) [PSYoungGen: 68960K->1312K(69120K)] 382758K->315110K(552448K), 0.0018079 secs] [Times: user=0.01 sys=0.00, real=0.00 secs] 
2495.309: [GC (Allocation Failure) [PSYoungGen: 68896K->1392K(69120K)] 382694K->315190K(552448K), 0.0020938 secs] [Times: user=0.01 sys=0.00, real=0.01 secs] 
2497.034: [GC (Allocation Failure) [PSYoungGen: 68976K->1408K(69120K)] 382774K->315206K(552448K), 0.0046418 secs] [Times: user=0.01 sys=0.00, real=0.00 secs] 
2497.573: [GC (Allocation Failure) [PSYoungGen: 68992K->1376K(69120K)] 382790K->315174K(552448K), 0.0018609 secs] [Times: user=0.01 sys=0.00, real=0.00 secs] 
2497.852: [GC (Allocation Failure) [PSYoungGen: 68960K->1392K(69120K)] 382758K->315190K(552448K), 0.0018761 secs] [Times: user=0.00 sys=0.00, real=0.00 secs] 
2498.370: [GC (Allocation Failure) [PSYoungGen: 68976K->1360K(69120K)] 382774K->315158K(552448K), 0.0019645 secs] [Times: user=0.01 sys=0.00, real=0.01 secs] 
2499.562: [GC (Allocation Failure) [PSYoungGen: 68944K->1408K(69120K)] 382742K->315206K(552448K), 0.0029952 secs] [Times: user=0.01 sys=0.00, real=0.00 secs] 
2500.436: [GC (Allocation Failure) [PSYoungGen: 68992K->1376K(69120K)] 382790K->315174K(552448K), 0.0041207 secs] [Times: user=0.02 sys=0.00, real=0.00 secs] 
2501.155: [GC (Allocation Failure) [PSYoungGen: 68960K->1376K(69120K)] 382758K->315174K(552448K), 0.0028699 secs] [Times: user=0.01 sys=0.00, real=0.00 secs] 
2501.650: [GC (Allocation Failure) [PSYoungGen: 68960K->1344K(69120K)] 382758K->315150K(552448K), 0.0020953 secs] [Times: user=0.01 sys=0.00, real=0.01 secs] 
2502.498: [GC (Allocation Failure) [PSYoungGen: 68928K->1389K(69120K)] 382734K->315196K(552448K), 0.0015858 secs] [Times: user=0.01 sys=0.00, real=0.00 secs] 
2503.159: [GC (Allocation Failure) [PSYoungGen: 68973K->1408K(69120K)] 382780K->315214K(552448K), 0.0019330 secs] [Times: user=0.00 sys=0.00, real=0.01 secs] 
2503.440: [GC (Allocation Failure) [PSYoungGen: 68992K->1344K(69120K)] 382798K->315150K(552448K), 0.0020223 secs] [Times: user=0.01 sys=0.00, real=0.01 secs] 
2503.722: [GC (Allocation Failure) [PSYoungGen: 68928K->1312K(69120K)] 382734K->315118K(552448K), 0.0020622 secs] [Times: user=0.01 sys=0.00, real=0.00 secs] 
2504.004: [GC (Allocation Failure) [PSYoungGen: 68896K->1408K(69120K)] 382702K->315214K(552448K), 0.0021297 secs] [Times: user=0.01 sys=0.00, real=0.00 secs] 
2504.903: [GC (Allocation Failure) [PSYoungGen: 68992K->1408K(69120K)] 382798K->315214K(552448K), 0.0017851 secs] [Times: user=0.01 sys=0.00, real=0.00 secs] 
2505.463: [GC (Allocation Failure) [PSYoungGen: 68992K->1344K(69120K)] 382798K->315150K(552448K), 0.0019769 secs] [Times: user=0.01 sys=0.00, real=0.00 secs] 
2506.022: [GC (Allocation Failure) [PSYoungGen: 68928K->1344K(69120K)] 382734K->315150K(552448K), 0.0029223 secs] [Times: user=0.01 sys=0.00, real=0.00 secs] 
2506.420: [GC (Allocation Failure) [PSYoungGen: 68928K->1344K(69120K)] 382734K->315150K(552448K), 0.0020182 secs] [Times: user=0.00 sys=0.00, real=0.01 secs] 
2507.136: [GC (Allocation Failure) [PSYoungGen: 68928K->1424K(69120K)] 382734K->315230K(552448K), 0.0016037 secs] [Times: user=0.01 sys=0.00, real=0.00 secs] 
2507.416: [GC (Allocation Failure) [PSYoungGen: 69008K->1408K(69120K)] 382814K->315214K(552448K), 0.0017766 secs] [Times: user=0.00 sys=0.00, real=0.00 secs] 
2507.696: [GC (Allocation Failure) [PSYoungGen: 68992K->1408K(69120K)] 382798K->315214K(552448K), 0.0017223 secs] [Times: user=0.00 sys=0.00, real=0.00 secs] 
2507.977: [GC (Allocation Failure) [PSYoungGen: 68992K->1376K(69120K)] 382798K->315198K(552448K), 0.0017628 secs] [Times: user=0.00 sys=0.00, real=0.00 secs] 
2508.299: [GC (Allocation Failure) [PSYoungGen: 68960K->1357K(69120K)] 382782K->315180K(552448K), 0.0017178 secs] [Times: user=0.01 sys=0.00, real=0.00 secs] 
2510.125: [GC (Allocation Failure) [PSYoungGen: 68941K->1440K(69120K)] 382764K->315262K(552448K), 0.0042913 secs] [Times: user=0.02 sys=0.00, real=0.00 secs] 
2511.177: [GC (Allocation Failure) [PSYoungGen: 69024K->1344K(69120K)] 382846K->315166K(552448K), 0.0035186 secs] [Times: user=0.01 sys=0.00, real=0.00 secs] 
2511.788: [GC (Allocation Failure) [PSYoungGen: 68928K->1376K(69120K)] 382750K->315206K(552448K), 0.0030482 secs] [Times: user=0.01 sys=0.00, real=0.00 secs] 
2512.427: [GC (Allocation Failure) [PSYoungGen: 68960K->1408K(69120K)] 382790K->315238K(552448K), 0.0029162 secs] [Times: user=0.01 sys=0.00, real=0.00 secs] 
2513.527: [GC (Allocation Failure) [PSYoungGen: 68992K->1408K(69120K)] 382822K->315238K(552448K), 0.0016757 secs] [Times: user=0.00 sys=0.00, real=0.00 secs] 
2514.307: [GC (Allocation Failure) [PSYoungGen: 68992K->1376K(69120K)] 382822K->315206K(552448K), 0.0022347 secs] [Times: user=0.01 sys=0.00, real=0.00 secs] 
2514.854: [GC (Allocation Failure) [PSYoungGen: 68960K->1344K(69120K)] 382790K->315174K(552448K), 0.0021190 secs] [Times: user=0.01 sys=0.00, real=0.00 secs] 
2515.399: [GC (Allocation Failure) [PSYoungGen: 68928K->1376K(69120K)] 382758K->315206K(552448K), 0.0019258 secs] [Times: user=0.01 sys=0.00, real=0.00 secs] 
2516.564: [GC (Allocation Failure) [PSYoungGen: 68960K->1341K(69120K)] 382790K->315172K(552448K), 0.0016349 secs] [Times: user=0.01 sys=0.00, real=0.00 secs] 
2517.859: [GC (Allocation Failure) [PSYoungGen: 68925K->1408K(69120K)] 382756K->315238K(552448K), 0.0026148 secs] [Times: user=0.01 sys=0.00, real=0.01 secs] 
2518.681: [GC (Allocation Failure) [PSYoungGen: 68992K->1344K(69120K)] 382822K->315174K(552448K), 0.0044266 secs] [Times: user=0.01 sys=0.00, real=0.01 secs] 
2519.840: [GC (Allocation Failure) [PSYoungGen: 68928K->1376K(69120K)] 382758K->315206K(552448K), 0.0044252 secs] [Times: user=0.02 sys=0.00, real=0.01 secs] 
2520.990: [GC (Allocation Failure) [PSYoungGen: 68960K->1376K(69120K)] 382790K->315206K(552448K), 0.0036599 secs] [Times: user=0.01 sys=0.00, real=0.01 secs] 
2522.080: [GC (Allocation Failure) [PSYoungGen: 68960K->1440K(69120K)] 382790K->315270K(552448K), 0.0015856 secs] [Times: user=0.00 sys=0.00, real=0.01 secs] 
2522.361: [GC (Allocation Failure) [PSYoungGen: 69024K->1408K(69120K)] 382854K->315238K(552448K), 0.0016510 secs] [Times: user=0.01 sys=0.00, real=0.01 secs] 
2522.641: [GC (Allocation Failure) [PSYoungGen: 68992K->1376K(69120K)] 382822K->315206K(552448K), 0.0019459 secs] [Times: user=0.01 sys=0.00, real=0.01 secs] 
2522.923: [GC (Allocation Failure) [PSYoungGen: 68960K->1376K(69120K)] 382790K->315214K(552448K), 0.0020500 secs] [Times: user=0.01 sys=0.00, real=0.00 secs] 
2523.688: [GC (Allocation Failure) [PSYoungGen: 68960K->864K(69120K)] 382798K->315726K(552448K), 0.0015768 secs] [Times: user=0.01 sys=0.00, real=0.00 secs] 
2523.971: [GC (Allocation Failure) [PSYoungGen: 68448K->384K(69120K)] 383310K->315246K(552448K), 0.0014780 secs] [Times: user=0.01 sys=0.00, real=0.01 secs] 
2524.252: [GC (Allocation Failure) [PSYoungGen: 67968K->352K(69632K)] 382830K->315214K(552960K), 0.0014609 secs] [Times: user=0.01 sys=0.00, real=0.00 secs] 
2524.532: [GC (Allocation Failure) [PSYoungGen: 67936K->384K(69632K)] 382798K->315246K(552960K), 0.0015197 secs] [Times: user=0.01 sys=0.00, real=0.00 secs] 
2524.812: [GC (Allocation Failure) [PSYoungGen: 67968K->352K(69632K)] 382830K->315214K(552960K), 0.0026616 secs] [Times: user=0.01 sys=0.00, real=0.00 secs] 
2525.674: [GC (Allocation Failure) [PSYoungGen: 67936K->1440K(69632K)] 382798K->316302K(552960K), 0.0032774 secs] [Times: user=0.02 sys=0.00, real=0.00 secs] 
2525.968: [GC (Allocation Failure) [PSYoungGen: 69024K->1344K(69632K)] 383886K->316206K(552960K), 0.0019349 secs] [Times: user=0.01 sys=0.00, real=0.00 secs] 
2526.251: [GC (Allocation Failure) [PSYoungGen: 68928K->1344K(69632K)] 383790K->316206K(552960K), 0.0019919 secs] [Times: user=0.01 sys=0.00, real=0.01 secs] 
2526.745: [GC (Allocation Failure) [PSYoungGen: 68928K->1376K(69632K)] 383790K->316238K(552960K), 0.0028819 secs] [Times: user=0.01 sys=0.00, real=0.00 secs] 
2527.911: [GC (Allocation Failure) [PSYoungGen: 68960K->1408K(69632K)] 383822K->316270K(552960K), 0.0017628 secs] [Times: user=0.00 sys=0.00, real=0.01 secs] 
2528.870: [GC (Allocation Failure) [PSYoungGen: 68992K->1376K(69632K)] 383854K->316262K(552960K), 0.0030239 secs] [Times: user=0.01 sys=0.00, real=0.01 secs] 
2529.788: [GC (Allocation Failure) [PSYoungGen: 68960K->1408K(69632K)] 383846K->316294K(552960K), 0.0042941 secs] [Times: user=0.02 sys=0.00, real=0.01 secs] 
2530.334: [GC (Allocation Failure) [PSYoungGen: 68992K->1328K(69632K)] 383878K->316214K(552960K), 0.0023875 secs] [Times: user=0.01 sys=0.00, real=0.00 secs] 
2531.294: [GC (Allocation Failure) [PSYoungGen: 68912K->1373K(69632K)] 383798K->316260K(552960K), 0.0014190 secs] [Times: user=0.01 sys=0.00, real=0.00 secs] 
2531.968: [GC (Allocation Failure) [PSYoungGen: 68957K->1376K(69632K)] 383844K->316262K(552960K), 0.0022969 secs] [Times: user=0.01 sys=0.01, real=0.00 secs] 
2532.251: [GC (Allocation Failure) [PSYoungGen: 68960K->1376K(69632K)] 383846K->316262K(552960K), 0.0020018 secs] [Times: user=0.01 sys=0.00, real=0.01 secs] 
2532.594: [GC (Allocation Failure) [PSYoungGen: 68960K->1376K(69632K)] 383846K->316262K(552960K), 0.0019243 secs] [Times: user=0.01 sys=0.00, real=0.00 secs] 
2533.137: [GC (Allocation Failure) [PSYoungGen: 68960K->1392K(69632K)] 383846K->316278K(552960K), 0.0020024 secs] [Times: user=0.01 sys=0.00, real=0.00 secs] 
2534.312: [GC (Allocation Failure) [PSYoungGen: 68976K->1344K(69632K)] 383862K->316230K(552960K), 0.0026473 secs] [Times: user=0.01 sys=0.00, real=0.00 secs] 
2534.827: [GC (Allocation Failure) [PSYoungGen: 68928K->1312K(69632K)] 383814K->316198K(552960K), 0.0020007 secs] [Times: user=0.00 sys=0.00, real=0.00 secs] 
2535.107: [GC (Allocation Failure) [PSYoungGen: 68896K->1376K(69632K)] 383782K->316270K(552960K), 0.0020287 secs] [Times: user=0.00 sys=0.00, real=0.00 secs] 
2535.616: [GC (Allocation Failure) [PSYoungGen: 68960K->1360K(69632K)] 383854K->316254K(552960K), 0.0019746 secs] [Times: user=0.00 sys=0.00, real=0.00 secs] 
2536.837: [GC (Allocation Failure) [PSYoungGen: 68944K->1904K(69632K)] 383838K->317311K(552960K), 0.0018035 secs] [Times: user=0.01 sys=0.00, real=0.00 secs] 
2537.951: [GC (Allocation Failure) [PSYoungGen: 69488K->1376K(69632K)] 384895K->316782K(552960K), 0.0041593 secs] [Times: user=0.01 sys=0.00, real=0.01 secs] 
2538.703: [GC (Allocation Failure) [PSYoungGen: 68960K->1360K(69632K)] 384366K->316775K(552960K), 0.0031663 secs] [Times: user=0.01 sys=0.01, real=0.00 secs] 
2539.483: [GC (Allocation Failure) [PSYoungGen: 68944K->1360K(69632K)] 384359K->316775K(552960K), 0.0021344 secs] [Times: user=0.01 sys=0.00, real=0.00 secs] 
2540.319: [GC (Allocation Failure) [PSYoungGen: 68944K->1344K(69632K)] 384359K->316766K(552960K), 0.0023395 secs] [Times: user=0.01 sys=0.00, real=0.01 secs] 
2542.036: [GC (Allocation Failure) [PSYoungGen: 68928K->1376K(69632K)] 384350K->316806K(552960K), 0.0027430 secs] [Times: user=0.01 sys=0.00, real=0.00 secs] 
2542.481: [GC (Allocation Failure) [PSYoungGen: 68960K->1376K(69632K)] 384390K->316806K(552960K), 0.0039358 secs] [Times: user=0.01 sys=0.00, real=0.01 secs] 
2543.032: [GC (Allocation Failure) [PSYoungGen: 68960K->1376K(69632K)] 384390K->316806K(552960K), 0.0024842 secs] [Times: user=0.01 sys=0.00, real=0.00 secs] 
2543.636: [GC (Allocation Failure) [PSYoungGen: 68960K->1312K(69632K)] 384390K->316742K(552960K), 0.0027717 secs] [Times: user=0.01 sys=0.00, real=0.00 secs] 
2544.629: [GC (Allocation Failure) [PSYoungGen: 68896K->1408K(69632K)] 384326K->316838K(552960K), 0.0017328 secs] [Times: user=0.00 sys=0.00, real=0.00 secs] 
2544.910: [GC (Allocation Failure) [PSYoungGen: 68992K->1408K(69632K)] 384422K->316838K(552960K), 0.0019133 secs] [Times: user=0.01 sys=0.00, real=0.01 secs] 
2545.191: [GC (Allocation Failure) [PSYoungGen: 68992K->1344K(69632K)] 384422K->316774K(552960K), 0.0018201 secs] [Times: user=0.01 sys=0.00, real=0.01 secs] 
2545.472: [GC (Allocation Failure) [PSYoungGen: 68928K->1344K(69632K)] 384358K->316774K(552960K), 0.0017577 secs] [Times: user=0.00 sys=0.00, real=0.00 secs] 
2546.427: [GC (Allocation Failure) [PSYoungGen: 68928K->1405K(69632K)] 384358K->316836K(552960K), 0.0016400 secs] [Times: user=0.01 sys=0.00, real=0.00 secs] 
2547.107: [GC (Allocation Failure) [PSYoungGen: 68989K->1376K(69632K)] 384420K->316806K(552960K), 0.0017617 secs] [Times: user=0.01 sys=0.00, real=0.00 secs] 
2547.504: [GC (Allocation Failure) [PSYoungGen: 68960K->1376K(69120K)] 384390K->316806K(552448K), 0.0033462 secs] [Times: user=0.01 sys=0.00, real=0.00 secs] 
2548.230: [GC (Allocation Failure) [PSYoungGen: 68960K->1344K(69120K)] 384390K->316774K(552448K), 0.0020569 secs] [Times: user=0.00 sys=0.00, real=0.01 secs] 
2549.033: [GC (Allocation Failure) [PSYoungGen: 68928K->1376K(69120K)] 384358K->316806K(552448K), 0.0025790 secs] [Times: user=0.00 sys=0.00, real=0.00 secs] 
2550.007: [GC (Allocation Failure) [PSYoungGen: 68960K->1440K(69120K)] 384390K->316870K(552448K), 0.0017330 secs] [Times: user=0.01 sys=0.00, real=0.00 secs] 
2550.296: [GC (Allocation Failure) [PSYoungGen: 69024K->1408K(69120K)] 384454K->316846K(552448K), 0.0017001 secs] [Times: user=0.01 sys=0.00, real=0.00 secs] 
2550.630: [GC (Allocation Failure) [PSYoungGen: 68992K->1344K(69120K)] 384430K->316782K(552448K), 0.0017976 secs] [Times: user=0.01 sys=0.00, real=0.01 secs] 
2550.988: [GC (Allocation Failure) [PSYoungGen: 68928K->1408K(69120K)] 384366K->316846K(552448K), 0.0021829 secs] [Times: user=0.01 sys=0.00, real=0.00 secs] 
2551.806: [GC (Allocation Failure) [PSYoungGen: 68992K->1504K(68608K)] 384430K->317031K(551936K), 0.0018952 secs] [Times: user=0.01 sys=0.00, real=0.00 secs] 
2552.505: [GC (Allocation Failure) [PSYoungGen: 68576K->1264K(69120K)] 384103K->316791K(552448K), 0.0025952 secs] [Times: user=0.01 sys=0.00, real=0.00 secs] 
2553.333: [GC (Allocation Failure) [PSYoungGen: 68336K->1312K(69120K)] 383863K->316838K(552448K), 0.0026187 secs] [Times: user=0.00 sys=0.00, real=0.00 secs] 
2554.183: [GC (Allocation Failure) [PSYoungGen: 68384K->1312K(69120K)] 383910K->316838K(552448K), 0.0024861 secs] [Times: user=0.01 sys=0.00, real=0.00 secs] 
2554.843: [GC (Allocation Failure) [PSYoungGen: 68384K->1312K(69120K)] 383910K->316838K(552448K), 0.0025555 secs] [Times: user=0.01 sys=0.00, real=0.00 secs] 
2556.078: [GC (Allocation Failure) [PSYoungGen: 68384K->1360K(69120K)] 383910K->316887K(552448K), 0.0025555 secs] [Times: user=0.01 sys=0.00, real=0.00 secs] 
2556.896: [GC (Allocation Failure) [PSYoungGen: 68432K->1328K(68608K)] 383959K->316855K(551936K), 0.0026450 secs] [Times: user=0.01 sys=0.00, real=0.00 secs] 
2557.765: [GC (Allocation Failure) [PSYoungGen: 68400K->1376K(68608K)] 383927K->316902K(551936K), 0.0046552 secs] [Times: user=0.01 sys=0.00, real=0.00 secs] 
2558.431: [GC (Allocation Failure) [PSYoungGen: 68448K->400K(68096K)] 383974K->316951K(551424K), 0.0028079 secs] [Times: user=0.01 sys=0.00, real=0.00 secs] 
2559.423: [GC (Allocation Failure) [PSYoungGen: 67472K->1392K(69120K)] 384023K->317943K(552448K), 0.0017426 secs] [Times: user=0.01 sys=0.00, real=0.00 secs] 
2560.062: [GC (Allocation Failure) [PSYoungGen: 68464K->1440K(69120K)] 385015K->317991K(552448K), 0.0033096 secs] [Times: user=0.01 sys=0.00, real=0.00 secs] 
2560.787: [GC (Allocation Failure) [PSYoungGen: 68512K->1376K(69120K)] 385063K->317935K(552448K), 0.0022109 secs] [Times: user=0.01 sys=0.00, real=0.00 secs] 
2561.415: [GC (Allocation Failure) [PSYoungGen: 68448K->1392K(69120K)] 385007K->317951K(552448K), 0.0019603 secs] [Times: user=0.01 sys=0.00, real=0.00 secs] 
2561.910: [GC (Allocation Failure) [PSYoungGen: 68464K->1405K(69120K)] 385023K->317980K(552448K), 0.0018761 secs] [Times: user=0.01 sys=0.00, real=0.01 secs] 
2562.626: [GC (Allocation Failure) [PSYoungGen: 68477K->1424K(69120K)] 385052K->317999K(552448K), 0.0018701 secs] [Times: user=0.01 sys=0.00, real=0.00 secs] 
2562.905: [GC (Allocation Failure) [PSYoungGen: 68496K->1376K(69120K)] 385071K->317975K(552448K), 0.0018143 secs] [Times: user=0.01 sys=0.00, real=0.00 secs] 
2563.214: [GC (Allocation Failure) [PSYoungGen: 68448K->1376K(69120K)] 385047K->317975K(552448K), 0.0017721 secs] [Times: user=0.01 sys=0.00, real=0.00 secs] 
2563.493: [GC (Allocation Failure) [PSYoungGen: 68448K->1376K(69120K)] 385047K->317975K(552448K), 0.0018058 secs] [Times: user=0.00 sys=0.00, real=0.00 secs] 
2564.520: [GC (Allocation Failure) [PSYoungGen: 68448K->1392K(69120K)] 385047K->317991K(552448K), 0.0017861 secs] [Times: user=0.01 sys=0.00, real=0.01 secs] 
2565.509: [GC (Allocation Failure) [PSYoungGen: 68464K->1376K(69120K)] 385063K->317975K(552448K), 0.0028229 secs] [Times: user=0.01 sys=0.00, real=0.01 secs] 
2565.982: [GC (Allocation Failure) [PSYoungGen: 68448K->1376K(69120K)] 385047K->317983K(552448K), 0.0025104 secs] [Times: user=0.01 sys=0.00, real=0.00 secs] 
2566.429: [GC (Allocation Failure) [PSYoungGen: 68448K->1376K(69120K)] 385055K->317983K(552448K), 0.0023392 secs] [Times: user=0.01 sys=0.00, real=0.00 secs] 
2566.981: [GC (Allocation Failure) [PSYoungGen: 68448K->1421K(69120K)] 385055K->318028K(552448K), 0.0014925 secs] [Times: user=0.01 sys=0.00, real=0.00 secs] 
2567.461: [GC (Allocation Failure) [PSYoungGen: 68493K->1440K(69120K)] 385100K->318047K(552448K), 0.0016100 secs] [Times: user=0.01 sys=0.00, real=0.01 secs] 
2567.739: [GC (Allocation Failure) [PSYoungGen: 68512K->1376K(69120K)] 385119K->317983K(552448K), 0.0016741 secs] [Times: user=0.01 sys=0.00, real=0.00 secs] 
2568.017: [GC (Allocation Failure) [PSYoungGen: 68448K->1408K(69120K)] 385055K->318015K(552448K), 0.0014174 secs] [Times: user=0.01 sys=0.00, real=0.00 secs] 
2568.295: [GC (Allocation Failure) [PSYoungGen: 68480K->1344K(69120K)] 385087K->317975K(552448K), 0.0015816 secs] [Times: user=0.01 sys=0.00, real=0.00 secs] 
2569.250: [GC (Allocation Failure) [PSYoungGen: 68416K->1440K(69120K)] 385047K->318071K(552448K), 0.0019133 secs] [Times: user=0.01 sys=0.00, real=0.01 secs] 
2569.878: [GC (Allocation Failure) [PSYoungGen: 68512K->1344K(69120K)] 385143K->317975K(552448K), 0.0019579 secs] [Times: user=0.01 sys=0.00, real=0.00 secs] 
2570.442: [GC (Allocation Failure) [PSYoungGen: 68416K->1360K(68608K)] 385047K->317999K(551936K), 0.0021895 secs] [Times: user=0.01 sys=0.00, real=0.00 secs] 
2570.807: [GC (Allocation Failure) [PSYoungGen: 68432K->1312K(68608K)] 385071K->317951K(551936K), 0.0020611 secs] [Times: user=0.01 sys=0.00, real=0.00 secs] 
2571.599: [GC (Allocation Failure) [PSYoungGen: 68384K->1456K(68608K)] 385023K->318095K(551936K), 0.0018209 secs] [Times: user=0.01 sys=0.00, real=0.00 secs] 
2572.154: [GC (Allocation Failure) [PSYoungGen: 68528K->1376K(68608K)] 385167K->318015K(551936K), 0.0033158 secs] [Times: user=0.01 sys=0.00, real=0.00 secs] 
2572.728: [GC (Allocation Failure) [PSYoungGen: 68448K->1376K(68608K)] 385087K->318015K(551936K), 0.0031298 secs] [Times: user=0.01 sys=0.00, real=0.01 secs] 
2573.430: [GC (Allocation Failure) [PSYoungGen: 68448K->1360K(68608K)] 385087K->317999K(551936K), 0.0026447 secs] [Times: user=0.01 sys=0.00, real=0.01 secs] 
2574.338: [GC (Allocation Failure) [PSYoungGen: 68432K->1344K(68608K)] 385071K->317983K(551936K), 0.0035140 secs] [Times: user=0.02 sys=0.00, real=0.01 secs] 
2575.259: [GC (Allocation Failure) [PSYoungGen: 68416K->1408K(68608K)] 385055K->318047K(551936K), 0.0017207 secs] [Times: user=0.01 sys=0.00, real=0.00 secs] 
2575.538: [GC (Allocation Failure) [PSYoungGen: 68480K->1376K(68608K)] 385119K->318015K(551936K), 0.0017392 secs] [Times: user=0.01 sys=0.00, real=0.00 secs] 
2575.816: [GC (Allocation Failure) [PSYoungGen: 68448K->1344K(68608K)] 385087K->317983K(551936K), 0.0017580 secs] [Times: user=0.01 sys=0.00, real=0.00 secs] 
2576.094: [GC (Allocation Failure) [PSYoungGen: 68416K->1376K(68608K)] 385055K->318015K(551936K), 0.0021611 secs] [Times: user=0.00 sys=0.00, real=0.00 secs] 
2576.840: [GC (Allocation Failure) [PSYoungGen: 68448K->1408K(68608K)] 385087K->318047K(551936K), 0.0015617 secs] [Times: user=0.01 sys=0.00, real=0.01 secs] 
2577.170: [GC (Allocation Failure) [PSYoungGen: 68480K->1376K(68608K)] 385119K->318015K(551936K), 0.0017694 secs] [Times: user=0.01 sys=0.00, real=0.01 secs] 
2577.657: [GC (Allocation Failure) [PSYoungGen: 68448K->1344K(68608K)] 385087K->317983K(551936K), 0.0018582 secs] [Times: user=0.00 sys=0.00, real=0.00 secs] 
2578.156: [GC (Allocation Failure) [PSYoungGen: 68416K->1344K(68608K)] 385055K->317983K(551936K), 0.0019789 secs] [Times: user=0.00 sys=0.00, real=0.00 secs] 
2578.675: [GC (Allocation Failure) [PSYoungGen: 68416K->1360K(68608K)] 385055K->318015K(551936K), 0.0020998 secs] [Times: user=0.01 sys=0.00, real=0.00 secs] 
2580.010: [GC (Allocation Failure) [PSYoungGen: 68432K->1376K(68608K)] 385087K->318031K(551936K), 0.0027046 secs] [Times: user=0.01 sys=0.00, real=0.01 secs] 
2580.986: [GC (Allocation Failure) [PSYoungGen: 68448K->1376K(68608K)] 385103K->318031K(551936K), 0.0043903 secs] [Times: user=0.02 sys=0.00, real=0.00 secs] 
2581.827: [GC (Allocation Failure) [PSYoungGen: 68448K->1376K(68608K)] 385103K->318031K(551936K), 0.0037000 secs] [Times: user=0.02 sys=0.00, real=0.00 secs] 
2582.496: [GC (Allocation Failure) [PSYoungGen: 68448K->1376K(68608K)] 385103K->318031K(551936K), 0.0037685 secs] [Times: user=0.02 sys=0.00, real=0.00 secs] 
2583.626: [GC (Allocation Failure) [PSYoungGen: 68448K->1376K(68608K)] 385103K->318031K(551936K), 0.0018933 secs] [Times: user=0.01 sys=0.00, real=0.00 secs] 
2584.289: [GC (Allocation Failure) [PSYoungGen: 68448K->1376K(68608K)] 385103K->318031K(551936K), 0.0037958 secs] [Times: user=0.01 sys=0.00, real=0.01 secs] 
2584.998: [GC (Allocation Failure) [PSYoungGen: 68448K->1344K(68608K)] 385103K->317999K(551936K), 0.0041178 secs] [Times: user=0.02 sys=0.00, real=0.01 secs] 
2585.780: [GC (Allocation Failure) [PSYoungGen: 68416K->1344K(68608K)] 385071K->317999K(551936K), 0.0035099 secs] [Times: user=0.01 sys=0.01, real=0.01 secs] 
2586.838: [GC (Allocation Failure) [PSYoungGen: 68416K->1341K(68608K)] 385071K->317996K(551936K), 0.0014606 secs] [Times: user=0.00 sys=0.00, real=0.00 secs] 
2587.387: [GC (Allocation Failure) [PSYoungGen: 68413K->1408K(68608K)] 385068K->318063K(551936K), 0.0016878 secs] [Times: user=0.01 sys=0.00, real=0.00 secs] 
2587.665: [GC (Allocation Failure) [PSYoungGen: 68480K->1408K(68608K)] 385135K->318063K(551936K), 0.0016827 secs] [Times: user=0.01 sys=0.00, real=0.00 secs] 
2588.163: [GC (Allocation Failure) [PSYoungGen: 68480K->1344K(68608K)] 385135K->317999K(551936K), 0.0019675 secs] [Times: user=0.01 sys=0.00, real=0.00 secs] 
2588.677: [GC (Allocation Failure) [PSYoungGen: 68416K->1408K(68608K)] 385071K->318063K(551936K), 0.0029913 secs] [Times: user=0.02 sys=0.00, real=0.00 secs] 
2589.694: [GC (Allocation Failure) [PSYoungGen: 68480K->1376K(68608K)] 385135K->318031K(551936K), 0.0018304 secs] [Times: user=0.01 sys=0.00, real=0.00 secs] 
2590.360: [GC (Allocation Failure) [PSYoungGen: 68448K->1344K(68608K)] 385103K->317999K(551936K), 0.0032190 secs] [Times: user=0.01 sys=0.00, real=0.01 secs] 
2590.975: [GC (Allocation Failure) [PSYoungGen: 68416K->1344K(68608K)] 385071K->317999K(551936K), 0.0025179 secs] [Times: user=0.01 sys=0.00, real=0.00 secs] 
2591.782: [GC (Allocation Failure) [PSYoungGen: 68416K->1408K(68608K)] 385071K->318071K(551936K), 0.0031549 secs] [Times: user=0.01 sys=0.00, real=0.00 secs] 
2592.748: [GC (Allocation Failure) [PSYoungGen: 68480K->1357K(68608K)] 385143K->318020K(551936K), 0.0015479 secs] [Times: user=0.00 sys=0.00, real=0.00 secs] 
2594.277: [GC (Allocation Failure) [PSYoungGen: 68429K->1360K(68608K)] 385092K->318023K(551936K), 0.0045758 secs] [Times: user=0.02 sys=0.00, real=0.01 secs] 
2594.720: [GC (Allocation Failure) [PSYoungGen: 68432K->1376K(68608K)] 385095K->318039K(551936K), 0.0019226 secs] [Times: user=0.01 sys=0.00, real=0.01 secs] 
2595.232: [GC (Allocation Failure) [PSYoungGen: 68448K->1376K(68608K)] 385111K->318039K(551936K), 0.0021781 secs] [Times: user=0.01 sys=0.00, real=0.00 secs] 
2595.865: [GC (Allocation Failure) [PSYoungGen: 68448K->1344K(68608K)] 385111K->318007K(551936K), 0.0030636 secs] [Times: user=0.01 sys=0.00, real=0.00 secs] 
2597.108: [GC (Allocation Failure) [PSYoungGen: 68416K->1408K(68608K)] 385079K->318071K(551936K), 0.0027386 secs] [Times: user=0.01 sys=0.00, real=0.00 secs] 
2597.741: [GC (Allocation Failure) [PSYoungGen: 68480K->1360K(68608K)] 385143K->318023K(551936K), 0.0031854 secs] [Times: user=0.01 sys=0.01, real=0.01 secs] 
2598.216: [GC (Allocation Failure) [PSYoungGen: 68432K->1376K(68608K)] 385095K->318039K(551936K), 0.0019549 secs] [Times: user=0.01 sys=0.00, real=0.00 secs] 
2598.494: [GC (Allocation Failure) [PSYoungGen: 68448K->1344K(68608K)] 385111K->318007K(551936K), 0.0019352 secs] [Times: user=0.01 sys=0.00, real=0.00 secs] 
2599.586: [GC (Allocation Failure) [PSYoungGen: 68416K->1376K(68608K)] 385079K->318551K(551936K), 0.0029350 secs] [Times: user=0.01 sys=0.00, real=0.00 secs] 
2600.008: [GC (Allocation Failure) [PSYoungGen: 68448K->1344K(68608K)] 385623K->318519K(551936K), 0.0019478 secs] [Times: user=0.00 sys=0.00, real=0.00 secs] 
2600.601: [GC (Allocation Failure) [PSYoungGen: 68416K->1344K(68608K)] 385591K->318519K(551936K), 0.0018236 secs] [Times: user=0.01 sys=0.00, real=0.00 secs] 
2601.493: [GC (Allocation Failure) [PSYoungGen: 68416K->1344K(68608K)] 385591K->318527K(551936K), 0.0040307 secs] [Times: user=0.02 sys=0.00, real=0.00 secs] 
2602.515: [GC (Allocation Failure) [PSYoungGen: 68416K->1360K(68608K)] 385599K->318543K(551936K), 0.0035612 secs] [Times: user=0.01 sys=0.00, real=0.00 secs] 
2604.000: [GC (Allocation Failure) [PSYoungGen: 68432K->1376K(68608K)] 385615K->318559K(551936K), 0.0019986 secs] [Times: user=0.00 sys=0.00, real=0.01 secs] 
2604.851: [GC (Allocation Failure) [PSYoungGen: 68448K->1376K(68608K)] 385631K->318559K(551936K), 0.0043453 secs] [Times: user=0.01 sys=0.00, real=0.01 secs] 
2605.814: [GC (Allocation Failure) [PSYoungGen: 68448K->1376K(68608K)] 385631K->318559K(551936K), 0.0046247 secs] [Times: user=0.02 sys=0.00, real=0.00 secs] 
2606.645: [GC (Allocation Failure) [PSYoungGen: 68448K->1376K(68608K)] 385631K->318559K(551936K), 0.0042586 secs] [Times: user=0.02 sys=0.00, real=0.00 secs] 
2607.876: [GC (Allocation Failure) [PSYoungGen: 68448K->1408K(68608K)] 385631K->318591K(551936K), 0.0017667 secs] [Times: user=0.01 sys=0.00, real=0.00 secs] 
2608.568: [GC (Allocation Failure) [PSYoungGen: 68480K->1344K(68608K)] 385663K->318527K(551936K), 0.0019687 secs] [Times: user=0.01 sys=0.00, real=0.00 secs] 
2609.088: [GC (Allocation Failure) [PSYoungGen: 68416K->1376K(68608K)] 385599K->318559K(551936K), 0.0020664 secs] [Times: user=0.01 sys=0.00, real=0.00 secs] 
2609.662: [GC (Allocation Failure) [PSYoungGen: 68448K->1376K(68608K)] 385631K->318559K(551936K), 0.0028064 secs] [Times: user=0.01 sys=0.00, real=0.00 secs] 
2610.362: [GC (Allocation Failure) [PSYoungGen: 68448K->1373K(68608K)] 385631K->318556K(551936K), 0.0026349 secs] [Times: user=0.01 sys=0.00, real=0.00 secs] 
2611.452: [GC (Allocation Failure) [PSYoungGen: 68445K->1408K(68608K)] 385628K->318591K(551936K), 0.0023503 secs] [Times: user=0.01 sys=0.00, real=0.00 secs] 
2611.726: [GC (Allocation Failure) [PSYoungGen: 68480K->1376K(68608K)] 385663K->318559K(551936K), 0.0020067 secs] [Times: user=0.01 sys=0.00, real=0.00 secs] 
2612.014: [GC (Allocation Failure) [PSYoungGen: 68448K->1376K(68608K)] 385631K->318559K(551936K), 0.0019957 secs] [Times: user=0.00 sys=0.00, real=0.00 secs] 
2612.293: [GC (Allocation Failure) [PSYoungGen: 68448K->1344K(68608K)] 385631K->318535K(551936K), 0.0017871 secs] [Times: user=0.00 sys=0.00, real=0.00 secs] 
2613.166: [GC (Allocation Failure) [PSYoungGen: 68416K->1376K(68608K)] 385607K->318567K(551936K), 0.0021506 secs] [Times: user=0.01 sys=0.00, real=0.00 secs] 
2613.501: [GC (Allocation Failure) [PSYoungGen: 68448K->1344K(68608K)] 385639K->318535K(551936K), 0.0020277 secs] [Times: user=0.00 sys=0.00, real=0.01 secs] 
2614.057: [GC (Allocation Failure) [PSYoungGen: 68416K->1344K(68608K)] 385607K->318535K(551936K), 0.0022419 secs] [Times: user=0.01 sys=0.00, real=0.00 secs] 
2614.871: [GC (Allocation Failure) [PSYoungGen: 68416K->1344K(68608K)] 385607K->318535K(551936K), 0.0042363 secs] [Times: user=0.01 sys=0.00, real=0.01 secs] 
2616.127: [GC (Allocation Failure) [PSYoungGen: 68416K->1373K(68608K)] 385607K->318564K(551936K), 0.0014271 secs] [Times: user=0.00 sys=0.00, real=0.00 secs] 
2617.433: [GC (Allocation Failure) [PSYoungGen: 68445K->1376K(68608K)] 385636K->318567K(551936K), 0.0023961 secs] [Times: user=0.01 sys=0.00, real=0.00 secs] 
2618.206: [GC (Allocation Failure) [PSYoungGen: 68448K->1408K(68608K)] 385639K->318599K(551936K), 0.0024808 secs] [Times: user=0.01 sys=0.00, real=0.00 secs] 
2618.888: [GC (Allocation Failure) [PSYoungGen: 68480K->1344K(68608K)] 385671K->318535K(551936K), 0.0023809 secs] [Times: user=0.01 sys=0.00, real=0.00 secs] 
2619.472: [GC (Allocation Failure) [PSYoungGen: 68416K->1376K(68608K)] 385607K->318567K(551936K), 0.0020028 secs] [Times: user=0.00 sys=0.00, real=0.00 secs] 
2621.470: [GC (Allocation Failure) [PSYoungGen: 68448K->1408K(68608K)] 385639K->318599K(551936K), 0.0044413 secs] [Times: user=0.02 sys=0.00, real=0.01 secs] 
2622.174: [GC (Allocation Failure) [PSYoungGen: 68480K->1440K(68608K)] 385671K->318639K(551936K), 0.0029892 secs] [Times: user=0.01 sys=0.01, real=0.00 secs] 
2622.561: [GC (Allocation Failure) [PSYoungGen: 68512K->1408K(68608K)] 385711K->318607K(551936K), 0.0018770 secs] [Times: user=0.00 sys=0.00, real=0.01 secs] 
2622.839: [GC (Allocation Failure) [PSYoungGen: 68480K->1344K(68608K)] 385679K->318543K(551936K), 0.0018150 secs] [Times: user=0.01 sys=0.00, real=0.00 secs] 
2623.540: [GC (Allocation Failure) [PSYoungGen: 68416K->1312K(68608K)] 385615K->318511K(551936K), 0.0015079 secs] [Times: user=0.00 sys=0.00, real=0.01 secs] 
2624.110: [GC (Allocation Failure) [PSYoungGen: 68384K->1376K(68608K)] 385583K->318575K(551936K), 0.0016462 secs] [Times: user=0.00 sys=0.00, real=0.01 secs] 
2624.648: [GC (Allocation Failure) [PSYoungGen: 68448K->1376K(68608K)] 385647K->318575K(551936K), 0.0018003 secs] [Times: user=0.01 sys=0.00, real=0.00 secs] 
2625.275: [GC (Allocation Failure) [PSYoungGen: 68448K->1376K(68608K)] 385647K->318575K(551936K), 0.0021236 secs] [Times: user=0.01 sys=0.00, real=0.00 secs] 
2625.660: [GC (Allocation Failure) [PSYoungGen: 68448K->1408K(68608K)] 385647K->318607K(551936K), 0.0021786 secs] [Times: user=0.01 sys=0.00, real=0.01 secs] 
2626.711: [GC (Allocation Failure) [PSYoungGen: 68480K->1408K(68608K)] 385679K->318607K(551936K), 0.0018852 secs] [Times: user=0.00 sys=0.00, real=0.01 secs] 
2627.324: [GC (Allocation Failure) [PSYoungGen: 68480K->1344K(68608K)] 385679K->318543K(551936K), 0.0018930 secs] [Times: user=0.01 sys=0.00, real=0.00 secs] 
2627.627: [GC (Allocation Failure) [PSYoungGen: 68416K->1344K(68608K)] 385615K->318543K(551936K), 0.0020044 secs] [Times: user=0.01 sys=0.00, real=0.00 secs] 
2627.911: [GC (Allocation Failure) [PSYoungGen: 68416K->1344K(68608K)] 385615K->318543K(551936K), 0.0018347 secs] [Times: user=0.00 sys=0.00, real=0.01 secs] 
2628.818: [GC (Allocation Failure) [PSYoungGen: 68416K->1392K(68608K)] 385615K->319615K(551936K), 0.0016063 secs] [Times: user=0.01 sys=0.00, real=0.00 secs] 
2629.396: [GC (Allocation Failure) [PSYoungGen: 68464K->1360K(68608K)] 386687K->319583K(551936K), 0.0017714 secs] [Times: user=0.01 sys=0.00, real=0.00 secs] 
2629.832: [GC (Allocation Failure) [PSYoungGen: 68432K->1376K(68608K)] 386655K->319615K(551936K), 0.0019858 secs] [Times: user=0.01 sys=0.00, real=0.00 secs] 
2630.111: [GC (Allocation Failure) [PSYoungGen: 68448K->1376K(68608K)] 386687K->319615K(551936K), 0.0020474 secs] [Times: user=0.01 sys=0.00, real=0.01 secs] 
2630.390: [GC (Allocation Failure) [PSYoungGen: 68448K->1344K(68608K)] 386687K->319583K(551936K), 0.0017531 secs] [Times: user=0.01 sys=0.00, real=0.01 secs] 
2631.123: [GC (Allocation Failure) [PSYoungGen: 68416K->1408K(68608K)] 386655K->319647K(551936K), 0.0016760 secs] [Times: user=0.00 sys=0.01, real=0.00 secs] 
2631.407: [GC (Allocation Failure) [PSYoungGen: 68480K->1360K(68608K)] 386719K->319599K(551936K), 0.0017309 secs] [Times: user=0.00 sys=0.00, real=0.00 secs] 
2631.780: [GC (Allocation Failure) [PSYoungGen: 68432K->1392K(68608K)] 386671K->319631K(551936K), 0.0028771 secs] [Times: user=0.01 sys=0.00, real=0.01 secs] 
2632.275: [GC (Allocation Failure) [PSYoungGen: 68464K->1376K(68608K)] 386703K->319615K(551936K), 0.0026304 secs] [Times: user=0.01 sys=0.00, real=0.00 secs] 
2633.239: [GC (Allocation Failure) [PSYoungGen: 68448K->1344K(68608K)] 386687K->319583K(551936K), 0.0017468 secs] [Times: user=0.00 sys=0.00, real=0.00 secs] 
2633.808: [GC (Allocation Failure) [PSYoungGen: 68416K->1376K(68608K)] 386655K->319615K(551936K), 0.0039426 secs] [Times: user=0.01 sys=0.00, real=0.01 secs] 
2634.342: [GC (Allocation Failure) [PSYoungGen: 68448K->1408K(68608K)] 386687K->319647K(551936K), 0.0030784 secs] [Times: user=0.02 sys=0.01, real=0.00 secs] 
2634.962: [GC (Allocation Failure) [PSYoungGen: 68480K->1376K(68608K)] 386719K->319615K(551936K), 0.0031514 secs] [Times: user=0.01 sys=0.00, real=0.00 secs] 
2635.757: [GC (Allocation Failure) [PSYoungGen: 68448K->1373K(68608K)] 386687K->319612K(551936K), 0.0015526 secs] [Times: user=0.00 sys=0.00, real=0.00 secs] 
2636.444: [GC (Allocation Failure) [PSYoungGen: 68445K->1376K(68608K)] 386684K->319615K(551936K), 0.0017361 secs] [Times: user=0.01 sys=0.00, real=0.00 secs] 
2636.738: [GC (Allocation Failure) [PSYoungGen: 68448K->1344K(68608K)] 386687K->319583K(551936K), 0.0019141 secs] [Times: user=0.00 sys=0.00, real=0.00 secs] 
2637.040: [GC (Allocation Failure) [PSYoungGen: 68416K->1376K(68608K)] 386655K->319615K(551936K), 0.0018710 secs] [Times: user=0.01 sys=0.00, real=0.01 secs] 
2637.372: [GC (Allocation Failure) [PSYoungGen: 68448K->1376K(68608K)] 386687K->319615K(551936K), 0.0018008 secs] [Times: user=0.00 sys=0.00, real=0.00 secs] 
2638.145: [GC (Allocation Failure) [PSYoungGen: 68448K->1440K(68608K)] 386687K->319679K(551936K), 0.0018750 secs] [Times: user=0.01 sys=0.00, real=0.00 secs] 
2638.426: [GC (Allocation Failure) [PSYoungGen: 68512K->1344K(68608K)] 386751K->319599K(551936K), 0.0018056 secs] [Times: user=0.01 sys=0.00, real=0.00 secs] 
2638.711: [GC (Allocation Failure) [PSYoungGen: 68416K->1376K(68608K)] 386671K->319631K(551936K), 0.0017045 secs] [Times: user=0.00 sys=0.00, real=0.01 secs] 
2638.995: [GC (Allocation Failure) [PSYoungGen: 68448K->1312K(68608K)] 386703K->319567K(551936K), 0.0018725 secs] [Times: user=0.00 sys=0.00, real=0.00 secs] 
2639.823: [GC (Allocation Failure) [PSYoungGen: 68384K->1357K(68608K)] 386639K->319612K(551936K), 0.0013761 secs] [Times: user=0.00 sys=0.00, real=0.00 secs] 
2640.500: [GC (Allocation Failure) [PSYoungGen: 68429K->1376K(68608K)] 386684K->319631K(551936K), 0.0020132 secs] [Times: user=0.01 sys=0.00, real=0.01 secs] 
2640.804: [GC (Allocation Failure) [PSYoungGen: 68448K->1344K(68608K)] 386703K->319615K(551936K), 0.0022055 secs] [Times: user=0.01 sys=0.00, real=0.00 secs] 
2641.121: [GC (Allocation Failure) [PSYoungGen: 68416K->1344K(68608K)] 386687K->319615K(551936K), 0.0037353 secs] [Times: user=0.01 sys=0.00, real=0.00 secs] 
2641.689: [GC (Allocation Failure) [PSYoungGen: 68416K->1376K(68608K)] 386687K->319647K(551936K), 0.0028216 secs] [Times: user=0.01 sys=0.00, real=0.01 secs] 
2643.050: [GC (Allocation Failure) [PSYoungGen: 68448K->1344K(68608K)] 386719K->319615K(551936K), 0.0022718 secs] [Times: user=0.00 sys=0.01, real=0.01 secs] 
2643.683: [GC (Allocation Failure) [PSYoungGen: 68416K->1344K(68608K)] 386687K->319615K(551936K), 0.0021886 secs] [Times: user=0.01 sys=0.00, real=0.00 secs] 
2644.568: [GC (Allocation Failure) [PSYoungGen: 68416K->1376K(68608K)] 386687K->319647K(551936K), 0.0021485 secs] [Times: user=0.01 sys=0.00, real=0.00 secs] 
2645.320: [GC (Allocation Failure) [PSYoungGen: 68448K->1344K(68608K)] 386719K->319615K(551936K), 0.0049702 secs] [Times: user=0.02 sys=0.00, real=0.01 secs] 
2646.590: [GC (Allocation Failure) [PSYoungGen: 68416K->1360K(68608K)] 386687K->320143K(551936K), 0.0020496 secs] [Times: user=0.00 sys=0.01, real=0.01 secs] 
2648.701: [GC (Allocation Failure) [PSYoungGen: 68432K->1312K(68608K)] 387215K->320095K(551936K), 0.0029812 secs] [Times: user=0.02 sys=0.00, real=0.00 secs] 
2650.000: [GC (Allocation Failure) [PSYoungGen: 68384K->1344K(68608K)] 387167K->320127K(551936K), 0.0040406 secs] [Times: user=0.01 sys=0.00, real=0.01 secs] 
2650.357: [GC (Allocation Failure) [PSYoungGen: 68416K->1376K(68608K)] 387199K->320159K(551936K), 0.0020164 secs] [Times: user=0.01 sys=0.00, real=0.00 secs] 
2650.844: [GC (Allocation Failure) [PSYoungGen: 68448K->1360K(68608K)] 387231K->320143K(551936K), 0.0019473 secs] [Times: user=0.01 sys=0.00, real=0.00 secs] 
2652.153: [GC (Allocation Failure) [PSYoungGen: 68432K->1376K(68608K)] 387215K->320159K(551936K), 0.0017701 secs] [Times: user=0.01 sys=0.00, real=0.00 secs] 
2653.265: [GC (Allocation Failure) [PSYoungGen: 68448K->1344K(68608K)] 387231K->320127K(551936K), 0.0041236 secs] [Times: user=0.02 sys=0.00, real=0.00 secs] 
2654.392: [GC (Allocation Failure) [PSYoungGen: 68416K->1376K(68608K)] 387199K->320167K(551936K), 0.0045885 secs] [Times: user=0.02 sys=0.00, real=0.00 secs] 
2654.829: [GC (Allocation Failure) [PSYoungGen: 68448K->1376K(68608K)] 387239K->320167K(551936K), 0.0022514 secs] [Times: user=0.01 sys=0.00, real=0.00 secs] 
2655.897: [GC (Allocation Failure) [PSYoungGen: 68448K->1376K(68608K)] 387239K->320167K(551936K), 0.0016434 secs] [Times: user=0.00 sys=0.00, real=0.00 secs] 
2656.544: [GC (Allocation Failure) [PSYoungGen: 68448K->1344K(68608K)] 387239K->320135K(551936K), 0.0017783 secs] [Times: user=0.01 sys=0.00, real=0.00 secs] 
2657.017: [GC (Allocation Failure) [PSYoungGen: 68416K->1376K(68608K)] 387207K->320167K(551936K), 0.0019168 secs] [Times: user=0.01 sys=0.00, real=0.00 secs] 
2657.387: [GC (Allocation Failure) [PSYoungGen: 68448K->1344K(68608K)] 387239K->320135K(551936K), 0.0020633 secs] [Times: user=0.01 sys=0.00, real=0.00 secs] 
2657.808: [GC (Allocation Failure) [PSYoungGen: 68416K->1408K(68608K)] 387207K->320199K(551936K), 0.0023417 secs] [Times: user=0.01 sys=0.00, real=0.00 secs] 
2659.000: [GC (Allocation Failure) [PSYoungGen: 68480K->1440K(68608K)] 387271K->320231K(551936K), 0.0026016 secs] [Times: user=0.01 sys=0.00, real=0.01 secs] 
2659.609: [GC (Allocation Failure) [PSYoungGen: 68512K->1344K(68608K)] 387303K->320143K(551936K), 0.0025689 secs] [Times: user=0.01 sys=0.00, real=0.01 secs] 
2660.260: [GC (Allocation Failure) [PSYoungGen: 68416K->1344K(68608K)] 387215K->320151K(551936K), 0.0041629 secs] [Times: user=0.02 sys=0.00, real=0.01 secs] 
2660.640: [GC (Allocation Failure) [PSYoungGen: 68416K->1376K(68608K)] 387223K->320191K(551936K), 0.0020108 secs] [Times: user=0.01 sys=0.00, real=0.01 secs] 
2661.383: [GC (Allocation Failure) [PSYoungGen: 68448K->1376K(68608K)] 387263K->320199K(551936K), 0.0017849 secs] [Times: user=0.00 sys=0.00, real=0.00 secs] 
2661.662: [GC (Allocation Failure) [PSYoungGen: 68448K->1360K(68608K)] 387271K->320183K(551936K), 0.0018087 secs] [Times: user=0.01 sys=0.01, real=0.00 secs] 
2662.030: [GC (Allocation Failure) [PSYoungGen: 68432K->1376K(68608K)] 387255K->320199K(551936K), 0.0017861 secs] [Times: user=0.01 sys=0.00, real=0.01 secs] 
2662.309: [GC (Allocation Failure) [PSYoungGen: 68448K->1376K(68608K)] 387271K->320199K(551936K), 0.0019152 secs] [Times: user=0.01 sys=0.00, real=0.00 secs] 
2662.814: [GC (Allocation Failure) [PSYoungGen: 68448K->1341K(68608K)] 387271K->320164K(551936K), 0.0014452 secs] [Times: user=0.00 sys=0.00, real=0.00 secs] 
2663.864: [GC (Allocation Failure) [PSYoungGen: 68413K->1376K(68608K)] 387236K->320199K(551936K), 0.0027221 secs] [Times: user=0.01 sys=0.01, real=0.00 secs] 
2664.391: [GC (Allocation Failure) [PSYoungGen: 68448K->1376K(68608K)] 387271K->320199K(551936K), 0.0036581 secs] [Times: user=0.02 sys=0.01, real=0.01 secs] 
2664.934: [GC (Allocation Failure) [PSYoungGen: 68448K->1376K(68608K)] 387271K->320199K(551936K), 0.0028985 secs] [Times: user=0.02 sys=0.00, real=0.00 secs] 
2665.473: [GC (Allocation Failure) [PSYoungGen: 68448K->1344K(68608K)] 387271K->320167K(551936K), 0.0028559 secs] [Times: user=0.01 sys=0.00, real=0.00 secs] 
2666.394: [GC (Allocation Failure) [PSYoungGen: 68416K->1392K(68608K)] 387239K->320215K(551936K), 0.0016332 secs] [Times: user=0.01 sys=0.00, real=0.00 secs] 
2666.696: [GC (Allocation Failure) [PSYoungGen: 68464K->1344K(68608K)] 387287K->320167K(551936K), 0.0016928 secs] [Times: user=0.01 sys=0.00, real=0.00 secs] 
2666.975: [GC (Allocation Failure) [PSYoungGen: 68416K->1376K(68608K)] 387239K->320199K(551936K), 0.0016565 secs] [Times: user=0.01 sys=0.00, real=0.00 secs] 
2667.253: [GC (Allocation Failure) [PSYoungGen: 68448K->1376K(68608K)] 387271K->320199K(551936K), 0.0017051 secs] [Times: user=0.00 sys=0.00, real=0.00 secs] 
2667.944: [GC (Allocation Failure) [PSYoungGen: 68448K->1373K(68608K)] 387271K->320196K(551936K), 0.0014829 secs] [Times: user=0.01 sys=0.00, real=0.00 secs] 
2668.257: [GC (Allocation Failure) [PSYoungGen: 68445K->1408K(68608K)] 387268K->320255K(551936K), 0.0017903 secs] [Times: user=0.00 sys=0.00, real=0.00 secs] 
2668.536: [GC (Allocation Failure) [PSYoungGen: 68480K->1376K(68608K)] 387327K->320223K(551936K), 0.0018016 secs] [Times: user=0.01 sys=0.00, real=0.00 secs] 
2668.815: [GC (Allocation Failure) [PSYoungGen: 68448K->1344K(68608K)] 387295K->320191K(551936K), 0.0017437 secs] [Times: user=0.01 sys=0.00, real=0.00 secs] 
2669.094: [GC (Allocation Failure) [PSYoungGen: 68416K->1344K(68608K)] 387263K->320191K(551936K), 0.0017109 secs] [Times: user=0.00 sys=0.00, real=0.00 secs] 
2669.818: [GC (Allocation Failure) [PSYoungGen: 68416K->1376K(68608K)] 387263K->320223K(551936K), 0.0015629 secs] [Times: user=0.01 sys=0.00, real=0.00 secs] 
2670.111: [GC (Allocation Failure) [PSYoungGen: 68448K->1408K(68608K)] 387295K->320255K(551936K), 0.0015339 secs] [Times: user=0.01 sys=0.00, real=0.01 secs] 
2670.410: [GC (Allocation Failure) [PSYoungGen: 68480K->1360K(68608K)] 387327K->320207K(551936K), 0.0016158 secs] [Times: user=0.01 sys=0.00, real=0.01 secs] 
2670.688: [GC (Allocation Failure) [PSYoungGen: 68432K->1344K(68608K)] 387279K->320191K(551936K), 0.0015810 secs] [Times: user=0.01 sys=0.00, real=0.00 secs] 
2671.623: [GC (Allocation Failure) [PSYoungGen: 68416K->1360K(68608K)] 387263K->321231K(551936K), 0.0021354 secs] [Times: user=0.01 sys=0.00, real=0.00 secs] 
2673.372: [GC (Allocation Failure) [PSYoungGen: 68432K->1344K(68608K)] 388303K->321215K(551936K), 0.0036044 secs] [Times: user=0.01 sys=0.00, real=0.00 secs] 
2674.172: [GC (Allocation Failure) [PSYoungGen: 68416K->1344K(68608K)] 388287K->321215K(551936K), 0.0025670 secs] [Times: user=0.01 sys=0.01, real=0.00 secs] 
2675.264: [GC (Allocation Failure) [PSYoungGen: 68416K->1376K(68608K)] 388287K->321247K(551936K), 0.0033814 secs] [Times: user=0.02 sys=0.00, real=0.00 secs] 
2676.391: [GC (Allocation Failure) [PSYoungGen: 68448K->1376K(68608K)] 388319K->321247K(551936K), 0.0030297 secs] [Times: user=0.01 sys=0.00, real=0.01 secs] 
2677.531: [GC (Allocation Failure) [PSYoungGen: 68448K->1376K(68608K)] 388319K->321247K(551936K), 0.0019651 secs] [Times: user=0.00 sys=0.00, real=0.01 secs] 
2678.180: [GC (Allocation Failure) [PSYoungGen: 68448K->1344K(68608K)] 388319K->321215K(551936K), 0.0027782 secs] [Times: user=0.01 sys=0.00, real=0.01 secs] 
2678.847: [GC (Allocation Failure) [PSYoungGen: 68416K->1376K(68608K)] 388287K->321247K(551936K), 0.0025495 secs] [Times: user=0.01 sys=0.00, real=0.00 secs] 
2679.409: [GC (Allocation Failure) [PSYoungGen: 68448K->1376K(68608K)] 388319K->321247K(551936K), 0.0022483 secs] [Times: user=0.01 sys=0.00, real=0.00 secs] 
2680.372: [GC (Allocation Failure) [PSYoungGen: 68448K->1344K(68608K)] 388319K->321215K(551936K), 0.0017752 secs] [Times: user=0.01 sys=0.00, real=0.00 secs] 
2680.973: [GC (Allocation Failure) [PSYoungGen: 68416K->1344K(68608K)] 388287K->321215K(551936K), 0.0026438 secs] [Times: user=0.01 sys=0.00, real=0.00 secs] 
2681.518: [GC (Allocation Failure) [PSYoungGen: 68416K->1312K(68608K)] 388287K->321183K(551936K), 0.0028690 secs] [Times: user=0.01 sys=0.00, real=0.00 secs] 
2682.154: [GC (Allocation Failure) [PSYoungGen: 68384K->1376K(68608K)] 388255K->321247K(551936K), 0.0024426 secs] [Times: user=0.01 sys=0.00, real=0.00 secs] 
2682.770: [GC (Allocation Failure) [PSYoungGen: 68448K->1389K(68608K)] 388319K->321268K(551936K), 0.0019207 secs] [Times: user=0.01 sys=0.00, real=0.01 secs] 
2683.944: [GC (Allocation Failure) [PSYoungGen: 68461K->1408K(68608K)] 388340K->321287K(551936K), 0.0037462 secs] [Times: user=0.01 sys=0.01, real=0.00 secs] 
2684.824: [GC (Allocation Failure) [PSYoungGen: 68480K->1376K(68608K)] 388359K->321255K(551936K), 0.0039732 secs] [Times: user=0.01 sys=0.00, real=0.00 secs] 
2685.411: [GC (Allocation Failure) [PSYoungGen: 68448K->1376K(68608K)] 388327K->321255K(551936K), 0.0027499 secs] [Times: user=0.01 sys=0.00, real=0.01 secs] 
2686.067: [GC (Allocation Failure) [PSYoungGen: 68448K->1376K(68608K)] 388327K->321255K(551936K), 0.0035014 secs] [Times: user=0.01 sys=0.00, real=0.00 secs] 
2687.081: [GC (Allocation Failure) [PSYoungGen: 68448K->1408K(68608K)] 388327K->321287K(551936K), 0.0019290 secs] [Times: user=0.00 sys=0.00, real=0.01 secs] 
2687.359: [GC (Allocation Failure) [PSYoungGen: 68480K->1408K(68608K)] 388359K->321287K(551936K), 0.0018640 secs] [Times: user=0.00 sys=0.00, real=0.01 secs] 
2687.638: [GC (Allocation Failure) [PSYoungGen: 68480K->1376K(68608K)] 388359K->321255K(551936K), 0.0018320 secs] [Times: user=0.01 sys=0.00, real=0.00 secs] 
2687.939: [GC (Allocation Failure) [PSYoungGen: 68448K->1312K(68608K)] 388327K->321191K(551936K), 0.0027191 secs] [Times: user=0.01 sys=0.00, real=0.01 secs] 
2688.632: [GC (Allocation Failure) [PSYoungGen: 68384K->1373K(68608K)] 388263K->321252K(551936K), 0.0016994 secs] [Times: user=0.01 sys=0.00, real=0.00 secs] 
2691.377: [GC (Allocation Failure) [PSYoungGen: 68445K->1376K(68608K)] 388324K->321255K(551936K), 0.0045155 secs] [Times: user=0.02 sys=0.00, real=0.00 secs] 
2692.066: [GC (Allocation Failure) [PSYoungGen: 68448K->1344K(68608K)] 388327K->321231K(551936K), 0.0023319 secs] [Times: user=0.00 sys=0.00, real=0.00 secs] 
2692.373: [GC (Allocation Failure) [PSYoungGen: 68416K->1312K(68608K)] 388303K->321199K(551936K), 0.0018374 secs] [Times: user=0.01 sys=0.00, real=0.00 secs] 
2692.651: [GC (Allocation Failure) [PSYoungGen: 68384K->1376K(68608K)] 388271K->321263K(551936K), 0.0019640 secs] [Times: user=0.01 sys=0.00, real=0.00 secs] 
2693.565: [GC (Allocation Failure) [PSYoungGen: 68448K->1376K(68608K)] 388335K->321263K(551936K), 0.0016792 secs] [Times: user=0.00 sys=0.00, real=0.00 secs] 
2694.197: [GC (Allocation Failure) [PSYoungGen: 68448K->1376K(68608K)] 388335K->321263K(551936K), 0.0032841 secs] [Times: user=0.02 sys=0.00, real=0.00 secs] 
2694.763: [GC (Allocation Failure) [PSYoungGen: 68448K->1360K(68608K)] 388335K->321247K(551936K), 0.0025661 secs] [Times: user=0.01 sys=0.00, real=0.00 secs] 
2695.039: [GC (Allocation Failure) [PSYoungGen: 68432K->1376K(68608K)] 388319K->321263K(551936K), 0.0020113 secs] [Times: user=0.01 sys=0.00, real=0.00 secs] 
2695.775: [GC (Allocation Failure) [PSYoungGen: 68448K->1392K(68608K)] 388335K->321279K(551936K), 0.0014873 secs] [Times: user=0.01 sys=0.00, real=0.00 secs] 
2696.523: [GC (Allocation Failure) [PSYoungGen: 68464K->1312K(68608K)] 388351K->321199K(551936K), 0.0021275 secs] [Times: user=0.01 sys=0.00, real=0.00 secs] 
2697.126: [GC (Allocation Failure) [PSYoungGen: 68384K->1376K(68608K)] 388271K->321263K(551936K), 0.0020038 secs] [Times: user=0.01 sys=0.00, real=0.00 secs] 
2697.435: [GC (Allocation Failure) [PSYoungGen: 68448K->1312K(68608K)] 388335K->321199K(551936K), 0.0020190 secs] [Times: user=0.01 sys=0.00, real=0.00 secs] 
2697.735: [GC (Allocation Failure) [PSYoungGen: 68384K->1376K(68608K)] 388271K->321263K(551936K), 0.0019561 secs] [Times: user=0.01 sys=0.00, real=0.00 secs] 
2699.356: [GC (Allocation Failure) [PSYoungGen: 68448K->1408K(68608K)] 388335K->321295K(551936K), 0.0040846 secs] [Times: user=0.02 sys=0.00, real=0.00 secs] 
2700.278: [GC (Allocation Failure) [PSYoungGen: 68480K->1376K(68608K)] 388367K->321263K(551936K), 0.0028948 secs] [Times: user=0.01 sys=0.00, real=0.00 secs] 
2700.925: [GC (Allocation Failure) [PSYoungGen: 68448K->1408K(68608K)] 388335K->321303K(551936K), 0.0024550 secs] [Times: user=0.01 sys=0.00, real=0.00 secs] 
2701.412: [GC (Allocation Failure) [PSYoungGen: 68480K->1376K(68608K)] 388375K->321271K(551936K), 0.0021205 secs] [Times: user=0.00 sys=0.00, real=0.00 secs] 
2702.420: [GC (Allocation Failure) [PSYoungGen: 68448K->1376K(68608K)] 388343K->321271K(551936K), 0.0018556 secs] [Times: user=0.01 sys=0.00, real=0.01 secs] 
2703.154: [GC (Allocation Failure) [PSYoungGen: 68448K->1344K(68608K)] 388343K->321239K(551936K), 0.0024578 secs] [Times: user=0.01 sys=0.00, real=0.00 secs] 
2703.807: [GC (Allocation Failure) [PSYoungGen: 68416K->1408K(68608K)] 388311K->321311K(551936K), 0.0029642 secs] [Times: user=0.01 sys=0.00, real=0.00 secs] 
2704.133: [GC (Allocation Failure) [PSYoungGen: 68480K->1344K(68608K)] 388383K->321247K(551936K), 0.0021527 secs] [Times: user=0.01 sys=0.00, real=0.00 secs] 
2704.413: [GC (Allocation Failure) [PSYoungGen: 68416K->1376K(68608K)] 388319K->321279K(551936K), 0.0019402 secs] [Times: user=0.01 sys=0.00, real=0.00 secs] 
2706.101: [GC (Allocation Failure) [PSYoungGen: 68448K->1440K(68608K)] 388351K->321343K(551936K), 0.0029388 secs] [Times: user=0.01 sys=0.00, real=0.01 secs] 
2707.065: [GC (Allocation Failure) [PSYoungGen: 68512K->1376K(68608K)] 388415K->321279K(551936K), 0.0043716 secs] [Times: user=0.01 sys=0.00, real=0.00 secs] 
2707.890: [GC (Allocation Failure) [PSYoungGen: 68448K->1392K(68608K)] 388351K->321295K(551936K), 0.0031326 secs] [Times: user=0.01 sys=0.00, real=0.01 secs] 
2708.447: [GC (Allocation Failure) [PSYoungGen: 68464K->1344K(68608K)] 388367K->321247K(551936K), 0.0025394 secs] [Times: user=0.02 sys=0.00, real=0.00 secs] 
2709.624: [GC (Allocation Failure) [PSYoungGen: 68416K->1376K(68608K)] 388319K->321279K(551936K), 0.0018835 secs] [Times: user=0.01 sys=0.00, real=0.00 secs] 
2710.727: [GC (Allocation Failure) [PSYoungGen: 68448K->1408K(68608K)] 388351K->321311K(551936K), 0.0028522 secs] [Times: user=0.01 sys=0.00, real=0.00 secs] 
2711.807: [GC (Allocation Failure) [PSYoungGen: 68480K->1376K(68608K)] 388383K->321279K(551936K), 0.0024609 secs] [Times: user=0.01 sys=0.00, real=0.00 secs] 
2712.779: [GC (Allocation Failure) [PSYoungGen: 68448K->1376K(68608K)] 388351K->321279K(551936K), 0.0040882 secs] [Times: user=0.02 sys=0.00, real=0.01 secs] 
2713.702: [GC (Allocation Failure) [PSYoungGen: 68448K->1405K(68608K)] 388351K->321316K(551936K), 0.0053333 secs] [Times: user=0.03 sys=0.00, real=0.00 secs] 
2714.934: [GC (Allocation Failure) [PSYoungGen: 68477K->1408K(68608K)] 388388K->321319K(551936K), 0.0020348 secs] [Times: user=0.01 sys=0.00, real=0.00 secs] 
2716.082: [GC (Allocation Failure) [PSYoungGen: 68480K->1344K(68608K)] 388391K->321255K(551936K), 0.0030682 secs] [Times: user=0.01 sys=0.00, real=0.00 secs] 
2717.222: [GC (Allocation Failure) [PSYoungGen: 68416K->1376K(68608K)] 388327K->321287K(551936K), 0.0034615 secs] [Times: user=0.02 sys=0.00, real=0.00 secs] 
2717.981: [GC (Allocation Failure) [PSYoungGen: 68448K->1376K(68608K)] 388359K->321287K(551936K), 0.0027076 secs] [Times: user=0.01 sys=0.00, real=0.00 secs] 
2718.902: [GC (Allocation Failure) [PSYoungGen: 68448K->1408K(68608K)] 388359K->321319K(551936K), 0.0017798 secs] [Times: user=0.01 sys=0.00, real=0.00 secs] 
2719.181: [GC (Allocation Failure) [PSYoungGen: 68480K->1376K(68608K)] 388391K->321287K(551936K), 0.0017347 secs] [Times: user=0.01 sys=0.00, real=0.00 secs] 
2719.588: [GC (Allocation Failure) [PSYoungGen: 68448K->1376K(68608K)] 388359K->321287K(551936K), 0.0018616 secs] [Times: user=0.01 sys=0.00, real=0.00 secs] 
2719.866: [GC (Allocation Failure) [PSYoungGen: 68448K->1312K(68608K)] 388359K->321223K(551936K), 0.0020526 secs] [Times: user=0.01 sys=0.00, real=0.00 secs] 
2720.493: [GC (Allocation Failure) [PSYoungGen: 68384K->1373K(68608K)] 388295K->321284K(551936K), 0.0015050 secs] [Times: user=0.01 sys=0.00, real=0.00 secs] 
2720.894: [GC (Allocation Failure) [PSYoungGen: 68445K->1440K(68608K)] 388356K->321351K(551936K), 0.0016907 secs] [Times: user=0.01 sys=0.00, real=0.00 secs] 
2721.217: [GC (Allocation Failure) [PSYoungGen: 68512K->1376K(68608K)] 388423K->321287K(551936K), 0.0018344 secs] [Times: user=0.01 sys=0.00, real=0.00 secs] 
2721.526: [GC (Allocation Failure) [PSYoungGen: 68448K->1408K(68608K)] 388359K->321327K(551936K), 0.0032202 secs] [Times: user=0.01 sys=0.00, real=0.00 secs] 
2721.802: [GC (Allocation Failure) [PSYoungGen: 68480K->1376K(68608K)] 388399K->321295K(551936K), 0.0018742 secs] [Times: user=0.00 sys=0.00, real=0.00 secs] 
2722.780: [GC (Allocation Failure) [PSYoungGen: 68448K->1408K(68608K)] 388367K->321327K(551936K), 0.0017878 secs] [Times: user=0.00 sys=0.00, real=0.01 secs] 
2723.331: [GC (Allocation Failure) [PSYoungGen: 68480K->1408K(68608K)] 388399K->321327K(551936K), 0.0019632 secs] [Times: user=0.00 sys=0.00, real=0.01 secs] 
2724.045: [GC (Allocation Failure) [PSYoungGen: 68480K->1376K(68608K)] 388399K->321295K(551936K), 0.0040697 secs] [Times: user=0.02 sys=0.00, real=0.00 secs] 
2724.781: [GC (Allocation Failure) [PSYoungGen: 68448K->1344K(68608K)] 388367K->321263K(551936K), 0.0034994 secs] [Times: user=0.02 sys=0.00, real=0.01 secs] 
2725.963: [GC (Allocation Failure) [PSYoungGen: 68416K->1504K(68608K)] 388335K->321529K(551936K), 0.0017693 secs] [Times: user=0.01 sys=0.00, real=0.00 secs] 
2726.544: [GC (Allocation Failure) [PSYoungGen: 68576K->1280K(68608K)] 388601K->321305K(551936K), 0.0021300 secs] [Times: user=0.01 sys=0.00, real=0.00 secs] 
2727.149: [GC (Allocation Failure) [PSYoungGen: 68352K->1280K(68608K)] 388377K->321305K(551936K), 0.0031702 secs] [Times: user=0.01 sys=0.00, real=0.01 secs] 
2727.818: [GC (Allocation Failure) [PSYoungGen: 68352K->1280K(69120K)] 388377K->321305K(552448K), 0.0030960 secs] [Times: user=0.01 sys=0.00, real=0.00 secs] 
2728.453: [GC (Allocation Failure) [PSYoungGen: 68352K->1248K(69120K)] 388377K->321273K(552448K), 0.0029780 secs] [Times: user=0.01 sys=0.00, real=0.00 secs] 
2729.576: [GC (Allocation Failure) [PSYoungGen: 68320K->1392K(69120K)] 388345K->322441K(552448K), 0.0019591 secs] [Times: user=0.01 sys=0.00, real=0.00 secs] 
2730.266: [GC (Allocation Failure) [PSYoungGen: 68464K->1376K(68608K)] 389513K->322441K(551936K), 0.0020796 secs] [Times: user=0.00 sys=0.00, real=0.00 secs] 
2730.704: [GC (Allocation Failure) [PSYoungGen: 68448K->1408K(68608K)] 389513K->322473K(551936K), 0.0020796 secs] [Times: user=0.01 sys=0.00, real=0.00 secs] 
2730.989: [GC (Allocation Failure) [PSYoungGen: 68480K->1408K(68608K)] 389545K->322473K(551936K), 0.0021470 secs] [Times: user=0.01 sys=0.00, real=0.00 secs] 
2732.132: [GC (Allocation Failure) [PSYoungGen: 68480K->1408K(68608K)] 389545K->322473K(551936K), 0.0019497 secs] [Times: user=0.01 sys=0.00, real=0.00 secs] 
2732.800: [GC (Allocation Failure) [PSYoungGen: 68480K->1408K(68608K)] 389545K->322473K(551936K), 0.0022005 secs] [Times: user=0.01 sys=0.00, real=0.01 secs] 
2733.677: [GC (Allocation Failure) [PSYoungGen: 68480K->1408K(68608K)] 389545K->322473K(551936K), 0.0024165 secs] [Times: user=0.00 sys=0.00, real=0.00 secs] 
2734.508: [GC (Allocation Failure) [PSYoungGen: 68480K->1408K(68608K)] 389545K->322473K(551936K), 0.0024925 secs] [Times: user=0.01 sys=0.00, real=0.00 secs] 
2735.539: [GC (Allocation Failure) [PSYoungGen: 68471K->272K(68096K)] 389536K->321337K(551424K), 0.0033785 secs] [Times: user=0.02 sys=0.00, real=0.01 secs] 
2736.624: [GC (Allocation Failure) [PSYoungGen: 66832K->1424K(68608K)] 387897K->322489K(551936K), 0.0022224 secs] [Times: user=0.01 sys=0.00, real=0.00 secs] 
2737.176: [GC (Allocation Failure) [PSYoungGen: 67984K->1408K(68608K)] 389049K->322497K(551936K), 0.0025576 secs] [Times: user=0.01 sys=0.00, real=0.00 secs] 
2737.449: [GC (Allocation Failure) [PSYoungGen: 67968K->1408K(68608K)] 389057K->322497K(551936K), 0.0020538 secs] [Times: user=0.01 sys=0.00, real=0.00 secs] 
2737.726: [GC (Allocation Failure) [PSYoungGen: 67968K->1376K(68608K)] 389057K->322465K(551936K), 0.0019205 secs] [Times: user=0.00 sys=0.00, real=0.00 secs] 
2738.482: [GC (Allocation Failure) [PSYoungGen: 67936K->1376K(68608K)] 389025K->322465K(551936K), 0.0023370 secs] [Times: user=0.01 sys=0.00, real=0.00 secs] 
2738.759: [GC (Allocation Failure) [PSYoungGen: 67936K->1344K(68608K)] 389025K->322433K(551936K), 0.0019281 secs] [Times: user=0.01 sys=0.00, real=0.01 secs] 
2739.036: [GC (Allocation Failure) [PSYoungGen: 67904K->1344K(68608K)] 388993K->322433K(551936K), 0.0018865 secs] [Times: user=0.01 sys=0.00, real=0.00 secs] 
2739.313: [GC (Allocation Failure) [PSYoungGen: 67904K->1408K(68608K)] 388993K->322497K(551936K), 0.0018194 secs] [Times: user=0.00 sys=0.00, real=0.00 secs] 
2739.769: [GC (Allocation Failure) [PSYoungGen: 67968K->1357K(68608K)] 389057K->322470K(551936K), 0.0015010 secs] [Times: user=0.00 sys=0.00, real=0.00 secs] 
2740.900: [GC (Allocation Failure) [PSYoungGen: 67917K->1392K(68608K)] 389030K->322505K(551936K), 0.0024820 secs] [Times: user=0.01 sys=0.00, real=0.01 secs] 
2741.616: [GC (Allocation Failure) [PSYoungGen: 67952K->1376K(68608K)] 389065K->322489K(551936K), 0.0029847 secs] [Times: user=0.01 sys=0.00, real=0.00 secs] 
2742.541: [GC (Allocation Failure) [PSYoungGen: 67936K->1376K(68608K)] 389049K->322489K(551936K), 0.0033818 secs] [Times: user=0.01 sys=0.00, real=0.01 secs] 
2743.458: [GC (Allocation Failure) [PSYoungGen: 67936K->1376K(68608K)] 389049K->322489K(551936K), 0.0027415 secs] [Times: user=0.01 sys=0.00, real=0.00 secs] 
2744.771: [GC (Allocation Failure) [PSYoungGen: 67936K->1408K(68608K)] 389049K->322521K(551936K), 0.0019944 secs] [Times: user=0.01 sys=0.00, real=0.01 secs] 
2745.358: [GC (Allocation Failure) [PSYoungGen: 67968K->1376K(68608K)] 389081K->322489K(551936K), 0.0020095 secs] [Times: user=0.00 sys=0.00, real=0.00 secs] 
2746.006: [GC (Allocation Failure) [PSYoungGen: 67936K->1392K(68608K)] 389049K->322505K(551936K), 0.0019962 secs] [Times: user=0.00 sys=0.00, real=0.00 secs] 
2746.480: [GC (Allocation Failure) [PSYoungGen: 67952K->1344K(68096K)] 389065K->322457K(551424K), 0.0023162 secs] [Times: user=0.01 sys=0.00, real=0.01 secs] 
2747.146: [GC (Allocation Failure) [PSYoungGen: 67904K->1373K(68096K)] 389017K->322486K(551424K), 0.0015050 secs] [Times: user=0.00 sys=0.00, real=0.00 secs] 
2748.793: [GC (Allocation Failure) [PSYoungGen: 67933K->1408K(68096K)] 389046K->322521K(551424K), 0.0028487 secs] [Times: user=0.02 sys=0.00, real=0.00 secs] 
2749.574: [GC (Allocation Failure) [PSYoungGen: 67968K->1360K(68096K)] 389081K->322473K(551424K), 0.0022774 secs] [Times: user=0.01 sys=0.00, real=0.00 secs] 
2750.278: [GC (Allocation Failure) [PSYoungGen: 67920K->1344K(68096K)] 389033K->322457K(551424K), 0.0027207 secs] [Times: user=0.01 sys=0.00, real=0.00 secs] 
2750.855: [GC (Allocation Failure) [PSYoungGen: 67904K->1360K(68096K)] 389017K->322473K(551424K), 0.0044731 secs] [Times: user=0.02 sys=0.00, real=0.00 secs] 
2751.925: [GC (Allocation Failure) [PSYoungGen: 67920K->1376K(68096K)] 389033K->322489K(551424K), 0.0019966 secs] [Times: user=0.00 sys=0.00, real=0.00 secs] 
2752.506: [GC (Allocation Failure) [PSYoungGen: 67936K->1344K(68096K)] 389049K->322457K(551424K), 0.0022595 secs] [Times: user=0.01 sys=0.00, real=0.00 secs] 
2753.164: [GC (Allocation Failure) [PSYoungGen: 67904K->1376K(68096K)] 389017K->322497K(551424K), 0.0017819 secs] [Times: user=0.01 sys=0.00, real=0.00 secs] 
2753.636: [GC (Allocation Failure) [PSYoungGen: 67936K->1344K(68096K)] 389057K->322465K(551424K), 0.0020268 secs] [Times: user=0.00 sys=0.00, real=0.00 secs] 
2754.560: [GC (Allocation Failure) [PSYoungGen: 67904K->1357K(68096K)] 389025K->322478K(551424K), 0.0015127 secs] [Times: user=0.00 sys=0.00, real=0.01 secs] 
2756.035: [GC (Allocation Failure) [PSYoungGen: 67917K->1376K(68096K)] 389038K->322497K(551424K), 0.0021744 secs] [Times: user=0.01 sys=0.00, real=0.00 secs] 
2756.990: [GC (Allocation Failure) [PSYoungGen: 67936K->1344K(68096K)] 389057K->322465K(551424K), 0.0022236 secs] [Times: user=0.01 sys=0.00, real=0.01 secs] 
2757.571: [GC (Allocation Failure) [PSYoungGen: 67904K->1344K(68096K)] 389025K->322465K(551424K), 0.0022256 secs] [Times: user=0.01 sys=0.00, real=0.01 secs] 
2758.324: [GC (Allocation Failure) [PSYoungGen: 67904K->1376K(68096K)] 389025K->322497K(551424K), 0.0027935 secs] [Times: user=0.01 sys=0.00, real=0.00 secs] 
2759.493: [GC (Allocation Failure) [PSYoungGen: 67936K->1408K(68096K)] 389057K->322529K(551424K), 0.0017916 secs] [Times: user=0.01 sys=0.00, real=0.00 secs] 
2760.099: [GC (Allocation Failure) [PSYoungGen: 67968K->1344K(68096K)] 389089K->322465K(551424K), 0.0030117 secs] [Times: user=0.01 sys=0.00, real=0.01 secs] 
2760.729: [GC (Allocation Failure) [PSYoungGen: 67904K->1344K(68096K)] 389025K->322465K(551424K), 0.0024816 secs] [Times: user=0.00 sys=0.00, real=0.01 secs] 
2761.005: [GC (Allocation Failure) [PSYoungGen: 67904K->1408K(68096K)] 389025K->322529K(551424K), 0.0019110 secs] [Times: user=0.00 sys=0.00, real=0.00 secs] 
2761.653: [GC (Allocation Failure) [PSYoungGen: 67968K->1309K(68096K)] 389089K->322430K(551424K), 0.0014631 secs] [Times: user=0.00 sys=0.00, real=0.00 secs] 
2762.169: [GC (Allocation Failure) [PSYoungGen: 67869K->1376K(68096K)] 388990K->322505K(551424K), 0.0018520 secs] [Times: user=0.01 sys=0.00, real=0.00 secs] 
2762.445: [GC (Allocation Failure) [PSYoungGen: 67936K->1376K(68096K)] 389065K->322505K(551424K), 0.0018761 secs] [Times: user=0.00 sys=0.00, real=0.00 secs] 
2762.763: [GC (Allocation Failure) [PSYoungGen: 67936K->1344K(68096K)] 389065K->322473K(551424K), 0.0026303 secs] [Times: user=0.01 sys=0.00, real=0.00 secs] 
2763.041: [GC (Allocation Failure) [PSYoungGen: 67904K->1392K(68096K)] 389033K->322521K(551424K), 0.0023294 secs] [Times: user=0.01 sys=0.00, real=0.01 secs] 
2763.942: [GC (Allocation Failure) [PSYoungGen: 67952K->1392K(68096K)] 389081K->322521K(551424K), 0.0020852 secs] [Times: user=0.00 sys=0.00, real=0.00 secs] 
2764.269: [GC (Allocation Failure) [PSYoungGen: 67952K->1360K(68096K)] 389081K->322489K(551424K), 0.0021515 secs] [Times: user=0.01 sys=0.00, real=0.01 secs] 
2764.546: [GC (Allocation Failure) [PSYoungGen: 67920K->1392K(68096K)] 389049K->322521K(551424K), 0.0019262 secs] [Times: user=0.00 sys=0.00, real=0.00 secs] 
2764.823: [GC (Allocation Failure) [PSYoungGen: 67952K->1376K(68096K)] 389081K->322505K(551424K), 0.0018121 secs] [Times: user=0.01 sys=0.00, real=0.00 secs] 
2765.661: [GC (Allocation Failure) [PSYoungGen: 67665K->192K(68096K)] 388794K->321321K(551424K), 0.0015423 secs] [Times: user=0.00 sys=0.00, real=0.01 secs] 
2766.499: [GC (Allocation Failure) [PSYoungGen: 66752K->1376K(68608K)] 387881K->322505K(551936K), 0.0036090 secs] [Times: user=0.01 sys=0.00, real=0.01 secs] 
2767.406: [GC (Allocation Failure) [PSYoungGen: 67936K->1376K(68608K)] 389065K->322505K(551936K), 0.0042721 secs] [Times: user=0.02 sys=0.00, real=0.00 secs] 
2768.180: [GC (Allocation Failure) [PSYoungGen: 67936K->1376K(68608K)] 389065K->322505K(551936K), 0.0030477 secs] [Times: user=0.01 sys=0.00, real=0.01 secs] 
2769.087: [GC (Allocation Failure) [PSYoungGen: 67936K->1376K(68608K)] 389065K->322521K(551936K), 0.0041576 secs] [Times: user=0.02 sys=0.00, real=0.00 secs] 
2770.912: [GC (Allocation Failure) [PSYoungGen: 67936K->1376K(68608K)] 389081K->322521K(551936K), 0.0046145 secs] [Times: user=0.02 sys=0.00, real=0.00 secs] 
2771.671: [GC (Allocation Failure) [PSYoungGen: 67936K->1344K(68608K)] 389081K->322489K(551936K), 0.0026676 secs] [Times: user=0.01 sys=0.00, real=0.00 secs] 
2771.991: [GC (Allocation Failure) [PSYoungGen: 67904K->1376K(68608K)] 389049K->322521K(551936K), 0.0021117 secs] [Times: user=0.01 sys=0.00, real=0.01 secs] 
2772.268: [GC (Allocation Failure) [PSYoungGen: 67936K->1376K(68608K)] 389081K->322521K(551936K), 0.0017052 secs] [Times: user=0.01 sys=0.00, real=0.00 secs] 
2773.108: [GC (Allocation Failure) [PSYoungGen: 67936K->1680K(68608K)] 389081K->322825K(551936K), 0.0015916 secs] [Times: user=0.00 sys=0.00, real=0.00 secs] 
2773.842: [GC (Allocation Failure) [PSYoungGen: 68240K->1344K(68608K)] 389385K->322489K(551936K), 0.0019151 secs] [Times: user=0.01 sys=0.00, real=0.00 secs] 
2774.673: [GC (Allocation Failure) [PSYoungGen: 67904K->1376K(68608K)] 389049K->322521K(551936K), 0.0041154 secs] [Times: user=0.02 sys=0.00, real=0.00 secs] 
2775.387: [GC (Allocation Failure) [PSYoungGen: 67936K->1376K(68608K)] 389081K->322521K(551936K), 0.0030668 secs] [Times: user=0.01 sys=0.00, real=0.00 secs] 
2776.201: [GC (Allocation Failure) [PSYoungGen: 67936K->1376K(68608K)] 389081K->322521K(551936K), 0.0039625 secs] [Times: user=0.02 sys=0.00, real=0.01 secs] 
2777.182: [GC (Allocation Failure) [PSYoungGen: 67936K->1392K(68608K)] 389081K->322537K(551936K), 0.0017566 secs] [Times: user=0.01 sys=0.00, real=0.00 secs] 
2777.496: [GC (Allocation Failure) [PSYoungGen: 67952K->1344K(68608K)] 389097K->322489K(551936K), 0.0018574 secs] [Times: user=0.01 sys=0.00, real=0.00 secs] 
2777.799: [GC (Allocation Failure) [PSYoungGen: 67904K->1376K(68608K)] 389049K->322521K(551936K), 0.0018703 secs] [Times: user=0.01 sys=0.00, real=0.00 secs] 
2778.211: [GC (Allocation Failure) [PSYoungGen: 67936K->1344K(68608K)] 389081K->322497K(551936K), 0.0020395 secs] [Times: user=0.01 sys=0.00, real=0.00 secs] 
2779.122: [GC (Allocation Failure) [PSYoungGen: 67904K->1888K(68608K)] 389057K->323041K(551936K), 0.0020858 secs] [Times: user=0.01 sys=0.00, real=0.00 secs] 
2780.141: [GC (Allocation Failure) [PSYoungGen: 68448K->1376K(68608K)] 389601K->322529K(551936K), 0.0034198 secs] [Times: user=0.01 sys=0.00, real=0.01 secs] 
2780.440: [GC (Allocation Failure) [PSYoungGen: 67936K->1376K(68608K)] 389089K->322537K(551936K), 0.0027654 secs] [Times: user=0.01 sys=0.00, real=0.01 secs] 
2780.733: [GC (Allocation Failure) [PSYoungGen: 67936K->1344K(68608K)] 389097K->322505K(551936K), 0.0018995 secs] [Times: user=0.01 sys=0.00, real=0.00 secs] 
2781.260: [GC (Allocation Failure) [PSYoungGen: 67904K->1312K(68608K)] 389065K->322473K(551936K), 0.0018136 secs] [Times: user=0.00 sys=0.00, real=0.01 secs] 
2782.055: [GC (Allocation Failure) [PSYoungGen: 67872K->1408K(68608K)] 389033K->322569K(551936K), 0.0017703 secs] [Times: user=0.01 sys=0.00, real=0.00 secs] 
2782.382: [GC (Allocation Failure) [PSYoungGen: 67968K->1344K(68608K)] 389129K->322513K(551936K), 0.0018833 secs] [Times: user=0.00 sys=0.00, real=0.00 secs] 
2782.933: [GC (Allocation Failure) [PSYoungGen: 67904K->1376K(68608K)] 389073K->322545K(551936K), 0.0020353 secs] [Times: user=0.01 sys=0.00, real=0.00 secs] 
2783.597: [GC (Allocation Failure) [PSYoungGen: 67936K->1344K(68608K)] 389105K->322513K(551936K), 0.0020124 secs] [Times: user=0.01 sys=0.00, real=0.00 secs] 
2784.729: [GC (Allocation Failure) [PSYoungGen: 67904K->1408K(68608K)] 389073K->322577K(551936K), 0.0016719 secs] [Times: user=0.00 sys=0.00, real=0.00 secs] 
2785.414: [GC (Allocation Failure) [PSYoungGen: 67968K->1360K(68608K)] 389137K->322529K(551936K), 0.0018804 secs] [Times: user=0.01 sys=0.00, real=0.00 secs] 
2786.059: [GC (Allocation Failure) [PSYoungGen: 67920K->1344K(68608K)] 389089K->322513K(551936K), 0.0018930 secs] [Times: user=0.01 sys=0.00, real=0.00 secs] 
2786.713: [GC (Allocation Failure) [PSYoungGen: 67904K->1344K(68096K)] 389073K->322513K(551424K), 0.0021379 secs] [Times: user=0.01 sys=0.00, real=0.00 secs] 
2787.253: [GC (Allocation Failure) [PSYoungGen: 67904K->1360K(68096K)] 389073K->322529K(551424K), 0.0020282 secs] [Times: user=0.01 sys=0.00, real=0.00 secs] 
2788.686: [GC (Allocation Failure) [PSYoungGen: 67920K->1408K(68096K)] 389089K->322577K(551424K), 0.0044267 secs] [Times: user=0.02 sys=0.01, real=0.00 secs] 
2789.408: [GC (Allocation Failure) [PSYoungGen: 67968K->1344K(68096K)] 389137K->322513K(551424K), 0.0031749 secs] [Times: user=0.01 sys=0.00, real=0.01 secs] 
2790.296: [GC (Allocation Failure) [PSYoungGen: 67903K->1344K(68096K)] 389072K->322513K(551424K), 0.0029931 secs] [Times: user=0.01 sys=0.00, real=0.00 secs] 
2791.148: [GC (Allocation Failure) [PSYoungGen: 67904K->1344K(68096K)] 389073K->322521K(551424K), 0.0029480 secs] [Times: user=0.01 sys=0.00, real=0.01 secs] 
2792.195: [GC (Allocation Failure) [PSYoungGen: 67904K->1408K(68096K)] 389081K->322585K(551424K), 0.0016554 secs] [Times: user=0.00 sys=0.00, real=0.00 secs] 
2792.489: [GC (Allocation Failure) [PSYoungGen: 67968K->1328K(68096K)] 389145K->322505K(551424K), 0.0018122 secs] [Times: user=0.00 sys=0.00, real=0.00 secs] 
2792.782: [GC (Allocation Failure) [PSYoungGen: 67888K->1344K(68096K)] 389065K->322521K(551424K), 0.0017994 secs] [Times: user=0.01 sys=0.00, real=0.00 secs] 
2793.156: [GC (Allocation Failure) [PSYoungGen: 67904K->1344K(68096K)] 389081K->322521K(551424K), 0.0019237 secs] [Times: user=0.01 sys=0.00, real=0.00 secs] 
2793.437: [GC (Allocation Failure) [PSYoungGen: 67904K->1376K(68096K)] 389081K->322553K(551424K), 0.0017701 secs] [Times: user=0.00 sys=0.00, real=0.00 secs] 
2794.180: [GC (Allocation Failure) [PSYoungGen: 67936K->1408K(68096K)] 389113K->322585K(551424K), 0.0017954 secs] [Times: user=0.01 sys=0.00, real=0.01 secs] 
2794.536: [GC (Allocation Failure) [PSYoungGen: 67968K->1408K(68096K)] 389145K->322585K(551424K), 0.0019024 secs] [Times: user=0.01 sys=0.00, real=0.00 secs] 
2794.814: [GC (Allocation Failure) [PSYoungGen: 67968K->1344K(68096K)] 389145K->322521K(551424K), 0.0018356 secs] [Times: user=0.01 sys=0.00, real=0.00 secs] 
2795.106: [GC (Allocation Failure) [PSYoungGen: 67904K->1344K(68096K)] 389081K->322521K(551424K), 0.0017347 secs] [Times: user=0.01 sys=0.00, real=0.00 secs] 
2796.644: [GC (Allocation Failure) [PSYoungGen: 67904K->1392K(68096K)] 389081K->322569K(551424K), 0.0045489 secs] [Times: user=0.01 sys=0.01, real=0.00 secs] 
2797.732: [GC (Allocation Failure) [PSYoungGen: 67952K->1344K(68096K)] 389129K->322521K(551424K), 0.0027778 secs] [Times: user=0.01 sys=0.00, real=0.00 secs] 
2798.184: [GC (Allocation Failure) [PSYoungGen: 67904K->1376K(68096K)] 389081K->322553K(551424K), 0.0019950 secs] [Times: user=0.00 sys=0.00, real=0.00 secs] 
2798.829: [GC (Allocation Failure) [PSYoungGen: 67936K->1376K(68096K)] 389113K->322553K(551424K), 0.0022528 secs] [Times: user=0.01 sys=0.00, real=0.00 secs] 
2799.583: [GC (Allocation Failure) [PSYoungGen: 67936K->1389K(68096K)] 389113K->322582K(551424K), 0.0017221 secs] [Times: user=0.01 sys=0.00, real=0.00 secs] 
2800.746: [GC (Allocation Failure) [PSYoungGen: 67949K->1376K(68096K)] 389142K->322577K(551424K), 0.0020156 secs] [Times: user=0.01 sys=0.00, real=0.00 secs] 
2801.366: [GC (Allocation Failure) [PSYoungGen: 67936K->1344K(68096K)] 389137K->322545K(551424K), 0.0018777 secs] [Times: user=0.00 sys=0.00, real=0.00 secs] 
2801.643: [GC (Allocation Failure) [PSYoungGen: 67904K->1408K(68096K)] 389105K->322609K(551424K), 0.0019722 secs] [Times: user=0.01 sys=0.01, real=0.00 secs] 
2802.064: [GC (Allocation Failure) [PSYoungGen: 67968K->1376K(68096K)] 389169K->322577K(551424K), 0.0019149 secs] [Times: user=0.01 sys=0.00, real=0.00 secs] 
2803.142: [GC (Allocation Failure) [PSYoungGen: 67936K->1408K(68096K)] 389137K->322609K(551424K), 0.0025037 secs] [Times: user=0.01 sys=0.00, real=0.00 secs] 
2803.587: [GC (Allocation Failure) [PSYoungGen: 67968K->1376K(68096K)] 389169K->322577K(551424K), 0.0019627 secs] [Times: user=0.01 sys=0.00, real=0.00 secs] 
2803.865: [GC (Allocation Failure) [PSYoungGen: 67936K->1376K(68096K)] 389137K->322577K(551424K), 0.0019161 secs] [Times: user=0.01 sys=0.00, real=0.00 secs] 
2804.221: [GC (Allocation Failure) [PSYoungGen: 67936K->1344K(68096K)] 389137K->322545K(551424K), 0.0017060 secs] [Times: user=0.00 sys=0.00, real=0.01 secs] 
2805.006: [GC (Allocation Failure) [PSYoungGen: 67904K->1341K(68096K)] 389105K->322542K(551424K), 0.0014646 secs] [Times: user=0.01 sys=0.00, real=0.00 secs] 
2806.885: [GC (Allocation Failure) [PSYoungGen: 67901K->1408K(68096K)] 389102K->322609K(551424K), 0.0035157 secs] [Times: user=0.01 sys=0.00, real=0.00 secs] 
2807.412: [GC (Allocation Failure) [PSYoungGen: 67968K->1344K(68096K)] 389169K->322553K(551424K), 0.0024472 secs] [Times: user=0.01 sys=0.00, real=0.00 secs] 
2808.453: [GC (Allocation Failure) [PSYoungGen: 67904K->1344K(68096K)] 389113K->322553K(551424K), 0.0021113 secs] [Times: user=0.01 sys=0.00, real=0.00 secs] 
2809.372: [GC (Allocation Failure) [PSYoungGen: 67904K->1376K(68096K)] 389113K->322585K(551424K), 0.0021467 secs] [Times: user=0.01 sys=0.00, real=0.00 secs] 
2810.685: [GC (Allocation Failure) [PSYoungGen: 67936K->1376K(68096K)] 389145K->322585K(551424K), 0.0018493 secs] [Times: user=0.00 sys=0.00, real=0.00 secs] 
2811.432: [GC (Allocation Failure) [PSYoungGen: 67936K->1376K(68096K)] 389145K->322585K(551424K), 0.0020956 secs] [Times: user=0.01 sys=0.00, real=0.00 secs] 
2812.311: [GC (Allocation Failure) [PSYoungGen: 67936K->1344K(68096K)] 389145K->322561K(551424K), 0.0019526 secs] [Times: user=0.00 sys=0.00, real=0.01 secs] 
2813.203: [GC (Allocation Failure) [PSYoungGen: 67904K->1376K(68096K)] 389121K->322593K(551424K), 0.0024026 secs] [Times: user=0.01 sys=0.00, real=0.00 secs] 
2814.443: [GC (Allocation Failure) [PSYoungGen: 67936K->1341K(68096K)] 389153K->322558K(551424K), 0.0015229 secs] [Times: user=0.00 sys=0.00, real=0.00 secs] 
2815.644: [GC (Allocation Failure) [PSYoungGen: 67901K->1408K(68096K)] 389118K->322625K(551424K), 0.0043850 secs] [Times: user=0.02 sys=0.00, real=0.00 secs] 
2816.161: [GC (Allocation Failure) [PSYoungGen: 67968K->1376K(68096K)] 389185K->322593K(551424K), 0.0023468 secs] [Times: user=0.01 sys=0.00, real=0.00 secs] 
2816.743: [GC (Allocation Failure) [PSYoungGen: 67936K->1376K(68096K)] 389153K->322593K(551424K), 0.0022004 secs] [Times: user=0.01 sys=0.01, real=0.00 secs] 
2817.145: [GC (Allocation Failure) [PSYoungGen: 67936K->1376K(68096K)] 389153K->322593K(551424K), 0.0023294 secs] [Times: user=0.01 sys=0.00, real=0.00 secs] 
2818.251: [GC (Allocation Failure) [PSYoungGen: 67936K->1392K(68096K)] 389153K->322609K(551424K), 0.0019830 secs] [Times: user=0.01 sys=0.00, real=0.01 secs] 
2819.159: [GC (Allocation Failure) [PSYoungGen: 67952K->1376K(68096K)] 389169K->322593K(551424K), 0.0060144 secs] [Times: user=0.02 sys=0.01, real=0.01 secs] 
2819.890: [GC (Allocation Failure) [PSYoungGen: 67936K->1328K(68096K)] 389153K->322545K(551424K), 0.0028371 secs] [Times: user=0.01 sys=0.00, real=0.01 secs] 
2820.611: [GC (Allocation Failure) [PSYoungGen: 67888K->1376K(68096K)] 389105K->322593K(551424K), 0.0035509 secs] [Times: user=0.01 sys=0.00, real=0.01 secs] 
2821.475: [GC (Allocation Failure) [PSYoungGen: 67936K->1341K(68096K)] 389153K->322558K(551424K), 0.0015144 secs] [Times: user=0.00 sys=0.00, real=0.00 secs] 
2822.665: [GC (Allocation Failure) [PSYoungGen: 67901K->1408K(68096K)] 389118K->322625K(551424K), 0.0038492 secs] [Times: user=0.01 sys=0.00, real=0.00 secs] 
2823.482: [GC (Allocation Failure) [PSYoungGen: 67968K->1376K(68096K)] 389185K->322601K(551424K), 0.0041054 secs] [Times: user=0.02 sys=0.00, real=0.00 secs] 
2824.300: [GC (Allocation Failure) [PSYoungGen: 67936K->1376K(68096K)] 389161K->322601K(551424K), 0.0047632 secs] [Times: user=0.02 sys=0.00, real=0.01 secs] 
2825.046: [GC (Allocation Failure) [PSYoungGen: 67936K->1344K(68096K)] 389161K->322569K(551424K), 0.0037337 secs] [Times: user=0.02 sys=0.00, real=0.00 secs] 
2826.223: [GC (Allocation Failure) [PSYoungGen: 67904K->1360K(68096K)] 389129K->322585K(551424K), 0.0018103 secs] [Times: user=0.01 sys=0.00, real=0.00 secs] 
2827.049: [GC (Allocation Failure) [PSYoungGen: 67920K->1344K(68096K)] 389145K->322569K(551424K), 0.0045610 secs] [Times: user=0.02 sys=0.00, real=0.01 secs] 
2827.897: [GC (Allocation Failure) [PSYoungGen: 67904K->1344K(68096K)] 389129K->322569K(551424K), 0.0043893 secs] [Times: user=0.02 sys=0.00, real=0.01 secs] 
2828.653: [GC (Allocation Failure) [PSYoungGen: 67904K->1408K(68096K)] 389129K->322633K(551424K), 0.0028036 secs] [Times: user=0.01 sys=0.00, real=0.00 secs] 
2829.617: [GC (Allocation Failure) [PSYoungGen: 67968K->1389K(68096K)] 389193K->322614K(551424K), 0.0015411 secs] [Times: user=0.01 sys=0.00, real=0.00 secs] 
2830.503: [GC (Allocation Failure) [PSYoungGen: 67949K->1376K(68096K)] 389174K->322601K(551424K), 0.0021328 secs] [Times: user=0.01 sys=0.00, real=0.00 secs] 
2831.528: [GC (Allocation Failure) [PSYoungGen: 67936K->1344K(68096K)] 389161K->322569K(551424K), 0.0041418 secs] [Times: user=0.02 sys=0.00, real=0.01 secs] 
2832.217: [GC (Allocation Failure) [PSYoungGen: 67904K->1344K(68096K)] 389129K->322569K(551424K), 0.0032023 secs] [Times: user=0.01 sys=0.00, real=0.00 secs] 
2833.155: [GC (Allocation Failure) [PSYoungGen: 67904K->1312K(68096K)] 389129K->322537K(551424K), 0.0040233 secs] [Times: user=0.02 sys=0.00, real=0.00 secs] 
2834.101: [GC (Allocation Failure) [PSYoungGen: 67872K->1376K(68096K)] 389097K->322617K(551424K), 0.0016987 secs] [Times: user=0.00 sys=0.00, real=0.00 secs] 
2834.378: [GC (Allocation Failure) [PSYoungGen: 67936K->1376K(68096K)] 389177K->322617K(551424K), 0.0017383 secs] [Times: user=0.00 sys=0.01, real=0.00 secs] 
2834.654: [GC (Allocation Failure) [PSYoungGen: 67936K->1376K(68096K)] 389177K->322617K(551424K), 0.0020972 secs] [Times: user=0.01 sys=0.00, real=0.00 secs] 
2834.932: [GC (Allocation Failure) [PSYoungGen: 67936K->1376K(68096K)] 389177K->322617K(551424K), 0.0020754 secs] [Times: user=0.00 sys=0.00, real=0.00 secs] 
2835.660: [GC (Allocation Failure) [PSYoungGen: 67657K->224K(68096K)] 388898K->321465K(551424K), 0.0015318 secs] [Times: user=0.00 sys=0.00, real=0.01 secs] 
2835.946: [GC (Allocation Failure) [PSYoungGen: 66784K->1360K(68608K)] 388025K->322601K(551936K), 0.0014876 secs] [Times: user=0.00 sys=0.00, real=0.00 secs] 
2836.221: [GC (Allocation Failure) [PSYoungGen: 67920K->1376K(68608K)] 389161K->322617K(551936K), 0.0016323 secs] [Times: user=0.00 sys=0.00, real=0.00 secs] 
2836.552: [GC (Allocation Failure) [PSYoungGen: 67936K->1376K(68608K)] 389177K->322617K(551936K), 0.0018315 secs] [Times: user=0.01 sys=0.00, real=0.00 secs] 
2837.058: [GC (Allocation Failure) [PSYoungGen: 67936K->1376K(68608K)] 389177K->322617K(551936K), 0.0023453 secs] [Times: user=0.01 sys=0.00, real=0.00 secs] 
2838.248: [GC (Allocation Failure) [PSYoungGen: 67936K->1408K(68608K)] 389177K->322649K(551936K), 0.0035437 secs] [Times: user=0.01 sys=0.00, real=0.01 secs] 
2838.604: [GC (Allocation Failure) [PSYoungGen: 67968K->1344K(68608K)] 389209K->322585K(551936K), 0.0021003 secs] [Times: user=0.00 sys=0.00, real=0.00 secs] 
2838.881: [GC (Allocation Failure) [PSYoungGen: 67904K->1344K(68608K)] 389145K->322601K(551936K), 0.0020296 secs] [Times: user=0.01 sys=0.00, real=0.01 secs] 
2839.236: [GC (Allocation Failure) [PSYoungGen: 67904K->1344K(68608K)] 389161K->322601K(551936K), 0.0017766 secs] [Times: user=0.01 sys=0.00, real=0.00 secs] 
2840.089: [GC (Allocation Failure) [PSYoungGen: 67904K->1632K(68608K)] 389161K->322889K(551936K), 0.0015437 secs] [Times: user=0.01 sys=0.00, real=0.00 secs] 
2840.662: [GC (Allocation Failure) [PSYoungGen: 68192K->1408K(68608K)] 389449K->322665K(551936K), 0.0018787 secs] [Times: user=0.00 sys=0.00, real=0.00 secs] 
2841.128: [GC (Allocation Failure) [PSYoungGen: 67968K->1344K(68608K)] 389225K->322601K(551936K), 0.0024192 secs] [Times: user=0.01 sys=0.00, real=0.00 secs] 
2841.400: [GC (Allocation Failure) [PSYoungGen: 67904K->1376K(68608K)] 389161K->322633K(551936K), 0.0019225 secs] [Times: user=0.01 sys=0.00, real=0.01 secs] 
2841.816: [GC (Allocation Failure) [PSYoungGen: 67936K->1344K(68608K)] 389193K->322601K(551936K), 0.0018444 secs] [Times: user=0.01 sys=0.00, real=0.00 secs] 
2842.807: [GC (Allocation Failure) [PSYoungGen: 67904K->1376K(68608K)] 389161K->322633K(551936K), 0.0018330 secs] [Times: user=0.01 sys=0.00, real=0.00 secs] 
2843.355: [GC (Allocation Failure) [PSYoungGen: 67936K->1344K(68608K)] 389193K->322601K(551936K), 0.0018767 secs] [Times: user=0.01 sys=0.00, real=0.00 secs] 
2843.632: [GC (Allocation Failure) [PSYoungGen: 67904K->1344K(68096K)] 389161K->322601K(551424K), 0.0018484 secs] [Times: user=0.00 sys=0.00, real=0.00 secs] 
2843.909: [GC (Allocation Failure) [PSYoungGen: 67904K->1376K(68096K)] 389161K->322633K(551424K), 0.0017822 secs] [Times: user=0.00 sys=0.00, real=0.00 secs] 
2844.942: [GC (Allocation Failure) [PSYoungGen: 67936K->896K(68096K)] 389193K->323177K(551424K), 0.0027243 secs] [Times: user=0.01 sys=0.00, real=0.00 secs] 
2846.774: [GC (Allocation Failure) [PSYoungGen: 67456K->352K(68608K)] 389737K->322633K(551936K), 0.0032850 secs] [Times: user=0.01 sys=0.00, real=0.00 secs] 
2847.709: [GC (Allocation Failure) [PSYoungGen: 66912K->352K(68608K)] 389193K->322633K(551936K), 0.0030505 secs] [Times: user=0.01 sys=0.00, real=0.01 secs] 
2848.598: [GC (Allocation Failure) [PSYoungGen: 66912K->320K(68608K)] 389193K->322601K(551936K), 0.0028772 secs] [Times: user=0.01 sys=0.00, real=0.00 secs] 
2849.542: [GC (Allocation Failure) [PSYoungGen: 66880K->288K(68608K)] 389161K->322569K(551936K), 0.0025734 secs] [Times: user=0.01 sys=0.00, real=0.00 secs] 
2850.879: [GC (Allocation Failure) [PSYoungGen: 66848K->1424K(68608K)] 389129K->323705K(551936K), 0.0025224 secs] [Times: user=0.01 sys=0.00, real=0.01 secs] 
2851.673: [GC (Allocation Failure) [PSYoungGen: 67984K->1344K(68608K)] 390265K->323625K(551936K), 0.0026718 secs] [Times: user=0.01 sys=0.00, real=0.00 secs] 
2852.689: [GC (Allocation Failure) [PSYoungGen: 67904K->1376K(68096K)] 390185K->323665K(551424K), 0.0034793 secs] [Times: user=0.01 sys=0.00, real=0.01 secs] 
2853.594: [GC (Allocation Failure) [PSYoungGen: 67424K->1344K(68608K)] 389713K->323633K(551936K), 0.0028226 secs] [Times: user=0.01 sys=0.00, real=0.00 secs] 
2854.679: [GC (Allocation Failure) [PSYoungGen: 67392K->1392K(68608K)] 389681K->323681K(551936K), 0.0017735 secs] [Times: user=0.00 sys=0.00, real=0.00 secs] 
2855.088: [GC (Allocation Failure) [PSYoungGen: 67440K->1376K(68608K)] 389729K->323665K(551936K), 0.0022532 secs] [Times: user=0.00 sys=0.00, real=0.00 secs] 
2855.606: [GC (Allocation Failure) [PSYoungGen: 67424K->1376K(67584K)] 389713K->323665K(550912K), 0.0017954 secs] [Times: user=0.01 sys=0.00, real=0.00 secs] 
2856.120: [GC (Allocation Failure) [PSYoungGen: 67424K->1344K(68096K)] 389713K->323633K(551424K), 0.0017926 secs] [Times: user=0.00 sys=0.00, real=0.01 secs] 
2856.661: [GC (Allocation Failure) [PSYoungGen: 67392K->1376K(68096K)] 389681K->323665K(551424K), 0.0018412 secs] [Times: user=0.01 sys=0.00, real=0.01 secs] 
2857.805: [GC (Allocation Failure) [PSYoungGen: 67424K->1408K(68096K)] 389713K->323697K(551424K), 0.0025267 secs] [Times: user=0.01 sys=0.00, real=0.00 secs] 
2858.555: [GC (Allocation Failure) [PSYoungGen: 67456K->1360K(68096K)] 389745K->323649K(551424K), 0.0024691 secs] [Times: user=0.00 sys=0.01, real=0.00 secs] 
2859.185: [GC (Allocation Failure) [PSYoungGen: 67408K->1344K(68096K)] 389697K->323633K(551424K), 0.0023005 secs] [Times: user=0.01 sys=0.00, real=0.00 secs] 
2859.774: [GC (Allocation Failure) [PSYoungGen: 67392K->1360K(68096K)] 389681K->323649K(551424K), 0.0024459 secs] [Times: user=0.01 sys=0.00, real=0.00 secs] 
2861.256: [GC (Allocation Failure) [PSYoungGen: 67408K->1888K(68096K)] 389697K->324177K(551424K), 0.0043038 secs] [Times: user=0.02 sys=0.00, real=0.00 secs] 
2862.572: [GC (Allocation Failure) [PSYoungGen: 67936K->1376K(67584K)] 390225K->323665K(550912K), 0.0028358 secs] [Times: user=0.01 sys=0.00, real=0.00 secs] 
2863.416: [GC (Allocation Failure) [PSYoungGen: 67424K->1376K(68096K)] 389713K->323681K(551424K), 0.0027147 secs] [Times: user=0.01 sys=0.00, real=0.00 secs] 
2863.993: [GC (Allocation Failure) [PSYoungGen: 67424K->1376K(68096K)] 389729K->323681K(551424K), 0.0021556 secs] [Times: user=0.01 sys=0.00, real=0.00 secs] 
2864.621: [GC (Allocation Failure) [PSYoungGen: 67424K->1392K(68096K)] 389729K->323697K(551424K), 0.0022482 secs] [Times: user=0.01 sys=0.00, real=0.01 secs] 
2865.664: [GC (Allocation Failure) [PSYoungGen: 67440K->1408K(68096K)] 389745K->323713K(551424K), 0.0018380 secs] [Times: user=0.01 sys=0.00, real=0.00 secs] 
2866.238: [GC (Allocation Failure) [PSYoungGen: 67456K->1376K(68096K)] 389761K->323681K(551424K), 0.0019256 secs] [Times: user=0.01 sys=0.00, real=0.00 secs] 
2866.898: [GC (Allocation Failure) [PSYoungGen: 67424K->1376K(68096K)] 389729K->323681K(551424K), 0.0021507 secs] [Times: user=0.01 sys=0.00, real=0.00 secs] 
2867.392: [GC (Allocation Failure) [PSYoungGen: 67424K->1376K(68096K)] 389729K->323681K(551424K), 0.0019471 secs] [Times: user=0.01 sys=0.00, real=0.00 secs] 
2868.314: [GC (Allocation Failure) [PSYoungGen: 67424K->1936K(68096K)] 389729K->324753K(551424K), 0.0017254 secs] [Times: user=0.00 sys=0.00, real=0.00 secs] 
2869.197: [GC (Allocation Failure) [PSYoungGen: 67984K->1344K(68096K)] 390801K->324161K(551424K), 0.0017393 secs] [Times: user=0.01 sys=0.00, real=0.00 secs] 
2869.883: [GC (Allocation Failure) [PSYoungGen: 67392K->1376K(68096K)] 390209K->324193K(551424K), 0.0018831 secs] [Times: user=0.00 sys=0.00, real=0.00 secs] 
2870.433: [GC (Allocation Failure) [PSYoungGen: 67424K->1344K(68096K)] 390241K->324161K(551424K), 0.0018511 secs] [Times: user=0.00 sys=0.00, real=0.00 secs] 
2870.970: [GC (Allocation Failure) [PSYoungGen: 67392K->1344K(68096K)] 390209K->324161K(551424K), 0.0019119 secs] [Times: user=0.01 sys=0.00, real=0.01 secs] 
2872.030: [GC (Allocation Failure) [PSYoungGen: 67392K->1376K(68096K)] 390209K->324193K(551424K), 0.0019139 secs] [Times: user=0.01 sys=0.00, real=0.01 secs] 
2872.771: [GC (Allocation Failure) [PSYoungGen: 67424K->1392K(68096K)] 390241K->324217K(551424K), 0.0030003 secs] [Times: user=0.02 sys=0.00, real=0.01 secs] 
2873.406: [GC (Allocation Failure) [PSYoungGen: 67440K->1376K(68096K)] 390265K->324201K(551424K), 0.0020258 secs] [Times: user=0.00 sys=0.01, real=0.00 secs] 
2874.038: [GC (Allocation Failure) [PSYoungGen: 67424K->1344K(68096K)] 390249K->324169K(551424K), 0.0019217 secs] [Times: user=0.01 sys=0.00, real=0.00 secs] 
2874.982: [GC (Allocation Failure) [PSYoungGen: 67392K->1680K(68096K)] 390217K->324505K(551424K), 0.0017554 secs] [Times: user=0.01 sys=0.00, real=0.00 secs] 
2875.753: [GC (Allocation Failure) [PSYoungGen: 67728K->1360K(68096K)] 390553K->324185K(551424K), 0.0017533 secs] [Times: user=0.01 sys=0.00, real=0.00 secs] 
2876.061: [GC (Allocation Failure) [PSYoungGen: 67408K->1312K(68096K)] 390233K->324137K(551424K), 0.0020488 secs] [Times: user=0.01 sys=0.00, real=0.01 secs] 
2876.336: [GC (Allocation Failure) [PSYoungGen: 67360K->1392K(68096K)] 390185K->324217K(551424K), 0.0019310 secs] [Times: user=0.01 sys=0.00, real=0.00 secs] 
2876.823: [GC (Allocation Failure) [PSYoungGen: 67440K->1344K(68096K)] 390265K->324169K(551424K), 0.0019322 secs] [Times: user=0.01 sys=0.00, real=0.00 secs] 
2877.810: [GC (Allocation Failure) [PSYoungGen: 67392K->1376K(68096K)] 390217K->324201K(551424K), 0.0019434 secs] [Times: user=0.01 sys=0.00, real=0.01 secs] 
2878.443: [GC (Allocation Failure) [PSYoungGen: 67424K->1344K(68096K)] 390249K->324169K(551424K), 0.0019083 secs] [Times: user=0.01 sys=0.00, real=0.00 secs] 
2879.280: [GC (Allocation Failure) [PSYoungGen: 67392K->1344K(68096K)] 390217K->324169K(551424K), 0.0027841 secs] [Times: user=0.01 sys=0.00, real=0.01 secs] 
2880.235: [GC (Allocation Failure) [PSYoungGen: 67392K->1344K(68096K)] 390217K->324169K(551424K), 0.0045735 secs] [Times: user=0.02 sys=0.00, real=0.00 secs] 
2881.597: [GC (Allocation Failure) [PSYoungGen: 67392K->1376K(68096K)] 390217K->324209K(551424K), 0.0015180 secs] [Times: user=0.00 sys=0.00, real=0.00 secs] 
2882.415: [GC (Allocation Failure) [PSYoungGen: 67424K->1376K(68096K)] 390257K->324209K(551424K), 0.0019708 secs] [Times: user=0.01 sys=0.00, real=0.00 secs] 
2883.010: [GC (Allocation Failure) [PSYoungGen: 67424K->1344K(67584K)] 390257K->324177K(550912K), 0.0023388 secs] [Times: user=0.01 sys=0.00, real=0.01 secs] 
2883.929: [GC (Allocation Failure) [PSYoungGen: 67392K->1360K(67584K)] 390225K->324193K(550912K), 0.0029775 secs] [Times: user=0.01 sys=0.01, real=0.01 secs] 
2884.848: [GC (Allocation Failure) [PSYoungGen: 67408K->352K(67072K)] 390241K->324209K(550400K), 0.0030121 secs] [Times: user=0.01 sys=0.00, real=0.00 secs] 
2885.940: [GC (Allocation Failure) [PSYoungGen: 66400K->1440K(68096K)] 390257K->325297K(551424K), 0.0017429 secs] [Times: user=0.01 sys=0.00, real=0.01 secs] 
2886.215: [GC (Allocation Failure) [PSYoungGen: 67488K->1376K(68096K)] 391345K->325233K(551424K), 0.0016768 secs] [Times: user=0.01 sys=0.00, real=0.00 secs] 
2886.597: [GC (Allocation Failure) [PSYoungGen: 67424K->1376K(68096K)] 391281K->325233K(551424K), 0.0017241 secs] [Times: user=0.01 sys=0.00, real=0.00 secs] 
2887.116: [GC (Allocation Failure) [PSYoungGen: 67424K->1376K(68096K)] 391281K->325233K(551424K), 0.0019915 secs] [Times: user=0.00 sys=0.00, real=0.00 secs] 
2888.018: [GC (Allocation Failure) [PSYoungGen: 67424K->160K(68096K)] 391281K->324017K(551424K), 0.0013613 secs] [Times: user=0.00 sys=0.00, real=0.00 secs] 
2889.055: [GC (Allocation Failure) [PSYoungGen: 66208K->1376K(68096K)] 390065K->325233K(551424K), 0.0019997 secs] [Times: user=0.01 sys=0.00, real=0.00 secs] 
2889.565: [GC (Allocation Failure) [PSYoungGen: 67424K->1376K(68096K)] 391281K->325233K(551424K), 0.0020490 secs] [Times: user=0.01 sys=0.00, real=0.00 secs] 
2890.276: [GC (Allocation Failure) [PSYoungGen: 67424K->1376K(68096K)] 391281K->325233K(551424K), 0.0033254 secs] [Times: user=0.01 sys=0.00, real=0.00 secs] 
2890.845: [GC (Allocation Failure) [PSYoungGen: 67424K->1376K(68096K)] 391281K->325233K(551424K), 0.0023641 secs] [Times: user=0.01 sys=0.00, real=0.00 secs] 
2891.694: [GC (Allocation Failure) [PSYoungGen: 67424K->1392K(68096K)] 391281K->325249K(551424K), 0.0017944 secs] [Times: user=0.00 sys=0.00, real=0.00 secs] 
2891.968: [GC (Allocation Failure) [PSYoungGen: 67440K->1344K(68096K)] 391297K->325209K(551424K), 0.0017549 secs] [Times: user=0.01 sys=0.00, real=0.00 secs] 
2892.260: [GC (Allocation Failure) [PSYoungGen: 67392K->1376K(68096K)] 391257K->325241K(551424K), 0.0017565 secs] [Times: user=0.01 sys=0.00, real=0.01 secs] 
2892.554: [GC (Allocation Failure) [PSYoungGen: 67424K->1376K(68096K)] 391289K->325241K(551424K), 0.0018824 secs] [Times: user=0.01 sys=0.00, real=0.00 secs] 
2893.231: [GC (Allocation Failure) [PSYoungGen: 67424K->1389K(68096K)] 391289K->325254K(551424K), 0.0015672 secs] [Times: user=0.00 sys=0.00, real=0.00 secs] 
2893.521: [GC (Allocation Failure) [PSYoungGen: 67437K->1408K(68096K)] 391302K->325273K(551424K), 0.0014779 secs] [Times: user=0.00 sys=0.00, real=0.00 secs] 
2893.858: [GC (Allocation Failure) [PSYoungGen: 67456K->1376K(68096K)] 391321K->325241K(551424K), 0.0015754 secs] [Times: user=0.01 sys=0.00, real=0.00 secs] 
2894.147: [GC (Allocation Failure) [PSYoungGen: 67424K->1376K(68096K)] 391289K->325241K(551424K), 0.0023892 secs] [Times: user=0.01 sys=0.00, real=0.00 secs] 
2894.850: [GC (Allocation Failure) [PSYoungGen: 67424K->1312K(68096K)] 391289K->325177K(551424K), 0.0022528 secs] [Times: user=0.00 sys=0.00, real=0.01 secs] 
2896.194: [GC (Allocation Failure) [PSYoungGen: 67360K->1376K(68096K)] 391225K->325241K(551424K), 0.0030900 secs] [Times: user=0.01 sys=0.00, real=0.00 secs] 
2897.406: [GC (Allocation Failure) [PSYoungGen: 67424K->1376K(68096K)] 391289K->325249K(551424K), 0.0036556 secs] [Times: user=0.02 sys=0.00, real=0.00 secs] 
2898.409: [GC (Allocation Failure) [PSYoungGen: 67424K->1376K(68096K)] 391297K->325249K(551424K), 0.0031181 secs] [Times: user=0.01 sys=0.00, real=0.01 secs] 
2899.222: [GC (Allocation Failure) [PSYoungGen: 67424K->1376K(68096K)] 391297K->325257K(551424K), 0.0031813 secs] [Times: user=0.01 sys=0.00, real=0.00 secs] 
2900.199: [GC (Allocation Failure) [PSYoungGen: 67424K->1341K(68096K)] 391305K->325230K(551424K), 0.0016443 secs] [Times: user=0.01 sys=0.00, real=0.00 secs] 
2901.027: [GC (Allocation Failure) [PSYoungGen: 67389K->1408K(68096K)] 391278K->325305K(551424K), 0.0023190 secs] [Times: user=0.01 sys=0.00, real=0.00 secs] 
2901.376: [GC (Allocation Failure) [PSYoungGen: 67456K->1392K(68096K)] 391353K->325297K(551424K), 0.0020963 secs] [Times: user=0.01 sys=0.00, real=0.00 secs] 
2901.651: [GC (Allocation Failure) [PSYoungGen: 67440K->1344K(68096K)] 391345K->325249K(551424K), 0.0017853 secs] [Times: user=0.01 sys=0.00, real=0.01 secs] 
2902.103: [GC (Allocation Failure) [PSYoungGen: 67392K->1344K(67584K)] 391297K->325249K(550912K), 0.0022325 secs] [Times: user=0.01 sys=0.00, real=0.00 secs] 
2903.204: [GC (Allocation Failure) [PSYoungGen: 67392K->1392K(67584K)] 391297K->325297K(550912K), 0.0020104 secs] [Times: user=0.01 sys=0.00, real=0.00 secs] 
2904.069: [GC (Allocation Failure) [PSYoungGen: 67440K->1376K(67584K)] 391345K->325281K(550912K), 0.0021079 secs] [Times: user=0.01 sys=0.00, real=0.00 secs] 
2904.815: [GC (Allocation Failure) [PSYoungGen: 67424K->1376K(67584K)] 391329K->325281K(550912K), 0.0035001 secs] [Times: user=0.02 sys=0.00, real=0.00 secs] 
2905.497: [GC (Allocation Failure) [PSYoungGen: 67424K->1360K(67584K)] 391329K->325265K(550912K), 0.0037650 secs] [Times: user=0.02 sys=0.00, real=0.00 secs] 
2906.395: [GC (Allocation Failure) [PSYoungGen: 67408K->1405K(67584K)] 391313K->325310K(550912K), 0.0013846 secs] [Times: user=0.01 sys=0.00, real=0.00 secs] 
2908.140: [GC (Allocation Failure) [PSYoungGen: 67453K->1376K(67584K)] 391358K->325281K(550912K), 0.0035720 secs] [Times: user=0.01 sys=0.00, real=0.01 secs] 
2908.621: [GC (Allocation Failure) [PSYoungGen: 67424K->1376K(67584K)] 391329K->325281K(550912K), 0.0024130 secs] [Times: user=0.01 sys=0.00, real=0.01 secs] 
2909.353: [GC (Allocation Failure) [PSYoungGen: 67424K->1376K(67584K)] 391329K->325281K(550912K), 0.0021511 secs] [Times: user=0.01 sys=0.00, real=0.00 secs] 
2910.117: [GC (Allocation Failure) [PSYoungGen: 67424K->1344K(67584K)] 391329K->325249K(550912K), 0.0022806 secs] [Times: user=0.01 sys=0.00, real=0.00 secs] 
2911.283: [GC (Allocation Failure) [PSYoungGen: 67392K->1376K(67584K)] 391297K->325281K(550912K), 0.0017712 secs] [Times: user=0.01 sys=0.00, real=0.00 secs] 
2911.934: [GC (Allocation Failure) [PSYoungGen: 67424K->1312K(67584K)] 391329K->325217K(550912K), 0.0019009 secs] [Times: user=0.01 sys=0.00, real=0.00 secs] 
2912.590: [GC (Allocation Failure) [PSYoungGen: 67360K->1376K(67584K)] 391265K->325289K(550912K), 0.0018709 secs] [Times: user=0.01 sys=0.00, real=0.01 secs] 
2913.303: [GC (Allocation Failure) [PSYoungGen: 67424K->1376K(67584K)] 391337K->325289K(550912K), 0.0024863 secs] [Times: user=0.01 sys=0.00, real=0.00 secs] 
2914.324: [GC (Allocation Failure) [PSYoungGen: 67424K->1373K(67584K)] 391337K->325286K(550912K), 0.0016473 secs] [Times: user=0.00 sys=0.00, real=0.00 secs] 
2914.733: [GC (Allocation Failure) [PSYoungGen: 67421K->1408K(67584K)] 391334K->325321K(550912K), 0.0016894 secs] [Times: user=0.01 sys=0.00, real=0.00 secs] 
2915.007: [GC (Allocation Failure) [PSYoungGen: 67456K->1344K(67584K)] 391369K->325257K(550912K), 0.0016270 secs] [Times: user=0.00 sys=0.00, real=0.00 secs] 
2915.281: [GC (Allocation Failure) [PSYoungGen: 67392K->1408K(67584K)] 391305K->325321K(550912K), 0.0017690 secs] [Times: user=0.01 sys=0.00, real=0.00 secs] 
2915.556: [GC (Allocation Failure) [PSYoungGen: 67456K->1376K(67584K)] 391369K->325289K(550912K), 0.0016563 secs] [Times: user=0.00 sys=0.00, real=0.00 secs] 
2916.445: [GC (Allocation Failure) [PSYoungGen: 67424K->1376K(67584K)] 391337K->325289K(550912K), 0.0018231 secs] [Times: user=0.00 sys=0.00, real=0.00 secs] 
2916.959: [GC (Allocation Failure) [PSYoungGen: 67424K->1376K(67584K)] 391337K->325289K(550912K), 0.0018137 secs] [Times: user=0.00 sys=0.00, real=0.00 secs] 
2917.501: [GC (Allocation Failure) [PSYoungGen: 67424K->1344K(67584K)] 391337K->325257K(550912K), 0.0019362 secs] [Times: user=0.01 sys=0.00, real=0.01 secs] 
2918.078: [GC (Allocation Failure) [PSYoungGen: 67392K->1376K(67584K)] 391305K->325289K(550912K), 0.0018533 secs] [Times: user=0.01 sys=0.00, real=0.00 secs] 
2918.794: [GC (Allocation Failure) [PSYoungGen: 67424K->1373K(67584K)] 391337K->325286K(550912K), 0.0014996 secs] [Times: user=0.01 sys=0.00, real=0.00 secs] 
2919.236: [GC (Allocation Failure) [PSYoungGen: 67421K->1424K(67584K)] 391334K->325337K(550912K), 0.0017732 secs] [Times: user=0.01 sys=0.00, real=0.00 secs] 
2919.510: [GC (Allocation Failure) [PSYoungGen: 67472K->1376K(67584K)] 391385K->325305K(550912K), 0.0017984 secs] [Times: user=0.01 sys=0.00, real=0.01 secs] 
2919.786: [GC (Allocation Failure) [PSYoungGen: 67424K->1376K(67584K)] 391353K->325305K(550912K), 0.0017151 secs] [Times: user=0.01 sys=0.00, real=0.00 secs] 
2920.060: [GC (Allocation Failure) [PSYoungGen: 67424K->1376K(67584K)] 391353K->325305K(550912K), 0.0018902 secs] [Times: user=0.00 sys=0.00, real=0.01 secs] 
2920.790: [GC (Allocation Failure) [PSYoungGen: 67424K->1408K(67584K)] 391353K->325337K(550912K), 0.0017109 secs] [Times: user=0.00 sys=0.00, real=0.01 secs] 
2921.064: [GC (Allocation Failure) [PSYoungGen: 67456K->1344K(67584K)] 391385K->325273K(550912K), 0.0017629 secs] [Times: user=0.01 sys=0.00, real=0.00 secs] 
2921.339: [GC (Allocation Failure) [PSYoungGen: 67392K->1376K(67584K)] 391321K->325305K(550912K), 0.0019271 secs] [Times: user=0.01 sys=0.00, real=0.00 secs] 
2921.613: [GC (Allocation Failure) [PSYoungGen: 67424K->1344K(67584K)] 391353K->325273K(550912K), 0.0019489 secs] [Times: user=0.01 sys=0.00, real=0.00 secs] 
2922.197: [GC (Allocation Failure) [PSYoungGen: 67392K->1373K(67584K)] 391321K->325302K(550912K), 0.0014805 secs] [Times: user=0.01 sys=0.00, real=0.00 secs] 
2923.499: [GC (Allocation Failure) [PSYoungGen: 67421K->1376K(67584K)] 391350K->325305K(550912K), 0.0027982 secs] [Times: user=0.01 sys=0.00, real=0.01 secs] 
2923.777: [GC (Allocation Failure) [PSYoungGen: 67424K->1328K(67584K)] 391353K->325257K(550912K), 0.0023510 secs] [Times: user=0.01 sys=0.00, real=0.00 secs] 
2924.187: [GC (Allocation Failure) [PSYoungGen: 67376K->1312K(67584K)] 391305K->325241K(550912K), 0.0019925 secs] [Times: user=0.01 sys=0.00, real=0.00 secs] 
2924.934: [GC (Allocation Failure) [PSYoungGen: 67360K->1344K(67584K)] 391289K->325273K(550912K), 0.0029487 secs] [Times: user=0.01 sys=0.00, real=0.00 secs] 
2927.025: [GC (Allocation Failure) [PSYoungGen: 67392K->1504K(67584K)] 391321K->325484K(550912K), 0.0033634 secs] [Times: user=0.02 sys=0.00, real=0.00 secs] 
2928.260: [GC (Allocation Failure) [PSYoungGen: 67552K->1504K(67584K)] 391532K->330959K(550912K), 0.0107348 secs] [Times: user=0.05 sys=0.00, real=0.01 secs] 
2931.623: [GC (Allocation Failure) [PSYoungGen: 67552K->3552K(64000K)] 397007K->346621K(547328K), 0.0242305 secs] [Times: user=0.13 sys=0.00, real=0.02 secs] 
2938.983: [GC (Allocation Failure) [PSYoungGen: 63968K->9184K(69632K)] 407037K->373189K(552960K), 0.0363056 secs] [Times: user=0.21 sys=0.00, real=0.03 secs] 
2939.146: [GC (Allocation Failure) [PSYoungGen: 69600K->18400K(68608K)] 433605K->401141K(551936K), 0.0211563 secs] [Times: user=0.11 sys=0.00, real=0.02 secs] 
2939.231: [GC (Allocation Failure) [PSYoungGen: 66729K->28640K(78848K)] 449471K->424565K(562176K), 0.0150819 secs] [Times: user=0.08 sys=0.00, real=0.02 secs] 
2939.296: [GC (Allocation Failure) [PSYoungGen: 78816K->38880K(86528K)] 474741K->447589K(569856K), 0.0231418 secs] [Times: user=0.12 sys=0.01, real=0.02 secs] 
2939.375: [GC (Allocation Failure) [PSYoungGen: 86496K->50656K(98304K)] 495205K->479229K(581632K), 0.0208394 secs] [Times: user=0.13 sys=0.00, real=0.02 secs] 
2941.888: [GC (Allocation Failure) [PSYoungGen: 98272K->64256K(113152K)] 526845K->493865K(596480K), 0.0725926 secs] [Times: user=0.21 sys=0.22, real=0.07 secs] 
2942.335: [GC (Allocation Failure) [PSYoungGen: 107279K->78816K(124416K)] 536889K->514429K(607744K), 0.0419084 secs] [Times: user=0.25 sys=0.00, real=0.04 secs] 
2942.428: [GC (Allocation Failure) [PSYoungGen: 124384K->95200K(124928K)] 559997K->551885K(608256K), 0.0481669 secs] [Times: user=0.23 sys=0.05, real=0.05 secs] 
2942.515: [GC (GCLocker Initiated GC) [PSYoungGen: 124896K->87488K(149504K)] 581582K->550062K(632832K), 0.0316687 secs] [Times: user=0.18 sys=0.00, real=0.03 secs] 
2942.547: [Full GC (Ergonomics) [PSYoungGen: 87488K->0K(149504K)] [ParOldGen: 462574K->233331K(644608K)] 550062K->233331K(794112K), [Metaspace: 59850K->59762K(1105920K)], 0.5611695 secs] [Times: user=2.63 sys=0.01, real=0.56 secs] 
2944.098: [GC (Allocation Failure) [PSYoungGen: 29696K->14656K(159232K)] 263030K->247990K(803840K), 0.0618390 secs] [Times: user=0.36 sys=0.00, real=0.06 secs] 
2945.538: [GC (Allocation Failure) [PSYoungGen: 50496K->21149K(162304K)] 283830K->254483K(806912K), 0.0280134 secs] [Times: user=0.17 sys=0.00, real=0.03 secs] 
2945.640: [GC (Allocation Failure) [PSYoungGen: 56989K->64K(162304K)] 290323K->254430K(806912K), 0.0309438 secs] [Times: user=0.19 sys=0.00, real=0.03 secs] 
2945.874: [GC (Allocation Failure) [PSYoungGen: 43072K->3328K(163328K)] 297438K->257710K(807936K), 0.0022276 secs] [Times: user=0.01 sys=0.00, real=0.00 secs] 
2948.057: [GC (Allocation Failure) [PSYoungGen: 46336K->14304K(158720K)] 300718K->271119K(803328K), 0.0161184 secs] [Times: user=0.08 sys=0.00, real=0.02 secs] 
2953.120: [GC (Allocation Failure) [PSYoungGen: 66016K->24160K(163840K)] 322831K->294091K(808448K), 0.0344635 secs] [Times: user=0.20 sys=0.00, real=0.04 secs] 
2953.321: [GC (Allocation Failure) [PSYoungGen: 75872K->23360K(154624K)] 345803K->315311K(799232K), 0.0257942 secs] [Times: user=0.15 sys=0.00, real=0.03 secs] 
2953.439: [GC (Allocation Failure) [PSYoungGen: 85312K->30592K(160768K)] 377263K->345623K(805376K), 0.0259146 secs] [Times: user=0.16 sys=0.00, real=0.03 secs] 
2953.531: [GC (Allocation Failure) [PSYoungGen: 92544K->33248K(157184K)] 407575K->378823K(801792K), 0.0260697 secs] [Times: user=0.15 sys=0.00, real=0.02 secs] 
2953.642: [GC (Allocation Failure) [PSYoungGen: 107488K->36928K(161792K)] 453063K->415679K(806400K), 0.0215094 secs] [Times: user=0.12 sys=0.00, real=0.02 secs] 
2953.713: [GC (Allocation Failure) [PSYoungGen: 111168K->44256K(172544K)] 489919K->459951K(817152K), 0.0309073 secs] [Times: user=0.19 sys=0.00, real=0.03 secs] 
2953.817: [GC (Allocation Failure) [PSYoungGen: 132832K->43456K(172544K)] 548527K->503351K(817152K), 0.0241234 secs] [Times: user=0.14 sys=0.00, real=0.03 secs] 
2954.735: [GC (Allocation Failure) [PSYoungGen: 132032K->4672K(188928K)] 591927K->508199K(833536K), 0.0685539 secs] [Times: user=0.39 sys=0.01, real=0.07 secs] 
2955.942: [GC (Allocation Failure) [PSYoungGen: 110656K->33568K(188928K)] 614183K->541695K(833536K), 0.0371657 secs] [Times: user=0.17 sys=0.05, real=0.03 secs] 
2956.757: [GC (Allocation Failure) [PSYoungGen: 139552K->49504K(203776K)] 647679K->588680K(848384K), 0.0473286 secs] [Times: user=0.16 sys=0.12, real=0.05 secs] 
2956.925: [GC (Allocation Failure) [PSYoungGen: 174432K->64352K(205824K)] 713608K->648864K(850432K), 0.0308149 secs] [Times: user=0.16 sys=0.02, real=0.03 secs] 
2956.955: [Full GC (Ergonomics) [PSYoungGen: 64352K->0K(205824K)] [ParOldGen: 584512K->155426K(618496K)] 648864K->155426K(824320K), [Metaspace: 59990K->59990K(1105920K)], 0.3519530 secs] [Times: user=1.61 sys=0.01, real=0.35 secs] 
2957.400: [GC (Allocation Failure) [PSYoungGen: 124928K->68960K(229888K)] 280354K->224386K(848384K), 0.0375991 secs] [Times: user=0.11 sys=0.07, real=0.04 secs] 
2958.342: [GC (Allocation Failure) [PSYoungGen: 210784K->39136K(237056K)] 366210K->263562K(855552K), 0.0413987 secs] [Times: user=0.25 sys=0.00, real=0.04 secs] 
2959.359: [GC (Allocation Failure) [PSYoungGen: 180960K->43744K(250368K)] 405386K->307386K(868864K), 0.1328351 secs] [Times: user=0.78 sys=0.01, real=0.14 secs] 
2959.683: [GC (Allocation Failure) [PSYoungGen: 211680K->81664K(253952K)] 475322K->385867K(872448K), 0.0292876 secs] [Times: user=0.17 sys=0.00, real=0.03 secs] 
2959.887: [GC (Allocation Failure) [PSYoungGen: 249600K->90208K(284672K)] 553803K->467907K(903168K), 0.0615429 secs] [Times: user=0.32 sys=0.04, real=0.06 secs] 
2960.986: [GC (Allocation Failure) [PSYoungGen: 277600K->41376K(296448K)] 655299K->509303K(914944K), 0.0439523 secs] [Times: user=0.26 sys=0.00, real=0.04 secs] 
2961.251: [GC (GCLocker Initiated GC) [PSYoungGen: 228768K->79872K(320512K)] 696696K->588384K(939008K), 0.0378848 secs] [Times: user=0.20 sys=0.02, real=0.04 secs] 
2963.074: [Full GC (Ergonomics) [PSYoungGen: 295936K->0K(320512K)] [ParOldGen: 524931K->208158K(726528K)] 820867K->208158K(1047040K), [Metaspace: 59993K->59993K(1105920K)], 0.4783193 secs] [Times: user=2.30 sys=0.00, real=0.48 secs] 
2965.820: [GC (Allocation Failure) [PSYoungGen: 216064K->52416K(326656K)] 424222K->260574K(1053184K), 0.0647761 secs] [Times: user=0.38 sys=0.01, real=0.07 secs] 
2966.295: [GC (Allocation Failure) [PSYoungGen: 268480K->98592K(343040K)] 476638K->357347K(1069568K), 0.0585326 secs] [Times: user=0.24 sys=0.07, real=0.06 secs] 
2966.537: [GC (Allocation Failure) [PSYoungGen: 336672K->117216K(355328K)] 595427K->470095K(1081856K), 0.0519655 secs] [Times: user=0.31 sys=0.00, real=0.05 secs] 
2967.662: [GC (Allocation Failure) [PSYoungGen: 355296K->58144K(429568K)] 708175K->528079K(1156096K), 0.0793531 secs] [Times: user=0.44 sys=0.03, real=0.07 secs] 
2969.837: [GC (Allocation Failure) [PSYoungGen: 335136K->131328K(438272K)] 805071K->655720K(1164800K), 0.0831271 secs] [Times: user=0.49 sys=0.00, real=0.08 secs] 
2972.846: [GC (Allocation Failure) [PSYoungGen: 408320K->90336K(482304K)] 932712K->737824K(1208832K), 0.0702627 secs] [Times: user=0.37 sys=0.04, real=0.07 secs] 
2972.916: [Full GC (Ergonomics) [PSYoungGen: 90336K->0K(482304K)] [ParOldGen: 647488K->22211K(615936K)] 737824K->22211K(1098240K), [Metaspace: 60004K->60004K(1105920K)], 0.0315461 secs] [Times: user=0.08 sys=0.01, real=0.03 secs] 
2974.602: [GC (Allocation Failure) [PSYoungGen: 318464K->145856K(488960K)] 340675K->168067K(1104896K), 0.0283106 secs] [Times: user=0.16 sys=0.00, real=0.02 secs] 
2976.233: [GC (Allocation Failure) [PSYoungGen: 464320K->108224K(514048K)] 486531K->266927K(1129984K), 0.1582992 secs] [Times: user=0.89 sys=0.05, real=0.15 secs] 
2977.969: [GC (Allocation Failure) [PSYoungGen: 435904K->150688K(478720K)] 594607K->415532K(1094656K), 0.0553875 secs] [Times: user=0.31 sys=0.00, real=0.06 secs] 
2980.523: [GC (Allocation Failure) [PSYoungGen: 478368K->113760K(502784K)] 743212K->520700K(1118720K), 0.1743537 secs] [Times: user=1.03 sys=0.00, real=0.17 secs] 
2981.621: [GC (Allocation Failure) [PSYoungGen: 417888K->144608K(449024K)] 824828K->662916K(1064960K), 0.0539804 secs] [Times: user=0.32 sys=0.00, real=0.06 secs] 
2981.675: [Full GC (Ergonomics) [PSYoungGen: 144608K->0K(449024K)] [ParOldGen: 518308K->183079K(860672K)] 662916K->183079K(1309696K), [Metaspace: 60007K->60007K(1105920K)], 0.4310417 secs] [Times: user=2.00 sys=0.00, real=0.43 secs] 
2983.878: [GC (GCLocker Initiated GC) [PSYoungGen: 304128K->99776K(504832K)] 487207K->282855K(1365504K), 0.0970904 secs] [Times: user=0.57 sys=0.00, real=0.10 secs] 
2986.047: [GC (Allocation Failure) [PSYoungGen: 400320K->139232K(494592K)] 583402K->418739K(1355264K), 0.0500291 secs] [Times: user=0.30 sys=0.00, real=0.05 secs] 
2987.265: [GC (Allocation Failure) [PSYoungGen: 439776K->104512K(490496K)] 719283K->514547K(1351168K), 0.0676310 secs] [Times: user=0.41 sys=0.00, real=0.07 secs] 
2987.810: [GC (GCLocker Initiated GC) [PSYoungGen: 410176K->140192K(495104K)] 820213K->653571K(1355776K), 0.0623088 secs] [Times: user=0.37 sys=0.00, real=0.07 secs] 
2990.828: [GC (Allocation Failure) [PSYoungGen: 445856K->102624K(499200K)] 959270K->747710K(1359872K), 0.0651458 secs] [Times: user=0.38 sys=0.01, real=0.07 secs] 
2991.303: [GC (Allocation Failure) [PSYoungGen: 417504K->152448K(501760K)] 1062590K->899228K(1362432K), 0.0608429 secs] [Times: user=0.30 sys=0.05, real=0.06 secs] 
2991.364: [Full GC (Ergonomics) [PSYoungGen: 152448K->0K(501760K)] [ParOldGen: 746780K->165462K(885248K)] 899228K->165462K(1387008K), [Metaspace: 60023K->60023K(1105920K)], 0.3788222 secs] [Times: user=1.74 sys=0.00, real=0.38 secs] 
2993.847: [GC (Allocation Failure) [PSYoungGen: 314880K->105792K(504320K)] 480342K->271254K(1389568K), 0.0381598 secs] [Times: user=0.23 sys=0.00, real=0.04 secs] 
2995.283: [GC (Allocation Failure) [PSYoungGen: 421184K->146880K(503296K)] 586646K->417737K(1388544K), 0.1210241 secs] [Times: user=0.72 sys=0.00, real=0.12 secs] 
2997.598: [GC (Allocation Failure) [PSYoungGen: 462272K->104608K(504320K)] 733129K->514065K(1389568K), 0.1421569 secs] [Times: user=0.85 sys=0.00, real=0.14 secs] 
3000.107: [GC (Allocation Failure) [PSYoungGen: 422048K->145024K(504832K)] 831505K->657310K(1390080K), 0.0520092 secs] [Times: user=0.31 sys=0.00, real=0.05 secs] 
3001.802: [GC (Allocation Failure) [PSYoungGen: 462464K->106368K(503808K)] 974750K->754990K(1389056K), 0.1285923 secs] [Times: user=0.77 sys=0.00, real=0.12 secs] 
3003.812: [GC (Allocation Failure) [PSYoungGen: 425856K->150208K(505344K)] 1074478K->903623K(1390592K), 0.0710777 secs] [Times: user=0.42 sys=0.00, real=0.07 secs] 
3003.884: [Full GC (Ergonomics) [PSYoungGen: 150208K->0K(505344K)] [ParOldGen: 753415K->176786K(941568K)] 903623K->176786K(1446912K), [Metaspace: 60037K->60037K(1105920K)], 0.4049411 secs] [Times: user=1.87 sys=0.00, real=0.40 secs] 
3006.502: [GC (Allocation Failure) [PSYoungGen: 319488K->106528K(507904K)] 496274K->283314K(1449472K), 0.1075728 secs] [Times: user=0.64 sys=0.00, real=0.10 secs] 
3008.094: [GC (Allocation Failure) [PSYoungGen: 426528K->152192K(472576K)] 603314K->432287K(1414144K), 0.0530732 secs] [Times: user=0.32 sys=0.00, real=0.05 secs] 
3009.838: [GC (Allocation Failure) [PSYoungGen: 472192K->105920K(510976K)] 752287K->529175K(1452544K), 0.1526621 secs] [Times: user=0.91 sys=0.00, real=0.15 secs] 
3010.633: [GC (Allocation Failure) [PSYoungGen: 424384K->151840K(470528K)] 847639K->677792K(1412096K), 0.0530087 secs] [Times: user=0.31 sys=0.00, real=0.05 secs] 
3015.040: [GC (Allocation Failure) [PSYoungGen: 470304K->103360K(509440K)] 996256K->772072K(1451008K), 0.1589637 secs] [Times: user=0.95 sys=0.00, real=0.16 secs] 
3015.870: [GC (Allocation Failure) [PSYoungGen: 419776K->152416K(468992K)] 1088488K->920269K(1410560K), 0.0520796 secs] [Times: user=0.30 sys=0.00, real=0.06 secs] 
3015.922: [Full GC (Ergonomics) [PSYoungGen: 152416K->0K(468992K)] [ParOldGen: 767853K->195405K(1001984K)] 920269K->195405K(1470976K), [Metaspace: 60048K->60048K(1105920K)], 0.4574260 secs] [Times: user=2.14 sys=0.00, real=0.45 secs] 
3017.968: [GC (GCLocker Initiated GC) [PSYoungGen: 316416K->103392K(507904K)] 511822K->298798K(1509888K), 0.0704251 secs] [Times: user=0.41 sys=0.01, real=0.07 secs] 
3018.658: [GC (Allocation Failure) [PSYoungGen: 417248K->143040K(504832K)] 629040K->454334K(1506816K), 0.2570077 secs] [Times: user=1.54 sys=0.00, real=0.26 secs] 
3023.068: [GC (Allocation Failure) [PSYoungGen: 456896K->90368K(505856K)] 768190K->544678K(1507840K), 0.4375346 secs] [Times: user=2.61 sys=0.01, real=0.44 secs] 
3023.749: [GC (Allocation Failure) [PSYoungGen: 404736K->153472K(467968K)] 859046K->694503K(1469952K), 0.0536046 secs] [Times: user=0.32 sys=0.00, real=0.06 secs] 
3025.849: [GC (Allocation Failure) [PSYoungGen: 467840K->96096K(505344K)] 1008871K->790703K(1507328K), 0.1491189 secs] [Times: user=0.88 sys=0.00, real=0.15 secs] 
3026.260: [GC (Allocation Failure) [PSYoungGen: 405344K->150880K(460288K)] 1099951K->938181K(1462272K), 0.0558394 secs] [Times: user=0.33 sys=0.01, real=0.06 secs] 
3029.811: [GC (Allocation Failure) [PSYoungGen: 460128K->87552K(502784K)] 1247429K->1025709K(1504768K), 0.1853939 secs] [Times: user=0.98 sys=0.12, real=0.19 secs] 
3029.996: [Full GC (Ergonomics) [PSYoungGen: 87552K->0K(502784K)] [ParOldGen: 938157K->60916K(902656K)] 1025709K->60916K(1405440K), [Metaspace: 60072K->60072K(1105920K)], 0.1600897 secs] [Times: user=0.73 sys=0.00, real=0.16 secs] 
3030.396: [GC (Allocation Failure) [PSYoungGen: 293890K->142112K(501760K)] 354807K->203028K(1404416K), 0.0279144 secs] [Times: user=0.17 sys=0.00, real=0.03 secs] 
3032.490: [GC (GCLocker Initiated GC) [PSYoungGen: 447776K->96608K(497152K)] 508692K->291544K(1399808K), 0.1506791 secs] [Times: user=0.90 sys=0.01, real=0.15 secs] 
3033.223: [GC (Allocation Failure) [PSYoungGen: 402784K->150144K(499712K)] 597768K->438105K(1402368K), 0.0481882 secs] [Times: user=0.29 sys=0.00, real=0.05 secs] 
3036.057: [GC (GCLocker Initiated GC) [PSYoungGen: 456320K->95488K(502272K)] 744281K->525165K(1404928K), 0.1643286 secs] [Times: user=0.97 sys=0.00, real=0.17 secs] 
3036.726: [GC (Allocation Failure) [PSYoungGen: 402176K->149984K(456704K)] 831856K->671325K(1359360K), 0.0485081 secs] [Times: user=0.29 sys=0.00, real=0.05 secs] 
3039.235: [GC (Allocation Failure) [PSYoungGen: 456672K->98208K(503808K)] 978013K->761153K(1406464K), 0.1544617 secs] [Times: user=0.92 sys=0.00, real=0.15 secs] 
3040.166: [GC (Allocation Failure) [PSYoungGen: 403872K->146976K(500736K)] 1066817K->905543K(1403392K), 0.0499424 secs] [Times: user=0.30 sys=0.00, real=0.05 secs] 
3040.216: [Full GC (Ergonomics) [PSYoungGen: 146976K->0K(500736K)] [ParOldGen: 758567K->184145K(1056768K)] 905543K->184145K(1557504K), [Metaspace: 60076K->60076K(1105920K)], 0.4283369 secs] [Times: user=1.97 sys=0.00, real=0.43 secs] 
3042.591: [GC (Allocation Failure) [PSYoungGen: 305664K->97184K(500224K)] 489809K->281329K(1556992K), 0.1009719 secs] [Times: user=0.60 sys=0.00, real=0.11 secs] 
3044.116: [GC (Allocation Failure) [PSYoungGen: 403360K->145504K(500736K)] 587505K->423657K(1557504K), 0.0498001 secs] [Times: user=0.30 sys=0.00, real=0.05 secs] 
3045.736: [GC (Allocation Failure) [PSYoungGen: 451680K->102240K(498688K)] 729833K->516686K(1555456K), 0.1540585 secs] [Times: user=0.92 sys=0.00, real=0.15 secs] 
3047.118: [GC (Allocation Failure) [PSYoungGen: 410464K->145792K(500736K)] 824910K->659670K(1557504K), 0.0509506 secs] [Times: user=0.30 sys=0.00, real=0.05 secs] 
3049.130: [GC (Allocation Failure) [PSYoungGen: 454016K->101312K(502272K)] 967894K->752294K(1559040K), 0.1261772 secs] [Times: user=0.75 sys=0.00, real=0.13 secs] 
3050.437: [GC (Allocation Failure) [PSYoungGen: 413120K->146272K(503296K)] 1064102K->896355K(1560064K), 0.0517062 secs] [Times: user=0.31 sys=0.00, real=0.05 secs] 
3052.359: [GC (Allocation Failure) [PSYoungGen: 458080K->102944K(502272K)] 1208163K->990431K(1559040K), 0.1323439 secs] [Times: user=0.79 sys=0.00, real=0.14 secs] 
3052.492: [Full GC (Ergonomics) [PSYoungGen: 102944K->0K(502272K)] [ParOldGen: 887487K->28834K(934912K)] 990431K->28834K(1437184K), [Metaspace: 60080K->60080K(1105920K)], 0.0687598 secs] [Times: user=0.24 sys=0.00, real=0.06 secs] 
3054.646: [GC (Allocation Failure) [PSYoungGen: 313856K->141280K(503808K)] 342690K->170114K(1438720K), 0.0278660 secs] [Times: user=0.16 sys=0.00, real=0.03 secs] 
3056.040: [GC (Allocation Failure) [PSYoungGen: 455136K->110624K(501248K)] 483970K->271410K(1436160K), 0.1106249 secs] [Times: user=0.66 sys=0.00, real=0.11 secs] 
3056.834: [GC (Allocation Failure) [PSYoungGen: 429088K->148160K(504832K)] 589874K->417943K(1439744K), 0.0536090 secs] [Times: user=0.32 sys=0.00, real=0.05 secs] 
3058.613: [GC (Allocation Failure) [PSYoungGen: 466624K->106816K(508416K)] 736407K->515855K(1443328K), 0.1180379 secs] [Times: user=0.70 sys=0.01, real=0.12 secs] 
3060.149: [GC (Allocation Failure) [PSYoungGen: 429888K->150880K(508928K)] 838927K->664072K(1443840K), 0.0523295 secs] [Times: user=0.31 sys=0.00, real=0.06 secs] 
3061.678: [GC (Allocation Failure) [PSYoungGen: 473952K->109632K(509440K)] 987144K->764600K(1444352K), 0.1019800 secs] [Times: user=0.61 sys=0.00, real=0.10 secs] 
3062.770: [GC (Allocation Failure) [PSYoungGen: 432192K->156320K(479232K)] 1087160K->916817K(1414144K), 0.0531682 secs] [Times: user=0.32 sys=0.00, real=0.06 secs] 
3062.824: [Full GC (Ergonomics) [PSYoungGen: 156320K->0K(479232K)] [ParOldGen: 760497K->197616K(1150464K)] 916817K->197616K(1629696K), [Metaspace: 60090K->60090K(1105920K)], 0.4661235 secs] [Times: user=2.18 sys=0.00, real=0.46 secs] 
3065.818: [GC (Allocation Failure) [PSYoungGen: 322560K->107296K(509952K)] 520176K->304912K(1660416K), 0.0954695 secs] [Times: user=0.57 sys=0.00, real=0.10 secs] 
3066.230: [GC (Allocation Failure) [PSYoungGen: 413996K->145376K(506880K)] 611612K->446741K(1657344K), 0.0503248 secs] [Times: user=0.30 sys=0.01, real=0.05 secs] 
3068.656: [GC (Allocation Failure) [PSYoungGen: 463328K->104224K(507904K)] 764693K->541965K(1658368K), 0.1638334 secs] [Times: user=0.97 sys=0.01, real=0.16 secs] 
3070.602: [GC (Allocation Failure) [PSYoungGen: 424224K->155776K(476160K)] 861965K->694302K(1626624K), 0.1037122 secs] [Times: user=0.62 sys=0.00, real=0.10 secs] 
3074.261: [GC (Allocation Failure) [PSYoungGen: 475776K->92608K(506368K)] 1014302K->786926K(1656832K), 0.1638083 secs] [Times: user=0.98 sys=0.00, real=0.17 secs] 
3074.714: [GC (Allocation Failure) [PSYoungGen: 405952K->152640K(466432K)] 1100270K->935761K(1616896K), 0.0540799 secs] [Times: user=0.32 sys=0.00, real=0.05 secs] 
3077.645: [GC (Allocation Failure) [PSYoungGen: 465984K->91360K(503296K)] 1249105K->1027081K(1653760K), 0.1626550 secs] [Times: user=0.94 sys=0.04, real=0.16 secs] 
3078.081: [GC (Allocation Failure) [PSYoungGen: 398560K->149632K(457216K)] 1334281K->1173102K(1607680K), 0.0578281 secs] [Times: user=0.31 sys=0.03, real=0.06 secs] 
3078.139: [Full GC (Ergonomics) [PSYoungGen: 149632K->0K(457216K)] [ParOldGen: 1023470K->209234K(1203200K)] 1173102K->209234K(1660416K), [Metaspace: 60104K->60104K(1105920K)], 0.4577788 secs] [Times: user=2.11 sys=0.00, real=0.46 secs] 
3082.278: [GC (Allocation Failure) [PSYoungGen: 307200K->86528K(501248K)] 516434K->295762K(1704448K), 0.1620926 secs] [Times: user=0.96 sys=0.00, real=0.16 secs] 
3082.738: [GC (Allocation Failure) [PSYoungGen: 383477K->145280K(449024K)] 592711K->437759K(1652224K), 0.0468656 secs] [Times: user=0.28 sys=0.00, real=0.05 secs] 
3084.880: [GC (Allocation Failure) [PSYoungGen: 448896K->97088K(503296K)] 741375K->526799K(1706496K), 0.1579040 secs] [Times: user=0.93 sys=0.01, real=0.16 secs] 
3085.586: [GC (Allocation Failure) [PSYoungGen: 401728K->148160K(500224K)] 831439K->671128K(1703424K), 0.0478453 secs] [Times: user=0.28 sys=0.00, real=0.05 secs] 
3088.137: [GC (Allocation Failure) [PSYoungGen: 452800K->95776K(500736K)] 975768K->758672K(1703936K), 0.1610391 secs] [Times: user=0.96 sys=0.00, real=0.16 secs] 
3088.973: [GC (Allocation Failure) [PSYoungGen: 400928K->143904K(500736K)] 1063824K->900085K(1703936K), 0.0488433 secs] [Times: user=0.29 sys=0.00, real=0.05 secs] 
3090.569: [GC (Allocation Failure) [PSYoungGen: 449056K->103616K(496128K)] 1205237K->994897K(1699328K), 0.1028679 secs] [Times: user=0.61 sys=0.00, real=0.11 secs] 
3091.710: [GC (Allocation Failure) [PSYoungGen: 410304K->145280K(499200K)] 1301585K->1137470K(1702400K), 0.0519776 secs] [Times: user=0.31 sys=0.00, real=0.06 secs] 
3093.701: [GC (Allocation Failure) [PSYoungGen: 451968K->98432K(503296K)] 1444158K->1226874K(1706496K), 0.1558984 secs] [Times: user=0.86 sys=0.07, real=0.15 secs] 
3093.857: [Full GC (Ergonomics) [PSYoungGen: 98432K->0K(503296K)] [ParOldGen: 1128442K->33022K(1060864K)] 1226874K->33022K(1564160K), [Metaspace: 60117K->60117K(1105920K)], 0.0846958 secs] [Times: user=0.28 sys=0.01, real=0.09 secs] 
3095.782: [GC (Allocation Failure) [PSYoungGen: 311808K->148640K(503808K)] 344830K->181662K(1564672K), 0.0292791 secs] [Times: user=0.17 sys=0.00, real=0.03 secs] 
3097.338: [GC (Allocation Failure) [PSYoungGen: 460448K->102496K(503296K)] 493470K->275266K(1564160K), 0.0981965 secs] [Times: user=0.58 sys=0.01, real=0.10 secs] 
3099.100: [GC (Allocation Failure) [PSYoungGen: 414816K->146944K(503808K)] 587586K->418926K(1564672K), 0.0508424 secs] [Times: user=0.30 sys=0.00, real=0.05 secs] 
3101.550: [GC (GCLocker Initiated GC) [PSYoungGen: 459264K->106304K(502272K)] 731246K->516394K(1563136K), 0.0888440 secs] [Times: user=0.53 sys=0.01, real=0.09 secs] 
3102.791: [GC (Allocation Failure) [PSYoungGen: 420160K->155328K(503808K)] 830285K->668694K(1564672K), 0.0525625 secs] [Times: user=0.31 sys=0.00, real=0.05 secs] 
3104.796: [GC (Allocation Failure) [PSYoungGen: 469184K->104544K(505856K)] 982550K->755486K(1566720K), 0.1634605 secs] [Times: user=0.98 sys=0.01, real=0.16 secs] 
3105.965: [GC (Allocation Failure) [PSYoungGen: 416352K->147840K(503808K)] 1067294K->900191K(1564672K), 0.0517995 secs] [Times: user=0.30 sys=0.00, real=0.05 secs] 
3107.872: [GC (Allocation Failure) [PSYoungGen: 459648K->102688K(503808K)] 1211999K->993847K(1564672K), 0.1440272 secs] [Times: user=0.86 sys=0.00, real=0.14 secs] 
3108.017: [Full GC (Ergonomics) [PSYoungGen: 102688K->0K(503808K)] [ParOldGen: 891159K->35960K(1106944K)] 993847K->35960K(1610752K), [Metaspace: 60136K->60136K(1105920K)], 0.0953137 secs] [Times: user=0.37 sys=0.00, real=0.10 secs] 
3110.057: [GC (Allocation Failure) [PSYoungGen: 312832K->143840K(504320K)] 348792K->179800K(1611264K), 0.0285515 secs] [Times: user=0.17 sys=0.00, real=0.03 secs] 
3111.652: [GC (Allocation Failure) [PSYoungGen: 456672K->107328K(500736K)] 492632K->276992K(1607680K), 0.1229397 secs] [Times: user=0.73 sys=0.00, real=0.12 secs] 
3113.007: [GC (Allocation Failure) [PSYoungGen: 422720K->148512K(503808K)] 592384K->423345K(1610752K), 0.0522407 secs] [Times: user=0.31 sys=0.00, real=0.05 secs] 
3115.324: [GC (GCLocker Initiated GC) [PSYoungGen: 463904K->101632K(508416K)] 738737K->516121K(1615360K), 0.1585925 secs] [Times: user=0.94 sys=0.00, real=0.16 secs] 
3116.822: [GC (Allocation Failure) [PSYoungGen: 420608K->149184K(468480K)] 835145K->662326K(1575424K), 0.0511322 secs] [Times: user=0.29 sys=0.01, real=0.05 secs] 
3118.363: [GC (Allocation Failure) [PSYoungGen: 468160K->109696K(510464K)] 981302K->762014K(1617408K), 0.1298842 secs] [Times: user=0.78 sys=0.00, real=0.13 secs] 
3119.197: [GC (Allocation Failure) [PSYoungGen: 428160K->153760K(472576K)] 1080478K->912015K(1579520K), 0.0535936 secs] [Times: user=0.32 sys=0.00, real=0.05 secs] 
3121.692: [GC (Allocation Failure) [PSYoungGen: 472224K->103488K(508416K)] 1230479K->1006703K(1615360K), 0.1371365 secs] [Times: user=0.81 sys=0.00, real=0.13 secs] 
3122.283: [GC (Allocation Failure) [PSYoungGen: 419392K->154240K(470528K)] 1322607K->1157288K(1577472K), 0.0514002 secs] [Times: user=0.30 sys=0.00, real=0.05 secs] 
3122.335: [Full GC (Ergonomics) [PSYoungGen: 154240K->0K(470528K)] [ParOldGen: 1003048K->199862K(1310720K)] 1157288K->199862K(1781248K), [Metaspace: 60151K->60151K(1105920K)], 0.4763698 secs] [Times: user=2.22 sys=0.00, real=0.48 secs] 
3124.882: [GC (Allocation Failure) [PSYoungGen: 315904K->104224K(506880K)] 515766K->304086K(1817600K), 0.0949413 secs] [Times: user=0.56 sys=0.00, real=0.09 secs] 
3125.767: [GC (Allocation Failure) [PSYoungGen: 416544K->148064K(504320K)] 616406K->447922K(1815040K), 0.0494127 secs] [Times: user=0.29 sys=0.01, real=0.05 secs] 
3128.107: [GC (Allocation Failure) [PSYoungGen: 460384K->101984K(504320K)] 760242K->540818K(1815040K), 0.0763159 secs] [Times: user=0.45 sys=0.01, real=0.08 secs] 
3128.570: [GC (Allocation Failure) [PSYoungGen: 410950K->148864K(504832K)] 849784K->685694K(1815552K), 0.0495748 secs] [Times: user=0.29 sys=0.00, real=0.05 secs] 
3130.626: [GC (Allocation Failure) [PSYoungGen: 462208K->100672K(505344K)] 999038K->778070K(1816064K), 0.1057159 secs] [Times: user=0.63 sys=0.00, real=0.11 secs] 
3131.666: [GC (Allocation Failure) [PSYoungGen: 414528K->149760K(463872K)] 1091926K->924444K(1774592K), 0.1271533 secs] [Times: user=0.73 sys=0.01, real=0.13 secs] 
3134.261: [GC (Allocation Failure) [PSYoungGen: 463616K->99360K(506368K)] 1238300K->1015356K(1817088K), 0.1346192 secs] [Times: user=0.80 sys=0.00, real=0.14 secs] 
3135.247: [GC (Allocation Failure) [PSYoungGen: 411680K->151040K(463872K)] 1327676K->1163009K(1774592K), 0.0988524 secs] [Times: user=0.59 sys=0.00, real=0.10 secs] 
3138.397: [GC (Allocation Failure) [PSYoungGen: 463360K->98016K(505344K)] 1475329K->1252917K(1816064K), 0.1718969 secs] [Times: user=0.96 sys=0.05, real=0.17 secs] 
3138.569: [Full GC (Ergonomics) [PSYoungGen: 98016K->0K(505344K)] [ParOldGen: 1154901K->51307K(1203200K)] 1252917K->51307K(1708544K), [Metaspace: 60153K->60153K(1105920K)], 0.1407117 secs] [Times: user=0.61 sys=0.00, real=0.14 secs] 
3139.177: [GC (GCLocker Initiated GC) [PSYoungGen: 310272K->150848K(461312K)] 361580K->202156K(1664512K), 0.0297720 secs] [Times: user=0.18 sys=0.00, real=0.03 secs] 
3141.506: [GC (Allocation Failure) [PSYoungGen: 461120K->96672K(504320K)] 512429K->290613K(1707520K), 0.1291724 secs] [Times: user=0.77 sys=0.00, real=0.13 secs] 
3142.476: [GC (Allocation Failure) [PSYoungGen: 404384K->148608K(502272K)] 598325K->435550K(1705472K), 0.0477257 secs] [Times: user=0.28 sys=0.00, real=0.05 secs] 
3144.666: [GC (Allocation Failure) [PSYoungGen: 456320K->100192K(501248K)] 743262K->527270K(1704448K), 0.1380166 secs] [Times: user=0.82 sys=0.00, real=0.14 secs] 
3145.439: [GC (Allocation Failure) [PSYoungGen: 407904K->148576K(501760K)] 834982K->671295K(1704960K), 0.0495430 secs] [Times: user=0.30 sys=0.00, real=0.05 secs] 
3147.112: [GC (Allocation Failure) [PSYoungGen: 456288K->101888K(501760K)] 979007K->764167K(1704960K), 0.1041622 secs] [Times: user=0.61 sys=0.00, real=0.10 secs] 
3147.843: [GC (Allocation Failure) [PSYoungGen: 410624K->149184K(502272K)] 1072903K->909788K(1705472K), 0.0513319 secs] [Times: user=0.30 sys=0.00, real=0.05 secs] 
3151.139: [GC (Allocation Failure) [PSYoungGen: 457920K->98656K(502784K)] 1218524K->999728K(1705984K), 0.1602333 secs] [Times: user=0.96 sys=0.00, real=0.16 secs] 
3152.745: [GC (Allocation Failure) [PSYoungGen: 407904K->146560K(502784K)] 1308976K->1142973K(1705984K), 0.0501319 secs] [Times: user=0.29 sys=0.00, real=0.05 secs] 
3154.618: [GC (Allocation Failure) [PSYoungGen: 455808K->101440K(501760K)] 1452221K->1235565K(1704960K), 0.1558816 secs] [Times: user=0.93 sys=0.00, real=0.16 secs] 
3154.774: [Full GC (Ergonomics) [PSYoungGen: 101440K->0K(501760K)] [ParOldGen: 1134125K->39186K(1233920K)] 1235565K->39186K(1735680K), [Metaspace: 60154K->60154K(1105920K)], 0.1031639 secs] [Times: user=0.41 sys=0.00, real=0.10 secs] 
3156.190: [GC (Allocation Failure) [PSYoungGen: 310272K->143744K(502784K)] 349458K->182930K(1736704K), 0.0284344 secs] [Times: user=0.17 sys=0.00, real=0.03 secs] 
3158.548: [GC (Allocation Failure) [PSYoungGen: 454016K->104192K(500736K)] 493202K->277554K(1734656K), 0.1653112 secs] [Times: user=0.98 sys=0.00, real=0.17 secs] 
3160.475: [GC (Allocation Failure) [PSYoungGen: 417536K->146400K(503296K)] 590898K->421199K(1737216K), 0.0510582 secs] [Times: user=0.31 sys=0.00, real=0.05 secs] 
3162.034: [GC (Allocation Failure) [PSYoungGen: 459744K->105376K(504832K)] 734543K->517775K(1738752K), 0.1170119 secs] [Times: user=0.69 sys=0.00, real=0.11 secs] 
3162.920: [GC (Allocation Failure) [PSYoungGen: 422304K->150272K(505856K)] 834703K->664607K(1739776K), 0.0516177 secs] [Times: user=0.31 sys=0.00, real=0.06 secs] 
3165.227: [GC (Allocation Failure) [PSYoungGen: 467200K->106016K(506880K)] 981535K->761583K(1740800K), 0.1465646 secs] [Times: user=0.88 sys=0.01, real=0.15 secs] 
3166.338: [GC (Allocation Failure) [PSYoungGen: 423968K->150432K(506880K)] 1079535K->908632K(1740800K), 0.0525036 secs] [Times: user=0.31 sys=0.00, real=0.05 secs] 
3168.536: [GC (Allocation Failure) [PSYoungGen: 468384K->104992K(507392K)] 1226584K->1004892K(1741312K), 0.1260802 secs] [Times: user=0.75 sys=0.00, real=0.13 secs] 
3169.757: [GC (Allocation Failure) [PSYoungGen: 422432K->152768K(470528K)] 1322332K->1153361K(1704448K), 0.0523789 secs] [Times: user=0.31 sys=0.00, real=0.05 secs] 
3172.847: [GC (Allocation Failure) [PSYoungGen: 470208K->100384K(507392K)] 1470801K->1244649K(1741312K), 0.1737530 secs] [Times: user=1.01 sys=0.00, real=0.17 secs] 
3173.020: [Full GC (Ergonomics) [PSYoungGen: 100384K->0K(507392K)] [ParOldGen: 1144265K->48909K(1283584K)] 1244649K->48909K(1790976K), [Metaspace: 60161K->60161K(1105920K)], 0.1236768 secs] [Times: user=0.42 sys=0.00, real=0.13 secs] 
3173.680: [GC (Allocation Failure) [PSYoungGen: 313856K->149984K(463872K)] 362765K->198893K(1747456K), 0.0297550 secs] [Times: user=0.18 sys=0.00, real=0.03 secs] 
3176.004: [GC (Allocation Failure) [PSYoungGen: 463840K->103552K(507392K)] 512749K->293637K(1790976K), 0.1601703 secs] [Times: user=0.96 sys=0.00, real=0.16 secs] 
3176.971: [GC (Allocation Failure) [PSYoungGen: 416896K->149568K(504832K)] 606981K->438871K(1788416K), 0.0500310 secs] [Times: user=0.30 sys=0.00, real=0.05 secs] 
3179.209: [GC (Allocation Failure) [PSYoungGen: 462912K->103264K(504832K)] 752215K->533131K(1788416K), 0.1579921 secs] [Times: user=0.94 sys=0.01, real=0.16 secs] 
3180.285: [GC (Allocation Failure) [PSYoungGen: 416608K->149568K(504832K)] 846475K->678471K(1788416K), 0.0498342 secs] [Times: user=0.29 sys=0.00, real=0.05 secs] 
3182.514: [GC (Allocation Failure) [PSYoungGen: 462912K->100640K(505344K)] 991815K->770100K(1788928K), 0.1669876 secs] [Times: user=0.99 sys=0.00, real=0.16 secs] 
3183.391: [GC (Allocation Failure) [PSYoungGen: 413472K->149856K(462848K)] 1082932K->915776K(1746432K), 0.0500049 secs] [Times: user=0.30 sys=0.00, real=0.05 secs] 
3185.966: [GC (Allocation Failure) [PSYoungGen: 462688K->105600K(507392K)] 1228608K->1012280K(1790976K), 0.1704286 secs] [Times: user=1.02 sys=0.00, real=0.17 secs] 
3186.721: [GC (Allocation Failure) [PSYoungGen: 418432K->150688K(504320K)] 1325112K->1159117K(1787904K), 0.0523201 secs] [Times: user=0.31 sys=0.00, real=0.06 secs] 
3189.555: [GC (GCLocker Initiated GC) [PSYoungGen: 463520K->99072K(505344K)] 1471950K->1249962K(1788928K), 0.1355086 secs] [Times: user=0.80 sys=0.00, real=0.13 secs] 
3189.691: [Full GC (Ergonomics) [PSYoungGen: 99072K->0K(505344K)] [ParOldGen: 1150890K->49212K(1321472K)] 1249962K->49212K(1826816K), [Metaspace: 60168K->60168K(1105920K)], 0.1740800 secs] [Times: user=0.79 sys=0.00, real=0.18 secs] 
3190.669: [GC (Allocation Failure) [PSYoungGen: 311808K->152480K(464384K)] 361055K->201727K(1785856K), 0.0303214 secs] [Times: user=0.18 sys=0.00, real=0.03 secs] 
3192.802: [GC (Allocation Failure) [PSYoungGen: 464288K->97216K(504320K)] 513535K->290411K(1825792K), 0.1724664 secs] [Times: user=1.03 sys=0.00, real=0.17 secs] 
3194.373: [GC (Allocation Failure) [PSYoungGen: 405440K->148608K(502784K)] 598635K->434994K(1824256K), 0.0480378 secs] [Times: user=0.28 sys=0.00, real=0.04 secs] 
3196.846: [GC (Allocation Failure) [PSYoungGen: 456832K->99712K(501760K)] 743218K->526251K(1823232K), 0.1584699 secs] [Times: user=0.95 sys=0.00, real=0.16 secs] 
3198.163: [GC (Allocation Failure) [PSYoungGen: 407936K->150208K(502272K)] 834475K->670651K(1823744K), 0.0490897 secs] [Times: user=0.29 sys=0.00, real=0.05 secs] 
3200.443: [GC (Allocation Failure) [PSYoungGen: 458432K->100832K(502272K)] 978875K->763172K(1823744K), 0.1623873 secs] [Times: user=0.97 sys=0.00, real=0.16 secs] 
3201.330: [GC (Allocation Failure) [PSYoungGen: 409056K->147328K(502272K)] 1071396K->906448K(1823744K), 0.0496990 secs] [Times: user=0.30 sys=0.00, real=0.05 secs] 
3203.117: [GC (Allocation Failure) [PSYoungGen: 455552K->100736K(501248K)] 1214672K->998817K(1822720K), 0.1334113 secs] [Times: user=0.79 sys=0.01, real=0.13 secs] 
3204.398: [GC (Allocation Failure) [PSYoungGen: 409984K->145248K(502272K)] 1308065K->1141130K(1823744K), 0.0506274 secs] [Times: user=0.30 sys=0.00, real=0.05 secs] 
3206.083: [GC (Allocation Failure) [PSYoungGen: 454496K->103776K(500736K)] 1450378K->1235874K(1822208K), 0.0923529 secs] [Times: user=0.55 sys=0.00, real=0.09 secs] 
3206.175: [Full GC (Ergonomics) [PSYoungGen: 103776K->0K(500736K)] [ParOldGen: 1132098K->37365K(1345536K)] 1235874K->37365K(1846272K), [Metaspace: 60177K->60177K(1105920K)], 0.0721987 secs] [Times: user=0.28 sys=0.00, real=0.07 secs] 
3206.714: [GC (Allocation Failure) [PSYoungGen: 311808K->148288K(502784K)] 349173K->185653K(1848320K), 0.0292028 secs] [Times: user=0.17 sys=0.01, real=0.03 secs] 
3209.232: [GC (Allocation Failure) [PSYoungGen: 460096K->102720K(505344K)] 497461K->279501K(1850880K), 0.1445105 secs] [Times: user=0.86 sys=0.00, real=0.14 secs] 
3210.667: [GC (Allocation Failure) [PSYoungGen: 417088K->146304K(505344K)] 593869K->423242K(1850880K), 0.0507761 secs] [Times: user=0.30 sys=0.00, real=0.05 secs] 
3213.051: [GC (GCLocker Initiated GC) [PSYoungGen: 460672K->103104K(504320K)] 737610K->517002K(1849856K), 0.1447954 secs] [Times: user=0.86 sys=0.01, real=0.15 secs] 
3215.005: [GC (Allocation Failure) [PSYoungGen: 418496K->149504K(505344K)] 832397K->663349K(1850880K), 0.0515589 secs] [Times: user=0.31 sys=0.00, real=0.05 secs] 
3216.465: [GC (Allocation Failure) [PSYoungGen: 464896K->104320K(506368K)] 978741K->759182K(1851904K), 0.0849699 secs] [Times: user=0.50 sys=0.00, real=0.08 secs] 
3217.322: [GC (Allocation Failure) [PSYoungGen: 420736K->160256K(477184K)] 1075598K->915529K(1822720K), 0.0529942 secs] [Times: user=0.31 sys=0.00, real=0.05 secs] 
3219.694: [GC (Allocation Failure) [PSYoungGen: 476672K->100992K(504320K)] 1231945K->999641K(1849856K), 0.1459126 secs] [Times: user=0.87 sys=0.00, real=0.14 secs] 
3220.288: [GC (Allocation Failure) [PSYoungGen: 408704K->148768K(502272K)] 1307353K->1145394K(1847808K), 0.0510075 secs] [Times: user=0.30 sys=0.00, real=0.05 secs] 
3223.137: [GC (Allocation Failure) [PSYoungGen: 454706K->97568K(502784K)] 1451332K->1234842K(1848320K), 0.1645655 secs] [Times: user=0.98 sys=0.00, real=0.17 secs] 
3224.497: [GC (Allocation Failure) [PSYoungGen: 405792K->146048K(502784K)] 1543066K->1377735K(1848320K), 0.0537388 secs] [Times: user=0.30 sys=0.02, real=0.05 secs] 
3224.550: [Full GC (Ergonomics) [PSYoungGen: 146048K->0K(502784K)] [ParOldGen: 1231686K->182815K(1398272K)] 1377735K->182815K(1901056K), [Metaspace: 60183K->60183K(1105920K)], 0.4403030 secs] [Times: user=2.05 sys=0.00, real=0.44 secs] 
3226.802: [GC (Allocation Failure) [PSYoungGen: 308224K->100704K(500224K)] 491039K->283519K(1898496K), 0.0950593 secs] [Times: user=0.56 sys=0.01, real=0.09 secs] 
3227.857: [GC (Allocation Failure) [PSYoungGen: 409440K->145536K(501760K)] 592255K->425520K(1900032K), 0.0503027 secs] [Times: user=0.29 sys=0.00, real=0.05 secs] 
3229.740: [GC (Allocation Failure) [PSYoungGen: 454272K->102368K(501760K)] 734256K->519020K(1900032K), 0.1612360 secs] [Times: user=0.97 sys=0.00, real=0.16 secs] 
3231.758: [GC (Allocation Failure) [PSYoungGen: 414176K->144256K(503296K)] 830828K->660569K(1901568K), 0.0508584 secs] [Times: user=0.30 sys=0.00, real=0.05 secs] 
3233.188: [GC (Allocation Failure) [PSYoungGen: 456064K->106272K(501760K)] 972377K->757433K(1900032K), 0.1051857 secs] [Times: user=0.62 sys=0.00, real=0.11 secs] 
3234.238: [GC (Allocation Failure) [PSYoungGen: 421664K->147392K(504320K)] 1072825K->901893K(1902592K), 0.0528468 secs] [Times: user=0.32 sys=0.00, real=0.06 secs] 
3236.512: [GC (Allocation Failure) [PSYoungGen: 462784K->104384K(506880K)] 1217285K->996569K(1905152K), 0.1351509 secs] [Times: user=0.81 sys=0.01, real=0.13 secs] 
3237.188: [GC (Allocation Failure) [PSYoungGen: 423360K->151744K(471040K)] 1315545K->1146098K(1869312K), 0.0534390 secs] [Times: user=0.31 sys=0.01, real=0.06 secs] 
3240.048: [GC (Allocation Failure) [PSYoungGen: 470720K->105472K(509440K)] 1465074K->1242918K(1907712K), 0.1714301 secs] [Times: user=1.03 sys=0.00, real=0.17 secs] 
3241.183: [GC (Allocation Failure) [PSYoungGen: 422912K->152480K(470016K)] 1560358K->1391619K(1868288K), 0.0543995 secs] [Times: user=0.32 sys=0.01, real=0.05 secs] 
3241.238: [Full GC (Ergonomics) [PSYoungGen: 152480K->0K(470016K)] [ParOldGen: 1239139K->189863K(1398272K)] 1391619K->189863K(1868288K), [Metaspace: 60189K->60189K(1105920K)], 0.4412550 secs] [Times: user=2.04 sys=0.00, real=0.44 secs] 
3243.600: [GC (Allocation Failure) [PSYoungGen: 317440K->103040K(507904K)] 507303K->292903K(1906176K), 0.0782864 secs] [Times: user=0.46 sys=0.01, real=0.08 secs] 
3244.730: [GC (Allocation Failure) [PSYoungGen: 417920K->150688K(465920K)] 607783K->439800K(1864192K), 0.0512459 secs] [Times: user=0.28 sys=0.00, real=0.06 secs] 
3246.861: [GC (Allocation Failure) [PSYoungGen: 465568K->100128K(506880K)] 754680K->531164K(1905152K), 0.1637194 secs] [Times: user=0.97 sys=0.01, real=0.16 secs] 
3247.894: [GC (Allocation Failure) [PSYoungGen: 413472K->151872K(465408K)] 844508K->679261K(1863680K), 0.0500666 secs] [Times: user=0.30 sys=0.00, real=0.05 secs] 
3250.485: [GC (Allocation Failure) [PSYoungGen: 465216K->98400K(505344K)] 992605K->768893K(1903616K), 0.1625343 secs] [Times: user=0.96 sys=0.01, real=0.16 secs] 
3251.436: [GC (Allocation Failure) [PSYoungGen: 408672K->150400K(460800K)] 1079165K->915710K(1859072K), 0.0498291 secs] [Times: user=0.30 sys=0.00, real=0.05 secs] 
3253.629: [GC (Allocation Failure) [PSYoungGen: 460672K->101152K(505344K)] 1225982K->1008406K(1903616K), 0.1589376 secs] [Times: user=0.94 sys=0.01, real=0.16 secs] 
3254.607: [GC (Allocation Failure) [PSYoungGen: 410400K->156928K(466432K)] 1317654K->1161155K(1864704K), 0.0513038 secs] [Times: user=0.31 sys=0.00, real=0.05 secs] 
3257.376: [GC (Allocation Failure) [PSYoungGen: 466176K->100192K(502784K)] 1470403K->1244771K(1901056K), 0.1658410 secs] [Times: user=0.98 sys=0.01, real=0.17 secs] 
3258.562: [GC (Allocation Failure) [PSYoungGen: 404320K->147232K(500224K)] 1548899K->1387732K(1898496K), 0.0504148 secs] [Times: user=0.30 sys=0.00, real=0.05 secs] 
3258.613: [Full GC (Ergonomics) [PSYoungGen: 147232K->0K(500224K)] [ParOldGen: 1240500K->184889K(1398272K)] 1387732K->184889K(1898496K), [Metaspace: 60209K->60209K(1105920K)], 0.4444138 secs] [Times: user=2.07 sys=0.00, real=0.44 secs] 
3260.843: [GC (Allocation Failure) [PSYoungGen: 304128K->98304K(500224K)] 489017K->283193K(1898496K), 0.1022646 secs] [Times: user=0.60 sys=0.00, real=0.10 secs] 
3262.415: [GC (Allocation Failure) [PSYoungGen: 403456K->145696K(500736K)] 588345K->425614K(1899008K), 0.0497062 secs] [Times: user=0.29 sys=0.00, real=0.05 secs] 
3264.020: [GC (Allocation Failure) [PSYoungGen: 450848K->100320K(498688K)] 730766K->517114K(1896960K), 0.1627395 secs] [Times: user=0.95 sys=0.01, real=0.17 secs] 
3265.743: [GC (Allocation Failure) [PSYoungGen: 407520K->143904K(500736K)] 824314K->658074K(1899008K), 0.0508603 secs] [Times: user=0.31 sys=0.00, real=0.05 secs] 
3267.592: [GC (Allocation Failure) [PSYoungGen: 451104K->105504K(499712K)] 965274K->754266K(1897984K), 0.0880552 secs] [Times: user=0.52 sys=0.00, real=0.08 secs] 
3269.618: [GC (Allocation Failure) [PSYoungGen: 416800K->143168K(502272K)] 1065562K->894699K(1900544K), 0.0526583 secs] [Times: user=0.31 sys=0.00, real=0.05 secs] 
3271.054: [GC (Allocation Failure) [PSYoungGen: 454464K->107776K(501248K)] 1205995K->992527K(1899520K), 0.0867198 secs] [Times: user=0.51 sys=0.01, real=0.08 secs] 
3273.448: [GC (Allocation Failure) [PSYoungGen: 424192K->145120K(504320K)] 1308943K->1135092K(1902592K), 0.0532949 secs] [Times: user=0.32 sys=0.01, real=0.06 secs] 
3275.110: [GC (Allocation Failure) [PSYoungGen: 461536K->108192K(505344K)] 1451508K->1233372K(1903616K), 0.1197436 secs] [Times: user=0.71 sys=0.00, real=0.12 secs] 
3276.775: [GC (Allocation Failure) [PSYoungGen: 429728K->150720K(507392K)] 1554908K->1381201K(1905664K), 0.0539575 secs] [Times: user=0.32 sys=0.00, real=0.05 secs] 
3276.829: [Full GC (Ergonomics) [PSYoungGen: 150720K->0K(507392K)] [ParOldGen: 1230481K->179249K(1398272K)] 1381201K->179249K(1905664K), [Metaspace: 60209K->60209K(1105920K)], 0.4242332 secs] [Times: user=1.97 sys=0.00, real=0.43 secs] 
3278.701: [GC (Allocation Failure) [PSYoungGen: 321536K->111360K(509440K)] 500785K->290609K(1907712K), 0.0668730 secs] [Times: user=0.39 sys=0.00, real=0.07 secs] 
3280.011: [GC (Allocation Failure) [PSYoungGen: 434944K->153536K(477184K)] 614193K->438302K(1875456K), 0.0539338 secs] [Times: user=0.32 sys=0.00, real=0.06 secs] 
3282.229: [GC (Allocation Failure) [PSYoungGen: 477120K->108288K(511488K)] 761886K->537482K(1909760K), 0.1498724 secs] [Times: user=0.90 sys=0.00, real=0.15 secs] 
3282.895: [GC (Allocation Failure) [PSYoungGen: 416925K->149728K(508416K)] 846120K->683079K(1906688K), 0.0521103 secs] [Times: user=0.31 sys=0.01, real=0.05 secs] 
3285.607: [GC (Allocation Failure) [PSYoungGen: 470752K->102848K(509440K)] 1004103K->777387K(1907712K), 0.1431257 secs] [Times: user=0.84 sys=0.00, real=0.14 secs] 
3286.383: [GC (Allocation Failure) [PSYoungGen: 407917K->147712K(508416K)] 1082456K->921804K(1906688K), 0.0506055 secs] [Times: user=0.30 sys=0.00, real=0.05 secs] 
3289.867: [GC (Allocation Failure) [PSYoungGen: 467712K->100512K(508928K)] 1241804K->1014204K(1907200K), 0.1486989 secs] [Times: user=0.88 sys=0.01, real=0.15 secs] 
3291.179: [GC (Allocation Failure) [PSYoungGen: 419297K->151584K(471552K)] 1332989K->1160981K(1869824K), 0.0504233 secs] [Times: user=0.29 sys=0.01, real=0.05 secs] 
3292.493: [GC (Allocation Failure) [PSYoungGen: 471072K->109568K(509952K)] 1480469K->1261721K(1908224K), 0.1122119 secs] [Times: user=0.67 sys=0.00, real=0.11 secs] 
3292.869: [GC (Allocation Failure) [PSYoungGen: 427520K->152704K(471040K)] 1579673K->1411094K(1869312K), 0.0542537 secs] [Times: user=0.31 sys=0.01, real=0.06 secs] 
3292.923: [Full GC (Ergonomics) [PSYoungGen: 152704K->0K(471040K)] [ParOldGen: 1258390K->208687K(1398272K)] 1411094K->208687K(1869312K), [Metaspace: 60212K->60212K(1105920K)], 0.4804595 secs] [Times: user=2.22 sys=0.00, real=0.48 secs] 
3296.693: [GC (Allocation Failure) [PSYoungGen: 317952K->93312K(506880K)] 526639K->301999K(1905152K), 0.1398402 secs] [Times: user=0.83 sys=0.01, real=0.14 secs] 
3297.141: [GC (Allocation Failure) [PSYoungGen: 407680K->152800K(467456K)] 616367K->450912K(1865728K), 0.0534394 secs] [Times: user=0.32 sys=0.01, real=0.06 secs] 
3300.050: [GC (Allocation Failure) [PSYoungGen: 467168K->89536K(503296K)] 765280K->540588K(1901568K), 0.1461665 secs] [Times: user=0.88 sys=0.00, real=0.15 secs] 
3300.468: [GC (Allocation Failure) [PSYoungGen: 397248K->149856K(457728K)] 848300K->686753K(1856000K), 0.0537748 secs] [Times: user=0.32 sys=0.00, real=0.06 secs] 
3303.651: [GC (Allocation Failure) [PSYoungGen: 457568K->89920K(501760K)] 994465K->776681K(1900032K), 0.1538462 secs] [Times: user=0.91 sys=0.00, real=0.15 secs] 
3304.290: [GC (Allocation Failure) [PSYoungGen: 378127K->141056K(444928K)] 1064889K->914304K(1843200K), 0.0490468 secs] [Times: user=0.29 sys=0.00, real=0.05 secs] 
3306.391: [GC (Allocation Failure) [PSYoungGen: 444672K->96448K(501760K)] 1217920K->1002664K(1900032K), 0.1346234 secs] [Times: user=0.74 sys=0.01, real=0.14 secs] 
3307.316: [GC (Allocation Failure) [PSYoungGen: 402112K->148288K(499712K)] 1308328K->1146925K(1897984K), 0.0489985 secs] [Times: user=0.29 sys=0.00, real=0.05 secs] 
3309.292: [GC (Allocation Failure) [PSYoungGen: 453952K->99840K(501248K)] 1452589K->1237765K(1899520K), 0.1372357 secs] [Times: user=0.81 sys=0.00, real=0.13 secs] 
3310.063: [GC (Allocation Failure) [PSYoungGen: 408064K->148928K(501760K)] 1545989K->1383302K(1900032K), 0.0511041 secs] [Times: user=0.30 sys=0.00, real=0.05 secs] 
3310.114: [Full GC (Ergonomics) [PSYoungGen: 148928K->0K(501760K)] [ParOldGen: 1234374K->188676K(1398272K)] 1383302K->188676K(1900032K), [Metaspace: 60219K->60219K(1105920K)], 0.4571096 secs] [Times: user=2.14 sys=0.00, real=0.46 secs] 
3313.539: [GC (GCLocker Initiated GC) [PSYoungGen: 308224K->96512K(502784K)] 496900K->285188K(1901056K), 0.0773603 secs] [Times: user=0.45 sys=0.01, real=0.08 secs] 
3314.204: [GC (Allocation Failure) [PSYoungGen: 404736K->154464K(462848K)] 593447K->437148K(1861120K), 0.0496408 secs] [Times: user=0.29 sys=0.00, real=0.05 secs] 
3316.306: [GC (Allocation Failure) [PSYoungGen: 462688K->103968K(503808K)] 745372K->523996K(1902080K), 0.1698945 secs] [Times: user=1.02 sys=0.00, real=0.17 secs] 
3317.101: [GC (Allocation Failure) [PSYoungGen: 408608K->143328K(499712K)] 828636K->665553K(1897984K), 0.0587496 secs] [Times: user=0.35 sys=0.00, real=0.06 secs] 
3320.008: [GC (Allocation Failure) [PSYoungGen: 447968K->98848K(501248K)] 970193K->755849K(1899520K), 0.1462578 secs] [Times: user=0.86 sys=0.01, real=0.15 secs] 
3322.358: [GC (Allocation Failure) [PSYoungGen: 406048K->140960K(500224K)] 1063049K->893738K(1898496K), 0.0498243 secs] [Times: user=0.30 sys=0.00, real=0.05 secs] 
3323.698: [GC (Allocation Failure) [PSYoungGen: 448160K->105248K(501248K)] 1200938K->989706K(1899520K), 0.0781826 secs] [Times: user=0.46 sys=0.00, real=0.08 secs] 
3324.541: [GC (Allocation Failure) [PSYoungGen: 418592K->145728K(502784K)] 1303050K->1133831K(1901056K), 0.0530468 secs] [Times: user=0.31 sys=0.01, real=0.06 secs] 
3327.853: [GC (Allocation Failure) [PSYoungGen: 459072K->102880K(505856K)] 1447175K->1228035K(1904128K), 0.0689458 secs] [Times: user=0.42 sys=0.00, real=0.07 secs] 
3328.502: [GC (Allocation Failure) [PSYoungGen: 421344K->147456K(506880K)] 1546499K->1374617K(1905152K), 0.0766544 secs] [Times: user=0.45 sys=0.00, real=0.07 secs] 
3328.579: [Full GC (Ergonomics) [PSYoungGen: 147456K->0K(506880K)] [ParOldGen: 1227161K->172587K(1398272K)] 1374617K->172587K(1905152K), [Metaspace: 60224K->60224K(1105920K)], 0.4225927 secs] [Times: user=1.97 sys=0.00, real=0.43 secs] 
3332.020: [GC (Allocation Failure) [PSYoungGen: 318464K->103744K(506880K)] 491051K->276331K(1905152K), 0.0565763 secs] [Times: user=0.34 sys=0.00, real=0.06 secs] 
3332.942: [GC (Allocation Failure) [PSYoungGen: 423232K->148160K(507392K)] 595819K->422744K(1905664K), 0.0522876 secs] [Times: user=0.31 sys=0.00, real=0.05 secs] 
3335.439: [GC (Allocation Failure) [PSYoungGen: 467648K->108064K(506880K)] 742232K->521672K(1905152K), 0.0783513 secs] [Times: user=0.46 sys=0.00, real=0.08 secs] 
3336.518: [GC (Allocation Failure) [PSYoungGen: 428064K->150528K(507392K)] 841672K->670381K(1905664K), 0.1016671 secs] [Times: user=0.60 sys=0.00, real=0.10 secs] 
3339.146: [GC (Allocation Failure) [PSYoungGen: 470528K->105216K(508416K)] 990381K->767253K(1906688K), 0.0778606 secs] [Times: user=0.46 sys=0.00, real=0.08 secs] 
3340.015: [GC (Allocation Failure) [PSYoungGen: 425216K->154208K(474624K)] 1087253K->918097K(1872896K), 0.0529561 secs] [Times: user=0.31 sys=0.00, real=0.05 secs] 
3342.096: [GC (Allocation Failure) [PSYoungGen: 474208K->105312K(508928K)] 1238097K->1014425K(1907200K), 0.0668286 secs] [Times: user=0.39 sys=0.00, real=0.07 secs] 
3342.811: [GC (Allocation Failure) [PSYoungGen: 417571K->149696K(505856K)] 1326685K->1161062K(1904128K), 0.0739223 secs] [Times: user=0.44 sys=0.00, real=0.08 secs] 
3345.746: [GC (Allocation Failure) [PSYoungGen: 465600K->101792K(506880K)] 1476966K->1254350K(1905152K), 0.1364572 secs] [Times: user=0.81 sys=0.00, real=0.14 secs] 
3346.309: [GC (Allocation Failure) [PSYoungGen: 412910K->148480K(506368K)] 1565468K->1400139K(1904640K), 0.0514628 secs] [Times: user=0.30 sys=0.00, real=0.05 secs] 
3346.360: [Full GC (Ergonomics) [PSYoungGen: 148480K->0K(506368K)] [ParOldGen: 1251659K->197266K(1398272K)] 1400139K->197266K(1904640K), [Metaspace: 60231K->60231K(1105920K)], 0.4697966 secs] [Times: user=2.17 sys=0.00, real=0.47 secs] 
3349.537: [GC (Allocation Failure) [PSYoungGen: 315904K->101824K(506368K)] 513170K->299090K(1904640K), 0.0668142 secs] [Times: user=0.40 sys=0.00, real=0.07 secs] 
3350.030: [GC (Allocation Failure) [PSYoungGen: 405637K->148320K(506368K)] 602904K->443967K(1904640K), 0.0510590 secs] [Times: user=0.30 sys=0.00, real=0.06 secs] 
3353.364: [GC (Allocation Failure) [PSYoungGen: 464224K->98240K(506880K)] 759871K->534119K(1905152K), 0.1475703 secs] [Times: user=0.88 sys=0.00, real=0.15 secs] 
3354.182: [GC (Allocation Failure) [PSYoungGen: 413632K->169152K(484864K)] 849511K->699272K(1883136K), 0.0489058 secs] [Times: user=0.29 sys=0.00, real=0.04 secs] 
3356.872: [GC (Allocation Failure) [PSYoungGen: 484544K->101248K(500224K)] 1014664K->775504K(1898496K), 0.1436405 secs] [Times: user=0.86 sys=0.00, real=0.14 secs] 
3357.364: [GC (Allocation Failure) [PSYoungGen: 400256K->144960K(444416K)] 1074512K->917052K(1842688K), 0.0493425 secs] [Times: user=0.30 sys=0.00, real=0.05 secs] 
3359.652: [GC (Allocation Failure) [PSYoungGen: 443968K->96288K(498688K)] 1216060K->1004844K(1896960K), 0.1570318 secs] [Times: user=0.93 sys=0.00, real=0.15 secs] 
3360.773: [GC (Allocation Failure) [PSYoungGen: 396832K->144000K(497152K)] 1305388K->1144365K(1895424K), 0.0495043 secs] [Times: user=0.29 sys=0.00, real=0.05 secs] 
3362.506: [GC (Allocation Failure) [PSYoungGen: 444544K->97024K(499712K)] 1444909K->1232573K(1897984K), 0.1568982 secs] [Times: user=0.93 sys=0.00, real=0.16 secs] 
3363.747: [GC (Allocation Failure) [PSYoungGen: 402688K->144256K(500224K)] 1538237K->1374306K(1898496K), 0.0511719 secs] [Times: user=0.30 sys=0.00, real=0.05 secs] 
3363.799: [Full GC (Ergonomics) [PSYoungGen: 144256K->0K(500224K)] [ParOldGen: 1230050K->172536K(1398272K)] 1374306K->172536K(1898496K), [Metaspace: 60232K->60232K(1105920K)], 0.3814740 secs] [Times: user=1.74 sys=0.00, real=0.38 secs] 
3365.852: [GC (Allocation Failure) [PSYoungGen: 305664K->100384K(499712K)] 478200K->272920K(1897984K), 0.0974597 secs] [Times: user=0.58 sys=0.00, real=0.09 secs] 
3368.530: [GC (Allocation Failure) [PSYoungGen: 409632K->141600K(501760K)] 582168K->412241K(1900032K), 0.0513957 secs] [Times: user=0.31 sys=0.00, real=0.05 secs] 
3369.794: [GC (Allocation Failure) [PSYoungGen: 450848K->106848K(499200K)] 721489K->509429K(1897472K), 0.0653219 secs] [Times: user=0.39 sys=0.00, real=0.06 secs] 
3370.994: [GC (Allocation Failure) [PSYoungGen: 420704K->146272K(502784K)] 823285K->653409K(1901056K), 0.0524154 secs] [Times: user=0.31 sys=0.00, real=0.05 secs] 
3372.645: [GC (Allocation Failure) [PSYoungGen: 460128K->105536K(505856K)] 967265K->749969K(1904128K), 0.1490365 secs] [Times: user=0.89 sys=0.00, real=0.15 secs] 
3374.267: [GC (Allocation Failure) [PSYoungGen: 424512K->149632K(506880K)] 1068945K->897006K(1905152K), 0.0528118 secs] [Times: user=0.31 sys=0.00, real=0.05 secs] 
3376.211: [GC (Allocation Failure) [PSYoungGen: 468608K->104992K(507904K)] 1215982K->992934K(1906176K), 0.1679437 secs] [Times: user=0.99 sys=0.01, real=0.16 secs] 
3377.990: [GC (Allocation Failure) [PSYoungGen: 424992K->148896K(507904K)] 1312934K->1139195K(1906176K), 0.0550566 secs] [Times: user=0.28 sys=0.00, real=0.06 secs] 
3379.671: [GC (Allocation Failure) [PSYoungGen: 468896K->106080K(507904K)] 1459195K->1235883K(1906176K), 0.1501682 secs] [Times: user=0.89 sys=0.01, real=0.15 secs] 
3381.145: [GC (Allocation Failure) [PSYoungGen: 426080K->151584K(472064K)] 1555883K->1384448K(1870336K), 0.0528910 secs] [Times: user=0.32 sys=0.00, real=0.05 secs] 
3381.198: [Full GC (Ergonomics) [PSYoungGen: 151584K->0K(472064K)] [ParOldGen: 1232864K->182638K(1398272K)] 1384448K->182638K(1870336K), [Metaspace: 60234K->60234K(1105920K)], 0.4340934 secs] [Times: user=2.02 sys=0.00, real=0.44 secs] 
3383.521: [GC (Allocation Failure) [PSYoungGen: 320000K->108640K(510464K)] 502638K->291278K(1908736K), 0.0899342 secs] [Times: user=0.53 sys=0.00, real=0.09 secs] 
3385.325: [GC (Allocation Failure) [PSYoungGen: 427616K->151648K(471040K)] 610254K->436603K(1869312K), 0.0525476 secs] [Times: user=0.31 sys=0.00, real=0.05 secs] 
3387.778: [GC (Allocation Failure) [PSYoungGen: 470624K->105984K(509440K)] 755579K->533275K(1907712K), 0.1766100 secs] [Times: user=1.04 sys=0.00, real=0.18 secs] 
3388.409: [GC (Allocation Failure) [PSYoungGen: 423424K->152032K(469504K)] 850715K->681560K(1867776K), 0.0511623 secs] [Times: user=0.30 sys=0.00, real=0.05 secs] 
3390.937: [GC (Allocation Failure) [PSYoungGen: 469472K->105536K(508928K)] 999000K->778416K(1907200K), 0.1520497 secs] [Times: user=0.90 sys=0.01, real=0.15 secs] 
3391.894: [GC (Allocation Failure) [PSYoungGen: 410758K->147104K(506368K)] 1083638K->921404K(1904640K), 0.0509889 secs] [Times: user=0.31 sys=0.00, real=0.05 secs] 
3394.323: [GC (Allocation Failure) [PSYoungGen: 463520K->101568K(507392K)] 1237820K->1014349K(1905664K), 0.1504375 secs] [Times: user=0.90 sys=0.00, real=0.15 secs] 
3395.117: [GC (Allocation Failure) [PSYoungGen: 409132K->149440K(466944K)] 1321913K->1159549K(1865216K), 0.0500485 secs] [Times: user=0.30 sys=0.00, real=0.05 secs] 
3398.123: [GC (Allocation Failure) [PSYoungGen: 466880K->101088K(508416K)] 1476989K->1252277K(1906688K), 0.1253907 secs] [Times: user=0.74 sys=0.01, real=0.12 secs] 
3399.292: [GC (Allocation Failure) [PSYoungGen: 416829K->150112K(466944K)] 1568019K->1398734K(1865216K), 0.0518945 secs] [Times: user=0.31 sys=0.00, real=0.05 secs] 
3399.343: [Full GC (Ergonomics) [PSYoungGen: 150112K->0K(466944K)] [ParOldGen: 1248622K->197295K(1398272K)] 1398734K->197295K(1865216K), [Metaspace: 60247K->60247K(1105920K)], 0.4792658 secs] [Times: user=2.23 sys=0.00, real=0.48 secs] 
3404.138: [GC (Allocation Failure) [PSYoungGen: 316416K->98400K(507392K)] 513711K->295695K(1905664K), 0.0930621 secs] [Times: user=0.55 sys=0.00, real=0.09 secs] 
3405.601: [GC (Allocation Failure) [PSYoungGen: 412768K->152864K(467456K)] 610063K->444096K(1865728K), 0.0479887 secs] [Times: user=0.28 sys=0.00, real=0.04 secs] 
3409.435: [GC (Allocation Failure) [PSYoungGen: 467232K->99488K(505344K)] 758464K->535044K(1903616K), 0.1787121 secs] [Times: user=1.06 sys=0.01, real=0.18 secs] 
3410.180: [GC (Allocation Failure) [PSYoungGen: 409760K->150272K(460800K)] 845316K->681581K(1859072K), 0.0490554 secs] [Times: user=0.29 sys=0.00, real=0.05 secs] 
3412.652: [GC (GCLocker Initiated GC) [PSYoungGen: 460544K->98080K(504832K)] 991853K->771177K(1903104K), 0.1662313 secs] [Times: user=1.00 sys=0.00, real=0.16 secs] 
3413.746: [GC (Allocation Failure) [PSYoungGen: 406816K->150784K(459776K)] 1079948K->918465K(1858048K), 0.0491389 secs] [Times: user=0.29 sys=0.00, real=0.05 secs] 
3416.297: [GC (Allocation Failure) [PSYoungGen: 459520K->97728K(503808K)] 1227201K->1007825K(1902080K), 0.1642375 secs] [Times: user=0.97 sys=0.01, real=0.17 secs] 
3417.338: [GC (Allocation Failure) [PSYoungGen: 404416K->149472K(501760K)] 1314513K->1153622K(1900032K), 0.0494288 secs] [Times: user=0.29 sys=0.00, real=0.05 secs] 
3421.489: [GC (Allocation Failure) [PSYoungGen: 456160K->95264K(502272K)] 1460310K->1240402K(1900544K), 0.1693716 secs] [Times: user=1.01 sys=0.01, real=0.17 secs] 
3422.940: [GC (Allocation Failure) [PSYoungGen: 401440K->145120K(501760K)] 1546578K->1382251K(1900032K), 0.0489734 secs] [Times: user=0.29 sys=0.00, real=0.05 secs] 
3422.989: [Full GC (Ergonomics) [PSYoungGen: 145120K->0K(501760K)] [ParOldGen: 1237131K->179380K(1398272K)] 1382251K->179380K(1900032K), [Metaspace: 60247K->60247K(1105920K)], 0.4178305 secs] [Times: user=1.94 sys=0.00, real=0.42 secs] 
3424.878: [GC (Allocation Failure) [PSYoungGen: 306176K->99360K(498176K)] 485556K->278740K(1896448K), 0.0775760 secs] [Times: user=0.46 sys=0.00, real=0.08 secs] 
3426.846: [GC (Allocation Failure) [PSYoungGen: 406048K->145312K(500224K)] 585428K->420871K(1898496K), 0.0505228 secs] [Times: user=0.30 sys=0.00, real=0.05 secs] 
3428.750: [GC (Allocation Failure) [PSYoungGen: 452000K->102688K(500736K)] 727559K->514172K(1899008K), 0.1451645 secs] [Times: user=0.86 sys=0.00, real=0.15 secs] 
3431.018: [GC (Allocation Failure) [PSYoungGen: 412960K->142496K(502272K)] 824444K->654256K(1900544K), 0.0509696 secs] [Times: user=0.30 sys=0.00, real=0.05 secs] 
3432.407: [GC (Allocation Failure) [PSYoungGen: 452768K->106432K(499712K)] 964528K->751308K(1897984K), 0.0963155 secs] [Times: user=0.57 sys=0.00, real=0.10 secs] 
3434.100: [GC (Allocation Failure) [PSYoungGen: 421312K->154624K(503296K)] 1066188K->904174K(1901568K), 0.0534529 secs] [Times: user=0.31 sys=0.00, real=0.06 secs] 
3436.261: [GC (GCLocker Initiated GC) [PSYoungGen: 469504K->102592K(507392K)] 1219054K->990010K(1905664K), 0.1536471 secs] [Times: user=0.92 sys=0.00, real=0.15 secs] 
3437.787: [GC (Allocation Failure) [PSYoungGen: 416448K->153152K(467456K)] 1303901K->1140722K(1865728K), 0.0533307 secs] [Times: user=0.32 sys=0.01, real=0.05 secs] 
3439.559: [GC (Allocation Failure) [PSYoungGen: 467008K->107200K(506880K)] 1454578K->1230142K(1905152K), 0.0992814 secs] [Times: user=0.58 sys=0.01, real=0.10 secs] 
3441.400: [GC (Allocation Failure) [PSYoungGen: 419008K->145376K(503808K)] 1541950K->1373303K(1902080K), 0.0535481 secs] [Times: user=0.32 sys=0.00, real=0.06 secs] 
3441.453: [Full GC (Ergonomics) [PSYoungGen: 145376K->0K(503808K)] [ParOldGen: 1227927K->171594K(1398272K)] 1373303K->171594K(1902080K), [Metaspace: 60248K->60248K(1105920K)], 0.4134047 secs] [Times: user=1.93 sys=0.00, real=0.41 secs] 
3443.395: [GC (Allocation Failure) [PSYoungGen: 311808K->102368K(504832K)] 483402K->273962K(1903104K), 0.1060603 secs] [Times: user=0.62 sys=0.00, real=0.10 secs] 
3445.116: [GC (Allocation Failure) [PSYoungGen: 416224K->147552K(504320K)] 587818K->418670K(1902592K), 0.0521828 secs] [Times: user=0.30 sys=0.00, real=0.05 secs] 
3446.797: [GC (Allocation Failure) [PSYoungGen: 461408K->105280K(504320K)] 732526K->514818K(1902592K), 0.1170218 secs] [Times: user=0.70 sys=0.00, real=0.12 secs] 
3449.046: [GC (Allocation Failure) [PSYoungGen: 421184K->146080K(505344K)] 830722K->657823K(1903616K), 0.0516986 secs] [Times: user=0.30 sys=0.00, real=0.05 secs] 
3450.582: [GC (Allocation Failure) [PSYoungGen: 461984K->105440K(504832K)] 973727K->753967K(1903104K), 0.1404303 secs] [Times: user=0.84 sys=0.00, real=0.14 secs] 
3451.851: [GC (Allocation Failure) [PSYoungGen: 423904K->150048K(506368K)] 1072431K->901084K(1904640K), 0.0533260 secs] [Times: user=0.31 sys=0.00, real=0.06 secs] 
3453.939: [GC (Allocation Failure) [PSYoungGen: 468512K->104640K(508416K)] 1219548K->996756K(1906688K), 0.1670669 secs] [Times: user=1.00 sys=0.01, real=0.17 secs] 
3455.003: [GC (Allocation Failure) [PSYoungGen: 424128K->151584K(471552K)] 1316244K->1145134K(1869824K), 0.0529703 secs] [Times: user=0.32 sys=0.00, real=0.05 secs] 
3457.546: [GC (Allocation Failure) [PSYoungGen: 471072K->105952K(509440K)] 1464622K->1242026K(1907712K), 0.1726915 secs] [Times: user=1.03 sys=0.00, real=0.17 secs] 
3459.202: [GC (Allocation Failure) [PSYoungGen: 423392K->152256K(470016K)] 1559466K->1390219K(1868288K), 0.0529482 secs] [Times: user=0.32 sys=0.00, real=0.05 secs] 
3459.255: [Full GC (Ergonomics) [PSYoungGen: 152256K->0K(470016K)] [ParOldGen: 1237963K->189412K(1398272K)] 1390219K->189412K(1868288K), [Metaspace: 60248K->60248K(1105920K)], 0.4349208 secs] [Times: user=2.00 sys=0.00, real=0.43 secs] 
3462.379: [GC (Allocation Failure) [PSYoungGen: 317440K->100896K(507904K)] 506852K->290308K(1906176K), 0.0952105 secs] [Times: user=0.56 sys=0.00, real=0.10 secs] 
3463.154: [GC (Allocation Failure) [PSYoungGen: 415776K->160672K(475648K)] 605188K->447041K(1873920K), 0.0506093 secs] [Times: user=0.30 sys=0.00, real=0.05 secs] 
3465.764: [GC (Allocation Failure) [PSYoungGen: 475552K->100544K(503296K)] 761921K->530365K(1901568K), 0.1747453 secs] [Times: user=1.04 sys=0.00, real=0.17 secs] 
3466.701: [GC (Allocation Failure) [PSYoungGen: 406208K->147840K(501248K)] 836029K->674026K(1899520K), 0.0497826 secs] [Times: user=0.30 sys=0.00, real=0.05 secs] 
3468.698: [GC (Allocation Failure) [PSYoungGen: 453504K->101088K(500224K)] 979690K->766354K(1898496K), 0.1633739 secs] [Times: user=0.97 sys=0.00, real=0.17 secs] 
3469.846: [GC (Allocation Failure) [PSYoungGen: 407776K->147168K(501248K)] 1073042K->909543K(1899520K), 0.0504779 secs] [Times: user=0.30 sys=0.00, real=0.05 secs] 
3472.631: [GC (Allocation Failure) [PSYoungGen: 453856K->100096K(501248K)] 1216231K->1001175K(1899520K), 0.1651399 secs] [Times: user=0.99 sys=0.00, real=0.17 secs] 
3474.589: [GC (Allocation Failure) [PSYoungGen: 408832K->144928K(502272K)] 1309911K->1143516K(1900544K), 0.0510058 secs] [Times: user=0.30 sys=0.00, real=0.05 secs] 
3476.482: [GC (Allocation Failure) [PSYoungGen: 453664K->102176K(500736K)] 1452252K->1237076K(1899008K), 0.1530585 secs] [Times: user=0.91 sys=0.01, real=0.15 secs] 
3478.132: [GC (Allocation Failure) [PSYoungGen: 413472K->143392K(502784K)] 1548372K->1377551K(1901056K), 0.0514730 secs] [Times: user=0.30 sys=0.01, real=0.05 secs] 
3478.183: [Full GC (Ergonomics) [PSYoungGen: 143392K->0K(502784K)] [ParOldGen: 1234159K->176127K(1398272K)] 1377551K->176127K(1901056K), [Metaspace: 60252K->60252K(1105920K)], 0.4033440 secs] [Times: user=1.86 sys=0.00, real=0.40 secs] 
3480.419: [GC (Allocation Failure) [PSYoungGen: 311296K->105312K(501760K)] 487423K->281439K(1900032K), 0.0866608 secs] [Times: user=0.50 sys=0.01, real=0.09 secs] 
3481.992: [GC (Allocation Failure) [PSYoungGen: 420704K->147200K(504320K)] 596831K->426039K(1902592K), 0.0525355 secs] [Times: user=0.31 sys=0.00, real=0.05 secs] 
3483.575: [GC (Allocation Failure) [PSYoungGen: 462592K->105472K(506880K)] 741431K->522951K(1905152K), 0.1444214 secs] [Times: user=0.84 sys=0.01, real=0.14 secs] 
3485.125: [GC (Allocation Failure) [PSYoungGen: 424448K->149504K(507392K)] 841927K->669356K(1905664K), 0.0526010 secs] [Times: user=0.31 sys=0.00, real=0.05 secs] 
3487.357: [GC (Allocation Failure) [PSYoungGen: 468480K->107232K(506880K)] 988332K->767008K(1905152K), 0.1630500 secs] [Times: user=0.98 sys=0.00, real=0.16 secs] 
3488.711: [GC (Allocation Failure) [PSYoungGen: 426720K->152736K(472576K)] 1086496K->916065K(1870848K), 0.0530037 secs] [Times: user=0.31 sys=0.00, real=0.06 secs] 
3490.991: [GC (Allocation Failure) [PSYoungGen: 472224K->104000K(508928K)] 1235553K->1011197K(1907200K), 0.1777909 secs] [Times: user=0.91 sys=0.00, real=0.18 secs] 
3491.758: [GC (GCLocker Initiated GC) [PSYoungGen: 420928K->153088K(470528K)] 1328126K->1160619K(1868800K), 0.0518431 secs] [Times: user=0.31 sys=0.00, real=0.05 secs] 
3494.678: [GC (Allocation Failure) [PSYoungGen: 470016K->101280K(507392K)] 1477549K->1253365K(1905664K), 0.1690122 secs] [Times: user=0.99 sys=0.01, real=0.17 secs] 
3495.612: [GC (Allocation Failure) [PSYoungGen: 415136K->150176K(464384K)] 1567221K->1399590K(1862656K), 0.0508994 secs] [Times: user=0.30 sys=0.01, real=0.05 secs] 
3495.663: [Full GC (Ergonomics) [PSYoungGen: 150176K->0K(464384K)] [ParOldGen: 1249414K->196866K(1398272K)] 1399590K->196866K(1862656K), [Metaspace: 60253K->60253K(1105920K)], 0.4584065 secs] [Times: user=2.12 sys=0.00, real=0.46 secs] 
3498.810: [GC (Allocation Failure) [PSYoungGen: 313856K->101184K(506880K)] 510722K->298050K(1905152K), 0.0889281 secs] [Times: user=0.53 sys=0.00, real=0.09 secs] 
3499.530: [GC (Allocation Failure) [PSYoungGen: 414016K->150464K(463360K)] 610882K->444783K(1861632K), 0.0486373 secs] [Times: user=0.29 sys=0.00, real=0.05 secs] 
3502.855: [GC (Allocation Failure) [PSYoungGen: 463296K->97024K(505344K)] 757615K->532687K(1903616K), 0.1637511 secs] [Times: user=0.98 sys=0.00, real=0.16 secs] 
3504.603: [GC (Allocation Failure) [PSYoungGen: 407808K->151552K(462848K)] 843471K->680463K(1861120K), 0.0483026 secs] [Times: user=0.28 sys=0.00, real=0.04 secs] 
3506.986: [GC (Allocation Failure) [PSYoungGen: 462336K->98336K(504320K)] 991247K->770727K(1902592K), 0.1687455 secs] [Times: user=1.00 sys=0.01, real=0.17 secs] 
3507.748: [GC (Allocation Failure) [PSYoungGen: 406048K->150816K(458752K)] 1078439K->918180K(1857024K), 0.0500439 secs] [Times: user=0.29 sys=0.00, real=0.05 secs] 
3510.611: [GC (Allocation Failure) [PSYoungGen: 458528K->98688K(503808K)] 1225892K->1008753K(1902080K), 0.0898544 secs] [Times: user=0.53 sys=0.01, real=0.09 secs] 
3511.109: [GC (Allocation Failure) [PSYoungGen: 405376K->149216K(501760K)] 1315441K->1154885K(1900032K), 0.0502716 secs] [Times: user=0.30 sys=0.00, real=0.05 secs] 
3513.657: [GC (Allocation Failure) [PSYoungGen: 455904K->96512K(502272K)] 1461573K->1242873K(1900544K), 0.1031681 secs] [Times: user=0.61 sys=0.01, real=0.10 secs] 
3514.356: [GC (Allocation Failure) [PSYoungGen: 402688K->156832K(463360K)] 1549049K->1396542K(1861632K), 0.0507921 secs] [Times: user=0.30 sys=0.00, real=0.05 secs] 
3514.407: [Full GC (Ergonomics) [PSYoungGen: 156832K->0K(463360K)] [ParOldGen: 1239710K->186176K(1398272K)] 1396542K->186176K(1861632K), [Metaspace: 60255K->60255K(1105920K)], 0.4342990 secs] [Times: user=2.00 sys=0.00, real=0.44 secs] 
3517.308: [GC (Allocation Failure) [PSYoungGen: 306176K->99936K(501248K)] 492352K->286112K(1899520K), 0.1085196 secs] [Times: user=0.63 sys=0.01, real=0.11 secs] 
3519.017: [GC (Allocation Failure) [PSYoungGen: 400480K->139200K(439808K)] 586656K->422713K(1838080K), 0.0497122 secs] [Times: user=0.30 sys=0.00, real=0.05 secs] 
3521.210: [GC (Allocation Failure) [PSYoungGen: 439744K->98304K(499200K)] 723257K->512129K(1897472K), 0.1632959 secs] [Times: user=0.98 sys=0.00, real=0.17 secs] 
3523.162: [GC (Allocation Failure) [PSYoungGen: 401408K->141984K(496640K)] 815233K->651826K(1894912K), 0.0499987 secs] [Times: user=0.30 sys=0.00, real=0.05 secs] 
3525.470: [GC (Allocation Failure) [PSYoungGen: 445088K->102208K(501760K)] 954930K->745282K(1900032K), 0.0883035 secs] [Times: user=0.52 sys=0.00, real=0.09 secs] 
3527.334: [GC (Allocation Failure) [PSYoungGen: 414016K->143424K(502272K)] 1057090K->886175K(1900544K), 0.0513104 secs] [Times: user=0.30 sys=0.00, real=0.05 secs] 
3528.719: [GC (Allocation Failure) [PSYoungGen: 455232K->106336K(502272K)] 1197983K->983303K(1900544K), 0.1023447 secs] [Times: user=0.61 sys=0.00, real=0.11 secs] 
3531.146: [GC (Allocation Failure) [PSYoungGen: 423264K->141728K(504832K)] 1300231K->1122827K(1903104K), 0.0529599 secs] [Times: user=0.31 sys=0.00, real=0.05 secs] 
3532.580: [GC (Allocation Failure) [PSYoungGen: 458656K->111392K(503296K)] 1439755K->1224668K(1901568K), 0.0868442 secs] [Times: user=0.52 sys=0.00, real=0.09 secs] 
3534.239: [GC (Allocation Failure) [PSYoungGen: 433952K->149440K(506880K)] 1547228K->1372096K(1905152K), 0.0551379 secs] [Times: user=0.32 sys=0.00, real=0.06 secs] 
3536.266: [GC (Allocation Failure) [PSYoungGen: 472000K->107808K(511488K)] 1694656K->1470824K(1909760K), 0.1324428 secs] [Times: user=0.71 sys=0.08, real=0.13 secs] 
3536.399: [Full GC (Ergonomics) [PSYoungGen: 107808K->0K(511488K)] [ParOldGen: 1363016K->31628K(1398272K)] 1470824K->31628K(1909760K), [Metaspace: 60260K->60260K(1105920K)], 0.0773206 secs] [Times: user=0.27 sys=0.00, real=0.08 secs] 
3537.682: [GC (GCLocker Initiated GC) [PSYoungGen: 326144K->153888K(480256K)] 357772K->185516K(1878528K), 0.0334276 secs] [Times: user=0.20 sys=0.00, real=0.03 secs] 
3540.765: [GC (Allocation Failure) [PSYoungGen: 480032K->107040K(512000K)] 511712K->284456K(1910272K), 0.1701306 secs] [Times: user=1.01 sys=0.00, real=0.17 secs] 
3542.142: [GC (Allocation Failure) [PSYoungGen: 429088K->153536K(475648K)] 606504K->434583K(1873920K), 0.0517827 secs] [Times: user=0.31 sys=0.00, real=0.05 secs] 
3544.646: [GC (Allocation Failure) [PSYoungGen: 475584K->101920K(509440K)] 756631K->527947K(1907712K), 0.1724453 secs] [Times: user=1.03 sys=0.00, real=0.17 secs] 
3546.438: [GC (Allocation Failure) [PSYoungGen: 419872K->153888K(472064K)] 845899K->677836K(1870336K), 0.0504880 secs] [Times: user=0.30 sys=0.00, real=0.05 secs] 
3548.938: [GC (Allocation Failure) [PSYoungGen: 471840K->104608K(507904K)] 995788K->773892K(1906176K), 0.1669767 secs] [Times: user=0.99 sys=0.00, real=0.17 secs] 
3549.859: [GC (Allocation Failure) [PSYoungGen: 418265K->147648K(505344K)] 1087550K->917587K(1903616K), 0.0503333 secs] [Times: user=0.30 sys=0.00, real=0.05 secs] 
3551.980: [GC (Allocation Failure) [PSYoungGen: 462016K->102976K(505344K)] 1231955K->1011763K(1903616K), 0.1630708 secs] [Times: user=0.97 sys=0.00, real=0.17 secs] 
3552.919: [GC (Allocation Failure) [PSYoungGen: 412834K->148192K(505856K)] 1321622K->1155944K(1904128K), 0.0504235 secs] [Times: user=0.30 sys=0.00, real=0.05 secs] 
3556.853: [GC (Allocation Failure) [PSYoungGen: 463584K->101344K(506368K)] 1471336K->1248504K(1904640K), 0.1650937 secs] [Times: user=0.99 sys=0.00, real=0.16 secs] 
3558.362: [GC (Allocation Failure) [PSYoungGen: 417248K->149568K(465920K)] 1564408K->1394709K(1864192K), 0.0507438 secs] [Times: user=0.30 sys=0.00, real=0.05 secs] 
3558.413: [Full GC (Ergonomics) [PSYoungGen: 149568K->0K(465920K)] [ParOldGen: 1245141K->197136K(1398272K)] 1394709K->197136K(1864192K), [Metaspace: 60261K->60261K(1105920K)], 0.4712511 secs] [Times: user=2.20 sys=0.00, real=0.47 secs] 
3560.786: [GC (Allocation Failure) [PSYoungGen: 315904K->102112K(507904K)] 513040K->299248K(1906176K), 0.0822232 secs] [Times: user=0.48 sys=0.01, real=0.08 secs] 
3562.147: [GC (Allocation Failure) [PSYoungGen: 413585K->149088K(505856K)] 610721K->444329K(1904128K), 0.0490122 secs] [Times: user=0.29 sys=0.00, real=0.05 secs] 
3564.185: [GC (Allocation Failure) [PSYoungGen: 463968K->103456K(504832K)] 759209K->539237K(1903104K), 0.1313063 secs] [Times: user=0.77 sys=0.00, real=0.13 secs] 
3564.779: [GC (Allocation Failure) [PSYoungGen: 403677K->147200K(505344K)] 839459K->682874K(1903616K), 0.0504230 secs] [Times: user=0.30 sys=0.00, real=0.05 secs] 
3567.838: [GC (Allocation Failure) [PSYoungGen: 462080K->100640K(506368K)] 997754K->775094K(1904640K), 0.1625263 secs] [Times: user=0.97 sys=0.01, real=0.16 secs] 
3568.732: [GC (Allocation Failure) [PSYoungGen: 415309K->150656K(466944K)] 1089764K->922035K(1865216K), 0.0502437 secs] [Times: user=0.30 sys=0.01, real=0.05 secs] 
3572.077: [GC (GCLocker Initiated GC) [PSYoungGen: 466560K->99424K(507392K)] 1237941K->1012421K(1905664K), 0.1654978 secs] [Times: user=0.99 sys=0.00, real=0.17 secs] 
3573.223: [GC (Allocation Failure) [PSYoungGen: 413280K->151552K(465920K)] 1326279K->1160281K(1864192K), 0.0497546 secs] [Times: user=0.30 sys=0.00, real=0.05 secs] 
3575.059: [GC (Allocation Failure) [PSYoungGen: 465408K->105728K(506880K)] 1474137K->1257337K(1905152K), 0.1752162 secs] [Times: user=1.04 sys=0.01, real=0.18 secs] 
3575.709: [GC (Allocation Failure) [PSYoungGen: 411792K->145760K(503808K)] 1563402K->1399378K(1902080K), 0.0513553 secs] [Times: user=0.31 sys=0.00, real=0.05 secs] 
3575.761: [Full GC (Ergonomics) [PSYoungGen: 145760K->0K(503808K)] [ParOldGen: 1253617K->197242K(1398272K)] 1399378K->197242K(1902080K), [Metaspace: 60261K->60261K(1105920K)], 0.4744112 secs] [Times: user=2.21 sys=0.00, real=0.48 secs] 
3579.197: [GC (Allocation Failure) [PSYoungGen: 311808K->100128K(504832K)] 509050K->297370K(1903104K), 0.0855442 secs] [Times: user=0.51 sys=0.00, real=0.09 secs] 
3580.663: [GC (Allocation Failure) [PSYoungGen: 413984K->150208K(504832K)] 611226K->443723K(1903104K), 0.0490849 secs] [Times: user=0.29 sys=0.00, real=0.05 secs] 
3582.996: [GC (Allocation Failure) [PSYoungGen: 464064K->101600K(505344K)] 757579K->536539K(1903616K), 0.1546558 secs] [Times: user=0.93 sys=0.01, real=0.15 secs] 
3584.278: [GC (Allocation Failure) [PSYoungGen: 414944K->150752K(464384K)] 849883K->683032K(1862656K), 0.0492212 secs] [Times: user=0.29 sys=0.00, real=0.05 secs] 
3587.292: [GC (Allocation Failure) [PSYoungGen: 464096K->101056K(506880K)] 996376K->775560K(1905152K), 0.1542243 secs] [Times: user=0.92 sys=0.00, real=0.15 secs] 
3588.602: [GC (Allocation Failure) [PSYoungGen: 413376K->157728K(470528K)] 1087880K->929555K(1868800K), 0.0506493 secs] [Times: user=0.30 sys=0.00, real=0.05 secs] 
3590.138: [GC (GCLocker Initiated GC) [PSYoungGen: 470048K->104000K(503808K)] 1241875K->1016731K(1902080K), 0.1116602 secs] [Times: user=0.65 sys=0.01, real=0.11 secs] 
3591.129: [GC (Allocation Failure) [PSYoungGen: 410176K->139104K(445440K)] 1339294K->1168913K(1843712K), 0.2436751 secs] [Times: user=1.46 sys=0.01, real=0.25 secs] 
3594.626: [GC (Allocation Failure) [PSYoungGen: 445280K->85632K(498688K)] 1475089K->1254785K(1896960K), 0.4482700 secs] [Times: user=2.68 sys=0.00, real=0.45 secs] 
3595.537: [GC (Allocation Failure) [PSYoungGen: 391296K->148224K(499200K)] 1560449K->1399098K(1897472K), 0.0486343 secs] [Times: user=0.29 sys=0.00, real=0.05 secs] 
3595.586: [Full GC (Ergonomics) [PSYoungGen: 148224K->0K(499200K)] [ParOldGen: 1250874K->195806K(1398272K)] 1399098K->195806K(1897472K), [Metaspace: 60261K->60261K(1105920K)], 0.4587698 secs] [Times: user=2.13 sys=0.00, real=0.46 secs] 
3598.478: [GC (GCLocker Initiated GC) [PSYoungGen: 305664K->96256K(503296K)] 501470K->292062K(1901568K), 0.0994417 secs] [Times: user=0.58 sys=0.00, real=0.10 secs] 
3599.833: [GC (Allocation Failure) [PSYoungGen: 406016K->149600K(459776K)] 601857K->437482K(1858048K), 0.0480144 secs] [Times: user=0.28 sys=0.00, real=0.05 secs] 
3602.035: [GC (Allocation Failure) [PSYoungGen: 459360K->96256K(504320K)] 747242K->525018K(1902592K), 0.1554970 secs] [Times: user=0.92 sys=0.01, real=0.15 secs] 
3603.673: [GC (Allocation Failure) [PSYoungGen: 403968K->147232K(502272K)] 832730K->668842K(1900544K), 0.0485669 secs] [Times: user=0.29 sys=0.00, real=0.05 secs] 
3605.498: [GC (Allocation Failure) [PSYoungGen: 454944K->101600K(499200K)] 976554K->762055K(1897472K), 0.1416275 secs] [Times: user=0.84 sys=0.00, real=0.14 secs] 
3606.422: [GC (Allocation Failure) [PSYoungGen: 409312K->144544K(500736K)] 1069767K->903719K(1899008K), 0.0504904 secs] [Times: user=0.30 sys=0.00, real=0.05 secs] 
3608.923: [GC (Allocation Failure) [PSYoungGen: 452256K->103264K(500224K)] 1211431K->997567K(1898496K), 0.1570218 secs] [Times: user=0.94 sys=0.00, real=0.15 secs] 
3610.655: [GC (Allocation Failure) [PSYoungGen: 414560K->146336K(502272K)] 1308863K->1140900K(1900544K), 0.0521523 secs] [Times: user=0.31 sys=0.00, real=0.05 secs] 
3612.969: [GC (Allocation Failure) [PSYoungGen: 457632K->102848K(503808K)] 1452196K->1234704K(1902080K), 0.1692320 secs] [Times: user=1.00 sys=0.00, real=0.17 secs] 
3614.315: [GC (Allocation Failure) [PSYoungGen: 417728K->148576K(504832K)] 1549584K->1380558K(1903104K), 0.0528505 secs] [Times: user=0.31 sys=0.00, real=0.05 secs] 
3614.368: [Full GC (Ergonomics) [PSYoungGen: 148576K->0K(504832K)] [ParOldGen: 1231982K->179055K(1398272K)] 1380558K->179055K(1903104K), [Metaspace: 60384K->60384K(1105920K)], 0.4221680 secs] [Times: user=1.94 sys=0.00, real=0.42 secs] 
3616.710: [GC (Allocation Failure) [PSYoungGen: 314880K->103232K(505856K)] 493935K->282287K(1904128K), 0.0751423 secs] [Times: user=0.44 sys=0.01, real=0.08 secs] 
3618.793: [GC (Allocation Failure) [PSYoungGen: 419136K->149056K(505856K)] 598191K->427820K(1904128K), 0.0522321 secs] [Times: user=0.31 sys=0.00, real=0.05 secs] 
3620.294: [GC (Allocation Failure) [PSYoungGen: 464960K->105632K(504832K)] 743724K->524380K(1903104K), 0.1006735 secs] [Times: user=0.60 sys=0.01, real=0.10 secs] 
3622.853: [GC (Allocation Failure) [PSYoungGen: 421536K->147136K(505344K)] 840284K->668545K(1903616K), 0.0524048 secs] [Times: user=0.31 sys=0.00, real=0.05 secs] 
3624.654: [GC (Allocation Failure) [PSYoungGen: 463040K->106592K(505344K)] 984449K->765989K(1903616K), 0.1464812 secs] [Times: user=0.87 sys=0.00, real=0.14 secs] 
3625.768: [GC (GCLocker Initiated GC) [PSYoungGen: 424544K->151616K(506368K)] 1083941K->914218K(1904640K), 0.0946262 secs] [Times: user=0.56 sys=0.01, real=0.10 secs] 
3628.577: [GC (Allocation Failure) [PSYoungGen: 469568K->101280K(508416K)] 1232172K->1006908K(1906688K), 0.1805101 secs] [Times: user=1.08 sys=0.00, real=0.18 secs] 
3630.000: [GC (Allocation Failure) [PSYoungGen: 418208K->153184K(470528K)] 1323836K->1155873K(1868800K), 0.0524868 secs] [Times: user=0.31 sys=0.00, real=0.06 secs] 
3632.714: [GC (Allocation Failure) [PSYoungGen: 470112K->101888K(506880K)] 1472801K->1249037K(1905152K), 0.1392460 secs] [Times: user=0.83 sys=0.00, real=0.14 secs] 
3634.598: [GC (Allocation Failure) [PSYoungGen: 414720K->152256K(465408K)] 1561869K->1396882K(1863680K), 0.0522678 secs] [Times: user=0.31 sys=0.00, real=0.05 secs] 
3634.650: [Full GC (Ergonomics) [PSYoungGen: 152256K->0K(465408K)] [ParOldGen: 1244626K->194607K(1398272K)] 1396882K->194607K(1863680K), [Metaspace: 60386K->60386K(1105920K)], 0.4743467 secs] [Times: user=2.22 sys=0.00, real=0.48 secs] 
3636.514: [GC (Allocation Failure) [PSYoungGen: 312832K->104416K(506368K)] 507439K->299023K(1904640K), 0.0630417 secs] [Times: user=0.37 sys=0.01, real=0.06 secs] 
3637.269: [GC (Allocation Failure) [PSYoungGen: 415200K->147488K(503296K)] 609807K->443585K(1901568K), 0.0845133 secs] [Times: user=0.51 sys=0.00, real=0.09 secs] 
3640.012: [GC (Allocation Failure) [PSYoungGen: 458272K->99648K(503808K)] 754369K->534737K(1902080K), 0.1338120 secs] [Times: user=0.79 sys=0.00, real=0.13 secs] 
3640.786: [GC (Allocation Failure) [PSYoungGen: 411968K->151520K(463872K)] 847057K->682266K(1862144K), 0.0492028 secs] [Times: user=0.29 sys=0.00, real=0.05 secs] 
3643.468: [GC (Allocation Failure) [PSYoungGen: 463840K->96864K(505344K)] 994586K->770714K(1903616K), 0.1380060 secs] [Times: user=0.82 sys=0.00, real=0.14 secs] 
3644.524: [GC (Allocation Failure) [PSYoungGen: 406624K->149504K(459776K)] 1080474K->916119K(1858048K), 0.0485331 secs] [Times: user=0.28 sys=0.00, real=0.05 secs] 
3646.302: [GC (Allocation Failure) [PSYoungGen: 459264K->104608K(505856K)] 1225879K->1011751K(1904128K), 0.0851549 secs] [Times: user=0.50 sys=0.01, real=0.08 secs] 
3647.185: [GC (Allocation Failure) [PSYoungGen: 414368K->150304K(502784K)] 1321511K->1158236K(1901056K), 0.0517151 secs] [Times: user=0.31 sys=0.00, real=0.05 secs] 
3649.390: [GC (Allocation Failure) [PSYoungGen: 460064K->98016K(504320K)] 1467996K->1247536K(1902592K), 0.1557490 secs] [Times: user=0.92 sys=0.00, real=0.16 secs] 
3651.009: [GC (Allocation Failure) [PSYoungGen: 407264K->148832K(458240K)] 1556784K->1392769K(1856512K), 0.0503853 secs] [Times: user=0.30 sys=0.00, real=0.05 secs] 
3651.059: [Full GC (Ergonomics) [PSYoungGen: 148832K->0K(458240K)] [ParOldGen: 1243937K->191504K(1398272K)] 1392769K->191504K(1856512K), [Metaspace: 60404K->60404K(1105920K)], 0.4570542 secs] [Times: user=2.12 sys=0.00, real=0.46 secs] 
3654.908: [GC (Allocation Failure) [PSYoungGen: 309248K->97664K(504832K)] 500752K->289168K(1903104K), 0.1002545 secs] [Times: user=0.57 sys=0.00, real=0.10 secs] 
3656.803: [GC (Allocation Failure) [PSYoungGen: 406400K->145312K(502784K)] 597904K->430629K(1901056K), 0.0490623 secs] [Times: user=0.29 sys=0.00, real=0.05 secs] 
3658.865: [GC (Allocation Failure) [PSYoungGen: 454048K->103648K(499712K)] 739365K->525109K(1897984K), 0.1137601 secs] [Times: user=0.68 sys=0.00, real=0.11 secs] 
3659.643: [GC (Allocation Failure) [PSYoungGen: 413408K->146912K(501760K)] 834869K->669555K(1900032K), 0.0515875 secs] [Times: user=0.30 sys=0.00, real=0.05 secs] 
3662.486: [GC (Allocation Failure) [PSYoungGen: 456672K->101152K(503296K)] 979315K->762387K(1901568K), 0.1702405 secs] [Times: user=1.02 sys=0.00, real=0.17 secs] 
3664.214: [GC (Allocation Failure) [PSYoungGen: 414496K->148992K(504320K)] 1075731K->908624K(1902592K), 0.0507655 secs] [Times: user=0.30 sys=0.01, real=0.05 secs] 
3666.353: [GC (Allocation Failure) [PSYoungGen: 462336K->100640K(505344K)] 1221968K->1000656K(1903616K), 0.1636026 secs] [Times: user=0.97 sys=0.01, real=0.16 secs] 
3668.110: [GC (Allocation Failure) [PSYoungGen: 413984K->147328K(504832K)] 1314000K->1145397K(1903104K), 0.0511950 secs] [Times: user=0.30 sys=0.00, real=0.05 secs] 
3669.975: [GC (Allocation Failure) [PSYoungGen: 460672K->106144K(502272K)] 1458741K->1243117K(1900544K), 0.1672299 secs] [Times: user=0.99 sys=0.00, real=0.17 secs] 
3671.681: [GC (Allocation Failure) [PSYoungGen: 420000K->148832K(503808K)] 1556973K->1389053K(1902080K), 0.0534121 secs] [Times: user=0.32 sys=0.00, real=0.06 secs] 
3671.734: [Full GC (Ergonomics) [PSYoungGen: 148832K->0K(503808K)] [ParOldGen: 1240221K->185193K(1398272K)] 1389053K->185193K(1902080K), [Metaspace: 60411K->60411K(1105920K)], 0.4410670 secs] [Times: user=2.06 sys=0.00, real=0.44 secs] 
3674.055: [GC (Allocation Failure) [PSYoungGen: 313856K->101088K(506880K)] 499049K->286281K(1905152K), 0.0698791 secs] [Times: user=0.41 sys=0.01, real=0.07 secs] 
3675.091: [GC (Allocation Failure) [PSYoungGen: 416992K->150432K(466432K)] 602185K->433962K(1864704K), 0.0508776 secs] [Times: user=0.30 sys=0.00, real=0.06 secs] 
3677.458: [GC (Allocation Failure) [PSYoungGen: 466336K->102016K(507904K)] 749866K->527382K(1906176K), 0.1641677 secs] [Times: user=0.97 sys=0.00, real=0.17 secs] 
3678.152: [GC (Allocation Failure) [PSYoungGen: 416384K->151968K(466432K)] 841750K->676043K(1864704K), 0.0521931 secs] [Times: user=0.31 sys=0.00, real=0.05 secs] 
3681.096: [GC (Allocation Failure) [PSYoungGen: 466336K->101184K(506368K)] 990411K->768295K(1904640K), 0.1645607 secs] [Times: user=0.99 sys=0.00, real=0.16 secs] 
3682.850: [GC (Allocation Failure) [PSYoungGen: 412992K->150560K(462848K)] 1080103K->915008K(1861120K), 0.0510694 secs] [Times: user=0.31 sys=0.00, real=0.06 secs] 
3685.409: [GC (Allocation Failure) [PSYoungGen: 462368K->98720K(505856K)] 1226816K->1004840K(1904128K), 0.1567202 secs] [Times: user=0.91 sys=0.01, real=0.16 secs] 
3687.008: [GC (Allocation Failure) [PSYoungGen: 409504K->151232K(462336K)] 1315624K->1151593K(1860608K), 0.0503101 secs] [Times: user=0.30 sys=0.00, real=0.05 secs] 
3688.770: [GC (Allocation Failure) [PSYoungGen: 462016K->100160K(504832K)] 1462377K->1243393K(1903104K), 0.1707731 secs] [Times: user=1.02 sys=0.00, real=0.17 secs] 
3690.357: [GC (Allocation Failure) [PSYoungGen: 408384K->150144K(502272K)] 1551617K->1389546K(1900544K), 0.0510983 secs] [Times: user=0.30 sys=0.00, real=0.05 secs] 
3690.408: [Full GC (Ergonomics) [PSYoungGen: 150144K->0K(502272K)] [ParOldGen: 1239402K->188765K(1398272K)] 1389546K->188765K(1900544K), [Metaspace: 60420K->60420K(1105920K)], 0.4481652 secs] [Times: user=2.09 sys=0.00, real=0.45 secs] 
3692.546: [GC (Allocation Failure) [PSYoungGen: 308224K->101920K(502272K)] 496989K->290685K(1900544K), 0.0910741 secs] [Times: user=0.54 sys=0.00, real=0.09 secs] 
3693.878: [GC (Allocation Failure) [PSYoungGen: 410144K->147488K(502272K)] 598909K->434066K(1900544K), 0.0503846 secs] [Times: user=0.30 sys=0.00, real=0.05 secs] 
3695.738: [GC (Allocation Failure) [PSYoungGen: 455712K->103424K(500224K)] 742290K->528838K(1898496K), 0.1095265 secs] [Times: user=0.65 sys=0.00, real=0.11 secs] 
3696.970: [GC (Allocation Failure) [PSYoungGen: 412672K->146816K(501760K)] 838086K->671279K(1900032K), 0.0511102 secs] [Times: user=0.30 sys=0.00, real=0.05 secs] 
3699.959: [GC (Allocation Failure) [PSYoungGen: 456064K->97696K(504832K)] 980527K->760183K(1903104K), 0.1724238 secs] [Times: user=1.04 sys=0.00, real=0.18 secs] 
3702.016: [GC (Allocation Failure) [PSYoungGen: 410016K->146208K(504832K)] 1072503K->903672K(1903104K), 0.0498440 secs] [Times: user=0.29 sys=0.00, real=0.05 secs] 
3703.829: [GC (Allocation Failure) [PSYoungGen: 458528K->102656K(501760K)] 1215992K->997160K(1900032K), 0.1665683 secs] [Times: user=0.99 sys=0.00, real=0.17 secs] 
3705.421: [GC (Allocation Failure) [PSYoungGen: 414976K->147264K(503296K)] 1309480K->1141720K(1901568K), 0.0522205 secs] [Times: user=0.31 sys=0.00, real=0.06 secs] 
3706.995: [GC (Allocation Failure) [PSYoungGen: 459584K->106720K(502784K)] 1454040K->1239408K(1901056K), 0.0796541 secs] [Times: user=0.47 sys=0.00, real=0.08 secs] 
3707.528: [GC (Allocation Failure) [PSYoungGen: 421600K->151424K(504320K)] 1554288K->1388631K(1902592K), 0.0536343 secs] [Times: user=0.31 sys=0.00, real=0.06 secs] 
3707.581: [Full GC (Ergonomics) [PSYoungGen: 151424K->0K(504320K)] [ParOldGen: 1237207K->185703K(1398272K)] 1388631K->185703K(1902592K), [Metaspace: 60420K->60420K(1105920K)], 0.4483170 secs] [Times: user=2.09 sys=0.00, real=0.44 secs] 
3711.440: [GC (Allocation Failure) [PSYoungGen: 314880K->100576K(507392K)] 500583K->286279K(1905664K), 0.0670327 secs] [Times: user=0.40 sys=0.00, real=0.07 secs] 
3712.812: [GC (Allocation Failure) [PSYoungGen: 415456K->146784K(505856K)] 601159K->430428K(1904128K), 0.0507807 secs] [Times: user=0.30 sys=0.00, real=0.05 secs] 
3715.475: [GC (Allocation Failure) [PSYoungGen: 461664K->104320K(503808K)] 745308K->525308K(1902080K), 0.1775245 secs] [Times: user=1.05 sys=0.01, real=0.18 secs] 
3717.274: [GC (Allocation Failure) [PSYoungGen: 419200K->148192K(504832K)] 840188K->670621K(1903104K), 0.0517989 secs] [Times: user=0.31 sys=0.00, real=0.05 secs] 
3718.885: [GC (Allocation Failure) [PSYoungGen: 463072K->105792K(505344K)] 985501K->767421K(1903616K), 0.1608729 secs] [Times: user=0.96 sys=0.01, real=0.16 secs] 
3720.625: [GC (Allocation Failure) [PSYoungGen: 422208K->150752K(505856K)] 1083837K->914218K(1904128K), 0.0525462 secs] [Times: user=0.31 sys=0.01, real=0.05 secs] 
3722.823: [GC (Allocation Failure) [PSYoungGen: 467168K->103712K(506880K)] 1230634K->1009038K(1905152K), 0.1247775 secs] [Times: user=0.74 sys=0.00, real=0.12 secs] 
3723.923: [GC (Allocation Failure) [PSYoungGen: 420128K->153216K(470016K)] 1325454K->1157979K(1868288K), 0.0520456 secs] [Times: user=0.30 sys=0.00, real=0.05 secs] 
3726.259: [GC (Allocation Failure) [PSYoungGen: 469632K->102592K(507392K)] 1474395K->1251663K(1905664K), 0.1653797 secs] [Times: user=0.98 sys=0.00, real=0.17 secs] 
3727.544: [GC (Allocation Failure) [PSYoungGen: 415936K->151552K(465408K)] 1565007K->1399316K(1863680K), 0.0513928 secs] [Times: user=0.31 sys=0.00, real=0.05 secs] 
3727.595: [Full GC (Ergonomics) [PSYoungGen: 151552K->0K(465408K)] [ParOldGen: 1247764K->197011K(1398272K)] 1399316K->197011K(1863680K), [Metaspace: 60420K->60420K(1105920K)], 0.4756219 secs] [Times: user=2.21 sys=0.00, real=0.47 secs] 
3730.478: [GC (Allocation Failure) [PSYoungGen: 313344K->101088K(506368K)] 510355K->298099K(1904640K), 0.0533065 secs] [Times: user=0.31 sys=0.00, real=0.06 secs] 
3731.747: [GC (Allocation Failure) [PSYoungGen: 412896K->150016K(462336K)] 609907K->443936K(1860608K), 0.0970013 secs] [Times: user=0.58 sys=0.00, real=0.10 secs] 
3734.890: [GC (Allocation Failure) [PSYoungGen: 461824K->96544K(505344K)] 755744K->532008K(1903616K), 0.1432193 secs] [Times: user=0.86 sys=0.00, real=0.15 secs] 
3736.113: [GC (Allocation Failure) [PSYoungGen: 406816K->150272K(460800K)] 842280K->678100K(1859072K), 0.0484047 secs] [Times: user=0.29 sys=0.00, real=0.04 secs] 
3738.299: [GC (Allocation Failure) [PSYoungGen: 460544K->100000K(504832K)] 988372K->769244K(1903104K), 0.1256337 secs] [Times: user=0.74 sys=0.00, real=0.13 secs] 
3738.845: [GC (Allocation Failure) [PSYoungGen: 408736K->150176K(459264K)] 1077980K->915986K(1857536K), 0.0501733 secs] [Times: user=0.30 sys=0.00, real=0.05 secs] 
3742.194: [GC (Allocation Failure) [PSYoungGen: 458912K->97536K(504320K)] 1224722K->1004962K(1902592K), 0.1452827 secs] [Times: user=0.87 sys=0.00, real=0.14 secs] 
3744.196: [GC (Allocation Failure) [PSYoungGen: 405248K->147776K(502272K)] 1312674K->1148851K(1900544K), 0.0493815 secs] [Times: user=0.29 sys=0.00, real=0.05 secs] 
3746.979: [GC (Allocation Failure) [PSYoungGen: 455488K->96832K(502272K)] 1456563K->1237095K(1900544K), 0.1513717 secs] [Times: user=0.89 sys=0.00, real=0.15 secs] 
3749.761: [GC (Allocation Failure) [PSYoungGen: 404544K->144608K(502272K)] 1544807K->1378700K(1900544K), 0.0501501 secs] [Times: user=0.30 sys=0.00, real=0.05 secs] 
3749.811: [Full GC (Ergonomics) [PSYoungGen: 144608K->0K(502272K)] [ParOldGen: 1234092K->176337K(1398272K)] 1378700K->176337K(1900544K), [Metaspace: 60421K->60421K(1105920K)], 0.4088453 secs] [Times: user=1.89 sys=0.00, real=0.41 secs] 
3751.755: [GC (Allocation Failure) [PSYoungGen: 307712K->102016K(499712K)] 484049K->278354K(1897984K), 0.0956975 secs] [Times: user=0.57 sys=0.00, real=0.09 secs] 
3753.799: [GC (Allocation Failure) [PSYoungGen: 411264K->153952K(501760K)] 587602K->429526K(1900032K), 0.0523255 secs] [Times: user=0.31 sys=0.00, real=0.05 secs] 
3755.824: [GC (Allocation Failure) [PSYoungGen: 463200K->102496K(503808K)] 738774K->514638K(1902080K), 0.1702002 secs] [Times: user=1.01 sys=0.00, real=0.17 secs] 
3758.103: [GC (Allocation Failure) [PSYoungGen: 410720K->143104K(502272K)] 822862K->655093K(1900544K), 0.0512114 secs] [Times: user=0.30 sys=0.00, real=0.05 secs] 
3759.554: [GC (Allocation Failure) [PSYoungGen: 451328K->106656K(499200K)] 963317K->752306K(1897472K), 0.0922711 secs] [Times: user=0.55 sys=0.00, real=0.09 secs] 
3762.183: [GC (Allocation Failure) [PSYoungGen: 417440K->144032K(501248K)] 1063090K->894150K(1899520K), 0.0525282 secs] [Times: user=0.31 sys=0.00, real=0.05 secs] 
3764.034: [GC (Allocation Failure) [PSYoungGen: 454816K->104064K(503296K)] 1204934K->988898K(1901568K), 0.1566416 secs] [Times: user=0.92 sys=0.00, real=0.15 secs] 
3766.314: [GC (Allocation Failure) [PSYoungGen: 420992K->145920K(505344K)] 1305826K->1132267K(1903616K), 0.0528975 secs] [Times: user=0.31 sys=0.00, real=0.05 secs] 
3768.169: [GC (Allocation Failure) [PSYoungGen: 462848K->106944K(505344K)] 1449195K->1229939K(1903616K), 0.1579338 secs] [Times: user=0.93 sys=0.01, real=0.16 secs] 
3770.814: [GC (Allocation Failure) [PSYoungGen: 426944K->148704K(506880K)] 1549939K->1375592K(1905152K), 0.0532148 secs] [Times: user=0.32 sys=0.00, real=0.05 secs] 
3770.867: [Full GC (Ergonomics) [PSYoungGen: 148704K->0K(506880K)] [ParOldGen: 1226888K->175006K(1398272K)] 1375592K->175006K(1905152K), [Metaspace: 60421K->60421K(1105920K)], 0.4133529 secs] [Times: user=1.92 sys=0.00, real=0.41 secs] 
3773.105: [GC (Allocation Failure) [PSYoungGen: 320000K->108672K(507904K)] 495006K->283678K(1906176K), 0.0727666 secs] [Times: user=0.43 sys=0.00, real=0.07 secs] 
3775.134: [GC (Allocation Failure) [PSYoungGen: 430720K->149632K(508416K)] 605726K->430407K(1906688K), 0.0540509 secs] [Times: user=0.32 sys=0.00, real=0.05 secs] 
3777.100: [GC (Allocation Failure) [PSYoungGen: 471680K->109184K(509440K)] 752455K->530995K(1907712K), 0.1749733 secs] [Times: user=1.04 sys=0.01, real=0.18 secs] 
3778.314: [GC (Allocation Failure) [PSYoungGen: 432256K->181440K(504832K)] 854067K->708606K(1903104K), 0.0548243 secs] [Times: user=0.32 sys=0.00, real=0.05 secs] 
3780.865: [GC (Allocation Failure) [PSYoungGen: 504512K->106240K(496640K)] 1031678K->781614K(1894912K), 0.1437126 secs] [Times: user=0.85 sys=0.01, real=0.14 secs] 
3781.421: [GC (Allocation Failure) [PSYoungGen: 405420K->145056K(500736K)] 1080794K->922987K(1899008K), 0.0513449 secs] [Times: user=0.31 sys=0.00, real=0.06 secs] 
3784.023: [GC (Allocation Failure) [PSYoungGen: 447648K->96928K(498176K)] 1225579K->1011159K(1896448K), 0.1582234 secs] [Times: user=0.94 sys=0.00, real=0.15 secs] 
3785.084: [GC (Allocation Failure) [PSYoungGen: 400032K->147360K(499712K)] 1314263K->1154628K(1897984K), 0.0494998 secs] [Times: user=0.29 sys=0.00, real=0.05 secs] 
3788.091: [GC (Allocation Failure) [PSYoungGen: 450464K->96160K(500736K)] 1457732K->1242228K(1899008K), 0.1739978 secs] [Times: user=1.02 sys=0.00, real=0.18 secs] 
3789.808: [GC (Allocation Failure) [PSYoungGen: 401312K->144448K(501248K)] 1547380K->1383265K(1899520K), 0.0491372 secs] [Times: user=0.29 sys=0.00, real=0.05 secs] 
3789.857: [Full GC (Ergonomics) [PSYoungGen: 144448K->0K(501248K)] [ParOldGen: 1238816K->180623K(1398272K)] 1383265K->180623K(1899520K), [Metaspace: 60422K->60422K(1105920K)], 0.4174778 secs] [Times: user=1.93 sys=0.00, real=0.42 secs] 
3792.104: [GC (Allocation Failure) [PSYoungGen: 305152K->101824K(497664K)] 485775K->282447K(1895936K), 0.1037394 secs] [Times: user=0.62 sys=0.01, real=0.10 secs] 
3794.380: [GC (Allocation Failure) [PSYoungGen: 408512K->144960K(500224K)] 589135K->424440K(1898496K), 0.0506415 secs] [Times: user=0.30 sys=0.00, real=0.05 secs] 
3796.010: [GC (Allocation Failure) [PSYoungGen: 451648K->102208K(500736K)] 731128K->517972K(1899008K), 0.1486894 secs] [Times: user=0.87 sys=0.01, real=0.15 secs] 
3798.114: [GC (Allocation Failure) [PSYoungGen: 413504K->145856K(502784K)] 829268K->660653K(1901056K), 0.0516662 secs] [Times: user=0.31 sys=0.00, real=0.05 secs] 
3800.366: [GC (Allocation Failure) [PSYoungGen: 457152K->102144K(504320K)] 971949K->754017K(1902592K), 0.1577187 secs] [Times: user=0.94 sys=0.00, real=0.16 secs] 
3802.277: [GC (Allocation Failure) [PSYoungGen: 417024K->147520K(505344K)] 1068897K->898593K(1903616K), 0.0520508 secs] [Times: user=0.31 sys=0.00, real=0.05 secs] 
3804.529: [GC (Allocation Failure) [PSYoungGen: 462400K->105376K(504320K)] 1213473K->994798K(1902592K), 0.1716193 secs] [Times: user=1.02 sys=0.00, real=0.17 secs] 
3806.837: [GC (Allocation Failure) [PSYoungGen: 421280K->146688K(505344K)] 1310702K->1138782K(1903616K), 0.0532949 secs] [Times: user=0.31 sys=0.00, real=0.05 secs] 
3808.806: [GC (Allocation Failure) [PSYoungGen: 462592K->105376K(505856K)] 1454686K->1234894K(1904128K), 0.1695684 secs] [Times: user=0.87 sys=0.00, real=0.17 secs] 
3810.520: [GC (Allocation Failure) [PSYoungGen: 423840K->148320K(506880K)] 1553358K->1380651K(1905152K), 0.0535702 secs] [Times: user=0.32 sys=0.00, real=0.06 secs] 
3810.573: [Full GC (Ergonomics) [PSYoungGen: 148320K->0K(506880K)] [ParOldGen: 1232331K->180140K(1398272K)] 1380651K->180140K(1905152K), [Metaspace: 60423K->60423K(1105920K)], 0.4328113 secs] [Times: user=2.02 sys=0.00, real=0.43 secs] 
3813.031: [GC (Allocation Failure) [PSYoungGen: 318464K->106464K(506880K)] 498604K->286604K(1905152K), 0.1091447 secs] [Times: user=0.64 sys=0.01, real=0.11 secs] 
3814.108: [GC (Allocation Failure) [PSYoungGen: 425952K->150048K(507392K)] 606092K->434188K(1905664K), 0.0532281 secs] [Times: user=0.32 sys=0.00, real=0.06 secs] 
3816.574: [GC (Allocation Failure) [PSYoungGen: 469536K->106464K(508416K)] 753676K->531772K(1906688K), 0.1364216 secs] [Times: user=0.81 sys=0.01, real=0.13 secs] 
3817.992: [GC (Allocation Failure) [PSYoungGen: 425952K->160416K(480256K)] 851260K->688217K(1878528K), 0.0525380 secs] [Times: user=0.31 sys=0.00, real=0.05 secs] 
3820.845: [GC (Allocation Failure) [PSYoungGen: 479904K->106816K(506880K)] 1007705K->777989K(1905152K), 0.1419952 secs] [Times: user=0.85 sys=0.00, real=0.14 secs] 
3821.934: [GC (Allocation Failure) [PSYoungGen: 416972K->146784K(503808K)] 1088146K->920726K(1902080K), 0.0517497 secs] [Times: user=0.30 sys=0.00, real=0.05 secs] 
3825.009: [GC (Allocation Failure) [PSYoungGen: 458592K->100192K(505344K)] 1232534K->1012590K(1903616K), 0.1567783 secs] [Times: user=0.92 sys=0.01, real=0.16 secs] 
3826.164: [GC (Allocation Failure) [PSYoungGen: 413536K->157952K(471552K)] 1325934K->1166071K(1869824K), 0.0505210 secs] [Times: user=0.30 sys=0.00, real=0.05 secs] 
3828.699: [GC (Allocation Failure) [PSYoungGen: 471296K->103520K(504320K)] 1479415K->1252663K(1902592K), 0.1163107 secs] [Times: user=0.69 sys=0.00, real=0.12 secs] 
3829.573: [GC (Allocation Failure) [PSYoungGen: 411232K->147680K(502272K)] 1560375K->1396324K(1900544K), 0.0515224 secs] [Times: user=0.30 sys=0.00, real=0.05 secs] 
3829.624: [Full GC (Ergonomics) [PSYoungGen: 147680K->0K(502272K)] [ParOldGen: 1248644K->195149K(1398272K)] 1396324K->195149K(1900544K), [Metaspace: 60423K->60423K(1105920K)], 0.4693730 secs] [Times: user=2.20 sys=0.00, real=0.47 secs] 
3832.322: [GC (Allocation Failure) [PSYoungGen: 307712K->99040K(502272K)] 502861K->294189K(1900544K), 0.0924094 secs] [Times: user=0.55 sys=0.00, real=0.09 secs] 
3833.790: [GC (Allocation Failure) [PSYoungGen: 407776K->146624K(502784K)] 602925K->436866K(1901056K), 0.0484322 secs] [Times: user=0.29 sys=0.00, real=0.05 secs] 
3836.444: [GC (GCLocker Initiated GC) [PSYoungGen: 455360K->101376K(501248K)] 745602K->529378K(1899520K), 0.1382948 secs] [Times: user=0.82 sys=0.00, real=0.14 secs] 
3837.738: [GC (Allocation Failure) [PSYoungGen: 411648K->147616K(502784K)] 839653K->673194K(1901056K), 0.0508465 secs] [Times: user=0.30 sys=0.00, real=0.05 secs] 
3840.372: [GC (Allocation Failure) [PSYoungGen: 457888K->100896K(503808K)] 983466K->765558K(1902080K), 0.1671708 secs] [Times: user=1.00 sys=0.00, real=0.16 secs] 
3841.901: [GC (Allocation Failure) [PSYoungGen: 413216K->148672K(504320K)] 1077878K->911519K(1902592K), 0.0515682 secs] [Times: user=0.30 sys=0.00, real=0.06 secs] 
3844.183: [GC (Allocation Failure) [PSYoungGen: 460992K->101952K(504832K)] 1223839K->1004911K(1903104K), 0.1609060 secs] [Times: user=0.95 sys=0.01, real=0.16 secs] 
3845.554: [GC (Allocation Failure) [PSYoungGen: 414784K->146976K(504832K)] 1317743K->1149055K(1903104K), 0.0515214 secs] [Times: user=0.30 sys=0.01, real=0.05 secs] 
3847.952: [GC (Allocation Failure) [PSYoungGen: 459808K->105504K(502272K)] 1461887K->1246071K(1900544K), 0.1759563 secs] [Times: user=1.04 sys=0.01, real=0.17 secs] 
3849.381: [GC (Allocation Failure) [PSYoungGen: 418848K->148480K(503808K)] 1559415K->1390904K(1902080K), 0.0526784 secs] [Times: user=0.31 sys=0.00, real=0.06 secs] 
3849.434: [Full GC (Ergonomics) [PSYoungGen: 148480K->0K(503808K)] [ParOldGen: 1242424K->187608K(1398272K)] 1390904K->187608K(1902080K), [Metaspace: 60427K->60427K(1105920K)], 0.4532553 secs] [Times: user=2.12 sys=0.00, real=0.45 secs] 
3852.263: [GC (Allocation Failure) [PSYoungGen: 313344K->101856K(506368K)] 500952K->289472K(1904640K), 0.0929842 secs] [Times: user=0.55 sys=0.00, real=0.09 secs] 
3853.648: [GC (Allocation Failure) [PSYoungGen: 417760K->152256K(468480K)] 605376K->437277K(1866752K), 0.0510556 secs] [Times: user=0.30 sys=0.00, real=0.05 secs] 
3855.990: [GC (Allocation Failure) [PSYoungGen: 468160K->101984K(507392K)] 753181K->530129K(1905664K), 0.1684096 secs] [Times: user=1.01 sys=0.00, real=0.17 secs] 
3857.254: [GC (Allocation Failure) [PSYoungGen: 415328K->152032K(465408K)] 843473K->678142K(1863680K), 0.0513475 secs] [Times: user=0.31 sys=0.00, real=0.05 secs] 
3859.687: [GC (Allocation Failure) [PSYoungGen: 465376K->99712K(505856K)] 991486K->769210K(1904128K), 0.1597665 secs] [Times: user=0.94 sys=0.00, real=0.16 secs] 
3861.042: [GC (Allocation Failure) [PSYoungGen: 410496K->150496K(461312K)] 1079994K->915567K(1859584K), 0.0498518 secs] [Times: user=0.30 sys=0.00, real=0.05 secs] 
3863.327: [GC (Allocation Failure) [PSYoungGen: 461280K->100448K(505344K)] 1226351K->1007487K(1903616K), 0.1484480 secs] [Times: user=0.89 sys=0.00, real=0.15 secs] 
3865.557: [GC (Allocation Failure) [PSYoungGen: 409696K->147360K(502784K)] 1316735K->1151043K(1901056K), 0.0504898 secs] [Times: user=0.30 sys=0.00, real=0.05 secs] 
3867.768: [GC (Allocation Failure) [PSYoungGen: 456608K->101856K(501760K)] 1460291K->1244139K(1900032K), 0.1593979 secs] [Times: user=0.94 sys=0.01, real=0.16 secs] 
3868.844: [GC (Allocation Failure) [PSYoungGen: 412128K->148096K(502784K)] 1554411K->1388000K(1901056K), 0.0513271 secs] [Times: user=0.30 sys=0.00, real=0.05 secs] 
3868.895: [Full GC (Ergonomics) [PSYoungGen: 148096K->0K(502784K)] [ParOldGen: 1239904K->185610K(1398272K)] 1388000K->185610K(1901056K), [Metaspace: 60448K->60448K(1105920K)], 0.4253182 secs] [Times: user=1.96 sys=0.00, real=0.42 secs] 
3871.367: [GC (Allocation Failure) [PSYoungGen: 308625K->101952K(503296K)] 494235K->287562K(1901568K), 0.0924199 secs] [Times: user=0.55 sys=0.01, real=0.09 secs] 
3872.807: [GC (Allocation Failure) [PSYoungGen: 413760K->147904K(503808K)] 599370K->432571K(1902080K), 0.0512245 secs] [Times: user=0.30 sys=0.00, real=0.05 secs] 
3875.255: [GC (Allocation Failure) [PSYoungGen: 459712K->105344K(502784K)] 744379K->529231K(1901056K), 0.1538300 secs] [Times: user=0.91 sys=0.01, real=0.15 secs] 
3876.397: [GC (Allocation Failure) [PSYoungGen: 418176K->149056K(503808K)] 842063K->671964K(1902080K), 0.0518892 secs] [Times: user=0.31 sys=0.00, real=0.05 secs] 
3878.506: [GC (Allocation Failure) [PSYoungGen: 461888K->101088K(505344K)] 984796K->764344K(1903616K), 0.1683027 secs] [Times: user=0.99 sys=0.00, real=0.17 secs] 
3880.782: [GC (Allocation Failure) [PSYoungGen: 415456K->148544K(505344K)] 1078712K->909496K(1903616K), 0.0514443 secs] [Times: user=0.28 sys=0.00, real=0.05 secs] 
3883.723: [GC (Allocation Failure) [PSYoungGen: 462912K->104352K(504320K)] 1223864K->1004669K(1902592K), 0.1733570 secs] [Times: user=1.03 sys=0.00, real=0.17 secs] 
3884.844: [GC (Allocation Failure) [PSYoungGen: 418720K->151456K(504832K)] 1319037K->1152389K(1903104K), 0.0527839 secs] [Times: user=0.31 sys=0.00, real=0.05 secs] 
3888.083: [GC (Allocation Failure) [PSYoungGen: 465824K->102432K(505856K)] 1466757K->1246682K(1904128K), 0.1752812 secs] [Times: user=1.04 sys=0.01, real=0.17 secs] 
3890.176: [GC (Allocation Failure) [PSYoungGen: 415776K->148640K(504832K)] 1560026K->1391318K(1903104K), 0.0524309 secs] [Times: user=0.31 sys=0.00, real=0.05 secs] 
3890.228: [Full GC (Ergonomics) [PSYoungGen: 148640K->0K(504832K)] [ParOldGen: 1242678K->189371K(1398272K)] 1391318K->189371K(1903104K), [Metaspace: 60464K->60464K(1105920K)], 0.4533215 secs] [Times: user=2.12 sys=0.00, real=0.46 secs] 
3893.627: [GC (Allocation Failure) [PSYoungGen: 313344K->100416K(505344K)] 502715K->289787K(1903616K), 0.0903140 secs] [Times: user=0.53 sys=0.00, real=0.09 secs] 
3895.666: [GC (Allocation Failure) [PSYoungGen: 414272K->148960K(462848K)] 603643K->434728K(1861120K), 0.0495203 secs] [Times: user=0.30 sys=0.00, real=0.05 secs] 
3897.849: [GC (Allocation Failure) [PSYoungGen: 462816K->102720K(507392K)] 748584K->528976K(1905664K), 0.1260358 secs] [Times: user=0.75 sys=0.00, real=0.13 secs] 
3899.538: [GC (Allocation Failure) [PSYoungGen: 416064K->150848K(464384K)] 842320K->675544K(1862656K), 0.0504323 secs] [Times: user=0.30 sys=0.00, real=0.05 secs] 
3900.934: [GC (Allocation Failure) [PSYoungGen: 464192K->104640K(507392K)] 988888K->771393K(1905664K), 0.1183784 secs] [Times: user=0.70 sys=0.00, real=0.12 secs] 
3901.872: [GC (Allocation Failure) [PSYoungGen: 417472K->151520K(464384K)] 1084225K->919725K(1862656K), 0.0684978 secs] [Times: user=0.41 sys=0.00, real=0.06 secs] 
3905.207: [GC (Allocation Failure) [PSYoungGen: 464352K->97280K(505344K)] 1232557K->1008941K(1903616K), 0.1733871 secs] [Times: user=1.04 sys=0.00, real=0.17 secs] 
3907.018: [GC (Allocation Failure) [PSYoungGen: 407552K->148128K(503808K)] 1319213K->1153606K(1902080K), 0.0508541 secs] [Times: user=0.30 sys=0.01, real=0.05 secs] 
3909.024: [GC (Allocation Failure) [PSYoungGen: 458400K->102560K(501760K)] 1463878K->1247566K(1900032K), 0.1392701 secs] [Times: user=0.82 sys=0.01, real=0.14 secs] 
3910.267: [GC (Allocation Failure) [PSYoungGen: 412832K->147936K(502784K)] 1557838K->1391575K(1901056K), 0.0514206 secs] [Times: user=0.30 sys=0.00, real=0.05 secs] 
3910.318: [Full GC (Ergonomics) [PSYoungGen: 147936K->0K(502784K)] [ParOldGen: 1243639K->188672K(1398272K)] 1391575K->188672K(1901056K), [Metaspace: 60468K->60468K(1105920K)], 0.4440576 secs] [Times: user=2.06 sys=0.00, real=0.45 secs] 
3912.606: [GC (Allocation Failure) [PSYoungGen: 310272K->102752K(503296K)] 498944K->291424K(1901568K), 0.0712362 secs] [Times: user=0.42 sys=0.00, real=0.07 secs] 
3913.543: [GC (Allocation Failure) [PSYoungGen: 414560K->150912K(503808K)] 603232K->438385K(1902080K), 0.0507458 secs] [Times: user=0.30 sys=0.00, real=0.05 secs] 
3916.914: [GC (Allocation Failure) [PSYoungGen: 462720K->98528K(504832K)] 750193K->528121K(1903104K), 0.1652324 secs] [Times: user=0.98 sys=0.01, real=0.16 secs] 
3918.335: [GC (Allocation Failure) [PSYoungGen: 409312K->151808K(462848K)] 838905K->676082K(1861120K), 0.0500075 secs] [Times: user=0.30 sys=0.00, real=0.05 secs] 
3921.133: [GC (Allocation Failure) [PSYoungGen: 462592K->102912K(505344K)] 986866K->770782K(1903616K), 0.1702564 secs] [Times: user=1.00 sys=0.00, real=0.17 secs] 
3923.463: [GC (Allocation Failure) [PSYoungGen: 412160K->147424K(502784K)] 1080030K->914219K(1901056K), 0.0520204 secs] [Times: user=0.31 sys=0.00, real=0.05 secs] 
3925.864: [GC (Allocation Failure) [PSYoungGen: 456672K->99872K(502784K)] 1223467K->1004991K(1901056K), 0.1709831 secs] [Times: user=1.02 sys=0.01, real=0.17 secs] 
3927.419: [GC (Allocation Failure) [PSYoungGen: 410144K->148192K(503296K)] 1315263K->1149360K(1901568K), 0.0510566 secs] [Times: user=0.31 sys=0.00, real=0.05 secs] 
3929.300: [GC (Allocation Failure) [PSYoungGen: 458464K->104320K(501760K)] 1459632K->1244772K(1900032K), 0.1638924 secs] [Times: user=0.97 sys=0.00, real=0.17 secs] 
3930.956: [GC (Allocation Failure) [PSYoungGen: 415104K->146944K(502784K)] 1555556K->1388141K(1901056K), 0.0526688 secs] [Times: user=0.31 sys=0.00, real=0.05 secs] 
3931.009: [Full GC (Ergonomics) [PSYoungGen: 146944K->0K(502784K)] [ParOldGen: 1241197K->185491K(1398272K)] 1388141K->185491K(1901056K), [Metaspace: 60468K->60468K(1105920K)], 0.4303141 secs] [Times: user=1.99 sys=0.00, real=0.43 secs] 
3934.266: [GC (Allocation Failure) [PSYoungGen: 310784K->101184K(503296K)] 496275K->286675K(1901568K), 0.0904907 secs] [Times: user=0.53 sys=0.00, real=0.09 secs] 
3936.492: [GC (Allocation Failure) [PSYoungGen: 414528K->146464K(504320K)] 600019K->430444K(1902592K), 0.0508393 secs] [Times: user=0.30 sys=0.00, real=0.05 secs] 
3938.149: [GC (Allocation Failure) [PSYoungGen: 459808K->105024K(503808K)] 743788K->526876K(1902080K), 0.1377099 secs] [Times: user=0.81 sys=0.00, real=0.14 secs] 
3940.052: [GC (Allocation Failure) [PSYoungGen: 419904K->149088K(504832K)] 841756K->672916K(1903104K), 0.0522304 secs] [Times: user=0.31 sys=0.00, real=0.05 secs] 
3943.065: [GC (Allocation Failure) [PSYoungGen: 463968K->102752K(506368K)] 987796K->766620K(1904640K), 0.1505643 secs] [Times: user=0.90 sys=0.00, real=0.15 secs] 
3944.559: [GC (Allocation Failure) [PSYoungGen: 419168K->150016K(466944K)] 1083036K->913981K(1865216K), 0.0519082 secs] [Times: user=0.30 sys=0.00, real=0.05 secs] 
3946.702: [GC (Allocation Failure) [PSYoungGen: 466432K->101216K(507904K)] 1230397K->1006841K(1906176K), 0.1624903 secs] [Times: user=0.96 sys=0.01, real=0.16 secs] 
3948.191: [GC (Allocation Failure) [PSYoungGen: 416096K->152576K(467968K)] 1321721K->1155062K(1866240K), 0.0511855 secs] [Times: user=0.30 sys=0.00, real=0.06 secs] 
3950.018: [GC (Allocation Failure) [PSYoungGen: 467456K->102144K(506880K)] 1469942K->1248466K(1905152K), 0.1577357 secs] [Times: user=0.94 sys=0.00, real=0.16 secs] 
3951.320: [GC (Allocation Failure) [PSYoungGen: 414464K->149440K(504320K)] 1560786K->1393651K(1902592K), 0.0517744 secs] [Times: user=0.31 sys=0.00, real=0.06 secs] 
3951.371: [Full GC (Ergonomics) [PSYoungGen: 149440K->0K(504320K)] [ParOldGen: 1244211K->189971K(1398272K)] 1393651K->189971K(1902592K), [Metaspace: 60468K->60468K(1105920K)], 0.4512518 secs] [Times: user=2.10 sys=0.00, real=0.45 secs] 
3954.338: [GC (Allocation Failure) [PSYoungGen: 312320K->102944K(504320K)] 502291K->292915K(1902592K), 0.0955498 secs] [Times: user=0.57 sys=0.00, real=0.10 secs] 
3955.874: [GC (Allocation Failure) [PSYoungGen: 415264K->149024K(504320K)] 605235K->438412K(1902592K), 0.0508802 secs] [Times: user=0.30 sys=0.00, real=0.05 secs] 
3958.011: [GC (Allocation Failure) [PSYoungGen: 461344K->103648K(503808K)] 750732K->533628K(1902080K), 0.1581787 secs] [Times: user=0.95 sys=0.00, real=0.16 secs] 
3960.027: [GC (Allocation Failure) [PSYoungGen: 416480K->150080K(504320K)] 846460K->680041K(1902592K), 0.0507415 secs] [Times: user=0.30 sys=0.00, real=0.05 secs] 
3962.299: [GC (Allocation Failure) [PSYoungGen: 462912K->101920K(505344K)] 992873K->773113K(1903616K), 0.1519681 secs] [Times: user=0.90 sys=0.00, real=0.15 secs] 
3963.240: [GC (Allocation Failure) [PSYoungGen: 414752K->159968K(473088K)] 1085945K->929014K(1871360K), 0.0514508 secs] [Times: user=0.31 sys=0.00, real=0.05 secs] 
3966.419: [GC (Allocation Failure) [PSYoungGen: 472800K->99456K(502784K)] 1241846K->1011414K(1901056K), 0.1644933 secs] [Times: user=0.98 sys=0.01, real=0.17 secs] 
3967.552: [GC (Allocation Failure) [PSYoungGen: 404096K->147040K(500736K)] 1316054K->1154687K(1899008K), 0.0493229 secs] [Times: user=0.30 sys=0.00, real=0.05 secs] 
3970.454: [GC (Allocation Failure) [PSYoungGen: 451680K->98464K(499712K)] 1459327K->1244495K(1897984K), 0.1650507 secs] [Times: user=0.96 sys=0.00, real=0.16 secs] 
3972.172: [GC (Allocation Failure) [PSYoungGen: 404128K->146656K(500736K)] 1550159K->1387168K(1899008K), 0.0498430 secs] [Times: user=0.29 sys=0.00, real=0.05 secs] 
3972.221: [Full GC (Ergonomics) [PSYoungGen: 146656K->0K(500736K)] [ParOldGen: 1240512K->183972K(1398272K)] 1387168K->183972K(1899008K), [Metaspace: 60474K->60474K(1105920K)], 0.4344817 secs] [Times: user=2.02 sys=0.00, real=0.43 secs] 
3974.867: [GC (Allocation Failure) [PSYoungGen: 305664K->100512K(500736K)] 489636K->284485K(1899008K), 0.0931603 secs] [Times: user=0.55 sys=0.00, real=0.09 secs] 
3977.325: [GC (Allocation Failure) [PSYoungGen: 408224K->142304K(501760K)] 592197K->424225K(1900032K), 0.0501148 secs] [Times: user=0.30 sys=0.00, real=0.05 secs] 
3979.774: [GC (Allocation Failure) [PSYoungGen: 450016K->102048K(499200K)] 731937K->516961K(1897472K), 0.1422548 secs] [Times: user=0.85 sys=0.00, real=0.14 secs] 
3981.050: [GC (Allocation Failure) [PSYoungGen: 413344K->148736K(502272K)] 828257K->662806K(1900544K), 0.0513165 secs] [Times: user=0.30 sys=0.00, real=0.06 secs] 
3983.317: [GC (Allocation Failure) [PSYoungGen: 460032K->100640K(505344K)] 974102K->754542K(1903616K), 0.1754376 secs] [Times: user=1.03 sys=0.01, real=0.18 secs] 
3985.910: [GC (Allocation Failure) [PSYoungGen: 415008K->145920K(505344K)] 1068910K->897389K(1903616K), 0.0512006 secs] [Times: user=0.31 sys=0.00, real=0.05 secs] 
3987.448: [GC (Allocation Failure) [PSYoungGen: 460288K->106080K(503296K)] 1211757K->994653K(1901568K), 0.1395860 secs] [Times: user=0.83 sys=0.00, real=0.14 secs] 
3988.107: [GC (Allocation Failure) [PSYoungGen: 421472K->151072K(504832K)] 1310045K->1143684K(1903104K), 0.0541620 secs] [Times: user=0.32 sys=0.00, real=0.05 secs] 
3990.720: [GC (Allocation Failure) [PSYoungGen: 466464K->101312K(506880K)] 1459076K->1236724K(1905152K), 0.1769887 secs] [Times: user=1.06 sys=0.00, real=0.18 secs] 
3993.497: [GC (Allocation Failure) [PSYoungGen: 416704K->145952K(505856K)] 1552116K->1379829K(1904128K), 0.0521594 secs] [Times: user=0.31 sys=0.00, real=0.05 secs] 
3993.550: [Full GC (Ergonomics) [PSYoungGen: 145952K->0K(505856K)] [ParOldGen: 1233877K->177508K(1398272K)] 1379829K->177508K(1904128K), [Metaspace: 60481K->60481K(1105920K)], 0.4302795 secs] [Times: user=1.92 sys=0.00, real=0.43 secs] 
3996.175: [GC (Allocation Failure) [PSYoungGen: 315392K->105632K(503808K)] 492900K->283140K(1902080K), 0.0734552 secs] [Times: user=0.43 sys=0.01, real=0.07 secs] 
3998.289: [GC (Allocation Failure) [PSYoungGen: 422048K->148128K(505344K)] 599556K->427964K(1903616K), 0.0530335 secs] [Times: user=0.32 sys=0.00, real=0.06 secs] 
3999.624: [GC (Allocation Failure) [PSYoungGen: 464544K->107904K(505344K)] 744380K->526957K(1903616K), 0.0849560 secs] [Times: user=0.51 sys=0.00, real=0.08 secs] 
4001.316: [GC (Allocation Failure) [PSYoungGen: 426368K->153792K(506368K)] 845421K->677321K(1904640K), 0.0528705 secs] [Times: user=0.31 sys=0.00, real=0.05 secs] 
4004.787: [GC (Allocation Failure) [PSYoungGen: 472256K->98656K(507904K)] 995785K->767557K(1906176K), 0.1509537 secs] [Times: user=0.91 sys=0.00, real=0.15 secs] 
4006.138: [GC (Allocation Failure) [PSYoungGen: 414048K->151136K(466944K)] 1082949K->914890K(1865216K), 0.0499868 secs] [Times: user=0.29 sys=0.00, real=0.05 secs] 
4008.024: [GC (Allocation Failure) [PSYoungGen: 466528K->106784K(507904K)] 1230282K->1013006K(1906176K), 0.1099837 secs] [Times: user=0.65 sys=0.00, real=0.11 secs] 
4008.961: [GC (Allocation Failure) [PSYoungGen: 420640K->151488K(504832K)] 1326862K->1160751K(1903104K), 0.0528694 secs] [Times: user=0.32 sys=0.00, real=0.06 secs] 
4012.869: [GC (Allocation Failure) [PSYoungGen: 465344K->98272K(506368K)] 1474607K->1250547K(1904640K), 0.1598443 secs] [Times: user=0.95 sys=0.00, real=0.16 secs] 
4014.463: [GC (Allocation Failure) [PSYoungGen: 410592K->159296K(472064K)] 1562867K->1405768K(1870336K), 0.0514873 secs] [Times: user=0.28 sys=0.00, real=0.05 secs] 
4014.514: [Full GC (Ergonomics) [PSYoungGen: 159296K->0K(472064K)] [ParOldGen: 1246472K->194258K(1398272K)] 1405768K->194258K(1870336K), [Metaspace: 60485K->60485K(1105920K)], 0.4619131 secs] [Times: user=2.08 sys=0.00, real=0.46 secs] 
4017.473: [GC (Allocation Failure) [PSYoungGen: 312320K->99584K(502272K)] 506578K->293842K(1900544K), 0.1018519 secs] [Times: user=0.58 sys=0.01, real=0.10 secs] 
4018.933: [GC (Allocation Failure) [PSYoungGen: 403200K->146304K(500224K)] 597458K->435591K(1898496K), 0.0486831 secs] [Times: user=0.29 sys=0.00, real=0.05 secs] 
4021.367: [GC (GCLocker Initiated GC) [PSYoungGen: 449920K->98592K(499712K)] 739207K->525311K(1897984K), 0.1672617 secs] [Times: user=0.99 sys=0.01, real=0.17 secs] 
4023.266: [GC (Allocation Failure) [PSYoungGen: 403744K->152512K(500224K)] 830498K->674645K(1898496K), 0.0506957 secs] [Times: user=0.30 sys=0.00, real=0.05 secs] 
4024.703: [GC (GCLocker Initiated GC) [PSYoungGen: 457664K->101280K(501248K)] 979797K->758781K(1899520K), 0.1038141 secs] [Times: user=0.58 sys=0.01, real=0.10 secs] 
4025.656: [GC (Allocation Failure) [PSYoungGen: 406432K->146112K(500736K)] 1063985K->902354K(1899008K), 0.0517023 secs] [Times: user=0.31 sys=0.00, real=0.05 secs] 
4027.646: [GC (Allocation Failure) [PSYoungGen: 451264K->99840K(499200K)] 1207506K->993526K(1897472K), 0.1369554 secs] [Times: user=0.81 sys=0.00, real=0.14 secs] 
4030.720: [GC (Allocation Failure) [PSYoungGen: 406528K->141312K(500736K)] 1300214K->1132075K(1899008K), 0.0513178 secs] [Times: user=0.31 sys=0.01, real=0.06 secs] 
4032.184: [GC (Allocation Failure) [PSYoungGen: 448000K->105280K(498176K)] 1438763K->1227655K(1896448K), 0.1048925 secs] [Times: user=0.62 sys=0.00, real=0.10 secs] 
4035.333: [GC (Allocation Failure) [PSYoungGen: 416576K->139552K(501760K)] 1538951K->1365076K(1900032K), 0.0537730 secs] [Times: user=0.32 sys=0.00, real=0.05 secs] 
4035.387: [Full GC (Ergonomics) [PSYoungGen: 139552K->0K(501760K)] [ParOldGen: 1225524K->163158K(1398272K)] 1365076K->163158K(1900032K), [Metaspace: 60485K->60485K(1105920K)], 0.3674083 secs] [Times: user=1.68 sys=0.00, real=0.37 secs] 
4037.320: [GC (Allocation Failure) [PSYoungGen: 311296K->108064K(501248K)] 474454K->271223K(1899520K), 0.0872667 secs] [Times: user=0.51 sys=0.00, real=0.09 secs] 
4039.912: [GC (Allocation Failure) [PSYoungGen: 427040K->144640K(505344K)] 590199K->413311K(1903616K), 0.0541585 secs] [Times: user=0.33 sys=0.00, real=0.05 secs] 
4041.430: [GC (Allocation Failure) [PSYoungGen: 463616K->109824K(507392K)] 732287K->513679K(1905664K), 0.0982734 secs] [Times: user=0.58 sys=0.00, real=0.10 secs] 
4043.421: [GC (Allocation Failure) [PSYoungGen: 434944K->151616K(509440K)] 838799K->662624K(1907712K), 0.0538436 secs] [Times: user=0.32 sys=0.00, real=0.06 secs] 
4046.163: [GC (Allocation Failure) [PSYoungGen: 476736K->108928K(511488K)] 987744K->762200K(1909760K), 0.1524688 secs] [Times: user=0.91 sys=0.00, real=0.15 secs] 
4048.051: [GC (Allocation Failure) [PSYoungGen: 434048K->154048K(479232K)] 1087320K->912421K(1877504K), 0.0542424 secs] [Times: user=0.32 sys=0.00, real=0.06 secs] 
4050.755: [GC (Allocation Failure) [PSYoungGen: 479168K->109632K(512000K)] 1237541K->1012857K(1910272K), 0.1700808 secs] [Times: user=1.01 sys=0.00, real=0.17 secs] 
4052.048: [GC (Allocation Failure) [PSYoungGen: 428544K->151776K(474112K)] 1331770K->1160634K(1872384K), 0.0536082 secs] [Times: user=0.32 sys=0.00, real=0.06 secs] 
4055.093: [GC (Allocation Failure) [PSYoungGen: 473824K->105728K(510464K)] 1482682K->1257338K(1908736K), 0.1684211 secs] [Times: user=1.00 sys=0.00, real=0.16 secs] 
4056.363: [GC (Allocation Failure) [PSYoungGen: 409747K->145024K(508416K)] 1561357K->1398431K(1906688K), 0.0507810 secs] [Times: user=0.30 sys=0.00, real=0.05 secs] 
4056.414: [Full GC (Ergonomics) [PSYoungGen: 145024K->0K(508416K)] [ParOldGen: 1253407K->196787K(1398272K)] 1398431K->196787K(1906688K), [Metaspace: 60485K->60485K(1105920K)], 0.4780030 secs] [Times: user=2.24 sys=0.00, real=0.48 secs] 
4059.428: [GC (Allocation Failure) [PSYoungGen: 320000K->104352K(507904K)] 516787K->301139K(1906176K), 0.0873035 secs] [Times: user=0.51 sys=0.00, real=0.09 secs] 
4060.394: [GC (Allocation Failure) [PSYoungGen: 410824K->147360K(508416K)] 607611K->443656K(1906688K), 0.0485685 secs] [Times: user=0.29 sys=0.00, real=0.05 secs] 
4063.312: [GC (Allocation Failure) [PSYoungGen: 468896K->102944K(509952K)] 765192K->538056K(1908224K), 0.1508790 secs] [Times: user=0.90 sys=0.00, real=0.15 secs] 
4064.825: [GC (Allocation Failure) [PSYoungGen: 416353K->147872K(509952K)] 851465K->682369K(1908224K), 0.0492208 secs] [Times: user=0.30 sys=0.00, real=0.05 secs] 
4067.807: [GC (Allocation Failure) [PSYoungGen: 470944K->108320K(508928K)] 1005441K->782225K(1907200K), 0.1688776 secs] [Times: user=1.01 sys=0.01, real=0.17 secs] 
4068.956: [GC (Allocation Failure) [PSYoungGen: 431392K->154112K(477696K)] 1105297K->932562K(1875968K), 0.0524588 secs] [Times: user=0.31 sys=0.00, real=0.05 secs] 
4073.346: [GC (Allocation Failure) [PSYoungGen: 476286K->94080K(508416K)] 1254736K->1026058K(1906688K), 0.1393453 secs] [Times: user=0.83 sys=0.00, real=0.14 secs] 
4074.424: [GC (Allocation Failure) [PSYoungGen: 411520K->154240K(472064K)] 1343498K->1176091K(1870336K), 0.0554762 secs] [Times: user=0.33 sys=0.00, real=0.05 secs] 
4077.713: [GC (Allocation Failure) [PSYoungGen: 471680K->92032K(504832K)] 1493531K->1268035K(1903104K), 0.1682261 secs] [Times: user=1.01 sys=0.00, real=0.16 secs] 
4078.741: [GC (Allocation Failure) [PSYoungGen: 402304K->154048K(464384K)] 1578307K->1416328K(1862656K), 0.0539814 secs] [Times: user=0.32 sys=0.00, real=0.06 secs] 
4078.795: [Full GC (Ergonomics) [PSYoungGen: 154048K->0K(464384K)] [ParOldGen: 1262279K->214101K(1398272K)] 1416328K->214101K(1862656K), [Metaspace: 60485K->60485K(1105920K)], 0.4985713 secs] [Times: user=2.34 sys=0.00, real=0.50 secs] 
4082.521: [GC (Allocation Failure) [PSYoungGen: 310272K->93952K(502272K)] 524373K->308053K(1900544K), 0.1331602 secs] [Times: user=0.79 sys=0.00, real=0.14 secs] 
4083.151: [GC (Allocation Failure) [PSYoungGen: 398080K->151040K(455680K)] 612181K->449446K(1853952K), 0.0525260 secs] [Times: user=0.31 sys=0.00, real=0.06 secs] 
4086.365: [GC (Allocation Failure) [PSYoungGen: 455168K->89024K(500224K)] 753574K->538578K(1898496K), 0.1283404 secs] [Times: user=0.76 sys=0.01, real=0.13 secs] 
4087.113: [GC (Allocation Failure) [PSYoungGen: 382423K->140384K(441344K)] 831977K->675439K(1839616K), 0.0485798 secs] [Times: user=0.29 sys=0.00, real=0.05 secs] 
4088.835: [GC (GCLocker Initiated GC) [PSYoungGen: 440928K->99360K(501248K)] 975984K->766040K(1899520K), 0.1133404 secs] [Times: user=0.67 sys=0.00, real=0.11 secs] 
4090.608: [GC (Allocation Failure) [PSYoungGen: 402976K->151168K(498176K)] 1069657K->913130K(1896448K), 0.0496742 secs] [Times: user=0.29 sys=0.00, real=0.05 secs] 
4092.512: [GC (Allocation Failure) [PSYoungGen: 454784K->101312K(501248K)] 1216746K->996970K(1899520K), 0.1676603 secs] [Times: user=0.98 sys=0.01, real=0.16 secs] 
4093.782: [GC (Allocation Failure) [PSYoungGen: 406976K->147712K(500736K)] 1302634K->1140755K(1899008K), 0.0516469 secs] [Times: user=0.31 sys=0.00, real=0.05 secs] 
4096.328: [GC (Allocation Failure) [PSYoungGen: 453376K->100928K(499712K)] 1446419K->1232683K(1897984K), 0.1710525 secs] [Times: user=1.02 sys=0.01, real=0.17 secs] 
4099.268: [GC (Allocation Failure) [PSYoungGen: 407616K->142464K(500736K)] 1539371K->1371652K(1899008K), 0.0510469 secs] [Times: user=0.30 sys=0.00, real=0.05 secs] 
4099.319: [Full GC (Ergonomics) [PSYoungGen: 142464K->0K(500736K)] [ParOldGen: 1229188K->178211K(1398272K)] 1371652K->178211K(1899008K), [Metaspace: 60485K->60485K(1105920K)], 0.4131752 secs] [Times: user=1.90 sys=0.00, real=0.42 secs] 
4101.746: [GC (Allocation Failure) [PSYoungGen: 306688K->101408K(498688K)] 484899K->279619K(1896960K), 0.0958566 secs] [Times: user=0.56 sys=0.01, real=0.10 secs] 
4103.966: [GC (Allocation Failure) [PSYoungGen: 412192K->145664K(501760K)] 590403K->422116K(1900032K), 0.0515261 secs] [Times: user=0.30 sys=0.00, real=0.05 secs] 
4106.199: [GC (Allocation Failure) [PSYoungGen: 456448K->103392K(503808K)] 732900K->516432K(1902080K), 0.1696534 secs] [Times: user=1.01 sys=0.00, real=0.17 secs] 
4108.172: [GC (Allocation Failure) [PSYoungGen: 418272K->156864K(472064K)] 831312K->670319K(1870336K), 0.0519649 secs] [Times: user=0.31 sys=0.00, real=0.05 secs] 
4110.295: [GC (Allocation Failure) [PSYoungGen: 471744K->104064K(506368K)] 985199K->757243K(1904640K), 0.1667831 secs] [Times: user=0.99 sys=0.00, real=0.17 secs] 
4112.351: [GC (Allocation Failure) [PSYoungGen: 414848K->146880K(503296K)] 1068027K->901108K(1901568K), 0.0522855 secs] [Times: user=0.31 sys=0.00, real=0.06 secs] 
4114.062: [GC (Allocation Failure) [PSYoungGen: 457664K->102784K(502784K)] 1211892K->994788K(1901056K), 0.1240876 secs] [Times: user=0.74 sys=0.01, real=0.12 secs] 
4115.865: [GC (Allocation Failure) [PSYoungGen: 415104K->154432K(466944K)] 1307108K->1146389K(1865216K), 0.0524904 secs] [Times: user=0.31 sys=0.01, real=0.05 secs] 
4117.887: [GC (Allocation Failure) [PSYoungGen: 466752K->103648K(505856K)] 1458709K->1232581K(1904128K), 0.1481935 secs] [Times: user=0.89 sys=0.00, real=0.15 secs] 
4119.346: [GC (Allocation Failure) [PSYoungGen: 413408K->146624K(502784K)] 1542341K->1376510K(1901056K), 0.0524817 secs] [Times: user=0.31 sys=0.00, real=0.05 secs] 
4119.399: [Full GC (Ergonomics) [PSYoungGen: 146624K->0K(502784K)] [ParOldGen: 1229886K->174184K(1398272K)] 1376510K->174184K(1901056K), [Metaspace: 60485K->60485K(1105920K)], 0.4134661 secs] [Times: user=1.92 sys=0.00, real=0.42 secs] 
4121.537: [GC (Allocation Failure) [PSYoungGen: 309760K->102688K(502272K)] 483944K->276872K(1900544K), 0.0786777 secs] [Times: user=0.47 sys=0.00, real=0.08 secs] 
4124.780: [GC (Allocation Failure) [PSYoungGen: 413984K->144064K(503296K)] 588168K->417980K(1901568K), 0.0521829 secs] [Times: user=0.31 sys=0.00, real=0.06 secs] 
4126.461: [GC (Allocation Failure) [PSYoungGen: 455360K->105824K(501248K)] 729276K->514196K(1899520K), 0.1078581 secs] [Times: user=0.64 sys=0.00, real=0.10 secs] 
4128.087: [GC (Allocation Failure) [PSYoungGen: 420192K->145632K(503808K)] 828564K->657509K(1902080K), 0.0523772 secs] [Times: user=0.31 sys=0.00, real=0.05 secs] 
4129.947: [GC (Allocation Failure) [PSYoungGen: 460000K->105440K(505344K)] 971877K->753613K(1903616K), 0.1607557 secs] [Times: user=0.95 sys=0.01, real=0.16 secs] 
4132.792: [GC (Allocation Failure) [PSYoungGen: 424416K->147744K(506880K)] 1072589K->898522K(1905152K), 0.0527124 secs] [Times: user=0.31 sys=0.00, real=0.05 secs] 
4135.107: [GC (Allocation Failure) [PSYoungGen: 466720K->105184K(507904K)] 1217498K->994582K(1906176K), 0.1692758 secs] [Times: user=1.01 sys=0.00, real=0.17 secs] 
4136.998: [GC (Allocation Failure) [PSYoungGen: 426208K->150080K(508416K)] 1315606K->1142019K(1906688K), 0.0533742 secs] [Times: user=0.32 sys=0.00, real=0.06 secs] 
4139.811: [GC (Allocation Failure) [PSYoungGen: 470653K->108544K(508416K)] 1462592K->1241179K(1906688K), 0.1697315 secs] [Times: user=1.01 sys=0.00, real=0.16 secs] 
4141.654: [GC (Allocation Failure) [PSYoungGen: 429568K->150880K(472064K)] 1562203K->1389492K(1870336K), 0.0543684 secs] [Times: user=0.32 sys=0.00, real=0.05 secs] 
4141.708: [Full GC (Ergonomics) [PSYoungGen: 150880K->0K(472064K)] [ParOldGen: 1238612K->187991K(1398272K)] 1389492K->187991K(1870336K), [Metaspace: 60485K->60485K(1105920K)], 0.4461318 secs] [Times: user=2.08 sys=0.00, real=0.45 secs] 
4143.930: [GC (Allocation Failure) [PSYoungGen: 321024K->106720K(510976K)] 509015K->294711K(1909248K), 0.0769827 secs] [Times: user=0.45 sys=0.01, real=0.08 secs] 
4145.058: [GC (Allocation Failure) [PSYoungGen: 426720K->153440K(473600K)] 614711K->443584K(1871872K), 0.0516914 secs] [Times: user=0.31 sys=0.00, real=0.05 secs] 
4148.421: [GC (Allocation Failure) [PSYoungGen: 473440K->106560K(509440K)] 763584K->540940K(1907712K), 0.1548360 secs] [Times: user=0.92 sys=0.00, real=0.16 secs] 
4149.461: [GC (Allocation Failure) [PSYoungGen: 416760K->146656K(506880K)] 851140K->683469K(1905152K), 0.0509159 secs] [Times: user=0.31 sys=0.00, real=0.06 secs] 
4152.177: [GC (Allocation Failure) [PSYoungGen: 464096K->103488K(506880K)] 1000909K->777757K(1905152K), 0.1529311 secs] [Times: user=0.91 sys=0.00, real=0.15 secs] 
4153.009: [GC (Allocation Failure) [PSYoungGen: 410470K->147456K(507392K)] 1084740K->921346K(1905664K), 0.0502525 secs] [Times: user=0.29 sys=0.01, real=0.05 secs] 
4156.353: [GC (Allocation Failure) [PSYoungGen: 465920K->102304K(507392K)] 1239810K->1015070K(1905664K), 0.1441110 secs] [Times: user=0.86 sys=0.00, real=0.14 secs] 
4156.989: [GC (Allocation Failure) [PSYoungGen: 410975K->148672K(507904K)] 1323741K->1159999K(1906176K), 0.0503508 secs] [Times: user=0.30 sys=0.00, real=0.05 secs] 
4159.747: [GC (Allocation Failure) [PSYoungGen: 468160K->103872K(508416K)] 1479487K->1255551K(1906688K), 0.1479665 secs] [Times: user=0.88 sys=0.00, real=0.15 secs] 
4161.271: [GC (Allocation Failure) [PSYoungGen: 416033K->147264K(507904K)] 1567713K->1398876K(1906176K), 0.0509708 secs] [Times: user=0.30 sys=0.00, real=0.05 secs] 
4161.322: [Full GC (Ergonomics) [PSYoungGen: 147264K->0K(507904K)] [ParOldGen: 1251612K->197096K(1398272K)] 1398876K->197096K(1906176K), [Metaspace: 60487K->60487K(1105920K)], 0.4798703 secs] [Times: user=2.24 sys=0.00, real=0.48 secs] 
4164.889: [GC (Allocation Failure) [PSYoungGen: 318976K->104064K(507392K)] 516072K->301160K(1905664K), 0.0974910 secs] [Times: user=0.57 sys=0.00, real=0.10 secs] 
4166.101: [GC (Allocation Failure) [PSYoungGen: 412340K->147136K(507904K)] 609437K->444281K(1906176K), 0.0492348 secs] [Times: user=0.29 sys=0.00, real=0.05 secs] 
4169.091: [GC (Allocation Failure) [PSYoungGen: 466624K->104480K(507904K)] 763769K->539897K(1906176K), 0.1541394 secs] [Times: user=0.91 sys=0.00, real=0.16 secs] 
4169.915: [GC (Allocation Failure) [PSYoungGen: 424992K->187872K(508416K)] 860409K->724926K(1906688K), 0.0528328 secs] [Times: user=0.32 sys=0.00, real=0.05 secs] 
4173.513: [GC (Allocation Failure) [PSYoungGen: 508384K->95360K(423424K)] 1045438K->787758K(1821696K), 0.1689562 secs] [Times: user=1.00 sys=0.00, real=0.17 secs] 
4174.091: [GC (Allocation Failure) [PSYoungGen: 328320K->113696K(465920K)] 1020718K->897983K(1864192K), 0.0518895 secs] [Times: user=0.31 sys=0.00, real=0.06 secs] 
4175.188: [GC (Allocation Failure) [PSYoungGen: 346656K->88576K(463872K)] 1130943K->978471K(1862144K), 0.0551011 secs] [Times: user=0.33 sys=0.00, real=0.06 secs] 
4179.266: [GC (Allocation Failure) [PSYoungGen: 321536K->81600K(464896K)] 1211431K->1059899K(1863168K), 0.0884662 secs] [Times: user=0.52 sys=0.00, real=0.09 secs] 
4179.561: [GC (Allocation Failure) [PSYoungGen: 298404K->106688K(453632K)] 1276703K->1160808K(1851904K), 0.0438409 secs] [Times: user=0.25 sys=0.00, real=0.05 secs] 
4180.827: [GC (Allocation Failure) [PSYoungGen: 343744K->73280K(459776K)] 1397864K->1225744K(1858048K), 0.0856153 secs] [Times: user=0.51 sys=0.00, real=0.09 secs] 
4182.159: [GC (Allocation Failure) [PSYoungGen: 310336K->109952K(457216K)] 1462800K->1333897K(1855488K), 0.0548829 secs] [Times: user=0.33 sys=0.00, real=0.06 secs] 
4182.980: [GC (Allocation Failure) [PSYoungGen: 364928K->127136K(467456K)] 1588873K->1451818K(1865728K), 0.1536886 secs] [Times: user=0.92 sys=0.00, real=0.16 secs] 
4183.134: [Full GC (Ergonomics) [PSYoungGen: 127136K->0K(467456K)] [ParOldGen: 1324682K->248361K(1398272K)] 1451818K->248361K(1865728K), [Metaspace: 60487K->60487K(1105920K)], 0.6328880 secs] [Times: user=3.03 sys=0.00, real=0.63 secs] 
4187.750: [GC (Allocation Failure) [PSYoungGen: 254976K->63232K(483328K)] 503337K->311593K(1881600K), 0.0444701 secs] [Times: user=0.25 sys=0.00, real=0.05 secs] 
4188.405: [GC (Allocation Failure) [PSYoungGen: 343296K->139968K(486912K)] 591657K->446034K(1885184K), 0.0469291 secs] [Times: user=0.28 sys=0.00, real=0.05 secs] 
4191.153: [GC (Allocation Failure) [PSYoungGen: 420032K->78528K(486912K)] 726098K->524710K(1885184K), 0.1486159 secs] [Times: user=0.89 sys=0.00, real=0.15 secs] 
4193.430: [GC (Allocation Failure) [PSYoungGen: 362688K->135328K(488960K)] 808870K->656312K(1887232K), 0.0463250 secs] [Times: user=0.28 sys=0.00, real=0.05 secs] 
4194.866: [GC (Allocation Failure) [PSYoungGen: 419488K->95680K(481280K)] 940472K->743216K(1879552K), 0.0937463 secs] [Times: user=0.56 sys=0.00, real=0.09 secs] 
4196.404: [GC (Allocation Failure) [PSYoungGen: 385472K->134656K(487936K)] 1033008K->875625K(1886208K), 0.0492593 secs] [Times: user=0.29 sys=0.00, real=0.05 secs] 
4197.580: [GC (Allocation Failure) [PSYoungGen: 424448K->106624K(486400K)] 1165417K->972933K(1884672K), 0.0634870 secs] [Times: user=0.38 sys=0.00, real=0.07 secs] 
4200.409: [GC (Allocation Failure) [PSYoungGen: 409216K->126304K(493568K)] 1275525K->1097577K(1891840K), 0.0525268 secs] [Times: user=0.31 sys=0.01, real=0.05 secs] 
4201.600: [GC (Allocation Failure) [PSYoungGen: 428896K->121184K(494592K)] 1400169K->1208934K(1892864K), 0.0636419 secs] [Times: user=0.37 sys=0.00, real=0.07 secs] 
4204.597: [GC (Allocation Failure) [PSYoungGen: 441184K->127392K(502784K)] 1528934K->1336062K(1901056K), 0.0652332 secs] [Times: user=0.39 sys=0.01, real=0.07 secs] 
4205.836: [GC (Allocation Failure) [PSYoungGen: 447392K->2496K(492544K)] 1656062K->1211470K(1890816K), 0.0047665 secs] [Times: user=0.03 sys=0.00, real=0.00 secs] 
4209.004: [GC (Allocation Failure) [PSYoungGen: 314304K->132672K(444928K)] 1523278K->1342714K(1843200K), 0.0296427 secs] [Times: user=0.17 sys=0.00, real=0.03 secs] 
4210.187: [GC (Allocation Failure) [PSYoungGen: 444480K->116992K(509440K)] 1654522K->1450414K(1907712K), 0.0650338 secs] [Times: user=0.39 sys=0.00, real=0.07 secs] 
4210.252: [Full GC (Ergonomics) [PSYoungGen: 116992K->0K(509440K)] [ParOldGen: 1333422K->17764K(1398272K)] 1450414K->17764K(1907712K), [Metaspace: 60487K->60487K(1105920K)], 0.0286700 secs] [Times: user=0.07 sys=0.00, real=0.02 secs] 
4213.799: [GC (Allocation Failure) [PSYoungGen: 314368K->133408K(503808K)] 332132K->151172K(1902080K), 0.0296452 secs] [Times: user=0.17 sys=0.00, real=0.03 secs] 
4214.996: [GC (Allocation Failure) [PSYoungGen: 447776K->116800K(502784K)] 465540K->258508K(1901056K), 0.0638384 secs] [Times: user=0.38 sys=0.00, real=0.06 secs] 
4218.663: [GC (Allocation Failure) [PSYoungGen: 435776K->137568K(503808K)] 577484K->394288K(1902080K), 0.0560281 secs] [Times: user=0.33 sys=0.00, real=0.05 secs] 
4220.005: [GC (Allocation Failure) [PSYoungGen: 456544K->114848K(501760K)] 713264K->499628K(1900032K), 0.0845125 secs] [Times: user=0.50 sys=0.00, real=0.08 secs] 
4222.288: [GC (Allocation Failure) [PSYoungGen: 442016K->146720K(506880K)] 826796K->644425K(1905152K), 0.0548035 secs] [Times: user=0.32 sys=0.00, real=0.06 secs] 
4224.293: [GC (Allocation Failure) [PSYoungGen: 473888K->113088K(512512K)] 971593K->748049K(1910784K), 0.1666678 secs] [Times: user=0.99 sys=0.00, real=0.16 secs] 
4226.877: [GC (Allocation Failure) [PSYoungGen: 446912K->155680K(489984K)] 1081873K->900766K(1888256K), 0.0564611 secs] [Times: user=0.33 sys=0.01, real=0.06 secs] 
4229.201: [GC (Allocation Failure) [PSYoungGen: 489504K->113024K(516608K)] 1234590K->1004942K(1914880K), 0.1786361 secs] [Times: user=1.05 sys=0.01, real=0.17 secs] 
4230.561: [GC (Allocation Failure) [PSYoungGen: 431436K->152768K(482304K)] 1323355K->1153631K(1880576K), 0.0550864 secs] [Times: user=0.33 sys=0.00, real=0.06 secs] 
4233.448: [GC (Allocation Failure) [PSYoungGen: 481984K->108000K(514560K)] 1482847K->1252895K(1912832K), 0.1600313 secs] [Times: user=0.95 sys=0.00, real=0.16 secs] 
4234.162: [GC (Allocation Failure) [PSYoungGen: 434656K->175488K(502272K)] 1579551K->1424558K(1900544K), 0.0552229 secs] [Times: user=0.32 sys=0.00, real=0.05 secs] 
4234.218: [Full GC (Ergonomics) [PSYoungGen: 175488K->0K(502272K)] [ParOldGen: 1249070K->212568K(1398272K)] 1424558K->212568K(1900544K), [Metaspace: 60487K->60487K(1105920K)], 0.4905938 secs] [Times: user=2.29 sys=0.00, real=0.49 secs] 
4238.264: [GC (Allocation Failure) [PSYoungGen: 326656K->96736K(502784K)] 539224K->309304K(1901056K), 0.1303599 secs] [Times: user=0.78 sys=0.00, real=0.13 secs] 
4238.891: [GC (Allocation Failure) [PSYoungGen: 402912K->149824K(456192K)] 615480K->453601K(1854464K), 0.0544426 secs] [Times: user=0.33 sys=0.00, real=0.06 secs] 
4243.489: [GC (Allocation Failure) [PSYoungGen: 456000K->84736K(500736K)] 759777K->537661K(1899008K), 0.1664062 secs] [Times: user=0.99 sys=0.00, real=0.17 secs] 
4245.402: [GC (Allocation Failure) [PSYoungGen: 376692K->140768K(443392K)] 829618K->674162K(1841664K), 0.0474449 secs] [Times: user=0.27 sys=0.00, real=0.04 secs] 
4247.221: [GC (Allocation Failure) [PSYoungGen: 443360K->95264K(502784K)] 976754K->761230K(1901056K), 0.0996207 secs] [Times: user=0.59 sys=0.01, real=0.10 secs] 
4249.009: [GC (Allocation Failure) [PSYoungGen: 400416K->156672K(462336K)] 1066382K->913699K(1860608K), 0.0490881 secs] [Times: user=0.29 sys=0.00, real=0.05 secs] 
4250.979: [GC (GCLocker Initiated GC) [PSYoungGen: 461824K->100000K(501248K)] 1218852K->996716K(1899520K), 0.1642577 secs] [Times: user=0.98 sys=0.01, real=0.17 secs] 
4253.072: [GC (Allocation Failure) [PSYoungGen: 400544K->143808K(498176K)] 1297308K->1136065K(1896448K), 0.0505092 secs] [Times: user=0.30 sys=0.00, real=0.05 secs] 
4254.917: [GC (Allocation Failure) [PSYoungGen: 444352K->100960K(496640K)] 1436609K->1228065K(1894912K), 0.1612332 secs] [Times: user=0.96 sys=0.00, real=0.16 secs] 
4257.298: [GC (Allocation Failure) [PSYoungGen: 404064K->140128K(497664K)] 1531169K->1365278K(1895936K), 0.0515288 secs] [Times: user=0.31 sys=0.00, real=0.05 secs] 
4257.350: [Full GC (Ergonomics) [PSYoungGen: 140128K->0K(497664K)] [ParOldGen: 1225150K->171903K(1398272K)] 1365278K->171903K(1895936K), [Metaspace: 60487K->60487K(1105920K)], 0.3942518 secs] [Times: user=1.81 sys=0.00, real=0.40 secs] 
4259.387: [GC (Allocation Failure) [PSYoungGen: 303104K->101984K(497664K)] 475007K->273888K(1895936K), 0.0797487 secs] [Times: user=0.47 sys=0.00, real=0.08 secs] 
4261.873: [GC (Allocation Failure) [PSYoungGen: 412256K->143680K(501248K)] 584160K->414731K(1899520K), 0.0517224 secs] [Times: user=0.31 sys=0.00, real=0.05 secs] 
4263.813: [GC (Allocation Failure) [PSYoungGen: 453952K->104640K(501760K)] 725003K->510067K(1900032K), 0.1646675 secs] [Times: user=0.97 sys=0.01, real=0.16 secs] 
4265.580: [GC (Allocation Failure) [PSYoungGen: 420544K->143872K(504320K)] 825971K->651912K(1902592K), 0.0513809 secs] [Times: user=0.30 sys=0.00, real=0.05 secs] 
4267.094: [GC (Allocation Failure) [PSYoungGen: 459776K->108864K(503808K)] 967816K->751836K(1902080K), 0.1061085 secs] [Times: user=0.63 sys=0.00, real=0.10 secs] 
4270.950: [GC (Allocation Failure) [PSYoungGen: 429376K->143840K(506368K)] 1072348K->893769K(1904640K), 0.0581497 secs] [Times: user=0.33 sys=0.00, real=0.06 secs] 
4272.780: [GC (Allocation Failure) [PSYoungGen: 464352K->110048K(507392K)] 1214281K->994669K(1905664K), 0.1526892 secs] [Times: user=0.91 sys=0.00, real=0.16 secs] 
4275.487: [GC (Allocation Failure) [PSYoungGen: 435680K->149568K(509440K)] 1320301K->1141969K(1907712K), 0.0544351 secs] [Times: user=0.32 sys=0.00, real=0.06 secs] 
4277.825: [GC (Allocation Failure) [PSYoungGen: 475200K->111744K(511488K)] 1467601K->1244633K(1909760K), 0.1594330 secs] [Times: user=0.94 sys=0.00, real=0.16 secs] 
4279.167: [GC (Allocation Failure) [PSYoungGen: 439424K->155744K(483840K)] 1572313K->1396198K(1882112K), 0.0554724 secs] [Times: user=0.32 sys=0.00, real=0.06 secs] 
4279.223: [Full GC (Ergonomics) [PSYoungGen: 155744K->0K(483840K)] [ParOldGen: 1240454K->192811K(1398272K)] 1396198K->192811K(1882112K), [Metaspace: 60488K->60488K(1105920K)], 0.4549746 secs] [Times: user=2.11 sys=0.00, real=0.45 secs] 
4282.454: [GC (Allocation Failure) [PSYoungGen: 327680K->108768K(512512K)] 520491K->301579K(1910784K), 0.0983720 secs] [Times: user=0.58 sys=0.00, real=0.10 secs] 
4283.685: [GC (Allocation Failure) [PSYoungGen: 416295K->147200K(509440K)] 609106K->444768K(1907712K), 0.0509175 secs] [Times: user=0.30 sys=0.00, real=0.05 secs] 
4286.617: [GC (Allocation Failure) [PSYoungGen: 470272K->108160K(509440K)] 767840K->543936K(1907712K), 0.1403625 secs] [Times: user=0.83 sys=0.00, real=0.14 secs] 
4287.809: [GC (Allocation Failure) [PSYoungGen: 432256K->154304K(478720K)] 868032K->694533K(1876992K), 0.0526444 secs] [Times: user=0.31 sys=0.00, real=0.06 secs] 
4290.597: [GC (Allocation Failure) [PSYoungGen: 478400K->100000K(509952K)] 1018629K->793753K(1908224K), 0.1657331 secs] [Times: user=0.97 sys=0.01, real=0.17 secs] 
4291.185: [GC (Allocation Failure) [PSYoungGen: 419488K->155104K(474624K)] 1113241K->943583K(1872896K), 0.0566043 secs] [Times: user=0.34 sys=0.00, real=0.06 secs] 
4295.229: [GC (Allocation Failure) [PSYoungGen: 474592K->95168K(505856K)] 1263071K->1038887K(1904128K), 0.1208467 secs] [Times: user=0.72 sys=0.00, real=0.12 secs] 
4295.668: [GC (Allocation Failure) [PSYoungGen: 407488K->153504K(465920K)] 1351207K->1186652K(1864192K), 0.0557976 secs] [Times: user=0.34 sys=0.00, real=0.06 secs] 
4299.140: [GC (Allocation Failure) [PSYoungGen: 465824K->92256K(503296K)] 1498972K->1278916K(1901568K), 0.1174401 secs] [Times: user=0.70 sys=0.00, real=0.12 secs] 
4300.056: [GC (Allocation Failure) [PSYoungGen: 398944K->150176K(457216K)] 1585604K->1423692K(1855488K), 0.1405856 secs] [Times: user=0.84 sys=0.01, real=0.14 secs] 
4300.197: [Full GC (Ergonomics) [PSYoungGen: 150176K->0K(457216K)] [ParOldGen: 1273516K->221467K(1398272K)] 1423692K->221467K(1855488K), [Metaspace: 60488K->60488K(1105920K)], 0.5500357 secs] [Times: user=2.61 sys=0.00, real=0.55 secs] 
4305.422: [GC (Allocation Failure) [PSYoungGen: 306688K->87776K(501248K)] 528155K->309243K(1899520K), 0.0812270 secs] [Times: user=0.48 sys=0.00, real=0.08 secs] 
4306.033: [GC (Allocation Failure) [PSYoungGen: 390880K->150528K(454144K)] 612347K->450144K(1852416K), 0.0508275 secs] [Times: user=0.30 sys=0.00, real=0.05 secs] 
4308.281: [GC (Allocation Failure) [PSYoungGen: 453632K->89280K(499712K)] 753248K->539420K(1897984K), 0.1621566 secs] [Times: user=0.95 sys=0.01, real=0.17 secs] 
4309.746: [GC (Allocation Failure) [PSYoungGen: 379121K->137760K(437248K)] 829261K->674177K(1835520K), 0.1062836 secs] [Times: user=0.63 sys=0.00, real=0.11 secs] 
4312.275: [GC (GCLocker Initiated GC) [PSYoungGen: 436768K->95296K(498176K)] 973186K->761306K(1896448K), 0.1300490 secs] [Times: user=0.77 sys=0.00, real=0.13 secs] 
4313.571: [GC (GCLocker Initiated GC) [PSYoungGen: 396352K->144928K(496128K)] 1062364K->902954K(1894400K), 0.0937756 secs] [Times: user=0.55 sys=0.01, real=0.10 secs] 
4316.881: [GC (Allocation Failure) [PSYoungGen: 445984K->95232K(500736K)] 1204045K->990061K(1899008K), 0.1622173 secs] [Times: user=0.96 sys=0.01, real=0.17 secs] 
4319.968: [GC (Allocation Failure) [PSYoungGen: 402944K->143296K(501760K)] 1297773K->1130161K(1900032K), 0.0491989 secs] [Times: user=0.29 sys=0.00, real=0.05 secs] 
4321.498: [GC (GCLocker Initiated GC) [PSYoungGen: 451008K->103936K(497664K)] 1437874K->1224994K(1895936K), 0.1429211 secs] [Times: user=0.84 sys=0.01, real=0.14 secs] 
4323.836: [GC (Allocation Failure) [PSYoungGen: 413696K->143680K(500736K)] 1534757K->1365762K(1899008K), 0.0533266 secs] [Times: user=0.32 sys=0.00, real=0.05 secs] 
4323.889: [Full GC (Ergonomics) [PSYoungGen: 143680K->0K(500736K)] [ParOldGen: 1222082K->172267K(1398272K)] 1365762K->172267K(1899008K), [Metaspace: 60488K->60488K(1105920K)], 0.4134454 secs] [Times: user=1.93 sys=0.00, real=0.42 secs] 
4325.979: [GC (Allocation Failure) [PSYoungGen: 309760K->105184K(501248K)] 482027K->277451K(1899520K), 0.0968639 secs] [Times: user=0.56 sys=0.00, real=0.10 secs] 
4328.063: [GC (Allocation Failure) [PSYoungGen: 420576K->145440K(503808K)] 592843K->420188K(1902080K), 0.0531458 secs] [Times: user=0.31 sys=0.00, real=0.05 secs] 
4329.731: [GC (Allocation Failure) [PSYoungGen: 460832K->107264K(504832K)] 735580K->518124K(1903104K), 0.1483733 secs] [Times: user=0.88 sys=0.00, real=0.15 secs] 
4333.232: [GC (Allocation Failure) [PSYoungGen: 426752K->149376K(506368K)] 837612K->664373K(1904640K), 0.0535356 secs] [Times: user=0.32 sys=0.01, real=0.05 secs] 
4335.116: [GC (Allocation Failure) [PSYoungGen: 468864K->108064K(508416K)] 983861K->763161K(1906688K), 0.1666972 secs] [Times: user=0.98 sys=0.01, real=0.17 secs] 
4336.466: [GC (Allocation Failure) [PSYoungGen: 429600K->151264K(473088K)] 1084697K->911550K(1871360K), 0.0544474 secs] [Times: user=0.33 sys=0.00, real=0.05 secs] 
4339.558: [GC (Allocation Failure) [PSYoungGen: 472800K->107456K(511488K)] 1233086K->1009842K(1909760K), 0.1462609 secs] [Times: user=0.86 sys=0.00, real=0.15 secs] 
4341.170: [GC (Allocation Failure) [PSYoungGen: 427968K->154048K(474624K)] 1330354K->1160488K(1872896K), 0.0536443 secs] [Times: user=0.32 sys=0.00, real=0.06 secs] 
4343.746: [GC (GCLocker Initiated GC) [PSYoungGen: 474560K->105152K(509440K)] 1481000K->1256696K(1907712K), 0.0928493 secs] [Times: user=0.55 sys=0.00, real=0.09 secs] 
4345.411: [GC (Allocation Failure) [PSYoungGen: 422080K->142496K(506368K)] 1590010K->1411597K(1904640K), 0.3322402 secs] [Times: user=1.99 sys=0.01, real=0.33 secs] 
4345.744: [Full GC (Ergonomics) [PSYoungGen: 142496K->0K(506368K)] [ParOldGen: 1269101K->209511K(1398272K)] 1411597K->209511K(1904640K), [Metaspace: 60488K->60488K(1105920K)], 0.4220777 secs] [Times: user=1.86 sys=0.00, real=0.42 secs] 
4350.207: [GC (Allocation Failure) [PSYoungGen: 316928K->91360K(506368K)] 526439K->300871K(1904640K), 0.1770894 secs] [Times: user=1.05 sys=0.01, real=0.18 secs] 
4351.026: [GC (Allocation Failure) [PSYoungGen: 408288K->151488K(468480K)] 617799K->448452K(1866752K), 0.0529298 secs] [Times: user=0.32 sys=0.00, real=0.05 secs] 
4353.408: [GC (GCLocker Initiated GC) [PSYoungGen: 468416K->95456K(506880K)] 765380K->543044K(1905152K), 0.1497699 secs] [Times: user=0.82 sys=0.00, real=0.15 secs] 
4354.131: [GC (Allocation Failure) [PSYoungGen: 409312K->154400K(468480K)] 856903K->691284K(1866752K), 0.0560492 secs] [Times: user=0.33 sys=0.00, real=0.06 secs] 
4358.257: [GC (Allocation Failure) [PSYoungGen: 468256K->91680K(503296K)] 1005140K->782588K(1901568K), 0.1536633 secs] [Times: user=0.92 sys=0.00, real=0.15 secs] 
4359.147: [GC (Allocation Failure) [PSYoungGen: 398368K->150656K(457728K)] 1089276K->927661K(1856000K), 0.0534747 secs] [Times: user=0.31 sys=0.00, real=0.05 secs] 
4361.131: [GC (Allocation Failure) [PSYoungGen: 457344K->92544K(502272K)] 1234349K->1019821K(1900544K), 0.1573580 secs] [Times: user=0.93 sys=0.01, real=0.16 secs] 
4362.159: [GC (Allocation Failure) [PSYoungGen: 396160K->150368K(454144K)] 1323437K->1164782K(1852416K), 0.1335783 secs] [Times: user=0.80 sys=0.00, real=0.14 secs] 
4365.940: [GC (Allocation Failure) [PSYoungGen: 453984K->86688K(500224K)] 1468398K->1251602K(1898496K), 0.1622649 secs] [Times: user=0.97 sys=0.00, real=0.17 secs] 
4367.105: [GC (Allocation Failure) [PSYoungGen: 384826K->142752K(499200K)] 1549740K->1390631K(1897472K), 0.0494811 secs] [Times: user=0.29 sys=0.00, real=0.05 secs] 
4367.155: [Full GC (Ergonomics) [PSYoungGen: 142752K->0K(499200K)] [ParOldGen: 1247879K->197271K(1398272K)] 1390631K->197271K(1897472K), [Metaspace: 60488K->60488K(1105920K)], 0.4725705 secs] [Times: user=2.20 sys=0.00, real=0.47 secs] 
4369.647: [GC (Allocation Failure) [PSYoungGen: 300544K->101312K(492544K)] 497815K->298583K(1890816K), 0.0966661 secs] [Times: user=0.57 sys=0.00, real=0.10 secs] 
4370.944: [GC (Allocation Failure) [PSYoungGen: 402368K->145952K(496128K)] 599639K->438808K(1894400K), 0.0478308 secs] [Times: user=0.29 sys=0.00, real=0.05 secs] 
4373.161: [GC (Allocation Failure) [PSYoungGen: 447008K->95392K(500736K)] 739864K->525392K(1899008K), 0.1669925 secs] [Times: user=0.99 sys=0.00, real=0.17 secs] 
4376.123: [GC (Allocation Failure) [PSYoungGen: 402080K->144704K(501248K)] 832080K->667180K(1899520K), 0.0484999 secs] [Times: user=0.29 sys=0.00, real=0.05 secs] 
4378.097: [GC (Allocation Failure) [PSYoungGen: 451392K->97504K(499712K)] 973868K->755645K(1897984K), 0.1635870 secs] [Times: user=0.98 sys=0.00, real=0.16 secs] 
4381.478: [GC (Allocation Failure) [PSYoungGen: 405728K->149792K(501248K)] 1063869K->902189K(1899520K), 0.0499734 secs] [Times: user=0.29 sys=0.00, real=0.05 secs] 
4383.367: [GC (Allocation Failure) [PSYoungGen: 457854K->107104K(500224K)] 1210252K->992322K(1898496K), 0.1573234 secs] [Times: user=0.93 sys=0.00, real=0.16 secs] 
4386.587: [GC (Allocation Failure) [PSYoungGen: 416352K->138752K(501248K)] 1301570K->1129298K(1899520K), 0.0525493 secs] [Times: user=0.31 sys=0.00, real=0.05 secs] 
4387.971: [GC (Allocation Failure) [PSYoungGen: 448000K->106272K(498176K)] 1438546K->1226214K(1896448K), 0.0977672 secs] [Times: user=0.58 sys=0.00, real=0.09 secs] 
4389.681: [GC (Allocation Failure) [PSYoungGen: 421664K->144608K(502784K)] 1541606K->1369051K(1901056K), 0.0536924 secs] [Times: user=0.32 sys=0.01, real=0.06 secs] 
4389.735: [Full GC (Ergonomics) [PSYoungGen: 144608K->0K(502784K)] [ParOldGen: 1224443K->166497K(1398272K)] 1369051K->166497K(1901056K), [Metaspace: 60488K->60488K(1105920K)], 0.3887151 secs] [Times: user=1.78 sys=0.00, real=0.39 secs] 
4391.566: [GC (Allocation Failure) [PSYoungGen: 315392K->109728K(505344K)] 481889K->276225K(1903616K), 0.0594590 secs] [Times: user=0.35 sys=0.00, real=0.06 secs] 
4394.060: [GC (Allocation Failure) [PSYoungGen: 431776K->146560K(507392K)] 598273K->420870K(1905664K), 0.0552799 secs] [Times: user=0.33 sys=0.00, real=0.06 secs] 
4396.412: [GC (Allocation Failure) [PSYoungGen: 468608K->109696K(508928K)] 742918K->520894K(1907200K), 0.1775691 secs] [Times: user=1.06 sys=0.00, real=0.17 secs] 
4398.286: [GC (Allocation Failure) [PSYoungGen: 435328K->152896K(509952K)] 846526K->671039K(1908224K), 0.0538541 secs] [Times: user=0.32 sys=0.00, real=0.05 secs] 
4400.636: [GC (Allocation Failure) [PSYoungGen: 478528K->112384K(510976K)] 996671K->774547K(1909248K), 0.1800104 secs] [Times: user=1.06 sys=0.01, real=0.18 secs] 
4402.918: [GC (Allocation Failure) [PSYoungGen: 436992K->154048K(478720K)] 1099155K->922515K(1876992K), 0.0541499 secs] [Times: user=0.32 sys=0.00, real=0.06 secs] 
4405.902: [GC (Allocation Failure) [PSYoungGen: 478656K->106816K(511488K)] 1247123K->1020499K(1909760K), 0.1768962 secs] [Times: user=1.05 sys=0.00, real=0.17 secs] 
4407.837: [GC (Allocation Failure) [PSYoungGen: 428352K->154592K(476160K)] 1342035K->1170931K(1874432K), 0.0526967 secs] [Times: user=0.31 sys=0.00, real=0.05 secs] 
4410.775: [GC (Allocation Failure) [PSYoungGen: 476128K->97568K(507904K)] 1492467K->1268455K(1906176K), 0.1555321 secs] [Times: user=0.93 sys=0.01, real=0.15 secs] 
4411.556: [GC (Allocation Failure) [PSYoungGen: 413472K->155648K(472064K)] 1584359K->1418296K(1870336K), 0.0563054 secs] [Times: user=0.34 sys=0.00, real=0.06 secs] 
4411.612: [Full GC (Ergonomics) [PSYoungGen: 155648K->0K(472064K)] [ParOldGen: 1262648K->215111K(1398272K)] 1418296K->215111K(1870336K), [Metaspace: 60489K->60489K(1105920K)], 0.4938308 secs] [Times: user=2.30 sys=0.00, real=0.49 secs] 
4415.245: [GC (Allocation Failure) [PSYoungGen: 315904K->94272K(504320K)] 531015K->309383K(1902592K), 0.1122543 secs] [Times: user=0.67 sys=0.00, real=0.11 secs] 
4416.182: [GC (Allocation Failure) [PSYoungGen: 403008K->152064K(461312K)] 618119K->455258K(1859584K), 0.0541674 secs] [Times: user=0.32 sys=0.01, real=0.05 secs] 
4419.514: [GC (Allocation Failure) [PSYoungGen: 460800K->91936K(501760K)] 763994K->546754K(1900032K), 0.1646568 secs] [Times: user=0.98 sys=0.00, real=0.16 secs] 
4420.654: [GC (Allocation Failure) [PSYoungGen: 396064K->148352K(452608K)] 850882K->689371K(1850880K), 0.0538446 secs] [Times: user=0.32 sys=0.00, real=0.05 secs] 
4424.145: [GC (Allocation Failure) [PSYoungGen: 452480K->90592K(501248K)] 993499K->779395K(1899520K), 0.1708701 secs] [Times: user=1.02 sys=0.00, real=0.17 secs] 
4425.448: [GC (Allocation Failure) [PSYoungGen: 378188K->138656K(441344K)] 1066992K->914128K(1839616K), 0.0492102 secs] [Times: user=0.29 sys=0.00, real=0.05 secs] 
4428.633: [GC (Allocation Failure) [PSYoungGen: 441248K->97792K(501248K)] 1216720K->1003416K(1899520K), 0.1600517 secs] [Times: user=0.94 sys=0.00, real=0.16 secs] 
4430.618: [GC (Allocation Failure) [PSYoungGen: 402944K->147232K(498688K)] 1308568K->1145945K(1896960K), 0.0491673 secs] [Times: user=0.29 sys=0.00, real=0.05 secs] 
4432.879: [GC (Allocation Failure) [PSYoungGen: 452384K->99104K(502272K)] 1451097K->1236101K(1900544K), 0.1535735 secs] [Times: user=0.91 sys=0.00, real=0.16 secs] 
4435.441: [GC (Allocation Failure) [PSYoungGen: 408864K->152288K(462336K)] 1545861K->1384628K(1860608K), 0.0517319 secs] [Times: user=0.31 sys=0.00, real=0.06 secs] 
4435.493: [Full GC (Ergonomics) [PSYoungGen: 152288K->0K(462336K)] [ParOldGen: 1232340K->181917K(1398272K)] 1384628K->181917K(1860608K), [Metaspace: 60492K->60492K(1105920K)], 0.4040213 secs] [Times: user=1.73 sys=0.00, real=0.40 secs] 
4438.131: [GC (Allocation Failure) [PSYoungGen: 309760K->103712K(505344K)] 491677K->285629K(1903616K), 0.1014565 secs] [Times: user=0.60 sys=0.00, real=0.10 secs] 
4439.433: [GC (Allocation Failure) [PSYoungGen: 411936K->145184K(501760K)] 593853K->427886K(1900032K), 0.0515380 secs] [Times: user=0.31 sys=0.00, real=0.05 secs] 
4441.594: [GC (Allocation Failure) [PSYoungGen: 453408K->105152K(500736K)] 736110K->523886K(1899008K), 0.1754390 secs] [Times: user=1.04 sys=0.00, real=0.17 secs] 
4443.910: [GC (Allocation Failure) [PSYoungGen: 415936K->145760K(501760K)] 834670K->666779K(1900032K), 0.0522635 secs] [Times: user=0.31 sys=0.00, real=0.06 secs] 
4445.822: [GC (Allocation Failure) [PSYoungGen: 456544K->103072K(504320K)] 977563K->760683K(1902592K), 0.1478238 secs] [Times: user=0.77 sys=0.00, real=0.14 secs] 
4448.242: [GC (Allocation Failure) [PSYoungGen: 418464K->147488K(505344K)] 1076075K->905576K(1903616K), 0.0511705 secs] [Times: user=0.30 sys=0.00, real=0.05 secs] 
4450.214: [GC (Allocation Failure) [PSYoungGen: 462880K->102976K(505856K)] 1220968K->999944K(1904128K), 0.1658519 secs] [Times: user=0.98 sys=0.00, real=0.16 secs] 
4452.837: [GC (Allocation Failure) [PSYoungGen: 419904K->155776K(473088K)] 1316872K->1152553K(1871360K), 0.0524389 secs] [Times: user=0.32 sys=0.00, real=0.05 secs] 
4455.110: [GC (Allocation Failure) [PSYoungGen: 472704K->106656K(507392K)] 1469481K->1241913K(1905664K), 0.1571960 secs] [Times: user=0.92 sys=0.01, real=0.16 secs] 
4456.624: [GC (Allocation Failure) [PSYoungGen: 419488K->149792K(504320K)] 1554745K->1388550K(1902592K), 0.0531328 secs] [Times: user=0.31 sys=0.00, real=0.05 secs] 
4456.677: [Full GC (Ergonomics) [PSYoungGen: 149792K->0K(504320K)] [ParOldGen: 1238758K->186412K(1398272K)] 1388550K->186412K(1902592K), [Metaspace: 60507K->60507K(1105920K)], 0.4441097 secs] [Times: user=2.06 sys=0.00, real=0.44 secs] 
4459.178: [GC (Allocation Failure) [PSYoungGen: 312832K->102592K(504832K)] 499244K->289004K(1903104K), 0.0958308 secs] [Times: user=0.56 sys=0.00, real=0.10 secs] 
4461.334: [GC (Allocation Failure) [PSYoungGen: 415936K->152608K(466432K)] 602348K->437717K(1864704K), 0.0510642 secs] [Times: user=0.31 sys=0.00, real=0.05 secs] 
4464.129: [GC (Allocation Failure) [PSYoungGen: 465952K->99744K(505856K)] 751061K->529309K(1904128K), 0.1706532 secs] [Times: user=1.01 sys=0.00, real=0.17 secs] 
4466.794: [GC (Allocation Failure) [PSYoungGen: 410528K->155424K(466432K)] 840093K->680965K(1864704K), 0.0505398 secs] [Times: user=0.30 sys=0.00, real=0.05 secs] 
4470.616: [GC (Allocation Failure) [PSYoungGen: 466208K->99296K(503296K)] 991749K->763285K(1901568K), 0.0871795 secs] [Times: user=0.52 sys=0.00, real=0.09 secs] 
4471.790: [GC (Allocation Failure) [PSYoungGen: 404960K->143104K(449024K)] 1068949K->904069K(1847296K), 0.0505306 secs] [Times: user=0.30 sys=0.00, real=0.05 secs] 
4474.177: [GC (Allocation Failure) [PSYoungGen: 448768K->99840K(502784K)] 1209733K->994622K(1901056K), 0.1151765 secs] [Times: user=0.68 sys=0.00, real=0.12 secs] 
4475.942: [GC (Allocation Failure) [PSYoungGen: 407552K->145344K(500736K)] 1302334K->1137034K(1899008K), 0.0507827 secs] [Times: user=0.30 sys=0.00, real=0.05 secs] 
4477.749: [GC (Allocation Failure) [PSYoungGen: 453056K->102336K(501760K)] 1444746K->1230142K(1900032K), 0.1674205 secs] [Times: user=1.00 sys=0.00, real=0.17 secs] 
4480.257: [GC (Allocation Failure) [PSYoungGen: 414144K->143872K(503296K)] 1541950K->1371539K(1901568K), 0.0519810 secs] [Times: user=0.31 sys=0.00, real=0.05 secs] 
4480.309: [Full GC (Ergonomics) [PSYoungGen: 143872K->0K(503296K)] [ParOldGen: 1227667K->169516K(1398272K)] 1371539K->169516K(1901568K), [Metaspace: 60508K->60508K(1105920K)], 0.3944723 secs] [Times: user=1.82 sys=0.00, real=0.40 secs] 
4482.013: [GC (Allocation Failure) [PSYoungGen: 311808K->107552K(500736K)] 481324K->277068K(1899008K), 0.0547304 secs] [Times: user=0.32 sys=0.00, real=0.05 secs] 
4483.953: [GC (Allocation Failure) [PSYoungGen: 422944K->153952K(503808K)] 592460K->427949K(1902080K), 0.0545138 secs] [Times: user=0.32 sys=0.00, real=0.05 secs] 
4485.411: [GC (Allocation Failure) [PSYoungGen: 469344K->108224K(507392K)] 743341K->518621K(1905664K), 0.1108791 secs] [Times: user=0.65 sys=0.01, real=0.12 secs] 
4487.160: [GC (Allocation Failure) [PSYoungGen: 424128K->147104K(505856K)] 834525K->662834K(1904128K), 0.0530882 secs] [Times: user=0.31 sys=0.00, real=0.06 secs] 
4489.075: [GC (Allocation Failure) [PSYoungGen: 463008K->107552K(504320K)] 978738K->760898K(1902592K), 0.1761068 secs] [Times: user=1.05 sys=0.01, real=0.18 secs] 
4491.361: [GC (Allocation Failure) [PSYoungGen: 424992K->148768K(505856K)] 1078338K->906751K(1904128K), 0.0529657 secs] [Times: user=0.31 sys=0.00, real=0.06 secs] 
4493.998: [GC (Allocation Failure) [PSYoungGen: 466208K->105152K(507904K)] 1224191K->1002891K(1906176K), 0.1771657 secs] [Times: user=1.05 sys=0.00, real=0.18 secs] 
4496.723: [GC (Allocation Failure) [PSYoungGen: 424640K->149184K(507904K)] 1322379K->1149304K(1906176K), 0.0528355 secs] [Times: user=0.31 sys=0.00, real=0.05 secs] 
4500.230: [GC (Allocation Failure) [PSYoungGen: 467875K->101280K(508416K)] 1467995K->1242048K(1906688K), 0.1670192 secs] [Times: user=0.99 sys=0.00, real=0.17 secs] 
4501.925: [GC (Allocation Failure) [PSYoungGen: 420256K->153568K(472576K)] 1561024K->1392645K(1870848K), 0.0524958 secs] [Times: user=0.31 sys=0.00, real=0.05 secs] 
4501.977: [Full GC (Ergonomics) [PSYoungGen: 153568K->0K(472576K)] [ParOldGen: 1239077K->190816K(1398272K)] 1392645K->190816K(1870848K), [Metaspace: 60514K->60514K(1105920K)], 0.4533238 secs] [Times: user=2.11 sys=0.00, real=0.45 secs] 
4504.247: [GC (Allocation Failure) [PSYoungGen: 318976K->105024K(508416K)] 509792K->295841K(1906688K), 0.0861331 secs] [Times: user=0.51 sys=0.01, real=0.09 secs] 
4505.697: [GC (Allocation Failure) [PSYoungGen: 420416K->152288K(467968K)] 611233K->444037K(1866240K), 0.0510307 secs] [Times: user=0.30 sys=0.00, real=0.05 secs] 
4507.706: [GC (Allocation Failure) [PSYoungGen: 467680K->104320K(507392K)] 759429K->539717K(1905664K), 0.1408397 secs] [Times: user=0.84 sys=0.01, real=0.14 secs] 
4508.577: [GC (Allocation Failure) [PSYoungGen: 415632K->146464K(504832K)] 851030K->682614K(1903104K), 0.0499723 secs] [Times: user=0.30 sys=0.01, real=0.05 secs] 
4511.384: [GC (Allocation Failure) [PSYoungGen: 459808K->102272K(504832K)] 995958K->776154K(1903104K), 0.1591093 secs] [Times: user=0.95 sys=0.00, real=0.16 secs] 
4512.580: [GC (Allocation Failure) [PSYoungGen: 414169K->149312K(505344K)] 1088052K->921695K(1903616K), 0.0497258 secs] [Times: user=0.29 sys=0.00, real=0.05 secs] 
4515.308: [GC (Allocation Failure) [PSYoungGen: 464192K->103968K(505856K)] 1236575K->1016671K(1904128K), 0.1562757 secs] [Times: user=0.93 sys=0.00, real=0.16 secs] 
4516.847: [GC (Allocation Failure) [PSYoungGen: 414317K->147904K(505856K)] 1327021K->1160376K(1904128K), 0.0502717 secs] [Times: user=0.30 sys=0.00, real=0.05 secs] 
4520.122: [GC (Allocation Failure) [PSYoungGen: 463296K->103360K(505344K)] 1475768K->1254576K(1903616K), 0.1486298 secs] [Times: user=0.88 sys=0.01, real=0.14 secs] 
4521.491: [GC (Allocation Failure) [PSYoungGen: 412461K->147296K(505856K)] 1563678K->1398389K(1904128K), 0.0509408 secs] [Times: user=0.31 sys=0.00, real=0.06 secs] 
4521.542: [Full GC (Ergonomics) [PSYoungGen: 147296K->0K(505856K)] [ParOldGen: 1251093K->197181K(1398272K)] 1398389K->197181K(1904128K), [Metaspace: 60514K->60514K(1105920K)], 0.4781213 secs] [Times: user=2.22 sys=0.00, real=0.47 secs] 
4524.903: [GC (Allocation Failure) [PSYoungGen: 315904K->102368K(506368K)] 513085K->299549K(1904640K), 0.0914977 secs] [Times: user=0.55 sys=0.00, real=0.09 secs] 
4526.347: [GC (Allocation Failure) [PSYoungGen: 415874K->148832K(506880K)] 613056K->444634K(1905152K), 0.0490227 secs] [Times: user=0.29 sys=0.00, real=0.05 secs] 
4528.628: [GC (GCLocker Initiated GC) [PSYoungGen: 466272K->106048K(505856K)] 762075K->541999K(1904128K), 0.1572100 secs] [Times: user=0.93 sys=0.01, real=0.16 secs] 
4529.773: [GC (Allocation Failure) [PSYoungGen: 423488K->154240K(472064K)] 859441K->692186K(1870336K), 0.0513187 secs] [Times: user=0.31 sys=0.00, real=0.05 secs] 
4533.243: [GC (Allocation Failure) [PSYoungGen: 471680K->92448K(505856K)] 1009626K->784454K(1904128K), 0.1510652 secs] [Times: user=0.90 sys=0.00, real=0.15 secs] 
4534.141: [GC (Allocation Failure) [PSYoungGen: 404768K->151776K(464384K)] 1096774K->932023K(1862656K), 0.0545178 secs] [Times: user=0.33 sys=0.00, real=0.06 secs] 
4538.082: [GC (Allocation Failure) [PSYoungGen: 464096K->93792K(503808K)] 1244343K->1025891K(1902080K), 0.1433326 secs] [Times: user=0.74 sys=0.00, real=0.14 secs] 
4538.994: [GC (Allocation Failure) [PSYoungGen: 401504K->179808K(487936K)] 1333603K->1201896K(1886208K), 0.0549460 secs] [Times: user=0.33 sys=0.00, real=0.05 secs] 
4541.896: [GC (Allocation Failure) [PSYoungGen: 487520K->92416K(491520K)] 1509608K->1260912K(1889792K), 0.1407080 secs] [Times: user=0.84 sys=0.00, real=0.14 secs] 
4543.251: [GC (Allocation Failure) [PSYoungGen: 375040K->136192K(419328K)] 1543536K->1393529K(1817600K), 0.0505291 secs] [Times: user=0.30 sys=0.00, real=0.05 secs] 
4543.302: [Full GC (Ergonomics) [PSYoungGen: 136192K->0K(419328K)] [ParOldGen: 1257337K->190835K(1398272K)] 1393529K->190835K(1817600K), [Metaspace: 60516K->60516K(1105920K)], 0.4539506 secs] [Times: user=2.12 sys=0.00, real=0.45 secs] 
4545.776: [GC (Allocation Failure) [PSYoungGen: 282624K->89248K(486400K)] 473459K->280083K(1884672K), 0.1009129 secs] [Times: user=0.60 sys=0.00, real=0.10 secs] 
4548.379: [GC (Allocation Failure) [PSYoungGen: 372896K->131168K(485376K)] 563731K->408284K(1883648K), 0.0454958 secs] [Times: user=0.27 sys=0.00, real=0.05 secs] 
4549.609: [GC (Allocation Failure) [PSYoungGen: 414816K->104096K(493568K)] 691932K->502976K(1891840K), 0.0608915 secs] [Times: user=0.36 sys=0.00, real=0.06 secs] 
4551.468: [GC (Allocation Failure) [PSYoungGen: 402080K->135392K(491008K)] 800960K->637176K(1889280K), 0.0564651 secs] [Times: user=0.33 sys=0.01, real=0.06 secs] 
4552.892: [GC (Allocation Failure) [PSYoungGen: 433376K->119104K(498176K)] 935160K->739136K(1896448K), 0.0628595 secs] [Times: user=0.38 sys=0.00, real=0.06 secs] 
4556.644: [GC (Allocation Failure) [PSYoungGen: 433984K->124064K(499712K)] 1054016K->863112K(1897984K), 0.0679139 secs] [Times: user=0.40 sys=0.00, real=0.07 secs] 
4557.869: [GC (Allocation Failure) [PSYoungGen: 438944K->123808K(507904K)] 1177992K->976285K(1906176K), 0.0631870 secs] [Times: user=0.38 sys=0.00, real=0.07 secs] 
4560.897: [GC (Allocation Failure) [PSYoungGen: 458656K->137760K(508928K)] 1311133K->1114229K(1907200K), 0.0620326 secs] [Times: user=0.36 sys=0.00, real=0.06 secs] 
4562.125: [GC (Allocation Failure) [PSYoungGen: 472608K->8736K(495104K)] 1449077K->985285K(1893376K), 0.0038914 secs] [Times: user=0.02 sys=0.00, real=0.00 secs] 
4566.159: [GC (Allocation Failure) [PSYoungGen: 329760K->144896K(466432K)] 1306309K->1127817K(1864704K), 0.0312290 secs] [Times: user=0.18 sys=0.01, real=0.03 secs] 
4567.572: [GC (Allocation Failure) [PSYoungGen: 465920K->111520K(512512K)] 1448841K->1229926K(1910784K), 0.0827225 secs] [Times: user=0.49 sys=0.00, real=0.08 secs] 
4570.102: [GC (Allocation Failure) [PSYoungGen: 431008K->147232K(505856K)] 1549414K->1374370K(1904128K), 0.0549934 secs] [Times: user=0.33 sys=0.00, real=0.05 secs] 
4570.157: [Full GC (Ergonomics) [PSYoungGen: 147232K->0K(505856K)] [ParOldGen: 1227138K->173879K(1398272K)] 1374370K->173879K(1904128K), [Metaspace: 60516K->60516K(1105920K)], 0.4127878 secs] [Times: user=1.92 sys=0.00, real=0.41 secs] 
4572.754: [GC (Allocation Failure) [PSYoungGen: 319488K->108032K(505856K)] 493367K->281911K(1904128K), 0.1038182 secs] [Times: user=0.62 sys=0.00, real=0.10 secs] 
4575.479: [GC (GCLocker Initiated GC) [PSYoungGen: 429568K->150240K(506880K)] 603447K->429824K(1905152K), 0.0539304 secs] [Times: user=0.32 sys=0.00, real=0.06 secs] 
4577.464: [GC (Allocation Failure) [PSYoungGen: 471776K->109024K(508416K)] 751362K->530010K(1906688K), 0.1721742 secs] [Times: user=1.02 sys=0.01, real=0.17 secs] 
4579.778: [GC (Allocation Failure) [PSYoungGen: 431072K->161120K(483328K)] 852058K->686837K(1881600K), 0.0518184 secs] [Times: user=0.31 sys=0.00, real=0.05 secs] 
4581.422: [GC (Allocation Failure) [PSYoungGen: 483168K->108896K(508928K)] 1008885K->778757K(1907200K), 0.1204794 secs] [Times: user=0.71 sys=0.00, real=0.12 secs] 
4583.337: [GC (Allocation Failure) [PSYoungGen: 423264K->148416K(504320K)] 1093125K->923110K(1902592K), 0.0537444 secs] [Times: user=0.32 sys=0.00, real=0.05 secs] 
4586.168: [GC (Allocation Failure) [PSYoungGen: 462784K->103712K(505856K)] 1237478K->1017642K(1904128K), 0.1579932 secs] [Times: user=0.94 sys=0.00, real=0.16 secs] 
4587.439: [GC (Allocation Failure) [PSYoungGen: 413397K->148448K(505856K)] 1327327K->1162379K(1904128K), 0.0512823 secs] [Times: user=0.30 sys=0.00, real=0.05 secs] 
4590.287: [GC (Allocation Failure) [PSYoungGen: 464352K->100544K(506368K)] 1478283K->1254427K(1904640K), 0.1710142 secs] [Times: user=1.02 sys=0.00, real=0.17 secs] 
4591.667: [GC (Allocation Failure) [PSYoungGen: 410888K->150848K(467456K)] 1564771K->1401930K(1865728K), 0.0508218 secs] [Times: user=0.30 sys=0.00, real=0.05 secs] 
4591.718: [Full GC (Ergonomics) [PSYoungGen: 150848K->0K(467456K)] [ParOldGen: 1251082K->197364K(1398272K)] 1401930K->197364K(1865728K), [Metaspace: 60516K->60516K(1105920K)], 0.4582792 secs] [Times: user=2.12 sys=0.00, real=0.46 secs] 
4594.334: [GC (Allocation Failure) [PSYoungGen: 316416K->101920K(507904K)] 513780K->299284K(1906176K), 0.0949744 secs] [Times: user=0.55 sys=0.01, real=0.09 secs] 
4595.407: [GC (Allocation Failure) [PSYoungGen: 412244K->149760K(504832K)] 609608K->445237K(1903104K), 0.0493404 secs] [Times: user=0.29 sys=0.01, real=0.05 secs] 
4598.570: [GC (Allocation Failure) [PSYoungGen: 463616K->100288K(505344K)] 759093K->537245K(1903616K), 0.1689815 secs] [Times: user=1.01 sys=0.00, real=0.17 secs] 
4600.678: [GC (Allocation Failure) [PSYoungGen: 413632K->148256K(504832K)] 850589K->682071K(1903104K), 0.0488575 secs] [Times: user=0.29 sys=0.00, real=0.05 secs] 
4603.724: [GC (Allocation Failure) [PSYoungGen: 461600K->102400K(504832K)] 995415K->775291K(1903104K), 0.1317953 secs] [Times: user=0.78 sys=0.01, real=0.13 secs] 
4605.179: [GC (Allocation Failure) [PSYoungGen: 415744K->150208K(463872K)] 1088635K->921968K(1862144K), 0.0501704 secs] [Times: user=0.30 sys=0.00, real=0.05 secs] 
4608.199: [GC (Allocation Failure) [PSYoungGen: 463552K->100896K(506880K)] 1235312K->1013680K(1905152K), 0.1404318 secs] [Times: user=0.84 sys=0.00, real=0.14 secs] 
4610.027: [GC (Allocation Failure) [PSYoungGen: 413216K->147968K(504320K)] 1326000K->1158157K(1902592K), 0.0505086 secs] [Times: user=0.28 sys=0.00, real=0.05 secs] 
4611.954: [GC (Allocation Failure) [PSYoungGen: 460288K->105408K(502784K)] 1470477K->1254461K(1901056K), 0.1209681 secs] [Times: user=0.71 sys=0.00, real=0.12 secs] 
4613.483: [GC (Allocation Failure) [PSYoungGen: 418240K->149952K(503808K)] 1567293K->1400334K(1902080K), 0.0527647 secs] [Times: user=0.31 sys=0.00, real=0.05 secs] 
4613.536: [Full GC (Ergonomics) [PSYoungGen: 149952K->0K(503808K)] [ParOldGen: 1250382K->196493K(1398272K)] 1400334K->196493K(1902080K), [Metaspace: 60517K->60517K(1105920K)], 0.4575524 secs] [Times: user=2.11 sys=0.00, real=0.46 secs] 
4616.077: [GC (Allocation Failure) [PSYoungGen: 312832K->101440K(505856K)] 509325K->297933K(1904128K), 0.0808676 secs] [Times: user=0.47 sys=0.01, real=0.08 secs] 
4617.527: [GC (Allocation Failure) [PSYoungGen: 411355K->149888K(463872K)] 607848K->443914K(1862144K), 0.0490870 secs] [Times: user=0.29 sys=0.00, real=0.05 secs] 
4620.107: [GC (Allocation Failure) [PSYoungGen: 463744K->100928K(506880K)] 757770K->536558K(1905152K), 0.1703632 secs] [Times: user=1.00 sys=0.00, real=0.17 secs] 
4621.998: [GC (Allocation Failure) [PSYoungGen: 413760K->149824K(462848K)] 849390K->682479K(1861120K), 0.0494115 secs] [Times: user=0.29 sys=0.00, real=0.05 secs] 
4624.606: [GC (Allocation Failure) [PSYoungGen: 462656K->100512K(506368K)] 995311K->773919K(1904640K), 0.1589807 secs] [Times: user=0.95 sys=0.00, real=0.16 secs] 
4626.086: [GC (Allocation Failure) [PSYoungGen: 412320K->149760K(461824K)] 1085727K->920096K(1860096K), 0.0498920 secs] [Times: user=0.30 sys=0.00, real=0.05 secs] 
4629.114: [GC (Allocation Failure) [PSYoungGen: 461568K->102080K(506368K)] 1231904K->1013264K(1904640K), 0.1644967 secs] [Times: user=0.99 sys=0.00, real=0.16 secs] 
4630.959: [GC (Allocation Failure) [PSYoungGen: 413376K->156608K(467968K)] 1324560K->1166393K(1866240K), 0.0518053 secs] [Times: user=0.31 sys=0.00, real=0.05 secs] 
4633.635: [GC (Allocation Failure) [PSYoungGen: 467904K->99360K(503296K)] 1477689K->1249229K(1901568K), 0.1567345 secs] [Times: user=0.93 sys=0.01, real=0.16 secs] 
4634.811: [GC (Allocation Failure) [PSYoungGen: 405024K->149312K(501248K)] 1554893K->1394196K(1899520K), 0.0512732 secs] [Times: user=0.31 sys=0.00, real=0.06 secs] 
4634.862: [Full GC (Ergonomics) [PSYoungGen: 149312K->0K(501248K)] [ParOldGen: 1244884K->191470K(1398272K)] 1394196K->191470K(1899520K), [Metaspace: 60517K->60517K(1105920K)], 0.4601872 secs] [Times: user=2.14 sys=0.00, real=0.46 secs] 
4637.802: [GC (Allocation Failure) [PSYoungGen: 305664K->98560K(500224K)] 497134K->290030K(1898496K), 0.0998950 secs] [Times: user=0.59 sys=0.00, real=0.10 secs] 
4638.925: [GC (Allocation Failure) [PSYoungGen: 404224K->147872K(500736K)] 595694K->433939K(1899008K), 0.0487329 secs] [Times: user=0.29 sys=0.00, real=0.05 secs] 
4641.209: [GC (Allocation Failure) [PSYoungGen: 453536K->101888K(499712K)] 739603K->527259K(1897984K), 0.1457473 secs] [Times: user=0.86 sys=0.01, real=0.15 secs] 
4642.643: [GC (Allocation Failure) [PSYoungGen: 408576K->144864K(500736K)] 833947K->668059K(1899008K), 0.0506905 secs] [Times: user=0.30 sys=0.00, real=0.05 secs] 
4644.339: [GC (Allocation Failure) [PSYoungGen: 451552K->101216K(499712K)] 974747K->760375K(1897984K), 0.1594496 secs] [Times: user=0.94 sys=0.00, real=0.16 secs] 
4646.751: [GC (Allocation Failure) [PSYoungGen: 410976K->144416K(501760K)] 1070135K->901532K(1900032K), 0.0512388 secs] [Times: user=0.30 sys=0.00, real=0.06 secs] 
4648.643: [GC (Allocation Failure) [PSYoungGen: 454176K->102528K(502784K)] 1211292K->994828K(1901056K), 0.1713355 secs] [Times: user=1.01 sys=0.01, real=0.17 secs] 
4650.738: [GC (Allocation Failure) [PSYoungGen: 416384K->146944K(504320K)] 1308684K->1138785K(1902592K), 0.0517461 secs] [Times: user=0.31 sys=0.00, real=0.05 secs] 
4652.424: [GC (Allocation Failure) [PSYoungGen: 460800K->103744K(504320K)] 1452641K->1233045K(1902592K), 0.1439844 secs] [Times: user=0.85 sys=0.01, real=0.14 secs] 
4655.308: [GC (Allocation Failure) [PSYoungGen: 419648K->145728K(505344K)] 1548949K->1375718K(1903616K), 0.0537189 secs] [Times: user=0.32 sys=0.00, real=0.06 secs] 
4655.362: [Full GC (Ergonomics) [PSYoungGen: 145728K->0K(505344K)] [ParOldGen: 1229990K->174302K(1398272K)] 1375718K->174302K(1903616K), [Metaspace: 60517K->60517K(1105920K)], 0.4194228 secs] [Times: user=1.95 sys=0.01, real=0.41 secs] 
4657.481: [GC (Allocation Failure) [PSYoungGen: 315904K->107680K(504832K)] 490206K->281982K(1903104K), 0.0996984 secs] [Times: user=0.58 sys=0.01, real=0.09 secs] 
4660.535: [GC (Allocation Failure) [PSYoungGen: 426144K->146112K(506368K)] 600446K->425507K(1904640K), 0.0533531 secs] [Times: user=0.32 sys=0.00, real=0.05 secs] 
4662.530: [GC (Allocation Failure) [PSYoungGen: 464576K->109152K(506368K)] 743971K->526023K(1904640K), 0.1559236 secs] [Times: user=0.93 sys=0.00, real=0.16 secs] 
4664.236: [GC (Allocation Failure) [PSYoungGen: 430688K->148320K(507904K)] 847559K->672480K(1906176K), 0.0618477 secs] [Times: user=0.36 sys=0.00, real=0.06 secs] 
4667.738: [GC (Allocation Failure) [PSYoungGen: 469856K->103392K(509952K)] 994016K->767296K(1908224K), 0.1314909 secs] [Times: user=0.78 sys=0.00, real=0.13 secs] 
4669.190: [GC (Allocation Failure) [PSYoungGen: 426976K->155616K(479232K)] 1090880K->919956K(1877504K), 0.0530926 secs] [Times: user=0.31 sys=0.00, real=0.06 secs] 
4671.860: [GC (Allocation Failure) [PSYoungGen: 479200K->107200K(509952K)] 1243540K->1018604K(1908224K), 0.1565052 secs] [Times: user=0.89 sys=0.01, real=0.16 secs] 
4672.703: [GC (Allocation Failure) [PSYoungGen: 411244K->146688K(506880K)] 1322649K->1161734K(1905152K), 0.0521918 secs] [Times: user=0.31 sys=0.00, real=0.05 secs] 
4675.816: [GC (Allocation Failure) [PSYoungGen: 464640K->102144K(507392K)] 1479686K->1255846K(1905664K), 0.1175980 secs] [Times: user=0.70 sys=0.00, real=0.12 secs] 
4677.206: [GC (Allocation Failure) [PSYoungGen: 413588K->148224K(507904K)] 1567291K->1400971K(1906176K), 0.1336430 secs] [Times: user=0.79 sys=0.00, real=0.13 secs] 
4677.340: [Full GC (Ergonomics) [PSYoungGen: 148224K->0K(507904K)] [ParOldGen: 1252747K->196800K(1398272K)] 1400971K->196800K(1906176K), [Metaspace: 60517K->60517K(1105920K)], 0.5165816 secs] [Times: user=2.46 sys=0.01, real=0.52 secs] 
4681.960: [GC (Allocation Failure) [PSYoungGen: 319488K->98208K(508928K)] 516288K->295008K(1907200K), 0.0884874 secs] [Times: user=0.49 sys=0.00, real=0.09 secs] 
4682.971: [GC (Allocation Failure) [PSYoungGen: 413080K->152702K(471552K)] 609880K->443916K(1869824K), 0.0487547 secs] [Times: user=0.29 sys=0.00, real=0.04 secs] 
4685.467: [GC (Allocation Failure) [PSYoungGen: 471166K->103648K(507904K)] 762380K->539069K(1906176K), 0.1230012 secs] [Times: user=0.73 sys=0.01, real=0.12 secs] 
4686.387: [GC (Allocation Failure) [PSYoungGen: 415477K->147680K(505344K)] 850898K->683351K(1903616K), 0.0498099 secs] [Times: user=0.30 sys=0.00, real=0.05 secs] 
4689.247: [GC (Allocation Failure) [PSYoungGen: 462048K->102272K(505344K)] 997719K->776667K(1903616K), 0.1397355 secs] [Times: user=0.83 sys=0.00, real=0.14 secs] 
4690.664: [GC (Allocation Failure) [PSYoungGen: 410319K->148352K(505856K)] 1084714K->921152K(1904128K), 0.0494553 secs] [Times: user=0.29 sys=0.00, real=0.05 secs] 
4692.562: [GC (Allocation Failure) [PSYoungGen: 463744K->105600K(505344K)] 1236544K->1018024K(1903616K), 0.1512286 secs] [Times: user=0.90 sys=0.00, real=0.15 secs] 
4693.147: [GC (Allocation Failure) [PSYoungGen: 412567K->145344K(505856K)] 1324992K->1160113K(1904128K), 0.0682675 secs] [Times: user=0.41 sys=0.00, real=0.07 secs] 
4696.469: [GC (Allocation Failure) [PSYoungGen: 461248K->101920K(505856K)] 1476017K->1253537K(1904128K), 0.1452824 secs] [Times: user=0.86 sys=0.00, real=0.15 secs] 
4697.576: [GC (Allocation Failure) [PSYoungGen: 415886K->149280K(506880K)] 1567503K->1398809K(1905152K), 0.0505151 secs] [Times: user=0.30 sys=0.00, real=0.05 secs] 
4697.627: [Full GC (Ergonomics) [PSYoungGen: 149280K->0K(506880K)] [ParOldGen: 1249529K->196710K(1398272K)] 1398809K->196710K(1905152K), [Metaspace: 60517K->60517K(1105920K)], 0.4664250 secs] [Times: user=2.17 sys=0.00, real=0.47 secs] 
4700.786: [GC (GCLocker Initiated GC) [PSYoungGen: 317952K->101184K(507904K)] 514663K->297895K(1906176K), 0.0962653 secs] [Times: user=0.57 sys=0.00, real=0.10 secs] 
4702.020: [GC (Allocation Failure) [PSYoungGen: 419136K->144064K(507392K)] 632234K->454213K(1905664K), 0.2284404 secs] [Times: user=1.37 sys=0.00, real=0.23 secs] 
4706.220: [GC (Allocation Failure) [PSYoungGen: 462016K->92632K(508416K)] 772165K->546773K(1906688K), 0.4089692 secs] [Times: user=2.44 sys=0.00, real=0.41 secs] 
4707.488: [GC (Allocation Failure) [PSYoungGen: 411608K->153632K(473088K)] 865749K->696534K(1871360K), 0.0542619 secs] [Times: user=0.33 sys=0.00, real=0.06 secs] 
4710.079: [GC (Allocation Failure) [PSYoungGen: 472608K->96896K(506368K)] 1015510K->792958K(1904640K), 0.1262209 secs] [Times: user=0.75 sys=0.00, real=0.13 secs] 
4710.468: [GC (Allocation Failure) [PSYoungGen: 408704K->153952K(465920K)] 1104766K->940963K(1864192K), 0.0565004 secs] [Times: user=0.34 sys=0.00, real=0.06 secs] 
4713.690: [GC (Allocation Failure) [PSYoungGen: 465760K->93504K(503296K)] 1252771K->1034187K(1901568K), 0.1581459 secs] [Times: user=0.95 sys=0.00, real=0.16 secs] 
4714.332: [GC (Allocation Failure) [PSYoungGen: 399680K->150592K(457216K)] 1340363K->1179192K(1855488K), 0.0547625 secs] [Times: user=0.33 sys=0.00, real=0.05 secs] 
4717.269: [GC (Allocation Failure) [PSYoungGen: 456768K->89568K(501248K)] 1485368K->1268668K(1899520K), 0.1469694 secs] [Times: user=0.88 sys=0.00, real=0.15 secs] 
4718.084: [GC (Allocation Failure) [PSYoungGen: 392160K->150720K(453632K)] 1571260K->1413424K(1851904K), 0.0534715 secs] [Times: user=0.32 sys=0.01, real=0.05 secs] 
4718.138: [Full GC (Ergonomics) [PSYoungGen: 150720K->0K(453632K)] [ParOldGen: 1262704K->212030K(1398272K)] 1413424K->212030K(1851904K), [Metaspace: 60517K->60517K(1105920K)], 0.4976490 secs] [Times: user=2.33 sys=0.00, real=0.50 secs] 
4722.789: [GC (Allocation Failure) [PSYoungGen: 302592K->84800K(499200K)] 514622K->296830K(1897472K), 0.1580431 secs] [Times: user=0.95 sys=0.00, real=0.16 secs] 
4723.818: [GC (Allocation Failure) [PSYoungGen: 379270K->141696K(498176K)] 591300K->435019K(1896448K), 0.0465559 secs] [Times: user=0.28 sys=0.00, real=0.05 secs] 
4726.267: [GC (Allocation Failure) [PSYoungGen: 440192K->92768K(495104K)] 733515K->519611K(1893376K), 0.1168159 secs] [Times: user=0.70 sys=0.01, real=0.12 secs] 
4728.008: [GC (Allocation Failure) [PSYoungGen: 392288K->144832K(496640K)] 819131K->660327K(1894912K), 0.0463333 secs] [Times: user=0.27 sys=0.00, real=0.05 secs] 
4729.878: [GC (Allocation Failure) [PSYoungGen: 444352K->97984K(496128K)] 959847K->749535K(1894400K), 0.1696812 secs] [Times: user=1.01 sys=0.01, real=0.17 secs] 
4732.765: [GC (Allocation Failure) [PSYoungGen: 401088K->140224K(498176K)] 1052639K->886724K(1896448K), 0.0497225 secs] [Times: user=0.29 sys=0.00, real=0.05 secs] 
4733.960: [GC (Allocation Failure) [PSYoungGen: 443328K->104256K(495616K)] 1189828K->981844K(1893888K), 0.0646042 secs] [Times: user=0.39 sys=0.00, real=0.07 secs] 
4737.731: [GC (Allocation Failure) [PSYoungGen: 412992K->140544K(499712K)] 1290580K->1120145K(1897984K), 0.0521269 secs] [Times: user=0.31 sys=0.00, real=0.06 secs] 
4739.259: [GC (Allocation Failure) [PSYoungGen: 449280K->106112K(500224K)] 1428881K->1216797K(1898496K), 0.1161947 secs] [Times: user=0.69 sys=0.01, real=0.12 secs] 
4742.073: [GC (Allocation Failure) [PSYoungGen: 422528K->145312K(503808K)] 1533213K->1359722K(1902080K), 0.0533005 secs] [Times: user=0.32 sys=0.00, real=0.05 secs] 
4743.372: [GC (Allocation Failure) [PSYoungGen: 461728K->109824K(504832K)] 1676138K->1460478K(1903104K), 0.0698974 secs] [Times: user=0.42 sys=0.00, real=0.07 secs] 
4743.442: [Full GC (Ergonomics) [PSYoungGen: 109824K->0K(504832K)] [ParOldGen: 1350654K->30422K(1398272K)] 1460478K->30422K(1903104K), [Metaspace: 60521K->60521K(1105920K)], 0.0506261 secs] [Times: user=0.16 sys=0.00, real=0.05 secs] 
4746.369: [GC (Allocation Failure) [PSYoungGen: 321536K->156992K(506880K)] 351958K->187414K(1905152K), 0.0297234 secs] [Times: user=0.18 sys=0.00, real=0.03 secs] 
4748.141: [GC (GCLocker Initiated GC) [PSYoungGen: 478528K->108352K(509952K)] 508950K->278138K(1908224K), 0.1317635 secs] [Times: user=0.78 sys=0.00, real=0.14 secs] 
4750.622: [GC (Allocation Failure) [PSYoungGen: 426816K->149056K(506880K)] 596605K->424286K(1905152K), 0.0528163 secs] [Times: user=0.32 sys=0.00, real=0.05 secs] 
4752.388: [GC (Allocation Failure) [PSYoungGen: 465986K->106112K(507392K)] 741217K->521370K(1905664K), 0.1276305 secs] [Times: user=0.76 sys=0.00, real=0.13 secs] 
4754.046: [GC (Allocation Failure) [PSYoungGen: 425088K->159776K(479232K)] 840346K->678055K(1877504K), 0.0523817 secs] [Times: user=0.31 sys=0.00, real=0.05 secs] 
4756.745: [GC (Allocation Failure) [PSYoungGen: 478752K->106464K(506880K)] 997031K->767487K(1905152K), 0.1213827 secs] [Times: user=0.72 sys=0.01, real=0.12 secs] 
4757.976: [GC (Allocation Failure) [PSYoungGen: 418272K->149568K(503808K)] 1079295K->913232K(1902080K), 0.0517007 secs] [Times: user=0.31 sys=0.00, real=0.05 secs] 
4760.693: [GC (Allocation Failure) [PSYoungGen: 461376K->101984K(504832K)] 1225040K->1006128K(1903104K), 0.1636489 secs] [Times: user=0.97 sys=0.00, real=0.16 secs] 
4762.172: [GC (Allocation Failure) [PSYoungGen: 414816K->149632K(462848K)] 1318960K->1151957K(1861120K), 0.0507363 secs] [Times: user=0.30 sys=0.00, real=0.05 secs] 
4763.963: [GC (Allocation Failure) [PSYoungGen: 462464K->105504K(507392K)] 1464789K->1248285K(1905664K), 0.1796318 secs] [Times: user=0.97 sys=0.00, real=0.18 secs] 
4765.211: [GC (Allocation Failure) [PSYoungGen: 418336K->149664K(504320K)] 1561117K->1394318K(1902592K), 0.0523126 secs] [Times: user=0.31 sys=0.00, real=0.06 secs] 
4765.263: [Full GC (Ergonomics) [PSYoungGen: 149664K->0K(504320K)] [ParOldGen: 1244654K->197427K(1398272K)] 1394318K->197427K(1902592K), [Metaspace: 60521K->60521K(1105920K)], 0.4778807 secs] [Times: user=2.22 sys=0.00, real=0.47 secs] 
4767.941: [GC (GCLocker Initiated GC) [PSYoungGen: 312832K->102432K(504832K)] 510260K->299860K(1903104K), 0.1010270 secs] [Times: user=0.59 sys=0.00, real=0.11 secs] 
4770.075: [GC (Allocation Failure) [PSYoungGen: 415776K->141696K(504832K)] 629622K->453639K(1903104K), 0.2369267 secs] [Times: user=1.42 sys=0.00, real=0.24 secs] 
4773.292: [GC (Allocation Failure) [PSYoungGen: 455040K->92224K(506880K)] 766983K->545715K(1905152K), 0.4394703 secs] [Times: user=2.63 sys=0.00, real=0.43 secs] 
4775.127: [GC (Allocation Failure) [PSYoungGen: 408640K->152384K(468992K)] 862131K->693812K(1867264K), 0.0544048 secs] [Times: user=0.31 sys=0.00, real=0.06 secs] 
4777.833: [GC (Allocation Failure) [PSYoungGen: 468800K->94432K(505856K)] 1010228K->787756K(1904128K), 0.1544371 secs] [Times: user=0.92 sys=0.00, real=0.15 secs] 
4778.687: [GC (Allocation Failure) [PSYoungGen: 405728K->151392K(462848K)] 1099052K->935381K(1861120K), 0.0551578 secs] [Times: user=0.33 sys=0.00, real=0.06 secs] 
4781.461: [GC (Allocation Failure) [PSYoungGen: 462688K->93728K(503808K)] 1246677K->1029093K(1902080K), 0.1439867 secs] [Times: user=0.85 sys=0.00, real=0.15 secs] 
4782.257: [GC (Allocation Failure) [PSYoungGen: 400928K->167680K(475136K)] 1336293K->1191304K(1873408K), 0.0550413 secs] [Times: user=0.33 sys=0.00, real=0.06 secs] 
4785.515: [GC (Allocation Failure) [PSYoungGen: 474880K->89696K(495616K)] 1498504K->1264156K(1893888K), 0.1557056 secs] [Times: user=0.93 sys=0.00, real=0.15 secs] 
4786.650: [GC (Allocation Failure) [PSYoungGen: 377904K->139648K(431104K)] 1552365K->1399853K(1829376K), 0.0501852 secs] [Times: user=0.30 sys=0.00, real=0.05 secs] 
4786.700: [Full GC (Ergonomics) [PSYoungGen: 139648K->0K(431104K)] [ParOldGen: 1260205K->197315K(1398272K)] 1399853K->197315K(1829376K), [Metaspace: 60521K->59619K(1105920K)], 0.4818618 secs] [Times: user=2.22 sys=0.00, real=0.49 secs] 
4789.287: [GC (Allocation Failure) [PSYoungGen: 291328K->91744K(494592K)] 488643K->289059K(1892864K), 0.0947865 secs] [Times: user=0.56 sys=0.00, real=0.10 secs] 
4791.716: [GC (Allocation Failure) [PSYoungGen: 385120K->137056K(492544K)] 582435K->422056K(1890816K), 0.0451084 secs] [Times: user=0.27 sys=0.00, real=0.05 secs] 
4792.944: [GC (Allocation Failure) [PSYoungGen: 430432K->98304K(496640K)] 715432K->511200K(1894912K), 0.0615970 secs] [Times: user=0.37 sys=0.00, real=0.06 secs] 
4795.673: [GC (Allocation Failure) [PSYoungGen: 399872K->145184K(495616K)] 812768K->654014K(1893888K), 0.0499499 secs] [Times: user=0.29 sys=0.00, real=0.05 secs] 
4796.880: [GC (Allocation Failure) [PSYoungGen: 446752K->106592K(497664K)] 955582K->743198K(1895936K), 0.0635585 secs] [Times: user=0.37 sys=0.00, real=0.07 secs] 
4798.984: [GC (Allocation Failure) [PSYoungGen: 415328K->138272K(500224K)] 1051934K->879746K(1898496K), 0.0544166 secs] [Times: user=0.32 sys=0.00, real=0.05 secs] 
4800.171: [GC (Allocation Failure) [PSYoungGen: 447008K->111008K(497152K)] 1188482K->981594K(1895424K), 0.0647689 secs] [Times: user=0.38 sys=0.00, real=0.06 secs] 
4803.616: [GC (Allocation Failure) [PSYoungGen: 427936K->138464K(502784K)] 1298522K->1118119K(1901056K), 0.0535162 secs] [Times: user=0.31 sys=0.00, real=0.05 secs] 
4804.815: [GC (Allocation Failure) [PSYoungGen: 455392K->112800K(503808K)] 1435047K->1221527K(1902080K), 0.0645177 secs] [Times: user=0.39 sys=0.00, real=0.06 secs] 
4807.336: [GC (Allocation Failure) [PSYoungGen: 439968K->146176K(508416K)] 1548695K->1366064K(1906688K), 0.0551494 secs] [Times: user=0.32 sys=0.00, real=0.06 secs] 
4808.659: [GC (Allocation Failure) [PSYoungGen: 473344K->115840K(511488K)] 1693232K->1472720K(1909760K), 0.0792970 secs] [Times: user=0.47 sys=0.01, real=0.08 secs] 
4808.739: [Full GC (Ergonomics) [PSYoungGen: 115840K->0K(511488K)] [ParOldGen: 1356880K->33603K(1398272K)] 1472720K->33603K(1909760K), [Metaspace: 59622K->59617K(1105920K)], 0.0637309 secs] [Times: user=0.22 sys=0.00, real=0.07 secs] 
4810.610: [GC (Allocation Failure) [PSYoungGen: 333312K->157120K(490496K)] 366915K->190723K(1888768K), 0.0304148 secs] [Times: user=0.18 sys=0.00, real=0.03 secs] 
4813.686: [GC (Allocation Failure) [PSYoungGen: 490432K->110240K(515072K)] 524035K->292031K(1913344K), 0.1717032 secs] [Times: user=1.02 sys=0.00, real=0.17 secs] 
4815.551: [GC (Allocation Failure) [PSYoungGen: 431109K->151936K(480768K)] 612901K->439532K(1879040K), 0.0531037 secs] [Times: user=0.31 sys=0.00, real=0.05 secs] 
4818.453: [GC (Allocation Failure) [PSYoungGen: 480640K->110656K(514048K)] 768236K->541184K(1912320K), 0.1444750 secs] [Times: user=0.86 sys=0.00, real=0.14 secs] 
4819.441: [GC (Allocation Failure) [PSYoungGen: 437312K->155520K(482304K)] 867840K->693438K(1880576K), 0.0611553 secs] [Times: user=0.37 sys=0.00, real=0.07 secs] 
4823.599: [GC (Allocation Failure) [PSYoungGen: 482176K->95968K(509440K)] 1020094K->788834K(1907712K), 0.1436294 secs] [Times: user=0.85 sys=0.00, real=0.15 secs] 
4824.217: [GC (Allocation Failure) [PSYoungGen: 415968K->159456K(479744K)] 1108834K->942474K(1878016K), 0.0557682 secs] [Times: user=0.33 sys=0.00, real=0.06 secs] 
4827.298: [GC (Allocation Failure) [PSYoungGen: 479456K->95520K(504320K)] 1262474K->1038219K(1902592K), 0.1367516 secs] [Times: user=0.81 sys=0.00, real=0.14 secs] 
4827.698: [GC (Allocation Failure) [PSYoungGen: 404256K->152448K(461312K)] 1346955K->1184827K(1859584K), 0.0567790 secs] [Times: user=0.33 sys=0.00, real=0.06 secs] 
4831.585: [GC (Allocation Failure) [PSYoungGen: 461184K->87808K(501248K)] 1493563K->1272267K(1899520K), 0.1704734 secs] [Times: user=1.02 sys=0.00, real=0.17 secs] 
4832.039: [GC (Allocation Failure) [PSYoungGen: 391424K->149664K(453632K)] 1575883K->1416055K(1851904K), 0.0541208 secs] [Times: user=0.32 sys=0.00, real=0.06 secs] 
4832.093: [Full GC (Ergonomics) [PSYoungGen: 149664K->0K(453632K)] [ParOldGen: 1266391K->219452K(1398272K)] 1416055K->219452K(1851904K), [Metaspace: 59617K->59617K(1105920K)], 0.5162347 secs] [Times: user=2.42 sys=0.00, real=0.51 secs] 
4835.573: [GC (Allocation Failure) [PSYoungGen: 303616K->87872K(499712K)] 523068K->307324K(1897984K), 0.1282867 secs] [Times: user=0.76 sys=0.00, real=0.13 secs] 
4836.481: [GC (Allocation Failure) [PSYoungGen: 387904K->149504K(450048K)] 607356K->451036K(1848320K), 0.0523437 secs] [Times: user=0.31 sys=0.00, real=0.05 secs] 
4839.305: [GC (Allocation Failure) [PSYoungGen: 449536K->86272K(498688K)] 751068K->537425K(1896960K), 0.1447167 secs] [Times: user=0.86 sys=0.00, real=0.14 secs] 
4840.037: [GC (Allocation Failure) [PSYoungGen: 375766K->141024K(438784K)] 826919K->674709K(1837056K), 0.0483943 secs] [Times: user=0.29 sys=0.00, real=0.05 secs] 
4842.144: [GC (Allocation Failure) [PSYoungGen: 438496K->93472K(499712K)] 972181K->760141K(1897984K), 0.1453846 secs] [Times: user=0.87 sys=0.01, real=0.14 secs] 
4844.108: [GC (Allocation Failure) [PSYoungGen: 393504K->142560K(497152K)] 1060173K->899226K(1895424K), 0.0473054 secs] [Times: user=0.28 sys=0.00, real=0.05 secs] 
4845.553: [GC (Allocation Failure) [PSYoungGen: 442592K->98432K(497664K)] 1199258K->989054K(1895936K), 0.0972215 secs] [Times: user=0.57 sys=0.00, real=0.09 secs] 
4848.581: [GC (Allocation Failure) [PSYoungGen: 402560K->140704K(498688K)] 1293182K->1126915K(1896960K), 0.0498328 secs] [Times: user=0.30 sys=0.00, real=0.05 secs] 
4849.899: [GC (Allocation Failure) [PSYoungGen: 444832K->103840K(496128K)] 1431043K->1221683K(1894400K), 0.0680870 secs] [Times: user=0.40 sys=0.00, real=0.07 secs] 
4852.678: [GC (Allocation Failure) [PSYoungGen: 413600K->138688K(500224K)] 1531443K->1358728K(1898496K), 0.0513866 secs] [Times: user=0.30 sys=0.00, real=0.05 secs] 
4852.729: [Full GC (Ergonomics) [PSYoungGen: 138688K->0K(500224K)] [ParOldGen: 1220040K->165388K(1398272K)] 1358728K->165388K(1898496K), [Metaspace: 59619K->59619K(1105920K)], 0.3890589 secs] [Times: user=1.80 sys=0.00, real=0.39 secs] 
4854.668: [GC (Allocation Failure) [PSYoungGen: 309760K->107104K(499200K)] 475148K->272492K(1897472K), 0.0377733 secs] [Times: user=0.22 sys=0.00, real=0.04 secs] 
4857.594: [GC (Allocation Failure) [PSYoungGen: 425056K->142976K(503808K)] 590444K->413441K(1902080K), 0.0540082 secs] [Times: user=0.32 sys=0.00, real=0.05 secs] 
4858.791: [GC (Allocation Failure) [PSYoungGen: 460928K->111872K(505856K)] 731393K->515985K(1904128K), 0.0646311 secs] [Times: user=0.39 sys=0.00, real=0.07 secs] 
4860.739: [GC (Allocation Failure) [PSYoungGen: 436992K->150944K(508416K)] 841105K->664746K(1906688K), 0.0546278 secs] [Times: user=0.32 sys=0.00, real=0.06 secs] 
4863.326: [GC (GCLocker Initiated GC) [PSYoungGen: 476064K->108864K(512000K)] 989866K->764638K(1910272K), 0.1722647 secs] [Times: user=1.02 sys=0.01, real=0.17 secs] 
4864.691: [GC (Allocation Failure) [PSYoungGen: 435520K->154304K(481280K)] 1091297K->915750K(1879552K), 0.0539852 secs] [Times: user=0.32 sys=0.00, real=0.06 secs] 
4866.873: [GC (Allocation Failure) [PSYoungGen: 480960K->111872K(513024K)] 1242406K->1018682K(1911296K), 0.1719297 secs] [Times: user=1.02 sys=0.00, real=0.17 secs] 
4868.711: [GC (Allocation Failure) [PSYoungGen: 423280K->146816K(508928K)] 1330090K->1161843K(1907200K), 0.0533612 secs] [Times: user=0.31 sys=0.00, real=0.06 secs] 
4871.364: [GC (Allocation Failure) [PSYoungGen: 469888K->105120K(509952K)] 1484915K->1258455K(1908224K), 0.1701670 secs] [Times: user=1.00 sys=0.00, real=0.17 secs] 
4872.883: [GC (Allocation Failure) [PSYoungGen: 430240K->157408K(482816K)] 1583575K->1411436K(1881088K), 0.0523599 secs] [Times: user=0.31 sys=0.00, real=0.05 secs] 
4872.935: [Full GC (Ergonomics) [PSYoungGen: 157408K->0K(482816K)] [ParOldGen: 1254028K->208455K(1398272K)] 1411436K->208455K(1881088K), [Metaspace: 59619K->59619K(1105920K)], 0.4752760 secs] [Times: user=2.20 sys=0.00, real=0.47 secs] 
4876.621: [GC (Allocation Failure) [PSYoungGen: 325120K->96032K(508416K)] 533575K->304487K(1906688K), 0.1677947 secs] [Times: user=0.98 sys=0.01, real=0.17 secs] 
4877.337: [GC (Allocation Failure) [PSYoungGen: 412960K->173536K(490496K)] 621415K->472271K(1888768K), 0.0560674 secs] [Times: user=0.33 sys=0.00, real=0.06 secs] 
4880.835: [GC (Allocation Failure) [PSYoungGen: 490464K->101088K(499200K)] 789199K->556991K(1897472K), 0.1470372 secs] [Times: user=0.84 sys=0.00, real=0.15 secs] 
4881.452: [GC (Allocation Failure) [PSYoungGen: 398048K->148128K(496640K)] 853951K->691147K(1894912K), 0.0541337 secs] [Times: user=0.33 sys=0.00, real=0.05 secs] 
4884.642: [GC (Allocation Failure) [PSYoungGen: 445088K->84928K(496640K)] 988107K->776255K(1894912K), 0.1674423 secs] [Times: user=1.00 sys=0.00, real=0.16 secs] 
4886.141: [GC (Allocation Failure) [PSYoungGen: 381376K->142656K(497152K)] 1072703K->914412K(1895424K), 0.0475584 secs] [Times: user=0.28 sys=0.00, real=0.05 secs] 
4888.659: [GC (Allocation Failure) [PSYoungGen: 439104K->95712K(494592K)] 1210860K->1001060K(1892864K), 0.1610039 secs] [Times: user=0.96 sys=0.00, real=0.16 secs] 
4890.706: [GC (Allocation Failure) [PSYoungGen: 394208K->143328K(496128K)] 1299556K->1138341K(1894400K), 0.0488096 secs] [Times: user=0.29 sys=0.00, real=0.05 secs] 
4892.118: [GC (Allocation Failure) [PSYoungGen: 441824K->99392K(496128K)] 1436837K->1229397K(1894400K), 0.1019680 secs] [Times: user=0.60 sys=0.00, real=0.10 secs] 
4894.216: [GC (Allocation Failure) [PSYoungGen: 403008K->138912K(498688K)] 1533013K->1365946K(1896960K), 0.0507445 secs] [Times: user=0.30 sys=0.00, real=0.05 secs] 
4894.267: [Full GC (Ergonomics) [PSYoungGen: 138912K->0K(498688K)] [ParOldGen: 1227034K->171485K(1398272K)] 1365946K->171485K(1896960K), [Metaspace: 59619K->59619K(1105920K)], 0.4033142 secs] [Times: user=1.86 sys=0.00, real=0.40 secs] 
4897.644: [GC (Allocation Failure) [PSYoungGen: 303616K->100096K(497664K)] 475101K->271581K(1895936K), 0.0366385 secs] [Times: user=0.21 sys=0.00, real=0.03 secs] 
4899.635: [GC (Allocation Failure) [PSYoungGen: 410368K->141952K(501248K)] 581853K->412058K(1899520K), 0.0847925 secs] [Times: user=0.50 sys=0.00, real=0.08 secs] 
4901.969: [GC (Allocation Failure) [PSYoungGen: 452224K->104064K(501248K)] 722330K->507562K(1899520K), 0.0644673 secs] [Times: user=0.38 sys=0.00, real=0.07 secs] 
4906.217: [GC (Allocation Failure) [PSYoungGen: 420480K->137440K(504320K)] 823978K->643151K(1902592K), 0.0517787 secs] [Times: user=0.29 sys=0.02, real=0.05 secs] 
4907.455: [GC (Allocation Failure) [PSYoungGen: 453856K->112672K(501248K)] 959567K->746111K(1899520K), 0.0660304 secs] [Times: user=0.38 sys=0.00, real=0.06 secs] 
4911.288: [GC (Allocation Failure) [PSYoungGen: 436256K->152128K(506368K)] 1069695K->896612K(1904640K), 0.0552052 secs] [Times: user=0.32 sys=0.00, real=0.06 secs] 
4912.489: [GC (GCLocker Initiated GC) [PSYoungGen: 475712K->112768K(512000K)] 1220197K->991493K(1910272K), 0.0708018 secs] [Times: user=0.42 sys=0.00, real=0.07 secs] 
4914.384: [GC (Allocation Failure) [PSYoungGen: 439936K->150528K(510976K)] 1318694K->1140087K(1909248K), 0.0554251 secs] [Times: user=0.33 sys=0.00, real=0.05 secs] 
4916.707: [GC (Allocation Failure) [PSYoungGen: 477696K->111392K(512000K)] 1467255K->1241963K(1910272K), 0.1153517 secs] [Times: user=0.68 sys=0.00, real=0.12 secs] 
4918.749: [GC (Allocation Failure) [PSYoungGen: 438560K->153728K(481280K)] 1569131K->1392452K(1879552K), 0.0553308 secs] [Times: user=0.33 sys=0.00, real=0.06 secs] 
4918.804: [Full GC (Ergonomics) [PSYoungGen: 153728K->0K(481280K)] [ParOldGen: 1238724K->188427K(1398272K)] 1392452K->188427K(1879552K), [Metaspace: 59619K->59619K(1105920K)], 0.4691209 secs] [Times: user=2.18 sys=0.00, real=0.47 secs] 
4921.160: [GC (Allocation Failure) [PSYoungGen: 327168K->110464K(513024K)] 515595K->298891K(1911296K), 0.0756951 secs] [Times: user=0.45 sys=0.00, real=0.08 secs] 
4921.778: [GC (Allocation Failure) [PSYoungGen: 418819K->147616K(509952K)] 607246K->443018K(1908224K), 0.0523934 secs] [Times: user=0.31 sys=0.00, real=0.05 secs] 
4924.986: [GC (Allocation Failure) [PSYoungGen: 471712K->106304K(509952K)] 767114K->540642K(1908224K), 0.1708014 secs] [Times: user=1.01 sys=0.01, real=0.17 secs] 
4925.701: [GC (Allocation Failure) [PSYoungGen: 431424K->157088K(482304K)] 865762K->693827K(1880576K), 0.0525950 secs] [Times: user=0.31 sys=0.00, real=0.06 secs] 
4929.111: [GC (Allocation Failure) [PSYoungGen: 482208K->98528K(508928K)] 1018947K->791631K(1907200K), 0.1582577 secs] [Times: user=0.94 sys=0.00, real=0.16 secs] 
4929.923: [GC (Allocation Failure) [PSYoungGen: 416480K->189920K(507904K)] 1109583K->989802K(1906176K), 0.0593844 secs] [Times: user=0.35 sys=0.00, real=0.06 secs] 
4934.041: [GC (Allocation Failure) [PSYoungGen: 507872K->91552K(423936K)] 1307754K->1031514K(1822208K), 0.1563080 secs] [Times: user=0.93 sys=0.00, real=0.16 secs] 
4934.509: [GC (Allocation Failure) [PSYoungGen: 324512K->117728K(465920K)] 1264474K->1143847K(1864192K), 0.0462531 secs] [Times: user=0.28 sys=0.00, real=0.05 secs] 
4935.621: [GC (Allocation Failure) [PSYoungGen: 350688K->82080K(465920K)] 1376807K->1217707K(1864192K), 0.0561995 secs] [Times: user=0.34 sys=0.00, real=0.06 secs] 
4939.186: [GC (Allocation Failure) [PSYoungGen: 315040K->88512K(465920K)] 1450667K->1305552K(1864192K), 0.0746514 secs] [Times: user=0.43 sys=0.01, real=0.07 secs] 
4939.515: [GC (Allocation Failure) [PSYoungGen: 321472K->116736K(449536K)] 1538512K->1416836K(1847808K), 0.0510757 secs] [Times: user=0.30 sys=0.00, real=0.05 secs] 
4939.566: [Full GC (Ergonomics) [PSYoungGen: 116736K->0K(449536K)] [ParOldGen: 1300100K->213456K(1398272K)] 1416836K->213456K(1847808K), [Metaspace: 59623K->59623K(1105920K)], 0.4896611 secs] [Times: user=2.27 sys=0.00, real=0.49 secs] 
4941.454: [GC (Allocation Failure) [PSYoungGen: 232960K->59136K(457728K)] 446416K->272600K(1856000K), 0.0897064 secs] [Times: user=0.53 sys=0.01, real=0.09 secs] 
4942.634: [GC (Allocation Failure) [PSYoungGen: 292096K->107296K(457728K)] 505560K->377504K(1856000K), 0.0441484 secs] [Times: user=0.26 sys=0.00, real=0.04 secs] 
4943.648: [GC (Allocation Failure) [PSYoungGen: 355080K->160448K(465408K)] 625288K->528857K(1863680K), 0.0664646 secs] [Times: user=0.40 sys=0.00, real=0.07 secs] 
4947.030: [GC (Allocation Failure) [PSYoungGen: 408768K->65920K(476160K)] 777177K->557536K(1874432K), 0.1362039 secs] [Times: user=0.81 sys=0.00, real=0.14 secs] 
4947.419: [GC (Allocation Failure) [PSYoungGen: 312751K->122336K(375296K)] 804368K->674085K(1773568K), 0.0424746 secs] [Times: user=0.25 sys=0.00, real=0.04 secs] 
4948.510: [GC (Allocation Failure) [PSYoungGen: 375264K->78880K(470016K)] 927013K->744549K(1868288K), 0.0736042 secs] [Times: user=0.36 sys=0.00, real=0.08 secs] 
4951.256: [GC (Allocation Failure) [PSYoungGen: 334880K->114528K(466944K)] 1000549K->856902K(1865216K), 0.0513099 secs] [Times: user=0.30 sys=0.00, real=0.05 secs] 
4952.353: [GC (Allocation Failure) [PSYoungGen: 370528K->122304K(481280K)] 1112902K->969366K(1879552K), 0.0599175 secs] [Times: user=0.35 sys=0.00, real=0.06 secs] 
4955.013: [GC (Allocation Failure) [PSYoungGen: 401856K->84960K(475648K)] 1248918K->1054094K(1873920K), 0.0853832 secs] [Times: user=0.51 sys=0.00, real=0.08 secs] 
4955.384: [GC (Allocation Failure) [PSYoungGen: 364512K->138016K(492544K)] 1333646K->1186176K(1890816K), 0.0523457 secs] [Times: user=0.31 sys=0.01, real=0.05 secs] 
4958.814: [GC (Allocation Failure) [PSYoungGen: 437536K->87072K(494080K)] 1485696K->1272880K(1892352K), 0.1364493 secs] [Times: user=0.82 sys=0.00, real=0.13 secs] 
4959.223: [GC (Allocation Failure) [PSYoungGen: 386592K->149312K(495104K)] 1572400K->1416573K(1893376K), 0.0555992 secs] [Times: user=0.32 sys=0.01, real=0.05 secs] 
4959.278: [Full GC (Ergonomics) [PSYoungGen: 149312K->0K(495104K)] [ParOldGen: 1267261K->222363K(1398272K)] 1416573K->222363K(1893376K), [Metaspace: 59640K->59640K(1105920K)], 0.5231964 secs] [Times: user=2.45 sys=0.00, real=0.53 secs] 
4964.036: [GC (Allocation Failure) [PSYoungGen: 303616K->86304K(501248K)] 525979K->308667K(1899520K), 0.1182872 secs] [Times: user=0.70 sys=0.01, real=0.12 secs] 
4964.631: [GC (Allocation Failure) [PSYoungGen: 389920K->149760K(493568K)] 612283K->452396K(1891840K), 0.0525628 secs] [Times: user=0.32 sys=0.00, real=0.06 secs] 
4967.899: [GC (Allocation Failure) [PSYoungGen: 449280K->87296K(499200K)] 751916K->539276K(1897472K), 0.1732230 secs] [Times: user=1.03 sys=0.00, real=0.18 secs] 
4968.666: [GC (Allocation Failure) [PSYoungGen: 386816K->162560K(482304K)] 838796K->698164K(1880576K), 0.0534537 secs] [Times: user=0.31 sys=0.00, real=0.05 secs] 
4971.018: [GC (Allocation Failure) [PSYoungGen: 448768K->80576K(492544K)] 984372K->762532K(1890816K), 0.1388360 secs] [Times: user=0.82 sys=0.00, real=0.14 secs] 
4973.526: [GC (Allocation Failure) [PSYoungGen: 366784K->135520K(487936K)] 1048740K->894409K(1886208K), 0.0485060 secs] [Times: user=0.28 sys=0.00, real=0.05 secs] 
4974.709: [GC (Allocation Failure) [PSYoungGen: 424288K->95488K(491520K)] 1183177K->981325K(1889792K), 0.0625140 secs] [Times: user=0.37 sys=0.00, real=0.07 secs] 
4977.585: [GC (Allocation Failure) [PSYoungGen: 384256K->128608K(491520K)] 1270093K->1108026K(1889792K), 0.0502787 secs] [Times: user=0.30 sys=0.00, real=0.05 secs] 
4978.796: [GC (Allocation Failure) [PSYoungGen: 427104K->111072K(493056K)] 1406522K->1209686K(1891328K), 0.0626033 secs] [Times: user=0.37 sys=0.00, real=0.06 secs] 
4980.864: [GC (Allocation Failure) [PSYoungGen: 409568K->124704K(500224K)] 1508182K->1333183K(1898496K), 0.0594676 secs] [Times: user=0.35 sys=0.00, real=0.06 secs] 
4983.608: [GC (Allocation Failure) [PSYoungGen: 440096K->122976K(499200K)] 1648575K->1446359K(1897472K), 0.0631022 secs] [Times: user=0.38 sys=0.00, real=0.06 secs] 
4983.671: [Full GC (Ergonomics) [PSYoungGen: 122976K->0K(499200K)] [ParOldGen: 1323383K->250942K(1398272K)] 1446359K->250942K(1897472K), [Metaspace: 59641K->59641K(1105920K)], 0.5341631 secs] [Times: user=2.35 sys=0.00, real=0.54 secs] 
4985.374: [GC (Allocation Failure) [PSYoungGen: 315392K->129760K(511488K)] 566334K->380702K(1909760K), 0.0344358 secs] [Times: user=0.20 sys=0.00, real=0.03 secs] 
4988.841: [GC (Allocation Failure) [PSYoungGen: 461536K->2784K(334848K)] 712478K->253762K(1733120K), 0.0032347 secs] [Times: user=0.02 sys=0.00, real=0.00 secs] 
4991.958: [GC (Allocation Failure) [PSYoungGen: 334560K->142688K(497664K)] 585538K->394743K(1895936K), 0.0285338 secs] [Times: user=0.17 sys=0.00, real=0.03 secs] 
4993.141: [GC (Allocation Failure) [PSYoungGen: 448352K->108096K(414208K)] 700407K->493567K(1812480K), 0.0651002 secs] [Times: user=0.39 sys=0.00, real=0.06 secs] 
4995.625: [GC (Allocation Failure) [PSYoungGen: 413760K->135968K(497152K)] 799231K->628652K(1895424K), 0.0541909 secs] [Times: user=0.32 sys=0.00, real=0.05 secs] 
4997.519: [GC (Allocation Failure) [PSYoungGen: 444704K->111776K(498688K)] 937388K->731176K(1896960K), 0.0640268 secs] [Times: user=0.38 sys=0.00, real=0.07 secs] 
4999.597: [GC (Allocation Failure) [PSYoungGen: 420512K->136320K(501760K)] 1039912K->866292K(1900032K), 0.0542823 secs] [Times: user=0.32 sys=0.00, real=0.06 secs] 
5000.879: [GC (Allocation Failure) [PSYoungGen: 455296K->114784K(503296K)] 1185268K->971716K(1901568K), 0.0652457 secs] [Times: user=0.39 sys=0.00, real=0.07 secs] 
5002.885: [GC (Allocation Failure) [PSYoungGen: 433760K->142048K(505856K)] 1290692K->1112681K(1904128K), 0.0554652 secs] [Times: user=0.33 sys=0.00, real=0.05 secs] 
5004.304: [GC (GCLocker Initiated GC) [PSYoungGen: 470240K->115072K(509440K)] 1440874K->1218682K(1907712K), 0.0773861 secs] [Times: user=0.46 sys=0.00, real=0.08 secs] 
5005.197: [GC (Allocation Failure) [PSYoungGen: 443264K->153248K(508416K)] 1546877K->1370471K(1906688K), 0.0597133 secs] [Times: user=0.35 sys=0.00, real=0.06 secs] 
5005.257: [Full GC (Ergonomics) [PSYoungGen: 153248K->0K(508416K)] [ParOldGen: 1217223K->178337K(1398272K)] 1370471K->178337K(1906688K), [Metaspace: 59702K->59702K(1105920K)], 0.4247471 secs] [Times: user=1.97 sys=0.00, real=0.43 secs] 
5010.482: [GC (Allocation Failure) [PSYoungGen: 332800K->103936K(515584K)] 511137K->282273K(1913856K), 0.0602510 secs] [Times: user=0.33 sys=0.00, real=0.06 secs] 
5013.006: [GC (Allocation Failure) [PSYoungGen: 436736K->154752K(504832K)] 615073K->433894K(1903104K), 0.0526655 secs] [Times: user=0.31 sys=0.00, real=0.05 secs] 
5015.234: [GC (Allocation Failure) [PSYoungGen: 479872K->108128K(512000K)] 759014K->532838K(1910272K), 0.1694703 secs] [Times: user=1.01 sys=0.00, real=0.17 secs] 
5017.249: [GC (Allocation Failure) [PSYoungGen: 430939K->153248K(504832K)] 855649K->681887K(1903104K), 0.0523739 secs] [Times: user=0.31 sys=0.01, real=0.06 secs] 
5019.663: [GC (Allocation Failure) [PSYoungGen: 475296K->105344K(510464K)] 1003935K->778219K(1908736K), 0.1748846 secs] [Times: user=1.05 sys=0.00, real=0.17 secs] 
5020.999: [GC (Allocation Failure) [PSYoungGen: 412919K->145984K(508416K)] 1085794K->920216K(1906688K), 0.0498784 secs] [Times: user=0.30 sys=0.00, real=0.05 secs] 
5023.378: [GC (Allocation Failure) [PSYoungGen: 469056K->106304K(429568K)] 1243288K->1017828K(1827840K), 0.1752752 secs] [Times: user=1.04 sys=0.00, real=0.18 secs] 
5024.894: [GC (Allocation Failure) [PSYoungGen: 413854K->145440K(508416K)] 1325378K->1158885K(1906688K), 0.0511722 secs] [Times: user=0.30 sys=0.00, real=0.05 secs] 
5027.025: [GC (Allocation Failure) [PSYoungGen: 469024K->109856K(510464K)] 1482469K->1259997K(1908736K), 0.1505528 secs] [Times: user=0.90 sys=0.00, real=0.15 secs] 
5028.197: [GC (Allocation Failure) [PSYoungGen: 433440K->155744K(503296K)] 1583581K->1412010K(1901568K), 0.0536553 secs] [Times: user=0.32 sys=0.00, real=0.05 secs] 
5028.251: [Full GC (Ergonomics) [PSYoungGen: 155744K->0K(503296K)] [ParOldGen: 1256266K->210251K(1398272K)] 1412010K->210251K(1901568K), [Metaspace: 59702K->59702K(1105920K)], 0.4849921 secs] [Times: user=2.26 sys=0.00, real=0.49 secs] 
5032.255: [GC (Allocation Failure) [PSYoungGen: 320000K->92736K(509440K)] 530251K->302987K(1907712K), 0.1583001 secs] [Times: user=0.95 sys=0.00, real=0.16 secs] 
5033.401: [GC (Allocation Failure) [PSYoungGen: 412736K->156224K(498688K)] 622987K->453452K(1896960K), 0.0538332 secs] [Times: user=0.32 sys=0.01, real=0.06 secs] 
5036.553: [GC (Allocation Failure) [PSYoungGen: 465984K->88416K(504320K)] 763212K->541628K(1902592K), 0.1551312 secs] [Times: user=0.92 sys=0.00, real=0.15 secs] 
5037.444: [GC (Allocation Failure) [PSYoungGen: 398176K->153984K(495616K)] 851388K->689706K(1893888K), 0.0535354 secs] [Times: user=0.32 sys=0.00, real=0.05 secs] 
5040.711: [GC (Allocation Failure) [PSYoungGen: 455552K->86656K(500224K)] 991274K->776206K(1898496K), 0.1679186 secs] [Times: user=1.01 sys=0.00, real=0.17 secs] 
5042.086: [GC (Allocation Failure) [PSYoungGen: 381347K->140224K(497664K)] 1070897K->912399K(1895936K), 0.0486015 secs] [Times: user=0.29 sys=0.00, real=0.05 secs] 
5043.861: [GC (Allocation Failure) [PSYoungGen: 442304K->96352K(499200K)] 1214479K->1000167K(1897472K), 0.1311879 secs] [Times: user=0.77 sys=0.00, real=0.14 secs] 
5044.728: [GC (Allocation Failure) [PSYoungGen: 398432K->144320K(499200K)] 1302247K->1140808K(1897472K), 0.0491284 secs] [Times: user=0.29 sys=0.00, real=0.05 secs] 
5047.427: [GC (Allocation Failure) [PSYoungGen: 448960K->100640K(500736K)] 1445448K->1232072K(1899008K), 0.0634197 secs] [Times: user=0.37 sys=0.00, real=0.06 secs] 
5048.233: [GC (Allocation Failure) [PSYoungGen: 405280K->144160K(499200K)] 1536712K->1373965K(1897472K), 0.0516368 secs] [Times: user=0.30 sys=0.00, real=0.05 secs] 
5048.284: [Full GC (Ergonomics) [PSYoungGen: 144160K->0K(499200K)] [ParOldGen: 1229805K->180482K(1398272K)] 1373965K->180482K(1897472K), [Metaspace: 59705K->59705K(1105920K)], 0.4319462 secs] [Times: user=2.00 sys=0.00, real=0.43 secs] 
5052.476: [GC (Allocation Failure) [PSYoungGen: 306688K->101216K(500736K)] 487170K->281698K(1899008K), 0.0327061 secs] [Times: user=0.19 sys=0.00, real=0.03 secs] 
5053.999: [GC (Allocation Failure) [PSYoungGen: 407904K->139776K(502784K)] 588386K->417834K(1901056K), 0.0506581 secs] [Times: user=0.30 sys=0.00, real=0.05 secs] 
5055.656: [GC (Allocation Failure) [PSYoungGen: 452096K->108032K(502784K)] 730154K->516186K(1901056K), 0.0648741 secs] [Times: user=0.39 sys=0.00, real=0.06 secs] 
5056.778: [GC (Allocation Failure) [PSYoungGen: 420352K->149152K(500736K)] 828506K->663511K(1899008K), 0.0536585 secs] [Times: user=0.32 sys=0.00, real=0.06 secs] 
5058.682: [GC (Allocation Failure) [PSYoungGen: 463520K->103072K(504320K)] 977879K->758039K(1902592K), 0.0714945 secs] [Times: user=0.42 sys=0.00, real=0.07 secs] 
5060.121: [GC (Allocation Failure) [PSYoungGen: 417440K->148224K(505344K)] 1072407K->903728K(1903616K), 0.0532893 secs] [Times: user=0.32 sys=0.00, real=0.06 secs] 
5061.953: [GC (Allocation Failure) [PSYoungGen: 466176K->105024K(508416K)] 1221680K->999796K(1906688K), 0.1376372 secs] [Times: user=0.82 sys=0.00, real=0.13 secs] 
5064.674: [GC (Allocation Failure) [PSYoungGen: 422976K->148960K(505344K)] 1317748K->1146253K(1903616K), 0.0533807 secs] [Times: user=0.32 sys=0.00, real=0.05 secs] 
5067.702: [GC (Allocation Failure) [PSYoungGen: 466912K->104672K(508416K)] 1464205K->1242201K(1906688K), 0.1335528 secs] [Times: user=0.80 sys=0.00, real=0.13 secs] 
5070.599: [GC (Allocation Failure) [PSYoungGen: 422624K->146656K(505856K)] 1560153K->1384630K(1904128K), 0.0525633 secs] [Times: user=0.31 sys=0.00, real=0.06 secs] 
5070.652: [Full GC (Ergonomics) [PSYoungGen: 146656K->0K(505856K)] [ParOldGen: 1237974K->182433K(1398272K)] 1384630K->182433K(1904128K), [Metaspace: 59705K->59705K(1105920K)], 0.4361462 secs] [Times: user=2.03 sys=0.00, real=0.43 secs] 
5073.026: [GC (Allocation Failure) [PSYoungGen: 318464K->107520K(426496K)] 500897K->289954K(1824768K), 0.0946106 secs] [Times: user=0.56 sys=0.00, real=0.09 secs] 
5075.159: [GC (Allocation Failure) [PSYoungGen: 425984K->151040K(503808K)] 608418K->437114K(1902080K), 0.0526408 secs] [Times: user=0.32 sys=0.00, real=0.06 secs] 
5077.934: [GC (Allocation Failure) [PSYoungGen: 468480K->103104K(507904K)] 754554K->530766K(1906176K), 0.1661031 secs] [Times: user=0.99 sys=0.00, real=0.16 secs] 
5079.698: [GC (Allocation Failure) [PSYoungGen: 420544K->153184K(501760K)] 848206K->679663K(1900032K), 0.0501672 secs] [Times: user=0.29 sys=0.00, real=0.05 secs] 
5082.386: [GC (GCLocker Initiated GC) [PSYoungGen: 467040K->99808K(506368K)] 993521K->771005K(1904640K), 0.1434399 secs] [Times: user=0.83 sys=0.01, real=0.14 secs] 
5083.628: [GC (Allocation Failure) [PSYoungGen: 413664K->145184K(506368K)] 1101247K->928726K(1904640K), 0.2354364 secs] [Times: user=1.42 sys=0.00, real=0.24 secs] 
5086.809: [GC (Allocation Failure) [PSYoungGen: 461088K->92672K(507392K)] 1244630K->1021542K(1905664K), 0.4374272 secs] [Times: user=2.62 sys=0.00, real=0.44 secs] 
5088.145: [GC (Allocation Failure) [PSYoungGen: 408576K->150912K(500736K)] 1337446K->1168556K(1899008K), 0.0552460 secs] [Times: user=0.32 sys=0.00, real=0.05 secs] 
5091.380: [GC (Allocation Failure) [PSYoungGen: 460672K->91264K(504320K)] 1478316K->1259532K(1902592K), 0.1661290 secs] [Times: user=0.99 sys=0.01, real=0.17 secs] 
5092.201: [GC (Allocation Failure) [PSYoungGen: 388103K->143072K(504320K)] 1556371K->1398805K(1902592K), 0.0536310 secs] [Times: user=0.32 sys=0.00, real=0.06 secs] 
5092.254: [Full GC (Ergonomics) [PSYoungGen: 143072K->0K(504320K)] [ParOldGen: 1255733K->196024K(1398272K)] 1398805K->196024K(1902592K), [Metaspace: 59705K->59705K(1105920K)], 0.4674087 secs] [Times: user=2.11 sys=0.00, real=0.47 secs] 
5094.621: [GC (Allocation Failure) [PSYoungGen: 310784K->101760K(412672K)] 506808K->297784K(1810944K), 0.0926172 secs] [Times: user=0.54 sys=0.00, real=0.10 secs] 
5096.445: [GC (Allocation Failure) [PSYoungGen: 412544K->148832K(499200K)] 608568K->442677K(1897472K), 0.0496837 secs] [Times: user=0.30 sys=0.00, real=0.05 secs] 
5097.947: [GC (GCLocker Initiated GC) [PSYoungGen: 457056K->99648K(502272K)] 750902K->533462K(1900544K), 0.0999103 secs] [Times: user=0.59 sys=0.00, real=0.10 secs] 
5099.398: [GC (Allocation Failure) [PSYoungGen: 407872K->146144K(503808K)] 841689K->675622K(1902080K), 0.0491777 secs] [Times: user=0.29 sys=0.00, real=0.05 secs] 
5101.802: [GC (Allocation Failure) [PSYoungGen: 458464K->103328K(415744K)] 987942K->769806K(1814016K), 0.1509274 secs] [Times: user=0.90 sys=0.00, real=0.15 secs] 
5102.671: [GC (Allocation Failure) [PSYoungGen: 415648K->151200K(500224K)] 1082126K->917151K(1898496K), 0.0516573 secs] [Times: user=0.31 sys=0.00, real=0.06 secs] 
5105.164: [GC (Allocation Failure) [PSYoungGen: 461472K->100416K(504320K)] 1227423K->1008815K(1902592K), 0.1621153 secs] [Times: user=0.96 sys=0.00, real=0.16 secs] 
5106.386: [GC (Allocation Failure) [PSYoungGen: 410688K->149440K(501248K)] 1319087K->1154343K(1899520K), 0.0504344 secs] [Times: user=0.30 sys=0.00, real=0.05 secs] 
5108.541: [GC (Allocation Failure) [PSYoungGen: 459200K->101408K(504320K)] 1464103K->1246855K(1902592K), 0.1505432 secs] [Times: user=0.89 sys=0.00, real=0.15 secs] 
5110.612: [GC (Allocation Failure) [PSYoungGen: 411168K->148448K(501760K)] 1556615K->1391336K(1900032K), 0.0509326 secs] [Times: user=0.31 sys=0.00, real=0.05 secs] 
5110.663: [Full GC (Ergonomics) [PSYoungGen: 148448K->0K(501760K)] [ParOldGen: 1242888K->189874K(1398272K)] 1391336K->189874K(1900032K), [Metaspace: 59705K->59705K(1105920K)], 0.4502491 secs] [Times: user=2.08 sys=0.00, real=0.45 secs] 
5113.584: [GC (Allocation Failure) [PSYoungGen: 310272K->100352K(504320K)] 500146K->290226K(1902592K), 0.0915460 secs] [Times: user=0.54 sys=0.01, real=0.09 secs] 
5115.760: [GC (Allocation Failure) [PSYoungGen: 410624K->147328K(502784K)] 600498K->433487K(1901056K), 0.0493683 secs] [Times: user=0.29 sys=0.00, real=0.05 secs] 
5118.017: [GC (Allocation Failure) [PSYoungGen: 458252K->101632K(504832K)] 744412K->525823K(1903104K), 0.1613849 secs] [Times: user=0.96 sys=0.00, real=0.16 secs] 
5120.313: [GC (Allocation Failure) [PSYoungGen: 412928K->147520K(502272K)] 837119K->670368K(1900544K), 0.0501462 secs] [Times: user=0.29 sys=0.00, real=0.05 secs] 
5121.920: [GC (Allocation Failure) [PSYoungGen: 458816K->104063K(504832K)] 981664K->765736K(1903104K), 0.1082659 secs] [Times: user=0.65 sys=0.00, real=0.11 secs] 
5124.472: [GC (Allocation Failure) [PSYoungGen: 415359K->145472K(503808K)] 1077032K->906994K(1902080K), 0.0511634 secs] [Times: user=0.31 sys=0.00, real=0.05 secs] 
5125.804: [GC (Allocation Failure) [PSYoungGen: 458816K->105632K(504832K)] 1220338K->1003702K(1903104K), 0.0720363 secs] [Times: user=0.42 sys=0.00, real=0.07 secs] 
5127.246: [GC (Allocation Failure) [PSYoungGen: 418976K->148384K(502784K)] 1317046K->1148331K(1901056K), 0.0524498 secs] [Times: user=0.31 sys=0.00, real=0.05 secs] 
5129.461: [GC (Allocation Failure) [PSYoungGen: 462752K->104864K(505344K)] 1462699K->1244143K(1903616K), 0.1626401 secs] [Times: user=0.96 sys=0.01, real=0.17 secs] 
5130.830: [GC (Allocation Failure) [PSYoungGen: 419232K->151392K(503296K)] 1558511K->1391507K(1901568K), 0.0525697 secs] [Times: user=0.32 sys=0.00, real=0.06 secs] 
5130.882: [Full GC (Ergonomics) [PSYoungGen: 151392K->0K(503296K)] [ParOldGen: 1240115K->189502K(1398272K)] 1391507K->189502K(1901568K), [Metaspace: 59735K->59735K(1105920K)], 0.4594278 secs] [Times: user=2.14 sys=0.00, real=0.46 secs] 
5133.375: [GC (Allocation Failure) [PSYoungGen: 314880K->101024K(506880K)] 504382K->290526K(1905152K), 0.1021280 secs] [Times: user=0.60 sys=0.00, real=0.10 secs] 
5135.975: [GC (Allocation Failure) [PSYoungGen: 415904K->158112K(496640K)] 605406K->444536K(1894912K), 0.0499744 secs] [Times: user=0.29 sys=0.00, real=0.05 secs] 
5137.661: [GC (GCLocker Initiated GC) [PSYoungGen: 464800K->99136K(502784K)] 751224K->526392K(1901056K), 0.1047000 secs] [Times: user=0.62 sys=0.00, real=0.10 secs] 
5139.089: [GC (Allocation Failure) [PSYoungGen: 405824K->147168K(501760K)] 833132K->669193K(1900032K), 0.0492098 secs] [Times: user=0.29 sys=0.00, real=0.05 secs] 
5140.791: [GC (Allocation Failure) [PSYoungGen: 454880K->101056K(409088K)] 976905K->761065K(1807360K), 0.1461430 secs] [Times: user=0.86 sys=0.01, real=0.15 secs] 
5143.186: [GC (Allocation Failure) [PSYoungGen: 408768K->144448K(501760K)] 1068777K->902262K(1900032K), 0.0504426 secs] [Times: user=0.30 sys=0.00, real=0.05 secs] 
5144.556: [GC (Allocation Failure) [PSYoungGen: 453184K->104544K(502272K)] 1210998K->997566K(1900544K), 0.0733553 secs] [Times: user=0.44 sys=0.00, real=0.07 secs] 
5147.594: [GC (Allocation Failure) [PSYoungGen: 413280K->139520K(503808K)] 1306302K->1134419K(1902080K), 0.0521907 secs] [Times: user=0.31 sys=0.01, real=0.05 secs] 
5148.903: [GC (Allocation Failure) [PSYoungGen: 452864K->109248K(502784K)] 1447763K->1234027K(1901056K), 0.0678778 secs] [Times: user=0.40 sys=0.00, real=0.06 secs] 
5151.319: [GC (Allocation Failure) [PSYoungGen: 422592K->151648K(500736K)] 1547371K->1383440K(1899008K), 0.0536685 secs] [Times: user=0.31 sys=0.00, real=0.06 secs] 
5151.373: [Full GC (Ergonomics) [PSYoungGen: 151648K->0K(500736K)] [ParOldGen: 1231792K->174278K(1398272K)] 1383440K->174278K(1899008K), [Metaspace: 59736K->59736K(1105920K)], 0.4176339 secs] [Times: user=1.95 sys=0.00, real=0.41 secs] 
5152.897: [GC (Allocation Failure) [PSYoungGen: 314880K->108224K(504832K)] 489158K->282502K(1903104K), 0.0351817 secs] [Times: user=0.20 sys=0.00, real=0.04 secs] 
5156.104: [GC (Allocation Failure) [PSYoungGen: 423104K->153824K(502784K)] 597382K->433311K(1901056K), 0.0536902 secs] [Times: user=0.32 sys=0.00, real=0.05 secs] 
5157.779: [GC (Allocation Failure) [PSYoungGen: 469728K->106400K(507392K)] 749215K->522095K(1905664K), 0.1412359 secs] [Times: user=0.84 sys=0.00, real=0.14 secs] 
5159.772: [GC (Allocation Failure) [PSYoungGen: 422304K->148800K(505856K)] 837999K->667227K(1904128K), 0.0526602 secs] [Times: user=0.31 sys=0.00, real=0.05 secs] 
5161.328: [GC (Allocation Failure) [PSYoungGen: 465728K->106816K(423936K)] 984155K->765051K(1822208K), 0.1072969 secs] [Times: user=0.64 sys=0.00, real=0.11 secs] 
5163.194: [GC (GCLocker Initiated GC) [PSYoungGen: 423744K->150144K(504832K)] 1081980K->911356K(1903104K), 0.1165470 secs] [Times: user=0.69 sys=0.00, real=0.11 secs] 
5166.235: [GC (Allocation Failure) [PSYoungGen: 466560K->101920K(507392K)] 1227807K->1004911K(1905664K), 0.1540950 secs] [Times: user=0.92 sys=0.01, real=0.15 secs] 
5168.701: [GC (Allocation Failure) [PSYoungGen: 418336K->147648K(506368K)] 1321327K->1148308K(1904640K), 0.0521913 secs] [Times: user=0.31 sys=0.00, real=0.06 secs] 
5170.226: [GC (Allocation Failure) [PSYoungGen: 464576K->105120K(422400K)] 1465236K->1244064K(1820672K), 0.1082073 secs] [Times: user=0.63 sys=0.01, real=0.11 secs] 
5172.284: [GC (Allocation Failure) [PSYoungGen: 422048K->151008K(503808K)] 1560992K->1391361K(1902080K), 0.0542522 secs] [Times: user=0.32 sys=0.00, real=0.05 secs] 
5172.339: [Full GC (Ergonomics) [PSYoungGen: 151008K->0K(503808K)] [ParOldGen: 1240353K->190067K(1398272K)] 1391361K->190067K(1902080K), [Metaspace: 59736K->59736K(1105920K)], 0.4562303 secs] [Times: user=2.11 sys=0.00, real=0.46 secs] 
5174.468: [GC (Allocation Failure) [PSYoungGen: 314880K->103392K(506880K)] 504947K->293460K(1905152K), 0.0608749 secs] [Times: user=0.36 sys=0.01, real=0.06 secs] 
5175.921: [GC (Allocation Failure) [PSYoungGen: 418272K->152288K(502272K)] 608340K->441672K(1900544K), 0.0504613 secs] [Times: user=0.30 sys=0.00, real=0.05 secs] 
5177.692: [GC (Allocation Failure) [PSYoungGen: 465120K->102176K(505856K)] 754504K->535332K(1904128K), 0.1502545 secs] [Times: user=0.90 sys=0.01, real=0.15 secs] 
5178.878: [GC (Allocation Failure) [PSYoungGen: 415008K->151040K(501760K)] 848164K->682225K(1900032K), 0.0501264 secs] [Times: user=0.30 sys=0.00, real=0.05 secs] 
5181.055: [GC (Allocation Failure) [PSYoungGen: 461824K->101600K(504832K)] 993009K->774857K(1903104K), 0.0951051 secs] [Times: user=0.56 sys=0.00, real=0.09 secs] 
5182.163: [GC (Allocation Failure) [PSYoungGen: 412384K->148992K(502784K)] 1085641K->919702K(1901056K), 0.0499367 secs] [Times: user=0.29 sys=0.00, real=0.05 secs] 
5184.409: [GC (Allocation Failure) [PSYoungGen: 459776K->100832K(504832K)] 1230486K->1011326K(1903104K), 0.1697321 secs] [Times: user=1.00 sys=0.01, real=0.17 secs] 
5186.280: [GC (Allocation Failure) [PSYoungGen: 411616K->147808K(503296K)] 1322110K->1155231K(1901568K), 0.0497663 secs] [Times: user=0.29 sys=0.00, real=0.05 secs] 
5188.774: [GC (Allocation Failure) [PSYoungGen: 459104K->100288K(504832K)] 1466527K->1246959K(1903104K), 0.1637156 secs] [Times: user=0.98 sys=0.00, real=0.16 secs] 
5189.634: [GC (Allocation Failure) [PSYoungGen: 411584K->152800K(499712K)] 1558255K->1395996K(1897984K), 0.0507128 secs] [Times: user=0.31 sys=0.00, real=0.05 secs] 
5189.685: [Full GC (Ergonomics) [PSYoungGen: 152800K->0K(499712K)] [ParOldGen: 1243196K->194069K(1398272K)] 1395996K->194069K(1897984K), [Metaspace: 59736K->59736K(1105920K)], 0.4688345 secs] [Times: user=2.19 sys=0.00, real=0.47 secs] 
5191.939: [GC (Allocation Failure) [PSYoungGen: 307712K->99904K(503296K)] 501781K->293973K(1901568K), 0.0851928 secs] [Times: user=0.49 sys=0.00, real=0.09 secs] 
5193.506: [GC (Allocation Failure) [PSYoungGen: 407616K->146656K(503296K)] 601685K->436713K(1901568K), 0.0492325 secs] [Times: user=0.29 sys=0.00, real=0.05 secs] 
5195.688: [GC (Allocation Failure) [PSYoungGen: 456416K->102176K(412160K)] 746473K->529766K(1810432K), 0.1691591 secs] [Times: user=1.01 sys=0.01, real=0.17 secs] 
5197.800: [GC (Allocation Failure) [PSYoungGen: 411936K->155456K(497664K)] 839526K->680854K(1895936K), 0.0507780 secs] [Times: user=0.30 sys=0.00, real=0.05 secs] 
5200.063: [GC (Allocation Failure) [PSYoungGen: 461120K->99136K(502272K)] 986518K->762954K(1900544K), 0.1599932 secs] [Times: user=0.95 sys=0.00, real=0.16 secs] 
5202.208: [GC (Allocation Failure) [PSYoungGen: 404800K->144416K(501248K)] 1068618K->903988K(1899520K), 0.0501388 secs] [Times: user=0.29 sys=0.00, real=0.05 secs] 
5203.778: [GC (Allocation Failure) [PSYoungGen: 452128K->101568K(502784K)] 1211700K->996828K(1901056K), 0.1043072 secs] [Times: user=0.62 sys=0.00, real=0.11 secs] 
5205.735: [GC (Allocation Failure) [PSYoungGen: 409280K->145024K(501760K)] 1304540K->1138793K(1900032K), 0.0516253 secs] [Times: user=0.28 sys=0.00, real=0.05 secs] 
5207.163: [GC (Allocation Failure) [PSYoungGen: 454272K->102528K(502784K)] 1448041K->1232137K(1901056K), 0.0939546 secs] [Times: user=0.56 sys=0.00, real=0.09 secs] 
5209.945: [GC (Allocation Failure) [PSYoungGen: 411776K->142752K(503808K)] 1541385K->1371886K(1902080K), 0.0519292 secs] [Times: user=0.31 sys=0.01, real=0.05 secs] 
5209.997: [Full GC (Ergonomics) [PSYoungGen: 142752K->0K(503808K)] [ParOldGen: 1229134K->171276K(1398272K)] 1371886K->171276K(1902080K), [Metaspace: 59736K->59736K(1105920K)], 0.4039574 secs] [Times: user=1.86 sys=0.00, real=0.40 secs] 
5211.494: [GC (Allocation Failure) [PSYoungGen: 312832K->105792K(503808K)] 484108K->277068K(1902080K), 0.0356389 secs] [Times: user=0.21 sys=0.00, real=0.03 secs] 
5212.905: [GC (Allocation Failure) [PSYoungGen: 418624K->145824K(502784K)] 589900K->420433K(1901056K), 0.0528992 secs] [Times: user=0.31 sys=0.00, real=0.05 secs] 
5214.106: [GC (Allocation Failure) [PSYoungGen: 460704K->107872K(504832K)] 735313K->518917K(1903104K), 0.0646799 secs] [Times: user=0.38 sys=0.00, real=0.06 secs] 
5217.050: [GC (Allocation Failure) [PSYoungGen: 422752K->145312K(505856K)] 833797K->661586K(1904128K), 0.0526064 secs] [Times: user=0.32 sys=0.00, real=0.06 secs] 
5218.918: [GC (Allocation Failure) [PSYoungGen: 464800K->109760K(507392K)] 981074K->762298K(1905664K), 0.1663081 secs] [Times: user=0.99 sys=0.01, real=0.17 secs] 
5221.121: [GC (Allocation Failure) [PSYoungGen: 429248K->148096K(506880K)] 1081786K->908031K(1905152K), 0.0540545 secs] [Times: user=0.33 sys=0.00, real=0.05 secs] 
5223.222: [GC (Allocation Failure) [PSYoungGen: 470144K->106080K(509440K)] 1230079K->1005043K(1907712K), 0.1639111 secs] [Times: user=0.97 sys=0.00, real=0.16 secs] 
5225.561: [GC (Allocation Failure) [PSYoungGen: 428128K->153824K(503808K)] 1327091K->1154224K(1902080K), 0.0526750 secs] [Times: user=0.31 sys=0.00, real=0.06 secs] 
5227.526: [GC (Allocation Failure) [PSYoungGen: 472800K->105568K(508928K)] 1473200K->1250604K(1907200K), 0.1646869 secs] [Times: user=0.98 sys=0.00, real=0.16 secs] 
5228.957: [GC (Allocation Failure) [PSYoungGen: 424544K->150656K(505344K)] 1569580K->1397621K(1903616K), 0.0532119 secs] [Times: user=0.32 sys=0.00, real=0.05 secs] 
5229.010: [Full GC (Ergonomics) [PSYoungGen: 150656K->0K(505344K)] [ParOldGen: 1246965K->196322K(1398272K)] 1397621K->196322K(1903616K), [Metaspace: 59736K->59736K(1105920K)], 0.4693769 secs] [Times: user=2.18 sys=0.00, real=0.47 secs] 
5232.037: [GC (Allocation Failure) [PSYoungGen: 317952K->103296K(508416K)] 514274K->299618K(1906688K), 0.0950147 secs] [Times: user=0.57 sys=0.00, real=0.10 secs] 
5232.878: [GC (Allocation Failure) [PSYoungGen: 408855K->147072K(507392K)] 605178K->443047K(1905664K), 0.0489038 secs] [Times: user=0.29 sys=0.00, real=0.05 secs] 
5235.376: [GC (Allocation Failure) [PSYoungGen: 466048K->102720K(508928K)] 762023K->537563K(1907200K), 0.1763617 secs] [Times: user=1.04 sys=0.01, real=0.18 secs] 
5236.984: [GC (Allocation Failure) [PSYoungGen: 414484K->149120K(505344K)] 849327K->682356K(1903616K), 0.0496229 secs] [Times: user=0.30 sys=0.00, real=0.05 secs] 
5239.705: [GC (Allocation Failure) [PSYoungGen: 466048K->103744K(507904K)] 999284K->777572K(1906176K), 0.1729784 secs] [Times: user=1.03 sys=0.01, real=0.17 secs] 
5240.874: [GC (Allocation Failure) [PSYoungGen: 407472K->147392K(505856K)] 1081301K->920505K(1904128K), 0.0495010 secs] [Times: user=0.29 sys=0.00, real=0.05 secs] 
5243.416: [GC (Allocation Failure) [PSYoungGen: 464832K->103488K(507904K)] 1237945K->1015345K(1906176K), 0.1643207 secs] [Times: user=0.98 sys=0.00, real=0.16 secs] 
5244.645: [GC (Allocation Failure) [PSYoungGen: 416360K->148064K(506368K)] 1328217K->1159522K(1904640K), 0.0501003 secs] [Times: user=0.30 sys=0.00, real=0.05 secs] 
5247.152: [GC (Allocation Failure) [PSYoungGen: 466016K->105280K(423424K)] 1477474K->1255602K(1821696K), 0.1560854 secs] [Times: user=0.93 sys=0.00, real=0.15 secs] 
5249.019: [GC (Allocation Failure) [PSYoungGen: 416189K->145504K(506368K)] 1566511K->1397451K(1904640K), 0.0509481 secs] [Times: user=0.30 sys=0.00, real=0.05 secs] 
5249.070: [Full GC (Ergonomics) [PSYoungGen: 145504K->0K(506368K)] [ParOldGen: 1251947K->195821K(1398272K)] 1397451K->195821K(1904640K), [Metaspace: 59736K->59736K(1105920K)], 0.4550366 secs] [Times: user=2.10 sys=0.00, real=0.46 secs] 
5251.502: [GC (Allocation Failure) [PSYoungGen: 318464K->104448K(507904K)] 514285K->300269K(1906176K), 0.0797218 secs] [Times: user=0.47 sys=0.00, real=0.08 secs] 
5252.589: [GC (Allocation Failure) [PSYoungGen: 411119K->147264K(506368K)] 606941K->443162K(1904640K), 0.0492746 secs] [Times: user=0.29 sys=0.00, real=0.05 secs] 
5254.989: [GC (Allocation Failure) [PSYoungGen: 466752K->107104K(508416K)] 762650K->541650K(1906688K), 0.1688234 secs] [Times: user=1.00 sys=0.00, real=0.17 secs] 
5255.935: [GC (Allocation Failure) [PSYoungGen: 414533K->146752K(507904K)] 849079K->682347K(1906176K), 0.0499720 secs] [Times: user=0.29 sys=0.00, real=0.05 secs] 
5258.771: [GC (Allocation Failure) [PSYoungGen: 468288K->102912K(509440K)] 1003883K->776443K(1907712K), 0.1562990 secs] [Times: user=0.93 sys=0.00, real=0.16 secs] 
5260.551: [GC (Allocation Failure) [PSYoungGen: 415977K->148352K(507392K)] 1089508K->921008K(1905664K), 0.0494051 secs] [Times: user=0.30 sys=0.00, real=0.05 secs] 
5263.188: [GC (Allocation Failure) [PSYoungGen: 469376K->105184K(509952K)] 1242032K->1017480K(1908224K), 0.1462765 secs] [Times: user=0.87 sys=0.00, real=0.15 secs] 
5264.294: [GC (Allocation Failure) [PSYoungGen: 410618K->146656K(507904K)] 1322914K->1159801K(1906176K), 0.0506816 secs] [Times: user=0.30 sys=0.00, real=0.05 secs] 
5266.714: [GC (Allocation Failure) [PSYoungGen: 468192K->104352K(509952K)] 1481337K->1255233K(1908224K), 0.1770554 secs] [Times: user=1.06 sys=0.01, real=0.18 secs] 
5267.780: [GC (Allocation Failure) [PSYoungGen: 412770K->147200K(507392K)] 1563652K->1398454K(1905664K), 0.0512251 secs] [Times: user=0.31 sys=0.00, real=0.06 secs] 
5267.831: [Full GC (Ergonomics) [PSYoungGen: 147200K->0K(507392K)] [ParOldGen: 1251254K->196034K(1398272K)] 1398454K->196034K(1905664K), [Metaspace: 59737K->59737K(1105920K)], 0.4684143 secs] [Times: user=2.17 sys=0.00, real=0.46 secs] 
5271.214: [GC (Allocation Failure) [PSYoungGen: 321536K->103296K(509952K)] 517570K->299330K(1908224K), 0.0941188 secs] [Times: user=0.55 sys=0.00, real=0.09 secs] 
5272.167: [GC (Allocation Failure) [PSYoungGen: 424832K->156832K(501248K)] 620866K->452407K(1899520K), 0.0500980 secs] [Times: user=0.29 sys=0.00, real=0.05 secs] 
5275.112: [GC (Allocation Failure) [PSYoungGen: 471712K->94880K(506880K)] 767287K->547387K(1905152K), 0.1485539 secs] [Times: user=0.88 sys=0.00, real=0.14 secs] 
5276.074: [GC (Allocation Failure) [PSYoungGen: 409760K->151616K(500736K)] 862267K->692811K(1899008K), 0.0536571 secs] [Times: user=0.32 sys=0.00, real=0.05 secs] 
5279.471: [GC (Allocation Failure) [PSYoungGen: 461376K->92352K(504320K)] 1002571K->784547K(1902592K), 0.1578666 secs] [Times: user=0.94 sys=0.00, real=0.16 secs] 
5280.364: [GC (Allocation Failure) [PSYoungGen: 402112K->149344K(500736K)] 1094307K->930294K(1899008K), 0.0540010 secs] [Times: user=0.32 sys=0.00, real=0.05 secs] 
5282.969: [GC (Allocation Failure) [PSYoungGen: 456032K->92736K(502784K)] 1236982K->1022622K(1901056K), 0.1576932 secs] [Times: user=0.94 sys=0.00, real=0.16 secs] 
5284.162: [GC (Allocation Failure) [PSYoungGen: 390235K->141568K(500736K)] 1320122K->1160733K(1899008K), 0.0497453 secs] [Times: user=0.29 sys=0.00, real=0.05 secs] 
5286.682: [GC (GCLocker Initiated GC) [PSYoungGen: 449280K->97568K(502272K)] 1468453K->1249461K(1900544K), 0.1281125 secs] [Times: user=0.76 sys=0.00, real=0.12 secs] 
5288.395: [GC (Allocation Failure) [PSYoungGen: 405280K->156384K(495104K)] 1557208K->1400981K(1893376K), 0.0497295 secs] [Times: user=0.29 sys=0.00, real=0.05 secs] 
5288.445: [Full GC (Ergonomics) [PSYoungGen: 156384K->0K(495104K)] [ParOldGen: 1244597K->190004K(1398272K)] 1400981K->190004K(1893376K), [Metaspace: 59737K->59737K(1105920K)], 0.4627746 secs] [Times: user=2.16 sys=0.00, real=0.46 secs] 
5290.339: [GC (Allocation Failure) [PSYoungGen: 302592K->100416K(500736K)] 492596K->290420K(1899008K), 0.0733394 secs] [Times: user=0.43 sys=0.01, real=0.08 secs] 
5291.501: [GC (Allocation Failure) [PSYoungGen: 403008K->144544K(500224K)] 593012K->431049K(1898496K), 0.0490937 secs] [Times: user=0.29 sys=0.00, real=0.05 secs] 
5293.195: [GC (Allocation Failure) [PSYoungGen: 450208K->101440K(407552K)] 736713K->523281K(1805824K), 0.1219135 secs] [Times: user=0.72 sys=0.00, real=0.12 secs] 
5295.032: [GC (Allocation Failure) [PSYoungGen: 407104K->144288K(500224K)] 828945K->664869K(1898496K), 0.0507109 secs] [Times: user=0.30 sys=0.00, real=0.05 secs] 
5296.380: [GC (Allocation Failure) [PSYoungGen: 451488K->102336K(501248K)] 972069K->757965K(1899520K), 0.0860820 secs] [Times: user=0.51 sys=0.00, real=0.09 secs] 
5298.761: [GC (Allocation Failure) [PSYoungGen: 409536K->141824K(502784K)] 1065165K->897610K(1901056K), 0.0527260 secs] [Times: user=0.31 sys=0.00, real=0.06 secs] 
5300.123: [GC (Allocation Failure) [PSYoungGen: 453632K->107040K(502784K)] 1209418K->995514K(1901056K), 0.0723638 secs] [Times: user=0.43 sys=0.00, real=0.07 secs] 
5303.924: [GC (Allocation Failure) [PSYoungGen: 418848K->143168K(503296K)] 1307322K->1135967K(1901568K), 0.0540430 secs] [Times: user=0.32 sys=0.00, real=0.05 secs] 
5305.142: [GC (Allocation Failure) [PSYoungGen: 459072K->105280K(504320K)] 1451871K->1232311K(1902592K), 0.0661927 secs] [Times: user=0.38 sys=0.01, real=0.06 secs] 
5307.127: [GC (Allocation Failure) [PSYoungGen: 421184K->148544K(504832K)] 1548215K->1378640K(1903104K), 0.0544035 secs] [Times: user=0.32 sys=0.00, real=0.06 secs] 
5307.181: [Full GC (Ergonomics) [PSYoungGen: 148544K->0K(504832K)] [ParOldGen: 1230096K->177585K(1398272K)] 1378640K->177585K(1903104K), [Metaspace: 59737K->59737K(1105920K)], 0.4276305 secs] [Times: user=1.99 sys=0.01, real=0.42 secs] 
5310.191: [GC (Allocation Failure) [PSYoungGen: 319488K->106720K(508416K)] 497073K->284305K(1906688K), 0.0728718 secs] [Times: user=0.43 sys=0.00, real=0.07 secs] 
5312.365: [GC (Allocation Failure) [PSYoungGen: 426208K->151872K(504832K)] 603793K->432577K(1903104K), 0.0533008 secs] [Times: user=0.32 sys=0.00, real=0.05 secs] 
5313.951: [GC (Allocation Failure) [PSYoungGen: 470848K->105088K(508928K)] 751553K->529082K(1907200K), 0.1207398 secs] [Times: user=0.72 sys=0.00, real=0.12 secs] 
5317.148: [GC (Allocation Failure) [PSYoungGen: 424064K->148896K(506368K)] 848058K->673741K(1904640K), 0.0515713 secs] [Times: user=0.31 sys=0.00, real=0.05 secs] 
5319.568: [GC (Allocation Failure) [PSYoungGen: 467872K->105280K(508928K)] 992717K->770025K(1907200K), 0.1687923 secs] [Times: user=1.00 sys=0.00, real=0.17 secs] 
5321.720: [GC (Allocation Failure) [PSYoungGen: 424256K->153248K(502272K)] 1089001K->918962K(1900544K), 0.0523397 secs] [Times: user=0.31 sys=0.00, real=0.06 secs] 
5323.501: [GC (Allocation Failure) [PSYoungGen: 468128K->103392K(506880K)] 1233842K->1013650K(1905152K), 0.1158915 secs] [Times: user=0.69 sys=0.00, real=0.11 secs] 
5325.039: [GC (Allocation Failure) [PSYoungGen: 416954K->150304K(503296K)] 1327212K->1160384K(1901568K), 0.1092027 secs] [Times: user=0.65 sys=0.00, real=0.11 secs] 
5327.311: [GC (Allocation Failure) [PSYoungGen: 464160K->100288K(506368K)] 1474240K->1252336K(1904640K), 0.1670972 secs] [Times: user=0.99 sys=0.00, real=0.17 secs] 
5329.260: [GC (Allocation Failure) [PSYoungGen: 414144K->149600K(503296K)] 1566192K->1398184K(1901568K), 0.1084673 secs] [Times: user=0.65 sys=0.00, real=0.11 secs] 
5329.368: [Full GC (Ergonomics) [PSYoungGen: 149600K->0K(503296K)] [ParOldGen: 1248584K->195412K(1398272K)] 1398184K->195412K(1901568K), [Metaspace: 59737K->59737K(1105920K)], 0.5148626 secs] [Times: user=2.46 sys=0.00, real=0.52 secs] 
5332.376: [GC (Allocation Failure) [PSYoungGen: 312832K->98176K(505856K)] 508244K->293588K(1904128K), 0.0659038 secs] [Times: user=0.39 sys=0.00, real=0.07 secs] 
5334.319: [GC (Allocation Failure) [PSYoungGen: 411008K->151040K(501248K)] 606420K->440832K(1899520K), 0.0484029 secs] [Times: user=0.28 sys=0.00, real=0.05 secs] 
5336.716: [GC (Allocation Failure) [PSYoungGen: 460800K->99296K(504320K)] 750592K->531328K(1902592K), 0.1635508 secs] [Times: user=0.97 sys=0.00, real=0.16 secs] 
5338.821: [GC (Allocation Failure) [PSYoungGen: 409056K->147232K(502272K)] 841088K->674445K(1900544K), 0.0498671 secs] [Times: user=0.30 sys=0.00, real=0.05 secs] 
5340.663: [GC (Allocation Failure) [PSYoungGen: 456992K->101600K(411648K)] 984205K->767053K(1809920K), 0.1154990 secs] [Times: user=0.69 sys=0.00, real=0.11 secs] 
5344.129: [GC (Allocation Failure) [PSYoungGen: 411360K->144736K(502784K)] 1076813K->907598K(1901056K), 0.0502989 secs] [Times: user=0.30 sys=0.00, real=0.05 secs] 
5345.423: [GC (Allocation Failure) [PSYoungGen: 455520K->104352K(503808K)] 1218382K->1002766K(1902080K), 0.0671022 secs] [Times: user=0.40 sys=0.00, real=0.06 secs] 
5347.645: [GC (Allocation Failure) [PSYoungGen: 415136K->145888K(502272K)] 1313550K->1144947K(1900544K), 0.0521611 secs] [Times: user=0.31 sys=0.00, real=0.05 secs] 
5349.368: [GC (Allocation Failure) [PSYoungGen: 458208K->102176K(503808K)] 1457267K->1238423K(1902080K), 0.0641484 secs] [Times: user=0.39 sys=0.00, real=0.07 secs] 
5351.335: [GC (Allocation Failure) [PSYoungGen: 414496K->144736K(504832K)] 1550743K->1380732K(1903104K), 0.0521151 secs] [Times: user=0.31 sys=0.00, real=0.05 secs] 
5351.387: [Full GC (Ergonomics) [PSYoungGen: 144736K->0K(504832K)] [ParOldGen: 1235996K->179259K(1398272K)] 1380732K->179259K(1903104K), [Metaspace: 59739K->59739K(1105920K)], 0.4210264 secs] [Times: user=1.94 sys=0.00, real=0.42 secs] 
5352.940: [GC (Allocation Failure) [PSYoungGen: 315904K->105664K(506368K)] 495163K->284923K(1904640K), 0.0368550 secs] [Times: user=0.22 sys=0.00, real=0.04 secs] 
5355.372: [GC (Allocation Failure) [PSYoungGen: 421568K->146432K(504832K)] 600827K->428797K(1903104K), 0.0524820 secs] [Times: user=0.30 sys=0.01, real=0.05 secs] 
5356.968: [GC (Allocation Failure) [PSYoungGen: 463872K->107008K(506880K)] 746237K->526705K(1905152K), 0.1074413 secs] [Times: user=0.64 sys=0.01, real=0.11 secs] 
5358.990: [GC (Allocation Failure) [PSYoungGen: 424448K->148896K(505344K)] 844145K->671901K(1903616K), 0.0536081 secs] [Times: user=0.32 sys=0.00, real=0.06 secs] 
5361.080: [GC (Allocation Failure) [PSYoungGen: 467872K->104640K(508416K)] 990877K->767369K(1906688K), 0.1074919 secs] [Times: user=0.63 sys=0.00, real=0.11 secs] 
5361.883: [GC (Allocation Failure) [PSYoungGen: 423616K->153952K(502784K)] 1086345K->918103K(1901056K), 0.0526303 secs] [Times: user=0.31 sys=0.00, real=0.05 secs] 
5364.592: [GC (Allocation Failure) [PSYoungGen: 469856K->100928K(507392K)] 1234007K->1010423K(1905664K), 0.1609787 secs] [Times: user=0.95 sys=0.00, real=0.16 secs] 
5365.750: [GC (Allocation Failure) [PSYoungGen: 416832K->151520K(502272K)] 1326327K->1158108K(1900544K), 0.0512874 secs] [Times: user=0.30 sys=0.00, real=0.05 secs] 
5370.106: [GC (GCLocker Initiated GC) [PSYoungGen: 464352K->97920K(505856K)] 1470940K->1246924K(1904128K), 0.1354156 secs] [Times: user=0.75 sys=0.00, real=0.14 secs] 
5371.271: [GC (Allocation Failure) [PSYoungGen: 410752K->153024K(499200K)] 1559759K->1396128K(1897472K), 0.0501392 secs] [Times: user=0.29 sys=0.00, real=0.05 secs] 
5371.321: [Full GC (Ergonomics) [PSYoungGen: 153024K->0K(499200K)] [ParOldGen: 1243104K->194694K(1398272K)] 1396128K->194694K(1897472K), [Metaspace: 59739K->59739K(1105920K)], 0.4702140 secs] [Times: user=2.18 sys=0.00, real=0.47 secs] 
5374.370: [GC (Allocation Failure) [PSYoungGen: 307712K->96576K(503296K)] 502406K->291270K(1901568K), 0.0495277 secs] [Times: user=0.30 sys=0.00, real=0.05 secs] 
5375.660: [GC (Allocation Failure) [PSYoungGen: 404288K->147392K(501760K)] 598982K->434359K(1900032K), 0.0477561 secs] [Times: user=0.29 sys=0.00, real=0.05 secs] 
5377.059: [GC (Allocation Failure) [PSYoungGen: 455104K->106400K(414208K)] 742071K->531387K(1812480K), 0.0734910 secs] [Times: user=0.43 sys=0.00, real=0.08 secs] 
5377.933: [GC (Allocation Failure) [PSYoungGen: 414112K->147712K(499200K)] 839099K->674300K(1897472K), 0.0533602 secs] [Times: user=0.32 sys=0.00, real=0.05 secs] 
5380.983: [GC (Allocation Failure) [PSYoungGen: 454912K->98816K(501248K)] 981500K->764548K(1899520K), 0.0778171 secs] [Times: user=0.47 sys=0.00, real=0.07 secs] 
5381.911: [GC (Allocation Failure) [PSYoungGen: 406016K->153504K(498688K)] 1071748K->915057K(1896960K), 0.0507114 secs] [Times: user=0.30 sys=0.00, real=0.06 secs] 
5384.951: [GC (Allocation Failure) [PSYoungGen: 460192K->102272K(502784K)] 1221745K->999969K(1901056K), 0.0643158 secs] [Times: user=0.39 sys=0.00, real=0.07 secs] 
5385.559: [GC (Allocation Failure) [PSYoungGen: 408960K->145472K(502272K)] 1306657K->1143306K(1900544K), 0.0516324 secs] [Times: user=0.31 sys=0.00, real=0.05 secs] 
5388.833: [GC (Allocation Failure) [PSYoungGen: 454720K->99136K(503296K)] 1452554K->1233730K(1901568K), 0.0647211 secs] [Times: user=0.38 sys=0.00, real=0.06 secs] 
5391.324: [GC (Allocation Failure) [PSYoungGen: 408384K->143168K(503296K)] 1542978K->1374383K(1901568K), 0.0504714 secs] [Times: user=0.30 sys=0.00, real=0.05 secs] 
5391.374: [Full GC (Ergonomics) [PSYoungGen: 143168K->0K(503296K)] [ParOldGen: 1231215K->171945K(1398272K)] 1374383K->171945K(1901568K), [Metaspace: 59739K->59739K(1105920K)], 0.3990785 secs] [Times: user=1.84 sys=0.00, real=0.40 secs] 
5392.862: [GC (Allocation Failure) [PSYoungGen: 311296K->106016K(503808K)] 483241K->277961K(1902080K), 0.0347293 secs] [Times: user=0.20 sys=0.00, real=0.03 secs] 
5394.815: [GC (Allocation Failure) [PSYoungGen: 417312K->145920K(502272K)] 589257K->421610K(1900544K), 0.0536322 secs] [Times: user=0.31 sys=0.00, real=0.05 secs] 
5396.073: [GC (GCLocker Initiated GC) [PSYoungGen: 458752K->106048K(503808K)] 734442K->518902K(1902080K), 0.0807624 secs] [Times: user=0.48 sys=0.00, real=0.08 secs] 
5396.695: [GC (Allocation Failure) [PSYoungGen: 418880K->148032K(503808K)] 831737K->664774K(1902080K), 0.0526893 secs] [Times: user=0.32 sys=0.00, real=0.05 secs] 
5400.081: [GC (Allocation Failure) [PSYoungGen: 463936K->102144K(506368K)] 980678K->758238K(1904640K), 0.0652754 secs] [Times: user=0.39 sys=0.00, real=0.07 secs] 
5400.778: [GC (Allocation Failure) [PSYoungGen: 418048K->157504K(498688K)] 1074142K->914204K(1896960K), 0.0575607 secs] [Times: user=0.30 sys=0.01, real=0.06 secs] 
5403.680: [GC (Allocation Failure) [PSYoungGen: 468288K->100448K(504832K)] 1224988K->997736K(1903104K), 0.0646264 secs] [Times: user=0.38 sys=0.00, real=0.07 secs] 
5404.376: [GC (Allocation Failure) [PSYoungGen: 411232K->145344K(504832K)] 1308520K->1140973K(1903104K), 0.0555357 secs] [Times: user=0.33 sys=0.00, real=0.06 secs] 
5408.393: [GC (Allocation Failure) [PSYoungGen: 458176K->98304K(411648K)] 1453805K->1230829K(1809920K), 0.0649115 secs] [Times: user=0.39 sys=0.00, real=0.06 secs] 
5411.015: [GC (Allocation Failure) [PSYoungGen: 411136K->144608K(504832K)] 1543661K->1373106K(1903104K), 0.0514054 secs] [Times: user=0.29 sys=0.00, real=0.05 secs] 
5411.066: [Full GC (Ergonomics) [PSYoungGen: 144608K->0K(504832K)] [ParOldGen: 1228498K->170189K(1398272K)] 1373106K->170189K(1903104K), [Metaspace: 59740K->59740K(1105920K)], 0.3982543 secs] [Times: user=1.80 sys=0.00, real=0.40 secs] 
5412.580: [GC (Allocation Failure) [PSYoungGen: 313344K->105824K(419328K)] 483533K->276013K(1817600K), 0.0359434 secs] [Times: user=0.21 sys=0.01, real=0.04 secs] 
5415.880: [GC (Allocation Failure) [PSYoungGen: 419168K->146432K(502272K)] 589357K->419525K(1900544K), 0.0538069 secs] [Times: user=0.32 sys=0.00, real=0.06 secs] 
5417.068: [GC (Allocation Failure) [PSYoungGen: 459776K->107360K(504320K)] 732869K->517666K(1902592K), 0.0648228 secs] [Times: user=0.39 sys=0.00, real=0.07 secs] 
5420.106: [GC (Allocation Failure) [PSYoungGen: 420704K->144416K(504832K)] 831010K->659558K(1903104K), 0.0524150 secs] [Times: user=0.31 sys=0.00, real=0.05 secs] 
5421.314: [GC (Allocation Failure) [PSYoungGen: 461856K->106528K(506368K)] 976998K->757242K(1904640K), 0.0654366 secs] [Times: user=0.39 sys=0.00, real=0.06 secs] 
5424.174: [GC (Allocation Failure) [PSYoungGen: 423968K->146880K(506368K)] 1074682K->901167K(1904640K), 0.0523429 secs] [Times: user=0.31 sys=0.01, real=0.05 secs] 
5425.652: [GC (Allocation Failure) [PSYoungGen: 465521K->109536K(508416K)] 1219808K->1001727K(1906688K), 0.0937248 secs] [Times: user=0.56 sys=0.00, real=0.09 secs] 
5428.622: [GC (Allocation Failure) [PSYoungGen: 430048K->148544K(506880K)] 1322239K->1147404K(1905152K), 0.0542908 secs] [Times: user=0.32 sys=0.00, real=0.05 secs] 
5430.615: [GC (Allocation Failure) [PSYoungGen: 470592K->107168K(509952K)] 1469452K->1245868K(1908224K), 0.1679297 secs] [Times: user=1.00 sys=0.00, real=0.17 secs] 
5432.987: [GC (Allocation Failure) [PSYoungGen: 429216K->152224K(505856K)] 1567916K->1394485K(1904128K), 0.0532804 secs] [Times: user=0.31 sys=0.00, real=0.05 secs] 
5433.040: [Full GC (Ergonomics) [PSYoungGen: 152224K->0K(505856K)] [ParOldGen: 1242261K->192920K(1398272K)] 1394485K->192920K(1904128K), [Metaspace: 59740K->59740K(1105920K)], 0.4682237 secs] [Times: user=2.18 sys=0.00, real=0.47 secs] 
5435.438: [GC (Allocation Failure) [PSYoungGen: 321024K->103744K(509952K)] 513944K->296664K(1908224K), 0.0945644 secs] [Times: user=0.57 sys=0.00, real=0.10 secs] 
5437.020: [GC (Allocation Failure) [PSYoungGen: 418981K->151488K(504832K)] 611901K->443711K(1903104K), 0.0500185 secs] [Times: user=0.30 sys=0.00, real=0.05 secs] 
5438.856: [GC (Allocation Failure) [PSYoungGen: 469440K->107552K(508416K)] 761663K->542375K(1906688K), 0.1270434 secs] [Times: user=0.75 sys=0.00, real=0.13 secs] 
5439.448: [GC (Allocation Failure) [PSYoungGen: 425504K->153696K(502784K)] 860327K->692140K(1901056K), 0.0524507 secs] [Times: user=0.32 sys=0.00, real=0.05 secs] 
5442.448: [GC (Allocation Failure) [PSYoungGen: 468576K->94464K(506880K)] 1007020K->785932K(1905152K), 0.1498738 secs] [Times: user=0.89 sys=0.00, real=0.15 secs] 
5443.120: [GC (Allocation Failure) [PSYoungGen: 409344K->153120K(500224K)] 1100812K->935332K(1898496K), 0.0580426 secs] [Times: user=0.34 sys=0.00, real=0.06 secs] 
5447.011: [GC (Allocation Failure) [PSYoungGen: 461241K->88352K(503808K)] 1243453K->1023772K(1902080K), 0.1493351 secs] [Times: user=0.89 sys=0.00, real=0.15 secs] 
5447.591: [GC (Allocation Failure) [PSYoungGen: 397088K->150144K(498688K)] 1332508K->1170818K(1896960K), 0.0543043 secs] [Times: user=0.33 sys=0.00, real=0.06 secs] 
5450.915: [GC (Allocation Failure) [PSYoungGen: 453760K->83840K(387584K)] 1474434K->1254674K(1785856K), 0.1658637 secs] [Times: user=0.99 sys=0.00, real=0.17 secs] 
5451.569: [GC (Allocation Failure) [PSYoungGen: 387456K->146656K(498688K)] 1558290K->1397723K(1896960K), 0.0499113 secs] [Times: user=0.29 sys=0.00, real=0.05 secs] 
5451.619: [Full GC (Ergonomics) [PSYoungGen: 146656K->0K(498688K)] [ParOldGen: 1251067K->195932K(1398272K)] 1397723K->195932K(1896960K), [Metaspace: 59740K->59740K(1105920K)], 0.4764835 secs] [Times: user=2.19 sys=0.00, real=0.48 secs] 
5453.647: [GC (Allocation Failure) [PSYoungGen: 300544K->94112K(394752K)] 496476K->290044K(1793024K), 0.0586577 secs] [Times: user=0.35 sys=0.00, real=0.06 secs] 
5456.218: [GC (Allocation Failure) [PSYoungGen: 394656K->143296K(498176K)] 590588K->428897K(1896448K), 0.0463618 secs] [Times: user=0.27 sys=0.01, real=0.05 secs] 
5457.648: [GC (Allocation Failure) [PSYoungGen: 444352K->97600K(498688K)] 729953K->517673K(1896960K), 0.0739305 secs] [Times: user=0.45 sys=0.00, real=0.08 secs] 
5460.263: [GC (Allocation Failure) [PSYoungGen: 398656K->140576K(498688K)] 818729K->654806K(1896960K), 0.0489359 secs] [Times: user=0.28 sys=0.00, real=0.05 secs] 
5461.459: [GC (Allocation Failure) [PSYoungGen: 444704K->102656K(498688K)] 958934K->748406K(1896960K), 0.0644628 secs] [Times: user=0.38 sys=0.00, real=0.07 secs] 
5463.630: [GC (Allocation Failure) [PSYoungGen: 406784K->140064K(500736K)] 1052534K->886323K(1899008K), 0.0510491 secs] [Times: user=0.30 sys=0.00, real=0.05 secs] 
5464.988: [GC (Allocation Failure) [PSYoungGen: 449824K->107712K(500736K)] 1196083K->984955K(1899008K), 0.0647635 secs] [Times: user=0.39 sys=0.00, real=0.07 secs] 
5466.453: [GC (Allocation Failure) [PSYoungGen: 417472K->141184K(503296K)] 1294715K->1124152K(1901568K), 0.0523187 secs] [Times: user=0.31 sys=0.00, real=0.05 secs] 
5467.700: [GC (Allocation Failure) [PSYoungGen: 457600K->110144K(503808K)] 1440568K->1224948K(1902080K), 0.0654566 secs] [Times: user=0.39 sys=0.00, real=0.07 secs] 
5470.112: [GC (Allocation Failure) [PSYoungGen: 426560K->144800K(505344K)] 1541364K->1367784K(1903616K), 0.0538784 secs] [Times: user=0.32 sys=0.00, real=0.05 secs] 
5471.332: [GC (Allocation Failure) [PSYoungGen: 466848K->111296K(507904K)] 1689832K->1469565K(1906176K), 0.0724261 secs] [Times: user=0.43 sys=0.00, real=0.07 secs] 
5471.405: [Full GC (Ergonomics) [PSYoungGen: 111296K->0K(507904K)] [ParOldGen: 1358269K->30997K(1398272K)] 1469565K->30997K(1906176K), [Metaspace: 59740K->59720K(1105920K)], 0.0649264 secs] [Times: user=0.21 sys=0.00, real=0.06 secs] 
5473.894: [GC (Allocation Failure) [PSYoungGen: 322048K->149280K(507392K)] 353045K->180277K(1905664K), 0.0294299 secs] [Times: user=0.17 sys=0.00, real=0.03 secs] 
5475.241: [GC (Allocation Failure) [PSYoungGen: 474912K->111328K(511488K)] 505909K->282573K(1909760K), 0.0733392 secs] [Times: user=0.43 sys=0.00, real=0.07 secs] 
5476.927: [GC (Allocation Failure) [PSYoungGen: 436960K->156256K(504320K)] 608205K->434970K(1902592K), 0.0535934 secs] [Times: user=0.32 sys=0.00, real=0.05 secs] 
5479.346: [GC (Allocation Failure) [PSYoungGen: 478304K->105216K(510464K)] 757018K->531570K(1908736K), 0.1613062 secs] [Times: user=0.96 sys=0.01, real=0.16 secs] 
5480.726: [GC (Allocation Failure) [PSYoungGen: 422843K->148480K(507904K)] 849197K->675989K(1906176K), 0.0507736 secs] [Times: user=0.30 sys=0.00, real=0.05 secs] 
5483.120: [GC (Allocation Failure) [PSYoungGen: 470528K->105984K(510464K)] 998037K->773109K(1908736K), 0.1634803 secs] [Times: user=0.97 sys=0.01, real=0.17 secs] 
5484.148: [GC (Allocation Failure) [PSYoungGen: 428032K->155008K(503296K)] 1095157K->924418K(1901568K), 0.0517260 secs] [Times: user=0.31 sys=0.00, real=0.05 secs] 
5486.735: [GC (Allocation Failure) [PSYoungGen: 469801K->93792K(507904K)] 1239211K->1017994K(1906176K), 0.1678959 secs] [Times: user=0.99 sys=0.00, real=0.17 secs] 
5488.440: [GC (Allocation Failure) [PSYoungGen: 410720K->150944K(502272K)] 1334922K->1165291K(1900544K), 0.0547807 secs] [Times: user=0.32 sys=0.00, real=0.06 secs] 
5491.582: [GC (Allocation Failure) [PSYoungGen: 462752K->91936K(505344K)] 1477099K->1256479K(1903616K), 0.1600183 secs] [Times: user=0.95 sys=0.00, real=0.16 secs] 
5492.336: [GC (Allocation Failure) [PSYoungGen: 403744K->148128K(501760K)] 1568287K->1401264K(1900032K), 0.0534508 secs] [Times: user=0.32 sys=0.00, real=0.05 secs] 
5492.390: [Full GC (Ergonomics) [PSYoungGen: 148128K->0K(501760K)] [ParOldGen: 1253136K->205686K(1398272K)] 1401264K->205686K(1900032K), [Metaspace: 59720K->59720K(1105920K)], 0.4691766 secs] [Times: user=2.18 sys=0.00, real=0.47 secs] 
5495.174: [GC (Allocation Failure) [PSYoungGen: 308736K->91040K(503808K)] 514422K->296726K(1902080K), 0.1464519 secs] [Times: user=0.87 sys=0.00, real=0.14 secs] 
5496.779: [GC (Allocation Failure) [PSYoungGen: 387139K->142272K(503296K)] 592825K->434979K(1901568K), 0.0484115 secs] [Times: user=0.29 sys=0.00, real=0.05 secs] 
5498.308: [GC (Allocation Failure) [PSYoungGen: 451520K->104512K(414208K)] 744227K->531059K(1812480K), 0.0885105 secs] [Times: user=0.53 sys=0.00, real=0.09 secs] 
5499.086: [GC (Allocation Failure) [PSYoungGen: 413760K->147328K(499200K)] 840307K->674143K(1897472K), 0.0495391 secs] [Times: user=0.29 sys=0.00, real=0.05 secs] 
5501.439: [GC (Allocation Failure) [PSYoungGen: 455552K->98944K(501248K)] 982367K->763943K(1899520K), 0.1591963 secs] [Times: user=0.95 sys=0.00, real=0.16 secs] 
5502.410: [GC (Allocation Failure) [PSYoungGen: 407168K->151232K(500736K)] 1072167K->911648K(1899008K), 0.0499404 secs] [Times: user=0.30 sys=0.00, real=0.05 secs] 
5504.599: [GC (Allocation Failure) [PSYoungGen: 460992K->100096K(504320K)] 1221408K->1003384K(1902592K), 0.1628467 secs] [Times: user=0.97 sys=0.00, real=0.17 secs] 
5506.741: [GC (Allocation Failure) [PSYoungGen: 409856K->148032K(501760K)] 1313144K->1147037K(1900032K), 0.0502994 secs] [Times: user=0.29 sys=0.00, real=0.06 secs] 
5508.081: [GC (Allocation Failure) [PSYoungGen: 457792K->101696K(411648K)] 1456797K->1239337K(1809920K), 0.0694619 secs] [Times: user=0.41 sys=0.01, real=0.07 secs] 
5509.492: [GC (Allocation Failure) [PSYoungGen: 411456K->149312K(500736K)] 1549097K->1384350K(1899008K), 0.0510472 secs] [Times: user=0.31 sys=0.00, real=0.05 secs] 
5509.543: [Full GC (Ergonomics) [PSYoungGen: 149312K->0K(500736K)] [ParOldGen: 1235038K->191240K(1398272K)] 1384350K->191240K(1899008K), [Metaspace: 59724K->59724K(1105920K)], 0.4553961 secs] [Times: user=2.11 sys=0.00, real=0.45 secs] 
5511.459: [GC (Allocation Failure) [PSYoungGen: 309248K->101920K(503808K)] 500488K->293160K(1902080K), 0.0531427 secs] [Times: user=0.32 sys=0.00, real=0.06 secs] 
5512.885: [GC (Allocation Failure) [PSYoungGen: 411168K->149344K(501248K)] 602408K->438289K(1899520K), 0.0497428 secs] [Times: user=0.29 sys=0.00, real=0.05 secs] 
5514.762: [GC (Allocation Failure) [PSYoungGen: 459104K->100640K(504320K)] 748049K->530361K(1902592K), 0.1157667 secs] [Times: user=0.69 sys=0.01, real=0.11 secs] 
5516.194: [GC (Allocation Failure) [PSYoungGen: 410400K->149984K(500736K)] 840121K->675974K(1899008K), 0.0498013 secs] [Times: user=0.30 sys=0.00, real=0.05 secs] 
5518.239: [GC (Allocation Failure) [PSYoungGen: 458720K->100448K(503808K)] 984710K->767430K(1902080K), 0.1327056 secs] [Times: user=0.79 sys=0.00, real=0.14 secs] 
5520.550: [GC (Allocation Failure) [PSYoungGen: 409184K->145856K(502784K)] 1076166K->909399K(1901056K), 0.0507186 secs] [Times: user=0.30 sys=0.00, real=0.05 secs] 
5521.735: [GC (Allocation Failure) [PSYoungGen: 454428K->102144K(412672K)] 1217971K->1002435K(1810944K), 0.0650802 secs] [Times: user=0.39 sys=0.00, real=0.06 secs] 
5523.865: [GC (Allocation Failure) [PSYoungGen: 412416K->154144K(498688K)] 1312707K->1154227K(1896960K), 0.0526102 secs] [Times: user=0.31 sys=0.00, real=0.05 secs] 
5525.784: [GC (Allocation Failure) [PSYoungGen: 461856K->102784K(503296K)] 1461939K->1240187K(1901568K), 0.0654384 secs] [Times: user=0.39 sys=0.01, real=0.06 secs] 
5527.493: [GC (Allocation Failure) [PSYoungGen: 410496K->142912K(501248K)] 1547899K->1380784K(1899520K), 0.0516968 secs] [Times: user=0.31 sys=0.00, real=0.05 secs] 
5527.544: [Full GC (Ergonomics) [PSYoungGen: 142912K->0K(501248K)] [ParOldGen: 1237872K->178553K(1398272K)] 1380784K->178553K(1899520K), [Metaspace: 59724K->59724K(1105920K)], 0.4313337 secs] [Times: user=2.00 sys=0.00, real=0.43 secs] 
5529.618: [GC (Allocation Failure) [PSYoungGen: 310272K->104800K(503296K)] 488825K->283353K(1901568K), 0.0335940 secs] [Times: user=0.20 sys=0.00, real=0.04 secs] 
5531.270: [GC (Allocation Failure) [PSYoungGen: 415072K->144736K(503808K)] 593625K->425342K(1902080K), 0.0526515 secs] [Times: user=0.31 sys=0.00, real=0.06 secs] 
5532.954: [GC (Allocation Failure) [PSYoungGen: 458592K->106432K(504832K)] 739198K->522330K(1903104K), 0.1168368 secs] [Times: user=0.70 sys=0.00, real=0.11 secs] 
5534.059: [GC (Allocation Failure) [PSYoungGen: 420288K->150464K(502272K)] 836186K->670103K(1900544K), 0.0527387 secs] [Times: user=0.31 sys=0.00, real=0.06 secs] 
5535.614: [GC (Allocation Failure) [PSYoungGen: 464832K->103648K(505856K)] 984471K->765071K(1904128K), 0.1052363 secs] [Times: user=0.63 sys=0.00, real=0.10 secs] 
5538.308: [GC (Allocation Failure) [PSYoungGen: 418016K->148768K(504832K)] 1079439K->909715K(1903104K), 0.0519935 secs] [Times: user=0.31 sys=0.00, real=0.05 secs] 
5540.078: [GC (Allocation Failure) [PSYoungGen: 464672K->104864K(507392K)] 1225619K->1005583K(1905664K), 0.0930803 secs] [Times: user=0.55 sys=0.01, real=0.10 secs] 
5542.311: [GC (Allocation Failure) [PSYoungGen: 420768K->149408K(504832K)] 1321487K->1150876K(1903104K), 0.0521772 secs] [Times: user=0.31 sys=0.01, real=0.06 secs] 
5544.068: [GC (Allocation Failure) [PSYoungGen: 465312K->101920K(507392K)] 1466780K->1244028K(1905664K), 0.1318632 secs] [Times: user=0.79 sys=0.00, real=0.13 secs] 
5546.771: [GC (Allocation Failure) [PSYoungGen: 417824K->150240K(503296K)] 1559932K->1389677K(1901568K), 0.0513891 secs] [Times: user=0.30 sys=0.01, real=0.06 secs] 
5546.822: [Full GC (Ergonomics) [PSYoungGen: 150240K->0K(503296K)] [ParOldGen: 1239437K->188049K(1398272K)] 1389677K->188049K(1901568K), [Metaspace: 59724K->59724K(1105920K)], 0.4383258 secs] [Times: user=2.02 sys=0.00, real=0.43 secs] 
5549.180: [GC (Allocation Failure) [PSYoungGen: 313856K->101760K(506368K)] 501905K->289810K(1904640K), 0.0808743 secs] [Times: user=0.48 sys=0.00, real=0.08 secs] 
5550.478: [GC (Allocation Failure) [PSYoungGen: 415616K->151872K(502272K)] 603666K->437470K(1900544K), 0.0507379 secs] [Times: user=0.30 sys=0.01, real=0.05 secs] 
5552.580: [GC (Allocation Failure) [PSYoungGen: 463680K->103680K(505344K)] 749278K->532174K(1903616K), 0.1745168 secs] [Times: user=1.03 sys=0.00, real=0.18 secs] 
5554.716: [GC (Allocation Failure) [PSYoungGen: 415488K->147424K(503808K)] 843982K->675715K(1902080K), 0.0504920 secs] [Times: user=0.30 sys=0.00, real=0.05 secs] 
5556.677: [GC (Allocation Failure) [PSYoungGen: 460256K->104224K(417280K)] 988547K->770843K(1815552K), 0.1555837 secs] [Times: user=0.93 sys=0.00, real=0.16 secs] 
5558.599: [GC (Allocation Failure) [PSYoungGen: 417056K->149024K(503296K)] 1083675K->915972K(1901568K), 0.0516134 secs] [Times: user=0.31 sys=0.00, real=0.05 secs] 
5560.339: [GC (Allocation Failure) [PSYoungGen: 461856K->103552K(505344K)] 1228804K->1010088K(1903616K), 0.1134366 secs] [Times: user=0.68 sys=0.01, real=0.12 secs] 
5561.893: [GC (Allocation Failure) [PSYoungGen: 416384K->148864K(503296K)] 1322920K->1155053K(1901568K), 0.0512297 secs] [Times: user=0.30 sys=0.01, real=0.05 secs] 
5563.661: [GC (Allocation Failure) [PSYoungGen: 462208K->102368K(505856K)] 1468397K->1248861K(1904128K), 0.1446509 secs] [Times: user=0.86 sys=0.00, real=0.15 secs] 
5564.865: [GC (Allocation Failure) [PSYoungGen: 415712K->151392K(502272K)] 1562205K->1396154K(1900544K), 0.0515501 secs] [Times: user=0.31 sys=0.01, real=0.05 secs] 
5564.916: [Full GC (Ergonomics) [PSYoungGen: 151392K->0K(502272K)] [ParOldGen: 1244762K->195660K(1398272K)] 1396154K->195660K(1900544K), [Metaspace: 59724K->59724K(1105920K)], 0.4664011 secs] [Times: user=2.17 sys=0.00, real=0.47 secs] 
5567.536: [GC (Allocation Failure) [PSYoungGen: 311808K->98720K(505344K)] 507468K->294381K(1903616K), 0.0953145 secs] [Times: user=0.56 sys=0.00, real=0.10 secs] 
5568.955: [GC (Allocation Failure) [PSYoungGen: 410528K->150976K(500736K)] 606189K->440941K(1899008K), 0.0487294 secs] [Times: user=0.29 sys=0.00, real=0.05 secs] 
5570.791: [GC (Allocation Failure) [PSYoungGen: 459712K->100480K(503808K)] 749677K->532725K(1902080K), 0.1205652 secs] [Times: user=0.72 sys=0.00, real=0.13 secs] 
5572.969: [GC (Allocation Failure) [PSYoungGen: 409216K->149536K(501248K)] 841461K->677166K(1899520K), 0.0494439 secs] [Times: user=0.29 sys=0.00, real=0.05 secs] 
5574.262: [GC (Allocation Failure) [PSYoungGen: 458272K->102240K(503808K)] 985902K->770518K(1902080K), 0.0732218 secs] [Times: user=0.43 sys=0.01, real=0.07 secs] 
5576.389: [GC (Allocation Failure) [PSYoungGen: 410976K->146912K(502272K)] 1079254K->912907K(1900544K), 0.0509997 secs] [Times: user=0.30 sys=0.00, real=0.05 secs] 
5577.640: [GC (GCLocker Initiated GC) [PSYoungGen: 456672K->104544K(414720K)] 1222667K->1007883K(1812992K), 0.0681238 secs] [Times: user=0.40 sys=0.00, real=0.07 secs] 
5578.552: [GC (Allocation Failure) [PSYoungGen: 414304K->149536K(500224K)] 1317646K->1153991K(1898496K), 0.0518435 secs] [Times: user=0.30 sys=0.00, real=0.05 secs] 
5581.061: [GC (Allocation Failure) [PSYoungGen: 458784K->99360K(503296K)] 1463239K->1244479K(1901568K), 0.1239991 secs] [Times: user=0.74 sys=0.01, real=0.13 secs] 
5583.203: [GC (Allocation Failure) [PSYoungGen: 408608K->144640K(504832K)] 1553727K->1385524K(1903104K), 0.0502444 secs] [Times: user=0.29 sys=0.00, real=0.05 secs] 
5583.253: [Full GC (Ergonomics) [PSYoungGen: 144640K->0K(504832K)] [ParOldGen: 1240884K->183525K(1398272K)] 1385524K->183525K(1903104K), [Metaspace: 59725K->59725K(1105920K)], 0.4319528 secs] [Times: user=2.01 sys=0.00, real=0.43 secs] 
5585.119: [GC (Allocation Failure) [PSYoungGen: 312832K->105344K(418304K)] 496357K->288869K(1816576K), 0.0560512 secs] [Times: user=0.33 sys=0.00, real=0.06 secs] 
5587.782: [GC (Allocation Failure) [PSYoungGen: 418176K->149216K(500736K)] 601701K->433986K(1899008K), 0.0519566 secs] [Times: user=0.31 sys=0.00, real=0.05 secs] 
5588.989: [GC (Allocation Failure) [PSYoungGen: 460512K->104000K(503808K)] 745282K->529150K(1902080K), 0.0821716 secs] [Times: user=0.49 sys=0.00, real=0.08 secs] 
5591.842: [GC (Allocation Failure) [PSYoungGen: 415296K->145248K(504832K)] 840446K->668187K(1903104K), 0.0502965 secs] [Times: user=0.30 sys=0.00, real=0.05 secs] 
5593.457: [GC (Allocation Failure) [PSYoungGen: 460640K->105888K(506368K)] 983579K->764755K(1904640K), 0.1108456 secs] [Times: user=0.66 sys=0.00, real=0.11 secs] 
5595.986: [GC (Allocation Failure) [PSYoungGen: 421280K->148032K(503808K)] 1080147K->909487K(1902080K), 0.0522138 secs] [Times: user=0.31 sys=0.00, real=0.05 secs] 
5597.247: [GC (Allocation Failure) [PSYoungGen: 463936K->106624K(506368K)] 1225391K->1007039K(1904640K), 0.0656399 secs] [Times: user=0.39 sys=0.00, real=0.07 secs] 
5599.565: [GC (Allocation Failure) [PSYoungGen: 422528K->149216K(504832K)] 1322943K->1152548K(1903104K), 0.0542995 secs] [Times: user=0.32 sys=0.00, real=0.05 secs] 
5600.795: [GC (Allocation Failure) [PSYoungGen: 466656K->104448K(507904K)] 1469988K->1247868K(1906176K), 0.0674148 secs] [Times: user=0.39 sys=0.00, real=0.07 secs] 
5601.695: [GC (Allocation Failure) [PSYoungGen: 421888K->152704K(502784K)] 1565308K->1397713K(1901056K), 0.0536617 secs] [Times: user=0.32 sys=0.00, real=0.05 secs] 
5601.748: [Full GC (Ergonomics) [PSYoungGen: 152704K->0K(502784K)] [ParOldGen: 1245009K->195940K(1398272K)] 1397713K->195940K(1901056K), [Metaspace: 59725K->59725K(1105920K)], 0.4603199 secs] [Times: user=2.12 sys=0.00, real=0.46 secs] 
5604.619: [GC (Allocation Failure) [PSYoungGen: 314880K->100960K(506880K)] 510820K->296900K(1905152K), 0.0939518 secs] [Times: user=0.55 sys=0.01, real=0.10 secs] 
5606.484: [GC (Allocation Failure) [PSYoungGen: 415840K->147904K(504832K)] 611780K->440817K(1903104K), 0.0488521 secs] [Times: user=0.29 sys=0.00, real=0.05 secs] 
5608.327: [GC (Allocation Failure) [PSYoungGen: 462784K->105024K(420352K)] 755697K->536661K(1818624K), 0.0902443 secs] [Times: user=0.54 sys=0.00, real=0.09 secs] 
5609.701: [GC (Allocation Failure) [PSYoungGen: 415901K->149600K(503808K)] 847539K->682070K(1902080K), 0.0505810 secs] [Times: user=0.31 sys=0.00, real=0.06 secs] 
5611.842: [GC (GCLocker Initiated GC) [PSYoungGen: 463968K->102784K(506368K)] 996446K->775854K(1904640K), 0.1730370 secs] [Times: user=1.04 sys=0.00, real=0.17 secs] 
5613.334: [GC (Allocation Failure) [PSYoungGen: 417152K->141120K(505344K)] 1106641K->929948K(1903616K), 0.2356908 secs] [Times: user=1.41 sys=0.01, real=0.23 secs] 
5616.655: [GC (Allocation Failure) [PSYoungGen: 458048K->93824K(506368K)] 1246876K->1023656K(1904640K), 0.4422895 secs] [Times: user=2.66 sys=0.00, real=0.44 secs] 
5618.018: [GC (Allocation Failure) [PSYoungGen: 410752K->153472K(501248K)] 1340584K->1173131K(1899520K), 0.0545914 secs] [Times: user=0.32 sys=0.00, real=0.06 secs] 
5620.727: [GC (Allocation Failure) [PSYoungGen: 466304K->91168K(505856K)] 1485963K->1264128K(1904128K), 0.1450708 secs] [Times: user=0.86 sys=0.00, real=0.15 secs] 
5621.235: [GC (Allocation Failure) [PSYoungGen: 404000K->152032K(498176K)] 1576960K->1412581K(1896448K), 0.0571385 secs] [Times: user=0.34 sys=0.00, real=0.06 secs] 
5621.292: [Full GC (Ergonomics) [PSYoungGen: 152032K->0K(498176K)] [ParOldGen: 1260549K->210218K(1398272K)] 1412581K->210218K(1896448K), [Metaspace: 59725K->59725K(1105920K)], 0.4957804 secs] [Times: user=2.31 sys=0.00, real=0.49 secs] 
5624.263: [GC (Allocation Failure) [PSYoungGen: 305664K->89952K(502272K)] 515882K->300170K(1900544K), 0.1558728 secs] [Times: user=0.92 sys=0.00, real=0.15 secs] 
5625.420: [GC (Allocation Failure) [PSYoungGen: 385220K->139360K(499200K)] 595438K->435363K(1897472K), 0.0490687 secs] [Times: user=0.29 sys=0.00, real=0.05 secs] 
5627.349: [GC (Allocation Failure) [PSYoungGen: 446048K->98720K(501248K)] 742051K->524807K(1899520K), 0.1422058 secs] [Times: user=0.84 sys=0.00, real=0.14 secs] 
5628.505: [GC (Allocation Failure) [PSYoungGen: 405408K->146848K(501760K)] 831495K->667464K(1900032K), 0.0487014 secs] [Times: user=0.29 sys=0.00, real=0.05 secs] 
5630.188: [GC (Allocation Failure) [PSYoungGen: 456608K->104320K(414208K)] 977224K->762636K(1812480K), 0.1735399 secs] [Times: user=1.03 sys=0.01, real=0.18 secs] 
5631.680: [GC (Allocation Failure) [PSYoungGen: 414080K->147328K(500736K)] 1072396K->906081K(1899008K), 0.0519373 secs] [Times: user=0.30 sys=0.00, real=0.06 secs] 
5633.522: [GC (Allocation Failure) [PSYoungGen: 457600K->103264K(503296K)] 1216353K->1000109K(1901568K), 0.1424187 secs] [Times: user=0.85 sys=0.00, real=0.14 secs] 
5635.173: [GC (Allocation Failure) [PSYoungGen: 413536K->148000K(502784K)] 1310381K->1143638K(1901056K), 0.0521941 secs] [Times: user=0.30 sys=0.01, real=0.05 secs] 
5636.951: [GC (Allocation Failure) [PSYoungGen: 460832K->102848K(505344K)] 1456470K->1237082K(1903616K), 0.1767669 secs] [Times: user=0.96 sys=0.01, real=0.18 secs] 
5639.554: [GC (Allocation Failure) [PSYoungGen: 415680K->148128K(502784K)] 1549914K->1381119K(1901056K), 0.0512056 secs] [Times: user=0.31 sys=0.00, real=0.05 secs] 
5639.605: [Full GC (Ergonomics) [PSYoungGen: 148128K->0K(502784K)] [ParOldGen: 1232991K->189346K(1398272K)] 1381119K->189346K(1901056K), [Metaspace: 59725K->59725K(1105920K)], 0.4508013 secs] [Times: user=2.09 sys=0.00, real=0.45 secs] 
5641.710: [GC (Allocation Failure) [PSYoungGen: 313344K->103136K(505856K)] 502690K->292482K(1904128K), 0.1000822 secs] [Times: user=0.59 sys=0.01, real=0.10 secs] 
5643.480: [GC (Allocation Failure) [PSYoungGen: 416480K->148640K(503296K)] 605826K->436703K(1901568K), 0.0502030 secs] [Times: user=0.30 sys=0.00, real=0.05 secs] 
5645.143: [GC (Allocation Failure) [PSYoungGen: 462496K->101952K(506368K)] 750559K->529887K(1904640K), 0.1496807 secs] [Times: user=0.89 sys=0.00, real=0.15 secs] 
5647.585: [GC (Allocation Failure) [PSYoungGen: 415808K->147872K(503808K)] 843743K->673699K(1902080K), 0.0506193 secs] [Times: user=0.30 sys=0.00, real=0.05 secs] 
5649.099: [GC (Allocation Failure) [PSYoungGen: 462240K->102528K(506368K)] 988067K->767131K(1904640K), 0.1098875 secs] [Times: user=0.65 sys=0.00, real=0.11 secs] 
5651.182: [GC (Allocation Failure) [PSYoungGen: 416896K->150080K(502272K)] 1081499K->913676K(1900544K), 0.0514705 secs] [Times: user=0.31 sys=0.00, real=0.05 secs] 
5653.514: [GC (Allocation Failure) [PSYoungGen: 462912K->99104K(505856K)] 1226508K->1004092K(1904128K), 0.1706680 secs] [Times: user=1.01 sys=0.01, real=0.17 secs] 
5655.158: [GC (Allocation Failure) [PSYoungGen: 411936K->151968K(500224K)] 1316924K->1151885K(1898496K), 0.0526221 secs] [Times: user=0.32 sys=0.00, real=0.05 secs] 
5656.488: [GC (Allocation Failure) [PSYoungGen: 461728K->100192K(504320K)] 1461645K->1243565K(1902592K), 0.0715404 secs] [Times: user=0.43 sys=0.00, real=0.07 secs] 
5658.369: [GC (Allocation Failure) [PSYoungGen: 409952K->148544K(501760K)] 1553325K->1388186K(1900032K), 0.0510219 secs] [Times: user=0.31 sys=0.00, real=0.05 secs] 
5658.421: [Full GC (Ergonomics) [PSYoungGen: 148544K->0K(501760K)] [ParOldGen: 1239642K->187294K(1398272K)] 1388186K->187294K(1900032K), [Metaspace: 59725K->59725K(1105920K)], 0.4524277 secs] [Times: user=2.11 sys=0.00, real=0.46 secs] 
5660.066: [GC (Allocation Failure) [PSYoungGen: 309760K->101216K(504320K)] 497054K->288510K(1902592K), 0.0345110 secs] [Times: user=0.20 sys=0.00, real=0.03 secs] 
5662.020: [GC (Allocation Failure) [PSYoungGen: 410976K->146496K(502784K)] 598270K->431039K(1901056K), 0.0499322 secs] [Times: user=0.29 sys=0.00, real=0.05 secs] 
5663.533: [GC (Allocation Failure) [PSYoungGen: 457280K->104512K(415744K)] 741823K->526159K(1814016K), 0.0643061 secs] [Times: user=0.38 sys=0.01, real=0.06 secs] 
5665.061: [GC (Allocation Failure) [PSYoungGen: 415296K->147008K(501760K)] 836943K->669452K(1900032K), 0.0516750 secs] [Times: user=0.31 sys=0.01, real=0.06 secs] 
5666.515: [GC (Allocation Failure) [PSYoungGen: 458304K->104384K(503808K)] 980748K->764644K(1902080K), 0.0813036 secs] [Times: user=0.48 sys=0.00, real=0.08 secs] 
5667.592: [GC (Allocation Failure) [PSYoungGen: 415680K->151296K(501760K)] 1075940K->912465K(1900032K), 0.0517508 secs] [Times: user=0.31 sys=0.00, real=0.05 secs] 
5669.200: [GC (Allocation Failure) [PSYoungGen: 463616K->102336K(505344K)] 1224785K->1006217K(1903616K), 0.0658723 secs] [Times: user=0.39 sys=0.00, real=0.07 secs] 
5671.529: [GC (Allocation Failure) [PSYoungGen: 414656K->147008K(504320K)] 1318537K->1149758K(1902592K), 0.0509945 secs] [Times: user=0.30 sys=0.00, real=0.05 secs] 
5673.328: [GC (Allocation Failure) [PSYoungGen: 460864K->103776K(417792K)] 1463614K->1244878K(1816064K), 0.0903522 secs] [Times: user=0.54 sys=0.00, real=0.09 secs] 
5675.394: [GC (Allocation Failure) [PSYoungGen: 417632K->149248K(503296K)] 1558734K->1390139K(1901568K), 0.0523713 secs] [Times: user=0.31 sys=0.00, real=0.05 secs] 
5675.446: [Full GC (Ergonomics) [PSYoungGen: 149248K->0K(503296K)] [ParOldGen: 1240891K->188878K(1398272K)] 1390139K->188878K(1901568K), [Metaspace: 59725K->59725K(1105920K)], 0.4603624 secs] [Times: user=2.14 sys=0.00, real=0.46 secs] 
5677.351: [GC (Allocation Failure) [PSYoungGen: 313344K->103584K(505856K)] 502222K->292462K(1904128K), 0.0692444 secs] [Times: user=0.41 sys=0.00, real=0.07 secs] 
5679.064: [GC (Allocation Failure) [PSYoungGen: 416928K->148896K(503808K)] 605806K->437699K(1902080K), 0.0508711 secs] [Times: user=0.30 sys=0.00, real=0.05 secs] 
5680.689: [GC (Allocation Failure) [PSYoungGen: 462752K->102272K(506368K)] 751555K->530671K(1904640K), 0.1375398 secs] [Times: user=0.82 sys=0.00, real=0.14 secs] 
5682.578: [GC (Allocation Failure) [PSYoungGen: 416128K->151456K(501760K)] 844527K->678444K(1900032K), 0.0513065 secs] [Times: user=0.31 sys=0.01, real=0.05 secs] 
5684.276: [GC (Allocation Failure) [PSYoungGen: 463264K->99136K(505344K)] 990252K->768700K(1903616K), 0.1120863 secs] [Times: user=0.67 sys=0.01, real=0.11 secs] 
5686.431: [GC (Allocation Failure) [PSYoungGen: 410944K->146336K(504320K)] 1080508K->911542K(1902592K), 0.0498715 secs] [Times: user=0.30 sys=0.00, real=0.05 secs] 
5687.987: [GC (Allocation Failure) [PSYoungGen: 459168K->102368K(415232K)] 1224374K->1004614K(1813504K), 0.0946997 secs] [Times: user=0.56 sys=0.00, real=0.10 secs] 
5690.434: [GC (Allocation Failure) [PSYoungGen: 415200K->147424K(502784K)] 1317446K->1148458K(1901056K), 0.0519334 secs] [Times: user=0.31 sys=0.00, real=0.05 secs] 
5691.933: [GC (Allocation Failure) [PSYoungGen: 459744K->105952K(504832K)] 1460778K->1245359K(1903104K), 0.0946494 secs] [Times: user=0.57 sys=0.00, real=0.09 secs] 
5693.647: [GC (Allocation Failure) [PSYoungGen: 418272K->147648K(503296K)] 1557679K->1389011K(1901568K), 0.0538652 secs] [Times: user=0.32 sys=0.00, real=0.06 secs] 
5693.701: [Full GC (Ergonomics) [PSYoungGen: 147648K->0K(503296K)] [ParOldGen: 1241363K->189435K(1398272K)] 1389011K->189435K(1901568K), [Metaspace: 59725K->59725K(1105920K)], 0.4504080 secs] [Times: user=2.10 sys=0.00, real=0.45 secs] 
5695.605: [GC (Allocation Failure) [PSYoungGen: 313856K->104512K(505344K)] 503291K->293947K(1903616K), 0.0507037 secs] [Times: user=0.29 sys=0.00, real=0.05 secs] 
5698.021: [GC (Allocation Failure) [PSYoungGen: 418368K->148704K(504320K)] 607803K->438928K(1902592K), 0.0508074 secs] [Times: user=0.31 sys=0.00, real=0.05 secs] 
5699.897: [GC (Allocation Failure) [PSYoungGen: 464096K->105696K(506880K)] 754320K->535848K(1905152K), 0.1743313 secs] [Times: user=1.03 sys=0.01, real=0.18 secs] 
5701.319: [GC (Allocation Failure) [PSYoungGen: 421088K->150880K(503296K)] 851240K->680917K(1901568K), 0.0516123 secs] [Times: user=0.31 sys=0.00, real=0.05 secs] 
5703.950: [GC (Allocation Failure) [PSYoungGen: 465760K->100576K(506880K)] 995797K->772341K(1905152K), 0.1598517 secs] [Times: user=0.95 sys=0.00, real=0.16 secs] 
5705.264: [GC (Allocation Failure) [PSYoungGen: 415456K->151392K(501760K)] 1087221K->919334K(1900032K), 0.0504689 secs] [Times: user=0.30 sys=0.00, real=0.05 secs] 
5706.532: [GC (Allocation Failure) [PSYoungGen: 463200K->103968K(505344K)] 1231142K->1014218K(1903616K), 0.0694461 secs] [Times: user=0.41 sys=0.00, real=0.07 secs] 
5707.639: [GC (Allocation Failure) [PSYoungGen: 415776K->149664K(502784K)] 1326026K->1160508K(1901056K), 0.0515009 secs] [Times: user=0.31 sys=0.00, real=0.05 secs] 
5710.241: [GC (Allocation Failure) [PSYoungGen: 461472K->100768K(505344K)] 1472316K->1252788K(1903616K), 0.1262185 secs] [Times: user=0.75 sys=0.00, real=0.13 secs] 
5710.834: [GC (Allocation Failure) [PSYoungGen: 410946K->149536K(502272K)] 1562966K->1399053K(1900544K), 0.0515591 secs] [Times: user=0.30 sys=0.00, real=0.05 secs] 
5710.886: [Full GC (Ergonomics) [PSYoungGen: 149536K->0K(502272K)] [ParOldGen: 1249517K->196167K(1398272K)] 1399053K->196167K(1900544K), [Metaspace: 59725K->59725K(1105920K)], 0.4689030 secs] [Times: user=2.16 sys=0.00, real=0.47 secs] 
5713.504: [GC (Allocation Failure) [PSYoungGen: 310784K->99648K(504832K)] 506951K->295815K(1903104K), 0.0978801 secs] [Times: user=0.58 sys=0.00, real=0.10 secs] 
5715.296: [GC (Allocation Failure) [PSYoungGen: 410432K->149408K(501760K)] 606599K->441004K(1900032K), 0.0483545 secs] [Times: user=0.29 sys=0.00, real=0.05 secs] 
5717.102: [GC (Allocation Failure) [PSYoungGen: 459168K->102816K(504320K)] 750764K->534764K(1902592K), 0.1731299 secs] [Times: user=1.02 sys=0.00, real=0.17 secs] 
5718.596: [GC (Allocation Failure) [PSYoungGen: 412576K->155136K(497664K)] 844524K->685984K(1895936K), 0.0504251 secs] [Times: user=0.30 sys=0.00, real=0.05 secs] 
5720.099: [GC (Allocation Failure) [PSYoungGen: 460800K->99744K(502272K)] 991648K->768068K(1900544K), 0.1241928 secs] [Times: user=0.74 sys=0.00, real=0.13 secs] 
5722.047: [GC (Allocation Failure) [PSYoungGen: 405408K->145824K(501248K)] 1073732K->909565K(1899520K), 0.0497084 secs] [Times: user=0.29 sys=0.00, real=0.05 secs] 
5723.307: [GC (Allocation Failure) [PSYoungGen: 453536K->102976K(502784K)] 1217277K->1002921K(1901056K), 0.0648796 secs] [Times: user=0.38 sys=0.00, real=0.07 secs] 
5725.971: [GC (Allocation Failure) [PSYoungGen: 410688K->143232K(502784K)] 1310633K->1141358K(1901056K), 0.0515521 secs] [Times: user=0.31 sys=0.00, real=0.06 secs] 
5727.171: [GC (Allocation Failure) [PSYoungGen: 453504K->103104K(502784K)] 1451630K->1235458K(1901056K), 0.0647044 secs] [Times: user=0.38 sys=0.00, real=0.07 secs] 
5729.099: [GC (Allocation Failure) [PSYoungGen: 413376K->147712K(501760K)] 1545730K->1380623K(1900032K), 0.0530502 secs] [Times: user=0.32 sys=0.00, real=0.06 secs] 
5729.152: [Full GC (Ergonomics) [PSYoungGen: 147712K->0K(501760K)] [ParOldGen: 1232911K->180363K(1398272K)] 1380623K->180363K(1900032K), [Metaspace: 59725K->59725K(1105920K)], 0.4213709 secs] [Times: user=1.88 sys=0.00, real=0.42 secs] 
5730.660: [GC (Allocation Failure) [PSYoungGen: 311808K->102880K(503808K)] 492171K->283243K(1902080K), 0.0329282 secs] [Times: user=0.19 sys=0.00, real=0.04 secs] 
5733.020: [GC (Allocation Failure) [PSYoungGen: 414688K->147968K(503808K)] 595051K->427824K(1902080K), 0.0512028 secs] [Times: user=0.30 sys=0.00, real=0.05 secs] 
5734.289: [GC (Allocation Failure) [PSYoungGen: 462336K->103456K(506368K)] 742192K->522448K(1904640K), 0.0650478 secs] [Times: user=0.38 sys=0.02, real=0.07 secs] 
5737.175: [GC (Allocation Failure) [PSYoungGen: 417824K->153216K(501248K)] 836816K->672757K(1899520K), 0.0517192 secs] [Times: user=0.31 sys=0.00, real=0.05 secs] 
5738.367: [GC (Allocation Failure) [PSYoungGen: 465024K->106528K(505344K)] 984565K->761949K(1903616K), 0.0651031 secs] [Times: user=0.39 sys=0.00, real=0.07 secs] 
5740.020: [GC (Allocation Failure) [PSYoungGen: 418336K->146400K(504832K)] 1073757K->905618K(1903104K), 0.0523169 secs] [Times: user=0.31 sys=0.00, real=0.06 secs] 
5741.205: [GC (Allocation Failure) [PSYoungGen: 460768K->106336K(420864K)] 1219986K->1003006K(1819136K), 0.0651529 secs] [Times: user=0.39 sys=0.01, real=0.06 secs] 
5743.792: [GC (Allocation Failure) [PSYoungGen: 420704K->145856K(503808K)] 1317374K->1145530K(1902080K), 0.0528321 secs] [Times: user=0.31 sys=0.00, real=0.05 secs] 
5745.219: [GC (Allocation Failure) [PSYoungGen: 460736K->106208K(505344K)] 1460410K->1242154K(1903616K), 0.0925194 secs] [Times: user=0.55 sys=0.00, real=0.09 secs] 
5746.916: [GC (Allocation Failure) [PSYoungGen: 421088K->149408K(503808K)] 1557034K->1387751K(1902080K), 0.0529313 secs] [Times: user=0.31 sys=0.00, real=0.05 secs] 
5746.969: [Full GC (Ergonomics) [PSYoungGen: 149408K->0K(503808K)] [ParOldGen: 1238343K->186685K(1398272K)] 1387751K->186685K(1902080K), [Metaspace: 59725K->59725K(1105920K)], 0.4539981 secs] [Times: user=2.10 sys=0.00, real=0.46 secs] 
5748.581: [GC (Allocation Failure) [PSYoungGen: 316416K->106240K(506880K)] 503101K->292925K(1905152K), 0.0359870 secs] [Times: user=0.21 sys=0.01, real=0.04 secs] 
5751.399: [GC (Allocation Failure) [PSYoungGen: 422656K->147456K(507392K)] 609341K->436481K(1905664K), 0.0514758 secs] [Times: user=0.31 sys=0.00, real=0.05 secs] 
5753.359: [GC (Allocation Failure) [PSYoungGen: 466944K->105376K(508928K)] 755969K->532569K(1907200K), 0.1734251 secs] [Times: user=1.03 sys=0.01, real=0.18 secs] 
5754.716: [GC (Allocation Failure) [PSYoungGen: 421618K->153856K(503296K)] 848812K->681934K(1901568K), 0.0517136 secs] [Times: user=0.30 sys=0.00, real=0.05 secs] 
5757.362: [GC (Allocation Failure) [PSYoungGen: 469760K->101120K(507392K)] 997838K->774614K(1905664K), 0.1747605 secs] [Times: user=1.05 sys=0.00, real=0.17 secs] 
5759.004: [GC (Allocation Failure) [PSYoungGen: 413637K->150240K(503808K)] 1087132K->920343K(1902080K), 0.0495527 secs] [Times: user=0.29 sys=0.00, real=0.05 secs] 
5761.191: [GC (Allocation Failure) [PSYoungGen: 464096K->99872K(506368K)] 1234199K->1011551K(1904640K), 0.1667062 secs] [Times: user=0.99 sys=0.01, real=0.17 secs] 
5762.631: [GC (Allocation Failure) [PSYoungGen: 413728K->151456K(501760K)] 1325407K->1158864K(1900032K), 0.0502228 secs] [Times: user=0.30 sys=0.00, real=0.06 secs] 
5764.411: [GC (Allocation Failure) [PSYoungGen: 462240K->102400K(504832K)] 1469648K->1252328K(1903104K), 0.0668793 secs] [Times: user=0.40 sys=0.00, real=0.07 secs] 
5765.588: [GC (Allocation Failure) [PSYoungGen: 413184K->147648K(503808K)] 1563112K->1396401K(1902080K), 0.0508277 secs] [Times: user=0.30 sys=0.00, real=0.05 secs] 
5765.639: [Full GC (Ergonomics) [PSYoungGen: 147648K->0K(503808K)] [ParOldGen: 1248753K->194900K(1398272K)] 1396401K->194900K(1902080K), [Metaspace: 59725K->59725K(1105920K)], 0.4589114 secs] [Times: user=2.11 sys=0.00, real=0.46 secs] 
5768.053: [GC (Allocation Failure) [PSYoungGen: 311808K->103232K(415232K)] 506708K->298132K(1813504K), 0.0630890 secs] [Times: user=0.37 sys=0.00, real=0.06 secs] 
5768.917: [GC (Allocation Failure) [PSYoungGen: 407444K->148640K(502272K)] 602345K->443261K(1900544K), 0.0502001 secs] [Times: user=0.30 sys=0.00, real=0.05 secs] 
5771.084: [GC (Allocation Failure) [PSYoungGen: 459936K->99168K(504320K)] 754557K->534069K(1902592K), 0.1617942 secs] [Times: user=0.96 sys=0.01, real=0.16 secs] 
5773.691: [GC (GCLocker Initiated GC) [PSYoungGen: 410464K->147264K(504320K)] 845366K->677058K(1902592K), 0.0489443 secs] [Times: user=0.30 sys=0.00, real=0.05 secs] 
5775.946: [GC (Allocation Failure) [PSYoungGen: 460096K->102048K(415232K)] 989892K->770340K(1813504K), 0.1709707 secs] [Times: user=1.02 sys=0.01, real=0.17 secs] 
5777.761: [GC (Allocation Failure) [PSYoungGen: 414880K->148768K(503296K)] 1083172K->917117K(1901568K), 0.0487599 secs] [Times: user=0.29 sys=0.00, real=0.04 secs] 
5779.644: [GC (Allocation Failure) [PSYoungGen: 461088K->100992K(505344K)] 1229437K->1009033K(1903616K), 0.1304835 secs] [Times: user=0.77 sys=0.01, real=0.13 secs] 
5781.454: [GC (Allocation Failure) [PSYoungGen: 413312K->149888K(501760K)] 1321353K->1154246K(1900032K), 0.0503003 secs] [Times: user=0.30 sys=0.00, real=0.05 secs] 
5783.168: [GC (Allocation Failure) [PSYoungGen: 460672K->102880K(504832K)] 1465030K->1248262K(1903104K), 0.1225517 secs] [Times: user=0.73 sys=0.01, real=0.12 secs] 
5784.569: [GC (Allocation Failure) [PSYoungGen: 413664K->145984K(503296K)] 1559046K->1391564K(1901568K), 0.0922408 secs] [Times: user=0.54 sys=0.00, real=0.09 secs] 
5784.661: [Full GC (Ergonomics) [PSYoungGen: 145984K->0K(503296K)] [ParOldGen: 1245580K->188616K(1398272K)] 1391564K->188616K(1901568K), [Metaspace: 59725K->59725K(1105920K)], 0.4722449 secs] [Times: user=2.21 sys=0.00, real=0.48 secs] 
5786.856: [GC (Allocation Failure) [PSYoungGen: 312320K->101568K(504832K)] 500936K->290184K(1903104K), 0.0463143 secs] [Times: user=0.27 sys=0.00, real=0.05 secs] 
5788.333: [GC (Allocation Failure) [PSYoungGen: 413888K->148672K(503808K)] 602504K->435317K(1902080K), 0.0503382 secs] [Times: user=0.30 sys=0.00, real=0.05 secs] 
5791.207: [GC (Allocation Failure) [PSYoungGen: 462016K->104640K(505856K)] 748661K->530629K(1904128K), 0.0920302 secs] [Times: user=0.54 sys=0.00, real=0.09 secs] 
5792.412: [GC (Allocation Failure) [PSYoungGen: 417984K->150528K(502784K)] 843973K->677755K(1901056K), 0.0515986 secs] [Times: user=0.30 sys=0.00, real=0.05 secs] 
5795.561: [GC (Allocation Failure) [PSYoungGen: 463360K->99392K(505856K)] 990587K->768451K(1904128K), 0.1342304 secs] [Times: user=0.79 sys=0.01, real=0.14 secs] 
5796.910: [GC (Allocation Failure) [PSYoungGen: 412224K->148992K(502784K)] 1081283K->913276K(1901056K), 0.0504919 secs] [Times: user=0.30 sys=0.00, real=0.05 secs] 
5798.794: [GC (Allocation Failure) [PSYoungGen: 460800K->103616K(505344K)] 1225084K->1007968K(1903616K), 0.0928270 secs] [Times: user=0.55 sys=0.01, real=0.09 secs] 
5799.711: [GC (Allocation Failure) [PSYoungGen: 415424K->149696K(502784K)] 1319776K->1154670K(1901056K), 0.0524454 secs] [Times: user=0.31 sys=0.00, real=0.06 secs] 
5801.736: [GC (Allocation Failure) [PSYoungGen: 461504K->101824K(505344K)] 1466478K->1247726K(1903616K), 0.0814289 secs] [Times: user=0.49 sys=0.00, real=0.08 secs] 
5804.095: [GC (Allocation Failure) [PSYoungGen: 413632K->147968K(503296K)] 1559534K->1391535K(1901568K), 0.0515288 secs] [Times: user=0.30 sys=0.00, real=0.05 secs] 
5804.147: [Full GC (Ergonomics) [PSYoungGen: 147968K->0K(503296K)] [ParOldGen: 1243566K->189192K(1398272K)] 1391535K->189192K(1901568K), [Metaspace: 59725K->59725K(1105920K)], 0.4628733 secs] [Times: user=2.16 sys=0.00, real=0.46 secs] 
5806.013: [GC (Allocation Failure) [PSYoungGen: 311808K->101760K(413696K)] 501000K->290952K(1811968K), 0.0575968 secs] [Times: user=0.34 sys=0.00, real=0.05 secs] 
5808.291: [GC (Allocation Failure) [PSYoungGen: 413568K->148128K(502784K)] 602760K->434973K(1901056K), 0.0501907 secs] [Times: user=0.30 sys=0.00, real=0.05 secs] 
5809.490: [GC (Allocation Failure) [PSYoungGen: 459936K->102912K(504832K)] 746781K->528893K(1903104K), 0.0656011 secs] [Times: user=0.39 sys=0.00, real=0.07 secs] 
5811.603: [GC (Allocation Failure) [PSYoungGen: 414720K->148800K(502784K)] 840701K->673489K(1901056K), 0.0507235 secs] [Times: user=0.29 sys=0.00, real=0.05 secs] 
5812.904: [GC (Allocation Failure) [PSYoungGen: 461120K->103168K(505344K)] 985809K->767689K(1903616K), 0.0842692 secs] [Times: user=0.50 sys=0.00, real=0.08 secs] 
5814.724: [GC (Allocation Failure) [PSYoungGen: 415488K->156480K(498176K)] 1080009K->920278K(1896448K), 0.0523544 secs] [Times: user=0.31 sys=0.00, real=0.05 secs] 
5815.920: [GC (Allocation Failure) [PSYoungGen: 464192K->102496K(503296K)] 1227990K->1005162K(1901568K), 0.0658203 secs] [Times: user=0.39 sys=0.00, real=0.07 secs] 
5817.727: [GC (Allocation Failure) [PSYoungGen: 410208K->145568K(502784K)] 1312874K->1146871K(1901056K), 0.0513562 secs] [Times: user=0.31 sys=0.00, real=0.05 secs] 
5818.981: [GC (Allocation Failure) [PSYoungGen: 455840K->104096K(414720K)] 1457143K->1241963K(1812992K), 0.0657862 secs] [Times: user=0.40 sys=0.00, real=0.06 secs] 
5821.217: [GC (Allocation Failure) [PSYoungGen: 414368K->155904K(498176K)] 1552235K->1394160K(1896448K), 0.0527491 secs] [Times: user=0.31 sys=0.00, real=0.05 secs] 
5821.270: [Full GC (Ergonomics) [PSYoungGen: 155904K->0K(498176K)] [ParOldGen: 1238256K->185199K(1398272K)] 1394160K->185199K(1896448K), [Metaspace: 59725K->59725K(1105920K)], 0.4292137 secs] [Times: user=1.97 sys=0.00, real=0.43 secs] 
5823.110: [GC (Allocation Failure) [PSYoungGen: 306173K->101024K(502784K)] 491373K->286223K(1901056K), 0.0587649 secs] [Times: user=0.35 sys=0.00, real=0.06 secs] 
5825.994: [GC (Allocation Failure) [PSYoungGen: 407712K->141856K(498688K)] 592911K->424960K(1896960K), 0.0497971 secs] [Times: user=0.29 sys=0.00, real=0.05 secs] 
5827.185: [GC (Allocation Failure) [PSYoungGen: 450592K->104608K(501760K)] 733696K->520296K(1900032K), 0.0626287 secs] [Times: user=0.38 sys=0.00, real=0.06 secs] 
5829.236: [GC (Allocation Failure) [PSYoungGen: 413344K->142784K(505344K)] 829032K->660834K(1903616K), 0.0515365 secs] [Times: user=0.31 sys=0.00, real=0.05 secs] 
5830.446: [GC (Allocation Failure) [PSYoungGen: 458176K->108032K(505856K)] 976226K->759722K(1904128K), 0.0645471 secs] [Times: user=0.39 sys=0.00, real=0.06 secs] 
5832.304: [GC (Allocation Failure) [PSYoungGen: 423424K->146496K(504320K)] 1075114K->903751K(1902592K), 0.0529261 secs] [Times: user=0.31 sys=0.00, real=0.05 secs] 
5833.498: [GC (Allocation Failure) [PSYoungGen: 463424K->109408K(505856K)] 1220679K->1004087K(1904128K), 0.0647530 secs] [Times: user=0.38 sys=0.00, real=0.07 secs] 
5835.079: [GC (Allocation Failure) [PSYoungGen: 426336K->153536K(503808K)] 1321015K->1152356K(1902080K), 0.0536052 secs] [Times: user=0.32 sys=0.00, real=0.06 secs] 
5836.923: [GC (Allocation Failure) [PSYoungGen: 471488K->103328K(508416K)] 1470308K->1247096K(1906688K), 0.0987634 secs] [Times: user=0.59 sys=0.00, real=0.10 secs] 
5840.080: [GC (Allocation Failure) [PSYoungGen: 421280K->152704K(503296K)] 1565048K->1395260K(1901568K), 0.0518075 secs] [Times: user=0.30 sys=0.00, real=0.06 secs] 
5840.132: [Full GC (Ergonomics) [PSYoungGen: 152704K->0K(503296K)] [ParOldGen: 1242556K->194742K(1398272K)] 1395260K->194742K(1901568K), [Metaspace: 59727K->59727K(1105920K)], 0.4645578 secs] [Times: user=2.16 sys=0.00, real=0.46 secs] 
5842.753: [GC (Allocation Failure) [PSYoungGen: 314880K->100352K(506880K)] 509622K->295094K(1905152K), 0.1034848 secs] [Times: user=0.60 sys=0.00, real=0.10 secs] 
5844.698: [GC (Allocation Failure) [PSYoungGen: 415232K->157824K(497152K)] 609974K->448687K(1895424K), 0.0496078 secs] [Times: user=0.30 sys=0.00, real=0.05 secs] 
5846.459: [GC (Allocation Failure) [PSYoungGen: 464512K->101440K(502784K)] 755375K->532711K(1901056K), 0.1084748 secs] [Times: user=0.64 sys=0.01, real=0.11 secs] 
5848.397: [GC (Allocation Failure) [PSYoungGen: 408128K->145824K(501760K)] 839399K->674388K(1900032K), 0.0505135 secs] [Times: user=0.30 sys=0.00, real=0.05 secs] 
5849.613: [GC (Allocation Failure) [PSYoungGen: 454560K->100992K(503296K)] 983124K->766408K(1901568K), 0.0787777 secs] [Times: user=0.47 sys=0.00, real=0.08 secs] 
5851.061: [GC (Allocation Failure) [PSYoungGen: 409728K->147296K(502272K)] 1075144K->910181K(1900544K), 0.0508813 secs] [Times: user=0.30 sys=0.00, real=0.05 secs] 
5852.286: [GC (Allocation Failure) [PSYoungGen: 457056K->103968K(503808K)] 1219941K->1005413K(1902080K), 0.0687889 secs] [Times: user=0.41 sys=0.00, real=0.07 secs] 
5855.095: [GC (Allocation Failure) [PSYoungGen: 413728K->144960K(503296K)] 1315173K->1146834K(1901568K), 0.0515653 secs] [Times: user=0.31 sys=0.00, real=0.05 secs] 
5856.317: [GC (Allocation Failure) [PSYoungGen: 456768K->104736K(503808K)] 1458642K->1242850K(1902080K), 0.0651967 secs] [Times: user=0.39 sys=0.00, real=0.07 secs] 
5859.142: [GC (Allocation Failure) [PSYoungGen: 416544K->144704K(503808K)] 1554658K->1384182K(1902080K), 0.0521163 secs] [Times: user=0.31 sys=0.00, real=0.05 secs] 
5859.194: [Full GC (Ergonomics) [PSYoungGen: 144704K->0K(503808K)] [ParOldGen: 1239478K->183556K(1398272K)] 1384182K->183556K(1902080K), [Metaspace: 59727K->59727K(1105920K)], 0.4476872 secs] [Times: user=2.09 sys=0.00, real=0.45 secs] 
5860.725: [GC (Allocation Failure) [PSYoungGen: 314368K->105856K(504832K)] 497924K->289412K(1903104K), 0.0432876 secs] [Times: user=0.26 sys=0.00, real=0.04 secs] 
5863.005: [GC (Allocation Failure) [PSYoungGen: 420224K->148288K(503808K)] 603780K->433897K(1902080K), 0.0518734 secs] [Times: user=0.30 sys=0.00, real=0.05 secs] 
5864.189: [GC (Allocation Failure) [PSYoungGen: 464704K->104896K(506368K)] 750313K->529713K(1904640K), 0.0648075 secs] [Times: user=0.39 sys=0.00, real=0.07 secs] 
5865.862: [GC (Allocation Failure) [PSYoungGen: 421312K->153184K(502272K)] 846129K->679474K(1900544K), 0.0522774 secs] [Times: user=0.31 sys=0.00, real=0.05 secs] 
5868.436: [GC (Allocation Failure) [PSYoungGen: 468064K->103136K(506880K)] 994354K->774122K(1905152K), 0.1585726 secs] [Times: user=0.94 sys=0.00, real=0.16 secs] 
5870.137: [GC (Allocation Failure) [PSYoungGen: 418016K->148768K(504320K)] 1089002K->918958K(1902592K), 0.0509823 secs] [Times: user=0.30 sys=0.00, real=0.05 secs] 
5872.150: [GC (Allocation Failure) [PSYoungGen: 463648K->102464K(506880K)] 1233838K->1012770K(1905152K), 0.1700361 secs] [Times: user=1.00 sys=0.01, real=0.17 secs] 
5873.580: [GC (Allocation Failure) [PSYoungGen: 417344K->150720K(503808K)] 1327650K->1159375K(1902080K), 0.0509889 secs] [Times: user=0.30 sys=0.00, real=0.05 secs] 
5875.529: [GC (GCLocker Initiated GC) [PSYoungGen: 464576K->102784K(506368K)] 1473231K->1252895K(1904640K), 0.1579682 secs] [Times: user=0.93 sys=0.00, real=0.16 secs] 
5877.112: [GC (Allocation Failure) [PSYoungGen: 416640K->141760K(504832K)] 1583138K->1407295K(1903104K), 0.2326251 secs] [Times: user=1.39 sys=0.00, real=0.23 secs] 
5877.345: [Full GC (Ergonomics) [PSYoungGen: 141760K->0K(504832K)] [ParOldGen: 1265535K->205134K(1398272K)] 1407295K->205134K(1903104K), [Metaspace: 59727K->59727K(1105920K)], 0.4074936 secs] [Times: user=1.78 sys=0.00, real=0.41 secs] 
5879.959: [GC (Allocation Failure) [PSYoungGen: 315904K->96608K(505856K)] 521038K->301742K(1904128K), 0.1917569 secs] [Times: user=1.14 sys=0.00, real=0.19 secs] 
5880.891: [GC (Allocation Failure) [PSYoungGen: 412512K->152224K(501760K)] 617646K->450043K(1900032K), 0.0549122 secs] [Times: user=0.32 sys=0.00, real=0.05 secs] 
5883.677: [GC (Allocation Failure) [PSYoungGen: 465056K->96992K(505856K)] 762875K->546631K(1904128K), 0.1515255 secs] [Times: user=0.90 sys=0.00, real=0.15 secs] 
5884.478: [GC (Allocation Failure) [PSYoungGen: 409824K->167040K(488960K)] 859463K->703880K(1887232K), 0.0543092 secs] [Times: user=0.32 sys=0.00, real=0.06 secs] 
5886.930: [GC (Allocation Failure) [PSYoungGen: 464512K->86560K(498176K)] 1001352K->773576K(1896448K), 0.1658975 secs] [Times: user=0.99 sys=0.00, real=0.17 secs] 
5887.977: [GC (Allocation Failure) [PSYoungGen: 384032K->150656K(494080K)] 1071048K->920553K(1892352K), 0.0492320 secs] [Times: user=0.30 sys=0.00, real=0.05 secs] 
5889.130: [GC (GCLocker Initiated GC) [PSYoungGen: 444032K->96352K(390144K)] 1213929K->1000145K(1788416K), 0.0630821 secs] [Times: user=0.37 sys=0.00, real=0.07 secs] 
5890.840: [GC (Allocation Failure) [PSYoungGen: 389728K->137440K(498176K)] 1293524K->1133965K(1896448K), 0.0490859 secs] [Times: user=0.29 sys=0.00, real=0.05 secs] 
5892.065: [GC (Allocation Failure) [PSYoungGen: 435424K->100800K(495616K)] 1431949K->1225237K(1893888K), 0.0630659 secs] [Times: user=0.38 sys=0.00, real=0.06 secs] 
5894.341: [GC (Allocation Failure) [PSYoungGen: 398784K->139648K(496128K)] 1523221K->1362338K(1894400K), 0.0512904 secs] [Times: user=0.31 sys=0.00, real=0.05 secs] 
5894.393: [Full GC (Ergonomics) [PSYoungGen: 139648K->0K(496128K)] [ParOldGen: 1222690K->167757K(1398272K)] 1362338K->167757K(1894400K), [Metaspace: 59727K->59727K(1105920K)], 0.4030595 secs] [Times: user=1.86 sys=0.00, real=0.40 secs] 
5895.897: [GC (Allocation Failure) [PSYoungGen: 301568K->102016K(495616K)] 469325K->269773K(1893888K), 0.0363406 secs] [Times: user=0.21 sys=0.00, real=0.04 secs] 
5898.136: [GC (Allocation Failure) [PSYoungGen: 403584K->137600K(501760K)] 571341K->405394K(1900032K), 0.0521113 secs] [Times: user=0.31 sys=0.00, real=0.05 secs] 
5899.346: [GC (Allocation Failure) [PSYoungGen: 448896K->108416K(500736K)] 716690K->504586K(1899008K), 0.0642145 secs] [Times: user=0.38 sys=0.01, real=0.06 secs] 
5901.993: [GC (Allocation Failure) [PSYoungGen: 419712K->138336K(504320K)] 815882K->641007K(1902592K), 0.0525085 secs] [Times: user=0.32 sys=0.00, real=0.05 secs] 
5903.259: [GC (Allocation Failure) [PSYoungGen: 457312K->112224K(504320K)] 959983K->743883K(1902592K), 0.0651756 secs] [Times: user=0.38 sys=0.00, real=0.07 secs] 
5904.922: [GC (GCLocker Initiated GC) [PSYoungGen: 431200K->145632K(506880K)] 1062859K->888451K(1905152K), 0.0622202 secs] [Times: user=0.37 sys=0.00, real=0.06 secs] 
5907.127: [GC (Allocation Failure) [PSYoungGen: 471264K->111392K(509440K)] 1215108K->992236K(1907712K), 0.0743682 secs] [Times: user=0.45 sys=0.00, real=0.07 secs] 
5910.502: [GC (Allocation Failure) [PSYoungGen: 437024K->149472K(509952K)] 1317868K->1139705K(1908224K), 0.0548453 secs] [Times: user=0.32 sys=0.00, real=0.05 secs] 
5911.732: [GC (Allocation Failure) [PSYoungGen: 479200K->110720K(514048K)] 1469433K->1241169K(1912320K), 0.0664169 secs] [Times: user=0.39 sys=0.00, real=0.06 secs] 
5913.890: [GC (Allocation Failure) [PSYoungGen: 440448K->153728K(507392K)] 1570897K->1391894K(1905664K), 0.0553543 secs] [Times: user=0.33 sys=0.00, real=0.06 secs] 
5913.946: [Full GC (Ergonomics) [PSYoungGen: 153728K->0K(507392K)] [ParOldGen: 1238166K->188820K(1398272K)] 1391894K->188820K(1905664K), [Metaspace: 59727K->59727K(1105920K)], 0.4496522 secs] [Times: user=2.03 sys=0.00, real=0.45 secs] 
5916.278: [GC (Allocation Failure) [PSYoungGen: 326144K->108224K(512512K)] 514964K->297044K(1910784K), 0.0904769 secs] [Times: user=0.54 sys=0.00, real=0.09 secs] 
5917.373: [GC (Allocation Failure) [PSYoungGen: 421830K->151136K(507904K)] 610651K->444141K(1906176K), 0.0522612 secs] [Times: user=0.31 sys=0.00, real=0.05 secs] 
5919.633: [GC (Allocation Failure) [PSYoungGen: 475232K->107488K(511488K)] 768237K->543161K(1909760K), 0.1570112 secs] [Times: user=0.93 sys=0.00, real=0.15 secs] 
5920.476: [GC (Allocation Failure) [PSYoungGen: 431584K->157472K(502784K)] 867257K->696282K(1901056K), 0.0523552 secs] [Times: user=0.31 sys=0.00, real=0.05 secs] 
5922.720: [GC (Allocation Failure) [PSYoungGen: 475424K->93056K(508416K)] 1014234K->789282K(1906688K), 0.1656372 secs] [Times: user=0.99 sys=0.00, real=0.17 secs] 
5923.788: [GC (Allocation Failure) [PSYoungGen: 411008K->155200K(499200K)] 1107234K->938639K(1897472K), 0.0535252 secs] [Times: user=0.32 sys=0.00, real=0.06 secs] 
5926.373: [GC (Allocation Failure) [PSYoungGen: 463936K->89568K(503808K)] 1247375K->1027999K(1902080K), 0.1660443 secs] [Times: user=0.99 sys=0.00, real=0.16 secs] 
5927.041: [GC (Allocation Failure) [PSYoungGen: 398304K->152928K(496640K)] 1336735K->1174628K(1894912K), 0.0538582 secs] [Times: user=0.32 sys=0.00, real=0.06 secs] 
5929.879: [GC (Allocation Failure) [PSYoungGen: 454496K->86368K(500224K)] 1476196K->1260872K(1898496K), 0.1617370 secs] [Times: user=0.97 sys=0.00, real=0.16 secs] 
5930.915: [GC (Allocation Failure) [PSYoungGen: 379141K->141408K(498176K)] 1553645K->1398121K(1896448K), 0.0493798 secs] [Times: user=0.29 sys=0.00, real=0.05 secs] 
5930.964: [Full GC (Ergonomics) [PSYoungGen: 141408K->0K(498176K)] [ParOldGen: 1256713K->195755K(1398272K)] 1398121K->195755K(1896448K), [Metaspace: 59727K->59727K(1105920K)], 0.4731535 secs] [Times: user=2.20 sys=0.00, real=0.47 secs] 
5932.504: [GC (Allocation Failure) [PSYoungGen: 301568K->96800K(499200K)] 497323K->292555K(1897472K), 0.0302952 secs] [Times: user=0.17 sys=0.00, real=0.03 secs] 
5934.735: [GC (Allocation Failure) [PSYoungGen: 398368K->143872K(498688K)] 594123K->432705K(1896960K), 0.0473486 secs] [Times: user=0.28 sys=0.00, real=0.05 secs] 
5936.573: [GC (Allocation Failure) [PSYoungGen: 447488K->97344K(499712K)] 736321K->521569K(1897984K), 0.0629180 secs] [Times: user=0.37 sys=0.01, real=0.06 secs] 
5937.925: [GC (Allocation Failure) [PSYoungGen: 400960K->144544K(500224K)] 825185K->663868K(1898496K), 0.0497963 secs] [Times: user=0.30 sys=0.00, real=0.05 secs] 
5939.376: [GC (Allocation Failure) [PSYoungGen: 451232K->102912K(501248K)] 970556K->758284K(1899520K), 0.0654386 secs] [Times: user=0.39 sys=0.00, real=0.06 secs] 
5942.564: [GC (Allocation Failure) [PSYoungGen: 409600K->139200K(502784K)] 1064972K->894881K(1901056K), 0.0511053 secs] [Times: user=0.30 sys=0.00, real=0.05 secs] 
5943.749: [GC (Allocation Failure) [PSYoungGen: 450496K->105664K(502272K)] 1206177K->991437K(1900544K), 0.0653472 secs] [Times: user=0.39 sys=0.00, real=0.07 secs] 
5946.263: [GC (Allocation Failure) [PSYoungGen: 416960K->145504K(501760K)] 1302733K->1134517K(1900032K), 0.0537939 secs] [Times: user=0.32 sys=0.00, real=0.05 secs] 
5947.736: [GC (GCLocker Initiated GC) [PSYoungGen: 459872K->106496K(503808K)] 1448885K->1232281K(1902080K), 0.0666341 secs] [Times: user=0.40 sys=0.00, real=0.07 secs] 
5950.234: [GC (Allocation Failure) [PSYoungGen: 420864K->145056K(505856K)] 1546652K->1374753K(1904128K), 0.0536279 secs] [Times: user=0.31 sys=0.00, real=0.05 secs] 
5950.288: [Full GC (Ergonomics) [PSYoungGen: 145056K->0K(505856K)] [ParOldGen: 1229697K->173351K(1398272K)] 1374753K->173351K(1904128K), [Metaspace: 59727K->59727K(1105920K)], 0.4099131 secs] [Times: user=1.89 sys=0.00, real=0.41 secs] 
5951.988: [GC (Allocation Failure) [PSYoungGen: 320000K->112064K(507904K)] 493351K->285415K(1906176K), 0.0390001 secs] [Times: user=0.23 sys=0.00, real=0.04 secs] 
5955.228: [GC (Allocation Failure) [PSYoungGen: 432064K->147264K(506368K)] 605415K->430288K(1904640K), 0.0540558 secs] [Times: user=0.32 sys=0.00, real=0.06 secs] 
5956.426: [GC (Allocation Failure) [PSYoungGen: 469824K->111680K(508928K)] 752848K->532472K(1907200K), 0.0649875 secs] [Times: user=0.39 sys=0.00, real=0.06 secs] 
5957.911: [GC (Allocation Failure) [PSYoungGen: 434240K->151904K(506880K)] 855032K->680757K(1905152K), 0.0542244 secs] [Times: user=0.32 sys=0.00, real=0.06 secs] 
5959.952: [GC (Allocation Failure) [PSYoungGen: 476000K->111040K(511488K)] 1004853K->782377K(1909760K), 0.0714030 secs] [Times: user=0.42 sys=0.00, real=0.07 secs] 
5960.649: [GC (Allocation Failure) [PSYoungGen: 435136K->155648K(503808K)] 1106473K->934437K(1902080K), 0.0542567 secs] [Times: user=0.32 sys=0.00, real=0.06 secs] 
5963.703: [GC (Allocation Failure) [PSYoungGen: 475648K->94144K(509440K)] 1254437K->1028013K(1907712K), 0.1634860 secs] [Times: user=0.97 sys=0.00, real=0.16 secs] 
5964.912: [GC (Allocation Failure) [PSYoungGen: 414144K->156832K(498688K)] 1348013K->1178810K(1896960K), 0.0549767 secs] [Times: user=0.32 sys=0.00, real=0.05 secs] 
5967.750: [GC (Allocation Failure) [PSYoungGen: 466592K->88736K(504320K)] 1488570K->1267610K(1902592K), 0.1596743 secs] [Times: user=0.95 sys=0.01, real=0.16 secs] 
5968.311: [GC (Allocation Failure) [PSYoungGen: 398496K->154368K(496128K)] 1577370K->1416023K(1894400K), 0.0532179 secs] [Times: user=0.32 sys=0.00, real=0.06 secs] 
5968.364: [Full GC (Ergonomics) [PSYoungGen: 154368K->0K(496128K)] [ParOldGen: 1261655K->213961K(1398272K)] 1416023K->213961K(1894400K), [Metaspace: 59727K->59727K(1105920K)], 0.4964227 secs] [Times: user=2.30 sys=0.00, real=0.49 secs] 
5971.490: [GC (Allocation Failure) [PSYoungGen: 301568K->85920K(500224K)] 515529K->299881K(1898496K), 0.1273964 secs] [Times: user=0.75 sys=0.01, real=0.13 secs] 
5972.061: [GC (Allocation Failure) [PSYoungGen: 380213K->138976K(497152K)] 594175K->435006K(1895424K), 0.0464970 secs] [Times: user=0.28 sys=0.00, real=0.05 secs] 
5974.071: [GC (Allocation Failure) [PSYoungGen: 440544K->96672K(498688K)] 736574K->522990K(1896960K), 0.1616293 secs] [Times: user=0.96 sys=0.00, real=0.16 secs] 
5976.166: [GC (Allocation Failure) [PSYoungGen: 398240K->144224K(499712K)] 824558K->662835K(1897984K), 0.0476645 secs] [Times: user=0.28 sys=0.00, real=0.05 secs] 
5977.760: [GC (Allocation Failure) [PSYoungGen: 449376K->100000K(500736K)] 967987K->753991K(1899008K), 0.0938378 secs] [Times: user=0.56 sys=0.00, real=0.10 secs] 
5979.289: [GC (Allocation Failure) [PSYoungGen: 405152K->144608K(499712K)] 1059143K->894912K(1897984K), 0.0491540 secs] [Times: user=0.30 sys=0.00, real=0.05 secs] 
5980.470: [GC (Allocation Failure) [PSYoungGen: 451808K->103296K(501248K)] 1202112K->989172K(1899520K), 0.0662824 secs] [Times: user=0.39 sys=0.00, real=0.07 secs] 
5981.573: [GC (Allocation Failure) [PSYoungGen: 410496K->145088K(501248K)] 1296372K->1131729K(1899520K), 0.0534100 secs] [Times: user=0.32 sys=0.00, real=0.05 secs] 
5983.930: [GC (GCLocker Initiated GC) [PSYoungGen: 455872K->101472K(502784K)] 1442513K->1224309K(1901056K), 0.0669487 secs] [Times: user=0.40 sys=0.00, real=0.07 secs] 
5985.766: [GC (Allocation Failure) [PSYoungGen: 412256K->144288K(504320K)] 1535096K->1365925K(1902592K), 0.0536899 secs] [Times: user=0.27 sys=0.00, real=0.05 secs] 
5985.820: [Full GC (Ergonomics) [PSYoungGen: 144288K->0K(504320K)] [ParOldGen: 1221637K->174244K(1398272K)] 1365925K->174244K(1902592K), [Metaspace: 59727K->59727K(1105920K)], 0.4214068 secs] [Times: user=1.97 sys=0.00, real=0.43 secs] 
5987.348: [GC (Allocation Failure) [PSYoungGen: 314880K->108224K(423424K)] 489124K->282469K(1821696K), 0.0354182 secs] [Times: user=0.21 sys=0.00, real=0.04 secs] 
5989.576: [GC (Allocation Failure) [PSYoungGen: 423104K->154368K(499712K)] 597349K->434009K(1897984K), 0.0538425 secs] [Times: user=0.32 sys=0.01, real=0.05 secs] 
5990.818: [GC (Allocation Failure) [PSYoungGen: 467200K->105216K(505344K)] 746841K->521853K(1903616K), 0.0656157 secs] [Times: user=0.39 sys=0.01, real=0.07 secs] 
5993.031: [GC (Allocation Failure) [PSYoungGen: 418048K->146848K(506368K)] 834685K->666406K(1904640K), 0.0527853 secs] [Times: user=0.32 sys=0.00, real=0.05 secs] 
5994.901: [GC (Allocation Failure) [PSYoungGen: 463776K->108448K(425472K)] 983334K->766119K(1823744K), 0.0793075 secs] [Times: user=0.47 sys=0.00, real=0.08 secs] 
5997.288: [GC (Allocation Failure) [PSYoungGen: 425376K->147840K(504320K)] 1083047K->910811K(1902592K), 0.0538190 secs] [Times: user=0.32 sys=0.00, real=0.06 secs] 
5999.128: [GC (Allocation Failure) [PSYoungGen: 464256K->108320K(506368K)] 1227227K->1010203K(1904640K), 0.0776815 secs] [Times: user=0.45 sys=0.00, real=0.08 secs] 
6001.475: [GC (Allocation Failure) [PSYoungGen: 424736K->148128K(505344K)] 1326619K->1154961K(1903616K), 0.0534305 secs] [Times: user=0.32 sys=0.00, real=0.05 secs] 
6003.035: [GC (Allocation Failure) [PSYoungGen: 466592K->109280K(507904K)] 1473425K->1254949K(1906176K), 0.0971696 secs] [Times: user=0.58 sys=0.00, real=0.10 secs] 
6004.465: [GC (Allocation Failure) [PSYoungGen: 427744K->149056K(506368K)] 1573413K->1399826K(1904640K), 0.0532336 secs] [Times: user=0.32 sys=0.00, real=0.05 secs] 
6004.518: [Full GC (Ergonomics) [PSYoungGen: 149056K->0K(506368K)] [ParOldGen: 1250770K->197105K(1398272K)] 1399826K->197105K(1904640K), [Metaspace: 59727K->59727K(1105920K)], 0.4801869 secs] [Times: user=2.25 sys=0.00, real=0.48 secs] 
6007.308: [GC (Allocation Failure) [PSYoungGen: 320000K->108096K(508928K)] 517105K->305202K(1907200K), 0.0905695 secs] [Times: user=0.54 sys=0.00, real=0.09 secs] 
6008.604: [GC (Allocation Failure) [PSYoungGen: 412615K->143168K(509952K)] 609721K->444975K(1908224K), 0.0499900 secs] [Times: user=0.29 sys=0.00, real=0.05 secs] 
6010.839: [GC (Allocation Failure) [PSYoungGen: 466752K->108448K(509952K)] 768559K->544479K(1908224K), 0.1599355 secs] [Times: user=0.95 sys=0.00, real=0.16 secs] 
6011.714: [GC (Allocation Failure) [PSYoungGen: 432032K->155616K(503808K)] 868063K->696211K(1902080K), 0.0528701 secs] [Times: user=0.31 sys=0.01, real=0.05 secs] 
6014.416: [GC (Allocation Failure) [PSYoungGen: 471585K->92160K(509440K)] 1012181K->787979K(1907712K), 0.1463660 secs] [Times: user=0.87 sys=0.00, real=0.15 secs] 
6015.661: [GC (Allocation Failure) [PSYoungGen: 412160K->155424K(500224K)] 1107979K->939096K(1898496K), 0.0542305 secs] [Times: user=0.32 sys=0.01, real=0.06 secs] 
6018.166: [GC (Allocation Failure) [PSYoungGen: 466208K->90336K(504832K)] 1249880K->1029276K(1903104K), 0.1734044 secs] [Times: user=1.03 sys=0.00, real=0.17 secs] 
6018.703: [GC (Allocation Failure) [PSYoungGen: 401120K->153184K(497664K)] 1340060K->1176421K(1895936K), 0.0541534 secs] [Times: user=0.33 sys=0.00, real=0.05 secs] 
6021.089: [GC (Allocation Failure) [PSYoungGen: 453190K->88480K(501248K)] 1476428K->1264405K(1899520K), 0.1700337 secs] [Times: user=1.02 sys=0.00, real=0.17 secs] 
6021.789: [GC (Allocation Failure) [PSYoungGen: 392096K->147872K(497664K)] 1568021K->1408774K(1895936K), 0.0529109 secs] [Times: user=0.31 sys=0.00, real=0.06 secs] 
6021.842: [Full GC (Ergonomics) [PSYoungGen: 147872K->0K(497664K)] [ParOldGen: 1260902K->205587K(1398272K)] 1408774K->205587K(1895936K), [Metaspace: 59727K->59727K(1105920K)], 0.4709923 secs] [Times: user=2.18 sys=0.00, real=0.47 secs] 
6024.365: [GC (Allocation Failure) [PSYoungGen: 300544K->87008K(499712K)] 506131K->292596K(1897984K), 0.1787199 secs] [Times: user=1.06 sys=0.00, real=0.18 secs] 
6026.001: [GC (Allocation Failure) [PSYoungGen: 387552K->144448K(498688K)] 593140K->432432K(1896960K), 0.0472433 secs] [Times: user=0.27 sys=0.01, real=0.05 secs] 
6027.195: [GC (Allocation Failure) [PSYoungGen: 444992K->97664K(398336K)] 732976K->521160K(1796608K), 0.0644617 secs] [Times: user=0.38 sys=0.00, real=0.06 secs] 
6030.023: [GC (Allocation Failure) [PSYoungGen: 398208K->140768K(498176K)] 821704K->657785K(1896448K), 0.0482771 secs] [Times: user=0.29 sys=0.00, real=0.04 secs] 
6031.223: [GC (Allocation Failure) [PSYoungGen: 442848K->100896K(497664K)] 959865K->749657K(1895936K), 0.0645821 secs] [Times: user=0.38 sys=0.00, real=0.06 secs] 
6032.524: [GC (Allocation Failure) [PSYoungGen: 402976K->141888K(499200K)] 1051737K->889030K(1897472K), 0.0516641 secs] [Times: user=0.30 sys=0.00, real=0.05 secs] 
6033.715: [GC (Allocation Failure) [PSYoungGen: 448576K->102496K(499712K)] 1195718K->982566K(1897984K), 0.0647896 secs] [Times: user=0.38 sys=0.01, real=0.06 secs] 
6035.675: [GC (Allocation Failure) [PSYoungGen: 409184K->145568K(500224K)] 1289254K->1125543K(1898496K), 0.0521560 secs] [Times: user=0.31 sys=0.00, real=0.05 secs] 
6036.903: [GC (Allocation Failure) [PSYoungGen: 456352K->104032K(502784K)] 1436327K->1220759K(1901056K), 0.0666739 secs] [Times: user=0.39 sys=0.00, real=0.06 secs] 
6039.970: [GC (Allocation Failure) [PSYoungGen: 414816K->141120K(505344K)] 1531543K->1359260K(1903616K), 0.0537332 secs] [Times: user=0.31 sys=0.00, real=0.06 secs] 
6041.180: [GC (Allocation Failure) [PSYoungGen: 458048K->109792K(505856K)] 1676188K->1459556K(1904128K), 0.0671498 secs] [Times: user=0.40 sys=0.00, real=0.07 secs] 
6041.247: [Full GC (Ergonomics) [PSYoungGen: 109792K->0K(505856K)] [ParOldGen: 1349764K->29982K(1398272K)] 1459556K->29982K(1904128K), [Metaspace: 59727K->59727K(1105920K)], 0.0542113 secs] [Times: user=0.18 sys=0.00, real=0.06 secs] 
6043.289: [GC (Allocation Failure) [PSYoungGen: 316928K->145952K(503808K)] 346910K->175934K(1902080K), 0.0290326 secs] [Times: user=0.17 sys=0.00, real=0.03 secs] 
6044.974: [GC (Allocation Failure) [PSYoungGen: 464928K->109696K(506368K)] 494910K->276606K(1904640K), 0.0646692 secs] [Times: user=0.39 sys=0.00, real=0.06 secs] 
6047.250: [GC (Allocation Failure) [PSYoungGen: 428672K->147744K(507392K)] 595582K->421795K(1905664K), 0.0554990 secs] [Times: user=0.27 sys=0.00, real=0.06 secs] 
6048.511: [GC (Allocation Failure) [PSYoungGen: 471328K->110336K(510464K)] 745379K->522983K(1908736K), 0.0655750 secs] [Times: user=0.39 sys=0.00, real=0.07 secs] 
6050.267: [GC (Allocation Failure) [PSYoungGen: 433920K->151392K(507392K)] 846567K->671007K(1905664K), 0.0534373 secs] [Times: user=0.32 sys=0.00, real=0.05 secs] 
6052.494: [GC (Allocation Failure) [PSYoungGen: 475488K->110880K(511488K)] 995103K->772563K(1909760K), 0.1014225 secs] [Times: user=0.61 sys=0.00, real=0.10 secs] 
6053.201: [GC (Allocation Failure) [PSYoungGen: 419188K->145536K(510976K)] 1080872K->914600K(1909248K), 0.0524228 secs] [Times: user=0.31 sys=0.00, real=0.06 secs] 
6055.481: [GC (Allocation Failure) [PSYoungGen: 472192K->107904K(434688K)] 1241256K->1014076K(1832960K), 0.1541351 secs] [Times: user=0.92 sys=0.00, real=0.16 secs] 
6056.841: [GC (Allocation Failure) [PSYoungGen: 434560K->154912K(505344K)] 1340732K->1164773K(1903616K), 0.0531118 secs] [Times: user=0.31 sys=0.00, real=0.05 secs] 
6059.442: [GC (Allocation Failure) [PSYoungGen: 476960K->96832K(510464K)] 1486821K->1261069K(1908736K), 0.1759057 secs] [Times: user=1.05 sys=0.00, real=0.17 secs] 
6060.990: [GC (Allocation Failure) [PSYoungGen: 418880K->157664K(499712K)] 1583117K->1412922K(1897984K), 0.0569567 secs] [Times: user=0.34 sys=0.01, real=0.06 secs] 
6061.047: [Full GC (Ergonomics) [PSYoungGen: 157664K->0K(499712K)] [ParOldGen: 1255258K->216854K(1398272K)] 1412922K->216854K(1897984K), [Metaspace: 59727K->59727K(1105920K)], 0.5004061 secs] [Times: user=2.33 sys=0.00, real=0.50 secs] 
6064.655: [GC (Allocation Failure) [PSYoungGen: 311808K->88032K(399872K)] 528662K->304886K(1798144K), 0.1266429 secs] [Times: user=0.75 sys=0.00, real=0.13 secs] 
6065.777: [GC (Allocation Failure) [PSYoungGen: 399840K->154688K(496640K)] 616694K->453378K(1894912K), 0.0526331 secs] [Times: user=0.31 sys=0.00, real=0.05 secs] 
6067.964: [GC (Allocation Failure) [PSYoungGen: 457280K->90304K(500736K)] 755970K->543774K(1899008K), 0.1628544 secs] [Times: user=0.95 sys=0.00, real=0.16 secs] 
6068.838: [GC (Allocation Failure) [PSYoungGen: 392896K->147136K(499200K)] 846366K->685103K(1897472K), 0.0523553 secs] [Times: user=0.31 sys=0.00, real=0.05 secs] 
6071.642: [GC (Allocation Failure) [PSYoungGen: 448704K->89760K(500224K)] 986671K->773876K(1898496K), 0.1602405 secs] [Times: user=0.96 sys=0.00, real=0.16 secs] 
6072.884: [GC (Allocation Failure) [PSYoungGen: 387708K->143232K(499712K)] 1071824K->912136K(1897984K), 0.0486819 secs] [Times: user=0.29 sys=0.00, real=0.05 secs] 
6074.187: [GC (Allocation Failure) [PSYoungGen: 445312K->101024K(403456K)] 1214216K->1004152K(1801728K), 0.0645336 secs] [Times: user=0.38 sys=0.00, real=0.07 secs] 
6075.111: [GC (Allocation Failure) [PSYoungGen: 403104K->147232K(495616K)] 1306232K->1147997K(1893888K), 0.0497846 secs] [Times: user=0.30 sys=0.00, real=0.05 secs] 
6076.313: [GC (Allocation Failure) [PSYoungGen: 448288K->95456K(497664K)] 1449053K->1234929K(1895936K), 0.0635798 secs] [Times: user=0.38 sys=0.00, real=0.06 secs] 
6078.806: [GC (Allocation Failure) [PSYoungGen: 396512K->153664K(495104K)] 1535985K->1384478K(1893376K), 0.0489117 secs] [Times: user=0.29 sys=0.00, real=0.05 secs] 
6078.855: [Full GC (Ergonomics) [PSYoungGen: 153664K->0K(495104K)] [ParOldGen: 1230814K->184144K(1398272K)] 1384478K->184144K(1893376K), [Metaspace: 59727K->59727K(1105920K)], 0.4446070 secs] [Times: user=2.07 sys=0.00, real=0.44 secs] 
6080.361: [GC (Allocation Failure) [PSYoungGen: 300544K->98528K(499712K)] 484688K->282672K(1897984K), 0.0318637 secs] [Times: user=0.19 sys=0.00, real=0.04 secs] 
6082.879: [GC (Allocation Failure) [PSYoungGen: 399072K->138368K(495104K)] 583216K->418444K(1893376K), 0.0495188 secs] [Times: user=0.29 sys=0.00, real=0.05 secs] 
6084.072: [GC (Allocation Failure) [PSYoungGen: 441984K->101568K(498176K)] 722060K->510724K(1896448K), 0.0636041 secs] [Times: user=0.38 sys=0.00, real=0.06 secs] 
6086.947: [GC (Allocation Failure) [PSYoungGen: 405184K->137888K(502272K)] 814340K->646481K(1900544K), 0.0507514 secs] [Times: user=0.30 sys=0.00, real=0.05 secs] 
6088.194: [GC (Allocation Failure) [PSYoungGen: 450720K->108640K(503296K)] 959313K->745833K(1901568K), 0.0640044 secs] [Times: user=0.38 sys=0.00, real=0.06 secs] 
6091.648: [GC (Allocation Failure) [PSYoungGen: 421472K->150816K(501248K)] 1058665K->893998K(1899520K), 0.0533356 secs] [Times: user=0.32 sys=0.00, real=0.06 secs] 
6092.853: [GC (Allocation Failure) [PSYoungGen: 465696K->108000K(505344K)] 1208878K->984742K(1903616K), 0.0654055 secs] [Times: user=0.39 sys=0.00, real=0.06 secs] 
6094.590: [GC (Allocation Failure) [PSYoungGen: 422880K->145632K(506880K)] 1299622K->1128887K(1905152K), 0.0533204 secs] [Times: user=0.31 sys=0.01, real=0.06 secs] 
6096.282: [GC (Allocation Failure) [PSYoungGen: 465632K->108256K(428544K)] 1448887K->1228823K(1826816K), 0.0656504 secs] [Times: user=0.39 sys=0.01, real=0.06 secs] 
6098.467: [GC (Allocation Failure) [PSYoungGen: 428256K->147264K(505856K)] 1548823K->1373652K(1904128K), 0.0538315 secs] [Times: user=0.32 sys=0.00, real=0.05 secs] 
6098.521: [Full GC (Ergonomics) [PSYoungGen: 147264K->0K(505856K)] [ParOldGen: 1226388K->172841K(1398272K)] 1373652K->172841K(1904128K), [Metaspace: 59727K->59727K(1105920K)], 0.4118313 secs] [Times: user=1.82 sys=0.01, real=0.41 secs] 
6100.086: [GC (Allocation Failure) [PSYoungGen: 320512K->109568K(508416K)] 493353K->282409K(1906688K), 0.0351629 secs] [Times: user=0.21 sys=0.00, real=0.03 secs] 
6101.244: [GC (Allocation Failure) [PSYoungGen: 430080K->150240K(506880K)] 602921K->430474K(1905152K), 0.0548080 secs] [Times: user=0.33 sys=0.00, real=0.05 secs] 
6103.267: [GC (Allocation Failure) [PSYoungGen: 472288K->107200K(510464K)] 752522K->528518K(1908736K), 0.0658006 secs] [Times: user=0.39 sys=0.01, real=0.07 secs] 
6104.589: [GC (Allocation Failure) [PSYoungGen: 429248K->153376K(504320K)] 850566K->678243K(1902592K), 0.0528652 secs] [Times: user=0.32 sys=0.00, real=0.06 secs] 
6106.752: [GC (Allocation Failure) [PSYoungGen: 472352K->106080K(508928K)] 997219K->774983K(1907200K), 0.1807019 secs] [Times: user=1.07 sys=0.01, real=0.18 secs] 
6107.843: [GC (Allocation Failure) [PSYoungGen: 420804K->150336K(505344K)] 1089707K->920852K(1903616K), 0.0520657 secs] [Times: user=0.31 sys=0.00, real=0.05 secs] 
6109.947: [GC (Allocation Failure) [PSYoungGen: 468288K->101504K(508416K)] 1238804K->1013612K(1906688K), 0.1750826 secs] [Times: user=1.03 sys=0.02, real=0.18 secs] 
6111.596: [GC (Allocation Failure) [PSYoungGen: 415539K->150976K(503808K)] 1327647K->1159813K(1902080K), 0.0505355 secs] [Times: user=0.29 sys=0.01, real=0.05 secs] 
6113.550: [GC (Allocation Failure) [PSYoungGen: 465856K->103008K(506880K)] 1474693K->1253721K(1905152K), 0.0949657 secs] [Times: user=0.56 sys=0.00, real=0.10 secs] 
6115.094: [GC (Allocation Failure) [PSYoungGen: 417460K->148832K(504832K)] 1568173K->1398379K(1903104K), 0.0504271 secs] [Times: user=0.30 sys=0.01, real=0.05 secs] 
6115.145: [Full GC (Ergonomics) [PSYoungGen: 148832K->0K(504832K)] [ParOldGen: 1249547K->196730K(1398272K)] 1398379K->196730K(1903104K), [Metaspace: 59727K->59727K(1105920K)], 0.4728830 secs] [Times: user=2.21 sys=0.00, real=0.47 secs] 
6117.645: [GC (Allocation Failure) [PSYoungGen: 314880K->103872K(418816K)] 511610K->300602K(1817088K), 0.0906223 secs] [Times: user=0.53 sys=0.00, real=0.09 secs] 
6118.395: [GC (Allocation Failure) [PSYoungGen: 412510K->147264K(504320K)] 609240K->444427K(1902592K), 0.0493674 secs] [Times: user=0.30 sys=0.00, real=0.05 secs] 
6120.775: [GC (Allocation Failure) [PSYoungGen: 462144K->103232K(506368K)] 759307K->538939K(1904640K), 0.1647041 secs] [Times: user=0.98 sys=0.00, real=0.16 secs] 
6121.362: [GC (Allocation Failure) [PSYoungGen: 413095K->147296K(504832K)] 848802K->682676K(1903104K), 0.0499870 secs] [Times: user=0.28 sys=0.01, real=0.05 secs] 
6123.566: [GC (Allocation Failure) [PSYoungGen: 463200K->102144K(506880K)] 998580K->776400K(1905152K), 0.1594320 secs] [Times: user=0.95 sys=0.01, real=0.16 secs] 
6125.159: [GC (Allocation Failure) [PSYoungGen: 416914K->149504K(504832K)] 1091170K->921560K(1903104K), 0.0497913 secs] [Times: user=0.30 sys=0.00, real=0.05 secs] 
6127.248: [GC (Allocation Failure) [PSYoungGen: 465408K->104800K(507392K)] 1237464K->1017517K(1905664K), 0.1604692 secs] [Times: user=0.96 sys=0.00, real=0.16 secs] 
6128.538: [GC (Allocation Failure) [PSYoungGen: 410344K->145440K(505856K)] 1323061K->1159269K(1904128K), 0.0515064 secs] [Times: user=0.30 sys=0.01, real=0.05 secs] 
6130.679: [GC (Allocation Failure) [PSYoungGen: 462368K->103584K(507392K)] 1476197K->1254549K(1905664K), 0.1531997 secs] [Times: user=0.92 sys=0.00, real=0.16 secs] 
6132.383: [GC (Allocation Failure) [PSYoungGen: 411279K->147232K(505344K)] 1562245K->1397594K(1903616K), 0.0517859 secs] [Times: user=0.31 sys=0.00, real=0.05 secs] 
6132.435: [Full GC (Ergonomics) [PSYoungGen: 147232K->0K(505344K)] [ParOldGen: 1250362K->195382K(1398272K)] 1397594K->195382K(1903616K), [Metaspace: 59727K->59727K(1105920K)], 0.4711988 secs] [Times: user=2.18 sys=0.00, real=0.47 secs] 
6134.915: [GC (Allocation Failure) [PSYoungGen: 317440K->101408K(507392K)] 512822K->296791K(1905664K), 0.1015245 secs] [Times: user=0.60 sys=0.00, real=0.10 secs] 
6136.457: [GC (Allocation Failure) [PSYoungGen: 417884K->150400K(503808K)] 613267K->442643K(1902080K), 0.0491626 secs] [Times: user=0.29 sys=0.00, real=0.05 secs] 
6138.454: [GC (Allocation Failure) [PSYoungGen: 466304K->107264K(507392K)] 758547K->540907K(1905664K), 0.1472468 secs] [Times: user=0.88 sys=0.01, real=0.15 secs] 
6140.532: [GC (Allocation Failure) [PSYoungGen: 423147K->146304K(506368K)] 856791K->681112K(1904640K), 0.0501330 secs] [Times: user=0.30 sys=0.00, real=0.05 secs] 
6142.295: [GC (Allocation Failure) [PSYoungGen: 464256K->106880K(424960K)] 999064K->778924K(1823232K), 0.1657192 secs] [Times: user=0.97 sys=0.01, real=0.16 secs] 
6143.645: [GC (Allocation Failure) [PSYoungGen: 409662K->145184K(505856K)] 1081707K->919373K(1904128K), 0.0507579 secs] [Times: user=0.30 sys=0.01, real=0.05 secs] 
6145.236: [GC (Allocation Failure) [PSYoungGen: 464160K->106784K(507392K)] 1238349K->1017537K(1905664K), 0.1420261 secs] [Times: user=0.84 sys=0.01, real=0.14 secs] 
6147.221: [GC (Allocation Failure) [PSYoungGen: 419379K->144384K(508416K)] 1330132K->1158494K(1906688K), 0.0512380 secs] [Times: user=0.30 sys=0.01, real=0.06 secs] 
6149.280: [GC (Allocation Failure) [PSYoungGen: 466944K->107776K(509440K)] 1481054K->1257246K(1907712K), 0.0858524 secs] [Times: user=0.51 sys=0.01, real=0.09 secs] 
6149.893: [GC (Allocation Failure) [PSYoungGen: 430336K->152864K(506368K)] 1579806K->1406365K(1904640K), 0.0535508 secs] [Times: user=0.32 sys=0.01, real=0.05 secs] 
6149.946: [Full GC (Ergonomics) [PSYoungGen: 152864K->0K(506368K)] [ParOldGen: 1253501K->205579K(1398272K)] 1406365K->205579K(1904640K), [Metaspace: 59727K->59727K(1105920K)], 0.4722988 secs] [Times: user=2.10 sys=0.00, real=0.47 secs] 
6152.657: [GC (Allocation Failure) [PSYoungGen: 322048K->97760K(510464K)] 527627K->303339K(1908736K), 0.1428359 secs] [Times: user=0.85 sys=0.00, real=0.14 secs] 
6153.172: [GC (Allocation Failure) [PSYoungGen: 419808K->157856K(499200K)] 625387K->455039K(1897472K), 0.0547569 secs] [Times: user=0.32 sys=0.00, real=0.05 secs] 
6156.541: [GC (Allocation Failure) [PSYoungGen: 469664K->89120K(505344K)] 766847K->543976K(1903616K), 0.1617925 secs] [Times: user=0.96 sys=0.01, real=0.17 secs] 
6157.911: [GC (Allocation Failure) [PSYoungGen: 400928K->152736K(498176K)] 855784K->690304K(1896448K), 0.0527267 secs] [Times: user=0.31 sys=0.00, real=0.06 secs] 
6160.168: [GC (Allocation Failure) [PSYoungGen: 455092K->87552K(501760K)] 992661K->777604K(1900032K), 0.1072322 secs] [Times: user=0.64 sys=0.00, real=0.11 secs] 
6160.571: [GC (Allocation Failure) [PSYoungGen: 392192K->164992K(485376K)] 1082244K->938589K(1883648K), 0.0521867 secs] [Times: user=0.31 sys=0.00, real=0.06 secs] 
6162.091: [GC (Allocation Failure) [PSYoungGen: 453248K->82592K(493568K)] 1226845K->1004825K(1891840K), 0.0741564 secs] [Times: user=0.43 sys=0.01, real=0.07 secs] 
6164.073: [GC (Allocation Failure) [PSYoungGen: 370848K->134720K(485888K)] 1293081K->1135278K(1884160K), 0.0485145 secs] [Times: user=0.29 sys=0.00, real=0.05 secs] 
6165.268: [GC (Allocation Failure) [PSYoungGen: 423488K->98464K(489984K)] 1424046K->1224550K(1888256K), 0.0612161 secs] [Times: user=0.37 sys=0.00, real=0.06 secs] 
6167.875: [GC (Allocation Failure) [PSYoungGen: 387232K->130912K(488960K)] 1513318K->1352179K(1887232K), 0.0497872 secs] [Times: user=0.28 sys=0.01, real=0.05 secs] 
6167.925: [Full GC (Ergonomics) [PSYoungGen: 130912K->0K(488960K)] [ParOldGen: 1221267K->158167K(1398272K)] 1352179K->158167K(1887232K), [Metaspace: 59727K->59727K(1105920K)], 0.3714223 secs] [Times: user=1.72 sys=0.00, real=0.37 secs] 
6169.405: [GC (GCLocker Initiated GC) [PSYoungGen: 300032K->107072K(493568K)] 458199K->265239K(1891840K), 0.0387683 secs] [Times: user=0.23 sys=0.00, real=0.04 secs] 
6171.622: [GC (Allocation Failure) [PSYoungGen: 407104K->130752K(497664K)] 565320K->394364K(1895936K), 0.0616586 secs] [Times: user=0.36 sys=0.00, real=0.06 secs] 
6172.859: [GC (Allocation Failure) [PSYoungGen: 446656K->117888K(501760K)] 710268K->502716K(1900032K), 0.0638130 secs] [Times: user=0.38 sys=0.00, real=0.07 secs] 
6174.630: [GC (Allocation Failure) [PSYoungGen: 433792K->133792K(512000K)] 818620K->635169K(1910272K), 0.0540758 secs] [Times: user=0.32 sys=0.01, real=0.06 secs] 
6175.901: [GC (Allocation Failure) [PSYoungGen: 466080K->119488K(511488K)] 967457K->745237K(1909760K), 0.0649912 secs] [Times: user=0.39 sys=0.00, real=0.07 secs] 
6177.089: [GC (Allocation Failure) [PSYoungGen: 451776K->153312K(507904K)] 1077525K->897170K(1906176K), 0.0568899 secs] [Times: user=0.34 sys=0.00, real=0.06 secs] 
6178.899: [GC (Allocation Failure) [PSYoungGen: 487136K->114592K(514048K)] 1230994K->1002490K(1912320K), 0.0678800 secs] [Times: user=0.40 sys=0.00, real=0.07 secs] 
6180.530: [GC (Allocation Failure) [PSYoungGen: 448416K->167488K(500736K)] 1336314K->1167627K(1899008K), 0.0583230 secs] [Times: user=0.33 sys=0.01, real=0.06 secs] 
6183.321: [GC (Allocation Failure) [PSYoungGen: 491584K->103392K(511488K)] 1491723K->1254427K(1909760K), 0.1805822 secs] [Times: user=1.08 sys=0.00, real=0.18 secs] 
6185.018: [GC (Allocation Failure) [PSYoungGen: 412802K->148800K(507904K)] 1563837K->1398696K(1906176K), 0.0506162 secs] [Times: user=0.30 sys=0.01, real=0.05 secs] 
6185.069: [Full GC (Ergonomics) [PSYoungGen: 148800K->0K(507904K)] [ParOldGen: 1249896K->196096K(1398272K)] 1398696K->196096K(1906176K), [Metaspace: 59727K->59727K(1105920K)], 0.4730486 secs] [Times: user=2.20 sys=0.00, real=0.48 secs] 
6187.982: [GC (Allocation Failure) [PSYoungGen: 322048K->104832K(510464K)] 518144K->300928K(1908736K), 0.0931342 secs] [Times: user=0.54 sys=0.01, real=0.09 secs] 
6189.378: [GC (Allocation Failure) [PSYoungGen: 415491K->146496K(509440K)] 611588K->443545K(1907712K), 0.0494374 secs] [Times: user=0.29 sys=0.00, real=0.05 secs] 
6191.956: [GC (Allocation Failure) [PSYoungGen: 469568K->104064K(427520K)] 766617K->538941K(1825792K), 0.1644709 secs] [Times: user=0.98 sys=0.01, real=0.16 secs] 
6193.165: [GC (Allocation Failure) [PSYoungGen: 414364K->147456K(508416K)] 849242K->681826K(1906688K), 0.0500085 secs] [Times: user=0.29 sys=0.00, real=0.05 secs] 
6195.272: [GC (GCLocker Initiated GC) [PSYoungGen: 470016K->104416K(510464K)] 1004387K->777643K(1908736K), 0.1576803 secs] [Times: user=0.94 sys=0.01, real=0.15 secs] 
6196.285: [GC (Allocation Failure) [PSYoungGen: 426976K->146240K(508928K)] 1116622K->936131K(1907200K), 0.2422074 secs] [Times: user=1.45 sys=0.00, real=0.24 secs] 
6199.321: [GC (Allocation Failure) [PSYoungGen: 469312K->96768K(510976K)] 1259203K->1032891K(1909248K), 0.4071971 secs] [Times: user=2.43 sys=0.01, real=0.40 secs] 
6199.977: [GC (Allocation Failure) [PSYoungGen: 419840K->159776K(497664K)] 1355963K->1186887K(1895936K), 0.0561715 secs] [Times: user=0.33 sys=0.00, real=0.06 secs] 
6203.135: [GC (Allocation Failure) [PSYoungGen: 470560K->88064K(504832K)] 1497671K->1274719K(1903104K), 0.1659340 secs] [Times: user=0.99 sys=0.00, real=0.17 secs] 
6203.708: [GC (Allocation Failure) [PSYoungGen: 398848K->154560K(496640K)] 1585503K->1422856K(1894912K), 0.0548976 secs] [Times: user=0.33 sys=0.00, real=0.06 secs] 
6203.763: [Full GC (Ergonomics) [PSYoungGen: 154560K->0K(496640K)] [ParOldGen: 1268296K->221108K(1398272K)] 1422856K->221108K(1894912K), [Metaspace: 59727K->59727K(1105920K)], 0.5157235 secs] [Times: user=2.40 sys=0.00, real=0.51 secs] 
6206.298: [GC (Allocation Failure) [PSYoungGen: 302592K->86848K(500736K)] 523700K->307956K(1899008K), 0.0710330 secs] [Times: user=0.42 sys=0.00, real=0.07 secs] 
6207.279: [GC (Allocation Failure) [PSYoungGen: 389440K->149056K(496640K)] 610548K->450721K(1894912K), 0.1220304 secs] [Times: user=0.73 sys=0.00, real=0.12 secs] 
6210.029: [GC (Allocation Failure) [PSYoungGen: 447552K->86400K(498688K)] 749217K->537289K(1896960K), 0.1666318 secs] [Times: user=0.99 sys=0.00, real=0.17 secs] 
6211.009: [GC (Allocation Failure) [PSYoungGen: 379452K->140512K(496128K)] 830342K->673519K(1894400K), 0.0485208 secs] [Times: user=0.29 sys=0.00, real=0.05 secs] 
6212.217: [GC (Allocation Failure) [PSYoungGen: 439520K->96320K(497664K)] 972527K->761007K(1895936K), 0.0626012 secs] [Times: user=0.37 sys=0.00, real=0.06 secs] 
6214.354: [GC (Allocation Failure) [PSYoungGen: 395328K->141600K(499200K)] 1060015K->898651K(1897472K), 0.0489290 secs] [Times: user=0.29 sys=0.00, real=0.05 secs] 
6215.587: [GC (Allocation Failure) [PSYoungGen: 444704K->102304K(499200K)] 1201755K->991523K(1897472K), 0.0646109 secs] [Times: user=0.38 sys=0.00, real=0.07 secs] 
6218.487: [GC (Allocation Failure) [PSYoungGen: 405408K->137408K(500224K)] 1294627K->1126200K(1898496K), 0.0511161 secs] [Times: user=0.30 sys=0.00, real=0.05 secs] 
6219.675: [GC (Allocation Failure) [PSYoungGen: 445120K->103552K(499200K)] 1433912K->1220592K(1897472K), 0.0632222 secs] [Times: user=0.38 sys=0.01, real=0.06 secs] 
6222.157: [GC (Allocation Failure) [PSYoungGen: 411264K->140320K(501248K)] 1528304K->1358245K(1899520K), 0.0532971 secs] [Times: user=0.28 sys=0.00, real=0.05 secs] 
6222.210: [Full GC (Ergonomics) [PSYoungGen: 140320K->0K(501248K)] [ParOldGen: 1217925K->165652K(1398272K)] 1358245K->165652K(1899520K), [Metaspace: 59727K->59727K(1105920K)], 0.3945568 secs] [Times: user=1.82 sys=0.00, real=0.40 secs] 
6223.720: [GC (Allocation Failure) [PSYoungGen: 313856K->109920K(502272K)] 479508K->275572K(1900544K), 0.0372639 secs] [Times: user=0.22 sys=0.00, real=0.04 secs] 
6225.312: [GC (Allocation Failure) [PSYoungGen: 423776K->143744K(504832K)] 589428K->416857K(1903104K), 0.0544252 secs] [Times: user=0.33 sys=0.00, real=0.05 secs] 
6226.531: [GC (Allocation Failure) [PSYoungGen: 464768K->112640K(506880K)] 737881K->519853K(1905152K), 0.0650029 secs] [Times: user=0.39 sys=0.00, real=0.07 secs] 
6229.029: [GC (Allocation Failure) [PSYoungGen: 433664K->149120K(507392K)] 840877K->666530K(1905664K), 0.0541179 secs] [Times: user=0.32 sys=0.00, real=0.06 secs] 
6230.247: [GC (Allocation Failure) [PSYoungGen: 474752K->110112K(510976K)] 992162K->767330K(1909248K), 0.0732621 secs] [Times: user=0.43 sys=0.01, real=0.07 secs] 
6232.463: [GC (Allocation Failure) [PSYoungGen: 435744K->153856K(506368K)] 1092962K->917607K(1904640K), 0.0540375 secs] [Times: user=0.32 sys=0.00, real=0.05 secs] 
6234.027: [GC (Allocation Failure) [PSYoungGen: 477952K->110400K(511488K)] 1241703K->1019055K(1909760K), 0.1039723 secs] [Times: user=0.61 sys=0.00, real=0.10 secs] 
6235.438: [GC (Allocation Failure) [PSYoungGen: 434496K->184288K(417280K)] 1343151K->1201732K(1815552K), 0.0560599 secs] [Times: user=0.33 sys=0.00, real=0.06 secs] 
6236.613: [GC (Allocation Failure) [PSYoungGen: 417248K->62304K(465920K)] 1434692K->1230236K(1864192K), 0.0630207 secs] [Times: user=0.37 sys=0.00, real=0.06 secs] 
6237.994: [GC (Allocation Failure) [PSYoungGen: 295264K->115520K(465920K)] 1463196K->1343288K(1864192K), 0.0457699 secs] [Times: user=0.27 sys=0.01, real=0.04 secs] 
6238.040: [Full GC (Ergonomics) [PSYoungGen: 115520K->0K(465920K)] [ParOldGen: 1227768K->132469K(1398272K)] 1343288K->132469K(1864192K), [Metaspace: 59727K->59727K(1105920K)], 0.3088705 secs] [Times: user=1.41 sys=0.00, real=0.31 secs] 
6238.526: [GC (Allocation Failure) [PSYoungGen: 232960K->120928K(354304K)] 365429K->253397K(1752576K), 0.0363319 secs] [Times: user=0.21 sys=0.00, real=0.04 secs] 
6241.404: [GC (Allocation Failure) [PSYoungGen: 353888K->55712K(457728K)] 486357K->308933K(1856000K), 0.1506075 secs] [Times: user=0.89 sys=0.00, real=0.15 secs] 
6243.003: [GC (Allocation Failure) [PSYoungGen: 285600K->106816K(460800K)] 538821K->412462K(1859072K), 0.0366890 secs] [Times: user=0.22 sys=0.00, real=0.03 secs] 
6244.035: [GC (Allocation Failure) [PSYoungGen: 336704K->97184K(460288K)] 642350K->500934K(1858560K), 0.0548369 secs] [Times: user=0.32 sys=0.00, real=0.05 secs] 
6246.351: [GC (Allocation Failure) [PSYoungGen: 341920K->81728K(461824K)] 745670K->582662K(1860096K), 0.0901198 secs] [Times: user=0.54 sys=0.01, real=0.09 secs] 
6246.657: [GC (Allocation Failure) [PSYoungGen: 326464K->137344K(480256K)] 827398K->714303K(1878528K), 0.0485202 secs] [Times: user=0.29 sys=0.00, real=0.05 secs] 
6247.800: [GC (Allocation Failure) [PSYoungGen: 405120K->75488K(479744K)] 982079K->772991K(1878016K), 0.0551209 secs] [Times: user=0.32 sys=0.01, real=0.06 secs] 
6249.318: [GC (Allocation Failure) [PSYoungGen: 343264K->126016K(479232K)] 1040767K->895240K(1877504K), 0.0437991 secs] [Times: user=0.26 sys=0.00, real=0.05 secs] 
6250.497: [GC (Allocation Failure) [PSYoungGen: 403008K->95136K(481792K)] 1172232K->981048K(1880064K), 0.0587885 secs] [Times: user=0.35 sys=0.00, real=0.06 secs] 
6252.378: [GC (Allocation Failure) [PSYoungGen: 372128K->120128K(484864K)] 1258040K->1099721K(1883136K), 0.0517018 secs] [Times: user=0.31 sys=0.00, real=0.05 secs] 
6253.605: [GC (Allocation Failure) [PSYoungGen: 415040K->126912K(487936K)] 1394633K->1216581K(1886208K), 0.0624398 secs] [Times: user=0.37 sys=0.00, real=0.06 secs] 
6255.618: [GC (Allocation Failure) [PSYoungGen: 421824K->105472K(493056K)] 1511493K->1321797K(1891328K), 0.0647441 secs] [Times: user=0.37 sys=0.00, real=0.07 secs] 
6256.879: [GC (Allocation Failure) [PSYoungGen: 420864K->143072K(499712K)] 1637189K->1453944K(1897984K), 0.0614481 secs] [Times: user=0.37 sys=0.00, real=0.06 secs] 
6256.941: [Full GC (Ergonomics) [PSYoungGen: 143072K->0K(499712K)] [ParOldGen: 1310872K->250703K(1398272K)] 1453944K->250703K(1897984K), [Metaspace: 59727K->59727K(1105920K)], 0.5310793 secs] [Times: user=2.32 sys=0.00, real=0.54 secs] 
6259.451: [GC (Allocation Failure) [PSYoungGen: 315392K->110144K(506880K)] 566095K->360847K(1905152K), 0.0337018 secs] [Times: user=0.20 sys=0.00, real=0.04 secs] 
6260.735: [GC (Allocation Failure) [PSYoungGen: 436800K->138784K(508928K)] 687503K->488859K(1907200K), 0.0609910 secs] [Times: user=0.36 sys=0.00, real=0.06 secs] 
6263.510: [GC (Allocation Failure) [PSYoungGen: 465440K->124192K(509952K)] 815515K->612723K(1908224K), 0.0706398 secs] [Times: user=0.42 sys=0.00, real=0.07 secs] 
6264.815: [GC (Allocation Failure) [PSYoungGen: 456992K->3232K(336384K)] 945523K->491827K(1734656K), 0.0019332 secs] [Times: user=0.01 sys=0.00, real=0.00 secs] 
6267.078: [GC (Allocation Failure) [PSYoungGen: 336032K->143936K(495616K)] 824627K->633783K(1893888K), 0.0287647 secs] [Times: user=0.17 sys=0.00, real=0.03 secs] 
6268.262: [GC (Allocation Failure) [PSYoungGen: 446528K->106336K(409088K)] 936375K->730879K(1807360K), 0.0646710 secs] [Times: user=0.38 sys=0.00, real=0.06 secs] 
6270.379: [GC (Allocation Failure) [PSYoungGen: 408928K->140992K(495104K)] 1033471K->870416K(1893376K), 0.0514268 secs] [Times: user=0.30 sys=0.00, real=0.05 secs] 
6271.620: [GC (Allocation Failure) [PSYoungGen: 445632K->114688K(498176K)] 1175056K->967088K(1896448K), 0.0636090 secs] [Times: user=0.37 sys=0.00, real=0.07 secs] 
6274.313: [GC (Allocation Failure) [PSYoungGen: 419328K->124896K(502272K)] 1271728K->1090941K(1900544K), 0.0644269 secs] [Times: user=0.38 sys=0.00, real=0.06 secs] 
6275.563: [GC (Allocation Failure) [PSYoungGen: 442848K->1920K(500736K)] 1408893K->968169K(1899008K), 0.0033070 secs] [Times: user=0.02 sys=0.00, real=0.00 secs] 
6277.071: [GC (Allocation Failure) [PSYoungGen: 319872K->132160K(501248K)] 1286121K->1099070K(1899520K), 0.0325983 secs] [Times: user=0.19 sys=0.00, real=0.04 secs] 
6278.321: [GC (Allocation Failure) [PSYoungGen: 437824K->2048K(308224K)] 1404734K->969206K(1706496K), 0.0033406 secs] [Times: user=0.02 sys=0.00, real=0.01 secs] 
6279.855: [GC (Allocation Failure) [PSYoungGen: 307712K->132800K(487424K)] 1274870K->1099958K(1885696K), 0.0317682 secs] [Times: user=0.18 sys=0.00, real=0.03 secs] 
6281.048: [GC (Allocation Failure) [PSYoungGen: 414912K->208352K(490496K)] 1382070K->1204982K(1888768K), 0.0611692 secs] [Times: user=0.37 sys=0.00, real=0.06 secs] 
6283.474: [GC (Allocation Failure) [PSYoungGen: 490464K->104128K(441344K)] 1487094K->1100782K(1839616K), 0.0338781 secs] [Times: user=0.19 sys=0.00, real=0.03 secs] 
6283.794: [GC (Allocation Failure) [PSYoungGen: 337088K->120128K(465920K)] 1333742K->1211423K(1864192K), 0.0538324 secs] [Times: user=0.32 sys=0.00, real=0.05 secs] 
6285.002: [GC (Allocation Failure) [PSYoungGen: 353088K->58336K(456704K)] 1444383K->1269687K(1854976K), 0.0546792 secs] [Times: user=0.32 sys=0.00, real=0.05 secs] 
6285.057: [Full GC (Ergonomics) [PSYoungGen: 58336K->0K(456704K)] [ParOldGen: 1211351K->48302K(1398272K)] 1269687K->48302K(1854976K), [Metaspace: 59727K->59727K(1105920K)], 0.1008142 secs] [Times: user=0.41 sys=0.00, real=0.10 secs] 
6286.844: [GC (Allocation Failure) [PSYoungGen: 239104K->113472K(464384K)] 287406K->161774K(1862656K), 0.0233409 secs] [Times: user=0.14 sys=0.00, real=0.02 secs] 
6287.869: [GC (Allocation Failure) [PSYoungGen: 352576K->103168K(456192K)] 400878K->255894K(1854464K), 0.0581215 secs] [Times: user=0.34 sys=0.00, real=0.06 secs] 
6289.637: [GC (Allocation Failure) [PSYoungGen: 361216K->94688K(463872K)] 513942K->350746K(1862144K), 0.0811267 secs] [Times: user=0.48 sys=0.00, real=0.08 secs] 
6290.593: [GC (Allocation Failure) [PSYoungGen: 352736K->123872K(487936K)] 608794K->464756K(1886208K), 0.1024131 secs] [Times: user=0.60 sys=0.01, real=0.10 secs] 
6293.273: [GC (Allocation Failure) [PSYoungGen: 418784K->81952K(490496K)] 759668K->546556K(1888768K), 0.1226866 secs] [Times: user=0.72 sys=0.01, real=0.12 secs] 
6294.216: [GC (Allocation Failure) [PSYoungGen: 376864K->145888K(494592K)] 841468K->686438K(1892864K), 0.0908664 secs] [Times: user=0.54 sys=0.00, real=0.09 secs] 
6298.066: [GC (Allocation Failure) [PSYoungGen: 449504K->85760K(501248K)] 990054K->772110K(1899520K), 0.1670166 secs] [Times: user=1.00 sys=0.00, real=0.17 secs] 
6300.321: [GC (Allocation Failure) [PSYoungGen: 389376K->145408K(494592K)] 1075726K->912683K(1892864K), 0.0507711 secs] [Times: user=0.30 sys=0.00, real=0.06 secs] 
6301.543: [GC (Allocation Failure) [PSYoungGen: 446976K->97856K(399872K)] 1214251K->1001491K(1798144K), 0.0641015 secs] [Times: user=0.38 sys=0.00, real=0.06 secs] 
6303.302: [GC (Allocation Failure) [PSYoungGen: 399424K->144544K(494592K)] 1303059K->1143035K(1892864K), 0.0502638 secs] [Times: user=0.30 sys=0.00, real=0.05 secs] 
6305.415: [GC (Allocation Failure) [PSYoungGen: 447136K->100352K(499200K)] 1445627K->1234739K(1897472K), 0.0801377 secs] [Times: user=0.48 sys=0.00, real=0.08 secs] 
6308.008: [GC (Allocation Failure) [PSYoungGen: 402944K->139456K(498176K)] 1537331K->1371624K(1896448K), 0.0504904 secs] [Times: user=0.30 sys=0.00, real=0.05 secs] 
6308.058: [Full GC (Ergonomics) [PSYoungGen: 139456K->0K(498176K)] [ParOldGen: 1232168K->174212K(1398272K)] 1371624K->174212K(1896448K), [Metaspace: 59727K->59727K(1105920K)], 0.4161606 secs] [Times: user=1.94 sys=0.00, real=0.42 secs] 
6309.564: [GC (Allocation Failure) [PSYoungGen: 307712K->103808K(500736K)] 481924K->278020K(1899008K), 0.0356604 secs] [Times: user=0.21 sys=0.00, real=0.03 secs] 
6311.450: [GC (Allocation Failure) [PSYoungGen: 411520K->141760K(499200K)] 585732K->416589K(1897472K), 0.0519389 secs] [Times: user=0.31 sys=0.01, real=0.06 secs] 
6312.925: [GC (Allocation Failure) [PSYoungGen: 454080K->106560K(502272K)] 728909K->513981K(1900544K), 0.0690566 secs] [Times: user=0.41 sys=0.01, real=0.07 secs] 
6315.166: [GC (Allocation Failure) [PSYoungGen: 418880K->142880K(502784K)] 826301K->654362K(1901056K), 0.0525409 secs] [Times: user=0.31 sys=0.00, real=0.05 secs] 
6316.415: [GC (GCLocker Initiated GC) [PSYoungGen: 461344K->110816K(506368K)] 972826K->755626K(1904640K), 0.0668473 secs] [Times: user=0.40 sys=0.00, real=0.07 secs] 
6318.840: [GC (Allocation Failure) [PSYoungGen: 429280K->154528K(500736K)] 1074125K->907498K(1899008K), 0.0550064 secs] [Times: user=0.32 sys=0.00, real=0.06 secs] 
6320.036: [GC (Allocation Failure) [PSYoungGen: 473504K->111328K(508416K)] 1226474K->1001234K(1906688K), 0.0666613 secs] [Times: user=0.40 sys=0.00, real=0.07 secs] 
6321.615: [GC (Allocation Failure) [PSYoungGen: 430304K->148256K(506368K)] 1320210K->1147363K(1904640K), 0.0563258 secs] [Times: user=0.33 sys=0.00, real=0.06 secs] 
6323.364: [GC (Allocation Failure) [PSYoungGen: 470304K->107200K(510464K)] 1469411K->1245267K(1908736K), 0.0674563 secs] [Times: user=0.40 sys=0.00, real=0.07 secs] 
6324.870: [GC (Allocation Failure) [PSYoungGen: 429248K->153984K(503296K)] 1567315K->1396065K(1901568K), 0.0547121 secs] [Times: user=0.33 sys=0.00, real=0.06 secs] 
6324.925: [Full GC (Ergonomics) [PSYoungGen: 153984K->0K(503296K)] [ParOldGen: 1242081K->193931K(1398272K)] 1396065K->193931K(1901568K), [Metaspace: 59727K->59727K(1105920K)], 0.4478989 secs] [Times: user=1.97 sys=0.00, real=0.45 secs] 
6326.752: [GC (Allocation Failure) [PSYoungGen: 318976K->107136K(508928K)] 512907K->301067K(1907200K), 0.0438396 secs] [Times: user=0.25 sys=0.00, real=0.04 secs] 
6327.859: [GC (Allocation Failure) [PSYoungGen: 412501K->145856K(507392K)] 606433K->443196K(1905664K), 0.0509442 secs] [Times: user=0.30 sys=0.00, real=0.05 secs] 
6330.071: [GC (Allocation Failure) [PSYoungGen: 466880K->105632K(427008K)] 764220K->540112K(1825280K), 0.1535028 secs] [Times: user=0.91 sys=0.00, real=0.16 secs] 
6332.379: [GC (Allocation Failure) [PSYoungGen: 415043K->145888K(507392K)] 849523K->681757K(1905664K), 0.0504879 secs] [Times: user=0.30 sys=0.00, real=0.05 secs] 
6334.308: [GC (Allocation Failure) [PSYoungGen: 467424K->103904K(509440K)] 1003293K->776961K(1907712K), 0.1269736 secs] [Times: user=0.75 sys=0.01, real=0.13 secs] 
6335.312: [GC (Allocation Failure) [PSYoungGen: 415905K->147808K(507392K)] 1088962K->921010K(1905664K), 0.0505404 secs] [Times: user=0.30 sys=0.00, real=0.05 secs] 
6337.800: [GC (Allocation Failure) [PSYoungGen: 469856K->104416K(510464K)] 1243058K->1015963K(1908736K), 0.1746843 secs] [Times: user=1.04 sys=0.00, real=0.18 secs] 
6339.170: [GC (Allocation Failure) [PSYoungGen: 410335K->146592K(508928K)] 1321882K->1158595K(1907200K), 0.0504841 secs] [Times: user=0.30 sys=0.00, real=0.05 secs] 
6341.133: [GC (Allocation Failure) [PSYoungGen: 469664K->105664K(429056K)] 1481667K->1256051K(1827328K), 0.1684968 secs] [Times: user=0.99 sys=0.01, real=0.17 secs] 
6341.764: [GC (Allocation Failure) [PSYoungGen: 414170K->146432K(508416K)] 1564558K->1398255K(1906688K), 0.0508116 secs] [Times: user=0.31 sys=0.00, real=0.05 secs] 
6341.815: [Full GC (Ergonomics) [PSYoungGen: 146432K->0K(508416K)] [ParOldGen: 1251823K->196208K(1398272K)] 1398255K->196208K(1906688K), [Metaspace: 59727K->59727K(1105920K)], 0.4665392 secs] [Times: user=2.16 sys=0.00, real=0.47 secs] 
6344.471: [GC (Allocation Failure) [PSYoungGen: 323072K->106592K(510464K)] 519280K->302800K(1908736K), 0.0886615 secs] [Times: user=0.52 sys=0.00, real=0.09 secs] 
6346.149: [GC (Allocation Failure) [PSYoungGen: 429664K->184800K(417792K)] 625872K->502635K(1816064K), 0.0566913 secs] [Times: user=0.33 sys=0.01, real=0.06 secs] 
6347.246: [GC (Allocation Failure) [PSYoungGen: 417760K->59968K(465920K)] 735595K->513259K(1864192K), 0.0583486 secs] [Times: user=0.34 sys=0.00, real=0.06 secs] 
6349.037: [GC (Allocation Failure) [PSYoungGen: 292928K->112896K(465920K)] 746219K->624148K(1864192K), 0.0491349 secs] [Times: user=0.29 sys=0.00, real=0.05 secs] 
6349.307: [GC (Allocation Failure) [PSYoungGen: 345856K->122016K(355328K)] 857108K->728740K(1753600K), 0.0547338 secs] [Times: user=0.33 sys=0.01, real=0.06 secs] 
6351.531: [GC (Allocation Failure) [PSYoungGen: 354976K->57664K(464896K)] 961700K->786492K(1863168K), 0.0939029 secs] [Times: user=0.55 sys=0.00, real=0.10 secs] 
6352.681: [GC (Allocation Failure) [PSYoungGen: 290112K->107648K(340480K)] 1018940K->890381K(1738752K), 0.0384476 secs] [Times: user=0.22 sys=0.00, real=0.04 secs] 
6353.787: [GC (Allocation Failure) [PSYoungGen: 340096K->95808K(466432K)] 1122829K->977173K(1864704K), 0.0562901 secs] [Times: user=0.34 sys=0.00, real=0.06 secs] 
6354.948: [GC (Allocation Failure) [PSYoungGen: 335424K->85952K(460288K)] 1216789K->1063285K(1858560K), 0.0889752 secs] [Times: user=0.52 sys=0.00, real=0.09 secs] 
6355.243: [GC (Allocation Failure) [PSYoungGen: 325568K->136448K(469504K)] 1302901K->1194206K(1867776K), 0.0510811 secs] [Times: user=0.31 sys=0.00, real=0.05 secs] 
6356.421: [GC (Allocation Failure) [PSYoungGen: 389888K->66016K(467456K)] 1447646K->1243894K(1865728K), 0.0545188 secs] [Times: user=0.33 sys=0.00, real=0.06 secs] 
6359.209: [GC (Allocation Failure) [PSYoungGen: 319456K->118784K(472576K)] 1497334K->1358483K(1870848K), 0.0397917 secs] [Times: user=0.23 sys=0.00, real=0.04 secs] 
6359.249: [Full GC (Ergonomics) [PSYoungGen: 118784K->0K(472576K)] [ParOldGen: 1239699K->156421K(1398272K)] 1358483K->156421K(1870848K), [Metaspace: 59727K->59727K(1105920K)], 0.3718520 secs] [Times: user=1.73 sys=0.00, real=0.37 secs] 
6360.690: [GC (Allocation Failure) [PSYoungGen: 271872K->105408K(477184K)] 428293K->261829K(1875456K), 0.0376966 secs] [Times: user=0.23 sys=0.00, real=0.04 secs] 
6363.330: [GC (Allocation Failure) [PSYoungGen: 377280K->104448K(482304K)] 533701K->365813K(1880576K), 0.0746223 secs] [Times: user=0.44 sys=0.00, real=0.08 secs] 
6364.381: [GC (Allocation Failure) [PSYoungGen: 395145K->180384K(486400K)] 656510K->536057K(1884672K), 0.0686026 secs] [Times: user=0.41 sys=0.00, real=0.07 secs] 
6366.913: [GC (Allocation Failure) [PSYoungGen: 476320K->84992K(494080K)] 831993K->584409K(1892352K), 0.1048632 secs] [Times: user=0.62 sys=0.00, real=0.10 secs] 
6367.255: [GC (Allocation Failure) [PSYoungGen: 371200K->143104K(491008K)] 870617K->721690K(1889280K), 0.0534487 secs] [Times: user=0.31 sys=0.00, real=0.05 secs] 
6369.660: [GC (Allocation Failure) [PSYoungGen: 429312K->80064K(490496K)] 1007898K->801930K(1888768K), 0.1456618 secs] [Times: user=0.86 sys=0.00, real=0.15 secs] 
6370.084: [GC (Allocation Failure) [PSYoungGen: 367808K->143680K(491520K)] 1089674K->939927K(1889792K), 0.0509014 secs] [Times: user=0.30 sys=0.00, real=0.05 secs] 
6372.530: [GC (Allocation Failure) [PSYoungGen: 431424K->82976K(491008K)] 1227671K->1022959K(1889280K), 0.0886308 secs] [Times: user=0.52 sys=0.00, real=0.09 secs] 
6373.464: [GC (Allocation Failure) [PSYoungGen: 372256K->138496K(492032K)] 1312239K->1157464K(1890304K), 0.0480137 secs] [Times: user=0.28 sys=0.00, real=0.05 secs] 
6374.608: [GC (Allocation Failure) [PSYoungGen: 427776K->93984K(486400K)] 1446744K->1242680K(1884672K), 0.0618390 secs] [Times: user=0.37 sys=0.00, real=0.06 secs] 
6377.499: [GC (Allocation Failure) [PSYoungGen: 386848K->136576K(491008K)] 1535544K->1375341K(1889280K), 0.0477166 secs] [Times: user=0.28 sys=0.00, real=0.05 secs] 
6377.546: [Full GC (Ergonomics) [PSYoungGen: 136576K->0K(491008K)] [ParOldGen: 1238765K->173269K(1398272K)] 1375341K->173269K(1889280K), [Metaspace: 59727K->59727K(1105920K)], 0.4062136 secs] [Times: user=1.88 sys=0.00, real=0.41 secs] 
6379.073: [GC (Allocation Failure) [PSYoungGen: 292864K->97184K(490496K)] 466133K->270453K(1888768K), 0.0352530 secs] [Times: user=0.20 sys=0.00, real=0.03 secs] 
6381.268: [GC (Allocation Failure) [PSYoungGen: 399776K->139104K(495616K)] 573045K->407049K(1893888K), 0.0500876 secs] [Times: user=0.30 sys=0.00, real=0.05 secs] 
6382.514: [GC (Allocation Failure) [PSYoungGen: 441696K->105088K(496128K)] 709641K->503105K(1894400K), 0.0640594 secs] [Times: user=0.38 sys=0.00, real=0.06 secs] 
6384.738: [GC (Allocation Failure) [PSYoungGen: 416384K->139968K(500224K)] 814401K->641294K(1898496K), 0.0521005 secs] [Times: user=0.31 sys=0.00, real=0.05 secs] 
6385.960: [GC (Allocation Failure) [PSYoungGen: 451264K->109120K(500224K)] 952590K->741054K(1898496K), 0.0656302 secs] [Times: user=0.39 sys=0.00, real=0.07 secs] 
6388.022: [GC (Allocation Failure) [PSYoungGen: 428608K->141888K(504320K)] 1060542K->881811K(1902592K), 0.0546974 secs] [Times: user=0.33 sys=0.00, real=0.05 secs] 
6389.975: [GC (Allocation Failure) [PSYoungGen: 461376K->110240K(506368K)] 1201299K->982731K(1904640K), 0.0659373 secs] [Times: user=0.39 sys=0.00, real=0.06 secs] 
6392.424: [GC (Allocation Failure) [PSYoungGen: 436896K->148992K(508928K)] 1309387K->1129752K(1907200K), 0.0542697 secs] [Times: user=0.32 sys=0.00, real=0.05 secs] 
6393.653: [GC (Allocation Failure) [PSYoungGen: 475630K->111488K(512000K)] 1456390K->1232188K(1910272K), 0.0689490 secs] [Times: user=0.41 sys=0.00, real=0.07 secs] 
6395.769: [GC (Allocation Failure) [PSYoungGen: 441216K->151776K(481792K)] 1561916K->1381257K(1880064K), 0.0552752 secs] [Times: user=0.33 sys=0.01, real=0.06 secs] 
6395.824: [Full GC (Ergonomics) [PSYoungGen: 151776K->0K(481792K)] [ParOldGen: 1229481K->180465K(1398272K)] 1381257K->180465K(1880064K), [Metaspace: 59727K->59727K(1105920K)], 0.4324299 secs] [Times: user=2.01 sys=0.00, real=0.43 secs] 
6397.367: [GC (Allocation Failure) [PSYoungGen: 329728K->112384K(515584K)] 510193K->292849K(1913856K), 0.0346554 secs] [Times: user=0.20 sys=0.01, real=0.04 secs] 
6399.408: [GC (Allocation Failure) [PSYoungGen: 440576K->154432K(482816K)] 621041K->443614K(1881088K), 0.0548805 secs] [Times: user=0.32 sys=0.00, real=0.06 secs] 
6400.943: [GC (Allocation Failure) [PSYoungGen: 482624K->110272K(513536K)] 771806K->544478K(1911808K), 0.0790187 secs] [Times: user=0.47 sys=0.00, real=0.08 secs] 
6401.967: [GC (Allocation Failure) [PSYoungGen: 434880K->155840K(480768K)] 869086K->696306K(1879040K), 0.0535000 secs] [Times: user=0.32 sys=0.00, real=0.05 secs] 
6405.466: [GC (Allocation Failure) [PSYoungGen: 480448K->95264K(508928K)] 1020914K->791175K(1907200K), 0.1737685 secs] [Times: user=1.03 sys=0.00, real=0.17 secs] 
6406.069: [GC (Allocation Failure) [PSYoungGen: 413216K->158496K(476672K)] 1109127K->943979K(1874944K), 0.0560250 secs] [Times: user=0.33 sys=0.00, real=0.06 secs] 
6409.330: [GC (Allocation Failure) [PSYoungGen: 476448K->90880K(503296K)] 1261931K->1035075K(1901568K), 0.1612459 secs] [Times: user=0.95 sys=0.00, real=0.16 secs] 
6409.886: [GC (Allocation Failure) [PSYoungGen: 398080K->153280K(460800K)] 1342275K->1182132K(1859072K), 0.0552949 secs] [Times: user=0.33 sys=0.00, real=0.05 secs] 
6412.771: [GC (Allocation Failure) [PSYoungGen: 460480K->88288K(500224K)] 1489332K->1270424K(1898496K), 0.1652676 secs] [Times: user=0.99 sys=0.00, real=0.16 secs] 
6413.390: [GC (Allocation Failure) [PSYoungGen: 389344K->149920K(451072K)] 1571480K->1414137K(1849344K), 0.0522988 secs] [Times: user=0.31 sys=0.00, real=0.06 secs] 
6413.442: [Full GC (Ergonomics) [PSYoungGen: 149920K->0K(451072K)] [ParOldGen: 1264217K->213276K(1398272K)] 1414137K->213276K(1849344K), [Metaspace: 59727K->59727K(1105920K)], 0.5000163 secs] [Times: user=2.33 sys=0.00, real=0.50 secs] 
6416.424: [GC (Allocation Failure) [PSYoungGen: 301056K->85920K(498688K)] 514332K->299196K(1896960K), 0.1338778 secs] [Times: user=0.80 sys=0.01, real=0.13 secs] 
6417.488: [GC (Allocation Failure) [PSYoungGen: 377764K->140000K(437760K)] 591041K->434769K(1836032K), 0.0467322 secs] [Times: user=0.28 sys=0.00, real=0.05 secs] 
6418.958: [GC (Allocation Failure) [PSYoungGen: 437472K->96864K(499712K)] 732241K->522793K(1897984K), 0.0834681 secs] [Times: user=0.50 sys=0.00, real=0.08 secs] 
6420.289: [GC (Allocation Failure) [PSYoungGen: 397408K->143360K(496640K)] 823337K->661914K(1894912K), 0.0480969 secs] [Times: user=0.29 sys=0.00, real=0.05 secs] 
6421.846: [GC (Allocation Failure) [PSYoungGen: 443904K->100032K(497664K)] 962458K->752606K(1895936K), 0.0635954 secs] [Times: user=0.37 sys=0.00, real=0.06 secs] 
6423.976: [GC (Allocation Failure) [PSYoungGen: 405696K->141152K(499200K)] 1058270K->891263K(1897472K), 0.0508300 secs] [Times: user=0.30 sys=0.00, real=0.05 secs] 
6426.294: [GC (Allocation Failure) [PSYoungGen: 446816K->103072K(497664K)] 1196927K->985387K(1895936K), 0.0641786 secs] [Times: user=0.39 sys=0.00, real=0.06 secs] 
6427.967: [GC (Allocation Failure) [PSYoungGen: 414368K->145120K(501248K)] 1296683K->1128476K(1899520K), 0.0527821 secs] [Times: user=0.32 sys=0.00, real=0.05 secs] 
6430.249: [GC (Allocation Failure) [PSYoungGen: 456416K->104736K(503808K)] 1439772K->1224188K(1902080K), 0.0755107 secs] [Times: user=0.45 sys=0.00, real=0.08 secs] 
6431.735: [GC (Allocation Failure) [PSYoungGen: 421664K->147072K(505344K)] 1541116K->1369622K(1903616K), 0.0537771 secs] [Times: user=0.31 sys=0.01, real=0.05 secs] 
6431.788: [Full GC (Ergonomics) [PSYoungGen: 147072K->0K(505344K)] [ParOldGen: 1222550K->176442K(1398272K)] 1369622K->176442K(1903616K), [Metaspace: 59727K->59727K(1105920K)], 0.4276048 secs] [Times: user=1.98 sys=0.00, real=0.43 secs] 
6433.930: [GC (Allocation Failure) [PSYoungGen: 316928K->106048K(506368K)] 493370K->282490K(1904640K), 0.0339028 secs] [Times: user=0.20 sys=0.01, real=0.04 secs] 
6435.056: [GC (Allocation Failure) [PSYoungGen: 425024K->149504K(506880K)] 601466K->429891K(1905152K), 0.0537467 secs] [Times: user=0.31 sys=0.00, real=0.05 secs] 
6437.777: [GC (Allocation Failure) [PSYoungGen: 468480K->108928K(506368K)] 748867K->529571K(1904640K), 0.0658181 secs] [Times: user=0.40 sys=0.00, real=0.07 secs] 
6438.876: [GC (Allocation Failure) [PSYoungGen: 428416K->151456K(506880K)] 849059K->676056K(1905152K), 0.0827272 secs] [Times: user=0.49 sys=0.00, real=0.08 secs] 
6441.243: [GC (Allocation Failure) [PSYoungGen: 470944K->106560K(508416K)] 995544K->773880K(1906688K), 0.0654120 secs] [Times: user=0.39 sys=0.00, real=0.06 secs] 
6441.966: [GC (Allocation Failure) [PSYoungGen: 422550K->151776K(471040K)] 1089871K->922453K(1869312K), 0.0530820 secs] [Times: user=0.31 sys=0.00, real=0.05 secs] 
6444.306: [GC (Allocation Failure) [PSYoungGen: 470752K->104224K(509440K)] 1241429K->1018369K(1907712K), 0.0660541 secs] [Times: user=0.39 sys=0.00, real=0.07 secs] 
6445.190: [GC (Allocation Failure) [PSYoungGen: 406571K->146016K(506880K)] 1320716K->1161135K(1905152K), 0.0507957 secs] [Times: user=0.30 sys=0.01, real=0.05 secs] 
6447.765: [GC (Allocation Failure) [PSYoungGen: 463456K->100352K(506880K)] 1478575K->1253151K(1905152K), 0.1468091 secs] [Times: user=0.86 sys=0.01, real=0.15 secs] 
6448.936: [GC (Allocation Failure) [PSYoungGen: 413779K->150176K(468992K)] 1566579K->1399476K(1867264K), 0.0508306 secs] [Times: user=0.30 sys=0.01, real=0.05 secs] 
6448.986: [Full GC (Ergonomics) [PSYoungGen: 150176K->0K(468992K)] [ParOldGen: 1249300K->195727K(1398272K)] 1399476K->195727K(1867264K), [Metaspace: 59727K->59727K(1105920K)], 0.4776854 secs] [Times: user=2.24 sys=0.00, real=0.48 secs] 
6451.175: [GC (Allocation Failure) [PSYoungGen: 318464K->104480K(509440K)] 514191K->300207K(1907712K), 0.0675423 secs] [Times: user=0.40 sys=0.00, real=0.07 secs] 
6453.064: [GC (Allocation Failure) [PSYoungGen: 410141K->146656K(506880K)] 605868K->442328K(1905152K), 0.0488234 secs] [Times: user=0.29 sys=0.00, real=0.05 secs] 
6455.332: [GC (Allocation Failure) [PSYoungGen: 464096K->104192K(505856K)] 759768K->538000K(1904128K), 0.1631076 secs] [Times: user=0.97 sys=0.00, real=0.16 secs] 
6456.755: [GC (Allocation Failure) [PSYoungGen: 417024K->147584K(506880K)] 850832K->681413K(1905152K), 0.0502156 secs] [Times: user=0.29 sys=0.00, real=0.05 secs] 
6458.911: [GC (Allocation Failure) [PSYoungGen: 466048K->106016K(506880K)] 999877K->778481K(1905152K), 0.1762349 secs] [Times: user=1.01 sys=0.00, real=0.17 secs] 
6460.235: [GC (Allocation Failure) [PSYoungGen: 415387K->145344K(507392K)] 1087852K->919802K(1905664K), 0.0501394 secs] [Times: user=0.29 sys=0.00, real=0.05 secs] 
6462.499: [GC (Allocation Failure) [PSYoungGen: 464832K->105856K(506368K)] 1239290K->1016962K(1904640K), 0.1724797 secs] [Times: user=1.03 sys=0.00, real=0.18 secs] 
6464.101: [GC (Allocation Failure) [PSYoungGen: 412900K->145280K(507904K)] 1324007K->1158531K(1906176K), 0.0506980 secs] [Times: user=0.30 sys=0.00, real=0.06 secs] 
6465.869: [GC (Allocation Failure) [PSYoungGen: 466816K->105504K(508928K)] 1480067K->1255195K(1907200K), 0.1465676 secs] [Times: user=0.86 sys=0.01, real=0.15 secs] 
6467.416: [GC (Allocation Failure) [PSYoungGen: 430112K->153728K(478720K)] 1579803K->1405035K(1876992K), 0.0522400 secs] [Times: user=0.31 sys=0.00, real=0.05 secs] 
6467.469: [Full GC (Ergonomics) [PSYoungGen: 153728K->0K(478720K)] [ParOldGen: 1251307K->204256K(1398272K)] 1405035K->204256K(1876992K), [Metaspace: 59727K->59727K(1105920K)], 0.4690675 secs] [Times: user=2.18 sys=0.00, real=0.47 secs] 
6469.855: [GC (Allocation Failure) [PSYoungGen: 324608K->96992K(509440K)] 528864K->301248K(1907712K), 0.1560492 secs] [Times: user=0.93 sys=0.00, real=0.15 secs] 
6470.558: [GC (Allocation Failure) [PSYoungGen: 415968K->155168K(474624K)] 620224K->452541K(1872896K), 0.0548638 secs] [Times: user=0.33 sys=0.00, real=0.06 secs] 
6473.567: [GC (Allocation Failure) [PSYoungGen: 474144K->94048K(505856K)] 771517K->546517K(1904128K), 0.1713420 secs] [Times: user=1.02 sys=0.00, real=0.17 secs] 
6474.149: [GC (Allocation Failure) [PSYoungGen: 405856K->153856K(465920K)] 858325K->694470K(1864192K), 0.0557420 secs] [Times: user=0.33 sys=0.00, real=0.06 secs] 
6476.634: [GC (Allocation Failure) [PSYoungGen: 465664K->88672K(502272K)] 1006278K->782818K(1900544K), 0.1440167 secs] [Times: user=0.86 sys=0.00, real=0.14 secs] 
6477.269: [GC (GCLocker Initiated GC) [PSYoungGen: 393824K->149696K(455168K)] 1087970K->927083K(1853440K), 0.0528423 secs] [Times: user=0.31 sys=0.00, real=0.06 secs] 
6480.080: [GC (Allocation Failure) [PSYoungGen: 454848K->87392K(500224K)] 1232237K->1014365K(1898496K), 0.1513678 secs] [Times: user=0.89 sys=0.01, real=0.15 secs] 
6481.162: [GC (Allocation Failure) [PSYoungGen: 388448K->142432K(499712K)] 1315421K->1152774K(1897984K), 0.0496820 secs] [Times: user=0.29 sys=0.00, real=0.05 secs] 
6482.377: [GC (Allocation Failure) [PSYoungGen: 443488K->100480K(493568K)] 1453830K->1244450K(1891840K), 0.0705714 secs] [Times: user=0.42 sys=0.00, real=0.07 secs] 
6484.193: [GC (GCLocker Initiated GC) [PSYoungGen: 402048K->142848K(496640K)] 1546022K->1383919K(1894912K), 0.0509508 secs] [Times: user=0.30 sys=0.00, real=0.05 secs] 
6484.244: [Full GC (Ergonomics) [PSYoungGen: 142848K->0K(496640K)] [ParOldGen: 1241071K->188846K(1398272K)] 1383919K->188846K(1894912K), [Metaspace: 59727K->59727K(1105920K)], 0.4506636 secs] [Times: user=2.09 sys=0.00, real=0.45 secs] 
6485.779: [GC (Allocation Failure) [PSYoungGen: 301568K->99104K(498176K)] 490414K->287950K(1896448K), 0.0313380 secs] [Times: user=0.18 sys=0.00, real=0.03 secs] 
6488.329: [GC (Allocation Failure) [PSYoungGen: 407328K->142496K(500736K)] 596174K->426782K(1899008K), 0.0492770 secs] [Times: user=0.29 sys=0.00, real=0.05 secs] 
6489.523: [GC (Allocation Failure) [PSYoungGen: 450720K->105120K(499200K)] 735006K->522682K(1897472K), 0.0633108 secs] [Times: user=0.38 sys=0.00, real=0.06 secs] 
6492.129: [GC (Allocation Failure) [PSYoungGen: 417952K->143712K(502272K)] 835514K->663666K(1900544K), 0.0517798 secs] [Times: user=0.31 sys=0.00, real=0.05 secs] 
6493.305: [GC (Allocation Failure) [PSYoungGen: 456544K->106432K(503808K)] 976498K->761050K(1902080K), 0.0645698 secs] [Times: user=0.38 sys=0.00, real=0.06 secs] 
6494.617: [GC (Allocation Failure) [PSYoungGen: 424896K->147936K(505856K)] 1079514K->906899K(1904128K), 0.0531521 secs] [Times: user=0.31 sys=0.00, real=0.05 secs] 
6496.161: [GC (Allocation Failure) [PSYoungGen: 466400K->105824K(507392K)] 1225363K->1003835K(1905664K), 0.0668075 secs] [Times: user=0.40 sys=0.00, real=0.07 secs] 
6496.539: [GC (Allocation Failure) [PSYoungGen: 426848K->156128K(477184K)] 1324859K->1156336K(1875456K), 0.0531481 secs] [Times: user=0.32 sys=0.00, real=0.06 secs] 
6497.821: [GC (Allocation Failure) [PSYoungGen: 477152K->103040K(508928K)] 1477360K->1250560K(1907200K), 0.0935460 secs] [Times: user=0.55 sys=0.00, real=0.09 secs] 
6498.494: [GC (Allocation Failure) [PSYoungGen: 417463K->151168K(467456K)] 1564984K->1397425K(1865728K), 0.0509021 secs] [Times: user=0.31 sys=0.00, real=0.05 secs] 
6498.545: [Full GC (Ergonomics) [PSYoungGen: 151168K->0K(467456K)] [ParOldGen: 1246257K->195693K(1398272K)] 1397425K->195693K(1865728K), [Metaspace: 59728K->59728K(1105920K)], 0.4644653 secs] [Times: user=2.15 sys=0.00, real=0.46 secs] 
Heap
 PSYoungGen      total 467456K, used 2285