5.632: [GC (Allocation Failure) [PSYoungGen: 128000K->12534K(148992K)] 128000K->12614K(488960K), 0.0199324 secs] [Times: user=0.03 sys=0.00, real=0.02 secs] 
6.031: [GC (Metadata GC Threshold) [PSYoungGen: 48930K->6120K(148992K)] 49010K->6216K(488960K), 0.0040523 secs] [Times: user=0.00 sys=0.02, real=0.00 secs] 
6.035: [Full GC (Metadata GC Threshold) [PSYoungGen: 6120K->0K(148992K)] [ParOldGen: 96K->5952K(134144K)] 6216K->5952K(283136K), [Metaspace: 20455K->20455K(1067008K)], 0.0164806 secs] [Times: user=0.05 sys=0.00, real=0.02 secs] 
7.388: [GC (Allocation Failure) [PSYoungGen: 128000K->10294K(148992K)] 133952K->16255K(283136K), 0.0033943 secs] [Times: user=0.01 sys=0.00, real=0.01 secs] 
7.738: [GC (Metadata GC Threshold) [PSYoungGen: 35911K->4597K(148992K)] 41872K->10566K(283136K), 0.0023862 secs] [Times: user=0.01 sys=0.00, real=0.01 secs] 
7.740: [Full GC (Metadata GC Threshold) [PSYoungGen: 4597K->0K(148992K)] [ParOldGen: 5968K->8822K(223744K)] 10566K->8822K(372736K), [Metaspace: 33708K->33708K(1079296K)], 0.0319547 secs] [Times: user=0.07 sys=0.00, real=0.03 secs] 
9.144: [GC (Allocation Failure) [PSYoungGen: 128000K->12921K(148992K)] 136822K->21751K(372736K), 0.0040761 secs] [Times: user=0.01 sys=0.00, real=0.00 secs] 
10.490: [GC (Allocation Failure) [PSYoungGen: 140921K->16358K(161280K)] 149751K->59625K(385024K), 0.0179916 secs] [Times: user=0.07 sys=0.02, real=0.01 secs] 
11.666: [GC (Allocation Failure) [PSYoungGen: 161254K->37248K(183296K)] 204521K->113290K(407040K), 0.0102382 secs] [Times: user=0.05 sys=0.01, real=0.01 secs] 
13.355: [GC (Allocation Failure) [PSYoungGen: 182144K->37216K(245248K)] 258186K->178794K(468992K), 0.0177991 secs] [Times: user=0.08 sys=0.02, real=0.02 secs] 
15.244: [GC (Allocation Failure) [PSYoungGen: 236384K->37520K(249856K)] 377962K->277411K(506880K), 0.0124516 secs] [Times: user=0.06 sys=0.01, real=0.01 secs] 
15.257: [Full GC (Ergonomics) [PSYoungGen: 37520K->0K(249856K)] [ParOldGen: 239890K->208907K(577024K)] 277411K->208907K(826880K), [Metaspace: 52470K->52470K(1097728K)], 0.0516767 secs] [Times: user=0.22 sys=0.00, real=0.05 secs] 
16.498: [GC (Allocation Failure) [PSYoungGen: 199168K->845K(299520K)] 408075K->209761K(876544K), 0.0019233 secs] [Times: user=0.01 sys=0.00, real=0.01 secs] 
19.187: [GC (Allocation Failure) [PSYoungGen: 247629K->34559K(301568K)] 456545K->243482K(878592K), 0.0046417 secs] [Times: user=0.02 sys=0.00, real=0.01 secs] 
21.076: [GC (Allocation Failure) [PSYoungGen: 281343K->2029K(342016K)] 490266K->210960K(919040K), 0.0020998 secs] [Times: user=0.01 sys=0.00, real=0.00 secs] 
23.330: [GC (Allocation Failure) [PSYoungGen: 293869K->35048K(348672K)] 502800K->243980K(925696K), 0.0131439 secs] [Times: user=0.06 sys=0.01, real=0.01 secs] 
25.689: [GC (Allocation Failure) [PSYoungGen: 326888K->2253K(391168K)] 535820K->211184K(968192K), 0.0021264 secs] [Times: user=0.00 sys=0.01, real=0.00 secs] 
28.314: [GC (Allocation Failure) [PSYoungGen: 342733K->1968K(398848K)] 551664K->210907K(975872K), 0.0028934 secs] [Times: user=0.01 sys=0.00, real=0.00 secs] 
30.650: [GC (Allocation Failure) [PSYoungGen: 340135K->10528K(436224K)] 549075K->219467K(1013248K), 0.0050476 secs] [Times: user=0.01 sys=0.01, real=0.00 secs] 
32.798: [GC (Allocation Failure) [PSYoungGen: 397088K->2205K(441344K)] 606027K->211144K(1018368K), 0.0019564 secs] [Times: user=0.01 sys=0.00, real=0.01 secs] 
34.917: [GC (Allocation Failure) [PSYoungGen: 388765K->2096K(461824K)] 597704K->211035K(1038848K), 0.0025070 secs] [Times: user=0.01 sys=0.01, real=0.01 secs] 
37.570: [GC (Allocation Failure) [PSYoungGen: 413470K->18736K(465920K)] 622410K->227683K(1042944K), 0.0074801 secs] [Times: user=0.03 sys=0.01, real=0.00 secs] 
40.202: [GC (Allocation Failure) [PSYoungGen: 432432K->2349K(484352K)] 641379K->211296K(1061376K), 0.0025512 secs] [Times: user=0.00 sys=0.00, real=0.00 secs] 
42.524: [GC (Allocation Failure) [PSYoungGen: 443693K->2189K(489984K)] 652640K->211144K(1067008K), 0.0020300 secs] [Times: user=0.00 sys=0.01, real=0.00 secs] 
45.495: [GC (Allocation Failure) [PSYoungGen: 443533K->1008K(505344K)] 652488K->209963K(1082368K), 0.0023448 secs] [Times: user=0.01 sys=0.00, real=0.00 secs] 
49.490: [GC (Allocation Failure) [PSYoungGen: 465392K->35136K(509952K)] 674347K->244091K(1086976K), 0.0072599 secs] [Times: user=0.03 sys=0.00, real=0.00 secs] 
52.563: [GC (Allocation Failure) [PSYoungGen: 499520K->35120K(536064K)] 708475K->244075K(1113088K), 0.0070413 secs] [Times: user=0.03 sys=0.00, real=0.01 secs] 
56.829: [GC (Allocation Failure) [PSYoungGen: 520496K->18608K(540672K)] 729451K->227731K(1117696K), 0.0050009 secs] [Times: user=0.01 sys=0.00, real=0.00 secs] 
59.689: [GC (Allocation Failure) [PSYoungGen: 503984K->2544K(552448K)] 713107K->211849K(1129472K), 0.0023396 secs] [Times: user=0.01 sys=0.00, real=0.00 secs] 
62.177: [GC (Allocation Failure) [PSYoungGen: 506864K->1949K(555520K)] 716169K->211270K(1132544K), 0.0021669 secs] [Times: user=0.01 sys=0.00, real=0.01 secs] 
64.586: [GC (Allocation Failure) [PSYoungGen: 506269K->1821K(565760K)] 715590K->211326K(1142784K), 0.0017479 secs] [Times: user=0.01 sys=0.00, real=0.00 secs] 
68.847: [GC (Allocation Failure) [PSYoungGen: 522525K->1872K(506368K)] 732030K->211401K(1083392K), 0.0019216 secs] [Times: user=0.00 sys=0.00, real=0.01 secs] 
71.368: [GC (Allocation Failure) [PSYoungGen: 506192K->1840K(515584K)] 715721K->211401K(1092608K), 0.0019448 secs] [Times: user=0.00 sys=0.00, real=0.01 secs] 
74.514: [GC (Allocation Failure) [PSYoungGen: 490288K->1760K(475136K)] 699849K->211369K(1052160K), 0.0041552 secs] [Times: user=0.01 sys=0.00, real=0.00 secs] 
77.778: [GC (Allocation Failure) [PSYoungGen: 474848K->34656K(499200K)] 684457K->244281K(1076224K), 0.0071401 secs] [Times: user=0.03 sys=0.00, real=0.01 secs] 
80.831: [GC (Allocation Failure) [PSYoungGen: 493408K->34688K(479744K)] 703033K->244353K(1056768K), 0.0042888 secs] [Times: user=0.02 sys=0.00, real=0.00 secs] 
83.835: [GC (Allocation Failure) [PSYoungGen: 479616K->10112K(465408K)] 689281K->219793K(1042432K), 0.0026290 secs] [Times: user=0.01 sys=0.00, real=0.00 secs] 
87.725: [GC (Allocation Failure) [PSYoungGen: 441728K->1741K(420864K)] 651409K->211430K(997888K), 0.0019651 secs] [Times: user=0.00 sys=0.00, real=0.00 secs] 
89.629: [GC (Allocation Failure) [PSYoungGen: 420557K->1680K(438784K)] 630246K->211409K(1015808K), 0.0017008 secs] [Times: user=0.01 sys=0.00, real=0.00 secs] 
92.002: [GC (Allocation Failure) [PSYoungGen: 408208K->34640K(429568K)] 617937K->244409K(1006592K), 0.0045094 secs] [Times: user=0.02 sys=0.00, real=0.00 secs] 
94.698: [GC (Allocation Failure) [PSYoungGen: 429392K->3952K(419840K)] 639161K->213737K(996864K), 0.0028368 secs] [Times: user=0.00 sys=0.01, real=0.01 secs] 
96.930: [GC (Allocation Failure) [PSYoungGen: 387440K->1677K(374784K)] 597225K->211470K(951808K), 0.0016626 secs] [Times: user=0.01 sys=0.00, real=0.00 secs] 
98.635: [GC (Allocation Failure) [PSYoungGen: 374413K->34480K(409600K)] 584206K->244305K(986624K), 0.0037522 secs] [Times: user=0.01 sys=0.00, real=0.01 secs] 
101.366: [GC (Allocation Failure) [PSYoungGen: 396976K->6000K(358912K)] 606801K->215841K(935936K), 0.0027747 secs] [Times: user=0.01 sys=0.00, real=0.01 secs] 
104.060: [GC (Allocation Failure) [PSYoungGen: 358768K->1648K(380416K)] 568609K->211497K(957440K), 0.0015989 secs] [Times: user=0.01 sys=0.00, real=0.00 secs] 
106.000: [GC (Allocation Failure) [PSYoungGen: 344688K->34528K(368640K)] 554537K->244409K(945664K), 0.0044935 secs] [Times: user=0.02 sys=0.00, real=0.00 secs] 
108.401: [GC (Allocation Failure) [PSYoungGen: 368352K->1840K(366592K)] 578233K->211729K(943616K), 0.0020137 secs] [Times: user=0.00 sys=0.00, real=0.00 secs] 
109.848: [GC (Allocation Failure) [PSYoungGen: 326960K->1504K(318464K)] 536849K->211441K(895488K), 0.0020732 secs] [Times: user=0.01 sys=0.00, real=0.01 secs] 
111.805: [GC (Allocation Failure) [PSYoungGen: 318432K->10080K(343040K)] 528369K->220041K(920064K), 0.0027361 secs] [Times: user=0.01 sys=0.00, real=0.00 secs] 
114.402: [GC (Allocation Failure) [PSYoungGen: 318816K->1549K(303104K)] 528777K->211526K(880128K), 0.0016225 secs] [Times: user=0.00 sys=0.00, real=0.00 secs] 
116.033: [GC (Allocation Failure) [PSYoungGen: 302605K->18176K(329216K)] 512582K->228177K(906240K), 0.0035057 secs] [Times: user=0.01 sys=0.00, real=0.00 secs] 
117.344: [GC (Allocation Failure) [PSYoungGen: 311552K->1613K(288256K)] 521553K->211638K(865280K), 0.0014638 secs] [Times: user=0.00 sys=0.00, real=0.00 secs] 
118.775: [GC (Allocation Failure) [PSYoungGen: 287821K->18144K(314368K)] 497846K->228177K(891392K), 0.0029646 secs] [Times: user=0.01 sys=0.00, real=0.00 secs] 
120.448: [GC (Allocation Failure) [PSYoungGen: 297696K->1645K(274944K)] 507729K->211686K(851968K), 0.0016783 secs] [Times: user=0.01 sys=0.00, real=0.01 secs] 
122.512: [GC (Allocation Failure) [PSYoungGen: 274541K->18112K(300032K)] 484582K->228161K(877056K), 0.0036987 secs] [Times: user=0.01 sys=0.00, real=0.00 secs] 
124.560: [GC (Allocation Failure) [PSYoungGen: 284352K->1613K(262144K)] 494401K->211710K(839168K), 0.0015204 secs] [Times: user=0.01 sys=0.00, real=0.00 secs] 
127.189: [GC (Allocation Failure) [PSYoungGen: 261709K->18144K(287232K)] 471806K->228249K(864256K), 0.0059563 secs] [Times: user=0.02 sys=0.00, real=0.00 secs] 
128.393: [GC (Allocation Failure) [PSYoungGen: 272096K->1552K(250368K)] 482201K->211689K(827392K), 0.0014454 secs] [Times: user=0.00 sys=0.00, real=0.00 secs] 
130.477: [GC (Allocation Failure) [PSYoungGen: 248185K->5904K(270848K)] 458322K->216057K(847872K), 0.0053280 secs] [Times: user=0.01 sys=0.00, real=0.01 secs] 
132.062: [GC (Allocation Failure) [PSYoungGen: 248592K->1440K(239104K)] 458745K->211593K(816128K), 0.0018332 secs] [Times: user=0.01 sys=0.01, real=0.00 secs] 
133.926: [GC (Allocation Failure) [PSYoungGen: 239008K->1824K(259072K)] 449161K->211977K(836096K), 0.0019623 secs] [Times: user=0.01 sys=0.00, real=0.00 secs] 
134.960: [GC (Allocation Failure) [PSYoungGen: 234272K->17920K(245760K)] 444425K->244457K(822784K), 0.0042274 secs] [Times: user=0.02 sys=0.00, real=0.00 secs] 
136.240: [GC (Allocation Failure) [PSYoungGen: 245248K->1616K(250368K)] 471785K->228177K(827392K), 0.0017614 secs] [Times: user=0.01 sys=0.00, real=0.00 secs] 
137.380: [GC (Allocation Failure) [PSYoungGen: 224336K->18096K(236544K)] 450897K->244665K(813568K), 0.0026189 secs] [Times: user=0.01 sys=0.00, real=0.00 secs] 
138.260: [GC (Allocation Failure) [PSYoungGen: 236208K->1424K(241152K)] 462777K->227993K(818176K), 0.0021149 secs] [Times: user=0.01 sys=0.00, real=0.00 secs] 
139.546: [GC (Allocation Failure) [PSYoungGen: 214928K->1837K(211456K)] 441497K->228414K(788480K), 0.0020756 secs] [Times: user=0.00 sys=0.00, real=0.00 secs] 
140.824: [GC (Allocation Failure) [PSYoungGen: 211245K->17920K(236032K)] 437822K->260881K(813056K), 0.0075556 secs] [Times: user=0.04 sys=0.00, real=0.01 secs] 
142.537: [GC (Allocation Failure) [PSYoungGen: 223232K->1645K(203264K)] 466193K->244615K(780288K), 0.0016530 secs] [Times: user=0.00 sys=0.00, real=0.00 secs] 
143.749: [GC (Allocation Failure) [PSYoungGen: 202861K->3776K(221184K)] 445831K->246745K(798208K), 0.0023571 secs] [Times: user=0.00 sys=0.00, real=0.00 secs] 
145.188: [GC (Allocation Failure) [PSYoungGen: 200896K->17824K(211456K)] 443865K->277185K(788480K), 0.0065186 secs] [Times: user=0.03 sys=0.00, real=0.01 secs] 
146.755: [GC (Allocation Failure) [PSYoungGen: 211360K->1616K(216064K)] 470721K->260985K(793088K), 0.0019005 secs] [Times: user=0.01 sys=0.00, real=0.00 secs] 
147.796: [GC (Allocation Failure) [PSYoungGen: 191568K->9856K(196608K)] 450937K->269257K(773632K), 0.0037513 secs] [Times: user=0.01 sys=0.00, real=0.01 secs] 
148.471: [GC (Allocation Failure) [PSYoungGen: 196224K->17776K(211456K)] 455625K->293577K(788480K), 0.0050925 secs] [Times: user=0.02 sys=0.01, real=0.00 secs] 
149.442: [GC (Allocation Failure) [PSYoungGen: 200560K->1680K(181760K)] 476361K->277505K(758784K), 0.0018811 secs] [Times: user=0.01 sys=0.00, real=0.00 secs] 
150.653: [GC (Allocation Failure) [PSYoungGen: 181392K->9920K(200192K)] 457217K->285753K(777216K), 0.0029679 secs] [Times: user=0.01 sys=0.00, real=0.00 secs] 
152.023: [GC (Allocation Failure) [PSYoungGen: 186560K->17792K(191488K)] 462393K->310033K(768512K), 0.0056138 secs] [Times: user=0.03 sys=0.01, real=0.00 secs] 
153.470: [GC (Allocation Failure) [PSYoungGen: 191360K->1648K(196096K)] 483601K->293897K(773120K), 0.0017168 secs] [Times: user=0.01 sys=0.00, real=0.00 secs] 
154.518: [GC (Allocation Failure) [PSYoungGen: 172144K->2240K(169984K)] 464393K->294489K(747008K), 0.0021542 secs] [Times: user=0.01 sys=0.00, real=0.01 secs] 
155.082: [GC (Allocation Failure) [PSYoungGen: 169664K->17824K(192512K)] 461913K->326473K(769536K), 0.0042968 secs] [Times: user=0.02 sys=0.00, real=0.00 secs] 
156.198: [GC (Allocation Failure) [PSYoungGen: 182176K->1520K(163328K)] 490825K->310169K(740352K), 0.0014723 secs] [Times: user=0.01 sys=0.00, real=0.01 secs] 
157.154: [GC (Allocation Failure) [PSYoungGen: 163312K->1744K(183808K)] 471961K->310401K(760832K), 0.0019191 secs] [Times: user=0.01 sys=0.00, real=0.00 secs] 
158.966: [GC (Allocation Failure) [PSYoungGen: 160976K->17920K(175104K)] 469633K->326593K(752128K), 0.0030122 secs] [Times: user=0.01 sys=0.00, real=0.01 secs] 
160.667: [GC (Allocation Failure) [PSYoungGen: 174592K->1392K(180224K)] 483265K->310073K(757248K), 0.0024883 secs] [Times: user=0.01 sys=0.00, real=0.01 secs] 
162.081: [GC (Allocation Failure) [PSYoungGen: 155504K->1648K(153600K)] 464185K->310329K(730624K), 0.0019809 secs] [Times: user=0.00 sys=0.00, real=0.00 secs] 
162.994: [GC (Allocation Failure) [PSYoungGen: 153200K->2720K(171520K)] 461881K->311401K(748544K), 0.0024258 secs] [Times: user=0.01 sys=0.00, real=0.00 secs] 
163.666: [GC (Allocation Failure) [PSYoungGen: 151712K->17824K(173568K)] 460393K->342889K(750592K), 0.0048886 secs] [Times: user=0.03 sys=0.00, real=0.01 secs] 
164.883: [GC (Allocation Failure) [PSYoungGen: 164768K->1408K(169472K)] 489833K->326489K(746496K), 0.0024453 secs] [Times: user=0.01 sys=0.00, real=0.00 secs] 
165.861: [GC (Allocation Failure) [PSYoungGen: 146304K->1744K(144896K)] 471385K->326825K(721920K), 0.0020204 secs] [Times: user=0.00 sys=0.00, real=0.00 secs] 
166.603: [GC (Allocation Failure) [PSYoungGen: 144592K->9824K(164352K)] 469673K->334913K(741376K), 0.0021257 secs] [Times: user=0.01 sys=0.00, real=0.00 secs] 
167.293: [GC (Allocation Failure) [PSYoungGen: 150624K->17792K(164864K)] 475713K->359289K(741888K), 0.0043117 secs] [Times: user=0.02 sys=0.00, real=0.00 secs] 
168.419: [GC (Allocation Failure) [PSYoungGen: 156544K->1456K(160768K)] 498041K->342953K(737792K), 0.0021372 secs] [Times: user=0.01 sys=0.00, real=0.00 secs] 
169.259: [GC (Allocation Failure) [PSYoungGen: 138160K->1741K(136704K)] 479657K->343247K(713728K), 0.0018907 secs] [Times: user=0.01 sys=0.00, real=0.00 secs] 
170.098: [GC (Allocation Failure) [PSYoungGen: 135894K->5712K(153600K)] 477400K->347217K(730624K), 0.0039244 secs] [Times: user=0.01 sys=0.00, real=0.01 secs] 
171.051: [GC (Allocation Failure) [PSYoungGen: 138320K->17792K(155136K)] 479825K->375681K(732160K), 0.0060872 secs] [Times: user=0.03 sys=0.00, real=0.00 secs] 
172.386: [GC (Allocation Failure) [PSYoungGen: 148352K->1376K(153088K)] 506241K->359265K(730112K), 0.0028669 secs] [Times: user=0.01 sys=0.00, real=0.01 secs] 
173.377: [GC (Allocation Failure) [PSYoungGen: 130400K->1709K(129536K)] 488289K->359599K(706560K), 0.0017445 secs] [Times: user=0.01 sys=0.00, real=0.01 secs] 
174.129: [GC (Allocation Failure) [PSYoungGen: 129197K->1613K(147456K)] 487087K->359511K(724480K), 0.0018673 secs] [Times: user=0.01 sys=0.00, real=0.00 secs] 
174.752: [GC (Allocation Failure) [PSYoungGen: 127565K->17824K(148480K)] 485463K->375721K(725504K), 0.0024162 secs] [Times: user=0.01 sys=0.00, real=0.00 secs] 
175.485: [GC (Allocation Failure) [PSYoungGen: 142240K->17824K(148992K)] 500137K->392113K(726016K), 0.0070281 secs] [Times: user=0.04 sys=0.00, real=0.01 secs] 
176.444: [GC (Allocation Failure) [PSYoungGen: 140192K->1581K(122880K)] 514481K->375879K(699904K), 0.0015441 secs] [Times: user=0.01 sys=0.00, real=0.00 secs] 
177.151: [GC (Allocation Failure) [PSYoungGen: 122413K->1680K(144384K)] 496711K->375977K(721408K), 0.0018832 secs] [Times: user=0.00 sys=0.00, real=0.00 secs] 
177.765: [GC (Allocation Failure) [PSYoungGen: 120976K->9760K(128000K)] 495273K->384065K(705024K), 0.0023145 secs] [Times: user=0.01 sys=0.00, real=0.00 secs] 
178.528: [GC (Allocation Failure) [PSYoungGen: 127520K->17824K(141824K)] 501825K->408521K(718848K), 0.0053825 secs] [Times: user=0.03 sys=0.00, real=0.01 secs] 
179.917: [GC (Allocation Failure) [PSYoungGen: 133536K->1408K(115712K)] 524233K->392105K(692736K), 0.0028533 secs] [Times: user=0.02 sys=0.00, real=0.01 secs] 
180.938: [GC (Allocation Failure) [PSYoungGen: 115584K->1677K(136192K)] 506281K->392375K(713216K), 0.0017348 secs] [Times: user=0.01 sys=0.00, real=0.01 secs] 
181.659: [GC (Allocation Failure) [PSYoungGen: 114317K->1677K(113152K)] 505015K->392375K(690176K), 0.0019708 secs] [Times: user=0.01 sys=0.00, real=0.00 secs] 
182.417: [GC (Allocation Failure) [PSYoungGen: 110203K->9680K(131584K)] 500901K->400385K(708608K), 0.0031194 secs] [Times: user=0.01 sys=0.00, real=0.01 secs] 
183.565: [GC (Allocation Failure) [PSYoungGen: 119248K->17792K(133120K)] 509953K->424881K(710144K), 0.0116996 secs] [Times: user=0.06 sys=0.00, real=0.01 secs] 
185.041: [GC (Allocation Failure) [PSYoungGen: 126336K->1408K(131584K)] 533425K->408497K(708608K), 0.0039539 secs] [Times: user=0.02 sys=0.00, real=0.00 secs] 
186.130: [GC (Allocation Failure) [PSYoungGen: 108928K->1616K(108544K)] 516017K->408722K(685568K), 0.0019623 secs] [Times: user=0.01 sys=0.00, real=0.00 secs] 
186.751: [GC (Allocation Failure) [PSYoungGen: 108112K->1616K(128512K)] 515218K->408722K(705536K), 0.0019052 secs] [Times: user=0.01 sys=0.00, real=0.00 secs] 
187.268: [GC (Allocation Failure) [PSYoungGen: 107088K->9728K(114688K)] 514194K->416841K(691712K), 0.0019758 secs] [Times: user=0.00 sys=0.00, real=0.01 secs] 
187.599: [GC (Allocation Failure) [PSYoungGen: 114176K->17792K(126464K)] 521289K->441297K(703488K), 0.0036893 secs] [Times: user=0.02 sys=0.00, real=0.00 secs] 
188.024: [GC (Allocation Failure) [PSYoungGen: 120192K->1344K(102912K)] 543697K->424849K(679936K), 0.0019849 secs] [Times: user=0.01 sys=0.00, real=0.00 secs] 
188.850: [GC (Allocation Failure) [PSYoungGen: 102720K->1488K(122880K)] 526225K->424994K(699904K), 0.0016245 secs] [Times: user=0.01 sys=0.00, real=0.00 secs] 
189.434: [GC (Allocation Failure) [PSYoungGen: 101840K->1584K(101376K)] 525346K->425090K(678400K), 0.0018317 secs] [Times: user=0.01 sys=0.00, real=0.00 secs] 
190.022: [GC (Allocation Failure) [PSYoungGen: 100912K->1648K(118784K)] 524418K->425170K(695808K), 0.0017488 secs] [Times: user=0.01 sys=0.00, real=0.00 secs] 
191.087: [GC (Allocation Failure) [PSYoungGen: 99952K->17856K(119808K)] 523474K->441377K(696832K), 0.0039420 secs] [Times: user=0.02 sys=0.00, real=0.01 secs] 
191.457: [GC (Allocation Failure) [PSYoungGen: 115136K->17824K(120832K)] 538657K->457729K(697856K), 0.0050208 secs] [Times: user=0.02 sys=0.00, real=0.01 secs] 
191.896: [GC (Allocation Failure) [PSYoungGen: 113056K->1376K(95744K)] 552961K->441281K(672768K), 0.0019854 secs] [Times: user=0.00 sys=0.01, real=0.00 secs] 
192.465: [GC (Allocation Failure) [PSYoungGen: 95584K->1520K(117248K)] 535489K->441426K(694272K), 0.0018325 secs] [Times: user=0.00 sys=0.00, real=0.00 secs] 
193.009: [GC (Allocation Failure) [PSYoungGen: 94704K->1584K(94208K)] 534610K->441514K(671232K), 0.0017502 secs] [Times: user=0.01 sys=0.00, real=0.00 secs] 
193.613: [GC (Allocation Failure) [PSYoungGen: 93744K->3648K(112128K)] 533674K->443578K(689152K), 0.0024403 secs] [Times: user=0.01 sys=0.00, real=0.00 secs] 
194.407: [GC (Allocation Failure) [PSYoungGen: 94784K->17824K(113664K)] 534714K->457754K(690688K), 0.0033202 secs] [Times: user=0.02 sys=0.00, real=0.01 secs] 
195.113: [GC (Allocation Failure) [PSYoungGen: 107936K->17824K(114176K)] 547866K->474138K(691200K), 0.0057197 secs] [Times: user=0.03 sys=0.00, real=0.01 secs] 
195.946: [GC (Allocation Failure) [PSYoungGen: 105888K->1376K(88576K)] 562202K->457689K(665600K), 0.0023214 secs] [Times: user=0.01 sys=0.00, real=0.00 secs] 
196.576: [GC (Allocation Failure) [PSYoungGen: 88416K->1552K(111616K)] 544729K->457874K(688640K), 0.0017256 secs] [Times: user=0.01 sys=0.00, real=0.00 secs] 
197.084: [GC (Allocation Failure) [PSYoungGen: 88080K->1616K(88064K)] 544402K->457938K(665088K), 0.0017571 secs] [Times: user=0.01 sys=0.00, real=0.00 secs] 
197.593: [GC (Allocation Failure) [PSYoungGen: 87632K->1648K(108544K)] 543954K->457970K(685568K), 0.0018761 secs] [Times: user=0.01 sys=0.00, real=0.00 secs] 
198.224: [GC (Allocation Failure) [PSYoungGen: 82419K->9648K(94720K)] 538741K->465970K(671744K), 0.0023176 secs] [Times: user=0.01 sys=0.00, real=0.00 secs] 
198.714: [GC (Allocation Failure) [PSYoungGen: 94640K->17760K(106496K)] 550962K->490466K(683520K), 0.0061555 secs] [Times: user=0.03 sys=0.00, real=0.01 secs] 
199.398: [GC (Allocation Failure) [PSYoungGen: 100192K->17792K(109056K)] 572898K->506882K(686080K), 0.0106979 secs] [Times: user=0.06 sys=0.00, real=0.02 secs] 
200.112: [GC (Allocation Failure) [PSYoungGen: 100224K->1392K(100352K)] 589314K->490490K(677376K), 0.0033811 secs] [Times: user=0.01 sys=0.00, real=0.00 secs] 
200.683: [GC (Allocation Failure) [PSYoungGen: 83312K->1661K(83456K)] 572410K->490759K(660480K), 0.0017564 secs] [Times: user=0.01 sys=0.00, real=0.00 secs] 
201.163: [GC (Allocation Failure) [PSYoungGen: 83069K->1616K(104960K)] 572167K->490714K(681984K), 0.0018888 secs] [Times: user=0.00 sys=0.00, real=0.00 secs] 
201.630: [GC (Allocation Failure) [PSYoungGen: 82512K->1568K(82432K)] 571610K->490682K(659456K), 0.0019389 secs] [Times: user=0.00 sys=0.00, real=0.00 secs] 
202.217: [GC (Allocation Failure) [PSYoungGen: 81952K->17824K(102400K)] 571066K->506946K(679424K), 0.0047091 secs] [Times: user=0.02 sys=0.01, real=0.01 secs] 
202.757: [GC (Allocation Failure) [PSYoungGen: 95648K->17792K(104960K)] 584770K->523298K(681984K), 0.0086738 secs] [Times: user=0.05 sys=0.00, real=0.01 secs] 
203.423: [GC (Allocation Failure) [PSYoungGen: 95616K->17856K(113152K)] 601122K->539746K(690176K), 0.0078995 secs] [Times: user=0.04 sys=0.00, real=0.01 secs] 
204.219: [GC (Allocation Failure) [PSYoungGen: 101824K->1424K(114688K)] 623714K->523314K(691712K), 0.0023992 secs] [Times: user=0.01 sys=0.00, real=0.00 secs] 
204.741: [GC (Allocation Failure) [PSYoungGen: 85392K->1648K(102912K)] 607282K->523538K(679936K), 0.0017735 secs] [Times: user=0.01 sys=0.00, real=0.00 secs] 
205.243: [GC (Allocation Failure) [PSYoungGen: 85104K->1629K(84992K)] 606994K->523519K(662016K), 0.0017923 secs] [Times: user=0.01 sys=0.00, real=0.00 secs] 
205.738: [GC (Allocation Failure) [PSYoungGen: 84573K->2528K(107520K)] 606463K->524418K(684544K), 0.0020789 secs] [Times: user=0.01 sys=0.00, real=0.01 secs] 
206.021: [GC (Allocation Failure) [PSYoungGen: 84960K->17792K(108544K)] 606850K->539682K(685568K), 0.0027509 secs] [Times: user=0.01 sys=0.00, real=0.00 secs] 
206.295: [GC (Allocation Failure) [PSYoungGen: 99712K->17792K(109056K)] 621602K->556066K(686080K), 0.0050649 secs] [Times: user=0.02 sys=0.00, real=0.01 secs] 
206.631: [GC (Allocation Failure) [PSYoungGen: 98176K->1344K(110592K)] 636450K->539618K(687616K), 0.0020049 secs] [Times: user=0.01 sys=0.00, real=0.00 secs] 
207.051: [GC (Allocation Failure) [PSYoungGen: 81728K->1504K(98816K)] 620002K->539778K(675840K), 0.0017249 secs] [Times: user=0.00 sys=0.00, real=0.00 secs] 
207.519: [GC (Allocation Failure) [PSYoungGen: 81376K->1549K(81408K)] 619650K->539831K(658432K), 0.0017685 secs] [Times: user=0.01 sys=0.00, real=0.00 secs] 
207.984: [GC (Allocation Failure) [PSYoungGen: 80908K->1552K(102912K)] 619190K->539834K(679936K), 0.0018713 secs] [Times: user=0.00 sys=0.00, real=0.00 secs] 
208.453: [GC (Allocation Failure) [PSYoungGen: 80400K->3552K(81920K)] 618682K->541834K(658944K), 0.0023679 secs] [Times: user=0.01 sys=0.00, real=0.00 secs] 
208.754: [GC (Allocation Failure) [PSYoungGen: 81888K->17824K(100352K)] 620170K->556114K(677376K), 0.0028976 secs] [Times: user=0.01 sys=0.00, real=0.00 secs] 
209.045: [GC (Allocation Failure) [PSYoungGen: 93600K->17760K(102912K)] 631890K->572442K(679936K), 0.0053806 secs] [Times: user=0.03 sys=0.01, real=0.01 secs] 
209.051: [Full GC (Ergonomics) [PSYoungGen: 17760K->0K(102912K)] [ParOldGen: 554682K->127380K(514048K)] 572442K->127380K(616960K), [Metaspace: 54486K->54478K(1099776K)], 0.0405104 secs] [Times: user=0.12 sys=0.00, real=0.04 secs] 
209.283: [GC (Allocation Failure) [PSYoungGen: 48318K->64K(113152K)] 175699K->127444K(627200K), 0.0024113 secs] [Times: user=0.01 sys=0.00, real=0.00 secs] 
209.405: [GC (Allocation Failure) [PSYoungGen: 61000K->96K(112640K)] 188381K->160244K(626688K), 0.0063130 secs] [Times: user=0.03 sys=0.00, real=0.01 secs] 
209.557: [GC (Allocation Failure) [PSYoungGen: 69176K->96K(123392K)] 229325K->225780K(637440K), 0.0055050 secs] [Times: user=0.03 sys=0.00, real=0.01 secs] 
209.954: [GC (Allocation Failure) [PSYoungGen: 97376K->1373K(123904K)] 323060K->259826K(637952K), 0.0038758 secs] [Times: user=0.02 sys=0.00, real=0.00 secs] 
210.535: [GC (Allocation Failure) [PSYoungGen: 98653K->1408K(132608K)] 357106K->259860K(646656K), 0.0016113 secs] [Times: user=0.00 sys=0.00, real=0.00 secs] 
211.240: [GC (Allocation Failure) [PSYoungGen: 112512K->1888K(135168K)] 370964K->260340K(649216K), 0.0019737 secs] [Times: user=0.01 sys=0.00, real=0.00 secs] 
211.726: [GC (Allocation Failure) [PSYoungGen: 112992K->17856K(145920K)] 371444K->276308K(659968K), 0.0031370 secs] [Times: user=0.02 sys=0.00, real=0.01 secs] 
212.313: [GC (Allocation Failure) [PSYoungGen: 140736K->1389K(148992K)] 399188K->259842K(663040K), 0.0018314 secs] [Times: user=0.01 sys=0.00, real=0.00 secs] 
212.972: [GC (Allocation Failure) [PSYoungGen: 124269K->1584K(157184K)] 382722K->260036K(671232K), 0.0016080 secs] [Times: user=0.01 sys=0.00, real=0.00 secs] 
213.779: [GC (Allocation Failure) [PSYoungGen: 137264K->1773K(159232K)] 395716K->260234K(673280K), 0.0018377 secs] [Times: user=0.01 sys=0.00, real=0.00 secs] 
214.526: [GC (Allocation Failure) [PSYoungGen: 137453K->17949K(167936K)] 395914K->276410K(681984K), 0.0033007 secs] [Times: user=0.01 sys=0.00, real=0.01 secs] 
215.812: [GC (Allocation Failure) [PSYoungGen: 163357K->1408K(171008K)] 421818K->259868K(685056K), 0.0017365 secs] [Times: user=0.00 sys=0.00, real=0.00 secs] 
216.908: [GC (Allocation Failure) [PSYoungGen: 146816K->1632K(175616K)] 405276K->260092K(689664K), 0.0015407 secs] [Times: user=0.01 sys=0.00, real=0.01 secs] 
217.841: [GC (Allocation Failure) [PSYoungGen: 157280K->1728K(178688K)] 415740K->260188K(692736K), 0.0018535 secs] [Times: user=0.01 sys=0.00, real=0.00 secs] 
218.475: [GC (Allocation Failure) [PSYoungGen: 157376K->1472K(184832K)] 415836K->259932K(698880K), 0.0017588 secs] [Times: user=0.00 sys=0.00, real=0.00 secs] 
219.236: [GC (Allocation Failure) [PSYoungGen: 166848K->1498K(164352K)] 425308K->259959K(678400K), 0.0014979 secs] [Times: user=0.01 sys=0.00, real=0.00 secs] 
220.206: [GC (Allocation Failure) [PSYoungGen: 164314K->1773K(176640K)] 422775K->260234K(690688K), 0.0017420 secs] [Times: user=0.01 sys=0.00, real=0.00 secs] 
221.013: [GC (Allocation Failure) [PSYoungGen: 162541K->17917K(177664K)] 421002K->276378K(691712K), 0.0025771 secs] [Times: user=0.02 sys=0.00, real=0.00 secs] 
221.694: [GC (Allocation Failure) [PSYoungGen: 176637K->1376K(175104K)] 435098K->259881K(689152K), 0.0022012 secs] [Times: user=0.01 sys=0.00, real=0.00 secs] 
222.609: [GC (Allocation Failure) [PSYoungGen: 158048K->1613K(156672K)] 416553K->260119K(670720K), 0.0018545 secs] [Times: user=0.01 sys=0.00, real=0.00 secs] 
224.256: [GC (Allocation Failure) [PSYoungGen: 156237K->5744K(168960K)] 414743K->264274K(683008K), 0.0025272 secs] [Times: user=0.01 sys=0.00, real=0.00 secs] 
226.029: [GC (Allocation Failure) [PSYoungGen: 158320K->1312K(152064K)] 416850K->259849K(666112K), 0.0021767 secs] [Times: user=0.00 sys=0.00, real=0.00 secs] 
227.076: [GC (Allocation Failure) [PSYoungGen: 151840K->1520K(162816K)] 410377K->260058K(676864K), 0.0015867 secs] [Times: user=0.00 sys=0.00, real=0.00 secs] 
228.011: [GC (Allocation Failure) [PSYoungGen: 150000K->1632K(148480K)] 408538K->260186K(662528K), 0.0018425 secs] [Times: user=0.01 sys=0.00, real=0.00 secs] 
228.765: [GC (Allocation Failure) [PSYoungGen: 148064K->9728K(160256K)] 406618K->276474K(674304K), 0.0028919 secs] [Times: user=0.01 sys=0.00, real=0.00 secs] 
229.365: [GC (Allocation Failure) [PSYoungGen: 154112K->1408K(143872K)] 420858K->268162K(657920K), 0.0020177 secs] [Times: user=0.01 sys=0.00, real=0.00 secs] 
230.175: [GC (Allocation Failure) [PSYoungGen: 143744K->1616K(154112K)] 410498K->268370K(668160K), 0.0017509 secs] [Times: user=0.01 sys=0.00, real=0.00 secs] 
231.026: [GC (Allocation Failure) [PSYoungGen: 142416K->1680K(141312K)] 409170K->268434K(655360K), 0.0018995 secs] [Times: user=0.01 sys=0.00, real=0.00 secs] 
232.734: [GC (Allocation Failure) [PSYoungGen: 140944K->9680K(153088K)] 407698K->284634K(667136K), 0.0034958 secs] [Times: user=0.01 sys=0.00, real=0.00 secs] 
233.775: [GC (Allocation Failure) [PSYoungGen: 147408K->1376K(137728K)] 422362K->276330K(651776K), 0.0021221 secs] [Times: user=0.00 sys=0.00, real=0.00 secs] 
234.690: [GC (Allocation Failure) [PSYoungGen: 137568K->1584K(146944K)] 412522K->276546K(660992K), 0.0016979 secs] [Times: user=0.01 sys=0.00, real=0.00 secs] 
235.488: [GC (Allocation Failure) [PSYoungGen: 136240K->1661K(135168K)] 411202K->276623K(649216K), 0.0018455 secs] [Times: user=0.00 sys=0.00, real=0.01 secs] 
236.121: [GC (Allocation Failure) [PSYoungGen: 134781K->9648K(145920K)] 409743K->292810K(659968K), 0.0025668 secs] [Times: user=0.01 sys=0.00, real=0.00 secs] 
236.669: [GC (Allocation Failure) [PSYoungGen: 141232K->1376K(131584K)] 424394K->284538K(645632K), 0.0019720 secs] [Times: user=0.01 sys=0.01, real=0.01 secs] 
237.407: [GC (Allocation Failure) [PSYoungGen: 131424K->1552K(140800K)] 414586K->284722K(654848K), 0.0017901 secs] [Times: user=0.01 sys=0.00, real=0.00 secs] 
238.164: [GC (Allocation Failure) [PSYoungGen: 130064K->1629K(129024K)] 413234K->284807K(643072K), 0.0018315 secs] [Times: user=0.01 sys=0.00, real=0.00 secs] 
240.185: [GC (Allocation Failure) [PSYoungGen: 128605K->9648K(138752K)] 411783K->301018K(652800K), 0.0043789 secs] [Times: user=0.02 sys=0.00, real=0.01 secs] 
241.537: [GC (Allocation Failure) [PSYoungGen: 135088K->1408K(125440K)] 426458K->292778K(639488K), 0.0024844 secs] [Times: user=0.01 sys=0.01, real=0.01 secs] 
242.571: [GC (Allocation Failure) [PSYoungGen: 125312K->1549K(133120K)] 416682K->292919K(647168K), 0.0016584 secs] [Times: user=0.00 sys=0.00, real=0.00 secs] 
243.289: [GC (Allocation Failure) [PSYoungGen: 123917K->1616K(122880K)] 415287K->292986K(636928K), 0.0018843 secs] [Times: user=0.01 sys=0.00, real=0.01 secs] 
243.929: [GC (Allocation Failure) [PSYoungGen: 122448K->9760K(132096K)] 413818K->301130K(646144K), 0.0021848 secs] [Times: user=0.01 sys=0.00, real=0.00 secs] 
244.391: [GC (Allocation Failure) [PSYoungGen: 129056K->1376K(119808K)] 420426K->292746K(633856K), 0.0017209 secs] [Times: user=0.00 sys=0.00, real=0.00 secs] 
244.881: [GC (Allocation Failure) [PSYoungGen: 119648K->1376K(129024K)] 411018K->292746K(643072K), 0.0017403 secs] [Times: user=0.01 sys=0.00, real=0.00 secs] 
245.660: [GC (Allocation Failure) [PSYoungGen: 118624K->1648K(118272K)] 409994K->293034K(632320K), 0.0016313 secs] [Times: user=0.01 sys=0.00, real=0.00 secs] 
246.352: [GC (Allocation Failure) [PSYoungGen: 117872K->1661K(124928K)] 409258K->293047K(638976K), 0.0019079 secs] [Times: user=0.01 sys=0.00, real=0.00 secs] 
247.985: [GC (Allocation Failure) [PSYoungGen: 116861K->9632K(125952K)] 408247K->309210K(640000K), 0.0036281 secs] [Times: user=0.02 sys=0.00, real=0.00 secs] 
249.567: [GC (Allocation Failure) [PSYoungGen: 123808K->1296K(124416K)] 423386K->300874K(638464K), 0.0024939 secs] [Times: user=0.01 sys=0.00, real=0.01 secs] 
250.633: [GC (Allocation Failure) [PSYoungGen: 114448K->1469K(113664K)] 414026K->301047K(627712K), 0.0018573 secs] [Times: user=0.00 sys=0.00, real=0.00 secs] 
251.299: [GC (Allocation Failure) [PSYoungGen: 113597K->1680K(121344K)] 413175K->301258K(635392K), 0.0017983 secs] [Times: user=0.01 sys=0.00, real=0.00 secs] 
251.964: [GC (Allocation Failure) [PSYoungGen: 112784K->2624K(113152K)] 412362K->302210K(627200K), 0.0019704 secs] [Times: user=0.01 sys=0.00, real=0.00 secs] 
252.394: [GC (Allocation Failure) [PSYoungGen: 112704K->9600K(119808K)] 412290K->317378K(633856K), 0.0020713 secs] [Times: user=0.01 sys=0.00, real=0.00 secs] 
252.895: [GC (Allocation Failure) [PSYoungGen: 118144K->1376K(121344K)] 425922K->309154K(635392K), 0.0018457 secs] [Times: user=0.01 sys=0.00, real=0.00 secs] 
253.493: [GC (Allocation Failure) [PSYoungGen: 109920K->1520K(126464K)] 417698K->309298K(640512K), 0.0016510 secs] [Times: user=0.01 sys=0.00, real=0.00 secs] 
254.172: [GC (Allocation Failure) [PSYoungGen: 116720K->1680K(116224K)] 424498K->309466K(630272K), 0.0017468 secs] [Times: user=0.00 sys=0.01, real=0.00 secs] 
255.088: [GC (Allocation Failure) [PSYoungGen: 115856K->3616K(122368K)] 423642K->311402K(636416K), 0.0023301 secs] [Times: user=0.01 sys=0.00, real=0.01 secs] 
255.832: [GC (Allocation Failure) [PSYoungGen: 116768K->1440K(113664K)] 424554K->309226K(627712K), 0.0018762 secs] [Times: user=0.01 sys=0.00, real=0.00 secs] 
256.298: [GC (Allocation Failure) [PSYoungGen: 113568K->1408K(122880K)] 421354K->309194K(636928K), 0.0019238 secs] [Times: user=0.01 sys=0.00, real=0.01 secs] 
256.911: [GC (Allocation Failure) [PSYoungGen: 114048K->1549K(113664K)] 421834K->309335K(627712K), 0.0017011 secs] [Times: user=0.01 sys=0.00, real=0.00 secs] 
257.564: [GC (Allocation Failure) [PSYoungGen: 113165K->1613K(117760K)] 420951K->309407K(631808K), 0.0018093 secs] [Times: user=0.00 sys=0.00, real=0.00 secs] 
258.605: [GC (Allocation Failure) [PSYoungGen: 112205K->5632K(115712K)] 419999K->317522K(629760K), 0.0029356 secs] [Times: user=0.01 sys=0.00, real=0.00 secs] 
259.489: [GC (Allocation Failure) [PSYoungGen: 115200K->1392K(116736K)] 427090K->313290K(630784K), 0.0024719 secs] [Times: user=0.01 sys=0.00, real=0.00 secs] 
259.977: [GC (Allocation Failure) [PSYoungGen: 109936K->1392K(117760K)] 421834K->313298K(631808K), 0.0020509 secs] [Times: user=0.01 sys=0.00, real=0.01 secs] 
260.660: [GC (Allocation Failure) [PSYoungGen: 109936K->1581K(109568K)] 421842K->313487K(623616K), 0.0018073 secs] [Times: user=0.01 sys=0.00, real=0.00 secs] 
261.295: [GC (Allocation Failure) [PSYoungGen: 109101K->1680K(108544K)] 421007K->313586K(622592K), 0.0019375 secs] [Times: user=0.01 sys=0.00, real=0.00 secs] 
262.167: [GC (Allocation Failure) [PSYoungGen: 108176K->5664K(115712K)] 420082K->321682K(629760K), 0.0051140 secs] [Times: user=0.02 sys=0.00, real=0.01 secs] 
262.631: [GC (Allocation Failure) [PSYoungGen: 113696K->1344K(116736K)] 429714K->317370K(630784K), 0.0019335 secs] [Times: user=0.01 sys=0.00, real=0.00 secs] 
263.080: [GC (Allocation Failure) [PSYoungGen: 109376K->1344K(122880K)] 425402K->317370K(636928K), 0.0019087 secs] [Times: user=0.00 sys=0.00, real=0.00 secs] 
263.741: [GC (Allocation Failure) [PSYoungGen: 117056K->1613K(123392K)] 433082K->317639K(637440K), 0.0016313 secs] [Times: user=0.01 sys=0.00, real=0.00 secs] 
264.419: [GC (Allocation Failure) [PSYoungGen: 117325K->1677K(129536K)] 433351K->317703K(643584K), 0.0019226 secs] [Times: user=0.01 sys=0.00, real=0.00 secs] 
266.098: [GC (Allocation Failure) [PSYoungGen: 125069K->1440K(123392K)] 441095K->333858K(637440K), 0.0033198 secs] [Times: user=0.02 sys=0.00, real=0.01 secs] 
267.370: [GC (Allocation Failure) [PSYoungGen: 123296K->1408K(125440K)] 455714K->333826K(639488K), 0.0028096 secs] [Times: user=0.01 sys=0.00, real=0.00 secs] 
268.754: [GC (Allocation Failure) [PSYoungGen: 121728K->1376K(120832K)] 454146K->333794K(634880K), 0.0016492 secs] [Times: user=0.01 sys=0.00, real=0.00 secs] 
269.451: [GC (Allocation Failure) [PSYoungGen: 120672K->1645K(123392K)] 453090K->334071K(637440K), 0.0018890 secs] [Times: user=0.00 sys=0.00, real=0.00 secs] 
270.108: [GC (Allocation Failure) [PSYoungGen: 119377K->2608K(120320K)] 451804K->335042K(634368K), 0.0026106 secs] [Times: user=0.01 sys=0.00, real=0.01 secs] 
270.595: [GC (Allocation Failure) [PSYoungGen: 119856K->1408K(122880K)] 452290K->333842K(636928K), 0.0019988 secs] [Times: user=0.01 sys=0.00, real=0.00 secs] 
271.278: [GC (Allocation Failure) [PSYoungGen: 118656K->1376K(117760K)] 451090K->333810K(631808K), 0.0021507 secs] [Times: user=0.01 sys=0.00, real=0.01 secs] 
272.219: [GC (Allocation Failure) [PSYoungGen: 117600K->1648K(119296K)] 450034K->334082K(633344K), 0.0019431 secs] [Times: user=0.00 sys=0.00, real=0.01 secs] 
272.891: [GC (Allocation Failure) [PSYoungGen: 116848K->1661K(116224K)] 449282K->334095K(630272K), 0.0018140 secs] [Times: user=0.01 sys=0.00, real=0.00 secs] 
274.323: [GC (Allocation Failure) [PSYoungGen: 115837K->1504K(116736K)] 448271K->333938K(630784K), 0.0025237 secs] [Times: user=0.01 sys=0.00, real=0.00 secs] 
275.240: [GC (Allocation Failure) [PSYoungGen: 114656K->1376K(113664K)] 447090K->333810K(627712K), 0.0032517 secs] [Times: user=0.02 sys=0.00, real=0.00 secs] 
276.416: [GC (Allocation Failure) [PSYoungGen: 113504K->1488K(113664K)] 445938K->333930K(627712K), 0.0025490 secs] [Times: user=0.01 sys=0.00, real=0.00 secs] 
277.141: [GC (Allocation Failure) [PSYoungGen: 112592K->1696K(112128K)] 445034K->334138K(626176K), 0.0020584 secs] [Times: user=0.00 sys=0.00, real=0.00 secs] 
277.785: [GC (Allocation Failure) [PSYoungGen: 111776K->1632K(112128K)] 444218K->334074K(626176K), 0.0018002 secs] [Times: user=0.01 sys=0.00, real=0.00 secs] 
278.357: [GC (Allocation Failure) [PSYoungGen: 110688K->1456K(109568K)] 443130K->333898K(623616K), 0.0019010 secs] [Times: user=0.01 sys=0.00, real=0.01 secs] 
279.191: [GC (Allocation Failure) [PSYoungGen: 109488K->1376K(109568K)] 441930K->333826K(623616K), 0.0028271 secs] [Times: user=0.01 sys=0.00, real=0.00 secs] 
280.737: [GC (Allocation Failure) [PSYoungGen: 108384K->1456K(107520K)] 440834K->333914K(621568K), 0.0019239 secs] [Times: user=0.01 sys=0.00, real=0.01 secs] 
281.373: [GC (Allocation Failure) [PSYoungGen: 107440K->1616K(107520K)] 439898K->334074K(621568K), 0.0019378 secs] [Times: user=0.01 sys=0.00, real=0.00 secs] 
281.990: [GC (Allocation Failure) [PSYoungGen: 106576K->1661K(105984K)] 439034K->334119K(620032K), 0.0017508 secs] [Times: user=0.01 sys=0.00, real=0.00 secs] 
282.538: [GC (Allocation Failure) [PSYoungGen: 105597K->1456K(104960K)] 438055K->333938K(619008K), 0.0021178 secs] [Times: user=0.01 sys=0.00, real=0.01 secs] 
283.158: [GC (Allocation Failure) [PSYoungGen: 104368K->1408K(105984K)] 436850K->333890K(620032K), 0.0032688 secs] [Times: user=0.01 sys=0.00, real=0.01 secs] 
284.452: [GC (Allocation Failure) [PSYoungGen: 104320K->1424K(112128K)] 436802K->333906K(626176K), 0.0034424 secs] [Times: user=0.01 sys=0.00, real=0.00 secs] 
285.184: [GC (Allocation Failure) [PSYoungGen: 110992K->1629K(112640K)] 443474K->334111K(626688K), 0.0018932 secs] [Times: user=0.01 sys=0.00, real=0.00 secs] 
285.831: [GC (Allocation Failure) [PSYoungGen: 111197K->1664K(118272K)] 443679K->334154K(632320K), 0.0019303 secs] [Times: user=0.01 sys=0.00, real=0.00 secs] 
287.021: [GC (Allocation Failure) [PSYoungGen: 117888K->1472K(116736K)] 450378K->333962K(630784K), 0.0026073 secs] [Times: user=0.01 sys=0.00, real=0.00 secs] 
287.998: [GC (Allocation Failure) [PSYoungGen: 116672K->1392K(115712K)] 449162K->333882K(629760K), 0.0021463 secs] [Times: user=0.01 sys=0.00, real=0.01 secs] 
288.918: [GC (Allocation Failure) [PSYoungGen: 115568K->1472K(114688K)] 448058K->333962K(628736K), 0.0017284 secs] [Times: user=0.00 sys=0.00, real=0.01 secs] 
289.579: [GC (Allocation Failure) [PSYoungGen: 114624K->1696K(114176K)] 447114K->334186K(628224K), 0.0017694 secs] [Times: user=0.01 sys=0.00, real=0.01 secs] 
290.274: [GC (Allocation Failure) [PSYoungGen: 112557K->2544K(113664K)] 445047K->336146K(627712K), 0.0020801 secs] [Times: user=0.01 sys=0.00, real=0.00 secs] 
290.918: [GC (Allocation Failure) [PSYoungGen: 113648K->1376K(111616K)] 447250K->334978K(625664K), 0.0019467 secs] [Times: user=0.01 sys=0.00, real=0.01 secs] 
291.634: [GC (Allocation Failure) [PSYoungGen: 111456K->1376K(110592K)] 445058K->334978K(624640K), 0.0024170 secs] [Times: user=0.00 sys=0.00, real=0.00 secs] 
292.490: [GC (Allocation Failure) [PSYoungGen: 110432K->1565K(110080K)] 444034K->335167K(624128K), 0.0018842 secs] [Times: user=0.00 sys=0.00, real=0.00 secs] 
293.191: [GC (Allocation Failure) [PSYoungGen: 109597K->1696K(109056K)] 443199K->335298K(623104K), 0.0017934 secs] [Times: user=0.00 sys=0.00, real=0.00 secs] 
293.951: [GC (Allocation Failure) [PSYoungGen: 108704K->2544K(109568K)] 442306K->337210K(623616K), 0.0040359 secs] [Times: user=0.01 sys=0.00, real=0.00 secs] 
294.864: [GC (Allocation Failure) [PSYoungGen: 109552K->384K(110592K)] 444218K->335066K(624640K), 0.0021840 secs] [Times: user=0.00 sys=0.00, real=0.00 secs] 
295.808: [GC (Allocation Failure) [PSYoungGen: 107392K->384K(117248K)] 442074K->335066K(631296K), 0.0031140 secs] [Times: user=0.02 sys=0.00, real=0.01 secs] 
296.752: [GC (Allocation Failure) [PSYoungGen: 114048K->1581K(114688K)] 448730K->336263K(628736K), 0.0018409 secs] [Times: user=0.01 sys=0.00, real=0.00 secs] 
297.423: [GC (Allocation Failure) [PSYoungGen: 114221K->1648K(114176K)] 448903K->336330K(628224K), 0.0018896 secs] [Times: user=0.00 sys=0.00, real=0.00 secs] 
298.062: [GC (Allocation Failure) [PSYoungGen: 113264K->1520K(112128K)] 447946K->344394K(626176K), 0.0023086 secs] [Times: user=0.01 sys=0.00, real=0.00 secs] 
298.521: [GC (Allocation Failure) [PSYoungGen: 112112K->1376K(113664K)] 454986K->344250K(627712K), 0.0019435 secs] [Times: user=0.01 sys=0.00, real=0.00 secs] 
299.300: [GC (Allocation Failure) [PSYoungGen: 111968K->1440K(113664K)] 454842K->344314K(627712K), 0.0020005 secs] [Times: user=0.01 sys=0.00, real=0.00 secs] 
300.002: [GC (Allocation Failure) [PSYoungGen: 112032K->1584K(111616K)] 454906K->344458K(625664K), 0.0020438 secs] [Times: user=0.00 sys=0.00, real=0.00 secs] 
300.646: [GC (Allocation Failure) [PSYoungGen: 111152K->1613K(110592K)] 454026K->344487K(624640K), 0.0019399 secs] [Times: user=0.01 sys=0.00, real=0.00 secs] 
301.257: [GC (Allocation Failure) [PSYoungGen: 110157K->1504K(116736K)] 453031K->344378K(630784K), 0.0021905 secs] [Times: user=0.01 sys=0.00, real=0.01 secs] 
301.759: [GC (Allocation Failure) [PSYoungGen: 116704K->1408K(117760K)] 459578K->344282K(631808K), 0.0019860 secs] [Times: user=0.00 sys=0.00, real=0.00 secs] 
302.770: [GC (Allocation Failure) [PSYoungGen: 116608K->1501K(115712K)] 459482K->344383K(629760K), 0.0020183 secs] [Times: user=0.01 sys=0.00, real=0.00 secs] 
303.441: [GC (Allocation Failure) [PSYoungGen: 115677K->1629K(115200K)] 458559K->344519K(629248K), 0.0018757 secs] [Times: user=0.01 sys=0.00, real=0.00 secs] 
304.111: [GC (Allocation Failure) [PSYoungGen: 114781K->525K(113152K)] 457671K->343415K(627200K), 0.0018265 secs] [Times: user=0.01 sys=0.00, real=0.00 secs] 
305.179: [GC (Allocation Failure) [PSYoungGen: 112653K->1408K(112640K)] 455543K->344330K(626688K), 0.0021171 secs] [Times: user=0.01 sys=0.00, real=0.00 secs] 
306.134: [GC (Allocation Failure) [PSYoungGen: 112512K->1408K(111616K)] 455434K->344330K(625664K), 0.0021913 secs] [Times: user=0.01 sys=0.00, real=0.00 secs] 
306.711: [GC (Allocation Failure) [PSYoungGen: 111488K->1520K(110592K)] 454410K->344442K(624640K), 0.0018274 secs] [Times: user=0.01 sys=0.00, real=0.00 secs] 
307.356: [GC (Allocation Failure) [PSYoungGen: 110576K->1616K(110080K)] 453498K->344546K(624128K), 0.0019463 secs] [Times: user=0.01 sys=0.00, real=0.00 secs] 
308.014: [GC (Allocation Failure) [PSYoungGen: 109648K->2528K(109568K)] 452578K->346554K(623616K), 0.0023496 secs] [Times: user=0.01 sys=0.00, real=0.00 secs] 
308.459: [GC (Allocation Failure) [PSYoungGen: 109536K->352K(115200K)] 453562K->344386K(629248K), 0.0020204 secs] [Times: user=0.01 sys=0.00, real=0.00 secs] 
308.933: [GC (Allocation Failure) [PSYoungGen: 114528K->384K(117248K)] 458562K->344418K(631296K), 0.0018687 secs] [Times: user=0.01 sys=0.00, real=0.00 secs] 
309.589: [GC (Allocation Failure) [PSYoungGen: 114560K->1581K(123904K)] 458594K->345615K(637952K), 0.0019042 secs] [Times: user=0.01 sys=0.00, real=0.01 secs] 
310.299: [GC (Allocation Failure) [PSYoungGen: 122925K->1645K(124416K)] 466959K->345679K(638464K), 0.0019928 secs] [Times: user=0.01 sys=0.00, real=0.00 secs] 
311.593: [GC (Allocation Failure) [PSYoungGen: 122989K->1472K(121856K)] 467023K->345514K(635904K), 0.0031751 secs] [Times: user=0.01 sys=0.00, real=0.00 secs] 
312.636: [GC (Allocation Failure) [PSYoungGen: 121792K->1440K(120832K)] 465834K->345490K(634880K), 0.0029544 secs] [Times: user=0.02 sys=0.00, real=0.01 secs] 
313.785: [GC (Allocation Failure) [PSYoungGen: 120736K->1565K(120320K)] 464786K->345615K(634368K), 0.0017552 secs] [Times: user=0.01 sys=0.00, real=0.00 secs] 
314.482: [GC (Allocation Failure) [PSYoungGen: 119837K->1648K(119296K)] 463887K->345706K(633344K), 0.0020479 secs] [Times: user=0.01 sys=0.00, real=0.00 secs] 
315.159: [GC (Allocation Failure) [PSYoungGen: 118896K->1504K(117760K)] 462954K->347634K(631808K), 0.0024406 secs] [Times: user=0.01 sys=0.00, real=0.00 secs] 
315.644: [GC (Allocation Failure) [PSYoungGen: 117728K->1408K(126464K)] 463858K->347538K(640512K), 0.0020532 secs] [Times: user=0.01 sys=0.00, real=0.00 secs] 
316.154: [GC (Allocation Failure) [PSYoungGen: 124288K->1408K(126464K)] 470418K->347538K(640512K), 0.0018159 secs] [Times: user=0.01 sys=0.00, real=0.00 secs] 
316.868: [GC (Allocation Failure) [PSYoungGen: 124800K->1568K(126464K)] 470930K->347698K(640512K), 0.0018432 secs] [Times: user=0.00 sys=0.00, real=0.01 secs] 
317.598: [GC (Allocation Failure) [PSYoungGen: 124960K->1632K(134144K)] 471090K->347762K(648192K), 0.0056055 secs] [Times: user=0.02 sys=0.00, real=0.01 secs] 
318.689: [GC (Allocation Failure) [PSYoungGen: 132704K->1408K(134144K)] 478834K->347546K(648192K), 0.0026207 secs] [Times: user=0.01 sys=0.00, real=0.00 secs] 
319.259: [GC (Allocation Failure) [PSYoungGen: 132480K->1376K(143360K)] 478618K->347514K(657408K), 0.0022817 secs] [Times: user=0.01 sys=0.00, real=0.01 secs] 
320.192: [GC (Allocation Failure) [PSYoungGen: 141664K->1600K(143360K)] 487802K->347738K(657408K), 0.0017527 secs] [Times: user=0.00 sys=0.00, real=0.00 secs] 
321.080: [GC (Allocation Failure) [PSYoungGen: 141888K->1789K(151040K)] 488026K->347927K(665088K), 0.0020004 secs] [Times: user=0.01 sys=0.00, real=0.00 secs] 
321.834: [GC (Allocation Failure) [PSYoungGen: 150781K->1440K(151552K)] 496919K->347578K(665600K), 0.0023291 secs] [Times: user=0.01 sys=0.00, real=0.00 secs] 
322.543: [GC (Allocation Failure) [PSYoungGen: 150432K->1517K(148480K)] 496570K->347655K(662528K), 0.0017786 secs] [Times: user=0.01 sys=0.00, real=0.00 secs] 
323.403: [GC (Allocation Failure) [PSYoungGen: 148461K->1773K(146944K)] 494599K->347927K(660992K), 0.0022172 secs] [Times: user=0.01 sys=0.00, real=0.00 secs] 
324.587: [GC (Allocation Failure) [PSYoungGen: 146669K->1536K(144896K)] 492823K->347698K(658944K), 0.0022388 secs] [Times: user=0.01 sys=0.00, real=0.01 secs] 
325.838: [GC (Allocation Failure) [PSYoungGen: 144384K->1440K(142848K)] 490546K->347602K(656896K), 0.0036871 secs] [Times: user=0.01 sys=0.00, real=0.01 secs] 
326.993: [GC (Allocation Failure) [PSYoungGen: 142752K->1584K(141824K)] 488914K->347746K(655872K), 0.0016859 secs] [Times: user=0.01 sys=0.00, real=0.00 secs] 
327.818: [GC (Allocation Failure) [PSYoungGen: 141360K->1693K(140288K)] 487522K->347855K(654336K), 0.0018523 secs] [Times: user=0.01 sys=0.00, real=0.01 secs] 
328.559: [GC (Allocation Failure) [PSYoungGen: 139933K->1440K(138240K)] 486095K->347610K(652288K), 0.0021650 secs] [Times: user=0.01 sys=0.00, real=0.00 secs] 
329.611: [GC (Allocation Failure) [PSYoungGen: 138144K->1344K(136704K)] 484314K->347514K(650752K), 0.0036158 secs] [Times: user=0.02 sys=0.00, real=0.00 secs] 
330.660: [GC (Allocation Failure) [PSYoungGen: 136512K->1616K(135680K)] 482682K->347786K(649728K), 0.0017514 secs] [Times: user=0.01 sys=0.00, real=0.00 secs] 
331.449: [GC (Allocation Failure) [PSYoungGen: 135248K->1632K(134144K)] 481418K->347802K(648192K), 0.0018819 secs] [Times: user=0.00 sys=0.00, real=0.00 secs] 
332.507: [GC (Allocation Failure) [PSYoungGen: 133728K->1456K(132096K)] 479898K->347634K(646144K), 0.0026469 secs] [Times: user=0.02 sys=0.00, real=0.01 secs] 
333.631: [GC (Allocation Failure) [PSYoungGen: 132016K->1376K(130560K)] 478194K->347554K(644608K), 0.0032911 secs] [Times: user=0.01 sys=0.01, real=0.00 secs] 
334.661: [GC (Allocation Failure) [PSYoungGen: 130400K->1520K(129024K)] 476578K->347746K(643072K), 0.0016658 secs] [Times: user=0.01 sys=0.00, real=0.00 secs] 
335.409: [GC (Allocation Failure) [PSYoungGen: 129008K->1664K(128000K)] 475234K->347898K(642048K), 0.0020461 secs] [Times: user=0.00 sys=0.00, real=0.01 secs] 
336.043: [GC (Allocation Failure) [PSYoungGen: 127616K->416K(124928K)] 473850K->347674K(638976K), 0.0019194 secs] [Times: user=0.00 sys=0.00, real=0.00 secs] 
336.670: [GC (Allocation Failure) [PSYoungGen: 124832K->384K(125440K)] 472090K->347650K(639488K), 0.0019650 secs] [Times: user=0.00 sys=0.00, real=0.00 secs] 
337.329: [GC (Allocation Failure) [PSYoungGen: 123264K->1488K(122880K)] 470530K->348754K(636928K), 0.0018033 secs] [Times: user=0.00 sys=0.00, real=0.00 secs] 
338.038: [GC (Allocation Failure) [PSYoungGen: 122832K->1645K(132608K)] 470098K->348911K(646656K), 0.0061320 secs] [Times: user=0.02 sys=0.00, real=0.01 secs] 
338.754: [GC (Allocation Failure) [PSYoungGen: 132205K->1536K(141824K)] 479471K->348818K(655872K), 0.0020288 secs] [Times: user=0.01 sys=0.00, real=0.00 secs] 
339.371: [GC (Allocation Failure) [PSYoungGen: 141312K->1360K(147968K)] 488594K->348642K(662016K), 0.0019048 secs] [Times: user=0.01 sys=0.00, real=0.00 secs] 
340.147: [GC (Allocation Failure) [PSYoungGen: 146768K->1565K(152064K)] 494050K->348847K(666112K), 0.0019042 secs] [Times: user=0.00 sys=0.00, real=0.01 secs] 
341.029: [GC (Allocation Failure) [PSYoungGen: 151069K->1760K(152064K)] 498351K->349042K(666112K), 0.0020404 secs] [Times: user=0.01 sys=0.00, real=0.00 secs] 
342.127: [GC (Allocation Failure) [PSYoungGen: 151264K->1408K(148992K)] 498546K->348690K(663040K), 0.0022391 secs] [Times: user=0.01 sys=0.00, real=0.01 secs] 
342.764: [GC (Allocation Failure) [PSYoungGen: 148492K->352K(145920K)] 495774K->347634K(659968K), 0.0022560 secs] [Times: user=0.01 sys=0.00, real=0.00 secs] 
343.637: [GC (Allocation Failure) [PSYoungGen: 145760K->1709K(145408K)] 493042K->348991K(659456K), 0.0017675 secs] [Times: user=0.01 sys=0.00, real=0.01 secs] 
345.541: [GC (Allocation Failure) [PSYoungGen: 145069K->1568K(143872K)] 492351K->348858K(657920K), 0.0025296 secs] [Times: user=0.01 sys=0.00, real=0.00 secs] 
346.161: [GC (Allocation Failure) [PSYoungGen: 143392K->1376K(141824K)] 490682K->348666K(655872K), 0.0020021 secs] [Times: user=0.01 sys=0.00, real=0.00 secs] 
346.883: [GC (Allocation Failure) [PSYoungGen: 141664K->1549K(140800K)] 488954K->348839K(654848K), 0.0017393 secs] [Times: user=0.01 sys=0.00, real=0.00 secs] 
347.756: [GC (Allocation Failure) [PSYoungGen: 140301K->1616K(139264K)] 487591K->348906K(653312K), 0.0018664 secs] [Times: user=0.01 sys=0.00, real=0.00 secs] 
348.745: [GC (Allocation Failure) [PSYoungGen: 138832K->1536K(137728K)] 486122K->348826K(651776K), 0.0024968 secs] [Times: user=0.01 sys=0.00, real=0.00 secs] 
349.322: [GC (Allocation Failure) [PSYoungGen: 137216K->1440K(135680K)] 484506K->348730K(649728K), 0.0019603 secs] [Times: user=0.01 sys=0.00, real=0.00 secs] 
350.071: [GC (Allocation Failure) [PSYoungGen: 135584K->1565K(134656K)] 482874K->348855K(648704K), 0.0018246 secs] [Times: user=0.01 sys=0.00, real=0.00 secs] 
350.847: [GC (Allocation Failure) [PSYoungGen: 134173K->1680K(133120K)] 481463K->348970K(647168K), 0.0017837 secs] [Times: user=0.01 sys=0.00, real=0.01 secs] 
352.048: [GC (Allocation Failure) [PSYoungGen: 132752K->1504K(131072K)] 480042K->348810K(645120K), 0.0023330 secs] [Times: user=0.00 sys=0.00, real=0.01 secs] 
352.709: [GC (Allocation Failure) [PSYoungGen: 131040K->1408K(129536K)] 478346K->348714K(643584K), 0.0019309 secs] [Times: user=0.01 sys=0.00, real=0.00 secs] 
353.391: [GC (Allocation Failure) [PSYoungGen: 129408K->1536K(128512K)] 476714K->348842K(642560K), 0.0018045 secs] [Times: user=0.01 sys=0.00, real=0.00 secs] 
354.136: [GC (Allocation Failure) [PSYoungGen: 128000K->576K(125952K)] 475306K->348906K(640000K), 0.0018077 secs] [Times: user=0.00 sys=0.00, real=0.00 secs] 
355.370: [GC (Allocation Failure) [PSYoungGen: 125504K->1440K(125952K)] 473834K->349770K(640000K), 0.0027532 secs] [Times: user=0.01 sys=0.00, real=0.00 secs] 
355.966: [GC (Allocation Failure) [PSYoungGen: 124832K->1408K(123392K)] 473162K->349746K(637440K), 0.0020526 secs] [Times: user=0.01 sys=0.00, real=0.00 secs] 
356.552: [GC (Allocation Failure) [PSYoungGen: 123264K->1440K(121856K)] 471602K->349778K(635904K), 0.0017620 secs] [Times: user=0.01 sys=0.00, real=0.00 secs] 
357.261: [GC (Allocation Failure) [PSYoungGen: 121760K->1520K(120832K)] 470098K->349978K(634880K), 0.0017486 secs] [Times: user=0.00 sys=0.00, real=0.00 secs] 
357.936: [GC (Allocation Failure) [PSYoungGen: 120816K->1600K(120320K)] 469274K->350058K(634368K), 0.0018790 secs] [Times: user=0.00 sys=0.00, real=0.00 secs] 
358.426: [GC (Allocation Failure) [PSYoungGen: 119872K->352K(117760K)] 468330K->349834K(631808K), 0.0017537 secs] [Times: user=0.01 sys=0.00, real=0.00 secs] 
358.912: [GC (Allocation Failure) [PSYoungGen: 117600K->352K(126976K)] 467082K->349834K(641024K), 0.0019365 secs] [Times: user=0.01 sys=0.00, real=0.00 secs] 
359.649: [GC (Allocation Failure) [PSYoungGen: 124768K->1648K(124928K)] 474250K->351130K(638976K), 0.0017122 secs] [Times: user=0.01 sys=0.00, real=0.00 secs] 
360.368: [GC (Allocation Failure) [PSYoungGen: 124528K->1616K(123392K)] 474010K->351098K(637440K), 0.0019024 secs] [Times: user=0.01 sys=0.00, real=0.01 secs] 
360.940: [GC (Allocation Failure) [PSYoungGen: 122960K->1408K(121856K)] 472442K->350890K(635904K), 0.0016959 secs] [Times: user=0.01 sys=0.00, real=0.00 secs] 
361.442: [GC (Allocation Failure) [PSYoungGen: 121728K->1408K(120832K)] 471210K->350890K(634880K), 0.0017215 secs] [Times: user=0.00 sys=0.00, real=0.00 secs] 
362.112: [GC (Allocation Failure) [PSYoungGen: 120704K->1520K(119808K)] 470186K->351010K(633856K), 0.0018099 secs] [Times: user=0.01 sys=0.00, real=0.00 secs] 
362.817: [GC (Allocation Failure) [PSYoungGen: 119792K->1629K(119296K)] 469282K->351127K(633344K), 0.0017431 secs] [Times: user=0.01 sys=0.00, real=0.01 secs] 
364.381: [GC (Allocation Failure) [PSYoungGen: 118877K->1536K(118272K)] 468375K->351034K(632320K), 0.0042878 secs] [Times: user=0.01 sys=0.00, real=0.00 secs] 
365.759: [GC (Allocation Failure) [PSYoungGen: 117760K->1408K(116736K)] 467258K->350906K(630784K), 0.0028313 secs] [Times: user=0.01 sys=0.00, real=0.00 secs] 
366.833: [GC (Allocation Failure) [PSYoungGen: 116608K->1520K(115712K)] 466106K->351018K(629760K), 0.0023183 secs] [Times: user=0.01 sys=0.00, real=0.00 secs] 
367.616: [GC (Allocation Failure) [PSYoungGen: 115696K->1648K(115200K)] 465194K->351146K(629248K), 0.0018286 secs] [Times: user=0.01 sys=0.00, real=0.00 secs] 
368.288: [GC (Allocation Failure) [PSYoungGen: 114800K->1696K(114176K)] 464298K->351194K(628224K), 0.0017545 secs] [Times: user=0.00 sys=0.00, real=0.01 secs] 
369.009: [GC (Allocation Failure) [PSYoungGen: 113824K->1376K(112640K)] 463322K->350882K(626688K), 0.0022059 secs] [Times: user=0.00 sys=0.01, real=0.01 secs] 
369.633: [GC (Allocation Failure) [PSYoungGen: 112480K->1408K(111616K)] 461986K->350914K(625664K), 0.0021197 secs] [Times: user=0.01 sys=0.00, real=0.00 secs] 
370.469: [GC (Allocation Failure) [PSYoungGen: 111488K->1501K(110592K)] 460994K->351007K(624640K), 0.0017148 secs] [Times: user=0.01 sys=0.00, real=0.00 secs] 
371.119: [GC (Allocation Failure) [PSYoungGen: 110557K->1533K(109568K)] 460063K->351143K(623616K), 0.0017081 secs] [Times: user=0.01 sys=0.00, real=0.00 secs] 
371.971: [GC (Allocation Failure) [PSYoungGen: 109565K->1600K(109056K)] 459175K->351210K(623104K), 0.0028306 secs] [Times: user=0.01 sys=0.00, real=0.00 secs] 
372.828: [GC (Allocation Failure) [PSYoungGen: 108608K->384K(106496K)] 458218K->351018K(620544K), 0.0022628 secs] [Times: user=0.01 sys=0.00, real=0.01 secs] 
373.461: [GC (Allocation Failure) [PSYoungGen: 106368K->416K(107520K)] 457002K->351050K(621568K), 0.0022715 secs] [Times: user=0.01 sys=0.00, real=0.00 secs] 
374.358: [GC (Allocation Failure) [PSYoungGen: 105376K->1533K(105472K)] 456010K->352167K(619520K), 0.0017519 secs] [Times: user=0.00 sys=0.00, real=0.01 secs] 
374.975: [GC (Allocation Failure) [PSYoungGen: 105469K->1616K(104960K)] 456103K->352250K(619008K), 0.0018633 secs] [Times: user=0.01 sys=0.00, real=0.00 secs] 
376.124: [GC (Allocation Failure) [PSYoungGen: 104528K->1504K(103424K)] 455162K->352146K(617472K), 0.0024769 secs] [Times: user=0.01 sys=0.00, real=0.00 secs] 
376.999: [GC (Allocation Failure) [PSYoungGen: 103392K->1408K(102400K)] 454034K->352058K(616448K), 0.0022020 secs] [Times: user=0.01 sys=0.00, real=0.00 secs] 
377.454: [GC (Allocation Failure) [PSYoungGen: 102272K->1440K(108544K)] 452922K->352090K(622592K), 0.0023175 secs] [Times: user=0.01 sys=0.00, real=0.00 secs] 
378.030: [GC (Allocation Failure) [PSYoungGen: 108448K->1552K(108032K)] 459098K->352202K(622080K), 0.0016164 secs] [Times: user=0.01 sys=0.00, real=0.00 secs] 
378.655: [GC (Allocation Failure) [PSYoungGen: 107536K->1568K(107008K)] 458186K->352226K(621056K), 0.0017482 secs] [Times: user=0.00 sys=0.00, real=0.00 secs] 
379.353: [GC (Allocation Failure) [PSYoungGen: 106528K->2528K(106496K)] 457186K->353274K(620544K), 0.0023043 secs] [Times: user=0.01 sys=0.00, real=0.00 secs] 
380.344: [GC (Allocation Failure) [PSYoungGen: 106464K->352K(111104K)] 457210K->352138K(625152K), 0.0042793 secs] [Times: user=0.01 sys=0.00, real=0.00 secs] 
380.899: [GC (Allocation Failure) [PSYoungGen: 110944K->352K(120832K)] 462730K->352138K(634880K), 0.0019099 secs] [Times: user=0.01 sys=0.00, real=0.00 secs] 
381.548: [GC (Allocation Failure) [PSYoungGen: 118112K->1584K(125952K)] 469898K->353370K(640000K), 0.0016358 secs] [Times: user=0.00 sys=0.00, real=0.01 secs] 
382.275: [GC (Allocation Failure) [PSYoungGen: 124464K->1632K(123392K)] 476250K->353418K(637440K), 0.0019249 secs] [Times: user=0.00 sys=0.00, real=0.00 secs] 
383.735: [GC (Allocation Failure) [PSYoungGen: 122976K->1472K(121856K)] 474762K->353266K(635904K), 0.0032137 secs] [Times: user=0.01 sys=0.00, real=0.00 secs] 
385.003: [GC (Allocation Failure) [PSYoungGen: 121792K->1440K(120832K)] 473586K->353250K(634880K), 0.0032834 secs] [Times: user=0.01 sys=0.00, real=0.00 secs] 
386.155: [GC (Allocation Failure) [PSYoungGen: 120736K->1472K(119808K)] 472546K->353282K(633856K), 0.0017066 secs] [Times: user=0.01 sys=0.00, real=0.00 secs] 
386.863: [GC (Allocation Failure) [PSYoungGen: 119744K->1584K(119296K)] 471554K->353394K(633344K), 0.0018092 secs] [Times: user=0.01 sys=0.00, real=0.00 secs] 
387.552: [GC (Allocation Failure) [PSYoungGen: 118832K->1600K(118272K)] 470642K->354434K(632320K), 0.0020909 secs] [Times: user=0.01 sys=0.00, real=0.00 secs] 
388.043: [GC (Allocation Failure) [PSYoungGen: 117824K->320K(115712K)] 470658K->353154K(629760K), 0.0018677 secs] [Times: user=0.00 sys=0.00, real=0.00 secs] 
388.521: [GC (Allocation Failure) [PSYoungGen: 115520K->384K(119296K)] 468354K->353218K(633344K), 0.0018554 secs] [Times: user=0.01 sys=0.00, real=0.00 secs] 
389.173: [GC (Allocation Failure) [PSYoungGen: 117120K->1616K(117760K)] 469954K->354450K(631808K), 0.0017502 secs] [Times: user=0.01 sys=0.00, real=0.00 secs] 
389.866: [GC (Allocation Failure) [PSYoungGen: 117328K->1648K(116736K)] 470162K->354482K(630784K), 0.0017918 secs] [Times: user=0.00 sys=0.00, real=0.00 secs] 
390.899: [GC (Allocation Failure) [PSYoungGen: 116336K->1504K(115200K)] 469170K->354338K(629248K), 0.0023483 secs] [Times: user=0.01 sys=0.00, real=0.00 secs] 
391.372: [GC (Allocation Failure) [PSYoungGen: 115168K->1408K(116736K)] 468002K->354250K(630784K), 0.0023026 secs] [Times: user=0.01 sys=0.00, real=0.00 secs] 
391.917: [GC (Allocation Failure) [PSYoungGen: 116096K->1488K(117248K)] 468938K->354330K(631296K), 0.0016192 secs] [Times: user=0.01 sys=0.00, real=0.00 secs] 
392.587: [GC (Allocation Failure) [PSYoungGen: 116176K->1709K(124416K)] 469018K->354551K(638464K), 0.0020298 secs] [Times: user=0.00 sys=0.00, real=0.01 secs] 
393.365: [GC (Allocation Failure) [PSYoungGen: 123565K->2112K(124416K)] 476407K->354954K(638464K), 0.0021966 secs] [Times: user=0.01 sys=0.00, real=0.00 secs] 
394.099: [GC (Allocation Failure) [PSYoungGen: 123968K->1376K(121856K)] 476810K->354218K(635904K), 0.0019041 secs] [Times: user=0.01 sys=0.00, real=0.00 secs] 
394.682: [GC (Allocation Failure) [PSYoungGen: 121696K->1408K(129536K)] 474538K->354282K(643584K), 0.0024572 secs] [Times: user=0.00 sys=0.00, real=0.00 secs] 
395.473: [GC (Allocation Failure) [PSYoungGen: 129408K->1600K(128512K)] 482282K->354474K(642560K), 0.0019169 secs] [Times: user=0.01 sys=0.00, real=0.00 secs] 
396.280: [GC (Allocation Failure) [PSYoungGen: 128064K->1632K(126976K)] 480938K->354506K(641024K), 0.0019178 secs] [Times: user=0.01 sys=0.00, real=0.00 secs] 
397.351: [GC (Allocation Failure) [PSYoungGen: 126560K->1472K(124928K)] 479434K->354354K(638976K), 0.0028808 secs] [Times: user=0.02 sys=0.00, real=0.00 secs] 
398.280: [GC (Allocation Failure) [PSYoungGen: 124864K->1408K(123392K)] 477746K->354290K(637440K), 0.0023261 secs] [Times: user=0.01 sys=0.00, real=0.00 secs] 
399.007: [GC (Allocation Failure) [PSYoungGen: 123264K->1552K(122368K)] 476146K->354434K(636416K), 0.0017546 secs] [Times: user=0.00 sys=0.00, real=0.00 secs] 
399.724: [GC (Allocation Failure) [PSYoungGen: 121872K->1600K(121344K)] 474754K->354482K(635392K), 0.0018965 secs] [Times: user=0.00 sys=0.00, real=0.00 secs] 
400.347: [GC (Allocation Failure) [PSYoungGen: 120896K->1488K(119808K)] 473778K->354370K(633856K), 0.0017382 secs] [Times: user=0.00 sys=0.00, real=0.01 secs] 
400.837: [GC (Allocation Failure) [PSYoungGen: 119760K->1408K(118784K)] 472642K->354290K(632832K), 0.0018246 secs] [Times: user=0.00 sys=0.00, real=0.01 secs] 
401.373: [GC (Allocation Failure) [PSYoungGen: 118656K->1440K(117760K)] 471538K->354322K(631808K), 0.0016030 secs] [Times: user=0.00 sys=0.00, real=0.00 secs] 
402.057: [GC (Allocation Failure) [PSYoungGen: 117664K->1600K(117248K)] 470546K->354482K(631296K), 0.0018719 secs] [Times: user=0.00 sys=0.00, real=0.00 secs] 
402.755: [GC (Allocation Failure) [PSYoungGen: 116800K->992K(115200K)] 469682K->355010K(629248K), 0.0019529 secs] [Times: user=0.00 sys=0.00, real=0.00 secs] 
403.258: [GC (Allocation Failure) [PSYoungGen: 115168K->384K(113664K)] 469186K->354418K(627712K), 0.0017705 secs] [Times: user=0.00 sys=0.00, real=0.01 secs] 
403.764: [GC (Allocation Failure) [PSYoungGen: 113536K->384K(122880K)] 467570K->354418K(636928K), 0.0017480 secs] [Times: user=0.01 sys=0.00, real=0.00 secs] 
404.439: [GC (Allocation Failure) [PSYoungGen: 120704K->1536K(121344K)] 474738K->355570K(635392K), 0.0018277 secs] [Times: user=0.00 sys=0.00, real=0.00 secs] 
405.139: [GC (Allocation Failure) [PSYoungGen: 120832K->1616K(120320K)] 474866K->355650K(634368K), 0.0017952 secs] [Times: user=0.01 sys=0.00, real=0.00 secs] 
406.136: [GC (Allocation Failure) [PSYoungGen: 119888K->1472K(118784K)] 473922K->355514K(632832K), 0.0025183 secs] [Times: user=0.01 sys=0.00, real=0.00 secs] 
407.108: [GC (Allocation Failure) [PSYoungGen: 118720K->1440K(117760K)] 472762K->355482K(631808K), 0.0022673 secs] [Times: user=0.01 sys=0.01, real=0.01 secs] 
407.805: [GC (Allocation Failure) [PSYoungGen: 117664K->1456K(116736K)] 471706K->355506K(630784K), 0.0017710 secs] [Times: user=0.00 sys=0.00, real=0.00 secs] 
408.485: [GC (Allocation Failure) [PSYoungGen: 116656K->1680K(116224K)] 470706K->355730K(630272K), 0.0018360 secs] [Times: user=0.01 sys=0.00, real=0.00 secs] 
409.193: [GC (Allocation Failure) [PSYoungGen: 115839K->1936K(115200K)] 469889K->355986K(629248K), 0.0021996 secs] [Times: user=0.01 sys=0.00, real=0.00 secs] 
410.143: [GC (Allocation Failure) [PSYoungGen: 115088K->1376K(113664K)] 469138K->355426K(627712K), 0.0018030 secs] [Times: user=0.01 sys=0.00, real=0.00 secs] 
411.098: [GC (Allocation Failure) [PSYoungGen: 113504K->1376K(112640K)] 467554K->355426K(626688K), 0.0022573 secs] [Times: user=0.01 sys=0.00, real=0.01 secs] 
411.851: [GC (Allocation Failure) [PSYoungGen: 112480K->1584K(112128K)] 466530K->355634K(626176K), 0.0016722 secs] [Times: user=0.01 sys=0.00, real=0.00 secs] 
412.496: [GC (Allocation Failure) [PSYoungGen: 111664K->1680K(111104K)] 465714K->355730K(625152K), 0.0020359 secs] [Times: user=0.01 sys=0.00, real=0.00 secs] 
413.091: [GC (Allocation Failure) [PSYoungGen: 110736K->1504K(109568K)] 464786K->355594K(623616K), 0.0017101 secs] [Times: user=0.00 sys=0.00, real=0.00 secs] 
413.967: [GC (Allocation Failure) [PSYoungGen: 109536K->1376K(108544K)] 463626K->355482K(622592K), 0.0034893 secs] [Times: user=0.02 sys=0.00, real=0.01 secs] 
414.847: [GC (Allocation Failure) [PSYoungGen: 108384K->1424K(107520K)] 462490K->355530K(621568K), 0.0025383 secs] [Times: user=0.01 sys=0.00, real=0.01 secs] 
415.624: [GC (Allocation Failure) [PSYoungGen: 107408K->1552K(107008K)] 461514K->355658K(621056K), 0.0016852 secs] [Times: user=0.00 sys=0.00, real=0.00 secs] 
416.238: [GC (Allocation Failure) [PSYoungGen: 106512K->656K(104960K)] 460618K->355786K(619008K), 0.0017181 secs] [Times: user=0.00 sys=0.00, real=0.01 secs] 
417.104: [GC (Allocation Failure) [PSYoungGen: 104592K->1504K(104448K)] 459722K->356634K(618496K), 0.0020772 secs] [Times: user=0.01 sys=0.00, real=0.00 secs] 
418.103: [GC (Allocation Failure) [PSYoungGen: 104416K->1408K(103424K)] 459546K->356546K(617472K), 0.0033852 secs] [Times: user=0.01 sys=0.00, real=0.00 secs] 
418.723: [GC (Allocation Failure) [PSYoungGen: 103296K->1408K(102400K)] 458434K->356546K(616448K), 0.0020636 secs] [Times: user=0.01 sys=0.00, real=0.00 secs] 
419.273: [GC (Allocation Failure) [PSYoungGen: 102272K->1488K(101376K)] 457410K->356626K(615424K), 0.0016314 secs] [Times: user=0.01 sys=0.00, real=0.00 secs] 
419.856: [GC (Allocation Failure) [PSYoungGen: 101328K->1632K(100864K)] 456466K->356770K(614912K), 0.0017952 secs] [Times: user=0.01 sys=0.00, real=0.00 secs] 
420.623: [GC (Allocation Failure) [PSYoungGen: 100448K->512K(98816K)] 455586K->356682K(612864K), 0.0024659 secs] [Times: user=0.01 sys=0.00, real=0.00 secs] 
421.538: [GC (Allocation Failure) [PSYoungGen: 98304K->384K(97280K)] 454474K->356554K(611328K), 0.0022688 secs] [Times: user=0.01 sys=0.00, real=0.01 secs] 
422.500: [GC (Allocation Failure) [PSYoungGen: 97152K->400K(96256K)] 453322K->356570K(610304K), 0.0027143 secs] [Times: user=0.02 sys=0.00, real=0.00 secs] 
423.466: [GC (Allocation Failure) [PSYoungGen: 96144K->1536K(97792K)] 452314K->357706K(611840K), 0.0017396 secs] [Times: user=0.01 sys=0.00, real=0.00 secs] 
424.020: [GC (Allocation Failure) [PSYoungGen: 96768K->1584K(96768K)] 452938K->357762K(610816K), 0.0018310 secs] [Times: user=0.01 sys=0.00, real=0.00 secs] 
424.579: [GC (Allocation Failure) [PSYoungGen: 96304K->1616K(96256K)] 452482K->357802K(610304K), 0.0017585 secs] [Times: user=0.01 sys=0.00, real=0.00 secs] 
425.431: [GC (Allocation Failure) [PSYoungGen: 95824K->1472K(101376K)] 452010K->357658K(615424K), 0.0033099 secs] [Times: user=0.01 sys=0.00, real=0.00 secs] 
426.459: [GC (Allocation Failure) [PSYoungGen: 101312K->1408K(102400K)] 457498K->357594K(616448K), 0.0031821 secs] [Times: user=0.02 sys=0.00, real=0.00 secs] 
427.888: [GC (Allocation Failure) [PSYoungGen: 101248K->1376K(108544K)] 457434K->357562K(622592K), 0.0041402 secs] [Times: user=0.02 sys=0.00, real=0.01 secs] 
428.771: [GC (Allocation Failure) [PSYoungGen: 107360K->1613K(107008K)] 463546K->357799K(621056K), 0.0017463 secs] [Times: user=0.01 sys=0.00, real=0.00 secs] 
429.385: [GC (Allocation Failure) [PSYoungGen: 106573K->1616K(105984K)] 462759K->357802K(620032K), 0.0017759 secs] [Times: user=0.01 sys=0.00, real=0.00 secs] 
429.961: [GC (Allocation Failure) [PSYoungGen: 105552K->1504K(104448K)] 461738K->357698K(618496K), 0.0021774 secs] [Times: user=0.01 sys=0.00, real=0.00 secs] 
430.388: [GC (Allocation Failure) [PSYoungGen: 104416K->1376K(105984K)] 460610K->357570K(620032K), 0.0018213 secs] [Times: user=0.01 sys=0.00, real=0.01 secs] 
430.864: [GC (Allocation Failure) [PSYoungGen: 105312K->1408K(106496K)] 461506K->357602K(620544K), 0.0018812 secs] [Times: user=0.01 sys=0.00, real=0.00 secs] 
431.511: [GC (Allocation Failure) [PSYoungGen: 105344K->1632K(112640K)] 461538K->357826K(626688K), 0.0017579 secs] [Times: user=0.01 sys=0.00, real=0.00 secs] 
432.169: [GC (Allocation Failure) [PSYoungGen: 112224K->1616K(113152K)] 468418K->357810K(627200K), 0.0018597 secs] [Times: user=0.01 sys=0.00, real=0.01 secs] 
433.236: [GC (Allocation Failure) [PSYoungGen: 112208K->1488K(111104K)] 468402K->357682K(625152K), 0.0026360 secs] [Times: user=0.01 sys=0.00, real=0.00 secs] 
433.689: [GC (Allocation Failure) [PSYoungGen: 111056K->1440K(118272K)] 467250K->357650K(632320K), 0.0024280 secs] [Times: user=0.01 sys=0.00, real=0.00 secs] 
434.220: [GC (Allocation Failure) [PSYoungGen: 118176K->1440K(118784K)] 474386K->357650K(632832K), 0.0017763 secs] [Times: user=0.00 sys=0.01, real=0.00 secs] 
434.911: [GC (Allocation Failure) [PSYoungGen: 118688K->1648K(119296K)] 474898K->357858K(633344K), 0.0017806 secs] [Times: user=0.01 sys=0.00, real=0.00 secs] 
435.601: [GC (Allocation Failure) [PSYoungGen: 118896K->1629K(126464K)] 475106K->357839K(640512K), 0.0020175 secs] [Times: user=0.01 sys=0.00, real=0.00 secs] 
437.435: [GC (Allocation Failure) [PSYoungGen: 126045K->1424K(124416K)] 482255K->357634K(638464K), 0.0029448 secs] [Times: user=0.01 sys=0.00, real=0.00 secs] 
438.669: [GC (Allocation Failure) [PSYoungGen: 124304K->352K(121856K)] 480514K->357586K(635904K), 0.0027502 secs] [Times: user=0.01 sys=0.00, real=0.00 secs] 
439.671: [GC (Allocation Failure) [PSYoungGen: 121696K->1616K(122880K)] 478930K->358850K(636928K), 0.0018863 secs] [Times: user=0.01 sys=0.00, real=0.00 secs] 
440.379: [GC (Allocation Failure) [PSYoungGen: 121936K->1648K(121344K)] 479170K->358882K(635392K), 0.0019013 secs] [Times: user=0.01 sys=0.00, real=0.00 secs] 
441.066: [GC (Allocation Failure) [PSYoungGen: 120944K->1408K(119808K)] 478178K->358650K(633856K), 0.0020998 secs] [Times: user=0.01 sys=0.00, real=0.00 secs] 
442.308: [GC (Allocation Failure) [PSYoungGen: 119680K->1360K(118784K)] 476922K->358618K(632832K), 0.0023813 secs] [Times: user=0.01 sys=0.00, real=0.01 secs] 
443.713: [GC (Allocation Failure) [PSYoungGen: 118608K->1520K(117760K)] 475866K->358786K(631808K), 0.0018165 secs] [Times: user=0.01 sys=0.00, real=0.00 secs] 
444.394: [GC (Allocation Failure) [PSYoungGen: 117744K->1504K(116736K)] 475010K->358914K(630784K), 0.0019042 secs] [Times: user=0.01 sys=0.00, real=0.00 secs] 
445.436: [GC (Allocation Failure) [PSYoungGen: 116704K->1568K(116224K)] 474114K->358978K(630272K), 0.0032865 secs] [Times: user=0.01 sys=0.00, real=0.01 secs] 
446.579: [GC (Allocation Failure) [PSYoungGen: 115744K->352K(113664K)] 473154K->358786K(627712K), 0.0040002 secs] [Times: user=0.02 sys=0.00, real=0.00 secs] 
447.652: [GC (Allocation Failure) [PSYoungGen: 113504K->368K(114688K)] 471938K->358810K(628736K), 0.0023108 secs] [Times: user=0.01 sys=0.00, real=0.00 secs] 
448.287: [GC (Allocation Failure) [PSYoungGen: 112496K->1565K(113152K)] 470938K->360007K(627200K), 0.0018089 secs] [Times: user=0.01 sys=0.00, real=0.01 secs] 
448.949: [GC (Allocation Failure) [PSYoungGen: 112669K->1632K(112128K)] 471111K->360074K(626176K), 0.0018461 secs] [Times: user=0.01 sys=0.00, real=0.00 secs] 
449.797: [GC (Allocation Failure) [PSYoungGen: 111712K->1472K(110592K)] 470154K->359922K(624640K), 0.0019304 secs] [Times: user=0.01 sys=0.00, real=0.01 secs] 
450.813: [GC (Allocation Failure) [PSYoungGen: 110528K->1392K(117248K)] 468978K->359842K(631296K), 0.0045238 secs] [Times: user=0.02 sys=0.00, real=0.00 secs] 
452.009: [GC (Allocation Failure) [PSYoungGen: 115665K->320K(114176K)] 474116K->358770K(628224K), 0.0033558 secs] [Times: user=0.01 sys=0.00, real=0.00 secs] 
452.763: [GC (Allocation Failure) [PSYoungGen: 113984K->1632K(115200K)] 472434K->360082K(629248K), 0.0018662 secs] [Times: user=0.01 sys=0.00, real=0.00 secs] 
453.429: [GC (Allocation Failure) [PSYoungGen: 114272K->1632K(113664K)] 472722K->360082K(627712K), 0.0019663 secs] [Times: user=0.01 sys=0.00, real=0.00 secs] 
453.953: [GC (Allocation Failure) [PSYoungGen: 113248K->1408K(112128K)] 471698K->359858K(626176K), 0.0017523 secs] [Times: user=0.00 sys=0.01, real=0.00 secs] 
454.937: [GC (Allocation Failure) [PSYoungGen: 112000K->1376K(111104K)] 470450K->359834K(625152K), 0.0021394 secs] [Times: user=0.01 sys=0.00, real=0.01 secs] 
455.993: [GC (Allocation Failure) [PSYoungGen: 110944K->1520K(110080K)] 469402K->359978K(624128K), 0.0018426 secs] [Times: user=0.01 sys=0.00, real=0.00 secs] 
456.636: [GC (Allocation Failure) [PSYoungGen: 110064K->1600K(109568K)] 468522K->360066K(623616K), 0.0018782 secs] [Times: user=0.00 sys=0.00, real=0.00 secs] 
457.266: [GC (Allocation Failure) [PSYoungGen: 109120K->1856K(108544K)] 467586K->360322K(622592K), 0.0019812 secs] [Times: user=0.01 sys=0.00, real=0.00 secs] 
457.706: [GC (Allocation Failure) [PSYoungGen: 108352K->1376K(107008K)] 466818K->359850K(621056K), 0.0014600 secs] [Times: user=0.01 sys=0.00, real=0.00 secs] 
458.360: [GC (Allocation Failure) [PSYoungGen: 106848K->1408K(110592K)] 465322K->359882K(624640K), 0.0032171 secs] [Times: user=0.01 sys=0.01, real=0.00 secs] 
459.093: [GC (Allocation Failure) [PSYoungGen: 109440K->1533K(115200K)] 467914K->360007K(629248K), 0.0018792 secs] [Times: user=0.01 sys=0.00, real=0.00 secs] 
459.783: [GC (Allocation Failure) [PSYoungGen: 114173K->1680K(115200K)] 472647K->360154K(629248K), 0.0020768 secs] [Times: user=0.01 sys=0.00, real=0.00 secs] 
460.568: [GC (Allocation Failure) [PSYoungGen: 114320K->1600K(122368K)] 472794K->360074K(636416K), 0.0032104 secs] [Times: user=0.01 sys=0.00, real=0.01 secs] 
461.312: [GC (Allocation Failure) [PSYoungGen: 121408K->1344K(122368K)] 479882K->359826K(636416K), 0.0028284 secs] [Times: user=0.01 sys=0.00, real=0.00 secs] 
462.265: [GC (Allocation Failure) [PSYoungGen: 121152K->1408K(129024K)] 479634K->359890K(643072K), 0.0029919 secs] [Times: user=0.01 sys=0.00, real=0.00 secs] 
463.140: [GC (Allocation Failure) [PSYoungGen: 128896K->1725K(130048K)] 487378K->360215K(644096K), 0.0019254 secs] [Times: user=0.01 sys=0.00, real=0.00 secs] 
463.896: [GC (Allocation Failure) [PSYoungGen: 129725K->1693K(128512K)] 488215K->360191K(642560K), 0.0021096 secs] [Times: user=0.00 sys=0.00, real=0.00 secs] 
464.457: [GC (Allocation Failure) [PSYoungGen: 128157K->1440K(136192K)] 486655K->359938K(650240K), 0.0020777 secs] [Times: user=0.01 sys=0.00, real=0.01 secs] 
465.149: [GC (Allocation Failure) [PSYoungGen: 136096K->1376K(134656K)] 494594K->359874K(648704K), 0.0018626 secs] [Times: user=0.01 sys=0.00, real=0.00 secs] 
466.047: [GC (Allocation Failure) [PSYoungGen: 134496K->1568K(133632K)] 492994K->360066K(647680K), 0.0019392 secs] [Times: user=0.01 sys=0.00, real=0.01 secs] 
466.827: [GC (Allocation Failure) [PSYoungGen: 133152K->592K(131072K)] 491650K->360114K(645120K), 0.0018648 secs] [Times: user=0.00 sys=0.00, real=0.01 secs] 
467.416: [GC (Allocation Failure) [PSYoungGen: 130640K->1488K(130048K)] 490162K->361010K(644096K), 0.0019915 secs] [Times: user=0.01 sys=0.00, real=0.00 secs] 
468.328: [GC (Allocation Failure) [PSYoungGen: 130000K->1376K(128512K)] 489522K->360922K(642560K), 0.0024305 secs] [Times: user=0.01 sys=0.00, real=0.01 secs] 
469.192: [GC (Allocation Failure) [PSYoungGen: 128352K->1632K(127488K)] 487898K->361178K(641536K), 0.0018558 secs] [Times: user=0.00 sys=0.01, real=0.00 secs] 
469.935: [GC (Allocation Failure) [PSYoungGen: 127072K->624K(124928K)] 486618K->361194K(638976K), 0.0017517 secs] [Times: user=0.01 sys=0.00, real=0.00 secs] 
471.155: [GC (Allocation Failure) [PSYoungGen: 124528K->1424K(124928K)] 485098K->362002K(638976K), 0.0028567 secs] [Times: user=0.02 sys=0.00, real=0.00 secs] 
471.796: [GC (Allocation Failure) [PSYoungGen: 123792K->1408K(122368K)] 484370K->361986K(636416K), 0.0020895 secs] [Times: user=0.01 sys=0.00, real=0.00 secs] 
472.559: [GC (Allocation Failure) [PSYoungGen: 122240K->1552K(121856K)] 482818K->362130K(635904K), 0.0017428 secs] [Times: user=0.01 sys=0.00, real=0.00 secs] 
473.274: [GC (Allocation Failure) [PSYoungGen: 121360K->592K(119808K)] 481938K->362194K(633856K), 0.0017919 secs] [Times: user=0.01 sys=0.00, real=0.00 secs] 
474.355: [GC (Allocation Failure) [PSYoungGen: 119376K->1488K(119296K)] 480978K->363090K(633344K), 0.0042093 secs] [Times: user=0.02 sys=0.00, real=0.01 secs] 
475.440: [GC (Allocation Failure) [PSYoungGen: 119248K->1408K(118272K)] 480850K->363026K(632320K), 0.0027498 secs] [Times: user=0.01 sys=0.00, real=0.00 secs] 
476.326: [GC (Allocation Failure) [PSYoungGen: 118144K->1437K(117248K)] 479762K->363055K(631296K), 0.0020663 secs] [Times: user=0.01 sys=0.00, real=0.00 secs] 
477.016: [GC (Allocation Failure) [PSYoungGen: 117149K->1520K(116224K)] 478767K->363258K(630272K), 0.0019254 secs] [Times: user=0.00 sys=0.00, real=0.00 secs] 
477.694: [GC (Allocation Failure) [PSYoungGen: 116208K->1680K(115712K)] 477946K->363418K(629760K), 0.0018749 secs] [Times: user=0.01 sys=0.00, real=0.00 secs] 
478.830: [GC (Allocation Failure) [PSYoungGen: 115344K->384K(113152K)] 477082K->363146K(627200K), 0.0021677 secs] [Times: user=0.01 sys=0.00, real=0.00 secs] 
480.345: [GC (Allocation Failure) [PSYoungGen: 113024K->384K(114176K)] 475786K->363146K(628224K), 0.0037212 secs] [Times: user=0.02 sys=0.00, real=0.01 secs] 
481.662: [GC (Allocation Failure) [PSYoungGen: 112000K->1501K(112128K)] 474762K->364279K(626176K), 0.0017202 secs] [Times: user=0.00 sys=0.00, real=0.00 secs] 
482.322: [GC (Allocation Failure) [PSYoungGen: 112093K->1712K(111616K)] 474871K->364490K(625664K), 0.0019531 secs] [Times: user=0.01 sys=0.00, real=0.00 secs] 
482.907: [GC (Allocation Failure) [PSYoungGen: 111280K->1520K(110080K)] 474058K->364306K(624128K), 0.0018022 secs] [Times: user=0.01 sys=0.00, real=0.01 secs] 
483.607: [GC (Allocation Failure) [PSYoungGen: 110064K->1376K(109056K)] 472850K->364162K(623104K), 0.0022016 secs] [Times: user=0.01 sys=0.00, real=0.01 secs] 
484.648: [GC (Allocation Failure) [PSYoungGen: 108896K->1392K(108032K)] 471682K->364186K(622080K), 0.0021456 secs] [Times: user=0.00 sys=0.00, real=0.01 secs] 
485.636: [GC (Allocation Failure) [PSYoungGen: 107888K->1584K(107520K)] 470682K->364378K(621568K), 0.0018210 secs] [Times: user=0.01 sys=0.00, real=0.00 secs] 
486.261: [GC (Allocation Failure) [PSYoungGen: 107056K->1616K(106496K)] 469850K->364426K(620544K), 0.0017419 secs] [Times: user=0.01 sys=0.00, real=0.00 secs] 
487.121: [GC (Allocation Failure) [PSYoungGen: 106064K->1520K(104960K)] 468874K->364330K(619008K), 0.0043593 secs] [Times: user=0.01 sys=0.00, real=0.00 secs] 
487.942: [GC (Allocation Failure) [PSYoungGen: 104944K->1440K(103936K)] 467754K->364250K(617984K), 0.0021385 secs] [Times: user=0.00 sys=0.00, real=0.00 secs] 
488.769: [GC (Allocation Failure) [PSYoungGen: 103840K->1376K(102912K)] 466650K->364186K(616960K), 0.0022384 secs] [Times: user=0.01 sys=0.00, real=0.00 secs] 
489.463: [GC (Allocation Failure) [PSYoungGen: 102752K->1600K(102400K)] 465562K->364410K(616448K), 0.0016719 secs] [Times: user=0.01 sys=0.00, real=0.00 secs] 
490.050: [GC (Allocation Failure) [PSYoungGen: 101952K->1616K(101376K)] 464762K->364426K(615424K), 0.0019014 secs] [Times: user=0.00 sys=0.00, real=0.00 secs] 
490.691: [GC (Allocation Failure) [PSYoungGen: 100944K->1504K(99840K)] 463754K->364362K(613888K), 0.0022440 secs] [Times: user=0.01 sys=0.00, real=0.00 secs] 
491.596: [GC (Allocation Failure) [PSYoungGen: 99808K->1440K(106496K)] 462666K->364298K(620544K), 0.0043117 secs] [Times: user=0.02 sys=0.00, real=0.01 secs] 
492.311: [GC (Allocation Failure) [PSYoungGen: 106400K->1440K(113664K)] 469258K->364298K(627712K), 0.0027461 secs] [Times: user=0.01 sys=0.00, real=0.00 secs] 
493.070: [GC (Allocation Failure) [PSYoungGen: 113568K->1584K(114688K)] 476426K->364450K(628736K), 0.0016740 secs] [Times: user=0.01 sys=0.00, real=0.00 secs] 
493.796: [GC (Allocation Failure) [PSYoungGen: 114224K->1632K(113664K)] 477090K->364498K(627712K), 0.0019036 secs] [Times: user=0.01 sys=0.00, real=0.00 secs] 
494.561: [GC (Allocation Failure) [PSYoungGen: 113248K->1552K(120832K)] 476114K->364434K(634880K), 0.0035377 secs] [Times: user=0.01 sys=0.00, real=0.00 secs] 
495.519: [GC (Allocation Failure) [PSYoungGen: 120336K->1440K(120832K)] 483218K->364330K(634880K), 0.0021979 secs] [Times: user=0.00 sys=0.00, real=0.00 secs] 
496.315: [GC (Allocation Failure) [PSYoungGen: 120736K->1408K(119808K)] 483626K->364298K(633856K), 0.0022095 secs] [Times: user=0.01 sys=0.00, real=0.00 secs] 
497.074: [GC (Allocation Failure) [PSYoungGen: 119680K->1520K(118784K)] 482570K->364546K(632832K), 0.0018247 secs] [Times: user=0.01 sys=0.00, real=0.00 secs] 
497.769: [GC (Allocation Failure) [PSYoungGen: 118768K->1616K(118272K)] 481794K->364642K(632320K), 0.0018306 secs] [Times: user=0.01 sys=0.00, real=0.00 secs] 
498.865: [GC (Allocation Failure) [PSYoungGen: 117840K->416K(115712K)] 480866K->364466K(629760K), 0.0036666 secs] [Times: user=0.01 sys=0.00, real=0.01 secs] 
499.473: [GC (Allocation Failure) [PSYoungGen: 115616K->416K(118784K)] 479666K->364474K(632832K), 0.0026572 secs] [Times: user=0.01 sys=0.00, real=0.00 secs] 
500.329: [GC (Allocation Failure) [PSYoungGen: 117152K->1565K(117760K)] 481210K->365631K(631808K), 0.0020551 secs] [Times: user=0.01 sys=0.00, real=0.00 secs] 
501.009: [GC (Allocation Failure) [PSYoungGen: 117277K->1661K(116736K)] 481343K->365727K(630784K), 0.0020901 secs] [Times: user=0.01 sys=0.00, real=0.00 secs] 
501.850: [GC (Allocation Failure) [PSYoungGen: 116349K->1504K(115200K)] 480415K->365610K(629248K), 0.0019013 secs] [Times: user=0.01 sys=0.00, real=0.00 secs] 
503.170: [GC (Allocation Failure) [PSYoungGen: 115168K->1392K(114176K)] 479274K->365506K(628224K), 0.0028369 secs] [Times: user=0.01 sys=0.00, real=0.00 secs] 
504.345: [GC (Allocation Failure) [PSYoungGen: 114032K->1408K(113152K)] 478146K->365522K(627200K), 0.0043586 secs] [Times: user=0.02 sys=0.00, real=0.01 secs] 
505.296: [GC (Allocation Failure) [PSYoungGen: 113024K->1648K(112640K)] 477138K->365762K(626688K), 0.0018176 secs] [Times: user=0.01 sys=0.00, real=0.00 secs] 
505.946: [GC (GCLocker Initiated GC) [PSYoungGen: 112240K->1629K(111616K)] 476354K->365751K(625664K), 0.0018219 secs] [Times: user=0.00 sys=0.00, real=0.00 secs] 
506.768: [GC (Allocation Failure) [PSYoungGen: 111197K->1456K(110080K)] 475322K->365581K(624128K), 0.0023579 secs] [Times: user=0.01 sys=0.00, real=0.01 secs] 
507.785: [GC (Allocation Failure) [PSYoungGen: 110000K->1408K(109056K)] 474125K->365533K(623104K), 0.0022751 secs] [Times: user=0.00 sys=0.00, real=0.00 secs] 
509.323: [GC (Allocation Failure) [PSYoungGen: 108597K->336K(107008K)] 472723K->364461K(621056K), 0.0028889 secs] [Times: user=0.01 sys=0.00, real=0.00 secs] 
510.016: [GC (Allocation Failure) [PSYoungGen: 106832K->1632K(107520K)] 470957K->365757K(621568K), 0.0017628 secs] [Times: user=0.01 sys=0.00, real=0.00 secs] 
510.700: [GC (Allocation Failure) [PSYoungGen: 107104K->1648K(106496K)] 471229K->365805K(620544K), 0.0017833 secs] [Times: user=0.00 sys=0.00, real=0.00 secs] 
511.221: [GC (Allocation Failure) [PSYoungGen: 106096K->1504K(104960K)] 470253K->365661K(619008K), 0.0020887 secs] [Times: user=0.01 sys=0.00, real=0.00 secs] 
511.750: [GC (Allocation Failure) [PSYoungGen: 104928K->1408K(111616K)] 469085K->365565K(625664K), 0.0022302 secs] [Times: user=0.01 sys=0.00, real=0.00 secs] 
512.500: [GC (Allocation Failure) [PSYoungGen: 111488K->1536K(113664K)] 475645K->365693K(627712K), 0.0021801 secs] [Times: user=0.01 sys=0.00, real=0.00 secs] 
513.176: [GC (Allocation Failure) [PSYoungGen: 112640K->1680K(112128K)] 476797K->365837K(626176K), 0.0018899 secs] [Times: user=0.00 sys=0.00, real=0.00 secs] 
513.820: [GC (Allocation Failure) [PSYoungGen: 111760K->1680K(111104K)] 475917K->365837K(625152K), 0.0017343 secs] [Times: user=0.01 sys=0.00, real=0.00 secs] 
514.993: [GC (Allocation Failure) [PSYoungGen: 110736K->1440K(112640K)] 474893K->365597K(626688K), 0.0040774 secs] [Times: user=0.01 sys=0.00, real=0.00 secs] 
516.430: [GC (Allocation Failure) [PSYoungGen: 111520K->1408K(110592K)] 475677K->365573K(624640K), 0.0030628 secs] [Times: user=0.01 sys=0.00, real=0.00 secs] 
517.948: [GC (Allocation Failure) [PSYoungGen: 110464K->1565K(110080K)] 474629K->365730K(624128K), 0.0018526 secs] [Times: user=0.00 sys=0.00, real=0.01 secs] 
518.580: [GC (Allocation Failure) [PSYoungGen: 109597K->656K(108032K)] 473762K->365845K(622080K), 0.0017292 secs] [Times: user=0.00 sys=0.00, real=0.00 secs] 
519.203: [GC (Allocation Failure) [PSYoungGen: 107664K->669K(107008K)] 472853K->365858K(621056K), 0.0018221 secs] [Times: user=0.00 sys=0.00, real=0.00 secs] 
520.875: [GC (Allocation Failure) [PSYoungGen: 106653K->1408K(106496K)] 471842K->366645K(620544K), 0.0028774 secs] [Times: user=0.01 sys=0.00, real=0.00 secs] 
521.941: [GC (Allocation Failure) [PSYoungGen: 106368K->1408K(105472K)] 471605K->366645K(619520K), 0.0030466 secs] [Times: user=0.01 sys=0.00, real=0.00 secs] 
522.887: [GC (Allocation Failure) [PSYoungGen: 105344K->1472K(104448K)] 470581K->366709K(618496K), 0.0017558 secs] [Times: user=0.00 sys=0.00, real=0.01 secs] 
523.490: [GC (Allocation Failure) [PSYoungGen: 104384K->1616K(103936K)] 469621K->366853K(617984K), 0.0018119 secs] [Times: user=0.00 sys=0.00, real=0.00 secs] 
524.085: [GC (Allocation Failure) [PSYoungGen: 103504K->592K(101888K)] 468741K->366853K(615936K), 0.0018202 secs] [Times: user=0.01 sys=0.00, real=0.00 secs] 
525.728: [GC (Allocation Failure) [PSYoungGen: 101456K->1376K(101376K)] 467717K->367653K(615424K), 0.0025370 secs] [Times: user=0.01 sys=0.00, real=0.01 secs] 
527.151: [GC (Allocation Failure) [PSYoungGen: 101216K->1344K(100352K)] 467493K->367621K(614400K), 0.0033111 secs] [Times: user=0.01 sys=0.00, real=0.00 secs] 
528.120: [GC (Allocation Failure) [PSYoungGen: 100160K->1456K(99328K)] 466437K->367741K(613376K), 0.0022920 secs] [Times: user=0.01 sys=0.00, real=0.00 secs] 
528.720: [GC (Allocation Failure) [PSYoungGen: 99248K->1520K(98304K)] 465533K->367861K(612352K), 0.0017834 secs] [Times: user=0.01 sys=0.00, real=0.00 secs] 
529.285: [GC (Allocation Failure) [PSYoungGen: 98288K->1565K(97792K)] 464629K->367906K(611840K), 0.0018281 secs] [Times: user=0.01 sys=0.00, real=0.00 secs] 
529.947: [GC (Allocation Failure) [PSYoungGen: 97309K->464K(95744K)] 463650K->367829K(609792K), 0.0021901 secs] [Times: user=0.01 sys=0.00, real=0.01 secs] 
530.683: [GC (Allocation Failure) [PSYoungGen: 95696K->384K(97280K)] 463061K->367749K(611328K), 0.0020401 secs] [Times: user=0.00 sys=0.00, real=0.00 secs] 
531.408: [GC (Allocation Failure) [PSYoungGen: 95104K->384K(94720K)] 462469K->367749K(608768K), 0.0021448 secs] [Times: user=0.01 sys=0.00, real=0.01 secs] 
532.146: [GC (Allocation Failure) [PSYoungGen: 94592K->1520K(96256K)] 461957K->368885K(610304K), 0.0016464 secs] [Times: user=0.01 sys=0.00, real=0.00 secs] 
532.695: [GC (Allocation Failure) [PSYoungGen: 95216K->1584K(95232K)] 462581K->368949K(609280K), 0.0018392 secs] [Times: user=0.00 sys=0.00, real=0.00 secs] 
533.252: [GC (Allocation Failure) [PSYoungGen: 94768K->256K(93184K)] 462133K->367621K(607232K), 0.0017332 secs] [Times: user=0.01 sys=0.00, real=0.00 secs] 
533.784: [GC (Allocation Failure) [PSYoungGen: 92928K->1376K(93696K)] 460293K->368741K(607744K), 0.0019065 secs] [Times: user=0.00 sys=0.00, real=0.00 secs] 
534.284: [GC (Allocation Failure) [PSYoungGen: 93536K->1376K(99328K)] 460901K->368749K(613376K), 0.0019579 secs] [Times: user=0.01 sys=0.00, real=0.00 secs] 
534.727: [GC (Allocation Failure) [PSYoungGen: 98738K->256K(101888K)] 466112K->367629K(615936K), 0.0019263 secs] [Times: user=0.01 sys=0.01, real=0.01 secs] 
535.316: [GC (Allocation Failure) [PSYoungGen: 99554K->1616K(101888K)] 466927K->368989K(615936K), 0.0018231 secs] [Times: user=0.01 sys=0.00, real=0.00 secs] 
535.898: [GC (Allocation Failure) [PSYoungGen: 100944K->1629K(108544K)] 468317K->369002K(622592K), 0.0019308 secs] [Times: user=0.01 sys=0.00, real=0.01 secs] 
536.459: [GC (Allocation Failure) [PSYoungGen: 107613K->1440K(108544K)] 474986K->368813K(622592K), 0.0019916 secs] [Times: user=0.01 sys=0.00, real=0.01 secs] 
536.923: [GC (Allocation Failure) [PSYoungGen: 107424K->1392K(115712K)] 474797K->368765K(629760K), 0.0018628 secs] [Times: user=0.01 sys=0.00, real=0.00 secs] 
537.539: [GC (Allocation Failure) [PSYoungGen: 114544K->1408K(115712K)] 481917K->368781K(629760K), 0.0021753 secs] [Times: user=0.01 sys=0.00, real=0.00 secs] 
538.295: [GC (Allocation Failure) [PSYoungGen: 114548K->1661K(122368K)] 481922K->369034K(636416K), 0.0019040 secs] [Times: user=0.00 sys=0.00, real=0.00 secs] 
539.008: [GC (Allocation Failure) [PSYoungGen: 121981K->1677K(122880K)] 489354K->369050K(636928K), 0.0019643 secs] [Times: user=0.01 sys=0.00, real=0.01 secs] 
539.757: [GC (Allocation Failure) [PSYoungGen: 121997K->1424K(130560K)] 489370K->368797K(644608K), 0.0022765 secs] [Times: user=0.01 sys=0.00, real=0.01 secs] 
540.382: [GC (Allocation Failure) [PSYoungGen: 129424K->1408K(130560K)] 496797K->368781K(644608K), 0.0021266 secs] [Times: user=0.01 sys=0.00, real=0.00 secs] 
541.106: [GC (Allocation Failure) [PSYoungGen: 129408K->1661K(128512K)] 496781K->369034K(642560K), 0.0018371 secs] [Times: user=0.01 sys=0.00, real=0.00 secs] 
541.853: [GC (Allocation Failure) [PSYoungGen: 128125K->1709K(126976K)] 495498K->369106K(641024K), 0.0020012 secs] [Times: user=0.01 sys=0.00, real=0.00 secs] 
542.623: [GC (Allocation Failure) [PSYoungGen: 126637K->1472K(124928K)] 494034K->368869K(638976K), 0.0019882 secs] [Times: user=0.01 sys=0.00, real=0.00 secs] 
543.137: [GC (Allocation Failure) [PSYoungGen: 124864K->1440K(133120K)] 492261K->368837K(647168K), 0.0026471 secs] [Times: user=0.01 sys=0.00, real=0.01 secs] 
543.885: [GC (Allocation Failure) [PSYoungGen: 133024K->1552K(135680K)] 500421K->368949K(649728K), 0.0018293 secs] [Times: user=0.01 sys=0.00, real=0.00 secs] 
544.670: [GC (Allocation Failure) [PSYoungGen: 134672K->1680K(133632K)] 502069K->369077K(647680K), 0.0018819 secs] [Times: user=0.01 sys=0.00, real=0.00 secs] 
545.396: [GC (Allocation Failure) [PSYoungGen: 133264K->1472K(131584K)] 500661K->368869K(645632K), 0.0020379 secs] [Times: user=0.01 sys=0.00, real=0.00 secs] 
546.215: [GC (Allocation Failure) [PSYoungGen: 131520K->1376K(134144K)] 498917K->368773K(648192K), 0.0029635 secs] [Times: user=0.02 sys=0.00, real=0.00 secs] 
547.340: [GC (Allocation Failure) [PSYoungGen: 132960K->1581K(132096K)] 500357K->368986K(646144K), 0.0018404 secs] [Times: user=0.01 sys=0.00, real=0.00 secs] 
548.106: [GC (Allocation Failure) [PSYoungGen: 131629K->1725K(130560K)] 499034K->369130K(644608K), 0.0021046 secs] [Times: user=0.01 sys=0.00, real=0.00 secs] 
549.260: [GC (Allocation Failure) [PSYoungGen: 130237K->1472K(128512K)] 497642K->368877K(642560K), 0.0026145 secs] [Times: user=0.01 sys=0.00, real=0.00 secs] 
550.295: [GC (Allocation Failure) [PSYoungGen: 128448K->1312K(126976K)] 495853K->368717K(641024K), 0.0028180 secs] [Times: user=0.02 sys=0.01, real=0.00 secs] 
551.011: [GC (Allocation Failure) [PSYoungGen: 126752K->1517K(125440K)] 494157K->368930K(639488K), 0.0015915 secs] [Times: user=0.01 sys=0.00, real=0.00 secs] 
551.741: [GC (Allocation Failure) [PSYoungGen: 125421K->1661K(124416K)] 492834K->369074K(638464K), 0.0019587 secs] [Times: user=0.01 sys=0.00, real=0.00 secs] 
553.092: [GC (Allocation Failure) [PSYoungGen: 124029K->512K(121856K)] 491442K->368949K(635904K), 0.0035316 secs] [Times: user=0.01 sys=0.00, real=0.00 secs] 
554.597: [GC (Allocation Failure) [PSYoungGen: 121344K->352K(120320K)] 489781K->368789K(634368K), 0.0046646 secs] [Times: user=0.01 sys=0.00, real=0.01 secs] 
556.436: [GC (Allocation Failure) [PSYoungGen: 120160K->1456K(120320K)] 488597K->369893K(634368K), 0.0022298 secs] [Times: user=0.01 sys=0.00, real=0.00 secs] 
557.151: [GC (Allocation Failure) [PSYoungGen: 120240K->1629K(119808K)] 488677K->370074K(633856K), 0.0019721 secs] [Times: user=0.00 sys=0.00, real=0.00 secs] 
557.952: [GC (Allocation Failure) [PSYoungGen: 119389K->2016K(118784K)] 487834K->370533K(632832K), 0.0023185 secs] [Times: user=0.01 sys=0.00, real=0.00 secs] 
558.927: [GC (Allocation Failure) [PSYoungGen: 118752K->1344K(117248K)] 487269K->369861K(631296K), 0.0032350 secs] [Times: user=0.01 sys=0.00, real=0.01 secs] 
560.678: [GC (Allocation Failure) [PSYoungGen: 117056K->1328K(116224K)] 485573K->369845K(630272K), 0.0038289 secs] [Times: user=0.01 sys=0.00, real=0.01 secs] 
562.021: [GC (Allocation Failure) [PSYoungGen: 116016K->1584K(115712K)] 484533K->370101K(629760K), 0.0018862 secs] [Times: user=0.01 sys=0.00, real=0.00 secs] 
562.695: [GC (Allocation Failure) [PSYoungGen: 115248K->1680K(114688K)] 483765K->370197K(628736K), 0.0018687 secs] [Times: user=0.01 sys=0.00, real=0.00 secs] 
563.325: [GC (Allocation Failure) [PSYoungGen: 114320K->1536K(113664K)] 482837K->370053K(627712K), 0.0020634 secs] [Times: user=0.01 sys=0.00, real=0.00 secs] 
563.981: [GC (Allocation Failure) [PSYoungGen: 113152K->1408K(112128K)] 481669K->369925K(626176K), 0.0022939 secs] [Times: user=0.01 sys=0.00, real=0.00 secs] 
565.021: [GC (Allocation Failure) [PSYoungGen: 112000K->1376K(119296K)] 480517K->369893K(633344K), 0.0045517 secs] [Times: user=0.02 sys=0.00, real=0.00 secs] 
565.886: [GC (Allocation Failure) [PSYoungGen: 119104K->1677K(118784K)] 487622K->370194K(632832K), 0.0019016 secs] [Times: user=0.01 sys=0.00, real=0.00 secs] 
566.578: [GC (Allocation Failure) [PSYoungGen: 118413K->1680K(117760K)] 486930K->370197K(631808K), 0.0018381 secs] [Times: user=0.00 sys=0.00, real=0.01 secs] 
567.104: [GC (Allocation Failure) [PSYoungGen: 117392K->1440K(116224K)] 485909K->369957K(630272K), 0.0017832 secs] [Times: user=0.01 sys=0.00, real=0.00 secs] 
567.769: [GC (Allocation Failure) [PSYoungGen: 116128K->1376K(115200K)] 484645K->369901K(629248K), 0.0018923 secs] [Times: user=0.00 sys=0.00, real=0.01 secs] 
568.609: [GC (Allocation Failure) [PSYoungGen: 115040K->1520K(114176K)] 483565K->370045K(628224K), 0.0016419 secs] [Times: user=0.01 sys=0.00, real=0.00 secs] 
569.272: [GC (Allocation Failure) [PSYoungGen: 114160K->1616K(113664K)] 482685K->370141K(627712K), 0.0018017 secs] [Times: user=0.01 sys=0.00, real=0.00 secs] 
570.096: [GC (Allocation Failure) [PSYoungGen: 113232K->544K(111616K)] 481757K->370093K(625664K), 0.0021160 secs] [Times: user=0.01 sys=0.00, real=0.00 secs] 
570.798: [GC (Allocation Failure) [PSYoungGen: 111136K->384K(110080K)] 480685K->369933K(624128K), 0.0021402 secs] [Times: user=0.00 sys=0.00, real=0.01 secs] 
571.270: [GC (Allocation Failure) [PSYoungGen: 109952K->416K(116736K)] 479501K->369965K(630784K), 0.0021489 secs] [Times: user=0.01 sys=0.00, real=0.00 secs] 
571.929: [GC (Allocation Failure) [PSYoungGen: 116640K->1613K(117760K)] 486189K->371162K(631808K), 0.0016445 secs] [Times: user=0.00 sys=0.00, real=0.01 secs] 
572.673: [GC (Allocation Failure) [PSYoungGen: 116813K->1584K(116224K)] 486362K->371133K(630272K), 0.0022601 secs] [Times: user=0.01 sys=0.00, real=0.00 secs] 
574.115: [GC (Allocation Failure) [PSYoungGen: 115760K->1456K(114688K)] 485309K->371021K(628736K), 0.0042588 secs] [Times: user=0.01 sys=0.00, real=0.01 secs] 
575.411: [GC (Allocation Failure) [PSYoungGen: 114608K->1408K(119296K)] 484173K->370973K(633344K), 0.0048075 secs] [Times: user=0.02 sys=0.00, real=0.00 secs] 
576.514: [GC (Allocation Failure) [PSYoungGen: 118656K->1456K(117760K)] 488221K->371021K(631808K), 0.0018222 secs] [Times: user=0.01 sys=0.00, real=0.00 secs] 
577.193: [GC (Allocation Failure) [PSYoungGen: 117680K->1616K(117248K)] 487245K->371181K(631296K), 0.0018530 secs] [Times: user=0.01 sys=0.00, real=0.00 secs] 
578.293: [GC (Allocation Failure) [PSYoungGen: 116816K->2064K(116736K)] 486381K->371637K(630784K), 0.0025614 secs] [Times: user=0.01 sys=0.00, real=0.00 secs] 
578.970: [GC (Allocation Failure) [PSYoungGen: 116240K->352K(113664K)] 485813K->370949K(627712K), 0.0022625 secs] [Times: user=0.01 sys=0.00, real=0.00 secs] 
579.850: [GC (Allocation Failure) [PSYoungGen: 113504K->384K(114688K)] 484101K->370981K(628736K), 0.0032046 secs] [Times: user=0.01 sys=0.00, real=0.00 secs] 
580.690: [GC (Allocation Failure) [PSYoungGen: 112512K->1536K(113152K)] 483109K->372133K(627200K), 0.0017676 secs] [Times: user=0.01 sys=0.00, real=0.00 secs] 
581.340: [GC (Allocation Failure) [PSYoungGen: 112640K->1629K(112128K)] 483237K->372226K(626176K), 0.0019343 secs] [Times: user=0.01 sys=0.00, real=0.00 secs] 
582.087: [GC (Allocation Failure) [PSYoungGen: 111709K->1504K(110592K)] 482306K->372125K(624640K), 0.0021314 secs] [Times: user=0.01 sys=0.00, real=0.01 secs] 
582.640: [GC (Allocation Failure) [PSYoungGen: 110560K->1376K(109568K)] 481181K->372005K(623616K), 0.0021304 secs] [Times: user=0.01 sys=0.00, real=0.00 secs] 
583.151: [GC (Allocation Failure) [PSYoungGen: 109408K->1440K(113152K)] 480037K->372069K(627200K), 0.0021327 secs] [Times: user=0.01 sys=0.01, real=0.00 secs] 
583.882: [GC (Allocation Failure) [PSYoungGen: 112032K->1584K(113152K)] 482661K->372213K(627200K), 0.0019104 secs] [Times: user=0.01 sys=0.00, real=0.00 secs] 
584.543: [GC (Allocation Failure) [PSYoungGen: 112176K->1645K(120320K)] 482805K->372275K(634368K), 0.0019085 secs] [Times: user=0.00 sys=0.00, real=0.00 secs] 
585.810: [GC (Allocation Failure) [PSYoungGen: 119405K->1520K(120320K)] 490035K->372165K(634368K), 0.0045604 secs] [Times: user=0.02 sys=0.00, real=0.00 secs] 
587.218: [GC (Allocation Failure) [PSYoungGen: 119280K->1424K(127488K)] 489925K->372069K(641536K), 0.0039361 secs] [Times: user=0.01 sys=0.00, real=0.01 secs] 
588.646: [GC (Allocation Failure) [PSYoungGen: 126352K->1549K(125440K)] 496997K->372195K(639488K), 0.0017765 secs] [Times: user=0.00 sys=0.00, real=0.00 secs] 
589.373: [GC (Allocation Failure) [PSYoungGen: 124941K->1520K(123392K)] 495587K->372285K(637440K), 0.0017804 secs] [Times: user=0.00 sys=0.00, real=0.00 secs] 
590.713: [GC (Allocation Failure) [PSYoungGen: 123376K->1600K(122368K)] 494141K->372373K(636416K), 0.0036275 secs] [Times: user=0.01 sys=0.00, real=0.00 secs] 
592.213: [GC (Allocation Failure) [PSYoungGen: 121920K->1408K(120832K)] 492693K->372181K(634880K), 0.0022431 secs] [Times: user=0.01 sys=0.00, real=0.00 secs] 
593.111: [GC (Allocation Failure) [PSYoungGen: 120704K->1408K(119808K)] 491477K->372181K(633856K), 0.0021771 secs] [Times: user=0.01 sys=0.00, real=0.00 secs] 
593.952: [GC (Allocation Failure) [PSYoungGen: 119675K->1661K(119296K)] 490449K->372434K(633344K), 0.0020122 secs] [Times: user=0.01 sys=0.00, real=0.00 secs] 
594.652: [GC (Allocation Failure) [PSYoungGen: 118909K->1725K(118272K)] 489682K->372498K(632320K), 0.0020342 secs] [Times: user=0.00 sys=0.00, real=0.00 secs] 
597.050: [GC (Allocation Failure) [PSYoungGen: 117949K->1456K(116736K)] 488722K->372229K(630784K), 0.0041724 secs] [Times: user=0.02 sys=0.00, real=0.00 secs] 
597.765: [GC (Allocation Failure) [PSYoungGen: 116656K->1408K(115712K)] 487429K->372181K(629760K), 0.0023763 secs] [Times: user=0.01 sys=0.00, real=0.00 secs] 
598.484: [GC (Allocation Failure) [PSYoungGen: 115584K->1488K(114688K)] 486357K->372269K(628736K), 0.0019013 secs] [Times: user=0.00 sys=0.00, real=0.00 secs] 
599.207: [GC (Allocation Failure) [PSYoungGen: 114640K->1616K(114176K)] 485421K->372397K(628224K), 0.0020789 secs] [Times: user=0.01 sys=0.00, real=0.01 secs] 
600.044: [GC (Allocation Failure) [PSYoungGen: 113744K->512K(119808K)] 484525K->372325K(633856K), 0.0045034 secs] [Times: user=0.02 sys=0.00, real=0.00 secs] 
600.946: [GC (Allocation Failure) [PSYoungGen: 119296K->384K(118272K)] 491109K->372197K(632320K), 0.0018476 secs] [Times: user=0.01 sys=0.00, real=0.00 secs] 
601.485: [GC (Allocation Failure) [PSYoungGen: 118144K->384K(120320K)] 489957K->372213K(634368K), 0.0020658 secs] [Times: user=0.00 sys=0.00, real=0.00 secs] 
602.194: [GC (Allocation Failure) [PSYoungGen: 118144K->1597K(120320K)] 489973K->373427K(634368K), 0.0018434 secs] [Times: user=0.01 sys=0.00, real=0.00 secs] 
602.886: [GC (Allocation Failure) [PSYoungGen: 119357K->1632K(118784K)] 491187K->373461K(632832K), 0.0020800 secs] [Times: user=0.01 sys=0.00, real=0.00 secs] 
604.918: [GC (Allocation Failure) [PSYoungGen: 118368K->1408K(117248K)] 490197K->373237K(631296K), 0.0049391 secs] [Times: user=0.02 sys=0.00, real=0.01 secs] 
605.683: [GC (Allocation Failure) [PSYoungGen: 117120K->1376K(116224K)] 488949K->373205K(630272K), 0.0021678 secs] [Times: user=0.01 sys=0.00, real=0.00 secs] 
606.295: [GC (Allocation Failure) [PSYoungGen: 116064K->1533K(115200K)] 487893K->373363K(629248K), 0.0018664 secs] [Times: user=0.01 sys=0.00, real=0.00 secs] 
607.025: [GC (Allocation Failure) [PSYoungGen: 115197K->1645K(114688K)] 487027K->373491K(628736K), 0.0018416 secs] [Times: user=0.01 sys=0.00, real=0.00 secs] 
607.848: [GC (Allocation Failure) [PSYoungGen: 114285K->1552K(121856K)] 486131K->373397K(635904K), 0.0042434 secs] [Times: user=0.01 sys=0.00, real=0.01 secs] 
609.450: [GC (Allocation Failure) [PSYoungGen: 121360K->1408K(120320K)] 493205K->373253K(634368K), 0.0030349 secs] [Times: user=0.01 sys=0.00, real=0.00 secs] 
610.064: [GC (Allocation Failure) [PSYoungGen: 120192K->1408K(121856K)] 492037K->373253K(635904K), 0.0022314 secs] [Times: user=0.01 sys=0.00, real=0.00 secs] 
610.780: [GC (Allocation Failure) [PSYoungGen: 120704K->1568K(120320K)] 492549K->373413K(634368K), 0.0018624 secs] [Times: user=0.00 sys=0.00, real=0.00 secs] 
611.471: [GC (Allocation Failure) [PSYoungGen: 119840K->1677K(119296K)] 491685K->373523K(633344K), 0.0019512 secs] [Times: user=0.01 sys=0.00, real=0.00 secs] 
612.029: [GC (Allocation Failure) [PSYoungGen: 118925K->1424K(125952K)] 490771K->373269K(640000K), 0.0019672 secs] [Times: user=0.01 sys=0.00, real=0.00 secs] 
612.546: [GC (Allocation Failure) [PSYoungGen: 125840K->1408K(126976K)] 497685K->373261K(641024K), 0.0026039 secs] [Times: user=0.01 sys=0.00, real=0.00 secs] 
613.256: [GC (Allocation Failure) [PSYoungGen: 126336K->1600K(135168K)] 498189K->373453K(649216K), 0.0018755 secs] [Times: user=0.00 sys=0.00, real=0.00 secs] 
614.041: [GC (Allocation Failure) [PSYoungGen: 134720K->1757K(135168K)] 506573K->373611K(649216K), 0.0019510 secs] [Times: user=0.00 sys=0.00, real=0.00 secs] 
615.013: [GC (Allocation Failure) [PSYoungGen: 134877K->1472K(133120K)] 506731K->373325K(647168K), 0.0021874 secs] [Times: user=0.01 sys=0.00, real=0.00 secs] 
616.111: [GC (Allocation Failure) [PSYoungGen: 133056K->1424K(131584K)] 504909K->373293K(645632K), 0.0026044 secs] [Times: user=0.01 sys=0.00, real=0.00 secs] 
617.043: [GC (Allocation Failure) [PSYoungGen: 131472K->1517K(130048K)] 503341K->373419K(644096K), 0.0017651 secs] [Times: user=0.01 sys=0.00, real=0.00 secs] 
617.798: [GC (Allocation Failure) [PSYoungGen: 130029K->1600K(129024K)] 501931K->373517K(643072K), 0.0019446 secs] [Times: user=0.01 sys=0.00, real=0.01 secs] 
618.539: [GC (Allocation Failure) [PSYoungGen: 128576K->400K(125952K)] 500493K->373341K(640000K), 0.0019949 secs] [Times: user=0.01 sys=0.00, real=0.00 secs] 
619.769: [GC (Allocation Failure) [PSYoungGen: 125840K->352K(126464K)] 498781K->373293K(640512K), 0.0024640 secs] [Times: user=0.01 sys=0.00, real=0.01 secs] 
621.165: [GC (Allocation Failure) [PSYoungGen: 124256K->1488K(123904K)] 497197K->374437K(637952K), 0.0017803 secs] [Times: user=0.01 sys=0.00, real=0.00 secs] 
621.882: [GC (Allocation Failure) [PSYoungGen: 123856K->1677K(122880K)] 496805K->374635K(636928K), 0.0017371 secs] [Times: user=0.01 sys=0.00, real=0.00 secs] 
622.698: [GC (Allocation Failure) [PSYoungGen: 122509K->1504K(121344K)] 495467K->374461K(635392K), 0.0020841 secs] [Times: user=0.01 sys=0.00, real=0.01 secs] 
623.513: [GC (Allocation Failure) [PSYoungGen: 121312K->1408K(120320K)] 494269K->374365K(634368K), 0.0030630 secs] [Times: user=0.01 sys=0.00, real=0.00 secs] 
624.418: [GC (Allocation Failure) [PSYoungGen: 120192K->1456K(119296K)] 493149K->374413K(633344K), 0.0027182 secs] [Times: user=0.02 sys=0.00, real=0.01 secs] 
625.187: [GC (Allocation Failure) [PSYoungGen: 119216K->1616K(118784K)] 492173K->374573K(632832K), 0.0019274 secs] [Times: user=0.01 sys=0.00, real=0.00 secs] 
625.870: [GC (Allocation Failure) [PSYoungGen: 118352K->1680K(117760K)] 491309K->374645K(631808K), 0.0019109 secs] [Times: user=0.01 sys=0.00, real=0.00 secs] 
626.709: [GC (Allocation Failure) [PSYoungGen: 117392K->1424K(116224K)] 490357K->374389K(630272K), 0.0023957 secs] [Times: user=0.01 sys=0.00, real=0.00 secs] 
627.207: [GC (Allocation Failure) [PSYoungGen: 116112K->1376K(123904K)] 489077K->374341K(637952K), 0.0027798 secs] [Times: user=0.01 sys=0.00, real=0.01 secs] 
627.943: [GC (Allocation Failure) [PSYoungGen: 123744K->1600K(132096K)] 496709K->374565K(646144K), 0.0018499 secs] [Times: user=0.01 sys=0.01, real=0.00 secs] 
628.713: [GC (Allocation Failure) [PSYoungGen: 131648K->688K(129536K)] 504613K->374677K(643584K), 0.0019242 secs] [Times: user=0.01 sys=0.00, real=0.00 secs] 
631.326: [GC (Allocation Failure) [PSYoungGen: 129200K->1440K(129536K)] 503189K->375429K(643584K), 0.0035592 secs] [Times: user=0.02 sys=0.00, real=0.01 secs] 
632.387: [GC (Allocation Failure) [PSYoungGen: 128416K->1376K(126976K)] 502405K->375365K(641024K), 0.0028922 secs] [Times: user=0.01 sys=0.00, real=0.01 secs] 
633.415: [GC (Allocation Failure) [PSYoungGen: 126816K->1437K(125440K)] 500805K->375427K(639488K), 0.0017739 secs] [Times: user=0.01 sys=0.00, real=0.00 secs] 
634.142: [GC (Allocation Failure) [PSYoungGen: 125341K->1517K(123904K)] 499331K->375659K(637952K), 0.0017962 secs] [Times: user=0.00 sys=0.00, real=0.00 secs] 
635.190: [GC (Allocation Failure) [PSYoungGen: 123885K->1488K(122368K)] 498027K->375629K(636416K), 0.0027788 secs] [Times: user=0.01 sys=0.01, real=0.00 secs] 
635.902: [GC (Allocation Failure) [PSYoungGen: 122320K->1408K(121344K)] 496461K->375549K(635392K), 0.0020678 secs] [Times: user=0.00 sys=0.00, real=0.00 secs] 
636.524: [GC (Allocation Failure) [PSYoungGen: 121216K->1517K(120320K)] 495357K->375675K(634368K), 0.0017531 secs] [Times: user=0.01 sys=0.00, real=0.00 secs] 
637.223: [GC (Allocation Failure) [PSYoungGen: 120301K->1504K(119296K)] 494459K->375773K(633344K), 0.0017921 secs] [Times: user=0.01 sys=0.00, real=0.00 secs] 
637.927: [GC (Allocation Failure) [PSYoungGen: 119264K->1888K(118784K)] 493533K->376165K(632832K), 0.0022196 secs] [Times: user=0.01 sys=0.00, real=0.01 secs] 
639.014: [GC (Allocation Failure) [PSYoungGen: 118624K->368K(116224K)] 492901K->375669K(630272K), 0.0023926 secs] [Times: user=0.01 sys=0.00, real=0.00 secs] 
639.936: [GC (Allocation Failure) [PSYoungGen: 116080K->400K(117248K)] 491381K->375701K(631296K), 0.0018984 secs] [Times: user=0.01 sys=0.00, real=0.00 secs] 
640.562: [GC (Allocation Failure) [PSYoungGen: 115088K->1504K(115200K)] 490389K->376805K(629248K), 0.0017222 secs] [Times: user=0.01 sys=0.00, real=0.00 secs] 
641.232: [GC (Allocation Failure) [PSYoungGen: 115168K->1664K(114688K)] 490469K->376965K(628736K), 0.0019405 secs] [Times: user=0.01 sys=0.00, real=0.00 secs] 
642.079: [GC (Allocation Failure) [PSYoungGen: 114304K->1504K(113152K)] 489605K->376805K(627200K), 0.0023404 secs] [Times: user=0.01 sys=0.00, real=0.00 secs] 
643.115: [GC (Allocation Failure) [PSYoungGen: 113120K->1376K(112128K)] 488421K->376685K(626176K), 0.0033904 secs] [Times: user=0.01 sys=0.00, real=0.00 secs] 
644.097: [GC (Allocation Failure) [PSYoungGen: 111968K->1408K(111104K)] 487277K->376717K(625152K), 0.0028182 secs] [Times: user=0.01 sys=0.00, real=0.01 secs] 
644.844: [GC (Allocation Failure) [PSYoungGen: 110976K->1616K(110592K)] 486285K->376933K(624640K), 0.0019101 secs] [Times: user=0.01 sys=0.00, real=0.00 secs] 
645.479: [GC (Allocation Failure) [PSYoungGen: 110160K->1664K(109568K)] 485477K->376981K(623616K), 0.0017437 secs] [Times: user=0.01 sys=0.00, real=0.00 secs] 
646.013: [GC (Allocation Failure) [PSYoungGen: 109184K->1440K(108032K)] 484501K->376757K(622080K), 0.0021390 secs] [Times: user=0.00 sys=0.00, real=0.00 secs] 
646.455: [GC (Allocation Failure) [PSYoungGen: 107936K->1376K(114688K)] 483253K->376693K(628736K), 0.0017735 secs] [Times: user=0.01 sys=0.00, real=0.00 secs] 
646.964: [GC (GCLocker Initiated GC) [PSYoungGen: 114528K->1437K(118784K)] 489845K->376763K(632832K), 0.0017133 secs] [Times: user=0.00 sys=0.00, real=0.00 secs] 
647.649: [GC (Allocation Failure) [PSYoungGen: 118173K->1600K(122368K)] 493756K->377183K(636416K), 0.0019692 secs] [Times: user=0.01 sys=0.00, real=0.00 secs] 
648.493: [GC (Allocation Failure) [PSYoungGen: 121920K->1904K(122368K)] 497503K->377487K(636416K), 0.0026686 secs] [Times: user=0.01 sys=0.00, real=0.00 secs] 
650.015: [GC (Allocation Failure) [PSYoungGen: 122224K->1376K(120832K)] 497807K->376967K(634880K), 0.0028792 secs] [Times: user=0.02 sys=0.00, real=0.00 secs] 
651.111: [GC (Allocation Failure) [PSYoungGen: 120672K->1440K(119808K)] 496263K->377031K(633856K), 0.0033659 secs] [Times: user=0.01 sys=0.00, real=0.00 secs] 
652.004: [GC (Allocation Failure) [PSYoungGen: 119712K->1648K(119296K)] 495303K->377239K(633344K), 0.0017576 secs] [Times: user=0.00 sys=0.00, real=0.00 secs] 
652.747: [GC (Allocation Failure) [PSYoungGen: 118896K->1712K(118272K)] 494487K->377303K(632320K), 0.0020829 secs] [Times: user=0.00 sys=0.00, real=0.01 secs] 
654.158: [GC (Allocation Failure) [PSYoungGen: 117936K->496K(115712K)] 493527K->377111K(629760K), 0.0037174 secs] [Times: user=0.02 sys=0.00, real=0.01 secs] 
654.814: [GC (Allocation Failure) [PSYoungGen: 115696K->416K(116736K)] 492311K->377031K(630784K), 0.0021428 secs] [Times: user=0.01 sys=0.00, real=0.00 secs] 
655.445: [GC (Allocation Failure) [PSYoungGen: 114592K->1552K(123392K)] 491207K->378175K(637440K), 0.0024179 secs] [Times: user=0.01 sys=0.01, real=0.00 secs] 
656.289: [GC (Allocation Failure) [PSYoungGen: 122896K->1712K(122368K)] 499519K->378335K(636416K), 0.0020166 secs] [Times: user=0.00 sys=0.00, real=0.00 secs] 
657.132: [GC (Allocation Failure) [PSYoungGen: 122032K->1504K(120832K)] 498655K->378223K(634880K), 0.0025580 secs] [Times: user=0.01 sys=0.00, real=0.00 secs] 
658.168: [GC (Allocation Failure) [PSYoungGen: 120800K->1440K(119808K)] 497519K->378167K(633856K), 0.0028471 secs] [Times: user=0.01 sys=0.00, real=0.01 secs] 
658.709: [GC (Allocation Failure) [PSYoungGen: 119712K->1456K(118784K)] 496439K->378183K(632832K), 0.0020381 secs] [Times: user=0.01 sys=0.00, real=0.00 secs] 
659.388: [GC (Allocation Failure) [PSYoungGen: 118704K->1613K(118272K)] 495431K->378340K(632320K), 0.0017915 secs] [Times: user=0.01 sys=0.00, real=0.01 secs] 
660.066: [GC (Allocation Failure) [PSYoungGen: 117837K->1645K(117248K)] 494564K->378428K(631296K), 0.0017370 secs] [Times: user=0.01 sys=0.00, real=0.00 secs] 
660.919: [GC (Allocation Failure) [PSYoungGen: 116845K->1520K(115712K)] 493628K->378311K(629760K), 0.0021732 secs] [Times: user=0.00 sys=0.00, real=0.00 secs] 
661.842: [GC (Allocation Failure) [PSYoungGen: 115696K->1392K(114688K)] 492487K->378207K(628736K), 0.0021262 secs] [Times: user=0.01 sys=0.00, real=0.00 secs] 
662.393: [GC (Allocation Failure) [PSYoungGen: 114541K->1536K(114176K)] 491357K->378351K(628224K), 0.0017591 secs] [Times: user=0.00 sys=0.00, real=0.00 secs] 
663.054: [GC (Allocation Failure) [PSYoungGen: 113664K->1616K(113152K)] 490479K->378431K(627200K), 0.0018280 secs] [Times: user=0.00 sys=0.00, real=0.00 secs] 
663.775: [GC (Allocation Failure) [PSYoungGen: 112720K->1872K(112128K)] 489535K->378687K(626176K), 0.0023871 secs] [Times: user=0.00 sys=0.00, real=0.00 secs] 
664.994: [GC (Allocation Failure) [PSYoungGen: 111952K->320K(109568K)] 488767K->378167K(623616K), 0.0033016 secs] [Times: user=0.01 sys=0.00, real=0.00 secs] 
665.772: [GC (Allocation Failure) [PSYoungGen: 109376K->384K(110592K)] 487223K->378231K(624640K), 0.0020806 secs] [Times: user=0.00 sys=0.00, real=0.00 secs] 
666.342: [GC (Allocation Failure) [PSYoungGen: 108416K->1520K(108544K)] 486263K->379367K(622592K), 0.0017963 secs] [Times: user=0.01 sys=0.00, real=0.00 secs] 
666.975: [GC (Allocation Failure) [PSYoungGen: 108528K->1613K(108032K)] 486375K->379460K(622080K), 0.0018144 secs] [Times: user=0.01 sys=0.00, real=0.00 secs] 
667.694: [GC (Allocation Failure) [PSYoungGen: 107597K->1568K(107008K)] 485444K->379415K(621056K), 0.0021172 secs] [Times: user=0.01 sys=0.00, real=0.00 secs] 
668.638: [GC (Allocation Failure) [PSYoungGen: 106528K->1376K(105472K)] 484375K->379223K(619520K), 0.0024109 secs] [Times: user=0.01 sys=0.00, real=0.01 secs] 
669.483: [GC (Allocation Failure) [PSYoungGen: 105312K->1344K(104448K)] 483159K->379191K(618496K), 0.0033054 secs] [Times: user=0.02 sys=0.00, real=0.00 secs] 
670.089: [GC (Allocation Failure) [PSYoungGen: 104256K->1520K(111104K)] 482103K->379367K(625152K), 0.0020641 secs] [Times: user=0.01 sys=0.01, real=0.00 secs] 
670.731: [GC (Allocation Failure) [PSYoungGen: 111088K->1616K(112128K)] 488935K->379463K(626176K), 0.0020396 secs] [Times: user=0.01 sys=0.00, real=0.00 secs] 
671.585: [GC (Allocation Failure) [PSYoungGen: 111184K->1616K(110592K)] 489031K->379463K(624640K), 0.0024138 secs] [Times: user=0.01 sys=0.00, real=0.00 secs] 
672.636: [GC (Allocation Failure) [PSYoungGen: 110160K->1344K(109056K)] 488007K->379191K(623104K), 0.0022174 secs] [Times: user=0.01 sys=0.00, real=0.00 secs] 
673.624: [GC (Allocation Failure) [PSYoungGen: 108864K->1376K(108032K)] 486711K->379223K(622080K), 0.0024318 secs] [Times: user=0.01 sys=0.00, real=0.00 secs] 
674.207: [GC (Allocation Failure) [PSYoungGen: 107872K->1533K(107008K)] 485719K->379388K(621056K), 0.0017882 secs] [Times: user=0.01 sys=0.00, real=0.00 secs] 
674.830: [GC (Allocation Failure) [PSYoungGen: 107005K->1597K(106496K)] 484860K->379452K(620544K), 0.0019879 secs] [Times: user=0.00 sys=0.00, real=0.00 secs] 
675.539: [GC (Allocation Failure) [PSYoungGen: 106045K->480K(103936K)] 483900K->379359K(617984K), 0.0021488 secs] [Times: user=0.01 sys=0.00, real=0.01 secs] 
676.436: [GC (Allocation Failure) [PSYoungGen: 103904K->384K(104960K)] 482783K->379271K(619008K), 0.0019704 secs] [Times: user=0.01 sys=0.00, real=0.00 secs] 
677.366: [GC (Allocation Failure) [PSYoungGen: 102784K->384K(101888K)] 481671K->379271K(615936K), 0.0020552 secs] [Times: user=0.01 sys=0.00, real=0.00 secs] 
678.268: [GC (Allocation Failure) [PSYoungGen: 101760K->1568K(102912K)] 480647K->380455K(616960K), 0.0016802 secs] [Times: user=0.01 sys=0.00, real=0.01 secs] 
678.868: [GC (Allocation Failure) [PSYoungGen: 101920K->1616K(101376K)] 480807K->380503K(615424K), 0.0018565 secs] [Times: user=0.00 sys=0.00, real=0.01 secs] 
679.460: [GC (Allocation Failure) [PSYoungGen: 100944K->2528K(100864K)] 479831K->382487K(614912K), 0.0020467 secs] [Times: user=0.01 sys=0.00, real=0.00 secs] 
679.868: [GC (Allocation Failure) [PSYoungGen: 100832K->352K(102400K)] 480791K->381335K(616448K), 0.0018506 secs] [Times: user=0.00 sys=0.00, real=0.01 secs] 
680.383: [GC (Allocation Failure) [PSYoungGen: 101728K->400K(104960K)] 482711K->381383K(619008K), 0.0018731 secs] [Times: user=0.00 sys=0.00, real=0.00 secs] 
681.134: [GC (Allocation Failure) [PSYoungGen: 101776K->1504K(101888K)] 482759K->382487K(615936K), 0.0017790 secs] [Times: user=0.01 sys=0.00, real=0.00 secs] 
681.727: [GC (Allocation Failure) [PSYoungGen: 101856K->1613K(108544K)] 482839K->382596K(622592K), 0.0018212 secs] [Times: user=0.01 sys=0.00, real=0.01 secs] 
682.349: [GC (Allocation Failure) [PSYoungGen: 108109K->1584K(109568K)] 489092K->382575K(623616K), 0.0018693 secs] [Times: user=0.01 sys=0.00, real=0.00 secs] 
682.802: [GC (Allocation Failure) [PSYoungGen: 108080K->1408K(109568K)] 489071K->382407K(623616K), 0.0016950 secs] [Times: user=0.01 sys=0.00, real=0.00 secs] 
683.293: [GC (Allocation Failure) [PSYoungGen: 107904K->1424K(116224K)] 488903K->382423K(630272K), 0.0018133 secs] [Times: user=0.01 sys=0.00, real=0.00 secs] 
684.149: [GC (Allocation Failure) [PSYoungGen: 114576K->1485K(113664K)] 495575K->382484K(627712K), 0.0017978 secs] [Times: user=0.01 sys=0.00, real=0.00 secs] 
684.810: [GC (Allocation Failure) [PSYoungGen: 113613K->1680K(113152K)] 494612K->382679K(627200K), 0.0020278 secs] [Times: user=0.01 sys=0.00, real=0.00 secs] 
685.823: [GC (Allocation Failure) [PSYoungGen: 112784K->1568K(112128K)] 493783K->382575K(626176K), 0.0026348 secs] [Times: user=0.01 sys=0.00, real=0.00 secs] 
686.547: [GC (Allocation Failure) [PSYoungGen: 111648K->1376K(113152K)] 492655K->382383K(627200K), 0.0029659 secs] [Times: user=0.01 sys=0.00, real=0.01 secs] 
687.012: [GC (Allocation Failure) [PSYoungGen: 112992K->1424K(114176K)] 493999K->382431K(628224K), 0.0020168 secs] [Times: user=0.01 sys=0.00, real=0.00 secs] 
687.657: [GC (Allocation Failure) [PSYoungGen: 113040K->1645K(120832K)] 494047K->382652K(634880K), 0.0017871 secs] [Times: user=0.01 sys=0.00, real=0.00 secs] 
688.355: [GC (Allocation Failure) [PSYoungGen: 120429K->1645K(121344K)] 501436K->382652K(635392K), 0.0019022 secs] [Times: user=0.00 sys=0.00, real=0.00 secs] 
689.332: [GC (Allocation Failure) [PSYoungGen: 120429K->1488K(119296K)] 501436K->382511K(633344K), 0.0026222 secs] [Times: user=0.01 sys=0.00, real=0.00 secs] 
689.874: [GC (Allocation Failure) [PSYoungGen: 119248K->1344K(128000K)] 500271K->382375K(642048K), 0.0021778 secs] [Times: user=0.01 sys=0.00, real=0.00 secs] 
690.521: [GC (Allocation Failure) [PSYoungGen: 126784K->1520K(128000K)] 507815K->382551K(642048K), 0.0017505 secs] [Times: user=0.00 sys=0.00, real=0.00 secs] 
691.258: [GC (Allocation Failure) [PSYoungGen: 126960K->1664K(125952K)] 507991K->382695K(640000K), 0.0019024 secs] [Times: user=0.01 sys=0.00, real=0.01 secs] 
691.944: [GC (Allocation Failure) [PSYoungGen: 125568K->1520K(123904K)] 506599K->382599K(637952K), 0.0016802 secs] [Times: user=0.01 sys=0.00, real=0.00 secs] 
692.451: [GC (Allocation Failure) [PSYoungGen: 123888K->1408K(122368K)] 504967K->382511K(636416K), 0.0018468 secs] [Times: user=0.00 sys=0.00, real=0.00 secs] 
692.952: [GC (Allocation Failure) [PSYoungGen: 122240K->1408K(125952K)] 503343K->382511K(640000K), 0.0020040 secs] [Times: user=0.01 sys=0.00, real=0.00 secs] 
693.703: [GC (Allocation Failure) [PSYoungGen: 124800K->1645K(125440K)] 505903K->382748K(639488K), 0.0019038 secs] [Times: user=0.01 sys=0.00, real=0.00 secs] 
694.424: [GC (Allocation Failure) [PSYoungGen: 125037K->1680K(123904K)] 506140K->382783K(637952K), 0.0019954 secs] [Times: user=0.01 sys=0.00, real=0.00 secs] 
695.778: [GC (Allocation Failure) [PSYoungGen: 123536K->1408K(131072K)] 504639K->382511K(645120K), 0.0049893 secs] [Times: user=0.02 sys=0.00, real=0.01 secs] 
696.936: [GC (Allocation Failure) [PSYoungGen: 130944K->320K(128512K)] 512047K->382455K(642560K), 0.0026060 secs] [Times: user=0.01 sys=0.00, real=0.01 secs] 
697.836: [GC (Allocation Failure) [PSYoungGen: 128320K->1600K(129024K)] 510455K->383735K(643072K), 0.0018732 secs] [Times: user=0.01 sys=0.01, real=0.00 secs] 
698.582: [GC (Allocation Failure) [PSYoungGen: 128064K->1693K(126976K)] 510199K->383828K(641024K), 0.0019470 secs] [Times: user=0.01 sys=0.00, real=0.00 secs] 
699.690: [GC (Allocation Failure) [PSYoungGen: 126621K->1408K(124928K)] 508756K->383543K(638976K), 0.0022476 secs] [Times: user=0.01 sys=0.00, real=0.00 secs] 
700.811: [GC (Allocation Failure) [PSYoungGen: 124800K->1344K(123392K)] 506935K->383479K(637440K), 0.0022701 secs] [Times: user=0.01 sys=0.00, real=0.00 secs] 
701.788: [GC (Allocation Failure) [PSYoungGen: 123200K->1565K(122368K)] 505335K->383700K(636416K), 0.0017069 secs] [Times: user=0.01 sys=0.00, real=0.01 secs] 
702.496: [GC (Allocation Failure) [PSYoungGen: 121885K->1664K(121344K)] 504020K->383799K(635392K), 0.0018308 secs] [Times: user=0.00 sys=0.00, real=0.00 secs] 
703.145: [GC (Allocation Failure) [PSYoungGen: 120960K->1520K(119808K)] 503095K->383655K(633856K), 0.0021053 secs] [Times: user=0.01 sys=0.00, real=0.00 secs] 
704.140: [GC (Allocation Failure) [PSYoungGen: 119792K->1408K(118784K)] 501927K->383543K(632832K), 0.0020009 secs] [Times: user=0.01 sys=0.00, real=0.00 secs] 
705.201: [GC (Allocation Failure) [PSYoungGen: 118656K->1485K(117760K)] 500791K->383620K(631808K), 0.0017753 secs] [Times: user=0.01 sys=0.00, real=0.00 secs] 
705.880: [GC (Allocation Failure) [PSYoungGen: 117709K->1520K(116736K)] 499844K->383775K(630784K), 0.0018414 secs] [Times: user=0.01 sys=0.00, real=0.00 secs] 
706.580: [GC (Allocation Failure) [PSYoungGen: 116720K->1600K(116224K)] 498975K->383855K(630272K), 0.0018450 secs] [Times: user=0.01 sys=0.00, real=0.00 secs] 
707.054: [GC (Allocation Failure) [PSYoungGen: 115776K->368K(122880K)] 498031K->383647K(636928K), 0.0036382 secs] [Times: user=0.01 sys=0.00, real=0.00 secs] 
707.563: [GC (Allocation Failure) [PSYoungGen: 122224K->400K(124416K)] 505503K->383687K(638464K), 0.0025724 secs] [Times: user=0.01 sys=0.00, real=0.00 secs] 
708.283: [GC (Allocation Failure) [PSYoungGen: 122256K->1664K(132608K)] 505543K->384951K(646656K), 0.0018887 secs] [Times: user=0.01 sys=0.00, real=0.00 secs] 
709.057: [GC (Allocation Failure) [PSYoungGen: 132224K->1709K(133120K)] 515511K->384996K(647168K), 0.0018743 secs] [Times: user=0.01 sys=0.00, real=0.00 secs] 
709.839: [GC (Allocation Failure) [PSYoungGen: 132269K->1408K(140800K)] 515556K->384695K(654848K), 0.0018830 secs] [Times: user=0.00 sys=0.00, real=0.00 secs] 
710.416: [GC (Allocation Failure) [PSYoungGen: 140160K->1376K(141312K)] 523447K->384663K(655360K), 0.0022424 secs] [Times: user=0.01 sys=0.00, real=0.00 secs] 
711.241: [GC (Allocation Failure) [PSYoungGen: 140128K->1616K(139264K)] 523415K->384903K(653312K), 0.0017712 secs] [Times: user=0.01 sys=0.00, real=0.00 secs] 
712.046: [GC (Allocation Failure) [PSYoungGen: 138832K->1696K(137728K)] 522119K->384983K(651776K), 0.0021258 secs] [Times: user=0.01 sys=0.00, real=0.00 secs] 
714.909: [GC (Allocation Failure) [PSYoungGen: 137376K->1408K(135680K)] 520663K->384703K(649728K), 0.0021238 secs] [Times: user=0.01 sys=0.00, real=0.00 secs] 
715.513: [GC (Allocation Failure) [PSYoungGen: 135552K->1440K(134144K)] 518847K->384759K(648192K), 0.0023710 secs] [Times: user=0.01 sys=0.00, real=0.00 secs] 
716.347: [GC (Allocation Failure) [PSYoungGen: 134048K->1680K(133120K)] 517367K->384999K(647168K), 0.0020160 secs] [Times: user=0.01 sys=0.00, real=0.01 secs] 
717.495: [GC (Allocation Failure) [PSYoungGen: 132752K->2176K(132096K)] 516071K->385495K(646144K), 0.0031461 secs] [Times: user=0.01 sys=0.00, real=0.00 secs] 
718.720: [GC (Allocation Failure) [PSYoungGen: 131712K->352K(128512K)] 515031K->384695K(642560K), 0.0023875 secs] [Times: user=0.01 sys=0.00, real=0.00 secs] 
719.524: [GC (Allocation Failure) [PSYoungGen: 128352K->384K(129024K)] 512695K->384727K(643072K), 0.0018547 secs] [Times: user=0.00 sys=0.00, real=0.00 secs] 
720.265: [GC (Allocation Failure) [PSYoungGen: 126848K->1661K(126976K)] 511191K->386004K(641024K), 0.0018001 secs] [Times: user=0.01 sys=0.00, real=0.00 secs] 
721.000: [GC (Allocation Failure) [PSYoungGen: 126589K->1616K(125440K)] 510932K->385959K(639488K), 0.0020063 secs] [Times: user=0.00 sys=0.00, real=0.00 secs] 
722.017: [GC (Allocation Failure) [PSYoungGen: 125008K->1440K(123392K)] 509351K->385783K(637440K), 0.0023896 secs] [Times: user=0.01 sys=0.00, real=0.01 secs] 
723.022: [GC (Allocation Failure) [PSYoungGen: 123296K->1376K(121856K)] 507639K->385719K(635904K), 0.0027544 secs] [Times: user=0.02 sys=0.00, real=0.00 secs] 
723.706: [GC (Allocation Failure) [PSYoungGen: 121696K->1584K(121344K)] 506039K->385927K(635392K), 0.0017403 secs] [Times: user=0.01 sys=0.00, real=0.00 secs] 
724.408: [GC (Allocation Failure) [PSYoungGen: 120880K->1709K(120320K)] 505223K->386052K(634368K), 0.0019162 secs] [Times: user=0.01 sys=0.00, real=0.01 secs] 
725.198: [GC (Allocation Failure) [PSYoungGen: 119981K->1520K(118784K)] 504324K->385863K(632832K), 0.0019854 secs] [Times: user=0.01 sys=0.00, real=0.01 secs] 
726.421: [GC (Allocation Failure) [PSYoungGen: 118768K->1376K(117760K)] 503111K->385719K(631808K), 0.0033094 secs] [Times: user=0.01 sys=0.00, real=0.00 secs] 
727.751: [GC (Allocation Failure) [PSYoungGen: 117600K->1533K(116736K)] 501943K->385876K(630784K), 0.0017479 secs] [Times: user=0.00 sys=0.00, real=0.00 secs] 
728.431: [GC (Allocation Failure) [PSYoungGen: 116733K->1680K(116224K)] 501076K->386039K(630272K), 0.0019203 secs] [Times: user=0.01 sys=0.00, real=0.00 secs] 
729.167: [GC (Allocation Failure) [PSYoungGen: 115856K->1552K(115200K)] 500215K->385919K(629248K), 0.0021749 secs] [Times: user=0.01 sys=0.00, real=0.01 secs] 
730.196: [GC (Allocation Failure) [PSYoungGen: 114704K->1376K(113664K)] 499071K->385743K(627712K), 0.0023180 secs] [Times: user=0.01 sys=0.00, real=0.00 secs] 
730.847: [GC (Allocation Failure) [PSYoungGen: 113504K->1408K(112640K)] 497871K->385775K(626688K), 0.0022379 secs] [Times: user=0.01 sys=0.00, real=0.01 secs] 
731.482: [GC (Allocation Failure) [PSYoungGen: 112512K->1504K(111616K)] 496879K->385871K(625664K), 0.0018253 secs] [Times: user=0.01 sys=0.00, real=0.00 secs] 
732.136: [GC (Allocation Failure) [PSYoungGen: 111584K->1520K(110592K)] 495951K->386023K(624640K), 0.0017663 secs] [Times: user=0.01 sys=0.00, real=0.00 secs] 
732.981: [GC (Allocation Failure) [PSYoungGen: 110576K->1488K(109568K)] 495079K->385991K(623616K), 0.0023395 secs] [Times: user=0.01 sys=0.00, real=0.00 secs] 
733.964: [GC (Allocation Failure) [PSYoungGen: 109520K->1376K(108544K)] 494023K->385879K(622592K), 0.0029278 secs] [Times: user=0.01 sys=0.00, real=0.00 secs] 
734.953: [GC (Allocation Failure) [PSYoungGen: 108384K->1408K(107520K)] 492887K->385919K(621568K), 0.0028412 secs] [Times: user=0.02 sys=0.01, real=0.00 secs] 
735.566: [GC (Allocation Failure) [PSYoungGen: 107371K->1517K(106496K)] 491882K->386084K(620544K), 0.0017270 secs] [Times: user=0.01 sys=0.00, real=0.00 secs] 
736.178: [GC (Allocation Failure) [PSYoungGen: 106477K->1616K(105984K)] 491044K->386183K(620032K), 0.0018180 secs] [Times: user=0.01 sys=0.00, real=0.01 secs] 
736.731: [GC (Allocation Failure) [PSYoungGen: 105552K->464K(103424K)] 490119K->386055K(617472K), 0.0021376 secs] [Times: user=0.00 sys=0.00, real=0.00 secs] 
737.159: [GC (Allocation Failure) [PSYoungGen: 103376K->400K(110080K)] 488967K->385991K(624128K), 0.0017237 secs] [Times: user=0.01 sys=0.00, real=0.01 secs] 
737.614: [GC (Allocation Failure) [PSYoungGen: 109968K->384K(117760K)] 495559K->385975K(631808K), 0.0027742 secs] [Times: user=0.01 sys=0.00, real=0.00 secs] 
738.417: [GC (Allocation Failure) [PSYoungGen: 117632K->1616K(127488K)] 503223K->387215K(641536K), 0.0017522 secs] [Times: user=0.01 sys=0.00, real=0.01 secs] 
739.223: [GC (Allocation Failure) [PSYoungGen: 126544K->1680K(128000K)] 512143K->387287K(642048K), 0.0020456 secs] [Times: user=0.00 sys=0.00, real=0.00 secs] 
739.990: [GC (Allocation Failure) [PSYoungGen: 127120K->1408K(128000K)] 512727K->387031K(642048K), 0.0023886 secs] [Times: user=0.01 sys=0.00, real=0.00 secs] 
740.970: [GC (Allocation Failure) [PSYoungGen: 126848K->1408K(125440K)] 512471K->387031K(639488K), 0.0025215 secs] [Times: user=0.01 sys=0.00, real=0.00 secs] 
741.865: [GC (Allocation Failure) [PSYoungGen: 125312K->1552K(124416K)] 510935K->387175K(638464K), 0.0020317 secs] [Times: user=0.01 sys=0.00, real=0.00 secs] 
742.585: [GC (Allocation Failure) [PSYoungGen: 123920K->1712K(122880K)] 509543K->387335K(636928K), 0.0018423 secs] [Times: user=0.00 sys=0.00, real=0.00 secs] 
743.215: [GC (Allocation Failure) [PSYoungGen: 122544K->1456K(121344K)] 508167K->387079K(635392K), 0.0022764 secs] [Times: user=0.01 sys=0.00, real=0.00 secs] 
744.295: [GC (Allocation Failure) [PSYoungGen: 121264K->1376K(120320K)] 506887K->387007K(634368K), 0.0034624 secs] [Times: user=0.01 sys=0.00, real=0.00 secs] 
745.713: [GC (Allocation Failure) [PSYoungGen: 120160K->1536K(119808K)] 505791K->387167K(633856K), 0.0019111 secs] [Times: user=0.00 sys=0.00, real=0.00 secs] 
746.403: [GC (Allocation Failure) [PSYoungGen: 119296K->1680K(118784K)] 504927K->387311K(632832K), 0.0019959 secs] [Times: user=0.01 sys=0.00, real=0.00 secs] 
747.704: [GC (Allocation Failure) [PSYoungGen: 118416K->1568K(117760K)] 504047K->387199K(631808K), 0.0044740 secs] [Times: user=0.01 sys=0.00, real=0.01 secs] 
748.686: [GC (Allocation Failure) [PSYoungGen: 117280K->1360K(116224K)] 502911K->386991K(630272K), 0.0037245 secs] [Times: user=0.01 sys=0.00, real=0.01 secs] 
749.667: [GC (Allocation Failure) [PSYoungGen: 116048K->1344K(123904K)] 501679K->386975K(637952K), 0.0046002 secs] [Times: user=0.02 sys=0.00, real=0.01 secs] 
750.595: [GC (Allocation Failure) [PSYoungGen: 123712K->1616K(122880K)] 509343K->387247K(636928K), 0.0017266 secs] [Times: user=0.01 sys=0.00, real=0.00 secs] 
751.303: [GC (Allocation Failure) [PSYoungGen: 122448K->1616K(121856K)] 508079K->387247K(635904K), 0.0020216 secs] [Times: user=0.01 sys=0.00, real=0.00 secs] 
751.846: [GC (Allocation Failure) [PSYoungGen: 121424K->400K(119296K)] 507055K->387055K(633344K), 0.0016855 secs] [Times: user=0.01 sys=0.00, real=0.00 secs] 
752.338: [GC (Allocation Failure) [PSYoungGen: 119184K->384K(120320K)] 505839K->387039K(634368K), 0.0015159 secs] [Times: user=0.01 sys=0.00, real=0.01 secs] 
753.117: [GC (Allocation Failure) [PSYoungGen: 118144K->1520K(118272K)] 504799K->388191K(632320K), 0.0018122 secs] [Times: user=0.01 sys=0.00, real=0.00 secs] 
753.805: [GC (Allocation Failure) [PSYoungGen: 118256K->1629K(117760K)] 504927K->388300K(631808K), 0.0020517 secs] [Times: user=0.00 sys=0.00, real=0.00 secs] 
755.296: [GC (Allocation Failure) [PSYoungGen: 117341K->1584K(116736K)] 504012K->388255K(630784K), 0.0025749 secs] [Times: user=0.01 sys=0.00, real=0.00 secs] 
755.782: [GC (Allocation Failure) [PSYoungGen: 116272K->1440K(115200K)] 502943K->388119K(629248K), 0.0023132 secs] [Times: user=0.01 sys=0.00, real=0.00 secs] 
756.405: [GC (Allocation Failure) [PSYoungGen: 115104K->1408K(114176K)] 501783K->388087K(628224K), 0.0021557 secs] [Times: user=0.01 sys=0.00, real=0.00 secs] 
757.127: [GC (Allocation Failure) [PSYoungGen: 114048K->1616K(113664K)] 500727K->388295K(627712K), 0.0020051 secs] [Times: user=0.00 sys=0.00, real=0.00 secs] 
757.779: [GC (Allocation Failure) [PSYoungGen: 113232K->1645K(112640K)] 499911K->388324K(626688K), 0.0017303 secs] [Times: user=0.00 sys=0.00, real=0.01 secs] 
758.390: [GC (Allocation Failure) [PSYoungGen: 112237K->1456K(111104K)] 498916K->388135K(625152K), 0.0022873 secs] [Times: user=0.01 sys=0.00, real=0.00 secs] 
758.851: [GC (Allocation Failure) [PSYoungGen: 111024K->1376K(119296K)] 497703K->388063K(633344K), 0.0026893 secs] [Times: user=0.01 sys=0.00, real=0.00 secs] 
759.505: [GC (Allocation Failure) [PSYoungGen: 118624K->1440K(119808K)] 505311K->388127K(633856K), 0.0017228 secs] [Times: user=0.00 sys=0.00, real=0.00 secs] 
760.194: [GC (Allocation Failure) [PSYoungGen: 118688K->1677K(118272K)] 505375K->388364K(632320K), 0.0019908 secs] [Times: user=0.01 sys=0.01, real=0.00 secs] 
760.874: [GC (Allocation Failure) [PSYoungGen: 117901K->1568K(117248K)] 504588K->388255K(631296K), 0.0023397 secs] [Times: user=0.00 sys=0.00, real=0.00 secs] 
761.351: [GC (Allocation Failure) [PSYoungGen: 116768K->384K(123392K)] 503455K->388095K(637440K), 0.0019084 secs] [Times: user=0.01 sys=0.00, real=0.00 secs] 
761.868: [GC (Allocation Failure) [PSYoungGen: 123264K->320K(125440K)] 510975K->388031K(639488K), 0.0026787 secs] [Times: user=0.01 sys=0.00, real=0.01 secs] 
762.585: [GC (Allocation Failure) [PSYoungGen: 123200K->1645K(133120K)] 510911K->389364K(647168K), 0.0018205 secs] [Times: user=0.01 sys=0.00, real=0.00 secs] 
763.352: [GC (Allocation Failure) [PSYoungGen: 132717K->1709K(131584K)] 520436K->389428K(645632K), 0.0021924 secs] [Times: user=0.01 sys=0.00, real=0.00 secs] 
764.725: [GC (Allocation Failure) [PSYoungGen: 131245K->1424K(129536K)] 518964K->389151K(643584K), 0.0027881 secs] [Times: user=0.01 sys=0.00, real=0.00 secs] 
765.710: [GC (Allocation Failure) [PSYoungGen: 129424K->1408K(128000K)] 517151K->389135K(642048K), 0.0029360 secs] [Times: user=0.01 sys=0.00, real=0.00 secs] 
766.605: [GC (Allocation Failure) [PSYoungGen: 127872K->1584K(126976K)] 515599K->389311K(641024K), 0.0019099 secs] [Times: user=0.01 sys=0.00, real=0.00 secs] 
767.341: [GC (Allocation Failure) [PSYoungGen: 126512K->1648K(125440K)] 514239K->389375K(639488K), 0.0019703 secs] [Times: user=0.01 sys=0.00, real=0.00 secs] 
768.158: [GC (Allocation Failure) [PSYoungGen: 125040K->1488K(123392K)] 512767K->389215K(637440K), 0.0020609 secs] [Times: user=0.00 sys=0.00, real=0.01 secs] 
768.987: [GC (Allocation Failure) [PSYoungGen: 123344K->1408K(121856K)] 511071K->389135K(635904K), 0.0021689 secs] [Times: user=0.01 sys=0.00, real=0.01 secs] 
769.866: [GC (Allocation Failure) [PSYoungGen: 121728K->1488K(120832K)] 509455K->389215K(634880K), 0.0018166 secs] [Times: user=0.01 sys=0.00, real=0.00 secs] 
770.563: [GC (Allocation Failure) [PSYoungGen: 120784K->1680K(120320K)] 508511K->389407K(634368K), 0.0019055 secs] [Times: user=0.01 sys=0.00, real=0.00 secs] 
771.361: [GC (Allocation Failure) [PSYoungGen: 119952K->1584K(119296K)] 507679K->389311K(633344K), 0.0021501 secs] [Times: user=0.01 sys=0.00, real=0.00 secs] 
772.362: [GC (Allocation Failure) [PSYoungGen: 118832K->1408K(117760K)] 506559K->389135K(631808K), 0.0033236 secs] [Times: user=0.02 sys=0.00, real=0.00 secs] 
773.507: [GC (Allocation Failure) [PSYoungGen: 117632K->1408K(116736K)] 505359K->389135K(630784K), 0.0036012 secs] [Times: user=0.01 sys=0.00, real=0.01 secs] 
774.325: [GC (Allocation Failure) [PSYoungGen: 116608K->1648K(116224K)] 504335K->389375K(630272K), 0.0018193 secs] [Times: user=0.01 sys=0.00, real=0.00 secs] 
774.999: [GC (Allocation Failure) [PSYoungGen: 115824K->624K(114176K)] 503551K->389375K(628224K), 0.0017644 secs] [Times: user=0.01 sys=0.00, real=0.00 secs] 
776.172: [GC (Allocation Failure) [PSYoungGen: 113776K->1440K(114688K)] 502527K->390199K(628736K), 0.0032611 secs] [Times: user=0.01 sys=0.00, real=0.00 secs] 
777.410: [GC (Allocation Failure) [PSYoungGen: 113568K->1440K(112640K)] 502327K->390199K(626688K), 0.0034274 secs] [Times: user=0.01 sys=0.00, real=0.00 secs] 
778.362: [GC (Allocation Failure) [PSYoungGen: 112544K->1488K(111616K)] 501303K->390263K(625664K), 0.0017082 secs] [Times: user=0.01 sys=0.00, real=0.00 secs] 
779.022: [GC (Allocation Failure) [PSYoungGen: 111568K->1517K(110592K)] 500343K->390428K(624640K), 0.0019100 secs] [Times: user=0.01 sys=0.00, real=0.00 secs] 
779.871: [GC (Allocation Failure) [PSYoungGen: 110573K->1520K(109568K)] 499484K->390439K(623616K), 0.0024737 secs] [Times: user=0.01 sys=0.01, real=0.00 secs] 
780.983: [GC (Allocation Failure) [PSYoungGen: 109552K->1408K(108544K)] 498471K->390327K(622592K), 0.0044628 secs] [Times: user=0.02 sys=0.00, real=0.00 secs] 
781.911: [GC (Allocation Failure) [PSYoungGen: 108416K->1408K(107520K)] 497335K->390335K(621568K), 0.0026470 secs] [Times: user=0.01 sys=0.00, real=0.00 secs] 
782.873: [GC (Allocation Failure) [PSYoungGen: 107392K->1520K(106496K)] 496319K->390479K(620544K), 0.0018540 secs] [Times: user=0.00 sys=0.00, real=0.00 secs] 
783.486: [GC (Allocation Failure) [PSYoungGen: 106480K->1616K(105984K)] 495439K->390575K(620032K), 0.0019863 secs] [Times: user=0.01 sys=0.00, real=0.00 secs] 
784.242: [GC (Allocation Failure) [PSYoungGen: 105552K->544K(103936K)] 494511K->390527K(617984K), 0.0023358 secs] [Times: user=0.01 sys=0.00, real=0.00 secs] 
784.764: [GC (Allocation Failure) [PSYoungGen: 103456K->416K(102400K)] 493439K->390399K(616448K), 0.0020391 secs] [Times: user=0.00 sys=0.00, real=0.00 secs] 
785.254: [GC (Allocation Failure) [PSYoungGen: 102304K->384K(101376K)] 492287K->390375K(615424K), 0.0022771 secs] [Times: user=0.01 sys=0.00, real=0.00 secs] 
785.794: [GC (Allocation Failure) [PSYoungGen: 101248K->1488K(102400K)] 491239K->391479K(616448K), 0.0017577 secs] [Times: user=0.01 sys=0.00, real=0.00 secs] 
786.378: [GC (Allocation Failure) [PSYoungGen: 101328K->1616K(100864K)] 491319K->391607K(614912K), 0.0018124 secs] [Times: user=0.01 sys=0.00, real=0.01 secs] 
786.959: [GC (Allocation Failure) [PSYoungGen: 100432K->1584K(99840K)] 490423K->391575K(613888K), 0.0019534 secs] [Times: user=0.00 sys=0.00, real=0.00 secs] 
787.537: [GC (Allocation Failure) [PSYoungGen: 99376K->1440K(98304K)] 489367K->391431K(612352K), 0.0020508 secs] [Times: user=0.01 sys=0.00, real=0.01 secs] 
787.939: [GC (Allocation Failure) [PSYoungGen: 98208K->1440K(97280K)] 488199K->391431K(611328K), 0.0020835 secs] [Times: user=0.01 sys=0.00, real=0.00 secs] 
788.381: [GC (Allocation Failure) [PSYoungGen: 97184K->1469K(103936K)] 487175K->391468K(617984K), 0.0017537 secs] [Times: user=0.01 sys=0.00, real=0.00 secs] 
788.989: [GC (Allocation Failure) [PSYoungGen: 103869K->1664K(103424K)] 493868K->391663K(617472K), 0.0017712 secs] [Times: user=0.00 sys=0.00, real=0.00 secs] 
789.597: [GC (Allocation Failure) [PSYoungGen: 103040K->1616K(102400K)] 493039K->391623K(616448K), 0.0018659 secs] [Times: user=0.00 sys=0.00, real=0.01 secs] 
790.144: [GC (Allocation Failure) [PSYoungGen: 101968K->1456K(100864K)] 491975K->391463K(614912K), 0.0020188 secs] [Times: user=0.01 sys=0.00, real=0.00 secs] 
790.662: [GC (Allocation Failure) [PSYoungGen: 100784K->1360K(99840K)] 490791K->391367K(613888K), 0.0022684 secs] [Times: user=0.01 sys=0.00, real=0.00 secs] 
791.086: [GC (Allocation Failure) [PSYoungGen: 99664K->1344K(107008K)] 489671K->391367K(621056K), 0.0022430 secs] [Times: user=0.01 sys=0.00, real=0.00 secs] 
791.741: [GC (Allocation Failure) [PSYoungGen: 106816K->1629K(106496K)] 496839K->391652K(620544K), 0.0018734 secs] [Times: user=0.01 sys=0.00, real=0.00 secs] 
792.359: [GC (Allocation Failure) [PSYoungGen: 106077K->1629K(105472K)] 496100K->391652K(619520K), 0.0019947 secs] [Times: user=0.01 sys=0.00, real=0.00 secs] 
793.266: [GC (Allocation Failure) [PSYoungGen: 105053K->432K(105984K)] 495076K->391479K(620032K), 0.0041841 secs] [Times: user=0.02 sys=0.00, real=0.01 secs] 
794.417: [GC (Allocation Failure) [PSYoungGen: 105392K->352K(104448K)] 496439K->391399K(618496K), 0.0036391 secs] [Times: user=0.01 sys=0.00, real=0.01 secs] 
795.601: [GC (Allocation Failure) [PSYoungGen: 104288K->352K(104448K)] 495335K->391399K(618496K), 0.0035851 secs] [Times: user=0.01 sys=0.00, real=0.00 secs] 
796.367: [GC (Allocation Failure) [PSYoungGen: 103264K->1616K(103936K)] 494311K->392663K(617984K), 0.0018982 secs] [Times: user=0.01 sys=0.00, real=0.00 secs] 
796.964: [GC (Allocation Failure) [PSYoungGen: 103504K->1584K(102912K)] 494551K->392631K(616960K), 0.0017311 secs] [Times: user=0.00 sys=0.00, real=0.00 secs] 
797.509: [GC (Allocation Failure) [PSYoungGen: 102448K->1552K(101888K)] 493495K->392607K(615936K), 0.0020963 secs] [Times: user=0.01 sys=0.00, real=0.00 secs] 
797.924: [GC (Allocation Failure) [PSYoungGen: 101392K->1408K(100352K)] 492447K->392463K(614400K), 0.0017704 secs] [Times: user=0.01 sys=0.00, real=0.00 secs] 
798.634: [GC (Allocation Failure) [PSYoungGen: 100224K->1376K(99328K)] 491279K->392431K(613376K), 0.0018791 secs] [Times: user=0.00 sys=0.00, real=0.00 secs] 
799.310: [GC (Allocation Failure) [PSYoungGen: 99168K->1552K(98816K)] 490223K->392607K(612864K), 0.0019624 secs] [Times: user=0.01 sys=0.00, real=0.00 secs] 
799.884: [GC (Allocation Failure) [PSYoungGen: 98320K->1616K(97792K)] 489375K->392671K(611840K), 0.0019184 secs] [Times: user=0.00 sys=0.00, real=0.00 secs] 
800.526: [GC (Allocation Failure) [PSYoungGen: 97360K->1072K(96768K)] 488415K->393151K(610816K), 0.0022086 secs] [Times: user=0.00 sys=0.00, real=0.00 secs] 
801.421: [GC (Allocation Failure) [PSYoungGen: 96304K->288K(95232K)] 488383K->392367K(609280K), 0.0033374 secs] [Times: user=0.02 sys=0.00, real=0.00 secs] 
802.328: [GC (Allocation Failure) [PSYoungGen: 95008K->384K(94720K)] 487087K->392463K(608768K), 0.0025790 secs] [Times: user=0.01 sys=0.00, real=0.01 secs] 
803.190: [GC (Allocation Failure) [PSYoungGen: 94588K->1392K(96256K)] 486668K->393471K(610304K), 0.0016711 secs] [Times: user=0.00 sys=0.00, real=0.00 secs] 
803.737: [GC (Allocation Failure) [PSYoungGen: 95088K->1584K(95232K)] 487167K->393671K(609280K), 0.0018731 secs] [Times: user=0.01 sys=0.00, real=0.01 secs] 
804.287: [GC (Allocation Failure) [PSYoungGen: 94768K->1600K(94720K)] 486855K->393687K(608768K), 0.0018624 secs] [Times: user=0.00 sys=0.00, real=0.01 secs] 
805.121: [GC (Allocation Failure) [PSYoungGen: 94272K->1456K(93696K)] 486359K->393543K(607744K), 0.0023648 secs] [Times: user=0.01 sys=0.00, real=0.00 secs] 
805.851: [GC (Allocation Failure) [PSYoungGen: 93616K->1408K(93184K)] 485703K->393495K(607232K), 0.0024894 secs] [Times: user=0.01 sys=0.00, real=0.00 secs] 
806.359: [GC (Allocation Failure) [PSYoungGen: 93056K->1392K(93184K)] 485143K->393479K(607232K), 0.0022592 secs] [Times: user=0.00 sys=0.01, real=0.00 secs] 
806.875: [GC (Allocation Failure) [PSYoungGen: 92528K->1456K(92160K)] 484615K->393543K(606208K), 0.0017870 secs] [Times: user=0.00 sys=0.00, real=0.00 secs] 
807.411: [GC (Allocation Failure) [PSYoungGen: 92080K->1581K(92160K)] 484167K->393676K(606208K), 0.0017705 secs] [Times: user=0.01 sys=0.00, real=0.00 secs] 
807.939: [GC (Allocation Failure) [PSYoungGen: 91693K->1600K(91648K)] 483788K->393695K(605696K), 0.0019519 secs] [Times: user=0.01 sys=0.00, real=0.00 secs] 
809.628: [GC (Allocation Failure) [PSYoungGen: 91200K->1376K(91136K)] 483295K->393471K(605184K), 0.0039338 secs] [Times: user=0.01 sys=0.00, real=0.01 secs] 
810.393: [GC (Allocation Failure) [PSYoungGen: 90464K->1408K(90112K)] 482559K->393503K(604160K), 0.0023006 secs] [Times: user=0.01 sys=0.00, real=0.00 secs] 
811.156: [GC (Allocation Failure) [PSYoungGen: 89984K->1408K(89600K)] 482079K->393503K(603648K), 0.0024288 secs] [Times: user=0.01 sys=0.01, real=0.01 secs] 
811.980: [GC (GCLocker Initiated GC) [PSYoungGen: 89472K->1453K(89088K)] 481567K->393548K(603136K), 0.0017807 secs] [Times: user=0.01 sys=0.00, real=0.00 secs] 
812.554: [GC (Allocation Failure) [PSYoungGen: 89005K->1504K(88576K)] 481358K->393857K(602624K), 0.0017620 secs] [Times: user=0.01 sys=0.00, real=0.00 secs] 
813.130: [GC (Allocation Failure) [PSYoungGen: 88544K->1565K(88576K)] 480897K->393918K(602624K), 0.0019076 secs] [Times: user=0.00 sys=0.00, real=0.00 secs] 
813.924: [GC (Allocation Failure) [PSYoungGen: 88093K->416K(87040K)] 480446K->393809K(601088K), 0.0033853 secs] [Times: user=0.01 sys=0.00, real=0.00 secs] 
814.624: [GC (Allocation Failure) [PSYoungGen: 86432K->320K(86016K)] 479825K->393713K(600064K), 0.0029309 secs] [Times: user=0.01 sys=0.00, real=0.00 secs] 
815.271: [GC (Allocation Failure) [PSYoungGen: 85824K->384K(87040K)] 479217K->393777K(601088K), 0.0026895 secs] [Times: user=0.01 sys=0.00, real=0.00 secs] 
815.961: [GC (Allocation Failure) [PSYoungGen: 85376K->1536K(86528K)] 478769K->394937K(600576K), 0.0017655 secs] [Times: user=0.00 sys=0.00, real=0.00 secs] 
816.460: [GC (Allocation Failure) [PSYoungGen: 86016K->1616K(86016K)] 479417K->395017K(600064K), 0.0018549 secs] [Times: user=0.00 sys=0.00, real=0.00 secs] 
816.951: [GC (Allocation Failure) [PSYoungGen: 85584K->1661K(85504K)] 478985K->395062K(599552K), 0.0017467 secs] [Times: user=0.01 sys=0.00, real=0.00 secs] 
817.627: [GC (Allocation Failure) [PSYoungGen: 85117K->1488K(84992K)] 478518K->394889K(599040K), 0.0023720 secs] [Times: user=0.01 sys=0.01, real=0.01 secs] 
818.307: [GC (Allocation Failure) [PSYoungGen: 84432K->1392K(83968K)] 477833K->394793K(598016K), 0.0023479 secs] [Times: user=0.01 sys=0.00, real=0.01 secs] 
818.980: [GC (Allocation Failure) [PSYoungGen: 83824K->1408K(83968K)] 477225K->394809K(598016K), 0.0023365 secs] [Times: user=0.01 sys=0.00, real=0.00 secs] 
819.724: [GC (Allocation Failure) [PSYoungGen: 83328K->1504K(82944K)] 476729K->394913K(596992K), 0.0018472 secs] [Times: user=0.01 sys=0.00, real=0.00 secs] 
820.211: [GC (Allocation Failure) [PSYoungGen: 82903K->1680K(82944K)] 476312K->395097K(596992K), 0.0018266 secs] [Times: user=0.00 sys=0.00, real=0.00 secs] 
820.684: [GC (Allocation Failure) [PSYoungGen: 82576K->1600K(82432K)] 475993K->395017K(596480K), 0.0018274 secs] [Times: user=0.01 sys=0.00, real=0.00 secs] 
821.148: [GC (Allocation Failure) [PSYoungGen: 81984K->1536K(81920K)] 475401K->395001K(595968K), 0.0020045 secs] [Times: user=0.01 sys=0.00, real=0.01 secs] 
821.480: [GC (Allocation Failure) [PSYoungGen: 81408K->1376K(80896K)] 474873K->394857K(594944K), 0.0019136 secs] [Times: user=0.01 sys=0.00, real=0.00 secs] 
821.811: [GC (Allocation Failure) [PSYoungGen: 80736K->1328K(81920K)] 474217K->394809K(595968K), 0.0018826 secs] [Times: user=0.01 sys=0.00, real=0.00 secs] 
822.140: [GC (Allocation Failure) [PSYoungGen: 80688K->1376K(81920K)] 474169K->394865K(595968K), 0.0018327 secs] [Times: user=0.01 sys=0.00, real=0.00 secs] 
822.590: [GC (Allocation Failure) [PSYoungGen: 80736K->1581K(87552K)] 474225K->395070K(601600K), 0.0018371 secs] [Times: user=0.01 sys=0.00, real=0.00 secs] 
823.151: [GC (Allocation Failure) [PSYoungGen: 87085K->1597K(88064K)] 480574K->395086K(602112K), 0.0017471 secs] [Times: user=0.00 sys=0.00, real=0.00 secs] 
823.659: [GC (Allocation Failure) [PSYoungGen: 87613K->1664K(93696K)] 481102K->395153K(607744K), 0.0019723 secs] [Times: user=0.01 sys=0.00, real=0.01 secs] 
824.389: [GC (Allocation Failure) [PSYoungGen: 93312K->1440K(92672K)] 486801K->394937K(606720K), 0.0027306 secs] [Times: user=0.01 sys=0.00, real=0.00 secs] 
825.178: [GC (Allocation Failure) [PSYoungGen: 92576K->1408K(92160K)] 486073K->394905K(606208K), 0.0029107 secs] [Times: user=0.01 sys=0.00, real=0.01 secs] 
825.760: [GC (Allocation Failure) [PSYoungGen: 92032K->1408K(91648K)] 485529K->394905K(605696K), 0.0023524 secs] [Times: user=0.01 sys=0.00, real=0.00 secs] 
826.316: [GC (Allocation Failure) [PSYoungGen: 91520K->1600K(91648K)] 485017K->395097K(605696K), 0.0016746 secs] [Times: user=0.00 sys=0.00, real=0.00 secs] 
826.846: [GC (Allocation Failure) [PSYoungGen: 91200K->1632K(91136K)] 484697K->395129K(605184K), 0.0019301 secs] [Times: user=0.00 sys=0.00, real=0.00 secs] 
827.356: [GC (Allocation Failure) [PSYoungGen: 90720K->512K(89600K)] 484217K->395033K(603648K), 0.0018911 secs] [Times: user=0.01 sys=0.00, real=0.00 secs] 
827.783: [GC (Allocation Failure) [PSYoungGen: 89088K->320K(88576K)] 483609K->394841K(602624K), 0.0017262 secs] [Times: user=0.01 sys=0.00, real=0.00 secs] 
828.155: [GC (Allocation Failure) [PSYoungGen: 88384K->416K(89600K)] 482905K->394937K(603648K), 0.0017415 secs] [Times: user=0.01 sys=0.00, real=0.00 secs] 
828.649: [GC (Allocation Failure) [PSYoungGen: 87968K->352K(87552K)] 482489K->394873K(601600K), 0.0022531 secs] [Times: user=0.01 sys=0.00, real=0.00 secs] 
829.335: [GC (Allocation Failure) [PSYoungGen: 87392K->1584K(88576K)] 481913K->396105K(602624K), 0.0017728 secs] [Times: user=0.00 sys=0.00, real=0.00 secs] 
829.850: [GC (Allocation Failure) [PSYoungGen: 88112K->1632K(88064K)] 482633K->396153K(602112K), 0.0018247 secs] [Times: user=0.01 sys=0.00, real=0.00 secs] 
830.398: [GC (Allocation Failure) [PSYoungGen: 87034K->416K(87552K)] 481555K->394937K(601600K), 0.0020363 secs] [Times: user=0.00 sys=0.00, real=0.01 secs] 
830.775: [GC (Allocation Failure) [PSYoungGen: 85920K->1472K(86528K)] 480441K->396009K(600576K), 0.0022243 secs] [Times: user=0.01 sys=0.01, real=0.00 secs] 
831.129: [GC (Allocation Failure) [PSYoungGen: 86464K->1376K(87552K)] 481001K->395913K(601600K), 0.0020941 secs] [Times: user=0.01 sys=0.00, real=0.00 secs] 
831.482: [GC (Allocation Failure) [PSYoungGen: 86368K->1408K(87552K)] 480905K->395945K(601600K), 0.0018993 secs] [Times: user=0.01 sys=0.00, real=0.00 secs] 
831.962: [GC (Allocation Failure) [PSYoungGen: 86400K->1549K(94720K)] 480937K->396094K(608768K), 0.0018748 secs] [Times: user=0.01 sys=0.00, real=0.00 secs] 
832.501: [GC (Allocation Failure) [PSYoungGen: 93709K->1645K(94720K)] 488254K->396190K(608768K), 0.0018517 secs] [Times: user=0.01 sys=0.00, real=0.00 secs] 
833.040: [GC (Allocation Failure) [PSYoungGen: 93805K->256K(92160K)] 488350K->394801K(606208K), 0.0020021 secs] [Times: user=0.01 sys=0.00, real=0.00 secs] 
833.426: [GC (Allocation Failure) [PSYoungGen: 91904K->1392K(99840K)] 486449K->395937K(613888K), 0.0017858 secs] [Times: user=0.00 sys=0.00, real=0.00 secs] 
833.858: [GC (Allocation Failure) [PSYoungGen: 98672K->1344K(97792K)] 493217K->395889K(611840K), 0.0018155 secs] [Times: user=0.01 sys=0.00, real=0.01 secs] 
834.292: [GC (Allocation Failure) [PSYoungGen: 97600K->1533K(97280K)] 492145K->396086K(611328K), 0.0018346 secs] [Times: user=0.00 sys=0.00, real=0.00 secs] 
834.924: [GC (Allocation Failure) [PSYoungGen: 97277K->1584K(97280K)] 491830K->396137K(611328K), 0.0018134 secs] [Times: user=0.01 sys=0.00, real=0.00 secs] 
835.480: [GC (Allocation Failure) [PSYoungGen: 96816K->1584K(96768K)] 491369K->396137K(610816K), 0.0018769 secs] [Times: user=0.00 sys=0.00, real=0.00 secs] 
836.309: [GC (Allocation Failure) [PSYoungGen: 96304K->1488K(95744K)] 490857K->396041K(609792K), 0.0034335 secs] [Times: user=0.02 sys=0.00, real=0.01 secs] 
837.118: [GC (Allocation Failure) [PSYoungGen: 95696K->1376K(95232K)] 490249K->395929K(609280K), 0.0029201 secs] [Times: user=0.01 sys=0.00, real=0.01 secs] 
837.967: [GC (Allocation Failure) [PSYoungGen: 95072K->1344K(95232K)] 489625K->395897K(609280K), 0.0026974 secs] [Times: user=0.00 sys=0.00, real=0.01 secs] 
838.702: [GC (Allocation Failure) [PSYoungGen: 94528K->1488K(94208K)] 489081K->396049K(608256K), 0.0018122 secs] [Times: user=0.01 sys=0.00, real=0.00 secs] 
839.303: [GC (Allocation Failure) [PSYoungGen: 94160K->1600K(94208K)] 488721K->396161K(608256K), 0.0020299 secs] [Times: user=0.01 sys=0.01, real=0.00 secs] 
839.903: [GC (Allocation Failure) [PSYoungGen: 93760K->1568K(93696K)] 488321K->396129K(607744K), 0.0018421 secs] [Times: user=0.01 sys=0.00, real=0.00 secs] 
840.518: [GC (Allocation Failure) [PSYoungGen: 93216K->1408K(93184K)] 487777K->395969K(607232K), 0.0022333 secs] [Times: user=0.00 sys=0.01, real=0.01 secs] 
840.897: [GC (Allocation Failure) [PSYoungGen: 92544K->1376K(92160K)] 487105K->395937K(606208K), 0.0023349 secs] [Times: user=0.01 sys=0.00, real=0.01 secs] 
841.309: [GC (Allocation Failure) [PSYoungGen: 92000K->1376K(91648K)] 486561K->395953K(605696K), 0.0021699 secs] [Times: user=0.01 sys=0.00, real=0.01 secs] 
841.931: [GC (Allocation Failure) [PSYoungGen: 91488K->1565K(91648K)] 486065K->396142K(605696K), 0.0017812 secs] [Times: user=0.01 sys=0.00, real=0.00 secs] 
842.460: [GC (Allocation Failure) [PSYoungGen: 91165K->1520K(90624K)] 485742K->396145K(604672K), 0.0019637 secs] [Times: user=0.01 sys=0.00, real=0.00 secs] 
843.089: [GC (Allocation Failure) [PSYoungGen: 90608K->2016K(90624K)] 485233K->396681K(604672K), 0.0021304 secs] [Times: user=0.01 sys=0.00, real=0.00 secs] 
843.942: [GC (Allocation Failure) [PSYoungGen: 90592K->1376K(89600K)] 485257K->396041K(603648K), 0.0026140 secs] [Times: user=0.01 sys=0.00, real=0.00 secs] 
844.661: [GC (Allocation Failure) [PSYoungGen: 89440K->1376K(89088K)] 484105K->396041K(603136K), 0.0032634 secs] [Times: user=0.01 sys=0.00, real=0.00 secs] 
845.425: [GC (Allocation Failure) [PSYoungGen: 88928K->1376K(88576K)] 483593K->396041K(602624K), 0.0024324 secs] [Times: user=0.01 sys=0.00, real=0.00 secs] 
846.111: [GC (Allocation Failure) [PSYoungGen: 88416K->1584K(88576K)] 483081K->396249K(602624K), 0.0019582 secs] [Times: user=0.01 sys=0.00, real=0.00 secs] 
846.624: [GC (Allocation Failure) [PSYoungGen: 88112K->608K(87040K)] 482777K->396297K(601088K), 0.0018111 secs] [Times: user=0.00 sys=0.00, real=0.00 secs] 
847.174: [GC (Allocation Failure) [PSYoungGen: 86624K->1808K(87552K)] 482313K->397497K(601600K), 0.0021504 secs] [Times: user=0.00 sys=0.00, real=0.00 secs] 
847.982: [GC (Allocation Failure) [PSYoungGen: 87312K->1376K(87040K)] 483001K->397065K(601088K), 0.0027437 secs] [Times: user=0.01 sys=0.00, real=0.00 secs] 
848.754: [GC (Allocation Failure) [PSYoungGen: 86368K->1344K(86016K)] 482057K->397033K(600064K), 0.0027019 secs] [Times: user=0.01 sys=0.01, real=0.00 secs] 
849.460: [GC (Allocation Failure) [PSYoungGen: 85824K->1440K(85504K)] 481513K->397129K(599552K), 0.0025607 secs] [Times: user=0.01 sys=0.01, real=0.00 secs] 
850.134: [GC (Allocation Failure) [PSYoungGen: 85397K->1597K(85504K)] 481086K->397294K(599552K), 0.0018793 secs] [Times: user=0.01 sys=0.00, real=0.00 secs] 
850.632: [GC (Allocation Failure) [PSYoungGen: 85053K->589K(83968K)] 480750K->397310K(598016K), 0.0018676 secs] [Times: user=0.01 sys=0.00, real=0.00 secs] 
851.128: [GC (Allocation Failure) [PSYoungGen: 83533K->589K(83456K)] 480254K->397310K(597504K), 0.0017162 secs] [Times: user=0.01 sys=0.00, real=0.01 secs] 
851.971: [GC (Allocation Failure) [PSYoungGen: 83021K->1440K(83968K)] 479742K->398161K(598016K), 0.0026078 secs] [Times: user=0.01 sys=0.00, real=0.00 secs] 
852.670: [GC (Allocation Failure) [PSYoungGen: 83360K->1408K(82944K)] 480081K->398137K(596992K), 0.0030243 secs] [Times: user=0.02 sys=0.00, real=0.00 secs] 
853.139: [GC (Allocation Failure) [PSYoungGen: 82816K->1408K(82432K)] 479545K->398137K(596480K), 0.0023068 secs] [Times: user=0.01 sys=0.00, real=0.00 secs] 
853.558: [GC (Allocation Failure) [PSYoungGen: 82304K->1472K(81920K)] 479033K->398201K(595968K), 0.0016145 secs] [Times: user=0.01 sys=0.00, real=0.01 secs] 
854.025: [GC (Allocation Failure) [PSYoungGen: 81856K->1520K(81408K)] 478585K->398281K(595456K), 0.0017962 secs] [Times: user=0.01 sys=0.00, real=0.00 secs] 
854.497: [GC (Allocation Failure) [PSYoungGen: 81392K->1597K(81408K)] 478153K->398358K(595456K), 0.0017033 secs] [Times: user=0.01 sys=0.00, real=0.00 secs] 
854.936: [GC (Allocation Failure) [PSYoungGen: 80957K->1488K(80384K)] 477718K->398249K(594432K), 0.0020270 secs] [Times: user=0.00 sys=0.00, real=0.00 secs] 
855.264: [GC (Allocation Failure) [PSYoungGen: 80336K->1376K(79872K)] 477097K->398137K(593920K), 0.0019067 secs] [Times: user=0.01 sys=0.00, real=0.00 secs] 
855.589: [GC (Allocation Failure) [PSYoungGen: 79712K->1376K(80896K)] 476473K->398137K(594944K), 0.0020699 secs] [Times: user=0.01 sys=0.00, real=0.00 secs] 
855.919: [GC (Allocation Failure) [PSYoungGen: 80736K->1376K(81408K)] 477497K->398145K(595456K), 0.0023828 secs] [Times: user=0.01 sys=0.00, real=0.00 secs] 
856.402: [GC (Allocation Failure) [PSYoungGen: 80736K->1613K(88064K)] 477505K->398390K(602112K), 0.0017275 secs] [Times: user=0.01 sys=0.00, real=0.00 secs] 
856.965: [GC (Allocation Failure) [PSYoungGen: 87615K->1597K(88576K)] 484392K->398374K(602624K), 0.0018338 secs] [Times: user=0.01 sys=0.00, real=0.00 secs] 
857.478: [GC (Allocation Failure) [PSYoungGen: 88125K->1600K(88064K)] 484902K->398377K(602112K), 0.0018190 secs] [Times: user=0.01 sys=0.00, real=0.01 secs] 
858.384: [GC (Allocation Failure) [PSYoungGen: 87616K->1408K(87040K)] 484393K->398185K(601088K), 0.0040855 secs] [Times: user=0.02 sys=0.00, real=0.00 secs] 
858.884: [GC (Allocation Failure) [PSYoungGen: 86912K->288K(85504K)] 483689K->398089K(599552K), 0.0022048 secs] [Times: user=0.01 sys=0.00, real=0.00 secs] 
859.259: [GC (Allocation Failure) [PSYoungGen: 85280K->352K(93184K)] 483081K->398161K(607232K), 0.0021580 secs] [Times: user=0.01 sys=0.00, real=0.00 secs] 
859.798: [GC (Allocation Failure) [PSYoungGen: 91488K->1584K(92672K)] 489297K->399417K(606720K), 0.0017951 secs] [Times: user=0.00 sys=0.00, real=0.01 secs] 
860.337: [GC (Allocation Failure) [PSYoungGen: 92208K->1616K(92160K)] 490041K->399449K(606208K), 0.0018686 secs] [Times: user=0.01 sys=0.00, real=0.00 secs] 
860.870: [GC (Allocation Failure) [PSYoungGen: 91728K->1504K(91136K)] 489561K->399417K(605184K), 0.0017102 secs] [Times: user=0.01 sys=0.00, real=0.00 secs] 
861.727: [GC (Allocation Failure) [PSYoungGen: 91104K->1376K(90624K)] 489017K->399289K(604672K), 0.0029132 secs] [Times: user=0.01 sys=0.00, real=0.01 secs] 
862.277: [GC (Allocation Failure) [PSYoungGen: 90464K->1344K(90624K)] 488377K->399257K(604672K), 0.0022456 secs] [Times: user=0.01 sys=0.00, real=0.01 secs] 
862.748: [GC (Allocation Failure) [PSYoungGen: 89920K->1344K(89600K)] 487833K->399257K(603648K), 0.0030636 secs] [Times: user=0.01 sys=0.00, real=0.01 secs] 
863.377: [GC (Allocation Failure) [PSYoungGen: 89408K->1533K(89088K)] 487321K->399446K(603136K), 0.0020040 secs] [Times: user=0.01 sys=0.00, real=0.00 secs] 
863.894: [GC (Allocation Failure) [PSYoungGen: 89085K->1597K(89088K)] 486998K->399510K(603136K), 0.0017876 secs] [Times: user=0.01 sys=0.00, real=0.00 secs] 
864.558: [GC (Allocation Failure) [PSYoungGen: 88637K->1504K(88064K)] 486550K->399739K(602112K), 0.0021341 secs] [Times: user=0.01 sys=0.00, real=0.01 secs] 
865.936: [GC (Allocation Failure) [PSYoungGen: 88032K->1248K(87552K)] 486267K->399483K(601600K), 0.0027590 secs] [Times: user=0.01 sys=0.00, real=0.01 secs] 
866.455: [GC (Allocation Failure) [PSYoungGen: 87264K->1216K(87552K)] 485499K->399451K(601600K), 0.0024339 secs] [Times: user=0.01 sys=0.00, real=0.00 secs] 
866.968: [GC (Allocation Failure) [PSYoungGen: 86720K->1565K(87040K)] 484955K->399800K(601088K), 0.0020096 secs] [Times: user=0.01 sys=0.00, real=0.01 secs] 
867.376: [GC (Allocation Failure) [PSYoungGen: 86557K->1536K(86528K)] 484792K->399771K(600576K), 0.0020013 secs] [Times: user=0.01 sys=0.00, real=0.00 secs] 
867.714: [GC (Allocation Failure) [PSYoungGen: 86016K->1632K(86016K)] 484251K->399867K(600064K), 0.0016479 secs] [Times: user=0.01 sys=0.00, real=0.00 secs] 
870.033: [GC (Allocation Failure) [PSYoungGen: 85600K->1440K(84992K)] 483835K->399675K(599040K), 0.0022495 secs] [Times: user=0.01 sys=0.00, real=0.00 secs] 
870.382: [GC (Allocation Failure) [PSYoungGen: 84896K->1440K(84480K)] 483131K->399675K(598528K), 0.0024337 secs] [Times: user=0.01 sys=0.00, real=0.00 secs] 
870.725: [GC (Allocation Failure) [PSYoungGen: 84384K->1392K(86016K)] 482619K->399627K(600064K), 0.0020594 secs] [Times: user=0.01 sys=0.00, real=0.00 secs] 
871.204: [GC (Allocation Failure) [PSYoungGen: 85872K->1616K(86016K)] 484107K->399851K(600064K), 0.0016850 secs] [Times: user=0.01 sys=0.00, real=0.00 secs] 
871.698: [GC (Allocation Failure) [PSYoungGen: 85584K->1517K(84992K)] 483819K->399864K(599040K), 0.0018010 secs] [Times: user=0.00 sys=0.00, real=0.01 secs] 
872.189: [GC (Allocation Failure) [PSYoungGen: 84973K->1677K(84992K)] 483320K->400040K(599040K), 0.0018017 secs] [Times: user=0.00 sys=0.00, real=0.01 secs] 
872.777: [GC (Allocation Failure) [PSYoungGen: 84621K->448K(83456K)] 482984K->399835K(597504K), 0.0020207 secs] [Times: user=0.01 sys=0.00, real=0.01 secs] 
873.145: [GC (Allocation Failure) [PSYoungGen: 82880K->400K(82432K)] 482267K->399787K(596480K), 0.0022834 secs] [Times: user=0.01 sys=0.00, real=0.00 secs] 
873.496: [GC (Allocation Failure) [PSYoungGen: 82320K->400K(84480K)] 481707K->399787K(598528K), 0.0024715 secs] [Times: user=0.01 sys=0.00, real=0.00 secs] 
873.925: [GC (Allocation Failure) [PSYoungGen: 82320K->1501K(84480K)] 481707K->400968K(598528K), 0.0017174 secs] [Times: user=0.01 sys=0.00, real=0.00 secs] 
874.404: [GC (Allocation Failure) [PSYoungGen: 83421K->1664K(83456K)] 482888K->401131K(597504K), 0.0018364 secs] [Times: user=0.01 sys=0.01, real=0.00 secs] 
874.888: [GC (Allocation Failure) [PSYoungGen: 83072K->1645K(82944K)] 482539K->401112K(596992K), 0.0018684 secs] [Times: user=0.01 sys=0.00, real=0.01 secs] 
875.574: [GC (Allocation Failure) [PSYoungGen: 82541K->1472K(81920K)] 482008K->400939K(595968K), 0.0022075 secs] [Times: user=0.01 sys=0.00, real=0.00 secs] 
876.566: [GC (Allocation Failure) [PSYoungGen: 81856K->1328K(81408K)] 481323K->400795K(595456K), 0.0049158 secs] [Times: user=0.02 sys=0.01, real=0.01 secs] 
877.288: [GC (Allocation Failure) [PSYoungGen: 81200K->1344K(80896K)] 480667K->400811K(594944K), 0.0031050 secs] [Times: user=0.01 sys=0.00, real=0.01 secs] 
877.971: [GC (Allocation Failure) [PSYoungGen: 80704K->1408K(80384K)] 480171K->400875K(594432K), 0.0035219 secs] [Times: user=0.01 sys=0.00, real=0.00 secs] 
878.565: [GC (Allocation Failure) [PSYoungGen: 80252K->1536K(80384K)] 479719K->401003K(594432K), 0.0017412 secs] [Times: user=0.00 sys=0.00, real=0.00 secs] 
879.025: [GC (Allocation Failure) [PSYoungGen: 79872K->1568K(79872K)] 479339K->401035K(593920K), 0.0019140 secs] [Times: user=0.00 sys=0.00, real=0.00 secs] 
879.482: [GC (Allocation Failure) [PSYoungGen: 79392K->1504K(78848K)] 478859K->400971K(592896K), 0.0016905 secs] [Times: user=0.01 sys=0.00, real=0.00 secs] 
880.090: [GC (Allocation Failure) [PSYoungGen: 78816K->1392K(78336K)] 478283K->400859K(592384K), 0.0019407 secs] [Times: user=0.00 sys=0.00, real=0.00 secs] 
880.830: [GC (Allocation Failure) [PSYoungGen: 78192K->1344K(77824K)] 477659K->400811K(591872K), 0.0018307 secs] [Times: user=0.01 sys=0.00, real=0.00 secs] 
881.592: [GC (Allocation Failure) [PSYoungGen: 77632K->1408K(77312K)] 477099K->400891K(591360K), 0.0019998 secs] [Times: user=0.00 sys=0.01, real=0.00 secs] 
882.207: [GC (Allocation Failure) [PSYoungGen: 77184K->1456K(76800K)] 476667K->400939K(590848K), 0.0022894 secs] [Times: user=0.01 sys=0.00, real=0.01 secs] 
882.690: [GC (Allocation Failure) [PSYoungGen: 76720K->1533K(76288K)] 476203K->401016K(590336K), 0.0018822 secs] [Times: user=0.01 sys=0.00, real=0.00 secs] 
883.133: [GC (Allocation Failure) [PSYoungGen: 76285K->1533K(75776K)] 475768K->401048K(589824K), 0.0019154 secs] [Times: user=0.00 sys=0.00, real=0.00 secs] 
883.569: [GC (Allocation Failure) [PSYoungGen: 75773K->1565K(75776K)] 475288K->401080K(589824K), 0.0018833 secs] [Times: user=0.01 sys=0.00, real=0.01 secs] 
885.062: [GC (Allocation Failure) [PSYoungGen: 75293K->384K(73728K)] 474808K->400923K(587776K), 0.0047545 secs] [Times: user=0.02 sys=0.00, real=0.00 secs] 
886.077: [GC (Allocation Failure) [PSYoungGen: 73600K->384K(73216K)] 474139K->400931K(587264K), 0.0033056 secs] [Times: user=0.01 sys=0.00, real=0.01 secs] 
886.842: [GC (Allocation Failure) [PSYoungGen: 73088K->352K(72704K)] 473635K->400899K(586752K), 0.0029353 secs] [Times: user=0.01 sys=0.00, real=0.00 secs] 
887.431: [GC (Allocation Failure) [PSYoungGen: 72544K->352K(74240K)] 473091K->400899K(588288K), 0.0027076 secs] [Times: user=0.01 sys=0.00, real=0.00 secs] 
887.927: [GC (Allocation Failure) [PSYoungGen: 72032K->1581K(73216K)] 472579K->402128K(587264K), 0.0018906 secs] [Times: user=0.01 sys=0.00, real=0.00 secs] 
888.347: [GC (Allocation Failure) [PSYoungGen: 72740K->1552K(72704K)] 473288K->402099K(586752K), 0.0018595 secs] [Times: user=0.01 sys=0.00, real=0.00 secs] 
888.763: [GC (Allocation Failure) [PSYoungGen: 72208K->1533K(71680K)] 472755K->402080K(585728K), 0.0016972 secs] [Times: user=0.01 sys=0.00, real=0.00 secs] 
889.350: [GC (Allocation Failure) [PSYoungGen: 71677K->1472K(71168K)] 472224K->402019K(585216K), 0.0019578 secs] [Times: user=0.01 sys=0.00, real=0.00 secs] 
889.917: [GC (Allocation Failure) [PSYoungGen: 71104K->1376K(70656K)] 471651K->401931K(584704K), 0.0024950 secs] [Times: user=0.01 sys=0.00, real=0.01 secs] 
890.368: [GC (Allocation Failure) [PSYoungGen: 70496K->1376K(70144K)] 471051K->401931K(584192K), 0.0024693 secs] [Times: user=0.01 sys=0.00, real=0.01 secs] 
890.988: [GC (Allocation Failure) [PSYoungGen: 69984K->1360K(69632K)] 470539K->401915K(583680K), 0.0038919 secs] [Times: user=0.01 sys=0.00, real=0.01 secs] 
891.612: [GC (Allocation Failure) [PSYoungGen: 69456K->1472K(69120K)] 470011K->402027K(583168K), 0.0018425 secs] [Times: user=0.00 sys=0.00, real=0.00 secs] 
892.015: [GC (Allocation Failure) [PSYoungGen: 69056K->1501K(69120K)] 469611K->402072K(583168K), 0.0018324 secs] [Times: user=0.01 sys=0.00, real=0.00 secs] 
892.411: [GC (Allocation Failure) [PSYoungGen: 68573K->1568K(68608K)] 469144K->402139K(582656K), 0.0017693 secs] [Times: user=0.00 sys=0.00, real=0.00 secs] 
892.805: [GC (Allocation Failure) [PSYoungGen: 68128K->1533K(68096K)] 468699K->402104K(582144K), 0.0018140 secs] [Times: user=0.00 sys=0.00, real=0.00 secs] 
894.397: [GC (Allocation Failure) [PSYoungGen: 67581K->1408K(67072K)] 468152K->401979K(581120K), 0.0044564 secs] [Times: user=0.02 sys=0.00, real=0.01 secs] 
894.956: [GC (Allocation Failure) [PSYoungGen: 66944K->1344K(67072K)] 467515K->401915K(581120K), 0.0032122 secs] [Times: user=0.02 sys=0.00, real=0.01 secs] 
895.464: [GC (Allocation Failure) [PSYoungGen: 66880K->1408K(67584K)] 467451K->401979K(581632K), 0.0027416 secs] [Times: user=0.01 sys=0.00, real=0.00 secs] 
896.064: [GC (Allocation Failure) [PSYoungGen: 66944K->1376K(67584K)] 467515K->401947K(581632K), 0.0028977 secs] [Times: user=0.01 sys=0.00, real=0.00 secs] 
896.760: [GC (Allocation Failure) [PSYoungGen: 66912K->1536K(67584K)] 467483K->402107K(581632K), 0.0016872 secs] [Times: user=0.01 sys=0.00, real=0.00 secs] 
897.206: [GC (Allocation Failure) [PSYoungGen: 67072K->1565K(67584K)] 467643K->402136K(581632K), 0.0016334 secs] [Times: user=0.01 sys=0.00, real=0.00 secs] 
897.592: [GC (Allocation Failure) [PSYoungGen: 67101K->1597K(67584K)] 467672K->402168K(581632K), 0.0017358 secs] [Times: user=0.00 sys=0.00, real=0.00 secs] 
897.981: [GC (Allocation Failure) [PSYoungGen: 67133K->1536K(67584K)] 467704K->402123K(581632K), 0.0017218 secs] [Times: user=0.00 sys=0.00, real=0.00 secs] 
898.336: [GC (Allocation Failure) [PSYoungGen: 67072K->1376K(67584K)] 467659K->401963K(581632K), 0.0029204 secs] [Times: user=0.01 sys=0.00, real=0.00 secs] 
898.621: [GC (Allocation Failure) [PSYoungGen: 66912K->1376K(73216K)] 467499K->401963K(587264K), 0.0023781 secs] [Times: user=0.00 sys=0.00, real=0.00 secs] 
899.294: [GC (Allocation Failure) [PSYoungGen: 72544K->1376K(73216K)] 473131K->401963K(587264K), 0.0034527 secs] [Times: user=0.01 sys=0.00, real=0.00 secs] 
899.889: [GC (Allocation Failure) [PSYoungGen: 72544K->1376K(78848K)] 473131K->401963K(592896K), 0.0024718 secs] [Times: user=0.01 sys=0.00, real=0.00 secs] 
900.626: [GC (Allocation Failure) [PSYoungGen: 78663K->1501K(78336K)] 479250K->402088K(592384K), 0.0017369 secs] [Times: user=0.01 sys=0.00, real=0.00 secs] 
901.135: [GC (Allocation Failure) [PSYoungGen: 78301K->1584K(78336K)] 478888K->402195K(592384K), 0.0018393 secs] [Times: user=0.01 sys=0.00, real=0.00 secs] 
901.644: [GC (Allocation Failure) [PSYoungGen: 77872K->1613K(77824K)] 478483K->402224K(591872K), 0.0019643 secs] [Times: user=0.01 sys=0.00, real=0.00 secs] 
902.075: [GC (Allocation Failure) [PSYoungGen: 77389K->416K(75776K)] 478000K->402051K(589824K), 0.0022098 secs] [Times: user=0.01 sys=0.00, real=0.00 secs] 
902.388: [GC (Allocation Failure) [PSYoungGen: 75680K->320K(76800K)] 477315K->401955K(590848K), 0.0018788 secs] [Times: user=0.01 sys=0.00, real=0.01 secs] 
902.699: [GC (Allocation Failure) [PSYoungGen: 75072K->352K(77312K)] 476707K->401987K(591360K), 0.0020369 secs] [Times: user=0.01 sys=0.00, real=0.00 secs] 
903.206: [GC (Allocation Failure) [PSYoungGen: 75104K->368K(77312K)] 476739K->402003K(591360K), 0.0019249 secs] [Times: user=0.01 sys=0.00, real=0.00 secs] 
903.747: [GC (Allocation Failure) [PSYoungGen: 75120K->1597K(76288K)] 476755K->403232K(590336K), 0.0018563 secs] [Times: user=0.01 sys=0.00, real=0.01 secs] 
904.248: [GC (Allocation Failure) [PSYoungGen: 75837K->1645K(75776K)] 477472K->403280K(589824K), 0.0019126 secs] [Times: user=0.00 sys=0.00, real=0.01 secs] 
904.683: [GC (Allocation Failure) [PSYoungGen: 75373K->1520K(74752K)] 477008K->403219K(588800K), 0.0019373 secs] [Times: user=0.00 sys=0.00, real=0.00 secs] 
905.081: [GC (Allocation Failure) [PSYoungGen: 74736K->1488K(74240K)] 476435K->403187K(588288K), 0.0024881 secs] [Times: user=0.01 sys=0.00, real=0.00 secs] 
905.433: [GC (Allocation Failure) [PSYoungGen: 74192K->1360K(80384K)] 475891K->403059K(594432K), 0.0021420 secs] [Times: user=0.01 sys=0.00, real=0.00 secs] 
905.757: [GC (Allocation Failure) [PSYoungGen: 79184K->1344K(80384K)] 480883K->403043K(594432K), 0.0021448 secs] [Times: user=0.00 sys=0.00, real=0.01 secs] 
906.207: [GC (Allocation Failure) [PSYoungGen: 79168K->1392K(87552K)] 480867K->403091K(601600K), 0.0022933 secs] [Times: user=0.01 sys=0.00, real=0.01 secs] 
906.750: [GC (Allocation Failure) [PSYoungGen: 86384K->1517K(86016K)] 488083K->403216K(600064K), 0.0016563 secs] [Times: user=0.01 sys=0.00, real=0.00 secs] 
907.249: [GC (Allocation Failure) [PSYoungGen: 85997K->1632K(86016K)] 487696K->403331K(600064K), 0.0018285 secs] [Times: user=0.01 sys=0.00, real=0.00 secs] 
907.739: [GC (Allocation Failure) [PSYoungGen: 85600K->1584K(85504K)] 487299K->403283K(599552K), 0.0018775 secs] [Times: user=0.01 sys=0.00, real=0.00 secs] 
908.866: [GC (Allocation Failure) [PSYoungGen: 85040K->1408K(84992K)] 486739K->403107K(599040K), 0.0029336 secs] [Times: user=0.02 sys=0.00, real=0.01 secs] 
909.227: [GC (Allocation Failure) [PSYoungGen: 84352K->1376K(83968K)] 486051K->403075K(598016K), 0.0023111 secs] [Times: user=0.01 sys=0.00, real=0.01 secs] 
909.596: [GC (Allocation Failure) [PSYoungGen: 83808K->1344K(83456K)] 485507K->403059K(597504K), 0.0020673 secs] [Times: user=0.01 sys=0.00, real=0.00 secs] 
910.057: [GC (Allocation Failure) [PSYoungGen: 83264K->1469K(82944K)] 484979K->403184K(596992K), 0.0019984 secs] [Times: user=0.01 sys=0.00, real=0.01 secs] 
910.540: [GC (Allocation Failure) [PSYoungGen: 82877K->1533K(82432K)] 484592K->403248K(596480K), 0.0018394 secs] [Times: user=0.01 sys=0.00, real=0.00 secs] 
911.014: [GC (Allocation Failure) [PSYoungGen: 82429K->1629K(82432K)] 484144K->403344K(596480K), 0.0018908 secs] [Times: user=0.01 sys=0.00, real=0.00 secs] 
911.464: [GC (Allocation Failure) [PSYoungGen: 82013K->448K(80896K)] 483728K->403187K(594944K), 0.0021270 secs] [Times: user=0.01 sys=0.01, real=0.00 secs] 
911.814: [GC (Allocation Failure) [PSYoungGen: 80320K->352K(79872K)] 483059K->403091K(593920K), 0.0019268 secs] [Times: user=0.01 sys=0.00, real=0.00 secs] 
912.162: [GC (Allocation Failure) [PSYoungGen: 79712K->288K(81920K)] 482451K->403027K(595968K), 0.0025978 secs] [Times: user=0.01 sys=0.00, real=0.00 secs] 
912.750: [GC (Allocation Failure) [PSYoungGen: 79648K->1405K(80384K)] 482387K->404144K(594432K), 0.0021057 secs] [Times: user=0.01 sys=0.00, real=0.00 secs] 
913.224: [GC (Allocation Failure) [PSYoungGen: 80253K->1536K(80384K)] 482992K->404275K(594432K), 0.0018635 secs] [Times: user=0.01 sys=0.00, real=0.00 secs] 
913.686: [GC (Allocation Failure) [PSYoungGen: 79872K->1533K(79360K)] 482611K->404272K(593408K), 0.0017596 secs] [Times: user=0.01 sys=0.00, real=0.00 secs] 
914.144: [GC (Allocation Failure) [PSYoungGen: 79357K->1552K(79360K)] 482096K->404291K(593408K), 0.0018514 secs] [Times: user=0.01 sys=0.01, real=0.00 secs] 
914.750: [GC (Allocation Failure) [PSYoungGen: 78864K->1408K(78336K)] 481603K->404147K(592384K), 0.0019809 secs] [Times: user=0.00 sys=0.00, real=0.00 secs] 
915.526: [GC (Allocation Failure) [PSYoungGen: 78208K->1408K(78336K)] 480947K->404147K(592384K), 0.0031080 secs] [Times: user=0.01 sys=0.00, real=0.01 secs] 
916.454: [GC (Allocation Failure) [PSYoungGen: 77696K->1376K(77312K)] 480435K->404115K(591360K), 0.0034972 secs] [Times: user=0.01 sys=0.00, real=0.00 secs] 
917.280: [GC (Allocation Failure) [PSYoungGen: 77152K->1488K(77312K)] 479891K->404227K(591360K), 0.0017316 secs] [Times: user=0.00 sys=0.00, real=0.00 secs] 
917.775: [GC (Allocation Failure) [PSYoungGen: 76752K->1549K(76800K)] 479491K->404288K(590848K), 0.0019517 secs] [Times: user=0.01 sys=0.00, real=0.00 secs] 
918.280: [GC (Allocation Failure) [PSYoungGen: 76301K->1568K(76288K)] 479040K->404307K(590336K), 0.0019778 secs] [Times: user=0.00 sys=0.00, real=0.00 secs] 
918.717: [GC (Allocation Failure) [PSYoungGen: 75808K->320K(74240K)] 478547K->403059K(588288K), 0.0017657 secs] [Times: user=0.01 sys=0.00, real=0.00 secs] 
919.922: [GC (Allocation Failure) [PSYoungGen: 74048K->1376K(75264K)] 476787K->404115K(589312K), 0.0024960 secs] [Times: user=0.01 sys=0.00, real=0.00 secs] 
920.957: [GC (Allocation Failure) [PSYoungGen: 74592K->1376K(74240K)] 477331K->404115K(588288K), 0.0032385 secs] [Times: user=0.01 sys=0.00, real=0.01 secs] 
921.636: [GC (Allocation Failure) [PSYoungGen: 74080K->1376K(74240K)] 476819K->404115K(588288K), 0.0023878 secs] [Times: user=0.01 sys=0.00, real=0.01 secs] 
922.401: [GC (Allocation Failure) [PSYoungGen: 73568K->1469K(73216K)] 476307K->404208K(587264K), 0.0020709 secs] [Times: user=0.01 sys=0.00, real=0.00 secs] 
922.891: [GC (Allocation Failure) [PSYoungGen: 73149K->1533K(73216K)] 475888K->404280K(587264K), 0.0017316 secs] [Times: user=0.01 sys=0.00, real=0.00 secs] 
923.374: [GC (Allocation Failure) [PSYoungGen: 72701K->1565K(72704K)] 475448K->404312K(586752K), 0.0018753 secs] [Times: user=0.01 sys=0.00, real=0.00 secs] 
923.852: [GC (Allocation Failure) [PSYoungGen: 72221K->1533K(72192K)] 474968K->404280K(586240K), 0.0019082 secs] [Times: user=0.01 sys=0.00, real=0.00 secs] 
924.334: [GC (Allocation Failure) [PSYoungGen: 71677K->1408K(71168K)] 474424K->404155K(585216K), 0.0036155 secs] [Times: user=0.01 sys=0.00, real=0.00 secs] 
924.875: [GC (Allocation Failure) [PSYoungGen: 71040K->1408K(70656K)] 473787K->404155K(584704K), 0.0028715 secs] [Times: user=0.01 sys=0.00, real=0.00 secs] 
925.560: [GC (Allocation Failure) [PSYoungGen: 70528K->1344K(70144K)] 473275K->404091K(584192K), 0.0037510 secs] [Times: user=0.01 sys=0.00, real=0.00 secs] 
926.392: [GC (Allocation Failure) [PSYoungGen: 69952K->1376K(69632K)] 472699K->404123K(583680K), 0.0043419 secs] [Times: user=0.02 sys=0.00, real=0.00 secs] 
926.968: [GC (Allocation Failure) [PSYoungGen: 69472K->1520K(69120K)] 472219K->404267K(583168K), 0.0018354 secs] [Times: user=0.01 sys=0.00, real=0.01 secs] 
927.366: [GC (Allocation Failure) [PSYoungGen: 69104K->1549K(69120K)] 471851K->404296K(583168K), 0.0016625 secs] [Times: user=0.01 sys=0.00, real=0.00 secs] 
927.760: [GC (Allocation Failure) [PSYoungGen: 68621K->1584K(68608K)] 471368K->404331K(582656K), 0.0019920 secs] [Times: user=0.00 sys=0.00, real=0.00 secs] 
928.272: [GC (Allocation Failure) [PSYoungGen: 68144K->704K(67072K)] 470891K->404475K(581120K), 0.0021227 secs] [Times: user=0.01 sys=0.00, real=0.00 secs] 
929.083: [GC (Allocation Failure) [PSYoungGen: 66752K->320K(66048K)] 470523K->404091K(580096K), 0.0020173 secs] [Times: user=0.00 sys=0.00, real=0.00 secs] 
929.539: [GC (Allocation Failure) [PSYoungGen: 65856K->352K(68096K)] 469627K->404123K(582144K), 0.0020848 secs] [Times: user=0.00 sys=0.00, real=0.00 secs] 
929.812: [GC (Allocation Failure) [PSYoungGen: 65888K->352K(68096K)] 469659K->404123K(582144K), 0.0020519 secs] [Times: user=0.00 sys=0.00, real=0.00 secs] 
930.132: [GC (Allocation Failure) [PSYoungGen: 65888K->352K(68096K)] 469659K->404139K(582144K), 0.0021062 secs] [Times: user=0.01 sys=0.00, real=0.00 secs] 
930.579: [GC (Allocation Failure) [PSYoungGen: 65888K->1536K(68096K)] 469675K->405323K(582144K), 0.0017151 secs] [Times: user=0.01 sys=0.00, real=0.00 secs] 
930.965: [GC (Allocation Failure) [PSYoungGen: 67072K->1597K(68096K)] 470859K->405384K(582144K), 0.0017095 secs] [Times: user=0.00 sys=0.00, real=0.00 secs] 
931.353: [GC (Allocation Failure) [PSYoungGen: 67133K->1600K(68096K)] 470920K->405387K(582144K), 0.0018194 secs] [Times: user=0.00 sys=0.00, real=0.00 secs] 
931.845: [GC (Allocation Failure) [PSYoungGen: 67136K->1744K(68096K)] 470923K->405531K(582144K), 0.0021700 secs] [Times: user=0.01 sys=0.00, real=0.00 secs] 
932.371: [GC (Allocation Failure) [PSYoungGen: 67280K->1344K(68096K)] 471067K->405131K(582144K), 0.0026995 secs] [Times: user=0.01 sys=0.00, real=0.00 secs] 
932.643: [GC (Allocation Failure) [PSYoungGen: 66880K->1360K(68096K)] 470667K->405147K(582144K), 0.0022488 secs] [Times: user=0.01 sys=0.00, real=0.00 secs] 
932.913: [GC (Allocation Failure) [PSYoungGen: 66896K->1344K(68096K)] 470683K->405131K(582144K), 0.0020839 secs] [Times: user=0.01 sys=0.00, real=0.00 secs] 
933.185: [GC (Allocation Failure) [PSYoungGen: 66880K->1408K(74240K)] 470667K->405195K(588288K), 0.0021271 secs] [Times: user=0.01 sys=0.00, real=0.00 secs] 
933.720: [GC (Allocation Failure) [PSYoungGen: 73088K->1600K(74240K)] 476875K->405387K(588288K), 0.0019500 secs] [Times: user=0.01 sys=0.00, real=0.00 secs] 
934.142: [GC (Allocation Failure) [PSYoungGen: 73280K->1613K(80896K)] 477067K->405400K(594944K), 0.0017972 secs] [Times: user=0.00 sys=0.01, real=0.00 secs] 
934.604: [GC (Allocation Failure) [PSYoungGen: 79949K->1536K(80896K)] 483736K->405331K(594944K), 0.0018127 secs] [Times: user=0.01 sys=0.00, real=0.00 secs] 
935.434: [GC (Allocation Failure) [PSYoungGen: 79872K->1456K(87552K)] 483667K->405251K(601600K), 0.0044229 secs] [Times: user=0.02 sys=0.00, real=0.00 secs] 
936.425: [GC (Allocation Failure) [PSYoungGen: 86448K->1376K(86016K)] 490243K->405171K(600064K), 0.0034313 secs] [Times: user=0.02 sys=0.00, real=0.00 secs] 
936.969: [GC (Allocation Failure) [PSYoungGen: 85856K->1376K(86016K)] 489651K->405171K(600064K), 0.0022433 secs] [Times: user=0.01 sys=0.00, real=0.00 secs] 
937.421: [GC (Allocation Failure) [PSYoungGen: 85344K->1456K(84992K)] 489139K->405251K(599040K), 0.0018765 secs] [Times: user=0.01 sys=0.00, real=0.00 secs] 
937.909: [GC (Allocation Failure) [PSYoungGen: 84912K->1568K(84992K)] 488707K->405363K(599040K), 0.0017992 secs] [Times: user=0.01 sys=0.00, real=0.00 secs] 
938.400: [GC (Allocation Failure) [PSYoungGen: 84512K->1581K(84480K)] 488307K->405376K(598528K), 0.0017825 secs] [Times: user=0.01 sys=0.00, real=0.00 secs] 
939.628: [GC (Allocation Failure) [PSYoungGen: 84013K->464K(82944K)] 487808K->405283K(596992K), 0.0044407 secs] [Times: user=0.02 sys=0.00, real=0.01 secs] 
941.172: [GC (Allocation Failure) [PSYoungGen: 82384K->320K(81920K)] 487203K->405139K(595968K), 0.0041252 secs] [Times: user=0.02 sys=0.00, real=0.00 secs] 
941.853: [GC (Allocation Failure) [PSYoungGen: 81728K->352K(82944K)] 486547K->405187K(596992K), 0.0028782 secs] [Times: user=0.01 sys=0.00, real=0.00 secs] 
942.515: [GC (Allocation Failure) [PSYoungGen: 81248K->352K(80896K)] 486083K->405187K(594944K), 0.0024952 secs] [Times: user=0.01 sys=0.00, real=0.00 secs] 
943.201: [GC (Allocation Failure) [PSYoungGen: 80736K->1504K(81920K)] 485571K->406339K(595968K), 0.0017970 secs] [Times: user=0.01 sys=0.00, real=0.00 secs] 
943.673: [GC (Allocation Failure) [PSYoungGen: 81376K->1613K(81408K)] 486211K->406448K(595456K), 0.0019106 secs] [Times: user=0.01 sys=0.00, real=0.00 secs] 
944.139: [GC (Allocation Failure) [PSYoungGen: 80973K->1581K(80896K)] 485808K->406416K(594944K), 0.0018531 secs] [Times: user=0.01 sys=0.00, real=0.00 secs] 
944.559: [GC (Allocation Failure) [PSYoungGen: 80429K->1424K(79872K)] 485264K->406267K(593920K), 0.0021009 secs] [Times: user=0.00 sys=0.00, real=0.01 secs] 
944.951: [GC (Allocation Failure) [PSYoungGen: 79760K->1376K(79872K)] 484603K->406219K(593920K), 0.0020401 secs] [Times: user=0.00 sys=0.00, real=0.00 secs] 
945.416: [GC (Allocation Failure) [PSYoungGen: 79200K->1392K(78848K)] 484043K->406235K(592896K), 0.0021676 secs] [Times: user=0.01 sys=0.00, real=0.00 secs] 
946.135: [GC (Allocation Failure) [PSYoungGen: 78704K->1456K(78848K)] 483547K->406299K(592896K), 0.0022209 secs] [Times: user=0.01 sys=0.00, real=0.00 secs] 
946.599: [GC (Allocation Failure) [PSYoungGen: 78256K->1581K(78336K)] 483099K->406424K(592384K), 0.0017357 secs] [Times: user=0.01 sys=0.00, real=0.01 secs] 
947.050: [GC (Allocation Failure) [PSYoungGen: 77869K->1533K(77824K)] 482712K->406376K(591872K), 0.0018616 secs] [Times: user=0.01 sys=0.00, real=0.00 secs] 
947.495: [GC (Allocation Failure) [PSYoungGen: 77291K->1581K(77312K)] 482135K->406424K(591360K), 0.0018561 secs] [Times: user=0.00 sys=0.00, real=0.00 secs] 
947.983: [GC (Allocation Failure) [PSYoungGen: 76845K->1376K(76800K)] 481688K->406227K(590848K), 0.0020646 secs] [Times: user=0.01 sys=0.00, real=0.00 secs] 
948.302: [GC (Allocation Failure) [PSYoungGen: 76128K->1344K(75776K)] 480979K->406195K(589824K), 0.0020922 secs] [Times: user=0.01 sys=0.00, real=0.00 secs] 
948.686: [GC (Allocation Failure) [PSYoungGen: 75584K->1376K(77312K)] 480435K->406227K(591360K), 0.0031880 secs] [Times: user=0.01 sys=0.00, real=0.01 secs] 
949.248: [GC (Allocation Failure) [PSYoungGen: 76128K->1456K(75776K)] 480979K->406307K(589824K), 0.0018190 secs] [Times: user=0.00 sys=0.00, real=0.01 secs] 
949.685: [GC (Allocation Failure) [PSYoungGen: 75696K->1536K(75776K)] 480547K->406411K(589824K), 0.0017754 secs] [Times: user=0.01 sys=0.00, real=0.00 secs] 
950.123: [GC (Allocation Failure) [PSYoungGen: 75264K->1533K(74752K)] 480139K->406408K(588800K), 0.0018674 secs] [Times: user=0.01 sys=0.00, real=0.00 secs] 
950.562: [GC (Allocation Failure) [PSYoungGen: 74749K->1517K(74240K)] 479624K->406456K(588288K), 0.0017264 secs] [Times: user=0.01 sys=0.00, real=0.00 secs] 
951.782: [GC (Allocation Failure) [PSYoungGen: 74221K->1408K(73728K)] 479160K->406363K(587776K), 0.0048949 secs] [Times: user=0.02 sys=0.00, real=0.00 secs] 
952.669: [GC (Allocation Failure) [PSYoungGen: 73600K->1360K(73216K)] 478555K->406315K(587264K), 0.0042462 secs] [Times: user=0.01 sys=0.00, real=0.00 secs] 
953.392: [GC (Allocation Failure) [PSYoungGen: 73040K->1376K(72704K)] 477995K->406331K(586752K), 0.0031617 secs] [Times: user=0.01 sys=0.00, real=0.00 secs] 
954.357: [GC (Allocation Failure) [PSYoungGen: 72544K->1376K(72192K)] 477499K->406331K(586240K), 0.0035536 secs] [Times: user=0.01 sys=0.00, real=0.01 secs] 
954.912: [GC (Allocation Failure) [PSYoungGen: 72032K->1613K(72192K)] 476987K->406568K(586240K), 0.0018695 secs] [Times: user=0.00 sys=0.00, real=0.00 secs] 
955.325: [GC (Allocation Failure) [PSYoungGen: 71757K->541K(70656K)] 476712K->406520K(584704K), 0.0018212 secs] [Times: user=0.00 sys=0.00, real=0.00 secs] 
955.740: [GC (Allocation Failure) [PSYoungGen: 70161K->557K(70144K)] 476141K->406536K(584192K), 0.0018190 secs] [Times: user=0.01 sys=0.00, real=0.00 secs] 
956.776: [GC (Allocation Failure) [PSYoungGen: 69677K->1472K(70144K)] 475656K->407451K(584192K), 0.0030618 secs] [Times: user=0.01 sys=0.00, real=0.01 secs] 
957.547: [GC (Allocation Failure) [PSYoungGen: 70080K->1376K(69632K)] 476059K->407363K(583680K), 0.0022955 secs] [Times: user=0.01 sys=0.00, real=0.01 secs] 
958.254: [GC (Allocation Failure) [PSYoungGen: 69472K->1376K(69120K)] 475459K->407363K(583168K), 0.0032924 secs] [Times: user=0.01 sys=0.00, real=0.00 secs] 
958.860: [GC (Allocation Failure) [PSYoungGen: 68960K->1376K(68608K)] 474947K->407363K(582656K), 0.0031997 secs] [Times: user=0.01 sys=0.00, real=0.00 secs] 
959.546: [GC (Allocation Failure) [PSYoungGen: 68448K->1469K(68096K)] 474435K->407456K(582144K), 0.0017773 secs] [Times: user=0.01 sys=0.00, real=0.00 secs] 
959.941: [GC (Allocation Failure) [PSYoungGen: 68029K->1568K(68096K)] 474016K->407555K(582144K), 0.0018626 secs] [Times: user=0.01 sys=0.00, real=0.00 secs] 
960.330: [GC (Allocation Failure) [PSYoungGen: 67616K->512K(66560K)] 473603K->407523K(580608K), 0.0018059 secs] [Times: user=0.01 sys=0.00, real=0.00 secs] 
960.719: [GC (Allocation Failure) [PSYoungGen: 66048K->525K(67584K)] 473059K->407536K(581632K), 0.0017831 secs] [Times: user=0.01 sys=0.00, real=0.00 secs] 
961.265: [GC (Allocation Failure) [PSYoungGen: 66061K->1424K(68096K)] 473072K->408451K(582144K), 0.0021014 secs] [Times: user=0.01 sys=0.00, real=0.00 secs] 
961.576: [GC (Allocation Failure) [PSYoungGen: 66960K->1376K(68096K)] 473987K->408419K(582144K), 0.0020778 secs] [Times: user=0.01 sys=0.00, real=0.00 secs] 
961.849: [GC (Allocation Failure) [PSYoungGen: 66912K->1376K(68608K)] 473955K->408419K(582656K), 0.0026732 secs] [Times: user=0.01 sys=0.00, real=0.00 secs] 
962.335: [GC (Allocation Failure) [PSYoungGen: 67424K->1344K(68096K)] 474467K->408387K(582144K), 0.0030440 secs] [Times: user=0.01 sys=0.00, real=0.00 secs] 
962.866: [GC (Allocation Failure) [PSYoungGen: 67381K->1565K(73728K)] 474425K->408608K(587776K), 0.0016595 secs] [Times: user=0.01 sys=0.00, real=0.00 secs] 
963.360: [GC (Allocation Failure) [PSYoungGen: 73245K->1536K(73216K)] 480288K->408579K(587264K), 0.0019118 secs] [Times: user=0.01 sys=0.00, real=0.00 secs] 
963.782: [GC (Allocation Failure) [PSYoungGen: 72704K->541K(71680K)] 479747K->408608K(585728K), 0.0017829 secs] [Times: user=0.00 sys=0.00, real=0.00 secs] 
964.256: [GC (Allocation Failure) [PSYoungGen: 71197K->525K(71168K)] 479264K->408608K(585216K), 0.0017643 secs] [Times: user=0.00 sys=0.00, real=0.00 secs] 
964.608: [GC (Allocation Failure) [PSYoungGen: 70669K->1408K(71680K)] 478752K->409499K(585728K), 0.0023982 secs] [Times: user=0.01 sys=0.00, real=0.01 secs] 
964.911: [GC (Allocation Failure) [PSYoungGen: 71040K->1408K(72192K)] 479131K->409499K(586240K), 0.0021782 secs] [Times: user=0.01 sys=0.00, real=0.00 secs] 
965.200: [GC (Allocation Failure) [PSYoungGen: 71040K->1376K(78848K)] 479131K->409467K(592896K), 0.0021955 secs] [Times: user=0.01 sys=0.00, real=0.00 secs] 
965.621: [GC (Allocation Failure) [PSYoungGen: 77664K->1485K(78848K)] 485755K->409576K(592896K), 0.0021165 secs] [Times: user=0.01 sys=0.00, real=0.00 secs] 
966.077: [GC (Allocation Failure) [PSYoungGen: 77773K->1565K(84992K)] 485864K->409656K(599040K), 0.0019833 secs] [Times: user=0.01 sys=0.00, real=0.01 secs] 
966.567: [GC (Allocation Failure) [PSYoungGen: 84509K->1661K(84480K)] 492600K->409752K(598528K), 0.0019032 secs] [Times: user=0.01 sys=0.00, real=0.01 secs] 
967.042: [GC (Allocation Failure) [PSYoungGen: 84093K->1632K(83968K)] 492184K->409723K(598016K), 0.0015324 secs] [Times: user=0.01 sys=0.00, real=0.00 secs] 
967.784: [GC (Allocation Failure) [PSYoungGen: 83552K->1408K(82944K)] 491643K->409507K(596992K), 0.0034302 secs] [Times: user=0.01 sys=0.00, real=0.00 secs] 
968.130: [GC (Allocation Failure) [PSYoungGen: 82816K->1408K(82944K)] 490915K->409507K(596992K), 0.0027373 secs] [Times: user=0.01 sys=0.00, real=0.00 secs] 
968.467: [GC (Allocation Failure) [PSYoungGen: 82304K->1376K(83456K)] 490403K->409475K(597504K), 0.0021729 secs] [Times: user=0.01 sys=0.00, real=0.01 secs] 
968.914: [GC (Allocation Failure) [PSYoungGen: 82253K->1533K(81920K)] 490353K->409664K(595968K), 0.0018994 secs] [Times: user=0.01 sys=0.00, real=0.00 secs] 
969.389: [GC (Allocation Failure) [PSYoungGen: 81917K->1613K(81920K)] 490048K->409744K(595968K), 0.0018689 secs] [Times: user=0.01 sys=0.00, real=0.00 secs] 
969.861: [GC (Allocation Failure) [PSYoungGen: 81485K->637K(80384K)] 489616K->409792K(594432K), 0.0018437 secs] [Times: user=0.01 sys=0.00, real=0.00 secs] 
970.962: [GC (Allocation Failure) [PSYoungGen: 79997K->1488K(80384K)] 489152K->410651K(594432K), 0.0045566 secs] [Times: user=0.01 sys=0.01, real=0.00 secs] 
972.039: [GC (Allocation Failure) [PSYoungGen: 80336K->1440K(79872K)] 489499K->410603K(593920K), 0.0034616 secs] [Times: user=0.02 sys=0.00, real=0.00 secs] 
972.716: [GC (Allocation Failure) [PSYoungGen: 79776K->1344K(79360K)] 488939K->410515K(593408K), 0.0038880 secs] [Times: user=0.01 sys=0.00, real=0.01 secs] 
973.361: [GC (Allocation Failure) [PSYoungGen: 79168K->1312K(78848K)] 488339K->410483K(592896K), 0.0029518 secs] [Times: user=0.01 sys=0.00, real=0.00 secs] 
973.901: [GC (Allocation Failure) [PSYoungGen: 78624K->1581K(78848K)] 487795K->410752K(592896K), 0.0018788 secs] [Times: user=0.01 sys=0.00, real=0.00 secs] 
974.354: [GC (Allocation Failure) [PSYoungGen: 78381K->509K(76800K)] 487552K->410704K(590848K), 0.0017589 secs] [Times: user=0.01 sys=0.00, real=0.00 secs] 
974.807: [GC (Allocation Failure) [PSYoungGen: 76797K->525K(76800K)] 486992K->410720K(590848K), 0.0016672 secs] [Times: user=0.01 sys=0.00, real=0.00 secs] 
975.217: [GC (Allocation Failure) [PSYoungGen: 76301K->1376K(76800K)] 486496K->411571K(590848K), 0.0021366 secs] [Times: user=0.01 sys=0.00, real=0.01 secs] 
975.551: [GC (Allocation Failure) [PSYoungGen: 76640K->1376K(76288K)] 486835K->411571K(590336K), 0.0022090 secs] [Times: user=0.00 sys=0.00, real=0.00 secs] 
976.030: [GC (Allocation Failure) [PSYoungGen: 76128K->1376K(75776K)] 486323K->411579K(589824K), 0.0027861 secs] [Times: user=0.01 sys=0.00, real=0.00 secs] 
976.705: [GC (Allocation Failure) [PSYoungGen: 75586K->1456K(75264K)] 485790K->411659K(589312K), 0.0029438 secs] [Times: user=0.01 sys=0.00, real=0.00 secs] 
977.210: [GC (Allocation Failure) [PSYoungGen: 75184K->1504K(74752K)] 485387K->411747K(588800K), 0.0018363 secs] [Times: user=0.01 sys=0.00, real=0.00 secs] 
977.643: [GC (Allocation Failure) [PSYoungGen: 74720K->1533K(74240K)] 484963K->411784K(588288K), 0.0018279 secs] [Times: user=0.01 sys=0.00, real=0.00 secs] 
978.071: [GC (Allocation Failure) [PSYoungGen: 74217K->1504K(73728K)] 484469K->411755K(587776K), 0.0017645 secs] [Times: user=0.00 sys=0.00, real=0.00 secs] 
978.665: [GC (Allocation Failure) [PSYoungGen: 73696K->1408K(73216K)] 483947K->411659K(587264K), 0.0021803 secs] [Times: user=0.00 sys=0.00, real=0.00 secs] 
978.963: [GC (Allocation Failure) [PSYoungGen: 73088K->1360K(78336K)] 483339K->411619K(592384K), 0.0029490 secs] [Times: user=0.01 sys=0.00, real=0.00 secs] 
979.284: [GC (Allocation Failure) [PSYoungGen: 78160K->1376K(78848K)] 488419K->411635K(592896K), 0.0025870 secs] [Times: user=0.01 sys=0.00, real=0.00 secs] 
979.606: [GC (Allocation Failure) [PSYoungGen: 78176K->1376K(86016K)] 488435K->411659K(600064K), 0.0022856 secs] [Times: user=0.01 sys=0.00, real=0.00 secs] 
980.160: [GC (Allocation Failure) [PSYoungGen: 85344K->1581K(86016K)] 495627K->411864K(600064K), 0.0018867 secs] [Times: user=0.01 sys=0.00, real=0.00 secs] 
980.654: [GC (Allocation Failure) [PSYoungGen: 85549K->1632K(85504K)] 495832K->411915K(599552K), 0.0020040 secs] [Times: user=0.01 sys=0.00, real=0.00 secs] 
981.190: [GC (Allocation Failure) [PSYoungGen: 85088K->1824K(84992K)] 495371K->412115K(599040K), 0.0023767 secs] [Times: user=0.01 sys=0.00, real=0.00 secs] 
982.065: [GC (Allocation Failure) [PSYoungGen: 84768K->352K(82944K)] 495059K->411667K(596992K), 0.0047722 secs] [Times: user=0.02 sys=0.00, real=0.01 secs] 
982.628: [GC (Allocation Failure) [PSYoungGen: 82784K->352K(84480K)] 494099K->411675K(598528K), 0.0022165 secs] [Times: user=0.01 sys=0.00, real=0.01 secs] 
982.969: [GC (Allocation Failure) [PSYoungGen: 82272K->352K(81920K)] 493595K->411675K(595968K), 0.0023605 secs] [Times: user=0.01 sys=0.00, real=0.00 secs] 
983.592: [GC (Allocation Failure) [PSYoungGen: 81760K->1517K(83456K)] 493083K->412840K(597504K), 0.0018340 secs] [Times: user=0.01 sys=0.00, real=0.00 secs] 
984.081: [GC (Allocation Failure) [PSYoungGen: 82413K->1616K(82432K)] 493736K->412939K(596480K), 0.0020400 secs] [Times: user=0.01 sys=0.00, real=0.00 secs] 
984.552: [GC (Allocation Failure) [PSYoungGen: 82000K->1565K(81920K)] 493323K->412888K(595968K), 0.0019520 secs] [Times: user=0.01 sys=0.00, real=0.00 secs] 
985.578: [GC (Allocation Failure) [PSYoungGen: 81437K->1440K(80896K)] 492760K->412771K(594944K), 0.0025160 secs] [Times: user=0.01 sys=0.00, real=0.01 secs] 
986.323: [GC (Allocation Failure) [PSYoungGen: 80800K->1408K(80384K)] 492131K->412739K(594432K), 0.0026783 secs] [Times: user=0.01 sys=0.00, real=0.00 secs] 
986.830: [GC (Allocation Failure) [PSYoungGen: 80256K->1376K(79872K)] 491587K->412707K(593920K), 0.0022772 secs] [Times: user=0.01 sys=0.00, real=0.00 secs] 
987.294: [GC (Allocation Failure) [PSYoungGen: 79712K->1469K(79360K)] 491043K->412800K(593408K), 0.0021881 secs] [Times: user=0.01 sys=0.00, real=0.00 secs] 
987.845: [GC (Allocation Failure) [PSYoungGen: 79293K->1568K(79360K)] 490624K->412899K(593408K), 0.0018062 secs] [Times: user=0.01 sys=0.00, real=0.00 secs] 
988.299: [GC (Allocation Failure) [PSYoungGen: 78880K->1597K(78848K)] 490211K->412928K(592896K), 0.0020476 secs] [Times: user=0.01 sys=0.00, real=0.01 secs] 
988.810: [GC (Allocation Failure) [PSYoungGen: 78397K->1533K(77824K)] 489728K->412928K(591872K), 0.0019759 secs] [Times: user=0.01 sys=0.00, real=0.00 secs] 
989.605: [GC (Allocation Failure) [PSYoungGen: 77821K->1440K(77312K)] 489216K->412843K(591360K), 0.0036588 secs] [Times: user=0.02 sys=0.00, real=0.01 secs] 
990.205: [GC (Allocation Failure) [PSYoungGen: 77216K->1408K(76800K)] 488619K->412811K(590848K), 0.0030085 secs] [Times: user=0.01 sys=0.00, real=0.00 secs] 
990.731: [GC (Allocation Failure) [PSYoungGen: 76672K->1408K(76288K)] 488075K->412811K(590336K), 0.0023682 secs] [Times: user=0.00 sys=0.00, real=0.00 secs] 
991.200: [GC (Allocation Failure) [PSYoungGen: 76160K->1488K(75776K)] 487563K->412915K(589824K), 0.0016333 secs] [Times: user=0.01 sys=0.00, real=0.00 secs] 
991.634: [GC (Allocation Failure) [PSYoungGen: 75728K->1533K(75264K)] 487155K->412960K(589312K), 0.0017635 secs] [Times: user=0.00 sys=0.00, real=0.00 secs] 
992.067: [GC (Allocation Failure) [PSYoungGen: 75261K->1504K(74752K)] 486688K->412995K(588800K), 0.0019635 secs] [Times: user=0.01 sys=0.00, real=0.01 secs] 
992.501: [GC (Allocation Failure) [PSYoungGen: 74720K->1581K(74752K)] 486211K->413072K(588800K), 0.0019303 secs] [Times: user=0.01 sys=0.00, real=0.00 secs] 
993.160: [GC (Allocation Failure) [PSYoungGen: 74285K->416K(72704K)] 485776K->412931K(586752K), 0.0028063 secs] [Times: user=0.01 sys=0.00, real=0.00 secs] 
993.848: [GC (Allocation Failure) [PSYoungGen: 72608K->320K(74240K)] 485123K->412859K(588288K), 0.0022545 secs] [Times: user=0.01 sys=0.00, real=0.01 secs] 
994.734: [GC (Allocation Failure) [PSYoungGen: 72000K->352K(71680K)] 484539K->412891K(585728K), 0.0026444 secs] [Times: user=0.01 sys=0.00, real=0.00 secs] 
995.594: [GC (Allocation Failure) [PSYoungGen: 71520K->352K(73216K)] 484059K->412891K(587264K), 0.0048151 secs] [Times: user=0.02 sys=0.00, real=0.00 secs] 
996.167: [GC (Allocation Failure) [PSYoungGen: 71008K->1565K(72192K)] 483547K->414104K(586240K), 0.0018036 secs] [Times: user=0.01 sys=0.00, real=0.01 secs] 
996.582: [GC (Allocation Failure) [PSYoungGen: 71709K->1533K(71168K)] 484248K->414072K(585216K), 0.0019242 secs] [Times: user=0.00 sys=0.00, real=0.00 secs] 
996.992: [GC (Allocation Failure) [PSYoungGen: 71152K->1549K(71168K)] 483691K->414088K(585216K), 0.0017292 secs] [Times: user=0.01 sys=0.00, real=0.00 secs] 
997.382: [GC (Allocation Failure) [PSYoungGen: 70669K->1472K(70144K)] 483208K->414019K(584192K), 0.0020463 secs] [Times: user=0.01 sys=0.00, real=0.00 secs] 
997.670: [GC (Allocation Failure) [PSYoungGen: 70080K->1360K(70144K)] 482627K->413907K(584192K), 0.0018809 secs] [Times: user=0.01 sys=0.00, real=0.00 secs] 
998.171: [GC (Allocation Failure) [PSYoungGen: 69456K->1344K(69120K)] 482003K->413891K(583168K), 0.0021758 secs] [Times: user=0.01 sys=0.00, real=0.00 secs] 
998.733: [GC (Allocation Failure) [PSYoungGen: 68928K->1344K(69120K)] 481475K->413891K(583168K), 0.0021939 secs] [Times: user=0.01 sys=0.00, real=0.00 secs] 
999.420: [GC (Allocation Failure) [PSYoungGen: 68416K->1472K(68096K)] 480963K->414019K(582144K), 0.0017742 secs] [Times: user=0.01 sys=0.00, real=0.00 secs] 
999.814: [GC (Allocation Failure) [PSYoungGen: 68032K->1533K(68096K)] 480579K->414080K(582144K), 0.0018569 secs] [Times: user=0.00 sys=0.00, real=0.00 secs] 
1000.204: [GC (Allocation Failure) [PSYoungGen: 67581K->1536K(67584K)] 480128K->414083K(581632K), 0.0017327 secs] [Times: user=0.01 sys=0.00, real=0.00 secs] 
1000.591: [GC (Allocation Failure) [PSYoungGen: 67072K->1581K(68096K)] 479619K->414152K(582144K), 0.0016995 secs] [Times: user=0.00 sys=0.00, real=0.00 secs] 
1000.971: [GC (Allocation Failure) [PSYoungGen: 67117K->1424K(68096K)] 479688K->413995K(582144K), 0.0028595 secs] [Times: user=0.01 sys=0.00, real=0.00 secs] 
1001.245: [GC (Allocation Failure) [PSYoungGen: 66960K->1344K(68608K)] 479531K->413915K(582656K), 0.0023160 secs] [Times: user=0.01 sys=0.00, real=0.00 secs] 
1001.763: [GC (Allocation Failure) [PSYoungGen: 67392K->1328K(67072K)] 479963K->413899K(581120K), 0.0022749 secs] [Times: user=0.01 sys=0.00, real=0.00 secs] 
1002.359: [GC (Allocation Failure) [PSYoungGen: 66864K->1376K(67584K)] 479435K->413947K(581632K), 0.0030794 secs] [Times: user=0.01 sys=0.00, real=0.00 secs] 
1002.980: [GC (Allocation Failure) [PSYoungGen: 66912K->1469K(67584K)] 479483K->414040K(581632K), 0.0016827 secs] [Times: user=0.00 sys=0.00, real=0.00 secs] 
1003.365: [GC (Allocation Failure) [PSYoungGen: 67005K->1501K(67584K)] 479576K->414072K(581632K), 0.0018923 secs] [Times: user=0.01 sys=0.01, real=0.00 secs] 
1003.751: [GC (Allocation Failure) [PSYoungGen: 67037K->1584K(67584K)] 479608K->414155K(581632K), 0.0017758 secs] [Times: user=0.01 sys=0.00, real=0.00 secs] 
1004.137: [GC (Allocation Failure) [PSYoungGen: 67120K->1549K(67584K)] 479691K->414136K(581632K), 0.0018040 secs] [Times: user=0.01 sys=0.00, real=0.00 secs] 
1004.670: [GC (Allocation Failure) [PSYoungGen: 67085K->1440K(67584K)] 479672K->414027K(581632K), 0.0019278 secs] [Times: user=0.01 sys=0.00, real=0.00 secs] 
1005.339: [GC (Allocation Failure) [PSYoungGen: 66976K->1344K(67584K)] 479563K->413931K(581632K), 0.0041643 secs] [Times: user=0.02 sys=0.00, real=0.01 secs] 
1006.002: [GC (Allocation Failure) [PSYoungGen: 66880K->1376K(67584K)] 479467K->413963K(581632K), 0.0032915 secs] [Times: user=0.01 sys=0.00, real=0.00 secs] 
1006.640: [GC (Allocation Failure) [PSYoungGen: 66912K->1344K(67584K)] 479499K->413931K(581632K), 0.0031979 secs] [Times: user=0.01 sys=0.00, real=0.00 secs] 
1007.277: [GC (Allocation Failure) [PSYoungGen: 66880K->1440K(67584K)] 479467K->414027K(581632K), 0.0016966 secs] [Times: user=0.00 sys=0.00, real=0.00 secs] 
1007.663: [GC (Allocation Failure) [PSYoungGen: 66976K->1504K(67584K)] 479563K->414091K(581632K), 0.0017986 secs] [Times: user=0.00 sys=0.00, real=0.00 secs] 
1008.049: [GC (Allocation Failure) [PSYoungGen: 67040K->1536K(67584K)] 479627K->414123K(581632K), 0.0017848 secs] [Times: user=0.00 sys=0.00, real=0.01 secs] 
1008.434: [GC (Allocation Failure) [PSYoungGen: 67072K->1533K(67584K)] 479659K->414128K(581632K), 0.0017898 secs] [Times: user=0.01 sys=0.00, real=0.00 secs] 
1009.101: [GC (Allocation Failure) [PSYoungGen: 67069K->1456K(67584K)] 479664K->414051K(581632K), 0.0025273 secs] [Times: user=0.01 sys=0.00, real=0.00 secs] 
1009.691: [GC (Allocation Failure) [PSYoungGen: 66992K->1344K(67584K)] 479587K->413939K(581632K), 0.0042400 secs] [Times: user=0.02 sys=0.00, real=0.00 secs] 
1010.194: [GC (Allocation Failure) [PSYoungGen: 66880K->1376K(67584K)] 479475K->413995K(581632K), 0.0029673 secs] [Times: user=0.01 sys=0.00, real=0.00 secs] 
1010.764: [GC (Allocation Failure) [PSYoungGen: 66912K->1344K(67584K)] 479531K->413963K(581632K), 0.0030046 secs] [Times: user=0.01 sys=0.01, real=0.00 secs] 
1011.351: [GC (Allocation Failure) [PSYoungGen: 66880K->1440K(67584K)] 479499K->414059K(581632K), 0.0016822 secs] [Times: user=0.01 sys=0.00, real=0.00 secs] 
1011.737: [GC (Allocation Failure) [PSYoungGen: 66976K->1533K(67584K)] 479595K->414152K(581632K), 0.0017562 secs] [Times: user=0.01 sys=0.00, real=0.00 secs] 
1012.121: [GC (Allocation Failure) [PSYoungGen: 67069K->1584K(67584K)] 479688K->414203K(581632K), 0.0018233 secs] [Times: user=0.00 sys=0.00, real=0.00 secs] 
1012.510: [GC (Allocation Failure) [PSYoungGen: 67120K->1501K(67584K)] 479739K->414128K(581632K), 0.0018324 secs] [Times: user=0.01 sys=0.00, real=0.00 secs] 
1013.824: [GC (Allocation Failure) [PSYoungGen: 67037K->1456K(67584K)] 479664K->414083K(581632K), 0.0024517 secs] [Times: user=0.01 sys=0.00, real=0.00 secs] 
1014.460: [GC (Allocation Failure) [PSYoungGen: 66992K->1344K(67584K)] 479619K->413971K(581632K), 0.0020906 secs] [Times: user=0.01 sys=0.00, real=0.00 secs] 
1015.173: [GC (Allocation Failure) [PSYoungGen: 66880K->1408K(67584K)] 479507K->414035K(581632K), 0.0020772 secs] [Times: user=0.01 sys=0.00, real=0.00 secs] 
1015.932: [GC (Allocation Failure) [PSYoungGen: 66944K->1376K(67584K)] 479571K->414003K(581632K), 0.0019324 secs] [Times: user=0.01 sys=0.00, real=0.00 secs] 
1016.604: [GC (Allocation Failure) [PSYoungGen: 66912K->1408K(67584K)] 479539K->414035K(581632K), 0.0017007 secs] [Times: user=0.01 sys=0.00, real=0.00 secs] 
1017.048: [GC (Allocation Failure) [PSYoungGen: 66944K->1568K(67584K)] 479571K->414195K(581632K), 0.0018508 secs] [Times: user=0.00 sys=0.00, real=0.01 secs] 
1017.495: [GC (Allocation Failure) [PSYoungGen: 67104K->1552K(67584K)] 479731K->414179K(581632K), 0.0019293 secs] [Times: user=0.00 sys=0.00, real=0.00 secs] 
1017.942: [GC (Allocation Failure) [PSYoungGen: 67088K->1597K(67584K)] 479715K->414240K(581632K), 0.0019252 secs] [Times: user=0.01 sys=0.00, real=0.00 secs] 
1018.340: [GC (Allocation Failure) [PSYoungGen: 67133K->1424K(67584K)] 479776K->414067K(581632K), 0.0031871 secs] [Times: user=0.01 sys=0.00, real=0.00 secs] 
1018.674: [GC (Allocation Failure) [PSYoungGen: 66960K->1344K(67584K)] 479603K->413987K(581632K), 0.0022930 secs] [Times: user=0.01 sys=0.00, real=0.00 secs] 
1019.001: [GC (Allocation Failure) [PSYoungGen: 66880K->1344K(67584K)] 479523K->413987K(581632K), 0.0022338 secs] [Times: user=0.01 sys=0.00, real=0.00 secs] 
1019.312: [GC (Allocation Failure) [PSYoungGen: 66880K->1408K(73728K)] 479523K->414051K(587776K), 0.0024643 secs] [Times: user=0.01 sys=0.01, real=0.00 secs] 
1019.752: [GC (Allocation Failure) [PSYoungGen: 73088K->1472K(73728K)] 485731K->414115K(587776K), 0.0017032 secs] [Times: user=0.01 sys=0.00, real=0.00 secs] 
1020.174: [GC (Allocation Failure) [PSYoungGen: 73152K->1597K(73216K)] 485795K->414240K(587264K), 0.0018149 secs] [Times: user=0.00 sys=0.00, real=0.00 secs] 
1020.593: [GC (Allocation Failure) [PSYoungGen: 72765K->1613K(72704K)] 485408K->414280K(586752K), 0.0018801 secs] [Times: user=0.00 sys=0.00, real=0.00 secs] 
1021.004: [GC (Allocation Failure) [PSYoungGen: 72269K->416K(70656K)] 484936K->414115K(584704K), 0.0016038 secs] [Times: user=0.01 sys=0.00, real=0.00 secs] 
1021.322: [GC (Allocation Failure) [PSYoungGen: 70560K->352K(71680K)] 484259K->414051K(585728K), 0.0019905 secs] [Times: user=0.01 sys=0.00, real=0.00 secs] 
1021.672: [GC (Allocation Failure) [PSYoungGen: 69984K->368K(69632K)] 483683K->414067K(583680K), 0.0020692 secs] [Times: user=0.01 sys=0.00, real=0.00 secs] 
1022.290: [GC (Allocation Failure) [PSYoungGen: 69488K->352K(71168K)] 483187K->414051K(585216K), 0.0020362 secs] [Times: user=0.01 sys=0.00, real=0.00 secs] 
1022.888: [GC (Allocation Failure) [PSYoungGen: 68960K->352K(68608K)] 482659K->414051K(582656K), 0.0023904 secs] [Times: user=0.01 sys=0.00, real=0.01 secs] 
1023.356: [GC (Allocation Failure) [PSYoungGen: 68448K->1597K(70144K)] 482147K->415296K(584192K), 0.0018311 secs] [Times: user=0.01 sys=0.00, real=0.00 secs] 
1023.815: [GC (Allocation Failure) [PSYoungGen: 69181K->1568K(69120K)] 482880K->415267K(583168K), 0.0017872 secs] [Times: user=0.01 sys=0.00, real=0.00 secs] 
1024.212: [GC (Allocation Failure) [PSYoungGen: 68640K->1501K(68096K)] 482339K->415200K(582144K), 0.0018738 secs] [Times: user=0.00 sys=0.00, real=0.00 secs] 
1024.620: [GC (Allocation Failure) [PSYoungGen: 68061K->1488K(67584K)] 481760K->415187K(581632K), 0.0023404 secs] [Times: user=0.01 sys=0.00, real=0.00 secs] 
1024.895: [GC (Allocation Failure) [PSYoungGen: 67536K->1344K(67072K)] 481235K->415043K(581120K), 0.0020669 secs] [Times: user=0.01 sys=0.00, real=0.00 secs] 
1025.212: [GC (Allocation Failure) [PSYoungGen: 66880K->1344K(67072K)] 480579K->415043K(581120K), 0.0021777 secs] [Times: user=0.00 sys=0.00, real=0.00 secs] 
1025.497: [GC (Allocation Failure) [PSYoungGen: 66880K->1344K(70144K)] 480579K->415043K(584192K), 0.0029506 secs] [Times: user=0.01 sys=0.00, real=0.01 secs] 
1025.845: [GC (Allocation Failure) [PSYoungGen: 68928K->1485K(74752K)] 482627K->415184K(588800K), 0.0022121 secs] [Times: user=0.01 sys=0.00, real=0.00 secs] 
1026.280: [GC (Allocation Failure) [PSYoungGen: 73677K->1568K(74752K)] 487376K->415267K(588800K), 0.0017427 secs] [Times: user=0.01 sys=0.00, real=0.00 secs] 
1026.704: [GC (Allocation Failure) [PSYoungGen: 73760K->1565K(73728K)] 487459K->415264K(587776K), 0.0019345 secs] [Times: user=0.01 sys=0.00, real=0.00 secs] 
1027.128: [GC (Allocation Failure) [PSYoungGen: 73245K->1613K(73216K)] 486944K->415320K(587264K), 0.0017371 secs] [Times: user=0.00 sys=0.00, real=0.01 secs] 
1027.745: [GC (Allocation Failure) [PSYoungGen: 72781K->1408K(72192K)] 486488K->415115K(586240K), 0.0020222 secs] [Times: user=0.01 sys=0.00, real=0.00 secs] 
1028.398: [GC (Allocation Failure) [PSYoungGen: 72064K->1376K(71680K)] 485771K->415083K(585728K), 0.0021916 secs] [Times: user=0.01 sys=0.00, real=0.01 secs] 
1029.084: [GC (Allocation Failure) [PSYoungGen: 71520K->1376K(71168K)] 485227K->415083K(585216K), 0.0025364 secs] [Times: user=0.01 sys=0.00, real=0.00 secs] 
1029.918: [GC (Allocation Failure) [PSYoungGen: 71008K->1312K(70656K)] 484715K->415035K(584704K), 0.0029658 secs] [Times: user=0.01 sys=0.00, real=0.01 secs] 
1030.517: [GC (Allocation Failure) [PSYoungGen: 70426K->1424K(70144K)] 484150K->415147K(584192K), 0.0017797 secs] [Times: user=0.00 sys=0.00, real=0.01 secs] 
1030.925: [GC (Allocation Failure) [PSYoungGen: 70032K->1584K(70144K)] 483755K->415307K(584192K), 0.0018881 secs] [Times: user=0.00 sys=0.00, real=0.00 secs] 
1031.328: [GC (Allocation Failure) [PSYoungGen: 69680K->544K(68608K)] 483403K->415291K(582656K), 0.0017020 secs] [Times: user=0.01 sys=0.00, real=0.01 secs] 
1031.886: [GC (Allocation Failure) [PSYoungGen: 68128K->1472K(68608K)] 482875K->416219K(582656K), 0.0025543 secs] [Times: user=0.01 sys=0.01, real=0.01 secs] 
1032.665: [GC (Allocation Failure) [PSYoungGen: 68544K->1344K(68096K)] 483291K->416091K(582144K), 0.0040875 secs] [Times: user=0.02 sys=0.00, real=0.00 secs] 
1033.244: [GC (Allocation Failure) [PSYoungGen: 67904K->1376K(67584K)] 482651K->416123K(581632K), 0.0029970 secs] [Times: user=0.01 sys=0.00, real=0.00 secs] 
1033.974: [GC (Allocation Failure) [PSYoungGen: 67424K->1376K(67072K)] 482171K->416123K(581120K), 0.0025763 secs] [Times: user=0.01 sys=0.00, real=0.00 secs] 
1035.023: [GC (Allocation Failure) [PSYoungGen: 66912K->1376K(67072K)] 481659K->416131K(581120K), 0.0043292 secs] [Times: user=0.02 sys=0.00, real=0.00 secs] 
1035.704: [GC (Allocation Failure) [PSYoungGen: 66897K->1504K(67072K)] 481653K->416307K(581120K), 0.0019564 secs] [Times: user=0.00 sys=0.00, real=0.00 secs] 
1036.152: [GC (Allocation Failure) [PSYoungGen: 67040K->1533K(67072K)] 481843K->416336K(581120K), 0.0020338 secs] [Times: user=0.01 sys=0.00, real=0.00 secs] 
1036.539: [GC (Allocation Failure) [PSYoungGen: 67069K->1533K(67072K)] 481872K->416384K(581120K), 0.0017966 secs] [Times: user=0.00 sys=0.00, real=0.00 secs] 
1037.320: [GC (Allocation Failure) [PSYoungGen: 67069K->1408K(67072K)] 481920K->416267K(581120K), 0.0027288 secs] [Times: user=0.01 sys=0.00, real=0.00 secs] 
1038.011: [GC (Allocation Failure) [PSYoungGen: 66944K->1376K(67072K)] 481803K->416235K(581120K), 0.0021028 secs] [Times: user=0.01 sys=0.00, real=0.00 secs] 
1038.369: [GC (Allocation Failure) [PSYoungGen: 66912K->1376K(67072K)] 481771K->416235K(581120K), 0.0020154 secs] [Times: user=0.00 sys=0.00, real=0.00 secs] 
1038.898: [GC (Allocation Failure) [PSYoungGen: 66912K->1344K(67072K)] 481771K->416203K(581120K), 0.0021683 secs] [Times: user=0.01 sys=0.00, real=0.01 secs] 
1039.448: [GC (Allocation Failure) [PSYoungGen: 66880K->1376K(67072K)] 481739K->416235K(581120K), 0.0024862 secs] [Times: user=0.01 sys=0.00, real=0.01 secs] 
1040.046: [GC (Allocation Failure) [PSYoungGen: 66912K->1501K(67072K)] 481771K->416360K(581120K), 0.0017999 secs] [Times: user=0.00 sys=0.00, real=0.00 secs] 
1040.431: [GC (Allocation Failure) [PSYoungGen: 67037K->1504K(67072K)] 481896K->416363K(581120K), 0.0018501 secs] [Times: user=0.01 sys=0.00, real=0.00 secs] 
1040.817: [GC (Allocation Failure) [PSYoungGen: 67040K->1504K(67072K)] 481899K->416387K(581120K), 0.0017891 secs] [Times: user=0.01 sys=0.00, real=0.00 secs] 
1041.311: [GC (Allocation Failure) [PSYoungGen: 67040K->1456K(67072K)] 481923K->416355K(581120K), 0.0027977 secs] [Times: user=0.01 sys=0.00, real=0.00 secs] 
1042.125: [GC (Allocation Failure) [PSYoungGen: 66992K->1376K(67584K)] 481891K->416275K(581632K), 0.0033380 secs] [Times: user=0.01 sys=0.00, real=0.00 secs] 
1042.911: [GC (Allocation Failure) [PSYoungGen: 66912K->1344K(67584K)] 481811K->416243K(581632K), 0.0041303 secs] [Times: user=0.01 sys=0.00, real=0.00 secs] 
1043.320: [GC (Allocation Failure) [PSYoungGen: 66880K->1408K(67584K)] 481779K->416307K(581632K), 0.0023548 secs] [Times: user=0.01 sys=0.00, real=0.00 secs] 
1043.578: [GC (Allocation Failure) [PSYoungGen: 66944K->1376K(67584K)] 481843K->416275K(581632K), 0.0019481 secs] [Times: user=0.01 sys=0.00, real=0.01 secs] 
1043.978: [GC (Allocation Failure) [PSYoungGen: 66912K->1597K(67584K)] 481811K->416496K(581632K), 0.0018026 secs] [Times: user=0.01 sys=0.01, real=0.01 secs] 
1044.364: [GC (Allocation Failure) [PSYoungGen: 67133K->1533K(67584K)] 482032K->416432K(581632K), 0.0018000 secs] [Times: user=0.01 sys=0.00, real=0.00 secs] 
1044.750: [GC (Allocation Failure) [PSYoungGen: 67069K->1565K(67584K)] 481968K->416472K(581632K), 0.0016724 secs] [Times: user=0.00 sys=0.00, real=0.00 secs] 
1045.174: [GC (Allocation Failure) [PSYoungGen: 67101K->1520K(67584K)] 482008K->416427K(581632K), 0.0020280 secs] [Times: user=0.01 sys=0.00, real=0.00 secs] 
1045.742: [GC (Allocation Failure) [PSYoungGen: 67056K->1328K(67584K)] 481963K->416235K(581632K), 0.0027044 secs] [Times: user=0.01 sys=0.00, real=0.00 secs] 
1046.347: [GC (Allocation Failure) [PSYoungGen: 66864K->1344K(67584K)] 481771K->416251K(581632K), 0.0042945 secs] [Times: user=0.02 sys=0.00, real=0.01 secs] 
1046.876: [GC (Allocation Failure) [PSYoungGen: 66880K->1376K(67584K)] 481787K->416283K(581632K), 0.0028389 secs] [Times: user=0.01 sys=0.00, real=0.01 secs] 
1047.350: [GC (Allocation Failure) [PSYoungGen: 66912K->1376K(67584K)] 481819K->416283K(581632K), 0.0026763 secs] [Times: user=0.01 sys=0.00, real=0.00 secs] 
1047.837: [GC (Allocation Failure) [PSYoungGen: 66912K->1501K(67584K)] 481819K->416408K(581632K), 0.0017443 secs] [Times: user=0.00 sys=0.00, real=0.01 secs] 
1048.222: [GC (Allocation Failure) [PSYoungGen: 67037K->1581K(67584K)] 481944K->416488K(581632K), 0.0016846 secs] [Times: user=0.01 sys=0.00, real=0.00 secs] 
1048.608: [GC (Allocation Failure) [PSYoungGen: 67117K->1501K(67584K)] 482024K->416424K(581632K), 0.0018407 secs] [Times: user=0.01 sys=0.00, real=0.01 secs] 
1049.110: [GC (Allocation Failure) [PSYoungGen: 67037K->1504K(67584K)] 481960K->416427K(581632K), 0.0020565 secs] [Times: user=0.01 sys=0.00, real=0.00 secs] 
1049.727: [GC (Allocation Failure) [PSYoungGen: 67040K->1344K(67584K)] 481963K->416283K(581632K), 0.0026477 secs] [Times: user=0.01 sys=0.00, real=0.01 secs] 
1050.334: [GC (Allocation Failure) [PSYoungGen: 66880K->1376K(67584K)] 481819K->416315K(581632K), 0.0023345 secs] [Times: user=0.01 sys=0.00, real=0.00 secs] 
1051.125: [GC (Allocation Failure) [PSYoungGen: 66912K->1408K(67584K)] 481851K->416347K(581632K), 0.0027789 secs] [Times: user=0.01 sys=0.00, real=0.00 secs] 
1051.669: [GC (Allocation Failure) [PSYoungGen: 66944K->1408K(67584K)] 481883K->416347K(581632K), 0.0023165 secs] [Times: user=0.01 sys=0.00, real=0.00 secs] 
1052.167: [GC (Allocation Failure) [PSYoungGen: 66944K->1533K(67584K)] 481883K->416472K(581632K), 0.0018341 secs] [Times: user=0.01 sys=0.00, real=0.01 secs] 
1052.616: [GC (Allocation Failure) [PSYoungGen: 67057K->1501K(67584K)] 481997K->416448K(581632K), 0.0020329 secs] [Times: user=0.01 sys=0.00, real=0.00 secs] 
1053.062: [GC (Allocation Failure) [PSYoungGen: 67037K->1565K(67584K)] 481984K->416520K(581632K), 0.0019751 secs] [Times: user=0.01 sys=0.00, real=0.00 secs] 
1053.526: [GC (Allocation Failure) [PSYoungGen: 67101K->1472K(67584K)] 482056K->416427K(581632K), 0.0021242 secs] [Times: user=0.01 sys=0.00, real=0.00 secs] 
1053.946: [GC (Allocation Failure) [PSYoungGen: 67008K->1376K(67584K)] 481963K->416331K(581632K), 0.0020404 secs] [Times: user=0.01 sys=0.00, real=0.00 secs] 
1054.579: [GC (Allocation Failure) [PSYoungGen: 66912K->1408K(67584K)] 481867K->416363K(581632K), 0.0023176 secs] [Times: user=0.01 sys=0.00, real=0.00 secs] 
1055.235: [GC (Allocation Failure) [PSYoungGen: 66944K->1376K(67584K)] 481899K->416331K(581632K), 0.0028661 secs] [Times: user=0.01 sys=0.00, real=0.00 secs] 
1055.974: [GC (Allocation Failure) [PSYoungGen: 66912K->1344K(67584K)] 481867K->416299K(581632K), 0.0028206 secs] [Times: user=0.02 sys=0.00, real=0.00 secs] 
1056.464: [GC (Allocation Failure) [PSYoungGen: 66880K->1501K(67584K)] 481835K->416456K(581632K), 0.0017760 secs] [Times: user=0.01 sys=0.00, real=0.00 secs] 
1056.849: [GC (Allocation Failure) [PSYoungGen: 67037K->1597K(67584K)] 481992K->416552K(581632K), 0.0016638 secs] [Times: user=0.00 sys=0.00, real=0.00 secs] 
1057.298: [GC (Allocation Failure) [PSYoungGen: 67133K->1536K(67584K)] 482088K->416499K(581632K), 0.0017140 secs] [Times: user=0.01 sys=0.00, real=0.01 secs] 
1057.882: [GC (Allocation Failure) [PSYoungGen: 67072K->1472K(67584K)] 482035K->416435K(581632K), 0.0021541 secs] [Times: user=0.01 sys=0.00, real=0.00 secs] 
1058.557: [GC (Allocation Failure) [PSYoungGen: 67008K->1328K(67584K)] 481971K->416291K(581632K), 0.0027635 secs] [Times: user=0.01 sys=0.00, real=0.01 secs] 
1059.149: [GC (Allocation Failure) [PSYoungGen: 66864K->1376K(67584K)] 481827K->416339K(581632K), 0.0029018 secs] [Times: user=0.01 sys=0.00, real=0.00 secs] 
1059.614: [GC (Allocation Failure) [PSYoungGen: 66912K->1376K(67584K)] 481875K->416339K(581632K), 0.0021428 secs] [Times: user=0.01 sys=0.00, real=0.00 secs] 
1059.896: [GC (Allocation Failure) [PSYoungGen: 66912K->1344K(67584K)] 481875K->416307K(581632K), 0.0025901 secs] [Times: user=0.01 sys=0.00, real=0.00 secs] 
1060.429: [GC (Allocation Failure) [PSYoungGen: 66880K->1549K(67584K)] 481843K->416536K(581632K), 0.0016558 secs] [Times: user=0.01 sys=0.00, real=0.00 secs] 
1060.814: [GC (Allocation Failure) [PSYoungGen: 67085K->1565K(67584K)] 482072K->416552K(581632K), 0.0017919 secs] [Times: user=0.01 sys=0.00, real=0.00 secs] 
1061.202: [GC (Allocation Failure) [PSYoungGen: 67101K->1568K(67584K)] 482088K->416563K(581632K), 0.0017154 secs] [Times: user=0.01 sys=0.00, real=0.00 secs] 
1061.601: [GC (Allocation Failure) [PSYoungGen: 67104K->1504K(67584K)] 482099K->416499K(581632K), 0.0021591 secs] [Times: user=0.01 sys=0.00, real=0.00 secs] 
1061.891: [GC (Allocation Failure) [PSYoungGen: 67040K->1344K(67584K)] 482035K->416339K(581632K), 0.0023544 secs] [Times: user=0.01 sys=0.00, real=0.00 secs] 
1062.455: [GC (Allocation Failure) [PSYoungGen: 66880K->1376K(67584K)] 481875K->416371K(581632K), 0.0022182 secs] [Times: user=0.01 sys=0.00, real=0.00 secs] 
1063.001: [GC (Allocation Failure) [PSYoungGen: 66912K->1376K(67584K)] 481907K->416371K(581632K), 0.0030911 secs] [Times: user=0.01 sys=0.00, real=0.00 secs] 
1063.765: [GC (Allocation Failure) [PSYoungGen: 66912K->1376K(67584K)] 481907K->416371K(581632K), 0.0038640 secs] [Times: user=0.01 sys=0.00, real=0.01 secs] 
1064.362: [GC (Allocation Failure) [PSYoungGen: 66912K->1536K(67584K)] 481907K->416531K(581632K), 0.0017684 secs] [Times: user=0.01 sys=0.00, real=0.00 secs] 
1064.748: [GC (Allocation Failure) [PSYoungGen: 67072K->1533K(67584K)] 482067K->416528K(581632K), 0.0016399 secs] [Times: user=0.01 sys=0.00, real=0.01 secs] 
1065.134: [GC (Allocation Failure) [PSYoungGen: 67069K->1533K(67584K)] 482064K->416536K(581632K), 0.0019522 secs] [Times: user=0.01 sys=0.00, real=0.00 secs] 
1065.518: [GC (Allocation Failure) [PSYoungGen: 67069K->2016K(67584K)] 482072K->417027K(581632K), 0.0019108 secs] [Times: user=0.00 sys=0.00, real=0.01 secs] 
1065.790: [GC (Allocation Failure) [PSYoungGen: 67552K->1376K(67584K)] 482563K->416387K(581632K), 0.0022451 secs] [Times: user=0.01 sys=0.00, real=0.00 secs] 
1066.080: [GC (Allocation Failure) [PSYoungGen: 66912K->1376K(67584K)] 481923K->416387K(581632K), 0.0017626 secs] [Times: user=0.00 sys=0.00, real=0.00 secs] 
1066.784: [GC (Allocation Failure) [PSYoungGen: 66912K->1376K(67584K)] 481923K->416387K(581632K), 0.0021694 secs] [Times: user=0.01 sys=0.00, real=0.00 secs] 
1067.511: [GC (Allocation Failure) [PSYoungGen: 66912K->1376K(67584K)] 481923K->416387K(581632K), 0.0048967 secs] [Times: user=0.02 sys=0.00, real=0.00 secs] 
1068.128: [GC (Allocation Failure) [PSYoungGen: 66912K->1581K(67584K)] 481923K->416592K(581632K), 0.0018881 secs] [Times: user=0.01 sys=0.00, real=0.01 secs] 
1068.513: [GC (Allocation Failure) [PSYoungGen: 67117K->1533K(67584K)] 482128K->416544K(581632K), 0.0016917 secs] [Times: user=0.00 sys=0.00, real=0.00 secs] 
1068.899: [GC (Allocation Failure) [PSYoungGen: 67069K->1549K(67584K)] 482080K->416576K(581632K), 0.0017960 secs] [Times: user=0.00 sys=0.00, real=0.00 secs] 
1069.318: [GC (Allocation Failure) [PSYoungGen: 67085K->2016K(67584K)] 482112K->417051K(581632K), 0.0020688 secs] [Times: user=0.01 sys=0.00, real=0.01 secs] 
1069.669: [GC (Allocation Failure) [PSYoungGen: 67552K->1344K(67584K)] 482587K->416395K(581632K), 0.0019965 secs] [Times: user=0.00 sys=0.00, real=0.00 secs] 
1070.271: [GC (Allocation Failure) [PSYoungGen: 66880K->1328K(67584K)] 481931K->416379K(581632K), 0.0049564 secs] [Times: user=0.02 sys=0.00, real=0.00 secs] 
1070.845: [GC (Allocation Failure) [PSYoungGen: 66864K->1376K(67584K)] 481915K->416427K(581632K), 0.0029014 secs] [Times: user=0.01 sys=0.00, real=0.00 secs] 
1071.421: [GC (Allocation Failure) [PSYoungGen: 66912K->1344K(67584K)] 481963K->416395K(581632K), 0.0033962 secs] [Times: user=0.01 sys=0.00, real=0.00 secs] 
1071.926: [GC (Allocation Failure) [PSYoungGen: 66880K->1565K(67584K)] 481931K->416616K(581632K), 0.0016544 secs] [Times: user=0.01 sys=0.00, real=0.00 secs] 
1072.310: [GC (Allocation Failure) [PSYoungGen: 67101K->1581K(67584K)] 482152K->416632K(581632K), 0.0018057 secs] [Times: user=0.01 sys=0.00, real=0.00 secs] 
1072.696: [GC (Allocation Failure) [PSYoungGen: 67117K->1568K(67584K)] 482168K->416635K(581632K), 0.0017395 secs] [Times: user=0.00 sys=0.00, real=0.00 secs] 
1073.088: [GC (Allocation Failure) [PSYoungGen: 67104K->2032K(67584K)] 482171K->417611K(581632K), 0.0018802 secs] [Times: user=0.01 sys=0.00, real=0.01 secs] 
1073.360: [GC (Allocation Failure) [PSYoungGen: 67568K->1344K(67584K)] 483147K->416923K(581632K), 0.0016489 secs] [Times: user=0.01 sys=0.00, real=0.00 secs] 
1073.632: [GC (Allocation Failure) [PSYoungGen: 66880K->1376K(67584K)] 482459K->416955K(581632K), 0.0017640 secs] [Times: user=0.01 sys=0.00, real=0.00 secs] 
1073.903: [GC (Allocation Failure) [PSYoungGen: 66912K->1344K(67584K)] 482491K->416923K(581632K), 0.0015967 secs] [Times: user=0.00 sys=0.00, real=0.00 secs] 
1074.175: [GC (Allocation Failure) [PSYoungGen: 66880K->1360K(67584K)] 482459K->416939K(581632K), 0.0021313 secs] [Times: user=0.01 sys=0.00, real=0.00 secs] 
1074.605: [GC (Allocation Failure) [PSYoungGen: 66896K->1568K(67584K)] 482475K->417147K(581632K), 0.0019131 secs] [Times: user=0.00 sys=0.00, real=0.00 secs] 
1074.990: [GC (Allocation Failure) [PSYoungGen: 67078K->1549K(67584K)] 482658K->417128K(581632K), 0.0017510 secs] [Times: user=0.01 sys=0.00, real=0.00 secs] 
1075.378: [GC (Allocation Failure) [PSYoungGen: 67085K->1536K(67584K)] 482664K->417123K(581632K), 0.0017329 secs] [Times: user=0.00 sys=0.00, real=0.01 secs] 
1075.804: [GC (Allocation Failure) [PSYoungGen: 67072K->1984K(67584K)] 482659K->417571K(581632K), 0.0021923 secs] [Times: user=0.01 sys=0.00, real=0.00 secs] 
1076.789: [GC (Allocation Failure) [PSYoungGen: 67520K->1376K(67072K)] 483107K->416963K(581120K), 0.0023540 secs] [Times: user=0.00 sys=0.00, real=0.00 secs] 
1077.308: [GC (Allocation Failure) [PSYoungGen: 66912K->1344K(67072K)] 482499K->416931K(581120K), 0.0025782 secs] [Times: user=0.01 sys=0.00, real=0.01 secs] 
1077.903: [GC (Allocation Failure) [PSYoungGen: 66880K->1376K(67072K)] 482467K->416963K(581120K), 0.0026034 secs] [Times: user=0.01 sys=0.00, real=0.00 secs] 
1078.474: [GC (Allocation Failure) [PSYoungGen: 66912K->1408K(67072K)] 482499K->416995K(581120K), 0.0026466 secs] [Times: user=0.02 sys=0.00, real=0.00 secs] 
1078.966: [GC (Allocation Failure) [PSYoungGen: 66944K->1440K(67072K)] 482531K->417027K(581120K), 0.0017452 secs] [Times: user=0.01 sys=0.00, real=0.00 secs] 
1079.352: [GC (Allocation Failure) [PSYoungGen: 66951K->1504K(67072K)] 482539K->417115K(581120K), 0.0017676 secs] [Times: user=0.01 sys=0.00, real=0.00 secs] 
1079.738: [GC (Allocation Failure) [PSYoungGen: 67040K->1488K(67584K)] 482651K->417107K(581632K), 0.0018033 secs] [Times: user=0.00 sys=0.00, real=0.01 secs] 
1080.151: [GC (Allocation Failure) [PSYoungGen: 67024K->2000K(67584K)] 482643K->417619K(581632K), 0.0020972 secs] [Times: user=0.00 sys=0.00, real=0.00 secs] 
1080.503: [GC (Allocation Failure) [PSYoungGen: 67536K->1376K(67584K)] 483155K->416995K(581632K), 0.0019251 secs] [Times: user=0.01 sys=0.00, real=0.00 secs] 
1080.829: [GC (Allocation Failure) [PSYoungGen: 66912K->1376K(67584K)] 482531K->416995K(581632K), 0.0019294 secs] [Times: user=0.01 sys=0.00, real=0.00 secs] 
1081.285: [GC (Allocation Failure) [PSYoungGen: 66912K->1376K(67584K)] 482531K->416995K(581632K), 0.0023008 secs] [Times: user=0.01 sys=0.00, real=0.00 secs] 
1081.866: [GC (Allocation Failure) [PSYoungGen: 66912K->1376K(67584K)] 482531K->416995K(581632K), 0.0027928 secs] [Times: user=0.01 sys=0.00, real=0.01 secs] 
1082.420: [GC (Allocation Failure) [PSYoungGen: 66912K->1533K(67584K)] 482531K->417152K(581632K), 0.0016453 secs] [Times: user=0.01 sys=0.00, real=0.00 secs] 
1082.804: [GC (Allocation Failure) [PSYoungGen: 67069K->1597K(67584K)] 482688K->417216K(581632K), 0.0017179 secs] [Times: user=0.00 sys=0.00, real=0.00 secs] 
1083.192: [GC (Allocation Failure) [PSYoungGen: 67133K->1581K(67584K)] 482752K->417208K(581632K), 0.0016798 secs] [Times: user=0.01 sys=0.00, real=0.00 secs] 
1083.654: [GC (Allocation Failure) [PSYoungGen: 67117K->1760K(67584K)] 482744K->417387K(581632K), 0.0022309 secs] [Times: user=0.01 sys=0.00, real=0.00 secs] 
1084.314: [GC (Allocation Failure) [PSYoungGen: 67296K->1360K(67584K)] 482923K->416987K(581632K), 0.0020849 secs] [Times: user=0.01 sys=0.00, real=0.00 secs] 
1084.635: [GC (Allocation Failure) [PSYoungGen: 66896K->1376K(67584K)] 482523K->417003K(581632K), 0.0021615 secs] [Times: user=0.01 sys=0.00, real=0.00 secs] 
1084.907: [GC (Allocation Failure) [PSYoungGen: 66912K->1344K(67584K)] 482539K->416971K(581632K), 0.0022107 secs] [Times: user=0.01 sys=0.00, real=0.01 secs] 
1085.180: [GC (Allocation Failure) [PSYoungGen: 66880K->1344K(67584K)] 482507K->416971K(581632K), 0.0021269 secs] [Times: user=0.01 sys=0.00, real=0.00 secs] 
1085.597: [GC (Allocation Failure) [PSYoungGen: 66880K->1597K(67584K)] 482507K->417224K(581632K), 0.0018956 secs] [Times: user=0.01 sys=0.00, real=0.00 secs] 
1085.981: [GC (Allocation Failure) [PSYoungGen: 67133K->1568K(67584K)] 482760K->417195K(581632K), 0.0018752 secs] [Times: user=0.01 sys=0.00, real=0.00 secs] 
1086.375: [GC (Allocation Failure) [PSYoungGen: 67104K->1565K(67584K)] 482731K->417200K(581632K), 0.0016624 secs] [Times: user=0.01 sys=0.00, real=0.00 secs] 
1086.912: [GC (Allocation Failure) [PSYoungGen: 67101K->1760K(67584K)] 482736K->417395K(581632K), 0.0022855 secs] [Times: user=0.01 sys=0.00, real=0.00 secs] 
1087.459: [GC (Allocation Failure) [PSYoungGen: 67296K->1360K(67072K)] 482931K->416995K(581120K), 0.0026965 secs] [Times: user=0.01 sys=0.00, real=0.00 secs] 
1087.739: [GC (Allocation Failure) [PSYoungGen: 66896K->1408K(67072K)] 482531K->417043K(581120K), 0.0023122 secs] [Times: user=0.00 sys=0.00, real=0.00 secs] 
1088.026: [GC (Allocation Failure) [PSYoungGen: 66944K->1376K(69120K)] 482579K->417011K(583168K), 0.0021802 secs] [Times: user=0.01 sys=0.00, real=0.00 secs] 
1088.307: [GC (Allocation Failure) [PSYoungGen: 68960K->1376K(69632K)] 484595K->417027K(583680K), 0.0020742 secs] [Times: user=0.01 sys=0.00, real=0.01 secs] 
1088.735: [GC (Allocation Failure) [PSYoungGen: 68948K->1597K(69120K)] 484600K->417248K(583168K), 0.0018024 secs] [Times: user=0.01 sys=0.00, real=0.00 secs] 
1089.132: [GC (Allocation Failure) [PSYoungGen: 68669K->1613K(68608K)] 484320K->417264K(582656K), 0.0017745 secs] [Times: user=0.01 sys=0.00, real=0.00 secs] 
1089.524: [GC (Allocation Failure) [PSYoungGen: 68150K->509K(66560K)] 483802K->417248K(580608K), 0.0018034 secs] [Times: user=0.01 sys=0.00, real=0.00 secs] 
1090.044: [GC (Allocation Failure) [PSYoungGen: 66557K->1536K(67584K)] 483296K->418275K(581632K), 0.0021753 secs] [Times: user=0.01 sys=0.00, real=0.00 secs] 
1090.622: [GC (Allocation Failure) [PSYoungGen: 67072K->1376K(67072K)] 483811K->418115K(581120K), 0.0023262 secs] [Times: user=0.01 sys=0.01, real=0.00 secs] 
1091.065: [GC (Allocation Failure) [PSYoungGen: 66912K->1376K(67072K)] 483651K->418115K(581120K), 0.0022490 secs] [Times: user=0.01 sys=0.00, real=0.00 secs] 
1091.615: [GC (Allocation Failure) [PSYoungGen: 66912K->1376K(67072K)] 483651K->418115K(581120K), 0.0021603 secs] [Times: user=0.01 sys=0.00, real=0.00 secs] 
1092.171: [GC (Allocation Failure) [PSYoungGen: 66912K->1376K(67072K)] 483651K->418115K(581120K), 0.0021799 secs] [Times: user=0.01 sys=0.00, real=0.00 secs] 
1092.654: [GC (Allocation Failure) [PSYoungGen: 66912K->1501K(67072K)] 483651K->418240K(581120K), 0.0017035 secs] [Times: user=0.01 sys=0.00, real=0.00 secs] 
1093.038: [GC (Allocation Failure) [PSYoungGen: 67037K->1584K(67584K)] 483776K->418323K(581632K), 0.0019807 secs] [Times: user=0.00 sys=0.00, real=0.01 secs] 
1093.424: [GC (Allocation Failure) [PSYoungGen: 67120K->477K(66048K)] 483859K->418248K(580096K), 0.0018859 secs] [Times: user=0.01 sys=0.00, real=0.00 secs] 
1094.125: [GC (Allocation Failure) [PSYoungGen: 66013K->1536K(67584K)] 483784K->419315K(581632K), 0.0029167 secs] [Times: user=0.01 sys=0.00, real=0.00 secs] 
1095.009: [GC (Allocation Failure) [PSYoungGen: 67072K->1376K(67072K)] 484851K->419155K(581120K), 0.0031003 secs] [Times: user=0.01 sys=0.00, real=0.01 secs] 
1095.479: [GC (Allocation Failure) [PSYoungGen: 66912K->1408K(67072K)] 484691K->419187K(581120K), 0.0026373 secs] [Times: user=0.01 sys=0.00, real=0.00 secs] 
1096.008: [GC (Allocation Failure) [PSYoungGen: 66944K->1376K(67072K)] 484723K->419155K(581120K), 0.0023280 secs] [Times: user=0.01 sys=0.00, real=0.01 secs] 
1096.599: [GC (Allocation Failure) [PSYoungGen: 66912K->1376K(67072K)] 484691K->419163K(581120K), 0.0049883 secs] [Times: user=0.02 sys=0.01, real=0.00 secs] 
1097.207: [GC (Allocation Failure) [PSYoungGen: 66912K->1517K(67072K)] 484699K->419313K(581120K), 0.0016805 secs] [Times: user=0.01 sys=0.00, real=0.01 secs] 
1097.592: [GC (Allocation Failure) [PSYoungGen: 67053K->1536K(67584K)] 484849K->419339K(581632K), 0.0018417 secs] [Times: user=0.00 sys=0.00, real=0.00 secs] 
1097.979: [GC (Allocation Failure) [PSYoungGen: 67072K->1533K(67072K)] 484875K->419353K(581120K), 0.0016511 secs] [Times: user=0.01 sys=0.00, real=0.00 secs] 
1099.096: [GC (Allocation Failure) [PSYoungGen: 67069K->1504K(67584K)] 484889K->419323K(581632K), 0.0048110 secs] [Times: user=0.02 sys=0.00, real=0.01 secs] 
1099.769: [GC (Allocation Failure) [PSYoungGen: 67040K->1376K(67584K)] 484859K->419195K(581632K), 0.0021165 secs] [Times: user=0.01 sys=0.00, real=0.00 secs] 
1100.041: [GC (Allocation Failure) [PSYoungGen: 66912K->1376K(67584K)] 484731K->419195K(581632K), 0.0021563 secs] [Times: user=0.01 sys=0.01, real=0.00 secs] 
1100.314: [GC (Allocation Failure) [PSYoungGen: 66912K->1376K(67584K)] 484731K->419195K(581632K), 0.0028414 secs] [Times: user=0.01 sys=0.00, real=0.00 secs] 
1100.587: [GC (Allocation Failure) [PSYoungGen: 66912K->1312K(67584K)] 484731K->419147K(581632K), 0.0022113 secs] [Times: user=0.01 sys=0.00, real=0.01 secs] 
1100.992: [GC (Allocation Failure) [PSYoungGen: 66848K->1565K(73728K)] 484683K->419400K(587776K), 0.0017568 secs] [Times: user=0.01 sys=0.00, real=0.00 secs] 
1101.417: [GC (Allocation Failure) [PSYoungGen: 73245K->1629K(73216K)] 491080K->419465K(587264K), 0.0018885 secs] [Times: user=0.01 sys=0.00, real=0.01 secs] 
1101.835: [GC (Allocation Failure) [PSYoungGen: 72797K->541K(71680K)] 490633K->419408K(585728K), 0.0018265 secs] [Times: user=0.01 sys=0.00, real=0.00 secs] 
1102.375: [GC (Allocation Failure) [PSYoungGen: 71197K->1440K(71680K)] 490064K->420307K(585728K), 0.0023372 secs] [Times: user=0.01 sys=0.00, real=0.00 secs] 
1102.995: [GC (Allocation Failure) [PSYoungGen: 71584K->1360K(71168K)] 490451K->420227K(585216K), 0.0022605 secs] [Times: user=0.00 sys=0.00, real=0.00 secs] 
1103.350: [GC (Allocation Failure) [PSYoungGen: 70992K->1344K(70656K)] 489859K->420211K(584704K), 0.0023805 secs] [Times: user=0.01 sys=0.00, real=0.00 secs] 
1103.642: [GC (Allocation Failure) [PSYoungGen: 70464K->1376K(70144K)] 489331K->420243K(584192K), 0.0021018 secs] [Times: user=0.01 sys=0.00, real=0.00 secs] 
1104.011: [GC (Allocation Failure) [PSYoungGen: 69984K->1472K(69632K)] 488851K->420339K(583680K), 0.0017499 secs] [Times: user=0.00 sys=0.00, real=0.00 secs] 
1104.413: [GC (Allocation Failure) [PSYoungGen: 69568K->1501K(69120K)] 488435K->420369K(583168K), 0.0017529 secs] [Times: user=0.01 sys=0.00, real=0.00 secs] 
1104.809: [GC (Allocation Failure) [PSYoungGen: 69085K->1504K(68608K)] 487953K->420371K(582656K), 0.0018233 secs] [Times: user=0.01 sys=0.00, real=0.00 secs] 
1105.203: [GC (Allocation Failure) [PSYoungGen: 68576K->1504K(68096K)] 487443K->420443K(582144K), 0.0018145 secs] [Times: user=0.00 sys=0.00, real=0.00 secs] 
1105.940: [GC (Allocation Failure) [PSYoungGen: 68064K->1408K(67584K)] 487003K->420347K(581632K), 0.0022464 secs] [Times: user=0.01 sys=0.00, real=0.00 secs] 
1106.806: [GC (Allocation Failure) [PSYoungGen: 67456K->1376K(67072K)] 486395K->420315K(581120K), 0.0083086 secs] [Times: user=0.04 sys=0.00, real=0.01 secs] 
1107.699: [GC (Allocation Failure) [PSYoungGen: 66912K->1408K(67072K)] 485851K->420347K(581120K), 0.0034413 secs] [Times: user=0.01 sys=0.00, real=0.00 secs] 
1108.451: [GC (Allocation Failure) [PSYoungGen: 66944K->1376K(67584K)] 485883K->420315K(581632K), 0.0025668 secs] [Times: user=0.01 sys=0.00, real=0.00 secs] 
1108.972: [GC (Allocation Failure) [PSYoungGen: 66912K->1504K(67584K)] 485851K->420443K(581632K), 0.0017732 secs] [Times: user=0.01 sys=0.00, real=0.00 secs] 
1109.358: [GC (Allocation Failure) [PSYoungGen: 67040K->1581K(67584K)] 485979K->420521K(581632K), 0.0017979 secs] [Times: user=0.00 sys=0.00, real=0.01 secs] 
1109.803: [GC (Allocation Failure) [PSYoungGen: 67117K->1565K(67584K)] 486057K->420505K(581632K), 0.0019409 secs] [Times: user=0.01 sys=0.00, real=0.00 secs] 
1110.189: [GC (Allocation Failure) [PSYoungGen: 67101K->1536K(67584K)] 486041K->420491K(581632K), 0.0017966 secs] [Times: user=0.01 sys=0.00, real=0.00 secs] 
1110.530: [GC (Allocation Failure) [PSYoungGen: 67072K->1392K(67584K)] 486027K->420347K(581632K), 0.0022795 secs] [Times: user=0.01 sys=0.00, real=0.00 secs] 
1110.803: [GC (Allocation Failure) [PSYoungGen: 66928K->1392K(67584K)] 485883K->420347K(581632K), 0.0021149 secs] [Times: user=0.01 sys=0.00, real=0.00 secs] 
1111.076: [GC (Allocation Failure) [PSYoungGen: 66928K->1376K(67584K)] 485883K->420331K(581632K), 0.0020856 secs] [Times: user=0.00 sys=0.00, real=0.00 secs] 
1111.348: [GC (Allocation Failure) [PSYoungGen: 66912K->1408K(73728K)] 485867K->420363K(587776K), 0.0022470 secs] [Times: user=0.01 sys=0.00, real=0.01 secs] 
1111.880: [GC (Allocation Failure) [PSYoungGen: 73088K->1469K(72704K)] 492043K->420425K(586752K), 0.0018063 secs] [Times: user=0.01 sys=0.00, real=0.00 secs] 
1112.302: [GC (Allocation Failure) [PSYoungGen: 72637K->1584K(72704K)] 491593K->420539K(586752K), 0.0018210 secs] [Times: user=0.01 sys=0.00, real=0.00 secs] 
1112.718: [GC (Allocation Failure) [PSYoungGen: 72240K->1501K(71680K)] 491195K->420457K(585728K), 0.0018907 secs] [Times: user=0.01 sys=0.00, real=0.01 secs] 
1113.137: [GC (Allocation Failure) [PSYoungGen: 71414K->1504K(71168K)] 490370K->420665K(585216K), 0.0017185 secs] [Times: user=0.01 sys=0.01, real=0.00 secs] 
1113.423: [GC (Allocation Failure) [PSYoungGen: 71136K->1312K(70656K)] 490297K->420473K(584704K), 0.0017985 secs] [Times: user=0.01 sys=0.00, real=0.00 secs] 
1113.845: [GC (Allocation Failure) [PSYoungGen: 70432K->1312K(70144K)] 489593K->420473K(584192K), 0.0019213 secs] [Times: user=0.01 sys=0.00, real=0.00 secs] 
1114.546: [GC (Allocation Failure) [PSYoungGen: 69920K->1280K(69632K)] 489081K->420441K(583680K), 0.0023684 secs] [Times: user=0.01 sys=0.00, real=0.00 secs] 
1115.265: [GC (Allocation Failure) [PSYoungGen: 69376K->1280K(69120K)] 488537K->420441K(583168K), 0.0023208 secs] [Times: user=0.01 sys=0.00, real=0.00 secs] 
1115.820: [GC (Allocation Failure) [PSYoungGen: 68841K->1501K(68608K)] 488003K->420663K(582656K), 0.0019231 secs] [Times: user=0.01 sys=0.00, real=0.00 secs] 
1116.218: [GC (Allocation Failure) [PSYoungGen: 68573K->1501K(68096K)] 487735K->420663K(582144K), 0.0017464 secs] [Times: user=0.01 sys=0.00, real=0.01 secs] 
1116.667: [GC (Allocation Failure) [PSYoungGen: 68048K->1584K(68096K)] 487210K->420745K(582144K), 0.0018236 secs] [Times: user=0.01 sys=0.00, real=0.00 secs] 
1117.012: [GC (Allocation Failure) [PSYoungGen: 67632K->480K(66048K)] 486793K->420681K(580096K), 0.0021203 secs] [Times: user=0.01 sys=0.00, real=0.00 secs] 
1117.284: [GC (Allocation Failure) [PSYoungGen: 66016K->352K(67584K)] 486217K->420553K(581632K), 0.0018923 secs] [Times: user=0.01 sys=0.00, real=0.00 secs] 
1117.584: [GC (Allocation Failure) [PSYoungGen: 65888K->352K(67072K)] 486089K->420553K(581120K), 0.0018997 secs] [Times: user=0.01 sys=0.00, real=0.00 secs] 
1118.058: [GC (Allocation Failure) [PSYoungGen: 65376K->416K(67584K)] 485577K->420617K(581632K), 0.0021978 secs] [Times: user=0.01 sys=0.00, real=0.01 secs] 
1118.662: [GC (Allocation Failure) [PSYoungGen: 65440K->1456K(67584K)] 485641K->421657K(581632K), 0.0021262 secs] [Times: user=0.01 sys=0.00, real=0.00 secs] 
1119.062: [GC (Allocation Failure) [PSYoungGen: 66480K->1565K(67584K)] 486681K->421767K(581632K), 0.0019450 secs] [Times: user=0.01 sys=0.00, real=0.00 secs] 
1119.508: [GC (Allocation Failure) [PSYoungGen: 66589K->1584K(67584K)] 486791K->421809K(581632K), 0.0018810 secs] [Times: user=0.01 sys=0.00, real=0.01 secs] 
1119.893: [GC (Allocation Failure) [PSYoungGen: 66608K->1469K(67584K)] 486833K->421743K(581632K), 0.0019130 secs] [Times: user=0.00 sys=0.00, real=0.00 secs] 
1120.323: [GC (Allocation Failure) [PSYoungGen: 66493K->1504K(67584K)] 486767K->421777K(581632K), 0.0022732 secs] [Times: user=0.01 sys=0.00, real=0.00 secs] 
1120.594: [GC (Allocation Failure) [PSYoungGen: 66528K->1408K(67584K)] 486801K->421681K(581632K), 0.0022323 secs] [Times: user=0.01 sys=0.00, real=0.00 secs] 
1120.864: [GC (Allocation Failure) [PSYoungGen: 66432K->1376K(67584K)] 486705K->421649K(581632K), 0.0022912 secs] [Times: user=0.01 sys=0.00, real=0.00 secs] 
1121.344: [GC (Allocation Failure) [PSYoungGen: 66400K->1344K(67584K)] 486673K->421625K(581632K), 0.0020898 secs] [Times: user=0.00 sys=0.00, real=0.00 secs] 
1121.845: [GC (Allocation Failure) [PSYoungGen: 66297K->256K(67584K)] 486579K->420537K(581632K), 0.0020668 secs] [Times: user=0.01 sys=0.00, real=0.00 secs] 
1122.240: [GC (Allocation Failure) [PSYoungGen: 65280K->1520K(67584K)] 485561K->421801K(581632K), 0.0017895 secs] [Times: user=0.01 sys=0.00, real=0.00 secs] 
1122.626: [GC (Allocation Failure) [PSYoungGen: 66523K->1520K(67584K)] 486805K->421801K(581632K), 0.0018576 secs] [Times: user=0.00 sys=0.00, real=0.00 secs] 
1123.010: [GC (Allocation Failure) [PSYoungGen: 66544K->1613K(67584K)] 486825K->421911K(581632K), 0.0017352 secs] [Times: user=0.01 sys=0.00, real=0.00 secs] 
1123.589: [GC (Allocation Failure) [PSYoungGen: 66637K->1488K(67584K)] 486935K->421785K(581632K), 0.0028924 secs] [Times: user=0.01 sys=0.00, real=0.00 secs] 
1124.189: [GC (Allocation Failure) [PSYoungGen: 66512K->1376K(67584K)] 486809K->421673K(581632K), 0.0021796 secs] [Times: user=0.01 sys=0.00, real=0.00 secs] 
1124.480: [GC (Allocation Failure) [PSYoungGen: 66400K->1376K(67584K)] 486697K->421673K(581632K), 0.0022157 secs] [Times: user=0.01 sys=0.00, real=0.00 secs] 
1124.760: [GC (Allocation Failure) [PSYoungGen: 66400K->1376K(66560K)] 486697K->421673K(580608K), 0.0023503 secs] [Times: user=0.01 sys=0.00, real=0.00 secs] 
1125.090: [GC (Allocation Failure) [PSYoungGen: 66400K->1376K(67072K)] 486697K->421673K(581120K), 0.0021162 secs] [Times: user=0.01 sys=0.00, real=0.00 secs] 
1125.494: [GC (Allocation Failure) [PSYoungGen: 66400K->1565K(67072K)] 486697K->421863K(581120K), 0.0017643 secs] [Times: user=0.01 sys=0.00, real=0.00 secs] 
1125.941: [GC (Allocation Failure) [PSYoungGen: 66589K->1501K(67072K)] 486887K->421799K(581120K), 0.0018990 secs] [Times: user=0.01 sys=0.00, real=0.00 secs] 
1126.384: [GC (Allocation Failure) [PSYoungGen: 66523K->1536K(67072K)] 486820K->421841K(581120K), 0.0019265 secs] [Times: user=0.00 sys=0.00, real=0.00 secs] 
1126.849: [GC (Allocation Failure) [PSYoungGen: 66560K->1440K(67072K)] 486865K->421745K(581120K), 0.0023672 secs] [Times: user=0.01 sys=0.00, real=0.00 secs] 
1127.244: [GC (Allocation Failure) [PSYoungGen: 66464K->1360K(67072K)] 486769K->421665K(581120K), 0.0020866 secs] [Times: user=0.01 sys=0.00, real=0.00 secs] 
1127.538: [GC (Allocation Failure) [PSYoungGen: 66384K->1376K(67072K)] 486689K->421681K(581120K), 0.0021138 secs] [Times: user=0.01 sys=0.00, real=0.01 secs] 
1127.826: [GC (Allocation Failure) [PSYoungGen: 66400K->1376K(67072K)] 486705K->421681K(581120K), 0.0021953 secs] [Times: user=0.01 sys=0.00, real=0.00 secs] 
1128.100: [GC (Allocation Failure) [PSYoungGen: 66400K->1392K(73216K)] 486705K->421697K(587264K), 0.0023652 secs] [Times: user=0.01 sys=0.00, real=0.00 secs] 
1128.603: [GC (Allocation Failure) [PSYoungGen: 72560K->1469K(72192K)] 492865K->421799K(586240K), 0.0016992 secs] [Times: user=0.01 sys=0.00, real=0.00 secs] 
1129.017: [GC (Allocation Failure) [PSYoungGen: 72125K->1581K(72192K)] 492455K->421911K(586240K), 0.0018486 secs] [Times: user=0.01 sys=0.00, real=0.01 secs] 
1129.495: [GC (Allocation Failure) [PSYoungGen: 71725K->1504K(71168K)] 492055K->421841K(585216K), 0.0019725 secs] [Times: user=0.01 sys=0.00, real=0.00 secs] 
1129.963: [GC (Allocation Failure) [PSYoungGen: 71136K->1456K(70656K)] 491473K->421793K(584704K), 0.0027390 secs] [Times: user=0.01 sys=0.00, real=0.00 secs] 
1130.514: [GC (Allocation Failure) [PSYoungGen: 70576K->1344K(70144K)] 490913K->421681K(584192K), 0.0030131 secs] [Times: user=0.01 sys=0.00, real=0.00 secs] 
1131.170: [GC (Allocation Failure) [PSYoungGen: 69952K->1376K(69632K)] 490289K->421713K(583680K), 0.0025835 secs] [Times: user=0.01 sys=0.00, real=0.00 secs] 
1131.862: [GC (Allocation Failure) [PSYoungGen: 69472K->1344K(69120K)] 489809K->421681K(583168K), 0.0034244 secs] [Times: user=0.01 sys=0.00, real=0.00 secs] 
1132.544: [GC (Allocation Failure) [PSYoungGen: 68928K->1440K(68608K)] 489265K->421777K(582656K), 0.0017149 secs] [Times: user=0.01 sys=0.00, real=0.00 secs] 
1132.938: [GC (Allocation Failure) [PSYoungGen: 68512K->1520K(68096K)] 488849K->421857K(582144K), 0.0019238 secs] [Times: user=0.01 sys=0.00, real=0.01 secs] 
1133.337: [GC (Allocation Failure) [PSYoungGen: 68080K->1533K(67584K)] 488417K->421895K(581632K), 0.0017293 secs] [Times: user=0.01 sys=0.00, real=0.01 secs] 
1133.725: [GC (Allocation Failure) [PSYoungGen: 67581K->1581K(67584K)] 487943K->421951K(581632K), 0.0017863 secs] [Times: user=0.00 sys=0.00, real=0.00 secs] 
1134.075: [GC (Allocation Failure) [PSYoungGen: 67117K->352K(66560K)] 487487K->421745K(580608K), 0.0017814 secs] [Times: user=0.01 sys=0.00, real=0.00 secs] 
1134.419: [GC (Allocation Failure) [PSYoungGen: 65888K->352K(67584K)] 487281K->421745K(581632K), 0.0020407 secs] [Times: user=0.01 sys=0.00, real=0.00 secs] 
1134.692: [GC (Allocation Failure) [PSYoungGen: 65888K->336K(67072K)] 487281K->421729K(581120K), 0.0029470 secs] [Times: user=0.01 sys=0.00, real=0.00 secs] 
1135.058: [GC (Allocation Failure) [PSYoungGen: 65360K->352K(67584K)] 486753K->421745K(581632K), 0.0028043 secs] [Times: user=0.01 sys=0.00, real=0.01 secs] 
1135.577: [GC (Allocation Failure) [PSYoungGen: 65376K->1533K(66560K)] 486769K->422927K(580608K), 0.0018055 secs] [Times: user=0.00 sys=0.00, real=0.01 secs] 
1135.962: [GC (Allocation Failure) [PSYoungGen: 66557K->1581K(67072K)] 487951K->422975K(581120K), 0.0019348 secs] [Times: user=0.01 sys=0.00, real=0.00 secs] 
1136.402: [GC (Allocation Failure) [PSYoungGen: 66591K->1568K(67072K)] 487985K->422961K(581120K), 0.0018882 secs] [Times: user=0.00 sys=0.00, real=0.00 secs] 
1136.850: [GC (Allocation Failure) [PSYoungGen: 66592K->1552K(67072K)] 487985K->422953K(581120K), 0.0020829 secs] [Times: user=0.01 sys=0.00, real=0.00 secs] 
1137.665: [GC (Allocation Failure) [PSYoungGen: 66576K->1392K(66560K)] 487977K->422793K(580608K), 0.0029824 secs] [Times: user=0.01 sys=0.00, real=0.00 secs] 
1138.104: [GC (Allocation Failure) [PSYoungGen: 66416K->1376K(66560K)] 487817K->422777K(580608K), 0.0022284 secs] [Times: user=0.01 sys=0.00, real=0.00 secs] 
1138.428: [GC (Allocation Failure) [PSYoungGen: 66400K->1360K(66560K)] 487801K->422761K(580608K), 0.0021383 secs] [Times: user=0.01 sys=0.00, real=0.01 secs] 
1138.738: [GC (Allocation Failure) [PSYoungGen: 66384K->1376K(66560K)] 487785K->422793K(580608K), 0.0021173 secs] [Times: user=0.01 sys=0.00, real=0.01 secs] 
1139.121: [GC (Allocation Failure) [PSYoungGen: 66400K->1440K(67584K)] 487817K->422857K(581632K), 0.0017654 secs] [Times: user=0.01 sys=0.00, real=0.00 secs] 
1139.505: [GC (Allocation Failure) [PSYoungGen: 66464K->1581K(67584K)] 487881K->422999K(581632K), 0.0018359 secs] [Times: user=0.01 sys=0.00, real=0.00 secs] 
1139.889: [GC (Allocation Failure) [PSYoungGen: 66605K->1517K(67584K)] 488023K->422935K(581632K), 0.0018526 secs] [Times: user=0.01 sys=0.00, real=0.00 secs] 
1140.274: [GC (Allocation Failure) [PSYoungGen: 66541K->1565K(67584K)] 487959K->422999K(581632K), 0.0017475 secs] [Times: user=0.01 sys=0.00, real=0.00 secs] 
1141.705: [GC (Allocation Failure) [PSYoungGen: 66589K->1424K(67584K)] 488023K->422857K(581632K), 0.0045567 secs] [Times: user=0.02 sys=0.00, real=0.01 secs] 
1142.128: [GC (Allocation Failure) [PSYoungGen: 66448K->1344K(66560K)] 487881K->422777K(580608K), 0.0023122 secs] [Times: user=0.01 sys=0.00, real=0.01 secs] 
1142.398: [GC (Allocation Failure) [PSYoungGen: 66368K->1408K(67072K)] 487801K->422841K(581120K), 0.0021115 secs] [Times: user=0.01 sys=0.00, real=0.01 secs] 
1142.668: [GC (Allocation Failure) [PSYoungGen: 66432K->1376K(67072K)] 487865K->422809K(581120K), 0.0021836 secs] [Times: user=0.01 sys=0.00, real=0.01 secs] 
1143.009: [GC (Allocation Failure) [PSYoungGen: 66400K->1472K(67072K)] 487833K->422905K(581120K), 0.0016936 secs] [Times: user=0.01 sys=0.00, real=0.00 secs] 
1143.394: [GC (Allocation Failure) [PSYoungGen: 66472K->1549K(67072K)] 487906K->422983K(581120K), 0.0017695 secs] [Times: user=0.00 sys=0.00, real=0.00 secs] 
1143.778: [GC (Allocation Failure) [PSYoungGen: 66564K->1552K(67072K)] 487998K->422985K(581120K), 0.0017799 secs] [Times: user=0.01 sys=0.00, real=0.01 secs] 
1144.162: [GC (Allocation Failure) [PSYoungGen: 66576K->1520K(67072K)] 488009K->422961K(581120K), 0.0018219 secs] [Times: user=0.01 sys=0.00, real=0.00 secs] 
1145.478: [GC (Allocation Failure) [PSYoungGen: 66544K->1488K(67072K)] 487985K->422929K(581120K), 0.0046927 secs] [Times: user=0.02 sys=0.00, real=0.01 secs] 
1146.699: [GC (Allocation Failure) [PSYoungGen: 66512K->1344K(67072K)] 487953K->422785K(581120K), 0.0044352 secs] [Times: user=0.02 sys=0.00, real=0.00 secs] 
1147.128: [GC (Allocation Failure) [PSYoungGen: 66368K->1344K(67072K)] 487809K->422785K(581120K), 0.0021690 secs] [Times: user=0.01 sys=0.00, real=0.01 secs] 
1147.430: [GC (Allocation Failure) [PSYoungGen: 66368K->1360K(67072K)] 487809K->422801K(581120K), 0.0021427 secs] [Times: user=0.01 sys=0.00, real=0.00 secs] 
1147.801: [GC (Allocation Failure) [PSYoungGen: 66384K->1469K(67072K)] 487825K->422911K(581120K), 0.0016335 secs] [Times: user=0.00 sys=0.00, real=0.00 secs] 
1148.194: [GC (Allocation Failure) [PSYoungGen: 66493K->1488K(67072K)] 487935K->422929K(581120K), 0.0017797 secs] [Times: user=0.01 sys=0.00, real=0.00 secs] 
1148.634: [GC (Allocation Failure) [PSYoungGen: 66491K->1520K(67072K)] 487933K->422961K(581120K), 0.0018240 secs] [Times: user=0.01 sys=0.00, real=0.00 secs] 
1149.017: [GC (Allocation Failure) [PSYoungGen: 66543K->1501K(67072K)] 487985K->422959K(581120K), 0.0018341 secs] [Times: user=0.00 sys=0.00, real=0.00 secs] 
1149.418: [GC (Allocation Failure) [PSYoungGen: 66525K->1456K(67072K)] 487983K->422913K(581120K), 0.0025090 secs] [Times: user=0.01 sys=0.00, real=0.01 secs] 
1149.689: [GC (Allocation Failure) [PSYoungGen: 66480K->1408K(67072K)] 487937K->422881K(581120K), 0.0022082 secs] [Times: user=0.01 sys=0.00, real=0.00 secs] 
1149.960: [GC (Allocation Failure) [PSYoungGen: 66432K->1408K(67072K)] 487905K->422881K(581120K), 0.0021752 secs] [Times: user=0.01 sys=0.00, real=0.00 secs] 
1150.230: [GC (Allocation Failure) [PSYoungGen: 66432K->1376K(67072K)] 487905K->422849K(581120K), 0.0022082 secs] [Times: user=0.01 sys=0.00, real=0.00 secs] 
1150.549: [GC (Allocation Failure) [PSYoungGen: 66400K->1501K(73728K)] 487873K->422975K(587776K), 0.0018274 secs] [Times: user=0.01 sys=0.00, real=0.00 secs] 
1150.972: [GC (Allocation Failure) [PSYoungGen: 73181K->1581K(73216K)] 494655K->423055K(587264K), 0.0016835 secs] [Times: user=0.01 sys=0.00, real=0.00 secs] 
1151.397: [GC (Allocation Failure) [PSYoungGen: 72749K->1517K(72192K)] 494223K->423015K(586240K), 0.0017262 secs] [Times: user=0.01 sys=0.00, real=0.00 secs] 
1151.814: [GC (Allocation Failure) [PSYoungGen: 72173K->1581K(72192K)] 493671K->423087K(586240K), 0.0019942 secs] [Times: user=0.01 sys=0.00, real=0.00 secs] 
1152.144: [GC (Allocation Failure) [PSYoungGen: 71725K->400K(70144K)] 493231K->422929K(584192K), 0.0018159 secs] [Times: user=0.01 sys=0.00, real=0.00 secs] 
1152.514: [GC (Allocation Failure) [PSYoungGen: 70032K->352K(71168K)] 492561K->422881K(585216K), 0.0018397 secs] [Times: user=0.01 sys=0.00, real=0.00 secs] 
1152.979: [GC (Allocation Failure) [PSYoungGen: 69472K->320K(70656K)] 492001K->422849K(584704K), 0.0025414 secs] [Times: user=0.01 sys=0.00, real=0.00 secs] 
1153.518: [GC (Allocation Failure) [PSYoungGen: 68928K->352K(68608K)] 491457K->422881K(582656K), 0.0024089 secs] [Times: user=0.01 sys=0.00, real=0.01 secs] 
1154.033: [GC (Allocation Failure) [PSYoungGen: 68448K->1488K(69632K)] 490977K->424017K(583680K), 0.0017288 secs] [Times: user=0.00 sys=0.00, real=0.00 secs] 
1154.430: [GC (Allocation Failure) [PSYoungGen: 69072K->1552K(69120K)] 491601K->424081K(583168K), 0.0017455 secs] [Times: user=0.01 sys=0.00, real=0.00 secs] 
1154.826: [GC (Allocation Failure) [PSYoungGen: 68624K->1533K(68608K)] 491153K->424063K(582656K), 0.0019222 secs] [Times: user=0.00 sys=0.00, real=0.00 secs] 
1155.239: [GC (Allocation Failure) [PSYoungGen: 68093K->2000K(68096K)] 490623K->424529K(582144K), 0.0020279 secs] [Times: user=0.01 sys=0.00, real=0.00 secs] 
1155.519: [GC (Allocation Failure) [PSYoungGen: 68048K->1376K(67584K)] 490577K->423905K(581632K), 0.0018841 secs] [Times: user=0.01 sys=0.00, real=0.00 secs] 
1155.791: [GC (Allocation Failure) [PSYoungGen: 66912K->1376K(68096K)] 489441K->423905K(582144K), 0.0021527 secs] [Times: user=0.01 sys=0.00, real=0.00 secs] 
1156.064: [GC (Allocation Failure) [PSYoungGen: 66912K->1376K(68096K)] 489441K->423905K(582144K), 0.0020213 secs] [Times: user=0.01 sys=0.00, real=0.00 secs] 
1156.571: [GC (Allocation Failure) [PSYoungGen: 66912K->1360K(68096K)] 489441K->423889K(582144K), 0.0024031 secs] [Times: user=0.01 sys=0.00, real=0.00 secs] 
1157.058: [GC (Allocation Failure) [PSYoungGen: 66896K->1501K(68096K)] 489425K->424031K(582144K), 0.0018901 secs] [Times: user=0.01 sys=0.00, real=0.01 secs] 
1157.444: [GC (Allocation Failure) [PSYoungGen: 67037K->1549K(68096K)] 489567K->424079K(582144K), 0.0018662 secs] [Times: user=0.01 sys=0.00, real=0.00 secs] 
1157.831: [GC (Allocation Failure) [PSYoungGen: 67085K->1568K(68096K)] 489615K->424097K(582144K), 0.0017975 secs] [Times: user=0.00 sys=0.00, real=0.00 secs] 
1158.271: [GC (Allocation Failure) [PSYoungGen: 67104K->1984K(68096K)] 489633K->424513K(582144K), 0.0019882 secs] [Times: user=0.00 sys=0.00, real=0.00 secs] 
1159.221: [GC (Allocation Failure) [PSYoungGen: 67520K->1376K(68096K)] 490049K->423921K(582144K), 0.0029987 secs] [Times: user=0.01 sys=0.00, real=0.00 secs] 
1159.811: [GC (Allocation Failure) [PSYoungGen: 66912K->1344K(68096K)] 489457K->423889K(582144K), 0.0026613 secs] [Times: user=0.01 sys=0.00, real=0.00 secs] 
1160.398: [GC (Allocation Failure) [PSYoungGen: 66880K->1328K(68096K)] 489425K->423873K(582144K), 0.0026415 secs] [Times: user=0.01 sys=0.00, real=0.01 secs] 
1160.974: [GC (Allocation Failure) [PSYoungGen: 66864K->1376K(67072K)] 489409K->423921K(581120K), 0.0032268 secs] [Times: user=0.01 sys=0.00, real=0.00 secs] 
1161.531: [GC (Allocation Failure) [PSYoungGen: 66912K->1456K(67584K)] 489457K->424001K(581632K), 0.0017673 secs] [Times: user=0.01 sys=0.00, real=0.00 secs] 
1161.918: [GC (Allocation Failure) [PSYoungGen: 66970K->1581K(67584K)] 489516K->424127K(581632K), 0.0017168 secs] [Times: user=0.01 sys=0.00, real=0.01 secs] 
1162.304: [GC (Allocation Failure) [PSYoungGen: 67117K->1520K(67584K)] 489663K->424073K(581632K), 0.0017171 secs] [Times: user=0.01 sys=0.00, real=0.00 secs] 
1162.725: [GC (Allocation Failure) [PSYoungGen: 67056K->1760K(67584K)] 489609K->424313K(581632K), 0.0021574 secs] [Times: user=0.01 sys=0.00, real=0.00 secs] 
1163.004: [GC (Allocation Failure) [PSYoungGen: 67296K->1376K(67584K)] 489849K->423929K(581632K), 0.0018835 secs] [Times: user=0.01 sys=0.01, real=0.00 secs] 
1163.381: [GC (Allocation Failure) [PSYoungGen: 66912K->1328K(67584K)] 489465K->423881K(581632K), 0.0019357 secs] [Times: user=0.00 sys=0.00, real=0.00 secs] 
1163.975: [GC (Allocation Failure) [PSYoungGen: 66864K->1376K(67584K)] 489417K->423929K(581632K), 0.0020030 secs] [Times: user=0.01 sys=0.00, real=0.00 secs] 
1164.483: [GC (Allocation Failure) [PSYoungGen: 66912K->1360K(67584K)] 489465K->423913K(581632K), 0.0022206 secs] [Times: user=0.01 sys=0.00, real=0.00 secs] 
1164.963: [GC (Allocation Failure) [PSYoungGen: 66896K->1549K(67584K)] 489449K->424103K(581632K), 0.0018130 secs] [Times: user=0.01 sys=0.00, real=0.00 secs] 
1165.348: [GC (Allocation Failure) [PSYoungGen: 67085K->1565K(67584K)] 489639K->424119K(581632K), 0.0017826 secs] [Times: user=0.01 sys=0.01, real=0.01 secs] 
1165.734: [GC (Allocation Failure) [PSYoungGen: 67101K->1581K(67584K)] 489655K->424143K(581632K), 0.0016996 secs] [Times: user=0.01 sys=0.00, real=0.00 secs] 
1166.689: [GC (Allocation Failure) [PSYoungGen: 66909K->1616K(67584K)] 489471K->424177K(581632K), 0.0049291 secs] [Times: user=0.02 sys=0.00, real=0.00 secs] 
1167.745: [GC (Allocation Failure) [PSYoungGen: 67152K->1376K(67584K)] 489713K->423937K(581632K), 0.0027406 secs] [Times: user=0.01 sys=0.00, real=0.00 secs] 
1168.284: [GC (Allocation Failure) [PSYoungGen: 66912K->1376K(67584K)] 489473K->423937K(581632K), 0.0029002 secs] [Times: user=0.02 sys=0.00, real=0.00 secs] 
1168.828: [GC (Allocation Failure) [PSYoungGen: 66912K->1376K(67584K)] 489473K->423937K(581632K), 0.0023294 secs] [Times: user=0.01 sys=0.00, real=0.01 secs] 
1169.382: [GC (Allocation Failure) [PSYoungGen: 66912K->1408K(67584K)] 489473K->423969K(581632K), 0.0023213 secs] [Times: user=0.01 sys=0.00, real=0.00 secs] 
1169.836: [GC (Allocation Failure) [PSYoungGen: 66944K->1504K(67584K)] 489505K->424065K(581632K), 0.0016870 secs] [Times: user=0.01 sys=0.00, real=0.00 secs] 
1170.221: [GC (Allocation Failure) [PSYoungGen: 67040K->1581K(67584K)] 489601K->424143K(581632K), 0.0018202 secs] [Times: user=0.01 sys=0.00, real=0.00 secs] 
1170.608: [GC (Allocation Failure) [PSYoungGen: 67117K->1488K(67584K)] 489679K->424073K(581632K), 0.0018512 secs] [Times: user=0.01 sys=0.00, real=0.01 secs] 
1171.070: [GC (Allocation Failure) [PSYoungGen: 67024K->1616K(67584K)] 489609K->424217K(581632K), 0.0020817 secs] [Times: user=0.01 sys=0.00, real=0.00 secs] 
1171.822: [GC (Allocation Failure) [PSYoungGen: 67152K->1344K(67584K)] 489753K->423945K(581632K), 0.0024988 secs] [Times: user=0.01 sys=0.00, real=0.00 secs] 
1172.561: [GC (Allocation Failure) [PSYoungGen: 66880K->1376K(67584K)] 489481K->423977K(581632K), 0.0026141 secs] [Times: user=0.01 sys=0.00, real=0.00 secs] 
1173.346: [GC (Allocation Failure) [PSYoungGen: 66912K->1376K(67584K)] 489513K->423977K(581632K), 0.0027300 secs] [Times: user=0.02 sys=0.00, real=0.00 secs] 
1174.206: [GC (Allocation Failure) [PSYoungGen: 66912K->1376K(67584K)] 489513K->423977K(581632K), 0.0028384 secs] [Times: user=0.01 sys=0.00, real=0.00 secs] 
1174.779: [GC (Allocation Failure) [PSYoungGen: 66912K->1533K(67584K)] 489513K->424135K(581632K), 0.0017538 secs] [Times: user=0.01 sys=0.00, real=0.00 secs] 
1175.225: [GC (Allocation Failure) [PSYoungGen: 67069K->1520K(67584K)] 489671K->424121K(581632K), 0.0017568 secs] [Times: user=0.00 sys=0.00, real=0.00 secs] 
1175.611: [GC (Allocation Failure) [PSYoungGen: 67056K->1517K(67584K)] 489657K->424127K(581632K), 0.0017926 secs] [Times: user=0.00 sys=0.00, real=0.00 secs] 
1175.997: [GC (Allocation Failure) [PSYoungGen: 67053K->1600K(67584K)] 489663K->424209K(581632K), 0.0018465 secs] [Times: user=0.01 sys=0.00, real=0.00 secs] 
1176.272: [GC (Allocation Failure) [PSYoungGen: 67136K->1344K(67584K)] 489745K->423953K(581632K), 0.0022574 secs] [Times: user=0.01 sys=0.00, real=0.00 secs] 
1176.544: [GC (Allocation Failure) [PSYoungGen: 66880K->1376K(67584K)] 489489K->423985K(581632K), 0.0021385 secs] [Times: user=0.01 sys=0.00, real=0.00 secs] 
1176.900: [GC (Allocation Failure) [PSYoungGen: 66912K->1344K(67584K)] 489521K->423953K(581632K), 0.0021707 secs] [Times: user=0.01 sys=0.00, real=0.00 secs] 
1177.342: [GC (Allocation Failure) [PSYoungGen: 66880K->1376K(67584K)] 489489K->423985K(581632K), 0.0020571 secs] [Times: user=0.01 sys=0.00, real=0.00 secs] 
1177.834: [GC (Allocation Failure) [PSYoungGen: 66912K->1520K(67584K)] 489521K->424129K(581632K), 0.0018138 secs] [Times: user=0.01 sys=0.00, real=0.00 secs] 
1178.218: [GC (Allocation Failure) [PSYoungGen: 67056K->1536K(67584K)] 489665K->424145K(581632K), 0.0018167 secs] [Times: user=0.01 sys=0.00, real=0.01 secs] 
1178.609: [GC (Allocation Failure) [PSYoungGen: 67072K->1552K(67584K)] 489681K->424169K(581632K), 0.0016292 secs] [Times: user=0.00 sys=0.00, real=0.01 secs] 
1179.000: [GC (Allocation Failure) [PSYoungGen: 67088K->1552K(67584K)] 489705K->424169K(581632K), 0.0018366 secs] [Times: user=0.01 sys=0.00, real=0.00 secs] 
1179.282: [GC (Allocation Failure) [PSYoungGen: 67088K->1360K(67584K)] 489705K->423993K(581632K), 0.0016234 secs] [Times: user=0.00 sys=0.00, real=0.00 secs] 
1179.553: [GC (Allocation Failure) [PSYoungGen: 66896K->1376K(67584K)] 489529K->424009K(581632K), 0.0016450 secs] [Times: user=0.01 sys=0.00, real=0.00 secs] 
1179.825: [GC (Allocation Failure) [PSYoungGen: 66912K->1344K(67584K)] 489545K->423977K(581632K), 0.0016481 secs] [Times: user=0.01 sys=0.00, real=0.00 secs] 
1180.097: [GC (Allocation Failure) [PSYoungGen: 66880K->1344K(67584K)] 489513K->423977K(581632K), 0.0017643 secs] [Times: user=0.00 sys=0.00, real=0.00 secs] 
1180.481: [GC (Allocation Failure) [PSYoungGen: 66880K->1501K(67584K)] 489513K->424135K(581632K), 0.0017810 secs] [Times: user=0.01 sys=0.00, real=0.00 secs] 
1180.866: [GC (Allocation Failure) [PSYoungGen: 67023K->1565K(67584K)] 489657K->424199K(581632K), 0.0017719 secs] [Times: user=0.00 sys=0.00, real=0.00 secs] 
1181.253: [GC (Allocation Failure) [PSYoungGen: 67101K->1501K(67584K)] 489735K->424143K(581632K), 0.0017417 secs] [Times: user=0.01 sys=0.00, real=0.00 secs] 
1181.633: [GC (Allocation Failure) [PSYoungGen: 67037K->1504K(67584K)] 489679K->424145K(581632K), 0.0017655 secs] [Times: user=0.01 sys=0.00, real=0.00 secs] 
1181.924: [GC (Allocation Failure) [PSYoungGen: 67040K->1376K(67584K)] 489681K->424017K(581632K), 0.0017929 secs] [Times: user=0.01 sys=0.00, real=0.00 secs] 
1182.196: [GC (Allocation Failure) [PSYoungGen: 66912K->1408K(67584K)] 489553K->424049K(581632K), 0.0018114 secs] [Times: user=0.01 sys=0.00, real=0.00 secs] 
1182.469: [GC (Allocation Failure) [PSYoungGen: 66944K->1392K(67584K)] 489585K->424033K(581632K), 0.0018333 secs] [Times: user=0.00 sys=0.00, real=0.01 secs] 
1182.741: [GC (Allocation Failure) [PSYoungGen: 66928K->1344K(67584K)] 489569K->423985K(581632K), 0.0019236 secs] [Times: user=0.01 sys=0.00, real=0.00 secs] 
1183.157: [GC (Allocation Failure) [PSYoungGen: 66880K->1501K(67584K)] 489521K->424143K(581632K), 0.0018464 secs] [Times: user=0.00 sys=0.00, real=0.01 secs] 
1183.609: [GC (Allocation Failure) [PSYoungGen: 67037K->1565K(67584K)] 489679K->424207K(581632K), 0.0018106 secs] [Times: user=0.01 sys=0.00, real=0.00 secs] 
1183.995: [GC (Allocation Failure) [PSYoungGen: 67101K->1613K(67584K)] 489743K->424271K(581632K), 0.0019275 secs] [Times: user=0.00 sys=0.00, real=0.00 secs] 
1184.376: [GC (Allocation Failure) [PSYoungGen: 67020K->288K(67584K)] 489678K->422945K(581632K), 0.0016967 secs] [Times: user=0.01 sys=0.00, real=0.00 secs] 
1185.128: [GC (Allocation Failure) [PSYoungGen: 65824K->1344K(67584K)] 488481K->424009K(581632K), 0.0035784 secs] [Times: user=0.01 sys=0.00, real=0.01 secs] 
1185.740: [GC (Allocation Failure) [PSYoungGen: 66880K->1376K(67584K)] 489545K->424041K(581632K), 0.0035893 secs] [Times: user=0.01 sys=0.00, real=0.00 secs] 
1186.047: [GC (Allocation Failure) [PSYoungGen: 66912K->1440K(67584K)] 489577K->424105K(581632K), 0.0021921 secs] [Times: user=0.01 sys=0.00, real=0.01 secs] 
1186.359: [GC (Allocation Failure) [PSYoungGen: 66976K->1392K(67584K)] 489641K->424057K(581632K), 0.0019407 secs] [Times: user=0.01 sys=0.00, real=0.00 secs] 
1186.755: [GC (Allocation Failure) [PSYoungGen: 66928K->1533K(67584K)] 489593K->424199K(581632K), 0.0017024 secs] [Times: user=0.00 sys=0.00, real=0.00 secs] 
1187.144: [GC (Allocation Failure) [PSYoungGen: 67069K->1581K(67584K)] 489735K->424247K(581632K), 0.0018568 secs] [Times: user=0.00 sys=0.00, real=0.00 secs] 
1187.589: [GC (Allocation Failure) [PSYoungGen: 67117K->1565K(67584K)] 489783K->424239K(581632K), 0.0019400 secs] [Times: user=0.01 sys=0.01, real=0.00 secs] 
1187.974: [GC (Allocation Failure) [PSYoungGen: 67101K->288K(67584K)] 489775K->422961K(581632K), 0.0018466 secs] [Times: user=0.00 sys=0.00, real=0.00 secs] 
1188.746: [GC (Allocation Failure) [PSYoungGen: 65824K->1408K(67584K)] 488497K->424081K(581632K), 0.0028315 secs] [Times: user=0.01 sys=0.00, real=0.01 secs] 
1189.301: [GC (Allocation Failure) [PSYoungGen: 66944K->1376K(67584K)] 489617K->424057K(581632K), 0.0025242 secs] [Times: user=0.01 sys=0.00, real=0.00 secs] 
1189.781: [GC (Allocation Failure) [PSYoungGen: 66912K->1408K(67584K)] 489593K->424089K(581632K), 0.0023316 secs] [Times: user=0.01 sys=0.00, real=0.00 secs] 
1190.320: [GC (Allocation Failure) [PSYoungGen: 66944K->1408K(67584K)] 489625K->424089K(581632K), 0.0023484 secs] [Times: user=0.01 sys=0.00, real=0.00 secs] 
1190.825: [GC (Allocation Failure) [PSYoungGen: 66944K->1565K(67584K)] 489625K->424247K(581632K), 0.0016078 secs] [Times: user=0.01 sys=0.00, real=0.00 secs] 
1191.212: [GC (Allocation Failure) [PSYoungGen: 67101K->1613K(67584K)] 489783K->424295K(581632K), 0.0017877 secs] [Times: user=0.01 sys=0.00, real=0.00 secs] 
1191.597: [GC (Allocation Failure) [PSYoungGen: 67149K->1613K(67584K)] 489831K->424303K(581632K), 0.0017020 secs] [Times: user=0.01 sys=0.00, real=0.00 secs] 
1191.982: [GC (Allocation Failure) [PSYoungGen: 67149K->1549K(67584K)] 489839K->424247K(581632K), 0.0017282 secs] [Times: user=0.00 sys=0.00, real=0.00 secs] 
1192.609: [GC (Allocation Failure) [PSYoungGen: 67085K->1408K(67584K)] 489783K->424105K(581632K), 0.0019949 secs] [Times: user=0.01 sys=0.00, real=0.00 secs] 
1192.936: [GC (Allocation Failure) [PSYoungGen: 66944K->1344K(67584K)] 489641K->424041K(581632K), 0.0021849 secs] [Times: user=0.01 sys=0.01, real=0.00 secs] 
1193.253: [GC (Allocation Failure) [PSYoungGen: 66880K->1344K(67584K)] 489577K->424041K(581632K), 0.0022488 secs] [Times: user=0.01 sys=0.00, real=0.00 secs] 
1193.766: [GC (Allocation Failure) [PSYoungGen: 66880K->1344K(67584K)] 489577K->424041K(581632K), 0.0018951 secs] [Times: user=0.01 sys=0.00, real=0.00 secs] 
1194.198: [GC (Allocation Failure) [PSYoungGen: 66880K->1469K(67584K)] 489577K->424167K(581632K), 0.0017057 secs] [Times: user=0.01 sys=0.00, real=0.01 secs] 
1194.644: [GC (Allocation Failure) [PSYoungGen: 67005K->1536K(67584K)] 489703K->424233K(581632K), 0.0017830 secs] [Times: user=0.01 sys=0.00, real=0.00 secs] 
1195.085: [GC (Allocation Failure) [PSYoungGen: 67072K->1520K(67584K)] 489769K->424217K(581632K), 0.0018464 secs] [Times: user=0.01 sys=0.00, real=0.00 secs] 
1195.470: [GC (Allocation Failure) [PSYoungGen: 67056K->1597K(67584K)] 489753K->424303K(581632K), 0.0019666 secs] [Times: user=0.01 sys=0.00, real=0.00 secs] 
1196.175: [GC (Allocation Failure) [PSYoungGen: 67133K->1376K(67584K)] 489839K->424089K(581632K), 0.0035644 secs] [Times: user=0.02 sys=0.00, real=0.00 secs] 
1196.712: [GC (Allocation Failure) [PSYoungGen: 66912K->1344K(67584K)] 489625K->424057K(581632K), 0.0025227 secs] [Times: user=0.01 sys=0.00, real=0.00 secs] 
1197.095: [GC (Allocation Failure) [PSYoungGen: 66880K->1408K(67584K)] 489593K->424121K(581632K), 0.0022362 secs] [Times: user=0.00 sys=0.00, real=0.00 secs] 
1197.610: [GC (Allocation Failure) [PSYoungGen: 66944K->1408K(67584K)] 489657K->424121K(581632K), 0.0028620 secs] [Times: user=0.01 sys=0.00, real=0.00 secs] 
1198.168: [GC (Allocation Failure) [PSYoungGen: 66944K->1504K(67584K)] 489657K->424217K(581632K), 0.0017716 secs] [Times: user=0.01 sys=0.00, real=0.01 secs] 
1198.554: [GC (Allocation Failure) [PSYoungGen: 67040K->1552K(67584K)] 489753K->424265K(581632K), 0.0017783 secs] [Times: user=0.01 sys=0.00, real=0.00 secs] 
1198.939: [GC (Allocation Failure) [PSYoungGen: 67058K->1613K(67584K)] 489771K->424327K(581632K), 0.0018163 secs] [Times: user=0.01 sys=0.00, real=0.00 secs] 
1199.335: [GC (Allocation Failure) [PSYoungGen: 67149K->1613K(67584K)] 489863K->424351K(581632K), 0.0018387 secs] [Times: user=0.01 sys=0.00, real=0.00 secs] 
1199.833: [GC (Allocation Failure) [PSYoungGen: 67149K->1408K(67584K)] 489887K->424153K(581632K), 0.0020934 secs] [Times: user=0.01 sys=0.00, real=0.00 secs] 
1200.368: [GC (Allocation Failure) [PSYoungGen: 66944K->1408K(67584K)] 489689K->424153K(581632K), 0.0021208 secs] [Times: user=0.01 sys=0.00, real=0.01 secs] 
1200.962: [GC (Allocation Failure) [PSYoungGen: 66944K->1424K(67584K)] 489689K->424169K(581632K), 0.0020821 secs] [Times: user=0.01 sys=0.00, real=0.00 secs] 
1201.594: [GC (Allocation Failure) [PSYoungGen: 66960K->1344K(67584K)] 489705K->424097K(581632K), 0.0022433 secs] [Times: user=0.01 sys=0.00, real=0.00 secs] 
1202.137: [GC (Allocation Failure) [PSYoungGen: 66880K->1504K(67584K)] 489633K->424257K(581632K), 0.0017398 secs] [Times: user=0.00 sys=0.00, real=0.00 secs] 
1202.523: [GC (Allocation Failure) [PSYoungGen: 67040K->1565K(67584K)] 489793K->424319K(581632K), 0.0018070 secs] [Times: user=0.00 sys=0.00, real=0.00 secs] 
1202.912: [GC (Allocation Failure) [PSYoungGen: 67101K->1565K(67584K)] 489855K->424319K(581632K), 0.0018722 secs] [Times: user=0.00 sys=0.00, real=0.00 secs] 
1203.299: [GC (Allocation Failure) [PSYoungGen: 67101K->1549K(67584K)] 489855K->424327K(581632K), 0.0018393 secs] [Times: user=0.01 sys=0.00, real=0.00 secs] 
1203.683: [GC (Allocation Failure) [PSYoungGen: 67085K->1408K(67584K)] 489863K->424185K(581632K), 0.0020256 secs] [Times: user=0.01 sys=0.00, real=0.00 secs] 
1204.228: [GC (Allocation Failure) [PSYoungGen: 66944K->1376K(67584K)] 489721K->424153K(581632K), 0.0020843 secs] [Times: user=0.01 sys=0.00, real=0.01 secs] 
1204.884: [GC (Allocation Failure) [PSYoungGen: 66912K->1376K(67584K)] 489689K->424153K(581632K), 0.0023983 secs] [Times: user=0.01 sys=0.00, real=0.00 secs] 
1205.489: [GC (Allocation Failure) [PSYoungGen: 66912K->1376K(67584K)] 489689K->424153K(581632K), 0.0020358 secs] [Times: user=0.01 sys=0.00, real=0.00 secs] 
1205.952: [GC (Allocation Failure) [PSYoungGen: 66912K->1469K(67584K)] 489689K->424247K(581632K), 0.0016537 secs] [Times: user=0.01 sys=0.00, real=0.00 secs] 
1206.400: [GC (Allocation Failure) [PSYoungGen: 67005K->1552K(67584K)] 489783K->424329K(581632K), 0.0019055 secs] [Times: user=0.01 sys=0.00, real=0.00 secs] 
1206.844: [GC (Allocation Failure) [PSYoungGen: 67088K->1597K(67584K)] 489865K->424375K(581632K), 0.0019180 secs] [Times: user=0.00 sys=0.00, real=0.00 secs] 
1207.233: [GC (Allocation Failure) [PSYoungGen: 67133K->1552K(67584K)] 489911K->424345K(581632K), 0.0018018 secs] [Times: user=0.01 sys=0.00, real=0.00 secs] 
1207.756: [GC (Allocation Failure) [PSYoungGen: 67088K->1392K(67584K)] 489881K->424193K(581632K), 0.0026178 secs] [Times: user=0.01 sys=0.00, real=0.01 secs] 
1208.284: [GC (Allocation Failure) [PSYoungGen: 66928K->1360K(67584K)] 489729K->424161K(581632K), 0.0027329 secs] [Times: user=0.01 sys=0.00, real=0.00 secs] 
1208.805: [GC (Allocation Failure) [PSYoungGen: 66896K->1440K(67584K)] 489697K->424241K(581632K), 0.0026019 secs] [Times: user=0.01 sys=0.00, real=0.00 secs] 
1209.339: [GC (Allocation Failure) [PSYoungGen: 66976K->1376K(67584K)] 489777K->424177K(581632K), 0.0037573 secs] [Times: user=0.02 sys=0.00, real=0.00 secs] 
1209.974: [GC (Allocation Failure) [PSYoungGen: 66912K->1568K(67584K)] 489713K->424393K(581632K), 0.0018267 secs] [Times: user=0.01 sys=0.00, real=0.00 secs] 
1210.361: [GC (Allocation Failure) [PSYoungGen: 67104K->1613K(67584K)] 489929K->424439K(581632K), 0.0016800 secs] [Times: user=0.01 sys=0.00, real=0.00 secs] 
1210.746: [GC (Allocation Failure) [PSYoungGen: 67149K->1565K(67584K)] 489975K->424391K(581632K), 0.0017669 secs] [Times: user=0.01 sys=0.00, real=0.00 secs] 
1211.132: [GC (Allocation Failure) [PSYoungGen: 67101K->1520K(67584K)] 489927K->424353K(581632K), 0.0017940 secs] [Times: user=0.01 sys=0.00, real=0.00 secs] 
1211.476: [GC (Allocation Failure) [PSYoungGen: 67056K->1440K(67584K)] 489889K->424281K(581632K), 0.0021304 secs] [Times: user=0.00 sys=0.00, real=0.00 secs] 
1211.799: [GC (Allocation Failure) [PSYoungGen: 66976K->1392K(67584K)] 489817K->424233K(581632K), 0.0021097 secs] [Times: user=0.01 sys=0.00, real=0.00 secs] 
1212.077: [GC (Allocation Failure) [PSYoungGen: 66928K->1344K(67584K)] 489769K->424185K(581632K), 0.0021077 secs] [Times: user=0.01 sys=0.00, real=0.01 secs] 
1212.355: [GC (Allocation Failure) [PSYoungGen: 66880K->1408K(67584K)] 489721K->424249K(581632K), 0.0022914 secs] [Times: user=0.01 sys=0.00, real=0.00 secs] 
1212.764: [GC (Allocation Failure) [PSYoungGen: 66944K->1501K(67072K)] 489785K->424343K(581120K), 0.0018881 secs] [Times: user=0.01 sys=0.00, real=0.00 secs] 
1213.150: [GC (Allocation Failure) [PSYoungGen: 67037K->1533K(67072K)] 489879K->424375K(581120K), 0.0020296 secs] [Times: user=0.01 sys=0.00, real=0.00 secs] 
1213.537: [GC (Allocation Failure) [PSYoungGen: 67069K->1517K(67072K)] 489911K->424415K(581120K), 0.0018352 secs] [Times: user=0.00 sys=0.00, real=0.00 secs] 
1213.922: [GC (Allocation Failure) [PSYoungGen: 67053K->1600K(67584K)] 489951K->424521K(581632K), 0.0018089 secs] [Times: user=0.01 sys=0.00, real=0.00 secs] 
1214.357: [GC (Allocation Failure) [PSYoungGen: 67136K->384K(66048K)] 490057K->424329K(580096K), 0.0021661 secs] [Times: user=0.01 sys=0.00, real=0.01 secs] 
1214.630: [GC (Allocation Failure) [PSYoungGen: 65920K->384K(67584K)] 489865K->424345K(581632K), 0.0028593 secs] [Times: user=0.01 sys=0.00, real=0.00 secs] 
1214.903: [GC (Allocation Failure) [PSYoungGen: 65920K->352K(70656K)] 489881K->424313K(584704K), 0.0025422 secs] [Times: user=0.01 sys=0.00, real=0.00 secs] 
1215.189: [GC (Allocation Failure) [PSYoungGen: 68960K->384K(71168K)] 492921K->424345K(585216K), 0.0022967 secs] [Times: user=0.01 sys=0.00, real=0.00 secs] 
1215.583: [GC (Allocation Failure) [PSYoungGen: 68992K->1504K(77312K)] 492953K->425465K(591360K), 0.0017785 secs] [Times: user=0.01 sys=0.00, real=0.00 secs] 
1216.026: [GC (Allocation Failure) [PSYoungGen: 76768K->1533K(76288K)] 500729K->425495K(590336K), 0.0019222 secs] [Times: user=0.00 sys=0.00, real=0.00 secs] 
1216.469: [GC (Allocation Failure) [PSYoungGen: 76285K->1565K(76288K)] 500247K->425527K(590336K), 0.0017892 secs] [Times: user=0.01 sys=0.00, real=0.00 secs] 
1216.894: [GC (Allocation Failure) [PSYoungGen: 75805K->1472K(75264K)] 499767K->425449K(589312K), 0.0020404 secs] [Times: user=0.01 sys=0.00, real=0.00 secs] 
1217.259: [GC (Allocation Failure) [PSYoungGen: 75200K->1376K(75264K)] 499177K->425353K(589312K), 0.0021767 secs] [Times: user=0.01 sys=0.00, real=0.00 secs] 
1217.611: [GC (Allocation Failure) [PSYoungGen: 74592K->1376K(74240K)] 498569K->425353K(588288K), 0.0027511 secs] [Times: user=0.01 sys=0.00, real=0.00 secs] 
1217.970: [GC (Allocation Failure) [PSYoungGen: 74080K->1376K(74240K)] 498057K->425377K(588288K), 0.0022958 secs] [Times: user=0.01 sys=0.00, real=0.00 secs] 
1218.429: [GC (Allocation Failure) [PSYoungGen: 73568K->1504K(73216K)] 497569K->425505K(587264K), 0.0018054 secs] [Times: user=0.00 sys=0.00, real=0.00 secs] 
1218.852: [GC (Allocation Failure) [PSYoungGen: 73184K->1568K(73216K)] 497185K->425569K(587264K), 0.0018843 secs] [Times: user=0.01 sys=0.00, real=0.00 secs] 
1219.271: [GC (Allocation Failure) [PSYoungGen: 72736K->1533K(72192K)] 496737K->425535K(586240K), 0.0018919 secs] [Times: user=0.00 sys=0.00, real=0.00 secs] 
1219.710: [GC (Allocation Failure) [PSYoungGen: 72189K->1504K(72192K)] 496191K->425505K(586240K), 0.0022211 secs] [Times: user=0.00 sys=0.00, real=0.00 secs] 
1220.035: [GC (Allocation Failure) [PSYoungGen: 71648K->1344K(71168K)] 495649K->425345K(585216K), 0.0021296 secs] [Times: user=0.01 sys=0.01, real=0.00 secs] 
1220.325: [GC (Allocation Failure) [PSYoungGen: 70976K->1376K(70656K)] 494977K->425377K(584704K), 0.0022226 secs] [Times: user=0.01 sys=0.00, real=0.00 secs] 
1220.613: [GC (Allocation Failure) [PSYoungGen: 70496K->1344K(71168K)] 494497K->425345K(585216K), 0.0029230 secs] [Times: user=0.01 sys=0.00, real=0.00 secs] 
1220.960: [GC (Allocation Failure) [PSYoungGen: 70464K->1485K(70144K)] 494465K->425487K(584192K), 0.0018363 secs] [Times: user=0.01 sys=0.00, real=0.00 secs] 
1221.362: [GC (Allocation Failure) [PSYoungGen: 70093K->1597K(70144K)] 494095K->425599K(584192K), 0.0019596 secs] [Times: user=0.01 sys=0.00, real=0.00 secs] 
1221.767: [GC (Allocation Failure) [PSYoungGen: 69693K->541K(68608K)] 493695K->425567K(582656K), 0.0018387 secs] [Times: user=0.01 sys=0.00, real=0.01 secs] 
1222.164: [GC (Allocation Failure) [PSYoungGen: 68125K->525K(68096K)] 493151K->425551K(582144K), 0.0016968 secs] [Times: user=0.01 sys=0.00, real=0.00 secs] 
1222.561: [GC (Allocation Failure) [PSYoungGen: 67597K->1456K(68096K)] 492623K->426489K(582144K), 0.0021381 secs] [Times: user=0.01 sys=0.00, real=0.00 secs] 
1222.838: [GC (Allocation Failure) [PSYoungGen: 68016K->1376K(67584K)] 493049K->426409K(581632K), 0.0018894 secs] [Times: user=0.01 sys=0.00, real=0.01 secs] 
1223.149: [GC (Allocation Failure) [PSYoungGen: 67424K->1344K(67072K)] 492457K->426377K(581120K), 0.0021773 secs] [Times: user=0.00 sys=0.00, real=0.00 secs] 
1223.560: [GC (Allocation Failure) [PSYoungGen: 66880K->1376K(73728K)] 491913K->426409K(587776K), 0.0038268 secs] [Times: user=0.01 sys=0.00, real=0.00 secs] 
1223.986: [GC (Allocation Failure) [PSYoungGen: 73056K->1440K(72704K)] 498089K->426473K(586752K), 0.0016741 secs] [Times: user=0.00 sys=0.00, real=0.00 secs] 
1224.472: [GC (Allocation Failure) [PSYoungGen: 72606K->1520K(72192K)] 497640K->426553K(586240K), 0.0018975 secs] [Times: user=0.00 sys=0.00, real=0.00 secs] 
1224.885: [GC (Allocation Failure) [PSYoungGen: 72176K->1517K(71680K)] 497209K->426575K(585728K), 0.0017065 secs] [Times: user=0.01 sys=0.00, real=0.00 secs] 
1225.298: [GC (Allocation Failure) [PSYoungGen: 71661K->1581K(71680K)] 496719K->426655K(585728K), 0.0018605 secs] [Times: user=0.01 sys=0.00, real=0.01 secs] 
1226.133: [GC (Allocation Failure) [PSYoungGen: 71213K->384K(70144K)] 496287K->426481K(584192K), 0.0035885 secs] [Times: user=0.01 sys=0.00, real=0.00 secs] 
1226.977: [GC (Allocation Failure) [PSYoungGen: 69504K->320K(69120K)] 495601K->426417K(583168K), 0.0029324 secs] [Times: user=0.01 sys=0.00, real=0.01 secs] 
1227.760: [GC (Allocation Failure) [PSYoungGen: 68928K->352K(70144K)] 495025K->426449K(584192K), 0.0041026 secs] [Times: user=0.01 sys=0.00, real=0.00 secs] 
1228.418: [GC (Allocation Failure) [PSYoungGen: 68448K->352K(68096K)] 494545K->426449K(582144K), 0.0032758 secs] [Times: user=0.01 sys=0.00, real=0.01 secs] 
1229.059: [GC (Allocation Failure) [PSYoungGen: 67933K->1565K(69120K)] 494031K->427663K(583168K), 0.0019269 secs] [Times: user=0.01 sys=0.00, real=0.00 secs] 
1229.456: [GC (Allocation Failure) [PSYoungGen: 68637K->1613K(68608K)] 494735K->427711K(582656K), 0.0020326 secs] [Times: user=0.01 sys=0.00, real=0.00 secs] 
1229.915: [GC (Allocation Failure) [PSYoungGen: 68157K->1533K(68096K)] 494255K->427631K(582144K), 0.0017475 secs] [Times: user=0.01 sys=0.00, real=0.00 secs] 
1230.405: [GC (Allocation Failure) [PSYoungGen: 67581K->1504K(67072K)] 493679K->427617K(581120K), 0.0023358 secs] [Times: user=0.01 sys=0.00, real=0.00 secs] 
1231.122: [GC (Allocation Failure) [PSYoungGen: 67040K->1376K(68096K)] 493153K->427489K(582144K), 0.0029396 secs] [Times: user=0.01 sys=0.00, real=0.00 secs] 
1231.661: [GC (Allocation Failure) [PSYoungGen: 66912K->1344K(68096K)] 493025K->427457K(582144K), 0.0029727 secs] [Times: user=0.01 sys=0.00, real=0.00 secs] 
1232.203: [GC (Allocation Failure) [PSYoungGen: 66880K->1376K(68096K)] 492993K->427489K(582144K), 0.0025921 secs] [Times: user=0.01 sys=0.00, real=0.00 secs] 
1232.606: [GC (Allocation Failure) [PSYoungGen: 66912K->1376K(68096K)] 493025K->427489K(582144K), 0.0022681 secs] [Times: user=0.01 sys=0.00, real=0.00 secs] 
1233.018: [GC (Allocation Failure) [PSYoungGen: 66912K->1533K(68096K)] 493025K->427647K(582144K), 0.0017554 secs] [Times: user=0.01 sys=0.00, real=0.01 secs] 
1233.403: [GC (Allocation Failure) [PSYoungGen: 67069K->1568K(68096K)] 493183K->427681K(582144K), 0.0018501 secs] [Times: user=0.00 sys=0.00, real=0.00 secs] 
1233.788: [GC (Allocation Failure) [PSYoungGen: 67104K->1565K(68096K)] 493217K->427679K(582144K), 0.0016584 secs] [Times: user=0.01 sys=0.00, real=0.01 secs] 
1234.193: [GC (Allocation Failure) [PSYoungGen: 67101K->1504K(68096K)] 493215K->427617K(582144K), 0.0020379 secs] [Times: user=0.01 sys=0.00, real=0.00 secs] 
1234.534: [GC (Allocation Failure) [PSYoungGen: 67040K->1360K(68096K)] 493153K->427473K(582144K), 0.0019295 secs] [Times: user=0.00 sys=0.00, real=0.00 secs] 
1234.814: [GC (Allocation Failure) [PSYoungGen: 66896K->1344K(67072K)] 493009K->427457K(581120K), 0.0030621 secs] [Times: user=0.01 sys=0.00, real=0.00 secs] 
1235.088: [GC (Allocation Failure) [PSYoungGen: 66880K->1376K(67584K)] 492993K->427489K(581632K), 0.0024302 secs] [Times: user=0.01 sys=0.00, real=0.01 secs] 
1235.373: [GC (Allocation Failure) [PSYoungGen: 66912K->1376K(67584K)] 493025K->427489K(581632K), 0.0021703 secs] [Times: user=0.01 sys=0.00, real=0.00 secs] 
1235.809: [GC (Allocation Failure) [PSYoungGen: 66912K->1613K(67584K)] 493025K->427727K(581632K), 0.0018025 secs] [Times: user=0.01 sys=0.01, real=0.00 secs] 
1236.196: [GC (Allocation Failure) [PSYoungGen: 67149K->1581K(67584K)] 493263K->427695K(581632K), 0.0017636 secs] [Times: user=0.00 sys=0.00, real=0.00 secs] 
1236.581: [GC (Allocation Failure) [PSYoungGen: 67117K->1565K(67584K)] 493231K->427687K(581632K), 0.0017723 secs] [Times: user=0.00 sys=0.00, real=0.00 secs] 
1236.986: [GC (Allocation Failure) [PSYoungGen: 67101K->1520K(67584K)] 493223K->427641K(581632K), 0.0023537 secs] [Times: user=0.01 sys=0.00, real=0.00 secs] 
1237.258: [GC (Allocation Failure) [PSYoungGen: 67056K->1376K(67072K)] 493177K->427497K(581120K), 0.0022839 secs] [Times: user=0.00 sys=0.00, real=0.01 secs] 
1237.532: [GC (Allocation Failure) [PSYoungGen: 66912K->1376K(67072K)] 493033K->427497K(581120K), 0.0021611 secs] [Times: user=0.01 sys=0.00, real=0.00 secs] 
1237.804: [GC (Allocation Failure) [PSYoungGen: 66912K->1344K(69632K)] 493033K->427481K(583680K), 0.0025799 secs] [Times: user=0.01 sys=0.00, real=0.00 secs] 
1238.211: [GC (Allocation Failure) [PSYoungGen: 69440K->1296K(70144K)] 495577K->427433K(584192K), 0.0021582 secs] [Times: user=0.01 sys=0.00, real=0.00 secs] 
1238.696: [GC (Allocation Failure) [PSYoungGen: 69392K->1597K(69632K)] 495529K->427735K(583680K), 0.0018871 secs] [Times: user=0.01 sys=0.00, real=0.00 secs] 
1239.092: [GC (Allocation Failure) [PSYoungGen: 69181K->1533K(68608K)] 495319K->427671K(582656K), 0.0019676 secs] [Times: user=0.01 sys=0.00, real=0.00 secs] 
1239.487: [GC (Allocation Failure) [PSYoungGen: 68605K->509K(67072K)] 494743K->427679K(581120K), 0.0019826 secs] [Times: user=0.01 sys=0.00, real=0.01 secs] 
1239.863: [GC (Allocation Failure) [PSYoungGen: 67069K->1488K(68096K)] 494239K->428657K(582144K), 0.0023030 secs] [Times: user=0.01 sys=0.00, real=0.00 secs] 
1240.138: [GC (Allocation Failure) [PSYoungGen: 67536K->1376K(67072K)] 494705K->428545K(581120K), 0.0022391 secs] [Times: user=0.01 sys=0.00, real=0.01 secs] 
1240.478: [GC (Allocation Failure) [PSYoungGen: 66912K->1344K(67072K)] 494081K->428513K(581120K), 0.0018767 secs] [Times: user=0.01 sys=0.00, real=0.01 secs] 
1241.009: [GC (Allocation Failure) [PSYoungGen: 66880K->1376K(67072K)] 494049K->428545K(581120K), 0.0019514 secs] [Times: user=0.01 sys=0.00, real=0.00 secs] 
1241.577: [GC (Allocation Failure) [PSYoungGen: 66912K->1408K(67072K)] 494081K->428578K(581120K), 0.0022307 secs] [Times: user=0.01 sys=0.00, real=0.01 secs] 
1241.971: [GC (Allocation Failure) [PSYoungGen: 66944K->1504K(67072K)] 494114K->428722K(581120K), 0.0017821 secs] [Times: user=0.00 sys=0.00, real=0.00 secs] 
1242.359: [GC (Allocation Failure) [PSYoungGen: 67040K->1520K(67072K)] 494258K->428746K(581120K), 0.0019758 secs] [Times: user=0.01 sys=0.00, real=0.01 secs] 
1242.747: [GC (Allocation Failure) [PSYoungGen: 67056K->1520K(67072K)] 494282K->428794K(581120K), 0.0017973 secs] [Times: user=0.01 sys=0.00, real=0.00 secs] 
1243.276: [GC (Allocation Failure) [PSYoungGen: 67056K->1456K(67072K)] 494330K->428729K(581120K), 0.0023145 secs] [Times: user=0.01 sys=0.00, real=0.01 secs] 
1243.870: [GC (Allocation Failure) [PSYoungGen: 66992K->1376K(67072K)] 494265K->428649K(581120K), 0.0033066 secs] [Times: user=0.01 sys=0.00, real=0.00 secs] 
1244.525: [GC (Allocation Failure) [PSYoungGen: 66912K->1376K(67072K)] 494185K->428649K(581120K), 0.0030422 secs] [Times: user=0.01 sys=0.00, real=0.00 secs] 
1245.112: [GC (Allocation Failure) [PSYoungGen: 66912K->1376K(67072K)] 494185K->428649K(581120K), 0.0033557 secs] [Times: user=0.02 sys=0.00, real=0.00 secs] 
1245.695: [GC (Allocation Failure) [PSYoungGen: 66912K->1469K(67072K)] 494185K->428743K(581120K), 0.0029833 secs] [Times: user=0.01 sys=0.00, real=0.00 secs] 
1246.144: [GC (Allocation Failure) [PSYoungGen: 67005K->1504K(67072K)] 494279K->428826K(581120K), 0.0018046 secs] [Times: user=0.01 sys=0.00, real=0.00 secs] 
1246.530: [GC (Allocation Failure) [PSYoungGen: 67040K->1565K(67584K)] 494362K->428895K(581632K), 0.0018888 secs] [Times: user=0.00 sys=0.00, real=0.00 secs] 
1246.916: [GC (Allocation Failure) [PSYoungGen: 67101K->1533K(67072K)] 494431K->428863K(581120K), 0.0017720 secs] [Times: user=0.01 sys=0.00, real=0.00 secs] 
1247.487: [GC (Allocation Failure) [PSYoungGen: 67069K->1440K(67584K)] 494399K->428769K(581632K), 0.0023725 secs] [Times: user=0.01 sys=0.01, real=0.01 secs] 
1247.855: [GC (Allocation Failure) [PSYoungGen: 66976K->1344K(67584K)] 494305K->428673K(581632K), 0.0024575 secs] [Times: user=0.00 sys=0.00, real=0.00 secs] 
1248.272: [GC (Allocation Failure) [PSYoungGen: 66880K->1344K(67584K)] 494209K->428673K(581632K), 0.0035702 secs] [Times: user=0.02 sys=0.00, real=0.00 secs] 
1248.765: [GC (Allocation Failure) [PSYoungGen: 66880K->1344K(67584K)] 494209K->428673K(581632K), 0.0027957 secs] [Times: user=0.01 sys=0.00, real=0.00 secs] 
1249.324: [GC (Allocation Failure) [PSYoungGen: 66880K->1437K(67584K)] 494209K->428767K(581632K), 0.0024484 secs] [Times: user=0.01 sys=0.00, real=0.00 secs] 
1249.747: [GC (Allocation Failure) [PSYoungGen: 66973K->1520K(67584K)] 494303K->428874K(581632K), 0.0016247 secs] [Times: user=0.00 sys=0.00, real=0.00 secs] 
1250.134: [GC (Allocation Failure) [PSYoungGen: 67056K->1565K(67584K)] 494410K->428919K(581632K), 0.0018188 secs] [Times: user=0.01 sys=0.00, real=0.00 secs] 
1250.528: [GC (Allocation Failure) [PSYoungGen: 67101K->1549K(67584K)] 494455K->428911K(581632K), 0.0017128 secs] [Times: user=0.00 sys=0.00, real=0.01 secs] 
1250.919: [GC (Allocation Failure) [PSYoungGen: 67085K->1456K(67584K)] 494447K->428817K(581632K), 0.0020481 secs] [Times: user=0.01 sys=0.00, real=0.00 secs] 
1251.192: [GC (Allocation Failure) [PSYoungGen: 66992K->1312K(67584K)] 494353K->428673K(581632K), 0.0020553 secs] [Times: user=0.01 sys=0.00, real=0.00 secs] 
1251.505: [GC (Allocation Failure) [PSYoungGen: 66848K->1376K(67584K)] 494209K->428737K(581632K), 0.0019395 secs] [Times: user=0.01 sys=0.00, real=0.00 secs] 
1252.066: [GC (Allocation Failure) [PSYoungGen: 66912K->1376K(67584K)] 494273K->428737K(581632K), 0.0019869 secs] [Times: user=0.01 sys=0.00, real=0.00 secs] 
1252.612: [GC (Allocation Failure) [PSYoungGen: 66912K->1456K(67584K)] 494273K->428818K(581632K), 0.0019655 secs] [Times: user=0.00 sys=0.00, real=0.00 secs] 
1253.004: [GC (Allocation Failure) [PSYoungGen: 66992K->1565K(67584K)] 494354K->428927K(581632K), 0.0017855 secs] [Times: user=0.01 sys=0.00, real=0.00 secs] 
1253.389: [GC (Allocation Failure) [PSYoungGen: 67101K->1584K(67584K)] 494463K->428946K(581632K), 0.0017169 secs] [Times: user=0.01 sys=0.00, real=0.00 secs] 
1253.836: [GC (Allocation Failure) [PSYoungGen: 67120K->1552K(67584K)] 494482K->428922K(581632K), 0.0017957 secs] [Times: user=0.01 sys=0.00, real=0.00 secs] 
1254.257: [GC (Allocation Failure) [PSYoungGen: 67088K->1456K(67584K)] 494458K->428825K(581632K), 0.0025431 secs] [Times: user=0.01 sys=0.00, real=0.01 secs] 
1254.530: [GC (Allocation Failure) [PSYoungGen: 66992K->1344K(67584K)] 494361K->428713K(581632K), 0.0022415 secs] [Times: user=0.01 sys=0.00, real=0.00 secs] 
1254.803: [GC (Allocation Failure) [PSYoungGen: 66880K->1376K(67584K)] 494249K->428745K(581632K), 0.0021665 secs] [Times: user=0.01 sys=0.00, real=0.00 secs] 
1255.075: [GC (Allocation Failure) [PSYoungGen: 66912K->1344K(67584K)] 494281K->428713K(581632K), 0.0020399 secs] [Times: user=0.01 sys=0.00, real=0.00 secs] 
1256.226: [GC (Allocation Failure) [PSYoungGen: 66880K->1456K(67584K)] 494249K->428826K(581632K), 0.0026357 secs] [Times: user=0.01 sys=0.00, real=0.01 secs] 
1256.658: [GC (Allocation Failure) [PSYoungGen: 66992K->1549K(67584K)] 494362K->428919K(581632K), 0.0019383 secs] [Times: user=0.01 sys=0.00, real=0.01 secs] 
1257.043: [GC (Allocation Failure) [PSYoungGen: 67085K->1549K(67584K)] 494455K->428919K(581632K), 0.0019271 secs] [Times: user=0.00 sys=0.00, real=0.00 secs] 
1257.430: [GC (Allocation Failure) [PSYoungGen: 67085K->1501K(67584K)] 494455K->428887K(581632K), 0.0018683 secs] [Times: user=0.01 sys=0.00, real=0.00 secs] 
1257.870: [GC (Allocation Failure) [PSYoungGen: 67037K->1424K(67584K)] 494423K->428809K(581632K), 0.0020869 secs] [Times: user=0.01 sys=0.00, real=0.00 secs] 
1258.142: [GC (Allocation Failure) [PSYoungGen: 66960K->1376K(67584K)] 494345K->428761K(581632K), 0.0019235 secs] [Times: user=0.00 sys=0.00, real=0.00 secs] 
1258.458: [GC (Allocation Failure) [PSYoungGen: 66912K->1344K(67584K)] 494297K->428729K(581632K), 0.0033779 secs] [Times: user=0.02 sys=0.00, real=0.01 secs] 
1259.008: [GC (Allocation Failure) [PSYoungGen: 66880K->1376K(67072K)] 494265K->428777K(581120K), 0.0029751 secs] [Times: user=0.01 sys=0.00, real=0.01 secs] 
1259.561: [GC (Allocation Failure) [PSYoungGen: 66912K->1485K(67072K)] 494313K->428887K(581120K), 0.0035176 secs] [Times: user=0.01 sys=0.00, real=0.00 secs] 
1260.029: [GC (Allocation Failure) [PSYoungGen: 67021K->1501K(67072K)] 494423K->428903K(581120K), 0.0017867 secs] [Times: user=0.01 sys=0.00, real=0.00 secs] 
1260.481: [GC (Allocation Failure) [PSYoungGen: 67037K->1581K(67584K)] 494439K->428983K(581632K), 0.0020108 secs] [Times: user=0.01 sys=0.00, real=0.00 secs] 
1260.919: [GC (Allocation Failure) [PSYoungGen: 67117K->560K(66560K)] 494519K->428994K(580608K), 0.0019793 secs] [Times: user=0.01 sys=0.00, real=0.00 secs] 
1261.360: [GC (Allocation Failure) [PSYoungGen: 66096K->1472K(67072K)] 494530K->429905K(581120K), 0.0024279 secs] [Times: user=0.01 sys=0.00, real=0.00 secs] 
1261.634: [GC (Allocation Failure) [PSYoungGen: 67008K->1360K(67072K)] 495441K->429801K(581120K), 0.0022222 secs] [Times: user=0.01 sys=0.00, real=0.00 secs] 
1262.025: [GC (Allocation Failure) [PSYoungGen: 66896K->1344K(67072K)] 495337K->429785K(581120K), 0.0022159 secs] [Times: user=0.01 sys=0.00, real=0.00 secs] 
1262.568: [GC (Allocation Failure) [PSYoungGen: 66880K->1344K(67072K)] 495321K->429793K(581120K), 0.0028397 secs] [Times: user=0.01 sys=0.00, real=0.01 secs] 
1263.138: [GC (Allocation Failure) [PSYoungGen: 66880K->1520K(67072K)] 495329K->429970K(581120K), 0.0020755 secs] [Times: user=0.01 sys=0.00, real=0.01 secs] 
1263.533: [GC (Allocation Failure) [PSYoungGen: 67056K->1504K(67072K)] 495506K->430034K(581120K), 0.0018179 secs] [Times: user=0.01 sys=0.00, real=0.00 secs] 
1263.921: [GC (Allocation Failure) [PSYoungGen: 67040K->1645K(67584K)] 495570K->430183K(581632K), 0.0017905 secs] [Times: user=0.01 sys=0.00, real=0.00 secs] 
1264.307: [GC (Allocation Failure) [PSYoungGen: 67181K->560K(66560K)] 495719K->430122K(580608K), 0.0018316 secs] [Times: user=0.01 sys=0.00, real=0.00 secs] 
1264.701: [GC (Allocation Failure) [PSYoungGen: 66096K->1488K(67584K)] 495658K->431049K(581632K), 0.0019356 secs] [Times: user=0.00 sys=0.00, real=0.00 secs] 
1265.129: [GC (Allocation Failure) [PSYoungGen: 67024K->1408K(67584K)] 496585K->430969K(581632K), 0.0020404 secs] [Times: user=0.01 sys=0.00, real=0.00 secs] 
1265.706: [GC (Allocation Failure) [PSYoungGen: 66944K->1408K(67584K)] 496505K->430969K(581632K), 0.0038391 secs] [Times: user=0.02 sys=0.00, real=0.01 secs] 
1266.416: [GC (Allocation Failure) [PSYoungGen: 66944K->1408K(67584K)] 496505K->430969K(581632K), 0.0031676 secs] [Times: user=0.01 sys=0.00, real=0.01 secs] 
1267.223: [GC (Allocation Failure) [PSYoungGen: 66944K->1437K(67584K)] 496505K->430999K(581632K), 0.0038946 secs] [Times: user=0.02 sys=0.00, real=0.00 secs] 
1267.734: [GC (Allocation Failure) [PSYoungGen: 66973K->1600K(67584K)] 496535K->431162K(581632K), 0.0018738 secs] [Times: user=0.01 sys=0.00, real=0.00 secs] 
1268.119: [GC (Allocation Failure) [PSYoungGen: 67136K->1581K(67584K)] 496698K->431143K(581632K), 0.0020158 secs] [Times: user=0.01 sys=0.00, real=0.00 secs] 
1268.566: [GC (Allocation Failure) [PSYoungGen: 67117K->1581K(67584K)] 496679K->431151K(581632K), 0.0019511 secs] [Times: user=0.01 sys=0.00, real=0.00 secs] 
1268.939: [GC (Allocation Failure) [PSYoungGen: 67117K->1488K(67584K)] 496687K->431057K(581632K), 0.0023733 secs] [Times: user=0.01 sys=0.00, real=0.01 secs] 
1269.456: [GC (Allocation Failure) [PSYoungGen: 67024K->1376K(67584K)] 496593K->430945K(581632K), 0.0033863 secs] [Times: user=0.02 sys=0.00, real=0.01 secs] 
1270.404: [GC (Allocation Failure) [PSYoungGen: 66912K->1344K(67584K)] 496481K->430929K(581632K), 0.0029479 secs] [Times: user=0.01 sys=0.00, real=0.00 secs] 
1271.361: [GC (Allocation Failure) [PSYoungGen: 66880K->1376K(67584K)] 496465K->430961K(581632K), 0.0030003 secs] [Times: user=0.01 sys=0.01, real=0.00 secs] 
1272.448: [GC (Allocation Failure) [PSYoungGen: 66912K->1488K(67584K)] 496497K->431074K(581632K), 0.0034251 secs] [Times: user=0.01 sys=0.00, real=0.01 secs] 
1272.940: [GC (Allocation Failure) [PSYoungGen: 67024K->1568K(67584K)] 496610K->431154K(581632K), 0.0018318 secs] [Times: user=0.00 sys=0.00, real=0.00 secs] 
1273.327: [GC (Allocation Failure) [PSYoungGen: 67104K->1533K(67584K)] 496690K->431119K(581632K), 0.0018632 secs] [Times: user=0.00 sys=0.00, real=0.01 secs] 
1273.721: [GC (Allocation Failure) [PSYoungGen: 67069K->1581K(67584K)] 496655K->431183K(581632K), 0.0017111 secs] [Times: user=0.00 sys=0.00, real=0.00 secs] 
1274.067: [GC (Allocation Failure) [PSYoungGen: 67117K->1472K(67584K)] 496719K->431073K(581632K), 0.0017472 secs] [Times: user=0.01 sys=0.00, real=0.01 secs] 
1274.339: [GC (Allocation Failure) [PSYoungGen: 67008K->1408K(67584K)] 496609K->431009K(581632K), 0.0017596 secs] [Times: user=0.01 sys=0.00, real=0.00 secs] 
1274.634: [GC (Allocation Failure) [PSYoungGen: 66944K->1360K(67584K)] 496545K->430961K(581632K), 0.0029916 secs] [Times: user=0.01 sys=0.00, real=0.00 secs] 
1275.150: [GC (Allocation Failure) [PSYoungGen: 66896K->1376K(67584K)] 496497K->430977K(581632K), 0.0033438 secs] [Times: user=0.02 sys=0.00, real=0.00 secs] 
1275.704: [GC (Allocation Failure) [PSYoungGen: 66912K->1424K(67584K)] 496513K->431026K(581632K), 0.0022570 secs] [Times: user=0.01 sys=0.00, real=0.00 secs] 
1276.187: [GC (Allocation Failure) [PSYoungGen: 66960K->1520K(67584K)] 496562K->431122K(581632K), 0.0017827 secs] [Times: user=0.00 sys=0.00, real=0.01 secs] 
1276.572: [GC (Allocation Failure) [PSYoungGen: 67056K->1536K(67584K)] 496658K->431138K(581632K), 0.0018614 secs] [Times: user=0.01 sys=0.00, real=0.00 secs] 
1276.963: [GC (Allocation Failure) [PSYoungGen: 67072K->1549K(67584K)] 496674K->431159K(581632K), 0.0017240 secs] [Times: user=0.01 sys=0.00, real=0.00 secs] 
1277.465: [GC (Allocation Failure) [PSYoungGen: 67085K->1456K(67584K)] 496695K->431065K(581632K), 0.0025422 secs] [Times: user=0.01 sys=0.01, real=0.00 secs] 
1278.219: [GC (Allocation Failure) [PSYoungGen: 66992K->1376K(67584K)] 496601K->430985K(581632K), 0.0030977 secs] [Times: user=0.02 sys=0.00, real=0.01 secs] 
1279.064: [GC (Allocation Failure) [PSYoungGen: 66912K->1376K(67584K)] 496521K->430985K(581632K), 0.0026399 secs] [Times: user=0.01 sys=0.00, real=0.00 secs] 
1279.610: [GC (Allocation Failure) [PSYoungGen: 66912K->1376K(67584K)] 496521K->431001K(581632K), 0.0022638 secs] [Times: user=0.01 sys=0.00, real=0.00 secs] 
1279.897: [GC (Allocation Failure) [PSYoungGen: 66912K->1488K(67584K)] 496537K->431114K(581632K), 0.0021080 secs] [Times: user=0.01 sys=0.00, real=0.01 secs] 
1280.378: [GC (Allocation Failure) [PSYoungGen: 67024K->1552K(67584K)] 496650K->431178K(581632K), 0.0017541 secs] [Times: user=0.01 sys=0.00, real=0.01 secs] 
1280.762: [GC (Allocation Failure) [PSYoungGen: 67088K->1613K(67584K)] 496714K->431239K(581632K), 0.0017208 secs] [Times: user=0.01 sys=0.00, real=0.00 secs] 
1281.153: [GC (Allocation Failure) [PSYoungGen: 67149K->1517K(67584K)] 496775K->431151K(581632K), 0.0016763 secs] [Times: user=0.01 sys=0.00, real=0.00 secs] 
1281.687: [GC (Allocation Failure) [PSYoungGen: 67053K->1440K(67584K)] 496687K->431073K(581632K), 0.0034586 secs] [Times: user=0.01 sys=0.00, real=0.01 secs] 
1282.275: [GC (Allocation Failure) [PSYoungGen: 66976K->1376K(67584K)] 496609K->431009K(581632K), 0.0027980 secs] [Times: user=0.01 sys=0.00, real=0.00 secs] 
1282.910: [GC (Allocation Failure) [PSYoungGen: 66912K->1376K(67584K)] 496545K->431009K(581632K), 0.0029663 secs] [Times: user=0.01 sys=0.00, real=0.00 secs] 
1283.358: [GC (Allocation Failure) [PSYoungGen: 66912K->1376K(67584K)] 496545K->431009K(581632K), 0.0021405 secs] [Times: user=0.01 sys=0.00, real=0.01 secs] 
1283.694: [GC (Allocation Failure) [PSYoungGen: 66912K->1456K(67584K)] 496545K->431090K(581632K), 0.0019515 secs] [Times: user=0.01 sys=0.00, real=0.00 secs] 
1284.087: [GC (Allocation Failure) [PSYoungGen: 66992K->1520K(67584K)] 496626K->431154K(581632K), 0.0017923 secs] [Times: user=0.01 sys=0.00, real=0.01 secs] 
1284.473: [GC (Allocation Failure) [PSYoungGen: 67056K->1520K(67584K)] 496690K->431154K(581632K), 0.0018220 secs] [Times: user=0.01 sys=0.00, real=0.00 secs] 
1284.857: [GC (Allocation Failure) [PSYoungGen: 67056K->1533K(67584K)] 496690K->431183K(581632K), 0.0017281 secs] [Times: user=0.00 sys=0.00, real=0.01 secs] 
1285.271: [GC (Allocation Failure) [PSYoungGen: 67069K->1440K(67584K)] 496719K->431089K(581632K), 0.0021656 secs] [Times: user=0.01 sys=0.00, real=0.00 secs] 
1285.584: [GC (Allocation Failure) [PSYoungGen: 66976K->1376K(67584K)] 496625K->431025K(581632K), 0.0019606 secs] [Times: user=0.01 sys=0.00, real=0.00 secs] 
1285.856: [GC (Allocation Failure) [PSYoungGen: 66912K->1344K(67584K)] 496561K->430993K(581632K), 0.0018709 secs] [Times: user=0.01 sys=0.00, real=0.00 secs] 
1286.129: [GC (Allocation Failure) [PSYoungGen: 66880K->1376K(67584K)] 496529K->431025K(581632K), 0.0019330 secs] [Times: user=0.00 sys=0.00, real=0.00 secs] 
1286.416: [GC (Allocation Failure) [PSYoungGen: 66912K->1424K(67584K)] 496561K->431074K(581632K), 0.0019860 secs] [Times: user=0.01 sys=0.00, real=0.00 secs] 
1286.811: [GC (Allocation Failure) [PSYoungGen: 66960K->1536K(67584K)] 496610K->431186K(581632K), 0.0017594 secs] [Times: user=0.00 sys=0.00, real=0.00 secs] 
1287.195: [GC (Allocation Failure) [PSYoungGen: 67072K->1520K(67584K)] 496722K->431170K(581632K), 0.0017545 secs] [Times: user=0.01 sys=0.00, real=0.00 secs] 
1287.579: [GC (Allocation Failure) [PSYoungGen: 67056K->1565K(67584K)] 496706K->431223K(581632K), 0.0017844 secs] [Times: user=0.01 sys=0.00, real=0.00 secs] 
1288.078: [GC (Allocation Failure) [PSYoungGen: 67101K->1456K(67584K)] 496759K->431113K(581632K), 0.0019895 secs] [Times: user=0.01 sys=0.00, real=0.01 secs] 
1288.619: [GC (Allocation Failure) [PSYoungGen: 66992K->1344K(67584K)] 496649K->431025K(581632K), 0.0021585 secs] [Times: user=0.01 sys=0.00, real=0.00 secs] 
1288.892: [GC (Allocation Failure) [PSYoungGen: 66880K->1376K(67584K)] 496561K->431057K(581632K), 0.0025138 secs] [Times: user=0.01 sys=0.00, real=0.00 secs] 
1289.165: [GC (Allocation Failure) [PSYoungGen: 66912K->1344K(67584K)] 496593K->431033K(581632K), 0.0020181 secs] [Times: user=0.01 sys=0.00, real=0.00 secs] 
1289.607: [GC (Allocation Failure) [PSYoungGen: 66880K->1405K(67584K)] 496569K->431095K(581632K), 0.0020479 secs] [Times: user=0.01 sys=0.00, real=0.01 secs] 
1289.998: [GC (Allocation Failure) [PSYoungGen: 66941K->1581K(67584K)] 496631K->431271K(581632K), 0.0017258 secs] [Times: user=0.00 sys=0.00, real=0.01 secs] 
1290.382: [GC (Allocation Failure) [PSYoungGen: 67117K->1520K(67584K)] 496807K->431210K(581632K), 0.0018869 secs] [Times: user=0.01 sys=0.00, real=0.00 secs] 
1290.765: [GC (Allocation Failure) [PSYoungGen: 67056K->1584K(67584K)] 496746K->431282K(581632K), 0.0017098 secs] [Times: user=0.00 sys=0.00, real=0.00 secs] 
1291.145: [GC (Allocation Failure) [PSYoungGen: 67120K->1504K(67584K)] 496818K->431201K(581632K), 0.0018431 secs] [Times: user=0.00 sys=0.00, real=0.00 secs] 
1291.417: [GC (Allocation Failure) [PSYoungGen: 67040K->1376K(67584K)] 496737K->431073K(581632K), 0.0016020 secs] [Times: user=0.01 sys=0.00, real=0.01 secs] 
1291.748: [GC (Allocation Failure) [PSYoungGen: 66912K->1360K(67584K)] 496609K->431057K(581632K), 0.0022216 secs] [Times: user=0.01 sys=0.00, real=0.01 secs] 
1292.236: [GC (Allocation Failure) [PSYoungGen: 66896K->1376K(67584K)] 496593K->431073K(581632K), 0.0022894 secs] [Times: user=0.01 sys=0.00, real=0.00 secs] 
1292.844: [GC (Allocation Failure) [PSYoungGen: 66912K->1424K(67584K)] 496609K->431122K(581632K), 0.0041039 secs] [Times: user=0.02 sys=0.00, real=0.00 secs] 
1293.362: [GC (Allocation Failure) [PSYoungGen: 66960K->1520K(67584K)] 496658K->431218K(581632K), 0.0018966 secs] [Times: user=0.01 sys=0.00, real=0.00 secs] 
1293.746: [GC (Allocation Failure) [PSYoungGen: 67056K->1533K(67584K)] 496754K->431231K(581632K), 0.0019104 secs] [Times: user=0.01 sys=0.01, real=0.00 secs] 
1294.130: [GC (Allocation Failure) [PSYoungGen: 67069K->1613K(67584K)] 496767K->431319K(581632K), 0.0017430 secs] [Times: user=0.01 sys=0.00, real=0.00 secs] 
1294.494: [GC (Allocation Failure) [PSYoungGen: 67149K->1456K(67584K)] 496855K->431161K(581632K), 0.0022292 secs] [Times: user=0.01 sys=0.00, real=0.00 secs] 
1294.768: [GC (Allocation Failure) [PSYoungGen: 66992K->1344K(67584K)] 496697K->431049K(581632K), 0.0023408 secs] [Times: user=0.01 sys=0.00, real=0.01 secs] 
1295.040: [GC (Allocation Failure) [PSYoungGen: 66880K->1344K(67584K)] 496585K->431049K(581632K), 0.0021401 secs] [Times: user=0.00 sys=0.01, real=0.00 secs] 
1295.313: [GC (Allocation Failure) [PSYoungGen: 66880K->1376K(67584K)] 496585K->431081K(581632K), 0.0021709 secs] [Times: user=0.01 sys=0.00, real=0.00 secs] 
1295.618: [GC (Allocation Failure) [PSYoungGen: 66912K->1488K(67584K)] 496617K->431194K(581632K), 0.0020098 secs] [Times: user=0.01 sys=0.00, real=0.01 secs] 
1296.102: [GC (Allocation Failure) [PSYoungGen: 67024K->1597K(67584K)] 496730K->431303K(581632K), 0.0017630 secs] [Times: user=0.01 sys=0.00, real=0.00 secs] 
1296.551: [GC (Allocation Failure) [PSYoungGen: 67133K->1549K(67584K)] 496839K->431255K(581632K), 0.0019261 secs] [Times: user=0.01 sys=0.00, real=0.00 secs] 
1296.935: [GC (Allocation Failure) [PSYoungGen: 67085K->1581K(67584K)] 496791K->431311K(581632K), 0.0018715 secs] [Times: user=0.01 sys=0.00, real=0.00 secs] 
1297.429: [GC (Allocation Failure) [PSYoungGen: 67117K->1440K(67584K)] 496847K->431169K(581632K), 0.0028077 secs] [Times: user=0.01 sys=0.00, real=0.00 secs] 
1297.983: [GC (Allocation Failure) [PSYoungGen: 66976K->1360K(67072K)] 496705K->431089K(581120K), 0.0028388 secs] [Times: user=0.01 sys=0.00, real=0.00 secs] 
1298.539: [GC (Allocation Failure) [PSYoungGen: 66896K->1344K(67072K)] 496625K->431073K(581120K), 0.0025000 secs] [Times: user=0.01 sys=0.00, real=0.00 secs] 
1299.141: [GC (Allocation Failure) [PSYoungGen: 66880K->1344K(67072K)] 496609K->431081K(581120K), 0.0021623 secs] [Times: user=0.01 sys=0.00, real=0.00 secs] 
1299.920: [GC (Allocation Failure) [PSYoungGen: 66853K->1424K(67072K)] 496591K->431162K(581120K), 0.0024133 secs] [Times: user=0.01 sys=0.00, real=0.00 secs] 
1300.336: [GC (Allocation Failure) [PSYoungGen: 66960K->1520K(67072K)] 496698K->431274K(581120K), 0.0017024 secs] [Times: user=0.00 sys=0.00, real=0.00 secs] 
1300.718: [GC (Allocation Failure) [PSYoungGen: 67056K->1581K(67584K)] 496810K->431343K(581632K), 0.0017933 secs] [Times: user=0.01 sys=0.00, real=0.01 secs] 
1301.102: [GC (Allocation Failure) [PSYoungGen: 67117K->557K(66560K)] 496879K->431343K(580608K), 0.0018318 secs] [Times: user=0.00 sys=0.00, real=0.00 secs] 
1301.543: [GC (Allocation Failure) [PSYoungGen: 66093K->1456K(67584K)] 496879K->432242K(581632K), 0.0027449 secs] [Times: user=0.01 sys=0.00, real=0.00 secs] 
1301.817: [GC (Allocation Failure) [PSYoungGen: 66992K->1344K(67584K)] 497778K->432129K(581632K), 0.0020104 secs] [Times: user=0.01 sys=0.00, real=0.01 secs] 
1302.089: [GC (Allocation Failure) [PSYoungGen: 66880K->1344K(67584K)] 497665K->432129K(581632K), 0.0020177 secs] [Times: user=0.01 sys=0.00, real=0.00 secs] 
1302.362: [GC (Allocation Failure) [PSYoungGen: 66880K->1344K(67584K)] 497665K->432129K(581632K), 0.0019440 secs] [Times: user=0.01 sys=0.00, real=0.00 secs] 
1303.317: [GC (Allocation Failure) [PSYoungGen: 66854K->1456K(67584K)] 497640K->432242K(581632K), 0.0034751 secs] [Times: user=0.01 sys=0.00, real=0.01 secs] 
1303.829: [GC (Allocation Failure) [PSYoungGen: 66992K->1597K(67584K)] 497778K->432383K(581632K), 0.0059836 secs] [Times: user=0.02 sys=0.00, real=0.00 secs] 
1304.216: [GC (Allocation Failure) [PSYoungGen: 67133K->1520K(67584K)] 497919K->432306K(581632K), 0.0020094 secs] [Times: user=0.01 sys=0.00, real=0.00 secs] 
1304.599: [GC (Allocation Failure) [PSYoungGen: 67056K->1552K(67584K)] 497842K->432346K(581632K), 0.0019709 secs] [Times: user=0.01 sys=0.00, real=0.00 secs] 
1305.232: [GC (Allocation Failure) [PSYoungGen: 67088K->1424K(67584K)] 497882K->432218K(581632K), 0.0028458 secs] [Times: user=0.01 sys=0.01, real=0.00 secs] 
1306.214: [GC (Allocation Failure) [PSYoungGen: 66960K->1344K(67584K)] 497754K->432137K(581632K), 0.0021054 secs] [Times: user=0.01 sys=0.00, real=0.00 secs] 
1307.040: [GC (Allocation Failure) [PSYoungGen: 66880K->1312K(67584K)] 497673K->432105K(581632K), 0.0025985 secs] [Times: user=0.01 sys=0.00, real=0.00 secs] 
1307.614: [GC (Allocation Failure) [PSYoungGen: 66848K->1344K(67584K)] 497641K->432137K(581632K), 0.0027333 secs] [Times: user=0.01 sys=0.00, real=0.00 secs] 
1308.287: [GC (Allocation Failure) [PSYoungGen: 66880K->1456K(67584K)] 497673K->432250K(581632K), 0.0032010 secs] [Times: user=0.02 sys=0.00, real=0.01 secs] 
1308.749: [GC (Allocation Failure) [PSYoungGen: 66992K->1533K(67584K)] 497786K->432327K(581632K), 0.0016955 secs] [Times: user=0.01 sys=0.00, real=0.00 secs] 
1309.132: [GC (Allocation Failure) [PSYoungGen: 67069K->1581K(67584K)] 497863K->432375K(581632K), 0.0017454 secs] [Times: user=0.01 sys=0.00, real=0.00 secs] 
1309.514: [GC (Allocation Failure) [PSYoungGen: 67117K->1549K(67584K)] 497911K->432351K(581632K), 0.0017281 secs] [Times: user=0.01 sys=0.00, real=0.00 secs] 
1310.476: [GC (Allocation Failure) [PSYoungGen: 67085K->1424K(67584K)] 497887K->432226K(581632K), 0.0046319 secs] [Times: user=0.01 sys=0.00, real=0.01 secs] 
1311.436: [GC (Allocation Failure) [PSYoungGen: 66960K->1328K(67584K)] 497762K->432130K(581632K), 0.0041607 secs] [Times: user=0.02 sys=0.00, real=0.01 secs] 
1312.340: [GC (Allocation Failure) [PSYoungGen: 66864K->1344K(67584K)] 497666K->432153K(581632K), 0.0029544 secs] [Times: user=0.01 sys=0.00, real=0.00 secs] 
1313.135: [GC (Allocation Failure) [PSYoungGen: 66880K->1344K(67584K)] 497689K->432153K(581632K), 0.0035601 secs] [Times: user=0.02 sys=0.00, real=0.00 secs] 
1313.943: [GC (Allocation Failure) [PSYoungGen: 66766K->288K(67584K)] 497576K->431097K(581632K), 0.0033265 secs] [Times: user=0.02 sys=0.00, real=0.00 secs] 
1314.428: [GC (Allocation Failure) [PSYoungGen: 65824K->1533K(67584K)] 496633K->432343K(581632K), 0.0017956 secs] [Times: user=0.01 sys=0.00, real=0.01 secs] 
1314.812: [GC (Allocation Failure) [PSYoungGen: 67069K->1549K(67584K)] 497879K->432359K(581632K), 0.0016977 secs] [Times: user=0.01 sys=0.00, real=0.00 secs] 
1315.196: [GC (Allocation Failure) [PSYoungGen: 67085K->1549K(67584K)] 497895K->432367K(581632K), 0.0017012 secs] [Times: user=0.01 sys=0.00, real=0.00 secs] 
1315.546: [GC (Allocation Failure) [PSYoungGen: 67085K->1472K(67584K)] 497903K->432289K(581632K), 0.0017279 secs] [Times: user=0.00 sys=0.00, real=0.00 secs] 
1315.854: [GC (Allocation Failure) [PSYoungGen: 67008K->1376K(67584K)] 497825K->432193K(581632K), 0.0017410 secs] [Times: user=0.01 sys=0.00, real=0.00 secs] 
1316.484: [GC (Allocation Failure) [PSYoungGen: 66912K->1344K(67584K)] 497729K->432161K(581632K), 0.0020170 secs] [Times: user=0.01 sys=0.00, real=0.00 secs] 
1317.292: [GC (Allocation Failure) [PSYoungGen: 66880K->1344K(67584K)] 497697K->432161K(581632K), 0.0021807 secs] [Times: user=0.01 sys=0.00, real=0.00 secs] 
1318.163: [GC (Allocation Failure) [PSYoungGen: 66880K->1360K(67584K)] 497697K->432178K(581632K), 0.0021463 secs] [Times: user=0.00 sys=0.00, real=0.00 secs] 
1318.644: [GC (Allocation Failure) [PSYoungGen: 66896K->1597K(67584K)] 497714K->432415K(581632K), 0.0017215 secs] [Times: user=0.01 sys=0.00, real=0.00 secs] 
1319.029: [GC (Allocation Failure) [PSYoungGen: 67133K->1533K(67584K)] 497951K->432351K(581632K), 0.0018181 secs] [Times: user=0.00 sys=0.00, real=0.00 secs] 
1319.413: [GC (Allocation Failure) [PSYoungGen: 67069K->1552K(67584K)] 497887K->432378K(581632K), 0.0019036 secs] [Times: user=0.00 sys=0.00, real=0.00 secs] 
1319.822: [GC (Allocation Failure) [PSYoungGen: 67088K->1440K(67584K)] 497914K->432265K(581632K), 0.0021270 secs] [Times: user=0.01 sys=0.00, real=0.00 secs] 
1320.159: [GC (Allocation Failure) [PSYoungGen: 66976K->1344K(67584K)] 497801K->432185K(581632K), 0.0020994 secs] [Times: user=0.00 sys=0.00, real=0.00 secs] 
1320.560: [GC (Allocation Failure) [PSYoungGen: 66880K->1360K(67584K)] 497721K->432202K(581632K), 0.0019984 secs] [Times: user=0.01 sys=0.00, real=0.00 secs] 
1321.172: [GC (Allocation Failure) [PSYoungGen: 66896K->1344K(67584K)] 497738K->432185K(581632K), 0.0025653 secs] [Times: user=0.01 sys=0.00, real=0.00 secs] 
1321.808: [GC (Allocation Failure) [PSYoungGen: 66880K->1344K(67584K)] 497721K->432185K(581632K), 0.0037959 secs] [Times: user=0.02 sys=0.00, real=0.01 secs] 
1322.359: [GC (Allocation Failure) [PSYoungGen: 66880K->1565K(67584K)] 497721K->432407K(581632K), 0.0017228 secs] [Times: user=0.01 sys=0.00, real=0.00 secs] 
1322.742: [GC (Allocation Failure) [PSYoungGen: 67101K->1568K(67584K)] 497943K->432410K(581632K), 0.0017810 secs] [Times: user=0.01 sys=0.00, real=0.00 secs] 
1323.130: [GC (Allocation Failure) [PSYoungGen: 67104K->1552K(67584K)] 497946K->432402K(581632K), 0.0018118 secs] [Times: user=0.01 sys=0.00, real=0.00 secs] 
1323.497: [GC (Allocation Failure) [PSYoungGen: 67088K->1440K(67584K)] 497938K->432289K(581632K), 0.0018147 secs] [Times: user=0.01 sys=0.00, real=0.00 secs] 
1323.769: [GC (Allocation Failure) [PSYoungGen: 66976K->1344K(67584K)] 497825K->432193K(581632K), 0.0016385 secs] [Times: user=0.00 sys=0.00, real=0.00 secs] 
1324.041: [GC (Allocation Failure) [PSYoungGen: 66880K->1376K(67584K)] 497729K->432225K(581632K), 0.0017512 secs] [Times: user=0.00 sys=0.00, real=0.00 secs] 
1324.313: [GC (Allocation Failure) [PSYoungGen: 66912K->1344K(67584K)] 497761K->432193K(581632K), 0.0016556 secs] [Times: user=0.01 sys=0.00, real=0.00 secs] 
1324.713: [GC (Allocation Failure) [PSYoungGen: 66880K->1376K(67584K)] 497729K->432225K(581632K), 0.0019085 secs] [Times: user=0.01 sys=0.00, real=0.00 secs] 
1325.149: [GC (Allocation Failure) [PSYoungGen: 66912K->1568K(67584K)] 497761K->432418K(581632K), 0.0017193 secs] [Times: user=0.01 sys=0.00, real=0.00 secs] 
1325.532: [GC (Allocation Failure) [PSYoungGen: 67104K->1549K(67584K)] 497954K->432399K(581632K), 0.0017899 secs] [Times: user=0.00 sys=0.00, real=0.00 secs] 
1325.915: [GC (Allocation Failure) [PSYoungGen: 67085K->1581K(67584K)] 497935K->432439K(581632K), 0.0017158 secs] [Times: user=0.01 sys=0.00, real=0.00 secs] 
1326.496: [GC (Allocation Failure) [PSYoungGen: 67117K->1472K(67584K)] 497975K->432329K(581632K), 0.0021092 secs] [Times: user=0.01 sys=0.00, real=0.00 secs] 
1327.112: [GC (Allocation Failure) [PSYoungGen: 67008K->1344K(67584K)] 497865K->432201K(581632K), 0.0023227 secs] [Times: user=0.01 sys=0.00, real=0.00 secs] 
1327.644: [GC (Allocation Failure) [PSYoungGen: 66880K->1376K(67584K)] 497737K->432233K(581632K), 0.0024394 secs] [Times: user=0.01 sys=0.00, real=0.00 secs] 
1328.158: [GC (Allocation Failure) [PSYoungGen: 66912K->1344K(67584K)] 497769K->432201K(581632K), 0.0021794 secs] [Times: user=0.00 sys=0.00, real=0.01 secs] 
1328.671: [GC (Allocation Failure) [PSYoungGen: 66880K->1376K(67584K)] 497737K->432249K(581632K), 0.0027301 secs] [Times: user=0.01 sys=0.00, real=0.00 secs] 
1329.205: [GC (Allocation Failure) [PSYoungGen: 66912K->1520K(67584K)] 497785K->432394K(581632K), 0.0017466 secs] [Times: user=0.01 sys=0.00, real=0.00 secs] 
1329.654: [GC (Allocation Failure) [PSYoungGen: 67056K->1520K(67584K)] 497930K->432394K(581632K), 0.0019711 secs] [Times: user=0.00 sys=0.00, real=0.00 secs] 
1330.038: [GC (Allocation Failure) [PSYoungGen: 67056K->1520K(67584K)] 497930K->432402K(581632K), 0.0019503 secs] [Times: user=0.01 sys=0.00, real=0.01 secs] 
1330.447: [GC (Allocation Failure) [PSYoungGen: 67056K->1456K(67584K)] 497938K->432338K(581632K), 0.0021677 secs] [Times: user=0.00 sys=0.00, real=0.01 secs] 
1330.741: [GC (Allocation Failure) [PSYoungGen: 66992K->1376K(67584K)] 497874K->432257K(581632K), 0.0026264 secs] [Times: user=0.02 sys=0.00, real=0.00 secs] 
1331.079: [GC (Allocation Failure) [PSYoungGen: 66912K->1344K(67584K)] 497793K->432225K(581632K), 0.0022643 secs] [Times: user=0.01 sys=0.00, real=0.00 secs] 
1331.647: [GC (Allocation Failure) [PSYoungGen: 66880K->1344K(67584K)] 497761K->432225K(581632K), 0.0022397 secs] [Times: user=0.01 sys=0.00, real=0.01 secs] 
1332.179: [GC (Allocation Failure) [PSYoungGen: 66880K->1344K(67584K)] 497761K->432225K(581632K), 0.0021956 secs] [Times: user=0.01 sys=0.00, real=0.00 secs] 
1332.648: [GC (Allocation Failure) [PSYoungGen: 66880K->1568K(67584K)] 497761K->432450K(581632K), 0.0017105 secs] [Times: user=0.00 sys=0.00, real=0.01 secs] 
1333.032: [GC (Allocation Failure) [PSYoungGen: 67104K->1549K(67584K)] 497986K->432431K(581632K), 0.0018293 secs] [Times: user=0.01 sys=0.00, real=0.00 secs] 
1333.417: [GC (Allocation Failure) [PSYoungGen: 67085K->1613K(67584K)] 497967K->432503K(581632K), 0.0017040 secs] [Times: user=0.01 sys=0.00, real=0.00 secs] 
1333.811: [GC (Allocation Failure) [PSYoungGen: 67149K->1472K(67584K)] 498039K->432361K(581632K), 0.0016745 secs] [Times: user=0.01 sys=0.00, real=0.00 secs] 
1334.136: [GC (Allocation Failure) [PSYoungGen: 67008K->1376K(67584K)] 497897K->432273K(581632K), 0.0018148 secs] [Times: user=0.01 sys=0.00, real=0.00 secs] 
1334.445: [GC (Allocation Failure) [PSYoungGen: 66912K->1344K(67584K)] 497809K->432241K(581632K), 0.0019473 secs] [Times: user=0.01 sys=0.00, real=0.00 secs] 
1334.889: [GC (Allocation Failure) [PSYoungGen: 66880K->1376K(67584K)] 497777K->432281K(581632K), 0.0025904 secs] [Times: user=0.01 sys=0.00, real=0.00 secs] 
1335.464: [GC (Allocation Failure) [PSYoungGen: 66912K->1344K(67584K)] 497817K->432249K(581632K), 0.0026064 secs] [Times: user=0.01 sys=0.00, real=0.00 secs] 
1336.115: [GC (Allocation Failure) [PSYoungGen: 66880K->1536K(67584K)] 497785K->432442K(581632K), 0.0017405 secs] [Times: user=0.01 sys=0.00, real=0.00 secs] 
1336.558: [GC (Allocation Failure) [PSYoungGen: 67072K->1613K(67584K)] 497978K->432519K(581632K), 0.0019429 secs] [Times: user=0.01 sys=0.00, real=0.01 secs] 
1336.941: [GC (Allocation Failure) [PSYoungGen: 67149K->1565K(67584K)] 498055K->432479K(581632K), 0.0017213 secs] [Times: user=0.01 sys=0.00, real=0.00 secs] 
1337.537: [GC (Allocation Failure) [PSYoungGen: 67101K->1472K(67584K)] 498015K->432385K(581632K), 0.0026282 secs] [Times: user=0.01 sys=0.00, real=0.01 secs] 
1338.029: [GC (Allocation Failure) [PSYoungGen: 67008K->1376K(67584K)] 497921K->432289K(581632K), 0.0025008 secs] [Times: user=0.01 sys=0.00, real=0.00 secs] 
1338.352: [GC (Allocation Failure) [PSYoungGen: 66912K->1376K(67584K)] 497825K->432289K(581632K), 0.0019522 secs] [Times: user=0.00 sys=0.00, real=0.00 secs] 
1338.657: [GC (Allocation Failure) [PSYoungGen: 66912K->1344K(67584K)] 497825K->432257K(581632K), 0.0021850 secs] [Times: user=0.01 sys=0.00, real=0.01 secs] 
1339.029: [GC (Allocation Failure) [PSYoungGen: 66880K->1312K(67584K)] 497793K->432241K(581632K), 0.0029548 secs] [Times: user=0.01 sys=0.00, real=0.00 secs] 
1339.584: [GC (Allocation Failure) [PSYoungGen: 66848K->1568K(67584K)] 497777K->432498K(581632K), 0.0017119 secs] [Times: user=0.01 sys=0.00, real=0.00 secs] 
1340.025: [GC (Allocation Failure) [PSYoungGen: 67104K->1581K(67584K)] 498034K->432511K(581632K), 0.0017758 secs] [Times: user=0.01 sys=0.00, real=0.00 secs] 
1340.408: [GC (Allocation Failure) [PSYoungGen: 67117K->1581K(67584K)] 498047K->432519K(581632K), 0.0019265 secs] [Times: user=0.00 sys=0.00, real=0.01 secs] 
1341.020: [GC (Allocation Failure) [PSYoungGen: 67117K->1440K(67584K)] 498055K->432377K(581632K), 0.0024294 secs] [Times: user=0.01 sys=0.00, real=0.00 secs] 
1341.702: [GC (Allocation Failure) [PSYoungGen: 66976K->1376K(67584K)] 497913K->432313K(581632K), 0.0028549 secs] [Times: user=0.01 sys=0.00, real=0.00 secs] 
1342.299: [GC (Allocation Failure) [PSYoungGen: 66912K->1360K(67584K)] 497849K->432298K(581632K), 0.0027593 secs] [Times: user=0.02 sys=0.00, real=0.00 secs] 
1342.685: [GC (Allocation Failure) [PSYoungGen: 66896K->1344K(67584K)] 497834K->432281K(581632K), 0.0022404 secs] [Times: user=0.01 sys=0.00, real=0.00 secs] 
1343.262: [GC (Allocation Failure) [PSYoungGen: 66880K->1408K(67584K)] 497817K->432345K(581632K), 0.0025174 secs] [Times: user=0.01 sys=0.00, real=0.00 secs] 
1343.770: [GC (Allocation Failure) [PSYoungGen: 66944K->1549K(67584K)] 497881K->432487K(581632K), 0.0016921 secs] [Times: user=0.01 sys=0.00, real=0.00 secs] 
1344.211: [GC (Allocation Failure) [PSYoungGen: 67085K->1552K(67584K)] 498023K->432490K(581632K), 0.0017168 secs] [Times: user=0.01 sys=0.00, real=0.00 secs] 
1344.657: [GC (Allocation Failure) [PSYoungGen: 67088K->1520K(67584K)] 498026K->432474K(581632K), 0.0017182 secs] [Times: user=0.01 sys=0.00, real=0.00 secs] 
1345.060: [GC (Allocation Failure) [PSYoungGen: 67056K->1472K(67584K)] 498010K->432425K(581632K), 0.0021483 secs] [Times: user=0.01 sys=0.00, real=0.00 secs] 
1345.354: [GC (Allocation Failure) [PSYoungGen: 67008K->1376K(67584K)] 497961K->432329K(581632K), 0.0022449 secs] [Times: user=0.01 sys=0.00, real=0.00 secs] 
1345.628: [GC (Allocation Failure) [PSYoungGen: 66912K->1376K(67584K)] 497865K->432329K(581632K), 0.0020544 secs] [Times: user=0.00 sys=0.00, real=0.01 secs] 
1345.901: [GC (Allocation Failure) [PSYoungGen: 66912K->1360K(67584K)] 497865K->432314K(581632K), 0.0021310 secs] [Times: user=0.00 sys=0.00, real=0.00 secs] 
1346.192: [GC (Allocation Failure) [PSYoungGen: 66896K->1344K(67584K)] 497850K->432297K(581632K), 0.0019758 secs] [Times: user=0.01 sys=0.00, real=0.00 secs] 
1346.596: [GC (Allocation Failure) [PSYoungGen: 66880K->1536K(67584K)] 497833K->432490K(581632K), 0.0017993 secs] [Times: user=0.01 sys=0.00, real=0.00 secs] 
1346.978: [GC (Allocation Failure) [PSYoungGen: 67072K->1613K(67584K)] 498026K->432567K(581632K), 0.0017330 secs] [Times: user=0.01 sys=0.00, real=0.01 secs] 
1347.422: [GC (Allocation Failure) [PSYoungGen: 67149K->1613K(67584K)] 498103K->432591K(581632K), 0.0017834 secs] [Times: user=0.01 sys=0.00, real=0.00 secs] 
1347.915: [GC (Allocation Failure) [PSYoungGen: 67149K->1472K(67584K)] 498127K->432450K(581632K), 0.0026309 secs] [Times: user=0.01 sys=0.00, real=0.00 secs] 
1348.550: [GC (Allocation Failure) [PSYoungGen: 67008K->1344K(67584K)] 497986K->432322K(581632K), 0.0026789 secs] [Times: user=0.01 sys=0.00, real=0.00 secs] 
1349.157: [GC (Allocation Failure) [PSYoungGen: 66880K->1376K(67584K)] 497858K->432370K(581632K), 0.0023340 secs] [Times: user=0.02 sys=0.00, real=0.01 secs] 
1349.708: [GC (Allocation Failure) [PSYoungGen: 66912K->1376K(67584K)] 497906K->432370K(581632K), 0.0024354 secs] [Times: user=0.01 sys=0.00, real=0.01 secs] 
1350.150: [GC (Allocation Failure) [PSYoungGen: 66912K->1312K(67584K)] 497906K->432306K(581632K), 0.0022208 secs] [Times: user=0.01 sys=0.00, real=0.00 secs] 
1350.543: [GC (Allocation Failure) [PSYoungGen: 66848K->1501K(67584K)] 497842K->432495K(581632K), 0.0016617 secs] [Times: user=0.01 sys=0.00, real=0.00 secs] 
1350.926: [GC (Allocation Failure) [PSYoungGen: 67037K->1549K(67584K)] 498031K->432543K(581632K), 0.0016972 secs] [Times: user=0.00 sys=0.00, real=0.00 secs] 
1351.310: [GC (Allocation Failure) [PSYoungGen: 67085K->1520K(67584K)] 498079K->432522K(581632K), 0.0017172 secs] [Times: user=0.01 sys=0.00, real=0.00 secs] 
1351.767: [GC (Allocation Failure) [PSYoungGen: 67056K->1472K(67584K)] 498058K->432474K(581632K), 0.0019688 secs] [Times: user=0.01 sys=0.00, real=0.01 secs] 
1352.369: [GC (Allocation Failure) [PSYoungGen: 67008K->1376K(67584K)] 498010K->432378K(581632K), 0.0018396 secs] [Times: user=0.00 sys=0.00, real=0.00 secs] 
1352.677: [GC (Allocation Failure) [PSYoungGen: 66912K->1376K(67584K)] 497914K->432378K(581632K), 0.0017844 secs] [Times: user=0.01 sys=0.00, real=0.01 secs] 
1352.949: [GC (Allocation Failure) [PSYoungGen: 66912K->1376K(67584K)] 497914K->432378K(581632K), 0.0017925 secs] [Times: user=0.01 sys=0.00, real=0.00 secs] 
1353.221: [GC (Allocation Failure) [PSYoungGen: 66912K->1376K(67584K)] 497914K->432378K(581632K), 0.0018182 secs] [Times: user=0.00 sys=0.00, real=0.00 secs] 
1353.804: [GC (Allocation Failure) [PSYoungGen: 66912K->1536K(67584K)] 497914K->432538K(581632K), 0.0017481 secs] [Times: user=0.01 sys=0.00, real=0.00 secs] 
1354.245: [GC (Allocation Failure) [PSYoungGen: 67072K->1565K(67584K)] 498074K->432567K(581632K), 0.0018846 secs] [Times: user=0.01 sys=0.00, real=0.00 secs] 
1354.694: [GC (Allocation Failure) [PSYoungGen: 67101K->1581K(67584K)] 498103K->432591K(581632K), 0.0017621 secs] [Times: user=0.00 sys=0.00, real=0.00 secs] 
1355.105: [GC (Allocation Failure) [PSYoungGen: 67117K->1504K(67584K)] 498127K->432514K(581632K), 0.0021576 secs] [Times: user=0.01 sys=0.00, real=0.00 secs] 
1355.390: [GC (Allocation Failure) [PSYoungGen: 67040K->1376K(67584K)] 498050K->432386K(581632K), 0.0023864 secs] [Times: user=0.01 sys=0.00, real=0.00 secs] 
1355.736: [GC (Allocation Failure) [PSYoungGen: 66912K->1392K(67584K)] 497922K->432402K(581632K), 0.0031679 secs] [Times: user=0.01 sys=0.00, real=0.01 secs] 
1356.499: [GC (Allocation Failure) [PSYoungGen: 66928K->1376K(67584K)] 497938K->432386K(581632K), 0.0028222 secs] [Times: user=0.01 sys=0.00, real=0.00 secs] 
1357.273: [GC (Allocation Failure) [PSYoungGen: 66912K->1376K(67584K)] 497922K->432386K(581632K), 0.0028108 secs] [Times: user=0.01 sys=0.00, real=0.00 secs] 
1357.762: [GC (Allocation Failure) [PSYoungGen: 66912K->1520K(67584K)] 497922K->432530K(581632K), 0.0016981 secs] [Times: user=0.00 sys=0.00, real=0.00 secs] 
1358.146: [GC (Allocation Failure) [PSYoungGen: 67056K->1568K(67584K)] 498066K->432578K(581632K), 0.0018055 secs] [Times: user=0.01 sys=0.00, real=0.00 secs] 
1358.533: [GC (Allocation Failure) [PSYoungGen: 67104K->1536K(67584K)] 498114K->432554K(581632K), 0.0017156 secs] [Times: user=0.01 sys=0.00, real=0.00 secs] 
1358.900: [GC (Allocation Failure) [PSYoungGen: 67072K->1472K(67584K)] 498090K->432506K(581632K), 0.0018670 secs] [Times: user=0.01 sys=0.00, real=0.00 secs] 
1359.240: [GC (Allocation Failure) [PSYoungGen: 67008K->1344K(67584K)] 498042K->432378K(581632K), 0.0019731 secs] [Times: user=0.01 sys=0.00, real=0.00 secs] 
1359.557: [GC (Allocation Failure) [PSYoungGen: 66880K->1344K(67584K)] 497914K->432378K(581632K), 0.0018632 secs] [Times: user=0.00 sys=0.00, real=0.01 secs] 
1359.847: [GC (Allocation Failure) [PSYoungGen: 66880K->1376K(67584K)] 497914K->432410K(581632K), 0.0019563 secs] [Times: user=0.01 sys=0.00, real=0.01 secs] 
1360.163: [GC (Allocation Failure) [PSYoungGen: 66912K->1376K(67584K)] 497946K->432410K(581632K), 0.0019590 secs] [Times: user=0.00 sys=0.00, real=0.00 secs] 
1360.565: [GC (Allocation Failure) [PSYoungGen: 66912K->1613K(67584K)] 497946K->432647K(581632K), 0.0018623 secs] [Times: user=0.00 sys=0.00, real=0.00 secs] 
1360.948: [GC (Allocation Failure) [PSYoungGen: 67149K->1533K(67584K)] 498183K->432567K(581632K), 0.0017597 secs] [Times: user=0.01 sys=0.00, real=0.01 secs] 
1361.333: [GC (Allocation Failure) [PSYoungGen: 67069K->1581K(67584K)] 498103K->432623K(581632K), 0.0017240 secs] [Times: user=0.01 sys=0.00, real=0.00 secs] 
1361.814: [GC (Allocation Failure) [PSYoungGen: 67117K->1504K(67584K)] 498159K->432546K(581632K), 0.0021832 secs] [Times: user=0.01 sys=0.00, real=0.00 secs] 
1362.346: [GC (Allocation Failure) [PSYoungGen: 67040K->1328K(67584K)] 498082K->432370K(581632K), 0.0027844 secs] [Times: user=0.01 sys=0.00, real=0.01 secs] 
1362.641: [GC (Allocation Failure) [PSYoungGen: 66864K->1376K(67584K)] 497906K->432418K(581632K), 0.0021897 secs] [Times: user=0.01 sys=0.00, real=0.00 secs] 
1363.348: [GC (Allocation Failure) [PSYoungGen: 66912K->1376K(67584K)] 497954K->432418K(581632K), 0.0025467 secs] [Times: user=0.01 sys=0.00, real=0.01 secs] 
1364.009: [GC (Allocation Failure) [PSYoungGen: 66912K->1376K(67584K)] 497954K->432418K(581632K), 0.0025364 secs] [Times: user=0.01 sys=0.00, real=0.00 secs] 
1364.714: [GC (Allocation Failure) [PSYoungGen: 66912K->1552K(67584K)] 497954K->432594K(581632K), 0.0017653 secs] [Times: user=0.01 sys=0.00, real=0.00 secs] 
1365.097: [GC (Allocation Failure) [PSYoungGen: 67088K->1533K(67584K)] 498130K->432575K(581632K), 0.0017208 secs] [Times: user=0.01 sys=0.00, real=0.00 secs] 
1365.480: [GC (Allocation Failure) [PSYoungGen: 67069K->1504K(67584K)] 498111K->432554K(581632K), 0.0018154 secs] [Times: user=0.01 sys=0.00, real=0.00 secs] 
1365.924: [GC (Allocation Failure) [PSYoungGen: 67040K->1504K(67584K)] 498090K->432554K(581632K), 0.0022090 secs] [Times: user=0.01 sys=0.00, real=0.00 secs] 
1366.216: [GC (Allocation Failure) [PSYoungGen: 67040K->1360K(67584K)] 498090K->432410K(581632K), 0.0019961 secs] [Times: user=0.01 sys=0.00, real=0.00 secs] 
1366.499: [GC (Allocation Failure) [PSYoungGen: 66896K->1344K(67584K)] 497946K->432394K(581632K), 0.0018710 secs] [Times: user=0.01 sys=0.00, real=0.00 secs] 
1366.819: [GC (Allocation Failure) [PSYoungGen: 66880K->1408K(67584K)] 497930K->432458K(581632K), 0.0021267 secs] [Times: user=0.01 sys=0.00, real=0.00 secs] 
1367.272: [GC (Allocation Failure) [PSYoungGen: 66944K->1344K(67584K)] 497994K->432394K(581632K), 0.0019910 secs] [Times: user=0.00 sys=0.00, real=0.00 secs] 
1367.687: [GC (Allocation Failure) [PSYoungGen: 66880K->1536K(67584K)] 497930K->432586K(581632K), 0.0016623 secs] [Times: user=0.01 sys=0.00, real=0.01 secs] 
1368.133: [GC (Allocation Failure) [PSYoungGen: 67072K->1565K(67584K)] 498122K->432615K(581632K), 0.0017921 secs] [Times: user=0.01 sys=0.00, real=0.00 secs] 
1368.519: [GC (Allocation Failure) [PSYoungGen: 67101K->1568K(67584K)] 498151K->432626K(581632K), 0.0017237 secs] [Times: user=0.00 sys=0.00, real=0.00 secs] 
1369.654: [GC (Allocation Failure) [PSYoungGen: 67104K->1472K(67584K)] 498162K->432546K(581632K), 0.0032525 secs] [Times: user=0.01 sys=0.00, real=0.00 secs] 
1370.140: [GC (Allocation Failure) [PSYoungGen: 67008K->1360K(67584K)] 498082K->432434K(581632K), 0.0021874 secs] [Times: user=0.01 sys=0.00, real=0.00 secs] 
1370.410: [GC (Allocation Failure) [PSYoungGen: 66896K->1312K(67584K)] 497970K->432386K(581632K), 0.0021008 secs] [Times: user=0.01 sys=0.00, real=0.00 secs] 
1370.682: [GC (Allocation Failure) [PSYoungGen: 66848K->1344K(67584K)] 497922K->432418K(581632K), 0.0019182 secs] [Times: user=0.01 sys=0.00, real=0.00 secs] 
1370.954: [GC (Allocation Failure) [PSYoungGen: 66880K->1360K(67584K)] 497954K->432434K(581632K), 0.0019615 secs] [Times: user=0.01 sys=0.00, real=0.00 secs] 
1371.343: [GC (Allocation Failure) [PSYoungGen: 66896K->1501K(67584K)] 497970K->432575K(581632K), 0.0016702 secs] [Times: user=0.01 sys=0.00, real=0.00 secs] 
1371.779: [GC (Allocation Failure) [PSYoungGen: 67037K->1581K(67584K)] 498111K->432655K(581632K), 0.0017561 secs] [Times: user=0.01 sys=0.00, real=0.00 secs] 
1372.162: [GC (Allocation Failure) [PSYoungGen: 67117K->1581K(67584K)] 498191K->432663K(581632K), 0.0019149 secs] [Times: user=0.01 sys=0.00, real=0.00 secs] 
1372.598: [GC (Allocation Failure) [PSYoungGen: 67117K->1504K(67584K)] 498199K->432586K(581632K), 0.0019821 secs] [Times: user=0.01 sys=0.00, real=0.01 secs] 
1372.872: [GC (Allocation Failure) [PSYoungGen: 67040K->1408K(67584K)] 498122K->432490K(581632K), 0.0022061 secs] [Times: user=0.01 sys=0.00, real=0.00 secs] 
1373.144: [GC (Allocation Failure) [PSYoungGen: 66944K->1344K(67584K)] 498026K->432426K(581632K), 0.0022042 secs] [Times: user=0.01 sys=0.00, real=0.00 secs] 
1373.523: [GC (Allocation Failure) [PSYoungGen: 66880K->1376K(67584K)] 497962K->432458K(581632K), 0.0022055 secs] [Times: user=0.00 sys=0.00, real=0.00 secs] 
1374.046: [GC (Allocation Failure) [PSYoungGen: 66912K->1376K(67584K)] 497994K->432458K(581632K), 0.0024136 secs] [Times: user=0.01 sys=0.00, real=0.00 secs] 
1374.538: [GC (Allocation Failure) [PSYoungGen: 66912K->1581K(67584K)] 497994K->432663K(581632K), 0.0016976 secs] [Times: user=0.00 sys=0.00, real=0.01 secs] 
1374.922: [GC (Allocation Failure) [PSYoungGen: 67117K->1533K(67584K)] 498199K->432615K(581632K), 0.0018219 secs] [Times: user=0.01 sys=0.00, real=0.00 secs] 
1375.306: [GC (Allocation Failure) [PSYoungGen: 67069K->1533K(67584K)] 498151K->432623K(581632K), 0.0017246 secs] [Times: user=0.01 sys=0.00, real=0.00 secs] 
1375.726: [GC (Allocation Failure) [PSYoungGen: 67069K->1536K(67584K)] 498159K->432626K(581632K), 0.0022402 secs] [Times: user=0.01 sys=0.00, real=0.00 secs] 
1375.999: [GC (Allocation Failure) [PSYoungGen: 67072K->1376K(67584K)] 498162K->432466K(581632K), 0.0019530 secs] [Times: user=0.00 sys=0.00, real=0.00 secs] 
1376.272: [GC (Allocation Failure) [PSYoungGen: 66912K->1408K(67584K)] 498002K->432498K(581632K), 0.0019370 secs] [Times: user=0.01 sys=0.00, real=0.00 secs] 
1376.585: [GC (Allocation Failure) [PSYoungGen: 66944K->1376K(67584K)] 498034K->432466K(581632K), 0.0019702 secs] [Times: user=0.01 sys=0.00, real=0.00 secs] 
1377.123: [GC (Allocation Failure) [PSYoungGen: 66912K->1344K(67584K)] 498002K->432434K(581632K), 0.0020085 secs] [Times: user=0.01 sys=0.00, real=0.00 secs] 
1377.591: [GC (Allocation Failure) [PSYoungGen: 66880K->1584K(67584K)] 497970K->432674K(581632K), 0.0017451 secs] [Times: user=0.01 sys=0.00, real=0.00 secs] 
1377.973: [GC (Allocation Failure) [PSYoungGen: 67120K->1549K(67584K)] 498210K->432639K(581632K), 0.0017743 secs] [Times: user=0.01 sys=0.00, real=0.00 secs] 
1378.426: [GC (Allocation Failure) [PSYoungGen: 67085K->1520K(67584K)] 498175K->432634K(581632K), 0.0019891 secs] [Times: user=0.01 sys=0.00, real=0.00 secs] 
1378.892: [GC (Allocation Failure) [PSYoungGen: 67056K->1504K(67584K)] 498170K->432618K(581632K), 0.0021606 secs] [Times: user=0.01 sys=0.00, real=0.00 secs] 
1379.165: [GC (Allocation Failure) [PSYoungGen: 67040K->1312K(67584K)] 498154K->432426K(581632K), 0.0020280 secs] [Times: user=0.01 sys=0.00, real=0.00 secs] 
1379.544: [GC (Allocation Failure) [PSYoungGen: 66848K->1376K(67584K)] 497962K->432490K(581632K), 0.0021545 secs] [Times: user=0.01 sys=0.00, real=0.00 secs] 
1380.017: [GC (Allocation Failure) [PSYoungGen: 66912K->1376K(67584K)] 498026K->432490K(581632K), 0.0020868 secs] [Times: user=0.01 sys=0.00, real=0.01 secs] 
1380.558: [GC (Allocation Failure) [PSYoungGen: 66912K->1376K(67584K)] 498026K->432490K(581632K), 0.0021794 secs] [Times: user=0.01 sys=0.00, real=0.01 secs] 
1381.036: [GC (Allocation Failure) [PSYoungGen: 66912K->1536K(67584K)] 498026K->432650K(581632K), 0.0017062 secs] [Times: user=0.00 sys=0.00, real=0.00 secs] 
1381.481: [GC (Allocation Failure) [PSYoungGen: 67072K->1613K(67584K)] 498186K->432727K(581632K), 0.0019456 secs] [Times: user=0.01 sys=0.00, real=0.00 secs] 
1381.918: [GC (Allocation Failure) [PSYoungGen: 67149K->1613K(67584K)] 498263K->432735K(581632K), 0.0019843 secs] [Times: user=0.01 sys=0.00, real=0.01 secs] 
1382.393: [GC (Allocation Failure) [PSYoungGen: 67149K->1504K(67584K)] 498271K->432626K(581632K), 0.0023368 secs] [Times: user=0.01 sys=0.00, real=0.00 secs] 
1382.666: [GC (Allocation Failure) [PSYoungGen: 67040K->1376K(67584K)] 498162K->432498K(581632K), 0.0021444 secs] [Times: user=0.01 sys=0.00, real=0.00 secs] 
1383.007: [GC (Allocation Failure) [PSYoungGen: 66912K->1376K(67584K)] 498034K->432498K(581632K), 0.0021237 secs] [Times: user=0.01 sys=0.00, real=0.01 secs] 
1383.342: [GC (Allocation Failure) [PSYoungGen: 66912K->1376K(67584K)] 498034K->432498K(581632K), 0.0026441 secs] [Times: user=0.01 sys=0.00, real=0.00 secs] 
1383.615: [GC (Allocation Failure) [PSYoungGen: 66912K->1360K(67584K)] 498034K->432482K(581632K), 0.0018603 secs] [Times: user=0.01 sys=0.00, real=0.00 secs] 
1384.004: [GC (Allocation Failure) [PSYoungGen: 66896K->1533K(67584K)] 498018K->432655K(581632K), 0.0016647 secs] [Times: user=0.01 sys=0.00, real=0.00 secs] 
1384.389: [GC (Allocation Failure) [PSYoungGen: 67069K->1501K(67584K)] 498191K->432623K(581632K), 0.0017199 secs] [Times: user=0.01 sys=0.00, real=0.01 secs] 
1384.772: [GC (Allocation Failure) [PSYoungGen: 67037K->1581K(67584K)] 498159K->432711K(581632K), 0.0016967 secs] [Times: user=0.00 sys=0.00, real=0.00 secs] 
1385.208: [GC (Allocation Failure) [PSYoungGen: 67117K->1472K(67584K)] 498247K->432602K(581632K), 0.0019646 secs] [Times: user=0.01 sys=0.00, real=0.01 secs] 
1385.997: [GC (Allocation Failure) [PSYoungGen: 67008K->1376K(67584K)] 498138K->432506K(581632K), 0.0025310 secs] [Times: user=0.01 sys=0.00, real=0.01 secs] 
1386.710: [GC (Allocation Failure) [PSYoungGen: 66912K->1376K(67584K)] 498042K->432506K(581632K), 0.0023033 secs] [Times: user=0.01 sys=0.00, real=0.00 secs] 
1387.556: [GC (Allocation Failure) [PSYoungGen: 66912K->1376K(67584K)] 498042K->432506K(581632K), 0.0032827 secs] [Times: user=0.01 sys=0.00, real=0.01 secs] 
1388.376: [GC (Allocation Failure) [PSYoungGen: 66912K->1344K(67584K)] 498042K->432474K(581632K), 0.0032764 secs] [Times: user=0.01 sys=0.00, real=0.01 secs] 
1388.903: [GC (Allocation Failure) [PSYoungGen: 66880K->1565K(67584K)] 498010K->432695K(581632K), 0.0017292 secs] [Times: user=0.00 sys=0.00, real=0.00 secs] 
1389.346: [GC (Allocation Failure) [PSYoungGen: 67101K->1568K(67584K)] 498231K->432698K(581632K), 0.0018392 secs] [Times: user=0.01 sys=0.00, real=0.00 secs] 
1389.729: [GC (Allocation Failure) [PSYoungGen: 67104K->1597K(67584K)] 498234K->432751K(581632K), 0.0019566 secs] [Times: user=0.01 sys=0.00, real=0.00 secs] 
1390.323: [GC (Allocation Failure) [PSYoungGen: 67133K->1472K(67584K)] 498287K->432626K(581632K), 0.0024852 secs] [Times: user=0.01 sys=0.00, real=0.00 secs] 
1390.887: [GC (Allocation Failure) [PSYoungGen: 67008K->1344K(67584K)] 498162K->432498K(581632K), 0.0022224 secs] [Times: user=0.01 sys=0.00, real=0.01 secs] 
1391.159: [GC (Allocation Failure) [PSYoungGen: 66880K->1344K(67584K)] 498034K->432498K(581632K), 0.0019198 secs] [Times: user=0.01 sys=0.00, real=0.00 secs] 
1391.431: [GC (Allocation Failure) [PSYoungGen: 66880K->1344K(67584K)] 498034K->432498K(581632K), 0.0020062 secs] [Times: user=0.01 sys=0.00, real=0.00 secs] 
1391.704: [GC (Allocation Failure) [PSYoungGen: 66880K->1360K(67584K)] 498034K->432514K(581632K), 0.0020320 secs] [Times: user=0.01 sys=0.00, real=0.00 secs] 
1392.097: [GC (Allocation Failure) [PSYoungGen: 66896K->1533K(67584K)] 498050K->432687K(581632K), 0.0017119 secs] [Times: user=0.01 sys=0.00, real=0.00 secs] 
1392.480: [GC (Allocation Failure) [PSYoungGen: 67062K->1533K(67584K)] 498216K->432687K(581632K), 0.0018822 secs] [Times: user=0.01 sys=0.00, real=0.00 secs] 
1392.863: [GC (Allocation Failure) [PSYoungGen: 67069K->1533K(67584K)] 498223K->432703K(581632K), 0.0018274 secs] [Times: user=0.01 sys=0.00, real=0.00 secs] 
1393.344: [GC (Allocation Failure) [PSYoungGen: 67069K->1504K(67584K)] 498239K->432674K(581632K), 0.0021465 secs] [Times: user=0.01 sys=0.00, real=0.00 secs] 
1393.767: [GC (Allocation Failure) [PSYoungGen: 67040K->1360K(67584K)] 498210K->432530K(581632K), 0.0018498 secs] [Times: user=0.01 sys=0.00, real=0.01 secs] 
1394.047: [GC (Allocation Failure) [PSYoungGen: 66896K->1344K(67584K)] 498066K->432514K(581632K), 0.0019632 secs] [Times: user=0.01 sys=0.00, real=0.00 secs] 
1394.431: [GC (Allocation Failure) [PSYoungGen: 66880K->1344K(67584K)] 498050K->432514K(581632K), 0.0018339 secs] [Times: user=0.01 sys=0.00, real=0.00 secs] 
1394.870: [GC (Allocation Failure) [PSYoungGen: 66880K->1376K(67584K)] 498050K->432546K(581632K), 0.0019788 secs] [Times: user=0.01 sys=0.00, real=0.00 secs] 
1395.280: [GC (Allocation Failure) [PSYoungGen: 66912K->1520K(67584K)] 498082K->432690K(581632K), 0.0017223 secs] [Times: user=0.01 sys=0.00, real=0.00 secs] 
1395.722: [GC (Allocation Failure) [PSYoungGen: 67026K->1520K(67584K)] 498196K->432690K(581632K), 0.0017408 secs] [Times: user=0.01 sys=0.00, real=0.00 secs] 
1396.105: [GC (Allocation Failure) [PSYoungGen: 67056K->1533K(67584K)] 498226K->432711K(581632K), 0.0018979 secs] [Times: user=0.01 sys=0.00, real=0.00 secs] 
1396.563: [GC (Allocation Failure) [PSYoungGen: 67069K->2016K(67584K)] 498247K->433194K(581632K), 0.0023439 secs] [Times: user=0.01 sys=0.00, real=0.00 secs] 
1397.201: [GC (Allocation Failure) [PSYoungGen: 67552K->1376K(67584K)] 498730K->432554K(581632K), 0.0029875 secs] [Times: user=0.01 sys=0.00, real=0.00 secs] 
1397.574: [GC (Allocation Failure) [PSYoungGen: 66912K->1392K(67584K)] 498090K->432570K(581632K), 0.0022475 secs] [Times: user=0.01 sys=0.00, real=0.00 secs] 
1397.847: [GC (Allocation Failure) [PSYoungGen: 66928K->1376K(67584K)] 498106K->432554K(581632K), 0.0020333 secs] [Times: user=0.01 sys=0.00, real=0.00 secs] 
1398.230: [GC (Allocation Failure) [PSYoungGen: 66912K->1376K(67584K)] 498090K->432562K(581632K), 0.0022047 secs] [Times: user=0.00 sys=0.00, real=0.00 secs] 
1398.776: [GC (Allocation Failure) [PSYoungGen: 66912K->1533K(67584K)] 498098K->432743K(581632K), 0.0018174 secs] [Times: user=0.01 sys=0.00, real=0.00 secs] 
1399.159: [GC (Allocation Failure) [PSYoungGen: 67069K->1520K(67584K)] 498279K->432730K(581632K), 0.0017158 secs] [Times: user=0.01 sys=0.00, real=0.00 secs] 
1399.545: [GC (Allocation Failure) [PSYoungGen: 67056K->1584K(67584K)] 498266K->432802K(581632K), 0.0017199 secs] [Times: user=0.00 sys=0.00, real=0.00 secs] 
1399.939: [GC (Allocation Failure) [PSYoungGen: 67120K->2016K(67584K)] 498338K->433746K(581632K), 0.0022045 secs] [Times: user=0.01 sys=0.00, real=0.01 secs] 
1400.214: [GC (Allocation Failure) [PSYoungGen: 67552K->1360K(67584K)] 499282K->433090K(581632K), 0.0024539 secs] [Times: user=0.01 sys=0.00, real=0.00 secs] 
1400.485: [GC (Allocation Failure) [PSYoungGen: 66896K->1344K(67584K)] 498626K->433074K(581632K), 0.0021276 secs] [Times: user=0.01 sys=0.00, real=0.00 secs] 
1400.781: [GC (Allocation Failure) [PSYoungGen: 66880K->1376K(67584K)] 498610K->433106K(581632K), 0.0020826 secs] [Times: user=0.00 sys=0.00, real=0.00 secs] 
1401.239: [GC (Allocation Failure) [PSYoungGen: 66912K->1312K(67584K)] 498642K->433042K(581632K), 0.0020739 secs] [Times: user=0.01 sys=0.00, real=0.00 secs] 
1401.772: [GC (Allocation Failure) [PSYoungGen: 66848K->1552K(67584K)] 498578K->433282K(581632K), 0.0017225 secs] [Times: user=0.01 sys=0.00, real=0.00 secs] 
1402.155: [GC (Allocation Failure) [PSYoungGen: 67088K->1565K(67584K)] 498818K->433295K(581632K), 0.0017955 secs] [Times: user=0.01 sys=0.00, real=0.00 secs] 
1402.538: [GC (Allocation Failure) [PSYoungGen: 67101K->1581K(67584K)] 498831K->433319K(581632K), 0.0018591 secs] [Times: user=0.01 sys=0.00, real=0.01 secs] 
1403.020: [GC (Allocation Failure) [PSYoungGen: 67117K->1984K(67584K)] 498855K->433722K(581632K), 0.0021556 secs] [Times: user=0.01 sys=0.00, real=0.00 secs] 
1403.304: [GC (Allocation Failure) [PSYoungGen: 67520K->1360K(67584K)] 499258K->433098K(581632K), 0.0025971 secs] [Times: user=0.01 sys=0.00, real=0.00 secs] 
1403.624: [GC (Allocation Failure) [PSYoungGen: 66896K->1376K(67584K)] 498634K->433114K(581632K), 0.0022165 secs] [Times: user=0.01 sys=0.00, real=0.00 secs] 
1403.947: [GC (Allocation Failure) [PSYoungGen: 66912K->1376K(67584K)] 498650K->433114K(581632K), 0.0022031 secs] [Times: user=0.01 sys=0.00, real=0.01 secs] 
1404.225: [GC (Allocation Failure) [PSYoungGen: 66912K->1344K(67584K)] 498650K->433082K(581632K), 0.0020176 secs] [Times: user=0.01 sys=0.00, real=0.00 secs] 
1404.652: [GC (Allocation Failure) [PSYoungGen: 66880K->1536K(67584K)] 498618K->433274K(581632K), 0.0016857 secs] [Times: user=0.00 sys=0.00, real=0.00 secs] 
1405.034: [GC (Allocation Failure) [PSYoungGen: 67045K->1581K(67584K)] 498783K->433319K(581632K), 0.0017209 secs] [Times: user=0.01 sys=0.00, real=0.00 secs] 
1405.418: [GC (Allocation Failure) [PSYoungGen: 67117K->1520K(67584K)] 498855K->433266K(581632K), 0.0016848 secs] [Times: user=0.00 sys=0.00, real=0.01 secs] 
1405.909: [GC (Allocation Failure) [PSYoungGen: 67056K->2032K(67584K)] 498802K->433786K(581632K), 0.0021831 secs] [Times: user=0.01 sys=0.00, real=0.00 secs] 
1406.518: [GC (Allocation Failure) [PSYoungGen: 67568K->1376K(67584K)] 499322K->433130K(581632K), 0.0031693 secs] [Times: user=0.02 sys=0.00, real=0.01 secs] 
1407.041: [GC (Allocation Failure) [PSYoungGen: 66912K->1376K(67584K)] 498666K->433130K(581632K), 0.0034297 secs] [Times: user=0.02 sys=0.00, real=0.00 secs] 
1407.703: [GC (Allocation Failure) [PSYoungGen: 66912K->1328K(67584K)] 498666K->433082K(581632K), 0.0030678 secs] [Times: user=0.02 sys=0.00, real=0.00 secs] 
1408.417: [GC (Allocation Failure) [PSYoungGen: 66864K->1296K(67584K)] 498618K->433050K(581632K), 0.0043493 secs] [Times: user=0.01 sys=0.01, real=0.01 secs] 
1408.990: [GC (Allocation Failure) [PSYoungGen: 66832K->1597K(67584K)] 498586K->433351K(581632K), 0.0017893 secs] [Times: user=0.01 sys=0.00, real=0.00 secs] 
1409.373: [GC (Allocation Failure) [PSYoungGen: 67133K->1581K(67584K)] 498887K->433359K(581632K), 0.0017298 secs] [Times: user=0.01 sys=0.00, real=0.00 secs] 
1409.757: [GC (Allocation Failure) [PSYoungGen: 67117K->1469K(67584K)] 498895K->433255K(581632K), 0.0017757 secs] [Times: user=0.01 sys=0.00, real=0.00 secs] 
1410.154: [GC (Allocation Failure) [PSYoungGen: 67005K->2016K(67584K)] 498791K->433802K(581632K), 0.0020681 secs] [Times: user=0.01 sys=0.00, real=0.00 secs] 
1410.580: [GC (Allocation Failure) [PSYoungGen: 67552K->1344K(67072K)] 499338K->433130K(581120K), 0.0022220 secs] [Times: user=0.01 sys=0.00, real=0.00 secs] 
1411.151: [GC (Allocation Failure) [PSYoungGen: 66880K->1376K(67584K)] 498666K->433162K(581632K), 0.0023362 secs] [Times: user=0.01 sys=0.00, real=0.00 secs] 
1411.880: [GC (Allocation Failure) [PSYoungGen: 66912K->1344K(67584K)] 498698K->433130K(581632K), 0.0029378 secs] [Times: user=0.02 sys=0.00, real=0.00 secs] 
1412.991: [GC (Allocation Failure) [PSYoungGen: 66880K->1344K(67584K)] 498666K->433130K(581632K), 0.0041205 secs] [Times: user=0.02 sys=0.00, real=0.00 secs] 
1413.716: [GC (Allocation Failure) [PSYoungGen: 66880K->1536K(67584K)] 498666K->433322K(581632K), 0.0017610 secs] [Times: user=0.00 sys=0.00, real=0.00 secs] 
1414.100: [GC (Allocation Failure) [PSYoungGen: 67072K->1581K(67584K)] 498858K->433367K(581632K), 0.0017987 secs] [Times: user=0.01 sys=0.00, real=0.00 secs] 
1414.551: [GC (Allocation Failure) [PSYoungGen: 67117K->1565K(67584K)] 498903K->433367K(581632K), 0.0018548 secs] [Times: user=0.01 sys=0.00, real=0.00 secs] 
1415.017: [GC (Allocation Failure) [PSYoungGen: 67101K->1984K(67584K)] 498903K->433786K(581632K), 0.0021760 secs] [Times: user=0.01 sys=0.00, real=0.01 secs] 
1415.292: [GC (Allocation Failure) [PSYoungGen: 67520K->1328K(67072K)] 499322K->433130K(581120K), 0.0022103 secs] [Times: user=0.01 sys=0.00, real=0.00 secs] 
1415.565: [GC (Allocation Failure) [PSYoungGen: 66864K->1344K(67584K)] 498666K->433146K(581632K), 0.0020865 secs] [Times: user=0.01 sys=0.00, real=0.00 secs] 
1415.837: [GC (Allocation Failure) [PSYoungGen: 66880K->1376K(67584K)] 498682K->433178K(581632K), 0.0020303 secs] [Times: user=0.01 sys=0.00, real=0.01 secs] 
1416.110: [GC (Allocation Failure) [PSYoungGen: 66912K->1312K(67584K)] 498714K->433114K(581632K), 0.0021059 secs] [Times: user=0.01 sys=0.00, real=0.00 secs] 
1416.497: [GC (Allocation Failure) [PSYoungGen: 66848K->1568K(67584K)] 498650K->433370K(581632K), 0.0017199 secs] [Times: user=0.01 sys=0.00, real=0.00 secs] 
1416.940: [GC (Allocation Failure) [PSYoungGen: 67104K->1581K(67584K)] 498906K->433383K(581632K), 0.0017871 secs] [Times: user=0.01 sys=0.00, real=0.00 secs] 
1417.325: [GC (Allocation Failure) [PSYoungGen: 67117K->1613K(67584K)] 498919K->433423K(581632K), 0.0019403 secs] [Times: user=0.01 sys=0.00, real=0.00 secs] 
1417.774: [GC (Allocation Failure) [PSYoungGen: 67149K->2016K(67584K)] 498959K->433842K(581632K), 0.0020448 secs] [Times: user=0.01 sys=0.00, real=0.00 secs] 
1418.599: [GC (Allocation Failure) [PSYoungGen: 67552K->1392K(68096K)] 499378K->433218K(582144K), 0.0054862 secs] [Times: user=0.02 sys=0.00, real=0.00 secs] 
1419.307: [GC (Allocation Failure) [PSYoungGen: 66928K->1344K(68096K)] 498754K->433170K(582144K), 0.0030539 secs] [Times: user=0.01 sys=0.00, real=0.01 secs] 
1419.799: [GC (Allocation Failure) [PSYoungGen: 66880K->1344K(67072K)] 498706K->433186K(581120K), 0.0034337 secs] [Times: user=0.02 sys=0.00, real=0.00 secs] 
1420.348: [GC (Allocation Failure) [PSYoungGen: 66880K->1360K(67584K)] 498722K->433202K(581632K), 0.0030406 secs] [Times: user=0.01 sys=0.00, real=0.01 secs] 
1420.841: [GC (Allocation Failure) [PSYoungGen: 66896K->1488K(67584K)] 498738K->433330K(581632K), 0.0016606 secs] [Times: user=0.01 sys=0.00, real=0.00 secs] 
1421.224: [GC (Allocation Failure) [PSYoungGen: 67011K->1549K(67584K)] 498853K->433391K(581632K), 0.0018435 secs] [Times: user=0.01 sys=0.00, real=0.00 secs] 
1421.610: [GC (Allocation Failure) [PSYoungGen: 67085K->1581K(67584K)] 498927K->433439K(581632K), 0.0016774 secs] [Times: user=0.01 sys=0.00, real=0.00 secs] 
1422.054: [GC (Allocation Failure) [PSYoungGen: 67117K->2032K(67584K)] 498975K->433890K(581632K), 0.0020873 secs] [Times: user=0.00 sys=0.00, real=0.00 secs] 
1422.665: [GC (Allocation Failure) [PSYoungGen: 67568K->1344K(68096K)] 499426K->433202K(582144K), 0.0050027 secs] [Times: user=0.02 sys=0.00, real=0.01 secs] 
1423.197: [GC (Allocation Failure) [PSYoungGen: 66880K->1376K(67072K)] 498738K->433234K(581120K), 0.0028887 secs] [Times: user=0.01 sys=0.00, real=0.01 secs] 
1423.770: [GC (Allocation Failure) [PSYoungGen: 66912K->1376K(67584K)] 498770K->433234K(581632K), 0.0025788 secs] [Times: user=0.01 sys=0.00, real=0.00 secs] 
1424.267: [GC (Allocation Failure) [PSYoungGen: 66912K->1344K(67584K)] 498770K->433202K(581632K), 0.0023433 secs] [Times: user=0.01 sys=0.00, real=0.01 secs] 
1424.748: [GC (Allocation Failure) [PSYoungGen: 66880K->1536K(67584K)] 498738K->433394K(581632K), 0.0017259 secs] [Times: user=0.00 sys=0.00, real=0.01 secs] 
1425.132: [GC (Allocation Failure) [PSYoungGen: 67072K->1581K(67584K)] 498930K->433439K(581632K), 0.0017044 secs] [Times: user=0.01 sys=0.00, real=0.00 secs] 
1425.515: [GC (Allocation Failure) [PSYoungGen: 67117K->1581K(67584K)] 498975K->433447K(581632K), 0.0017145 secs] [Times: user=0.01 sys=0.00, real=0.00 secs] 
1426.170: [GC (Allocation Failure) [PSYoungGen: 67117K->1760K(67584K)] 498983K->433634K(581632K), 0.0025307 secs] [Times: user=0.01 sys=0.00, real=0.00 secs] 
1427.047: [GC (Allocation Failure) [PSYoungGen: 67296K->1344K(67584K)] 499170K->433218K(581632K), 0.0022168 secs] [Times: user=0.01 sys=0.00, real=0.01 secs] 
1427.319: [GC (Allocation Failure) [PSYoungGen: 66880K->1376K(67584K)] 498754K->433250K(581632K), 0.0021025 secs] [Times: user=0.01 sys=0.00, real=0.00 secs] 
1427.592: [GC (Allocation Failure) [PSYoungGen: 66912K->1376K(67584K)] 498786K->433250K(581632K), 0.0024128 secs] [Times: user=0.01 sys=0.00, real=0.00 secs] 
1427.866: [GC (Allocation Failure) [PSYoungGen: 66912K->1344K(67584K)] 498786K->433218K(581632K), 0.0024239 secs] [Times: user=0.01 sys=0.00, real=0.00 secs] 
1428.352: [GC (Allocation Failure) [PSYoungGen: 66880K->1533K(67584K)] 498754K->433407K(581632K), 0.0017490 secs] [Times: user=0.00 sys=0.00, real=0.00 secs] 
1428.768: [GC (Allocation Failure) [PSYoungGen: 67069K->1613K(67584K)] 498943K->433487K(581632K), 0.0017905 secs] [Times: user=0.01 sys=0.00, real=0.01 secs] 
1429.212: [GC (Allocation Failure) [PSYoungGen: 67149K->1533K(67584K)] 499023K->433415K(581632K), 0.0018305 secs] [Times: user=0.01 sys=0.00, real=0.00 secs] 
1429.660: [GC (Allocation Failure) [PSYoungGen: 67069K->1792K(67584K)] 498951K->433698K(581632K), 0.0020090 secs] [Times: user=0.01 sys=0.00, real=0.00 secs] 
1430.347: [GC (Allocation Failure) [PSYoungGen: 67328K->1408K(67584K)] 499234K->433314K(581632K), 0.0029736 secs] [Times: user=0.01 sys=0.00, real=0.01 secs] 
1430.899: [GC (Allocation Failure) [PSYoungGen: 66944K->1376K(67584K)] 498850K->433282K(581632K), 0.0027598 secs] [Times: user=0.01 sys=0.00, real=0.01 secs] 
1431.172: [GC (Allocation Failure) [PSYoungGen: 66912K->1344K(67584K)] 498818K->433250K(581632K), 0.0021529 secs] [Times: user=0.01 sys=0.00, real=0.00 secs] 
1431.531: [GC (Allocation Failure) [PSYoungGen: 66880K->1376K(67584K)] 498786K->433282K(581632K), 0.0020021 secs] [Times: user=0.00 sys=0.00, real=0.00 secs] 
1431.936: [GC (Allocation Failure) [PSYoungGen: 66912K->1552K(67584K)] 498818K->433458K(581632K), 0.0017693 secs] [Times: user=0.00 sys=0.00, real=0.00 secs] 
1432.319: [GC (Allocation Failure) [PSYoungGen: 67088K->1597K(67584K)] 498994K->433503K(581632K), 0.0017203 secs] [Times: user=0.01 sys=0.00, real=0.00 secs] 
1432.706: [GC (Allocation Failure) [PSYoungGen: 67133K->1568K(67584K)] 499039K->433482K(581632K), 0.0017111 secs] [Times: user=0.00 sys=0.00, real=0.00 secs] 
1433.435: [GC (Allocation Failure) [PSYoungGen: 67104K->1792K(67584K)] 499018K->433714K(581632K), 0.0025911 secs] [Times: user=0.01 sys=0.00, real=0.00 secs] 
1434.775: [GC (Allocation Failure) [PSYoungGen: 67328K->1408K(67584K)] 499250K->433330K(581632K), 0.0038343 secs] [Times: user=0.01 sys=0.00, real=0.01 secs] 
1435.102: [GC (Allocation Failure) [PSYoungGen: 66944K->1344K(67584K)] 498866K->433266K(581632K), 0.0020787 secs] [Times: user=0.01 sys=0.00, real=0.00 secs] 
1435.374: [GC (Allocation Failure) [PSYoungGen: 66880K->1408K(67584K)] 498802K->433330K(581632K), 0.0022342 secs] [Times: user=0.01 sys=0.00, real=0.00 secs] 
1435.646: [GC (Allocation Failure) [PSYoungGen: 66944K->1472K(67584K)] 498866K->433394K(581632K), 0.0020525 secs] [Times: user=0.01 sys=0.00, real=0.00 secs] 
1436.025: [GC (Allocation Failure) [PSYoungGen: 67008K->1504K(67584K)] 498930K->433426K(581632K), 0.0016303 secs] [Times: user=0.00 sys=0.01, real=0.00 secs] 
1436.408: [GC (Allocation Failure) [PSYoungGen: 67036K->1613K(67584K)] 498958K->433535K(581632K), 0.0017290 secs] [Times: user=0.01 sys=0.00, real=0.01 secs] 
1436.791: [GC (Allocation Failure) [PSYoungGen: 67149K->1549K(67584K)] 499071K->433487K(581632K), 0.0017165 secs] [Times: user=0.01 sys=0.00, real=0.00 secs] 
1437.193: [GC (Allocation Failure) [PSYoungGen: 67085K->1792K(67584K)] 499023K->433730K(581632K), 0.0020547 secs] [Times: user=0.00 sys=0.00, real=0.00 secs] 
1437.462: [GC (Allocation Failure) [PSYoungGen: 67328K->1376K(67584K)] 499266K->433314K(581632K), 0.0018281 secs] [Times: user=0.01 sys=0.00, real=0.00 secs] 
1437.734: [GC (Allocation Failure) [PSYoungGen: 66912K->1376K(67584K)] 498850K->433314K(581632K), 0.0017810 secs] [Times: user=0.01 sys=0.00, real=0.00 secs] 
1438.006: [GC (Allocation Failure) [PSYoungGen: 66912K->1408K(67584K)] 498850K->433346K(581632K), 0.0018551 secs] [Times: user=0.01 sys=0.00, real=0.00 secs] 
1438.278: [GC (Allocation Failure) [PSYoungGen: 66944K->1392K(67584K)] 498882K->433330K(581632K), 0.0017948 secs] [Times: user=0.00 sys=0.00, real=0.01 secs] 
1438.655: [GC (Allocation Failure) [PSYoungGen: 66928K->1536K(67584K)] 498866K->433474K(581632K), 0.0018743 secs] [Times: user=0.01 sys=0.00, real=0.00 secs] 
1439.042: [GC (Allocation Failure) [PSYoungGen: 67058K->1552K(67584K)] 498996K->433514K(581632K), 0.0018000 secs] [Times: user=0.00 sys=0.00, real=0.00 secs] 
1439.428: [GC (Allocation Failure) [PSYoungGen: 67088K->1520K(67584K)] 499050K->433498K(581632K), 0.0016213 secs] [Times: user=0.01 sys=0.00, real=0.01 secs] 
1439.802: [GC (Allocation Failure) [PSYoungGen: 66871K->1712K(67584K)] 498849K->433690K(581632K), 0.0016236 secs] [Times: user=0.01 sys=0.00, real=0.00 secs] 
1440.080: [GC (Allocation Failure) [PSYoungGen: 67248K->1376K(67584K)] 499226K->433354K(581632K), 0.0017361 secs] [Times: user=0.01 sys=0.00, real=0.00 secs] 
1440.352: [GC (Allocation Failure) [PSYoungGen: 66912K->1376K(67584K)] 498890K->433354K(581632K), 0.0016200 secs] [Times: user=0.01 sys=0.00, real=0.00 secs] 
1440.623: [GC (Allocation Failure) [PSYoungGen: 66912K->1344K(67584K)] 498890K->433322K(581632K), 0.0017142 secs] [Times: user=0.01 sys=0.00, real=0.00 secs] 
1440.896: [GC (Allocation Failure) [PSYoungGen: 66880K->1344K(67584K)] 498858K->433322K(581632K), 0.0020530 secs] [Times: user=0.01 sys=0.00, real=0.00 secs] 
1441.295: [GC (Allocation Failure) [PSYoungGen: 66880K->1501K(67584K)] 498858K->433479K(581632K), 0.0016555 secs] [Times: user=0.01 sys=0.00, real=0.00 secs] 
1441.679: [GC (Allocation Failure) [PSYoungGen: 67037K->1549K(67584K)] 499015K->433527K(581632K), 0.0018431 secs] [Times: user=0.01 sys=0.00, real=0.01 secs] 
1442.063: [GC (Allocation Failure) [PSYoungGen: 67085K->1581K(67584K)] 499063K->433567K(581632K), 0.0018206 secs] [Times: user=0.01 sys=0.00, real=0.00 secs] 
1442.544: [GC (Allocation Failure) [PSYoungGen: 67117K->1600K(67584K)] 499103K->433594K(581632K), 0.0022024 secs] [Times: user=0.01 sys=0.00, real=0.00 secs] 
1442.901: [GC (Allocation Failure) [PSYoungGen: 67136K->1344K(67584K)] 499130K->433338K(581632K), 0.0021512 secs] [Times: user=0.01 sys=0.00, real=0.00 secs] 
1443.258: [GC (Allocation Failure) [PSYoungGen: 66880K->1360K(67584K)] 498874K->433354K(581632K), 0.0021317 secs] [Times: user=0.01 sys=0.00, real=0.01 secs] 
1443.531: [GC (Allocation Failure) [PSYoungGen: 66896K->1376K(67584K)] 498890K->433370K(581632K), 0.0020798 secs] [Times: user=0.01 sys=0.00, real=0.00 secs] 
1443.816: [GC (Allocation Failure) [PSYoungGen: 66912K->1328K(67584K)] 498906K->433322K(581632K), 0.0019002 secs] [Times: user=0.01 sys=0.00, real=0.00 secs] 
1444.246: [GC (Allocation Failure) [PSYoungGen: 66864K->1504K(67584K)] 498858K->433498K(581632K), 0.0017790 secs] [Times: user=0.01 sys=0.00, real=0.00 secs] 
1444.629: [GC (Allocation Failure) [PSYoungGen: 67033K->1536K(67584K)] 499027K->433530K(581632K), 0.0017645 secs] [Times: user=0.01 sys=0.00, real=0.00 secs] 
1445.014: [GC (Allocation Failure) [PSYoungGen: 67072K->1565K(67584K)] 499066K->433575K(581632K), 0.0017123 secs] [Times: user=0.01 sys=0.00, real=0.00 secs] 
1445.447: [GC (Allocation Failure) [PSYoungGen: 67101K->1648K(67584K)] 499111K->433658K(581632K), 0.0021627 secs] [Times: user=0.01 sys=0.00, real=0.01 secs] 
1445.766: [GC (Allocation Failure) [PSYoungGen: 67184K->1376K(67584K)] 499194K->433386K(581632K), 0.0020480 secs] [Times: user=0.01 sys=0.00, real=0.00 secs] 
1446.081: [GC (Allocation Failure) [PSYoungGen: 66912K->1392K(67584K)] 498922K->433402K(581632K), 0.0019869 secs] [Times: user=0.01 sys=0.00, real=0.00 secs] 
1446.367: [GC (Allocation Failure) [PSYoungGen: 66928K->1344K(67584K)] 498938K->433354K(581632K), 0.0020066 secs] [Times: user=0.01 sys=0.00, real=0.01 secs] 
1446.651: [GC (Allocation Failure) [PSYoungGen: 66880K->1376K(67584K)] 498890K->433386K(581632K), 0.0021016 secs] [Times: user=0.01 sys=0.00, real=0.00 secs] 
1447.089: [GC (Allocation Failure) [PSYoungGen: 66912K->1501K(67584K)] 498922K->433511K(581632K), 0.0016538 secs] [Times: user=0.01 sys=0.00, real=0.00 secs] 
1447.540: [GC (Allocation Failure) [PSYoungGen: 67029K->1536K(67584K)] 499039K->433546K(581632K), 0.0017224 secs] [Times: user=0.01 sys=0.00, real=0.00 secs] 
1447.923: [GC (Allocation Failure) [PSYoungGen: 67072K->1536K(67584K)] 499082K->433562K(581632K), 0.0017606 secs] [Times: user=0.01 sys=0.00, real=0.00 secs] 
1448.328: [GC (Allocation Failure) [PSYoungGen: 67072K->1632K(67584K)] 499098K->433658K(581632K), 0.0020354 secs] [Times: user=0.00 sys=0.00, real=0.01 secs] 
1448.949: [GC (Allocation Failure) [PSYoungGen: 67168K->1344K(67584K)] 499194K->433370K(581632K), 0.0028809 secs] [Times: user=0.01 sys=0.00, real=0.00 secs] 
1449.483: [GC (Allocation Failure) [PSYoungGen: 66880K->1344K(67584K)] 498906K->433370K(581632K), 0.0025340 secs] [Times: user=0.02 sys=0.00, real=0.00 secs] 
1450.104: [GC (Allocation Failure) [PSYoungGen: 66880K->1344K(67584K)] 498906K->433370K(581632K), 0.0024428 secs] [Times: user=0.01 sys=0.01, real=0.00 secs] 
1450.846: [GC (Allocation Failure) [PSYoungGen: 66880K->1344K(67584K)] 498906K->433370K(581632K), 0.0025671 secs] [Times: user=0.01 sys=0.00, real=0.01 secs] 
1451.412: [GC (Allocation Failure) [PSYoungGen: 66880K->1533K(67584K)] 498906K->433559K(581632K), 0.0018518 secs] [Times: user=0.01 sys=0.00, real=0.00 secs] 
1451.795: [GC (Allocation Failure) [PSYoungGen: 67064K->1488K(67584K)] 499090K->433514K(581632K), 0.0016239 secs] [Times: user=0.01 sys=0.00, real=0.00 secs] 
1452.178: [GC (Allocation Failure) [PSYoungGen: 67024K->1536K(67584K)] 499050K->433570K(581632K), 0.0016899 secs] [Times: user=0.01 sys=0.00, real=0.01 secs] 
1452.610: [GC (Allocation Failure) [PSYoungGen: 67072K->1504K(67584K)] 499106K->433538K(581632K), 0.0021003 secs] [Times: user=0.01 sys=0.00, real=0.00 secs] 
1452.908: [GC (Allocation Failure) [PSYoungGen: 67040K->1344K(67584K)] 499074K->433378K(581632K), 0.0019708 secs] [Times: user=0.01 sys=0.00, real=0.01 secs] 
1453.237: [GC (Allocation Failure) [PSYoungGen: 66880K->1376K(67584K)] 498914K->433410K(581632K), 0.0019476 secs] [Times: user=0.01 sys=0.01, real=0.01 secs] 
1453.526: [GC (Allocation Failure) [PSYoungGen: 66912K->1376K(67584K)] 498946K->433410K(581632K), 0.0019217 secs] [Times: user=0.01 sys=0.00, real=0.00 secs] 
1453.992: [GC (Allocation Failure) [PSYoungGen: 66912K->1344K(67584K)] 498946K->433378K(581632K), 0.0021616 secs] [Times: user=0.01 sys=0.00, real=0.00 secs] 
1454.617: [GC (Allocation Failure) [PSYoungGen: 66880K->1520K(67584K)] 498914K->433562K(581632K), 0.0017154 secs] [Times: user=0.00 sys=0.00, real=0.00 secs] 
1454.999: [GC (Allocation Failure) [PSYoungGen: 67056K->1568K(67584K)] 499098K->433610K(581632K), 0.0016159 secs] [Times: user=0.01 sys=0.00, real=0.00 secs] 
1455.388: [GC (Allocation Failure) [PSYoungGen: 67104K->1565K(67584K)] 499146K->433615K(581632K), 0.0016940 secs] [Times: user=0.01 sys=0.00, real=0.01 secs] 
1455.827: [GC (Allocation Failure) [PSYoungGen: 67101K->1504K(67584K)] 499151K->433570K(581632K), 0.0016655 secs] [Times: user=0.01 sys=0.00, real=0.01 secs] 
1456.625: [GC (Allocation Failure) [PSYoungGen: 67040K->1376K(67584K)] 499106K->433442K(581632K), 0.0022928 secs] [Times: user=0.01 sys=0.01, real=0.00 secs] 
1457.077: [GC (Allocation Failure) [PSYoungGen: 66912K->1344K(67584K)] 498978K->433410K(581632K), 0.0021999 secs] [Times: user=0.01 sys=0.00, real=0.01 secs] 
1457.372: [GC (Allocation Failure) [PSYoungGen: 66880K->1344K(67584K)] 498946K->433410K(581632K), 0.0021731 secs] [Times: user=0.01 sys=0.00, real=0.00 secs] 
1457.652: [GC (Allocation Failure) [PSYoungGen: 66880K->1344K(67584K)] 498946K->433410K(581632K), 0.0020279 secs] [Times: user=0.01 sys=0.00, real=0.00 secs] 
1458.033: [GC (Allocation Failure) [PSYoungGen: 66880K->1501K(67584K)] 498946K->433567K(581632K), 0.0016411 secs] [Times: user=0.01 sys=0.00, real=0.00 secs] 
1458.477: [GC (Allocation Failure) [PSYoungGen: 67033K->1549K(67584K)] 499099K->433615K(581632K), 0.0017747 secs] [Times: user=0.00 sys=0.00, real=0.01 secs] 
1458.861: [GC (Allocation Failure) [PSYoungGen: 67085K->1501K(67584K)] 499151K->433591K(581632K), 0.0017868 secs] [Times: user=0.01 sys=0.00, real=0.00 secs] 
1459.243: [GC (Allocation Failure) [PSYoungGen: 67037K->1472K(67584K)] 499127K->433562K(581632K), 0.0016974 secs] [Times: user=0.00 sys=0.00, real=0.00 secs] 
1459.896: [GC (Allocation Failure) [PSYoungGen: 67008K->1344K(67584K)] 499098K->433434K(581632K), 0.0025833 secs] [Times: user=0.01 sys=0.00, real=0.00 secs] 
1460.339: [GC (Allocation Failure) [PSYoungGen: 66880K->1344K(67584K)] 498970K->433434K(581632K), 0.0020109 secs] [Times: user=0.01 sys=0.00, real=0.00 secs] 
1460.640: [GC (Allocation Failure) [PSYoungGen: 66880K->1344K(67584K)] 498970K->433434K(581632K), 0.0020836 secs] [Times: user=0.01 sys=0.00, real=0.00 secs] 
1460.915: [GC (Allocation Failure) [PSYoungGen: 66880K->1344K(67584K)] 498970K->433434K(581632K), 0.0021131 secs] [Times: user=0.01 sys=0.00, real=0.00 secs] 
1461.301: [GC (Allocation Failure) [PSYoungGen: 66880K->1469K(67584K)] 498970K->433559K(581632K), 0.0016322 secs] [Times: user=0.01 sys=0.00, real=0.00 secs] 
1461.684: [GC (Allocation Failure) [PSYoungGen: 66979K->1549K(67584K)] 499069K->433639K(581632K), 0.0017206 secs] [Times: user=0.01 sys=0.00, real=0.00 secs] 
1462.068: [GC (Allocation Failure) [PSYoungGen: 67085K->1501K(67584K)] 499175K->433599K(581632K), 0.0018933 secs] [Times: user=0.01 sys=0.00, real=0.01 secs] 
1462.513: [GC (Allocation Failure) [PSYoungGen: 67037K->1312K(67584K)] 499135K->433410K(581632K), 0.0016670 secs] [Times: user=0.00 sys=0.00, real=0.00 secs] 
1464.091: [GC (Allocation Failure) [PSYoungGen: 66848K->1344K(67584K)] 498946K->433442K(581632K), 0.0021016 secs] [Times: user=0.01 sys=0.00, real=0.00 secs] 
1464.363: [GC (Allocation Failure) [PSYoungGen: 66880K->1408K(67584K)] 498978K->433506K(581632K), 0.0020667 secs] [Times: user=0.01 sys=0.00, real=0.00 secs] 
1464.724: [GC (Allocation Failure) [PSYoungGen: 66944K->1344K(67584K)] 499042K->433442K(581632K), 0.0019466 secs] [Times: user=0.01 sys=0.00, real=0.00 secs] 
1465.238: [GC (Allocation Failure) [PSYoungGen: 66880K->1376K(67584K)] 498978K->433474K(581632K), 0.0032948 secs] [Times: user=0.01 sys=0.00, real=0.01 secs] 
1465.745: [GC (Allocation Failure) [PSYoungGen: 66912K->1504K(67584K)] 499010K->433602K(581632K), 0.0016411 secs] [Times: user=0.01 sys=0.00, real=0.00 secs] 
1466.127: [GC (Allocation Failure) [PSYoungGen: 67040K->1549K(67584K)] 499138K->433647K(581632K), 0.0017389 secs] [Times: user=0.01 sys=0.00, real=0.00 secs] 
1466.511: [GC (Allocation Failure) [PSYoungGen: 67085K->1581K(67584K)] 499183K->433687K(581632K), 0.0017209 secs] [Times: user=0.01 sys=0.00, real=0.00 secs] 
1466.892: [GC (Allocation Failure) [PSYoungGen: 66969K->320K(67584K)] 499075K->432426K(581632K), 0.0016888 secs] [Times: user=0.01 sys=0.00, real=0.00 secs] 
1467.586: [GC (Allocation Failure) [PSYoungGen: 65856K->1376K(67584K)] 497962K->433482K(581632K), 0.0022229 secs] [Times: user=0.01 sys=0.00, real=0.00 secs] 
1467.859: [GC (Allocation Failure) [PSYoungGen: 66912K->1376K(67584K)] 499018K->433482K(581632K), 0.0022320 secs] [Times: user=0.01 sys=0.00, real=0.00 secs] 
1468.132: [GC (Allocation Failure) [PSYoungGen: 66912K->1376K(67584K)] 499018K->433482K(581632K), 0.0021875 secs] [Times: user=0.01 sys=0.00, real=0.00 secs] 
1468.405: [GC (Allocation Failure) [PSYoungGen: 66912K->1360K(67584K)] 499018K->433466K(581632K), 0.0022296 secs] [Times: user=0.01 sys=0.00, real=0.00 secs] 
1468.789: [GC (Allocation Failure) [PSYoungGen: 66896K->1568K(67584K)] 499002K->433674K(581632K), 0.0017971 secs] [Times: user=0.00 sys=0.00, real=0.00 secs] 
1469.176: [GC (Allocation Failure) [PSYoungGen: 67104K->1520K(67584K)] 499210K->433626K(581632K), 0.0018468 secs] [Times: user=0.00 sys=0.00, real=0.00 secs] 
1469.566: [GC (Allocation Failure) [PSYoungGen: 67056K->1549K(67584K)] 499162K->433679K(581632K), 0.0017570 secs] [Times: user=0.01 sys=0.00, real=0.00 secs] 
1469.951: [GC (Allocation Failure) [PSYoungGen: 67085K->416K(67584K)] 499215K->432546K(581632K), 0.0018418 secs] [Times: user=0.01 sys=0.00, real=0.00 secs] 
1471.100: [GC (Allocation Failure) [PSYoungGen: 65952K->1408K(67584K)] 498082K->433538K(581632K), 0.0022767 secs] [Times: user=0.01 sys=0.00, real=0.00 secs] 
1471.373: [GC (Allocation Failure) [PSYoungGen: 66944K->1376K(67584K)] 499074K->433506K(581632K), 0.0020469 secs] [Times: user=0.01 sys=0.00, real=0.00 secs] 
1471.645: [GC (Allocation Failure) [PSYoungGen: 66912K->1344K(67584K)] 499042K->433474K(581632K), 0.0020275 secs] [Times: user=0.00 sys=0.00, real=0.00 secs] 
1471.918: [GC (Allocation Failure) [PSYoungGen: 66880K->1344K(67584K)] 499010K->433474K(581632K), 0.0027611 secs] [Times: user=0.01 sys=0.00, real=0.01 secs] 
1472.376: [GC (Allocation Failure) [PSYoungGen: 66880K->1472K(67584K)] 499010K->433602K(581632K), 0.0017900 secs] [Times: user=0.01 sys=0.01, real=0.00 secs] 
1472.760: [GC (Allocation Failure) [PSYoungGen: 67008K->1536K(67584K)] 499138K->433666K(581632K), 0.0018610 secs] [Times: user=0.00 sys=0.00, real=0.00 secs] 
1473.145: [GC (Allocation Failure) [PSYoungGen: 67072K->1536K(67584K)] 499202K->433674K(581632K), 0.0017882 secs] [Times: user=0.00 sys=0.00, real=0.00 secs] 
1473.527: [GC (Allocation Failure) [PSYoungGen: 67072K->1565K(67584K)] 499210K->433711K(581632K), 0.0018195 secs] [Times: user=0.01 sys=0.00, real=0.01 secs] 
1473.839: [GC (Allocation Failure) [PSYoungGen: 67101K->1392K(67584K)] 499247K->433538K(581632K), 0.0019577 secs] [Times: user=0.01 sys=0.00, real=0.00 secs] 
1474.112: [GC (Allocation Failure) [PSYoungGen: 66928K->1376K(67584K)] 499074K->433522K(581632K), 0.0019269 secs] [Times: user=0.01 sys=0.00, real=0.00 secs] 
1474.384: [GC (Allocation Failure) [PSYoungGen: 66912K->1392K(67584K)] 499058K->433538K(581632K), 0.0019129 secs] [Times: user=0.01 sys=0.00, real=0.00 secs] 
1474.656: [GC (Allocation Failure) [PSYoungGen: 66928K->1344K(67584K)] 499074K->433490K(581632K), 0.0020070 secs] [Times: user=0.01 sys=0.00, real=0.00 secs] 
1475.066: [GC (Allocation Failure) [PSYoungGen: 66880K->1501K(67584K)] 499026K->433647K(581632K), 0.0016303 secs] [Times: user=0.01 sys=0.00, real=0.00 secs] 
1475.450: [GC (Allocation Failure) [PSYoungGen: 67037K->1501K(67584K)] 499183K->433647K(581632K), 0.0017713 secs] [Times: user=0.00 sys=0.00, real=0.00 secs] 
1475.901: [GC (Allocation Failure) [PSYoungGen: 67010K->1533K(67584K)] 499156K->433679K(581632K), 0.0016925 secs] [Times: user=0.01 sys=0.00, real=0.00 secs] 
1476.287: [GC (Allocation Failure) [PSYoungGen: 67069K->1581K(67584K)] 499215K->433735K(581632K), 0.0017479 secs] [Times: user=0.01 sys=0.00, real=0.00 secs] 
1477.784: [GC (Allocation Failure) [PSYoungGen: 67117K->1408K(67584K)] 499271K->433562K(581632K), 0.0042023 secs] [Times: user=0.02 sys=0.00, real=0.01 secs] 
1478.670: [GC (Allocation Failure) [PSYoungGen: 66944K->1344K(67584K)] 499098K->433498K(581632K), 0.0040237 secs] [Times: user=0.01 sys=0.00, real=0.00 secs] 
1479.261: [GC (Allocation Failure) [PSYoungGen: 66880K->1376K(67584K)] 499034K->433530K(581632K), 0.0033754 secs] [Times: user=0.02 sys=0.00, real=0.00 secs] 
1480.039: [GC (Allocation Failure) [PSYoungGen: 66912K->1376K(67584K)] 499066K->433546K(581632K), 0.0025260 secs] [Times: user=0.01 sys=0.00, real=0.00 secs] 
1480.569: [GC (Allocation Failure) [PSYoungGen: 66912K->1472K(67584K)] 499082K->433642K(581632K), 0.0016610 secs] [Times: user=0.01 sys=0.00, real=0.01 secs] 
1480.952: [GC (Allocation Failure) [PSYoungGen: 67008K->1536K(67584K)] 499178K->433706K(581632K), 0.0018536 secs] [Times: user=0.00 sys=0.00, real=0.00 secs] 
1481.336: [GC (Allocation Failure) [PSYoungGen: 67072K->1581K(67584K)] 499242K->433751K(581632K), 0.0017058 secs] [Times: user=0.01 sys=0.01, real=0.00 secs] 
1481.718: [GC (Allocation Failure) [PSYoungGen: 67117K->1600K(67584K)] 499287K->433778K(581632K), 0.0017096 secs] [Times: user=0.00 sys=0.00, real=0.01 secs] 
1482.017: [GC (Allocation Failure) [PSYoungGen: 67136K->1424K(67584K)] 499314K->433602K(581632K), 0.0018415 secs] [Times: user=0.01 sys=0.00, real=0.00 secs] 
1482.289: [GC (Allocation Failure) [PSYoungGen: 66960K->1328K(67584K)] 499138K->433506K(581632K), 0.0018083 secs] [Times: user=0.01 sys=0.00, real=0.00 secs] 
1482.687: [GC (Allocation Failure) [PSYoungGen: 66864K->1376K(67584K)] 499042K->433554K(581632K), 0.0018134 secs] [Times: user=0.01 sys=0.00, real=0.01 secs] 
1483.183: [GC (Allocation Failure) [PSYoungGen: 66912K->1376K(67584K)] 499090K->433554K(581632K), 0.0022545 secs] [Times: user=0.00 sys=0.00, real=0.00 secs] 
1483.640: [GC (Allocation Failure) [PSYoungGen: 66912K->1501K(67584K)] 499090K->433679K(581632K), 0.0016944 secs] [Times: user=0.00 sys=0.00, real=0.00 secs] 
1484.025: [GC (Allocation Failure) [PSYoungGen: 67037K->1581K(67584K)] 499215K->433759K(581632K), 0.0017127 secs] [Times: user=0.01 sys=0.00, real=0.00 secs] 
1484.410: [GC (Allocation Failure) [PSYoungGen: 67117K->1597K(67584K)] 499295K->433775K(581632K), 0.0018229 secs] [Times: user=0.01 sys=0.00, real=0.00 secs] 
1484.796: [GC (Allocation Failure) [PSYoungGen: 67133K->1536K(67584K)] 499311K->433722K(581632K), 0.0016362 secs] [Times: user=0.00 sys=0.00, real=0.00 secs] 
1485.162: [GC (Allocation Failure) [PSYoungGen: 67072K->1376K(67584K)] 499258K->433562K(581632K), 0.0020382 secs] [Times: user=0.01 sys=0.00, real=0.00 secs] 
1485.434: [GC (Allocation Failure) [PSYoungGen: 66912K->1344K(67584K)] 499098K->433530K(581632K), 0.0019634 secs] [Times: user=0.00 sys=0.00, real=0.00 secs] 
1485.708: [GC (Allocation Failure) [PSYoungGen: 66880K->1344K(67584K)] 499066K->433530K(581632K), 0.0020772 secs] [Times: user=0.01 sys=0.00, real=0.01 secs] 
1486.123: [GC (Allocation Failure) [PSYoungGen: 66880K->1376K(67584K)] 499066K->433562K(581632K), 0.0020112 secs] [Times: user=0.01 sys=0.01, real=0.00 secs] 
1486.625: [GC (Allocation Failure) [PSYoungGen: 66912K->1488K(67584K)] 499098K->433674K(581632K), 0.0018753 secs] [Times: user=0.01 sys=0.00, real=0.00 secs] 
1487.008: [GC (Allocation Failure) [PSYoungGen: 67024K->1581K(67584K)] 499210K->433767K(581632K), 0.0017080 secs] [Times: user=0.01 sys=0.00, real=0.01 secs] 
1487.392: [GC (Allocation Failure) [PSYoungGen: 67117K->1533K(67584K)] 499303K->433719K(581632K), 0.0017431 secs] [Times: user=0.01 sys=0.00, real=0.00 secs] 
1487.776: [GC (Allocation Failure) [PSYoungGen: 67069K->1613K(67584K)] 499255K->433807K(581632K), 0.0016845 secs] [Times: user=0.01 sys=0.00, real=0.00 secs] 
1488.437: [GC (Allocation Failure) [PSYoungGen: 67149K->1408K(67584K)] 499343K->433602K(581632K), 0.0021815 secs] [Times: user=0.01 sys=0.00, real=0.01 secs] 
1489.084: [GC (Allocation Failure) [PSYoungGen: 66944K->1376K(67584K)] 499138K->433586K(581632K), 0.0026252 secs] [Times: user=0.01 sys=0.00, real=0.00 secs] 
1489.492: [GC (Allocation Failure) [PSYoungGen: 66912K->1312K(67584K)] 499122K->433522K(581632K), 0.0022376 secs] [Times: user=0.01 sys=0.00, real=0.00 secs] 
1489.792: [GC (Allocation Failure) [PSYoungGen: 66848K->1344K(67584K)] 499058K->433554K(581632K), 0.0019268 secs] [Times: user=0.01 sys=0.00, real=0.00 secs] 
1490.250: [GC (Allocation Failure) [PSYoungGen: 66880K->1504K(67584K)] 499090K->433714K(581632K), 0.0016836 secs] [Times: user=0.01 sys=0.00, real=0.00 secs] 
1490.694: [GC (Allocation Failure) [PSYoungGen: 67040K->1504K(67584K)] 499250K->433714K(581632K), 0.0017144 secs] [Times: user=0.01 sys=0.00, real=0.00 secs] 
1491.077: [GC (Allocation Failure) [PSYoungGen: 67040K->1613K(67584K)] 499250K->433823K(581632K), 0.0018091 secs] [Times: user=0.01 sys=0.00, real=0.01 secs] 
1491.461: [GC (Allocation Failure) [PSYoungGen: 67149K->1565K(67584K)] 499359K->433783K(581632K), 0.0017521 secs] [Times: user=0.01 sys=0.00, real=0.00 secs] 
1492.114: [GC (Allocation Failure) [PSYoungGen: 67101K->1408K(67584K)] 499319K->433626K(581632K), 0.0028892 secs] [Times: user=0.01 sys=0.00, real=0.00 secs] 
1492.779: [GC (Allocation Failure) [PSYoungGen: 66944K->1376K(67584K)] 499162K->433594K(581632K), 0.0028175 secs] [Times: user=0.01 sys=0.00, real=0.00 secs] 
1493.249: [GC (Allocation Failure) [PSYoungGen: 66912K->1376K(67584K)] 499130K->433594K(581632K), 0.0026512 secs] [Times: user=0.01 sys=0.00, real=0.00 secs] 
1493.754: [GC (Allocation Failure) [PSYoungGen: 66912K->1344K(67584K)] 499130K->433562K(581632K), 0.0023653 secs] [Times: user=0.01 sys=0.00, real=0.00 secs] 
1494.198: [GC (Allocation Failure) [PSYoungGen: 66880K->1488K(67584K)] 499098K->433706K(581632K), 0.0016530 secs] [Times: user=0.00 sys=0.00, real=0.01 secs] 
1494.585: [GC (Allocation Failure) [PSYoungGen: 67024K->1533K(67584K)] 499242K->433751K(581632K), 0.0017080 secs] [Times: user=0.00 sys=0.00, real=0.00 secs] 
1494.966: [GC (Allocation Failure) [PSYoungGen: 67069K->1568K(67584K)] 499287K->433786K(581632K), 0.0017171 secs] [Times: user=0.01 sys=0.00, real=0.00 secs] 
1495.351: [GC (Allocation Failure) [PSYoungGen: 67104K->1597K(67584K)] 499322K->433823K(581632K), 0.0017049 secs] [Times: user=0.01 sys=0.00, real=0.00 secs] 
1495.659: [GC (Allocation Failure) [PSYoungGen: 67133K->1360K(67584K)] 499359K->433586K(581632K), 0.0019686 secs] [Times: user=0.00 sys=0.00, real=0.00 secs] 
1495.932: [GC (Allocation Failure) [PSYoungGen: 66896K->1376K(67584K)] 499122K->433602K(581632K), 0.0017833 secs] [Times: user=0.01 sys=0.00, real=0.00 secs] 
1496.204: [GC (Allocation Failure) [PSYoungGen: 66912K->1344K(67584K)] 499138K->433570K(581632K), 0.0019061 secs] [Times: user=0.01 sys=0.00, real=0.00 secs] 
1496.532: [GC (Allocation Failure) [PSYoungGen: 66880K->1344K(67584K)] 499106K->433570K(581632K), 0.0019050 secs] [Times: user=0.01 sys=0.00, real=0.00 secs] 
1496.989: [GC (Allocation Failure) [PSYoungGen: 66880K->1536K(67584K)] 499106K->433762K(581632K), 0.0016608 secs] [Times: user=0.00 sys=0.00, real=0.00 secs] 
1497.372: [GC (Allocation Failure) [PSYoungGen: 67072K->1533K(67584K)] 499298K->433759K(581632K), 0.0017273 secs] [Times: user=0.01 sys=0.00, real=0.00 secs] 
1497.754: [GC (Allocation Failure) [PSYoungGen: 67053K->1520K(67584K)] 499279K->433746K(581632K), 0.0017614 secs] [Times: user=0.01 sys=0.00, real=0.00 secs] 
1498.137: [GC (Allocation Failure) [PSYoungGen: 67056K->1520K(67584K)] 499282K->433754K(581632K), 0.0017171 secs] [Times: user=0.01 sys=0.00, real=0.01 secs] 
1499.195: [GC (Allocation Failure) [PSYoungGen: 67056K->1376K(67584K)] 499290K->433626K(581632K), 0.0048555 secs] [Times: user=0.01 sys=0.00, real=0.01 secs] 
1499.639: [GC (Allocation Failure) [PSYoungGen: 66912K->1312K(67584K)] 499162K->433562K(581632K), 0.0020284 secs] [Times: user=0.01 sys=0.00, real=0.00 secs] 
1499.911: [GC (Allocation Failure) [PSYoungGen: 66848K->1328K(67584K)] 499098K->433578K(581632K), 0.0021348 secs] [Times: user=0.00 sys=0.00, real=0.00 secs] 
1500.213: [GC (Allocation Failure) [PSYoungGen: 66864K->1376K(67584K)] 499114K->433626K(581632K), 0.0019564 secs] [Times: user=0.01 sys=0.00, real=0.00 secs] 
1500.605: [GC (Allocation Failure) [PSYoungGen: 66912K->1456K(67584K)] 499162K->433706K(581632K), 0.0016873 secs] [Times: user=0.01 sys=0.00, real=0.00 secs] 
1500.988: [GC (Allocation Failure) [PSYoungGen: 66986K->1488K(67584K)] 499236K->433738K(581632K), 0.0017858 secs] [Times: user=0.01 sys=0.00, real=0.01 secs] 
1501.371: [GC (Allocation Failure) [PSYoungGen: 67024K->1536K(67584K)] 499274K->433786K(581632K), 0.0017376 secs] [Times: user=0.01 sys=0.00, real=0.00 secs] 
1501.755: [GC (Allocation Failure) [PSYoungGen: 67072K->1568K(67584K)] 499322K->433826K(581632K), 0.0018606 secs] [Times: user=0.00 sys=0.00, real=0.00 secs] 
1502.549: [GC (Allocation Failure) [PSYoungGen: 67104K->1376K(67584K)] 499362K->433634K(581632K), 0.0022690 secs] [Times: user=0.00 sys=0.00, real=0.00 secs] 
1503.162: [GC (Allocation Failure) [PSYoungGen: 66912K->1344K(67584K)] 499170K->433602K(581632K), 0.0020688 secs] [Times: user=0.01 sys=0.00, real=0.00 secs] 
1503.720: [GC (Allocation Failure) [PSYoungGen: 66880K->1360K(67584K)] 499138K->433618K(581632K), 0.0024096 secs] [Times: user=0.01 sys=0.00, real=0.00 secs] 
1504.333: [GC (Allocation Failure) [PSYoungGen: 66896K->1376K(67584K)] 499154K->433634K(581632K), 0.0025331 secs] [Times: user=0.01 sys=0.00, real=0.00 secs] 
1504.842: [GC (Allocation Failure) [PSYoungGen: 66912K->1520K(67584K)] 499170K->433778K(581632K), 0.0016532 secs] [Times: user=0.01 sys=0.00, real=0.00 secs] 
1505.225: [GC (Allocation Failure) [PSYoungGen: 67056K->1552K(67584K)] 499314K->433810K(581632K), 0.0016358 secs] [Times: user=0.01 sys=0.00, real=0.00 secs] 
1505.611: [GC (Allocation Failure) [PSYoungGen: 67088K->1501K(67584K)] 499346K->433759K(581632K), 0.0018029 secs] [Times: user=0.01 sys=0.00, real=0.00 secs] 
1505.994: [GC (Allocation Failure) [PSYoungGen: 67037K->1565K(67584K)] 499295K->433839K(581632K), 0.0017328 secs] [Times: user=0.01 sys=0.00, real=0.00 secs] 
1506.992: [GC (Allocation Failure) [PSYoungGen: 67101K->1408K(67584K)] 499375K->433682K(581632K), 0.0025380 secs] [Times: user=0.01 sys=0.00, real=0.00 secs] 
1508.268: [GC (Allocation Failure) [PSYoungGen: 66944K->1376K(67584K)] 499218K->433650K(581632K), 0.0032071 secs] [Times: user=0.01 sys=0.00, real=0.01 secs] 
1509.073: [GC (Allocation Failure) [PSYoungGen: 66912K->1376K(67584K)] 499186K->433650K(581632K), 0.0036656 secs] [Times: user=0.02 sys=0.00, real=0.00 secs] 
1509.613: [GC (Allocation Failure) [PSYoungGen: 66912K->1360K(67584K)] 499186K->433634K(581632K), 0.0030756 secs] [Times: user=0.01 sys=0.00, real=0.00 secs] 
1510.139: [GC (Allocation Failure) [PSYoungGen: 66896K->1488K(67584K)] 499170K->433762K(581632K), 0.0018120 secs] [Times: user=0.01 sys=0.00, real=0.00 secs] 
1510.523: [GC (Allocation Failure) [PSYoungGen: 67024K->1613K(67584K)] 499298K->433887K(581632K), 0.0016694 secs] [Times: user=0.01 sys=0.00, real=0.00 secs] 
1510.905: [GC (Allocation Failure) [PSYoungGen: 67149K->1536K(67584K)] 499423K->433810K(581632K), 0.0017573 secs] [Times: user=0.01 sys=0.00, real=0.00 secs] 
1511.289: [GC (Allocation Failure) [PSYoungGen: 67072K->1536K(67584K)] 499346K->433834K(581632K), 0.0018154 secs] [Times: user=0.01 sys=0.00, real=0.00 secs] 
1512.323: [GC (Allocation Failure) [PSYoungGen: 67072K->1376K(67584K)] 499370K->433674K(581632K), 0.0044018 secs] [Times: user=0.02 sys=0.01, real=0.00 secs] 
1513.071: [GC (Allocation Failure) [PSYoungGen: 66912K->1376K(67584K)] 499210K->433674K(581632K), 0.0034013 secs] [Times: user=0.01 sys=0.00, real=0.00 secs] 
1513.592: [GC (Allocation Failure) [PSYoungGen: 66912K->1408K(67584K)] 499210K->433706K(581632K), 0.0034228 secs] [Times: user=0.01 sys=0.00, real=0.00 secs] 
1514.099: [GC (Allocation Failure) [PSYoungGen: 66944K->1344K(67584K)] 499242K->433642K(581632K), 0.0025219 secs] [Times: user=0.01 sys=0.00, real=0.00 secs] 
1514.622: [GC (Allocation Failure) [PSYoungGen: 66880K->1520K(67584K)] 499178K->433818K(581632K), 0.0017536 secs] [Times: user=0.00 sys=0.00, real=0.00 secs] 
1515.066: [GC (Allocation Failure) [PSYoungGen: 67056K->1565K(67584K)] 499354K->433863K(581632K), 0.0017676 secs] [Times: user=0.01 sys=0.00, real=0.00 secs] 
1515.452: [GC (Allocation Failure) [PSYoungGen: 67101K->1533K(67584K)] 499399K->433831K(581632K), 0.0017201 secs] [Times: user=0.01 sys=0.00, real=0.00 secs] 
1515.834: [GC (Allocation Failure) [PSYoungGen: 67069K->1565K(67584K)] 499367K->433871K(581632K), 0.0020209 secs] [Times: user=0.01 sys=0.00, real=0.00 secs] 
1516.249: [GC (Allocation Failure) [PSYoungGen: 67101K->1392K(67584K)] 499407K->433698K(581632K), 0.0031540 secs] [Times: user=0.01 sys=0.00, real=0.00 secs] 
1516.778: [GC (Allocation Failure) [PSYoungGen: 66928K->1376K(67584K)] 499234K->433682K(581632K), 0.0025594 secs] [Times: user=0.01 sys=0.00, real=0.01 secs] 
1517.331: [GC (Allocation Failure) [PSYoungGen: 66912K->1376K(67584K)] 499218K->433682K(581632K), 0.0022986 secs] [Times: user=0.01 sys=0.00, real=0.00 secs] 
1517.960: [GC (Allocation Failure) [PSYoungGen: 66912K->1376K(67584K)] 499218K->433682K(581632K), 0.0027247 secs] [Times: user=0.02 sys=0.00, real=0.00 secs] 
1518.538: [GC (Allocation Failure) [PSYoungGen: 66912K->1536K(67584K)] 499218K->433842K(581632K), 0.0016310 secs] [Times: user=0.01 sys=0.00, real=0.01 secs] 
1518.920: [GC (Allocation Failure) [PSYoungGen: 67072K->1549K(67584K)] 499378K->433855K(581632K), 0.0017513 secs] [Times: user=0.01 sys=0.00, real=0.00 secs] 
1519.303: [GC (Allocation Failure) [PSYoungGen: 67085K->1552K(67584K)] 499391K->433858K(581632K), 0.0016282 secs] [Times: user=0.01 sys=0.00, real=0.00 secs] 
1519.690: [GC (Allocation Failure) [PSYoungGen: 67088K->1552K(67584K)] 499394K->433866K(581632K), 0.0016264 secs] [Times: user=0.01 sys=0.00, real=0.00 secs] 
1520.536: [GC (Allocation Failure) [PSYoungGen: 67088K->1392K(67584K)] 499402K->433722K(581632K), 0.0038920 secs] [Times: user=0.02 sys=0.00, real=0.01 secs] 
1521.380: [GC (Allocation Failure) [PSYoungGen: 66928K->1376K(67584K)] 499258K->433706K(581632K), 0.0045843 secs] [Times: user=0.02 sys=0.00, real=0.00 secs] 
1522.081: [GC (Allocation Failure) [PSYoungGen: 66912K->1344K(67584K)] 499242K->433674K(581632K), 0.0032940 secs] [Times: user=0.01 sys=0.00, real=0.00 secs] 
1522.645: [GC (Allocation Failure) [PSYoungGen: 66880K->1360K(67584K)] 499210K->433690K(581632K), 0.0028376 secs] [Times: user=0.02 sys=0.00, real=0.00 secs] 
1523.241: [GC (Allocation Failure) [PSYoungGen: 66896K->1504K(67584K)] 499226K->433834K(581632K), 0.0016623 secs] [Times: user=0.01 sys=0.00, real=0.00 secs] 
1523.624: [GC (Allocation Failure) [PSYoungGen: 67021K->1536K(67584K)] 499351K->433866K(581632K), 0.0019278 secs] [Times: user=0.01 sys=0.00, real=0.00 secs] 
1524.008: [GC (Allocation Failure) [PSYoungGen: 67072K->1568K(67584K)] 499402K->433898K(581632K), 0.0017239 secs] [Times: user=0.01 sys=0.00, real=0.01 secs] 
1524.392: [GC (Allocation Failure) [PSYoungGen: 67104K->1568K(67584K)] 499434K->433906K(581632K), 0.0018468 secs] [Times: user=0.01 sys=0.00, real=0.00 secs] 
1524.707: [GC (Allocation Failure) [PSYoungGen: 67104K->1376K(67584K)] 499442K->433714K(581632K), 0.0030208 secs] [Times: user=0.01 sys=0.01, real=0.01 secs] 
1524.975: [GC (Allocation Failure) [PSYoungGen: 66912K->1344K(67584K)] 499250K->433682K(581632K), 0.0021235 secs] [Times: user=0.01 sys=0.01, real=0.00 secs] 
1525.248: [GC (Allocation Failure) [PSYoungGen: 66880K->1408K(67584K)] 499218K->433746K(581632K), 0.0021314 secs] [Times: user=0.01 sys=0.00, real=0.01 secs] 
1525.520: [GC (Allocation Failure) [PSYoungGen: 66944K->1312K(67584K)] 499282K->433650K(581632K), 0.0020263 secs] [Times: user=0.01 sys=0.00, real=0.00 secs] 
1525.891: [GC (Allocation Failure) [PSYoungGen: 66848K->1440K(67584K)] 499186K->433778K(581632K), 0.0016460 secs] [Times: user=0.01 sys=0.00, real=0.00 secs] 
1526.274: [GC (Allocation Failure) [PSYoungGen: 66976K->1613K(67584K)] 499314K->433951K(581632K), 0.0018683 secs] [Times: user=0.00 sys=0.00, real=0.00 secs] 
1526.658: [GC (Allocation Failure) [PSYoungGen: 67149K->1581K(67584K)] 499487K->433919K(581632K), 0.0017095 secs] [Times: user=0.01 sys=0.00, real=0.01 secs] 
1527.043: [GC (Allocation Failure) [PSYoungGen: 67117K->1485K(67584K)] 499455K->433839K(581632K), 0.0021843 secs] [Times: user=0.01 sys=0.00, real=0.00 secs] 
1527.592: [GC (Allocation Failure) [PSYoungGen: 67021K->1392K(67584K)] 499375K->433746K(581632K), 0.0019458 secs] [Times: user=0.01 sys=0.00, real=0.00 secs] 
1528.152: [GC (Allocation Failure) [PSYoungGen: 66928K->1376K(67584K)] 499282K->433730K(581632K), 0.0019843 secs] [Times: user=0.01 sys=0.00, real=0.00 secs] 
1528.449: [GC (Allocation Failure) [PSYoungGen: 66912K->1376K(67584K)] 499266K->433738K(581632K), 0.0018808 secs] [Times: user=0.00 sys=0.00, real=0.00 secs] 
1528.789: [GC (Allocation Failure) [PSYoungGen: 66912K->1360K(67584K)] 499274K->433722K(581632K), 0.0019741 secs] [Times: user=0.01 sys=0.00, real=0.00 secs] 
1529.272: [GC (Allocation Failure) [PSYoungGen: 66896K->1536K(67584K)] 499258K->433898K(581632K), 0.0016734 secs] [Times: user=0.01 sys=0.00, real=0.00 secs] 
1529.656: [GC (Allocation Failure) [PSYoungGen: 67072K->1581K(67584K)] 499434K->433943K(581632K), 0.0017258 secs] [Times: user=0.01 sys=0.00, real=0.00 secs] 
1530.100: [GC (Allocation Failure) [PSYoungGen: 67117K->1581K(67584K)] 499479K->433943K(581632K), 0.0017805 secs] [Times: user=0.00 sys=0.00, real=0.00 secs] 
1530.484: [GC (Allocation Failure) [PSYoungGen: 67117K->1520K(67584K)] 499479K->433890K(581632K), 0.0016974 secs] [Times: user=0.00 sys=0.00, real=0.00 secs] 
1531.271: [GC (Allocation Failure) [PSYoungGen: 67056K->1392K(67584K)] 499426K->433762K(581632K), 0.0035695 secs] [Times: user=0.01 sys=0.00, real=0.00 secs] 
1531.855: [GC (Allocation Failure) [PSYoungGen: 66928K->1376K(67584K)] 499298K->433746K(581632K), 0.0021221 secs] [Times: user=0.00 sys=0.00, real=0.00 secs] 
1532.138: [GC (Allocation Failure) [PSYoungGen: 66912K->1312K(67584K)] 499282K->433682K(581632K), 0.0021573 secs] [Times: user=0.01 sys=0.00, real=0.01 secs] 
1532.654: [GC (Allocation Failure) [PSYoungGen: 66848K->1344K(67584K)] 499218K->433714K(581632K), 0.0020627 secs] [Times: user=0.01 sys=0.00, real=0.00 secs] 
1533.072: [GC (Allocation Failure) [PSYoungGen: 66875K->1440K(67584K)] 499245K->433810K(581632K), 0.0016129 secs] [Times: user=0.01 sys=0.00, real=0.00 secs] 
1533.455: [GC (Allocation Failure) [PSYoungGen: 66976K->1536K(67584K)] 499346K->433906K(581632K), 0.0017997 secs] [Times: user=0.00 sys=0.00, real=0.00 secs] 
1533.841: [GC (Allocation Failure) [PSYoungGen: 67072K->1533K(67584K)] 499442K->433903K(581632K), 0.0018654 secs] [Times: user=0.01 sys=0.00, real=0.00 secs] 
1534.282: [GC (Allocation Failure) [PSYoungGen: 67069K->1581K(67584K)] 499439K->433967K(581632K), 0.0017204 secs] [Times: user=0.01 sys=0.00, real=0.00 secs] 
1535.616: [GC (Allocation Failure) [PSYoungGen: 67117K->1424K(67584K)] 499503K->433810K(581632K), 0.0045165 secs] [Times: user=0.01 sys=0.00, real=0.01 secs] 
1536.288: [GC (Allocation Failure) [PSYoungGen: 66960K->1376K(67584K)] 499346K->433762K(581632K), 0.0033613 secs] [Times: user=0.01 sys=0.00, real=0.01 secs] 
1536.861: [GC (Allocation Failure) [PSYoungGen: 66912K->1344K(67584K)] 499298K->433730K(581632K), 0.0027867 secs] [Times: user=0.01 sys=0.00, real=0.00 secs] 
1537.429: [GC (Allocation Failure) [PSYoungGen: 66880K->1344K(67584K)] 499266K->433730K(581632K), 0.0024610 secs] [Times: user=0.01 sys=0.00, real=0.00 secs] 
1537.934: [GC (Allocation Failure) [PSYoungGen: 66880K->1456K(67584K)] 499266K->433842K(581632K), 0.0016330 secs] [Times: user=0.01 sys=0.00, real=0.00 secs] 
1538.318: [GC (Allocation Failure) [PSYoungGen: 66992K->1565K(67584K)] 499378K->433951K(581632K), 0.0016184 secs] [Times: user=0.00 sys=0.00, real=0.01 secs] 
1538.702: [GC (Allocation Failure) [PSYoungGen: 67101K->1568K(67584K)] 499487K->433954K(581632K), 0.0018026 secs] [Times: user=0.01 sys=0.00, real=0.00 secs] 
1539.084: [GC (Allocation Failure) [PSYoungGen: 67104K->1600K(67584K)] 499490K->433994K(581632K), 0.0017742 secs] [Times: user=0.01 sys=0.00, real=0.00 secs] 
1540.389: [GC (Allocation Failure) [PSYoungGen: 67136K->1376K(67584K)] 499530K->433770K(581632K), 0.0022723 secs] [Times: user=0.01 sys=0.00, real=0.00 secs] 
1540.661: [GC (Allocation Failure) [PSYoungGen: 66912K->1344K(67584K)] 499306K->433738K(581632K), 0.0019700 secs] [Times: user=0.01 sys=0.00, real=0.00 secs] 
1540.934: [GC (Allocation Failure) [PSYoungGen: 66880K->1392K(67584K)] 499274K->433810K(581632K), 0.0020423 secs] [Times: user=0.00 sys=0.00, real=0.00 secs] 
1541.207: [GC (Allocation Failure) [PSYoungGen: 66928K->1376K(67584K)] 499346K->433794K(581632K), 0.0019514 secs] [Times: user=0.01 sys=0.00, real=0.01 secs] 
1541.600: [GC (Allocation Failure) [PSYoungGen: 66912K->1504K(67584K)] 499330K->433922K(581632K), 0.0017118 secs] [Times: user=0.01 sys=0.00, real=0.00 secs] 
1541.982: [GC (Allocation Failure) [PSYoungGen: 67040K->1581K(67584K)] 499458K->433999K(581632K), 0.0018932 secs] [Times: user=0.01 sys=0.00, real=0.00 secs] 
1542.368: [GC (Allocation Failure) [PSYoungGen: 67117K->1565K(67584K)] 499535K->433983K(581632K), 0.0017192 secs] [Times: user=0.01 sys=0.00, real=0.01 secs] 
1542.752: [GC (Allocation Failure) [PSYoungGen: 67101K->1552K(67584K)] 499519K->433978K(581632K), 0.0017266 secs] [Times: user=0.00 sys=0.00, real=0.00 secs] 
1543.075: [GC (Allocation Failure) [PSYoungGen: 67088K->1408K(67584K)] 499514K->433834K(581632K), 0.0017666 secs] [Times: user=0.01 sys=0.00, real=0.00 secs] 
1543.346: [GC (Allocation Failure) [PSYoungGen: 66944K->1376K(67584K)] 499370K->433802K(581632K), 0.0015579 secs] [Times: user=0.00 sys=0.00, real=0.00 secs] 
1543.639: [GC (Allocation Failure) [PSYoungGen: 66912K->1376K(67584K)] 499338K->433802K(581632K), 0.0029746 secs] [Times: user=0.01 sys=0.00, real=0.00 secs] 
1543.944: [GC (Allocation Failure) [PSYoungGen: 66912K->1376K(67584K)] 499338K->433802K(581632K), 0.0027711 secs] [Times: user=0.01 sys=0.00, real=0.00 secs] 
1544.330: [GC (Allocation Failure) [PSYoungGen: 66912K->1472K(67584K)] 499338K->433898K(581632K), 0.0016695 secs] [Times: user=0.01 sys=0.00, real=0.00 secs] 
1544.716: [GC (Allocation Failure) [PSYoungGen: 67008K->1568K(67584K)] 499434K->433994K(581632K), 0.0017119 secs] [Times: user=0.00 sys=0.00, real=0.00 secs] 
1545.105: [GC (Allocation Failure) [PSYoungGen: 67104K->1613K(67584K)] 499530K->434039K(581632K), 0.0017118 secs] [Times: user=0.00 sys=0.00, real=0.00 secs] 
1545.490: [GC (Allocation Failure) [PSYoungGen: 67149K->1533K(67584K)] 499575K->433967K(581632K), 0.0017532 secs] [Times: user=0.01 sys=0.00, real=0.00 secs] 
1546.335: [GC (Allocation Failure) [PSYoungGen: 67069K->1408K(67584K)] 499503K->433842K(581632K), 0.0023679 secs] [Times: user=0.01 sys=0.00, real=0.00 secs] 
1547.086: [GC (Allocation Failure) [PSYoungGen: 66944K->1376K(67584K)] 499378K->433810K(581632K), 0.0031860 secs] [Times: user=0.01 sys=0.00, real=0.01 secs] 
1547.904: [GC (Allocation Failure) [PSYoungGen: 66912K->1376K(67584K)] 499346K->433810K(581632K), 0.0033291 secs] [Times: user=0.01 sys=0.00, real=0.00 secs] 
1548.498: [GC (Allocation Failure) [PSYoungGen: 66912K->1376K(67584K)] 499346K->433810K(581632K), 0.0031160 secs] [Times: user=0.01 sys=0.00, real=0.01 secs] 
1549.095: [GC (Allocation Failure) [PSYoungGen: 66912K->1504K(67584K)] 499346K->433938K(581632K), 0.0016680 secs] [Times: user=0.01 sys=0.00, real=0.00 secs] 
1549.479: [GC (Allocation Failure) [PSYoungGen: 67040K->1488K(67584K)] 499474K->433946K(581632K), 0.0017011 secs] [Times: user=0.00 sys=0.00, real=0.01 secs] 
1549.864: [GC (Allocation Failure) [PSYoungGen: 67024K->1581K(67584K)] 499482K->434039K(581632K), 0.0016867 secs] [Times: user=0.01 sys=0.00, real=0.00 secs] 
1550.248: [GC (Allocation Failure) [PSYoungGen: 67117K->1581K(67584K)] 499575K->434047K(581632K), 0.0017330 secs] [Times: user=0.01 sys=0.00, real=0.01 secs] 
1550.562: [GC (Allocation Failure) [PSYoungGen: 67117K->1392K(67584K)] 499583K->433858K(581632K), 0.0019473 secs] [Times: user=0.01 sys=0.00, real=0.00 secs] 
1550.861: [GC (Allocation Failure) [PSYoungGen: 66928K->1344K(67584K)] 499394K->433810K(581632K), 0.0018360 secs] [Times: user=0.00 sys=0.00, real=0.00 secs] 
1551.362: [GC (Allocation Failure) [PSYoungGen: 66880K->1344K(67584K)] 499346K->433810K(581632K), 0.0018808 secs] [Times: user=0.01 sys=0.00, real=0.00 secs] 
1551.849: [GC (Allocation Failure) [PSYoungGen: 66880K->1344K(67584K)] 499346K->433810K(581632K), 0.0019178 secs] [Times: user=0.01 sys=0.00, real=0.00 secs] 
1552.352: [GC (Allocation Failure) [PSYoungGen: 66880K->1472K(67584K)] 499346K->433938K(581632K), 0.0016449 secs] [Times: user=0.00 sys=0.00, real=0.00 secs] 
1552.736: [GC (Allocation Failure) [PSYoungGen: 67008K->1581K(67584K)] 499474K->434047K(581632K), 0.0016608 secs] [Times: user=0.01 sys=0.00, real=0.00 secs] 
1553.118: [GC (Allocation Failure) [PSYoungGen: 67117K->1613K(67584K)] 499583K->434079K(581632K), 0.0017199 secs] [Times: user=0.01 sys=0.00, real=0.01 secs] 
1553.501: [GC (Allocation Failure) [PSYoungGen: 67149K->1520K(67584K)] 499615K->433994K(581632K), 0.0017934 secs] [Times: user=0.01 sys=0.00, real=0.00 secs] 
1553.832: [GC (Allocation Failure) [PSYoungGen: 67056K->1376K(67584K)] 499530K->433850K(581632K), 0.0020457 secs] [Times: user=0.01 sys=0.00, real=0.00 secs] 
1554.105: [GC (Allocation Failure) [PSYoungGen: 66912K->1376K(67584K)] 499386K->433850K(581632K), 0.0020182 secs] [Times: user=0.01 sys=0.00, real=0.00 secs] 
1554.567: [GC (Allocation Failure) [PSYoungGen: 66912K->1376K(67584K)] 499386K->433850K(581632K), 0.0025800 secs] [Times: user=0.01 sys=0.00, real=0.01 secs] 
1555.177: [GC (Allocation Failure) [PSYoungGen: 66912K->1376K(67584K)] 499386K->433850K(581632K), 0.0026525 secs] [Times: user=0.01 sys=0.00, real=0.01 secs] 
1555.684: [GC (Allocation Failure) [PSYoungGen: 66912K->1536K(67584K)] 499386K->434010K(581632K), 0.0016456 secs] [Times: user=0.01 sys=0.00, real=0.00 secs] 
1556.068: [GC (Allocation Failure) [PSYoungGen: 67072K->1533K(67584K)] 499546K->434007K(581632K), 0.0018068 secs] [Times: user=0.00 sys=0.00, real=0.01 secs] 
1556.451: [GC (Allocation Failure) [PSYoungGen: 67069K->1568K(67584K)] 499543K->434042K(581632K), 0.0017279 secs] [Times: user=0.01 sys=0.00, real=0.00 secs] 
1556.835: [GC (Allocation Failure) [PSYoungGen: 67104K->1520K(67584K)] 499578K->434002K(581632K), 0.0018792 secs] [Times: user=0.01 sys=0.00, real=0.00 secs] 
1557.344: [GC (Allocation Failure) [PSYoungGen: 67056K->1376K(67584K)] 499538K->433858K(581632K), 0.0019941 secs] [Times: user=0.01 sys=0.00, real=0.00 secs] 
1557.616: [GC (Allocation Failure) [PSYoungGen: 66912K->1344K(67584K)] 499394K->433826K(581632K), 0.0024695 secs] [Times: user=0.01 sys=0.00, real=0.00 secs] 
1557.952: [GC (Allocation Failure) [PSYoungGen: 66880K->1376K(67584K)] 499362K->433858K(581632K), 0.0029640 secs] [Times: user=0.02 sys=0.00, real=0.00 secs] 
1558.460: [GC (Allocation Failure) [PSYoungGen: 66912K->1344K(67584K)] 499394K->433842K(581632K), 0.0026334 secs] [Times: user=0.01 sys=0.00, real=0.00 secs] 
1559.123: [GC (Allocation Failure) [PSYoungGen: 66880K->1568K(67584K)] 499378K->434066K(581632K), 0.0016936 secs] [Times: user=0.00 sys=0.00, real=0.00 secs] 
1559.507: [GC (Allocation Failure) [PSYoungGen: 67104K->1568K(67584K)] 499602K->434066K(581632K), 0.0017882 secs] [Times: user=0.01 sys=0.00, real=0.01 secs] 
1559.954: [GC (Allocation Failure) [PSYoungGen: 67078K->1533K(67584K)] 499576K->434031K(581632K), 0.0017972 secs] [Times: user=0.01 sys=0.00, real=0.00 secs] 
1560.340: [GC (Allocation Failure) [PSYoungGen: 67069K->1533K(67584K)] 499567K->434039K(581632K), 0.0018603 secs] [Times: user=0.01 sys=0.00, real=0.00 secs] 
1560.856: [GC (Allocation Failure) [PSYoungGen: 67069K->1408K(67584K)] 499575K->433914K(581632K), 0.0024629 secs] [Times: user=0.00 sys=0.00, real=0.01 secs] 
1561.129: [GC (Allocation Failure) [PSYoungGen: 66944K->1376K(67584K)] 499450K->433882K(581632K), 0.0021658 secs] [Times: user=0.01 sys=0.00, real=0.00 secs] 
1561.402: [GC (Allocation Failure) [PSYoungGen: 66912K->1312K(67584K)] 499418K->433818K(581632K), 0.0021287 secs] [Times: user=0.00 sys=0.00, real=0.00 secs] 
1561.674: [GC (Allocation Failure) [PSYoungGen: 66848K->1344K(67584K)] 499354K->433850K(581632K), 0.0021831 secs] [Times: user=0.01 sys=0.00, real=0.00 secs] 
1562.075: [GC (Allocation Failure) [PSYoungGen: 66880K->1536K(67584K)] 499386K->434042K(581632K), 0.0016810 secs] [Times: user=0.01 sys=0.00, real=0.00 secs] 
1562.524: [GC (Allocation Failure) [PSYoungGen: 67072K->1552K(67584K)] 499578K->434058K(581632K), 0.0017777 secs] [Times: user=0.01 sys=0.00, real=0.00 secs] 
1562.908: [GC (Allocation Failure) [PSYoungGen: 67088K->1533K(67584K)] 499594K->434039K(581632K), 0.0016986 secs] [Times: user=0.00 sys=0.00, real=0.01 secs] 
1563.290: [GC (Allocation Failure) [PSYoungGen: 67069K->1581K(67584K)] 499575K->434103K(581632K), 0.0017530 secs] [Times: user=0.01 sys=0.00, real=0.00 secs] 
1563.717: [GC (Allocation Failure) [PSYoungGen: 67117K->1408K(67584K)] 499639K->433930K(581632K), 0.0035517 secs] [Times: user=0.01 sys=0.00, real=0.01 secs] 
1563.985: [GC (Allocation Failure) [PSYoungGen: 66944K->1328K(67584K)] 499466K->433850K(581632K), 0.0020160 secs] [Times: user=0.01 sys=0.01, real=0.00 secs] 
1564.285: [GC (Allocation Failure) [PSYoungGen: 66864K->1376K(67584K)] 499386K->433898K(581632K), 0.0020948 secs] [Times: user=0.01 sys=0.00, real=0.00 secs] 
1564.557: [GC (Allocation Failure) [PSYoungGen: 66912K->1376K(67584K)] 499434K->433898K(581632K), 0.0020996 secs] [Times: user=0.01 sys=0.00, real=0.01 secs] 
1565.044: [GC (Allocation Failure) [PSYoungGen: 66912K->1504K(67584K)] 499434K->434026K(581632K), 0.0016470 secs] [Times: user=0.01 sys=0.00, real=0.00 secs] 
1565.485: [GC (Allocation Failure) [PSYoungGen: 67040K->1536K(67584K)] 499562K->434058K(581632K), 0.0016820 secs] [Times: user=0.01 sys=0.00, real=0.00 secs] 
1565.935: [GC (Allocation Failure) [PSYoungGen: 67072K->1565K(67584K)] 499594K->434087K(581632K), 0.0017494 secs] [Times: user=0.01 sys=0.00, real=0.00 secs] 
1566.320: [GC (Allocation Failure) [PSYoungGen: 67101K->1520K(67584K)] 499623K->434050K(581632K), 0.0018773 secs] [Times: user=0.01 sys=0.00, real=0.00 secs] 
1566.920: [GC (Allocation Failure) [PSYoungGen: 67056K->1408K(67584K)] 499586K->433938K(581632K), 0.0030670 secs] [Times: user=0.01 sys=0.00, real=0.00 secs] 
1567.428: [GC (Allocation Failure) [PSYoungGen: 66944K->1344K(67584K)] 499474K->433874K(581632K), 0.0028166 secs] [Times: user=0.01 sys=0.00, real=0.01 secs] 
1567.950: [GC (Allocation Failure) [PSYoungGen: 66880K->1376K(67584K)] 499410K->433906K(581632K), 0.0027922 secs] [Times: user=0.01 sys=0.00, real=0.00 secs] 
1568.476: [GC (Allocation Failure) [PSYoungGen: 66912K->1376K(67584K)] 499442K->433906K(581632K), 0.0025919 secs] [Times: user=0.01 sys=0.00, real=0.00 secs] 
1568.846: [GC (Allocation Failure) [PSYoungGen: 66912K->1536K(67584K)] 499442K->434090K(581632K), 0.0016427 secs] [Times: user=0.01 sys=0.00, real=0.00 secs] 
1569.228: [GC (Allocation Failure) [PSYoungGen: 67072K->1565K(67584K)] 499626K->434119K(581632K), 0.0017351 secs] [Times: user=0.01 sys=0.00, real=0.01 secs] 
1569.614: [GC (Allocation Failure) [PSYoungGen: 67101K->1613K(67584K)] 499655K->434167K(581632K), 0.0018478 secs] [Times: user=0.01 sys=0.00, real=0.00 secs] 
1570.001: [GC (Allocation Failure) [PSYoungGen: 67149K->1533K(67584K)] 499703K->434095K(581632K), 0.0018294 secs] [Times: user=0.01 sys=0.00, real=0.00 secs] 
1570.799: [GC (Allocation Failure) [PSYoungGen: 67069K->1440K(67584K)] 499631K->434002K(581632K), 0.0032197 secs] [Times: user=0.01 sys=0.00, real=0.01 secs] 
1571.394: [GC (Allocation Failure) [PSYoungGen: 66976K->1376K(67584K)] 499538K->433938K(581632K), 0.0030026 secs] [Times: user=0.01 sys=0.00, real=0.00 secs] 
1572.037: [GC (Allocation Failure) [PSYoungGen: 66912K->1328K(67584K)] 499474K->433890K(581632K), 0.0033140 secs] [Times: user=0.02 sys=0.00, real=0.01 secs] 
1572.672: [GC (Allocation Failure) [PSYoungGen: 66864K->1408K(67584K)] 499426K->433970K(581632K), 0.0028545 secs] [Times: user=0.02 sys=0.00, real=0.00 secs] 
1573.312: [GC (Allocation Failure) [PSYoungGen: 66944K->1504K(67584K)] 499506K->434066K(581632K), 0.0016923 secs] [Times: user=0.00 sys=0.00, real=0.00 secs] 
1573.694: [GC (Allocation Failure) [PSYoungGen: 67040K->1552K(67584K)] 499602K->434114K(581632K), 0.0017635 secs] [Times: user=0.01 sys=0.00, real=0.00 secs] 
1574.141: [GC (Allocation Failure) [PSYoungGen: 67088K->1536K(67584K)] 499650K->434098K(581632K), 0.0016618 secs] [Times: user=0.01 sys=0.00, real=0.00 secs] 
1574.582: [GC (Allocation Failure) [PSYoungGen: 67072K->1565K(67584K)] 499634K->434135K(581632K), 0.0018069 secs] [Times: user=0.00 sys=0.00, real=0.00 secs] 
1575.220: [GC (Allocation Failure) [PSYoungGen: 67101K->1408K(67584K)] 499671K->433986K(581632K), 0.0028725 secs] [Times: user=0.01 sys=0.00, real=0.00 secs] 
1575.792: [GC (Allocation Failure) [PSYoungGen: 66944K->1376K(67584K)] 499522K->433954K(581632K), 0.0039837 secs] [Times: user=0.02 sys=0.00, real=0.00 secs] 
1576.493: [GC (Allocation Failure) [PSYoungGen: 66912K->1376K(67584K)] 499490K->433962K(581632K), 0.0046907 secs] [Times: user=0.02 sys=0.00, real=0.00 secs] 
1577.293: [GC (Allocation Failure) [PSYoungGen: 66912K->1376K(67584K)] 499498K->433970K(581632K), 0.0028365 secs] [Times: user=0.01 sys=0.00, real=0.00 secs] 
1577.802: [GC (Allocation Failure) [PSYoungGen: 66912K->1456K(67584K)] 499506K->434050K(581632K), 0.0016907 secs] [Times: user=0.00 sys=0.00, real=0.00 secs] 
1578.186: [GC (Allocation Failure) [PSYoungGen: 66992K->1533K(67584K)] 499586K->434127K(581632K), 0.0017206 secs] [Times: user=0.01 sys=0.00, real=0.00 secs] 
1578.581: [GC (Allocation Failure) [PSYoungGen: 67069K->1581K(67584K)] 499663K->434175K(581632K), 0.0017310 secs] [Times: user=0.00 sys=0.00, real=0.00 secs] 
1578.964: [GC (Allocation Failure) [PSYoungGen: 67117K->1565K(67584K)] 499711K->434167K(581632K), 0.0017142 secs] [Times: user=0.01 sys=0.00, real=0.00 secs] 
1579.307: [GC (Allocation Failure) [PSYoungGen: 67101K->1392K(67584K)] 499703K->433994K(581632K), 0.0020084 secs] [Times: user=0.01 sys=0.00, real=0.01 secs] 
1579.580: [GC (Allocation Failure) [PSYoungGen: 66928K->1344K(67584K)] 499530K->433946K(581632K), 0.0019241 secs] [Times: user=0.01 sys=0.00, real=0.00 secs] 
1579.954: [GC (Allocation Failure) [PSYoungGen: 66880K->1344K(67584K)] 499482K->433970K(581632K), 0.0031598 secs] [Times: user=0.01 sys=0.00, real=0.00 secs] 
1580.471: [GC (Allocation Failure) [PSYoungGen: 66880K->1376K(67584K)] 499506K->434002K(581632K), 0.0034632 secs] [Times: user=0.01 sys=0.00, real=0.00 secs] 
1581.015: [GC (Allocation Failure) [PSYoungGen: 66912K->1472K(67584K)] 499538K->434098K(581632K), 0.0017617 secs] [Times: user=0.01 sys=0.00, real=0.00 secs] 
1581.398: [GC (Allocation Failure) [PSYoungGen: 67008K->1568K(67584K)] 499634K->434194K(581632K), 0.0017038 secs] [Times: user=0.01 sys=0.00, real=0.01 secs] 
1581.782: [GC (Allocation Failure) [PSYoungGen: 67104K->1568K(67584K)] 499730K->434194K(581632K), 0.0018582 secs] [Times: user=0.01 sys=0.00, real=0.00 secs] 
1582.167: [GC (Allocation Failure) [PSYoungGen: 67104K->1613K(67584K)] 499730K->434247K(581632K), 0.0017474 secs] [Times: user=0.00 sys=0.00, real=0.00 secs] 
1585.059: [GC (Allocation Failure) [PSYoungGen: 67149K->1408K(67584K)] 499783K->434042K(581632K), 0.0032714 secs] [Times: user=0.02 sys=0.00, real=0.00 secs] 
1585.956: [GC (Allocation Failure) [PSYoungGen: 66944K->1408K(67584K)] 499578K->434042K(581632K), 0.0025542 secs] [Times: user=0.01 sys=0.00, real=0.01 secs] 
1586.846: [GC (Allocation Failure) [PSYoungGen: 66944K->1376K(67584K)] 499578K->434010K(581632K), 0.0029189 secs] [Times: user=0.01 sys=0.00, real=0.01 secs] 
1587.590: [GC (Allocation Failure) [PSYoungGen: 66912K->1328K(67584K)] 499546K->433962K(581632K), 0.0031107 secs] [Times: user=0.01 sys=0.00, real=0.00 secs] 
1588.234: [GC (Allocation Failure) [PSYoungGen: 66864K->1504K(67584K)] 499498K->434138K(581632K), 0.0017249 secs] [Times: user=0.00 sys=0.00, real=0.00 secs] 
1588.624: [GC (Allocation Failure) [PSYoungGen: 67040K->1501K(67584K)] 499674K->434135K(581632K), 0.0016442 secs] [Times: user=0.00 sys=0.00, real=0.00 secs] 
1589.011: [GC (Allocation Failure) [PSYoungGen: 67037K->1565K(67584K)] 499671K->434199K(581632K), 0.0016292 secs] [Times: user=0.00 sys=0.00, real=0.00 secs] 
1589.395: [GC (Allocation Failure) [PSYoungGen: 67101K->1568K(67584K)] 499735K->434218K(581632K), 0.0016722 secs] [Times: user=0.01 sys=0.00, real=0.00 secs] 
1589.991: [GC (Allocation Failure) [PSYoungGen: 67104K->1392K(67584K)] 499754K->434042K(581632K), 0.0023022 secs] [Times: user=0.01 sys=0.00, real=0.00 secs] 
1590.460: [GC (Allocation Failure) [PSYoungGen: 66928K->1360K(67584K)] 499578K->434010K(581632K), 0.0019942 secs] [Times: user=0.01 sys=0.00, real=0.00 secs] 
1591.063: [GC (Allocation Failure) [PSYoungGen: 66896K->1344K(67584K)] 499546K->433994K(581632K), 0.0025768 secs] [Times: user=0.01 sys=0.00, real=0.00 secs] 
1591.589: [GC (Allocation Failure) [PSYoungGen: 66880K->1376K(67584K)] 499530K->434026K(581632K), 0.0028770 secs] [Times: user=0.01 sys=0.00, real=0.01 secs] 
1592.126: [GC (Allocation Failure) [PSYoungGen: 66912K->1437K(67584K)] 499562K->434087K(581632K), 0.0016398 secs] [Times: user=0.00 sys=0.00, real=0.00 secs] 
1592.590: [GC (Allocation Failure) [PSYoungGen: 66973K->1565K(67584K)] 499623K->434215K(581632K), 0.0019715 secs] [Times: user=0.00 sys=0.00, real=0.00 secs] 
1592.974: [GC (Allocation Failure) [PSYoungGen: 67101K->1520K(67584K)] 499751K->434170K(581632K), 0.0019191 secs] [Times: user=0.01 sys=0.00, real=0.00 secs] 
1593.357: [GC (Allocation Failure) [PSYoungGen: 67056K->1565K(67584K)] 499706K->434231K(581632K), 0.0017791 secs] [Times: user=0.01 sys=0.00, real=0.01 secs] 
1593.716: [GC (Allocation Failure) [PSYoungGen: 67101K->1408K(67584K)] 499767K->434074K(581632K), 0.0027406 secs] [Times: user=0.01 sys=0.00, real=0.01 secs] 
1593.995: [GC (Allocation Failure) [PSYoungGen: 66944K->1344K(67584K)] 499610K->434010K(581632K), 0.0022119 secs] [Times: user=0.01 sys=0.00, real=0.00 secs] 
1594.290: [GC (Allocation Failure) [PSYoungGen: 66880K->1344K(67584K)] 499546K->434010K(581632K), 0.0018909 secs] [Times: user=0.00 sys=0.00, real=0.00 secs] 
1594.568: [GC (Allocation Failure) [PSYoungGen: 66880K->1360K(67584K)] 499546K->434026K(581632K), 0.0020023 secs] [Times: user=0.01 sys=0.00, real=0.01 secs] 
1594.929: [GC (Allocation Failure) [PSYoungGen: 66896K->1504K(67584K)] 499562K->434170K(581632K), 0.0017911 secs] [Times: user=0.01 sys=0.00, real=0.01 secs] 
1595.316: [GC (Allocation Failure) [PSYoungGen: 67040K->1565K(67584K)] 499706K->434231K(581632K), 0.0018007 secs] [Times: user=0.01 sys=0.00, real=0.00 secs] 
1595.699: [GC (Allocation Failure) [PSYoungGen: 67075K->1520K(67584K)] 499741K->434186K(581632K), 0.0017227 secs] [Times: user=0.01 sys=0.00, real=0.00 secs] 
1596.085: [GC (Allocation Failure) [PSYoungGen: 67056K->1533K(67584K)] 499722K->434207K(581632K), 0.0017147 secs] [Times: user=0.01 sys=0.00, real=0.00 secs] 
1596.416: [GC (Allocation Failure) [PSYoungGen: 67069K->1376K(67584K)] 499743K->434050K(581632K), 0.0019869 secs] [Times: user=0.00 sys=0.00, real=0.00 secs] 
1596.709: [GC (Allocation Failure) [PSYoungGen: 66912K->1376K(67584K)] 499586K->434050K(581632K), 0.0019279 secs] [Times: user=0.01 sys=0.00, real=0.00 secs] 
1597.019: [GC (Allocation Failure) [PSYoungGen: 66912K->1376K(67584K)] 499586K->434050K(581632K), 0.0018615 secs] [Times: user=0.00 sys=0.00, real=0.00 secs] 
1597.291: [GC (Allocation Failure) [PSYoungGen: 66912K->1360K(67584K)] 499586K->434034K(581632K), 0.0019985 secs] [Times: user=0.01 sys=0.00, real=0.00 secs] 
1597.656: [GC (Allocation Failure) [PSYoungGen: 66896K->1472K(67584K)] 499570K->434170K(581632K), 0.0016435 secs] [Times: user=0.00 sys=0.00, real=0.00 secs] 
1598.040: [GC (Allocation Failure) [PSYoungGen: 67008K->1613K(67584K)] 499706K->434311K(581632K), 0.0017097 secs] [Times: user=0.00 sys=0.00, real=0.00 secs] 
1598.423: [GC (Allocation Failure) [PSYoungGen: 67149K->1533K(67584K)] 499847K->434231K(581632K), 0.0018038 secs] [Times: user=0.01 sys=0.00, real=0.00 secs] 
1598.808: [GC (Allocation Failure) [PSYoungGen: 67069K->1565K(67584K)] 499767K->434271K(581632K), 0.0021784 secs] [Times: user=0.01 sys=0.00, real=0.01 secs] 
1599.168: [GC (Allocation Failure) [PSYoungGen: 67101K->1440K(67584K)] 499807K->434146K(581632K), 0.0019565 secs] [Times: user=0.01 sys=0.00, real=0.01 secs] 
1599.500: [GC (Allocation Failure) [PSYoungGen: 66976K->1376K(67584K)] 499682K->434082K(581632K), 0.0018679 secs] [Times: user=0.00 sys=0.00, real=0.00 secs] 
1599.772: [GC (Allocation Failure) [PSYoungGen: 66912K->1408K(67584K)] 499618K->434114K(581632K), 0.0020248 secs] [Times: user=0.01 sys=0.00, real=0.00 secs] 
1600.105: [GC (Allocation Failure) [PSYoungGen: 66944K->1376K(67584K)] 499650K->434082K(581632K), 0.0019900 secs] [Times: user=0.00 sys=0.00, real=0.00 secs] 
1600.496: [GC (Allocation Failure) [PSYoungGen: 66912K->1536K(67584K)] 499618K->434242K(581632K), 0.0016425 secs] [Times: user=0.01 sys=0.00, real=0.00 secs] 
1600.880: [GC (Allocation Failure) [PSYoungGen: 67072K->1568K(67584K)] 499778K->434274K(581632K), 0.0018517 secs] [Times: user=0.01 sys=0.00, real=0.00 secs] 
1601.262: [GC (Allocation Failure) [PSYoungGen: 67104K->1565K(67584K)] 499810K->434271K(581632K), 0.0017091 secs] [Times: user=0.01 sys=0.00, real=0.00 secs] 
1601.646: [GC (Allocation Failure) [PSYoungGen: 67101K->1613K(67584K)] 499807K->434327K(581632K), 0.0017127 secs] [Times: user=0.01 sys=0.00, real=0.00 secs] 
1602.569: [GC (Allocation Failure) [PSYoungGen: 67149K->1440K(67584K)] 499863K->434154K(581632K), 0.0026270 secs] [Times: user=0.01 sys=0.00, real=0.01 secs] 
1603.134: [GC (Allocation Failure) [PSYoungGen: 66976K->1440K(67584K)] 499690K->434154K(581632K), 0.0029838 secs] [Times: user=0.01 sys=0.00, real=0.00 secs] 
1603.710: [GC (Allocation Failure) [PSYoungGen: 66976K->1408K(67584K)] 499690K->434122K(581632K), 0.0030305 secs] [Times: user=0.01 sys=0.00, real=0.00 secs] 
1604.492: [GC (Allocation Failure) [PSYoungGen: 66944K->1344K(67584K)] 499658K->434082K(581632K), 0.0030518 secs] [Times: user=0.01 sys=0.00, real=0.00 secs] 
1605.086: [GC (Allocation Failure) [PSYoungGen: 66880K->1536K(67584K)] 499618K->434274K(581632K), 0.0017140 secs] [Times: user=0.01 sys=0.00, real=0.00 secs] 
1605.531: [GC (Allocation Failure) [PSYoungGen: 67072K->1565K(67584K)] 499810K->434303K(581632K), 0.0017300 secs] [Times: user=0.01 sys=0.00, real=0.00 secs] 
1605.914: [GC (Allocation Failure) [PSYoungGen: 67101K->1533K(67584K)] 499839K->434271K(581632K), 0.0017659 secs] [Times: user=0.01 sys=0.00, real=0.00 secs] 
1606.298: [GC (Allocation Failure) [PSYoungGen: 67069K->1565K(67584K)] 499807K->434311K(581632K), 0.0017340 secs] [Times: user=0.00 sys=0.00, real=0.01 secs] 
1606.832: [GC (Allocation Failure) [PSYoungGen: 67101K->1440K(67584K)] 499847K->434186K(581632K), 0.0034462 secs] [Times: user=0.02 sys=0.00, real=0.00 secs] 
1607.366: [GC (Allocation Failure) [PSYoungGen: 66976K->1344K(67584K)] 499722K->434090K(581632K), 0.0023613 secs] [Times: user=0.01 sys=0.00, real=0.00 secs] 
1607.867: [GC (Allocation Failure) [PSYoungGen: 66880K->1376K(67584K)] 499626K->434122K(581632K), 0.0031941 secs] [Times: user=0.02 sys=0.00, real=0.01 secs] 
1608.320: [GC (Allocation Failure) [PSYoungGen: 66912K->1376K(67584K)] 499658K->434122K(581632K), 0.0023825 secs] [Times: user=0.01 sys=0.00, real=0.00 secs] 
1608.791: [GC (Allocation Failure) [PSYoungGen: 66904K->1536K(67584K)] 499650K->434282K(581632K), 0.0016463 secs] [Times: user=0.01 sys=0.00, real=0.00 secs] 
1609.181: [GC (Allocation Failure) [PSYoungGen: 67072K->1536K(67584K)] 499818K->434282K(581632K), 0.0016563 secs] [Times: user=0.01 sys=0.00, real=0.00 secs] 
1609.567: [GC (Allocation Failure) [PSYoungGen: 67072K->1581K(67584K)] 499818K->434327K(581632K), 0.0019216 secs] [Times: user=0.00 sys=0.01, real=0.01 secs] 
1609.951: [GC (Allocation Failure) [PSYoungGen: 67117K->1520K(67584K)] 499863K->434290K(581632K), 0.0017838 secs] [Times: user=0.01 sys=0.00, real=0.00 secs] 
1610.601: [GC (Allocation Failure) [PSYoungGen: 67056K->1376K(67584K)] 499826K->434146K(581632K), 0.0021980 secs] [Times: user=0.01 sys=0.00, real=0.00 secs] 
1611.057: [GC (Allocation Failure) [PSYoungGen: 66912K->1376K(67584K)] 499682K->434146K(581632K), 0.0023908 secs] [Times: user=0.01 sys=0.00, real=0.01 secs] 
1611.388: [GC (Allocation Failure) [PSYoungGen: 66912K->1360K(67584K)] 499682K->434130K(581632K), 0.0021909 secs] [Times: user=0.01 sys=0.00, real=0.01 secs] 
1611.669: [GC (Allocation Failure) [PSYoungGen: 66896K->1328K(67584K)] 499666K->434098K(581632K), 0.0019745 secs] [Times: user=0.01 sys=0.00, real=0.00 secs] 
1612.023: [GC (Allocation Failure) [PSYoungGen: 66864K->1536K(67584K)] 499634K->434306K(581632K), 0.0017076 secs] [Times: user=0.01 sys=0.00, real=0.00 secs] 
1612.467: [GC (Allocation Failure) [PSYoungGen: 67072K->1533K(67584K)] 499842K->434303K(581632K), 0.0017767 secs] [Times: user=0.01 sys=0.00, real=0.01 secs] 
1612.850: [GC (Allocation Failure) [PSYoungGen: 67069K->1565K(67584K)] 499839K->434335K(581632K), 0.0017192 secs] [Times: user=0.01 sys=0.00, real=0.00 secs] 
1613.234: [GC (Allocation Failure) [PSYoungGen: 67101K->1581K(67584K)] 499871K->434367K(581632K), 0.0017641 secs] [Times: user=0.01 sys=0.00, real=0.00 secs] 
1613.829: [GC (Allocation Failure) [PSYoungGen: 67117K->1376K(67584K)] 499903K->434162K(581632K), 0.0031709 secs] [Times: user=0.01 sys=0.01, real=0.00 secs] 
1614.351: [GC (Allocation Failure) [PSYoungGen: 66912K->1376K(67584K)] 499698K->434162K(581632K), 0.0028266 secs] [Times: user=0.01 sys=0.00, real=0.00 secs] 
1614.630: [GC (Allocation Failure) [PSYoungGen: 66912K->1376K(67584K)] 499698K->434162K(581632K), 0.0022508 secs] [Times: user=0.01 sys=0.00, real=0.00 secs] 
1614.983: [GC (Allocation Failure) [PSYoungGen: 66912K->1376K(67584K)] 499698K->434162K(581632K), 0.0020386 secs] [Times: user=0.01 sys=0.00, real=0.00 secs] 
1615.347: [GC (Allocation Failure) [PSYoungGen: 66912K->1504K(67584K)] 499698K->434290K(581632K), 0.0016659 secs] [Times: user=0.00 sys=0.00, real=0.00 secs] 
1615.728: [GC (Allocation Failure) [PSYoungGen: 67040K->1568K(67584K)] 499826K->434354K(581632K), 0.0017105 secs] [Times: user=0.01 sys=0.00, real=0.01 secs] 
1616.112: [GC (Allocation Failure) [PSYoungGen: 67104K->1520K(67584K)] 499890K->434306K(581632K), 0.0018146 secs] [Times: user=0.01 sys=0.00, real=0.00 secs] 
1616.496: [GC (Allocation Failure) [PSYoungGen: 67056K->1568K(67584K)] 499842K->434370K(581632K), 0.0018744 secs] [Times: user=0.00 sys=0.00, real=0.00 secs] 
1616.877: [GC (Allocation Failure) [PSYoungGen: 67104K->1408K(67584K)] 499906K->434210K(581632K), 0.0019155 secs] [Times: user=0.01 sys=0.01, real=0.00 secs] 
1617.149: [GC (Allocation Failure) [PSYoungGen: 66944K->1344K(67584K)] 499746K->434146K(581632K), 0.0018623 secs] [Times: user=0.01 sys=0.00, real=0.00 secs] 
1617.422: [GC (Allocation Failure) [PSYoungGen: 66880K->1408K(67584K)] 499682K->434210K(581632K), 0.0019581 secs] [Times: user=0.01 sys=0.00, real=0.00 secs] 
1617.871: [GC (Allocation Failure) [PSYoungGen: 66944K->1392K(67584K)] 499746K->434194K(581632K), 0.0019129 secs] [Times: user=0.01 sys=0.00, real=0.00 secs] 
1618.384: [GC (Allocation Failure) [PSYoungGen: 66928K->1472K(67584K)] 499730K->434298K(581632K), 0.0016276 secs] [Times: user=0.01 sys=0.00, real=0.00 secs] 
1618.768: [GC (Allocation Failure) [PSYoungGen: 67008K->1613K(67584K)] 499834K->434439K(581632K), 0.0017320 secs] [Times: user=0.01 sys=0.00, real=0.01 secs] 
1619.151: [GC (Allocation Failure) [PSYoungGen: 67149K->1581K(67584K)] 499975K->434407K(581632K), 0.0017272 secs] [Times: user=0.01 sys=0.00, real=0.00 secs] 
1619.542: [GC (Allocation Failure) [PSYoungGen: 67117K->1568K(67584K)] 499943K->434402K(581632K), 0.0017182 secs] [Times: user=0.01 sys=0.00, real=0.00 secs] 
1620.066: [GC (Allocation Failure) [PSYoungGen: 67104K->1408K(67584K)] 499938K->434242K(581632K), 0.0018536 secs] [Times: user=0.01 sys=0.00, real=0.00 secs] 
1620.643: [GC (Allocation Failure) [PSYoungGen: 66944K->1360K(67584K)] 499778K->434194K(581632K), 0.0018208 secs] [Times: user=0.00 sys=0.00, real=0.00 secs] 
1621.336: [GC (Allocation Failure) [PSYoungGen: 66896K->1344K(67584K)] 499730K->434178K(581632K), 0.0018941 secs] [Times: user=0.00 sys=0.00, real=0.00 secs] 
1622.120: [GC (Allocation Failure) [PSYoungGen: 66880K->1360K(67584K)] 499714K->434194K(581632K), 0.0022203 secs] [Times: user=0.01 sys=0.00, real=0.00 secs] 
1622.817: [GC (Allocation Failure) [PSYoungGen: 66896K->1472K(67584K)] 499730K->434306K(581632K), 0.0016235 secs] [Times: user=0.01 sys=0.00, real=0.01 secs] 
1623.199: [GC (Allocation Failure) [PSYoungGen: 67008K->1533K(67584K)] 499842K->434367K(581632K), 0.0016464 secs] [Times: user=0.01 sys=0.00, real=0.00 secs] 
1623.583: [GC (Allocation Failure) [PSYoungGen: 67069K->1581K(67584K)] 499903K->434415K(581632K), 0.0017314 secs] [Times: user=0.00 sys=0.00, real=0.00 secs] 
1623.967: [GC (Allocation Failure) [PSYoungGen: 67117K->1581K(67584K)] 499951K->434423K(581632K), 0.0018476 secs] [Times: user=0.01 sys=0.00, real=0.00 secs] 
1624.450: [GC (Allocation Failure) [PSYoungGen: 67117K->1408K(67584K)] 499959K->434250K(581632K), 0.0019800 secs] [Times: user=0.01 sys=0.00, real=0.00 secs] 
1624.988: [GC (Allocation Failure) [PSYoungGen: 66944K->1360K(67584K)] 499786K->434202K(581632K), 0.0035607 secs] [Times: user=0.01 sys=0.00, real=0.01 secs] 
1625.973: [GC (Allocation Failure) [PSYoungGen: 66896K->1344K(67584K)] 499738K->434186K(581632K), 0.0044678 secs] [Times: user=0.01 sys=0.01, real=0.00 secs] 
1626.803: [GC (Allocation Failure) [PSYoungGen: 66880K->1344K(67584K)] 499722K->434186K(581632K), 0.0045890 secs] [Times: user=0.02 sys=0.00, real=0.00 secs] 
1627.630: [GC (Allocation Failure) [PSYoungGen: 66880K->1472K(67584K)] 499722K->434314K(581632K), 0.0016845 secs] [Times: user=0.01 sys=0.00, real=0.00 secs] 
1628.014: [GC (Allocation Failure) [PSYoungGen: 67008K->1520K(67584K)] 499850K->434362K(581632K), 0.0018242 secs] [Times: user=0.00 sys=0.00, real=0.00 secs] 
1628.398: [GC (Allocation Failure) [PSYoungGen: 67056K->1520K(67584K)] 499898K->434362K(581632K), 0.0018178 secs] [Times: user=0.01 sys=0.00, real=0.01 secs] 
1628.780: [GC (Allocation Failure) [PSYoungGen: 67056K->1581K(67584K)] 499898K->434439K(581632K), 0.0017472 secs] [Times: user=0.01 sys=0.00, real=0.00 secs] 
1629.176: [GC (Allocation Failure) [PSYoungGen: 67117K->1440K(67584K)] 499975K->434298K(581632K), 0.0019791 secs] [Times: user=0.01 sys=0.00, real=0.00 secs] 
1629.654: [GC (Allocation Failure) [PSYoungGen: 66976K->1376K(67584K)] 499834K->434234K(581632K), 0.0022857 secs] [Times: user=0.01 sys=0.00, real=0.00 secs] 
1630.190: [GC (Allocation Failure) [PSYoungGen: 66912K->1360K(67584K)] 499770K->434218K(581632K), 0.0024419 secs] [Times: user=0.01 sys=0.00, real=0.00 secs] 
1630.774: [GC (Allocation Failure) [PSYoungGen: 66896K->1344K(67584K)] 499754K->434218K(581632K), 0.0024278 secs] [Times: user=0.01 sys=0.00, real=0.00 secs] 
1631.343: [GC (Allocation Failure) [PSYoungGen: 66880K->1440K(67584K)] 499754K->434314K(581632K), 0.0016484 secs] [Times: user=0.01 sys=0.00, real=0.00 secs] 
1631.728: [GC (Allocation Failure) [PSYoungGen: 66976K->1565K(67584K)] 499850K->434439K(581632K), 0.0017080 secs] [Times: user=0.01 sys=0.00, real=0.01 secs] 
1632.110: [GC (Allocation Failure) [PSYoungGen: 67101K->1581K(67584K)] 499975K->434455K(581632K), 0.0017359 secs] [Times: user=0.01 sys=0.00, real=0.00 secs] 
1632.552: [GC (Allocation Failure) [PSYoungGen: 67117K->1565K(67584K)] 499991K->434447K(581632K), 0.0017933 secs] [Times: user=0.01 sys=0.00, real=0.00 secs] 
1632.872: [GC (Allocation Failure) [PSYoungGen: 67101K->1424K(67584K)] 499983K->434306K(581632K), 0.0023639 secs] [Times: user=0.01 sys=0.00, real=0.00 secs] 
1633.145: [GC (Allocation Failure) [PSYoungGen: 66960K->1344K(67584K)] 499842K->434226K(581632K), 0.0021725 secs] [Times: user=0.01 sys=0.00, real=0.00 secs] 
1633.417: [GC (Allocation Failure) [PSYoungGen: 66880K->1376K(67584K)] 499762K->434258K(581632K), 0.0020892 secs] [Times: user=0.01 sys=0.00, real=0.01 secs] 
1633.689: [GC (Allocation Failure) [PSYoungGen: 66912K->1376K(67584K)] 499794K->434258K(581632K), 0.0019588 secs] [Times: user=0.01 sys=0.00, real=0.00 secs] 
1634.034: [GC (Allocation Failure) [PSYoungGen: 66912K->1472K(67584K)] 499794K->434354K(581632K), 0.0015864 secs] [Times: user=0.00 sys=0.01, real=0.00 secs] 
1634.419: [GC (Allocation Failure) [PSYoungGen: 67008K->1549K(67584K)] 499890K->434431K(581632K), 0.0017474 secs] [Times: user=0.01 sys=0.00, real=0.01 secs] 
1634.803: [GC (Allocation Failure) [PSYoungGen: 67085K->1520K(67584K)] 499967K->434402K(581632K), 0.0017101 secs] [Times: user=0.01 sys=0.00, real=0.00 secs] 
1635.190: [GC (Allocation Failure) [PSYoungGen: 67056K->1568K(67584K)] 499938K->434458K(581632K), 0.0017189 secs] [Times: user=0.00 sys=0.00, real=0.00 secs] 
1635.825: [GC (Allocation Failure) [PSYoungGen: 67104K->1408K(67584K)] 499994K->434298K(581632K), 0.0020017 secs] [Times: user=0.00 sys=0.00, real=0.00 secs] 
1636.377: [GC (Allocation Failure) [PSYoungGen: 66944K->1376K(67584K)] 499834K->434266K(581632K), 0.0028839 secs] [Times: user=0.01 sys=0.00, real=0.01 secs] 
1636.852: [GC (Allocation Failure) [PSYoungGen: 66912K->1376K(67584K)] 499802K->434266K(581632K), 0.0028455 secs] [Times: user=0.02 sys=0.00, real=0.00 secs] 
1637.370: [GC (Allocation Failure) [PSYoungGen: 66912K->1344K(67584K)] 499802K->434234K(581632K), 0.0025554 secs] [Times: user=0.01 sys=0.00, real=0.00 secs] 
1637.971: [GC (Allocation Failure) [PSYoungGen: 66880K->1504K(67584K)] 499770K->434394K(581632K), 0.0015884 secs] [Times: user=0.01 sys=0.00, real=0.00 secs] 
1638.356: [GC (Allocation Failure) [PSYoungGen: 67040K->1568K(67584K)] 499930K->434458K(581632K), 0.0018424 secs] [Times: user=0.01 sys=0.00, real=0.00 secs] 
1638.740: [GC (Allocation Failure) [PSYoungGen: 67104K->1549K(67584K)] 499994K->434463K(581632K), 0.0016790 secs] [Times: user=0.01 sys=0.00, real=0.00 secs] 
1639.123: [GC (Allocation Failure) [PSYoungGen: 67085K->1581K(67584K)] 499999K->434503K(581632K), 0.0019076 secs] [Times: user=0.01 sys=0.00, real=0.00 secs] 
1639.726: [GC (Allocation Failure) [PSYoungGen: 67117K->1360K(67584K)] 500039K->434282K(581632K), 0.0024466 secs] [Times: user=0.01 sys=0.00, real=0.00 secs] 
1640.108: [GC (Allocation Failure) [PSYoungGen: 66896K->1376K(67584K)] 499818K->434298K(581632K), 0.0027624 secs] [Times: user=0.01 sys=0.00, real=0.01 secs] 
1640.450: [GC (Allocation Failure) [PSYoungGen: 66912K->1376K(67584K)] 499834K->434298K(581632K), 0.0025850 secs] [Times: user=0.01 sys=0.00, real=0.00 secs] 
1640.761: [GC (Allocation Failure) [PSYoungGen: 66912K->1360K(67584K)] 499834K->434282K(581632K), 0.0020669 secs] [Times: user=0.00 sys=0.00, real=0.00 secs] 
1641.145: [GC (Allocation Failure) [PSYoungGen: 66896K->1472K(67584K)] 499818K->434394K(581632K), 0.0016352 secs] [Times: user=0.01 sys=0.00, real=0.00 secs] 
1641.528: [GC (Allocation Failure) [PSYoungGen: 67008K->1520K(67584K)] 499930K->434442K(581632K), 0.0017986 secs] [Times: user=0.01 sys=0.00, real=0.01 secs] 
1641.914: [GC (Allocation Failure) [PSYoungGen: 67056K->1533K(67584K)] 499978K->434455K(581632K), 0.0018213 secs] [Times: user=0.00 sys=0.00, real=0.00 secs] 
1642.298: [GC (Allocation Failure) [PSYoungGen: 67069K->1565K(67584K)] 499991K->434503K(581632K), 0.0017010 secs] [Times: user=0.01 sys=0.00, real=0.01 secs] 
1642.866: [GC (Allocation Failure) [PSYoungGen: 67101K->1408K(67584K)] 500039K->434346K(581632K), 0.0021771 secs] [Times: user=0.01 sys=0.00, real=0.00 secs] 
1643.332: [GC (Allocation Failure) [PSYoungGen: 66944K->1360K(67584K)] 499882K->434298K(581632K), 0.0021990 secs] [Times: user=0.01 sys=0.00, real=0.00 secs] 
1643.895: [GC (Allocation Failure) [PSYoungGen: 66896K->1376K(67584K)] 499834K->434314K(581632K), 0.0024237 secs] [Times: user=0.01 sys=0.00, real=0.00 secs] 
1644.422: [GC (Allocation Failure) [PSYoungGen: 66912K->1376K(67584K)] 499850K->434314K(581632K), 0.0036321 secs] [Times: user=0.01 sys=0.00, real=0.00 secs] 
1644.937: [GC (Allocation Failure) [PSYoungGen: 66912K->1504K(67584K)] 499850K->434442K(581632K), 0.0016257 secs] [Times: user=0.01 sys=0.00, real=0.01 secs] 
1645.323: [GC (Allocation Failure) [PSYoungGen: 67040K->1597K(67584K)] 499978K->434535K(581632K), 0.0018619 secs] [Times: user=0.00 sys=0.00, real=0.00 secs] 
1645.766: [GC (Allocation Failure) [PSYoungGen: 67133K->1565K(67584K)] 500071K->434503K(581632K), 0.0017523 secs] [Times: user=0.01 sys=0.00, real=0.00 secs] 
1646.149: [GC (Allocation Failure) [PSYoungGen: 67101K->1565K(67584K)] 500039K->434511K(581632K), 0.0019113 secs] [Times: user=0.00 sys=0.00, real=0.01 secs] 
1646.544: [GC (Allocation Failure) [PSYoungGen: 67101K->1376K(67584K)] 500047K->434322K(581632K), 0.0022014 secs] [Times: user=0.01 sys=0.00, real=0.00 secs] 
1646.817: [GC (Allocation Failure) [PSYoungGen: 66912K->1376K(67584K)] 499858K->434322K(581632K), 0.0022330 secs] [Times: user=0.00 sys=0.01, real=0.01 secs] 
1647.130: [GC (Allocation Failure) [PSYoungGen: 66912K->1344K(67584K)] 499858K->434290K(581632K), 0.0027565 secs] [Times: user=0.01 sys=0.00, real=0.00 secs] 
1647.474: [GC (Allocation Failure) [PSYoungGen: 66880K->1376K(67584K)] 499826K->434322K(581632K), 0.0022085 secs] [Times: user=0.01 sys=0.00, real=0.00 secs] 
1647.983: [GC (Allocation Failure) [PSYoungGen: 66912K->1488K(67584K)] 499858K->434434K(581632K), 0.0017503 secs] [Times: user=0.00 sys=0.00, real=0.00 secs] 
1648.366: [GC (Allocation Failure) [PSYoungGen: 67024K->1520K(67584K)] 499970K->434466K(581632K), 0.0016416 secs] [Times: user=0.01 sys=0.00, real=0.00 secs] 
1648.749: [GC (Allocation Failure) [PSYoungGen: 67056K->1613K(67584K)] 500002K->434559K(581632K), 0.0017310 secs] [Times: user=0.00 sys=0.00, real=0.00 secs] 
1649.132: [GC (Allocation Failure) [PSYoungGen: 67149K->1520K(67584K)] 500095K->434490K(581632K), 0.0017361 secs] [Times: user=0.01 sys=0.00, real=0.00 secs] 
1649.703: [GC (Allocation Failure) [PSYoungGen: 67056K->1440K(67584K)] 500026K->434410K(581632K), 0.0021697 secs] [Times: user=0.01 sys=0.00, real=0.00 secs] 
1650.235: [GC (Allocation Failure) [PSYoungGen: 66976K->1376K(67584K)] 499946K->434346K(581632K), 0.0023758 secs] [Times: user=0.01 sys=0.00, real=0.00 secs] 
1650.786: [GC (Allocation Failure) [PSYoungGen: 66912K->1408K(67584K)] 499882K->434378K(581632K), 0.0023079 secs] [Times: user=0.01 sys=0.00, real=0.00 secs] 
1651.320: [GC (Allocation Failure) [PSYoungGen: 66944K->1360K(67584K)] 499914K->434330K(581632K), 0.0031183 secs] [Times: user=0.01 sys=0.00, real=0.00 secs] 
1651.952: [GC (Allocation Failure) [PSYoungGen: 66896K->1472K(67584K)] 499866K->434442K(581632K), 0.0021457 secs] [Times: user=0.01 sys=0.00, real=0.00 secs] 
1652.331: [GC (GCLocker Initiated GC) [PSYoungGen: 67008K->1549K(67584K)] 499978K->434520K(581632K), 0.0017369 secs] [Times: user=0.00 sys=0.00, real=0.00 secs] 
1652.717: [GC (Allocation Failure) [PSYoungGen: 67085K->1488K(67584K)] 500281K->434684K(581632K), 0.0018586 secs] [Times: user=0.01 sys=0.00, real=0.01 secs] 
1653.101: [GC (Allocation Failure) [PSYoungGen: 67024K->1597K(67584K)] 500220K->434801K(581632K), 0.0017392 secs] [Times: user=0.01 sys=0.00, real=0.00 secs] 
1653.868: [GC (Allocation Failure) [PSYoungGen: 67133K->1456K(67584K)] 500337K->434660K(581632K), 0.0021059 secs] [Times: user=0.01 sys=0.00, real=0.01 secs] 
1654.416: [GC (Allocation Failure) [PSYoungGen: 66992K->1440K(67584K)] 500196K->434644K(581632K), 0.0022358 secs] [Times: user=0.01 sys=0.00, real=0.00 secs] 
1654.975: [GC (Allocation Failure) [PSYoungGen: 66976K->1440K(67584K)] 500180K->434644K(581632K), 0.0020708 secs] [Times: user=0.01 sys=0.00, real=0.00 secs] 
1655.247: [GC (Allocation Failure) [PSYoungGen: 66976K->1456K(67584K)] 500180K->434660K(581632K), 0.0019526 secs] [Times: user=0.01 sys=0.00, real=0.01 secs] 
1655.594: [GC (Allocation Failure) [PSYoungGen: 66992K->1536K(67584K)] 500196K->434740K(581632K), 0.0016198 secs] [Times: user=0.00 sys=0.00, real=0.00 secs] 
1655.978: [GC (Allocation Failure) [PSYoungGen: 67072K->1616K(67584K)] 500276K->434820K(581632K), 0.0017926 secs] [Times: user=0.01 sys=0.00, real=0.01 secs] 
1656.362: [GC (Allocation Failure) [PSYoungGen: 67152K->1597K(67584K)] 500356K->434801K(581632K), 0.0017008 secs] [Times: user=0.00 sys=0.00, real=0.00 secs] 
1656.805: [GC (Allocation Failure) [PSYoungGen: 67133K->1629K(67584K)] 500337K->434841K(581632K), 0.0019614 secs] [Times: user=0.00 sys=0.00, real=0.00 secs] 
1657.163: [GC (Allocation Failure) [PSYoungGen: 67165K->1504K(67584K)] 500377K->434716K(581632K), 0.0022237 secs] [Times: user=0.00 sys=0.00, real=0.00 secs] 
1657.558: [GC (Allocation Failure) [PSYoungGen: 67040K->1440K(67584K)] 500252K->434652K(581632K), 0.0021003 secs] [Times: user=0.00 sys=0.00, real=0.01 secs] 
1658.057: [GC (Allocation Failure) [PSYoungGen: 66976K->1440K(67584K)] 500188K->434652K(581632K), 0.0019346 secs] [Times: user=0.00 sys=0.00, real=0.01 secs] 
1658.706: [GC (Allocation Failure) [PSYoungGen: 66976K->1360K(67584K)] 500188K->434620K(581632K), 0.0024120 secs] [Times: user=0.01 sys=0.00, real=0.00 secs] 
1659.263: [GC (Allocation Failure) [PSYoungGen: 66896K->1549K(67584K)] 500156K->434809K(581632K), 0.0016785 secs] [Times: user=0.01 sys=0.00, real=0.00 secs] 
1659.648: [GC (Allocation Failure) [PSYoungGen: 67085K->1597K(67584K)] 500345K->434913K(581632K), 0.0017405 secs] [Times: user=0.00 sys=0.00, real=0.01 secs] 
1660.031: [GC (Allocation Failure) [PSYoungGen: 67133K->1536K(67584K)] 500449K->434852K(581632K), 0.0018096 secs] [Times: user=0.01 sys=0.00, real=0.00 secs] 
1660.423: [GC (Allocation Failure) [PSYoungGen: 67072K->1533K(67584K)] 500388K->434865K(581632K), 0.0016826 secs] [Times: user=0.01 sys=0.00, real=0.00 secs] 
1661.221: [GC (Allocation Failure) [PSYoungGen: 67069K->1408K(67584K)] 500401K->434740K(581632K), 0.0024897 secs] [Times: user=0.01 sys=0.00, real=0.00 secs] 
1662.242: [GC (Allocation Failure) [PSYoungGen: 66944K->1376K(67584K)] 500276K->434708K(581632K), 0.0047050 secs] [Times: user=0.02 sys=0.00, real=0.00 secs] 
1663.293: [GC (Allocation Failure) [PSYoungGen: 66912K->1360K(67584K)] 500244K->434692K(581632K), 0.0044741 secs] [Times: user=0.02 sys=0.00, real=0.00 secs] 
1664.391: [GC (Allocation Failure) [PSYoungGen: 66896K->1344K(67584K)] 500228K->434676K(581632K), 0.0036674 secs] [Times: user=0.01 sys=0.00, real=0.00 secs] 
1664.992: [GC (Allocation Failure) [PSYoungGen: 66880K->1472K(67584K)] 500212K->434804K(581632K), 0.0017029 secs] [Times: user=0.01 sys=0.00, real=0.00 secs] 
1665.376: [GC (Allocation Failure) [PSYoungGen: 67008K->1533K(67584K)] 500340K->434865K(581632K), 0.0017153 secs] [Times: user=0.01 sys=0.00, real=0.00 secs] 
1665.763: [GC (Allocation Failure) [PSYoungGen: 67069K->1565K(67584K)] 500401K->434897K(581632K), 0.0018941 secs] [Times: user=0.01 sys=0.00, real=0.00 secs] 
1666.148: [GC (Allocation Failure) [PSYoungGen: 67101K->1565K(67584K)] 500433K->434913K(581632K), 0.0017062 secs] [Times: user=0.00 sys=0.00, real=0.01 secs] 
1666.505: [GC (Allocation Failure) [PSYoungGen: 67101K->1392K(67584K)] 500449K->434740K(581632K), 0.0020168 secs] [Times: user=0.01 sys=0.00, real=0.00 secs] 
1667.069: [GC (Allocation Failure) [PSYoungGen: 66928K->1360K(67584K)] 500276K->434708K(581632K), 0.0020308 secs] [Times: user=0.01 sys=0.00, real=0.00 secs] 
1667.725: [GC (Allocation Failure) [PSYoungGen: 66896K->1376K(67584K)] 500244K->434724K(581632K), 0.0021882 secs] [Times: user=0.01 sys=0.00, real=0.00 secs] 
1668.433: [GC (Allocation Failure) [PSYoungGen: 66912K->1376K(67584K)] 500260K->434724K(581632K), 0.0025267 secs] [Times: user=0.01 sys=0.00, real=0.00 secs] 
1669.029: [GC (Allocation Failure) [PSYoungGen: 66912K->1472K(67584K)] 500260K->434820K(581632K), 0.0016212 secs] [Times: user=0.00 sys=0.00, real=0.01 secs] 
1669.413: [GC (Allocation Failure) [PSYoungGen: 67008K->1597K(67584K)] 500356K->434945K(581632K), 0.0016883 secs] [Times: user=0.01 sys=0.00, real=0.00 secs] 
1669.796: [GC (Allocation Failure) [PSYoungGen: 67133K->1581K(67584K)] 500481K->434929K(581632K), 0.0017133 secs] [Times: user=0.00 sys=0.00, real=0.00 secs] 
1670.179: [GC (Allocation Failure) [PSYoungGen: 67117K->1565K(67584K)] 500465K->434921K(581632K), 0.0018111 secs] [Times: user=0.01 sys=0.00, real=0.00 secs] 
1670.688: [GC (Allocation Failure) [PSYoungGen: 67101K->1392K(67584K)] 500457K->434748K(581632K), 0.0024935 secs] [Times: user=0.01 sys=0.00, real=0.01 secs] 
1671.179: [GC (Allocation Failure) [PSYoungGen: 66928K->1312K(67584K)] 500284K->434684K(581632K), 0.0022093 secs] [Times: user=0.01 sys=0.00, real=0.00 secs] 
1671.738: [GC (Allocation Failure) [PSYoungGen: 66848K->1344K(67584K)] 500220K->434716K(581632K), 0.0022857 secs] [Times: user=0.01 sys=0.00, real=0.01 secs] 
1672.329: [GC (Allocation Failure) [PSYoungGen: 66880K->1376K(67584K)] 500252K->434756K(581632K), 0.0022646 secs] [Times: user=0.01 sys=0.00, real=0.00 secs] 
1672.857: [GC (Allocation Failure) [PSYoungGen: 66912K->1488K(67584K)] 500292K->434868K(581632K), 0.0017383 secs] [Times: user=0.00 sys=0.00, real=0.00 secs] 
1673.241: [GC (Allocation Failure) [PSYoungGen: 67024K->1549K(67584K)] 500404K->434929K(581632K), 0.0017394 secs] [Times: user=0.01 sys=0.00, real=0.00 secs] 
1673.625: [GC (Allocation Failure) [PSYoungGen: 67085K->1597K(67584K)] 500465K->434977K(581632K), 0.0017662 secs] [Times: user=0.01 sys=0.00, real=0.00 secs] 
1674.008: [GC (Allocation Failure) [PSYoungGen: 67133K->1597K(67584K)] 500513K->434985K(581632K), 0.0017445 secs] [Times: user=0.00 sys=0.00, real=0.01 secs] 
1674.527: [GC (Allocation Failure) [PSYoungGen: 67133K->1440K(67584K)] 500521K->434828K(581632K), 0.0020993 secs] [Times: user=0.01 sys=0.00, real=0.00 secs] 
1675.234: [GC (Allocation Failure) [PSYoungGen: 66976K->1344K(67584K)] 500364K->434732K(581632K), 0.0023390 secs] [Times: user=0.01 sys=0.00, real=0.00 secs] 
1676.318: [GC (Allocation Failure) [PSYoungGen: 66880K->1408K(67584K)] 500268K->434796K(581632K), 0.0024637 secs] [Times: user=0.01 sys=0.00, real=0.01 secs] 
1676.866: [GC (Allocation Failure) [PSYoungGen: 66944K->1408K(67584K)] 500332K->434796K(581632K), 0.0023296 secs] [Times: user=0.01 sys=0.00, real=0.00 secs] 
1677.458: [GC (Allocation Failure) [PSYoungGen: 66944K->1488K(67584K)] 500332K->434876K(581632K), 0.0016842 secs] [Times: user=0.01 sys=0.00, real=0.01 secs] 
1677.842: [GC (Allocation Failure) [PSYoungGen: 67024K->1552K(67584K)] 500412K->434940K(581632K), 0.0017880 secs] [Times: user=0.00 sys=0.00, real=0.00 secs] 
1678.284: [GC (Allocation Failure) [PSYoungGen: 67059K->1581K(67584K)] 500447K->434969K(581632K), 0.0017226 secs] [Times: user=0.01 sys=0.00, real=0.00 secs] 
1678.666: [GC (Allocation Failure) [PSYoungGen: 67117K->1565K(67584K)] 500505K->434961K(581632K), 0.0016721 secs] [Times: user=0.00 sys=0.00, real=0.00 secs] 
1679.091: [GC (Allocation Failure) [PSYoungGen: 67101K->1392K(67584K)] 500497K->434788K(581632K), 0.0022821 secs] [Times: user=0.01 sys=0.00, real=0.00 secs] 
1679.364: [GC (Allocation Failure) [PSYoungGen: 66928K->1344K(67584K)] 500324K->434740K(581632K), 0.0019110 secs] [Times: user=0.01 sys=0.00, real=0.00 secs] 
1679.637: [GC (Allocation Failure) [PSYoungGen: 66880K->1312K(67584K)] 500276K->434708K(581632K), 0.0020991 secs] [Times: user=0.01 sys=0.00, real=0.01 secs] 
1679.963: [GC (Allocation Failure) [PSYoungGen: 66848K->1344K(67584K)] 500244K->434748K(581632K), 0.0019744 secs] [Times: user=0.01 sys=0.00, real=0.00 secs] 
1680.317: [GC (Allocation Failure) [PSYoungGen: 66880K->1424K(67584K)] 500284K->434828K(581632K), 0.0017208 secs] [Times: user=0.00 sys=0.00, real=0.00 secs] 
1680.703: [GC (Allocation Failure) [PSYoungGen: 66960K->1517K(67584K)] 500364K->434921K(581632K), 0.0017349 secs] [Times: user=0.00 sys=0.00, real=0.00 secs] 
1681.094: [GC (Allocation Failure) [PSYoungGen: 67053K->1552K(67584K)] 500457K->434956K(581632K), 0.0019290 secs] [Times: user=0.01 sys=0.00, real=0.00 secs] 
1681.478: [GC (Allocation Failure) [PSYoungGen: 67088K->1581K(67584K)] 500492K->434993K(581632K), 0.0017525 secs] [Times: user=0.00 sys=0.00, real=0.01 secs] 
1682.006: [GC (Allocation Failure) [PSYoungGen: 67117K->1408K(67584K)] 500529K->434828K(581632K), 0.0021346 secs] [Times: user=0.01 sys=0.00, real=0.00 secs] 
1682.394: [GC (Allocation Failure) [PSYoungGen: 66944K->1408K(67584K)] 500364K->434828K(581632K), 0.0022260 secs] [Times: user=0.01 sys=0.00, real=0.00 secs] 
1682.667: [GC (Allocation Failure) [PSYoungGen: 66944K->1408K(67584K)] 500364K->434828K(581632K), 0.0027280 secs] [Times: user=0.01 sys=0.00, real=0.01 secs] 
1682.947: [GC (Allocation Failure) [PSYoungGen: 66944K->1376K(67584K)] 500364K->434796K(581632K), 0.0020379 secs] [Times: user=0.00 sys=0.00, real=0.01 secs] 
1683.406: [GC (Allocation Failure) [PSYoungGen: 66912K->1456K(67584K)] 500332K->434876K(581632K), 0.0016489 secs] [Times: user=0.00 sys=0.00, real=0.00 secs] 
1683.790: [GC (Allocation Failure) [PSYoungGen: 66992K->1597K(67584K)] 500412K->435017K(581632K), 0.0017019 secs] [Times: user=0.01 sys=0.00, real=0.00 secs] 
1684.175: [GC (Allocation Failure) [PSYoungGen: 67133K->1613K(67584K)] 500553K->435033K(581632K), 0.0017356 secs] [Times: user=0.01 sys=0.00, real=0.00 secs] 
1684.558: [GC (Allocation Failure) [PSYoungGen: 67149K->1584K(67584K)] 500569K->435012K(581632K), 0.0017041 secs] [Times: user=0.00 sys=0.00, real=0.01 secs] 
1684.996: [GC (Allocation Failure) [PSYoungGen: 67120K->1456K(67584K)] 500548K->434884K(581632K), 0.0022496 secs] [Times: user=0.01 sys=0.00, real=0.00 secs] 
1685.297: [GC (Allocation Failure) [PSYoungGen: 66992K->1408K(67584K)] 500420K->434836K(581632K), 0.0021478 secs] [Times: user=0.01 sys=0.00, real=0.01 secs] 
1685.647: [GC (Allocation Failure) [PSYoungGen: 66944K->1408K(67584K)] 500372K->434836K(581632K), 0.0031850 secs] [Times: user=0.01 sys=0.00, real=0.01 secs] 
1685.933: [GC (Allocation Failure) [PSYoungGen: 66944K->1408K(67584K)] 500372K->434836K(581632K), 0.0020472 secs] [Times: user=0.00 sys=0.00, real=0.00 secs] 
1686.385: [GC (Allocation Failure) [PSYoungGen: 66944K->1485K(67584K)] 500372K->434913K(581632K), 0.0017747 secs] [Times: user=0.00 sys=0.00, real=0.00 secs] 
1686.769: [GC (Allocation Failure) [PSYoungGen: 67021K->1552K(67584K)] 500449K->434980K(581632K), 0.0017943 secs] [Times: user=0.01 sys=0.00, real=0.00 secs] 
1687.152: [GC (Allocation Failure) [PSYoungGen: 67088K->1597K(67584K)] 500516K->435025K(581632K), 0.0017418 secs] [Times: user=0.00 sys=0.00, real=0.00 secs] 
1687.536: [GC (Allocation Failure) [PSYoungGen: 67133K->1533K(67584K)] 500561K->434977K(581632K), 0.0017286 secs] [Times: user=0.01 sys=0.00, real=0.00 secs] 
1688.154: [GC (Allocation Failure) [PSYoungGen: 67069K->1424K(67584K)] 500513K->434884K(581632K), 0.0019732 secs] [Times: user=0.01 sys=0.00, real=0.00 secs] 
1688.452: [GC (Allocation Failure) [PSYoungGen: 66960K->1344K(67584K)] 500420K->434804K(581632K), 0.0020632 secs] [Times: user=0.01 sys=0.00, real=0.00 secs] 
1688.835: [GC (Allocation Failure) [PSYoungGen: 66880K->1376K(67584K)] 500340K->434836K(581632K), 0.0030436 secs] [Times: user=0.01 sys=0.00, real=0.00 secs] 
1689.389: [GC (Allocation Failure) [PSYoungGen: 66912K->1360K(67584K)] 500372K->434820K(581632K), 0.0028061 secs] [Times: user=0.01 sys=0.00, real=0.00 secs] 
1690.024: [GC (Allocation Failure) [PSYoungGen: 66896K->1472K(67584K)] 500356K->434932K(581632K), 0.0018029 secs] [Times: user=0.00 sys=0.00, real=0.00 secs] 
1690.408: [GC (Allocation Failure) [PSYoungGen: 67008K->1581K(67584K)] 500468K->435041K(581632K), 0.0017357 secs] [Times: user=0.01 sys=0.00, real=0.01 secs] 
1690.794: [GC (Allocation Failure) [PSYoungGen: 67117K->1552K(67584K)] 500577K->435012K(581632K), 0.0017733 secs] [Times: user=0.01 sys=0.00, real=0.00 secs] 
1691.184: [GC (Allocation Failure) [PSYoungGen: 67088K->1533K(67584K)] 500548K->435001K(581632K), 0.0017177 secs] [Times: user=0.01 sys=0.00, real=0.00 secs] 
1691.898: [GC (Allocation Failure) [PSYoungGen: 67069K->1360K(67584K)] 500537K->434828K(581632K), 0.0023984 secs] [Times: user=0.01 sys=0.00, real=0.01 secs] 
1692.436: [GC (Allocation Failure) [PSYoungGen: 66896K->1376K(67584K)] 500364K->434844K(581632K), 0.0022936 secs] [Times: user=0.01 sys=0.00, real=0.00 secs] 
1692.980: [GC (Allocation Failure) [PSYoungGen: 66912K->1376K(67584K)] 500380K->434844K(581632K), 0.0022649 secs] [Times: user=0.01 sys=0.00, real=0.00 secs] 
1693.324: [GC (Allocation Failure) [PSYoungGen: 66912K->1344K(67584K)] 500380K->434812K(581632K), 0.0022346 secs] [Times: user=0.01 sys=0.00, real=0.00 secs] 
1693.717: [GC (Allocation Failure) [PSYoungGen: 66880K->1421K(67584K)] 500348K->434889K(581632K), 0.0016450 secs] [Times: user=0.01 sys=0.00, real=0.01 secs] 
1694.162: [GC (Allocation Failure) [PSYoungGen: 66957K->1565K(67584K)] 500425K->435033K(581632K), 0.0018041 secs] [Times: user=0.01 sys=0.00, real=0.00 secs] 
1694.545: [GC (Allocation Failure) [PSYoungGen: 67101K->1565K(67584K)] 500569K->435041K(581632K), 0.0017638 secs] [Times: user=0.01 sys=0.00, real=0.00 secs] 
1694.987: [GC (Allocation Failure) [PSYoungGen: 67101K->1565K(67584K)] 500577K->435049K(581632K), 0.0017891 secs] [Times: user=0.01 sys=0.00, real=0.01 secs] 
1695.368: [GC (Allocation Failure) [PSYoungGen: 67101K->1408K(67584K)] 500585K->434892K(581632K), 0.0022702 secs] [Times: user=0.01 sys=0.00, real=0.01 secs] 
1695.651: [GC (Allocation Failure) [PSYoungGen: 66944K->1376K(67584K)] 500428K->434876K(581632K), 0.0021279 secs] [Times: user=0.01 sys=0.00, real=0.00 secs] 
1696.003: [GC (Allocation Failure) [PSYoungGen: 66912K->1360K(67584K)] 500412K->434860K(581632K), 0.0020828 secs] [Times: user=0.00 sys=0.00, real=0.00 secs] 
1696.518: [GC (Allocation Failure) [PSYoungGen: 66896K->1376K(67584K)] 500396K->434876K(581632K), 0.0019977 secs] [Times: user=0.01 sys=0.00, real=0.01 secs] 
1697.078: [GC (GCLocker Initiated GC) [PSYoungGen: 66912K->1424K(67584K)] 500412K->434924K(581632K), 0.0016163 secs] [Times: user=0.01 sys=0.00, real=0.01 secs] 
1697.466: [GC (Allocation Failure) [PSYoungGen: 66960K->1485K(67584K)] 501101K->435627K(581632K), 0.0016702 secs] [Times: user=0.00 sys=0.00, real=0.00 secs] 
1697.849: [GC (Allocation Failure) [PSYoungGen: 67021K->1504K(67584K)] 501163K->435645K(581632K), 0.0017338 secs] [Times: user=0.01 sys=0.00, real=0.01 secs] 
1698.232: [GC (Allocation Failure) [PSYoungGen: 67040K->1613K(67584K)] 501181K->435763K(581632K), 0.0016880 secs] [Times: user=0.00 sys=0.00, real=0.00 secs] 
1698.608: [GC (Allocation Failure) [PSYoungGen: 67149K->1488K(67584K)] 501299K->435653K(581632K), 0.0021752 secs] [Times: user=0.01 sys=0.00, real=0.01 secs] 
1698.940: [GC (Allocation Failure) [PSYoungGen: 67024K->1376K(67584K)] 501189K->435541K(581632K), 0.0021131 secs] [Times: user=0.01 sys=0.00, real=0.00 secs] 
1699.223: [GC (Allocation Failure) [PSYoungGen: 66912K->1408K(67584K)] 501077K->435573K(581632K), 0.0021358 secs] [Times: user=0.01 sys=0.00, real=0.00 secs] 
1699.504: [GC (Allocation Failure) [PSYoungGen: 66944K->1392K(67584K)] 501109K->435557K(581632K), 0.0020180 secs] [Times: user=0.01 sys=0.00, real=0.00 secs] 
1699.877: [GC (Allocation Failure) [PSYoungGen: 66928K->1440K(67584K)] 501093K->435605K(581632K), 0.0016472 secs] [Times: user=0.01 sys=0.00, real=0.00 secs] 
1700.261: [GC (Allocation Failure) [PSYoungGen: 66976K->1565K(67584K)] 501141K->435731K(581632K), 0.0018455 secs] [Times: user=0.01 sys=0.00, real=0.00 secs] 
1700.645: [GC (Allocation Failure) [PSYoungGen: 67101K->1581K(67584K)] 501267K->435747K(581632K), 0.0017278 secs] [Times: user=0.00 sys=0.00, real=0.00 secs] 
1701.031: [GC (Allocation Failure) [PSYoungGen: 67117K->1616K(67584K)] 501283K->435797K(581632K), 0.0016779 secs] [Times: user=0.01 sys=0.00, real=0.00 secs] 
1701.710: [GC (Allocation Failure) [PSYoungGen: 67152K->1424K(67584K)] 501333K->435605K(581632K), 0.0025238 secs] [Times: user=0.01 sys=0.00, real=0.00 secs] 
1702.203: [GC (Allocation Failure) [PSYoungGen: 66960K->1344K(67584K)] 501141K->435525K(581632K), 0.0025328 secs] [Times: user=0.01 sys=0.00, real=0.00 secs] 
1702.472: [GC (Allocation Failure) [PSYoungGen: 66880K->1392K(67584K)] 501061K->435573K(581632K), 0.0020400 secs] [Times: user=0.01 sys=0.00, real=0.00 secs] 
1702.744: [GC (Allocation Failure) [PSYoungGen: 66928K->1376K(67584K)] 501109K->435605K(581632K), 0.0018490 secs] [Times: user=0.01 sys=0.00, real=0.00 secs] 
1703.078: [GC (Allocation Failure) [PSYoungGen: 66912K->1472K(67584K)] 501141K->435709K(581632K), 0.0016605 secs] [Times: user=0.00 sys=0.00, real=0.01 secs] 
1703.526: [GC (Allocation Failure) [PSYoungGen: 67008K->1565K(67584K)] 501245K->435803K(581632K), 0.0017697 secs] [Times: user=0.01 sys=0.00, real=0.00 secs] 
1703.909: [GC (Allocation Failure) [PSYoungGen: 67101K->1565K(67584K)] 501339K->435803K(581632K), 0.0017158 secs] [Times: user=0.01 sys=0.00, real=0.00 secs] 
1704.354: [GC (Allocation Failure) [PSYoungGen: 67101K->1565K(67584K)] 501339K->435819K(581632K), 0.0017884 secs] [Times: user=0.00 sys=0.00, real=0.00 secs] 
1704.747: [GC (Allocation Failure) [PSYoungGen: 67101K->1392K(67584K)] 501355K->435645K(581632K), 0.0030097 secs] [Times: user=0.01 sys=0.00, real=0.01 secs] 
1705.048: [GC (Allocation Failure) [PSYoungGen: 66928K->1376K(67584K)] 501181K->435629K(581632K), 0.0020426 secs] [Times: user=0.01 sys=0.00, real=0.01 secs] 
1705.473: [GC (Allocation Failure) [PSYoungGen: 66912K->1376K(67584K)] 501165K->435629K(581632K), 0.0021432 secs] [Times: user=0.01 sys=0.00, real=0.00 secs] 
1705.960: [GC (Allocation Failure) [PSYoungGen: 66912K->1344K(67584K)] 501165K->435597K(581632K), 0.0021774 secs] [Times: user=0.00 sys=0.00, real=0.00 secs] 
1706.474: [GC (Allocation Failure) [PSYoungGen: 66880K->1472K(67584K)] 501133K->435725K(581632K), 0.0017469 secs] [Times: user=0.01 sys=0.00, real=0.00 secs] 
1706.858: [GC (Allocation Failure) [PSYoungGen: 67008K->1536K(67584K)] 501261K->435789K(581632K), 0.0017829 secs] [Times: user=0.01 sys=0.00, real=0.01 secs] 
1707.242: [GC (Allocation Failure) [PSYoungGen: 67049K->1536K(67584K)] 501303K->435789K(581632K), 0.0017081 secs] [Times: user=0.01 sys=0.00, real=0.00 secs] 
1707.626: [GC (Allocation Failure) [PSYoungGen: 67072K->1581K(67584K)] 501325K->435851K(581632K), 0.0017382 secs] [Times: user=0.01 sys=0.00, real=0.00 secs] 
1708.143: [GC (Allocation Failure) [PSYoungGen: 67117K->1424K(67584K)] 501387K->435693K(581632K), 0.0020214 secs] [Times: user=0.01 sys=0.00, real=0.00 secs] 
1708.691: [GC (Allocation Failure) [PSYoungGen: 66960K->1344K(67584K)] 501229K->435629K(581632K), 0.0026242 secs] [Times: user=0.01 sys=0.00, real=0.00 secs] 
1709.114: [GC (Allocation Failure) [PSYoungGen: 66880K->1344K(67584K)] 501165K->435629K(581632K), 0.0020107 secs] [Times: user=0.01 sys=0.00, real=0.00 secs] 
1709.386: [GC (Allocation Failure) [PSYoungGen: 66880K->1344K(67584K)] 501165K->435629K(581632K), 0.0019560 secs] [Times: user=0.01 sys=0.00, real=0.00 secs] 
1709.724: [GC (Allocation Failure) [PSYoungGen: 66880K->1440K(67584K)] 501165K->435725K(581632K), 0.0016076 secs] [Times: user=0.00 sys=0.00, real=0.00 secs] 
1710.109: [GC (Allocation Failure) [PSYoungGen: 66976K->1552K(67584K)] 501261K->435837K(581632K), 0.0016967 secs] [Times: user=0.01 sys=0.00, real=0.01 secs] 
1710.492: [GC (Allocation Failure) [PSYoungGen: 67088K->1613K(67584K)] 501373K->435899K(581632K), 0.0018662 secs] [Times: user=0.01 sys=0.00, real=0.00 secs] 
1710.879: [GC (Allocation Failure) [PSYoungGen: 67149K->1581K(67584K)] 501435K->435875K(581632K), 0.0017850 secs] [Times: user=0.01 sys=0.00, real=0.00 secs] 
1711.531: [GC (Allocation Failure) [PSYoungGen: 67117K->1424K(67584K)] 501411K->435725K(581632K), 0.0020736 secs] [Times: user=0.01 sys=0.00, real=0.00 secs] 
1712.331: [GC (Allocation Failure) [PSYoungGen: 66960K->1376K(67584K)] 501261K->435677K(581632K), 0.0044192 secs] [Times: user=0.02 sys=0.00, real=0.00 secs] 
1713.068: [GC (Allocation Failure) [PSYoungGen: 66912K->1376K(67584K)] 501213K->435677K(581632K), 0.0033901 secs] [Times: user=0.01 sys=0.00, real=0.01 secs] 
1713.678: [GC (Allocation Failure) [PSYoungGen: 66912K->1376K(67584K)] 501213K->435677K(581632K), 0.0028133 secs] [Times: user=0.01 sys=0.00, real=0.01 secs] 
1714.420: [GC (Allocation Failure) [PSYoungGen: 66912K->1504K(67584K)] 501213K->435805K(581632K), 0.0017571 secs] [Times: user=0.01 sys=0.00, real=0.00 secs] 
1714.802: [GC (Allocation Failure) [PSYoungGen: 67040K->1565K(67584K)] 501341K->435867K(581632K), 0.0017479 secs] [Times: user=0.01 sys=0.00, real=0.00 secs] 
1715.188: [GC (Allocation Failure) [PSYoungGen: 67101K->1581K(67584K)] 501403K->435883K(581632K), 0.0016963 secs] [Times: user=0.00 sys=0.00, real=0.01 secs] 
1715.571: [GC (Allocation Failure) [PSYoungGen: 67117K->1552K(67584K)] 501419K->435861K(581632K), 0.0016565 secs] [Times: user=0.01 sys=0.00, real=0.00 secs] 
1716.097: [GC (Allocation Failure) [PSYoungGen: 67088K->1392K(67584K)] 501397K->435701K(581632K), 0.0021645 secs] [Times: user=0.01 sys=0.00, real=0.01 secs] 
1717.061: [GC (Allocation Failure) [PSYoungGen: 66928K->1376K(67584K)] 501237K->435685K(581632K), 0.0028420 secs] [Times: user=0.01 sys=0.00, real=0.00 secs] 
1718.383: [GC (Allocation Failure) [PSYoungGen: 66912K->1376K(67584K)] 501221K->435685K(581632K), 0.0029318 secs] [Times: user=0.02 sys=0.00, real=0.00 secs] 
1719.230: [GC (Allocation Failure) [PSYoungGen: 66912K->1376K(67584K)] 501221K->435685K(581632K), 0.0034289 secs] [Times: user=0.01 sys=0.00, real=0.00 secs] 
1719.994: [GC (Allocation Failure) [PSYoungGen: 66912K->1440K(67584K)] 501221K->435749K(581632K), 0.0015740 secs] [Times: user=0.00 sys=0.00, real=0.00 secs] 
1720.375: [GC (Allocation Failure) [PSYoungGen: 66976K->1613K(67584K)] 501285K->435923K(581632K), 0.0016789 secs] [Times: user=0.00 sys=0.00, real=0.00 secs] 
1720.760: [GC (Allocation Failure) [PSYoungGen: 67149K->1581K(67584K)] 501459K->435891K(581632K), 0.0017388 secs] [Times: user=0.01 sys=0.00, real=0.00 secs] 
1721.149: [GC (Allocation Failure) [PSYoungGen: 67117K->1581K(67584K)] 501427K->435907K(581632K), 0.0017886 secs] [Times: user=0.01 sys=0.00, real=0.00 secs] 
1721.716: [GC (Allocation Failure) [PSYoungGen: 67117K->1424K(67584K)] 501443K->435749K(581632K), 0.0024891 secs] [Times: user=0.01 sys=0.00, real=0.00 secs] 
1722.178: [GC (Allocation Failure) [PSYoungGen: 66960K->1376K(67584K)] 501285K->435717K(581632K), 0.0063926 secs] [Times: user=0.03 sys=0.00, real=0.01 secs] 
1722.538: [GC (Allocation Failure) [PSYoungGen: 66912K->1376K(67584K)] 501253K->435717K(581632K), 0.0029260 secs] [Times: user=0.01 sys=0.00, real=0.01 secs] 
1722.818: [GC (Allocation Failure) [PSYoungGen: 66912K->1376K(67584K)] 501253K->435717K(581632K), 0.0020719 secs] [Times: user=0.01 sys=0.00, real=0.01 secs] 
1723.161: [GC (Allocation Failure) [PSYoungGen: 66912K->1504K(67584K)] 501253K->435845K(581632K), 0.0017552 secs] [Times: user=0.01 sys=0.00, real=0.00 secs] 
1723.543: [GC (Allocation Failure) [PSYoungGen: 67040K->1613K(67584K)] 501381K->435955K(581632K), 0.0017481 secs] [Times: user=0.00 sys=0.00, real=0.00 secs] 
1723.928: [GC (Allocation Failure) [PSYoungGen: 67149K->1552K(67584K)] 501491K->435893K(581632K), 0.0017202 secs] [Times: user=0.01 sys=0.00, real=0.01 secs] 
1724.313: [GC (Allocation Failure) [PSYoungGen: 67088K->1549K(67584K)] 501429K->435899K(581632K), 0.0016806 secs] [Times: user=0.01 sys=0.00, real=0.00 secs] 
1724.719: [GC (Allocation Failure) [PSYoungGen: 67085K->1424K(67584K)] 501435K->435773K(581632K), 0.0017686 secs] [Times: user=0.00 sys=0.00, real=0.00 secs] 
1725.002: [GC (Allocation Failure) [PSYoungGen: 66960K->1328K(67584K)] 501309K->435677K(581632K), 0.0020249 secs] [Times: user=0.01 sys=0.00, real=0.00 secs] 
1725.344: [GC (Allocation Failure) [PSYoungGen: 66864K->1344K(67584K)] 501213K->435693K(581632K), 0.0020107 secs] [Times: user=0.01 sys=0.00, real=0.00 secs] 
1725.837: [GC (Allocation Failure) [PSYoungGen: 66880K->1328K(67584K)] 501229K->435677K(581632K), 0.0020802 secs] [Times: user=0.01 sys=0.00, real=0.01 secs] 
1726.494: [GC (Allocation Failure) [PSYoungGen: 66864K->1440K(67584K)] 501213K->435789K(581632K), 0.0016770 secs] [Times: user=0.00 sys=0.00, real=0.00 secs] 
1726.934: [GC (Allocation Failure) [PSYoungGen: 66976K->1536K(67584K)] 501325K->435885K(581632K), 0.0018061 secs] [Times: user=0.01 sys=0.00, real=0.00 secs] 
1727.320: [GC (Allocation Failure) [PSYoungGen: 67072K->1565K(67584K)] 501421K->435915K(581632K), 0.0017715 secs] [Times: user=0.01 sys=0.00, real=0.00 secs] 
1727.763: [GC (Allocation Failure) [PSYoungGen: 67101K->1597K(67584K)] 501451K->435963K(581632K), 0.0017799 secs] [Times: user=0.01 sys=0.00, real=0.00 secs] 
1728.248: [GC (Allocation Failure) [PSYoungGen: 67133K->1392K(67584K)] 501499K->435757K(581632K), 0.0029936 secs] [Times: user=0.01 sys=0.00, real=0.01 secs] 
1728.524: [GC (Allocation Failure) [PSYoungGen: 66928K->1280K(67584K)] 501293K->435661K(581632K), 0.0021874 secs] [Times: user=0.01 sys=0.00, real=0.00 secs] 
1729.039: [GC (Allocation Failure) [PSYoungGen: 66816K->1328K(67584K)] 501197K->435709K(581632K), 0.0024525 secs] [Times: user=0.01 sys=0.00, real=0.00 secs] 
1729.629: [GC (Allocation Failure) [PSYoungGen: 66864K->1360K(67584K)] 501245K->435741K(581632K), 0.0021503 secs] [Times: user=0.01 sys=0.00, real=0.00 secs] 
1730.298: [GC (Allocation Failure) [PSYoungGen: 66896K->1440K(67584K)] 501277K->435821K(581632K), 0.0015629 secs] [Times: user=0.01 sys=0.00, real=0.01 secs] 
1730.683: [GC (Allocation Failure) [PSYoungGen: 66976K->1613K(67584K)] 501357K->435995K(581632K), 0.0017728 secs] [Times: user=0.00 sys=0.00, real=0.00 secs] 
1731.070: [GC (Allocation Failure) [PSYoungGen: 67149K->1600K(67584K)] 501531K->435981K(581632K), 0.0016741 secs] [Times: user=0.00 sys=0.00, real=0.00 secs] 
1731.457: [GC (Allocation Failure) [PSYoungGen: 67136K->1536K(67584K)] 501517K->435933K(581632K), 0.0017629 secs] [Times: user=0.01 sys=0.00, real=0.00 secs] 
1732.554: [GC (Allocation Failure) [PSYoungGen: 67072K->1376K(67584K)] 501469K->435773K(581632K), 0.0029745 secs] [Times: user=0.01 sys=0.00, real=0.00 secs] 
1733.132: [GC (Allocation Failure) [PSYoungGen: 66912K->1344K(67584K)] 501309K->435741K(581632K), 0.0023542 secs] [Times: user=0.01 sys=0.00, real=0.00 secs] 
1733.424: [GC (Allocation Failure) [PSYoungGen: 66880K->1392K(67584K)] 501277K->435789K(581632K), 0.0022149 secs] [Times: user=0.01 sys=0.00, real=0.00 secs] 
1734.056: [GC (Allocation Failure) [PSYoungGen: 66928K->1360K(67584K)] 501325K->435757K(581632K), 0.0020420 secs] [Times: user=0.01 sys=0.00, real=0.00 secs] 
1734.756: [GC (Allocation Failure) [PSYoungGen: 66896K->1440K(67584K)] 501293K->435837K(581632K), 0.0016811 secs] [Times: user=0.01 sys=0.00, real=0.00 secs] 
1735.138: [GC (Allocation Failure) [PSYoungGen: 66976K->1565K(67584K)] 501373K->435963K(581632K), 0.0017895 secs] [Times: user=0.00 sys=0.00, real=0.01 secs] 
1735.521: [GC (Allocation Failure) [PSYoungGen: 67101K->1565K(67584K)] 501499K->435963K(581632K), 0.0017886 secs] [Times: user=0.01 sys=0.00, real=0.00 secs] 
1735.906: [GC (Allocation Failure) [PSYoungGen: 67101K->1597K(67584K)] 501499K->436003K(581632K), 0.0017673 secs] [Times: user=0.01 sys=0.00, real=0.00 secs] 
1736.262: [GC (Allocation Failure) [PSYoungGen: 67133K->1392K(67584K)] 501539K->435797K(581632K), 0.0021340 secs] [Times: user=0.01 sys=0.00, real=0.00 secs] 
1736.534: [GC (Allocation Failure) [PSYoungGen: 66928K->1360K(67584K)] 501333K->435765K(581632K), 0.0019813 secs] [Times: user=0.01 sys=0.00, real=0.00 secs] 
1736.807: [GC (Allocation Failure) [PSYoungGen: 66896K->1328K(67584K)] 501301K->435733K(581632K), 0.0020216 secs] [Times: user=0.00 sys=0.00, real=0.00 secs] 
1737.079: [GC (Allocation Failure) [PSYoungGen: 66864K->1344K(67584K)] 501269K->435749K(581632K), 0.0020522 secs] [Times: user=0.01 sys=0.00, real=0.00 secs] 
1737.430: [GC (Allocation Failure) [PSYoungGen: 66880K->1440K(67584K)] 501285K->435845K(581632K), 0.0017170 secs] [Times: user=0.00 sys=0.00, real=0.00 secs] 
1737.812: [GC (Allocation Failure) [PSYoungGen: 66976K->1536K(67584K)] 501381K->435941K(581632K), 0.0016961 secs] [Times: user=0.01 sys=0.00, real=0.00 secs] 
1738.256: [GC (Allocation Failure) [PSYoungGen: 67072K->1552K(67584K)] 501477K->435957K(581632K), 0.0017533 secs] [Times: user=0.00 sys=0.00, real=0.00 secs] 
1738.642: [GC (Allocation Failure) [PSYoungGen: 67088K->1533K(67584K)] 501493K->435963K(581632K), 0.0017680 secs] [Times: user=0.01 sys=0.00, real=0.00 secs] 
1739.296: [GC (Allocation Failure) [PSYoungGen: 67069K->1392K(67584K)] 501499K->435821K(581632K), 0.0031383 secs] [Times: user=0.01 sys=0.00, real=0.01 secs] 
1739.744: [GC (Allocation Failure) [PSYoungGen: 66928K->1376K(67584K)] 501357K->435805K(581632K), 0.0021637 secs] [Times: user=0.01 sys=0.00, real=0.00 secs] 
1740.016: [GC (Allocation Failure) [PSYoungGen: 66912K->1344K(67584K)] 501341K->435773K(581632K), 0.0021555 secs] [Times: user=0.01 sys=0.00, real=0.00 secs] 
1740.288: [GC (Allocation Failure) [PSYoungGen: 66880K->1376K(67584K)] 501309K->435805K(581632K), 0.0019384 secs] [Times: user=0.01 sys=0.00, real=0.01 secs] 
1740.630: [GC (Allocation Failure) [PSYoungGen: 66912K->1440K(67584K)] 501341K->435869K(581632K), 0.0017405 secs] [Times: user=0.00 sys=0.00, real=0.00 secs] 
1741.016: [GC (Allocation Failure) [PSYoungGen: 66976K->1536K(67584K)] 501405K->435965K(581632K), 0.0017881 secs] [Times: user=0.00 sys=0.00, real=0.00 secs] 
1741.403: [GC (Allocation Failure) [PSYoungGen: 67072K->1552K(67584K)] 501501K->435981K(581632K), 0.0016963 secs] [Times: user=0.00 sys=0.00, real=0.00 secs] 
1741.787: [GC (Allocation Failure) [PSYoungGen: 67088K->1581K(67584K)] 501517K->436027K(581632K), 0.0017092 secs] [Times: user=0.01 sys=0.00, real=0.00 secs] 
1742.128: [GC (Allocation Failure) [PSYoungGen: 67117K->1424K(67584K)] 501563K->435869K(581632K), 0.0019906 secs] [Times: user=0.00 sys=0.00, real=0.01 secs] 
1742.400: [GC (Allocation Failure) [PSYoungGen: 66960K->1392K(67584K)] 501405K->435837K(581632K), 0.0019614 secs] [Times: user=0.01 sys=0.00, real=0.00 secs] 
1742.673: [GC (Allocation Failure) [PSYoungGen: 66928K->1344K(67584K)] 501373K->435789K(581632K), 0.0018542 secs] [Times: user=0.01 sys=0.00, real=0.00 secs] 
1742.945: [GC (Allocation Failure) [PSYoungGen: 66880K->1344K(67584K)] 501325K->435789K(581632K), 0.0019690 secs] [Times: user=0.01 sys=0.00, real=0.00 secs] 
1743.292: [GC (Allocation Failure) [PSYoungGen: 66880K->1440K(67584K)] 501325K->435885K(581632K), 0.0016395 secs] [Times: user=0.00 sys=0.00, real=0.00 secs] 
1743.674: [GC (Allocation Failure) [PSYoungGen: 66976K->1501K(67584K)] 501421K->435947K(581632K), 0.0016317 secs] [Times: user=0.01 sys=0.00, real=0.00 secs] 
1744.059: [GC (Allocation Failure) [PSYoungGen: 67037K->1565K(67584K)] 501483K->436011K(581632K), 0.0019518 secs] [Times: user=0.01 sys=0.00, real=0.00 secs] 
1744.443: [GC (Allocation Failure) [PSYoungGen: 67101K->1552K(67584K)] 501547K->436005K(581632K), 0.0017722 secs] [Times: user=0.00 sys=0.00, real=0.00 secs] 
1745.067: [GC (Allocation Failure) [PSYoungGen: 67088K->1376K(67584K)] 501541K->435829K(581632K), 0.0022255 secs] [Times: user=0.00 sys=0.00, real=0.01 secs] 
1745.700: [GC (Allocation Failure) [PSYoungGen: 66912K->1376K(67584K)] 501365K->435829K(581632K), 0.0041437 secs] [Times: user=0.01 sys=0.00, real=0.00 secs] 
1746.283: [GC (Allocation Failure) [PSYoungGen: 66912K->1376K(67584K)] 501365K->435829K(581632K), 0.0033341 secs] [Times: user=0.02 sys=0.00, real=0.00 secs] 
1746.826: [GC (Allocation Failure) [PSYoungGen: 66912K->1344K(67584K)] 501365K->435797K(581632K), 0.0024375 secs] [Times: user=0.01 sys=0.00, real=0.00 secs] 
1747.339: [GC (Allocation Failure) [PSYoungGen: 66880K->1440K(67584K)] 501333K->435893K(581632K), 0.0016201 secs] [Times: user=0.01 sys=0.00, real=0.00 secs] 
1747.721: [GC (Allocation Failure) [PSYoungGen: 66976K->1581K(67584K)] 501429K->436035K(581632K), 0.0016705 secs] [Times: user=0.01 sys=0.00, real=0.00 secs] 
1748.107: [GC (Allocation Failure) [PSYoungGen: 67117K->1536K(67584K)] 501571K->435989K(581632K), 0.0017352 secs] [Times: user=0.01 sys=0.00, real=0.01 secs] 
1748.490: [GC (Allocation Failure) [PSYoungGen: 67072K->1536K(67584K)] 501525K->435997K(581632K), 0.0017007 secs] [Times: user=0.01 sys=0.00, real=0.00 secs] 
1749.159: [GC (Allocation Failure) [PSYoungGen: 67072K->1376K(67584K)] 501533K->435853K(581632K), 0.0021747 secs] [Times: user=0.00 sys=0.00, real=0.01 secs] 
1750.147: [GC (Allocation Failure) [PSYoungGen: 66912K->1376K(67584K)] 501389K->435853K(581632K), 0.0023710 secs] [Times: user=0.01 sys=0.00, real=0.01 secs] 
1751.285: [GC (Allocation Failure) [PSYoungGen: 66912K->1376K(67584K)] 501389K->435853K(581632K), 0.0024074 secs] [Times: user=0.01 sys=0.00, real=0.00 secs] 
1752.060: [GC (Allocation Failure) [PSYoungGen: 66912K->1312K(67584K)] 501389K->435789K(581632K), 0.0022413 secs] [Times: user=0.01 sys=0.00, real=0.00 secs] 
1752.504: [GC (Allocation Failure) [PSYoungGen: 66848K->1408K(67584K)] 501325K->435885K(581632K), 0.0016125 secs] [Times: user=0.00 sys=0.00, real=0.00 secs] 
1752.898: [GC (Allocation Failure) [PSYoungGen: 66944K->1584K(67584K)] 501421K->436061K(581632K), 0.0017080 secs] [Times: user=0.01 sys=0.00, real=0.01 secs] 
1753.280: [GC (Allocation Failure) [PSYoungGen: 67120K->1552K(67584K)] 501597K->436029K(581632K), 0.0016531 secs] [Times: user=0.01 sys=0.00, real=0.00 secs] 
1753.664: [GC (Allocation Failure) [PSYoungGen: 67088K->1552K(67584K)] 501565K->436037K(581632K), 0.0018413 secs] [Times: user=0.01 sys=0.00, real=0.00 secs] 
1754.742: [GC (Allocation Failure) [PSYoungGen: 67088K->1424K(67584K)] 501573K->435909K(581632K), 0.0041319 secs] [Times: user=0.01 sys=0.01, real=0.00 secs] 
1755.601: [GC (Allocation Failure) [PSYoungGen: 66960K->1344K(67584K)] 501445K->435829K(581632K), 0.0032836 secs] [Times: user=0.01 sys=0.00, real=0.00 secs] 
1756.270: [GC (Allocation Failure) [PSYoungGen: 66880K->1376K(67584K)] 501365K->435861K(581632K), 0.0029707 secs] [Times: user=0.02 sys=0.00, real=0.00 secs] 
1756.845: [GC (Allocation Failure) [PSYoungGen: 66912K->1344K(67584K)] 501397K->435829K(581632K), 0.0034222 secs] [Times: user=0.01 sys=0.00, real=0.01 secs] 
1757.355: [GC (Allocation Failure) [PSYoungGen: 66880K->1437K(67584K)] 501365K->435923K(581632K), 0.0017339 secs] [Times: user=0.01 sys=0.00, real=0.00 secs] 
1757.739: [GC (Allocation Failure) [PSYoungGen: 66973K->1600K(67584K)] 501459K->436085K(581632K), 0.0018231 secs] [Times: user=0.00 sys=0.00, real=0.00 secs] 
1758.122: [GC (Allocation Failure) [PSYoungGen: 67136K->1613K(67584K)] 501621K->436099K(581632K), 0.0017462 secs] [Times: user=0.01 sys=0.00, real=0.00 secs] 
1758.507: [GC (Allocation Failure) [PSYoungGen: 67149K->1600K(67584K)] 501635K->436101K(581632K), 0.0017363 secs] [Times: user=0.01 sys=0.00, real=0.00 secs] 
1759.160: [GC (Allocation Failure) [PSYoungGen: 67136K->1408K(67584K)] 501637K->435909K(581632K), 0.0024034 secs] [Times: user=0.01 sys=0.00, real=0.00 secs] 
1759.810: [GC (Allocation Failure) [PSYoungGen: 66944K->1376K(67584K)] 501445K->435877K(581632K), 0.0033783 secs] [Times: user=0.01 sys=0.00, real=0.00 secs] 
1760.371: [GC (Allocation Failure) [PSYoungGen: 66912K->1360K(67584K)] 501413K->435861K(581632K), 0.0025600 secs] [Times: user=0.01 sys=0.00, real=0.00 secs] 
1760.947: [GC (Allocation Failure) [PSYoungGen: 66896K->1360K(67584K)] 501397K->435885K(581632K), 0.0030451 secs] [Times: user=0.02 sys=0.00, real=0.01 secs] 
1761.583: [GC (Allocation Failure) [PSYoungGen: 66896K->1472K(67584K)] 501421K->435997K(581632K), 0.0018633 secs] [Times: user=0.01 sys=0.00, real=0.00 secs] 
1762.026: [GC (Allocation Failure) [PSYoungGen: 67008K->1520K(67584K)] 501533K->436045K(581632K), 0.0017081 secs] [Times: user=0.00 sys=0.00, real=0.00 secs] 
1762.474: [GC (Allocation Failure) [PSYoungGen: 67056K->1565K(67584K)] 501581K->436091K(581632K), 0.0017726 secs] [Times: user=0.00 sys=0.00, real=0.00 secs] 
1762.862: [GC (Allocation Failure) [PSYoungGen: 67101K->1613K(67584K)] 501627K->436155K(581632K), 0.0017479 secs] [Times: user=0.00 sys=0.00, real=0.00 secs] 
1763.581: [GC (Allocation Failure) [PSYoungGen: 67149K->1408K(67584K)] 501691K->435949K(581632K), 0.0042201 secs] [Times: user=0.02 sys=0.00, real=0.00 secs] 
1764.457: [GC (Allocation Failure) [PSYoungGen: 66944K->1376K(67584K)] 501485K->435917K(581632K), 0.0034039 secs] [Times: user=0.01 sys=0.00, real=0.01 secs] 
1765.258: [GC (Allocation Failure) [PSYoungGen: 66912K->1376K(67584K)] 501453K->435917K(581632K), 0.0031250 secs] [Times: user=0.01 sys=0.00, real=0.01 secs] 
1766.075: [GC (Allocation Failure) [PSYoungGen: 66912K->1376K(67584K)] 501453K->435917K(581632K), 0.0043867 secs] [Times: user=0.02 sys=0.00, real=0.01 secs] 
1766.834: [GC (Allocation Failure) [PSYoungGen: 66912K->1488K(67584K)] 501453K->436029K(581632K), 0.0017239 secs] [Times: user=0.01 sys=0.00, real=0.00 secs] 
1767.219: [GC (Allocation Failure) [PSYoungGen: 67024K->1565K(67584K)] 501565K->436107K(581632K), 0.0017995 secs] [Times: user=0.00 sys=0.00, real=0.00 secs] 
1767.602: [GC (Allocation Failure) [PSYoungGen: 67101K->1565K(67584K)] 501643K->436107K(581632K), 0.0016892 secs] [Times: user=0.01 sys=0.00, real=0.00 secs] 
1767.987: [GC (Allocation Failure) [PSYoungGen: 67101K->1536K(67584K)] 501643K->436085K(581632K), 0.0018177 secs] [Times: user=0.01 sys=0.00, real=0.00 secs] 
1768.441: [GC (Allocation Failure) [PSYoungGen: 67072K->1408K(67584K)] 501621K->435957K(581632K), 0.0021904 secs] [Times: user=0.00 sys=0.00, real=0.00 secs] 
1769.047: [GC (Allocation Failure) [PSYoungGen: 66944K->1376K(67584K)] 501493K->435925K(581632K), 0.0021327 secs] [Times: user=0.00 sys=0.00, real=0.01 secs] 
1769.929: [GC (Allocation Failure) [PSYoungGen: 66912K->1344K(67584K)] 501461K->435893K(581632K), 0.0042255 secs] [Times: user=0.01 sys=0.00, real=0.01 secs] 
1770.684: [GC (Allocation Failure) [PSYoungGen: 66880K->1376K(67584K)] 501429K->435925K(581632K), 0.0036227 secs] [Times: user=0.02 sys=0.00, real=0.00 secs] 
1771.546: [GC (Allocation Failure) [PSYoungGen: 66912K->1456K(67584K)] 501461K->436005K(581632K), 0.0020319 secs] [Times: user=0.00 sys=0.00, real=0.00 secs] 
1771.932: [GC (Allocation Failure) [PSYoungGen: 66992K->1536K(67584K)] 501541K->436109K(581632K), 0.0017622 secs] [Times: user=0.01 sys=0.00, real=0.00 secs] 
1772.315: [GC (Allocation Failure) [PSYoungGen: 67072K->1520K(67584K)] 501645K->436093K(581632K), 0.0016327 secs] [Times: user=0.01 sys=0.01, real=0.00 secs] 
1772.701: [GC (Allocation Failure) [PSYoungGen: 67056K->1536K(67584K)] 501629K->436117K(581632K), 0.0019001 secs] [Times: user=0.01 sys=0.00, real=0.00 secs] 
1773.055: [GC (Allocation Failure) [PSYoungGen: 67072K->1424K(67584K)] 501653K->436005K(581632K), 0.0024226 secs] [Times: user=0.01 sys=0.00, real=0.00 secs] 
1773.328: [GC (Allocation Failure) [PSYoungGen: 66960K->1376K(67584K)] 501541K->435957K(581632K), 0.0017578 secs] [Times: user=0.01 sys=0.00, real=0.01 secs] 
1773.599: [GC (Allocation Failure) [PSYoungGen: 66912K->1408K(67584K)] 501493K->435989K(581632K), 0.0016083 secs] [Times: user=0.00 sys=0.00, real=0.00 secs] 
1773.873: [GC (Allocation Failure) [PSYoungGen: 66944K->1408K(67584K)] 501525K->435989K(581632K), 0.0028665 secs] [Times: user=0.02 sys=0.00, real=0.00 secs] 
1774.234: [GC (Allocation Failure) [PSYoungGen: 66944K->1536K(67584K)] 501525K->436117K(581632K), 0.0017038 secs] [Times: user=0.00 sys=0.00, real=0.00 secs] 
1774.618: [GC (Allocation Failure) [PSYoungGen: 67072K->1552K(67584K)] 501653K->436133K(581632K), 0.0017389 secs] [Times: user=0.01 sys=0.00, real=0.01 secs] 
1775.000: [GC (Allocation Failure) [PSYoungGen: 67088K->1597K(67584K)] 501669K->436179K(581632K), 0.0018754 secs] [Times: user=0.01 sys=0.00, real=0.00 secs] 
1775.385: [GC (Allocation Failure) [PSYoungGen: 67133K->1613K(67584K)] 501715K->436203K(581632K), 0.0017350 secs] [Times: user=0.01 sys=0.00, real=0.00 secs] 
1775.887: [GC (Allocation Failure) [PSYoungGen: 67149K->1408K(67584K)] 501739K->435997K(581632K), 0.0019923 secs] [Times: user=0.01 sys=0.00, real=0.01 secs] 
1776.321: [GC (Allocation Failure) [PSYoungGen: 66944K->1376K(67584K)] 501533K->435965K(581632K), 0.0019434 secs] [Times: user=0.01 sys=0.00, real=0.00 secs] 
1776.594: [GC (Allocation Failure) [PSYoungGen: 66912K->1408K(67584K)] 501501K->435997K(581632K), 0.0018206 secs] [Times: user=0.01 sys=0.00, real=0.00 secs] 
1776.866: [GC (Allocation Failure) [PSYoungGen: 66944K->1376K(67584K)] 501533K->435965K(581632K), 0.0017916 secs] [Times: user=0.01 sys=0.00, real=0.00 secs] 
1777.283: [GC (Allocation Failure) [PSYoungGen: 66912K->1536K(67584K)] 501501K->436125K(581632K), 0.0017170 secs] [Times: user=0.01 sys=0.00, real=0.00 secs] 
1777.725: [GC (Allocation Failure) [PSYoungGen: 67072K->1581K(67584K)] 501661K->436171K(581632K), 0.0017737 secs] [Times: user=0.01 sys=0.00, real=0.00 secs] 
1778.108: [GC (Allocation Failure) [PSYoungGen: 67117K->1520K(67584K)] 501707K->436141K(581632K), 0.0017852 secs] [Times: user=0.01 sys=0.00, real=0.01 secs] 
1778.492: [GC (Allocation Failure) [PSYoungGen: 67056K->1549K(67584K)] 501677K->436187K(581632K), 0.0018001 secs] [Times: user=0.01 sys=0.00, real=0.00 secs] 
1779.390: [GC (Allocation Failure) [PSYoungGen: 67085K->1408K(67584K)] 501723K->436045K(581632K), 0.0038810 secs] [Times: user=0.02 sys=0.00, real=0.00 secs] 
1780.439: [GC (Allocation Failure) [PSYoungGen: 66944K->1344K(67584K)] 501581K->435981K(581632K), 0.0044566 secs] [Times: user=0.02 sys=0.00, real=0.00 secs] 
1781.351: [GC (Allocation Failure) [PSYoungGen: 66880K->1344K(67584K)] 501517K->435981K(581632K), 0.0039664 secs] [Times: user=0.01 sys=0.00, real=0.00 secs] 
1782.090: [GC (Allocation Failure) [PSYoungGen: 66880K->1376K(67584K)] 501517K->436013K(581632K), 0.0029451 secs] [Times: user=0.02 sys=0.00, real=0.00 secs] 
1782.634: [GC (Allocation Failure) [PSYoungGen: 66912K->1440K(67584K)] 501549K->436077K(581632K), 0.0016708 secs] [Times: user=0.00 sys=0.00, real=0.00 secs] 
1783.016: [GC (Allocation Failure) [PSYoungGen: 66976K->1533K(67584K)] 501613K->436171K(581632K), 0.0017845 secs] [Times: user=0.01 sys=0.00, real=0.00 secs] 
1783.408: [GC (Allocation Failure) [PSYoungGen: 67069K->1565K(67584K)] 501707K->436203K(581632K), 0.0017437 secs] [Times: user=0.01 sys=0.00, real=0.01 secs] 
1783.856: [GC (Allocation Failure) [PSYoungGen: 67101K->1549K(67584K)] 501739K->436195K(581632K), 0.0018252 secs] [Times: user=0.01 sys=0.00, real=0.00 secs] 
1784.532: [GC (Allocation Failure) [PSYoungGen: 67085K->1440K(67584K)] 501731K->436085K(581632K), 0.0032706 secs] [Times: user=0.02 sys=0.00, real=0.00 secs] 
1785.259: [GC (Allocation Failure) [PSYoungGen: 66976K->1344K(67584K)] 501621K->435989K(581632K), 0.0028120 secs] [Times: user=0.01 sys=0.00, real=0.00 secs] 
1786.198: [GC (Allocation Failure) [PSYoungGen: 66880K->1376K(67584K)] 501525K->436021K(581632K), 0.0027599 secs] [Times: user=0.02 sys=0.00, real=0.01 secs] 
1787.310: [GC (Allocation Failure) [PSYoungGen: 66912K->1344K(67584K)] 501557K->435989K(581632K), 0.0029841 secs] [Times: user=0.01 sys=0.00, real=0.00 secs] 
1788.303: [GC (Allocation Failure) [PSYoungGen: 66880K->1456K(67584K)] 501525K->436101K(581632K), 0.0016075 secs] [Times: user=0.00 sys=0.00, real=0.00 secs] 
1788.684: [GC (Allocation Failure) [PSYoungGen: 66992K->1568K(67584K)] 501637K->436213K(581632K), 0.0017526 secs] [Times: user=0.01 sys=0.00, real=0.00 secs] 
1789.068: [GC (Allocation Failure) [PSYoungGen: 67104K->1536K(67584K)] 501749K->436181K(581632K), 0.0017946 secs] [Times: user=0.01 sys=0.00, real=0.01 secs] 
1789.453: [GC (Allocation Failure) [PSYoungGen: 67072K->1613K(67584K)] 501717K->436275K(581632K), 0.0017491 secs] [Times: user=0.00 sys=0.00, real=0.00 secs] 
1790.178: [GC (Allocation Failure) [PSYoungGen: 67149K->1424K(67584K)] 501811K->436085K(581632K), 0.0022441 secs] [Times: user=0.01 sys=0.00, real=0.01 secs] 
1791.162: [GC (Allocation Failure) [PSYoungGen: 66960K->1376K(67584K)] 501621K->436037K(581632K), 0.0024065 secs] [Times: user=0.01 sys=0.00, real=0.00 secs] 
1792.135: [GC (Allocation Failure) [PSYoungGen: 66912K->1376K(67584K)] 501573K->436037K(581632K), 0.0029172 secs] [Times: user=0.01 sys=0.00, real=0.00 secs] 
1792.841: [GC (Allocation Failure) [PSYoungGen: 66912K->1360K(67584K)] 501573K->436029K(581632K), 0.0028290 secs] [Times: user=0.01 sys=0.00, real=0.00 secs] 
1793.461: [GC (Allocation Failure) [PSYoungGen: 66872K->1456K(67584K)] 501542K->436125K(581632K), 0.0016862 secs] [Times: user=0.00 sys=0.00, real=0.00 secs] 
1793.855: [GC (Allocation Failure) [PSYoungGen: 66992K->1613K(67584K)] 501661K->436283K(581632K), 0.0016802 secs] [Times: user=0.01 sys=0.00, real=0.00 secs] 
1794.241: [GC (Allocation Failure) [PSYoungGen: 67149K->1613K(67584K)] 501819K->436283K(581632K), 0.0017439 secs] [Times: user=0.00 sys=0.01, real=0.00 secs] 
1794.625: [GC (Allocation Failure) [PSYoungGen: 67149K->1581K(67584K)] 501819K->436259K(581632K), 0.0017386 secs] [Times: user=0.01 sys=0.00, real=0.00 secs] 
1795.078: [GC (Allocation Failure) [PSYoungGen: 67117K->1456K(67584K)] 501795K->436133K(581632K), 0.0020318 secs] [Times: user=0.01 sys=0.00, real=0.01 secs] 
1795.582: [GC (Allocation Failure) [PSYoungGen: 66992K->1376K(67584K)] 501669K->436053K(581632K), 0.0019724 secs] [Times: user=0.01 sys=0.00, real=0.00 secs] 
1796.256: [GC (Allocation Failure) [PSYoungGen: 66912K->1376K(67584K)] 501589K->436053K(581632K), 0.0026755 secs] [Times: user=0.01 sys=0.00, real=0.00 secs] 
1797.058: [GC (Allocation Failure) [PSYoungGen: 66912K->1376K(67584K)] 501589K->436053K(581632K), 0.0030444 secs] [Times: user=0.01 sys=0.00, real=0.01 secs] 
1798.108: [GC (Allocation Failure) [PSYoungGen: 66912K->1456K(67584K)] 501589K->436133K(581632K), 0.0021973 secs] [Times: user=0.01 sys=0.00, real=0.01 secs] 
1798.504: [GC (Allocation Failure) [PSYoungGen: 66992K->1581K(67584K)] 501669K->436259K(581632K), 0.0019293 secs] [Times: user=0.01 sys=0.00, real=0.00 secs] 
1798.893: [GC (Allocation Failure) [PSYoungGen: 67117K->1549K(67584K)] 501795K->436227K(581632K), 0.0017144 secs] [Times: user=0.01 sys=0.00, real=0.00 secs] 
1799.277: [GC (Allocation Failure) [PSYoungGen: 67085K->1520K(67584K)] 501763K->436205K(581632K), 0.0017310 secs] [Times: user=0.00 sys=0.00, real=0.00 secs] 
1799.648: [GC (Allocation Failure) [PSYoungGen: 67056K->1408K(67584K)] 501741K->436093K(581632K), 0.0016736 secs] [Times: user=0.00 sys=0.00, real=0.01 secs] 
1800.059: [GC (Allocation Failure) [PSYoungGen: 66944K->1376K(67584K)] 501629K->436061K(581632K), 0.0038028 secs] [Times: user=0.02 sys=0.00, real=0.00 secs] 
1800.540: [GC (Allocation Failure) [PSYoungGen: 66912K->1344K(67584K)] 501597K->436037K(581632K), 0.0028302 secs] [Times: user=0.01 sys=0.00, real=0.00 secs] 
1801.041: [GC (Allocation Failure) [PSYoungGen: 66880K->1376K(67584K)] 501573K->436069K(581632K), 0.0028052 secs] [Times: user=0.01 sys=0.00, real=0.00 secs] 
1801.615: [GC (Allocation Failure) [PSYoungGen: 66912K->1472K(67584K)] 501605K->436165K(581632K), 0.0017582 secs] [Times: user=0.00 sys=0.00, real=0.00 secs] 
1801.999: [GC (Allocation Failure) [PSYoungGen: 67008K->1613K(67584K)] 501701K->436307K(581632K), 0.0017452 secs] [Times: user=0.01 sys=0.00, real=0.00 secs] 
1802.383: [GC (Allocation Failure) [PSYoungGen: 67149K->1565K(67584K)] 501843K->436259K(581632K), 0.0016775 secs] [Times: user=0.00 sys=0.00, real=0.00 secs] 
1802.827: [GC (Allocation Failure) [PSYoungGen: 67101K->1533K(67584K)] 501795K->436235K(581632K), 0.0018589 secs] [Times: user=0.01 sys=0.00, real=0.01 secs] 
1803.209: [GC (Allocation Failure) [PSYoungGen: 67069K->1440K(67584K)] 501771K->436141K(581632K), 0.0026201 secs] [Times: user=0.01 sys=0.01, real=0.00 secs] 
1803.483: [GC (Allocation Failure) [PSYoungGen: 66976K->1376K(67584K)] 501677K->436077K(581632K), 0.0020160 secs] [Times: user=0.01 sys=0.00, real=0.00 secs] 
1803.823: [GC (Allocation Failure) [PSYoungGen: 66912K->1376K(67584K)] 501613K->436077K(581632K), 0.0026613 secs] [Times: user=0.01 sys=0.00, real=0.00 secs] 
1804.335: [GC (Allocation Failure) [PSYoungGen: 66912K->1376K(67584K)] 501613K->436077K(581632K), 0.0021542 secs] [Times: user=0.01 sys=0.00, real=0.00 secs] 
1804.863: [GC (Allocation Failure) [PSYoungGen: 66898K->1488K(67584K)] 501600K->436189K(581632K), 0.0017519 secs] [Times: user=0.01 sys=0.00, real=0.00 secs] 
1805.246: [GC (Allocation Failure) [PSYoungGen: 67024K->1581K(67584K)] 501725K->436283K(581632K), 0.0018213 secs] [Times: user=0.01 sys=0.00, real=0.00 secs] 
1805.628: [GC (Allocation Failure) [PSYoungGen: 67117K->1597K(67584K)] 501819K->436299K(581632K), 0.0017435 secs] [Times: user=0.01 sys=0.00, real=0.01 secs] 
1806.012: [GC (Allocation Failure) [PSYoungGen: 67133K->1581K(67584K)] 501835K->436299K(581632K), 0.0017100 secs] [Times: user=0.00 sys=0.00, real=0.00 secs] 
1806.388: [GC (Allocation Failure) [PSYoungGen: 67117K->1520K(67584K)] 501835K->436237K(581632K), 0.0019895 secs] [Times: user=0.01 sys=0.00, real=0.01 secs] 
1806.765: [GC (Allocation Failure) [PSYoungGen: 67056K->1312K(67584K)] 501773K->436029K(581632K), 0.0021440 secs] [Times: user=0.00 sys=0.00, real=0.00 secs] 
1807.347: [GC (Allocation Failure) [PSYoungGen: 66848K->1376K(67584K)] 501565K->436093K(581632K), 0.0033158 secs] [Times: user=0.01 sys=0.00, real=0.01 secs] 
1807.904: [GC (Allocation Failure) [PSYoungGen: 66912K->1376K(67584K)] 501629K->436093K(581632K), 0.0030281 secs] [Times: user=0.01 sys=0.00, real=0.00 secs] 
1808.547: [GC (Allocation Failure) [PSYoungGen: 66912K->1488K(67584K)] 501629K->436205K(581632K), 0.0019756 secs] [Times: user=0.01 sys=0.00, real=0.01 secs] 
1809.024: [GC (Allocation Failure) [PSYoungGen: 67024K->1581K(67584K)] 501741K->436323K(581632K), 0.0019754 secs] [Times: user=0.01 sys=0.00, real=0.00 secs] 
1809.465: [GC (Allocation Failure) [PSYoungGen: 67117K->1581K(67584K)] 501859K->436323K(581632K), 0.0017890 secs] [Times: user=0.01 sys=0.00, real=0.00 secs] 
1809.849: [GC (Allocation Failure) [PSYoungGen: 67117K->1597K(67584K)] 501859K->436347K(581632K), 0.0017835 secs] [Times: user=0.01 sys=0.00, real=0.01 secs] 
1810.205: [GC (Allocation Failure) [PSYoungGen: 67133K->1472K(67584K)] 501883K->436221K(581632K), 0.0027439 secs] [Times: user=0.01 sys=0.00, real=0.00 secs] 
1810.480: [GC (Allocation Failure) [PSYoungGen: 67008K->1344K(67584K)] 501757K->436093K(581632K), 0.0022117 secs] [Times: user=0.01 sys=0.00, real=0.00 secs] 
1810.753: [GC (Allocation Failure) [PSYoungGen: 66880K->1312K(67584K)] 501629K->436061K(581632K), 0.0021052 secs] [Times: user=0.01 sys=0.00, real=0.00 secs] 
1811.025: [GC (Allocation Failure) [PSYoungGen: 66848K->1376K(67584K)] 501597K->436125K(581632K), 0.0024747 secs] [Times: user=0.01 sys=0.00, real=0.00 secs] 
1811.393: [GC (Allocation Failure) [PSYoungGen: 66900K->1488K(67584K)] 501650K->436237K(581632K), 0.0017450 secs] [Times: user=0.01 sys=0.00, real=0.00 secs] 
1811.781: [GC (Allocation Failure) [PSYoungGen: 67024K->1600K(67584K)] 501773K->436349K(581632K), 0.0017136 secs] [Times: user=0.01 sys=0.00, real=0.00 secs] 
1812.163: [GC (Allocation Failure) [PSYoungGen: 67136K->1613K(67584K)] 501885K->436363K(581632K), 0.0018809 secs] [Times: user=0.01 sys=0.00, real=0.00 secs] 
1812.547: [GC (Allocation Failure) [PSYoungGen: 67149K->1536K(67584K)] 501899K->436293K(581632K), 0.0018421 secs] [Times: user=0.01 sys=0.00, real=0.00 secs] 
1812.990: [GC (Allocation Failure) [PSYoungGen: 67072K->1424K(67584K)] 501829K->436181K(581632K), 0.0027906 secs] [Times: user=0.01 sys=0.00, real=0.00 secs] 
1813.301: [GC (Allocation Failure) [PSYoungGen: 66960K->1344K(67584K)] 501717K->436109K(581632K), 0.0023397 secs] [Times: user=0.01 sys=0.00, real=0.00 secs] 
1813.576: [GC (Allocation Failure) [PSYoungGen: 66880K->1392K(67584K)] 501645K->436157K(581632K), 0.0022748 secs] [Times: user=0.01 sys=0.00, real=0.00 secs] 
1813.897: [GC (Allocation Failure) [PSYoungGen: 66928K->1376K(67584K)] 501693K->436141K(581632K), 0.0021280 secs] [Times: user=0.01 sys=0.00, real=0.01 secs] 
1814.219: [GC (Allocation Failure) [PSYoungGen: 66898K->1440K(67584K)] 501664K->436213K(581632K), 0.0015706 secs] [Times: user=0.01 sys=0.00, real=0.00 secs] 
1814.601: [GC (Allocation Failure) [PSYoungGen: 66976K->1581K(67584K)] 501749K->436355K(581632K), 0.0017422 secs] [Times: user=0.00 sys=0.00, real=0.00 secs] 
1814.987: [GC (Allocation Failure) [PSYoungGen: 67117K->1581K(67584K)] 501891K->436355K(581632K), 0.0017423 secs] [Times: user=0.01 sys=0.00, real=0.00 secs] 
1815.373: [GC (Allocation Failure) [PSYoungGen: 67117K->1613K(67584K)] 501891K->436395K(581632K), 0.0017459 secs] [Times: user=0.01 sys=0.00, real=0.00 secs] 
1816.045: [GC (Allocation Failure) [PSYoungGen: 67149K->1456K(67584K)] 501931K->436237K(581632K), 0.0027187 secs] [Times: user=0.01 sys=0.00, real=0.00 secs] 
1816.418: [GC (Allocation Failure) [PSYoungGen: 66992K->1376K(67584K)] 501773K->436157K(581632K), 0.0022673 secs] [Times: user=0.01 sys=0.00, real=0.01 secs] 
1816.691: [GC (Allocation Failure) [PSYoungGen: 66912K->1344K(67584K)] 501693K->436125K(581632K), 0.0021598 secs] [Times: user=0.01 sys=0.00, real=0.00 secs] 
1816.963: [GC (Allocation Failure) [PSYoungGen: 66880K->1376K(67584K)] 501661K->436157K(581632K), 0.0020236 secs] [Times: user=0.01 sys=0.00, real=0.00 secs] 
1817.294: [GC (Allocation Failure) [PSYoungGen: 66912K->1408K(67584K)] 501693K->436189K(581632K), 0.0017133 secs] [Times: user=0.01 sys=0.00, real=0.00 secs] 
1817.677: [GC (Allocation Failure) [PSYoungGen: 66944K->1536K(67584K)] 501725K->436317K(581632K), 0.0018453 secs] [Times: user=0.00 sys=0.00, real=0.01 secs] 
1818.061: [GC (Allocation Failure) [PSYoungGen: 67072K->1581K(67584K)] 501853K->436387K(581632K), 0.0017576 secs] [Times: user=0.01 sys=0.00, real=0.00 secs] 
1818.443: [GC (Allocation Failure) [PSYoungGen: 67117K->1581K(67584K)] 501923K->436395K(581632K), 0.0016795 secs] [Times: user=0.00 sys=0.00, real=0.00 secs] 
1818.882: [GC (Allocation Failure) [PSYoungGen: 67117K->1456K(67584K)] 501931K->436269K(581632K), 0.0019667 secs] [Times: user=0.01 sys=0.00, real=0.00 secs] 
1819.234: [GC (Allocation Failure) [PSYoungGen: 66992K->1328K(67584K)] 501805K->436141K(581632K), 0.0019460 secs] [Times: user=0.01 sys=0.00, real=0.00 secs] 
1819.518: [GC (Allocation Failure) [PSYoungGen: 66864K->1376K(67584K)] 501677K->436189K(581632K), 0.0019378 secs] [Times: user=0.00 sys=0.00, real=0.01 secs] 
1819.812: [GC (Allocation Failure) [PSYoungGen: 66912K->1376K(67584K)] 501725K->436189K(581632K), 0.0020907 secs] [Times: user=0.00 sys=0.00, real=0.00 secs] 
1820.169: [GC (Allocation Failure) [PSYoungGen: 66912K->1408K(67584K)] 501725K->436221K(581632K), 0.0017064 secs] [Times: user=0.01 sys=0.00, real=0.00 secs] 
1820.550: [GC (Allocation Failure) [PSYoungGen: 66944K->1533K(67584K)] 501757K->436347K(581632K), 0.0018404 secs] [Times: user=0.01 sys=0.00, real=0.00 secs] 
1820.934: [GC (Allocation Failure) [PSYoungGen: 67069K->1520K(67584K)] 501883K->436333K(581632K), 0.0018035 secs] [Times: user=0.01 sys=0.00, real=0.00 secs] 
1821.318: [GC (Allocation Failure) [PSYoungGen: 67056K->1520K(67584K)] 501869K->436341K(581632K), 0.0016426 secs] [Times: user=0.00 sys=0.00, real=0.01 secs] 
1821.854: [GC (Allocation Failure) [PSYoungGen: 67056K->1456K(67584K)] 501877K->436277K(581632K), 0.0020444 secs] [Times: user=0.01 sys=0.00, real=0.00 secs] 
1822.487: [GC (Allocation Failure) [PSYoungGen: 66992K->1392K(67584K)] 501813K->436213K(581632K), 0.0033555 secs] [Times: user=0.01 sys=0.00, real=0.01 secs] 
1822.760: [GC (Allocation Failure) [PSYoungGen: 66928K->1376K(67584K)] 501749K->436197K(581632K), 0.0019722 secs] [Times: user=0.01 sys=0.00, real=0.00 secs] 
1823.031: [GC (Allocation Failure) [PSYoungGen: 66912K->1376K(67584K)] 501733K->436197K(581632K), 0.0019644 secs] [Times: user=0.01 sys=0.00, real=0.00 secs] 
1823.358: [GC (Allocation Failure) [PSYoungGen: 66912K->1408K(67584K)] 501733K->436229K(581632K), 0.0016963 secs] [Times: user=0.01 sys=0.00, real=0.01 secs] 
1823.740: [GC (Allocation Failure) [PSYoungGen: 66944K->1520K(67584K)] 501765K->436341K(581632K), 0.0018061 secs] [Times: user=0.01 sys=0.00, real=0.00 secs] 
1824.123: [GC (Allocation Failure) [PSYoungGen: 67056K->1581K(67584K)] 501877K->436403K(581632K), 0.0018243 secs] [Times: user=0.01 sys=0.01, real=0.00 secs] 
1824.516: [GC (Allocation Failure) [PSYoungGen: 67117K->1581K(67584K)] 501939K->436411K(581632K), 0.0018959 secs] [Times: user=0.01 sys=0.00, real=0.00 secs] 
1825.460: [GC (Allocation Failure) [PSYoungGen: 67117K->1472K(67584K)] 501947K->436301K(581632K), 0.0045242 secs] [Times: user=0.02 sys=0.00, real=0.00 secs] 
1826.698: [GC (Allocation Failure) [PSYoungGen: 67008K->1344K(67584K)] 501837K->436173K(581632K), 0.0036766 secs] [Times: user=0.02 sys=0.00, real=0.01 secs] 
1827.524: [GC (Allocation Failure) [PSYoungGen: 66880K->1344K(67584K)] 501709K->436173K(581632K), 0.0029951 secs] [Times: user=0.01 sys=0.00, real=0.00 secs] 
1828.116: [GC (Allocation Failure) [PSYoungGen: 66880K->1376K(67584K)] 501709K->436205K(581632K), 0.0026522 secs] [Times: user=0.02 sys=0.00, real=0.00 secs] 
1828.843: [GC (Allocation Failure) [PSYoungGen: 66912K->1456K(67584K)] 501741K->436285K(581632K), 0.0019610 secs] [Times: user=0.01 sys=0.00, real=0.00 secs] 
1829.228: [GC (Allocation Failure) [PSYoungGen: 66992K->1568K(67584K)] 501821K->436397K(581632K), 0.0018224 secs] [Times: user=0.00 sys=0.00, real=0.01 secs] 
1829.611: [GC (Allocation Failure) [PSYoungGen: 67104K->1552K(67584K)] 501933K->436381K(581632K), 0.0016652 secs] [Times: user=0.00 sys=0.00, real=0.00 secs] 
1829.995: [GC (Allocation Failure) [PSYoungGen: 67088K->1597K(67584K)] 501917K->436443K(581632K), 0.0017090 secs] [Times: user=0.01 sys=0.00, real=0.00 secs] 
1831.303: [GC (Allocation Failure) [PSYoungGen: 67133K->1440K(67584K)] 501979K->436301K(581632K), 0.0030637 secs] [Times: user=0.02 sys=0.00, real=0.00 secs] 
1832.026: [GC (Allocation Failure) [PSYoungGen: 66976K->1376K(67584K)] 501837K->436237K(581632K), 0.0023943 secs] [Times: user=0.01 sys=0.00, real=0.00 secs] 
1832.709: [GC (Allocation Failure) [PSYoungGen: 66912K->1376K(67584K)] 501773K->436237K(581632K), 0.0026168 secs] [Times: user=0.01 sys=0.00, real=0.00 secs] 
1833.512: [GC (Allocation Failure) [PSYoungGen: 66912K->1376K(67584K)] 501773K->436237K(581632K), 0.0020471 secs] [Times: user=0.01 sys=0.00, real=0.00 secs] 
1834.262: [GC (Allocation Failure) [PSYoungGen: 66912K->1440K(67584K)] 501773K->436301K(581632K), 0.0017321 secs] [Times: user=0.01 sys=0.00, real=0.00 secs] 
1834.651: [GC (Allocation Failure) [PSYoungGen: 66976K->1581K(67584K)] 501837K->436443K(581632K), 0.0017443 secs] [Times: user=0.01 sys=0.00, real=0.00 secs] 
1835.098: [GC (Allocation Failure) [PSYoungGen: 67117K->1597K(67584K)] 501979K->436459K(581632K), 0.0017921 secs] [Times: user=0.01 sys=0.00, real=0.01 secs] 
1835.482: [GC (Allocation Failure) [PSYoungGen: 67133K->1584K(67584K)] 501995K->436461K(581632K), 0.0019787 secs] [Times: user=0.01 sys=0.00, real=0.00 secs] 
1836.053: [GC (Allocation Failure) [PSYoungGen: 67120K->1472K(67584K)] 501997K->436349K(581632K), 0.0032241 secs] [Times: user=0.01 sys=0.00, real=0.00 secs] 
1836.923: [GC (Allocation Failure) [PSYoungGen: 67008K->1376K(67584K)] 501885K->436253K(581632K), 0.0035881 secs] [Times: user=0.01 sys=0.00, real=0.00 secs] 
1838.034: [GC (Allocation Failure) [PSYoungGen: 66912K->1360K(67584K)] 501789K->436237K(581632K), 0.0041892 secs] [Times: user=0.01 sys=0.00, real=0.00 secs] 
1839.044: [GC (Allocation Failure) [PSYoungGen: 66896K->1376K(67584K)] 501773K->436253K(581632K), 0.0037619 secs] [Times: user=0.02 sys=0.01, real=0.00 secs] 
1840.066: [GC (Allocation Failure) [PSYoungGen: 66912K->1488K(67584K)] 501789K->436365K(581632K), 0.0022725 secs] [Times: user=0.01 sys=0.00, real=0.00 secs] 
1840.478: [GC (Allocation Failure) [PSYoungGen: 67024K->1549K(67584K)] 501901K->436427K(581632K), 0.0017117 secs] [Times: user=0.00 sys=0.00, real=0.01 secs] 
1840.863: [GC (Allocation Failure) [PSYoungGen: 67085K->1597K(67584K)] 501963K->436475K(581632K), 0.0017305 secs] [Times: user=0.01 sys=0.00, real=0.00 secs] 
1841.246: [GC (Allocation Failure) [PSYoungGen: 67133K->1584K(67584K)] 502011K->436469K(581632K), 0.0017070 secs] [Times: user=0.01 sys=0.00, real=0.00 secs] 
1842.228: [GC (Allocation Failure) [PSYoungGen: 67120K->1456K(67584K)] 502005K->436341K(581632K), 0.0035415 secs] [Times: user=0.02 sys=0.00, real=0.01 secs] 
1843.162: [GC (Allocation Failure) [PSYoungGen: 66992K->1376K(67584K)] 501877K->436269K(581632K), 0.0030274 secs] [Times: user=0.01 sys=0.00, real=0.00 secs] 
1844.327: [GC (Allocation Failure) [PSYoungGen: 66912K->1376K(67584K)] 501805K->436269K(581632K), 0.0044364 secs] [Times: user=0.02 sys=0.00, real=0.01 secs] 
1845.370: [GC (Allocation Failure) [PSYoungGen: 66912K->1312K(67584K)] 501805K->436205K(581632K), 0.0035002 secs] [Times: user=0.01 sys=0.00, real=0.00 secs] 
1846.333: [GC (Allocation Failure) [PSYoungGen: 66848K->1456K(67584K)] 501741K->436349K(581632K), 0.0021996 secs] [Times: user=0.01 sys=0.00, real=0.00 secs] 
1846.737: [GC (Allocation Failure) [PSYoungGen: 66992K->1568K(67584K)] 501885K->436461K(581632K), 0.0018447 secs] [Times: user=0.01 sys=0.00, real=0.00 secs] 
1847.185: [GC (Allocation Failure) [PSYoungGen: 67104K->1565K(67584K)] 501997K->436459K(581632K), 0.0017580 secs] [Times: user=0.00 sys=0.00, real=0.00 secs] 
1847.569: [GC (Allocation Failure) [PSYoungGen: 67101K->1536K(67584K)] 501995K->436437K(581632K), 0.0016627 secs] [Times: user=0.01 sys=0.00, real=0.00 secs] 
1847.925: [GC (Allocation Failure) [PSYoungGen: 67072K->1424K(67584K)] 501973K->436325K(581632K), 0.0025204 secs] [Times: user=0.01 sys=0.00, real=0.00 secs] 
1848.198: [GC (Allocation Failure) [PSYoungGen: 66960K->1408K(67584K)] 501861K->436309K(581632K), 0.0028639 secs] [Times: user=0.01 sys=0.00, real=0.01 secs] 
1848.472: [GC (Allocation Failure) [PSYoungGen: 66944K->1360K(67584K)] 501845K->436261K(581632K), 0.0020755 secs] [Times: user=0.01 sys=0.00, real=0.00 secs] 
1848.998: [GC (Allocation Failure) [PSYoungGen: 66896K->1360K(67584K)] 501797K->436261K(581632K), 0.0020482 secs] [Times: user=0.01 sys=0.00, real=0.01 secs] 
1849.750: [GC (Allocation Failure) [PSYoungGen: 66896K->1456K(67584K)] 501797K->436357K(581632K), 0.0024418 secs] [Times: user=0.01 sys=0.00, real=0.00 secs] 
1850.178: [GC (Allocation Failure) [PSYoungGen: 66992K->1597K(67584K)] 501893K->436499K(581632K), 0.0017128 secs] [Times: user=0.01 sys=0.00, real=0.01 secs] 
1850.561: [GC (Allocation Failure) [PSYoungGen: 67133K->1581K(67584K)] 502035K->436483K(581632K), 0.0017059 secs] [Times: user=0.00 sys=0.00, real=0.00 secs] 
1850.944: [GC (Allocation Failure) [PSYoungGen: 67117K->1613K(67584K)] 502019K->436523K(581632K), 0.0017160 secs] [Times: user=0.01 sys=0.00, real=0.00 secs] 
1851.387: [GC (Allocation Failure) [PSYoungGen: 67149K->1392K(67584K)] 502059K->436317K(581632K), 0.0031481 secs] [Times: user=0.01 sys=0.00, real=0.01 secs] 
1851.769: [GC (Allocation Failure) [PSYoungGen: 66928K->1344K(67584K)] 501853K->436269K(581632K), 0.0022706 secs] [Times: user=0.01 sys=0.00, real=0.00 secs] 
1852.056: [GC (Allocation Failure) [PSYoungGen: 66880K->1312K(67584K)] 501805K->436237K(581632K), 0.0022412 secs] [Times: user=0.01 sys=0.00, real=0.01 secs] 
1852.337: [GC (Allocation Failure) [PSYoungGen: 66848K->1376K(67584K)] 501773K->436301K(581632K), 0.0021814 secs] [Times: user=0.01 sys=0.00, real=0.01 secs] 
1852.719: [GC (Allocation Failure) [PSYoungGen: 66912K->1456K(67584K)] 501837K->436381K(581632K), 0.0016112 secs] [Times: user=0.00 sys=0.00, real=0.00 secs] 
1853.162: [GC (Allocation Failure) [PSYoungGen: 66992K->1613K(67584K)] 501917K->436539K(581632K), 0.0017706 secs] [Times: user=0.01 sys=0.00, real=0.00 secs] 
1853.545: [GC (Allocation Failure) [PSYoungGen: 67149K->1597K(67584K)] 502075K->436523K(581632K), 0.0017915 secs] [Times: user=0.01 sys=0.00, real=0.00 secs] 
1853.929: [GC (Allocation Failure) [PSYoungGen: 67133K->1565K(67584K)] 502059K->436507K(581632K), 0.0017834 secs] [Times: user=0.01 sys=0.00, real=0.01 secs] 
1854.721: [GC (Allocation Failure) [PSYoungGen: 67101K->1440K(67584K)] 502043K->436381K(581632K), 0.0045794 secs] [Times: user=0.02 sys=0.00, real=0.00 secs] 
1855.383: [GC (Allocation Failure) [PSYoungGen: 66976K->1344K(67584K)] 501917K->436285K(581632K), 0.0028393 secs] [Times: user=0.01 sys=0.00, real=0.00 secs] 
1855.935: [GC (Allocation Failure) [PSYoungGen: 66880K->1408K(67584K)] 501821K->436349K(581632K), 0.0023957 secs] [Times: user=0.02 sys=0.00, real=0.00 secs] 
1856.480: [GC (Allocation Failure) [PSYoungGen: 66944K->1344K(67584K)] 501885K->436285K(581632K), 0.0024285 secs] [Times: user=0.01 sys=0.00, real=0.00 secs] 
1857.049: [GC (Allocation Failure) [PSYoungGen: 66880K->1456K(67584K)] 501821K->436397K(581632K), 0.0020238 secs] [Times: user=0.01 sys=0.00, real=0.00 secs] 
1857.503: [GC (Allocation Failure) [PSYoungGen: 66992K->1613K(67584K)] 501933K->436555K(581632K), 0.0017986 secs] [Times: user=0.01 sys=0.00, real=0.00 secs] 
1857.885: [GC (Allocation Failure) [PSYoungGen: 67149K->1613K(67584K)] 502091K->436555K(581632K), 0.0017584 secs] [Times: user=0.01 sys=0.00, real=0.00 secs] 
1858.269: [GC (Allocation Failure) [PSYoungGen: 67149K->1552K(67584K)] 502091K->436501K(581632K), 0.0018081 secs] [Times: user=0.01 sys=0.00, real=0.00 secs] 
1858.855: [GC (Allocation Failure) [PSYoungGen: 67088K->1472K(67584K)] 502037K->436421K(581632K), 0.0041616 secs] [Times: user=0.01 sys=0.00, real=0.01 secs] 
1859.587: [GC (Allocation Failure) [PSYoungGen: 67008K->1376K(67584K)] 501957K->436325K(581632K), 0.0028266 secs] [Times: user=0.02 sys=0.00, real=0.01 secs] 
1860.167: [GC (Allocation Failure) [PSYoungGen: 66912K->1344K(67584K)] 501861K->436309K(581632K), 0.0030486 secs] [Times: user=0.01 sys=0.00, real=0.01 secs] 
1860.705: [GC (Allocation Failure) [PSYoungGen: 66880K->1344K(67584K)] 501845K->436309K(581632K), 0.0024982 secs] [Times: user=0.01 sys=0.00, real=0.00 secs] 
1861.238: [GC (Allocation Failure) [PSYoungGen: 66880K->1469K(67584K)] 501845K->436435K(581632K), 0.0019629 secs] [Times: user=0.01 sys=0.00, real=0.01 secs] 
1861.623: [GC (Allocation Failure) [PSYoungGen: 67005K->1549K(67584K)] 501971K->436515K(581632K), 0.0018702 secs] [Times: user=0.00 sys=0.00, real=0.00 secs] 
1862.013: [GC (Allocation Failure) [PSYoungGen: 67085K->1613K(67584K)] 502051K->436579K(581632K), 0.0017375 secs] [Times: user=0.01 sys=0.00, real=0.00 secs] 
1862.397: [GC (Allocation Failure) [PSYoungGen: 67149K->1520K(67584K)] 502115K->436493K(581632K), 0.0017989 secs] [Times: user=0.01 sys=0.00, real=0.01 secs] 
1863.538: [GC (Allocation Failure) [PSYoungGen: 67056K->1456K(67584K)] 502029K->436429K(581632K), 0.0032458 secs] [Times: user=0.01 sys=0.00, real=0.01 secs] 
1863.805: [GC (Allocation Failure) [PSYoungGen: 66992K->1344K(67584K)] 501965K->436317K(581632K), 0.0019247 secs] [Times: user=0.01 sys=0.00, real=0.00 secs] 
1864.077: [GC (Allocation Failure) [PSYoungGen: 66880K->1344K(67584K)] 501853K->436317K(581632K), 0.0020717 secs] [Times: user=0.01 sys=0.00, real=0.01 secs] 
1864.349: [GC (Allocation Failure) [PSYoungGen: 66880K->1344K(67584K)] 501853K->436317K(581632K), 0.0020209 secs] [Times: user=0.01 sys=0.00, real=0.00 secs] 
1864.704: [GC (Allocation Failure) [PSYoungGen: 66880K->1424K(67584K)] 501853K->436397K(581632K), 0.0021704 secs] [Times: user=0.01 sys=0.00, real=0.00 secs] 
1865.161: [GC (Allocation Failure) [PSYoungGen: 66960K->1568K(67584K)] 501933K->436541K(581632K), 0.0017324 secs] [Times: user=0.00 sys=0.00, real=0.00 secs] 
1865.553: [GC (Allocation Failure) [PSYoungGen: 67104K->1565K(67584K)] 502077K->436539K(581632K), 0.0017134 secs] [Times: user=0.01 sys=0.00, real=0.00 secs] 
1865.936: [GC (Allocation Failure) [PSYoungGen: 67101K->1581K(67584K)] 502075K->436563K(581632K), 0.0018578 secs] [Times: user=0.01 sys=0.00, real=0.00 secs] 
1866.582: [GC (Allocation Failure) [PSYoungGen: 67117K->1488K(67584K)] 502099K->436469K(581632K), 0.0039067 secs] [Times: user=0.02 sys=0.00, real=0.00 secs] 
1867.171: [GC (Allocation Failure) [PSYoungGen: 67024K->1376K(67584K)] 502005K->436357K(581632K), 0.0033588 secs] [Times: user=0.01 sys=0.00, real=0.00 secs] 
1867.820: [GC (Allocation Failure) [PSYoungGen: 66912K->1408K(67584K)] 501893K->436389K(581632K), 0.0030275 secs] [Times: user=0.02 sys=0.00, real=0.00 secs] 
1868.410: [GC (Allocation Failure) [PSYoungGen: 66944K->1344K(67584K)] 501925K->436325K(581632K), 0.0030616 secs] [Times: user=0.01 sys=0.00, real=0.00 secs] 
1868.813: [GC (Allocation Failure) [PSYoungGen: 66880K->1437K(67584K)] 501861K->436419K(581632K), 0.0025721 secs] [Times: user=0.01 sys=0.00, real=0.00 secs] 
1869.259: [GC (Allocation Failure) [PSYoungGen: 66973K->1584K(67584K)] 501955K->436565K(581632K), 0.0018014 secs] [Times: user=0.01 sys=0.00, real=0.00 secs] 
1869.646: [GC (Allocation Failure) [PSYoungGen: 67120K->1504K(67584K)] 502101K->436509K(581632K), 0.0019005 secs] [Times: user=0.01 sys=0.00, real=0.00 secs] 
1870.029: [GC (Allocation Failure) [PSYoungGen: 67040K->1520K(67584K)] 502045K->436533K(581632K), 0.0017992 secs] [Times: user=0.01 sys=0.00, real=0.00 secs] 
1870.576: [GC (Allocation Failure) [PSYoungGen: 67056K->1424K(67584K)] 502069K->436437K(581632K), 0.0040907 secs] [Times: user=0.01 sys=0.00, real=0.01 secs] 
1871.153: [GC (Allocation Failure) [PSYoungGen: 66960K->1376K(67584K)] 501973K->436389K(581632K), 0.0029376 secs] [Times: user=0.01 sys=0.00, real=0.00 secs] 
1871.927: [GC (Allocation Failure) [PSYoungGen: 66912K->1312K(67584K)] 501925K->436325K(581632K), 0.0044157 secs] [Times: user=0.02 sys=0.00, real=0.01 secs] 
1872.657: [GC (Allocation Failure) [PSYoungGen: 66848K->1376K(67584K)] 501861K->436389K(581632K), 0.0037393 secs] [Times: user=0.01 sys=0.00, real=0.01 secs] 
1873.296: [GC (Allocation Failure) [PSYoungGen: 66912K->1469K(67584K)] 501925K->436483K(581632K), 0.0020191 secs] [Times: user=0.01 sys=0.00, real=0.00 secs] 
1873.683: [GC (Allocation Failure) [PSYoungGen: 67005K->1536K(67584K)] 502019K->436549K(581632K), 0.0017695 secs] [Times: user=0.01 sys=0.00, real=0.00 secs] 
1874.066: [GC (Allocation Failure) [PSYoungGen: 67072K->1552K(67584K)] 502085K->436565K(581632K), 0.0017015 secs] [Times: user=0.01 sys=0.00, real=0.00 secs] 
1874.450: [GC (Allocation Failure) [PSYoungGen: 67088K->1536K(67584K)] 502101K->436557K(581632K), 0.0017312 secs] [Times: user=0.01 sys=0.00, real=0.00 secs] 
1874.800: [GC (Allocation Failure) [PSYoungGen: 67072K->1456K(67584K)] 502093K->436477K(581632K), 0.0027865 secs] [Times: user=0.01 sys=0.00, real=0.00 secs] 
1875.073: [GC (Allocation Failure) [PSYoungGen: 66992K->1344K(67584K)] 502013K->436365K(581632K), 0.0018599 secs] [Times: user=0.01 sys=0.00, real=0.00 secs] 
1875.418: [GC (Allocation Failure) [PSYoungGen: 66880K->1376K(67584K)] 501901K->436397K(581632K), 0.0018908 secs] [Times: user=0.01 sys=0.00, real=0.01 secs] 
1876.019: [GC (Allocation Failure) [PSYoungGen: 66912K->1344K(67584K)] 501933K->436365K(581632K), 0.0018535 secs] [Times: user=0.01 sys=0.00, real=0.00 secs] 
1876.691: [GC (Allocation Failure) [PSYoungGen: 66880K->1469K(67584K)] 501901K->436491K(581632K), 0.0018114 secs] [Times: user=0.01 sys=0.00, real=0.00 secs] 
1877.136: [GC (Allocation Failure) [PSYoungGen: 67005K->1536K(67584K)] 502027K->436557K(581632K), 0.0019022 secs] [Times: user=0.01 sys=0.00, real=0.00 secs] 
1877.581: [GC (Allocation Failure) [PSYoungGen: 67072K->1520K(67584K)] 502093K->436541K(581632K), 0.0018383 secs] [Times: user=0.01 sys=0.00, real=0.00 secs] 
1877.966: [GC (Allocation Failure) [PSYoungGen: 67056K->1568K(67584K)] 502077K->436597K(581632K), 0.0017529 secs] [Times: user=0.00 sys=0.00, real=0.00 secs] 
1878.612: [GC (Allocation Failure) [PSYoungGen: 67104K->1488K(67584K)] 502133K->436517K(581632K), 0.0048271 secs] [Times: user=0.02 sys=0.00, real=0.00 secs] 
1879.292: [GC (Allocation Failure) [PSYoungGen: 67024K->1376K(67584K)] 502053K->436405K(581632K), 0.0032930 secs] [Times: user=0.01 sys=0.00, real=0.00 secs] 
1879.882: [GC (Allocation Failure) [PSYoungGen: 66912K->1376K(67584K)] 501941K->436429K(581632K), 0.0040550 secs] [Times: user=0.02 sys=0.00, real=0.00 secs] 
1880.267: [GC (Allocation Failure) [PSYoungGen: 66912K->1376K(67584K)] 501965K->436429K(581632K), 0.0021481 secs] [Times: user=0.01 sys=0.00, real=0.01 secs] 
1880.591: [GC (Allocation Failure) [PSYoungGen: 66912K->1456K(67584K)] 501965K->436509K(581632K), 0.0017432 secs] [Times: user=0.01 sys=0.00, real=0.00 secs] 
1880.975: [GC (Allocation Failure) [PSYoungGen: 66992K->1501K(67584K)] 502045K->436555K(581632K), 0.0017308 secs] [Times: user=0.01 sys=0.00, real=0.00 secs] 
1881.357: [GC (Allocation Failure) [PSYoungGen: 67037K->1549K(67584K)] 502091K->436603K(581632K), 0.0017238 secs] [Times: user=0.00 sys=0.00, real=0.01 secs] 
1881.741: [GC (Allocation Failure) [PSYoungGen: 67085K->1520K(67584K)] 502139K->436581K(581632K), 0.0017646 secs] [Times: user=0.01 sys=0.00, real=0.00 secs] 
1882.213: [GC (Allocation Failure) [PSYoungGen: 67056K->1456K(67584K)] 502117K->436517K(581632K), 0.0019441 secs] [Times: user=0.01 sys=0.00, real=0.00 secs] 
1882.897: [GC (Allocation Failure) [PSYoungGen: 66992K->1408K(67584K)] 502053K->436469K(581632K), 0.0031028 secs] [Times: user=0.02 sys=0.00, real=0.01 secs] 
1883.679: [GC (Allocation Failure) [PSYoungGen: 66944K->1344K(67584K)] 502005K->436405K(581632K), 0.0035657 secs] [Times: user=0.01 sys=0.01, real=0.00 secs] 
1884.676: [GC (Allocation Failure) [PSYoungGen: 66880K->1344K(67584K)] 501941K->436405K(581632K), 0.0044040 secs] [Times: user=0.02 sys=0.00, real=0.01 secs] 
1885.686: [GC (Allocation Failure) [PSYoungGen: 66880K->1456K(67584K)] 501941K->436517K(581632K), 0.0025189 secs] [Times: user=0.01 sys=0.00, real=0.00 secs] 
1886.198: [GC (Allocation Failure) [PSYoungGen: 66992K->1552K(67584K)] 502053K->436613K(581632K), 0.0017452 secs] [Times: user=0.00 sys=0.00, real=0.01 secs] 
1886.582: [GC (Allocation Failure) [PSYoungGen: 67088K->1581K(67584K)] 502149K->436643K(581632K), 0.0020263 secs] [Times: user=0.01 sys=0.00, real=0.00 secs] 
1886.969: [GC (Allocation Failure) [PSYoungGen: 67117K->1565K(67584K)] 502179K->436643K(581632K), 0.0018674 secs] [Times: user=0.01 sys=0.00, real=0.00 secs] 
1887.356: [GC (Allocation Failure) [PSYoungGen: 67101K->1456K(67584K)] 502179K->436533K(581632K), 0.0026451 secs] [Times: user=0.01 sys=0.00, real=0.00 secs] 
1887.694: [GC (Allocation Failure) [PSYoungGen: 66992K->1360K(67584K)] 502069K->436437K(581632K), 0.0022106 secs] [Times: user=0.00 sys=0.00, real=0.00 secs] 
1887.998: [GC (Allocation Failure) [PSYoungGen: 66896K->1344K(67584K)] 501973K->436421K(581632K), 0.0029098 secs] [Times: user=0.01 sys=0.00, real=0.01 secs] 
1888.314: [GC (Allocation Failure) [PSYoungGen: 66880K->1344K(67584K)] 501957K->436421K(581632K), 0.0019479 secs] [Times: user=0.01 sys=0.00, real=0.00 secs] 
1888.655: [GC (Allocation Failure) [PSYoungGen: 66880K->1456K(67584K)] 501957K->436533K(581632K), 0.0017304 secs] [Times: user=0.01 sys=0.00, real=0.00 secs] 
1889.037: [GC (Allocation Failure) [PSYoungGen: 66992K->1613K(67584K)] 502069K->436691K(581632K), 0.0017241 secs] [Times: user=0.01 sys=0.00, real=0.00 secs] 
1889.482: [GC (Allocation Failure) [PSYoungGen: 67149K->1597K(67584K)] 502227K->436675K(581632K), 0.0020568 secs] [Times: user=0.01 sys=0.00, real=0.00 secs] 
1889.867: [GC (Allocation Failure) [PSYoungGen: 67133K->1536K(67584K)] 502211K->436621K(581632K), 0.0018458 secs] [Times: user=0.01 sys=0.00, real=0.01 secs] 
1890.254: [GC (Allocation Failure) [PSYoungGen: 67072K->1456K(67584K)] 502157K->436565K(581632K), 0.0025205 secs] [Times: user=0.01 sys=0.00, real=0.00 secs] 
1890.566: [GC (Allocation Failure) [PSYoungGen: 66992K->1344K(67584K)] 502101K->436453K(581632K), 0.0023158 secs] [Times: user=0.01 sys=0.00, real=0.00 secs] 
1890.882: [GC (Allocation Failure) [PSYoungGen: 66880K->1312K(67584K)] 501989K->436421K(581632K), 0.0021503 secs] [Times: user=0.01 sys=0.00, real=0.00 secs] 
1891.156: [GC (Allocation Failure) [PSYoungGen: 66848K->1376K(67584K)] 501957K->436485K(581632K), 0.0025166 secs] [Times: user=0.01 sys=0.00, real=0.00 secs] 
1891.562: [GC (Allocation Failure) [PSYoungGen: 66912K->1488K(67584K)] 502021K->436597K(581632K), 0.0019387 secs] [Times: user=0.01 sys=0.00, real=0.00 secs] 
1892.016: [GC (Allocation Failure) [PSYoungGen: 67024K->1533K(67584K)] 502133K->436643K(581632K), 0.0017142 secs] [Times: user=0.00 sys=0.00, real=0.00 secs] 
1892.403: [GC (Allocation Failure) [PSYoungGen: 67069K->1600K(67584K)] 502179K->436709K(581632K), 0.0016861 secs] [Times: user=0.00 sys=0.00, real=0.00 secs] 
1892.787: [GC (Allocation Failure) [PSYoungGen: 67136K->1520K(67584K)] 502245K->436637K(581632K), 0.0018566 secs] [Times: user=0.01 sys=0.00, real=0.01 secs] 
1893.685: [GC (Allocation Failure) [PSYoungGen: 67056K->1456K(67584K)] 502173K->436573K(581632K), 0.0039476 secs] [Times: user=0.02 sys=0.00, real=0.01 secs] 
1894.474: [GC (Allocation Failure) [PSYoungGen: 66992K->1344K(67584K)] 502109K->436461K(581632K), 0.0042792 secs] [Times: user=0.02 sys=0.00, real=0.00 secs] 
1895.384: [GC (Allocation Failure) [PSYoungGen: 66880K->1376K(67584K)] 501997K->436493K(581632K), 0.0037118 secs] [Times: user=0.02 sys=0.00, real=0.00 secs] 
1896.257: [GC (Allocation Failure) [PSYoungGen: 66912K->1376K(67584K)] 502029K->436493K(581632K), 0.0026373 secs] [Times: user=0.01 sys=0.00, real=0.01 secs] 
1897.055: [GC (Allocation Failure) [PSYoungGen: 66912K->1405K(67584K)] 502029K->436523K(581632K), 0.0028121 secs] [Times: user=0.01 sys=0.00, real=0.00 secs] 
1897.579: [GC (Allocation Failure) [PSYoungGen: 66941K->1552K(67584K)] 502059K->436669K(581632K), 0.0018193 secs] [Times: user=0.01 sys=0.00, real=0.00 secs] 
1897.961: [GC (Allocation Failure) [PSYoungGen: 67088K->1536K(67584K)] 502205K->436653K(581632K), 0.0017040 secs] [Times: user=0.00 sys=0.00, real=0.00 secs] 
1898.400: [GC (Allocation Failure) [PSYoungGen: 67072K->1520K(67584K)] 502189K->436645K(581632K), 0.0017302 secs] [Times: user=0.00 sys=0.00, real=0.00 secs] 
1898.877: [GC (Allocation Failure) [PSYoungGen: 67056K->1488K(67584K)] 502181K->436613K(581632K), 0.0027984 secs] [Times: user=0.01 sys=0.00, real=0.01 secs] 
1899.576: [GC (Allocation Failure) [PSYoungGen: 67024K->1376K(67584K)] 502149K->436501K(581632K), 0.0031005 secs] [Times: user=0.01 sys=0.00, real=0.01 secs] 
1900.439: [GC (Allocation Failure) [PSYoungGen: 66912K->1376K(67584K)] 502037K->436501K(581632K), 0.0033436 secs] [Times: user=0.01 sys=0.00, real=0.00 secs] 
1901.277: [GC (Allocation Failure) [PSYoungGen: 66912K->1344K(67584K)] 502037K->436469K(581632K), 0.0050148 secs] [Times: user=0.02 sys=0.00, real=0.01 secs] 
1902.018: [GC (Allocation Failure) [PSYoungGen: 66880K->1456K(67584K)] 502005K->436581K(581632K), 0.0023716 secs] [Times: user=0.01 sys=0.00, real=0.01 secs] 
1902.434: [GC (Allocation Failure) [PSYoungGen: 66992K->1549K(67584K)] 502117K->436691K(581632K), 0.0017124 secs] [Times: user=0.01 sys=0.00, real=0.00 secs] 
1902.817: [GC (Allocation Failure) [PSYoungGen: 67085K->1613K(67584K)] 502227K->436755K(581632K), 0.0017058 secs] [Times: user=0.01 sys=0.00, real=0.00 secs] 
1903.202: [GC (Allocation Failure) [PSYoungGen: 67149K->1600K(67584K)] 502291K->436757K(581632K), 0.0018414 secs] [Times: user=0.00 sys=0.00, real=0.00 secs] 
1903.621: [GC (Allocation Failure) [PSYoungGen: 67136K->1488K(67584K)] 502293K->436645K(581632K), 0.0022348 secs] [Times: user=0.01 sys=0.00, real=0.00 secs] 
1903.957: [GC (Allocation Failure) [PSYoungGen: 67024K->1392K(67584K)] 502181K->436549K(581632K), 0.0021032 secs] [Times: user=0.01 sys=0.00, real=0.01 secs] 
1904.239: [GC (Allocation Failure) [PSYoungGen: 66928K->1376K(67584K)] 502085K->436533K(581632K), 0.0020990 secs] [Times: user=0.01 sys=0.00, real=0.00 secs] 
1904.579: [GC (Allocation Failure) [PSYoungGen: 66912K->1376K(67584K)] 502069K->436533K(581632K), 0.0021206 secs] [Times: user=0.01 sys=0.00, real=0.00 secs] 
1904.887: [GC (Allocation Failure) [PSYoungGen: 66912K->1440K(67584K)] 502069K->436597K(581632K), 0.0017276 secs] [Times: user=0.01 sys=0.00, real=0.01 secs] 
1905.274: [GC (Allocation Failure) [PSYoungGen: 66976K->1613K(67584K)] 502133K->436771K(581632K), 0.0017558 secs] [Times: user=0.00 sys=0.00, real=0.00 secs] 
1905.659: [GC (Allocation Failure) [PSYoungGen: 67149K->1597K(67584K)] 502307K->436755K(581632K), 0.0018619 secs] [Times: user=0.01 sys=0.00, real=0.01 secs] 
1906.043: [GC (Allocation Failure) [PSYoungGen: 67133K->1565K(67584K)] 502291K->436731K(581632K), 0.0018468 secs] [Times: user=0.01 sys=0.00, real=0.00 secs] 
1907.351: [GC (Allocation Failure) [PSYoungGen: 67101K->1488K(67584K)] 502267K->436653K(581632K), 0.0045344 secs] [Times: user=0.01 sys=0.00, real=0.00 secs] 
1908.134: [GC (Allocation Failure) [PSYoungGen: 67024K->1408K(67584K)] 502189K->436573K(581632K), 0.0040679 secs] [Times: user=0.01 sys=0.00, real=0.00 secs] 
1908.586: [GC (Allocation Failure) [PSYoungGen: 66944K->1392K(67584K)] 502109K->436557K(581632K), 0.0025265 secs] [Times: user=0.01 sys=0.00, real=0.01 secs] 
1908.855: [GC (Allocation Failure) [PSYoungGen: 66928K->1376K(67584K)] 502093K->436541K(581632K), 0.0020379 secs] [Times: user=0.01 sys=0.00, real=0.00 secs] 
1909.175: [GC (Allocation Failure) [PSYoungGen: 66912K->1424K(67584K)] 502077K->436621K(581632K), 0.0017274 secs] [Times: user=0.01 sys=0.00, real=0.00 secs] 
1909.556: [GC (Allocation Failure) [PSYoungGen: 66960K->1584K(67584K)] 502157K->436781K(581632K), 0.0018239 secs] [Times: user=0.01 sys=0.00, real=0.00 secs] 
1909.940: [GC (Allocation Failure) [PSYoungGen: 67120K->1536K(67584K)] 502317K->436733K(581632K), 0.0018181 secs] [Times: user=0.01 sys=0.00, real=0.00 secs] 
1910.323: [GC (Allocation Failure) [PSYoungGen: 67072K->1613K(67584K)] 502269K->436819K(581632K), 0.0017169 secs] [Times: user=0.01 sys=0.00, real=0.00 secs] 
1910.704: [GC (Allocation Failure) [PSYoungGen: 67149K->1456K(67584K)] 502355K->436661K(581632K), 0.0016817 secs] [Times: user=0.01 sys=0.00, real=0.00 secs] 
1911.016: [GC (Allocation Failure) [PSYoungGen: 66992K->1376K(67584K)] 502197K->436581K(581632K), 0.0018329 secs] [Times: user=0.00 sys=0.00, real=0.00 secs] 
1911.327: [GC (Allocation Failure) [PSYoungGen: 66912K->1376K(67584K)] 502117K->436581K(581632K), 0.0031633 secs] [Times: user=0.01 sys=0.00, real=0.01 secs] 
1911.631: [GC (Allocation Failure) [PSYoungGen: 66912K->1376K(67584K)] 502117K->436581K(581632K), 0.0025299 secs] [Times: user=0.01 sys=0.00, real=0.00 secs] 
1911.953: [GC (Allocation Failure) [PSYoungGen: 66912K->1437K(67584K)] 502117K->436643K(581632K), 0.0016017 secs] [Times: user=0.00 sys=0.01, real=0.00 secs] 
1912.331: [GC (Allocation Failure) [PSYoungGen: 66973K->1581K(67584K)] 502179K->436787K(581632K), 0.0018717 secs] [Times: user=0.00 sys=0.00, real=0.00 secs] 
1912.780: [GC (Allocation Failure) [PSYoungGen: 67117K->1536K(67584K)] 502323K->436741K(581632K), 0.0017322 secs] [Times: user=0.01 sys=0.00, real=0.00 secs] 
1913.224: [GC (Allocation Failure) [PSYoungGen: 67072K->1565K(67584K)] 502277K->436787K(581632K), 0.0017896 secs] [Times: user=0.01 sys=0.00, real=0.00 secs] 
1913.712: [GC (Allocation Failure) [PSYoungGen: 67101K->1424K(67584K)] 502323K->436645K(581632K), 0.0027910 secs] [Times: user=0.01 sys=0.00, real=0.00 secs] 
1914.246: [GC (Allocation Failure) [PSYoungGen: 66960K->1376K(67584K)] 502181K->436597K(581632K), 0.0027929 secs] [Times: user=0.01 sys=0.00, real=0.00 secs] 
1914.738: [GC (Allocation Failure) [PSYoungGen: 66912K->1408K(67584K)] 502133K->436629K(581632K), 0.0027802 secs] [Times: user=0.01 sys=0.00, real=0.01 secs] 
1915.290: [GC (Allocation Failure) [PSYoungGen: 66944K->1376K(67584K)] 502165K->436597K(581632K), 0.0027124 secs] [Times: user=0.01 sys=0.00, real=0.00 secs] 
1915.876: [GC (Allocation Failure) [PSYoungGen: 66912K->1424K(67584K)] 502133K->436645K(581632K), 0.0022943 secs] [Times: user=0.01 sys=0.00, real=0.00 secs] 
1916.283: [GC (Allocation Failure) [PSYoungGen: 66960K->1581K(67584K)] 502181K->436803K(581632K), 0.0017667 secs] [Times: user=0.01 sys=0.00, real=0.00 secs] 
1916.676: [GC (Allocation Failure) [PSYoungGen: 67117K->1549K(67584K)] 502339K->436771K(581632K), 0.0017164 secs] [Times: user=0.01 sys=0.00, real=0.00 secs] 
1917.120: [GC (Allocation Failure) [PSYoungGen: 67085K->1565K(67584K)] 502307K->436803K(581632K), 0.0017411 secs] [Times: user=0.00 sys=0.00, real=0.00 secs] 
1917.481: [GC (Allocation Failure) [PSYoungGen: 67101K->1456K(67584K)] 502339K->436701K(581632K), 0.0023928 secs] [Times: user=0.01 sys=0.01, real=0.00 secs] 
1917.758: [GC (Allocation Failure) [PSYoungGen: 66992K->1408K(67584K)] 502237K->436653K(581632K), 0.0021360 secs] [Times: user=0.01 sys=0.00, real=0.01 secs] 
1918.030: [GC (Allocation Failure) [PSYoungGen: 66944K->1408K(67584K)] 502189K->436653K(581632K), 0.0020245 secs] [Times: user=0.01 sys=0.00, real=0.00 secs] 
1918.303: [GC (Allocation Failure) [PSYoungGen: 66944K->1376K(67584K)] 502189K->436621K(581632K), 0.0021297 secs] [Times: user=0.01 sys=0.00, real=0.00 secs] 
1918.612: [GC (Allocation Failure) [PSYoungGen: 66912K->1488K(67584K)] 502157K->436749K(581632K), 0.0016687 secs] [Times: user=0.01 sys=0.00, real=0.00 secs] 
1918.994: [GC (Allocation Failure) [PSYoungGen: 67024K->1565K(67584K)] 502285K->436843K(581632K), 0.0018949 secs] [Times: user=0.00 sys=0.00, real=0.00 secs] 
1919.378: [GC (Allocation Failure) [PSYoungGen: 67101K->1520K(67584K)] 502379K->436797K(581632K), 0.0017077 secs] [Times: user=0.01 sys=0.00, real=0.01 secs] 
1919.761: [GC (Allocation Failure) [PSYoungGen: 67056K->1584K(67584K)] 502333K->436869K(581632K), 0.0018177 secs] [Times: user=0.00 sys=0.00, real=0.00 secs] 
1920.134: [GC (Allocation Failure) [PSYoungGen: 67120K->1440K(67584K)] 502405K->436725K(581632K), 0.0018899 secs] [Times: user=0.00 sys=0.00, real=0.00 secs] 
1920.419: [GC (Allocation Failure) [PSYoungGen: 66976K->1376K(67584K)] 502261K->436661K(581632K), 0.0017819 secs] [Times: user=0.01 sys=0.00, real=0.01 secs] 
1920.703: [GC (Allocation Failure) [PSYoungGen: 66912K->1344K(67584K)] 502197K->436629K(581632K), 0.0018221 secs] [Times: user=0.01 sys=0.00, real=0.00 secs] 
1920.987: [GC (Allocation Failure) [PSYoungGen: 66880K->1344K(67584K)] 502165K->436629K(581632K), 0.0018452 secs] [Times: user=0.00 sys=0.00, real=0.01 secs] 
1921.304: [GC (Allocation Failure) [PSYoungGen: 66880K->1408K(67584K)] 502165K->436693K(581632K), 0.0017007 secs] [Times: user=0.00 sys=0.00, real=0.00 secs] 
1921.687: [GC (Allocation Failure) [PSYoungGen: 66944K->1613K(67584K)] 502229K->436899K(581632K), 0.0017150 secs] [Times: user=0.01 sys=0.00, real=0.00 secs] 
1922.135: [GC (Allocation Failure) [PSYoungGen: 67149K->1533K(67584K)] 502435K->436819K(581632K), 0.0017966 secs] [Times: user=0.01 sys=0.00, real=0.00 secs] 
1922.580: [GC (Allocation Failure) [PSYoungGen: 67069K->1552K(67584K)] 502355K->436861K(581632K), 0.0018798 secs] [Times: user=0.01 sys=0.00, real=0.00 secs] 
1923.149: [GC (Allocation Failure) [PSYoungGen: 67088K->1440K(67584K)] 502397K->436749K(581632K), 0.0034660 secs] [Times: user=0.02 sys=0.00, real=0.00 secs] 
1923.770: [GC (Allocation Failure) [PSYoungGen: 66976K->1344K(67584K)] 502285K->436653K(581632K), 0.0033649 secs] [Times: user=0.02 sys=0.00, real=0.00 secs] 
1924.367: [GC (Allocation Failure) [PSYoungGen: 66880K->1376K(67584K)] 502189K->436685K(581632K), 0.0027986 secs] [Times: user=0.01 sys=0.00, real=0.01 secs] 
1924.916: [GC (Allocation Failure) [PSYoungGen: 66912K->1376K(67584K)] 502221K->436685K(581632K), 0.0024126 secs] [Times: user=0.01 sys=0.00, real=0.01 secs] 
1925.461: [GC (Allocation Failure) [PSYoungGen: 66912K->1488K(67584K)] 502221K->436797K(581632K), 0.0020074 secs] [Times: user=0.01 sys=0.00, real=0.00 secs] 
1925.852: [GC (Allocation Failure) [PSYoungGen: 67024K->1581K(67584K)] 502333K->436891K(581632K), 0.0016869 secs] [Times: user=0.01 sys=0.00, real=0.00 secs] 
1926.297: [GC (Allocation Failure) [PSYoungGen: 67117K->1568K(67584K)] 502427K->436877K(581632K), 0.0016589 secs] [Times: user=0.01 sys=0.00, real=0.01 secs] 
1926.680: [GC (Allocation Failure) [PSYoungGen: 67104K->1552K(67584K)] 502413K->436869K(581632K), 0.0017603 secs] [Times: user=0.01 sys=0.00, real=0.00 secs] 
1927.346: [GC (Allocation Failure) [PSYoungGen: 67088K->1424K(67584K)] 502405K->436741K(581632K), 0.0027752 secs] [Times: user=0.00 sys=0.00, real=0.00 secs] 
1928.087: [GC (Allocation Failure) [PSYoungGen: 66960K->1376K(67584K)] 502277K->436693K(581632K), 0.0029927 secs] [Times: user=0.01 sys=0.00, real=0.01 secs] 
1928.469: [GC (Allocation Failure) [PSYoungGen: 66912K->1344K(67584K)] 502229K->436661K(581632K), 0.0022022 secs] [Times: user=0.01 sys=0.00, real=0.00 secs] 
1928.756: [GC (Allocation Failure) [PSYoungGen: 66880K->1360K(67584K)] 502197K->436677K(581632K), 0.0020090 secs] [Times: user=0.01 sys=0.00, real=0.00 secs] 
1929.100: [GC (Allocation Failure) [PSYoungGen: 66896K->1437K(67584K)] 502213K->436755K(581632K), 0.0020614 secs] [Times: user=0.01 sys=0.00, real=0.00 secs] 
1929.486: [GC (Allocation Failure) [PSYoungGen: 66973K->1552K(67584K)] 502291K->436869K(581632K), 0.0017039 secs] [Times: user=0.01 sys=0.00, real=0.00 secs] 
1929.873: [GC (Allocation Failure) [PSYoungGen: 67088K->1581K(67584K)] 502405K->436923K(581632K), 0.0017899 secs] [Times: user=0.01 sys=0.00, real=0.00 secs] 
1930.312: [GC (Allocation Failure) [PSYoungGen: 67117K->1584K(67584K)] 502459K->436941K(581632K), 0.0017151 secs] [Times: user=0.01 sys=0.00, real=0.00 secs] 
1930.740: [GC (Allocation Failure) [PSYoungGen: 67120K->1408K(67584K)] 502477K->436765K(581632K), 0.0024697 secs] [Times: user=0.01 sys=0.00, real=0.00 secs] 
1931.014: [GC (Allocation Failure) [PSYoungGen: 66944K->1376K(67584K)] 502301K->436733K(581632K), 0.0022908 secs] [Times: user=0.00 sys=0.00, real=0.00 secs] 
1931.286: [GC (Allocation Failure) [PSYoungGen: 66912K->1376K(67584K)] 502269K->436733K(581632K), 0.0019501 secs] [Times: user=0.01 sys=0.00, real=0.00 secs] 
1931.558: [GC (Allocation Failure) [PSYoungGen: 66912K->1376K(67584K)] 502269K->436733K(581632K), 0.0020680 secs] [Times: user=0.01 sys=0.00, real=0.01 secs] 
1931.873: [GC (Allocation Failure) [PSYoungGen: 66912K->1456K(67584K)] 502269K->436813K(581632K), 0.0017188 secs] [Times: user=0.01 sys=0.00, real=0.00 secs] 
1932.260: [GC (Allocation Failure) [PSYoungGen: 66992K->1600K(67584K)] 502349K->436957K(581632K), 0.0018585 secs] [Times: user=0.01 sys=0.00, real=0.00 secs] 
1932.645: [GC (Allocation Failure) [PSYoungGen: 67136K->1520K(67584K)] 502493K->436885K(581632K), 0.0017295 secs] [Times: user=0.01 sys=0.00, real=0.00 secs] 
1933.028: [GC (Allocation Failure) [PSYoungGen: 67056K->1645K(67584K)] 502421K->437027K(581632K), 0.0017276 secs] [Times: user=0.01 sys=0.01, real=0.01 secs] 
1933.474: [GC (Allocation Failure) [PSYoungGen: 67181K->1488K(67584K)] 502563K->436869K(581632K), 0.0024728 secs] [Times: user=0.01 sys=0.00, real=0.00 secs] 
1933.756: [GC (Allocation Failure) [PSYoungGen: 67024K->1408K(67584K)] 502405K->436789K(581632K), 0.0019670 secs] [Times: user=0.01 sys=0.00, real=0.00 secs] 
1934.029: [GC (Allocation Failure) [PSYoungGen: 66944K->1408K(67584K)] 502325K->436797K(581632K), 0.0021740 secs] [Times: user=0.01 sys=0.00, real=0.01 secs] 
1934.301: [GC (Allocation Failure) [PSYoungGen: 66944K->1376K(67584K)] 502333K->436781K(581632K), 0.0018652 secs] [Times: user=0.01 sys=0.00, real=0.00 secs] 
1934.645: [GC (Allocation Failure) [PSYoungGen: 66912K->1485K(67584K)] 502317K->436891K(581632K), 0.0015987 secs] [Times: user=0.01 sys=0.00, real=0.00 secs] 
1935.086: [GC (Allocation Failure) [PSYoungGen: 67021K->1613K(67584K)] 502427K->437019K(581632K), 0.0017667 secs] [Times: user=0.01 sys=0.00, real=0.00 secs] 
1935.532: [GC (Allocation Failure) [PSYoungGen: 67149K->1613K(67584K)] 502555K->437019K(581632K), 0.0018419 secs] [Times: user=0.00 sys=0.00, real=0.00 secs] 
1935.916: [GC (Allocation Failure) [PSYoungGen: 67149K->1568K(67584K)] 502555K->436981K(581632K), 0.0018639 secs] [Times: user=0.01 sys=0.00, real=0.00 secs] 
1936.819: [GC (Allocation Failure) [PSYoungGen: 67104K->1520K(67584K)] 502517K->436933K(581632K), 0.0043875 secs] [Times: user=0.02 sys=0.00, real=0.00 secs] 
1937.732: [GC (Allocation Failure) [PSYoungGen: 67056K->1376K(67584K)] 502469K->436789K(581632K), 0.0037955 secs] [Times: user=0.01 sys=0.00, real=0.00 secs] 
1938.546: [GC (Allocation Failure) [PSYoungGen: 66912K->1408K(67584K)] 502325K->436821K(581632K), 0.0030468 secs] [Times: user=0.01 sys=0.00, real=0.01 secs] 
1939.065: [GC (Allocation Failure) [PSYoungGen: 66944K->1392K(67584K)] 502357K->436805K(581632K), 0.0028143 secs] [Times: user=0.01 sys=0.00, real=0.00 secs] 
1939.669: [GC (Allocation Failure) [PSYoungGen: 66928K->1456K(67584K)] 502341K->436869K(581632K), 0.0022786 secs] [Times: user=0.01 sys=0.00, real=0.00 secs] 
1940.080: [GC (Allocation Failure) [PSYoungGen: 66992K->1629K(67584K)] 502405K->437075K(581632K), 0.0020592 secs] [Times: user=0.01 sys=0.00, real=0.00 secs] 
1940.465: [GC (Allocation Failure) [PSYoungGen: 67165K->1613K(67584K)] 502611K->437059K(581632K), 0.0017143 secs] [Times: user=0.00 sys=0.00, real=0.00 secs] 
1940.850: [GC (Allocation Failure) [PSYoungGen: 67149K->1613K(67584K)] 502595K->437075K(581632K), 0.0017453 secs] [Times: user=0.01 sys=0.00, real=0.00 secs] 
1941.293: [GC (Allocation Failure) [PSYoungGen: 67149K->1488K(67584K)] 502611K->436949K(581632K), 0.0020669 secs] [Times: user=0.01 sys=0.00, real=0.00 secs] 
1941.862: [GC (Allocation Failure) [PSYoungGen: 67024K->1376K(67584K)] 502485K->436837K(581632K), 0.0039821 secs] [Times: user=0.02 sys=0.00, real=0.00 secs] 
1942.407: [GC (Allocation Failure) [PSYoungGen: 66912K->1408K(67584K)] 502373K->436869K(581632K), 0.0026074 secs] [Times: user=0.01 sys=0.00, real=0.01 secs] 
1942.948: [GC (Allocation Failure) [PSYoungGen: 66944K->1392K(67584K)] 502405K->436861K(581632K), 0.0023519 secs] [Times: user=0.01 sys=0.00, real=0.01 secs] 
1943.528: [GC (Allocation Failure) [PSYoungGen: 66928K->1437K(67584K)] 502397K->436907K(581632K), 0.0023305 secs] [Times: user=0.00 sys=0.00, real=0.01 secs] 
1943.939: [GC (Allocation Failure) [PSYoungGen: 66973K->1533K(67584K)] 502443K->437003K(581632K), 0.0017005 secs] [Times: user=0.01 sys=0.00, real=0.00 secs] 
1944.322: [GC (Allocation Failure) [PSYoungGen: 67058K->1581K(67584K)] 502528K->437051K(581632K), 0.0017473 secs] [Times: user=0.01 sys=0.00, real=0.00 secs] 
1944.705: [GC (Allocation Failure) [PSYoungGen: 67117K->1568K(67584K)] 502587K->437045K(581632K), 0.0016975 secs] [Times: user=0.01 sys=0.00, real=0.00 secs] 
1945.075: [GC (Allocation Failure) [PSYoungGen: 67104K->1504K(67584K)] 502581K->436981K(581632K), 0.0021529 secs] [Times: user=0.01 sys=0.00, real=0.00 secs] 
1945.347: [GC (Allocation Failure) [PSYoungGen: 67040K->1344K(67584K)] 502517K->436821K(581632K), 0.0019630 secs] [Times: user=0.01 sys=0.00, real=0.01 secs] 
1945.620: [GC (Allocation Failure) [PSYoungGen: 66880K->1376K(67584K)] 502357K->436853K(581632K), 0.0019126 secs] [Times: user=0.00 sys=0.00, real=0.00 secs] 
1945.892: [GC (Allocation Failure) [PSYoungGen: 66912K->1344K(67584K)] 502389K->436821K(581632K), 0.0018911 secs] [Times: user=0.01 sys=0.00, real=0.00 secs] 
1946.200: [GC (Allocation Failure) [PSYoungGen: 66880K->1456K(67584K)] 502357K->436933K(581632K), 0.0016915 secs] [Times: user=0.01 sys=0.00, real=0.00 secs] 
1946.584: [GC (Allocation Failure) [PSYoungGen: 66992K->1584K(67584K)] 502469K->437061K(581632K), 0.0018013 secs] [Times: user=0.00 sys=0.00, real=0.00 secs] 
1946.968: [GC (Allocation Failure) [PSYoungGen: 67120K->1597K(67584K)] 502597K->437075K(581632K), 0.0018806 secs] [Times: user=0.01 sys=0.00, real=0.01 secs] 
1947.359: [GC (Allocation Failure) [PSYoungGen: 67133K->1565K(67584K)] 502611K->437059K(581632K), 0.0016780 secs] [Times: user=0.00 sys=0.00, real=0.01 secs] 
1947.731: [GC (Allocation Failure) [PSYoungGen: 67101K->1488K(67584K)] 502595K->436981K(581632K), 0.0020580 secs] [Times: user=0.01 sys=0.00, real=0.00 secs] 
1948.003: [GC (Allocation Failure) [PSYoungGen: 67024K->1360K(67584K)] 502517K->436861K(581632K), 0.0018168 secs] [Times: user=0.01 sys=0.00, real=0.00 secs] 
1948.294: [GC (Allocation Failure) [PSYoungGen: 66896K->1408K(67584K)] 502397K->436909K(581632K), 0.0017891 secs] [Times: user=0.01 sys=0.00, real=0.00 secs] 
1948.674: [GC (Allocation Failure) [PSYoungGen: 66944K->1408K(67584K)] 502445K->436909K(581632K), 0.0020361 secs] [Times: user=0.01 sys=0.00, real=0.00 secs] 
1949.244: [GC (Allocation Failure) [PSYoungGen: 66944K->1424K(67584K)] 502445K->436925K(581632K), 0.0023743 secs] [Times: user=0.01 sys=0.00, real=0.00 secs] 
1949.656: [GC (Allocation Failure) [PSYoungGen: 66960K->1536K(67584K)] 502461K->437037K(581632K), 0.0018505 secs] [Times: user=0.01 sys=0.00, real=0.00 secs] 
1950.039: [GC (Allocation Failure) [PSYoungGen: 67072K->1581K(67584K)] 502573K->437083K(581632K), 0.0019066 secs] [Times: user=0.00 sys=0.00, real=0.00 secs] 
1950.423: [GC (Allocation Failure) [PSYoungGen: 67117K->1549K(67584K)] 502619K->437059K(581632K), 0.0017080 secs] [Times: user=0.01 sys=0.00, real=0.00 secs] 
1950.962: [GC (Allocation Failure) [PSYoungGen: 67085K->1440K(67584K)] 502595K->436949K(581632K), 0.0023120 secs] [Times: user=0.01 sys=0.00, real=0.00 secs] 
1951.601: [GC (Allocation Failure) [PSYoungGen: 66976K->1344K(67584K)] 502485K->436853K(581632K), 0.0023077 secs] [Times: user=0.01 sys=0.00, real=0.00 secs] 
1952.231: [GC (Allocation Failure) [PSYoungGen: 66880K->1408K(67584K)] 502389K->436917K(581632K), 0.0023848 secs] [Times: user=0.01 sys=0.00, real=0.00 secs] 
1952.712: [GC (Allocation Failure) [PSYoungGen: 66944K->1376K(67584K)] 502453K->436885K(581632K), 0.0028115 secs] [Times: user=0.01 sys=0.00, real=0.00 secs] 
1953.235: [GC (Allocation Failure) [PSYoungGen: 66910K->1437K(67584K)] 502420K->436947K(581632K), 0.0023029 secs] [Times: user=0.01 sys=0.00, real=0.00 secs] 
1953.652: [GC (Allocation Failure) [PSYoungGen: 66973K->1581K(67584K)] 502483K->437091K(581632K), 0.0016851 secs] [Times: user=0.00 sys=0.00, real=0.00 secs] 
1954.037: [GC (Allocation Failure) [PSYoungGen: 67117K->1565K(67584K)] 502627K->437075K(581632K), 0.0016894 secs] [Times: user=0.01 sys=0.00, real=0.01 secs] 
1954.422: [GC (Allocation Failure) [PSYoungGen: 67101K->1549K(67584K)] 502611K->437067K(581632K), 0.0017437 secs] [Times: user=0.01 sys=0.00, real=0.00 secs] 
1954.869: [GC (Allocation Failure) [PSYoungGen: 67085K->1520K(67584K)] 502603K->437037K(581632K), 0.0019924 secs] [Times: user=0.01 sys=0.00, real=0.00 secs] 
1955.158: [GC (Allocation Failure) [PSYoungGen: 67056K->1344K(67584K)] 502573K->436861K(581632K), 0.0018139 secs] [Times: user=0.01 sys=0.00, real=0.01 secs] 
1955.454: [GC (Allocation Failure) [PSYoungGen: 66880K->1344K(67584K)] 502397K->436861K(581632K), 0.0018673 secs] [Times: user=0.01 sys=0.00, real=0.00 secs] 
1955.727: [GC (Allocation Failure) [PSYoungGen: 66880K->1344K(67584K)] 502397K->436861K(581632K), 0.0019555 secs] [Times: user=0.01 sys=0.00, real=0.01 secs] 
1956.032: [GC (Allocation Failure) [PSYoungGen: 66880K->1456K(67584K)] 502397K->436973K(581632K), 0.0015930 secs] [Times: user=0.00 sys=0.00, real=0.00 secs] 
1956.416: [GC (Allocation Failure) [PSYoungGen: 66992K->1533K(67584K)] 502509K->437051K(581632K), 0.0017116 secs] [Times: user=0.01 sys=0.00, real=0.00 secs] 
1956.799: [GC (Allocation Failure) [PSYoungGen: 67069K->1536K(67584K)] 502587K->437053K(581632K), 0.0018305 secs] [Times: user=0.00 sys=0.00, real=0.00 secs] 
1957.183: [GC (Allocation Failure) [PSYoungGen: 67072K->1613K(67584K)] 502589K->437147K(581632K), 0.0017164 secs] [Times: user=0.01 sys=0.00, real=0.00 secs] 
1957.645: [GC (Allocation Failure) [PSYoungGen: 67149K->1456K(67584K)] 502683K->436989K(581632K), 0.0019932 secs] [Times: user=0.01 sys=0.00, real=0.00 secs] 
1958.102: [GC (Allocation Failure) [PSYoungGen: 66992K->1376K(67584K)] 502525K->436909K(581632K), 0.0029891 secs] [Times: user=0.01 sys=0.01, real=0.00 secs] 
1958.619: [GC (Allocation Failure) [PSYoungGen: 66912K->1408K(67584K)] 502445K->436957K(581632K), 0.0028578 secs] [Times: user=0.01 sys=0.00, real=0.01 secs] 
1959.130: [GC (Allocation Failure) [PSYoungGen: 66944K->1328K(67584K)] 502493K->436877K(581632K), 0.0025332 secs] [Times: user=0.01 sys=0.00, real=0.00 secs] 
1959.770: [GC (Allocation Failure) [PSYoungGen: 66864K->1392K(67584K)] 502413K->436941K(581632K), 0.0022518 secs] [Times: user=0.01 sys=0.00, real=0.00 secs] 
1960.182: [GC (Allocation Failure) [PSYoungGen: 66928K->1581K(67584K)] 502477K->437131K(581632K), 0.0018675 secs] [Times: user=0.01 sys=0.00, real=0.00 secs] 
1960.570: [GC (Allocation Failure) [PSYoungGen: 67117K->1549K(67584K)] 502667K->437099K(581632K), 0.0017210 secs] [Times: user=0.01 sys=0.00, real=0.00 secs] 
1960.953: [GC (Allocation Failure) [PSYoungGen: 67085K->1549K(67584K)] 502635K->437107K(581632K), 0.0018820 secs] [Times: user=0.01 sys=0.00, real=0.00 secs] 
1961.314: [GC (Allocation Failure) [PSYoungGen: 67085K->1456K(67584K)] 502643K->437013K(581632K), 0.0019609 secs] [Times: user=0.01 sys=0.00, real=0.00 secs] 
1961.587: [GC (Allocation Failure) [PSYoungGen: 66992K->1344K(67584K)] 502549K->436901K(581632K), 0.0018409 secs] [Times: user=0.01 sys=0.00, real=0.01 secs] 
1961.859: [GC (Allocation Failure) [PSYoungGen: 66880K->1376K(67584K)] 502437K->436933K(581632K), 0.0027254 secs] [Times: user=0.02 sys=0.00, real=0.00 secs] 
1962.133: [GC (Allocation Failure) [PSYoungGen: 66912K->1344K(67584K)] 502469K->436901K(581632K), 0.0022695 secs] [Times: user=0.01 sys=0.00, real=0.00 secs] 
1962.452: [GC (Allocation Failure) [PSYoungGen: 66880K->1456K(67584K)] 502437K->437013K(581632K), 0.0021571 secs] [Times: user=0.01 sys=0.00, real=0.00 secs] 
1962.928: [GC (Allocation Failure) [PSYoungGen: 66992K->1536K(67584K)] 502549K->437093K(581632K), 0.0020487 secs] [Times: user=0.01 sys=0.00, real=0.01 secs] 
1963.311: [GC (Allocation Failure) [PSYoungGen: 67060K->1533K(67584K)] 502618K->437091K(581632K), 0.0017212 secs] [Times: user=0.01 sys=0.00, real=0.00 secs] 
1963.756: [GC (Allocation Failure) [PSYoungGen: 67069K->1581K(67584K)] 502627K->437155K(581632K), 0.0017785 secs] [Times: user=0.01 sys=0.00, real=0.00 secs] 
1964.217: [GC (Allocation Failure) [PSYoungGen: 67117K->1456K(67584K)] 502691K->437029K(581632K), 0.0024931 secs] [Times: user=0.01 sys=0.00, real=0.01 secs] 
1964.491: [GC (Allocation Failure) [PSYoungGen: 66992K->1376K(67584K)] 502565K->436949K(581632K), 0.0022362 secs] [Times: user=0.01 sys=0.01, real=0.00 secs] 
1964.763: [GC (Allocation Failure) [PSYoungGen: 66912K->1344K(67584K)] 502485K->436917K(581632K), 0.0021462 secs] [Times: user=0.01 sys=0.00, real=0.00 secs] 
1965.036: [GC (Allocation Failure) [PSYoungGen: 66880K->1344K(67584K)] 502453K->436925K(581632K), 0.0019916 secs] [Times: user=0.01 sys=0.00, real=0.00 secs] 
1965.365: [GC (Allocation Failure) [PSYoungGen: 66880K->1424K(67584K)] 502461K->437005K(581632K), 0.0020223 secs] [Times: user=0.01 sys=0.00, real=0.00 secs] 
1965.755: [GC (Allocation Failure) [PSYoungGen: 66960K->1536K(67584K)] 502541K->437117K(581632K), 0.0017302 secs] [Times: user=0.01 sys=0.00, real=0.00 secs] 
1966.140: [GC (Allocation Failure) [PSYoungGen: 67072K->1581K(67584K)] 502653K->437163K(581632K), 0.0017715 secs] [Times: user=0.00 sys=0.00, real=0.00 secs] 
1966.525: [GC (Allocation Failure) [PSYoungGen: 67117K->1520K(67584K)] 502699K->437109K(581632K), 0.0017250 secs] [Times: user=0.01 sys=0.00, real=0.00 secs] 
1967.009: [GC (Allocation Failure) [PSYoungGen: 67056K->1440K(67584K)] 502645K->437029K(581632K), 0.0021900 secs] [Times: user=0.01 sys=0.00, real=0.00 secs] 
1967.587: [GC (Allocation Failure) [PSYoungGen: 66976K->1344K(67584K)] 502565K->436933K(581632K), 0.0021790 secs] [Times: user=0.01 sys=0.00, real=0.01 secs] 
1968.229: [GC (Allocation Failure) [PSYoungGen: 66880K->1376K(67584K)] 502469K->436965K(581632K), 0.0022532 secs] [Times: user=0.01 sys=0.00, real=0.01 secs] 
1968.781: [GC (Allocation Failure) [PSYoungGen: 66912K->1376K(67584K)] 502501K->436981K(581632K), 0.0024150 secs] [Times: user=0.01 sys=0.00, real=0.00 secs] 
1969.078: [GC (Allocation Failure) [PSYoungGen: 66912K->1424K(67584K)] 502517K->437029K(581632K), 0.0020236 secs] [Times: user=0.01 sys=0.00, real=0.01 secs] 
1969.468: [GC (Allocation Failure) [PSYoungGen: 66960K->1613K(67584K)] 502565K->437219K(581632K), 0.0017023 secs] [Times: user=0.00 sys=0.00, real=0.01 secs] 
1969.851: [GC (Allocation Failure) [PSYoungGen: 67149K->1517K(67584K)] 502755K->437123K(581632K), 0.0018338 secs] [Times: user=0.01 sys=0.00, real=0.00 secs] 
1970.235: [GC (Allocation Failure) [PSYoungGen: 67053K->1581K(67584K)] 502659K->437203K(581632K), 0.0017226 secs] [Times: user=0.01 sys=0.00, real=0.00 secs] 
1970.600: [GC (Allocation Failure) [PSYoungGen: 67117K->1472K(67584K)] 502739K->437093K(581632K), 0.0016867 secs] [Times: user=0.01 sys=0.00, real=0.00 secs] 
1970.998: [GC (Allocation Failure) [PSYoungGen: 67008K->1376K(67584K)] 502629K->436997K(581632K), 0.0028912 secs] [Times: user=0.01 sys=0.00, real=0.01 secs] 
1971.539: [GC (Allocation Failure) [PSYoungGen: 66912K->1376K(67584K)] 502533K->436997K(581632K), 0.0029878 secs] [Times: user=0.01 sys=0.00, real=0.00 secs] 
1972.082: [GC (Allocation Failure) [PSYoungGen: 66912K->1344K(67584K)] 502533K->436973K(581632K), 0.0028674 secs] [Times: user=0.01 sys=0.00, real=0.00 secs] 
1972.741: [GC (Allocation Failure) [PSYoungGen: 66880K->1488K(67584K)] 502509K->437117K(581632K), 0.0027851 secs] [Times: user=0.01 sys=0.00, real=0.00 secs] 
1973.195: [GC (Allocation Failure) [PSYoungGen: 67024K->1565K(67584K)] 502653K->437195K(581632K), 0.0016950 secs] [Times: user=0.01 sys=0.00, real=0.00 secs] 
1973.589: [GC (Allocation Failure) [PSYoungGen: 67101K->1533K(67584K)] 502731K->437163K(581632K), 0.0018677 secs] [Times: user=0.00 sys=0.00, real=0.00 secs] 
1973.972: [GC (Allocation Failure) [PSYoungGen: 67069K->1533K(67584K)] 502699K->437171K(581632K), 0.0017899 secs] [Times: user=0.01 sys=0.01, real=0.00 secs] 
1974.369: [GC (Allocation Failure) [PSYoungGen: 67069K->1472K(67584K)] 502707K->437109K(581632K), 0.0022284 secs] [Times: user=0.01 sys=0.00, real=0.00 secs] 
1974.687: [GC (Allocation Failure) [PSYoungGen: 67008K->1376K(67584K)] 502645K->437013K(581632K), 0.0021299 secs] [Times: user=0.01 sys=0.00, real=0.01 secs] 
1974.960: [GC (Allocation Failure) [PSYoungGen: 66912K->1376K(67584K)] 502549K->437013K(581632K), 0.0028178 secs] [Times: user=0.01 sys=0.00, real=0.00 secs] 
1975.262: [GC (Allocation Failure) [PSYoungGen: 66912K->1376K(67584K)] 502549K->437013K(581632K), 0.0025288 secs] [Times: user=0.01 sys=0.00, real=0.00 secs] 
1975.646: [GC (Allocation Failure) [PSYoungGen: 66912K->1424K(67584K)] 502549K->437061K(581632K), 0.0023275 secs] [Times: user=0.01 sys=0.00, real=0.00 secs] 
1976.156: [GC (Allocation Failure) [PSYoungGen: 66960K->1581K(67584K)] 502597K->437219K(581632K), 0.0017919 secs] [Times: user=0.01 sys=0.00, real=0.00 secs] 
1976.539: [GC (Allocation Failure) [PSYoungGen: 67117K->1536K(67584K)] 502755K->437173K(581632K), 0.0017302 secs] [Times: user=0.01 sys=0.00, real=0.00 secs] 
1976.924: [GC (Allocation Failure) [PSYoungGen: 67072K->1565K(67584K)] 502709K->437211K(581632K), 0.0017526 secs] [Times: user=0.00 sys=0.00, real=0.00 secs] 
1977.302: [GC (Allocation Failure) [PSYoungGen: 67101K->1488K(67584K)] 502747K->437133K(581632K), 0.0022825 secs] [Times: user=0.01 sys=0.00, real=0.00 secs] 
1977.575: [GC (Allocation Failure) [PSYoungGen: 67024K->1344K(67584K)] 502669K->436989K(581632K), 0.0022182 secs] [Times: user=0.01 sys=0.00, real=0.00 secs] 
1977.976: [GC (Allocation Failure) [PSYoungGen: 66880K->1408K(67584K)] 502525K->437053K(581632K), 0.0035427 secs] [Times: user=0.01 sys=0.00, real=0.01 secs] 
1978.540: [GC (Allocation Failure) [PSYoungGen: 66944K->1408K(67584K)] 502589K->437069K(581632K), 0.0029673 secs] [Times: user=0.01 sys=0.00, real=0.00 secs] 
1979.360: [GC (Allocation Failure) [PSYoungGen: 66944K->1520K(67584K)] 502605K->437181K(581632K), 0.0035108 secs] [Times: user=0.01 sys=0.00, real=0.00 secs] 
1979.889: [GC (Allocation Failure) [PSYoungGen: 67056K->1584K(67584K)] 502717K->437245K(581632K), 0.0019301 secs] [Times: user=0.01 sys=0.00, real=0.01 secs] 
1980.329: [GC (Allocation Failure) [PSYoungGen: 67120K->1581K(67584K)] 502781K->437243K(581632K), 0.0017700 secs] [Times: user=0.01 sys=0.00, real=0.00 secs] 
1980.713: [GC (Allocation Failure) [PSYoungGen: 67117K->1565K(67584K)] 502779K->437235K(581632K), 0.0017978 secs] [Times: user=0.01 sys=0.00, real=0.00 secs] 
1981.074: [GC (Allocation Failure) [PSYoungGen: 67101K->1456K(67584K)] 502771K->437125K(581632K), 0.0022733 secs] [Times: user=0.01 sys=0.00, real=0.00 secs] 
1981.391: [GC (Allocation Failure) [PSYoungGen: 66992K->1360K(67584K)] 502661K->437029K(581632K), 0.0021269 secs] [Times: user=0.00 sys=0.00, real=0.00 secs] 
1981.663: [GC (Allocation Failure) [PSYoungGen: 66896K->1344K(67584K)] 502565K->437013K(581632K), 0.0020594 secs] [Times: user=0.01 sys=0.00, real=0.00 secs] 
1982.108: [GC (Allocation Failure) [PSYoungGen: 66880K->1376K(67584K)] 502549K->437045K(581632K), 0.0036275 secs] [Times: user=0.02 sys=0.00, real=0.01 secs] 
1983.143: [GC (Allocation Failure) [PSYoungGen: 66912K->1456K(67584K)] 502581K->437133K(581632K), 0.0041696 secs] [Times: user=0.02 sys=0.00, real=0.00 secs] 
1983.634: [GC (Allocation Failure) [PSYoungGen: 66992K->1536K(67584K)] 502669K->437213K(581632K), 0.0018900 secs] [Times: user=0.01 sys=0.00, real=0.00 secs] 
1984.019: [GC (Allocation Failure) [PSYoungGen: 67072K->1520K(67584K)] 502749K->437197K(581632K), 0.0018237 secs] [Times: user=0.01 sys=0.00, real=0.00 secs] 
1984.403: [GC (Allocation Failure) [PSYoungGen: 67056K->1565K(67584K)] 502733K->437251K(581632K), 0.0017600 secs] [Times: user=0.01 sys=0.00, real=0.00 secs] 
1984.799: [GC (Allocation Failure) [PSYoungGen: 67101K->1440K(67584K)] 502787K->437125K(581632K), 0.0018737 secs] [Times: user=0.01 sys=0.00, real=0.00 secs] 
1985.254: [GC (Allocation Failure) [PSYoungGen: 66976K->1344K(67584K)] 502661K->437029K(581632K), 0.0020403 secs] [Times: user=0.00 sys=0.00, real=0.00 secs] 
1985.954: [GC (Allocation Failure) [PSYoungGen: 66880K->1360K(67584K)] 502565K->437045K(581632K), 0.0022180 secs] [Times: user=0.01 sys=0.00, real=0.00 secs] 
1986.856: [GC (Allocation Failure) [PSYoungGen: 66896K->1376K(67584K)] 502581K->437061K(581632K), 0.0044975 secs] [Times: user=0.02 sys=0.00, real=0.01 secs] 
1987.937: [GC (Allocation Failure) [PSYoungGen: 66912K->1456K(67584K)] 502597K->437141K(581632K), 0.0042680 secs] [Times: user=0.01 sys=0.00, real=0.01 secs] 
1988.480: [GC (Allocation Failure) [PSYoungGen: 66992K->1565K(67584K)] 502677K->437251K(581632K), 0.0019554 secs] [Times: user=0.01 sys=0.00, real=0.00 secs] 
1988.867: [GC (Allocation Failure) [PSYoungGen: 67101K->1536K(67584K)] 502787K->437221K(581632K), 0.0018280 secs] [Times: user=0.01 sys=0.00, real=0.01 secs] 
1989.250: [GC (Allocation Failure) [PSYoungGen: 67072K->1552K(67584K)] 502757K->437245K(581632K), 0.0019325 secs] [Times: user=0.01 sys=0.00, real=0.00 secs] 
1989.651: [GC (Allocation Failure) [PSYoungGen: 67088K->1488K(67584K)] 502781K->437181K(581632K), 0.0020279 secs] [Times: user=0.01 sys=0.00, real=0.00 secs] 
1989.924: [GC (Allocation Failure) [PSYoungGen: 67024K->1376K(67584K)] 502717K->437069K(581632K), 0.0022783 secs] [Times: user=0.01 sys=0.00, real=0.00 secs] 
1990.196: [GC (Allocation Failure) [PSYoungGen: 66912K->1344K(67584K)] 502605K->437037K(581632K), 0.0019892 secs] [Times: user=0.01 sys=0.00, real=0.00 secs] 
1990.691: [GC (Allocation Failure) [PSYoungGen: 66880K->1376K(67584K)] 502573K->437085K(581632K), 0.0020836 secs] [Times: user=0.01 sys=0.00, real=0.00 secs] 
1991.417: [GC (Allocation Failure) [PSYoungGen: 66912K->1469K(67584K)] 502621K->437179K(581632K), 0.0041425 secs] [Times: user=0.02 sys=0.00, real=0.01 secs] 
1991.927: [GC (Allocation Failure) [PSYoungGen: 67005K->1501K(67584K)] 502715K->437211K(581632K), 0.0017186 secs] [Times: user=0.00 sys=0.00, real=0.00 secs] 
1992.376: [GC (Allocation Failure) [PSYoungGen: 67037K->1501K(67584K)] 502747K->437211K(581632K), 0.0017686 secs] [Times: user=0.01 sys=0.00, real=0.00 secs] 
1992.763: [GC (Allocation Failure) [PSYoungGen: 67037K->1552K(67584K)] 502747K->437269K(581632K), 0.0018547 secs] [Times: user=0.01 sys=0.00, real=0.00 secs] 
1993.386: [GC (Allocation Failure) [PSYoungGen: 67088K->1440K(67584K)] 502805K->437157K(581632K), 0.0042767 secs] [Times: user=0.01 sys=0.00, real=0.01 secs] 
1993.985: [GC (Allocation Failure) [PSYoungGen: 66976K->1376K(67584K)] 502693K->437093K(581632K), 0.0034096 secs] [Times: user=0.01 sys=0.00, real=0.00 secs] 
1994.618: [GC (Allocation Failure) [PSYoungGen: 66912K->1360K(67584K)] 502629K->437077K(581632K), 0.0031372 secs] [Times: user=0.01 sys=0.00, real=0.01 secs] 
1995.104: [GC (Allocation Failure) [PSYoungGen: 66896K->1376K(67584K)] 502613K->437093K(581632K), 0.0033743 secs] [Times: user=0.02 sys=0.00, real=0.00 secs] 
1995.569: [GC (Allocation Failure) [PSYoungGen: 66912K->1437K(67584K)] 502629K->437155K(581632K), 0.0025751 secs] [Times: user=0.01 sys=0.00, real=0.00 secs] 
1995.998: [GC (Allocation Failure) [PSYoungGen: 66973K->1568K(67584K)] 502691K->437285K(581632K), 0.0017772 secs] [Times: user=0.01 sys=0.00, real=0.01 secs] 
1996.381: [GC (Allocation Failure) [PSYoungGen: 67085K->1536K(67584K)] 502803K->437253K(581632K), 0.0017167 secs] [Times: user=0.01 sys=0.00, real=0.00 secs] 
1996.765: [GC (Allocation Failure) [PSYoungGen: 67072K->1552K(67584K)] 502789K->437277K(581632K), 0.0018351 secs] [Times: user=0.01 sys=0.00, real=0.00 secs] 
1997.229: [GC (Allocation Failure) [PSYoungGen: 67088K->1488K(67584K)] 502813K->437213K(581632K), 0.0021071 secs] [Times: user=0.01 sys=0.00, real=0.00 secs] 
1997.717: [GC (Allocation Failure) [PSYoungGen: 67024K->1376K(67584K)] 502749K->437101K(581632K), 0.0035878 secs] [Times: user=0.01 sys=0.00, real=0.01 secs] 
1998.201: [GC (Allocation Failure) [PSYoungGen: 66912K->1344K(67584K)] 502637K->437069K(581632K), 0.0019973 secs] [Times: user=0.01 sys=0.00, real=0.00 secs] 
1998.513: [GC (Allocation Failure) [PSYoungGen: 66880K->1328K(67584K)] 502605K->437053K(581632K), 0.0019609 secs] [Times: user=0.01 sys=0.00, real=0.00 secs] 
1998.803: [GC (Allocation Failure) [PSYoungGen: 66838K->1437K(67584K)] 502564K->437163K(581632K), 0.0020644 secs] [Times: user=0.01 sys=0.00, real=0.00 secs] 
1999.199: [GC (Allocation Failure) [PSYoungGen: 66973K->1613K(67584K)] 502699K->437363K(581632K), 0.0016699 secs] [Times: user=0.01 sys=0.00, real=0.00 secs] 
1999.582: [GC (Allocation Failure) [PSYoungGen: 67149K->1533K(67584K)] 502899K->437283K(581632K), 0.0017025 secs] [Times: user=0.01 sys=0.00, real=0.00 secs] 
1999.964: [GC (Allocation Failure) [PSYoungGen: 67069K->1568K(67584K)] 502819K->437325K(581632K), 0.0017949 secs] [Times: user=0.01 sys=0.00, real=0.00 secs] 
2000.364: [GC (Allocation Failure) [PSYoungGen: 67104K->1504K(67584K)] 502861K->437261K(581632K), 0.0019812 secs] [Times: user=0.01 sys=0.00, real=0.00 secs] 
2000.681: [GC (Allocation Failure) [PSYoungGen: 67040K->1376K(67584K)] 502797K->437133K(581632K), 0.0020064 secs] [Times: user=0.01 sys=0.00, real=0.00 secs] 
2000.953: [GC (Allocation Failure) [PSYoungGen: 66912K->1376K(67584K)] 502669K->437133K(581632K), 0.0019163 secs] [Times: user=0.00 sys=0.00, real=0.00 secs] 
2001.234: [GC (Allocation Failure) [PSYoungGen: 66912K->1344K(67584K)] 502669K->437101K(581632K), 0.0018824 secs] [Times: user=0.01 sys=0.00, real=0.00 secs] 
2001.556: [GC (Allocation Failure) [PSYoungGen: 66880K->1488K(67584K)] 502637K->437245K(581632K), 0.0020153 secs] [Times: user=0.01 sys=0.00, real=0.00 secs] 
2001.956: [GC (Allocation Failure) [PSYoungGen: 67024K->1613K(67584K)] 502781K->437371K(581632K), 0.0017251 secs] [Times: user=0.01 sys=0.00, real=0.00 secs] 
2002.340: [GC (Allocation Failure) [PSYoungGen: 67149K->1565K(67584K)] 502907K->437323K(581632K), 0.0018551 secs] [Times: user=0.01 sys=0.00, real=0.00 secs] 
2002.730: [GC (Allocation Failure) [PSYoungGen: 67101K->1552K(67584K)] 502859K->437317K(581632K), 0.0016929 secs] [Times: user=0.01 sys=0.00, real=0.00 secs] 
2003.628: [GC (Allocation Failure) [PSYoungGen: 67088K->1456K(67584K)] 502853K->437221K(581632K), 0.0045983 secs] [Times: user=0.01 sys=0.00, real=0.01 secs] 
2004.489: [GC (Allocation Failure) [PSYoungGen: 66992K->1376K(67584K)] 502757K->437141K(581632K), 0.0023721 secs] [Times: user=0.01 sys=0.00, real=0.00 secs] 
2004.801: [GC (Allocation Failure) [PSYoungGen: 66912K->1344K(67584K)] 502677K->437109K(581632K), 0.0022743 secs] [Times: user=0.00 sys=0.00, real=0.00 secs] 
2005.284: [GC (Allocation Failure) [PSYoungGen: 66880K->1376K(67584K)] 502645K->437141K(581632K), 0.0022682 secs] [Times: user=0.01 sys=0.00, real=0.00 secs] 
2005.871: [GC (Allocation Failure) [PSYoungGen: 66784K->272K(67584K)] 502550K->436037K(581632K), 0.0023799 secs] [Times: user=0.01 sys=0.00, real=0.00 secs] 
2006.321: [GC (Allocation Failure) [PSYoungGen: 65808K->1565K(67584K)] 501573K->437331K(581632K), 0.0017332 secs] [Times: user=0.00 sys=0.00, real=0.00 secs] 
2006.707: [GC (Allocation Failure) [PSYoungGen: 67101K->1581K(67584K)] 502867K->437347K(581632K), 0.0016958 secs] [Times: user=0.01 sys=0.00, real=0.01 secs] 
2007.091: [GC (Allocation Failure) [PSYoungGen: 67117K->1581K(67584K)] 502883K->437355K(581632K), 0.0018034 secs] [Times: user=0.01 sys=0.00, real=0.00 secs] 
2007.474: [GC (Allocation Failure) [PSYoungGen: 67117K->1472K(67584K)] 502891K->437245K(581632K), 0.0021156 secs] [Times: user=0.01 sys=0.00, real=0.00 secs] 
2007.757: [GC (Allocation Failure) [PSYoungGen: 67008K->1376K(67584K)] 502781K->437149K(581632K), 0.0019463 secs] [Times: user=0.01 sys=0.00, real=0.00 secs] 
2008.029: [GC (Allocation Failure) [PSYoungGen: 66912K->1360K(67584K)] 502685K->437133K(581632K), 0.0018379 secs] [Times: user=0.01 sys=0.00, real=0.00 secs] 
2008.329: [GC (Allocation Failure) [PSYoungGen: 66896K->1344K(67584K)] 502669K->437117K(581632K), 0.0018826 secs] [Times: user=0.01 sys=0.00, real=0.00 secs] 
2008.635: [GC (Allocation Failure) [PSYoungGen: 66753K->304K(67584K)] 502527K->436077K(581632K), 0.0019231 secs] [Times: user=0.01 sys=0.00, real=0.00 secs] 
2009.037: [GC (Allocation Failure) [PSYoungGen: 65840K->1581K(67584K)] 501613K->437379K(581632K), 0.0017882 secs] [Times: user=0.01 sys=0.00, real=0.01 secs] 
2009.420: [GC (Allocation Failure) [PSYoungGen: 67117K->1613K(67584K)] 502915K->437411K(581632K), 0.0015973 secs] [Times: user=0.00 sys=0.00, real=0.00 secs] 
2009.803: [GC (Allocation Failure) [PSYoungGen: 67149K->1581K(67584K)] 502947K->437395K(581632K), 0.0017188 secs] [Times: user=0.01 sys=0.00, real=0.00 secs] 
2010.228: [GC (Allocation Failure) [PSYoungGen: 67117K->1552K(68096K)] 502931K->437365K(582144K), 0.0020055 secs] [Times: user=0.00 sys=0.00, real=0.01 secs] 
2010.754: [GC (Allocation Failure) [PSYoungGen: 67088K->1440K(67072K)] 502901K->437253K(581120K), 0.0024530 secs] [Times: user=0.01 sys=0.00, real=0.00 secs] 
2011.329: [GC (Allocation Failure) [PSYoungGen: 66976K->1408K(67584K)] 502789K->437221K(581632K), 0.0023130 secs] [Times: user=0.01 sys=0.01, real=0.00 secs] 
2011.990: [GC (Allocation Failure) [PSYoungGen: 66944K->1408K(67584K)] 502757K->437221K(581632K), 0.0031531 secs] [Times: user=0.01 sys=0.00, real=0.00 secs] 
2012.605: [GC (Allocation Failure) [PSYoungGen: 66944K->1376K(67584K)] 502757K->437189K(581632K), 0.0051588 secs] [Times: user=0.02 sys=0.00, real=0.01 secs] 
2013.227: [GC (Allocation Failure) [PSYoungGen: 66912K->1597K(67584K)] 502725K->437411K(581632K), 0.0019371 secs] [Times: user=0.01 sys=0.00, real=0.01 secs] 
2013.611: [GC (Allocation Failure) [PSYoungGen: 67133K->1597K(67584K)] 502947K->437411K(581632K), 0.0018304 secs] [Times: user=0.00 sys=0.00, real=0.00 secs] 
2013.995: [GC (Allocation Failure) [PSYoungGen: 67133K->1552K(67584K)] 502947K->437373K(581632K), 0.0017815 secs] [Times: user=0.01 sys=0.00, real=0.00 secs] 
2014.500: [GC (Allocation Failure) [PSYoungGen: 67088K->1456K(67584K)] 502909K->437277K(581632K), 0.0020675 secs] [Times: user=0.01 sys=0.00, real=0.00 secs] 
2015.124: [GC (Allocation Failure) [PSYoungGen: 66992K->1344K(67584K)] 502813K->437165K(581632K), 0.0021854 secs] [Times: user=0.01 sys=0.00, real=0.00 secs] 
2015.724: [GC (Allocation Failure) [PSYoungGen: 66880K->1408K(67584K)] 502701K->437229K(581632K), 0.0021118 secs] [Times: user=0.01 sys=0.00, real=0.00 secs] 
2016.290: [GC (Allocation Failure) [PSYoungGen: 66944K->1376K(67584K)] 502765K->437213K(581632K), 0.0025178 secs] [Times: user=0.01 sys=0.00, real=0.00 secs] 
2016.629: [GC (Allocation Failure) [PSYoungGen: 66912K->1312K(67584K)] 502749K->437149K(581632K), 0.0021059 secs] [Times: user=0.00 sys=0.01, real=0.00 secs] 
2017.036: [GC (Allocation Failure) [PSYoungGen: 66848K->1597K(67584K)] 502685K->437435K(581632K), 0.0016921 secs] [Times: user=0.01 sys=0.00, real=0.00 secs] 
2017.420: [GC (Allocation Failure) [PSYoungGen: 67133K->1613K(67584K)] 502971K->437451K(581632K), 0.0017266 secs] [Times: user=0.01 sys=0.00, real=0.00 secs] 
2017.806: [GC (Allocation Failure) [PSYoungGen: 67149K->1565K(67584K)] 502987K->437411K(581632K), 0.0017445 secs] [Times: user=0.00 sys=0.00, real=0.00 secs] 
2018.249: [GC (Allocation Failure) [PSYoungGen: 67101K->1440K(67584K)] 502947K->437285K(581632K), 0.0020117 secs] [Times: user=0.01 sys=0.00, real=0.00 secs] 
2018.870: [GC (Allocation Failure) [PSYoungGen: 66976K->1376K(67584K)] 502821K->437221K(581632K), 0.0024221 secs] [Times: user=0.01 sys=0.00, real=0.00 secs] 
2019.422: [GC (Allocation Failure) [PSYoungGen: 66912K->1376K(67584K)] 502757K->437221K(581632K), 0.0022666 secs] [Times: user=0.01 sys=0.01, real=0.00 secs] 
2019.964: [GC (Allocation Failure) [PSYoungGen: 66912K->1344K(67584K)] 502757K->437205K(581632K), 0.0024294 secs] [Times: user=0.01 sys=0.00, real=0.00 secs] 
2020.442: [GC (Allocation Failure) [PSYoungGen: 66880K->1344K(67584K)] 502741K->437205K(581632K), 0.0021969 secs] [Times: user=0.01 sys=0.00, real=0.00 secs] 
2020.867: [GC (Allocation Failure) [PSYoungGen: 66880K->1581K(67584K)] 502741K->437443K(581632K), 0.0017386 secs] [Times: user=0.01 sys=0.00, real=0.00 secs] 
2021.250: [GC (Allocation Failure) [PSYoungGen: 67117K->1581K(67584K)] 502979K->437443K(581632K), 0.0016895 secs] [Times: user=0.01 sys=0.00, real=0.00 secs] 
2021.634: [GC (Allocation Failure) [PSYoungGen: 67117K->1520K(67584K)] 502979K->437397K(581632K), 0.0018588 secs] [Times: user=0.00 sys=0.00, real=0.00 secs] 
2022.045: [GC (Allocation Failure) [PSYoungGen: 67056K->1440K(67584K)] 502933K->437317K(581632K), 0.0020986 secs] [Times: user=0.01 sys=0.00, real=0.00 secs] 
2022.318: [GC (Allocation Failure) [PSYoungGen: 66976K->1360K(67584K)] 502853K->437237K(581632K), 0.0019482 secs] [Times: user=0.00 sys=0.00, real=0.01 secs] 
2022.613: [GC (Allocation Failure) [PSYoungGen: 66896K->1376K(67584K)] 502773K->437253K(581632K), 0.0027873 secs] [Times: user=0.01 sys=0.00, real=0.00 secs] 
2023.028: [GC (Allocation Failure) [PSYoungGen: 66912K->1408K(67584K)] 502789K->437285K(581632K), 0.0026519 secs] [Times: user=0.01 sys=0.00, real=0.01 secs] 
2023.301: [GC (Allocation Failure) [PSYoungGen: 66944K->1344K(67584K)] 502821K->437221K(581632K), 0.0022940 secs] [Times: user=0.01 sys=0.00, real=0.00 secs] 
2023.847: [GC (Allocation Failure) [PSYoungGen: 66880K->1533K(67584K)] 502757K->437411K(581632K), 0.0019125 secs] [Times: user=0.00 sys=0.00, real=0.01 secs] 
2024.288: [GC (Allocation Failure) [PSYoungGen: 67069K->1501K(67584K)] 502947K->437379K(581632K), 0.0019299 secs] [Times: user=0.01 sys=0.00, real=0.01 secs] 
2024.672: [GC (Allocation Failure) [PSYoungGen: 67037K->1533K(67584K)] 502915K->437419K(581632K), 0.0017706 secs] [Times: user=0.01 sys=0.00, real=0.00 secs] 
2025.052: [GC (Allocation Failure) [PSYoungGen: 67069K->1504K(67584K)] 502955K->437389K(581632K), 0.0022282 secs] [Times: user=0.01 sys=0.00, real=0.00 secs] 
2025.326: [GC (Allocation Failure) [PSYoungGen: 67040K->1344K(67584K)] 502925K->437229K(581632K), 0.0023081 secs] [Times: user=0.01 sys=0.00, real=0.00 secs] 
2025.598: [GC (Allocation Failure) [PSYoungGen: 66880K->1376K(67584K)] 502765K->437261K(581632K), 0.0021757 secs] [Times: user=0.01 sys=0.00, real=0.01 secs] 
2025.925: [GC (Allocation Failure) [PSYoungGen: 66912K->1344K(67584K)] 502797K->437229K(581632K), 0.0022002 secs] [Times: user=0.01 sys=0.00, real=0.00 secs] 
2026.427: [GC (Allocation Failure) [PSYoungGen: 66880K->1312K(67584K)] 502765K->437197K(581632K), 0.0021668 secs] [Times: user=0.01 sys=0.00, real=0.01 secs] 
2026.853: [GC (Allocation Failure) [PSYoungGen: 66848K->1597K(67584K)] 502733K->437483K(581632K), 0.0016870 secs] [Times: user=0.01 sys=0.00, real=0.00 secs] 
2027.238: [GC (Allocation Failure) [PSYoungGen: 67133K->1488K(67584K)] 503019K->437373K(581632K), 0.0017974 secs] [Times: user=0.01 sys=0.00, real=0.01 secs] 
2027.621: [GC (Allocation Failure) [PSYoungGen: 67024K->1581K(67584K)] 502909K->437483K(581632K), 0.0017189 secs] [Times: user=0.00 sys=0.00, real=0.00 secs] 
2028.093: [GC (Allocation Failure) [PSYoungGen: 67117K->1440K(67584K)] 503019K->437341K(581632K), 0.0023515 secs] [Times: user=0.01 sys=0.00, real=0.00 secs] 
2028.673: [GC (Allocation Failure) [PSYoungGen: 66976K->1376K(67584K)] 502877K->437293K(581632K), 0.0029700 secs] [Times: user=0.01 sys=0.00, real=0.00 secs] 
2029.180: [GC (Allocation Failure) [PSYoungGen: 66912K->1376K(67584K)] 502829K->437293K(581632K), 0.0024935 secs] [Times: user=0.01 sys=0.00, real=0.00 secs] 
2029.449: [GC (Allocation Failure) [PSYoungGen: 66912K->1376K(67584K)] 502829K->437293K(581632K), 0.0020822 secs] [Times: user=0.01 sys=0.00, real=0.00 secs] 
2029.722: [GC (Allocation Failure) [PSYoungGen: 66912K->1344K(67584K)] 502829K->437261K(581632K), 0.0025023 secs] [Times: user=0.01 sys=0.00, real=0.00 secs] 
2030.273: [GC (Allocation Failure) [PSYoungGen: 66880K->1536K(67584K)] 502797K->437453K(581632K), 0.0017352 secs] [Times: user=0.01 sys=0.00, real=0.00 secs] 
2030.655: [GC (Allocation Failure) [PSYoungGen: 67072K->1536K(67584K)] 502989K->437453K(581632K), 0.0017633 secs] [Times: user=0.00 sys=0.00, real=0.00 secs] 
2031.037: [GC (Allocation Failure) [PSYoungGen: 67072K->1565K(67584K)] 502989K->437499K(581632K), 0.0016160 secs] [Times: user=0.01 sys=0.00, real=0.01 secs] 
2031.436: [GC (Allocation Failure) [PSYoungGen: 67101K->1472K(67584K)] 503035K->437405K(581632K), 0.0021790 secs] [Times: user=0.01 sys=0.00, real=0.00 secs] 
2031.779: [GC (Allocation Failure) [PSYoungGen: 67008K->1344K(67584K)] 502941K->437277K(581632K), 0.0024254 secs] [Times: user=0.01 sys=0.00, real=0.00 secs] 
2032.052: [GC (Allocation Failure) [PSYoungGen: 66880K->1376K(67584K)] 502813K->437309K(581632K), 0.0022623 secs] [Times: user=0.01 sys=0.00, real=0.00 secs] 
2032.325: [GC (Allocation Failure) [PSYoungGen: 66912K->1360K(67584K)] 502845K->437293K(581632K), 0.0021599 secs] [Times: user=0.01 sys=0.00, real=0.00 secs] 
2032.597: [GC (Allocation Failure) [PSYoungGen: 66896K->1344K(67584K)] 502829K->437277K(581632K), 0.0020710 secs] [Times: user=0.00 sys=0.00, real=0.00 secs] 
2033.016: [GC (Allocation Failure) [PSYoungGen: 66880K->1536K(67584K)] 502813K->437469K(581632K), 0.0017194 secs] [Times: user=0.01 sys=0.00, real=0.00 secs] 
2033.400: [GC (Allocation Failure) [PSYoungGen: 67072K->1613K(67584K)] 503005K->437547K(581632K), 0.0017505 secs] [Times: user=0.00 sys=0.00, real=0.00 secs] 
2033.784: [GC (Allocation Failure) [PSYoungGen: 67149K->1581K(67584K)] 503083K->437523K(581632K), 0.0017384 secs] [Times: user=0.01 sys=0.00, real=0.00 secs] 
2034.212: [GC (Allocation Failure) [PSYoungGen: 67117K->1472K(67584K)] 503059K->437413K(581632K), 0.0020796 secs] [Times: user=0.01 sys=0.00, real=0.00 secs] 
2034.698: [GC (Allocation Failure) [PSYoungGen: 67008K->1376K(67584K)] 502949K->437317K(581632K), 0.0019032 secs] [Times: user=0.01 sys=0.00, real=0.01 secs] 
2035.158: [GC (Allocation Failure) [PSYoungGen: 66912K->1376K(67584K)] 502853K->437317K(581632K), 0.0019343 secs] [Times: user=0.01 sys=0.00, real=0.01 secs] 
2035.698: [GC (Allocation Failure) [PSYoungGen: 66912K->1376K(67584K)] 502853K->437317K(581632K), 0.0024342 secs] [Times: user=0.01 sys=0.00, real=0.01 secs] 
2036.263: [GC (Allocation Failure) [PSYoungGen: 66912K->1376K(67584K)] 502853K->437317K(581632K), 0.0028356 secs] [Times: user=0.01 sys=0.00, real=0.00 secs] 
2036.847: [GC (Allocation Failure) [PSYoungGen: 66912K->1536K(67584K)] 502853K->437477K(581632K), 0.0017264 secs] [Times: user=0.00 sys=0.00, real=0.00 secs] 
2037.287: [GC (Allocation Failure) [PSYoungGen: 67072K->1568K(67584K)] 503013K->437509K(581632K), 0.0017205 secs] [Times: user=0.00 sys=0.00, real=0.01 secs] 
2037.672: [GC (Allocation Failure) [PSYoungGen: 67104K->1568K(67584K)] 503045K->437525K(581632K), 0.0019663 secs] [Times: user=0.01 sys=0.00, real=0.00 secs] 
2038.056: [GC (Allocation Failure) [PSYoungGen: 67104K->1472K(67584K)] 503061K->437429K(581632K), 0.0021025 secs] [Times: user=0.01 sys=0.00, real=0.00 secs] 
2038.333: [GC (Allocation Failure) [PSYoungGen: 67008K->1376K(67584K)] 502965K->437333K(581632K), 0.0021156 secs] [Times: user=0.01 sys=0.00, real=0.00 secs] 
2038.690: [GC (Allocation Failure) [PSYoungGen: 66912K->1312K(67584K)] 502869K->437269K(581632K), 0.0023140 secs] [Times: user=0.01 sys=0.00, real=0.00 secs] 
2039.163: [GC (Allocation Failure) [PSYoungGen: 66848K->1360K(67584K)] 502805K->437333K(581632K), 0.0020230 secs] [Times: user=0.01 sys=0.00, real=0.00 secs] 
2039.723: [GC (Allocation Failure) [PSYoungGen: 66896K->1360K(67584K)] 502869K->437333K(581632K), 0.0021648 secs] [Times: user=0.01 sys=0.00, real=0.00 secs] 
2040.185: [GC (Allocation Failure) [PSYoungGen: 66896K->1581K(67584K)] 502869K->437555K(581632K), 0.0017016 secs] [Times: user=0.01 sys=0.00, real=0.00 secs] 
2040.568: [GC (Allocation Failure) [PSYoungGen: 67117K->1501K(67584K)] 503091K->437475K(581632K), 0.0016295 secs] [Times: user=0.00 sys=0.00, real=0.01 secs] 
2040.950: [GC (Allocation Failure) [PSYoungGen: 67037K->1581K(67584K)] 503011K->437563K(581632K), 0.0017198 secs] [Times: user=0.00 sys=0.00, real=0.00 secs] 
2041.405: [GC (Allocation Failure) [PSYoungGen: 67117K->1504K(67584K)] 503099K->437485K(581632K), 0.0019800 secs] [Times: user=0.01 sys=0.00, real=0.00 secs] 
2041.915: [GC (Allocation Failure) [PSYoungGen: 67040K->1408K(67584K)] 503021K->437389K(581632K), 0.0027234 secs] [Times: user=0.01 sys=0.00, real=0.00 secs] 
2042.204: [GC (Allocation Failure) [PSYoungGen: 66944K->1408K(67584K)] 502925K->437389K(581632K), 0.0023800 secs] [Times: user=0.01 sys=0.00, real=0.00 secs] 
2042.489: [GC (Allocation Failure) [PSYoungGen: 66944K->1408K(67584K)] 502925K->437389K(581632K), 0.0025433 secs] [Times: user=0.01 sys=0.00, real=0.00 secs] 
2042.755: [GC (Allocation Failure) [PSYoungGen: 66944K->1376K(67584K)] 502925K->437357K(581632K), 0.0020586 secs] [Times: user=0.01 sys=0.00, real=0.00 secs] 
2043.171: [GC (Allocation Failure) [PSYoungGen: 66912K->1552K(67584K)] 502893K->437533K(581632K), 0.0016733 secs] [Times: user=0.01 sys=0.00, real=0.00 secs] 
2043.554: [GC (Allocation Failure) [PSYoungGen: 67088K->1565K(67584K)] 503069K->437547K(581632K), 0.0017843 secs] [Times: user=0.01 sys=0.00, real=0.00 secs] 
2043.939: [GC (Allocation Failure) [PSYoungGen: 67101K->1613K(67584K)] 503083K->437611K(581632K), 0.0017458 secs] [Times: user=0.00 sys=0.00, real=0.01 secs] 
2044.528: [GC (Allocation Failure) [PSYoungGen: 67149K->1440K(67584K)] 503147K->437437K(581632K), 0.0024824 secs] [Times: user=0.01 sys=0.00, real=0.01 secs] 
2045.161: [GC (Allocation Failure) [PSYoungGen: 66976K->1344K(67584K)] 502973K->437341K(581632K), 0.0033784 secs] [Times: user=0.01 sys=0.00, real=0.00 secs] 
2045.669: [GC (Allocation Failure) [PSYoungGen: 66880K->1376K(67584K)] 502877K->437373K(581632K), 0.0034185 secs] [Times: user=0.02 sys=0.00, real=0.00 secs] 
2046.221: [GC (Allocation Failure) [PSYoungGen: 66912K->1408K(67584K)] 502909K->437405K(581632K), 0.0036639 secs] [Times: user=0.02 sys=0.00, real=0.00 secs] 
2046.828: [GC (Allocation Failure) [PSYoungGen: 66944K->1360K(67584K)] 502941K->437357K(581632K), 0.0026335 secs] [Times: user=0.01 sys=0.00, real=0.01 secs] 
2047.406: [GC (Allocation Failure) [PSYoungGen: 66896K->1536K(67584K)] 502893K->437533K(581632K), 0.0017584 secs] [Times: user=0.01 sys=0.00, real=0.00 secs] 
2047.788: [GC (Allocation Failure) [PSYoungGen: 67072K->1613K(67584K)] 503069K->437611K(581632K), 0.0017990 secs] [Times: user=0.01 sys=0.00, real=0.01 secs] 
2048.175: [GC (Allocation Failure) [PSYoungGen: 67149K->1533K(67584K)] 503147K->437539K(581632K), 0.0019575 secs] [Times: user=0.01 sys=0.00, real=0.00 secs] 
2048.576: [GC (Allocation Failure) [PSYoungGen: 67069K->1504K(67584K)] 503075K->437509K(581632K), 0.0019723 secs] [Times: user=0.01 sys=0.00, real=0.00 secs] 
2048.848: [GC (Allocation Failure) [PSYoungGen: 67040K->1376K(67584K)] 503045K->437381K(581632K), 0.0018377 secs] [Times: user=0.01 sys=0.00, real=0.01 secs] 
2049.121: [GC (Allocation Failure) [PSYoungGen: 66912K->1376K(67584K)] 502917K->437397K(581632K), 0.0017819 secs] [Times: user=0.00 sys=0.00, real=0.00 secs] 
2049.393: [GC (Allocation Failure) [PSYoungGen: 66912K->1376K(67584K)] 502933K->437397K(581632K), 0.0019293 secs] [Times: user=0.01 sys=0.00, real=0.00 secs] 
2049.738: [GC (Allocation Failure) [PSYoungGen: 66912K->1344K(67584K)] 502933K->437365K(581632K), 0.0019178 secs] [Times: user=0.01 sys=0.00, real=0.01 secs] 
2050.143: [GC (Allocation Failure) [PSYoungGen: 66880K->1581K(67584K)] 502901K->437603K(581632K), 0.0017703 secs] [Times: user=0.00 sys=0.00, real=0.00 secs] 
2050.526: [GC (Allocation Failure) [PSYoungGen: 67117K->1520K(67584K)] 503139K->437541K(581632K), 0.0017805 secs] [Times: user=0.01 sys=0.00, real=0.00 secs] 
2050.973: [GC (Allocation Failure) [PSYoungGen: 67056K->1536K(67584K)] 503077K->437565K(581632K), 0.0016865 secs] [Times: user=0.00 sys=0.00, real=0.00 secs] 
2051.380: [GC (Allocation Failure) [PSYoungGen: 67072K->1440K(67584K)] 503101K->437469K(581632K), 0.0022605 secs] [Times: user=0.00 sys=0.00, real=0.00 secs] 
2051.653: [GC (Allocation Failure) [PSYoungGen: 66976K->1344K(67584K)] 503005K->437373K(581632K), 0.0022203 secs] [Times: user=0.01 sys=0.00, real=0.00 secs] 
2051.926: [GC (Allocation Failure) [PSYoungGen: 66880K->1376K(67584K)] 502909K->437405K(581632K), 0.0021755 secs] [Times: user=0.00 sys=0.00, real=0.00 secs] 
2052.198: [GC (Allocation Failure) [PSYoungGen: 66912K->1344K(67584K)] 502941K->437373K(581632K), 0.0020187 secs] [Times: user=0.01 sys=0.00, real=0.01 secs] 
2052.541: [GC (Allocation Failure) [PSYoungGen: 66880K->1408K(67584K)] 502909K->437445K(581632K), 0.0021742 secs] [Times: user=0.01 sys=0.00, real=0.00 secs] 
2052.948: [GC (Allocation Failure) [PSYoungGen: 66944K->1536K(67584K)] 502981K->437573K(581632K), 0.0016666 secs] [Times: user=0.01 sys=0.00, real=0.01 secs] 
2053.335: [GC (Allocation Failure) [PSYoungGen: 67072K->1552K(67584K)] 503109K->437589K(581632K), 0.0017093 secs] [Times: user=0.01 sys=0.00, real=0.00 secs] 
2053.718: [GC (Allocation Failure) [PSYoungGen: 67088K->1565K(67584K)] 503125K->437611K(581632K), 0.0018060 secs] [Times: user=0.01 sys=0.00, real=0.01 secs] 
2054.111: [GC (Allocation Failure) [PSYoungGen: 67101K->1472K(67584K)] 503147K->437525K(581632K), 0.0021148 secs] [Times: user=0.01 sys=0.00, real=0.00 secs] 
2054.384: [GC (Allocation Failure) [PSYoungGen: 67008K->1376K(67584K)] 503061K->437429K(581632K), 0.0020120 secs] [Times: user=0.01 sys=0.00, real=0.00 secs] 
2054.670: [GC (Allocation Failure) [PSYoungGen: 66912K->1360K(67584K)] 502965K->437413K(581632K), 0.0019156 secs] [Times: user=0.01 sys=0.00, real=0.00 secs] 
2054.991: [GC (Allocation Failure) [PSYoungGen: 66896K->1376K(67584K)] 502949K->437429K(581632K), 0.0029424 secs] [Times: user=0.01 sys=0.00, real=0.00 secs] 
2055.481: [GC (Allocation Failure) [PSYoungGen: 66912K->1376K(67584K)] 502965K->437429K(581632K), 0.0028729 secs] [Times: user=0.01 sys=0.00, real=0.00 secs] 
2056.001: [GC (Allocation Failure) [PSYoungGen: 66912K->1552K(67584K)] 502965K->437605K(581632K), 0.0017127 secs] [Times: user=0.01 sys=0.00, real=0.00 secs] 
2056.384: [GC (Allocation Failure) [PSYoungGen: 67088K->1549K(67584K)] 503141K->437603K(581632K), 0.0017516 secs] [Times: user=0.01 sys=0.00, real=0.00 secs] 
2056.767: [GC (Allocation Failure) [PSYoungGen: 67085K->1581K(67584K)] 503139K->437651K(581632K), 0.0016943 secs] [Times: user=0.01 sys=0.00, real=0.01 secs] 
2057.174: [GC (Allocation Failure) [PSYoungGen: 67117K->1472K(67584K)] 503187K->437541K(581632K), 0.0021604 secs] [Times: user=0.01 sys=0.00, real=0.00 secs] 
2057.446: [GC (Allocation Failure) [PSYoungGen: 67008K->1360K(67584K)] 503077K->437429K(581632K), 0.0018976 secs] [Times: user=0.01 sys=0.00, real=0.00 secs] 
2057.719: [GC (Allocation Failure) [PSYoungGen: 66896K->1376K(67584K)] 502965K->437445K(581632K), 0.0019013 secs] [Times: user=0.01 sys=0.00, real=0.00 secs] 
2057.991: [GC (Allocation Failure) [PSYoungGen: 66912K->1376K(67584K)] 502981K->437461K(581632K), 0.0020153 secs] [Times: user=0.01 sys=0.00, real=0.00 secs] 
2058.264: [GC (Allocation Failure) [PSYoungGen: 66912K->1344K(67584K)] 502997K->437429K(581632K), 0.0021451 secs] [Times: user=0.00 sys=0.00, real=0.00 secs] 
2058.728: [GC (Allocation Failure) [PSYoungGen: 66880K->1565K(67584K)] 502965K->437651K(581632K), 0.0017024 secs] [Times: user=0.00 sys=0.00, real=0.01 secs] 
2059.110: [GC (Allocation Failure) [PSYoungGen: 67101K->1568K(67584K)] 503187K->437653K(581632K), 0.0017737 secs] [Times: user=0.01 sys=0.00, real=0.00 secs] 
2059.494: [GC (Allocation Failure) [PSYoungGen: 67104K->1613K(67584K)] 503189K->437707K(581632K), 0.0017444 secs] [Times: user=0.01 sys=0.00, real=0.00 secs] 
2059.870: [GC (Allocation Failure) [PSYoungGen: 67149K->1472K(67584K)] 503243K->437565K(581632K), 0.0019044 secs] [Times: user=0.01 sys=0.00, real=0.00 secs] 
2060.522: [GC (Allocation Failure) [PSYoungGen: 67008K->1376K(67584K)] 503101K->437469K(581632K), 0.0021237 secs] [Times: user=0.00 sys=0.00, real=0.00 secs] 
2061.171: [GC (Allocation Failure) [PSYoungGen: 66912K->1360K(67584K)] 503005K->437453K(581632K), 0.0022850 secs] [Times: user=0.01 sys=0.00, real=0.00 secs] 
2061.944: [GC (Allocation Failure) [PSYoungGen: 66896K->1376K(67584K)] 502989K->437469K(581632K), 0.0024340 secs] [Times: user=0.01 sys=0.00, real=0.00 secs] 
2062.593: [GC (Allocation Failure) [PSYoungGen: 66912K->1376K(67584K)] 503005K->437477K(581632K), 0.0022872 secs] [Times: user=0.01 sys=0.00, real=0.00 secs] 
2063.054: [GC (Allocation Failure) [PSYoungGen: 66912K->1565K(67584K)] 503013K->437667K(581632K), 0.0017208 secs] [Times: user=0.01 sys=0.00, real=0.00 secs] 
2063.441: [GC (Allocation Failure) [PSYoungGen: 67101K->1568K(67584K)] 503203K->437669K(581632K), 0.0017149 secs] [Times: user=0.00 sys=0.00, real=0.00 secs] 
2063.825: [GC (Allocation Failure) [PSYoungGen: 67104K->1533K(67584K)] 503205K->437643K(581632K), 0.0016756 secs] [Times: user=0.01 sys=0.00, real=0.00 secs] 
2064.356: [GC (Allocation Failure) [PSYoungGen: 67069K->1472K(67584K)] 503179K->437581K(581632K), 0.0021772 secs] [Times: user=0.01 sys=0.00, real=0.00 secs] 
2065.320: [GC (Allocation Failure) [PSYoungGen: 67008K->1376K(67584K)] 503117K->437485K(581632K), 0.0036813 secs] [Times: user=0.01 sys=0.01, real=0.00 secs] 
2066.251: [GC (Allocation Failure) [PSYoungGen: 66912K->1344K(67584K)] 503021K->437453K(581632K), 0.0030493 secs] [Times: user=0.01 sys=0.00, real=0.00 secs] 
2066.897: [GC (Allocation Failure) [PSYoungGen: 66880K->1376K(67584K)] 502989K->437485K(581632K), 0.0034442 secs] [Times: user=0.02 sys=0.00, real=0.01 secs] 
2067.713: [GC (Allocation Failure) [PSYoungGen: 66912K->1376K(67584K)] 503021K->437485K(581632K), 0.0026928 secs] [Times: user=0.01 sys=0.00, real=0.00 secs] 
2068.265: [GC (Allocation Failure) [PSYoungGen: 66912K->1520K(67584K)] 503021K->437629K(581632K), 0.0017705 secs] [Times: user=0.01 sys=0.00, real=0.00 secs] 
2068.648: [GC (Allocation Failure) [PSYoungGen: 67056K->1613K(67584K)] 503165K->437723K(581632K), 0.0016848 secs] [Times: user=0.01 sys=0.00, real=0.01 secs] 
2069.031: [GC (Allocation Failure) [PSYoungGen: 67149K->1613K(67584K)] 503259K->437731K(581632K), 0.0017151 secs] [Times: user=0.01 sys=0.00, real=0.00 secs] 
2069.421: [GC (Allocation Failure) [PSYoungGen: 67149K->1520K(67584K)] 503267K->437637K(581632K), 0.0021852 secs] [Times: user=0.00 sys=0.00, real=0.00 secs] 
2069.726: [GC (Allocation Failure) [PSYoungGen: 67056K->1344K(67584K)] 503173K->437461K(581632K), 0.0019053 secs] [Times: user=0.00 sys=0.00, real=0.00 secs] 
2070.003: [GC (Allocation Failure) [PSYoungGen: 66880K->1344K(67584K)] 502997K->437461K(581632K), 0.0018562 secs] [Times: user=0.01 sys=0.00, real=0.00 secs] 
2070.326: [GC (Allocation Failure) [PSYoungGen: 66880K->1376K(67584K)] 502997K->437509K(581632K), 0.0022041 secs] [Times: user=0.01 sys=0.00, real=0.00 secs] 
2070.849: [GC (Allocation Failure) [PSYoungGen: 66912K->1344K(67584K)] 503045K->437477K(581632K), 0.0021478 secs] [Times: user=0.01 sys=0.00, real=0.00 secs] 
2071.316: [GC (Allocation Failure) [PSYoungGen: 66880K->1613K(67584K)] 503013K->437747K(581632K), 0.0018458 secs] [Times: user=0.01 sys=0.00, real=0.00 secs] 
2071.699: [GC (Allocation Failure) [PSYoungGen: 67149K->1581K(67584K)] 503283K->437715K(581632K), 0.0017356 secs] [Times: user=0.01 sys=0.00, real=0.00 secs] 
2072.082: [GC (Allocation Failure) [PSYoungGen: 67117K->1565K(67584K)] 503251K->437715K(581632K), 0.0017981 secs] [Times: user=0.01 sys=0.00, real=0.00 secs] 
2072.490: [GC (Allocation Failure) [PSYoungGen: 67101K->1552K(67584K)] 503251K->437701K(581632K), 0.0020126 secs] [Times: user=0.01 sys=0.00, real=0.00 secs] 
2073.134: [GC (Allocation Failure) [PSYoungGen: 67088K->1392K(67584K)] 503237K->437541K(581632K), 0.0021258 secs] [Times: user=0.01 sys=0.00, real=0.00 secs] 
2073.811: [GC (Allocation Failure) [PSYoungGen: 66928K->1408K(67584K)] 503077K->437557K(581632K), 0.0024676 secs] [Times: user=0.01 sys=0.01, real=0.00 secs] 
2074.297: [GC (Allocation Failure) [PSYoungGen: 66944K->1408K(67584K)] 503093K->437557K(581632K), 0.0027037 secs] [Times: user=0.01 sys=0.00, real=0.01 secs] 
2074.877: [GC (Allocation Failure) [PSYoungGen: 66944K->1408K(67584K)] 503093K->437557K(581632K), 0.0023765 secs] [Times: user=0.02 sys=0.00, real=0.01 secs] 
2075.359: [GC (Allocation Failure) [PSYoungGen: 66944K->1597K(67584K)] 503093K->437747K(581632K), 0.0017630 secs] [Times: user=0.01 sys=0.00, real=0.00 secs] 
2075.742: [GC (Allocation Failure) [PSYoungGen: 67133K->1552K(67584K)] 503283K->437701K(581632K), 0.0017227 secs] [Times: user=0.01 sys=0.00, real=0.00 secs] 
2076.129: [GC (Allocation Failure) [PSYoungGen: 67088K->1568K(67584K)] 503237K->437725K(581632K), 0.0018546 secs] [Times: user=0.00 sys=0.00, real=0.00 secs] 
2076.564: [GC (Allocation Failure) [PSYoungGen: 67104K->2016K(67584K)] 503261K->438173K(581632K), 0.0020330 secs] [Times: user=0.00 sys=0.00, real=0.00 secs] 
2077.011: [GC (Allocation Failure) [PSYoungGen: 67552K->1344K(67584K)] 503709K->437501K(581632K), 0.0018958 secs] [Times: user=0.01 sys=0.00, real=0.00 secs] 
2077.284: [GC (Allocation Failure) [PSYoungGen: 66880K->1376K(67584K)] 503037K->437533K(581632K), 0.0019342 secs] [Times: user=0.01 sys=0.00, real=0.00 secs] 
2077.556: [GC (Allocation Failure) [PSYoungGen: 66912K->1376K(67584K)] 503069K->437533K(581632K), 0.0020744 secs] [Times: user=0.00 sys=0.00, real=0.00 secs] 
2077.828: [GC (Allocation Failure) [PSYoungGen: 66912K->1344K(67584K)] 503069K->437501K(581632K), 0.0020455 secs] [Times: user=0.01 sys=0.00, real=0.01 secs] 
2078.218: [GC (Allocation Failure) [PSYoungGen: 66880K->1536K(67584K)] 503037K->437693K(581632K), 0.0016825 secs] [Times: user=0.00 sys=0.00, real=0.01 secs] 
2078.604: [GC (Allocation Failure) [PSYoungGen: 67043K->1533K(67584K)] 503201K->437691K(581632K), 0.0018205 secs] [Times: user=0.00 sys=0.00, real=0.00 secs] 
2078.987: [GC (Allocation Failure) [PSYoungGen: 67069K->1581K(67584K)] 503227K->437763K(581632K), 0.0017066 secs] [Times: user=0.01 sys=0.00, real=0.00 secs] 
2079.401: [GC (Allocation Failure) [PSYoungGen: 67117K->1984K(67584K)] 503299K->438165K(581632K), 0.0021264 secs] [Times: user=0.01 sys=0.00, real=0.00 secs] 
2079.954: [GC (Allocation Failure) [PSYoungGen: 67520K->1376K(67584K)] 503701K->437557K(581632K), 0.0018294 secs] [Times: user=0.00 sys=0.00, real=0.00 secs] 
2080.229: [GC (Allocation Failure) [PSYoungGen: 66912K->1344K(67584K)] 503093K->437525K(581632K), 0.0032848 secs] [Times: user=0.01 sys=0.00, real=0.00 secs] 
2080.501: [GC (Allocation Failure) [PSYoungGen: 66880K->1328K(67584K)] 503061K->437509K(581632K), 0.0022417 secs] [Times: user=0.01 sys=0.00, real=0.00 secs] 
2080.917: [GC (Allocation Failure) [PSYoungGen: 66864K->1344K(67584K)] 503045K->437525K(581632K), 0.0022008 secs] [Times: user=0.01 sys=0.00, real=0.01 secs] 
2081.395: [GC (Allocation Failure) [PSYoungGen: 66880K->1533K(67584K)] 503061K->437715K(581632K), 0.0017993 secs] [Times: user=0.01 sys=0.01, real=0.00 secs] 
2081.777: [GC (Allocation Failure) [PSYoungGen: 67069K->1565K(67584K)] 503251K->437747K(581632K), 0.0018533 secs] [Times: user=0.01 sys=0.00, real=0.01 secs] 
2082.161: [GC (Allocation Failure) [PSYoungGen: 67101K->1597K(67584K)] 503283K->437787K(581632K), 0.0018828 secs] [Times: user=0.00 sys=0.00, real=0.00 secs] 
2082.643: [GC (Allocation Failure) [PSYoungGen: 67133K->2032K(67584K)] 503323K->438221K(581632K), 0.0021577 secs] [Times: user=0.01 sys=0.00, real=0.00 secs] 
2083.308: [GC (Allocation Failure) [PSYoungGen: 67568K->1344K(67584K)] 503757K->437533K(581632K), 0.0044075 secs] [Times: user=0.02 sys=0.00, real=0.01 secs] 
2083.953: [GC (Allocation Failure) [PSYoungGen: 66880K->1376K(67584K)] 503069K->437565K(581632K), 0.0031775 secs] [Times: user=0.01 sys=0.00, real=0.00 secs] 
2084.506: [GC (Allocation Failure) [PSYoungGen: 66912K->1344K(67584K)] 503101K->437533K(581632K), 0.0029611 secs] [Times: user=0.02 sys=0.00, real=0.01 secs] 
2084.979: [GC (Allocation Failure) [PSYoungGen: 66880K->1376K(67584K)] 503069K->437565K(581632K), 0.0029513 secs] [Times: user=0.01 sys=0.00, real=0.00 secs] 
2085.468: [GC (Allocation Failure) [PSYoungGen: 66912K->1565K(67584K)] 503101K->437755K(581632K), 0.0017285 secs] [Times: user=0.01 sys=0.00, real=0.01 secs] 
2085.852: [GC (Allocation Failure) [PSYoungGen: 67101K->1581K(67584K)] 503291K->437771K(581632K), 0.0017494 secs] [Times: user=0.01 sys=0.00, real=0.00 secs] 
2086.236: [GC (Allocation Failure) [PSYoungGen: 67117K->1520K(67584K)] 503307K->437717K(581632K), 0.0018476 secs] [Times: user=0.01 sys=0.00, real=0.00 secs] 
2086.701: [GC (Allocation Failure) [PSYoungGen: 67056K->2016K(67584K)] 503253K->438221K(581632K), 0.0022034 secs] [Times: user=0.01 sys=0.00, real=0.00 secs] 
2087.455: [GC (Allocation Failure) [PSYoungGen: 67552K->1376K(67584K)] 503757K->437581K(581632K), 0.0040854 secs] [Times: user=0.02 sys=0.00, real=0.01 secs] 
2087.842: [GC (Allocation Failure) [PSYoungGen: 66912K->1344K(67584K)] 503117K->437549K(581632K), 0.0022086 secs] [Times: user=0.01 sys=0.00, real=0.00 secs] 
2088.114: [GC (Allocation Failure) [PSYoungGen: 66880K->1360K(67584K)] 503085K->437565K(581632K), 0.0019636 secs] [Times: user=0.01 sys=0.00, real=0.00 secs] 
2088.386: [GC (Allocation Failure) [PSYoungGen: 66896K->1344K(67584K)] 503101K->437549K(581632K), 0.0020030 secs] [Times: user=0.00 sys=0.00, real=0.00 secs] 
2088.800: [GC (Allocation Failure) [PSYoungGen: 66880K->1536K(67584K)] 503085K->437741K(581632K), 0.0016939 secs] [Times: user=0.01 sys=0.00, real=0.00 secs] 
2089.183: [GC (Allocation Failure) [PSYoungGen: 67050K->1536K(67584K)] 503256K->437741K(581632K), 0.0017320 secs] [Times: user=0.01 sys=0.00, real=0.00 secs] 
2089.569: [GC (Allocation Failure) [PSYoungGen: 67072K->1581K(67584K)] 503277K->437811K(581632K), 0.0017120 secs] [Times: user=0.01 sys=0.00, real=0.00 secs] 
2090.095: [GC (Allocation Failure) [PSYoungGen: 67117K->2032K(67072K)] 503347K->438261K(581120K), 0.0022288 secs] [Times: user=0.01 sys=0.00, real=0.00 secs] 
2090.711: [GC (Allocation Failure) [PSYoungGen: 67056K->1312K(66560K)] 503285K->437541K(580608K), 0.0022477 secs] [Times: user=0.01 sys=0.00, real=0.00 secs] 
2091.251: [GC (Allocation Failure) [PSYoungGen: 66336K->1344K(67072K)] 502565K->437573K(581120K), 0.0019713 secs] [Times: user=0.01 sys=0.00, real=0.00 secs] 
2091.793: [GC (Allocation Failure) [PSYoungGen: 66368K->1344K(67072K)] 502597K->437573K(581120K), 0.0023025 secs] [Times: user=0.01 sys=0.01, real=0.00 secs] 
2092.264: [GC (Allocation Failure) [PSYoungGen: 66368K->1376K(67072K)] 502597K->437605K(581120K), 0.0021560 secs] [Times: user=0.01 sys=0.00, real=0.00 secs] 
2092.793: [GC (Allocation Failure) [PSYoungGen: 66400K->1501K(67072K)] 502629K->437731K(581120K), 0.0016835 secs] [Times: user=0.00 sys=0.00, real=0.00 secs] 
2093.175: [GC (Allocation Failure) [PSYoungGen: 66510K->1565K(67072K)] 502739K->437795K(581120K), 0.0017642 secs] [Times: user=0.01 sys=0.00, real=0.00 secs] 
2093.619: [GC (Allocation Failure) [PSYoungGen: 66589K->1568K(67072K)] 502819K->437813K(581120K), 0.0020249 secs] [Times: user=0.01 sys=0.00, real=0.00 secs] 
2094.069: [GC (Allocation Failure) [PSYoungGen: 66592K->1792K(67072K)] 502837K->438037K(581120K), 0.0021918 secs] [Times: user=0.01 sys=0.00, real=0.00 secs] 
2094.756: [GC (Allocation Failure) [PSYoungGen: 66816K->1376K(67072K)] 503061K->437621K(581120K), 0.0029917 secs] [Times: user=0.02 sys=0.00, real=0.01 secs] 
2095.234: [GC (Allocation Failure) [PSYoungGen: 66400K->1344K(67072K)] 502645K->437589K(581120K), 0.0028645 secs] [Times: user=0.01 sys=0.00, real=0.00 secs] 
2095.735: [GC (Allocation Failure) [PSYoungGen: 66368K->1376K(67072K)] 502613K->437621K(581120K), 0.0028164 secs] [Times: user=0.01 sys=0.00, real=0.00 secs] 
2096.288: [GC (Allocation Failure) [PSYoungGen: 66400K->1376K(67072K)] 502645K->437621K(581120K), 0.0027820 secs] [Times: user=0.01 sys=0.00, real=0.01 secs] 
2096.777: [GC (Allocation Failure) [PSYoungGen: 66400K->1520K(67072K)] 502645K->437765K(581120K), 0.0017182 secs] [Times: user=0.00 sys=0.00, real=0.01 secs] 
2097.159: [GC (Allocation Failure) [PSYoungGen: 66544K->1565K(67072K)] 502789K->437811K(581120K), 0.0017821 secs] [Times: user=0.01 sys=0.00, real=0.00 secs] 
2097.605: [GC (Allocation Failure) [PSYoungGen: 66589K->1581K(67072K)] 502835K->437835K(581120K), 0.0017892 secs] [Times: user=0.00 sys=0.00, real=0.00 secs] 
2097.982: [GC (Allocation Failure) [PSYoungGen: 66605K->256K(67072K)] 502859K->436509K(581120K), 0.0017438 secs] [Times: user=0.01 sys=0.00, real=0.00 secs] 
2098.995: [GC (Allocation Failure) [PSYoungGen: 65280K->1376K(67072K)] 501533K->437629K(581120K), 0.0030440 secs] [Times: user=0.01 sys=0.00, real=0.00 secs] 
2099.675: [GC (Allocation Failure) [PSYoungGen: 66400K->1376K(67072K)] 502653K->437629K(581120K), 0.0038784 secs] [Times: user=0.01 sys=0.00, real=0.01 secs] 
2100.174: [GC (Allocation Failure) [PSYoungGen: 66400K->1376K(67072K)] 502653K->437629K(581120K), 0.0022945 secs] [Times: user=0.01 sys=0.00, real=0.00 secs] 
2100.485: [GC (Allocation Failure) [PSYoungGen: 66400K->1376K(67072K)] 502653K->437645K(581120K), 0.0021485 secs] [Times: user=0.01 sys=0.00, real=0.00 secs] 
2100.890: [GC (Allocation Failure) [PSYoungGen: 66400K->1456K(67072K)] 502669K->437725K(581120K), 0.0016005 secs] [Times: user=0.00 sys=0.00, real=0.00 secs] 
2101.283: [GC (Allocation Failure) [PSYoungGen: 66480K->1533K(67072K)] 502749K->437803K(581120K), 0.0018015 secs] [Times: user=0.00 sys=0.00, real=0.00 secs] 
2101.665: [GC (Allocation Failure) [PSYoungGen: 66557K->1533K(67072K)] 502827K->437811K(581120K), 0.0017291 secs] [Times: user=0.01 sys=0.00, real=0.00 secs] 
2102.045: [GC (Allocation Failure) [PSYoungGen: 66541K->1565K(67072K)] 502819K->437843K(581120K), 0.0017286 secs] [Times: user=0.00 sys=0.00, real=0.00 secs] 
2102.366: [GC (Allocation Failure) [PSYoungGen: 66589K->1376K(67072K)] 502867K->437653K(581120K), 0.0018473 secs] [Times: user=0.00 sys=0.01, real=0.00 secs] 
2102.636: [GC (Allocation Failure) [PSYoungGen: 66400K->1408K(67072K)] 502677K->437685K(581120K), 0.0019117 secs] [Times: user=0.00 sys=0.00, real=0.00 secs] 
2102.906: [GC (Allocation Failure) [PSYoungGen: 66432K->1344K(67072K)] 502709K->437621K(581120K), 0.0017564 secs] [Times: user=0.00 sys=0.00, real=0.00 secs] 
2103.176: [GC (Allocation Failure) [PSYoungGen: 66368K->1344K(67072K)] 502645K->437621K(581120K), 0.0019027 secs] [Times: user=0.01 sys=0.00, real=0.00 secs] 
2103.525: [GC (Allocation Failure) [PSYoungGen: 66368K->1456K(67072K)] 502645K->437733K(581120K), 0.0016232 secs] [Times: user=0.00 sys=0.00, real=0.00 secs] 
2103.908: [GC (Allocation Failure) [PSYoungGen: 66480K->1613K(67072K)] 502757K->437891K(581120K), 0.0017268 secs] [Times: user=0.01 sys=0.00, real=0.01 secs] 
2104.292: [GC (Allocation Failure) [PSYoungGen: 66637K->1533K(67072K)] 502915K->437811K(581120K), 0.0017429 secs] [Times: user=0.00 sys=0.00, real=0.00 secs] 
2104.675: [GC (Allocation Failure) [PSYoungGen: 66557K->1549K(67072K)] 502835K->437835K(581120K), 0.0017176 secs] [Times: user=0.01 sys=0.00, real=0.00 secs] 
2104.966: [GC (Allocation Failure) [PSYoungGen: 66573K->1392K(67072K)] 502859K->437677K(581120K), 0.0016180 secs] [Times: user=0.00 sys=0.00, real=0.00 secs] 
2105.236: [GC (Allocation Failure) [PSYoungGen: 66416K->1408K(67072K)] 502701K->437693K(581120K), 0.0017441 secs] [Times: user=0.01 sys=0.00, real=0.00 secs] 
2105.566: [GC (Allocation Failure) [PSYoungGen: 66432K->1408K(67072K)] 502717K->437693K(581120K), 0.0030306 secs] [Times: user=0.01 sys=0.00, real=0.01 secs] 
2105.995: [GC (Allocation Failure) [PSYoungGen: 66432K->1408K(67072K)] 502717K->437701K(581120K), 0.0028391 secs] [Times: user=0.01 sys=0.00, real=0.00 secs] 
2106.552: [GC (Allocation Failure) [PSYoungGen: 66432K->1504K(67072K)] 502725K->437797K(581120K), 0.0016643 secs] [Times: user=0.00 sys=0.00, real=0.00 secs] 
2106.933: [GC (Allocation Failure) [PSYoungGen: 66528K->1568K(67072K)] 502821K->437861K(581120K), 0.0017077 secs] [Times: user=0.01 sys=0.00, real=0.00 secs] 
2107.377: [GC (Allocation Failure) [PSYoungGen: 66592K->1552K(67072K)] 502885K->437845K(581120K), 0.0017135 secs] [Times: user=0.01 sys=0.00, real=0.00 secs] 
2107.760: [GC (Allocation Failure) [PSYoungGen: 66576K->1536K(67072K)] 502869K->437853K(581120K), 0.0018954 secs] [Times: user=0.01 sys=0.00, real=0.00 secs] 
2108.367: [GC (Allocation Failure) [PSYoungGen: 66560K->1392K(67072K)] 502877K->437709K(581120K), 0.0026963 secs] [Times: user=0.01 sys=0.00, real=0.01 secs] 
2108.869: [GC (Allocation Failure) [PSYoungGen: 66416K->1344K(67072K)] 502733K->437661K(581120K), 0.0021658 secs] [Times: user=0.01 sys=0.00, real=0.00 secs] 
2109.139: [GC (Allocation Failure) [PSYoungGen: 66368K->1344K(67072K)] 502685K->437661K(581120K), 0.0019583 secs] [Times: user=0.01 sys=0.00, real=0.00 secs] 
2109.409: [GC (Allocation Failure) [PSYoungGen: 66368K->1344K(67072K)] 502685K->437661K(581120K), 0.0021059 secs] [Times: user=0.01 sys=0.00, real=0.00 secs] 
2109.778: [GC (Allocation Failure) [PSYoungGen: 66368K->1472K(67072K)] 502685K->437789K(581120K), 0.0017263 secs] [Times: user=0.00 sys=0.00, real=0.01 secs] 
2110.162: [GC (Allocation Failure) [PSYoungGen: 66496K->1501K(67072K)] 502813K->437819K(581120K), 0.0016985 secs] [Times: user=0.01 sys=0.00, real=0.00 secs] 
2110.545: [GC (Allocation Failure) [PSYoungGen: 66525K->1581K(67072K)] 502843K->437899K(581120K), 0.0017254 secs] [Times: user=0.01 sys=0.00, real=0.00 secs] 
2110.925: [GC (Allocation Failure) [PSYoungGen: 66589K->1533K(67072K)] 502907K->437859K(581120K), 0.0016885 secs] [Times: user=0.01 sys=0.00, real=0.00 secs] 
2111.256: [GC (Allocation Failure) [PSYoungGen: 66557K->1408K(67072K)] 502883K->437733K(581120K), 0.0020676 secs] [Times: user=0.01 sys=0.00, real=0.00 secs] 
2111.527: [GC (Allocation Failure) [PSYoungGen: 66432K->1376K(67072K)] 502757K->437701K(581120K), 0.0019329 secs] [Times: user=0.01 sys=0.00, real=0.01 secs] 
2111.797: [GC (Allocation Failure) [PSYoungGen: 66400K->1376K(67072K)] 502725K->437701K(581120K), 0.0019133 secs] [Times: user=0.00 sys=0.00, real=0.01 secs] 
2112.067: [GC (Allocation Failure) [PSYoungGen: 66400K->1344K(67072K)] 502725K->437669K(581120K), 0.0019628 secs] [Times: user=0.01 sys=0.00, real=0.01 secs] 
2112.638: [GC (Allocation Failure) [PSYoungGen: 66368K->1472K(67072K)] 502693K->437797K(581120K), 0.0017301 secs] [Times: user=0.01 sys=0.00, real=0.01 secs] 
2113.020: [GC (Allocation Failure) [PSYoungGen: 66496K->1613K(67072K)] 502821K->437939K(581120K), 0.0017372 secs] [Times: user=0.00 sys=0.00, real=0.00 secs] 
2113.402: [GC (Allocation Failure) [PSYoungGen: 66637K->1565K(67072K)] 502963K->437891K(581120K), 0.0017933 secs] [Times: user=0.00 sys=0.00, real=0.00 secs] 
2113.788: [GC (Allocation Failure) [PSYoungGen: 66589K->1568K(67072K)] 502915K->437909K(581120K), 0.0018064 secs] [Times: user=0.01 sys=0.00, real=0.01 secs] 
2114.697: [GC (Allocation Failure) [PSYoungGen: 66592K->1392K(67072K)] 502933K->437733K(581120K), 0.0023935 secs] [Times: user=0.01 sys=0.00, real=0.01 secs] 
2115.580: [GC (Allocation Failure) [PSYoungGen: 66416K->1344K(67072K)] 502757K->437685K(581120K), 0.0035423 secs] [Times: user=0.01 sys=0.00, real=0.00 secs] 
2116.439: [GC (Allocation Failure) [PSYoungGen: 66368K->1344K(67072K)] 502709K->437685K(581120K), 0.0029454 secs] [Times: user=0.02 sys=0.00, real=0.01 secs] 
2117.149: [GC (Allocation Failure) [PSYoungGen: 66368K->1376K(67072K)] 502709K->437717K(581120K), 0.0031246 secs] [Times: user=0.01 sys=0.00, real=0.01 secs] 
2117.710: [GC (Allocation Failure) [PSYoungGen: 66400K->1520K(67072K)] 502741K->437861K(581120K), 0.0016461 secs] [Times: user=0.01 sys=0.00, real=0.00 secs] 
2118.092: [GC (Allocation Failure) [PSYoungGen: 66544K->1613K(67072K)] 502885K->437955K(581120K), 0.0017389 secs] [Times: user=0.00 sys=0.00, real=0.00 secs] 
2118.476: [GC (Allocation Failure) [PSYoungGen: 66637K->1565K(67072K)] 502979K->437907K(581120K), 0.0017494 secs] [Times: user=0.01 sys=0.00, real=0.00 secs] 
2118.859: [GC (Allocation Failure) [PSYoungGen: 66589K->1613K(67072K)] 502931K->437963K(581120K), 0.0016893 secs] [Times: user=0.00 sys=0.00, real=0.00 secs] 
2119.779: [GC (Allocation Failure) [PSYoungGen: 66637K->1376K(67072K)] 502987K->437725K(581120K), 0.0044089 secs] [Times: user=0.02 sys=0.00, real=0.00 secs] 
2120.719: [GC (Allocation Failure) [PSYoungGen: 66400K->1376K(67072K)] 502749K->437725K(581120K), 0.0039046 secs] [Times: user=0.01 sys=0.01, real=0.01 secs] 
2121.682: [GC (Allocation Failure) [PSYoungGen: 66400K->1344K(67072K)] 502749K->437693K(581120K), 0.0080614 secs] [Times: user=0.03 sys=0.00, real=0.01 secs] 
2122.295: [GC (Allocation Failure) [PSYoungGen: 66368K->1408K(67072K)] 502717K->437765K(581120K), 0.0033553 secs] [Times: user=0.01 sys=0.00, real=0.00 secs] 
2123.022: [GC (Allocation Failure) [PSYoungGen: 66432K->1472K(67072K)] 502789K->437829K(581120K), 0.0017001 secs] [Times: user=0.00 sys=0.00, real=0.00 secs] 
2123.404: [GC (Allocation Failure) [PSYoungGen: 66496K->1520K(67072K)] 502853K->437877K(581120K), 0.0017222 secs] [Times: user=0.01 sys=0.00, real=0.00 secs] 
2123.844: [GC (Allocation Failure) [PSYoungGen: 66520K->1597K(67072K)] 502878K->437955K(581120K), 0.0017452 secs] [Times: user=0.01 sys=0.00, real=0.00 secs] 
2124.285: [GC (Allocation Failure) [PSYoungGen: 66599K->1565K(67072K)] 502957K->437939K(581120K), 0.0016397 secs] [Times: user=0.01 sys=0.00, real=0.00 secs] 
2126.283: [GC (Allocation Failure) [PSYoungGen: 66589K->1424K(67072K)] 502963K->437797K(581120K), 0.0038203 secs] [Times: user=0.02 sys=0.00, real=0.00 secs] 
2128.561: [GC (Allocation Failure) [PSYoungGen: 66448K->1376K(67072K)] 502821K->437749K(581120K), 0.0030942 secs] [Times: user=0.02 sys=0.00, real=0.00 secs] 
2129.380: [GC (Allocation Failure) [PSYoungGen: 66400K->1376K(67072K)] 502773K->437749K(581120K), 0.0028948 secs] [Times: user=0.01 sys=0.00, real=0.00 secs] 
2130.283: [GC (Allocation Failure) [PSYoungGen: 66400K->1344K(67072K)] 502773K->437717K(581120K), 0.0027704 secs] [Times: user=0.01 sys=0.00, real=0.00 secs] 
2131.353: [GC (Allocation Failure) [PSYoungGen: 66368K->1472K(67072K)] 502741K->437845K(581120K), 0.0017302 secs] [Times: user=0.00 sys=0.00, real=0.00 secs] 
2131.734: [GC (Allocation Failure) [PSYoungGen: 66496K->1552K(67072K)] 502869K->437925K(581120K), 0.0017696 secs] [Times: user=0.01 sys=0.00, real=0.00 secs] 
2132.178: [GC (Allocation Failure) [PSYoungGen: 66576K->1565K(67072K)] 502949K->437939K(581120K), 0.0017912 secs] [Times: user=0.00 sys=0.00, real=0.01 secs] 
2132.560: [GC (Allocation Failure) [PSYoungGen: 66589K->1533K(67072K)] 502963K->437923K(581120K), 0.0017755 secs] [Times: user=0.01 sys=0.00, real=0.00 secs] 
2133.088: [GC (Allocation Failure) [PSYoungGen: 66557K->1392K(67072K)] 502947K->437781K(581120K), 0.0041057 secs] [Times: user=0.02 sys=0.00, real=0.01 secs] 
2133.590: [GC (Allocation Failure) [PSYoungGen: 66416K->1312K(67072K)] 502805K->437701K(581120K), 0.0043465 secs] [Times: user=0.02 sys=0.00, real=0.00 secs] 
2134.197: [GC (Allocation Failure) [PSYoungGen: 66336K->1376K(67072K)] 502725K->437765K(581120K), 0.0028676 secs] [Times: user=0.01 sys=0.00, real=0.01 secs] 
2134.831: [GC (Allocation Failure) [PSYoungGen: 66400K->1376K(67072K)] 502789K->437773K(581120K), 0.0026067 secs] [Times: user=0.01 sys=0.00, real=0.00 secs] 
2135.417: [GC (Allocation Failure) [PSYoungGen: 66391K->1408K(67072K)] 502789K->437805K(581120K), 0.0016337 secs] [Times: user=0.01 sys=0.00, real=0.01 secs] 
2135.798: [GC (Allocation Failure) [PSYoungGen: 66432K->1520K(67072K)] 502829K->437917K(581120K), 0.0018171 secs] [Times: user=0.01 sys=0.00, real=0.01 secs] 
2136.184: [GC (Allocation Failure) [PSYoungGen: 66544K->1581K(67072K)] 502941K->437979K(581120K), 0.0017423 secs] [Times: user=0.01 sys=0.00, real=0.00 secs] 
2136.565: [GC (Allocation Failure) [PSYoungGen: 66605K->1568K(67072K)] 503003K->437973K(581120K), 0.0017480 secs] [Times: user=0.00 sys=0.00, real=0.00 secs] 
2137.060: [GC (Allocation Failure) [PSYoungGen: 66592K->1472K(67072K)] 502997K->437877K(581120K), 0.0021121 secs] [Times: user=0.01 sys=0.00, real=0.00 secs] 
2137.668: [GC (Allocation Failure) [PSYoungGen: 66496K->1344K(67072K)] 502901K->437749K(581120K), 0.0045501 secs] [Times: user=0.02 sys=0.00, real=0.01 secs] 
2138.239: [GC (Allocation Failure) [PSYoungGen: 66368K->1376K(67072K)] 502773K->437781K(581120K), 0.0033975 secs] [Times: user=0.01 sys=0.00, real=0.00 secs] 
2138.675: [GC (Allocation Failure) [PSYoungGen: 66400K->1344K(67072K)] 502805K->437749K(581120K), 0.0021785 secs] [Times: user=0.01 sys=0.00, real=0.00 secs] 
2139.024: [GC (Allocation Failure) [PSYoungGen: 66353K->1408K(67072K)] 502759K->437813K(581120K), 0.0017456 secs] [Times: user=0.01 sys=0.00, real=0.00 secs] 
2139.406: [GC (Allocation Failure) [PSYoungGen: 66432K->1552K(67072K)] 502837K->437957K(581120K), 0.0018233 secs] [Times: user=0.00 sys=0.00, real=0.00 secs] 
2139.788: [GC (Allocation Failure) [PSYoungGen: 66576K->1581K(67072K)] 502981K->438011K(581120K), 0.0017106 secs] [Times: user=0.01 sys=0.00, real=0.01 secs] 
2140.169: [GC (Allocation Failure) [PSYoungGen: 66605K->1581K(67072K)] 503035K->438027K(581120K), 0.0018475 secs] [Times: user=0.01 sys=0.00, real=0.00 secs] 
2140.772: [GC (Allocation Failure) [PSYoungGen: 66605K->1440K(67072K)] 503051K->437885K(581120K), 0.0029001 secs] [Times: user=0.01 sys=0.00, real=0.00 secs] 
2141.316: [GC (Allocation Failure) [PSYoungGen: 66464K->1376K(67072K)] 502909K->437821K(581120K), 0.0028030 secs] [Times: user=0.02 sys=0.00, real=0.00 secs] 
2141.803: [GC (Allocation Failure) [PSYoungGen: 66400K->1312K(67072K)] 502845K->437757K(581120K), 0.0025277 secs] [Times: user=0.01 sys=0.00, real=0.00 secs] 
2142.349: [GC (Allocation Failure) [PSYoungGen: 66336K->1360K(67072K)] 502781K->437805K(581120K), 0.0024980 secs] [Times: user=0.01 sys=0.00, real=0.00 secs] 
2142.908: [GC (Allocation Failure) [PSYoungGen: 66384K->1488K(67072K)] 502829K->437933K(581120K), 0.0019210 secs] [Times: user=0.01 sys=0.00, real=0.01 secs] 
2143.290: [GC (Allocation Failure) [PSYoungGen: 66512K->1581K(67072K)] 502957K->438027K(581120K), 0.0017978 secs] [Times: user=0.01 sys=0.00, real=0.00 secs] 
2143.673: [GC (Allocation Failure) [PSYoungGen: 66583K->1533K(67072K)] 503029K->437979K(581120K), 0.0017128 secs] [Times: user=0.01 sys=0.00, real=0.00 secs] 
2144.057: [GC (Allocation Failure) [PSYoungGen: 66554K->1565K(67072K)] 502999K->438019K(581120K), 0.0018965 secs] [Times: user=0.01 sys=0.00, real=0.01 secs] 
2144.421: [GC (Allocation Failure) [PSYoungGen: 66589K->1520K(67072K)] 503043K->437973K(581120K), 0.0020176 secs] [Times: user=0.01 sys=0.00, real=0.00 secs] 
2144.692: [GC (Allocation Failure) [PSYoungGen: 66544K->1344K(67072K)] 502997K->437797K(581120K), 0.0017745 secs] [Times: user=0.01 sys=0.00, real=0.00 secs] 
2145.191: [GC (Allocation Failure) [PSYoungGen: 66368K->1344K(67072K)] 502821K->437797K(581120K), 0.0017961 secs] [Times: user=0.01 sys=0.00, real=0.00 secs] 
2145.793: [GC (Allocation Failure) [PSYoungGen: 66368K->1376K(67072K)] 502821K->437829K(581120K), 0.0023168 secs] [Times: user=0.01 sys=0.00, real=0.00 secs] 
2146.466: [GC (Allocation Failure) [PSYoungGen: 66400K->1437K(67072K)] 502853K->437891K(581120K), 0.0022884 secs] [Times: user=0.01 sys=0.00, real=0.00 secs] 
2146.870: [GC (Allocation Failure) [PSYoungGen: 66461K->1536K(67072K)] 502915K->437989K(581120K), 0.0017295 secs] [Times: user=0.01 sys=0.00, real=0.00 secs] 
2147.252: [GC (Allocation Failure) [PSYoungGen: 66560K->1549K(67072K)] 503013K->438003K(581120K), 0.0017202 secs] [Times: user=0.00 sys=0.00, real=0.00 secs] 
2147.633: [GC (Allocation Failure) [PSYoungGen: 66562K->1501K(67072K)] 503016K->437963K(581120K), 0.0017547 secs] [Times: user=0.00 sys=0.00, real=0.00 secs] 
2148.236: [GC (Allocation Failure) [PSYoungGen: 66525K->1472K(67072K)] 502987K->437933K(581120K), 0.0021901 secs] [Times: user=0.01 sys=0.00, real=0.00 secs] 
2148.830: [GC (Allocation Failure) [PSYoungGen: 66496K->1312K(67072K)] 502957K->437773K(581120K), 0.0032064 secs] [Times: user=0.01 sys=0.00, real=0.00 secs] 
2149.347: [GC (Allocation Failure) [PSYoungGen: 66336K->1376K(67072K)] 502797K->437853K(581120K), 0.0027890 secs] [Times: user=0.01 sys=0.00, real=0.01 secs] 
2149.930: [GC (Allocation Failure) [PSYoungGen: 66400K->1376K(67072K)] 502877K->437853K(581120K), 0.0027588 secs] [Times: user=0.02 sys=0.00, real=0.00 secs] 
2150.807: [GC (Allocation Failure) [PSYoungGen: 66396K->1456K(67072K)] 502874K->437933K(581120K), 0.0038591 secs] [Times: user=0.01 sys=0.00, real=0.01 secs] 
2151.319: [GC (Allocation Failure) [PSYoungGen: 66480K->1504K(67072K)] 502957K->437981K(581120K), 0.0017243 secs] [Times: user=0.01 sys=0.00, real=0.00 secs] 
2151.701: [GC (Allocation Failure) [PSYoungGen: 66528K->1520K(67072K)] 503005K->437997K(581120K), 0.0018317 secs] [Times: user=0.01 sys=0.00, real=0.00 secs] 
2152.142: [GC (Allocation Failure) [PSYoungGen: 66538K->1533K(67072K)] 503015K->438027K(581120K), 0.0017446 secs] [Times: user=0.00 sys=0.00, real=0.00 secs] 
2152.553: [GC (Allocation Failure) [PSYoungGen: 66557K->1472K(67072K)] 503051K->437965K(581120K), 0.0021709 secs] [Times: user=0.01 sys=0.00, real=0.00 secs] 
2152.838: [GC (Allocation Failure) [PSYoungGen: 66496K->1376K(67072K)] 502989K->437869K(581120K), 0.0021400 secs] [Times: user=0.01 sys=0.00, real=0.01 secs] 
2153.281: [GC (Allocation Failure) [PSYoungGen: 66400K->1344K(67072K)] 502893K->437837K(581120K), 0.0022280 secs] [Times: user=0.01 sys=0.00, real=0.00 secs] 
2153.908: [GC (Allocation Failure) [PSYoungGen: 66368K->1344K(67072K)] 502861K->437837K(581120K), 0.0041427 secs] [Times: user=0.02 sys=0.00, real=0.01 secs] 
2154.624: [GC (Allocation Failure) [PSYoungGen: 66368K->1360K(67072K)] 502861K->437853K(581120K), 0.0029743 secs] [Times: user=0.01 sys=0.00, real=0.00 secs] 
2155.101: [GC (Allocation Failure) [PSYoungGen: 66384K->1533K(67072K)] 502877K->438027K(581120K), 0.0017299 secs] [Times: user=0.00 sys=0.00, real=0.00 secs] 
2155.483: [GC (Allocation Failure) [PSYoungGen: 66544K->1581K(67072K)] 503038K->438075K(581120K), 0.0016822 secs] [Times: user=0.01 sys=0.00, real=0.00 secs] 
2155.863: [GC (Allocation Failure) [PSYoungGen: 66573K->1581K(67072K)] 503067K->438083K(581120K), 0.0017587 secs] [Times: user=0.01 sys=0.00, real=0.00 secs] 
2156.600: [GC (Allocation Failure) [PSYoungGen: 66605K->1472K(67072K)] 503107K->437973K(581120K), 0.0027878 secs] [Times: user=0.01 sys=0.00, real=0.00 secs] 
2156.930: [GC (Allocation Failure) [PSYoungGen: 66496K->1376K(67072K)] 502997K->437877K(581120K), 0.0022428 secs] [Times: user=0.01 sys=0.00, real=0.00 secs] 
2157.214: [GC (Allocation Failure) [PSYoungGen: 66400K->1360K(67072K)] 502901K->437861K(581120K), 0.0019598 secs] [Times: user=0.01 sys=0.00, real=0.00 secs] 
2157.537: [GC (Allocation Failure) [PSYoungGen: 66384K->1360K(67072K)] 502885K->437861K(581120K), 0.0019866 secs] [Times: user=0.01 sys=0.00, real=0.01 secs] 
2158.021: [GC (Allocation Failure) [PSYoungGen: 66384K->1360K(67072K)] 502885K->437861K(581120K), 0.0019799 secs] [Times: user=0.01 sys=0.00, real=0.00 secs] 
2158.426: [GC (Allocation Failure) [PSYoungGen: 66384K->1552K(67072K)] 502885K->438053K(581120K), 0.0017705 secs] [Times: user=0.00 sys=0.00, real=0.00 secs] 
2158.809: [GC (Allocation Failure) [PSYoungGen: 66576K->1488K(67072K)] 503077K->437989K(581120K), 0.0017093 secs] [Times: user=0.01 sys=0.00, real=0.00 secs] 
2159.189: [GC (Allocation Failure) [PSYoungGen: 66512K->1549K(67072K)] 503013K->438075K(581120K), 0.0017498 secs] [Times: user=0.01 sys=0.00, real=0.00 secs] 
2159.749: [GC (Allocation Failure) [PSYoungGen: 66573K->1472K(67072K)] 503099K->437997K(581120K), 0.0022931 secs] [Times: user=0.01 sys=0.00, real=0.00 secs] 
2160.421: [GC (Allocation Failure) [PSYoungGen: 66496K->1344K(67072K)] 503021K->437869K(581120K), 0.0022627 secs] [Times: user=0.01 sys=0.00, real=0.00 secs] 
2161.099: [GC (Allocation Failure) [PSYoungGen: 66368K->1376K(67072K)] 502893K->437901K(581120K), 0.0028208 secs] [Times: user=0.01 sys=0.00, real=0.01 secs] 
2161.947: [GC (Allocation Failure) [PSYoungGen: 66400K->1360K(67072K)] 502925K->437885K(581120K), 0.0025628 secs] [Times: user=0.01 sys=0.00, real=0.01 secs] 
2162.536: [GC (Allocation Failure) [PSYoungGen: 66384K->1376K(67072K)] 502909K->437901K(581120K), 0.0034108 secs] [Times: user=0.01 sys=0.00, real=0.01 secs] 
2163.046: [GC (Allocation Failure) [PSYoungGen: 66400K->1501K(67072K)] 502925K->438027K(581120K), 0.0016878 secs] [Times: user=0.01 sys=0.00, real=0.00 secs] 
2163.493: [GC (Allocation Failure) [PSYoungGen: 66525K->1565K(67072K)] 503051K->438091K(581120K), 0.0019381 secs] [Times: user=0.01 sys=0.00, real=0.00 secs] 
2163.879: [GC (Allocation Failure) [PSYoungGen: 66589K->1533K(67072K)] 503115K->438067K(581120K), 0.0017080 secs] [Times: user=0.00 sys=0.00, real=0.00 secs] 
2164.327: [GC (Allocation Failure) [PSYoungGen: 66557K->2016K(67072K)] 503091K->439061K(581120K), 0.0022991 secs] [Times: user=0.01 sys=0.00, real=0.01 secs] 
2165.062: [GC (Allocation Failure) [PSYoungGen: 67040K->1376K(67072K)] 504085K->438421K(581120K), 0.0029784 secs] [Times: user=0.01 sys=0.00, real=0.00 secs] 
2165.416: [GC (Allocation Failure) [PSYoungGen: 66400K->1344K(67072K)] 503445K->438389K(581120K), 0.0020500 secs] [Times: user=0.00 sys=0.00, real=0.00 secs] 
2165.700: [GC (Allocation Failure) [PSYoungGen: 66368K->1328K(67072K)] 503413K->438373K(581120K), 0.0021907 secs] [Times: user=0.01 sys=0.00, real=0.00 secs] 
2165.969: [GC (Allocation Failure) [PSYoungGen: 66352K->1360K(67072K)] 503397K->438405K(581120K), 0.0019755 secs] [Times: user=0.01 sys=0.00, real=0.00 secs] 
2166.357: [GC (Allocation Failure) [PSYoungGen: 66384K->1520K(67072K)] 503429K->438566K(581120K), 0.0016831 secs] [Times: user=0.00 sys=0.00, real=0.01 secs] 
2166.739: [GC (Allocation Failure) [PSYoungGen: 66544K->1536K(67072K)] 503590K->438581K(581120K), 0.0017427 secs] [Times: user=0.01 sys=0.00, real=0.00 secs] 
2167.120: [GC (Allocation Failure) [PSYoungGen: 66553K->1565K(67072K)] 503599K->438619K(581120K), 0.0018336 secs] [Times: user=0.01 sys=0.00, real=0.00 secs] 
2167.510: [GC (Allocation Failure) [PSYoungGen: 66589K->1760K(67072K)] 503643K->438813K(581120K), 0.0020073 secs] [Times: user=0.01 sys=0.01, real=0.00 secs] 
2167.777: [GC (Allocation Failure) [PSYoungGen: 66784K->1344K(67072K)] 503837K->438397K(581120K), 0.0019002 secs] [Times: user=0.01 sys=0.00, real=0.01 secs] 
2168.047: [GC (Allocation Failure) [PSYoungGen: 66368K->1344K(67072K)] 503421K->438397K(581120K), 0.0018821 secs] [Times: user=0.01 sys=0.00, real=0.00 secs] 
2168.318: [GC (Allocation Failure) [PSYoungGen: 66368K->1344K(67072K)] 503421K->438413K(581120K), 0.0018494 secs] [Times: user=0.01 sys=0.00, real=0.01 secs] 
2168.667: [GC (Allocation Failure) [PSYoungGen: 66368K->1344K(67072K)] 503437K->438413K(581120K), 0.0020504 secs] [Times: user=0.01 sys=0.00, real=0.00 secs] 
2169.047: [GC (Allocation Failure) [PSYoungGen: 66368K->1520K(67072K)] 503437K->438590K(581120K), 0.0017919 secs] [Times: user=0.01 sys=0.00, real=0.01 secs] 
2169.430: [GC (Allocation Failure) [PSYoungGen: 66544K->1568K(67072K)] 503614K->438637K(581120K), 0.0018263 secs] [Times: user=0.01 sys=0.00, real=0.00 secs] 
2169.811: [GC (Allocation Failure) [PSYoungGen: 66592K->1488K(67072K)] 503661K->438565K(581120K), 0.0018119 secs] [Times: user=0.01 sys=0.00, real=0.00 secs] 
2170.271: [GC (Allocation Failure) [PSYoungGen: 66512K->1536K(67072K)] 503589K->438613K(581120K), 0.0017172 secs] [Times: user=0.01 sys=0.00, real=0.00 secs] 
2170.541: [GC (Allocation Failure) [PSYoungGen: 66560K->1344K(67072K)] 503637K->438421K(581120K), 0.0020157 secs] [Times: user=0.00 sys=0.00, real=0.00 secs] 
2170.826: [GC (Allocation Failure) [PSYoungGen: 66368K->1344K(67072K)] 503445K->438421K(581120K), 0.0019122 secs] [Times: user=0.01 sys=0.00, real=0.00 secs] 
2171.100: [GC (Allocation Failure) [PSYoungGen: 66368K->1344K(67072K)] 503445K->438421K(581120K), 0.0026589 secs] [Times: user=0.01 sys=0.00, real=0.00 secs] 
2171.432: [GC (Allocation Failure) [PSYoungGen: 66368K->1344K(67072K)] 503445K->438421K(581120K), 0.0022400 secs] [Times: user=0.01 sys=0.00, real=0.00 secs] 
2173.063: [GC (Allocation Failure) [PSYoungGen: 66368K->1469K(67072K)] 503445K->438547K(581120K), 0.0017331 secs] [Times: user=0.01 sys=0.00, real=0.00 secs] 
2173.445: [GC (Allocation Failure) [PSYoungGen: 66493K->1613K(67072K)] 503571K->438691K(581120K), 0.0017488 secs] [Times: user=0.00 sys=0.00, real=0.00 secs] 
2173.886: [GC (Allocation Failure) [PSYoungGen: 66637K->1565K(67072K)] 503715K->438659K(581120K), 0.0018941 secs] [Times: user=0.00 sys=0.00, real=0.00 secs] 
2174.331: [GC (Allocation Failure) [PSYoungGen: 66589K->1568K(67072K)] 503683K->438661K(581120K), 0.0019661 secs] [Times: user=0.00 sys=0.00, real=0.00 secs] 
2174.922: [GC (Allocation Failure) [PSYoungGen: 66592K->1344K(67072K)] 503685K->438437K(581120K), 0.0022787 secs] [Times: user=0.01 sys=0.00, real=0.00 secs] 
2175.639: [GC (Allocation Failure) [PSYoungGen: 66368K->1312K(67072K)] 503461K->438405K(581120K), 0.0021772 secs] [Times: user=0.01 sys=0.00, real=0.00 secs] 
2176.487: [GC (Allocation Failure) [PSYoungGen: 66336K->1344K(67072K)] 503429K->438437K(581120K), 0.0024418 secs] [Times: user=0.01 sys=0.00, real=0.01 secs] 
2177.407: [GC (Allocation Failure) [PSYoungGen: 66368K->1312K(67072K)] 503461K->438421K(581120K), 0.0024263 secs] [Times: user=0.01 sys=0.00, real=0.01 secs] 
2178.193: [GC (Allocation Failure) [PSYoungGen: 66336K->1536K(67072K)] 503445K->438645K(581120K), 0.0016893 secs] [Times: user=0.01 sys=0.00, real=0.00 secs] 
2178.576: [GC (Allocation Failure) [PSYoungGen: 66560K->1533K(67072K)] 503669K->438643K(581120K), 0.0018501 secs] [Times: user=0.00 sys=0.00, real=0.00 secs] 
2179.021: [GC (Allocation Failure) [PSYoungGen: 66557K->1568K(67072K)] 503667K->438685K(581120K), 0.0017632 secs] [Times: user=0.01 sys=0.00, real=0.00 secs] 
2179.464: [GC (Allocation Failure) [PSYoungGen: 66576K->1533K(67072K)] 503694K->438651K(581120K), 0.0017780 secs] [Times: user=0.01 sys=0.00, real=0.00 secs] 
2179.767: [GC (Allocation Failure) [PSYoungGen: 66557K->1424K(67072K)] 503675K->438541K(581120K), 0.0023555 secs] [Times: user=0.01 sys=0.00, real=0.01 secs] 
2180.286: [GC (Allocation Failure) [PSYoungGen: 66448K->1376K(67072K)] 503565K->438493K(581120K), 0.0021156 secs] [Times: user=0.01 sys=0.00, real=0.00 secs] 
2180.830: [GC (Allocation Failure) [PSYoungGen: 66400K->1344K(67072K)] 503517K->438461K(581120K), 0.0021944 secs] [Times: user=0.01 sys=0.00, real=0.00 secs] 
2181.374: [GC (Allocation Failure) [PSYoungGen: 66368K->1344K(67072K)] 503485K->438477K(581120K), 0.0021239 secs] [Times: user=0.01 sys=0.00, real=0.00 secs] 
2181.890: [GC (Allocation Failure) [PSYoungGen: 66368K->1488K(67072K)] 503501K->438622K(581120K), 0.0016242 secs] [Times: user=0.00 sys=0.00, real=0.00 secs] 
2182.273: [GC (Allocation Failure) [PSYoungGen: 66512K->1581K(67072K)] 503646K->438715K(581120K), 0.0017236 secs] [Times: user=0.01 sys=0.00, real=0.00 secs] 
2182.656: [GC (Allocation Failure) [PSYoungGen: 66605K->1533K(67072K)] 503739K->438667K(581120K), 0.0017382 secs] [Times: user=0.01 sys=0.00, real=0.00 secs] 
2183.035: [GC (Allocation Failure) [PSYoungGen: 66539K->1565K(67072K)] 503673K->438707K(581120K), 0.0017626 secs] [Times: user=0.01 sys=0.00, real=0.00 secs] 
2183.332: [GC (Allocation Failure) [PSYoungGen: 66589K->1408K(67072K)] 503731K->438549K(581120K), 0.0016300 secs] [Times: user=0.00 sys=0.00, real=0.00 secs] 
2183.601: [GC (Allocation Failure) [PSYoungGen: 66432K->1360K(67072K)] 503573K->438501K(581120K), 0.0017108 secs] [Times: user=0.01 sys=0.00, real=0.00 secs] 
2183.871: [GC (Allocation Failure) [PSYoungGen: 66384K->1344K(67072K)] 503525K->438485K(581120K), 0.0021771 secs] [Times: user=0.01 sys=0.00, real=0.00 secs] 
2184.142: [GC (Allocation Failure) [PSYoungGen: 66368K->1376K(67072K)] 503509K->438517K(581120K), 0.0022600 secs] [Times: user=0.01 sys=0.00, real=0.00 secs] 
2184.535: [GC (Allocation Failure) [PSYoungGen: 66400K->1504K(67072K)] 503541K->438645K(581120K), 0.0016060 secs] [Times: user=0.01 sys=0.00, real=0.00 secs] 
2184.918: [GC (Allocation Failure) [PSYoungGen: 66528K->1520K(67072K)] 503669K->438661K(581120K), 0.0017065 secs] [Times: user=0.00 sys=0.00, real=0.01 secs] 
2185.301: [GC (Allocation Failure) [PSYoungGen: 66544K->1565K(67072K)] 503685K->438707K(581120K), 0.0017974 secs] [Times: user=0.01 sys=0.01, real=0.00 secs] 
2185.682: [GC (Allocation Failure) [PSYoungGen: 66572K->1536K(67072K)] 503714K->438685K(581120K), 0.0018443 secs] [Times: user=0.00 sys=0.00, real=0.00 secs] 
2186.866: [GC (Allocation Failure) [PSYoungGen: 66560K->1360K(67072K)] 503709K->438509K(581120K), 0.0033371 secs] [Times: user=0.01 sys=0.00, real=0.01 secs] 
2187.512: [GC (Allocation Failure) [PSYoungGen: 66384K->1360K(67072K)] 503533K->438509K(581120K), 0.0026218 secs] [Times: user=0.01 sys=0.00, real=0.00 secs] 
2188.453: [GC (Allocation Failure) [PSYoungGen: 66384K->1344K(67072K)] 503533K->438493K(581120K), 0.0026388 secs] [Times: user=0.01 sys=0.00, real=0.00 secs] 
2190.951: [GC (Allocation Failure) [PSYoungGen: 66368K->1376K(67072K)] 503517K->438525K(581120K), 0.0025807 secs] [Times: user=0.01 sys=0.00, real=0.00 secs] 
2191.666: [GC (Allocation Failure) [PSYoungGen: 66400K->1472K(67072K)] 503549K->438621K(581120K), 0.0016894 secs] [Times: user=0.01 sys=0.00, real=0.00 secs] 
2192.047: [GC (Allocation Failure) [PSYoungGen: 66496K->1568K(67072K)] 503645K->438741K(581120K), 0.0017511 secs] [Times: user=0.00 sys=0.00, real=0.00 secs] 
2192.428: [GC (Allocation Failure) [PSYoungGen: 66592K->1552K(67072K)] 503765K->438726K(581120K), 0.0016959 secs] [Times: user=0.01 sys=0.00, real=0.01 secs] 
2192.811: [GC (Allocation Failure) [PSYoungGen: 66576K->1597K(67072K)] 503750K->438779K(581120K), 0.0017357 secs] [Times: user=0.01 sys=0.00, real=0.00 secs] 
2193.221: [GC (Allocation Failure) [PSYoungGen: 66621K->1408K(67072K)] 503803K->438589K(581120K), 0.0020732 secs] [Times: user=0.01 sys=0.00, real=0.00 secs] 
2193.491: [GC (Allocation Failure) [PSYoungGen: 66432K->1360K(67072K)] 503613K->438541K(581120K), 0.0020651 secs] [Times: user=0.01 sys=0.00, real=0.00 secs] 
2193.762: [GC (Allocation Failure) [PSYoungGen: 66384K->1376K(67072K)] 503565K->438557K(581120K), 0.0025029 secs] [Times: user=0.01 sys=0.01, real=0.00 secs] 
2194.091: [GC (Allocation Failure) [PSYoungGen: 66400K->1344K(67072K)] 503581K->438525K(581120K), 0.0020924 secs] [Times: user=0.01 sys=0.00, real=0.00 secs] 
2194.471: [GC (Allocation Failure) [PSYoungGen: 66368K->1440K(67072K)] 503549K->438621K(581120K), 0.0017342 secs] [Times: user=0.01 sys=0.00, real=0.00 secs] 
2194.855: [GC (Allocation Failure) [PSYoungGen: 66464K->1581K(67072K)] 503645K->438763K(581120K), 0.0018666 secs] [Times: user=0.01 sys=0.00, real=0.00 secs] 
2195.237: [GC (Allocation Failure) [PSYoungGen: 66605K->1597K(67072K)] 503787K->438779K(581120K), 0.0017892 secs] [Times: user=0.01 sys=0.00, real=0.00 secs] 
2195.620: [GC (Allocation Failure) [PSYoungGen: 66621K->1613K(67072K)] 503803K->438811K(581120K), 0.0018854 secs] [Times: user=0.00 sys=0.00, real=0.00 secs] 
2196.058: [GC (Allocation Failure) [PSYoungGen: 66637K->1408K(67072K)] 503835K->438605K(581120K), 0.0019856 secs] [Times: user=0.00 sys=0.00, real=0.01 secs] 
2196.328: [GC (Allocation Failure) [PSYoungGen: 66432K->1328K(67072K)] 503629K->438525K(581120K), 0.0019595 secs] [Times: user=0.01 sys=0.00, real=0.01 secs] 
2196.679: [GC (Allocation Failure) [PSYoungGen: 66352K->1376K(67072K)] 503549K->438573K(581120K), 0.0021175 secs] [Times: user=0.01 sys=0.00, real=0.00 secs] 
2196.965: [GC (Allocation Failure) [PSYoungGen: 66400K->1376K(67072K)] 503597K->438573K(581120K), 0.0020071 secs] [Times: user=0.01 sys=0.00, real=0.00 secs] 
2197.302: [GC (Allocation Failure) [PSYoungGen: 66400K->1472K(67072K)] 503597K->438669K(581120K), 0.0017670 secs] [Times: user=0.00 sys=0.00, real=0.00 secs] 
2197.683: [GC (Allocation Failure) [PSYoungGen: 66466K->1520K(67072K)] 503664K->438742K(581120K), 0.0016246 secs] [Times: user=0.01 sys=0.00, real=0.00 secs] 
2198.064: [GC (Allocation Failure) [PSYoungGen: 66525K->1520K(67072K)] 503747K->438742K(581120K), 0.0016162 secs] [Times: user=0.01 sys=0.00, real=0.00 secs] 
2198.446: [GC (Allocation Failure) [PSYoungGen: 66544K->1533K(67072K)] 503766K->438763K(581120K), 0.0017052 secs] [Times: user=0.00 sys=0.00, real=0.00 secs] 
2198.778: [GC (Allocation Failure) [PSYoungGen: 66557K->1392K(67072K)] 503787K->438621K(581120K), 0.0020762 secs] [Times: user=0.01 sys=0.00, real=0.01 secs] 
2199.049: [GC (Allocation Failure) [PSYoungGen: 66416K->1376K(67072K)] 503645K->438605K(581120K), 0.0018495 secs] [Times: user=0.01 sys=0.00, real=0.00 secs] 
2199.319: [GC (Allocation Failure) [PSYoungGen: 66400K->1376K(67072K)] 503629K->438605K(581120K), 0.0019170 secs] [Times: user=0.01 sys=0.00, real=0.00 secs] 
2199.594: [GC (Allocation Failure) [PSYoungGen: 66400K->1312K(67072K)] 503629K->438541K(581120K), 0.0019785 secs] [Times: user=0.01 sys=0.00, real=0.00 secs] 
2199.979: [GC (Allocation Failure) [PSYoungGen: 66336K->1472K(67072K)] 503565K->438701K(581120K), 0.0017473 secs] [Times: user=0.01 sys=0.00, real=0.00 secs] 
2200.361: [GC (Allocation Failure) [PSYoungGen: 66496K->1552K(67072K)] 503725K->438782K(581120K), 0.0016436 secs] [Times: user=0.00 sys=0.00, real=0.00 secs] 
2200.744: [GC (Allocation Failure) [PSYoungGen: 66576K->1520K(67072K)] 503806K->438749K(581120K), 0.0017194 secs] [Times: user=0.00 sys=0.00, real=0.00 secs] 
2201.184: [GC (Allocation Failure) [PSYoungGen: 66544K->1549K(67072K)] 503773K->438787K(581120K), 0.0020144 secs] [Times: user=0.01 sys=0.00, real=0.00 secs] 
2201.520: [GC (Allocation Failure) [PSYoungGen: 66573K->1424K(67072K)] 503811K->438661K(581120K), 0.0022734 secs] [Times: user=0.01 sys=0.00, real=0.00 secs] 
2201.817: [GC (Allocation Failure) [PSYoungGen: 66448K->1328K(67072K)] 503685K->438565K(581120K), 0.0022012 secs] [Times: user=0.01 sys=0.00, real=0.01 secs] 
2202.087: [GC (Allocation Failure) [PSYoungGen: 66352K->1328K(67072K)] 503589K->438565K(581120K), 0.0022333 secs] [Times: user=0.01 sys=0.00, real=0.01 secs] 
2202.478: [GC (Allocation Failure) [PSYoungGen: 66352K->1376K(67072K)] 503589K->438613K(581120K), 0.0022528 secs] [Times: user=0.00 sys=0.00, real=0.01 secs] 
2203.015: [GC (Allocation Failure) [PSYoungGen: 66400K->1440K(67072K)] 503637K->438677K(581120K), 0.0021868 secs] [Times: user=0.01 sys=0.00, real=0.00 secs] 
2203.422: [GC (Allocation Failure) [PSYoungGen: 66464K->1565K(67072K)] 503701K->438803K(581120K), 0.0020634 secs] [Times: user=0.00 sys=0.00, real=0.00 secs] 
2203.814: [GC (Allocation Failure) [PSYoungGen: 66589K->1520K(67072K)] 503827K->438757K(581120K), 0.0017458 secs] [Times: user=0.01 sys=0.00, real=0.00 secs] 
2204.260: [GC (Allocation Failure) [PSYoungGen: 66544K->1536K(67072K)] 503781K->438781K(581120K), 0.0017886 secs] [Times: user=0.00 sys=0.00, real=0.00 secs] 
2204.593: [GC (Allocation Failure) [PSYoungGen: 66560K->1456K(67072K)] 503805K->438709K(581120K), 0.0025569 secs] [Times: user=0.01 sys=0.00, real=0.00 secs] 
2204.865: [GC (Allocation Failure) [PSYoungGen: 66480K->1344K(67072K)] 503733K->438597K(581120K), 0.0024041 secs] [Times: user=0.01 sys=0.00, real=0.00 secs] 
2205.135: [GC (Allocation Failure) [PSYoungGen: 66368K->1408K(67072K)] 503621K->438661K(581120K), 0.0021683 secs] [Times: user=0.01 sys=0.00, real=0.00 secs] 
2205.535: [GC (Allocation Failure) [PSYoungGen: 66432K->1376K(67072K)] 503685K->438629K(581120K), 0.0021211 secs] [Times: user=0.01 sys=0.00, real=0.00 secs] 
2206.120: [GC (Allocation Failure) [PSYoungGen: 66400K->1424K(67072K)] 503653K->438677K(581120K), 0.0023100 secs] [Times: user=0.01 sys=0.00, real=0.00 secs] 
2206.606: [GC (Allocation Failure) [PSYoungGen: 66448K->1597K(67072K)] 503701K->438851K(581120K), 0.0019409 secs] [Times: user=0.00 sys=0.00, real=0.00 secs] 
2206.989: [GC (Allocation Failure) [PSYoungGen: 66621K->1536K(67072K)] 503875K->438789K(581120K), 0.0019315 secs] [Times: user=0.01 sys=0.00, real=0.00 secs] 
2207.434: [GC (Allocation Failure) [PSYoungGen: 66560K->1568K(67072K)] 503813K->438829K(581120K), 0.0018261 secs] [Times: user=0.01 sys=0.00, real=0.00 secs] 
2207.864: [GC (Allocation Failure) [PSYoungGen: 66592K->1440K(67072K)] 503853K->438701K(581120K), 0.0031450 secs] [Times: user=0.01 sys=0.00, real=0.00 secs] 
2208.177: [GC (Allocation Failure) [PSYoungGen: 66464K->1344K(67072K)] 503725K->438605K(581120K), 0.0022386 secs] [Times: user=0.01 sys=0.00, real=0.01 secs] 
2208.486: [GC (Allocation Failure) [PSYoungGen: 66368K->1344K(67072K)] 503629K->438621K(581120K), 0.0020367 secs] [Times: user=0.01 sys=0.00, real=0.00 secs] 
2208.964: [GC (Allocation Failure) [PSYoungGen: 66368K->1360K(67072K)] 503645K->438637K(581120K), 0.0019946 secs] [Times: user=0.00 sys=0.00, real=0.00 secs] 
2209.484: [GC (Allocation Failure) [PSYoungGen: 66384K->1456K(67072K)] 503661K->438733K(581120K), 0.0017028 secs] [Times: user=0.01 sys=0.00, real=0.00 secs] 
2209.864: [GC (Allocation Failure) [PSYoungGen: 66480K->1533K(67072K)] 503757K->438811K(581120K), 0.0016789 secs] [Times: user=0.01 sys=0.00, real=0.00 secs] 
2210.246: [GC (Allocation Failure) [PSYoungGen: 66557K->1581K(67072K)] 503835K->438859K(581120K), 0.0017121 secs] [Times: user=0.00 sys=0.00, real=0.00 secs] 
2210.687: [GC (Allocation Failure) [PSYoungGen: 66605K->1501K(67072K)] 503883K->438795K(581120K), 0.0017922 secs] [Times: user=0.01 sys=0.00, real=0.01 secs] 
2211.297: [GC (Allocation Failure) [PSYoungGen: 66525K->1424K(67072K)] 503819K->438717K(581120K), 0.0030588 secs] [Times: user=0.01 sys=0.00, real=0.01 secs] 
2211.917: [GC (Allocation Failure) [PSYoungGen: 66448K->1344K(67072K)] 503741K->438637K(581120K), 0.0021984 secs] [Times: user=0.01 sys=0.00, real=0.01 secs] 
2212.242: [GC (Allocation Failure) [PSYoungGen: 66368K->1360K(67072K)] 503661K->438653K(581120K), 0.0020589 secs] [Times: user=0.01 sys=0.01, real=0.00 secs] 
2212.725: [GC (Allocation Failure) [PSYoungGen: 66384K->1360K(67072K)] 503677K->438653K(581120K), 0.0021924 secs] [Times: user=0.01 sys=0.00, real=0.00 secs] 
2213.333: [GC (Allocation Failure) [PSYoungGen: 66384K->1488K(67072K)] 503677K->438782K(581120K), 0.0019873 secs] [Times: user=0.01 sys=0.00, real=0.00 secs] 
2213.721: [GC (Allocation Failure) [PSYoungGen: 66512K->1581K(67072K)] 503806K->438875K(581120K), 0.0017455 secs] [Times: user=0.01 sys=0.00, real=0.00 secs] 
2214.115: [GC (Allocation Failure) [PSYoungGen: 66605K->1565K(67072K)] 503899K->438859K(581120K), 0.0017731 secs] [Times: user=0.00 sys=0.00, real=0.00 secs] 
2214.498: [GC (Allocation Failure) [PSYoungGen: 66589K->1552K(67072K)] 503883K->438854K(581120K), 0.0017158 secs] [Times: user=0.01 sys=0.00, real=0.01 secs] 
2215.474: [GC (Allocation Failure) [PSYoungGen: 66576K->1440K(67072K)] 503878K->438741K(581120K), 0.0031826 secs] [Times: user=0.01 sys=0.01, real=0.00 secs] 
2216.247: [GC (Allocation Failure) [PSYoungGen: 66464K->1376K(67072K)] 503765K->438677K(581120K), 0.0030362 secs] [Times: user=0.01 sys=0.00, real=0.01 secs] 
2216.844: [GC (Allocation Failure) [PSYoungGen: 66400K->1376K(67072K)] 503701K->438677K(581120K), 0.0028508 secs] [Times: user=0.01 sys=0.00, real=0.00 secs] 
2217.344: [GC (Allocation Failure) [PSYoungGen: 66400K->1376K(67072K)] 503701K->438677K(581120K), 0.0022871 secs] [Times: user=0.01 sys=0.00, real=0.00 secs] 
2217.687: [GC (Allocation Failure) [PSYoungGen: 66400K->1456K(67072K)] 503701K->438757K(581120K), 0.0019937 secs] [Times: user=0.01 sys=0.00, real=0.01 secs] 
2218.070: [GC (Allocation Failure) [PSYoungGen: 66480K->1552K(67072K)] 503781K->438854K(581120K), 0.0017592 secs] [Times: user=0.01 sys=0.00, real=0.00 secs] 
2218.451: [GC (Allocation Failure) [PSYoungGen: 66562K->1552K(67072K)] 503864K->438854K(581120K), 0.0016205 secs] [Times: user=0.00 sys=0.00, real=0.00 secs] 
2218.833: [GC (Allocation Failure) [PSYoungGen: 66576K->1568K(67072K)] 503878K->438877K(581120K), 0.0016794 secs] [Times: user=0.01 sys=0.00, real=0.00 secs] 
2220.169: [GC (Allocation Failure) [PSYoungGen: 66592K->1456K(67072K)] 503901K->438765K(581120K), 0.0047382 secs] [Times: user=0.01 sys=0.00, real=0.00 secs] 
2221.194: [GC (Allocation Failure) [PSYoungGen: 66480K->1376K(67072K)] 503789K->438685K(581120K), 0.0028564 secs] [Times: user=0.01 sys=0.00, real=0.00 secs] 
2221.854: [GC (Allocation Failure) [PSYoungGen: 66400K->1376K(67072K)] 503709K->438693K(581120K), 0.0026337 secs] [Times: user=0.01 sys=0.00, real=0.00 secs] 
2222.396: [GC (Allocation Failure) [PSYoungGen: 66400K->1376K(67072K)] 503717K->438693K(581120K), 0.0034462 secs] [Times: user=0.02 sys=0.00, real=0.01 secs] 
2222.978: [GC (Allocation Failure) [PSYoungGen: 66383K->1456K(67072K)] 503701K->438773K(581120K), 0.0032929 secs] [Times: user=0.01 sys=0.00, real=0.01 secs] 
2223.498: [GC (Allocation Failure) [PSYoungGen: 66452K->1565K(67072K)] 503769K->438883K(581120K), 0.0016451 secs] [Times: user=0.01 sys=0.00, real=0.01 secs] 
2223.940: [GC (Allocation Failure) [PSYoungGen: 66589K->1536K(67072K)] 503907K->438853K(581120K), 0.0017136 secs] [Times: user=0.00 sys=0.00, real=0.00 secs] 
2224.406: [GC (Allocation Failure) [PSYoungGen: 66560K->1552K(67072K)] 503877K->438878K(581120K), 0.0017497 secs] [Times: user=0.01 sys=0.00, real=0.00 secs] 
2224.775: [GC (Allocation Failure) [PSYoungGen: 66576K->1440K(67072K)] 503902K->438765K(581120K), 0.0023140 secs] [Times: user=0.01 sys=0.00, real=0.00 secs] 
2225.046: [GC (Allocation Failure) [PSYoungGen: 66464K->1376K(67072K)] 503789K->438701K(581120K), 0.0022480 secs] [Times: user=0.01 sys=0.00, real=0.00 secs] 
2225.316: [GC (Allocation Failure) [PSYoungGen: 66400K->1344K(67072K)] 503725K->438669K(581120K), 0.0021989 secs] [Times: user=0.01 sys=0.00, real=0.00 secs] 
2225.587: [GC (Allocation Failure) [PSYoungGen: 66368K->1376K(67072K)] 503693K->438701K(581120K), 0.0021118 secs] [Times: user=0.00 sys=0.00, real=0.01 secs] 
2225.857: [GC (Allocation Failure) [PSYoungGen: 66400K->1376K(67072K)] 503725K->438701K(581120K), 0.0020426 secs] [Times: user=0.01 sys=0.00, real=0.01 secs] 
2226.261: [GC (Allocation Failure) [PSYoungGen: 66400K->1613K(67072K)] 503725K->438939K(581120K), 0.0016998 secs] [Times: user=0.01 sys=0.00, real=0.00 secs] 
2226.644: [GC (Allocation Failure) [PSYoungGen: 66637K->1568K(67072K)] 503963K->438893K(581120K), 0.0017831 secs] [Times: user=0.01 sys=0.00, real=0.00 secs] 
2227.026: [GC (Allocation Failure) [PSYoungGen: 66592K->1533K(67072K)] 503917K->438867K(581120K), 0.0017004 secs] [Times: user=0.01 sys=0.00, real=0.00 secs] 
2227.629: [GC (Allocation Failure) [PSYoungGen: 66557K->1440K(67072K)] 503891K->438773K(581120K), 0.0026470 secs] [Times: user=0.01 sys=0.00, real=0.00 secs] 
2228.293: [GC (Allocation Failure) [PSYoungGen: 66464K->1376K(67072K)] 503797K->438709K(581120K), 0.0035175 secs] [Times: user=0.01 sys=0.00, real=0.00 secs] 
2228.717: [GC (Allocation Failure) [PSYoungGen: 66400K->1344K(67072K)] 503733K->438693K(581120K), 0.0022444 secs] [Times: user=0.01 sys=0.00, real=0.01 secs] 
2228.987: [GC (Allocation Failure) [PSYoungGen: 66368K->1360K(67072K)] 503717K->438709K(581120K), 0.0021963 secs] [Times: user=0.01 sys=0.00, real=0.01 secs] 
2229.258: [GC (Allocation Failure) [PSYoungGen: 66384K->1376K(67072K)] 503733K->438725K(581120K), 0.0020772 secs] [Times: user=0.01 sys=0.00, real=0.01 secs] 
2229.792: [GC (Allocation Failure) [PSYoungGen: 66400K->1568K(67072K)] 503749K->438917K(581120K), 0.0018734 secs] [Times: user=0.01 sys=0.00, real=0.00 secs] 
2230.174: [GC (Allocation Failure) [PSYoungGen: 66592K->1533K(67072K)] 503941K->438883K(581120K), 0.0019252 secs] [Times: user=0.01 sys=0.00, real=0.00 secs] 
2230.617: [GC (Allocation Failure) [PSYoungGen: 66557K->1533K(67072K)] 503907K->438891K(581120K), 0.0017383 secs] [Times: user=0.01 sys=0.00, real=0.01 secs] 
2231.094: [GC (Allocation Failure) [PSYoungGen: 66557K->1472K(67072K)] 503915K->438829K(581120K), 0.0023449 secs] [Times: user=0.00 sys=0.00, real=0.00 secs] 
2231.686: [GC (Allocation Failure) [PSYoungGen: 66496K->1344K(67072K)] 503853K->438701K(581120K), 0.0026340 secs] [Times: user=0.01 sys=0.00, real=0.01 secs] 
2232.106: [GC (Allocation Failure) [PSYoungGen: 66368K->1376K(67072K)] 503725K->438733K(581120K), 0.0026696 secs] [Times: user=0.01 sys=0.00, real=0.01 secs] 
2232.659: [GC (Allocation Failure) [PSYoungGen: 66400K->1376K(67072K)] 503757K->438733K(581120K), 0.0028196 secs] [Times: user=0.01 sys=0.00, real=0.00 secs] 
2233.159: [GC (Allocation Failure) [PSYoungGen: 66400K->1408K(67072K)] 503757K->438765K(581120K), 0.0041137 secs] [Times: user=0.02 sys=0.00, real=0.00 secs] 
2233.921: [GC (Allocation Failure) [PSYoungGen: 66432K->1533K(67072K)] 503789K->438891K(581120K), 0.0017775 secs] [Times: user=0.01 sys=0.00, real=0.00 secs] 
2234.308: [GC (Allocation Failure) [PSYoungGen: 66557K->1520K(67072K)] 503915K->438877K(581120K), 0.0022033 secs] [Times: user=0.01 sys=0.00, real=0.01 secs] 
2234.702: [GC (Allocation Failure) [PSYoungGen: 66544K->1581K(67072K)] 503901K->438947K(581120K), 0.0019233 secs] [Times: user=0.01 sys=0.00, real=0.00 secs] 
2235.383: [GC (Allocation Failure) [PSYoungGen: 66605K->2016K(67072K)] 503971K->439381K(581120K), 0.0028104 secs] [Times: user=0.01 sys=0.00, real=0.00 secs] 
2236.289: [GC (Allocation Failure) [PSYoungGen: 67040K->1408K(67072K)] 504405K->438773K(581120K), 0.0042007 secs] [Times: user=0.02 sys=0.00, real=0.00 secs] 
2237.044: [GC (Allocation Failure) [PSYoungGen: 66432K->1376K(67072K)] 503797K->438741K(581120K), 0.0034599 secs] [Times: user=0.02 sys=0.00, real=0.00 secs] 
2237.520: [GC (Allocation Failure) [PSYoungGen: 66400K->1376K(67072K)] 503765K->438741K(581120K), 0.0029196 secs] [Times: user=0.02 sys=0.00, real=0.00 secs] 
2237.988: [GC (Allocation Failure) [PSYoungGen: 66400K->1376K(67072K)] 503765K->438741K(581120K), 0.0025381 secs] [Times: user=0.01 sys=0.00, real=0.01 secs] 
2238.572: [GC (Allocation Failure) [PSYoungGen: 66400K->1536K(67072K)] 503765K->438901K(581120K), 0.0016785 secs] [Times: user=0.01 sys=0.00, real=0.00 secs] 
2239.015: [GC (Allocation Failure) [PSYoungGen: 66560K->1581K(67072K)] 503925K->438947K(581120K), 0.0019995 secs] [Times: user=0.01 sys=0.00, real=0.00 secs] 
2239.401: [GC (Allocation Failure) [PSYoungGen: 66605K->1536K(67072K)] 503971K->438909K(581120K), 0.0017672 secs] [Times: user=0.01 sys=0.00, real=0.00 secs] 
2239.804: [GC (Allocation Failure) [PSYoungGen: 66560K->1760K(67072K)] 503933K->439133K(581120K), 0.0021666 secs] [Times: user=0.01 sys=0.00, real=0.00 secs] 
2240.112: [GC (Allocation Failure) [PSYoungGen: 66784K->1376K(67072K)] 504157K->438749K(581120K), 0.0024116 secs] [Times: user=0.01 sys=0.00, real=0.00 secs] 
2240.378: [GC (Allocation Failure) [PSYoungGen: 66400K->1312K(67072K)] 503773K->438701K(581120K), 0.0020251 secs] [Times: user=0.01 sys=0.00, real=0.01 secs] 
2240.649: [GC (Allocation Failure) [PSYoungGen: 66336K->1376K(67072K)] 503725K->438765K(581120K), 0.0020340 secs] [Times: user=0.01 sys=0.00, real=0.01 secs] 
2241.071: [GC (Allocation Failure) [PSYoungGen: 66400K->1376K(67072K)] 503789K->438765K(581120K), 0.0020752 secs] [Times: user=0.01 sys=0.00, real=0.00 secs] 
2241.607: [GC (Allocation Failure) [PSYoungGen: 66400K->1504K(67072K)] 503789K->438893K(581120K), 0.0017163 secs] [Times: user=0.01 sys=0.00, real=0.00 secs] 
2241.988: [GC (Allocation Failure) [PSYoungGen: 66528K->1520K(67072K)] 503917K->438910K(581120K), 0.0019081 secs] [Times: user=0.01 sys=0.00, real=0.01 secs] 
2242.369: [GC (Allocation Failure) [PSYoungGen: 66544K->1520K(67072K)] 503934K->438925K(581120K), 0.0018331 secs] [Times: user=0.00 sys=0.00, real=0.00 secs] 
2242.780: [GC (Allocation Failure) [PSYoungGen: 66544K->1536K(67072K)] 503949K->438941K(581120K), 0.0017649 secs] [Times: user=0.01 sys=0.00, real=0.00 secs] 
2243.304: [GC (Allocation Failure) [PSYoungGen: 66560K->1376K(67072K)] 503965K->438781K(581120K), 0.0041445 secs] [Times: user=0.01 sys=0.00, real=0.00 secs] 
2243.917: [GC (Allocation Failure) [PSYoungGen: 66400K->1376K(67072K)] 503805K->438781K(581120K), 0.0036384 secs] [Times: user=0.02 sys=0.00, real=0.01 secs] 
2244.399: [GC (Allocation Failure) [PSYoungGen: 66400K->1344K(67072K)] 503805K->438749K(581120K), 0.0027510 secs] [Times: user=0.01 sys=0.00, real=0.00 secs] 
2245.045: [GC (Allocation Failure) [PSYoungGen: 66368K->1408K(67072K)] 503773K->438813K(581120K), 0.0037622 secs] [Times: user=0.01 sys=0.00, real=0.01 secs] 
2245.664: [GC (Allocation Failure) [PSYoungGen: 66432K->1536K(67072K)] 503837K->438941K(581120K), 0.0016461 secs] [Times: user=0.01 sys=0.00, real=0.00 secs] 
2246.046: [GC (Allocation Failure) [PSYoungGen: 66560K->1613K(67072K)] 503965K->439019K(581120K), 0.0017097 secs] [Times: user=0.01 sys=0.00, real=0.00 secs] 
2246.428: [GC (Allocation Failure) [PSYoungGen: 66637K->1536K(67072K)] 504043K->438957K(581120K), 0.0016965 secs] [Times: user=0.00 sys=0.00, real=0.01 secs] 
2246.809: [GC (Allocation Failure) [PSYoungGen: 66556K->1565K(67072K)] 503978K->438987K(581120K), 0.0017263 secs] [Times: user=0.01 sys=0.00, real=0.00 secs] 
2248.030: [GC (Allocation Failure) [PSYoungGen: 66589K->1392K(67072K)] 504011K->438813K(581120K), 0.0028775 secs] [Times: user=0.01 sys=0.00, real=0.00 secs] 
2248.501: [GC (Allocation Failure) [PSYoungGen: 66416K->1376K(67072K)] 503837K->438797K(581120K), 0.0022490 secs] [Times: user=0.01 sys=0.00, real=0.00 secs] 
2248.785: [GC (Allocation Failure) [PSYoungGen: 66400K->1344K(67072K)] 503821K->438765K(581120K), 0.0023153 secs] [Times: user=0.01 sys=0.00, real=0.00 secs] 
2249.071: [GC (Allocation Failure) [PSYoungGen: 66368K->1344K(67072K)] 503789K->438765K(581120K), 0.0022469 secs] [Times: user=0.01 sys=0.00, real=0.00 secs] 
2249.511: [GC (Allocation Failure) [PSYoungGen: 66368K->1536K(67072K)] 503789K->438957K(581120K), 0.0016668 secs] [Times: user=0.00 sys=0.00, real=0.00 secs] 
2249.894: [GC (Allocation Failure) [PSYoungGen: 66560K->1581K(67072K)] 503981K->439027K(581120K), 0.0017180 secs] [Times: user=0.01 sys=0.00, real=0.00 secs] 
2250.337: [GC (Allocation Failure) [PSYoungGen: 66605K->1584K(67072K)] 504051K->439046K(581120K), 0.0017840 secs] [Times: user=0.00 sys=0.00, real=0.01 secs] 
2250.720: [GC (Allocation Failure) [PSYoungGen: 66608K->1565K(67072K)] 504070K->439027K(581120K), 0.0019596 secs] [Times: user=0.00 sys=0.00, real=0.00 secs] 
2251.433: [GC (Allocation Failure) [PSYoungGen: 66589K->1408K(67072K)] 504051K->438869K(581120K), 0.0028079 secs] [Times: user=0.02 sys=0.00, real=0.00 secs] 
2252.008: [GC (Allocation Failure) [PSYoungGen: 66432K->1360K(67072K)] 503893K->438821K(581120K), 0.0026550 secs] [Times: user=0.01 sys=0.00, real=0.01 secs] 
2252.578: [GC (Allocation Failure) [PSYoungGen: 66384K->1408K(67072K)] 503845K->438869K(581120K), 0.0026640 secs] [Times: user=0.01 sys=0.00, real=0.01 secs] 
2253.156: [GC (Allocation Failure) [PSYoungGen: 66432K->1376K(67072K)] 503893K->438837K(581120K), 0.0025666 secs] [Times: user=0.01 sys=0.00, real=0.00 secs] 
2253.747: [GC (Allocation Failure) [PSYoungGen: 66400K->1520K(67072K)] 503861K->438981K(581120K), 0.0018165 secs] [Times: user=0.00 sys=0.00, real=0.01 secs] 
2254.131: [GC (Allocation Failure) [PSYoungGen: 66544K->1520K(67072K)] 504005K->438981K(581120K), 0.0019098 secs] [Times: user=0.01 sys=0.00, real=0.00 secs] 
2254.517: [GC (Allocation Failure) [PSYoungGen: 66544K->1520K(67072K)] 504005K->438981K(581120K), 0.0018420 secs] [Times: user=0.00 sys=0.00, real=0.01 secs] 
2254.906: [GC (Allocation Failure) [PSYoungGen: 66529K->1597K(67072K)] 503991K->439075K(581120K), 0.0016989 secs] [Times: user=0.00 sys=0.00, real=0.00 secs] 
2255.555: [GC (Allocation Failure) [PSYoungGen: 66621K->1376K(67072K)] 504099K->438853K(581120K), 0.0024670 secs] [Times: user=0.01 sys=0.00, real=0.00 secs] 
2256.187: [GC (Allocation Failure) [PSYoungGen: 66400K->1312K(67072K)] 503877K->438789K(581120K), 0.0026067 secs] [Times: user=0.01 sys=0.00, real=0.01 secs] 
2256.662: [GC (Allocation Failure) [PSYoungGen: 66336K->1344K(67072K)] 503813K->438821K(581120K), 0.0023879 secs] [Times: user=0.01 sys=0.00, real=0.00 secs] 
2257.068: [GC (Allocation Failure) [PSYoungGen: 66368K->1344K(67072K)] 503845K->438821K(581120K), 0.0023899 secs] [Times: user=0.01 sys=0.00, real=0.01 secs] 
2257.619: [GC (Allocation Failure) [PSYoungGen: 66368K->1488K(67072K)] 503845K->438965K(581120K), 0.0016470 secs] [Times: user=0.00 sys=0.00, real=0.01 secs] 
2258.002: [GC (Allocation Failure) [PSYoungGen: 66512K->1565K(67072K)] 503989K->439043K(581120K), 0.0017161 secs] [Times: user=0.01 sys=0.00, real=0.00 secs] 
2258.383: [GC (Allocation Failure) [PSYoungGen: 66572K->1549K(67072K)] 504050K->439027K(581120K), 0.0016882 secs] [Times: user=0.01 sys=0.00, real=0.00 secs] 
2258.765: [GC (Allocation Failure) [PSYoungGen: 66557K->1520K(67072K)] 504035K->439005K(581120K), 0.0016875 secs] [Times: user=0.00 sys=0.00, real=0.00 secs] 
2259.201: [GC (Allocation Failure) [PSYoungGen: 66544K->1376K(67072K)] 504029K->438861K(581120K), 0.0018933 secs] [Times: user=0.00 sys=0.00, real=0.00 secs] 
2259.491: [GC (Allocation Failure) [PSYoungGen: 66400K->1344K(67072K)] 503885K->438853K(581120K), 0.0017956 secs] [Times: user=0.01 sys=0.00, real=0.00 secs] 
2259.822: [GC (Allocation Failure) [PSYoungGen: 66368K->1312K(67072K)] 503877K->438821K(581120K), 0.0018473 secs] [Times: user=0.01 sys=0.00, real=0.00 secs] 
2260.169: [GC (Allocation Failure) [PSYoungGen: 66336K->1360K(67072K)] 503845K->438869K(581120K), 0.0018584 secs] [Times: user=0.01 sys=0.00, real=0.00 secs] 
2260.534: [GC (Allocation Failure) [PSYoungGen: 66384K->1472K(67072K)] 503893K->438981K(581120K), 0.0015938 secs] [Times: user=0.01 sys=0.00, real=0.00 secs] 
2260.915: [GC (Allocation Failure) [PSYoungGen: 66496K->1520K(67072K)] 504005K->439029K(581120K), 0.0018103 secs] [Times: user=0.01 sys=0.00, real=0.00 secs] 
2261.298: [GC (Allocation Failure) [PSYoungGen: 66544K->1549K(67072K)] 504053K->439059K(581120K), 0.0017093 secs] [Times: user=0.01 sys=0.00, real=0.01 secs] 
2261.681: [GC (Allocation Failure) [PSYoungGen: 66573K->1501K(67072K)] 504083K->439027K(581120K), 0.0016857 secs] [Times: user=0.01 sys=0.00, real=0.00 secs] 
2262.042: [GC (Allocation Failure) [PSYoungGen: 66525K->1376K(67072K)] 504051K->438901K(581120K), 0.0017697 secs] [Times: user=0.01 sys=0.00, real=0.00 secs] 
2262.591: [GC (Allocation Failure) [PSYoungGen: 66400K->1360K(67072K)] 503925K->438885K(581120K), 0.0040329 secs] [Times: user=0.02 sys=0.00, real=0.00 secs] 
2263.125: [GC (Allocation Failure) [PSYoungGen: 66384K->1408K(67072K)] 503909K->438933K(581120K), 0.0034126 secs] [Times: user=0.02 sys=0.00, real=0.01 secs] 
2263.639: [GC (Allocation Failure) [PSYoungGen: 66432K->1376K(67072K)] 503957K->438901K(581120K), 0.0028850 secs] [Times: user=0.01 sys=0.00, real=0.00 secs] 
2264.260: [GC (Allocation Failure) [PSYoungGen: 66400K->1488K(67072K)] 503925K->439013K(581120K), 0.0017426 secs] [Times: user=0.00 sys=0.00, real=0.00 secs] 
2264.648: [GC (Allocation Failure) [PSYoungGen: 66512K->1517K(67072K)] 504037K->439043K(581120K), 0.0017345 secs] [Times: user=0.01 sys=0.00, real=0.01 secs] 
2265.031: [GC (Allocation Failure) [PSYoungGen: 66541K->1549K(67072K)] 504067K->439075K(581120K), 0.0019149 secs] [Times: user=0.01 sys=0.00, real=0.00 secs] 
2265.425: [GC (Allocation Failure) [PSYoungGen: 66573K->1520K(67072K)] 504099K->439053K(581120K), 0.0017172 secs] [Times: user=0.01 sys=0.00, real=0.00 secs] 
2266.059: [GC (Allocation Failure) [PSYoungGen: 66544K->1392K(67072K)] 504077K->438925K(581120K), 0.0024774 secs] [Times: user=0.01 sys=0.00, real=0.00 secs] 
2266.424: [GC (Allocation Failure) [PSYoungGen: 66416K->1376K(67072K)] 503949K->438909K(581120K), 0.0022495 secs] [Times: user=0.00 sys=0.00, real=0.00 secs] 
2266.708: [GC (Allocation Failure) [PSYoungGen: 66400K->1376K(67072K)] 503933K->438909K(581120K), 0.0021348 secs] [Times: user=0.01 sys=0.00, real=0.01 secs] 
2267.037: [GC (Allocation Failure) [PSYoungGen: 66400K->1376K(67072K)] 503933K->438909K(581120K), 0.0022317 secs] [Times: user=0.01 sys=0.00, real=0.01 secs] 
2267.442: [GC (Allocation Failure) [PSYoungGen: 66400K->1472K(67072K)] 503933K->439005K(581120K), 0.0017593 secs] [Times: user=0.01 sys=0.00, real=0.00 secs] 
2267.824: [GC (Allocation Failure) [PSYoungGen: 66496K->1536K(67072K)] 504029K->439069K(581120K), 0.0018488 secs] [Times: user=0.01 sys=0.00, real=0.00 secs] 
2268.207: [GC (Allocation Failure) [PSYoungGen: 66560K->1613K(67072K)] 504093K->439147K(581120K), 0.0017067 secs] [Times: user=0.00 sys=0.00, real=0.00 secs] 
2268.590: [GC (Allocation Failure) [PSYoungGen: 66637K->1613K(67072K)] 504171K->439163K(581120K), 0.0018524 secs] [Times: user=0.00 sys=0.00, real=0.00 secs] 
2269.003: [GC (Allocation Failure) [PSYoungGen: 66637K->1408K(67072K)] 504187K->438973K(581120K), 0.0022132 secs] [Times: user=0.01 sys=0.00, real=0.00 secs] 
2269.354: [GC (Allocation Failure) [PSYoungGen: 66432K->1376K(67072K)] 503997K->438941K(581120K), 0.0020630 secs] [Times: user=0.01 sys=0.00, real=0.00 secs] 
2269.624: [GC (Allocation Failure) [PSYoungGen: 66400K->1312K(67072K)] 503965K->438877K(581120K), 0.0021591 secs] [Times: user=0.01 sys=0.00, real=0.00 secs] 
2269.915: [GC (Allocation Failure) [PSYoungGen: 66336K->1312K(67072K)] 503901K->438877K(581120K), 0.0020757 secs] [Times: user=0.01 sys=0.00, real=0.00 secs] 
2270.367: [GC (Allocation Failure) [PSYoungGen: 66326K->1472K(67072K)] 503891K->439037K(581120K), 0.0017712 secs] [Times: user=0.00 sys=0.00, real=0.01 secs] 
2270.750: [GC (Allocation Failure) [PSYoungGen: 66496K->1549K(67072K)] 504061K->439115K(581120K), 0.0017404 secs] [Times: user=0.01 sys=0.00, real=0.00 secs] 
2271.131: [GC (Allocation Failure) [PSYoungGen: 66553K->1533K(67072K)] 504118K->439099K(581120K), 0.0017172 secs] [Times: user=0.01 sys=0.00, real=0.00 secs] 
2271.513: [GC (Allocation Failure) [PSYoungGen: 66556K->1504K(67072K)] 504122K->439077K(581120K), 0.0016978 secs] [Times: user=0.01 sys=0.00, real=0.00 secs] 
2272.140: [GC (Allocation Failure) [PSYoungGen: 66528K->1424K(67072K)] 504101K->438997K(581120K), 0.0023665 secs] [Times: user=0.01 sys=0.00, real=0.00 secs] 
2272.694: [GC (Allocation Failure) [PSYoungGen: 66448K->1344K(67072K)] 504021K->438917K(581120K), 0.0040931 secs] [Times: user=0.02 sys=0.00, real=0.00 secs] 
2273.232: [GC (Allocation Failure) [PSYoungGen: 66368K->1376K(67072K)] 503941K->438949K(581120K), 0.0028640 secs] [Times: user=0.01 sys=0.00, real=0.00 secs] 
2273.793: [GC (Allocation Failure) [PSYoungGen: 66400K->1344K(67072K)] 503973K->438917K(581120K), 0.0039187 secs] [Times: user=0.01 sys=0.00, real=0.00 secs] 
2274.237: [GC (Allocation Failure) [PSYoungGen: 66368K->1440K(67072K)] 503941K->439013K(581120K), 0.0016044 secs] [Times: user=0.01 sys=0.00, real=0.01 secs] 
2274.735: [GC (Allocation Failure) [PSYoungGen: 66464K->1581K(67072K)] 504037K->439155K(581120K), 0.0021705 secs] [Times: user=0.01 sys=0.00, real=0.00 secs] 
2275.135: [GC (Allocation Failure) [PSYoungGen: 66605K->1536K(67072K)] 504179K->439109K(581120K), 0.0019177 secs] [Times: user=0.01 sys=0.00, real=0.00 secs] 
2275.529: [GC (Allocation Failure) [PSYoungGen: 66560K->1613K(67072K)] 504133K->439195K(581120K), 0.0017919 secs] [Times: user=0.01 sys=0.00, real=0.00 secs] 
2275.893: [GC (Allocation Failure) [PSYoungGen: 66637K->1456K(67072K)] 504219K->439037K(581120K), 0.0030566 secs] [Times: user=0.01 sys=0.00, real=0.00 secs] 
2276.172: [GC (Allocation Failure) [PSYoungGen: 66480K->1376K(67072K)] 504061K->438957K(581120K), 0.0020599 secs] [Times: user=0.01 sys=0.00, real=0.00 secs] 
2276.443: [GC (Allocation Failure) [PSYoungGen: 66400K->1408K(67072K)] 503981K->438989K(581120K), 0.0023603 secs] [Times: user=0.01 sys=0.00, real=0.00 secs] 
2276.714: [GC (Allocation Failure) [PSYoungGen: 66432K->1376K(67072K)] 504013K->438957K(581120K), 0.0021661 secs] [Times: user=0.01 sys=0.00, real=0.00 secs] 
2277.083: [GC (Allocation Failure) [PSYoungGen: 66400K->1392K(67072K)] 503981K->438973K(581120K), 0.0016022 secs] [Times: user=0.01 sys=0.00, real=0.00 secs] 
2277.466: [GC (Allocation Failure) [PSYoungGen: 66416K->1581K(67072K)] 503997K->439163K(581120K), 0.0016937 secs] [Times: user=0.00 sys=0.00, real=0.00 secs] 
2277.848: [GC (Allocation Failure) [PSYoungGen: 66605K->1613K(67072K)] 504187K->439195K(581120K), 0.0016816 secs] [Times: user=0.01 sys=0.00, real=0.01 secs] 
2278.231: [GC (Allocation Failure) [PSYoungGen: 66637K->1581K(67072K)] 504219K->439179K(581120K), 0.0017152 secs] [Times: user=0.00 sys=0.00, real=0.00 secs] 
2278.755: [GC (Allocation Failure) [PSYoungGen: 66605K->1488K(67072K)] 504203K->439101K(581120K), 0.0022342 secs] [Times: user=0.00 sys=0.00, real=0.00 secs] 
2279.370: [GC (Allocation Failure) [PSYoungGen: 66512K->1344K(67072K)] 504125K->438957K(581120K), 0.0025671 secs] [Times: user=0.01 sys=0.00, real=0.00 secs] 
2279.902: [GC (Allocation Failure) [PSYoungGen: 66368K->1344K(67072K)] 503981K->438957K(581120K), 0.0023840 secs] [Times: user=0.01 sys=0.00, real=0.00 secs] 
2280.383: [GC (Allocation Failure) [PSYoungGen: 66368K->1376K(67072K)] 503981K->438989K(581120K), 0.0023530 secs] [Times: user=0.01 sys=0.00, real=0.00 secs] 
2280.985: [GC (Allocation Failure) [PSYoungGen: 66400K->1488K(67072K)] 504013K->439102K(581120K), 0.0021319 secs] [Times: user=0.01 sys=0.00, real=0.00 secs] 
2281.465: [GC (Allocation Failure) [PSYoungGen: 66512K->1565K(67072K)] 504126K->439179K(581120K), 0.0018682 secs] [Times: user=0.01 sys=0.01, real=0.00 secs] 
2281.847: [GC (Allocation Failure) [PSYoungGen: 66589K->1533K(67072K)] 504203K->439147K(581120K), 0.0017686 secs] [Times: user=0.00 sys=0.00, real=0.01 secs] 
2282.292: [GC (Allocation Failure) [PSYoungGen: 66557K->1597K(67072K)] 504171K->439219K(581120K), 0.0017890 secs] [Times: user=0.01 sys=0.00, real=0.00 secs] 
2282.996: [GC (Allocation Failure) [PSYoungGen: 66621K->1472K(67072K)] 504243K->439093K(581120K), 0.0039390 secs] [Times: user=0.01 sys=0.00, real=0.01 secs] 
2283.739: [GC (Allocation Failure) [PSYoungGen: 66496K->1344K(67072K)] 504117K->438965K(581120K), 0.0042072 secs] [Times: user=0.01 sys=0.00, real=0.00 secs] 
2284.407: [GC (Allocation Failure) [PSYoungGen: 66368K->1376K(67072K)] 503989K->438997K(581120K), 0.0033361 secs] [Times: user=0.01 sys=0.00, real=0.01 secs] 
2285.009: [GC (Allocation Failure) [PSYoungGen: 66400K->1408K(67072K)] 504021K->439029K(581120K), 0.0031274 secs] [Times: user=0.01 sys=0.00, real=0.00 secs] 
2285.734: [GC (Allocation Failure) [PSYoungGen: 66432K->1456K(67072K)] 504053K->439078K(581120K), 0.0027849 secs] [Times: user=0.01 sys=0.00, real=0.00 secs] 
2286.193: [GC (Allocation Failure) [PSYoungGen: 66480K->1613K(67072K)] 504102K->439235K(581120K), 0.0016316 secs] [Times: user=0.00 sys=0.00, real=0.00 secs] 
2286.578: [GC (Allocation Failure) [PSYoungGen: 66637K->1504K(67072K)] 504259K->439125K(581120K), 0.0017206 secs] [Times: user=0.01 sys=0.00, real=0.01 secs] 
2286.961: [GC (Allocation Failure) [PSYoungGen: 66528K->1565K(67072K)] 504149K->439195K(581120K), 0.0018305 secs] [Times: user=0.01 sys=0.00, real=0.00 secs] 
2287.557: [GC (Allocation Failure) [PSYoungGen: 66589K->1424K(67072K)] 504219K->439053K(581120K), 0.0028845 secs] [Times: user=0.02 sys=0.00, real=0.01 secs] 
2288.170: [GC (Allocation Failure) [PSYoungGen: 66448K->1376K(67072K)] 504077K->439005K(581120K), 0.0028467 secs] [Times: user=0.01 sys=0.00, real=0.00 secs] 
2288.589: [GC (Allocation Failure) [PSYoungGen: 66400K->1360K(67072K)] 504029K->438989K(581120K), 0.0023646 secs] [Times: user=0.01 sys=0.00, real=0.00 secs] 
2288.957: [GC (Allocation Failure) [PSYoungGen: 66384K->1360K(67072K)] 504013K->438989K(581120K), 0.0022561 secs] [Times: user=0.01 sys=0.00, real=0.01 secs] 
2289.411: [GC (Allocation Failure) [PSYoungGen: 66384K->1456K(67072K)] 504013K->439086K(581120K), 0.0019449 secs] [Times: user=0.01 sys=0.00, real=0.00 secs] 
2289.802: [GC (Allocation Failure) [PSYoungGen: 66480K->1581K(67072K)] 504110K->439211K(581120K), 0.0017281 secs] [Times: user=0.01 sys=0.00, real=0.00 secs] 
2290.184: [GC (Allocation Failure) [PSYoungGen: 66590K->1520K(67072K)] 504220K->439149K(581120K), 0.0016785 secs] [Times: user=0.01 sys=0.00, real=0.00 secs] 
2290.568: [GC (Allocation Failure) [PSYoungGen: 66544K->1520K(67072K)] 504173K->439173K(581120K), 0.0016881 secs] [Times: user=0.01 sys=0.00, real=0.01 secs] 
2291.060: [GC (Allocation Failure) [PSYoungGen: 66544K->1456K(67072K)] 504197K->439109K(581120K), 0.0021754 secs] [Times: user=0.01 sys=0.00, real=0.00 secs] 
2291.629: [GC (Allocation Failure) [PSYoungGen: 66480K->1344K(67072K)] 504133K->438997K(581120K), 0.0021759 secs] [Times: user=0.01 sys=0.00, real=0.00 secs] 
2292.196: [GC (Allocation Failure) [PSYoungGen: 66368K->1376K(67072K)] 504021K->439029K(581120K), 0.0027874 secs] [Times: user=0.01 sys=0.00, real=0.00 secs] 
2292.948: [GC (Allocation Failure) [PSYoungGen: 66400K->1376K(67072K)] 504053K->439029K(581120K), 0.0042775 secs] [Times: user=0.02 sys=0.01, real=0.01 secs] 
2293.506: [GC (Allocation Failure) [PSYoungGen: 66323K->288K(67072K)] 503976K->437941K(581120K), 0.0030013 secs] [Times: user=0.01 sys=0.00, real=0.01 secs] 
2294.031: [GC (Allocation Failure) [PSYoungGen: 65286K->1597K(67072K)] 502940K->439251K(581120K), 0.0017127 secs] [Times: user=0.01 sys=0.00, real=0.00 secs] 
2294.414: [GC (Allocation Failure) [PSYoungGen: 66621K->1533K(67072K)] 504275K->439187K(581120K), 0.0018538 secs] [Times: user=0.00 sys=0.00, real=0.00 secs] 
2294.801: [GC (Allocation Failure) [PSYoungGen: 66557K->1533K(67072K)] 504211K->439203K(581120K), 0.0018851 secs] [Times: user=0.01 sys=0.00, real=0.00 secs] 
2295.186: [GC (Allocation Failure) [PSYoungGen: 66557K->1472K(67072K)] 504227K->439141K(581120K), 0.0022002 secs] [Times: user=0.01 sys=0.00, real=0.00 secs] 
2295.458: [GC (Allocation Failure) [PSYoungGen: 66496K->1360K(67072K)] 504165K->439029K(581120K), 0.0022562 secs] [Times: user=0.01 sys=0.00, real=0.01 secs] 
2295.749: [GC (Allocation Failure) [PSYoungGen: 66384K->1312K(67072K)] 504053K->438989K(581120K), 0.0020543 secs] [Times: user=0.01 sys=0.00, real=0.00 secs] 
2296.422: [GC (Allocation Failure) [PSYoungGen: 66336K->1376K(67072K)] 504013K->439053K(581120K), 0.0023034 secs] [Times: user=0.01 sys=0.00, real=0.00 secs] 
2297.145: [GC (Allocation Failure) [PSYoungGen: 66400K->1360K(67072K)] 504077K->439037K(581120K), 0.0044415 secs] [Times: user=0.02 sys=0.00, real=0.01 secs] 
2297.735: [GC (Allocation Failure) [PSYoungGen: 66384K->1520K(67072K)] 504061K->439197K(581120K), 0.0017628 secs] [Times: user=0.00 sys=0.00, real=0.00 secs] 
2298.119: [GC (Allocation Failure) [PSYoungGen: 66544K->1565K(67072K)] 504221K->439243K(581120K), 0.0017163 secs] [Times: user=0.00 sys=0.00, real=0.00 secs] 
2298.502: [GC (Allocation Failure) [PSYoungGen: 66589K->1581K(67072K)] 504267K->439275K(581120K), 0.0017226 secs] [Times: user=0.01 sys=0.00, real=0.00 secs] 
2298.954: [GC (Allocation Failure) [PSYoungGen: 66605K->1504K(67072K)] 504299K->439197K(581120K), 0.0022012 secs] [Times: user=0.00 sys=0.01, real=0.00 secs] 
2299.224: [GC (Allocation Failure) [PSYoungGen: 66528K->1344K(67072K)] 504221K->439037K(581120K), 0.0020472 secs] [Times: user=0.00 sys=0.00, real=0.00 secs] 
2299.494: [GC (Allocation Failure) [PSYoungGen: 66368K->1296K(67072K)] 504061K->439005K(581120K), 0.0020926 secs] [Times: user=0.01 sys=0.00, real=0.00 secs] 
2299.764: [GC (Allocation Failure) [PSYoungGen: 66320K->1376K(67072K)] 504029K->439085K(581120K), 0.0018323 secs] [Times: user=0.01 sys=0.00, real=0.00 secs] 
2300.154: [GC (Allocation Failure) [PSYoungGen: 66400K->1312K(67072K)] 504109K->439021K(581120K), 0.0020909 secs] [Times: user=0.01 sys=0.00, real=0.00 secs] 
2300.594: [GC (Allocation Failure) [PSYoungGen: 66336K->1565K(67072K)] 504045K->439275K(581120K), 0.0016733 secs] [Times: user=0.01 sys=0.00, real=0.00 secs] 
2301.039: [GC (Allocation Failure) [PSYoungGen: 66589K->1613K(67072K)] 504299K->439323K(581120K), 0.0017861 secs] [Times: user=0.00 sys=0.00, real=0.00 secs] 
2301.421: [GC (Allocation Failure) [PSYoungGen: 66607K->1565K(67072K)] 504316K->439283K(581120K), 0.0017792 secs] [Times: user=0.00 sys=0.00, real=0.00 secs] 
2301.889: [GC (Allocation Failure) [PSYoungGen: 66589K->2016K(67072K)] 504307K->439733K(581120K), 0.0023072 secs] [Times: user=0.01 sys=0.00, real=0.00 secs] 
2302.945: [GC (Allocation Failure) [PSYoungGen: 67040K->1344K(67072K)] 504757K->439061K(581120K), 0.0048331 secs] [Times: user=0.02 sys=0.01, real=0.01 secs] 
2303.659: [GC (Allocation Failure) [PSYoungGen: 66368K->1344K(67072K)] 504085K->439061K(581120K), 0.0031791 secs] [Times: user=0.01 sys=0.00, real=0.00 secs] 
2304.246: [GC (Allocation Failure) [PSYoungGen: 66368K->1408K(67072K)] 504085K->439125K(581120K), 0.0031227 secs] [Times: user=0.01 sys=0.00, real=0.00 secs] 
2304.735: [GC (Allocation Failure) [PSYoungGen: 66432K->1344K(67072K)] 504149K->439061K(581120K), 0.0038933 secs] [Times: user=0.02 sys=0.00, real=0.01 secs] 
2305.313: [GC (Allocation Failure) [PSYoungGen: 66368K->1469K(67072K)] 504085K->439187K(581120K), 0.0017048 secs] [Times: user=0.01 sys=0.00, real=0.00 secs] 
2305.694: [GC (Allocation Failure) [PSYoungGen: 66493K->1565K(67072K)] 504211K->439283K(581120K), 0.0017364 secs] [Times: user=0.01 sys=0.00, real=0.00 secs] 
2306.144: [GC (Allocation Failure) [PSYoungGen: 66589K->1565K(67072K)] 504307K->439291K(581120K), 0.0016118 secs] [Times: user=0.01 sys=0.00, real=0.00 secs] 
2306.570: [GC (Allocation Failure) [PSYoungGen: 66589K->1792K(67072K)] 504315K->439517K(581120K), 0.0021758 secs] [Times: user=0.01 sys=0.00, real=0.00 secs] 
2307.475: [GC (Allocation Failure) [PSYoungGen: 66816K->1344K(67072K)] 504541K->439069K(581120K), 0.0033888 secs] [Times: user=0.01 sys=0.00, real=0.00 secs] 
2308.250: [GC (Allocation Failure) [PSYoungGen: 66368K->1360K(67072K)] 504093K->439085K(581120K), 0.0037767 secs] [Times: user=0.02 sys=0.00, real=0.00 secs] 
2308.949: [GC (Allocation Failure) [PSYoungGen: 66384K->1376K(67072K)] 504109K->439101K(581120K), 0.0036850 secs] [Times: user=0.02 sys=0.00, real=0.00 secs] 
2309.682: [GC (Allocation Failure) [PSYoungGen: 66400K->1376K(67072K)] 504125K->439101K(581120K), 0.0030432 secs] [Times: user=0.01 sys=0.00, real=0.00 secs] 
2310.429: [GC (Allocation Failure) [PSYoungGen: 66400K->1533K(67072K)] 504125K->439259K(581120K), 0.0017589 secs] [Times: user=0.01 sys=0.00, real=0.01 secs] 
2310.812: [GC (Allocation Failure) [PSYoungGen: 66557K->1549K(67072K)] 504283K->439275K(581120K), 0.0020393 secs] [Times: user=0.00 sys=0.00, real=0.00 secs] 
2311.250: [GC (Allocation Failure) [PSYoungGen: 66571K->1536K(67072K)] 504297K->439269K(581120K), 0.0017179 secs] [Times: user=0.00 sys=0.00, real=0.00 secs] 
2311.702: [GC (Allocation Failure) [PSYoungGen: 66560K->1504K(67072K)] 504293K->439261K(581120K), 0.0019952 secs] [Times: user=0.00 sys=0.00, real=0.00 secs] 
2312.239: [GC (Allocation Failure) [PSYoungGen: 66528K->1312K(67072K)] 504285K->439069K(581120K), 0.0030352 secs] [Times: user=0.01 sys=0.00, real=0.00 secs] 
2312.547: [GC (Allocation Failure) [PSYoungGen: 66336K->1344K(67072K)] 504093K->439101K(581120K), 0.0022624 secs] [Times: user=0.01 sys=0.00, real=0.01 secs] 
2312.833: [GC (Allocation Failure) [PSYoungGen: 66368K->1344K(67072K)] 504125K->439101K(581120K), 0.0024809 secs] [Times: user=0.01 sys=0.00, real=0.00 secs] 
2313.198: [GC (Allocation Failure) [PSYoungGen: 66368K->1344K(67072K)] 504125K->439101K(581120K), 0.0022870 secs] [Times: user=0.01 sys=0.00, real=0.01 secs] 
2313.566: [GC (Allocation Failure) [PSYoungGen: 66368K->1504K(67072K)] 504125K->439261K(581120K), 0.0018893 secs] [Times: user=0.01 sys=0.00, real=0.00 secs] 
2313.948: [GC (Allocation Failure) [PSYoungGen: 66528K->1565K(67072K)] 504285K->439323K(581120K), 0.0018507 secs] [Times: user=0.01 sys=0.00, real=0.01 secs] 
2314.393: [GC (Allocation Failure) [PSYoungGen: 66589K->1533K(67072K)] 504347K->439299K(581120K), 0.0019348 secs] [Times: user=0.01 sys=0.00, real=0.00 secs] 
2314.780: [GC (Allocation Failure) [PSYoungGen: 66557K->1533K(67072K)] 504323K->439299K(581120K), 0.0018881 secs] [Times: user=0.01 sys=0.00, real=0.00 secs] 
2316.035: [GC (Allocation Failure) [PSYoungGen: 66557K->1376K(67072K)] 504323K->439141K(581120K), 0.0050760 secs] [Times: user=0.03 sys=0.00, real=0.01 secs] 
2316.940: [GC (Allocation Failure) [PSYoungGen: 66400K->1376K(67072K)] 504165K->439141K(581120K), 0.0050399 secs] [Times: user=0.02 sys=0.00, real=0.00 secs] 
2317.673: [GC (Allocation Failure) [PSYoungGen: 66400K->1408K(67072K)] 504165K->439173K(581120K), 0.0027751 secs] [Times: user=0.01 sys=0.00, real=0.00 secs] 
2317.952: [GC (Allocation Failure) [PSYoungGen: 66432K->1360K(67072K)] 504197K->439133K(581120K), 0.0021540 secs] [Times: user=0.01 sys=0.00, real=0.00 secs] 
2318.352: [GC (Allocation Failure) [PSYoungGen: 66384K->1488K(67072K)] 504157K->439262K(581120K), 0.0018089 secs] [Times: user=0.01 sys=0.00, real=0.00 secs] 
2318.733: [GC (Allocation Failure) [PSYoungGen: 66512K->1536K(67072K)] 504286K->439309K(581120K), 0.0017746 secs] [Times: user=0.00 sys=0.00, real=0.00 secs] 
2319.116: [GC (Allocation Failure) [PSYoungGen: 66560K->1581K(67072K)] 504333K->439371K(581120K), 0.0017009 secs] [Times: user=0.01 sys=0.00, real=0.00 secs] 
2319.500: [GC (Allocation Failure) [PSYoungGen: 66605K->1533K(67072K)] 504395K->439323K(581120K), 0.0017515 secs] [Times: user=0.01 sys=0.00, real=0.00 secs] 
2320.175: [GC (Allocation Failure) [PSYoungGen: 66557K->1408K(67072K)] 504347K->439213K(581120K), 0.0043556 secs] [Times: user=0.01 sys=0.00, real=0.01 secs] 
2320.765: [GC (Allocation Failure) [PSYoungGen: 66432K->1344K(67072K)] 504237K->439149K(581120K), 0.0025685 secs] [Times: user=0.02 sys=0.00, real=0.00 secs] 
2321.303: [GC (Allocation Failure) [PSYoungGen: 66368K->1376K(67072K)] 504173K->439181K(581120K), 0.0028210 secs] [Times: user=0.01 sys=0.00, real=0.00 secs] 
2321.689: [GC (Allocation Failure) [PSYoungGen: 66400K->1376K(67072K)] 504205K->439181K(581120K), 0.0022013 secs] [Times: user=0.01 sys=0.00, real=0.01 secs] 
2322.086: [GC (Allocation Failure) [PSYoungGen: 66400K->1472K(67072K)] 504205K->439277K(581120K), 0.0017107 secs] [Times: user=0.01 sys=0.00, real=0.00 secs] 
2322.470: [GC (Allocation Failure) [PSYoungGen: 66496K->1549K(67072K)] 504301K->439355K(581120K), 0.0017775 secs] [Times: user=0.01 sys=0.00, real=0.00 secs] 
2322.915: [GC (Allocation Failure) [PSYoungGen: 66573K->1597K(67072K)] 504379K->439403K(581120K), 0.0018090 secs] [Times: user=0.01 sys=0.00, real=0.00 secs] 
2323.297: [GC (Allocation Failure) [PSYoungGen: 66621K->1520K(67072K)] 504427K->439333K(581120K), 0.0017176 secs] [Times: user=0.00 sys=0.00, real=0.01 secs] 
2323.679: [GC (Allocation Failure) [PSYoungGen: 66544K->1376K(67072K)] 504357K->439189K(581120K), 0.0023703 secs] [Times: user=0.01 sys=0.00, real=0.00 secs] 
2324.002: [GC (Allocation Failure) [PSYoungGen: 66400K->1344K(67072K)] 504213K->439157K(581120K), 0.0020818 secs] [Times: user=0.01 sys=0.00, real=0.00 secs] 
2324.327: [GC (Allocation Failure) [PSYoungGen: 66368K->1344K(67072K)] 504181K->439157K(581120K), 0.0018969 secs] [Times: user=0.01 sys=0.00, real=0.01 secs] 
2324.607: [GC (Allocation Failure) [PSYoungGen: 66368K->1344K(67072K)] 504181K->439157K(581120K), 0.0019127 secs] [Times: user=0.00 sys=0.00, real=0.00 secs] 
2325.012: [GC (Allocation Failure) [PSYoungGen: 66368K->1488K(67072K)] 504181K->439301K(581120K), 0.0017375 secs] [Times: user=0.00 sys=0.00, real=0.00 secs] 
2325.395: [GC (Allocation Failure) [PSYoungGen: 66512K->1520K(67072K)] 504325K->439333K(581120K), 0.0018030 secs] [Times: user=0.01 sys=0.00, real=0.00 secs] 
2325.779: [GC (Allocation Failure) [PSYoungGen: 66544K->1552K(67072K)] 504357K->439366K(581120K), 0.0018306 secs] [Times: user=0.01 sys=0.00, real=0.00 secs] 
2326.162: [GC (Allocation Failure) [PSYoungGen: 66576K->1549K(67072K)] 504390K->439371K(581120K), 0.0017505 secs] [Times: user=0.01 sys=0.00, real=0.00 secs] 
2326.490: [GC (Allocation Failure) [PSYoungGen: 66573K->1440K(67072K)] 504395K->439261K(581120K), 0.0018314 secs] [Times: user=0.01 sys=0.00, real=0.00 secs] 
2326.759: [GC (Allocation Failure) [PSYoungGen: 66464K->1344K(67072K)] 504285K->439165K(581120K), 0.0016882 secs] [Times: user=0.01 sys=0.00, real=0.00 secs] 
2327.029: [GC (Allocation Failure) [PSYoungGen: 66368K->1312K(67072K)] 504189K->439133K(581120K), 0.0021988 secs] [Times: user=0.01 sys=0.00, real=0.00 secs] 
2327.309: [GC (Allocation Failure) [PSYoungGen: 66336K->1408K(67072K)] 504157K->439229K(581120K), 0.0024717 secs] [Times: user=0.01 sys=0.00, real=0.00 secs] 
2327.676: [GC (GCLocker Initiated GC) [PSYoungGen: 66432K->1456K(67072K)] 504254K->439302K(581120K), 0.0016442 secs] [Times: user=0.01 sys=0.00, real=0.00 secs] 
2328.062: [GC (Allocation Failure) [PSYoungGen: 66480K->1440K(67072K)] 504551K->439511K(581120K), 0.0017690 secs] [Times: user=0.00 sys=0.00, real=0.00 secs] 
2328.506: [GC (Allocation Failure) [PSYoungGen: 66464K->1581K(67072K)] 504535K->439652K(581120K), 0.0020223 secs] [Times: user=0.01 sys=0.00, real=0.00 secs] 
2328.889: [GC (Allocation Failure) [PSYoungGen: 66605K->1581K(67072K)] 504676K->439668K(581120K), 0.0017450 secs] [Times: user=0.00 sys=0.00, real=0.00 secs] 
2330.488: [GC (Allocation Failure) [PSYoungGen: 66605K->1472K(67072K)] 504692K->439559K(581120K), 0.0046022 secs] [Times: user=0.02 sys=0.00, real=0.01 secs] 
2331.435: [GC (Allocation Failure) [PSYoungGen: 66496K->1440K(67072K)] 504583K->439527K(581120K), 0.0042913 secs] [Times: user=0.02 sys=0.00, real=0.01 secs] 
2331.855: [GC (Allocation Failure) [PSYoungGen: 66464K->1488K(67072K)] 504551K->439575K(581120K), 0.0022954 secs] [Times: user=0.01 sys=0.00, real=0.00 secs] 
2332.117: [GC (Allocation Failure) [PSYoungGen: 66512K->1440K(67072K)] 504599K->439527K(581120K), 0.0020044 secs] [Times: user=0.01 sys=0.00, real=0.01 secs] 
2332.502: [GC (Allocation Failure) [PSYoungGen: 66464K->1568K(67072K)] 504551K->439655K(581120K), 0.0017031 secs] [Times: user=0.01 sys=0.00, real=0.00 secs] 
2332.886: [GC (Allocation Failure) [PSYoungGen: 66592K->1645K(67072K)] 504679K->439732K(581120K), 0.0016847 secs] [Times: user=0.01 sys=0.00, real=0.00 secs] 
2333.269: [GC (Allocation Failure) [PSYoungGen: 66669K->1645K(67072K)] 504756K->439732K(581120K), 0.0017168 secs] [Times: user=0.01 sys=0.00, real=0.00 secs] 
2333.651: [GC (Allocation Failure) [PSYoungGen: 66669K->1661K(67072K)] 504756K->439780K(581120K), 0.0017343 secs] [Times: user=0.01 sys=0.00, real=0.00 secs] 
2334.017: [GC (Allocation Failure) [PSYoungGen: 66685K->1536K(67072K)] 504804K->439655K(581120K), 0.0019515 secs] [Times: user=0.01 sys=0.00, real=0.00 secs] 
2334.388: [GC (Allocation Failure) [PSYoungGen: 66560K->1472K(67072K)] 504679K->439591K(581120K), 0.0019223 secs] [Times: user=0.00 sys=0.00, real=0.01 secs] 
2334.667: [GC (Allocation Failure) [PSYoungGen: 66496K->1472K(67072K)] 504615K->439591K(581120K), 0.0021557 secs] [Times: user=0.01 sys=0.00, real=0.01 secs] 
2334.937: [GC (Allocation Failure) [PSYoungGen: 66496K->1376K(67072K)] 504615K->439543K(581120K), 0.0019699 secs] [Times: user=0.01 sys=0.00, real=0.01 secs] 
2335.286: [GC (Allocation Failure) [PSYoungGen: 66400K->1472K(67072K)] 504567K->439679K(581120K), 0.0016298 secs] [Times: user=0.01 sys=0.00, real=0.00 secs] 
2335.667: [GC (Allocation Failure) [PSYoungGen: 66496K->1565K(67072K)] 504703K->439772K(581120K), 0.0017260 secs] [Times: user=0.00 sys=0.00, real=0.01 secs] 
2336.050: [GC (Allocation Failure) [PSYoungGen: 66589K->1533K(67072K)] 504796K->439740K(581120K), 0.0018053 secs] [Times: user=0.01 sys=0.00, real=0.00 secs] 
2336.434: [GC (Allocation Failure) [PSYoungGen: 66557K->1520K(67072K)] 504764K->439743K(581120K), 0.0017356 secs] [Times: user=0.01 sys=0.00, real=0.00 secs] 
2337.028: [GC (Allocation Failure) [PSYoungGen: 66544K->1408K(67072K)] 504767K->439631K(581120K), 0.0020647 secs] [Times: user=0.01 sys=0.00, real=0.01 secs] 
2337.309: [GC (Allocation Failure) [PSYoungGen: 66432K->1344K(67072K)] 504655K->439567K(581120K), 0.0024534 secs] [Times: user=0.01 sys=0.00, real=0.01 secs] 
2337.860: [GC (Allocation Failure) [PSYoungGen: 66368K->1376K(67072K)] 504591K->439599K(581120K), 0.0030376 secs] [Times: user=0.02 sys=0.00, real=0.00 secs] 
2338.406: [GC (Allocation Failure) [PSYoungGen: 66400K->1344K(67072K)] 504623K->439591K(581120K), 0.0033446 secs] [Times: user=0.01 sys=0.00, real=0.01 secs] 
2339.119: [GC (Allocation Failure) [PSYoungGen: 66368K->1440K(67072K)] 504615K->439687K(581120K), 0.0017810 secs] [Times: user=0.01 sys=0.00, real=0.00 secs] 
2339.564: [GC (Allocation Failure) [PSYoungGen: 66464K->1584K(67072K)] 504711K->439831K(581120K), 0.0017847 secs] [Times: user=0.01 sys=0.00, real=0.00 secs] 
2339.949: [GC (Allocation Failure) [PSYoungGen: 66593K->1565K(67072K)] 504841K->439812K(581120K), 0.0017716 secs] [Times: user=0.01 sys=0.00, real=0.00 secs] 
2340.331: [GC (Allocation Failure) [PSYoungGen: 66589K->1504K(67072K)] 504836K->439759K(581120K), 0.0019213 secs] [Times: user=0.01 sys=0.00, real=0.00 secs] 
2340.666: [GC (Allocation Failure) [PSYoungGen: 66528K->1424K(67072K)] 504783K->439679K(581120K), 0.0029805 secs] [Times: user=0.02 sys=0.00, real=0.01 secs] 
2340.951: [GC (Allocation Failure) [PSYoungGen: 66448K->1328K(67072K)] 504703K->439583K(581120K), 0.0022005 secs] [Times: user=0.00 sys=0.00, real=0.00 secs] 
2341.255: [GC (Allocation Failure) [PSYoungGen: 66352K->1328K(67072K)] 504607K->439583K(581120K), 0.0021787 secs] [Times: user=0.01 sys=0.00, real=0.00 secs] 
2341.926: [GC (Allocation Failure) [PSYoungGen: 66352K->1344K(67072K)] 504607K->439599K(581120K), 0.0022651 secs] [Times: user=0.01 sys=0.00, real=0.00 secs] 
2342.640: [GC (Allocation Failure) [PSYoungGen: 66368K->1472K(67072K)] 504623K->439727K(581120K), 0.0016018 secs] [Times: user=0.00 sys=0.00, real=0.00 secs] 
2343.024: [GC (Allocation Failure) [PSYoungGen: 66496K->1565K(67072K)] 504751K->439820K(581120K), 0.0017101 secs] [Times: user=0.01 sys=0.00, real=0.00 secs] 
2343.406: [GC (Allocation Failure) [PSYoungGen: 66589K->1597K(67072K)] 504844K->439852K(581120K), 0.0016806 secs] [Times: user=0.01 sys=0.00, real=0.00 secs] 
2343.788: [GC (Allocation Failure) [PSYoungGen: 66606K->1565K(67072K)] 504862K->439828K(581120K), 0.0017309 secs] [Times: user=0.01 sys=0.00, real=0.01 secs] 
2344.945: [GC (Allocation Failure) [PSYoungGen: 66589K->1424K(67072K)] 504852K->439687K(581120K), 0.0031989 secs] [Times: user=0.01 sys=0.00, real=0.00 secs] 
2345.473: [GC (Allocation Failure) [PSYoungGen: 66448K->1360K(67072K)] 504711K->439623K(581120K), 0.0028092 secs] [Times: user=0.01 sys=0.00, real=0.00 secs] 
2346.005: [GC (Allocation Failure) [PSYoungGen: 66384K->1360K(67072K)] 504647K->439623K(581120K), 0.0025419 secs] [Times: user=0.01 sys=0.00, real=0.00 secs] 
2346.378: [GC (Allocation Failure) [PSYoungGen: 66384K->1344K(67072K)] 504647K->439607K(581120K), 0.0019861 secs] [Times: user=0.00 sys=0.00, real=0.01 secs] 
2346.726: [GC (Allocation Failure) [PSYoungGen: 66368K->1424K(67072K)] 504631K->439687K(581120K), 0.0017347 secs] [Times: user=0.00 sys=0.00, real=0.00 secs] 
2347.113: [GC (Allocation Failure) [PSYoungGen: 66448K->1549K(67072K)] 504711K->439812K(581120K), 0.0017626 secs] [Times: user=0.01 sys=0.00, real=0.00 secs] 
2347.501: [GC (Allocation Failure) [PSYoungGen: 66573K->1565K(67072K)] 504836K->439828K(581120K), 0.0017157 secs] [Times: user=0.00 sys=0.00, real=0.00 secs] 
2347.884: [GC (Allocation Failure) [PSYoungGen: 66589K->1549K(67072K)] 504852K->439820K(581120K), 0.0017991 secs] [Times: user=0.00 sys=0.00, real=0.00 secs] 
2348.489: [GC (Allocation Failure) [PSYoungGen: 66573K->1440K(67072K)] 504844K->439711K(581120K), 0.0023660 secs] [Times: user=0.00 sys=0.00, real=0.01 secs] 
2349.182: [GC (Allocation Failure) [PSYoungGen: 66464K->1376K(67072K)] 504735K->439647K(581120K), 0.0023788 secs] [Times: user=0.01 sys=0.00, real=0.00 secs] 
2349.724: [GC (Allocation Failure) [PSYoungGen: 66400K->1344K(67072K)] 504671K->439615K(581120K), 0.0025148 secs] [Times: user=0.01 sys=0.00, real=0.00 secs] 
2350.008: [GC (Allocation Failure) [PSYoungGen: 66368K->1344K(67072K)] 504639K->439631K(581120K), 0.0022800 secs] [Times: user=0.01 sys=0.00, real=0.01 secs] 
2350.368: [GC (Allocation Failure) [PSYoungGen: 66368K->1424K(67072K)] 504655K->439711K(581120K), 0.0016914 secs] [Times: user=0.01 sys=0.00, real=0.01 secs] 
2350.750: [GC (Allocation Failure) [PSYoungGen: 66448K->1504K(67072K)] 504735K->439791K(581120K), 0.0018531 secs] [Times: user=0.01 sys=0.00, real=0.00 secs] 
2351.133: [GC (Allocation Failure) [PSYoungGen: 66528K->1536K(67072K)] 504815K->439823K(581120K), 0.0017638 secs] [Times: user=0.00 sys=0.00, real=0.00 secs] 
2351.517: [GC (Allocation Failure) [PSYoungGen: 66560K->1549K(67072K)] 504847K->439852K(581120K), 0.0018468 secs] [Times: user=0.01 sys=0.00, real=0.01 secs] 
2351.891: [GC (Allocation Failure) [PSYoungGen: 66573K->1424K(67072K)] 504876K->439727K(581120K), 0.0021347 secs] [Times: user=0.01 sys=0.00, real=0.00 secs] 
2352.161: [GC (Allocation Failure) [PSYoungGen: 66448K->1344K(67072K)] 504751K->439647K(581120K), 0.0018618 secs] [Times: user=0.01 sys=0.00, real=0.00 secs] 
2352.468: [GC (Allocation Failure) [PSYoungGen: 66368K->1344K(67072K)] 504671K->439647K(581120K), 0.0029184 secs] [Times: user=0.01 sys=0.00, real=0.01 secs] 
2352.734: [GC (Allocation Failure) [PSYoungGen: 66368K->1376K(67072K)] 504671K->439679K(581120K), 0.0022393 secs] [Times: user=0.01 sys=0.00, real=0.00 secs] 
2353.161: [GC (Allocation Failure) [PSYoungGen: 66382K->1456K(67072K)] 504685K->439759K(581120K), 0.0018413 secs] [Times: user=0.01 sys=0.00, real=0.00 secs] 
2353.545: [GC (Allocation Failure) [PSYoungGen: 66480K->1533K(67072K)] 504783K->439836K(581120K), 0.0019004 secs] [Times: user=0.00 sys=0.00, real=0.00 secs] 
2353.928: [GC (Allocation Failure) [PSYoungGen: 66557K->1565K(67072K)] 504860K->439868K(581120K), 0.0018320 secs] [Times: user=0.01 sys=0.00, real=0.01 secs] 
2354.311: [GC (Allocation Failure) [PSYoungGen: 66589K->1581K(67072K)] 504892K->439892K(581120K), 0.0018160 secs] [Times: user=0.01 sys=0.00, real=0.00 secs] 
2354.823: [GC (Allocation Failure) [PSYoungGen: 66605K->1456K(67072K)] 504916K->439767K(581120K), 0.0020052 secs] [Times: user=0.01 sys=0.00, real=0.00 secs] 
2355.366: [GC (Allocation Failure) [PSYoungGen: 66480K->1376K(67072K)] 504791K->439687K(581120K), 0.0028010 secs] [Times: user=0.01 sys=0.00, real=0.01 secs] 
2355.895: [GC (Allocation Failure) [PSYoungGen: 66400K->1344K(67072K)] 504711K->439655K(581120K), 0.0028676 secs] [Times: user=0.01 sys=0.00, real=0.00 secs] 
2356.416: [GC (Allocation Failure) [PSYoungGen: 66368K->1344K(67072K)] 504679K->439655K(581120K), 0.0028016 secs] [Times: user=0.01 sys=0.00, real=0.01 secs] 
2356.798: [GC (Allocation Failure) [PSYoungGen: 66368K->1456K(67072K)] 504679K->439767K(581120K), 0.0020253 secs] [Times: user=0.01 sys=0.00, real=0.01 secs] 
2357.256: [GC (Allocation Failure) [PSYoungGen: 66480K->1533K(67072K)] 504791K->439844K(581120K), 0.0017521 secs] [Times: user=0.00 sys=0.00, real=0.00 secs] 
2357.647: [GC (Allocation Failure) [PSYoungGen: 66557K->1581K(67072K)] 504868K->439892K(581120K), 0.0017429 secs] [Times: user=0.01 sys=0.00, real=0.01 secs] 
2358.029: [GC (Allocation Failure) [PSYoungGen: 66595K->1536K(67072K)] 504907K->439855K(581120K), 0.0017589 secs] [Times: user=0.01 sys=0.00, real=0.00 secs] 
2358.486: [GC (Allocation Failure) [PSYoungGen: 66560K->1424K(67072K)] 504879K->439743K(581120K), 0.0033949 secs] [Times: user=0.02 sys=0.00, real=0.01 secs] 
2358.804: [GC (Allocation Failure) [PSYoungGen: 66448K->1344K(67072K)] 504767K->439671K(581120K), 0.0021851 secs] [Times: user=0.01 sys=0.01, real=0.00 secs] 
2359.099: [GC (Allocation Failure) [PSYoungGen: 66368K->1360K(67072K)] 504695K->439687K(581120K), 0.0020177 secs] [Times: user=0.01 sys=0.00, real=0.01 secs] 
2359.385: [GC (Allocation Failure) [PSYoungGen: 66384K->1344K(67072K)] 504711K->439671K(581120K), 0.0019884 secs] [Times: user=0.01 sys=0.00, real=0.00 secs] 
2359.692: [GC (Allocation Failure) [PSYoungGen: 66368K->1440K(67072K)] 504695K->439767K(581120K), 0.0016988 secs] [Times: user=0.01 sys=0.00, real=0.00 secs] 
2360.140: [GC (Allocation Failure) [PSYoungGen: 66464K->1501K(67072K)] 504791K->439828K(581120K), 0.0017907 secs] [Times: user=0.00 sys=0.00, real=0.00 secs] 
2360.522: [GC (Allocation Failure) [PSYoungGen: 66525K->1501K(67072K)] 504852K->439828K(581120K), 0.0018058 secs] [Times: user=0.01 sys=0.00, real=0.00 secs] 
2360.903: [GC (Allocation Failure) [PSYoungGen: 66517K->1501K(67072K)] 504844K->439836K(581120K), 0.0017886 secs] [Times: user=0.01 sys=0.00, real=0.00 secs] 
2362.367: [GC (Allocation Failure) [PSYoungGen: 66525K->1440K(67072K)] 504860K->439775K(581120K), 0.0048102 secs] [Times: user=0.02 sys=0.00, real=0.01 secs] 
2363.382: [GC (Allocation Failure) [PSYoungGen: 66464K->1376K(67072K)] 504799K->439711K(581120K), 0.0033052 secs] [Times: user=0.01 sys=0.00, real=0.00 secs] 
2363.909: [GC (Allocation Failure) [PSYoungGen: 66400K->1376K(67072K)] 504735K->439711K(581120K), 0.0028874 secs] [Times: user=0.01 sys=0.00, real=0.01 secs] 
2364.466: [GC (Allocation Failure) [PSYoungGen: 66400K->1376K(67072K)] 504735K->439711K(581120K), 0.0030452 secs] [Times: user=0.01 sys=0.00, real=0.01 secs] 
2365.081: [GC (Allocation Failure) [PSYoungGen: 66400K->1453K(67072K)] 504735K->439788K(581120K), 0.0052504 secs] [Times: user=0.02 sys=0.00, real=0.00 secs] 
2365.603: [GC (Allocation Failure) [PSYoungGen: 66477K->1597K(67072K)] 504812K->439932K(581120K), 0.0019744 secs] [Times: user=0.01 sys=0.00, real=0.00 secs] 
2365.984: [GC (Allocation Failure) [PSYoungGen: 66609K->1565K(67072K)] 504944K->439900K(581120K), 0.0018637 secs] [Times: user=0.01 sys=0.00, real=0.00 secs] 
2366.366: [GC (Allocation Failure) [PSYoungGen: 66589K->1597K(67072K)] 504924K->439948K(581120K), 0.0017438 secs] [Times: user=0.00 sys=0.00, real=0.00 secs] 
2366.761: [GC (Allocation Failure) [PSYoungGen: 66621K->1456K(67072K)] 504972K->439807K(581120K), 0.0023256 secs] [Times: user=0.01 sys=0.00, real=0.00 secs] 
2367.059: [GC (Allocation Failure) [PSYoungGen: 66480K->1360K(67072K)] 504831K->439711K(581120K), 0.0022896 secs] [Times: user=0.01 sys=0.00, real=0.00 secs] 
2367.390: [GC (Allocation Failure) [PSYoungGen: 66384K->1344K(67072K)] 504735K->439695K(581120K), 0.0019353 secs] [Times: user=0.01 sys=0.00, real=0.00 secs] 
2367.662: [GC (Allocation Failure) [PSYoungGen: 66368K->1360K(67072K)] 504719K->439711K(581120K), 0.0019633 secs] [Times: user=0.01 sys=0.00, real=0.00 secs] 
2367.961: [GC (Allocation Failure) [PSYoungGen: 66384K->1376K(67072K)] 504735K->439727K(581120K), 0.0019470 secs] [Times: user=0.01 sys=0.00, real=0.00 secs] 
2368.432: [GC (Allocation Failure) [PSYoungGen: 66400K->1568K(67072K)] 504751K->439919K(581120K), 0.0019810 secs] [Times: user=0.01 sys=0.00, real=0.00 secs] 
2368.814: [GC (Allocation Failure) [PSYoungGen: 66592K->1536K(67072K)] 504943K->439887K(581120K), 0.0016431 secs] [Times: user=0.00 sys=0.00, real=0.00 secs] 
2369.260: [GC (Allocation Failure) [PSYoungGen: 66560K->1533K(67072K)] 504911K->439908K(581120K), 0.0017177 secs] [Times: user=0.00 sys=0.00, real=0.00 secs] 
2369.713: [GC (Allocation Failure) [PSYoungGen: 66557K->1472K(67072K)] 504932K->439847K(581120K), 0.0021840 secs] [Times: user=0.01 sys=0.00, real=0.00 secs] 
2369.983: [GC (Allocation Failure) [PSYoungGen: 66496K->1376K(67072K)] 504871K->439751K(581120K), 0.0022010 secs] [Times: user=0.01 sys=0.00, real=0.00 secs] 
2370.254: [GC (Allocation Failure) [PSYoungGen: 66400K->1376K(67072K)] 504775K->439751K(581120K), 0.0022229 secs] [Times: user=0.01 sys=0.00, real=0.00 secs] 
2370.525: [GC (Allocation Failure) [PSYoungGen: 66400K->1376K(67072K)] 504775K->439751K(581120K), 0.0021973 secs] [Times: user=0.01 sys=0.00, real=0.00 secs] 
2370.795: [GC (Allocation Failure) [PSYoungGen: 66400K->1408K(67072K)] 504775K->439783K(581120K), 0.0018968 secs] [Times: user=0.01 sys=0.00, real=0.00 secs] 
2371.182: [GC (Allocation Failure) [PSYoungGen: 66432K->1504K(67072K)] 504807K->439879K(581120K), 0.0017316 secs] [Times: user=0.00 sys=0.00, real=0.00 secs] 
2371.567: [GC (Allocation Failure) [PSYoungGen: 66528K->1533K(67072K)] 504903K->439908K(581120K), 0.0017275 secs] [Times: user=0.01 sys=0.00, real=0.00 secs] 
2371.948: [GC (Allocation Failure) [PSYoungGen: 66557K->1581K(67072K)] 504932K->439964K(581120K), 0.0018841 secs] [Times: user=0.01 sys=0.00, real=0.01 secs] 
2372.413: [GC (Allocation Failure) [PSYoungGen: 66605K->1504K(67072K)] 504988K->439895K(581120K), 0.0019077 secs] [Times: user=0.01 sys=0.00, real=0.00 secs] 
2373.047: [GC (Allocation Failure) [PSYoungGen: 66528K->1360K(67072K)] 504919K->439751K(581120K), 0.0019038 secs] [Times: user=0.01 sys=0.00, real=0.00 secs] 
2373.438: [GC (Allocation Failure) [PSYoungGen: 66384K->1344K(67072K)] 504775K->439735K(581120K), 0.0019868 secs] [Times: user=0.01 sys=0.00, real=0.01 secs] 
2373.759: [GC (Allocation Failure) [PSYoungGen: 66368K->1376K(67072K)] 504759K->439767K(581120K), 0.0020918 secs] [Times: user=0.01 sys=0.00, real=0.01 secs] 
2374.101: [GC (Allocation Failure) [PSYoungGen: 66400K->1408K(67072K)] 504791K->439799K(581120K), 0.0020511 secs] [Times: user=0.01 sys=0.00, real=0.00 secs] 
2374.525: [GC (Allocation Failure) [PSYoungGen: 66432K->1533K(67072K)] 504823K->439924K(581120K), 0.0017197 secs] [Times: user=0.01 sys=0.00, real=0.00 secs] 
2374.971: [GC (Allocation Failure) [PSYoungGen: 66557K->1565K(67072K)] 504948K->439956K(581120K), 0.0017544 secs] [Times: user=0.00 sys=0.00, real=0.00 secs] 
2375.357: [GC (Allocation Failure) [PSYoungGen: 66589K->1501K(67072K)] 504980K->439908K(581120K), 0.0018439 secs] [Times: user=0.01 sys=0.00, real=0.01 secs] 
2375.779: [GC (Allocation Failure) [PSYoungGen: 66525K->2016K(67072K)] 504932K->440423K(581120K), 0.0022633 secs] [Times: user=0.01 sys=0.00, real=0.00 secs] 
2376.123: [GC (Allocation Failure) [PSYoungGen: 67040K->1408K(67072K)] 505447K->439815K(581120K), 0.0022721 secs] [Times: user=0.01 sys=0.00, real=0.00 secs] 
2376.399: [GC (Allocation Failure) [PSYoungGen: 66432K->1376K(67072K)] 504839K->439783K(581120K), 0.0020730 secs] [Times: user=0.01 sys=0.00, real=0.00 secs] 
2376.670: [GC (Allocation Failure) [PSYoungGen: 66400K->1376K(67072K)] 504807K->439783K(581120K), 0.0020649 secs] [Times: user=0.01 sys=0.00, real=0.00 secs] 
2376.939: [GC (Allocation Failure) [PSYoungGen: 66400K->1360K(67072K)] 504807K->439767K(581120K), 0.0019274 secs] [Times: user=0.01 sys=0.00, real=0.00 secs] 
2377.334: [GC (Allocation Failure) [PSYoungGen: 66384K->1501K(67072K)] 504791K->439908K(581120K), 0.0017432 secs] [Times: user=0.01 sys=0.00, real=0.00 secs] 
2377.718: [GC (Allocation Failure) [PSYoungGen: 66525K->1533K(67072K)] 504932K->439940K(581120K), 0.0018304 secs] [Times: user=0.00 sys=0.00, real=0.01 secs] 
2378.111: [GC (Allocation Failure) [PSYoungGen: 66557K->1504K(67072K)] 504964K->439943K(581120K), 0.0017687 secs] [Times: user=0.01 sys=0.00, real=0.00 secs] 
2378.562: [GC (Allocation Failure) [PSYoungGen: 66528K->1792K(67072K)] 504967K->440231K(581120K), 0.0020406 secs] [Times: user=0.01 sys=0.00, real=0.00 secs] 
2378.831: [GC (Allocation Failure) [PSYoungGen: 66816K->1376K(67072K)] 505255K->439815K(581120K), 0.0022593 secs] [Times: user=0.01 sys=0.00, real=0.00 secs] 
2379.233: [GC (Allocation Failure) [PSYoungGen: 66400K->1344K(67072K)] 504839K->439783K(581120K), 0.0024097 secs] [Times: user=0.01 sys=0.00, real=0.00 secs] 
2379.504: [GC (Allocation Failure) [PSYoungGen: 66368K->1360K(67072K)] 504807K->439799K(581120K), 0.0020313 secs] [Times: user=0.01 sys=0.00, real=0.00 secs] 
2379.774: [GC (Allocation Failure) [PSYoungGen: 66384K->1376K(67072K)] 504823K->439815K(581120K), 0.0021394 secs] [Times: user=0.00 sys=0.00, real=0.00 secs] 
2380.167: [GC (Allocation Failure) [PSYoungGen: 66400K->1501K(67072K)] 504839K->439940K(581120K), 0.0016589 secs] [Times: user=0.00 sys=0.00, real=0.00 secs] 
2380.550: [GC (Allocation Failure) [PSYoungGen: 66525K->1501K(67072K)] 504964K->439940K(581120K), 0.0017659 secs] [Times: user=0.01 sys=0.00, real=0.00 secs] 
2380.931: [GC (Allocation Failure) [PSYoungGen: 66519K->1533K(67072K)] 504959K->439980K(581120K), 0.0017226 secs] [Times: user=0.00 sys=0.00, real=0.00 secs] 
2381.415: [GC (Allocation Failure) [PSYoungGen: 66557K->1584K(67072K)] 505004K->440031K(581120K), 0.0021163 secs] [Times: user=0.01 sys=0.00, real=0.00 secs] 
2382.627: [GC (Allocation Failure) [PSYoungGen: 66608K->1360K(67072K)] 505055K->439807K(581120K), 0.0024931 secs] [Times: user=0.01 sys=0.00, real=0.01 secs] 
2383.136: [GC (Allocation Failure) [PSYoungGen: 66384K->1376K(67072K)] 504831K->439823K(581120K), 0.0022267 secs] [Times: user=0.01 sys=0.00, real=0.00 secs] 
2383.687: [GC (Allocation Failure) [PSYoungGen: 66400K->1376K(67072K)] 504847K->439823K(581120K), 0.0022354 secs] [Times: user=0.01 sys=0.00, real=0.01 secs] 
2384.366: [GC (Allocation Failure) [PSYoungGen: 66400K->1376K(67072K)] 504847K->439823K(581120K), 0.0021539 secs] [Times: user=0.00 sys=0.00, real=0.00 secs] 
2384.882: [GC (Allocation Failure) [PSYoungGen: 66400K->1504K(67072K)] 504847K->439951K(581120K), 0.0018199 secs] [Times: user=0.00 sys=0.00, real=0.00 secs] 
2385.269: [GC (Allocation Failure) [PSYoungGen: 66528K->1536K(67072K)] 504975K->439983K(581120K), 0.0018325 secs] [Times: user=0.01 sys=0.00, real=0.00 secs] 
2385.655: [GC (Allocation Failure) [PSYoungGen: 66560K->1565K(67072K)] 505007K->440020K(581120K), 0.0017500 secs] [Times: user=0.01 sys=0.00, real=0.00 secs] 
2386.039: [GC (Allocation Failure) [PSYoungGen: 66589K->1613K(67072K)] 505044K->440068K(581120K), 0.0018448 secs] [Times: user=0.00 sys=0.00, real=0.00 secs] 
2386.335: [GC (Allocation Failure) [PSYoungGen: 66637K->1408K(67072K)] 505092K->439863K(581120K), 0.0019001 secs] [Times: user=0.01 sys=0.00, real=0.00 secs] 
2386.628: [GC (Allocation Failure) [PSYoungGen: 66432K->1376K(67072K)] 504887K->439831K(581120K), 0.0018873 secs] [Times: user=0.01 sys=0.00, real=0.01 secs] 
2386.937: [GC (Allocation Failure) [PSYoungGen: 66400K->1344K(67072K)] 504855K->439799K(581120K), 0.0017179 secs] [Times: user=0.01 sys=0.00, real=0.00 secs] 
2387.691: [GC (Allocation Failure) [PSYoungGen: 66368K->1344K(67072K)] 504823K->439807K(581120K), 0.0020815 secs] [Times: user=0.01 sys=0.00, real=0.00 secs] 
2388.256: [GC (Allocation Failure) [PSYoungGen: 66368K->1520K(67072K)] 504831K->439983K(581120K), 0.0016658 secs] [Times: user=0.01 sys=0.00, real=0.00 secs] 
2388.637: [GC (Allocation Failure) [PSYoungGen: 66544K->1536K(67072K)] 505007K->439999K(581120K), 0.0018103 secs] [Times: user=0.01 sys=0.00, real=0.01 secs] 
2389.020: [GC (Allocation Failure) [PSYoungGen: 66560K->1536K(67072K)] 505023K->440007K(581120K), 0.0018710 secs] [Times: user=0.00 sys=0.00, real=0.00 secs] 
2389.402: [GC (Allocation Failure) [PSYoungGen: 66560K->1504K(67072K)] 505031K->439999K(581120K), 0.0018161 secs] [Times: user=0.01 sys=0.00, real=0.00 secs] 
2389.885: [GC (Allocation Failure) [PSYoungGen: 66528K->1376K(67072K)] 505023K->439879K(581120K), 0.0021553 secs] [Times: user=0.01 sys=0.00, real=0.00 secs] 
2390.155: [GC (Allocation Failure) [PSYoungGen: 66400K->1328K(67072K)] 504903K->439831K(581120K), 0.0021454 secs] [Times: user=0.01 sys=0.00, real=0.00 secs] 
2390.426: [GC (Allocation Failure) [PSYoungGen: 66352K->1344K(67072K)] 504855K->439847K(581120K), 0.0021512 secs] [Times: user=0.01 sys=0.00, real=0.00 secs] 
2390.864: [GC (Allocation Failure) [PSYoungGen: 66368K->1376K(67072K)] 504871K->439879K(581120K), 0.0021618 secs] [Times: user=0.01 sys=0.00, real=0.00 secs] 
2391.392: [GC (Allocation Failure) [PSYoungGen: 66400K->1565K(67072K)] 504903K->440068K(581120K), 0.0017068 secs] [Times: user=0.01 sys=0.00, real=0.00 secs] 
2391.775: [GC (Allocation Failure) [PSYoungGen: 66589K->1597K(67072K)] 505092K->440100K(581120K), 0.0017006 secs] [Times: user=0.01 sys=0.00, real=0.00 secs] 
2392.155: [GC (Allocation Failure) [PSYoungGen: 66621K->1504K(67072K)] 505124K->440007K(581120K), 0.0017134 secs] [Times: user=0.01 sys=0.00, real=0.00 secs] 
2392.613: [GC (Allocation Failure) [PSYoungGen: 66528K->1533K(67072K)] 505031K->440044K(581120K), 0.0017941 secs] [Times: user=0.01 sys=0.00, real=0.00 secs] 
2392.964: [GC (Allocation Failure) [PSYoungGen: 66557K->1392K(67072K)] 505068K->439903K(581120K), 0.0024850 secs] [Times: user=0.01 sys=0.00, real=0.00 secs] 
2393.300: [GC (Allocation Failure) [PSYoungGen: 66416K->1376K(67072K)] 504927K->439887K(581120K), 0.0022109 secs] [Times: user=0.01 sys=0.00, real=0.00 secs] 
2393.581: [GC (Allocation Failure) [PSYoungGen: 66400K->1376K(67072K)] 504911K->439887K(581120K), 0.0019978 secs] [Times: user=0.01 sys=0.00, real=0.00 secs] 
2393.859: [GC (Allocation Failure) [PSYoungGen: 66400K->1376K(67072K)] 504911K->439887K(581120K), 0.0019947 secs] [Times: user=0.01 sys=0.00, real=0.00 secs] 
2394.283: [GC (Allocation Failure) [PSYoungGen: 66400K->1469K(67072K)] 504911K->439980K(581120K), 0.0016471 secs] [Times: user=0.00 sys=0.00, real=0.00 secs] 
2394.720: [GC (Allocation Failure) [PSYoungGen: 66493K->1549K(67072K)] 505004K->440060K(581120K), 0.0017857 secs] [Times: user=0.00 sys=0.00, real=0.00 secs] 
2395.104: [GC (Allocation Failure) [PSYoungGen: 66573K->1565K(67072K)] 505084K->440076K(581120K), 0.0017819 secs] [Times: user=0.01 sys=0.00, real=0.00 secs] 
2395.489: [GC (Allocation Failure) [PSYoungGen: 66589K->1549K(67072K)] 505100K->440068K(581120K), 0.0017581 secs] [Times: user=0.01 sys=0.00, real=0.00 secs] 
2396.206: [GC (Allocation Failure) [PSYoungGen: 66573K->1424K(67072K)] 505092K->439943K(581120K), 0.0030677 secs] [Times: user=0.01 sys=0.00, real=0.01 secs] 
2396.742: [GC (Allocation Failure) [PSYoungGen: 66448K->1408K(67072K)] 504967K->439927K(581120K), 0.0026190 secs] [Times: user=0.02 sys=0.00, real=0.00 secs] 
2397.163: [GC (Allocation Failure) [PSYoungGen: 66432K->1408K(67072K)] 504951K->439927K(581120K), 0.0022192 secs] [Times: user=0.01 sys=0.00, real=0.00 secs] 
2397.433: [GC (Allocation Failure) [PSYoungGen: 66432K->1344K(67072K)] 504951K->439863K(581120K), 0.0022121 secs] [Times: user=0.01 sys=0.00, real=0.00 secs] 
2397.795: [GC (Allocation Failure) [PSYoungGen: 66368K->1504K(67072K)] 504887K->440023K(581120K), 0.0016569 secs] [Times: user=0.01 sys=0.00, real=0.00 secs] 
2398.177: [GC (Allocation Failure) [PSYoungGen: 66528K->1504K(67072K)] 505047K->440023K(581120K), 0.0017665 secs] [Times: user=0.01 sys=0.00, real=0.01 secs] 
2398.569: [GC (Allocation Failure) [PSYoungGen: 66528K->1597K(67072K)] 505047K->440140K(581120K), 0.0017047 secs] [Times: user=0.01 sys=0.00, real=0.00 secs] 
2399.014: [GC (Allocation Failure) [PSYoungGen: 66621K->1581K(67072K)] 505164K->440140K(581120K), 0.0018637 secs] [Times: user=0.01 sys=0.00, real=0.00 secs] 
2399.351: [GC (Allocation Failure) [PSYoungGen: 66605K->1392K(67072K)] 505164K->439951K(581120K), 0.0022989 secs] [Times: user=0.01 sys=0.00, real=0.00 secs] 
2399.622: [GC (Allocation Failure) [PSYoungGen: 66416K->1344K(67072K)] 504975K->439903K(581120K), 0.0021492 secs] [Times: user=0.01 sys=0.00, real=0.00 secs] 
2399.892: [GC (Allocation Failure) [PSYoungGen: 66368K->1344K(67072K)] 504927K->439903K(581120K), 0.0021282 secs] [Times: user=0.00 sys=0.00, real=0.00 secs] 
2400.163: [GC (Allocation Failure) [PSYoungGen: 66368K->1344K(67072K)] 504927K->439903K(581120K), 0.0022019 secs] [Times: user=0.01 sys=0.00, real=0.00 secs] 
2400.546: [GC (Allocation Failure) [PSYoungGen: 66368K->1501K(67072K)] 504927K->440060K(581120K), 0.0016592 secs] [Times: user=0.00 sys=0.00, real=0.00 secs] 
2400.931: [GC (Allocation Failure) [PSYoungGen: 66525K->1533K(67072K)] 505084K->440092K(581120K), 0.0017371 secs] [Times: user=0.01 sys=0.00, real=0.00 secs] 
2401.317: [GC (Allocation Failure) [PSYoungGen: 66557K->1536K(67072K)] 505116K->440095K(581120K), 0.0017904 secs] [Times: user=0.01 sys=0.00, real=0.00 secs] 
2401.701: [GC (Allocation Failure) [PSYoungGen: 66560K->1613K(67072K)] 505119K->440180K(581120K), 0.0017501 secs] [Times: user=0.01 sys=0.00, real=0.00 secs] 
2402.117: [GC (Allocation Failure) [PSYoungGen: 66637K->1392K(67072K)] 505204K->439959K(581120K), 0.0020687 secs] [Times: user=0.01 sys=0.00, real=0.01 secs] 
2402.499: [GC (Allocation Failure) [PSYoungGen: 66416K->1376K(67072K)] 504983K->439943K(581120K), 0.0019603 secs] [Times: user=0.01 sys=0.00, real=0.01 secs] 
2403.389: [GC (Allocation Failure) [PSYoungGen: 66400K->1344K(67072K)] 504967K->439911K(581120K), 0.0024037 secs] [Times: user=0.01 sys=0.00, real=0.00 secs] 
2404.323: [GC (Allocation Failure) [PSYoungGen: 66368K->1376K(67072K)] 504935K->439943K(581120K), 0.0036034 secs] [Times: user=0.02 sys=0.00, real=0.00 secs] 
2405.107: [GC (Allocation Failure) [PSYoungGen: 66400K->1469K(67072K)] 504967K->440036K(581120K), 0.0016553 secs] [Times: user=0.00 sys=0.00, real=0.00 secs] 
2405.493: [GC (Allocation Failure) [PSYoungGen: 66493K->1597K(67072K)] 505060K->440164K(581120K), 0.0019177 secs] [Times: user=0.00 sys=0.00, real=0.00 secs] 
2405.878: [GC (Allocation Failure) [PSYoungGen: 66621K->1581K(67072K)] 505188K->440148K(581120K), 0.0017581 secs] [Times: user=0.01 sys=0.00, real=0.01 secs] 
2406.261: [GC (Allocation Failure) [PSYoungGen: 66605K->1565K(67072K)] 505172K->440148K(581120K), 0.0017886 secs] [Times: user=0.01 sys=0.00, real=0.00 secs] 
2406.812: [GC (Allocation Failure) [PSYoungGen: 66589K->1376K(67072K)] 505172K->439959K(581120K), 0.0020593 secs] [Times: user=0.01 sys=0.00, real=0.00 secs] 
2407.394: [GC (Allocation Failure) [PSYoungGen: 66400K->1344K(67072K)] 504983K->439927K(581120K), 0.0019828 secs] [Times: user=0.01 sys=0.00, real=0.00 secs] 
2408.033: [GC (Allocation Failure) [PSYoungGen: 66368K->1344K(67072K)] 504951K->439927K(581120K), 0.0022424 secs] [Times: user=0.01 sys=0.00, real=0.00 secs] 
2408.598: [GC (Allocation Failure) [PSYoungGen: 66368K->1344K(67072K)] 504951K->439927K(581120K), 0.0032718 secs] [Times: user=0.01 sys=0.00, real=0.01 secs] 
2409.214: [GC (Allocation Failure) [PSYoungGen: 66368K->1469K(67072K)] 504951K->440052K(581120K), 0.0016316 secs] [Times: user=0.00 sys=0.00, real=0.00 secs] 
2409.597: [GC (Allocation Failure) [PSYoungGen: 66493K->1549K(67072K)] 505076K->440132K(581120K), 0.0018133 secs] [Times: user=0.01 sys=0.00, real=0.00 secs] 
2409.978: [GC (Allocation Failure) [PSYoungGen: 66550K->1565K(67072K)] 505134K->440148K(581120K), 0.0017157 secs] [Times: user=0.01 sys=0.00, real=0.01 secs] 
2410.361: [GC (Allocation Failure) [PSYoungGen: 66587K->1549K(67072K)] 505171K->440148K(581120K), 0.0017007 secs] [Times: user=0.00 sys=0.00, real=0.00 secs] 
2410.807: [GC (Allocation Failure) [PSYoungGen: 66573K->1360K(67072K)] 505172K->439983K(581120K), 0.0020181 secs] [Times: user=0.00 sys=0.00, real=0.01 secs] 
2411.087: [GC (Allocation Failure) [PSYoungGen: 66384K->1376K(67072K)] 505007K->439999K(581120K), 0.0020154 secs] [Times: user=0.00 sys=0.00, real=0.00 secs] 
2411.376: [GC (Allocation Failure) [PSYoungGen: 66400K->1376K(67072K)] 505023K->439999K(581120K), 0.0020151 secs] [Times: user=0.01 sys=0.00, real=0.00 secs] 
2411.647: [GC (Allocation Failure) [PSYoungGen: 66400K->1376K(67072K)] 505023K->439999K(581120K), 0.0020556 secs] [Times: user=0.01 sys=0.00, real=0.00 secs] 
2412.095: [GC (Allocation Failure) [PSYoungGen: 66400K->1405K(67072K)] 505023K->440028K(581120K), 0.0016608 secs] [Times: user=0.01 sys=0.00, real=0.00 secs] 
2412.477: [GC (Allocation Failure) [PSYoungGen: 66429K->1536K(67072K)] 505052K->440159K(581120K), 0.0019077 secs] [Times: user=0.01 sys=0.00, real=0.01 secs] 
2412.860: [GC (Allocation Failure) [PSYoungGen: 66543K->1533K(67072K)] 505167K->440156K(581120K), 0.0017439 secs] [Times: user=0.01 sys=0.00, real=0.00 secs] 
2413.242: [GC (Allocation Failure) [PSYoungGen: 66546K->1533K(67072K)] 505170K->440164K(581120K), 0.0017600 secs] [Times: user=0.01 sys=0.00, real=0.00 secs] 
2413.732: [GC (Allocation Failure) [PSYoungGen: 66557K->1424K(67072K)] 505188K->440063K(581120K), 0.0020368 secs] [Times: user=0.01 sys=0.01, real=0.00 secs] 
2414.148: [GC (Allocation Failure) [PSYoungGen: 66448K->1376K(67072K)] 505087K->440015K(581120K), 0.0019708 secs] [Times: user=0.01 sys=0.00, real=0.01 secs] 
2414.686: [GC (Allocation Failure) [PSYoungGen: 66400K->1376K(67072K)] 505039K->440015K(581120K), 0.0021159 secs] [Times: user=0.01 sys=0.00, real=0.00 secs] 
2415.257: [GC (Allocation Failure) [PSYoungGen: 66400K->1344K(67072K)] 505039K->439991K(581120K), 0.0019912 secs] [Times: user=0.01 sys=0.00, real=0.00 secs] 
2415.967: [GC (Allocation Failure) [PSYoungGen: 66368K->1456K(67072K)] 505015K->440103K(581120K), 0.0019042 secs] [Times: user=0.01 sys=0.00, real=0.01 secs] 
2416.429: [GC (Allocation Failure) [PSYoungGen: 66480K->1565K(67072K)] 505127K->440212K(581120K), 0.0017105 secs] [Times: user=0.01 sys=0.00, real=0.00 secs] 
2416.818: [GC (Allocation Failure) [PSYoungGen: 66568K->1517K(67072K)] 505216K->440164K(581120K), 0.0016785 secs] [Times: user=0.01 sys=0.00, real=0.01 secs] 
2417.200: [GC (Allocation Failure) [PSYoungGen: 66540K->1549K(67072K)] 505188K->440204K(581120K), 0.0017176 secs] [Times: user=0.01 sys=0.00, real=0.00 secs] 
2417.591: [GC (Allocation Failure) [PSYoungGen: 66573K->1456K(67072K)] 505228K->440111K(581120K), 0.0026187 secs] [Times: user=0.01 sys=0.00, real=0.00 secs] 
2417.941: [GC (Allocation Failure) [PSYoungGen: 66480K->1344K(67072K)] 505135K->439999K(581120K), 0.0021255 secs] [Times: user=0.01 sys=0.00, real=0.00 secs] 
2418.234: [GC (Allocation Failure) [PSYoungGen: 66368K->1376K(67072K)] 505023K->440031K(581120K), 0.0020526 secs] [Times: user=0.01 sys=0.00, real=0.00 secs] 
2418.534: [GC (Allocation Failure) [PSYoungGen: 66400K->1376K(67072K)] 505055K->440031K(581120K), 0.0019732 secs] [Times: user=0.01 sys=0.00, real=0.00 secs] 
2418.922: [GC (Allocation Failure) [PSYoungGen: 66400K->1437K(67072K)] 505055K->440116K(581120K), 0.0022906 secs] [Times: user=0.01 sys=0.00, real=0.00 secs] 
2419.371: [GC (Allocation Failure) [PSYoungGen: 66461K->1533K(67072K)] 505140K->440212K(581120K), 0.0017325 secs] [Times: user=0.01 sys=0.00, real=0.00 secs] 
2419.810: [GC (Allocation Failure) [PSYoungGen: 66557K->1549K(67072K)] 505236K->440228K(581120K), 0.0018520 secs] [Times: user=0.01 sys=0.00, real=0.00 secs] 
2420.255: [GC (Allocation Failure) [PSYoungGen: 66573K->1517K(67072K)] 505252K->440204K(581120K), 0.0020509 secs] [Times: user=0.01 sys=0.00, real=0.00 secs] 
2420.671: [GC (Allocation Failure) [PSYoungGen: 66541K->1440K(67072K)] 505228K->440127K(581120K), 0.0028302 secs] [Times: user=0.01 sys=0.00, real=0.00 secs] 
2421.223: [GC (Allocation Failure) [PSYoungGen: 66464K->1376K(67072K)] 505151K->440063K(581120K), 0.0030235 secs] [Times: user=0.01 sys=0.00, real=0.00 secs] 
2421.798: [GC (Allocation Failure) [PSYoungGen: 66400K->1312K(67072K)] 505087K->439999K(581120K), 0.0025667 secs] [Times: user=0.01 sys=0.00, real=0.01 secs] 
2422.372: [GC (Allocation Failure) [PSYoungGen: 66336K->1376K(67072K)] 505023K->440063K(581120K), 0.0026206 secs] [Times: user=0.01 sys=0.00, real=0.00 secs] 
2423.070: [GC (Allocation Failure) [PSYoungGen: 66400K->1405K(67072K)] 505087K->440092K(581120K), 0.0026385 secs] [Times: user=0.02 sys=0.00, real=0.00 secs] 
2423.508: [GC (Allocation Failure) [PSYoungGen: 66429K->1549K(67072K)] 505116K->440236K(581120K), 0.0020541 secs] [Times: user=0.01 sys=0.00, real=0.01 secs] 
2423.889: [GC (Allocation Failure) [PSYoungGen: 66557K->1597K(67072K)] 505244K->440284K(581120K), 0.0017284 secs] [Times: user=0.01 sys=0.00, real=0.00 secs] 
2424.270: [GC (Allocation Failure) [PSYoungGen: 66605K->1565K(67072K)] 505293K->440260K(581120K), 0.0016999 secs] [Times: user=0.01 sys=0.00, real=0.00 secs] 
2424.818: [GC (Allocation Failure) [PSYoungGen: 66589K->1456K(67072K)] 505284K->440151K(581120K), 0.0035489 secs] [Times: user=0.01 sys=0.00, real=0.01 secs] 
2425.458: [GC (Allocation Failure) [PSYoungGen: 66480K->1344K(67072K)] 505175K->440039K(581120K), 0.0034018 secs] [Times: user=0.01 sys=0.00, real=0.01 secs] 
2425.992: [GC (Allocation Failure) [PSYoungGen: 66368K->1392K(67072K)] 505063K->440087K(581120K), 0.0028544 secs] [Times: user=0.01 sys=0.00, real=0.00 secs] 
2426.538: [GC (Allocation Failure) [PSYoungGen: 66416K->1344K(67072K)] 505111K->440039K(581120K), 0.0026556 secs] [Times: user=0.01 sys=0.00, real=0.01 secs] 
2426.941: [GC (Allocation Failure) [PSYoungGen: 66368K->1437K(67072K)] 505063K->440132K(581120K), 0.0021439 secs] [Times: user=0.00 sys=0.00, real=0.00 secs] 
2427.334: [GC (Allocation Failure) [PSYoungGen: 66461K->1565K(67072K)] 505156K->440260K(581120K), 0.0016924 secs] [Times: user=0.01 sys=0.00, real=0.00 secs] 
2427.778: [GC (Allocation Failure) [PSYoungGen: 66589K->1549K(67072K)] 505284K->440244K(581120K), 0.0018076 secs] [Times: user=0.01 sys=0.00, real=0.01 secs] 
2428.160: [GC (Allocation Failure) [PSYoungGen: 66573K->1533K(67072K)] 505268K->440236K(581120K), 0.0019170 secs] [Times: user=0.00 sys=0.00, real=0.00 secs] 
2428.593: [GC (Allocation Failure) [PSYoungGen: 66557K->1472K(67072K)] 505260K->440175K(581120K), 0.0028186 secs] [Times: user=0.02 sys=0.00, real=0.00 secs] 
2429.593: [GC (Allocation Failure) [PSYoungGen: 66496K->1408K(67072K)] 505199K->440111K(581120K), 0.0030206 secs] [Times: user=0.02 sys=0.00, real=0.00 secs] 
2430.231: [GC (Allocation Failure) [PSYoungGen: 66432K->1344K(67072K)] 505135K->440063K(581120K), 0.0031756 secs] [Times: user=0.01 sys=0.00, real=0.00 secs] 
2430.766: [GC (Allocation Failure) [PSYoungGen: 66368K->1312K(67072K)] 505087K->440031K(581120K), 0.0029863 secs] [Times: user=0.01 sys=0.00, real=0.01 secs] 
2431.363: [GC (Allocation Failure) [PSYoungGen: 66258K->208K(67072K)] 504978K->438927K(581120K), 0.0027707 secs] [Times: user=0.01 sys=0.00, real=0.00 secs] 
2431.798: [GC (Allocation Failure) [PSYoungGen: 65206K->1533K(67072K)] 503925K->440252K(581120K), 0.0016789 secs] [Times: user=0.01 sys=0.00, real=0.01 secs] 
2432.236: [GC (Allocation Failure) [PSYoungGen: 66557K->1517K(67072K)] 505276K->440236K(581120K), 0.0017679 secs] [Times: user=0.00 sys=0.00, real=0.00 secs] 
2432.618: [GC (Allocation Failure) [PSYoungGen: 66536K->1552K(67072K)] 505255K->440287K(581120K), 0.0017901 secs] [Times: user=0.01 sys=0.00, real=0.01 secs] 
2433.793: [GC (Allocation Failure) [PSYoungGen: 66576K->1456K(67072K)] 505311K->440191K(581120K), 0.0040941 secs] [Times: user=0.01 sys=0.00, real=0.00 secs] 
2434.355: [GC (Allocation Failure) [PSYoungGen: 66480K->1376K(67072K)] 505215K->440111K(581120K), 0.0023574 secs] [Times: user=0.01 sys=0.00, real=0.00 secs] 
2434.940: [GC (Allocation Failure) [PSYoungGen: 66400K->1376K(67072K)] 505135K->440111K(581120K), 0.0030126 secs] [Times: user=0.01 sys=0.00, real=0.00 secs] 
2435.473: [GC (Allocation Failure) [PSYoungGen: 66400K->1376K(67072K)] 505135K->440111K(581120K), 0.0037344 secs] [Times: user=0.02 sys=0.01, real=0.00 secs] 
2436.015: [GC (Allocation Failure) [PSYoungGen: 66400K->1376K(67072K)] 505135K->440111K(581120K), 0.0029273 secs] [Times: user=0.01 sys=0.00, real=0.00 secs] 
2436.488: [GC (Allocation Failure) [PSYoungGen: 66400K->1549K(67072K)] 505135K->440284K(581120K), 0.0017177 secs] [Times: user=0.00 sys=0.00, real=0.01 secs] 
2436.871: [GC (Allocation Failure) [PSYoungGen: 66573K->1549K(67072K)] 505308K->440284K(581120K), 0.0016950 secs] [Times: user=0.00 sys=0.00, real=0.00 secs] 
2437.254: [GC (Allocation Failure) [PSYoungGen: 66573K->1565K(67072K)] 505308K->440308K(581120K), 0.0017027 secs] [Times: user=0.01 sys=0.00, real=0.00 secs] 
2437.858: [GC (Allocation Failure) [PSYoungGen: 66589K->1504K(67072K)] 505332K->440247K(581120K), 0.0024984 secs] [Times: user=0.01 sys=0.00, real=0.01 secs] 
2438.626: [GC (Allocation Failure) [PSYoungGen: 66528K->1376K(67072K)] 505271K->440119K(581120K), 0.0029737 secs] [Times: user=0.01 sys=0.00, real=0.01 secs] 
2439.284: [GC (Allocation Failure) [PSYoungGen: 66400K->1408K(67072K)] 505143K->440151K(581120K), 0.0025492 secs] [Times: user=0.01 sys=0.00, real=0.00 secs] 
2439.916: [GC (Allocation Failure) [PSYoungGen: 66432K->1376K(67072K)] 505175K->440119K(581120K), 0.0036896 secs] [Times: user=0.02 sys=0.00, real=0.01 secs] 
2440.675: [GC (Allocation Failure) [PSYoungGen: 66400K->1360K(67072K)] 505143K->440103K(581120K), 0.0030686 secs] [Times: user=0.02 sys=0.00, real=0.00 secs] 
2441.137: [GC (Allocation Failure) [PSYoungGen: 66384K->1536K(67072K)] 505127K->440279K(581120K), 0.0018221 secs] [Times: user=0.01 sys=0.00, real=0.00 secs] 
2441.524: [GC (Allocation Failure) [PSYoungGen: 66560K->1565K(67072K)] 505303K->440332K(581120K), 0.0018151 secs] [Times: user=0.01 sys=0.00, real=0.00 secs] 
2441.967: [GC (Allocation Failure) [PSYoungGen: 66589K->1536K(67072K)] 505356K->440319K(581120K), 0.0019824 secs] [Times: user=0.01 sys=0.00, real=0.01 secs] 
2442.498: [GC (Allocation Failure) [PSYoungGen: 66560K->2016K(67072K)] 505343K->440807K(581120K), 0.0021172 secs] [Times: user=0.01 sys=0.00, real=0.01 secs] 
2443.425: [GC (Allocation Failure) [PSYoungGen: 67040K->1376K(67072K)] 505831K->440167K(581120K), 0.0028977 secs] [Times: user=0.01 sys=0.00, real=0.00 secs] 
2444.253: [GC (Allocation Failure) [PSYoungGen: 66400K->1376K(67072K)] 505191K->440167K(581120K), 0.0030313 secs] [Times: user=0.01 sys=0.00, real=0.00 secs] 
2445.052: [GC (Allocation Failure) [PSYoungGen: 66400K->1408K(67072K)] 505191K->440199K(581120K), 0.0030438 secs] [Times: user=0.01 sys=0.00, real=0.00 secs] 
2445.608: [GC (Allocation Failure) [PSYoungGen: 66432K->1344K(67072K)] 505223K->440135K(581120K), 0.0028667 secs] [Times: user=0.01 sys=0.00, real=0.01 secs] 
2446.161: [GC (Allocation Failure) [PSYoungGen: 66368K->1536K(67072K)] 505159K->440327K(581120K), 0.0018647 secs] [Times: user=0.01 sys=0.00, real=0.00 secs] 
2446.545: [GC (Allocation Failure) [PSYoungGen: 66548K->1568K(67072K)] 505340K->440359K(581120K), 0.0017502 secs] [Times: user=0.00 sys=0.00, real=0.00 secs] 
2446.930: [GC (Allocation Failure) [PSYoungGen: 66592K->1552K(67072K)] 505383K->440351K(581120K), 0.0017411 secs] [Times: user=0.01 sys=0.00, real=0.00 secs] 
2447.328: [GC (Allocation Failure) [PSYoungGen: 66576K->1760K(67072K)] 505375K->440559K(581120K), 0.0021246 secs] [Times: user=0.01 sys=0.00, real=0.01 secs] 
2447.598: [GC (Allocation Failure) [PSYoungGen: 66784K->1376K(67072K)] 505583K->440175K(581120K), 0.0018204 secs] [Times: user=0.00 sys=0.00, real=0.01 secs] 
2447.868: [GC (Allocation Failure) [PSYoungGen: 66400K->1376K(67072K)] 505199K->440175K(581120K), 0.0018351 secs] [Times: user=0.01 sys=0.00, real=0.01 secs] 
2448.138: [GC (Allocation Failure) [PSYoungGen: 66400K->1376K(67072K)] 505199K->440175K(581120K), 0.0025270 secs] [Times: user=0.01 sys=0.00, real=0.01 secs] 
2448.623: [GC (Allocation Failure) [PSYoungGen: 66400K->1408K(67072K)] 505199K->440207K(581120K), 0.0029810 secs] [Times: user=0.01 sys=0.00, real=0.00 secs] 
2449.104: [GC (Allocation Failure) [PSYoungGen: 66432K->1533K(67072K)] 505231K->440332K(581120K), 0.0017253 secs] [Times: user=0.00 sys=0.00, real=0.00 secs] 
2449.487: [GC (Allocation Failure) [PSYoungGen: 66557K->1565K(67072K)] 505356K->440364K(581120K), 0.0017366 secs] [Times: user=0.01 sys=0.00, real=0.01 secs] 
2449.880: [GC (Allocation Failure) [PSYoungGen: 66589K->1565K(67072K)] 505388K->440388K(581120K), 0.0017352 secs] [Times: user=0.01 sys=0.01, real=0.00 secs] 
2450.286: [GC (Allocation Failure) [PSYoungGen: 66589K->1568K(67072K)] 505412K->440391K(581120K), 0.0020136 secs] [Times: user=0.00 sys=0.00, real=0.00 secs] 
2450.855: [GC (Allocation Failure) [PSYoungGen: 66592K->1376K(67072K)] 505415K->440199K(581120K), 0.0022089 secs] [Times: user=0.01 sys=0.00, real=0.00 secs] 
2451.512: [GC (Allocation Failure) [PSYoungGen: 66400K->1344K(67072K)] 505223K->440167K(581120K), 0.0034249 secs] [Times: user=0.02 sys=0.00, real=0.00 secs] 
2452.102: [GC (Allocation Failure) [PSYoungGen: 66368K->1376K(67072K)] 505191K->440199K(581120K), 0.0028424 secs] [Times: user=0.01 sys=0.00, real=0.00 secs] 
2452.640: [GC (Allocation Failure) [PSYoungGen: 66400K->1344K(67072K)] 505223K->440167K(581120K), 0.0029093 secs] [Times: user=0.02 sys=0.00, real=0.00 secs] 
2453.135: [GC (Allocation Failure) [PSYoungGen: 66368K->1552K(67072K)] 505191K->440375K(581120K), 0.0017110 secs] [Times: user=0.01 sys=0.00, real=0.00 secs] 
2453.519: [GC (Allocation Failure) [PSYoungGen: 66576K->1568K(67072K)] 505399K->440391K(581120K), 0.0017204 secs] [Times: user=0.00 sys=0.00, real=0.00 secs] 
2453.902: [GC (Allocation Failure) [PSYoungGen: 66592K->1549K(67072K)] 505415K->440380K(581120K), 0.0017131 secs] [Times: user=0.01 sys=0.00, real=0.00 secs] 
2454.285: [GC (Allocation Failure) [PSYoungGen: 66573K->1600K(67072K)] 505404K->440431K(581120K), 0.0017998 secs] [Times: user=0.00 sys=0.00, real=0.00 secs] 
2456.191: [GC (Allocation Failure) [PSYoungGen: 66624K->1376K(67072K)] 505455K->440207K(581120K), 0.0044098 secs] [Times: user=0.02 sys=0.00, real=0.00 secs] 
2457.182: [GC (Allocation Failure) [PSYoungGen: 66400K->1360K(67072K)] 505231K->440191K(581120K), 0.0043833 secs] [Times: user=0.02 sys=0.00, real=0.00 secs] 
2457.894: [GC (Allocation Failure) [PSYoungGen: 66384K->1376K(67072K)] 505215K->440207K(581120K), 0.0028898 secs] [Times: user=0.02 sys=0.00, real=0.00 secs] 
2458.425: [GC (Allocation Failure) [PSYoungGen: 66400K->1376K(67072K)] 505231K->440207K(581120K), 0.0026230 secs] [Times: user=0.01 sys=0.00, real=0.00 secs] 
2458.962: [GC (Allocation Failure) [PSYoungGen: 66400K->1504K(67072K)] 505231K->440335K(581120K), 0.0016948 secs] [Times: user=0.01 sys=0.00, real=0.00 secs] 
2459.348: [GC (Allocation Failure) [PSYoungGen: 66528K->1565K(67072K)] 505359K->440396K(581120K), 0.0017675 secs] [Times: user=0.01 sys=0.00, real=0.01 secs] 
2459.732: [GC (Allocation Failure) [PSYoungGen: 66589K->1536K(67072K)] 505420K->440375K(581120K), 0.0017926 secs] [Times: user=0.01 sys=0.00, real=0.00 secs] 
2460.123: [GC (Allocation Failure) [PSYoungGen: 66560K->1597K(67072K)] 505399K->440436K(581120K), 0.0018103 secs] [Times: user=0.01 sys=0.00, real=0.00 secs] 
2461.048: [GC (Allocation Failure) [PSYoungGen: 66621K->1392K(67072K)] 505460K->440231K(581120K), 0.0020673 secs] [Times: user=0.00 sys=0.00, real=0.01 secs] 
2462.193: [GC (Allocation Failure) [PSYoungGen: 66416K->1344K(67072K)] 505255K->440183K(581120K), 0.0023038 secs] [Times: user=0.01 sys=0.00, real=0.00 secs] 
2462.920: [GC (Allocation Failure) [PSYoungGen: 66368K->1344K(67072K)] 505207K->440191K(581120K), 0.0024917 secs] [Times: user=0.01 sys=0.00, real=0.00 secs] 
2463.400: [GC (Allocation Failure) [PSYoungGen: 66368K->1360K(67072K)] 505215K->440207K(581120K), 0.0025054 secs] [Times: user=0.01 sys=0.00, real=0.00 secs] 
2463.927: [GC (Allocation Failure) [PSYoungGen: 66384K->1520K(67072K)] 505231K->440367K(581120K), 0.0016885 secs] [Times: user=0.01 sys=0.00, real=0.01 secs] 
2464.309: [GC (Allocation Failure) [PSYoungGen: 66544K->1565K(67072K)] 505391K->440412K(581120K), 0.0017667 secs] [Times: user=0.01 sys=0.00, real=0.00 secs] 
2464.692: [GC (Allocation Failure) [PSYoungGen: 66589K->1565K(67072K)] 505436K->440412K(581120K), 0.0017012 secs] [Times: user=0.01 sys=0.00, real=0.00 secs] 
2465.075: [GC (Allocation Failure) [PSYoungGen: 66578K->1533K(67072K)] 505426K->440396K(581120K), 0.0020166 secs] [Times: user=0.01 sys=0.00, real=0.00 secs] 
2465.403: [GC (Allocation Failure) [PSYoungGen: 66557K->1440K(67072K)] 505420K->440303K(581120K), 0.0018507 secs] [Times: user=0.01 sys=0.00, real=0.00 secs] 
2465.801: [GC (Allocation Failure) [PSYoungGen: 66464K->1376K(67072K)] 505327K->440239K(581120K), 0.0019112 secs] [Times: user=0.01 sys=0.00, real=0.00 secs] 
2466.239: [GC (Allocation Failure) [PSYoungGen: 66400K->1344K(67072K)] 505263K->440207K(581120K), 0.0021418 secs] [Times: user=0.01 sys=0.00, real=0.00 secs] 
2466.776: [GC (Allocation Failure) [PSYoungGen: 66368K->1376K(67072K)] 505231K->440239K(581120K), 0.0022784 secs] [Times: user=0.01 sys=0.00, real=0.00 secs] 
2467.264: [GC (Allocation Failure) [PSYoungGen: 66400K->1533K(67072K)] 505263K->440396K(581120K), 0.0016560 secs] [Times: user=0.01 sys=0.00, real=0.00 secs] 
2467.646: [GC (Allocation Failure) [PSYoungGen: 66557K->1568K(67072K)] 505420K->440431K(581120K), 0.0017279 secs] [Times: user=0.00 sys=0.00, real=0.00 secs] 
2468.030: [GC (Allocation Failure) [PSYoungGen: 66592K->1536K(67072K)] 505455K->440399K(581120K), 0.0018388 secs] [Times: user=0.00 sys=0.00, real=0.00 secs] 
2468.414: [GC (Allocation Failure) [PSYoungGen: 66560K->1536K(67072K)] 505423K->440407K(581120K), 0.0016858 secs] [Times: user=0.01 sys=0.00, real=0.00 secs] 
2469.058: [GC (Allocation Failure) [PSYoungGen: 66560K->1408K(67072K)] 505431K->440279K(581120K), 0.0020128 secs] [Times: user=0.01 sys=0.00, real=0.01 secs] 
2469.637: [GC (Allocation Failure) [PSYoungGen: 66432K->1344K(67072K)] 505303K->440223K(581120K), 0.0029226 secs] [Times: user=0.01 sys=0.00, real=0.01 secs] 
2469.924: [GC (Allocation Failure) [PSYoungGen: 66368K->1376K(67072K)] 505247K->440255K(581120K), 0.0021321 secs] [Times: user=0.01 sys=0.00, real=0.00 secs] 
2470.231: [GC (Allocation Failure) [PSYoungGen: 66400K->1344K(67072K)] 505279K->440223K(581120K), 0.0019795 secs] [Times: user=0.01 sys=0.00, real=0.00 secs] 
2470.615: [GC (Allocation Failure) [PSYoungGen: 66368K->1533K(67072K)] 505247K->440412K(581120K), 0.0016411 secs] [Times: user=0.01 sys=0.00, real=0.00 secs] 
2471.000: [GC (Allocation Failure) [PSYoungGen: 66557K->1501K(67072K)] 505436K->440380K(581120K), 0.0019197 secs] [Times: user=0.01 sys=0.00, real=0.00 secs] 
2471.383: [GC (Allocation Failure) [PSYoungGen: 66525K->1565K(67072K)] 505404K->440444K(581120K), 0.0016902 secs] [Times: user=0.01 sys=0.00, real=0.00 secs] 
2471.823: [GC (Allocation Failure) [PSYoungGen: 66589K->1533K(67072K)] 505468K->440420K(581120K), 0.0018475 secs] [Times: user=0.01 sys=0.00, real=0.00 secs] 
2472.604: [GC (Allocation Failure) [PSYoungGen: 66557K->1392K(67072K)] 505444K->440279K(581120K), 0.0040900 secs] [Times: user=0.02 sys=0.00, real=0.00 secs] 
2473.116: [GC (Allocation Failure) [PSYoungGen: 66416K->1376K(67072K)] 505303K->440263K(581120K), 0.0030684 secs] [Times: user=0.02 sys=0.00, real=0.01 secs] 
2473.733: [GC (Allocation Failure) [PSYoungGen: 66400K->1312K(67072K)] 505287K->440199K(581120K), 0.0028514 secs] [Times: user=0.01 sys=0.00, real=0.00 secs] 
2474.432: [GC (Allocation Failure) [PSYoungGen: 66336K->1376K(67072K)] 505223K->440263K(581120K), 0.0051234 secs] [Times: user=0.02 sys=0.00, real=0.00 secs] 
2475.259: [GC (Allocation Failure) [PSYoungGen: 66400K->1533K(67072K)] 505287K->440420K(581120K), 0.0016263 secs] [Times: user=0.01 sys=0.00, real=0.00 secs] 
2475.642: [GC (Allocation Failure) [PSYoungGen: 66557K->1565K(67072K)] 505444K->440452K(581120K), 0.0017008 secs] [Times: user=0.01 sys=0.00, real=0.00 secs] 
2476.028: [GC (Allocation Failure) [PSYoungGen: 66589K->1597K(67072K)] 505476K->440484K(581120K), 0.0017189 secs] [Times: user=0.01 sys=0.00, real=0.01 secs] 
2476.413: [GC (Allocation Failure) [PSYoungGen: 66621K->1536K(67072K)] 505508K->440439K(581120K), 0.0017401 secs] [Times: user=0.00 sys=0.00, real=0.00 secs] 
2477.151: [GC (Allocation Failure) [PSYoungGen: 66560K->1440K(67072K)] 505463K->440343K(581120K), 0.0027677 secs] [Times: user=0.01 sys=0.01, real=0.00 secs] 
2477.508: [GC (Allocation Failure) [PSYoungGen: 66464K->1376K(67072K)] 505367K->440279K(581120K), 0.0028528 secs] [Times: user=0.01 sys=0.00, real=0.01 secs] 
2477.776: [GC (Allocation Failure) [PSYoungGen: 66400K->1344K(67072K)] 505303K->440247K(581120K), 0.0019830 secs] [Times: user=0.01 sys=0.00, real=0.00 secs] 
2478.095: [GC (Allocation Failure) [PSYoungGen: 66368K->1344K(67072K)] 505271K->440247K(581120K), 0.0021270 secs] [Times: user=0.01 sys=0.00, real=0.00 secs] 
2478.424: [GC (Allocation Failure) [PSYoungGen: 66368K->1437K(67072K)] 505271K->440340K(581120K), 0.0017700 secs] [Times: user=0.01 sys=0.00, real=0.00 secs] 
2478.808: [GC (Allocation Failure) [PSYoungGen: 66461K->1597K(67072K)] 505364K->440500K(581120K), 0.0017549 secs] [Times: user=0.01 sys=0.00, real=0.01 secs] 
2479.193: [GC (Allocation Failure) [PSYoungGen: 66621K->1597K(67072K)] 505524K->440500K(581120K), 0.0016957 secs] [Times: user=0.01 sys=0.00, real=0.00 secs] 
2479.576: [GC (Allocation Failure) [PSYoungGen: 66621K->1533K(67072K)] 505524K->440452K(581120K), 0.0018532 secs] [Times: user=0.00 sys=0.00, real=0.00 secs] 
2479.916: [GC (Allocation Failure) [PSYoungGen: 66557K->1360K(67072K)] 505476K->440279K(581120K), 0.0019499 secs] [Times: user=0.01 sys=0.00, real=0.00 secs] 
2480.186: [GC (Allocation Failure) [PSYoungGen: 66384K->1408K(67072K)] 505303K->440327K(581120K), 0.0019462 secs] [Times: user=0.01 sys=0.00, real=0.00 secs] 
2480.456: [GC (Allocation Failure) [PSYoungGen: 66432K->1344K(67072K)] 505351K->440263K(581120K), 0.0022373 secs] [Times: user=0.01 sys=0.00, real=0.00 secs] 
2480.727: [GC (Allocation Failure) [PSYoungGen: 66368K->1344K(67072K)] 505287K->440263K(581120K), 0.0022609 secs] [Times: user=0.01 sys=0.00, real=0.01 secs] 
2481.166: [GC (Allocation Failure) [PSYoungGen: 66368K->1469K(67072K)] 505287K->440388K(581120K), 0.0016986 secs] [Times: user=0.01 sys=0.00, real=0.00 secs] 
2481.550: [GC (Allocation Failure) [PSYoungGen: 66493K->1600K(67072K)] 505412K->440519K(581120K), 0.0017249 secs] [Times: user=0.01 sys=0.00, real=0.00 secs] 
2481.932: [GC (Allocation Failure) [PSYoungGen: 66608K->1533K(67072K)] 505527K->440452K(581120K), 0.0017234 secs] [Times: user=0.01 sys=0.00, real=0.00 secs] 
2482.315: [GC (Allocation Failure) [PSYoungGen: 66557K->1568K(67072K)] 505476K->440503K(581120K), 0.0017692 secs] [Times: user=0.01 sys=0.00, real=0.00 secs] 
2482.739: [GC (Allocation Failure) [PSYoungGen: 66592K->1392K(67072K)] 505527K->440327K(581120K), 0.0020950 secs] [Times: user=0.00 sys=0.00, real=0.00 secs] 
2483.038: [GC (Allocation Failure) [PSYoungGen: 66416K->1376K(67072K)] 505351K->440311K(581120K), 0.0022151 secs] [Times: user=0.01 sys=0.00, real=0.01 secs] 
2483.315: [GC (Allocation Failure) [PSYoungGen: 66400K->1344K(67072K)] 505335K->440279K(581120K), 0.0022002 secs] [Times: user=0.01 sys=0.00, real=0.00 secs] 
2483.630: [GC (Allocation Failure) [PSYoungGen: 66368K->1376K(67072K)] 505303K->440311K(581120K), 0.0021086 secs] [Times: user=0.01 sys=0.00, real=0.00 secs] 
2483.979: [GC (Allocation Failure) [PSYoungGen: 66400K->1485K(67072K)] 505335K->440420K(581120K), 0.0017599 secs] [Times: user=0.00 sys=0.00, real=0.01 secs] 
2484.361: [GC (Allocation Failure) [PSYoungGen: 66509K->1565K(67072K)] 505444K->440500K(581120K), 0.0017475 secs] [Times: user=0.01 sys=0.00, real=0.00 secs] 
2484.744: [GC (Allocation Failure) [PSYoungGen: 66569K->1504K(67072K)] 505505K->440439K(581120K), 0.0017055 secs] [Times: user=0.01 sys=0.00, real=0.00 secs] 
2485.126: [GC (Allocation Failure) [PSYoungGen: 66526K->1533K(67072K)] 505461K->440484K(581120K), 0.0017165 secs] [Times: user=0.00 sys=0.00, real=0.00 secs] 
2486.014: [GC (Allocation Failure) [PSYoungGen: 66557K->1440K(67072K)] 505508K->440391K(581120K), 0.0034009 secs] [Times: user=0.01 sys=0.00, real=0.00 secs] 
2486.682: [GC (Allocation Failure) [PSYoungGen: 66464K->1344K(67072K)] 505415K->440295K(581120K), 0.0026485 secs] [Times: user=0.01 sys=0.00, real=0.00 secs] 
2487.343: [GC (Allocation Failure) [PSYoungGen: 66368K->1312K(67072K)] 505319K->440263K(581120K), 0.0025904 secs] [Times: user=0.01 sys=0.00, real=0.00 secs] 
2488.245: [GC (Allocation Failure) [PSYoungGen: 66336K->1312K(67072K)] 505287K->440263K(581120K), 0.0028223 secs] [Times: user=0.01 sys=0.00, real=0.00 secs] 
2489.264: [GC (Allocation Failure) [PSYoungGen: 66336K->1424K(67072K)] 505287K->440375K(581120K), 0.0020192 secs] [Times: user=0.01 sys=0.00, real=0.00 secs] 
2489.654: [GC (Allocation Failure) [PSYoungGen: 66448K->1581K(67072K)] 505399K->440532K(581120K), 0.0017604 secs] [Times: user=0.00 sys=0.00, real=0.00 secs] 
2490.036: [GC (Allocation Failure) [PSYoungGen: 66605K->1568K(67072K)] 505556K->440519K(581120K), 0.0017271 secs] [Times: user=0.00 sys=0.00, real=0.00 secs] 
2490.420: [GC (Allocation Failure) [PSYoungGen: 66592K->1504K(67072K)] 505543K->440479K(581120K), 0.0017135 secs] [Times: user=0.01 sys=0.00, real=0.00 secs] 
2490.857: [GC (Allocation Failure) [PSYoungGen: 66528K->1456K(67072K)] 505503K->440431K(581120K), 0.0021491 secs] [Times: user=0.01 sys=0.00, real=0.01 secs] 
2491.483: [GC (Allocation Failure) [PSYoungGen: 66480K->1344K(67072K)] 505455K->440319K(581120K), 0.0022006 secs] [Times: user=0.01 sys=0.01, real=0.00 secs] 
2492.047: [GC (Allocation Failure) [PSYoungGen: 66368K->1376K(67072K)] 505343K->440351K(581120K), 0.0026560 secs] [Times: user=0.01 sys=0.00, real=0.01 secs] 
2492.677: [GC (Allocation Failure) [PSYoungGen: 66400K->1376K(67072K)] 505375K->440351K(581120K), 0.0042255 secs] [Times: user=0.01 sys=0.00, real=0.01 secs] 
2493.342: [GC (Allocation Failure) [PSYoungGen: 66400K->1405K(67072K)] 505375K->440380K(581120K), 0.0022922 secs] [Times: user=0.01 sys=0.00, real=0.00 secs] 
2493.748: [GC (Allocation Failure) [PSYoungGen: 66429K->1565K(67072K)] 505404K->440540K(581120K), 0.0017363 secs] [Times: user=0.00 sys=0.00, real=0.01 secs] 
2494.130: [GC (Allocation Failure) [PSYoungGen: 66589K->1565K(67072K)] 505564K->440540K(581120K), 0.0017395 secs] [Times: user=0.00 sys=0.00, real=0.00 secs] 
2494.512: [GC (Allocation Failure) [PSYoungGen: 66559K->1552K(67072K)] 505534K->440535K(581120K), 0.0017288 secs] [Times: user=0.00 sys=0.00, real=0.00 secs] 
2495.101: [GC (Allocation Failure) [PSYoungGen: 66576K->1456K(67072K)] 505559K->440439K(581120K), 0.0023862 secs] [Times: user=0.01 sys=0.00, real=0.00 secs] 
2495.662: [GC (Allocation Failure) [PSYoungGen: 66480K->1376K(67072K)] 505463K->440359K(581120K), 0.0030461 secs] [Times: user=0.02 sys=0.00, real=0.00 secs] 
2496.245: [GC (Allocation Failure) [PSYoungGen: 66400K->1376K(67072K)] 505383K->440359K(581120K), 0.0028706 secs] [Times: user=0.01 sys=0.00, real=0.00 secs] 
2496.688: [GC (Allocation Failure) [PSYoungGen: 66400K->1408K(67072K)] 505383K->440391K(581120K), 0.0021258 secs] [Times: user=0.01 sys=0.00, real=0.01 secs] 
2497.088: [GC (Allocation Failure) [PSYoungGen: 66432K->1453K(67072K)] 505415K->440436K(581120K), 0.0017601 secs] [Times: user=0.01 sys=0.00, real=0.01 secs] 
2497.529: [GC (Allocation Failure) [PSYoungGen: 66477K->1616K(67072K)] 505460K->440599K(581120K), 0.0021734 secs] [Times: user=0.01 sys=0.00, real=0.00 secs] 
2497.974: [GC (Allocation Failure) [PSYoungGen: 66624K->1616K(67072K)] 505607K->440599K(581120K), 0.0017794 secs] [Times: user=0.01 sys=0.00, real=0.00 secs] 
2498.356: [GC (Allocation Failure) [PSYoungGen: 66640K->1597K(67072K)] 505623K->440596K(581120K), 0.0019362 secs] [Times: user=0.00 sys=0.00, real=0.00 secs] 
2499.164: [GC (Allocation Failure) [PSYoungGen: 66621K->1456K(67072K)] 505620K->440455K(581120K), 0.0047188 secs] [Times: user=0.02 sys=0.00, real=0.00 secs] 
2500.622: [GC (Allocation Failure) [PSYoungGen: 66480K->1344K(67072K)] 505479K->440343K(581120K), 0.0044957 secs] [Times: user=0.02 sys=0.00, real=0.00 secs] 
2501.472: [GC (Allocation Failure) [PSYoungGen: 66368K->1360K(67072K)] 505367K->440375K(581120K), 0.0051294 secs] [Times: user=0.02 sys=0.00, real=0.00 secs] 
2502.066: [GC (Allocation Failure) [PSYoungGen: 66384K->1312K(67072K)] 505399K->440327K(581120K), 0.0029159 secs] [Times: user=0.02 sys=0.00, real=0.00 secs] 
2502.552: [GC (Allocation Failure) [PSYoungGen: 66336K->1456K(67072K)] 505351K->440471K(581120K), 0.0022304 secs] [Times: user=0.00 sys=0.00, real=0.00 secs] 
2502.961: [GC (Allocation Failure) [PSYoungGen: 66480K->1517K(67072K)] 505495K->440532K(581120K), 0.0017285 secs] [Times: user=0.00 sys=0.00, real=0.00 secs] 
2503.406: [GC (Allocation Failure) [PSYoungGen: 66541K->1536K(67072K)] 505556K->440551K(581120K), 0.0017687 secs] [Times: user=0.01 sys=0.00, real=0.00 secs] 
2503.787: [GC (Allocation Failure) [PSYoungGen: 66550K->1533K(67072K)] 505565K->440556K(581120K), 0.0017496 secs] [Times: user=0.01 sys=0.00, real=0.01 secs] 
2504.196: [GC (Allocation Failure) [PSYoungGen: 66557K->1440K(67072K)] 505580K->440463K(581120K), 0.0025442 secs] [Times: user=0.01 sys=0.00, real=0.01 secs] 
2504.487: [GC (Allocation Failure) [PSYoungGen: 66464K->1344K(67072K)] 505487K->440367K(581120K), 0.0023329 secs] [Times: user=0.01 sys=0.00, real=0.01 secs] 
2504.768: [GC (Allocation Failure) [PSYoungGen: 66368K->1376K(67072K)] 505391K->440399K(581120K), 0.0019777 secs] [Times: user=0.00 sys=0.00, real=0.01 secs] 
2505.057: [GC (Allocation Failure) [PSYoungGen: 66400K->1344K(67072K)] 505423K->440367K(581120K), 0.0020523 secs] [Times: user=0.01 sys=0.00, real=0.00 secs] 
2505.368: [GC (Allocation Failure) [PSYoungGen: 66285K->240K(67072K)] 505308K->439263K(581120K), 0.0019679 secs] [Times: user=0.01 sys=0.00, real=0.01 secs] 
2505.757: [GC (Allocation Failure) [PSYoungGen: 65236K->1565K(67072K)] 504260K->440588K(581120K), 0.0017121 secs] [Times: user=0.01 sys=0.00, real=0.01 secs] 
2506.142: [GC (Allocation Failure) [PSYoungGen: 66564K->1565K(67072K)] 505587K->440588K(581120K), 0.0016610 secs] [Times: user=0.01 sys=0.00, real=0.00 secs] 
2506.524: [GC (Allocation Failure) [PSYoungGen: 66576K->1565K(67072K)] 505599K->440604K(581120K), 0.0017155 secs] [Times: user=0.01 sys=0.00, real=0.00 secs] 
2507.026: [GC (Allocation Failure) [PSYoungGen: 66589K->1472K(67072K)] 505628K->440511K(581120K), 0.0023781 secs] [Times: user=0.01 sys=0.00, real=0.00 secs] 
2507.414: [GC (Allocation Failure) [PSYoungGen: 66496K->1376K(67072K)] 505535K->440415K(581120K), 0.0020077 secs] [Times: user=0.01 sys=0.00, real=0.00 secs] 
2507.695: [GC (Allocation Failure) [PSYoungGen: 66400K->1344K(67072K)] 505439K->440383K(581120K), 0.0022926 secs] [Times: user=0.01 sys=0.00, real=0.00 secs] 
2508.010: [GC (Allocation Failure) [PSYoungGen: 66368K->1312K(67072K)] 505407K->440367K(581120K), 0.0022207 secs] [Times: user=0.01 sys=0.00, real=0.00 secs] 
2508.278: [GC (Allocation Failure) [PSYoungGen: 66336K->1376K(67072K)] 505391K->440431K(581120K), 0.0021060 secs] [Times: user=0.01 sys=0.00, real=0.01 secs] 
2508.720: [GC (Allocation Failure) [PSYoungGen: 66400K->1472K(67072K)] 505455K->440527K(581120K), 0.0017124 secs] [Times: user=0.01 sys=0.00, real=0.00 secs] 
2509.105: [GC (Allocation Failure) [PSYoungGen: 66496K->1549K(67072K)] 505551K->440604K(581120K), 0.0019664 secs] [Times: user=0.00 sys=0.00, real=0.00 secs] 
2509.488: [GC (Allocation Failure) [PSYoungGen: 66573K->1549K(67072K)] 505628K->440612K(581120K), 0.0017772 secs] [Times: user=0.01 sys=0.00, real=0.01 secs] 
2509.985: [GC (Allocation Failure) [PSYoungGen: 66573K->1504K(67072K)] 505636K->440567K(581120K), 0.0021310 secs] [Times: user=0.01 sys=0.00, real=0.00 secs] 
2510.256: [GC (Allocation Failure) [PSYoungGen: 66528K->1376K(67072K)] 505591K->440439K(581120K), 0.0020118 secs] [Times: user=0.01 sys=0.00, real=0.00 secs] 
2510.526: [GC (Allocation Failure) [PSYoungGen: 66400K->1344K(67072K)] 505463K->440407K(581120K), 0.0020205 secs] [Times: user=0.00 sys=0.00, real=0.00 secs] 
2510.796: [GC (Allocation Failure) [PSYoungGen: 66368K->1312K(67072K)] 505431K->440375K(581120K), 0.0020427 secs] [Times: user=0.01 sys=0.00, real=0.00 secs] 
2511.067: [GC (Allocation Failure) [PSYoungGen: 66336K->1408K(67072K)] 505399K->440471K(581120K), 0.0023465 secs] [Times: user=0.01 sys=0.00, real=0.01 secs] 
2511.505: [GC (Allocation Failure) [PSYoungGen: 66432K->1565K(67072K)] 505495K->440628K(581120K), 0.0017259 secs] [Times: user=0.00 sys=0.00, real=0.00 secs] 
2511.886: [GC (Allocation Failure) [PSYoungGen: 66589K->1597K(67072K)] 505652K->440660K(581120K), 0.0018966 secs] [Times: user=0.01 sys=0.00, real=0.00 secs] 
2512.270: [GC (Allocation Failure) [PSYoungGen: 66621K->1504K(67072K)] 505684K->440575K(581120K), 0.0018597 secs] [Times: user=0.01 sys=0.00, real=0.00 secs] 
2512.711: [GC (Allocation Failure) [PSYoungGen: 66528K->1504K(67072K)] 505599K->440575K(581120K), 0.0020378 secs] [Times: user=0.01 sys=0.00, real=0.00 secs] 
2513.564: [GC (Allocation Failure) [PSYoungGen: 66528K->1376K(67072K)] 505599K->440447K(581120K), 0.0023000 secs] [Times: user=0.01 sys=0.00, real=0.00 secs] 
2514.161: [GC (Allocation Failure) [PSYoungGen: 66400K->1344K(67072K)] 505471K->440415K(581120K), 0.0021793 secs] [Times: user=0.01 sys=0.00, real=0.00 secs] 
2514.467: [GC (Allocation Failure) [PSYoungGen: 66368K->1376K(67072K)] 505439K->440447K(581120K), 0.0022100 secs] [Times: user=0.01 sys=0.00, real=0.01 secs] 
2514.738: [GC (Allocation Failure) [PSYoungGen: 66400K->1376K(67072K)] 505471K->440447K(581120K), 0.0021414 secs] [Times: user=0.00 sys=0.00, real=0.01 secs] 
2515.144: [GC (Allocation Failure) [PSYoungGen: 66400K->1504K(67072K)] 505471K->440575K(581120K), 0.0017872 secs] [Times: user=0.01 sys=0.00, real=0.00 secs] 
2515.526: [GC (Allocation Failure) [PSYoungGen: 66528K->1597K(67072K)] 505599K->440668K(581120K), 0.0017303 secs] [Times: user=0.00 sys=0.00, real=0.00 secs] 
2515.909: [GC (Allocation Failure) [PSYoungGen: 66621K->1533K(67072K)] 505692K->440620K(581120K), 0.0016667 secs] [Times: user=0.01 sys=0.00, real=0.01 secs] 
2516.474: [GC (Allocation Failure) [PSYoungGen: 66086K->2000K(67072K)] 505174K->441087K(581120K), 0.0024051 secs] [Times: user=0.01 sys=0.00, real=0.00 secs] 
2517.387: [GC (Allocation Failure) [PSYoungGen: 67024K->1376K(67072K)] 506111K->440463K(581120K), 0.0039045 secs] [Times: user=0.02 sys=0.00, real=0.01 secs] 
2518.274: [GC (Allocation Failure) [PSYoungGen: 66400K->1408K(67072K)] 505487K->440495K(581120K), 0.0033212 secs] [Times: user=0.01 sys=0.01, real=0.00 secs] 
2519.140: [GC (Allocation Failure) [PSYoungGen: 66432K->1360K(67072K)] 505519K->440447K(581120K), 0.0051994 secs] [Times: user=0.01 sys=0.01, real=0.00 secs] 
2519.727: [GC (Allocation Failure) [PSYoungGen: 66384K->1344K(67072K)] 505471K->440431K(581120K), 0.0028782 secs] [Times: user=0.01 sys=0.00, real=0.01 secs] 
2520.206: [GC (Allocation Failure) [PSYoungGen: 66368K->1469K(67072K)] 505455K->440556K(581120K), 0.0016194 secs] [Times: user=0.01 sys=0.00, real=0.00 secs] 
2520.589: [GC (Allocation Failure) [PSYoungGen: 66493K->1565K(67072K)] 505580K->440652K(581120K), 0.0018746 secs] [Times: user=0.01 sys=0.00, real=0.00 secs] 
2520.972: [GC (Allocation Failure) [PSYoungGen: 66589K->1597K(67072K)] 505676K->440700K(581120K), 0.0017577 secs] [Times: user=0.01 sys=0.00, real=0.00 secs] 
2521.350: [GC (Allocation Failure) [PSYoungGen: 65656K->288K(67072K)] 504759K->439391K(581120K), 0.0016222 secs] [Times: user=0.01 sys=0.00, real=0.00 secs] 
2521.656: [GC (Allocation Failure) [PSYoungGen: 65312K->1392K(67072K)] 504415K->440495K(581120K), 0.0019800 secs] [Times: user=0.01 sys=0.00, real=0.00 secs] 
2521.927: [GC (Allocation Failure) [PSYoungGen: 66416K->1344K(67072K)] 505519K->440447K(581120K), 0.0018007 secs] [Times: user=0.01 sys=0.00, real=0.00 secs] 
2522.197: [GC (Allocation Failure) [PSYoungGen: 66368K->1312K(67072K)] 505471K->440415K(581120K), 0.0019283 secs] [Times: user=0.01 sys=0.00, real=0.01 secs] 
2522.467: [GC (Allocation Failure) [PSYoungGen: 66336K->1376K(67072K)] 505439K->440479K(581120K), 0.0019547 secs] [Times: user=0.01 sys=0.00, real=0.01 secs] 
2522.907: [GC (Allocation Failure) [PSYoungGen: 66400K->1504K(67072K)] 505503K->440607K(581120K), 0.0017019 secs] [Times: user=0.01 sys=0.00, real=0.01 secs] 
2523.291: [GC (Allocation Failure) [PSYoungGen: 66528K->1597K(67072K)] 505631K->440700K(581120K), 0.0017290 secs] [Times: user=0.00 sys=0.00, real=0.00 secs] 
2523.674: [GC (Allocation Failure) [PSYoungGen: 66621K->1565K(67072K)] 505724K->440676K(581120K), 0.0016910 secs] [Times: user=0.01 sys=0.00, real=0.00 secs] 
2524.117: [GC (Allocation Failure) [PSYoungGen: 66568K->1616K(67072K)] 505679K->440727K(581120K), 0.0019526 secs] [Times: user=0.01 sys=0.00, real=0.01 secs] 
2524.494: [GC (Allocation Failure) [PSYoungGen: 66640K->1408K(67072K)] 505751K->440519K(581120K), 0.0020939 secs] [Times: user=0.01 sys=0.00, real=0.00 secs] 
2525.092: [GC (Allocation Failure) [PSYoungGen: 66432K->1344K(67072K)] 505543K->440455K(581120K), 0.0023168 secs] [Times: user=0.01 sys=0.00, real=0.00 secs] 
2525.843: [GC (Allocation Failure) [PSYoungGen: 66368K->1344K(67072K)] 505479K->440455K(581120K), 0.0020873 secs] [Times: user=0.01 sys=0.00, real=0.00 secs] 
2526.712: [GC (Allocation Failure) [PSYoungGen: 66368K->1360K(67072K)] 505479K->440471K(581120K), 0.0022489 secs] [Times: user=0.00 sys=0.00, real=0.00 secs] 
2527.272: [GC (Allocation Failure) [PSYoungGen: 66384K->1552K(67072K)] 505495K->440663K(581120K), 0.0016925 secs] [Times: user=0.00 sys=0.00, real=0.00 secs] 
2527.656: [GC (Allocation Failure) [PSYoungGen: 66576K->1565K(67072K)] 505687K->440676K(581120K), 0.0017632 secs] [Times: user=0.01 sys=0.00, real=0.00 secs] 
2528.039: [GC (Allocation Failure) [PSYoungGen: 66583K->1565K(67072K)] 505694K->440684K(581120K), 0.0019063 secs] [Times: user=0.00 sys=0.00, real=0.00 secs] 
2528.425: [GC (Allocation Failure) [PSYoungGen: 66589K->1597K(67072K)] 505708K->440724K(581120K), 0.0017047 secs] [Times: user=0.01 sys=0.00, real=0.00 secs] 
2529.048: [GC (Allocation Failure) [PSYoungGen: 66621K->1408K(67072K)] 505748K->440535K(581120K), 0.0031070 secs] [Times: user=0.02 sys=0.00, real=0.01 secs] 
2529.368: [GC (Allocation Failure) [PSYoungGen: 66432K->1408K(67072K)] 505559K->440535K(581120K), 0.0022607 secs] [Times: user=0.01 sys=0.00, real=0.01 secs] 
2529.743: [GC (Allocation Failure) [PSYoungGen: 66432K->1376K(67072K)] 505559K->440519K(581120K), 0.0023233 secs] [Times: user=0.01 sys=0.00, real=0.00 secs] 
2530.012: [GC (Allocation Failure) [PSYoungGen: 66400K->1376K(67072K)] 505543K->440527K(581120K), 0.0021167 secs] [Times: user=0.00 sys=0.00, real=0.00 secs] 
2530.380: [GC (Allocation Failure) [PSYoungGen: 66400K->1565K(67072K)] 505551K->440716K(581120K), 0.0017061 secs] [Times: user=0.01 sys=0.00, real=0.00 secs] 
2530.763: [GC (Allocation Failure) [PSYoungGen: 66589K->1536K(67072K)] 505740K->440687K(581120K), 0.0018856 secs] [Times: user=0.01 sys=0.00, real=0.00 secs] 
2531.147: [GC (Allocation Failure) [PSYoungGen: 66560K->1504K(67072K)] 505711K->440655K(581120K), 0.0017237 secs] [Times: user=0.01 sys=0.00, real=0.01 secs] 
2531.532: [GC (Allocation Failure) [PSYoungGen: 66528K->1584K(67072K)] 505679K->440743K(581120K), 0.0018260 secs] [Times: user=0.01 sys=0.00, real=0.00 secs] 
2531.857: [GC (Allocation Failure) [PSYoungGen: 66608K->1392K(67072K)] 505767K->440551K(581120K), 0.0018762 secs] [Times: user=0.01 sys=0.00, real=0.01 secs] 
2532.266: [GC (Allocation Failure) [PSYoungGen: 66416K->1376K(67072K)] 505575K->440535K(581120K), 0.0020388 secs] [Times: user=0.01 sys=0.00, real=0.00 secs] 
2532.757: [GC (Allocation Failure) [PSYoungGen: 66400K->1312K(67072K)] 505559K->440471K(581120K), 0.0021839 secs] [Times: user=0.01 sys=0.00, real=0.01 secs] 
2533.422: [GC (Allocation Failure) [PSYoungGen: 66336K->1312K(67072K)] 505495K->440479K(581120K), 0.0026421 secs] [Times: user=0.01 sys=0.00, real=0.00 secs] 
2534.017: [GC (Allocation Failure) [PSYoungGen: 66336K->1469K(67072K)] 505503K->440636K(581120K), 0.0017865 secs] [Times: user=0.01 sys=0.00, real=0.01 secs] 
2534.401: [GC (Allocation Failure) [PSYoungGen: 66493K->1613K(67072K)] 505660K->440780K(581120K), 0.0017399 secs] [Times: user=0.00 sys=0.00, real=0.00 secs] 
2534.785: [GC (Allocation Failure) [PSYoungGen: 66636K->1565K(67072K)] 505803K->440732K(581120K), 0.0017191 secs] [Times: user=0.01 sys=0.00, real=0.00 secs] 
2535.168: [GC (Allocation Failure) [PSYoungGen: 66589K->1565K(67072K)] 505756K->440740K(581120K), 0.0017618 secs] [Times: user=0.01 sys=0.00, real=0.01 secs] 
2536.287: [GC (Allocation Failure) [PSYoungGen: 66589K->1424K(67072K)] 505764K->440599K(581120K), 0.0022919 secs] [Times: user=0.01 sys=0.00, real=0.01 secs] 
2537.112: [GC (Allocation Failure) [PSYoungGen: 66448K->1408K(67072K)] 505623K->440583K(581120K), 0.0028596 secs] [Times: user=0.02 sys=0.00, real=0.00 secs] 
2537.666: [GC (Allocation Failure) [PSYoungGen: 66432K->1376K(67072K)] 505607K->440551K(581120K), 0.0031172 secs] [Times: user=0.01 sys=0.00, real=0.01 secs] 
2538.208: [GC (Allocation Failure) [PSYoungGen: 66400K->1376K(67072K)] 505575K->440551K(581120K), 0.0027420 secs] [Times: user=0.01 sys=0.00, real=0.01 secs] 
2538.729: [GC (Allocation Failure) [PSYoungGen: 66400K->1504K(67072K)] 505575K->440679K(581120K), 0.0016666 secs] [Times: user=0.01 sys=0.00, real=0.00 secs] 
2539.112: [GC (Allocation Failure) [PSYoungGen: 66528K->1536K(67072K)] 505703K->440711K(581120K), 0.0017211 secs] [Times: user=0.01 sys=0.00, real=0.00 secs] 
2539.494: [GC (Allocation Failure) [PSYoungGen: 66560K->1565K(67072K)] 505735K->440740K(581120K), 0.0018582 secs] [Times: user=0.00 sys=0.00, real=0.00 secs] 
2539.877: [GC (Allocation Failure) [PSYoungGen: 66589K->1565K(67072K)] 505764K->440748K(581120K), 0.0017302 secs] [Times: user=0.01 sys=0.00, real=0.01 secs] 
2540.332: [GC (Allocation Failure) [PSYoungGen: 66589K->1440K(67072K)] 505772K->440623K(581120K), 0.0020822 secs] [Times: user=0.01 sys=0.00, real=0.00 secs] 
2540.779: [GC (Allocation Failure) [PSYoungGen: 66464K->1376K(67072K)] 505647K->440567K(581120K), 0.0020336 secs] [Times: user=0.00 sys=0.00, real=0.00 secs] 
2541.276: [GC (Allocation Failure) [PSYoungGen: 66400K->1344K(67072K)] 505591K->440535K(581120K), 0.0049642 secs] [Times: user=0.00 sys=0.00, real=0.01 secs] 
2541.929: [GC (Allocation Failure) [PSYoungGen: 66368K->1408K(67072K)] 505559K->440599K(581120K), 0.0024287 secs] [Times: user=0.01 sys=0.00, real=0.00 secs] 
2542.940: [GC (Allocation Failure) [PSYoungGen: 66432K->1469K(67072K)] 505623K->440660K(581120K), 0.0016917 secs] [Times: user=0.01 sys=0.00, real=0.00 secs] 
2543.382: [GC (Allocation Failure) [PSYoungGen: 66493K->1597K(67072K)] 505684K->440788K(581120K), 0.0017019 secs] [Times: user=0.01 sys=0.00, real=0.00 secs] 
2543.764: [GC (Allocation Failure) [PSYoungGen: 66621K->1533K(67072K)] 505812K->440724K(581120K), 0.0017366 secs] [Times: user=0.01 sys=0.00, real=0.00 secs] 
2544.147: [GC (Allocation Failure) [PSYoungGen: 66557K->1533K(67072K)] 505748K->440732K(581120K), 0.0017319 secs] [Times: user=0.00 sys=0.00, real=0.00 secs] 
2544.902: [GC (Allocation Failure) [PSYoungGen: 66557K->1440K(67072K)] 505756K->440639K(581120K), 0.0035452 secs] [Times: user=0.01 sys=0.00, real=0.00 secs] 
2545.491: [GC (Allocation Failure) [PSYoungGen: 66464K->1360K(67072K)] 505663K->440559K(581120K), 0.0023373 secs] [Times: user=0.01 sys=0.00, real=0.00 secs] 
2545.834: [GC (Allocation Failure) [PSYoungGen: 66384K->1344K(67072K)] 505583K->440543K(581120K), 0.0021150 secs] [Times: user=0.01 sys=0.00, real=0.00 secs] 
2546.151: [GC (Allocation Failure) [PSYoungGen: 66368K->1376K(67072K)] 505567K->440575K(581120K), 0.0020016 secs] [Times: user=0.01 sys=0.00, real=0.00 secs] 
2546.546: [GC (Allocation Failure) [PSYoungGen: 66400K->1440K(67072K)] 505599K->440639K(581120K), 0.0016838 secs] [Times: user=0.00 sys=0.00, real=0.00 secs] 
2546.988: [GC (Allocation Failure) [PSYoungGen: 66464K->1533K(67072K)] 505663K->440732K(581120K), 0.0020515 secs] [Times: user=0.01 sys=0.00, real=0.01 secs] 
2547.373: [GC (Allocation Failure) [PSYoungGen: 66551K->1533K(67072K)] 505751K->440732K(581120K), 0.0017825 secs] [Times: user=0.01 sys=0.00, real=0.00 secs] 
2547.758: [GC (Allocation Failure) [PSYoungGen: 66557K->1565K(67072K)] 505756K->440780K(581120K), 0.0017380 secs] [Times: user=0.01 sys=0.00, real=0.01 secs] 
2548.297: [GC (Allocation Failure) [PSYoungGen: 66589K->1424K(67072K)] 505804K->440639K(581120K), 0.0041075 secs] [Times: user=0.02 sys=0.00, real=0.01 secs] 
2548.818: [GC (Allocation Failure) [PSYoungGen: 66448K->1376K(67072K)] 505663K->440591K(581120K), 0.0025238 secs] [Times: user=0.01 sys=0.00, real=0.01 secs] 
2549.328: [GC (Allocation Failure) [PSYoungGen: 66400K->1376K(67072K)] 505615K->440591K(581120K), 0.0026756 secs] [Times: user=0.01 sys=0.00, real=0.01 secs] 
2549.904: [GC (Allocation Failure) [PSYoungGen: 66400K->1344K(67072K)] 505615K->440575K(581120K), 0.0024262 secs] [Times: user=0.01 sys=0.00, real=0.00 secs] 
2550.427: [GC (Allocation Failure) [PSYoungGen: 66368K->1437K(67072K)] 505599K->440668K(581120K), 0.0017606 secs] [Times: user=0.01 sys=0.00, real=0.00 secs] 
2550.808: [GC (Allocation Failure) [PSYoungGen: 66461K->1504K(67072K)] 505692K->440735K(581120K), 0.0016701 secs] [Times: user=0.00 sys=0.00, real=0.01 secs] 
2551.191: [GC (Allocation Failure) [PSYoungGen: 66504K->1501K(67072K)] 505736K->440732K(581120K), 0.0016909 secs] [Times: user=0.01 sys=0.00, real=0.00 secs] 
2551.576: [GC (Allocation Failure) [PSYoungGen: 66519K->1533K(67072K)] 505750K->440772K(581120K), 0.0017276 secs] [Times: user=0.00 sys=0.00, real=0.00 secs] 
2552.110: [GC (Allocation Failure) [PSYoungGen: 66557K->1392K(67072K)] 505796K->440631K(581120K), 0.0020541 secs] [Times: user=0.00 sys=0.00, real=0.00 secs] 
2552.797: [GC (Allocation Failure) [PSYoungGen: 66416K->1376K(67072K)] 505655K->440615K(581120K), 0.0022297 secs] [Times: user=0.01 sys=0.00, real=0.01 secs] 
2553.313: [GC (Allocation Failure) [PSYoungGen: 66400K->1376K(67072K)] 505639K->440615K(581120K), 0.0023547 secs] [Times: user=0.01 sys=0.00, real=0.00 secs] 
2554.137: [GC (Allocation Failure) [PSYoungGen: 66400K->1376K(67072K)] 505639K->440615K(581120K), 0.0031060 secs] [Times: user=0.01 sys=0.00, real=0.01 secs] 
2554.852: [GC (Allocation Failure) [PSYoungGen: 66400K->1469K(67072K)] 505639K->440708K(581120K), 0.0019668 secs] [Times: user=0.01 sys=0.00, real=0.00 secs] 
2555.319: [GC (Allocation Failure) [PSYoungGen: 66493K->1565K(67072K)] 505732K->440804K(581120K), 0.0017506 secs] [Times: user=0.01 sys=0.00, real=0.00 secs] 
2555.701: [GC (Allocation Failure) [PSYoungGen: 66566K->1504K(67072K)] 505805K->440743K(581120K), 0.0017564 secs] [Times: user=0.00 sys=0.00, real=0.00 secs] 
2556.082: [GC (Allocation Failure) [PSYoungGen: 66524K->1533K(67072K)] 505764K->440780K(581120K), 0.0019349 secs] [Times: user=0.01 sys=0.00, real=0.00 secs] 
2556.719: [GC (Allocation Failure) [PSYoungGen: 66557K->1456K(67072K)] 505804K->440703K(581120K), 0.0041509 secs] [Times: user=0.02 sys=0.00, real=0.00 secs] 
2557.281: [GC (Allocation Failure) [PSYoungGen: 66480K->1360K(67072K)] 505727K->440607K(581120K), 0.0030535 secs] [Times: user=0.01 sys=0.00, real=0.00 secs] 
2557.840: [GC (Allocation Failure) [PSYoungGen: 66384K->1376K(67072K)] 505631K->440623K(581120K), 0.0029088 secs] [Times: user=0.01 sys=0.00, real=0.00 secs] 
2558.168: [GC (Allocation Failure) [PSYoungGen: 66400K->1376K(67072K)] 505647K->440623K(581120K), 0.0022647 secs] [Times: user=0.01 sys=0.00, real=0.01 secs] 
2558.517: [GC (Allocation Failure) [PSYoungGen: 66400K->1421K(67072K)] 505647K->440668K(581120K), 0.0015877 secs] [Times: user=0.01 sys=0.00, real=0.01 secs] 
2558.901: [GC (Allocation Failure) [PSYoungGen: 66445K->1597K(67072K)] 505692K->440844K(581120K), 0.0017625 secs] [Times: user=0.01 sys=0.00, real=0.00 secs] 
2559.346: [GC (Allocation Failure) [PSYoungGen: 66591K->1533K(67072K)] 505838K->440780K(581120K), 0.0017920 secs] [Times: user=0.00 sys=0.00, real=0.00 secs] 
2559.728: [GC (Allocation Failure) [PSYoungGen: 66557K->1536K(67072K)] 505804K->440791K(581120K), 0.0017742 secs] [Times: user=0.01 sys=0.00, real=0.01 secs] 
2560.906: [GC (Allocation Failure) [PSYoungGen: 66560K->1456K(67072K)] 505815K->440727K(581120K), 0.0044674 secs] [Times: user=0.02 sys=0.00, real=0.01 secs] 
2561.873: [GC (Allocation Failure) [PSYoungGen: 66480K->1376K(67072K)] 505751K->440647K(581120K), 0.0036453 secs] [Times: user=0.01 sys=0.00, real=0.00 secs] 
2562.472: [GC (Allocation Failure) [PSYoungGen: 66400K->1344K(67072K)] 505671K->440623K(581120K), 0.0027950 secs] [Times: user=0.01 sys=0.00, real=0.00 secs] 
2563.019: [GC (Allocation Failure) [PSYoungGen: 66368K->1376K(67072K)] 505647K->440655K(581120K), 0.0024330 secs] [Times: user=0.01 sys=0.00, real=0.00 secs] 
2563.657: [GC (Allocation Failure) [PSYoungGen: 66400K->1469K(67072K)] 505679K->440748K(581120K), 0.0019953 secs] [Times: user=0.01 sys=0.00, real=0.01 secs] 
2564.044: [GC (Allocation Failure) [PSYoungGen: 66493K->1565K(67072K)] 505772K->440844K(581120K), 0.0017666 secs] [Times: user=0.01 sys=0.00, real=0.00 secs] 
2564.428: [GC (Allocation Failure) [PSYoungGen: 66589K->1565K(67072K)] 505868K->440844K(581120K), 0.0017636 secs] [Times: user=0.01 sys=0.00, real=0.01 secs] 
2564.810: [GC (Allocation Failure) [PSYoungGen: 66589K->1565K(67072K)] 505868K->440852K(581120K), 0.0017367 secs] [Times: user=0.01 sys=0.00, real=0.00 secs] 
2565.188: [GC (Allocation Failure) [PSYoungGen: 66589K->1488K(67072K)] 505876K->440775K(581120K), 0.0019960 secs] [Times: user=0.01 sys=0.00, real=0.01 secs] 
2565.459: [GC (Allocation Failure) [PSYoungGen: 66512K->1376K(67072K)] 505799K->440663K(581120K), 0.0017896 secs] [Times: user=0.01 sys=0.00, real=0.00 secs] 
2565.729: [GC (Allocation Failure) [PSYoungGen: 66400K->1376K(67072K)] 505687K->440663K(581120K), 0.0018228 secs] [Times: user=0.01 sys=0.00, real=0.00 secs] 
2566.029: [GC (Allocation Failure) [PSYoungGen: 66400K->1376K(67072K)] 505687K->440663K(581120K), 0.0018294 secs] [Times: user=0.01 sys=0.00, real=0.00 secs] 
2566.325: [GC (Allocation Failure) [PSYoungGen: 66400K->1485K(67072K)] 505687K->440772K(581120K), 0.0015356 secs] [Times: user=0.01 sys=0.01, real=0.00 secs] 
2566.713: [GC (Allocation Failure) [PSYoungGen: 66509K->1533K(67072K)] 505796K->440820K(581120K), 0.0017271 secs] [Times: user=0.01 sys=0.00, real=0.00 secs] 
2567.099: [GC (Allocation Failure) [PSYoungGen: 66534K->1504K(67072K)] 505822K->440791K(581120K), 0.0018183 secs] [Times: user=0.01 sys=0.00, real=0.00 secs] 
2567.482: [GC (Allocation Failure) [PSYoungGen: 66526K->1565K(67072K)] 505814K->440860K(581120K), 0.0017921 secs] [Times: user=0.01 sys=0.00, real=0.00 secs] 
2567.853: [GC (Allocation Failure) [PSYoungGen: 66589K->1456K(67072K)] 505884K->440751K(581120K), 0.0020090 secs] [Times: user=0.01 sys=0.00, real=0.00 secs] 
2568.134: [GC (Allocation Failure) [PSYoungGen: 66480K->1376K(67072K)] 505775K->440687K(581120K), 0.0018538 secs] [Times: user=0.01 sys=0.00, real=0.00 secs] 
2568.448: [GC (Allocation Failure) [PSYoungGen: 66400K->1344K(67072K)] 505711K->440655K(581120K), 0.0019206 secs] [Times: user=0.01 sys=0.00, real=0.01 secs] 
2568.718: [GC (Allocation Failure) [PSYoungGen: 66368K->1344K(67072K)] 505679K->440655K(581120K), 0.0021499 secs] [Times: user=0.01 sys=0.00, real=0.01 secs] 
2569.035: [GC (Allocation Failure) [PSYoungGen: 66368K->1424K(67072K)] 505679K->440735K(581120K), 0.0021766 secs] [Times: user=0.01 sys=0.00, real=0.00 secs] 
2569.436: [GC (Allocation Failure) [PSYoungGen: 66448K->1597K(67072K)] 505759K->440908K(581120K), 0.0017611 secs] [Times: user=0.01 sys=0.00, real=0.00 secs] 
2569.817: [GC (Allocation Failure) [PSYoungGen: 66609K->1597K(67072K)] 505920K->440908K(581120K), 0.0016953 secs] [Times: user=0.01 sys=0.00, real=0.01 secs] 
2570.200: [GC (Allocation Failure) [PSYoungGen: 66621K->1501K(67072K)] 505932K->440828K(581120K), 0.0016829 secs] [Times: user=0.00 sys=0.00, real=0.00 secs] 
2570.721: [GC (Allocation Failure) [PSYoungGen: 66525K->1456K(67072K)] 505852K->440783K(581120K), 0.0019881 secs] [Times: user=0.00 sys=0.00, real=0.00 secs] 
2571.269: [GC (Allocation Failure) [PSYoungGen: 66480K->1344K(67072K)] 505807K->440671K(581120K), 0.0021146 secs] [Times: user=0.01 sys=0.00, real=0.01 secs] 
2571.817: [GC (Allocation Failure) [PSYoungGen: 66368K->1344K(67072K)] 505695K->440671K(581120K), 0.0024582 secs] [Times: user=0.01 sys=0.00, real=0.01 secs] 
2572.389: [GC (Allocation Failure) [PSYoungGen: 66368K->1344K(67072K)] 505695K->440679K(581120K), 0.0024863 secs] [Times: user=0.01 sys=0.00, real=0.00 secs] 
2572.910: [GC (Allocation Failure) [PSYoungGen: 66269K->288K(67072K)] 505605K->439623K(581120K), 0.0023530 secs] [Times: user=0.01 sys=0.00, real=0.00 secs] 
2573.323: [GC (Allocation Failure) [PSYoungGen: 65283K->1581K(67072K)] 504618K->440916K(581120K), 0.0018200 secs] [Times: user=0.01 sys=0.00, real=0.00 secs] 
2573.765: [GC (Allocation Failure) [PSYoungGen: 66595K->1565K(67072K)] 505931K->440900K(581120K), 0.0016551 secs] [Times: user=0.00 sys=0.00, real=0.00 secs] 
2574.206: [GC (Allocation Failure) [PSYoungGen: 66574K->1536K(67072K)] 505910K->440887K(581120K), 0.0017380 secs] [Times: user=0.00 sys=0.00, real=0.00 secs] 
2574.717: [GC (Allocation Failure) [PSYoungGen: 66560K->1472K(67072K)] 505911K->440823K(581120K), 0.0024885 secs] [Times: user=0.01 sys=0.00, real=0.01 secs] 
2575.341: [GC (Allocation Failure) [PSYoungGen: 66496K->1408K(67072K)] 505847K->440759K(581120K), 0.0034443 secs] [Times: user=0.02 sys=0.00, real=0.00 secs] 
2576.048: [GC (Allocation Failure) [PSYoungGen: 66432K->1408K(67072K)] 505783K->440759K(581120K), 0.0030204 secs] [Times: user=0.01 sys=0.01, real=0.01 secs] 
2576.628: [GC (Allocation Failure) [PSYoungGen: 66432K->1408K(67072K)] 505783K->440759K(581120K), 0.0029856 secs] [Times: user=0.01 sys=0.00, real=0.01 secs] 
2577.157: [GC (Allocation Failure) [PSYoungGen: 66432K->1376K(67072K)] 505783K->440727K(581120K), 0.0022686 secs] [Times: user=0.01 sys=0.01, real=0.01 secs] 
2577.595: [GC (Allocation Failure) [PSYoungGen: 66400K->1565K(67072K)] 505751K->440916K(581120K), 0.0017239 secs] [Times: user=0.00 sys=0.00, real=0.00 secs] 
2577.978: [GC (Allocation Failure) [PSYoungGen: 66589K->1597K(67072K)] 505940K->440948K(581120K), 0.0017235 secs] [Times: user=0.01 sys=0.00, real=0.01 secs] 
2578.361: [GC (Allocation Failure) [PSYoungGen: 66621K->1568K(67072K)] 505972K->440927K(581120K), 0.0016808 secs] [Times: user=0.01 sys=0.00, real=0.00 secs] 
2578.816: [GC (Allocation Failure) [PSYoungGen: 66592K->1504K(67072K)] 505951K->440863K(581120K), 0.0020874 secs] [Times: user=0.01 sys=0.00, real=0.00 secs] 
2579.217: [GC (Allocation Failure) [PSYoungGen: 66528K->1408K(67072K)] 505887K->440767K(581120K), 0.0019129 secs] [Times: user=0.00 sys=0.00, real=0.01 secs] 
2579.487: [GC (Allocation Failure) [PSYoungGen: 66432K->1376K(67072K)] 505791K->440751K(581120K), 0.0020137 secs] [Times: user=0.01 sys=0.00, real=0.01 secs] 
2579.758: [GC (Allocation Failure) [PSYoungGen: 66400K->1312K(67072K)] 505775K->440687K(581120K), 0.0019940 secs] [Times: user=0.01 sys=0.00, real=0.01 secs] 
2580.028: [GC (Allocation Failure) [PSYoungGen: 66336K->1360K(67072K)] 505711K->440735K(581120K), 0.0020909 secs] [Times: user=0.00 sys=0.00, real=0.01 secs] 
2580.427: [GC (Allocation Failure) [PSYoungGen: 66384K->1536K(67072K)] 505759K->440911K(581120K), 0.0017969 secs] [Times: user=0.01 sys=0.00, real=0.00 secs] 
2580.810: [GC (Allocation Failure) [PSYoungGen: 66560K->1533K(67072K)] 505935K->440908K(581120K), 0.0017201 secs] [Times: user=0.01 sys=0.00, real=0.00 secs] 
2581.193: [GC (Allocation Failure) [PSYoungGen: 66557K->1552K(67072K)] 505932K->440935K(581120K), 0.0018190 secs] [Times: user=0.01 sys=0.00, real=0.00 secs] 
2581.603: [GC (Allocation Failure) [PSYoungGen: 66576K->1488K(67072K)] 505959K->440871K(581120K), 0.0017262 secs] [Times: user=0.01 sys=0.00, real=0.00 secs] 
2581.874: [GC (Allocation Failure) [PSYoungGen: 66512K->1376K(67072K)] 505895K->440759K(581120K), 0.0021748 secs] [Times: user=0.01 sys=0.00, real=0.00 secs] 
2582.147: [GC (Allocation Failure) [PSYoungGen: 66400K->1360K(67072K)] 505783K->440743K(581120K), 0.0023366 secs] [Times: user=0.01 sys=0.00, real=0.01 secs] 
2582.524: [GC (Allocation Failure) [PSYoungGen: 66384K->1344K(67072K)] 505767K->440727K(581120K), 0.0042339 secs] [Times: user=0.02 sys=0.00, real=0.00 secs] 
2583.056: [GC (Allocation Failure) [PSYoungGen: 66368K->1376K(67072K)] 505751K->440759K(581120K), 0.0028829 secs] [Times: user=0.01 sys=0.00, real=0.00 secs] 
2583.588: [GC (Allocation Failure) [PSYoungGen: 66400K->1568K(67072K)] 505783K->440951K(581120K), 0.0018880 secs] [Times: user=0.01 sys=0.00, real=0.01 secs] 
2583.971: [GC (Allocation Failure) [PSYoungGen: 66592K->1536K(67072K)] 505975K->440919K(581120K), 0.0017065 secs] [Times: user=0.00 sys=0.00, real=0.00 secs] 
2584.353: [GC (Allocation Failure) [PSYoungGen: 66556K->1565K(67072K)] 505939K->440956K(581120K), 0.0017253 secs] [Times: user=0.00 sys=0.00, real=0.00 secs] 
2584.776: [GC (Allocation Failure) [PSYoungGen: 66589K->2016K(67072K)] 505980K->441407K(581120K), 0.0019948 secs] [Times: user=0.00 sys=0.00, real=0.00 secs] 
2585.328: [GC (Allocation Failure) [PSYoungGen: 67040K->1376K(67072K)] 506431K->440767K(581120K), 0.0018927 secs] [Times: user=0.00 sys=0.00, real=0.01 secs] 
2585.697: [GC (Allocation Failure) [PSYoungGen: 66400K->1328K(67072K)] 505791K->440719K(581120K), 0.0019083 secs] [Times: user=0.01 sys=0.00, real=0.01 secs] 
2585.967: [GC (Allocation Failure) [PSYoungGen: 66352K->1376K(67072K)] 505743K->440767K(581120K), 0.0018865 secs] [Times: user=0.01 sys=0.00, real=0.01 secs] 
2586.237: [GC (Allocation Failure) [PSYoungGen: 66400K->1376K(67072K)] 505791K->440767K(581120K), 0.0018261 secs] [Times: user=0.01 sys=0.00, real=0.01 secs] 
2586.615: [GC (Allocation Failure) [PSYoungGen: 66400K->1517K(67072K)] 505791K->440908K(581120K), 0.0016943 secs] [Times: user=0.01 sys=0.00, real=0.00 secs] 
2586.998: [GC (Allocation Failure) [PSYoungGen: 66541K->1533K(67072K)] 505932K->440924K(581120K), 0.0017078 secs] [Times: user=0.01 sys=0.00, real=0.01 secs] 
2587.381: [GC (Allocation Failure) [PSYoungGen: 66557K->1536K(67072K)] 505948K->440935K(581120K), 0.0018878 secs] [Times: user=0.01 sys=0.00, real=0.00 secs] 
2587.798: [GC (Allocation Failure) [PSYoungGen: 66560K->1648K(67072K)] 505959K->441047K(581120K), 0.0022510 secs] [Times: user=0.01 sys=0.00, real=0.01 secs] 
2588.122: [GC (Allocation Failure) [PSYoungGen: 66672K->1344K(67072K)] 506071K->440743K(581120K), 0.0020603 secs] [Times: user=0.01 sys=0.00, real=0.00 secs] 
2588.415: [GC (Allocation Failure) [PSYoungGen: 66368K->1376K(67072K)] 505767K->440791K(581120K), 0.0019702 secs] [Times: user=0.01 sys=0.00, real=0.00 secs] 
2588.686: [GC (Allocation Failure) [PSYoungGen: 66400K->1344K(67072K)] 505815K->440759K(581120K), 0.0019603 secs] [Times: user=0.01 sys=0.00, real=0.00 secs] 
2589.188: [GC (Allocation Failure) [PSYoungGen: 66368K->1376K(67072K)] 505783K->440791K(581120K), 0.0020543 secs] [Times: user=0.01 sys=0.00, real=0.01 secs] 
2589.664: [GC (Allocation Failure) [PSYoungGen: 66400K->1469K(67072K)] 505815K->440884K(581120K), 0.0016996 secs] [Times: user=0.01 sys=0.00, real=0.00 secs] 
2590.046: [GC (Allocation Failure) [PSYoungGen: 66493K->1565K(67072K)] 505908K->440980K(581120K), 0.0017027 secs] [Times: user=0.00 sys=0.00, real=0.00 secs] 
2590.507: [GC (Allocation Failure) [PSYoungGen: 66589K->1568K(67072K)] 506004K->440991K(581120K), 0.0019065 secs] [Times: user=0.01 sys=0.00, real=0.01 secs] 
2590.887: [GC (Allocation Failure) [PSYoungGen: 66592K->224K(67072K)] 506015K->439647K(581120K), 0.0017630 secs] [Times: user=0.01 sys=0.00, real=0.01 secs] 
2591.194: [GC (Allocation Failure) [PSYoungGen: 65248K->1360K(67072K)] 504671K->440783K(581120K), 0.0022768 secs] [Times: user=0.01 sys=0.00, real=0.00 secs] 
2591.465: [GC (Allocation Failure) [PSYoungGen: 66384K->1376K(67072K)] 505807K->440799K(581120K), 0.0022046 secs] [Times: user=0.01 sys=0.00, real=0.00 secs] 
2591.735: [GC (Allocation Failure) [PSYoungGen: 66400K->1376K(67072K)] 505823K->440799K(581120K), 0.0021593 secs] [Times: user=0.01 sys=0.00, real=0.00 secs] 
2592.047: [GC (Allocation Failure) [PSYoungGen: 66400K->1344K(67072K)] 505823K->440767K(581120K), 0.0025090 secs] [Times: user=0.01 sys=0.00, real=0.01 secs] 
2592.553: [GC (Allocation Failure) [PSYoungGen: 66368K->1501K(67072K)] 505791K->440924K(581120K), 0.0016833 secs] [Times: user=0.00 sys=0.00, real=0.00 secs] 
2592.937: [GC (Allocation Failure) [PSYoungGen: 66525K->1533K(67072K)] 505948K->440956K(581120K), 0.0018478 secs] [Times: user=0.01 sys=0.00, real=0.01 secs] 
2593.331: [GC (Allocation Failure) [PSYoungGen: 66557K->1533K(67072K)] 505980K->440964K(581120K), 0.0017868 secs] [Times: user=0.01 sys=0.00, real=0.00 secs] 
2593.712: [GC (Allocation Failure) [PSYoungGen: 66542K->1597K(67072K)] 505974K->441028K(581120K), 0.0017639 secs] [Times: user=0.01 sys=0.00, real=0.00 secs] 
2594.380: [GC (Allocation Failure) [PSYoungGen: 66621K->1408K(67072K)] 506052K->440839K(581120K), 0.0024799 secs] [Times: user=0.01 sys=0.00, real=0.00 secs] 
2594.961: [GC (Allocation Failure) [PSYoungGen: 66432K->1376K(67072K)] 505863K->440807K(581120K), 0.0024632 secs] [Times: user=0.01 sys=0.00, real=0.00 secs] 
2595.376: [GC (Allocation Failure) [PSYoungGen: 66400K->1376K(67072K)] 505831K->440807K(581120K), 0.0020616 secs] [Times: user=0.01 sys=0.00, real=0.00 secs] 
2595.647: [GC (Allocation Failure) [PSYoungGen: 66400K->1344K(67072K)] 505831K->440775K(581120K), 0.0021986 secs] [Times: user=0.01 sys=0.00, real=0.01 secs] 
2596.008: [GC (Allocation Failure) [PSYoungGen: 66368K->1504K(67072K)] 505799K->440935K(581120K), 0.0016466 secs] [Times: user=0.00 sys=0.00, real=0.01 secs] 
2596.390: [GC (Allocation Failure) [PSYoungGen: 66528K->1597K(67072K)] 505959K->441028K(581120K), 0.0017265 secs] [Times: user=0.00 sys=0.01, real=0.00 secs] 
2596.778: [GC (Allocation Failure) [PSYoungGen: 66621K->1565K(67072K)] 506052K->440996K(581120K), 0.0017187 secs] [Times: user=0.01 sys=0.00, real=0.01 secs] 
2597.166: [GC (Allocation Failure) [PSYoungGen: 66589K->1565K(67072K)] 506020K->441004K(581120K), 0.0018424 secs] [Times: user=0.01 sys=0.00, real=0.00 secs] 
2597.967: [GC (Allocation Failure) [PSYoungGen: 66589K->1424K(67072K)] 506028K->440863K(581120K), 0.0021567 secs] [Times: user=0.01 sys=0.00, real=0.01 secs] 
2598.418: [GC (Allocation Failure) [PSYoungGen: 66448K->1360K(67072K)] 505887K->440799K(581120K), 0.0025680 secs] [Times: user=0.01 sys=0.00, real=0.01 secs] 
2598.701: [GC (Allocation Failure) [PSYoungGen: 66384K->1376K(67072K)] 505823K->440815K(581120K), 0.0021247 secs] [Times: user=0.01 sys=0.00, real=0.00 secs] 
2598.981: [GC (Allocation Failure) [PSYoungGen: 66400K->1344K(67072K)] 505839K->440799K(581120K), 0.0020201 secs] [Times: user=0.01 sys=0.00, real=0.00 secs] 
2599.352: [GC (Allocation Failure) [PSYoungGen: 66368K->1533K(67072K)] 505823K->440988K(581120K), 0.0016293 secs] [Times: user=0.01 sys=0.00, real=0.00 secs] 
2599.736: [GC (Allocation Failure) [PSYoungGen: 66557K->1565K(67072K)] 506012K->441020K(581120K), 0.0016984 secs] [Times: user=0.00 sys=0.00, real=0.00 secs] 
2600.119: [GC (Allocation Failure) [PSYoungGen: 66589K->1581K(67072K)] 506044K->441036K(581120K), 0.0019038 secs] [Times: user=0.01 sys=0.00, real=0.00 secs] 
2600.502: [GC (Allocation Failure) [PSYoungGen: 66605K->1597K(67072K)] 506060K->441060K(581120K), 0.0017270 secs] [Times: user=0.01 sys=0.00, real=0.00 secs] 
2601.071: [GC (Allocation Failure) [PSYoungGen: 66621K->1376K(67072K)] 506084K->440839K(581120K), 0.0021361 secs] [Times: user=0.01 sys=0.00, real=0.00 secs] 
2601.456: [GC (Allocation Failure) [PSYoungGen: 66400K->1408K(67072K)] 505863K->440871K(581120K), 0.0023415 secs] [Times: user=0.00 sys=0.00, real=0.01 secs] 
2601.746: [GC (Allocation Failure) [PSYoungGen: 66432K->1376K(67072K)] 505895K->440839K(581120K), 0.0020434 secs] [Times: user=0.01 sys=0.00, real=0.00 secs] 
2602.029: [GC (Allocation Failure) [PSYoungGen: 66400K->1344K(67072K)] 505863K->440807K(581120K), 0.0021182 secs] [Times: user=0.01 sys=0.00, real=0.00 secs] 
2602.406: [GC (Allocation Failure) [PSYoungGen: 66368K->1472K(67072K)] 505831K->440935K(581120K), 0.0017049 secs] [Times: user=0.00 sys=0.00, real=0.00 secs] 
2602.789: [GC (Allocation Failure) [PSYoungGen: 66496K->1549K(67072K)] 505959K->441012K(581120K), 0.0017360 secs] [Times: user=0.01 sys=0.00, real=0.01 secs] 
2603.171: [GC (Allocation Failure) [PSYoungGen: 66573K->1533K(67072K)] 506036K->440996K(581120K), 0.0017212 secs] [Times: user=0.01 sys=0.00, real=0.00 secs] 
2603.564: [GC (Allocation Failure) [PSYoungGen: 66557K->1597K(67072K)] 506020K->441068K(581120K), 0.0017173 secs] [Times: user=0.00 sys=0.00, real=0.00 secs] 
2603.884: [GC (Allocation Failure) [PSYoungGen: 66621K->1408K(67072K)] 506092K->440879K(581120K), 0.0017843 secs] [Times: user=0.01 sys=0.00, real=0.00 secs] 
2604.154: [GC (Allocation Failure) [PSYoungGen: 66432K->1360K(67072K)] 505903K->440831K(581120K), 0.0018206 secs] [Times: user=0.01 sys=0.00, real=0.00 secs] 
2604.424: [GC (Allocation Failure) [PSYoungGen: 66384K->1328K(67072K)] 505855K->440799K(581120K), 0.0017797 secs] [Times: user=0.00 sys=0.00, real=0.00 secs] 
2604.694: [GC (Allocation Failure) [PSYoungGen: 66352K->1344K(67072K)] 505823K->440815K(581120K), 0.0018362 secs] [Times: user=0.01 sys=0.00, real=0.00 secs] 
2605.065: [GC (Allocation Failure) [PSYoungGen: 66368K->1533K(67072K)] 505839K->441004K(581120K), 0.0016980 secs] [Times: user=0.01 sys=0.00, real=0.00 secs] 
2605.449: [GC (Allocation Failure) [PSYoungGen: 66557K->1536K(67072K)] 506028K->441007K(581120K), 0.0017234 secs] [Times: user=0.00 sys=0.00, real=0.00 secs] 
2605.833: [GC (Allocation Failure) [PSYoungGen: 66560K->1568K(67072K)] 506031K->441039K(581120K), 0.0017658 secs] [Times: user=0.00 sys=0.00, real=0.00 secs] 
2606.217: [GC (Allocation Failure) [PSYoungGen: 66592K->1565K(67072K)] 506063K->441044K(581120K), 0.0017670 secs] [Times: user=0.01 sys=0.00, real=0.00 secs] 
2606.572: [GC (Allocation Failure) [PSYoungGen: 66589K->1376K(67072K)] 506068K->440855K(581120K), 0.0019102 secs] [Times: user=0.00 sys=0.00, real=0.00 secs] 
2606.873: [GC (Allocation Failure) [PSYoungGen: 66400K->1344K(67072K)] 505879K->440823K(581120K), 0.0020059 secs] [Times: user=0.01 sys=0.00, real=0.00 secs] 
2607.237: [GC (Allocation Failure) [PSYoungGen: 66368K->1344K(67072K)] 505847K->440823K(581120K), 0.0030873 secs] [Times: user=0.01 sys=0.00, real=0.01 secs] 
2607.586: [GC (Allocation Failure) [PSYoungGen: 66358K->1552K(67072K)] 505838K->441055K(581120K), 0.0019346 secs] [Times: user=0.01 sys=0.00, real=0.00 secs] 
2607.851: [GC (Allocation Failure) [PSYoungGen: 66576K->1533K(67072K)] 506079K->441036K(581120K), 0.0019078 secs] [Times: user=0.01 sys=0.00, real=0.00 secs] 
2608.115: [GC (Allocation Failure) [PSYoungGen: 66557K->1565K(67072K)] 506060K->441068K(581120K), 0.0018510 secs] [Times: user=0.00 sys=0.00, real=0.00 secs] 
2608.619: [GC (Allocation Failure) [PSYoungGen: 66589K->1440K(67072K)] 506092K->440943K(581120K), 0.0020451 secs] [Times: user=0.01 sys=0.00, real=0.00 secs] 
2609.364: [GC (Allocation Failure) [PSYoungGen: 66464K->1328K(67072K)] 505967K->440831K(581120K), 0.0029500 secs] [Times: user=0.01 sys=0.00, real=0.00 secs] 
2609.927: [GC (Allocation Failure) [PSYoungGen: 66352K->1360K(67072K)] 505855K->440863K(581120K), 0.0026316 secs] [Times: user=0.01 sys=0.00, real=0.01 secs] 
2610.338: [GC (Allocation Failure) [PSYoungGen: 66384K->1376K(67072K)] 505887K->440879K(581120K), 0.0034694 secs] [Times: user=0.01 sys=0.00, real=0.01 secs] 
2610.809: [GC (Allocation Failure) [PSYoungGen: 66400K->1312K(67072K)] 505903K->440815K(581120K), 0.0025063 secs] [Times: user=0.01 sys=0.00, real=0.01 secs] 
2611.275: [GC (Allocation Failure) [PSYoungGen: 66336K->1533K(67072K)] 505839K->441036K(581120K), 0.0017087 secs] [Times: user=0.00 sys=0.00, real=0.00 secs] 
2611.661: [GC (Allocation Failure) [PSYoungGen: 66557K->1565K(67072K)] 506060K->441068K(581120K), 0.0017412 secs] [Times: user=0.00 sys=0.00, real=0.00 secs] 
2612.047: [GC (Allocation Failure) [PSYoungGen: 66589K->1549K(67072K)] 506092K->441052K(581120K), 0.0018325 secs] [Times: user=0.01 sys=0.00, real=0.00 secs] 
2612.460: [GC (Allocation Failure) [PSYoungGen: 66573K->2000K(67072K)] 506076K->441503K(581120K), 0.0019993 secs] [Times: user=0.00 sys=0.00, real=0.00 secs] 
2613.034: [GC (Allocation Failure) [PSYoungGen: 67024K->1360K(67072K)] 506527K->440863K(581120K), 0.0018754 secs] [Times: user=0.01 sys=0.00, real=0.00 secs] 
2613.500: [GC (Allocation Failure) [PSYoungGen: 66384K->1344K(67072K)] 505887K->440847K(581120K), 0.0028089 secs] [Times: user=0.02 sys=0.00, real=0.00 secs] 
2613.759: [GC (Allocation Failure) [PSYoungGen: 66368K->1360K(67072K)] 505871K->440863K(581120K), 0.0027287 secs] [Times: user=0.01 sys=0.00, real=0.00 secs] 
2614.062: [GC (Allocation Failure) [PSYoungGen: 66384K->1376K(67072K)] 505887K->440879K(581120K), 0.0021788 secs] [Times: user=0.01 sys=0.00, real=0.00 secs] 
2614.465: [GC (Allocation Failure) [PSYoungGen: 66400K->1584K(67072K)] 505903K->441087K(581120K), 0.0017740 secs] [Times: user=0.01 sys=0.00, real=0.00 secs] 
2614.848: [GC (Allocation Failure) [PSYoungGen: 66594K->1533K(67072K)] 506098K->441036K(581120K), 0.0016609 secs] [Times: user=0.01 sys=0.00, real=0.01 secs] 
2615.231: [GC (Allocation Failure) [PSYoungGen: 66557K->1565K(67072K)] 506060K->441076K(581120K), 0.0017351 secs] [Times: user=0.01 sys=0.00, real=0.00 secs] 
2615.946: [GC (Allocation Failure) [PSYoungGen: 66589K->1632K(67072K)] 506100K->441143K(581120K), 0.0027997 secs] [Times: user=0.01 sys=0.00, real=0.01 secs] 
2616.629: [GC (Allocation Failure) [PSYoungGen: 66656K->1376K(67072K)] 506167K->440887K(581120K), 0.0045076 secs] [Times: user=0.02 sys=0.00, real=0.00 secs] 
2617.258: [GC (Allocation Failure) [PSYoungGen: 66400K->1344K(67072K)] 505911K->440855K(581120K), 0.0029013 secs] [Times: user=0.01 sys=0.00, real=0.01 secs] 
2617.532: [GC (Allocation Failure) [PSYoungGen: 66368K->1344K(67072K)] 505879K->440855K(581120K), 0.0021206 secs] [Times: user=0.01 sys=0.00, real=0.00 secs] 
2617.802: [GC (Allocation Failure) [PSYoungGen: 66368K->1376K(67072K)] 505879K->440887K(581120K), 0.0019108 secs] [Times: user=0.01 sys=0.00, real=0.00 secs] 
2618.174: [GC (Allocation Failure) [PSYoungGen: 66400K->1501K(67072K)] 505911K->441012K(581120K), 0.0016976 secs] [Times: user=0.01 sys=0.00, real=0.00 secs] 
2618.557: [GC (Allocation Failure) [PSYoungGen: 66525K->1565K(67072K)] 506036K->441076K(581120K), 0.0017660 secs] [Times: user=0.01 sys=0.00, real=0.00 secs] 
2618.940: [GC (Allocation Failure) [PSYoungGen: 66589K->1549K(67072K)] 506100K->441084K(581120K), 0.0017598 secs] [Times: user=0.01 sys=0.00, real=0.00 secs] 
2619.319: [GC (Allocation Failure) [PSYoungGen: 66573K->192K(67072K)] 506108K->439727K(581120K), 0.0017048 secs] [Times: user=0.01 sys=0.00, real=0.00 secs] 
2619.642: [GC (Allocation Failure) [PSYoungGen: 65216K->1344K(67072K)] 504751K->440879K(581120K), 0.0019756 secs] [Times: user=0.01 sys=0.00, real=0.00 secs] 
2620.022: [GC (Allocation Failure) [PSYoungGen: 66368K->1344K(67072K)] 505903K->440879K(581120K), 0.0021479 secs] [Times: user=0.01 sys=0.00, real=0.00 secs] 
2620.293: [GC (Allocation Failure) [PSYoungGen: 66368K->1392K(67072K)] 505903K->440927K(581120K), 0.0026593 secs] [Times: user=0.01 sys=0.01, real=0.00 secs] 
2620.587: [GC (Allocation Failure) [PSYoungGen: 66416K->1344K(67072K)] 505951K->440879K(581120K), 0.0023333 secs] [Times: user=0.01 sys=0.00, real=0.01 secs] 
2621.053: [GC (Allocation Failure) [PSYoungGen: 66368K->1501K(67072K)] 505903K->441036K(581120K), 0.0017363 secs] [Times: user=0.00 sys=0.00, real=0.00 secs] 
2621.437: [GC (Allocation Failure) [PSYoungGen: 66525K->1504K(67072K)] 506060K->441039K(581120K), 0.0017694 secs] [Times: user=0.01 sys=0.00, real=0.01 secs] 
2621.878: [GC (Allocation Failure) [PSYoungGen: 66528K->1517K(67072K)] 506063K->441060K(581120K), 0.0017550 secs] [Times: user=0.01 sys=0.00, real=0.01 secs] 
2622.260: [GC (Allocation Failure) [PSYoungGen: 66527K->1565K(67072K)] 506071K->441108K(581120K), 0.0017741 secs] [Times: user=0.00 sys=0.00, real=0.00 secs] 
2623.939: [GC (Allocation Failure) [PSYoungGen: 66589K->1376K(67072K)] 506132K->440927K(581120K), 0.0042762 secs] [Times: user=0.02 sys=0.00, real=0.00 secs] 
2624.340: [GC (Allocation Failure) [PSYoungGen: 66400K->1376K(67072K)] 505951K->440927K(581120K), 0.0021016 secs] [Times: user=0.01 sys=0.00, real=0.00 secs] 
2624.638: [GC (Allocation Failure) [PSYoungGen: 66400K->1376K(67072K)] 505951K->440927K(581120K), 0.0020828 secs] [Times: user=0.01 sys=0.00, real=0.01 secs] 
2624.908: [GC (Allocation Failure) [PSYoungGen: 66400K->1376K(67072K)] 505951K->440927K(581120K), 0.0019347 secs] [Times: user=0.01 sys=0.00, real=0.01 secs] 
2625.268: [GC (Allocation Failure) [PSYoungGen: 66400K->1472K(67072K)] 505951K->441023K(581120K), 0.0016883 secs] [Times: user=0.00 sys=0.00, real=0.01 secs] 
2625.650: [GC (Allocation Failure) [PSYoungGen: 66496K->1581K(67072K)] 506047K->441132K(581120K), 0.0016172 secs] [Times: user=0.01 sys=0.00, real=0.00 secs] 
2626.036: [GC (Allocation Failure) [PSYoungGen: 66605K->1536K(67072K)] 506156K->441087K(581120K), 0.0016853 secs] [Times: user=0.01 sys=0.00, real=0.00 secs] 
2626.422: [GC (Allocation Failure) [PSYoungGen: 66560K->1597K(67072K)] 506111K->441156K(581120K), 0.0017197 secs] [Times: user=0.01 sys=0.00, real=0.00 secs] 
2626.801: [GC (Allocation Failure) [PSYoungGen: 66621K->1424K(67072K)] 506180K->440983K(581120K), 0.0018865 secs] [Times: user=0.01 sys=0.00, real=0.00 secs] 
2627.071: [GC (Allocation Failure) [PSYoungGen: 66448K->1376K(67072K)] 506007K->440935K(581120K), 0.0019397 secs] [Times: user=0.01 sys=0.00, real=0.00 secs] 
2627.342: [GC (Allocation Failure) [PSYoungGen: 66400K->1344K(67072K)] 505959K->440903K(581120K), 0.0021639 secs] [Times: user=0.01 sys=0.00, real=0.00 secs] 
2627.613: [GC (Allocation Failure) [PSYoungGen: 66368K->1312K(67072K)] 505927K->440871K(581120K), 0.0024591 secs] [Times: user=0.01 sys=0.00, real=0.00 secs] 
2628.005: [GC (Allocation Failure) [PSYoungGen: 66336K->1504K(67072K)] 505895K->441063K(581120K), 0.0016455 secs] [Times: user=0.01 sys=0.00, real=0.00 secs] 
2628.388: [GC (Allocation Failure) [PSYoungGen: 66528K->1565K(67072K)] 506087K->441124K(581120K), 0.0017407 secs] [Times: user=0.00 sys=0.00, real=0.01 secs] 
2628.773: [GC (Allocation Failure) [PSYoungGen: 66589K->1533K(67072K)] 506148K->441092K(581120K), 0.0018540 secs] [Times: user=0.00 sys=0.00, real=0.00 secs] 
2629.156: [GC (Allocation Failure) [PSYoungGen: 66543K->1581K(67072K)] 506102K->441156K(581120K), 0.0017156 secs] [Times: user=0.00 sys=0.01, real=0.00 secs] 
2629.656: [GC (Allocation Failure) [PSYoungGen: 66605K->1376K(67072K)] 506180K->440951K(581120K), 0.0020687 secs] [Times: user=0.00 sys=0.00, real=0.00 secs] 
2630.212: [GC (Allocation Failure) [PSYoungGen: 66400K->1376K(67072K)] 505975K->440951K(581120K), 0.0022513 secs] [Times: user=0.01 sys=0.00, real=0.00 secs] 
2630.821: [GC (Allocation Failure) [PSYoungGen: 66400K->1376K(67072K)] 505975K->440951K(581120K), 0.0023920 secs] [Times: user=0.01 sys=0.00, real=0.00 secs] 
2631.596: [GC (Allocation Failure) [PSYoungGen: 66400K->1376K(67072K)] 505975K->440951K(581120K), 0.0024012 secs] [Times: user=0.01 sys=0.00, real=0.01 secs] 
2632.248: [GC (Allocation Failure) [PSYoungGen: 66400K->1440K(67072K)] 505975K->441015K(581120K), 0.0016432 secs] [Times: user=0.00 sys=0.00, real=0.01 secs] 
2632.631: [GC (Allocation Failure) [PSYoungGen: 66464K->1504K(67072K)] 506039K->441079K(581120K), 0.0018332 secs] [Times: user=0.01 sys=0.01, real=0.00 secs] 
2633.015: [GC (Allocation Failure) [PSYoungGen: 66528K->1565K(67072K)] 506103K->441140K(581120K), 0.0017253 secs] [Times: user=0.00 sys=0.00, real=0.00 secs] 
2633.397: [GC (Allocation Failure) [PSYoungGen: 66575K->1565K(67072K)] 506150K->441148K(581120K), 0.0019054 secs] [Times: user=0.01 sys=0.00, real=0.01 secs] 
2633.690: [GC (Allocation Failure) [PSYoungGen: 66589K->1424K(67072K)] 506172K->441007K(581120K), 0.0017606 secs] [Times: user=0.00 sys=0.00, real=0.00 secs] 
2634.029: [GC (Allocation Failure) [PSYoungGen: 66448K->1376K(67072K)] 506031K->440959K(581120K), 0.0020505 secs] [Times: user=0.01 sys=0.01, real=0.00 secs] 
2634.565: [GC (Allocation Failure) [PSYoungGen: 66400K->1360K(67072K)] 505983K->440943K(581120K), 0.0026067 secs] [Times: user=0.01 sys=0.01, real=0.00 secs] 
2635.157: [GC (Allocation Failure) [PSYoungGen: 66384K->1360K(67072K)] 505967K->440943K(581120K), 0.0025608 secs] [Times: user=0.02 sys=0.00, real=0.01 secs] 
2635.853: [GC (Allocation Failure) [PSYoungGen: 66384K->1501K(67072K)] 505967K->441084K(581120K), 0.0016911 secs] [Times: user=0.01 sys=0.00, real=0.00 secs] 
2636.296: [GC (Allocation Failure) [PSYoungGen: 66525K->1565K(67072K)] 506108K->441148K(581120K), 0.0017994 secs] [Times: user=0.01 sys=0.00, real=0.00 secs] 
2636.680: [GC (Allocation Failure) [PSYoungGen: 66589K->1504K(67072K)] 506172K->441087K(581120K), 0.0018185 secs] [Times: user=0.01 sys=0.00, real=0.00 secs] 
2637.066: [GC (Allocation Failure) [PSYoungGen: 66528K->1536K(67072K)] 506111K->441127K(581120K), 0.0017833 secs] [Times: user=0.01 sys=0.00, real=0.00 secs] 
2637.373: [GC (Allocation Failure) [PSYoungGen: 66560K->1408K(67072K)] 506151K->440999K(581120K), 0.0026244 secs] [Times: user=0.01 sys=0.00, real=0.00 secs] 
2637.644: [GC (Allocation Failure) [PSYoungGen: 66432K->1376K(67072K)] 506023K->440967K(581120K), 0.0022706 secs] [Times: user=0.01 sys=0.00, real=0.00 secs] 
2637.914: [GC (Allocation Failure) [PSYoungGen: 66400K->1376K(67072K)] 505991K->440967K(581120K), 0.0021510 secs] [Times: user=0.01 sys=0.00, real=0.00 secs] 
2638.399: [GC (Allocation Failure) [PSYoungGen: 66400K->1344K(67072K)] 505991K->440935K(581120K), 0.0021920 secs] [Times: user=0.01 sys=0.00, real=0.00 secs] 
2639.017: [GC (Allocation Failure) [PSYoungGen: 66338K->1437K(67072K)] 505929K->441052K(581120K), 0.0016456 secs] [Times: user=0.01 sys=0.00, real=0.00 secs] 
2639.399: [GC (Allocation Failure) [PSYoungGen: 66461K->1581K(67072K)] 506076K->441196K(581120K), 0.0017975 secs] [Times: user=0.00 sys=0.00, real=0.01 secs] 
2639.780: [GC (Allocation Failure) [PSYoungGen: 66588K->1597K(67072K)] 506203K->441212K(581120K), 0.0019061 secs] [Times: user=0.01 sys=0.00, real=0.00 secs] 
2640.163: [GC (Allocation Failure) [PSYoungGen: 66621K->1565K(67072K)] 506236K->441196K(581120K), 0.0017271 secs] [Times: user=0.01 sys=0.00, real=0.00 secs] 
2640.666: [GC (Allocation Failure) [PSYoungGen: 66589K->1360K(67072K)] 506220K->440991K(581120K), 0.0020927 secs] [Times: user=0.00 sys=0.00, real=0.00 secs] 
2640.943: [GC (Allocation Failure) [PSYoungGen: 66384K->1360K(67072K)] 506015K->440991K(581120K), 0.0020445 secs] [Times: user=0.01 sys=0.00, real=0.00 secs] 
2641.753: [GC (Allocation Failure) [PSYoungGen: 66384K->1344K(67072K)] 506015K->440975K(581120K), 0.0033906 secs] [Times: user=0.02 sys=0.00, real=0.00 secs] 
2642.679: [GC (Allocation Failure) [PSYoungGen: 66368K->1392K(67072K)] 505999K->441023K(581120K), 0.0036362 secs] [Times: user=0.02 sys=0.00, real=0.01 secs] 
2643.613: [GC (Allocation Failure) [PSYoungGen: 66416K->1440K(67072K)] 506047K->441071K(581120K), 0.0017061 secs] [Times: user=0.01 sys=0.00, real=0.00 secs] 
2644.056: [GC (Allocation Failure) [PSYoungGen: 66464K->1597K(67072K)] 506095K->441228K(581120K), 0.0017831 secs] [Times: user=0.01 sys=0.00, real=0.00 secs] 
2644.447: [GC (Allocation Failure) [PSYoungGen: 66621K->1517K(67072K)] 506252K->441148K(581120K), 0.0017674 secs] [Times: user=0.00 sys=0.00, real=0.01 secs] 
2644.830: [GC (Allocation Failure) [PSYoungGen: 66541K->1568K(67072K)] 506172K->441215K(581120K), 0.0018679 secs] [Times: user=0.01 sys=0.00, real=0.00 secs] 
2645.392: [GC (Allocation Failure) [PSYoungGen: 66592K->1456K(67072K)] 506239K->441103K(581120K), 0.0043411 secs] [Times: user=0.02 sys=0.00, real=0.00 secs] 
2645.892: [GC (Allocation Failure) [PSYoungGen: 66480K->1376K(67072K)] 506127K->441023K(581120K), 0.0028128 secs] [Times: user=0.01 sys=0.00, real=0.00 secs] 
2646.500: [GC (Allocation Failure) [PSYoungGen: 66400K->1328K(67072K)] 506047K->440975K(581120K), 0.0034459 secs] [Times: user=0.01 sys=0.00, real=0.00 secs] 
2647.007: [GC (Allocation Failure) [PSYoungGen: 66352K->1344K(67072K)] 505999K->440991K(581120K), 0.0029736 secs] [Times: user=0.01 sys=0.00, real=0.01 secs] 
2647.638: [GC (Allocation Failure) [PSYoungGen: 66368K->1469K(67072K)] 506015K->441116K(581120K), 0.0016531 secs] [Times: user=0.01 sys=0.00, real=0.01 secs] 
2648.022: [GC (Allocation Failure) [PSYoungGen: 66493K->1533K(67072K)] 506140K->441180K(581120K), 0.0017626 secs] [Times: user=0.00 sys=0.00, real=0.00 secs] 
2648.404: [GC (Allocation Failure) [PSYoungGen: 66534K->1501K(67072K)] 506182K->441148K(581120K), 0.0018321 secs] [Times: user=0.01 sys=0.00, real=0.00 secs] 
2648.786: [GC (Allocation Failure) [PSYoungGen: 66521K->1533K(67072K)] 506168K->441188K(581120K), 0.0017241 secs] [Times: user=0.01 sys=0.00, real=0.00 secs] 
2649.306: [GC (Allocation Failure) [PSYoungGen: 66557K->1456K(67072K)] 506212K->441111K(581120K), 0.0022078 secs] [Times: user=0.01 sys=0.01, real=0.00 secs] 
2649.625: [GC (Allocation Failure) [PSYoungGen: 66480K->1376K(67072K)] 506135K->441031K(581120K), 0.0034476 secs] [Times: user=0.02 sys=0.00, real=0.01 secs] 
2649.929: [GC (Allocation Failure) [PSYoungGen: 66400K->1312K(67072K)] 506055K->440983K(581120K), 0.0023817 secs] [Times: user=0.01 sys=0.00, real=0.00 secs] 
2650.199: [GC (Allocation Failure) [PSYoungGen: 66336K->1344K(67072K)] 506007K->441015K(581120K), 0.0021621 secs] [Times: user=0.01 sys=0.00, real=0.00 secs] 
2650.566: [GC (Allocation Failure) [PSYoungGen: 66368K->1437K(67072K)] 506039K->441108K(581120K), 0.0017747 secs] [Times: user=0.00 sys=0.00, real=0.00 secs] 
2650.950: [GC (Allocation Failure) [PSYoungGen: 66461K->1533K(67072K)] 506132K->441204K(581120K), 0.0017554 secs] [Times: user=0.01 sys=0.00, real=0.00 secs] 
2651.333: [GC (Allocation Failure) [PSYoungGen: 66539K->1469K(67072K)] 506211K->441140K(581120K), 0.0017936 secs] [Times: user=0.01 sys=0.00, real=0.00 secs] 
2651.716: [GC (Allocation Failure) [PSYoungGen: 66492K->1581K(67072K)] 506164K->441260K(581120K), 0.0017287 secs] [Times: user=0.00 sys=0.00, real=0.00 secs] 
2652.124: [GC (Allocation Failure) [PSYoungGen: 66605K->1424K(67072K)] 506284K->441103K(581120K), 0.0019556 secs] [Times: user=0.00 sys=0.00, real=0.00 secs] 
2652.692: [GC (Allocation Failure) [PSYoungGen: 66448K->1360K(67072K)] 506127K->441039K(581120K), 0.0029995 secs] [Times: user=0.02 sys=0.00, real=0.00 secs] 
2653.331: [GC (Allocation Failure) [PSYoungGen: 66384K->1392K(67072K)] 506063K->441071K(581120K), 0.0027455 secs] [Times: user=0.01 sys=0.00, real=0.00 secs] 
2654.082: [GC (Allocation Failure) [PSYoungGen: 66416K->1408K(67072K)] 506095K->441095K(581120K), 0.0025485 secs] [Times: user=0.01 sys=0.00, real=0.00 secs] 
2655.021: [GC (Allocation Failure) [PSYoungGen: 66432K->1488K(67072K)] 506119K->441175K(581120K), 0.0023058 secs] [Times: user=0.01 sys=0.00, real=0.00 secs] 
2655.435: [GC (Allocation Failure) [PSYoungGen: 66512K->1501K(67072K)] 506199K->441188K(581120K), 0.0017325 secs] [Times: user=0.01 sys=0.00, real=0.00 secs] 
2655.817: [GC (Allocation Failure) [PSYoungGen: 66525K->1584K(67072K)] 506212K->441271K(581120K), 0.0017447 secs] [Times: user=0.01 sys=0.00, real=0.01 secs] 
2656.201: [GC (Allocation Failure) [PSYoungGen: 66608K->1565K(67072K)] 506295K->441260K(581120K), 0.0017543 secs] [Times: user=0.00 sys=0.00, real=0.00 secs] 
2656.678: [GC (Allocation Failure) [PSYoungGen: 66589K->1488K(67072K)] 506284K->441183K(581120K), 0.0020353 secs] [Times: user=0.01 sys=0.00, real=0.01 secs] 
2656.948: [GC (Allocation Failure) [PSYoungGen: 66512K->1376K(67072K)] 506207K->441071K(581120K), 0.0018804 secs] [Times: user=0.01 sys=0.00, real=0.01 secs] 
2657.218: [GC (Allocation Failure) [PSYoungGen: 66400K->1376K(67072K)] 506095K->441071K(581120K), 0.0018459 secs] [Times: user=0.01 sys=0.00, real=0.01 secs] 
2657.488: [GC (Allocation Failure) [PSYoungGen: 66400K->1376K(67072K)] 506095K->441071K(581120K), 0.0018764 secs] [Times: user=0.00 sys=0.00, real=0.01 secs] 
2657.821: [GC (Allocation Failure) [PSYoungGen: 66400K->1469K(67072K)] 506095K->441164K(581120K), 0.0017200 secs] [Times: user=0.01 sys=0.00, real=0.00 secs] 
2658.205: [GC (Allocation Failure) [PSYoungGen: 66493K->1504K(67072K)] 506188K->441199K(581120K), 0.0017219 secs] [Times: user=0.01 sys=0.00, real=0.00 secs] 
2658.587: [GC (Allocation Failure) [PSYoungGen: 66505K->1565K(67072K)] 506200K->441260K(581120K), 0.0019161 secs] [Times: user=0.01 sys=0.00, real=0.01 secs] 
2658.970: [GC (Allocation Failure) [PSYoungGen: 66585K->1533K(67072K)] 506281K->441244K(581120K), 0.0017056 secs] [Times: user=0.01 sys=0.00, real=0.00 secs] 
2659.641: [GC (Allocation Failure) [PSYoungGen: 66557K->1456K(67072K)] 506268K->441191K(581120K), 0.0024677 secs] [Times: user=0.01 sys=0.00, real=0.00 secs] 
2660.184: [GC (Allocation Failure) [PSYoungGen: 66480K->1344K(67072K)] 506215K->441079K(581120K), 0.0026166 secs] [Times: user=0.01 sys=0.00, real=0.00 secs] 
2660.783: [GC (Allocation Failure) [PSYoungGen: 66368K->1344K(67072K)] 506103K->441079K(581120K), 0.0029848 secs] [Times: user=0.01 sys=0.00, real=0.00 secs] 
2661.472: [GC (Allocation Failure) [PSYoungGen: 66368K->1376K(67072K)] 506103K->441111K(581120K), 0.0029939 secs] [Times: user=0.02 sys=0.00, real=0.00 secs] 
2662.381: [GC (Allocation Failure) [PSYoungGen: 66400K->1456K(67072K)] 506135K->441191K(581120K), 0.0027237 secs] [Times: user=0.01 sys=0.00, real=0.00 secs] 
2662.824: [GC (Allocation Failure) [PSYoungGen: 66480K->1565K(67072K)] 506215K->441300K(581120K), 0.0017699 secs] [Times: user=0.01 sys=0.00, real=0.00 secs] 
2663.208: [GC (Allocation Failure) [PSYoungGen: 66589K->1565K(67072K)] 506324K->441300K(581120K), 0.0017534 secs] [Times: user=0.00 sys=0.00, real=0.01 secs] 
2663.592: [GC (Allocation Failure) [PSYoungGen: 66589K->1533K(67072K)] 506324K->441276K(581120K), 0.0017589 secs] [Times: user=0.01 sys=0.00, real=0.00 secs] 
2664.464: [GC (Allocation Failure) [PSYoungGen: 66557K->1440K(67072K)] 506300K->441183K(581120K), 0.0039985 secs] [Times: user=0.01 sys=0.00, real=0.00 secs] 
2665.009: [GC (Allocation Failure) [PSYoungGen: 66464K->1376K(67072K)] 506207K->441119K(581120K), 0.0029323 secs] [Times: user=0.02 sys=0.00, real=0.00 secs] 
2665.504: [GC (Allocation Failure) [PSYoungGen: 66400K->1376K(67072K)] 506143K->441119K(581120K), 0.0030429 secs] [Times: user=0.01 sys=0.00, real=0.00 secs] 
2666.038: [GC (Allocation Failure) [PSYoungGen: 66400K->1376K(67072K)] 506143K->441119K(581120K), 0.0029705 secs] [Times: user=0.01 sys=0.00, real=0.01 secs] 
2666.608: [GC (Allocation Failure) [PSYoungGen: 66279K->240K(67072K)] 506023K->439983K(581120K), 0.0025143 secs] [Times: user=0.01 sys=0.00, real=0.01 secs] 
2667.032: [GC (Allocation Failure) [PSYoungGen: 65264K->1549K(67072K)] 505007K->441292K(581120K), 0.0017034 secs] [Times: user=0.01 sys=0.00, real=0.00 secs] 
2667.421: [GC (Allocation Failure) [PSYoungGen: 66573K->1565K(67072K)] 506316K->441308K(581120K), 0.0017372 secs] [Times: user=0.00 sys=0.00, real=0.00 secs] 
2667.866: [GC (Allocation Failure) [PSYoungGen: 66581K->1533K(67072K)] 506325K->441284K(581120K), 0.0020311 secs] [Times: user=0.01 sys=0.00, real=0.00 secs] 
2668.451: [GC (Allocation Failure) [PSYoungGen: 66557K->1456K(67072K)] 506308K->441207K(581120K), 0.0024785 secs] [Times: user=0.01 sys=0.00, real=0.00 secs] 
2668.783: [GC (Allocation Failure) [PSYoungGen: 66480K->1376K(67072K)] 506231K->441127K(581120K), 0.0019683 secs] [Times: user=0.01 sys=0.00, real=0.00 secs] 
2669.070: [GC (Allocation Failure) [PSYoungGen: 66400K->1376K(67072K)] 506151K->441127K(581120K), 0.0020503 secs] [Times: user=0.00 sys=0.00, real=0.00 secs] 
2669.355: [GC (Allocation Failure) [PSYoungGen: 66400K->1344K(67072K)] 506151K->441119K(581120K), 0.0021440 secs] [Times: user=0.01 sys=0.00, real=0.00 secs] 
2669.661: [GC (Allocation Failure) [PSYoungGen: 66368K->1344K(67072K)] 506143K->441119K(581120K), 0.0020041 secs] [Times: user=0.01 sys=0.00, real=0.00 secs] 
2670.064: [GC (Allocation Failure) [PSYoungGen: 66368K->1565K(67072K)] 506143K->441340K(581120K), 0.0017046 secs] [Times: user=0.00 sys=0.00, real=0.00 secs] 
2670.448: [GC (Allocation Failure) [PSYoungGen: 66589K->1565K(67072K)] 506364K->441340K(581120K), 0.0017565 secs] [Times: user=0.00 sys=0.00, real=0.01 secs] 
2670.831: [GC (Allocation Failure) [PSYoungGen: 66589K->1565K(67072K)] 506364K->441356K(581120K), 0.0017566 secs] [Times: user=0.00 sys=0.00, real=0.00 secs] 
2671.258: [GC (Allocation Failure) [PSYoungGen: 66589K->1488K(67072K)] 506380K->441279K(581120K), 0.0021103 secs] [Times: user=0.00 sys=0.00, real=0.01 secs] 
2671.528: [GC (Allocation Failure) [PSYoungGen: 66512K->1376K(67072K)] 506303K->441167K(581120K), 0.0019730 secs] [Times: user=0.01 sys=0.00, real=0.01 secs] 
2671.848: [GC (Allocation Failure) [PSYoungGen: 66400K->1360K(67072K)] 506191K->441151K(581120K), 0.0028453 secs] [Times: user=0.01 sys=0.00, real=0.01 secs] 
2672.120: [GC (Allocation Failure) [PSYoungGen: 66384K->1328K(67072K)] 506175K->441119K(581120K), 0.0022025 secs] [Times: user=0.01 sys=0.00, real=0.00 secs] 
2672.427: [GC (Allocation Failure) [PSYoungGen: 66352K->1424K(67072K)] 506143K->441215K(581120K), 0.0021284 secs] [Times: user=0.01 sys=0.00, real=0.01 secs] 
2672.850: [GC (Allocation Failure) [PSYoungGen: 66448K->1581K(67072K)] 506239K->441372K(581120K), 0.0017276 secs] [Times: user=0.01 sys=0.00, real=0.00 secs] 
2673.234: [GC (Allocation Failure) [PSYoungGen: 66605K->1581K(67072K)] 506396K->441372K(581120K), 0.0017692 secs] [Times: user=0.01 sys=0.00, real=0.00 secs] 
2673.617: [GC (Allocation Failure) [PSYoungGen: 66605K->1581K(67072K)] 506396K->441380K(581120K), 0.0017640 secs] [Times: user=0.01 sys=0.00, real=0.01 secs] 
2674.025: [GC (Allocation Failure) [PSYoungGen: 66605K->1536K(67072K)] 506404K->441335K(581120K), 0.0019852 secs] [Times: user=0.01 sys=0.01, real=0.00 secs] 
2674.487: [GC (Allocation Failure) [PSYoungGen: 66560K->1376K(67072K)] 506359K->441175K(581120K), 0.0019932 secs] [Times: user=0.01 sys=0.01, real=0.00 secs] 
2675.065: [GC (Allocation Failure) [PSYoungGen: 66400K->1392K(67072K)] 506199K->441191K(581120K), 0.0032593 secs] [Times: user=0.01 sys=0.00, real=0.00 secs] 
2675.622: [GC (Allocation Failure) [PSYoungGen: 66416K->1408K(67072K)] 506215K->441207K(581120K), 0.0034961 secs] [Times: user=0.01 sys=0.01, real=0.00 secs] 
2676.208: [GC (Allocation Failure) [PSYoungGen: 66432K->1392K(67072K)] 506231K->441191K(581120K), 0.0031100 secs] [Times: user=0.02 sys=0.00, real=0.01 secs] 
2676.696: [GC (Allocation Failure) [PSYoungGen: 66416K->1568K(67072K)] 506215K->441367K(581120K), 0.0016876 secs] [Times: user=0.01 sys=0.00, real=0.00 secs] 
2677.138: [GC (Allocation Failure) [PSYoungGen: 66592K->1549K(67072K)] 506391K->441348K(581120K), 0.0018066 secs] [Times: user=0.01 sys=0.00, real=0.01 secs] 
2677.523: [GC (Allocation Failure) [PSYoungGen: 66573K->1597K(67072K)] 506372K->441420K(581120K), 0.0017989 secs] [Times: user=0.01 sys=0.00, real=0.00 secs] 
2677.941: [GC (Allocation Failure) [PSYoungGen: 66621K->2016K(67072K)] 506444K->441879K(581120K), 0.0016517 secs] [Times: user=0.00 sys=0.00, real=0.00 secs] 
2678.291: [GC (Allocation Failure) [PSYoungGen: 67040K->1376K(67072K)] 506903K->441239K(581120K), 0.0026228 secs] [Times: user=0.01 sys=0.00, real=0.00 secs] 
2678.609: [GC (Allocation Failure) [PSYoungGen: 66400K->1376K(67072K)] 506263K->441239K(581120K), 0.0021563 secs] [Times: user=0.01 sys=0.00, real=0.00 secs] 
2678.879: [GC (Allocation Failure) [PSYoungGen: 66400K->1344K(67072K)] 506263K->441223K(581120K), 0.0024938 secs] [Times: user=0.01 sys=0.00, real=0.00 secs] 
2679.150: [GC (Allocation Failure) [PSYoungGen: 66368K->1376K(67072K)] 506247K->441255K(581120K), 0.0024779 secs] [Times: user=0.01 sys=0.00, real=0.00 secs] 
2679.636: [GC (Allocation Failure) [PSYoungGen: 66400K->1504K(67072K)] 506279K->441383K(581120K), 0.0017651 secs] [Times: user=0.00 sys=0.00, real=0.00 secs] 
2680.019: [GC (Allocation Failure) [PSYoungGen: 66528K->1597K(67072K)] 506407K->441476K(581120K), 0.0017232 secs] [Times: user=0.01 sys=0.00, real=0.00 secs] 
2680.401: [GC (Allocation Failure) [PSYoungGen: 66621K->1565K(67072K)] 506500K->441452K(581120K), 0.0016871 secs] [Times: user=0.00 sys=0.00, real=0.00 secs] 
2680.976: [GC (Allocation Failure) [PSYoungGen: 66589K->1728K(67072K)] 506476K->441615K(581120K), 0.0030193 secs] [Times: user=0.02 sys=0.00, real=0.01 secs] 
2681.844: [GC (Allocation Failure) [PSYoungGen: 66752K->1344K(67072K)] 506639K->441231K(581120K), 0.0022942 secs] [Times: user=0.01 sys=0.00, real=0.00 secs] 
2682.343: [GC (Allocation Failure) [PSYoungGen: 66368K->1344K(67072K)] 506255K->441231K(581120K), 0.0022812 secs] [Times: user=0.01 sys=0.00, real=0.00 secs] 
2682.855: [GC (Allocation Failure) [PSYoungGen: 66368K->1344K(67072K)] 506255K->441231K(581120K), 0.0023828 secs] [Times: user=0.00 sys=0.00, real=0.00 secs] 
2683.441: [GC (Allocation Failure) [PSYoungGen: 66368K->1376K(67072K)] 506255K->441263K(581120K), 0.0025894 secs] [Times: user=0.01 sys=0.00, real=0.00 secs] 
2683.996: [GC (Allocation Failure) [PSYoungGen: 66400K->1501K(67072K)] 506287K->441388K(581120K), 0.0016483 secs] [Times: user=0.00 sys=0.00, real=0.00 secs] 
2684.379: [GC (Allocation Failure) [PSYoungGen: 66500K->1565K(67072K)] 506387K->441452K(581120K), 0.0017070 secs] [Times: user=0.00 sys=0.00, real=0.00 secs] 
2684.762: [GC (Allocation Failure) [PSYoungGen: 66589K->1565K(67072K)] 506476K->441460K(581120K), 0.0018387 secs] [Times: user=0.01 sys=0.00, real=0.00 secs] 
2685.141: [GC (Allocation Failure) [PSYoungGen: 66589K->224K(67072K)] 506484K->440119K(581120K), 0.0018062 secs] [Times: user=0.01 sys=0.00, real=0.00 secs] 
2685.453: [GC (Allocation Failure) [PSYoungGen: 65248K->1376K(67072K)] 505143K->441271K(581120K), 0.0017448 secs] [Times: user=0.01 sys=0.00, real=0.00 secs] 
2685.832: [GC (Allocation Failure) [PSYoungGen: 66400K->1376K(67072K)] 506295K->441271K(581120K), 0.0017404 secs] [Times: user=0.00 sys=0.00, real=0.00 secs] 
2686.347: [GC (Allocation Failure) [PSYoungGen: 66400K->1376K(67072K)] 506295K->441271K(581120K), 0.0033166 secs] [Times: user=0.02 sys=0.00, real=0.01 secs] 
2687.109: [GC (Allocation Failure) [PSYoungGen: 66400K->1408K(67072K)] 506295K->441303K(581120K), 0.0030329 secs] [Times: user=0.01 sys=0.00, real=0.00 secs] 
2687.703: [GC (Allocation Failure) [PSYoungGen: 66432K->1552K(67072K)] 506327K->441447K(581120K), 0.0017151 secs] [Times: user=0.01 sys=0.00, real=0.00 secs] 
2688.087: [GC (Allocation Failure) [PSYoungGen: 66576K->1549K(67072K)] 506471K->441444K(581120K), 0.0017292 secs] [Times: user=0.01 sys=0.00, real=0.00 secs] 
2688.537: [GC (Allocation Failure) [PSYoungGen: 66573K->1565K(67072K)] 506468K->441468K(581120K), 0.0017885 secs] [Times: user=0.01 sys=0.01, real=0.00 secs] 
2688.973: [GC (Allocation Failure) [PSYoungGen: 66589K->1536K(67072K)] 506492K->441439K(581120K), 0.0017774 secs] [Times: user=0.01 sys=0.00, real=0.00 secs] 
2689.556: [GC (Allocation Failure) [PSYoungGen: 66560K->1408K(67072K)] 506463K->441327K(581120K), 0.0037245 secs] [Times: user=0.01 sys=0.00, real=0.01 secs] 
2690.120: [GC (Allocation Failure) [PSYoungGen: 66432K->1344K(67072K)] 506351K->441263K(581120K), 0.0037258 secs] [Times: user=0.01 sys=0.00, real=0.00 secs] 
2690.722: [GC (Allocation Failure) [PSYoungGen: 66368K->1376K(67072K)] 506287K->441295K(581120K), 0.0031074 secs] [Times: user=0.01 sys=0.00, real=0.00 secs] 
2691.206: [GC (Allocation Failure) [PSYoungGen: 66400K->1360K(67072K)] 506319K->441279K(581120K), 0.0026345 secs] [Times: user=0.01 sys=0.00, real=0.00 secs] 
2691.690: [GC (Allocation Failure) [PSYoungGen: 66384K->1488K(67072K)] 506303K->441407K(581120K), 0.0016749 secs] [Times: user=0.01 sys=0.00, real=0.00 secs] 
2692.074: [GC (Allocation Failure) [PSYoungGen: 66512K->1597K(67072K)] 506431K->441516K(581120K), 0.0018315 secs] [Times: user=0.01 sys=0.00, real=0.00 secs] 
2692.460: [GC (Allocation Failure) [PSYoungGen: 66621K->1533K(67072K)] 506540K->441452K(581120K), 0.0017610 secs] [Times: user=0.01 sys=0.00, real=0.00 secs] 
2692.842: [GC (Allocation Failure) [PSYoungGen: 66543K->1533K(67072K)] 506462K->441460K(581120K), 0.0017351 secs] [Times: user=0.01 sys=0.00, real=0.00 secs] 
2693.560: [GC (Allocation Failure) [PSYoungGen: 66557K->1376K(67072K)] 506484K->441303K(581120K), 0.0021463 secs] [Times: user=0.01 sys=0.00, real=0.00 secs] 
2694.099: [GC (Allocation Failure) [PSYoungGen: 66400K->1360K(67072K)] 506327K->441287K(581120K), 0.0021059 secs] [Times: user=0.01 sys=0.00, real=0.01 secs] 
2694.704: [GC (Allocation Failure) [PSYoungGen: 66384K->1376K(67072K)] 506311K->441303K(581120K), 0.0021206 secs] [Times: user=0.00 sys=0.00, real=0.00 secs] 
2695.040: [GC (Allocation Failure) [PSYoungGen: 66400K->1392K(67072K)] 506327K->441319K(581120K), 0.0021832 secs] [Times: user=0.01 sys=0.00, real=0.00 secs] 
2695.445: [GC (Allocation Failure) [PSYoungGen: 66416K->1504K(67072K)] 506343K->441431K(581120K), 0.0016197 secs] [Times: user=0.01 sys=0.00, real=0.00 secs] 
2695.839: [GC (Allocation Failure) [PSYoungGen: 66528K->1565K(67072K)] 506455K->441492K(581120K), 0.0017217 secs] [Times: user=0.01 sys=0.00, real=0.00 secs] 
2696.221: [GC (Allocation Failure) [PSYoungGen: 66589K->1600K(67072K)] 506516K->441527K(581120K), 0.0017297 secs] [Times: user=0.01 sys=0.00, real=0.00 secs] 
2696.605: [GC (Allocation Failure) [PSYoungGen: 66624K->1565K(67072K)] 506551K->441508K(581120K), 0.0017121 secs] [Times: user=0.01 sys=0.00, real=0.00 secs] 
2697.420: [GC (Allocation Failure) [PSYoungGen: 66589K->1376K(67072K)] 506532K->441319K(581120K), 0.0030868 secs] [Times: user=0.02 sys=0.00, real=0.00 secs] 
2698.260: [GC (Allocation Failure) [PSYoungGen: 66400K->1344K(67072K)] 506343K->441287K(581120K), 0.0029231 secs] [Times: user=0.01 sys=0.01, real=0.00 secs] 
2699.136: [GC (Allocation Failure) [PSYoungGen: 66368K->1344K(67072K)] 506311K->441287K(581120K), 0.0031095 secs] [Times: user=0.01 sys=0.00, real=0.01 secs] 
2700.107: [GC (Allocation Failure) [PSYoungGen: 66368K->1376K(67072K)] 506311K->441319K(581120K), 0.0038096 secs] [Times: user=0.02 sys=0.00, real=0.01 secs] 
2700.790: [GC (Allocation Failure) [PSYoungGen: 66400K->1501K(67072K)] 506343K->441444K(581120K), 0.0016254 secs] [Times: user=0.01 sys=0.00, real=0.00 secs] 
2701.173: [GC (Allocation Failure) [PSYoungGen: 66525K->1549K(67072K)] 506468K->441508K(581120K), 0.0017606 secs] [Times: user=0.00 sys=0.00, real=0.00 secs] 
2701.556: [GC (Allocation Failure) [PSYoungGen: 66573K->1504K(67072K)] 506532K->441463K(581120K), 0.0017243 secs] [Times: user=0.01 sys=0.00, real=0.00 secs] 
2702.000: [GC (Allocation Failure) [PSYoungGen: 66528K->1501K(67072K)] 506487K->441468K(581120K), 0.0017826 secs] [Times: user=0.01 sys=0.00, real=0.00 secs] 
2702.349: [GC (Allocation Failure) [PSYoungGen: 66525K->1376K(67072K)] 506492K->441343K(581120K), 0.0022189 secs] [Times: user=0.01 sys=0.00, real=0.00 secs] 
2702.885: [GC (Allocation Failure) [PSYoungGen: 66400K->1360K(67072K)] 506367K->441327K(581120K), 0.0021965 secs] [Times: user=0.01 sys=0.01, real=0.00 secs] 
2703.414: [GC (Allocation Failure) [PSYoungGen: 66384K->1376K(67072K)] 506351K->441343K(581120K), 0.0022768 secs] [Times: user=0.01 sys=0.00, real=0.00 secs] 
2703.910: [GC (Allocation Failure) [PSYoungGen: 66400K->1376K(67072K)] 506367K->441351K(581120K), 0.0022729 secs] [Times: user=0.01 sys=0.00, real=0.00 secs] 
2704.427: [GC (Allocation Failure) [PSYoungGen: 66400K->1440K(67072K)] 506375K->441415K(581120K), 0.0016800 secs] [Times: user=0.00 sys=0.00, real=0.01 secs] 
2704.809: [GC (Allocation Failure) [PSYoungGen: 66439K->1597K(67072K)] 506415K->441572K(581120K), 0.0017619 secs] [Times: user=0.01 sys=0.00, real=0.00 secs] 
2705.193: [GC (Allocation Failure) [PSYoungGen: 66600K->1597K(67072K)] 506576K->441572K(581120K), 0.0017064 secs] [Times: user=0.01 sys=0.00, real=0.00 secs] 
2705.576: [GC (Allocation Failure) [PSYoungGen: 66608K->1565K(67072K)] 506584K->441548K(581120K), 0.0016810 secs] [Times: user=0.01 sys=0.00, real=0.00 secs] 
2706.110: [GC (Allocation Failure) [PSYoungGen: 66589K->1408K(67072K)] 506572K->441391K(581120K), 0.0022940 secs] [Times: user=0.01 sys=0.00, real=0.00 secs] 
2706.685: [GC (Allocation Failure) [PSYoungGen: 66432K->1344K(67072K)] 506415K->441327K(581120K), 0.0025799 secs] [Times: user=0.01 sys=0.00, real=0.00 secs] 
2707.469: [GC (Allocation Failure) [PSYoungGen: 66368K->1408K(67072K)] 506351K->441391K(581120K), 0.0030483 secs] [Times: user=0.01 sys=0.00, real=0.00 secs] 
2708.203: [GC (Allocation Failure) [PSYoungGen: 66432K->1376K(67072K)] 506415K->441359K(581120K), 0.0044395 secs] [Times: user=0.02 sys=0.00, real=0.00 secs] 
2708.990: [GC (Allocation Failure) [PSYoungGen: 66400K->1437K(67072K)] 506383K->441420K(581120K), 0.0016192 secs] [Times: user=0.00 sys=0.00, real=0.00 secs] 
2709.373: [GC (Allocation Failure) [PSYoungGen: 66461K->1504K(67072K)] 506444K->441487K(581120K), 0.0017152 secs] [Times: user=0.01 sys=0.00, real=0.00 secs] 
2709.755: [GC (Allocation Failure) [PSYoungGen: 66528K->1597K(67072K)] 506511K->441580K(581120K), 0.0017038 secs] [Times: user=0.01 sys=0.00, real=0.00 secs] 
2710.143: [GC (Allocation Failure) [PSYoungGen: 66621K->1536K(67072K)] 506604K->441543K(581120K), 0.0017126 secs] [Times: user=0.01 sys=0.00, real=0.00 secs] 
2710.851: [GC (Allocation Failure) [PSYoungGen: 66560K->1392K(67072K)] 506567K->441399K(581120K), 0.0042241 secs] [Times: user=0.01 sys=0.01, real=0.00 secs] 
2711.481: [GC (Allocation Failure) [PSYoungGen: 66416K->1376K(67072K)] 506423K->441383K(581120K), 0.0029704 secs] [Times: user=0.02 sys=0.00, real=0.00 secs] 
2711.996: [GC (Allocation Failure) [PSYoungGen: 66400K->1328K(67072K)] 506407K->441335K(581120K), 0.0030404 secs] [Times: user=0.01 sys=0.00, real=0.01 secs] 
2712.530: [GC (Allocation Failure) [PSYoungGen: 66352K->1312K(67072K)] 506359K->441319K(581120K), 0.0030220 secs] [Times: user=0.02 sys=0.00, real=0.00 secs] 
2713.273: [GC (Allocation Failure) [PSYoungGen: 66336K->1437K(67072K)] 506343K->441444K(581120K), 0.0017474 secs] [Times: user=0.01 sys=0.00, real=0.00 secs] 
2713.657: [GC (Allocation Failure) [PSYoungGen: 66461K->1565K(67072K)] 506468K->441572K(581120K), 0.0017760 secs] [Times: user=0.00 sys=0.00, real=0.00 secs] 
2714.039: [GC (Allocation Failure) [PSYoungGen: 66573K->1616K(67072K)] 506580K->441623K(581120K), 0.0018458 secs] [Times: user=0.00 sys=0.00, real=0.01 secs] 
2714.420: [GC (Allocation Failure) [PSYoungGen: 66640K->1533K(67072K)] 506647K->441548K(581120K), 0.0016447 secs] [Times: user=0.01 sys=0.00, real=0.00 secs] 
2715.099: [GC (Allocation Failure) [PSYoungGen: 66557K->1424K(67072K)] 506572K->441439K(581120K), 0.0021265 secs] [Times: user=0.01 sys=0.00, real=0.00 secs] 
2716.163: [GC (Allocation Failure) [PSYoungGen: 66448K->1376K(67072K)] 506463K->441391K(581120K), 0.0032091 secs] [Times: user=0.01 sys=0.00, real=0.00 secs] 
2717.438: [GC (Allocation Failure) [PSYoungGen: 66400K->1392K(67072K)] 506415K->441407K(581120K), 0.0045248 secs] [Times: user=0.02 sys=0.01, real=0.01 secs] 
2718.269: [GC (Allocation Failure) [PSYoungGen: 66416K->1376K(67072K)] 506431K->441391K(581120K), 0.0042702 secs] [Times: user=0.01 sys=0.00, real=0.00 secs] 
2718.841: [GC (Allocation Failure) [PSYoungGen: 66400K->1440K(67072K)] 506415K->441455K(581120K), 0.0020098 secs] [Times: user=0.01 sys=0.00, real=0.00 secs] 
2719.226: [GC (Allocation Failure) [PSYoungGen: 66464K->1536K(67072K)] 506479K->441551K(581120K), 0.0016778 secs] [Times: user=0.01 sys=0.00, real=0.00 secs] 
2719.608: [GC (Allocation Failure) [PSYoungGen: 66545K->1597K(67072K)] 506561K->441612K(581120K), 0.0017007 secs] [Times: user=0.00 sys=0.00, real=0.01 secs] 
2719.990: [GC (Allocation Failure) [PSYoungGen: 66621K->1565K(67072K)] 506636K->441588K(581120K), 0.0017208 secs] [Times: user=0.01 sys=0.00, real=0.00 secs] 
2720.537: [GC (Allocation Failure) [PSYoungGen: 66589K->1456K(67072K)] 506612K->441479K(581120K), 0.0022754 secs] [Times: user=0.01 sys=0.00, real=0.01 secs] 
2721.057: [GC (Allocation Failure) [PSYoungGen: 66480K->1312K(67072K)] 506503K->441335K(581120K), 0.0024515 secs] [Times: user=0.01 sys=0.00, real=0.01 secs] 
2721.715: [GC (Allocation Failure) [PSYoungGen: 66336K->1312K(67072K)] 506359K->441343K(581120K), 0.0026043 secs] [Times: user=0.01 sys=0.00, real=0.00 secs] 
2722.312: [GC (Allocation Failure) [PSYoungGen: 66336K->1376K(67072K)] 506367K->441407K(581120K), 0.0026694 secs] [Times: user=0.02 sys=0.00, real=0.00 secs] 
2722.954: [GC (Allocation Failure) [PSYoungGen: 66400K->1453K(67072K)] 506431K->441484K(581120K), 0.0020493 secs] [Times: user=0.01 sys=0.00, real=0.00 secs] 
2723.348: [GC (Allocation Failure) [PSYoungGen: 66477K->1565K(67072K)] 506508K->441596K(581120K), 0.0020158 secs] [Times: user=0.01 sys=0.00, real=0.01 secs] 
2723.731: [GC (Allocation Failure) [PSYoungGen: 66574K->1533K(67072K)] 506606K->441564K(581120K), 0.0018013 secs] [Times: user=0.00 sys=0.00, real=0.00 secs] 
2724.113: [GC (Allocation Failure) [PSYoungGen: 66557K->1536K(67072K)] 506588K->441575K(581120K), 0.0018043 secs] [Times: user=0.01 sys=0.00, real=0.00 secs] 
2724.465: [GC (Allocation Failure) [PSYoungGen: 66560K->1472K(67072K)] 506599K->441511K(581120K), 0.0018255 secs] [Times: user=0.00 sys=0.00, real=0.00 secs] 
2724.899: [GC (Allocation Failure) [PSYoungGen: 66496K->1376K(67072K)] 506535K->441415K(581120K), 0.0018089 secs] [Times: user=0.00 sys=0.00, real=0.00 secs] 
2725.579: [GC (Allocation Failure) [PSYoungGen: 66400K->1376K(67072K)] 506439K->441415K(581120K), 0.0028611 secs] [Times: user=0.01 sys=0.00, real=0.00 secs] 
2726.342: [GC (Allocation Failure) [PSYoungGen: 66400K->1312K(67072K)] 506439K->441351K(581120K), 0.0057578 secs] [Times: user=0.02 sys=0.00, real=0.00 secs] 
2727.149: [GC (Allocation Failure) [PSYoungGen: 66336K->1488K(67072K)] 506375K->441527K(581120K), 0.0025012 secs] [Times: user=0.01 sys=0.00, real=0.00 secs] 
2727.571: [GC (Allocation Failure) [PSYoungGen: 66512K->1565K(67072K)] 506551K->441604K(581120K), 0.0015743 secs] [Times: user=0.00 sys=0.00, real=0.00 secs] 
2727.956: [GC (Allocation Failure) [PSYoungGen: 66589K->1533K(67072K)] 506628K->441572K(581120K), 0.0017332 secs] [Times: user=0.00 sys=0.00, real=0.00 secs] 
2728.338: [GC (Allocation Failure) [PSYoungGen: 66548K->1565K(67072K)] 506588K->441612K(581120K), 0.0017685 secs] [Times: user=0.01 sys=0.00, real=0.01 secs] 
2728.724: [GC (Allocation Failure) [PSYoungGen: 66589K->1488K(67072K)] 506636K->441535K(581120K), 0.0018209 secs] [Times: user=0.01 sys=0.00, real=0.00 secs] 
2729.146: [GC (Allocation Failure) [PSYoungGen: 66512K->1360K(67072K)] 506559K->441407K(581120K), 0.0021528 secs] [Times: user=0.01 sys=0.00, real=0.00 secs] 
2729.518: [GC (Allocation Failure) [PSYoungGen: 66384K->1376K(67072K)] 506431K->441423K(581120K), 0.0033074 secs] [Times: user=0.02 sys=0.00, real=0.01 secs] 
2729.977: [GC (Allocation Failure) [PSYoungGen: 66400K->1376K(67072K)] 506447K->441439K(581120K), 0.0028599 secs] [Times: user=0.01 sys=0.00, real=0.01 secs] 
2730.495: [GC (Allocation Failure) [PSYoungGen: 66400K->1424K(67072K)] 506463K->441487K(581120K), 0.0024846 secs] [Times: user=0.01 sys=0.00, real=0.00 secs] 
2730.912: [GC (Allocation Failure) [PSYoungGen: 66448K->1565K(67072K)] 506511K->441628K(581120K), 0.0017592 secs] [Times: user=0.01 sys=0.00, real=0.00 secs] 
2731.294: [GC (Allocation Failure) [PSYoungGen: 66589K->1597K(67072K)] 506652K->441660K(581120K), 0.0017345 secs] [Times: user=0.01 sys=0.00, real=0.00 secs] 
2731.677: [GC (Allocation Failure) [PSYoungGen: 66612K->1501K(67072K)] 506675K->441580K(581120K), 0.0017946 secs] [Times: user=0.01 sys=0.00, real=0.01 secs] 
2732.262: [GC (Allocation Failure) [PSYoungGen: 66525K->1424K(67072K)] 506604K->441503K(581120K), 0.0022728 secs] [Times: user=0.01 sys=0.00, real=0.00 secs] 
2733.092: [GC (Allocation Failure) [PSYoungGen: 66448K->1376K(67072K)] 506527K->441455K(581120K), 0.0028956 secs] [Times: user=0.01 sys=0.00, real=0.00 secs] 
2733.664: [GC (Allocation Failure) [PSYoungGen: 66400K->1328K(67072K)] 506479K->441407K(581120K), 0.0025896 secs] [Times: user=0.01 sys=0.00, real=0.00 secs] 
2734.207: [GC (Allocation Failure) [PSYoungGen: 66352K->1344K(67072K)] 506431K->441423K(581120K), 0.0025441 secs] [Times: user=0.01 sys=0.00, real=0.01 secs] 
2734.877: [GC (Allocation Failure) [PSYoungGen: 66244K->240K(67072K)] 506324K->440319K(581120K), 0.0030784 secs] [Times: user=0.01 sys=0.00, real=0.01 secs] 
2735.329: [GC (Allocation Failure) [PSYoungGen: 65264K->1549K(67072K)] 505343K->441628K(581120K), 0.0017455 secs] [Times: user=0.01 sys=0.00, real=0.01 secs] 
2735.713: [GC (Allocation Failure) [PSYoungGen: 66573K->1565K(67072K)] 506652K->441644K(581120K), 0.0017926 secs] [Times: user=0.01 sys=0.00, real=0.00 secs] 
2736.097: [GC (Allocation Failure) [PSYoungGen: 66581K->1533K(67072K)] 506661K->441628K(581120K), 0.0017640 secs] [Times: user=0.01 sys=0.00, real=0.00 secs] 
2736.471: [GC (Allocation Failure) [PSYoungGen: 66557K->1472K(67072K)] 506652K->441567K(581120K), 0.0020100 secs] [Times: user=0.01 sys=0.00, real=0.00 secs] 
2736.921: [GC (Allocation Failure) [PSYoungGen: 66496K->1376K(67072K)] 506591K->441471K(581120K), 0.0017175 secs] [Times: user=0.01 sys=0.00, real=0.00 secs] 
2737.656: [GC (Allocation Failure) [PSYoungGen: 66400K->1376K(67072K)] 506495K->441471K(581120K), 0.0028836 secs] [Times: user=0.01 sys=0.00, real=0.01 secs] 
2738.454: [GC (Allocation Failure) [PSYoungGen: 66400K->1376K(67072K)] 506495K->441471K(581120K), 0.0028545 secs] [Times: user=0.01 sys=0.00, real=0.00 secs] 
2739.236: [GC (Allocation Failure) [PSYoungGen: 66400K->1376K(67072K)] 506495K->441471K(581120K), 0.0030000 secs] [Times: user=0.01 sys=0.00, real=0.00 secs] 
2739.741: [GC (Allocation Failure) [PSYoungGen: 66400K->1584K(67072K)] 506495K->441679K(581120K), 0.0018141 secs] [Times: user=0.01 sys=0.00, real=0.00 secs] 
2740.125: [GC (Allocation Failure) [PSYoungGen: 66608K->1597K(67072K)] 506703K->441692K(581120K), 0.0017785 secs] [Times: user=0.00 sys=0.00, real=0.00 secs] 
2740.508: [GC (Allocation Failure) [PSYoungGen: 66621K->1568K(67072K)] 506716K->441671K(581120K), 0.0018199 secs] [Times: user=0.01 sys=0.00, real=0.01 secs] 
2740.889: [GC (Allocation Failure) [PSYoungGen: 66592K->1472K(67072K)] 506695K->441591K(581120K), 0.0018790 secs] [Times: user=0.01 sys=0.00, real=0.01 secs] 
2741.382: [GC (Allocation Failure) [PSYoungGen: 66496K->1376K(67072K)] 506615K->441495K(581120K), 0.0017892 secs] [Times: user=0.01 sys=0.00, real=0.00 secs] 
2742.170: [GC (Allocation Failure) [PSYoungGen: 66400K->1376K(67072K)] 506519K->441495K(581120K), 0.0044028 secs] [Times: user=0.02 sys=0.00, real=0.00 secs] 
2743.018: [GC (Allocation Failure) [PSYoungGen: 66400K->1376K(67072K)] 506519K->441495K(581120K), 0.0052622 secs] [Times: user=0.02 sys=0.00, real=0.01 secs] 
2743.863: [GC (Allocation Failure) [PSYoungGen: 66400K->1344K(67072K)] 506519K->441463K(581120K), 0.0043848 secs] [Times: user=0.01 sys=0.00, real=0.00 secs] 
2744.454: [GC (Allocation Failure) [PSYoungGen: 66368K->1552K(67072K)] 506487K->441671K(581120K), 0.0017067 secs] [Times: user=0.01 sys=0.00, real=0.00 secs] 
2744.837: [GC (Allocation Failure) [PSYoungGen: 66576K->1533K(67072K)] 506695K->441652K(581120K), 0.0018162 secs] [Times: user=0.01 sys=0.00, real=0.01 secs] 
2745.220: [GC (Allocation Failure) [PSYoungGen: 66557K->1533K(67072K)] 506676K->441660K(581120K), 0.0017618 secs] [Times: user=0.00 sys=0.00, real=0.00 secs] 
2745.639: [GC (Allocation Failure) [PSYoungGen: 66557K->2016K(67072K)] 506684K->442151K(581120K), 0.0019073 secs] [Times: user=0.00 sys=0.00, real=0.00 secs] 
2745.971: [GC (Allocation Failure) [PSYoungGen: 67040K->1392K(67072K)] 507175K->441527K(581120K), 0.0019376 secs] [Times: user=0.01 sys=0.00, real=0.00 secs] 
2746.512: [GC (Allocation Failure) [PSYoungGen: 66416K->1376K(67072K)] 506551K->441511K(581120K), 0.0025545 secs] [Times: user=0.01 sys=0.00, real=0.00 secs] 
2747.114: [GC (Allocation Failure) [PSYoungGen: 66400K->1360K(67072K)] 506535K->441495K(581120K), 0.0026916 secs] [Times: user=0.01 sys=0.01, real=0.00 secs] 
2747.789: [GC (Allocation Failure) [PSYoungGen: 66384K->1376K(67072K)] 506519K->441511K(581120K), 0.0043119 secs] [Times: user=0.02 sys=0.00, real=0.00 secs] 
2748.360: [GC (Allocation Failure) [PSYoungGen: 66400K->1504K(67072K)] 506535K->441639K(581120K), 0.0016867 secs] [Times: user=0.01 sys=0.00, real=0.00 secs] 
2748.744: [GC (Allocation Failure) [PSYoungGen: 66528K->1613K(67072K)] 506663K->441748K(581120K), 0.0017351 secs] [Times: user=0.01 sys=0.00, real=0.00 secs] 
2749.130: [GC (Allocation Failure) [PSYoungGen: 66637K->1501K(67072K)] 506772K->441644K(581120K), 0.0018254 secs] [Times: user=0.00 sys=0.00, real=0.00 secs] 
2749.527: [GC (Allocation Failure) [PSYoungGen: 66525K->1760K(67072K)] 506668K->441903K(581120K), 0.0020426 secs] [Times: user=0.00 sys=0.00, real=0.01 secs] 
2749.799: [GC (Allocation Failure) [PSYoungGen: 66784K->1376K(67072K)] 506927K->441519K(581120K), 0.0017895 secs] [Times: user=0.01 sys=0.00, real=0.00 secs] 
2750.199: [GC (Allocation Failure) [PSYoungGen: 66400K->1344K(67072K)] 506543K->441503K(581120K), 0.0019176 secs] [Times: user=0.01 sys=0.00, real=0.00 secs] 
2750.806: [GC (Allocation Failure) [PSYoungGen: 66368K->1344K(67072K)] 506527K->441503K(581120K), 0.0021392 secs] [Times: user=0.01 sys=0.00, real=0.00 secs] 
2751.414: [GC (Allocation Failure) [PSYoungGen: 66368K->1376K(67072K)] 506527K->441535K(581120K), 0.0020518 secs] [Times: user=0.01 sys=0.00, real=0.00 secs] 
2751.953: [GC (Allocation Failure) [PSYoungGen: 66400K->1469K(67072K)] 506559K->441628K(581120K), 0.0016176 secs] [Times: user=0.01 sys=0.00, real=0.00 secs] 
2752.397: [GC (Allocation Failure) [PSYoungGen: 66493K->1533K(67072K)] 506652K->441692K(581120K), 0.0016898 secs] [Times: user=0.01 sys=0.00, real=0.01 secs] 
2752.785: [GC (Allocation Failure) [PSYoungGen: 66557K->1565K(67072K)] 506716K->441732K(581120K), 0.0018418 secs] [Times: user=0.01 sys=0.00, real=0.00 secs] 
2753.162: [GC (Allocation Failure) [PSYoungGen: 66168K->320K(67072K)] 506335K->440487K(581120K), 0.0017227 secs] [Times: user=0.00 sys=0.00, real=0.00 secs] 
2753.466: [GC (Allocation Failure) [PSYoungGen: 65344K->1408K(67072K)] 505511K->441575K(581120K), 0.0021188 secs] [Times: user=0.01 sys=0.00, real=0.00 secs] 
2753.739: [GC (Allocation Failure) [PSYoungGen: 66432K->1312K(67072K)] 506599K->441479K(581120K), 0.0021639 secs] [Times: user=0.01 sys=0.01, real=0.00 secs] 
2754.009: [GC (Allocation Failure) [PSYoungGen: 66336K->1360K(67072K)] 506503K->441527K(581120K), 0.0020253 secs] [Times: user=0.00 sys=0.00, real=0.00 secs] 
2754.279: [GC (Allocation Failure) [PSYoungGen: 66384K->1360K(67072K)] 506551K->441527K(581120K), 0.0021052 secs] [Times: user=0.01 sys=0.00, real=0.00 secs] 
2754.651: [GC (Allocation Failure) [PSYoungGen: 66384K->1520K(67072K)] 506551K->441687K(581120K), 0.0017199 secs] [Times: user=0.01 sys=0.00, real=0.00 secs] 
2755.035: [GC (Allocation Failure) [PSYoungGen: 66544K->1565K(67072K)] 506711K->441732K(581120K), 0.0017714 secs] [Times: user=0.00 sys=0.00, real=0.00 secs] 
2755.418: [GC (Allocation Failure) [PSYoungGen: 66589K->1565K(67072K)] 506756K->441740K(581120K), 0.0017700 secs] [Times: user=0.01 sys=0.00, real=0.01 secs] 
2755.801: [GC (Allocation Failure) [PSYoungGen: 66589K->1565K(67072K)] 506764K->441740K(581120K), 0.0017682 secs] [Times: user=0.01 sys=0.00, real=0.00 secs] 
2756.459: [GC (Allocation Failure) [PSYoungGen: 66589K->1376K(67072K)] 506764K->441551K(581120K), 0.0019917 secs] [Times: user=0.01 sys=0.00, real=0.00 secs] 
2757.027: [GC (Allocation Failure) [PSYoungGen: 66400K->1376K(67072K)] 506575K->441551K(581120K), 0.0026621 secs] [Times: user=0.01 sys=0.00, real=0.01 secs] 
2757.300: [GC (Allocation Failure) [PSYoungGen: 66400K->1376K(67072K)] 506575K->441551K(581120K), 0.0022826 secs] [Times: user=0.01 sys=0.00, real=0.00 secs] 
2757.636: [GC (Allocation Failure) [PSYoungGen: 66400K->1408K(67072K)] 506575K->441583K(581120K), 0.0019247 secs] [Times: user=0.00 sys=0.00, real=0.00 secs] 
2758.040: [GC (Allocation Failure) [PSYoungGen: 66432K->1520K(67072K)] 506607K->441719K(581120K), 0.0016528 secs] [Times: user=0.01 sys=0.00, real=0.00 secs] 
2758.424: [GC (Allocation Failure) [PSYoungGen: 66544K->1536K(67072K)] 506743K->441735K(581120K), 0.0017321 secs] [Times: user=0.00 sys=0.00, real=0.00 secs] 
2758.808: [GC (Allocation Failure) [PSYoungGen: 66560K->1565K(67072K)] 506759K->441772K(581120K), 0.0017281 secs] [Times: user=0.01 sys=0.00, real=0.01 secs] 
2759.191: [GC (Allocation Failure) [PSYoungGen: 66589K->1504K(67072K)] 506796K->441719K(581120K), 0.0016467 secs] [Times: user=0.00 sys=0.00, real=0.00 secs] 
2759.911: [GC (Allocation Failure) [PSYoungGen: 66528K->1344K(67072K)] 506743K->441559K(581120K), 0.0023172 secs] [Times: user=0.01 sys=0.00, real=0.00 secs] 
2760.532: [GC (Allocation Failure) [PSYoungGen: 66368K->1312K(67072K)] 506583K->441527K(581120K), 0.0023788 secs] [Times: user=0.01 sys=0.00, real=0.00 secs] 
2761.109: [GC (Allocation Failure) [PSYoungGen: 66336K->1376K(67072K)] 506551K->441591K(581120K), 0.0020131 secs] [Times: user=0.00 sys=0.00, real=0.00 secs] 
2761.568: [GC (Allocation Failure) [PSYoungGen: 66400K->1376K(67072K)] 506615K->441591K(581120K), 0.0020079 secs] [Times: user=0.01 sys=0.00, real=0.01 secs] 
2762.025: [GC (Allocation Failure) [PSYoungGen: 66400K->1456K(67072K)] 506615K->441671K(581120K), 0.0016885 secs] [Times: user=0.01 sys=0.00, real=0.00 secs] 
2762.408: [GC (Allocation Failure) [PSYoungGen: 66480K->1552K(67072K)] 506695K->441767K(581120K), 0.0018468 secs] [Times: user=0.01 sys=0.00, real=0.01 secs] 
2762.794: [GC (Allocation Failure) [PSYoungGen: 66576K->1501K(67072K)] 506791K->441716K(581120K), 0.0017090 secs] [Times: user=0.01 sys=0.00, real=0.00 secs] 
2763.179: [GC (Allocation Failure) [PSYoungGen: 66525K->1565K(67072K)] 506740K->441788K(581120K), 0.0016917 secs] [Times: user=0.00 sys=0.00, real=0.01 secs] 
2763.834: [GC (Allocation Failure) [PSYoungGen: 66589K->1408K(67072K)] 506812K->441631K(581120K), 0.0039774 secs] [Times: user=0.02 sys=0.00, real=0.00 secs] 
2764.438: [GC (Allocation Failure) [PSYoungGen: 66432K->1408K(67072K)] 506655K->441631K(581120K), 0.0039233 secs] [Times: user=0.02 sys=0.00, real=0.01 secs] 
2765.131: [GC (Allocation Failure) [PSYoungGen: 66432K->1408K(67072K)] 506655K->441631K(581120K), 0.0028728 secs] [Times: user=0.01 sys=0.00, real=0.00 secs] 
2765.950: [GC (Allocation Failure) [PSYoungGen: 66432K->1376K(67072K)] 506655K->441599K(581120K), 0.0030570 secs] [Times: user=0.01 sys=0.00, real=0.00 secs] 
2766.496: [GC (Allocation Failure) [PSYoungGen: 66400K->1504K(67072K)] 506623K->441727K(581120K), 0.0017993 secs] [Times: user=0.00 sys=0.00, real=0.00 secs] 
2766.939: [GC (Allocation Failure) [PSYoungGen: 66528K->1613K(67072K)] 506751K->441836K(581120K), 0.0018153 secs] [Times: user=0.01 sys=0.00, real=0.01 secs] 
2767.325: [GC (Allocation Failure) [PSYoungGen: 66637K->1533K(67072K)] 506860K->441756K(581120K), 0.0047978 secs] [Times: user=0.02 sys=0.00, real=0.01 secs] 
2767.718: [GC (Allocation Failure) [PSYoungGen: 66557K->1536K(67072K)] 506780K->441775K(581120K), 0.0019433 secs] [Times: user=0.01 sys=0.00, real=0.01 secs] 
2768.316: [GC (Allocation Failure) [PSYoungGen: 66560K->1408K(67072K)] 506799K->441647K(581120K), 0.0031444 secs] [Times: user=0.01 sys=0.00, real=0.01 secs] 
2768.914: [GC (Allocation Failure) [PSYoungGen: 66432K->1376K(67072K)] 506671K->441615K(581120K), 0.0034339 secs] [Times: user=0.01 sys=0.00, real=0.00 secs] 
2769.560: [GC (Allocation Failure) [PSYoungGen: 66400K->1376K(67072K)] 506639K->441615K(581120K), 0.0030083 secs] [Times: user=0.01 sys=0.00, real=0.00 secs] 
2770.285: [GC (Allocation Failure) [PSYoungGen: 66400K->1360K(67072K)] 506639K->441599K(581120K), 0.0038140 secs] [Times: user=0.01 sys=0.00, real=0.00 secs] 
2770.987: [GC (Allocation Failure) [PSYoungGen: 66384K->1469K(67072K)] 506623K->441732K(581120K), 0.0017446 secs] [Times: user=0.00 sys=0.00, real=0.01 secs] 
2771.429: [GC (Allocation Failure) [PSYoungGen: 66493K->1597K(67072K)] 506756K->441860K(581120K), 0.0017944 secs] [Times: user=0.01 sys=0.00, real=0.00 secs] 
2771.811: [GC (Allocation Failure) [PSYoungGen: 66621K->1533K(67072K)] 506884K->441796K(581120K), 0.0019051 secs] [Times: user=0.01 sys=0.00, real=0.00 secs] 
2772.197: [GC (Allocation Failure) [PSYoungGen: 66557K->1533K(67072K)] 506820K->441812K(581120K), 0.0017897 secs] [Times: user=0.01 sys=0.00, real=0.01 secs] 
2772.540: [GC (Allocation Failure) [PSYoungGen: 66557K->1408K(67072K)] 506836K->441687K(581120K), 0.0032165 secs] [Times: user=0.01 sys=0.00, real=0.00 secs] 
2773.001: [GC (Allocation Failure) [PSYoungGen: 66432K->1376K(67072K)] 506711K->441655K(581120K), 0.0029202 secs] [Times: user=0.02 sys=0.00, real=0.00 secs] 
2773.470: [GC (Allocation Failure) [PSYoungGen: 66400K->1376K(67072K)] 506679K->441655K(581120K), 0.0029326 secs] [Times: user=0.01 sys=0.00, real=0.00 secs] 
2773.915: [GC (Allocation Failure) [PSYoungGen: 66400K->1344K(67072K)] 506679K->441623K(581120K), 0.0038716 secs] [Times: user=0.02 sys=0.00, real=0.01 secs] 
2774.419: [GC (Allocation Failure) [PSYoungGen: 66368K->1501K(67072K)] 506647K->441780K(581120K), 0.0016261 secs] [Times: user=0.00 sys=0.00, real=0.00 secs] 
2774.803: [GC (Allocation Failure) [PSYoungGen: 66525K->1597K(67072K)] 506804K->441884K(581120K), 0.0017489 secs] [Times: user=0.01 sys=0.00, real=0.00 secs] 
2775.187: [GC (Allocation Failure) [PSYoungGen: 66594K->1533K(67072K)] 506882K->441820K(581120K), 0.0017176 secs] [Times: user=0.01 sys=0.00, real=0.00 secs] 
2775.570: [GC (Allocation Failure) [PSYoungGen: 66557K->1565K(67072K)] 506844K->441860K(581120K), 0.0016271 secs] [Times: user=0.00 sys=0.00, real=0.00 secs] 
2775.876: [GC (Allocation Failure) [PSYoungGen: 66589K->1424K(67072K)] 506884K->441727K(581120K), 0.0018008 secs] [Times: user=0.00 sys=0.00, real=0.00 secs] 
2776.147: [GC (Allocation Failure) [PSYoungGen: 66448K->1344K(67072K)] 506751K->441647K(581120K), 0.0017017 secs] [Times: user=0.01 sys=0.00, real=0.00 secs] 
2776.416: [GC (Allocation Failure) [PSYoungGen: 66368K->1360K(67072K)] 506671K->441663K(581120K), 0.0015746 secs] [Times: user=0.01 sys=0.00, real=0.00 secs] 
2776.685: [GC (Allocation Failure) [PSYoungGen: 66384K->1376K(67072K)] 506687K->441679K(581120K), 0.0015416 secs] [Times: user=0.00 sys=0.00, real=0.00 secs] 
2777.090: [GC (Allocation Failure) [PSYoungGen: 66400K->1408K(67072K)] 506703K->441711K(581120K), 0.0016548 secs] [Times: user=0.01 sys=0.00, real=0.00 secs] 
2777.556: [GC (Allocation Failure) [PSYoungGen: 66432K->1533K(67072K)] 506735K->441836K(581120K), 0.0065723 secs] [Times: user=0.02 sys=0.00, real=0.01 secs] 
2778.000: [GC (Allocation Failure) [PSYoungGen: 66544K->1565K(67072K)] 506847K->441868K(581120K), 0.0017155 secs] [Times: user=0.01 sys=0.00, real=0.00 secs] 
2778.381: [GC (Allocation Failure) [PSYoungGen: 66589K->1565K(67072K)] 506892K->441892K(581120K), 0.0018368 secs] [Times: user=0.01 sys=0.00, real=0.00 secs] 
2778.808: [GC (Allocation Failure) [PSYoungGen: 66589K->1392K(67072K)] 506916K->441719K(581120K), 0.0032407 secs] [Times: user=0.01 sys=0.00, real=0.01 secs] 
2779.079: [GC (Allocation Failure) [PSYoungGen: 66416K->1376K(67072K)] 506743K->441703K(581120K), 0.0021463 secs] [Times: user=0.01 sys=0.00, real=0.00 secs] 
2779.568: [GC (Allocation Failure) [PSYoungGen: 66400K->1344K(67072K)] 506727K->441671K(581120K), 0.0022128 secs] [Times: user=0.01 sys=0.00, real=0.01 secs] 
2780.111: [GC (Allocation Failure) [PSYoungGen: 66368K->1344K(67072K)] 506695K->441671K(581120K), 0.0033599 secs] [Times: user=0.01 sys=0.00, real=0.00 secs] 
2780.679: [GC (Allocation Failure) [PSYoungGen: 66368K->1437K(67072K)] 506695K->441764K(581120K), 0.0017468 secs] [Times: user=0.00 sys=0.00, real=0.00 secs] 
2781.061: [GC (Allocation Failure) [PSYoungGen: 66461K->1568K(67072K)] 506788K->441895K(581120K), 0.0017675 secs] [Times: user=0.01 sys=0.00, real=0.00 secs] 
2781.444: [GC (Allocation Failure) [PSYoungGen: 66592K->1533K(67072K)] 506919K->441860K(581120K), 0.0019273 secs] [Times: user=0.01 sys=0.00, real=0.00 secs] 
2781.827: [GC (Allocation Failure) [PSYoungGen: 66557K->1597K(67072K)] 506884K->441940K(581120K), 0.0017379 secs] [Times: user=0.01 sys=0.00, real=0.01 secs] 
2782.205: [GC (Allocation Failure) [PSYoungGen: 66621K->1456K(67072K)] 506964K->441799K(581120K), 0.0027195 secs] [Times: user=0.01 sys=0.01, real=0.00 secs] 
2782.485: [GC (Allocation Failure) [PSYoungGen: 66480K->1392K(67072K)] 506823K->441735K(581120K), 0.0019740 secs] [Times: user=0.01 sys=0.00, real=0.00 secs] 
2782.976: [GC (Allocation Failure) [PSYoungGen: 66416K->1376K(67072K)] 506759K->441719K(581120K), 0.0035970 secs] [Times: user=0.02 sys=0.00, real=0.01 secs] 
2783.437: [GC (Allocation Failure) [PSYoungGen: 66400K->1408K(67072K)] 506743K->441751K(581120K), 0.0029163 secs] [Times: user=0.01 sys=0.00, real=0.01 secs] 
2784.057: [GC (Allocation Failure) [PSYoungGen: 66432K->1504K(67072K)] 506775K->441847K(581120K), 0.0020361 secs] [Times: user=0.01 sys=0.00, real=0.00 secs] 
2784.451: [GC (Allocation Failure) [PSYoungGen: 66499K->1565K(67072K)] 506843K->441908K(581120K), 0.0017357 secs] [Times: user=0.01 sys=0.00, real=0.00 secs] 
2784.895: [GC (Allocation Failure) [PSYoungGen: 66589K->1568K(67072K)] 506932K->441911K(581120K), 0.0017495 secs] [Times: user=0.00 sys=0.00, real=0.00 secs] 
2785.278: [GC (Allocation Failure) [PSYoungGen: 66592K->1533K(67072K)] 506935K->441892K(581120K), 0.0019789 secs] [Times: user=0.01 sys=0.00, real=0.01 secs] 
2785.743: [GC (Allocation Failure) [PSYoungGen: 66557K->1456K(67072K)] 506916K->441815K(581120K), 0.0029479 secs] [Times: user=0.01 sys=0.00, real=0.00 secs] 
2786.011: [GC (Allocation Failure) [PSYoungGen: 66480K->1360K(67072K)] 506839K->441719K(581120K), 0.0021599 secs] [Times: user=0.00 sys=0.00, real=0.00 secs] 
2786.282: [GC (Allocation Failure) [PSYoungGen: 66384K->1392K(67072K)] 506743K->441751K(581120K), 0.0020591 secs] [Times: user=0.00 sys=0.00, real=0.00 secs] 
2786.575: [GC (Allocation Failure) [PSYoungGen: 66416K->1376K(67072K)] 506775K->441735K(581120K), 0.0020252 secs] [Times: user=0.01 sys=0.00, real=0.00 secs] 
2787.001: [GC (Allocation Failure) [PSYoungGen: 66400K->1488K(67072K)] 506759K->441847K(581120K), 0.0023367 secs] [Times: user=0.01 sys=0.00, real=0.00 secs] 
2787.434: [GC (Allocation Failure) [PSYoungGen: 66512K->1533K(67072K)] 506871K->441892K(581120K), 0.0017445 secs] [Times: user=0.00 sys=0.00, real=0.00 secs] 
2787.822: [GC (Allocation Failure) [PSYoungGen: 66557K->1485K(67072K)] 506916K->441844K(581120K), 0.0047803 secs] [Times: user=0.02 sys=0.00, real=0.00 secs] 
2788.220: [GC (Allocation Failure) [PSYoungGen: 66509K->1565K(67072K)] 506868K->441932K(581120K), 0.0017132 secs] [Times: user=0.01 sys=0.00, real=0.00 secs] 
2788.751: [GC (Allocation Failure) [PSYoungGen: 66589K->1456K(67072K)] 506956K->441839K(581120K), 0.0038692 secs] [Times: user=0.02 sys=0.00, real=0.00 secs] 
2789.263: [GC (Allocation Failure) [PSYoungGen: 66480K->1376K(67072K)] 506863K->441759K(581120K), 0.0027891 secs] [Times: user=0.01 sys=0.00, real=0.00 secs] 
2789.913: [GC (Allocation Failure) [PSYoungGen: 66400K->1344K(67072K)] 506783K->441727K(581120K), 0.0030521 secs] [Times: user=0.01 sys=0.00, real=0.00 secs] 
2790.487: [GC (Allocation Failure) [PSYoungGen: 66368K->1344K(67072K)] 506751K->441727K(581120K), 0.0030145 secs] [Times: user=0.01 sys=0.00, real=0.01 secs] 
2791.019: [GC (Allocation Failure) [PSYoungGen: 66368K->1424K(67072K)] 506751K->441807K(581120K), 0.0020567 secs] [Times: user=0.01 sys=0.00, real=0.00 secs] 
2791.413: [GC (Allocation Failure) [PSYoungGen: 66448K->1581K(67072K)] 506831K->441964K(581120K), 0.0017737 secs] [Times: user=0.00 sys=0.00, real=0.00 secs] 
2791.796: [GC (Allocation Failure) [PSYoungGen: 66605K->1597K(67072K)] 506988K->441980K(581120K), 0.0017599 secs] [Times: user=0.01 sys=0.00, real=0.00 secs] 
2792.180: [GC (Allocation Failure) [PSYoungGen: 66621K->1504K(67072K)] 507004K->441895K(581120K), 0.0017280 secs] [Times: user=0.00 sys=0.00, real=0.00 secs] 
2792.538: [GC (Allocation Failure) [PSYoungGen: 66528K->1488K(67072K)] 506919K->441879K(581120K), 0.0020368 secs] [Times: user=0.01 sys=0.00, real=0.01 secs] 
2792.809: [GC (Allocation Failure) [PSYoungGen: 66512K->1344K(67072K)] 506903K->441735K(581120K), 0.0017923 secs] [Times: user=0.01 sys=0.00, real=0.01 secs] 
2793.079: [GC (Allocation Failure) [PSYoungGen: 66368K->1376K(67072K)] 506759K->441767K(581120K), 0.0018168 secs] [Times: user=0.01 sys=0.00, real=0.01 secs] 
2793.348: [GC (Allocation Failure) [PSYoungGen: 66400K->1376K(67072K)] 506791K->441767K(581120K), 0.0018342 secs] [Times: user=0.01 sys=0.00, real=0.01 secs] 
2793.681: [GC (Allocation Failure) [PSYoungGen: 66400K->1485K(67072K)] 506791K->441876K(581120K), 0.0016008 secs] [Times: user=0.01 sys=0.00, real=0.00 secs] 
2794.063: [GC (Allocation Failure) [PSYoungGen: 66509K->1584K(67072K)] 506900K->441975K(581120K), 0.0017546 secs] [Times: user=0.01 sys=0.00, real=0.00 secs] 
2794.506: [GC (Allocation Failure) [PSYoungGen: 66608K->1549K(67072K)] 506999K->441940K(581120K), 0.0017891 secs] [Times: user=0.01 sys=0.00, real=0.00 secs] 
2794.889: [GC (Allocation Failure) [PSYoungGen: 66562K->1536K(67072K)] 506954K->441943K(581120K), 0.0017287 secs] [Times: user=0.01 sys=0.00, real=0.01 secs] 
2795.257: [GC (Allocation Failure) [PSYoungGen: 66560K->1424K(67072K)] 506967K->441831K(581120K), 0.0025258 secs] [Times: user=0.01 sys=0.00, real=0.01 secs] 
2795.528: [GC (Allocation Failure) [PSYoungGen: 66448K->1360K(67072K)] 506855K->441767K(581120K), 0.0023112 secs] [Times: user=0.01 sys=0.00, real=0.01 secs] 
2795.798: [GC (Allocation Failure) [PSYoungGen: 66384K->1376K(67072K)] 506791K->441783K(581120K), 0.0021337 secs] [Times: user=0.01 sys=0.00, real=0.01 secs] 
2796.069: [GC (Allocation Failure) [PSYoungGen: 66400K->1376K(67072K)] 506807K->441783K(581120K), 0.0021637 secs] [Times: user=0.01 sys=0.00, real=0.00 secs] 
2796.439: [GC (Allocation Failure) [PSYoungGen: 66400K->1469K(67072K)] 506807K->441876K(581120K), 0.0024136 secs] [Times: user=0.01 sys=0.00, real=0.01 secs] 
2796.949: [GC (Allocation Failure) [PSYoungGen: 66493K->1536K(67072K)] 506900K->441943K(581120K), 0.0018139 secs] [Times: user=0.00 sys=0.00, real=0.01 secs] 
2797.332: [GC (Allocation Failure) [PSYoungGen: 66542K->1536K(67072K)] 506950K->441943K(581120K), 0.0017285 secs] [Times: user=0.01 sys=0.00, real=0.00 secs] 
2797.776: [GC (Allocation Failure) [PSYoungGen: 66557K->1552K(67072K)] 506965K->441975K(581120K), 0.0017755 secs] [Times: user=0.01 sys=0.00, real=0.00 secs] 
2798.216: [GC (Allocation Failure) [PSYoungGen: 66576K->1456K(67072K)] 506999K->441879K(581120K), 0.0021201 secs] [Times: user=0.00 sys=0.00, real=0.00 secs] 
2798.935: [GC (Allocation Failure) [PSYoungGen: 66480K->1408K(67072K)] 506903K->441831K(581120K), 0.0025676 secs] [Times: user=0.01 sys=0.00, real=0.00 secs] 
2799.668: [GC (Allocation Failure) [PSYoungGen: 66432K->1344K(67072K)] 506855K->441767K(581120K), 0.0032061 secs] [Times: user=0.01 sys=0.00, real=0.01 secs] 
2800.272: [GC (Allocation Failure) [PSYoungGen: 66368K->1344K(67072K)] 506791K->441767K(581120K), 0.0034038 secs] [Times: user=0.01 sys=0.00, real=0.00 secs] 
2800.624: [GC (Allocation Failure) [PSYoungGen: 66368K->1456K(67072K)] 506791K->441879K(581120K), 0.0021943 secs] [Times: user=0.01 sys=0.00, real=0.00 secs] 
2801.023: [GC (Allocation Failure) [PSYoungGen: 66480K->1581K(67072K)] 506903K->442004K(581120K), 0.0017484 secs] [Times: user=0.01 sys=0.00, real=0.00 secs] 
2801.405: [GC (Allocation Failure) [PSYoungGen: 66589K->1533K(67072K)] 507013K->441956K(581120K), 0.0019139 secs] [Times: user=0.00 sys=0.00, real=0.00 secs] 
2801.789: [GC (Allocation Failure) [PSYoungGen: 66557K->1533K(67072K)] 506980K->441964K(581120K), 0.0018733 secs] [Times: user=0.01 sys=0.00, real=0.00 secs] 
2802.263: [GC (Allocation Failure) [PSYoungGen: 66557K->1456K(67072K)] 506988K->441887K(581120K), 0.0018173 secs] [Times: user=0.00 sys=0.00, real=0.00 secs] 
2802.905: [GC (Allocation Failure) [PSYoungGen: 66480K->1376K(67072K)] 506911K->441807K(581120K), 0.0020981 secs] [Times: user=0.01 sys=0.00, real=0.00 secs] 
2803.554: [GC (Allocation Failure) [PSYoungGen: 66400K->1376K(67072K)] 506831K->441807K(581120K), 0.0025977 secs] [Times: user=0.01 sys=0.01, real=0.00 secs] 
2804.078: [GC (Allocation Failure) [PSYoungGen: 66400K->1376K(67072K)] 506831K->441807K(581120K), 0.0034403 secs] [Times: user=0.01 sys=0.00, real=0.01 secs] 
2804.671: [GC (Allocation Failure) [PSYoungGen: 66400K->1408K(67072K)] 506831K->441839K(581120K), 0.0028380 secs] [Times: user=0.01 sys=0.00, real=0.00 secs] 
2805.160: [GC (Allocation Failure) [PSYoungGen: 66432K->1533K(67072K)] 506863K->441964K(581120K), 0.0017516 secs] [Times: user=0.01 sys=0.00, real=0.00 secs] 
2805.543: [GC (Allocation Failure) [PSYoungGen: 66557K->1565K(67072K)] 506988K->441996K(581120K), 0.0017218 secs] [Times: user=0.00 sys=0.00, real=0.00 secs] 
2805.926: [GC (Allocation Failure) [PSYoungGen: 66589K->1565K(67072K)] 507020K->442012K(581120K), 0.0017961 secs] [Times: user=0.01 sys=0.00, real=0.00 secs] 
2806.304: [GC (Allocation Failure) [PSYoungGen: 66589K->1504K(67072K)] 507036K->441951K(581120K), 0.0019879 secs] [Times: user=0.01 sys=0.00, real=0.00 secs] 
2806.729: [GC (Allocation Failure) [PSYoungGen: 66528K->1376K(67072K)] 506975K->441823K(581120K), 0.0019177 secs] [Times: user=0.01 sys=0.00, real=0.00 secs] 
2807.278: [GC (Allocation Failure) [PSYoungGen: 66400K->1376K(67072K)] 506847K->441823K(581120K), 0.0031071 secs] [Times: user=0.02 sys=0.00, real=0.01 secs] 
2807.864: [GC (Allocation Failure) [PSYoungGen: 66400K->1376K(67072K)] 506847K->441823K(581120K), 0.0030843 secs] [Times: user=0.01 sys=0.00, real=0.00 secs] 
2808.398: [GC (Allocation Failure) [PSYoungGen: 66400K->1376K(67072K)] 506847K->441823K(581120K), 0.0022707 secs] [Times: user=0.01 sys=0.00, real=0.01 secs] 
2808.846: [GC (Allocation Failure) [PSYoungGen: 66400K->1504K(67072K)] 506847K->441951K(581120K), 0.0016989 secs] [Times: user=0.00 sys=0.00, real=0.00 secs] 
2809.229: [GC (Allocation Failure) [PSYoungGen: 66528K->1565K(67072K)] 506975K->442012K(581120K), 0.0017253 secs] [Times: user=0.01 sys=0.00, real=0.00 secs] 
2809.613: [GC (Allocation Failure) [PSYoungGen: 66589K->1613K(67072K)] 507036K->442068K(581120K), 0.0016949 secs] [Times: user=0.01 sys=0.00, real=0.00 secs] 
2810.041: [GC (Allocation Failure) [PSYoungGen: 66637K->1504K(67072K)] 507092K->441975K(581120K), 0.0020419 secs] [Times: user=0.01 sys=0.01, real=0.00 secs] 
2810.371: [GC (Allocation Failure) [PSYoungGen: 66528K->1344K(67072K)] 506999K->441815K(581120K), 0.0019926 secs] [Times: user=0.01 sys=0.00, real=0.00 secs] 
2810.644: [GC (Allocation Failure) [PSYoungGen: 66368K->1376K(67072K)] 506839K->441847K(581120K), 0.0019398 secs] [Times: user=0.01 sys=0.00, real=0.00 secs] 
2810.942: [GC (Allocation Failure) [PSYoungGen: 66400K->1344K(67072K)] 506871K->441815K(581120K), 0.0019065 secs] [Times: user=0.00 sys=0.00, real=0.00 secs] 
2811.226: [GC (Allocation Failure) [PSYoungGen: 66368K->1376K(67072K)] 506839K->441847K(581120K), 0.0020726 secs] [Times: user=0.01 sys=0.00, real=0.00 secs] 
2811.657: [GC (Allocation Failure) [PSYoungGen: 66400K->1501K(67072K)] 506871K->441972K(581120K), 0.0017152 secs] [Times: user=0.01 sys=0.00, real=0.00 secs] 
2812.039: [GC (Allocation Failure) [PSYoungGen: 66525K->1565K(67072K)] 506996K->442036K(581120K), 0.0017448 secs] [Times: user=0.01 sys=0.00, real=0.01 secs] 
2812.422: [GC (Allocation Failure) [PSYoungGen: 66589K->1536K(67072K)] 507060K->442015K(581120K), 0.0018717 secs] [Times: user=0.01 sys=0.00, real=0.00 secs] 
2812.813: [GC (Allocation Failure) [PSYoungGen: 66560K->2016K(67072K)] 507039K->442495K(581120K), 0.0020181 secs] [Times: user=0.01 sys=0.00, real=0.00 secs] 
2813.085: [GC (Allocation Failure) [PSYoungGen: 67040K->1376K(67072K)] 507519K->441855K(581120K), 0.0018626 secs] [Times: user=0.01 sys=0.00, real=0.00 secs] 
2813.354: [GC (Allocation Failure) [PSYoungGen: 66400K->1376K(67072K)] 506879K->441855K(581120K), 0.0018683 secs] [Times: user=0.01 sys=0.00, real=0.00 secs] 
2813.624: [GC (Allocation Failure) [PSYoungGen: 66400K->1376K(67072K)] 506879K->441855K(581120K), 0.0017946 secs] [Times: user=0.00 sys=0.00, real=0.00 secs] 
2813.894: [GC (Allocation Failure) [PSYoungGen: 66400K->1376K(67072K)] 506879K->441855K(581120K), 0.0018728 secs] [Times: user=0.01 sys=0.00, real=0.00 secs] 
2814.273: [GC (Allocation Failure) [PSYoungGen: 66400K->1517K(67072K)] 506879K->441996K(581120K), 0.0017750 secs] [Times: user=0.01 sys=0.00, real=0.00 secs] 
2814.718: [GC (Allocation Failure) [PSYoungGen: 66541K->1533K(67072K)] 507020K->442012K(581120K), 0.0017562 secs] [Times: user=0.00 sys=0.00, real=0.01 secs] 
2815.161: [GC (Allocation Failure) [PSYoungGen: 66557K->1565K(67072K)] 507036K->442052K(581120K), 0.0018791 secs] [Times: user=0.01 sys=0.00, real=0.00 secs] 
2815.827: [GC (Allocation Failure) [PSYoungGen: 66589K->1616K(67072K)] 507076K->442103K(581120K), 0.0026249 secs] [Times: user=0.01 sys=0.00, real=0.01 secs] 
2816.675: [GC (Allocation Failure) [PSYoungGen: 66640K->1376K(67072K)] 507127K->441863K(581120K), 0.0029061 secs] [Times: user=0.01 sys=0.00, real=0.00 secs] 
2816.942: [GC (Allocation Failure) [PSYoungGen: 66400K->1376K(67072K)] 506887K->441863K(581120K), 0.0020992 secs] [Times: user=0.01 sys=0.00, real=0.00 secs] 
2817.212: [GC (Allocation Failure) [PSYoungGen: 66400K->1376K(67072K)] 506887K->441863K(581120K), 0.0022427 secs] [Times: user=0.00 sys=0.00, real=0.00 secs] 
2817.551: [GC (Allocation Failure) [PSYoungGen: 66400K->1376K(67072K)] 506887K->441863K(581120K), 0.0021769 secs] [Times: user=0.01 sys=0.00, real=0.00 secs] 
2817.973: [GC (Allocation Failure) [PSYoungGen: 66400K->1472K(67072K)] 506887K->441959K(581120K), 0.0017786 secs] [Times: user=0.01 sys=0.00, real=0.00 secs] 
2818.359: [GC (Allocation Failure) [PSYoungGen: 66496K->1504K(67072K)] 506983K->442015K(581120K), 0.0016962 secs] [Times: user=0.01 sys=0.00, real=0.00 secs] 
2818.752: [GC (Allocation Failure) [PSYoungGen: 66528K->1504K(67072K)] 507039K->442031K(581120K), 0.0018683 secs] [Times: user=0.00 sys=0.00, real=0.00 secs] 
2819.131: [GC (Allocation Failure) [PSYoungGen: 66528K->224K(67072K)] 507055K->440751K(581120K), 0.0017890 secs] [Times: user=0.00 sys=0.00, real=0.00 secs] 
2819.717: [GC (Allocation Failure) [PSYoungGen: 65248K->1376K(67072K)] 505775K->441903K(581120K), 0.0019996 secs] [Times: user=0.01 sys=0.00, real=0.01 secs] 
2820.042: [GC (Allocation Failure) [PSYoungGen: 66400K->1344K(67072K)] 506927K->441871K(581120K), 0.0018693 secs] [Times: user=0.01 sys=0.00, real=0.00 secs] 
2820.313: [GC (Allocation Failure) [PSYoungGen: 66368K->1344K(67072K)] 506895K->441871K(581120K), 0.0020452 secs] [Times: user=0.01 sys=0.00, real=0.00 secs] 
2820.584: [GC (Allocation Failure) [PSYoungGen: 66368K->1376K(67072K)] 506895K->441911K(581120K), 0.0021414 secs] [Times: user=0.00 sys=0.00, real=0.00 secs] 
2820.990: [GC (Allocation Failure) [PSYoungGen: 66400K->1472K(67072K)] 506935K->442007K(581120K), 0.0016866 secs] [Times: user=0.01 sys=0.00, real=0.00 secs] 
2821.374: [GC (Allocation Failure) [PSYoungGen: 66496K->1533K(67072K)] 507031K->442068K(581120K), 0.0017769 secs] [Times: user=0.00 sys=0.00, real=0.00 secs] 
2821.758: [GC (Allocation Failure) [PSYoungGen: 66557K->1501K(67072K)] 507092K->442044K(581120K), 0.0017120 secs] [Times: user=0.01 sys=0.00, real=0.01 secs] 
2822.200: [GC (Allocation Failure) [PSYoungGen: 66509K->1597K(67072K)] 507053K->442140K(581120K), 0.0020480 secs] [Times: user=0.01 sys=0.00, real=0.00 secs] 
2822.565: [GC (Allocation Failure) [PSYoungGen: 66621K->1408K(67072K)] 507164K->441951K(581120K), 0.0022843 secs] [Times: user=0.01 sys=0.00, real=0.00 secs] 
2822.836: [GC (Allocation Failure) [PSYoungGen: 66432K->1376K(67072K)] 506975K->441919K(581120K), 0.0021659 secs] [Times: user=0.01 sys=0.00, real=0.00 secs] 
2823.106: [GC (Allocation Failure) [PSYoungGen: 66400K->1376K(67072K)] 506943K->441919K(581120K), 0.0019477 secs] [Times: user=0.01 sys=0.00, real=0.00 secs] 
2823.376: [GC (Allocation Failure) [PSYoungGen: 66400K->1376K(67072K)] 506943K->441919K(581120K), 0.0021393 secs] [Times: user=0.01 sys=0.00, real=0.00 secs] 
2823.785: [GC (Allocation Failure) [PSYoungGen: 66400K->1549K(67072K)] 506943K->442092K(581120K), 0.0017959 secs] [Times: user=0.01 sys=0.00, real=0.00 secs] 
2824.170: [GC (Allocation Failure) [PSYoungGen: 66573K->1552K(67072K)] 507116K->442095K(581120K), 0.0017240 secs] [Times: user=0.01 sys=0.00, real=0.00 secs] 
2824.553: [GC (Allocation Failure) [PSYoungGen: 66576K->1565K(67072K)] 507119K->442108K(581120K), 0.0017786 secs] [Times: user=0.01 sys=0.00, real=0.00 secs] 
2824.936: [GC (Allocation Failure) [PSYoungGen: 66589K->1565K(67072K)] 507132K->442116K(581120K), 0.0017683 secs] [Times: user=0.00 sys=0.00, real=0.00 secs] 
2825.230: [GC (Allocation Failure) [PSYoungGen: 66589K->1408K(67072K)] 507140K->441959K(581120K), 0.0019405 secs] [Times: user=0.00 sys=0.00, real=0.00 secs] 
2825.501: [GC (Allocation Failure) [PSYoungGen: 66432K->1392K(67072K)] 506983K->441943K(581120K), 0.0017261 secs] [Times: user=0.00 sys=0.00, real=0.00 secs] 
2825.770: [GC (Allocation Failure) [PSYoungGen: 66416K->1376K(67072K)] 506967K->441927K(581120K), 0.0017358 secs] [Times: user=0.01 sys=0.01, real=0.00 secs] 
2826.154: [GC (Allocation Failure) [PSYoungGen: 66400K->1408K(67072K)] 506951K->441959K(581120K), 0.0019333 secs] [Times: user=0.00 sys=0.00, real=0.00 secs] 
2826.647: [GC (Allocation Failure) [PSYoungGen: 66432K->1517K(67072K)] 506983K->442068K(581120K), 0.0017477 secs] [Times: user=0.01 sys=0.00, real=0.01 secs] 
2827.029: [GC (Allocation Failure) [PSYoungGen: 66541K->1504K(67072K)] 507092K->442055K(581120K), 0.0017469 secs] [Times: user=0.00 sys=0.00, real=0.00 secs] 
2827.412: [GC (Allocation Failure) [PSYoungGen: 66528K->1549K(67072K)] 507079K->442100K(581120K), 0.0017960 secs] [Times: user=0.01 sys=0.00, real=0.00 secs] 
2827.796: [GC (Allocation Failure) [PSYoungGen: 66573K->1504K(67072K)] 507124K->442079K(581120K), 0.0017723 secs] [Times: user=0.01 sys=0.00, real=0.00 secs] 
2828.160: [GC (Allocation Failure) [PSYoungGen: 66528K->1360K(67072K)] 507103K->441935K(581120K), 0.0021661 secs] [Times: user=0.01 sys=0.00, real=0.00 secs] 
2828.626: [GC (Allocation Failure) [PSYoungGen: 66384K->1344K(67072K)] 506959K->441919K(581120K), 0.0035719 secs] [Times: user=0.02 sys=0.00, real=0.01 secs] 
2829.213: [GC (Allocation Failure) [PSYoungGen: 66368K->1344K(67072K)] 506943K->441919K(581120K), 0.0030030 secs] [Times: user=0.02 sys=0.00, real=0.00 secs] 
2829.759: [GC (Allocation Failure) [PSYoungGen: 66368K->1376K(67072K)] 506943K->441951K(581120K), 0.0029789 secs] [Times: user=0.01 sys=0.00, real=0.00 secs] 
2830.319: [GC (Allocation Failure) [PSYoungGen: 66400K->1504K(67072K)] 506975K->442079K(581120K), 0.0016548 secs] [Times: user=0.00 sys=0.00, real=0.01 secs] 
2830.703: [GC (Allocation Failure) [PSYoungGen: 66528K->1504K(67072K)] 507103K->442079K(581120K), 0.0017153 secs] [Times: user=0.01 sys=0.00, real=0.00 secs] 
2831.086: [GC (Allocation Failure) [PSYoungGen: 66528K->1533K(67072K)] 507103K->442108K(581120K), 0.0017715 secs] [Times: user=0.00 sys=0.00, real=0.00 secs] 
2831.467: [GC (Allocation Failure) [PSYoungGen: 66557K->1565K(67072K)] 507132K->442148K(581120K), 0.0017255 secs] [Times: user=0.01 sys=0.00, real=0.01 secs] 
2831.816: [GC (Allocation Failure) [PSYoungGen: 66589K->1376K(67072K)] 507172K->441959K(581120K), 0.0017924 secs] [Times: user=0.01 sys=0.00, real=0.00 secs] 
2832.207: [GC (Allocation Failure) [PSYoungGen: 66400K->1344K(67072K)] 506983K->441927K(581120K), 0.0021857 secs] [Times: user=0.01 sys=0.00, real=0.01 secs] 
2832.517: [GC (Allocation Failure) [PSYoungGen: 66368K->1376K(67072K)] 506951K->441959K(581120K), 0.0026502 secs] [Times: user=0.01 sys=0.00, real=0.01 secs] 
2832.809: [GC (Allocation Failure) [PSYoungGen: 66400K->1376K(67072K)] 506983K->441959K(581120K), 0.0022235 secs] [Times: user=0.01 sys=0.00, real=0.01 secs] 
2833.172: [GC (Allocation Failure) [PSYoungGen: 66400K->1504K(67072K)] 506983K->442087K(581120K), 0.0017293 secs] [Times: user=0.00 sys=0.00, real=0.00 secs] 
2833.555: [GC (Allocation Failure) [PSYoungGen: 66528K->1565K(67072K)] 507111K->442148K(581120K), 0.0017397 secs] [Times: user=0.01 sys=0.00, real=0.00 secs] 
2833.938: [GC (Allocation Failure) [PSYoungGen: 66589K->1597K(67072K)] 507172K->442180K(581120K), 0.0019000 secs] [Times: user=0.01 sys=0.00, real=0.01 secs] 
2834.321: [GC (Allocation Failure) [PSYoungGen: 66621K->1565K(67072K)] 507204K->442156K(581120K), 0.0017205 secs] [Times: user=0.01 sys=0.00, real=0.00 secs] 
2835.883: [GC (Allocation Failure) [PSYoungGen: 66589K->1408K(67072K)] 507180K->441999K(581120K), 0.0045891 secs] [Times: user=0.02 sys=0.00, real=0.00 secs] 
2837.234: [GC (Allocation Failure) [PSYoungGen: 66432K->1376K(67072K)] 507023K->441967K(581120K), 0.0046887 secs] [Times: user=0.02 sys=0.00, real=0.00 secs] 
2837.952: [GC (Allocation Failure) [PSYoungGen: 66400K->1376K(67072K)] 506991K->441967K(581120K), 0.0030356 secs] [Times: user=0.01 sys=0.00, real=0.00 secs] 
2838.440: [GC (Allocation Failure) [PSYoungGen: 66400K->1376K(67072K)] 506991K->441967K(581120K), 0.0033955 secs] [Times: user=0.01 sys=0.00, real=0.00 secs] 
2838.917: [GC (Allocation Failure) [PSYoungGen: 66400K->1501K(67072K)] 506991K->442092K(581120K), 0.0017106 secs] [Times: user=0.01 sys=0.00, real=0.01 secs] 
2839.311: [GC (Allocation Failure) [PSYoungGen: 66525K->1565K(67072K)] 507116K->442156K(581120K), 0.0017698 secs] [Times: user=0.00 sys=0.00, real=0.00 secs] 
2839.694: [GC (Allocation Failure) [PSYoungGen: 66589K->1536K(67072K)] 507180K->442127K(581120K), 0.0017792 secs] [Times: user=0.01 sys=0.00, real=0.00 secs] 
2840.076: [GC (Allocation Failure) [PSYoungGen: 66560K->1597K(67072K)] 507151K->442204K(581120K), 0.0017052 secs] [Times: user=0.00 sys=0.00, real=0.00 secs] 
2840.403: [GC (Allocation Failure) [PSYoungGen: 66621K->1440K(67072K)] 507228K->442047K(581120K), 0.0016998 secs] [Times: user=0.00 sys=0.00, real=0.00 secs] 
2840.672: [GC (Allocation Failure) [PSYoungGen: 66464K->1376K(67072K)] 507071K->441999K(581120K), 0.0015418 secs] [Times: user=0.01 sys=0.00, real=0.00 secs] 
2840.942: [GC (Allocation Failure) [PSYoungGen: 66400K->1344K(67072K)] 507023K->441967K(581120K), 0.0016017 secs] [Times: user=0.01 sys=0.00, real=0.00 secs] 
2841.229: [GC (Allocation Failure) [PSYoungGen: 66368K->1360K(67072K)] 506991K->441983K(581120K), 0.0016909 secs] [Times: user=0.01 sys=0.00, real=0.01 secs] 
2841.697: [GC (Allocation Failure) [PSYoungGen: 66384K->1437K(67072K)] 507007K->442060K(581120K), 0.0016787 secs] [Times: user=0.01 sys=0.00, real=0.00 secs] 
2842.136: [GC (Allocation Failure) [PSYoungGen: 66461K->1533K(67072K)] 507084K->442156K(581120K), 0.0017833 secs] [Times: user=0.00 sys=0.00, real=0.00 secs] 
2842.520: [GC (Allocation Failure) [PSYoungGen: 66557K->1552K(67072K)] 507180K->442175K(581120K), 0.0018157 secs] [Times: user=0.01 sys=0.00, real=0.00 secs] 
2842.913: [GC (Allocation Failure) [PSYoungGen: 66576K->1565K(67072K)] 507199K->442196K(581120K), 0.0017603 secs] [Times: user=0.01 sys=0.00, real=0.00 secs] 
2843.412: [GC (Allocation Failure) [PSYoungGen: 66589K->1424K(67072K)] 507220K->442055K(581120K), 0.0019707 secs] [Times: user=0.01 sys=0.00, real=0.00 secs] 
2843.981: [GC (Allocation Failure) [PSYoungGen: 66448K->1344K(67072K)] 507079K->441975K(581120K), 0.0022165 secs] [Times: user=0.00 sys=0.00, real=0.00 secs] 
2844.726: [GC (Allocation Failure) [PSYoungGen: 66368K->1376K(67072K)] 506999K->442007K(581120K), 0.0022900 secs] [Times: user=0.01 sys=0.00, real=0.00 secs] 
2845.592: [GC (Allocation Failure) [PSYoungGen: 66400K->1376K(67072K)] 507031K->442007K(581120K), 0.0028808 secs] [Times: user=0.02 sys=0.00, real=0.00 secs] 
2846.457: [GC (Allocation Failure) [PSYoungGen: 66400K->1440K(67072K)] 507031K->442071K(581120K), 0.0018445 secs] [Times: user=0.00 sys=0.00, real=0.01 secs] 
2846.839: [GC (Allocation Failure) [PSYoungGen: 66464K->1549K(67072K)] 507095K->442180K(581120K), 0.0018100 secs] [Times: user=0.01 sys=0.00, real=0.00 secs] 
2847.221: [GC (Allocation Failure) [PSYoungGen: 66573K->1533K(67072K)] 507204K->442164K(581120K), 0.0018554 secs] [Times: user=0.01 sys=0.00, real=0.00 secs] 
2847.603: [GC (Allocation Failure) [PSYoungGen: 66545K->1565K(67072K)] 507176K->442204K(581120K), 0.0017049 secs] [Times: user=0.01 sys=0.00, real=0.00 secs] 
2847.962: [GC (Allocation Failure) [PSYoungGen: 66589K->1424K(67072K)] 507228K->442063K(581120K), 0.0018418 secs] [Times: user=0.01 sys=0.00, real=0.00 secs] 
2848.478: [GC (Allocation Failure) [PSYoungGen: 66448K->1376K(67072K)] 507087K->442015K(581120K), 0.0021550 secs] [Times: user=0.01 sys=0.00, real=0.01 secs] 
2849.080: [GC (Allocation Failure) [PSYoungGen: 66400K->1344K(67072K)] 507039K->441983K(581120K), 0.0039214 secs] [Times: user=0.01 sys=0.00, real=0.00 secs] 
2849.621: [GC (Allocation Failure) [PSYoungGen: 66368K->1344K(67072K)] 507007K->441983K(581120K), 0.0033142 secs] [Times: user=0.01 sys=0.00, real=0.00 secs] 
2850.249: [GC (Allocation Failure) [PSYoungGen: 66368K->1437K(67072K)] 507007K->442076K(581120K), 0.0019953 secs] [Times: user=0.01 sys=0.00, real=0.00 secs] 
2850.639: [GC (Allocation Failure) [PSYoungGen: 66461K->1536K(67072K)] 507100K->442199K(581120K), 0.0018052 secs] [Times: user=0.01 sys=0.00, real=0.00 secs] 
2851.021: [GC (Allocation Failure) [PSYoungGen: 66544K->1565K(67072K)] 507208K->442228K(581120K), 0.0016861 secs] [Times: user=0.00 sys=0.00, real=0.00 secs] 
2851.403: [GC (Allocation Failure) [PSYoungGen: 66589K->1581K(67072K)] 507252K->442252K(581120K), 0.0017845 secs] [Times: user=0.00 sys=0.00, real=0.00 secs] 
2852.043: [GC (Allocation Failure) [PSYoungGen: 66605K->1424K(67072K)] 507276K->442095K(581120K), 0.0022780 secs] [Times: user=0.01 sys=0.00, real=0.00 secs] 
2852.646: [GC (Allocation Failure) [PSYoungGen: 66448K->1344K(67072K)] 507119K->442015K(581120K), 0.0026094 secs] [Times: user=0.01 sys=0.00, real=0.00 secs] 
2852.976: [GC (Allocation Failure) [PSYoungGen: 66368K->1376K(67072K)] 507039K->442047K(581120K), 0.0020334 secs] [Times: user=0.01 sys=0.00, real=0.00 secs] 
2853.295: [GC (Allocation Failure) [PSYoungGen: 66400K->1360K(67072K)] 507071K->442031K(581120K), 0.0019497 secs] [Times: user=0.00 sys=0.00, real=0.00 secs] 
2853.666: [GC (Allocation Failure) [PSYoungGen: 66384K->1488K(67072K)] 507055K->442159K(581120K), 0.0024216 secs] [Times: user=0.01 sys=0.00, real=0.00 secs] 
2854.116: [GC (Allocation Failure) [PSYoungGen: 66512K->1533K(67072K)] 507183K->442204K(581120K), 0.0017355 secs] [Times: user=0.01 sys=0.00, real=0.00 secs] 
2854.497: [GC (Allocation Failure) [PSYoungGen: 66539K->1533K(67072K)] 507210K->442204K(581120K), 0.0017186 secs] [Times: user=0.01 sys=0.00, real=0.01 secs] 
2854.879: [GC (Allocation Failure) [PSYoungGen: 66554K->1533K(67072K)] 507226K->442220K(581120K), 0.0017659 secs] [Times: user=0.01 sys=0.00, real=0.00 secs] 
2855.245: [GC (Allocation Failure) [PSYoungGen: 66557K->1456K(67072K)] 507244K->442143K(581120K), 0.0025053 secs] [Times: user=0.01 sys=0.00, real=0.00 secs] 
2855.516: [GC (Allocation Failure) [PSYoungGen: 66480K->1360K(67072K)] 507167K->442047K(581120K), 0.0022294 secs] [Times: user=0.01 sys=0.00, real=0.00 secs] 
2856.006: [GC (Allocation Failure) [PSYoungGen: 66384K->1344K(67072K)] 507071K->442031K(581120K), 0.0022531 secs] [Times: user=0.01 sys=0.00, real=0.00 secs] 
2856.503: [GC (Allocation Failure) [PSYoungGen: 66368K->1360K(67072K)] 507055K->442047K(581120K), 0.0021203 secs] [Times: user=0.01 sys=0.00, real=0.00 secs] 
2857.071: [GC (Allocation Failure) [PSYoungGen: 66384K->1488K(67072K)] 507071K->442175K(581120K), 0.0023201 secs] [Times: user=0.01 sys=0.00, real=0.00 secs] 
2857.481: [GC (Allocation Failure) [PSYoungGen: 66512K->1533K(67072K)] 507199K->442220K(581120K), 0.0019137 secs] [Times: user=0.01 sys=0.00, real=0.00 secs] 
2857.865: [GC (Allocation Failure) [PSYoungGen: 66557K->1533K(67072K)] 507244K->442220K(581120K), 0.0018462 secs] [Times: user=0.00 sys=0.00, real=0.00 secs] 
2858.248: [GC (Allocation Failure) [PSYoungGen: 66548K->1533K(67072K)] 507235K->442236K(581120K), 0.0017484 secs] [Times: user=0.01 sys=0.00, real=0.01 secs] 
2858.630: [GC (Allocation Failure) [PSYoungGen: 66557K->1424K(67072K)] 507260K->442151K(581120K), 0.0020110 secs] [Times: user=0.01 sys=0.00, real=0.00 secs] 
2858.956: [GC (Allocation Failure) [PSYoungGen: 66448K->1376K(67072K)] 507175K->442103K(581120K), 0.0019239 secs] [Times: user=0.01 sys=0.00, real=0.00 secs] 
2859.272: [GC (Allocation Failure) [PSYoungGen: 66400K->1376K(67072K)] 507127K->442103K(581120K), 0.0019775 secs] [Times: user=0.01 sys=0.00, real=0.00 secs] 
2859.546: [GC (Allocation Failure) [PSYoungGen: 66400K->1376K(67072K)] 507127K->442103K(581120K), 0.0024608 secs] [Times: user=0.01 sys=0.00, real=0.00 secs] 
2859.862: [GC (Allocation Failure) [PSYoungGen: 66400K->1485K(67072K)] 507127K->442212K(581120K), 0.0019310 secs] [Times: user=0.01 sys=0.00, real=0.00 secs] 
2860.248: [GC (Allocation Failure) [PSYoungGen: 66509K->1597K(67072K)] 507236K->442324K(581120K), 0.0016169 secs] [Times: user=0.00 sys=0.00, real=0.01 secs] 
2860.631: [GC (Allocation Failure) [PSYoungGen: 66621K->1533K(67072K)] 507348K->442260K(581120K), 0.0017525 secs] [Times: user=0.01 sys=0.00, real=0.00 secs] 
2861.013: [GC (Allocation Failure) [PSYoungGen: 66548K->1549K(67072K)] 507276K->442284K(581120K), 0.0017041 secs] [Times: user=0.01 sys=0.00, real=0.00 secs] 
2861.392: [GC (Allocation Failure) [PSYoungGen: 66573K->1520K(67072K)] 507308K->442263K(581120K), 0.0019758 secs] [Times: user=0.01 sys=0.00, real=0.00 secs] 
2861.662: [GC (Allocation Failure) [PSYoungGen: 66544K->1408K(67072K)] 507287K->442151K(581120K), 0.0018157 secs] [Times: user=0.01 sys=0.00, real=0.00 secs] 
2861.933: [GC (Allocation Failure) [PSYoungGen: 66432K->1408K(67072K)] 507175K->442151K(581120K), 0.0018783 secs] [Times: user=0.01 sys=0.00, real=0.00 secs] 
2862.203: [GC (Allocation Failure) [PSYoungGen: 66432K->1408K(67072K)] 507175K->442151K(581120K), 0.0020020 secs] [Times: user=0.01 sys=0.00, real=0.00 secs] 
2862.485: [GC (Allocation Failure) [PSYoungGen: 66432K->1469K(67072K)] 507175K->442212K(581120K), 0.0019562 secs] [Times: user=0.01 sys=0.00, real=0.00 secs] 
2862.871: [GC (Allocation Failure) [PSYoungGen: 66493K->1565K(67072K)] 507236K->442308K(581120K), 0.0015621 secs] [Times: user=0.00 sys=0.00, real=0.00 secs] 
2863.255: [GC (Allocation Failure) [PSYoungGen: 66589K->1597K(67072K)] 507332K->442340K(581120K), 0.0017711 secs] [Times: user=0.00 sys=0.00, real=0.00 secs] 
2863.696: [GC (Allocation Failure) [PSYoungGen: 66610K->1581K(67072K)] 507353K->442340K(581120K), 0.0017507 secs] [Times: user=0.01 sys=0.00, real=0.00 secs] 
2864.207: [GC (Allocation Failure) [PSYoungGen: 66605K->1504K(67072K)] 507364K->442263K(581120K), 0.0025279 secs] [Times: user=0.01 sys=0.00, real=0.01 secs] 
2864.555: [GC (Allocation Failure) [PSYoungGen: 66528K->1392K(67072K)] 507287K->442151K(581120K), 0.0021192 secs] [Times: user=0.01 sys=0.00, real=0.00 secs] 
2864.827: [GC (Allocation Failure) [PSYoungGen: 66416K->1408K(67072K)] 507175K->442167K(581120K), 0.0020850 secs] [Times: user=0.01 sys=0.00, real=0.01 secs] 
2865.104: [GC (Allocation Failure) [PSYoungGen: 66432K->1440K(67072K)] 507191K->442199K(581120K), 0.0022756 secs] [Times: user=0.01 sys=0.00, real=0.00 secs] 
2865.375: [GC (Allocation Failure) [PSYoungGen: 66464K->1424K(67072K)] 507223K->442183K(581120K), 0.0020262 secs] [Times: user=0.01 sys=0.00, real=0.00 secs] 
2865.811: [GC (Allocation Failure) [PSYoungGen: 66448K->1600K(67072K)] 507207K->442359K(581120K), 0.0019447 secs] [Times: user=0.01 sys=0.00, real=0.00 secs] 
2866.194: [GC (Allocation Failure) [PSYoungGen: 66624K->1597K(67072K)] 507383K->442356K(581120K), 0.0016859 secs] [Times: user=0.01 sys=0.00, real=0.00 secs] 
2866.576: [GC (Allocation Failure) [PSYoungGen: 66612K->1533K(67072K)] 507371K->442308K(581120K), 0.0018679 secs] [Times: user=0.01 sys=0.00, real=0.00 secs] 
2867.110: [GC (Allocation Failure) [PSYoungGen: 66557K->1504K(67072K)] 507332K->442279K(581120K), 0.0019738 secs] [Times: user=0.01 sys=0.00, real=0.00 secs] 
2868.006: [GC (Allocation Failure) [PSYoungGen: 66528K->1376K(67072K)] 507303K->442151K(581120K), 0.0038101 secs] [Times: user=0.02 sys=0.00, real=0.01 secs] 
2868.910: [GC (Allocation Failure) [PSYoungGen: 66400K->1408K(67072K)] 507175K->442183K(581120K), 0.0043519 secs] [Times: user=0.02 sys=0.00, real=0.00 secs] 
2869.575: [GC (Allocation Failure) [PSYoungGen: 66432K->1344K(67072K)] 507207K->442135K(581120K), 0.0028519 secs] [Times: user=0.02 sys=0.00, real=0.00 secs] 
2870.030: [GC (Allocation Failure) [PSYoungGen: 66368K->1360K(67072K)] 507159K->442151K(581120K), 0.0027604 secs] [Times: user=0.01 sys=0.00, real=0.00 secs] 
2870.492: [GC (Allocation Failure) [PSYoungGen: 66384K->1584K(67072K)] 507175K->442375K(581120K), 0.0017142 secs] [Times: user=0.01 sys=0.00, real=0.00 secs] 
2870.874: [GC (Allocation Failure) [PSYoungGen: 66597K->1472K(67072K)] 507389K->442263K(581120K), 0.0018232 secs] [Times: user=0.01 sys=0.00, real=0.00 secs] 
2871.315: [GC (Allocation Failure) [PSYoungGen: 66496K->1565K(67072K)] 507287K->442364K(581120K), 0.0017899 secs] [Times: user=0.00 sys=0.00, real=0.00 secs] 
2871.805: [GC (Allocation Failure) [PSYoungGen: 66589K->1504K(67072K)] 507388K->442303K(581120K), 0.0024291 secs] [Times: user=0.01 sys=0.00, real=0.00 secs] 
2872.394: [GC (Allocation Failure) [PSYoungGen: 66528K->1376K(67072K)] 507327K->442175K(581120K), 0.0023339 secs] [Times: user=0.01 sys=0.00, real=0.00 secs] 
2872.665: [GC (Allocation Failure) [PSYoungGen: 66400K->1376K(67072K)] 507199K->442175K(581120K), 0.0020649 secs] [Times: user=0.01 sys=0.00, real=0.00 secs] 
2872.936: [GC (Allocation Failure) [PSYoungGen: 66400K->1344K(67072K)] 507199K->442143K(581120K), 0.0023631 secs] [Times: user=0.01 sys=0.00, real=0.00 secs] 
2873.209: [GC (Allocation Failure) [PSYoungGen: 66368K->1344K(67072K)] 507167K->442143K(581120K), 0.0025414 secs] [Times: user=0.01 sys=0.00, real=0.00 secs] 
2873.635: [GC (Allocation Failure) [PSYoungGen: 66368K->1549K(67072K)] 507167K->442348K(581120K), 0.0018269 secs] [Times: user=0.01 sys=0.00, real=0.00 secs] 
2874.022: [GC (Allocation Failure) [PSYoungGen: 66573K->1504K(67072K)] 507372K->442303K(581120K), 0.0018982 secs] [Times: user=0.01 sys=0.00, real=0.00 secs] 
2874.405: [GC (Allocation Failure) [PSYoungGen: 66524K->1565K(67072K)] 507324K->442372K(581120K), 0.0017095 secs] [Times: user=0.01 sys=0.00, real=0.00 secs] 
2874.825: [GC (Allocation Failure) [PSYoungGen: 66589K->2000K(67072K)] 507396K->442807K(581120K), 0.0020337 secs] [Times: user=0.01 sys=0.00, real=0.00 secs] 
2875.112: [GC (Allocation Failure) [PSYoungGen: 67024K->1376K(67072K)] 507831K->442183K(581120K), 0.0020137 secs] [Times: user=0.01 sys=0.00, real=0.00 secs] 
2875.596: [GC (Allocation Failure) [PSYoungGen: 66400K->1376K(67072K)] 507207K->442183K(581120K), 0.0019361 secs] [Times: user=0.01 sys=0.00, real=0.00 secs] 
2876.134: [GC (Allocation Failure) [PSYoungGen: 66400K->1312K(67072K)] 507207K->442119K(581120K), 0.0024353 secs] [Times: user=0.01 sys=0.00, real=0.00 secs] 
2876.684: [GC (Allocation Failure) [PSYoungGen: 66336K->1376K(67072K)] 507143K->442183K(581120K), 0.0022400 secs] [Times: user=0.01 sys=0.00, real=0.00 secs] 
2877.199: [GC (Allocation Failure) [PSYoungGen: 66400K->1533K(67072K)] 507207K->442340K(581120K), 0.0018228 secs] [Times: user=0.00 sys=0.00, real=0.01 secs] 
2877.581: [GC (Allocation Failure) [PSYoungGen: 66557K->1565K(67072K)] 507364K->442372K(581120K), 0.0016921 secs] [Times: user=0.01 sys=0.00, real=0.00 secs] 
2877.962: [GC (Allocation Failure) [PSYoungGen: 66584K->1520K(67072K)] 507392K->442343K(581120K), 0.0017198 secs] [Times: user=0.01 sys=0.00, real=0.00 secs] 
2878.371: [GC (Allocation Failure) [PSYoungGen: 66544K->1648K(67072K)] 507367K->442495K(581120K), 0.0020811 secs] [Times: user=0.00 sys=0.00, real=0.00 secs] 
2878.709: [GC (Allocation Failure) [PSYoungGen: 66672K->1344K(67072K)] 507519K->442191K(581120K), 0.0018382 secs] [Times: user=0.00 sys=0.00, real=0.01 secs] 
2879.103: [GC (Allocation Failure) [PSYoungGen: 66368K->1376K(67072K)] 507215K->442223K(581120K), 0.0019443 secs] [Times: user=0.01 sys=0.00, real=0.00 secs] 
2879.571: [GC (Allocation Failure) [PSYoungGen: 66400K->1360K(67072K)] 507247K->442207K(581120K), 0.0021765 secs] [Times: user=0.01 sys=0.00, real=0.00 secs] 
2880.052: [GC (Allocation Failure) [PSYoungGen: 66384K->1376K(67072K)] 507231K->442223K(581120K), 0.0046525 secs] [Times: user=0.02 sys=0.00, real=0.00 secs] 
2880.645: [GC (Allocation Failure) [PSYoungGen: 66400K->1536K(67072K)] 507247K->442383K(581120K), 0.0017102 secs] [Times: user=0.01 sys=0.00, real=0.00 secs] 
2881.028: [GC (Allocation Failure) [PSYoungGen: 66560K->1565K(67072K)] 507407K->442412K(581120K), 0.0017910 secs] [Times: user=0.01 sys=0.00, real=0.01 secs] 
2881.412: [GC (Allocation Failure) [PSYoungGen: 66589K->1501K(67072K)] 507436K->442364K(581120K), 0.0016654 secs] [Times: user=0.00 sys=0.00, real=0.00 secs] 
2881.795: [GC (Allocation Failure) [PSYoungGen: 66525K->224K(67072K)] 507388K->441087K(581120K), 0.0017525 secs] [Times: user=0.01 sys=0.00, real=0.00 secs] 
2882.106: [GC (Allocation Failure) [PSYoungGen: 65248K->1312K(67072K)] 506111K->442175K(581120K), 0.0028820 secs] [Times: user=0.01 sys=0.00, real=0.00 secs] 
2882.461: [GC (Allocation Failure) [PSYoungGen: 66336K->1344K(67072K)] 507199K->442207K(581120K), 0.0023608 secs] [Times: user=0.01 sys=0.00, real=0.00 secs] 
2882.853: [GC (Allocation Failure) [PSYoungGen: 66368K->1376K(67072K)] 507231K->442239K(581120K), 0.0022465 secs] [Times: user=0.01 sys=0.00, real=0.00 secs] 
2883.341: [GC (Allocation Failure) [PSYoungGen: 66400K->1344K(67072K)] 507263K->442207K(581120K), 0.0024175 secs] [Times: user=0.01 sys=0.00, real=0.00 secs] 
2883.854: [GC (Allocation Failure) [PSYoungGen: 66368K->1501K(67072K)] 507231K->442364K(581120K), 0.0016971 secs] [Times: user=0.00 sys=0.00, real=0.00 secs] 
2884.238: [GC (Allocation Failure) [PSYoungGen: 66525K->1597K(67072K)] 507388K->442460K(581120K), 0.0017484 secs] [Times: user=0.00 sys=0.00, real=0.01 secs] 
2884.622: [GC (Allocation Failure) [PSYoungGen: 66621K->1565K(67072K)] 507484K->442436K(581120K), 0.0017119 secs] [Times: user=0.01 sys=0.00, real=0.00 secs] 
2885.004: [GC (Allocation Failure) [PSYoungGen: 66589K->1581K(67072K)] 507460K->442452K(581120K), 0.0017321 secs] [Times: user=0.00 sys=0.00, real=0.00 secs] 
2885.590: [GC (Allocation Failure) [PSYoungGen: 66605K->1408K(67072K)] 507476K->442279K(581120K), 0.0020987 secs] [Times: user=0.01 sys=0.00, real=0.00 secs] 
2886.082: [GC (Allocation Failure) [PSYoungGen: 66432K->1376K(67072K)] 507303K->442247K(581120K), 0.0039102 secs] [Times: user=0.01 sys=0.00, real=0.00 secs] 
2886.588: [GC (Allocation Failure) [PSYoungGen: 66400K->1376K(67072K)] 507271K->442247K(581120K), 0.0024317 secs] [Times: user=0.01 sys=0.00, real=0.01 secs] 
2887.126: [GC (Allocation Failure) [PSYoungGen: 66400K->1344K(67072K)] 507271K->442215K(581120K), 0.0042021 secs] [Times: user=0.02 sys=0.00, real=0.01 secs] 
2887.689: [GC (Allocation Failure) [PSYoungGen: 66368K->1517K(67072K)] 507239K->442388K(581120K), 0.0017521 secs] [Times: user=0.00 sys=0.00, real=0.00 secs] 
2888.071: [GC (Allocation Failure) [PSYoungGen: 66541K->1565K(67072K)] 507412K->442436K(581120K), 0.0017736 secs] [Times: user=0.01 sys=0.00, real=0.00 secs] 
2888.455: [GC (Allocation Failure) [PSYoungGen: 66589K->1584K(67072K)] 507460K->442455K(581120K), 0.0017774 secs] [Times: user=0.01 sys=0.00, real=0.00 secs] 
2888.844: [GC (Allocation Failure) [PSYoungGen: 66608K->1597K(67072K)] 507479K->442476K(581120K), 0.0017673 secs] [Times: user=0.01 sys=0.00, real=0.00 secs] 
2889.380: [GC (Allocation Failure) [PSYoungGen: 66621K->1392K(67072K)] 507500K->442295K(581120K), 0.0022258 secs] [Times: user=0.01 sys=0.00, real=0.00 secs] 
2889.861: [GC (Allocation Failure) [PSYoungGen: 66416K->1328K(67072K)] 507319K->442231K(581120K), 0.0020402 secs] [Times: user=0.01 sys=0.00, real=0.00 secs] 
2890.201: [GC (Allocation Failure) [PSYoungGen: 66352K->1344K(67072K)] 507255K->442247K(581120K), 0.0021865 secs] [Times: user=0.01 sys=0.00, real=0.00 secs] 
2890.538: [GC (Allocation Failure) [PSYoungGen: 66368K->1376K(67072K)] 507271K->442279K(581120K), 0.0020228 secs] [Times: user=0.01 sys=0.00, real=0.01 secs] 
2890.934: [GC (Allocation Failure) [PSYoungGen: 66400K->1501K(67072K)] 507303K->442404K(581120K), 0.0016588 secs] [Times: user=0.01 sys=0.00, real=0.00 secs] 
2891.315: [GC (Allocation Failure) [PSYoungGen: 66525K->1533K(67072K)] 507428K->442436K(581120K), 0.0017429 secs] [Times: user=0.01 sys=0.00, real=0.00 secs] 
2891.697: [GC (Allocation Failure) [PSYoungGen: 66557K->1533K(67072K)] 507460K->442436K(581120K), 0.0017286 secs] [Times: user=0.01 sys=0.00, real=0.00 secs] 
2892.081: [GC (Allocation Failure) [PSYoungGen: 66557K->1568K(67072K)] 507460K->442479K(581120K), 0.0017839 secs] [Times: user=0.01 sys=0.00, real=0.00 secs] 
2892.605: [GC (Allocation Failure) [PSYoungGen: 66592K->1424K(67072K)] 507503K->442335K(581120K), 0.0020556 secs] [Times: user=0.01 sys=0.00, real=0.00 secs] 
2892.876: [GC (Allocation Failure) [PSYoungGen: 66448K->1376K(67072K)] 507359K->442287K(581120K), 0.0021160 secs] [Times: user=0.01 sys=0.00, real=0.00 secs] 
2893.148: [GC (Allocation Failure) [PSYoungGen: 66400K->1376K(67072K)] 507311K->442287K(581120K), 0.0023560 secs] [Times: user=0.01 sys=0.00, real=0.01 secs] 
2893.419: [GC (Allocation Failure) [PSYoungGen: 66400K->1360K(67072K)] 507311K->442279K(581120K), 0.0021702 secs] [Times: user=0.01 sys=0.00, real=0.00 secs] 
2893.777: [GC (Allocation Failure) [PSYoungGen: 66384K->1472K(67072K)] 507303K->442391K(581120K), 0.0018481 secs] [Times: user=0.01 sys=0.00, real=0.00 secs] 
2894.214: [GC (GCLocker Initiated GC) [PSYoungGen: 66496K->1549K(67072K)] 507415K->442468K(581120K), 0.0017664 secs] [Times: user=0.01 sys=0.00, real=0.00 secs] 
2894.604: [GC (Allocation Failure) [PSYoungGen: 66573K->1517K(67072K)] 508902K->443846K(581120K), 0.0018058 secs] [Times: user=0.01 sys=0.00, real=0.00 secs] 
2895.046: [GC (Allocation Failure) [PSYoungGen: 66541K->1565K(67072K)] 508870K->443910K(581120K), 0.0018347 secs] [Times: user=0.01 sys=0.00, real=0.00 secs] 
2895.415: [GC (Allocation Failure) [PSYoungGen: 66589K->1504K(67072K)] 508934K->443848K(581120K), 0.0026636 secs] [Times: user=0.01 sys=0.01, real=0.00 secs] 
2895.696: [GC (Allocation Failure) [PSYoungGen: 66528K->1440K(67072K)] 508872K->443784K(581120K), 0.0021675 secs] [Times: user=0.01 sys=0.01, real=0.00 secs] 
2896.010: [GC (Allocation Failure) [PSYoungGen: 66464K->1440K(67072K)] 508808K->443784K(581120K), 0.0019479 secs] [Times: user=0.00 sys=0.00, real=0.00 secs] 
2896.332: [GC (Allocation Failure) [PSYoungGen: 66464K->1440K(67072K)] 508808K->443784K(581120K), 0.0021438 secs] [Times: user=0.01 sys=0.00, real=0.00 secs] 
2896.746: [GC (Allocation Failure) [PSYoungGen: 66464K->1565K(67072K)] 508808K->443910K(581120K), 0.0016779 secs] [Times: user=0.01 sys=0.00, real=0.00 secs] 
2897.130: [GC (Allocation Failure) [PSYoungGen: 66589K->1565K(67072K)] 508934K->443910K(581120K), 0.0017434 secs] [Times: user=0.01 sys=0.00, real=0.00 secs] 
2897.514: [GC (Allocation Failure) [PSYoungGen: 66589K->1661K(67072K)] 508934K->444006K(581120K), 0.0017550 secs] [Times: user=0.01 sys=0.00, real=0.00 secs] 
2897.899: [GC (Allocation Failure) [PSYoungGen: 66685K->1629K(67072K)] 509030K->443998K(581120K), 0.0017119 secs] [Times: user=0.01 sys=0.00, real=0.00 secs] 
2898.497: [GC (Allocation Failure) [PSYoungGen: 66653K->1536K(67072K)] 509022K->443904K(581120K), 0.0021733 secs] [Times: user=0.01 sys=0.00, real=0.01 secs] 
2899.011: [GC (Allocation Failure) [PSYoungGen: 66560K->1408K(67072K)] 508928K->443776K(581120K), 0.0025135 secs] [Times: user=0.01 sys=0.00, real=0.00 secs] 
2899.577: [GC (Allocation Failure) [PSYoungGen: 66432K->1408K(67072K)] 508800K->443776K(581120K), 0.0024974 secs] [Times: user=0.01 sys=0.00, real=0.01 secs] 
2900.130: [GC (Allocation Failure) [PSYoungGen: 66432K->1360K(67072K)] 508800K->443776K(581120K), 0.0029594 secs] [Times: user=0.02 sys=0.00, real=0.00 secs] 
2900.789: [GC (Allocation Failure) [PSYoungGen: 66384K->1533K(67072K)] 508800K->443950K(581120K), 0.0016950 secs] [Times: user=0.01 sys=0.00, real=0.00 secs] 
2901.172: [GC (Allocation Failure) [PSYoungGen: 66557K->1645K(67072K)] 508974K->444078K(581120K), 0.0017467 secs] [Times: user=0.00 sys=0.00, real=0.00 secs] 
2901.554: [GC (Allocation Failure) [PSYoungGen: 66669K->1597K(67072K)] 509102K->444030K(581120K), 0.0017461 secs] [Times: user=0.01 sys=0.00, real=0.00 secs] 
2901.936: [GC (Allocation Failure) [PSYoungGen: 66609K->1517K(67072K)] 509042K->443966K(581120K), 0.0017001 secs] [Times: user=0.01 sys=0.00, real=0.00 secs] 
2902.476: [GC (Allocation Failure) [PSYoungGen: 66541K->1408K(67072K)] 508990K->443856K(581120K), 0.0019493 secs] [Times: user=0.01 sys=0.00, real=0.00 secs] 
2903.156: [GC (Allocation Failure) [PSYoungGen: 66432K->1344K(67072K)] 508880K->443792K(581120K), 0.0023860 secs] [Times: user=0.01 sys=0.00, real=0.00 secs] 
2904.020: [GC (Allocation Failure) [PSYoungGen: 66368K->1344K(67072K)] 508816K->443792K(581120K), 0.0031210 secs] [Times: user=0.01 sys=0.00, real=0.00 secs] 
2904.792: [GC (Allocation Failure) [PSYoungGen: 66368K->1376K(67072K)] 508816K->443824K(581120K), 0.0030673 secs] [Times: user=0.01 sys=0.00, real=0.00 secs] 
2905.541: [GC (Allocation Failure) [PSYoungGen: 66400K->1437K(67072K)] 508848K->443886K(581120K), 0.0017165 secs] [Times: user=0.01 sys=0.00, real=0.00 secs] 
2905.924: [GC (Allocation Failure) [PSYoungGen: 66461K->1597K(67072K)] 508910K->444046K(581120K), 0.0017153 secs] [Times: user=0.01 sys=0.00, real=0.00 secs] 
2906.307: [GC (Allocation Failure) [PSYoungGen: 66621K->1597K(67072K)] 509070K->444046K(581120K), 0.0016907 secs] [Times: user=0.00 sys=0.00, real=0.00 secs] 
2906.691: [GC (Allocation Failure) [PSYoungGen: 66621K->1565K(67072K)] 509070K->444022K(581120K), 0.0017525 secs] [Times: user=0.01 sys=0.00, real=0.00 secs] 
2907.089: [GC (Allocation Failure) [PSYoungGen: 66589K->1424K(67072K)] 509046K->443880K(581120K), 0.0020277 secs] [Times: user=0.01 sys=0.00, real=0.00 secs] 
2907.359: [GC (Allocation Failure) [PSYoungGen: 66448K->1344K(67072K)] 508904K->443800K(581120K), 0.0019230 secs] [Times: user=0.00 sys=0.00, real=0.00 secs] 
2907.943: [GC (Allocation Failure) [PSYoungGen: 66368K->1344K(67072K)] 508824K->443800K(581120K), 0.0020566 secs] [Times: user=0.01 sys=0.00, real=0.00 secs] 
2908.490: [GC (Allocation Failure) [PSYoungGen: 66368K->1376K(67072K)] 508824K->443832K(581120K), 0.0019871 secs] [Times: user=0.01 sys=0.00, real=0.00 secs] 
2909.008: [GC (Allocation Failure) [PSYoungGen: 66400K->1469K(67072K)] 508856K->443926K(581120K), 0.0016229 secs] [Times: user=0.00 sys=0.00, real=0.01 secs] 
2909.390: [GC (Allocation Failure) [PSYoungGen: 66483K->1581K(67072K)] 508940K->444038K(581120K), 0.0017179 secs] [Times: user=0.01 sys=0.00, real=0.00 secs] 
2909.772: [GC (Allocation Failure) [PSYoungGen: 66594K->1581K(67072K)] 509051K->444038K(581120K), 0.0018332 secs] [Times: user=0.00 sys=0.00, real=0.00 secs] 
2910.155: [GC (Allocation Failure) [PSYoungGen: 66605K->1597K(67072K)] 509062K->444078K(581120K), 0.0019220 secs] [Times: user=0.01 sys=0.00, real=0.00 secs] 
2910.502: [GC (Allocation Failure) [PSYoungGen: 66621K->1424K(67072K)] 509102K->443904K(581120K), 0.0018584 secs] [Times: user=0.01 sys=0.00, real=0.00 secs] 
2910.773: [GC (Allocation Failure) [PSYoungGen: 66448K->1376K(67072K)] 508928K->443856K(581120K), 0.0017864 secs] [Times: user=0.01 sys=0.00, real=0.00 secs] 
2911.233: [GC (Allocation Failure) [PSYoungGen: 66400K->1360K(67072K)] 508880K->443840K(581120K), 0.0034605 secs] [Times: user=0.01 sys=0.00, real=0.00 secs] 
2911.780: [GC (Allocation Failure) [PSYoungGen: 66384K->1344K(67072K)] 508864K->443824K(581120K), 0.0032560 secs] [Times: user=0.01 sys=0.00, real=0.00 secs] 
2912.342: [GC (Allocation Failure) [PSYoungGen: 66368K->1456K(67072K)] 508848K->443936K(581120K), 0.0020133 secs] [Times: user=0.01 sys=0.00, real=0.00 secs] 
2912.729: [GC (Allocation Failure) [PSYoungGen: 66480K->1565K(67072K)] 508960K->444046K(581120K), 0.0017172 secs] [Times: user=0.00 sys=0.00, real=0.00 secs] 
2913.110: [GC (Allocation Failure) [PSYoungGen: 66568K->1533K(67072K)] 509049K->444014K(581120K), 0.0017495 secs] [Times: user=0.01 sys=0.00, real=0.00 secs] 
2913.492: [GC (Allocation Failure) [PSYoungGen: 66556K->1501K(67072K)] 509037K->443990K(581120K), 0.0017197 secs] [Times: user=0.00 sys=0.00, real=0.00 secs] 
2913.825: [GC (Allocation Failure) [PSYoungGen: 66525K->1456K(67072K)] 509014K->443944K(581120K), 0.0016588 secs] [Times: user=0.01 sys=0.00, real=0.00 secs] 
2914.094: [GC (Allocation Failure) [PSYoungGen: 66480K->1376K(67072K)] 508968K->443864K(581120K), 0.0020642 secs] [Times: user=0.01 sys=0.00, real=0.00 secs] 
2914.541: [GC (Allocation Failure) [PSYoungGen: 66400K->1376K(67072K)] 508888K->443864K(581120K), 0.0034216 secs] [Times: user=0.01 sys=0.00, real=0.00 secs] 
2915.345: [GC (Allocation Failure) [PSYoungGen: 66400K->1360K(67072K)] 508888K->443848K(581120K), 0.0038335 secs] [Times: user=0.02 sys=0.00, real=0.01 secs] 
2916.077: [GC (Allocation Failure) [PSYoungGen: 66384K->1456K(67072K)] 508872K->443944K(581120K), 0.0022528 secs] [Times: user=0.00 sys=0.00, real=0.01 secs] 
2916.481: [GC (Allocation Failure) [PSYoungGen: 66480K->1565K(67072K)] 508968K->444054K(581120K), 0.0017568 secs] [Times: user=0.01 sys=0.00, real=0.00 secs] 
2916.865: [GC (Allocation Failure) [PSYoungGen: 66589K->1597K(67072K)] 509078K->444086K(581120K), 0.0017493 secs] [Times: user=0.01 sys=0.00, real=0.00 secs] 
2917.249: [GC (Allocation Failure) [PSYoungGen: 66621K->1597K(67072K)] 509110K->444094K(581120K), 0.0017200 secs] [Times: user=0.01 sys=0.00, real=0.01 secs] 
2917.738: [GC (Allocation Failure) [PSYoungGen: 66621K->1424K(67072K)] 509118K->443920K(581120K), 0.0021015 secs] [Times: user=0.00 sys=0.00, real=0.01 secs] 
2918.297: [GC (Allocation Failure) [PSYoungGen: 66448K->1376K(67072K)] 508944K->443872K(581120K), 0.0039585 secs] [Times: user=0.01 sys=0.00, real=0.01 secs] 
2918.935: [GC (Allocation Failure) [PSYoungGen: 66400K->1360K(67072K)] 508896K->443856K(581120K), 0.0027056 secs] [Times: user=0.01 sys=0.00, real=0.00 secs] 
2919.614: [GC (Allocation Failure) [PSYoungGen: 66384K->1376K(67072K)] 508880K->443888K(581120K), 0.0030932 secs] [Times: user=0.02 sys=0.00, real=0.00 secs] 
2920.339: [GC (Allocation Failure) [PSYoungGen: 66400K->1424K(67072K)] 508912K->443936K(581120K), 0.0025468 secs] [Times: user=0.01 sys=0.00, real=0.00 secs] 
2920.856: [GC (Allocation Failure) [PSYoungGen: 66448K->1565K(67072K)] 508960K->444078K(581120K), 0.0017937 secs] [Times: user=0.00 sys=0.01, real=0.00 secs] 
2921.246: [GC (Allocation Failure) [PSYoungGen: 66589K->1581K(67072K)] 509102K->444094K(581120K), 0.0017732 secs] [Times: user=0.01 sys=0.00, real=0.00 secs] 
2921.629: [GC (Allocation Failure) [PSYoungGen: 66605K->1533K(67072K)] 509118K->444054K(581120K), 0.0017874 secs] [Times: user=0.01 sys=0.00, real=0.00 secs] 
2921.995: [GC (Allocation Failure) [PSYoungGen: 66557K->1456K(67072K)] 509078K->443976K(581120K), 0.0022758 secs] [Times: user=0.01 sys=0.00, real=0.00 secs] 
2922.281: [GC (Allocation Failure) [PSYoungGen: 66480K->1376K(67072K)] 509000K->443896K(581120K), 0.0023456 secs] [Times: user=0.01 sys=0.00, real=0.00 secs] 
2922.596: [GC (Allocation Failure) [PSYoungGen: 66400K->1376K(67072K)] 508920K->443896K(581120K), 0.0020455 secs] [Times: user=0.01 sys=0.00, real=0.00 secs] 
2922.914: [GC (Allocation Failure) [PSYoungGen: 66400K->1376K(67072K)] 508920K->443896K(581120K), 0.0021269 secs] [Times: user=0.01 sys=0.00, real=0.00 secs] 
2923.237: [GC (Allocation Failure) [PSYoungGen: 66400K->1424K(67072K)] 508920K->443944K(581120K), 0.0024285 secs] [Times: user=0.01 sys=0.00, real=0.01 secs] 
2923.716: [GC (Allocation Failure) [PSYoungGen: 66448K->1565K(67072K)] 508968K->444086K(581120K), 0.0019331 secs] [Times: user=0.01 sys=0.00, real=0.00 secs] 
2924.161: [GC (Allocation Failure) [PSYoungGen: 66589K->1597K(67072K)] 509110K->444118K(581120K), 0.0018004 secs] [Times: user=0.00 sys=0.00, real=0.00 secs] 
2924.597: [GC (Allocation Failure) [PSYoungGen: 66621K->1565K(67072K)] 509142K->444094K(581120K), 0.0018191 secs] [Times: user=0.00 sys=0.00, real=0.01 secs] 
2924.991: [GC (Allocation Failure) [PSYoungGen: 66589K->1440K(67072K)] 509118K->443968K(581120K), 0.0023760 secs] [Times: user=0.00 sys=0.00, real=0.00 secs] 
2925.262: [GC (Allocation Failure) [PSYoungGen: 66464K->1376K(67072K)] 508992K->443904K(581120K), 0.0021247 secs] [Times: user=0.01 sys=0.00, real=0.00 secs] 
2925.562: [GC (Allocation Failure) [PSYoungGen: 66400K->1376K(67072K)] 508928K->443904K(581120K), 0.0022449 secs] [Times: user=0.01 sys=0.00, real=0.00 secs] 
2925.885: [GC (Allocation Failure) [PSYoungGen: 66400K->1376K(67072K)] 508928K->443904K(581120K), 0.0023319 secs] [Times: user=0.01 sys=0.00, real=0.00 secs] 
2926.376: [GC (Allocation Failure) [PSYoungGen: 66400K->1392K(67072K)] 508928K->443920K(581120K), 0.0025454 secs] [Times: user=0.01 sys=0.00, real=0.00 secs] 
2926.802: [GC (Allocation Failure) [PSYoungGen: 66416K->1565K(67072K)] 508944K->444094K(581120K), 0.0017458 secs] [Times: user=0.00 sys=0.00, real=0.00 secs] 
2927.185: [GC (Allocation Failure) [PSYoungGen: 66575K->1597K(67072K)] 509104K->444126K(581120K), 0.0017534 secs] [Times: user=0.01 sys=0.00, real=0.00 secs] 
2927.567: [GC (Allocation Failure) [PSYoungGen: 66621K->1581K(67072K)] 509150K->444118K(581120K), 0.0017182 secs] [Times: user=0.01 sys=0.00, real=0.01 secs] 
2927.988: [GC (Allocation Failure) [PSYoungGen: 66605K->1456K(67072K)] 509142K->443992K(581120K), 0.0021139 secs] [Times: user=0.01 sys=0.00, real=0.01 secs] 
2928.295: [GC (Allocation Failure) [PSYoungGen: 66480K->1312K(67072K)] 509016K->443864K(581120K), 0.0019806 secs] [Times: user=0.00 sys=0.00, real=0.00 secs] 
2928.665: [GC (Allocation Failure) [PSYoungGen: 66336K->1344K(67072K)] 508888K->443896K(581120K), 0.0020189 secs] [Times: user=0.00 sys=0.00, real=0.00 secs] 
2929.050: [GC (Allocation Failure) [PSYoungGen: 66368K->1376K(67072K)] 508920K->443928K(581120K), 0.0020757 secs] [Times: user=0.01 sys=0.00, real=0.00 secs] 
2929.595: [GC (Allocation Failure) [PSYoungGen: 66400K->1344K(67072K)] 508952K->443896K(581120K), 0.0037287 secs] [Times: user=0.02 sys=0.00, real=0.01 secs] 
2930.123: [GC (Allocation Failure) [PSYoungGen: 66368K->1565K(67072K)] 508920K->444118K(581120K), 0.0017551 secs] [Times: user=0.00 sys=0.00, real=0.00 secs] 
2930.505: [GC (Allocation Failure) [PSYoungGen: 66571K->1581K(67072K)] 509124K->444134K(581120K), 0.0017667 secs] [Times: user=0.01 sys=0.00, real=0.00 secs] 
2930.887: [GC (Allocation Failure) [PSYoungGen: 66605K->1581K(67072K)] 509158K->444142K(581120K), 0.0017444 secs] [Times: user=0.00 sys=0.00, real=0.00 secs] 
2931.274: [GC (Allocation Failure) [PSYoungGen: 66605K->1488K(67072K)] 509166K->444048K(581120K), 0.0021655 secs] [Times: user=0.01 sys=0.00, real=0.00 secs] 
2931.804: [GC (Allocation Failure) [PSYoungGen: 66512K->1408K(67072K)] 509072K->443968K(581120K), 0.0028542 secs] [Times: user=0.01 sys=0.00, real=0.00 secs] 
2932.375: [GC (Allocation Failure) [PSYoungGen: 66432K->1376K(67072K)] 508992K->443936K(581120K), 0.0030566 secs] [Times: user=0.01 sys=0.00, real=0.00 secs] 
2933.084: [GC (Allocation Failure) [PSYoungGen: 66400K->1376K(67072K)] 508960K->443936K(581120K), 0.0030264 secs] [Times: user=0.01 sys=0.00, real=0.00 secs] 
2933.951: [GC (Allocation Failure) [PSYoungGen: 66400K->1376K(67072K)] 508960K->443936K(581120K), 0.0034290 secs] [Times: user=0.01 sys=0.00, real=0.00 secs] 
2934.468: [GC (Allocation Failure) [PSYoungGen: 66400K->1581K(67072K)] 508960K->444142K(581120K), 0.0017613 secs] [Times: user=0.00 sys=0.00, real=0.01 secs] 
2934.852: [GC (Allocation Failure) [PSYoungGen: 66605K->1581K(67072K)] 509166K->444142K(581120K), 0.0017311 secs] [Times: user=0.01 sys=0.00, real=0.00 secs] 
2935.235: [GC (Allocation Failure) [PSYoungGen: 66605K->1613K(67072K)] 509166K->444182K(581120K), 0.0017168 secs] [Times: user=0.01 sys=0.00, real=0.00 secs] 
2935.620: [GC (Allocation Failure) [PSYoungGen: 66637K->1520K(67072K)] 509206K->444088K(581120K), 0.0020349 secs] [Times: user=0.00 sys=0.00, real=0.00 secs] 
2935.891: [GC (Allocation Failure) [PSYoungGen: 66544K->1376K(67072K)] 509112K->443944K(581120K), 0.0018799 secs] [Times: user=0.00 sys=0.00, real=0.00 secs] 
2936.161: [GC (Allocation Failure) [PSYoungGen: 66400K->1376K(67072K)] 508968K->443944K(581120K), 0.0018160 secs] [Times: user=0.01 sys=0.00, real=0.00 secs] 
2936.485: [GC (Allocation Failure) [PSYoungGen: 66400K->1344K(67072K)] 508968K->443912K(581120K), 0.0037065 secs] [Times: user=0.01 sys=0.00, real=0.01 secs] 
2936.956: [GC (Allocation Failure) [PSYoungGen: 66368K->1376K(67072K)] 508936K->443944K(581120K), 0.0030222 secs] [Times: user=0.01 sys=0.00, real=0.01 secs] 
2937.445: [GC (Allocation Failure) [PSYoungGen: 66400K->1549K(67072K)] 508968K->444118K(581120K), 0.0017311 secs] [Times: user=0.00 sys=0.00, real=0.00 secs] 
2937.827: [GC (Allocation Failure) [PSYoungGen: 66558K->1565K(67072K)] 509127K->444134K(581120K), 0.0017866 secs] [Times: user=0.00 sys=0.00, real=0.01 secs] 
2938.210: [GC (Allocation Failure) [PSYoungGen: 66589K->1597K(67072K)] 509158K->444174K(581120K), 0.0016746 secs] [Times: user=0.01 sys=0.00, real=0.00 secs] 
2938.581: [GC (Allocation Failure) [PSYoungGen: 66621K->1984K(67072K)] 509198K->444560K(581120K), 0.0018543 secs] [Times: user=0.00 sys=0.00, real=0.00 secs] 
2938.851: [GC (Allocation Failure) [PSYoungGen: 67008K->1344K(67072K)] 509584K->443928K(581120K), 0.0015496 secs] [Times: user=0.01 sys=0.00, real=0.00 secs] 
2939.313: [GC (Allocation Failure) [PSYoungGen: 66368K->1344K(67072K)] 508952K->443928K(581120K), 0.0019845 secs] [Times: user=0.01 sys=0.00, real=0.00 secs] 
2939.889: [GC (Allocation Failure) [PSYoungGen: 66368K->1376K(67072K)] 508952K->443960K(581120K), 0.0037293 secs] [Times: user=0.02 sys=0.00, real=0.00 secs] 
2940.503: [GC (Allocation Failure) [PSYoungGen: 66400K->1376K(67072K)] 508984K->443960K(581120K), 0.0026299 secs] [Times: user=0.01 sys=0.00, real=0.00 secs] 
2941.052: [GC (Allocation Failure) [PSYoungGen: 66400K->1501K(67072K)] 508984K->444086K(581120K), 0.0018592 secs] [Times: user=0.01 sys=0.00, real=0.00 secs] 
2941.435: [GC (Allocation Failure) [PSYoungGen: 66525K->1581K(67072K)] 509110K->444166K(581120K), 0.0017544 secs] [Times: user=0.01 sys=0.00, real=0.00 secs] 
2941.875: [GC (Allocation Failure) [PSYoungGen: 66605K->1581K(67072K)] 509190K->444174K(581120K), 0.0017695 secs] [Times: user=0.01 sys=0.01, real=0.00 secs] 
2942.248: [GC (Allocation Failure) [PSYoungGen: 66605K->1824K(67072K)] 509198K->444416K(581120K), 0.0017901 secs] [Times: user=0.01 sys=0.00, real=0.01 secs] 
2942.516: [GC (Allocation Failure) [PSYoungGen: 66848K->1376K(67072K)] 509440K->443968K(581120K), 0.0022542 secs] [Times: user=0.01 sys=0.00, real=0.00 secs] 
2942.916: [GC (Allocation Failure) [PSYoungGen: 66400K->1376K(67072K)] 508992K->443968K(581120K), 0.0021725 secs] [Times: user=0.01 sys=0.00, real=0.00 secs] 
2943.441: [GC (Allocation Failure) [PSYoungGen: 66400K->1376K(67072K)] 508992K->443968K(581120K), 0.0028765 secs] [Times: user=0.01 sys=0.00, real=0.00 secs] 
2944.170: [GC (Allocation Failure) [PSYoungGen: 66400K->1376K(67072K)] 508992K->443968K(581120K), 0.0031797 secs] [Times: user=0.01 sys=0.01, real=0.00 secs] 
2944.845: [GC (Allocation Failure) [PSYoungGen: 66400K->1501K(67072K)] 508992K->444094K(581120K), 0.0018389 secs] [Times: user=0.01 sys=0.00, real=0.00 secs] 
2945.228: [GC (Allocation Failure) [PSYoungGen: 66510K->1581K(67072K)] 509102K->444174K(581120K), 0.0018411 secs] [Times: user=0.00 sys=0.00, real=0.01 secs] 
2945.611: [GC (Allocation Failure) [PSYoungGen: 66605K->1565K(67072K)] 509198K->444166K(581120K), 0.0017525 secs] [Times: user=0.01 sys=0.00, real=0.00 secs] 
2946.042: [GC (Allocation Failure) [PSYoungGen: 66589K->1520K(67072K)] 509190K->444120K(581120K), 0.0021305 secs] [Times: user=0.01 sys=0.01, real=0.00 secs] 
2946.354: [GC (Allocation Failure) [PSYoungGen: 66544K->1344K(67072K)] 509144K->443944K(581120K), 0.0029463 secs] [Times: user=0.02 sys=0.00, real=0.00 secs] 
2946.724: [GC (Allocation Failure) [PSYoungGen: 66368K->1376K(67072K)] 508968K->443976K(581120K), 0.0022630 secs] [Times: user=0.01 sys=0.01, real=0.00 secs] 
2947.400: [GC (Allocation Failure) [PSYoungGen: 66400K->1408K(67072K)] 509000K->444008K(581120K), 0.0022595 secs] [Times: user=0.00 sys=0.00, real=0.00 secs] 
2948.077: [GC (Allocation Failure) [PSYoungGen: 66432K->1376K(67072K)] 509032K->443976K(581120K), 0.0028962 secs] [Times: user=0.01 sys=0.00, real=0.01 secs] 
2948.861: [GC (Allocation Failure) [PSYoungGen: 66400K->1520K(67072K)] 509000K->444120K(581120K), 0.0017558 secs] [Times: user=0.01 sys=0.00, real=0.00 secs] 
2949.298: [GC (Allocation Failure) [PSYoungGen: 66544K->1565K(67072K)] 509144K->444166K(581120K), 0.0017845 secs] [Times: user=0.01 sys=0.00, real=0.01 secs] 
2949.681: [GC (Allocation Failure) [PSYoungGen: 66589K->1581K(67072K)] 509190K->444190K(581120K), 0.0019608 secs] [Times: user=0.01 sys=0.00, real=0.00 secs] 
2950.125: [GC (Allocation Failure) [PSYoungGen: 66605K->1565K(67072K)] 509214K->444198K(581120K), 0.0017917 secs] [Times: user=0.01 sys=0.00, real=0.00 secs] 
2950.880: [GC (Allocation Failure) [PSYoungGen: 66589K->1408K(67072K)] 509222K->444040K(581120K), 0.0027257 secs] [Times: user=0.01 sys=0.00, real=0.00 secs] 
2951.471: [GC (Allocation Failure) [PSYoungGen: 66432K->1328K(67072K)] 509064K->443960K(581120K), 0.0028758 secs] [Times: user=0.01 sys=0.00, real=0.00 secs] 
2951.741: [GC (Allocation Failure) [PSYoungGen: 66352K->1376K(67072K)] 508984K->444008K(581120K), 0.0022415 secs] [Times: user=0.00 sys=0.01, real=0.00 secs] 
2952.012: [GC (Allocation Failure) [PSYoungGen: 66400K->1344K(67072K)] 509032K->443976K(581120K), 0.0020117 secs] [Times: user=0.01 sys=0.00, real=0.00 secs] 
2952.388: [GC (Allocation Failure) [PSYoungGen: 66368K->1501K(67072K)] 509000K->444134K(581120K), 0.0018043 secs] [Times: user=0.00 sys=0.00, real=0.01 secs] 
2952.772: [GC (Allocation Failure) [PSYoungGen: 66525K->1597K(67072K)] 509158K->444230K(581120K), 0.0017488 secs] [Times: user=0.01 sys=0.00, real=0.00 secs] 
2953.156: [GC (Allocation Failure) [PSYoungGen: 66621K->1565K(67072K)] 509254K->444206K(581120K), 0.0017307 secs] [Times: user=0.00 sys=0.00, real=0.00 secs] 
2953.537: [GC (Allocation Failure) [PSYoungGen: 66567K->1597K(67072K)] 509208K->444238K(581120K), 0.0018101 secs] [Times: user=0.01 sys=0.00, real=0.01 secs] 
2953.920: [GC (Allocation Failure) [PSYoungGen: 66621K->1408K(67072K)] 509262K->444048K(581120K), 0.0018806 secs] [Times: user=0.01 sys=0.00, real=0.00 secs] 
2954.198: [GC (Allocation Failure) [PSYoungGen: 66432K->1376K(67072K)] 509072K->444016K(581120K), 0.0018056 secs] [Times: user=0.01 sys=0.00, real=0.01 secs] 
2954.469: [GC (Allocation Failure) [PSYoungGen: 66400K->1376K(67072K)] 509040K->444016K(581120K), 0.0018390 secs] [Times: user=0.01 sys=0.00, real=0.00 secs] 
2954.739: [GC (Allocation Failure) [PSYoungGen: 66400K->1376K(67072K)] 509040K->444016K(581120K), 0.0021857 secs] [Times: user=0.01 sys=0.00, real=0.01 secs] 
2955.109: [GC (Allocation Failure) [PSYoungGen: 66400K->1549K(67072K)] 509040K->444190K(581120K), 0.0018753 secs] [Times: user=0.01 sys=0.00, real=0.00 secs] 
2955.492: [GC (Allocation Failure) [PSYoungGen: 66573K->1565K(67072K)] 509214K->444206K(581120K), 0.0017255 secs] [Times: user=0.01 sys=0.00, real=0.00 secs] 
2955.874: [GC (Allocation Failure) [PSYoungGen: 66585K->1565K(67072K)] 509225K->444206K(581120K), 0.0016983 secs] [Times: user=0.00 sys=0.00, real=0.00 secs] 
2956.257: [GC (Allocation Failure) [PSYoungGen: 66589K->1597K(67072K)] 509230K->444254K(581120K), 0.0017146 secs] [Times: user=0.01 sys=0.00, real=0.01 secs] 
2956.603: [GC (Allocation Failure) [PSYoungGen: 66621K->1408K(67072K)] 509278K->444064K(581120K), 0.0018914 secs] [Times: user=0.01 sys=0.00, real=0.00 secs] 
2956.933: [GC (Allocation Failure) [PSYoungGen: 66432K->1344K(67072K)] 509088K->444000K(581120K), 0.0018847 secs] [Times: user=0.01 sys=0.00, real=0.00 secs] 
2957.203: [GC (Allocation Failure) [PSYoungGen: 66368K->1360K(67072K)] 509024K->444016K(581120K), 0.0020341 secs] [Times: user=0.01 sys=0.00, real=0.00 secs] 
2957.576: [GC (Allocation Failure) [PSYoungGen: 66384K->1376K(67072K)] 509040K->444048K(581120K), 0.0021922 secs] [Times: user=0.01 sys=0.00, real=0.00 secs] 
2957.989: [GC (Allocation Failure) [PSYoungGen: 66400K->1504K(67072K)] 509072K->444176K(581120K), 0.0016496 secs] [Times: user=0.01 sys=0.00, real=0.00 secs] 
2958.375: [GC (Allocation Failure) [PSYoungGen: 66528K->1597K(67072K)] 509200K->444270K(581120K), 0.0016878 secs] [Times: user=0.01 sys=0.00, real=0.00 secs] 
2958.819: [GC (Allocation Failure) [PSYoungGen: 66621K->1565K(67072K)] 509294K->444238K(581120K), 0.0020553 secs] [Times: user=0.01 sys=0.00, real=0.00 secs] 
2959.205: [GC (Allocation Failure) [PSYoungGen: 66589K->1581K(67072K)] 509262K->444262K(581120K), 0.0017975 secs] [Times: user=0.00 sys=0.00, real=0.00 secs] 
2959.527: [GC (Allocation Failure) [PSYoungGen: 66605K->1392K(67072K)] 509286K->444072K(581120K), 0.0022368 secs] [Times: user=0.01 sys=0.00, real=0.01 secs] 
2959.914: [GC (Allocation Failure) [PSYoungGen: 66416K->1328K(67072K)] 509096K->444008K(581120K), 0.0021725 secs] [Times: user=0.01 sys=0.00, real=0.00 secs] 
2960.541: [GC (Allocation Failure) [PSYoungGen: 66352K->1312K(67072K)] 509032K->443992K(581120K), 0.0023276 secs] [Times: user=0.01 sys=0.00, real=0.00 secs] 
2961.082: [GC (Allocation Failure) [PSYoungGen: 66336K->1312K(67072K)] 509016K->443992K(581120K), 0.0024835 secs] [Times: user=0.01 sys=0.00, real=0.00 secs] 
2961.602: [GC (Allocation Failure) [PSYoungGen: 66336K->1501K(67072K)] 509016K->444182K(581120K), 0.0017297 secs] [Times: user=0.01 sys=0.00, real=0.00 secs] 
2962.046: [GC (Allocation Failure) [PSYoungGen: 66525K->1549K(67072K)] 509206K->444230K(581120K), 0.0058561 secs] [Times: user=0.03 sys=0.00, real=0.01 secs] 
2962.442: [GC (Allocation Failure) [PSYoungGen: 66573K->1552K(67072K)] 509254K->444232K(581120K), 0.0020480 secs] [Times: user=0.01 sys=0.00, real=0.00 secs] 
2962.826: [GC (Allocation Failure) [PSYoungGen: 66576K->1533K(67072K)] 509256K->444222K(581120K), 0.0017305 secs] [Times: user=0.00 sys=0.00, real=0.00 secs] 
2963.437: [GC (Allocation Failure) [PSYoungGen: 66557K->1440K(67072K)] 509246K->444128K(581120K), 0.0030000 secs] [Times: user=0.01 sys=0.00, real=0.01 secs] 
2964.023: [GC (Allocation Failure) [PSYoungGen: 66464K->1376K(67072K)] 509152K->444064K(581120K), 0.0038158 secs] [Times: user=0.02 sys=0.00, real=0.00 secs] 
2964.566: [GC (Allocation Failure) [PSYoungGen: 66400K->1376K(67072K)] 509088K->444064K(581120K), 0.0028100 secs] [Times: user=0.02 sys=0.00, real=0.01 secs] 
2965.259: [GC (Allocation Failure) [PSYoungGen: 66400K->1344K(67072K)] 509088K->444032K(581120K), 0.0028263 secs] [Times: user=0.02 sys=0.00, real=0.00 secs] 
2965.923: [GC (Allocation Failure) [PSYoungGen: 66368K->1501K(67072K)] 509056K->444190K(581120K), 0.0017929 secs] [Times: user=0.00 sys=0.00, real=0.00 secs] 
2966.305: [GC (Allocation Failure) [PSYoungGen: 66525K->1565K(67072K)] 509214K->444254K(581120K), 0.0018305 secs] [Times: user=0.01 sys=0.00, real=0.00 secs] 
2966.688: [GC (Allocation Failure) [PSYoungGen: 66589K->1565K(67072K)] 509278K->444254K(581120K), 0.0017203 secs] [Times: user=0.00 sys=0.00, real=0.01 secs] 
2967.072: [GC (Allocation Failure) [PSYoungGen: 66589K->1597K(67072K)] 509278K->444302K(581120K), 0.0017883 secs] [Times: user=0.01 sys=0.00, real=0.00 secs] 
2967.395: [GC (Allocation Failure) [PSYoungGen: 66621K->1408K(67072K)] 509326K->444112K(581120K), 0.0018076 secs] [Times: user=0.01 sys=0.00, real=0.00 secs] 
2967.780: [GC (Allocation Failure) [PSYoungGen: 66432K->1376K(67072K)] 509136K->444080K(581120K), 0.0019867 secs] [Times: user=0.01 sys=0.00, real=0.00 secs] 
2968.290: [GC (Allocation Failure) [PSYoungGen: 66400K->1376K(67072K)] 509104K->444080K(581120K), 0.0019672 secs] [Times: user=0.01 sys=0.00, real=0.00 secs] 
2968.852: [GC (Allocation Failure) [PSYoungGen: 66400K->1376K(67072K)] 509104K->444080K(581120K), 0.0020448 secs] [Times: user=0.01 sys=0.00, real=0.00 secs] 
2969.555: [GC (Allocation Failure) [PSYoungGen: 66400K->1469K(67072K)] 509104K->444174K(581120K), 0.0017322 secs] [Times: user=0.01 sys=0.00, real=0.00 secs] 
2969.938: [GC (Allocation Failure) [PSYoungGen: 66493K->1565K(67072K)] 509198K->444294K(581120K), 0.0017149 secs] [Times: user=0.01 sys=0.00, real=0.01 secs] 
2970.321: [GC (Allocation Failure) [PSYoungGen: 66568K->1581K(67072K)] 509297K->444310K(581120K), 0.0016928 secs] [Times: user=0.01 sys=0.00, real=0.00 secs] 
2970.704: [GC (Allocation Failure) [PSYoungGen: 66601K->1517K(67072K)] 509330K->444254K(581120K), 0.0018491 secs] [Times: user=0.00 sys=0.00, real=0.00 secs] 
2971.009: [GC (Allocation Failure) [PSYoungGen: 66541K->1376K(67072K)] 509278K->444112K(581120K), 0.0016645 secs] [Times: user=0.01 sys=0.00, real=0.00 secs] 
2971.278: [GC (Allocation Failure) [PSYoungGen: 66400K->1376K(67072K)] 509136K->444112K(581120K), 0.0015804 secs] [Times: user=0.00 sys=0.00, real=0.01 secs] 
2971.548: [GC (Allocation Failure) [PSYoungGen: 66400K->1344K(67072K)] 509136K->444080K(581120K), 0.0015486 secs] [Times: user=0.01 sys=0.00, real=0.01 secs] 
2971.819: [GC (Allocation Failure) [PSYoungGen: 66368K->1344K(67072K)] 509104K->444080K(581120K), 0.0034363 secs] [Times: user=0.01 sys=0.00, real=0.01 secs] 
2972.217: [GC (Allocation Failure) [PSYoungGen: 66368K->1405K(67072K)] 509104K->444142K(581120K), 0.0015834 secs] [Times: user=0.00 sys=0.00, real=0.00 secs] 
2972.608: [GC (Allocation Failure) [PSYoungGen: 66429K->1597K(67072K)] 509166K->444334K(581120K), 0.0018215 secs] [Times: user=0.00 sys=0.00, real=0.01 secs] 
2973.056: [GC (Allocation Failure) [PSYoungGen: 66621K->1565K(67072K)] 509358K->444302K(581120K), 0.0019484 secs] [Times: user=0.01 sys=0.00, real=0.00 secs] 
2973.440: [GC (Allocation Failure) [PSYoungGen: 66589K->1533K(67072K)] 509326K->444286K(581120K), 0.0017616 secs] [Times: user=0.01 sys=0.00, real=0.00 secs] 
2973.819: [GC (Allocation Failure) [PSYoungGen: 66557K->1424K(67072K)] 509310K->444176K(581120K), 0.0027714 secs] [Times: user=0.01 sys=0.00, real=0.01 secs] 
2974.089: [GC (Allocation Failure) [PSYoungGen: 66448K->1376K(67072K)] 509200K->444128K(581120K), 0.0021884 secs] [Times: user=0.00 sys=0.00, real=0.00 secs] 
2974.360: [GC (Allocation Failure) [PSYoungGen: 66400K->1344K(67072K)] 509152K->444096K(581120K), 0.0022016 secs] [Times: user=0.01 sys=0.00, real=0.00 secs] 
2974.630: [GC (Allocation Failure) [PSYoungGen: 66368K->1376K(67072K)] 509120K->444128K(581120K), 0.0021754 secs] [Times: user=0.01 sys=0.00, real=0.00 secs] 
2975.023: [GC (Allocation Failure) [PSYoungGen: 66400K->1453K(67072K)] 509152K->444206K(581120K), 0.0015693 secs] [Times: user=0.01 sys=0.00, real=0.00 secs] 
2975.405: [GC (Allocation Failure) [PSYoungGen: 66477K->1565K(67072K)] 509230K->444318K(581120K), 0.0017967 secs] [Times: user=0.01 sys=0.00, real=0.00 secs] 
2975.845: [GC (Allocation Failure) [PSYoungGen: 66577K->1565K(67072K)] 509330K->444318K(581120K), 0.0017622 secs] [Times: user=0.00 sys=0.00, real=0.00 secs] 
2976.228: [GC (Allocation Failure) [PSYoungGen: 66589K->1565K(67072K)] 509342K->444326K(581120K), 0.0017736 secs] [Times: user=0.01 sys=0.00, real=0.01 secs] 
2976.776: [GC (Allocation Failure) [PSYoungGen: 66589K->1424K(67072K)] 509350K->444184K(581120K), 0.0033188 secs] [Times: user=0.01 sys=0.00, real=0.01 secs] 
2977.304: [GC (Allocation Failure) [PSYoungGen: 66448K->1376K(67072K)] 509208K->444136K(581120K), 0.0030118 secs] [Times: user=0.01 sys=0.00, real=0.00 secs] 
2977.915: [GC (Allocation Failure) [PSYoungGen: 66400K->1376K(67072K)] 509160K->444136K(581120K), 0.0034067 secs] [Times: user=0.01 sys=0.00, real=0.00 secs] 
2978.519: [GC (Allocation Failure) [PSYoungGen: 66400K->1376K(67072K)] 509160K->444136K(581120K), 0.0030659 secs] [Times: user=0.01 sys=0.00, real=0.01 secs] 
2979.180: [GC (Allocation Failure) [PSYoungGen: 66400K->1424K(67072K)] 509160K->444208K(581120K), 0.0020267 secs] [Times: user=0.01 sys=0.00, real=0.00 secs] 
2979.571: [GC (Allocation Failure) [PSYoungGen: 66448K->1552K(67072K)] 509232K->444336K(581120K), 0.0017470 secs] [Times: user=0.00 sys=0.00, real=0.00 secs] 
2979.953: [GC (Allocation Failure) [PSYoungGen: 66555K->1517K(67072K)] 509339K->444302K(581120K), 0.0017209 secs] [Times: user=0.00 sys=0.00, real=0.00 secs] 
2980.335: [GC (Allocation Failure) [PSYoungGen: 66540K->1517K(67072K)] 509325K->444310K(581120K), 0.0017154 secs] [Times: user=0.01 sys=0.00, real=0.00 secs] 
2980.750: [GC (Allocation Failure) [PSYoungGen: 66541K->1456K(67072K)] 509334K->444248K(581120K), 0.0021440 secs] [Times: user=0.00 sys=0.00, real=0.00 secs] 
2981.148: [GC (Allocation Failure) [PSYoungGen: 66480K->1344K(67072K)] 509272K->444136K(581120K), 0.0020858 secs] [Times: user=0.01 sys=0.00, real=0.01 secs] 
2981.582: [GC (Allocation Failure) [PSYoungGen: 66368K->1344K(67072K)] 509160K->444136K(581120K), 0.0020670 secs] [Times: user=0.00 sys=0.00, real=0.00 secs] 
2982.019: [GC (Allocation Failure) [PSYoungGen: 66368K->1376K(67072K)] 509160K->444168K(581120K), 0.0018588 secs] [Times: user=0.01 sys=0.00, real=0.00 secs] 
2982.498: [GC (Allocation Failure) [PSYoungGen: 66400K->1453K(67072K)] 509192K->444246K(581120K), 0.0016995 secs] [Times: user=0.01 sys=0.00, real=0.01 secs] 
2982.956: [GC (Allocation Failure) [PSYoungGen: 66477K->1533K(67072K)] 509270K->444326K(581120K), 0.0018028 secs] [Times: user=0.00 sys=0.00, real=0.00 secs] 
2983.340: [GC (Allocation Failure) [PSYoungGen: 66557K->1549K(67072K)] 509350K->444342K(581120K), 0.0017666 secs] [Times: user=0.01 sys=0.00, real=0.00 secs] 
2983.722: [GC (Allocation Failure) [PSYoungGen: 66562K->1549K(67072K)] 509354K->444350K(581120K), 0.0019214 secs] [Times: user=0.00 sys=0.00, real=0.00 secs] 
2984.209: [GC (Allocation Failure) [PSYoungGen: 66573K->1424K(67072K)] 509374K->444224K(581120K), 0.0033078 secs] [Times: user=0.01 sys=0.01, real=0.00 secs] 
2984.734: [GC (Allocation Failure) [PSYoungGen: 66448K->1408K(67072K)] 509248K->444208K(581120K), 0.0030170 secs] [Times: user=0.01 sys=0.00, real=0.00 secs] 
2985.293: [GC (Allocation Failure) [PSYoungGen: 66432K->1408K(67072K)] 509232K->444208K(581120K), 0.0023956 secs] [Times: user=0.01 sys=0.00, real=0.00 secs] 
2985.788: [GC (Allocation Failure) [PSYoungGen: 66432K->1376K(67072K)] 509232K->444176K(581120K), 0.0024347 secs] [Times: user=0.01 sys=0.00, real=0.01 secs] 
2986.117: [GC (Allocation Failure) [PSYoungGen: 66400K->1453K(67072K)] 509200K->444254K(581120K), 0.0018364 secs] [Times: user=0.00 sys=0.01, real=0.00 secs] 
2986.499: [GC (Allocation Failure) [PSYoungGen: 66477K->1597K(67072K)] 509278K->444398K(581120K), 0.0017191 secs] [Times: user=0.00 sys=0.00, real=0.00 secs] 
2986.882: [GC (Allocation Failure) [PSYoungGen: 66621K->1597K(67072K)] 509422K->444398K(581120K), 0.0018272 secs] [Times: user=0.01 sys=0.00, real=0.00 secs] 
2987.265: [GC (Allocation Failure) [PSYoungGen: 66612K->1533K(67072K)] 509413K->444350K(581120K), 0.0017613 secs] [Times: user=0.01 sys=0.00, real=0.00 secs] 
2987.784: [GC (Allocation Failure) [PSYoungGen: 66557K->1456K(67072K)] 509374K->444272K(581120K), 0.0021257 secs] [Times: user=0.00 sys=0.00, real=0.00 secs] 
2988.372: [GC (Allocation Failure) [PSYoungGen: 66480K->1376K(67072K)] 509296K->444192K(581120K), 0.0022319 secs] [Times: user=0.01 sys=0.00, real=0.00 secs] 
2989.009: [GC (Allocation Failure) [PSYoungGen: 66400K->1376K(67072K)] 509216K->444192K(581120K), 0.0023747 secs] [Times: user=0.01 sys=0.00, real=0.00 secs] 
2989.748: [GC (Allocation Failure) [PSYoungGen: 66400K->1312K(67072K)] 509216K->444136K(581120K), 0.0024791 secs] [Times: user=0.01 sys=0.00, real=0.01 secs] 
2990.357: [GC (Allocation Failure) [PSYoungGen: 66336K->1392K(67072K)] 509160K->444216K(581120K), 0.0022600 secs] [Times: user=0.01 sys=0.00, real=0.01 secs] 
2990.765: [GC (Allocation Failure) [PSYoungGen: 66416K->1565K(67072K)] 509240K->444390K(581120K), 0.0017166 secs] [Times: user=0.01 sys=0.00, real=0.00 secs] 
2991.147: [GC (Allocation Failure) [PSYoungGen: 66574K->1565K(67072K)] 509399K->444390K(581120K), 0.0017916 secs] [Times: user=0.01 sys=0.00, real=0.01 secs] 
2991.592: [GC (Allocation Failure) [PSYoungGen: 66589K->1533K(67072K)] 509414K->444366K(581120K), 0.0018295 secs] [Times: user=0.01 sys=0.00, real=0.00 secs] 
2992.029: [GC (Allocation Failure) [PSYoungGen: 66557K->1424K(67072K)] 509390K->444256K(581120K), 0.0024600 secs] [Times: user=0.01 sys=0.00, real=0.00 secs] 
2992.301: [GC (Allocation Failure) [PSYoungGen: 66448K->1344K(67072K)] 509280K->444176K(581120K), 0.0022805 secs] [Times: user=0.01 sys=0.00, real=0.00 secs] 
2992.572: [GC (Allocation Failure) [PSYoungGen: 66368K->1376K(67072K)] 509200K->444208K(581120K), 0.0021733 secs] [Times: user=0.01 sys=0.00, real=0.00 secs] 
2992.843: [GC (Allocation Failure) [PSYoungGen: 66400K->1376K(67072K)] 509232K->444208K(581120K), 0.0076292 secs] [Times: user=0.03 sys=0.00, real=0.01 secs] 
2993.142: [GC (Allocation Failure) [PSYoungGen: 66307K->288K(74752K)] 509140K->443120K(588800K), 0.0020485 secs] [Times: user=0.01 sys=0.00, real=0.00 secs] 
2993.572: [GC (Allocation Failure) [PSYoungGen: 73504K->1613K(74752K)] 516336K->444454K(588800K), 0.0017307 secs] [Times: user=0.01 sys=0.00, real=0.00 secs] 
2993.998: [GC (Allocation Failure) [PSYoungGen: 74309K->1520K(73728K)] 517149K->444416K(587776K), 0.0017744 secs] [Times: user=0.01 sys=0.00, real=0.01 secs] 
2994.427: [GC (Allocation Failure) [PSYoungGen: 73712K->1549K(73728K)] 516608K->444446K(587776K), 0.0018862 secs] [Times: user=0.01 sys=0.00, real=0.01 secs] 
2995.182: [GC (Allocation Failure) [PSYoungGen: 73229K->432K(71680K)] 516126K->444352K(585728K), 0.0026385 secs] [Times: user=0.01 sys=0.00, real=0.00 secs] 
2995.738: [GC (Allocation Failure) [PSYoungGen: 71600K->384K(72704K)] 515520K->444304K(586752K), 0.0020449 secs] [Times: user=0.01 sys=0.00, real=0.01 secs] 
2996.221: [GC (Allocation Failure) [PSYoungGen: 71040K->368K(72192K)] 514960K->444288K(586240K), 0.0022497 secs] [Times: user=0.01 sys=0.00, real=0.00 secs] 
2996.843: [GC (Allocation Failure) [PSYoungGen: 70512K->368K(70144K)] 514432K->444288K(584192K), 0.0023369 secs] [Times: user=0.01 sys=0.00, real=0.00 secs] 
2997.571: [GC (Allocation Failure) [PSYoungGen: 70000K->1549K(71168K)] 513920K->445470K(585216K), 0.0018617 secs] [Times: user=0.01 sys=0.00, real=0.00 secs] 
2997.975: [GC (Allocation Failure) [PSYoungGen: 70640K->1597K(70656K)] 514560K->445518K(584704K), 0.0017403 secs] [Times: user=0.01 sys=0.00, real=0.00 secs] 
2998.384: [GC (Allocation Failure) [PSYoungGen: 70205K->1597K(70144K)] 514126K->445518K(584192K), 0.0017783 secs] [Times: user=0.00 sys=0.00, real=0.00 secs] 
2999.142: [GC (Allocation Failure) [PSYoungGen: 69693K->2000K(70144K)] 513614K->445920K(584192K), 0.0027225 secs] [Times: user=0.02 sys=0.00, real=0.00 secs] 
2999.841: [GC (Allocation Failure) [PSYoungGen: 69584K->1376K(68608K)] 513504K->445296K(582656K), 0.0021917 secs] [Times: user=0.00 sys=0.00, real=0.00 secs] 
3000.130: [GC (Allocation Failure) [PSYoungGen: 68448K->1376K(68096K)] 512368K->445312K(582144K), 0.0022578 secs] [Times: user=0.01 sys=0.00, real=0.00 secs] 
3000.407: [GC (Allocation Failure) [PSYoungGen: 67936K->1344K(68096K)] 511872K->445280K(582144K), 0.0021679 secs] [Times: user=0.01 sys=0.00, real=0.01 secs] 
3000.681: [GC (Allocation Failure) [PSYoungGen: 67392K->1344K(67072K)] 511328K->445280K(581120K), 0.0022410 secs] [Times: user=0.01 sys=0.00, real=0.00 secs] 
3001.115: [GC (Allocation Failure) [PSYoungGen: 66880K->1597K(68096K)] 510816K->445534K(582144K), 0.0018053 secs] [Times: user=0.01 sys=0.00, real=0.00 secs] 
3001.499: [GC (Allocation Failure) [PSYoungGen: 67133K->1581K(68096K)] 511070K->445518K(582144K), 0.0017666 secs] [Times: user=0.01 sys=0.00, real=0.00 secs] 
3001.884: [GC (Allocation Failure) [PSYoungGen: 67117K->1517K(68096K)] 511054K->445454K(582144K), 0.0017633 secs] [Times: user=0.00 sys=0.00, real=0.00 secs] 
3002.263: [GC (Allocation Failure) [PSYoungGen: 67053K->1440K(68096K)] 510990K->445376K(582144K), 0.0020495 secs] [Times: user=0.01 sys=0.01, real=0.00 secs] 
3002.534: [GC (Allocation Failure) [PSYoungGen: 66976K->1344K(68096K)] 510912K->445280K(582144K), 0.0018663 secs] [Times: user=0.01 sys=0.00, real=0.00 secs] 
3002.806: [GC (Allocation Failure) [PSYoungGen: 66880K->1376K(67072K)] 510816K->445312K(581120K), 0.0019585 secs] [Times: user=0.01 sys=0.00, real=0.00 secs] 
3003.078: [GC (Allocation Failure) [PSYoungGen: 66912K->1376K(67584K)] 510848K->445312K(581632K), 0.0022535 secs] [Times: user=0.01 sys=0.00, real=0.01 secs] 
3003.350: [GC (Allocation Failure) [PSYoungGen: 66912K->1376K(67584K)] 510848K->445312K(581632K), 0.0022238 secs] [Times: user=0.00 sys=0.00, real=0.00 secs] 
3003.774: [GC (Allocation Failure) [PSYoungGen: 66912K->1549K(67584K)] 510848K->445486K(581632K), 0.0018989 secs] [Times: user=0.01 sys=0.00, real=0.00 secs] 
3004.158: [GC (Allocation Failure) [PSYoungGen: 67085K->1597K(67584K)] 511022K->445534K(581632K), 0.0017649 secs] [Times: user=0.01 sys=0.00, real=0.01 secs] 
3004.547: [GC (Allocation Failure) [PSYoungGen: 67133K->1533K(67584K)] 511070K->445478K(581632K), 0.0019185 secs] [Times: user=0.01 sys=0.00, real=0.01 secs] 
3005.035: [GC (Allocation Failure) [PSYoungGen: 67069K->1472K(67584K)] 511014K->445416K(581632K), 0.0024140 secs] [Times: user=0.01 sys=0.00, real=0.00 secs] 
3005.341: [GC (Allocation Failure) [PSYoungGen: 67008K->1376K(67584K)] 510952K->445320K(581632K), 0.0021169 secs] [Times: user=0.01 sys=0.00, real=0.00 secs] 
3005.886: [GC (Allocation Failure) [PSYoungGen: 66912K->1376K(67584K)] 510856K->445320K(581632K), 0.0021344 secs] [Times: user=0.01 sys=0.00, real=0.00 secs] 
3006.368: [GC (Allocation Failure) [PSYoungGen: 66912K->1344K(67584K)] 510856K->445288K(581632K), 0.0021609 secs] [Times: user=0.01 sys=0.00, real=0.01 secs] 
3006.868: [GC (Allocation Failure) [PSYoungGen: 66880K->1376K(67584K)] 510824K->445320K(581632K), 0.0021338 secs] [Times: user=0.00 sys=0.00, real=0.01 secs] 
3007.294: [GC (Allocation Failure) [PSYoungGen: 66912K->1613K(67584K)] 510856K->445558K(581632K), 0.0017792 secs] [Times: user=0.01 sys=0.00, real=0.00 secs] 
3007.678: [GC (Allocation Failure) [PSYoungGen: 67149K->1565K(67584K)] 511094K->445510K(581632K), 0.0017634 secs] [Times: user=0.00 sys=0.00, real=0.01 secs] 
3008.062: [GC (Allocation Failure) [PSYoungGen: 67101K->1581K(67584K)] 511046K->445534K(581632K), 0.0017203 secs] [Times: user=0.01 sys=0.00, real=0.00 secs] 
3008.534: [GC (Allocation Failure) [PSYoungGen: 67117K->1440K(67584K)] 511070K->445408K(581632K), 0.0020878 secs] [Times: user=0.00 sys=0.00, real=0.00 secs] 
3009.159: [GC (Allocation Failure) [PSYoungGen: 66976K->1408K(67584K)] 510944K->445376K(581632K), 0.0025330 secs] [Times: user=0.01 sys=0.00, real=0.00 secs] 
3010.049: [GC (Allocation Failure) [PSYoungGen: 66944K->1376K(67584K)] 510912K->445344K(581632K), 0.0030774 secs] [Times: user=0.02 sys=0.01, real=0.00 secs] 
3010.858: [GC (Allocation Failure) [PSYoungGen: 66912K->1376K(67584K)] 510880K->445344K(581632K), 0.0036992 secs] [Times: user=0.02 sys=0.00, real=0.01 secs] 
3011.584: [GC (Allocation Failure) [PSYoungGen: 66912K->1408K(67584K)] 510880K->445376K(581632K), 0.0046088 secs] [Times: user=0.02 sys=0.00, real=0.00 secs] 
3012.551: [GC (Allocation Failure) [PSYoungGen: 66944K->1565K(67584K)] 510912K->445534K(581632K), 0.0017072 secs] [Times: user=0.01 sys=0.00, real=0.00 secs] 
3012.938: [GC (Allocation Failure) [PSYoungGen: 67101K->1581K(67584K)] 511070K->445550K(581632K), 0.0017839 secs] [Times: user=0.01 sys=0.00, real=0.01 secs] 
3013.324: [GC (Allocation Failure) [PSYoungGen: 67117K->1549K(67584K)] 511086K->445526K(581632K), 0.0019784 secs] [Times: user=0.01 sys=0.00, real=0.00 secs] 
3013.809: [GC (Allocation Failure) [PSYoungGen: 67085K->1488K(67584K)] 511062K->445464K(581632K), 0.0021816 secs] [Times: user=0.00 sys=0.01, real=0.00 secs] 
3014.126: [GC (Allocation Failure) [PSYoungGen: 67024K->1360K(67584K)] 511000K->445336K(581632K), 0.0019489 secs] [Times: user=0.01 sys=0.00, real=0.00 secs] 
3014.618: [GC (Allocation Failure) [PSYoungGen: 66896K->1376K(67584K)] 510872K->445352K(581632K), 0.0019937 secs] [Times: user=0.01 sys=0.00, real=0.01 secs] 
3015.086: [GC (Allocation Failure) [PSYoungGen: 66912K->1376K(67584K)] 510888K->445352K(581632K), 0.0021074 secs] [Times: user=0.01 sys=0.01, real=0.00 secs] 
3015.632: [GC (Allocation Failure) [PSYoungGen: 66912K->1312K(67584K)] 510888K->445296K(581632K), 0.0038059 secs] [Times: user=0.01 sys=0.00, real=0.00 secs] 
3016.138: [GC (Allocation Failure) [PSYoungGen: 66848K->1549K(67584K)] 510832K->445534K(581632K), 0.0017835 secs] [Times: user=0.01 sys=0.00, real=0.01 secs] 
3016.522: [GC (Allocation Failure) [PSYoungGen: 67085K->1597K(67584K)] 511070K->445582K(581632K), 0.0017708 secs] [Times: user=0.01 sys=0.00, real=0.00 secs] 
3016.905: [GC (Allocation Failure) [PSYoungGen: 67133K->1613K(67584K)] 511118K->445606K(581632K), 0.0016980 secs] [Times: user=0.01 sys=0.00, real=0.00 secs] 
3017.292: [GC (Allocation Failure) [PSYoungGen: 67149K->1536K(67584K)] 511142K->445536K(581632K), 0.0020870 secs] [Times: user=0.01 sys=0.00, real=0.00 secs] 
3017.565: [GC (Allocation Failure) [PSYoungGen: 67072K->1376K(67584K)] 511072K->445376K(581632K), 0.0020191 secs] [Times: user=0.01 sys=0.00, real=0.00 secs] 
3017.837: [GC (Allocation Failure) [PSYoungGen: 66912K->1376K(67584K)] 510912K->445376K(581632K), 0.0018566 secs] [Times: user=0.00 sys=0.00, real=0.01 secs] 
3018.109: [GC (Allocation Failure) [PSYoungGen: 66912K->1360K(67584K)] 510912K->445360K(581632K), 0.0018591 secs] [Times: user=0.01 sys=0.00, real=0.00 secs] 
3018.381: [GC (Allocation Failure) [PSYoungGen: 66896K->1376K(67584K)] 510896K->445392K(581632K), 0.0022382 secs] [Times: user=0.01 sys=0.00, real=0.00 secs] 
3018.790: [GC (Allocation Failure) [PSYoungGen: 66912K->1520K(67584K)] 510928K->445536K(581632K), 0.0017296 secs] [Times: user=0.01 sys=0.00, real=0.00 secs] 
3019.174: [GC (Allocation Failure) [PSYoungGen: 67056K->1597K(67584K)] 511072K->445614K(581632K), 0.0018726 secs] [Times: user=0.01 sys=0.00, real=0.00 secs] 
3019.559: [GC (Allocation Failure) [PSYoungGen: 67133K->1597K(67584K)] 511150K->445622K(581632K), 0.0017233 secs] [Times: user=0.01 sys=0.00, real=0.00 secs] 
3019.999: [GC (Allocation Failure) [PSYoungGen: 67133K->1472K(67584K)] 511158K->445496K(581632K), 0.0021138 secs] [Times: user=0.01 sys=0.00, real=0.00 secs] 
3020.331: [GC (Allocation Failure) [PSYoungGen: 67008K->1376K(67584K)] 511032K->445400K(581632K), 0.0024205 secs] [Times: user=0.01 sys=0.00, real=0.00 secs] 
3020.605: [GC (Allocation Failure) [PSYoungGen: 66912K->1376K(67584K)] 510936K->445400K(581632K), 0.0023939 secs] [Times: user=0.01 sys=0.00, real=0.00 secs] 
3020.877: [GC (Allocation Failure) [PSYoungGen: 66912K->1376K(67584K)] 510936K->445400K(581632K), 0.0024367 secs] [Times: user=0.01 sys=0.00, real=0.01 secs] 
3021.150: [GC (Allocation Failure) [PSYoungGen: 66912K->1376K(67584K)] 510936K->445400K(581632K), 0.0022708 secs] [Times: user=0.01 sys=0.00, real=0.00 secs] 
3021.562: [GC (Allocation Failure) [PSYoungGen: 66912K->1597K(67584K)] 510936K->445622K(581632K), 0.0016793 secs] [Times: user=0.01 sys=0.00, real=0.00 secs] 
3021.945: [GC (Allocation Failure) [PSYoungGen: 67133K->1517K(67584K)] 511158K->445542K(581632K), 0.0017337 secs] [Times: user=0.00 sys=0.00, real=0.00 secs] 
3022.395: [GC (Allocation Failure) [PSYoungGen: 67053K->1584K(67584K)] 511078K->445616K(581632K), 0.0018088 secs] [Times: user=0.01 sys=0.00, real=0.00 secs] 
3022.880: [GC (Allocation Failure) [PSYoungGen: 67120K->1440K(67584K)] 511152K->445472K(581632K), 0.0025566 secs] [Times: user=0.01 sys=0.00, real=0.00 secs] 
3023.596: [GC (Allocation Failure) [PSYoungGen: 66976K->1408K(67584K)] 511008K->445440K(581632K), 0.0031219 secs] [Times: user=0.01 sys=0.00, real=0.01 secs] 
3024.182: [GC (Allocation Failure) [PSYoungGen: 66944K->1376K(67584K)] 510976K->445408K(581632K), 0.0023270 secs] [Times: user=0.00 sys=0.00, real=0.00 secs] 
3024.712: [GC (Allocation Failure) [PSYoungGen: 66912K->1360K(67584K)] 510944K->445392K(581632K), 0.0022823 secs] [Times: user=0.01 sys=0.00, real=0.00 secs] 
3025.244: [GC (Allocation Failure) [PSYoungGen: 66896K->1376K(67584K)] 510928K->445408K(581632K), 0.0020593 secs] [Times: user=0.01 sys=0.00, real=0.00 secs] 
3025.703: [GC (Allocation Failure) [PSYoungGen: 66893K->1565K(67584K)] 510926K->445598K(581632K), 0.0016778 secs] [Times: user=0.01 sys=0.00, real=0.00 secs] 
3026.087: [GC (Allocation Failure) [PSYoungGen: 67101K->1565K(67584K)] 511134K->445598K(581632K), 0.0017160 secs] [Times: user=0.01 sys=0.00, real=0.01 secs] 
3026.472: [GC (Allocation Failure) [PSYoungGen: 67101K->1565K(67584K)] 511134K->445614K(581632K), 0.0017182 secs] [Times: user=0.01 sys=0.00, real=0.00 secs] 
3026.858: [GC (Allocation Failure) [PSYoungGen: 67101K->1520K(67584K)] 511150K->445568K(581632K), 0.0020577 secs] [Times: user=0.01 sys=0.00, real=0.01 secs] 
3027.169: [GC (Allocation Failure) [PSYoungGen: 67056K->1376K(67584K)] 511104K->445424K(581632K), 0.0018776 secs] [Times: user=0.00 sys=0.00, real=0.00 secs] 
3027.706: [GC (Allocation Failure) [PSYoungGen: 66912K->1376K(67584K)] 510960K->445424K(581632K), 0.0019981 secs] [Times: user=0.01 sys=0.00, real=0.00 secs] 
3028.271: [GC (Allocation Failure) [PSYoungGen: 66912K->1344K(67584K)] 510960K->445392K(581632K), 0.0019420 secs] [Times: user=0.01 sys=0.00, real=0.00 secs] 
3028.911: [GC (Allocation Failure) [PSYoungGen: 66880K->1376K(67584K)] 510928K->445424K(581632K), 0.0037932 secs] [Times: user=0.01 sys=0.00, real=0.00 secs] 
3029.447: [GC (Allocation Failure) [PSYoungGen: 66912K->1549K(67584K)] 510960K->445598K(581632K), 0.0017430 secs] [Times: user=0.00 sys=0.00, real=0.01 secs] 
3029.834: [GC (Allocation Failure) [PSYoungGen: 67085K->1565K(67584K)] 511134K->445638K(581632K), 0.0017298 secs] [Times: user=0.01 sys=0.00, real=0.00 secs] 
3030.218: [GC (Allocation Failure) [PSYoungGen: 67101K->1565K(67584K)] 511174K->445646K(581632K), 0.0017744 secs] [Times: user=0.00 sys=0.00, real=0.01 secs] 
3030.604: [GC (Allocation Failure) [PSYoungGen: 67101K->1504K(67584K)] 511182K->445584K(581632K), 0.0020847 secs] [Times: user=0.01 sys=0.00, real=0.00 secs] 
3030.876: [GC (Allocation Failure) [PSYoungGen: 67040K->1312K(67584K)] 511120K->445392K(581632K), 0.0018515 secs] [Times: user=0.00 sys=0.00, real=0.00 secs] 
3031.149: [GC (Allocation Failure) [PSYoungGen: 66848K->1344K(67584K)] 510928K->445424K(581632K), 0.0017821 secs] [Times: user=0.01 sys=0.00, real=0.01 secs] 
3031.421: [GC (Allocation Failure) [PSYoungGen: 66880K->1296K(67584K)] 510960K->445376K(581632K), 0.0023181 secs] [Times: user=0.01 sys=0.00, real=0.00 secs] 
3031.695: [GC (Allocation Failure) [PSYoungGen: 66832K->1312K(67584K)] 510912K->445392K(581632K), 0.0025213 secs] [Times: user=0.01 sys=0.00, real=0.00 secs] 
3032.109: [GC (Allocation Failure) [PSYoungGen: 66848K->1501K(67584K)] 510928K->445582K(581632K), 0.0017105 secs] [Times: user=0.00 sys=0.00, real=0.01 secs] 
3032.492: [GC (Allocation Failure) [PSYoungGen: 67032K->1565K(67584K)] 511113K->445646K(581632K), 0.0018835 secs] [Times: user=0.00 sys=0.00, real=0.00 secs] 
3032.877: [GC (Allocation Failure) [PSYoungGen: 67101K->1565K(67584K)] 511182K->445654K(581632K), 0.0017352 secs] [Times: user=0.01 sys=0.00, real=0.00 secs] 
3033.324: [GC (Allocation Failure) [PSYoungGen: 67101K->1472K(67584K)] 511190K->445560K(581632K), 0.0021552 secs] [Times: user=0.01 sys=0.00, real=0.00 secs] 
3033.597: [GC (Allocation Failure) [PSYoungGen: 67008K->1344K(67584K)] 511096K->445432K(581632K), 0.0019207 secs] [Times: user=0.01 sys=0.00, real=0.00 secs] 
3033.869: [GC (Allocation Failure) [PSYoungGen: 66880K->1344K(67584K)] 510968K->445432K(581632K), 0.0018810 secs] [Times: user=0.00 sys=0.00, real=0.00 secs] 
3034.141: [GC (Allocation Failure) [PSYoungGen: 66880K->1344K(67584K)] 510968K->445432K(581632K), 0.0019754 secs] [Times: user=0.01 sys=0.00, real=0.00 secs] 
3034.413: [GC (Allocation Failure) [PSYoungGen: 66880K->1328K(67584K)] 510968K->445416K(581632K), 0.0021089 secs] [Times: user=0.01 sys=0.00, real=0.00 secs] 
3034.807: [GC (Allocation Failure) [PSYoungGen: 66864K->1565K(67584K)] 510952K->445654K(581632K), 0.0017249 secs] [Times: user=0.01 sys=0.00, real=0.00 secs] 
3035.193: [GC (Allocation Failure) [PSYoungGen: 67101K->1533K(67584K)] 511190K->445622K(581632K), 0.0017659 secs] [Times: user=0.01 sys=0.00, real=0.00 secs] 
3035.577: [GC (Allocation Failure) [PSYoungGen: 67069K->1549K(67584K)] 511158K->445646K(581632K), 0.0018710 secs] [Times: user=0.00 sys=0.00, real=0.01 secs] 
3036.044: [GC (Allocation Failure) [PSYoungGen: 67085K->1504K(67584K)] 511182K->445600K(581632K), 0.0021884 secs] [Times: user=0.01 sys=0.00, real=0.00 secs] 
3036.563: [GC (Allocation Failure) [PSYoungGen: 67040K->1344K(67584K)] 511136K->445440K(581632K), 0.0034053 secs] [Times: user=0.01 sys=0.00, real=0.00 secs] 
3037.148: [GC (Allocation Failure) [PSYoungGen: 66880K->1360K(67584K)] 510976K->445456K(581632K), 0.0031364 secs] [Times: user=0.01 sys=0.00, real=0.01 secs] 
3037.763: [GC (Allocation Failure) [PSYoungGen: 66896K->1360K(67584K)] 510992K->445456K(581632K), 0.0026166 secs] [Times: user=0.01 sys=0.00, real=0.00 secs] 
3038.286: [GC (Allocation Failure) [PSYoungGen: 66896K->1344K(67584K)] 510992K->445440K(581632K), 0.0025463 secs] [Times: user=0.01 sys=0.00, real=0.00 secs] 
3038.752: [GC (Allocation Failure) [PSYoungGen: 66880K->1549K(67584K)] 510976K->445670K(581632K), 0.0017954 secs] [Times: user=0.01 sys=0.00, real=0.00 secs] 
3039.136: [GC (Allocation Failure) [PSYoungGen: 67085K->1533K(67584K)] 511206K->445654K(581632K), 0.0017315 secs] [Times: user=0.00 sys=0.00, real=0.00 secs] 
3039.521: [GC (Allocation Failure) [PSYoungGen: 67069K->1584K(67584K)] 511190K->445720K(581632K), 0.0017557 secs] [Times: user=0.01 sys=0.00, real=0.00 secs] 
3039.927: [GC (Allocation Failure) [PSYoungGen: 67120K->1536K(67584K)] 511256K->445672K(581632K), 0.0019235 secs] [Times: user=0.00 sys=0.00, real=0.01 secs] 
3040.522: [GC (Allocation Failure) [PSYoungGen: 67072K->1328K(67584K)] 511208K->445464K(581632K), 0.0025360 secs] [Times: user=0.01 sys=0.00, real=0.00 secs] 
3041.133: [GC (Allocation Failure) [PSYoungGen: 66864K->1328K(67584K)] 511000K->445464K(581632K), 0.0025848 secs] [Times: user=0.01 sys=0.00, real=0.00 secs] 
3041.709: [GC (Allocation Failure) [PSYoungGen: 66864K->1360K(67584K)] 511000K->445496K(581632K), 0.0025306 secs] [Times: user=0.01 sys=0.00, real=0.01 secs] 
3042.351: [GC (Allocation Failure) [PSYoungGen: 66896K->1344K(67584K)] 511032K->445480K(581632K), 0.0025918 secs] [Times: user=0.01 sys=0.00, real=0.00 secs] 
3042.921: [GC (Allocation Failure) [PSYoungGen: 66880K->1597K(67584K)] 511016K->445734K(581632K), 0.0017160 secs] [Times: user=0.01 sys=0.00, real=0.00 secs] 
3043.304: [GC (Allocation Failure) [PSYoungGen: 67133K->1597K(67584K)] 511270K->445734K(581632K), 0.0017371 secs] [Times: user=0.01 sys=0.00, real=0.00 secs] 
3043.688: [GC (Allocation Failure) [PSYoungGen: 67133K->1613K(67584K)] 511270K->445758K(581632K), 0.0018568 secs] [Times: user=0.01 sys=0.00, real=0.01 secs] 
3044.297: [GC (Allocation Failure) [PSYoungGen: 67149K->2016K(67584K)] 511294K->446160K(581632K), 0.0029243 secs] [Times: user=0.01 sys=0.00, real=0.01 secs] 
3044.811: [GC (Allocation Failure) [PSYoungGen: 67552K->1376K(67584K)] 511696K->445520K(581632K), 0.0029292 secs] [Times: user=0.01 sys=0.00, real=0.00 secs] 
3045.507: [GC (Allocation Failure) [PSYoungGen: 66912K->1376K(67584K)] 511056K->445520K(581632K), 0.0030609 secs] [Times: user=0.02 sys=0.00, real=0.01 secs] 
3046.212: [GC (Allocation Failure) [PSYoungGen: 66912K->1344K(67584K)] 511056K->445488K(581632K), 0.0030737 secs] [Times: user=0.01 sys=0.00, real=0.00 secs] 
3046.886: [GC (Allocation Failure) [PSYoungGen: 66880K->1376K(67584K)] 511024K->445520K(581632K), 0.0030830 secs] [Times: user=0.01 sys=0.00, real=0.01 secs] 
3047.404: [GC (Allocation Failure) [PSYoungGen: 66912K->1536K(67584K)] 511056K->445680K(581632K), 0.0018565 secs] [Times: user=0.00 sys=0.00, real=0.00 secs] 
3047.789: [GC (Allocation Failure) [PSYoungGen: 67072K->1597K(67584K)] 511216K->445742K(581632K), 0.0018603 secs] [Times: user=0.01 sys=0.00, real=0.00 secs] 
3048.174: [GC (Allocation Failure) [PSYoungGen: 67133K->1613K(67584K)] 511278K->445766K(581632K), 0.0018888 secs] [Times: user=0.01 sys=0.00, real=0.00 secs] 
3048.607: [GC (Allocation Failure) [PSYoungGen: 67149K->2016K(67584K)] 511302K->446168K(581632K), 0.0022736 secs] [Times: user=0.01 sys=0.00, real=0.01 secs] 
3048.937: [GC (Allocation Failure) [PSYoungGen: 67552K->1344K(67584K)] 511704K->445496K(581632K), 0.0021717 secs] [Times: user=0.01 sys=0.00, real=0.01 secs] 
3049.314: [GC (Allocation Failure) [PSYoungGen: 66880K->1376K(67584K)] 511032K->445528K(581632K), 0.0021590 secs] [Times: user=0.01 sys=0.00, real=0.00 secs] 
3049.934: [GC (Allocation Failure) [PSYoungGen: 66912K->1376K(67584K)] 511064K->445544K(581632K), 0.0023789 secs] [Times: user=0.01 sys=0.00, real=0.00 secs] 
3050.465: [GC (Allocation Failure) [PSYoungGen: 66912K->1376K(67584K)] 511080K->445544K(581632K), 0.0025099 secs] [Times: user=0.01 sys=0.00, real=0.00 secs] 
3050.955: [GC (Allocation Failure) [PSYoungGen: 66912K->1533K(67584K)] 511080K->445702K(581632K), 0.0016898 secs] [Times: user=0.01 sys=0.00, real=0.00 secs] 
3051.340: [GC (Allocation Failure) [PSYoungGen: 67043K->1565K(67584K)] 511212K->445734K(581632K), 0.0017612 secs] [Times: user=0.00 sys=0.00, real=0.00 secs] 
3051.724: [GC (Allocation Failure) [PSYoungGen: 67101K->1565K(67584K)] 511270K->445742K(581632K), 0.0019392 secs] [Times: user=0.01 sys=0.00, real=0.00 secs] 
3052.115: [GC (Allocation Failure) [PSYoungGen: 67101K->2016K(67584K)] 511278K->446192K(581632K), 0.0020220 secs] [Times: user=0.01 sys=0.00, real=0.00 secs] 
3052.388: [GC (Allocation Failure) [PSYoungGen: 67552K->1360K(67584K)] 511728K->445544K(581632K), 0.0018506 secs] [Times: user=0.00 sys=0.00, real=0.01 secs] 
3052.660: [GC (Allocation Failure) [PSYoungGen: 66896K->1408K(67584K)] 511080K->445592K(581632K), 0.0019275 secs] [Times: user=0.01 sys=0.00, real=0.00 secs] 
3053.108: [GC (Allocation Failure) [PSYoungGen: 66944K->1440K(67584K)] 511128K->445624K(581632K), 0.0020101 secs] [Times: user=0.01 sys=0.00, real=0.01 secs] 
3053.703: [GC (Allocation Failure) [PSYoungGen: 66976K->1408K(67584K)] 511160K->445592K(581632K), 0.0037550 secs] [Times: user=0.01 sys=0.00, real=0.00 secs] 
3054.279: [GC (Allocation Failure) [PSYoungGen: 66944K->1597K(67584K)] 511128K->445782K(581632K), 0.0018597 secs] [Times: user=0.01 sys=0.00, real=0.00 secs] 
3054.671: [GC (Allocation Failure) [PSYoungGen: 67133K->1613K(67584K)] 511318K->445798K(581632K), 0.0019229 secs] [Times: user=0.01 sys=0.00, real=0.00 secs] 
3055.117: [GC (Allocation Failure) [PSYoungGen: 67149K->1565K(67584K)] 511334K->445758K(581632K), 0.0018114 secs] [Times: user=0.01 sys=0.00, real=0.01 secs] 
3055.654: [GC (Allocation Failure) [PSYoungGen: 67101K->2016K(67584K)] 511294K->446216K(581632K), 0.0023336 secs] [Times: user=0.01 sys=0.00, real=0.00 secs] 
3056.404: [GC (Allocation Failure) [PSYoungGen: 67552K->1408K(67584K)] 511752K->445608K(581632K), 0.0034686 secs] [Times: user=0.01 sys=0.00, real=0.00 secs] 
3057.260: [GC (Allocation Failure) [PSYoungGen: 66944K->1408K(67584K)] 511144K->445608K(581632K), 0.0032199 secs] [Times: user=0.01 sys=0.00, real=0.00 secs] 
3057.864: [GC (Allocation Failure) [PSYoungGen: 66944K->1408K(67584K)] 511144K->445608K(581632K), 0.0030501 secs] [Times: user=0.01 sys=0.00, real=0.00 secs] 
3058.568: [GC (Allocation Failure) [PSYoungGen: 66944K->1408K(67584K)] 511144K->445608K(581632K), 0.0029442 secs] [Times: user=0.02 sys=0.00, real=0.01 secs] 
3059.097: [GC (Allocation Failure) [PSYoungGen: 66944K->1520K(67584K)] 511144K->445720K(581632K), 0.0018170 secs] [Times: user=0.01 sys=0.00, real=0.01 secs] 
3059.481: [GC (Allocation Failure) [PSYoungGen: 67036K->1565K(67584K)] 511237K->445766K(581632K), 0.0016818 secs] [Times: user=0.01 sys=0.00, real=0.00 secs] 
3059.868: [GC (Allocation Failure) [PSYoungGen: 67101K->1565K(67584K)] 511302K->445774K(581632K), 0.0017558 secs] [Times: user=0.01 sys=0.00, real=0.01 secs] 
3060.560: [GC (Allocation Failure) [PSYoungGen: 67101K->2016K(67584K)] 511310K->446256K(581632K), 0.0025683 secs] [Times: user=0.01 sys=0.00, real=0.00 secs] 
3061.382: [GC (Allocation Failure) [PSYoungGen: 67552K->1376K(67584K)] 511792K->445616K(581632K), 0.0024087 secs] [Times: user=0.02 sys=0.00, real=0.00 secs] 
3061.953: [GC (Allocation Failure) [PSYoungGen: 66912K->1344K(67584K)] 511152K->445584K(581632K), 0.0020898 secs] [Times: user=0.00 sys=0.00, real=0.00 secs] 
3062.513: [GC (Allocation Failure) [PSYoungGen: 66880K->1376K(67584K)] 511120K->445616K(581632K), 0.0024310 secs] [Times: user=0.00 sys=0.01, real=0.00 secs] 
3063.415: [GC (Allocation Failure) [PSYoungGen: 66912K->1408K(67584K)] 511152K->445656K(581632K), 0.0033848 secs] [Times: user=0.01 sys=0.00, real=0.00 secs] 
3063.978: [GC (Allocation Failure) [PSYoungGen: 66944K->1504K(67584K)] 511192K->445752K(581632K), 0.0017935 secs] [Times: user=0.01 sys=0.00, real=0.01 secs] 
3064.363: [GC (Allocation Failure) [PSYoungGen: 67040K->1533K(67584K)] 511288K->445782K(581632K), 0.0017758 secs] [Times: user=0.01 sys=0.00, real=0.00 secs] 
3064.757: [GC (Allocation Failure) [PSYoungGen: 67069K->1533K(67584K)] 511318K->445790K(581632K), 0.0017657 secs] [Times: user=0.00 sys=0.00, real=0.00 secs] 
3065.160: [GC (Allocation Failure) [PSYoungGen: 66563K->1824K(67584K)] 510820K->446080K(581632K), 0.0019430 secs] [Times: user=0.01 sys=0.00, real=0.00 secs] 
3065.894: [GC (Allocation Failure) [PSYoungGen: 67360K->1360K(67584K)] 511616K->445616K(581632K), 0.0044284 secs] [Times: user=0.02 sys=0.00, real=0.00 secs] 
3066.669: [GC (Allocation Failure) [PSYoungGen: 66896K->1376K(67584K)] 511152K->445632K(581632K), 0.0030450 secs] [Times: user=0.01 sys=0.00, real=0.00 secs] 
3067.254: [GC (Allocation Failure) [PSYoungGen: 66912K->1376K(67584K)] 511168K->445632K(581632K), 0.0033587 secs] [Times: user=0.02 sys=0.00, real=0.00 secs] 
3067.869: [GC (Allocation Failure) [PSYoungGen: 66912K->1344K(67584K)] 511168K->445600K(581632K), 0.0026123 secs] [Times: user=0.01 sys=0.00, real=0.00 secs] 
3068.390: [GC (Allocation Failure) [PSYoungGen: 66880K->1517K(67584K)] 511136K->445774K(581632K), 0.0017961 secs] [Times: user=0.01 sys=0.00, real=0.00 secs] 
3068.776: [GC (Allocation Failure) [PSYoungGen: 67053K->1565K(67584K)] 511310K->445822K(581632K), 0.0017523 secs] [Times: user=0.01 sys=0.00, real=0.00 secs] 
3069.160: [GC (Allocation Failure) [PSYoungGen: 67101K->1533K(67584K)] 511358K->445798K(581632K), 0.0018459 secs] [Times: user=0.01 sys=0.00, real=0.00 secs] 
3069.586: [GC (Allocation Failure) [PSYoungGen: 67069K->1776K(67584K)] 511334K->446040K(581632K), 0.0020072 secs] [Times: user=0.00 sys=0.00, real=0.00 secs] 
3069.865: [GC (Allocation Failure) [PSYoungGen: 67312K->1376K(67584K)] 511576K->445640K(581632K), 0.0018432 secs] [Times: user=0.01 sys=0.00, real=0.00 secs] 
3070.198: [GC (Allocation Failure) [PSYoungGen: 66912K->1376K(67584K)] 511176K->445656K(581632K), 0.0019441 secs] [Times: user=0.01 sys=0.00, real=0.01 secs] 
3070.551: [GC (Allocation Failure) [PSYoungGen: 66912K->1344K(67584K)] 511192K->445624K(581632K), 0.0022058 secs] [Times: user=0.01 sys=0.00, real=0.00 secs] 
3070.827: [GC (Allocation Failure) [PSYoungGen: 66880K->1376K(67584K)] 511160K->445656K(581632K), 0.0022260 secs] [Times: user=0.01 sys=0.00, real=0.01 secs] 
3071.278: [GC (Allocation Failure) [PSYoungGen: 66912K->1456K(67584K)] 511192K->445736K(581632K), 0.0017111 secs] [Times: user=0.00 sys=0.00, real=0.01 secs] 
3071.661: [GC (Allocation Failure) [PSYoungGen: 66981K->1565K(67584K)] 511262K->445846K(581632K), 0.0017983 secs] [Times: user=0.01 sys=0.00, real=0.00 secs] 
3072.104: [GC (Allocation Failure) [PSYoungGen: 67101K->1552K(67584K)] 511382K->445840K(581632K), 0.0017741 secs] [Times: user=0.01 sys=0.00, real=0.00 secs] 
3072.594: [GC (Allocation Failure) [PSYoungGen: 67088K->1760K(67584K)] 511376K->446048K(581632K), 0.0021648 secs] [Times: user=0.01 sys=0.00, real=0.00 secs] 
3073.632: [GC (Allocation Failure) [PSYoungGen: 67296K->1344K(67584K)] 511584K->445632K(581632K), 0.0030229 secs] [Times: user=0.01 sys=0.00, real=0.00 secs] 
3074.383: [GC (Allocation Failure) [PSYoungGen: 66880K->1376K(67584K)] 511168K->445664K(581632K), 0.0029925 secs] [Times: user=0.01 sys=0.00, real=0.00 secs] 
3074.937: [GC (Allocation Failure) [PSYoungGen: 66912K->1344K(67584K)] 511200K->445632K(581632K), 0.0025655 secs] [Times: user=0.01 sys=0.00, real=0.01 secs] 
3075.368: [GC (Allocation Failure) [PSYoungGen: 66880K->1376K(67584K)] 511168K->445664K(581632K), 0.0022434 secs] [Times: user=0.01 sys=0.00, real=0.01 secs] 
3075.792: [GC (Allocation Failure) [PSYoungGen: 66912K->1533K(67584K)] 511200K->445822K(581632K), 0.0018269 secs] [Times: user=0.00 sys=0.00, real=0.00 secs] 
3076.178: [GC (Allocation Failure) [PSYoungGen: 67069K->1597K(67584K)] 511358K->445886K(581632K), 0.0017474 secs] [Times: user=0.01 sys=0.00, real=0.01 secs] 
3076.564: [GC (Allocation Failure) [PSYoungGen: 67133K->1584K(67584K)] 511422K->445880K(581632K), 0.0018715 secs] [Times: user=0.01 sys=0.00, real=0.00 secs] 
3077.029: [GC (Allocation Failure) [PSYoungGen: 67120K->1632K(67584K)] 511416K->445928K(581632K), 0.0019895 secs] [Times: user=0.01 sys=0.00, real=0.00 secs] 
3077.355: [GC (Allocation Failure) [PSYoungGen: 67168K->1376K(67584K)] 511464K->445672K(581632K), 0.0020355 secs] [Times: user=0.01 sys=0.00, real=0.00 secs] 
3077.628: [GC (Allocation Failure) [PSYoungGen: 66912K->1360K(67584K)] 511208K->445656K(581632K), 0.0020076 secs] [Times: user=0.01 sys=0.00, real=0.01 secs] 
3077.900: [GC (Allocation Failure) [PSYoungGen: 66896K->1360K(67584K)] 511192K->445656K(581632K), 0.0019217 secs] [Times: user=0.01 sys=0.00, real=0.00 secs] 
3078.173: [GC (Allocation Failure) [PSYoungGen: 66896K->1376K(67584K)] 511192K->445672K(581632K), 0.0021026 secs] [Times: user=0.01 sys=0.00, real=0.00 secs] 
3078.564: [GC (Allocation Failure) [PSYoungGen: 66912K->1485K(67584K)] 511208K->445782K(581632K), 0.0018098 secs] [Times: user=0.01 sys=0.00, real=0.00 secs] 
3078.948: [GC (Allocation Failure) [PSYoungGen: 67002K->1549K(67584K)] 511299K->445846K(581632K), 0.0017055 secs] [Times: user=0.01 sys=0.00, real=0.01 secs] 
3079.333: [GC (Allocation Failure) [PSYoungGen: 67085K->1549K(67584K)] 511382K->445870K(581632K), 0.0022583 secs] [Times: user=0.01 sys=0.00, real=0.00 secs] 
3079.746: [GC (Allocation Failure) [PSYoungGen: 67085K->1664K(67584K)] 511406K->445984K(581632K), 0.0020880 secs] [Times: user=0.01 sys=0.00, real=0.00 secs] 
3080.178: [GC (Allocation Failure) [PSYoungGen: 67200K->1344K(67584K)] 511520K->445664K(581632K), 0.0019461 secs] [Times: user=0.01 sys=0.00, real=0.01 secs] 
3080.471: [GC (Allocation Failure) [PSYoungGen: 66880K->1344K(67584K)] 511200K->445664K(581632K), 0.0018499 secs] [Times: user=0.00 sys=0.00, real=0.00 secs] 
3080.744: [GC (Allocation Failure) [PSYoungGen: 66880K->1328K(67584K)] 511200K->445648K(581632K), 0.0018416 secs] [Times: user=0.01 sys=0.00, real=0.00 secs] 
3081.016: [GC (Allocation Failure) [PSYoungGen: 66864K->1376K(67584K)] 511184K->445696K(581632K), 0.0018694 secs] [Times: user=0.01 sys=0.00, real=0.00 secs] 
3081.404: [GC (Allocation Failure) [PSYoungGen: 66912K->1533K(67584K)] 511232K->445854K(581632K), 0.0018310 secs] [Times: user=0.00 sys=0.00, real=0.00 secs] 
3081.788: [GC (Allocation Failure) [PSYoungGen: 67069K->1597K(67584K)] 511390K->445918K(581632K), 0.0017664 secs] [Times: user=0.01 sys=0.00, real=0.01 secs] 
3082.172: [GC (Allocation Failure) [PSYoungGen: 67133K->1533K(67584K)] 511454K->445862K(581632K), 0.0017623 secs] [Times: user=0.00 sys=0.00, real=0.00 secs] 
3082.643: [GC (Allocation Failure) [PSYoungGen: 67069K->1632K(67584K)] 511398K->445960K(581632K), 0.0019649 secs] [Times: user=0.01 sys=0.00, real=0.00 secs] 
3083.298: [GC (Allocation Failure) [PSYoungGen: 67168K->1376K(67584K)] 511496K->445704K(581632K), 0.0021293 secs] [Times: user=0.01 sys=0.00, real=0.01 secs] 
3083.650: [GC (Allocation Failure) [PSYoungGen: 66912K->1376K(67584K)] 511240K->445704K(581632K), 0.0022983 secs] [Times: user=0.01 sys=0.00, real=0.00 secs] 
3083.972: [GC (Allocation Failure) [PSYoungGen: 66912K->1344K(67584K)] 511240K->445672K(581632K), 0.0022587 secs] [Times: user=0.01 sys=0.00, real=0.00 secs] 
3084.272: [GC (Allocation Failure) [PSYoungGen: 66880K->1376K(67584K)] 511208K->445704K(581632K), 0.0019978 secs] [Times: user=0.01 sys=0.00, real=0.00 secs] 
3084.666: [GC (Allocation Failure) [PSYoungGen: 66912K->1469K(67584K)] 511240K->445798K(581632K), 0.0018664 secs] [Times: user=0.01 sys=0.00, real=0.00 secs] 
3085.054: [GC (Allocation Failure) [PSYoungGen: 67004K->1501K(67584K)] 511333K->445830K(581632K), 0.0017970 secs] [Times: user=0.01 sys=0.00, real=0.00 secs] 
3085.448: [GC (Allocation Failure) [PSYoungGen: 67037K->1565K(67584K)] 511366K->445910K(581632K), 0.0017207 secs] [Times: user=0.01 sys=0.00, real=0.01 secs] 
3085.966: [GC (Allocation Failure) [PSYoungGen: 67101K->1552K(67584K)] 511446K->445896K(581632K), 0.0020318 secs] [Times: user=0.01 sys=0.00, real=0.00 secs] 
3086.553: [GC (Allocation Failure) [PSYoungGen: 67088K->1376K(67584K)] 511432K->445720K(581632K), 0.0029383 secs] [Times: user=0.01 sys=0.00, real=0.00 secs] 
3087.134: [GC (Allocation Failure) [PSYoungGen: 66912K->1376K(67584K)] 511256K->445720K(581632K), 0.0022869 secs] [Times: user=0.01 sys=0.00, real=0.00 secs] 
3087.683: [GC (Allocation Failure) [PSYoungGen: 66912K->1344K(67584K)] 511256K->445688K(581632K), 0.0023409 secs] [Times: user=0.01 sys=0.00, real=0.00 secs] 
3087.961: [GC (Allocation Failure) [PSYoungGen: 66880K->1344K(67584K)] 511224K->445688K(581632K), 0.0021699 secs] [Times: user=0.00 sys=0.00, real=0.00 secs] 
3088.481: [GC (Allocation Failure) [PSYoungGen: 66880K->1517K(67584K)] 511224K->445862K(581632K), 0.0017760 secs] [Times: user=0.00 sys=0.00, real=0.00 secs] 
3088.863: [GC (Allocation Failure) [PSYoungGen: 67044K->1549K(67584K)] 511389K->445894K(581632K), 0.0017324 secs] [Times: user=0.01 sys=0.00, real=0.00 secs] 
3089.307: [GC (Allocation Failure) [PSYoungGen: 67085K->1533K(67584K)] 511430K->445902K(581632K), 0.0017763 secs] [Times: user=0.01 sys=0.00, real=0.01 secs] 
3089.683: [GC (Allocation Failure) [PSYoungGen: 67069K->1504K(67584K)] 511438K->445872K(581632K), 0.0017247 secs] [Times: user=0.01 sys=0.00, real=0.00 secs] 
3090.265: [GC (Allocation Failure) [PSYoungGen: 67040K->1328K(67584K)] 511408K->445696K(581632K), 0.0034364 secs] [Times: user=0.01 sys=0.00, real=0.01 secs] 
3090.834: [GC (Allocation Failure) [PSYoungGen: 66864K->1376K(67584K)] 511232K->445744K(581632K), 0.0028607 secs] [Times: user=0.01 sys=0.00, real=0.00 secs] 
3091.312: [GC (Allocation Failure) [PSYoungGen: 66912K->1344K(67584K)] 511280K->445712K(581632K), 0.0021513 secs] [Times: user=0.01 sys=0.00, real=0.00 secs] 
3091.585: [GC (Allocation Failure) [PSYoungGen: 66880K->1344K(67584K)] 511248K->445712K(581632K), 0.0020281 secs] [Times: user=0.00 sys=0.01, real=0.00 secs] 
3091.965: [GC (Allocation Failure) [PSYoungGen: 66880K->1517K(67584K)] 511248K->445886K(581632K), 0.0017041 secs] [Times: user=0.01 sys=0.00, real=0.00 secs] 
3092.349: [GC (Allocation Failure) [PSYoungGen: 67053K->1581K(67584K)] 511422K->445950K(581632K), 0.0017562 secs] [Times: user=0.00 sys=0.01, real=0.00 secs] 
3092.736: [GC (Allocation Failure) [PSYoungGen: 67117K->1581K(67584K)] 511486K->445958K(581632K), 0.0017577 secs] [Times: user=0.01 sys=0.00, real=0.00 secs] 
3093.113: [GC (Allocation Failure) [PSYoungGen: 67117K->1536K(67584K)] 511494K->445912K(581632K), 0.0016518 secs] [Times: user=0.01 sys=0.00, real=0.00 secs] 
3094.792: [GC (Allocation Failure) [PSYoungGen: 67072K->1312K(67584K)] 511448K->445688K(581632K), 0.0044766 secs] [Times: user=0.02 sys=0.00, real=0.00 secs] 
3095.380: [GC (Allocation Failure) [PSYoungGen: 66848K->1376K(67584K)] 511224K->445752K(581632K), 0.0043801 secs] [Times: user=0.02 sys=0.00, real=0.00 secs] 
3095.992: [GC (Allocation Failure) [PSYoungGen: 66912K->1328K(67584K)] 511288K->445704K(581632K), 0.0036077 secs] [Times: user=0.02 sys=0.00, real=0.00 secs] 
3096.545: [GC (Allocation Failure) [PSYoungGen: 66864K->1376K(67584K)] 511240K->445752K(581632K), 0.0034055 secs] [Times: user=0.01 sys=0.00, real=0.00 secs] 
3097.113: [GC (Allocation Failure) [PSYoungGen: 66912K->1501K(67584K)] 511288K->445878K(581632K), 0.0017416 secs] [Times: user=0.01 sys=0.00, real=0.00 secs] 
3097.498: [GC (Allocation Failure) [PSYoungGen: 67032K->1581K(67584K)] 511409K->445958K(581632K), 0.0018047 secs] [Times: user=0.01 sys=0.00, real=0.01 secs] 
3097.943: [GC (Allocation Failure) [PSYoungGen: 67117K->1549K(67584K)] 511494K->445934K(581632K), 0.0019537 secs] [Times: user=0.00 sys=0.00, real=0.00 secs] 
3098.326: [GC (Allocation Failure) [PSYoungGen: 66936K->352K(67584K)] 511321K->444736K(581632K), 0.0017383 secs] [Times: user=0.01 sys=0.00, real=0.00 secs] 
3098.655: [GC (Allocation Failure) [PSYoungGen: 65888K->1376K(67584K)] 510272K->445760K(581632K), 0.0021388 secs] [Times: user=0.00 sys=0.00, real=0.00 secs] 
3099.026: [GC (Allocation Failure) [PSYoungGen: 66912K->1344K(67584K)] 511296K->445728K(581632K), 0.0022190 secs] [Times: user=0.01 sys=0.00, real=0.00 secs] 
3099.492: [GC (Allocation Failure) [PSYoungGen: 66880K->1344K(67584K)] 511264K->445728K(581632K), 0.0021412 secs] [Times: user=0.01 sys=0.00, real=0.00 secs] 
3100.246: [GC (Allocation Failure) [PSYoungGen: 66880K->1344K(67584K)] 511264K->445728K(581632K), 0.0028960 secs] [Times: user=0.01 sys=0.00, real=0.01 secs] 
3100.893: [GC (Allocation Failure) [PSYoungGen: 66880K->1501K(67584K)] 511264K->445910K(581632K), 0.0018516 secs] [Times: user=0.01 sys=0.00, real=0.00 secs] 
3101.275: [GC (Allocation Failure) [PSYoungGen: 67018K->1565K(67584K)] 511426K->445974K(581632K), 0.0017407 secs] [Times: user=0.01 sys=0.00, real=0.00 secs] 
3101.659: [GC (Allocation Failure) [PSYoungGen: 67101K->1549K(67584K)] 511510K->445966K(581632K), 0.0017534 secs] [Times: user=0.01 sys=0.00, real=0.00 secs] 
3102.043: [GC (Allocation Failure) [PSYoungGen: 67085K->1533K(67584K)] 511502K->445950K(581632K), 0.0017685 secs] [Times: user=0.00 sys=0.00, real=0.00 secs] 
3103.489: [GC (Allocation Failure) [PSYoungGen: 67069K->1408K(67584K)] 511486K->445824K(581632K), 0.0038185 secs] [Times: user=0.02 sys=0.00, real=0.00 secs] 
3103.834: [GC (Allocation Failure) [PSYoungGen: 66944K->1376K(67584K)] 511360K->445792K(581632K), 0.0021318 secs] [Times: user=0.01 sys=0.01, real=0.00 secs] 
3104.157: [GC (Allocation Failure) [PSYoungGen: 66912K->1376K(67584K)] 511328K->445792K(581632K), 0.0020705 secs] [Times: user=0.01 sys=0.00, real=0.01 secs] 
3104.483: [GC (Allocation Failure) [PSYoungGen: 66912K->1376K(67584K)] 511328K->445792K(581632K), 0.0022219 secs] [Times: user=0.01 sys=0.00, real=0.00 secs] 
3104.864: [GC (Allocation Failure) [PSYoungGen: 66912K->1533K(67584K)] 511328K->445950K(581632K), 0.0018076 secs] [Times: user=0.01 sys=0.00, real=0.00 secs] 
3105.251: [GC (Allocation Failure) [PSYoungGen: 67069K->1613K(67584K)] 511486K->446030K(581632K), 0.0017360 secs] [Times: user=0.00 sys=0.00, real=0.00 secs] 
3105.640: [GC (Allocation Failure) [PSYoungGen: 67149K->1597K(67584K)] 511566K->446022K(581632K), 0.0016966 secs] [Times: user=0.00 sys=0.00, real=0.00 secs] 
3106.028: [GC (Allocation Failure) [PSYoungGen: 67133K->1565K(67584K)] 511558K->445998K(581632K), 0.0019056 secs] [Times: user=0.01 sys=0.00, real=0.01 secs] 
3106.475: [GC (Allocation Failure) [PSYoungGen: 67101K->1408K(67584K)] 511534K->445840K(581632K), 0.0020148 secs] [Times: user=0.01 sys=0.00, real=0.00 secs] 
3106.748: [GC (Allocation Failure) [PSYoungGen: 66944K->1376K(67584K)] 511376K->445808K(581632K), 0.0019616 secs] [Times: user=0.01 sys=0.00, real=0.01 secs] 
3107.020: [GC (Allocation Failure) [PSYoungGen: 66912K->1376K(67584K)] 511344K->445808K(581632K), 0.0019251 secs] [Times: user=0.00 sys=0.00, real=0.00 secs] 
3107.341: [GC (Allocation Failure) [PSYoungGen: 66912K->1344K(67584K)] 511344K->445776K(581632K), 0.0021022 secs] [Times: user=0.01 sys=0.00, real=0.00 secs] 
3107.751: [GC (Allocation Failure) [PSYoungGen: 66880K->1533K(67584K)] 511312K->445966K(581632K), 0.0019342 secs] [Times: user=0.01 sys=0.00, real=0.00 secs] 
3108.135: [GC (Allocation Failure) [PSYoungGen: 67053K->1517K(67584K)] 511486K->445950K(581632K), 0.0017207 secs] [Times: user=0.01 sys=0.00, real=0.00 secs] 
3108.522: [GC (Allocation Failure) [PSYoungGen: 67053K->1565K(67584K)] 511486K->445998K(581632K), 0.0018646 secs] [Times: user=0.01 sys=0.00, real=0.00 secs] 
3108.908: [GC (Allocation Failure) [PSYoungGen: 67101K->1597K(67584K)] 511534K->446054K(581632K), 0.0017675 secs] [Times: user=0.00 sys=0.00, real=0.01 secs] 
3109.434: [GC (Allocation Failure) [PSYoungGen: 67133K->1376K(67584K)] 511590K->445832K(581632K), 0.0020730 secs] [Times: user=0.01 sys=0.00, real=0.00 secs] 
3109.707: [GC (Allocation Failure) [PSYoungGen: 66912K->1344K(67584K)] 511368K->445800K(581632K), 0.0020241 secs] [Times: user=0.00 sys=0.00, real=0.01 secs] 
3109.980: [GC (Allocation Failure) [PSYoungGen: 66880K->1344K(67584K)] 511336K->445800K(581632K), 0.0019251 secs] [Times: user=0.00 sys=0.00, real=0.00 secs] 
3110.252: [GC (Allocation Failure) [PSYoungGen: 66880K->1376K(67584K)] 511336K->445832K(581632K), 0.0020556 secs] [Times: user=0.01 sys=0.00, real=0.00 secs] 
3110.632: [GC (Allocation Failure) [PSYoungGen: 66912K->1469K(67584K)] 511368K->445926K(581632K), 0.0018645 secs] [Times: user=0.00 sys=0.00, real=0.00 secs] 
3111.018: [GC (Allocation Failure) [PSYoungGen: 67005K->1565K(67584K)] 511462K->446022K(581632K), 0.0017754 secs] [Times: user=0.01 sys=0.00, real=0.01 secs] 
3111.401: [GC (Allocation Failure) [PSYoungGen: 67074K->1517K(67584K)] 511531K->445974K(581632K), 0.0018437 secs] [Times: user=0.01 sys=0.00, real=0.00 secs] 
3111.785: [GC (Allocation Failure) [PSYoungGen: 67053K->1549K(67584K)] 511510K->446014K(581632K), 0.0017156 secs] [Times: user=0.01 sys=0.00, real=0.00 secs] 
3112.346: [GC (Allocation Failure) [PSYoungGen: 67085K->1392K(67584K)] 511550K->445856K(581632K), 0.0023520 secs] [Times: user=0.01 sys=0.00, real=0.00 secs] 
3112.905: [GC (Allocation Failure) [PSYoungGen: 66928K->1376K(67584K)] 511392K->445840K(581632K), 0.0022883 secs] [Times: user=0.01 sys=0.00, real=0.00 secs] 
3113.386: [GC (Allocation Failure) [PSYoungGen: 66912K->1360K(67584K)] 511376K->445824K(581632K), 0.0024410 secs] [Times: user=0.01 sys=0.00, real=0.00 secs] 
3113.924: [GC (Allocation Failure) [PSYoungGen: 66896K->1376K(67584K)] 511360K->445840K(581632K), 0.0021953 secs] [Times: user=0.01 sys=0.00, real=0.00 secs] 
3114.393: [GC (Allocation Failure) [PSYoungGen: 66912K->1520K(67584K)] 511376K->445984K(581632K), 0.0016960 secs] [Times: user=0.01 sys=0.00, real=0.00 secs] 
3114.777: [GC (Allocation Failure) [PSYoungGen: 67056K->1565K(67584K)] 511520K->446030K(581632K), 0.0017841 secs] [Times: user=0.01 sys=0.00, real=0.00 secs] 
3115.164: [GC (Allocation Failure) [PSYoungGen: 67101K->1533K(67584K)] 511566K->445998K(581632K), 0.0016810 secs] [Times: user=0.01 sys=0.00, real=0.00 secs] 
3115.615: [GC (Allocation Failure) [PSYoungGen: 67069K->1581K(67584K)] 511534K->446054K(581632K), 0.0018167 secs] [Times: user=0.01 sys=0.00, real=0.00 secs] 
3115.928: [GC (Allocation Failure) [PSYoungGen: 67117K->1408K(67584K)] 511590K->445880K(581632K), 0.0021683 secs] [Times: user=0.01 sys=0.00, real=0.01 secs] 
3116.201: [GC (Allocation Failure) [PSYoungGen: 66944K->1376K(67584K)] 511416K->445848K(581632K), 0.0021300 secs] [Times: user=0.01 sys=0.00, real=0.00 secs] 
3116.473: [GC (Allocation Failure) [PSYoungGen: 66912K->1376K(67584K)] 511384K->445848K(581632K), 0.0019625 secs] [Times: user=0.01 sys=0.00, real=0.00 secs] 
3116.746: [GC (Allocation Failure) [PSYoungGen: 66912K->1360K(67584K)] 511384K->445832K(581632K), 0.0020336 secs] [Times: user=0.01 sys=0.00, real=0.00 secs] 
3117.135: [GC (Allocation Failure) [PSYoungGen: 66896K->1549K(67584K)] 511368K->446022K(581632K), 0.0017501 secs] [Times: user=0.01 sys=0.00, real=0.00 secs] 
3117.520: [GC (Allocation Failure) [PSYoungGen: 67075K->1565K(67584K)] 511548K->446038K(581632K), 0.0017479 secs] [Times: user=0.01 sys=0.00, real=0.00 secs] 
3117.903: [GC (Allocation Failure) [PSYoungGen: 67101K->1565K(67584K)] 511574K->446038K(581632K), 0.0017311 secs] [Times: user=0.01 sys=0.00, real=0.00 secs] 
3118.287: [GC (Allocation Failure) [PSYoungGen: 67101K->1584K(67584K)] 511574K->446080K(581632K), 0.0017784 secs] [Times: user=0.01 sys=0.00, real=0.01 secs] 
3118.589: [GC (Allocation Failure) [PSYoungGen: 67120K->1376K(67584K)] 511616K->445872K(581632K), 0.0018793 secs] [Times: user=0.01 sys=0.00, real=0.00 secs] 
3118.861: [GC (Allocation Failure) [PSYoungGen: 66912K->1376K(67584K)] 511408K->445872K(581632K), 0.0018556 secs] [Times: user=0.01 sys=0.00, real=0.00 secs] 
3119.226: [GC (Allocation Failure) [PSYoungGen: 66912K->1344K(67584K)] 511408K->445840K(581632K), 0.0022247 secs] [Times: user=0.01 sys=0.00, real=0.00 secs] 
3119.725: [GC (Allocation Failure) [PSYoungGen: 66880K->1376K(67584K)] 511376K->445872K(581632K), 0.0020717 secs] [Times: user=0.01 sys=0.00, real=0.00 secs] 
3120.268: [GC (Allocation Failure) [PSYoungGen: 66912K->1533K(67584K)] 511408K->446030K(581632K), 0.0019587 secs] [Times: user=0.01 sys=0.00, real=0.01 secs] 
3120.655: [GC (Allocation Failure) [PSYoungGen: 67052K->1533K(67584K)] 511549K->446030K(581632K), 0.0018321 secs] [Times: user=0.01 sys=0.00, real=0.00 secs] 
3121.041: [GC (Allocation Failure) [PSYoungGen: 67069K->1533K(67584K)] 511566K->446030K(581632K), 0.0017301 secs] [Times: user=0.00 sys=0.00, real=0.00 secs] 
3121.426: [GC (Allocation Failure) [PSYoungGen: 67069K->1581K(67584K)] 511566K->446094K(581632K), 0.0017424 secs] [Times: user=0.01 sys=0.00, real=0.00 secs] 
3121.763: [GC (Allocation Failure) [PSYoungGen: 67117K->1376K(67584K)] 511630K->445888K(581632K), 0.0020820 secs] [Times: user=0.01 sys=0.00, real=0.00 secs] 
3122.036: [GC (Allocation Failure) [PSYoungGen: 66912K->1376K(67584K)] 511424K->445888K(581632K), 0.0020619 secs] [Times: user=0.01 sys=0.00, real=0.00 secs] 
3122.323: [GC (Allocation Failure) [PSYoungGen: 66912K->1344K(67584K)] 511424K->445856K(581632K), 0.0030447 secs] [Times: user=0.01 sys=0.00, real=0.00 secs] 
3122.866: [GC (Allocation Failure) [PSYoungGen: 66880K->1344K(67584K)] 511392K->445856K(581632K), 0.0029374 secs] [Times: user=0.01 sys=0.00, real=0.00 secs] 
3123.358: [GC (Allocation Failure) [PSYoungGen: 66880K->1501K(67584K)] 511392K->446014K(581632K), 0.0017027 secs] [Times: user=0.01 sys=0.00, real=0.01 secs] 
3123.742: [GC (Allocation Failure) [PSYoungGen: 67037K->1549K(67584K)] 511550K->446062K(581632K), 0.0018671 secs] [Times: user=0.00 sys=0.00, real=0.00 secs] 
3124.126: [GC (Allocation Failure) [PSYoungGen: 67085K->1533K(67584K)] 511598K->446046K(581632K), 0.0018447 secs] [Times: user=0.01 sys=0.00, real=0.00 secs] 
3124.510: [GC (Allocation Failure) [PSYoungGen: 67069K->1613K(67584K)] 511582K->446134K(581632K), 0.0017877 secs] [Times: user=0.00 sys=0.00, real=0.00 secs] 
3125.242: [GC (Allocation Failure) [PSYoungGen: 67149K->1376K(67584K)] 511670K->445896K(581632K), 0.0022844 secs] [Times: user=0.01 sys=0.00, real=0.00 secs] 
3125.945: [GC (Allocation Failure) [PSYoungGen: 66912K->1376K(67584K)] 511432K->445896K(581632K), 0.0034124 secs] [Times: user=0.01 sys=0.00, real=0.00 secs] 
3126.499: [GC (Allocation Failure) [PSYoungGen: 66912K->1408K(67584K)] 511432K->445928K(581632K), 0.0037936 secs] [Times: user=0.01 sys=0.00, real=0.00 secs] 
3127.107: [GC (Allocation Failure) [PSYoungGen: 66944K->1376K(67584K)] 511464K->445896K(581632K), 0.0034643 secs] [Times: user=0.02 sys=0.00, real=0.01 secs] 
3127.772: [GC (Allocation Failure) [PSYoungGen: 66912K->1469K(67584K)] 511432K->445990K(581632K), 0.0018953 secs] [Times: user=0.01 sys=0.00, real=0.00 secs] 
3128.216: [GC (Allocation Failure) [PSYoungGen: 67005K->1613K(67584K)] 511526K->446134K(581632K), 0.0018084 secs] [Times: user=0.00 sys=0.00, real=0.00 secs] 
3128.600: [GC (Allocation Failure) [PSYoungGen: 67149K->1613K(67584K)] 511670K->446134K(581632K), 0.0018078 secs] [Times: user=0.01 sys=0.00, real=0.00 secs] 
3129.038: [GC (Allocation Failure) [PSYoungGen: 67149K->1613K(67584K)] 511670K->446142K(581632K), 0.0017949 secs] [Times: user=0.01 sys=0.00, real=0.01 secs] 
3129.494: [GC (Allocation Failure) [PSYoungGen: 67149K->1408K(67584K)] 511678K->445936K(581632K), 0.0021653 secs] [Times: user=0.01 sys=0.00, real=0.00 secs] 
3129.767: [GC (Allocation Failure) [PSYoungGen: 66944K->1360K(67584K)] 511472K->445888K(581632K), 0.0021349 secs] [Times: user=0.01 sys=0.00, real=0.01 secs] 
3130.040: [GC (Allocation Failure) [PSYoungGen: 66896K->1344K(67584K)] 511424K->445880K(581632K), 0.0021790 secs] [Times: user=0.01 sys=0.00, real=0.00 secs] 
3130.312: [GC (Allocation Failure) [PSYoungGen: 66880K->1376K(67584K)] 511416K->445912K(581632K), 0.0019616 secs] [Times: user=0.01 sys=0.00, real=0.00 secs] 
3130.747: [GC (Allocation Failure) [PSYoungGen: 66912K->1517K(67584K)] 511448K->446054K(581632K), 0.0016866 secs] [Times: user=0.01 sys=0.00, real=0.00 secs] 
3131.131: [GC (Allocation Failure) [PSYoungGen: 67053K->1552K(67584K)] 511590K->446088K(581632K), 0.0018595 secs] [Times: user=0.01 sys=0.00, real=0.00 secs] 
3131.515: [GC (Allocation Failure) [PSYoungGen: 67088K->1597K(67584K)] 511624K->446134K(581632K), 0.0016298 secs] [Times: user=0.00 sys=0.00, real=0.00 secs] 
3131.900: [GC (Allocation Failure) [PSYoungGen: 67133K->1565K(67584K)] 511670K->446110K(581632K), 0.0017331 secs] [Times: user=0.01 sys=0.00, real=0.00 secs] 
3132.495: [GC (Allocation Failure) [PSYoungGen: 67101K->1392K(67584K)] 511646K->445936K(581632K), 0.0027695 secs] [Times: user=0.01 sys=0.00, real=0.00 secs] 
3133.024: [GC (Allocation Failure) [PSYoungGen: 66928K->1376K(67584K)] 511472K->445920K(581632K), 0.0030607 secs] [Times: user=0.01 sys=0.00, real=0.00 secs] 
3133.536: [GC (Allocation Failure) [PSYoungGen: 66912K->1376K(67584K)] 511456K->445920K(581632K), 0.0029243 secs] [Times: user=0.01 sys=0.00, real=0.01 secs] 
3133.878: [GC (Allocation Failure) [PSYoungGen: 66912K->1376K(67584K)] 511456K->445928K(581632K), 0.0022613 secs] [Times: user=0.01 sys=0.00, real=0.01 secs] 
3134.268: [GC (Allocation Failure) [PSYoungGen: 66912K->1520K(67584K)] 511464K->446072K(581632K), 0.0017073 secs] [Times: user=0.01 sys=0.00, real=0.01 secs] 
3134.652: [GC (Allocation Failure) [PSYoungGen: 67056K->1565K(67584K)] 511608K->446118K(581632K), 0.0017685 secs] [Times: user=0.00 sys=0.00, real=0.00 secs] 
3135.036: [GC (Allocation Failure) [PSYoungGen: 67101K->1613K(67584K)] 511654K->446166K(581632K), 0.0016801 secs] [Times: user=0.01 sys=0.00, real=0.00 secs] 
3135.422: [GC (Allocation Failure) [PSYoungGen: 67149K->1597K(67584K)] 511702K->446166K(581632K), 0.0017020 secs] [Times: user=0.00 sys=0.00, real=0.00 secs] 
3135.727: [GC (Allocation Failure) [PSYoungGen: 67133K->1408K(67584K)] 511702K->445976K(581632K), 0.0019189 secs] [Times: user=0.01 sys=0.00, real=0.01 secs] 
3135.999: [GC (Allocation Failure) [PSYoungGen: 66944K->1376K(67584K)] 511512K->445944K(581632K), 0.0018186 secs] [Times: user=0.01 sys=0.00, real=0.00 secs] 
3136.288: [GC (Allocation Failure) [PSYoungGen: 66912K->1408K(67584K)] 511480K->445976K(581632K), 0.0060016 secs] [Times: user=0.03 sys=0.00, real=0.01 secs] 
3136.564: [GC (Allocation Failure) [PSYoungGen: 66944K->1344K(67584K)] 511512K->445912K(581632K), 0.0021652 secs] [Times: user=0.01 sys=0.00, real=0.00 secs] 
3136.954: [GC (Allocation Failure) [PSYoungGen: 66880K->1520K(67072K)] 511448K->446088K(581120K), 0.0019528 secs] [Times: user=0.01 sys=0.00, real=0.00 secs] 
3137.339: [GC (Allocation Failure) [PSYoungGen: 67056K->1581K(67584K)] 511624K->446174K(581632K), 0.0021995 secs] [Times: user=0.00 sys=0.00, real=0.01 secs] 
3137.723: [GC (Allocation Failure) [PSYoungGen: 67117K->541K(66560K)] 511710K->446158K(580608K), 0.0016937 secs] [Times: user=0.00 sys=0.00, real=0.00 secs] 
3138.107: [GC (Allocation Failure) [PSYoungGen: 66077K->557K(66560K)] 511694K->446174K(580608K), 0.0019000 secs] [Times: user=0.01 sys=0.01, real=0.01 secs] 
3138.412: [GC (Allocation Failure) [PSYoungGen: 66093K->1440K(67072K)] 511710K->447056K(581120K), 0.0035946 secs] [Times: user=0.01 sys=0.00, real=0.00 secs] 
3138.686: [GC (Allocation Failure) [PSYoungGen: 66976K->1376K(67072K)] 512592K->446992K(581120K), 0.0021021 secs] [Times: user=0.00 sys=0.00, real=0.00 secs] 
3138.958: [GC (Allocation Failure) [PSYoungGen: 66912K->1376K(67072K)] 512528K->446992K(581120K), 0.0018470 secs] [Times: user=0.01 sys=0.00, real=0.01 secs] 
3139.230: [GC (Allocation Failure) [PSYoungGen: 66912K->1344K(67072K)] 512528K->446960K(581120K), 0.0019608 secs] [Times: user=0.01 sys=0.00, real=0.00 secs] 
3139.598: [GC (Allocation Failure) [PSYoungGen: 66880K->1456K(67072K)] 512496K->447072K(581120K), 0.0017070 secs] [Times: user=0.00 sys=0.00, real=0.01 secs] 
3139.981: [GC (Allocation Failure) [PSYoungGen: 66992K->1581K(67584K)] 512608K->447198K(581632K), 0.0018736 secs] [Times: user=0.00 sys=0.00, real=0.00 secs] 
3140.366: [GC (Allocation Failure) [PSYoungGen: 67117K->509K(66048K)] 512734K->447150K(580096K), 0.0017881 secs] [Times: user=0.01 sys=0.00, real=0.00 secs] 
3140.753: [GC (Allocation Failure) [PSYoungGen: 66045K->525K(67584K)] 512686K->447174K(581632K), 0.0018277 secs] [Times: user=0.01 sys=0.00, real=0.00 secs] 
3141.048: [GC (Allocation Failure) [PSYoungGen: 66061K->1376K(67072K)] 512710K->448024K(581120K), 0.0018299 secs] [Times: user=0.01 sys=0.00, real=0.01 secs] 
3141.320: [GC (Allocation Failure) [PSYoungGen: 66912K->1408K(67072K)] 513560K->448056K(581120K), 0.0019904 secs] [Times: user=0.01 sys=0.00, real=0.00 secs] 
3141.792: [GC (Allocation Failure) [PSYoungGen: 66944K->1376K(67072K)] 513592K->448024K(581120K), 0.0020275 secs] [Times: user=0.01 sys=0.00, real=0.00 secs] 
3142.277: [GC (Allocation Failure) [PSYoungGen: 66912K->1344K(67584K)] 513560K->447992K(581632K), 0.0020441 secs] [Times: user=0.01 sys=0.00, real=0.01 secs] 
3142.902: [GC (Allocation Failure) [PSYoungGen: 66880K->1517K(67584K)] 513528K->448166K(581632K), 0.0018796 secs] [Times: user=0.01 sys=0.00, real=0.00 secs] 
3143.287: [GC (Allocation Failure) [PSYoungGen: 67053K->1597K(67584K)] 513702K->448246K(581632K), 0.0017726 secs] [Times: user=0.01 sys=0.00, real=0.01 secs] 
3143.671: [GC (Allocation Failure) [PSYoungGen: 67133K->1565K(67584K)] 513782K->448214K(581632K), 0.0019034 secs] [Times: user=0.00 sys=0.00, real=0.00 secs] 
3144.055: [GC (Allocation Failure) [PSYoungGen: 67101K->1597K(67584K)] 513750K->448254K(581632K), 0.0017762 secs] [Times: user=0.01 sys=0.00, real=0.00 secs] 
3144.579: [GC (Allocation Failure) [PSYoungGen: 67133K->1408K(67072K)] 513790K->448064K(581120K), 0.0029646 secs] [Times: user=0.01 sys=0.00, real=0.00 secs] 
3145.029: [GC (Allocation Failure) [PSYoungGen: 66944K->1344K(67584K)] 513600K->448000K(581632K), 0.0023091 secs] [Times: user=0.01 sys=0.00, real=0.00 secs] 
3145.550: [GC (Allocation Failure) [PSYoungGen: 66880K->1376K(67584K)] 513536K->448032K(581632K), 0.0030152 secs] [Times: user=0.01 sys=0.00, real=0.00 secs] 
3146.087: [GC (Allocation Failure) [PSYoungGen: 66912K->1344K(67584K)] 513568K->448000K(581632K), 0.0030647 secs] [Times: user=0.02 sys=0.00, real=0.01 secs] 
3146.626: [GC (Allocation Failure) [PSYoungGen: 66880K->1520K(67584K)] 513536K->448177K(581632K), 0.0016537 secs] [Times: user=0.00 sys=0.00, real=0.00 secs] 
3147.013: [GC (Allocation Failure) [PSYoungGen: 67052K->1533K(67584K)] 513709K->448190K(581632K), 0.0018509 secs] [Times: user=0.01 sys=0.00, real=0.00 secs] 
3147.398: [GC (Allocation Failure) [PSYoungGen: 67069K->1597K(67584K)] 513726K->448254K(581632K), 0.0017691 secs] [Times: user=0.00 sys=0.00, real=0.01 secs] 
3147.844: [GC (Allocation Failure) [PSYoungGen: 67133K->1565K(67584K)] 513790K->448230K(581632K), 0.0019752 secs] [Times: user=0.01 sys=0.00, real=0.00 secs] 
3148.169: [GC (Allocation Failure) [PSYoungGen: 67101K->1376K(67584K)] 513766K->448040K(581632K), 0.0022872 secs] [Times: user=0.01 sys=0.00, real=0.00 secs] 
3148.443: [GC (Allocation Failure) [PSYoungGen: 66912K->1312K(67584K)] 513576K->447976K(581632K), 0.0024553 secs] [Times: user=0.01 sys=0.00, real=0.00 secs] 
3148.716: [GC (Allocation Failure) [PSYoungGen: 66848K->1344K(67584K)] 513512K->448008K(581632K), 0.0024256 secs] [Times: user=0.01 sys=0.00, real=0.01 secs] 
3148.989: [GC (Allocation Failure) [PSYoungGen: 66880K->1344K(67584K)] 513544K->448024K(581632K), 0.0022925 secs] [Times: user=0.01 sys=0.00, real=0.00 secs] 
3149.353: [GC (Allocation Failure) [PSYoungGen: 66880K->1520K(67584K)] 513560K->448201K(581632K), 0.0016881 secs] [Times: user=0.00 sys=0.00, real=0.00 secs] 
3149.737: [GC (Allocation Failure) [PSYoungGen: 67056K->1565K(67584K)] 513737K->448246K(581632K), 0.0017608 secs] [Times: user=0.01 sys=0.00, real=0.01 secs] 
3150.121: [GC (Allocation Failure) [PSYoungGen: 67101K->1533K(67584K)] 513782K->448214K(581632K), 0.0018438 secs] [Times: user=0.01 sys=0.00, real=0.00 secs] 
3150.507: [GC (Allocation Failure) [PSYoungGen: 67069K->1597K(67584K)] 513750K->448286K(581632K), 0.0017773 secs] [Times: user=0.01 sys=0.00, real=0.01 secs] 
3150.814: [GC (Allocation Failure) [PSYoungGen: 67133K->1376K(67584K)] 513822K->448064K(581632K), 0.0019470 secs] [Times: user=0.01 sys=0.00, real=0.00 secs] 
3151.086: [GC (Allocation Failure) [PSYoungGen: 66912K->1376K(67584K)] 513600K->448064K(581632K), 0.0018856 secs] [Times: user=0.01 sys=0.00, real=0.00 secs] 
3151.359: [GC (Allocation Failure) [PSYoungGen: 66912K->1376K(67584K)] 513600K->448064K(581632K), 0.0018364 secs] [Times: user=0.00 sys=0.00, real=0.00 secs] 
3151.631: [GC (Allocation Failure) [PSYoungGen: 66912K->1344K(67584K)] 513600K->448032K(581632K), 0.0023000 secs] [Times: user=0.01 sys=0.00, real=0.00 secs] 
3152.006: [GC (Allocation Failure) [PSYoungGen: 66880K->1488K(67584K)] 513568K->448177K(581632K), 0.0016450 secs] [Times: user=0.01 sys=0.00, real=0.00 secs] 
3152.390: [GC (Allocation Failure) [PSYoungGen: 67024K->1565K(67584K)] 513713K->448254K(581632K), 0.0019348 secs] [Times: user=0.01 sys=0.00, real=0.00 secs] 
3152.774: [GC (Allocation Failure) [PSYoungGen: 67101K->1613K(67584K)] 513790K->448302K(581632K), 0.0018953 secs] [Times: user=0.00 sys=0.00, real=0.00 secs] 
3153.158: [GC (Allocation Failure) [PSYoungGen: 67149K->1565K(67584K)] 513838K->448270K(581632K), 0.0017913 secs] [Times: user=0.01 sys=0.00, real=0.01 secs] 
3153.463: [GC (Allocation Failure) [PSYoungGen: 67101K->1408K(67584K)] 513806K->448112K(581632K), 0.0019662 secs] [Times: user=0.01 sys=0.00, real=0.00 secs] 
3153.736: [GC (Allocation Failure) [PSYoungGen: 66944K->1376K(67584K)] 513648K->448080K(581632K), 0.0018226 secs] [Times: user=0.01 sys=0.00, real=0.00 secs] 
3154.008: [GC (Allocation Failure) [PSYoungGen: 66912K->1392K(67584K)] 513616K->448096K(581632K), 0.0018558 secs] [Times: user=0.01 sys=0.00, real=0.01 secs] 
3154.280: [GC (Allocation Failure) [PSYoungGen: 66928K->1376K(67584K)] 513632K->448080K(581632K), 0.0019448 secs] [Times: user=0.01 sys=0.00, real=0.00 secs] 
3154.698: [GC (Allocation Failure) [PSYoungGen: 66912K->1533K(67584K)] 513616K->448238K(581632K), 0.0019204 secs] [Times: user=0.01 sys=0.00, real=0.01 secs] 
3155.081: [GC (Allocation Failure) [PSYoungGen: 67069K->1565K(67584K)] 513774K->448270K(581632K), 0.0018252 secs] [Times: user=0.01 sys=0.00, real=0.00 secs] 
3155.467: [GC (Allocation Failure) [PSYoungGen: 67101K->1565K(67584K)] 513806K->448270K(581632K), 0.0017976 secs] [Times: user=0.00 sys=0.00, real=0.00 secs] 
3155.853: [GC (Allocation Failure) [PSYoungGen: 67101K->1597K(67584K)] 513806K->448310K(581632K), 0.0017846 secs] [Times: user=0.01 sys=0.00, real=0.00 secs] 
3156.198: [GC (Allocation Failure) [PSYoungGen: 67133K->1392K(67584K)] 513846K->448104K(581632K), 0.0018743 secs] [Times: user=0.00 sys=0.00, real=0.01 secs] 
3156.542: [GC (Allocation Failure) [PSYoungGen: 66928K->1312K(67584K)] 513640K->448024K(581632K), 0.0020332 secs] [Times: user=0.01 sys=0.00, real=0.00 secs] 
3156.889: [GC (Allocation Failure) [PSYoungGen: 66848K->1376K(67584K)] 513560K->448088K(581632K), 0.0020659 secs] [Times: user=0.01 sys=0.00, real=0.00 secs] 
3157.165: [GC (Allocation Failure) [PSYoungGen: 66912K->1344K(67584K)] 513624K->448056K(581632K), 0.0022691 secs] [Times: user=0.01 sys=0.00, real=0.00 secs] 
3157.541: [GC (Allocation Failure) [PSYoungGen: 66880K->1501K(67584K)] 513592K->448238K(581632K), 0.0018571 secs] [Times: user=0.01 sys=0.00, real=0.00 secs] 
3157.926: [GC (Allocation Failure) [PSYoungGen: 67037K->1549K(67584K)] 513774K->448286K(581632K), 0.0017426 secs] [Times: user=0.01 sys=0.00, real=0.00 secs] 
3158.314: [GC (Allocation Failure) [PSYoungGen: 67085K->1597K(67584K)] 513822K->448334K(581632K), 0.0017512 secs] [Times: user=0.01 sys=0.00, real=0.00 secs] 
3158.698: [GC (Allocation Failure) [PSYoungGen: 67133K->1533K(67584K)] 513870K->448278K(581632K), 0.0017648 secs] [Times: user=0.00 sys=0.00, real=0.01 secs] 
3159.154: [GC (Allocation Failure) [PSYoungGen: 67069K->1408K(67584K)] 513814K->448152K(581632K), 0.0019433 secs] [Times: user=0.00 sys=0.00, real=0.00 secs] 
3159.677: [GC (Allocation Failure) [PSYoungGen: 66944K->1328K(67584K)] 513688K->448072K(581632K), 0.0028064 secs] [Times: user=0.02 sys=0.00, real=0.01 secs] 
3160.263: [GC (Allocation Failure) [PSYoungGen: 66864K->1328K(67584K)] 513608K->448072K(581632K), 0.0034984 secs] [Times: user=0.01 sys=0.00, real=0.00 secs] 
3160.863: [GC (Allocation Failure) [PSYoungGen: 66864K->1376K(67584K)] 513608K->448120K(581632K), 0.0030212 secs] [Times: user=0.01 sys=0.00, real=0.00 secs] 
3161.544: [GC (Allocation Failure) [PSYoungGen: 66912K->1485K(67584K)] 513656K->448230K(581632K), 0.0017080 secs] [Times: user=0.01 sys=0.00, real=0.00 secs] 
3161.925: [GC (Allocation Failure) [PSYoungGen: 67021K->1613K(67584K)] 513766K->448358K(581632K), 0.0017096 secs] [Times: user=0.01 sys=0.00, real=0.00 secs] 
3162.310: [GC (Allocation Failure) [PSYoungGen: 67149K->1533K(67584K)] 513894K->448278K(581632K), 0.0017628 secs] [Times: user=0.01 sys=0.00, real=0.00 secs] 
3162.696: [GC (Allocation Failure) [PSYoungGen: 67069K->1565K(67584K)] 513814K->448326K(581632K), 0.0017536 secs] [Times: user=0.01 sys=0.00, real=0.00 secs] 
3163.059: [GC (Allocation Failure) [PSYoungGen: 67101K->1408K(67584K)] 513862K->448168K(581632K), 0.0020496 secs] [Times: user=0.01 sys=0.00, real=0.00 secs] 
3163.332: [GC (Allocation Failure) [PSYoungGen: 66944K->1376K(67584K)] 513704K->448136K(581632K), 0.0020242 secs] [Times: user=0.01 sys=0.00, real=0.00 secs] 
3163.604: [GC (Allocation Failure) [PSYoungGen: 66912K->1376K(67584K)] 513672K->448136K(581632K), 0.0022222 secs] [Times: user=0.01 sys=0.00, real=0.00 secs] 
3163.877: [GC (Allocation Failure) [PSYoungGen: 66912K->1408K(67584K)] 513672K->448168K(581632K), 0.0023639 secs] [Times: user=0.01 sys=0.00, real=0.01 secs] 
3164.265: [GC (Allocation Failure) [PSYoungGen: 66944K->1517K(67584K)] 513704K->448278K(581632K), 0.0018236 secs] [Times: user=0.01 sys=0.00, real=0.00 secs] 
3164.648: [GC (Allocation Failure) [PSYoungGen: 67053K->1565K(67584K)] 513814K->448326K(581632K), 0.0017476 secs] [Times: user=0.01 sys=0.00, real=0.01 secs] 
3165.033: [GC (Allocation Failure) [PSYoungGen: 67101K->1597K(67584K)] 513862K->448358K(581632K), 0.0017937 secs] [Times: user=0.01 sys=0.00, real=0.00 secs] 
3165.418: [GC (Allocation Failure) [PSYoungGen: 67133K->1597K(67584K)] 513894K->448366K(581632K), 0.0017376 secs] [Times: user=0.01 sys=0.00, real=0.01 secs] 
3165.787: [GC (Allocation Failure) [PSYoungGen: 67133K->1408K(67584K)] 513902K->448176K(581632K), 0.0020494 secs] [Times: user=0.01 sys=0.00, real=0.01 secs] 
3166.060: [GC (Allocation Failure) [PSYoungGen: 66944K->1376K(67584K)] 513712K->448144K(581632K), 0.0019817 secs] [Times: user=0.01 sys=0.00, real=0.00 secs] 
3166.333: [GC (Allocation Failure) [PSYoungGen: 66912K->1376K(67584K)] 513680K->448144K(581632K), 0.0019922 secs] [Times: user=0.01 sys=0.00, real=0.00 secs] 
3166.605: [GC (Allocation Failure) [PSYoungGen: 66912K->1376K(67584K)] 513680K->448144K(581632K), 0.0019277 secs] [Times: user=0.01 sys=0.00, real=0.00 secs] 
3166.968: [GC (Allocation Failure) [PSYoungGen: 66912K->1552K(67584K)] 513680K->448321K(581632K), 0.0018343 secs] [Times: user=0.00 sys=0.00, real=0.01 secs] 
3167.362: [GC (Allocation Failure) [PSYoungGen: 67088K->1616K(67584K)] 513857K->448385K(581632K), 0.0017350 secs] [Times: user=0.01 sys=0.00, real=0.00 secs] 
3167.746: [GC (Allocation Failure) [PSYoungGen: 67152K->1549K(67584K)] 513921K->448342K(581632K), 0.0018570 secs] [Times: user=0.00 sys=0.00, real=0.00 secs] 
3168.130: [GC (Allocation Failure) [PSYoungGen: 67085K->1597K(67584K)] 513878K->448398K(581632K), 0.0017511 secs] [Times: user=0.01 sys=0.00, real=0.00 secs] 
3169.115: [GC (Allocation Failure) [PSYoungGen: 67133K->1408K(67584K)] 513934K->448208K(581632K), 0.0037050 secs] [Times: user=0.01 sys=0.00, real=0.00 secs] 
3169.688: [GC (Allocation Failure) [PSYoungGen: 66944K->1376K(67584K)] 513744K->448176K(581632K), 0.0035026 secs] [Times: user=0.01 sys=0.00, real=0.01 secs] 
3170.437: [GC (Allocation Failure) [PSYoungGen: 66912K->1408K(67584K)] 513712K->448208K(581632K), 0.0030588 secs] [Times: user=0.01 sys=0.00, real=0.01 secs] 
3171.169: [GC (Allocation Failure) [PSYoungGen: 66944K->1344K(67584K)] 513744K->448144K(581632K), 0.0034113 secs] [Times: user=0.01 sys=0.00, real=0.00 secs] 
3171.872: [GC (Allocation Failure) [PSYoungGen: 66880K->1488K(67584K)] 513680K->448289K(581632K), 0.0017913 secs] [Times: user=0.00 sys=0.00, real=0.00 secs] 
3172.256: [GC (Allocation Failure) [PSYoungGen: 67024K->1597K(67584K)] 513825K->448398K(581632K), 0.0017402 secs] [Times: user=0.01 sys=0.00, real=0.00 secs] 
3172.640: [GC (Allocation Failure) [PSYoungGen: 67133K->1613K(67584K)] 513934K->448414K(581632K), 0.0018657 secs] [Times: user=0.01 sys=0.00, real=0.00 secs] 
3173.025: [GC (Allocation Failure) [PSYoungGen: 67149K->1565K(67584K)] 513950K->448374K(581632K), 0.0017836 secs] [Times: user=0.01 sys=0.00, real=0.00 secs] 
3173.474: [GC (Allocation Failure) [PSYoungGen: 67101K->1408K(67584K)] 513910K->448216K(581632K), 0.0019878 secs] [Times: user=0.01 sys=0.00, real=0.00 secs] 
3173.746: [GC (Allocation Failure) [PSYoungGen: 66944K->1376K(67584K)] 513752K->448184K(581632K), 0.0021621 secs] [Times: user=0.01 sys=0.00, real=0.00 secs] 
3174.019: [GC (Allocation Failure) [PSYoungGen: 66912K->1408K(67584K)] 513720K->448216K(581632K), 0.0021721 secs] [Times: user=0.01 sys=0.00, real=0.00 secs] 
3174.292: [GC (Allocation Failure) [PSYoungGen: 66944K->1360K(67584K)] 513752K->448168K(581632K), 0.0021854 secs] [Times: user=0.01 sys=0.00, real=0.00 secs] 
3174.706: [GC (Allocation Failure) [PSYoungGen: 66896K->1485K(67584K)] 513704K->448294K(581632K), 0.0018007 secs] [Times: user=0.00 sys=0.00, real=0.00 secs] 
3175.091: [GC (Allocation Failure) [PSYoungGen: 67021K->1581K(67584K)] 513830K->448390K(581632K), 0.0018318 secs] [Times: user=0.01 sys=0.00, real=0.00 secs] 
3175.538: [GC (Allocation Failure) [PSYoungGen: 67117K->1565K(67584K)] 513926K->448374K(581632K), 0.0017957 secs] [Times: user=0.01 sys=0.00, real=0.01 secs] 
3175.982: [GC (Allocation Failure) [PSYoungGen: 67101K->1533K(67584K)] 513910K->448350K(581632K), 0.0017531 secs] [Times: user=0.01 sys=0.00, real=0.00 secs] 
3177.061: [GC (Allocation Failure) [PSYoungGen: 67069K->1440K(67584K)] 513886K->448256K(581632K), 0.0038911 secs] [Times: user=0.01 sys=0.00, real=0.00 secs] 
3177.828: [GC (Allocation Failure) [PSYoungGen: 66976K->1408K(67584K)] 513792K->448224K(581632K), 0.0049985 secs] [Times: user=0.02 sys=0.00, real=0.01 secs] 
3178.617: [GC (Allocation Failure) [PSYoungGen: 66944K->1376K(67584K)] 513760K->448192K(581632K), 0.0026440 secs] [Times: user=0.01 sys=0.00, real=0.01 secs] 
3179.322: [GC (Allocation Failure) [PSYoungGen: 66912K->1376K(67584K)] 513728K->448192K(581632K), 0.0029389 secs] [Times: user=0.01 sys=0.00, real=0.00 secs] 
3179.888: [GC (Allocation Failure) [PSYoungGen: 66912K->1501K(67584K)] 513728K->448318K(581632K), 0.0018418 secs] [Times: user=0.01 sys=0.00, real=0.01 secs] 
3180.272: [GC (Allocation Failure) [PSYoungGen: 67007K->1549K(67584K)] 513824K->448382K(581632K), 0.0017394 secs] [Times: user=0.01 sys=0.00, real=0.00 secs] 
3180.656: [GC (Allocation Failure) [PSYoungGen: 67085K->1533K(67584K)] 513918K->448366K(581632K), 0.0023280 secs] [Times: user=0.00 sys=0.00, real=0.01 secs] 
3181.045: [GC (Allocation Failure) [PSYoungGen: 67069K->1597K(67584K)] 513902K->448438K(581632K), 0.0017717 secs] [Times: user=0.01 sys=0.00, real=0.00 secs] 
3182.090: [GC (Allocation Failure) [PSYoungGen: 67133K->1344K(67584K)] 513974K->448184K(581632K), 0.0029423 secs] [Times: user=0.02 sys=0.00, real=0.00 secs] 
3182.585: [GC (Allocation Failure) [PSYoungGen: 66880K->1376K(67584K)] 513720K->448216K(581632K), 0.0023514 secs] [Times: user=0.01 sys=0.00, real=0.00 secs] 
3183.068: [GC (Allocation Failure) [PSYoungGen: 66912K->1376K(67584K)] 513752K->448216K(581632K), 0.0037488 secs] [Times: user=0.01 sys=0.01, real=0.01 secs] 
3183.614: [GC (Allocation Failure) [PSYoungGen: 66912K->1376K(67584K)] 513752K->448216K(581632K), 0.0034654 secs] [Times: user=0.01 sys=0.00, real=0.00 secs] 
3184.221: [GC (Allocation Failure) [PSYoungGen: 66912K->1533K(67584K)] 513752K->448374K(581632K), 0.0018181 secs] [Times: user=0.01 sys=0.00, real=0.00 secs] 
3184.607: [GC (Allocation Failure) [PSYoungGen: 67069K->1501K(67584K)] 513910K->448342K(581632K), 0.0017757 secs] [Times: user=0.01 sys=0.00, real=0.01 secs] 
3184.991: [GC (Allocation Failure) [PSYoungGen: 67037K->1565K(67584K)] 513878K->448406K(581632K), 0.0017300 secs] [Times: user=0.01 sys=0.00, real=0.00 secs] 
3185.431: [GC (Allocation Failure) [PSYoungGen: 67101K->1581K(67584K)] 513942K->448430K(581632K), 0.0018127 secs] [Times: user=0.01 sys=0.00, real=0.00 secs] 
3185.774: [GC (Allocation Failure) [PSYoungGen: 67117K->1408K(67584K)] 513966K->448256K(581632K), 0.0028989 secs] [Times: user=0.01 sys=0.00, real=0.00 secs] 
3186.047: [GC (Allocation Failure) [PSYoungGen: 66944K->1408K(67584K)] 513792K->448256K(581632K), 0.0022986 secs] [Times: user=0.01 sys=0.00, real=0.01 secs] 
3186.320: [GC (Allocation Failure) [PSYoungGen: 66944K->1376K(67584K)] 513792K->448224K(581632K), 0.0020591 secs] [Times: user=0.01 sys=0.00, real=0.00 secs] 
3186.592: [GC (Allocation Failure) [PSYoungGen: 66912K->1376K(67584K)] 513760K->448224K(581632K), 0.0020816 secs] [Times: user=0.01 sys=0.00, real=0.00 secs] 
3186.983: [GC (Allocation Failure) [PSYoungGen: 66912K->1520K(67584K)] 513760K->448369K(581632K), 0.0016689 secs] [Times: user=0.01 sys=0.00, real=0.00 secs] 
3187.368: [GC (Allocation Failure) [PSYoungGen: 67056K->1533K(67584K)] 513905K->448382K(581632K), 0.0017891 secs] [Times: user=0.00 sys=0.00, real=0.01 secs] 
3187.763: [GC (Allocation Failure) [PSYoungGen: 67069K->1565K(67584K)] 513918K->448414K(581632K), 0.0017363 secs] [Times: user=0.01 sys=0.00, real=0.00 secs] 
3188.148: [GC (Allocation Failure) [PSYoungGen: 67101K->1597K(67584K)] 513950K->448454K(581632K), 0.0018703 secs] [Times: user=0.01 sys=0.00, real=0.01 secs] 
3188.519: [GC (Allocation Failure) [PSYoungGen: 67133K->1376K(67584K)] 513990K->448248K(581632K), 0.0020627 secs] [Times: user=0.01 sys=0.00, real=0.00 secs] 
3188.792: [GC (Allocation Failure) [PSYoungGen: 66912K->1408K(67584K)] 513784K->448280K(581632K), 0.0019941 secs] [Times: user=0.01 sys=0.00, real=0.00 secs] 
3189.187: [GC (Allocation Failure) [PSYoungGen: 66944K->1312K(67584K)] 513816K->448184K(581632K), 0.0020864 secs] [Times: user=0.01 sys=0.00, real=0.01 secs] 
3189.476: [GC (Allocation Failure) [PSYoungGen: 66848K->1344K(67584K)] 513720K->448216K(581632K), 0.0020373 secs] [Times: user=0.01 sys=0.01, real=0.00 secs] 
3189.869: [GC (Allocation Failure) [PSYoungGen: 66880K->1469K(67584K)] 513752K->448342K(581632K), 0.0017042 secs] [Times: user=0.00 sys=0.00, real=0.01 secs] 
3190.254: [GC (Allocation Failure) [PSYoungGen: 67005K->1597K(67584K)] 513878K->448470K(581632K), 0.0017615 secs] [Times: user=0.01 sys=0.00, real=0.00 secs] 
3190.638: [GC (Allocation Failure) [PSYoungGen: 67133K->1533K(67584K)] 514006K->448406K(581632K), 0.0017404 secs] [Times: user=0.01 sys=0.00, real=0.01 secs] 
3191.024: [GC (Allocation Failure) [PSYoungGen: 67069K->1565K(67584K)] 513942K->448446K(581632K), 0.0018770 secs] [Times: user=0.00 sys=0.00, real=0.00 secs] 
3193.494: [GC (Allocation Failure) [PSYoungGen: 67101K->1392K(67584K)] 513982K->448272K(581632K), 0.0046559 secs] [Times: user=0.02 sys=0.00, real=0.01 secs] 
3194.676: [GC (Allocation Failure) [PSYoungGen: 66928K->1344K(67584K)] 513808K->448224K(581632K), 0.0044903 secs] [Times: user=0.02 sys=0.00, real=0.01 secs] 
3195.301: [GC (Allocation Failure) [PSYoungGen: 66880K->1376K(67584K)] 513760K->448256K(581632K), 0.0023444 secs] [Times: user=0.01 sys=0.00, real=0.00 secs] 
3195.565: [GC (Allocation Failure) [PSYoungGen: 66912K->1376K(67584K)] 513792K->448256K(581632K), 0.0020809 secs] [Times: user=0.01 sys=0.00, real=0.00 secs] 
3195.923: [GC (Allocation Failure) [PSYoungGen: 66912K->1552K(67584K)] 513792K->448433K(581632K), 0.0018634 secs] [Times: user=0.01 sys=0.00, real=0.00 secs] 
3196.310: [GC (Allocation Failure) [PSYoungGen: 67088K->1597K(67584K)] 513969K->448478K(581632K), 0.0016754 secs] [Times: user=0.01 sys=0.00, real=0.00 secs] 
3196.697: [GC (Allocation Failure) [PSYoungGen: 67133K->1565K(67584K)] 514014K->448446K(581632K), 0.0017987 secs] [Times: user=0.01 sys=0.00, real=0.01 secs] 
3197.082: [GC (Allocation Failure) [PSYoungGen: 67101K->1517K(67584K)] 513982K->448406K(581632K), 0.0017458 secs] [Times: user=0.01 sys=0.00, real=0.00 secs] 
3197.619: [GC (Allocation Failure) [PSYoungGen: 67053K->1376K(67584K)] 513942K->448264K(581632K), 0.0022173 secs] [Times: user=0.01 sys=0.00, real=0.00 secs] 
3198.126: [GC (Allocation Failure) [PSYoungGen: 66912K->1376K(67584K)] 513800K->448264K(581632K), 0.0028498 secs] [Times: user=0.02 sys=0.00, real=0.00 secs] 
3198.624: [GC (Allocation Failure) [PSYoungGen: 66912K->1376K(67584K)] 513800K->448264K(581632K), 0.0026736 secs] [Times: user=0.02 sys=0.00, real=0.00 secs] 
3198.892: [GC (Allocation Failure) [PSYoungGen: 66912K->1376K(67584K)] 513800K->448264K(581632K), 0.0021438 secs] [Times: user=0.01 sys=0.00, real=0.00 secs] 
3199.265: [GC (Allocation Failure) [PSYoungGen: 66912K->1485K(67584K)] 513800K->448374K(581632K), 0.0016437 secs] [Times: user=0.00 sys=0.00, real=0.00 secs] 
3199.649: [GC (Allocation Failure) [PSYoungGen: 67021K->1565K(67584K)] 513910K->448454K(581632K), 0.0017735 secs] [Times: user=0.01 sys=0.00, real=0.00 secs] 
3200.035: [GC (Allocation Failure) [PSYoungGen: 67101K->1597K(67584K)] 513990K->448486K(581632K), 0.0017843 secs] [Times: user=0.00 sys=0.00, real=0.00 secs] 
3200.420: [GC (Allocation Failure) [PSYoungGen: 67133K->1533K(67584K)] 514022K->448446K(581632K), 0.0018846 secs] [Times: user=0.01 sys=0.00, real=0.00 secs] 
3200.946: [GC (Allocation Failure) [PSYoungGen: 67069K->1440K(67584K)] 513982K->448352K(581632K), 0.0020510 secs] [Times: user=0.01 sys=0.00, real=0.00 secs] 
3201.537: [GC (Allocation Failure) [PSYoungGen: 66976K->1312K(67584K)] 513888K->448224K(581632K), 0.0021607 secs] [Times: user=0.01 sys=0.00, real=0.01 secs] 
3202.082: [GC (Allocation Failure) [PSYoungGen: 66848K->1376K(67584K)] 513760K->448288K(581632K), 0.0022953 secs] [Times: user=0.00 sys=0.00, real=0.00 secs] 
3202.624: [GC (Allocation Failure) [PSYoungGen: 66912K->1408K(67584K)] 513824K->448320K(581632K), 0.0022709 secs] [Times: user=0.00 sys=0.00, real=0.00 secs] 
3203.213: [GC (Allocation Failure) [PSYoungGen: 66944K->1504K(67584K)] 513856K->448417K(581632K), 0.0016907 secs] [Times: user=0.01 sys=0.00, real=0.00 secs] 
3203.598: [GC (Allocation Failure) [PSYoungGen: 67040K->1565K(67584K)] 513953K->448478K(581632K), 0.0017678 secs] [Times: user=0.01 sys=0.01, real=0.01 secs] 
3203.982: [GC (Allocation Failure) [PSYoungGen: 67101K->1597K(67584K)] 514014K->448510K(581632K), 0.0017778 secs] [Times: user=0.01 sys=0.00, real=0.00 secs] 
3204.367: [GC (Allocation Failure) [PSYoungGen: 67133K->1597K(67584K)] 514046K->448518K(581632K), 0.0017604 secs] [Times: user=0.01 sys=0.00, real=0.00 secs] 
3204.859: [GC (Allocation Failure) [PSYoungGen: 67133K->1408K(67584K)] 514054K->448328K(581632K), 0.0020465 secs] [Times: user=0.01 sys=0.00, real=0.00 secs] 
3205.415: [GC (Allocation Failure) [PSYoungGen: 66944K->1360K(67584K)] 513864K->448280K(581632K), 0.0019865 secs] [Times: user=0.01 sys=0.00, real=0.00 secs] 
3206.026: [GC (Allocation Failure) [PSYoungGen: 66896K->1376K(67584K)] 513816K->448296K(581632K), 0.0022643 secs] [Times: user=0.01 sys=0.00, real=0.00 secs] 
3206.565: [GC (Allocation Failure) [PSYoungGen: 66912K->1360K(67584K)] 513832K->448280K(581632K), 0.0021539 secs] [Times: user=0.01 sys=0.00, real=0.00 secs] 
3207.080: [GC (Allocation Failure) [PSYoungGen: 66896K->1552K(67584K)] 513816K->448473K(581632K), 0.0017302 secs] [Times: user=0.01 sys=0.00, real=0.00 secs] 
3207.523: [GC (Allocation Failure) [PSYoungGen: 67088K->1565K(67584K)] 514009K->448486K(581632K), 0.0017979 secs] [Times: user=0.01 sys=0.00, real=0.00 secs] 
3207.960: [GC (Allocation Failure) [PSYoungGen: 67073K->1581K(67584K)] 513994K->448502K(581632K), 0.0019457 secs] [Times: user=0.01 sys=0.00, real=0.00 secs] 
3208.415: [GC (Allocation Failure) [PSYoungGen: 67117K->1533K(67584K)] 514038K->448462K(581632K), 0.0018059 secs] [Times: user=0.01 sys=0.00, real=0.00 secs] 
3208.844: [GC (Allocation Failure) [PSYoungGen: 67069K->1440K(67584K)] 513998K->448368K(581632K), 0.0029473 secs] [Times: user=0.02 sys=0.00, real=0.00 secs] 
3209.188: [GC (Allocation Failure) [PSYoungGen: 66976K->1376K(67584K)] 513904K->448304K(581632K), 0.0022650 secs] [Times: user=0.01 sys=0.00, real=0.01 secs] 
3209.477: [GC (Allocation Failure) [PSYoungGen: 66912K->1312K(67584K)] 513840K->448256K(581632K), 0.0021894 secs] [Times: user=0.01 sys=0.00, real=0.01 secs] 
3209.750: [GC (Allocation Failure) [PSYoungGen: 66848K->1328K(67584K)] 513792K->448272K(581632K), 0.0021459 secs] [Times: user=0.01 sys=0.00, real=0.00 secs] 
3210.154: [GC (Allocation Failure) [PSYoungGen: 66864K->1469K(67584K)] 513808K->448414K(581632K), 0.0016457 secs] [Times: user=0.01 sys=0.00, real=0.00 secs] 
3210.538: [GC (Allocation Failure) [PSYoungGen: 67005K->1533K(67584K)] 513950K->448478K(581632K), 0.0018162 secs] [Times: user=0.01 sys=0.00, real=0.01 secs] 
3210.924: [GC (Allocation Failure) [PSYoungGen: 67069K->1533K(67584K)] 514014K->448478K(581632K), 0.0017558 secs] [Times: user=0.01 sys=0.00, real=0.00 secs] 
3211.313: [GC (Allocation Failure) [PSYoungGen: 67069K->1501K(67584K)] 514014K->448462K(581632K), 0.0017154 secs] [Times: user=0.01 sys=0.00, real=0.00 secs] 
3212.363: [GC (Allocation Failure) [PSYoungGen: 67037K->1392K(67584K)] 513998K->448360K(581632K), 0.0039985 secs] [Times: user=0.02 sys=0.00, real=0.00 secs] 
3212.987: [GC (Allocation Failure) [PSYoungGen: 66928K->1376K(67584K)] 513896K->448344K(581632K), 0.0029913 secs] [Times: user=0.02 sys=0.00, real=0.01 secs] 
3213.364: [GC (Allocation Failure) [PSYoungGen: 66912K->1360K(67584K)] 513880K->448328K(581632K), 0.0022182 secs] [Times: user=0.01 sys=0.01, real=0.00 secs] 
3213.678: [GC (Allocation Failure) [PSYoungGen: 66896K->1376K(67584K)] 513864K->448344K(581632K), 0.0018203 secs] [Times: user=0.01 sys=0.00, real=0.01 secs] 
3214.067: [GC (Allocation Failure) [PSYoungGen: 66912K->1485K(67584K)] 513880K->448454K(581632K), 0.0016919 secs] [Times: user=0.00 sys=0.00, real=0.00 secs] 
3214.514: [GC (Allocation Failure) [PSYoungGen: 67021K->1597K(67584K)] 513990K->448566K(581632K), 0.0017946 secs] [Times: user=0.01 sys=0.00, real=0.00 secs] 
3214.899: [GC (Allocation Failure) [PSYoungGen: 67133K->1581K(67584K)] 514102K->448550K(581632K), 0.0017823 secs] [Times: user=0.01 sys=0.00, real=0.01 secs] 
3215.282: [GC (Allocation Failure) [PSYoungGen: 67117K->1613K(67584K)] 514086K->448590K(581632K), 0.0017654 secs] [Times: user=0.01 sys=0.00, real=0.00 secs] 
3215.619: [GC (Allocation Failure) [PSYoungGen: 67149K->1408K(67584K)] 514126K->448384K(581632K), 0.0024476 secs] [Times: user=0.01 sys=0.00, real=0.00 secs] 
3215.911: [GC (Allocation Failure) [PSYoungGen: 66944K->1376K(67584K)] 513920K->448352K(581632K), 0.0022116 secs] [Times: user=0.01 sys=0.00, real=0.00 secs] 
3216.269: [GC (Allocation Failure) [PSYoungGen: 66912K->1344K(67584K)] 513888K->448320K(581632K), 0.0022255 secs] [Times: user=0.01 sys=0.00, real=0.01 secs] 
3216.541: [GC (Allocation Failure) [PSYoungGen: 66880K->1360K(67584K)] 513856K->448336K(581632K), 0.0021781 secs] [Times: user=0.01 sys=0.00, real=0.00 secs] 
3216.915: [GC (Allocation Failure) [PSYoungGen: 66896K->1504K(67584K)] 513872K->448481K(581632K), 0.0016657 secs] [Times: user=0.01 sys=0.00, real=0.00 secs] 
3217.358: [GC (Allocation Failure) [PSYoungGen: 67040K->1581K(67584K)] 514017K->448558K(581632K), 0.0017544 secs] [Times: user=0.01 sys=0.00, real=0.01 secs] 
3217.746: [GC (Allocation Failure) [PSYoungGen: 67117K->1565K(67584K)] 514094K->448542K(581632K), 0.0017831 secs] [Times: user=0.00 sys=0.01, real=0.00 secs] 
3218.192: [GC (Allocation Failure) [PSYoungGen: 67101K->1613K(67584K)] 514078K->448614K(581632K), 0.0018131 secs] [Times: user=0.01 sys=0.00, real=0.00 secs] 
3218.941: [GC (Allocation Failure) [PSYoungGen: 67149K->1376K(67584K)] 514150K->448376K(581632K), 0.0031414 secs] [Times: user=0.02 sys=0.00, real=0.00 secs] 
3219.863: [GC (Allocation Failure) [PSYoungGen: 66912K->1344K(67584K)] 513912K->448344K(581632K), 0.0028988 secs] [Times: user=0.01 sys=0.00, real=0.00 secs] 
3220.648: [GC (Allocation Failure) [PSYoungGen: 66880K->1344K(67584K)] 513880K->448344K(581632K), 0.0031017 secs] [Times: user=0.01 sys=0.00, real=0.01 secs] 
3221.286: [GC (Allocation Failure) [PSYoungGen: 66880K->1376K(67584K)] 513880K->448376K(581632K), 0.0034729 secs] [Times: user=0.01 sys=0.00, real=0.01 secs] 
3221.904: [GC (Allocation Failure) [PSYoungGen: 66912K->1533K(67584K)] 513912K->448534K(581632K), 0.0017897 secs] [Times: user=0.01 sys=0.00, real=0.00 secs] 
3222.289: [GC (Allocation Failure) [PSYoungGen: 67069K->1613K(67584K)] 514070K->448614K(581632K), 0.0017475 secs] [Times: user=0.00 sys=0.00, real=0.00 secs] 
3222.673: [GC (Allocation Failure) [PSYoungGen: 67123K->1549K(67584K)] 514124K->448550K(581632K), 0.0019069 secs] [Times: user=0.00 sys=0.00, real=0.00 secs] 
3223.058: [GC (Allocation Failure) [PSYoungGen: 67085K->1581K(67584K)] 514086K->448590K(581632K), 0.0017470 secs] [Times: user=0.01 sys=0.00, real=0.01 secs] 
3223.430: [GC (Allocation Failure) [PSYoungGen: 67117K->1392K(67584K)] 514126K->448400K(581632K), 0.0019439 secs] [Times: user=0.01 sys=0.00, real=0.00 secs] 
3223.880: [GC (Allocation Failure) [PSYoungGen: 66928K->1376K(67584K)] 513936K->448384K(581632K), 0.0020530 secs] [Times: user=0.01 sys=0.01, real=0.00 secs] 
3224.392: [GC (Allocation Failure) [PSYoungGen: 66912K->1328K(67584K)] 513920K->448336K(581632K), 0.0033886 secs] [Times: user=0.01 sys=0.00, real=0.00 secs] 
3224.981: [GC (Allocation Failure) [PSYoungGen: 66864K->1344K(67584K)] 513872K->448352K(581632K), 0.0028485 secs] [Times: user=0.01 sys=0.00, real=0.00 secs] 
3225.523: [GC (Allocation Failure) [PSYoungGen: 66880K->1469K(67584K)] 513888K->448478K(581632K), 0.0016967 secs] [Times: user=0.01 sys=0.00, real=0.00 secs] 
3225.906: [GC (Allocation Failure) [PSYoungGen: 67005K->1549K(67584K)] 514014K->448558K(581632K), 0.0017533 secs] [Times: user=0.00 sys=0.00, real=0.00 secs] 
3226.292: [GC (Allocation Failure) [PSYoungGen: 67085K->1613K(67584K)] 514094K->448622K(581632K), 0.0018437 secs] [Times: user=0.01 sys=0.00, real=0.00 secs] 
3226.678: [GC (Allocation Failure) [PSYoungGen: 67149K->1536K(67584K)] 514158K->448553K(581632K), 0.0017526 secs] [Times: user=0.00 sys=0.00, real=0.01 secs] 
3227.047: [GC (Allocation Failure) [PSYoungGen: 67072K->1424K(67584K)] 514089K->448440K(581632K), 0.0020214 secs] [Times: user=0.01 sys=0.00, real=0.01 secs] 
3227.404: [GC (Allocation Failure) [PSYoungGen: 66960K->1376K(67584K)] 513976K->448392K(581632K), 0.0018964 secs] [Times: user=0.01 sys=0.00, real=0.00 secs] 
3227.677: [GC (Allocation Failure) [PSYoungGen: 66912K->1376K(67584K)] 513928K->448392K(581632K), 0.0019982 secs] [Times: user=0.01 sys=0.00, real=0.00 secs] 
3227.952: [GC (Allocation Failure) [PSYoungGen: 66912K->1376K(67584K)] 513928K->448392K(581632K), 0.0019504 secs] [Times: user=0.00 sys=0.00, real=0.00 secs] 
3228.327: [GC (Allocation Failure) [PSYoungGen: 66912K->1517K(67584K)] 513928K->448534K(581632K), 0.0018015 secs] [Times: user=0.01 sys=0.00, real=0.00 secs] 
3228.718: [GC (Allocation Failure) [PSYoungGen: 67053K->1597K(67584K)] 514070K->448638K(581632K), 0.0016822 secs] [Times: user=0.00 sys=0.01, real=0.01 secs] 
3229.105: [GC (Allocation Failure) [PSYoungGen: 67133K->1517K(67584K)] 514174K->448558K(581632K), 0.0018411 secs] [Times: user=0.01 sys=0.00, real=0.00 secs] 
3229.489: [GC (Allocation Failure) [PSYoungGen: 67053K->1565K(67584K)] 514094K->448614K(581632K), 0.0018526 secs] [Times: user=0.00 sys=0.00, real=0.00 secs] 
3229.836: [GC (Allocation Failure) [PSYoungGen: 67101K->1408K(67584K)] 514150K->448456K(581632K), 0.0019697 secs] [Times: user=0.01 sys=0.00, real=0.00 secs] 
3230.400: [GC (Allocation Failure) [PSYoungGen: 66944K->1376K(67584K)] 513992K->448424K(581632K), 0.0019452 secs] [Times: user=0.01 sys=0.00, real=0.00 secs] 
3230.975: [GC (Allocation Failure) [PSYoungGen: 66912K->1376K(67584K)] 513960K->448424K(581632K), 0.0022190 secs] [Times: user=0.01 sys=0.00, real=0.00 secs] 
3231.831: [GC (Allocation Failure) [PSYoungGen: 66912K->1344K(67584K)] 513960K->448392K(581632K), 0.0045779 secs] [Times: user=0.02 sys=0.00, real=0.00 secs] 
3232.673: [GC (Allocation Failure) [PSYoungGen: 66880K->1501K(67584K)] 513928K->448550K(581632K), 0.0018907 secs] [Times: user=0.01 sys=0.00, real=0.00 secs] 
3233.058: [GC (Allocation Failure) [PSYoungGen: 67037K->1581K(67584K)] 514086K->448630K(581632K), 0.0016906 secs] [Times: user=0.01 sys=0.00, real=0.01 secs] 
3233.503: [GC (Allocation Failure) [PSYoungGen: 67117K->1565K(67584K)] 514166K->448614K(581632K), 0.0018264 secs] [Times: user=0.01 sys=0.00, real=0.00 secs] 
3233.887: [GC (Allocation Failure) [PSYoungGen: 67101K->1581K(67584K)] 514150K->448638K(581632K), 0.0019956 secs] [Times: user=0.01 sys=0.00, real=0.01 secs] 
3234.439: [GC (Allocation Failure) [PSYoungGen: 67117K->1392K(67584K)] 514174K->448448K(581632K), 0.0023865 secs] [Times: user=0.01 sys=0.00, real=0.01 secs] 
3234.720: [GC (Allocation Failure) [PSYoungGen: 66928K->1376K(67584K)] 513984K->448432K(581632K), 0.0021882 secs] [Times: user=0.01 sys=0.00, real=0.00 secs] 
3234.993: [GC (Allocation Failure) [PSYoungGen: 66912K->1344K(67584K)] 513968K->448400K(581632K), 0.0020720 secs] [Times: user=0.01 sys=0.00, real=0.00 secs] 
3235.266: [GC (Allocation Failure) [PSYoungGen: 66880K->1344K(67584K)] 513936K->448400K(581632K), 0.0027814 secs] [Times: user=0.01 sys=0.00, real=0.00 secs] 
3235.733: [GC (Allocation Failure) [PSYoungGen: 66880K->1533K(67584K)] 513936K->448590K(581632K), 0.0016085 secs] [Times: user=0.01 sys=0.00, real=0.00 secs] 
3236.118: [GC (Allocation Failure) [PSYoungGen: 67069K->1565K(67584K)] 514126K->448622K(581632K), 0.0017425 secs] [Times: user=0.01 sys=0.00, real=0.01 secs] 
3236.504: [GC (Allocation Failure) [PSYoungGen: 67101K->1597K(67584K)] 514158K->448654K(581632K), 0.0017362 secs] [Times: user=0.01 sys=0.00, real=0.00 secs] 
3236.888: [GC (Allocation Failure) [PSYoungGen: 67133K->1565K(67584K)] 514190K->448630K(581632K), 0.0017286 secs] [Times: user=0.01 sys=0.00, real=0.01 secs] 
3237.401: [GC (Allocation Failure) [PSYoungGen: 67101K->1440K(67584K)] 514166K->448504K(581632K), 0.0019568 secs] [Times: user=0.01 sys=0.00, real=0.00 secs] 
3237.911: [GC (Allocation Failure) [PSYoungGen: 66976K->1344K(67584K)] 514040K->448408K(581632K), 0.0019072 secs] [Times: user=0.01 sys=0.00, real=0.00 secs] 
3238.488: [GC (Allocation Failure) [PSYoungGen: 66880K->1376K(67584K)] 513944K->448440K(581632K), 0.0019993 secs] [Times: user=0.01 sys=0.00, real=0.01 secs] 
3239.177: [GC (Allocation Failure) [PSYoungGen: 66912K->1344K(67584K)] 513976K->448416K(581632K), 0.0019898 secs] [Times: user=0.01 sys=0.00, real=0.01 secs] 
3239.742: [GC (Allocation Failure) [PSYoungGen: 66880K->1485K(67584K)] 513952K->448558K(581632K), 0.0017584 secs] [Times: user=0.01 sys=0.00, real=0.00 secs] 
3240.128: [GC (Allocation Failure) [PSYoungGen: 67021K->1597K(67584K)] 514094K->448670K(581632K), 0.0018072 secs] [Times: user=0.01 sys=0.00, real=0.01 secs] 
3240.582: [GC (Allocation Failure) [PSYoungGen: 67133K->1565K(67584K)] 514206K->448638K(581632K), 0.0020608 secs] [Times: user=0.00 sys=0.00, real=0.00 secs] 
3240.966: [GC (Allocation Failure) [PSYoungGen: 67101K->1517K(67584K)] 514174K->448598K(581632K), 0.0019820 secs] [Times: user=0.01 sys=0.00, real=0.00 secs] 
3241.642: [GC (Allocation Failure) [PSYoungGen: 67053K->1408K(67584K)] 514134K->448488K(581632K), 0.0031785 secs] [Times: user=0.02 sys=0.01, real=0.00 secs] 
3241.990: [GC (Allocation Failure) [PSYoungGen: 66944K->1344K(67584K)] 514024K->448424K(581632K), 0.0021737 secs] [Times: user=0.01 sys=0.00, real=0.00 secs] 
3242.267: [GC (Allocation Failure) [PSYoungGen: 66880K->1344K(67584K)] 513960K->448424K(581632K), 0.0024318 secs] [Times: user=0.01 sys=0.00, real=0.01 secs] 
3242.535: [GC (Allocation Failure) [PSYoungGen: 66880K->1376K(67584K)] 513960K->448456K(581632K), 0.0020726 secs] [Times: user=0.01 sys=0.00, real=0.00 secs] 
3242.873: [GC (Allocation Failure) [PSYoungGen: 66912K->1485K(67584K)] 513992K->448566K(581632K), 0.0018010 secs] [Times: user=0.01 sys=0.00, real=0.00 secs] 
3243.256: [GC (Allocation Failure) [PSYoungGen: 67021K->1565K(67584K)] 514102K->448646K(581632K), 0.0017835 secs] [Times: user=0.01 sys=0.00, real=0.00 secs] 
3243.640: [GC (Allocation Failure) [PSYoungGen: 67101K->1597K(67584K)] 514182K->448678K(581632K), 0.0018604 secs] [Times: user=0.00 sys=0.00, real=0.00 secs] 
3244.084: [GC (Allocation Failure) [PSYoungGen: 67133K->1581K(67584K)] 514214K->448670K(581632K), 0.0018048 secs] [Times: user=0.00 sys=0.00, real=0.00 secs] 
3244.623: [GC (Allocation Failure) [PSYoungGen: 67117K->1424K(67584K)] 514206K->448512K(581632K), 0.0021922 secs] [Times: user=0.01 sys=0.00, real=0.00 secs] 
3244.950: [GC (Allocation Failure) [PSYoungGen: 66960K->1376K(67584K)] 514048K->448464K(581632K), 0.0022251 secs] [Times: user=0.01 sys=0.00, real=0.00 secs] 
3245.222: [GC (Allocation Failure) [PSYoungGen: 66912K->1360K(67584K)] 514000K->448448K(581632K), 0.0021346 secs] [Times: user=0.00 sys=0.00, real=0.00 secs] 
3245.494: [GC (Allocation Failure) [PSYoungGen: 66896K->1344K(67584K)] 513984K->448440K(581632K), 0.0020051 secs] [Times: user=0.01 sys=0.00, real=0.00 secs] 
3245.862: [GC (Allocation Failure) [PSYoungGen: 66880K->1517K(67584K)] 513976K->448614K(581632K), 0.0018005 secs] [Times: user=0.01 sys=0.00, real=0.00 secs] 
3246.246: [GC (Allocation Failure) [PSYoungGen: 67053K->1597K(67584K)] 514150K->448694K(581632K), 0.0018156 secs] [Times: user=0.01 sys=0.00, real=0.00 secs] 
3246.632: [GC (Allocation Failure) [PSYoungGen: 67133K->1565K(67584K)] 514230K->448662K(581632K), 0.0017635 secs] [Times: user=0.01 sys=0.00, real=0.00 secs] 
3247.024: [GC (Allocation Failure) [PSYoungGen: 67101K->1597K(67584K)] 514198K->448710K(581632K), 0.0017911 secs] [Times: user=0.01 sys=0.00, real=0.00 secs] 
3247.668: [GC (Allocation Failure) [PSYoungGen: 67133K->1440K(67584K)] 514246K->448552K(581632K), 0.0024007 secs] [Times: user=0.01 sys=0.00, real=0.01 secs] 
3248.299: [GC (Allocation Failure) [PSYoungGen: 66976K->1376K(67584K)] 514088K->448488K(581632K), 0.0032130 secs] [Times: user=0.01 sys=0.00, real=0.00 secs] 
3248.932: [GC (Allocation Failure) [PSYoungGen: 66912K->1312K(67584K)] 514024K->448440K(581632K), 0.0025915 secs] [Times: user=0.01 sys=0.00, real=0.00 secs] 
3249.499: [GC (Allocation Failure) [PSYoungGen: 66848K->1376K(67584K)] 513976K->448504K(581632K), 0.0028809 secs] [Times: user=0.01 sys=0.00, real=0.00 secs] 
3250.118: [GC (Allocation Failure) [PSYoungGen: 66912K->1533K(67584K)] 514040K->448662K(581632K), 0.0016772 secs] [Times: user=0.00 sys=0.00, real=0.01 secs] 
3250.567: [GC (Allocation Failure) [PSYoungGen: 67069K->1581K(67584K)] 514198K->448710K(581632K), 0.0018181 secs] [Times: user=0.00 sys=0.00, real=0.01 secs] 
3251.015: [GC (Allocation Failure) [PSYoungGen: 67117K->1565K(67584K)] 514246K->448694K(581632K), 0.0017905 secs] [Times: user=0.01 sys=0.00, real=0.00 secs] 
3251.402: [GC (Allocation Failure) [PSYoungGen: 67101K->1549K(67584K)] 514230K->448686K(581632K), 0.0019499 secs] [Times: user=0.01 sys=0.00, real=0.00 secs] 
3251.747: [GC (Allocation Failure) [PSYoungGen: 67085K->1408K(67584K)] 514222K->448544K(581632K), 0.0030157 secs] [Times: user=0.01 sys=0.00, real=0.01 secs] 
3252.021: [GC (Allocation Failure) [PSYoungGen: 66944K->1376K(67584K)] 514080K->448512K(581632K), 0.0022195 secs] [Times: user=0.01 sys=0.00, real=0.00 secs] 
3252.298: [GC (Allocation Failure) [PSYoungGen: 66912K->1344K(67584K)] 514048K->448480K(581632K), 0.0029444 secs] [Times: user=0.01 sys=0.00, real=0.01 secs] 
3252.568: [GC (Allocation Failure) [PSYoungGen: 66880K->1376K(67584K)] 514016K->448512K(581632K), 0.0022256 secs] [Times: user=0.01 sys=0.00, real=0.01 secs] 
3252.927: [GC (Allocation Failure) [PSYoungGen: 66912K->1472K(67584K)] 514048K->448608K(581632K), 0.0018110 secs] [Times: user=0.01 sys=0.00, real=0.01 secs] 
3253.311: [GC (Allocation Failure) [PSYoungGen: 67008K->1549K(67584K)] 514144K->448686K(581632K), 0.0018251 secs] [Times: user=0.01 sys=0.00, real=0.00 secs] 
3253.696: [GC (Allocation Failure) [PSYoungGen: 67085K->1613K(67584K)] 514222K->448750K(581632K), 0.0017708 secs] [Times: user=0.01 sys=0.00, real=0.00 secs] 
3254.079: [GC (Allocation Failure) [PSYoungGen: 67149K->1565K(67584K)] 514286K->448718K(581632K), 0.0017219 secs] [Times: user=0.00 sys=0.00, real=0.00 secs] 
3254.433: [GC (Allocation Failure) [PSYoungGen: 67101K->1408K(67584K)] 514254K->448560K(581632K), 0.0020393 secs] [Times: user=0.01 sys=0.00, real=0.00 secs] 
3254.705: [GC (Allocation Failure) [PSYoungGen: 66944K->1376K(67584K)] 514096K->448528K(581632K), 0.0019678 secs] [Times: user=0.01 sys=0.00, real=0.00 secs] 
3254.978: [GC (Allocation Failure) [PSYoungGen: 66912K->1376K(67584K)] 514064K->448536K(581632K), 0.0019323 secs] [Times: user=0.01 sys=0.00, real=0.01 secs] 
3255.269: [GC (Allocation Failure) [PSYoungGen: 66912K->1328K(67584K)] 514072K->448488K(581632K), 0.0019012 secs] [Times: user=0.01 sys=0.00, real=0.01 secs] 
3255.792: [GC (Allocation Failure) [PSYoungGen: 66864K->1504K(67584K)] 514024K->448665K(581632K), 0.0016502 secs] [Times: user=0.01 sys=0.00, real=0.00 secs] 
3256.239: [GC (Allocation Failure) [PSYoungGen: 67040K->1565K(67584K)] 514201K->448726K(581632K), 0.0019288 secs] [Times: user=0.01 sys=0.00, real=0.00 secs] 
3256.692: [GC (Allocation Failure) [PSYoungGen: 67101K->1565K(67584K)] 514262K->448726K(581632K), 0.0017830 secs] [Times: user=0.01 sys=0.00, real=0.00 secs] 
3257.075: [GC (Allocation Failure) [PSYoungGen: 67101K->1597K(67584K)] 514262K->448774K(581632K), 0.0018091 secs] [Times: user=0.01 sys=0.00, real=0.00 secs] 
3257.657: [GC (Allocation Failure) [PSYoungGen: 67133K->1440K(67584K)] 514310K->448616K(581632K), 0.0033323 secs] [Times: user=0.01 sys=0.00, real=0.01 secs] 
3258.341: [GC (Allocation Failure) [PSYoungGen: 66976K->1376K(67584K)] 514152K->448552K(581632K), 0.0048585 secs] [Times: user=0.01 sys=0.00, real=0.00 secs] 
3258.919: [GC (Allocation Failure) [PSYoungGen: 66912K->1344K(67584K)] 514088K->448528K(581632K), 0.0027996 secs] [Times: user=0.01 sys=0.00, real=0.00 secs] 
3259.426: [GC (Allocation Failure) [PSYoungGen: 66880K->1344K(67584K)] 514064K->448528K(581632K), 0.0024359 secs] [Times: user=0.01 sys=0.00, real=0.00 secs] 
3259.968: [GC (Allocation Failure) [PSYoungGen: 66880K->1533K(67584K)] 514064K->448718K(581632K), 0.0017603 secs] [Times: user=0.00 sys=0.00, real=0.01 secs] 
3260.354: [GC (Allocation Failure) [PSYoungGen: 67069K->1565K(67584K)] 514254K->448750K(581632K), 0.0017601 secs] [Times: user=0.01 sys=0.00, real=0.00 secs] 
3260.737: [GC (Allocation Failure) [PSYoungGen: 67101K->1565K(67584K)] 514286K->448750K(581632K), 0.0017803 secs] [Times: user=0.01 sys=0.00, real=0.01 secs] 
3261.121: [GC (Allocation Failure) [PSYoungGen: 67101K->1565K(67584K)] 514286K->448758K(581632K), 0.0017253 secs] [Times: user=0.00 sys=0.00, real=0.00 secs] 
3261.538: [GC (Allocation Failure) [PSYoungGen: 67101K->1424K(67584K)] 514294K->448616K(581632K), 0.0019259 secs] [Times: user=0.01 sys=0.00, real=0.01 secs] 
3261.940: [GC (Allocation Failure) [PSYoungGen: 66960K->1344K(67584K)] 514152K->448536K(581632K), 0.0020104 secs] [Times: user=0.01 sys=0.00, real=0.00 secs] 
3262.223: [GC (Allocation Failure) [PSYoungGen: 66880K->1376K(67584K)] 514072K->448568K(581632K), 0.0020601 secs] [Times: user=0.01 sys=0.00, real=0.00 secs] 
3262.518: [GC (Allocation Failure) [PSYoungGen: 66912K->1376K(67584K)] 514104K->448568K(581632K), 0.0020031 secs] [Times: user=0.01 sys=0.00, real=0.01 secs] 
3262.899: [GC (Allocation Failure) [PSYoungGen: 66912K->1501K(67584K)] 514104K->448694K(581632K), 0.0016628 secs] [Times: user=0.01 sys=0.00, real=0.00 secs] 
3263.281: [GC (Allocation Failure) [PSYoungGen: 67037K->1613K(67584K)] 514230K->448806K(581632K), 0.0017484 secs] [Times: user=0.00 sys=0.00, real=0.00 secs] 
3263.668: [GC (Allocation Failure) [PSYoungGen: 67149K->1565K(67584K)] 514342K->448758K(581632K), 0.0018124 secs] [Times: user=0.00 sys=0.00, real=0.01 secs] 
3264.116: [GC (Allocation Failure) [PSYoungGen: 67101K->1565K(67584K)] 514294K->448766K(581632K), 0.0018329 secs] [Times: user=0.00 sys=0.00, real=0.00 secs] 
3264.512: [GC (Allocation Failure) [PSYoungGen: 67101K->1392K(67584K)] 514302K->448592K(581632K), 0.0022798 secs] [Times: user=0.01 sys=0.00, real=0.00 secs] 
3264.792: [GC (Allocation Failure) [PSYoungGen: 66928K->1344K(67584K)] 514128K->448544K(581632K), 0.0022920 secs] [Times: user=0.00 sys=0.00, real=0.00 secs] 
3265.072: [GC (Allocation Failure) [PSYoungGen: 66880K->1376K(67584K)] 514080K->448576K(581632K), 0.0022821 secs] [Times: user=0.01 sys=0.00, real=0.00 secs] 
3265.360: [GC (Allocation Failure) [PSYoungGen: 66912K->1344K(67584K)] 514112K->448544K(581632K), 0.0020942 secs] [Times: user=0.01 sys=0.00, real=0.00 secs] 
3265.746: [GC (Allocation Failure) [PSYoungGen: 66880K->1469K(67584K)] 514080K->448670K(581632K), 0.0017884 secs] [Times: user=0.01 sys=0.00, real=0.00 secs] 
3266.128: [GC (Allocation Failure) [PSYoungGen: 67005K->1597K(67584K)] 514206K->448798K(581632K), 0.0018026 secs] [Times: user=0.01 sys=0.00, real=0.01 secs] 
3266.519: [GC (Allocation Failure) [PSYoungGen: 67133K->1597K(67584K)] 514334K->448798K(581632K), 0.0019505 secs] [Times: user=0.01 sys=0.00, real=0.00 secs] 
3266.964: [GC (Allocation Failure) [PSYoungGen: 67133K->1533K(67584K)] 514334K->448742K(581632K), 0.0018231 secs] [Times: user=0.00 sys=0.00, real=0.00 secs] 
3268.843: [GC (Allocation Failure) [PSYoungGen: 67069K->1408K(67584K)] 514278K->448616K(581632K), 0.0041304 secs] [Times: user=0.02 sys=0.00, real=0.00 secs] 
3269.482: [GC (Allocation Failure) [PSYoungGen: 66944K->1408K(67584K)] 514152K->448616K(581632K), 0.0029856 secs] [Times: user=0.02 sys=0.00, real=0.00 secs] 
3270.097: [GC (Allocation Failure) [PSYoungGen: 66944K->1344K(67584K)] 514152K->448568K(581632K), 0.0028580 secs] [Times: user=0.02 sys=0.00, real=0.01 secs] 
3270.591: [GC (Allocation Failure) [PSYoungGen: 66880K->1376K(67584K)] 514104K->448600K(581632K), 0.0030330 secs] [Times: user=0.01 sys=0.01, real=0.00 secs] 
3271.098: [GC (Allocation Failure) [PSYoungGen: 66912K->1533K(67584K)] 514136K->448758K(581632K), 0.0017130 secs] [Times: user=0.01 sys=0.00, real=0.01 secs] 
3271.551: [GC (Allocation Failure) [PSYoungGen: 67069K->1613K(67584K)] 514294K->448838K(581632K), 0.0017758 secs] [Times: user=0.01 sys=0.00, real=0.00 secs] 
3271.934: [GC (Allocation Failure) [PSYoungGen: 67149K->1597K(67584K)] 514374K->448822K(581632K), 0.0018072 secs] [Times: user=0.01 sys=0.00, real=0.00 secs] 
3272.375: [GC (Allocation Failure) [PSYoungGen: 67133K->1565K(67584K)] 514358K->448798K(581632K), 0.0018600 secs] [Times: user=0.00 sys=0.00, real=0.00 secs] 
3273.090: [GC (Allocation Failure) [PSYoungGen: 67101K->1440K(67584K)] 514334K->448672K(581632K), 0.0040858 secs] [Times: user=0.02 sys=0.00, real=0.00 secs] 
3273.874: [GC (Allocation Failure) [PSYoungGen: 66976K->1408K(67584K)] 514208K->448640K(581632K), 0.0034212 secs] [Times: user=0.02 sys=0.00, real=0.00 secs] 
3274.457: [GC (Allocation Failure) [PSYoungGen: 66944K->1376K(67584K)] 514176K->448608K(581632K), 0.0034351 secs] [Times: user=0.02 sys=0.00, real=0.01 secs] 
3275.053: [GC (Allocation Failure) [PSYoungGen: 66912K->1408K(67584K)] 514144K->448640K(581632K), 0.0034950 secs] [Times: user=0.01 sys=0.00, real=0.00 secs] 
3275.688: [GC (Allocation Failure) [PSYoungGen: 66944K->1472K(67584K)] 514176K->448704K(581632K), 0.0016975 secs] [Times: user=0.01 sys=0.00, real=0.01 secs] 
3276.071: [GC (Allocation Failure) [PSYoungGen: 67008K->1597K(67584K)] 514240K->448830K(581632K), 0.0019026 secs] [Times: user=0.01 sys=0.00, real=0.00 secs] 
3276.463: [GC (Allocation Failure) [PSYoungGen: 67133K->1565K(67584K)] 514366K->448798K(581632K), 0.0019290 secs] [Times: user=0.01 sys=0.00, real=0.00 secs] 
3276.851: [GC (Allocation Failure) [PSYoungGen: 67101K->1533K(67584K)] 514334K->448774K(581632K), 0.0017091 secs] [Times: user=0.00 sys=0.00, real=0.00 secs] 
3277.778: [GC (Allocation Failure) [PSYoungGen: 67069K->1392K(67584K)] 514310K->448632K(581632K), 0.0022238 secs] [Times: user=0.00 sys=0.00, real=0.01 secs] 
3278.050: [GC (Allocation Failure) [PSYoungGen: 66928K->1344K(67584K)] 514168K->448584K(581632K), 0.0020693 secs] [Times: user=0.01 sys=0.00, real=0.00 secs] 
3278.323: [GC (Allocation Failure) [PSYoungGen: 66880K->1376K(67584K)] 514120K->448616K(581632K), 0.0020978 secs] [Times: user=0.01 sys=0.00, real=0.00 secs] 
3278.595: [GC (Allocation Failure) [PSYoungGen: 66912K->1376K(67584K)] 514152K->448616K(581632K), 0.0021731 secs] [Times: user=0.01 sys=0.00, real=0.00 secs] 
3278.944: [GC (Allocation Failure) [PSYoungGen: 66912K->1485K(67584K)] 514152K->448726K(581632K), 0.0016968 secs] [Times: user=0.01 sys=0.00, real=0.00 secs] 
3279.327: [GC (Allocation Failure) [PSYoungGen: 67021K->1565K(67584K)] 514262K->448806K(581632K), 0.0017932 secs] [Times: user=0.01 sys=0.00, real=0.01 secs] 
3279.787: [GC (Allocation Failure) [PSYoungGen: 67101K->1517K(67584K)] 514342K->448774K(581632K), 0.0050932 secs] [Times: user=0.02 sys=0.00, real=0.01 secs] 
3280.183: [GC (Allocation Failure) [PSYoungGen: 67053K->1549K(67584K)] 514310K->448814K(581632K), 0.0017731 secs] [Times: user=0.00 sys=0.00, real=0.00 secs] 
3280.894: [GC (Allocation Failure) [PSYoungGen: 67085K->1440K(67584K)] 514350K->448704K(581632K), 0.0037517 secs] [Times: user=0.02 sys=0.00, real=0.00 secs] 
3281.599: [GC (Allocation Failure) [PSYoungGen: 66976K->1344K(67584K)] 514240K->448608K(581632K), 0.0030166 secs] [Times: user=0.01 sys=0.00, real=0.00 secs] 
3282.128: [GC (Allocation Failure) [PSYoungGen: 66880K->1344K(67584K)] 514144K->448608K(581632K), 0.0029338 secs] [Times: user=0.01 sys=0.00, real=0.01 secs] 
3282.445: [GC (Allocation Failure) [PSYoungGen: 66880K->1344K(67584K)] 514144K->448608K(581632K), 0.0021939 secs] [Times: user=0.01 sys=0.00, real=0.00 secs] 
3282.792: [GC (Allocation Failure) [PSYoungGen: 66880K->1504K(67584K)] 514144K->448769K(581632K), 0.0016188 secs] [Times: user=0.01 sys=0.00, real=0.00 secs] 
3283.175: [GC (Allocation Failure) [PSYoungGen: 67040K->1597K(67584K)] 514305K->448862K(581632K), 0.0017283 secs] [Times: user=0.01 sys=0.00, real=0.00 secs] 
3283.621: [GC (Allocation Failure) [PSYoungGen: 67133K->1581K(67584K)] 514398K->448846K(581632K), 0.0017499 secs] [Times: user=0.00 sys=0.00, real=0.00 secs] 
3284.008: [GC (Allocation Failure) [PSYoungGen: 67117K->1597K(67584K)] 514382K->448870K(581632K), 0.0019342 secs] [Times: user=0.01 sys=0.00, real=0.01 secs] 
3284.471: [GC (Allocation Failure) [PSYoungGen: 67133K->1440K(67584K)] 514406K->448712K(581632K), 0.0023919 secs] [Times: user=0.01 sys=0.00, real=0.00 secs] 
3284.851: [GC (Allocation Failure) [PSYoungGen: 66976K->1360K(67584K)] 514248K->448632K(581632K), 0.0021686 secs] [Times: user=0.00 sys=0.00, real=0.00 secs] 
3285.123: [GC (Allocation Failure) [PSYoungGen: 66896K->1376K(67584K)] 514168K->448648K(581632K), 0.0019606 secs] [Times: user=0.01 sys=0.00, real=0.00 secs] 
3285.396: [GC (Allocation Failure) [PSYoungGen: 66912K->1376K(67584K)] 514184K->448648K(581632K), 0.0022176 secs] [Times: user=0.01 sys=0.00, real=0.00 secs] 
3285.854: [GC (Allocation Failure) [PSYoungGen: 66912K->1501K(67584K)] 514184K->448774K(581632K), 0.0021348 secs] [Times: user=0.01 sys=0.01, real=0.00 secs] 
3286.323: [GC (Allocation Failure) [PSYoungGen: 67037K->1613K(67584K)] 514310K->448886K(581632K), 0.0017607 secs] [Times: user=0.01 sys=0.00, real=0.00 secs] 
3286.712: [GC (Allocation Failure) [PSYoungGen: 67149K->1613K(67584K)] 514422K->448886K(581632K), 0.0018181 secs] [Times: user=0.01 sys=0.00, real=0.00 secs] 
3287.162: [GC (Allocation Failure) [PSYoungGen: 67149K->1565K(67584K)] 514422K->448846K(581632K), 0.0017191 secs] [Times: user=0.00 sys=0.00, real=0.00 secs] 
3287.743: [GC (Allocation Failure) [PSYoungGen: 67101K->1408K(67584K)] 514382K->448688K(581632K), 0.0035404 secs] [Times: user=0.01 sys=0.00, real=0.00 secs] 
3288.271: [GC (Allocation Failure) [PSYoungGen: 66944K->1408K(67584K)] 514224K->448688K(581632K), 0.0028519 secs] [Times: user=0.01 sys=0.00, real=0.00 secs] 
3288.795: [GC (Allocation Failure) [PSYoungGen: 66944K->1376K(67584K)] 514224K->448672K(581632K), 0.0029267 secs] [Times: user=0.01 sys=0.00, real=0.00 secs] 
3289.140: [GC (Allocation Failure) [PSYoungGen: 66912K->1376K(67584K)] 514208K->448672K(581632K), 0.0022365 secs] [Times: user=0.01 sys=0.00, real=0.00 secs] 
3289.488: [GC (Allocation Failure) [PSYoungGen: 66912K->1501K(67584K)] 514208K->448798K(581632K), 0.0016520 secs] [Times: user=0.00 sys=0.00, real=0.01 secs] 
3289.873: [GC (Allocation Failure) [PSYoungGen: 67037K->1565K(67584K)] 514334K->448862K(581632K), 0.0017881 secs] [Times: user=0.01 sys=0.00, real=0.00 secs] 
3290.332: [GC (Allocation Failure) [PSYoungGen: 67101K->1581K(67584K)] 514398K->448878K(581632K), 0.0017875 secs] [Times: user=0.00 sys=0.00, real=0.00 secs] 
3290.716: [GC (Allocation Failure) [PSYoungGen: 67117K->1597K(67584K)] 514414K->448902K(581632K), 0.0017312 secs] [Times: user=0.01 sys=0.00, real=0.00 secs] 
3291.366: [GC (Allocation Failure) [PSYoungGen: 67133K->1408K(67584K)] 514438K->448712K(581632K), 0.0040074 secs] [Times: user=0.02 sys=0.00, real=0.01 secs] 
3291.990: [GC (Allocation Failure) [PSYoungGen: 66944K->1344K(67584K)] 514248K->448648K(581632K), 0.0030281 secs] [Times: user=0.02 sys=0.00, real=0.00 secs] 
3292.587: [GC (Allocation Failure) [PSYoungGen: 66880K->1376K(67584K)] 514184K->448680K(581632K), 0.0033474 secs] [Times: user=0.01 sys=0.00, real=0.01 secs] 
3293.141: [GC (Allocation Failure) [PSYoungGen: 66912K->1376K(67584K)] 514216K->448680K(581632K), 0.0034379 secs] [Times: user=0.01 sys=0.00, real=0.00 secs] 
3293.814: [GC (Allocation Failure) [PSYoungGen: 66912K->1504K(67584K)] 514216K->448809K(581632K), 0.0017306 secs] [Times: user=0.00 sys=0.00, real=0.00 secs] 
3294.197: [GC (Allocation Failure) [PSYoungGen: 67040K->1533K(67584K)] 514345K->448838K(581632K), 0.0018062 secs] [Times: user=0.01 sys=0.00, real=0.00 secs] 
3294.646: [GC (Allocation Failure) [PSYoungGen: 67069K->1581K(67584K)] 514374K->448886K(581632K), 0.0019969 secs] [Times: user=0.01 sys=0.00, real=0.00 secs] 
3295.093: [GC (Allocation Failure) [PSYoungGen: 67117K->1597K(67584K)] 514422K->448910K(581632K), 0.0017733 secs] [Times: user=0.01 sys=0.00, real=0.00 secs] 
3295.411: [GC (Allocation Failure) [PSYoungGen: 67133K->1408K(67584K)] 514446K->448720K(581632K), 0.0023378 secs] [Times: user=0.01 sys=0.00, real=0.00 secs] 
3295.720: [GC (Allocation Failure) [PSYoungGen: 66944K->1376K(67584K)] 514256K->448688K(581632K), 0.0019554 secs] [Times: user=0.01 sys=0.00, real=0.00 secs] 
3296.111: [GC (Allocation Failure) [PSYoungGen: 66912K->1344K(67584K)] 514224K->448656K(581632K), 0.0021955 secs] [Times: user=0.01 sys=0.00, real=0.00 secs] 
3296.568: [GC (Allocation Failure) [PSYoungGen: 66880K->1344K(67584K)] 514192K->448656K(581632K), 0.0020635 secs] [Times: user=0.01 sys=0.00, real=0.01 secs] 
3297.039: [GC (Allocation Failure) [PSYoungGen: 66880K->1501K(67584K)] 514192K->448814K(581632K), 0.0016871 secs] [Times: user=0.00 sys=0.00, real=0.00 secs] 
3297.425: [GC (Allocation Failure) [PSYoungGen: 67037K->1533K(67584K)] 514350K->448846K(581632K), 0.0018549 secs] [Times: user=0.01 sys=0.00, real=0.00 secs] 
3297.872: [GC (Allocation Failure) [PSYoungGen: 67069K->1597K(67584K)] 514382K->448910K(581632K), 0.0017976 secs] [Times: user=0.01 sys=0.00, real=0.00 secs] 
3298.259: [GC (Allocation Failure) [PSYoungGen: 67133K->1549K(67584K)] 514446K->448870K(581632K), 0.0020873 secs] [Times: user=0.01 sys=0.00, real=0.00 secs] 
3298.631: [GC (Allocation Failure) [PSYoungGen: 67085K->1392K(67584K)] 514406K->448712K(581632K), 0.0025657 secs] [Times: user=0.01 sys=0.00, real=0.00 secs] 
3298.905: [GC (Allocation Failure) [PSYoungGen: 66928K->1344K(67584K)] 514248K->448680K(581632K), 0.0022983 secs] [Times: user=0.00 sys=0.00, real=0.00 secs] 
3299.325: [GC (Allocation Failure) [PSYoungGen: 66880K->1344K(67584K)] 514216K->448680K(581632K), 0.0022438 secs] [Times: user=0.01 sys=0.00, real=0.00 secs] 
3299.774: [GC (Allocation Failure) [PSYoungGen: 66880K->1344K(67584K)] 514216K->448680K(581632K), 0.0022000 secs] [Times: user=0.00 sys=0.00, real=0.00 secs] 
3300.330: [GC (Allocation Failure) [PSYoungGen: 66880K->1469K(67584K)] 514216K->448806K(581632K), 0.0015068 secs] [Times: user=0.00 sys=0.00, real=0.00 secs] 
3300.804: [GC (Allocation Failure) [PSYoungGen: 67005K->1565K(67584K)] 514342K->448902K(581632K), 0.0019342 secs] [Times: user=0.01 sys=0.00, real=0.00 secs] 
3301.249: [GC (Allocation Failure) [PSYoungGen: 67093K->1565K(67584K)] 514429K->448902K(581632K), 0.0018192 secs] [Times: user=0.01 sys=0.00, real=0.00 secs] 
3301.705: [GC (Allocation Failure) [PSYoungGen: 67101K->1549K(67584K)] 514438K->448894K(581632K), 0.0017931 secs] [Times: user=0.01 sys=0.00, real=0.00 secs] 
3302.058: [GC (Allocation Failure) [PSYoungGen: 67085K->1376K(67584K)] 514430K->448720K(581632K), 0.0030627 secs] [Times: user=0.01 sys=0.00, real=0.01 secs] 
3302.506: [GC (Allocation Failure) [PSYoungGen: 66912K->1376K(67584K)] 514256K->448720K(581632K), 0.0021959 secs] [Times: user=0.01 sys=0.00, real=0.00 secs] 
3303.064: [GC (Allocation Failure) [PSYoungGen: 66912K->1376K(67584K)] 514256K->448720K(581632K), 0.0031191 secs] [Times: user=0.01 sys=0.00, real=0.00 secs] 
3303.706: [GC (Allocation Failure) [PSYoungGen: 66912K->1376K(67584K)] 514256K->448720K(581632K), 0.0032731 secs] [Times: user=0.02 sys=0.00, real=0.01 secs] 
3304.384: [GC (Allocation Failure) [PSYoungGen: 66912K->1485K(67584K)] 514256K->448830K(581632K), 0.0017520 secs] [Times: user=0.01 sys=0.00, real=0.00 secs] 
3304.768: [GC (Allocation Failure) [PSYoungGen: 67021K->1565K(67584K)] 514366K->448910K(581632K), 0.0017223 secs] [Times: user=0.01 sys=0.00, real=0.01 secs] 
3305.152: [GC (Allocation Failure) [PSYoungGen: 67101K->1549K(67584K)] 514446K->448894K(581632K), 0.0017603 secs] [Times: user=0.01 sys=0.00, real=0.00 secs] 
3305.536: [GC (Allocation Failure) [PSYoungGen: 67085K->1597K(67584K)] 514430K->448950K(581632K), 0.0017693 secs] [Times: user=0.01 sys=0.00, real=0.00 secs] 
3306.289: [GC (Allocation Failure) [PSYoungGen: 67133K->1424K(67584K)] 514486K->448776K(581632K), 0.0021251 secs] [Times: user=0.01 sys=0.00, real=0.01 secs] 
3306.888: [GC (Allocation Failure) [PSYoungGen: 66960K->1360K(67584K)] 514312K->448712K(581632K), 0.0020154 secs] [Times: user=0.01 sys=0.00, real=0.01 secs] 
3307.232: [GC (Allocation Failure) [PSYoungGen: 66896K->1360K(67584K)] 514248K->448712K(581632K), 0.0019332 secs] [Times: user=0.01 sys=0.00, real=0.00 secs] 
3307.505: [GC (Allocation Failure) [PSYoungGen: 66896K->1376K(67584K)] 514248K->448728K(581632K), 0.0020089 secs] [Times: user=0.01 sys=0.00, real=0.00 secs] 
3307.852: [GC (Allocation Failure) [PSYoungGen: 66912K->1501K(67584K)] 514264K->448854K(581632K), 0.0017827 secs] [Times: user=0.01 sys=0.00, real=0.00 secs] 
3308.293: [GC (Allocation Failure) [PSYoungGen: 67037K->1517K(67584K)] 514390K->448870K(581632K), 0.0018068 secs] [Times: user=0.01 sys=0.00, real=0.00 secs] 
3308.679: [GC (Allocation Failure) [PSYoungGen: 67053K->1533K(67584K)] 514406K->448886K(581632K), 0.0019199 secs] [Times: user=0.01 sys=0.00, real=0.01 secs] 
3309.064: [GC (Allocation Failure) [PSYoungGen: 67069K->1613K(67584K)] 514422K->448974K(581632K), 0.0018329 secs] [Times: user=0.01 sys=0.00, real=0.00 secs] 
3309.450: [GC (Allocation Failure) [PSYoungGen: 67149K->1440K(67584K)] 514510K->448824K(581632K), 0.0030581 secs] [Times: user=0.01 sys=0.00, real=0.00 secs] 
3309.760: [GC (Allocation Failure) [PSYoungGen: 66976K->1344K(67584K)] 514360K->448728K(581632K), 0.0022499 secs] [Times: user=0.01 sys=0.00, real=0.00 secs] 
3310.144: [GC (Allocation Failure) [PSYoungGen: 66880K->1328K(67584K)] 514264K->448712K(581632K), 0.0021824 secs] [Times: user=0.01 sys=0.00, real=0.00 secs] 
3310.416: [GC (Allocation Failure) [PSYoungGen: 66864K->1376K(67584K)] 514248K->448760K(581632K), 0.0020041 secs] [Times: user=0.01 sys=0.00, real=0.00 secs] 
3310.782: [GC (Allocation Failure) [PSYoungGen: 66912K->1501K(67584K)] 514296K->448886K(581632K), 0.0017182 secs] [Times: user=0.00 sys=0.00, real=0.00 secs] 
3311.228: [GC (Allocation Failure) [PSYoungGen: 67037K->1549K(67584K)] 514422K->448934K(581632K), 0.0017976 secs] [Times: user=0.00 sys=0.00, real=0.01 secs] 
3311.676: [GC (Allocation Failure) [PSYoungGen: 67085K->1533K(67584K)] 514470K->448918K(581632K), 0.0018219 secs] [Times: user=0.01 sys=0.00, real=0.00 secs] 
3312.064: [GC (Allocation Failure) [PSYoungGen: 67069K->1517K(67584K)] 514454K->448910K(581632K), 0.0020359 secs] [Times: user=0.01 sys=0.00, real=0.00 secs] 
3312.742: [GC (Allocation Failure) [PSYoungGen: 67053K->1440K(67584K)] 514446K->448832K(581632K), 0.0044719 secs] [Times: user=0.02 sys=0.00, real=0.00 secs] 
3313.575: [GC (Allocation Failure) [PSYoungGen: 66976K->1376K(67584K)] 514368K->448768K(581632K), 0.0030556 secs] [Times: user=0.01 sys=0.00, real=0.00 secs] 
3314.531: [GC (Allocation Failure) [PSYoungGen: 66912K->1376K(67584K)] 514304K->448768K(581632K), 0.0044629 secs] [Times: user=0.02 sys=0.00, real=0.00 secs] 
3315.407: [GC (Allocation Failure) [PSYoungGen: 66912K->1376K(67584K)] 514304K->448768K(581632K), 0.0037142 secs] [Times: user=0.01 sys=0.00, real=0.01 secs] 
3316.193: [GC (Allocation Failure) [PSYoungGen: 66912K->1501K(67584K)] 514304K->448894K(581632K), 0.0016182 secs] [Times: user=0.00 sys=0.00, real=0.00 secs] 
3316.639: [GC (Allocation Failure) [PSYoungGen: 67037K->1565K(67584K)] 514430K->448958K(581632K), 0.0019495 secs] [Times: user=0.01 sys=0.00, real=0.00 secs] 
3317.029: [GC (Allocation Failure) [PSYoungGen: 67101K->1613K(67584K)] 514494K->449006K(581632K), 0.0016581 secs] [Times: user=0.01 sys=0.00, real=0.00 secs] 
3317.475: [GC (Allocation Failure) [PSYoungGen: 67149K->1581K(67584K)] 514542K->448982K(581632K), 0.0018272 secs] [Times: user=0.00 sys=0.00, real=0.00 secs] 
3317.927: [GC (Allocation Failure) [PSYoungGen: 67117K->1408K(67584K)] 514518K->448808K(581632K), 0.0031117 secs] [Times: user=0.02 sys=0.00, real=0.01 secs] 
3318.399: [GC (Allocation Failure) [PSYoungGen: 66944K->1376K(67584K)] 514344K->448776K(581632K), 0.0028536 secs] [Times: user=0.02 sys=0.00, real=0.01 secs] 
3318.896: [GC (Allocation Failure) [PSYoungGen: 66912K->1344K(67584K)] 514312K->448744K(581632K), 0.0023246 secs] [Times: user=0.01 sys=0.00, real=0.01 secs] 
3319.544: [GC (Allocation Failure) [PSYoungGen: 66880K->1408K(67584K)] 514280K->448808K(581632K), 0.0023618 secs] [Times: user=0.01 sys=0.00, real=0.00 secs] 
3320.236: [GC (Allocation Failure) [PSYoungGen: 66944K->1469K(67584K)] 514344K->448870K(581632K), 0.0016493 secs] [Times: user=0.01 sys=0.00, real=0.00 secs] 
3320.619: [GC (Allocation Failure) [PSYoungGen: 67005K->1597K(67584K)] 514406K->448998K(581632K), 0.0016639 secs] [Times: user=0.01 sys=0.00, real=0.01 secs] 
3321.012: [GC (Allocation Failure) [PSYoungGen: 67133K->1549K(67584K)] 514534K->448950K(581632K), 0.0017555 secs] [Times: user=0.01 sys=0.00, real=0.00 secs] 
3321.460: [GC (Allocation Failure) [PSYoungGen: 67085K->1597K(67584K)] 514486K->449022K(581632K), 0.0017949 secs] [Times: user=0.00 sys=0.00, real=0.00 secs] 
3321.922: [GC (Allocation Failure) [PSYoungGen: 67133K->1392K(67584K)] 514558K->448824K(581632K), 0.0022658 secs] [Times: user=0.01 sys=0.00, real=0.00 secs] 
3322.194: [GC (Allocation Failure) [PSYoungGen: 66928K->1344K(67584K)] 514360K->448776K(581632K), 0.0020551 secs] [Times: user=0.00 sys=0.00, real=0.00 secs] 
3322.467: [GC (Allocation Failure) [PSYoungGen: 66880K->1360K(67584K)] 514312K->448792K(581632K), 0.0020634 secs] [Times: user=0.01 sys=0.00, real=0.00 secs] 
3322.739: [GC (Allocation Failure) [PSYoungGen: 66896K->1376K(67584K)] 514328K->448808K(581632K), 0.0021041 secs] [Times: user=0.01 sys=0.00, real=0.00 secs] 
3323.203: [GC (Allocation Failure) [PSYoungGen: 66912K->1469K(67584K)] 514344K->448902K(581632K), 0.0016360 secs] [Times: user=0.00 sys=0.01, real=0.00 secs] 
3323.589: [GC (Allocation Failure) [PSYoungGen: 67005K->1597K(67584K)] 514438K->449030K(581632K), 0.0017890 secs] [Times: user=0.01 sys=0.00, real=0.00 secs] 
3323.979: [GC (Allocation Failure) [PSYoungGen: 67133K->1565K(67584K)] 514566K->448998K(581632K), 0.0017765 secs] [Times: user=0.00 sys=0.00, real=0.01 secs] 
3324.372: [GC (Allocation Failure) [PSYoungGen: 67101K->1565K(67584K)] 514534K->449014K(581632K), 0.0018144 secs] [Times: user=0.01 sys=0.00, real=0.00 secs] 
3324.686: [GC (Allocation Failure) [PSYoungGen: 67101K->1408K(67584K)] 514550K->448856K(581632K), 0.0026818 secs] [Times: user=0.01 sys=0.01, real=0.00 secs] 
3324.959: [GC (Allocation Failure) [PSYoungGen: 66944K->1376K(67584K)] 514392K->448824K(581632K), 0.0022282 secs] [Times: user=0.01 sys=0.00, real=0.00 secs] 
3325.232: [GC (Allocation Failure) [PSYoungGen: 66912K->1328K(67584K)] 514360K->448776K(581632K), 0.0020571 secs] [Times: user=0.01 sys=0.00, real=0.00 secs] 
3325.504: [GC (Allocation Failure) [PSYoungGen: 66864K->1376K(67584K)] 514312K->448824K(581632K), 0.0020440 secs] [Times: user=0.01 sys=0.00, real=0.00 secs] 
3325.859: [GC (Allocation Failure) [PSYoungGen: 66912K->1501K(67584K)] 514360K->448950K(581632K), 0.0016224 secs] [Times: user=0.01 sys=0.00, real=0.01 secs] 
3326.246: [GC (Allocation Failure) [PSYoungGen: 67037K->1549K(67584K)] 514486K->448998K(581632K), 0.0017402 secs] [Times: user=0.01 sys=0.00, real=0.00 secs] 
3326.637: [GC (Allocation Failure) [PSYoungGen: 67085K->1533K(67584K)] 514534K->448982K(581632K), 0.0017335 secs] [Times: user=0.00 sys=0.00, real=0.00 secs] 
3327.030: [GC (Allocation Failure) [PSYoungGen: 67069K->1581K(67584K)] 514518K->449046K(581632K), 0.0017498 secs] [Times: user=0.01 sys=0.00, real=0.00 secs] 
3327.489: [GC (Allocation Failure) [PSYoungGen: 67117K->1408K(67584K)] 514582K->448872K(581632K), 0.0022388 secs] [Times: user=0.01 sys=0.00, real=0.01 secs] 
3327.761: [GC (Allocation Failure) [PSYoungGen: 66944K->1408K(67584K)] 514408K->448888K(581632K), 0.0026471 secs] [Times: user=0.01 sys=0.00, real=0.00 secs] 
3328.079: [GC (Allocation Failure) [PSYoungGen: 66944K->1344K(67584K)] 514424K->448824K(581632K), 0.0033239 secs] [Times: user=0.01 sys=0.00, real=0.00 secs] 
3328.435: [GC (Allocation Failure) [PSYoungGen: 66880K->1376K(67584K)] 514360K->448856K(581632K), 0.0019913 secs] [Times: user=0.00 sys=0.00, real=0.00 secs] 
3328.817: [GC (Allocation Failure) [PSYoungGen: 66912K->1517K(67584K)] 514392K->448998K(581632K), 0.0017712 secs] [Times: user=0.00 sys=0.00, real=0.01 secs] 
3329.204: [GC (Allocation Failure) [PSYoungGen: 67053K->1533K(67584K)] 514534K->449014K(581632K), 0.0017453 secs] [Times: user=0.01 sys=0.00, real=0.00 secs] 
3329.592: [GC (Allocation Failure) [PSYoungGen: 67069K->1565K(67584K)] 514550K->449046K(581632K), 0.0017523 secs] [Times: user=0.01 sys=0.00, real=0.00 secs] 
3329.981: [GC (Allocation Failure) [PSYoungGen: 67101K->1565K(67584K)] 514582K->449054K(581632K), 0.0017700 secs] [Times: user=0.01 sys=0.00, real=0.00 secs] 
3330.341: [GC (Allocation Failure) [PSYoungGen: 67101K->1392K(67584K)] 514590K->448880K(581632K), 0.0019639 secs] [Times: user=0.01 sys=0.00, real=0.00 secs] 
3330.646: [GC (Allocation Failure) [PSYoungGen: 66928K->1408K(67584K)] 514416K->448896K(581632K), 0.0020365 secs] [Times: user=0.01 sys=0.00, real=0.00 secs] 
3330.918: [GC (Allocation Failure) [PSYoungGen: 66944K->1344K(67584K)] 514432K->448832K(581632K), 0.0018897 secs] [Times: user=0.01 sys=0.00, real=0.01 secs] 
3331.192: [GC (Allocation Failure) [PSYoungGen: 66880K->1312K(67584K)] 514368K->448800K(581632K), 0.0026634 secs] [Times: user=0.01 sys=0.00, real=0.00 secs] 
3331.567: [GC (Allocation Failure) [PSYoungGen: 66848K->1501K(67584K)] 514336K->448990K(581632K), 0.0017301 secs] [Times: user=0.01 sys=0.00, real=0.00 secs] 
3331.960: [GC (Allocation Failure) [PSYoungGen: 67037K->1581K(67584K)] 514526K->449070K(581632K), 0.0017405 secs] [Times: user=0.00 sys=0.01, real=0.00 secs] 
3332.351: [GC (Allocation Failure) [PSYoungGen: 67117K->1613K(67584K)] 514606K->449102K(581632K), 0.0017311 secs] [Times: user=0.00 sys=0.00, real=0.00 secs] 
3332.741: [GC (Allocation Failure) [PSYoungGen: 67149K->1581K(67584K)] 514638K->449078K(581632K), 0.0017759 secs] [Times: user=0.01 sys=0.00, real=0.00 secs] 
3333.137: [GC (Allocation Failure) [PSYoungGen: 67117K->1408K(67584K)] 514614K->448904K(581632K), 0.0020110 secs] [Times: user=0.01 sys=0.00, real=0.01 secs] 
3333.523: [GC (Allocation Failure) [PSYoungGen: 66944K->1376K(67584K)] 514440K->448872K(581632K), 0.0022903 secs] [Times: user=0.01 sys=0.00, real=0.00 secs] 
3334.123: [GC (Allocation Failure) [PSYoungGen: 66912K->1376K(67584K)] 514408K->448872K(581632K), 0.0023434 secs] [Times: user=0.01 sys=0.00, real=0.00 secs] 
3334.770: [GC (Allocation Failure) [PSYoungGen: 66912K->1344K(67584K)] 514408K->448840K(581632K), 0.0025978 secs] [Times: user=0.01 sys=0.00, real=0.00 secs] 
3335.457: [GC (Allocation Failure) [PSYoungGen: 66880K->1517K(67584K)] 514376K->449014K(581632K), 0.0017054 secs] [Times: user=0.01 sys=0.00, real=0.00 secs] 
3335.840: [GC (Allocation Failure) [PSYoungGen: 67053K->1581K(67584K)] 514550K->449078K(581632K), 0.0017239 secs] [Times: user=0.01 sys=0.00, real=0.00 secs] 
3336.281: [GC (Allocation Failure) [PSYoungGen: 67117K->1565K(67584K)] 514614K->449062K(581632K), 0.0018079 secs] [Times: user=0.01 sys=0.00, real=0.00 secs] 
3336.727: [GC (Allocation Failure) [PSYoungGen: 67101K->1549K(67584K)] 514598K->449054K(581632K), 0.0018585 secs] [Times: user=0.00 sys=0.00, real=0.01 secs] 
3337.813: [GC (Allocation Failure) [PSYoungGen: 67085K->1376K(67584K)] 514590K->448880K(581632K), 0.0045143 secs] [Times: user=0.02 sys=0.00, real=0.00 secs] 
3338.322: [GC (Allocation Failure) [PSYoungGen: 66912K->1376K(67584K)] 514416K->448880K(581632K), 0.0024846 secs] [Times: user=0.01 sys=0.00, real=0.00 secs] 
3338.739: [GC (Allocation Failure) [PSYoungGen: 66912K->1344K(67584K)] 514416K->448848K(581632K), 0.0021725 secs] [Times: user=0.00 sys=0.00, real=0.00 secs] 
3339.049: [GC (Allocation Failure) [PSYoungGen: 66880K->1376K(67584K)] 514384K->448880K(581632K), 0.0020135 secs] [Times: user=0.01 sys=0.00, real=0.00 secs] 
3339.395: [GC (Allocation Failure) [PSYoungGen: 66912K->1533K(67584K)] 514416K->449038K(581632K), 0.0018229 secs] [Times: user=0.01 sys=0.00, real=0.00 secs] 
3339.785: [GC (Allocation Failure) [PSYoungGen: 67069K->1568K(67584K)] 514574K->449097K(581632K), 0.0017685 secs] [Times: user=0.01 sys=0.00, real=0.00 secs] 
3340.173: [GC (Allocation Failure) [PSYoungGen: 67104K->1613K(67584K)] 514633K->449142K(581632K), 0.0018262 secs] [Times: user=0.01 sys=0.00, real=0.00 secs] 
3340.562: [GC (Allocation Failure) [PSYoungGen: 67149K->1565K(67584K)] 514678K->449102K(581632K), 0.0017648 secs] [Times: user=0.01 sys=0.00, real=0.00 secs] 
3340.912: [GC (Allocation Failure) [PSYoungGen: 67101K->1408K(67584K)] 514638K->448944K(581632K), 0.0019341 secs] [Times: user=0.01 sys=0.00, real=0.00 secs] 
3341.184: [GC (Allocation Failure) [PSYoungGen: 66944K->1376K(67584K)] 514480K->448912K(581632K), 0.0018472 secs] [Times: user=0.01 sys=0.00, real=0.00 secs] 
3341.456: [GC (Allocation Failure) [PSYoungGen: 66912K->1344K(67584K)] 514448K->448880K(581632K), 0.0016548 secs] [Times: user=0.00 sys=0.00, real=0.00 secs] 
3341.727: [GC (Allocation Failure) [PSYoungGen: 66880K->1344K(67584K)] 514416K->448880K(581632K), 0.0016210 secs] [Times: user=0.00 sys=0.00, real=0.01 secs] 
3342.088: [GC (Allocation Failure) [PSYoungGen: 66880K->1501K(67584K)] 514416K->449038K(581632K), 0.0019088 secs] [Times: user=0.01 sys=0.00, real=0.01 secs] 
3342.479: [GC (Allocation Failure) [PSYoungGen: 67037K->1565K(67584K)] 514574K->449102K(581632K), 0.0017224 secs] [Times: user=0.01 sys=0.00, real=0.00 secs] 
3342.868: [GC (Allocation Failure) [PSYoungGen: 67101K->1581K(67584K)] 514638K->449118K(581632K), 0.0018756 secs] [Times: user=0.01 sys=0.00, real=0.01 secs] 
3343.256: [GC (Allocation Failure) [PSYoungGen: 67117K->1597K(67584K)] 514654K->449142K(581632K), 0.0018119 secs] [Times: user=0.01 sys=0.00, real=0.00 secs] 
3344.262: [GC (Allocation Failure) [PSYoungGen: 67133K->1440K(67584K)] 514678K->448984K(581632K), 0.0038550 secs] [Times: user=0.01 sys=0.00, real=0.00 secs] 
3344.889: [GC (Allocation Failure) [PSYoungGen: 66976K->1360K(67584K)] 514520K->448904K(581632K), 0.0027696 secs] [Times: user=0.01 sys=0.00, real=0.00 secs] 
3345.443: [GC (Allocation Failure) [PSYoungGen: 66896K->1376K(67584K)] 514440K->448920K(581632K), 0.0027868 secs] [Times: user=0.01 sys=0.00, real=0.00 secs] 
3345.826: [GC (Allocation Failure) [PSYoungGen: 66912K->1376K(67584K)] 514456K->448920K(581632K), 0.0019722 secs] [Times: user=0.01 sys=0.00, real=0.00 secs] 
3346.219: [GC (Allocation Failure) [PSYoungGen: 66912K->1501K(67584K)] 514456K->449046K(581632K), 0.0017635 secs] [Times: user=0.00 sys=0.00, real=0.01 secs] 
3346.608: [GC (Allocation Failure) [PSYoungGen: 67037K->1565K(67584K)] 514582K->449110K(581632K), 0.0018652 secs] [Times: user=0.01 sys=0.00, real=0.01 secs] 
3346.998: [GC (Allocation Failure) [PSYoungGen: 67101K->1568K(67584K)] 514646K->449113K(581632K), 0.0018288 secs] [Times: user=0.01 sys=0.00, real=0.01 secs] 
3347.388: [GC (Allocation Failure) [PSYoungGen: 67104K->1533K(67584K)] 514649K->449086K(581632K), 0.0018221 secs] [Times: user=0.01 sys=0.00, real=0.01 secs] 
3348.077: [GC (Allocation Failure) [PSYoungGen: 67069K->1440K(67584K)] 514622K->448992K(581632K), 0.0020042 secs] [Times: user=0.01 sys=0.01, real=0.01 secs] 
3348.622: [GC (Allocation Failure) [PSYoungGen: 66976K->1344K(67584K)] 514528K->448896K(581632K), 0.0036949 secs] [Times: user=0.02 sys=0.00, real=0.00 secs] 
3349.165: [GC (Allocation Failure) [PSYoungGen: 66880K->1344K(67584K)] 514432K->448896K(581632K), 0.0029311 secs] [Times: user=0.01 sys=0.00, real=0.00 secs] 
3349.655: [GC (Allocation Failure) [PSYoungGen: 66880K->1360K(67584K)] 514432K->448912K(581632K), 0.0029083 secs] [Times: user=0.01 sys=0.00, real=0.00 secs] 
3350.189: [GC (Allocation Failure) [PSYoungGen: 66896K->1469K(67584K)] 514448K->449038K(581632K), 0.0017821 secs] [Times: user=0.00 sys=0.00, real=0.00 secs] 
3350.576: [GC (Allocation Failure) [PSYoungGen: 67005K->1613K(67584K)] 514574K->449182K(581632K), 0.0019162 secs] [Times: user=0.01 sys=0.00, real=0.00 secs] 
3350.964: [GC (Allocation Failure) [PSYoungGen: 67149K->1581K(67584K)] 514718K->449150K(581632K), 0.0018704 secs] [Times: user=0.01 sys=0.00, real=0.00 secs] 
3351.353: [GC (Allocation Failure) [PSYoungGen: 67117K->1533K(67584K)] 514686K->449118K(581632K), 0.0017796 secs] [Times: user=0.01 sys=0.00, real=0.00 secs] 
3351.713: [GC (Allocation Failure) [PSYoungGen: 67069K->1376K(67584K)] 514654K->448960K(581632K), 0.0020226 secs] [Times: user=0.01 sys=0.00, real=0.00 secs] 
3352.040: [GC (Allocation Failure) [PSYoungGen: 66912K->1328K(67584K)] 514496K->448912K(581632K), 0.0021989 secs] [Times: user=0.00 sys=0.00, real=0.00 secs] 
3352.477: [GC (Allocation Failure) [PSYoungGen: 66864K->1376K(67584K)] 514448K->448960K(581632K), 0.0028277 secs] [Times: user=0.01 sys=0.00, real=0.01 secs] 
3353.019: [GC (Allocation Failure) [PSYoungGen: 66912K->1344K(67584K)] 514496K->448928K(581632K), 0.0026183 secs] [Times: user=0.01 sys=0.00, real=0.00 secs] 
3353.544: [GC (Allocation Failure) [PSYoungGen: 66880K->1440K(67584K)] 514464K->449024K(581632K), 0.0017932 secs] [Times: user=0.01 sys=0.00, real=0.00 secs] 
3353.930: [GC (Allocation Failure) [PSYoungGen: 66976K->1597K(67584K)] 514560K->449182K(581632K), 0.0017393 secs] [Times: user=0.01 sys=0.00, real=0.00 secs] 
3354.319: [GC (Allocation Failure) [PSYoungGen: 67133K->1533K(67584K)] 514718K->449118K(581632K), 0.0016975 secs] [Times: user=0.01 sys=0.00, real=0.00 secs] 
3354.712: [GC (Allocation Failure) [PSYoungGen: 67069K->1597K(67584K)] 514654K->449190K(581632K), 0.0017538 secs] [Times: user=0.00 sys=0.00, real=0.00 secs] 
3355.323: [GC (Allocation Failure) [PSYoungGen: 67133K->1424K(67584K)] 514726K->449016K(581632K), 0.0021176 secs] [Times: user=0.01 sys=0.00, real=0.00 secs] 
3355.801: [GC (Allocation Failure) [PSYoungGen: 66960K->1376K(67584K)] 514552K->448968K(581632K), 0.0021626 secs] [Times: user=0.00 sys=0.00, real=0.00 secs] 
3356.074: [GC (Allocation Failure) [PSYoungGen: 66912K->1344K(67584K)] 514504K->448936K(581632K), 0.0022283 secs] [Times: user=0.01 sys=0.00, real=0.00 secs] 
3356.390: [GC (Allocation Failure) [PSYoungGen: 66880K->1376K(67584K)] 514472K->448968K(581632K), 0.0021997 secs] [Times: user=0.01 sys=0.00, real=0.00 secs] 
3356.744: [GC (Allocation Failure) [PSYoungGen: 66912K->1469K(67584K)] 514504K->449062K(581632K), 0.0016617 secs] [Times: user=0.00 sys=0.00, real=0.00 secs] 
3357.137: [GC (Allocation Failure) [PSYoungGen: 67005K->1597K(67584K)] 514598K->449190K(581632K), 0.0017810 secs] [Times: user=0.01 sys=0.00, real=0.01 secs] 
3357.526: [GC (Allocation Failure) [PSYoungGen: 67133K->1597K(67584K)] 514726K->449190K(581632K), 0.0017532 secs] [Times: user=0.01 sys=0.00, real=0.00 secs] 
3357.915: [GC (Allocation Failure) [PSYoungGen: 67133K->1565K(67584K)] 514726K->449166K(581632K), 0.0018772 secs] [Times: user=0.01 sys=0.00, real=0.00 secs] 
3358.399: [GC (Allocation Failure) [PSYoungGen: 67101K->1424K(67584K)] 514702K->449024K(581632K), 0.0019644 secs] [Times: user=0.01 sys=0.00, real=0.00 secs] 
3358.712: [GC (Allocation Failure) [PSYoungGen: 66960K->1376K(67584K)] 514560K->448992K(581632K), 0.0019694 secs] [Times: user=0.01 sys=0.01, real=0.00 secs] 
3358.984: [GC (Allocation Failure) [PSYoungGen: 66912K->1376K(67584K)] 514528K->448992K(581632K), 0.0019252 secs] [Times: user=0.01 sys=0.00, real=0.00 secs] 
3359.289: [GC (Allocation Failure) [PSYoungGen: 66912K->1344K(67584K)] 514528K->448960K(581632K), 0.0019535 secs] [Times: user=0.01 sys=0.00, real=0.00 secs] 
3359.740: [GC (Allocation Failure) [PSYoungGen: 66880K->1501K(67584K)] 514496K->449118K(581632K), 0.0018122 secs] [Times: user=0.00 sys=0.00, real=0.00 secs] 
3360.129: [GC (Allocation Failure) [PSYoungGen: 67037K->1597K(67584K)] 514654K->449214K(581632K), 0.0017849 secs] [Times: user=0.01 sys=0.00, real=0.00 secs] 
3360.517: [GC (Allocation Failure) [PSYoungGen: 67133K->1549K(67584K)] 514750K->449166K(581632K), 0.0017517 secs] [Times: user=0.01 sys=0.00, real=0.00 secs] 
3360.905: [GC (Allocation Failure) [PSYoungGen: 67085K->1565K(67584K)] 514702K->449198K(581632K), 0.0017579 secs] [Times: user=0.00 sys=0.00, real=0.00 secs] 
3361.522: [GC (Allocation Failure) [PSYoungGen: 67101K->1392K(67584K)] 514734K->449024K(581632K), 0.0026095 secs] [Times: user=0.01 sys=0.00, real=0.00 secs] 
3362.102: [GC (Allocation Failure) [PSYoungGen: 66928K->1376K(67584K)] 514560K->449008K(581632K), 0.0025322 secs] [Times: user=0.01 sys=0.00, real=0.00 secs] 
3362.567: [GC (Allocation Failure) [PSYoungGen: 66912K->1376K(67584K)] 514544K->449008K(581632K), 0.0023131 secs] [Times: user=0.01 sys=0.00, real=0.01 secs] 
3362.877: [GC (Allocation Failure) [PSYoungGen: 66912K->1328K(67584K)] 514544K->448960K(581632K), 0.0020847 secs] [Times: user=0.01 sys=0.00, real=0.01 secs] 
3363.371: [GC (Allocation Failure) [PSYoungGen: 66864K->1453K(67584K)] 514496K->449086K(581632K), 0.0017761 secs] [Times: user=0.01 sys=0.00, real=0.00 secs] 
3363.757: [GC (Allocation Failure) [PSYoungGen: 66989K->1565K(67584K)] 514622K->449198K(581632K), 0.0016313 secs] [Times: user=0.01 sys=0.00, real=0.00 secs] 
3364.145: [GC (Allocation Failure) [PSYoungGen: 67101K->1549K(67584K)] 514734K->449182K(581632K), 0.0017563 secs] [Times: user=0.01 sys=0.00, real=0.00 secs] 
3364.534: [GC (Allocation Failure) [PSYoungGen: 67085K->1565K(67584K)] 514718K->449206K(581632K), 0.0017454 secs] [Times: user=0.00 sys=0.00, real=0.00 secs] 
3364.889: [GC (Allocation Failure) [PSYoungGen: 67101K->1392K(67584K)] 514742K->449032K(581632K), 0.0018290 secs] [Times: user=0.01 sys=0.00, real=0.01 secs] 
3365.161: [GC (Allocation Failure) [PSYoungGen: 66928K->1376K(67584K)] 514568K->449016K(581632K), 0.0018249 secs] [Times: user=0.01 sys=0.00, real=0.00 secs] 
3365.489: [GC (Allocation Failure) [PSYoungGen: 66912K->1376K(67584K)] 514552K->449016K(581632K), 0.0036724 secs] [Times: user=0.02 sys=0.00, real=0.00 secs] 
3365.996: [GC (Allocation Failure) [PSYoungGen: 66912K->1376K(67584K)] 514552K->449016K(581632K), 0.0031372 secs] [Times: user=0.01 sys=0.00, real=0.01 secs] 
3366.582: [GC (Allocation Failure) [PSYoungGen: 66912K->1437K(67584K)] 514552K->449078K(581632K), 0.0017576 secs] [Times: user=0.01 sys=0.00, real=0.00 secs] 
3366.969: [GC (Allocation Failure) [PSYoungGen: 66973K->1581K(67584K)] 514614K->449222K(581632K), 0.0017419 secs] [Times: user=0.01 sys=0.00, real=0.00 secs] 
3367.361: [GC (Allocation Failure) [PSYoungGen: 67117K->1565K(67584K)] 514758K->449206K(581632K), 0.0017719 secs] [Times: user=0.01 sys=0.00, real=0.00 secs] 
3367.749: [GC (Allocation Failure) [PSYoungGen: 67101K->1597K(67584K)] 514742K->449246K(581632K), 0.0017281 secs] [Times: user=0.01 sys=0.00, real=0.00 secs] 
3368.144: [GC (Allocation Failure) [PSYoungGen: 67133K->1424K(67584K)] 514782K->449072K(581632K), 0.0018260 secs] [Times: user=0.01 sys=0.00, real=0.00 secs] 
3368.473: [GC (Allocation Failure) [PSYoungGen: 66960K->1344K(67584K)] 514608K->449008K(581632K), 0.0020626 secs] [Times: user=0.01 sys=0.00, real=0.00 secs] 
3368.785: [GC (Allocation Failure) [PSYoungGen: 66880K->1344K(67584K)] 514544K->449008K(581632K), 0.0019864 secs] [Times: user=0.01 sys=0.00, real=0.00 secs] 
3369.093: [GC (Allocation Failure) [PSYoungGen: 66880K->1376K(67584K)] 514544K->449040K(581632K), 0.0018595 secs] [Times: user=0.01 sys=0.00, real=0.00 secs] 
3369.485: [GC (Allocation Failure) [PSYoungGen: 66912K->1469K(67584K)] 514576K->449134K(581632K), 0.0017731 secs] [Times: user=0.00 sys=0.00, real=0.00 secs] 
3369.874: [GC (Allocation Failure) [PSYoungGen: 67005K->1533K(67584K)] 514670K->449198K(581632K), 0.0018364 secs] [Times: user=0.01 sys=0.00, real=0.00 secs] 
3370.261: [GC (Allocation Failure) [PSYoungGen: 67069K->1613K(67584K)] 514734K->449278K(581632K), 0.0017421 secs] [Times: user=0.00 sys=0.00, real=0.00 secs] 
3370.650: [GC (Allocation Failure) [PSYoungGen: 67149K->1565K(67584K)] 514814K->449238K(581632K), 0.0019078 secs] [Times: user=0.00 sys=0.00, real=0.00 secs] 
3371.015: [GC (Allocation Failure) [PSYoungGen: 67101K->1424K(67584K)] 514774K->449096K(581632K), 0.0020913 secs] [Times: user=0.00 sys=0.00, real=0.00 secs] 
3371.334: [GC (Allocation Failure) [PSYoungGen: 66960K->1344K(67584K)] 514632K->449016K(581632K), 0.0020228 secs] [Times: user=0.01 sys=0.00, real=0.00 secs] 
3371.607: [GC (Allocation Failure) [PSYoungGen: 66880K->1376K(67584K)] 514552K->449048K(581632K), 0.0020447 secs] [Times: user=0.01 sys=0.00, real=0.01 secs] 
3371.879: [GC (Allocation Failure) [PSYoungGen: 66912K->1376K(67584K)] 514584K->449048K(581632K), 0.0021176 secs] [Times: user=0.00 sys=0.00, real=0.00 secs] 
3372.235: [GC (Allocation Failure) [PSYoungGen: 66912K->1469K(67584K)] 514584K->449142K(581632K), 0.0017984 secs] [Times: user=0.01 sys=0.00, real=0.00 secs] 
3372.681: [GC (Allocation Failure) [PSYoungGen: 67005K->1565K(67584K)] 514678K->449246K(581632K), 0.0020791 secs] [Times: user=0.01 sys=0.00, real=0.00 secs] 
3373.068: [GC (Allocation Failure) [PSYoungGen: 67101K->1597K(67584K)] 514782K->449278K(581632K), 0.0017984 secs] [Times: user=0.01 sys=0.00, real=0.01 secs] 
3373.522: [GC (Allocation Failure) [PSYoungGen: 67133K->1597K(67584K)] 514814K->449286K(581632K), 0.0017734 secs] [Times: user=0.01 sys=0.00, real=0.00 secs] 
3373.893: [GC (Allocation Failure) [PSYoungGen: 67133K->1424K(67584K)] 514822K->449112K(581632K), 0.0026869 secs] [Times: user=0.01 sys=0.00, real=0.00 secs] 
3374.167: [GC (Allocation Failure) [PSYoungGen: 66960K->1328K(67584K)] 514648K->449016K(581632K), 0.0023281 secs] [Times: user=0.01 sys=0.00, real=0.01 secs] 
3374.439: [GC (Allocation Failure) [PSYoungGen: 66864K->1376K(67584K)] 514552K->449064K(581632K), 0.0021410 secs] [Times: user=0.01 sys=0.00, real=0.00 secs] 
3374.712: [GC (Allocation Failure) [PSYoungGen: 66912K->1376K(67584K)] 514600K->449072K(581632K), 0.0020319 secs] [Times: user=0.01 sys=0.00, real=0.00 secs] 
3375.061: [GC (Allocation Failure) [PSYoungGen: 66912K->1437K(67584K)] 514608K->449134K(581632K), 0.0017065 secs] [Times: user=0.01 sys=0.00, real=0.00 secs] 
3375.509: [GC (Allocation Failure) [PSYoungGen: 66973K->1597K(67584K)] 514670K->449294K(581632K), 0.0017709 secs] [Times: user=0.01 sys=0.00, real=0.01 secs] 
3375.961: [GC (Allocation Failure) [PSYoungGen: 67133K->1597K(67584K)] 514830K->449294K(581632K), 0.0017790 secs] [Times: user=0.01 sys=0.00, real=0.00 secs] 
3376.353: [GC (Allocation Failure) [PSYoungGen: 67133K->1597K(67584K)] 514830K->449310K(581632K), 0.0017931 secs] [Times: user=0.01 sys=0.00, real=0.00 secs] 
3376.715: [GC (Allocation Failure) [PSYoungGen: 67133K->1424K(67584K)] 514846K->449136K(581632K), 0.0029949 secs] [Times: user=0.01 sys=0.00, real=0.00 secs] 
3377.034: [GC (Allocation Failure) [PSYoungGen: 66960K->1376K(67584K)] 514672K->449088K(581632K), 0.0021623 secs] [Times: user=0.01 sys=0.00, real=0.00 secs] 
3377.328: [GC (Allocation Failure) [PSYoungGen: 66912K->1344K(67584K)] 514624K->449056K(581632K), 0.0021214 secs] [Times: user=0.01 sys=0.00, real=0.01 secs] 
3377.631: [GC (Allocation Failure) [PSYoungGen: 66880K->1376K(67584K)] 514592K->449088K(581632K), 0.0020469 secs] [Times: user=0.00 sys=0.00, real=0.00 secs] 
3377.983: [GC (Allocation Failure) [PSYoungGen: 66911K->1469K(67584K)] 514624K->449206K(581632K), 0.0018061 secs] [Times: user=0.01 sys=0.00, real=0.00 secs] 
3378.370: [GC (Allocation Failure) [PSYoungGen: 67005K->1501K(67584K)] 514742K->449238K(581632K), 0.0017599 secs] [Times: user=0.01 sys=0.00, real=0.00 secs] 
3378.757: [GC (Allocation Failure) [PSYoungGen: 67037K->1533K(67584K)] 514774K->449270K(581632K), 0.0018747 secs] [Times: user=0.01 sys=0.00, real=0.01 secs] 
3379.147: [GC (Allocation Failure) [PSYoungGen: 67069K->1581K(67584K)] 514806K->449326K(581632K), 0.0017542 secs] [Times: user=0.01 sys=0.00, real=0.01 secs] 
3379.761: [GC (Allocation Failure) [PSYoungGen: 67117K->1392K(67584K)] 514862K->449136K(581632K), 0.0019430 secs] [Times: user=0.01 sys=0.00, real=0.00 secs] 
3380.252: [GC (Allocation Failure) [PSYoungGen: 66928K->1376K(67584K)] 514672K->449120K(581632K), 0.0020639 secs] [Times: user=0.01 sys=0.00, real=0.00 secs] 
3380.874: [GC (Allocation Failure) [PSYoungGen: 66912K->1360K(67584K)] 514656K->449104K(581632K), 0.0024942 secs] [Times: user=0.01 sys=0.00, real=0.00 secs] 
3381.428: [GC (Allocation Failure) [PSYoungGen: 66896K->1344K(67584K)] 514640K->449088K(581632K), 0.0022596 secs] [Times: user=0.01 sys=0.00, real=0.01 secs] 
3382.054: [GC (Allocation Failure) [PSYoungGen: 66880K->1501K(67584K)] 514624K->449246K(581632K), 0.0018261 secs] [Times: user=0.00 sys=0.00, real=0.00 secs] 
3382.452: [GC (Allocation Failure) [PSYoungGen: 67037K->1565K(67584K)] 514782K->449310K(581632K), 0.0017285 secs] [Times: user=0.01 sys=0.00, real=0.00 secs] 
3382.841: [GC (Allocation Failure) [PSYoungGen: 67101K->1581K(67584K)] 514846K->449326K(581632K), 0.0017465 secs] [Times: user=0.01 sys=0.00, real=0.00 secs] 
3383.229: [GC (Allocation Failure) [PSYoungGen: 67117K->1581K(67584K)] 514862K->449334K(581632K), 0.0017463 secs] [Times: user=0.00 sys=0.00, real=0.00 secs] 
3383.714: [GC (Allocation Failure) [PSYoungGen: 67117K->1424K(67584K)] 514870K->449176K(581632K), 0.0021813 secs] [Times: user=0.01 sys=0.00, real=0.00 secs] 
3383.987: [GC (Allocation Failure) [PSYoungGen: 66960K->1376K(67584K)] 514712K->449128K(581632K), 0.0021578 secs] [Times: user=0.00 sys=0.00, real=0.01 secs] 
3384.289: [GC (Allocation Failure) [PSYoungGen: 66912K->1344K(67584K)] 514664K->449096K(581632K), 0.0020439 secs] [Times: user=0.01 sys=0.00, real=0.00 secs] 
3384.678: [GC (Allocation Failure) [PSYoungGen: 66880K->1376K(67584K)] 514632K->449128K(581632K), 0.0022828 secs] [Times: user=0.00 sys=0.00, real=0.01 secs] 
3385.102: [GC (Allocation Failure) [PSYoungGen: 66912K->1501K(67584K)] 514664K->449254K(581632K), 0.0018045 secs] [Times: user=0.01 sys=0.00, real=0.00 secs] 
3385.492: [GC (Allocation Failure) [PSYoungGen: 67037K->1581K(67584K)] 514790K->449334K(581632K), 0.0018616 secs] [Times: user=0.01 sys=0.00, real=0.00 secs] 
3385.880: [GC (Allocation Failure) [PSYoungGen: 67117K->1581K(67584K)] 514870K->449334K(581632K), 0.0018591 secs] [Times: user=0.01 sys=0.00, real=0.00 secs] 
3386.272: [GC (Allocation Failure) [PSYoungGen: 67117K->1549K(67584K)] 514870K->449310K(581632K), 0.0017757 secs] [Times: user=0.01 sys=0.00, real=0.00 secs] 
3386.639: [GC (Allocation Failure) [PSYoungGen: 67085K->1456K(67584K)] 514846K->449216K(581632K), 0.0019520 secs] [Times: user=0.01 sys=0.00, real=0.00 secs] 
3386.911: [GC (Allocation Failure) [PSYoungGen: 66992K->1376K(67584K)] 514752K->449136K(581632K), 0.0018292 secs] [Times: user=0.01 sys=0.00, real=0.00 secs] 
3387.460: [GC (Allocation Failure) [PSYoungGen: 66912K->1360K(67584K)] 514672K->449120K(581632K), 0.0018975 secs] [Times: user=0.00 sys=0.00, real=0.00 secs] 
3387.999: [GC (Allocation Failure) [PSYoungGen: 66896K->1376K(67584K)] 514656K->449136K(581632K), 0.0020879 secs] [Times: user=0.00 sys=0.00, real=0.00 secs] 
3388.501: [GC (Allocation Failure) [PSYoungGen: 66912K->1501K(67584K)] 514672K->449286K(581632K), 0.0016539 secs] [Times: user=0.01 sys=0.00, real=0.00 secs] 
3388.890: [GC (Allocation Failure) [PSYoungGen: 67037K->1613K(67584K)] 514822K->449398K(581632K), 0.0017220 secs] [Times: user=0.01 sys=0.00, real=0.00 secs] 
3389.340: [GC (Allocation Failure) [PSYoungGen: 67149K->1581K(67584K)] 514934K->449366K(581632K), 0.0018140 secs] [Times: user=0.01 sys=0.00, real=0.00 secs] 
3389.729: [GC (Allocation Failure) [PSYoungGen: 67117K->1501K(67584K)] 514902K->449294K(581632K), 0.0018293 secs] [Times: user=0.00 sys=0.00, real=0.00 secs] 
3390.112: [GC (Allocation Failure) [PSYoungGen: 67037K->1424K(67584K)] 514830K->449216K(581632K), 0.0027691 secs] [Times: user=0.01 sys=0.00, real=0.00 secs] 
3390.437: [GC (Allocation Failure) [PSYoungGen: 66960K->1360K(67584K)] 514752K->449152K(581632K), 0.0022682 secs] [Times: user=0.01 sys=0.00, real=0.01 secs] 
3391.002: [GC (Allocation Failure) [PSYoungGen: 66896K->1344K(67584K)] 514688K->449136K(581632K), 0.0023391 secs] [Times: user=0.01 sys=0.00, real=0.00 secs] 
3391.672: [GC (Allocation Failure) [PSYoungGen: 66880K->1376K(67584K)] 514672K->449168K(581632K), 0.0043246 secs] [Times: user=0.02 sys=0.00, real=0.00 secs] 
3392.403: [GC (Allocation Failure) [PSYoungGen: 66912K->1437K(67584K)] 514704K->449230K(581632K), 0.0017680 secs] [Times: user=0.01 sys=0.00, real=0.00 secs] 
3392.804: [GC (Allocation Failure) [PSYoungGen: 66973K->1613K(67584K)] 514766K->449406K(581632K), 0.0017639 secs] [Times: user=0.01 sys=0.00, real=0.00 secs] 
3393.251: [GC (Allocation Failure) [PSYoungGen: 67149K->1581K(67584K)] 514942K->449374K(581632K), 0.0018215 secs] [Times: user=0.01 sys=0.00, real=0.00 secs] 
3393.639: [GC (Allocation Failure) [PSYoungGen: 67117K->1581K(67584K)] 514910K->449382K(581632K), 0.0018396 secs] [Times: user=0.00 sys=0.00, real=0.00 secs] 
3394.058: [GC (Allocation Failure) [PSYoungGen: 67117K->1392K(67584K)] 514918K->449192K(581632K), 0.0028510 secs] [Times: user=0.02 sys=0.00, real=0.01 secs] 
3394.346: [GC (Allocation Failure) [PSYoungGen: 66928K->1344K(67584K)] 514728K->449144K(581632K), 0.0022886 secs] [Times: user=0.01 sys=0.00, real=0.01 secs] 
3394.772: [GC (Allocation Failure) [PSYoungGen: 66880K->1376K(67584K)] 514680K->449176K(581632K), 0.0022638 secs] [Times: user=0.01 sys=0.00, real=0.00 secs] 
3395.438: [GC (Allocation Failure) [PSYoungGen: 66912K->1376K(67584K)] 514712K->449176K(581632K), 0.0023930 secs] [Times: user=0.01 sys=0.00, real=0.01 secs] 
3396.058: [GC (Allocation Failure) [PSYoungGen: 66912K->1437K(67584K)] 514712K->449238K(581632K), 0.0017437 secs] [Times: user=0.01 sys=0.00, real=0.01 secs] 
3396.447: [GC (Allocation Failure) [PSYoungGen: 66973K->1533K(67584K)] 514774K->449334K(581632K), 0.0017491 secs] [Times: user=0.01 sys=0.00, real=0.00 secs] 
3396.838: [GC (Allocation Failure) [PSYoungGen: 67069K->1565K(67584K)] 514870K->449366K(581632K), 0.0017069 secs] [Times: user=0.01 sys=0.00, real=0.01 secs] 
3397.227: [GC (Allocation Failure) [PSYoungGen: 67101K->1565K(67584K)] 514902K->449374K(581632K), 0.0018346 secs] [Times: user=0.01 sys=0.00, real=0.00 secs] 
3398.070: [GC (Allocation Failure) [PSYoungGen: 67101K->1392K(67584K)] 514910K->449200K(581632K), 0.0023901 secs] [Times: user=0.01 sys=0.00, real=0.00 secs] 
3398.664: [GC (Allocation Failure) [PSYoungGen: 66928K->1376K(67584K)] 514736K->449184K(581632K), 0.0023355 secs] [Times: user=0.00 sys=0.00, real=0.00 secs] 
3399.397: [GC (Allocation Failure) [PSYoungGen: 66912K->1376K(67584K)] 514720K->449184K(581632K), 0.0023274 secs] [Times: user=0.01 sys=0.00, real=0.01 secs] 
3400.273: [GC (Allocation Failure) [PSYoungGen: 66912K->1376K(67584K)] 514720K->449200K(581632K), 0.0026249 secs] [Times: user=0.01 sys=0.00, real=0.00 secs] 
3401.240: [GC (Allocation Failure) [PSYoungGen: 66912K->1405K(67584K)] 514736K->449230K(581632K), 0.0016855 secs] [Times: user=0.00 sys=0.01, real=0.00 secs] 
3401.626: [GC (Allocation Failure) [PSYoungGen: 66941K->1581K(67584K)] 514766K->449406K(581632K), 0.0018244 secs] [Times: user=0.01 sys=0.00, real=0.00 secs] 
3402.016: [GC (Allocation Failure) [PSYoungGen: 67117K->1581K(67584K)] 514942K->449406K(581632K), 0.0017443 secs] [Times: user=0.00 sys=0.00, real=0.00 secs] 
3402.408: [GC (Allocation Failure) [PSYoungGen: 67117K->1597K(67584K)] 514942K->449438K(581632K), 0.0019040 secs] [Times: user=0.01 sys=0.00, real=0.01 secs] 
3402.950: [GC (Allocation Failure) [PSYoungGen: 67133K->1424K(67584K)] 514974K->449264K(581632K), 0.0020356 secs] [Times: user=0.00 sys=0.00, real=0.00 secs] 
3403.434: [GC (Allocation Failure) [PSYoungGen: 66960K->1344K(67584K)] 514800K->449184K(581632K), 0.0020956 secs] [Times: user=0.01 sys=0.00, real=0.00 secs] 
3403.998: [GC (Allocation Failure) [PSYoungGen: 66880K->1376K(67584K)] 514720K->449216K(581632K), 0.0022648 secs] [Times: user=0.00 sys=0.00, real=0.01 secs] 
3405.140: [GC (Allocation Failure) [PSYoungGen: 66912K->1376K(67584K)] 514752K->449216K(581632K), 0.0030643 secs] [Times: user=0.01 sys=0.00, real=0.00 secs] 
3406.157: [GC (Allocation Failure) [PSYoungGen: 66912K->1469K(67584K)] 514752K->449310K(581632K), 0.0018855 secs] [Times: user=0.01 sys=0.00, real=0.01 secs] 
3406.544: [GC (Allocation Failure) [PSYoungGen: 67005K->1597K(67584K)] 514846K->449438K(581632K), 0.0017921 secs] [Times: user=0.01 sys=0.00, real=0.00 secs] 
3406.932: [GC (Allocation Failure) [PSYoungGen: 67133K->1549K(67584K)] 514974K->449390K(581632K), 0.0017836 secs] [Times: user=0.01 sys=0.00, real=0.00 secs] 
3407.382: [GC (Allocation Failure) [PSYoungGen: 67085K->1597K(67584K)] 514926K->449454K(581632K), 0.0017597 secs] [Times: user=0.01 sys=0.00, real=0.00 secs] 
3408.490: [GC (Allocation Failure) [PSYoungGen: 67133K->1456K(67584K)] 514990K->449312K(581632K), 0.0034091 secs] [Times: user=0.01 sys=0.00, real=0.00 secs] 
3409.038: [GC (Allocation Failure) [PSYoungGen: 66992K->1376K(67584K)] 514848K->449232K(581632K), 0.0024722 secs] [Times: user=0.01 sys=0.00, real=0.01 secs] 
3409.578: [GC (Allocation Failure) [PSYoungGen: 66912K->1376K(67584K)] 514768K->449232K(581632K), 0.0024055 secs] [Times: user=0.01 sys=0.00, real=0.01 secs] 
3410.157: [GC (Allocation Failure) [PSYoungGen: 66912K->1376K(67584K)] 514768K->449232K(581632K), 0.0038657 secs] [Times: user=0.01 sys=0.00, real=0.01 secs] 
3410.764: [GC (Allocation Failure) [PSYoungGen: 66912K->1437K(67584K)] 514768K->449294K(581632K), 0.0017352 secs] [Times: user=0.01 sys=0.00, real=0.00 secs] 
3411.153: [GC (Allocation Failure) [PSYoungGen: 66973K->1565K(67584K)] 514830K->449422K(581632K), 0.0018062 secs] [Times: user=0.01 sys=0.00, real=0.00 secs] 
3411.541: [GC (Allocation Failure) [PSYoungGen: 67101K->1597K(67584K)] 514958K->449478K(581632K), 0.0017638 secs] [Times: user=0.01 sys=0.00, real=0.00 secs] 
3411.929: [GC (Allocation Failure) [PSYoungGen: 67133K->1581K(67584K)] 515014K->449470K(581632K), 0.0018503 secs] [Times: user=0.01 sys=0.00, real=0.00 secs] 
3412.281: [GC (Allocation Failure) [PSYoungGen: 67117K->1424K(67584K)] 515006K->449312K(581632K), 0.0019555 secs] [Times: user=0.01 sys=0.00, real=0.00 secs] 
3412.833: [GC (Allocation Failure) [PSYoungGen: 66960K->1376K(67584K)] 514848K->449264K(581632K), 0.0020661 secs] [Times: user=0.01 sys=0.00, real=0.00 secs] 
3413.418: [GC (Allocation Failure) [PSYoungGen: 66912K->1344K(67584K)] 514800K->449232K(581632K), 0.0030468 secs] [Times: user=0.01 sys=0.00, real=0.01 secs] 
3414.231: [GC (Allocation Failure) [PSYoungGen: 66880K->1344K(67584K)] 514768K->449232K(581632K), 0.0043700 secs] [Times: user=0.02 sys=0.00, real=0.00 secs] 
3415.091: [GC (Allocation Failure) [PSYoungGen: 66880K->1453K(67584K)] 514768K->449342K(581632K), 0.0019153 secs] [Times: user=0.01 sys=0.00, real=0.00 secs] 
3415.484: [GC (Allocation Failure) [PSYoungGen: 66989K->1533K(67584K)] 514878K->449422K(581632K), 0.0017886 secs] [Times: user=0.01 sys=0.00, real=0.00 secs] 
3415.874: [GC (Allocation Failure) [PSYoungGen: 67069K->1597K(67584K)] 514958K->449486K(581632K), 0.0017658 secs] [Times: user=0.01 sys=0.00, real=0.00 secs] 
3416.262: [GC (Allocation Failure) [PSYoungGen: 67133K->1565K(67584K)] 515022K->449462K(581632K), 0.0018611 secs] [Times: user=0.00 sys=0.00, real=0.00 secs] 
3417.037: [GC (Allocation Failure) [PSYoungGen: 67101K->1456K(67584K)] 514998K->449352K(581632K), 0.0042055 secs] [Times: user=0.02 sys=0.00, real=0.01 secs] 
3417.685: [GC (Allocation Failure) [PSYoungGen: 66992K->1376K(67584K)] 514888K->449272K(581632K), 0.0028513 secs] [Times: user=0.01 sys=0.00, real=0.00 secs] 
3418.294: [GC (Allocation Failure) [PSYoungGen: 66912K->1344K(67584K)] 514808K->449240K(581632K), 0.0031559 secs] [Times: user=0.01 sys=0.00, real=0.00 secs] 
3418.986: [GC (Allocation Failure) [PSYoungGen: 66880K->1376K(67584K)] 514776K->449272K(581632K), 0.0031581 secs] [Times: user=0.02 sys=0.00, real=0.01 secs] 
3419.709: [GC (Allocation Failure) [PSYoungGen: 66912K->1440K(67584K)] 514808K->449337K(581632K), 0.0018093 secs] [Times: user=0.01 sys=0.00, real=0.00 secs] 
3420.097: [GC (Allocation Failure) [PSYoungGen: 66976K->1565K(67584K)] 514873K->449462K(581632K), 0.0018051 secs] [Times: user=0.01 sys=0.00, real=0.00 secs] 
3420.484: [GC (Allocation Failure) [PSYoungGen: 67101K->1581K(67584K)] 514998K->449478K(581632K), 0.0017626 secs] [Times: user=0.01 sys=0.00, real=0.00 secs] 
3420.873: [GC (Allocation Failure) [PSYoungGen: 67117K->1565K(67584K)] 515014K->449470K(581632K), 0.0017698 secs] [Times: user=0.01 sys=0.00, real=0.00 secs] 
3421.365: [GC (Allocation Failure) [PSYoungGen: 67101K->1456K(67584K)] 515006K->449376K(581632K), 0.0019406 secs] [Times: user=0.01 sys=0.00, real=0.00 secs] 
3421.907: [GC (Allocation Failure) [PSYoungGen: 66992K->1376K(67584K)] 514912K->449296K(581632K), 0.0021777 secs] [Times: user=0.01 sys=0.00, real=0.01 secs] 
3422.449: [GC (Allocation Failure) [PSYoungGen: 66912K->1376K(67584K)] 514832K->449296K(581632K), 0.0030095 secs] [Times: user=0.02 sys=0.00, real=0.00 secs] 
3422.903: [GC (Allocation Failure) [PSYoungGen: 66912K->1360K(67584K)] 514832K->449280K(581632K), 0.0025954 secs] [Times: user=0.01 sys=0.00, real=0.00 secs] 
3423.244: [GC (Allocation Failure) [PSYoungGen: 66896K->1485K(67584K)] 514816K->449406K(581632K), 0.0016166 secs] [Times: user=0.01 sys=0.00, real=0.00 secs] 
3423.696: [GC (Allocation Failure) [PSYoungGen: 67021K->1581K(67584K)] 514942K->449502K(581632K), 0.0018152 secs] [Times: user=0.01 sys=0.00, real=0.00 secs] 
3424.084: [GC (Allocation Failure) [PSYoungGen: 67117K->1565K(67584K)] 515038K->449486K(581632K), 0.0017936 secs] [Times: user=0.01 sys=0.00, real=0.00 secs] 
3424.472: [GC (Allocation Failure) [PSYoungGen: 67101K->1613K(67584K)] 515022K->449542K(581632K), 0.0018251 secs] [Times: user=0.01 sys=0.00, real=0.00 secs] 
3425.015: [GC (Allocation Failure) [PSYoungGen: 67149K->1456K(67584K)] 515078K->449384K(581632K), 0.0033811 secs] [Times: user=0.01 sys=0.00, real=0.00 secs] 
3425.299: [GC (Allocation Failure) [PSYoungGen: 66992K->1376K(67584K)] 514920K->449304K(581632K), 0.0023036 secs] [Times: user=0.01 sys=0.01, real=0.00 secs] 
3425.579: [GC (Allocation Failure) [PSYoungGen: 66912K->1376K(67584K)] 514840K->449304K(581632K), 0.0021722 secs] [Times: user=0.01 sys=0.00, real=0.00 secs] 
3425.900: [GC (Allocation Failure) [PSYoungGen: 66912K->1376K(67584K)] 514840K->449304K(581632K), 0.0020707 secs] [Times: user=0.01 sys=0.00, real=0.00 secs] 
3426.242: [GC (Allocation Failure) [PSYoungGen: 66912K->1421K(67584K)] 514840K->449350K(581632K), 0.0017438 secs] [Times: user=0.01 sys=0.00, real=0.00 secs] 
3426.628: [GC (Allocation Failure) [PSYoungGen: 66957K->1517K(67584K)] 514886K->449446K(581632K), 0.0017585 secs] [Times: user=0.01 sys=0.00, real=0.01 secs] 
3427.016: [GC (Allocation Failure) [PSYoungGen: 67053K->1613K(67584K)] 514982K->449542K(581632K), 0.0017194 secs] [Times: user=0.01 sys=0.00, real=0.00 secs] 
3427.442: [GC (Allocation Failure) [PSYoungGen: 67149K->1549K(67584K)] 515078K->449486K(581632K), 0.0017626 secs] [Times: user=0.01 sys=0.00, real=0.00 secs] 
3427.998: [GC (Allocation Failure) [PSYoungGen: 67085K->1456K(67584K)] 515022K->449392K(581632K), 0.0029944 secs] [Times: user=0.01 sys=0.00, real=0.01 secs] 
3428.534: [GC (Allocation Failure) [PSYoungGen: 66992K->1344K(67584K)] 514928K->449296K(581632K), 0.0029530 secs] [Times: user=0.01 sys=0.00, real=0.00 secs] 
3429.266: [GC (Allocation Failure) [PSYoungGen: 66880K->1376K(67584K)] 514832K->449328K(581632K), 0.0037054 secs] [Times: user=0.02 sys=0.00, real=0.01 secs] 
3429.903: [GC (Allocation Failure) [PSYoungGen: 66912K->1376K(67584K)] 514864K->449328K(581632K), 0.0031236 secs] [Times: user=0.01 sys=0.00, real=0.00 secs] 
3430.559: [GC (Allocation Failure) [PSYoungGen: 66912K->1421K(67584K)] 514864K->449374K(581632K), 0.0020397 secs] [Times: user=0.00 sys=0.00, real=0.00 secs] 
3430.955: [GC (Allocation Failure) [PSYoungGen: 66957K->1565K(67584K)] 514910K->449518K(581632K), 0.0017951 secs] [Times: user=0.00 sys=0.00, real=0.00 secs] 
3431.346: [GC (Allocation Failure) [PSYoungGen: 67101K->1565K(67584K)] 515054K->449518K(581632K), 0.0017385 secs] [Times: user=0.01 sys=0.00, real=0.00 secs] 
3431.734: [GC (Allocation Failure) [PSYoungGen: 67101K->1533K(67584K)] 515054K->449494K(581632K), 0.0017205 secs] [Times: user=0.01 sys=0.01, real=0.00 secs] 
3432.415: [GC (Allocation Failure) [PSYoungGen: 67069K->1456K(67584K)] 515030K->449416K(581632K), 0.0019862 secs] [Times: user=0.00 sys=0.00, real=0.00 secs] 
3433.057: [GC (Allocation Failure) [PSYoungGen: 66992K->1376K(67584K)] 514952K->449336K(581632K), 0.0019984 secs] [Times: user=0.01 sys=0.01, real=0.01 secs] 
3433.621: [GC (Allocation Failure) [PSYoungGen: 66912K->1376K(67584K)] 514872K->449336K(581632K), 0.0018636 secs] [Times: user=0.00 sys=0.00, real=0.00 secs] 
3433.894: [GC (Allocation Failure) [PSYoungGen: 66912K->1408K(67584K)] 514872K->449368K(581632K), 0.0019944 secs] [Times: user=0.01 sys=0.00, real=0.00 secs] 
3434.216: [GC (Allocation Failure) [PSYoungGen: 66944K->1488K(67584K)] 514904K->449449K(581632K), 0.0016702 secs] [Times: user=0.01 sys=0.00, real=0.00 secs] 
3434.603: [GC (Allocation Failure) [PSYoungGen: 67024K->1597K(67584K)] 514985K->449558K(581632K), 0.0017154 secs] [Times: user=0.01 sys=0.00, real=0.00 secs] 
3434.991: [GC (Allocation Failure) [PSYoungGen: 67133K->1613K(67584K)] 515094K->449574K(581632K), 0.0017096 secs] [Times: user=0.01 sys=0.00, real=0.00 secs] 
3435.380: [GC (Allocation Failure) [PSYoungGen: 67149K->1597K(67584K)] 515110K->449566K(581632K), 0.0017412 secs] [Times: user=0.01 sys=0.00, real=0.00 secs] 
3435.726: [GC (Allocation Failure) [PSYoungGen: 67133K->1488K(67584K)] 515102K->449456K(581632K), 0.0019668 secs] [Times: user=0.00 sys=0.00, real=0.00 secs] 
3436.072: [GC (Allocation Failure) [PSYoungGen: 67024K->1360K(67584K)] 514992K->449328K(581632K), 0.0021308 secs] [Times: user=0.01 sys=0.00, real=0.00 secs] 
3436.567: [GC (Allocation Failure) [PSYoungGen: 66896K->1392K(67584K)] 514864K->449360K(581632K), 0.0031283 secs] [Times: user=0.01 sys=0.00, real=0.01 secs] 
3437.088: [GC (Allocation Failure) [PSYoungGen: 66928K->1376K(67584K)] 514896K->449344K(581632K), 0.0028844 secs] [Times: user=0.01 sys=0.00, real=0.01 secs] 
3437.636: [GC (Allocation Failure) [PSYoungGen: 66901K->1485K(67584K)] 514870K->449454K(581632K), 0.0016941 secs] [Times: user=0.01 sys=0.00, real=0.00 secs] 
3438.079: [GC (Allocation Failure) [PSYoungGen: 67021K->1533K(67584K)] 514990K->449502K(581632K), 0.0017782 secs] [Times: user=0.01 sys=0.00, real=0.00 secs] 
3438.466: [GC (Allocation Failure) [PSYoungGen: 67069K->1597K(67584K)] 515038K->449566K(581632K), 0.0018856 secs] [Times: user=0.00 sys=0.00, real=0.00 secs] 
3438.917: [GC (Allocation Failure) [PSYoungGen: 67133K->1581K(67584K)] 515102K->449574K(581632K), 0.0017288 secs] [Times: user=0.01 sys=0.00, real=0.00 secs] 
3439.330: [GC (Allocation Failure) [PSYoungGen: 67117K->1424K(67584K)] 515110K->449416K(581632K), 0.0028352 secs] [Times: user=0.01 sys=0.00, real=0.00 secs] 
3439.604: [GC (Allocation Failure) [PSYoungGen: 66960K->1360K(67584K)] 514952K->449352K(581632K), 0.0021907 secs] [Times: user=0.01 sys=0.00, real=0.00 secs] 
3439.877: [GC (Allocation Failure) [PSYoungGen: 66896K->1344K(67584K)] 514888K->449336K(581632K), 0.0021866 secs] [Times: user=0.01 sys=0.01, real=0.01 secs] 
3440.197: [GC (Allocation Failure) [PSYoungGen: 66880K->1376K(67584K)] 514872K->449368K(581632K), 0.0021106 secs] [Times: user=0.01 sys=0.00, real=0.01 secs] 
3440.714: [GC (Allocation Failure) [PSYoungGen: 66901K->1453K(67584K)] 514893K->449446K(581632K), 0.0017653 secs] [Times: user=0.01 sys=0.00, real=0.00 secs] 
3441.100: [GC (Allocation Failure) [PSYoungGen: 66989K->1517K(67584K)] 514982K->449510K(581632K), 0.0019383 secs] [Times: user=0.01 sys=0.00, real=0.00 secs] 
3441.489: [GC (Allocation Failure) [PSYoungGen: 67053K->1517K(67584K)] 515046K->449510K(581632K), 0.0017379 secs] [Times: user=0.01 sys=0.00, real=0.01 secs] 
3441.877: [GC (Allocation Failure) [PSYoungGen: 67053K->1533K(67584K)] 515046K->449534K(581632K), 0.0016901 secs] [Times: user=0.01 sys=0.00, real=0.00 secs] 
3442.243: [GC (Allocation Failure) [PSYoungGen: 67069K->1424K(67584K)] 515070K->449424K(581632K), 0.0019745 secs] [Times: user=0.01 sys=0.00, real=0.00 secs] 
3442.515: [GC (Allocation Failure) [PSYoungGen: 66960K->1344K(67584K)] 514960K->449344K(581632K), 0.0019210 secs] [Times: user=0.01 sys=0.00, real=0.00 secs] 
3442.787: [GC (Allocation Failure) [PSYoungGen: 66880K->1376K(67584K)] 514880K->449376K(581632K), 0.0018717 secs] [Times: user=0.00 sys=0.00, real=0.00 secs] 
3443.059: [GC (Allocation Failure) [PSYoungGen: 66912K->1360K(67584K)] 514912K->449360K(581632K), 0.0018144 secs] [Times: user=0.00 sys=0.00, real=0.00 secs] 
3443.382: [GC (Allocation Failure) [PSYoungGen: 66879K->1485K(67584K)] 514880K->449486K(581632K), 0.0016862 secs] [Times: user=0.01 sys=0.00, real=0.00 secs] 
3443.768: [GC (Allocation Failure) [PSYoungGen: 67021K->1581K(67584K)] 515022K->449582K(581632K), 0.0018068 secs] [Times: user=0.01 sys=0.00, real=0.01 secs] 
3444.169: [GC (Allocation Failure) [PSYoungGen: 67117K->1565K(67584K)] 515118K->449566K(581632K), 0.0018677 secs] [Times: user=0.00 sys=0.00, real=0.00 secs] 
3444.558: [GC (Allocation Failure) [PSYoungGen: 67101K->1597K(67584K)] 515102K->449606K(581632K), 0.0017749 secs] [Times: user=0.00 sys=0.00, real=0.01 secs] 
3445.760: [GC (Allocation Failure) [PSYoungGen: 67133K->1456K(67584K)] 515142K->449464K(581632K), 0.0027889 secs] [Times: user=0.01 sys=0.01, real=0.00 secs] 
3446.940: [GC (Allocation Failure) [PSYoungGen: 66992K->1376K(67584K)] 515000K->449384K(581632K), 0.0023568 secs] [Times: user=0.01 sys=0.00, real=0.00 secs] 
3447.591: [GC (Allocation Failure) [PSYoungGen: 66912K->1376K(67584K)] 514920K->449384K(581632K), 0.0022351 secs] [Times: user=0.01 sys=0.00, real=0.00 secs] 
3448.226: [GC (Allocation Failure) [PSYoungGen: 66912K->1344K(67584K)] 514920K->449352K(581632K), 0.0024640 secs] [Times: user=0.01 sys=0.00, real=0.00 secs] 
3448.860: [GC (Allocation Failure) [PSYoungGen: 66880K->1453K(67584K)] 514888K->449462K(581632K), 0.0017057 secs] [Times: user=0.01 sys=0.00, real=0.00 secs] 
3449.246: [GC (Allocation Failure) [PSYoungGen: 66989K->1549K(67584K)] 514998K->449558K(581632K), 0.0017396 secs] [Times: user=0.01 sys=0.00, real=0.00 secs] 
3449.634: [GC (Allocation Failure) [PSYoungGen: 67085K->1565K(67584K)] 515094K->449574K(581632K), 0.0017752 secs] [Times: user=0.01 sys=0.00, real=0.00 secs] 
3450.023: [GC (Allocation Failure) [PSYoungGen: 67101K->1533K(67584K)] 515110K->449550K(581632K), 0.0017968 secs] [Times: user=0.01 sys=0.00, real=0.00 secs] 
3450.348: [GC (Allocation Failure) [PSYoungGen: 67069K->1408K(67584K)] 515086K->449448K(581632K), 0.0019718 secs] [Times: user=0.01 sys=0.00, real=0.01 secs] 
3450.620: [GC (Allocation Failure) [PSYoungGen: 66944K->1344K(67584K)] 514984K->449384K(581632K), 0.0015598 secs] [Times: user=0.00 sys=0.00, real=0.00 secs] 
3450.892: [GC (Allocation Failure) [PSYoungGen: 66880K->1376K(67584K)] 514920K->449416K(581632K), 0.0017118 secs] [Times: user=0.01 sys=0.00, real=0.00 secs] 
3451.355: [GC (Allocation Failure) [PSYoungGen: 66912K->1344K(67584K)] 514952K->449384K(581632K), 0.0020740 secs] [Times: user=0.01 sys=0.00, real=0.00 secs] 
3451.877: [GC (Allocation Failure) [PSYoungGen: 66880K->1453K(67584K)] 514920K->449494K(581632K), 0.0017728 secs] [Times: user=0.01 sys=0.00, real=0.01 secs] 
3452.263: [GC (Allocation Failure) [PSYoungGen: 66989K->1597K(67584K)] 515030K->449638K(581632K), 0.0018979 secs] [Times: user=0.01 sys=0.00, real=0.00 secs] 
3452.653: [GC (Allocation Failure) [PSYoungGen: 67133K->1581K(67584K)] 515174K->449622K(581632K), 0.0018745 secs] [Times: user=0.00 sys=0.00, real=0.00 secs] 
3453.043: [GC (Allocation Failure) [PSYoungGen: 67117K->1565K(67584K)] 515158K->449614K(581632K), 0.0017006 secs] [Times: user=0.01 sys=0.00, real=0.00 secs] 
3453.387: [GC (Allocation Failure) [PSYoungGen: 67101K->1456K(67584K)] 515150K->449504K(581632K), 0.0019582 secs] [Times: user=0.01 sys=0.00, real=0.01 secs] 
3453.659: [GC (Allocation Failure) [PSYoungGen: 66992K->1344K(67584K)] 515040K->449392K(581632K), 0.0018172 secs] [Times: user=0.01 sys=0.00, real=0.00 secs] 
3453.931: [GC (Allocation Failure) [PSYoungGen: 66880K->1376K(67584K)] 514928K->449424K(581632K), 0.0019176 secs] [Times: user=0.01 sys=0.00, real=0.00 secs] 
3454.203: [GC (Allocation Failure) [PSYoungGen: 66912K->1376K(67584K)] 514960K->449424K(581632K), 0.0017752 secs] [Times: user=0.01 sys=0.00, real=0.00 secs] 
3454.675: [GC (Allocation Failure) [PSYoungGen: 66912K->1485K(67584K)] 514960K->449534K(581632K), 0.0017536 secs] [Times: user=0.00 sys=0.00, real=0.00 secs] 
3455.058: [GC (Allocation Failure) [PSYoungGen: 67021K->1613K(67584K)] 515070K->449662K(581632K), 0.0017439 secs] [Times: user=0.01 sys=0.00, real=0.01 secs] 
3455.475: [GC (Allocation Failure) [PSYoungGen: 67149K->1565K(67584K)] 515198K->449614K(581632K), 0.0018542 secs] [Times: user=0.01 sys=0.00, real=0.00 secs] 
3455.859: [GC (Allocation Failure) [PSYoungGen: 67101K->1581K(67584K)] 515150K->449638K(581632K), 0.0018253 secs] [Times: user=0.00 sys=0.00, real=0.00 secs] 
3456.540: [GC (Allocation Failure) [PSYoungGen: 67117K->1392K(67584K)] 515174K->449448K(581632K), 0.0036560 secs] [Times: user=0.01 sys=0.00, real=0.00 secs] 
3456.996: [GC (Allocation Failure) [PSYoungGen: 66928K->1360K(67584K)] 514984K->449416K(581632K), 0.0021769 secs] [Times: user=0.01 sys=0.00, real=0.00 secs] 
3457.269: [GC (Allocation Failure) [PSYoungGen: 66896K->1344K(67584K)] 514952K->449400K(581632K), 0.0022036 secs] [Times: user=0.01 sys=0.00, real=0.00 secs] 
3457.671: [GC (Allocation Failure) [PSYoungGen: 66880K->1549K(67584K)] 514936K->449606K(581632K), 0.0017743 secs] [Times: user=0.01 sys=0.00, real=0.00 secs] 
3457.941: [GC (Allocation Failure) [PSYoungGen: 67085K->1597K(67584K)] 515142K->449654K(581632K), 0.0017557 secs] [Times: user=0.00 sys=0.00, real=0.00 secs] 
3458.208: [GC (Allocation Failure) [PSYoungGen: 67133K->1581K(67584K)] 515190K->449654K(581632K), 0.0017554 secs] [Times: user=0.00 sys=0.00, real=0.01 secs] 
3458.539: [GC (Allocation Failure) [PSYoungGen: 67117K->1533K(67584K)] 515190K->449606K(581632K), 0.0017856 secs] [Times: user=0.00 sys=0.00, real=0.00 secs] 
3458.884: [GC (Allocation Failure) [PSYoungGen: 67069K->2016K(67584K)] 515142K->451477K(581632K), 0.0022104 secs] [Times: user=0.01 sys=0.00, real=0.00 secs] 
3460.504: [GC (Allocation Failure) [PSYoungGen: 67552K->2528K(64512K)] 517013K->460031K(578560K), 0.0053118 secs] [Times: user=0.03 sys=0.00, real=0.01 secs] 
3464.212: [GC (Allocation Failure) [PSYoungGen: 63697K->6112K(68096K)] 521201K->481751K(582144K), 0.0321336 secs] [Times: user=0.18 sys=0.00, real=0.03 secs] 
3465.110: [GC (Allocation Failure) [PSYoungGen: 68064K->13792K(67072K)] 543703K->506455K(581120K), 0.0208889 secs] [Times: user=0.11 sys=0.01, real=0.02 secs] 
3465.266: [GC (Allocation Failure) [PSYoungGen: 67040K->22496K(75776K)] 559703K->528311K(589824K), 0.0181938 secs] [Times: user=0.11 sys=0.00, real=0.02 secs] 
3465.284: [Full GC (Ergonomics) [PSYoungGen: 22496K->0K(75776K)] [ParOldGen: 505815K->88964K(484352K)] 528311K->88964K(560128K), [Metaspace: 59854K->59765K(1105920K)], 0.2453794 secs] [Times: user=1.14 sys=0.00, real=0.25 secs] 
3465.966: [GC (Allocation Failure) [PSYoungGen: 50964K->21536K(91648K)] 139929K->110508K(576000K), 0.0708426 secs] [Times: user=0.40 sys=0.02, real=0.07 secs] 
3466.164: [GC (Allocation Failure) [PSYoungGen: 81952K->33248K(93696K)] 170924K->139500K(578048K), 0.0216652 secs] [Times: user=0.12 sys=0.00, real=0.02 secs] 
3468.420: [GC (Allocation Failure) [PSYoungGen: 93664K->45536K(104448K)] 199916K->164972K(588800K), 0.0284673 secs] [Times: user=0.15 sys=0.02, real=0.02 secs] 
3469.368: [GC (Allocation Failure) [PSYoungGen: 104416K->58848K(117760K)] 223852K->189652K(602112K), 0.0289136 secs] [Times: user=0.17 sys=0.01, real=0.03 secs] 
3469.487: [GC (Allocation Failure) [PSYoungGen: 117728K->73696K(126464K)] 248532K->215036K(610816K), 0.0384526 secs] [Times: user=0.19 sys=0.03, real=0.04 secs] 
3474.387: [GC (Allocation Failure) [PSYoungGen: 126432K->85408K(143360K)] 267772K->233812K(627712K), 0.0568740 secs] [Times: user=0.33 sys=0.00, real=0.06 secs] 
3477.358: [GC (Allocation Failure) [PSYoungGen: 138144K->94624K(153088K)] 286548K->251540K(637440K), 0.0538957 secs] [Times: user=0.26 sys=0.05, real=0.06 secs] 
3478.333: [GC (Allocation Failure) [PSYoungGen: 142752K->46552K(167936K)] 299668K->261564K(652288K), 0.0373921 secs] [Times: user=0.22 sys=0.00, real=0.04 secs] 
3478.467: [GC (Allocation Failure) [PSYoungGen: 94680K->10016K(168960K)] 309692K->261588K(653312K), 0.0662824 secs] [Times: user=0.39 sys=0.00, real=0.07 secs] 
3478.623: [GC (GCLocker Initiated GC) [PSYoungGen: 67872K->10432K(169984K)] 319444K->271980K(654336K), 0.0148914 secs] [Times: user=0.08 sys=0.00, real=0.01 secs] 
3478.711: [GC (Allocation Failure) [PSYoungGen: 68288K->22656K(169472K)] 329838K->293476K(653824K), 0.0082066 secs] [Times: user=0.05 sys=0.00, real=0.01 secs] 
3478.824: [GC (Allocation Failure) [PSYoungGen: 92288K->30208K(174592K)] 363108K->321456K(658944K), 0.0154490 secs] [Times: user=0.09 sys=0.01, real=0.02 secs] 
3478.930: [GC (Allocation Failure) [PSYoungGen: 99840K->29632K(171008K)] 391088K->350888K(655360K), 0.0181773 secs] [Times: user=0.11 sys=0.00, real=0.01 secs] 
3479.045: [GC (Allocation Failure) [PSYoungGen: 113088K->39104K(176640K)] 434344K->389905K(660992K), 0.0208472 secs] [Times: user=0.12 sys=0.00, real=0.02 secs] 
3479.172: [GC (Allocation Failure) [PSYoungGen: 122560K->35616K(178688K)] 473361K->425369K(663040K), 0.0220803 secs] [Times: user=0.13 sys=0.00, real=0.02 secs] 
3479.424: [GC (Allocation Failure) [PSYoungGen: 135456K->50656K(183808K)] 525209K->475873K(668160K), 0.0418205 secs] [Times: user=0.24 sys=0.00, real=0.04 secs] 
3481.508: [GC (Allocation Failure) [PSYoungGen: 149781K->41856K(199168K)] 574998K->550389K(708096K), 0.0287490 secs] [Times: user=0.16 sys=0.00, real=0.03 secs] 
3481.537: [Full GC (Ergonomics) [PSYoungGen: 41856K->0K(199168K)] [ParOldGen: 508533K->255165K(721408K)] 550389K->255165K(920576K), [Metaspace: 59992K->59992K(1105920K)], 0.5895839 secs] [Times: user=2.48 sys=0.00, real=0.59 secs] 
3482.737: [GC (Allocation Failure) [PSYoungGen: 119269K->13716K(201728K)] 374435K->268890K(923136K), 0.0043151 secs] [Times: user=0.03 sys=0.00, real=0.01 secs] 
3482.889: [GC (Allocation Failure) [PSYoungGen: 133012K->47616K(222720K)] 388186K->315367K(944128K), 0.0153265 secs] [Times: user=0.06 sys=0.02, real=0.01 secs] 
3483.070: [GC (Allocation Failure) [PSYoungGen: 188416K->63392K(222720K)] 456167K->374235K(944128K), 0.0283498 secs] [Times: user=0.17 sys=0.00, real=0.02 secs] 
3483.273: [GC (Allocation Failure) [PSYoungGen: 204192K->60000K(250368K)] 515035K->434091K(971776K), 0.0455577 secs] [Times: user=0.20 sys=0.06, real=0.04 secs] 
3483.651: [GC (Allocation Failure) [PSYoungGen: 222816K->76128K(253440K)] 596907K->509955K(974848K), 0.0470521 secs] [Times: user=0.27 sys=0.01, real=0.04 secs] 
3484.543: [GC (Allocation Failure) [PSYoungGen: 238944K->23744K(286720K)] 672771K->532127K(1008128K), 0.0365053 secs] [Times: user=0.21 sys=0.01, real=0.04 secs] 
3484.858: [GC (Allocation Failure) [PSYoungGen: 216256K->78656K(289280K)] 724639K->607864K(1010688K), 0.0253469 secs] [Times: user=0.13 sys=0.01, real=0.03 secs] 
3485.127: [GC (GCLocker Initiated GC) [PSYoungGen: 271168K->81184K(325120K)] 800376K->688108K(1046528K), 0.0748558 secs] [Times: user=0.25 sys=0.19, real=0.08 secs] 
3486.295: [GC (Allocation Failure) [PSYoungGen: 301344K->68704K(332288K)] 908269K->756709K(1053696K), 0.0720045 secs] [Times: user=0.33 sys=0.09, real=0.07 secs] 
3486.367: [Full GC (Ergonomics) [PSYoungGen: 68704K->0K(332288K)] [ParOldGen: 688005K->252911K(790528K)] 756709K->252911K(1122816K), [Metaspace: 60010K->60010K(1105920K)], 0.5847308 secs] [Times: user=2.55 sys=0.00, real=0.59 secs] 
3489.131: [GC (Allocation Failure) [PSYoungGen: 220160K->74880K(359936K)] 473071K->327791K(1150464K), 0.0180720 secs] [Times: user=0.09 sys=0.02, real=0.02 secs] 
3489.453: [GC (Allocation Failure) [PSYoungGen: 325760K->110720K(366592K)] 578671K->433070K(1157120K), 0.0432833 secs] [Times: user=0.25 sys=0.00, real=0.04 secs] 
3490.905: [GC (Allocation Failure) [PSYoungGen: 361600K->73120K(410112K)] 683950K->497942K(1200640K), 0.0581657 secs] [Times: user=0.33 sys=0.02, real=0.06 secs] 
3491.753: [GC (Allocation Failure) [PSYoungGen: 358304K->111232K(413696K)] 783126K->607906K(1204224K), 0.0401827 secs] [Times: user=0.24 sys=0.00, real=0.04 secs] 
3492.363: [GC (Allocation Failure) [PSYoungGen: 396416K->129568K(446464K)] 893090K->728738K(1236992K), 0.0677266 secs] [Times: user=0.34 sys=0.06, real=0.07 secs] 
3493.676: [GC (Allocation Failure) [PSYoungGen: 435744K->78336K(462848K)] 1034914K->806978K(1253376K), 0.0964178 secs] [Times: user=0.50 sys=0.08, real=0.10 secs] 
3493.773: [Full GC (Ergonomics) [PSYoungGen: 78336K->0K(462848K)] [ParOldGen: 728642K->92051K(719872K)] 806978K->92051K(1182720K), [Metaspace: 60018K->60018K(1105920K)], 0.2233442 secs] [Times: user=0.99 sys=0.01, real=0.22 secs] 
3494.382: [GC (Allocation Failure) [PSYoungGen: 306176K->132128K(483328K)] 398227K->224179K(1203200K), 0.0350507 secs] [Times: user=0.17 sys=0.04, real=0.03 secs] 
3496.117: [GC (GCLocker Initiated GC) [PSYoungGen: 464928K->92096K(497664K)] 556980K->316136K(1217536K), 0.0654359 secs] [Times: user=0.39 sys=0.01, real=0.07 secs] 
3496.565: [GC (Allocation Failure) [PSYoungGen: 424896K->144160K(506880K)] 648938K->453873K(1226752K), 0.0565986 secs] [Times: user=0.31 sys=0.02, real=0.06 secs] 
3498.678: [GC (Allocation Failure) [PSYoungGen: 489760K->99104K(522240K)] 799473K->552241K(1242112K), 0.0957314 secs] [Times: user=0.57 sys=0.00, real=0.10 secs] 
3499.798: [GC (Allocation Failure) [PSYoungGen: 444704K->148448K(498688K)] 897841K->695537K(1218560K), 0.0558439 secs] [Times: user=0.33 sys=0.00, real=0.06 secs] 
3499.854: [Full GC (Ergonomics) [PSYoungGen: 148448K->0K(498688K)] [ParOldGen: 547089K->211786K(915456K)] 695537K->211786K(1414144K), [Metaspace: 60026K->60026K(1105920K)], 0.4794743 secs] [Times: user=2.22 sys=0.01, real=0.48 secs] 
3501.543: [GC (GCLocker Initiated GC) [PSYoungGen: 326144K->87296K(512512K)] 537931K->299083K(1427968K), 0.0570963 secs] [Times: user=0.34 sys=0.00, real=0.06 secs] 
3502.009: [GC (GCLocker Initiated GC) [PSYoungGen: 413440K->138048K(504320K)] 625230K->432862K(1419776K), 0.0468155 secs] [Times: user=0.27 sys=0.00, real=0.05 secs] 
3503.599: [GC (Allocation Failure) [PSYoungGen: 464192K->99072K(512512K)] 759009K->523265K(1427968K), 0.1183025 secs] [Times: user=0.70 sys=0.01, real=0.11 secs] 
3504.204: [GC (Allocation Failure) [PSYoungGen: 425216K->135168K(506880K)] 849409K->654553K(1422336K), 0.0486897 secs] [Times: user=0.29 sys=0.00, real=0.05 secs] 
3505.616: [GC (Allocation Failure) [PSYoungGen: 463872K->103904K(512512K)] 983257K->748745K(1427968K), 0.0770456 secs] [Times: user=0.43 sys=0.00, real=0.08 secs] 
3506.223: [GC (GCLocker Initiated GC) [PSYoungGen: 432608K->136256K(508416K)] 1077449K->882754K(1423872K), 0.0521753 secs] [Times: user=0.31 sys=0.01, real=0.05 secs] 
3506.275: [Full GC (Ergonomics) [PSYoungGen: 136256K->0K(508416K)] [ParOldGen: 746498K->166023K(924672K)] 882754K->166023K(1433088K), [Metaspace: 60033K->60033K(1105920K)], 0.3907460 secs] [Times: user=1.80 sys=0.00, real=0.39 secs] 
3508.519: [GC (Allocation Failure) [PSYoungGen: 331776K->104096K(513536K)] 497870K->270190K(1438208K), 0.0374519 secs] [Times: user=0.23 sys=0.00, real=0.03 secs] 
3509.080: [GC (Allocation Failure) [PSYoungGen: 435872K->136064K(510464K)] 601966K->404579K(1435136K), 0.0530876 secs] [Times: user=0.32 sys=0.00, real=0.05 secs] 
3510.389: [GC (Allocation Failure) [PSYoungGen: 471936K->109488K(515072K)] 740451K->504899K(1439744K), 0.0640703 secs] [Times: user=0.37 sys=0.01, real=0.06 secs] 
3511.034: [GC (Allocation Failure) [PSYoungGen: 445360K->132960K(515072K)] 840771K->636111K(1439744K), 0.0527310 secs] [Times: user=0.31 sys=0.00, real=0.05 secs] 
3512.360: [GC (Allocation Failure) [PSYoungGen: 475488K->116192K(517632K)] 978639K->743071K(1442304K), 0.0640144 secs] [Times: user=0.38 sys=0.00, real=0.06 secs] 
3513.995: [GC (Allocation Failure) [PSYoungGen: 458720K->132192K(519680K)] 1085599K->874223K(1444352K), 0.0547584 secs] [Times: user=0.33 sys=0.00, real=0.06 secs] 
3514.050: [Full GC (Ergonomics) [PSYoungGen: 132192K->0K(519680K)] [ParOldGen: 742031K->150015K(973824K)] 874223K->150015K(1493504K), [Metaspace: 60043K->60043K(1105920K)], 0.3479592 secs] [Times: user=1.61 sys=0.00, real=0.34 secs] 
3516.215: [GC (Allocation Failure) [PSYoungGen: 349184K->116384K(521728K)] 499199K->266399K(1495552K), 0.0422066 secs] [Times: user=0.24 sys=0.01, real=0.04 secs] 
3516.827: [GC (Allocation Failure) [PSYoungGen: 465568K->144544K(518144K)] 615583K->409511K(1491968K), 0.0581158 secs] [Times: user=0.34 sys=0.00, real=0.06 secs] 
3518.171: [GC (Allocation Failure) [PSYoungGen: 494752K->115200K(523776K)] 759719K->506820K(1497600K), 0.0646746 secs] [Times: user=0.39 sys=0.00, real=0.06 secs] 
3518.953: [GC (Allocation Failure) [PSYoungGen: 465408K->139200K(522752K)] 857028K->644304K(1496576K), 0.0540293 secs] [Times: user=0.32 sys=0.00, real=0.05 secs] 
3520.801: [GC (Allocation Failure) [PSYoungGen: 493504K->116128K(525824K)] 998608K->751392K(1499648K), 0.1056101 secs] [Times: user=0.62 sys=0.01, real=0.10 secs] 
3521.831: [GC (GCLocker Initiated GC) [PSYoungGen: 470432K->141856K(522240K)] 1105697K->891361K(1496064K), 0.0553343 secs] [Times: user=0.32 sys=0.00, real=0.05 secs] 
3523.142: [GC (GCLocker Initiated GC) [PSYoungGen: 497184K->114848K(525824K)] 1246692K->997564K(1499648K), 0.0768020 secs] [Times: user=0.37 sys=0.08, real=0.08 secs] 
3523.219: [Full GC (Ergonomics) [PSYoungGen: 114848K->0K(525824K)] [ParOldGen: 882716K->33944K(919552K)] 997564K->33944K(1445376K), [Metaspace: 60059K->60059K(1105920K)], 0.0637506 secs] [Times: user=0.21 sys=0.01, real=0.06 secs] 
3523.876: [GC (Allocation Failure) [PSYoungGen: 355328K->147424K(521728K)] 389275K->181371K(1441280K), 0.0297576 secs] [Times: user=0.17 sys=0.00, real=0.03 secs] 
3525.942: [GC (Allocation Failure) [PSYoungGen: 502240K->110848K(526848K)] 536187K->282391K(1446400K), 0.1709564 secs] [Times: user=0.98 sys=0.01, real=0.17 secs] 
3526.826: [GC (Allocation Failure) [PSYoungGen: 465664K->146976K(520192K)] 637207K->426420K(1439744K), 0.0536102 secs] [Times: user=0.31 sys=0.00, real=0.06 secs] 
3529.516: [GC (Allocation Failure) [PSYoungGen: 497696K->109856K(524800K)] 777140K->527012K(1444352K), 0.1499564 secs] [Times: user=0.89 sys=0.01, real=0.15 secs] 
3530.346: [GC (Allocation Failure) [PSYoungGen: 460576K->146912K(519168K)] 877732K->670265K(1438720K), 0.0527366 secs] [Times: user=0.31 sys=0.00, real=0.06 secs] 
3531.617: [GC (Allocation Failure) [PSYoungGen: 494560K->106336K(523264K)] 1017913K->767817K(1442816K), 0.0639559 secs] [Times: user=0.38 sys=0.00, real=0.07 secs] 
3532.140: [GC (Allocation Failure) [PSYoungGen: 453984K->148448K(516096K)] 1115465K->912009K(1435648K), 0.0518041 secs] [Times: user=0.30 sys=0.00, real=0.05 secs] 
3532.192: [Full GC (Ergonomics) [PSYoungGen: 148448K->0K(516096K)] [ParOldGen: 763561K->192108K(1124352K)] 912009K->192108K(1640448K), [Metaspace: 60071K->60071K(1105920K)], 0.4649004 secs] [Times: user=2.19 sys=0.00, real=0.46 secs] 
3534.210: [GC (Allocation Failure) [PSYoungGen: 342528K->103968K(520704K)] 534636K->296076K(1645056K), 0.1054485 secs] [Times: user=0.59 sys=0.00, real=0.10 secs] 
3534.863: [GC (Allocation Failure) [PSYoungGen: 446496K->146048K(516096K)] 638604K->438265K(1640448K), 0.0506510 secs] [Times: user=0.30 sys=0.00, real=0.05 secs] 
3538.073: [GC (GCLocker Initiated GC) [PSYoungGen: 485504K->101504K(519168K)] 777721K->531357K(1643520K), 0.0640160 secs] [Times: user=0.38 sys=0.00, real=0.06 secs] 
3538.560: [GC (Allocation Failure) [PSYoungGen: 440960K->144800K(515584K)] 870852K->672001K(1639936K), 0.0500247 secs] [Times: user=0.30 sys=0.00, real=0.05 secs] 
3540.006: [GC (Allocation Failure) [PSYoungGen: 482208K->102368K(518144K)] 1009409K->765641K(1642496K), 0.0649465 secs] [Times: user=0.38 sys=0.00, real=0.07 secs] 
3540.491: [GC (Allocation Failure) [PSYoungGen: 439776K->141312K(517632K)] 1103049K->903722K(1641984K), 0.0513335 secs] [Times: user=0.30 sys=0.01, real=0.05 secs] 
3542.644: [GC (Allocation Failure) [PSYoungGen: 479744K->104032K(442880K)] 1242154K->998050K(1567232K), 0.1493432 secs] [Times: user=0.86 sys=0.03, real=0.15 secs] 
3543.876: [GC (Allocation Failure) [PSYoungGen: 442464K->138272K(517120K)] 1336482K->1134359K(1641472K), 0.0574903 secs] [Times: user=0.31 sys=0.03, real=0.06 secs] 
3543.933: [Full GC (Ergonomics) [PSYoungGen: 138272K->0K(517120K)] [ParOldGen: 996087K->171983K(1146880K)] 1134359K->171983K(1664000K), [Metaspace: 60086K->60086K(1105920K)], 0.4073108 secs] [Times: user=1.88 sys=0.00, real=0.41 secs] 
3545.562: [GC (GCLocker Initiated GC) [PSYoungGen: 338944K->106496K(517632K)] 510927K->278487K(1664512K), 0.0366234 secs] [Times: user=0.22 sys=0.00, real=0.03 secs] 
3546.109: [GC (Allocation Failure) [PSYoungGen: 445440K->140832K(516608K)] 617434K->416615K(1663488K), 0.0537052 secs] [Times: user=0.31 sys=0.00, real=0.05 secs] 
3547.806: [GC (Allocation Failure) [PSYoungGen: 481312K->105632K(518144K)] 757095K->512303K(1665024K), 0.1171473 secs] [Times: user=0.69 sys=0.01, real=0.12 secs] 
3549.165: [GC (Allocation Failure) [PSYoungGen: 446112K->137120K(520704K)] 852783K->647171K(1667584K), 0.0519315 secs] [Times: user=0.31 sys=0.00, real=0.05 secs] 
3550.522: [GC (Allocation Failure) [PSYoungGen: 482208K->112480K(457728K)] 992259K->750451K(1604608K), 0.0643143 secs] [Times: user=0.37 sys=0.00, real=0.06 secs] 
3551.743: [GC (Allocation Failure) [PSYoungGen: 457568K->146112K(516608K)] 1095539K->894636K(1663488K), 0.0547598 secs] [Times: user=0.32 sys=0.00, real=0.05 secs] 
3553.604: [GC (Allocation Failure) [PSYoungGen: 490176K->110016K(520192K)] 1238700K->987540K(1667072K), 0.0651441 secs] [Times: user=0.39 sys=0.00, real=0.07 secs] 
3554.249: [GC (Allocation Failure) [PSYoungGen: 454080K->137504K(521728K)] 1331604K->1123536K(1668608K), 0.0541314 secs] [Times: user=0.32 sys=0.00, real=0.05 secs] 
3554.304: [Full GC (Ergonomics) [PSYoungGen: 137504K->0K(521728K)] [ParOldGen: 986032K->160686K(1192448K)] 1123536K->160686K(1714176K), [Metaspace: 60090K->60090K(1105920K)], 0.3720393 secs] [Times: user=1.71 sys=0.00, real=0.37 secs] 
3556.176: [GC (Allocation Failure) [PSYoungGen: 349184K->109440K(522752K)] 509870K->270126K(1715200K), 0.0676338 secs] [Times: user=0.40 sys=0.00, real=0.07 secs] 
3558.147: [GC (Allocation Failure) [PSYoungGen: 458624K->140160K(522752K)] 619310K->408903K(1715200K), 0.0551548 secs] [Times: user=0.32 sys=0.00, real=0.06 secs] 
3559.482: [GC (Allocation Failure) [PSYoungGen: 491392K->114112K(524288K)] 760135K->513935K(1716736K), 0.0647627 secs] [Times: user=0.38 sys=0.00, real=0.06 secs] 
3559.990: [GC (GCLocker Initiated GC) [PSYoungGen: 465344K->142368K(521728K)] 865167K->654588K(1714176K), 0.0548817 secs] [Times: user=0.32 sys=0.01, real=0.05 secs] 
3561.375: [GC (Allocation Failure) [PSYoungGen: 494112K->112736K(524288K)] 1006403K->758227K(1716736K), 0.0664764 secs] [Times: user=0.39 sys=0.00, real=0.07 secs] 
3562.022: [GC (Allocation Failure) [PSYoungGen: 464480K->144544K(523776K)] 1109971K->899983K(1716224K), 0.0543118 secs] [Times: user=0.32 sys=0.00, real=0.05 secs] 
3563.448: [GC (GCLocker Initiated GC) [PSYoungGen: 498336K->112736K(526336K)] 1253776K->1003112K(1718784K), 0.0931724 secs] [Times: user=0.55 sys=0.00, real=0.10 secs] 
3564.254: [GC (Allocation Failure) [PSYoungGen: 466528K->156032K(514048K)] 1356943K->1156456K(1706496K), 0.0562849 secs] [Times: user=0.32 sys=0.01, real=0.06 secs] 
3567.147: [GC (Allocation Failure) [PSYoungGen: 498837K->105536K(521216K)] 1499261K->1244876K(1713664K), 0.1310950 secs] [Times: user=0.52 sys=0.25, real=0.13 secs] 
3567.278: [Full GC (Ergonomics) [PSYoungGen: 105536K->0K(521216K)] [ParOldGen: 1139340K->42944K(1138176K)] 1244876K->42944K(1659392K), [Metaspace: 60098K->60098K(1105920K)], 0.0798528 secs] [Times: user=0.31 sys=0.00, real=0.08 secs] 
3567.905: [GC (Allocation Failure) [PSYoungGen: 343552K->142720K(520192K)] 386496K->185664K(1658368K), 0.0280432 secs] [Times: user=0.17 sys=0.00, real=0.03 secs] 
3569.279: [GC (Allocation Failure) [PSYoungGen: 486272K->106464K(450048K)] 529216K->283152K(1588224K), 0.0641249 secs] [Times: user=0.38 sys=0.00, real=0.06 secs] 
3569.811: [GC (Allocation Failure) [PSYoungGen: 450016K->143712K(519168K)] 626704K->423876K(1657344K), 0.0519007 secs] [Times: user=0.30 sys=0.00, real=0.05 secs] 
3571.933: [GC (Allocation Failure) [PSYoungGen: 486752K->105056K(520704K)] 766916K->519384K(1658880K), 0.1232614 secs] [Times: user=0.73 sys=0.00, real=0.12 secs] 
3572.864: [GC (Allocation Failure) [PSYoungGen: 448096K->143104K(519168K)] 862424K->660073K(1657344K), 0.0521064 secs] [Times: user=0.31 sys=0.00, real=0.05 secs] 
3574.188: [GC (GCLocker Initiated GC) [PSYoungGen: 485632K->106624K(520704K)] 1002601K->757613K(1658880K), 0.0649090 secs] [Times: user=0.38 sys=0.01, real=0.07 secs] 
3574.800: [GC (Allocation Failure) [PSYoungGen: 449152K->141952K(519680K)] 1100180K->896737K(1657856K), 0.0526694 secs] [Times: user=0.30 sys=0.00, real=0.05 secs] 
3576.183: [GC (Allocation Failure) [PSYoungGen: 484992K->105792K(520704K)] 1239777K->993277K(1658880K), 0.0668187 secs] [Times: user=0.39 sys=0.00, real=0.07 secs] 
3576.764: [GC (Allocation Failure) [PSYoungGen: 448832K->143136K(519168K)] 1336317K->1133474K(1657344K), 0.0533048 secs] [Times: user=0.32 sys=0.00, real=0.05 secs] 
3576.817: [Full GC (Ergonomics) [PSYoungGen: 143136K->0K(519168K)] [ParOldGen: 990338K->176448K(1325056K)] 1133474K->176448K(1844224K), [Metaspace: 60116K->60116K(1105920K)], 0.4167213 secs] [Times: user=1.94 sys=0.00, real=0.42 secs] 
3579.098: [GC (Allocation Failure) [PSYoungGen: 343040K->106144K(520704K)] 519488K->282592K(1845760K), 0.0677187 secs] [Times: user=0.40 sys=0.00, real=0.07 secs] 
3580.685: [GC (Allocation Failure) [PSYoungGen: 449184K->140192K(520192K)] 625632K->420241K(1845248K), 0.0526545 secs] [Times: user=0.31 sys=0.00, real=0.05 secs] 
3581.974: [GC (GCLocker Initiated GC) [PSYoungGen: 484256K->110656K(455168K)] 764305K->521945K(1780224K), 0.0788355 secs] [Times: user=0.47 sys=0.00, real=0.08 secs] 
3582.571: [GC (Allocation Failure) [PSYoungGen: 454720K->148576K(516608K)] 866012K->667561K(1841664K), 0.0534366 secs] [Times: user=0.32 sys=0.00, real=0.05 secs] 
3584.019: [GC (GCLocker Initiated GC) [PSYoungGen: 490592K->108992K(520192K)] 1009578K->758846K(1845248K), 0.0931856 secs] [Times: user=0.56 sys=0.00, real=0.09 secs] 
3584.757: [GC (Allocation Failure) [PSYoungGen: 451008K->150688K(513536K)] 1100931K->907426K(1838592K), 0.0544160 secs] [Times: user=0.32 sys=0.00, real=0.06 secs] 
3587.757: [GC (Allocation Failure) [PSYoungGen: 488096K->103776K(518144K)] 1244834K->993874K(1843200K), 0.1505731 secs] [Times: user=0.90 sys=0.00, real=0.15 secs] 
3589.224: [GC (GCLocker Initiated GC) [PSYoungGen: 441184K->133632K(512000K)] 1331282K->1125962K(1837056K), 0.0529390 secs] [Times: user=0.31 sys=0.00, real=0.05 secs] 
3590.540: [GC (Allocation Failure) [PSYoungGen: 472064K->108832K(515584K)] 1464396K->1226012K(1840640K), 0.0654874 secs] [Times: user=0.39 sys=0.00, real=0.06 secs] 
3591.145: [GC (Allocation Failure) [PSYoungGen: 447264K->135840K(518144K)] 1564444K->1359945K(1843200K), 0.0587726 secs] [Times: user=0.31 sys=0.03, real=0.06 secs] 
3591.204: [Full GC (Ergonomics) [PSYoungGen: 135840K->0K(518144K)] [ParOldGen: 1224105K->156188K(1358848K)] 1359945K->156188K(1876992K), [Metaspace: 60138K->60138K(1105920K)], 0.3605034 secs] [Times: user=1.67 sys=0.00, real=0.36 secs] 
3592.835: [GC (Allocation Failure) [PSYoungGen: 346624K->113728K(520704K)] 502812K->269924K(1879552K), 0.0440485 secs] [Times: user=0.26 sys=0.00, real=0.04 secs] 
3593.472: [GC (Allocation Failure) [PSYoungGen: 460352K->139104K(524288K)] 616548K->407913K(1883136K), 0.0573508 secs] [Times: user=0.33 sys=0.01, real=0.06 secs] 
3595.157: [GC (GCLocker Initiated GC) [PSYoungGen: 491872K->114336K(524800K)] 760683K->513355K(1883648K), 0.0908377 secs] [Times: user=0.53 sys=0.00, real=0.09 secs] 
3596.368: [GC (Allocation Failure) [PSYoungGen: 467104K->149632K(520192K)] 866123K->661739K(1879040K), 0.0549243 secs] [Times: user=0.33 sys=0.00, real=0.06 secs] 
3597.751: [GC (Allocation Failure) [PSYoungGen: 500352K->113312K(524800K)] 1012459K->758283K(1883648K), 0.0667069 secs] [Times: user=0.38 sys=0.01, real=0.06 secs] 
3598.408: [GC (Allocation Failure) [PSYoungGen: 464032K->142976K(523776K)] 1109003K->898575K(1882624K), 0.0541212 secs] [Times: user=0.32 sys=0.00, real=0.06 secs] 
3600.047: [GC (Allocation Failure) [PSYoungGen: 494720K->113632K(465408K)] 1250319K->1002191K(1824256K), 0.1043138 secs] [Times: user=0.62 sys=0.00, real=0.11 secs] 
3601.075: [GC (Allocation Failure) [PSYoungGen: 465376K->141216K(523776K)] 1353935K->1140860K(1882624K), 0.0559413 secs] [Times: user=0.33 sys=0.00, real=0.06 secs] 
3602.902: [GC (GCLocker Initiated GC) [PSYoungGen: 493472K->111936K(524800K)] 1493122K->1243290K(1883648K), 0.1595404 secs] [Times: user=0.94 sys=0.01, real=0.16 secs] 
3603.831: [GC (Allocation Failure) [PSYoungGen: 464192K->154144K(516608K)] 1595585K->1394634K(1875456K), 0.0588180 secs] [Times: user=0.34 sys=0.02, real=0.06 secs] 
3603.890: [Full GC (Ergonomics) [PSYoungGen: 154144K->0K(516608K)] [ParOldGen: 1240490K->181126K(1398272K)] 1394634K->181126K(1914880K), [Metaspace: 60265K->60265K(1105920K)], 0.4343363 secs] [Times: user=2.02 sys=0.00, real=0.43 secs] 
3605.614: [GC (Allocation Failure) [PSYoungGen: 345600K->109504K(522240K)] 526726K->290630K(1920512K), 0.0472352 secs] [Times: user=0.28 sys=0.00, real=0.05 secs] 
3606.123: [GC (Allocation Failure) [PSYoungGen: 455104K->144832K(519680K)] 636230K->430919K(1917952K), 0.0529326 secs] [Times: user=0.31 sys=0.00, real=0.05 secs] 
3607.784: [GC (GCLocker Initiated GC) [PSYoungGen: 489408K->104672K(521728K)] 775495K->526432K(1920000K), 0.1348794 secs] [Times: user=0.80 sys=0.01, real=0.13 secs] 
3608.545: [GC (Allocation Failure) [PSYoungGen: 449248K->145280K(518656K)] 871078K->668455K(1916928K), 0.0516678 secs] [Times: user=0.30 sys=0.00, real=0.05 secs] 
3610.502: [GC (Allocation Failure) [PSYoungGen: 486711K->106112K(520704K)] 1009886K->765899K(1918976K), 0.1393599 secs] [Times: user=0.83 sys=0.00, real=0.14 secs] 
3611.242: [GC (Allocation Failure) [PSYoungGen: 448629K->141664K(520704K)] 1108416K->904536K(1918976K), 0.0521253 secs] [Times: user=0.31 sys=0.00, real=0.05 secs] 
3612.543: [GC (GCLocker Initiated GC) [PSYoungGen: 485216K->107840K(451584K)] 1248088K->1003568K(1849856K), 0.0640528 secs] [Times: user=0.37 sys=0.01, real=0.06 secs] 
3613.174: [GC (GCLocker Initiated GC) [PSYoungGen: 451392K->140000K(519680K)] 1347125K->1139934K(1917952K), 0.0529620 secs] [Times: user=0.31 sys=0.00, real=0.05 secs] 
3614.891: [GC (Allocation Failure) [PSYoungGen: 483552K->107936K(520192K)] 1483488K->1238332K(1918464K), 0.0803078 secs] [Times: user=0.48 sys=0.00, real=0.08 secs] 
3615.798: [GC (Allocation Failure) [PSYoungGen: 451488K->141440K(519168K)] 1581884K->1376876K(1917440K), 0.0539852 secs] [Times: user=0.32 sys=0.00, real=0.06 secs] 
3615.852: [Full GC (Ergonomics) [PSYoungGen: 141440K->0K(519168K)] [ParOldGen: 1235436K->175882K(1398272K)] 1376876K->175882K(1917440K), [Metaspace: 60268K->60268K(1105920K)], 0.4208838 secs] [Times: user=1.96 sys=0.00, real=0.42 secs] 
3617.836: [GC (Allocation Failure) [PSYoungGen: 344576K->111360K(520704K)] 520458K->287242K(1918976K), 0.0488978 secs] [Times: user=0.29 sys=0.00, real=0.05 secs] 
3618.607: [GC (Allocation Failure) [PSYoungGen: 455936K->143072K(519680K)] 631818K->427639K(1917952K), 0.0544688 secs] [Times: user=0.32 sys=0.00, real=0.06 secs] 
3619.982: [GC (Allocation Failure) [PSYoungGen: 489184K->107520K(521728K)] 773751K->525927K(1920000K), 0.0639971 secs] [Times: user=0.38 sys=0.01, real=0.06 secs] 
3620.587: [GC (Allocation Failure) [PSYoungGen: 453632K->143904K(520704K)] 872039K->666724K(1918976K), 0.0531536 secs] [Times: user=0.32 sys=0.00, real=0.06 secs] 
3622.440: [GC (Allocation Failure) [PSYoungGen: 490528K->107488K(522752K)] 1013348K->764796K(1921024K), 0.1165689 secs] [Times: user=0.69 sys=0.01, real=0.11 secs] 
3623.338: [GC (Allocation Failure) [PSYoungGen: 454112K->142400K(521216K)] 1111420K->903832K(1919488K), 0.0540134 secs] [Times: user=0.32 sys=0.01, real=0.06 secs] 
3625.044: [GC (GCLocker Initiated GC) [PSYoungGen: 489024K->110112K(457216K)] 1250456K->1004464K(1855488K), 0.1138050 secs] [Times: user=0.67 sys=0.01, real=0.11 secs] 
3625.898: [GC (Allocation Failure) [PSYoungGen: 456736K->153952K(513536K)] 1351127K->1155527K(1911808K), 0.0562884 secs] [Times: user=0.33 sys=0.00, real=0.06 secs] 
3627.304: [GC (Allocation Failure) [PSYoungGen: 493408K->103392K(519168K)] 1494983K->1242183K(1917440K), 0.0999871 secs] [Times: user=0.60 sys=0.00, real=0.10 secs] 
3627.908: [GC (Allocation Failure) [PSYoungGen: 442848K->143040K(518144K)] 1581639K->1382099K(1916416K), 0.0527455 secs] [Times: user=0.31 sys=0.00, real=0.06 secs] 
3627.960: [Full GC (Ergonomics) [PSYoungGen: 143040K->0K(518144K)] [ParOldGen: 1239059K->180032K(1398272K)] 1382099K->180032K(1916416K), [Metaspace: 60272K->60272K(1105920K)], 0.4260877 secs] [Times: user=1.99 sys=0.00, real=0.42 secs] 
3629.595: [GC (Allocation Failure) [PSYoungGen: 339456K->102112K(519168K)] 519488K->282144K(1917440K), 0.0341277 secs] [Times: user=0.19 sys=0.01, real=0.04 secs] 
3630.424: [GC (Allocation Failure) [PSYoungGen: 441568K->142112K(517632K)] 621600K->421885K(1915904K), 0.0522000 secs] [Times: user=0.31 sys=0.00, real=0.05 secs] 
3632.376: [GC (GCLocker Initiated GC) [PSYoungGen: 480544K->103264K(441856K)] 760317K->516205K(1840128K), 0.1533772 secs] [Times: user=0.91 sys=0.00, real=0.16 secs] 
3633.726: [GC (Allocation Failure) [PSYoungGen: 441696K->135648K(519168K)] 854639K->650157K(1917440K), 0.0514585 secs] [Times: user=0.30 sys=0.00, real=0.05 secs] 
3635.235: [GC (GCLocker Initiated GC) [PSYoungGen: 476128K->108704K(449536K)] 990637K->749897K(1847808K), 0.0634866 secs] [Times: user=0.37 sys=0.00, real=0.07 secs] 
3635.738: [GC (Allocation Failure) [PSYoungGen: 449184K->137184K(517632K)] 1090380K->885605K(1915904K), 0.0533985 secs] [Times: user=0.31 sys=0.00, real=0.06 secs] 
3637.129: [GC (Allocation Failure) [PSYoungGen: 479712K->111872K(517632K)] 1228133K->987109K(1915904K), 0.0806796 secs] [Times: user=0.48 sys=0.00, real=0.08 secs] 
3638.487: [GC (Allocation Failure) [PSYoungGen: 454400K->136896K(520192K)] 1329637K->1122246K(1918464K), 0.0548824 secs] [Times: user=0.33 sys=0.00, real=0.06 secs] 
3641.265: [GC (GCLocker Initiated GC) [PSYoungGen: 485056K->112352K(520704K)] 1470406K->1224678K(1918976K), 0.0661400 secs] [Times: user=0.39 sys=0.00, real=0.07 secs] 
3641.888: [GC (Allocation Failure) [PSYoungGen: 460512K->149920K(518656K)] 1572877K->1373341K(1916928K), 0.0562134 secs] [Times: user=0.33 sys=0.00, real=0.06 secs] 
3643.509: [GC (Allocation Failure) [PSYoungGen: 498592K->110816K(523776K)] 1722013K->1466990K(1922048K), 0.0917953 secs] [Times: user=0.37 sys=0.16, real=0.09 secs] 
3643.601: [Full GC (Ergonomics) [PSYoungGen: 110816K->0K(523776K)] [ParOldGen: 1356173K->26859K(1398272K)] 1466990K->26859K(1922048K), [Metaspace: 60287K->60287K(1105920K)], 0.0376258 secs] [Times: user=0.10 sys=0.00, real=0.03 secs] 
3644.326: [GC (Allocation Failure) [PSYoungGen: 348672K->143264K(522240K)] 375531K->170123K(1920512K), 0.0287432 secs] [Times: user=0.17 sys=0.00, real=0.03 secs] 
3645.690: [GC (GCLocker Initiated GC) [PSYoungGen: 492960K->109952K(524288K)] 519819K->270075K(1922560K), 0.0747167 secs] [Times: user=0.44 sys=0.00, real=0.07 secs] 
3646.431: [GC (Allocation Failure) [PSYoungGen: 459648K->145760K(520192K)] 619809K->413906K(1918464K), 0.0536001 secs] [Times: user=0.32 sys=0.00, real=0.05 secs] 
3648.923: [GC (Allocation Failure) [PSYoungGen: 493408K->107008K(523264K)] 761554K->512206K(1921536K), 0.0643006 secs] [Times: user=0.38 sys=0.00, real=0.06 secs] 
3649.685: [GC (Allocation Failure) [PSYoungGen: 454656K->143744K(520704K)] 859854K->653267K(1918976K), 0.0528896 secs] [Times: user=0.30 sys=0.01, real=0.05 secs] 
3651.104: [GC (GCLocker Initiated GC) [PSYoungGen: 490368K->107968K(522752K)] 999891K->751827K(1921024K), 0.0766213 secs] [Times: user=0.45 sys=0.00, real=0.08 secs] 
3651.688: [GC (Allocation Failure) [PSYoungGen: 454592K->144640K(519168K)] 1098454K->893295K(1917440K), 0.0528813 secs] [Times: user=0.31 sys=0.00, real=0.06 secs] 
3653.569: [GC (Allocation Failure) [PSYoungGen: 489216K->107232K(521728K)] 1237871K->990895K(1920000K), 0.0734288 secs] [Times: user=0.44 sys=0.00, real=0.07 secs] 
3654.852: [GC (Allocation Failure) [PSYoungGen: 451808K->143392K(519680K)] 1335471K->1132367K(1917952K), 0.0531650 secs] [Times: user=0.32 sys=0.00, real=0.05 secs] 
3656.857: [GC (Allocation Failure) [PSYoungGen: 487968K->107712K(521728K)] 1476943K->1231047K(1920000K), 0.0642995 secs] [Times: user=0.38 sys=0.00, real=0.07 secs] 
3657.326: [GC (Allocation Failure) [PSYoungGen: 452288K->142688K(520192K)] 1575623K->1370915K(1918464K), 0.0532657 secs] [Times: user=0.32 sys=0.00, real=0.06 secs] 
3658.589: [GC (Allocation Failure) [PSYoungGen: 487264K->107744K(452608K)] 1715494K->1469490K(1850880K), 0.0652211 secs] [Times: user=0.39 sys=0.00, real=0.06 secs] 
3658.655: [Full GC (Ergonomics) [PSYoungGen: 107744K->0K(452608K)] [ParOldGen: 1361746K->35301K(1398272K)] 1469490K->35301K(1850880K), [Metaspace: 60308K->60308K(1105920K)], 0.0631352 secs] [Times: user=0.23 sys=0.00, real=0.06 secs] 
3659.320: [GC (Allocation Failure) [PSYoungGen: 344576K->143328K(519168K)] 379877K->178629K(1917440K), 0.0285522 secs] [Times: user=0.16 sys=0.00, real=0.02 secs] 
3661.079: [GC (Allocation Failure) [PSYoungGen: 487392K->105824K(521216K)] 522693K->275065K(1919488K), 0.0899105 secs] [Times: user=0.53 sys=0.00, real=0.09 secs] 
3662.203: [GC (Allocation Failure) [PSYoungGen: 449888K->151584K(514048K)] 619129K->424481K(1912320K), 0.0519444 secs] [Times: user=0.31 sys=0.00, real=0.05 secs] 
3663.814: [GC (Allocation Failure) [PSYoungGen: 490016K->104992K(518656K)] 762913K->512105K(1916928K), 0.0635774 secs] [Times: user=0.38 sys=0.00, real=0.06 secs] 
3664.430: [GC (Allocation Failure) [PSYoungGen: 443424K->140096K(517632K)] 850537K->649333K(1915904K), 0.0516961 secs] [Times: user=0.30 sys=0.00, real=0.05 secs] 
3665.827: [GC (Allocation Failure) [PSYoungGen: 479552K->106656K(518656K)] 988789K->746609K(1916928K), 0.0733590 secs] [Times: user=0.44 sys=0.00, real=0.08 secs] 
3666.550: [GC (Allocation Failure) [PSYoungGen: 446112K->139264K(518144K)] 1086065K->884162K(1916416K), 0.0527415 secs] [Times: user=0.30 sys=0.01, real=0.05 secs] 
3668.167: [GC (Allocation Failure) [PSYoungGen: 480256K->107744K(518656K)] 1225154K->982406K(1916928K), 0.0800198 secs] [Times: user=0.48 sys=0.01, real=0.08 secs] 
3669.716: [GC (Allocation Failure) [PSYoungGen: 448736K->139264K(519168K)] 1323398K->1119811K(1917440K), 0.0532176 secs] [Times: user=0.31 sys=0.00, real=0.06 secs] 
3671.033: [GC (Allocation Failure) [PSYoungGen: 482816K->107872K(519680K)] 1463363K->1218383K(1917952K), 0.0665772 secs] [Times: user=0.40 sys=0.00, real=0.07 secs] 
3671.577: [GC (Allocation Failure) [PSYoungGen: 451424K->140928K(520192K)] 1561935K->1357524K(1918464K), 0.0536238 secs] [Times: user=0.31 sys=0.00, real=0.06 secs] 
3672.899: [GC (Allocation Failure) [PSYoungGen: 487040K->108896K(521216K)] 1703636K->1457284K(1919488K), 0.0661979 secs] [Times: user=0.39 sys=0.00, real=0.06 secs] 
3672.965: [Full GC (Ergonomics) [PSYoungGen: 108896K->0K(521216K)] [ParOldGen: 1348388K->21195K(1398272K)] 1457284K->21195K(1919488K), [Metaspace: 60319K->60319K(1105920K)], 0.0728451 secs] [Times: user=0.29 sys=0.00, real=0.07 secs] 
3674.034: [GC (Allocation Failure) [PSYoungGen: 346112K->141760K(520704K)] 367307K->162955K(1918976K), 0.0280299 secs] [Times: user=0.17 sys=0.00, real=0.03 secs] 
3675.714: [GC (Allocation Failure) [PSYoungGen: 489408K->108800K(522752K)] 510603K->262739K(1921024K), 0.1021060 secs] [Times: user=0.60 sys=0.01, real=0.10 secs] 
3677.939: [GC (Allocation Failure) [PSYoungGen: 456448K->140000K(522752K)] 610387K->400656K(1921024K), 0.0519746 secs] [Times: user=0.31 sys=0.00, real=0.05 secs] 
3679.331: [GC (Allocation Failure) [PSYoungGen: 489696K->110528K(460288K)] 750352K->502132K(1858560K), 0.0648480 secs] [Times: user=0.38 sys=0.00, real=0.06 secs] 
3679.932: [GC (Allocation Failure) [PSYoungGen: 460224K->142304K(521216K)] 851828K->642224K(1919488K), 0.0532483 secs] [Times: user=0.31 sys=0.01, real=0.05 secs] 
3681.637: [GC (GCLocker Initiated GC) [PSYoungGen: 492000K->108864K(523264K)] 991923K->741683K(1921536K), 0.1529295 secs] [Times: user=0.91 sys=0.01, real=0.16 secs] 
3682.573: [GC (Allocation Failure) [PSYoungGen: 458560K->143136K(522752K)] 1091450K->883067K(1921024K), 0.0538645 secs] [Times: user=0.31 sys=0.00, real=0.05 secs] 
3684.707: [GC (Allocation Failure) [PSYoungGen: 493856K->111392K(524800K)] 1233787K->985883K(1923072K), 0.1112548 secs] [Times: user=0.66 sys=0.00, real=0.11 secs] 
3685.966: [GC (Allocation Failure) [PSYoungGen: 462112K->142752K(522752K)] 1336603K->1126178K(1921024K), 0.0547211 secs] [Times: user=0.31 sys=0.01, real=0.06 secs] 
3687.851: [GC (Allocation Failure) [PSYoungGen: 493472K->110848K(524800K)] 1476898K->1227946K(1923072K), 0.0702443 secs] [Times: user=0.41 sys=0.00, real=0.07 secs] 
3688.538: [GC (Allocation Failure) [PSYoungGen: 461568K->145312K(521728K)] 1578666K->1370119K(1920000K), 0.0551386 secs] [Times: user=0.33 sys=0.00, real=0.06 secs] 
3691.492: [GC (Allocation Failure) [PSYoungGen: 495008K->107840K(524288K)] 1719815K->1469087K(1922560K), 0.1656274 secs] [Times: user=0.98 sys=0.01, real=0.16 secs] 
3691.657: [Full GC (Ergonomics) [PSYoungGen: 107840K->0K(524288K)] [ParOldGen: 1361247K->35637K(1398272K)] 1469087K->35637K(1922560K), [Metaspace: 60323K->60323K(1105920K)], 0.1000094 secs] [Times: user=0.38 sys=0.00, real=0.10 secs] 
3693.205: [GC (Allocation Failure) [PSYoungGen: 349696K->146304K(519680K)] 385333K->181941K(1917952K), 0.0291623 secs] [Times: user=0.17 sys=0.00, real=0.03 secs] 
3694.496: [GC (Allocation Failure) [PSYoungGen: 492928K->108800K(522752K)] 528565K->281761K(1921024K), 0.0640629 secs] [Times: user=0.38 sys=0.00, real=0.07 secs] 
3695.124: [GC (Allocation Failure) [PSYoungGen: 455424K->143360K(521216K)] 628385K->422865K(1919488K), 0.0524565 secs] [Times: user=0.31 sys=0.00, real=0.05 secs] 
3696.655: [GC (Allocation Failure) [PSYoungGen: 489984K->109280K(522752K)] 769489K->523649K(1921024K), 0.0914136 secs] [Times: user=0.54 sys=0.01, real=0.09 secs] 
3697.207: [GC (Allocation Failure) [PSYoungGen: 455904K->146496K(519168K)] 870273K->666006K(1917440K), 0.0527869 secs] [Times: user=0.31 sys=0.00, real=0.06 secs] 
3699.214: [GC (Allocation Failure) [PSYoungGen: 491072K->105792K(521728K)] 1010582K->762238K(1920000K), 0.1024816 secs] [Times: user=0.61 sys=0.00, real=0.10 secs] 
3700.067: [GC (Allocation Failure) [PSYoungGen: 450368K->145664K(517632K)] 1106814K->904242K(1915904K), 0.0519622 secs] [Times: user=0.31 sys=0.00, real=0.06 secs] 
3701.821: [GC (Allocation Failure) [PSYoungGen: 487168K->103936K(520192K)] 1245746K->998991K(1918464K), 0.0638578 secs] [Times: user=0.37 sys=0.00, real=0.06 secs] 
3702.417: [GC (Allocation Failure) [PSYoungGen: 445440K->153504K(510976K)] 1340495K->1148419K(1909248K), 0.0518964 secs] [Times: user=0.30 sys=0.00, real=0.06 secs] 
3703.895: [GC (Allocation Failure) [PSYoungGen: 486816K->99232K(516096K)] 1481731K->1230347K(1914368K), 0.0791486 secs] [Times: user=0.46 sys=0.01, real=0.08 secs] 
3704.698: [GC (Allocation Failure) [PSYoungGen: 432544K->147040K(511488K)] 1563659K->1374535K(1909760K), 0.0508291 secs] [Times: user=0.30 sys=0.00, real=0.06 secs] 
3704.749: [Full GC (Ergonomics) [PSYoungGen: 147040K->0K(511488K)] [ParOldGen: 1227495K->170396K(1398272K)] 1374535K->170396K(1909760K), [Metaspace: 60339K->60339K(1105920K)], 0.4036574 secs] [Times: user=1.87 sys=0.00, real=0.40 secs] 
3706.871: [GC (Allocation Failure) [PSYoungGen: 329216K->101472K(514048K)] 499612K->271868K(1912320K), 0.0744434 secs] [Times: user=0.44 sys=0.00, real=0.07 secs] 
3708.354: [GC (Allocation Failure) [PSYoungGen: 430688K->134208K(508928K)] 601084K->404041K(1907200K), 0.0515413 secs] [Times: user=0.30 sys=0.00, real=0.05 secs] 
3709.670: [GC (Allocation Failure) [PSYoungGen: 464960K->108544K(512000K)] 734793K->503233K(1910272K), 0.0625126 secs] [Times: user=0.37 sys=0.00, real=0.06 secs] 
3710.340: [GC (Allocation Failure) [PSYoungGen: 439296K->126528K(509440K)] 833985K->628509K(1907712K), 0.0521074 secs] [Times: user=0.31 sys=0.00, real=0.05 secs] 
3711.662: [GC (Allocation Failure) [PSYoungGen: 465984K->121248K(513536K)] 967965K->739950K(1911808K), 0.0628358 secs] [Times: user=0.37 sys=0.00, real=0.06 secs] 
3712.949: [GC (Allocation Failure) [PSYoungGen: 460704K->121664K(517120K)] 1079406K->861174K(1915392K), 0.0560522 secs] [Times: user=0.33 sys=0.00, real=0.05 secs] 
3714.334: [GC (Allocation Failure) [PSYoungGen: 476992K->126944K(520704K)] 1216502K->977486K(1918976K), 0.0632085 secs] [Times: user=0.37 sys=0.00, real=0.06 secs] 
3715.376: [GC (Allocation Failure) [PSYoungGen: 482272K->141216K(531456K)] 1332814K->1118222K(1929728K), 0.0589087 secs] [Times: user=0.35 sys=0.00, real=0.06 secs] 
3716.763: [GC (Allocation Failure) [PSYoungGen: 510368K->6592K(375808K)] 1487374K->983630K(1774080K), 0.0052924 secs] [Times: user=0.02 sys=0.00, real=0.00 secs] 
3717.327: [GC (Allocation Failure) [PSYoungGen: 375744K->148704K(505344K)] 1352782K->1130266K(1903616K), 0.0320021 secs] [Times: user=0.19 sys=0.00, real=0.04 secs] 
3718.665: [GC (Allocation Failure) [PSYoungGen: 472800K->103840K(511488K)] 1454362K->1224142K(1909760K), 0.0734300 secs] [Times: user=0.44 sys=0.00, real=0.07 secs] 
3720.251: [GC (Allocation Failure) [PSYoungGen: 427936K->129568K(506880K)] 1548238K->1351707K(1905152K), 0.0527330 secs] [Times: user=0.31 sys=0.00, real=0.05 secs] 
3720.303: [Full GC (Ergonomics) [PSYoungGen: 129568K->0K(506880K)] [ParOldGen: 1222139K->151354K(1398272K)] 1351707K->151354K(1905152K), [Metaspace: 60350K->60350K(1105920K)], 0.3577732 secs] [Times: user=1.66 sys=0.00, real=0.36 secs] 
3722.980: [GC (Allocation Failure) [PSYoungGen: 328704K->113312K(509952K)] 480058K->264666K(1908224K), 0.0412232 secs] [Times: user=0.24 sys=0.00, real=0.04 secs] 
3723.710: [GC (Allocation Failure) [PSYoungGen: 442016K->119072K(509952K)] 593370K->383406K(1908224K), 0.0558002 secs] [Times: user=0.33 sys=0.00, real=0.05 secs] 
3725.125: [GC (Allocation Failure) [PSYoungGen: 461088K->128288K(512512K)] 725422K->501814K(1910784K), 0.0614440 secs] [Times: user=0.36 sys=0.00, real=0.06 secs] 
3725.655: [GC (GCLocker Initiated GC) [PSYoungGen: 470304K->121792K(519168K)] 843831K->623519K(1917440K), 0.0567101 secs] [Times: user=0.33 sys=0.00, real=0.06 secs] 
3727.007: [GC (Allocation Failure) [PSYoungGen: 480704K->127424K(524288K)] 982432K->739901K(1922560K), 0.0625244 secs] [Times: user=0.37 sys=0.00, real=0.07 secs] 
3727.763: [GC (Allocation Failure) [PSYoungGen: 486336K->134592K(532480K)] 1098813K->873941K(1930752K), 0.0584757 secs] [Times: user=0.34 sys=0.00, real=0.06 secs] 
3729.485: [GC (Allocation Failure) [PSYoungGen: 502720K->7104K(375296K)] 1242069K->746493K(1773568K), 0.0038728 secs] [Times: user=0.02 sys=0.00, real=0.01 secs] 
3730.503: [GC (Allocation Failure) [PSYoungGen: 375232K->148736K(503296K)] 1114621K->893346K(1901568K), 0.0315028 secs] [Times: user=0.19 sys=0.00, real=0.03 secs] 
3732.021: [GC (GCLocker Initiated GC) [PSYoungGen: 471808K->100800K(510976K)] 1216418K->985458K(1909248K), 0.0718386 secs] [Times: user=0.42 sys=0.00, real=0.07 secs] 
3732.735: [GC (Allocation Failure) [PSYoungGen: 423872K->129856K(507904K)] 1308601K->1113069K(1906176K), 0.0504421 secs] [Times: user=0.30 sys=0.00, real=0.05 secs] 
3734.043: [GC (Allocation Failure) [PSYoungGen: 458560K->113184K(510464K)] 1441773K->1216977K(1908736K), 0.0629617 secs] [Times: user=0.37 sys=0.00, real=0.06 secs] 
3735.291: [GC (Allocation Failure) [PSYoungGen: 441888K->122976K(514560K)] 1545681K->1339585K(1912832K), 0.0543816 secs] [Times: user=0.32 sys=0.00, real=0.05 secs] 
3735.345: [Full GC (Ergonomics) [PSYoungGen: 122976K->0K(514560K)] [ParOldGen: 1216609K->137646K(1398272K)] 1339585K->137646K(1912832K), [Metaspace: 60358K->60358K(1105920K)], 0.3200887 secs] [Times: user=1.46 sys=0.00, real=0.32 secs] 
3737.251: [GC (Allocation Failure) [PSYoungGen: 340480K->125312K(513024K)] 478126K->262958K(1911296K), 0.0455018 secs] [Times: user=0.26 sys=0.00, real=0.04 secs] 
3737.886: [GC (Allocation Failure) [PSYoungGen: 465792K->119520K(521728K)] 603438K->382526K(1920000K), 0.0623042 secs] [Times: user=0.36 sys=0.01, real=0.06 secs] 
3739.293: [GC (Allocation Failure) [PSYoungGen: 475360K->128800K(522240K)] 738366K->500591K(1920512K), 0.0615919 secs] [Times: user=0.36 sys=0.00, real=0.06 secs] 
3739.852: [GC (Allocation Failure) [PSYoungGen: 484640K->131968K(531456K)] 856431K->632487K(1929728K), 0.0573730 secs] [Times: user=0.33 sys=0.00, real=0.06 secs] 
3741.283: [GC (Allocation Failure) [PSYoungGen: 497024K->3904K(369152K)] 997543K->504591K(1767424K), 0.0028412 secs] [Times: user=0.02 sys=0.00, real=0.00 secs] 
3742.188: [GC (GCLocker Initiated GC) [PSYoungGen: 368960K->147520K(502784K)] 869647K->650376K(1901056K), 0.0299059 secs] [Times: user=0.17 sys=0.00, real=0.03 secs] 
3743.484: [GC (Allocation Failure) [PSYoungGen: 468544K->102400K(509952K)] 971406K->743886K(1908224K), 0.0653888 secs] [Times: user=0.38 sys=0.00, real=0.07 secs] 
3745.098: [GC (Allocation Failure) [PSYoungGen: 423424K->127040K(506880K)] 1064910K->869474K(1905152K), 0.0501998 secs] [Times: user=0.30 sys=0.00, real=0.05 secs] 
3746.391: [GC (Allocation Failure) [PSYoungGen: 454208K->117696K(508928K)] 1196642K->978206K(1907200K), 0.0629138 secs] [Times: user=0.38 sys=0.00, real=0.06 secs] 
3747.098: [GC (Allocation Failure) [PSYoungGen: 444864K->115616K(509952K)] 1305374K->1093790K(1908224K), 0.0546563 secs] [Times: user=0.32 sys=0.00, real=0.06 secs] 
3748.469: [GC (Allocation Failure) [PSYoungGen: 456096K->132768K(512000K)] 1434270K->1215635K(1910272K), 0.0623773 secs] [Times: user=0.37 sys=0.00, real=0.06 secs] 
3749.562: [GC (Allocation Failure) [PSYoungGen: 473248K->121632K(521728K)] 1556115K->1337195K(1920000K), 0.0583692 secs] [Times: user=0.35 sys=0.00, real=0.06 secs] 
3749.620: [Full GC (Ergonomics) [PSYoungGen: 121632K->0K(521728K)] [ParOldGen: 1215563K->128590K(1398272K)] 1337195K->128590K(1920000K), [Metaspace: 60363K->60363K(1105920K)], 0.2970204 secs] [Times: user=1.36 sys=0.00, real=0.29 secs] 
3752.520: [GC (Allocation Failure) [PSYoungGen: 354304K->135328K(523776K)] 482894K->263918K(1922048K), 0.0501467 secs] [Times: user=0.29 sys=0.00, real=0.05 secs] 
3753.386: [GC (Allocation Failure) [PSYoungGen: 489632K->119424K(522240K)] 618222K->383394K(1920512K), 0.0706969 secs] [Times: user=0.41 sys=0.01, real=0.07 secs] 
3754.745: [GC (Allocation Failure) [PSYoungGen: 477312K->129088K(524800K)] 741282K->501623K(1923072K), 0.0614209 secs] [Times: user=0.36 sys=0.00, real=0.06 secs] 
3755.396: [GC (GCLocker Initiated GC) [PSYoungGen: 486976K->134016K(531456K)] 859511K->635575K(1929728K), 0.0572756 secs] [Times: user=0.34 sys=0.00, real=0.06 secs] 
3756.834: [GC (Allocation Failure) [PSYoungGen: 499072K->4928K(370176K)] 1000634K->506562K(1768448K), 0.0038744 secs] [Times: user=0.02 sys=0.00, real=0.00 secs] 
3757.527: [GC (Allocation Failure) [PSYoungGen: 369984K->147584K(503296K)] 871618K->653006K(1901568K), 0.0300786 secs] [Times: user=0.18 sys=0.00, real=0.03 secs] 
3759.350: [GC (Allocation Failure) [PSYoungGen: 468608K->100832K(509952K)] 974030K->744742K(1908224K), 0.0652022 secs] [Times: user=0.39 sys=0.00, real=0.06 secs] 
3760.009: [GC (GCLocker Initiated GC) [PSYoungGen: 421856K->128768K(507904K)] 1065767K->872435K(1906176K), 0.0506967 secs] [Times: user=0.30 sys=0.00, real=0.05 secs] 
3761.456: [GC (Allocation Failure) [PSYoungGen: 455424K->116288K(509440K)] 1199093K->979909K(1907712K), 0.0636382 secs] [Times: user=0.37 sys=0.00, real=0.07 secs] 
3762.208: [GC (Allocation Failure) [PSYoungGen: 442944K->116480K(510464K)] 1306565K->1095989K(1908736K), 0.0542075 secs] [Times: user=0.31 sys=0.00, real=0.06 secs] 
3763.504: [GC (Allocation Failure) [PSYoungGen: 455936K->131776K(510976K)] 1435445K->1217582K(1909248K), 0.0619615 secs] [Times: user=0.37 sys=0.00, real=0.06 secs] 
3765.629: [GC (Allocation Failure) [PSYoungGen: 471232K->111872K(518144K)] 1557038K->1328974K(1916416K), 0.0573790 secs] [Times: user=0.34 sys=0.00, real=0.05 secs] 
3765.687: [Full GC (Ergonomics) [PSYoungGen: 111872K->0K(518144K)] [ParOldGen: 1217102K->127430K(1398272K)] 1328974K->127430K(1916416K), [Metaspace: 60365K->60365K(1105920K)], 0.2938330 secs] [Times: user=1.33 sys=0.00, real=0.30 secs] 
3767.384: [GC (Allocation Failure) [PSYoungGen: 354816K->136640K(522240K)] 482246K->264071K(1920512K), 0.0505859 secs] [Times: user=0.30 sys=0.00, real=0.05 secs] 
3768.312: [GC (Allocation Failure) [PSYoungGen: 491456K->120800K(526848K)] 618887K->384915K(1925120K), 0.0702883 secs] [Times: user=0.42 sys=0.00, real=0.07 secs] 
3769.927: [GC (Allocation Failure) [PSYoungGen: 482272K->127456K(527872K)] 746387K->502087K(1926144K), 0.0620558 secs] [Times: user=0.37 sys=0.01, real=0.06 secs] 
3771.213: [GC (Allocation Failure) [PSYoungGen: 488928K->135040K(530432K)] 863559K->636711K(1928704K), 0.0569132 secs] [Times: user=0.33 sys=0.00, real=0.06 secs] 
3772.753: [GC (Allocation Failure) [PSYoungGen: 500608K->5856K(371712K)] 1002279K->507659K(1769984K), 0.0048073 secs] [Times: user=0.02 sys=0.00, real=0.00 secs] 
3774.561: [GC (Allocation Failure) [PSYoungGen: 371424K->145568K(505344K)] 873227K->651563K(1903616K), 0.0306491 secs] [Times: user=0.18 sys=0.01, real=0.03 secs] 
3775.917: [GC (Allocation Failure) [PSYoungGen: 469664K->104800K(511488K)] 975659K->746575K(1909760K), 0.0655256 secs] [Times: user=0.39 sys=0.00, real=0.07 secs] 
3776.451: [GC (Allocation Failure) [PSYoungGen: 428896K->129824K(511488K)] 1070671K->874568K(1909760K), 0.0516752 secs] [Times: user=0.30 sys=0.01, real=0.05 secs] 
3777.842: [GC (Allocation Failure) [PSYoungGen: 460064K->114112K(444416K)] 1204808K->979192K(1842688K), 0.0640367 secs] [Times: user=0.38 sys=0.00, real=0.06 secs] 
3779.094: [GC (Allocation Failure) [PSYoungGen: 444352K->120608K(514560K)] 1309432K->1099788K(1912832K), 0.0549095 secs] [Times: user=0.33 sys=0.00, real=0.06 secs] 
3780.459: [GC (Allocation Failure) [PSYoungGen: 460576K->127968K(510976K)] 1439756K->1216989K(1909248K), 0.0631282 secs] [Times: user=0.38 sys=0.00, real=0.06 secs] 
3782.070: [GC (Allocation Failure) [PSYoungGen: 467936K->117536K(522752K)] 1556957K->1334501K(1921024K), 0.0577685 secs] [Times: user=0.34 sys=0.00, real=0.05 secs] 
3782.128: [Full GC (Ergonomics) [PSYoungGen: 117536K->0K(522752K)] [ParOldGen: 1216965K->133183K(1398272K)] 1334501K->133183K(1921024K), [Metaspace: 60366K->60366K(1105920K)], 0.3138426 secs] [Times: user=1.39 sys=0.00, real=0.32 secs] 
3783.686: [GC (Allocation Failure) [PSYoungGen: 357376K->130880K(523264K)] 490559K->264063K(1921536K), 0.0444076 secs] [Times: user=0.25 sys=0.01, real=0.05 secs] 
3784.367: [GC (Allocation Failure) [PSYoungGen: 488256K->126944K(530432K)] 621439K->390711K(1928704K), 0.0656445 secs] [Times: user=0.39 sys=0.00, real=0.07 secs] 
3785.745: [GC (Allocation Failure) [PSYoungGen: 493536K->3088K(370176K)] 757303K->267051K(1768448K), 0.0027836 secs] [Times: user=0.02 sys=0.00, real=0.00 secs] 
3787.082: [GC (Allocation Failure) [PSYoungGen: 369680K->143264K(505856K)] 633645K->409404K(1904128K), 0.0285891 secs] [Times: user=0.17 sys=0.01, real=0.03 secs] 
3790.188: [GC (Allocation Failure) [PSYoungGen: 469408K->104992K(512512K)] 735548K->505516K(1910784K), 0.0648957 secs] [Times: user=0.38 sys=0.00, real=0.07 secs] 
3790.962: [GC (Allocation Failure) [PSYoungGen: 431136K->123584K(508416K)] 831660K->628001K(1906688K), 0.0508571 secs] [Times: user=0.29 sys=0.01, real=0.05 secs] 
3792.292: [GC (Allocation Failure) [PSYoungGen: 456384K->123776K(510464K)] 960801K->742137K(1908736K), 0.0629329 secs] [Times: user=0.37 sys=0.00, real=0.06 secs] 
3793.448: [GC (Allocation Failure) [PSYoungGen: 456576K->115168K(510976K)] 1074937K->857305K(1909248K), 0.0553865 secs] [Times: user=0.32 sys=0.00, real=0.06 secs] 
3795.699: [GC (Allocation Failure) [PSYoungGen: 460768K->133824K(516096K)] 1202905K->980102K(1914368K), 0.0619622 secs] [Times: user=0.36 sys=0.00, real=0.07 secs] 
3797.669: [GC (Allocation Failure) [PSYoungGen: 479424K->113440K(519168K)] 1325702K->1093102K(1917440K), 0.0585996 secs] [Times: user=0.35 sys=0.00, real=0.06 secs] 
3799.092: [GC (Allocation Failure) [PSYoungGen: 469280K->134816K(522752K)] 1448942K->1217651K(1921024K), 0.0622525 secs] [Times: user=0.36 sys=0.00, real=0.06 secs] 
3800.097: [GC (Allocation Failure) [PSYoungGen: 490656K->122560K(527872K)] 1573491K->1339867K(1926144K), 0.0591126 secs] [Times: user=0.35 sys=0.00, real=0.06 secs] 
3800.156: [Full GC (Ergonomics) [PSYoungGen: 122560K->0K(527872K)] [ParOldGen: 1217307K->138101K(1398272K)] 1339867K->138101K(1926144K), [Metaspace: 60369K->60369K(1105920K)], 0.3172528 secs] [Times: user=1.46 sys=0.00, real=0.32 secs] 
3801.763: [GC (Allocation Failure) [PSYoungGen: 363008K->126208K(528896K)] 501109K->264309K(1927168K), 0.0438239 secs] [Times: user=0.25 sys=0.01, real=0.04 secs] 
3803.396: [GC (Allocation Failure) [PSYoungGen: 489216K->138304K(528384K)] 627317K->402409K(1926656K), 0.0649550 secs] [Times: user=0.38 sys=0.00, real=0.07 secs] 
3805.063: [GC (GCLocker Initiated GC) [PSYoungGen: 502336K->7168K(371712K)] 766442K->271306K(1769984K), 0.0034231 secs] [Times: user=0.02 sys=0.00, real=0.00 secs] 
3805.653: [GC (Allocation Failure) [PSYoungGen: 371200K->148832K(501760K)] 635408K->418064K(1900032K), 0.0308082 secs] [Times: user=0.18 sys=0.00, real=0.03 secs] 
3806.985: [GC (GCLocker Initiated GC) [PSYoungGen: 468832K->98496K(509440K)] 738064K->507644K(1907712K), 0.0659783 secs] [Times: user=0.40 sys=0.00, real=0.07 secs] 
3807.607: [GC (Allocation Failure) [PSYoungGen: 418496K->138336K(509440K)] 827683K->644351K(1907712K), 0.0498159 secs] [Times: user=0.29 sys=0.00, real=0.05 secs] 
3808.917: [GC (Allocation Failure) [PSYoungGen: 463456K->115936K(441344K)] 969471K->742903K(1839616K), 0.0627075 secs] [Times: user=0.37 sys=0.00, real=0.07 secs] 
3810.215: [GC (GCLocker Initiated GC) [PSYoungGen: 441056K->115328K(514048K)] 1068024K->857568K(1912320K), 0.0529132 secs] [Times: user=0.31 sys=0.00, real=0.05 secs] 
3812.816: [GC (Allocation Failure) [PSYoungGen: 449152K->133024K(507904K)] 1191394K->979734K(1906176K), 0.0619949 secs] [Times: user=0.37 sys=0.00, real=0.06 secs] 
3813.384: [GC (Allocation Failure) [PSYoungGen: 466848K->105344K(520704K)] 1313558K->1084990K(1918976K), 0.0564224 secs] [Times: user=0.34 sys=0.00, real=0.06 secs] 
3814.776: [GC (Allocation Failure) [PSYoungGen: 454016K->143008K(519680K)] 1433662K->1217291K(1917952K), 0.0615126 secs] [Times: user=0.36 sys=0.00, real=0.06 secs] 
3816.610: [GC (Allocation Failure) [PSYoungGen: 491680K->105056K(524288K)] 1565963K->1322291K(1922560K), 0.0597685 secs] [Times: user=0.35 sys=0.00, real=0.06 secs] 
3816.670: [Full GC (Ergonomics) [PSYoungGen: 105056K->0K(524288K)] [ParOldGen: 1217235K->120219K(1398272K)] 1322291K->120219K(1922560K), [Metaspace: 60387K->60387K(1105920K)], 0.2830896 secs] [Times: user=1.28 sys=0.00, real=0.28 secs] 
3818.209: [GC (Allocation Failure) [PSYoungGen: 351232K->143680K(495104K)] 471451K->263899K(1893376K), 0.0533498 secs] [Times: user=0.32 sys=0.01, real=0.05 secs] 
3819.326: [GC (Allocation Failure) [PSYoungGen: 494912K->112512K(526848K)] 615131K->376143K(1925120K), 0.0724480 secs] [Times: user=0.42 sys=0.00, real=0.08 secs] 
3820.648: [GC (Allocation Failure) [PSYoungGen: 462720K->135424K(522240K)] 726351K->501248K(1920512K), 0.0612815 secs] [Times: user=0.36 sys=0.00, real=0.07 secs] 
3821.287: [GC (Allocation Failure) [PSYoungGen: 485632K->119936K(520192K)] 851456K->621132K(1918464K), 0.0588012 secs] [Times: user=0.35 sys=0.00, real=0.06 secs] 
3822.656: [GC (Allocation Failure) [PSYoungGen: 473728K->129376K(521728K)] 974924K->739457K(1920000K), 0.0624203 secs] [Times: user=0.37 sys=0.00, real=0.06 secs] 
3823.824: [GC (GCLocker Initiated GC) [PSYoungGen: 483168K->128832K(527872K)] 1093250K->867618K(1926144K), 0.0582946 secs] [Times: user=0.34 sys=0.01, real=0.06 secs] 
3825.177: [GC (Allocation Failure) [PSYoungGen: 493376K->3584K(368640K)] 1232230K->742506K(1766912K), 0.0036345 secs] [Times: user=0.02 sys=0.00, real=0.01 secs] 
3827.353: [GC (Allocation Failure) [PSYoungGen: 368128K->141856K(508928K)] 1107050K->882743K(1907200K), 0.0296053 secs] [Times: user=0.17 sys=0.00, real=0.03 secs] 
3828.607: [GC (GCLocker Initiated GC) [PSYoungGen: 470048K->107296K(435712K)] 1210935K->981003K(1833984K), 0.0669846 secs] [Times: user=0.39 sys=0.00, real=0.07 secs] 
3829.096: [GC (Allocation Failure) [PSYoungGen: 435488K->140192K(508416K)] 1309234K->1120014K(1906688K), 0.0537433 secs] [Times: user=0.31 sys=0.00, real=0.06 secs] 
3830.473: [GC (Allocation Failure) [PSYoungGen: 469408K->114400K(512000K)] 1449230K->1216802K(1910272K), 0.0640314 secs] [Times: user=0.38 sys=0.01, real=0.06 secs] 
3831.902: [GC (Allocation Failure) [PSYoungGen: 443616K->117472K(508928K)] 1546018K->1333810K(1907200K), 0.0544883 secs] [Times: user=0.32 sys=0.00, real=0.05 secs] 
3831.956: [Full GC (Ergonomics) [PSYoungGen: 117472K->0K(508928K)] [ParOldGen: 1216338K->133073K(1398272K)] 1333810K->133073K(1907200K), [Metaspace: 60388K->60388K(1105920K)], 0.3052664 secs] [Times: user=1.40 sys=0.00, real=0.31 secs] 
3833.664: [GC (Allocation Failure) [PSYoungGen: 339968K->131232K(510976K)] 473041K->264305K(1909248K), 0.0463014 secs] [Times: user=0.27 sys=0.00, real=0.05 secs] 
3834.509: [GC (Allocation Failure) [PSYoungGen: 471200K->118240K(518656K)] 604273K->382197K(1916928K), 0.0671409 secs] [Times: user=0.39 sys=0.01, real=0.06 secs] 
3835.845: [GC (Allocation Failure) [PSYoungGen: 475104K->130176K(523264K)] 739061K->501722K(1921536K), 0.0619899 secs] [Times: user=0.36 sys=0.01, real=0.06 secs] 
3836.586: [GC (Allocation Failure) [PSYoungGen: 487040K->127936K(529408K)] 858586K->629298K(1927680K), 0.0578898 secs] [Times: user=0.34 sys=0.00, real=0.06 secs] 
3837.934: [GC (Allocation Failure) [PSYoungGen: 494016K->3616K(370176K)] 995378K->505018K(1768448K), 0.0042384 secs] [Times: user=0.02 sys=0.00, real=0.00 secs] 
3839.261: [GC (Allocation Failure) [PSYoungGen: 369696K->143936K(506368K)] 871098K->647335K(1904640K), 0.0293332 secs] [Times: user=0.17 sys=0.00, real=0.03 secs] 
3840.588: [GC (Allocation Failure) [PSYoungGen: 470080K->107040K(433664K)] 973479K->744659K(1831936K), 0.0710760 secs] [Times: user=0.42 sys=0.00, real=0.08 secs] 
3842.340: [GC (GCLocker Initiated GC) [PSYoungGen: 433184K->129088K(512512K)] 1070804K->872521K(1910784K), 0.0524618 secs] [Times: user=0.31 sys=0.00, real=0.05 secs] 
3843.738: [GC (Allocation Failure) [PSYoungGen: 461888K->116128K(512000K)] 1205322K->979466K(1910272K), 0.0664533 secs] [Times: user=0.39 sys=0.00, real=0.07 secs] 
3844.292: [GC (Allocation Failure) [PSYoungGen: 448928K->123648K(516096K)] 1312266K->1103050K(1914368K), 0.0546304 secs] [Times: user=0.32 sys=0.01, real=0.05 secs] 
3845.601: [GC (Allocation Failure) [PSYoungGen: 465664K->124448K(514048K)] 1445066K->1217007K(1912320K), 0.0624064 secs] [Times: user=0.37 sys=0.00, real=0.06 secs] 
3846.315: [GC (Allocation Failure) [PSYoungGen: 466464K->122336K(523776K)] 1559023K->1339279K(1922048K), 0.0562333 secs] [Times: user=0.33 sys=0.00, real=0.06 secs] 
3846.372: [Full GC (Ergonomics) [PSYoungGen: 122336K->0K(523776K)] [ParOldGen: 1216943K->138405K(1398272K)] 1339279K->138405K(1922048K), [Metaspace: 60389K->60389K(1105920K)], 0.3215592 secs] [Times: user=1.48 sys=0.00, real=0.32 secs] 
3847.975: [GC (Allocation Failure) [PSYoungGen: 355840K->126560K(522752K)] 494245K->264965K(1921024K), 0.0433294 secs] [Times: user=0.25 sys=0.00, real=0.04 secs] 
3849.948: [GC (Allocation Failure) [PSYoungGen: 482400K->139232K(525824K)] 620805K->403717K(1924096K), 0.0621274 secs] [Times: user=0.37 sys=0.00, real=0.07 secs] 
3851.299: [GC (Allocation Failure) [PSYoungGen: 499168K->3136K(363520K)] 763653K->267697K(1761792K), 0.0024342 secs] [Times: user=0.01 sys=0.00, real=0.01 secs] 
3851.912: [GC (Allocation Failure) [PSYoungGen: 363072K->143200K(503808K)] 627633K->408950K(1902080K), 0.0288771 secs] [Times: user=0.17 sys=0.00, real=0.03 secs] 
3853.243: [GC (Allocation Failure) [PSYoungGen: 463200K->105408K(425472K)] 728950K->505146K(1823744K), 0.0646151 secs] [Times: user=0.38 sys=0.00, real=0.06 secs] 
3854.339: [GC (Allocation Failure) [PSYoungGen: 425408K->121824K(511488K)] 825146K->625767K(1909760K), 0.0508978 secs] [Times: user=0.30 sys=0.00, real=0.05 secs] 
3855.625: [GC (Allocation Failure) [PSYoungGen: 450528K->125856K(508416K)] 954471K->742159K(1906688K), 0.0622711 secs] [Times: user=0.37 sys=0.00, real=0.06 secs] 
3856.876: [GC (Allocation Failure) [PSYoungGen: 454560K->112096K(511488K)] 1070863K->853775K(1909760K), 0.0551069 secs] [Times: user=0.32 sys=0.00, real=0.06 secs] 
3858.153: [GC (Allocation Failure) [PSYoungGen: 453088K->136064K(513024K)] 1194767K->979436K(1911296K), 0.0618303 secs] [Times: user=0.37 sys=0.00, real=0.06 secs] 
3858.745: [GC (GCLocker Initiated GC) [PSYoungGen: 477056K->106816K(520192K)] 1320431K->1085895K(1918464K), 0.0569392 secs] [Times: user=0.33 sys=0.01, real=0.06 secs] 
3860.055: [GC (Allocation Failure) [PSYoungGen: 459072K->141376K(522240K)] 1438152K->1216921K(1920512K), 0.0615333 secs] [Times: user=0.37 sys=0.00, real=0.06 secs] 
3861.460: [GC (Allocation Failure) [PSYoungGen: 493632K->114304K(523264K)] 1569177K->1330781K(1921536K), 0.0605271 secs] [Times: user=0.36 sys=0.01, real=0.06 secs] 
3861.520: [Full GC (Ergonomics) [PSYoungGen: 114304K->0K(523264K)] [ParOldGen: 1216477K->129966K(1398272K)] 1330781K->129966K(1921536K), [Metaspace: 60396K->60396K(1105920K)], 0.2925679 secs] [Times: user=1.32 sys=0.00, real=0.29 secs] 
3863.060: [GC (Allocation Failure) [PSYoungGen: 354304K->134048K(523776K)] 484270K->264014K(1922048K), 0.0495143 secs] [Times: user=0.29 sys=0.00, real=0.05 secs] 
3864.340: [GC (Allocation Failure) [PSYoungGen: 488352K->123200K(523264K)] 618318K->386838K(1921536K), 0.0691251 secs] [Times: user=0.41 sys=0.00, real=0.07 secs] 
3865.696: [GC (Allocation Failure) [PSYoungGen: 482112K->125472K(525824K)] 745750K->501799K(1924096K), 0.0619888 secs] [Times: user=0.37 sys=0.00, real=0.06 secs] 
3866.325: [GC (Allocation Failure) [PSYoungGen: 484384K->143392K(525312K)] 860711K->644703K(1923584K), 0.0570295 secs] [Times: user=0.33 sys=0.00, real=0.06 secs] 
3867.747: [GC (Allocation Failure) [PSYoungGen: 504352K->5984K(367104K)] 1005663K->507371K(1765376K), 0.0043225 secs] [Times: user=0.02 sys=0.00, real=0.01 secs] 
3869.231: [GC (Allocation Failure) [PSYoungGen: 366944K->143840K(504832K)] 868331K->649607K(1903104K), 0.0299312 secs] [Times: user=0.17 sys=0.00, real=0.03 secs] 
3871.574: [GC (Allocation Failure) [PSYoungGen: 464864K->103104K(424448K)] 970631K->743343K(1822720K), 0.0668050 secs] [Times: user=0.40 sys=0.00, real=0.07 secs] 
3872.294: [GC (Allocation Failure) [PSYoungGen: 424128K->126720K(511488K)] 1064367K->868531K(1909760K), 0.0517872 secs] [Times: user=0.30 sys=0.00, real=0.05 secs] 
3873.571: [GC (Allocation Failure) [PSYoungGen: 454912K->120224K(509440K)] 1196723K->979115K(1907712K), 0.0636358 secs] [Times: user=0.38 sys=0.00, real=0.06 secs] 
3874.138: [GC (Allocation Failure) [PSYoungGen: 448416K->115872K(511488K)] 1307307K->1094971K(1909760K), 0.0554789 secs] [Times: user=0.33 sys=0.00, real=0.06 secs] 
3875.486: [GC (Allocation Failure) [PSYoungGen: 456352K->132960K(511488K)] 1435451K->1217584K(1909760K), 0.0630385 secs] [Times: user=0.37 sys=0.00, real=0.07 secs] 
3877.215: [GC (Allocation Failure) [PSYoungGen: 473440K->111072K(520192K)] 1558064K->1328080K(1918464K), 0.0576785 secs] [Times: user=0.33 sys=0.00, real=0.06 secs] 
3877.272: [Full GC (Ergonomics) [PSYoungGen: 111072K->0K(520192K)] [ParOldGen: 1217008K->127243K(1398272K)] 1328080K->127243K(1918464K), [Metaspace: 60401K->60401K(1105920K)], 0.2904959 secs] [Times: user=1.33 sys=0.00, real=0.29 secs] 
3878.827: [GC (Allocation Failure) [PSYoungGen: 355328K->137376K(523264K)] 482571K->264619K(1921536K), 0.0511542 secs] [Times: user=0.30 sys=0.01, real=0.05 secs] 
3879.458: [GC (Allocation Failure) [PSYoungGen: 492704K->121856K(525312K)] 619947K->386427K(1923584K), 0.0691634 secs] [Times: user=0.41 sys=0.01, real=0.07 secs] 
3880.813: [GC (Allocation Failure) [PSYoungGen: 482304K->126112K(526848K)] 746875K->502344K(1925120K), 0.0613829 secs] [Times: user=0.36 sys=0.00, real=0.06 secs] 
3881.958: [GC (Allocation Failure) [PSYoungGen: 486560K->133408K(530944K)] 862792K->635448K(1929216K), 0.0565674 secs] [Times: user=0.33 sys=0.01, real=0.06 secs] 
3883.515: [GC (Allocation Failure) [PSYoungGen: 500000K->6400K(373248K)] 1002040K->508524K(1771520K), 0.0042522 secs] [Times: user=0.02 sys=0.00, real=0.01 secs] 
3885.753: [GC (Allocation Failure) [PSYoungGen: 372992K->145568K(505344K)] 875116K->651745K(1903616K), 0.0300973 secs] [Times: user=0.18 sys=0.00, real=0.03 secs] 
3887.001: [GC (Allocation Failure) [PSYoungGen: 470688K->104512K(512000K)] 976865K->747137K(1910272K), 0.0658153 secs] [Times: user=0.39 sys=0.01, real=0.06 secs] 
3887.593: [GC (Allocation Failure) [PSYoungGen: 429632K->130912K(511488K)] 1072257K->876310K(1909760K), 0.0518293 secs] [Times: user=0.30 sys=0.01, real=0.05 secs] 
3888.902: [GC (Allocation Failure) [PSYoungGen: 462176K->112736K(512000K)] 1207574K->979578K(1910272K), 0.0637334 secs] [Times: user=0.37 sys=0.00, real=0.06 secs] 
3890.559: [GC (Allocation Failure) [PSYoungGen: 444000K->121920K(515072K)] 1310842K->1101038K(1913344K), 0.0535632 secs] [Times: user=0.31 sys=0.00, real=0.05 secs] 
3891.908: [GC (Allocation Failure) [PSYoungGen: 462912K->126752K(512512K)] 1442030K->1217333K(1910784K), 0.0629074 secs] [Times: user=0.37 sys=0.00, real=0.07 secs] 
3893.404: [GC (Allocation Failure) [PSYoungGen: 467744K->119392K(523264K)] 1558325K->1336301K(1921536K), 0.0571148 secs] [Times: user=0.33 sys=0.00, real=0.06 secs] 
3893.461: [Full GC (Ergonomics) [PSYoungGen: 119392K->0K(523264K)] [ParOldGen: 1216909K->136020K(1398272K)] 1336301K->136020K(1921536K), [Metaspace: 60401K->60401K(1105920K)], 0.3105339 secs] [Times: user=1.42 sys=0.00, real=0.31 secs] 
3895.162: [GC (Allocation Failure) [PSYoungGen: 357376K->129088K(523264K)] 493396K->265108K(1921536K), 0.0446753 secs] [Times: user=0.26 sys=0.01, real=0.04 secs] 
3895.890: [GC (Allocation Failure) [PSYoungGen: 486464K->139776K(525824K)] 622484K->404820K(1924096K), 0.0657414 secs] [Times: user=0.39 sys=0.00, real=0.06 secs] 
3897.282: [GC (Allocation Failure) [PSYoungGen: 499712K->3872K(364032K)] 764756K->269064K(1762304K), 0.0024625 secs] [Times: user=0.01 sys=0.00, real=0.00 secs] 
3899.012: [GC (Allocation Failure) [PSYoungGen: 363808K->141568K(505344K)] 629000K->408985K(1903616K), 0.0285623 secs] [Times: user=0.16 sys=0.01, real=0.03 secs] 
3900.268: [GC (Allocation Failure) [PSYoungGen: 462592K->107072K(428544K)] 730009K->506733K(1826816K), 0.0653333 secs] [Times: user=0.38 sys=0.00, real=0.07 secs] 
3901.412: [GC (Allocation Failure) [PSYoungGen: 428096K->130688K(506880K)] 827757K->636132K(1905152K), 0.0522692 secs] [Times: user=0.31 sys=0.00, real=0.05 secs] 
3902.999: [GC (Allocation Failure) [PSYoungGen: 455808K->124352K(507392K)] 961252K->742564K(1905664K), 0.0625393 secs] [Times: user=0.37 sys=0.00, real=0.06 secs] 
3903.634: [GC (GCLocker Initiated GC) [PSYoungGen: 449472K->109888K(507904K)] 1067685K->852397K(1906176K), 0.0550613 secs] [Times: user=0.32 sys=0.00, real=0.05 secs] 
3905.112: [GC (Allocation Failure) [PSYoungGen: 447296K->138688K(510976K)] 1189806K->979959K(1909248K), 0.0613242 secs] [Times: user=0.37 sys=0.00, real=0.06 secs] 
3906.172: [GC (Allocation Failure) [PSYoungGen: 476096K->105600K(519680K)] 1317367K->1085515K(1917952K), 0.0585274 secs] [Times: user=0.35 sys=0.00, real=0.06 secs] 
3908.436: [GC (Allocation Failure) [PSYoungGen: 453760K->142464K(520704K)] 1433675K->1217280K(1918976K), 0.0611237 secs] [Times: user=0.36 sys=0.00, real=0.06 secs] 
3909.082: [GC (Allocation Failure) [PSYoungGen: 490624K->110880K(521728K)] 1565440K->1328152K(1920000K), 0.0582787 secs] [Times: user=0.34 sys=0.00, real=0.06 secs] 
3909.141: [Full GC (Ergonomics) [PSYoungGen: 110880K->0K(521728K)] [ParOldGen: 1217272K->127439K(1398272K)] 1328152K->127439K(1920000K), [Metaspace: 60405K->60405K(1105920K)], 0.2917317 secs] [Times: user=1.32 sys=0.00, real=0.29 secs] 
3910.656: [GC (Allocation Failure) [PSYoungGen: 349184K->137312K(521728K)] 476623K->264751K(1920000K), 0.0479682 secs] [Times: user=0.28 sys=0.00, real=0.05 secs] 
3911.279: [GC (Allocation Failure) [PSYoungGen: 486496K->113088K(519680K)] 613935K->377875K(1917952K), 0.0696556 secs] [Times: user=0.41 sys=0.00, real=0.07 secs] 
3912.642: [GC (Allocation Failure) [PSYoungGen: 465344K->135776K(522240K)] 730131K->502840K(1920512K), 0.0612481 secs] [Times: user=0.37 sys=0.00, real=0.06 secs] 
3913.722: [GC (Allocation Failure) [PSYoungGen: 488032K->121472K(520704K)] 855096K->623848K(1918976K), 0.0575544 secs] [Times: user=0.34 sys=0.01, real=0.06 secs] 
3915.287: [GC (Allocation Failure) [PSYoungGen: 479360K->126560K(524288K)] 981736K->740261K(1922560K), 0.0629210 secs] [Times: user=0.37 sys=0.00, real=0.07 secs] 
3916.090: [GC (Allocation Failure) [PSYoungGen: 484448K->132224K(529920K)] 1098149K->872085K(1928192K), 0.0578487 secs] [Times: user=0.34 sys=0.01, real=0.05 secs] 
3917.560: [GC (Allocation Failure) [PSYoungGen: 500352K->5088K(373248K)] 1240213K->745009K(1771520K), 0.0032015 secs] [Times: user=0.02 sys=0.00, real=0.00 secs] 
3918.306: [GC (Allocation Failure) [PSYoungGen: 373216K->150016K(503808K)] 1113137K->893046K(1902080K), 0.0307022 secs] [Times: user=0.18 sys=0.00, real=0.03 secs] 
3919.580: [GC (Allocation Failure) [PSYoungGen: 474112K->102464K(511488K)] 1217142K->986570K(1909760K), 0.0664351 secs] [Times: user=0.39 sys=0.00, real=0.06 secs] 
3920.935: [GC (Allocation Failure) [PSYoungGen: 426560K->130752K(507904K)] 1310666K->1115955K(1906176K), 0.0513128 secs] [Times: user=0.30 sys=0.00, real=0.05 secs] 
3923.465: [GC (Allocation Failure) [PSYoungGen: 459968K->110816K(510976K)] 1445171K->1217795K(1909248K), 0.0629377 secs] [Times: user=0.38 sys=0.00, real=0.06 secs] 
3924.219: [GC (Allocation Failure) [PSYoungGen: 440032K->120992K(511488K)] 1547011K->1338731K(1909760K), 0.0535920 secs] [Times: user=0.31 sys=0.00, real=0.06 secs] 
3924.272: [Full GC (Ergonomics) [PSYoungGen: 120992K->0K(511488K)] [ParOldGen: 1217739K->137641K(1398272K)] 1338731K->137641K(1909760K), [Metaspace: 60405K->60405K(1105920K)], 0.3153006 secs] [Times: user=1.45 sys=0.01, real=0.31 secs] 
3925.829: [GC (Allocation Failure) [PSYoungGen: 340992K->127040K(513024K)] 478633K->264681K(1911296K), 0.0466028 secs] [Times: user=0.26 sys=0.00, real=0.04 secs] 
3927.157: [GC (Allocation Failure) [PSYoungGen: 468032K->116416K(515072K)] 605673K->381145K(1913344K), 0.0638758 secs] [Times: user=0.38 sys=0.00, real=0.07 secs] 
3928.502: [GC (Allocation Failure) [PSYoungGen: 472256K->131648K(521216K)] 736985K->502132K(1919488K), 0.0614360 secs] [Times: user=0.37 sys=0.00, real=0.06 secs] 
3929.786: [GC (Allocation Failure) [PSYoungGen: 487488K->127456K(531456K)] 857972K->629572K(1929728K), 0.0585434 secs] [Times: user=0.34 sys=0.01, real=0.06 secs] 
3931.169: [GC (Allocation Failure) [PSYoungGen: 494560K->4128K(371712K)] 996676K->506304K(1769984K), 0.0025492 secs] [Times: user=0.01 sys=0.00, real=0.00 secs] 
3931.777: [GC (Allocation Failure) [PSYoungGen: 371232K->149312K(501760K)] 873408K->653845K(1900032K), 0.0305417 secs] [Times: user=0.18 sys=0.00, real=0.03 secs] 
3933.014: [GC (Allocation Failure) [PSYoungGen: 471360K->100416K(510464K)] 975893K->745153K(1908736K), 0.0667920 secs] [Times: user=0.39 sys=0.00, real=0.07 secs] 
3933.698: [GC (Allocation Failure) [PSYoungGen: 422464K->128928K(507904K)] 1067201K->872782K(1906176K), 0.0512052 secs] [Times: user=0.31 sys=0.00, real=0.06 secs] 
3935.110: [GC (Allocation Failure) [PSYoungGen: 457120K->116416K(510464K)] 1200974K->979822K(1908736K), 0.0630095 secs] [Times: user=0.37 sys=0.00, real=0.06 secs] 
3937.094: [GC (Allocation Failure) [PSYoungGen: 444608K->116352K(509440K)] 1308014K->1095774K(1907712K), 0.0540912 secs] [Times: user=0.32 sys=0.01, real=0.05 secs] 
3938.792: [GC (Allocation Failure) [PSYoungGen: 456320K->132096K(511488K)] 1435742K->1217173K(1909760K), 0.0628471 secs] [Times: user=0.37 sys=0.00, real=0.06 secs] 
3939.378: [GC (Allocation Failure) [PSYoungGen: 472064K->112992K(517632K)] 1557141K->1329853K(1915904K), 0.0575848 secs] [Times: user=0.34 sys=0.01, real=0.06 secs] 
3939.436: [Full GC (Ergonomics) [PSYoungGen: 112992K->0K(517632K)] [ParOldGen: 1216861K->130045K(1398272K)] 1329853K->130045K(1915904K), [Metaspace: 60405K->60405K(1105920K)], 0.2858717 secs] [Times: user=1.29 sys=0.00, real=0.29 secs] 
3940.962: [GC (Allocation Failure) [PSYoungGen: 354304K->135840K(521728K)] 484349K->265885K(1920000K), 0.0472557 secs] [Times: user=0.28 sys=0.00, real=0.05 secs] 
3941.988: [GC (Allocation Failure) [PSYoungGen: 490144K->121632K(526848K)] 620189K->387569K(1925120K), 0.0698285 secs] [Times: user=0.41 sys=0.00, real=0.07 secs] 
3943.401: [GC (Allocation Failure) [PSYoungGen: 483104K->1440K(363008K)] 749041K->267501K(1761280K), 0.0020461 secs] [Times: user=0.01 sys=0.00, real=0.00 secs] 
3944.352: [GC (Allocation Failure) [PSYoungGen: 362912K->138112K(508416K)] 628973K->404778K(1906688K), 0.0279075 secs] [Times: user=0.16 sys=0.00, real=0.03 secs] 
3946.900: [GC (Allocation Failure) [PSYoungGen: 465280K->1440K(328704K)] 731946K->268186K(1726976K), 0.0020665 secs] [Times: user=0.01 sys=0.00, real=0.00 secs] 
3947.505: [GC (Allocation Failure) [PSYoungGen: 328608K->122976K(503296K)] 595354K->390311K(1901568K), 0.0251588 secs] [Times: user=0.15 sys=0.00, real=0.03 secs] 
3948.697: [GC (Allocation Failure) [PSYoungGen: 429664K->124160K(431104K)] 696999K->504567K(1829376K), 0.0618869 secs] [Times: user=0.37 sys=0.00, real=0.07 secs] 
3949.586: [GC (Allocation Failure) [PSYoungGen: 430848K->93056K(509440K)] 811255K->597559K(1907712K), 0.0529069 secs] [Times: user=0.31 sys=0.00, real=0.06 secs] 
3949.995: [GC (Allocation Failure) [PSYoungGen: 407424K->151712K(501760K)] 911927K->743272K(1900032K), 0.0542096 secs] [Times: user=0.33 sys=0.00, real=0.06 secs] 
3952.389: [GC (Allocation Failure) [PSYoungGen: 466080K->85184K(506368K)] 1057640K->811176K(1904640K), 0.0762666 secs] [Times: user=0.44 sys=0.00, real=0.07 secs] 
3952.818: [GC (Allocation Failure) [PSYoungGen: 394944K->134240K(501760K)] 1120936K->938876K(1900032K), 0.0523849 secs] [Times: user=0.31 sys=0.00, real=0.06 secs] 
3954.138: [GC (Allocation Failure) [PSYoungGen: 444000K->83712K(500224K)] 1248636K->1021836K(1898496K), 0.0626216 secs] [Times: user=0.36 sys=0.00, real=0.07 secs] 
3954.579: [GC (Allocation Failure) [PSYoungGen: 396544K->133856K(502272K)] 1334668K->1151145K(1900544K), 0.0463982 secs] [Times: user=0.27 sys=0.00, real=0.04 secs] 
3955.828: [GC (GCLocker Initiated GC) [PSYoungGen: 446688K->93664K(499712K)] 1463977K->1236073K(1897984K), 0.0620289 secs] [Times: user=0.36 sys=0.00, real=0.07 secs] 
3956.458: [GC (Allocation Failure) [PSYoungGen: 411104K->131584K(503296K)] 1553516K->1365205K(1901568K), 0.0483922 secs] [Times: user=0.29 sys=0.00, real=0.05 secs] 
3956.507: [Full GC (Ergonomics) [PSYoungGen: 131584K->0K(503296K)] [ParOldGen: 1233621K->159761K(1398272K)] 1365205K->159761K(1901568K), [Metaspace: 60405K->60405K(1105920K)], 0.3859787 secs] [Times: user=1.76 sys=0.00, real=0.39 secs] 
3958.112: [GC (Allocation Failure) [PSYoungGen: 317440K->105472K(500224K)] 477201K->265233K(1898496K), 0.0385540 secs] [Times: user=0.23 sys=0.00, real=0.04 secs] 
3959.568: [GC (Allocation Failure) [PSYoungGen: 431104K->124864K(505856K)] 590865K->388534K(1904128K), 0.0528457 secs] [Times: user=0.32 sys=0.00, real=0.06 secs] 
3960.864: [GC (Allocation Failure) [PSYoungGen: 450496K->122464K(513024K)] 714166K->501390K(1911296K), 0.0626405 secs] [Times: user=0.37 sys=0.00, real=0.06 secs] 
3961.335: [GC (Allocation Failure) [PSYoungGen: 462432K->117632K(516608K)] 841358K->618966K(1914880K), 0.0548163 secs] [Times: user=0.32 sys=0.00, real=0.06 secs] 
3962.685: [GC (Allocation Failure) [PSYoungGen: 457600K->130624K(521216K)] 958934K->739155K(1919488K), 0.0622328 secs] [Times: user=0.37 sys=0.00, real=0.06 secs] 
3963.676: [GC (Allocation Failure) [PSYoungGen: 479296K->117728K(521728K)] 1087827K->856819K(1920000K), 0.0571689 secs] [Times: user=0.34 sys=0.00, real=0.06 secs] 
3965.023: [GC (Allocation Failure) [PSYoungGen: 466400K->130656K(521216K)] 1205491K->977024K(1919488K), 0.0620122 secs] [Times: user=0.37 sys=0.00, real=0.06 secs] 
3966.966: [GC (Allocation Failure) [PSYoungGen: 483424K->123232K(521728K)] 1329792K->1099832K(1920000K), 0.0566926 secs] [Times: user=0.33 sys=0.00, real=0.06 secs] 
3968.320: [GC (Allocation Failure) [PSYoungGen: 476000K->125088K(528384K)] 1452600K->1214740K(1926656K), 0.0637016 secs] [Times: user=0.37 sys=0.01, real=0.06 secs] 
3968.944: [GC (Allocation Failure) [PSYoungGen: 488096K->134720K(527872K)] 1577748K->1349044K(1926144K), 0.0575496 secs] [Times: user=0.34 sys=0.00, real=0.06 secs] 
3969.002: [Full GC (Ergonomics) [PSYoungGen: 134720K->0K(527872K)] [ParOldGen: 1214324K->149707K(1398272K)] 1349044K->149707K(1926144K), [Metaspace: 60405K->60405K(1105920K)], 0.3539964 secs] [Times: user=1.64 sys=0.00, real=0.35 secs] 
3970.624: [GC (Allocation Failure) [PSYoungGen: 363008K->117696K(526336K)] 512715K->267403K(1924608K), 0.0412899 secs] [Times: user=0.24 sys=0.00, real=0.04 secs] 
3972.165: [GC (Allocation Failure) [PSYoungGen: 485312K->147872K(529408K)] 635019K->413400K(1927680K), 0.0577880 secs] [Times: user=0.34 sys=0.00, real=0.06 secs] 
3973.730: [GC (Allocation Failure) [PSYoungGen: 515488K->118336K(532992K)] 781016K->522300K(1931264K), 0.0715685 secs] [Times: user=0.42 sys=0.00, real=0.07 secs] 
3974.476: [GC (Allocation Failure) [PSYoungGen: 484416K->151072K(517632K)] 888380K->671137K(1915904K), 0.0562082 secs] [Times: user=0.33 sys=0.00, real=0.06 secs] 
3976.046: [GC (Allocation Failure) [PSYoungGen: 517152K->117152K(531456K)] 1037217K->779897K(1929728K), 0.0676111 secs] [Times: user=0.40 sys=0.01, real=0.07 secs] 
3976.609: [GC (Allocation Failure) [PSYoungGen: 468280K->148000K(508928K)] 1131025K->923134K(1907200K), 0.0552245 secs] [Times: user=0.33 sys=0.01, real=0.05 secs] 
3978.387: [GC (GCLocker Initiated GC) [PSYoungGen: 508448K->111232K(528896K)] 1283582K->1025206K(1927168K), 0.1148502 secs] [Times: user=0.68 sys=0.00, real=0.12 secs] 
3978.925: [GC (Allocation Failure) [PSYoungGen: 468096K->151776K(508928K)] 1382141K->1173022K(1907200K), 0.0547354 secs] [Times: user=0.32 sys=0.00, real=0.06 secs] 
3981.384: [GC (Allocation Failure) [PSYoungGen: 508640K->101472K(523776K)] 1529886K->1273630K(1922048K), 0.0783693 secs] [Times: user=0.47 sys=0.00, real=0.08 secs] 
3981.867: [GC (Allocation Failure) [PSYoungGen: 449632K->152128K(500736K)] 1621790K->1420179K(1899008K), 0.0572734 secs] [Times: user=0.34 sys=0.00, real=0.06 secs] 
3981.924: [Full GC (Ergonomics) [PSYoungGen: 152128K->0K(500736K)] [ParOldGen: 1268051K->217820K(1398272K)] 1420179K->217820K(1899008K), [Metaspace: 60417K->60417K(1105920K)], 0.5118425 secs] [Times: user=2.39 sys=0.00, real=0.51 secs] 
3983.767: [GC (Allocation Failure) [PSYoungGen: 348160K->95200K(517632K)] 565980K->313020K(1915904K), 0.0518610 secs] [Times: user=0.30 sys=0.00, real=0.06 secs] 
3984.267: [GC (Allocation Failure) [PSYoungGen: 432608K->146368K(483840K)] 650428K->453513K(1882112K), 0.0536356 secs] [Times: user=0.32 sys=0.00, real=0.06 secs] 
3986.928: [GC (Allocation Failure) [PSYoungGen: 483776K->89600K(514560K)] 790921K->542721K(1912832K), 0.1250450 secs] [Times: user=0.74 sys=0.00, real=0.13 secs] 
3987.467: [GC (Allocation Failure) [PSYoungGen: 409603K->137952K(515072K)] 862725K->674618K(1913344K), 0.0491560 secs] [Times: user=0.29 sys=0.00, real=0.05 secs] 
3989.046: [GC (Allocation Failure) [PSYoungGen: 469216K->98880K(512000K)] 1005882K->765090K(1910272K), 0.0796201 secs] [Times: user=0.48 sys=0.00, real=0.08 secs] 
3989.581: [GC (Allocation Failure) [PSYoungGen: 430656K->141856K(513536K)] 1096866K->903099K(1911808K), 0.0491915 secs] [Times: user=0.30 sys=0.00, real=0.05 secs] 
3991.519: [GC (Allocation Failure) [PSYoungGen: 473632K->101344K(514560K)] 1234875K->996027K(1912832K), 0.0778813 secs] [Times: user=0.47 sys=0.00, real=0.07 secs] 
3992.167: [GC (Allocation Failure) [PSYoungGen: 435168K->140256K(515072K)] 1329851K->1132272K(1913344K), 0.0504463 secs] [Times: user=0.29 sys=0.01, real=0.05 secs] 
3994.169: [GC (GCLocker Initiated GC) [PSYoungGen: 474080K->102624K(513536K)] 1466097K->1225473K(1911808K), 0.1342329 secs] [Times: user=0.79 sys=0.01, real=0.13 secs] 
3995.859: [GC (Allocation Failure) [PSYoungGen: 437984K->138016K(515072K)] 1560904K->1360469K(1913344K), 0.0515686 secs] [Times: user=0.30 sys=0.00, real=0.05 secs] 
3995.911: [Full GC (Ergonomics) [PSYoungGen: 138016K->0K(515072K)] [ParOldGen: 1222453K->167235K(1398272K)] 1360469K->167235K(1913344K), [Metaspace: 60419K->60419K(1105920K)], 0.3996052 secs] [Times: user=1.86 sys=0.00, real=0.40 secs] 
3997.510: [GC (Allocation Failure) [PSYoungGen: 335360K->103040K(514560K)] 502595K->270275K(1912832K), 0.0374745 secs] [Times: user=0.22 sys=0.00, real=0.03 secs] 
3998.089: [GC (Allocation Failure) [PSYoungGen: 441984K->139936K(516608K)] 609219K->408192K(1914880K), 0.0524357 secs] [Times: user=0.31 sys=0.00, real=0.05 secs] 
3999.561: [GC (Allocation Failure) [PSYoungGen: 478880K->107392K(516608K)] 747136K->506376K(1914880K), 0.0825187 secs] [Times: user=0.49 sys=0.00, real=0.08 secs] 
4001.006: [GC (Allocation Failure) [PSYoungGen: 449408K->138656K(518144K)] 848392K->643173K(1916416K), 0.0539326 secs] [Times: user=0.32 sys=0.00, real=0.06 secs] 
4002.391: [GC (Allocation Failure) [PSYoungGen: 480672K->109568K(517632K)] 985189K->743653K(1915904K), 0.0691164 secs] [Times: user=0.41 sys=0.00, real=0.07 secs] 
4003.958: [GC (GCLocker Initiated GC) [PSYoungGen: 455168K->136960K(519680K)] 1089253K->879462K(1917952K), 0.0540403 secs] [Times: user=0.32 sys=0.00, real=0.06 secs] 
4005.353: [GC (GCLocker Initiated GC) [PSYoungGen: 482560K->111008K(519168K)] 1225064K->981688K(1917440K), 0.0656195 secs] [Times: user=0.39 sys=0.00, real=0.06 secs] 
4005.993: [GC (Allocation Failure) [PSYoungGen: 461216K->140128K(521728K)] 1331899K->1120240K(1920000K), 0.0543381 secs] [Times: user=0.32 sys=0.00, real=0.05 secs] 
4007.463: [GC (Allocation Failure) [PSYoungGen: 490336K->113248K(522752K)] 1470448K->1223712K(1921024K), 0.0692534 secs] [Times: user=0.41 sys=0.00, real=0.07 secs] 
4009.347: [GC (Allocation Failure) [PSYoungGen: 467552K->141536K(524288K)] 1578016K->1363165K(1922560K), 0.0557507 secs] [Times: user=0.33 sys=0.00, real=0.06 secs] 
4010.701: [GC (GCLocker Initiated GC) [PSYoungGen: 495840K->114176K(525312K)] 1717469K->1467729K(1923584K), 0.0677240 secs] [Times: user=0.40 sys=0.00, real=0.06 secs] 
4010.768: [Full GC (Ergonomics) [PSYoungGen: 114176K->0K(525312K)] [ParOldGen: 1353553K->27567K(1398272K)] 1467729K->27567K(1923584K), [Metaspace: 60420K->60420K(1105920K)], 0.0490609 secs] [Times: user=0.16 sys=0.00, real=0.05 secs] 
4011.466: [GC (Allocation Failure) [PSYoungGen: 356352K->145952K(525824K)] 383922K->173522K(1924096K), 0.0289223 secs] [Times: user=0.17 sys=0.00, real=0.03 secs] 
4012.759: [GC (Allocation Failure) [PSYoungGen: 502304K->114144K(526848K)] 529874K->278906K(1925120K), 0.0656949 secs] [Times: user=0.39 sys=0.01, real=0.06 secs] 
4013.408: [GC (Allocation Failure) [PSYoungGen: 469472K->147296K(502784K)] 634234K->423230K(1901056K), 0.0542072 secs] [Times: user=0.32 sys=0.00, real=0.06 secs] 
4015.171: [GC (Allocation Failure) [PSYoungGen: 502624K->109056K(526336K)] 778558K->523387K(1924608K), 0.1345012 secs] [Times: user=0.80 sys=0.00, real=0.13 secs] 
4016.228: [GC (Allocation Failure) [PSYoungGen: 461312K->148704K(501248K)] 875643K->667551K(1899520K), 0.0524364 secs] [Times: user=0.30 sys=0.00, real=0.06 secs] 
4017.715: [GC (GCLocker Initiated GC) [PSYoungGen: 500960K->110272K(524288K)] 1019809K->768661K(1922560K), 0.0675436 secs] [Times: user=0.40 sys=0.00, real=0.07 secs] 
4018.257: [GC (GCLocker Initiated GC) [PSYoungGen: 457920K->146400K(494080K)] 1116309K->911826K(1892352K), 0.0542008 secs] [Times: user=0.31 sys=0.00, real=0.06 secs] 
4019.658: [GC (GCLocker Initiated GC) [PSYoungGen: 494048K->103872K(522240K)] 1259477K->1007005K(1920512K), 0.0651427 secs] [Times: user=0.38 sys=0.00, real=0.07 secs] 
4020.158: [GC (Allocation Failure) [PSYoungGen: 448960K->147360K(492544K)] 1352132K->1150289K(1890816K), 0.0506997 secs] [Times: user=0.29 sys=0.00, real=0.05 secs] 
4022.380: [GC (Allocation Failure) [PSYoungGen: 492448K->103392K(520192K)] 1495377K->1244905K(1918464K), 0.1729948 secs] [Times: user=1.03 sys=0.01, real=0.17 secs] 
4023.067: [GC (Allocation Failure) [PSYoungGen: 443872K->152384K(493056K)] 1585385K->1393270K(1891328K), 0.0513976 secs] [Times: user=0.30 sys=0.00, real=0.05 secs] 
4023.118: [Full GC (Ergonomics) [PSYoungGen: 152384K->0K(493056K)] [ParOldGen: 1240886K->189696K(1398272K)] 1393270K->189696K(1891328K), [Metaspace: 60420K->60420K(1105920K)], 0.4616113 secs] [Times: user=2.16 sys=0.00, real=0.47 secs] 
4024.924: [GC (Allocation Failure) [PSYoungGen: 340480K->104128K(517120K)] 530176K->293824K(1915392K), 0.0612473 secs] [Times: user=0.36 sys=0.00, real=0.06 secs] 
4025.520: [GC (Allocation Failure) [PSYoungGen: 437952K->140640K(515584K)] 627648K->430532K(1913856K), 0.0503648 secs] [Times: user=0.30 sys=0.00, real=0.05 secs] 
4027.085: [GC (GCLocker Initiated GC) [PSYoungGen: 474464K->101344K(516096K)] 764358K->523162K(1914368K), 0.0638041 secs] [Times: user=0.38 sys=0.01, real=0.06 secs] 
4027.812: [GC (Allocation Failure) [PSYoungGen: 436192K->138688K(515584K)] 858043K->659103K(1913856K), 0.0507611 secs] [Times: user=0.29 sys=0.01, real=0.05 secs] 
4029.420: [GC (Allocation Failure) [PSYoungGen: 473536K->103968K(516096K)] 993951K->753948K(1914368K), 0.0835138 secs] [Times: user=0.50 sys=0.00, real=0.08 secs] 
4030.279: [GC (Allocation Failure) [PSYoungGen: 441888K->148544K(516608K)] 1091868K->900728K(1914880K), 0.0523655 secs] [Times: user=0.31 sys=0.00, real=0.05 secs] 
4031.703: [GC (GCLocker Initiated GC) [PSYoungGen: 486464K->107584K(517632K)] 1238649K->991057K(1915904K), 0.0645467 secs] [Times: user=0.38 sys=0.00, real=0.06 secs] 
4032.409: [GC (Allocation Failure) [PSYoungGen: 444480K->137344K(516608K)] 1328023K->1127036K(1914880K), 0.0535286 secs] [Times: user=0.32 sys=0.00, real=0.05 secs] 
4034.054: [GC (GCLocker Initiated GC) [PSYoungGen: 474240K->105664K(516608K)] 1463935K->1223999K(1914880K), 0.0642428 secs] [Times: user=0.39 sys=0.00, real=0.06 secs] 
4034.964: [GC (Allocation Failure) [PSYoungGen: 445632K->137376K(517120K)] 1564037K->1359610K(1915392K), 0.0526133 secs] [Times: user=0.31 sys=0.00, real=0.05 secs] 
4036.306: [GC (Allocation Failure) [PSYoungGen: 477344K->109184K(516608K)] 1699578K->1459594K(1914880K), 0.0657538 secs] [Times: user=0.39 sys=0.00, real=0.07 secs] 
4036.371: [Full GC (Ergonomics) [PSYoungGen: 109184K->0K(516608K)] [ParOldGen: 1350410K->18738K(1398272K)] 1459594K->18738K(1914880K), [Metaspace: 60421K->60421K(1105920K)], 0.0288484 secs] [Times: user=0.08 sys=0.00, real=0.03 secs] 
4037.870: [GC (Allocation Failure) [PSYoungGen: 344576K->133056K(519168K)] 363314K->151794K(1917440K), 0.0266685 secs] [Times: user=0.15 sys=0.01, real=0.02 secs] 
4039.206: [GC (Allocation Failure) [PSYoungGen: 477632K->116144K(516096K)] 496370K->258442K(1914368K), 0.0639604 secs] [Times: user=0.38 sys=0.00, real=0.07 secs] 
4039.758: [GC (Allocation Failure) [PSYoungGen: 467376K->139968K(520704K)] 609674K->397587K(1918976K), 0.0546039 secs] [Times: user=0.32 sys=0.00, real=0.06 secs] 
4041.195: [GC (Allocation Failure) [PSYoungGen: 491198K->111680K(526848K)] 748818K->500311K(1925120K), 0.0650879 secs] [Times: user=0.38 sys=0.01, real=0.07 secs] 
4042.041: [GC (Allocation Failure) [PSYoungGen: 470080K->146272K(504832K)] 858711K->645028K(1903104K), 0.0542066 secs] [Times: user=0.32 sys=0.00, real=0.05 secs] 
4044.442: [GC (Allocation Failure) [PSYoungGen: 504672K->111872K(528384K)] 1003428K->747716K(1926656K), 0.1752076 secs] [Times: user=1.04 sys=0.00, real=0.17 secs] 
4046.177: [GC (Allocation Failure) [PSYoungGen: 467712K->145984K(502272K)] 1103556K->891441K(1900544K), 0.0548712 secs] [Times: user=0.32 sys=0.00, real=0.06 secs] 
4047.517: [GC (GCLocker Initiated GC) [PSYoungGen: 501824K->110688K(526848K)] 1247281K->992961K(1925120K), 0.0658273 secs] [Times: user=0.39 sys=0.00, real=0.07 secs] 
4048.128: [GC (Allocation Failure) [PSYoungGen: 463968K->148320K(501760K)] 1346244K->1138561K(1900032K), 0.0545169 secs] [Times: user=0.32 sys=0.00, real=0.06 secs] 
4050.087: [GC (Allocation Failure) [PSYoungGen: 501600K->107904K(524800K)] 1491841K->1237545K(1923072K), 0.1209674 secs] [Times: user=0.72 sys=0.00, real=0.12 secs] 
4050.932: [GC (Allocation Failure) [PSYoungGen: 457088K->155808K(505344K)] 1586729K->1389486K(1903616K), 0.0541654 secs] [Times: user=0.32 sys=0.00, real=0.05 secs] 
4050.986: [Full GC (Ergonomics) [PSYoungGen: 155808K->0K(505344K)] [ParOldGen: 1233678K->185542K(1398272K)] 1389486K->185542K(1903616K), [Metaspace: 60421K->60421K(1105920K)], 0.4490791 secs] [Times: user=2.09 sys=0.00, real=0.45 secs] 
4053.156: [GC (GCLocker Initiated GC) [PSYoungGen: 349184K->107104K(519680K)] 534727K->292647K(1917952K), 0.0483960 secs] [Times: user=0.29 sys=0.00, real=0.05 secs] 
4054.073: [GC (Allocation Failure) [PSYoungGen: 446048K->144000K(518144K)] 631661K->432282K(1916416K), 0.0518567 secs] [Times: user=0.31 sys=0.00, real=0.05 secs] 
4055.345: [GC (Allocation Failure) [PSYoungGen: 482944K->104224K(518656K)] 771226K->527626K(1916928K), 0.0647553 secs] [Times: user=0.39 sys=0.00, real=0.07 secs] 
4055.966: [GC (Allocation Failure) [PSYoungGen: 443680K->142176K(518656K)] 867082K->665767K(1916928K), 0.0513032 secs] [Times: user=0.30 sys=0.00, real=0.05 secs] 
4057.446: [GC (Allocation Failure) [PSYoungGen: 481632K->105280K(517632K)] 1005223K->762163K(1915904K), 0.0642642 secs] [Times: user=0.38 sys=0.00, real=0.07 secs] 
4058.256: [GC (Allocation Failure) [PSYoungGen: 444736K->140896K(518144K)] 1101619K->901002K(1916416K), 0.0518497 secs] [Times: user=0.30 sys=0.00, real=0.05 secs] 
4060.716: [GC (Allocation Failure) [PSYoungGen: 480352K->105120K(517632K)] 1240458K->997155K(1915904K), 0.1229608 secs] [Times: user=0.73 sys=0.01, real=0.12 secs] 
4061.523: [GC (Allocation Failure) [PSYoungGen: 446112K->142752K(518656K)] 1338147K->1137111K(1916928K), 0.0529307 secs] [Times: user=0.31 sys=0.00, real=0.05 secs] 
4062.812: [GC (GCLocker Initiated GC) [PSYoungGen: 483744K->107008K(518656K)] 1478103K->1235371K(1916928K), 0.0669768 secs] [Times: user=0.39 sys=0.00, real=0.07 secs] 
4063.645: [GC (Allocation Failure) [PSYoungGen: 449024K->139456K(519168K)] 1577390K->1371907K(1917440K), 0.0529643 secs] [Times: user=0.32 sys=0.00, real=0.05 secs] 
4063.698: [Full GC (Ergonomics) [PSYoungGen: 139456K->0K(519168K)] [ParOldGen: 1232451K->170280K(1398272K)] 1371907K->170280K(1917440K), [Metaspace: 60421K->60421K(1105920K)], 0.4055951 secs] [Times: user=1.88 sys=0.00, real=0.41 secs] 
4065.755: [GC (Allocation Failure) [PSYoungGen: 342016K->106016K(518656K)] 512296K->276296K(1916928K), 0.0572825 secs] [Times: user=0.34 sys=0.00, real=0.06 secs] 
4067.123: [GC (Allocation Failure) [PSYoungGen: 450592K->140992K(520192K)] 620872K->414969K(1918464K), 0.0530585 secs] [Times: user=0.32 sys=0.00, real=0.05 secs] 
4068.570: [GC (Allocation Failure) [PSYoungGen: 485568K->110432K(519168K)] 759545K->515957K(1917440K), 0.0923086 secs] [Times: user=0.54 sys=0.01, real=0.09 secs] 
4069.674: [GC (Allocation Failure) [PSYoungGen: 457056K->139968K(520704K)] 862581K->653414K(1918976K), 0.0532699 secs] [Times: user=0.32 sys=0.00, real=0.05 secs] 
4071.087: [GC (Allocation Failure) [PSYoungGen: 486592K->111680K(520704K)] 1000038K->756270K(1918976K), 0.0754456 secs] [Times: user=0.44 sys=0.01, real=0.08 secs] 
4071.825: [GC (Allocation Failure) [PSYoungGen: 461376K->144512K(522240K)] 1105966K->897418K(1920512K), 0.0539577 secs] [Times: user=0.32 sys=0.00, real=0.06 secs] 
4073.242: [GC (Allocation Failure) [PSYoungGen: 494208K->111232K(524288K)] 1247114K->999654K(1922560K), 0.0949799 secs] [Times: user=0.56 sys=0.01, real=0.09 secs] 
4074.484: [GC (Allocation Failure) [PSYoungGen: 461952K->144608K(495616K)] 1350374K->1141227K(1893888K), 0.0544852 secs] [Times: user=0.33 sys=0.00, real=0.06 secs] 
4076.018: [GC (Allocation Failure) [PSYoungGen: 495328K->111584K(525824K)] 1491947K->1243511K(1924096K), 0.1227091 secs] [Times: user=0.74 sys=0.00, real=0.13 secs] 
4076.679: [GC (Allocation Failure) [PSYoungGen: 461792K->148480K(499200K)] 1593719K->1388380K(1897472K), 0.0547436 secs] [Times: user=0.32 sys=0.00, real=0.05 secs] 
4076.734: [Full GC (Ergonomics) [PSYoungGen: 148480K->0K(499200K)] [ParOldGen: 1239900K->186035K(1398272K)] 1388380K->186035K(1897472K), [Metaspace: 60422K->60422K(1105920K)], 0.4514370 secs] [Times: user=2.11 sys=0.00, real=0.45 secs] 
4078.516: [GC (Allocation Failure) [PSYoungGen: 350208K->106784K(523264K)] 536243K->292819K(1921536K), 0.0412337 secs] [Times: user=0.25 sys=0.00, real=0.04 secs] 
4079.061: [GC (Allocation Failure) [PSYoungGen: 452896K->148288K(494592K)] 638931K->436572K(1892864K), 0.0521327 secs] [Times: user=0.31 sys=0.01, real=0.05 secs] 
4081.365: [GC (Allocation Failure) [PSYoungGen: 494400K->105152K(521216K)] 782684K->532900K(1919488K), 0.1150904 secs] [Times: user=0.68 sys=0.01, real=0.12 secs] 
4081.952: [GC (Allocation Failure) [PSYoungGen: 447168K->146240K(488448K)] 874916K->675433K(1886720K), 0.0516935 secs] [Times: user=0.30 sys=0.00, real=0.05 secs] 
4083.805: [GC (Allocation Failure) [PSYoungGen: 488256K->105312K(520192K)] 1017449K->772153K(1918464K), 0.1141418 secs] [Times: user=0.68 sys=0.00, real=0.12 secs] 
4084.522: [GC (Allocation Failure) [PSYoungGen: 445280K->142656K(518656K)] 1112121K->910866K(1916928K), 0.0524109 secs] [Times: user=0.30 sys=0.00, real=0.05 secs] 
4086.625: [GC (GCLocker Initiated GC) [PSYoungGen: 482624K->101856K(519680K)] 1250834K->1004218K(1917952K), 0.0646859 secs] [Times: user=0.38 sys=0.00, real=0.07 secs] 
4087.273: [GC (Allocation Failure) [PSYoungGen: 441824K->143168K(483328K)] 1344225K->1143517K(1881600K), 0.0518058 secs] [Times: user=0.30 sys=0.01, real=0.05 secs] 
4089.520: [GC (GCLocker Initiated GC) [PSYoungGen: 483136K->102880K(519680K)] 1483487K->1237039K(1917952K), 0.1211700 secs] [Times: user=0.72 sys=0.00, real=0.12 secs] 
4090.652: [GC (Allocation Failure) [PSYoungGen: 442336K->150272K(489984K)] 1576502K->1384487K(1888256K), 0.0526893 secs] [Times: user=0.31 sys=0.00, real=0.05 secs] 
4090.704: [Full GC (Ergonomics) [PSYoungGen: 150272K->0K(489984K)] [ParOldGen: 1234215K->174815K(1398272K)] 1384487K->174815K(1888256K), [Metaspace: 60422K->60422K(1105920K)], 0.4195940 secs] [Times: user=1.96 sys=0.00, real=0.42 secs] 
4092.300: [GC (GCLocker Initiated GC) [PSYoungGen: 339456K->105312K(517632K)] 514272K->280128K(1915904K), 0.0360004 secs] [Times: user=0.21 sys=0.00, real=0.03 secs] 
4093.154: [GC (Allocation Failure) [PSYoungGen: 439648K->144160K(515584K)] 614467K->421590K(1913856K), 0.0525712 secs] [Times: user=0.31 sys=0.00, real=0.05 secs] 
4094.678: [GC (Allocation Failure) [PSYoungGen: 478496K->105760K(515072K)] 755926K->509990K(1913344K), 0.0980889 secs] [Times: user=0.58 sys=0.00, real=0.10 secs] 
4096.359: [GC (Allocation Failure) [PSYoungGen: 440608K->134688K(515584K)] 844838K->642507K(1913856K), 0.0519982 secs] [Times: user=0.31 sys=0.00, real=0.05 secs] 
4097.680: [GC (Allocation Failure) [PSYoungGen: 469536K->110528K(513024K)] 977355K->743571K(1911296K), 0.0642437 secs] [Times: user=0.38 sys=0.00, real=0.06 secs] 
4098.898: [GC (Allocation Failure) [PSYoungGen: 449472K->133120K(515072K)] 1082515K->875048K(1913344K), 0.0526767 secs] [Times: user=0.31 sys=0.00, real=0.06 secs] 
4100.252: [GC (Allocation Failure) [PSYoungGen: 472064K->115104K(515072K)] 1213992K->980628K(1913344K), 0.0723612 secs] [Times: user=0.40 sys=0.00, real=0.07 secs] 
4100.910: [GC (GCLocker Initiated GC) [PSYoungGen: 463264K->136064K(519168K)] 1328788K->1115297K(1917440K), 0.0546354 secs] [Times: user=0.32 sys=0.00, real=0.05 secs] 
4102.253: [GC (Allocation Failure) [PSYoungGen: 484224K->114112K(522752K)] 1463463K->1219863K(1921024K), 0.0645031 secs] [Times: user=0.38 sys=0.00, real=0.06 secs] 
4103.728: [GC (Allocation Failure) [PSYoungGen: 470976K->141088K(525312K)] 1576727K->1359152K(1923584K), 0.0545735 secs] [Times: user=0.32 sys=0.00, real=0.06 secs] 
4105.196: [GC (Allocation Failure) [PSYoungGen: 497952K->114752K(526848K)] 1716016K->1464384K(1925120K), 0.0688429 secs] [Times: user=0.41 sys=0.00, real=0.07 secs] 
4105.264: [Full GC (Ergonomics) [PSYoungGen: 114752K->0K(526848K)] [ParOldGen: 1349632K->24958K(1398272K)] 1464384K->24958K(1925120K), [Metaspace: 60422K->60422K(1105920K)], 0.0405783 secs] [Times: user=0.12 sys=0.01, real=0.04 secs] 
4106.553: [GC (Allocation Failure) [PSYoungGen: 360448K->145760K(527872K)] 385406K->170718K(1926144K), 0.0293047 secs] [Times: user=0.17 sys=0.01, real=0.03 secs] 
4107.852: [GC (Allocation Failure) [PSYoungGen: 506208K->115456K(528896K)] 531166K->276778K(1927168K), 0.0658520 secs] [Times: user=0.39 sys=0.01, real=0.06 secs] 
4108.466: [GC (GCLocker Initiated GC) [PSYoungGen: 474880K->148160K(507904K)] 636202K->422031K(1906176K), 0.0546708 secs] [Times: user=0.32 sys=0.00, real=0.06 secs] 
4110.262: [GC (Allocation Failure) [PSYoungGen: 507584K->111680K(527872K)] 781457K->524769K(1926144K), 0.0781337 secs] [Times: user=0.47 sys=0.00, real=0.08 secs] 
4111.441: [GC (Allocation Failure) [PSYoungGen: 467008K->148288K(503808K)] 880097K->669062K(1902080K), 0.0538906 secs] [Times: user=0.32 sys=0.00, real=0.05 secs] 
4113.262: [GC (Allocation Failure) [PSYoungGen: 503616K->112736K(526336K)] 1024390K->772722K(1924608K), 0.0930238 secs] [Times: user=0.54 sys=0.01, real=0.09 secs] 
4113.814: [GC (Allocation Failure) [PSYoungGen: 460208K->146688K(498688K)] 1120194K->915351K(1896960K), 0.0545622 secs] [Times: user=0.32 sys=0.00, real=0.05 secs] 
4115.276: [GC (Allocation Failure) [PSYoungGen: 498432K->109152K(524800K)] 1267095K->1015519K(1923072K), 0.0859244 secs] [Times: user=0.51 sys=0.01, real=0.09 secs] 
4115.798: [GC (Allocation Failure) [PSYoungGen: 445731K->141536K(523264K)] 1352099K->1153264K(1921536K), 0.0517824 secs] [Times: user=0.31 sys=0.00, real=0.06 secs] 
4118.072: [GC (GCLocker Initiated GC) [PSYoungGen: 490720K->105472K(523776K)] 1502448K->1250112K(1922048K), 0.1408876 secs] [Times: user=0.83 sys=0.00, real=0.14 secs] 
4118.691: [GC (Allocation Failure) [PSYoungGen: 455168K->139328K(523776K)] 1616263K->1401832K(1922048K), 0.2123627 secs] [Times: user=1.27 sys=0.01, real=0.21 secs] 
4118.903: [Full GC (Ergonomics) [PSYoungGen: 139328K->0K(523776K)] [ParOldGen: 1262504K->207121K(1398272K)] 1401832K->207121K(1922048K), [Metaspace: 60424K->60424K(1105920K)], 0.4132053 secs] [Times: user=1.82 sys=0.00, real=0.41 secs] 
4121.378: [GC (Allocation Failure) [PSYoungGen: 349696K->97504K(524288K)] 556817K->304625K(1922560K), 0.1067269 secs] [Times: user=0.63 sys=0.00, real=0.11 secs] 
4121.978: [GC (Allocation Failure) [PSYoungGen: 447200K->151072K(501248K)] 654321K->450154K(1899520K), 0.0549237 secs] [Times: user=0.32 sys=0.00, real=0.06 secs] 
4123.753: [GC (Allocation Failure) [PSYoungGen: 500768K->98176K(519680K)] 799850K->547898K(1917952K), 0.0996028 secs] [Times: user=0.59 sys=0.00, real=0.10 secs] 
4124.301: [GC (Allocation Failure) [PSYoungGen: 438144K->147488K(487936K)] 887866K->689451K(1886208K), 0.0561442 secs] [Times: user=0.33 sys=0.00, real=0.05 secs] 
4127.554: [GC (Allocation Failure) [PSYoungGen: 487456K->90368K(515584K)] 1029419K->779163K(1913856K), 0.1247530 secs] [Times: user=0.74 sys=0.00, real=0.12 secs] 
4128.131: [GC (Allocation Failure) [PSYoungGen: 415195K->137920K(516096K)] 1103990K->913420K(1914368K), 0.0503771 secs] [Times: user=0.30 sys=0.00, real=0.05 secs] 
4129.525: [GC (Allocation Failure) [PSYoungGen: 471232K->102496K(512000K)] 1246732K->1007596K(1910272K), 0.1056671 secs] [Times: user=0.63 sys=0.00, real=0.11 secs] 
4130.056: [GC (Allocation Failure) [PSYoungGen: 435808K->139584K(514048K)] 1340908K->1143243K(1912320K), 0.0511792 secs] [Times: user=0.29 sys=0.01, real=0.05 secs] 
4132.065: [GC (Allocation Failure) [PSYoungGen: 472896K->101664K(514560K)] 1476555K->1235739K(1912832K), 0.0756340 secs] [Times: user=0.45 sys=0.00, real=0.08 secs] 
4132.682: [GC (Allocation Failure) [PSYoungGen: 438560K->142208K(516096K)] 1572635K->1373888K(1914368K), 0.0516712 secs] [Times: user=0.30 sys=0.00, real=0.05 secs] 
4132.733: [Full GC (Ergonomics) [PSYoungGen: 142208K->0K(516096K)] [ParOldGen: 1231680K->180620K(1398272K)] 1373888K->180620K(1914368K), [Metaspace: 60432K->60432K(1105920K)], 0.4363812 secs] [Times: user=2.05 sys=0.00, real=0.44 secs] 
4135.037: [GC (Allocation Failure) [PSYoungGen: 336896K->102208K(517632K)] 517516K->282828K(1915904K), 0.0705869 secs] [Times: user=0.41 sys=0.01, real=0.07 secs] 
4135.736: [GC (Allocation Failure) [PSYoungGen: 440640K->140640K(517632K)] 621260K->420568K(1915904K), 0.0511123 secs] [Times: user=0.30 sys=0.00, real=0.05 secs] 
4137.542: [GC (Allocation Failure) [PSYoungGen: 479072K->104768K(515584K)] 759000K->516285K(1913856K), 0.0648795 secs] [Times: user=0.38 sys=0.00, real=0.06 secs] 
4138.273: [GC (Allocation Failure) [PSYoungGen: 444224K->140832K(517120K)] 855741K->654313K(1915392K), 0.0516117 secs] [Times: user=0.30 sys=0.00, real=0.05 secs] 
4139.763: [GC (Allocation Failure) [PSYoungGen: 480288K->105504K(518656K)] 993769K->750285K(1916928K), 0.0661739 secs] [Times: user=0.39 sys=0.00, real=0.07 secs] 
4140.822: [GC (Allocation Failure) [PSYoungGen: 447520K->140288K(519168K)] 1092301K->887998K(1917440K), 0.0520603 secs] [Times: user=0.31 sys=0.00, real=0.05 secs] 
4142.331: [GC (Allocation Failure) [PSYoungGen: 482304K->108832K(516608K)] 1230014K->987338K(1914880K), 0.0755533 secs] [Times: user=0.45 sys=0.01, real=0.07 secs] 
4143.051: [GC (Allocation Failure) [PSYoungGen: 452384K->142080K(518656K)] 1330890K->1127659K(1916928K), 0.0542788 secs] [Times: user=0.32 sys=0.00, real=0.05 secs] 
4144.366: [GC (Allocation Failure) [PSYoungGen: 485632K->108384K(520192K)] 1471211K->1227299K(1918464K), 0.0661366 secs] [Times: user=0.39 sys=0.00, real=0.07 secs] 
4145.142: [GC (Allocation Failure) [PSYoungGen: 454496K->141120K(520704K)] 1573411K->1366472K(1918976K), 0.0531654 secs] [Times: user=0.32 sys=0.00, real=0.05 secs] 
4146.749: [GC (Allocation Failure) [PSYoungGen: 487232K->110624K(520192K)] 1712584K->1467952K(1918464K), 0.0823805 secs] [Times: user=0.49 sys=0.00, real=0.08 secs] 
4146.831: [Full GC (Ergonomics) [PSYoungGen: 110624K->0K(520192K)] [ParOldGen: 1357328K->28308K(1398272K)] 1467952K->28308K(1918464K), [Metaspace: 60449K->60449K(1105920K)], 0.0472344 secs] [Times: user=0.15 sys=0.00, real=0.04 secs] 
4148.012: [GC (Allocation Failure) [PSYoungGen: 347648K->142688K(521216K)] 375956K->170996K(1919488K), 0.0280665 secs] [Times: user=0.16 sys=0.00, real=0.03 secs] 
4151.408: [GC (Allocation Failure) [PSYoungGen: 490336K->107776K(522752K)] 518644K->269776K(1921024K), 0.0644505 secs] [Times: user=0.38 sys=0.01, real=0.07 secs] 
4152.339: [GC (Allocation Failure) [PSYoungGen: 456960K->142336K(522752K)] 618960K->409637K(1921024K), 0.0525349 secs] [Times: user=0.31 sys=0.00, real=0.05 secs] 
4153.745: [GC (GCLocker Initiated GC) [PSYoungGen: 491520K->110688K(522240K)] 758822K->511302K(1920512K), 0.0897707 secs] [Times: user=0.53 sys=0.00, real=0.09 secs] 
4154.701: [GC (GCLocker Initiated GC) [PSYoungGen: 460384K->144096K(522752K)] 861000K->653047K(1921024K), 0.0538219 secs] [Times: user=0.32 sys=0.00, real=0.05 secs] 
4157.530: [GC (Allocation Failure) [PSYoungGen: 493792K->105984K(524288K)] 1002747K->750171K(1922560K), 0.1448418 secs] [Times: user=0.86 sys=0.00, real=0.14 secs] 
4159.329: [GC (GCLocker Initiated GC) [PSYoungGen: 455168K->141536K(523264K)] 1099355K->889864K(1921536K), 0.0521128 secs] [Times: user=0.31 sys=0.00, real=0.05 secs] 
4160.829: [GC (Allocation Failure) [PSYoungGen: 490720K->110304K(522240K)] 1239119K->991343K(1920512K), 0.0651196 secs] [Times: user=0.38 sys=0.01, real=0.06 secs] 
4161.611: [GC (Allocation Failure) [PSYoungGen: 459488K->144160K(522752K)] 1340527K->1132871K(1921024K), 0.0532010 secs] [Times: user=0.32 sys=0.00, real=0.05 secs] 
4163.655: [GC (Allocation Failure) [PSYoungGen: 493344K->111168K(522752K)] 1482055K->1234664K(1921024K), 0.1615955 secs] [Times: user=0.95 sys=0.01, real=0.16 secs] 
4165.091: [GC (Allocation Failure) [PSYoungGen: 460352K->143456K(522752K)] 1583848K->1374768K(1921024K), 0.0537397 secs] [Times: user=0.31 sys=0.00, real=0.05 secs] 
4165.144: [Full GC (Ergonomics) [PSYoungGen: 143456K->0K(522752K)] [ParOldGen: 1231312K->177569K(1398272K)] 1374768K->177569K(1921024K), [Metaspace: 60449K->60449K(1105920K)], 0.4260659 secs] [Times: user=1.99 sys=0.00, real=0.43 secs] 
4167.055: [GC (Allocation Failure) [PSYoungGen: 349184K->113920K(522240K)] 526753K->291489K(1920512K), 0.0348497 secs] [Times: user=0.21 sys=0.00, real=0.04 secs] 
4168.307: [GC (Allocation Failure) [PSYoungGen: 463616K->143520K(522752K)] 641185K->429128K(1921024K), 0.0535023 secs] [Times: user=0.31 sys=0.00, real=0.06 secs] 
4169.676: [GC (GCLocker Initiated GC) [PSYoungGen: 493216K->110112K(523776K)] 778824K->530541K(1922048K), 0.0679722 secs] [Times: user=0.41 sys=0.00, real=0.07 secs] 
4170.250: [GC (Allocation Failure) [PSYoungGen: 460832K->148512K(499712K)] 881263K->674828K(1897984K), 0.0537841 secs] [Times: user=0.32 sys=0.00, real=0.05 secs] 
4172.491: [GC (Allocation Failure) [PSYoungGen: 499232K->108256K(523776K)] 1025548K->773836K(1922048K), 0.1293133 secs] [Times: user=0.76 sys=0.00, real=0.13 secs] 
4173.103: [GC (Allocation Failure) [PSYoungGen: 455392K->147136K(494592K)] 1120972K->916969K(1892864K), 0.0521484 secs] [Times: user=0.31 sys=0.00, real=0.05 secs] 
4174.684: [GC (GCLocker Initiated GC) [PSYoungGen: 494272K->106816K(522240K)] 1264106K->1014682K(1920512K), 0.1222538 secs] [Times: user=0.73 sys=0.00, real=0.12 secs] 
4175.436: [GC (Allocation Failure) [PSYoungGen: 450880K->144448K(488960K)] 1358748K->1155644K(1887232K), 0.0521370 secs] [Times: user=0.31 sys=0.00, real=0.05 secs] 
4177.185: [GC (Allocation Failure) [PSYoungGen: 488512K->106784K(521728K)] 1499708K->1253748K(1920000K), 0.0654862 secs] [Times: user=0.39 sys=0.01, real=0.07 secs] 
4177.723: [GC (Allocation Failure) [PSYoungGen: 449824K->143104K(520192K)] 1596788K->1392137K(1918464K), 0.0512054 secs] [Times: user=0.30 sys=0.00, real=0.05 secs] 
4177.774: [Full GC (Ergonomics) [PSYoungGen: 143104K->0K(520192K)] [ParOldGen: 1249033K->191082K(1398272K)] 1392137K->191082K(1918464K), [Metaspace: 60449K->60449K(1105920K)], 0.4745062 secs] [Times: user=2.23 sys=0.00, real=0.47 secs] 
4180.687: [GC (Allocation Failure) [PSYoungGen: 343040K->103456K(520704K)] 534122K->294538K(1918976K), 0.0822838 secs] [Times: user=0.48 sys=0.00, real=0.09 secs] 
4182.128: [GC (GCLocker Initiated GC) [PSYoungGen: 445984K->143040K(520192K)] 637067K->433648K(1918464K), 0.0500354 secs] [Times: user=0.29 sys=0.00, real=0.05 secs] 
4183.653: [GC (Allocation Failure) [PSYoungGen: 485568K->108000K(519168K)] 776179K->532859K(1917440K), 0.1250043 secs] [Times: user=0.74 sys=0.00, real=0.12 secs] 
4184.822: [GC (Allocation Failure) [PSYoungGen: 450528K->139936K(519680K)] 875387K->668672K(1917952K), 0.0515977 secs] [Times: user=0.30 sys=0.00, real=0.05 secs] 
4186.203: [GC (Allocation Failure) [PSYoungGen: 482464K->110080K(517632K)] 1011200K->769788K(1915904K), 0.0653583 secs] [Times: user=0.38 sys=0.01, real=0.06 secs] 
4186.801: [GC (GCLocker Initiated GC) [PSYoungGen: 454656K->144416K(519680K)] 1114364K->909961K(1917952K), 0.0528138 secs] [Times: user=0.31 sys=0.00, real=0.05 secs] 
4188.495: [GC (Allocation Failure) [PSYoungGen: 488992K->105088K(522752K)] 1254539K->1005771K(1921024K), 0.0871239 secs] [Times: user=0.52 sys=0.01, real=0.09 secs] 
4189.166: [GC (Allocation Failure) [PSYoungGen: 450688K->146336K(492032K)] 1351371K->1148064K(1890304K), 0.0516031 secs] [Times: user=0.31 sys=0.00, real=0.05 secs] 
4191.117: [GC (GCLocker Initiated GC) [PSYoungGen: 491936K->107264K(521728K)] 1493665K->1246005K(1920000K), 0.1439341 secs] [Times: user=0.85 sys=0.00, real=0.15 secs] 
4191.885: [GC (Allocation Failure) [PSYoungGen: 450304K->145888K(488960K)] 1589116K->1387648K(1887232K), 0.0524356 secs] [Times: user=0.31 sys=0.00, real=0.05 secs] 
4191.938: [Full GC (Ergonomics) [PSYoungGen: 145888K->0K(488960K)] [ParOldGen: 1241760K->185517K(1398272K)] 1387648K->185517K(1887232K), [Metaspace: 60451K->60451K(1105920K)], 0.4443177 secs] [Times: user=2.07 sys=0.00, real=0.45 secs] 
4193.771: [GC (Allocation Failure) [PSYoungGen: 343040K->104064K(520704K)] 528557K->289581K(1918976K), 0.0493553 secs] [Times: user=0.29 sys=0.00, real=0.05 secs] 
4194.389: [GC (Allocation Failure) [PSYoungGen: 445056K->144960K(486400K)] 630573K->430882K(1884672K), 0.0512786 secs] [Times: user=0.30 sys=0.00, real=0.05 secs] 
4196.421: [GC (Allocation Failure) [PSYoungGen: 485952K->102880K(519680K)] 771874K->524778K(1917952K), 0.1220119 secs] [Times: user=0.73 sys=0.00, real=0.12 secs] 
4197.587: [GC (Allocation Failure) [PSYoungGen: 442336K->141216K(518656K)] 864234K->662539K(1916928K), 0.0507753 secs] [Times: user=0.30 sys=0.01, real=0.05 secs] 
4199.042: [GC (GCLocker Initiated GC) [PSYoungGen: 480672K->107968K(516096K)] 1001995K->761263K(1914368K), 0.0985455 secs] [Times: user=0.59 sys=0.00, real=0.10 secs] 
4200.092: [GC (Allocation Failure) [PSYoungGen: 447936K->147744K(517632K)] 1101234K->905807K(1915904K), 0.0530024 secs] [Times: user=0.31 sys=0.00, real=0.05 secs] 
4201.411: [GC (Allocation Failure) [PSYoungGen: 487712K->106944K(518656K)] 1245775K->994587K(1916928K), 0.0651933 secs] [Times: user=0.38 sys=0.01, real=0.06 secs] 
4202.235: [GC (Allocation Failure) [PSYoungGen: 445888K->139040K(517632K)] 1333531K->1130907K(1915904K), 0.0535207 secs] [Times: user=0.32 sys=0.00, real=0.05 secs] 
4203.655: [GC (Allocation Failure) [PSYoungGen: 477984K->108064K(517120K)] 1469851K->1229415K(1915392K), 0.0653013 secs] [Times: user=0.39 sys=0.00, real=0.07 secs] 
4204.496: [GC (Allocation Failure) [PSYoungGen: 449568K->140096K(518144K)] 1570919K->1367276K(1916416K), 0.0544200 secs] [Times: user=0.32 sys=0.00, real=0.06 secs] 
4206.182: [GC (Allocation Failure) [PSYoungGen: 481600K->107712K(518656K)] 1708780K->1465660K(1916928K), 0.0916854 secs] [Times: user=0.54 sys=0.01, real=0.09 secs] 
4206.273: [Full GC (Ergonomics) [PSYoungGen: 107712K->0K(518656K)] [ParOldGen: 1357948K->26538K(1398272K)] 1465660K->26538K(1916928K), [Metaspace: 60451K->60451K(1105920K)], 0.0420436 secs] [Times: user=0.13 sys=0.00, real=0.04 secs] 
4207.208: [GC (Allocation Failure) [PSYoungGen: 345088K->142464K(520192K)] 371626K->169002K(1918464K), 0.0284404 secs] [Times: user=0.17 sys=0.00, real=0.03 secs] 
4208.525: [GC (GCLocker Initiated GC) [PSYoungGen: 487552K->107424K(521728K)] 514090K->267634K(1920000K), 0.0646978 secs] [Times: user=0.39 sys=0.00, real=0.07 secs] 
4209.508: [GC (GCLocker Initiated GC) [PSYoungGen: 454048K->141312K(521728K)] 614260K->407528K(1920000K), 0.0520287 secs] [Times: user=0.31 sys=0.00, real=0.06 secs] 
4211.186: [GC (Allocation Failure) [PSYoungGen: 487936K->110944K(520704K)] 754155K->509467K(1918976K), 0.0951960 secs] [Times: user=0.57 sys=0.00, real=0.10 secs] 
4212.421: [GC (Allocation Failure) [PSYoungGen: 458592K->142560K(521728K)] 857115K->650296K(1920000K), 0.0535257 secs] [Times: user=0.31 sys=0.00, real=0.05 secs] 
4214.776: [GC (Allocation Failure) [PSYoungGen: 490208K->106272K(523264K)] 997944K->747744K(1921536K), 0.0640649 secs] [Times: user=0.38 sys=0.00, real=0.07 secs] 
4215.627: [GC (Allocation Failure) [PSYoungGen: 455456K->152832K(502272K)] 1096928K->898519K(1900544K), 0.0530444 secs] [Times: user=0.31 sys=0.00, real=0.06 secs] 
4216.993: [GC (Allocation Failure) [PSYoungGen: 502016K->108384K(521216K)] 1247703K->989591K(1919488K), 0.0677592 secs] [Times: user=0.40 sys=0.00, real=0.07 secs] 
4217.695: [GC (Allocation Failure) [PSYoungGen: 449888K->142048K(519168K)] 1331095K->1128764K(1917440K), 0.0536669 secs] [Times: user=0.32 sys=0.00, real=0.06 secs] 
4219.492: [GC (Allocation Failure) [PSYoungGen: 483552K->107392K(518144K)] 1470268K->1226680K(1916416K), 0.1421629 secs] [Times: user=0.85 sys=0.00, real=0.14 secs] 
4221.041: [GC (Allocation Failure) [PSYoungGen: 449920K->140832K(519168K)] 1569208K->1364945K(1917440K), 0.0532323 secs] [Times: user=0.31 sys=0.00, real=0.05 secs] 
4222.591: [GC (Allocation Failure) [PSYoungGen: 483360K->109344K(519168K)] 1707473K->1465209K(1917440K), 0.0688824 secs] [Times: user=0.41 sys=0.00, real=0.07 secs] 
4222.660: [Full GC (Ergonomics) [PSYoungGen: 109344K->0K(519168K)] [ParOldGen: 1355865K->31221K(1398272K)] 1465209K->31221K(1917440K), [Metaspace: 60451K->60451K(1105920K)], 0.0566608 secs] [Times: user=0.21 sys=0.00, real=0.05 secs] 
4223.548: [GC (Allocation Failure) [PSYoungGen: 344576K->140192K(520192K)] 375797K->171414K(1918464K), 0.0281281 secs] [Times: user=0.17 sys=0.00, real=0.03 secs] 
4224.852: [GC (Allocation Failure) [PSYoungGen: 484768K->110144K(519680K)] 515990K->272298K(1917952K), 0.0641339 secs] [Times: user=0.38 sys=0.01, real=0.06 secs] 
4225.445: [GC (Allocation Failure) [PSYoungGen: 457280K->144256K(521216K)] 619434K->413790K(1919488K), 0.0531564 secs] [Times: user=0.31 sys=0.00, real=0.05 secs] 
4227.203: [GC (Allocation Failure) [PSYoungGen: 491392K->108992K(522752K)] 760926K->513294K(1921024K), 0.1361256 secs] [Times: user=0.81 sys=0.00, real=0.14 secs] 
4228.191: [GC (GCLocker Initiated GC) [PSYoungGen: 457664K->146464K(495616K)] 861968K->657753K(1893888K), 0.0533260 secs] [Times: user=0.31 sys=0.00, real=0.05 secs] 
4230.595: [GC (GCLocker Initiated GC) [PSYoungGen: 495136K->105024K(522752K)] 1006426K->754354K(1921024K), 0.0787760 secs] [Times: user=0.46 sys=0.00, real=0.08 secs] 
4231.382: [GC (Allocation Failure) [PSYoungGen: 450624K->145216K(491008K)] 1099957K->896786K(1889280K), 0.0522217 secs] [Times: user=0.31 sys=0.00, real=0.05 secs] 
4232.877: [GC (Allocation Failure) [PSYoungGen: 490816K->105184K(521728K)] 1242386K->992926K(1920000K), 0.1063559 secs] [Times: user=0.63 sys=0.00, real=0.11 secs] 
4233.711: [GC (Allocation Failure) [PSYoungGen: 448224K->150976K(494080K)] 1335966K->1141211K(1892352K), 0.0531756 secs] [Times: user=0.31 sys=0.01, real=0.05 secs] 
4235.992: [GC (Allocation Failure) [PSYoungGen: 494016K->107328K(519168K)] 1484251K->1230979K(1917440K), 0.1447518 secs] [Times: user=0.86 sys=0.00, real=0.14 secs] 
4236.892: [GC (Allocation Failure) [PSYoungGen: 444736K->139424K(477184K)] 1568387K->1368088K(1875456K), 0.0533224 secs] [Times: user=0.31 sys=0.00, real=0.05 secs] 
4238.372: [GC (Allocation Failure) [PSYoungGen: 476832K->108288K(518656K)] 1705496K->1467256K(1916928K), 0.0648102 secs] [Times: user=0.38 sys=0.00, real=0.06 secs] 
4238.436: [Full GC (Ergonomics) [PSYoungGen: 108288K->0K(518656K)] [ParOldGen: 1358968K->32691K(1398272K)] 1467256K->32691K(1916928K), [Metaspace: 60455K->60455K(1105920K)], 0.0598465 secs] [Times: user=0.22 sys=0.00, real=0.06 secs] 
4239.099: [GC (Allocation Failure) [PSYoungGen: 339456K->135232K(516608K)] 372147K->167923K(1914880K), 0.0272746 secs] [Times: user=0.16 sys=0.00, real=0.02 secs] 
4240.424: [GC (Allocation Failure) [PSYoungGen: 474688K->110528K(519168K)] 507379K->269023K(1917440K), 0.0689684 secs] [Times: user=0.41 sys=0.00, real=0.07 secs] 
4241.030: [GC (Allocation Failure) [PSYoungGen: 455616K->143296K(518656K)] 614111K->410052K(1916928K), 0.0536967 secs] [Times: user=0.31 sys=0.00, real=0.05 secs] 
4242.730: [GC (Allocation Failure) [PSYoungGen: 488384K->107936K(523776K)] 755140K->508932K(1922048K), 0.0753089 secs] [Times: user=0.44 sys=0.00, real=0.07 secs] 
4244.000: [GC (GCLocker Initiated GC) [PSYoungGen: 457120K->142112K(523264K)] 858116K->649393K(1921536K), 0.0527122 secs] [Times: user=0.31 sys=0.00, real=0.05 secs] 
4245.438: [GC (Allocation Failure) [PSYoungGen: 491296K->109248K(522240K)] 998579K->749555K(1920512K), 0.0676858 secs] [Times: user=0.40 sys=0.01, real=0.07 secs] 
4246.001: [GC (GCLocker Initiated GC) [PSYoungGen: 458432K->144896K(522752K)] 1098739K->892864K(1921024K), 0.0532984 secs] [Times: user=0.31 sys=0.00, real=0.05 secs] 
4247.454: [GC (Allocation Failure) [PSYoungGen: 494080K->109248K(523264K)] 1242053K->993598K(1921536K), 0.0659240 secs] [Times: user=0.38 sys=0.01, real=0.07 secs] 
4248.306: [GC (Allocation Failure) [PSYoungGen: 457920K->153312K(502272K)] 1342270K->1143866K(1900544K), 0.0539871 secs] [Times: user=0.32 sys=0.00, real=0.06 secs] 
4249.966: [GC (Allocation Failure) [PSYoungGen: 501984K->110016K(521216K)] 1492538K->1236302K(1919488K), 0.1474018 secs] [Times: user=0.88 sys=0.00, real=0.15 secs] 
4251.138: [GC (Allocation Failure) [PSYoungGen: 451520K->141760K(519168K)] 1577806K->1375171K(1917440K), 0.0535501 secs] [Times: user=0.32 sys=0.00, real=0.06 secs] 
4251.192: [Full GC (Ergonomics) [PSYoungGen: 141760K->0K(519168K)] [ParOldGen: 1233411K->176448K(1398272K)] 1375171K->176448K(1917440K), [Metaspace: 60455K->60455K(1105920K)], 0.4223631 secs] [Times: user=1.96 sys=0.00, real=0.42 secs] 
4252.910: [GC (Allocation Failure) [PSYoungGen: 341504K->106624K(519680K)] 517952K->283072K(1917952K), 0.0378468 secs] [Times: user=0.22 sys=0.00, real=0.03 secs] 
4253.417: [GC (Allocation Failure) [PSYoungGen: 449664K->152160K(495616K)] 626112K->432125K(1893888K), 0.0534671 secs] [Times: user=0.31 sys=0.00, real=0.06 secs] 
4254.795: [GC (Allocation Failure) [PSYoungGen: 495200K->104736K(518656K)] 775165K->519677K(1916928K), 0.0681423 secs] [Times: user=0.40 sys=0.00, real=0.07 secs] 
4255.429: [GC (Allocation Failure) [PSYoungGen: 441632K->140960K(517120K)] 856573K->658264K(1915392K), 0.0515006 secs] [Times: user=0.30 sys=0.00, real=0.05 secs] 
4257.426: [GC (Allocation Failure) [PSYoungGen: 477856K->104928K(517632K)] 995160K->754552K(1915904K), 0.1449193 secs] [Times: user=0.86 sys=0.01, real=0.15 secs] 
4258.956: [GC (Allocation Failure) [PSYoungGen: 442848K->139168K(517120K)] 1092472K->891057K(1915392K), 0.0518753 secs] [Times: user=0.31 sys=0.00, real=0.05 secs] 
4260.904: [GC (Allocation Failure) [PSYoungGen: 477088K->105856K(517632K)] 1228977K->988085K(1915904K), 0.0690832 secs] [Times: user=0.41 sys=0.00, real=0.07 secs] 
4261.575: [GC (Allocation Failure) [PSYoungGen: 446848K->139328K(518144K)] 1329077K->1125138K(1916416K), 0.0526306 secs] [Times: user=0.31 sys=0.00, real=0.05 secs] 
4263.004: [GC (Allocation Failure) [PSYoungGen: 480320K->108256K(517632K)] 1466130K->1224378K(1915904K), 0.0710821 secs] [Times: user=0.42 sys=0.00, real=0.07 secs] 
4263.702: [GC (Allocation Failure) [PSYoungGen: 452832K->140896K(519680K)] 1568954K->1363335K(1917952K), 0.0545489 secs] [Times: user=0.32 sys=0.00, real=0.05 secs] 
4265.122: [GC (Allocation Failure) [PSYoungGen: 485472K->109856K(520704K)] 1707911K->1463659K(1918976K), 0.0794569 secs] [Times: user=0.46 sys=0.00, real=0.08 secs] 
4265.201: [Full GC (Ergonomics) [PSYoungGen: 109856K->0K(520704K)] [ParOldGen: 1353803K->24603K(1398272K)] 1463659K->24603K(1918976K), [Metaspace: 60455K->60455K(1105920K)], 0.0362277 secs] [Times: user=0.10 sys=0.00, real=0.03 secs] 
4266.847: [GC (Allocation Failure) [PSYoungGen: 347648K->142080K(521728K)] 372251K->166683K(1920000K), 0.0285371 secs] [Times: user=0.16 sys=0.00, real=0.03 secs] 
4268.236: [GC (Allocation Failure) [PSYoungGen: 489728K->112064K(521216K)] 514331K->269243K(1919488K), 0.0649876 secs] [Times: user=0.39 sys=0.00, real=0.07 secs] 
4268.937: [GC (Allocation Failure) [PSYoungGen: 461248K->145056K(522240K)] 618427K->412216K(1920512K), 0.0531979 secs] [Times: user=0.31 sys=0.00, real=0.06 secs] 
4270.306: [GC (Allocation Failure) [PSYoungGen: 494240K->106592K(524288K)] 761400K->509752K(1922560K), 0.0745746 secs] [Times: user=0.44 sys=0.00, real=0.08 secs] 
4270.980: [GC (Allocation Failure) [PSYoungGen: 455264K->146016K(495104K)] 858424K->653161K(1893376K), 0.0523937 secs] [Times: user=0.31 sys=0.00, real=0.05 secs] 
4272.680: [GC (GCLocker Initiated GC) [PSYoungGen: 494688K->109568K(523776K)] 1001833K->753669K(1922048K), 0.0977064 secs] [Times: user=0.57 sys=0.00, real=0.09 secs] 
4273.828: [GC (Allocation Failure) [PSYoungGen: 456192K->143456K(521728K)] 1100363K->894499K(1920000K), 0.0535463 secs] [Times: user=0.31 sys=0.00, real=0.06 secs] 
4275.773: [GC (Allocation Failure) [PSYoungGen: 490080K->109088K(521728K)] 1241123K->994523K(1920000K), 0.1360356 secs] [Times: user=0.81 sys=0.00, real=0.14 secs] 
4276.659: [GC (Allocation Failure) [PSYoungGen: 455712K->141600K(521728K)] 1341147K->1133380K(1920000K), 0.0534560 secs] [Times: user=0.32 sys=0.00, real=0.05 secs] 
4278.002: [GC (Allocation Failure) [PSYoungGen: 488224K->110560K(520704K)] 1480004K->1235044K(1918976K), 0.0653405 secs] [Times: user=0.38 sys=0.00, real=0.06 secs] 
4278.843: [GC (Allocation Failure) [PSYoungGen: 458208K->142560K(521728K)] 1582692K->1375085K(1920000K), 0.0542338 secs] [Times: user=0.32 sys=0.00, real=0.05 secs] 
4278.897: [Full GC (Ergonomics) [PSYoungGen: 142560K->0K(521728K)] [ParOldGen: 1232525K->179076K(1398272K)] 1375085K->179076K(1920000K), [Metaspace: 60460K->60460K(1105920K)], 0.4340214 secs] [Times: user=2.02 sys=0.00, real=0.44 secs] 
4281.338: [GC (Allocation Failure) [PSYoungGen: 347648K->110688K(522240K)] 526724K->289764K(1920512K), 0.0855649 secs] [Times: user=0.49 sys=0.01, real=0.09 secs] 
4282.409: [GC (Allocation Failure) [PSYoungGen: 459872K->145536K(522752K)] 638948K->430885K(1921024K), 0.0535333 secs] [Times: user=0.32 sys=0.01, real=0.06 secs] 
4284.024: [GC (Allocation Failure) [PSYoungGen: 494720K->110592K(523264K)] 780069K->531813K(1921536K), 0.0952335 secs] [Times: user=0.56 sys=0.00, real=0.10 secs] 
4284.725: [GC (GCLocker Initiated GC) [PSYoungGen: 459264K->146944K(496128K)] 880485K->674546K(1894400K), 0.0537222 secs] [Times: user=0.32 sys=0.00, real=0.06 secs] 
4286.172: [GC (GCLocker Initiated GC) [PSYoungGen: 495616K->107328K(523264K)] 1023220K->772568K(1921536K), 0.0683341 secs] [Times: user=0.40 sys=0.00, real=0.07 secs] 
4286.777: [GC (Allocation Failure) [PSYoungGen: 453440K->156448K(502784K)] 1118719K->924628K(1901056K), 0.0530736 secs] [Times: user=0.31 sys=0.00, real=0.06 secs] 
4288.873: [GC (Allocation Failure) [PSYoungGen: 502560K->104224K(517632K)] 1270740K->1011992K(1915904K), 0.0985675 secs] [Times: user=0.58 sys=0.01, real=0.10 secs] 
4289.710: [GC (Allocation Failure) [PSYoungGen: 439584K->141664K(516608K)] 1347352K->1149713K(1914880K), 0.0508237 secs] [Times: user=0.30 sys=0.00, real=0.05 secs] 
4291.214: [GC (Allocation Failure) [PSYoungGen: 477024K->104704K(515584K)] 1485073K->1245137K(1913856K), 0.0640731 secs] [Times: user=0.38 sys=0.00, real=0.06 secs] 
4291.852: [GC (Allocation Failure) [PSYoungGen: 441088K->139360K(516096K)] 1581521K->1381474K(1914368K), 0.0521923 secs] [Times: user=0.31 sys=0.00, real=0.05 secs] 
4291.904: [Full GC (Ergonomics) [PSYoungGen: 139360K->0K(516096K)] [ParOldGen: 1242114K->179077K(1398272K)] 1381474K->179077K(1914368K), [Metaspace: 60460K->60460K(1105920K)], 0.4366056 secs] [Times: user=2.02 sys=0.00, real=0.44 secs] 
4293.618: [GC (Allocation Failure) [PSYoungGen: 336384K->102240K(517120K)] 515461K->281318K(1915392K), 0.0454169 secs] [Times: user=0.27 sys=0.01, real=0.05 secs] 
4294.289: [GC (Allocation Failure) [PSYoungGen: 441696K->141440K(518144K)] 620774K->419858K(1916416K), 0.0512806 secs] [Times: user=0.30 sys=0.00, real=0.05 secs] 
4296.014: [GC (GCLocker Initiated GC) [PSYoungGen: 480896K->107008K(517120K)] 759316K->517325K(1915392K), 0.1328229 secs] [Times: user=0.79 sys=0.00, real=0.13 secs] 
4297.115: [GC (Allocation Failure) [PSYoungGen: 447488K->150080K(491008K)] 857807K->664660K(1889280K), 0.0534814 secs] [Times: user=0.31 sys=0.00, real=0.05 secs] 
4298.771: [GC (Allocation Failure) [PSYoungGen: 490560K->107136K(519168K)] 1005140K->754252K(1917440K), 0.0882506 secs] [Times: user=0.53 sys=0.00, real=0.09 secs] 
4300.405: [GC (Allocation Failure) [PSYoungGen: 444544K->136448K(474112K)] 1091660K->887677K(1872384K), 0.0524040 secs] [Times: user=0.31 sys=0.00, real=0.05 secs] 
4301.738: [GC (Allocation Failure) [PSYoungGen: 473856K->108704K(517632K)] 1225085K->987181K(1915904K), 0.0650547 secs] [Times: user=0.38 sys=0.00, real=0.07 secs] 
4302.422: [GC (Allocation Failure) [PSYoungGen: 448160K->137088K(515584K)] 1326637K->1121970K(1913856K), 0.0532732 secs] [Times: user=0.32 sys=0.00, real=0.05 secs] 
4303.794: [GC (Allocation Failure) [PSYoungGen: 476544K->109504K(520704K)] 1461426K->1221618K(1918976K), 0.0732776 secs] [Times: user=0.43 sys=0.00, real=0.07 secs] 
4305.731: [GC (Allocation Failure) [PSYoungGen: 456128K->139872K(520192K)] 1568242K->1359431K(1918464K), 0.0533805 secs] [Times: user=0.32 sys=0.00, real=0.05 secs] 
4307.108: [GC (Allocation Failure) [PSYoungGen: 486496K->111040K(521216K)] 1706055K->1460895K(1919488K), 0.0689378 secs] [Times: user=0.41 sys=0.00, real=0.07 secs] 
4307.177: [Full GC (Ergonomics) [PSYoungGen: 111040K->0K(521216K)] [ParOldGen: 1349855K->22167K(1398272K)] 1460895K->22167K(1919488K), [Metaspace: 60466K->60466K(1105920K)], 0.0332108 secs] [Times: user=0.09 sys=0.00, real=0.04 secs] 
4307.959: [GC (Allocation Failure) [PSYoungGen: 350720K->143872K(522752K)] 372887K->166039K(1921024K), 0.0283160 secs] [Times: user=0.16 sys=0.00, real=0.02 secs] 
4309.335: [GC (Allocation Failure) [PSYoungGen: 494592K->109504K(524800K)] 516759K->266239K(1923072K), 0.0711084 secs] [Times: user=0.42 sys=0.00, real=0.07 secs] 
4310.083: [GC (Allocation Failure) [PSYoungGen: 461248K->145888K(497664K)] 617983K->410855K(1895936K), 0.0533930 secs] [Times: user=0.32 sys=0.00, real=0.05 secs] 
4311.871: [GC (Allocation Failure) [PSYoungGen: 497632K->111488K(525312K)] 762599K->513367K(1923584K), 0.1343787 secs] [Times: user=0.80 sys=0.01, real=0.13 secs] 
4313.278: [GC (Allocation Failure) [PSYoungGen: 461184K->144960K(495104K)] 863063K->655691K(1893376K), 0.0538127 secs] [Times: user=0.31 sys=0.00, real=0.06 secs] 
4315.519: [GC (Allocation Failure) [PSYoungGen: 494656K->109632K(524800K)] 1005387K->756427K(1923072K), 0.1141880 secs] [Times: user=0.65 sys=0.00, real=0.11 secs] 
4316.333: [GC (GCLocker Initiated GC) [PSYoungGen: 458304K->143136K(522752K)] 1105103K->896912K(1921024K), 0.0531862 secs] [Times: user=0.31 sys=0.01, real=0.05 secs] 
4318.720: [GC (Allocation Failure) [PSYoungGen: 491808K->107904K(523264K)] 1245590K->995497K(1921536K), 0.1377549 secs] [Times: user=0.82 sys=0.00, real=0.13 secs] 
4319.764: [GC (Allocation Failure) [PSYoungGen: 457088K->145728K(495104K)] 1344681K->1138118K(1893376K), 0.0536241 secs] [Times: user=0.31 sys=0.00, real=0.05 secs] 
4321.366: [GC (Allocation Failure) [PSYoungGen: 494912K->108384K(523776K)] 1487302K->1237226K(1922048K), 0.0771973 secs] [Times: user=0.45 sys=0.00, real=0.08 secs] 
4322.656: [GC (Allocation Failure) [PSYoungGen: 455008K->145760K(492544K)] 1583850K->1378646K(1890816K), 0.0533606 secs] [Times: user=0.31 sys=0.00, real=0.06 secs] 
4322.709: [Full GC (Ergonomics) [PSYoungGen: 145760K->0K(492544K)] [ParOldGen: 1232886K->184005K(1398272K)] 1378646K->184005K(1890816K), [Metaspace: 60468K->60468K(1105920K)], 0.4451370 secs] [Times: user=2.09 sys=0.00, real=0.44 secs] 
4324.359: [GC (GCLocker Initiated GC) [PSYoungGen: 346624K->109024K(522752K)] 530630K->293030K(1921024K), 0.0456367 secs] [Times: user=0.27 sys=0.00, real=0.04 secs] 
4324.937: [GC (Allocation Failure) [PSYoungGen: 454112K->147552K(493056K)] 638121K->436606K(1891328K), 0.0528676 secs] [Times: user=0.31 sys=0.00, real=0.06 secs] 
4326.434: [GC (Allocation Failure) [PSYoungGen: 492640K->104704K(521216K)] 781694K->532454K(1919488K), 0.1254843 secs] [Times: user=0.74 sys=0.00, real=0.13 secs] 
4327.139: [GC (Allocation Failure) [PSYoungGen: 446720K->145792K(487936K)] 874470K->674742K(1886208K), 0.0521022 secs] [Times: user=0.31 sys=0.00, real=0.06 secs] 
4329.224: [GC (Allocation Failure) [PSYoungGen: 487808K->105920K(520192K)] 1016758K->771910K(1918464K), 0.1230176 secs] [Times: user=0.72 sys=0.01, real=0.12 secs] 
4329.976: [GC (Allocation Failure) [PSYoungGen: 445888K->143296K(518656K)] 1111878K->911664K(1916928K), 0.0524789 secs] [Times: user=0.31 sys=0.01, real=0.05 secs] 
4332.408: [GC (Allocation Failure) [PSYoungGen: 483264K->103104K(519168K)] 1251632K->1005860K(1917440K), 0.1046796 secs] [Times: user=0.62 sys=0.00, real=0.11 secs] 
4333.359: [GC (Allocation Failure) [PSYoungGen: 443584K->141856K(519168K)] 1346340K->1143849K(1917440K), 0.0516583 secs] [Times: user=0.30 sys=0.00, real=0.05 secs] 
4335.997: [GC (Allocation Failure) [PSYoungGen: 482336K->103456K(518144K)] 1484329K->1238633K(1916416K), 0.1646861 secs] [Times: user=0.92 sys=0.01, real=0.17 secs] 
4337.090: [GC (Allocation Failure) [PSYoungGen: 443936K->142624K(518656K)] 1579113K->1378918K(1916928K), 0.0529218 secs] [Times: user=0.32 sys=0.00, real=0.05 secs] 
4337.143: [Full GC (Ergonomics) [PSYoungGen: 142624K->0K(518656K)] [ParOldGen: 1236294K->176004K(1398272K)] 1378918K->176004K(1916928K), [Metaspace: 60468K->60468K(1105920K)], 0.4167507 secs] [Times: user=1.92 sys=0.00, real=0.42 secs] 
4339.317: [GC (Allocation Failure) [PSYoungGen: 340480K->104608K(519168K)] 516484K->280612K(1917440K), 0.0341481 secs] [Times: user=0.20 sys=0.00, real=0.04 secs] 
4340.234: [GC (GCLocker Initiated GC) [PSYoungGen: 445600K->141536K(519168K)] 621605K->419456K(1917440K), 0.0517102 secs] [Times: user=0.31 sys=0.00, real=0.05 secs] 
4341.743: [GC (Allocation Failure) [PSYoungGen: 482528K->104896K(517632K)] 761480K->516444K(1915904K), 0.0913510 secs] [Times: user=0.54 sys=0.00, real=0.09 secs] 
4342.643: [GC (Allocation Failure) [PSYoungGen: 446400K->140864K(518656K)] 857948K->655161K(1916928K), 0.0520390 secs] [Times: user=0.30 sys=0.00, real=0.05 secs] 
4344.407: [GC (GCLocker Initiated GC) [PSYoungGen: 482368K->107936K(518144K)] 996665K->753629K(1916416K), 0.1748067 secs] [Times: user=1.04 sys=0.01, real=0.18 secs] 
4346.096: [GC (Allocation Failure) [PSYoungGen: 450976K->148224K(491520K)] 1096672K->899517K(1889792K), 0.0536468 secs] [Times: user=0.32 sys=0.00, real=0.06 secs] 
4347.505: [GC (Allocation Failure) [PSYoungGen: 491264K->110400K(521728K)] 1242557K->992213K(1920000K), 0.0659344 secs] [Times: user=0.40 sys=0.00, real=0.07 secs] 
4348.271: [GC (Allocation Failure) [PSYoungGen: 451904K->140096K(518656K)] 1333717K->1130193K(1916928K), 0.0541796 secs] [Times: user=0.32 sys=0.00, real=0.05 secs] 
4349.592: [GC (Allocation Failure) [PSYoungGen: 481600K->107424K(519680K)] 1471697K->1228113K(1917952K), 0.0658094 secs] [Times: user=0.39 sys=0.00, real=0.06 secs] 
4350.278: [GC (GCLocker Initiated GC) [PSYoungGen: 450976K->142208K(519168K)] 1571666K->1368223K(1917440K), 0.0539404 secs] [Times: user=0.32 sys=0.00, real=0.06 secs] 
4351.999: [GC (Allocation Failure) [PSYoungGen: 485760K->107616K(521728K)] 1711778K->1466382K(1920000K), 0.1042063 secs] [Times: user=0.62 sys=0.00, real=0.10 secs] 
4352.103: [Full GC (Ergonomics) [PSYoungGen: 107616K->0K(521728K)] [ParOldGen: 1358766K->25856K(1398272K)] 1466382K->25856K(1920000K), [Metaspace: 60468K->60468K(1105920K)], 0.0557541 secs] [Times: user=0.18 sys=0.00, real=0.06 secs] 
4353.514: [GC (Allocation Failure) [PSYoungGen: 346112K->140800K(521728K)] 371968K->166656K(1920000K), 0.0281474 secs] [Times: user=0.16 sys=0.00, real=0.03 secs] 
4355.171: [GC (Allocation Failure) [PSYoungGen: 486912K->108896K(519168K)] 512770K->266794K(1917440K), 0.0644091 secs] [Times: user=0.38 sys=0.00, real=0.06 secs] 
4355.981: [GC (Allocation Failure) [PSYoungGen: 455520K->141952K(520704K)] 613418K->407251K(1918976K), 0.0527813 secs] [Times: user=0.31 sys=0.01, real=0.05 secs] 
4357.467: [GC (Allocation Failure) [PSYoungGen: 488576K->111616K(521728K)] 753875K->509611K(1920000K), 0.1004576 secs] [Times: user=0.59 sys=0.00, real=0.10 secs] 
4358.563: [GC (Allocation Failure) [PSYoungGen: 460288K->142432K(522240K)] 858283K->648995K(1920512K), 0.0540976 secs] [Times: user=0.31 sys=0.00, real=0.05 secs] 
4360.121: [GC (GCLocker Initiated GC) [PSYoungGen: 491104K->110944K(522752K)] 997668K->750500K(1921024K), 0.0725388 secs] [Times: user=0.43 sys=0.00, real=0.07 secs] 
4361.256: [GC (Allocation Failure) [PSYoungGen: 461152K->145024K(523264K)] 1100711K->893650K(1921536K), 0.0546341 secs] [Times: user=0.32 sys=0.00, real=0.06 secs] 
4362.690: [GC (Allocation Failure) [PSYoungGen: 495232K->111616K(523264K)] 1243858K->996194K(1921536K), 0.0662990 secs] [Times: user=0.39 sys=0.00, real=0.06 secs] 
4363.285: [GC (Allocation Failure) [PSYoungGen: 461824K->145472K(496128K)] 1346402K->1139163K(1894400K), 0.0555094 secs] [Times: user=0.32 sys=0.01, real=0.06 secs] 
4364.776: [GC (Allocation Failure) [PSYoungGen: 495680K->108352K(524288K)] 1489371K->1238483K(1922560K), 0.1180001 secs] [Times: user=0.70 sys=0.00, real=0.12 secs] 
4365.646: [GC (Allocation Failure) [PSYoungGen: 456512K->146816K(495104K)] 1586643K->1381296K(1893376K), 0.0530328 secs] [Times: user=0.32 sys=0.00, real=0.06 secs] 
4365.699: [Full GC (Ergonomics) [PSYoungGen: 146816K->0K(495104K)] [ParOldGen: 1234480K->184598K(1398272K)] 1381296K->184598K(1893376K), [Metaspace: 60468K->60468K(1105920K)], 0.4493068 secs] [Times: user=2.10 sys=0.00, real=0.44 secs] 
4368.349: [GC (Allocation Failure) [PSYoungGen: 348160K->106080K(522752K)] 532758K->290678K(1921024K), 0.0711848 secs] [Times: user=0.41 sys=0.00, real=0.08 secs] 
4369.552: [GC (Allocation Failure) [PSYoungGen: 451168K->145376K(490496K)] 635766K->431807K(1888768K), 0.0516213 secs] [Times: user=0.30 sys=0.00, real=0.05 secs] 
4370.876: [GC (GCLocker Initiated GC) [PSYoungGen: 490464K->107136K(522240K)] 776895K->529695K(1920512K), 0.0662683 secs] [Times: user=0.39 sys=0.01, real=0.07 secs] 
4371.665: [GC (Allocation Failure) [PSYoungGen: 450688K->146752K(490496K)] 873318K->672271K(1888768K), 0.0519720 secs] [Times: user=0.30 sys=0.00, real=0.05 secs] 
4373.194: [GC (Allocation Failure) [PSYoungGen: 490304K->103936K(520192K)] 1015823K->767351K(1918464K), 0.0927775 secs] [Times: user=0.55 sys=0.00, real=0.09 secs] 
4373.966: [GC (Allocation Failure) [PSYoungGen: 444416K->143936K(484864K)] 1107831K->907411K(1883136K), 0.0513675 secs] [Times: user=0.30 sys=0.00, real=0.05 secs] 
4376.123: [GC (Allocation Failure) [PSYoungGen: 484416K->106080K(520704K)] 1247891K->1004072K(1918976K), 0.1124827 secs] [Times: user=0.66 sys=0.01, real=0.11 secs] 
4376.855: [GC (Allocation Failure) [PSYoungGen: 446560K->143936K(518656K)] 1344552K->1144444K(1916928K), 0.0525960 secs] [Times: user=0.31 sys=0.00, real=0.05 secs] 
4378.341: [GC (GCLocker Initiated GC) [PSYoungGen: 484416K->104256K(519168K)] 1484924K->1240117K(1917440K), 0.0659015 secs] [Times: user=0.39 sys=0.00, real=0.06 secs] 
4379.183: [GC (Allocation Failure) [PSYoungGen: 444224K->142272K(518656K)] 1580155K->1379628K(1916928K), 0.0523206 secs] [Times: user=0.31 sys=0.00, real=0.05 secs] 
4379.235: [Full GC (Ergonomics) [PSYoungGen: 142272K->0K(518656K)] [ParOldGen: 1237356K->177900K(1398272K)] 1379628K->177900K(1916928K), [Metaspace: 60468K->60468K(1105920K)], 0.4240483 secs] [Times: user=1.96 sys=0.00, real=0.43 secs] 
4381.205: [GC (GCLocker Initiated GC) [PSYoungGen: 339968K->102144K(519168K)] 517868K->280044K(1917440K), 0.0525470 secs] [Times: user=0.31 sys=0.00, real=0.05 secs] 
4382.805: [GC (Allocation Failure) [PSYoungGen: 442624K->140128K(519168K)] 620527K->417232K(1917440K), 0.0510723 secs] [Times: user=0.30 sys=0.00, real=0.05 secs] 
4384.556: [GC (GCLocker Initiated GC) [PSYoungGen: 480608K->105440K(516608K)] 757712K->513644K(1914880K), 0.1403841 secs] [Times: user=0.83 sys=0.00, real=0.14 secs] 
4385.688: [GC (GCLocker Initiated GC) [PSYoungGen: 446432K->140448K(518144K)] 854638K->652303K(1916416K), 0.0517908 secs] [Times: user=0.30 sys=0.00, real=0.06 secs] 
4386.985: [GC (GCLocker Initiated GC) [PSYoungGen: 481440K->107424K(518656K)] 993299K->750811K(1916928K), 0.0657686 secs] [Times: user=0.38 sys=0.01, real=0.07 secs] 
4387.724: [GC (Allocation Failure) [PSYoungGen: 450976K->140576K(519680K)] 1094402K->889341K(1917952K), 0.0529656 secs] [Times: user=0.31 sys=0.00, real=0.05 secs] 
4389.108: [GC (Allocation Failure) [PSYoungGen: 484128K->109568K(518656K)] 1232893K->989549K(1916928K), 0.0660640 secs] [Times: user=0.39 sys=0.00, real=0.07 secs] 
4390.093: [GC (Allocation Failure) [PSYoungGen: 455168K->142080K(520192K)] 1335149K->1129442K(1918464K), 0.0538033 secs] [Times: user=0.32 sys=0.01, real=0.05 secs] 
4391.841: [GC (Allocation Failure) [PSYoungGen: 487680K->109856K(521728K)] 1475042K->1229806K(1920000K), 0.1070011 secs] [Times: user=0.63 sys=0.00, real=0.10 secs] 
4392.864: [GC (GCLocker Initiated GC) [PSYoungGen: 458016K->143488K(522240K)] 1577966K->1371359K(1920512K), 0.0540180 secs] [Times: user=0.31 sys=0.00, real=0.05 secs] 
4394.529: [GC (GCLocker Initiated GC) [PSYoungGen: 491648K->109184K(522752K)] 1719522K->1471802K(1921024K), 0.0669209 secs] [Times: user=0.40 sys=0.00, real=0.07 secs] 
4394.596: [Full GC (Ergonomics) [PSYoungGen: 109184K->0K(522752K)] [ParOldGen: 1362618K->31423K(1398272K)] 1471802K->31423K(1921024K), [Metaspace: 60468K->60468K(1105920K)], 0.0559684 secs] [Times: user=0.19 sys=0.00, real=0.06 secs] 
4395.253: [GC (Allocation Failure) [PSYoungGen: 348672K->146304K(495104K)] 380098K->177730K(1893376K), 0.0291966 secs] [Times: user=0.17 sys=0.00, real=0.03 secs] 
4396.727: [GC (Allocation Failure) [PSYoungGen: 494976K->107104K(523264K)] 526402K->275702K(1921536K), 0.1031738 secs] [Times: user=0.61 sys=0.00, real=0.11 secs] 
4397.919: [GC (Allocation Failure) [PSYoungGen: 453216K->144704K(491008K)] 621814K->417131K(1889280K), 0.0521459 secs] [Times: user=0.31 sys=0.00, real=0.06 secs] 
4400.182: [GC (Allocation Failure) [PSYoungGen: 490816K->106912K(522752K)] 763243K->514871K(1921024K), 0.1284687 secs] [Times: user=0.76 sys=0.01, real=0.13 secs] 
4401.163: [GC (Allocation Failure) [PSYoungGen: 452000K->144640K(489984K)] 859959K->656624K(1888256K), 0.0518503 secs] [Times: user=0.30 sys=0.00, real=0.05 secs] 
4402.565: [GC (Allocation Failure) [PSYoungGen: 489728K->107200K(522240K)] 1001712K->755040K(1920512K), 0.0637511 secs] [Times: user=0.38 sys=0.00, real=0.06 secs] 
4403.501: [GC (Allocation Failure) [PSYoungGen: 451264K->142592K(520704K)] 1099104K->894556K(1918976K), 0.0529547 secs] [Times: user=0.31 sys=0.00, real=0.05 secs] 
4405.012: [GC (Allocation Failure) [PSYoungGen: 486656K->104800K(520704K)] 1238620K->990457K(1918976K), 0.0868548 secs] [Times: user=0.51 sys=0.00, real=0.09 secs] 
4405.925: [GC (Allocation Failure) [PSYoungGen: 448864K->144512K(488960K)] 1334521K->1132073K(1887232K), 0.0524316 secs] [Times: user=0.30 sys=0.00, real=0.05 secs] 
4407.834: [GC (Allocation Failure) [PSYoungGen: 488576K->105664K(521728K)] 1476137K->1228798K(1920000K), 0.1174454 secs] [Times: user=0.70 sys=0.00, real=0.12 secs] 
4408.871: [GC (GCLocker Initiated GC) [PSYoungGen: 448704K->143040K(520192K)] 1571838K->1369937K(1918464K), 0.0531118 secs] [Times: user=0.31 sys=0.00, real=0.05 secs] 
4410.484: [GC (Allocation Failure) [PSYoungGen: 486080K->105920K(520192K)] 1712979K->1467403K(1918464K), 0.0914088 secs] [Times: user=0.55 sys=0.01, real=0.09 secs] 
4410.576: [Full GC (Ergonomics) [PSYoungGen: 105920K->0K(520192K)] [ParOldGen: 1361483K->33338K(1398272K)] 1467403K->33338K(1918464K), [Metaspace: 60468K->60468K(1105920K)], 0.0616110 secs] [Times: user=0.22 sys=0.00, real=0.06 secs] 
4411.464: [GC (Allocation Failure) [PSYoungGen: 343040K->142080K(520192K)] 376378K->175418K(1918464K), 0.0286333 secs] [Times: user=0.17 sys=0.00, real=0.03 secs] 
4413.020: [GC (Allocation Failure) [PSYoungGen: 485120K->107936K(518656K)] 518458K->274358K(1916928K), 0.1057715 secs] [Times: user=0.63 sys=0.00, real=0.10 secs] 
4414.540: [GC (Allocation Failure) [PSYoungGen: 451488K->140384K(519680K)] 617910K->411787K(1917952K), 0.0522841 secs] [Times: user=0.31 sys=0.00, real=0.05 secs] 
4416.135: [GC (GCLocker Initiated GC) [PSYoungGen: 483936K->107712K(519680K)] 755340K->510076K(1917952K), 0.1210426 secs] [Times: user=0.72 sys=0.00, real=0.12 secs] 
4417.077: [GC (Allocation Failure) [PSYoungGen: 453312K->150368K(496128K)] 855715K->657904K(1894400K), 0.0527285 secs] [Times: user=0.31 sys=0.00, real=0.06 secs] 
4418.451: [GC (Allocation Failure) [PSYoungGen: 495968K->109472K(521728K)] 1003504K->750136K(1920000K), 0.0639475 secs] [Times: user=0.38 sys=0.00, real=0.06 secs] 
4419.370: [GC (Allocation Failure) [PSYoungGen: 451488K->139872K(519168K)] 1092152K->887141K(1917440K), 0.0532666 secs] [Times: user=0.31 sys=0.00, real=0.05 secs] 
4420.981: [GC (Allocation Failure) [PSYoungGen: 481888K->108608K(519680K)] 1229157K->986153K(1917952K), 0.0713351 secs] [Times: user=0.42 sys=0.00, real=0.07 secs] 
4422.599: [GC (Allocation Failure) [PSYoungGen: 452672K->148352K(519680K)] 1330217K->1131982K(1917952K), 0.0537147 secs] [Times: user=0.32 sys=0.00, real=0.05 secs] 
4424.203: [GC (Allocation Failure) [PSYoungGen: 492416K->110592K(520704K)] 1476046K->1224830K(1918976K), 0.0937993 secs] [Times: user=0.55 sys=0.01, real=0.09 secs] 
4425.008: [GC (Allocation Failure) [PSYoungGen: 453632K->140256K(519680K)] 1567870K->1362963K(1917952K), 0.0541679 secs] [Times: user=0.32 sys=0.00, real=0.06 secs] 
4426.339: [GC (Allocation Failure) [PSYoungGen: 483296K->108672K(518656K)] 1706003K->1462411K(1916928K), 0.0665990 secs] [Times: user=0.39 sys=0.00, real=0.06 secs] 
4426.406: [Full GC (Ergonomics) [PSYoungGen: 108672K->0K(518656K)] [ParOldGen: 1353738K->28229K(1398272K)] 1462411K->28229K(1916928K), [Metaspace: 60468K->60468K(1105920K)], 0.0523382 secs] [Times: user=0.18 sys=0.00, real=0.05 secs] 
4427.287: [GC (Allocation Failure) [PSYoungGen: 345088K->141344K(520192K)] 373317K->169573K(1918464K), 0.0277374 secs] [Times: user=0.17 sys=0.00, real=0.03 secs] 
4428.774: [GC (Allocation Failure) [PSYoungGen: 486432K->109056K(521728K)] 514661K->269129K(1920000K), 0.0678398 secs] [Times: user=0.40 sys=0.00, real=0.07 secs] 
4430.408: [GC (Allocation Failure) [PSYoungGen: 456704K->150912K(498688K)] 616777K->417400K(1896960K), 0.0527171 secs] [Times: user=0.31 sys=0.00, real=0.06 secs] 
4431.818: [GC (GCLocker Initiated GC) [PSYoungGen: 498560K->109984K(521728K)] 765050K->509814K(1920000K), 0.0646276 secs] [Times: user=0.38 sys=0.00, real=0.07 secs] 
4432.453: [GC (Allocation Failure) [PSYoungGen: 452512K->141856K(519680K)] 852343K->649630K(1917952K), 0.0531818 secs] [Times: user=0.32 sys=0.00, real=0.05 secs] 
4433.935: [GC (GCLocker Initiated GC) [PSYoungGen: 484384K->108704K(520192K)] 992158K->749078K(1918464K), 0.0644478 secs] [Times: user=0.38 sys=0.00, real=0.07 secs] 
4434.808: [GC (Allocation Failure) [PSYoungGen: 452768K->140736K(520192K)] 1093145K->887046K(1918464K), 0.0527721 secs] [Times: user=0.30 sys=0.00, real=0.06 secs] 
4436.509: [GC (Allocation Failure) [PSYoungGen: 484800K->110208K(519168K)] 1231110K->987630K(1917440K), 0.0889833 secs] [Times: user=0.53 sys=0.01, real=0.08 secs] 
4437.850: [GC (Allocation Failure) [PSYoungGen: 456320K->141728K(520704K)] 1333742K->1126243K(1918976K), 0.0540606 secs] [Times: user=0.32 sys=0.00, real=0.05 secs] 
4439.382: [GC (Allocation Failure) [PSYoungGen: 487840K->110464K(521216K)] 1472355K->1227275K(1919488K), 0.1055571 secs] [Times: user=0.63 sys=0.00, real=0.10 secs] 
4440.139: [GC (Allocation Failure) [PSYoungGen: 459136K->146112K(522240K)] 1575947K->1371204K(1920512K), 0.0549796 secs] [Times: user=0.33 sys=0.01, real=0.05 secs] 
4441.608: [GC (Allocation Failure) [PSYoungGen: 494784K->107744K(523776K)] 1719876K->1470188K(1922048K), 0.1131948 secs] [Times: user=0.68 sys=0.00, real=0.12 secs] 
4441.721: [Full GC (Ergonomics) [PSYoungGen: 107744K->0K(523776K)] [ParOldGen: 1362444K->36088K(1398272K)] 1470188K->36088K(1922048K), [Metaspace: 60468K->60468K(1105920K)], 0.0927749 secs] [Times: user=0.37 sys=0.01, real=0.09 secs] 
4442.669: [GC (Allocation Failure) [PSYoungGen: 347136K->145344K(492544K)] 383224K->181432K(1890816K), 0.0289019 secs] [Times: user=0.17 sys=0.00, real=0.02 secs] 
4445.021: [GC (Allocation Failure) [PSYoungGen: 492480K->106464K(522752K)] 528568K->278904K(1921024K), 0.1469437 secs] [Times: user=0.87 sys=0.01, real=0.14 secs] 
4445.791: [GC (Allocation Failure) [PSYoungGen: 451552K->143968K(521216K)] 623992K->420740K(1919488K), 0.0520867 secs] [Times: user=0.30 sys=0.01, real=0.05 secs] 
4447.597: [GC (GCLocker Initiated GC) [PSYoungGen: 489056K->108640K(521216K)] 765828K->520308K(1919488K), 0.1135994 secs] [Times: user=0.67 sys=0.00, real=0.12 secs] 
4448.318: [GC (Allocation Failure) [PSYoungGen: 453728K->142848K(521216K)] 865399K->660524K(1919488K), 0.0526027 secs] [Times: user=0.31 sys=0.00, real=0.06 secs] 
4449.670: [GC (Allocation Failure) [PSYoungGen: 487936K->105888K(521216K)] 1005612K->757276K(1919488K), 0.0679403 secs] [Times: user=0.41 sys=0.00, real=0.06 secs] 
4450.261: [GC (Allocation Failure) [PSYoungGen: 450976K->143744K(521216K)] 1102364K->898320K(1919488K), 0.0517697 secs] [Times: user=0.30 sys=0.00, real=0.05 secs] 
4452.749: [GC (Allocation Failure) [PSYoungGen: 488832K->107968K(521216K)] 1243408K->996849K(1919488K), 0.1439002 secs] [Times: user=0.85 sys=0.00, real=0.15 secs] 
4454.068: [GC (GCLocker Initiated GC) [PSYoungGen: 453056K->141248K(521216K)] 1341937K->1135721K(1919488K), 0.0846666 secs] [Times: user=0.50 sys=0.00, real=0.09 secs] 
4456.137: [GC (Allocation Failure) [PSYoungGen: 486336K->105664K(520704K)] 1480812K->1232916K(1918976K), 0.0912485 secs] [Times: user=0.54 sys=0.00, real=0.09 secs] 
4457.176: [GC (Allocation Failure) [PSYoungGen: 451264K->141984K(521216K)] 1578516K->1372040K(1919488K), 0.0524073 secs] [Times: user=0.31 sys=0.00, real=0.05 secs] 
4458.873: [GC (Allocation Failure) [PSYoungGen: 487584K->108736K(519680K)] 1717640K->1471369K(1917952K), 0.0866522 secs] [Times: user=0.51 sys=0.00, real=0.09 secs] 
4458.959: [Full GC (Ergonomics) [PSYoungGen: 108736K->0K(519680K)] [ParOldGen: 1362633K->35881K(1398272K)] 1471369K->35881K(1917952K), [Metaspace: 60468K->60468K(1105920K)], 0.0666530 secs] [Times: user=0.24 sys=0.00, real=0.06 secs] 
4460.379: [GC (Allocation Failure) [PSYoungGen: 346112K->141504K(520704K)] 381993K->177385K(1918976K), 0.0281686 secs] [Times: user=0.17 sys=0.00, real=0.02 secs] 
4462.214: [GC (GCLocker Initiated GC) [PSYoungGen: 487616K->110176K(521728K)] 523498K->278182K(1920000K), 0.1299012 secs] [Times: user=0.77 sys=0.00, real=0.13 secs] 
4463.095: [GC (Allocation Failure) [PSYoungGen: 458336K->143712K(522240K)] 626344K->420112K(1920512K), 0.0568028 secs] [Times: user=0.34 sys=0.00, real=0.06 secs] 
4464.797: [GC (Allocation Failure) [PSYoungGen: 491872K->108352K(522752K)] 768272K->519961K(1921024K), 0.0780243 secs] [Times: user=0.46 sys=0.00, real=0.08 secs] 
4465.772: [GC (Allocation Failure) [PSYoungGen: 457024K->144064K(493056K)] 868633K->660573K(1891328K), 0.0525757 secs] [Times: user=0.30 sys=0.00, real=0.05 secs] 
4467.324: [GC (Allocation Failure) [PSYoungGen: 492736K->110528K(524800K)] 1009245K->762033K(1923072K), 0.0906596 secs] [Times: user=0.53 sys=0.00, real=0.09 secs] 
4468.318: [GC (GCLocker Initiated GC) [PSYoungGen: 458688K->145504K(494080K)] 1110194K->903519K(1892352K), 0.0531319 secs] [Times: user=0.31 sys=0.00, real=0.06 secs] 
4470.308: [GC (Allocation Failure) [PSYoungGen: 493664K->107968K(523776K)] 1251681K->1002177K(1922048K), 0.0935735 secs] [Times: user=0.55 sys=0.00, real=0.10 secs] 
4471.028: [GC (GCLocker Initiated GC) [PSYoungGen: 454592K->147328K(494080K)] 1348801K->1146554K(1892352K), 0.0529148 secs] [Times: user=0.31 sys=0.01, real=0.06 secs] 
4472.548: [GC (GCLocker Initiated GC) [PSYoungGen: 493952K->104704K(521728K)] 1493180K->1242852K(1920000K), 0.0667879 secs] [Times: user=0.40 sys=0.00, real=0.07 secs] 
4473.449: [GC (Allocation Failure) [PSYoungGen: 448256K->154688K(498688K)] 1586443K->1393048K(1896960K), 0.0518874 secs] [Times: user=0.30 sys=0.00, real=0.05 secs] 
4473.501: [Full GC (Ergonomics) [PSYoungGen: 154688K->0K(498688K)] [ParOldGen: 1238360K->188598K(1398272K)] 1393048K->188598K(1896960K), [Metaspace: 60468K->60468K(1105920K)], 0.4587021 secs] [Times: user=2.14 sys=0.00, real=0.46 secs] 
4475.789: [GC (Allocation Failure) [PSYoungGen: 343552K->104032K(517120K)] 532150K->292630K(1915392K), 0.0706491 secs] [Times: user=0.42 sys=0.00, real=0.07 secs] 
4476.501: [GC (Allocation Failure) [PSYoungGen: 438368K->141568K(516096K)] 626966K->429647K(1914368K), 0.0501182 secs] [Times: user=0.29 sys=0.01, real=0.05 secs] 
4478.404: [GC (Allocation Failure) [PSYoungGen: 475904K->103488K(516096K)] 763983K->523887K(1914368K), 0.1185111 secs] [Times: user=0.70 sys=0.01, real=0.12 secs] 
4479.348: [GC (GCLocker Initiated GC) [PSYoungGen: 438848K->140000K(516096K)] 859247K->660982K(1914368K), 0.0510646 secs] [Times: user=0.30 sys=0.00, real=0.06 secs] 
4480.656: [GC (Allocation Failure) [PSYoungGen: 475360K->103648K(515072K)] 996344K->755617K(1913344K), 0.0641916 secs] [Times: user=0.38 sys=0.00, real=0.07 secs] 
4481.316: [GC (Allocation Failure) [PSYoungGen: 441056K->140160K(516608K)] 1093025K->893093K(1914880K), 0.0518127 secs] [Times: user=0.31 sys=0.00, real=0.05 secs] 
4483.119: [GC (Allocation Failure) [PSYoungGen: 477568K->106176K(516096K)] 1230501K->989609K(1914368K), 0.1473436 secs] [Times: user=0.88 sys=0.00, real=0.14 secs] 
4484.854: [GC (Allocation Failure) [PSYoungGen: 446144K->137600K(517632K)] 1329577K->1124590K(1915904K), 0.0530196 secs] [Times: user=0.31 sys=0.00, real=0.05 secs] 
4486.206: [GC (Allocation Failure) [PSYoungGen: 477568K->109248K(515584K)] 1464558K->1224346K(1913856K), 0.0676119 secs] [Times: user=0.40 sys=0.00, real=0.07 secs] 
4487.291: [GC (Allocation Failure) [PSYoungGen: 453312K->139840K(518656K)] 1568410K->1361895K(1916928K), 0.0542939 secs] [Times: user=0.31 sys=0.01, real=0.05 secs] 
4488.605: [GC (GCLocker Initiated GC) [PSYoungGen: 483904K->108288K(521216K)] 1705960K->1460696K(1919488K), 0.0656533 secs] [Times: user=0.39 sys=0.00, real=0.07 secs] 
4488.671: [Full GC (Ergonomics) [PSYoungGen: 108288K->0K(521216K)] [ParOldGen: 1352408K->21893K(1398272K)] 1460696K->21893K(1919488K), [Metaspace: 60484K->60484K(1105920K)], 0.0305709 secs] [Times: user=0.08 sys=0.00, real=0.03 secs] 
4489.601: [GC (Allocation Failure) [PSYoungGen: 348672K->149280K(498176K)] 370567K->171175K(1896448K), 0.0283012 secs] [Times: user=0.17 sys=0.00, real=0.03 secs] 
4491.437: [GC (Allocation Failure) [PSYoungGen: 497952K->111328K(523264K)] 519847K->264727K(1921536K), 0.1483474 secs] [Times: user=0.88 sys=0.00, real=0.15 secs] 
4492.859: [GC (Allocation Failure) [PSYoungGen: 456416K->140960K(520704K)] 609815K->403332K(1918976K), 0.0535824 secs] [Times: user=0.32 sys=0.00, real=0.06 secs] 
4494.261: [GC (Allocation Failure) [PSYoungGen: 486048K->111232K(519680K)] 748420K->505100K(1917952K), 0.0676075 secs] [Times: user=0.40 sys=0.00, real=0.06 secs] 
4495.277: [GC (Allocation Failure) [PSYoungGen: 457856K->141792K(520704K)] 851724K->644689K(1918976K), 0.0534538 secs] [Times: user=0.31 sys=0.00, real=0.06 secs] 
4496.731: [GC (Allocation Failure) [PSYoungGen: 488416K->108576K(522240K)] 991313K->744249K(1920512K), 0.0748791 secs] [Times: user=0.44 sys=0.01, real=0.07 secs] 
4497.853: [GC (Allocation Failure) [PSYoungGen: 457760K->143040K(522752K)] 1093433K->885126K(1921024K), 0.0530927 secs] [Times: user=0.31 sys=0.00, real=0.05 secs] 
4499.373: [GC (Allocation Failure) [PSYoungGen: 492224K->111328K(522240K)] 1234310K->987014K(1920512K), 0.0750163 secs] [Times: user=0.44 sys=0.00, real=0.07 secs] 
4501.306: [GC (Allocation Failure) [PSYoungGen: 461024K->142304K(522752K)] 1336710K->1126323K(1921024K), 0.0540079 secs] [Times: user=0.32 sys=0.00, real=0.06 secs] 
4502.657: [GC (Allocation Failure) [PSYoungGen: 492000K->112000K(523264K)] 1476019K->1228879K(1921536K), 0.0908807 secs] [Times: user=0.54 sys=0.01, real=0.09 secs] 
4503.395: [GC (Allocation Failure) [PSYoungGen: 463232K->147744K(499200K)] 1580111K->1373667K(1897472K), 0.0550648 secs] [Times: user=0.32 sys=0.00, real=0.06 secs] 
4504.887: [GC (Allocation Failure) [PSYoungGen: 498976K->108192K(524288K)] 1724899K->1472923K(1922560K), 0.0674912 secs] [Times: user=0.39 sys=0.01, real=0.07 secs] 
4504.954: [Full GC (Ergonomics) [PSYoungGen: 108192K->0K(524288K)] [ParOldGen: 1364731K->40060K(1398272K)] 1472923K->40060K(1922560K), [Metaspace: 60491K->60491K(1105920K)], 0.0856502 secs] [Times: user=0.32 sys=0.00, real=0.09 secs] 
4505.887: [GC (Allocation Failure) [PSYoungGen: 348160K->144768K(493056K)] 388220K->184828K(1891328K), 0.0284153 secs] [Times: user=0.16 sys=0.00, real=0.03 secs] 
4507.472: [GC (GCLocker Initiated GC) [PSYoungGen: 492928K->107808K(523776K)] 532989K->283173K(1922048K), 0.0876682 secs] [Times: user=0.52 sys=0.00, real=0.09 secs] 
4508.455: [GC (Allocation Failure) [PSYoungGen: 454944K->146112K(493568K)] 630379K->425320K(1891840K), 0.0522836 secs] [Times: user=0.30 sys=0.00, real=0.05 secs] 
4510.020: [GC (Allocation Failure) [PSYoungGen: 493248K->109248K(522752K)] 772456K->525500K(1921024K), 0.1159392 secs] [Times: user=0.69 sys=0.00, real=0.11 secs] 
4510.786: [GC (Allocation Failure) [PSYoungGen: 453824K->146720K(491520K)] 870076K->668481K(1889792K), 0.0525137 secs] [Times: user=0.31 sys=0.00, real=0.06 secs] 
4512.369: [GC (Allocation Failure) [PSYoungGen: 491296K->103200K(521216K)] 1013057K->762777K(1919488K), 0.0667826 secs] [Times: user=0.39 sys=0.01, real=0.06 secs] 
4512.900: [GC (Allocation Failure) [PSYoungGen: 445728K->146016K(488960K)] 1105305K->904858K(1887232K), 0.0506591 secs] [Times: user=0.30 sys=0.00, real=0.05 secs] 
4515.150: [GC (GCLocker Initiated GC) [PSYoungGen: 488544K->102816K(519680K)] 1247386K->998810K(1917952K), 0.1558977 secs] [Times: user=0.92 sys=0.01, real=0.15 secs] 
4516.814: [GC (Allocation Failure) [PSYoungGen: 442272K->142656K(518656K)] 1338269K->1137034K(1916928K), 0.0511811 secs] [Times: user=0.30 sys=0.00, real=0.05 secs] 
4518.139: [GC (Allocation Failure) [PSYoungGen: 482112K->107264K(516608K)] 1476490K->1235054K(1914880K), 0.0926167 secs] [Times: user=0.55 sys=0.00, real=0.09 secs] 
4519.075: [GC (Allocation Failure) [PSYoungGen: 446720K->140352K(517632K)] 1574510K->1372675K(1915904K), 0.0531543 secs] [Times: user=0.32 sys=0.00, real=0.05 secs] 
4519.128: [Full GC (Ergonomics) [PSYoungGen: 140352K->0K(517632K)] [ParOldGen: 1232323K->177249K(1398272K)] 1372675K->177249K(1915904K), [Metaspace: 60491K->60491K(1105920K)], 0.4186318 secs] [Times: user=1.93 sys=0.00, real=0.42 secs] 
4520.810: [GC (GCLocker Initiated GC) [PSYoungGen: 339456K->103232K(519168K)] 516705K->280482K(1917440K), 0.0384169 secs] [Times: user=0.21 sys=0.00, real=0.04 secs] 
4522.213: [GC (Allocation Failure) [PSYoungGen: 445248K->139872K(519680K)] 622500K->417329K(1917952K), 0.0515450 secs] [Times: user=0.30 sys=0.01, real=0.05 secs] 
4524.010: [GC (Allocation Failure) [PSYoungGen: 481888K->108704K(516608K)] 759345K->516145K(1914880K), 0.1333917 secs] [Times: user=0.79 sys=0.01, real=0.13 secs] 
4525.226: [GC (Allocation Failure) [PSYoungGen: 451744K->142272K(518656K)] 859185K->655694K(1916928K), 0.0527140 secs] [Times: user=0.31 sys=0.00, real=0.06 secs] 
4526.856: [GC (Allocation Failure) [PSYoungGen: 485312K->107264K(520704K)] 998734K->753918K(1918976K), 0.0651360 secs] [Times: user=0.39 sys=0.00, real=0.07 secs] 
4527.769: [GC (Allocation Failure) [PSYoungGen: 453376K->142528K(521216K)] 1100030K->893507K(1919488K), 0.0531246 secs] [Times: user=0.31 sys=0.00, real=0.05 secs] 
4529.287: [GC (Allocation Failure) [PSYoungGen: 488640K->109728K(520704K)] 1239619K->993747K(1918976K), 0.0711537 secs] [Times: user=0.42 sys=0.00, real=0.07 secs] 
4531.160: [GC (Allocation Failure) [PSYoungGen: 456352K->141792K(521216K)] 1340371K->1132816K(1919488K), 0.0532059 secs] [Times: user=0.31 sys=0.00, real=0.05 secs] 
4532.728: [GC (GCLocker Initiated GC) [PSYoungGen: 488416K->110656K(520704K)] 1479440K->1234184K(1918976K), 0.1026255 secs] [Times: user=0.61 sys=0.00, real=0.11 secs] 
4534.028: [GC (Allocation Failure) [PSYoungGen: 458816K->143968K(521728K)] 1582415K->1375499K(1920000K), 0.0543082 secs] [Times: user=0.32 sys=0.00, real=0.06 secs] 
4535.438: [GC (Allocation Failure) [PSYoungGen: 492128K->109312K(523264K)] 1723659K->1475908K(1921536K), 0.0660836 secs] [Times: user=0.39 sys=0.01, real=0.07 secs] 
4535.504: [Full GC (Ergonomics) [PSYoungGen: 109312K->0K(523264K)] [ParOldGen: 1366595K->36598K(1398272K)] 1475908K->36598K(1921536K), [Metaspace: 60491K->60491K(1105920K)], 0.0694292 secs] [Times: user=0.26 sys=0.00, real=0.07 secs] 
4536.736: [GC (Allocation Failure) [PSYoungGen: 348672K->144064K(522752K)] 385270K->180662K(1921024K), 0.0285768 secs] [Times: user=0.17 sys=0.00, real=0.03 secs] 
4538.284: [GC (Allocation Failure) [PSYoungGen: 492736K->109248K(523264K)] 529334K->280894K(1921536K), 0.0948009 secs] [Times: user=0.57 sys=0.00, real=0.10 secs] 
4540.189: [GC (Allocation Failure) [PSYoungGen: 457408K->142752K(522752K)] 629054K->421003K(1921024K), 0.0527511 secs] [Times: user=0.31 sys=0.00, real=0.05 secs] 
4541.570: [GC (Allocation Failure) [PSYoungGen: 490912K->109312K(521728K)] 769163K->520927K(1920000K), 0.0923084 secs] [Times: user=0.55 sys=0.00, real=0.09 secs] 
4542.704: [GC (Allocation Failure) [PSYoungGen: 457472K->155360K(503808K)] 869087K->672619K(1902080K), 0.0540900 secs] [Times: user=0.32 sys=0.00, real=0.05 secs] 
4544.177: [GC (GCLocker Initiated GC) [PSYoungGen: 503520K->107200K(520192K)] 1020779K->762971K(1918464K), 0.1027285 secs] [Times: user=0.61 sys=0.01, real=0.11 secs] 
4545.057: [GC (Allocation Failure) [PSYoungGen: 447168K->142560K(518656K)] 1103009K->901174K(1916928K), 0.0521296 secs] [Times: user=0.31 sys=0.00, real=0.06 secs] 
4546.882: [GC (Allocation Failure) [PSYoungGen: 482528K->105856K(518144K)] 1241142K->998134K(1916416K), 0.1131665 secs] [Times: user=0.67 sys=0.00, real=0.11 secs] 
4547.609: [GC (Allocation Failure) [PSYoungGen: 446336K->144704K(518656K)] 1338614K->1139620K(1916928K), 0.0528545 secs] [Times: user=0.31 sys=0.01, real=0.05 secs] 
4551.110: [GC (Allocation Failure) [PSYoungGen: 485184K->101440K(519680K)] 1480100K->1232340K(1917952K), 0.0747054 secs] [Times: user=0.44 sys=0.00, real=0.07 secs] 
4552.218: [GC (Allocation Failure) [PSYoungGen: 440896K->139232K(518656K)] 1571796K->1368497K(1916928K), 0.0509114 secs] [Times: user=0.30 sys=0.01, real=0.05 secs] 
4552.269: [Full GC (Ergonomics) [PSYoungGen: 139232K->0K(518656K)] [ParOldGen: 1229265K->172775K(1398272K)] 1368497K->172775K(1916928K), [Metaspace: 60492K->60492K(1105920K)], 0.4202949 secs] [Times: user=1.96 sys=0.00, real=0.43 secs] 
4554.238: [GC (Allocation Failure) [PSYoungGen: 339456K->106880K(516608K)] 512231K->279655K(1914880K), 0.0929958 secs] [Times: user=0.55 sys=0.00, real=0.10 secs] 
4555.586: [GC (Allocation Failure) [PSYoungGen: 447360K->140704K(517632K)] 620135K->418388K(1915904K), 0.0531961 secs] [Times: user=0.32 sys=0.00, real=0.06 secs] 
4557.586: [GC (Allocation Failure) [PSYoungGen: 481184K->105824K(518656K)] 758868K->515284K(1916928K), 0.0810378 secs] [Times: user=0.48 sys=0.00, real=0.08 secs] 
4559.044: [GC (Allocation Failure) [PSYoungGen: 449376K->138432K(519680K)] 858836K->651657K(1917952K), 0.0517798 secs] [Times: user=0.31 sys=0.00, real=0.05 secs] 
4560.967: [GC (Allocation Failure) [PSYoungGen: 481984K->108832K(518144K)] 995209K->751185K(1916416K), 0.0646264 secs] [Times: user=0.38 sys=0.01, real=0.07 secs] 
4561.920: [GC (Allocation Failure) [PSYoungGen: 454944K->141728K(520192K)] 1097297K->890422K(1918464K), 0.0530969 secs] [Times: user=0.31 sys=0.00, real=0.05 secs] 
4563.628: [GC (GCLocker Initiated GC) [PSYoungGen: 487840K->111168K(521216K)] 1236538K->992034K(1919488K), 0.1665646 secs] [Times: user=0.99 sys=0.00, real=0.17 secs] 
4564.874: [GC (Allocation Failure) [PSYoungGen: 460352K->143584K(522240K)] 1341221K->1133684K(1920512K), 0.0546980 secs] [Times: user=0.32 sys=0.00, real=0.06 secs] 
4566.495: [GC (Allocation Failure) [PSYoungGen: 492768K->110016K(523776K)] 1482868K->1234332K(1922048K), 0.0950395 secs] [Times: user=0.56 sys=0.00, real=0.10 secs] 
4567.543: [GC (Allocation Failure) [PSYoungGen: 459712K->144800K(494592K)] 1584028K->1377328K(1892864K), 0.0546728 secs] [Times: user=0.32 sys=0.00, real=0.05 secs] 
4570.006: [GC (GCLocker Initiated GC) [PSYoungGen: 494496K->107040K(524288K)] 1727024K->1475696K(1922560K), 0.0987366 secs] [Times: user=0.59 sys=0.01, real=0.10 secs] 
4570.105: [Full GC (Ergonomics) [PSYoungGen: 107040K->0K(524288K)] [ParOldGen: 1368656K->35416K(1398272K)] 1475696K->35416K(1922560K), [Metaspace: 60492K->60492K(1105920K)], 0.0691807 secs] [Times: user=0.26 sys=0.00, real=0.07 secs] 
4571.112: [GC (Allocation Failure) [PSYoungGen: 348160K->144608K(493056K)] 383646K->180095K(1891328K), 0.0287897 secs] [Times: user=0.17 sys=0.00, real=0.03 secs] 
4572.738: [GC (Allocation Failure) [PSYoungGen: 492768K->111072K(524288K)] 528255K->281815K(1922560K), 0.0779446 secs] [Times: user=0.46 sys=0.00, real=0.08 secs] 
4574.056: [GC (Allocation Failure) [PSYoungGen: 458720K->142560K(522240K)] 629463K->421571K(1920512K), 0.0531623 secs] [Times: user=0.31 sys=0.00, real=0.06 secs] 
4575.476: [GC (Allocation Failure) [PSYoungGen: 490208K->110464K(521728K)] 769219K->522655K(1920000K), 0.0775769 secs] [Times: user=0.46 sys=0.00, real=0.08 secs] 
4576.327: [GC (Allocation Failure) [PSYoungGen: 458624K->147360K(495616K)] 870815K->666532K(1893888K), 0.0533471 secs] [Times: user=0.31 sys=0.00, real=0.06 secs] 
4577.763: [GC (GCLocker Initiated GC) [PSYoungGen: 495520K->107008K(523264K)] 1014693K->764685K(1921536K), 0.0910007 secs] [Times: user=0.54 sys=0.00, real=0.09 secs] 
4578.783: [GC (Allocation Failure) [PSYoungGen: 453120K->145504K(492032K)] 1110804K->906481K(1890304K), 0.0520043 secs] [Times: user=0.30 sys=0.00, real=0.05 secs] 
4580.862: [GC (Allocation Failure) [PSYoungGen: 491616K->105504K(522240K)] 1252593K->1003049K(1920512K), 0.1135903 secs] [Times: user=0.67 sys=0.01, real=0.11 secs] 
4581.863: [GC (Allocation Failure) [PSYoungGen: 449568K->146592K(491008K)] 1347113K->1145938K(1889280K), 0.0518915 secs] [Times: user=0.31 sys=0.00, real=0.05 secs] 
4584.327: [GC (Allocation Failure) [PSYoungGen: 490656K->105952K(520704K)] 1490002K->1243446K(1918976K), 0.1289209 secs] [Times: user=0.76 sys=0.00, real=0.13 secs] 
4585.113: [GC (Allocation Failure) [PSYoungGen: 446944K->145504K(486912K)] 1584438K->1385107K(1885184K), 0.0518527 secs] [Times: user=0.31 sys=0.00, real=0.05 secs] 
4585.165: [Full GC (Ergonomics) [PSYoungGen: 145504K->0K(486912K)] [ParOldGen: 1239602K->187607K(1398272K)] 1385107K->187607K(1885184K), [Metaspace: 60492K->60492K(1105920K)], 0.4540997 secs] [Times: user=2.12 sys=0.00, real=0.46 secs] 
4586.881: [GC (Allocation Failure) [PSYoungGen: 340992K->100576K(519168K)] 528599K->288183K(1917440K), 0.0435638 secs] [Times: user=0.25 sys=0.00, real=0.04 secs] 
4587.727: [GC (Allocation Failure) [PSYoungGen: 439520K->142592K(481792K)] 627127K->426812K(1880064K), 0.0499590 secs] [Times: user=0.30 sys=0.00, real=0.05 secs] 
4590.049: [GC (Allocation Failure) [PSYoungGen: 481536K->104768K(519680K)] 765756K->522208K(1917952K), 0.1519548 secs] [Times: user=0.90 sys=0.01, real=0.16 secs] 
4590.910: [GC (Allocation Failure) [PSYoungGen: 443712K->138944K(518144K)] 861152K->658593K(1916416K), 0.0511617 secs] [Times: user=0.30 sys=0.01, real=0.05 secs] 
4592.984: [GC (Allocation Failure) [PSYoungGen: 477888K->103744K(518144K)] 997537K->753329K(1916416K), 0.0635003 secs] [Times: user=0.37 sys=0.00, real=0.06 secs] 
4593.742: [GC (Allocation Failure) [PSYoungGen: 444224K->140896K(518144K)] 1093809K->891358K(1916416K), 0.0518626 secs] [Times: user=0.30 sys=0.00, real=0.05 secs] 
4595.104: [GC (Allocation Failure) [PSYoungGen: 481376K->106240K(518144K)] 1231838K->988094K(1916416K), 0.0651315 secs] [Times: user=0.39 sys=0.00, real=0.07 secs] 
4595.975: [GC (Allocation Failure) [PSYoungGen: 448768K->140512K(519168K)] 1330622K->1126479K(1917440K), 0.0526400 secs] [Times: user=0.31 sys=0.01, real=0.05 secs] 
4597.646: [GC (Allocation Failure) [PSYoungGen: 483040K->108992K(518144K)] 1469007K->1226087K(1916416K), 0.0997458 secs] [Times: user=0.60 sys=0.00, real=0.10 secs] 
4599.120: [GC (Allocation Failure) [PSYoungGen: 453568K->139904K(519680K)] 1570663K->1364275K(1917952K), 0.0538006 secs] [Times: user=0.32 sys=0.00, real=0.05 secs] 
4600.478: [GC (GCLocker Initiated GC) [PSYoungGen: 484480K->110368K(519680K)] 1708852K->1465940K(1917952K), 0.0657646 secs] [Times: user=0.39 sys=0.00, real=0.07 secs] 
4600.544: [Full GC (Ergonomics) [PSYoungGen: 110368K->0K(519680K)] [ParOldGen: 1355572K->26888K(1398272K)] 1465940K->26888K(1917952K), [Metaspace: 60492K->60492K(1105920K)], 0.0477009 secs] [Times: user=0.16 sys=0.00, real=0.05 secs] 
4601.210: [GC (Allocation Failure) [PSYoungGen: 347648K->144256K(521216K)] 374539K->171147K(1919488K), 0.0286054 secs] [Times: user=0.17 sys=0.00, real=0.02 secs] 
4602.691: [GC (Allocation Failure) [PSYoungGen: 491904K->107872K(523264K)] 518795K->269899K(1921536K), 0.0743121 secs] [Times: user=0.44 sys=0.00, real=0.07 secs] 
4603.625: [GC (Allocation Failure) [PSYoungGen: 456544K->145568K(494592K)] 618571K->413068K(1892864K), 0.0532098 secs] [Times: user=0.31 sys=0.00, real=0.05 secs] 
4605.930: [GC (Allocation Failure) [PSYoungGen: 494240K->109088K(523776K)] 761740K->513236K(1922048K), 0.1199220 secs] [Times: user=0.71 sys=0.00, real=0.12 secs] 
4607.572: [GC (Allocation Failure) [PSYoungGen: 455712K->144608K(521728K)] 859860K->655181K(1920000K), 0.0535821 secs] [Times: user=0.32 sys=0.00, real=0.05 secs] 
4609.052: [GC (GCLocker Initiated GC) [PSYoungGen: 491232K->105600K(522240K)] 1001805K->752285K(1920512K), 0.0654963 secs] [Times: user=0.39 sys=0.00, real=0.06 secs] 
4610.092: [GC (Allocation Failure) [PSYoungGen: 451712K->144832K(491008K)] 1098468K->893884K(1889280K), 0.0526113 secs] [Times: user=0.31 sys=0.00, real=0.05 secs] 
4611.668: [GC (Allocation Failure) [PSYoungGen: 490944K->107648K(522752K)] 1239996K->992632K(1921024K), 0.1099593 secs] [Times: user=0.65 sys=0.00, real=0.11 secs] 
4613.090: [GC (Allocation Failure) [PSYoungGen: 452224K->141632K(520704K)] 1337208K->1131481K(1918976K), 0.0530289 secs] [Times: user=0.30 sys=0.00, real=0.05 secs] 
4614.926: [GC (Allocation Failure) [PSYoungGen: 486208K->106560K(520192K)] 1476057K->1228653K(1918464K), 0.1465457 secs] [Times: user=0.87 sys=0.00, real=0.15 secs] 
4616.145: [GC (Allocation Failure) [PSYoungGen: 451648K->144480K(520704K)] 1573741K->1370377K(1918976K), 0.0528156 secs] [Times: user=0.31 sys=0.00, real=0.05 secs] 
4617.995: [GC (Allocation Failure) [PSYoungGen: 489568K->105728K(521728K)] 1715465K->1467509K(1920000K), 0.0792559 secs] [Times: user=0.47 sys=0.00, real=0.08 secs] 
4618.075: [Full GC (Ergonomics) [PSYoungGen: 105728K->0K(521728K)] [ParOldGen: 1361781K->33577K(1398272K)] 1467509K->33577K(1920000K), [Metaspace: 60492K->60492K(1105920K)], 0.0624672 secs] [Times: user=0.22 sys=0.00, real=0.06 secs] 
4618.946: [GC (Allocation Failure) [PSYoungGen: 344064K->142560K(520704K)] 377641K->176137K(1918976K), 0.0285535 secs] [Times: user=0.16 sys=0.00, real=0.03 secs] 
4620.637: [GC (GCLocker Initiated GC) [PSYoungGen: 486624K->107040K(519680K)] 520201K->273729K(1917952K), 0.1483662 secs] [Times: user=0.88 sys=0.00, real=0.15 secs] 
4622.379: [GC (Allocation Failure) [PSYoungGen: 451104K->142080K(520192K)] 617796K->413497K(1918464K), 0.0520607 secs] [Times: user=0.30 sys=0.00, real=0.05 secs] 
4625.070: [GC (GCLocker Initiated GC) [PSYoungGen: 486144K->106048K(520192K)] 757561K->510666K(1918464K), 0.0680970 secs] [Times: user=0.40 sys=0.00, real=0.06 secs] 
4626.313: [GC (Allocation Failure) [PSYoungGen: 451136K->140896K(520704K)] 855792K->648837K(1918976K), 0.0519404 secs] [Times: user=0.30 sys=0.00, real=0.05 secs] 
4627.706: [GC (Allocation Failure) [PSYoungGen: 485984K->107712K(520704K)] 993925K->747325K(1918976K), 0.0704844 secs] [Times: user=0.42 sys=0.00, real=0.07 secs] 
4628.806: [GC (Allocation Failure) [PSYoungGen: 453824K->142080K(521216K)] 1093437K->886882K(1919488K), 0.0526083 secs] [Times: user=0.31 sys=0.00, real=0.05 secs] 
4630.370: [GC (Allocation Failure) [PSYoungGen: 488192K->110592K(520192K)] 1232994K->987950K(1918464K), 0.1102026 secs] [Times: user=0.65 sys=0.01, real=0.11 secs] 
4631.757: [GC (Allocation Failure) [PSYoungGen: 457728K->143328K(521216K)] 1335086K->1128651K(1919488K), 0.0539635 secs] [Times: user=0.32 sys=0.00, real=0.06 secs] 
4633.070: [GC (Allocation Failure) [PSYoungGen: 490464K->111168K(521728K)] 1475787K->1230843K(1920000K), 0.0661676 secs] [Times: user=0.39 sys=0.00, real=0.06 secs] 
4633.838: [GC (Allocation Failure) [PSYoungGen: 459840K->144160K(522240K)] 1579515K->1372352K(1920512K), 0.0542015 secs] [Times: user=0.32 sys=0.00, real=0.06 secs] 
4635.152: [GC (Allocation Failure) [PSYoungGen: 492832K->109504K(523264K)] 1721024K->1472768K(1921536K), 0.0649786 secs] [Times: user=0.38 sys=0.00, real=0.06 secs] 
4635.217: [Full GC (Ergonomics) [PSYoungGen: 109504K->0K(523264K)] [ParOldGen: 1363264K->39501K(1398272K)] 1472768K->39501K(1921536K), [Metaspace: 60492K->60492K(1105920K)], 0.0814195 secs] [Times: user=0.32 sys=0.00, real=0.09 secs] 
4635.959: [GC (Allocation Failure) [PSYoungGen: 348672K->144736K(493568K)] 388173K->184237K(1891840K), 0.0284764 secs] [Times: user=0.17 sys=0.00, real=0.02 secs] 
4638.726: [GC (GCLocker Initiated GC) [PSYoungGen: 493408K->108416K(524288K)] 532909K->283229K(1922560K), 0.1368861 secs] [Times: user=0.81 sys=0.00, real=0.14 secs] 
4639.720: [GC (Allocation Failure) [PSYoungGen: 456064K->146272K(494080K)] 630880K->426041K(1892352K), 0.0523799 secs] [Times: user=0.31 sys=0.00, real=0.05 secs] 
4641.439: [GC (GCLocker Initiated GC) [PSYoungGen: 493920K->107744K(522752K)] 773689K->524649K(1921024K), 0.0667252 secs] [Times: user=0.39 sys=0.00, real=0.07 secs] 
4642.443: [GC (Allocation Failure) [PSYoungGen: 452832K->142304K(521216K)] 869740K->662729K(1919488K), 0.0519856 secs] [Times: user=0.31 sys=0.01, real=0.05 secs] 
4643.850: [GC (Allocation Failure) [PSYoungGen: 487392K->110208K(519680K)] 1007817K->763321K(1917952K), 0.0655954 secs] [Times: user=0.38 sys=0.00, real=0.06 secs] 
4644.486: [GC (Allocation Failure) [PSYoungGen: 455808K->146112K(520704K)] 1108921K->905490K(1918976K), 0.0533031 secs] [Times: user=0.32 sys=0.00, real=0.06 secs] 
4646.832: [GC (Allocation Failure) [PSYoungGen: 491712K->103488K(522240K)] 1251090K->999594K(1920512K), 0.1340591 secs] [Times: user=0.80 sys=0.01, real=0.13 secs] 
4648.204: [GC (Allocation Failure) [PSYoungGen: 448064K->146208K(491008K)] 1344170K->1141717K(1889280K), 0.0519200 secs] [Times: user=0.30 sys=0.00, real=0.05 secs] 
4649.782: [GC (GCLocker Initiated GC) [PSYoungGen: 490784K->106080K(521216K)] 1486294K->1238830K(1919488K), 0.0721556 secs] [Times: user=0.42 sys=0.00, real=0.07 secs] 
4650.880: [GC (Allocation Failure) [PSYoungGen: 447584K->141792K(519168K)] 1580405K->1376166K(1917440K), 0.0523776 secs] [Times: user=0.31 sys=0.00, real=0.05 secs] 
4650.932: [Full GC (Ergonomics) [PSYoungGen: 141792K->0K(519168K)] [ParOldGen: 1234374K->179298K(1398272K)] 1376166K->179298K(1917440K), [Metaspace: 60492K->60492K(1105920K)], 0.4369786 secs] [Times: user=2.05 sys=0.00, real=0.44 secs] 
4653.386: [GC (GCLocker Initiated GC) [PSYoungGen: 341504K->103136K(520192K)] 520802K->282434K(1918464K), 0.0984217 secs] [Times: user=0.57 sys=0.00, real=0.10 secs] 
4655.064: [GC (Allocation Failure) [PSYoungGen: 445664K->142432K(485376K)] 624965K->421486K(1883648K), 0.0515802 secs] [Times: user=0.30 sys=0.00, real=0.05 secs] 
4656.746: [GC (Allocation Failure) [PSYoungGen: 484960K->109216K(522240K)] 764014K->521322K(1920512K), 0.1200546 secs] [Times: user=0.71 sys=0.01, real=0.12 secs] 
4658.092: [GC (Allocation Failure) [PSYoungGen: 452256K->140480K(519680K)] 864362K->658391K(1917952K), 0.0526035 secs] [Times: user=0.31 sys=0.00, real=0.05 secs] 
4659.467: [GC (Allocation Failure) [PSYoungGen: 483520K->109824K(520192K)] 1001431K->758987K(1918464K), 0.0754150 secs] [Times: user=0.45 sys=0.00, real=0.08 secs] 
4660.449: [GC (Allocation Failure) [PSYoungGen: 454912K->142624K(520192K)] 1104075K->898484K(1918464K), 0.0539015 secs] [Times: user=0.32 sys=0.00, real=0.05 secs] 
4662.082: [GC (Allocation Failure) [PSYoungGen: 487712K->109568K(521216K)] 1243572K->998796K(1919488K), 0.1218124 secs] [Times: user=0.72 sys=0.01, real=0.12 secs] 
4663.541: [GC (Allocation Failure) [PSYoungGen: 456704K->141536K(521728K)] 1345932K->1137297K(1920000K), 0.0532808 secs] [Times: user=0.32 sys=0.00, real=0.05 secs] 
4665.107: [GC (Allocation Failure) [PSYoungGen: 488672K->112384K(520192K)] 1484433K->1239873K(1918464K), 0.0705362 secs] [Times: user=0.41 sys=0.00, real=0.07 secs] 
4665.745: [GC (Allocation Failure) [PSYoungGen: 461056K->144416K(521728K)] 1588545K->1382054K(1920000K), 0.0558102 secs] [Times: user=0.32 sys=0.00, real=0.06 secs] 
4665.801: [Full GC (Ergonomics) [PSYoungGen: 144416K->0K(521728K)] [ParOldGen: 1237638K->180865K(1398272K)] 1382054K->180865K(1920000K), [Metaspace: 60492K->60492K(1105920K)], 0.4369047 secs] [Times: user=2.02 sys=0.00, real=0.43 secs] 
4667.468: [GC (Allocation Failure) [PSYoungGen: 348672K->112512K(523264K)] 529537K->293377K(1921536K), 0.0346366 secs] [Times: user=0.20 sys=0.00, real=0.04 secs] 
4668.169: [GC (Allocation Failure) [PSYoungGen: 462720K->149376K(499712K)] 643585K->436878K(1897984K), 0.0539013 secs] [Times: user=0.31 sys=0.00, real=0.05 secs] 
4670.131: [GC (Allocation Failure) [PSYoungGen: 499584K->106400K(522752K)] 787086K->534486K(1921024K), 0.1002165 secs] [Times: user=0.59 sys=0.00, real=0.10 secs] 
4670.907: [GC (Allocation Failure) [PSYoungGen: 452000K->146080K(492032K)] 880086K->676719K(1890304K), 0.0515007 secs] [Times: user=0.30 sys=0.01, real=0.05 secs] 
4672.901: [GC (Allocation Failure) [PSYoungGen: 491680K->107136K(521728K)] 1022319K->774775K(1920000K), 0.0961376 secs] [Times: user=0.57 sys=0.00, real=0.09 secs] 
4673.622: [GC (Allocation Failure) [PSYoungGen: 450176K->145728K(488960K)] 1117815K->916908K(1887232K), 0.0527188 secs] [Times: user=0.31 sys=0.00, real=0.05 secs] 
4675.192: [GC (Allocation Failure) [PSYoungGen: 488768K->107232K(521216K)] 1259948K->1015736K(1919488K), 0.0975526 secs] [Times: user=0.58 sys=0.00, real=0.10 secs] 
4676.050: [GC (Allocation Failure) [PSYoungGen: 449248K->141152K(519680K)] 1357752K->1152693K(1917952K), 0.0517548 secs] [Times: user=0.31 sys=0.00, real=0.05 secs] 
4678.126: [GC (Allocation Failure) [PSYoungGen: 483168K->105024K(520192K)] 1494709K->1248481K(1918464K), 0.1252853 secs] [Times: user=0.74 sys=0.01, real=0.13 secs] 
4679.154: [GC (Allocation Failure) [PSYoungGen: 448064K->145056K(488448K)] 1591521K->1389577K(1886720K), 0.0516005 secs] [Times: user=0.31 sys=0.00, real=0.05 secs] 
4679.206: [Full GC (Ergonomics) [PSYoungGen: 145056K->0K(488448K)] [ParOldGen: 1244521K->188261K(1398272K)] 1389577K->188261K(1886720K), [Metaspace: 60495K->60495K(1105920K)], 0.4546386 secs] [Times: user=2.12 sys=0.00, real=0.46 secs] 
4681.325: [GC (Allocation Failure) [PSYoungGen: 343040K->107360K(521728K)] 531301K->295621K(1920000K), 0.0714964 secs] [Times: user=0.42 sys=0.00, real=0.07 secs] 
4682.112: [GC (Allocation Failure) [PSYoungGen: 449888K->145344K(487936K)] 638149K->437010K(1886208K), 0.0516608 secs] [Times: user=0.30 sys=0.00, real=0.05 secs] 
4683.613: [GC (Allocation Failure) [PSYoungGen: 487872K->105248K(520704K)] 779538K->532954K(1918976K), 0.1024646 secs] [Times: user=0.61 sys=0.01, real=0.10 secs] 
4684.382: [GC (Allocation Failure) [PSYoungGen: 446240K->145600K(486912K)] 873946K->674470K(1885184K), 0.0510447 secs] [Times: user=0.31 sys=0.00, real=0.05 secs] 
4686.482: [GC (Allocation Failure) [PSYoungGen: 486592K->102624K(519680K)] 1015462K->768239K(1917952K), 0.1588733 secs] [Times: user=0.95 sys=0.00, real=0.16 secs] 
4687.377: [GC (Allocation Failure) [PSYoungGen: 441568K->143040K(518144K)] 1107183K->906867K(1916416K), 0.0507697 secs] [Times: user=0.29 sys=0.00, real=0.05 secs] 
4689.195: [GC (GCLocker Initiated GC) [PSYoungGen: 481984K->103648K(518144K)] 1245813K->1001229K(1916416K), 0.1642434 secs] [Times: user=0.98 sys=0.01, real=0.17 secs] 
4690.294: [GC (Allocation Failure) [PSYoungGen: 442592K->141920K(518144K)] 1340174K->1140259K(1916416K), 0.0524645 secs] [Times: user=0.31 sys=0.00, real=0.05 secs] 
4691.607: [GC (Allocation Failure) [PSYoungGen: 480864K->105184K(516608K)] 1479203K->1236555K(1914880K), 0.0669490 secs] [Times: user=0.40 sys=0.00, real=0.07 secs] 
4692.257: [GC (Allocation Failure) [PSYoungGen: 444640K->140672K(517632K)] 1576011K->1374471K(1915904K), 0.0536032 secs] [Times: user=0.31 sys=0.01, real=0.06 secs] 
4692.311: [Full GC (Ergonomics) [PSYoungGen: 140672K->0K(517632K)] [ParOldGen: 1233799K->173018K(1398272K)] 1374471K->173018K(1915904K), [Metaspace: 60495K->60495K(1105920K)], 0.4101838 secs] [Times: user=1.91 sys=0.00, real=0.41 secs] 
4694.370: [GC (Allocation Failure) [PSYoungGen: 339456K->104672K(517632K)] 512474K->277690K(1915904K), 0.0883202 secs] [Times: user=0.52 sys=0.01, real=0.09 secs] 
4696.142: [GC (Allocation Failure) [PSYoungGen: 446176K->140928K(518656K)] 619194K->415623K(1916928K), 0.0519993 secs] [Times: user=0.31 sys=0.00, real=0.05 secs] 
4697.514: [GC (Allocation Failure) [PSYoungGen: 482432K->109152K(518144K)] 757127K->515343K(1916416K), 0.0636754 secs] [Times: user=0.37 sys=0.00, real=0.06 secs] 
4698.260: [GC (Allocation Failure) [PSYoungGen: 452192K->143168K(519168K)] 858383K->657047K(1917440K), 0.0534421 secs] [Times: user=0.32 sys=0.00, real=0.05 secs] 
4699.870: [GC (Allocation Failure) [PSYoungGen: 486208K->106560K(520704K)] 1000087K->755087K(1918976K), 0.0645871 secs] [Times: user=0.39 sys=0.01, real=0.06 secs] 
4700.863: [GC (Allocation Failure) [PSYoungGen: 451136K->150592K(495616K)] 1099663K->903154K(1893888K), 0.0532300 secs] [Times: user=0.31 sys=0.00, real=0.05 secs] 
4702.951: [GC (Allocation Failure) [PSYoungGen: 495168K->107776K(520192K)] 1247730K->993914K(1918464K), 0.1661240 secs] [Times: user=0.99 sys=0.00, real=0.16 secs] 
4704.691: [GC (Allocation Failure) [PSYoungGen: 447232K->139680K(518144K)] 1333370K->1131755K(1916416K), 0.0536112 secs] [Times: user=0.32 sys=0.00, real=0.05 secs] 
4706.307: [GC (Allocation Failure) [PSYoungGen: 479136K->105376K(518656K)] 1471211K->1228403K(1916928K), 0.0999278 secs] [Times: user=0.59 sys=0.00, real=0.10 secs] 
4707.441: [GC (Allocation Failure) [PSYoungGen: 446368K->140384K(518144K)] 1569395K->1366732K(1916416K), 0.0530473 secs] [Times: user=0.31 sys=0.00, real=0.05 secs] 
4708.742: [GC (Allocation Failure) [PSYoungGen: 481376K->107360K(518144K)] 1707724K->1465184K(1916416K), 0.0659061 secs] [Times: user=0.39 sys=0.01, real=0.06 secs] 
4708.808: [Full GC (Ergonomics) [PSYoungGen: 107360K->0K(518144K)] [ParOldGen: 1357824K->24666K(1398272K)] 1465184K->24666K(1916416K), [Metaspace: 60495K->60495K(1105920K)], 0.0370276 secs] [Times: user=0.10 sys=0.00, real=0.04 secs] 
4709.697: [GC (Allocation Failure) [PSYoungGen: 344064K->139680K(519680K)] 368730K->164346K(1917952K), 0.0279333 secs] [Times: user=0.17 sys=0.00, real=0.03 secs] 
4711.364: [GC (Allocation Failure) [PSYoungGen: 483464K->110336K(519168K)] 508131K->265406K(1917440K), 0.1145558 secs] [Times: user=0.68 sys=0.00, real=0.12 secs] 
4713.251: [GC (Allocation Failure) [PSYoungGen: 456960K->140736K(520704K)] 612030K->403843K(1918976K), 0.0530480 secs] [Times: user=0.31 sys=0.00, real=0.05 secs] 
4714.629: [GC (GCLocker Initiated GC) [PSYoungGen: 487360K->110048K(521728K)] 750468K->504396K(1920000K), 0.0689301 secs] [Times: user=0.41 sys=0.00, real=0.06 secs] 
4715.639: [GC (Allocation Failure) [PSYoungGen: 459744K->144736K(522752K)] 854095K->647236K(1921024K), 0.0536457 secs] [Times: user=0.31 sys=0.00, real=0.06 secs] 
4716.971: [GC (Allocation Failure) [PSYoungGen: 494432K->112288K(523264K)] 996932K->750660K(1921536K), 0.0673917 secs] [Times: user=0.40 sys=0.00, real=0.06 secs] 
4717.843: [GC (Allocation Failure) [PSYoungGen: 462496K->145216K(523264K)] 1100868K->893120K(1921536K), 0.0542044 secs] [Times: user=0.32 sys=0.00, real=0.05 secs] 
4719.449: [GC (Allocation Failure) [PSYoungGen: 495424K->109920K(524288K)] 1243328K->993520K(1922560K), 0.0998117 secs] [Times: user=0.59 sys=0.01, real=0.10 secs] 
4720.309: [GC (Allocation Failure) [PSYoungGen: 459104K->147072K(496640K)] 1342704K->1137749K(1894912K), 0.0544982 secs] [Times: user=0.32 sys=0.00, real=0.05 secs] 
4722.370: [GC (Allocation Failure) [PSYoungGen: 496256K->108992K(523776K)] 1486933K->1237773K(1922048K), 0.1076565 secs] [Times: user=0.64 sys=0.00, real=0.10 secs] 
4723.475: [GC (Allocation Failure) [PSYoungGen: 455616K->143808K(521728K)] 1584397K->1377858K(1920000K), 0.0557645 secs] [Times: user=0.33 sys=0.00, real=0.06 secs] 
4723.531: [Full GC (Ergonomics) [PSYoungGen: 143808K->0K(521728K)] [ParOldGen: 1234050K->181823K(1398272K)] 1377858K->181823K(1920000K), [Metaspace: 60495K->60495K(1105920K)], 0.4383867 secs] [Times: user=2.04 sys=0.00, real=0.44 secs] 
4725.895: [GC (GCLocker Initiated GC) [PSYoungGen: 346624K->104864K(522752K)] 528447K->286687K(1921024K), 0.0360620 secs] [Times: user=0.21 sys=0.01, real=0.04 secs] 
4726.655: [GC (Allocation Failure) [PSYoungGen: 450464K->144096K(489984K)] 632358K->427979K(1888256K), 0.0520035 secs] [Times: user=0.30 sys=0.00, real=0.05 secs] 
4728.682: [GC (Allocation Failure) [PSYoungGen: 489696K->106624K(522752K)] 773579K->525259K(1921024K), 0.1009394 secs] [Times: user=0.59 sys=0.00, real=0.10 secs] 
4729.780: [GC (Allocation Failure) [PSYoungGen: 451200K->143360K(520704K)] 869835K->665755K(1918976K), 0.0522972 secs] [Times: user=0.31 sys=0.00, real=0.05 secs] 
4731.166: [GC (Allocation Failure) [PSYoungGen: 487936K->108864K(520704K)] 1010331K->765499K(1918976K), 0.0651876 secs] [Times: user=0.39 sys=0.00, real=0.07 secs] 
4732.339: [GC (Allocation Failure) [PSYoungGen: 453440K->143968K(520704K)] 1110075K->906236K(1918976K), 0.0532201 secs] [Times: user=0.32 sys=0.00, real=0.05 secs] 
4733.690: [GC (Allocation Failure) [PSYoungGen: 488544K->107296K(520704K)] 1250812K->1004660K(1918976K), 0.0654880 secs] [Times: user=0.39 sys=0.00, real=0.06 secs] 
4734.694: [GC (Allocation Failure) [PSYoungGen: 451872K->144352K(520704K)] 1349236K->1145377K(1918976K), 0.0525308 secs] [Times: user=0.31 sys=0.01, real=0.05 secs] 
4737.176: [GC (Allocation Failure) [PSYoungGen: 488928K->107104K(521216K)] 1489953K->1243225K(1919488K), 0.1169743 secs] [Times: user=0.70 sys=0.00, real=0.12 secs] 
4738.233: [GC (Allocation Failure) [PSYoungGen: 451168K->144768K(488960K)] 1587289K->1384078K(1887232K), 0.0532837 secs] [Times: user=0.32 sys=0.00, real=0.05 secs] 
4738.287: [Full GC (Ergonomics) [PSYoungGen: 144768K->0K(488960K)] [ParOldGen: 1239310K->182568K(1398272K)] 1384078K->182568K(1887232K), [Metaspace: 60495K->60495K(1105920K)], 0.4405332 secs] [Times: user=2.05 sys=0.00, real=0.44 secs] 
4740.200: [GC (Allocation Failure) [PSYoungGen: 344064K->107200K(521728K)] 526632K->289768K(1920000K), 0.0474259 secs] [Times: user=0.28 sys=0.01, real=0.04 secs] 
4741.039: [GC (GCLocker Initiated GC) [PSYoungGen: 450240K->142592K(520192K)] 632810K->429051K(1918464K), 0.0522248 secs] [Times: user=0.31 sys=0.00, real=0.05 secs] 
4742.572: [GC (Allocation Failure) [PSYoungGen: 485632K->105152K(519680K)] 772093K->525581K(1917952K), 0.0988035 secs] [Times: user=0.59 sys=0.00, real=0.10 secs] 
4743.649: [GC (Allocation Failure) [PSYoungGen: 448704K->142304K(520192K)] 869133K->665049K(1918464K), 0.0516818 secs] [Times: user=0.31 sys=0.00, real=0.06 secs] 
4745.947: [GC (Allocation Failure) [PSYoungGen: 485856K->106592K(519680K)] 1008601K->762665K(1917952K), 0.1662482 secs] [Times: user=0.98 sys=0.02, real=0.17 secs] 
4747.574: [GC (Allocation Failure) [PSYoungGen: 450656K->141088K(520192K)] 1106729K->901269K(1918464K), 0.0526969 secs] [Times: user=0.31 sys=0.00, real=0.05 secs] 
4749.342: [GC (Allocation Failure) [PSYoungGen: 485152K->107360K(520704K)] 1245333K->999873K(1918976K), 0.0657447 secs] [Times: user=0.39 sys=0.00, real=0.06 secs] 
4750.035: [GC (GCLocker Initiated GC) [PSYoungGen: 452960K->143392K(521216K)] 1345473K->1140910K(1919488K), 0.0536585 secs] [Times: user=0.31 sys=0.00, real=0.06 secs] 
4752.119: [GC (Allocation Failure) [PSYoungGen: 488992K->107840K(521216K)] 1486513K->1239553K(1919488K), 0.1081734 secs] [Times: user=0.64 sys=0.00, real=0.10 secs] 
4753.290: [GC (Allocation Failure) [PSYoungGen: 453440K->143616K(521216K)] 1585153K->1380070K(1919488K), 0.0538153 secs] [Times: user=0.32 sys=0.00, real=0.05 secs] 
4753.344: [Full GC (Ergonomics) [PSYoungGen: 143616K->0K(521216K)] [ParOldGen: 1236453K->177431K(1398272K)] 1380070K->177431K(1919488K), [Metaspace: 60495K->60495K(1105920K)], 0.4270971 secs] [Times: user=1.98 sys=0.00, real=0.43 secs] 
4755.596: [GC (GCLocker Initiated GC) [PSYoungGen: 345600K->106400K(521216K)] 523034K->283834K(1919488K), 0.1090132 secs] [Times: user=0.64 sys=0.00, real=0.11 secs] 
4756.853: [GC (Allocation Failure) [PSYoungGen: 452000K->145024K(491008K)] 629505K->426952K(1889280K), 0.0528074 secs] [Times: user=0.31 sys=0.00, real=0.05 secs] 
4758.597: [GC (Allocation Failure) [PSYoungGen: 490624K->107584K(522752K)] 772552K->525856K(1921024K), 0.0646068 secs] [Times: user=0.38 sys=0.00, real=0.07 secs] 
4759.330: [GC (Allocation Failure) [PSYoungGen: 452160K->151328K(496128K)] 870432K->674429K(1894400K), 0.0532676 secs] [Times: user=0.32 sys=0.00, real=0.05 secs] 
4760.963: [GC (Allocation Failure) [PSYoungGen: 495904K->107360K(519680K)] 1019005K->764285K(1917952K), 0.1137331 secs] [Times: user=0.67 sys=0.00, real=0.11 secs] 
4762.420: [GC (Allocation Failure) [PSYoungGen: 445792K->139872K(517632K)] 1102717K->901354K(1915904K), 0.0527785 secs] [Times: user=0.31 sys=0.00, real=0.05 secs] 
4764.117: [GC (Allocation Failure) [PSYoungGen: 478304K->105952K(518144K)] 1239786K->998378K(1916416K), 0.0786085 secs] [Times: user=0.46 sys=0.00, real=0.08 secs] 
4765.511: [GC (Allocation Failure) [PSYoungGen: 445920K->139968K(517632K)] 1338346K->1135813K(1915904K), 0.0526912 secs] [Times: user=0.31 sys=0.00, real=0.05 secs] 
4767.011: [GC (Allocation Failure) [PSYoungGen: 479936K->105216K(518656K)] 1475781K->1232077K(1916928K), 0.0653500 secs] [Times: user=0.39 sys=0.00, real=0.06 secs] 
4768.146: [GC (Allocation Failure) [PSYoungGen: 448768K->141536K(519680K)] 1575629K->1370962K(1917952K), 0.0527591 secs] [Times: user=0.31 sys=0.00, real=0.05 secs] 
4769.722: [GC (Allocation Failure) [PSYoungGen: 485088K->107328K(520192K)] 1714514K->1469210K(1918464K), 0.1130973 secs] [Times: user=0.67 sys=0.00, real=0.11 secs] 
4769.835: [Full GC (Ergonomics) [PSYoungGen: 107328K->0K(520192K)] [ParOldGen: 1361882K->28911K(1398272K)] 1469210K->28911K(1918464K), [Metaspace: 60495K->60495K(1105920K)], 0.0687217 secs] [Times: user=0.23 sys=0.00, real=0.07 secs] 
4771.286: [GC (Allocation Failure) [PSYoungGen: 345088K->141184K(520704K)] 373999K->170095K(1918976K), 0.0279868 secs] [Times: user=0.16 sys=0.00, real=0.03 secs] 
4773.808: [GC (GCLocker Initiated GC) [PSYoungGen: 486272K->105952K(521216K)] 515183K->267219K(1919488K), 0.0988847 secs] [Times: user=0.58 sys=0.00, real=0.10 secs] 
4775.007: [GC (Allocation Failure) [PSYoungGen: 452576K->142048K(521728K)] 613914K->406703K(1920000K), 0.0518711 secs] [Times: user=0.30 sys=0.00, real=0.06 secs] 
4776.354: [GC (GCLocker Initiated GC) [PSYoungGen: 488672K->111200K(520192K)] 753329K->508409K(1918464K), 0.0650074 secs] [Times: user=0.39 sys=0.00, real=0.07 secs] 
4777.635: [GC (Allocation Failure) [PSYoungGen: 458336K->140704K(521216K)] 855616K->647320K(1919488K), 0.0533939 secs] [Times: user=0.31 sys=0.00, real=0.06 secs] 
4779.272: [GC (Allocation Failure) [PSYoungGen: 487840K->110720K(521728K)] 994456K->748572K(1920000K), 0.0732443 secs] [Times: user=0.44 sys=0.01, real=0.07 secs] 
4780.844: [GC (Allocation Failure) [PSYoungGen: 460416K->143520K(522752K)] 1098268K->889785K(1921024K), 0.0536968 secs] [Times: user=0.32 sys=0.00, real=0.05 secs] 
4782.219: [GC (GCLocker Initiated GC) [PSYoungGen: 493216K->111904K(522752K)] 1239483K->992443K(1921024K), 0.0779209 secs] [Times: user=0.46 sys=0.00, real=0.07 secs] 
4783.187: [GC (Allocation Failure) [PSYoungGen: 462624K->143456K(523264K)] 1343233K->1133446K(1921536K), 0.0542333 secs] [Times: user=0.31 sys=0.00, real=0.06 secs] 
4784.636: [GC (Allocation Failure) [PSYoungGen: 494176K->112096K(523776K)] 1484166K->1236078K(1922048K), 0.0958560 secs] [Times: user=0.57 sys=0.00, real=0.10 secs] 
4786.424: [GC (Allocation Failure) [PSYoungGen: 463328K->144096K(523776K)] 1587310K->1376811K(1922048K), 0.0548251 secs] [Times: user=0.31 sys=0.01, real=0.06 secs] 
4788.536: [GC (Allocation Failure) [PSYoungGen: 495328K->109568K(524800K)] 1728043K->1476971K(1923072K), 0.1648154 secs] [Times: user=0.97 sys=0.00, real=0.17 secs] 
4788.701: [Full GC (Ergonomics) [PSYoungGen: 109568K->0K(524800K)] [ParOldGen: 1367403K->42712K(1398272K)] 1476971K->42712K(1923072K), [Metaspace: 60495K->60495K(1105920K)], 0.1270980 secs] [Times: user=0.52 sys=0.01, real=0.12 secs] 
4789.731: [GC (Allocation Failure) [PSYoungGen: 351232K->147808K(499200K)] 393944K->190520K(1897472K), 0.0299673 secs] [Times: user=0.17 sys=0.00, real=0.03 secs] 
4791.117: [GC (GCLocker Initiated GC) [PSYoungGen: 499040K->111072K(524288K)] 541754K->292458K(1922560K), 0.0678187 secs] [Times: user=0.40 sys=0.00, real=0.07 secs] 
4791.763: [GC (Allocation Failure) [PSYoungGen: 458720K->146912K(494592K)] 640106K->435575K(1892864K), 0.0526722 secs] [Times: user=0.32 sys=0.00, real=0.05 secs] 
4793.196: [GC (GCLocker Initiated GC) [PSYoungGen: 494560K->108000K(522752K)] 783223K->534271K(1921024K), 0.0920476 secs] [Times: user=0.55 sys=0.00, real=0.09 secs] 
4794.286: [GC (Allocation Failure) [PSYoungGen: 453088K->152512K(497664K)] 879362K->682489K(1895936K), 0.0516967 secs] [Times: user=0.31 sys=0.00, real=0.05 secs] 
4796.413: [GC (Allocation Failure) [PSYoungGen: 497600K->106432K(519680K)] 1027577K->771505K(1917952K), 0.0932839 secs] [Times: user=0.55 sys=0.01, real=0.09 secs] 
4797.246: [GC (Allocation Failure) [PSYoungGen: 445376K->151584K(491008K)] 1110449K->918918K(1889280K), 0.0514222 secs] [Times: user=0.31 sys=0.00, real=0.05 secs] 
4798.834: [GC (Allocation Failure) [PSYoungGen: 490528K->104128K(516608K)] 1257862K->1005654K(1914880K), 0.1026288 secs] [Times: user=0.60 sys=0.01, real=0.10 secs] 
4799.775: [GC (Allocation Failure) [PSYoungGen: 437440K->148320K(481792K)] 1338966K->1150035K(1880064K), 0.0517165 secs] [Times: user=0.30 sys=0.00, real=0.05 secs] 
4801.223: [GC (Allocation Failure) [PSYoungGen: 481632K->101472K(515072K)] 1483347K->1234223K(1913344K), 0.0649469 secs] [Times: user=0.38 sys=0.00, real=0.06 secs] 
4802.467: [GC (Allocation Failure) [PSYoungGen: 431712K->137536K(467968K)] 1564463K->1368307K(1866240K), 0.0517958 secs] [Times: user=0.31 sys=0.01, real=0.05 secs] 
4802.518: [Full GC (Ergonomics) [PSYoungGen: 137536K->0K(467968K)] [ParOldGen: 1230771K->172119K(1398272K)] 1368307K->172119K(1866240K), [Metaspace: 60495K->60495K(1105920K)], 0.4068041 secs] [Times: user=1.88 sys=0.00, real=0.41 secs] 
4804.266: [GC (Allocation Failure) [PSYoungGen: 330240K->104928K(514048K)] 502359K->277047K(1912320K), 0.0582750 secs] [Times: user=0.34 sys=0.00, real=0.06 secs] 
4805.946: [GC (Allocation Failure) [PSYoungGen: 436704K->134016K(512512K)] 608823K->408544K(1910784K), 0.0518278 secs] [Times: user=0.30 sys=0.00, real=0.05 secs] 
4807.247: [GC (Allocation Failure) [PSYoungGen: 465792K->108768K(515584K)] 740320K->507848K(1913856K), 0.0629205 secs] [Times: user=0.37 sys=0.00, real=0.07 secs] 
4808.439: [GC (Allocation Failure) [PSYoungGen: 447200K->134112K(514560K)] 846280K->640457K(1912832K), 0.0524251 secs] [Times: user=0.31 sys=0.00, real=0.06 secs] 
4809.775: [GC (Allocation Failure) [PSYoungGen: 472544K->113152K(519168K)] 978889K->743545K(1917440K), 0.0644946 secs] [Times: user=0.39 sys=0.00, real=0.07 secs] 
4811.229: [GC (Allocation Failure) [PSYoungGen: 461312K->137696K(519680K)] 1091705K->879705K(1917952K), 0.0547000 secs] [Times: user=0.32 sys=0.00, real=0.05 secs] 
4812.635: [GC (Allocation Failure) [PSYoungGen: 485856K->114464K(522752K)] 1227865K->984513K(1921024K), 0.0688684 secs] [Times: user=0.41 sys=0.00, real=0.07 secs] 
4814.503: [GC (Allocation Failure) [PSYoungGen: 469792K->141440K(524800K)] 1339841K->1124270K(1923072K), 0.0555830 secs] [Times: user=0.32 sys=0.00, real=0.05 secs] 
4815.897: [GC (Allocation Failure) [PSYoungGen: 496768K->115424K(525824K)] 1479598K->1230266K(1924096K), 0.0743064 secs] [Times: user=0.44 sys=0.00, real=0.08 secs] 
4816.694: [GC (Allocation Failure) [PSYoungGen: 473824K->149152K(507904K)] 1588666K->1377279K(1906176K), 0.0565116 secs] [Times: user=0.34 sys=0.00, real=0.06 secs] 
4818.456: [GC (GCLocker Initiated GC) [PSYoungGen: 507552K->109120K(527360K)] 1735679K->1477391K(1925632K), 0.1058508 secs] [Times: user=0.63 sys=0.00, real=0.11 secs] 
4818.562: [Full GC (Ergonomics) [PSYoungGen: 109120K->0K(527360K)] [ParOldGen: 1368271K->36728K(1398272K)] 1477391K->36728K(1925632K), [Metaspace: 60495K->60495K(1105920K)], 0.0786947 secs] [Times: user=0.31 sys=0.00, real=0.08 secs] 
4819.494: [GC (Allocation Failure) [PSYoungGen: 354304K->155264K(509952K)] 391071K->192031K(1908224K), 0.0293667 secs] [Times: user=0.17 sys=0.00, real=0.03 secs] 
4821.776: [GC (GCLocker Initiated GC) [PSYoungGen: 509568K->109952K(522752K)] 546336K->284540K(1921024K), 0.1532289 secs] [Times: user=0.91 sys=0.00, real=0.16 secs] 
4822.842: [GC (Allocation Failure) [PSYoungGen: 454528K->145600K(520704K)] 629119K->425976K(1918976K), 0.0519896 secs] [Times: user=0.30 sys=0.00, real=0.05 secs] 
4824.343: [GC (GCLocker Initiated GC) [PSYoungGen: 490176K->107200K(521728K)] 770552K->524056K(1920000K), 0.1271525 secs] [Times: user=0.76 sys=0.00, real=0.13 secs] 
4825.185: [GC (Allocation Failure) [PSYoungGen: 450752K->144256K(487936K)] 867679K->664467K(1886208K), 0.0519528 secs] [Times: user=0.31 sys=0.00, real=0.05 secs] 
4827.304: [GC (Allocation Failure) [PSYoungGen: 487808K->104896K(521216K)] 1008019K->760507K(1919488K), 0.1299939 secs] [Times: user=0.77 sys=0.00, real=0.13 secs] 
4828.506: [GC (Allocation Failure) [PSYoungGen: 447424K->152576K(495616K)] 1103035K->909292K(1893888K), 0.0521057 secs] [Times: user=0.30 sys=0.00, real=0.05 secs] 
4830.767: [GC (GCLocker Initiated GC) [PSYoungGen: 495104K->104320K(517632K)] 1251820K->996412K(1915904K), 0.1290400 secs] [Times: user=0.76 sys=0.01, real=0.13 secs] 
4832.089: [GC (Allocation Failure) [PSYoungGen: 439680K->139488K(475136K)] 1331843K->1132616K(1873408K), 0.0510541 secs] [Times: user=0.30 sys=0.01, real=0.05 secs] 
4833.453: [GC (GCLocker Initiated GC) [PSYoungGen: 474848K->103456K(517632K)] 1467976K->1226744K(1915904K), 0.0638504 secs] [Times: user=0.38 sys=0.00, real=0.06 secs] 
4834.272: [GC (Allocation Failure) [PSYoungGen: 440352K->147840K(516096K)] 1563643K->1371888K(1914368K), 0.0524191 secs] [Times: user=0.31 sys=0.01, real=0.05 secs] 
4835.626: [GC (GCLocker Initiated GC) [PSYoungGen: 484736K->105216K(518144K)] 1708784K->1459308K(1916416K), 0.0708584 secs] [Times: user=0.42 sys=0.01, real=0.07 secs] 
4835.697: [Full GC (Ergonomics) [PSYoungGen: 105216K->0K(518144K)] [ParOldGen: 1354092K->26499K(1398272K)] 1459308K->26499K(1916416K), [Metaspace: 60495K->60495K(1105920K)], 0.0445458 secs] [Times: user=0.14 sys=0.00, real=0.05 secs] 
4837.331: [GC (Allocation Failure) [PSYoungGen: 335872K->145536K(481792K)] 362410K->172074K(1880064K), 0.0280586 secs] [Times: user=0.16 sys=0.00, real=0.03 secs] 
4838.711: [GC (Allocation Failure) [PSYoungGen: 481408K->107424K(518144K)] 507946K->261854K(1916416K), 0.0785916 secs] [Times: user=0.46 sys=0.00, real=0.08 secs] 
4840.035: [GC (Allocation Failure) [PSYoungGen: 442784K->135456K(471040K)] 597214K->395699K(1869312K), 0.0523081 secs] [Times: user=0.31 sys=0.00, real=0.05 secs] 
4841.396: [GC (Allocation Failure) [PSYoungGen: 470816K->111712K(516608K)] 731059K->498011K(1914880K), 0.0644887 secs] [Times: user=0.38 sys=0.01, real=0.07 secs] 
4842.674: [GC (Allocation Failure) [PSYoungGen: 449632K->131008K(514048K)] 835931K->627492K(1912320K), 0.0527321 secs] [Times: user=0.31 sys=0.00, real=0.05 secs] 
4844.037: [GC (Allocation Failure) [PSYoungGen: 468928K->116320K(519680K)] 965412K->734428K(1917952K), 0.0638640 secs] [Times: user=0.38 sys=0.00, real=0.07 secs] 
4846.202: [GC (Allocation Failure) [PSYoungGen: 463456K->128672K(517120K)] 1081564K->862628K(1915392K), 0.0545289 secs] [Times: user=0.32 sys=0.00, real=0.05 secs] 
4847.603: [GC (Allocation Failure) [PSYoungGen: 475808K->352K(498176K)] 1209764K->734436K(1896448K), 0.0019676 secs] [Times: user=0.01 sys=0.00, real=0.00 secs] 
4848.633: [GC (Allocation Failure) [PSYoungGen: 331616K->126304K(515072K)] 1065700K->860408K(1913344K), 0.0256537 secs] [Times: user=0.15 sys=0.00, real=0.03 secs] 
4850.060: [GC (Allocation Failure) [PSYoungGen: 457568K->121504K(505344K)] 1191672K->971693K(1903616K), 0.0634354 secs] [Times: user=0.38 sys=0.00, real=0.06 secs] 
4850.952: [GC (Allocation Failure) [PSYoungGen: 454304K->124320K(510976K)] 1304493K->1095997K(1909248K), 0.0553780 secs] [Times: user=0.32 sys=0.00, real=0.05 secs] 
4852.317: [GC (Allocation Failure) [PSYoungGen: 457120K->132608K(519168K)] 1428797K->1209801K(1917440K), 0.0624817 secs] [Times: user=0.37 sys=0.00, real=0.07 secs] 
4854.655: [GC (Allocation Failure) [PSYoungGen: 478208K->109856K(455680K)] 1555401K->1319202K(1853952K), 0.0567919 secs] [Times: user=0.33 sys=0.00, real=0.06 secs] 
4854.712: [Full GC (Ergonomics) [PSYoungGen: 109856K->0K(455680K)] [ParOldGen: 1209345K->125434K(1398272K)] 1319202K->125434K(1853952K), [Metaspace: 60562K->60562K(1105920K)], 0.2846566 secs] [Times: user=1.30 sys=0.00, real=0.28 secs] 
4856.244: [GC (Allocation Failure) [PSYoungGen: 345600K->139200K(517632K)] 471034K->264634K(1915904K), 0.0513527 secs] [Times: user=0.31 sys=0.00, real=0.05 secs] 
4857.334: [GC (Allocation Failure) [PSYoungGen: 485824K->112224K(520704K)] 611258K->376522K(1918976K), 0.0702193 secs] [Times: user=0.41 sys=0.00, real=0.07 secs] 
4858.743: [GC (Allocation Failure) [PSYoungGen: 458848K->135904K(521728K)] 723146K->501983K(1920000K), 0.0611735 secs] [Times: user=0.36 sys=0.00, real=0.06 secs] 
4859.756: [GC (Allocation Failure) [PSYoungGen: 488160K->116480K(523264K)] 854239K->618399K(1921536K), 0.0576331 secs] [Times: user=0.34 sys=0.00, real=0.06 secs] 
4861.144: [GC (Allocation Failure) [PSYoungGen: 468736K->131680K(524800K)] 970655K->739652K(1923072K), 0.0622748 secs] [Times: user=0.37 sys=0.00, real=0.06 secs] 
4863.289: [GC (GCLocker Initiated GC) [PSYoungGen: 490080K->127232K(524800K)] 1098052K->866444K(1923072K), 0.0584937 secs] [Times: user=0.34 sys=0.00, real=0.05 secs] 
4865.385: [GC (Allocation Failure) [PSYoungGen: 485632K->2048K(502784K)] 1224846K->742094K(1901056K), 0.0024235 secs] [Times: user=0.01 sys=0.00, real=0.00 secs] 
4866.045: [GC (Allocation Failure) [PSYoungGen: 340480K->131072K(470016K)] 1080526K->872399K(1868288K), 0.0268063 secs] [Times: user=0.16 sys=0.00, real=0.03 secs] 
4867.438: [GC (Allocation Failure) [PSYoungGen: 469504K->116512K(522752K)] 1210831K->979566K(1921024K), 0.0641876 secs] [Times: user=0.38 sys=0.00, real=0.07 secs] 
4868.625: [GC (Allocation Failure) [PSYoungGen: 458016K->127936K(469504K)] 1321070K->1107038K(1867776K), 0.0548615 secs] [Times: user=0.32 sys=0.00, real=0.06 secs] 
4870.024: [GC (Allocation Failure) [PSYoungGen: 469440K->120672K(520704K)] 1448542K->1217554K(1918976K), 0.0639489 secs] [Times: user=0.38 sys=0.00, real=0.06 secs] 
4871.479: [GC (Allocation Failure) [PSYoungGen: 465760K->127552K(517120K)] 1562642K->1344738K(1915392K), 0.0565639 secs] [Times: user=0.33 sys=0.00, real=0.05 secs] 
4871.535: [Full GC (Ergonomics) [PSYoungGen: 127552K->0K(517120K)] [ParOldGen: 1217186K->143960K(1398272K)] 1344738K->143960K(1915392K), [Metaspace: 60562K->60562K(1105920K)], 0.3324743 secs] [Times: user=1.52 sys=0.00, real=0.33 secs] 
4873.145: [GC (Allocation Failure) [PSYoungGen: 345088K->120896K(523264K)] 489048K->264856K(1921536K), 0.0430889 secs] [Times: user=0.26 sys=0.00, real=0.04 secs] 
4874.510: [GC (Allocation Failure) [PSYoungGen: 475712K->131424K(522240K)] 619672K->396376K(1920512K), 0.0595007 secs] [Times: user=0.35 sys=0.00, real=0.06 secs] 
4875.906: [GC (GCLocker Initiated GC) [PSYoungGen: 486240K->2864K(501248K)] 751193K->267885K(1899520K), 0.0023093 secs] [Times: user=0.01 sys=0.00, real=0.00 secs] 
4876.779: [GC (Allocation Failure) [PSYoungGen: 336176K->132576K(465920K)] 601230K->399051K(1864192K), 0.0270796 secs] [Times: user=0.16 sys=0.00, real=0.02 secs] 
4878.087: [GC (Allocation Failure) [PSYoungGen: 465888K->114624K(519680K)] 732363K->504567K(1917952K), 0.0631656 secs] [Times: user=0.38 sys=0.00, real=0.07 secs] 
4880.167: [GC (GCLocker Initiated GC) [PSYoungGen: 449472K->122016K(457216K)] 839415K->625851K(1855488K), 0.0535247 secs] [Times: user=0.31 sys=0.00, real=0.06 secs] 
4881.497: [GC (Allocation Failure) [PSYoungGen: 456864K->126656K(513024K)] 960701K->741753K(1911296K), 0.0629578 secs] [Times: user=0.37 sys=0.00, real=0.07 secs] 
4882.985: [GC (Allocation Failure) [PSYoungGen: 462528K->116160K(512000K)] 1077625K->857473K(1910272K), 0.0557759 secs] [Times: user=0.33 sys=0.00, real=0.06 secs] 
4884.292: [GC (Allocation Failure) [PSYoungGen: 452032K->131808K(516096K)] 1193345K->978766K(1914368K), 0.0622700 secs] [Times: user=0.37 sys=0.00, real=0.06 secs] 
4885.256: [GC (Allocation Failure) [PSYoungGen: 476384K->114784K(517120K)] 1323342K->1093454K(1915392K), 0.0573355 secs] [Times: user=0.34 sys=0.00, real=0.06 secs] 
4886.606: [GC (Allocation Failure) [PSYoungGen: 459360K->133600K(520192K)] 1438030K->1216659K(1918464K), 0.0629214 secs] [Times: user=0.37 sys=0.00, real=0.07 secs] 
4888.759: [GC (Allocation Failure) [PSYoungGen: 486880K->117632K(521728K)] 1569939K->1333867K(1920000K), 0.0582671 secs] [Times: user=0.34 sys=0.00, real=0.06 secs] 
4888.817: [Full GC (Ergonomics) [PSYoungGen: 117632K->0K(521728K)] [ParOldGen: 1216235K->133660K(1398272K)] 1333867K->133660K(1920000K), [Metaspace: 60562K->60562K(1105920K)], 0.3036774 secs] [Times: user=1.39 sys=0.00, real=0.31 secs] 
4890.413: [GC (Allocation Failure) [PSYoungGen: 353280K->131616K(526336K)] 486940K->265276K(1924608K), 0.0484407 secs] [Times: user=0.29 sys=0.00, real=0.05 secs] 
4891.994: [GC (Allocation Failure) [PSYoungGen: 494112K->128096K(527360K)] 627772K->393024K(1925632K), 0.0656988 secs] [Times: user=0.39 sys=0.00, real=0.07 secs] 
4893.416: [GC (GCLocker Initiated GC) [PSYoungGen: 490592K->3296K(504320K)] 755520K->268268K(1902592K), 0.0024392 secs] [Times: user=0.01 sys=0.00, real=0.01 secs] 
4894.665: [GC (Allocation Failure) [PSYoungGen: 343776K->132928K(473600K)] 608819K->399910K(1871872K), 0.0271162 secs] [Times: user=0.15 sys=0.00, real=0.03 secs] 
4896.082: [GC (Allocation Failure) [PSYoungGen: 473408K->115936K(522752K)] 740390K->506462K(1921024K), 0.0642523 secs] [Times: user=0.38 sys=0.00, real=0.06 secs] 
4897.878: [GC (Allocation Failure) [PSYoungGen: 457440K->128896K(517632K)] 847966K->634259K(1915904K), 0.0539512 secs] [Times: user=0.32 sys=0.00, real=0.06 secs] 
4899.286: [GC (Allocation Failure) [PSYoungGen: 470400K->120032K(519168K)] 975763K->744467K(1917440K), 0.0641314 secs] [Times: user=0.39 sys=0.00, real=0.07 secs] 
4900.203: [GC (Allocation Failure) [PSYoungGen: 465120K->133728K(518144K)] 1089555K->877272K(1916416K), 0.0554270 secs] [Times: user=0.33 sys=0.00, real=0.05 secs] 
4901.614: [GC (Allocation Failure) [PSYoungGen: 478816K->2208K(497664K)] 1222360K->745872K(1895936K), 0.0025890 secs] [Times: user=0.01 sys=0.00, real=0.00 secs] 
4903.048: [GC (Allocation Failure) [PSYoungGen: 325280K->123552K(510976K)] 1068944K->867805K(1909248K), 0.0257643 secs] [Times: user=0.15 sys=0.00, real=0.03 secs] 
4904.322: [GC (Allocation Failure) [PSYoungGen: 446624K->123776K(506880K)] 1190877K->982101K(1905152K), 0.0636747 secs] [Times: user=0.38 sys=0.00, real=0.06 secs] 
4906.398: [GC (Allocation Failure) [PSYoungGen: 447872K->106336K(430592K)] 1306197K->1087949K(1828864K), 0.0551330 secs] [Times: user=0.32 sys=0.00, real=0.06 secs] 
4906.963: [GC (Allocation Failure) [PSYoungGen: 429479K->176832K(483328K)] 1411092K->1254249K(1881600K), 0.0591470 secs] [Times: user=0.35 sys=0.00, real=0.06 secs] 
4908.537: [GC (Allocation Failure) [PSYoungGen: 482496K->82560K(502272K)] 1559913K->1302537K(1900544K), 0.0610740 secs] [Times: user=0.37 sys=0.00, real=0.06 secs] 
4908.598: [Full GC (Ergonomics) [PSYoungGen: 82560K->0K(502272K)] [ParOldGen: 1219977K->98677K(1398272K)] 1302537K->98677K(1900544K), [Metaspace: 60562K->60562K(1105920K)], 0.2304128 secs] [Times: user=1.01 sys=0.00, real=0.23 secs] 
4909.179: [GC (Allocation Failure) [PSYoungGen: 305664K->134016K(500224K)] 404341K->232693K(1898496K), 0.0300659 secs] [Times: user=0.17 sys=0.00, real=0.03 secs] 
4911.814: [GC (GCLocker Initiated GC) [PSYoungGen: 442752K->78464K(502784K)] 541430K->311006K(1901056K), 0.1153540 secs] [Times: user=0.68 sys=0.01, real=0.12 secs] 
4912.442: [GC (GCLocker Initiated GC) [PSYoungGen: 387200K->134464K(504832K)] 619745K->439381K(1903104K), 0.0454203 secs] [Times: user=0.27 sys=0.00, real=0.04 secs] 
4914.192: [GC (GCLocker Initiated GC) [PSYoungGen: 447296K->92352K(405504K)] 752216K->523040K(1803776K), 0.0743315 secs] [Times: user=0.44 sys=0.00, real=0.07 secs] 
4915.094: [GC (Allocation Failure) [PSYoungGen: 405184K->130048K(503296K)] 835875K->651059K(1901568K), 0.0466986 secs] [Times: user=0.28 sys=0.00, real=0.05 secs] 
4917.066: [GC (Allocation Failure) [PSYoungGen: 444928K->99712K(502784K)] 965939K->741891K(1901056K), 0.0611909 secs] [Times: user=0.36 sys=0.01, real=0.06 secs] 
4918.006: [GC (Allocation Failure) [PSYoungGen: 414592K->125696K(506368K)] 1056771K->866750K(1904640K), 0.0497633 secs] [Times: user=0.29 sys=0.00, real=0.05 secs] 
4919.325: [GC (Allocation Failure) [PSYoungGen: 449792K->119840K(504832K)] 1190846K->977806K(1903104K), 0.0632221 secs] [Times: user=0.38 sys=0.00, real=0.06 secs] 
4921.832: [GC (Allocation Failure) [PSYoungGen: 443936K->116864K(513024K)] 1301902K->1094262K(1911296K), 0.0540768 secs] [Times: user=0.32 sys=0.00, real=0.05 secs] 
4923.133: [GC (Allocation Failure) [PSYoungGen: 457856K->139232K(512512K)] 1435254K->1214725K(1910784K), 0.0615674 secs] [Times: user=0.36 sys=0.00, real=0.06 secs] 
4924.476: [GC (Allocation Failure) [PSYoungGen: 480224K->108928K(521728K)] 1555717K->1323597K(1920000K), 0.0591299 secs] [Times: user=0.35 sys=0.00, real=0.06 secs] 
4924.535: [Full GC (Ergonomics) [PSYoungGen: 108928K->0K(521728K)] [ParOldGen: 1214669K->124436K(1398272K)] 1323597K->124436K(1920000K), [Metaspace: 60563K->60563K(1105920K)], 0.2787003 secs] [Times: user=1.26 sys=0.00, real=0.28 secs] 
4926.071: [GC (Allocation Failure) [PSYoungGen: 352256K->140288K(522752K)] 476692K->264724K(1921024K), 0.0519332 secs] [Times: user=0.30 sys=0.00, real=0.05 secs] 
4927.030: [GC (Allocation Failure) [PSYoungGen: 492544K->117088K(521728K)] 616980K->381464K(1920000K), 0.0703037 secs] [Times: user=0.42 sys=0.00, real=0.07 secs] 
4928.397: [GC (Allocation Failure) [PSYoungGen: 471392K->130976K(523264K)] 735768K->502076K(1921536K), 0.0618903 secs] [Times: user=0.37 sys=0.00, real=0.07 secs] 
4930.024: [GC (Allocation Failure) [PSYoungGen: 485280K->122272K(522240K)] 856380K->624264K(1920512K), 0.0569311 secs] [Times: user=0.33 sys=0.00, real=0.06 secs] 
4931.423: [GC (Allocation Failure) [PSYoungGen: 483744K->2176K(364032K)] 985736K->504224K(1762304K), 0.0023591 secs] [Times: user=0.01 sys=0.00, real=0.00 secs] 
4933.533: [GC (GCLocker Initiated GC) [PSYoungGen: 363648K->136960K(511488K)] 865697K->639742K(1909760K), 0.0278522 secs] [Times: user=0.17 sys=0.00, real=0.03 secs] 
4934.814: [GC (Allocation Failure) [PSYoungGen: 468224K->2976K(334336K)] 971009K->505873K(1732608K), 0.0030112 secs] [Times: user=0.01 sys=0.00, real=0.00 secs] 
4935.485: [GC (Allocation Failure) [PSYoungGen: 334240K->127968K(502784K)] 837137K->632548K(1901056K), 0.0262973 secs] [Times: user=0.15 sys=0.00, real=0.03 secs] 
4936.711: [GC (Allocation Failure) [PSYoungGen: 435680K->118656K(426496K)] 940260K->741856K(1824768K), 0.0629006 secs] [Times: user=0.37 sys=0.00, real=0.06 secs] 
4938.164: [GC (Allocation Failure) [PSYoungGen: 426368K->108000K(508416K)] 1049568K->849840K(1906688K), 0.0538089 secs] [Times: user=0.32 sys=0.00, real=0.05 secs] 
4938.589: [GC (Allocation Failure) [PSYoungGen: 423904K->140704K(500736K)] 1165744K->972665K(1899008K), 0.0561884 secs] [Times: user=0.33 sys=0.00, real=0.05 secs] 
4941.400: [GC (GCLocker Initiated GC) [PSYoungGen: 456608K->84672K(509952K)] 1288570K->1056434K(1908224K), 0.0808929 secs] [Times: user=0.48 sys=0.00, real=0.08 secs] 
4941.852: [GC (Allocation Failure) [PSYoungGen: 406720K->139840K(508416K)] 1378485K->1190390K(1906688K), 0.0537523 secs] [Times: user=0.32 sys=0.00, real=0.05 secs] 
4944.001: [GC (Allocation Failure) [PSYoungGen: 461888K->86944K(508416K)] 1512438K->1276774K(1906688K), 0.1177315 secs] [Times: user=0.70 sys=0.00, real=0.12 secs] 
4944.119: [Full GC (Ergonomics) [PSYoungGen: 86944K->0K(508416K)] [ParOldGen: 1189830K->73901K(1398272K)] 1276774K->73901K(1906688K), [Metaspace: 60575K->60575K(1105920K)], 0.1861861 secs] [Times: user=0.85 sys=0.00, real=0.18 secs] 
4944.714: [GC (Allocation Failure) [PSYoungGen: 311241K->130592K(508416K)] 385142K->204493K(1906688K), 0.0313403 secs] [Times: user=0.18 sys=0.00, real=0.03 secs] 
4946.252: [GC (Allocation Failure) [PSYoungGen: 452640K->98368K(501248K)] 526541K->293925K(1899520K), 0.1129397 secs] [Times: user=0.67 sys=0.00, real=0.11 secs] 
4947.091: [GC (Allocation Failure) [PSYoungGen: 423488K->137536K(506368K)] 619045K->427862K(1904640K), 0.0476730 secs] [Times: user=0.28 sys=0.00, real=0.04 secs] 
4949.393: [GC (Allocation Failure) [PSYoungGen: 462656K->99040K(510976K)] 752982K->517830K(1909248K), 0.1138760 secs] [Times: user=0.67 sys=0.00, real=0.11 secs] 
4950.288: [GC (Allocation Failure) [PSYoungGen: 431840K->138368K(512512K)] 850630K->653907K(1910784K), 0.0503737 secs] [Times: user=0.29 sys=0.00, real=0.05 secs] 
4952.601: [GC (Allocation Failure) [PSYoungGen: 471168K->101184K(512512K)] 986707K->746123K(1910784K), 0.0639724 secs] [Times: user=0.38 sys=0.00, real=0.06 secs] 
4953.256: [GC (Allocation Failure) [PSYoungGen: 437056K->138912K(514048K)] 1081995K->883032K(1912320K), 0.0507675 secs] [Times: user=0.30 sys=0.00, real=0.05 secs] 
4954.582: [GC (Allocation Failure) [PSYoungGen: 474784K->106624K(513024K)] 1218904K->980288K(1911296K), 0.0638613 secs] [Times: user=0.38 sys=0.00, real=0.06 secs] 
4956.477: [GC (Allocation Failure) [PSYoungGen: 445568K->135296K(515072K)] 1319232K->1113913K(1913344K), 0.0525167 secs] [Times: user=0.31 sys=0.01, real=0.06 secs] 
4957.820: [GC (Allocation Failure) [PSYoungGen: 474240K->112864K(513536K)] 1452857K->1217337K(1911808K), 0.0640275 secs] [Times: user=0.38 sys=0.00, real=0.06 secs] 
4959.192: [GC (Allocation Failure) [PSYoungGen: 457440K->135104K(517120K)] 1561913K->1350965K(1915392K), 0.0550350 secs] [Times: user=0.32 sys=0.00, real=0.05 secs] 
4959.247: [Full GC (Ergonomics) [PSYoungGen: 135104K->0K(517120K)] [ParOldGen: 1215861K->151148K(1398272K)] 1350965K->151148K(1915392K), [Metaspace: 60575K->60575K(1105920K)], 0.3610478 secs] [Times: user=1.67 sys=0.00, real=0.36 secs] 
4960.913: [GC (Allocation Failure) [PSYoungGen: 344576K->114016K(517632K)] 495724K->265164K(1915904K), 0.0408428 secs] [Times: user=0.24 sys=0.00, real=0.04 secs] 
4962.806: [GC (Allocation Failure) [PSYoungGen: 466272K->136544K(521216K)] 617420K->400185K(1919488K), 0.0565988 secs] [Times: user=0.33 sys=0.00, real=0.06 secs] 
4964.206: [GC (Allocation Failure) [PSYoungGen: 488800K->114848K(522752K)] 752441K->505549K(1921024K), 0.0704758 secs] [Times: user=0.42 sys=0.00, real=0.07 secs] 
4966.605: [GC (Allocation Failure) [PSYoungGen: 473760K->142208K(525312K)] 864461K->646422K(1923584K), 0.0550122 secs] [Times: user=0.32 sys=0.00, real=0.06 secs] 
4968.336: [GC (Allocation Failure) [PSYoungGen: 501120K->112384K(528896K)] 1005334K->749494K(1927168K), 0.1340875 secs] [Times: user=0.80 sys=0.00, real=0.14 secs] 
4969.337: [GC (Allocation Failure) [PSYoungGen: 473856K->148640K(510464K)] 1110966K->895938K(1908736K), 0.0551754 secs] [Times: user=0.32 sys=0.01, real=0.06 secs] 
4970.784: [GC (GCLocker Initiated GC) [PSYoungGen: 510112K->115872K(529920K)] 1257410K->1002426K(1928192K), 0.0924375 secs] [Times: user=0.55 sys=0.00, real=0.09 secs] 
4972.309: [GC (Allocation Failure) [PSYoungGen: 472736K->146208K(525824K)] 1359361K->1145662K(1924096K), 0.0561260 secs] [Times: user=0.34 sys=0.00, real=0.05 secs] 
4974.242: [GC (Allocation Failure) [PSYoungGen: 503072K->110592K(527872K)] 1502526K->1247034K(1926144K), 0.0928567 secs] [Times: user=0.55 sys=0.00, real=0.09 secs] 
4975.535: [GC (Allocation Failure) [PSYoungGen: 465408K->149504K(504832K)] 1601850K->1391999K(1903104K), 0.0542063 secs] [Times: user=0.32 sys=0.00, real=0.06 secs] 
4975.589: [Full GC (Ergonomics) [PSYoungGen: 149504K->0K(504832K)] [ParOldGen: 1242495K->190051K(1398272K)] 1391999K->190051K(1903104K), [Metaspace: 60577K->60577K(1105920K)], 0.4672361 secs] [Times: user=2.19 sys=0.00, real=0.46 secs] 
4977.461: [GC (Allocation Failure) [PSYoungGen: 354816K->109760K(525312K)] 544867K->299811K(1923584K), 0.0631625 secs] [Times: user=0.36 sys=0.01, real=0.06 secs] 
4978.616: [GC (Allocation Failure) [PSYoungGen: 459456K->147136K(497152K)] 649507K->442592K(1895424K), 0.0516298 secs] [Times: user=0.30 sys=0.00, real=0.05 secs] 
4980.113: [GC (Allocation Failure) [PSYoungGen: 496832K->110528K(523776K)] 792288K->543980K(1922048K), 0.0658576 secs] [Times: user=0.39 sys=0.00, real=0.06 secs] 
4981.033: [GC (Allocation Failure) [PSYoungGen: 451838K->143744K(521728K)] 885290K->683212K(1920000K), 0.0520207 secs] [Times: user=0.31 sys=0.01, real=0.05 secs] 
4983.327: [GC (Allocation Failure) [PSYoungGen: 490368K->106784K(522240K)] 1029836K->780965K(1920512K), 0.1134789 secs] [Times: user=0.67 sys=0.00, real=0.12 secs] 
4984.138: [GC (Allocation Failure) [PSYoungGen: 453920K->145344K(492544K)] 1128101K->921617K(1890816K), 0.0508293 secs] [Times: user=0.30 sys=0.00, real=0.06 secs] 
4986.419: [GC (Allocation Failure) [PSYoungGen: 492480K->103104K(522240K)] 1268753K->1015705K(1920512K), 0.1400934 secs] [Times: user=0.83 sys=0.02, real=0.14 secs] 
4987.137: [GC (Allocation Failure) [PSYoungGen: 447680K->147200K(492032K)] 1360281K->1158830K(1890304K), 0.0510943 secs] [Times: user=0.30 sys=0.00, real=0.05 secs] 
4989.123: [GC (Allocation Failure) [PSYoungGen: 491776K->105408K(520704K)] 1503406K->1255626K(1918976K), 0.1306417 secs] [Times: user=0.78 sys=0.00, real=0.13 secs] 
4990.044: [GC (Allocation Failure) [PSYoungGen: 445888K->144224K(518656K)] 1596106K->1396043K(1916928K), 0.0514536 secs] [Times: user=0.31 sys=0.00, real=0.05 secs] 
4990.095: [Full GC (Ergonomics) [PSYoungGen: 144224K->0K(518656K)] [ParOldGen: 1251819K->195115K(1398272K)] 1396043K->195115K(1916928K), [Metaspace: 60580K->60580K(1105920K)], 0.4796444 secs] [Times: user=2.25 sys=0.00, real=0.48 secs] 
4992.545: [GC (GCLocker Initiated GC) [PSYoungGen: 340480K->102560K(519680K)] 535595K->297675K(1917952K), 0.0557003 secs] [Times: user=0.33 sys=0.00, real=0.06 secs] 
4993.714: [GC (Allocation Failure) [PSYoungGen: 442016K->144768K(484352K)] 637134K->438411K(1882624K), 0.0495438 secs] [Times: user=0.29 sys=0.00, real=0.05 secs] 
4995.170: [GC (Allocation Failure) [PSYoungGen: 484224K->106016K(519680K)] 777867K->535931K(1917952K), 0.0988977 secs] [Times: user=0.59 sys=0.00, real=0.10 secs] 
4996.186: [GC (Allocation Failure) [PSYoungGen: 444448K->141312K(517632K)] 874363K->673023K(1915904K), 0.0503538 secs] [Times: user=0.29 sys=0.00, real=0.05 secs] 
4997.723: [GC (GCLocker Initiated GC) [PSYoungGen: 479744K->104480K(516608K)] 1011456K->767980K(1914880K), 0.1270066 secs] [Times: user=0.76 sys=0.00, real=0.13 secs] 
4999.331: [GC (Allocation Failure) [PSYoungGen: 443936K->140288K(517632K)] 1107439K->904187K(1915904K), 0.0514424 secs] [Times: user=0.30 sys=0.00, real=0.05 secs] 
5001.128: [GC (Allocation Failure) [PSYoungGen: 479744K->107424K(517120K)] 1243643K->1001731K(1915392K), 0.1050737 secs] [Times: user=0.62 sys=0.00, real=0.11 secs] 
5002.252: [GC (Allocation Failure) [PSYoungGen: 449440K->142176K(518656K)] 1343747K->1141124K(1916928K), 0.0537182 secs] [Times: user=0.32 sys=0.00, real=0.05 secs] 
5003.771: [GC (Allocation Failure) [PSYoungGen: 484192K->107392K(519680K)] 1483140K->1239208K(1917952K), 0.0735844 secs] [Times: user=0.43 sys=0.00, real=0.07 secs] 
5004.782: [GC (Allocation Failure) [PSYoungGen: 451456K->141344K(520192K)] 1583272K->1376957K(1918464K), 0.0532829 secs] [Times: user=0.31 sys=0.01, real=0.05 secs] 
5004.836: [Full GC (Ergonomics) [PSYoungGen: 141344K->0K(520192K)] [ParOldGen: 1235613K->175240K(1398272K)] 1376957K->175240K(1918464K), [Metaspace: 60580K->60580K(1105920K)], 0.4243273 secs] [Times: user=1.99 sys=0.00, real=0.43 secs] 
5006.729: [GC (Allocation Failure) [PSYoungGen: 344064K->108256K(519680K)] 519304K->283496K(1917952K), 0.0399824 secs] [Times: user=0.24 sys=0.00, real=0.04 secs] 
5008.843: [GC (Allocation Failure) [PSYoungGen: 453856K->141120K(520704K)] 629096K->421601K(1918976K), 0.0528634 secs] [Times: user=0.30 sys=0.00, real=0.05 secs] 
5010.448: [GC (Allocation Failure) [PSYoungGen: 486720K->109952K(520192K)] 767201K->522137K(1918464K), 0.1428817 secs] [Times: user=0.85 sys=0.00, real=0.15 secs] 
5011.311: [GC (Allocation Failure) [PSYoungGen: 457088K->145920K(521216K)] 869273K->665625K(1919488K), 0.0536699 secs] [Times: user=0.32 sys=0.00, real=0.05 secs] 
5012.787: [GC (Allocation Failure) [PSYoungGen: 493056K->106208K(523264K)] 1012761K->763201K(1921536K), 0.0738207 secs] [Times: user=0.40 sys=0.00, real=0.08 secs] 
5013.996: [GC (Allocation Failure) [PSYoungGen: 452320K->144800K(491008K)] 1109313K->905394K(1889280K), 0.0527751 secs] [Times: user=0.31 sys=0.00, real=0.05 secs] 
5016.154: [GC (Allocation Failure) [PSYoungGen: 490912K->108480K(522752K)] 1251506K->1005194K(1921024K), 0.1349122 secs] [Times: user=0.81 sys=0.00, real=0.14 secs] 
5017.756: [GC (Allocation Failure) [PSYoungGen: 453056K->142432K(520704K)] 1349770K->1143718K(1918976K), 0.0532325 secs] [Times: user=0.32 sys=0.00, real=0.06 secs] 
5019.517: [GC (Allocation Failure) [PSYoungGen: 487008K->109216K(519168K)] 1488294K->1243694K(1917440K), 0.1406458 secs] [Times: user=0.84 sys=0.01, real=0.14 secs] 
5020.370: [GC (Allocation Failure) [PSYoungGen: 454304K->144960K(520192K)] 1588782K->1385067K(1918464K), 0.0538178 secs] [Times: user=0.32 sys=0.01, real=0.05 secs] 
5020.424: [Full GC (Ergonomics) [PSYoungGen: 144960K->0K(520192K)] [ParOldGen: 1240107K->182694K(1398272K)] 1385067K->182694K(1918464K), [Metaspace: 60580K->60580K(1105920K)], 0.4434112 secs] [Times: user=2.06 sys=0.00, real=0.44 secs] 
5022.293: [GC (Allocation Failure) [PSYoungGen: 345088K->106432K(522240K)] 527782K->289126K(1920512K), 0.0336290 secs] [Times: user=0.20 sys=0.00, real=0.03 secs] 
5023.034: [GC (GCLocker Initiated GC) [PSYoungGen: 451520K->146336K(491520K)] 634216K->432281K(1889792K), 0.0579909 secs] [Times: user=0.33 sys=0.00, real=0.06 secs] 
5025.336: [GC (GCLocker Initiated GC) [PSYoungGen: 491424K->104064K(521216K)] 777371K->527611K(1919488K), 0.1527154 secs] [Times: user=0.90 sys=0.01, real=0.16 secs] 
5026.967: [GC (Allocation Failure) [PSYoungGen: 446080K->142016K(519680K)] 869697K->665678K(1917952K), 0.0507452 secs] [Times: user=0.30 sys=0.00, real=0.05 secs] 
5028.633: [GC (Allocation Failure) [PSYoungGen: 484032K->108800K(518144K)] 1007694K->764810K(1916416K), 0.1528657 secs] [Times: user=0.91 sys=0.00, real=0.15 secs] 
5029.942: [GC (GCLocker Initiated GC) [PSYoungGen: 451328K->141248K(519168K)] 1107338K->903139K(1917440K), 0.0534419 secs] [Times: user=0.31 sys=0.00, real=0.05 secs] 
5031.560: [GC (Allocation Failure) [PSYoungGen: 483776K->106720K(519168K)] 1245739K->1000923K(1917440K), 0.0912858 secs] [Times: user=0.54 sys=0.00, real=0.09 secs] 
5032.681: [GC (Allocation Failure) [PSYoungGen: 451296K->151040K(496128K)] 1345499K->1149033K(1894400K), 0.0529730 secs] [Times: user=0.31 sys=0.00, real=0.05 secs] 
5034.460: [GC (Allocation Failure) [PSYoungGen: 495616K->108512K(520704K)] 1493609K->1239933K(1918976K), 0.1152413 secs] [Times: user=0.68 sys=0.01, real=0.11 secs] 
5036.135: [GC (GCLocker Initiated GC) [PSYoungGen: 448480K->138368K(518144K)] 1579901K->1375562K(1916416K), 0.0540609 secs] [Times: user=0.32 sys=0.00, real=0.06 secs] 
5036.189: [Full GC (Ergonomics) [PSYoungGen: 138368K->0K(518144K)] [ParOldGen: 1237194K->174127K(1398272K)] 1375562K->174127K(1916416K), [Metaspace: 60580K->60580K(1105920K)], 0.4166188 secs] [Times: user=1.93 sys=0.00, real=0.41 secs] 
5038.101: [GC (Allocation Failure) [PSYoungGen: 339968K->106304K(518656K)] 514098K->280434K(1916928K), 0.0766902 secs] [Times: user=0.45 sys=0.01, real=0.07 secs] 
5038.990: [GC (Allocation Failure) [PSYoungGen: 448320K->141376K(518144K)] 622450K->419627K(1916416K), 0.0532234 secs] [Times: user=0.32 sys=0.00, real=0.05 secs] 
5040.589: [GC (GCLocker Initiated GC) [PSYoungGen: 483392K->106560K(520704K)] 761645K->517197K(1918976K), 0.0755205 secs] [Times: user=0.44 sys=0.00, real=0.07 secs] 
5042.359: [GC (Allocation Failure) [PSYoungGen: 452160K->142880K(521216K)] 862835K->657168K(1919488K), 0.0521009 secs] [Times: user=0.31 sys=0.00, real=0.05 secs] 
5043.825: [GC (Allocation Failure) [PSYoungGen: 488480K->109824K(520192K)] 1002768K->757652K(1918464K), 0.0683538 secs] [Times: user=0.40 sys=0.00, real=0.07 secs] 
5045.495: [GC (Allocation Failure) [PSYoungGen: 455424K->141376K(520704K)] 1103252K->896281K(1918976K), 0.0538340 secs] [Times: user=0.32 sys=0.00, real=0.05 secs] 
5046.851: [GC (GCLocker Initiated GC) [PSYoungGen: 486976K->110016K(520704K)] 1241883K->997019K(1918976K), 0.0667429 secs] [Times: user=0.40 sys=0.00, real=0.06 secs] 
5047.658: [GC (Allocation Failure) [PSYoungGen: 457664K->145664K(521728K)] 1344670K->1140663K(1920000K), 0.0549847 secs] [Times: user=0.33 sys=0.00, real=0.06 secs] 
5049.225: [GC (Allocation Failure) [PSYoungGen: 493312K->108768K(522752K)] 1488311K->1240751K(1921024K), 0.0665570 secs] [Times: user=0.39 sys=0.00, real=0.07 secs] 
5050.774: [GC (Allocation Failure) [PSYoungGen: 455392K->142048K(521728K)] 1587375K->1380084K(1920000K), 0.0546675 secs] [Times: user=0.32 sys=0.00, real=0.06 secs] 
5050.829: [Full GC (Ergonomics) [PSYoungGen: 142048K->0K(521728K)] [ParOldGen: 1238036K->177398K(1398272K)] 1380084K->177398K(1920000K), [Metaspace: 60583K->60583K(1105920K)], 0.4230271 secs] [Times: user=1.97 sys=0.00, real=0.42 secs] 
5052.921: [GC (Allocation Failure) [PSYoungGen: 346624K->107008K(521728K)] 524022K->284406K(1920000K), 0.0902826 secs] [Times: user=0.53 sys=0.01, real=0.09 secs] 
5054.467: [GC (Allocation Failure) [PSYoungGen: 454656K->152064K(500224K)] 632054K->433073K(1898496K), 0.0529109 secs] [Times: user=0.31 sys=0.00, real=0.06 secs] 
5055.850: [GC (Allocation Failure) [PSYoungGen: 499712K->110432K(521216K)] 780721K->526041K(1919488K), 0.0648154 secs] [Times: user=0.38 sys=0.00, real=0.06 secs] 
5056.592: [GC (Allocation Failure) [PSYoungGen: 451936K->143584K(519168K)] 867545K->667192K(1917440K), 0.0531954 secs] [Times: user=0.31 sys=0.01, real=0.05 secs] 
5057.933: [GC (Allocation Failure) [PSYoungGen: 485088K->106048K(519680K)] 1008696K->764520K(1917952K), 0.0640335 secs] [Times: user=0.38 sys=0.00, real=0.06 secs] 
5058.939: [GC (Allocation Failure) [PSYoungGen: 448064K->142432K(519680K)] 1106536K->903973K(1917952K), 0.0522997 secs] [Times: user=0.30 sys=0.00, real=0.05 secs] 
5060.695: [GC (Allocation Failure) [PSYoungGen: 484448K->106944K(519168K)] 1245989K->1001513K(1917440K), 0.0728337 secs] [Times: user=0.43 sys=0.00, real=0.07 secs] 
5062.608: [GC (Allocation Failure) [PSYoungGen: 449472K->140064K(519680K)] 1344041K->1138382K(1917952K), 0.0522779 secs] [Times: user=0.30 sys=0.00, real=0.06 secs] 
5063.964: [GC (Allocation Failure) [PSYoungGen: 482592K->108736K(517632K)] 1480910K->1237910K(1915904K), 0.0649567 secs] [Times: user=0.39 sys=0.00, real=0.06 secs] 
5064.664: [GC (Allocation Failure) [PSYoungGen: 453312K->152960K(497664K)] 1582486K->1388471K(1895936K), 0.0541496 secs] [Times: user=0.32 sys=0.00, real=0.05 secs] 
5064.718: [Full GC (Ergonomics) [PSYoungGen: 152960K->0K(497664K)] [ParOldGen: 1235511K->179270K(1398272K)] 1388471K->179270K(1895936K), [Metaspace: 60583K->60583K(1105920K)], 0.4295132 secs] [Times: user=1.99 sys=0.00, real=0.43 secs] 
5066.906: [GC (Allocation Failure) [PSYoungGen: 344576K->104864K(519680K)] 523846K->284134K(1917952K), 0.0951143 secs] [Times: user=0.56 sys=0.01, real=0.10 secs] 
5068.369: [GC (GCLocker Initiated GC) [PSYoungGen: 443808K->138912K(518144K)] 623080K->420324K(1916416K), 0.0519315 secs] [Times: user=0.30 sys=0.00, real=0.05 secs] 
5069.933: [GC (Allocation Failure) [PSYoungGen: 477856K->106464K(517120K)] 759306K->517742K(1915392K), 0.0855549 secs] [Times: user=0.51 sys=0.00, real=0.09 secs] 
5071.168: [GC (GCLocker Initiated GC) [PSYoungGen: 446944K->140544K(517632K)] 858224K->655953K(1915904K), 0.0521466 secs] [Times: user=0.31 sys=0.00, real=0.06 secs] 
5072.568: [GC (Allocation Failure) [PSYoungGen: 481024K->106624K(519168K)] 996502K->753690K(1917440K), 0.0876331 secs] [Times: user=0.52 sys=0.00, real=0.09 secs] 
5073.966: [GC (Allocation Failure) [PSYoungGen: 450688K->140416K(520192K)] 1097754K->891415K(1918464K), 0.0523615 secs] [Times: user=0.31 sys=0.00, real=0.05 secs] 
5075.486: [GC (GCLocker Initiated GC) [PSYoungGen: 484480K->110464K(519168K)] 1235479K->992479K(1917440K), 0.0756723 secs] [Times: user=0.44 sys=0.00, real=0.08 secs] 
5077.397: [GC (Allocation Failure) [PSYoungGen: 456576K->148096K(520704K)] 1338630K->1138355K(1918976K), 0.0545796 secs] [Times: user=0.32 sys=0.00, real=0.06 secs] 
5078.841: [GC (Allocation Failure) [PSYoungGen: 494208K->109920K(522240K)] 1484467K->1230667K(1920512K), 0.0729135 secs] [Times: user=0.44 sys=0.00, real=0.07 secs] 
5080.768: [GC (Allocation Failure) [PSYoungGen: 454496K->139264K(520704K)] 1575243K->1367680K(1918976K), 0.0534553 secs] [Times: user=0.31 sys=0.00, real=0.06 secs] 
5082.149: [GC (Allocation Failure) [PSYoungGen: 483840K->110624K(520192K)] 1712256K->1468960K(1918464K), 0.0804195 secs] [Times: user=0.48 sys=0.00, real=0.08 secs] 
5082.230: [Full GC (Ergonomics) [PSYoungGen: 110624K->0K(520192K)] [ParOldGen: 1358336K->28880K(1398272K)] 1468960K->28880K(1918464K), [Metaspace: 60583K->60583K(1105920K)], 0.0519030 secs] [Times: user=0.17 sys=0.00, real=0.05 secs] 
5083.554: [GC (Allocation Failure) [PSYoungGen: 346624K->140288K(520704K)] 375504K->169168K(1918976K), 0.0276051 secs] [Times: user=0.16 sys=0.00, real=0.03 secs] 
5084.866: [GC (Allocation Failure) [PSYoungGen: 486912K->110624K(521216K)] 515792K->270472K(1919488K), 0.0639082 secs] [Times: user=0.38 sys=0.00, real=0.07 secs] 
5086.596: [GC (Allocation Failure) [PSYoungGen: 460832K->142400K(522752K)] 620680K->410277K(1921024K), 0.0533047 secs] [Times: user=0.31 sys=0.00, real=0.06 secs] 
5088.150: [GC (Allocation Failure) [PSYoungGen: 492608K->113856K(522240K)] 760485K->514369K(1920512K), 0.0799035 secs] [Times: user=0.48 sys=0.00, real=0.08 secs] 
5089.019: [GC (GCLocker Initiated GC) [PSYoungGen: 465600K->143264K(523264K)] 866113K->655838K(1921536K), 0.0545648 secs] [Times: user=0.31 sys=0.00, real=0.05 secs] 
5091.624: [GC (Allocation Failure) [PSYoungGen: 495008K->108480K(526336K)] 1007653K->755357K(1924608K), 0.1368429 secs] [Times: user=0.82 sys=0.00, real=0.14 secs] 
5092.728: [GC (Allocation Failure) [PSYoungGen: 461248K->146496K(499712K)] 1108125K->899010K(1897984K), 0.0533504 secs] [Times: user=0.31 sys=0.00, real=0.06 secs] 
5094.797: [GC (Allocation Failure) [PSYoungGen: 499264K->109952K(525312K)] 1251778K->999650K(1923584K), 0.1505735 secs] [Times: user=0.81 sys=0.00, real=0.15 secs] 
5096.139: [GC (Allocation Failure) [PSYoungGen: 459648K->146848K(496640K)] 1349346K->1142547K(1894912K), 0.0538875 secs] [Times: user=0.32 sys=0.00, real=0.05 secs] 
5098.044: [GC (GCLocker Initiated GC) [PSYoungGen: 496544K->107104K(523264K)] 1492243K->1240499K(1921536K), 0.1083947 secs] [Times: user=0.64 sys=0.00, real=0.11 secs] 
5099.486: [GC (Allocation Failure) [PSYoungGen: 453728K->144224K(491008K)] 1587126K->1380403K(1889280K), 0.0525152 secs] [Times: user=0.30 sys=0.01, real=0.05 secs] 
5099.538: [Full GC (Ergonomics) [PSYoungGen: 144224K->0K(491008K)] [ParOldGen: 1236179K->185176K(1398272K)] 1380403K->185176K(1889280K), [Metaspace: 60583K->60583K(1105920K)], 0.4554667 secs] [Times: user=2.13 sys=0.00, real=0.46 secs] 
5101.744: [GC (GCLocker Initiated GC) [PSYoungGen: 346624K->105376K(522752K)] 531801K->290553K(1921024K), 0.0591067 secs] [Times: user=0.34 sys=0.00, real=0.06 secs] 
5103.682: [GC (Allocation Failure) [PSYoungGen: 450976K->145056K(491008K)] 636192K->431041K(1889280K), 0.0511632 secs] [Times: user=0.31 sys=0.00, real=0.05 secs] 
5105.306: [GC (Allocation Failure) [PSYoungGen: 490656K->107104K(522240K)] 776641K->529521K(1920512K), 0.1120670 secs] [Times: user=0.66 sys=0.01, real=0.11 secs] 
5107.538: [GC (Allocation Failure) [PSYoungGen: 451168K->140672K(520704K)] 873585K->666101K(1918976K), 0.0517563 secs] [Times: user=0.30 sys=0.00, real=0.06 secs] 
5109.049: [GC (GCLocker Initiated GC) [PSYoungGen: 484736K->107680K(520192K)] 1010166K->764722K(1918464K), 0.1098015 secs] [Times: user=0.65 sys=0.00, real=0.11 secs] 
5110.197: [GC (Allocation Failure) [PSYoungGen: 452768K->142816K(520704K)] 1109813K->904345K(1918976K), 0.0530035 secs] [Times: user=0.32 sys=0.00, real=0.06 secs] 
5112.331: [GC (Allocation Failure) [PSYoungGen: 487904K->105856K(521728K)] 1249433K->1001189K(1920000K), 0.1456746 secs] [Times: user=0.86 sys=0.01, real=0.14 secs] 
5113.210: [GC (Allocation Failure) [PSYoungGen: 451968K->144384K(491008K)] 1347301K->1142962K(1889280K), 0.0539967 secs] [Times: user=0.32 sys=0.00, real=0.05 secs] 
5115.515: [GC (Allocation Failure) [PSYoungGen: 490496K->107040K(522752K)] 1489074K->1240874K(1921024K), 0.1544175 secs] [Times: user=0.91 sys=0.00, real=0.16 secs] 
5116.323: [GC (Allocation Failure) [PSYoungGen: 452128K->144064K(489472K)] 1585962K->1382343K(1887744K), 0.0539135 secs] [Times: user=0.32 sys=0.01, real=0.05 secs] 
5116.377: [Full GC (Ergonomics) [PSYoungGen: 144064K->0K(489472K)] [ParOldGen: 1238279K->180929K(1398272K)] 1382343K->180929K(1887744K), [Metaspace: 60583K->60583K(1105920K)], 0.4410141 secs] [Times: user=2.06 sys=0.00, real=0.44 secs] 
5118.482: [GC (Allocation Failure) [PSYoungGen: 345088K->106592K(522240K)] 526017K->287521K(1920512K), 0.0337013 secs] [Times: user=0.19 sys=0.00, real=0.03 secs] 
5119.446: [GC (Allocation Failure) [PSYoungGen: 450656K->142368K(520704K)] 631585K->427014K(1918976K), 0.0524336 secs] [Times: user=0.31 sys=0.01, real=0.05 secs] 
5121.541: [GC (Allocation Failure) [PSYoungGen: 486432K->106208K(520192K)] 771078K->523782K(1918464K), 0.1597482 secs] [Times: user=0.96 sys=0.00, real=0.16 secs] 
5123.197: [GC (Allocation Failure) [PSYoungGen: 450784K->142304K(520704K)] 868358K->663179K(1918976K), 0.0532525 secs] [Times: user=0.31 sys=0.01, real=0.06 secs] 
5124.661: [GC (Allocation Failure) [PSYoungGen: 486880K->107904K(520192K)] 1007755K->761779K(1918464K), 0.0663599 secs] [Times: user=0.40 sys=0.00, real=0.06 secs] 
5125.460: [GC (GCLocker Initiated GC) [PSYoungGen: 452992K->142688K(520704K)] 1106867K->902620K(1918976K), 0.0542609 secs] [Times: user=0.32 sys=0.00, real=0.05 secs] 
5127.218: [GC (GCLocker Initiated GC) [PSYoungGen: 487776K->109216K(520704K)] 1247710K->1002566K(1918976K), 0.1019629 secs] [Times: user=0.61 sys=0.00, real=0.11 secs] 
5128.027: [GC (Allocation Failure) [PSYoungGen: 455328K->145312K(521216K)] 1348749K->1145462K(1919488K), 0.0544785 secs] [Times: user=0.32 sys=0.00, real=0.06 secs] 
5130.327: [GC (GCLocker Initiated GC) [PSYoungGen: 491424K->105728K(522240K)] 1491574K->1242254K(1920512K), 0.1144994 secs] [Times: user=0.68 sys=0.00, real=0.12 secs] 
5131.398: [GC (Allocation Failure) [PSYoungGen: 450816K->143680K(488960K)] 1587345K->1382918K(1887232K), 0.0533535 secs] [Times: user=0.31 sys=0.01, real=0.06 secs] 
5131.451: [Full GC (Ergonomics) [PSYoungGen: 143680K->0K(488960K)] [ParOldGen: 1239238K->180726K(1398272K)] 1382918K->180726K(1887232K), [Metaspace: 60586K->60586K(1105920K)], 0.4297424 secs] [Times: user=2.00 sys=0.00, real=0.43 secs] 
5133.648: [GC (Allocation Failure) [PSYoungGen: 345088K->107200K(522752K)] 525814K->287926K(1921024K), 0.0682190 secs] [Times: user=0.41 sys=0.00, real=0.07 secs] 
5134.403: [GC (Allocation Failure) [PSYoungGen: 451776K->145024K(489984K)] 632502K->430159K(1888256K), 0.0526183 secs] [Times: user=0.30 sys=0.01, real=0.05 secs] 
5135.923: [GC (GCLocker Initiated GC) [PSYoungGen: 489600K->106048K(521728K)] 774735K->527367K(1920000K), 0.0889172 secs] [Times: user=0.53 sys=0.01, real=0.09 secs] 
5137.450: [GC (Allocation Failure) [PSYoungGen: 449088K->142464K(520192K)] 870410K->665895K(1918464K), 0.0512716 secs] [Times: user=0.30 sys=0.00, real=0.05 secs] 
5138.977: [GC (Allocation Failure) [PSYoungGen: 485504K->107168K(519168K)] 1008935K->763687K(1917440K), 0.1113234 secs] [Times: user=0.66 sys=0.00, real=0.11 secs] 
5141.072: [GC (Allocation Failure) [PSYoungGen: 450208K->140192K(519680K)] 1106727K->900964K(1917952K), 0.0528683 secs] [Times: user=0.31 sys=0.00, real=0.05 secs] 
5142.480: [GC (Allocation Failure) [PSYoungGen: 483232K->109024K(518656K)] 1244004K->1000964K(1916928K), 0.0719547 secs] [Times: user=0.43 sys=0.00, real=0.07 secs] 
5143.873: [GC (Allocation Failure) [PSYoungGen: 454112K->141536K(520192K)] 1346052K->1139465K(1918464K), 0.0532453 secs] [Times: user=0.31 sys=0.00, real=0.05 secs] 
5145.512: [GC (Allocation Failure) [PSYoungGen: 486624K->107936K(521728K)] 1484553K->1237997K(1920000K), 0.1345638 secs] [Times: user=0.79 sys=0.00, real=0.13 secs] 
5147.091: [GC (Allocation Failure) [PSYoungGen: 455584K->141984K(522240K)] 1585645K->1376882K(1920512K), 0.0533347 secs] [Times: user=0.32 sys=0.00, real=0.05 secs] 
5147.144: [Full GC (Ergonomics) [PSYoungGen: 141984K->0K(522240K)] [ParOldGen: 1234898K->175770K(1398272K)] 1376882K->175770K(1920512K), [Metaspace: 60618K->60618K(1105920K)], 0.4296982 secs] [Times: user=2.01 sys=0.00, real=0.43 secs] 
5149.665: [GC (Allocation Failure) [PSYoungGen: 347648K->109088K(521728K)] 523418K->284858K(1920000K), 0.0984981 secs] [Times: user=0.58 sys=0.00, real=0.10 secs] 
5151.323: [GC (Allocation Failure) [PSYoungGen: 457248K->143296K(522240K)] 633018K->425367K(1920512K), 0.0535999 secs] [Times: user=0.32 sys=0.00, real=0.05 secs] 
5152.849: [GC (Allocation Failure) [PSYoungGen: 491456K->110848K(521728K)] 773527K->526731K(1920000K), 0.0655352 secs] [Times: user=0.39 sys=0.00, real=0.06 secs] 
5153.571: [GC (Allocation Failure) [PSYoungGen: 459520K->145088K(522240K)] 875403K->668760K(1920512K), 0.0530017 secs] [Times: user=0.31 sys=0.00, real=0.05 secs] 
5155.575: [GC (Allocation Failure) [PSYoungGen: 493760K->108576K(523776K)] 1017432K->768264K(1922048K), 0.1021628 secs] [Times: user=0.61 sys=0.01, real=0.10 secs] 
5156.648: [GC (Allocation Failure) [PSYoungGen: 456736K->146624K(495104K)] 1116424K->910899K(1893376K), 0.0531212 secs] [Times: user=0.31 sys=0.00, real=0.06 secs] 
5158.708: [GC (GCLocker Initiated GC) [PSYoungGen: 494784K->107680K(523264K)] 1259060K->1009640K(1921536K), 0.0946736 secs] [Times: user=0.56 sys=0.00, real=0.10 secs] 
5159.640: [GC (Allocation Failure) [PSYoungGen: 453280K->147392K(493056K)] 1355242K->1153511K(1891328K), 0.0654257 secs] [Times: user=0.38 sys=0.00, real=0.06 secs] 
5161.841: [GC (Allocation Failure) [PSYoungGen: 492992K->104416K(521216K)] 1499111K->1249591K(1919488K), 0.0667063 secs] [Times: user=0.39 sys=0.00, real=0.06 secs] 
5162.687: [GC (Allocation Failure) [PSYoungGen: 446432K->145472K(487936K)] 1591607K->1391712K(1886208K), 0.0514499 secs] [Times: user=0.30 sys=0.00, real=0.05 secs] 
5162.738: [Full GC (Ergonomics) [PSYoungGen: 145472K->0K(487936K)] [ParOldGen: 1246240K->189733K(1398272K)] 1391712K->189733K(1886208K), [Metaspace: 60618K->60618K(1105920K)], 0.4512660 secs] [Times: user=2.09 sys=0.00, real=0.46 secs] 
5165.457: [GC (Allocation Failure) [PSYoungGen: 342016K->102976K(520192K)] 531749K->292709K(1918464K), 0.0797904 secs] [Times: user=0.47 sys=0.00, real=0.08 secs] 
5166.982: [GC (Allocation Failure) [PSYoungGen: 442944K->142240K(518656K)] 632677K->431122K(1916928K), 0.0502699 secs] [Times: user=0.30 sys=0.00, real=0.05 secs] 
5168.401: [GC (Allocation Failure) [PSYoungGen: 482208K->106784K(517632K)] 771090K->528554K(1915904K), 0.0645788 secs] [Times: user=0.38 sys=0.00, real=0.06 secs] 
5169.238: [GC (GCLocker Initiated GC) [PSYoungGen: 446752K->144352K(518144K)] 868522K->670023K(1916416K), 0.0527459 secs] [Times: user=0.31 sys=0.00, real=0.06 secs] 
5170.719: [GC (Allocation Failure) [PSYoungGen: 484320K->105632K(518656K)] 1010062K->767150K(1916928K), 0.0672968 secs] [Times: user=0.40 sys=0.00, real=0.06 secs] 
5172.906: [GC (Allocation Failure) [PSYoungGen: 446112K->140128K(518656K)] 1107630K->903202K(1916928K), 0.0520305 secs] [Times: user=0.31 sys=0.00, real=0.05 secs] 
5174.845: [GC (Allocation Failure) [PSYoungGen: 480608K->105312K(518144K)] 1243682K->999282K(1916416K), 0.1457565 secs] [Times: user=0.87 sys=0.00, real=0.15 secs] 
5177.596: [GC (Allocation Failure) [PSYoungGen: 447328K->138496K(519168K)] 1341298K->1134807K(1917440K), 0.0525310 secs] [Times: user=0.31 sys=0.00, real=0.05 secs] 
5179.001: [GC (Allocation Failure) [PSYoungGen: 480512K->106976K(517632K)] 1476823K->1232767K(1915904K), 0.0650896 secs] [Times: user=0.39 sys=0.00, real=0.06 secs] 
5180.553: [GC (Allocation Failure) [PSYoungGen: 451552K->140736K(519680K)] 1577343K->1370828K(1917952K), 0.0542937 secs] [Times: user=0.31 sys=0.01, real=0.05 secs] 
5182.018: [GC (Allocation Failure) [PSYoungGen: 485312K->110400K(519680K)] 1715404K->1471892K(1917952K), 0.0699340 secs] [Times: user=0.42 sys=0.00, real=0.07 secs] 
5182.088: [Full GC (Ergonomics) [PSYoungGen: 110400K->0K(519680K)] [ParOldGen: 1361492K->32111K(1398272K)] 1471892K->32111K(1917952K), [Metaspace: 60619K->60619K(1105920K)], 0.0540807 secs] [Times: user=0.18 sys=0.00, real=0.06 secs] 
5183.630: [GC (GCLocker Initiated GC) [PSYoungGen: 347648K->140544K(521216K)] 379760K->172656K(1919488K), 0.0283316 secs] [Times: user=0.17 sys=0.00, real=0.02 secs] 
5185.107: [GC (Allocation Failure) [PSYoungGen: 488192K->111392K(521728K)] 520374K->274758K(1920000K), 0.0918363 secs] [Times: user=0.54 sys=0.00, real=0.09 secs] 
5185.921: [GC (Allocation Failure) [PSYoungGen: 461600K->146816K(522752K)] 624966K->419005K(1921024K), 0.0539920 secs] [Times: user=0.32 sys=0.00, real=0.05 secs] 
5187.854: [GC (Allocation Failure) [PSYoungGen: 497024K->107776K(524288K)] 769213K->518125K(1922560K), 0.0991793 secs] [Times: user=0.59 sys=0.00, real=0.10 secs] 
5188.752: [GC (Allocation Failure) [PSYoungGen: 456448K->146176K(495104K)] 866797K->661918K(1893376K), 0.0529254 secs] [Times: user=0.31 sys=0.00, real=0.05 secs] 
5191.355: [GC (GCLocker Initiated GC) [PSYoungGen: 494848K->105216K(522752K)] 1010596K->758540K(1921024K), 0.1654566 secs] [Times: user=0.98 sys=0.00, real=0.17 secs] 
5192.501: [GC (Allocation Failure) [PSYoungGen: 450816K->145120K(491008K)] 1104143K->900840K(1889280K), 0.0516580 secs] [Times: user=0.30 sys=0.00, real=0.05 secs] 
5194.363: [GC (Allocation Failure) [PSYoungGen: 490720K->106432K(522240K)] 1246440K->998456K(1920512K), 0.1466875 secs] [Times: user=0.87 sys=0.00, real=0.15 secs] 
5195.773: [GC (Allocation Failure) [PSYoungGen: 449984K->143712K(520192K)] 1342008K->1139019K(1918464K), 0.0527218 secs] [Times: user=0.31 sys=0.00, real=0.05 secs] 
5197.292: [GC (Allocation Failure) [PSYoungGen: 486101K->106368K(520192K)] 1481409K->1236659K(1918464K), 0.0842965 secs] [Times: user=0.38 sys=0.00, real=0.08 secs] 
5198.620: [GC (Allocation Failure) [PSYoungGen: 449920K->141088K(520192K)] 1580211K->1375232K(1918464K), 0.0520423 secs] [Times: user=0.30 sys=0.00, real=0.05 secs] 
5198.673: [Full GC (Ergonomics) [PSYoungGen: 141088K->0K(520192K)] [ParOldGen: 1234144K->179542K(1398272K)] 1375232K->179542K(1918464K), [Metaspace: 60619K->60619K(1105920K)], 0.4258784 secs] [Times: user=1.96 sys=0.01, real=0.42 secs] 
5201.412: [GC (Allocation Failure) [PSYoungGen: 343552K->103616K(521216K)] 523094K->283158K(1919488K), 0.1020591 secs] [Times: user=0.60 sys=0.00, real=0.10 secs] 
5203.345: [GC (Allocation Failure) [PSYoungGen: 448192K->142528K(487424K)] 627734K->422343K(1885696K), 0.0515721 secs] [Times: user=0.30 sys=0.00, real=0.05 secs] 
5204.663: [GC (GCLocker Initiated GC) [PSYoungGen: 487104K->109120K(523264K)] 766919K->522223K(1921536K), 0.0644550 secs] [Times: user=0.39 sys=0.01, real=0.06 secs] 
5205.585: [GC (Allocation Failure) [PSYoungGen: 454208K->143296K(520704K)] 867314K->662871K(1918976K), 0.0530665 secs] [Times: user=0.31 sys=0.01, real=0.05 secs] 
5207.524: [GC (Allocation Failure) [PSYoungGen: 488384K->107104K(521216K)] 1007959K->760507K(1919488K), 0.1420868 secs] [Times: user=0.80 sys=0.01, real=0.14 secs] 
5209.422: [GC (Allocation Failure) [PSYoungGen: 452704K->140768K(521216K)] 1106107K->898664K(1919488K), 0.0529062 secs] [Times: user=0.31 sys=0.00, real=0.05 secs] 
5211.306: [GC (Allocation Failure) [PSYoungGen: 486368K->109312K(520192K)] 1244264K->998460K(1918464K), 0.0958975 secs] [Times: user=0.57 sys=0.00, real=0.10 secs] 
5212.683: [GC (Allocation Failure) [PSYoungGen: 455936K->142272K(521216K)] 1345084K->1138113K(1919488K), 0.0539650 secs] [Times: user=0.32 sys=0.00, real=0.05 secs] 
5214.018: [GC (Allocation Failure) [PSYoungGen: 488896K->110240K(521728K)] 1484737K->1239097K(1920000K), 0.0652198 secs] [Times: user=0.38 sys=0.00, real=0.07 secs] 
5215.508: [GC (Allocation Failure) [PSYoungGen: 458400K->142848K(522240K)] 1587257K->1379125K(1920512K), 0.0544073 secs] [Times: user=0.33 sys=0.00, real=0.06 secs] 
5215.562: [Full GC (Ergonomics) [PSYoungGen: 142848K->0K(522240K)] [ParOldGen: 1236277K->176663K(1398272K)] 1379125K->176663K(1920512K), [Metaspace: 60619K->60619K(1105920K)], 0.4290208 secs] [Times: user=2.00 sys=0.00, real=0.43 secs] 
5218.103: [GC (GCLocker Initiated GC) [PSYoungGen: 348160K->107904K(523264K)] 524827K->284571K(1921536K), 0.0990255 secs] [Times: user=0.58 sys=0.01, real=0.10 secs] 
5219.029: [GC (Allocation Failure) [PSYoungGen: 457088K->154144K(503808K)] 633758K->435862K(1902080K), 0.0538554 secs] [Times: user=0.32 sys=0.00, real=0.05 secs] 
5220.428: [GC (GCLocker Initiated GC) [PSYoungGen: 503328K->110272K(521216K)] 785046K->528507K(1919488K), 0.0658549 secs] [Times: user=0.39 sys=0.00, real=0.07 secs] 
5221.644: [GC (Allocation Failure) [PSYoungGen: 451264K->142656K(518656K)] 869501K->667730K(1916928K), 0.0536027 secs] [Times: user=0.32 sys=0.00, real=0.05 secs] 
5223.342: [GC (Allocation Failure) [PSYoungGen: 483648K->104864K(520192K)] 1008722K->763762K(1918464K), 0.0961144 secs] [Times: user=0.57 sys=0.01, real=0.09 secs] 
5224.304: [GC (Allocation Failure) [PSYoungGen: 446880K->142176K(519680K)] 1105778K->903039K(1917952K), 0.0516807 secs] [Times: user=0.30 sys=0.00, real=0.05 secs] 
5225.926: [GC (Allocation Failure) [PSYoungGen: 484192K->105440K(519168K)] 1245055K->999203K(1917440K), 0.0966619 secs] [Times: user=0.57 sys=0.00, real=0.10 secs] 
5227.199: [GC (GCLocker Initiated GC) [PSYoungGen: 447968K->140704K(519680K)] 1341732K->1137200K(1917952K), 0.0530030 secs] [Times: user=0.31 sys=0.00, real=0.05 secs] 
5228.622: [GC (Allocation Failure) [PSYoungGen: 483232K->108992K(518144K)] 1479729K->1236993K(1916416K), 0.0649229 secs] [Times: user=0.38 sys=0.01, real=0.06 secs] 
5229.535: [GC (Allocation Failure) [PSYoungGen: 453056K->142016K(519680K)] 1581057K->1377090K(1917952K), 0.0546266 secs] [Times: user=0.32 sys=0.00, real=0.06 secs] 
5229.590: [Full GC (Ergonomics) [PSYoungGen: 142016K->0K(519680K)] [ParOldGen: 1235074K->175745K(1398272K)] 1377090K->175745K(1917952K), [Metaspace: 60619K->60619K(1105920K)], 0.4234542 secs] [Times: user=1.97 sys=0.00, real=0.42 secs] 
5231.412: [GC (Allocation Failure) [PSYoungGen: 344064K->107552K(520704K)] 519809K->283297K(1918976K), 0.0623395 secs] [Times: user=0.37 sys=0.00, real=0.06 secs] 
5232.475: [GC (Allocation Failure) [PSYoungGen: 453664K->143680K(521216K)] 629409K->424046K(1919488K), 0.0530661 secs] [Times: user=0.32 sys=0.00, real=0.05 secs] 
5234.535: [GC (GCLocker Initiated GC) [PSYoungGen: 489792K->107648K(521728K)] 770158K->522442K(1920000K), 0.1519192 secs] [Times: user=0.90 sys=0.00, real=0.15 secs] 
5235.661: [GC (Allocation Failure) [PSYoungGen: 454272K->144544K(491520K)] 869073K->664006K(1889792K), 0.0527125 secs] [Times: user=0.31 sys=0.00, real=0.05 secs] 
5237.145: [GC (Allocation Failure) [PSYoungGen: 491168K->108896K(523264K)] 1010630K->763662K(1921536K), 0.0828655 secs] [Times: user=0.49 sys=0.01, real=0.08 secs] 
5238.266: [GC (Allocation Failure) [PSYoungGen: 454496K->143264K(521216K)] 1109262K->903755K(1919488K), 0.0588653 secs] [Times: user=0.32 sys=0.00, real=0.06 secs] 
5239.686: [GC (Allocation Failure) [PSYoungGen: 488864K->109408K(520704K)] 1249355K->1003947K(1918976K), 0.0718646 secs] [Times: user=0.43 sys=0.00, real=0.07 secs] 
5241.084: [GC (Allocation Failure) [PSYoungGen: 455520K->142432K(521216K)] 1350059K->1142407K(1919488K), 0.0535240 secs] [Times: user=0.31 sys=0.00, real=0.05 secs] 
5242.969: [GC (Allocation Failure) [PSYoungGen: 488544K->109312K(521216K)] 1488519K->1242032K(1919488K), 0.1177073 secs] [Times: user=0.70 sys=0.00, real=0.12 secs] 
5244.419: [GC (Allocation Failure) [PSYoungGen: 456448K->144448K(521728K)] 1589168K->1382572K(1920000K), 0.0546848 secs] [Times: user=0.32 sys=0.01, real=0.05 secs] 
5244.474: [Full GC (Ergonomics) [PSYoungGen: 144448K->0K(521728K)] [ParOldGen: 1238124K->182605K(1398272K)] 1382572K->182605K(1920000K), [Metaspace: 60622K->60622K(1105920K)], 0.4395982 secs] [Times: user=2.05 sys=0.00, real=0.44 secs] 
5246.117: [GC (Allocation Failure) [PSYoungGen: 347136K->108416K(522240K)] 529741K->291021K(1920512K), 0.0336439 secs] [Times: user=0.19 sys=0.00, real=0.04 secs] 
5247.869: [GC (Allocation Failure) [PSYoungGen: 455040K->142912K(521728K)] 637645K->430482K(1920000K), 0.0526749 secs] [Times: user=0.31 sys=0.00, real=0.05 secs] 
5249.994: [GC (Allocation Failure) [PSYoungGen: 489536K->108384K(522240K)] 777106K->529710K(1920512K), 0.1515513 secs] [Times: user=0.90 sys=0.00, real=0.15 secs] 
5251.576: [GC (Allocation Failure) [PSYoungGen: 455520K->144992K(492544K)] 876846K->670911K(1890816K), 0.0522906 secs] [Times: user=0.30 sys=0.00, real=0.06 secs] 
5253.282: [GC (Allocation Failure) [PSYoungGen: 492128K->106400K(523264K)] 1018047K->768551K(1921536K), 0.0835934 secs] [Times: user=0.50 sys=0.00, real=0.08 secs] 
5253.981: [GC (Allocation Failure) [PSYoungGen: 452512K->147488K(494080K)] 1114663K->912935K(1892352K), 0.0522970 secs] [Times: user=0.31 sys=0.00, real=0.05 secs] 
5256.420: [GC (GCLocker Initiated GC) [PSYoungGen: 493600K->104864K(521216K)] 1259047K->1009215K(1919488K), 0.1727899 secs] [Times: user=1.01 sys=0.01, real=0.17 secs] 
5258.152: [GC (Allocation Failure) [PSYoungGen: 446880K->143424K(519680K)] 1351234K->1148118K(1917952K), 0.0523591 secs] [Times: user=0.30 sys=0.00, real=0.05 secs] 
5260.205: [GC (Allocation Failure) [PSYoungGen: 485440K->106144K(519680K)] 1490134K->1244946K(1917952K), 0.1487521 secs] [Times: user=0.88 sys=0.00, real=0.15 secs] 
5262.081: [GC (Allocation Failure) [PSYoungGen: 448160K->141952K(519680K)] 1586962K->1382463K(1917952K), 0.0532525 secs] [Times: user=0.32 sys=0.00, real=0.05 secs] 
5262.135: [Full GC (Ergonomics) [PSYoungGen: 141952K->0K(519680K)] [ParOldGen: 1240511K->179875K(1398272K)] 1382463K->179875K(1917952K), [Metaspace: 60623K->60623K(1105920K)], 0.4330070 secs] [Times: user=2.02 sys=0.00, real=0.43 secs] 
5263.798: [GC (Allocation Failure) [PSYoungGen: 342016K->108160K(518144K)] 521891K->288035K(1916416K), 0.0501499 secs] [Times: user=0.29 sys=0.00, real=0.05 secs] 
5265.242: [GC (Allocation Failure) [PSYoungGen: 450688K->139968K(519168K)] 630563K->425052K(1917440K), 0.0526633 secs] [Times: user=0.31 sys=0.00, real=0.05 secs] 
5266.733: [GC (Allocation Failure) [PSYoungGen: 482496K->108928K(518656K)] 767580K->524972K(1916928K), 0.0974138 secs] [Times: user=0.58 sys=0.00, real=0.10 secs] 
5268.379: [GC (Allocation Failure) [PSYoungGen: 454016K->141664K(520192K)] 870060K->663521K(1918464K), 0.0524491 secs] [Times: user=0.31 sys=0.00, real=0.05 secs] 
5270.066: [GC (Allocation Failure) [PSYoungGen: 486752K->105824K(521728K)] 1008609K->760021K(1920000K), 0.1367388 secs] [Times: user=0.80 sys=0.01, real=0.14 secs] 
5271.538: [GC (Allocation Failure) [PSYoungGen: 453472K->143712K(491520K)] 1107669K->900484K(1889792K), 0.0527945 secs] [Times: user=0.31 sys=0.00, real=0.06 secs] 
5272.853: [GC (Allocation Failure) [PSYoungGen: 491360K->110976K(524288K)] 1248132K->1002572K(1922560K), 0.0654500 secs] [Times: user=0.39 sys=0.00, real=0.06 secs] 
5274.363: [GC (Allocation Failure) [PSYoungGen: 458112K->141664K(521728K)] 1349708K->1141625K(1920000K), 0.0536943 secs] [Times: user=0.32 sys=0.00, real=0.05 secs] 
5276.529: [GC (GCLocker Initiated GC) [PSYoungGen: 488800K->107680K(522752K)] 1488761K->1240161K(1921024K), 0.1547903 secs] [Times: user=0.92 sys=0.01, real=0.15 secs] 
5278.094: [GC (Allocation Failure) [PSYoungGen: 456352K->143520K(522752K)] 1588903K->1380556K(1921024K), 0.0535611 secs] [Times: user=0.31 sys=0.00, real=0.05 secs] 
5278.148: [Full GC (Ergonomics) [PSYoungGen: 143520K->0K(522752K)] [ParOldGen: 1237036K->179246K(1398272K)] 1380556K->179246K(1921024K), [Metaspace: 60623K->60623K(1105920K)], 0.4359716 secs] [Times: user=2.04 sys=0.01, real=0.44 secs] 
5279.987: [GC (GCLocker Initiated GC) [PSYoungGen: 348672K->110400K(522752K)] 527918K->289646K(1921024K), 0.0450734 secs] [Times: user=0.27 sys=0.00, real=0.05 secs] 
5280.809: [GC (Allocation Failure) [PSYoungGen: 459072K->154784K(503808K)] 638357K->440450K(1902080K), 0.0540168 secs] [Times: user=0.32 sys=0.00, real=0.05 secs] 
5282.454: [GC (Allocation Failure) [PSYoungGen: 503456K->108032K(520704K)] 789122K->531290K(1918976K), 0.0858535 secs] [Times: user=0.51 sys=0.00, real=0.09 secs] 
5283.329: [GC (Allocation Failure) [PSYoungGen: 448512K->143936K(518656K)] 871770K->671191K(1916928K), 0.0525603 secs] [Times: user=0.31 sys=0.00, real=0.05 secs] 
5285.153: [GC (GCLocker Initiated GC) [PSYoungGen: 484416K->104800K(519680K)] 1011671K->766719K(1917952K), 0.1513126 secs] [Times: user=0.91 sys=0.00, real=0.15 secs] 
5286.348: [GC (Allocation Failure) [PSYoungGen: 445280K->141696K(519168K)] 1107201K->905098K(1917440K), 0.0522495 secs] [Times: user=0.31 sys=0.00, real=0.06 secs] 
5288.435: [GC (Allocation Failure) [PSYoungGen: 482176K->105152K(517632K)] 1245578K->1001418K(1915904K), 0.1085238 secs] [Times: user=0.64 sys=0.00, real=0.11 secs] 
5289.631: [GC (Allocation Failure) [PSYoungGen: 446144K->140512K(518656K)] 1342410K->1139471K(1916928K), 0.0526404 secs] [Times: user=0.31 sys=0.00, real=0.05 secs] 
5291.098: [GC (Allocation Failure) [PSYoungGen: 481504K->107008K(518656K)] 1480463K->1237431K(1916928K), 0.0659281 secs] [Times: user=0.39 sys=0.00, real=0.07 secs] 
5292.798: [GC (Allocation Failure) [PSYoungGen: 450048K->141728K(519680K)] 1580471K->1376388K(1917952K), 0.0547781 secs] [Times: user=0.33 sys=0.00, real=0.06 secs] 
5292.853: [Full GC (Ergonomics) [PSYoungGen: 141728K->0K(519680K)] [ParOldGen: 1234660K->173408K(1398272K)] 1376388K->173408K(1917952K), [Metaspace: 60623K->60623K(1105920K)], 0.4251113 secs] [Times: user=1.98 sys=0.00, real=0.42 secs] 
5295.007: [GC (Allocation Failure) [PSYoungGen: 343040K->107200K(519168K)] 516448K->280608K(1917440K), 0.0969328 secs] [Times: user=0.57 sys=0.00, real=0.10 secs] 
5297.538: [GC (Allocation Failure) [PSYoungGen: 451776K->138624K(520192K)] 625184K->416548K(1918464K), 0.0528237 secs] [Times: user=0.32 sys=0.00, real=0.06 secs] 
5299.160: [GC (Allocation Failure) [PSYoungGen: 483200K->107648K(519680K)] 761124K->514780K(1917952K), 0.0995418 secs] [Times: user=0.59 sys=0.00, real=0.10 secs] 
5300.872: [GC (Allocation Failure) [PSYoungGen: 454784K->141504K(521216K)] 861916K->653601K(1919488K), 0.0525787 secs] [Times: user=0.31 sys=0.00, real=0.05 secs] 
5302.424: [GC (Allocation Failure) [PSYoungGen: 488640K->110752K(521216K)] 1000737K->754909K(1919488K), 0.0819501 secs] [Times: user=0.49 sys=0.00, real=0.08 secs] 
5303.471: [GC (Allocation Failure) [PSYoungGen: 459936K->144000K(522240K)] 1104093K->896066K(1920512K), 0.0538481 secs] [Times: user=0.31 sys=0.00, real=0.05 secs] 
5304.901: [GC (Allocation Failure) [PSYoungGen: 493184K->111776K(523264K)] 1245250K->998134K(1921536K), 0.0777176 secs] [Times: user=0.46 sys=0.00, real=0.08 secs] 
5306.151: [GC (Allocation Failure) [PSYoungGen: 461984K->146496K(497152K)] 1348342K->1141619K(1895424K), 0.0550674 secs] [Times: user=0.33 sys=0.00, real=0.05 secs] 
5307.776: [GC (Allocation Failure) [PSYoungGen: 496704K->107712K(524288K)] 1491827K->1240491K(1922560K), 0.1092907 secs] [Times: user=0.64 sys=0.00, real=0.11 secs] 
5308.967: [GC (Allocation Failure) [PSYoungGen: 455872K->146080K(494592K)] 1588651K->1383448K(1892864K), 0.0541896 secs] [Times: user=0.32 sys=0.00, real=0.06 secs] 
5309.021: [Full GC (Ergonomics) [PSYoungGen: 146080K->0K(494592K)] [ParOldGen: 1237368K->183388K(1398272K)] 1383448K->183388K(1892864K), [Metaspace: 60623K->60623K(1105920K)], 0.4404316 secs] [Times: user=2.05 sys=0.00, real=0.44 secs] 
5311.439: [GC (Allocation Failure) [PSYoungGen: 348160K->106304K(522752K)] 531548K->289692K(1921024K), 0.1052438 secs] [Times: user=0.62 sys=0.00, real=0.10 secs] 
5312.802: [GC (Allocation Failure) [PSYoungGen: 451392K->145120K(490496K)] 634780K->430481K(1888768K), 0.0537491 secs] [Times: user=0.31 sys=0.00, real=0.05 secs] 
5314.386: [GC (Allocation Failure) [PSYoungGen: 490208K->107968K(522240K)] 775569K->529241K(1920512K), 0.0959998 secs] [Times: user=0.57 sys=0.00, real=0.10 secs] 
5315.190: [GC (Allocation Failure) [PSYoungGen: 452032K->144576K(488960K)] 873305K->667726K(1887232K), 0.0518937 secs] [Times: user=0.30 sys=0.01, real=0.05 secs] 
5318.075: [GC (Allocation Failure) [PSYoungGen: 486676K->106400K(521728K)] 1009826K->764830K(1920000K), 0.1324826 secs] [Times: user=0.78 sys=0.01, real=0.13 secs] 
5319.467: [GC (Allocation Failure) [PSYoungGen: 449440K->142944K(520192K)] 1107870K->905015K(1918464K), 0.0527583 secs] [Times: user=0.31 sys=0.00, real=0.06 secs] 
5320.949: [GC (Allocation Failure) [PSYoungGen: 484013K->108064K(519168K)] 1246084K->1004099K(1917440K), 0.0759348 secs] [Times: user=0.44 sys=0.00, real=0.08 secs] 
5322.857: [GC (Allocation Failure) [PSYoungGen: 451104K->140768K(519680K)] 1347139K->1141312K(1917952K), 0.0524818 secs] [Times: user=0.31 sys=0.00, real=0.06 secs] 
5324.255: [GC (Allocation Failure) [PSYoungGen: 483808K->108000K(518656K)] 1484352K->1239704K(1916928K), 0.0779912 secs] [Times: user=0.47 sys=0.00, real=0.08 secs] 
5325.377: [GC (Allocation Failure) [PSYoungGen: 453088K->141888K(520192K)] 1584792K->1378501K(1918464K), 0.0534929 secs] [Times: user=0.32 sys=0.00, real=0.06 secs] 
5325.431: [Full GC (Ergonomics) [PSYoungGen: 141888K->0K(520192K)] [ParOldGen: 1236613K->176902K(1398272K)] 1378501K->176902K(1918464K), [Metaspace: 60623K->60590K(1105920K)], 0.4364575 secs] [Times: user=2.00 sys=0.00, real=0.43 secs] 
5327.606: [GC (Allocation Failure) [PSYoungGen: 345088K->107392K(522240K)] 521990K->284294K(1920512K), 0.0832349 secs] [Times: user=0.49 sys=0.00, real=0.09 secs] 
5329.672: [GC (Allocation Failure) [PSYoungGen: 454528K->142592K(522240K)] 631430K->423531K(1920512K), 0.0529284 secs] [Times: user=0.31 sys=0.00, real=0.05 secs] 
5331.305: [GC (Allocation Failure) [PSYoungGen: 489728K->108864K(521216K)] 770667K->523071K(1919488K), 0.1088078 secs] [Times: user=0.65 sys=0.00, real=0.11 secs] 
5332.744: [GC (Allocation Failure) [PSYoungGen: 456000K->143552K(521728K)] 870207K->663932K(1920000K), 0.0530668 secs] [Times: user=0.31 sys=0.00, real=0.05 secs] 
5334.086: [GC (Allocation Failure) [PSYoungGen: 490688K->107776K(522240K)] 1011068K->762564K(1920512K), 0.0647651 secs] [Times: user=0.39 sys=0.00, real=0.07 secs] 
5335.139: [GC (Allocation Failure) [PSYoungGen: 455424K->144288K(492032K)] 1110212K->904361K(1890304K), 0.0531930 secs] [Times: user=0.30 sys=0.01, real=0.05 secs] 
5336.972: [GC (Allocation Failure) [PSYoungGen: 491936K->106496K(523264K)] 1252009K->1001689K(1921536K), 0.1175176 secs] [Times: user=0.71 sys=0.00, real=0.12 secs] 
5338.873: [GC (Allocation Failure) [PSYoungGen: 452608K->141024K(521728K)] 1347801K->1139792K(1920000K), 0.0521116 secs] [Times: user=0.31 sys=0.00, real=0.05 secs] 
5340.340: [GC (Allocation Failure) [PSYoungGen: 487136K->109056K(520192K)] 1485904K->1239568K(1918464K), 0.0769536 secs] [Times: user=0.46 sys=0.00, real=0.07 secs] 
5341.760: [GC (Allocation Failure) [PSYoungGen: 455680K->139072K(521216K)] 1586192K->1375637K(1919488K), 0.0542036 secs] [Times: user=0.32 sys=0.00, real=0.05 secs] 
5341.814: [Full GC (Ergonomics) [PSYoungGen: 139072K->0K(521216K)] [ParOldGen: 1236565K->174991K(1398272K)] 1375637K->174991K(1919488K), [Metaspace: 60590K->59720K(1105920K)], 0.4190335 secs] [Times: user=1.93 sys=0.00, real=0.42 secs] 
5343.840: [GC (Allocation Failure) [PSYoungGen: 346624K->109344K(520192K)] 521615K->284335K(1918464K), 0.0517370 secs] [Times: user=0.31 sys=0.00, real=0.05 secs] 
5344.969: [GC (Allocation Failure) [PSYoungGen: 459040K->145824K(522240K)] 634031K->427176K(1920512K), 0.0533119 secs] [Times: user=0.31 sys=0.00, real=0.06 secs] 
5346.744: [GC (Allocation Failure) [PSYoungGen: 495520K->108704K(524288K)] 776872K->526448K(1922560K), 0.1200321 secs] [Times: user=0.70 sys=0.01, real=0.12 secs] 
5347.933: [GC (Allocation Failure) [PSYoungGen: 457376K->144896K(494080K)] 875120K->668469K(1892352K), 0.0533526 secs] [Times: user=0.32 sys=0.00, real=0.05 secs] 
5349.310: [GC (Allocation Failure) [PSYoungGen: 493568K->108480K(524288K)] 1017141K->767709K(1922560K), 0.0651490 secs] [Times: user=0.38 sys=0.00, real=0.06 secs] 
5350.119: [GC (Allocation Failure) [PSYoungGen: 456128K->147808K(495616K)] 1115357K->912498K(1893888K), 0.0532724 secs] [Times: user=0.32 sys=0.00, real=0.05 secs] 
5351.756: [GC (Allocation Failure) [PSYoungGen: 495456K->105440K(522240K)] 1260146K->1009250K(1920512K), 0.0949450 secs] [Times: user=0.56 sys=0.00, real=0.10 secs] 
5353.146: [GC (Allocation Failure) [PSYoungGen: 449504K->146272K(490496K)] 1353314K->1151206K(1888768K), 0.0522047 secs] [Times: user=0.31 sys=0.00, real=0.05 secs] 
5355.103: [GC (Allocation Failure) [PSYoungGen: 490336K->104064K(520704K)] 1495270K->1246398K(1918976K), 0.1018638 secs] [Times: user=0.60 sys=0.01, real=0.10 secs] 
5356.268: [GC (Allocation Failure) [PSYoungGen: 445056K->145376K(486400K)] 1587390K->1387275K(1884672K), 0.0517184 secs] [Times: user=0.31 sys=0.00, real=0.06 secs] 
5356.320: [Full GC (Ergonomics) [PSYoungGen: 145376K->0K(486400K)] [ParOldGen: 1241899K->185397K(1398272K)] 1387275K->185397K(1884672K), [Metaspace: 59720K->59716K(1105920K)], 0.4558371 secs] [Times: user=2.12 sys=0.00, real=0.45 secs] 
5358.024: [GC (Allocation Failure) [PSYoungGen: 340992K->103648K(519680K)] 526389K->289045K(1917952K), 0.0333805 secs] [Times: user=0.19 sys=0.01, real=0.03 secs] 
5358.736: [GC (Allocation Failure) [PSYoungGen: 442592K->142560K(518144K)] 627989K->427402K(1916416K), 0.0505915 secs] [Times: user=0.30 sys=0.00, real=0.05 secs] 
5360.294: [GC (GCLocker Initiated GC) [PSYoungGen: 481504K->102848K(518656K)] 766347K->521075K(1916928K), 0.0786427 secs] [Times: user=0.46 sys=0.01, real=0.08 secs] 
5361.322: [GC (Allocation Failure) [PSYoungGen: 442304K->141120K(518656K)] 860534K->659602K(1916928K), 0.0514195 secs] [Times: user=0.30 sys=0.00, real=0.05 secs] 
5362.699: [GC (Allocation Failure) [PSYoungGen: 480576K->106368K(516096K)] 999058K->756578K(1914368K), 0.0714025 secs] [Times: user=0.42 sys=0.00, real=0.08 secs] 
5364.185: [GC (Allocation Failure) [PSYoungGen: 446336K->140448K(517632K)] 1096546K->894223K(1915904K), 0.0528854 secs] [Times: user=0.31 sys=0.00, real=0.05 secs] 
5365.617: [GC (Allocation Failure) [PSYoungGen: 480416K->107904K(517120K)] 1234191K->992631K(1915392K), 0.0768155 secs] [Times: user=0.46 sys=0.00, real=0.08 secs] 
5366.333: [GC (Allocation Failure) [PSYoungGen: 450432K->142144K(518656K)] 1335159K->1132444K(1916928K), 0.0541984 secs] [Times: user=0.31 sys=0.00, real=0.05 secs] 
5367.971: [GC (Allocation Failure) [PSYoungGen: 484672K->107360K(520192K)] 1474972K->1230444K(1918464K), 0.0654026 secs] [Times: user=0.39 sys=0.00, real=0.06 secs] 
5369.121: [GC (Allocation Failure) [PSYoungGen: 452448K->142560K(520704K)] 1575532K->1370369K(1918976K), 0.0539309 secs] [Times: user=0.32 sys=0.00, real=0.05 secs] 
5370.611: [GC (GCLocker Initiated GC) [PSYoungGen: 487648K->108800K(520192K)] 1715458K->1469946K(1918464K), 0.0810098 secs] [Times: user=0.48 sys=0.00, real=0.08 secs] 
5370.692: [Full GC (Ergonomics) [PSYoungGen: 108800K->0K(520192K)] [ParOldGen: 1361146K->31612K(1398272K)] 1469946K->31612K(1918464K), [Metaspace: 59717K->59717K(1105920K)], 0.0538178 secs] [Times: user=0.19 sys=0.00, real=0.05 secs] 
5372.279: [GC (Allocation Failure) [PSYoungGen: 345600K->140448K(520704K)] 377249K->172097K(1918976K), 0.0282257 secs] [Times: user=0.17 sys=0.00, real=0.02 secs] 
5373.558: [GC (Allocation Failure) [PSYoungGen: 486048K->110592K(519680K)] 517697K->273569K(1917952K), 0.0636440 secs] [Times: user=0.37 sys=0.00, real=0.07 secs] 
5374.585: [GC (Allocation Failure) [PSYoungGen: 458240K->151904K(499712K)] 621217K->422648K(1897984K), 0.0533579 secs] [Times: user=0.32 sys=0.00, real=0.05 secs] 
5375.893: [GC (Allocation Failure) [PSYoungGen: 499552K->108832K(521728K)] 770296K->514217K(1920000K), 0.0654592 secs] [Times: user=0.39 sys=0.00, real=0.06 secs] 
5377.380: [GC (Allocation Failure) [PSYoungGen: 451360K->141504K(519680K)] 856745K->652805K(1917952K), 0.0531306 secs] [Times: user=0.31 sys=0.00, real=0.05 secs] 
5378.775: [GC (Allocation Failure) [PSYoungGen: 484032K->107808K(520192K)] 995333K->751205K(1918464K), 0.0787958 secs] [Times: user=0.47 sys=0.00, real=0.08 secs] 
5380.569: [GC (Allocation Failure) [PSYoungGen: 451872K->141984K(520192K)] 1095269K->889906K(1918464K), 0.0530056 secs] [Times: user=0.31 sys=0.00, real=0.05 secs] 
5381.951: [GC (Allocation Failure) [PSYoungGen: 486048K->109760K(519680K)] 1233970K->990318K(1917952K), 0.0668332 secs] [Times: user=0.40 sys=0.00, real=0.06 secs] 
5382.550: [GC (Allocation Failure) [PSYoungGen: 455360K->143712K(520704K)] 1335918K->1130939K(1918976K), 0.0541238 secs] [Times: user=0.32 sys=0.00, real=0.05 secs] 
5384.123: [GC (Allocation Failure) [PSYoungGen: 489312K->108416K(521728K)] 1476539K->1230171K(1920000K), 0.0778306 secs] [Times: user=0.46 sys=0.01, real=0.08 secs] 
5385.135: [GC (Allocation Failure) [PSYoungGen: 455040K->145024K(492032K)] 1576795K->1373321K(1890304K), 0.0551320 secs] [Times: user=0.33 sys=0.00, real=0.06 secs] 
5387.130: [GC (Allocation Failure) [PSYoungGen: 491648K->106784K(522752K)] 1719945K->1471369K(1921024K), 0.1194747 secs] [Times: user=0.71 sys=0.00, real=0.12 secs] 
5387.250: [Full GC (Ergonomics) [PSYoungGen: 106784K->0K(522752K)] [ParOldGen: 1364585K->38838K(1398272K)] 1471369K->38838K(1921024K), [Metaspace: 59717K->59717K(1105920K)], 0.0986847 secs] [Times: user=0.38 sys=0.00, real=0.09 secs] 
5388.418: [GC (GCLocker Initiated GC) [PSYoungGen: 345088K->141856K(521216K)] 383926K->180694K(1919488K), 0.0281751 secs] [Times: user=0.16 sys=0.00, real=0.03 secs] 
5390.096: [GC (Allocation Failure) [PSYoungGen: 486944K->107488K(520704K)] 525784K->279408K(1918976K), 0.0632176 secs] [Times: user=0.38 sys=0.00, real=0.07 secs] 
5391.468: [GC (GCLocker Initiated GC) [PSYoungGen: 453088K->140000K(521216K)] 625008K->416541K(1919488K), 0.0522071 secs] [Times: user=0.31 sys=0.00, real=0.06 secs] 
5393.145: [GC (Allocation Failure) [PSYoungGen: 485600K->109248K(519680K)] 762143K->516347K(1917952K), 0.1458378 secs] [Times: user=0.86 sys=0.01, real=0.15 secs] 
5395.115: [GC (Allocation Failure) [PSYoungGen: 456384K->142336K(521216K)] 863483K->655508K(1919488K), 0.0529449 secs] [Times: user=0.31 sys=0.00, real=0.05 secs] 
5396.570: [GC (Allocation Failure) [PSYoungGen: 489472K->110496K(522240K)] 1002644K->756668K(1920512K), 0.0682468 secs] [Times: user=0.41 sys=0.00, real=0.06 secs] 
5397.359: [GC (Allocation Failure) [PSYoungGen: 459680K->145408K(522752K)] 1105852K->898889K(1921024K), 0.0534894 secs] [Times: user=0.31 sys=0.01, real=0.06 secs] 
5398.821: [GC (Allocation Failure) [PSYoungGen: 494592K->108064K(523776K)] 1248073K->997689K(1922048K), 0.0830753 secs] [Times: user=0.49 sys=0.01, real=0.08 secs] 
5399.857: [GC (Allocation Failure) [PSYoungGen: 456224K->146240K(494592K)] 1345849K->1141534K(1892864K), 0.0534154 secs] [Times: user=0.32 sys=0.00, real=0.06 secs] 
5401.443: [GC (Allocation Failure) [PSYoungGen: 494400K->105920K(522752K)] 1489694K->1238666K(1921024K), 0.0779948 secs] [Times: user=0.46 sys=0.00, real=0.08 secs] 
5403.074: [GC (Allocation Failure) [PSYoungGen: 451008K->143200K(521216K)] 1583754K->1377863K(1919488K), 0.0524883 secs] [Times: user=0.31 sys=0.00, real=0.05 secs] 
5403.127: [Full GC (Ergonomics) [PSYoungGen: 143200K->0K(521216K)] [ParOldGen: 1234663K->180995K(1398272K)] 1377863K->180995K(1919488K), [Metaspace: 59718K->59718K(1105920K)], 0.4384458 secs] [Times: user=2.04 sys=0.00, real=0.44 secs] 
5405.009: [GC (Allocation Failure) [PSYoungGen: 345088K->108864K(520192K)] 526083K->289859K(1918464K), 0.0528004 secs] [Times: user=0.31 sys=0.00, real=0.05 secs] 
5405.706: [GC (Allocation Failure) [PSYoungGen: 453952K->145600K(520704K)] 634947K->431360K(1918976K), 0.0523795 secs] [Times: user=0.31 sys=0.01, real=0.05 secs] 
5407.221: [GC (Allocation Failure) [PSYoungGen: 490688K->105824K(521728K)] 776448K->528032K(1920000K), 0.0658226 secs] [Times: user=0.38 sys=0.00, real=0.06 secs] 
5408.043: [GC (Allocation Failure) [PSYoungGen: 449888K->146528K(491008K)] 872096K->671091K(1889280K), 0.0527090 secs] [Times: user=0.31 sys=0.00, real=0.05 secs] 
5410.315: [GC (Allocation Failure) [PSYoungGen: 490592K->104672K(520704K)] 1015155K->767099K(1918976K), 0.0994226 secs] [Times: user=0.59 sys=0.00, real=0.10 secs] 
5411.645: [GC (Allocation Failure) [PSYoungGen: 445664K->142176K(519168K)] 1108091K->904796K(1917440K), 0.0517524 secs] [Times: user=0.31 sys=0.00, real=0.05 secs] 
5413.185: [GC (GCLocker Initiated GC) [PSYoungGen: 483168K->106976K(517632K)] 1245788K->1001940K(1915904K), 0.0943443 secs] [Times: user=0.56 sys=0.00, real=0.10 secs] 
5414.500: [GC (Allocation Failure) [PSYoungGen: 448480K->141888K(518656K)] 1343447K->1140244K(1916928K), 0.0532449 secs] [Times: user=0.31 sys=0.00, real=0.05 secs] 
5415.871: [GC (GCLocker Initiated GC) [PSYoungGen: 483392K->107808K(519168K)] 1481748K->1238668K(1917440K), 0.0692895 secs] [Times: user=0.41 sys=0.00, real=0.07 secs] 
5416.721: [GC (Allocation Failure) [PSYoungGen: 450848K->150464K(493568K)] 1581711K->1386262K(1891840K), 0.0541459 secs] [Times: user=0.31 sys=0.00, real=0.05 secs] 
5416.775: [Full GC (Ergonomics) [PSYoungGen: 150464K->0K(493568K)] [ParOldGen: 1235798K->175790K(1398272K)] 1386262K->175790K(1891840K), [Metaspace: 59718K->59718K(1105920K)], 0.4187125 secs] [Times: user=1.94 sys=0.00, real=0.42 secs] 
5418.856: [GC (Allocation Failure) [PSYoungGen: 343040K->105536K(519680K)] 518830K->281326K(1917952K), 0.0491492 secs] [Times: user=0.29 sys=0.00, real=0.05 secs] 
5420.323: [GC (Allocation Failure) [PSYoungGen: 444480K->140992K(518144K)] 620270K->418863K(1916416K), 0.0524053 secs] [Times: user=0.31 sys=0.00, real=0.05 secs] 
5421.618: [GC (Allocation Failure) [PSYoungGen: 479936K->106528K(516608K)] 757807K->516351K(1914880K), 0.0644259 secs] [Times: user=0.38 sys=0.00, real=0.07 secs] 
5423.103: [GC (Allocation Failure) [PSYoungGen: 446496K->138816K(517632K)] 856319K->651988K(1915904K), 0.0520767 secs] [Times: user=0.31 sys=0.00, real=0.05 secs] 
5424.418: [GC (Allocation Failure) [PSYoungGen: 478784K->110560K(516096K)] 991956K->752776K(1914368K), 0.0639768 secs] [Times: user=0.38 sys=0.00, real=0.07 secs] 
5425.377: [GC (Allocation Failure) [PSYoungGen: 454112K->140384K(518656K)] 1096328K->891439K(1916928K), 0.0537796 secs] [Times: user=0.31 sys=0.01, real=0.06 secs] 
5426.791: [GC (Allocation Failure) [PSYoungGen: 483936K->109184K(520704K)] 1234991K->991543K(1918976K), 0.0656162 secs] [Times: user=0.39 sys=0.00, real=0.06 secs] 
5428.064: [GC (Allocation Failure) [PSYoungGen: 456832K->143552K(521728K)] 1339191K->1133164K(1920000K), 0.0552414 secs] [Times: user=0.33 sys=0.00, real=0.06 secs] 
5429.388: [GC (Allocation Failure) [PSYoungGen: 491200K->110112K(522752K)] 1480812K->1234452K(1921024K), 0.0667539 secs] [Times: user=0.40 sys=0.00, real=0.07 secs] 
5431.273: [GC (GCLocker Initiated GC) [PSYoungGen: 458784K->143040K(522752K)] 1583124K->1374681K(1921024K), 0.0545137 secs] [Times: user=0.33 sys=0.00, real=0.05 secs] 
5432.633: [GC (GCLocker Initiated GC) [PSYoungGen: 491712K->109472K(523264K)] 1723356K->1475244K(1921536K), 0.0676217 secs] [Times: user=0.39 sys=0.00, real=0.07 secs] 
5432.701: [Full GC (Ergonomics) [PSYoungGen: 109472K->0K(523264K)] [ParOldGen: 1365772K->35951K(1398272K)] 1475244K->35951K(1921536K), [Metaspace: 59718K->59718K(1105920K)], 0.0673643 secs] [Times: user=0.25 sys=0.00, real=0.06 secs] 
5434.079: [GC (Allocation Failure) [PSYoungGen: 349184K->150656K(500224K)] 385138K->186610K(1898496K), 0.0287886 secs] [Times: user=0.17 sys=0.00, real=0.02 secs] 
5435.407: [GC (Allocation Failure) [PSYoungGen: 499840K->109728K(522240K)] 535794K->278874K(1920512K), 0.0641868 secs] [Times: user=0.38 sys=0.00, real=0.07 secs] 
5436.329: [GC (Allocation Failure) [PSYoungGen: 453280K->144320K(520192K)] 622426K->420787K(1918464K), 0.0531054 secs] [Times: user=0.31 sys=0.00, real=0.06 secs] 
5438.112: [GC (Allocation Failure) [PSYoungGen: 487872K->107200K(520704K)] 764339K->519283K(1918976K), 0.0804574 secs] [Times: user=0.48 sys=0.00, real=0.08 secs] 
5439.666: [GC (Allocation Failure) [PSYoungGen: 451264K->141952K(520704K)] 863347K->659035K(1918976K), 0.0529121 secs] [Times: user=0.31 sys=0.00, real=0.05 secs] 
5440.984: [GC (Allocation Failure) [PSYoungGen: 486016K->107392K(520192K)] 1003099K->757548K(1918464K), 0.0650257 secs] [Times: user=0.39 sys=0.00, real=0.07 secs] 
5442.557: [GC (GCLocker Initiated GC) [PSYoungGen: 451968K->139744K(520704K)] 1102124K->894420K(1918976K), 0.0529104 secs] [Times: user=0.31 sys=0.00, real=0.06 secs] 
5444.111: [GC (Allocation Failure) [PSYoungGen: 484320K->107552K(519680K)] 1238998K->992562K(1917952K), 0.0808219 secs] [Times: user=0.48 sys=0.00, real=0.08 secs] 
5445.961: [GC (Allocation Failure) [PSYoungGen: 454176K->141344K(521216K)] 1339186K->1131195K(1919488K), 0.0539257 secs] [Times: user=0.32 sys=0.00, real=0.05 secs] 
5447.470: [GC (Allocation Failure) [PSYoungGen: 487968K->110176K(521216K)] 1477819K->1232067K(1919488K), 0.0935552 secs] [Times: user=0.55 sys=0.00, real=0.09 secs] 
5448.715: [GC (Allocation Failure) [PSYoungGen: 458848K->143648K(522240K)] 1580739K->1372207K(1920512K), 0.0536006 secs] [Times: user=0.32 sys=0.00, real=0.05 secs] 
5450.060: [GC (Allocation Failure) [PSYoungGen: 492320K->112864K(522240K)] 1720879K->1475391K(1920512K), 0.0661394 secs] [Times: user=0.39 sys=0.00, real=0.06 secs] 
5450.126: [Full GC (Ergonomics) [PSYoungGen: 112864K->0K(522240K)] [ParOldGen: 1362527K->41881K(1398272K)] 1475391K->41881K(1920512K), [Metaspace: 59718K->59718K(1105920K)], 0.0791135 secs] [Times: user=0.31 sys=0.00, real=0.08 secs] 
5451.252: [GC (Allocation Failure) [PSYoungGen: 349696K->146112K(522752K)] 391577K->187993K(1921024K), 0.0296889 secs] [Times: user=0.17 sys=0.00, real=0.03 secs] 
5453.116: [GC (GCLocker Initiated GC) [PSYoungGen: 495808K->106720K(524288K)] 537689K->285937K(1922560K), 0.1327539 secs] [Times: user=0.79 sys=0.00, real=0.13 secs] 
5454.458: [GC (Allocation Failure) [PSYoungGen: 454880K->145888K(494080K)] 634136K->427873K(1892352K), 0.0513192 secs] [Times: user=0.31 sys=0.00, real=0.06 secs] 
5455.935: [GC (Allocation Failure) [PSYoungGen: 494048K->111008K(523776K)] 776033K->529513K(1922048K), 0.0734074 secs] [Times: user=0.43 sys=0.00, real=0.08 secs] 
5457.172: [GC (Allocation Failure) [PSYoungGen: 457120K->143968K(521216K)] 875625K->669558K(1919488K), 0.0528228 secs] [Times: user=0.31 sys=0.00, real=0.05 secs] 
5458.541: [GC (Allocation Failure) [PSYoungGen: 490080K->108288K(522240K)] 1015670K->768586K(1920512K), 0.0644149 secs] [Times: user=0.38 sys=0.00, real=0.06 secs] 
5459.907: [GC (Allocation Failure) [PSYoungGen: 454400K->144544K(491008K)] 1114698K->908918K(1889280K), 0.0520260 secs] [Times: user=0.31 sys=0.00, real=0.06 secs] 
5461.791: [GC (Allocation Failure) [PSYoungGen: 490656K->106240K(522752K)] 1255030K->1005907K(1921024K), 0.1258895 secs] [Times: user=0.74 sys=0.01, real=0.12 secs] 
5462.912: [GC (Allocation Failure) [PSYoungGen: 451328K->145984K(491520K)] 1350995K->1147527K(1889792K), 0.0513303 secs] [Times: user=0.30 sys=0.00, real=0.05 secs] 
5464.459: [GC (Allocation Failure) [PSYoungGen: 491072K->105408K(521728K)] 1492615K->1243935K(1920000K), 0.0774662 secs] [Times: user=0.46 sys=0.00, real=0.07 secs] 
5465.490: [GC (Allocation Failure) [PSYoungGen: 448448K->146272K(489472K)] 1586975K->1385804K(1887744K), 0.0520676 secs] [Times: user=0.30 sys=0.00, real=0.05 secs] 
5465.542: [Full GC (Ergonomics) [PSYoungGen: 146272K->0K(489472K)] [ParOldGen: 1239532K->189529K(1398272K)] 1385804K->189529K(1887744K), [Metaspace: 59718K->59718K(1105920K)], 0.4562025 secs] [Times: user=2.14 sys=0.00, real=0.45 secs] 
5467.303: [GC (GCLocker Initiated GC) [PSYoungGen: 343040K->104544K(520192K)] 532570K->294074K(1918464K), 0.0484120 secs] [Times: user=0.29 sys=0.00, real=0.05 secs] 
5468.598: [GC (Allocation Failure) [PSYoungGen: 445024K->141664K(519168K)] 634555K->431936K(1917440K), 0.0503475 secs] [Times: user=0.30 sys=0.00, real=0.05 secs] 
5470.121: [GC (Allocation Failure) [PSYoungGen: 482144K->107008K(517632K)] 772416K->529568K(1915904K), 0.0712079 secs] [Times: user=0.42 sys=0.00, real=0.07 secs] 
5470.910: [GC (Allocation Failure) [PSYoungGen: 448000K->143264K(518656K)] 870560K->669461K(1916928K), 0.0532653 secs] [Times: user=0.32 sys=0.00, real=0.05 secs] 
5472.312: [GC (Allocation Failure) [PSYoungGen: 484256K->107040K(518656K)] 1010453K->767509K(1916928K), 0.0691344 secs] [Times: user=0.41 sys=0.00, real=0.07 secs] 
5473.346: [GC (Allocation Failure) [PSYoungGen: 449056K->143264K(519168K)] 1109525K->907266K(1917440K), 0.0526166 secs] [Times: user=0.31 sys=0.00, real=0.06 secs] 
5474.831: [GC (Allocation Failure) [PSYoungGen: 485280K->105888K(520192K)] 1249282K->1004362K(1918464K), 0.0879993 secs] [Times: user=0.53 sys=0.00, real=0.09 secs] 
5475.883: [GC (Allocation Failure) [PSYoungGen: 448928K->144064K(487424K)] 1347402K->1144511K(1885696K), 0.0525680 secs] [Times: user=0.31 sys=0.00, real=0.05 secs] 
5477.646: [GC (Allocation Failure) [PSYoungGen: 485651K->105888K(521216K)] 1486099K->1241231K(1919488K), 0.0891502 secs] [Times: user=0.53 sys=0.00, real=0.09 secs] 
5478.502: [GC (Allocation Failure) [PSYoungGen: 447904K->143712K(519680K)] 1583247K->1382428K(1917952K), 0.0534856 secs] [Times: user=0.32 sys=0.00, real=0.05 secs] 
5478.555: [Full GC (Ergonomics) [PSYoungGen: 143712K->0K(519680K)] [ParOldGen: 1238716K->181351K(1398272K)] 1382428K->181351K(1917952K), [Metaspace: 59718K->59698K(1105920K)], 0.4457682 secs] [Times: user=2.06 sys=0.00, real=0.45 secs] 
5480.593: [GC (Allocation Failure) [PSYoungGen: 342016K->104800K(519680K)] 523367K->286152K(1917952K), 0.0567198 secs] [Times: user=0.34 sys=0.00, real=0.06 secs] 
5481.973: [GC (Allocation Failure) [PSYoungGen: 446816K->141376K(519680K)] 628168K->424252K(1917952K), 0.0518083 secs] [Times: user=0.30 sys=0.00, real=0.05 secs] 
5483.662: [GC (Allocation Failure) [PSYoungGen: 483392K->106432K(518144K)] 766268K->521832K(1916416K), 0.1026171 secs] [Times: user=0.60 sys=0.01, real=0.10 secs] 
5484.913: [GC (Allocation Failure) [PSYoungGen: 448960K->141888K(519168K)] 864360K->661201K(1917440K), 0.0524023 secs] [Times: user=0.30 sys=0.00, real=0.05 secs] 
5486.608: [GC (Allocation Failure) [PSYoungGen: 484416K->106496K(519680K)] 1003729K->759021K(1917952K), 0.0932051 secs] [Times: user=0.55 sys=0.01, real=0.10 secs] 
5487.392: [GC (Allocation Failure) [PSYoungGen: 450560K->144960K(520192K)] 1103085K->901482K(1918464K), 0.0530352 secs] [Times: user=0.31 sys=0.00, real=0.05 secs] 
5489.866: [GC (GCLocker Initiated GC) [PSYoungGen: 489024K->104896K(521216K)] 1245548K->997996K(1919488K), 0.1480114 secs] [Times: user=0.89 sys=0.00, real=0.15 secs] 
5491.137: [GC (Allocation Failure) [PSYoungGen: 447936K->141888K(520192K)] 1341039K->1137214K(1918464K), 0.0529696 secs] [Times: user=0.31 sys=0.00, real=0.06 secs] 
5493.205: [GC (Allocation Failure) [PSYoungGen: 484928K->107872K(518144K)] 1480254K->1235934K(1916416K), 0.0658625 secs] [Times: user=0.39 sys=0.01, real=0.07 secs] 
5495.770: [GC (Allocation Failure) [PSYoungGen: 450912K->138400K(519168K)] 1578974K->1371275K(1917440K), 0.0532138 secs] [Times: user=0.32 sys=0.00, real=0.05 secs] 
5495.823: [Full GC (Ergonomics) [PSYoungGen: 138400K->0K(519168K)] [ParOldGen: 1232875K->169568K(1398272K)] 1371275K->169568K(1917440K), [Metaspace: 59698K->59698K(1105920K)], 0.4130385 secs] [Times: user=1.93 sys=0.00, real=0.41 secs] 
5497.462: [GC (Allocation Failure) [PSYoungGen: 343040K->108128K(518144K)] 512608K->277696K(1916416K), 0.0369339 secs] [Times: user=0.22 sys=0.00, real=0.03 secs] 
5499.086: [GC (Allocation Failure) [PSYoungGen: 454240K->139456K(520192K)] 623808K->414317K(1918464K), 0.0535944 secs] [Times: user=0.31 sys=0.00, real=0.06 secs] 
5500.455: [GC (Allocation Failure) [PSYoungGen: 485568K->112384K(520704K)] 760429K->517101K(1918976K), 0.0648877 secs] [Times: user=0.39 sys=0.00, real=0.07 secs] 
5501.294: [GC (Allocation Failure) [PSYoungGen: 462080K->143840K(522240K)] 866797K->657178K(1920512K), 0.0538888 secs] [Times: user=0.32 sys=0.00, real=0.05 secs] 
5502.714: [GC (Allocation Failure) [PSYoungGen: 493536K->111296K(523776K)] 1006874K->758658K(1922048K), 0.0689384 secs] [Times: user=0.41 sys=0.00, real=0.07 secs] 
5504.052: [GC (Allocation Failure) [PSYoungGen: 462528K->144896K(523776K)] 1109890K->901031K(1922048K), 0.0540241 secs] [Times: user=0.32 sys=0.00, real=0.05 secs] 
5505.449: [GC (Allocation Failure) [PSYoungGen: 496128K->112384K(524288K)] 1252263K->1004247K(1922560K), 0.0669841 secs] [Times: user=0.40 sys=0.00, real=0.06 secs] 
5506.864: [GC (Allocation Failure) [PSYoungGen: 463104K->144960K(496128K)] 1354967K->1145348K(1894400K), 0.0542547 secs] [Times: user=0.32 sys=0.00, real=0.05 secs] 
5508.400: [GC (Allocation Failure) [PSYoungGen: 495680K->111328K(525824K)] 1496068K->1247380K(1924096K), 0.0851767 secs] [Times: user=0.50 sys=0.00, real=0.08 secs] 
5509.624: [GC (Allocation Failure) [PSYoungGen: 461536K->146752K(497152K)] 1597588K->1390440K(1895424K), 0.0534981 secs] [Times: user=0.31 sys=0.00, real=0.05 secs] 
5509.678: [Full GC (Ergonomics) [PSYoungGen: 146752K->0K(497152K)] [ParOldGen: 1243688K->189671K(1398272K)] 1390440K->189671K(1895424K), [Metaspace: 59700K->59700K(1105920K)], 0.4607099 secs] [Times: user=2.16 sys=0.00, real=0.46 secs] 
5511.646: [GC (Allocation Failure) [PSYoungGen: 350208K->108992K(524288K)] 539879K->298663K(1922560K), 0.0708375 secs] [Times: user=0.42 sys=0.00, real=0.07 secs] 
5512.890: [GC (Allocation Failure) [PSYoungGen: 456640K->144864K(492544K)] 646311K->439187K(1890816K), 0.0520264 secs] [Times: user=0.30 sys=0.01, real=0.05 secs] 
5514.404: [GC (Allocation Failure) [PSYoungGen: 492512K->108128K(523776K)] 786835K->538096K(1922048K), 0.0754799 secs] [Times: user=0.44 sys=0.01, real=0.08 secs] 
5515.375: [GC (Allocation Failure) [PSYoungGen: 454752K->146048K(493056K)] 884720K->680020K(1891328K), 0.0520115 secs] [Times: user=0.31 sys=0.00, real=0.05 secs] 
5516.925: [GC (Allocation Failure) [PSYoungGen: 492672K->108032K(522752K)] 1026644K->779332K(1921024K), 0.1215390 secs] [Times: user=0.72 sys=0.01, real=0.12 secs] 
5518.738: [GC (Allocation Failure) [PSYoungGen: 452608K->143392K(520704K)] 1123908K->918084K(1918976K), 0.0515371 secs] [Times: user=0.31 sys=0.00, real=0.06 secs] 
5520.770: [GC (GCLocker Initiated GC) [PSYoungGen: 487968K->106944K(521216K)] 1262674K->1015810K(1919488K), 0.1272870 secs] [Times: user=0.75 sys=0.01, real=0.12 secs] 
5522.254: [GC (Allocation Failure) [PSYoungGen: 452032K->143840K(488960K)] 1360901K->1155318K(1887232K), 0.0524411 secs] [Times: user=0.31 sys=0.00, real=0.05 secs] 
5523.990: [GC (Allocation Failure) [PSYoungGen: 488928K->107200K(522240K)] 1500406K->1253466K(1920512K), 0.0899552 secs] [Times: user=0.53 sys=0.01, real=0.09 secs] 
5525.232: [GC (Allocation Failure) [PSYoungGen: 451264K->143872K(520704K)] 1597530K->1392889K(1918976K), 0.0524749 secs] [Times: user=0.31 sys=0.00, real=0.05 secs] 
5525.285: [Full GC (Ergonomics) [PSYoungGen: 143872K->0K(520704K)] [ParOldGen: 1249017K->191905K(1398272K)] 1392889K->191905K(1918976K), [Metaspace: 59700K->59700K(1105920K)], 0.4423821 secs] [Times: user=1.96 sys=0.00, real=0.44 secs] 
5527.490: [GC (GCLocker Initiated GC) [PSYoungGen: 344064K->105344K(520704K)] 535969K->297249K(1918976K), 0.0899326 secs] [Times: user=0.53 sys=0.00, real=0.09 secs] 
5529.058: [GC (Allocation Failure) [PSYoungGen: 449408K->154368K(498688K)] 641352K->447161K(1896960K), 0.0642126 secs] [Times: user=0.38 sys=0.01, real=0.07 secs] 
5531.441: [GC (Allocation Failure) [PSYoungGen: 498432K->105728K(518144K)] 791225K->536297K(1916416K), 0.1714451 secs] [Times: user=1.02 sys=0.01, real=0.17 secs] 
5532.330: [GC (Allocation Failure) [PSYoungGen: 441088K->140704K(516096K)] 871657K->673010K(1914368K), 0.0511081 secs] [Times: user=0.30 sys=0.00, real=0.05 secs] 
5533.873: [GC (Allocation Failure) [PSYoungGen: 476064K->104192K(517120K)] 1008370K->767746K(1915392K), 0.0923809 secs] [Times: user=0.55 sys=0.00, real=0.09 secs] 
5534.819: [GC (Allocation Failure) [PSYoungGen: 440576K->141984K(516096K)] 1104130K->905619K(1914368K), 0.0516218 secs] [Times: user=0.30 sys=0.00, real=0.05 secs] 
5536.375: [GC (Allocation Failure) [PSYoungGen: 478368K->104512K(516608K)] 1242003K->1000863K(1914880K), 0.0767665 secs] [Times: user=0.45 sys=0.00, real=0.08 secs] 
5537.846: [GC (Allocation Failure) [PSYoungGen: 443456K->138336K(517632K)] 1339807K->1136775K(1915904K), 0.0520934 secs] [Times: user=0.30 sys=0.00, real=0.05 secs] 
5539.337: [GC (GCLocker Initiated GC) [PSYoungGen: 477280K->107040K(516096K)] 1475719K->1234639K(1914368K), 0.0647270 secs] [Times: user=0.39 sys=0.01, real=0.07 secs] 
5540.369: [GC (Allocation Failure) [PSYoungGen: 448544K->141248K(518144K)] 1576147K->1373056K(1916416K), 0.0525631 secs] [Times: user=0.31 sys=0.00, real=0.06 secs] 
5541.692: [GC (Allocation Failure) [PSYoungGen: 482752K->106880K(519168K)] 1714560K->1470860K(1917440K), 0.0819396 secs] [Times: user=0.49 sys=0.01, real=0.08 secs] 
5541.774: [Full GC (Ergonomics) [PSYoungGen: 106880K->0K(519168K)] [ParOldGen: 1363980K->30586K(1398272K)] 1470860K->30586K(1917440K), [Metaspace: 59700K->59700K(1105920K)], 0.0531601 secs] [Times: user=0.17 sys=0.00, real=0.05 secs] 
5542.904: [GC (Allocation Failure) [PSYoungGen: 344576K->142112K(520192K)] 375162K->172698K(1918464K), 0.0285465 secs] [Times: user=0.17 sys=0.00, real=0.03 secs] 
5544.227: [GC (Allocation Failure) [PSYoungGen: 486688K->108800K(520704K)] 517274K->272498K(1918976K), 0.0645173 secs] [Times: user=0.38 sys=0.00, real=0.07 secs] 
5546.490: [GC (Allocation Failure) [PSYoungGen: 454912K->140352K(521216K)] 618610K->409963K(1919488K), 0.0523466 secs] [Times: user=0.31 sys=0.00, real=0.05 secs] 
5547.813: [GC (Allocation Failure) [PSYoungGen: 486464K->107904K(520704K)] 756077K->508741K(1918976K), 0.0862613 secs] [Times: user=0.50 sys=0.01, real=0.09 secs] 
5549.135: [GC (Allocation Failure) [PSYoungGen: 455552K->142368K(521728K)] 856389K->648538K(1920000K), 0.0522973 secs] [Times: user=0.30 sys=0.00, real=0.05 secs] 
5550.481: [GC (GCLocker Initiated GC) [PSYoungGen: 490016K->110048K(522240K)] 996187K->749207K(1920512K), 0.0648560 secs] [Times: user=0.38 sys=0.00, real=0.06 secs] 
5551.375: [GC (GCLocker Initiated GC) [PSYoungGen: 459232K->143520K(522752K)] 1098395K->890119K(1921024K), 0.0533487 secs] [Times: user=0.31 sys=0.01, real=0.06 secs] 
5552.778: [GC (Allocation Failure) [PSYoungGen: 492704K->110112K(523264K)] 1239310K->990646K(1921536K), 0.0646673 secs] [Times: user=0.38 sys=0.00, real=0.07 secs] 
5554.406: [GC (Allocation Failure) [PSYoungGen: 459808K->146304K(496128K)] 1340342K->1134227K(1894400K), 0.0541149 secs] [Times: user=0.32 sys=0.00, real=0.06 secs] 
5556.190: [GC (Allocation Failure) [PSYoungGen: 496000K->107968K(523776K)] 1483923K->1233411K(1922048K), 0.1278935 secs] [Times: user=0.75 sys=0.00, real=0.12 secs] 
5557.639: [GC (Allocation Failure) [PSYoungGen: 455104K->145664K(493056K)] 1580547K->1375912K(1891328K), 0.0529937 secs] [Times: user=0.31 sys=0.00, real=0.05 secs] 
5559.048: [GC (Allocation Failure) [PSYoungGen: 492800K->108608K(523264K)] 1723048K->1475608K(1921536K), 0.0955164 secs] [Times: user=0.56 sys=0.00, real=0.10 secs] 
5559.144: [Full GC (Ergonomics) [PSYoungGen: 108608K->0K(523264K)] [ParOldGen: 1367000K->41785K(1398272K)] 1475608K->41785K(1921536K), [Metaspace: 59700K->59700K(1105920K)], 0.0827181 secs] [Times: user=0.32 sys=0.00, real=0.08 secs] 
5560.742: [GC (Allocation Failure) [PSYoungGen: 345600K->142528K(521216K)] 387385K->184313K(1919488K), 0.0289999 secs] [Times: user=0.17 sys=0.00, real=0.03 secs] 
5562.222: [GC (Allocation Failure) [PSYoungGen: 488128K->107584K(521728K)] 529913K->282653K(1920000K), 0.1197332 secs] [Times: user=0.70 sys=0.00, real=0.12 secs] 
5563.545: [GC (Allocation Failure) [PSYoungGen: 453696K->143104K(521728K)] 628765K->422729K(1920000K), 0.0517964 secs] [Times: user=0.31 sys=0.00, real=0.05 secs] 
5564.927: [GC (Allocation Failure) [PSYoungGen: 489216K->109568K(520704K)] 768841K->523205K(1918976K), 0.0684321 secs] [Times: user=0.41 sys=0.00, real=0.07 secs] 
5566.187: [GC (Allocation Failure) [PSYoungGen: 455680K->143648K(521216K)] 869317K->662690K(1919488K), 0.0531958 secs] [Times: user=0.32 sys=0.01, real=0.06 secs] 
5567.516: [GC (Allocation Failure) [PSYoungGen: 489760K->109408K(521728K)] 1008802K->762962K(1920000K), 0.0653222 secs] [Times: user=0.39 sys=0.01, real=0.07 secs] 
5569.140: [GC (Allocation Failure) [PSYoungGen: 456032K->143712K(521728K)] 1109586K->902799K(1920000K), 0.0530514 secs] [Times: user=0.31 sys=0.00, real=0.05 secs] 
5570.574: [GC (Allocation Failure) [PSYoungGen: 490336K->109504K(522240K)] 1249423K->1003047K(1920512K), 0.0920384 secs] [Times: user=0.54 sys=0.00, real=0.09 secs] 
5571.340: [GC (Allocation Failure) [PSYoungGen: 456640K->146400K(493568K)] 1350183K->1145336K(1891840K), 0.0532691 secs] [Times: user=0.31 sys=0.00, real=0.05 secs] 
5572.714: [GC (GCLocker Initiated GC) [PSYoungGen: 493536K->107616K(522752K)] 1492474K->1243882K(1921024K), 0.0954590 secs] [Times: user=0.56 sys=0.01, real=0.10 secs] 
5573.913: [GC (Allocation Failure) [PSYoungGen: 452704K->143456K(521216K)] 1589038K->1383307K(1919488K), 0.0532142 secs] [Times: user=0.32 sys=0.00, real=0.05 secs] 
5573.966: [Full GC (Ergonomics) [PSYoungGen: 143456K->0K(521216K)] [ParOldGen: 1239851K->186990K(1398272K)] 1383307K->186990K(1919488K), [Metaspace: 59700K->59700K(1105920K)], 0.4575495 secs] [Times: user=2.14 sys=0.00, real=0.46 secs] 
5576.014: [GC (GCLocker Initiated GC) [PSYoungGen: 345088K->104288K(521728K)] 532078K->291278K(1920000K), 0.0645024 secs] [Times: user=0.38 sys=0.00, real=0.06 secs] 
5577.619: [GC (Allocation Failure) [PSYoungGen: 448864K->143456K(488448K)] 635857K->430534K(1886720K), 0.0507877 secs] [Times: user=0.30 sys=0.00, real=0.05 secs] 
5579.124: [GC (Allocation Failure) [PSYoungGen: 488032K->107968K(522240K)] 775110K->529094K(1920512K), 0.0990147 secs] [Times: user=0.59 sys=0.01, real=0.10 secs] 
5580.128: [GC (Allocation Failure) [PSYoungGen: 452032K->142944K(520704K)] 873158K->668115K(1918976K), 0.0526230 secs] [Times: user=0.31 sys=0.00, real=0.06 secs] 
5581.497: [GC (Allocation Failure) [PSYoungGen: 487008K->110528K(518656K)] 1012179K->769291K(1916928K), 0.1033210 secs] [Times: user=0.61 sys=0.00, real=0.11 secs] 
5583.134: [GC (Allocation Failure) [PSYoungGen: 454592K->139744K(519680K)] 1113355K->904764K(1917952K), 0.0533881 secs] [Times: user=0.32 sys=0.00, real=0.05 secs] 
5584.585: [GC (Allocation Failure) [PSYoungGen: 483808K->108800K(519680K)] 1248828K->1004216K(1917952K), 0.0874641 secs] [Times: user=0.52 sys=0.00, real=0.09 secs] 
5585.915: [GC (Allocation Failure) [PSYoungGen: 455936K->143008K(521216K)] 1351352K->1142775K(1919488K), 0.0529164 secs] [Times: user=0.31 sys=0.00, real=0.05 secs] 
5587.332: [GC (Allocation Failure) [PSYoungGen: 490144K->111648K(521728K)] 1489911K->1244615K(1920000K), 0.0796697 secs] [Times: user=0.47 sys=0.00, real=0.08 secs] 
5588.056: [GC (Allocation Failure) [PSYoungGen: 460320K->148480K(497664K)] 1593287K->1389500K(1895936K), 0.0551425 secs] [Times: user=0.33 sys=0.00, real=0.06 secs] 
5588.112: [Full GC (Ergonomics) [PSYoungGen: 148480K->0K(497664K)] [ParOldGen: 1241020K->188719K(1398272K)] 1389500K->188719K(1895936K), [Metaspace: 59700K->59700K(1105920K)], 0.4475969 secs] [Times: user=2.07 sys=0.00, real=0.45 secs] 
5590.219: [GC (Allocation Failure) [PSYoungGen: 348672K->104160K(522752K)] 537391K->292879K(1921024K), 0.0946014 secs] [Times: user=0.56 sys=0.00, real=0.09 secs] 
5591.478: [GC (Allocation Failure) [PSYoungGen: 449760K->144480K(490496K)] 638479K->432680K(1888768K), 0.0504251 secs] [Times: user=0.30 sys=0.00, real=0.05 secs] 
5593.036: [GC (Allocation Failure) [PSYoungGen: 490080K->107904K(522240K)] 778280K->530892K(1920512K), 0.1322377 secs] [Times: user=0.79 sys=0.00, real=0.13 secs] 
5594.466: [GC (Allocation Failure) [PSYoungGen: 451456K->144960K(520192K)] 874444K->671197K(1918464K), 0.0533528 secs] [Times: user=0.31 sys=0.00, real=0.06 secs] 
5595.901: [GC (Allocation Failure) [PSYoungGen: 488512K->105824K(520704K)] 1014749K->767753K(1918976K), 0.0762535 secs] [Times: user=0.45 sys=0.00, real=0.07 secs] 
5597.249: [GC (Allocation Failure) [PSYoungGen: 448864K->144064K(487424K)] 1110793K->907774K(1885696K), 0.0525557 secs] [Times: user=0.31 sys=0.00, real=0.05 secs] 
5598.670: [GC (Allocation Failure) [PSYoungGen: 487104K->108032K(521728K)] 1250814K->1006502K(1920000K), 0.0887434 secs] [Times: user=0.53 sys=0.00, real=0.08 secs] 
5600.197: [GC (Allocation Failure) [PSYoungGen: 450560K->141504K(519680K)] 1349030K->1144034K(1917952K), 0.0529641 secs] [Times: user=0.31 sys=0.00, real=0.06 secs] 
5601.678: [GC (Allocation Failure) [PSYoungGen: 484032K->106912K(518656K)] 1486562K->1241994K(1916928K), 0.0726557 secs] [Times: user=0.43 sys=0.00, real=0.08 secs] 
5603.218: [GC (Allocation Failure) [PSYoungGen: 450464K->142080K(519680K)] 1585546K->1380039K(1917952K), 0.0531518 secs] [Times: user=0.31 sys=0.00, real=0.06 secs] 
5603.271: [Full GC (Ergonomics) [PSYoungGen: 142080K->0K(519680K)] [ParOldGen: 1237959K->179470K(1398272K)] 1380039K->179470K(1917952K), [Metaspace: 59700K->59700K(1105920K)], 0.4353155 secs] [Times: user=2.03 sys=0.00, real=0.43 secs] 
5604.959: [GC (Allocation Failure) [PSYoungGen: 343552K->108096K(520192K)] 523022K->287566K(1918464K), 0.0535701 secs] [Times: user=0.32 sys=0.00, real=0.05 secs] 
5606.547: [GC (GCLocker Initiated GC) [PSYoungGen: 453184K->141280K(520704K)] 632655K->425395K(1918976K), 0.0527976 secs] [Times: user=0.31 sys=0.00, real=0.06 secs] 
5607.904: [GC (GCLocker Initiated GC) [PSYoungGen: 486368K->108416K(520192K)] 770487K->524447K(1918464K), 0.0980146 secs] [Times: user=0.58 sys=0.00, real=0.10 secs] 
5608.821: [GC (Allocation Failure) [PSYoungGen: 455040K->144480K(521216K)] 871074K->665943K(1919488K), 0.0528830 secs] [Times: user=0.31 sys=0.00, real=0.05 secs] 
5610.177: [GC (Allocation Failure) [PSYoungGen: 491104K->108832K(522240K)] 1012567K->765551K(1920512K), 0.0647053 secs] [Times: user=0.39 sys=0.00, real=0.07 secs] 
5611.821: [GC (Allocation Failure) [PSYoungGen: 455456K->144096K(521728K)] 1112175K->905651K(1920000K), 0.0532711 secs] [Times: user=0.32 sys=0.00, real=0.05 secs] 
5613.450: [GC (Allocation Failure) [PSYoungGen: 490720K->106496K(522240K)] 1252275K->1003219K(1920512K), 0.1129966 secs] [Times: user=0.67 sys=0.00, real=0.11 secs] 
5614.719: [GC (Allocation Failure) [PSYoungGen: 452608K->142784K(521728K)] 1349331K->1142500K(1920000K), 0.0531659 secs] [Times: user=0.31 sys=0.00, real=0.05 secs] 
5616.365: [GC (Allocation Failure) [PSYoungGen: 488896K->108992K(520704K)] 1488612K->1241708K(1918976K), 0.1287641 secs] [Times: user=0.77 sys=0.00, real=0.13 secs] 
5617.503: [GC (Allocation Failure) [PSYoungGen: 455104K->145280K(521216K)] 1587820K->1383145K(1919488K), 0.0549175 secs] [Times: user=0.31 sys=0.00, real=0.05 secs] 
5617.558: [Full GC (Ergonomics) [PSYoungGen: 145280K->0K(521216K)] [ParOldGen: 1237865K->181409K(1398272K)] 1383145K->181409K(1919488K), [Metaspace: 59700K->59700K(1105920K)], 0.4646142 secs] [Times: user=2.08 sys=0.00, real=0.47 secs] 
5619.472: [GC (Allocation Failure) [PSYoungGen: 346112K->107552K(522240K)] 527521K->288961K(1920512K), 0.0666382 secs] [Times: user=0.39 sys=0.00, real=0.07 secs] 
5621.037: [GC (Allocation Failure) [PSYoungGen: 452640K->142624K(521216K)] 634049K->427646K(1919488K), 0.0520616 secs] [Times: user=0.31 sys=0.00, real=0.06 secs] 
5622.454: [GC (Allocation Failure) [PSYoungGen: 487712K->109376K(519168K)] 772734K->527726K(1917440K), 0.0727783 secs] [Times: user=0.43 sys=0.01, real=0.07 secs] 
5623.770: [GC (Allocation Failure) [PSYoungGen: 454464K->143008K(520192K)] 872814K->666947K(1918464K), 0.0527886 secs] [Times: user=0.31 sys=0.00, real=0.05 secs] 
5625.578: [GC (Allocation Failure) [PSYoungGen: 488096K->108768K(521728K)] 1012035K->766467K(1920000K), 0.1518834 secs] [Times: user=0.89 sys=0.00, real=0.16 secs] 
5626.495: [GC (Allocation Failure) [PSYoungGen: 455392K->146240K(493056K)] 1113091K->908363K(1891328K), 0.0535199 secs] [Times: user=0.31 sys=0.00, real=0.06 secs] 
5627.908: [GC (Allocation Failure) [PSYoungGen: 492864K->106560K(522752K)] 1254987K->1005676K(1921024K), 0.0971003 secs] [Times: user=0.57 sys=0.00, real=0.10 secs] 
5629.074: [GC (Allocation Failure) [PSYoungGen: 451136K->144320K(520704K)] 1350252K->1145672K(1918976K), 0.0521733 secs] [Times: user=0.30 sys=0.00, real=0.05 secs] 
5630.422: [GC (Allocation Failure) [PSYoungGen: 488896K->107232K(521216K)] 1490248K->1243632K(1919488K), 0.1003712 secs] [Times: user=0.60 sys=0.01, real=0.10 secs] 
5631.553: [GC (Allocation Failure) [PSYoungGen: 451296K->144768K(488960K)] 1587696K->1383933K(1887232K), 0.0533708 secs] [Times: user=0.32 sys=0.00, real=0.05 secs] 
5631.606: [Full GC (Ergonomics) [PSYoungGen: 144768K->0K(488960K)] [ParOldGen: 1239165K->182994K(1398272K)] 1383933K->182994K(1887232K), [Metaspace: 59701K->59701K(1105920K)], 0.4432139 secs] [Times: user=2.06 sys=0.00, real=0.45 secs] 
5633.713: [GC (Allocation Failure) [PSYoungGen: 344064K->107392K(521728K)] 527058K->290386K(1920000K), 0.0650521 secs] [Times: user=0.38 sys=0.00, real=0.06 secs] 
5635.861: [GC (Allocation Failure) [PSYoungGen: 450432K->141408K(520192K)] 633426K->427383K(1918464K), 0.0513124 secs] [Times: user=0.30 sys=0.00, real=0.05 secs] 
5637.508: [GC (Allocation Failure) [PSYoungGen: 484448K->107872K(519680K)] 770423K->525951K(1917952K), 0.1238327 secs] [Times: user=0.73 sys=0.00, real=0.13 secs] 
5639.800: [GC (Allocation Failure) [PSYoungGen: 451936K->140928K(520192K)] 870015K->662604K(1918464K), 0.0524185 secs] [Times: user=0.30 sys=0.01, real=0.05 secs] 
5641.133: [GC (GCLocker Initiated GC) [PSYoungGen: 484992K->107968K(520192K)] 1006668K->761220K(1918464K), 0.0652225 secs] [Times: user=0.39 sys=0.00, real=0.06 secs] 
5641.950: [GC (Allocation Failure) [PSYoungGen: 454080K->152288K(498688K)] 1107335K->910264K(1896960K), 0.0533397 secs] [Times: user=0.32 sys=0.00, real=0.05 secs] 
5643.333: [GC (Allocation Failure) [PSYoungGen: 498400K->107392K(520704K)] 1256376K->1000140K(1918976K), 0.0935452 secs] [Times: user=0.56 sys=0.00, real=0.09 secs] 
5644.340: [GC (Allocation Failure) [PSYoungGen: 447872K->142112K(518656K)] 1340620K->1139907K(1916928K), 0.0530812 secs] [Times: user=0.32 sys=0.00, real=0.05 secs] 
5646.052: [GC (Allocation Failure) [PSYoungGen: 482592K->105760K(518656K)] 1480387K->1237163K(1916928K), 0.0984266 secs] [Times: user=0.59 sys=0.01, real=0.10 secs] 
5647.579: [GC (Allocation Failure) [PSYoungGen: 447264K->139008K(519168K)] 1578667K->1373856K(1917440K), 0.0520879 secs] [Times: user=0.30 sys=0.00, real=0.05 secs] 
5647.631: [Full GC (Ergonomics) [PSYoungGen: 139008K->0K(519168K)] [ParOldGen: 1234848K->172667K(1398272K)] 1373856K->172667K(1917440K), [Metaspace: 59701K->59701K(1105920K)], 0.4233111 secs] [Times: user=1.98 sys=0.00, real=0.42 secs] 
5649.287: [GC (GCLocker Initiated GC) [PSYoungGen: 341504K->105888K(518144K)] 514171K->278555K(1916416K), 0.0375035 secs] [Times: user=0.21 sys=0.01, real=0.04 secs] 
5651.419: [GC (Allocation Failure) [PSYoungGen: 449440K->139488K(519680K)] 622110K->415255K(1917952K), 0.0527578 secs] [Times: user=0.31 sys=0.00, real=0.05 secs] 
5652.727: [GC (Allocation Failure) [PSYoungGen: 483040K->110272K(518144K)] 758807K->516147K(1916416K), 0.0872696 secs] [Times: user=0.52 sys=0.00, real=0.09 secs] 
5654.350: [GC (Allocation Failure) [PSYoungGen: 456384K->140864K(520192K)] 862259K->654168K(1918464K), 0.0529937 secs] [Times: user=0.31 sys=0.00, real=0.05 secs] 
5655.688: [GC (Allocation Failure) [PSYoungGen: 486976K->110752K(521728K)] 1000280K->755456K(1920000K), 0.0908876 secs] [Times: user=0.54 sys=0.00, real=0.10 secs] 
5657.435: [GC (Allocation Failure) [PSYoungGen: 460448K->142816K(522752K)] 1105152K->895488K(1921024K), 0.0537426 secs] [Times: user=0.32 sys=0.00, real=0.06 secs] 
5658.794: [GC (Allocation Failure) [PSYoungGen: 492512K->112192K(522752K)] 1245184K->998281K(1921024K), 0.1142322 secs] [Times: user=0.57 sys=0.01, real=0.11 secs] 
5659.975: [GC (Allocation Failure) [PSYoungGen: 462912K->143904K(523264K)] 1349001K->1139781K(1921536K), 0.0547891 secs] [Times: user=0.32 sys=0.00, real=0.06 secs] 
5661.343: [GC (Allocation Failure) [PSYoungGen: 494624K->111936K(524288K)] 1490501K->1242149K(1922560K), 0.1009393 secs] [Times: user=0.60 sys=0.00, real=0.10 secs] 
5662.542: [GC (Allocation Failure) [PSYoungGen: 463680K->147264K(499200K)] 1593893K->1385570K(1897472K), 0.0545297 secs] [Times: user=0.32 sys=0.00, real=0.05 secs] 
5662.597: [Full GC (Ergonomics) [PSYoungGen: 147264K->0K(499200K)] [ParOldGen: 1238306K->184040K(1398272K)] 1385570K->184040K(1897472K), [Metaspace: 59701K->59701K(1105920K)], 0.4540648 secs] [Times: user=2.13 sys=0.00, real=0.46 secs] 
5664.276: [GC (Allocation Failure) [PSYoungGen: 351744K->109088K(524800K)] 535784K->293128K(1923072K), 0.0417967 secs] [Times: user=0.24 sys=0.00, real=0.04 secs] 
5665.889: [GC (Allocation Failure) [PSYoungGen: 457760K->146496K(495616K)] 641800K->435541K(1893888K), 0.0528979 secs] [Times: user=0.31 sys=0.00, real=0.05 secs] 
5667.562: [GC (GCLocker Initiated GC) [PSYoungGen: 495168K->107136K(523264K)] 784214K->533482K(1921536K), 0.0779517 secs] [Times: user=0.46 sys=0.01, real=0.08 secs] 
5668.361: [GC (Allocation Failure) [PSYoungGen: 453248K->154304K(500736K)] 879633K->683769K(1899008K), 0.0520325 secs] [Times: user=0.31 sys=0.00, real=0.05 secs] 
5669.842: [GC (Allocation Failure) [PSYoungGen: 500416K->107296K(519168K)] 1029881K->773881K(1917440K), 0.1150292 secs] [Times: user=0.68 sys=0.00, real=0.11 secs] 
5671.488: [GC (Allocation Failure) [PSYoungGen: 445216K->138464K(476672K)] 1111801K->907574K(1874944K), 0.0515140 secs] [Times: user=0.30 sys=0.00, real=0.06 secs] 
5672.934: [GC (GCLocker Initiated GC) [PSYoungGen: 476384K->107904K(518144K)] 1245495K->1006423K(1916416K), 0.0957596 secs] [Times: user=0.57 sys=0.00, real=0.10 secs] 
5674.445: [GC (Allocation Failure) [PSYoungGen: 447360K->149120K(516608K)] 1345882K->1151835K(1914880K), 0.0542089 secs] [Times: user=0.32 sys=0.00, real=0.06 secs] 
5675.942: [GC (GCLocker Initiated GC) [PSYoungGen: 488576K->103552K(519168K)] 1491291K->1238151K(1917440K), 0.0645562 secs] [Times: user=0.38 sys=0.00, real=0.06 secs] 
5676.846: [GC (Allocation Failure) [PSYoungGen: 441984K->141984K(518144K)] 1576622K->1377339K(1916416K), 0.0537112 secs] [Times: user=0.32 sys=0.00, real=0.06 secs] 
5676.900: [Full GC (Ergonomics) [PSYoungGen: 141984K->0K(518144K)] [ParOldGen: 1235355K->175085K(1398272K)] 1377339K->175085K(1916416K), [Metaspace: 59701K->59701K(1105920K)], 0.4258045 secs] [Times: user=1.98 sys=0.00, real=0.42 secs] 
5678.558: [GC (Allocation Failure) [PSYoungGen: 338432K->103904K(517632K)] 513517K->278989K(1915904K), 0.0501010 secs] [Times: user=0.29 sys=0.00, real=0.05 secs] 
5679.666: [GC (Allocation Failure) [PSYoungGen: 442848K->139936K(518144K)] 617933K->416010K(1916416K), 0.0522018 secs] [Times: user=0.31 sys=0.00, real=0.05 secs] 
5681.051: [GC (Allocation Failure) [PSYoungGen: 478880K->107168K(515584K)] 754954K->513890K(1913856K), 0.0639860 secs] [Times: user=0.37 sys=0.00, real=0.06 secs] 
5682.047: [GC (Allocation Failure) [PSYoungGen: 447648K->139424K(517632K)] 854370K->650431K(1915904K), 0.0523976 secs] [Times: user=0.31 sys=0.00, real=0.06 secs] 
5683.376: [GC (Allocation Failure) [PSYoungGen: 479904K->108704K(517120K)] 990911K->749447K(1915392K), 0.0774601 secs] [Times: user=0.46 sys=0.00, real=0.08 secs] 
5684.258: [GC (Allocation Failure) [PSYoungGen: 452768K->142784K(519168K)] 1093511K->890404K(1917440K), 0.0537129 secs] [Times: user=0.32 sys=0.00, real=0.06 secs] 
5685.581: [GC (Allocation Failure) [PSYoungGen: 486848K->107584K(521728K)] 1234468K->988948K(1920000K), 0.0723177 secs] [Times: user=0.43 sys=0.00, real=0.07 secs] 
5687.043: [GC (Allocation Failure) [PSYoungGen: 454208K->142816K(521728K)] 1335572K->1129512K(1920000K), 0.0529519 secs] [Times: user=0.31 sys=0.00, real=0.05 secs] 
5688.383: [GC (GCLocker Initiated GC) [PSYoungGen: 489440K->109184K(520704K)] 1476137K->1229705K(1918976K), 0.0817197 secs] [Times: user=0.48 sys=0.00, real=0.08 secs] 
5690.638: [GC (Allocation Failure) [PSYoungGen: 455808K->147584K(494592K)] 1576400K->1374364K(1892864K), 0.0540810 secs] [Times: user=0.32 sys=0.00, real=0.06 secs] 
5691.968: [GC (GCLocker Initiated GC) [PSYoungGen: 494208K->112064K(523264K)] 1720990K->1468822K(1921536K), 0.0808019 secs] [Times: user=0.48 sys=0.00, real=0.09 secs] 
5692.049: [Full GC (Ergonomics) [PSYoungGen: 112064K->0K(523264K)] [ParOldGen: 1356758K->30488K(1398272K)] 1468822K->30488K(1921536K), [Metaspace: 59701K->59701K(1105920K)], 0.0593684 secs] [Times: user=0.20 sys=0.00, real=0.05 secs] 
5693.387: [GC (Allocation Failure) [PSYoungGen: 345088K->149280K(494592K)] 375647K->179839K(1892864K), 0.0284522 secs] [Times: user=0.17 sys=0.00, real=0.03 secs] 
5694.702: [GC (Allocation Failure) [PSYoungGen: 494368K->108704K(521216K)] 524927K->270919K(1919488K), 0.0881194 secs] [Times: user=0.52 sys=0.00, real=0.09 secs] 
5695.351: [GC (Allocation Failure) [PSYoungGen: 450208K->141472K(519168K)] 612423K->409782K(1917440K), 0.0524805 secs] [Times: user=0.31 sys=0.00, real=0.05 secs] 
5696.672: [GC (Allocation Failure) [PSYoungGen: 482976K->108544K(519680K)] 751286K->509007K(1917952K), 0.0788773 secs] [Times: user=0.46 sys=0.01, real=0.08 secs] 
5698.593: [GC (Allocation Failure) [PSYoungGen: 451584K->139936K(519680K)] 852047K->645923K(1917952K), 0.0528943 secs] [Times: user=0.31 sys=0.00, real=0.05 secs] 
5699.916: [GC (Allocation Failure) [PSYoungGen: 482976K->108416K(519168K)] 988963K->745243K(1917440K), 0.0733168 secs] [Times: user=0.44 sys=0.01, real=0.08 secs] 
5700.705: [GC (GCLocker Initiated GC) [PSYoungGen: 454016K->140832K(520704K)] 1090843K->884797K(1918976K), 0.0542857 secs] [Times: user=0.32 sys=0.00, real=0.06 secs] 
5702.032: [GC (Allocation Failure) [PSYoungGen: 486432K->107264K(521216K)] 1230400K->982924K(1919488K), 0.0756032 secs] [Times: user=0.44 sys=0.01, real=0.07 secs] 
5703.057: [GC (GCLocker Initiated GC) [PSYoungGen: 455424K->143360K(522240K)] 1331084K->1125034K(1920512K), 0.0547039 secs] [Times: user=0.33 sys=0.00, real=0.06 secs] 
5704.846: [GC (Allocation Failure) [PSYoungGen: 491520K->109312K(522752K)] 1473265K->1225873K(1921024K), 0.0672405 secs] [Times: user=0.40 sys=0.00, real=0.07 secs] 
5706.663: [GC (Allocation Failure) [PSYoungGen: 457984K->141312K(522752K)] 1574545K->1364846K(1921024K), 0.0551403 secs] [Times: user=0.33 sys=0.00, real=0.05 secs] 
5707.998: [GC (GCLocker Initiated GC) [PSYoungGen: 489984K->110464K(521728K)] 1713518K->1466334K(1920000K), 0.0794065 secs] [Times: user=0.46 sys=0.01, real=0.08 secs] 
5708.077: [Full GC (Ergonomics) [PSYoungGen: 110464K->0K(521728K)] [ParOldGen: 1355870K->31140K(1398272K)] 1466334K->31140K(1920000K), [Metaspace: 59701K->59701K(1105920K)], 0.0561410 secs] [Times: user=0.19 sys=0.00, real=0.06 secs] 
5709.840: [GC (Allocation Failure) [PSYoungGen: 349696K->142464K(522752K)] 380907K->173675K(1921024K), 0.0284952 secs] [Times: user=0.17 sys=0.00, real=0.02 secs] 
5711.225: [GC (Allocation Failure) [PSYoungGen: 492160K->112576K(522752K)] 523371K->277019K(1921024K), 0.0944113 secs] [Times: user=0.56 sys=0.00, real=0.10 secs] 
5713.334: [GC (Allocation Failure) [PSYoungGen: 463296K->150624K(501760K)] 627739K->424775K(1900032K), 0.0534263 secs] [Times: user=0.31 sys=0.00, real=0.05 secs] 
5714.736: [GC (Allocation Failure) [PSYoungGen: 501344K->110816K(523776K)] 775495K->518323K(1922048K), 0.0647580 secs] [Times: user=0.38 sys=0.00, real=0.07 secs] 
5715.927: [GC (Allocation Failure) [PSYoungGen: 457440K->143648K(521728K)] 864947K->658688K(1920000K), 0.0530567 secs] [Times: user=0.32 sys=0.00, real=0.06 secs] 
5717.202: [GC (Allocation Failure) [PSYoungGen: 490272K->109440K(522240K)] 1005312K->758928K(1920512K), 0.0644482 secs] [Times: user=0.38 sys=0.00, real=0.06 secs] 
5718.763: [GC (Allocation Failure) [PSYoungGen: 456576K->143552K(522240K)] 1106064K->898657K(1920512K), 0.0529015 secs] [Times: user=0.31 sys=0.00, real=0.05 secs] 
5720.120: [GC (Allocation Failure) [PSYoungGen: 490688K->109920K(521216K)] 1245793K->999321K(1919488K), 0.1016400 secs] [Times: user=0.59 sys=0.01, real=0.10 secs] 
5721.705: [GC (Allocation Failure) [PSYoungGen: 457056K->142720K(521728K)] 1346457K->1137678K(1920000K), 0.0531374 secs] [Times: user=0.31 sys=0.00, real=0.05 secs] 
5723.017: [GC (GCLocker Initiated GC) [PSYoungGen: 489856K->109344K(522752K)] 1484816K->1237512K(1921024K), 0.0642739 secs] [Times: user=0.38 sys=0.00, real=0.07 secs] 
5723.746: [GC (Allocation Failure) [PSYoungGen: 457504K->146560K(495104K)] 1585743K->1380391K(1893376K), 0.0532617 secs] [Times: user=0.32 sys=0.00, real=0.06 secs] 
5723.799: [Full GC (Ergonomics) [PSYoungGen: 146560K->0K(495104K)] [ParOldGen: 1233831K->185100K(1398272K)] 1380391K->185100K(1893376K), [Metaspace: 59701K->59701K(1105920K)], 0.4555820 secs] [Times: user=2.12 sys=0.00, real=0.45 secs] 
5725.532: [GC (Allocation Failure) [PSYoungGen: 348160K->108608K(523264K)] 533260K->293708K(1921536K), 0.0501681 secs] [Times: user=0.30 sys=0.00, real=0.05 secs] 
5726.547: [GC (Allocation Failure) [PSYoungGen: 454720K->146272K(492544K)] 639820K->435325K(1890816K), 0.0522246 secs] [Times: user=0.31 sys=0.01, real=0.06 secs] 
5728.270: [GC (Allocation Failure) [PSYoungGen: 492384K->107168K(522240K)] 781437K->533245K(1920512K), 0.1354811 secs] [Times: user=0.80 sys=0.01, real=0.13 secs] 
5730.084: [GC (Allocation Failure) [PSYoungGen: 451232K->142848K(520704K)] 877309K->671794K(1918976K), 0.0513275 secs] [Times: user=0.30 sys=0.00, real=0.05 secs] 
5731.462: [GC (Allocation Failure) [PSYoungGen: 486912K->106496K(520704K)] 1015858K->769090K(1918976K), 0.1048600 secs] [Times: user=0.62 sys=0.01, real=0.10 secs] 
5733.192: [GC (Allocation Failure) [PSYoungGen: 450560K->141152K(520704K)] 1113154K->906102K(1918976K), 0.0522428 secs] [Times: user=0.30 sys=0.01, real=0.05 secs] 
5734.769: [GC (Allocation Failure) [PSYoungGen: 485216K->108544K(519680K)] 1250166K->1005294K(1917952K), 0.1108887 secs] [Times: user=0.65 sys=0.00, real=0.12 secs] 
5736.775: [GC (Allocation Failure) [PSYoungGen: 453632K->143648K(520704K)] 1350382K->1144623K(1918976K), 0.0527701 secs] [Times: user=0.31 sys=0.00, real=0.05 secs] 
5738.144: [GC (GCLocker Initiated GC) [PSYoungGen: 488736K->106720K(521728K)] 1489712K->1242000K(1920000K), 0.0672836 secs] [Times: user=0.40 sys=0.00, real=0.07 secs] 
5739.474: [GC (Allocation Failure) [PSYoungGen: 452832K->144864K(491008K)] 1588182K->1383514K(1889280K), 0.0532869 secs] [Times: user=0.32 sys=0.00, real=0.05 secs] 
5739.528: [Full GC (Ergonomics) [PSYoungGen: 144864K->0K(491008K)] [ParOldGen: 1238650K->182884K(1398272K)] 1383514K->182884K(1889280K), [Metaspace: 59701K->59701K(1105920K)], 0.4465157 secs] [Times: user=2.09 sys=0.00, real=0.45 secs] 
5741.240: [GC (Allocation Failure) [PSYoungGen: 346112K->107360K(522752K)] 528996K->290244K(1921024K), 0.0377000 secs] [Times: user=0.22 sys=0.00, real=0.03 secs] 
5741.927: [GC (Allocation Failure) [PSYoungGen: 451936K->145408K(490496K)] 634820K->431537K(1888768K), 0.0519796 secs] [Times: user=0.31 sys=0.00, real=0.06 secs] 
5743.418: [GC (Allocation Failure) [PSYoungGen: 489984K->106336K(521728K)] 776113K->528773K(1920000K), 0.0724327 secs] [Times: user=0.42 sys=0.00, real=0.08 secs] 
5744.634: [GC (Allocation Failure) [PSYoungGen: 449376K->144000K(520192K)] 871813K->668474K(1918464K), 0.0515352 secs] [Times: user=0.30 sys=0.00, real=0.05 secs] 
5745.917: [GC (Allocation Failure) [PSYoungGen: 487040K->108288K(520192K)] 1011514K->767634K(1918464K), 0.0646957 secs] [Times: user=0.38 sys=0.00, real=0.07 secs] 
5746.762: [GC (Allocation Failure) [PSYoungGen: 451328K->143008K(520192K)] 1110674K->907237K(1918464K), 0.0528967 secs] [Times: user=0.31 sys=0.00, real=0.05 secs] 
5748.054: [GC (Allocation Failure) [PSYoungGen: 486048K->106240K(519680K)] 1250277K->1004425K(1917952K), 0.0655508 secs] [Times: user=0.39 sys=0.00, real=0.07 secs] 
5749.139: [GC (Allocation Failure) [PSYoungGen: 449792K->146016K(489984K)] 1347977K->1146890K(1888256K), 0.0533497 secs] [Times: user=0.32 sys=0.00, real=0.06 secs] 
5750.441: [GC (Allocation Failure) [PSYoungGen: 489568K->106432K(521216K)] 1490442K->1244550K(1919488K), 0.0654115 secs] [Times: user=0.39 sys=0.00, real=0.06 secs] 
5751.951: [GC (Allocation Failure) [PSYoungGen: 447936K->141280K(519168K)] 1586054K->1382055K(1917440K), 0.0522421 secs] [Times: user=0.31 sys=0.00, real=0.05 secs] 
5752.003: [Full GC (Ergonomics) [PSYoungGen: 141280K->0K(519168K)] [ParOldGen: 1240775K->180982K(1398272K)] 1382055K->180982K(1917440K), [Metaspace: 59701K->59701K(1105920K)], 0.4406494 secs] [Times: user=2.05 sys=0.00, real=0.44 secs] 
5753.671: [GC (Allocation Failure) [PSYoungGen: 341504K->106816K(518144K)] 522486K->287798K(1916416K), 0.0335856 secs] [Times: user=0.19 sys=0.00, real=0.03 secs] 
5755.342: [GC (Allocation Failure) [PSYoungGen: 449344K->140416K(519168K)] 630326K->424183K(1917440K), 0.0517812 secs] [Times: user=0.31 sys=0.00, real=0.05 secs] 
5756.632: [GC (Allocation Failure) [PSYoungGen: 482944K->108992K(518656K)] 766711K->523911K(1916928K), 0.0631889 secs] [Times: user=0.37 sys=0.00, real=0.06 secs] 
5757.630: [GC (Allocation Failure) [PSYoungGen: 454080K->143072K(520192K)] 868999K->664275K(1918464K), 0.0529111 secs] [Times: user=0.31 sys=0.00, real=0.05 secs] 
5758.921: [GC (Allocation Failure) [PSYoungGen: 488160K->106176K(522240K)] 1009363K->761184K(1920512K), 0.0641512 secs] [Times: user=0.38 sys=0.00, real=0.06 secs] 
5760.117: [GC (Allocation Failure) [PSYoungGen: 452288K->145024K(491520K)] 1107296K->903540K(1889792K), 0.0536306 secs] [Times: user=0.32 sys=0.00, real=0.06 secs] 
5762.216: [GC (Allocation Failure) [PSYoungGen: 491136K->105824K(522752K)] 1249652K->1000744K(1921024K), 0.0839981 secs] [Times: user=0.50 sys=0.00, real=0.09 secs] 
5763.141: [GC (Allocation Failure) [PSYoungGen: 450400K->142912K(520704K)] 1345320K->1140969K(1918976K), 0.0524280 secs] [Times: user=0.31 sys=0.00, real=0.05 secs] 
5764.448: [GC (Allocation Failure) [PSYoungGen: 487488K->108064K(520704K)] 1485545K->1239745K(1918976K), 0.0646510 secs] [Times: user=0.39 sys=0.00, real=0.07 secs] 
5766.561: [GC (GCLocker Initiated GC) [PSYoungGen: 452640K->140576K(520704K)] 1584321K->1377406K(1918976K), 0.0534808 secs] [Times: user=0.32 sys=0.00, real=0.05 secs] 
5766.615: [Full GC (Ergonomics) [PSYoungGen: 140576K->0K(520704K)] [ParOldGen: 1236830K->176903K(1398272K)] 1377406K->176903K(1918976K), [Metaspace: 59701K->59701K(1105920K)], 0.4291038 secs] [Times: user=1.99 sys=0.00, real=0.43 secs] 
5768.289: [GC (GCLocker Initiated GC) [PSYoungGen: 344576K->108064K(519168K)] 521483K->284971K(1917440K), 0.0347915 secs] [Times: user=0.20 sys=0.00, real=0.03 secs] 
5769.569: [GC (Allocation Failure) [PSYoungGen: 454176K->142048K(520704K)] 631154K->424119K(1918976K), 0.0528038 secs] [Times: user=0.32 sys=0.00, real=0.05 secs] 
5770.934: [GC (Allocation Failure) [PSYoungGen: 488160K->109792K(521216K)] 770231K->524091K(1919488K), 0.0975932 secs] [Times: user=0.57 sys=0.01, real=0.10 secs] 
5772.117: [GC (Allocation Failure) [PSYoungGen: 457440K->153824K(501760K)] 871739K->675128K(1900032K), 0.0535149 secs] [Times: user=0.32 sys=0.00, real=0.06 secs] 
5773.485: [GC (Allocation Failure) [PSYoungGen: 501472K->108256K(520704K)] 1022776K->766380K(1918976K), 0.0652952 secs] [Times: user=0.38 sys=0.00, real=0.07 secs] 
5774.912: [GC (Allocation Failure) [PSYoungGen: 448736K->151200K(492032K)] 1106860K->913521K(1890304K), 0.0525634 secs] [Times: user=0.31 sys=0.00, real=0.05 secs] 
5776.208: [GC (Allocation Failure) [PSYoungGen: 491197K->105504K(518144K)] 1253518K->1001793K(1916416K), 0.0638624 secs] [Times: user=0.37 sys=0.01, real=0.07 secs] 
5776.920: [GC (Allocation Failure) [PSYoungGen: 441376K->139648K(475648K)] 1337665K->1138629K(1873920K), 0.0521098 secs] [Times: user=0.30 sys=0.01, real=0.05 secs] 
5778.243: [GC (Allocation Failure) [PSYoungGen: 475520K->102816K(517120K)] 1474501K->1232094K(1915392K), 0.0642555 secs] [Times: user=0.38 sys=0.00, real=0.06 secs] 
5779.133: [GC (Allocation Failure) [PSYoungGen: 439712K->140928K(516096K)] 1568990K->1371065K(1914368K), 0.0527060 secs] [Times: user=0.31 sys=0.00, real=0.05 secs] 
5780.429: [GC (Allocation Failure) [PSYoungGen: 477824K->105056K(517120K)] 1707961K->1467233K(1915392K), 0.0647169 secs] [Times: user=0.38 sys=0.00, real=0.06 secs] 
5780.494: [Full GC (Ergonomics) [PSYoungGen: 105056K->0K(517120K)] [ParOldGen: 1362177K->27991K(1398272K)] 1467233K->27991K(1915392K), [Metaspace: 59701K->59701K(1105920K)], 0.0499315 secs] [Times: user=0.16 sys=0.00, real=0.05 secs] 
5782.650: [GC (Allocation Failure) [PSYoungGen: 339968K->138560K(518144K)] 367959K->166551K(1916416K), 0.0275340 secs] [Times: user=0.16 sys=0.00, real=0.02 secs] 
5783.939: [GC (Allocation Failure) [PSYoungGen: 478528K->107584K(516608K)] 506519K->264751K(1914880K), 0.0634726 secs] [Times: user=0.38 sys=0.00, real=0.06 secs] 
5785.145: [GC (Allocation Failure) [PSYoungGen: 450112K->141088K(518656K)] 607279K->403887K(1916928K), 0.0518446 secs] [Times: user=0.31 sys=0.00, real=0.05 secs] 
5786.464: [GC (Allocation Failure) [PSYoungGen: 483616K->108448K(519680K)] 746415K->503448K(1917952K), 0.0639682 secs] [Times: user=0.37 sys=0.01, real=0.06 secs] 
5787.281: [GC (Allocation Failure) [PSYoungGen: 454048K->141408K(520704K)] 849048K->642916K(1918976K), 0.0533102 secs] [Times: user=0.32 sys=0.00, real=0.05 secs] 
5788.610: [GC (Allocation Failure) [PSYoungGen: 487008K->110208K(520704K)] 988516K->743632K(1918976K), 0.0643279 secs] [Times: user=0.39 sys=0.00, real=0.06 secs] 
5790.093: [GC (Allocation Failure) [PSYoungGen: 457856K->141632K(521728K)] 1091280K->882933K(1920000K), 0.0537273 secs] [Times: user=0.32 sys=0.00, real=0.05 secs] 
5791.445: [GC (Allocation Failure) [PSYoungGen: 489280K->110752K(521216K)] 1230581K->984325K(1919488K), 0.0659180 secs] [Times: user=0.38 sys=0.00, real=0.07 secs] 
5792.708: [GC (GCLocker Initiated GC) [PSYoungGen: 459936K->142272K(522240K)] 1333509K->1124667K(1920512K), 0.0545155 secs] [Times: user=0.32 sys=0.00, real=0.06 secs] 
5794.908: [GC (GCLocker Initiated GC) [PSYoungGen: 491456K->111744K(522752K)] 1473854K->1227358K(1921024K), 0.0759873 secs] [Times: user=0.45 sys=0.00, real=0.08 secs] 
5795.824: [GC (Allocation Failure) [PSYoungGen: 462464K->153440K(504320K)] 1578116K->1378368K(1902592K), 0.0551369 secs] [Times: user=0.33 sys=0.00, real=0.06 secs] 
5797.194: [GC (Allocation Failure) [PSYoungGen: 504160K->110400K(522752K)] 1729088K->1471240K(1921024K), 0.0923872 secs] [Times: user=0.55 sys=0.00, real=0.09 secs] 
5797.286: [Full GC (Ergonomics) [PSYoungGen: 110400K->0K(522752K)] [ParOldGen: 1360840K->35655K(1398272K)] 1471240K->35655K(1921024K), [Metaspace: 59701K->59701K(1105920K)], 0.0706149 secs] [Times: user=0.26 sys=0.00, real=0.07 secs] 
5798.220: [GC (Allocation Failure) [PSYoungGen: 344576K->142880K(520704K)] 380231K->178535K(1918976K), 0.0285401 secs] [Times: user=0.16 sys=0.00, real=0.02 secs] 
5799.498: [GC (Allocation Failure) [PSYoungGen: 487456K->108160K(520192K)] 523111K->277343K(1918464K), 0.0628956 secs] [Times: user=0.37 sys=0.00, real=0.07 secs] 
5800.762: [GC (Allocation Failure) [PSYoungGen: 453248K->144320K(520704K)] 622431K->419200K(1918976K), 0.0519410 secs] [Times: user=0.30 sys=0.00, real=0.05 secs] 
5802.100: [GC (GCLocker Initiated GC) [PSYoungGen: 489408K->107584K(521728K)] 764289K->517929K(1920000K), 0.0642181 secs] [Times: user=0.38 sys=0.01, real=0.06 secs] 
5803.468: [GC (Allocation Failure) [PSYoungGen: 452672K->141312K(521216K)] 863020K->656473K(1919488K), 0.0518462 secs] [Times: user=0.31 sys=0.00, real=0.06 secs] 
5804.835: [GC (Allocation Failure) [PSYoungGen: 486400K->109248K(519680K)] 1001561K->756417K(1917952K), 0.0859462 secs] [Times: user=0.51 sys=0.00, real=0.09 secs] 
5805.643: [GC (Allocation Failure) [PSYoungGen: 454848K->143840K(520704K)] 1102017K->897550K(1918976K), 0.0532724 secs] [Times: user=0.32 sys=0.00, real=0.05 secs] 
5806.945: [GC (GCLocker Initiated GC) [PSYoungGen: 489440K->107232K(522240K)] 1243150K->995446K(1920512K), 0.0673186 secs] [Times: user=0.40 sys=0.00, real=0.07 secs] 
5808.294: [GC (Allocation Failure) [PSYoungGen: 453344K->144704K(491008K)] 1341565K->1137074K(1889280K), 0.0544166 secs] [Times: user=0.33 sys=0.00, real=0.06 secs] 
5809.685: [GC (GCLocker Initiated GC) [PSYoungGen: 490816K->107488K(522752K)] 1483186K->1235706K(1921024K), 0.0663160 secs] [Times: user=0.39 sys=0.00, real=0.07 secs] 
5810.437: [GC (Allocation Failure) [PSYoungGen: 452576K->146016K(491520K)] 1580796K->1377753K(1889792K), 0.0532878 secs] [Times: user=0.31 sys=0.00, real=0.06 secs] 
5810.490: [Full GC (Ergonomics) [PSYoungGen: 146016K->0K(491520K)] [ParOldGen: 1231737K->182016K(1398272K)] 1377753K->182016K(1889792K), [Metaspace: 59701K->59701K(1105920K)], 0.4449809 secs] [Times: user=2.08 sys=0.00, real=0.44 secs] 
5812.155: [GC (Allocation Failure) [PSYoungGen: 345088K->105856K(521728K)] 527104K->287872K(1920000K), 0.0334578 secs] [Times: user=0.20 sys=0.01, real=0.04 secs] 
5813.984: [GC (Allocation Failure) [PSYoungGen: 448896K->143168K(520192K)] 630912K->427229K(1918464K), 0.0518612 secs] [Times: user=0.31 sys=0.00, real=0.05 secs] 
5815.267: [GC (Allocation Failure) [PSYoungGen: 486208K->109408K(519168K)] 770269K->527685K(1917440K), 0.0644651 secs] [Times: user=0.38 sys=0.00, real=0.07 secs] 
5816.786: [GC (Allocation Failure) [PSYoungGen: 452448K->142496K(519680K)] 870725K->664638K(1917952K), 0.0528820 secs] [Times: user=0.31 sys=0.00, real=0.06 secs] 
5818.372: [GC (Allocation Failure) [PSYoungGen: 485536K->106464K(520192K)] 1007678K->762430K(1918464K), 0.0653653 secs] [Times: user=0.38 sys=0.00, real=0.06 secs] 
5819.933: [GC (Allocation Failure) [PSYoungGen: 451040K->142400K(520704K)] 1107006K->901795K(1918976K), 0.0527902 secs] [Times: user=0.31 sys=0.00, real=0.05 secs] 
5821.231: [GC (GCLocker Initiated GC) [PSYoungGen: 486976K->106176K(521216K)] 1246371K->998947K(1919488K), 0.0647854 secs] [Times: user=0.39 sys=0.00, real=0.06 secs] 
5822.277: [GC (Allocation Failure) [PSYoungGen: 451264K->151488K(496640K)] 1344042K->1148015K(1894912K), 0.0529599 secs] [Times: user=0.31 sys=0.00, real=0.06 secs] 
5823.682: [GC (Allocation Failure) [PSYoungGen: 496576K->107712K(520192K)] 1493103K->1238379K(1918464K), 0.0722621 secs] [Times: user=0.42 sys=0.01, real=0.07 secs] 
5824.719: [GC (Allocation Failure) [PSYoungGen: 447168K->142432K(518144K)] 1577835K->1378400K(1916416K), 0.0533299 secs] [Times: user=0.31 sys=0.00, real=0.06 secs] 
5824.772: [Full GC (Ergonomics) [PSYoungGen: 142432K->0K(518144K)] [ParOldGen: 1235968K->177385K(1398272K)] 1378400K->177385K(1916416K), [Metaspace: 59701K->59701K(1105920K)], 0.4295986 secs] [Times: user=1.99 sys=0.00, real=0.43 secs] 
5826.392: [GC (Allocation Failure) [PSYoungGen: 339456K->104096K(519168K)] 516841K->281481K(1917440K), 0.0339544 secs] [Times: user=0.20 sys=0.00, real=0.03 secs] 
5827.673: [GC (Allocation Failure) [PSYoungGen: 444576K->140704K(519168K)] 621961K->420036K(1917440K), 0.0521365 secs] [Times: user=0.30 sys=0.00, real=0.05 secs] 
5829.783: [GC (Allocation Failure) [PSYoungGen: 481184K->105536K(516608K)] 760516K->516848K(1914880K), 0.0802447 secs] [Times: user=0.48 sys=0.00, real=0.08 secs] 
5831.203: [GC (Allocation Failure) [PSYoungGen: 446528K->140608K(518144K)] 857840K->654756K(1916416K), 0.0526681 secs] [Times: user=0.31 sys=0.00, real=0.05 secs] 
5832.507: [GC (GCLocker Initiated GC) [PSYoungGen: 481600K->106016K(518656K)] 995748K->751772K(1916928K), 0.0649080 secs] [Times: user=0.39 sys=0.00, real=0.07 secs] 
5833.910: [GC (Allocation Failure) [PSYoungGen: 449568K->138688K(519680K)] 1095363K->888434K(1917952K), 0.0528482 secs] [Times: user=0.31 sys=0.00, real=0.05 secs] 
5835.228: [GC (GCLocker Initiated GC) [PSYoungGen: 482240K->109184K(518144K)] 1231987K->988151K(1916416K), 0.0653414 secs] [Times: user=0.39 sys=0.01, real=0.07 secs] 
5836.903: [GC (Allocation Failure) [PSYoungGen: 455296K->139424K(520192K)] 1334266K->1125446K(1918464K), 0.0546569 secs] [Times: user=0.32 sys=0.00, real=0.05 secs] 
5838.221: [GC (Allocation Failure) [PSYoungGen: 485536K->109824K(520704K)] 1471558K->1226038K(1918976K), 0.0653915 secs] [Times: user=0.38 sys=0.00, real=0.06 secs] 
5839.006: [GC (Allocation Failure) [PSYoungGen: 459520K->145184K(522240K)] 1575734K->1369083K(1920512K), 0.0558181 secs] [Times: user=0.33 sys=0.00, real=0.06 secs] 
5840.328: [GC (Allocation Failure) [PSYoungGen: 494880K->108960K(524288K)] 1718779K->1468979K(1922560K), 0.0679591 secs] [Times: user=0.41 sys=0.00, real=0.07 secs] 
5840.396: [Full GC (Ergonomics) [PSYoungGen: 108960K->0K(524288K)] [ParOldGen: 1360019K->28798K(1398272K)] 1468979K->28798K(1922560K), [Metaspace: 59701K->59701K(1105920K)], 0.0546699 secs] [Times: user=0.19 sys=0.00, real=0.06 secs] 
5841.551: [GC (Allocation Failure) [PSYoungGen: 349696K->145792K(495616K)] 378494K->174590K(1893888K), 0.0289807 secs] [Times: user=0.17 sys=0.00, real=0.03 secs] 
5843.063: [GC (GCLocker Initiated GC) [PSYoungGen: 495488K->108352K(524288K)] 524286K->274274K(1922560K), 0.0826990 secs] [Times: user=0.49 sys=0.00, real=0.08 secs] 
5844.753: [GC (Allocation Failure) [PSYoungGen: 456000K->144064K(492032K)] 621925K->415410K(1890304K), 0.0524953 secs] [Times: user=0.31 sys=0.00, real=0.05 secs] 
5846.059: [GC (Allocation Failure) [PSYoungGen: 491712K->107456K(523776K)] 763058K->513914K(1922048K), 0.0642564 secs] [Times: user=0.38 sys=0.00, real=0.07 secs] 
5847.313: [GC (Allocation Failure) [PSYoungGen: 454080K->144736K(491520K)] 860538K->656222K(1889792K), 0.0532120 secs] [Times: user=0.31 sys=0.01, real=0.05 secs] 
5848.622: [GC (Allocation Failure) [PSYoungGen: 491360K->109312K(523264K)] 1002846K->756767K(1921536K), 0.0643336 secs] [Times: user=0.39 sys=0.00, real=0.06 secs] 
5850.409: [GC (Allocation Failure) [PSYoungGen: 454912K->142400K(521216K)] 1102367K->896435K(1919488K), 0.0531559 secs] [Times: user=0.31 sys=0.00, real=0.05 secs] 
5851.702: [GC (Allocation Failure) [PSYoungGen: 488000K->104704K(521728K)] 1242035K->992227K(1920000K), 0.0650829 secs] [Times: user=0.38 sys=0.00, real=0.06 secs] 
5853.216: [GC (Allocation Failure) [PSYoungGen: 450816K->142432K(521728K)] 1338339K->1132004K(1920000K), 0.0523812 secs] [Times: user=0.30 sys=0.00, real=0.05 secs] 
5854.540: [GC (Allocation Failure) [PSYoungGen: 488544K->108800K(520704K)] 1478116K->1231668K(1918976K), 0.0666636 secs] [Times: user=0.39 sys=0.00, real=0.06 secs] 
5855.815: [GC (Allocation Failure) [PSYoungGen: 454912K->142784K(521216K)] 1577780K->1371553K(1919488K), 0.0534103 secs] [Times: user=0.32 sys=0.00, real=0.06 secs] 
5857.112: [GC (GCLocker Initiated GC) [PSYoungGen: 488896K->108768K(521216K)] 1717665K->1471449K(1919488K), 0.0656941 secs] [Times: user=0.38 sys=0.01, real=0.06 secs] 
5857.178: [Full GC (Ergonomics) [PSYoungGen: 108768K->0K(521216K)] [ParOldGen: 1362681K->37704K(1398272K)] 1471449K->37704K(1919488K), [Metaspace: 59701K->59701K(1105920K)], 0.0747505 secs] [Times: user=0.29 sys=0.00, real=0.08 secs] 
5858.554: [GC (Allocation Failure) [PSYoungGen: 347136K->143328K(521728K)] 384911K->181103K(1920000K), 0.0285724 secs] [Times: user=0.16 sys=0.00, real=0.03 secs] 
5859.875: [GC (GCLocker Initiated GC) [PSYoungGen: 490464K->108032K(522752K)] 528239K->279843K(1921024K), 0.0645301 secs] [Times: user=0.38 sys=0.00, real=0.07 secs] 
5861.337: [GC (Allocation Failure) [PSYoungGen: 455168K->151744K(499200K)] 626982K->428533K(1897472K), 0.0531035 secs] [Times: user=0.31 sys=0.00, real=0.06 secs] 
5862.687: [GC (Allocation Failure) [PSYoungGen: 498880K->109344K(521216K)] 775669K->520685K(1919488K), 0.0641693 secs] [Times: user=0.38 sys=0.00, real=0.07 secs] 
5864.039: [GC (Allocation Failure) [PSYoungGen: 450848K->140768K(519168K)] 862189K->657406K(1917440K), 0.0523271 secs] [Times: user=0.31 sys=0.00, real=0.05 secs] 
5865.344: [GC (Allocation Failure) [PSYoungGen: 482272K->109952K(518656K)] 998910K->757758K(1916928K), 0.0640603 secs] [Times: user=0.38 sys=0.00, real=0.06 secs] 
5866.986: [GC (Allocation Failure) [PSYoungGen: 452992K->139936K(519168K)] 1100798K->894923K(1917440K), 0.0533664 secs] [Times: user=0.32 sys=0.00, real=0.06 secs] 
5868.282: [GC (GCLocker Initiated GC) [PSYoungGen: 482976K->106656K(520704K)] 1237963K->992579K(1918976K), 0.0637867 secs] [Times: user=0.38 sys=0.00, real=0.06 secs] 
5869.513: [GC (Allocation Failure) [PSYoungGen: 453280K->142944K(521728K)] 1339206K->1132935K(1920000K), 0.0523023 secs] [Times: user=0.30 sys=0.00, real=0.05 secs] 
5870.816: [GC (Allocation Failure) [PSYoungGen: 489568K->109120K(521216K)] 1479559K->1233299K(1919488K), 0.0656913 secs] [Times: user=0.39 sys=0.00, real=0.07 secs] 
5871.990: [GC (Allocation Failure) [PSYoungGen: 456256K->144640K(521728K)] 1580435K->1374794K(1920000K), 0.0535176 secs] [Times: user=0.31 sys=0.00, real=0.05 secs] 
5873.300: [GC (Allocation Failure) [PSYoungGen: 491776K->107168K(522240K)] 1721930K->1473034K(1920512K), 0.0655449 secs] [Times: user=0.39 sys=0.00, real=0.06 secs] 
5873.366: [Full GC (Ergonomics) [PSYoungGen: 107168K->0K(522240K)] [ParOldGen: 1365866K->38928K(1398272K)] 1473034K->38928K(1920512K), [Metaspace: 59701K->59701K(1105920K)], 0.0807450 secs] [Times: user=0.31 sys=0.00, real=0.08 secs] 
5874.772: [GC (Allocation Failure) [PSYoungGen: 346624K->143232K(521728K)] 385552K->182160K(1920000K), 0.0281634 secs] [Times: user=0.16 sys=0.00, real=0.03 secs] 
5876.119: [GC (Allocation Failure) [PSYoungGen: 489856K->110560K(520704K)] 528784K->283821K(1918976K), 0.0768125 secs] [Times: user=0.46 sys=0.00, real=0.07 secs] 
5877.396: [GC (Allocation Failure) [PSYoungGen: 457184K->144640K(521216K)] 630445K->422577K(1919488K), 0.0520072 secs] [Times: user=0.31 sys=0.00, real=0.05 secs] 
5878.679: [GC (GCLocker Initiated GC) [PSYoungGen: 491264K->109504K(522240K)] 769201K->523249K(1920512K), 0.0652748 secs] [Times: user=0.39 sys=0.00, real=0.06 secs] 
5879.662: [GC (Allocation Failure) [PSYoungGen: 456128K->142880K(521728K)] 869876K->662029K(1920000K), 0.0530580 secs] [Times: user=0.31 sys=0.01, real=0.05 secs] 
5880.958: [GC (GCLocker Initiated GC) [PSYoungGen: 489504K->108928K(521216K)] 1008653K->761213K(1919488K), 0.0656318 secs] [Times: user=0.39 sys=0.00, real=0.07 secs] 
5881.793: [GC (GCLocker Initiated GC) [PSYoungGen: 456064K->147648K(495104K)] 1108354K->904783K(1893376K), 0.0538021 secs] [Times: user=0.32 sys=0.00, real=0.05 secs] 
5883.122: [GC (Allocation Failure) [PSYoungGen: 494784K->106208K(522240K)] 1251919K->1002248K(1920512K), 0.0713905 secs] [Times: user=0.42 sys=0.00, real=0.07 secs] 
5884.421: [GC (Allocation Failure) [PSYoungGen: 450272K->145824K(489984K)] 1346312K->1144552K(1888256K), 0.0529099 secs] [Times: user=0.31 sys=0.00, real=0.05 secs] 
5885.711: [GC (Allocation Failure) [PSYoungGen: 489888K->106688K(521216K)] 1488616K->1242504K(1919488K), 0.0662896 secs] [Times: user=0.39 sys=0.00, real=0.06 secs] 
5887.227: [GC (Allocation Failure) [PSYoungGen: 448704K->141632K(519680K)] 1584520K->1380421K(1917952K), 0.0535828 secs] [Times: user=0.32 sys=0.00, real=0.06 secs] 
5887.280: [Full GC (Ergonomics) [PSYoungGen: 141632K->0K(519680K)] [ParOldGen: 1238789K->185108K(1398272K)] 1380421K->185108K(1917952K), [Metaspace: 59701K->59701K(1105920K)], 0.4541832 secs] [Times: user=2.13 sys=0.00, real=0.45 secs] 
5888.952: [GC (GCLocker Initiated GC) [PSYoungGen: 342016K->105632K(520192K)] 527124K->290740K(1918464K), 0.0328398 secs] [Times: user=0.19 sys=0.00, real=0.03 secs] 
5890.507: [GC (Allocation Failure) [PSYoungGen: 448672K->142048K(520192K)] 633783K->428820K(1918464K), 0.0513221 secs] [Times: user=0.30 sys=0.00, real=0.05 secs] 
5891.785: [GC (Allocation Failure) [PSYoungGen: 485088K->109280K(518656K)] 771860K->529004K(1916928K), 0.0646523 secs] [Times: user=0.39 sys=0.01, real=0.07 secs] 
5892.865: [GC (Allocation Failure) [PSYoungGen: 452832K->145792K(519680K)] 872556K->668168K(1917952K), 0.0521882 secs] [Times: user=0.31 sys=0.00, real=0.05 secs] 
5894.153: [GC (GCLocker Initiated GC) [PSYoungGen: 489344K->105760K(521216K)] 1011722K->764986K(1919488K), 0.0654572 secs] [Times: user=0.39 sys=0.00, real=0.06 secs] 
5895.291: [GC (GCLocker Initiated GC) [PSYoungGen: 448800K->141248K(520192K)] 1108028K->902585K(1918464K), 0.0523441 secs] [Times: user=0.31 sys=0.01, real=0.05 secs] 
5896.596: [GC (Allocation Failure) [PSYoungGen: 484288K->107392K(518656K)] 1247708K->1002704K(1916928K), 0.0671274 secs] [Times: user=0.39 sys=0.01, real=0.07 secs] 
5897.452: [GC (Allocation Failure) [PSYoungGen: 450944K->151840K(495616K)] 1346256K->1153277K(1893888K), 0.0545461 secs] [Times: user=0.33 sys=0.00, real=0.05 secs] 
5899.356: [GC (GCLocker Initiated GC) [PSYoungGen: 495392K->106336K(519680K)] 1496830K->1242462K(1917952K), 0.0935011 secs] [Times: user=0.56 sys=0.00, real=0.10 secs] 
5900.074: [GC (Allocation Failure) [PSYoungGen: 444768K->140768K(517632K)] 1580896K->1380141K(1915904K), 0.0535496 secs] [Times: user=0.32 sys=0.00, real=0.05 secs] 
5900.128: [Full GC (Ergonomics) [PSYoungGen: 140768K->0K(517632K)] [ParOldGen: 1239373K->176904K(1398272K)] 1380141K->176904K(1915904K), [Metaspace: 59701K->59701K(1105920K)], 0.4279923 secs] [Times: user=1.99 sys=0.00, real=0.43 secs] 
5901.749: [GC (GCLocker Initiated GC) [PSYoungGen: 338432K->104736K(518144K)] 515337K->281641K(1916416K), 0.0444173 secs] [Times: user=0.26 sys=0.01, real=0.04 secs] 
5902.761: [GC (Allocation Failure) [PSYoungGen: 444704K->149376K(489472K)] 621648K->428109K(1887744K), 0.0528880 secs] [Times: user=0.31 sys=0.01, real=0.05 secs] 
5904.059: [GC (GCLocker Initiated GC) [PSYoungGen: 489344K->106880K(519168K)] 768077K->517405K(1917440K), 0.0649462 secs] [Times: user=0.39 sys=0.00, real=0.07 secs] 
5905.227: [GC (Allocation Failure) [PSYoungGen: 444288K->139360K(517120K)] 854816K->654045K(1915392K), 0.0527052 secs] [Times: user=0.32 sys=0.00, real=0.06 secs] 
5906.565: [GC (GCLocker Initiated GC) [PSYoungGen: 476768K->105376K(517632K)] 991453K->750365K(1915904K), 0.0653564 secs] [Times: user=0.39 sys=0.00, real=0.07 secs] 
5907.556: [GC (Allocation Failure) [PSYoungGen: 444320K->138208K(517120K)] 1089348K->886899K(1915392K), 0.0535166 secs] [Times: user=0.32 sys=0.00, real=0.06 secs] 
5908.936: [GC (Allocation Failure) [PSYoungGen: 477152K->107840K(517632K)] 1225843K->985763K(1915904K), 0.0654044 secs] [Times: user=0.39 sys=0.00, real=0.07 secs] 
5910.500: [GC (Allocation Failure) [PSYoungGen: 450880K->138784K(518656K)] 1328803K->1122496K(1916928K), 0.0537868 secs] [Times: user=0.32 sys=0.00, real=0.05 secs] 
5911.818: [GC (Allocation Failure) [PSYoungGen: 481824K->110112K(518656K)] 1465536K->1223544K(1916928K), 0.0648336 secs] [Times: user=0.38 sys=0.00, real=0.07 secs] 
5913.389: [GC (Allocation Failure) [PSYoungGen: 457248K->140320K(520704K)] 1570680K->1361997K(1918976K), 0.0553368 secs] [Times: user=0.32 sys=0.00, real=0.05 secs] 
5914.742: [GC (GCLocker Initiated GC) [PSYoungGen: 487456K->110560K(522240K)] 1709133K->1463089K(1920512K), 0.0670624 secs] [Times: user=0.40 sys=0.00, real=0.07 secs] 
5914.809: [Full GC (Ergonomics) [PSYoungGen: 110560K->0K(522240K)] [ParOldGen: 1352529K->23402K(1398272K)] 1463089K->23402K(1920512K), [Metaspace: 59701K->59701K(1105920K)], 0.0363181 secs] [Times: user=0.09 sys=0.00, real=0.03 secs] 
5916.582: [GC (Allocation Failure) [PSYoungGen: 350720K->140480K(523264K)] 374125K->163885K(1921536K), 0.0300757 secs] [Times: user=0.17 sys=0.00, real=0.03 secs] 
5917.866: [GC (Allocation Failure) [PSYoungGen: 491200K->114304K(522240K)] 514605K->269045K(1920512K), 0.0651415 secs] [Times: user=0.38 sys=0.01, real=0.07 secs] 
5919.220: [GC (Allocation Failure) [PSYoungGen: 467072K->142592K(523776K)] 621813K->409322K(1922048K), 0.0542793 secs] [Times: user=0.32 sys=0.00, real=0.05 secs] 
5920.583: [GC (GCLocker Initiated GC) [PSYoungGen: 495360K->112768K(524800K)] 762092K->512452K(1923072K), 0.0656842 secs] [Times: user=0.39 sys=0.00, real=0.07 secs] 
5921.450: [GC (Allocation Failure) [PSYoungGen: 467584K->146016K(525312K)] 867271K->655787K(1923584K), 0.0543194 secs] [Times: user=0.32 sys=0.00, real=0.05 secs] 
5922.828: [GC (Allocation Failure) [PSYoungGen: 500832K->112960K(526336K)] 1010603K->759187K(1924608K), 0.0897174 secs] [Times: user=0.52 sys=0.00, real=0.09 secs] 
5923.665: [GC (Allocation Failure) [PSYoungGen: 466752K->148224K(502272K)] 1112979K->904192K(1900544K), 0.0542518 secs] [Times: user=0.32 sys=0.00, real=0.06 secs] 
5924.969: [GC (Allocation Failure) [PSYoungGen: 502016K->110432K(525312K)] 1257984K->1005928K(1923584K), 0.0655478 secs] [Times: user=0.39 sys=0.00, real=0.07 secs] 
5925.830: [GC (Allocation Failure) [PSYoungGen: 460640K->147648K(498176K)] 1356136K->1149609K(1896448K), 0.0530426 secs] [Times: user=0.31 sys=0.00, real=0.05 secs] 
5927.660: [GC (Allocation Failure) [PSYoungGen: 497856K->107712K(523264K)] 1499817K->1248353K(1921536K), 0.1026510 secs] [Times: user=0.61 sys=0.00, real=0.10 secs] 
5929.166: [GC (Allocation Failure) [PSYoungGen: 454336K->143136K(522240K)] 1594977K->1387746K(1920512K), 0.0518682 secs] [Times: user=0.31 sys=0.00, real=0.05 secs] 
5929.218: [Full GC (Ergonomics) [PSYoungGen: 143136K->0K(522240K)] [ParOldGen: 1244610K->191853K(1398272K)] 1387746K->191853K(1920512K), [Metaspace: 59701K->59701K(1105920K)], 0.4663155 secs] [Times: user=2.17 sys=0.00, real=0.47 secs] 
5931.566: [GC (Allocation Failure) [PSYoungGen: 346624K->107072K(522240K)] 538477K->298925K(1920512K), 0.0917113 secs] [Times: user=0.54 sys=0.00, real=0.09 secs] 
5932.735: [GC (Allocation Failure) [PSYoungGen: 453696K->145760K(492544K)] 645549K->440210K(1890816K), 0.0507240 secs] [Times: user=0.30 sys=0.00, real=0.05 secs] 
5934.038: [GC (Allocation Failure) [PSYoungGen: 492384K->108512K(522752K)] 786834K->539938K(1921024K), 0.0654417 secs] [Times: user=0.38 sys=0.00, real=0.07 secs] 
5934.984: [GC (Allocation Failure) [PSYoungGen: 453088K->144096K(520704K)] 884514K->679690K(1918976K), 0.0516802 secs] [Times: user=0.30 sys=0.00, real=0.05 secs] 
5936.495: [GC (Allocation Failure) [PSYoungGen: 488672K->108000K(520704K)] 1024266K->778474K(1918976K), 0.0914700 secs] [Times: user=0.54 sys=0.00, real=0.09 secs] 
5937.217: [GC (Allocation Failure) [PSYoungGen: 449285K->145728K(490496K)] 1119760K->919763K(1888768K), 0.0520702 secs] [Times: user=0.31 sys=0.00, real=0.06 secs] 
5938.992: [GC (Allocation Failure) [PSYoungGen: 490304K->104416K(521216K)] 1264339K->1015499K(1919488K), 0.0962088 secs] [Times: user=0.57 sys=0.00, real=0.09 secs] 
5939.913: [GC (Allocation Failure) [PSYoungGen: 446944K->144576K(487424K)] 1358027K->1155972K(1885696K), 0.0516510 secs] [Times: user=0.30 sys=0.00, real=0.05 secs] 
5941.450: [GC (Allocation Failure) [PSYoungGen: 487104K->104192K(520704K)] 1498500K->1251300K(1918976K), 0.0881959 secs] [Times: user=0.52 sys=0.01, real=0.08 secs] 
5943.081: [GC (Allocation Failure) [PSYoungGen: 445184K->142368K(519168K)] 1592292K->1389737K(1917440K), 0.0514848 secs] [Times: user=0.31 sys=0.00, real=0.05 secs] 
5943.132: [Full GC (Ergonomics) [PSYoungGen: 142368K->0K(519168K)] [ParOldGen: 1247369K->189923K(1398272K)] 1389737K->189923K(1917440K), [Metaspace: 59701K->59701K(1105920K)], 0.4660742 secs] [Times: user=2.17 sys=0.01, real=0.46 secs] 
5944.762: [GC (GCLocker Initiated GC) [PSYoungGen: 340992K->101184K(520192K)] 530915K->291107K(1918464K), 0.0318782 secs] [Times: user=0.19 sys=0.00, real=0.03 secs] 
5946.006: [GC (Allocation Failure) [PSYoungGen: 442176K->145056K(486400K)] 632102K->432195K(1884672K), 0.0499578 secs] [Times: user=0.30 sys=0.00, real=0.05 secs] 
5947.282: [GC (Allocation Failure) [PSYoungGen: 486048K->105408K(520192K)] 773187K->528723K(1918464K), 0.0648177 secs] [Times: user=0.38 sys=0.00, real=0.06 secs] 
5948.413: [GC (Allocation Failure) [PSYoungGen: 444864K->141984K(518144K)] 868179K->667128K(1916416K), 0.0510844 secs] [Times: user=0.30 sys=0.00, real=0.05 secs] 
5949.696: [GC (Allocation Failure) [PSYoungGen: 481440K->105952K(517632K)] 1006584K->764076K(1915904K), 0.0642711 secs] [Times: user=0.37 sys=0.01, real=0.07 secs] 
5951.190: [GC (Allocation Failure) [PSYoungGen: 445920K->149376K(489472K)] 1104044K->909549K(1887744K), 0.0526143 secs] [Times: user=0.31 sys=0.00, real=0.05 secs] 
5952.486: [GC (Allocation Failure) [PSYoungGen: 489344K->105888K(518656K)] 1249517K->998253K(1916928K), 0.0641571 secs] [Times: user=0.38 sys=0.00, real=0.07 secs] 
5953.807: [GC (Allocation Failure) [PSYoungGen: 442272K->136736K(473600K)] 1334637K->1132409K(1871872K), 0.0521467 secs] [Times: user=0.31 sys=0.00, real=0.06 secs] 
5955.134: [GC (Allocation Failure) [PSYoungGen: 473120K->105600K(517632K)] 1468793K->1228785K(1915904K), 0.0638890 secs] [Times: user=0.37 sys=0.00, real=0.06 secs] 
5957.331: [GC (Allocation Failure) [PSYoungGen: 444032K->137216K(515584K)] 1567217K->1362854K(1913856K), 0.0527792 secs] [Times: user=0.31 sys=0.01, real=0.05 secs] 
5958.645: [GC (GCLocker Initiated GC) [PSYoungGen: 475648K->107776K(519680K)] 1701286K->1461090K(1917952K), 0.0661032 secs] [Times: user=0.39 sys=0.00, real=0.07 secs] 
5958.711: [Full GC (Ergonomics) [PSYoungGen: 107776K->0K(519680K)] [ParOldGen: 1353314K->23451K(1398272K)] 1461090K->23451K(1917952K), [Metaspace: 59701K->59701K(1105920K)], 0.0384060 secs] [Times: user=0.11 sys=0.00, real=0.04 secs] 
5959.367: [GC (Allocation Failure) [PSYoungGen: 344576K->150816K(519168K)] 368030K->174270K(1917440K), 0.0283903 secs] [Times: user=0.17 sys=0.00, real=0.03 secs] 
5960.657: [GC (Allocation Failure) [PSYoungGen: 495392K->109184K(521728K)] 518846K->266286K(1920000K), 0.0657947 secs] [Times: user=0.39 sys=0.00, real=0.07 secs] 
5961.463: [GC (Allocation Failure) [PSYoungGen: 451200K->139904K(519168K)] 608302K->404507K(1917440K), 0.0529255 secs] [Times: user=0.31 sys=0.00, real=0.05 secs] 
5963.005: [GC (Allocation Failure) [PSYoungGen: 481920K->108224K(519680K)] 746523K->503387K(1917952K), 0.0812213 secs] [Times: user=0.48 sys=0.01, real=0.08 secs] 
5964.546: [GC (Allocation Failure) [PSYoungGen: 452288K->139776K(519680K)] 847451K->641152K(1917952K), 0.0523626 secs] [Times: user=0.31 sys=0.00, real=0.05 secs] 
5965.887: [GC (Allocation Failure) [PSYoungGen: 483840K->109664K(519680K)] 985216K->741728K(1917952K), 0.0646803 secs] [Times: user=0.38 sys=0.00, real=0.07 secs] 
5967.707: [GC (Allocation Failure) [PSYoungGen: 456800K->139008K(521216K)] 1088864K->878629K(1919488K), 0.0532028 secs] [Times: user=0.31 sys=0.00, real=0.06 secs] 
5969.132: [GC (Allocation Failure) [PSYoungGen: 486144K->112256K(520192K)] 1225765K->981637K(1918464K), 0.0703133 secs] [Times: user=0.42 sys=0.00, real=0.07 secs] 
5970.236: [GC (Allocation Failure) [PSYoungGen: 462464K->143200K(522240K)] 1331845K->1122738K(1920512K), 0.0553906 secs] [Times: user=0.33 sys=0.00, real=0.06 secs] 
5971.593: [GC (Allocation Failure) [PSYoungGen: 493408K->110656K(524800K)] 1472946K->1224266K(1923072K), 0.0655772 secs] [Times: user=0.39 sys=0.00, real=0.07 secs] 
5973.121: [GC (Allocation Failure) [PSYoungGen: 463424K->145760K(498688K)] 1577034K->1367342K(1896960K), 0.0547106 secs] [Times: user=0.32 sys=0.00, real=0.05 secs] 
5974.504: [GC (Allocation Failure) [PSYoungGen: 498528K->111200K(525824K)] 1720110K->1469374K(1924096K), 0.0915590 secs] [Times: user=0.54 sys=0.00, real=0.09 secs] 
5974.596: [Full GC (Ergonomics) [PSYoungGen: 111200K->0K(525824K)] [ParOldGen: 1358174K->37139K(1398272K)] 1469374K->37139K(1924096K), [Metaspace: 59701K->59701K(1105920K)], 0.0770739 secs] [Times: user=0.28 sys=0.00, real=0.08 secs] 
5975.917: [GC (Allocation Failure) [PSYoungGen: 350720K->143296K(523776K)] 387859K->180435K(1922048K), 0.0284529 secs] [Times: user=0.17 sys=0.00, real=0.03 secs] 
5977.275: [GC (GCLocker Initiated GC) [PSYoungGen: 494016K->111168K(523776K)] 531155K->282395K(1922048K), 0.0648579 secs] [Times: user=0.39 sys=0.00, real=0.07 secs] 
5978.550: [GC (Allocation Failure) [PSYoungGen: 461888K->153600K(504832K)] 633187K->431890K(1903104K), 0.0533148 secs] [Times: user=0.32 sys=0.00, real=0.05 secs] 
5979.841: [GC (Allocation Failure) [PSYoungGen: 504320K->109120K(522240K)] 782610K->523450K(1920512K), 0.0653813 secs] [Times: user=0.38 sys=0.00, real=0.06 secs] 
5981.195: [GC (Allocation Failure) [PSYoungGen: 452672K->142528K(520192K)] 867002K->661495K(1918464K), 0.0526064 secs] [Times: user=0.31 sys=0.00, real=0.05 secs] 
5982.481: [GC (Allocation Failure) [PSYoungGen: 486080K->109280K(520192K)] 1005047K->761331K(1918464K), 0.0653612 secs] [Times: user=0.39 sys=0.00, real=0.06 secs] 
5983.631: [GC (Allocation Failure) [PSYoungGen: 453856K->152736K(497664K)] 1105907K->910138K(1895936K), 0.0540469 secs] [Times: user=0.32 sys=0.00, real=0.05 secs] 
5984.932: [GC (GCLocker Initiated GC) [PSYoungGen: 497312K->106144K(519168K)] 1254714K->999218K(1917440K), 0.0655063 secs] [Times: user=0.38 sys=0.01, real=0.06 secs] 
5986.438: [GC (Allocation Failure) [PSYoungGen: 444576K->149984K(488448K)] 1337689K->1145422K(1886720K), 0.0530975 secs] [Times: user=0.31 sys=0.00, real=0.06 secs] 
5987.731: [GC (Allocation Failure) [PSYoungGen: 488416K->105408K(517120K)] 1483854K->1233782K(1915392K), 0.0650581 secs] [Times: user=0.38 sys=0.00, real=0.06 secs] 
5989.321: [GC (Allocation Failure) [PSYoungGen: 439744K->137696K(472064K)] 1568118K->1368707K(1870336K), 0.0523237 secs] [Times: user=0.30 sys=0.00, real=0.05 secs] 
5989.373: [Full GC (Ergonomics) [PSYoungGen: 137696K->0K(472064K)] [ParOldGen: 1231011K->173545K(1398272K)] 1368707K->173545K(1870336K), [Metaspace: 59701K->59701K(1105920K)], 0.4264018 secs] [Times: user=1.99 sys=0.00, real=0.43 secs] 
5991.030: [GC (Allocation Failure) [PSYoungGen: 334336K->101888K(515584K)] 507881K->275433K(1913856K), 0.0358535 secs] [Times: user=0.21 sys=0.01, real=0.03 secs] 
5992.281: [GC (Allocation Failure) [PSYoungGen: 437248K->148384K(514560K)] 610793K->420998K(1912832K), 0.0524293 secs] [Times: user=0.31 sys=0.00, real=0.05 secs] 
5993.578: [GC (Allocation Failure) [PSYoungGen: 483744K->105152K(517632K)] 756358K->508902K(1915904K), 0.0646979 secs] [Times: user=0.38 sys=0.00, real=0.07 secs] 
5995.264: [GC (Allocation Failure) [PSYoungGen: 440512K->135104K(470528K)] 844262K->641815K(1868800K), 0.0516336 secs] [Times: user=0.30 sys=0.00, real=0.05 secs] 
5996.579: [GC (Allocation Failure) [PSYoungGen: 470464K->108928K(517632K)] 977175K->741319K(1915904K), 0.0638518 secs] [Times: user=0.38 sys=0.00, real=0.06 secs] 
5997.739: [GC (Allocation Failure) [PSYoungGen: 447360K->136064K(515072K)] 1079751K->875963K(1913344K), 0.0536626 secs] [Times: user=0.31 sys=0.00, real=0.05 secs] 
5999.072: [GC (Allocation Failure) [PSYoungGen: 474496K->111888K(519680K)] 1214395K->978795K(1917952K), 0.0655449 secs] [Times: user=0.39 sys=0.00, real=0.06 secs] 
5999.941: [GC (Allocation Failure) [PSYoungGen: 457488K->135392K(518656K)] 1324395K->1112792K(1916928K), 0.0541410 secs] [Times: user=0.31 sys=0.00, real=0.05 secs] 
6001.278: [GC (Allocation Failure) [PSYoungGen: 480992K->113888K(521216K)] 1458392K->1217224K(1919488K), 0.0647415 secs] [Times: user=0.39 sys=0.00, real=0.07 secs] 
6003.102: [GC (Allocation Failure) [PSYoungGen: 467168K->135360K(522752K)] 1570504K->1350917K(1921024K), 0.0552257 secs] [Times: user=0.32 sys=0.00, real=0.05 secs] 
6004.484: [GC (Allocation Failure) [PSYoungGen: 488640K->115136K(523264K)] 1704197K->1456457K(1921536K), 0.0666819 secs] [Times: user=0.39 sys=0.01, real=0.07 secs] 
6004.551: [Full GC (Ergonomics) [PSYoungGen: 115136K->0K(523264K)] [ParOldGen: 1341321K->18233K(1398272K)] 1456457K->18233K(1921536K), [Metaspace: 59701K->59701K(1105920K)], 0.0285563 secs] [Times: user=0.07 sys=0.00, real=0.03 secs] 
6006.583: [GC (Allocation Failure) [PSYoungGen: 359936K->141024K(526336K)] 378169K->159257K(1924608K), 0.0278082 secs] [Times: user=0.17 sys=0.00, real=0.03 secs] 
6007.902: [GC (GCLocker Initiated GC) [PSYoungGen: 500960K->117120K(529408K)] 519193K->267321K(1927680K), 0.0657457 secs] [Times: user=0.39 sys=0.00, real=0.06 secs] 
6009.068: [GC (Allocation Failure) [PSYoungGen: 481152K->155840K(520192K)] 631356K->420952K(1918464K), 0.0556087 secs] [Times: user=0.33 sys=0.00, real=0.06 secs] 
6010.448: [GC (Allocation Failure) [PSYoungGen: 519872K->116928K(528384K)] 784984K->520137K(1926656K), 0.0663683 secs] [Times: user=0.39 sys=0.00, real=0.07 secs] 
6011.342: [GC (Allocation Failure) [PSYoungGen: 472256K->151424K(506880K)] 875465K->667985K(1905152K), 0.0557810 secs] [Times: user=0.33 sys=0.00, real=0.05 secs] 
6013.044: [GC (Allocation Failure) [PSYoungGen: 506752K->109088K(524800K)] 1023313K->768185K(1923072K), 0.1230772 secs] [Times: user=0.73 sys=0.00, real=0.12 secs] 
6014.057: [GC (Allocation Failure) [PSYoungGen: 458784K->148608K(498688K)] 1117881K->913170K(1896960K), 0.0532482 secs] [Times: user=0.31 sys=0.00, real=0.06 secs] 
6016.254: [GC (Allocation Failure) [PSYoungGen: 498304K->107424K(522240K)] 1262866K->1011978K(1920512K), 0.1463026 secs] [Times: user=0.87 sys=0.00, real=0.15 secs] 
6018.114: [GC (Allocation Failure) [PSYoungGen: 452512K->145248K(490496K)] 1357066K->1152371K(1888768K), 0.0518223 secs] [Times: user=0.30 sys=0.00, real=0.05 secs] 
6019.795: [GC (GCLocker Initiated GC) [PSYoungGen: 490336K->103296K(521216K)] 1497459K->1246447K(1919488K), 0.1020317 secs] [Times: user=0.61 sys=0.00, real=0.10 secs] 
6020.701: [GC (Allocation Failure) [PSYoungGen: 446336K->152832K(496128K)] 1589526K->1395135K(1894400K), 0.0511075 secs] [Times: user=0.30 sys=0.00, real=0.05 secs] 
6020.752: [Full GC (Ergonomics) [PSYoungGen: 152832K->0K(496128K)] [ParOldGen: 1242303K->191976K(1398272K)] 1395135K->191976K(1894400K), [Metaspace: 59701K->59701K(1105920K)], 0.4652151 secs] [Times: user=2.17 sys=0.00, real=0.46 secs] 
6022.384: [GC (Allocation Failure) [PSYoungGen: 343040K->106112K(518144K)] 535016K->298088K(1916416K), 0.0321947 secs] [Times: user=0.19 sys=0.00, real=0.03 secs] 
6023.225: [GC (Allocation Failure) [PSYoungGen: 441984K->140224K(516608K)] 633960K->433929K(1914880K), 0.0499875 secs] [Times: user=0.29 sys=0.00, real=0.05 secs] 
6024.502: [GC (Allocation Failure) [PSYoungGen: 476096K->106560K(516608K)] 769801K->530861K(1914880K), 0.0633334 secs] [Times: user=0.37 sys=0.00, real=0.06 secs] 
6025.303: [GC (Allocation Failure) [PSYoungGen: 443968K->143360K(516608K)] 868269K->668898K(1914880K), 0.0511420 secs] [Times: user=0.31 sys=0.00, real=0.05 secs] 
6026.984: [GC (Allocation Failure) [PSYoungGen: 479425K->102048K(518656K)] 1004964K->762450K(1916928K), 0.0640810 secs] [Times: user=0.38 sys=0.00, real=0.06 secs] 
6028.048: [GC (Allocation Failure) [PSYoungGen: 441504K->140128K(518656K)] 1101906K->900452K(1916928K), 0.0510910 secs] [Times: user=0.30 sys=0.00, real=0.06 secs] 
6029.514: [GC (Allocation Failure) [PSYoungGen: 479584K->107456K(516608K)] 1239908K->998956K(1914880K), 0.1017124 secs] [Times: user=0.61 sys=0.00, real=0.10 secs] 
6031.341: [GC (Allocation Failure) [PSYoungGen: 447936K->139104K(518144K)] 1339436K->1135305K(1916416K), 0.0531812 secs] [Times: user=0.31 sys=0.00, real=0.05 secs] 
6032.643: [GC (GCLocker Initiated GC) [PSYoungGen: 479584K->105824K(517120K)] 1475785K->1231733K(1915392K), 0.0647064 secs] [Times: user=0.38 sys=0.00, real=0.06 secs] 
6034.067: [GC (Allocation Failure) [PSYoungGen: 449376K->138912K(519168K)] 1575290K->1367847K(1917440K), 0.0530130 secs] [Times: user=0.31 sys=0.01, real=0.06 secs] 
6035.395: [GC (GCLocker Initiated GC) [PSYoungGen: 482464K->110048K(518656K)] 1711399K->1468023K(1916928K), 0.0654026 secs] [Times: user=0.38 sys=0.00, real=0.07 secs] 
6035.460: [Full GC (Ergonomics) [PSYoungGen: 110048K->0K(518656K)] [ParOldGen: 1357975K->28762K(1398272K)] 1468023K->28762K(1916928K), [Metaspace: 59702K->59702K(1105920K)], 0.0504919 secs] [Times: user=0.16 sys=0.00, real=0.05 secs] 
6036.496: [GC (Allocation Failure) [PSYoungGen: 347136K->150016K(497664K)] 375936K->178816K(1895936K), 0.0286821 secs] [Times: user=0.16 sys=0.00, real=0.03 secs] 
6037.812: [GC (Allocation Failure) [PSYoungGen: 497152K->109728K(522752K)] 525952K->270936K(1921024K), 0.0643650 secs] [Times: user=0.38 sys=0.01, real=0.06 secs] 
6039.134: [GC (Allocation Failure) [PSYoungGen: 453792K->141984K(520192K)] 615000K->410261K(1918464K), 0.0529309 secs] [Times: user=0.31 sys=0.00, real=0.05 secs] 
6040.437: [GC (Allocation Failure) [PSYoungGen: 486048K->107136K(521216K)] 754325K->508389K(1919488K), 0.0648512 secs] [Times: user=0.38 sys=0.00, real=0.07 secs] 
6041.611: [GC (Allocation Failure) [PSYoungGen: 452736K->141952K(521216K)] 853989K->647714K(1919488K), 0.0522758 secs] [Times: user=0.31 sys=0.00, real=0.05 secs] 
6042.946: [GC (GCLocker Initiated GC) [PSYoungGen: 487552K->110080K(519680K)] 993316K->748604K(1917952K), 0.0653854 secs] [Times: user=0.39 sys=0.00, real=0.07 secs] 
6044.023: [GC (Allocation Failure) [PSYoungGen: 456192K->141184K(520704K)] 1094718K->887175K(1918976K), 0.0529555 secs] [Times: user=0.31 sys=0.00, real=0.05 secs] 
6045.331: [GC (Allocation Failure) [PSYoungGen: 487296K->111168K(521216K)] 1233287K->988967K(1919488K), 0.0639292 secs] [Times: user=0.38 sys=0.00, real=0.06 secs] 
6046.325: [GC (Allocation Failure) [PSYoungGen: 459840K->144288K(522240K)] 1337639K->1130644K(1920512K), 0.0542954 secs] [Times: user=0.31 sys=0.00, real=0.06 secs] 
6047.632: [GC (Allocation Failure) [PSYoungGen: 492960K->108128K(523776K)] 1479316K->1229316K(1922048K), 0.0658216 secs] [Times: user=0.39 sys=0.01, real=0.06 secs] 
6048.987: [GC (Allocation Failure) [PSYoungGen: 457312K->143648K(493056K)] 1578500K->1369881K(1891328K), 0.0531300 secs] [Times: user=0.31 sys=0.00, real=0.06 secs] 
6050.306: [GC (Allocation Failure) [PSYoungGen: 492832K->113216K(525312K)] 1719065K->1473253K(1923584K), 0.0659768 secs] [Times: user=0.39 sys=0.00, real=0.07 secs] 
6050.372: [Full GC (Ergonomics) [PSYoungGen: 113216K->0K(525312K)] [ParOldGen: 1360037K->39444K(1398272K)] 1473253K->39444K(1923584K), [Metaspace: 59702K->59702K(1105920K)], 0.0843018 secs] [Times: user=0.31 sys=0.01, real=0.08 secs] 
6051.004: [GC (Allocation Failure) [PSYoungGen: 349184K->144928K(522752K)] 388628K->184372K(1921024K), 0.0285109 secs] [Times: user=0.17 sys=0.00, real=0.03 secs] 
6052.397: [GC (Allocation Failure) [PSYoungGen: 494112K->108224K(523776K)] 533556K->283724K(1922048K), 0.0782174 secs] [Times: user=0.46 sys=0.00, real=0.08 secs] 
6054.383: [GC (Allocation Failure) [PSYoungGen: 456384K->143584K(522752K)] 631884K->423561K(1921024K), 0.0519127 secs] [Times: user=0.31 sys=0.00, real=0.05 secs] 
6055.708: [GC (Allocation Failure) [PSYoungGen: 491744K->109024K(522752K)] 771721K->523253K(1921024K), 0.0651020 secs] [Times: user=0.39 sys=0.00, real=0.07 secs] 
6057.134: [GC (Allocation Failure) [PSYoungGen: 457184K->145984K(494592K)] 871413K->664748K(1892864K), 0.0527990 secs] [Times: user=0.32 sys=0.00, real=0.05 secs] 
6058.473: [GC (Allocation Failure) [PSYoungGen: 494144K->108384K(523264K)] 1012908K->763948K(1921536K), 0.0670764 secs] [Times: user=0.39 sys=0.00, real=0.07 secs] 
6059.736: [GC (Allocation Failure) [PSYoungGen: 454496K->145536K(492032K)] 1110060K->905421K(1890304K), 0.0540265 secs] [Times: user=0.31 sys=0.00, real=0.06 secs] 
6061.170: [GC (Allocation Failure) [PSYoungGen: 491648K->109216K(522752K)] 1251533K->1005409K(1921024K), 0.0704131 secs] [Times: user=0.41 sys=0.00, real=0.07 secs] 
6062.209: [GC (Allocation Failure) [PSYoungGen: 454304K->145120K(490496K)] 1350497K->1146302K(1888768K), 0.0535334 secs] [Times: user=0.31 sys=0.00, real=0.05 secs] 
6063.586: [GC (Allocation Failure) [PSYoungGen: 490208K->106624K(522240K)] 1491390K->1244198K(1920512K), 0.0666908 secs] [Times: user=0.39 sys=0.00, real=0.07 secs] 
6064.227: [GC (Allocation Failure) [PSYoungGen: 450688K->147360K(491520K)] 1588262K->1387441K(1889792K), 0.0569753 secs] [Times: user=0.33 sys=0.00, real=0.06 secs] 
6064.284: [Full GC (Ergonomics) [PSYoungGen: 147360K->0K(491520K)] [ParOldGen: 1240081K->192534K(1398272K)] 1387441K->192534K(1889792K), [Metaspace: 59702K->59702K(1105920K)], 0.4671212 secs] [Times: user=2.18 sys=0.00, real=0.47 secs] 
6065.913: [GC (Allocation Failure) [PSYoungGen: 344064K->103456K(520192K)] 536598K->295990K(1918464K), 0.0318192 secs] [Times: user=0.19 sys=0.00, real=0.03 secs] 
6066.925: [GC (Allocation Failure) [PSYoungGen: 443936K->144832K(485376K)] 636470K->436095K(1883648K), 0.0496229 secs] [Times: user=0.30 sys=0.00, real=0.05 secs] 
6068.260: [GC (Allocation Failure) [PSYoungGen: 485312K->103008K(519680K)] 776575K->530159K(1917952K), 0.0638655 secs] [Times: user=0.38 sys=0.00, real=0.06 secs] 
6069.012: [GC (Allocation Failure) [PSYoungGen: 441952K->142496K(518144K)] 869103K->669151K(1916416K), 0.0504110 secs] [Times: user=0.29 sys=0.00, real=0.05 secs] 
6070.478: [GC (Allocation Failure) [PSYoungGen: 481440K->104576K(517120K)] 1008095K->764804K(1915392K), 0.0642981 secs] [Times: user=0.38 sys=0.01, real=0.07 secs] 
6071.653: [GC (Allocation Failure) [PSYoungGen: 443520K->141664K(517632K)] 1103748K->903131K(1915904K), 0.0519554 secs] [Times: user=0.31 sys=0.00, real=0.05 secs] 
6072.990: [GC (Allocation Failure) [PSYoungGen: 480608K->106176K(517120K)] 1242075K->1000323K(1915392K), 0.0648190 secs] [Times: user=0.39 sys=0.00, real=0.06 secs] 
6074.787: [GC (Allocation Failure) [PSYoungGen: 446656K->139904K(518144K)] 1340803K->1137336K(1916416K), 0.0527452 secs] [Times: user=0.31 sys=0.00, real=0.06 secs] 
6076.081: [GC (GCLocker Initiated GC) [PSYoungGen: 480384K->104544K(518656K)] 1477824K->1232824K(1916928K), 0.0649490 secs] [Times: user=0.38 sys=0.00, real=0.06 secs] 
6077.672: [GC (GCLocker Initiated GC) [PSYoungGen: 447584K->139072K(519680K)] 1575869K->1368933K(1917952K), 0.0525645 secs] [Times: user=0.31 sys=0.00, real=0.05 secs] 
6078.983: [GC (Allocation Failure) [PSYoungGen: 482112K->109664K(517632K)] 1712012K->1469316K(1915904K), 0.0657950 secs] [Times: user=0.39 sys=0.00, real=0.07 secs] 
6079.049: [Full GC (Ergonomics) [PSYoungGen: 109664K->0K(517632K)] [ParOldGen: 1359652K->30280K(1398272K)] 1469316K->30280K(1915904K), [Metaspace: 59702K->59702K(1105920K)], 0.0573577 secs] [Times: user=0.15 sys=0.00, real=0.05 secs] 
6079.900: [GC (Allocation Failure) [PSYoungGen: 345088K->141152K(519680K)] 375368K->171432K(1917952K), 0.0282493 secs] [Times: user=0.16 sys=0.00, real=0.02 secs] 
6081.275: [GC (GCLocker Initiated GC) [PSYoungGen: 486240K->111808K(519680K)] 516521K->273309K(1917952K), 0.0652483 secs] [Times: user=0.38 sys=0.00, real=0.07 secs] 
6082.125: [GC (Allocation Failure) [PSYoungGen: 459968K->144384K(521216K)] 621539K->415000K(1919488K), 0.0530889 secs] [Times: user=0.31 sys=0.00, real=0.05 secs] 
6083.435: [GC (Allocation Failure) [PSYoungGen: 492544K->109632K(523264K)] 763160K->515496K(1921536K), 0.0640804 secs] [Times: user=0.38 sys=0.01, real=0.07 secs] 
6084.491: [GC (Allocation Failure) [PSYoungGen: 458816K->144192K(522752K)] 864680K->656965K(1921024K), 0.0538070 secs] [Times: user=0.31 sys=0.00, real=0.05 secs] 
6085.866: [GC (GCLocker Initiated GC) [PSYoungGen: 493376K->109344K(523264K)] 1006149K->757165K(1921536K), 0.0661096 secs] [Times: user=0.38 sys=0.02, real=0.07 secs] 
6087.463: [GC (Allocation Failure) [PSYoungGen: 458016K->142144K(522752K)] 1105840K->895989K(1921024K), 0.0535473 secs] [Times: user=0.32 sys=0.00, real=0.05 secs] 
6088.816: [GC (Allocation Failure) [PSYoungGen: 490816K->111136K(522240K)] 1244661K->998049K(1920512K), 0.0858893 secs] [Times: user=0.51 sys=0.00, real=0.09 secs] 
6090.041: [GC (Allocation Failure) [PSYoungGen: 460320K->144704K(522752K)] 1347233K->1138777K(1921024K), 0.0544466 secs] [Times: user=0.32 sys=0.00, real=0.05 secs] 
6091.591: [GC (Allocation Failure) [PSYoungGen: 493888K->110400K(522752K)] 1487961K->1239889K(1921024K), 0.0759962 secs] [Times: user=0.46 sys=0.00, real=0.07 secs] 
6093.371: [GC (Allocation Failure) [PSYoungGen: 459584K->144768K(522752K)] 1589073K->1380386K(1921024K), 0.0549875 secs] [Times: user=0.33 sys=0.00, real=0.05 secs] 
6093.426: [Full GC (Ergonomics) [PSYoungGen: 144768K->0K(522752K)] [ParOldGen: 1235618K->185259K(1398272K)] 1380386K->185259K(1921024K), [Metaspace: 59702K->59702K(1105920K)], 0.4557827 secs] [Times: user=2.13 sys=0.00, real=0.46 secs] 
6095.197: [GC (Allocation Failure) [PSYoungGen: 349184K->108736K(523776K)] 534443K->293995K(1922048K), 0.0432870 secs] [Times: user=0.26 sys=0.00, real=0.05 secs] 
6096.250: [GC (Allocation Failure) [PSYoungGen: 456896K->144800K(493056K)] 642155K->434132K(1891328K), 0.0520448 secs] [Times: user=0.30 sys=0.00, real=0.05 secs] 
6097.675: [GC (GCLocker Initiated GC) [PSYoungGen: 492960K->109856K(524288K)] 782292K->535024K(1922560K), 0.0670984 secs] [Times: user=0.39 sys=0.00, real=0.07 secs] 
6098.734: [GC (Allocation Failure) [PSYoungGen: 457504K->145248K(493056K)] 882675K->675668K(1891328K), 0.0530000 secs] [Times: user=0.31 sys=0.01, real=0.05 secs] 
6100.025: [GC (Allocation Failure) [PSYoungGen: 492896K->109728K(523776K)] 1023316K->775992K(1922048K), 0.0643893 secs] [Times: user=0.38 sys=0.00, real=0.07 secs] 
6100.859: [GC (Allocation Failure) [PSYoungGen: 456352K->148224K(495104K)] 1122616K->920021K(1893376K), 0.0529173 secs] [Times: user=0.31 sys=0.00, real=0.05 secs] 
6102.139: [GC (GCLocker Initiated GC) [PSYoungGen: 494848K->106720K(521728K)] 1266645K->1018021K(1920000K), 0.0661269 secs] [Times: user=0.39 sys=0.00, real=0.06 secs] 
6103.246: [GC (Allocation Failure) [PSYoungGen: 449760K->152480K(495616K)] 1361064K->1166748K(1893888K), 0.0518572 secs] [Times: user=0.31 sys=0.00, real=0.05 secs] 
6105.031: [GC (GCLocker Initiated GC) [PSYoungGen: 495520K->105088K(518144K)] 1509791K->1254951K(1916416K), 0.1644777 secs] [Times: user=0.96 sys=0.01, real=0.16 secs] 
6106.147: [GC (Allocation Failure) [PSYoungGen: 441472K->140000K(476672K)] 1591338K->1390879K(1874944K), 0.0501336 secs] [Times: user=0.29 sys=0.00, real=0.05 secs] 
6106.197: [Full GC (Ergonomics) [PSYoungGen: 140000K->0K(476672K)] [ParOldGen: 1250879K->189159K(1398272K)] 1390879K->189159K(1874944K), [Metaspace: 59702K->59702K(1105920K)], 0.4650672 secs] [Times: user=2.18 sys=0.00, real=0.47 secs] 
6107.948: [GC (GCLocker Initiated GC) [PSYoungGen: 336384K->101440K(517120K)] 525543K->290599K(1915392K), 0.0341612 secs] [Times: user=0.20 sys=0.00, real=0.04 secs] 
6109.319: [GC (Allocation Failure) [PSYoungGen: 438336K->149312K(486400K)] 627534K->436142K(1884672K), 0.0501871 secs] [Times: user=0.29 sys=0.00, real=0.05 secs] 
6110.604: [GC (Allocation Failure) [PSYoungGen: 486208K->103808K(517120K)] 773038K->522810K(1915392K), 0.0639666 secs] [Times: user=0.37 sys=0.01, real=0.06 secs] 
6111.838: [GC (Allocation Failure) [PSYoungGen: 437632K->138784K(473088K)] 856634K->658239K(1871360K), 0.0515443 secs] [Times: user=0.30 sys=0.01, real=0.06 secs] 
6113.115: [GC (Allocation Failure) [PSYoungGen: 472608K->105248K(517120K)] 992063K->753959K(1915392K), 0.0639767 secs] [Times: user=0.38 sys=0.00, real=0.07 secs] 
6114.649: [GC (Allocation Failure) [PSYoungGen: 441120K->136800K(515072K)] 1089831K->888107K(1913344K), 0.0522944 secs] [Times: user=0.31 sys=0.00, real=0.05 secs] 
6116.026: [GC (GCLocker Initiated GC) [PSYoungGen: 472672K->107424K(517632K)] 1223979K->986124K(1915904K), 0.0644692 secs] [Times: user=0.38 sys=0.00, real=0.07 secs] 
6117.748: [GC (Allocation Failure) [PSYoungGen: 447904K->143232K(516608K)] 1326642K->1127127K(1914880K), 0.0529699 secs] [Times: user=0.31 sys=0.00, real=0.06 secs] 
6119.113: [GC (Allocation Failure) [PSYoungGen: 483712K->111584K(518656K)] 1467607K->1220791K(1916928K), 0.0643245 secs] [Times: user=0.38 sys=0.00, real=0.06 secs] 
6120.337: [GC (Allocation Failure) [PSYoungGen: 456160K->136672K(519680K)] 1565367K->1355660K(1917952K), 0.0548510 secs] [Times: user=0.32 sys=0.00, real=0.06 secs] 
6121.755: [GC (GCLocker Initiated GC) [PSYoungGen: 481248K->111392K(518656K)] 1700236K->1457668K(1916928K), 0.0658183 secs] [Times: user=0.39 sys=0.00, real=0.07 secs] 
6121.821: [Full GC (Ergonomics) [PSYoungGen: 111392K->0K(518656K)] [ParOldGen: 1346276K->18565K(1398272K)] 1457668K->18565K(1916928K), [Metaspace: 59702K->59702K(1105920K)], 0.0295921 secs] [Times: user=0.07 sys=0.00, real=0.03 secs] 
6123.303: [GC (Allocation Failure) [PSYoungGen: 348672K->146112K(521216K)] 367276K->164716K(1919488K), 0.0274319 secs] [Times: user=0.16 sys=0.00, real=0.03 secs] 
6124.685: [GC (Allocation Failure) [PSYoungGen: 494784K->114240K(523776K)] 513388K->261092K(1922048K), 0.0650482 secs] [Times: user=0.39 sys=0.00, real=0.07 secs] 
6125.635: [GC (Allocation Failure) [PSYoungGen: 464448K->142048K(523264K)] 611300K->401337K(1921536K), 0.0539637 secs] [Times: user=0.32 sys=0.00, real=0.06 secs] 
6126.955: [GC (GCLocker Initiated GC) [PSYoungGen: 492256K->110144K(523264K)] 751545K->501725K(1921536K), 0.0656109 secs] [Times: user=0.38 sys=0.01, real=0.07 secs] 
6127.745: [GC (Allocation Failure) [PSYoungGen: 461376K->144896K(523776K)] 852959K->644828K(1922048K), 0.0537403 secs] [Times: user=0.31 sys=0.00, real=0.06 secs] 
6129.118: [GC (Allocation Failure) [PSYoungGen: 496128K->111584K(524288K)] 996060K->747400K(1922560K), 0.0647277 secs] [Times: user=0.39 sys=0.00, real=0.07 secs] 
6131.326: [GC (Allocation Failure) [PSYoungGen: 462304K->144640K(523776K)] 1098120K->888669K(1922048K), 0.0542109 secs] [Times: user=0.32 sys=0.00, real=0.06 secs] 
6132.693: [GC (Allocation Failure) [PSYoungGen: 495360K->108832K(524288K)] 1239389K->988409K(1922560K), 0.0654634 secs] [Times: user=0.38 sys=0.00, real=0.07 secs] 
6133.855: [GC (Allocation Failure) [PSYoungGen: 459040K->144896K(495616K)] 1338617K->1130349K(1893888K), 0.0540195 secs] [Times: user=0.32 sys=0.00, real=0.06 secs] 
6135.165: [GC (Allocation Failure) [PSYoungGen: 495104K->110624K(524800K)] 1480557K->1231757K(1923072K), 0.0683974 secs] [Times: user=0.41 sys=0.01, real=0.07 secs] 
6136.231: [GC (GCLocker Initiated GC) [PSYoungGen: 459296K->142208K(522752K)] 1580433K->1371078K(1921024K), 0.0552240 secs] [Times: user=0.33 sys=0.00, real=0.05 secs] 
6137.551: [GC (GCLocker Initiated GC) [PSYoungGen: 490880K->110048K(522752K)] 1719755K->1471857K(1921024K), 0.0658753 secs] [Times: user=0.39 sys=0.00, real=0.06 secs] 
6137.617: [Full GC (Ergonomics) [PSYoungGen: 110048K->0K(522752K)] [ParOldGen: 1361809K->38830K(1398272K)] 1471857K->38830K(1921024K), [Metaspace: 59702K->59702K(1105920K)], 0.0767985 secs] [Times: user=0.29 sys=0.00, real=0.08 secs] 
6138.398: [GC (Allocation Failure) [PSYoungGen: 349696K->151968K(501760K)] 388529K->190801K(1900032K), 0.0287519 secs] [Times: user=0.17 sys=0.00, real=0.03 secs] 
6139.671: [GC (Allocation Failure) [PSYoungGen: 501664K->111104K(522240K)] 540497K->284065K(1920512K), 0.0639231 secs] [Times: user=0.38 sys=0.00, real=0.06 secs] 
6140.388: [GC (Allocation Failure) [PSYoungGen: 454656K->145696K(520192K)] 627617K->426580K(1918464K), 0.0531800 secs] [Times: user=0.32 sys=0.00, real=0.06 secs] 
6141.667: [GC (Allocation Failure) [PSYoungGen: 489248K->104992K(521216K)] 770132K->522728K(1919488K), 0.0636524 secs] [Times: user=0.38 sys=0.00, real=0.07 secs] 
6143.098: [GC (Allocation Failure) [PSYoungGen: 447520K->142848K(520192K)] 865256K->661765K(1918464K), 0.0513564 secs] [Times: user=0.30 sys=0.00, real=0.06 secs] 
6144.370: [GC (GCLocker Initiated GC) [PSYoungGen: 485376K->103968K(520192K)] 1004293K->756729K(1918464K), 0.0635012 secs] [Times: user=0.38 sys=0.00, real=0.06 secs] 
6144.973: [GC (Allocation Failure) [PSYoungGen: 446496K->151968K(494592K)] 1099296K->905500K(1892864K), 0.0521000 secs] [Times: user=0.31 sys=0.00, real=0.05 secs] 
6146.249: [GC (Allocation Failure) [PSYoungGen: 494496K->103744K(517632K)] 1248028K->991661K(1915904K), 0.0658875 secs] [Times: user=0.38 sys=0.01, real=0.06 secs] 
6146.777: [GC (Allocation Failure) [PSYoungGen: 439104K->140672K(516608K)] 1327021K->1128969K(1914880K), 0.0515354 secs] [Times: user=0.31 sys=0.00, real=0.06 secs] 
6148.052: [GC (GCLocker Initiated GC) [PSYoungGen: 476032K->104320K(515584K)] 1464329K->1223913K(1913856K), 0.0644546 secs] [Times: user=0.38 sys=0.00, real=0.06 secs] 
6148.647: [GC (Allocation Failure) [PSYoungGen: 440704K->148928K(516096K)] 1560300K->1370204K(1914368K), 0.0525033 secs] [Times: user=0.31 sys=0.01, real=0.06 secs] 
Heap
 PSYoungGen      total 516096K, used 4551