5.340: [GC (Allocation Failure) [PSYoungGen: 128000K->12462K(148992K)] 128000K->12550K(488960K), 0.0282198 secs] [Times: user=0.03 sys=0.01, real=0.03 secs] 
5.831: [GC (Metadata GC Threshold) [PSYoungGen: 48858K->6075K(148992K)] 48946K->6171K(488960K), 0.0049696 secs] [Times: user=0.02 sys=0.01, real=0.00 secs] 
5.836: [Full GC (Metadata GC Threshold) [PSYoungGen: 6075K->0K(148992K)] [ParOldGen: 96K->5939K(134144K)] 6171K->5939K(283136K), [Metaspace: 20451K->20451K(1067008K)], 0.0215561 secs] [Times: user=0.06 sys=0.01, real=0.03 secs] 
7.076: [GC (Allocation Failure) [PSYoungGen: 128000K->9856K(148992K)] 133939K->15803K(283136K), 0.0039000 secs] [Times: user=0.01 sys=0.00, real=0.01 secs] 
7.654: [GC (Metadata GC Threshold) [PSYoungGen: 38868K->4644K(148992K)] 44815K->10599K(283136K), 0.0025465 secs] [Times: user=0.01 sys=0.00, real=0.01 secs] 
7.657: [Full GC (Metadata GC Threshold) [PSYoungGen: 4644K->0K(148992K)] [ParOldGen: 5955K->8866K(218624K)] 10599K->8866K(367616K), [Metaspace: 33744K->33744K(1081344K)], 0.0234824 secs] [Times: user=0.07 sys=0.00, real=0.02 secs] 
9.027: [GC (Allocation Failure) [PSYoungGen: 128000K->13134K(148992K)] 136866K->22009K(367616K), 0.0042583 secs] [Times: user=0.02 sys=0.00, real=0.00 secs] 
9.653: [GC (Allocation Failure) [PSYoungGen: 138590K->14653K(187392K)] 147464K->56304K(406016K), 0.0108726 secs] [Times: user=0.05 sys=0.01, real=0.01 secs] 
10.336: [GC (Allocation Failure) [PSYoungGen: 176231K->4871K(188928K)] 217882K->112074K(407552K), 0.0100562 secs] [Times: user=0.05 sys=0.00, real=0.01 secs] 
10.723: [GC (Allocation Failure) [PSYoungGen: 161728K->4919K(280576K)] 268931K->177658K(499200K), 0.0094168 secs] [Times: user=0.04 sys=0.01, real=0.01 secs] 
10.732: [Full GC (Ergonomics) [PSYoungGen: 4919K->0K(280576K)] [ParOldGen: 172738K->159897K(497152K)] 177658K->159897K(777728K), [Metaspace: 52373K->52373K(1097728K)], 0.0656328 secs] [Times: user=0.28 sys=0.01, real=0.07 secs] 
12.523: [GC (Allocation Failure) [PSYoungGen: 262144K->17644K(280064K)] 422041K->178573K(777216K), 0.0032064 secs] [Times: user=0.02 sys=0.00, real=0.01 secs] 
14.298: [GC (Allocation Failure) [PSYoungGen: 279788K->3951K(334336K)] 440717K->164888K(831488K), 0.0021924 secs] [Times: user=0.01 sys=0.00, real=0.00 secs] 
16.571: [GC (Allocation Failure) [PSYoungGen: 298919K->1871K(344064K)] 459857K->228344K(841216K), 0.0150941 secs] [Times: user=0.07 sys=0.01, real=0.02 secs] 
19.475: [GC (Allocation Failure) [PSYoungGen: 325455K->1887K(403456K)] 551928K->293904K(900608K), 0.0085074 secs] [Times: user=0.04 sys=0.01, real=0.01 secs] 
23.165: [GC (Allocation Failure) [PSYoungGen: 392031K->6433K(410624K)] 684048K->298459K(907776K), 0.0053268 secs] [Times: user=0.01 sys=0.00, real=0.01 secs] 
27.463: [GC (Allocation Failure) [PSYoungGen: 396577K->2098K(455168K)] 688603K->294131K(952320K), 0.0026300 secs] [Times: user=0.01 sys=0.00, real=0.00 secs] 
33.211: [GC (Allocation Failure) [PSYoungGen: 449586K->2399K(466944K)] 741619K->294432K(964096K), 0.0019636 secs] [Times: user=0.00 sys=0.00, real=0.00 secs] 
38.011: [GC (Allocation Failure) [PSYoungGen: 449887K->2127K(500736K)] 741920K->294168K(997888K), 0.0026858 secs] [Times: user=0.00 sys=0.00, real=0.00 secs] 
46.247: [GC (Allocation Failure) [PSYoungGen: 494159K->18418K(510464K)] 786200K->310496K(1007616K), 0.0036300 secs] [Times: user=0.02 sys=0.00, real=0.00 secs] 
50.419: [GC (Allocation Failure) [PSYoungGen: 510450K->2098K(535552K)] 802528K->294184K(1032704K), 0.0049374 secs] [Times: user=0.02 sys=0.00, real=0.00 secs] 
57.708: [GC (Allocation Failure) [PSYoungGen: 518706K->2098K(538112K)] 810792K->294192K(1035264K), 0.0048945 secs] [Times: user=0.02 sys=0.00, real=0.00 secs] 
64.697: [GC (Allocation Failure) [PSYoungGen: 518706K->2130K(502272K)] 810800K->294232K(999424K), 0.0054169 secs] [Times: user=0.02 sys=0.01, real=0.00 secs] 
71.462: [GC (Allocation Failure) [PSYoungGen: 501842K->18482K(502784K)] 793944K->310592K(999936K), 0.0031075 secs] [Times: user=0.01 sys=0.00, real=0.00 secs] 
76.722: [GC (Allocation Failure) [PSYoungGen: 502322K->2130K(471040K)] 794432K->294240K(968192K), 0.0030250 secs] [Times: user=0.01 sys=0.00, real=0.00 secs] 
80.320: [GC (Allocation Failure) [PSYoungGen: 470610K->2098K(456704K)] 762720K->294208K(953856K), 0.0022199 secs] [Times: user=0.01 sys=0.00, real=0.00 secs] 
87.083: [GC (Allocation Failure) [PSYoungGen: 456242K->3712K(444416K)] 748352K->296302K(941568K), 0.0019270 secs] [Times: user=0.01 sys=0.00, real=0.00 secs] 
90.727: [GC (Allocation Failure) [PSYoungGen: 444032K->1712K(429056K)] 736622K->294334K(926208K), 0.0019338 secs] [Times: user=0.01 sys=0.00, real=0.00 secs] 
95.616: [GC (Allocation Failure) [PSYoungGen: 428720K->416K(414720K)] 721342K->293070K(911872K), 0.0018843 secs] [Times: user=0.00 sys=0.00, real=0.00 secs] 
100.626: [GC (Allocation Failure) [PSYoungGen: 414624K->1680K(421376K)] 707278K->294374K(918528K), 0.0034715 secs] [Times: user=0.02 sys=0.00, real=0.01 secs] 
106.351: [GC (Allocation Failure) [PSYoungGen: 403600K->1488K(391680K)] 696294K->294390K(888832K), 0.0040759 secs] [Times: user=0.02 sys=0.00, real=0.00 secs] 
111.394: [GC (Allocation Failure) [PSYoungGen: 391632K->5600K(396800K)] 684534K->298542K(893952K), 0.0020091 secs] [Times: user=0.00 sys=0.00, real=0.00 secs] 
114.253: [GC (Allocation Failure) [PSYoungGen: 384480K->1456K(369664K)] 677422K->294438K(866816K), 0.0023493 secs] [Times: user=0.01 sys=0.00, real=0.00 secs] 
117.345: [GC (Allocation Failure) [PSYoungGen: 369584K->1488K(374272K)] 662566K->294478K(871424K), 0.0021487 secs] [Times: user=0.01 sys=0.00, real=0.01 secs] 
121.928: [GC (Allocation Failure) [PSYoungGen: 359376K->1488K(349696K)] 652366K->294510K(846848K), 0.0022163 secs] [Times: user=0.00 sys=0.00, real=0.00 secs] 
126.183: [GC (Allocation Failure) [PSYoungGen: 349648K->1984K(353280K)] 642670K->295022K(850432K), 0.0022660 secs] [Times: user=0.01 sys=0.00, real=0.00 secs] 
130.235: [GC (Allocation Failure) [PSYoungGen: 340416K->9648K(338944K)] 633454K->302726K(836096K), 0.0028206 secs] [Times: user=0.01 sys=0.00, real=0.01 secs] 
134.418: [GC (Allocation Failure) [PSYoungGen: 338864K->9648K(330240K)] 631942K->310974K(827392K), 0.0033297 secs] [Times: user=0.01 sys=0.00, real=0.00 secs] 
138.620: [GC (Allocation Failure) [PSYoungGen: 330160K->1456K(313856K)] 631486K->302798K(811008K), 0.0023320 secs] [Times: user=0.01 sys=0.00, real=0.00 secs] 
142.554: [GC (Allocation Failure) [PSYoungGen: 313776K->1488K(320000K)] 615118K->302846K(817152K), 0.0020407 secs] [Times: user=0.01 sys=0.00, real=0.00 secs] 
145.534: [GC (Allocation Failure) [PSYoungGen: 305616K->1456K(297984K)] 606974K->302838K(795136K), 0.0031480 secs] [Times: user=0.01 sys=0.00, real=0.01 secs] 
149.408: [GC (Allocation Failure) [PSYoungGen: 297904K->1456K(290304K)] 599286K->302854K(787456K), 0.0036016 secs] [Times: user=0.01 sys=0.00, real=0.00 secs] 
153.798: [GC (Allocation Failure) [PSYoungGen: 290224K->1456K(283136K)] 591622K->302862K(780288K), 0.0032259 secs] [Times: user=0.01 sys=0.00, real=0.00 secs] 
156.904: [GC (Allocation Failure) [PSYoungGen: 283056K->9664K(284160K)] 584462K->319302K(781312K), 0.0056192 secs] [Times: user=0.02 sys=0.00, real=0.01 secs] 
160.033: [GC (Allocation Failure) [PSYoungGen: 284096K->9664K(277504K)] 593734K->327502K(774656K), 0.0087742 secs] [Times: user=0.04 sys=0.00, real=0.01 secs] 
162.737: [GC (Allocation Failure) [PSYoungGen: 277440K->9680K(271360K)] 595278K->335718K(768512K), 0.0033243 secs] [Times: user=0.02 sys=0.01, real=0.00 secs] 
165.689: [GC (Allocation Failure) [PSYoungGen: 271312K->9664K(265216K)] 597350K->335710K(762368K), 0.0037001 secs] [Times: user=0.01 sys=0.00, real=0.00 secs] 
167.566: [GC (Allocation Failure) [PSYoungGen: 265152K->1728K(251392K)] 591198K->327782K(748544K), 0.0020194 secs] [Times: user=0.01 sys=0.00, real=0.00 secs] 
170.484: [GC (Allocation Failure) [PSYoungGen: 251072K->1408K(245248K)] 577126K->327470K(742400K), 0.0024406 secs] [Times: user=0.01 sys=0.00, real=0.01 secs] 
174.112: [GC (Allocation Failure) [PSYoungGen: 245120K->1440K(239616K)] 571182K->327510K(736768K), 0.0032501 secs] [Times: user=0.01 sys=0.00, real=0.00 secs] 
176.846: [GC (Allocation Failure) [PSYoungGen: 239520K->1408K(234496K)] 565590K->327486K(731648K), 0.0033928 secs] [Times: user=0.01 sys=0.00, real=0.00 secs] 
179.685: [GC (Allocation Failure) [PSYoungGen: 234368K->9632K(237568K)] 560446K->343934K(734720K), 0.0030021 secs] [Times: user=0.01 sys=0.00, real=0.01 secs] 
183.069: [GC (Allocation Failure) [PSYoungGen: 237472K->1696K(224768K)] 571774K->336006K(721920K), 0.0019408 secs] [Times: user=0.00 sys=0.00, real=0.00 secs] 
184.716: [GC (Allocation Failure) [PSYoungGen: 224416K->1376K(219648K)] 558726K->335702K(716800K), 0.0023443 secs] [Times: user=0.00 sys=0.00, real=0.00 secs] 
186.830: [GC (Allocation Failure) [PSYoungGen: 219488K->1408K(215040K)] 553814K->335742K(712192K), 0.0020596 secs] [Times: user=0.00 sys=0.00, real=0.00 secs] 
188.683: [GC (Allocation Failure) [PSYoungGen: 214912K->9616K(218624K)] 549246K->343967K(715776K), 0.0021050 secs] [Times: user=0.01 sys=0.00, real=0.00 secs] 
190.478: [GC (Allocation Failure) [PSYoungGen: 218512K->1424K(206336K)] 552863K->335774K(703488K), 0.0022367 secs] [Times: user=0.01 sys=0.00, real=0.00 secs] 
192.201: [GC (Allocation Failure) [PSYoungGen: 206224K->1440K(202240K)] 540574K->335798K(699392K), 0.0025815 secs] [Times: user=0.01 sys=0.00, real=0.00 secs] 
194.432: [GC (Allocation Failure) [PSYoungGen: 202144K->9680K(206336K)] 536502K->352231K(703488K), 0.0077697 secs] [Times: user=0.03 sys=0.01, real=0.01 secs] 
195.819: [GC (Allocation Failure) [PSYoungGen: 206288K->1392K(194048K)] 548839K->343959K(691200K), 0.0021124 secs] [Times: user=0.01 sys=0.00, real=0.00 secs] 
198.508: [GC (Allocation Failure) [PSYoungGen: 193904K->1392K(190464K)] 536471K->343959K(687616K), 0.0025757 secs] [Times: user=0.01 sys=0.00, real=0.00 secs] 
201.177: [GC (Allocation Failure) [PSYoungGen: 190320K->9616K(195072K)] 532887K->352191K(692224K), 0.0034437 secs] [Times: user=0.01 sys=0.01, real=0.00 secs] 
202.655: [GC (Allocation Failure) [PSYoungGen: 194960K->1376K(183296K)] 537535K->343974K(680448K), 0.0027104 secs] [Times: user=0.00 sys=0.00, real=0.01 secs] 
204.329: [GC (Allocation Failure) [PSYoungGen: 183136K->1440K(179712K)] 525734K->344038K(676864K), 0.0019748 secs] [Times: user=0.01 sys=0.00, real=0.00 secs] 
206.681: [GC (Allocation Failure) [PSYoungGen: 179616K->2464K(177664K)] 522214K->345063K(674816K), 0.0028620 secs] [Times: user=0.01 sys=0.01, real=0.00 secs] 
208.630: [GC (Allocation Failure) [PSYoungGen: 177568K->1376K(173568K)] 520167K->343974K(670720K), 0.0022173 secs] [Times: user=0.01 sys=0.00, real=0.00 secs] 
211.279: [GC (Allocation Failure) [PSYoungGen: 173408K->9664K(178688K)] 516006K->352271K(675840K), 0.0047298 secs] [Times: user=0.02 sys=0.00, real=0.00 secs] 
213.528: [GC (Allocation Failure) [PSYoungGen: 178624K->1408K(167424K)] 521231K->344022K(664576K), 0.0027067 secs] [Times: user=0.01 sys=0.00, real=0.00 secs] 
216.581: [GC (Allocation Failure) [PSYoungGen: 167296K->9664K(172544K)] 509910K->360471K(669696K), 0.0069978 secs] [Times: user=0.04 sys=0.00, real=0.01 secs] 
218.710: [GC (Allocation Failure) [PSYoungGen: 172480K->1376K(161792K)] 523287K->352191K(658944K), 0.0039626 secs] [Times: user=0.01 sys=0.00, real=0.00 secs] 
221.479: [GC (Allocation Failure) [PSYoungGen: 161632K->9600K(167424K)] 512447K->368615K(664576K), 0.0083801 secs] [Times: user=0.03 sys=0.00, real=0.01 secs] 
223.163: [GC (Allocation Failure) [PSYoungGen: 167296K->1344K(156672K)] 526311K->360359K(653824K), 0.0039495 secs] [Times: user=0.01 sys=0.00, real=0.01 secs] 
225.218: [GC (Allocation Failure) [PSYoungGen: 156480K->1408K(154112K)] 515495K->360423K(651264K), 0.0030495 secs] [Times: user=0.01 sys=0.00, real=0.00 secs] 
226.509: [GC (Allocation Failure) [PSYoungGen: 153984K->1408K(151552K)] 512999K->360431K(648704K), 0.0033856 secs] [Times: user=0.01 sys=0.00, real=0.00 secs] 
229.492: [GC (Allocation Failure) [PSYoungGen: 151424K->1408K(148992K)] 510447K->360439K(646144K), 0.0028136 secs] [Times: user=0.01 sys=0.00, real=0.00 secs] 
230.801: [GC (Allocation Failure) [PSYoungGen: 148864K->1408K(146432K)] 507895K->360439K(643584K), 0.0046224 secs] [Times: user=0.02 sys=0.00, real=0.00 secs] 
232.207: [GC (Allocation Failure) [PSYoungGen: 146304K->1392K(147968K)] 505335K->360431K(645120K), 0.0026461 secs] [Times: user=0.01 sys=0.00, real=0.00 secs] 
232.874: [GC (Allocation Failure) [PSYoungGen: 144240K->1344K(142336K)] 503279K->360383K(639488K), 0.0020132 secs] [Times: user=0.01 sys=0.00, real=0.01 secs] 
234.821: [GC (Allocation Failure) [PSYoungGen: 142144K->9664K(150528K)] 501183K->376895K(647680K), 0.0075725 secs] [Times: user=0.03 sys=0.00, real=0.01 secs] 
236.280: [GC (Allocation Failure) [PSYoungGen: 148416K->1344K(138240K)] 515647K->368575K(635392K), 0.0030277 secs] [Times: user=0.01 sys=0.00, real=0.00 secs] 
237.811: [GC (Allocation Failure) [PSYoungGen: 138048K->9664K(147456K)] 505279K->385087K(644608K), 0.0029463 secs] [Times: user=0.01 sys=0.00, real=0.00 secs] 
238.431: [GC (Allocation Failure) [PSYoungGen: 144320K->1472K(134144K)] 519743K->376903K(631296K), 0.0019238 secs] [Times: user=0.00 sys=0.00, real=0.00 secs] 
239.760: [GC (Allocation Failure) [PSYoungGen: 126395K->9648K(143872K)] 501826K->385087K(641024K), 0.0019891 secs] [Times: user=0.00 sys=0.00, real=0.00 secs] 
240.268: [GC (Allocation Failure) [PSYoungGen: 140208K->1424K(130048K)] 515647K->376871K(627200K), 0.0026758 secs] [Times: user=0.01 sys=0.00, real=0.00 secs] 
241.527: [GC (Allocation Failure) [PSYoungGen: 129936K->5552K(137728K)] 505383K->380999K(634880K), 0.0024294 secs] [Times: user=0.01 sys=0.00, real=0.00 secs] 
242.003: [GC (Allocation Failure) [PSYoungGen: 132016K->1472K(126464K)] 507463K->376919K(623616K), 0.0022061 secs] [Times: user=0.01 sys=0.00, real=0.00 secs] 
242.744: [GC (Allocation Failure) [PSYoungGen: 126400K->1376K(134144K)] 501847K->376823K(631296K), 0.0022128 secs] [Times: user=0.01 sys=0.00, real=0.01 secs] 
244.546: [GC (Allocation Failure) [PSYoungGen: 124768K->9632K(134656K)] 500215K->393271K(631808K), 0.0041744 secs] [Times: user=0.02 sys=0.00, real=0.00 secs] 
245.730: [GC (Allocation Failure) [PSYoungGen: 131488K->1456K(132096K)] 515127K->385095K(629248K), 0.0034773 secs] [Times: user=0.01 sys=0.00, real=0.00 secs] 
247.627: [GC (Allocation Failure) [PSYoungGen: 121776K->9600K(128512K)] 505415K->393247K(625664K), 0.0019677 secs] [Times: user=0.01 sys=0.00, real=0.00 secs] 
248.454: [GC (Allocation Failure) [PSYoungGen: 128384K->1424K(129536K)] 512031K->385071K(626688K), 0.0024628 secs] [Times: user=0.01 sys=0.00, real=0.01 secs] 
249.425: [GC (Allocation Failure) [PSYoungGen: 118672K->1392K(117248K)] 502319K->385071K(614400K), 0.0025825 secs] [Times: user=0.01 sys=0.00, real=0.01 secs] 
251.219: [GC (Allocation Failure) [PSYoungGen: 117104K->9632K(128000K)] 500783K->401511K(625152K), 0.0039980 secs] [Times: user=0.02 sys=0.00, real=0.00 secs] 
252.269: [GC (Allocation Failure) [PSYoungGen: 123808K->1472K(114176K)] 515687K->393351K(611328K), 0.0035240 secs] [Times: user=0.01 sys=0.00, real=0.00 secs] 
253.882: [GC (Allocation Failure) [PSYoungGen: 114112K->5568K(122880K)] 505991K->397447K(620032K), 0.0022022 secs] [Times: user=0.01 sys=0.00, real=0.00 secs] 
254.312: [GC (Allocation Failure) [PSYoungGen: 116672K->1376K(111104K)] 508551K->393295K(608256K), 0.0022958 secs] [Times: user=0.01 sys=0.00, real=0.00 secs] 
254.768: [GC (Allocation Failure) [PSYoungGen: 110944K->1392K(119808K)] 502863K->393311K(616960K), 0.0024035 secs] [Times: user=0.01 sys=0.00, real=0.00 secs] 
257.217: [GC (Allocation Failure) [PSYoungGen: 109424K->9632K(116224K)] 501343K->401567K(613376K), 0.0045088 secs] [Times: user=0.02 sys=0.00, real=0.00 secs] 
258.096: [GC (Allocation Failure) [PSYoungGen: 116128K->1376K(117760K)] 508063K->393311K(614912K), 0.0029898 secs] [Times: user=0.01 sys=0.00, real=0.00 secs] 
258.661: [GC (Allocation Failure) [PSYoungGen: 106848K->1344K(105984K)] 498783K->393287K(603136K), 0.0021885 secs] [Times: user=0.00 sys=0.00, real=0.00 secs] 
261.134: [GC (Allocation Failure) [PSYoungGen: 105792K->9664K(116224K)] 497735K->409799K(613376K), 0.0056153 secs] [Times: user=0.03 sys=0.00, real=0.01 secs] 
262.312: [GC (Allocation Failure) [PSYoungGen: 112576K->1376K(103424K)] 512711K->401511K(600576K), 0.0028938 secs] [Times: user=0.01 sys=0.00, real=0.00 secs] 
263.429: [GC (Allocation Failure) [PSYoungGen: 103264K->1376K(113152K)] 503399K->401519K(610304K), 0.0025997 secs] [Times: user=0.01 sys=0.00, real=0.00 secs] 
264.918: [GC (Allocation Failure) [PSYoungGen: 102240K->9632K(113664K)] 502383K->417975K(610816K), 0.0032831 secs] [Times: user=0.01 sys=0.00, real=0.00 secs] 
265.826: [GC (Allocation Failure) [PSYoungGen: 109472K->1376K(111616K)] 517815K->409727K(608768K), 0.0023882 secs] [Times: user=0.01 sys=0.00, real=0.00 secs] 
266.279: [GC (Allocation Failure) [PSYoungGen: 100192K->1344K(99328K)] 508543K->409703K(596480K), 0.0020217 secs] [Times: user=0.01 sys=0.00, real=0.00 secs] 
267.986: [GC (Allocation Failure) [PSYoungGen: 99136K->9664K(110592K)] 507495K->426223K(607744K), 0.0035931 secs] [Times: user=0.02 sys=0.00, real=0.01 secs] 
268.848: [GC (Allocation Failure) [PSYoungGen: 106432K->1344K(97280K)] 522991K->417911K(594432K), 0.0022514 secs] [Times: user=0.00 sys=0.00, real=0.00 secs] 
269.615: [GC (Allocation Failure) [PSYoungGen: 97088K->1328K(107008K)] 513655K->417895K(604160K), 0.0029001 secs] [Times: user=0.01 sys=0.00, real=0.01 secs] 
271.681: [GC (Allocation Failure) [PSYoungGen: 96048K->9664K(107520K)] 512615K->434423K(604672K), 0.0075486 secs] [Times: user=0.04 sys=0.00, real=0.01 secs] 
272.853: [GC (Allocation Failure) [PSYoungGen: 103360K->1344K(105472K)] 528119K->426103K(602624K), 0.0040755 secs] [Times: user=0.01 sys=0.00, real=0.01 secs] 
274.089: [GC (Allocation Failure) [PSYoungGen: 94016K->1344K(93184K)] 518775K->426103K(590336K), 0.0034458 secs] [Times: user=0.01 sys=0.00, real=0.00 secs] 
276.004: [GC (Allocation Failure) [PSYoungGen: 92992K->9600K(103936K)] 517751K->434367K(601088K), 0.0023334 secs] [Times: user=0.01 sys=0.00, real=0.01 secs] 
276.787: [GC (Allocation Failure) [PSYoungGen: 99712K->1376K(90624K)] 524479K->426143K(587776K), 0.0021953 secs] [Times: user=0.00 sys=0.00, real=0.00 secs] 
277.567: [GC (Allocation Failure) [PSYoungGen: 90464K->1376K(99840K)] 515231K->426143K(596992K), 0.0024193 secs] [Times: user=0.00 sys=0.00, real=0.00 secs] 
279.447: [GC (Allocation Failure) [PSYoungGen: 89440K->3424K(90624K)] 514207K->428199K(587776K), 0.0028257 secs] [Times: user=0.01 sys=0.00, real=0.00 secs] 
280.120: [GC (Allocation Failure) [PSYoungGen: 90464K->9632K(99328K)] 515239K->442599K(596480K), 0.0046856 secs] [Times: user=0.03 sys=0.00, real=0.00 secs] 
281.101: [GC (Allocation Failure) [PSYoungGen: 95648K->1360K(86528K)] 528615K->434335K(583680K), 0.0029500 secs] [Times: user=0.01 sys=0.00, real=0.00 secs] 
281.866: [GC (Allocation Failure) [PSYoungGen: 86352K->1344K(96768K)] 519327K->434327K(593920K), 0.0030323 secs] [Times: user=0.01 sys=0.00, real=0.00 secs] 
283.068: [GC (Allocation Failure) [PSYoungGen: 85824K->9616K(97280K)] 518807K->442599K(594432K), 0.0021392 secs] [Times: user=0.01 sys=0.00, real=0.00 secs] 
283.478: [GC (Allocation Failure) [PSYoungGen: 93584K->1376K(96768K)] 526567K->434359K(593920K), 0.0020818 secs] [Times: user=0.01 sys=0.00, real=0.00 secs] 
284.212: [GC (Allocation Failure) [PSYoungGen: 84832K->1376K(84480K)] 517815K->434359K(581632K), 0.0029939 secs] [Times: user=0.02 sys=0.00, real=0.00 secs] 
285.644: [GC (Allocation Failure) [PSYoungGen: 84320K->2432K(93696K)] 517303K->435415K(590848K), 0.0019690 secs] [Times: user=0.01 sys=0.00, real=0.01 secs] 
285.927: [GC (Allocation Failure) [PSYoungGen: 84864K->9600K(94720K)] 517847K->450775K(591872K), 0.0028423 secs] [Times: user=0.01 sys=0.00, real=0.00 secs] 
286.268: [GC (Allocation Failure) [PSYoungGen: 91520K->1312K(94208K)] 532695K->442495K(591360K), 0.0020190 secs] [Times: user=0.01 sys=0.00, real=0.00 secs] 
286.606: [GC (Allocation Failure) [PSYoungGen: 82720K->1376K(82432K)] 523903K->442559K(579584K), 0.0018907 secs] [Times: user=0.01 sys=0.00, real=0.00 secs] 
287.723: [GC (Allocation Failure) [PSYoungGen: 82272K->9664K(93184K)] 523455K->450855K(590336K), 0.0019697 secs] [Times: user=0.01 sys=0.00, real=0.00 secs] 
288.020: [GC (Allocation Failure) [PSYoungGen: 89536K->9600K(93696K)] 530727K->458991K(590848K), 0.0032633 secs] [Times: user=0.02 sys=0.00, real=0.00 secs] 
288.351: [GC (Allocation Failure) [PSYoungGen: 88960K->1408K(92672K)] 538351K->450799K(589824K), 0.0017346 secs] [Times: user=0.01 sys=0.00, real=0.00 secs] 
288.737: [GC (Allocation Failure) [PSYoungGen: 80256K->1376K(79872K)] 529647K->450767K(577024K), 0.0025405 secs] [Times: user=0.01 sys=0.00, real=0.00 secs] 
289.748: [GC (Allocation Failure) [PSYoungGen: 79712K->9648K(91648K)] 529103K->459039K(588800K), 0.0020840 secs] [Times: user=0.01 sys=0.00, real=0.00 secs] 
290.035: [GC (Allocation Failure) [PSYoungGen: 86960K->1328K(78336K)] 536351K->450719K(575488K), 0.0019105 secs] [Times: user=0.01 sys=0.00, real=0.01 secs] 
290.354: [GC (Allocation Failure) [PSYoungGen: 78128K->1344K(89600K)] 527519K->450759K(586752K), 0.0020131 secs] [Times: user=0.01 sys=0.00, real=0.00 secs] 
290.670: [GC (Allocation Failure) [PSYoungGen: 77632K->1328K(77312K)] 527047K->450743K(574464K), 0.0021804 secs] [Times: user=0.01 sys=0.00, real=0.00 secs] 
292.699: [GC (Allocation Failure) [PSYoungGen: 69695K->9616K(88064K)] 519110K->459039K(585216K), 0.0033854 secs] [Times: user=0.02 sys=0.00, real=0.00 secs] 
293.600: [GC (Allocation Failure) [PSYoungGen: 83856K->1376K(75264K)] 533279K->450799K(572416K), 0.0033797 secs] [Times: user=0.01 sys=0.00, real=0.00 secs] 
294.479: [GC (Allocation Failure) [PSYoungGen: 75104K->1344K(85504K)] 524527K->450767K(582656K), 0.0042093 secs] [Times: user=0.01 sys=0.00, real=0.00 secs] 
295.138: [GC (Allocation Failure) [PSYoungGen: 74560K->1344K(74240K)] 523983K->450775K(571392K), 0.0035479 secs] [Times: user=0.01 sys=0.00, real=0.00 secs] 
297.314: [GC (Allocation Failure) [PSYoungGen: 74048K->9664K(84480K)] 523479K->459095K(581632K), 0.0037992 secs] [Times: user=0.02 sys=0.00, real=0.01 secs] 
297.956: [GC (Allocation Failure) [PSYoungGen: 80832K->1360K(72192K)] 530263K->450791K(569344K), 0.0028892 secs] [Times: user=0.01 sys=0.00, real=0.01 secs] 
298.239: [GC (Allocation Failure) [PSYoungGen: 72016K->1360K(82944K)] 521447K->450791K(580096K), 0.0023197 secs] [Times: user=0.00 sys=0.00, real=0.00 secs] 
298.530: [GC (Allocation Failure) [PSYoungGen: 71504K->1344K(71168K)] 520935K->450783K(568320K), 0.0023516 secs] [Times: user=0.01 sys=0.00, real=0.00 secs] 
299.613: [GC (Allocation Failure) [PSYoungGen: 70976K->9664K(80896K)] 520415K->459103K(578048K), 0.0022264 secs] [Times: user=0.01 sys=0.00, real=0.00 secs] 
299.862: [GC (Allocation Failure) [PSYoungGen: 77760K->9568K(81920K)] 527199K->467199K(579072K), 0.0031533 secs] [Times: user=0.01 sys=0.00, real=0.00 secs] 
300.144: [GC (Allocation Failure) [PSYoungGen: 77152K->1376K(80896K)] 534783K->459007K(578048K), 0.0029597 secs] [Times: user=0.01 sys=0.00, real=0.01 secs] 
300.504: [GC (Allocation Failure) [PSYoungGen: 68448K->1328K(68096K)] 526079K->458959K(565248K), 0.0027136 secs] [Times: user=0.01 sys=0.00, real=0.01 secs] 
301.806: [GC (Allocation Failure) [PSYoungGen: 67888K->3456K(77824K)] 525519K->461087K(574976K), 0.0023934 secs] [Times: user=0.01 sys=0.00, real=0.00 secs] 
302.272: [GC (Allocation Failure) [PSYoungGen: 69504K->9632K(78848K)] 527135K->475455K(576000K), 0.0073219 secs] [Times: user=0.04 sys=0.00, real=0.01 secs] 
302.927: [GC (Allocation Failure) [PSYoungGen: 75168K->1376K(78336K)] 540991K->467199K(575488K), 0.0032180 secs] [Times: user=0.01 sys=0.00, real=0.00 secs] 
303.741: [GC (Allocation Failure) [PSYoungGen: 66400K->1376K(66048K)] 532223K->467207K(563200K), 0.0029278 secs] [Times: user=0.01 sys=0.00, real=0.00 secs] 
304.506: [GC (Allocation Failure) [PSYoungGen: 65888K->1312K(76288K)] 531719K->467151K(573440K), 0.0043736 secs] [Times: user=0.02 sys=0.00, real=0.00 secs] 
306.187: [GC (Allocation Failure) [PSYoungGen: 65312K->9696K(76800K)] 531151K->475535K(573952K), 0.0055486 secs] [Times: user=0.02 sys=0.00, real=0.00 secs] 
306.738: [GC (Allocation Failure) [PSYoungGen: 73184K->9568K(76800K)] 539023K->483599K(573952K), 0.0058647 secs] [Times: user=0.03 sys=0.00, real=0.00 secs] 
307.037: [GC (Allocation Failure) [PSYoungGen: 72032K->1376K(63488K)] 546063K->475415K(560640K), 0.0020901 secs] [Times: user=0.01 sys=0.00, real=0.00 secs] 
307.338: [GC (Allocation Failure) [PSYoungGen: 63328K->1360K(74752K)] 537367K->475399K(571904K), 0.0022045 secs] [Times: user=0.01 sys=0.01, real=0.00 secs] 
307.676: [GC (Allocation Failure) [PSYoungGen: 62800K->1344K(62464K)] 536839K->475383K(559616K), 0.0023027 secs] [Times: user=0.01 sys=0.00, real=0.00 secs] 
309.567: [GC (Allocation Failure) [PSYoungGen: 62272K->9600K(73728K)] 536311K->483639K(570880K), 0.0037437 secs] [Times: user=0.02 sys=0.00, real=0.00 secs] 
310.059: [GC (Allocation Failure) [PSYoungGen: 69504K->9600K(74240K)] 543543K->491831K(571392K), 0.0040847 secs] [Times: user=0.02 sys=0.00, real=0.00 secs] 
310.744: [GC (Allocation Failure) [PSYoungGen: 68992K->1360K(73216K)] 551223K->483591K(570368K), 0.0027593 secs] [Times: user=0.01 sys=0.00, real=0.01 secs] 
311.414: [GC (Allocation Failure) [PSYoungGen: 60240K->1344K(59904K)] 542471K->483575K(557056K), 0.0051881 secs] [Times: user=0.02 sys=0.00, real=0.01 secs] 
312.140: [GC (Allocation Failure) [PSYoungGen: 59712K->1376K(71168K)] 541943K->483607K(568320K), 0.0031758 secs] [Times: user=0.01 sys=0.00, real=0.00 secs] 
313.260: [GC (Allocation Failure) [PSYoungGen: 59232K->9664K(72192K)] 541463K->491903K(569344K), 0.0021208 secs] [Times: user=0.01 sys=0.01, real=0.00 secs] 
313.498: [GC (Allocation Failure) [PSYoungGen: 67520K->9632K(72192K)] 549759K->500063K(569344K), 0.0033113 secs] [Times: user=0.01 sys=0.00, real=0.00 secs] 
313.501: [Full GC (Ergonomics) [PSYoungGen: 9632K->0K(72192K)] [ParOldGen: 490431K->87038K(465920K)] 500063K->87038K(538112K), [Metaspace: 54895K->54887K(1099776K)], 0.0334440 secs] [Times: user=0.09 sys=0.00, real=0.03 secs] 
313.702: [GC (Allocation Failure) [PSYoungGen: 56832K->160K(73216K)] 176638K->152734K(539136K), 0.0029671 secs] [Times: user=0.01 sys=0.00, real=0.00 secs] 
313.949: [GC (Allocation Failure) [PSYoungGen: 56992K->32K(78336K)] 242334K->185374K(544256K), 0.0016221 secs] [Times: user=0.01 sys=0.00, real=0.00 secs] 
314.074: [GC (Allocation Failure) [PSYoungGen: 62496K->64K(78336K)] 247838K->250942K(544256K), 0.0050487 secs] [Times: user=0.02 sys=0.01, real=0.01 secs] 
315.036: [GC (Allocation Failure) [PSYoungGen: 62528K->1536K(82944K)] 346174K->285182K(548864K), 0.0019273 secs] [Times: user=0.00 sys=0.00, real=0.01 secs] 
315.309: [GC (Allocation Failure) [PSYoungGen: 71680K->1440K(84480K)] 355326K->285086K(550400K), 0.0018818 secs] [Times: user=0.01 sys=0.00, real=0.00 secs] 
315.659: [GC (Allocation Failure) [PSYoungGen: 71584K->1440K(90624K)] 355230K->285086K(556544K), 0.0021860 secs] [Times: user=0.01 sys=0.00, real=0.00 secs] 
316.017: [GC (Allocation Failure) [PSYoungGen: 79264K->1408K(91136K)] 362910K->285054K(557056K), 0.0018341 secs] [Times: user=0.01 sys=0.00, real=0.00 secs] 
317.061: [GC (Allocation Failure) [PSYoungGen: 78766K->2461K(94720K)] 362413K->286107K(560640K), 0.0020805 secs] [Times: user=0.01 sys=0.00, real=0.00 secs] 
317.598: [GC (Allocation Failure) [PSYoungGen: 86941K->1440K(96256K)] 370587K->285086K(562176K), 0.0019742 secs] [Times: user=0.00 sys=0.00, real=0.00 secs] 
318.163: [GC (Allocation Failure) [PSYoungGen: 85920K->1376K(100864K)] 369566K->285022K(566784K), 0.0021775 secs] [Times: user=0.01 sys=0.01, real=0.00 secs] 
318.895: [GC (Allocation Failure) [PSYoungGen: 92512K->1424K(101376K)] 376158K->285070K(567296K), 0.0019696 secs] [Times: user=0.01 sys=0.00, real=0.01 secs] 
320.486: [GC (Allocation Failure) [PSYoungGen: 92560K->1472K(104960K)] 376206K->285126K(570880K), 0.0018343 secs] [Times: user=0.00 sys=0.00, real=0.00 secs] 
321.432: [GC (Allocation Failure) [PSYoungGen: 98240K->1440K(105984K)] 381894K->285094K(571904K), 0.0021241 secs] [Times: user=0.01 sys=0.00, real=0.00 secs] 
322.466: [GC (Allocation Failure) [PSYoungGen: 98208K->1488K(109056K)] 381862K->285142K(574976K), 0.0031028 secs] [Times: user=0.01 sys=0.00, real=0.01 secs] 
323.752: [GC (Allocation Failure) [PSYoungGen: 103376K->1504K(110080K)] 387030K->285166K(576000K), 0.0024220 secs] [Times: user=0.01 sys=0.00, real=0.00 secs] 
324.171: [GC (Allocation Failure) [PSYoungGen: 103392K->1373K(114688K)] 387054K->285043K(580608K), 0.0019981 secs] [Times: user=0.01 sys=0.00, real=0.00 secs] 
324.877: [GC (Allocation Failure) [PSYoungGen: 108893K->1440K(114688K)] 392563K->285110K(580608K), 0.0018093 secs] [Times: user=0.00 sys=0.00, real=0.00 secs] 
326.206: [GC (Allocation Failure) [PSYoungGen: 108960K->1472K(118272K)] 392630K->285150K(584192K), 0.0020942 secs] [Times: user=0.01 sys=0.00, real=0.01 secs] 
326.681: [GC (Allocation Failure) [PSYoungGen: 114112K->1376K(119296K)] 397790K->285107K(585216K), 0.0028436 secs] [Times: user=0.01 sys=0.00, real=0.00 secs] 
328.942: [GC (Allocation Failure) [PSYoungGen: 114016K->5536K(123904K)] 397747K->293371K(589824K), 0.0046842 secs] [Times: user=0.02 sys=0.00, real=0.01 secs] 
330.070: [GC (Allocation Failure) [PSYoungGen: 123296K->1408K(124928K)] 411131K->289243K(590848K), 0.0025989 secs] [Times: user=0.01 sys=0.00, real=0.00 secs] 
331.291: [GC (Allocation Failure) [PSYoungGen: 119168K->1408K(130048K)] 407003K->289243K(595968K), 0.0027244 secs] [Times: user=0.01 sys=0.01, real=0.00 secs] 
332.668: [GC (Allocation Failure) [PSYoungGen: 124800K->1440K(130048K)] 412635K->289275K(595968K), 0.0018206 secs] [Times: user=0.01 sys=0.00, real=0.00 secs] 
333.222: [GC (Allocation Failure) [PSYoungGen: 124832K->1360K(134656K)] 412667K->289195K(600576K), 0.0038484 secs] [Times: user=0.01 sys=0.00, real=0.00 secs] 
334.530: [GC (Allocation Failure) [PSYoungGen: 129872K->1472K(134656K)] 417707K->289307K(600576K), 0.0018534 secs] [Times: user=0.01 sys=0.00, real=0.00 secs] 
335.584: [GC (Allocation Failure) [PSYoungGen: 129984K->1376K(139776K)] 417819K->289211K(605696K), 0.0022351 secs] [Times: user=0.00 sys=0.00, real=0.01 secs] 
337.226: [GC (Allocation Failure) [PSYoungGen: 136032K->1408K(140288K)] 423867K->289259K(606208K), 0.0018525 secs] [Times: user=0.00 sys=0.00, real=0.00 secs] 
337.786: [GC (Allocation Failure) [PSYoungGen: 136064K->1408K(145408K)] 423915K->289267K(611328K), 0.0020247 secs] [Times: user=0.00 sys=0.00, real=0.00 secs] 
339.363: [GC (Allocation Failure) [PSYoungGen: 141696K->1408K(145408K)] 429555K->289267K(611328K), 0.0018515 secs] [Times: user=0.01 sys=0.00, real=0.00 secs] 
340.814: [GC (Allocation Failure) [PSYoungGen: 141696K->1376K(149504K)] 429555K->289243K(615424K), 0.0023233 secs] [Times: user=0.01 sys=0.00, real=0.01 secs] 
343.861: [GC (Allocation Failure) [PSYoungGen: 146784K->1392K(150016K)] 434651K->289267K(615936K), 0.0031798 secs] [Times: user=0.02 sys=0.00, real=0.00 secs] 
344.723: [GC (Allocation Failure) [PSYoungGen: 146800K->1408K(154624K)] 434675K->289283K(620544K), 0.0019244 secs] [Times: user=0.00 sys=0.00, real=0.00 secs] 
346.980: [GC (Allocation Failure) [PSYoungGen: 151936K->1440K(154624K)] 439811K->289315K(620544K), 0.0027715 secs] [Times: user=0.01 sys=0.01, real=0.00 secs] 
348.448: [GC (Allocation Failure) [PSYoungGen: 151968K->1376K(157696K)] 439843K->289251K(623616K), 0.0021204 secs] [Times: user=0.01 sys=0.00, real=0.00 secs] 
350.615: [GC (Allocation Failure) [PSYoungGen: 156512K->1440K(158720K)] 444387K->289339K(624640K), 0.0036475 secs] [Times: user=0.02 sys=0.01, real=0.01 secs] 
352.134: [GC (Allocation Failure) [PSYoungGen: 156576K->1344K(163840K)] 444475K->289251K(629760K), 0.0026266 secs] [Times: user=0.01 sys=0.00, real=0.01 secs] 
353.953: [GC (Allocation Failure) [PSYoungGen: 161600K->1440K(163840K)] 449507K->289347K(629760K), 0.0016476 secs] [Times: user=0.01 sys=0.00, real=0.00 secs] 
354.659: [GC (Allocation Failure) [PSYoungGen: 161696K->1408K(167936K)] 449603K->289315K(633856K), 0.0022037 secs] [Times: user=0.01 sys=0.00, real=0.00 secs] 
356.618: [GC (Allocation Failure) [PSYoungGen: 166272K->1440K(167936K)] 454179K->289347K(633856K), 0.0023783 secs] [Times: user=0.01 sys=0.00, real=0.00 secs] 
358.057: [GC (Allocation Failure) [PSYoungGen: 166304K->2496K(173056K)] 454211K->293475K(638976K), 0.0019097 secs] [Times: user=0.01 sys=0.00, real=0.00 secs] 
359.470: [GC (Allocation Failure) [PSYoungGen: 172480K->384K(173056K)] 463459K->291363K(638976K), 0.0018119 secs] [Times: user=0.01 sys=0.00, real=0.00 secs] 
361.659: [GC (Allocation Failure) [PSYoungGen: 170368K->1408K(176640K)] 461347K->292395K(642560K), 0.0030184 secs] [Times: user=0.01 sys=0.00, real=0.00 secs] 
362.610: [GC (Allocation Failure) [PSYoungGen: 176000K->1408K(177664K)] 466987K->292395K(643584K), 0.0018739 secs] [Times: user=0.01 sys=0.00, real=0.00 secs] 
365.135: [GC (Allocation Failure) [PSYoungGen: 176000K->1456K(181760K)] 466987K->292467K(647680K), 0.0024260 secs] [Times: user=0.01 sys=0.00, real=0.01 secs] 
367.877: [GC (Allocation Failure) [PSYoungGen: 180656K->1440K(182272K)] 471667K->292451K(648192K), 0.0018431 secs] [Times: user=0.00 sys=0.00, real=0.00 secs] 
370.421: [GC (Allocation Failure) [PSYoungGen: 180640K->1376K(184832K)] 471651K->292403K(650752K), 0.0027872 secs] [Times: user=0.01 sys=0.00, real=0.00 secs] 
372.899: [GC (Allocation Failure) [PSYoungGen: 184672K->1408K(185856K)] 475699K->292435K(651776K), 0.0020241 secs] [Times: user=0.01 sys=0.00, real=0.00 secs] 
376.402: [GC (Allocation Failure) [PSYoungGen: 184704K->1952K(188928K)] 475731K->292979K(654848K), 0.0019541 secs] [Times: user=0.00 sys=0.00, real=0.00 secs] 
378.068: [GC (Allocation Failure) [PSYoungGen: 188832K->1392K(189440K)] 479859K->292419K(655360K), 0.0019415 secs] [Times: user=0.01 sys=0.01, real=0.00 secs] 
381.712: [GC (Allocation Failure) [PSYoungGen: 188272K->1408K(193024K)] 479299K->292443K(658944K), 0.0027865 secs] [Times: user=0.01 sys=0.00, real=0.00 secs] 
383.251: [GC (Allocation Failure) [PSYoungGen: 191848K->224K(193024K)] 482884K->291259K(658944K), 0.0015348 secs] [Times: user=0.01 sys=0.00, real=0.00 secs] 
384.054: [GC (Allocation Failure) [PSYoungGen: 190688K->1440K(196608K)] 481723K->292483K(662528K), 0.0024003 secs] [Times: user=0.01 sys=0.01, real=0.01 secs] 
386.690: [GC (Allocation Failure) [PSYoungGen: 195488K->1408K(196608K)] 486531K->292451K(662528K), 0.0025210 secs] [Times: user=0.01 sys=0.00, real=0.00 secs] 
390.167: [GC (Allocation Failure) [PSYoungGen: 195456K->1888K(200704K)] 486499K->292931K(666624K), 0.0025299 secs] [Times: user=0.01 sys=0.00, real=0.00 secs] 
390.981: [GC (Allocation Failure) [PSYoungGen: 200544K->1408K(201216K)] 491587K->292451K(667136K), 0.0020999 secs] [Times: user=0.00 sys=0.00, real=0.00 secs] 
394.713: [GC (Allocation Failure) [PSYoungGen: 200064K->1440K(205824K)] 491107K->292483K(671744K), 0.0033629 secs] [Times: user=0.01 sys=0.00, real=0.01 secs] 
398.052: [GC (Allocation Failure) [PSYoungGen: 205216K->1408K(206336K)] 496259K->292459K(672256K), 0.0019482 secs] [Times: user=0.00 sys=0.00, real=0.00 secs] 
401.073: [GC (Allocation Failure) [PSYoungGen: 205184K->1376K(210944K)] 496235K->292427K(676864K), 0.0025029 secs] [Times: user=0.01 sys=0.00, real=0.00 secs] 
405.697: [GC (Allocation Failure) [PSYoungGen: 209760K->1472K(210944K)] 500811K->292539K(676864K), 0.0021546 secs] [Times: user=0.01 sys=0.00, real=0.00 secs] 
409.181: [GC (Allocation Failure) [PSYoungGen: 209856K->1408K(213504K)] 500923K->292483K(679424K), 0.0018741 secs] [Times: user=0.00 sys=0.00, real=0.00 secs] 
411.849: [GC (Allocation Failure) [PSYoungGen: 213376K->1408K(214016K)] 504451K->293515K(679936K), 0.0025613 secs] [Times: user=0.01 sys=0.00, real=0.00 secs] 
413.844: [GC (Allocation Failure) [PSYoungGen: 213376K->384K(217600K)] 505483K->292491K(683520K), 0.0021477 secs] [Times: user=0.01 sys=0.00, real=0.00 secs] 
415.632: [GC (Allocation Failure) [PSYoungGen: 215936K->1376K(217600K)] 508043K->293483K(683520K), 0.0020642 secs] [Times: user=0.01 sys=0.00, real=0.00 secs] 
419.011: [GC (Allocation Failure) [PSYoungGen: 216928K->1456K(221696K)] 509035K->293563K(687616K), 0.0040792 secs] [Times: user=0.01 sys=0.00, real=0.00 secs] 
421.887: [GC (Allocation Failure) [PSYoungGen: 221104K->1440K(221696K)] 513211K->297659K(687616K), 0.0040940 secs] [Times: user=0.01 sys=0.00, real=0.00 secs] 
424.008: [GC (Allocation Failure) [PSYoungGen: 221088K->1376K(226304K)] 517307K->297595K(692224K), 0.0022688 secs] [Times: user=0.01 sys=0.00, real=0.00 secs] 
426.317: [GC (Allocation Failure) [PSYoungGen: 225632K->1408K(226304K)] 521851K->297635K(692224K), 0.0018944 secs] [Times: user=0.01 sys=0.00, real=0.00 secs] 
428.854: [GC (Allocation Failure) [PSYoungGen: 225664K->1408K(230912K)] 521891K->297635K(696832K), 0.0041273 secs] [Times: user=0.02 sys=0.00, real=0.01 secs] 
431.456: [GC (Allocation Failure) [PSYoungGen: 230272K->1408K(230912K)] 526499K->297635K(696832K), 0.0020205 secs] [Times: user=0.01 sys=0.00, real=0.00 secs] 
433.360: [GC (Allocation Failure) [PSYoungGen: 230272K->1440K(236032K)] 526499K->298691K(701952K), 0.0023306 secs] [Times: user=0.01 sys=0.00, real=0.00 secs] 
436.046: [GC (Allocation Failure) [PSYoungGen: 235424K->320K(236032K)] 532675K->297571K(701952K), 0.0043745 secs] [Times: user=0.02 sys=0.00, real=0.00 secs] 
439.514: [GC (Allocation Failure) [PSYoungGen: 234304K->1408K(240640K)] 531555K->298667K(706560K), 0.0031261 secs] [Times: user=0.02 sys=0.00, real=0.01 secs] 
442.446: [GC (Allocation Failure) [PSYoungGen: 240512K->1376K(241152K)] 537771K->298643K(707072K), 0.0020972 secs] [Times: user=0.01 sys=0.00, real=0.00 secs] 
445.440: [GC (Allocation Failure) [PSYoungGen: 240480K->1440K(245248K)] 537747K->298723K(711168K), 0.0020436 secs] [Times: user=0.01 sys=0.00, real=0.00 secs] 
447.887: [GC (Allocation Failure) [PSYoungGen: 245152K->1376K(245760K)] 542435K->298659K(711680K), 0.0019943 secs] [Times: user=0.01 sys=0.00, real=0.00 secs] 
450.970: [GC (Allocation Failure) [PSYoungGen: 245088K->1408K(249344K)] 542371K->298691K(715264K), 0.0016302 secs] [Times: user=0.01 sys=0.00, real=0.00 secs] 
452.045: [GC (Allocation Failure) [PSYoungGen: 249216K->1456K(249856K)] 546499K->298739K(715776K), 0.0026482 secs] [Times: user=0.01 sys=0.00, real=0.01 secs] 
455.352: [GC (Allocation Failure) [PSYoungGen: 249264K->1376K(254464K)] 546547K->298675K(720384K), 0.0019688 secs] [Times: user=0.00 sys=0.01, real=0.00 secs] 
458.732: [GC (Allocation Failure) [PSYoungGen: 254304K->1376K(254976K)] 551603K->298691K(720896K), 0.0034825 secs] [Times: user=0.01 sys=0.00, real=0.00 secs] 
462.214: [GC (Allocation Failure) [PSYoungGen: 254304K->1424K(260096K)] 551619K->298755K(726016K), 0.0028010 secs] [Times: user=0.01 sys=0.00, real=0.01 secs] 
466.811: [GC (Allocation Failure) [PSYoungGen: 259472K->1424K(260096K)] 556803K->298763K(726016K), 0.0026995 secs] [Times: user=0.01 sys=0.00, real=0.00 secs] 
469.694: [GC (Allocation Failure) [PSYoungGen: 259472K->1408K(264704K)] 556811K->298763K(730624K), 0.0031833 secs] [Times: user=0.02 sys=0.00, real=0.01 secs] 
472.122: [GC (Allocation Failure) [PSYoungGen: 264064K->1424K(264704K)] 561419K->298779K(730624K), 0.0019255 secs] [Times: user=0.01 sys=0.00, real=0.00 secs] 
474.956: [GC (Allocation Failure) [PSYoungGen: 264080K->1440K(269312K)] 561435K->298795K(735232K), 0.0032608 secs] [Times: user=0.01 sys=0.00, real=0.00 secs] 
477.027: [GC (Allocation Failure) [PSYoungGen: 268704K->1408K(269312K)] 566059K->298771K(735232K), 0.0020087 secs] [Times: user=0.01 sys=0.00, real=0.00 secs] 
479.222: [GC (Allocation Failure) [PSYoungGen: 268672K->1408K(274432K)] 566035K->298771K(740352K), 0.0020061 secs] [Times: user=0.00 sys=0.00, real=0.00 secs] 
482.175: [GC (Allocation Failure) [PSYoungGen: 273792K->1376K(274432K)] 571155K->298755K(740352K), 0.0016526 secs] [Times: user=0.01 sys=0.00, real=0.01 secs] 
484.041: [GC (Allocation Failure) [PSYoungGen: 273760K->1424K(279040K)] 571139K->298811K(744960K), 0.0017744 secs] [Times: user=0.01 sys=0.00, real=0.00 secs] 
485.951: [GC (Allocation Failure) [PSYoungGen: 278416K->1408K(279040K)] 575803K->298795K(744960K), 0.0019230 secs] [Times: user=0.00 sys=0.00, real=0.00 secs] 
488.313: [GC (Allocation Failure) [PSYoungGen: 278400K->1472K(283136K)] 575787K->300907K(749056K), 0.0017341 secs] [Times: user=0.00 sys=0.00, real=0.00 secs] 
491.904: [GC (Allocation Failure) [PSYoungGen: 283072K->1408K(283648K)] 582507K->301867K(749568K), 0.0019162 secs] [Times: user=0.01 sys=0.00, real=0.00 secs] 
496.260: [GC (Allocation Failure) [PSYoungGen: 283008K->1408K(287232K)] 583467K->303915K(753152K), 0.0021356 secs] [Times: user=0.01 sys=0.00, real=0.00 secs] 
498.581: [GC (Allocation Failure) [PSYoungGen: 287104K->1440K(287744K)] 589611K->306011K(753664K), 0.0024486 secs] [Times: user=0.01 sys=0.00, real=0.00 secs] 
502.487: [GC (Allocation Failure) [PSYoungGen: 287136K->1440K(292352K)] 591707K->306011K(758272K), 0.0027889 secs] [Times: user=0.01 sys=0.00, real=0.00 secs] 
505.275: [GC (Allocation Failure) [PSYoungGen: 291744K->1376K(292352K)] 596315K->305963K(758272K), 0.0018681 secs] [Times: user=0.00 sys=0.00, real=0.01 secs] 
507.857: [GC (Allocation Failure) [PSYoungGen: 291680K->1408K(296960K)] 596267K->305995K(762880K), 0.0021644 secs] [Times: user=0.01 sys=0.00, real=0.00 secs] 
510.650: [GC (Allocation Failure) [PSYoungGen: 296320K->1440K(296960K)] 600907K->306035K(762880K), 0.0017685 secs] [Times: user=0.01 sys=0.00, real=0.00 secs] 
513.392: [GC (Allocation Failure) [PSYoungGen: 296352K->1408K(301568K)] 600947K->306003K(767488K), 0.0032769 secs] [Times: user=0.01 sys=0.00, real=0.00 secs] 
517.592: [GC (Allocation Failure) [PSYoungGen: 301440K->1408K(301568K)] 606035K->306011K(767488K), 0.0027204 secs] [Times: user=0.01 sys=0.00, real=0.00 secs] 
522.555: [GC (Allocation Failure) [PSYoungGen: 301440K->1504K(305664K)] 606043K->306115K(771584K), 0.0044289 secs] [Times: user=0.02 sys=0.00, real=0.01 secs] 
525.730: [GC (Allocation Failure) [PSYoungGen: 305632K->1472K(306176K)] 610243K->306091K(772096K), 0.0021443 secs] [Times: user=0.01 sys=0.00, real=0.00 secs] 
529.556: [GC (Allocation Failure) [PSYoungGen: 305600K->1440K(310784K)] 610219K->306075K(776704K), 0.0025846 secs] [Times: user=0.01 sys=0.00, real=0.01 secs] 
532.462: [GC (Allocation Failure) [PSYoungGen: 310176K->1440K(310784K)] 614811K->306083K(776704K), 0.0022908 secs] [Times: user=0.01 sys=0.00, real=0.00 secs] 
534.440: [GC (Allocation Failure) [PSYoungGen: 310176K->1408K(315392K)] 614819K->306083K(781312K), 0.0017508 secs] [Times: user=0.00 sys=0.00, real=0.00 secs] 
536.614: [GC (Allocation Failure) [PSYoungGen: 315264K->1440K(315392K)] 619939K->306123K(781312K), 0.0018969 secs] [Times: user=0.01 sys=0.00, real=0.00 secs] 
539.388: [GC (Allocation Failure) [PSYoungGen: 315296K->1440K(320512K)] 619979K->306139K(786432K), 0.0019956 secs] [Times: user=0.01 sys=0.00, real=0.00 secs] 
542.289: [GC (Allocation Failure) [PSYoungGen: 320416K->192K(320512K)] 625115K->304891K(786432K), 0.0015252 secs] [Times: user=0.01 sys=0.00, real=0.00 secs] 
545.468: [GC (Allocation Failure) [PSYoungGen: 319168K->1408K(325632K)] 623867K->306107K(791552K), 0.0039426 secs] [Times: user=0.02 sys=0.00, real=0.00 secs] 
549.059: [GC (Allocation Failure) [PSYoungGen: 324992K->1440K(325632K)] 629691K->306139K(791552K), 0.0025925 secs] [Times: user=0.01 sys=0.00, real=0.00 secs] 
551.090: [GC (Allocation Failure) [PSYoungGen: 325024K->1408K(330752K)] 629723K->306107K(796672K), 0.0018624 secs] [Times: user=0.01 sys=0.00, real=0.00 secs] 
554.158: [GC (Allocation Failure) [PSYoungGen: 330112K->1472K(330752K)] 634811K->306171K(796672K), 0.0027003 secs] [Times: user=0.01 sys=0.01, real=0.00 secs] 
557.246: [GC (Allocation Failure) [PSYoungGen: 330176K->1456K(335360K)] 634875K->306163K(801280K), 0.0019720 secs] [Times: user=0.00 sys=0.00, real=0.01 secs] 
560.148: [GC (Allocation Failure) [PSYoungGen: 335280K->1472K(335872K)] 639987K->306187K(801792K), 0.0022373 secs] [Times: user=0.01 sys=0.01, real=0.00 secs] 
566.073: [GC (Allocation Failure) [PSYoungGen: 335296K->1472K(327680K)] 640011K->306235K(793600K), 0.0017230 secs] [Times: user=0.00 sys=0.00, real=0.00 secs] 
569.912: [GC (Allocation Failure) [PSYoungGen: 327616K->1472K(320000K)] 632379K->306243K(785920K), 0.0019584 secs] [Times: user=0.01 sys=0.00, real=0.00 secs] 
573.180: [GC (Allocation Failure) [PSYoungGen: 319936K->1440K(324608K)] 624707K->306211K(790528K), 0.0033452 secs] [Times: user=0.01 sys=0.00, real=0.00 secs] 
576.504: [GC (Allocation Failure) [PSYoungGen: 324512K->1440K(329216K)] 629283K->306219K(795136K), 0.0018573 secs] [Times: user=0.00 sys=0.00, real=0.00 secs] 
579.372: [GC (Allocation Failure) [PSYoungGen: 329120K->1456K(333824K)] 633899K->306251K(799744K), 0.0019478 secs] [Times: user=0.01 sys=0.00, real=0.00 secs] 
582.095: [GC (Allocation Failure) [PSYoungGen: 333744K->1440K(338432K)] 638539K->306235K(804352K), 0.0018392 secs] [Times: user=0.01 sys=0.00, real=0.01 secs] 
586.049: [GC (Allocation Failure) [PSYoungGen: 337824K->1440K(330240K)] 642619K->306243K(796160K), 0.0016740 secs] [Times: user=0.01 sys=0.00, real=0.00 secs] 
588.072: [GC (Allocation Failure) [PSYoungGen: 330144K->1440K(334848K)] 634947K->306243K(800768K), 0.0019065 secs] [Times: user=0.00 sys=0.00, real=0.00 secs] 
591.016: [GC (Allocation Failure) [PSYoungGen: 334752K->1440K(327168K)] 639555K->306251K(793088K), 0.0017853 secs] [Times: user=0.01 sys=0.00, real=0.00 secs] 
595.077: [GC (Allocation Failure) [PSYoungGen: 327072K->1472K(320000K)] 631883K->306291K(785920K), 0.0021919 secs] [Times: user=0.01 sys=0.00, real=0.00 secs] 
598.625: [GC (Allocation Failure) [PSYoungGen: 319936K->1472K(312832K)] 624755K->306291K(778752K), 0.0025252 secs] [Times: user=0.01 sys=0.00, real=0.01 secs] 
601.767: [GC (Allocation Failure) [PSYoungGen: 312768K->1440K(317952K)] 617587K->306267K(783872K), 0.0040167 secs] [Times: user=0.02 sys=0.00, real=0.00 secs] 
606.059: [GC (Allocation Failure) [PSYoungGen: 317856K->1440K(322560K)] 622683K->306267K(788480K), 0.0024520 secs] [Times: user=0.01 sys=0.00, real=0.00 secs] 
610.370: [GC (Allocation Failure) [PSYoungGen: 322464K->1472K(315392K)] 627291K->306307K(781312K), 0.0017805 secs] [Times: user=0.01 sys=0.00, real=0.00 secs] 
612.446: [GC (Allocation Failure) [PSYoungGen: 315328K->1472K(320000K)] 620163K->306315K(785920K), 0.0017584 secs] [Times: user=0.01 sys=0.00, real=0.01 secs] 
615.466: [GC (Allocation Failure) [PSYoungGen: 319936K->1440K(325632K)] 624779K->306299K(791552K), 0.0044600 secs] [Times: user=0.01 sys=0.00, real=0.00 secs] 
619.248: [GC (Allocation Failure) [PSYoungGen: 325536K->1392K(330752K)] 630395K->306259K(796672K), 0.0018804 secs] [Times: user=0.00 sys=0.00, real=0.00 secs] 
622.605: [GC (Allocation Failure) [PSYoungGen: 330608K->1408K(333312K)] 635475K->306275K(799232K), 0.0030354 secs] [Times: user=0.01 sys=0.00, real=0.01 secs] 
626.639: [GC (Allocation Failure) [PSYoungGen: 332672K->1408K(336384K)] 637539K->306275K(802304K), 0.0019739 secs] [Times: user=0.01 sys=0.00, real=0.00 secs] 
629.404: [GC (Allocation Failure) [PSYoungGen: 335744K->1440K(336384K)] 640611K->306315K(802304K), 0.0018943 secs] [Times: user=0.00 sys=0.00, real=0.01 secs] 
634.056: [GC (Allocation Failure) [PSYoungGen: 335776K->1440K(340992K)] 640651K->306323K(806912K), 0.0032900 secs] [Times: user=0.01 sys=0.01, real=0.00 secs] 
638.180: [GC (Allocation Failure) [PSYoungGen: 340384K->1408K(340992K)] 645267K->306303K(806912K), 0.0027258 secs] [Times: user=0.02 sys=0.00, real=0.00 secs] 
641.686: [GC (Allocation Failure) [PSYoungGen: 340352K->1408K(345088K)] 645247K->306303K(811008K), 0.0019552 secs] [Times: user=0.01 sys=0.00, real=0.00 secs] 
645.187: [GC (Allocation Failure) [PSYoungGen: 344960K->1408K(345088K)] 649855K->306311K(811008K), 0.0022878 secs] [Times: user=0.01 sys=0.00, real=0.00 secs] 
647.983: [GC (Allocation Failure) [PSYoungGen: 344960K->1440K(349696K)] 649863K->306343K(815616K), 0.0018738 secs] [Times: user=0.01 sys=0.00, real=0.00 secs] 
652.588: [GC (Allocation Failure) [PSYoungGen: 349600K->1408K(349696K)] 654503K->306319K(815616K), 0.0032568 secs] [Times: user=0.01 sys=0.00, real=0.00 secs] 
657.029: [GC (Allocation Failure) [PSYoungGen: 349568K->1408K(341504K)] 654479K->306319K(807424K), 0.0020249 secs] [Times: user=0.01 sys=0.00, real=0.00 secs] 
661.467: [GC (Allocation Failure) [PSYoungGen: 341376K->1440K(333824K)] 646287K->306359K(799744K), 0.0025208 secs] [Times: user=0.01 sys=0.00, real=0.00 secs] 
664.403: [GC (Allocation Failure) [PSYoungGen: 333728K->352K(325120K)] 638647K->306303K(791040K), 0.0019582 secs] [Times: user=0.01 sys=0.00, real=0.00 secs] 
669.687: [GC (Allocation Failure) [PSYoungGen: 324960K->1408K(331776K)] 630911K->307367K(797696K), 0.0058196 secs] [Times: user=0.02 sys=0.00, real=0.00 secs] 
673.825: [GC (Allocation Failure) [PSYoungGen: 331136K->1376K(336384K)] 637095K->307335K(802304K), 0.0040587 secs] [Times: user=0.01 sys=0.00, real=0.01 secs] 
677.756: [GC (Allocation Failure) [PSYoungGen: 336224K->1408K(342016K)] 642183K->307383K(807936K), 0.0039755 secs] [Times: user=0.01 sys=0.00, real=0.00 secs] 
682.566: [GC (Allocation Failure) [PSYoungGen: 341888K->1408K(347136K)] 647863K->307399K(813056K), 0.0021986 secs] [Times: user=0.01 sys=0.00, real=0.01 secs] 
685.616: [GC (Allocation Failure) [PSYoungGen: 347008K->1376K(351232K)] 652999K->307367K(817152K), 0.0020635 secs] [Times: user=0.01 sys=0.00, real=0.01 secs] 
688.112: [GC (Allocation Failure) [PSYoungGen: 350560K->1440K(352768K)] 656551K->307447K(818688K), 0.0016478 secs] [Times: user=0.00 sys=0.00, real=0.00 secs] 
692.755: [GC (Allocation Failure) [PSYoungGen: 352160K->1408K(344064K)] 658167K->307423K(809984K), 0.0018816 secs] [Times: user=0.00 sys=0.00, real=0.01 secs] 
695.485: [GC (Allocation Failure) [PSYoungGen: 343936K->416K(334848K)] 649951K->307463K(800768K), 0.0018081 secs] [Times: user=0.00 sys=0.00, real=0.01 secs] 
700.669: [GC (Allocation Failure) [PSYoungGen: 334752K->1408K(328704K)] 641799K->308463K(794624K), 0.0025446 secs] [Times: user=0.01 sys=0.01, real=0.00 secs] 
704.789: [GC (Allocation Failure) [PSYoungGen: 328064K->1472K(320512K)] 635119K->308527K(786432K), 0.0021931 secs] [Times: user=0.00 sys=0.00, real=0.00 secs] 
707.377: [GC (Allocation Failure) [PSYoungGen: 320448K->1408K(313344K)] 627503K->308471K(779264K), 0.0021419 secs] [Times: user=0.01 sys=0.00, real=0.00 secs] 
711.816: [GC (Allocation Failure) [PSYoungGen: 313216K->192K(305152K)] 620279K->307271K(771072K), 0.0017936 secs] [Times: user=0.01 sys=0.00, real=0.01 secs] 
714.608: [GC (Allocation Failure) [PSYoungGen: 304832K->1472K(300032K)] 611911K->308551K(765952K), 0.0017296 secs] [Times: user=0.01 sys=0.00, real=0.00 secs] 
717.549: [GC (Allocation Failure) [PSYoungGen: 299456K->1440K(292864K)] 606535K->308535K(758784K), 0.0018241 secs] [Times: user=0.00 sys=0.00, real=0.00 secs] 
720.517: [GC (Allocation Failure) [PSYoungGen: 292768K->1456K(286720K)] 599863K->308551K(752640K), 0.0022078 secs] [Times: user=0.01 sys=0.00, real=0.00 secs] 
723.665: [GC (Allocation Failure) [PSYoungGen: 286640K->1408K(280576K)] 593735K->308511K(746496K), 0.0018303 secs] [Times: user=0.01 sys=0.00, real=0.01 secs] 
726.953: [GC (Allocation Failure) [PSYoungGen: 280448K->1440K(274944K)] 587551K->308543K(740864K), 0.0018981 secs] [Times: user=0.01 sys=0.00, real=0.00 secs] 
728.990: [GC (Allocation Failure) [PSYoungGen: 274848K->1440K(278528K)] 581951K->308543K(744448K), 0.0018124 secs] [Times: user=0.01 sys=0.00, real=0.00 secs] 
732.058: [GC (Allocation Failure) [PSYoungGen: 278432K->1472K(272896K)] 585535K->308583K(738816K), 0.0018659 secs] [Times: user=0.00 sys=0.01, real=0.00 secs] 
735.031: [GC (Allocation Failure) [PSYoungGen: 272832K->1408K(267264K)] 579943K->308519K(733184K), 0.0018026 secs] [Times: user=0.00 sys=0.00, real=0.00 secs] 
737.039: [GC (Allocation Failure) [PSYoungGen: 267136K->1696K(271360K)] 574247K->308815K(737280K), 0.0018711 secs] [Times: user=0.01 sys=0.00, real=0.00 secs] 
740.555: [GC (Allocation Failure) [PSYoungGen: 271008K->352K(273920K)] 578127K->308495K(739840K), 0.0030802 secs] [Times: user=0.01 sys=0.00, real=0.01 secs] 
743.844: [GC (Allocation Failure) [PSYoungGen: 273760K->1472K(280064K)] 581903K->309623K(745984K), 0.0020382 secs] [Times: user=0.00 sys=0.00, real=0.01 secs] 
747.483: [GC (Allocation Failure) [PSYoungGen: 278976K->1408K(283136K)] 587127K->309575K(749056K), 0.0022375 secs] [Times: user=0.01 sys=0.00, real=0.00 secs] 
749.711: [GC (Allocation Failure) [PSYoungGen: 283008K->1440K(287232K)] 591175K->309607K(753152K), 0.0018883 secs] [Times: user=0.01 sys=0.00, real=0.00 secs] 
752.184: [GC (Allocation Failure) [PSYoungGen: 287136K->1440K(291328K)] 595303K->309615K(757248K), 0.0020347 secs] [Times: user=0.01 sys=0.00, real=0.00 secs] 
755.214: [GC (Allocation Failure) [PSYoungGen: 291232K->1440K(295424K)] 599407K->309623K(761344K), 0.0022570 secs] [Times: user=0.00 sys=0.01, real=0.01 secs] 
759.875: [GC (Allocation Failure) [PSYoungGen: 295328K->288K(288256K)] 603511K->308487K(754176K), 0.0014615 secs] [Times: user=0.00 sys=0.00, real=0.01 secs] 
762.411: [GC (Allocation Failure) [PSYoungGen: 288032K->96K(284160K)] 596231K->308303K(750080K), 0.0018215 secs] [Times: user=0.01 sys=0.00, real=0.00 secs] 
764.125: [GC (Allocation Failure) [PSYoungGen: 281696K->1376K(288256K)] 589903K->309583K(754176K), 0.0032579 secs] [Times: user=0.01 sys=0.00, real=0.01 secs] 
766.823: [GC (Allocation Failure) [PSYoungGen: 288096K->1472K(292864K)] 596303K->309687K(758784K), 0.0016597 secs] [Times: user=0.00 sys=0.00, real=0.00 secs] 
771.696: [GC (Allocation Failure) [PSYoungGen: 292800K->1424K(296960K)] 601015K->309639K(762880K), 0.0020071 secs] [Times: user=0.00 sys=0.01, real=0.00 secs] 
774.565: [GC (Allocation Failure) [PSYoungGen: 296848K->1408K(301056K)] 605063K->309631K(766976K), 0.0018302 secs] [Times: user=0.01 sys=0.00, real=0.01 secs] 
777.369: [GC (Allocation Failure) [PSYoungGen: 300928K->1472K(305152K)] 609151K->309727K(771072K), 0.0020166 secs] [Times: user=0.01 sys=0.00, real=0.00 secs] 
781.400: [GC (Allocation Failure) [PSYoungGen: 305088K->1440K(309760K)] 613343K->309695K(775680K), 0.0040148 secs] [Times: user=0.01 sys=0.00, real=0.00 secs] 
785.372: [GC (Allocation Failure) [PSYoungGen: 309664K->1472K(314368K)] 617919K->309727K(780288K), 0.0036271 secs] [Times: user=0.01 sys=0.00, real=0.01 secs] 
788.156: [GC (Allocation Failure) [PSYoungGen: 314304K->1408K(318976K)] 622559K->309663K(784896K), 0.0020502 secs] [Times: user=0.01 sys=0.00, real=0.00 secs] 
792.522: [GC (Allocation Failure) [PSYoungGen: 318848K->1440K(324096K)] 627103K->309703K(790016K), 0.0040772 secs] [Times: user=0.01 sys=0.00, real=0.01 secs] 
798.142: [GC (Allocation Failure) [PSYoungGen: 324000K->1408K(329216K)] 632263K->309679K(795136K), 0.0031426 secs] [Times: user=0.02 sys=0.00, real=0.00 secs] 
802.894: [GC (Allocation Failure) [PSYoungGen: 328064K->1408K(329216K)] 636335K->309679K(795136K), 0.0035679 secs] [Times: user=0.02 sys=0.00, real=0.01 secs] 
808.456: [GC (Allocation Failure) [PSYoungGen: 328576K->288K(329216K)] 636847K->308559K(795136K), 0.0042320 secs] [Times: user=0.02 sys=0.00, real=0.00 secs] 
813.473: [GC (Allocation Failure) [PSYoungGen: 327456K->1424K(333824K)] 635727K->309695K(799744K), 0.0025799 secs] [Times: user=0.01 sys=0.00, real=0.01 secs] 
816.279: [GC (Allocation Failure) [PSYoungGen: 333200K->1376K(334336K)] 641471K->309679K(800256K), 0.0020905 secs] [Times: user=0.01 sys=0.00, real=0.00 secs] 
822.678: [GC (Allocation Failure) [PSYoungGen: 333152K->1472K(338432K)] 641455K->309775K(804352K), 0.0041127 secs] [Times: user=0.01 sys=0.00, real=0.00 secs] 
826.751: [GC (Allocation Failure) [PSYoungGen: 337856K->1408K(338432K)] 646159K->309719K(804352K), 0.0033677 secs] [Times: user=0.01 sys=0.00, real=0.00 secs] 
831.157: [GC (Allocation Failure) [PSYoungGen: 337792K->1408K(343552K)] 646103K->309727K(809472K), 0.0037952 secs] [Times: user=0.02 sys=0.00, real=0.00 secs] 
836.716: [GC (Allocation Failure) [PSYoungGen: 342912K->1376K(343552K)] 651231K->309703K(809472K), 0.0038301 secs] [Times: user=0.01 sys=0.00, real=0.00 secs] 
840.984: [GC (Allocation Failure) [PSYoungGen: 342880K->1408K(334848K)] 651207K->309735K(800768K), 0.0019889 secs] [Times: user=0.01 sys=0.00, real=0.00 secs] 
844.321: [GC (Allocation Failure) [PSYoungGen: 334720K->1376K(339456K)] 643047K->309719K(805376K), 0.0026523 secs] [Times: user=0.01 sys=0.00, real=0.00 secs] 
847.875: [GC (Allocation Failure) [PSYoungGen: 339296K->1408K(344576K)] 647639K->309751K(810496K), 0.0033139 secs] [Times: user=0.02 sys=0.00, real=0.01 secs] 
851.894: [GC (Allocation Failure) [PSYoungGen: 344448K->1376K(347136K)] 652791K->309727K(813056K), 0.0025852 secs] [Times: user=0.01 sys=0.00, real=0.01 secs] 
857.104: [GC (Allocation Failure) [PSYoungGen: 346464K->1408K(338432K)] 654815K->309759K(804352K), 0.0020014 secs] [Times: user=0.01 sys=0.00, real=0.01 secs] 
862.319: [GC (Allocation Failure) [PSYoungGen: 338304K->1408K(330752K)] 646655K->309759K(796672K), 0.0033131 secs] [Times: user=0.01 sys=0.00, real=0.00 secs] 
868.802: [GC (Allocation Failure) [PSYoungGen: 330624K->1440K(323072K)] 638975K->309791K(788992K), 0.0032307 secs] [Times: user=0.01 sys=0.00, real=0.00 secs] 
871.972: [GC (Allocation Failure) [PSYoungGen: 322976K->1408K(315904K)] 631327K->309767K(781824K), 0.0017313 secs] [Times: user=0.01 sys=0.00, real=0.00 secs] 
873.949: [GC (Allocation Failure) [PSYoungGen: 315776K->1408K(308736K)] 624135K->309767K(774656K), 0.0016943 secs] [Times: user=0.01 sys=0.00, real=0.00 secs] 
876.243: [GC (Allocation Failure) [PSYoungGen: 308608K->1408K(313344K)] 616967K->309767K(779264K), 0.0022257 secs] [Times: user=0.01 sys=0.00, real=0.00 secs] 
878.768: [GC (Allocation Failure) [PSYoungGen: 313216K->1440K(317952K)] 621575K->309807K(783872K), 0.0016968 secs] [Times: user=0.01 sys=0.00, real=0.00 secs] 
883.153: [GC (Allocation Failure) [PSYoungGen: 317856K->1952K(323072K)] 626223K->310319K(788992K), 0.0035090 secs] [Times: user=0.01 sys=0.00, real=0.01 secs] 
888.727: [GC (Allocation Failure) [PSYoungGen: 322976K->384K(314368K)] 631343K->309791K(780288K), 0.0018902 secs] [Times: user=0.00 sys=0.00, real=0.00 secs] 
891.216: [GC (Allocation Failure) [PSYoungGen: 314240K->1408K(308736K)] 623647K->310815K(774656K), 0.0018425 secs] [Times: user=0.00 sys=0.00, real=0.00 secs] 
893.847: [GC (Allocation Failure) [PSYoungGen: 308096K->1408K(301568K)] 617503K->310839K(767488K), 0.0016862 secs] [Times: user=0.00 sys=0.00, real=0.00 secs] 
896.241: [GC (Allocation Failure) [PSYoungGen: 301440K->1376K(305664K)] 610871K->310807K(771584K), 0.0018601 secs] [Times: user=0.01 sys=0.00, real=0.00 secs] 
899.948: [GC (Allocation Failure) [PSYoungGen: 305504K->1408K(299008K)] 614935K->310855K(764928K), 0.0023192 secs] [Times: user=0.01 sys=0.00, real=0.00 secs] 
903.413: [GC (Allocation Failure) [PSYoungGen: 298880K->1408K(292352K)] 608327K->310863K(758272K), 0.0022682 secs] [Times: user=0.01 sys=0.00, real=0.00 secs] 
906.126: [GC (Allocation Failure) [PSYoungGen: 292224K->1440K(286208K)] 601679K->310911K(752128K), 0.0017435 secs] [Times: user=0.01 sys=0.00, real=0.01 secs] 
909.399: [GC (Allocation Failure) [PSYoungGen: 286112K->1408K(290304K)] 595583K->310879K(756224K), 0.0026175 secs] [Times: user=0.01 sys=0.00, real=0.00 secs] 
912.977: [GC (Allocation Failure) [PSYoungGen: 290176K->1440K(284160K)] 599647K->310911K(750080K), 0.0019389 secs] [Times: user=0.01 sys=0.00, real=0.00 secs] 
917.293: [GC (Allocation Failure) [PSYoungGen: 284064K->1440K(278016K)] 593535K->310911K(743936K), 0.0028481 secs] [Times: user=0.01 sys=0.00, real=0.00 secs] 
920.421: [GC (Allocation Failure) [PSYoungGen: 277920K->1440K(282112K)] 587391K->310919K(748032K), 0.0027728 secs] [Times: user=0.01 sys=0.01, real=0.00 secs] 
924.328: [GC (Allocation Failure) [PSYoungGen: 282016K->1376K(286208K)] 591495K->310863K(752128K), 0.0034135 secs] [Times: user=0.02 sys=0.00, real=0.00 secs] 
927.383: [GC (Allocation Failure) [PSYoungGen: 286048K->1440K(290816K)] 595535K->310927K(756736K), 0.0032312 secs] [Times: user=0.01 sys=0.00, real=0.01 secs] 
931.073: [GC (Allocation Failure) [PSYoungGen: 290720K->1440K(295424K)] 600207K->310927K(761344K), 0.0032078 secs] [Times: user=0.01 sys=0.00, real=0.01 secs] 
934.426: [GC (Allocation Failure) [PSYoungGen: 295328K->1408K(300544K)] 604815K->310903K(766464K), 0.0033278 secs] [Times: user=0.01 sys=0.00, real=0.00 secs] 
938.173: [GC (Allocation Failure) [PSYoungGen: 300416K->1376K(305664K)] 609911K->310871K(771584K), 0.0039720 secs] [Times: user=0.02 sys=0.00, real=0.01 secs] 
941.475: [GC (Allocation Failure) [PSYoungGen: 305504K->1392K(310784K)] 614999K->310895K(776704K), 0.0020486 secs] [Times: user=0.01 sys=0.00, real=0.01 secs] 
943.877: [GC (Allocation Failure) [PSYoungGen: 310640K->1440K(315904K)] 620143K->310951K(781824K), 0.0019839 secs] [Times: user=0.00 sys=0.00, real=0.00 secs] 
947.169: [GC (Allocation Failure) [PSYoungGen: 315808K->288K(320000K)] 625319K->309799K(785920K), 0.0022865 secs] [Times: user=0.01 sys=0.00, real=0.00 secs] 
951.044: [GC (Allocation Failure) [PSYoungGen: 319776K->1408K(326144K)] 629287K->310919K(792064K), 0.0019823 secs] [Times: user=0.01 sys=0.00, real=0.01 secs] 
955.679: [GC (Allocation Failure) [PSYoungGen: 325504K->1376K(318464K)] 635015K->310887K(784384K), 0.0021278 secs] [Times: user=0.01 sys=0.00, real=0.00 secs] 
960.472: [GC (Allocation Failure) [PSYoungGen: 318304K->1408K(323072K)] 627815K->310919K(788992K), 0.0039674 secs] [Times: user=0.01 sys=0.00, real=0.00 secs] 
963.724: [GC (Allocation Failure) [PSYoungGen: 322944K->1408K(315904K)] 632455K->310919K(781824K), 0.0019529 secs] [Times: user=0.00 sys=0.00, real=0.00 secs] 
966.936: [GC (Allocation Failure) [PSYoungGen: 315776K->1376K(308736K)] 625287K->310887K(774656K), 0.0020597 secs] [Times: user=0.01 sys=0.00, real=0.00 secs] 
971.564: [GC (Allocation Failure) [PSYoungGen: 308576K->1376K(312832K)] 618087K->310887K(778752K), 0.0032297 secs] [Times: user=0.01 sys=0.00, real=0.01 secs] 
975.481: [GC (Allocation Failure) [PSYoungGen: 312672K->1408K(306176K)] 622183K->310919K(772096K), 0.0024406 secs] [Times: user=0.01 sys=0.00, real=0.00 secs] 
979.715: [GC (Allocation Failure) [PSYoungGen: 306048K->1408K(299520K)] 615559K->310919K(765440K), 0.0019925 secs] [Times: user=0.01 sys=0.00, real=0.01 secs] 
984.529: [GC (Allocation Failure) [PSYoungGen: 299392K->1440K(292864K)] 608903K->310967K(758784K), 0.0036848 secs] [Times: user=0.01 sys=0.00, real=0.00 secs] 
988.167: [GC (Allocation Failure) [PSYoungGen: 292768K->1408K(286720K)] 602295K->310959K(752640K), 0.0025862 secs] [Times: user=0.01 sys=0.00, real=0.00 secs] 
991.699: [GC (Allocation Failure) [PSYoungGen: 286592K->1389K(280576K)] 596143K->310941K(746496K), 0.0015570 secs] [Times: user=0.00 sys=0.00, real=0.00 secs] 
995.084: [GC (Allocation Failure) [PSYoungGen: 280429K->1408K(284672K)] 589981K->310967K(750592K), 0.0036622 secs] [Times: user=0.01 sys=0.00, real=0.01 secs] 
1000.265: [GC (Allocation Failure) [PSYoungGen: 284544K->1408K(288768K)] 594103K->310975K(754688K), 0.0043941 secs] [Times: user=0.02 sys=0.00, real=0.01 secs] 
1005.327: [GC (Allocation Failure) [PSYoungGen: 288640K->128K(281600K)] 598207K->309695K(747520K), 0.0017845 secs] [Times: user=0.01 sys=0.00, real=0.00 secs] 
1007.626: [GC (Allocation Failure) [PSYoungGen: 281216K->240K(287232K)] 590783K->309815K(753152K), 0.0020842 secs] [Times: user=0.01 sys=0.00, real=0.00 secs] 
1011.721: [GC (Allocation Failure) [PSYoungGen: 285233K->224K(279552K)] 594809K->309799K(745472K), 0.0015128 secs] [Times: user=0.00 sys=0.00, real=0.00 secs] 
1013.820: [GC (Allocation Failure) [PSYoungGen: 279264K->1408K(285184K)] 588839K->310983K(751104K), 0.0017985 secs] [Times: user=0.01 sys=0.00, real=0.00 secs] 
1016.459: [GC (Allocation Failure) [PSYoungGen: 284544K->1408K(288768K)] 594119K->310991K(754688K), 0.0019507 secs] [Times: user=0.01 sys=0.00, real=0.00 secs] 
1020.671: [GC (Allocation Failure) [PSYoungGen: 287687K->224K(281600K)] 597271K->309815K(747520K), 0.0015350 secs] [Times: user=0.00 sys=0.00, real=0.00 secs] 
1022.139: [GC (Allocation Failure) [PSYoungGen: 281312K->320K(286208K)] 590903K->309927K(752128K), 0.0023597 secs] [Times: user=0.00 sys=0.00, real=0.00 secs] 
1027.284: [GC (Allocation Failure) [PSYoungGen: 286016K->160K(292352K)] 595623K->309775K(758272K), 0.0014708 secs] [Times: user=0.01 sys=0.00, real=0.00 secs] 
1030.354: [GC (Allocation Failure) [PSYoungGen: 289952K->2464K(286208K)] 599567K->312080K(752128K), 0.0017126 secs] [Times: user=0.00 sys=0.00, real=0.00 secs] 
1032.751: [GC (Allocation Failure) [PSYoungGen: 286112K->2464K(290304K)] 595728K->312080K(756224K), 0.0019005 secs] [Times: user=0.00 sys=0.00, real=0.00 secs] 
1035.322: [GC (Allocation Failure) [PSYoungGen: 290208K->1408K(293888K)] 599824K->311023K(759808K), 0.0026638 secs] [Times: user=0.01 sys=0.00, real=0.00 secs] 
1039.245: [GC (Allocation Failure) [PSYoungGen: 293760K->1408K(297984K)] 603375K->311023K(763904K), 0.0023525 secs] [Times: user=0.00 sys=0.00, real=0.01 secs] 
1042.085: [GC (Allocation Failure) [PSYoungGen: 297856K->1376K(302592K)] 607471K->310991K(768512K), 0.0026068 secs] [Times: user=0.00 sys=0.00, real=0.01 secs] 
1045.166: [GC (Allocation Failure) [PSYoungGen: 302432K->1424K(307200K)] 612047K->311055K(773120K), 0.0019099 secs] [Times: user=0.00 sys=0.00, real=0.01 secs] 
1047.864: [GC (Allocation Failure) [PSYoungGen: 307088K->1440K(311296K)] 616719K->311079K(777216K), 0.0017329 secs] [Times: user=0.00 sys=0.00, real=0.00 secs] 
1050.411: [GC (Allocation Failure) [PSYoungGen: 311200K->1344K(314880K)] 620839K->310983K(780800K), 0.0017958 secs] [Times: user=0.01 sys=0.00, real=0.00 secs] 
1052.386: [GC (Allocation Failure) [PSYoungGen: 313664K->1376K(316928K)] 623303K->311023K(782848K), 0.0017229 secs] [Times: user=0.00 sys=0.00, real=0.00 secs] 
1055.663: [GC (Allocation Failure) [PSYoungGen: 315744K->1440K(316928K)] 625391K->311103K(782848K), 0.0028200 secs] [Times: user=0.01 sys=0.00, real=0.01 secs] 
1058.614: [GC (Allocation Failure) [PSYoungGen: 315808K->1472K(321536K)] 625471K->311143K(787456K), 0.0031955 secs] [Times: user=0.01 sys=0.00, real=0.01 secs] 
1062.530: [GC (Allocation Failure) [PSYoungGen: 320448K->1408K(321536K)] 630119K->311087K(787456K), 0.0021333 secs] [Times: user=0.01 sys=0.00, real=0.00 secs] 
1065.750: [GC (Allocation Failure) [PSYoungGen: 320384K->1408K(325632K)] 630063K->311095K(791552K), 0.0019930 secs] [Times: user=0.01 sys=0.00, real=0.00 secs] 
1071.104: [GC (Allocation Failure) [PSYoungGen: 324992K->1440K(317952K)] 634679K->311127K(783872K), 0.0018784 secs] [Times: user=0.01 sys=0.00, real=0.01 secs] 
1074.618: [GC (Allocation Failure) [PSYoungGen: 317856K->1376K(310784K)] 627543K->311063K(776704K), 0.0020063 secs] [Times: user=0.01 sys=0.00, real=0.00 secs] 
1078.034: [GC (Allocation Failure) [PSYoungGen: 310624K->1408K(304128K)] 620311K->311095K(770048K), 0.0026924 secs] [Times: user=0.01 sys=0.00, real=0.01 secs] 
1082.932: [GC (Allocation Failure) [PSYoungGen: 304000K->1408K(297472K)] 613687K->311095K(763392K), 0.0023512 secs] [Times: user=0.00 sys=0.00, real=0.00 secs] 
1085.999: [GC (Allocation Failure) [PSYoungGen: 297344K->1408K(302080K)] 607031K->311103K(768000K), 0.0042463 secs] [Times: user=0.02 sys=0.00, real=0.00 secs] 
1089.274: [GC (Allocation Failure) [PSYoungGen: 301952K->1408K(306688K)] 611647K->311103K(772608K), 0.0020660 secs] [Times: user=0.00 sys=0.00, real=0.01 secs] 
1093.212: [GC (Allocation Failure) [PSYoungGen: 306560K->1344K(311296K)] 616255K->311039K(777216K), 0.0027472 secs] [Times: user=0.01 sys=0.00, real=0.00 secs] 
1097.741: [GC (Allocation Failure) [PSYoungGen: 311104K->1408K(315904K)] 620799K->311111K(781824K), 0.0026158 secs] [Times: user=0.01 sys=0.00, real=0.00 secs] 
1101.868: [GC (Allocation Failure) [PSYoungGen: 315776K->1408K(320512K)] 625479K->311119K(786432K), 0.0039355 secs] [Times: user=0.02 sys=0.00, real=0.00 secs] 
1104.741: [GC (Allocation Failure) [PSYoungGen: 320384K->1408K(313344K)] 630095K->311119K(779264K), 0.0022111 secs] [Times: user=0.01 sys=0.00, real=0.00 secs] 
1107.584: [GC (Allocation Failure) [PSYoungGen: 313216K->1632K(306688K)] 622927K->311351K(772608K), 0.0017978 secs] [Times: user=0.01 sys=0.00, real=0.01 secs] 
1109.740: [GC (Allocation Failure) [PSYoungGen: 306272K->416K(298496K)] 615991K->311175K(764416K), 0.0018600 secs] [Times: user=0.01 sys=0.00, real=0.00 secs] 
1113.355: [GC (Allocation Failure) [PSYoungGen: 298400K->1408K(293376K)] 609159K->312167K(759296K), 0.0021040 secs] [Times: user=0.01 sys=0.00, real=0.01 secs] 
1117.399: [GC (Allocation Failure) [PSYoungGen: 292736K->1408K(286720K)] 603495K->312175K(752640K), 0.0023484 secs] [Times: user=0.01 sys=0.00, real=0.00 secs] 
1121.439: [GC (Allocation Failure) [PSYoungGen: 286592K->1376K(280576K)] 597359K->312143K(746496K), 0.0032392 secs] [Times: user=0.01 sys=0.00, real=0.00 secs] 
1125.788: [GC (Allocation Failure) [PSYoungGen: 280416K->1376K(274944K)] 591183K->312143K(740864K), 0.0036080 secs] [Times: user=0.02 sys=0.00, real=0.00 secs] 
1129.698: [GC (Allocation Failure) [PSYoungGen: 274784K->1408K(269312K)] 585551K->312175K(735232K), 0.0042411 secs] [Times: user=0.02 sys=0.00, real=0.00 secs] 
1131.692: [GC (Allocation Failure) [PSYoungGen: 269184K->1344K(263680K)] 579951K->312111K(729600K), 0.0026533 secs] [Times: user=0.01 sys=0.00, real=0.00 secs] 
1134.163: [GC (Allocation Failure) [PSYoungGen: 263488K->1920K(259072K)] 574255K->313208K(724992K), 0.0017658 secs] [Times: user=0.00 sys=0.00, real=0.00 secs] 
1135.809: [GC (Allocation Failure) [PSYoungGen: 258944K->336K(252416K)] 570232K->312656K(718336K), 0.0018545 secs] [Times: user=0.01 sys=0.00, real=0.00 secs] 
1140.041: [GC (Allocation Failure) [PSYoungGen: 252240K->1376K(248832K)] 564560K->313712K(714752K), 0.0035167 secs] [Times: user=0.01 sys=0.00, real=0.00 secs] 
1142.417: [GC (Allocation Failure) [PSYoungGen: 248160K->1408K(243712K)] 560496K->313744K(709632K), 0.0016942 secs] [Times: user=0.01 sys=0.00, real=0.00 secs] 
1146.078: [GC (Allocation Failure) [PSYoungGen: 243584K->1376K(239104K)] 555920K->313712K(705024K), 0.0026158 secs] [Times: user=0.01 sys=0.00, real=0.00 secs] 
1149.039: [GC (Allocation Failure) [PSYoungGen: 238944K->1408K(234496K)] 551280K->313760K(700416K), 0.0031773 secs] [Times: user=0.01 sys=0.00, real=0.00 secs] 
1151.207: [GC (Allocation Failure) [PSYoungGen: 234368K->1408K(230400K)] 546720K->313768K(696320K), 0.0021029 secs] [Times: user=0.01 sys=0.00, real=0.00 secs] 
1153.067: [GC (Allocation Failure) [PSYoungGen: 230272K->1376K(226304K)] 542632K->313736K(692224K), 0.0018189 secs] [Times: user=0.00 sys=0.00, real=0.00 secs] 
1154.975: [GC (Allocation Failure) [PSYoungGen: 226144K->1360K(222208K)] 538504K->313720K(688128K), 0.0030245 secs] [Times: user=0.01 sys=0.00, real=0.01 secs] 
1157.623: [GC (Allocation Failure) [PSYoungGen: 222032K->1408K(218112K)] 534392K->313768K(684032K), 0.0030066 secs] [Times: user=0.01 sys=0.00, real=0.00 secs] 
1160.208: [GC (Allocation Failure) [PSYoungGen: 217984K->1440K(214528K)] 530344K->313816K(680448K), 0.0038913 secs] [Times: user=0.01 sys=0.01, real=0.00 secs] 
1162.548: [GC (Allocation Failure) [PSYoungGen: 214432K->1408K(210944K)] 526808K->313784K(676864K), 0.0017869 secs] [Times: user=0.01 sys=0.00, real=0.00 secs] 
1164.206: [GC (Allocation Failure) [PSYoungGen: 210816K->1376K(207360K)] 523192K->313752K(673280K), 0.0026704 secs] [Times: user=0.01 sys=0.01, real=0.00 secs] 
1166.002: [GC (Allocation Failure) [PSYoungGen: 207200K->1408K(203776K)] 519576K->313784K(669696K), 0.0016937 secs] [Times: user=0.00 sys=0.00, real=0.00 secs] 
1168.204: [GC (Allocation Failure) [PSYoungGen: 203648K->1408K(200192K)] 516024K->313784K(666112K), 0.0025982 secs] [Times: user=0.01 sys=0.01, real=0.01 secs] 
1170.559: [GC (Allocation Failure) [PSYoungGen: 200064K->1408K(197120K)] 512440K->314808K(663040K), 0.0018803 secs] [Times: user=0.01 sys=0.00, real=0.00 secs] 
1171.717: [GC (Allocation Failure) [PSYoungGen: 196992K->1376K(194048K)] 510392K->314776K(659968K), 0.0021097 secs] [Times: user=0.01 sys=0.00, real=0.00 secs] 
1174.876: [GC (Allocation Failure) [PSYoungGen: 193888K->1408K(190976K)] 507288K->314808K(656896K), 0.0036332 secs] [Times: user=0.02 sys=0.00, real=0.00 secs] 
1177.971: [GC (Allocation Failure) [PSYoungGen: 190848K->1440K(187904K)] 504248K->314840K(653824K), 0.0018382 secs] [Times: user=0.01 sys=0.00, real=0.00 secs] 
1179.947: [GC (Allocation Failure) [PSYoungGen: 187808K->1360K(184832K)] 501208K->314760K(650752K), 0.0037214 secs] [Times: user=0.02 sys=0.00, real=0.00 secs] 
1182.483: [GC (Allocation Failure) [PSYoungGen: 184656K->1440K(182272K)] 498056K->314840K(648192K), 0.0042528 secs] [Times: user=0.01 sys=0.00, real=0.01 secs] 
1184.744: [GC (Allocation Failure) [PSYoungGen: 182176K->1504K(179712K)] 495576K->314984K(645632K), 0.0017365 secs] [Times: user=0.01 sys=0.00, real=0.00 secs] 
1188.309: [GC (Allocation Failure) [PSYoungGen: 179680K->1328K(177152K)] 493160K->314808K(643072K), 0.0040629 secs] [Times: user=0.02 sys=0.00, real=0.00 secs] 
1190.837: [GC (Allocation Failure) [PSYoungGen: 176944K->1424K(174592K)] 490424K->314904K(640512K), 0.0017836 secs] [Times: user=0.01 sys=0.00, real=0.00 secs] 
1192.356: [GC (Allocation Failure) [PSYoungGen: 174480K->1408K(172032K)] 487960K->314888K(637952K), 0.0021296 secs] [Times: user=0.00 sys=0.00, real=0.00 secs] 
1194.759: [GC (Allocation Failure) [PSYoungGen: 171904K->1440K(169472K)] 485384K->314920K(635392K), 0.0017749 secs] [Times: user=0.00 sys=0.00, real=0.00 secs] 
1197.638: [GC (Allocation Failure) [PSYoungGen: 169376K->1440K(166912K)] 482856K->314920K(632832K), 0.0017914 secs] [Times: user=0.01 sys=0.00, real=0.00 secs] 
1198.608: [GC (Allocation Failure) [PSYoungGen: 166816K->1408K(164352K)] 480296K->314888K(630272K), 0.0030156 secs] [Times: user=0.02 sys=0.00, real=0.00 secs] 
1200.731: [GC (Allocation Failure) [PSYoungGen: 164224K->1472K(162304K)] 477704K->314952K(628224K), 0.0028383 secs] [Times: user=0.01 sys=0.00, real=0.00 secs] 
1202.464: [GC (Allocation Failure) [PSYoungGen: 162240K->1392K(160256K)] 475720K->314872K(626176K), 0.0035608 secs] [Times: user=0.02 sys=0.00, real=0.01 secs] 
1204.745: [GC (Allocation Failure) [PSYoungGen: 160112K->1440K(158208K)] 473592K->314936K(624128K), 0.0033744 secs] [Times: user=0.01 sys=0.00, real=0.01 secs] 
1205.764: [GC (Allocation Failure) [PSYoungGen: 158112K->1424K(156160K)] 471608K->314920K(622080K), 0.0019672 secs] [Times: user=0.01 sys=0.00, real=0.00 secs] 
1208.358: [GC (Allocation Failure) [PSYoungGen: 156048K->1440K(154112K)] 469544K->314936K(620032K), 0.0040927 secs] [Times: user=0.01 sys=0.00, real=0.00 secs] 
1210.971: [GC (Allocation Failure) [PSYoungGen: 154016K->160K(151040K)] 467512K->313656K(616960K), 0.0014149 secs] [Times: user=0.01 sys=0.00, real=0.00 secs] 
1212.131: [GC (Allocation Failure) [PSYoungGen: 150688K->1392K(150528K)] 464184K->314888K(616448K), 0.0030852 secs] [Times: user=0.01 sys=0.00, real=0.00 secs] 
1214.457: [GC (Allocation Failure) [PSYoungGen: 149872K->1440K(147968K)] 463368K->314936K(613888K), 0.0030421 secs] [Times: user=0.01 sys=0.00, real=0.00 secs] 
1215.798: [GC (Allocation Failure) [PSYoungGen: 147872K->1376K(145920K)] 461368K->314912K(611840K), 0.0028529 secs] [Times: user=0.01 sys=0.00, real=0.00 secs] 
1217.430: [GC (Allocation Failure) [PSYoungGen: 145760K->1440K(144384K)] 459296K->314976K(610304K), 0.0018832 secs] [Times: user=0.01 sys=0.00, real=0.00 secs] 
1218.683: [GC (Allocation Failure) [PSYoungGen: 144288K->1344K(142848K)] 457824K->314880K(608768K), 0.0022546 secs] [Times: user=0.01 sys=0.00, real=0.00 secs] 
1220.462: [GC (Allocation Failure) [PSYoungGen: 142656K->1408K(141312K)] 456192K->314944K(607232K), 0.0017202 secs] [Times: user=0.01 sys=0.01, real=0.00 secs] 
1221.949: [GC (Allocation Failure) [PSYoungGen: 141184K->1408K(139776K)] 454720K->314944K(605696K), 0.0021831 secs] [Times: user=0.00 sys=0.00, real=0.00 secs] 
1223.923: [GC (Allocation Failure) [PSYoungGen: 139648K->1408K(138240K)] 453184K->314952K(604160K), 0.0015704 secs] [Times: user=0.01 sys=0.01, real=0.00 secs] 
1224.494: [GC (Allocation Failure) [PSYoungGen: 138112K->1376K(136704K)] 451656K->314920K(602624K), 0.0021415 secs] [Times: user=0.01 sys=0.00, real=0.00 secs] 
1226.029: [GC (Allocation Failure) [PSYoungGen: 136544K->1376K(135168K)] 450088K->314920K(601088K), 0.0021032 secs] [Times: user=0.01 sys=0.00, real=0.00 secs] 
1228.936: [GC (Allocation Failure) [PSYoungGen: 135008K->1344K(133632K)] 448552K->314896K(599552K), 0.0032167 secs] [Times: user=0.01 sys=0.00, real=0.00 secs] 
1230.239: [GC (Allocation Failure) [PSYoungGen: 133440K->1376K(132096K)] 446992K->314928K(598016K), 0.0030823 secs] [Times: user=0.02 sys=0.00, real=0.00 secs] 
1233.990: [GC (Allocation Failure) [PSYoungGen: 131936K->1376K(130560K)] 445488K->314928K(596480K), 0.0032171 secs] [Times: user=0.01 sys=0.00, real=0.00 secs] 
1235.548: [GC (Allocation Failure) [PSYoungGen: 130400K->1344K(129024K)] 443952K->314904K(594944K), 0.0031822 secs] [Times: user=0.01 sys=0.00, real=0.00 secs] 
1237.446: [GC (Allocation Failure) [PSYoungGen: 128832K->1424K(127488K)] 442392K->314992K(593408K), 0.0020901 secs] [Times: user=0.00 sys=0.00, real=0.01 secs] 
1238.041: [GC (Allocation Failure) [PSYoungGen: 127376K->1408K(125952K)] 440944K->314976K(591872K), 0.0018273 secs] [Times: user=0.00 sys=0.00, real=0.00 secs] 
1240.572: [GC (Allocation Failure) [PSYoungGen: 125824K->1408K(124416K)] 439392K->314976K(590336K), 0.0036785 secs] [Times: user=0.02 sys=0.00, real=0.01 secs] 
1241.408: [GC (Allocation Failure) [PSYoungGen: 124288K->1408K(122880K)] 437856K->314976K(588800K), 0.0019794 secs] [Times: user=0.01 sys=0.00, real=0.00 secs] 
1243.301: [GC (Allocation Failure) [PSYoungGen: 122752K->1408K(121856K)] 436320K->314976K(587776K), 0.0031286 secs] [Times: user=0.02 sys=0.00, real=0.00 secs] 
1244.733: [GC (Allocation Failure) [PSYoungGen: 121728K->1376K(120832K)] 435296K->314944K(586752K), 0.0029977 secs] [Times: user=0.02 sys=0.00, real=0.00 secs] 
1245.893: [GC (Allocation Failure) [PSYoungGen: 120672K->1376K(119808K)] 434240K->314944K(585728K), 0.0034459 secs] [Times: user=0.01 sys=0.00, real=0.01 secs] 
1248.221: [GC (Allocation Failure) [PSYoungGen: 119648K->384K(117760K)] 433216K->314976K(583680K), 0.0023909 secs] [Times: user=0.01 sys=0.00, real=0.00 secs] 
1249.482: [GC (Allocation Failure) [PSYoungGen: 117632K->368K(118272K)] 432224K->314960K(584192K), 0.0019995 secs] [Times: user=0.01 sys=0.00, real=0.00 secs] 
1251.488: [GC (Allocation Failure) [PSYoungGen: 116592K->1376K(116736K)] 431184K->315976K(582656K), 0.0019271 secs] [Times: user=0.01 sys=0.00, real=0.00 secs] 
1252.508: [GC (Allocation Failure) [PSYoungGen: 116576K->1376K(115712K)] 431176K->315976K(581632K), 0.0025471 secs] [Times: user=0.01 sys=0.00, real=0.00 secs] 
1253.999: [GC (Allocation Failure) [PSYoungGen: 115552K->192K(113664K)] 430152K->314792K(579584K), 0.0015477 secs] [Times: user=0.00 sys=0.00, real=0.00 secs] 
1255.927: [GC (Allocation Failure) [PSYoungGen: 113344K->1344K(114176K)] 427944K->315952K(580096K), 0.0037051 secs] [Times: user=0.01 sys=0.00, real=0.00 secs] 
1256.984: [GC (Allocation Failure) [PSYoungGen: 113472K->1344K(112640K)] 428080K->315952K(578560K), 0.0039512 secs] [Times: user=0.02 sys=0.00, real=0.01 secs] 
1258.859: [GC (Allocation Failure) [PSYoungGen: 112448K->1408K(111616K)] 427056K->316024K(577536K), 0.0031037 secs] [Times: user=0.01 sys=0.00, real=0.00 secs] 
1259.499: [GC (Allocation Failure) [PSYoungGen: 111488K->1376K(110592K)] 426104K->315992K(576512K), 0.0018550 secs] [Times: user=0.01 sys=0.00, real=0.00 secs] 
1259.952: [GC (Allocation Failure) [PSYoungGen: 110432K->1376K(115712K)] 425048K->315992K(581632K), 0.0024048 secs] [Times: user=0.01 sys=0.00, real=0.00 secs] 
1261.903: [GC (Allocation Failure) [PSYoungGen: 115552K->1440K(120832K)] 430168K->316080K(586752K), 0.0022482 secs] [Times: user=0.01 sys=0.00, real=0.00 secs] 
1263.186: [GC (Allocation Failure) [PSYoungGen: 120736K->1344K(125952K)] 435376K->315984K(591872K), 0.0031265 secs] [Times: user=0.01 sys=0.00, real=0.00 secs] 
1266.069: [GC (Allocation Failure) [PSYoungGen: 125760K->1408K(124416K)] 440400K->316056K(590336K), 0.0030802 secs] [Times: user=0.01 sys=0.00, real=0.00 secs] 
1267.935: [GC (Allocation Failure) [PSYoungGen: 124288K->1344K(122880K)] 438936K->315992K(588800K), 0.0028683 secs] [Times: user=0.01 sys=0.00, real=0.01 secs] 
1269.615: [GC (Allocation Failure) [PSYoungGen: 122688K->1440K(121856K)] 437336K->316088K(587776K), 0.0016690 secs] [Times: user=0.00 sys=0.00, real=0.01 secs] 
1270.797: [GC (Allocation Failure) [PSYoungGen: 121760K->1408K(120832K)] 436408K->316056K(586752K), 0.0018072 secs] [Times: user=0.01 sys=0.00, real=0.00 secs] 
1271.543: [GC (Allocation Failure) [PSYoungGen: 120704K->1376K(119808K)] 435352K->316024K(585728K), 0.0016821 secs] [Times: user=0.01 sys=0.00, real=0.00 secs] 
1273.615: [GC (Allocation Failure) [PSYoungGen: 119648K->1376K(118784K)] 434296K->316032K(584704K), 0.0034765 secs] [Times: user=0.01 sys=0.00, real=0.01 secs] 
1274.604: [GC (Allocation Failure) [PSYoungGen: 118624K->1376K(117760K)] 433280K->316032K(583680K), 0.0020953 secs] [Times: user=0.01 sys=0.00, real=0.01 secs] 
1276.463: [GC (Allocation Failure) [PSYoungGen: 117600K->1408K(116736K)] 432256K->316064K(582656K), 0.0017704 secs] [Times: user=0.01 sys=0.00, real=0.00 secs] 
1277.603: [GC (Allocation Failure) [PSYoungGen: 116608K->1376K(115712K)] 431264K->316040K(581632K), 0.0029546 secs] [Times: user=0.02 sys=0.00, real=0.01 secs] 
1279.585: [GC (Allocation Failure) [PSYoungGen: 115552K->1373K(114688K)] 430216K->316037K(580608K), 0.0015926 secs] [Times: user=0.00 sys=0.00, real=0.01 secs] 
1281.256: [GC (Allocation Failure) [PSYoungGen: 114525K->1376K(113664K)] 429189K->316056K(579584K), 0.0031773 secs] [Times: user=0.02 sys=0.00, real=0.01 secs] 
1282.185: [GC (Allocation Failure) [PSYoungGen: 113504K->1376K(112640K)] 428184K->316056K(578560K), 0.0027973 secs] [Times: user=0.01 sys=0.00, real=0.01 secs] 
1283.851: [GC (Allocation Failure) [PSYoungGen: 112480K->1424K(111616K)] 427160K->316104K(577536K), 0.0021874 secs] [Times: user=0.01 sys=0.00, real=0.00 secs] 
1285.049: [GC (Allocation Failure) [PSYoungGen: 111504K->1408K(110592K)] 426184K->316104K(576512K), 0.0031690 secs] [Times: user=0.01 sys=0.00, real=0.00 secs] 
1286.213: [GC (Allocation Failure) [PSYoungGen: 110464K->1408K(109568K)] 425160K->316104K(575488K), 0.0038659 secs] [Times: user=0.01 sys=0.00, real=0.01 secs] 
1287.501: [GC (Allocation Failure) [PSYoungGen: 109440K->1424K(108544K)] 424136K->316128K(574464K), 0.0021555 secs] [Times: user=0.01 sys=0.00, real=0.00 secs] 
1287.946: [GC (Allocation Failure) [PSYoungGen: 108432K->1408K(107520K)] 423136K->316112K(573440K), 0.0015680 secs] [Times: user=0.00 sys=0.00, real=0.01 secs] 
1289.808: [GC (Allocation Failure) [PSYoungGen: 107392K->1376K(106496K)] 422096K->316088K(572416K), 0.0041598 secs] [Times: user=0.02 sys=0.00, real=0.00 secs] 
1291.035: [GC (Allocation Failure) [PSYoungGen: 106336K->1408K(105472K)] 421048K->316120K(571392K), 0.0022614 secs] [Times: user=0.01 sys=0.00, real=0.01 secs] 
1292.226: [GC (Allocation Failure) [PSYoungGen: 105344K->1440K(104448K)] 420056K->316152K(570368K), 0.0039047 secs] [Times: user=0.02 sys=0.00, real=0.00 secs] 
1294.828: [GC (Allocation Failure) [PSYoungGen: 104352K->1440K(103424K)] 419064K->316152K(569344K), 0.0025505 secs] [Times: user=0.01 sys=0.00, real=0.00 secs] 
1296.082: [GC (Allocation Failure) [PSYoungGen: 103328K->1408K(102400K)] 418040K->316120K(568320K), 0.0030816 secs] [Times: user=0.01 sys=0.00, real=0.00 secs] 
1296.509: [GC (Allocation Failure) [PSYoungGen: 102272K->1408K(107008K)] 416984K->316120K(572928K), 0.0019177 secs] [Times: user=0.01 sys=0.00, real=0.00 secs] 
1299.286: [GC (Allocation Failure) [PSYoungGen: 106880K->1440K(105984K)] 421592K->316152K(571904K), 0.0041008 secs] [Times: user=0.02 sys=0.00, real=0.00 secs] 
1299.903: [GC (Allocation Failure) [PSYoungGen: 105888K->1408K(111104K)] 420600K->316120K(577024K), 0.0027392 secs] [Times: user=0.02 sys=0.00, real=0.01 secs] 
1301.227: [GC (Allocation Failure) [PSYoungGen: 110976K->1456K(110080K)] 425688K->316176K(576000K), 0.0023259 secs] [Times: user=0.01 sys=0.00, real=0.00 secs] 
1302.232: [GC (Allocation Failure) [PSYoungGen: 110000K->1408K(109056K)] 424720K->316128K(574976K), 0.0021028 secs] [Times: user=0.01 sys=0.00, real=0.00 secs] 
1303.176: [GC (Allocation Failure) [PSYoungGen: 108928K->1376K(108032K)] 423648K->316096K(573952K), 0.0023692 secs] [Times: user=0.00 sys=0.00, real=0.00 secs] 
1304.841: [GC (Allocation Failure) [PSYoungGen: 107872K->1408K(107008K)] 422592K->316128K(572928K), 0.0017209 secs] [Times: user=0.00 sys=0.00, real=0.00 secs] 
1305.495: [GC (Allocation Failure) [PSYoungGen: 106880K->1440K(112128K)] 421600K->316160K(578048K), 0.0037185 secs] [Times: user=0.01 sys=0.00, real=0.01 secs] 
1306.871: [GC (Allocation Failure) [PSYoungGen: 112032K->384K(110080K)] 426752K->316128K(576000K), 0.0025052 secs] [Times: user=0.01 sys=0.00, real=0.00 secs] 
1308.272: [GC (Allocation Failure) [PSYoungGen: 109952K->1472K(110592K)] 425696K->317216K(576512K), 0.0019399 secs] [Times: user=0.01 sys=0.01, real=0.00 secs] 
1308.723: [GC (Allocation Failure) [PSYoungGen: 110016K->1344K(115200K)] 425760K->317096K(581120K), 0.0019656 secs] [Times: user=0.01 sys=0.00, real=0.00 secs] 
1310.080: [GC (Allocation Failure) [PSYoungGen: 115008K->1376K(114176K)] 430760K->317136K(580096K), 0.0018584 secs] [Times: user=0.00 sys=0.00, real=0.00 secs] 
1310.989: [GC (Allocation Failure) [PSYoungGen: 114016K->1376K(113152K)] 429776K->317136K(579072K), 0.0025140 secs] [Times: user=0.01 sys=0.00, real=0.00 secs] 
1311.449: [GC (Allocation Failure) [PSYoungGen: 112992K->1344K(118784K)] 428752K->317104K(584704K), 0.0020431 secs] [Times: user=0.01 sys=0.00, real=0.00 secs] 
1313.030: [GC (Allocation Failure) [PSYoungGen: 118592K->1408K(117760K)] 434352K->317168K(583680K), 0.0019741 secs] [Times: user=0.01 sys=0.00, real=0.00 secs] 
1313.838: [GC (Allocation Failure) [PSYoungGen: 117632K->1376K(116736K)] 433392K->317136K(582656K), 0.0022283 secs] [Times: user=0.01 sys=0.00, real=0.00 secs] 
1315.668: [GC (Allocation Failure) [PSYoungGen: 116576K->1440K(115712K)] 432336K->317216K(581632K), 0.0016993 secs] [Times: user=0.01 sys=0.00, real=0.00 secs] 
1316.141: [GC (Allocation Failure) [PSYoungGen: 115616K->1376K(114688K)] 431392K->317152K(580608K), 0.0017739 secs] [Times: user=0.00 sys=0.00, real=0.00 secs] 
1316.611: [GC (Allocation Failure) [PSYoungGen: 114528K->1376K(120320K)] 430304K->317168K(586240K), 0.0019630 secs] [Times: user=0.01 sys=0.00, real=0.00 secs] 
1317.955: [GC (Allocation Failure) [PSYoungGen: 120160K->1376K(119296K)] 435952K->317168K(585216K), 0.0020853 secs] [Times: user=0.01 sys=0.00, real=0.01 secs] 
1318.499: [GC (Allocation Failure) [PSYoungGen: 119136K->1376K(125440K)] 434928K->317168K(591360K), 0.0030331 secs] [Times: user=0.01 sys=0.00, real=0.00 secs] 
1319.867: [GC (Allocation Failure) [PSYoungGen: 125280K->1440K(131584K)] 441072K->317232K(597504K), 0.0020036 secs] [Times: user=0.01 sys=0.00, real=0.00 secs] 
1320.519: [GC (Allocation Failure) [PSYoungGen: 131488K->1376K(138240K)] 447280K->317168K(604160K), 0.0029905 secs] [Times: user=0.02 sys=0.00, real=0.00 secs] 
1321.806: [GC (Allocation Failure) [PSYoungGen: 138080K->1408K(136704K)] 453872K->317200K(602624K), 0.0018827 secs] [Times: user=0.01 sys=0.00, real=0.00 secs] 
1322.504: [GC (Allocation Failure) [PSYoungGen: 136576K->1376K(143872K)] 452368K->317168K(609792K), 0.0031811 secs] [Times: user=0.02 sys=0.00, real=0.01 secs] 
1324.120: [GC (Allocation Failure) [PSYoungGen: 143712K->1408K(142336K)] 459504K->317200K(608256K), 0.0018882 secs] [Times: user=0.01 sys=0.00, real=0.00 secs] 
1325.779: [GC (Allocation Failure) [PSYoungGen: 142208K->352K(139776K)] 458000K->317168K(605696K), 0.0026929 secs] [Times: user=0.01 sys=0.00, real=0.00 secs] 
1328.902: [GC (Allocation Failure) [PSYoungGen: 139616K->1408K(139776K)] 456432K->318224K(605696K), 0.0021369 secs] [Times: user=0.01 sys=0.00, real=0.00 secs] 
1331.136: [GC (Allocation Failure) [PSYoungGen: 139136K->1376K(137728K)] 455952K->318192K(603648K), 0.0039151 secs] [Times: user=0.01 sys=0.00, real=0.00 secs] 
1333.872: [GC (Allocation Failure) [PSYoungGen: 137568K->1408K(136192K)] 454384K->318224K(602112K), 0.0021447 secs] [Times: user=0.01 sys=0.00, real=0.00 secs] 
1335.270: [GC (Allocation Failure) [PSYoungGen: 136064K->1392K(134656K)] 452880K->318208K(600576K), 0.0026283 secs] [Times: user=0.01 sys=0.00, real=0.00 secs] 
1337.472: [GC (Allocation Failure) [PSYoungGen: 134512K->1376K(133120K)] 451328K->318192K(599040K), 0.0017514 secs] [Times: user=0.01 sys=0.00, real=0.00 secs] 
1338.072: [GC (Allocation Failure) [PSYoungGen: 132960K->1376K(131584K)] 449776K->318192K(597504K), 0.0016759 secs] [Times: user=0.00 sys=0.00, real=0.00 secs] 
1339.421: [GC (Allocation Failure) [PSYoungGen: 131424K->1632K(130560K)] 448240K->318448K(596480K), 0.0018099 secs] [Times: user=0.01 sys=0.00, real=0.00 secs] 
1340.024: [GC (Allocation Failure) [PSYoungGen: 130144K->352K(127488K)] 446960K->318192K(593408K), 0.0017260 secs] [Times: user=0.01 sys=0.00, real=0.01 secs] 
1340.607: [GC (Allocation Failure) [PSYoungGen: 127328K->384K(127488K)] 445168K->318224K(593408K), 0.0017126 secs] [Times: user=0.00 sys=0.00, real=0.00 secs] 
1342.878: [GC (Allocation Failure) [PSYoungGen: 125824K->1440K(125440K)] 443664K->319280K(591360K), 0.0032228 secs] [Times: user=0.02 sys=0.00, real=0.00 secs] 
1344.250: [GC (Allocation Failure) [PSYoungGen: 125344K->1344K(123904K)] 443184K->319184K(589824K), 0.0034394 secs] [Times: user=0.02 sys=0.00, real=0.00 secs] 
1345.876: [GC (Allocation Failure) [PSYoungGen: 123712K->1376K(122880K)] 441552K->319224K(588800K), 0.0015413 secs] [Times: user=0.00 sys=0.00, real=0.00 secs] 
1346.440: [GC (Allocation Failure) [PSYoungGen: 122720K->1360K(121856K)] 440568K->319208K(587776K), 0.0018173 secs] [Times: user=0.00 sys=0.00, real=0.00 secs] 
1348.031: [GC (Allocation Failure) [PSYoungGen: 121680K->1440K(120832K)] 439528K->319288K(586752K), 0.0015077 secs] [Times: user=0.00 sys=0.00, real=0.00 secs] 
1348.658: [GC (Allocation Failure) [PSYoungGen: 120736K->1408K(119808K)] 438584K->319256K(585728K), 0.0019609 secs] [Times: user=0.01 sys=0.00, real=0.00 secs] 
1349.150: [GC (Allocation Failure) [PSYoungGen: 119680K->1376K(118784K)] 437528K->319240K(584704K), 0.0019588 secs] [Times: user=0.01 sys=0.00, real=0.00 secs] 
1352.262: [GC (Allocation Failure) [PSYoungGen: 118624K->1408K(117760K)] 436488K->319272K(583680K), 0.0036413 secs] [Times: user=0.01 sys=0.00, real=0.01 secs] 
1353.517: [GC (Allocation Failure) [PSYoungGen: 117632K->1376K(116736K)] 435496K->319240K(582656K), 0.0029597 secs] [Times: user=0.01 sys=0.00, real=0.00 secs] 
1355.391: [GC (Allocation Failure) [PSYoungGen: 116576K->1408K(115712K)] 434440K->319272K(581632K), 0.0018507 secs] [Times: user=0.00 sys=0.00, real=0.00 secs] 
1355.926: [GC (Allocation Failure) [PSYoungGen: 115584K->1408K(114688K)] 433448K->319272K(580608K), 0.0017850 secs] [Times: user=0.01 sys=0.01, real=0.01 secs] 
1356.923: [GC (Allocation Failure) [PSYoungGen: 114560K->1344K(113664K)] 432424K->319208K(579584K), 0.0030030 secs] [Times: user=0.01 sys=0.00, real=0.00 secs] 
1358.317: [GC (Allocation Failure) [PSYoungGen: 113472K->1408K(112640K)] 431336K->319272K(578560K), 0.0017839 secs] [Times: user=0.01 sys=0.00, real=0.00 secs] 
1359.118: [GC (Allocation Failure) [PSYoungGen: 112512K->1376K(111616K)] 430376K->319240K(577536K), 0.0033055 secs] [Times: user=0.01 sys=0.00, real=0.00 secs] 
1361.025: [GC (Allocation Failure) [PSYoungGen: 111456K->1408K(110592K)] 429320K->319272K(576512K), 0.0022335 secs] [Times: user=0.01 sys=0.00, real=0.01 secs] 
1362.172: [GC (Allocation Failure) [PSYoungGen: 110464K->1344K(109568K)] 428328K->319208K(575488K), 0.0028314 secs] [Times: user=0.02 sys=0.00, real=0.00 secs] 
1363.370: [GC (Allocation Failure) [PSYoungGen: 109376K->1376K(108544K)] 427240K->319240K(574464K), 0.0032166 secs] [Times: user=0.01 sys=0.00, real=0.00 secs] 
1365.231: [GC (Allocation Failure) [PSYoungGen: 108384K->1376K(107520K)] 426248K->319240K(573440K), 0.0028428 secs] [Times: user=0.01 sys=0.00, real=0.00 secs] 
1366.634: [GC (Allocation Failure) [PSYoungGen: 107360K->1376K(106496K)] 425224K->319240K(572416K), 0.0035486 secs] [Times: user=0.02 sys=0.00, real=0.01 secs] 
1369.028: [GC (Allocation Failure) [PSYoungGen: 106336K->1408K(105472K)] 424200K->319272K(571392K), 0.0017692 secs] [Times: user=0.01 sys=0.00, real=0.00 secs] 
1369.514: [GC (Allocation Failure) [PSYoungGen: 105344K->1376K(104448K)] 423208K->319240K(570368K), 0.0015536 secs] [Times: user=0.01 sys=0.00, real=0.00 secs] 
1369.996: [GC (Allocation Failure) [PSYoungGen: 104288K->1376K(103424K)] 422152K->319240K(569344K), 0.0018716 secs] [Times: user=0.01 sys=0.00, real=0.01 secs] 
1371.691: [GC (Allocation Failure) [PSYoungGen: 103264K->1408K(102400K)] 421128K->319272K(568320K), 0.0021121 secs] [Times: user=0.01 sys=0.00, real=0.00 secs] 
1372.657: [GC (Allocation Failure) [PSYoungGen: 102272K->1376K(101376K)] 420136K->319240K(567296K), 0.0024568 secs] [Times: user=0.01 sys=0.00, real=0.00 secs] 
1373.439: [GC (Allocation Failure) [PSYoungGen: 101216K->1376K(100352K)] 419080K->319240K(566272K), 0.0025302 secs] [Times: user=0.01 sys=0.00, real=0.00 secs] 
1375.292: [GC (Allocation Failure) [PSYoungGen: 100192K->1408K(99328K)] 418056K->319272K(565248K), 0.0041290 secs] [Times: user=0.01 sys=0.00, real=0.01 secs] 
1376.247: [GC (Allocation Failure) [PSYoungGen: 99200K->352K(97280K)] 417064K->319240K(563200K), 0.0032233 secs] [Times: user=0.02 sys=0.00, real=0.00 secs] 
1377.096: [GC (Allocation Failure) [PSYoungGen: 97120K->352K(98304K)] 416008K->319240K(564224K), 0.0024713 secs] [Times: user=0.01 sys=0.00, real=0.01 secs] 
1378.635: [GC (Allocation Failure) [PSYoungGen: 96608K->1408K(97280K)] 415496K->320296K(563200K), 0.0021075 secs] [Times: user=0.00 sys=0.00, real=0.01 secs] 
1379.477: [GC (Allocation Failure) [PSYoungGen: 97152K->1344K(96768K)] 416040K->320232K(562688K), 0.0032449 secs] [Times: user=0.01 sys=0.00, real=0.00 secs] 
1380.626: [GC (Allocation Failure) [PSYoungGen: 96576K->1376K(96256K)] 415464K->320272K(562176K), 0.0037061 secs] [Times: user=0.02 sys=0.00, real=0.00 secs] 
1382.000: [GC (Allocation Failure) [PSYoungGen: 96096K->1440K(95744K)] 414992K->320336K(561664K), 0.0018087 secs] [Times: user=0.01 sys=0.00, real=0.00 secs] 
1382.391: [GC (Allocation Failure) [PSYoungGen: 95648K->1344K(95232K)] 414544K->320240K(561152K), 0.0017973 secs] [Times: user=0.01 sys=0.00, real=0.00 secs] 
1382.780: [GC (Allocation Failure) [PSYoungGen: 95040K->1376K(100352K)] 413936K->320272K(566272K), 0.0019668 secs] [Times: user=0.01 sys=0.01, real=0.00 secs] 
1383.859: [GC (Allocation Failure) [PSYoungGen: 100192K->1376K(99328K)] 419088K->320272K(565248K), 0.0017289 secs] [Times: user=0.01 sys=0.00, real=0.00 secs] 
1384.397: [GC (Allocation Failure) [PSYoungGen: 99168K->1376K(98304K)] 418064K->320272K(564224K), 0.0020459 secs] [Times: user=0.01 sys=0.00, real=0.00 secs] 
1385.326: [GC (Allocation Failure) [PSYoungGen: 98144K->1392K(97792K)] 417040K->320288K(563712K), 0.0021964 secs] [Times: user=0.01 sys=0.00, real=0.00 secs] 
1387.617: [GC (Allocation Failure) [PSYoungGen: 97648K->1376K(97280K)] 416544K->320280K(563200K), 0.0027453 secs] [Times: user=0.01 sys=0.00, real=0.00 secs] 
1388.604: [GC (Allocation Failure) [PSYoungGen: 97120K->1344K(96768K)] 416024K->320248K(562688K), 0.0022978 secs] [Times: user=0.01 sys=0.00, real=0.01 secs] 
1389.749: [GC (Allocation Failure) [PSYoungGen: 96576K->1408K(96256K)] 415480K->320312K(562176K), 0.0039446 secs] [Times: user=0.01 sys=0.00, real=0.00 secs] 
1391.242: [GC (Allocation Failure) [PSYoungGen: 96128K->1392K(95744K)] 415032K->320296K(561664K), 0.0019766 secs] [Times: user=0.01 sys=0.00, real=0.00 secs] 
1391.634: [GC (Allocation Failure) [PSYoungGen: 95600K->1408K(95232K)] 414504K->320312K(561152K), 0.0019657 secs] [Times: user=0.00 sys=0.00, real=0.00 secs] 
1392.054: [GC (Allocation Failure) [PSYoungGen: 95104K->1376K(94720K)] 414008K->320280K(560640K), 0.0018096 secs] [Times: user=0.00 sys=0.00, real=0.00 secs] 
1393.253: [GC (Allocation Failure) [PSYoungGen: 94560K->1456K(94208K)] 413464K->320360K(560128K), 0.0018484 secs] [Times: user=0.01 sys=0.00, real=0.00 secs] 
1393.655: [GC (Allocation Failure) [PSYoungGen: 94128K->1408K(93696K)] 413032K->320312K(559616K), 0.0017067 secs] [Times: user=0.01 sys=0.00, real=0.01 secs] 
1394.078: [GC (Allocation Failure) [PSYoungGen: 93568K->1344K(98816K)] 412472K->320248K(564736K), 0.0019536 secs] [Times: user=0.00 sys=0.01, real=0.00 secs] 
1395.260: [GC (Allocation Failure) [PSYoungGen: 98624K->1408K(98304K)] 417528K->320320K(564224K), 0.0019260 secs] [Times: user=0.01 sys=0.00, real=0.00 secs] 
1395.700: [GC (Allocation Failure) [PSYoungGen: 98176K->1376K(97792K)] 417088K->320288K(563712K), 0.0018930 secs] [Times: user=0.01 sys=0.00, real=0.00 secs] 
1396.099: [GC (Allocation Failure) [PSYoungGen: 97632K->1376K(103424K)] 416544K->320288K(569344K), 0.0018950 secs] [Times: user=0.01 sys=0.00, real=0.00 secs] 
1397.284: [GC (Allocation Failure) [PSYoungGen: 103264K->1408K(102400K)] 422176K->320320K(568320K), 0.0019134 secs] [Times: user=0.00 sys=0.00, real=0.01 secs] 
1397.709: [GC (Allocation Failure) [PSYoungGen: 102272K->1376K(108032K)] 421184K->320288K(573952K), 0.0018175 secs] [Times: user=0.01 sys=0.00, real=0.00 secs] 
1398.990: [GC (Allocation Failure) [PSYoungGen: 107872K->1408K(107008K)] 426784K->320320K(572928K), 0.0021059 secs] [Times: user=0.01 sys=0.00, real=0.00 secs] 
1399.428: [GC (Allocation Failure) [PSYoungGen: 106880K->1376K(105984K)] 425792K->320288K(571904K), 0.0019108 secs] [Times: user=0.01 sys=0.00, real=0.00 secs] 
1400.086: [GC (Allocation Failure) [PSYoungGen: 105824K->1344K(104960K)] 424736K->320256K(570880K), 0.0021253 secs] [Times: user=0.00 sys=0.01, real=0.00 secs] 
1401.978: [GC (Allocation Failure) [PSYoungGen: 104768K->1376K(103936K)] 423680K->320288K(569856K), 0.0017586 secs] [Times: user=0.00 sys=0.00, real=0.00 secs] 
1403.545: [GC (Allocation Failure) [PSYoungGen: 103776K->1312K(102912K)] 422688K->320240K(568832K), 0.0032037 secs] [Times: user=0.01 sys=0.00, real=0.01 secs] 
1404.585: [GC (Allocation Failure) [PSYoungGen: 102688K->320K(100864K)] 421616K->320272K(566784K), 0.0025131 secs] [Times: user=0.01 sys=0.00, real=0.01 secs] 
1406.248: [GC (Allocation Failure) [PSYoungGen: 100672K->1408K(101376K)] 420624K->321360K(567296K), 0.0032969 secs] [Times: user=0.01 sys=0.00, real=0.00 secs] 
1407.168: [GC (Allocation Failure) [PSYoungGen: 100736K->1344K(99840K)] 420688K->321296K(565760K), 0.0028391 secs] [Times: user=0.01 sys=0.00, real=0.00 secs] 
1407.822: [GC (Allocation Failure) [PSYoungGen: 99648K->1408K(98816K)] 419600K->321360K(564736K), 0.0029196 secs] [Times: user=0.01 sys=0.00, real=0.00 secs] 
1409.303: [GC (Allocation Failure) [PSYoungGen: 98688K->1440K(98304K)] 418640K->321392K(564224K), 0.0032120 secs] [Times: user=0.01 sys=0.00, real=0.01 secs] 
1409.706: [GC (Allocation Failure) [PSYoungGen: 98208K->1376K(103936K)] 418160K->321336K(569856K), 0.0025058 secs] [Times: user=0.01 sys=0.00, real=0.01 secs] 
1411.333: [GC (Allocation Failure) [PSYoungGen: 103776K->1440K(102912K)] 423736K->321400K(568832K), 0.0016064 secs] [Times: user=0.01 sys=0.00, real=0.00 secs] 
1412.744: [GC (Allocation Failure) [PSYoungGen: 102816K->1344K(101888K)] 422776K->321304K(567808K), 0.0032150 secs] [Times: user=0.01 sys=0.00, real=0.01 secs] 
1413.535: [GC (Allocation Failure) [PSYoungGen: 101696K->1376K(100864K)] 421656K->321336K(566784K), 0.0019764 secs] [Times: user=0.00 sys=0.00, real=0.01 secs] 
1414.838: [GC (Allocation Failure) [PSYoungGen: 100704K->1440K(99840K)] 420664K->321400K(565760K), 0.0017656 secs] [Times: user=0.01 sys=0.00, real=0.00 secs] 
1415.936: [GC (Allocation Failure) [PSYoungGen: 99744K->1408K(98816K)] 419704K->321368K(564736K), 0.0029848 secs] [Times: user=0.02 sys=0.00, real=0.01 secs] 
1416.901: [GC (Allocation Failure) [PSYoungGen: 98688K->1344K(98304K)] 418648K->321304K(564224K), 0.0022839 secs] [Times: user=0.01 sys=0.00, real=0.00 secs] 
1418.844: [GC (Allocation Failure) [PSYoungGen: 98112K->1456K(97792K)] 418072K->321416K(563712K), 0.0016937 secs] [Times: user=0.01 sys=0.00, real=0.00 secs] 
1419.306: [GC (Allocation Failure) [PSYoungGen: 97712K->1392K(97280K)] 417672K->321360K(563200K), 0.0036677 secs] [Times: user=0.02 sys=0.00, real=0.01 secs] 
1420.025: [GC (Allocation Failure) [PSYoungGen: 97136K->1376K(102912K)] 417104K->321344K(568832K), 0.0028159 secs] [Times: user=0.01 sys=0.00, real=0.01 secs] 
1421.674: [GC (Allocation Failure) [PSYoungGen: 102752K->1408K(101888K)] 422720K->321376K(567808K), 0.0021426 secs] [Times: user=0.01 sys=0.00, real=0.01 secs] 
1422.613: [GC (Allocation Failure) [PSYoungGen: 101760K->1344K(100864K)] 421728K->321312K(566784K), 0.0026377 secs] [Times: user=0.01 sys=0.00, real=0.01 secs] 
1423.897: [GC (Allocation Failure) [PSYoungGen: 100672K->1344K(99840K)] 420640K->321312K(565760K), 0.0033153 secs] [Times: user=0.01 sys=0.00, real=0.00 secs] 
1425.453: [GC (Allocation Failure) [PSYoungGen: 99648K->1408K(98816K)] 419616K->321376K(564736K), 0.0018153 secs] [Times: user=0.01 sys=0.00, real=0.00 secs] 
1425.906: [GC (Allocation Failure) [PSYoungGen: 98688K->1408K(98304K)] 418656K->321384K(564224K), 0.0022296 secs] [Times: user=0.01 sys=0.00, real=0.00 secs] 
1426.308: [GC (Allocation Failure) [PSYoungGen: 98176K->1376K(97792K)] 418152K->321352K(563712K), 0.0019528 secs] [Times: user=0.01 sys=0.00, real=0.00 secs] 
1427.420: [GC (Allocation Failure) [PSYoungGen: 97632K->1408K(97280K)] 417608K->321400K(563200K), 0.0018932 secs] [Times: user=0.01 sys=0.00, real=0.00 secs] 
1427.818: [GC (Allocation Failure) [PSYoungGen: 97152K->384K(95744K)] 417144K->321400K(561664K), 0.0017522 secs] [Times: user=0.00 sys=0.00, real=0.00 secs] 
1428.344: [GC (Allocation Failure) [PSYoungGen: 95616K->352K(96768K)] 416632K->321368K(562688K), 0.0018560 secs] [Times: user=0.01 sys=0.01, real=0.00 secs] 
1430.391: [GC (Allocation Failure) [PSYoungGen: 95072K->1408K(95744K)] 416088K->322424K(561664K), 0.0023257 secs] [Times: user=0.01 sys=0.00, real=0.00 secs] 
1431.434: [GC (Allocation Failure) [PSYoungGen: 95616K->1376K(95232K)] 416632K->322392K(561152K), 0.0034244 secs] [Times: user=0.01 sys=0.00, real=0.01 secs] 
1432.460: [GC (Allocation Failure) [PSYoungGen: 95072K->1360K(94720K)] 416088K->322376K(560640K), 0.0038074 secs] [Times: user=0.01 sys=0.00, real=0.00 secs] 
1434.260: [GC (Allocation Failure) [PSYoungGen: 94544K->1376K(94208K)] 415560K->322392K(560128K), 0.0021111 secs] [Times: user=0.00 sys=0.00, real=0.00 secs] 
1434.978: [GC (Allocation Failure) [PSYoungGen: 94048K->1376K(93696K)] 415064K->322392K(559616K), 0.0021960 secs] [Times: user=0.01 sys=0.00, real=0.00 secs] 
1435.360: [GC (Allocation Failure) [PSYoungGen: 93536K->1408K(93184K)] 414552K->322424K(559104K), 0.0022543 secs] [Times: user=0.01 sys=0.00, real=0.00 secs] 
1436.908: [GC (Allocation Failure) [PSYoungGen: 93056K->1408K(92672K)] 414072K->322432K(558592K), 0.0030419 secs] [Times: user=0.01 sys=0.00, real=0.00 secs] 
1437.999: [GC (Allocation Failure) [PSYoungGen: 92544K->1344K(92160K)] 413568K->322368K(558080K), 0.0042086 secs] [Times: user=0.02 sys=0.00, real=0.00 secs] 
1439.229: [GC (Allocation Failure) [PSYoungGen: 91968K->1376K(91648K)] 412992K->322400K(557568K), 0.0030176 secs] [Times: user=0.02 sys=0.00, real=0.00 secs] 
1441.880: [GC (Allocation Failure) [PSYoungGen: 91488K->1376K(91136K)] 412512K->322400K(557056K), 0.0038997 secs] [Times: user=0.01 sys=0.00, real=0.00 secs] 
1442.651: [GC (Allocation Failure) [PSYoungGen: 90976K->1376K(90624K)] 412000K->322400K(556544K), 0.0027378 secs] [Times: user=0.01 sys=0.00, real=0.00 secs] 
1443.128: [GC (Allocation Failure) [PSYoungGen: 90464K->1376K(90112K)] 411488K->322400K(556032K), 0.0020914 secs] [Times: user=0.01 sys=0.00, real=0.00 secs] 
1444.297: [GC (Allocation Failure) [PSYoungGen: 89952K->1376K(89600K)] 410976K->322416K(555520K), 0.0023278 secs] [Times: user=0.01 sys=0.00, real=0.00 secs] 
1444.684: [GC (Allocation Failure) [PSYoungGen: 89440K->1376K(89088K)] 410480K->322416K(555008K), 0.0020361 secs] [Times: user=0.00 sys=0.00, real=0.01 secs] 
1445.103: [GC (Allocation Failure) [PSYoungGen: 88928K->1376K(94208K)] 409968K->322416K(560128K), 0.0020203 secs] [Times: user=0.01 sys=0.00, real=0.00 secs] 
1446.576: [GC (Allocation Failure) [PSYoungGen: 94048K->1440K(93696K)] 415088K->322480K(559616K), 0.0022915 secs] [Times: user=0.01 sys=0.00, real=0.00 secs] 
1446.965: [GC (Allocation Failure) [PSYoungGen: 93600K->1376K(98816K)] 414640K->322424K(564736K), 0.0020046 secs] [Times: user=0.01 sys=0.00, real=0.01 secs] 
1447.681: [GC (Allocation Failure) [PSYoungGen: 98656K->1408K(104448K)] 419704K->322456K(570368K), 0.0034463 secs] [Times: user=0.01 sys=0.00, real=0.00 secs] 
1449.161: [GC (Allocation Failure) [PSYoungGen: 104320K->1408K(103424K)] 425368K->322456K(569344K), 0.0016696 secs] [Times: user=0.01 sys=0.00, real=0.00 secs] 
1449.680: [GC (Allocation Failure) [PSYoungGen: 103296K->1360K(102400K)] 424344K->322408K(568320K), 0.0018367 secs] [Times: user=0.01 sys=0.00, real=0.00 secs] 
1450.583: [GC (Allocation Failure) [PSYoungGen: 102224K->1376K(101376K)] 423272K->322424K(567296K), 0.0018158 secs] [Times: user=0.01 sys=0.00, real=0.00 secs] 
1451.919: [GC (Allocation Failure) [PSYoungGen: 101216K->1408K(100352K)] 422264K->322456K(566272K), 0.0018473 secs] [Times: user=0.00 sys=0.00, real=0.00 secs] 
1452.392: [GC (Allocation Failure) [PSYoungGen: 100224K->1392K(99328K)] 421272K->322440K(565248K), 0.0018072 secs] [Times: user=0.00 sys=0.00, real=0.00 secs] 
1452.904: [GC (Allocation Failure) [PSYoungGen: 99184K->1376K(98304K)] 420232K->322424K(564224K), 0.0027179 secs] [Times: user=0.01 sys=0.00, real=0.01 secs] 
1455.095: [GC (Allocation Failure) [PSYoungGen: 98144K->1392K(97792K)] 419192K->322464K(563712K), 0.0018400 secs] [Times: user=0.00 sys=0.00, real=0.01 secs] 
1455.927: [GC (Allocation Failure) [PSYoungGen: 97648K->1344K(97280K)] 418720K->322416K(563200K), 0.0022973 secs] [Times: user=0.01 sys=0.00, real=0.00 secs] 
1456.953: [GC (Allocation Failure) [PSYoungGen: 97088K->384K(95744K)] 418160K->322480K(561664K), 0.0026370 secs] [Times: user=0.01 sys=0.00, real=0.01 secs] 
1458.404: [GC (Allocation Failure) [PSYoungGen: 95616K->1408K(96768K)] 417712K->323504K(562688K), 0.0018950 secs] [Times: user=0.01 sys=0.00, real=0.00 secs] 
1458.893: [GC (Allocation Failure) [PSYoungGen: 96128K->1376K(95744K)] 418224K->323472K(561664K), 0.0018597 secs] [Times: user=0.01 sys=0.00, real=0.00 secs] 
1459.997: [GC (Allocation Failure) [PSYoungGen: 95584K->1376K(95232K)] 417680K->323472K(561152K), 0.0030771 secs] [Times: user=0.01 sys=0.00, real=0.00 secs] 
1461.450: [GC (Allocation Failure) [PSYoungGen: 95072K->1440K(94720K)] 417168K->323552K(560640K), 0.0018457 secs] [Times: user=0.01 sys=0.00, real=0.00 secs] 
1461.929: [GC (Allocation Failure) [PSYoungGen: 94624K->1328K(94208K)] 416736K->323440K(560128K), 0.0023959 secs] [Times: user=0.00 sys=0.00, real=0.00 secs] 
1462.350: [GC (Allocation Failure) [PSYoungGen: 94000K->1376K(93696K)] 416112K->323496K(559616K), 0.0019438 secs] [Times: user=0.01 sys=0.00, real=0.00 secs] 
1463.727: [GC (Allocation Failure) [PSYoungGen: 93536K->1408K(93184K)] 415656K->323552K(559104K), 0.0021659 secs] [Times: user=0.01 sys=0.01, real=0.00 secs] 
1464.504: [GC (Allocation Failure) [PSYoungGen: 93056K->1344K(92672K)] 415200K->323488K(558592K), 0.0025275 secs] [Times: user=0.01 sys=0.00, real=0.01 secs] 
1464.992: [GC (Allocation Failure) [PSYoungGen: 92480K->1360K(92160K)] 414624K->323504K(558080K), 0.0019945 secs] [Times: user=0.01 sys=0.00, real=0.00 secs] 
1466.232: [GC (Allocation Failure) [PSYoungGen: 91984K->1408K(91648K)] 414128K->323568K(557568K), 0.0024319 secs] [Times: user=0.01 sys=0.00, real=0.00 secs] 
1466.964: [GC (Allocation Failure) [PSYoungGen: 91520K->1360K(91136K)] 413680K->323520K(557056K), 0.0020784 secs] [Times: user=0.01 sys=0.00, real=0.01 secs] 
1468.052: [GC (Allocation Failure) [PSYoungGen: 90960K->1312K(90624K)] 413120K->323472K(556544K), 0.0032601 secs] [Times: user=0.01 sys=0.00, real=0.00 secs] 
1470.220: [GC (Allocation Failure) [PSYoungGen: 90400K->1408K(90112K)] 412560K->323576K(556032K), 0.0040988 secs] [Times: user=0.01 sys=0.00, real=0.00 secs] 
1471.181: [GC (Allocation Failure) [PSYoungGen: 89984K->1344K(89600K)] 412152K->323512K(555520K), 0.0027099 secs] [Times: user=0.01 sys=0.00, real=0.00 secs] 
1471.566: [GC (Allocation Failure) [PSYoungGen: 89408K->1344K(89088K)] 411576K->323512K(555008K), 0.0021246 secs] [Times: user=0.01 sys=0.00, real=0.01 secs] 
1472.695: [GC (Allocation Failure) [PSYoungGen: 88896K->1376K(88576K)] 411064K->323544K(554496K), 0.0017572 secs] [Times: user=0.01 sys=0.00, real=0.01 secs] 
1473.075: [GC (Allocation Failure) [PSYoungGen: 88416K->1360K(88064K)] 410584K->323528K(553984K), 0.0018777 secs] [Times: user=0.00 sys=0.00, real=0.01 secs] 
1473.831: [GC (Allocation Failure) [PSYoungGen: 87888K->320K(86528K)] 410056K->323512K(552448K), 0.0020422 secs] [Times: user=0.00 sys=0.00, real=0.00 secs] 
1475.159: [GC (Allocation Failure) [PSYoungGen: 86336K->1373K(87552K)] 409528K->324581K(553472K), 0.0015378 secs] [Times: user=0.01 sys=0.00, real=0.00 secs] 
1476.166: [GC (Allocation Failure) [PSYoungGen: 86877K->1376K(86528K)] 410085K->324584K(552448K), 0.0034715 secs] [Times: user=0.01 sys=0.00, real=0.01 secs] 
1477.375: [GC (Allocation Failure) [PSYoungGen: 86368K->1344K(86016K)] 409576K->324552K(551936K), 0.0039786 secs] [Times: user=0.01 sys=0.00, real=0.01 secs] 
1478.268: [GC (Allocation Failure) [PSYoungGen: 85824K->1344K(85504K)] 409032K->324552K(551424K), 0.0022088 secs] [Times: user=0.01 sys=0.00, real=0.00 secs] 
1479.862: [GC (Allocation Failure) [PSYoungGen: 85312K->1440K(84992K)] 408520K->324648K(550912K), 0.0020813 secs] [Times: user=0.01 sys=0.00, real=0.00 secs] 
1480.504: [GC (Allocation Failure) [PSYoungGen: 84896K->1376K(84480K)] 408104K->324584K(550400K), 0.0022353 secs] [Times: user=0.01 sys=0.00, real=0.01 secs] 
1481.124: [GC (Allocation Failure) [PSYoungGen: 84320K->1376K(83968K)] 407528K->324584K(549888K), 0.0030306 secs] [Times: user=0.02 sys=0.00, real=0.01 secs] 
1482.852: [GC (Allocation Failure) [PSYoungGen: 83808K->1376K(83456K)] 407016K->324584K(549376K), 0.0037968 secs] [Times: user=0.01 sys=0.00, real=0.01 secs] 
1483.678: [GC (Allocation Failure) [PSYoungGen: 83296K->1376K(82944K)] 406504K->324584K(548864K), 0.0028950 secs] [Times: user=0.01 sys=0.01, real=0.00 secs] 
1484.633: [GC (Allocation Failure) [PSYoungGen: 82784K->1408K(82432K)] 405992K->324616K(548352K), 0.0038741 secs] [Times: user=0.02 sys=0.00, real=0.01 secs] 
1485.540: [GC (Allocation Failure) [PSYoungGen: 82304K->1376K(81920K)] 405512K->324600K(547840K), 0.0034273 secs] [Times: user=0.01 sys=0.00, real=0.00 secs] 
1486.807: [GC (Allocation Failure) [PSYoungGen: 81760K->1408K(81408K)] 404984K->324632K(547328K), 0.0018153 secs] [Times: user=0.01 sys=0.00, real=0.00 secs] 
1487.262: [GC (Allocation Failure) [PSYoungGen: 81280K->1408K(80896K)] 404504K->324632K(546816K), 0.0018700 secs] [Times: user=0.01 sys=0.00, real=0.00 secs] 
1487.631: [GC (Allocation Failure) [PSYoungGen: 80768K->1408K(80384K)] 403992K->324632K(546304K), 0.0017706 secs] [Times: user=0.00 sys=0.00, real=0.00 secs] 
1488.714: [GC (Allocation Failure) [PSYoungGen: 80256K->1408K(79872K)] 403480K->324632K(545792K), 0.0018586 secs] [Times: user=0.01 sys=0.00, real=0.00 secs] 
1489.045: [GC (Allocation Failure) [PSYoungGen: 79744K->1376K(79360K)] 402968K->324600K(545280K), 0.0017177 secs] [Times: user=0.01 sys=0.00, real=0.01 secs] 
1489.717: [GC (Allocation Failure) [PSYoungGen: 79200K->1312K(84480K)] 402424K->324536K(550400K), 0.0042290 secs] [Times: user=0.02 sys=0.00, real=0.00 secs] 
1490.379: [GC (Allocation Failure) [PSYoungGen: 84256K->1392K(90112K)] 407480K->324616K(556032K), 0.0030516 secs] [Times: user=0.01 sys=0.00, real=0.00 secs] 
1491.923: [GC (Allocation Failure) [PSYoungGen: 89968K->1424K(89600K)] 413192K->324648K(555520K), 0.0022058 secs] [Times: user=0.01 sys=0.00, real=0.00 secs] 
1492.512: [GC (Allocation Failure) [PSYoungGen: 89488K->1344K(89088K)] 412712K->324568K(555008K), 0.0021549 secs] [Times: user=0.01 sys=0.00, real=0.00 secs] 
1492.876: [GC (Allocation Failure) [PSYoungGen: 88896K->1376K(94720K)] 412120K->324600K(560640K), 0.0020300 secs] [Times: user=0.01 sys=0.00, real=0.00 secs] 
1493.917: [GC (Allocation Failure) [PSYoungGen: 94560K->1376K(94208K)] 417784K->324624K(560128K), 0.0014983 secs] [Times: user=0.01 sys=0.00, real=0.00 secs] 
1494.313: [GC (Allocation Failure) [PSYoungGen: 94048K->1360K(93696K)] 417296K->324608K(559616K), 0.0022644 secs] [Times: user=0.01 sys=0.00, real=0.00 secs] 
1494.697: [GC (Allocation Failure) [PSYoungGen: 93520K->352K(98816K)] 416768K->324624K(564736K), 0.0022297 secs] [Times: user=0.01 sys=0.00, real=0.00 secs] 
1496.267: [GC (Allocation Failure) [PSYoungGen: 98656K->1408K(99328K)] 422928K->325680K(565248K), 0.0020652 secs] [Times: user=0.01 sys=0.00, real=0.00 secs] 
1496.716: [GC (Allocation Failure) [PSYoungGen: 98688K->1344K(104960K)] 422960K->325616K(570880K), 0.0023062 secs] [Times: user=0.01 sys=0.00, real=0.01 secs] 
1497.186: [GC (Allocation Failure) [PSYoungGen: 104768K->1376K(111616K)] 429040K->325656K(577536K), 0.0021230 secs] [Times: user=0.01 sys=0.00, real=0.00 secs] 
1499.617: [GC (Allocation Failure) [PSYoungGen: 111456K->1376K(110592K)] 435736K->325656K(576512K), 0.0026057 secs] [Times: user=0.01 sys=0.00, real=0.00 secs] 
1500.302: [GC (Allocation Failure) [PSYoungGen: 110432K->1392K(109568K)] 434712K->325672K(575488K), 0.0021110 secs] [Times: user=0.01 sys=0.00, real=0.00 secs] 
1503.259: [GC (Allocation Failure) [PSYoungGen: 109424K->1376K(108544K)] 433704K->325656K(574464K), 0.0038906 secs] [Times: user=0.02 sys=0.00, real=0.00 secs] 
1504.608: [GC (Allocation Failure) [PSYoungGen: 108384K->1312K(107520K)] 432664K->325592K(573440K), 0.0022512 secs] [Times: user=0.01 sys=0.00, real=0.00 secs] 
1505.723: [GC (Allocation Failure) [PSYoungGen: 107296K->1328K(106496K)] 431576K->325608K(572416K), 0.0022152 secs] [Times: user=0.01 sys=0.00, real=0.00 secs] 
1508.111: [GC (Allocation Failure) [PSYoungGen: 106288K->1360K(105472K)] 430568K->325640K(571392K), 0.0018397 secs] [Times: user=0.01 sys=0.00, real=0.00 secs] 
1509.024: [GC (Allocation Failure) [PSYoungGen: 105296K->1344K(104448K)] 429576K->325640K(570368K), 0.0019609 secs] [Times: user=0.01 sys=0.00, real=0.01 secs] 
1509.797: [GC (Allocation Failure) [PSYoungGen: 104256K->1344K(103424K)] 428552K->325640K(569344K), 0.0021702 secs] [Times: user=0.01 sys=0.00, real=0.00 secs] 
1511.023: [GC (Allocation Failure) [PSYoungGen: 103232K->1408K(102400K)] 427528K->325704K(568320K), 0.0015884 secs] [Times: user=0.01 sys=0.00, real=0.00 secs] 
1511.718: [GC (Allocation Failure) [PSYoungGen: 102272K->1376K(101376K)] 426568K->325672K(567296K), 0.0020755 secs] [Times: user=0.01 sys=0.00, real=0.00 secs] 
1512.609: [GC (Allocation Failure) [PSYoungGen: 101216K->1344K(100352K)] 425512K->325640K(566272K), 0.0019122 secs] [Times: user=0.01 sys=0.00, real=0.00 secs] 
1513.826: [GC (Allocation Failure) [PSYoungGen: 100160K->1408K(99328K)] 424456K->325704K(565248K), 0.0019997 secs] [Times: user=0.01 sys=0.00, real=0.00 secs] 
1514.319: [GC (Allocation Failure) [PSYoungGen: 99200K->384K(97280K)] 423496K->325704K(563200K), 0.0019968 secs] [Times: user=0.01 sys=0.00, real=0.00 secs] 
1515.684: [GC (Allocation Failure) [PSYoungGen: 97152K->1888K(98304K)] 422472K->327208K(564224K), 0.0017562 secs] [Times: user=0.01 sys=0.00, real=0.00 secs] 
1517.239: [GC (Allocation Failure) [PSYoungGen: 98144K->1344K(97280K)] 423464K->326664K(563200K), 0.0035983 secs] [Times: user=0.01 sys=0.00, real=0.00 secs] 
1519.160: [GC (Allocation Failure) [PSYoungGen: 97088K->1312K(96768K)] 422408K->326632K(562688K), 0.0043242 secs] [Times: user=0.02 sys=0.00, real=0.00 secs] 
1520.819: [GC (Allocation Failure) [PSYoungGen: 96544K->1440K(96256K)] 421864K->326760K(562176K), 0.0017260 secs] [Times: user=0.01 sys=0.00, real=0.00 secs] 
1521.287: [GC (Allocation Failure) [PSYoungGen: 96160K->1376K(95744K)] 421480K->326696K(561664K), 0.0018995 secs] [Times: user=0.01 sys=0.00, real=0.00 secs] 
1521.729: [GC (Allocation Failure) [PSYoungGen: 95584K->1376K(95232K)] 420904K->326696K(561152K), 0.0016541 secs] [Times: user=0.01 sys=0.00, real=0.00 secs] 
1523.289: [GC (Allocation Failure) [PSYoungGen: 95072K->1408K(94720K)] 420392K->326728K(560640K), 0.0040883 secs] [Times: user=0.02 sys=0.00, real=0.00 secs] 
1524.235: [GC (Allocation Failure) [PSYoungGen: 94592K->1376K(94208K)] 419912K->326704K(560128K), 0.0031714 secs] [Times: user=0.01 sys=0.00, real=0.01 secs] 
1525.286: [GC (Allocation Failure) [PSYoungGen: 94048K->1344K(93696K)] 419376K->326672K(559616K), 0.0026402 secs] [Times: user=0.01 sys=0.00, real=0.00 secs] 
1526.995: [GC (Allocation Failure) [PSYoungGen: 93504K->864K(92672K)] 418832K->327216K(558592K), 0.0019094 secs] [Times: user=0.01 sys=0.00, real=0.01 secs] 
1527.485: [GC (Allocation Failure) [PSYoungGen: 92512K->336K(91648K)] 418864K->326688K(557568K), 0.0020847 secs] [Times: user=0.01 sys=0.00, real=0.01 secs] 
1527.864: [GC (Allocation Failure) [PSYoungGen: 91472K->384K(91136K)] 417824K->326744K(557056K), 0.0020347 secs] [Times: user=0.01 sys=0.00, real=0.01 secs] 
1528.379: [GC (Allocation Failure) [PSYoungGen: 90997K->224K(92160K)] 417357K->326584K(558080K), 0.0020602 secs] [Times: user=0.01 sys=0.00, real=0.00 secs] 
1529.706: [GC (Allocation Failure) [PSYoungGen: 90336K->1376K(91136K)] 416696K->327736K(557056K), 0.0017884 secs] [Times: user=0.00 sys=0.00, real=0.01 secs] 
1530.081: [GC (Allocation Failure) [PSYoungGen: 90976K->1360K(90624K)] 417336K->327720K(556544K), 0.0026663 secs] [Times: user=0.01 sys=0.00, real=0.00 secs] 
1530.660: [GC (Allocation Failure) [PSYoungGen: 90448K->1376K(90112K)] 416808K->327736K(556032K), 0.0019357 secs] [Times: user=0.00 sys=0.00, real=0.00 secs] 
1532.287: [GC (Allocation Failure) [PSYoungGen: 89952K->1376K(89600K)] 416312K->327744K(555520K), 0.0032467 secs] [Times: user=0.02 sys=0.00, real=0.00 secs] 
1533.088: [GC (Allocation Failure) [PSYoungGen: 89440K->1344K(89088K)] 415808K->327712K(555008K), 0.0029417 secs] [Times: user=0.01 sys=0.00, real=0.00 secs] 
1533.919: [GC (Allocation Failure) [PSYoungGen: 88896K->1376K(88576K)] 415264K->327744K(554496K), 0.0028257 secs] [Times: user=0.02 sys=0.00, real=0.00 secs] 
1535.586: [GC (Allocation Failure) [PSYoungGen: 88416K->1408K(88064K)] 414784K->327792K(553984K), 0.0019523 secs] [Times: user=0.01 sys=0.00, real=0.00 secs] 
1536.373: [GC (Allocation Failure) [PSYoungGen: 87936K->1344K(87552K)] 414320K->327728K(553472K), 0.0023054 secs] [Times: user=0.01 sys=0.00, real=0.00 secs] 
1537.063: [GC (Allocation Failure) [PSYoungGen: 87360K->1376K(87040K)] 413744K->327760K(552960K), 0.0019607 secs] [Times: user=0.01 sys=0.00, real=0.00 secs] 
1538.110: [GC (Allocation Failure) [PSYoungGen: 86880K->1440K(86528K)] 413264K->327824K(552448K), 0.0018286 secs] [Times: user=0.01 sys=0.00, real=0.00 secs] 
1538.521: [GC (Allocation Failure) [PSYoungGen: 86432K->1376K(86016K)] 412816K->327760K(551936K), 0.0019248 secs] [Times: user=0.01 sys=0.00, real=0.00 secs] 
1538.882: [GC (Allocation Failure) [PSYoungGen: 85856K->1376K(85504K)] 412240K->327768K(551424K), 0.0019794 secs] [Times: user=0.00 sys=0.00, real=0.00 secs] 
1539.968: [GC (Allocation Failure) [PSYoungGen: 85344K->128K(83968K)] 411736K->326520K(549888K), 0.0015069 secs] [Times: user=0.01 sys=0.00, real=0.00 secs] 
1541.271: [GC (Allocation Failure) [PSYoungGen: 83584K->1376K(84992K)] 409976K->327768K(550912K), 0.0027596 secs] [Times: user=0.01 sys=0.00, real=0.00 secs] 
1541.953: [GC (Allocation Failure) [PSYoungGen: 84320K->1376K(83968K)] 410712K->327768K(549888K), 0.0025428 secs] [Times: user=0.01 sys=0.00, real=0.00 secs] 
1542.635: [GC (Allocation Failure) [PSYoungGen: 83808K->1360K(83456K)] 410200K->327752K(549376K), 0.0031079 secs] [Times: user=0.01 sys=0.00, real=0.01 secs] 
1544.100: [GC (Allocation Failure) [PSYoungGen: 83280K->1408K(82944K)] 409672K->327800K(548864K), 0.0022547 secs] [Times: user=0.01 sys=0.00, real=0.00 secs] 
1544.990: [GC (Allocation Failure) [PSYoungGen: 82816K->1376K(82432K)] 409208K->327768K(548352K), 0.0025224 secs] [Times: user=0.01 sys=0.00, real=0.00 secs] 
1546.053: [GC (Allocation Failure) [PSYoungGen: 82272K->1376K(81920K)] 408664K->327776K(547840K), 0.0044173 secs] [Times: user=0.02 sys=0.00, real=0.01 secs] 
1548.126: [GC (Allocation Failure) [PSYoungGen: 81760K->1888K(81920K)] 408160K->328288K(547840K), 0.0019480 secs] [Times: user=0.00 sys=0.00, real=0.00 secs] 
1548.894: [GC (Allocation Failure) [PSYoungGen: 81760K->352K(79872K)] 408160K->327776K(545792K), 0.0018701 secs] [Times: user=0.01 sys=0.00, real=0.01 secs] 
1549.669: [GC (Allocation Failure) [PSYoungGen: 79712K->320K(81408K)] 407136K->327744K(547328K), 0.0019595 secs] [Times: user=0.01 sys=0.00, real=0.00 secs] 
1550.315: [GC (Allocation Failure) [PSYoungGen: 79168K->384K(78848K)] 406592K->327808K(544768K), 0.0021446 secs] [Times: user=0.01 sys=0.00, real=0.01 secs] 
1551.813: [GC (Allocation Failure) [PSYoungGen: 78720K->1408K(80384K)] 406144K->328832K(546304K), 0.0018955 secs] [Times: user=0.01 sys=0.00, real=0.00 secs] 
1552.527: [GC (Allocation Failure) [PSYoungGen: 79232K->1376K(78848K)] 406656K->328800K(544768K), 0.0033017 secs] [Times: user=0.01 sys=0.00, real=0.00 secs] 
1553.458: [GC (Allocation Failure) [PSYoungGen: 78688K->1392K(78336K)] 406112K->328816K(544256K), 0.0040577 secs] [Times: user=0.01 sys=0.00, real=0.00 secs] 
1554.161: [GC (Allocation Failure) [PSYoungGen: 78192K->1344K(77824K)] 405616K->328768K(543744K), 0.0035077 secs] [Times: user=0.02 sys=0.00, real=0.00 secs] 
1555.311: [GC (Allocation Failure) [PSYoungGen: 77632K->1376K(77312K)] 405056K->328800K(543232K), 0.0018928 secs] [Times: user=0.00 sys=0.00, real=0.00 secs] 
1555.626: [GC (Allocation Failure) [PSYoungGen: 77152K->1344K(76800K)] 404576K->328776K(542720K), 0.0019356 secs] [Times: user=0.00 sys=0.00, real=0.00 secs] 
1555.939: [GC (Allocation Failure) [PSYoungGen: 76608K->1408K(76288K)] 404040K->328840K(542208K), 0.0018641 secs] [Times: user=0.00 sys=0.00, real=0.00 secs] 
1557.025: [GC (Allocation Failure) [PSYoungGen: 76160K->1408K(75776K)] 403592K->328840K(541696K), 0.0019466 secs] [Times: user=0.01 sys=0.00, real=0.01 secs] 
1557.958: [GC (Allocation Failure) [PSYoungGen: 75648K->1344K(75264K)] 403080K->328776K(541184K), 0.0027994 secs] [Times: user=0.01 sys=0.00, real=0.00 secs] 
1558.819: [GC (Allocation Failure) [PSYoungGen: 75072K->1376K(74752K)] 402504K->328808K(540672K), 0.0033482 secs] [Times: user=0.01 sys=0.00, real=0.00 secs] 
1559.679: [GC (Allocation Failure) [PSYoungGen: 74592K->1344K(74240K)] 402024K->328776K(540160K), 0.0033131 secs] [Times: user=0.02 sys=0.00, real=0.00 secs] 
1561.177: [GC (Allocation Failure) [PSYoungGen: 74048K->1440K(73728K)] 401480K->328872K(539648K), 0.0017308 secs] [Times: user=0.00 sys=0.00, real=0.00 secs] 
1561.725: [GC (Allocation Failure) [PSYoungGen: 73632K->1360K(73216K)] 401064K->328792K(539136K), 0.0020481 secs] [Times: user=0.01 sys=0.00, real=0.01 secs] 
1562.481: [GC (Allocation Failure) [PSYoungGen: 73040K->1408K(78336K)] 400472K->328840K(544256K), 0.0069040 secs] [Times: user=0.04 sys=0.00, real=0.01 secs] 
1563.212: [GC (Allocation Failure) [PSYoungGen: 78208K->1376K(83456K)] 405640K->328808K(549376K), 0.0028588 secs] [Times: user=0.01 sys=0.00, real=0.00 secs] 
1564.547: [GC (Allocation Failure) [PSYoungGen: 83296K->1376K(82944K)] 410728K->328816K(548864K), 0.0019541 secs] [Times: user=0.00 sys=0.00, real=0.00 secs] 
1564.886: [GC (Allocation Failure) [PSYoungGen: 82784K->1344K(82432K)] 410224K->328784K(548352K), 0.0019350 secs] [Times: user=0.00 sys=0.00, real=0.01 secs] 
1565.222: [GC (Allocation Failure) [PSYoungGen: 82240K->1408K(88064K)] 409680K->328848K(553984K), 0.0018301 secs] [Times: user=0.00 sys=0.00, real=0.00 secs] 
1566.532: [GC (Allocation Failure) [PSYoungGen: 87936K->1952K(88064K)] 415376K->329392K(553984K), 0.0019120 secs] [Times: user=0.01 sys=0.00, real=0.00 secs] 
1567.145: [GC (Allocation Failure) [PSYoungGen: 87968K->352K(86016K)] 415408K->328816K(551936K), 0.0019890 secs] [Times: user=0.01 sys=0.00, real=0.01 secs] 
1567.502: [GC (Allocation Failure) [PSYoungGen: 85856K->384K(93696K)] 414320K->328848K(559616K), 0.0023980 secs] [Times: user=0.01 sys=0.00, real=0.00 secs] 
1567.939: [GC (Allocation Failure) [PSYoungGen: 91520K->352K(97792K)] 419984K->328816K(563712K), 0.0021214 secs] [Times: user=0.00 sys=0.00, real=0.00 secs] 
1570.009: [GC (Allocation Failure) [PSYoungGen: 97632K->1376K(99328K)] 426096K->329840K(565248K), 0.0038542 secs] [Times: user=0.01 sys=0.00, real=0.00 secs] 
1570.819: [GC (Allocation Failure) [PSYoungGen: 98144K->1408K(97792K)] 426608K->329872K(563712K), 0.0025307 secs] [Times: user=0.01 sys=0.00, real=0.00 secs] 
1571.586: [GC (Allocation Failure) [PSYoungGen: 97664K->1344K(97280K)] 426128K->329808K(563200K), 0.0036290 secs] [Times: user=0.01 sys=0.00, real=0.00 secs] 
1572.881: [GC (Allocation Failure) [PSYoungGen: 97088K->1376K(96768K)] 425552K->329840K(562688K), 0.0021765 secs] [Times: user=0.01 sys=0.00, real=0.00 secs] 
1573.277: [GC (Allocation Failure) [PSYoungGen: 96608K->1376K(96256K)] 425072K->329856K(562176K), 0.0021837 secs] [Times: user=0.00 sys=0.00, real=0.00 secs] 
1574.949: [GC (Allocation Failure) [PSYoungGen: 96096K->128K(94720K)] 424576K->328608K(560640K), 0.0014725 secs] [Times: user=0.00 sys=0.00, real=0.00 secs] 
1575.707: [GC (Allocation Failure) [PSYoungGen: 94336K->1408K(96256K)] 422816K->329888K(562176K), 0.0016904 secs] [Times: user=0.01 sys=0.00, real=0.00 secs] 
1576.476: [GC (Allocation Failure) [PSYoungGen: 95104K->1344K(94720K)] 423584K->329824K(560640K), 0.0035204 secs] [Times: user=0.01 sys=0.00, real=0.00 secs] 
1577.465: [GC (Allocation Failure) [PSYoungGen: 94528K->208K(93184K)] 423008K->328688K(559104K), 0.0043529 secs] [Times: user=0.02 sys=0.00, real=0.01 secs] 
1580.075: [GC (Allocation Failure) [PSYoungGen: 92880K->1440K(93696K)] 421360K->329920K(559616K), 0.0033270 secs] [Times: user=0.01 sys=0.00, real=0.01 secs] 
1581.123: [GC (Allocation Failure) [PSYoungGen: 93600K->1376K(93184K)] 422080K->329856K(559104K), 0.0029560 secs] [Times: user=0.01 sys=0.00, real=0.01 secs] 
1581.864: [GC (Allocation Failure) [PSYoungGen: 93024K->1344K(92672K)] 421504K->329824K(558592K), 0.0029500 secs] [Times: user=0.01 sys=0.01, real=0.01 secs] 
1583.089: [GC (Allocation Failure) [PSYoungGen: 92480K->1376K(92160K)] 420960K->329864K(558080K), 0.0017070 secs] [Times: user=0.01 sys=0.00, real=0.00 secs] 
1583.714: [GC (Allocation Failure) [PSYoungGen: 92000K->1408K(91648K)] 420488K->329896K(557568K), 0.0059700 secs] [Times: user=0.01 sys=0.00, real=0.01 secs] 
1584.459: [GC (Allocation Failure) [PSYoungGen: 91520K->1424K(91136K)] 420008K->329912K(557056K), 0.0031774 secs] [Times: user=0.01 sys=0.00, real=0.00 secs] 
1586.121: [GC (Allocation Failure) [PSYoungGen: 91024K->1408K(90624K)] 419512K->329904K(556544K), 0.0020645 secs] [Times: user=0.00 sys=0.00, real=0.00 secs] 
1587.100: [GC (Allocation Failure) [PSYoungGen: 90496K->1376K(90112K)] 418992K->329872K(556032K), 0.0023297 secs] [Times: user=0.00 sys=0.00, real=0.00 secs] 
1588.193: [GC (Allocation Failure) [PSYoungGen: 89952K->1344K(89600K)] 418448K->329856K(555520K), 0.0023290 secs] [Times: user=0.01 sys=0.00, real=0.00 secs] 
1590.841: [GC (Allocation Failure) [PSYoungGen: 89408K->1408K(89088K)] 417920K->329920K(555008K), 0.0039878 secs] [Times: user=0.01 sys=0.00, real=0.00 secs] 
1592.128: [GC (Allocation Failure) [PSYoungGen: 88960K->1312K(88576K)] 417472K->329824K(554496K), 0.0035710 secs] [Times: user=0.01 sys=0.00, real=0.00 secs] 
1593.325: [GC (Allocation Failure) [PSYoungGen: 88352K->1376K(88064K)] 416864K->329888K(553984K), 0.0040250 secs] [Times: user=0.01 sys=0.01, real=0.01 secs] 
1595.458: [GC (Allocation Failure) [PSYoungGen: 87904K->1408K(87552K)] 416416K->329920K(553472K), 0.0019577 secs] [Times: user=0.01 sys=0.00, real=0.00 secs] 
1596.584: [GC (Allocation Failure) [PSYoungGen: 87424K->1408K(87040K)] 415936K->329920K(552960K), 0.0027178 secs] [Times: user=0.01 sys=0.00, real=0.01 secs] 
1597.554: [GC (Allocation Failure) [PSYoungGen: 86912K->1376K(86528K)] 415424K->329888K(552448K), 0.0026385 secs] [Times: user=0.01 sys=0.00, real=0.01 secs] 
1599.411: [GC (Allocation Failure) [PSYoungGen: 86368K->1632K(86528K)] 414880K->330144K(552448K), 0.0041649 secs] [Times: user=0.02 sys=0.00, real=0.00 secs] 
1600.458: [GC (Allocation Failure) [PSYoungGen: 86112K->336K(84480K)] 414624K->329880K(550400K), 0.0033688 secs] [Times: user=0.01 sys=0.00, real=0.00 secs] 
1601.201: [GC (Allocation Failure) [PSYoungGen: 84304K->384K(83968K)] 413848K->329928K(549888K), 0.0034053 secs] [Times: user=0.01 sys=0.00, real=0.00 secs] 
1602.172: [GC (Allocation Failure) [PSYoungGen: 83840K->352K(83456K)] 413384K->329896K(549376K), 0.0035360 secs] [Times: user=0.01 sys=0.00, real=0.00 secs] 
1603.574: [GC (Allocation Failure) [PSYoungGen: 83296K->1408K(84992K)] 412840K->330952K(550912K), 0.0017682 secs] [Times: user=0.01 sys=0.00, real=0.01 secs] 
1604.019: [GC (Allocation Failure) [PSYoungGen: 83840K->1376K(83456K)] 413384K->330920K(549376K), 0.0021440 secs] [Times: user=0.01 sys=0.00, real=0.00 secs] 
1604.471: [GC (Allocation Failure) [PSYoungGen: 83296K->1376K(82944K)] 412840K->330920K(548864K), 0.0024060 secs] [Times: user=0.01 sys=0.00, real=0.00 secs] 
1605.660: [GC (Allocation Failure) [PSYoungGen: 82784K->1440K(82432K)] 412328K->330984K(548352K), 0.0018177 secs] [Times: user=0.00 sys=0.00, real=0.00 secs] 
1606.302: [GC (Allocation Failure) [PSYoungGen: 82336K->1376K(81920K)] 411880K->330920K(547840K), 0.0018493 secs] [Times: user=0.01 sys=0.00, real=0.00 secs] 
1606.637: [GC (Allocation Failure) [PSYoungGen: 81760K->1344K(81408K)] 411304K->330888K(547328K), 0.0019250 secs] [Times: user=0.01 sys=0.00, real=0.00 secs] 
1606.968: [GC (Allocation Failure) [PSYoungGen: 81216K->1360K(80896K)] 410760K->330920K(546816K), 0.0019200 secs] [Times: user=0.01 sys=0.00, real=0.00 secs] 
1608.935: [GC (Allocation Failure) [PSYoungGen: 80720K->1376K(80384K)] 410280K->330936K(546304K), 0.0035338 secs] [Times: user=0.01 sys=0.00, real=0.01 secs] 
1609.552: [GC (Allocation Failure) [PSYoungGen: 80224K->1408K(79872K)] 409784K->330968K(545792K), 0.0028958 secs] [Times: user=0.01 sys=0.00, real=0.00 secs] 
1610.347: [GC (Allocation Failure) [PSYoungGen: 79744K->1344K(79360K)] 409304K->330904K(545280K), 0.0026782 secs] [Times: user=0.01 sys=0.00, real=0.00 secs] 
1612.095: [GC (Allocation Failure) [PSYoungGen: 79168K->1408K(78848K)] 408728K->330968K(544768K), 0.0021023 secs] [Times: user=0.01 sys=0.00, real=0.01 secs] 
1613.018: [GC (Allocation Failure) [PSYoungGen: 78720K->1344K(78336K)] 408280K->330904K(544256K), 0.0032373 secs] [Times: user=0.01 sys=0.00, real=0.00 secs] 
1613.716: [GC (Allocation Failure) [PSYoungGen: 78144K->1376K(77824K)] 407704K->330936K(543744K), 0.0024571 secs] [Times: user=0.01 sys=0.00, real=0.00 secs] 
1614.638: [GC (Allocation Failure) [PSYoungGen: 77664K->1344K(77312K)] 407224K->330912K(543232K), 0.0029882 secs] [Times: user=0.01 sys=0.00, real=0.00 secs] 
1615.962: [GC (Allocation Failure) [PSYoungGen: 77120K->1440K(76800K)] 406688K->331008K(542720K), 0.0019558 secs] [Times: user=0.00 sys=0.00, real=0.00 secs] 
1616.464: [GC (Allocation Failure) [PSYoungGen: 76704K->1408K(76288K)] 406272K->330976K(542208K), 0.0018050 secs] [Times: user=0.01 sys=0.00, real=0.00 secs] 
1617.158: [GC (Allocation Failure) [PSYoungGen: 76160K->1344K(75776K)] 405728K->330912K(541696K), 0.0026772 secs] [Times: user=0.01 sys=0.00, real=0.00 secs] 
1617.941: [GC (Allocation Failure) [PSYoungGen: 75584K->1344K(75264K)] 405152K->330912K(541184K), 0.0037814 secs] [Times: user=0.01 sys=0.00, real=0.00 secs] 
1619.539: [GC (Allocation Failure) [PSYoungGen: 75072K->1440K(74752K)] 404640K->331008K(540672K), 0.0021975 secs] [Times: user=0.01 sys=0.00, real=0.00 secs] 
1620.236: [GC (Allocation Failure) [PSYoungGen: 74656K->1344K(74240K)] 404224K->330912K(540160K), 0.0032639 secs] [Times: user=0.01 sys=0.00, real=0.00 secs] 
1620.886: [GC (Allocation Failure) [PSYoungGen: 74048K->1344K(73728K)] 403616K->330912K(539648K), 0.0035528 secs] [Times: user=0.01 sys=0.00, real=0.00 secs] 
1621.713: [GC (Allocation Failure) [PSYoungGen: 73536K->1360K(73216K)] 403104K->330928K(539136K), 0.0032717 secs] [Times: user=0.01 sys=0.00, real=0.01 secs] 
1622.928: [GC (Allocation Failure) [PSYoungGen: 73040K->1408K(72704K)] 402608K->330976K(538624K), 0.0032608 secs] [Times: user=0.01 sys=0.00, real=0.00 secs] 
1623.226: [GC (Allocation Failure) [PSYoungGen: 72576K->1344K(72192K)] 402144K->330912K(538112K), 0.0020143 secs] [Times: user=0.01 sys=0.00, real=0.00 secs] 
1623.520: [GC (Allocation Failure) [PSYoungGen: 72000K->1376K(77312K)] 401568K->330944K(543232K), 0.0021379 secs] [Times: user=0.01 sys=0.00, real=0.00 secs] 
1623.844: [GC (Allocation Failure) [PSYoungGen: 77152K->1408K(82944K)] 406720K->330984K(548864K), 0.0018936 secs] [Times: user=0.01 sys=0.00, real=0.01 secs] 
1625.486: [GC (Allocation Failure) [PSYoungGen: 82816K->1424K(82432K)] 412392K->331000K(548352K), 0.0027792 secs] [Times: user=0.01 sys=0.00, real=0.00 secs] 
1626.054: [GC (Allocation Failure) [PSYoungGen: 82320K->1424K(81920K)] 411896K->331000K(547840K), 0.0019626 secs] [Times: user=0.00 sys=0.00, real=0.01 secs] 
1626.573: [GC (Allocation Failure) [PSYoungGen: 81808K->1408K(81408K)] 411384K->330984K(547328K), 0.0020578 secs] [Times: user=0.01 sys=0.00, real=0.00 secs] 
1628.039: [GC (Allocation Failure) [PSYoungGen: 81280K->1408K(80896K)] 410856K->330984K(546816K), 0.0039389 secs] [Times: user=0.01 sys=0.00, real=0.00 secs] 
1628.539: [GC (Allocation Failure) [PSYoungGen: 80768K->1376K(80384K)] 410344K->330952K(546304K), 0.0020763 secs] [Times: user=0.01 sys=0.00, real=0.00 secs] 
1628.874: [GC (Allocation Failure) [PSYoungGen: 80224K->1376K(79872K)] 409800K->330952K(545792K), 0.0019888 secs] [Times: user=0.01 sys=0.00, real=0.01 secs] 
1629.418: [GC (Allocation Failure) [PSYoungGen: 79712K->1376K(79360K)] 409288K->330952K(545280K), 0.0020526 secs] [Times: user=0.01 sys=0.00, real=0.00 secs] 
1630.892: [GC (Allocation Failure) [PSYoungGen: 79200K->384K(77824K)] 408776K->330984K(543744K), 0.0021892 secs] [Times: user=0.01 sys=0.00, real=0.00 secs] 
1631.500: [GC (Allocation Failure) [PSYoungGen: 77696K->320K(78848K)] 408296K->330920K(544768K), 0.0022753 secs] [Times: user=0.01 sys=0.00, real=0.00 secs] 
1632.383: [GC (Allocation Failure) [PSYoungGen: 77120K->352K(76800K)] 407720K->330952K(542720K), 0.0026853 secs] [Times: user=0.01 sys=0.00, real=0.00 secs] 
1634.193: [GC (Allocation Failure) [PSYoungGen: 76640K->1408K(77824K)] 407240K->332016K(543744K), 0.0022193 secs] [Times: user=0.01 sys=0.00, real=0.00 secs] 
1635.054: [GC (Allocation Failure) [PSYoungGen: 77184K->1312K(76800K)] 407792K->331920K(542720K), 0.0032619 secs] [Times: user=0.01 sys=0.00, real=0.01 secs] 
1635.672: [GC (Allocation Failure) [PSYoungGen: 76576K->1408K(76288K)] 407184K->332016K(542208K), 0.0025849 secs] [Times: user=0.01 sys=0.00, real=0.00 secs] 
1636.073: [GC (Allocation Failure) [PSYoungGen: 76160K->1376K(75776K)] 406768K->331984K(541696K), 0.0018390 secs] [Times: user=0.01 sys=0.00, real=0.00 secs] 
1638.125: [GC (Allocation Failure) [PSYoungGen: 75616K->1440K(75264K)] 406224K->332048K(541184K), 0.0041708 secs] [Times: user=0.01 sys=0.00, real=0.01 secs] 
1638.874: [GC (Allocation Failure) [PSYoungGen: 75168K->1376K(74752K)] 405776K->331984K(540672K), 0.0024698 secs] [Times: user=0.01 sys=0.00, real=0.01 secs] 
1639.350: [GC (Allocation Failure) [PSYoungGen: 74592K->1408K(74240K)] 405200K->332016K(540160K), 0.0020759 secs] [Times: user=0.01 sys=0.00, real=0.00 secs] 
1639.652: [GC (Allocation Failure) [PSYoungGen: 74112K->1376K(73728K)] 404720K->331984K(539648K), 0.0018633 secs] [Times: user=0.01 sys=0.00, real=0.00 secs] 
1641.144: [GC (Allocation Failure) [PSYoungGen: 73568K->1408K(73216K)] 404176K->332016K(539136K), 0.0021234 secs] [Times: user=0.00 sys=0.00, real=0.01 secs] 
1641.780: [GC (Allocation Failure) [PSYoungGen: 73088K->1376K(72704K)] 403696K->331984K(538624K), 0.0020745 secs] [Times: user=0.00 sys=0.00, real=0.00 secs] 
1642.430: [GC (Allocation Failure) [PSYoungGen: 72544K->1376K(72192K)] 403152K->331984K(538112K), 0.0028409 secs] [Times: user=0.01 sys=0.00, real=0.00 secs] 
1642.722: [GC (Allocation Failure) [PSYoungGen: 72032K->1344K(71680K)] 402640K->331952K(537600K), 0.0019950 secs] [Times: user=0.01 sys=0.00, real=0.00 secs] 
1643.945: [GC (Allocation Failure) [PSYoungGen: 71488K->1408K(71168K)] 402096K->332016K(537088K), 0.0021922 secs] [Times: user=0.01 sys=0.00, real=0.01 secs] 
1644.235: [GC (Allocation Failure) [PSYoungGen: 71040K->1376K(70656K)] 401648K->331992K(536576K), 0.0019687 secs] [Times: user=0.01 sys=0.00, real=0.01 secs] 
1644.523: [GC (Allocation Failure) [PSYoungGen: 70496K->1376K(75776K)] 401112K->331992K(541696K), 0.0020710 secs] [Times: user=0.01 sys=0.00, real=0.00 secs] 
1644.979: [GC (Allocation Failure) [PSYoungGen: 75616K->1376K(80896K)] 406232K->331992K(546816K), 0.0021227 secs] [Times: user=0.01 sys=0.00, real=0.00 secs] 
1646.603: [GC (Allocation Failure) [PSYoungGen: 80736K->1408K(80384K)] 411352K->332024K(546304K), 0.0031518 secs] [Times: user=0.02 sys=0.00, real=0.01 secs] 
1647.290: [GC (Allocation Failure) [PSYoungGen: 80256K->1376K(79872K)] 410872K->331992K(545792K), 0.0031542 secs] [Times: user=0.02 sys=0.00, real=0.00 secs] 
1647.892: [GC (Allocation Failure) [PSYoungGen: 79712K->1408K(79360K)] 410328K->332024K(545280K), 0.0028996 secs] [Times: user=0.01 sys=0.00, real=0.00 secs] 
1648.978: [GC (Allocation Failure) [PSYoungGen: 79232K->1680K(79360K)] 409848K->332304K(545280K), 0.0015934 secs] [Times: user=0.00 sys=0.00, real=0.00 secs] 
1649.735: [GC (Allocation Failure) [PSYoungGen: 78992K->1344K(78336K)] 409616K->331968K(544256K), 0.0026441 secs] [Times: user=0.01 sys=0.00, real=0.01 secs] 
1650.519: [GC (Allocation Failure) [PSYoungGen: 78144K->1344K(77824K)] 408768K->331968K(543744K), 0.0026702 secs] [Times: user=0.01 sys=0.00, real=0.00 secs] 
1651.419: [GC (Allocation Failure) [PSYoungGen: 77632K->1328K(77312K)] 408256K->331952K(543232K), 0.0033061 secs] [Times: user=0.02 sys=0.00, real=0.00 secs] 
1652.838: [GC (Allocation Failure) [PSYoungGen: 77104K->1440K(76800K)] 407728K->332080K(542720K), 0.0017167 secs] [Times: user=0.01 sys=0.00, real=0.00 secs] 
1653.177: [GC (Allocation Failure) [PSYoungGen: 76704K->1344K(76288K)] 407344K->331984K(542208K), 0.0019191 secs] [Times: user=0.01 sys=0.00, real=0.00 secs] 
1653.487: [GC (Allocation Failure) [PSYoungGen: 76096K->1376K(75776K)] 406736K->332016K(541696K), 0.0016811 secs] [Times: user=0.00 sys=0.00, real=0.00 secs] 
1653.794: [GC (Allocation Failure) [PSYoungGen: 75616K->1408K(75264K)] 406256K->332048K(541184K), 0.0018819 secs] [Times: user=0.00 sys=0.00, real=0.01 secs] 
1654.864: [GC (Allocation Failure) [PSYoungGen: 75136K->1440K(74752K)] 405776K->332080K(540672K), 0.0018386 secs] [Times: user=0.01 sys=0.00, real=0.00 secs] 
1655.440: [GC (Allocation Failure) [PSYoungGen: 74656K->1376K(74240K)] 405296K->332016K(540160K), 0.0021144 secs] [Times: user=0.00 sys=0.01, real=0.00 secs] 
1656.027: [GC (Allocation Failure) [PSYoungGen: 74080K->1344K(73728K)] 404720K->331984K(539648K), 0.0020068 secs] [Times: user=0.00 sys=0.00, real=0.00 secs] 
1656.739: [GC (Allocation Failure) [PSYoungGen: 73536K->1344K(73216K)] 404176K->331984K(539136K), 0.0041110 secs] [Times: user=0.01 sys=0.01, real=0.00 secs] 
1658.433: [GC (Allocation Failure) [PSYoungGen: 73024K->1376K(72704K)] 403664K->332016K(538624K), 0.0035121 secs] [Times: user=0.02 sys=0.00, real=0.01 secs] 
1659.474: [GC (Allocation Failure) [PSYoungGen: 72544K->1376K(72192K)] 403184K->332016K(538112K), 0.0042441 secs] [Times: user=0.02 sys=0.00, real=0.01 secs] 
1660.142: [GC (Allocation Failure) [PSYoungGen: 72032K->1344K(71680K)] 402672K->331984K(537600K), 0.0031761 secs] [Times: user=0.01 sys=0.00, real=0.00 secs] 
1660.654: [GC (Allocation Failure) [PSYoungGen: 71488K->1344K(71168K)] 402128K->331984K(537088K), 0.0025439 secs] [Times: user=0.01 sys=0.00, real=0.01 secs] 
1662.160: [GC (Allocation Failure) [PSYoungGen: 70976K->400K(69632K)] 401616K->332064K(535552K), 0.0020737 secs] [Times: user=0.00 sys=0.00, real=0.00 secs] 
1662.860: [GC (Allocation Failure) [PSYoungGen: 69520K->352K(70656K)] 401184K->332016K(536576K), 0.0037949 secs] [Times: user=0.01 sys=0.00, real=0.00 secs] 
1663.434: [GC (Allocation Failure) [PSYoungGen: 68960K->352K(68608K)] 400624K->332024K(534528K), 0.0034412 secs] [Times: user=0.02 sys=0.01, real=0.01 secs] 
1663.998: [GC (Allocation Failure) [PSYoungGen: 68448K->384K(69632K)] 400120K->332056K(535552K), 0.0026244 secs] [Times: user=0.01 sys=0.00, real=0.00 secs] 
1665.345: [GC (Allocation Failure) [PSYoungGen: 67968K->1376K(68608K)] 399640K->333056K(534528K), 0.0020550 secs] [Times: user=0.00 sys=0.00, real=0.01 secs] 
1665.624: [GC (Allocation Failure) [PSYoungGen: 68448K->1408K(68096K)] 400128K->333088K(534016K), 0.0018236 secs] [Times: user=0.01 sys=0.00, real=0.01 secs] 
1665.901: [GC (Allocation Failure) [PSYoungGen: 67968K->1408K(68608K)] 399648K->333088K(534528K), 0.0017548 secs] [Times: user=0.01 sys=0.00, real=0.00 secs] 
1666.320: [GC (Allocation Failure) [PSYoungGen: 68480K->1376K(69120K)] 400160K->333064K(535040K), 0.0025321 secs] [Times: user=0.01 sys=0.00, real=0.00 secs] 
1667.593: [GC (Allocation Failure) [PSYoungGen: 68448K->1376K(68096K)] 400136K->333064K(534016K), 0.0018677 secs] [Times: user=0.00 sys=0.00, real=0.00 secs] 
1667.869: [GC (Allocation Failure) [PSYoungGen: 67936K->1440K(72704K)] 399624K->333128K(538624K), 0.0020299 secs] [Times: user=0.01 sys=0.00, real=0.00 secs] 
1668.165: [GC (Allocation Failure) [PSYoungGen: 72608K->1376K(73216K)] 404296K->333064K(539136K), 0.0020152 secs] [Times: user=0.01 sys=0.00, real=0.01 secs] 
1669.121: [GC (Allocation Failure) [PSYoungGen: 72544K->1408K(73216K)] 404232K->333120K(539136K), 0.0038478 secs] [Times: user=0.01 sys=0.00, real=0.00 secs] 
1672.264: [GC (Allocation Failure) [PSYoungGen: 72576K->1376K(72192K)] 404288K->333088K(538112K), 0.0041792 secs] [Times: user=0.02 sys=0.00, real=0.01 secs] 
1672.606: [GC (Allocation Failure) [PSYoungGen: 72032K->1376K(77824K)] 403744K->333088K(543744K), 0.0025102 secs] [Times: user=0.01 sys=0.00, real=0.00 secs] 
1672.917: [GC (Allocation Failure) [PSYoungGen: 77152K->1344K(77824K)] 408864K->333056K(543744K), 0.0020910 secs] [Times: user=0.00 sys=0.00, real=0.00 secs] 
1673.232: [GC (Allocation Failure) [PSYoungGen: 77120K->1376K(77824K)] 408832K->333096K(543744K), 0.0017537 secs] [Times: user=0.01 sys=0.01, real=0.00 secs] 
1674.236: [GC (Allocation Failure) [PSYoungGen: 77152K->1408K(76800K)] 408872K->333128K(542720K), 0.0017364 secs] [Times: user=0.00 sys=0.00, real=0.01 secs] 
1674.548: [GC (Allocation Failure) [PSYoungGen: 76672K->1376K(76288K)] 408392K->333096K(542208K), 0.0018731 secs] [Times: user=0.01 sys=0.00, real=0.00 secs] 
1674.858: [GC (Allocation Failure) [PSYoungGen: 76128K->1376K(81920K)] 407848K->333096K(547840K), 0.0016140 secs] [Times: user=0.00 sys=0.00, real=0.00 secs] 
1675.192: [GC (Allocation Failure) [PSYoungGen: 81760K->1376K(82432K)] 413480K->333112K(548352K), 0.0018480 secs] [Times: user=0.01 sys=0.00, real=0.00 secs] 
1676.665: [GC (Allocation Failure) [PSYoungGen: 81760K->1376K(81408K)] 413496K->333112K(547328K), 0.0020329 secs] [Times: user=0.00 sys=0.00, real=0.01 secs] 
1677.029: [GC (Allocation Failure) [PSYoungGen: 81248K->1376K(80896K)] 412984K->333112K(546816K), 0.0019648 secs] [Times: user=0.01 sys=0.00, real=0.00 secs] 
1677.532: [GC (Allocation Failure) [PSYoungGen: 80736K->1376K(80384K)] 412472K->333112K(546304K), 0.0019174 secs] [Times: user=0.01 sys=0.00, real=0.00 secs] 
1678.800: [GC (Allocation Failure) [PSYoungGen: 80224K->1376K(79872K)] 411960K->333112K(545792K), 0.0018321 secs] [Times: user=0.01 sys=0.00, real=0.00 secs] 
1679.125: [GC (Allocation Failure) [PSYoungGen: 79712K->1376K(79360K)] 411448K->333112K(545280K), 0.0017226 secs] [Times: user=0.00 sys=0.00, real=0.01 secs] 
1679.478: [GC (Allocation Failure) [PSYoungGen: 79200K->1344K(85504K)] 410936K->333080K(551424K), 0.0035288 secs] [Times: user=0.02 sys=0.00, real=0.00 secs] 
1680.102: [GC (Allocation Failure) [PSYoungGen: 84800K->1360K(86016K)] 416536K->333096K(551936K), 0.0031167 secs] [Times: user=0.01 sys=0.01, real=0.00 secs] 
1681.801: [GC (Allocation Failure) [PSYoungGen: 85328K->1408K(84992K)] 417064K->333152K(550912K), 0.0021263 secs] [Times: user=0.00 sys=0.00, real=0.00 secs] 
1682.743: [GC (Allocation Failure) [PSYoungGen: 84864K->1376K(84480K)] 416608K->333120K(550400K), 0.0021901 secs] [Times: user=0.01 sys=0.01, real=0.00 secs] 
1683.676: [GC (Allocation Failure) [PSYoungGen: 84320K->1344K(83968K)] 416064K->333088K(549888K), 0.0020268 secs] [Times: user=0.01 sys=0.00, real=0.00 secs] 
1685.439: [GC (Allocation Failure) [PSYoungGen: 83776K->1440K(83456K)] 415520K->333184K(549376K), 0.0028114 secs] [Times: user=0.01 sys=0.00, real=0.00 secs] 
1686.536: [GC (Allocation Failure) [PSYoungGen: 83360K->1376K(82944K)] 415104K->333120K(548864K), 0.0034114 secs] [Times: user=0.02 sys=0.00, real=0.01 secs] 
1687.783: [GC (Allocation Failure) [PSYoungGen: 82784K->1360K(82432K)] 414528K->333104K(548352K), 0.0040443 secs] [Times: user=0.01 sys=0.00, real=0.01 secs] 
1688.841: [GC (Allocation Failure) [PSYoungGen: 82256K->1408K(81920K)] 414000K->333152K(547840K), 0.0038035 secs] [Times: user=0.02 sys=0.00, real=0.00 secs] 
1690.258: [GC (Allocation Failure) [PSYoungGen: 81792K->1408K(81408K)] 413536K->333152K(547328K), 0.0020830 secs] [Times: user=0.01 sys=0.00, real=0.00 secs] 
1691.100: [GC (Allocation Failure) [PSYoungGen: 81280K->1376K(80896K)] 413024K->333120K(546816K), 0.0041398 secs] [Times: user=0.02 sys=0.00, real=0.00 secs] 
1691.870: [GC (Allocation Failure) [PSYoungGen: 80736K->1376K(80384K)] 412480K->333120K(546304K), 0.0030518 secs] [Times: user=0.01 sys=0.00, real=0.00 secs] 
1693.202: [GC (Allocation Failure) [PSYoungGen: 80224K->1440K(79872K)] 411968K->333184K(545792K), 0.0016621 secs] [Times: user=0.01 sys=0.00, real=0.00 secs] 
1693.635: [GC (Allocation Failure) [PSYoungGen: 79776K->320K(78336K)] 411520K->333088K(544256K), 0.0017155 secs] [Times: user=0.01 sys=0.00, real=0.01 secs] 
1694.475: [GC (Allocation Failure) [PSYoungGen: 78144K->320K(79360K)] 410912K->333088K(545280K), 0.0018185 secs] [Times: user=0.01 sys=0.01, real=0.01 secs] 
1695.327: [GC (Allocation Failure) [PSYoungGen: 77632K->320K(77824K)] 410400K->333088K(543744K), 0.0022794 secs] [Times: user=0.00 sys=0.00, real=0.00 secs] 
1696.745: [GC (Allocation Failure) [PSYoungGen: 77120K->1440K(77824K)] 409888K->334208K(543744K), 0.0073421 secs] [Times: user=0.03 sys=0.00, real=0.01 secs] 
1697.292: [GC (Allocation Failure) [PSYoungGen: 77728K->1392K(77312K)] 410496K->334168K(543232K), 0.0022921 secs] [Times: user=0.01 sys=0.00, real=0.00 secs] 
1697.929: [GC (Allocation Failure) [PSYoungGen: 77168K->1360K(76800K)] 409944K->334136K(542720K), 0.0022030 secs] [Times: user=0.01 sys=0.00, real=0.00 secs] 
1699.359: [GC (Allocation Failure) [PSYoungGen: 76624K->1424K(76288K)] 409400K->334200K(542208K), 0.0018392 secs] [Times: user=0.01 sys=0.00, real=0.00 secs] 
1700.180: [GC (Allocation Failure) [PSYoungGen: 76176K->1344K(75776K)] 408952K->334120K(541696K), 0.0021602 secs] [Times: user=0.01 sys=0.01, real=0.00 secs] 
1701.012: [GC (Allocation Failure) [PSYoungGen: 75584K->1360K(75264K)] 408360K->334136K(541184K), 0.0022268 secs] [Times: user=0.00 sys=0.00, real=0.00 secs] 
1701.778: [GC (Allocation Failure) [PSYoungGen: 75088K->1376K(74752K)] 407864K->334160K(540672K), 0.0024690 secs] [Times: user=0.01 sys=0.00, real=0.00 secs] 
1703.468: [GC (Allocation Failure) [PSYoungGen: 74592K->1376K(74240K)] 407376K->334168K(540160K), 0.0022482 secs] [Times: user=0.01 sys=0.00, real=0.00 secs] 
1704.312: [GC (Allocation Failure) [PSYoungGen: 74080K->1376K(73728K)] 406872K->334176K(539648K), 0.0024693 secs] [Times: user=0.01 sys=0.00, real=0.00 secs] 
1704.927: [GC (Allocation Failure) [PSYoungGen: 73568K->1376K(73216K)] 406368K->334184K(539136K), 0.0024225 secs] [Times: user=0.01 sys=0.00, real=0.00 secs] 
1705.720: [GC (Allocation Failure) [PSYoungGen: 73056K->1376K(72704K)] 405864K->334184K(538624K), 0.0022793 secs] [Times: user=0.01 sys=0.00, real=0.00 secs] 
1707.259: [GC (Allocation Failure) [PSYoungGen: 72544K->1440K(72192K)] 405352K->334248K(538112K), 0.0036764 secs] [Times: user=0.01 sys=0.00, real=0.00 secs] 
1708.737: [GC (Allocation Failure) [PSYoungGen: 72096K->1376K(71680K)] 404904K->334184K(537600K), 0.0028589 secs] [Times: user=0.01 sys=0.00, real=0.00 secs] 
1709.315: [GC (Allocation Failure) [PSYoungGen: 71520K->1408K(71168K)] 404328K->334216K(537088K), 0.0026015 secs] [Times: user=0.01 sys=0.00, real=0.01 secs] 
1709.791: [GC (Allocation Failure) [PSYoungGen: 71040K->1376K(70656K)] 403848K->334184K(536576K), 0.0022651 secs] [Times: user=0.01 sys=0.00, real=0.00 secs] 
1711.276: [GC (Allocation Failure) [PSYoungGen: 70496K->1424K(70144K)] 403304K->334232K(536064K), 0.0018693 secs] [Times: user=0.01 sys=0.00, real=0.01 secs] 
1712.459: [GC (Allocation Failure) [PSYoungGen: 70032K->1344K(69632K)] 402840K->334152K(535552K), 0.0042289 secs] [Times: user=0.02 sys=0.00, real=0.00 secs] 
1713.402: [GC (Allocation Failure) [PSYoungGen: 69440K->1376K(69120K)] 402248K->334184K(535040K), 0.0039133 secs] [Times: user=0.02 sys=0.00, real=0.01 secs] 
1714.105: [GC (Allocation Failure) [PSYoungGen: 68960K->1376K(68608K)] 401768K->334184K(534528K), 0.0032455 secs] [Times: user=0.01 sys=0.01, real=0.01 secs] 
1715.427: [GC (Allocation Failure) [PSYoungGen: 68448K->1920K(68608K)] 401256K->334728K(534528K), 0.0017445 secs] [Times: user=0.01 sys=0.00, real=0.00 secs] 
1716.140: [GC (Allocation Failure) [PSYoungGen: 68480K->1360K(68096K)] 401288K->334168K(534016K), 0.0020730 secs] [Times: user=0.01 sys=0.00, real=0.00 secs] 
1716.888: [GC (Allocation Failure) [PSYoungGen: 67920K->1312K(68608K)] 400728K->334128K(534528K), 0.0025631 secs] [Times: user=0.01 sys=0.00, real=0.00 secs] 
1717.734: [GC (Allocation Failure) [PSYoungGen: 67872K->1376K(68608K)] 400688K->334192K(534528K), 0.0026974 secs] [Times: user=0.01 sys=0.00, real=0.01 secs] 
1718.521: [GC (Allocation Failure) [PSYoungGen: 67936K->1408K(68608K)] 400752K->334224K(534528K), 0.0032490 secs] [Times: user=0.01 sys=0.00, real=0.00 secs] 
1720.024: [GC (Allocation Failure) [PSYoungGen: 67968K->1408K(68608K)] 400784K->334224K(534528K), 0.0023790 secs] [Times: user=0.01 sys=0.00, real=0.01 secs] 
1720.814: [GC (Allocation Failure) [PSYoungGen: 67968K->1408K(68608K)] 400784K->334224K(534528K), 0.0026752 secs] [Times: user=0.01 sys=0.00, real=0.01 secs] 
1721.710: [GC (Allocation Failure) [PSYoungGen: 67968K->1376K(68608K)] 400784K->334192K(534528K), 0.0026040 secs] [Times: user=0.01 sys=0.00, real=0.00 secs] 
1722.537: [GC (Allocation Failure) [PSYoungGen: 67936K->1376K(68608K)] 400752K->334192K(534528K), 0.0027057 secs] [Times: user=0.01 sys=0.00, real=0.00 secs] 
1723.906: [GC (Allocation Failure) [PSYoungGen: 67936K->1408K(68608K)] 400752K->334224K(534528K), 0.0018326 secs] [Times: user=0.01 sys=0.00, real=0.01 secs] 
1724.485: [GC (Allocation Failure) [PSYoungGen: 67968K->1344K(68608K)] 400784K->334160K(534528K), 0.0019796 secs] [Times: user=0.00 sys=0.00, real=0.01 secs] 
1724.779: [GC (Allocation Failure) [PSYoungGen: 67904K->1376K(68608K)] 400720K->334208K(534528K), 0.0019003 secs] [Times: user=0.01 sys=0.00, real=0.00 secs] 
1725.254: [GC (Allocation Failure) [PSYoungGen: 67936K->1344K(68608K)] 400768K->334176K(534528K), 0.0019396 secs] [Times: user=0.01 sys=0.00, real=0.01 secs] 
1726.532: [GC (Allocation Failure) [PSYoungGen: 67904K->1376K(68608K)] 400736K->334208K(534528K), 0.0018697 secs] [Times: user=0.01 sys=0.00, real=0.00 secs] 
1726.817: [GC (Allocation Failure) [PSYoungGen: 67936K->1376K(68096K)] 400768K->334208K(534016K), 0.0018568 secs] [Times: user=0.01 sys=0.00, real=0.00 secs] 
1727.146: [GC (Allocation Failure) [PSYoungGen: 67936K->1408K(68096K)] 400768K->334240K(534016K), 0.0020587 secs] [Times: user=0.01 sys=0.00, real=0.00 secs] 
1727.471: [GC (Allocation Failure) [PSYoungGen: 67968K->352K(67584K)] 400800K->334208K(533504K), 0.0039861 secs] [Times: user=0.02 sys=0.00, real=0.00 secs] 
1728.524: [GC (Allocation Failure) [PSYoungGen: 66912K->2032K(68608K)] 400768K->336494K(534528K), 0.0019530 secs] [Times: user=0.01 sys=0.00, real=0.01 secs] 
1728.979: [GC (Allocation Failure) [PSYoungGen: 68592K->1312K(73216K)] 403054K->335774K(539136K), 0.0020215 secs] [Times: user=0.01 sys=0.00, real=0.00 secs] 
1729.529: [GC (Allocation Failure) [PSYoungGen: 72480K->1376K(72192K)] 406942K->335838K(538112K), 0.0022270 secs] [Times: user=0.01 sys=0.00, real=0.00 secs] 
1730.094: [GC (Allocation Failure) [PSYoungGen: 72032K->1344K(71680K)] 406494K->335806K(537600K), 0.0021571 secs] [Times: user=0.01 sys=0.00, real=0.01 secs] 
1731.656: [GC (Allocation Failure) [PSYoungGen: 71488K->1424K(71168K)] 405950K->335886K(537088K), 0.0016388 secs] [Times: user=0.00 sys=0.00, real=0.00 secs] 
1733.127: [GC (Allocation Failure) [PSYoungGen: 71056K->1440K(70656K)] 405518K->335910K(536576K), 0.0032459 secs] [Times: user=0.02 sys=0.00, real=0.00 secs] 
1734.034: [GC (Allocation Failure) [PSYoungGen: 70560K->1440K(70144K)] 405030K->335910K(536064K), 0.0033246 secs] [Times: user=0.01 sys=0.00, real=0.01 secs] 
1734.891: [GC (Allocation Failure) [PSYoungGen: 70048K->1408K(69632K)] 404518K->335878K(535552K), 0.0032911 secs] [Times: user=0.01 sys=0.00, real=0.00 secs] 
1735.431: [GC (Allocation Failure) [PSYoungGen: 69504K->1472K(69120K)] 403974K->335942K(535040K), 0.0028485 secs] [Times: user=0.01 sys=0.00, real=0.00 secs] 
1736.581: [GC (Allocation Failure) [PSYoungGen: 69056K->1472K(68608K)] 403526K->335942K(534528K), 0.0018265 secs] [Times: user=0.01 sys=0.00, real=0.00 secs] 
1737.010: [GC (Allocation Failure) [PSYoungGen: 68544K->1440K(68096K)] 403014K->335910K(534016K), 0.0020479 secs] [Times: user=0.01 sys=0.00, real=0.00 secs] 
1737.469: [GC (Allocation Failure) [PSYoungGen: 68000K->1440K(68608K)] 402470K->335910K(534528K), 0.0019238 secs] [Times: user=0.01 sys=0.00, real=0.00 secs] 
1737.934: [GC (Allocation Failure) [PSYoungGen: 68000K->1408K(68608K)] 402470K->335878K(534528K), 0.0024590 secs] [Times: user=0.01 sys=0.00, real=0.01 secs] 
1738.991: [GC (Allocation Failure) [PSYoungGen: 67968K->1424K(68608K)] 402438K->335894K(534528K), 0.0016198 secs] [Times: user=0.01 sys=0.00, real=0.00 secs] 
1739.289: [GC (Allocation Failure) [PSYoungGen: 67984K->1440K(68608K)] 402454K->335910K(534528K), 0.0016470 secs] [Times: user=0.01 sys=0.00, real=0.00 secs] 
1739.801: [GC (Allocation Failure) [PSYoungGen: 68000K->1312K(68608K)] 402470K->335838K(534528K), 0.0018855 secs] [Times: user=0.01 sys=0.01, real=0.00 secs] 
1740.305: [GC (Allocation Failure) [PSYoungGen: 67872K->1376K(68608K)] 402398K->335902K(534528K), 0.0022257 secs] [Times: user=0.01 sys=0.00, real=0.01 secs] 
1741.486: [GC (Allocation Failure) [PSYoungGen: 67936K->1408K(68608K)] 402462K->335934K(534528K), 0.0018645 secs] [Times: user=0.01 sys=0.00, real=0.00 secs] 
1741.763: [GC (Allocation Failure) [PSYoungGen: 67968K->1344K(68608K)] 402494K->335870K(534528K), 0.0019328 secs] [Times: user=0.01 sys=0.00, real=0.00 secs] 
1742.040: [GC (Allocation Failure) [PSYoungGen: 67904K->1408K(68608K)] 402430K->335950K(534528K), 0.0019277 secs] [Times: user=0.01 sys=0.01, real=0.00 secs] 
1742.316: [GC (Allocation Failure) [PSYoungGen: 67968K->1376K(68608K)] 402510K->335926K(534528K), 0.0018406 secs] [Times: user=0.01 sys=0.00, real=0.00 secs] 
1743.451: [GC (Allocation Failure) [PSYoungGen: 67936K->1376K(68096K)] 402486K->335926K(534016K), 0.0020017 secs] [Times: user=0.00 sys=0.00, real=0.00 secs] 
1744.150: [GC (Allocation Failure) [PSYoungGen: 67936K->1376K(68096K)] 402486K->335926K(534016K), 0.0041735 secs] [Times: user=0.02 sys=0.00, real=0.00 secs] 
1744.791: [GC (Allocation Failure) [PSYoungGen: 67936K->1328K(72192K)] 402486K->335878K(538112K), 0.0039135 secs] [Times: user=0.01 sys=0.00, real=0.00 secs] 
1745.294: [GC (Allocation Failure) [PSYoungGen: 71984K->1408K(72704K)] 406534K->335958K(538624K), 0.0025094 secs] [Times: user=0.01 sys=0.00, real=0.01 secs] 
1746.615: [GC (Allocation Failure) [PSYoungGen: 71854K->1424K(71680K)] 406404K->336486K(537600K), 0.0016209 secs] [Times: user=0.01 sys=0.00, real=0.01 secs] 
1746.944: [GC (Allocation Failure) [PSYoungGen: 71568K->1312K(71168K)] 406630K->336374K(537088K), 0.0017467 secs] [Times: user=0.01 sys=0.00, real=0.00 secs] 
1747.248: [GC (Allocation Failure) [PSYoungGen: 70944K->320K(69632K)] 406006K->336406K(535552K), 0.0018710 secs] [Times: user=0.00 sys=0.00, real=0.00 secs] 
1747.535: [GC (Allocation Failure) [PSYoungGen: 69440K->368K(75776K)] 405526K->336454K(541696K), 0.0017369 secs] [Times: user=0.01 sys=0.00, real=0.01 secs] 
1748.550: [GC (Allocation Failure) [PSYoungGen: 74096K->1920K(75264K)] 410182K->338006K(541184K), 0.0017229 secs] [Times: user=0.01 sys=0.00, real=0.00 secs] 
1748.851: [GC (Allocation Failure) [PSYoungGen: 75136K->1376K(76288K)] 411222K->337462K(542208K), 0.0022242 secs] [Times: user=0.01 sys=0.00, real=0.00 secs] 
1749.189: [GC (Allocation Failure) [PSYoungGen: 75616K->1376K(80384K)] 411702K->337462K(546304K), 0.0018002 secs] [Times: user=0.01 sys=0.01, real=0.00 secs] 
1749.808: [GC (Allocation Failure) [PSYoungGen: 79712K->1408K(79360K)] 415798K->337502K(545280K), 0.0019378 secs] [Times: user=0.01 sys=0.00, real=0.00 secs] 
1751.031: [GC (Allocation Failure) [PSYoungGen: 79232K->1408K(78848K)] 415326K->337502K(544768K), 0.0017893 secs] [Times: user=0.01 sys=0.00, real=0.00 secs] 
1751.352: [GC (Allocation Failure) [PSYoungGen: 78720K->1376K(78336K)] 414814K->337470K(544256K), 0.0016983 secs] [Times: user=0.01 sys=0.00, real=0.00 secs] 
1751.671: [GC (Allocation Failure) [PSYoungGen: 78176K->1344K(77824K)] 414270K->337438K(543744K), 0.0016891 secs] [Times: user=0.01 sys=0.00, real=0.00 secs] 
1751.987: [GC (Allocation Failure) [PSYoungGen: 77632K->1344K(77312K)] 413726K->337438K(543232K), 0.0019300 secs] [Times: user=0.01 sys=0.00, real=0.00 secs] 
1753.855: [GC (Allocation Failure) [PSYoungGen: 77120K->1408K(76800K)] 413214K->337502K(542720K), 0.0038106 secs] [Times: user=0.02 sys=0.00, real=0.01 secs] 
1754.652: [GC (Allocation Failure) [PSYoungGen: 76672K->1376K(76288K)] 412766K->337470K(542208K), 0.0027910 secs] [Times: user=0.01 sys=0.00, real=0.00 secs] 
1755.452: [GC (Allocation Failure) [PSYoungGen: 76128K->1344K(75776K)] 412222K->337438K(541696K), 0.0042160 secs] [Times: user=0.01 sys=0.01, real=0.01 secs] 
1756.243: [GC (Allocation Failure) [PSYoungGen: 75584K->1376K(75264K)] 411678K->337470K(541184K), 0.0032866 secs] [Times: user=0.01 sys=0.00, real=0.01 secs] 
1758.208: [GC (Allocation Failure) [PSYoungGen: 75104K->1408K(74752K)] 411198K->337502K(540672K), 0.0041157 secs] [Times: user=0.02 sys=0.00, real=0.00 secs] 
1758.810: [GC (Allocation Failure) [PSYoungGen: 74624K->1376K(74240K)] 410718K->337470K(540160K), 0.0029182 secs] [Times: user=0.01 sys=0.00, real=0.00 secs] 
1759.338: [GC (Allocation Failure) [PSYoungGen: 74080K->1360K(73728K)] 410174K->337454K(539648K), 0.0021329 secs] [Times: user=0.01 sys=0.00, real=0.00 secs] 
1760.841: [GC (Allocation Failure) [PSYoungGen: 73164K->224K(72192K)] 409259K->336334K(538112K), 0.0015323 secs] [Times: user=0.01 sys=0.00, real=0.00 secs] 
1761.184: [GC (Allocation Failure) [PSYoungGen: 71904K->1376K(72704K)] 408014K->337486K(538624K), 0.0024377 secs] [Times: user=0.01 sys=0.00, real=0.01 secs] 
1761.479: [GC (Allocation Failure) [PSYoungGen: 72544K->1408K(72192K)] 408654K->337518K(538112K), 0.0020289 secs] [Times: user=0.01 sys=0.00, real=0.00 secs] 
1761.773: [GC (Allocation Failure) [PSYoungGen: 72064K->1312K(72704K)] 408174K->337422K(538624K), 0.0020807 secs] [Times: user=0.00 sys=0.00, real=0.00 secs] 
1762.794: [GC (Allocation Failure) [PSYoungGen: 71968K->1472K(71680K)] 408078K->337590K(537600K), 0.0018394 secs] [Times: user=0.01 sys=0.00, real=0.00 secs] 
1763.583: [GC (Allocation Failure) [PSYoungGen: 71616K->1376K(71168K)] 407734K->337494K(537088K), 0.0028915 secs] [Times: user=0.02 sys=0.00, real=0.00 secs] 
1764.280: [GC (Allocation Failure) [PSYoungGen: 71008K->1408K(70656K)] 407126K->337526K(536576K), 0.0024772 secs] [Times: user=0.01 sys=0.00, real=0.00 secs] 
1764.895: [GC (Allocation Failure) [PSYoungGen: 70528K->1408K(70144K)] 406646K->337526K(536064K), 0.0035445 secs] [Times: user=0.01 sys=0.00, real=0.01 secs] 
1765.479: [GC (Allocation Failure) [PSYoungGen: 70016K->1376K(69632K)] 406134K->337494K(535552K), 0.0040990 secs] [Times: user=0.02 sys=0.00, real=0.00 secs] 
1767.003: [GC (Allocation Failure) [PSYoungGen: 69472K->1376K(69120K)] 405590K->337494K(535040K), 0.0039882 secs] [Times: user=0.01 sys=0.00, real=0.01 secs] 
1767.406: [GC (Allocation Failure) [PSYoungGen: 68960K->1376K(68608K)] 405078K->337494K(534528K), 0.0028654 secs] [Times: user=0.01 sys=0.00, real=0.01 secs] 
1767.686: [GC (Allocation Failure) [PSYoungGen: 68448K->1344K(69120K)] 404566K->337462K(535040K), 0.0021398 secs] [Times: user=0.01 sys=0.00, real=0.01 secs] 
1767.964: [GC (Allocation Failure) [PSYoungGen: 68416K->1360K(69120K)] 404534K->337478K(535040K), 0.0020380 secs] [Times: user=0.01 sys=0.00, real=0.01 secs] 
1769.907: [GC (Allocation Failure) [PSYoungGen: 68432K->1408K(68096K)] 404550K->337526K(534016K), 0.0037016 secs] [Times: user=0.02 sys=0.00, real=0.00 secs] 
1770.660: [GC (Allocation Failure) [PSYoungGen: 67968K->1376K(68096K)] 404086K->337494K(534016K), 0.0033683 secs] [Times: user=0.01 sys=0.00, real=0.00 secs] 
1771.251: [GC (Allocation Failure) [PSYoungGen: 67936K->1392K(68096K)] 404054K->337518K(534016K), 0.0028429 secs] [Times: user=0.01 sys=0.00, real=0.00 secs] 
1771.535: [GC (Allocation Failure) [PSYoungGen: 67952K->1376K(73216K)] 404078K->337510K(539136K), 0.0019960 secs] [Times: user=0.00 sys=0.00, real=0.01 secs] 
1772.730: [GC (Allocation Failure) [PSYoungGen: 72544K->1408K(72192K)] 408678K->337542K(538112K), 0.0022515 secs] [Times: user=0.01 sys=0.00, real=0.00 secs] 
1773.439: [GC (Allocation Failure) [PSYoungGen: 72064K->1312K(71680K)] 408198K->337446K(537600K), 0.0031752 secs] [Times: user=0.02 sys=0.00, real=0.00 secs] 
1774.167: [GC (Allocation Failure) [PSYoungGen: 71456K->1344K(71168K)] 407590K->337478K(537088K), 0.0031113 secs] [Times: user=0.01 sys=0.00, real=0.00 secs] 
1774.815: [GC (Allocation Failure) [PSYoungGen: 70976K->1408K(70656K)] 407110K->337542K(536576K), 0.0028888 secs] [Times: user=0.01 sys=0.00, real=0.01 secs] 
1776.109: [GC (Allocation Failure) [PSYoungGen: 70528K->1440K(70144K)] 406662K->337574K(536064K), 0.0017219 secs] [Times: user=0.00 sys=0.00, real=0.00 secs] 
1776.393: [GC (Allocation Failure) [PSYoungGen: 70048K->1360K(69632K)] 406182K->337494K(535552K), 0.0017689 secs] [Times: user=0.00 sys=0.00, real=0.00 secs] 
1776.692: [GC (Allocation Failure) [PSYoungGen: 69456K->1344K(69120K)] 405590K->337478K(535040K), 0.0018153 secs] [Times: user=0.01 sys=0.00, real=0.00 secs] 
1776.990: [GC (Allocation Failure) [PSYoungGen: 68928K->1344K(68608K)] 405062K->337478K(534528K), 0.0017993 secs] [Times: user=0.01 sys=0.00, real=0.00 secs] 
1778.172: [GC (Allocation Failure) [PSYoungGen: 68416K->352K(67072K)] 404550K->337510K(532992K), 0.0018844 secs] [Times: user=0.00 sys=0.01, real=0.00 secs] 
1778.488: [GC (Allocation Failure) [PSYoungGen: 66912K->352K(68608K)] 404070K->337510K(534528K), 0.0018084 secs] [Times: user=0.00 sys=0.00, real=0.00 secs] 
1778.766: [GC (Allocation Failure) [PSYoungGen: 66912K->384K(69120K)] 404070K->337542K(535040K), 0.0020042 secs] [Times: user=0.01 sys=0.00, real=0.00 secs] 
1779.044: [GC (Allocation Failure) [PSYoungGen: 67456K->320K(69120K)] 404614K->337486K(535040K), 0.0019014 secs] [Times: user=0.01 sys=0.00, real=0.00 secs] 
1780.237: [GC (Allocation Failure) [PSYoungGen: 67392K->1408K(68096K)] 404558K->338574K(534016K), 0.0025901 secs] [Times: user=0.01 sys=0.00, real=0.00 secs] 
1782.014: [GC (Allocation Failure) [PSYoungGen: 67968K->1376K(68096K)] 405134K->338558K(534016K), 0.0036788 secs] [Times: user=0.02 sys=0.00, real=0.01 secs] 
1783.027: [GC (Allocation Failure) [PSYoungGen: 67936K->1440K(68096K)] 405118K->338622K(534016K), 0.0031965 secs] [Times: user=0.01 sys=0.01, real=0.00 secs] 
1783.547: [GC (Allocation Failure) [PSYoungGen: 68000K->1376K(68096K)] 405182K->338558K(534016K), 0.0026559 secs] [Times: user=0.01 sys=0.00, real=0.00 secs] 
1784.107: [GC (Allocation Failure) [PSYoungGen: 67936K->1376K(68096K)] 405118K->338558K(534016K), 0.0021554 secs] [Times: user=0.00 sys=0.00, real=0.00 secs] 
1786.293: [GC (Allocation Failure) [PSYoungGen: 67936K->1424K(68096K)] 405118K->338606K(534016K), 0.0035579 secs] [Times: user=0.02 sys=0.00, real=0.01 secs] 
1786.927: [GC (Allocation Failure) [PSYoungGen: 67984K->1312K(68096K)] 405166K->338494K(534016K), 0.0028199 secs] [Times: user=0.01 sys=0.00, real=0.00 secs] 
1787.461: [GC (Allocation Failure) [PSYoungGen: 67872K->1328K(68096K)] 405054K->338510K(534016K), 0.0027215 secs] [Times: user=0.01 sys=0.00, real=0.00 secs] 
1787.986: [GC (Allocation Failure) [PSYoungGen: 67888K->1344K(68096K)] 405070K->338526K(534016K), 0.0026694 secs] [Times: user=0.01 sys=0.01, real=0.01 secs] 
1789.515: [GC (Allocation Failure) [PSYoungGen: 67904K->1376K(68096K)] 405086K->338558K(534016K), 0.0026621 secs] [Times: user=0.01 sys=0.00, real=0.01 secs] 
1790.644: [GC (Allocation Failure) [PSYoungGen: 67936K->1376K(68096K)] 405118K->338558K(534016K), 0.0040860 secs] [Times: user=0.02 sys=0.00, real=0.01 secs] 
1791.531: [GC (Allocation Failure) [PSYoungGen: 67936K->1376K(68608K)] 405118K->338558K(534528K), 0.0039045 secs] [Times: user=0.01 sys=0.00, real=0.00 secs] 
1792.418: [GC (Allocation Failure) [PSYoungGen: 67936K->1408K(68608K)] 405118K->338590K(534528K), 0.0033268 secs] [Times: user=0.01 sys=0.00, real=0.00 secs] 
1794.068: [GC (Allocation Failure) [PSYoungGen: 67968K->1408K(68608K)] 405150K->338590K(534528K), 0.0017947 secs] [Times: user=0.01 sys=0.00, real=0.00 secs] 
1794.933: [GC (Allocation Failure) [PSYoungGen: 67968K->1344K(68608K)] 405150K->338526K(534528K), 0.0020451 secs] [Times: user=0.01 sys=0.00, real=0.00 secs] 
1795.564: [GC (Allocation Failure) [PSYoungGen: 67904K->1408K(68608K)] 405086K->338590K(534528K), 0.0019816 secs] [Times: user=0.01 sys=0.00, real=0.01 secs] 
1796.169: [GC (Allocation Failure) [PSYoungGen: 67968K->1376K(68608K)] 405150K->338566K(534528K), 0.0022405 secs] [Times: user=0.01 sys=0.00, real=0.00 secs] 
1797.585: [GC (Allocation Failure) [PSYoungGen: 67936K->1408K(68608K)] 405126K->338598K(534528K), 0.0017972 secs] [Times: user=0.01 sys=0.00, real=0.01 secs] 
1798.630: [GC (Allocation Failure) [PSYoungGen: 67968K->1376K(68608K)] 405158K->338566K(534528K), 0.0031132 secs] [Times: user=0.02 sys=0.00, real=0.00 secs] 
1799.494: [GC (Allocation Failure) [PSYoungGen: 67936K->1376K(68608K)] 405126K->338566K(534528K), 0.0025095 secs] [Times: user=0.01 sys=0.00, real=0.01 secs] 
1800.672: [GC (Allocation Failure) [PSYoungGen: 67936K->1376K(68608K)] 405126K->338566K(534528K), 0.0042518 secs] [Times: user=0.01 sys=0.00, real=0.01 secs] 
1801.948: [GC (Allocation Failure) [PSYoungGen: 67936K->1376K(68608K)] 405126K->338566K(534528K), 0.0033763 secs] [Times: user=0.01 sys=0.00, real=0.00 secs] 
1803.647: [GC (Allocation Failure) [PSYoungGen: 67936K->1440K(68608K)] 405126K->338630K(534528K), 0.0040684 secs] [Times: user=0.01 sys=0.00, real=0.00 secs] 
1804.335: [GC (Allocation Failure) [PSYoungGen: 68000K->1376K(68608K)] 405190K->338566K(534528K), 0.0024815 secs] [Times: user=0.01 sys=0.00, real=0.01 secs] 
1804.930: [GC (Allocation Failure) [PSYoungGen: 67936K->1376K(68608K)] 405126K->338566K(534528K), 0.0024873 secs] [Times: user=0.01 sys=0.00, real=0.00 secs] 
1805.560: [GC (Allocation Failure) [PSYoungGen: 67936K->1376K(68608K)] 405126K->338566K(534528K), 0.0027599 secs] [Times: user=0.01 sys=0.00, real=0.00 secs] 
1806.996: [GC (Allocation Failure) [PSYoungGen: 67936K->1408K(68608K)] 405126K->338606K(534528K), 0.0023000 secs] [Times: user=0.01 sys=0.00, real=0.01 secs] 
1807.852: [GC (Allocation Failure) [PSYoungGen: 67968K->1376K(68608K)] 405166K->338574K(534528K), 0.0037178 secs] [Times: user=0.01 sys=0.00, real=0.00 secs] 
1808.827: [GC (Allocation Failure) [PSYoungGen: 67936K->1376K(68608K)] 405134K->338574K(534528K), 0.0037978 secs] [Times: user=0.02 sys=0.00, real=0.00 secs] 
1809.588: [GC (Allocation Failure) [PSYoungGen: 67936K->1376K(68608K)] 405134K->338574K(534528K), 0.0049252 secs] [Times: user=0.02 sys=0.01, real=0.00 secs] 
1810.932: [GC (Allocation Failure) [PSYoungGen: 67936K->1408K(68608K)] 405134K->338606K(534528K), 0.0016248 secs] [Times: user=0.01 sys=0.00, real=0.00 secs] 
1811.239: [GC (Allocation Failure) [PSYoungGen: 67968K->1408K(68608K)] 405166K->338606K(534528K), 0.0017704 secs] [Times: user=0.01 sys=0.00, real=0.00 secs] 
1811.844: [GC (Allocation Failure) [PSYoungGen: 67968K->1376K(68096K)] 405166K->338574K(534016K), 0.0038865 secs] [Times: user=0.02 sys=0.00, real=0.01 secs] 
1812.575: [GC (Allocation Failure) [PSYoungGen: 67936K->1376K(68096K)] 405134K->338574K(534016K), 0.0038374 secs] [Times: user=0.02 sys=0.00, real=0.01 secs] 
1814.064: [GC (Allocation Failure) [PSYoungGen: 67936K->384K(67584K)] 405134K->338606K(533504K), 0.0019958 secs] [Times: user=0.01 sys=0.00, real=0.01 secs] 
1814.657: [GC (Allocation Failure) [PSYoungGen: 66944K->320K(68608K)] 405166K->338542K(534528K), 0.0022355 secs] [Times: user=0.01 sys=0.00, real=0.00 secs] 
1814.934: [GC (Allocation Failure) [PSYoungGen: 66880K->352K(68608K)] 405102K->338590K(534528K), 0.0019453 secs] [Times: user=0.01 sys=0.00, real=0.01 secs] 
1815.210: [GC (Allocation Failure) [PSYoungGen: 66912K->320K(68608K)] 405150K->338558K(534528K), 0.0019329 secs] [Times: user=0.01 sys=0.00, real=0.00 secs] 
1815.734: [GC (Allocation Failure) [PSYoungGen: 66880K->336K(68608K)] 405118K->338574K(534528K), 0.0019168 secs] [Times: user=0.01 sys=0.00, real=0.01 secs] 
1816.829: [GC (Allocation Failure) [PSYoungGen: 66896K->1344K(68608K)] 405134K->339582K(534528K), 0.0020668 secs] [Times: user=0.01 sys=0.00, real=0.00 secs] 
1817.123: [GC (Allocation Failure) [PSYoungGen: 67904K->1312K(68608K)] 406142K->339550K(534528K), 0.0019689 secs] [Times: user=0.01 sys=0.00, real=0.00 secs] 
1817.435: [GC (Allocation Failure) [PSYoungGen: 67872K->1392K(68608K)] 406110K->339630K(534528K), 0.0020377 secs] [Times: user=0.01 sys=0.00, real=0.01 secs] 
1817.745: [GC (Allocation Failure) [PSYoungGen: 67952K->1408K(69120K)] 406190K->339654K(535040K), 0.0021568 secs] [Times: user=0.01 sys=0.00, real=0.01 secs] 
1818.805: [GC (Allocation Failure) [PSYoungGen: 67968K->1440K(69120K)] 406214K->339694K(535040K), 0.0018274 secs] [Times: user=0.00 sys=0.00, real=0.01 secs] 
1819.280: [GC (Allocation Failure) [PSYoungGen: 68000K->1376K(69120K)] 406254K->339638K(535040K), 0.0018803 secs] [Times: user=0.00 sys=0.00, real=0.00 secs] 
1819.843: [GC (Allocation Failure) [PSYoungGen: 67936K->1312K(69120K)] 406198K->339574K(535040K), 0.0026483 secs] [Times: user=0.01 sys=0.00, real=0.00 secs] 
1820.377: [GC (Allocation Failure) [PSYoungGen: 67872K->1360K(68096K)] 406134K->339654K(534016K), 0.0028443 secs] [Times: user=0.01 sys=0.00, real=0.00 secs] 
1821.618: [GC (Allocation Failure) [PSYoungGen: 67920K->1440K(68608K)] 406214K->339734K(534528K), 0.0017644 secs] [Times: user=0.01 sys=0.00, real=0.00 secs] 
1822.064: [GC (Allocation Failure) [PSYoungGen: 68000K->1376K(68096K)] 406294K->339670K(534016K), 0.0021294 secs] [Times: user=0.01 sys=0.00, real=0.01 secs] 
1822.583: [GC (Allocation Failure) [PSYoungGen: 67936K->1408K(68608K)] 406230K->339702K(534528K), 0.0034387 secs] [Times: user=0.02 sys=0.01, real=0.01 secs] 
1823.291: [GC (Allocation Failure) [PSYoungGen: 67968K->1408K(68608K)] 406262K->339702K(534528K), 0.0035199 secs] [Times: user=0.02 sys=0.00, real=0.00 secs] 
1824.829: [GC (Allocation Failure) [PSYoungGen: 67968K->1392K(68608K)] 406262K->339686K(534528K), 0.0019498 secs] [Times: user=0.01 sys=0.00, real=0.00 secs] 
1825.125: [GC (Allocation Failure) [PSYoungGen: 67952K->1312K(68608K)] 406246K->339606K(534528K), 0.0020726 secs] [Times: user=0.00 sys=0.00, real=0.01 secs] 
1825.402: [GC (Allocation Failure) [PSYoungGen: 67872K->1344K(68608K)] 406166K->339638K(534528K), 0.0019085 secs] [Times: user=0.01 sys=0.00, real=0.00 secs] 
1825.678: [GC (Allocation Failure) [PSYoungGen: 67904K->1376K(68608K)] 406198K->339670K(534528K), 0.0018523 secs] [Times: user=0.00 sys=0.00, real=0.00 secs] 
1826.626: [GC (Allocation Failure) [PSYoungGen: 67932K->128K(68608K)] 406226K->338422K(534528K), 0.0018627 secs] [Times: user=0.00 sys=0.00, real=0.01 secs] 
1826.931: [GC (Allocation Failure) [PSYoungGen: 66688K->1344K(68608K)] 404982K->339638K(534528K), 0.0019671 secs] [Times: user=0.01 sys=0.00, real=0.00 secs] 
1827.208: [GC (Allocation Failure) [PSYoungGen: 67904K->1376K(68608K)] 406198K->339670K(534528K), 0.0018843 secs] [Times: user=0.00 sys=0.00, real=0.00 secs] 
1827.484: [GC (Allocation Failure) [PSYoungGen: 67936K->1376K(73728K)] 406230K->339670K(539648K), 0.0019713 secs] [Times: user=0.00 sys=0.00, real=0.01 secs] 
1828.013: [GC (Allocation Failure) [PSYoungGen: 73056K->1376K(73728K)] 411350K->339670K(539648K), 0.0021010 secs] [Times: user=0.01 sys=0.00, real=0.00 secs] 
1829.478: [GC (Allocation Failure) [PSYoungGen: 73056K->1408K(72704K)] 411350K->339702K(538624K), 0.0024230 secs] [Times: user=0.01 sys=0.00, real=0.00 secs] 
1829.973: [GC (Allocation Failure) [PSYoungGen: 72576K->1408K(72192K)] 410870K->339702K(538112K), 0.0018733 secs] [Times: user=0.01 sys=0.00, real=0.00 secs] 
1830.354: [GC (Allocation Failure) [PSYoungGen: 72064K->1344K(71680K)] 410358K->339662K(537600K), 0.0022558 secs] [Times: user=0.01 sys=0.00, real=0.01 secs] 
1831.104: [GC (Allocation Failure) [PSYoungGen: 71488K->1344K(71168K)] 409806K->339662K(537088K), 0.0028116 secs] [Times: user=0.01 sys=0.00, real=0.01 secs] 
1832.510: [GC (Allocation Failure) [PSYoungGen: 70976K->1440K(70656K)] 409294K->339758K(536576K), 0.0021048 secs] [Times: user=0.01 sys=0.00, real=0.00 secs] 
1832.798: [GC (Allocation Failure) [PSYoungGen: 70560K->1344K(70144K)] 408878K->339662K(536064K), 0.0023863 secs] [Times: user=0.01 sys=0.00, real=0.00 secs] 
1833.085: [GC (Allocation Failure) [PSYoungGen: 69952K->1376K(75264K)] 408270K->339694K(541184K), 0.0021451 secs] [Times: user=0.01 sys=0.00, real=0.01 secs] 
1833.391: [GC (Allocation Failure) [PSYoungGen: 75104K->1408K(75776K)] 413422K->339726K(541696K), 0.0020314 secs] [Times: user=0.01 sys=0.00, real=0.00 secs] 
1834.621: [GC (Allocation Failure) [PSYoungGen: 75136K->1392K(74752K)] 413454K->339710K(540672K), 0.0026670 secs] [Times: user=0.01 sys=0.00, real=0.00 secs] 
1835.208: [GC (Allocation Failure) [PSYoungGen: 74608K->1408K(80896K)] 412926K->339726K(546816K), 0.0073379 secs] [Times: user=0.01 sys=0.03, real=0.00 secs] 
1835.831: [GC (Allocation Failure) [PSYoungGen: 80256K->1376K(81408K)] 418574K->339694K(547328K), 0.0022109 secs] [Times: user=0.01 sys=0.00, real=0.00 secs] 
1837.216: [GC (Allocation Failure) [PSYoungGen: 80736K->1408K(80384K)] 419054K->339726K(546304K), 0.0019031 secs] [Times: user=0.01 sys=0.00, real=0.01 secs] 
1838.385: [GC (Allocation Failure) [PSYoungGen: 80256K->1408K(79872K)] 418574K->339726K(545792K), 0.0032143 secs] [Times: user=0.01 sys=0.00, real=0.01 secs] 
1839.006: [GC (Allocation Failure) [PSYoungGen: 79744K->1344K(79360K)] 418062K->339662K(545280K), 0.0022903 secs] [Times: user=0.01 sys=0.00, real=0.01 secs] 
1839.660: [GC (Allocation Failure) [PSYoungGen: 79168K->1376K(78848K)] 417486K->339694K(544768K), 0.0023738 secs] [Times: user=0.01 sys=0.00, real=0.00 secs] 
1841.031: [GC (Allocation Failure) [PSYoungGen: 78688K->1440K(78336K)] 417006K->339758K(544256K), 0.0020464 secs] [Times: user=0.00 sys=0.00, real=0.00 secs] 
1841.719: [GC (Allocation Failure) [PSYoungGen: 78240K->1344K(77824K)] 416558K->339662K(543744K), 0.0028947 secs] [Times: user=0.01 sys=0.01, real=0.00 secs] 
1842.472: [GC (Allocation Failure) [PSYoungGen: 77632K->1408K(77312K)] 415950K->339726K(543232K), 0.0030140 secs] [Times: user=0.01 sys=0.00, real=0.00 secs] 
1843.294: [GC (Allocation Failure) [PSYoungGen: 77184K->1408K(76800K)] 415502K->339734K(542720K), 0.0033028 secs] [Times: user=0.01 sys=0.00, real=0.01 secs] 
1844.411: [GC (Allocation Failure) [PSYoungGen: 76672K->1344K(76288K)] 414998K->339670K(542208K), 0.0016620 secs] [Times: user=0.00 sys=0.00, real=0.00 secs] 
1845.011: [GC (Allocation Failure) [PSYoungGen: 76096K->1408K(75776K)] 414422K->339734K(541696K), 0.0020478 secs] [Times: user=0.01 sys=0.00, real=0.00 secs] 
1845.718: [GC (Allocation Failure) [PSYoungGen: 75648K->1312K(75264K)] 413974K->339638K(541184K), 0.0023622 secs] [Times: user=0.01 sys=0.00, real=0.00 secs] 
1847.105: [GC (Allocation Failure) [PSYoungGen: 75040K->1632K(75264K)] 413366K->339958K(541184K), 0.0017873 secs] [Times: user=0.01 sys=0.00, real=0.01 secs] 
1847.507: [GC (Allocation Failure) [PSYoungGen: 74848K->1312K(74240K)] 413174K->339638K(540160K), 0.0018587 secs] [Times: user=0.01 sys=0.00, real=0.00 secs] 
1847.825: [GC (Allocation Failure) [PSYoungGen: 74016K->1376K(73728K)] 412342K->339702K(539648K), 0.0017962 secs] [Times: user=0.01 sys=0.00, real=0.01 secs] 
1848.125: [GC (Allocation Failure) [PSYoungGen: 73568K->1344K(73216K)] 411894K->339670K(539136K), 0.0018938 secs] [Times: user=0.00 sys=0.00, real=0.01 secs] 
1849.194: [GC (Allocation Failure) [PSYoungGen: 73024K->1376K(72704K)] 411350K->339702K(538624K), 0.0016851 secs] [Times: user=0.01 sys=0.00, real=0.00 secs] 
1849.541: [GC (Allocation Failure) [PSYoungGen: 72544K->1312K(72192K)] 410870K->339638K(538112K), 0.0019890 secs] [Times: user=0.00 sys=0.00, real=0.00 secs] 
1849.835: [GC (Allocation Failure) [PSYoungGen: 71968K->1344K(71680K)] 410294K->339670K(537600K), 0.0019543 secs] [Times: user=0.01 sys=0.00, real=0.01 secs] 
1850.235: [GC (Allocation Failure) [PSYoungGen: 71488K->1376K(71168K)] 409814K->339702K(537088K), 0.0019363 secs] [Times: user=0.01 sys=0.00, real=0.01 secs] 
1851.529: [GC (Allocation Failure) [PSYoungGen: 71008K->1408K(70656K)] 409334K->339750K(536576K), 0.0022562 secs] [Times: user=0.01 sys=0.00, real=0.00 secs] 
1852.342: [GC (Allocation Failure) [PSYoungGen: 70528K->1344K(70144K)] 408870K->339686K(536064K), 0.0032379 secs] [Times: user=0.01 sys=0.00, real=0.00 secs] 
1852.895: [GC (Allocation Failure) [PSYoungGen: 69952K->352K(68608K)] 408294K->339718K(534528K), 0.0022348 secs] [Times: user=0.01 sys=0.00, real=0.01 secs] 
1853.604: [GC (Allocation Failure) [PSYoungGen: 68448K->384K(69632K)] 407814K->339750K(535552K), 0.0021577 secs] [Times: user=0.01 sys=0.00, real=0.01 secs] 
1855.005: [GC (Allocation Failure) [PSYoungGen: 67968K->1408K(68608K)] 407334K->340774K(534528K), 0.0017269 secs] [Times: user=0.01 sys=0.00, real=0.01 secs] 
1856.216: [GC (Allocation Failure) [PSYoungGen: 68480K->1344K(68096K)] 407846K->340710K(534016K), 0.0029012 secs] [Times: user=0.01 sys=0.00, real=0.00 secs] 
1857.666: [GC (Allocation Failure) [PSYoungGen: 67904K->1392K(68096K)] 407270K->340758K(534016K), 0.0028512 secs] [Times: user=0.01 sys=0.00, real=0.01 secs] 
1858.562: [GC (Allocation Failure) [PSYoungGen: 67952K->1312K(68096K)] 407318K->340678K(534016K), 0.0034629 secs] [Times: user=0.01 sys=0.00, real=0.01 secs] 
1859.276: [GC (Allocation Failure) [PSYoungGen: 67872K->1376K(68608K)] 407238K->340742K(534528K), 0.0030875 secs] [Times: user=0.01 sys=0.00, real=0.00 secs] 
1861.307: [GC (Allocation Failure) [PSYoungGen: 67936K->1424K(68608K)] 407302K->340790K(534528K), 0.0032480 secs] [Times: user=0.02 sys=0.00, real=0.00 secs] 
1862.002: [GC (Allocation Failure) [PSYoungGen: 67984K->1392K(68608K)] 407350K->340758K(534528K), 0.0027095 secs] [Times: user=0.01 sys=0.00, real=0.00 secs] 
1862.611: [GC (Allocation Failure) [PSYoungGen: 67952K->1344K(68608K)] 407318K->340710K(534528K), 0.0023125 secs] [Times: user=0.01 sys=0.00, real=0.00 secs] 
1863.164: [GC (Allocation Failure) [PSYoungGen: 67904K->1344K(68608K)] 407270K->340710K(534528K), 0.0019412 secs] [Times: user=0.01 sys=0.00, real=0.00 secs] 
1864.859: [GC (Allocation Failure) [PSYoungGen: 67904K->1408K(68608K)] 407270K->340774K(534528K), 0.0031511 secs] [Times: user=0.01 sys=0.00, real=0.00 secs] 
1865.782: [GC (Allocation Failure) [PSYoungGen: 67968K->1344K(68608K)] 407334K->340710K(534528K), 0.0037026 secs] [Times: user=0.02 sys=0.00, real=0.00 secs] 
1866.816: [GC (Allocation Failure) [PSYoungGen: 67904K->1392K(68608K)] 407270K->340774K(534528K), 0.0038325 secs] [Times: user=0.02 sys=0.00, real=0.00 secs] 
1867.870: [GC (Allocation Failure) [PSYoungGen: 67952K->1376K(68608K)] 407334K->340758K(534528K), 0.0040687 secs] [Times: user=0.02 sys=0.00, real=0.00 secs] 
1869.689: [GC (Allocation Failure) [PSYoungGen: 67936K->1440K(68608K)] 407318K->340822K(534528K), 0.0021967 secs] [Times: user=0.01 sys=0.00, real=0.00 secs] 
1870.840: [GC (Allocation Failure) [PSYoungGen: 68000K->1344K(68608K)] 407382K->340726K(534528K), 0.0034416 secs] [Times: user=0.02 sys=0.00, real=0.00 secs] 
1871.630: [GC (Allocation Failure) [PSYoungGen: 67904K->1408K(68608K)] 407286K->340790K(534528K), 0.0026452 secs] [Times: user=0.01 sys=0.00, real=0.00 secs] 
1872.682: [GC (Allocation Failure) [PSYoungGen: 67968K->1408K(68608K)] 407350K->340790K(534528K), 0.0039642 secs] [Times: user=0.02 sys=0.00, real=0.01 secs] 
1874.339: [GC (Allocation Failure) [PSYoungGen: 67968K->1920K(68608K)] 407350K->341302K(534528K), 0.0018673 secs] [Times: user=0.01 sys=0.00, real=0.00 secs] 
1874.994: [GC (Allocation Failure) [PSYoungGen: 68480K->1376K(68608K)] 407862K->340758K(534528K), 0.0036949 secs] [Times: user=0.02 sys=0.00, real=0.01 secs] 
1875.796: [GC (Allocation Failure) [PSYoungGen: 67936K->1344K(68608K)] 407318K->340726K(534528K), 0.0039486 secs] [Times: user=0.01 sys=0.00, real=0.00 secs] 
1876.794: [GC (Allocation Failure) [PSYoungGen: 67904K->1344K(68608K)] 407286K->340734K(534528K), 0.0027050 secs] [Times: user=0.01 sys=0.00, real=0.01 secs] 
1877.804: [GC (Allocation Failure) [PSYoungGen: 67904K->1344K(68608K)] 407294K->340734K(534528K), 0.0032964 secs] [Times: user=0.02 sys=0.00, real=0.01 secs] 
1879.043: [GC (Allocation Failure) [PSYoungGen: 67904K->1408K(68608K)] 407294K->340798K(534528K), 0.0027404 secs] [Times: user=0.01 sys=0.00, real=0.00 secs] 
1879.328: [GC (Allocation Failure) [PSYoungGen: 67968K->1344K(68608K)] 407358K->340734K(534528K), 0.0020095 secs] [Times: user=0.01 sys=0.00, real=0.00 secs] 
1879.623: [GC (Allocation Failure) [PSYoungGen: 67904K->1408K(68608K)] 407294K->340798K(534528K), 0.0020037 secs] [Times: user=0.01 sys=0.00, real=0.00 secs] 
1880.111: [GC (Allocation Failure) [PSYoungGen: 67968K->1408K(68608K)] 407358K->340798K(534528K), 0.0028901 secs] [Times: user=0.01 sys=0.01, real=0.00 secs] 
1881.628: [GC (Allocation Failure) [PSYoungGen: 67968K->1376K(68608K)] 407358K->340766K(534528K), 0.0016298 secs] [Times: user=0.00 sys=0.01, real=0.00 secs] 
1882.286: [GC (Allocation Failure) [PSYoungGen: 67936K->1392K(68608K)] 407326K->340782K(534528K), 0.0039254 secs] [Times: user=0.01 sys=0.00, real=0.00 secs] 
1882.818: [GC (Allocation Failure) [PSYoungGen: 67952K->1344K(68608K)] 407342K->340742K(534528K), 0.0027924 secs] [Times: user=0.01 sys=0.00, real=0.00 secs] 
1883.284: [GC (Allocation Failure) [PSYoungGen: 67904K->1360K(68608K)] 407302K->340758K(534528K), 0.0018579 secs] [Times: user=0.00 sys=0.00, real=0.00 secs] 
1884.730: [GC (Allocation Failure) [PSYoungGen: 67920K->1408K(68608K)] 407318K->340814K(534528K), 0.0019400 secs] [Times: user=0.01 sys=0.00, real=0.00 secs] 
1885.790: [GC (Allocation Failure) [PSYoungGen: 67968K->1408K(68608K)] 407374K->340814K(534528K), 0.0036066 secs] [Times: user=0.01 sys=0.00, real=0.00 secs] 
1886.769: [GC (Allocation Failure) [PSYoungGen: 67968K->1344K(68096K)] 407374K->340750K(534016K), 0.0068576 secs] [Times: user=0.02 sys=0.00, real=0.00 secs] 
1887.478: [GC (Allocation Failure) [PSYoungGen: 67904K->1344K(68096K)] 407310K->340750K(534016K), 0.0034775 secs] [Times: user=0.02 sys=0.00, real=0.00 secs] 
1888.922: [GC (Allocation Failure) [PSYoungGen: 67904K->832K(67584K)] 407310K->341262K(533504K), 0.0019873 secs] [Times: user=0.00 sys=0.00, real=0.00 secs] 
1889.889: [GC (Allocation Failure) [PSYoungGen: 67392K->352K(68608K)] 407822K->340782K(534528K), 0.0019167 secs] [Times: user=0.01 sys=0.00, real=0.00 secs] 
1890.488: [GC (Allocation Failure) [PSYoungGen: 66912K->352K(68608K)] 407342K->340782K(534528K), 0.0022760 secs] [Times: user=0.01 sys=0.00, real=0.00 secs] 
1891.019: [GC (Allocation Failure) [PSYoungGen: 66912K->304K(68608K)] 407342K->340734K(534528K), 0.0020267 secs] [Times: user=0.01 sys=0.00, real=0.00 secs] 
1891.649: [GC (Allocation Failure) [PSYoungGen: 66864K->352K(68608K)] 407294K->340782K(534528K), 0.0021613 secs] [Times: user=0.01 sys=0.01, real=0.00 secs] 
1893.124: [GC (Allocation Failure) [PSYoungGen: 66912K->1408K(68608K)] 407342K->341838K(534528K), 0.0023762 secs] [Times: user=0.01 sys=0.00, real=0.01 secs] 
1893.402: [GC (Allocation Failure) [PSYoungGen: 67968K->1328K(68608K)] 408398K->341758K(534528K), 0.0022471 secs] [Times: user=0.01 sys=0.00, real=0.00 secs] 
1893.679: [GC (Allocation Failure) [PSYoungGen: 67888K->1376K(68608K)] 408318K->341814K(534528K), 0.0021828 secs] [Times: user=0.00 sys=0.00, real=0.00 secs] 
1894.049: [GC (Allocation Failure) [PSYoungGen: 67936K->1328K(68608K)] 408374K->341766K(534528K), 0.0022301 secs] [Times: user=0.01 sys=0.00, real=0.00 secs] 
1895.301: [GC (Allocation Failure) [PSYoungGen: 67888K->1344K(68608K)] 408326K->341782K(534528K), 0.0017490 secs] [Times: user=0.01 sys=0.00, real=0.00 secs] 
1895.680: [GC (Allocation Failure) [PSYoungGen: 67904K->1328K(68608K)] 408342K->341766K(534528K), 0.0020351 secs] [Times: user=0.00 sys=0.00, real=0.00 secs] 
1895.958: [GC (Allocation Failure) [PSYoungGen: 67888K->1312K(68608K)] 408326K->341750K(534528K), 0.0017563 secs] [Times: user=0.01 sys=0.01, real=0.00 secs] 
1896.301: [GC (Allocation Failure) [PSYoungGen: 67872K->1344K(68608K)] 408310K->341782K(534528K), 0.0019550 secs] [Times: user=0.01 sys=0.00, real=0.00 secs] 
1897.793: [GC (Allocation Failure) [PSYoungGen: 67904K->1440K(68608K)] 408342K->341878K(534528K), 0.0034992 secs] [Times: user=0.02 sys=0.00, real=0.01 secs] 
1898.446: [GC (Allocation Failure) [PSYoungGen: 68000K->1344K(68608K)] 408438K->341782K(534528K), 0.0038854 secs] [Times: user=0.02 sys=0.00, real=0.00 secs] 
1899.147: [GC (Allocation Failure) [PSYoungGen: 67904K->1376K(68608K)] 408342K->341814K(534528K), 0.0022745 secs] [Times: user=0.01 sys=0.00, real=0.00 secs] 
1899.699: [GC (Allocation Failure) [PSYoungGen: 67936K->1392K(68608K)] 408374K->341830K(534528K), 0.0023500 secs] [Times: user=0.01 sys=0.00, real=0.00 secs] 
1901.396: [GC (Allocation Failure) [PSYoungGen: 67952K->1952K(68608K)] 408390K->342910K(534528K), 0.0019126 secs] [Times: user=0.01 sys=0.01, real=0.01 secs] 
1902.340: [GC (Allocation Failure) [PSYoungGen: 68512K->1408K(69120K)] 409470K->342366K(535040K), 0.0026209 secs] [Times: user=0.01 sys=0.00, real=0.00 secs] 
1902.994: [GC (Allocation Failure) [PSYoungGen: 67968K->1408K(68096K)] 408926K->342374K(534016K), 0.0028792 secs] [Times: user=0.01 sys=0.00, real=0.01 secs] 
1903.629: [GC (Allocation Failure) [PSYoungGen: 67968K->1440K(68608K)] 408934K->342406K(534528K), 0.0020386 secs] [Times: user=0.00 sys=0.00, real=0.00 secs] 
1904.661: [GC (Allocation Failure) [PSYoungGen: 68000K->1392K(68608K)] 408966K->342358K(534528K), 0.0025980 secs] [Times: user=0.01 sys=0.00, real=0.00 secs] 
1906.605: [GC (Allocation Failure) [PSYoungGen: 67952K->1440K(68608K)] 408918K->342406K(534528K), 0.0027700 secs] [Times: user=0.01 sys=0.00, real=0.01 secs] 
1907.396: [GC (Allocation Failure) [PSYoungGen: 68000K->1408K(68608K)] 408966K->342374K(534528K), 0.0027707 secs] [Times: user=0.01 sys=0.00, real=0.00 secs] 
1908.376: [GC (Allocation Failure) [PSYoungGen: 67968K->1376K(68608K)] 408934K->342342K(534528K), 0.0036976 secs] [Times: user=0.02 sys=0.00, real=0.00 secs] 
1909.256: [GC (Allocation Failure) [PSYoungGen: 67936K->1440K(68608K)] 408902K->342406K(534528K), 0.0031222 secs] [Times: user=0.01 sys=0.00, real=0.01 secs] 
1910.705: [GC (Allocation Failure) [PSYoungGen: 68000K->1376K(68608K)] 408966K->342342K(534528K), 0.0019126 secs] [Times: user=0.00 sys=0.00, real=0.01 secs] 
1911.579: [GC (Allocation Failure) [PSYoungGen: 67936K->1360K(68608K)] 408902K->342326K(534528K), 0.0031458 secs] [Times: user=0.02 sys=0.00, real=0.00 secs] 
1912.118: [GC (Allocation Failure) [PSYoungGen: 67920K->1344K(68608K)] 408886K->342310K(534528K), 0.0024177 secs] [Times: user=0.01 sys=0.00, real=0.00 secs] 
1912.703: [GC (Allocation Failure) [PSYoungGen: 67904K->1440K(68608K)] 408870K->342406K(534528K), 0.0028849 secs] [Times: user=0.01 sys=0.00, real=0.01 secs] 
1914.823: [GC (Allocation Failure) [PSYoungGen: 68000K->1408K(68608K)] 408966K->342382K(534528K), 0.0039706 secs] [Times: user=0.02 sys=0.00, real=0.01 secs] 
1915.963: [GC (Allocation Failure) [PSYoungGen: 67968K->1376K(68608K)] 408942K->342350K(534528K), 0.0021362 secs] [Times: user=0.01 sys=0.00, real=0.00 secs] 
1916.291: [GC (Allocation Failure) [PSYoungGen: 67936K->1344K(68608K)] 408910K->342334K(534528K), 0.0019357 secs] [Times: user=0.01 sys=0.00, real=0.00 secs] 
1916.954: [GC (Allocation Failure) [PSYoungGen: 67904K->1376K(68608K)] 408894K->342366K(534528K), 0.0024809 secs] [Times: user=0.01 sys=0.00, real=0.01 secs] 
1918.334: [GC (Allocation Failure) [PSYoungGen: 67936K->1376K(68608K)] 408926K->342366K(534528K), 0.0016102 secs] [Times: user=0.01 sys=0.00, real=0.00 secs] 
1918.671: [GC (Allocation Failure) [PSYoungGen: 67936K->1312K(68608K)] 408926K->342302K(534528K), 0.0016975 secs] [Times: user=0.01 sys=0.00, real=0.00 secs] 
1918.955: [GC (Allocation Failure) [PSYoungGen: 67872K->1376K(68608K)] 408862K->342366K(534528K), 0.0016380 secs] [Times: user=0.00 sys=0.00, real=0.01 secs] 
1919.368: [GC (Allocation Failure) [PSYoungGen: 67936K->1360K(68096K)] 408926K->342350K(534016K), 0.0021867 secs] [Times: user=0.01 sys=0.00, real=0.00 secs] 
1919.689: [GC (Allocation Failure) [PSYoungGen: 67920K->1344K(68096K)] 408910K->342334K(534016K), 0.0019986 secs] [Times: user=0.01 sys=0.00, real=0.00 secs] 
1921.021: [GC (Allocation Failure) [PSYoungGen: 67904K->1408K(68096K)] 408894K->342398K(534016K), 0.0018837 secs] [Times: user=0.00 sys=0.00, real=0.00 secs] 
1921.821: [GC (Allocation Failure) [PSYoungGen: 67968K->1376K(68096K)] 408958K->342366K(534016K), 0.0033274 secs] [Times: user=0.01 sys=0.00, real=0.00 secs] 
1922.645: [GC (Allocation Failure) [PSYoungGen: 67936K->1376K(68096K)] 408926K->342366K(534016K), 0.0026779 secs] [Times: user=0.02 sys=0.00, real=0.01 secs] 
1923.306: [GC (Allocation Failure) [PSYoungGen: 67936K->1376K(68096K)] 408926K->342374K(534016K), 0.0027430 secs] [Times: user=0.01 sys=0.00, real=0.00 secs] 
1924.748: [GC (Allocation Failure) [PSYoungGen: 67936K->1408K(68096K)] 408934K->342406K(534016K), 0.0018675 secs] [Times: user=0.01 sys=0.00, real=0.00 secs] 
1925.430: [GC (Allocation Failure) [PSYoungGen: 67968K->1376K(68096K)] 408966K->342374K(534016K), 0.0022849 secs] [Times: user=0.01 sys=0.00, real=0.00 secs] 
1925.843: [GC (Allocation Failure) [PSYoungGen: 67936K->1392K(68096K)] 408934K->342398K(534016K), 0.0020729 secs] [Times: user=0.01 sys=0.00, real=0.00 secs] 
1926.121: [GC (Allocation Failure) [PSYoungGen: 67952K->1344K(68096K)] 408958K->342350K(534016K), 0.0019008 secs] [Times: user=0.01 sys=0.00, real=0.00 secs] 
1927.384: [GC (Allocation Failure) [PSYoungGen: 67904K->1376K(68096K)] 408910K->342382K(534016K), 0.0033416 secs] [Times: user=0.01 sys=0.00, real=0.01 secs] 
1927.958: [GC (Allocation Failure) [PSYoungGen: 67936K->1344K(68096K)] 408942K->342350K(534016K), 0.0027356 secs] [Times: user=0.01 sys=0.00, real=0.00 secs] 
1928.231: [GC (Allocation Failure) [PSYoungGen: 67904K->1408K(68096K)] 408910K->342414K(534016K), 0.0020673 secs] [Times: user=0.00 sys=0.00, real=0.00 secs] 
1928.507: [GC (Allocation Failure) [PSYoungGen: 67968K->1376K(68096K)] 408974K->342382K(534016K), 0.0019517 secs] [Times: user=0.01 sys=0.00, real=0.00 secs] 
1930.373: [GC (Allocation Failure) [PSYoungGen: 67936K->1408K(68096K)] 408942K->342414K(534016K), 0.0069708 secs] [Times: user=0.03 sys=0.00, real=0.01 secs] 
1932.034: [GC (Allocation Failure) [PSYoungGen: 67968K->1408K(68096K)] 408974K->342422K(534016K), 0.0042153 secs] [Times: user=0.02 sys=0.00, real=0.01 secs] 
1932.822: [GC (Allocation Failure) [PSYoungGen: 67968K->1376K(68096K)] 408982K->342390K(534016K), 0.0030479 secs] [Times: user=0.01 sys=0.00, real=0.00 secs] 
1933.470: [GC (Allocation Failure) [PSYoungGen: 67936K->1376K(68096K)] 408950K->342390K(534016K), 0.0026454 secs] [Times: user=0.01 sys=0.00, real=0.00 secs] 
1933.951: [GC (Allocation Failure) [PSYoungGen: 67936K->1376K(68096K)] 408950K->342398K(534016K), 0.0024564 secs] [Times: user=0.01 sys=0.00, real=0.00 secs] 
1935.308: [GC (Allocation Failure) [PSYoungGen: 67936K->1376K(68096K)] 408958K->342398K(534016K), 0.0016862 secs] [Times: user=0.00 sys=0.01, real=0.00 secs] 
1935.713: [GC (Allocation Failure) [PSYoungGen: 67936K->1344K(68096K)] 408958K->342366K(534016K), 0.0030972 secs] [Times: user=0.01 sys=0.00, real=0.00 secs] 
1935.984: [GC (Allocation Failure) [PSYoungGen: 67904K->1408K(68096K)] 408926K->342430K(534016K), 0.0019161 secs] [Times: user=0.01 sys=0.00, real=0.01 secs] 
1936.309: [GC (Allocation Failure) [PSYoungGen: 67968K->1376K(68096K)] 408990K->342398K(534016K), 0.0019652 secs] [Times: user=0.01 sys=0.00, real=0.00 secs] 
1937.278: [GC (Allocation Failure) [PSYoungGen: 67936K->1408K(68096K)] 408958K->342430K(534016K), 0.0015582 secs] [Times: user=0.00 sys=0.00, real=0.00 secs] 
1937.612: [GC (Allocation Failure) [PSYoungGen: 67968K->1376K(68096K)] 408990K->342398K(534016K), 0.0026704 secs] [Times: user=0.01 sys=0.00, real=0.00 secs] 
1938.151: [GC (Allocation Failure) [PSYoungGen: 67936K->1376K(68096K)] 408958K->342406K(534016K), 0.0033620 secs] [Times: user=0.01 sys=0.00, real=0.00 secs] 
1938.735: [GC (Allocation Failure) [PSYoungGen: 67936K->1408K(68096K)] 408966K->342438K(534016K), 0.0024055 secs] [Times: user=0.01 sys=0.00, real=0.01 secs] 
1939.877: [GC (Allocation Failure) [PSYoungGen: 67968K->1440K(68096K)] 408998K->342470K(534016K), 0.0015913 secs] [Times: user=0.01 sys=0.00, real=0.00 secs] 
1940.161: [GC (Allocation Failure) [PSYoungGen: 68000K->1408K(68096K)] 409030K->342438K(534016K), 0.0016568 secs] [Times: user=0.01 sys=0.00, real=0.00 secs] 
1940.437: [GC (Allocation Failure) [PSYoungGen: 67968K->1408K(68096K)] 408998K->342454K(534016K), 0.0014079 secs] [Times: user=0.01 sys=0.00, real=0.00 secs] 
1940.721: [GC (Allocation Failure) [PSYoungGen: 67968K->1344K(68096K)] 409014K->342406K(534016K), 0.0031300 secs] [Times: user=0.01 sys=0.00, real=0.00 secs] 
1942.712: [GC (Allocation Failure) [PSYoungGen: 67904K->1440K(68096K)] 408966K->342502K(534016K), 0.0038376 secs] [Times: user=0.02 sys=0.00, real=0.00 secs] 
1943.691: [GC (Allocation Failure) [PSYoungGen: 68000K->1376K(68096K)] 409062K->342438K(534016K), 0.0043594 secs] [Times: user=0.01 sys=0.00, real=0.00 secs] 
1944.564: [GC (Allocation Failure) [PSYoungGen: 67936K->1376K(68096K)] 408998K->342438K(534016K), 0.0034453 secs] [Times: user=0.01 sys=0.00, real=0.01 secs] 
1945.518: [GC (Allocation Failure) [PSYoungGen: 67936K->1408K(68096K)] 408998K->342470K(534016K), 0.0044460 secs] [Times: user=0.01 sys=0.00, real=0.00 secs] 
1946.498: [GC (Allocation Failure) [PSYoungGen: 67968K->1357K(68096K)] 409030K->342419K(534016K), 0.0028023 secs] [Times: user=0.02 sys=0.00, real=0.00 secs] 
1947.462: [GC (Allocation Failure) [PSYoungGen: 67917K->1408K(68096K)] 408979K->342470K(534016K), 0.0018832 secs] [Times: user=0.00 sys=0.00, real=0.00 secs] 
1947.738: [GC (Allocation Failure) [PSYoungGen: 67968K->1408K(68096K)] 409030K->342470K(534016K), 0.0017837 secs] [Times: user=0.01 sys=0.00, real=0.00 secs] 
1948.129: [GC (Allocation Failure) [PSYoungGen: 67968K->1344K(68096K)] 409030K->342406K(534016K), 0.0019271 secs] [Times: user=0.01 sys=0.00, real=0.00 secs] 
1948.708: [GC (Allocation Failure) [PSYoungGen: 67904K->1376K(68096K)] 408966K->342438K(534016K), 0.0022497 secs] [Times: user=0.01 sys=0.00, real=0.00 secs] 
1949.826: [GC (Allocation Failure) [PSYoungGen: 67936K->1440K(68096K)] 408998K->342502K(534016K), 0.0017611 secs] [Times: user=0.00 sys=0.00, real=0.00 secs] 
1950.102: [GC (Allocation Failure) [PSYoungGen: 68000K->1344K(68096K)] 409062K->342406K(534016K), 0.0017745 secs] [Times: user=0.00 sys=0.00, real=0.00 secs] 
1950.408: [GC (Allocation Failure) [PSYoungGen: 67904K->1344K(68096K)] 408966K->342406K(534016K), 0.0018208 secs] [Times: user=0.01 sys=0.00, real=0.00 secs] 
1950.868: [GC (Allocation Failure) [PSYoungGen: 67904K->1344K(68096K)] 408966K->342406K(534016K), 0.0017815 secs] [Times: user=0.01 sys=0.00, real=0.00 secs] 
1952.253: [GC (Allocation Failure) [PSYoungGen: 67904K->1424K(68096K)] 408966K->342486K(534016K), 0.0023146 secs] [Times: user=0.00 sys=0.00, real=0.00 secs] 
1952.812: [GC (Allocation Failure) [PSYoungGen: 67984K->1392K(68096K)] 409046K->342454K(534016K), 0.0035085 secs] [Times: user=0.01 sys=0.00, real=0.00 secs] 
1953.384: [GC (Allocation Failure) [PSYoungGen: 67952K->1392K(68096K)] 409014K->342462K(534016K), 0.0025225 secs] [Times: user=0.01 sys=0.00, real=0.01 secs] 
1953.952: [GC (Allocation Failure) [PSYoungGen: 67952K->1408K(68096K)] 409022K->342478K(534016K), 0.0040568 secs] [Times: user=0.02 sys=0.00, real=0.01 secs] 
1955.309: [GC (Allocation Failure) [PSYoungGen: 67968K->1392K(68096K)] 409038K->342462K(534016K), 0.0018548 secs] [Times: user=0.01 sys=0.01, real=0.00 secs] 
1955.857: [GC (Allocation Failure) [PSYoungGen: 67952K->1392K(68096K)] 409022K->342462K(534016K), 0.0038569 secs] [Times: user=0.01 sys=0.00, real=0.00 secs] 
1956.444: [GC (Allocation Failure) [PSYoungGen: 67952K->1376K(68096K)] 409022K->342446K(534016K), 0.0031125 secs] [Times: user=0.01 sys=0.00, real=0.01 secs] 
1956.982: [GC (Allocation Failure) [PSYoungGen: 67936K->1344K(68096K)] 409006K->342414K(534016K), 0.0025939 secs] [Times: user=0.01 sys=0.00, real=0.00 secs] 
1958.324: [GC (Allocation Failure) [PSYoungGen: 67904K->128K(68096K)] 408974K->341198K(534016K), 0.0014891 secs] [Times: user=0.01 sys=0.00, real=0.00 secs] 
1959.061: [GC (Allocation Failure) [PSYoungGen: 66688K->1376K(68608K)] 407758K->342446K(534528K), 0.0040632 secs] [Times: user=0.02 sys=0.00, real=0.00 secs] 
1959.709: [GC (Allocation Failure) [PSYoungGen: 67936K->1408K(68608K)] 409006K->342478K(534528K), 0.0027098 secs] [Times: user=0.01 sys=0.00, real=0.00 secs] 
1960.355: [GC (Allocation Failure) [PSYoungGen: 67968K->1376K(68608K)] 409038K->342446K(534528K), 0.0021770 secs] [Times: user=0.01 sys=0.00, real=0.01 secs] 
1961.421: [GC (Allocation Failure) [PSYoungGen: 67936K->1360K(68608K)] 409006K->342430K(534528K), 0.0021393 secs] [Times: user=0.00 sys=0.00, real=0.00 secs] 
1962.960: [GC (Allocation Failure) [PSYoungGen: 67920K->1408K(68608K)] 408990K->342478K(534528K), 0.0021516 secs] [Times: user=0.01 sys=0.00, real=0.00 secs] 
1963.539: [GC (Allocation Failure) [PSYoungGen: 67968K->1360K(68608K)] 409038K->342430K(534528K), 0.0021032 secs] [Times: user=0.01 sys=0.00, real=0.00 secs] 
1964.223: [GC (Allocation Failure) [PSYoungGen: 67920K->1376K(68608K)] 408990K->342454K(534528K), 0.0022965 secs] [Times: user=0.01 sys=0.00, real=0.00 secs] 
1964.769: [GC (Allocation Failure) [PSYoungGen: 67936K->1408K(68608K)] 409014K->342486K(534528K), 0.0022569 secs] [Times: user=0.01 sys=0.00, real=0.00 secs] 
1967.632: [GC (Allocation Failure) [PSYoungGen: 67968K->1376K(68608K)] 409046K->342454K(534528K), 0.0038243 secs] [Times: user=0.02 sys=0.00, real=0.00 secs] 
1968.381: [GC (Allocation Failure) [PSYoungGen: 67936K->1408K(68608K)] 409014K->342486K(534528K), 0.0028550 secs] [Times: user=0.01 sys=0.00, real=0.00 secs] 
1968.655: [GC (Allocation Failure) [PSYoungGen: 67968K->1376K(68608K)] 409046K->342454K(534528K), 0.0019678 secs] [Times: user=0.01 sys=0.00, real=0.01 secs] 
1968.998: [GC (Allocation Failure) [PSYoungGen: 67936K->1408K(68608K)] 409014K->342486K(534528K), 0.0021634 secs] [Times: user=0.01 sys=0.00, real=0.00 secs] 
1970.197: [GC (Allocation Failure) [PSYoungGen: 67968K->1408K(68608K)] 409046K->342486K(534528K), 0.0017362 secs] [Times: user=0.01 sys=0.01, real=0.00 secs] 
1970.767: [GC (Allocation Failure) [PSYoungGen: 67968K->1408K(68608K)] 409046K->342486K(534528K), 0.0020620 secs] [Times: user=0.01 sys=0.00, real=0.00 secs] 
1971.046: [GC (Allocation Failure) [PSYoungGen: 67968K->1376K(68608K)] 409046K->342454K(534528K), 0.0024580 secs] [Times: user=0.01 sys=0.00, real=0.01 secs] 
1971.323: [GC (Allocation Failure) [PSYoungGen: 67936K->1376K(68608K)] 409014K->342454K(534528K), 0.0020410 secs] [Times: user=0.01 sys=0.00, real=0.00 secs] 
1972.302: [GC (Allocation Failure) [PSYoungGen: 67658K->224K(68608K)] 408736K->341302K(534528K), 0.0016035 secs] [Times: user=0.01 sys=0.00, real=0.00 secs] 
1972.603: [GC (Allocation Failure) [PSYoungGen: 66784K->1344K(68608K)] 407862K->342422K(534528K), 0.0018805 secs] [Times: user=0.00 sys=0.01, real=0.00 secs] 
1972.880: [GC (Allocation Failure) [PSYoungGen: 67904K->1408K(68608K)] 408982K->342494K(534528K), 0.0023919 secs] [Times: user=0.01 sys=0.00, real=0.00 secs] 
1973.158: [GC (Allocation Failure) [PSYoungGen: 67968K->1344K(68608K)] 409054K->342430K(534528K), 0.0022505 secs] [Times: user=0.01 sys=0.00, real=0.00 secs] 
1973.512: [GC (Allocation Failure) [PSYoungGen: 67904K->1376K(74240K)] 408990K->342462K(540160K), 0.0042535 secs] [Times: user=0.02 sys=0.00, real=0.01 secs] 
1974.890: [GC (Allocation Failure) [PSYoungGen: 73568K->1376K(74240K)] 414654K->342462K(540160K), 0.0020753 secs] [Times: user=0.00 sys=0.00, real=0.00 secs] 
1975.190: [GC (Allocation Failure) [PSYoungGen: 73568K->1408K(80384K)] 414654K->342494K(546304K), 0.0020691 secs] [Times: user=0.01 sys=0.00, real=0.00 secs] 
1975.515: [GC (Allocation Failure) [PSYoungGen: 79744K->1376K(80384K)] 420830K->342462K(546304K), 0.0019612 secs] [Times: user=0.00 sys=0.00, real=0.01 secs] 
1976.547: [GC (Allocation Failure) [PSYoungGen: 79712K->1568K(79872K)] 420798K->342654K(545792K), 0.0017384 secs] [Times: user=0.01 sys=0.00, real=0.00 secs] 
1976.868: [GC (Allocation Failure) [PSYoungGen: 79392K->1376K(78848K)] 420478K->342462K(544768K), 0.0017457 secs] [Times: user=0.01 sys=0.00, real=0.00 secs] 
1977.189: [GC (Allocation Failure) [PSYoungGen: 78688K->288K(77312K)] 419774K->342398K(543232K), 0.0017443 secs] [Times: user=0.01 sys=0.00, real=0.00 secs] 
1977.507: [GC (Allocation Failure) [PSYoungGen: 77088K->352K(78336K)] 419198K->342462K(544256K), 0.0017495 secs] [Times: user=0.01 sys=0.00, real=0.00 secs] 
1978.828: [GC (Allocation Failure) [PSYoungGen: 76640K->1376K(77312K)] 418750K->343486K(543232K), 0.0020655 secs] [Times: user=0.00 sys=0.00, real=0.00 secs] 
1979.624: [GC (Allocation Failure) [PSYoungGen: 77152K->1344K(76800K)] 419262K->343478K(542720K), 0.0027582 secs] [Times: user=0.01 sys=0.00, real=0.01 secs] 
1979.984: [GC (Allocation Failure) [PSYoungGen: 76608K->1408K(76288K)] 418742K->343542K(542208K), 0.0021308 secs] [Times: user=0.01 sys=0.00, real=0.01 secs] 
1980.409: [GC (Allocation Failure) [PSYoungGen: 76160K->1376K(75776K)] 418294K->343510K(541696K), 0.0023901 secs] [Times: user=0.01 sys=0.00, real=0.00 secs] 
1982.766: [GC (Allocation Failure) [PSYoungGen: 75616K->1440K(75264K)] 417750K->343582K(541184K), 0.0030806 secs] [Times: user=0.01 sys=0.00, real=0.01 secs] 
1983.907: [GC (Allocation Failure) [PSYoungGen: 75168K->1408K(74752K)] 417310K->343550K(540672K), 0.0053234 secs] [Times: user=0.02 sys=0.00, real=0.00 secs] 
1984.569: [GC (Allocation Failure) [PSYoungGen: 74624K->1408K(74240K)] 416766K->343550K(540160K), 0.0031058 secs] [Times: user=0.01 sys=0.00, real=0.00 secs] 
1985.107: [GC (Allocation Failure) [PSYoungGen: 74112K->1408K(73728K)] 416254K->343550K(539648K), 0.0025072 secs] [Times: user=0.01 sys=0.00, real=0.00 secs] 
1986.600: [GC (Allocation Failure) [PSYoungGen: 73600K->1376K(73216K)] 415742K->343542K(539136K), 0.0019402 secs] [Times: user=0.01 sys=0.00, real=0.00 secs] 
1987.519: [GC (Allocation Failure) [PSYoungGen: 73056K->1376K(72704K)] 415222K->343542K(538624K), 0.0030051 secs] [Times: user=0.01 sys=0.00, real=0.00 secs] 
1988.453: [GC (Allocation Failure) [PSYoungGen: 72544K->1376K(72192K)] 414710K->343542K(538112K), 0.0035515 secs] [Times: user=0.02 sys=0.00, real=0.01 secs] 
1989.208: [GC (Allocation Failure) [PSYoungGen: 72032K->1344K(71680K)] 414198K->343510K(537600K), 0.0031097 secs] [Times: user=0.01 sys=0.00, real=0.00 secs] 
1990.603: [GC (Allocation Failure) [PSYoungGen: 71488K->1408K(71168K)] 413654K->343574K(537088K), 0.0018944 secs] [Times: user=0.01 sys=0.01, real=0.00 secs] 
1991.207: [GC (Allocation Failure) [PSYoungGen: 71040K->1376K(70656K)] 413206K->343542K(536576K), 0.0024668 secs] [Times: user=0.01 sys=0.00, real=0.00 secs] 
1991.831: [GC (Allocation Failure) [PSYoungGen: 70496K->1408K(70144K)] 412662K->343574K(536064K), 0.0021209 secs] [Times: user=0.01 sys=0.00, real=0.00 secs] 
1992.229: [GC (Allocation Failure) [PSYoungGen: 70016K->1344K(69632K)] 412182K->343510K(535552K), 0.0025362 secs] [Times: user=0.01 sys=0.00, real=0.00 secs] 
1993.218: [GC (Allocation Failure) [PSYoungGen: 69440K->1408K(69120K)] 411606K->343574K(535040K), 0.0017177 secs] [Times: user=0.01 sys=0.00, real=0.00 secs] 
1993.498: [GC (Allocation Failure) [PSYoungGen: 68992K->1392K(68608K)] 411158K->343558K(534528K), 0.0017462 secs] [Times: user=0.01 sys=0.00, real=0.00 secs] 
1993.873: [GC (Allocation Failure) [PSYoungGen: 68464K->1408K(68096K)] 410630K->343574K(534016K), 0.0017991 secs] [Times: user=0.00 sys=0.00, real=0.00 secs] 
1994.430: [GC (Allocation Failure) [PSYoungGen: 67968K->1376K(68096K)] 410134K->343558K(534016K), 0.0022568 secs] [Times: user=0.01 sys=0.00, real=0.00 secs] 
1995.583: [GC (Allocation Failure) [PSYoungGen: 67936K->1408K(68096K)] 410118K->343590K(534016K), 0.0017653 secs] [Times: user=0.01 sys=0.00, real=0.00 secs] 
1995.859: [GC (Allocation Failure) [PSYoungGen: 67968K->1408K(68096K)] 410150K->343590K(534016K), 0.0018135 secs] [Times: user=0.01 sys=0.00, real=0.00 secs] 
1996.135: [GC (Allocation Failure) [PSYoungGen: 67968K->1408K(68096K)] 410150K->343590K(534016K), 0.0017314 secs] [Times: user=0.00 sys=0.00, real=0.01 secs] 
1996.412: [GC (Allocation Failure) [PSYoungGen: 67968K->1408K(73216K)] 410150K->343598K(539136K), 0.0029394 secs] [Times: user=0.01 sys=0.00, real=0.00 secs] 
1997.899: [GC (Allocation Failure) [PSYoungGen: 72576K->1392K(72192K)] 414766K->343582K(538112K), 0.0025404 secs] [Times: user=0.01 sys=0.00, real=0.00 secs] 
1998.996: [GC (Allocation Failure) [PSYoungGen: 72048K->1376K(71680K)] 414238K->343566K(537600K), 0.0041260 secs] [Times: user=0.01 sys=0.00, real=0.01 secs] 
1999.483: [GC (Allocation Failure) [PSYoungGen: 71520K->1344K(71168K)] 413710K->343534K(537088K), 0.0020518 secs] [Times: user=0.01 sys=0.00, real=0.00 secs] 
1999.821: [GC (Allocation Failure) [PSYoungGen: 70976K->1312K(70656K)] 413166K->343502K(536576K), 0.0023685 secs] [Times: user=0.01 sys=0.00, real=0.00 secs] 
2001.128: [GC (Allocation Failure) [PSYoungGen: 70432K->1440K(70144K)] 412622K->343646K(536064K), 0.0021154 secs] [Times: user=0.01 sys=0.00, real=0.00 secs] 
2001.936: [GC (Allocation Failure) [PSYoungGen: 70048K->1376K(69632K)] 412254K->343582K(535552K), 0.0023816 secs] [Times: user=0.01 sys=0.00, real=0.00 secs] 
2002.739: [GC (Allocation Failure) [PSYoungGen: 69472K->1376K(69120K)] 411678K->343582K(535040K), 0.0023644 secs] [Times: user=0.01 sys=0.00, real=0.00 secs] 
2003.661: [GC (Allocation Failure) [PSYoungGen: 68960K->1408K(68608K)] 411166K->343614K(534528K), 0.0035674 secs] [Times: user=0.02 sys=0.00, real=0.00 secs] 
2005.096: [GC (Allocation Failure) [PSYoungGen: 68480K->416K(67072K)] 410686K->343646K(532992K), 0.0018818 secs] [Times: user=0.01 sys=0.00, real=0.01 secs] 
2005.391: [GC (Allocation Failure) [PSYoungGen: 66976K->352K(68608K)] 410206K->343582K(534528K), 0.0017827 secs] [Times: user=0.01 sys=0.00, real=0.00 secs] 
2005.668: [GC (Allocation Failure) [PSYoungGen: 66912K->320K(67584K)] 410142K->343550K(533504K), 0.0020311 secs] [Times: user=0.01 sys=0.00, real=0.00 secs] 
2005.944: [GC (Allocation Failure) [PSYoungGen: 66880K->352K(68608K)] 410110K->343582K(534528K), 0.0018208 secs] [Times: user=0.01 sys=0.00, real=0.01 secs] 
2006.221: [GC (Allocation Failure) [PSYoungGen: 66912K->368K(68608K)] 410142K->343598K(534528K), 0.0017538 secs] [Times: user=0.01 sys=0.00, real=0.00 secs] 
2007.585: [GC (Allocation Failure) [PSYoungGen: 66928K->1424K(68608K)] 410158K->344654K(534528K), 0.0021745 secs] [Times: user=0.01 sys=0.00, real=0.01 secs] 
2008.297: [GC (Allocation Failure) [PSYoungGen: 67984K->1376K(68096K)] 411214K->344606K(534016K), 0.0023153 secs] [Times: user=0.01 sys=0.00, real=0.00 secs] 
2009.074: [GC (Allocation Failure) [PSYoungGen: 67424K->1408K(68608K)] 410654K->344638K(534528K), 0.0020578 secs] [Times: user=0.01 sys=0.00, real=0.01 secs] 
2009.809: [GC (Allocation Failure) [PSYoungGen: 67456K->1392K(68608K)] 410686K->344622K(534528K), 0.0019886 secs] [Times: user=0.00 sys=0.01, real=0.00 secs] 
2011.234: [GC (Allocation Failure) [PSYoungGen: 67440K->1408K(68608K)] 410670K->344638K(534528K), 0.0022199 secs] [Times: user=0.01 sys=0.00, real=0.01 secs] 
2011.786: [GC (Allocation Failure) [PSYoungGen: 67456K->1376K(68608K)] 410686K->344606K(534528K), 0.0023031 secs] [Times: user=0.01 sys=0.00, real=0.00 secs] 
2012.419: [GC (Allocation Failure) [PSYoungGen: 67424K->1392K(68608K)] 410654K->344638K(534528K), 0.0022121 secs] [Times: user=0.01 sys=0.00, real=0.00 secs] 
2013.097: [GC (Allocation Failure) [PSYoungGen: 67440K->1408K(68608K)] 410686K->344654K(534528K), 0.0025242 secs] [Times: user=0.01 sys=0.00, real=0.00 secs] 
2014.529: [GC (Allocation Failure) [PSYoungGen: 67456K->1440K(68608K)] 410702K->344686K(534528K), 0.0025706 secs] [Times: user=0.01 sys=0.00, real=0.00 secs] 
2015.416: [GC (Allocation Failure) [PSYoungGen: 67488K->1376K(68608K)] 410734K->344622K(534528K), 0.0039526 secs] [Times: user=0.02 sys=0.00, real=0.00 secs] 
2016.284: [GC (Allocation Failure) [PSYoungGen: 67424K->1344K(67584K)] 410670K->344590K(533504K), 0.0034062 secs] [Times: user=0.01 sys=0.00, real=0.01 secs] 
2016.914: [GC (Allocation Failure) [PSYoungGen: 67392K->1344K(68096K)] 410638K->344590K(534016K), 0.0032451 secs] [Times: user=0.01 sys=0.00, real=0.01 secs] 
2018.784: [GC (Allocation Failure) [PSYoungGen: 67392K->1888K(68096K)] 410638K->345134K(534016K), 0.0039729 secs] [Times: user=0.01 sys=0.00, real=0.01 secs] 
2019.705: [GC (Allocation Failure) [PSYoungGen: 67936K->1360K(68608K)] 411182K->344606K(534528K), 0.0032762 secs] [Times: user=0.02 sys=0.00, real=0.01 secs] 
2020.480: [GC (Allocation Failure) [PSYoungGen: 67408K->1408K(67584K)] 410654K->344654K(533504K), 0.0029821 secs] [Times: user=0.01 sys=0.00, real=0.00 secs] 
2021.079: [GC (Allocation Failure) [PSYoungGen: 67456K->1376K(68096K)] 410702K->344622K(534016K), 0.0023411 secs] [Times: user=0.01 sys=0.00, real=0.00 secs] 
2021.668: [GC (Allocation Failure) [PSYoungGen: 67424K->1376K(68096K)] 410670K->344622K(534016K), 0.0022573 secs] [Times: user=0.01 sys=0.00, real=0.00 secs] 
2023.293: [GC (Allocation Failure) [PSYoungGen: 67424K->1376K(68096K)] 410670K->344622K(534016K), 0.0029244 secs] [Times: user=0.01 sys=0.00, real=0.01 secs] 
2023.637: [GC (Allocation Failure) [PSYoungGen: 67424K->1392K(68096K)] 410670K->344638K(534016K), 0.0020604 secs] [Times: user=0.01 sys=0.00, real=0.00 secs] 
2024.001: [GC (Allocation Failure) [PSYoungGen: 67440K->1376K(68096K)] 410686K->344638K(534016K), 0.0020974 secs] [Times: user=0.01 sys=0.00, real=0.00 secs] 
2024.462: [GC (Allocation Failure) [PSYoungGen: 67424K->1376K(68096K)] 410686K->344638K(534016K), 0.0021881 secs] [Times: user=0.01 sys=0.00, real=0.00 secs] 
2025.733: [GC (Allocation Failure) [PSYoungGen: 67424K->1376K(68096K)] 410686K->344638K(534016K), 0.0019480 secs] [Times: user=0.01 sys=0.00, real=0.00 secs] 
2026.124: [GC (Allocation Failure) [PSYoungGen: 67424K->1376K(68096K)] 410686K->344638K(534016K), 0.0020402 secs] [Times: user=0.00 sys=0.00, real=0.01 secs] 
2026.460: [GC (Allocation Failure) [PSYoungGen: 67424K->1376K(68096K)] 410686K->344638K(534016K), 0.0020856 secs] [Times: user=0.01 sys=0.00, real=0.00 secs] 
2026.862: [GC (Allocation Failure) [PSYoungGen: 67424K->1376K(68096K)] 410686K->344638K(534016K), 0.0019796 secs] [Times: user=0.01 sys=0.00, real=0.00 secs] 
2028.062: [GC (Allocation Failure) [PSYoungGen: 67424K->1376K(68096K)] 410686K->344638K(534016K), 0.0016655 secs] [Times: user=0.01 sys=0.00, real=0.00 secs] 
2028.336: [GC (Allocation Failure) [PSYoungGen: 67424K->1344K(68096K)] 410686K->344606K(534016K), 0.0018040 secs] [Times: user=0.01 sys=0.00, real=0.00 secs] 
2028.610: [GC (Allocation Failure) [PSYoungGen: 67392K->1376K(68096K)] 410654K->344638K(534016K), 0.0017107 secs] [Times: user=0.01 sys=0.00, real=0.00 secs] 
2028.944: [GC (Allocation Failure) [PSYoungGen: 67424K->1376K(68096K)] 410686K->344638K(534016K), 0.0019468 secs] [Times: user=0.01 sys=0.00, real=0.00 secs] 
2029.880: [GC (Allocation Failure) [PSYoungGen: 67424K->96K(68096K)] 410686K->343358K(534016K), 0.0014210 secs] [Times: user=0.01 sys=0.00, real=0.00 secs] 
2030.179: [GC (Allocation Failure) [PSYoungGen: 66144K->1344K(68096K)] 409406K->344630K(534016K), 0.0017803 secs] [Times: user=0.01 sys=0.00, real=0.00 secs] 
2030.453: [GC (Allocation Failure) [PSYoungGen: 67392K->1344K(68096K)] 410678K->344630K(534016K), 0.0016737 secs] [Times: user=0.01 sys=0.00, real=0.00 secs] 
2030.773: [GC (Allocation Failure) [PSYoungGen: 67392K->1344K(68096K)] 410678K->344630K(534016K), 0.0026252 secs] [Times: user=0.00 sys=0.00, real=0.00 secs] 
2031.250: [GC (Allocation Failure) [PSYoungGen: 67392K->1376K(68096K)] 410678K->344662K(534016K), 0.0023293 secs] [Times: user=0.01 sys=0.00, real=0.00 secs] 
2032.521: [GC (Allocation Failure) [PSYoungGen: 67424K->1440K(68096K)] 410710K->344726K(534016K), 0.0019567 secs] [Times: user=0.01 sys=0.00, real=0.00 secs] 
2033.184: [GC (Allocation Failure) [PSYoungGen: 67488K->1376K(68096K)] 410774K->344662K(534016K), 0.0019526 secs] [Times: user=0.00 sys=0.00, real=0.01 secs] 
2034.060: [GC (Allocation Failure) [PSYoungGen: 67424K->1376K(68096K)] 410710K->344662K(534016K), 0.0036793 secs] [Times: user=0.01 sys=0.00, real=0.00 secs] 
2035.154: [GC (Allocation Failure) [PSYoungGen: 67424K->1376K(68096K)] 410710K->344662K(534016K), 0.0040121 secs] [Times: user=0.01 sys=0.00, real=0.01 secs] 
2036.628: [GC (Allocation Failure) [PSYoungGen: 67424K->1392K(68096K)] 410710K->344678K(534016K), 0.0018698 secs] [Times: user=0.01 sys=0.00, real=0.00 secs] 
2037.412: [GC (Allocation Failure) [PSYoungGen: 67440K->1376K(68096K)] 410726K->344662K(534016K), 0.0027410 secs] [Times: user=0.01 sys=0.00, real=0.00 secs] 
2038.112: [GC (Allocation Failure) [PSYoungGen: 67424K->1408K(68096K)] 410710K->344694K(534016K), 0.0022577 secs] [Times: user=0.01 sys=0.00, real=0.00 secs] 
2038.795: [GC (Allocation Failure) [PSYoungGen: 67456K->1376K(68096K)] 410742K->344662K(534016K), 0.0022768 secs] [Times: user=0.01 sys=0.00, real=0.01 secs] 
2040.229: [GC (Allocation Failure) [PSYoungGen: 67424K->1440K(68096K)] 410710K->344726K(534016K), 0.0017006 secs] [Times: user=0.00 sys=0.00, real=0.00 secs] 
2040.894: [GC (Allocation Failure) [PSYoungGen: 67488K->1376K(68096K)] 410774K->344662K(534016K), 0.0020930 secs] [Times: user=0.01 sys=0.00, real=0.01 secs] 
2041.718: [GC (Allocation Failure) [PSYoungGen: 67424K->1408K(68096K)] 410710K->344694K(534016K), 0.0026215 secs] [Times: user=0.01 sys=0.00, real=0.00 secs] 
2042.300: [GC (Allocation Failure) [PSYoungGen: 67456K->1376K(68096K)] 410742K->344662K(534016K), 0.0031307 secs] [Times: user=0.01 sys=0.00, real=0.00 secs] 
2043.024: [GC (Allocation Failure) [PSYoungGen: 67424K->1376K(68096K)] 410710K->344662K(534016K), 0.0027964 secs] [Times: user=0.02 sys=0.00, real=0.01 secs] 
2044.078: [GC (Allocation Failure) [PSYoungGen: 67424K->1376K(68096K)] 410710K->344662K(534016K), 0.0017162 secs] [Times: user=0.01 sys=0.00, real=0.00 secs] 
2044.352: [GC (Allocation Failure) [PSYoungGen: 67424K->1408K(68096K)] 410710K->344710K(534016K), 0.0017706 secs] [Times: user=0.01 sys=0.00, real=0.00 secs] 
2044.725: [GC (Allocation Failure) [PSYoungGen: 67456K->1344K(68096K)] 410758K->344646K(534016K), 0.0019556 secs] [Times: user=0.01 sys=0.00, real=0.01 secs] 
2045.198: [GC (Allocation Failure) [PSYoungGen: 67392K->1408K(68096K)] 410694K->344710K(534016K), 0.0024476 secs] [Times: user=0.01 sys=0.00, real=0.00 secs] 
2046.547: [GC (Allocation Failure) [PSYoungGen: 67456K->1408K(68096K)] 410758K->344710K(534016K), 0.0017887 secs] [Times: user=0.00 sys=0.00, real=0.00 secs] 
2047.180: [GC (Allocation Failure) [PSYoungGen: 67456K->1376K(67584K)] 410758K->344678K(533504K), 0.0042165 secs] [Times: user=0.02 sys=0.00, real=0.00 secs] 
2047.921: [GC (Allocation Failure) [PSYoungGen: 67424K->1376K(67584K)] 410726K->344678K(533504K), 0.0024365 secs] [Times: user=0.00 sys=0.00, real=0.00 secs] 
2048.660: [GC (Allocation Failure) [PSYoungGen: 67424K->1376K(67584K)] 410726K->344678K(533504K), 0.0025762 secs] [Times: user=0.01 sys=0.00, real=0.00 secs] 
2050.338: [GC (Allocation Failure) [PSYoungGen: 67424K->1424K(67584K)] 410726K->344726K(533504K), 0.0021708 secs] [Times: user=0.01 sys=0.00, real=0.00 secs] 
2050.999: [GC (Allocation Failure) [PSYoungGen: 67472K->1376K(67584K)] 410774K->344678K(533504K), 0.0041365 secs] [Times: user=0.01 sys=0.00, real=0.00 secs] 
2051.886: [GC (Allocation Failure) [PSYoungGen: 67424K->1408K(67584K)] 410726K->344710K(533504K), 0.0041032 secs] [Times: user=0.02 sys=0.00, real=0.00 secs] 
2052.823: [GC (Allocation Failure) [PSYoungGen: 67456K->1376K(67584K)] 410758K->344678K(533504K), 0.0039775 secs] [Times: user=0.02 sys=0.00, real=0.01 secs] 
2054.507: [GC (Allocation Failure) [PSYoungGen: 67424K->1440K(67584K)] 410726K->345014K(533504K), 0.0017655 secs] [Times: user=0.00 sys=0.00, real=0.00 secs] 
2055.028: [GC (Allocation Failure) [PSYoungGen: 67488K->1344K(67584K)] 411062K->344918K(533504K), 0.0018132 secs] [Times: user=0.01 sys=0.00, real=0.00 secs] 
2055.720: [GC (Allocation Failure) [PSYoungGen: 67392K->1408K(67584K)] 410966K->344982K(533504K), 0.0017834 secs] [Times: user=0.01 sys=0.00, real=0.00 secs] 
2056.333: [GC (Allocation Failure) [PSYoungGen: 67456K->1408K(67584K)] 411030K->344982K(533504K), 0.0038731 secs] [Times: user=0.01 sys=0.00, real=0.01 secs] 
2056.949: [GC (Allocation Failure) [PSYoungGen: 67456K->1376K(67584K)] 411030K->344950K(533504K), 0.0030632 secs] [Times: user=0.02 sys=0.00, real=0.00 secs] 
2058.779: [GC (Allocation Failure) [PSYoungGen: 67424K->1408K(67584K)] 410998K->344982K(533504K), 0.0033277 secs] [Times: user=0.01 sys=0.00, real=0.00 secs] 
2059.559: [GC (Allocation Failure) [PSYoungGen: 67456K->1408K(67584K)] 411030K->344982K(533504K), 0.0030971 secs] [Times: user=0.01 sys=0.00, real=0.00 secs] 
2060.368: [GC (Allocation Failure) [PSYoungGen: 67456K->1344K(67584K)] 411030K->344918K(533504K), 0.0031384 secs] [Times: user=0.01 sys=0.00, real=0.00 secs] 
2061.110: [GC (Allocation Failure) [PSYoungGen: 67392K->1344K(67584K)] 410966K->344926K(533504K), 0.0033399 secs] [Times: user=0.02 sys=0.00, real=0.00 secs] 
2062.902: [GC (Allocation Failure) [PSYoungGen: 67392K->1440K(67584K)] 410974K->345022K(533504K), 0.0021242 secs] [Times: user=0.01 sys=0.00, real=0.00 secs] 
2063.884: [GC (Allocation Failure) [PSYoungGen: 67488K->1344K(67584K)] 411070K->344926K(533504K), 0.0025207 secs] [Times: user=0.01 sys=0.00, real=0.01 secs] 
2064.454: [GC (Allocation Failure) [PSYoungGen: 67392K->1376K(67584K)] 410974K->344966K(533504K), 0.0028596 secs] [Times: user=0.01 sys=0.00, real=0.01 secs] 
2065.120: [GC (Allocation Failure) [PSYoungGen: 67424K->1376K(67584K)] 411014K->344966K(533504K), 0.0033460 secs] [Times: user=0.02 sys=0.00, real=0.00 secs] 
2066.526: [GC (Allocation Failure) [PSYoungGen: 67424K->1408K(67584K)] 411014K->345006K(533504K), 0.0017177 secs] [Times: user=0.01 sys=0.00, real=0.01 secs] 
2066.800: [GC (Allocation Failure) [PSYoungGen: 67456K->1376K(67584K)] 411054K->344974K(533504K), 0.0017808 secs] [Times: user=0.00 sys=0.00, real=0.00 secs] 
2067.111: [GC (Allocation Failure) [PSYoungGen: 67424K->1360K(67584K)] 411022K->344966K(533504K), 0.0018109 secs] [Times: user=0.01 sys=0.00, real=0.00 secs] 
2067.423: [GC (Allocation Failure) [PSYoungGen: 67408K->1376K(67584K)] 411014K->344982K(533504K), 0.0018632 secs] [Times: user=0.01 sys=0.00, real=0.00 secs] 
2067.698: [GC (Allocation Failure) [PSYoungGen: 67424K->1376K(67584K)] 411030K->344982K(533504K), 0.0018594 secs] [Times: user=0.01 sys=0.00, real=0.00 secs] 
2069.896: [GC (Allocation Failure) [PSYoungGen: 67424K->1408K(67584K)] 411030K->345014K(533504K), 0.0026065 secs] [Times: user=0.01 sys=0.00, real=0.00 secs] 
2070.556: [GC (Allocation Failure) [PSYoungGen: 67456K->1408K(67584K)] 411062K->345014K(533504K), 0.0025012 secs] [Times: user=0.01 sys=0.00, real=0.00 secs] 
2071.151: [GC (Allocation Failure) [PSYoungGen: 67456K->1344K(67584K)] 411062K->344950K(533504K), 0.0032840 secs] [Times: user=0.01 sys=0.00, real=0.00 secs] 
2071.665: [GC (Allocation Failure) [PSYoungGen: 67392K->1376K(67584K)] 410998K->344982K(533504K), 0.0029917 secs] [Times: user=0.01 sys=0.00, real=0.01 secs] 
2073.213: [GC (Allocation Failure) [PSYoungGen: 67424K->1424K(67584K)] 411030K->345030K(533504K), 0.0032056 secs] [Times: user=0.02 sys=0.00, real=0.00 secs] 
2073.961: [GC (Allocation Failure) [PSYoungGen: 67472K->1376K(67584K)] 411078K->344990K(533504K), 0.0038785 secs] [Times: user=0.02 sys=0.00, real=0.00 secs] 
2074.696: [GC (Allocation Failure) [PSYoungGen: 67424K->1376K(67584K)] 411038K->344990K(533504K), 0.0030628 secs] [Times: user=0.02 sys=0.00, real=0.00 secs] 
2075.431: [GC (Allocation Failure) [PSYoungGen: 67424K->1376K(67584K)] 411038K->344990K(533504K), 0.0031639 secs] [Times: user=0.01 sys=0.00, real=0.00 secs] 
2076.737: [GC (Allocation Failure) [PSYoungGen: 67424K->1408K(67584K)] 411038K->345022K(533504K), 0.0018447 secs] [Times: user=0.01 sys=0.00, real=0.00 secs] 
2077.053: [GC (Allocation Failure) [PSYoungGen: 67456K->1344K(67584K)] 411070K->344958K(533504K), 0.0020398 secs] [Times: user=0.01 sys=0.00, real=0.00 secs] 
2077.406: [GC (Allocation Failure) [PSYoungGen: 67392K->1376K(67584K)] 411006K->344990K(533504K), 0.0019685 secs] [Times: user=0.01 sys=0.00, real=0.00 secs] 
2077.811: [GC (Allocation Failure) [PSYoungGen: 67424K->1344K(67584K)] 411038K->344958K(533504K), 0.0020208 secs] [Times: user=0.01 sys=0.00, real=0.00 secs] 
2078.986: [GC (Allocation Failure) [PSYoungGen: 67392K->1440K(67584K)] 411006K->346078K(533504K), 0.0021129 secs] [Times: user=0.01 sys=0.00, real=0.00 secs] 
2079.502: [GC (Allocation Failure) [PSYoungGen: 67488K->1344K(67584K)] 412126K->345982K(533504K), 0.0018968 secs] [Times: user=0.00 sys=0.00, real=0.00 secs] 
2079.777: [GC (Allocation Failure) [PSYoungGen: 67392K->1360K(67584K)] 412030K->345998K(533504K), 0.0018818 secs] [Times: user=0.00 sys=0.00, real=0.00 secs] 
2080.066: [GC (Allocation Failure) [PSYoungGen: 67408K->1376K(67584K)] 412046K->346014K(533504K), 0.0019630 secs] [Times: user=0.01 sys=0.00, real=0.01 secs] 
2080.383: [GC (Allocation Failure) [PSYoungGen: 67424K->1344K(67584K)] 412062K->345982K(533504K), 0.0020359 secs] [Times: user=0.01 sys=0.00, real=0.00 secs] 
2081.343: [GC (Allocation Failure) [PSYoungGen: 67392K->1376K(67584K)] 412030K->346030K(533504K), 0.0016145 secs] [Times: user=0.00 sys=0.00, real=0.00 secs] 
2081.634: [GC (Allocation Failure) [PSYoungGen: 67424K->1376K(67584K)] 412078K->346030K(533504K), 0.0017996 secs] [Times: user=0.01 sys=0.00, real=0.00 secs] 
2081.969: [GC (Allocation Failure) [PSYoungGen: 67424K->1376K(67584K)] 412078K->346030K(533504K), 0.0016893 secs] [Times: user=0.01 sys=0.00, real=0.00 secs] 
2082.243: [GC (Allocation Failure) [PSYoungGen: 67424K->1376K(67584K)] 412078K->346030K(533504K), 0.0020319 secs] [Times: user=0.00 sys=0.01, real=0.00 secs] 
2083.753: [GC (Allocation Failure) [PSYoungGen: 67424K->1440K(67584K)] 412078K->346102K(533504K), 0.0032730 secs] [Times: user=0.02 sys=0.00, real=0.01 secs] 
2084.415: [GC (Allocation Failure) [PSYoungGen: 67488K->1408K(67584K)] 412150K->346070K(533504K), 0.0032955 secs] [Times: user=0.02 sys=0.00, real=0.01 secs] 
2085.227: [GC (Allocation Failure) [PSYoungGen: 67456K->1424K(67584K)] 412118K->346094K(533504K), 0.0039167 secs] [Times: user=0.02 sys=0.00, real=0.00 secs] 
2085.773: [GC (Allocation Failure) [PSYoungGen: 67472K->1440K(67584K)] 412142K->346110K(533504K), 0.0025991 secs] [Times: user=0.01 sys=0.00, real=0.01 secs] 
2087.118: [GC (Allocation Failure) [PSYoungGen: 67488K->1440K(67584K)] 412158K->346118K(533504K), 0.0044537 secs] [Times: user=0.02 sys=0.00, real=0.00 secs] 
2087.570: [GC (Allocation Failure) [PSYoungGen: 67488K->1376K(67584K)] 412166K->346054K(533504K), 0.0022378 secs] [Times: user=0.01 sys=0.00, real=0.00 secs] 
2087.845: [GC (Allocation Failure) [PSYoungGen: 67424K->1440K(67584K)] 412102K->346118K(533504K), 0.0017255 secs] [Times: user=0.01 sys=0.00, real=0.01 secs] 
2088.164: [GC (Allocation Failure) [PSYoungGen: 67488K->1408K(67584K)] 412166K->346086K(533504K), 0.0024178 secs] [Times: user=0.01 sys=0.01, real=0.01 secs] 
2089.344: [GC (Allocation Failure) [PSYoungGen: 67186K->224K(67584K)] 411865K->344902K(533504K), 0.0015542 secs] [Times: user=0.00 sys=0.00, real=0.00 secs] 
2090.072: [GC (Allocation Failure) [PSYoungGen: 66272K->1440K(68096K)] 410950K->346118K(534016K), 0.0021501 secs] [Times: user=0.01 sys=0.00, real=0.00 secs] 
2090.599: [GC (Allocation Failure) [PSYoungGen: 67488K->1408K(68096K)] 412166K->346086K(534016K), 0.0030967 secs] [Times: user=0.01 sys=0.00, real=0.00 secs] 
2091.303: [GC (Allocation Failure) [PSYoungGen: 67456K->1408K(68096K)] 412134K->346094K(534016K), 0.0023492 secs] [Times: user=0.01 sys=0.00, real=0.00 secs] 
2092.064: [GC (Allocation Failure) [PSYoungGen: 67456K->1440K(68096K)] 412142K->346126K(534016K), 0.0027389 secs] [Times: user=0.01 sys=0.00, real=0.01 secs] 
2093.683: [GC (Allocation Failure) [PSYoungGen: 67488K->1440K(68096K)] 412174K->346126K(534016K), 0.0040642 secs] [Times: user=0.01 sys=0.00, real=0.01 secs] 
2094.273: [GC (Allocation Failure) [PSYoungGen: 67488K->1440K(68096K)] 412174K->346126K(534016K), 0.0023533 secs] [Times: user=0.01 sys=0.00, real=0.00 secs] 
2094.774: [GC (Allocation Failure) [PSYoungGen: 67488K->1376K(68096K)] 412174K->346078K(534016K), 0.0021886 secs] [Times: user=0.01 sys=0.00, real=0.01 secs] 
2095.396: [GC (Allocation Failure) [PSYoungGen: 67424K->1408K(68096K)] 412126K->346110K(534016K), 0.0038107 secs] [Times: user=0.01 sys=0.00, real=0.00 secs] 
2096.672: [GC (Allocation Failure) [PSYoungGen: 67456K->1408K(68096K)] 412158K->346110K(534016K), 0.0018403 secs] [Times: user=0.01 sys=0.00, real=0.00 secs] 
2096.946: [GC (Allocation Failure) [PSYoungGen: 67456K->1408K(68096K)] 412158K->346110K(534016K), 0.0018439 secs] [Times: user=0.00 sys=0.00, real=0.00 secs] 
2097.274: [GC (Allocation Failure) [PSYoungGen: 67456K->1312K(68096K)] 412158K->346022K(534016K), 0.0025486 secs] [Times: user=0.01 sys=0.00, real=0.01 secs] 
2097.782: [GC (Allocation Failure) [PSYoungGen: 67360K->1376K(68096K)] 412070K->346086K(534016K), 0.0029180 secs] [Times: user=0.02 sys=0.00, real=0.00 secs] 
2099.086: [GC (Allocation Failure) [PSYoungGen: 67424K->1408K(68096K)] 412134K->346118K(534016K), 0.0020364 secs] [Times: user=0.01 sys=0.00, real=0.00 secs] 
2100.378: [GC (Allocation Failure) [PSYoungGen: 67456K->1392K(68096K)] 412166K->346102K(534016K), 0.0039299 secs] [Times: user=0.01 sys=0.00, real=0.00 secs] 
2101.414: [GC (Allocation Failure) [PSYoungGen: 67440K->1344K(68096K)] 412150K->346054K(534016K), 0.0040149 secs] [Times: user=0.02 sys=0.00, real=0.01 secs] 
2102.140: [GC (Allocation Failure) [PSYoungGen: 67392K->1376K(68096K)] 412102K->346086K(534016K), 0.0031401 secs] [Times: user=0.02 sys=0.00, real=0.00 secs] 
2102.665: [GC (Allocation Failure) [PSYoungGen: 67424K->1344K(67584K)] 412134K->346054K(533504K), 0.0022585 secs] [Times: user=0.00 sys=0.00, real=0.01 secs] 
2104.041: [GC (Allocation Failure) [PSYoungGen: 67392K->1424K(67584K)] 412102K->346142K(533504K), 0.0020454 secs] [Times: user=0.01 sys=0.00, real=0.00 secs] 
2104.507: [GC (Allocation Failure) [PSYoungGen: 67472K->1392K(67584K)] 412190K->346110K(533504K), 0.0020151 secs] [Times: user=0.01 sys=0.00, real=0.00 secs] 
2104.782: [GC (Allocation Failure) [PSYoungGen: 67440K->1376K(67584K)] 412158K->346094K(533504K), 0.0019931 secs] [Times: user=0.01 sys=0.00, real=0.00 secs] 
2105.221: [GC (Allocation Failure) [PSYoungGen: 67424K->368K(67072K)] 412142K->346110K(532992K), 0.0021728 secs] [Times: user=0.01 sys=0.00, real=0.00 secs] 
2106.701: [GC (Allocation Failure) [PSYoungGen: 66416K->1376K(68096K)] 412158K->347118K(534016K), 0.0038978 secs] [Times: user=0.02 sys=0.00, real=0.00 secs] 
2107.570: [GC (Allocation Failure) [PSYoungGen: 67424K->1376K(68096K)] 413166K->347118K(534016K), 0.0034723 secs] [Times: user=0.02 sys=0.00, real=0.00 secs] 
2108.369: [GC (Allocation Failure) [PSYoungGen: 67424K->1344K(68096K)] 413166K->347086K(534016K), 0.0028712 secs] [Times: user=0.01 sys=0.01, real=0.00 secs] 
2108.837: [GC (Allocation Failure) [PSYoungGen: 67392K->1408K(68096K)] 413134K->347150K(534016K), 0.0026579 secs] [Times: user=0.01 sys=0.00, real=0.00 secs] 
2110.195: [GC (Allocation Failure) [PSYoungGen: 67456K->1376K(68096K)] 413198K->347118K(534016K), 0.0017982 secs] [Times: user=0.01 sys=0.00, real=0.01 secs] 
2110.744: [GC (Allocation Failure) [PSYoungGen: 67424K->1376K(68096K)] 413166K->347118K(534016K), 0.0040545 secs] [Times: user=0.02 sys=0.00, real=0.01 secs] 
2111.139: [GC (Allocation Failure) [PSYoungGen: 67424K->1376K(68096K)] 413166K->347118K(534016K), 0.0020230 secs] [Times: user=0.01 sys=0.00, real=0.00 secs] 
2111.415: [GC (Allocation Failure) [PSYoungGen: 67424K->1344K(68096K)] 413166K->347086K(534016K), 0.0020093 secs] [Times: user=0.01 sys=0.00, real=0.01 secs] 
2113.762: [GC (Allocation Failure) [PSYoungGen: 67392K->1632K(68096K)] 413134K->347382K(534016K), 0.0039591 secs] [Times: user=0.02 sys=0.00, real=0.00 secs] 
2114.336: [GC (Allocation Failure) [PSYoungGen: 67680K->1344K(68096K)] 413430K->347094K(534016K), 0.0021937 secs] [Times: user=0.01 sys=0.01, real=0.00 secs] 
2114.651: [GC (Allocation Failure) [PSYoungGen: 67392K->1344K(68096K)] 413142K->347094K(534016K), 0.0018937 secs] [Times: user=0.01 sys=0.00, real=0.00 secs] 
2115.171: [GC (Allocation Failure) [PSYoungGen: 67392K->1376K(68096K)] 413142K->347126K(534016K), 0.0019219 secs] [Times: user=0.01 sys=0.00, real=0.00 secs] 
2115.688: [GC (Allocation Failure) [PSYoungGen: 67424K->1392K(68096K)] 413174K->347142K(534016K), 0.0019399 secs] [Times: user=0.00 sys=0.00, real=0.00 secs] 
2116.742: [GC (Allocation Failure) [PSYoungGen: 67440K->1424K(68096K)] 413190K->347174K(534016K), 0.0017236 secs] [Times: user=0.01 sys=0.00, real=0.00 secs] 
2117.017: [GC (Allocation Failure) [PSYoungGen: 67472K->1408K(68096K)] 413222K->347158K(534016K), 0.0017809 secs] [Times: user=0.01 sys=0.00, real=0.00 secs] 
2117.455: [GC (Allocation Failure) [PSYoungGen: 67456K->1344K(68096K)] 413206K->347102K(534016K), 0.0019309 secs] [Times: user=0.01 sys=0.00, real=0.01 secs] 
2118.124: [GC (Allocation Failure) [PSYoungGen: 67392K->1328K(68096K)] 413150K->347086K(534016K), 0.0019666 secs] [Times: user=0.01 sys=0.00, real=0.01 secs] 
2119.291: [GC (Allocation Failure) [PSYoungGen: 67376K->1376K(68096K)] 413134K->347134K(534016K), 0.0015995 secs] [Times: user=0.01 sys=0.00, real=0.00 secs] 
2119.565: [GC (Allocation Failure) [PSYoungGen: 67424K->1376K(67584K)] 413182K->347134K(533504K), 0.0015722 secs] [Times: user=0.01 sys=0.00, real=0.01 secs] 
2119.873: [GC (Allocation Failure) [PSYoungGen: 67424K->1408K(67584K)] 413182K->347166K(533504K), 0.0027331 secs] [Times: user=0.02 sys=0.01, real=0.01 secs] 
2120.160: [GC (Allocation Failure) [PSYoungGen: 67456K->1392K(67584K)] 413214K->347150K(533504K), 0.0022102 secs] [Times: user=0.01 sys=0.00, real=0.00 secs] 
2121.192: [GC (Allocation Failure) [PSYoungGen: 67440K->1424K(67584K)] 413198K->347190K(533504K), 0.0018210 secs] [Times: user=0.01 sys=0.00, real=0.00 secs] 
2121.665: [GC (Allocation Failure) [PSYoungGen: 67472K->1360K(67584K)] 413238K->347126K(533504K), 0.0019794 secs] [Times: user=0.01 sys=0.00, real=0.01 secs] 
2122.192: [GC (Allocation Failure) [PSYoungGen: 67408K->1376K(67584K)] 413174K->347142K(533504K), 0.0032655 secs] [Times: user=0.01 sys=0.00, real=0.00 secs] 
2122.787: [GC (Allocation Failure) [PSYoungGen: 67424K->1376K(67584K)] 413190K->347142K(533504K), 0.0026770 secs] [Times: user=0.01 sys=0.00, real=0.00 secs] 
2123.597: [GC (Allocation Failure) [PSYoungGen: 67417K->320K(67072K)] 413184K->346086K(532992K), 0.0026502 secs] [Times: user=0.02 sys=0.00, real=0.00 secs] 
2124.590: [GC (Allocation Failure) [PSYoungGen: 65856K->1376K(67584K)] 411622K->347142K(533504K), 0.0017817 secs] [Times: user=0.00 sys=0.00, real=0.00 secs] 
2124.862: [GC (Allocation Failure) [PSYoungGen: 66912K->1376K(67584K)] 412678K->347142K(533504K), 0.0016501 secs] [Times: user=0.01 sys=0.00, real=0.00 secs] 
2125.200: [GC (Allocation Failure) [PSYoungGen: 66912K->1408K(67584K)] 412678K->347174K(533504K), 0.0016712 secs] [Times: user=0.00 sys=0.00, real=0.00 secs] 
2125.686: [GC (Allocation Failure) [PSYoungGen: 66944K->1376K(67584K)] 412710K->347142K(533504K), 0.0016826 secs] [Times: user=0.00 sys=0.00, real=0.00 secs] 
2126.869: [GC (Allocation Failure) [PSYoungGen: 66912K->1344K(67584K)] 412678K->347110K(533504K), 0.0027676 secs] [Times: user=0.01 sys=0.01, real=0.00 secs] 
2127.146: [GC (Allocation Failure) [PSYoungGen: 66880K->1344K(67584K)] 412646K->347110K(533504K), 0.0021838 secs] [Times: user=0.00 sys=0.01, real=0.01 secs] 
2127.420: [GC (Allocation Failure) [PSYoungGen: 66880K->1376K(67584K)] 412646K->347142K(533504K), 0.0019710 secs] [Times: user=0.01 sys=0.01, real=0.00 secs] 
2127.693: [GC (Allocation Failure) [PSYoungGen: 66912K->1312K(67584K)] 412678K->347078K(533504K), 0.0019060 secs] [Times: user=0.01 sys=0.01, real=0.00 secs] 
2128.651: [GC (Allocation Failure) [PSYoungGen: 66848K->1408K(67584K)] 412614K->347174K(533504K), 0.0015970 secs] [Times: user=0.00 sys=0.00, real=0.00 secs] 
2128.922: [GC (Allocation Failure) [PSYoungGen: 66944K->1344K(67584K)] 412710K->347110K(533504K), 0.0016357 secs] [Times: user=0.01 sys=0.00, real=0.00 secs] 
2129.194: [GC (Allocation Failure) [PSYoungGen: 66880K->1408K(67584K)] 412646K->347198K(533504K), 0.0015939 secs] [Times: user=0.01 sys=0.00, real=0.00 secs] 
2129.466: [GC (Allocation Failure) [PSYoungGen: 66944K->1376K(67584K)] 412734K->347166K(533504K), 0.0015574 secs] [Times: user=0.01 sys=0.00, real=0.01 secs] 
2130.461: [GC (Allocation Failure) [PSYoungGen: 66912K->1680K(67584K)] 412702K->347470K(533504K), 0.0016348 secs] [Times: user=0.00 sys=0.00, real=0.00 secs] 
2131.183: [GC (Allocation Failure) [PSYoungGen: 67216K->1408K(67584K)] 413006K->347198K(533504K), 0.0020698 secs] [Times: user=0.01 sys=0.01, real=0.00 secs] 
2131.823: [GC (Allocation Failure) [PSYoungGen: 66944K->1360K(67584K)] 412734K->347150K(533504K), 0.0022481 secs] [Times: user=0.01 sys=0.00, real=0.00 secs] 
2132.538: [GC (Allocation Failure) [PSYoungGen: 66896K->1328K(67584K)] 412686K->347118K(533504K), 0.0031375 secs] [Times: user=0.01 sys=0.00, real=0.00 secs] 
2133.881: [GC (Allocation Failure) [PSYoungGen: 66864K->1376K(67584K)] 412654K->347166K(533504K), 0.0039329 secs] [Times: user=0.02 sys=0.00, real=0.00 secs] 
2135.669: [GC (Allocation Failure) [PSYoungGen: 66912K->1408K(67584K)] 412702K->347198K(533504K), 0.0025337 secs] [Times: user=0.02 sys=0.00, real=0.00 secs] 
2136.212: [GC (Allocation Failure) [PSYoungGen: 66944K->1392K(67584K)] 412734K->347182K(533504K), 0.0020639 secs] [Times: user=0.00 sys=0.00, real=0.00 secs] 
2136.484: [GC (Allocation Failure) [PSYoungGen: 66928K->1376K(67584K)] 412718K->347166K(533504K), 0.0019450 secs] [Times: user=0.00 sys=0.00, real=0.00 secs] 
2136.782: [GC (Allocation Failure) [PSYoungGen: 66912K->1376K(67072K)] 412702K->347166K(532992K), 0.0018426 secs] [Times: user=0.01 sys=0.00, real=0.00 secs] 
2137.963: [GC (Allocation Failure) [PSYoungGen: 66912K->1408K(67072K)] 412702K->347198K(532992K), 0.0018920 secs] [Times: user=0.00 sys=0.00, real=0.00 secs] 
2138.524: [GC (Allocation Failure) [PSYoungGen: 66944K->1408K(67072K)] 412734K->347198K(532992K), 0.0020275 secs] [Times: user=0.01 sys=0.00, real=0.01 secs] 
2138.797: [GC (Allocation Failure) [PSYoungGen: 66944K->1376K(67072K)] 412734K->347166K(532992K), 0.0020045 secs] [Times: user=0.00 sys=0.00, real=0.00 secs] 
2139.069: [GC (Allocation Failure) [PSYoungGen: 66912K->1344K(67072K)] 412702K->347134K(532992K), 0.0019185 secs] [Times: user=0.01 sys=0.01, real=0.00 secs] 
2140.023: [GC (Allocation Failure) [PSYoungGen: 66880K->864K(66560K)] 412670K->347678K(532480K), 0.0016854 secs] [Times: user=0.01 sys=0.00, real=0.00 secs] 
2140.297: [GC (Allocation Failure) [PSYoungGen: 65888K->352K(67072K)] 412702K->347166K(532992K), 0.0017900 secs] [Times: user=0.01 sys=0.00, real=0.00 secs] 
2140.567: [GC (Allocation Failure) [PSYoungGen: 65376K->288K(67072K)] 412190K->347102K(532992K), 0.0017473 secs] [Times: user=0.01 sys=0.00, real=0.00 secs] 
2140.836: [GC (Allocation Failure) [PSYoungGen: 65312K->352K(67072K)] 412126K->347190K(532992K), 0.0015940 secs] [Times: user=0.01 sys=0.00, real=0.00 secs] 
2141.106: [GC (Allocation Failure) [PSYoungGen: 65376K->352K(67072K)] 412214K->347190K(532992K), 0.0021544 secs] [Times: user=0.01 sys=0.00, real=0.01 secs] 
2142.752: [GC (Allocation Failure) [PSYoungGen: 65376K->1408K(67072K)] 412214K->348246K(532992K), 0.0024822 secs] [Times: user=0.01 sys=0.00, real=0.00 secs] 
2143.423: [GC (Allocation Failure) [PSYoungGen: 66432K->1408K(67072K)] 413270K->348246K(532992K), 0.0060002 secs] [Times: user=0.02 sys=0.00, real=0.01 secs] 
2144.235: [GC (Allocation Failure) [PSYoungGen: 66432K->1408K(67072K)] 413270K->348246K(532992K), 0.0039033 secs] [Times: user=0.02 sys=0.00, real=0.01 secs] 
2144.834: [GC (Allocation Failure) [PSYoungGen: 66432K->1376K(67584K)] 413270K->348214K(533504K), 0.0029215 secs] [Times: user=0.01 sys=0.00, real=0.01 secs] 
2146.198: [GC (Allocation Failure) [PSYoungGen: 66400K->1376K(67584K)] 413238K->348214K(533504K), 0.0019219 secs] [Times: user=0.01 sys=0.00, real=0.00 secs] 
2146.964: [GC (Allocation Failure) [PSYoungGen: 66400K->1376K(67584K)] 413238K->348214K(533504K), 0.0021590 secs] [Times: user=0.01 sys=0.00, real=0.01 secs] 
2147.799: [GC (Allocation Failure) [PSYoungGen: 66400K->1408K(67584K)] 413238K->348246K(533504K), 0.0029307 secs] [Times: user=0.01 sys=0.00, real=0.00 secs] 
2148.388: [GC (Allocation Failure) [PSYoungGen: 66432K->1344K(66560K)] 413270K->348182K(532480K), 0.0026782 secs] [Times: user=0.01 sys=0.00, real=0.00 secs] 
2149.956: [GC (Allocation Failure) [PSYoungGen: 66368K->1648K(67072K)] 413206K->348486K(532992K), 0.0016652 secs] [Times: user=0.01 sys=0.00, real=0.00 secs] 
2150.730: [GC (Allocation Failure) [PSYoungGen: 66672K->1344K(67584K)] 413510K->348182K(533504K), 0.0018756 secs] [Times: user=0.01 sys=0.00, real=0.00 secs] 
2151.530: [GC (Allocation Failure) [PSYoungGen: 66368K->1376K(66560K)] 413206K->348214K(532480K), 0.0020786 secs] [Times: user=0.00 sys=0.00, real=0.00 secs] 
2152.109: [GC (Allocation Failure) [PSYoungGen: 66400K->1408K(67072K)] 413238K->348246K(532992K), 0.0028627 secs] [Times: user=0.01 sys=0.00, real=0.00 secs] 
2152.925: [GC (Allocation Failure) [PSYoungGen: 66432K->1408K(67072K)] 413270K->348246K(532992K), 0.0030870 secs] [Times: user=0.01 sys=0.00, real=0.01 secs] 
2154.299: [GC (Allocation Failure) [PSYoungGen: 66432K->1408K(67072K)] 413270K->348246K(532992K), 0.0018371 secs] [Times: user=0.01 sys=0.00, real=0.00 secs] 
2154.575: [GC (Allocation Failure) [PSYoungGen: 66432K->1344K(67072K)] 413270K->348190K(532992K), 0.0018337 secs] [Times: user=0.01 sys=0.00, real=0.01 secs] 
2154.845: [GC (Allocation Failure) [PSYoungGen: 66368K->1344K(67072K)] 413214K->348190K(532992K), 0.0018444 secs] [Times: user=0.01 sys=0.00, real=0.01 secs] 
2155.156: [GC (Allocation Failure) [PSYoungGen: 66368K->1344K(67072K)] 413214K->348190K(532992K), 0.0019872 secs] [Times: user=0.01 sys=0.00, real=0.00 secs] 
2156.189: [GC (Allocation Failure) [PSYoungGen: 66368K->1376K(67072K)] 413214K->348222K(532992K), 0.0018006 secs] [Times: user=0.01 sys=0.00, real=0.00 secs] 
2156.459: [GC (Allocation Failure) [PSYoungGen: 66400K->1376K(67072K)] 413246K->348222K(532992K), 0.0018259 secs] [Times: user=0.01 sys=0.01, real=0.00 secs] 
2156.768: [GC (Allocation Failure) [PSYoungGen: 66400K->1344K(67072K)] 413246K->348190K(532992K), 0.0018940 secs] [Times: user=0.01 sys=0.00, real=0.00 secs] 
2157.069: [GC (Allocation Failure) [PSYoungGen: 66368K->1344K(67072K)] 413214K->348190K(532992K), 0.0020278 secs] [Times: user=0.01 sys=0.00, real=0.00 secs] 
2158.171: [GC (Allocation Failure) [PSYoungGen: 66368K->1520K(67072K)] 413214K->348366K(532992K), 0.0017105 secs] [Times: user=0.01 sys=0.00, real=0.00 secs] 
2159.499: [GC (Allocation Failure) [PSYoungGen: 66544K->1360K(67072K)] 413390K->348206K(532992K), 0.0042400 secs] [Times: user=0.02 sys=0.00, real=0.00 secs] 
2160.234: [GC (Allocation Failure) [PSYoungGen: 66384K->1376K(67072K)] 413230K->348222K(532992K), 0.0039294 secs] [Times: user=0.01 sys=0.00, real=0.01 secs] 
2160.529: [GC (Allocation Failure) [PSYoungGen: 66400K->1408K(67072K)] 413246K->348254K(532992K), 0.0023383 secs] [Times: user=0.01 sys=0.00, real=0.00 secs] 
2160.996: [GC (Allocation Failure) [PSYoungGen: 66432K->1376K(67072K)] 413278K->348246K(532992K), 0.0023456 secs] [Times: user=0.01 sys=0.00, real=0.00 secs] 
2162.471: [GC (Allocation Failure) [PSYoungGen: 66400K->1408K(67072K)] 413270K->348278K(532992K), 0.0040023 secs] [Times: user=0.01 sys=0.00, real=0.00 secs] 
2163.172: [GC (Allocation Failure) [PSYoungGen: 66432K->1360K(67072K)] 413302K->348230K(532992K), 0.0040493 secs] [Times: user=0.02 sys=0.00, real=0.01 secs] 
2163.794: [GC (Allocation Failure) [PSYoungGen: 66384K->1360K(67072K)] 413254K->348246K(532992K), 0.0033229 secs] [Times: user=0.01 sys=0.00, real=0.01 secs] 
2164.283: [GC (Allocation Failure) [PSYoungGen: 66384K->1376K(67072K)] 413270K->348262K(532992K), 0.0028915 secs] [Times: user=0.02 sys=0.00, real=0.00 secs] 
2165.776: [GC (Allocation Failure) [PSYoungGen: 66400K->1376K(66560K)] 413286K->348262K(532480K), 0.0027095 secs] [Times: user=0.01 sys=0.01, real=0.00 secs] 
2166.991: [GC (Allocation Failure) [PSYoungGen: 66400K->1408K(66560K)] 413286K->348294K(532480K), 0.0033293 secs] [Times: user=0.02 sys=0.00, real=0.00 secs] 
2167.734: [GC (Allocation Failure) [PSYoungGen: 66432K->1376K(66560K)] 413318K->348262K(532480K), 0.0033789 secs] [Times: user=0.02 sys=0.00, real=0.01 secs] 
2168.306: [GC (Allocation Failure) [PSYoungGen: 66400K->1376K(66560K)] 413286K->348262K(532480K), 0.0029200 secs] [Times: user=0.02 sys=0.00, real=0.00 secs] 
2169.689: [GC (Allocation Failure) [PSYoungGen: 66400K->1344K(66560K)] 413286K->348230K(532480K), 0.0015141 secs] [Times: user=0.00 sys=0.00, real=0.00 secs] 
2170.029: [GC (Allocation Failure) [PSYoungGen: 66368K->1376K(66560K)] 413254K->348262K(532480K), 0.0018316 secs] [Times: user=0.01 sys=0.00, real=0.00 secs] 
2170.333: [GC (Allocation Failure) [PSYoungGen: 66400K->1344K(66560K)] 413286K->348230K(532480K), 0.0017828 secs] [Times: user=0.00 sys=0.00, real=0.00 secs] 
2170.604: [GC (Allocation Failure) [PSYoungGen: 66368K->1376K(66560K)] 413254K->348262K(532480K), 0.0016953 secs] [Times: user=0.00 sys=0.00, real=0.00 secs] 
2170.873: [GC (Allocation Failure) [PSYoungGen: 66400K->1408K(66560K)] 413286K->348294K(532480K), 0.0017555 secs] [Times: user=0.00 sys=0.00, real=0.00 secs] 
2173.789: [GC (Allocation Failure) [PSYoungGen: 66432K->1408K(66560K)] 413318K->348294K(532480K), 0.0042037 secs] [Times: user=0.02 sys=0.00, real=0.00 secs] 
2174.406: [GC (Allocation Failure) [PSYoungGen: 66432K->1408K(66560K)] 413318K->348294K(532480K), 0.0027344 secs] [Times: user=0.01 sys=0.00, real=0.00 secs] 
2174.910: [GC (Allocation Failure) [PSYoungGen: 66432K->1408K(66560K)] 413318K->348310K(532480K), 0.0027239 secs] [Times: user=0.01 sys=0.00, real=0.00 secs] 
2175.509: [GC (Allocation Failure) [PSYoungGen: 66432K->1376K(66560K)] 413334K->348278K(532480K), 0.0033588 secs] [Times: user=0.01 sys=0.00, real=0.00 secs] 
2176.905: [GC (Allocation Failure) [PSYoungGen: 66400K->1408K(66560K)] 413302K->348310K(532480K), 0.0018417 secs] [Times: user=0.01 sys=0.00, real=0.01 secs] 
2177.505: [GC (Allocation Failure) [PSYoungGen: 66432K->1312K(66560K)] 413334K->348214K(532480K), 0.0020191 secs] [Times: user=0.01 sys=0.00, real=0.01 secs] 
2178.100: [GC (Allocation Failure) [PSYoungGen: 66336K->1392K(66560K)] 413238K->348294K(532480K), 0.0030936 secs] [Times: user=0.01 sys=0.00, real=0.00 secs] 
2178.754: [GC (Allocation Failure) [PSYoungGen: 66416K->1376K(66560K)] 413318K->348278K(532480K), 0.0034152 secs] [Times: user=0.01 sys=0.00, real=0.01 secs] 
2179.947: [GC (Allocation Failure) [PSYoungGen: 66400K->96K(66048K)] 413302K->347006K(531968K), 0.0014314 secs] [Times: user=0.01 sys=0.00, real=0.00 secs] 
2180.545: [GC (Allocation Failure) [PSYoungGen: 64608K->1344K(66560K)] 411518K->348254K(532480K), 0.0019602 secs] [Times: user=0.00 sys=0.00, real=0.01 secs] 
2181.145: [GC (Allocation Failure) [PSYoungGen: 65856K->1360K(66560K)] 412766K->348278K(532480K), 0.0031062 secs] [Times: user=0.01 sys=0.00, real=0.01 secs] 
2181.685: [GC (Allocation Failure) [PSYoungGen: 65872K->1312K(66560K)] 412790K->348230K(532480K), 0.0022957 secs] [Times: user=0.01 sys=0.00, real=0.01 secs] 
2182.011: [GC (Allocation Failure) [PSYoungGen: 65824K->1376K(66560K)] 412742K->348294K(532480K), 0.0020206 secs] [Times: user=0.01 sys=0.00, real=0.00 secs] 
2183.311: [GC (Allocation Failure) [PSYoungGen: 65888K->1376K(66560K)] 412806K->348294K(532480K), 0.0023698 secs] [Times: user=0.01 sys=0.00, real=0.00 secs] 
2184.136: [GC (Allocation Failure) [PSYoungGen: 65888K->1344K(66560K)] 412806K->348262K(532480K), 0.0039852 secs] [Times: user=0.02 sys=0.00, real=0.00 secs] 
2184.979: [GC (Allocation Failure) [PSYoungGen: 65856K->1376K(66560K)] 412774K->348302K(532480K), 0.0038748 secs] [Times: user=0.01 sys=0.00, real=0.00 secs] 
2185.431: [GC (Allocation Failure) [PSYoungGen: 65888K->1328K(66560K)] 412814K->348254K(532480K), 0.0019623 secs] [Times: user=0.01 sys=0.00, real=0.00 secs] 
2186.533: [GC (Allocation Failure) [PSYoungGen: 65840K->1376K(66560K)] 412766K->348302K(532480K), 0.0017918 secs] [Times: user=0.01 sys=0.00, real=0.00 secs] 
2187.120: [GC (Allocation Failure) [PSYoungGen: 65888K->1376K(66560K)] 412814K->348302K(532480K), 0.0024954 secs] [Times: user=0.01 sys=0.00, real=0.00 secs] 
2187.757: [GC (Allocation Failure) [PSYoungGen: 65888K->1408K(66560K)] 412814K->348334K(532480K), 0.0024596 secs] [Times: user=0.01 sys=0.00, real=0.00 secs] 
2188.196: [GC (Allocation Failure) [PSYoungGen: 65920K->1344K(66560K)] 412846K->348270K(532480K), 0.0020378 secs] [Times: user=0.00 sys=0.00, real=0.00 secs] 
2188.552: [GC (Allocation Failure) [PSYoungGen: 65856K->1408K(66560K)] 412782K->348334K(532480K), 0.0017702 secs] [Times: user=0.01 sys=0.00, real=0.00 secs] 
2191.855: [GC (Allocation Failure) [PSYoungGen: 65920K->1392K(66560K)] 412846K->348318K(532480K), 0.0039329 secs] [Times: user=0.02 sys=0.00, real=0.01 secs] 
2192.995: [GC (Allocation Failure) [PSYoungGen: 65904K->1408K(66560K)] 412830K->348334K(532480K), 0.0031058 secs] [Times: user=0.01 sys=0.00, real=0.01 secs] 
2193.571: [GC (Allocation Failure) [PSYoungGen: 65920K->1376K(66560K)] 412846K->348302K(532480K), 0.0027954 secs] [Times: user=0.01 sys=0.00, real=0.00 secs] 
2194.079: [GC (Allocation Failure) [PSYoungGen: 65888K->1344K(66560K)] 412814K->348278K(532480K), 0.0025255 secs] [Times: user=0.01 sys=0.00, real=0.00 secs] 
2195.289: [GC (Allocation Failure) [PSYoungGen: 65856K->1408K(66560K)] 412790K->348342K(532480K), 0.0018414 secs] [Times: user=0.00 sys=0.01, real=0.00 secs] 
2195.840: [GC (Allocation Failure) [PSYoungGen: 65920K->1376K(66048K)] 412854K->348310K(531968K), 0.0022517 secs] [Times: user=0.01 sys=0.00, real=0.00 secs] 
2196.427: [GC (Allocation Failure) [PSYoungGen: 65888K->1376K(66048K)] 412822K->348310K(531968K), 0.0035019 secs] [Times: user=0.01 sys=0.00, real=0.00 secs] 
2197.002: [GC (Allocation Failure) [PSYoungGen: 65888K->1376K(66048K)] 412822K->348310K(531968K), 0.0033398 secs] [Times: user=0.02 sys=0.00, real=0.00 secs] 
2198.516: [GC (Allocation Failure) [PSYoungGen: 65888K->896K(65536K)] 412822K->348854K(531456K), 0.0031622 secs] [Times: user=0.01 sys=0.00, real=0.00 secs] 
2200.185: [GC (Allocation Failure) [PSYoungGen: 64896K->352K(66048K)] 412854K->348310K(531968K), 0.0047018 secs] [Times: user=0.02 sys=0.00, real=0.01 secs] 
2201.236: [GC (Allocation Failure) [PSYoungGen: 64352K->320K(66048K)] 412310K->348278K(531968K), 0.0040332 secs] [Times: user=0.02 sys=0.00, real=0.00 secs] 
2201.943: [GC (Allocation Failure) [PSYoungGen: 64320K->320K(66048K)] 412278K->348278K(531968K), 0.0032701 secs] [Times: user=0.01 sys=0.00, real=0.01 secs] 
2202.860: [GC (Allocation Failure) [PSYoungGen: 64320K->352K(66048K)] 412278K->348310K(531968K), 0.0034694 secs] [Times: user=0.02 sys=0.00, real=0.00 secs] 
2204.851: [GC (Allocation Failure) [PSYoungGen: 64352K->1408K(66048K)] 412310K->349366K(531968K), 0.0031976 secs] [Times: user=0.01 sys=0.00, real=0.00 secs] 
2205.139: [GC (Allocation Failure) [PSYoungGen: 65408K->1344K(66048K)] 413366K->349302K(531968K), 0.0022961 secs] [Times: user=0.01 sys=0.00, real=0.00 secs] 
2205.534: [GC (Allocation Failure) [PSYoungGen: 65344K->1376K(66048K)] 413302K->349342K(531968K), 0.0020497 secs] [Times: user=0.01 sys=0.00, real=0.00 secs] 
2206.214: [GC (Allocation Failure) [PSYoungGen: 65376K->1376K(66048K)] 413342K->349342K(531968K), 0.0044182 secs] [Times: user=0.02 sys=0.00, real=0.01 secs] 
2207.724: [GC (Allocation Failure) [PSYoungGen: 65376K->1392K(66048K)] 413342K->349358K(531968K), 0.0020492 secs] [Times: user=0.01 sys=0.00, real=0.01 secs] 
2208.752: [GC (Allocation Failure) [PSYoungGen: 65392K->1376K(66560K)] 413358K->349342K(532480K), 0.0041461 secs] [Times: user=0.02 sys=0.01, real=0.01 secs] 
2209.615: [GC (Allocation Failure) [PSYoungGen: 65376K->1376K(65536K)] 413342K->349342K(531456K), 0.0042897 secs] [Times: user=0.01 sys=0.00, real=0.01 secs] 
2210.167: [GC (Allocation Failure) [PSYoungGen: 65376K->1376K(66048K)] 413342K->349342K(531968K), 0.0027948 secs] [Times: user=0.02 sys=0.00, real=0.00 secs] 
2210.491: [GC (Allocation Failure) [PSYoungGen: 65376K->1344K(66048K)] 413342K->349310K(531968K), 0.0019610 secs] [Times: user=0.01 sys=0.00, real=0.00 secs] 
2211.674: [GC (Allocation Failure) [PSYoungGen: 65344K->1408K(66048K)] 413310K->349374K(531968K), 0.0019470 secs] [Times: user=0.01 sys=0.00, real=0.01 secs] 
2212.192: [GC (Allocation Failure) [PSYoungGen: 65408K->1408K(66048K)] 413374K->349382K(531968K), 0.0028133 secs] [Times: user=0.01 sys=0.00, real=0.00 secs] 
2212.469: [GC (Allocation Failure) [PSYoungGen: 65408K->1344K(66048K)] 413382K->349318K(531968K), 0.0020574 secs] [Times: user=0.01 sys=0.00, real=0.00 secs] 
2212.734: [GC (Allocation Failure) [PSYoungGen: 65344K->1424K(66048K)] 413318K->349406K(531968K), 0.0018064 secs] [Times: user=0.01 sys=0.00, real=0.01 secs] 
2213.656: [GC (Allocation Failure) [PSYoungGen: 65424K->1408K(66048K)] 413406K->349390K(531968K), 0.0018335 secs] [Times: user=0.00 sys=0.00, real=0.00 secs] 
2213.922: [GC (Allocation Failure) [PSYoungGen: 65408K->1376K(66048K)] 413390K->349358K(531968K), 0.0017887 secs] [Times: user=0.00 sys=0.00, real=0.00 secs] 
2214.187: [GC (Allocation Failure) [PSYoungGen: 65376K->1344K(66048K)] 413358K->349334K(531968K), 0.0018100 secs] [Times: user=0.00 sys=0.00, real=0.00 secs] 
2214.452: [GC (Allocation Failure) [PSYoungGen: 65344K->1376K(66048K)] 413334K->349366K(531968K), 0.0018146 secs] [Times: user=0.01 sys=0.00, real=0.00 secs] 
2215.485: [GC (Allocation Failure) [PSYoungGen: 65376K->1440K(66048K)] 413366K->349430K(531968K), 0.0020854 secs] [Times: user=0.01 sys=0.00, real=0.01 secs] 
2216.390: [GC (Allocation Failure) [PSYoungGen: 65440K->1408K(66048K)] 413430K->349398K(531968K), 0.0030885 secs] [Times: user=0.01 sys=0.00, real=0.00 secs] 
2216.703: [GC (Allocation Failure) [PSYoungGen: 65408K->1376K(66048K)] 413398K->349366K(531968K), 0.0019892 secs] [Times: user=0.01 sys=0.00, real=0.00 secs] 
2217.032: [GC (Allocation Failure) [PSYoungGen: 65376K->1376K(66048K)] 413366K->349366K(531968K), 0.0020529 secs] [Times: user=0.00 sys=0.00, real=0.00 secs] 
2217.367: [GC (Allocation Failure) [PSYoungGen: 65376K->1376K(66048K)] 413366K->349366K(531968K), 0.0020237 secs] [Times: user=0.00 sys=0.00, real=0.00 secs] 
2218.773: [GC (Allocation Failure) [PSYoungGen: 65376K->1440K(66048K)] 413366K->349430K(531968K), 0.0022954 secs] [Times: user=0.01 sys=0.00, real=0.00 secs] 
2219.342: [GC (Allocation Failure) [PSYoungGen: 65440K->1376K(66048K)] 413430K->349366K(531968K), 0.0033205 secs] [Times: user=0.02 sys=0.00, real=0.00 secs] 
2219.863: [GC (Allocation Failure) [PSYoungGen: 65376K->1408K(66048K)] 413366K->349414K(531968K), 0.0061690 secs] [Times: user=0.03 sys=0.00, real=0.01 secs] 
2220.133: [GC (Allocation Failure) [PSYoungGen: 65408K->1344K(71680K)] 413414K->349350K(537600K), 0.0027982 secs] [Times: user=0.02 sys=0.00, real=0.00 secs] 
2221.671: [GC (Allocation Failure) [PSYoungGen: 70976K->1424K(71680K)] 418982K->349430K(537600K), 0.0040929 secs] [Times: user=0.01 sys=0.00, real=0.00 secs] 
2222.193: [GC (Allocation Failure) [PSYoungGen: 71056K->1408K(70656K)] 419062K->349414K(536576K), 0.0020171 secs] [Times: user=0.01 sys=0.01, real=0.00 secs] 
2222.730: [GC (Allocation Failure) [PSYoungGen: 70528K->1408K(70144K)] 418534K->349414K(536064K), 0.0019969 secs] [Times: user=0.01 sys=0.01, real=0.00 secs] 
2223.329: [GC (Allocation Failure) [PSYoungGen: 70016K->1376K(69632K)] 418022K->349382K(535552K), 0.0039868 secs] [Times: user=0.02 sys=0.00, real=0.00 secs] 
2224.633: [GC (Allocation Failure) [PSYoungGen: 69472K->1376K(69120K)] 417478K->349382K(535040K), 0.0018536 secs] [Times: user=0.00 sys=0.00, real=0.00 secs] 
2224.914: [GC (Allocation Failure) [PSYoungGen: 68960K->1344K(68608K)] 416966K->349350K(534528K), 0.0017973 secs] [Times: user=0.01 sys=0.00, real=0.00 secs] 
2225.193: [GC (Allocation Failure) [PSYoungGen: 68416K->1344K(74240K)] 416422K->349350K(540160K), 0.0033003 secs] [Times: user=0.01 sys=0.01, real=0.01 secs] 
2225.497: [GC (Allocation Failure) [PSYoungGen: 74048K->1344K(75264K)] 422054K->349350K(541184K), 0.0023121 secs] [Times: user=0.01 sys=0.00, real=0.00 secs] 
2226.704: [GC (Allocation Failure) [PSYoungGen: 74560K->1376K(74240K)] 422566K->349382K(540160K), 0.0019427 secs] [Times: user=0.00 sys=0.00, real=0.01 secs] 
2227.304: [GC (Allocation Failure) [PSYoungGen: 74080K->352K(73216K)] 422086K->349382K(539136K), 0.0019038 secs] [Times: user=0.01 sys=0.00, real=0.00 secs] 
2227.845: [GC (Allocation Failure) [PSYoungGen: 72544K->352K(72192K)] 421574K->349382K(538112K), 0.0020765 secs] [Times: user=0.01 sys=0.00, real=0.01 secs] 
2228.640: [GC (Allocation Failure) [PSYoungGen: 72032K->320K(72704K)] 421062K->349350K(538624K), 0.0027316 secs] [Times: user=0.01 sys=0.00, real=0.00 secs] 
2230.270: [GC (Allocation Failure) [PSYoungGen: 71488K->1440K(72192K)] 420518K->350470K(538112K), 0.0018185 secs] [Times: user=0.01 sys=0.00, real=0.00 secs] 
2230.796: [GC (Allocation Failure) [PSYoungGen: 72096K->1344K(71680K)] 421126K->350374K(537600K), 0.0018927 secs] [Times: user=0.01 sys=0.00, real=0.00 secs] 
2231.088: [GC (Allocation Failure) [PSYoungGen: 71488K->1344K(71168K)] 420518K->350374K(537088K), 0.0022588 secs] [Times: user=0.01 sys=0.00, real=0.00 secs] 
2231.378: [GC (Allocation Failure) [PSYoungGen: 70976K->1392K(70656K)] 420006K->350430K(536576K), 0.0020756 secs] [Times: user=0.01 sys=0.00, real=0.00 secs] 
2232.851: [GC (Allocation Failure) [PSYoungGen: 70512K->1440K(70144K)] 419550K->350478K(536064K), 0.0035364 secs] [Times: user=0.02 sys=0.00, real=0.00 secs] 
2233.551: [GC (Allocation Failure) [PSYoungGen: 70048K->1344K(69632K)] 419086K->350382K(535552K), 0.0029065 secs] [Times: user=0.01 sys=0.00, real=0.00 secs] 
2234.083: [GC (Allocation Failure) [PSYoungGen: 69440K->1344K(69120K)] 418478K->350382K(535040K), 0.0022877 secs] [Times: user=0.01 sys=0.00, real=0.00 secs] 
2234.420: [GC (Allocation Failure) [PSYoungGen: 68928K->1408K(68608K)] 417966K->350454K(534528K), 0.0025915 secs] [Times: user=0.01 sys=0.00, real=0.00 secs] 
2235.462: [GC (Allocation Failure) [PSYoungGen: 68480K->1488K(68096K)] 417526K->350534K(534016K), 0.0019155 secs] [Times: user=0.00 sys=0.00, real=0.00 secs] 
2236.377: [GC (Allocation Failure) [PSYoungGen: 68048K->1408K(68608K)] 417094K->350454K(534528K), 0.0032964 secs] [Times: user=0.02 sys=0.00, real=0.00 secs] 
2236.889: [GC (Allocation Failure) [PSYoungGen: 67968K->1376K(68608K)] 417014K->350422K(534528K), 0.0024264 secs] [Times: user=0.01 sys=0.00, real=0.00 secs] 
2237.472: [GC (Allocation Failure) [PSYoungGen: 67936K->1344K(68608K)] 416982K->350390K(534528K), 0.0025063 secs] [Times: user=0.01 sys=0.00, real=0.00 secs] 
2238.157: [GC (Allocation Failure) [PSYoungGen: 67904K->1360K(68608K)] 416950K->350406K(534528K), 0.0027314 secs] [Times: user=0.01 sys=0.00, real=0.00 secs] 
2239.592: [GC (Allocation Failure) [PSYoungGen: 67920K->1440K(68608K)] 416966K->350486K(534528K), 0.0031923 secs] [Times: user=0.01 sys=0.01, real=0.00 secs] 
2239.861: [GC (Allocation Failure) [PSYoungGen: 68000K->1344K(68608K)] 417046K->350390K(534528K), 0.0020073 secs] [Times: user=0.01 sys=0.00, real=0.00 secs] 
2240.138: [GC (Allocation Failure) [PSYoungGen: 67904K->1376K(68608K)] 416950K->350422K(534528K), 0.0020596 secs] [Times: user=0.00 sys=0.00, real=0.00 secs] 
2240.558: [GC (Allocation Failure) [PSYoungGen: 67936K->1344K(68608K)] 416982K->350390K(534528K), 0.0017688 secs] [Times: user=0.01 sys=0.00, real=0.00 secs] 
2241.837: [GC (Allocation Failure) [PSYoungGen: 67904K->1408K(68608K)] 416950K->350462K(534528K), 0.0020148 secs] [Times: user=0.01 sys=0.00, real=0.00 secs] 
2242.363: [GC (Allocation Failure) [PSYoungGen: 67968K->1376K(68608K)] 417022K->350430K(534528K), 0.0038941 secs] [Times: user=0.01 sys=0.00, real=0.01 secs] 
2243.399: [GC (Allocation Failure) [PSYoungGen: 67936K->1376K(68608K)] 416990K->350438K(534528K), 0.0039266 secs] [Times: user=0.02 sys=0.00, real=0.00 secs] 
2244.436: [GC (Allocation Failure) [PSYoungGen: 67936K->1376K(68608K)] 416998K->350438K(534528K), 0.0039534 secs] [Times: user=0.02 sys=0.00, real=0.00 secs] 
2245.908: [GC (Allocation Failure) [PSYoungGen: 67936K->1360K(68608K)] 416998K->350422K(534528K), 0.0017193 secs] [Times: user=0.01 sys=0.00, real=0.00 secs] 
2246.512: [GC (Allocation Failure) [PSYoungGen: 67920K->1376K(68608K)] 416982K->350438K(534528K), 0.0042344 secs] [Times: user=0.02 sys=0.00, real=0.01 secs] 
2247.081: [GC (Allocation Failure) [PSYoungGen: 67936K->1376K(68608K)] 416998K->350462K(534528K), 0.0028146 secs] [Times: user=0.01 sys=0.00, real=0.00 secs] 
2247.646: [GC (Allocation Failure) [PSYoungGen: 67936K->1376K(68608K)] 417022K->350462K(534528K), 0.0023070 secs] [Times: user=0.01 sys=0.00, real=0.01 secs] 
2248.619: [GC (Allocation Failure) [PSYoungGen: 67936K->1952K(68608K)] 417022K->351038K(534528K), 0.0027311 secs] [Times: user=0.01 sys=0.00, real=0.00 secs] 
2248.904: [GC (Allocation Failure) [PSYoungGen: 68512K->1376K(68608K)] 417598K->350462K(534528K), 0.0017191 secs] [Times: user=0.01 sys=0.00, real=0.00 secs] 
2249.439: [GC (Allocation Failure) [PSYoungGen: 67936K->1312K(68608K)] 417022K->350398K(534528K), 0.0038880 secs] [Times: user=0.02 sys=0.00, real=0.00 secs] 
2250.042: [GC (Allocation Failure) [PSYoungGen: 67872K->1344K(68608K)] 416958K->350430K(534528K), 0.0024813 secs] [Times: user=0.01 sys=0.00, real=0.00 secs] 
2250.594: [GC (Allocation Failure) [PSYoungGen: 67904K->1344K(68608K)] 416990K->350430K(534528K), 0.0021238 secs] [Times: user=0.01 sys=0.00, real=0.00 secs] 
2251.950: [GC (Allocation Failure) [PSYoungGen: 67904K->1376K(68608K)] 416990K->350462K(534528K), 0.0017272 secs] [Times: user=0.00 sys=0.00, real=0.00 secs] 
2252.575: [GC (Allocation Failure) [PSYoungGen: 67936K->1376K(68608K)] 417022K->350462K(534528K), 0.0029760 secs] [Times: user=0.01 sys=0.00, real=0.01 secs] 
2253.148: [GC (Allocation Failure) [PSYoungGen: 67936K->1376K(68608K)] 417022K->350470K(534528K), 0.0021923 secs] [Times: user=0.01 sys=0.00, real=0.00 secs] 
2253.774: [GC (Allocation Failure) [PSYoungGen: 67936K->1360K(68608K)] 417030K->350454K(534528K), 0.0021999 secs] [Times: user=0.01 sys=0.00, real=0.01 secs] 
2255.619: [GC (Allocation Failure) [PSYoungGen: 67920K->1376K(68608K)] 417014K->350470K(534528K), 0.0041171 secs] [Times: user=0.01 sys=0.00, real=0.00 secs] 
2256.261: [GC (Allocation Failure) [PSYoungGen: 67936K->1328K(68608K)] 417030K->350422K(534528K), 0.0025387 secs] [Times: user=0.01 sys=0.00, real=0.00 secs] 
2256.689: [GC (Allocation Failure) [PSYoungGen: 67888K->1312K(68608K)] 416982K->350406K(534528K), 0.0022265 secs] [Times: user=0.01 sys=0.00, real=0.00 secs] 
2257.209: [GC (Allocation Failure) [PSYoungGen: 67872K->1344K(68608K)] 416966K->350438K(534528K), 0.0022922 secs] [Times: user=0.01 sys=0.00, real=0.00 secs] 
2258.889: [GC (Allocation Failure) [PSYoungGen: 67904K->1376K(68096K)] 416998K->350470K(534016K), 0.0039197 secs] [Times: user=0.01 sys=0.00, real=0.00 secs] 
2259.499: [GC (Allocation Failure) [PSYoungGen: 67936K->1344K(68096K)] 417030K->350438K(534016K), 0.0035212 secs] [Times: user=0.01 sys=0.00, real=0.00 secs] 
2260.037: [GC (Allocation Failure) [PSYoungGen: 67904K->1376K(68096K)] 416998K->350470K(534016K), 0.0032844 secs] [Times: user=0.01 sys=0.00, real=0.00 secs] 
2260.490: [GC (Allocation Failure) [PSYoungGen: 67936K->1344K(68096K)] 417030K->350438K(534016K), 0.0025123 secs] [Times: user=0.01 sys=0.00, real=0.00 secs] 
2261.666: [GC (Allocation Failure) [PSYoungGen: 67904K->896K(68096K)] 416998K->351014K(534016K), 0.0016122 secs] [Times: user=0.01 sys=0.00, real=0.01 secs] 
2262.026: [GC (Allocation Failure) [PSYoungGen: 67456K->352K(68608K)] 417574K->350470K(534528K), 0.0016807 secs] [Times: user=0.01 sys=0.00, real=0.01 secs] 
2262.305: [GC (Allocation Failure) [PSYoungGen: 66912K->352K(68608K)] 417030K->350470K(534528K), 0.0018377 secs] [Times: user=0.00 sys=0.00, real=0.01 secs] 
2262.632: [GC (Allocation Failure) [PSYoungGen: 66912K->352K(68608K)] 417030K->350478K(534528K), 0.0019723 secs] [Times: user=0.01 sys=0.01, real=0.00 secs] 
2262.922: [GC (Allocation Failure) [PSYoungGen: 66912K->352K(68608K)] 417038K->350478K(534528K), 0.0019841 secs] [Times: user=0.01 sys=0.00, real=0.00 secs] 
2264.071: [GC (Allocation Failure) [PSYoungGen: 66912K->1344K(68608K)] 417038K->351470K(534528K), 0.0020254 secs] [Times: user=0.01 sys=0.00, real=0.00 secs] 
2264.633: [GC (Allocation Failure) [PSYoungGen: 67904K->1376K(68608K)] 418030K->351502K(534528K), 0.0039182 secs] [Times: user=0.02 sys=0.00, real=0.01 secs] 
2265.185: [GC (Allocation Failure) [PSYoungGen: 67936K->1376K(68608K)] 418062K->351502K(534528K), 0.0033001 secs] [Times: user=0.01 sys=0.00, real=0.01 secs] 
2265.748: [GC (Allocation Failure) [PSYoungGen: 67936K->1408K(68608K)] 418062K->351534K(534528K), 0.0031438 secs] [Times: user=0.01 sys=0.00, real=0.00 secs] 
2266.943: [GC (Allocation Failure) [PSYoungGen: 67968K->1376K(68608K)] 418094K->351502K(534528K), 0.0018388 secs] [Times: user=0.01 sys=0.00, real=0.00 secs] 
2267.589: [GC (Allocation Failure) [PSYoungGen: 67936K->1376K(68608K)] 418062K->351502K(534528K), 0.0030635 secs] [Times: user=0.01 sys=0.00, real=0.00 secs] 
2268.334: [GC (Allocation Failure) [PSYoungGen: 67936K->1376K(68608K)] 418062K->351502K(534528K), 0.0039911 secs] [Times: user=0.02 sys=0.00, real=0.01 secs] 
2269.272: [GC (Allocation Failure) [PSYoungGen: 67936K->1376K(68608K)] 418062K->351502K(534528K), 0.0033261 secs] [Times: user=0.02 sys=0.00, real=0.00 secs] 
2270.760: [GC (Allocation Failure) [PSYoungGen: 67936K->1376K(68608K)] 418062K->351502K(534528K), 0.0019133 secs] [Times: user=0.01 sys=0.00, real=0.00 secs] 
2271.037: [GC (Allocation Failure) [PSYoungGen: 67936K->1376K(68608K)] 418062K->351502K(534528K), 0.0017882 secs] [Times: user=0.01 sys=0.00, real=0.00 secs] 
2271.313: [GC (Allocation Failure) [PSYoungGen: 67936K->1344K(68608K)] 418062K->351478K(534528K), 0.0018859 secs] [Times: user=0.01 sys=0.00, real=0.00 secs] 
2271.644: [GC (Allocation Failure) [PSYoungGen: 67904K->1376K(68608K)] 418038K->351510K(534528K), 0.0027479 secs] [Times: user=0.01 sys=0.00, real=0.01 secs] 
2272.992: [GC (Allocation Failure) [PSYoungGen: 67936K->1440K(68608K)] 418070K->351574K(534528K), 0.0031463 secs] [Times: user=0.02 sys=0.00, real=0.00 secs] 
2274.104: [GC (Allocation Failure) [PSYoungGen: 68000K->1376K(68608K)] 418134K->351510K(534528K), 0.0039623 secs] [Times: user=0.02 sys=0.00, real=0.01 secs] 
2274.895: [GC (Allocation Failure) [PSYoungGen: 67936K->1360K(68608K)] 418070K->351494K(534528K), 0.0046578 secs] [Times: user=0.02 sys=0.00, real=0.01 secs] 
2275.410: [GC (Allocation Failure) [PSYoungGen: 67920K->1344K(68608K)] 418054K->351478K(534528K), 0.0028451 secs] [Times: user=0.01 sys=0.00, real=0.00 secs] 
2275.683: [GC (Allocation Failure) [PSYoungGen: 67904K->1408K(68608K)] 418038K->351542K(534528K), 0.0020121 secs] [Times: user=0.01 sys=0.00, real=0.00 secs] 
2276.658: [GC (Allocation Failure) [PSYoungGen: 67968K->1440K(68608K)] 418102K->351574K(534528K), 0.0016016 secs] [Times: user=0.01 sys=0.00, real=0.00 secs] 
2276.934: [GC (Allocation Failure) [PSYoungGen: 68000K->1408K(68608K)] 418134K->351542K(534528K), 0.0017722 secs] [Times: user=0.01 sys=0.00, real=0.00 secs] 
2277.210: [GC (Allocation Failure) [PSYoungGen: 67968K->1408K(68608K)] 418102K->351542K(534528K), 0.0016629 secs] [Times: user=0.01 sys=0.00, real=0.00 secs] 
2277.486: [GC (Allocation Failure) [PSYoungGen: 67968K->1344K(68608K)] 418102K->351478K(534528K), 0.0017842 secs] [Times: user=0.00 sys=0.00, real=0.01 secs] 
2279.178: [GC (Allocation Failure) [PSYoungGen: 67904K->1376K(68608K)] 418038K->351510K(534528K), 0.0034256 secs] [Times: user=0.01 sys=0.00, real=0.00 secs] 
2279.700: [GC (Allocation Failure) [PSYoungGen: 67936K->1408K(68608K)] 418070K->351542K(534528K), 0.0025708 secs] [Times: user=0.01 sys=0.00, real=0.00 secs] 
2280.331: [GC (Allocation Failure) [PSYoungGen: 67968K->1312K(68608K)] 418102K->351446K(534528K), 0.0020590 secs] [Times: user=0.01 sys=0.00, real=0.00 secs] 
2281.142: [GC (Allocation Failure) [PSYoungGen: 67872K->1376K(68608K)] 418006K->351518K(534528K), 0.0040785 secs] [Times: user=0.01 sys=0.00, real=0.01 secs] 
2282.412: [GC (Allocation Failure) [PSYoungGen: 67936K->1376K(68608K)] 418078K->351518K(534528K), 0.0018086 secs] [Times: user=0.01 sys=0.00, real=0.00 secs] 
2282.688: [GC (Allocation Failure) [PSYoungGen: 67936K->1376K(68608K)] 418078K->351518K(534528K), 0.0018253 secs] [Times: user=0.00 sys=0.00, real=0.00 secs] 
2282.993: [GC (Allocation Failure) [PSYoungGen: 67936K->1312K(68608K)] 418078K->351454K(534528K), 0.0018438 secs] [Times: user=0.00 sys=0.00, real=0.00 secs] 
2283.270: [GC (Allocation Failure) [PSYoungGen: 67872K->1408K(68608K)] 418014K->351550K(534528K), 0.0019036 secs] [Times: user=0.01 sys=0.00, real=0.00 secs] 
2284.632: [GC (Allocation Failure) [PSYoungGen: 67968K->1376K(68608K)] 418110K->351518K(534528K), 0.0025240 secs] [Times: user=0.01 sys=0.00, real=0.00 secs] 
2285.740: [GC (Allocation Failure) [PSYoungGen: 67936K->1424K(68608K)] 418078K->351566K(534528K), 0.0027331 secs] [Times: user=0.01 sys=0.00, real=0.00 secs] 
2286.793: [GC (Allocation Failure) [PSYoungGen: 67984K->1376K(68608K)] 418126K->351518K(534528K), 0.0027949 secs] [Times: user=0.01 sys=0.00, real=0.00 secs] 
2287.071: [GC (Allocation Failure) [PSYoungGen: 67936K->1328K(68608K)] 418078K->351470K(534528K), 0.0020680 secs] [Times: user=0.01 sys=0.00, real=0.00 secs] 
2287.348: [GC (Allocation Failure) [PSYoungGen: 67888K->1408K(68608K)] 418030K->351550K(534528K), 0.0019574 secs] [Times: user=0.01 sys=0.00, real=0.00 secs] 
2288.849: [GC (Allocation Failure) [PSYoungGen: 67968K->1376K(68096K)] 418110K->351518K(534016K), 0.0021451 secs] [Times: user=0.01 sys=0.00, real=0.00 secs] 
2289.296: [GC (Allocation Failure) [PSYoungGen: 67936K->1344K(68096K)] 418078K->351486K(534016K), 0.0020071 secs] [Times: user=0.01 sys=0.00, real=0.00 secs] 
2289.573: [GC (Allocation Failure) [PSYoungGen: 67904K->384K(67584K)] 418046K->351550K(533504K), 0.0021804 secs] [Times: user=0.01 sys=0.00, real=0.00 secs] 
2289.851: [GC (Allocation Failure) [PSYoungGen: 66944K->384K(68608K)] 418110K->351550K(534528K), 0.0019263 secs] [Times: user=0.00 sys=0.00, real=0.00 secs] 
2291.078: [GC (Allocation Failure) [PSYoungGen: 66944K->1424K(68608K)] 418110K->352590K(534528K), 0.0020933 secs] [Times: user=0.01 sys=0.00, real=0.00 secs] 
2291.388: [GC (Allocation Failure) [PSYoungGen: 67984K->1440K(68608K)] 419150K->352614K(534528K), 0.0020861 secs] [Times: user=0.01 sys=0.00, real=0.00 secs] 
2291.789: [GC (Allocation Failure) [PSYoungGen: 68000K->1376K(68608K)] 419174K->352550K(534528K), 0.0022955 secs] [Times: user=0.01 sys=0.00, real=0.00 secs] 
2292.296: [GC (Allocation Failure) [PSYoungGen: 67936K->1376K(68608K)] 419110K->352550K(534528K), 0.0022979 secs] [Times: user=0.01 sys=0.00, real=0.00 secs] 
2293.792: [GC (Allocation Failure) [PSYoungGen: 67936K->1376K(68608K)] 419110K->352550K(534528K), 0.0017171 secs] [Times: user=0.01 sys=0.00, real=0.00 secs] 
2294.415: [GC (Allocation Failure) [PSYoungGen: 67936K->1344K(68608K)] 419110K->352518K(534528K), 0.0019745 secs] [Times: user=0.00 sys=0.00, real=0.01 secs] 
2294.766: [GC (Allocation Failure) [PSYoungGen: 67904K->1408K(68608K)] 419078K->352582K(534528K), 0.0020883 secs] [Times: user=0.01 sys=0.00, real=0.01 secs] 
2295.043: [GC (Allocation Failure) [PSYoungGen: 67968K->1376K(68608K)] 419142K->352550K(534528K), 0.0027596 secs] [Times: user=0.01 sys=0.00, real=0.00 secs] 
2296.007: [GC (Allocation Failure) [PSYoungGen: 67936K->1440K(68608K)] 419110K->352614K(534528K), 0.0017075 secs] [Times: user=0.00 sys=0.00, real=0.00 secs] 
2296.283: [GC (Allocation Failure) [PSYoungGen: 68000K->1376K(68608K)] 419174K->352550K(534528K), 0.0017026 secs] [Times: user=0.00 sys=0.00, real=0.00 secs] 
2296.559: [GC (Allocation Failure) [PSYoungGen: 67936K->1376K(68608K)] 419110K->352558K(534528K), 0.0017590 secs] [Times: user=0.01 sys=0.00, real=0.00 secs] 
2296.841: [GC (Allocation Failure) [PSYoungGen: 67936K->1408K(68608K)] 419118K->352598K(534528K), 0.0028227 secs] [Times: user=0.01 sys=0.00, real=0.00 secs] 
2297.131: [GC (Allocation Failure) [PSYoungGen: 67968K->1376K(74240K)] 419158K->352566K(540160K), 0.0025742 secs] [Times: user=0.02 sys=0.00, real=0.00 secs] 
2298.560: [GC (Allocation Failure) [PSYoungGen: 73568K->1408K(73216K)] 424758K->352606K(539136K), 0.0016977 secs] [Times: user=0.00 sys=0.00, real=0.00 secs] 
2299.149: [GC (Allocation Failure) [PSYoungGen: 73088K->1408K(72704K)] 424286K->352606K(538624K), 0.0034846 secs] [Times: user=0.01 sys=0.00, real=0.00 secs] 
2299.756: [GC (Allocation Failure) [PSYoungGen: 72576K->1376K(72192K)] 423774K->352606K(538112K), 0.0034697 secs] [Times: user=0.01 sys=0.00, real=0.00 secs] 
2300.919: [GC (Allocation Failure) [PSYoungGen: 72032K->128K(71680K)] 423262K->351358K(537600K), 0.0015270 secs] [Times: user=0.00 sys=0.00, real=0.00 secs] 
2302.365: [GC (Allocation Failure) [PSYoungGen: 70272K->1344K(71168K)] 421502K->352574K(537088K), 0.0033337 secs] [Times: user=0.02 sys=0.00, real=0.01 secs] 
2303.043: [GC (Allocation Failure) [PSYoungGen: 70976K->1344K(70656K)] 422206K->352574K(536576K), 0.0028155 secs] [Times: user=0.01 sys=0.00, real=0.00 secs] 
2303.548: [GC (Allocation Failure) [PSYoungGen: 70464K->1344K(70144K)] 421694K->352574K(536064K), 0.0026132 secs] [Times: user=0.01 sys=0.00, real=0.00 secs] 
2304.066: [GC (Allocation Failure) [PSYoungGen: 69952K->1376K(69632K)] 421182K->352606K(535552K), 0.0040529 secs] [Times: user=0.02 sys=0.01, real=0.00 secs] 
2307.484: [GC (Allocation Failure) [PSYoungGen: 69472K->1376K(69120K)] 420702K->352606K(535040K), 0.0029050 secs] [Times: user=0.01 sys=0.00, real=0.01 secs] 
2307.759: [GC (Allocation Failure) [PSYoungGen: 68960K->1408K(68608K)] 420190K->352638K(534528K), 0.0022525 secs] [Times: user=0.01 sys=0.00, real=0.00 secs] 
2308.226: [GC (Allocation Failure) [PSYoungGen: 68480K->1376K(68096K)] 419710K->352606K(534016K), 0.0020813 secs] [Times: user=0.01 sys=0.00, real=0.00 secs] 
2308.775: [GC (Allocation Failure) [PSYoungGen: 67936K->1408K(68608K)] 419166K->352638K(534528K), 0.0024272 secs] [Times: user=0.01 sys=0.00, real=0.01 secs] 
2310.211: [GC (Allocation Failure) [PSYoungGen: 67968K->1392K(68608K)] 419198K->352622K(534528K), 0.0040501 secs] [Times: user=0.02 sys=0.01, real=0.00 secs] 
2310.751: [GC (Allocation Failure) [PSYoungGen: 67952K->1408K(68608K)] 419182K->352638K(534528K), 0.0027684 secs] [Times: user=0.01 sys=0.00, real=0.00 secs] 
2311.376: [GC (Allocation Failure) [PSYoungGen: 67968K->1360K(68608K)] 419198K->352590K(534528K), 0.0028351 secs] [Times: user=0.01 sys=0.00, real=0.01 secs] 
2312.091: [GC (Allocation Failure) [PSYoungGen: 67920K->1408K(68608K)] 419150K->352638K(534528K), 0.0051364 secs] [Times: user=0.02 sys=0.00, real=0.01 secs] 
2314.889: [GC (Allocation Failure) [PSYoungGen: 67968K->1376K(68608K)] 419198K->352606K(534528K), 0.0039956 secs] [Times: user=0.01 sys=0.00, real=0.00 secs] 
2315.648: [GC (Allocation Failure) [PSYoungGen: 67936K->1312K(68608K)] 419166K->352542K(534528K), 0.0028158 secs] [Times: user=0.01 sys=0.00, real=0.00 secs] 
2316.412: [GC (Allocation Failure) [PSYoungGen: 67872K->1376K(68608K)] 419102K->352606K(534528K), 0.0024272 secs] [Times: user=0.01 sys=0.00, real=0.00 secs] 
2317.348: [GC (Allocation Failure) [PSYoungGen: 67936K->1376K(68608K)] 419166K->352614K(534528K), 0.0040220 secs] [Times: user=0.01 sys=0.00, real=0.00 secs] 
2319.165: [GC (Allocation Failure) [PSYoungGen: 67936K->1392K(68608K)] 419174K->352630K(534528K), 0.0022725 secs] [Times: user=0.01 sys=0.00, real=0.01 secs] 
2319.987: [GC (Allocation Failure) [PSYoungGen: 67952K->1344K(68608K)] 419190K->352582K(534528K), 0.0030201 secs] [Times: user=0.01 sys=0.00, real=0.00 secs] 
2320.563: [GC (Allocation Failure) [PSYoungGen: 67904K->1408K(68608K)] 419142K->352646K(534528K), 0.0024546 secs] [Times: user=0.01 sys=0.00, real=0.00 secs] 
2321.128: [GC (Allocation Failure) [PSYoungGen: 67968K->1344K(68608K)] 419206K->352582K(534528K), 0.0025609 secs] [Times: user=0.01 sys=0.00, real=0.00 secs] 
2321.697: [GC (Allocation Failure) [PSYoungGen: 67886K->272K(68608K)] 419125K->351510K(534528K), 0.0024801 secs] [Times: user=0.01 sys=0.00, real=0.00 secs] 
2322.810: [GC (Allocation Failure) [PSYoungGen: 66832K->1376K(68608K)] 418070K->352614K(534528K), 0.0017656 secs] [Times: user=0.01 sys=0.00, real=0.00 secs] 
2323.421: [GC (Allocation Failure) [PSYoungGen: 67936K->1408K(68608K)] 419174K->352646K(534528K), 0.0039577 secs] [Times: user=0.02 sys=0.00, real=0.00 secs] 
2324.122: [GC (Allocation Failure) [PSYoungGen: 67968K->1376K(68608K)] 419206K->352614K(534528K), 0.0041059 secs] [Times: user=0.02 sys=0.00, real=0.01 secs] 
2324.831: [GC (Allocation Failure) [PSYoungGen: 67936K->1376K(68608K)] 419174K->352614K(534528K), 0.0045756 secs] [Times: user=0.02 sys=0.00, real=0.01 secs] 
2326.142: [GC (Allocation Failure) [PSYoungGen: 67936K->1440K(68608K)] 419174K->352686K(534528K), 0.0020399 secs] [Times: user=0.01 sys=0.00, real=0.00 secs] 
2326.702: [GC (Allocation Failure) [PSYoungGen: 68000K->1376K(68608K)] 419246K->352622K(534528K), 0.0019923 secs] [Times: user=0.01 sys=0.01, real=0.00 secs] 
2327.330: [GC (Allocation Failure) [PSYoungGen: 67936K->1376K(68608K)] 419182K->352622K(534528K), 0.0022884 secs] [Times: user=0.01 sys=0.00, real=0.00 secs] 
2328.006: [GC (Allocation Failure) [PSYoungGen: 67936K->1408K(68608K)] 419182K->352654K(534528K), 0.0024976 secs] [Times: user=0.01 sys=0.00, real=0.00 secs] 
2329.774: [GC (Allocation Failure) [PSYoungGen: 67968K->1456K(68608K)] 419214K->352702K(534528K), 0.0024899 secs] [Times: user=0.01 sys=0.00, real=0.01 secs] 
2331.003: [GC (Allocation Failure) [PSYoungGen: 68016K->1424K(68608K)] 419262K->352670K(534528K), 0.0042300 secs] [Times: user=0.01 sys=0.00, real=0.01 secs] 
2332.056: [GC (Allocation Failure) [PSYoungGen: 67984K->1360K(68608K)] 419230K->352606K(534528K), 0.0039720 secs] [Times: user=0.02 sys=0.00, real=0.01 secs] 
2332.695: [GC (Allocation Failure) [PSYoungGen: 67920K->1360K(68608K)] 419166K->352606K(534528K), 0.0027328 secs] [Times: user=0.01 sys=0.00, real=0.01 secs] 
2334.185: [GC (Allocation Failure) [PSYoungGen: 67920K->1392K(68608K)] 419166K->352638K(534528K), 0.0018572 secs] [Times: user=0.01 sys=0.00, real=0.01 secs] 
2334.505: [GC (Allocation Failure) [PSYoungGen: 67952K->1392K(68608K)] 419198K->352646K(534528K), 0.0016107 secs] [Times: user=0.01 sys=0.00, real=0.01 secs] 
2335.000: [GC (Allocation Failure) [PSYoungGen: 67952K->1360K(68608K)] 419206K->352614K(534528K), 0.0018550 secs] [Times: user=0.00 sys=0.00, real=0.00 secs] 
2335.530: [GC (Allocation Failure) [PSYoungGen: 67920K->1392K(68608K)] 419174K->352646K(534528K), 0.0020360 secs] [Times: user=0.00 sys=0.00, real=0.00 secs] 
2336.125: [GC (Allocation Failure) [PSYoungGen: 67941K->320K(68608K)] 419196K->351574K(534528K), 0.0030419 secs] [Times: user=0.02 sys=0.00, real=0.01 secs] 
2337.834: [GC (Allocation Failure) [PSYoungGen: 66880K->1456K(68608K)] 418134K->352710K(534528K), 0.0035946 secs] [Times: user=0.01 sys=0.00, real=0.01 secs] 
2338.205: [GC (Allocation Failure) [PSYoungGen: 68016K->1408K(68608K)] 419270K->352662K(534528K), 0.0020718 secs] [Times: user=0.00 sys=0.00, real=0.01 secs] 
2338.533: [GC (Allocation Failure) [PSYoungGen: 67968K->1392K(68608K)] 419222K->352646K(534528K), 0.0019744 secs] [Times: user=0.01 sys=0.00, real=0.00 secs] 
2338.933: [GC (Allocation Failure) [PSYoungGen: 67952K->1344K(68608K)] 419206K->352598K(534528K), 0.0020654 secs] [Times: user=0.01 sys=0.00, real=0.00 secs] 
2340.025: [GC (Allocation Failure) [PSYoungGen: 67904K->1440K(68608K)] 419158K->352694K(534528K), 0.0017521 secs] [Times: user=0.01 sys=0.00, real=0.01 secs] 
2340.416: [GC (Allocation Failure) [PSYoungGen: 68000K->1408K(68608K)] 419254K->352662K(534528K), 0.0018763 secs] [Times: user=0.01 sys=0.00, real=0.00 secs] 
2340.966: [GC (Allocation Failure) [PSYoungGen: 67968K->1344K(68608K)] 419222K->352622K(534528K), 0.0019446 secs] [Times: user=0.01 sys=0.01, real=0.01 secs] 
2341.579: [GC (Allocation Failure) [PSYoungGen: 67904K->1344K(68608K)] 419182K->352622K(534528K), 0.0023384 secs] [Times: user=0.01 sys=0.00, real=0.00 secs] 
2343.198: [GC (Allocation Failure) [PSYoungGen: 67904K->1408K(68608K)] 419182K->352702K(534528K), 0.0025220 secs] [Times: user=0.01 sys=0.00, real=0.00 secs] 
2344.196: [GC (Allocation Failure) [PSYoungGen: 67968K->1408K(68608K)] 419262K->352702K(534528K), 0.0032101 secs] [Times: user=0.01 sys=0.00, real=0.00 secs] 
2344.923: [GC (Allocation Failure) [PSYoungGen: 67968K->1376K(68608K)] 419262K->352670K(534528K), 0.0038043 secs] [Times: user=0.01 sys=0.00, real=0.01 secs] 
2345.219: [GC (Allocation Failure) [PSYoungGen: 67936K->1408K(68608K)] 419230K->352702K(534528K), 0.0018769 secs] [Times: user=0.01 sys=0.00, real=0.00 secs] 
2346.408: [GC (Allocation Failure) [PSYoungGen: 67968K->1376K(68608K)] 419262K->352670K(534528K), 0.0019540 secs] [Times: user=0.01 sys=0.00, real=0.00 secs] 
2346.838: [GC (Allocation Failure) [PSYoungGen: 67936K->1376K(68608K)] 419230K->352670K(534528K), 0.0019030 secs] [Times: user=0.01 sys=0.00, real=0.00 secs] 
2347.206: [GC (Allocation Failure) [PSYoungGen: 67936K->1376K(68608K)] 419230K->352670K(534528K), 0.0024285 secs] [Times: user=0.01 sys=0.00, real=0.00 secs] 
2347.541: [GC (Allocation Failure) [PSYoungGen: 67936K->1408K(68608K)] 419230K->352710K(534528K), 0.0020295 secs] [Times: user=0.01 sys=0.00, real=0.00 secs] 
2348.510: [GC (Allocation Failure) [PSYoungGen: 67968K->160K(68608K)] 419270K->351462K(534528K), 0.0014784 secs] [Times: user=0.01 sys=0.00, real=0.00 secs] 
2350.575: [GC (Allocation Failure) [PSYoungGen: 66720K->1408K(68608K)] 418022K->352710K(534528K), 0.0040441 secs] [Times: user=0.02 sys=0.00, real=0.01 secs] 
2351.097: [GC (Allocation Failure) [PSYoungGen: 67968K->1344K(68608K)] 419270K->352646K(534528K), 0.0027142 secs] [Times: user=0.01 sys=0.00, real=0.00 secs] 
2351.815: [GC (Allocation Failure) [PSYoungGen: 67904K->1376K(68608K)] 419206K->352678K(534528K), 0.0022694 secs] [Times: user=0.00 sys=0.00, real=0.01 secs] 
2352.654: [GC (Allocation Failure) [PSYoungGen: 67936K->1408K(68608K)] 419238K->352710K(534528K), 0.0039745 secs] [Times: user=0.01 sys=0.00, real=0.01 secs] 
2353.907: [GC (Allocation Failure) [PSYoungGen: 67968K->1424K(68608K)] 419270K->352726K(534528K), 0.0018530 secs] [Times: user=0.00 sys=0.00, real=0.00 secs] 
2354.195: [GC (Allocation Failure) [PSYoungGen: 67984K->1392K(68608K)] 419286K->352702K(534528K), 0.0019125 secs] [Times: user=0.01 sys=0.00, real=0.01 secs] 
2354.526: [GC (Allocation Failure) [PSYoungGen: 67952K->1376K(68608K)] 419262K->352686K(534528K), 0.0018637 secs] [Times: user=0.01 sys=0.00, real=0.01 secs] 
2354.995: [GC (Allocation Failure) [PSYoungGen: 67936K->1408K(68608K)] 419246K->352718K(534528K), 0.0019591 secs] [Times: user=0.01 sys=0.00, real=0.01 secs] 
2356.466: [GC (Allocation Failure) [PSYoungGen: 67968K->1424K(68608K)] 419278K->352734K(534528K), 0.0039985 secs] [Times: user=0.02 sys=0.00, real=0.01 secs] 
2356.762: [GC (Allocation Failure) [PSYoungGen: 67984K->1392K(68608K)] 419294K->352702K(534528K), 0.0020701 secs] [Times: user=0.00 sys=0.00, real=0.00 secs] 
2357.139: [GC (Allocation Failure) [PSYoungGen: 67952K->1408K(68608K)] 419262K->352718K(534528K), 0.0019765 secs] [Times: user=0.01 sys=0.00, real=0.00 secs] 
2357.427: [GC (Allocation Failure) [PSYoungGen: 67968K->1376K(68608K)] 419278K->352686K(534528K), 0.0019649 secs] [Times: user=0.01 sys=0.01, real=0.00 secs] 
2358.400: [GC (Allocation Failure) [PSYoungGen: 67936K->1408K(68608K)] 419246K->352718K(534528K), 0.0018099 secs] [Times: user=0.01 sys=0.00, real=0.00 secs] 
2358.777: [GC (Allocation Failure) [PSYoungGen: 67968K->1344K(68608K)] 419278K->352654K(534528K), 0.0019736 secs] [Times: user=0.01 sys=0.00, real=0.00 secs] 
2359.058: [GC (Allocation Failure) [PSYoungGen: 67904K->1376K(68608K)] 419214K->352686K(534528K), 0.0018971 secs] [Times: user=0.01 sys=0.00, real=0.00 secs] 
2359.350: [GC (Allocation Failure) [PSYoungGen: 67936K->1360K(68608K)] 419246K->352670K(534528K), 0.0022443 secs] [Times: user=0.00 sys=0.00, real=0.00 secs] 
2360.468: [GC (Allocation Failure) [PSYoungGen: 67920K->1440K(68608K)] 419230K->352766K(534528K), 0.0019866 secs] [Times: user=0.01 sys=0.00, real=0.00 secs] 
2360.780: [GC (Allocation Failure) [PSYoungGen: 68000K->1344K(68608K)] 419326K->352670K(534528K), 0.0019326 secs] [Times: user=0.01 sys=0.00, real=0.00 secs] 
2361.057: [GC (Allocation Failure) [PSYoungGen: 67904K->1344K(68608K)] 419230K->352670K(534528K), 0.0018774 secs] [Times: user=0.01 sys=0.00, real=0.00 secs] 
2361.382: [GC (Allocation Failure) [PSYoungGen: 67904K->1312K(68608K)] 419230K->352638K(534528K), 0.0027292 secs] [Times: user=0.01 sys=0.00, real=0.00 secs] 
2361.851: [GC (Allocation Failure) [PSYoungGen: 67872K->1344K(68096K)] 419198K->352670K(534016K), 0.0023243 secs] [Times: user=0.01 sys=0.00, real=0.00 secs] 
2363.145: [GC (Allocation Failure) [PSYoungGen: 67904K->1376K(68096K)] 419230K->352702K(534016K), 0.0023926 secs] [Times: user=0.01 sys=0.00, real=0.01 secs] 
2363.545: [GC (Allocation Failure) [PSYoungGen: 67936K->384K(67584K)] 419262K->352734K(533504K), 0.0026261 secs] [Times: user=0.01 sys=0.00, real=0.01 secs] 
2363.864: [GC (Allocation Failure) [PSYoungGen: 66944K->368K(68608K)] 419294K->352718K(534528K), 0.0025381 secs] [Times: user=0.01 sys=0.00, real=0.01 secs] 
2364.141: [GC (Allocation Failure) [PSYoungGen: 66928K->368K(68608K)] 419278K->352718K(534528K), 0.0020917 secs] [Times: user=0.01 sys=0.00, real=0.00 secs] 
2365.577: [GC (Allocation Failure) [PSYoungGen: 66928K->1440K(68608K)] 419278K->353790K(534528K), 0.0041222 secs] [Times: user=0.02 sys=0.00, real=0.00 secs] 
2366.876: [GC (Allocation Failure) [PSYoungGen: 68000K->1360K(68608K)] 420350K->353710K(534528K), 0.0039160 secs] [Times: user=0.02 sys=0.00, real=0.01 secs] 
2367.773: [GC (Allocation Failure) [PSYoungGen: 67920K->1408K(68608K)] 420270K->353758K(534528K), 0.0037955 secs] [Times: user=0.02 sys=0.00, real=0.01 secs] 
2368.378: [GC (Allocation Failure) [PSYoungGen: 67968K->1344K(68608K)] 420318K->353694K(534528K), 0.0027802 secs] [Times: user=0.01 sys=0.00, real=0.00 secs] 
2369.769: [GC (Allocation Failure) [PSYoungGen: 67904K->1408K(68608K)] 420254K->353758K(534528K), 0.0018928 secs] [Times: user=0.01 sys=0.00, real=0.00 secs] 
2370.698: [GC (Allocation Failure) [PSYoungGen: 67968K->1376K(68608K)] 420318K->353726K(534528K), 0.0036320 secs] [Times: user=0.01 sys=0.00, real=0.00 secs] 
2371.447: [GC (Allocation Failure) [PSYoungGen: 67936K->1344K(68608K)] 420286K->353702K(534528K), 0.0031706 secs] [Times: user=0.01 sys=0.00, real=0.00 secs] 
2372.112: [GC (Allocation Failure) [PSYoungGen: 67904K->1408K(68608K)] 420262K->353766K(534528K), 0.0031379 secs] [Times: user=0.02 sys=0.00, real=0.00 secs] 
2373.601: [GC (Allocation Failure) [PSYoungGen: 67968K->1728K(68608K)] 420326K->354094K(534528K), 0.0015777 secs] [Times: user=0.01 sys=0.00, real=0.00 secs] 
2373.935: [GC (Allocation Failure) [PSYoungGen: 68288K->1440K(68608K)] 420654K->353806K(534528K), 0.0015371 secs] [Times: user=0.01 sys=0.00, real=0.01 secs] 
2374.306: [GC (Allocation Failure) [PSYoungGen: 68000K->1440K(68608K)] 420366K->353806K(534528K), 0.0016596 secs] [Times: user=0.01 sys=0.00, real=0.01 secs] 
2374.592: [GC (Allocation Failure) [PSYoungGen: 68000K->1408K(68608K)] 420366K->353774K(534528K), 0.0027403 secs] [Times: user=0.01 sys=0.00, real=0.00 secs] 
2374.876: [GC (Allocation Failure) [PSYoungGen: 67968K->1376K(68608K)] 420334K->353742K(534528K), 0.0019961 secs] [Times: user=0.01 sys=0.01, real=0.01 secs] 
2376.644: [GC (Allocation Failure) [PSYoungGen: 67936K->1472K(68608K)] 420302K->353838K(534528K), 0.0043988 secs] [Times: user=0.01 sys=0.00, real=0.01 secs] 
2377.664: [GC (Allocation Failure) [PSYoungGen: 68032K->1408K(68608K)] 420398K->353774K(534528K), 0.0041602 secs] [Times: user=0.01 sys=0.00, real=0.01 secs] 
2378.223: [GC (Allocation Failure) [PSYoungGen: 67968K->1408K(68608K)] 420334K->353782K(534528K), 0.0031113 secs] [Times: user=0.01 sys=0.00, real=0.01 secs] 
2378.543: [GC (Allocation Failure) [PSYoungGen: 67968K->1408K(68608K)] 420342K->353782K(534528K), 0.0020120 secs] [Times: user=0.01 sys=0.00, real=0.00 secs] 
2379.498: [GC (Allocation Failure) [PSYoungGen: 67968K->1408K(68608K)] 420342K->353782K(534528K), 0.0017811 secs] [Times: user=0.01 sys=0.00, real=0.00 secs] 
2379.791: [GC (Allocation Failure) [PSYoungGen: 67968K->1408K(68608K)] 420342K->353782K(534528K), 0.0018049 secs] [Times: user=0.01 sys=0.00, real=0.00 secs] 
2380.155: [GC (Allocation Failure) [PSYoungGen: 67968K->1376K(68608K)] 420342K->353750K(534528K), 0.0018178 secs] [Times: user=0.01 sys=0.00, real=0.01 secs] 
2380.595: [GC (Allocation Failure) [PSYoungGen: 67936K->1376K(68608K)] 420310K->353750K(534528K), 0.0070891 secs] [Times: user=0.03 sys=0.00, real=0.01 secs] 
2381.860: [GC (Allocation Failure) [PSYoungGen: 67936K->1408K(68096K)] 420310K->353798K(534016K), 0.0017227 secs] [Times: user=0.01 sys=0.00, real=0.00 secs] 
2382.140: [GC (Allocation Failure) [PSYoungGen: 67968K->1376K(68096K)] 420358K->353766K(534016K), 0.0017629 secs] [Times: user=0.00 sys=0.00, real=0.00 secs] 
2382.488: [GC (Allocation Failure) [PSYoungGen: 67936K->1344K(68096K)] 420326K->353734K(534016K), 0.0020215 secs] [Times: user=0.01 sys=0.00, real=0.00 secs] 
2382.767: [GC (Allocation Failure) [PSYoungGen: 67904K->1408K(73216K)] 420294K->353798K(539136K), 0.0025987 secs] [Times: user=0.00 sys=0.00, real=0.00 secs] 
2383.792: [GC (Allocation Failure) [PSYoungGen: 72576K->1440K(72192K)] 424966K->353830K(538112K), 0.0016434 secs] [Times: user=0.01 sys=0.00, real=0.00 secs] 
2384.125: [GC (Allocation Failure) [PSYoungGen: 72096K->1344K(71680K)] 424486K->353734K(537600K), 0.0018539 secs] [Times: user=0.00 sys=0.00, real=0.01 secs] 
2384.459: [GC (Allocation Failure) [PSYoungGen: 71488K->1312K(71168K)] 423878K->353702K(537088K), 0.0019248 secs] [Times: user=0.00 sys=0.00, real=0.00 secs] 
2384.749: [GC (Allocation Failure) [PSYoungGen: 70944K->1360K(70656K)] 423334K->353750K(536576K), 0.0024568 secs] [Times: user=0.01 sys=0.00, real=0.00 secs] 
2385.813: [GC (Allocation Failure) [PSYoungGen: 70480K->864K(69632K)] 422870K->354278K(535552K), 0.0019027 secs] [Times: user=0.00 sys=0.01, real=0.00 secs] 
2386.392: [GC (Allocation Failure) [PSYoungGen: 69472K->288K(68608K)] 422886K->353702K(534528K), 0.0020488 secs] [Times: user=0.01 sys=0.00, real=0.00 secs] 
2386.956: [GC (Allocation Failure) [PSYoungGen: 68384K->352K(68608K)] 421798K->353766K(534528K), 0.0029451 secs] [Times: user=0.01 sys=0.00, real=0.01 secs] 
2387.262: [GC (Allocation Failure) [PSYoungGen: 67936K->320K(67584K)] 421350K->353734K(533504K), 0.0019659 secs] [Times: user=0.01 sys=0.00, real=0.00 secs] 
2387.541: [GC (Allocation Failure) [PSYoungGen: 67392K->368K(68096K)] 420806K->353782K(534016K), 0.0018653 secs] [Times: user=0.01 sys=0.00, real=0.00 secs] 
2388.519: [GC (Allocation Failure) [PSYoungGen: 66928K->1408K(68608K)] 420342K->354822K(534528K), 0.0019384 secs] [Times: user=0.01 sys=0.00, real=0.00 secs] 
2388.796: [GC (Allocation Failure) [PSYoungGen: 67968K->1408K(68096K)] 421382K->354822K(534016K), 0.0018545 secs] [Times: user=0.00 sys=0.00, real=0.01 secs] 
2389.112: [GC (Allocation Failure) [PSYoungGen: 67456K->1312K(68608K)] 420870K->354750K(534528K), 0.0017998 secs] [Times: user=0.01 sys=0.00, real=0.00 secs] 
2389.603: [GC (Allocation Failure) [PSYoungGen: 67360K->1344K(68608K)] 420798K->354782K(534528K), 0.0019860 secs] [Times: user=0.01 sys=0.00, real=0.00 secs] 
2390.864: [GC (Allocation Failure) [PSYoungGen: 67392K->1408K(68608K)] 420830K->354846K(534528K), 0.0017545 secs] [Times: user=0.01 sys=0.00, real=0.00 secs] 
2391.138: [GC (Allocation Failure) [PSYoungGen: 67456K->1376K(68608K)] 420894K->354814K(534528K), 0.0017504 secs] [Times: user=0.01 sys=0.00, real=0.00 secs] 
2391.632: [GC (Allocation Failure) [PSYoungGen: 67424K->1376K(67584K)] 420862K->354814K(533504K), 0.0022982 secs] [Times: user=0.01 sys=0.00, real=0.00 secs] 
2392.252: [GC (Allocation Failure) [PSYoungGen: 67424K->1376K(68096K)] 420862K->354814K(534016K), 0.0026702 secs] [Times: user=0.01 sys=0.00, real=0.00 secs] 
2393.727: [GC (Allocation Failure) [PSYoungGen: 67424K->1376K(68096K)] 420862K->354814K(534016K), 0.0032366 secs] [Times: user=0.02 sys=0.00, real=0.00 secs] 
2394.290: [GC (Allocation Failure) [PSYoungGen: 67424K->1376K(68096K)] 420862K->354814K(534016K), 0.0033438 secs] [Times: user=0.02 sys=0.00, real=0.00 secs] 
2394.862: [GC (Allocation Failure) [PSYoungGen: 67424K->1408K(68096K)] 420862K->354846K(534016K), 0.0026703 secs] [Times: user=0.02 sys=0.00, real=0.00 secs] 
2395.324: [GC (Allocation Failure) [PSYoungGen: 67456K->1376K(68096K)] 420894K->354814K(534016K), 0.0026068 secs] [Times: user=0.01 sys=0.00, real=0.01 secs] 
2396.791: [GC (Allocation Failure) [PSYoungGen: 67424K->1376K(68096K)] 420862K->354814K(534016K), 0.0022288 secs] [Times: user=0.01 sys=0.00, real=0.00 secs] 
2397.998: [GC (Allocation Failure) [PSYoungGen: 67424K->1376K(68096K)] 420862K->354814K(534016K), 0.0022565 secs] [Times: user=0.01 sys=0.00, real=0.00 secs] 
2398.565: [GC (Allocation Failure) [PSYoungGen: 67424K->1344K(68096K)] 420862K->354782K(534016K), 0.0022938 secs] [Times: user=0.01 sys=0.00, real=0.01 secs] 
2398.987: [GC (Allocation Failure) [PSYoungGen: 67392K->1376K(68096K)] 420830K->354814K(534016K), 0.0020134 secs] [Times: user=0.01 sys=0.00, real=0.00 secs] 
2399.261: [GC (Allocation Failure) [PSYoungGen: 67424K->1312K(68096K)] 420862K->354750K(534016K), 0.0019988 secs] [Times: user=0.01 sys=0.00, real=0.00 secs] 
2400.211: [GC (Allocation Failure) [PSYoungGen: 67360K->1376K(68096K)] 420798K->354814K(534016K), 0.0019029 secs] [Times: user=0.01 sys=0.00, real=0.00 secs] 
2400.485: [GC (Allocation Failure) [PSYoungGen: 67424K->1376K(68096K)] 420862K->354814K(534016K), 0.0018187 secs] [Times: user=0.00 sys=0.00, real=0.01 secs] 
2400.763: [GC (Allocation Failure) [PSYoungGen: 67424K->1376K(68096K)] 420862K->354814K(534016K), 0.0039543 secs] [Times: user=0.01 sys=0.00, real=0.01 secs] 
2401.036: [GC (Allocation Failure) [PSYoungGen: 67424K->1376K(68096K)] 420862K->354822K(534016K), 0.0025481 secs] [Times: user=0.01 sys=0.00, real=0.00 secs] 
2402.077: [GC (Allocation Failure) [PSYoungGen: 67424K->1408K(67584K)] 420870K->354854K(533504K), 0.0016922 secs] [Times: user=0.01 sys=0.00, real=0.00 secs] 
2402.351: [GC (Allocation Failure) [PSYoungGen: 67456K->1376K(67584K)] 420902K->354822K(533504K), 0.0017412 secs] [Times: user=0.00 sys=0.00, real=0.00 secs] 
2402.625: [GC (Allocation Failure) [PSYoungGen: 67424K->1376K(67584K)] 420870K->354822K(533504K), 0.0018371 secs] [Times: user=0.01 sys=0.00, real=0.01 secs] 
2402.900: [GC (Allocation Failure) [PSYoungGen: 67424K->1344K(67584K)] 420870K->354790K(533504K), 0.0021392 secs] [Times: user=0.01 sys=0.00, real=0.00 secs] 
2404.032: [GC (Allocation Failure) [PSYoungGen: 67392K->1376K(67584K)] 420838K->354822K(533504K), 0.0018426 secs] [Times: user=0.01 sys=0.00, real=0.00 secs] 
2404.307: [GC (Allocation Failure) [PSYoungGen: 67424K->1376K(67584K)] 420870K->354822K(533504K), 0.0019659 secs] [Times: user=0.00 sys=0.00, real=0.00 secs] 
2404.726: [GC (Allocation Failure) [PSYoungGen: 67424K->1376K(67584K)] 420870K->354822K(533504K), 0.0019658 secs] [Times: user=0.01 sys=0.00, real=0.00 secs] 
2405.185: [GC (Allocation Failure) [PSYoungGen: 67424K->1344K(67584K)] 420870K->354790K(533504K), 0.0021246 secs] [Times: user=0.01 sys=0.00, real=0.01 secs] 
2406.549: [GC (Allocation Failure) [PSYoungGen: 67392K->1520K(67584K)] 420838K->354974K(533504K), 0.0017889 secs] [Times: user=0.01 sys=0.00, real=0.00 secs] 
2407.313: [GC (Allocation Failure) [PSYoungGen: 67568K->1376K(67584K)] 421022K->354830K(533504K), 0.0034682 secs] [Times: user=0.01 sys=0.00, real=0.01 secs] 
2407.900: [GC (Allocation Failure) [PSYoungGen: 67424K->1408K(67584K)] 420878K->354862K(533504K), 0.0032852 secs] [Times: user=0.01 sys=0.00, real=0.00 secs] 
2408.450: [GC (Allocation Failure) [PSYoungGen: 67456K->1408K(67584K)] 420910K->354862K(533504K), 0.0024678 secs] [Times: user=0.01 sys=0.00, real=0.00 secs] 
2409.153: [GC (Allocation Failure) [PSYoungGen: 67456K->1344K(68096K)] 420910K->354798K(534016K), 0.0022710 secs] [Times: user=0.01 sys=0.00, real=0.00 secs] 
2410.308: [GC (Allocation Failure) [PSYoungGen: 67392K->1440K(68096K)] 420846K->354894K(534016K), 0.0016972 secs] [Times: user=0.01 sys=0.00, real=0.00 secs] 
2410.767: [GC (Allocation Failure) [PSYoungGen: 67488K->1344K(68096K)] 420942K->354822K(534016K), 0.0019104 secs] [Times: user=0.01 sys=0.00, real=0.00 secs] 
2411.301: [GC (Allocation Failure) [PSYoungGen: 67392K->1376K(67584K)] 420870K->354854K(533504K), 0.0018755 secs] [Times: user=0.01 sys=0.00, real=0.00 secs] 
2411.902: [GC (Allocation Failure) [PSYoungGen: 67424K->1344K(67584K)] 420902K->354822K(533504K), 0.0025367 secs] [Times: user=0.01 sys=0.00, real=0.00 secs] 
2413.505: [GC (Allocation Failure) [PSYoungGen: 67392K->1376K(67584K)] 420870K->354854K(533504K), 0.0025354 secs] [Times: user=0.01 sys=0.00, real=0.01 secs] 
2414.135: [GC (Allocation Failure) [PSYoungGen: 67424K->1344K(67584K)] 420902K->354822K(533504K), 0.0021957 secs] [Times: user=0.01 sys=0.00, real=0.01 secs] 
2414.479: [GC (Allocation Failure) [PSYoungGen: 67392K->1408K(67584K)] 420870K->354886K(533504K), 0.0020588 secs] [Times: user=0.01 sys=0.00, real=0.00 secs] 
2414.813: [GC (Allocation Failure) [PSYoungGen: 67456K->1344K(67584K)] 420934K->354822K(533504K), 0.0019179 secs] [Times: user=0.01 sys=0.00, real=0.00 secs] 
2416.039: [GC (Allocation Failure) [PSYoungGen: 67392K->1392K(67584K)] 420870K->354870K(533504K), 0.0023062 secs] [Times: user=0.01 sys=0.00, real=0.00 secs] 
2416.936: [GC (Allocation Failure) [PSYoungGen: 67440K->1408K(67584K)] 420918K->354886K(533504K), 0.0027898 secs] [Times: user=0.01 sys=0.00, real=0.01 secs] 
2417.729: [GC (Allocation Failure) [PSYoungGen: 67456K->1344K(67584K)] 420934K->354822K(533504K), 0.0028029 secs] [Times: user=0.01 sys=0.00, real=0.00 secs] 
2418.583: [GC (Allocation Failure) [PSYoungGen: 67392K->1360K(67584K)] 420870K->354846K(533504K), 0.0030267 secs] [Times: user=0.01 sys=0.00, real=0.00 secs] 
2419.094: [GC (Allocation Failure) [PSYoungGen: 67408K->1344K(67584K)] 420894K->354830K(533504K), 0.0025154 secs] [Times: user=0.01 sys=0.00, real=0.01 secs] 
2420.582: [GC (Allocation Failure) [PSYoungGen: 67392K->1408K(67584K)] 420878K->354894K(533504K), 0.0023419 secs] [Times: user=0.01 sys=0.00, real=0.00 secs] 
2421.233: [GC (Allocation Failure) [PSYoungGen: 67456K->1376K(67584K)] 420942K->354870K(533504K), 0.0020320 secs] [Times: user=0.01 sys=0.00, real=0.00 secs] 
2422.578: [GC (Allocation Failure) [PSYoungGen: 67424K->1376K(67584K)] 420918K->354878K(533504K), 0.0023224 secs] [Times: user=0.01 sys=0.00, real=0.00 secs] 
2423.354: [GC (Allocation Failure) [PSYoungGen: 67424K->1376K(67584K)] 420926K->354878K(533504K), 0.0033764 secs] [Times: user=0.02 sys=0.00, real=0.01 secs] 
2424.557: [GC (Allocation Failure) [PSYoungGen: 67424K->1376K(67584K)] 420926K->354886K(533504K), 0.0018515 secs] [Times: user=0.00 sys=0.00, real=0.00 secs] 
2424.832: [GC (Allocation Failure) [PSYoungGen: 67424K->1344K(67584K)] 420934K->354854K(533504K), 0.0019170 secs] [Times: user=0.01 sys=0.00, real=0.00 secs] 
2425.106: [GC (Allocation Failure) [PSYoungGen: 67392K->1344K(67584K)] 420902K->354854K(533504K), 0.0017492 secs] [Times: user=0.00 sys=0.00, real=0.00 secs] 
2425.380: [GC (Allocation Failure) [PSYoungGen: 67392K->1344K(67584K)] 420902K->354854K(533504K), 0.0017969 secs] [Times: user=0.01 sys=0.00, real=0.00 secs] 
2426.884: [GC (Allocation Failure) [PSYoungGen: 67392K->1440K(67584K)] 420902K->354950K(533504K), 0.0030202 secs] [Times: user=0.01 sys=0.00, real=0.01 secs] 
2427.479: [GC (Allocation Failure) [PSYoungGen: 67488K->1344K(67584K)] 420998K->354854K(533504K), 0.0031526 secs] [Times: user=0.01 sys=0.00, real=0.00 secs] 
2428.048: [GC (Allocation Failure) [PSYoungGen: 67392K->1360K(67584K)] 420902K->354870K(533504K), 0.0030290 secs] [Times: user=0.01 sys=0.00, real=0.00 secs] 
2428.586: [GC (Allocation Failure) [PSYoungGen: 67408K->1360K(67584K)] 420918K->354870K(533504K), 0.0028631 secs] [Times: user=0.01 sys=0.00, real=0.01 secs] 
2429.859: [GC (Allocation Failure) [PSYoungGen: 67408K->864K(67584K)] 420918K->355398K(533504K), 0.0017964 secs] [Times: user=0.00 sys=0.00, real=0.00 secs] 
2430.621: [GC (Allocation Failure) [PSYoungGen: 66912K->352K(67584K)] 421446K->354886K(533504K), 0.0021821 secs] [Times: user=0.01 sys=0.00, real=0.00 secs] 
2431.248: [GC (Allocation Failure) [PSYoungGen: 66400K->320K(68096K)] 420934K->354862K(534016K), 0.0045003 secs] [Times: user=0.02 sys=0.00, real=0.00 secs] 
2431.963: [GC (Allocation Failure) [PSYoungGen: 66368K->384K(68096K)] 420910K->354934K(534016K), 0.0040755 secs] [Times: user=0.02 sys=0.00, real=0.01 secs] 
2432.613: [GC (Allocation Failure) [PSYoungGen: 66432K->384K(68096K)] 420982K->354950K(534016K), 0.0030847 secs] [Times: user=0.01 sys=0.00, real=0.01 secs] 
2433.768: [GC (Allocation Failure) [PSYoungGen: 66432K->1408K(68096K)] 420998K->355974K(534016K), 0.0016846 secs] [Times: user=0.01 sys=0.00, real=0.00 secs] 
2434.223: [GC (Allocation Failure) [PSYoungGen: 67456K->1408K(68096K)] 422022K->355974K(534016K), 0.0017811 secs] [Times: user=0.01 sys=0.00, real=0.00 secs] 
2434.800: [GC (Allocation Failure) [PSYoungGen: 67456K->1344K(68096K)] 422022K->355910K(534016K), 0.0019124 secs] [Times: user=0.01 sys=0.00, real=0.00 secs] 
2435.346: [GC (Allocation Failure) [PSYoungGen: 67392K->1440K(68096K)] 421958K->356006K(534016K), 0.0053004 secs] [Times: user=0.02 sys=0.00, real=0.00 secs] 
2436.759: [GC (Allocation Failure) [PSYoungGen: 67488K->1376K(68096K)] 422054K->355942K(534016K), 0.0020320 secs] [Times: user=0.01 sys=0.00, real=0.00 secs] 
2437.543: [GC (Allocation Failure) [PSYoungGen: 67424K->1376K(68096K)] 421990K->355942K(534016K), 0.0027832 secs] [Times: user=0.01 sys=0.00, real=0.01 secs] 
2438.256: [GC (Allocation Failure) [PSYoungGen: 67424K->1376K(68096K)] 421990K->355942K(534016K), 0.0025503 secs] [Times: user=0.01 sys=0.00, real=0.00 secs] 
2438.767: [GC (Allocation Failure) [PSYoungGen: 67424K->1376K(68096K)] 421990K->355942K(534016K), 0.0024963 secs] [Times: user=0.01 sys=0.00, real=0.00 secs] 
2440.029: [GC (Allocation Failure) [PSYoungGen: 67424K->1440K(68096K)] 421990K->356006K(534016K), 0.0019535 secs] [Times: user=0.00 sys=0.00, real=0.00 secs] 
2440.304: [GC (Allocation Failure) [PSYoungGen: 67488K->1312K(68096K)] 422054K->355878K(534016K), 0.0020783 secs] [Times: user=0.01 sys=0.00, real=0.01 secs] 
2440.579: [GC (Allocation Failure) [PSYoungGen: 67360K->1344K(68096K)] 421926K->355910K(534016K), 0.0019794 secs] [Times: user=0.01 sys=0.00, real=0.00 secs] 
2440.854: [GC (Allocation Failure) [PSYoungGen: 67392K->1376K(68096K)] 421958K->355942K(534016K), 0.0019216 secs] [Times: user=0.01 sys=0.00, real=0.00 secs] 
2441.883: [GC (Allocation Failure) [PSYoungGen: 67424K->160K(68096K)] 421990K->354742K(534016K), 0.0015347 secs] [Times: user=0.00 sys=0.00, real=0.00 secs] 
2443.153: [GC (Allocation Failure) [PSYoungGen: 66208K->1376K(68096K)] 420790K->355958K(534016K), 0.0034548 secs] [Times: user=0.01 sys=0.00, real=0.01 secs] 
2444.194: [GC (Allocation Failure) [PSYoungGen: 67424K->1408K(68096K)] 422006K->355990K(534016K), 0.0039866 secs] [Times: user=0.02 sys=0.00, real=0.01 secs] 
2444.686: [GC (Allocation Failure) [PSYoungGen: 67456K->1408K(68096K)] 422038K->355990K(534016K), 0.0025171 secs] [Times: user=0.01 sys=0.00, real=0.00 secs] 
2445.255: [GC (Allocation Failure) [PSYoungGen: 67456K->1376K(68096K)] 422038K->355958K(534016K), 0.0031642 secs] [Times: user=0.01 sys=0.00, real=0.01 secs] 
2447.483: [GC (Allocation Failure) [PSYoungGen: 67424K->1440K(68096K)] 422006K->356022K(534016K), 0.0028446 secs] [Times: user=0.02 sys=0.00, real=0.01 secs] 
2447.962: [GC (Allocation Failure) [PSYoungGen: 67488K->1344K(68096K)] 422070K->355926K(534016K), 0.0023160 secs] [Times: user=0.01 sys=0.00, real=0.00 secs] 
2448.237: [GC (Allocation Failure) [PSYoungGen: 67392K->1408K(68096K)] 421974K->355990K(534016K), 0.0021547 secs] [Times: user=0.01 sys=0.00, real=0.00 secs] 
2448.607: [GC (Allocation Failure) [PSYoungGen: 67456K->1376K(68096K)] 422038K->355958K(534016K), 0.0019789 secs] [Times: user=0.01 sys=0.00, real=0.00 secs] 
2450.010: [GC (Allocation Failure) [PSYoungGen: 67424K->1408K(68096K)] 422006K->355990K(534016K), 0.0024016 secs] [Times: user=0.01 sys=0.00, real=0.00 secs] 
2450.730: [GC (Allocation Failure) [PSYoungGen: 67456K->1408K(68096K)] 422038K->355990K(534016K), 0.0039294 secs] [Times: user=0.02 sys=0.00, real=0.00 secs] 
2451.256: [GC (Allocation Failure) [PSYoungGen: 67456K->1376K(68096K)] 422038K->355958K(534016K), 0.0033197 secs] [Times: user=0.01 sys=0.00, real=0.00 secs] 
2451.890: [GC (Allocation Failure) [PSYoungGen: 67424K->1376K(68096K)] 422006K->355958K(534016K), 0.0033539 secs] [Times: user=0.02 sys=0.00, real=0.00 secs] 
2453.458: [GC (Allocation Failure) [PSYoungGen: 67424K->1376K(68096K)] 422006K->355958K(534016K), 0.0028986 secs] [Times: user=0.01 sys=0.00, real=0.00 secs] 
2454.032: [GC (Allocation Failure) [PSYoungGen: 67424K->1408K(68096K)] 422006K->355990K(534016K), 0.0029980 secs] [Times: user=0.01 sys=0.00, real=0.00 secs] 
2454.595: [GC (Allocation Failure) [PSYoungGen: 67456K->1344K(68096K)] 422038K->355934K(534016K), 0.0025006 secs] [Times: user=0.01 sys=0.00, real=0.01 secs] 
2455.133: [GC (Allocation Failure) [PSYoungGen: 67392K->1312K(68096K)] 421982K->355902K(534016K), 0.0025261 secs] [Times: user=0.01 sys=0.00, real=0.01 secs] 
2455.408: [GC (Allocation Failure) [PSYoungGen: 67360K->1344K(68096K)] 421950K->355934K(534016K), 0.0020435 secs] [Times: user=0.01 sys=0.00, real=0.00 secs] 
2456.599: [GC (Allocation Failure) [PSYoungGen: 67392K->1376K(68096K)] 421982K->355966K(534016K), 0.0018397 secs] [Times: user=0.01 sys=0.00, real=0.00 secs] 
2457.134: [GC (Allocation Failure) [PSYoungGen: 67424K->1344K(68096K)] 422014K->355934K(534016K), 0.0018125 secs] [Times: user=0.01 sys=0.00, real=0.00 secs] 
2457.735: [GC (Allocation Failure) [PSYoungGen: 67392K->1408K(68096K)] 421982K->355998K(534016K), 0.0018952 secs] [Times: user=0.01 sys=0.00, real=0.01 secs] 
2458.403: [GC (Allocation Failure) [PSYoungGen: 67456K->1344K(68096K)] 422046K->355934K(534016K), 0.0022871 secs] [Times: user=0.01 sys=0.00, real=0.00 secs] 
2460.075: [GC (Allocation Failure) [PSYoungGen: 67392K->1360K(68096K)] 421982K->355950K(534016K), 0.0032014 secs] [Times: user=0.01 sys=0.00, real=0.01 secs] 
2460.626: [GC (Allocation Failure) [PSYoungGen: 67408K->1344K(68096K)] 421998K->355934K(534016K), 0.0028507 secs] [Times: user=0.01 sys=0.00, real=0.00 secs] 
2461.216: [GC (Allocation Failure) [PSYoungGen: 67392K->1312K(67584K)] 421982K->355902K(533504K), 0.0028507 secs] [Times: user=0.02 sys=0.00, real=0.00 secs] 
2461.789: [GC (Allocation Failure) [PSYoungGen: 67360K->1312K(67584K)] 421950K->355902K(533504K), 0.0028942 secs] [Times: user=0.01 sys=0.00, real=0.00 secs] 
2462.935: [GC (Allocation Failure) [PSYoungGen: 67360K->1376K(67584K)] 421950K->355982K(533504K), 0.0020990 secs] [Times: user=0.01 sys=0.00, real=0.01 secs] 
2463.210: [GC (Allocation Failure) [PSYoungGen: 67424K->1344K(67584K)] 422030K->355950K(533504K), 0.0021105 secs] [Times: user=0.01 sys=0.00, real=0.00 secs] 
2463.485: [GC (Allocation Failure) [PSYoungGen: 67392K->1376K(67584K)] 421998K->355982K(533504K), 0.0019447 secs] [Times: user=0.01 sys=0.00, real=0.01 secs] 
2463.779: [GC (Allocation Failure) [PSYoungGen: 67424K->1408K(67584K)] 422030K->356014K(533504K), 0.0019523 secs] [Times: user=0.00 sys=0.00, real=0.00 secs] 
2464.968: [GC (Allocation Failure) [PSYoungGen: 67456K->1504K(67584K)] 422062K->356174K(533504K), 0.0032488 secs] [Times: user=0.01 sys=0.00, real=0.00 secs] 
2465.654: [GC (Allocation Failure) [PSYoungGen: 67552K->1328K(68096K)] 422222K->355998K(534016K), 0.0042930 secs] [Times: user=0.01 sys=0.00, real=0.01 secs] 
2466.212: [GC (Allocation Failure) [PSYoungGen: 67376K->1344K(68096K)] 422046K->356014K(534016K), 0.0026285 secs] [Times: user=0.01 sys=0.01, real=0.00 secs] 
2466.748: [GC (Allocation Failure) [PSYoungGen: 67392K->1360K(67584K)] 422062K->356030K(533504K), 0.0025835 secs] [Times: user=0.01 sys=0.00, real=0.00 secs] 
2467.245: [GC (Allocation Failure) [PSYoungGen: 67408K->1312K(67584K)] 422078K->355982K(533504K), 0.0025487 secs] [Times: user=0.01 sys=0.00, real=0.01 secs] 
2468.319: [GC (Allocation Failure) [PSYoungGen: 67360K->384K(67072K)] 422030K->356078K(532992K), 0.0017521 secs] [Times: user=0.01 sys=0.00, real=0.00 secs] 
2468.593: [GC (Allocation Failure) [PSYoungGen: 66432K->368K(68096K)] 422126K->356062K(534016K), 0.0016858 secs] [Times: user=0.01 sys=0.00, real=0.00 secs] 
2469.062: [GC (Allocation Failure) [PSYoungGen: 66416K->352K(68096K)] 422110K->356046K(534016K), 0.0018483 secs] [Times: user=0.01 sys=0.00, real=0.00 secs] 
2469.587: [GC (Allocation Failure) [PSYoungGen: 66400K->400K(68096K)] 422094K->356094K(534016K), 0.0025404 secs] [Times: user=0.01 sys=0.00, real=0.00 secs] 
2471.205: [GC (Allocation Failure) [PSYoungGen: 66448K->1424K(68096K)] 422142K->357126K(534016K), 0.0037465 secs] [Times: user=0.02 sys=0.00, real=0.01 secs] 
2471.908: [GC (Allocation Failure) [PSYoungGen: 67472K->1408K(68096K)] 423174K->357110K(534016K), 0.0041867 secs] [Times: user=0.02 sys=0.00, real=0.00 secs] 
2472.569: [GC (Allocation Failure) [PSYoungGen: 67456K->1360K(68096K)] 423158K->357062K(534016K), 0.0031319 secs] [Times: user=0.02 sys=0.00, real=0.00 secs] 
2473.165: [GC (Allocation Failure) [PSYoungGen: 67408K->1360K(68096K)] 423110K->357062K(534016K), 0.0031562 secs] [Times: user=0.01 sys=0.00, real=0.01 secs] 
2474.364: [GC (Allocation Failure) [PSYoungGen: 67408K->1440K(68096K)] 423110K->357142K(534016K), 0.0016209 secs] [Times: user=0.01 sys=0.00, real=0.00 secs] 
2474.861: [GC (Allocation Failure) [PSYoungGen: 67488K->1392K(68096K)] 423190K->357094K(534016K), 0.0023739 secs] [Times: user=0.01 sys=0.00, real=0.00 secs] 
2475.376: [GC (Allocation Failure) [PSYoungGen: 67440K->1376K(68096K)] 423142K->357102K(534016K), 0.0022533 secs] [Times: user=0.01 sys=0.00, real=0.01 secs] 
2475.959: [GC (Allocation Failure) [PSYoungGen: 67424K->1344K(68096K)] 423150K->357070K(534016K), 0.0023307 secs] [Times: user=0.01 sys=0.00, real=0.00 secs] 
2476.547: [GC (Allocation Failure) [PSYoungGen: 67392K->1344K(68096K)] 423118K->357070K(534016K), 0.0022539 secs] [Times: user=0.01 sys=0.00, real=0.00 secs] 
2477.918: [GC (Allocation Failure) [PSYoungGen: 67392K->1424K(68096K)] 423118K->357150K(534016K), 0.0026107 secs] [Times: user=0.01 sys=0.00, real=0.00 secs] 
2478.211: [GC (Allocation Failure) [PSYoungGen: 67472K->1392K(68096K)] 423198K->357118K(534016K), 0.0020700 secs] [Times: user=0.01 sys=0.00, real=0.00 secs] 
2478.673: [GC (Allocation Failure) [PSYoungGen: 67440K->1360K(68096K)] 423166K->357094K(534016K), 0.0023730 secs] [Times: user=0.01 sys=0.00, real=0.00 secs] 
2479.406: [GC (Allocation Failure) [PSYoungGen: 67408K->1376K(68096K)] 423142K->357110K(534016K), 0.0028026 secs] [Times: user=0.01 sys=0.00, real=0.00 secs] 
2481.355: [GC (Allocation Failure) [PSYoungGen: 67424K->1376K(68096K)] 423158K->357118K(534016K), 0.0023629 secs] [Times: user=0.01 sys=0.00, real=0.01 secs] 
2481.627: [GC (Allocation Failure) [PSYoungGen: 67424K->1344K(68096K)] 423166K->357086K(534016K), 0.0020394 secs] [Times: user=0.01 sys=0.00, real=0.00 secs] 
2481.902: [GC (Allocation Failure) [PSYoungGen: 67392K->1312K(68096K)] 423134K->357062K(534016K), 0.0020199 secs] [Times: user=0.01 sys=0.00, real=0.00 secs] 
2482.176: [GC (Allocation Failure) [PSYoungGen: 67360K->1344K(68096K)] 423110K->357094K(534016K), 0.0019835 secs] [Times: user=0.01 sys=0.00, real=0.00 secs] 
2483.145: [GC (Allocation Failure) [PSYoungGen: 67392K->1408K(68096K)] 423142K->357166K(534016K), 0.0018334 secs] [Times: user=0.01 sys=0.00, real=0.01 secs] 
2483.420: [GC (Allocation Failure) [PSYoungGen: 67456K->1376K(68096K)] 423214K->357134K(534016K), 0.0017588 secs] [Times: user=0.00 sys=0.00, real=0.00 secs] 
2483.694: [GC (Allocation Failure) [PSYoungGen: 67424K->1376K(68096K)] 423182K->357134K(534016K), 0.0018390 secs] [Times: user=0.01 sys=0.00, real=0.00 secs] 
2483.976: [GC (Allocation Failure) [PSYoungGen: 67424K->1376K(68096K)] 423182K->357134K(534016K), 0.0033769 secs] [Times: user=0.01 sys=0.00, real=0.00 secs] 
2485.102: [GC (Allocation Failure) [PSYoungGen: 67424K->1952K(68096K)] 423182K->358222K(534016K), 0.0019140 secs] [Times: user=0.00 sys=0.01, real=0.00 secs] 
2485.674: [GC (Allocation Failure) [PSYoungGen: 68000K->1376K(68096K)] 424270K->357646K(534016K), 0.0020819 secs] [Times: user=0.01 sys=0.00, real=0.01 secs] 
2485.949: [GC (Allocation Failure) [PSYoungGen: 67424K->1376K(68096K)] 423694K->357646K(534016K), 0.0032359 secs] [Times: user=0.01 sys=0.00, real=0.00 secs] 
2486.507: [GC (Allocation Failure) [PSYoungGen: 67424K->1376K(67584K)] 423694K->357646K(533504K), 0.0028973 secs] [Times: user=0.01 sys=0.00, real=0.00 secs] 
2487.230: [GC (Allocation Failure) [PSYoungGen: 67424K->1376K(67584K)] 423694K->357646K(533504K), 0.0030689 secs] [Times: user=0.02 sys=0.00, real=0.00 secs] 
2488.890: [GC (Allocation Failure) [PSYoungGen: 67424K->1408K(67584K)] 423694K->357678K(533504K), 0.0024906 secs] [Times: user=0.01 sys=0.00, real=0.00 secs] 
2489.661: [GC (Allocation Failure) [PSYoungGen: 67456K->1408K(67584K)] 423726K->357678K(533504K), 0.0026537 secs] [Times: user=0.01 sys=0.00, real=0.00 secs] 
2490.169: [GC (Allocation Failure) [PSYoungGen: 67456K->1408K(67584K)] 423726K->357710K(533504K), 0.0032231 secs] [Times: user=0.02 sys=0.00, real=0.00 secs] 
2490.881: [GC (Allocation Failure) [PSYoungGen: 67456K->1344K(67584K)] 423758K->357646K(533504K), 0.0030138 secs] [Times: user=0.01 sys=0.00, real=0.00 secs] 
2492.065: [GC (Allocation Failure) [PSYoungGen: 67392K->1408K(67584K)] 423694K->357718K(533504K), 0.0015872 secs] [Times: user=0.01 sys=0.00, real=0.01 secs] 
2492.339: [GC (Allocation Failure) [PSYoungGen: 67456K->1392K(67584K)] 423766K->357702K(533504K), 0.0016736 secs] [Times: user=0.01 sys=0.00, real=0.00 secs] 
2492.612: [GC (Allocation Failure) [PSYoungGen: 67440K->1344K(67584K)] 423750K->357678K(533504K), 0.0015788 secs] [Times: user=0.01 sys=0.00, real=0.00 secs] 
2492.886: [GC (Allocation Failure) [PSYoungGen: 67392K->1376K(67584K)] 423726K->357710K(533504K), 0.0017982 secs] [Times: user=0.01 sys=0.00, real=0.00 secs] 
2494.141: [GC (Allocation Failure) [PSYoungGen: 67424K->1408K(67584K)] 423758K->357742K(533504K), 0.0017493 secs] [Times: user=0.01 sys=0.00, real=0.00 secs] 
2495.103: [GC (Allocation Failure) [PSYoungGen: 67456K->1376K(67584K)] 423790K->357710K(533504K), 0.0041798 secs] [Times: user=0.02 sys=0.00, real=0.01 secs] 
2495.797: [GC (Allocation Failure) [PSYoungGen: 67424K->1376K(67584K)] 423758K->357710K(533504K), 0.0024882 secs] [Times: user=0.01 sys=0.00, real=0.00 secs] 
2496.599: [GC (Allocation Failure) [PSYoungGen: 67424K->1392K(67584K)] 423758K->357726K(533504K), 0.0048218 secs] [Times: user=0.01 sys=0.00, real=0.00 secs] 
2498.069: [GC (Allocation Failure) [PSYoungGen: 67440K->1408K(67584K)] 423774K->357742K(533504K), 0.0015136 secs] [Times: user=0.01 sys=0.00, real=0.00 secs] 
2498.999: [GC (Allocation Failure) [PSYoungGen: 67456K->1376K(67584K)] 423790K->357710K(533504K), 0.0028301 secs] [Times: user=0.01 sys=0.00, real=0.00 secs] 
2499.439: [GC (Allocation Failure) [PSYoungGen: 67424K->1344K(67584K)] 423758K->357678K(533504K), 0.0020898 secs] [Times: user=0.00 sys=0.00, real=0.00 secs] 
2499.714: [GC (Allocation Failure) [PSYoungGen: 67392K->1408K(67584K)] 423726K->357742K(533504K), 0.0019997 secs] [Times: user=0.01 sys=0.00, real=0.00 secs] 
2500.011: [GC (Allocation Failure) [PSYoungGen: 67456K->1376K(67584K)] 423790K->357710K(533504K), 0.0019379 secs] [Times: user=0.01 sys=0.00, real=0.00 secs] 
2501.262: [GC (Allocation Failure) [PSYoungGen: 67424K->1376K(67584K)] 423758K->357710K(533504K), 0.0020821 secs] [Times: user=0.01 sys=0.00, real=0.00 secs] 
2501.816: [GC (Allocation Failure) [PSYoungGen: 67424K->1376K(67584K)] 423758K->357710K(533504K), 0.0021198 secs] [Times: user=0.01 sys=0.00, real=0.01 secs] 
2502.219: [GC (Allocation Failure) [PSYoungGen: 67424K->1408K(67584K)] 423758K->357758K(533504K), 0.0024652 secs] [Times: user=0.01 sys=0.00, real=0.00 secs] 
2502.494: [GC (Allocation Failure) [PSYoungGen: 67456K->1376K(67584K)] 423806K->357726K(533504K), 0.0019413 secs] [Times: user=0.01 sys=0.00, real=0.01 secs] 
2503.660: [GC (Allocation Failure) [PSYoungGen: 67424K->1408K(67584K)] 423774K->357758K(533504K), 0.0017815 secs] [Times: user=0.01 sys=0.00, real=0.00 secs] 
2504.474: [GC (Allocation Failure) [PSYoungGen: 67456K->1344K(67584K)] 423806K->357694K(533504K), 0.0041756 secs] [Times: user=0.01 sys=0.00, real=0.01 secs] 
2505.120: [GC (Allocation Failure) [PSYoungGen: 67392K->1376K(67584K)] 423742K->357726K(533504K), 0.0028985 secs] [Times: user=0.01 sys=0.00, real=0.00 secs] 
2505.642: [GC (Allocation Failure) [PSYoungGen: 67424K->1408K(67584K)] 423774K->357758K(533504K), 0.0028222 secs] [Times: user=0.01 sys=0.01, real=0.00 secs] 
2506.878: [GC (Allocation Failure) [PSYoungGen: 67456K->1408K(67584K)] 423806K->357758K(533504K), 0.0018537 secs] [Times: user=0.01 sys=0.00, real=0.00 secs] 
2507.152: [GC (Allocation Failure) [PSYoungGen: 67456K->1376K(67584K)] 423806K->357726K(533504K), 0.0017111 secs] [Times: user=0.01 sys=0.00, real=0.00 secs] 
2507.796: [GC (Allocation Failure) [PSYoungGen: 67424K->1408K(67584K)] 423774K->357758K(533504K), 0.0022515 secs] [Times: user=0.01 sys=0.00, real=0.00 secs] 
2508.324: [GC (Allocation Failure) [PSYoungGen: 67456K->1344K(67584K)] 423806K->357694K(533504K), 0.0021961 secs] [Times: user=0.01 sys=0.00, real=0.00 secs] 
2508.877: [GC (Allocation Failure) [PSYoungGen: 67392K->1376K(67584K)] 423742K->357726K(533504K), 0.0022631 secs] [Times: user=0.01 sys=0.00, real=0.00 secs] 
2509.879: [GC (Allocation Failure) [PSYoungGen: 67424K->1392K(67584K)] 423774K->357742K(533504K), 0.0016924 secs] [Times: user=0.01 sys=0.00, real=0.00 secs] 
2510.166: [GC (Allocation Failure) [PSYoungGen: 67440K->1376K(67584K)] 423790K->357726K(533504K), 0.0018129 secs] [Times: user=0.00 sys=0.00, real=0.00 secs] 
2510.440: [GC (Allocation Failure) [PSYoungGen: 67424K->1376K(67584K)] 423774K->357750K(533504K), 0.0016698 secs] [Times: user=0.01 sys=0.00, real=0.00 secs] 
2510.713: [GC (Allocation Failure) [PSYoungGen: 67424K->1376K(67584K)] 423798K->357750K(533504K), 0.0016114 secs] [Times: user=0.00 sys=0.00, real=0.00 secs] 
2511.653: [GC (Allocation Failure) [PSYoungGen: 67424K->1408K(67584K)] 423798K->357782K(533504K), 0.0017869 secs] [Times: user=0.01 sys=0.00, real=0.00 secs] 
2511.927: [GC (Allocation Failure) [PSYoungGen: 67456K->1376K(67584K)] 423830K->357750K(533504K), 0.0018284 secs] [Times: user=0.01 sys=0.00, real=0.00 secs] 
2512.200: [GC (Allocation Failure) [PSYoungGen: 67424K->1408K(67584K)] 423798K->357782K(533504K), 0.0017790 secs] [Times: user=0.01 sys=0.00, real=0.00 secs] 
2512.474: [GC (Allocation Failure) [PSYoungGen: 67456K->1344K(67584K)] 423830K->357718K(533504K), 0.0018017 secs] [Times: user=0.00 sys=0.00, real=0.01 secs] 
2513.445: [GC (Allocation Failure) [PSYoungGen: 67392K->1408K(67584K)] 423766K->357782K(533504K), 0.0019581 secs] [Times: user=0.01 sys=0.00, real=0.01 secs] 
2513.725: [GC (Allocation Failure) [PSYoungGen: 67456K->1408K(67584K)] 423830K->357782K(533504K), 0.0018730 secs] [Times: user=0.01 sys=0.00, real=0.01 secs] 
2514.074: [GC (Allocation Failure) [PSYoungGen: 67456K->1376K(67584K)] 423830K->357750K(533504K), 0.0022627 secs] [Times: user=0.00 sys=0.00, real=0.01 secs] 
2514.577: [GC (Allocation Failure) [PSYoungGen: 67424K->1344K(67584K)] 423798K->357718K(533504K), 0.0025372 secs] [Times: user=0.01 sys=0.00, real=0.00 secs] 
2515.907: [GC (Allocation Failure) [PSYoungGen: 67392K->1424K(67584K)] 423766K->358822K(533504K), 0.0017726 secs] [Times: user=0.01 sys=0.00, real=0.00 secs] 
2516.425: [GC (Allocation Failure) [PSYoungGen: 67472K->1344K(67584K)] 424870K->358742K(533504K), 0.0031690 secs] [Times: user=0.02 sys=0.00, real=0.01 secs] 
2516.954: [GC (Allocation Failure) [PSYoungGen: 67392K->1376K(67584K)] 424790K->358774K(533504K), 0.0033352 secs] [Times: user=0.01 sys=0.00, real=0.01 secs] 
2517.482: [GC (Allocation Failure) [PSYoungGen: 67424K->1344K(67584K)] 424822K->358742K(533504K), 0.0027560 secs] [Times: user=0.01 sys=0.00, real=0.00 secs] 
2518.002: [GC (Allocation Failure) [PSYoungGen: 67392K->1312K(67584K)] 424790K->358710K(533504K), 0.0027585 secs] [Times: user=0.01 sys=0.00, real=0.00 secs] 
2519.192: [GC (Allocation Failure) [PSYoungGen: 67360K->1440K(67584K)] 424758K->358838K(533504K), 0.0018583 secs] [Times: user=0.01 sys=0.00, real=0.00 secs] 
2519.466: [GC (Allocation Failure) [PSYoungGen: 67488K->1408K(67584K)] 424886K->358806K(533504K), 0.0019300 secs] [Times: user=0.01 sys=0.00, real=0.00 secs] 
2519.895: [GC (Allocation Failure) [PSYoungGen: 67456K->1344K(67584K)] 424854K->358758K(533504K), 0.0018318 secs] [Times: user=0.00 sys=0.00, real=0.01 secs] 
2520.669: [GC (Allocation Failure) [PSYoungGen: 67392K->1344K(67584K)] 424806K->358758K(533504K), 0.0019803 secs] [Times: user=0.01 sys=0.00, real=0.00 secs] 
2521.988: [GC (Allocation Failure) [PSYoungGen: 67392K->1408K(67584K)] 424806K->358822K(533504K), 0.0018366 secs] [Times: user=0.00 sys=0.00, real=0.00 secs] 
2522.279: [GC (Allocation Failure) [PSYoungGen: 67456K->1344K(67584K)] 424870K->358758K(533504K), 0.0018977 secs] [Times: user=0.01 sys=0.00, real=0.00 secs] 
2522.569: [GC (Allocation Failure) [PSYoungGen: 67392K->1360K(67584K)] 424806K->358774K(533504K), 0.0017938 secs] [Times: user=0.01 sys=0.00, real=0.00 secs] 
2522.848: [GC (Allocation Failure) [PSYoungGen: 67408K->1360K(67584K)] 424822K->358774K(533504K), 0.0018547 secs] [Times: user=0.01 sys=0.00, real=0.00 secs] 
2523.982: [GC (Allocation Failure) [PSYoungGen: 67408K->1472K(67584K)] 424822K->358886K(533504K), 0.0018064 secs] [Times: user=0.01 sys=0.00, real=0.00 secs] 
2524.258: [GC (Allocation Failure) [PSYoungGen: 67520K->1376K(67584K)] 424934K->358790K(533504K), 0.0019687 secs] [Times: user=0.01 sys=0.00, real=0.00 secs] 
2524.532: [GC (Allocation Failure) [PSYoungGen: 67424K->1344K(67584K)] 424838K->358758K(533504K), 0.0018216 secs] [Times: user=0.01 sys=0.00, real=0.00 secs] 
2524.807: [GC (Allocation Failure) [PSYoungGen: 67392K->1344K(67584K)] 424806K->358758K(533504K), 0.0018406 secs] [Times: user=0.01 sys=0.00, real=0.00 secs] 
2525.828: [GC (Allocation Failure) [PSYoungGen: 67392K->96K(67584K)] 424806K->357510K(533504K), 0.0015106 secs] [Times: user=0.01 sys=0.00, real=0.00 secs] 
2526.130: [GC (Allocation Failure) [PSYoungGen: 66144K->1408K(68096K)] 423558K->358822K(534016K), 0.0016411 secs] [Times: user=0.01 sys=0.00, real=0.00 secs] 
2526.404: [GC (Allocation Failure) [PSYoungGen: 67456K->1344K(68096K)] 424870K->358758K(534016K), 0.0015165 secs] [Times: user=0.00 sys=0.00, real=0.00 secs] 
2526.677: [GC (Allocation Failure) [PSYoungGen: 67392K->1376K(68096K)] 424806K->358798K(534016K), 0.0017331 secs] [Times: user=0.01 sys=0.00, real=0.00 secs] 
2526.951: [GC (Allocation Failure) [PSYoungGen: 67424K->1376K(68096K)] 424846K->358798K(534016K), 0.0015473 secs] [Times: user=0.00 sys=0.00, real=0.00 secs] 
2528.278: [GC (Allocation Failure) [PSYoungGen: 67424K->1376K(68096K)] 424846K->358798K(534016K), 0.0025071 secs] [Times: user=0.01 sys=0.00, real=0.00 secs] 
2529.047: [GC (Allocation Failure) [PSYoungGen: 67424K->1408K(68096K)] 424846K->358830K(534016K), 0.0021866 secs] [Times: user=0.01 sys=0.00, real=0.00 secs] 
2529.850: [GC (Allocation Failure) [PSYoungGen: 67456K->1376K(68096K)] 424878K->358822K(534016K), 0.0024613 secs] [Times: user=0.02 sys=0.00, real=0.00 secs] 
2530.585: [GC (Allocation Failure) [PSYoungGen: 67424K->1344K(68096K)] 424870K->358790K(534016K), 0.0027135 secs] [Times: user=0.01 sys=0.00, real=0.01 secs] 
2532.027: [GC (Allocation Failure) [PSYoungGen: 67392K->1408K(68096K)] 424838K->358854K(534016K), 0.0021363 secs] [Times: user=0.01 sys=0.00, real=0.00 secs] 
2532.781: [GC (Allocation Failure) [PSYoungGen: 67456K->1344K(68096K)] 424902K->358790K(534016K), 0.0023133 secs] [Times: user=0.01 sys=0.00, real=0.00 secs] 
2533.331: [GC (Allocation Failure) [PSYoungGen: 67392K->1376K(68096K)] 424838K->358822K(534016K), 0.0025313 secs] [Times: user=0.01 sys=0.00, real=0.00 secs] 
2533.901: [GC (Allocation Failure) [PSYoungGen: 67424K->1376K(68096K)] 424870K->358822K(534016K), 0.0025362 secs] [Times: user=0.01 sys=0.00, real=0.00 secs] 
2535.245: [GC (Allocation Failure) [PSYoungGen: 67424K->1392K(68096K)] 424870K->358838K(534016K), 0.0016920 secs] [Times: user=0.00 sys=0.00, real=0.01 secs] 
2535.871: [GC (Allocation Failure) [PSYoungGen: 67440K->1376K(68096K)] 424886K->358822K(534016K), 0.0018249 secs] [Times: user=0.01 sys=0.00, real=0.00 secs] 
2536.315: [GC (Allocation Failure) [PSYoungGen: 67424K->1344K(68096K)] 424870K->358790K(534016K), 0.0020605 secs] [Times: user=0.00 sys=0.00, real=0.01 secs] 
2536.601: [GC (Allocation Failure) [PSYoungGen: 67392K->1376K(68096K)] 424838K->358822K(534016K), 0.0019669 secs] [Times: user=0.00 sys=0.00, real=0.00 secs] 
2536.875: [GC (Allocation Failure) [PSYoungGen: 67424K->1408K(68096K)] 424870K->358854K(534016K), 0.0019597 secs] [Times: user=0.01 sys=0.00, real=0.01 secs] 
2538.358: [GC (Allocation Failure) [PSYoungGen: 67456K->1440K(68096K)] 424902K->358886K(534016K), 0.0038877 secs] [Times: user=0.02 sys=0.00, real=0.00 secs] 
2539.077: [GC (Allocation Failure) [PSYoungGen: 67488K->1344K(68096K)] 424934K->358790K(534016K), 0.0033129 secs] [Times: user=0.02 sys=0.00, real=0.00 secs] 
2539.863: [GC (Allocation Failure) [PSYoungGen: 67392K->1344K(67584K)] 424838K->358798K(533504K), 0.0028740 secs] [Times: user=0.01 sys=0.00, real=0.01 secs] 
2540.665: [GC (Allocation Failure) [PSYoungGen: 67392K->1392K(67584K)] 424846K->358854K(533504K), 0.0057656 secs] [Times: user=0.02 sys=0.00, real=0.01 secs] 
2541.951: [GC (Allocation Failure) [PSYoungGen: 67440K->1424K(67584K)] 424902K->358894K(533504K), 0.0018318 secs] [Times: user=0.01 sys=0.00, real=0.00 secs] 
2542.296: [GC (Allocation Failure) [PSYoungGen: 67472K->1344K(67584K)] 424942K->358814K(533504K), 0.0017677 secs] [Times: user=0.01 sys=0.00, real=0.01 secs] 
2542.857: [GC (Allocation Failure) [PSYoungGen: 67392K->1344K(67584K)] 424862K->358822K(533504K), 0.0020710 secs] [Times: user=0.01 sys=0.00, real=0.00 secs] 
2543.561: [GC (Allocation Failure) [PSYoungGen: 67392K->1344K(67584K)] 424870K->358822K(533504K), 0.0041509 secs] [Times: user=0.02 sys=0.00, real=0.00 secs] 
2545.326: [GC (Allocation Failure) [PSYoungGen: 67392K->1440K(67584K)] 424870K->358918K(533504K), 0.0023946 secs] [Times: user=0.00 sys=0.00, real=0.00 secs] 
2546.324: [GC (Allocation Failure) [PSYoungGen: 67488K->1344K(67584K)] 424966K->358822K(533504K), 0.0034402 secs] [Times: user=0.02 sys=0.00, real=0.01 secs] 
2547.040: [GC (Allocation Failure) [PSYoungGen: 67392K->1344K(67584K)] 424870K->358822K(533504K), 0.0039348 secs] [Times: user=0.02 sys=0.00, real=0.00 secs] 
2548.185: [GC (Allocation Failure) [PSYoungGen: 67392K->1376K(67584K)] 424870K->358854K(533504K), 0.0040390 secs] [Times: user=0.01 sys=0.00, real=0.01 secs] 
2549.890: [GC (Allocation Failure) [PSYoungGen: 67424K->1440K(67584K)] 424902K->358918K(533504K), 0.0020847 secs] [Times: user=0.01 sys=0.00, real=0.00 secs] 
2550.521: [GC (Allocation Failure) [PSYoungGen: 67488K->1376K(67584K)] 424966K->358854K(533504K), 0.0021606 secs] [Times: user=0.01 sys=0.00, real=0.00 secs] 
2551.087: [GC (Allocation Failure) [PSYoungGen: 67424K->1360K(67584K)] 424902K->358838K(533504K), 0.0024743 secs] [Times: user=0.01 sys=0.00, real=0.00 secs] 
2551.579: [GC (Allocation Failure) [PSYoungGen: 67408K->1376K(67584K)] 424886K->358854K(533504K), 0.0022200 secs] [Times: user=0.01 sys=0.00, real=0.00 secs] 
2552.108: [GC (Allocation Failure) [PSYoungGen: 67424K->1392K(67584K)] 424902K->358870K(533504K), 0.0023701 secs] [Times: user=0.01 sys=0.00, real=0.00 secs] 
2553.461: [GC (Allocation Failure) [PSYoungGen: 67440K->1440K(67584K)] 424918K->358918K(533504K), 0.0019315 secs] [Times: user=0.01 sys=0.00, real=0.00 secs] 
2554.122: [GC (Allocation Failure) [PSYoungGen: 67488K->1344K(67584K)] 424966K->358822K(533504K), 0.0025544 secs] [Times: user=0.01 sys=0.00, real=0.00 secs] 
2554.696: [GC (Allocation Failure) [PSYoungGen: 67392K->1424K(67584K)] 424870K->358918K(533504K), 0.0032762 secs] [Times: user=0.01 sys=0.00, real=0.01 secs] 
2555.663: [GC (Allocation Failure) [PSYoungGen: 67472K->1376K(67584K)] 424966K->358870K(533504K), 0.0034137 secs] [Times: user=0.01 sys=0.00, real=0.01 secs] 
2557.518: [GC (Allocation Failure) [PSYoungGen: 67424K->1408K(67584K)] 424918K->358902K(533504K), 0.0020295 secs] [Times: user=0.00 sys=0.00, real=0.00 secs] 
2558.437: [GC (Allocation Failure) [PSYoungGen: 67456K->1376K(67584K)] 424950K->358870K(533504K), 0.0033115 secs] [Times: user=0.02 sys=0.01, real=0.00 secs] 
2559.019: [GC (Allocation Failure) [PSYoungGen: 67424K->1376K(67584K)] 424918K->358870K(533504K), 0.0026548 secs] [Times: user=0.00 sys=0.00, real=0.00 secs] 
2559.375: [GC (Allocation Failure) [PSYoungGen: 67424K->1312K(67584K)] 424918K->358806K(533504K), 0.0020958 secs] [Times: user=0.00 sys=0.00, real=0.01 secs] 
2560.587: [GC (Allocation Failure) [PSYoungGen: 67360K->1408K(67584K)] 424854K->358902K(533504K), 0.0018579 secs] [Times: user=0.00 sys=0.00, real=0.00 secs] 
2561.461: [GC (Allocation Failure) [PSYoungGen: 67456K->1376K(67584K)] 424950K->358878K(533504K), 0.0026504 secs] [Times: user=0.01 sys=0.00, real=0.00 secs] 
2562.311: [GC (Allocation Failure) [PSYoungGen: 67424K->1408K(67584K)] 424926K->358918K(533504K), 0.0026046 secs] [Times: user=0.01 sys=0.00, real=0.00 secs] 
2562.789: [GC (Allocation Failure) [PSYoungGen: 67456K->1344K(67584K)] 424966K->358854K(533504K), 0.0021007 secs] [Times: user=0.00 sys=0.00, real=0.00 secs] 
2563.183: [GC (Allocation Failure) [PSYoungGen: 67392K->1392K(67584K)] 424902K->358910K(533504K), 0.0019551 secs] [Times: user=0.00 sys=0.00, real=0.00 secs] 
2564.677: [GC (Allocation Failure) [PSYoungGen: 67440K->1408K(67584K)] 424958K->358926K(533504K), 0.0039917 secs] [Times: user=0.02 sys=0.00, real=0.00 secs] 
2565.488: [GC (Allocation Failure) [PSYoungGen: 67456K->1376K(67584K)] 424974K->358894K(533504K), 0.0027132 secs] [Times: user=0.01 sys=0.00, real=0.00 secs] 
2566.221: [GC (Allocation Failure) [PSYoungGen: 67424K->1408K(67584K)] 424942K->358934K(533504K), 0.0032092 secs] [Times: user=0.01 sys=0.00, real=0.00 secs] 
2566.769: [GC (Allocation Failure) [PSYoungGen: 67456K->1408K(67584K)] 424982K->358934K(533504K), 0.0025102 secs] [Times: user=0.01 sys=0.00, real=0.00 secs] 
2568.038: [GC (Allocation Failure) [PSYoungGen: 67456K->1376K(67584K)] 424982K->358902K(533504K), 0.0018689 secs] [Times: user=0.01 sys=0.00, real=0.00 secs] 
2568.376: [GC (Allocation Failure) [PSYoungGen: 67424K->1344K(67584K)] 424950K->358870K(533504K), 0.0018531 secs] [Times: user=0.01 sys=0.00, real=0.00 secs] 
2568.652: [GC (Allocation Failure) [PSYoungGen: 67392K->1376K(67584K)] 424918K->358902K(533504K), 0.0027829 secs] [Times: user=0.01 sys=0.00, real=0.00 secs] 
2569.029: [GC (Allocation Failure) [PSYoungGen: 67424K->1408K(67584K)] 424950K->358934K(533504K), 0.0029896 secs] [Times: user=0.01 sys=0.00, real=0.00 secs] 
2570.293: [GC (Allocation Failure) [PSYoungGen: 67456K->1440K(67584K)] 424982K->358966K(533504K), 0.0018419 secs] [Times: user=0.01 sys=0.00, real=0.00 secs] 
2571.429: [GC (Allocation Failure) [PSYoungGen: 67488K->1344K(67584K)] 425014K->358878K(533504K), 0.0040644 secs] [Times: user=0.01 sys=0.00, real=0.00 secs] 
2572.115: [GC (Allocation Failure) [PSYoungGen: 67392K->1360K(67584K)] 424926K->358894K(533504K), 0.0032622 secs] [Times: user=0.02 sys=0.00, real=0.01 secs] 
2572.698: [GC (Allocation Failure) [PSYoungGen: 67408K->1360K(67584K)] 424942K->358910K(533504K), 0.0028922 secs] [Times: user=0.01 sys=0.00, real=0.00 secs] 
2573.815: [GC (Allocation Failure) [PSYoungGen: 67408K->1520K(67584K)] 424958K->359404K(533504K), 0.0023377 secs] [Times: user=0.01 sys=0.00, real=0.01 secs] 
2575.499: [GC (Allocation Failure) [PSYoungGen: 67568K->1312K(68096K)] 425452K->359196K(534016K), 0.0043337 secs] [Times: user=0.01 sys=0.00, real=0.00 secs] 
2576.128: [GC (Allocation Failure) [PSYoungGen: 67360K->1312K(68096K)] 425244K->359196K(534016K), 0.0032517 secs] [Times: user=0.02 sys=0.00, real=0.00 secs] 
2576.678: [GC (Allocation Failure) [PSYoungGen: 67360K->1312K(68096K)] 425244K->359196K(534016K), 0.0033499 secs] [Times: user=0.01 sys=0.00, real=0.00 secs] 
2577.255: [GC (Allocation Failure) [PSYoungGen: 67360K->1344K(68096K)] 425244K->359228K(534016K), 0.0058566 secs] [Times: user=0.02 sys=0.00, real=0.01 secs] 
2579.202: [GC (Allocation Failure) [PSYoungGen: 67392K->1408K(68096K)] 425276K->359292K(534016K), 0.0032397 secs] [Times: user=0.02 sys=0.00, real=0.00 secs] 
2579.892: [GC (Allocation Failure) [PSYoungGen: 67456K->1376K(68096K)] 425340K->359260K(534016K), 0.0021027 secs] [Times: user=0.00 sys=0.00, real=0.00 secs] 
2581.024: [GC (Allocation Failure) [PSYoungGen: 67424K->1408K(68096K)] 425308K->359292K(534016K), 0.0024080 secs] [Times: user=0.01 sys=0.00, real=0.01 secs] 
2582.311: [GC (Allocation Failure) [PSYoungGen: 67456K->1408K(68096K)] 425340K->359292K(534016K), 0.0040439 secs] [Times: user=0.01 sys=0.00, real=0.00 secs] 
2584.153: [GC (Allocation Failure) [PSYoungGen: 67456K->1408K(68096K)] 425340K->359292K(534016K), 0.0017382 secs] [Times: user=0.00 sys=0.00, real=0.00 secs] 
2585.238: [GC (Allocation Failure) [PSYoungGen: 67456K->1376K(67584K)] 425340K->359260K(533504K), 0.0019810 secs] [Times: user=0.00 sys=0.00, real=0.00 secs] 
2585.888: [GC (Allocation Failure) [PSYoungGen: 67424K->1408K(67584K)] 425308K->359292K(533504K), 0.0018934 secs] [Times: user=0.01 sys=0.00, real=0.00 secs] 
2586.589: [GC (Allocation Failure) [PSYoungGen: 67456K->1408K(67584K)] 425340K->359300K(533504K), 0.0019729 secs] [Times: user=0.01 sys=0.00, real=0.00 secs] 
2588.011: [GC (Allocation Failure) [PSYoungGen: 67456K->1440K(67584K)] 425348K->359332K(533504K), 0.0019230 secs] [Times: user=0.01 sys=0.00, real=0.00 secs] 
2588.582: [GC (Allocation Failure) [PSYoungGen: 67488K->1376K(67584K)] 425380K->359268K(533504K), 0.0019340 secs] [Times: user=0.01 sys=0.00, real=0.00 secs] 
2589.184: [GC (Allocation Failure) [PSYoungGen: 67424K->1344K(67584K)] 425316K->359292K(533504K), 0.0025264 secs] [Times: user=0.01 sys=0.00, real=0.01 secs] 
2589.856: [GC (Allocation Failure) [PSYoungGen: 67392K->1376K(67584K)] 425340K->359324K(533504K), 0.0033523 secs] [Times: user=0.01 sys=0.00, real=0.00 secs] 
2590.142: [GC (Allocation Failure) [PSYoungGen: 67424K->1376K(67584K)] 425372K->359324K(533504K), 0.0020584 secs] [Times: user=0.01 sys=0.00, real=0.00 secs] 
2591.370: [GC (Allocation Failure) [PSYoungGen: 67424K->1376K(67584K)] 425372K->359324K(533504K), 0.0020852 secs] [Times: user=0.01 sys=0.00, real=0.00 secs] 
2591.947: [GC (Allocation Failure) [PSYoungGen: 67424K->1376K(67584K)] 425372K->359324K(533504K), 0.0035609 secs] [Times: user=0.01 sys=0.00, real=0.00 secs] 
2592.517: [GC (Allocation Failure) [PSYoungGen: 67424K->1376K(67584K)] 425372K->359324K(533504K), 0.0024885 secs] [Times: user=0.01 sys=0.00, real=0.00 secs] 
2592.859: [GC (Allocation Failure) [PSYoungGen: 67424K->1344K(67584K)] 425372K->359292K(533504K), 0.0020659 secs] [Times: user=0.01 sys=0.01, real=0.00 secs] 
2594.249: [GC (Allocation Failure) [PSYoungGen: 67392K->1408K(67584K)] 425340K->359356K(533504K), 0.0019105 secs] [Times: user=0.00 sys=0.01, real=0.00 secs] 
2595.153: [GC (Allocation Failure) [PSYoungGen: 67456K->1344K(67584K)] 425404K->359308K(533504K), 0.0031198 secs] [Times: user=0.01 sys=0.00, real=0.01 secs] 
2596.081: [GC (Allocation Failure) [PSYoungGen: 67392K->1376K(67584K)] 425356K->359340K(533504K), 0.0042015 secs] [Times: user=0.02 sys=0.00, real=0.00 secs] 
2596.739: [GC (Allocation Failure) [PSYoungGen: 67424K->1376K(67584K)] 425388K->359340K(533504K), 0.0027934 secs] [Times: user=0.01 sys=0.00, real=0.00 secs] 
2598.596: [GC (Allocation Failure) [PSYoungGen: 67424K->1408K(67584K)] 425388K->359372K(533504K), 0.0020491 secs] [Times: user=0.01 sys=0.00, real=0.00 secs] 
2599.499: [GC (Allocation Failure) [PSYoungGen: 67456K->1408K(67584K)] 425420K->359372K(533504K), 0.0050553 secs] [Times: user=0.02 sys=0.00, real=0.00 secs] 
2600.219: [GC (Allocation Failure) [PSYoungGen: 67456K->1344K(67584K)] 425420K->359316K(533504K), 0.0040274 secs] [Times: user=0.01 sys=0.00, real=0.00 secs] 
2600.823: [GC (Allocation Failure) [PSYoungGen: 67392K->1392K(67584K)] 425364K->359364K(533504K), 0.0034035 secs] [Times: user=0.02 sys=0.00, real=0.01 secs] 
2602.128: [GC (Allocation Failure) [PSYoungGen: 67440K->896K(67584K)] 425412K->359892K(533504K), 0.0018848 secs] [Times: user=0.01 sys=0.00, real=0.00 secs] 
2603.072: [GC (Allocation Failure) [PSYoungGen: 66944K->320K(67072K)] 425940K->359316K(532992K), 0.0046055 secs] [Times: user=0.02 sys=0.00, real=0.01 secs] 
2604.051: [GC (Allocation Failure) [PSYoungGen: 65856K->384K(67584K)] 424852K->359380K(533504K), 0.0041211 secs] [Times: user=0.02 sys=0.00, real=0.00 secs] 
2605.295: [GC (Allocation Failure) [PSYoungGen: 65920K->352K(67584K)] 424916K->359356K(533504K), 0.0042021 secs] [Times: user=0.02 sys=0.00, real=0.01 secs] 
2606.324: [GC (Allocation Failure) [PSYoungGen: 65888K->288K(67584K)] 424892K->359292K(533504K), 0.0032304 secs] [Times: user=0.01 sys=0.00, real=0.01 secs] 
2607.657: [GC (Allocation Failure) [PSYoungGen: 65824K->1344K(67584K)] 424828K->360348K(533504K), 0.0018863 secs] [Times: user=0.01 sys=0.00, real=0.00 secs] 
2607.930: [GC (Allocation Failure) [PSYoungGen: 66880K->1344K(67584K)] 425884K->360348K(533504K), 0.0019557 secs] [Times: user=0.01 sys=0.00, real=0.00 secs] 
2608.475: [GC (Allocation Failure) [PSYoungGen: 66880K->1408K(67584K)] 425884K->360412K(533504K), 0.0018205 secs] [Times: user=0.01 sys=0.00, real=0.01 secs] 
2608.996: [GC (Allocation Failure) [PSYoungGen: 66944K->1392K(67584K)] 425948K->360396K(533504K), 0.0033534 secs] [Times: user=0.01 sys=0.00, real=0.01 secs] 
2610.298: [GC (Allocation Failure) [PSYoungGen: 66928K->1424K(67072K)] 425932K->360428K(532992K), 0.0018723 secs] [Times: user=0.01 sys=0.00, real=0.00 secs] 
2610.875: [GC (Allocation Failure) [PSYoungGen: 66448K->1376K(66560K)] 425452K->360380K(532480K), 0.0020493 secs] [Times: user=0.01 sys=0.00, real=0.01 secs] 
2611.369: [GC (Allocation Failure) [PSYoungGen: 66400K->1376K(67072K)] 425404K->360380K(532992K), 0.0022907 secs] [Times: user=0.01 sys=0.00, real=0.00 secs] 
2611.913: [GC (Allocation Failure) [PSYoungGen: 66400K->1360K(67072K)] 425404K->360364K(532992K), 0.0028215 secs] [Times: user=0.01 sys=0.00, real=0.00 secs] 
2613.261: [GC (Allocation Failure) [PSYoungGen: 66384K->1376K(67072K)] 425388K->360380K(532992K), 0.0018654 secs] [Times: user=0.01 sys=0.00, real=0.00 secs] 
2613.912: [GC (Allocation Failure) [PSYoungGen: 66400K->1344K(67072K)] 425404K->360348K(532992K), 0.0031193 secs] [Times: user=0.01 sys=0.00, real=0.00 secs] 
2614.641: [GC (Allocation Failure) [PSYoungGen: 66368K->1408K(67072K)] 425372K->360420K(532992K), 0.0032938 secs] [Times: user=0.01 sys=0.00, real=0.00 secs] 
2615.444: [GC (Allocation Failure) [PSYoungGen: 66432K->1376K(67072K)] 425444K->360388K(532992K), 0.0040857 secs] [Times: user=0.02 sys=0.00, real=0.01 secs] 
2616.160: [GC (Allocation Failure) [PSYoungGen: 66400K->1376K(67072K)] 425412K->360388K(532992K), 0.0031971 secs] [Times: user=0.01 sys=0.00, real=0.00 secs] 
2617.287: [GC (Allocation Failure) [PSYoungGen: 66400K->1408K(67072K)] 425412K->360420K(532992K), 0.0017828 secs] [Times: user=0.01 sys=0.00, real=0.00 secs] 
2617.557: [GC (Allocation Failure) [PSYoungGen: 66432K->1344K(67072K)] 425444K->360356K(532992K), 0.0018064 secs] [Times: user=0.00 sys=0.01, real=0.00 secs] 
2617.828: [GC (Allocation Failure) [PSYoungGen: 66368K->1408K(67072K)] 425380K->360420K(532992K), 0.0017560 secs] [Times: user=0.01 sys=0.00, real=0.00 secs] 
2618.238: [GC (Allocation Failure) [PSYoungGen: 66432K->1376K(67072K)] 425444K->360388K(532992K), 0.0039325 secs] [Times: user=0.02 sys=0.00, real=0.00 secs] 
2619.507: [GC (Allocation Failure) [PSYoungGen: 66400K->1408K(67072K)] 425412K->360420K(532992K), 0.0016671 secs] [Times: user=0.01 sys=0.00, real=0.00 secs] 
2619.777: [GC (Allocation Failure) [PSYoungGen: 66432K->1376K(67072K)] 425444K->360388K(532992K), 0.0017436 secs] [Times: user=0.01 sys=0.00, real=0.00 secs] 
2620.047: [GC (Allocation Failure) [PSYoungGen: 66400K->1376K(67072K)] 425412K->360388K(532992K), 0.0024565 secs] [Times: user=0.01 sys=0.00, real=0.00 secs] 
2620.336: [GC (Allocation Failure) [PSYoungGen: 66400K->1392K(67072K)] 425412K->360404K(532992K), 0.0025287 secs] [Times: user=0.01 sys=0.00, real=0.00 secs] 
2621.589: [GC (Allocation Failure) [PSYoungGen: 66416K->1888K(67072K)] 425428K->360916K(532992K), 0.0020521 secs] [Times: user=0.00 sys=0.00, real=0.00 secs] 
2622.000: [GC (Allocation Failure) [PSYoungGen: 66912K->1408K(67072K)] 425940K->360436K(532992K), 0.0025247 secs] [Times: user=0.01 sys=0.00, real=0.00 secs] 
2622.271: [GC (Allocation Failure) [PSYoungGen: 66432K->1312K(67072K)] 425460K->360340K(532992K), 0.0022733 secs] [Times: user=0.00 sys=0.00, real=0.00 secs] 
2622.625: [GC (Allocation Failure) [PSYoungGen: 66336K->1424K(67072K)] 425364K->360452K(532992K), 0.0033704 secs] [Times: user=0.01 sys=0.00, real=0.01 secs] 
2623.162: [GC (Allocation Failure) [PSYoungGen: 66448K->1376K(67072K)] 425476K->360404K(532992K), 0.0025561 secs] [Times: user=0.01 sys=0.00, real=0.00 secs] 
2624.525: [GC (Allocation Failure) [PSYoungGen: 66400K->1408K(67072K)] 425428K->360436K(532992K), 0.0021066 secs] [Times: user=0.01 sys=0.00, real=0.01 secs] 
2625.132: [GC (Allocation Failure) [PSYoungGen: 66432K->1296K(67072K)] 425460K->360324K(532992K), 0.0020614 secs] [Times: user=0.01 sys=0.00, real=0.00 secs] 
2625.692: [GC (Allocation Failure) [PSYoungGen: 66320K->1376K(67072K)] 425348K->360404K(532992K), 0.0021931 secs] [Times: user=0.01 sys=0.00, real=0.00 secs] 
2626.606: [GC (Allocation Failure) [PSYoungGen: 66400K->1360K(67072K)] 425428K->360388K(532992K), 0.0026624 secs] [Times: user=0.01 sys=0.00, real=0.00 secs] 
2628.769: [GC (Allocation Failure) [PSYoungGen: 66384K->1408K(67072K)] 425412K->360436K(532992K), 0.0022002 secs] [Times: user=0.01 sys=0.00, real=0.00 secs] 
2629.548: [GC (Allocation Failure) [PSYoungGen: 66432K->1392K(67072K)] 425460K->360420K(532992K), 0.0026288 secs] [Times: user=0.01 sys=0.00, real=0.00 secs] 
2630.570: [GC (Allocation Failure) [PSYoungGen: 66416K->1344K(67072K)] 425444K->360372K(532992K), 0.0031796 secs] [Times: user=0.02 sys=0.00, real=0.00 secs] 
2631.415: [GC (Allocation Failure) [PSYoungGen: 66368K->1376K(67072K)] 425396K->360404K(532992K), 0.0031256 secs] [Times: user=0.02 sys=0.00, real=0.01 secs] 
2632.908: [GC (Allocation Failure) [PSYoungGen: 66400K->1856K(67072K)] 425428K->360884K(532992K), 0.0017102 secs] [Times: user=0.01 sys=0.00, real=0.00 secs] 
2633.217: [GC (Allocation Failure) [PSYoungGen: 66880K->1360K(67072K)] 425908K->360388K(532992K), 0.0019773 secs] [Times: user=0.01 sys=0.00, real=0.00 secs] 
2633.521: [GC (Allocation Failure) [PSYoungGen: 66384K->1344K(67072K)] 425412K->360380K(532992K), 0.0019736 secs] [Times: user=0.01 sys=0.00, real=0.00 secs] 
2633.851: [GC (Allocation Failure) [PSYoungGen: 66368K->1376K(67072K)] 425404K->360412K(532992K), 0.0020778 secs] [Times: user=0.01 sys=0.00, real=0.00 secs] 
2634.384: [GC (Allocation Failure) [PSYoungGen: 66400K->1376K(67072K)] 425436K->360412K(532992K), 0.0019862 secs] [Times: user=0.00 sys=0.00, real=0.01 secs] 
2636.644: [GC (Allocation Failure) [PSYoungGen: 66400K->1376K(67072K)] 425436K->360412K(532992K), 0.0039487 secs] [Times: user=0.02 sys=0.00, real=0.01 secs] 
2637.150: [GC (Allocation Failure) [PSYoungGen: 66400K->1376K(67072K)] 425436K->360412K(532992K), 0.0043303 secs] [Times: user=0.02 sys=0.00, real=0.00 secs] 
2637.780: [GC (Allocation Failure) [PSYoungGen: 66400K->1392K(67072K)] 425436K->360428K(532992K), 0.0027686 secs] [Times: user=0.01 sys=0.00, real=0.00 secs] 
2638.704: [GC (Allocation Failure) [PSYoungGen: 66416K->1392K(67072K)] 425452K->360428K(532992K), 0.0044119 secs] [Times: user=0.02 sys=0.00, real=0.01 secs] 
2640.376: [GC (Allocation Failure) [PSYoungGen: 66416K->1424K(67072K)] 425452K->360460K(532992K), 0.0022144 secs] [Times: user=0.01 sys=0.00, real=0.00 secs] 
2641.013: [GC (Allocation Failure) [PSYoungGen: 66448K->1376K(67072K)] 425484K->360412K(532992K), 0.0022754 secs] [Times: user=0.01 sys=0.00, real=0.00 secs] 
2641.730: [GC (Allocation Failure) [PSYoungGen: 66400K->1344K(67072K)] 425436K->360380K(532992K), 0.0034591 secs] [Times: user=0.01 sys=0.00, real=0.00 secs] 
2642.586: [GC (Allocation Failure) [PSYoungGen: 66368K->1344K(67072K)] 425404K->360380K(532992K), 0.0029602 secs] [Times: user=0.01 sys=0.00, real=0.00 secs] 
2644.518: [GC (Allocation Failure) [PSYoungGen: 66368K->1920K(67072K)] 425404K->360956K(532992K), 0.0021683 secs] [Times: user=0.01 sys=0.00, real=0.00 secs] 
2645.449: [GC (Allocation Failure) [PSYoungGen: 66944K->1376K(67072K)] 425980K->360420K(532992K), 0.0041449 secs] [Times: user=0.02 sys=0.01, real=0.00 secs] 
2646.077: [GC (Allocation Failure) [PSYoungGen: 66400K->1344K(67072K)] 425444K->360388K(532992K), 0.0025600 secs] [Times: user=0.01 sys=0.00, real=0.00 secs] 
2646.795: [GC (Allocation Failure) [PSYoungGen: 66368K->1376K(67072K)] 425412K->360420K(532992K), 0.0033740 secs] [Times: user=0.01 sys=0.00, real=0.01 secs] 
2647.799: [GC (Allocation Failure) [PSYoungGen: 66400K->1344K(67072K)] 425444K->360388K(532992K), 0.0034087 secs] [Times: user=0.02 sys=0.00, real=0.00 secs] 
2649.475: [GC (Allocation Failure) [PSYoungGen: 66368K->1408K(67072K)] 425412K->360452K(532992K), 0.0022135 secs] [Times: user=0.01 sys=0.00, real=0.01 secs] 
2650.115: [GC (Allocation Failure) [PSYoungGen: 66432K->1376K(67072K)] 425476K->360420K(532992K), 0.0028480 secs] [Times: user=0.01 sys=0.00, real=0.01 secs] 
2650.476: [GC (Allocation Failure) [PSYoungGen: 66400K->1312K(67072K)] 425444K->360356K(532992K), 0.0020914 secs] [Times: user=0.01 sys=0.00, real=0.00 secs] 
2650.747: [GC (Allocation Failure) [PSYoungGen: 66336K->1344K(67072K)] 425380K->360388K(532992K), 0.0019418 secs] [Times: user=0.01 sys=0.00, real=0.00 secs] 
2651.929: [GC (Allocation Failure) [PSYoungGen: 66368K->1440K(67072K)] 425412K->360484K(532992K), 0.0020186 secs] [Times: user=0.00 sys=0.00, real=0.00 secs] 
2652.604: [GC (Allocation Failure) [PSYoungGen: 66464K->1344K(67072K)] 425508K->360388K(532992K), 0.0022488 secs] [Times: user=0.01 sys=0.00, real=0.01 secs] 
2653.462: [GC (Allocation Failure) [PSYoungGen: 66368K->1376K(67072K)] 425412K->360420K(532992K), 0.0045151 secs] [Times: user=0.02 sys=0.00, real=0.01 secs] 
2654.071: [GC (Allocation Failure) [PSYoungGen: 66400K->1376K(67072K)] 425444K->360420K(532992K), 0.0031210 secs] [Times: user=0.01 sys=0.00, real=0.00 secs] 
2655.296: [GC (Allocation Failure) [PSYoungGen: 66400K->1376K(67072K)] 425444K->360428K(532992K), 0.0016105 secs] [Times: user=0.00 sys=0.00, real=0.00 secs] 
2656.392: [GC (Allocation Failure) [PSYoungGen: 66400K->1408K(66560K)] 425452K->360460K(532480K), 0.0029805 secs] [Times: user=0.01 sys=0.00, real=0.00 secs] 
2657.089: [GC (Allocation Failure) [PSYoungGen: 66432K->1376K(66560K)] 425484K->360428K(532480K), 0.0027286 secs] [Times: user=0.01 sys=0.00, real=0.00 secs] 
2657.890: [GC (Allocation Failure) [PSYoungGen: 66400K->1344K(66560K)] 425452K->360396K(532480K), 0.0039925 secs] [Times: user=0.01 sys=0.00, real=0.00 secs] 
2658.694: [GC (Allocation Failure) [PSYoungGen: 66368K->1408K(66560K)] 425420K->360460K(532480K), 0.0032269 secs] [Times: user=0.01 sys=0.00, real=0.01 secs] 
2660.111: [GC (Allocation Failure) [PSYoungGen: 66432K->1376K(66560K)] 425484K->360428K(532480K), 0.0020953 secs] [Times: user=0.01 sys=0.00, real=0.00 secs] 
2660.733: [GC (Allocation Failure) [PSYoungGen: 66400K->1408K(66560K)] 425452K->360468K(532480K), 0.0033308 secs] [Times: user=0.01 sys=0.01, real=0.01 secs] 
2661.239: [GC (Allocation Failure) [PSYoungGen: 66432K->1376K(66560K)] 425492K->360444K(532480K), 0.0027937 secs] [Times: user=0.01 sys=0.00, real=0.00 secs] 
2661.508: [GC (Allocation Failure) [PSYoungGen: 66400K->1376K(66560K)] 425468K->360444K(532480K), 0.0020573 secs] [Times: user=0.01 sys=0.00, real=0.00 secs] 
2662.649: [GC (Allocation Failure) [PSYoungGen: 66400K->1376K(66560K)] 425468K->360444K(532480K), 0.0019302 secs] [Times: user=0.01 sys=0.00, real=0.00 secs] 
2663.243: [GC (Allocation Failure) [PSYoungGen: 66400K->1376K(66560K)] 425468K->360444K(532480K), 0.0018613 secs] [Times: user=0.01 sys=0.00, real=0.00 secs] 
2663.798: [GC (Allocation Failure) [PSYoungGen: 66400K->1408K(66560K)] 425468K->360484K(532480K), 0.0041065 secs] [Times: user=0.02 sys=0.00, real=0.00 secs] 
2664.348: [GC (Allocation Failure) [PSYoungGen: 66432K->1344K(66560K)] 425508K->360420K(532480K), 0.0028910 secs] [Times: user=0.01 sys=0.00, real=0.00 secs] 
2664.837: [GC (Allocation Failure) [PSYoungGen: 66368K->1360K(66560K)] 425444K->360436K(532480K), 0.0016664 secs] [Times: user=0.00 sys=0.00, real=0.00 secs] 
2665.980: [GC (Allocation Failure) [PSYoungGen: 66384K->1392K(66560K)] 425460K->360468K(532480K), 0.0024032 secs] [Times: user=0.01 sys=0.00, real=0.00 secs] 
2666.290: [GC (Allocation Failure) [PSYoungGen: 66416K->1392K(66560K)] 425492K->360468K(532480K), 0.0019430 secs] [Times: user=0.01 sys=0.00, real=0.00 secs] 
2666.561: [GC (Allocation Failure) [PSYoungGen: 66416K->1344K(66560K)] 425492K->360420K(532480K), 0.0021383 secs] [Times: user=0.00 sys=0.00, real=0.00 secs] 
2666.910: [GC (Allocation Failure) [PSYoungGen: 66368K->1344K(66560K)] 425444K->360420K(532480K), 0.0028027 secs] [Times: user=0.01 sys=0.00, real=0.00 secs] 
2668.102: [GC (Allocation Failure) [PSYoungGen: 66368K->1376K(66560K)] 425444K->360452K(532480K), 0.0018680 secs] [Times: user=0.01 sys=0.00, real=0.00 secs] 
2668.374: [GC (Allocation Failure) [PSYoungGen: 66400K->1344K(66560K)] 425476K->360420K(532480K), 0.0017381 secs] [Times: user=0.01 sys=0.00, real=0.01 secs] 
2668.699: [GC (Allocation Failure) [PSYoungGen: 66368K->1408K(66560K)] 425444K->360484K(532480K), 0.0018531 secs] [Times: user=0.00 sys=0.00, real=0.00 secs] 
2668.969: [GC (Allocation Failure) [PSYoungGen: 66432K->1344K(66560K)] 425508K->360420K(532480K), 0.0019514 secs] [Times: user=0.01 sys=0.00, real=0.00 secs] 
2670.105: [GC (Allocation Failure) [PSYoungGen: 66368K->1376K(66560K)] 425444K->360484K(532480K), 0.0017279 secs] [Times: user=0.01 sys=0.00, real=0.01 secs] 
2671.022: [GC (Allocation Failure) [PSYoungGen: 66400K->1392K(66560K)] 425508K->360500K(532480K), 0.0032545 secs] [Times: user=0.02 sys=0.00, real=0.00 secs] 
2671.952: [GC (Allocation Failure) [PSYoungGen: 66416K->1376K(66560K)] 425524K->360492K(532480K), 0.0042388 secs] [Times: user=0.02 sys=0.00, real=0.01 secs] 
2672.816: [GC (Allocation Failure) [PSYoungGen: 66400K->1344K(66560K)] 425516K->360460K(532480K), 0.0040176 secs] [Times: user=0.02 sys=0.00, real=0.01 secs] 
2673.620: [GC (Allocation Failure) [PSYoungGen: 66368K->1376K(66560K)] 425484K->360492K(532480K), 0.0041057 secs] [Times: user=0.02 sys=0.00, real=0.00 secs] 
2675.588: [GC (Allocation Failure) [PSYoungGen: 66400K->1360K(66560K)] 425516K->360476K(532480K), 0.0032217 secs] [Times: user=0.02 sys=0.00, real=0.00 secs] 
2676.327: [GC (Allocation Failure) [PSYoungGen: 66384K->1344K(66560K)] 425500K->360460K(532480K), 0.0032840 secs] [Times: user=0.01 sys=0.00, real=0.00 secs] 
2677.302: [GC (Allocation Failure) [PSYoungGen: 66368K->1312K(66560K)] 425484K->360428K(532480K), 0.0042153 secs] [Times: user=0.01 sys=0.00, real=0.01 secs] 
2678.125: [GC (Allocation Failure) [PSYoungGen: 66336K->1392K(66560K)] 425452K->360508K(532480K), 0.0028168 secs] [Times: user=0.01 sys=0.00, real=0.01 secs] 
2679.642: [GC (Allocation Failure) [PSYoungGen: 66416K->1440K(66560K)] 425532K->360556K(532480K), 0.0038948 secs] [Times: user=0.02 sys=0.00, real=0.00 secs] 
2680.060: [GC (Allocation Failure) [PSYoungGen: 66464K->1344K(66560K)] 425580K->360460K(532480K), 0.0028120 secs] [Times: user=0.01 sys=0.01, real=0.00 secs] 
2680.596: [GC (Allocation Failure) [PSYoungGen: 66368K->1376K(66560K)] 425484K->360492K(532480K), 0.0028062 secs] [Times: user=0.01 sys=0.00, real=0.00 secs] 
2681.174: [GC (Allocation Failure) [PSYoungGen: 66400K->1376K(66560K)] 425516K->360492K(532480K), 0.0027085 secs] [Times: user=0.01 sys=0.00, real=0.01 secs] 
2682.655: [GC (Allocation Failure) [PSYoungGen: 66400K->1392K(66560K)] 425516K->360508K(532480K), 0.0018655 secs] [Times: user=0.01 sys=0.00, real=0.01 secs] 
2683.383: [GC (Allocation Failure) [PSYoungGen: 66416K->1376K(66560K)] 425532K->360492K(532480K), 0.0019048 secs] [Times: user=0.01 sys=0.00, real=0.00 secs] 
2683.989: [GC (Allocation Failure) [PSYoungGen: 66400K->1392K(66560K)] 425516K->360508K(532480K), 0.0019313 secs] [Times: user=0.01 sys=0.00, real=0.00 secs] 
2684.533: [GC (Allocation Failure) [PSYoungGen: 66416K->1376K(66560K)] 425532K->360492K(532480K), 0.0020012 secs] [Times: user=0.01 sys=0.00, real=0.00 secs] 
2685.088: [GC (Allocation Failure) [PSYoungGen: 66400K->1376K(66560K)] 425516K->360508K(532480K), 0.0023094 secs] [Times: user=0.01 sys=0.00, real=0.00 secs] 
2686.916: [GC (Allocation Failure) [PSYoungGen: 66400K->1376K(66560K)] 425532K->360508K(532480K), 0.0037962 secs] [Times: user=0.02 sys=0.00, real=0.01 secs] 
2687.508: [GC (Allocation Failure) [PSYoungGen: 66400K->1344K(66560K)] 425532K->360476K(532480K), 0.0022650 secs] [Times: user=0.01 sys=0.00, real=0.00 secs] 
2688.090: [GC (Allocation Failure) [PSYoungGen: 66368K->1344K(66560K)] 425500K->360476K(532480K), 0.0024851 secs] [Times: user=0.01 sys=0.00, real=0.00 secs] 
2688.608: [GC (Allocation Failure) [PSYoungGen: 66368K->1408K(66560K)] 425500K->360540K(532480K), 0.0027684 secs] [Times: user=0.01 sys=0.00, real=0.00 secs] 
2690.046: [GC (Allocation Failure) [PSYoungGen: 66432K->1376K(66560K)] 425564K->360508K(532480K), 0.0019409 secs] [Times: user=0.01 sys=0.00, real=0.00 secs] 
2690.479: [GC (Allocation Failure) [PSYoungGen: 66400K->1376K(66560K)] 425532K->360508K(532480K), 0.0018165 secs] [Times: user=0.01 sys=0.00, real=0.00 secs] 
2690.752: [GC (Allocation Failure) [PSYoungGen: 66400K->1408K(66560K)] 425532K->360540K(532480K), 0.0025330 secs] [Times: user=0.01 sys=0.00, real=0.00 secs] 
2691.021: [GC (Allocation Failure) [PSYoungGen: 66432K->1344K(66560K)] 425564K->360476K(532480K), 0.0021580 secs] [Times: user=0.01 sys=0.00, real=0.00 secs] 
2692.242: [GC (Allocation Failure) [PSYoungGen: 66368K->1408K(66560K)] 425500K->360540K(532480K), 0.0018915 secs] [Times: user=0.01 sys=0.00, real=0.00 secs] 
2692.756: [GC (Allocation Failure) [PSYoungGen: 66432K->1376K(66560K)] 425564K->360516K(532480K), 0.0032347 secs] [Times: user=0.01 sys=0.00, real=0.00 secs] 
2693.056: [GC (Allocation Failure) [PSYoungGen: 66400K->1376K(66560K)] 425540K->360516K(532480K), 0.0024468 secs] [Times: user=0.01 sys=0.00, real=0.01 secs] 
2693.402: [GC (Allocation Failure) [PSYoungGen: 66400K->1376K(66560K)] 425540K->360516K(532480K), 0.0019729 secs] [Times: user=0.00 sys=0.00, real=0.00 secs] 
2694.019: [GC (Allocation Failure) [PSYoungGen: 66400K->1344K(66560K)] 425540K->360484K(532480K), 0.0022751 secs] [Times: user=0.01 sys=0.00, real=0.00 secs] 
2695.027: [GC (Allocation Failure) [PSYoungGen: 66368K->1408K(66560K)] 425508K->360548K(532480K), 0.0018927 secs] [Times: user=0.00 sys=0.00, real=0.00 secs] 
2695.297: [GC (Allocation Failure) [PSYoungGen: 66432K->1376K(66560K)] 425572K->360516K(532480K), 0.0018169 secs] [Times: user=0.01 sys=0.00, real=0.00 secs] 
2695.567: [GC (Allocation Failure) [PSYoungGen: 66400K->1376K(66560K)] 425540K->360516K(532480K), 0.0018952 secs] [Times: user=0.01 sys=0.00, real=0.00 secs] 
2695.840: [GC (Allocation Failure) [PSYoungGen: 66400K->1344K(66560K)] 425540K->360484K(532480K), 0.0028039 secs] [Times: user=0.02 sys=0.00, real=0.00 secs] 
2696.885: [GC (Allocation Failure) [PSYoungGen: 66368K->1408K(66560K)] 425508K->360548K(532480K), 0.0022462 secs] [Times: user=0.01 sys=0.00, real=0.01 secs] 
2697.156: [GC (Allocation Failure) [PSYoungGen: 66432K->1376K(66560K)] 425572K->360516K(532480K), 0.0020139 secs] [Times: user=0.01 sys=0.00, real=0.00 secs] 
2697.427: [GC (Allocation Failure) [PSYoungGen: 66400K->1408K(66560K)] 425540K->360548K(532480K), 0.0019868 secs] [Times: user=0.01 sys=0.00, real=0.00 secs] 
2697.697: [GC (Allocation Failure) [PSYoungGen: 66432K->1376K(66560K)] 425572K->360516K(532480K), 0.0019343 secs] [Times: user=0.01 sys=0.00, real=0.00 secs] 
2698.643: [GC (Allocation Failure) [PSYoungGen: 66400K->1408K(66560K)] 425540K->360548K(532480K), 0.0018566 secs] [Times: user=0.01 sys=0.00, real=0.00 secs] 
2698.913: [GC (Allocation Failure) [PSYoungGen: 66432K->1344K(66560K)] 425572K->360484K(532480K), 0.0018334 secs] [Times: user=0.01 sys=0.00, real=0.00 secs] 
2699.183: [GC (Allocation Failure) [PSYoungGen: 66368K->1424K(66560K)] 425508K->360580K(532480K), 0.0018207 secs] [Times: user=0.01 sys=0.00, real=0.00 secs] 
2699.453: [GC (Allocation Failure) [PSYoungGen: 66448K->1360K(66560K)] 425604K->360516K(532480K), 0.0017510 secs] [Times: user=0.01 sys=0.00, real=0.00 secs] 
2699.722: [GC (Allocation Failure) [PSYoungGen: 66384K->1392K(66560K)] 425540K->360548K(532480K), 0.0019001 secs] [Times: user=0.01 sys=0.00, real=0.00 secs] 
2700.656: [GC (Allocation Failure) [PSYoungGen: 66416K->1344K(66560K)] 425572K->360500K(532480K), 0.0016852 secs] [Times: user=0.01 sys=0.00, real=0.00 secs] 
2700.959: [GC (Allocation Failure) [PSYoungGen: 66368K->1344K(66560K)] 425524K->360500K(532480K), 0.0018156 secs] [Times: user=0.01 sys=0.00, real=0.00 secs] 
2701.229: [GC (Allocation Failure) [PSYoungGen: 66368K->1424K(66560K)] 425524K->360580K(532480K), 0.0018924 secs] [Times: user=0.00 sys=0.00, real=0.00 secs] 
2701.499: [GC (Allocation Failure) [PSYoungGen: 66448K->1344K(66560K)] 425604K->360500K(532480K), 0.0019879 secs] [Times: user=0.01 sys=0.00, real=0.00 secs] 
2702.501: [GC (Allocation Failure) [PSYoungGen: 66368K->1344K(66560K)] 425524K->360500K(532480K), 0.0019118 secs] [Times: user=0.01 sys=0.00, real=0.00 secs] 
2703.032: [GC (Allocation Failure) [PSYoungGen: 66368K->1376K(66560K)] 425524K->360532K(532480K), 0.0018913 secs] [Times: user=0.01 sys=0.00, real=0.00 secs] 
2703.697: [GC (Allocation Failure) [PSYoungGen: 66400K->1376K(66560K)] 425556K->360532K(532480K), 0.0019667 secs] [Times: user=0.01 sys=0.01, real=0.00 secs] 
2704.333: [GC (Allocation Failure) [PSYoungGen: 66400K->1360K(66560K)] 425556K->360516K(532480K), 0.0023549 secs] [Times: user=0.01 sys=0.00, real=0.00 secs] 
2705.887: [GC (Allocation Failure) [PSYoungGen: 66384K->1408K(66560K)] 425540K->360564K(532480K), 0.0032016 secs] [Times: user=0.01 sys=0.00, real=0.00 secs] 
2707.186: [GC (Allocation Failure) [PSYoungGen: 66432K->1376K(66560K)] 425588K->360532K(532480K), 0.0033462 secs] [Times: user=0.02 sys=0.00, real=0.00 secs] 
2707.944: [GC (Allocation Failure) [PSYoungGen: 66400K->1392K(66560K)] 425556K->360548K(532480K), 0.0031552 secs] [Times: user=0.01 sys=0.00, real=0.01 secs] 
2709.107: [GC (Allocation Failure) [PSYoungGen: 66416K->1360K(66560K)] 425572K->360516K(532480K), 0.0035120 secs] [Times: user=0.02 sys=0.00, real=0.00 secs] 
2710.075: [GC (Allocation Failure) [PSYoungGen: 66384K->1392K(66560K)] 425540K->360548K(532480K), 0.0033739 secs] [Times: user=0.01 sys=0.00, real=0.01 secs] 
2711.292: [GC (Allocation Failure) [PSYoungGen: 66416K->1376K(66560K)] 425572K->360532K(532480K), 0.0017008 secs] [Times: user=0.01 sys=0.00, real=0.00 secs] 
2711.802: [GC (Allocation Failure) [PSYoungGen: 66400K->1408K(66560K)] 425556K->360564K(532480K), 0.0019460 secs] [Times: user=0.01 sys=0.00, real=0.00 secs] 
2712.347: [GC (Allocation Failure) [PSYoungGen: 66432K->1344K(66560K)] 425588K->360500K(532480K), 0.0031568 secs] [Times: user=0.01 sys=0.00, real=0.00 secs] 
2712.967: [GC (Allocation Failure) [PSYoungGen: 66368K->1376K(66560K)] 425524K->360532K(532480K), 0.0027284 secs] [Times: user=0.01 sys=0.00, real=0.00 secs] 
2714.191: [GC (Allocation Failure) [PSYoungGen: 66400K->1376K(66560K)] 425556K->360540K(532480K), 0.0018010 secs] [Times: user=0.01 sys=0.00, real=0.00 secs] 
2714.560: [GC (Allocation Failure) [PSYoungGen: 66400K->1376K(66560K)] 425564K->360540K(532480K), 0.0018959 secs] [Times: user=0.01 sys=0.00, real=0.00 secs] 
2715.009: [GC (Allocation Failure) [PSYoungGen: 66400K->1376K(66560K)] 425564K->360540K(532480K), 0.0039388 secs] [Times: user=0.01 sys=0.00, real=0.00 secs] 
2715.508: [GC (Allocation Failure) [PSYoungGen: 66400K->1376K(66560K)] 425564K->360540K(532480K), 0.0027731 secs] [Times: user=0.01 sys=0.01, real=0.00 secs] 
2716.813: [GC (Allocation Failure) [PSYoungGen: 66400K->1408K(66560K)] 425564K->361596K(532480K), 0.0016816 secs] [Times: user=0.01 sys=0.00, real=0.00 secs] 
2717.461: [GC (Allocation Failure) [PSYoungGen: 66432K->1344K(66560K)] 426620K->361532K(532480K), 0.0018191 secs] [Times: user=0.01 sys=0.00, real=0.00 secs] 
2718.059: [GC (Allocation Failure) [PSYoungGen: 66368K->1392K(66560K)] 426556K->361580K(532480K), 0.0019878 secs] [Times: user=0.01 sys=0.00, real=0.00 secs] 
2718.330: [GC (Allocation Failure) [PSYoungGen: 66416K->1376K(66560K)] 426604K->361564K(532480K), 0.0018138 secs] [Times: user=0.01 sys=0.00, real=0.00 secs] 
2718.600: [GC (Allocation Failure) [PSYoungGen: 66400K->1376K(66560K)] 426588K->361564K(532480K), 0.0017947 secs] [Times: user=0.00 sys=0.00, real=0.00 secs] 
2719.852: [GC (Allocation Failure) [PSYoungGen: 66400K->1376K(66560K)] 426588K->361564K(532480K), 0.0022181 secs] [Times: user=0.01 sys=0.00, real=0.00 secs] 
2720.720: [GC (Allocation Failure) [PSYoungGen: 66400K->1344K(66560K)] 426588K->361532K(532480K), 0.0035846 secs] [Times: user=0.01 sys=0.00, real=0.00 secs] 
2721.611: [GC (Allocation Failure) [PSYoungGen: 66368K->1344K(66560K)] 426556K->361540K(532480K), 0.0035900 secs] [Times: user=0.02 sys=0.01, real=0.00 secs] 
2722.546: [GC (Allocation Failure) [PSYoungGen: 66368K->1376K(66560K)] 426564K->361572K(532480K), 0.0031650 secs] [Times: user=0.01 sys=0.00, real=0.00 secs] 
2724.500: [GC (Allocation Failure) [PSYoungGen: 66400K->1376K(66560K)] 426596K->361572K(532480K), 0.0025541 secs] [Times: user=0.01 sys=0.00, real=0.00 secs] 
2725.469: [GC (Allocation Failure) [PSYoungGen: 66400K->1392K(66560K)] 426596K->361588K(532480K), 0.0039441 secs] [Times: user=0.02 sys=0.00, real=0.00 secs] 
2725.977: [GC (Allocation Failure) [PSYoungGen: 66416K->1344K(66560K)] 426612K->361540K(532480K), 0.0025106 secs] [Times: user=0.01 sys=0.00, real=0.00 secs] 
2726.468: [GC (Allocation Failure) [PSYoungGen: 66368K->1408K(66560K)] 426564K->361604K(532480K), 0.0023441 secs] [Times: user=0.01 sys=0.00, real=0.00 secs] 
2727.763: [GC (Allocation Failure) [PSYoungGen: 66432K->1408K(66560K)] 426628K->362116K(532480K), 0.0015847 secs] [Times: user=0.00 sys=0.00, real=0.00 secs] 
2728.269: [GC (Allocation Failure) [PSYoungGen: 66432K->1344K(66560K)] 427140K->362052K(532480K), 0.0017208 secs] [Times: user=0.01 sys=0.00, real=0.00 secs] 
2728.847: [GC (Allocation Failure) [PSYoungGen: 66368K->1312K(66560K)] 427076K->362020K(532480K), 0.0018293 secs] [Times: user=0.00 sys=0.00, real=0.00 secs] 
2729.466: [GC (Allocation Failure) [PSYoungGen: 66336K->1376K(66560K)] 427044K->362084K(532480K), 0.0019886 secs] [Times: user=0.01 sys=0.00, real=0.01 secs] 
2730.090: [GC (Allocation Failure) [PSYoungGen: 66400K->1424K(66560K)] 427108K->362132K(532480K), 0.0019222 secs] [Times: user=0.00 sys=0.00, real=0.00 secs] 
2731.433: [GC (Allocation Failure) [PSYoungGen: 66448K->1408K(66560K)] 427156K->362116K(532480K), 0.0019226 secs] [Times: user=0.01 sys=0.00, real=0.00 secs] 
2731.963: [GC (Allocation Failure) [PSYoungGen: 66432K->1360K(66560K)] 427140K->362068K(532480K), 0.0018094 secs] [Times: user=0.01 sys=0.00, real=0.00 secs] 
2732.837: [GC (Allocation Failure) [PSYoungGen: 66384K->1376K(66560K)] 427092K->362084K(532480K), 0.0023009 secs] [Times: user=0.01 sys=0.00, real=0.00 secs] 
2733.244: [GC (Allocation Failure) [PSYoungGen: 66400K->1344K(66560K)] 427108K->362052K(532480K), 0.0020158 secs] [Times: user=0.01 sys=0.00, real=0.00 secs] 
2734.767: [GC (Allocation Failure) [PSYoungGen: 66368K->1440K(66560K)] 427076K->362156K(532480K), 0.0028086 secs] [Times: user=0.01 sys=0.00, real=0.00 secs] 
2736.127: [GC (Allocation Failure) [PSYoungGen: 66464K->1376K(66560K)] 427180K->362092K(532480K), 0.0046115 secs] [Times: user=0.02 sys=0.00, real=0.00 secs] 
2736.639: [GC (Allocation Failure) [PSYoungGen: 66400K->1312K(66560K)] 427116K->362028K(532480K), 0.0025849 secs] [Times: user=0.01 sys=0.00, real=0.00 secs] 
2736.967: [GC (Allocation Failure) [PSYoungGen: 66336K->1344K(66560K)] 427052K->362060K(532480K), 0.0021734 secs] [Times: user=0.01 sys=0.00, real=0.00 secs] 
2737.893: [GC (Allocation Failure) [PSYoungGen: 66116K->160K(66560K)] 426833K->360876K(532480K), 0.0016051 secs] [Times: user=0.00 sys=0.00, real=0.00 secs] 
2739.612: [GC (Allocation Failure) [PSYoungGen: 65184K->1376K(67072K)] 425900K->362092K(532992K), 0.0038570 secs] [Times: user=0.02 sys=0.00, real=0.00 secs] 
2740.425: [GC (Allocation Failure) [PSYoungGen: 66400K->1376K(67072K)] 427116K->362092K(532992K), 0.0042480 secs] [Times: user=0.01 sys=0.00, real=0.01 secs] 
2740.985: [GC (Allocation Failure) [PSYoungGen: 66400K->1408K(67072K)] 427116K->362124K(532992K), 0.0025774 secs] [Times: user=0.01 sys=0.00, real=0.01 secs] 
2741.259: [GC (Allocation Failure) [PSYoungGen: 66432K->1376K(67072K)] 427148K->362092K(532992K), 0.0020467 secs] [Times: user=0.00 sys=0.00, real=0.00 secs] 
2742.465: [GC (Allocation Failure) [PSYoungGen: 66400K->1408K(67072K)] 427116K->362124K(532992K), 0.0047891 secs] [Times: user=0.02 sys=0.01, real=0.01 secs] 
2742.985: [GC (Allocation Failure) [PSYoungGen: 66432K->1344K(67072K)] 427148K->362060K(532992K), 0.0020712 secs] [Times: user=0.01 sys=0.00, real=0.01 secs] 
2743.438: [GC (Allocation Failure) [PSYoungGen: 66368K->1376K(67072K)] 427084K->362100K(532992K), 0.0022707 secs] [Times: user=0.01 sys=0.00, real=0.00 secs] 
2743.741: [GC (Allocation Failure) [PSYoungGen: 66400K->1376K(67072K)] 427124K->362100K(532992K), 0.0019808 secs] [Times: user=0.01 sys=0.00, real=0.00 secs] 
2745.053: [GC (Allocation Failure) [PSYoungGen: 66400K->1424K(67072K)] 427124K->362148K(532992K), 0.0027251 secs] [Times: user=0.01 sys=0.00, real=0.01 secs] 
2745.699: [GC (Allocation Failure) [PSYoungGen: 66448K->1344K(67072K)] 427172K->362068K(532992K), 0.0028308 secs] [Times: user=0.01 sys=0.00, real=0.00 secs] 
2746.259: [GC (Allocation Failure) [PSYoungGen: 66368K->1344K(67072K)] 427092K->362068K(532992K), 0.0025293 secs] [Times: user=0.01 sys=0.00, real=0.00 secs] 
2746.680: [GC (Allocation Failure) [PSYoungGen: 66368K->1376K(67072K)] 427092K->362100K(532992K), 0.0020998 secs] [Times: user=0.01 sys=0.00, real=0.00 secs] 
2746.999: [GC (Allocation Failure) [PSYoungGen: 66389K->272K(67072K)] 427114K->360996K(532992K), 0.0020074 secs] [Times: user=0.00 sys=0.00, real=0.00 secs] 
2748.653: [GC (Allocation Failure) [PSYoungGen: 65296K->1440K(67072K)] 426020K->362164K(532992K), 0.0041034 secs] [Times: user=0.02 sys=0.00, real=0.01 secs] 
2749.354: [GC (Allocation Failure) [PSYoungGen: 66464K->1376K(67072K)] 427188K->362100K(532992K), 0.0027882 secs] [Times: user=0.01 sys=0.00, real=0.01 secs] 
2750.248: [GC (Allocation Failure) [PSYoungGen: 66400K->1376K(67072K)] 427124K->362100K(532992K), 0.0030153 secs] [Times: user=0.01 sys=0.00, real=0.00 secs] 
2751.129: [GC (Allocation Failure) [PSYoungGen: 66400K->1376K(67072K)] 427124K->362100K(532992K), 0.0030931 secs] [Times: user=0.01 sys=0.00, real=0.00 secs] 
2752.583: [GC (Allocation Failure) [PSYoungGen: 66400K->1440K(67072K)] 427124K->362164K(532992K), 0.0020323 secs] [Times: user=0.01 sys=0.00, real=0.00 secs] 
2753.005: [GC (Allocation Failure) [PSYoungGen: 66464K->1344K(67072K)] 427188K->362076K(532992K), 0.0019597 secs] [Times: user=0.01 sys=0.00, real=0.01 secs] 
2753.474: [GC (Allocation Failure) [PSYoungGen: 66368K->1376K(67072K)] 427100K->362108K(532992K), 0.0027402 secs] [Times: user=0.01 sys=0.00, real=0.01 secs] 
2753.964: [GC (Allocation Failure) [PSYoungGen: 66400K->1408K(67072K)] 427132K->362140K(532992K), 0.0026763 secs] [Times: user=0.01 sys=0.00, real=0.01 secs] 
2755.273: [GC (Allocation Failure) [PSYoungGen: 66432K->1392K(67072K)] 427164K->362124K(532992K), 0.0018693 secs] [Times: user=0.01 sys=0.00, real=0.00 secs] 
2755.682: [GC (Allocation Failure) [PSYoungGen: 66416K->1408K(67072K)] 427148K->362140K(532992K), 0.0020529 secs] [Times: user=0.01 sys=0.00, real=0.00 secs] 
2756.254: [GC (Allocation Failure) [PSYoungGen: 66432K->1376K(67072K)] 427164K->362108K(532992K), 0.0049186 secs] [Times: user=0.03 sys=0.01, real=0.01 secs] 
2756.845: [GC (Allocation Failure) [PSYoungGen: 66400K->1344K(67072K)] 427132K->362076K(532992K), 0.0020962 secs] [Times: user=0.01 sys=0.00, real=0.01 secs] 
2757.527: [GC (Allocation Failure) [PSYoungGen: 66368K->1344K(67072K)] 427100K->362076K(532992K), 0.0029167 secs] [Times: user=0.01 sys=0.00, real=0.00 secs] 
2759.034: [GC (Allocation Failure) [PSYoungGen: 66368K->1408K(67072K)] 427100K->362140K(532992K), 0.0022563 secs] [Times: user=0.01 sys=0.00, real=0.01 secs] 
2759.600: [GC (Allocation Failure) [PSYoungGen: 66432K->1344K(67072K)] 427164K->362076K(532992K), 0.0025406 secs] [Times: user=0.01 sys=0.00, real=0.00 secs] 
2760.057: [GC (Allocation Failure) [PSYoungGen: 66368K->1344K(67072K)] 427100K->362076K(532992K), 0.0025400 secs] [Times: user=0.01 sys=0.00, real=0.00 secs] 
2760.622: [GC (Allocation Failure) [PSYoungGen: 66368K->1360K(67072K)] 427100K->362092K(532992K), 0.0022424 secs] [Times: user=0.01 sys=0.00, real=0.00 secs] 
2761.694: [GC (Allocation Failure) [PSYoungGen: 66384K->1440K(67072K)] 427116K->362172K(532992K), 0.0019486 secs] [Times: user=0.01 sys=0.00, real=0.01 secs] 
2761.965: [GC (Allocation Failure) [PSYoungGen: 66464K->1376K(67072K)] 427196K->362124K(532992K), 0.0019188 secs] [Times: user=0.00 sys=0.00, real=0.01 secs] 
2762.241: [GC (Allocation Failure) [PSYoungGen: 66400K->1344K(66560K)] 427148K->362092K(532480K), 0.0021936 secs] [Times: user=0.01 sys=0.00, real=0.00 secs] 
2762.677: [GC (Allocation Failure) [PSYoungGen: 66368K->1312K(66560K)] 427116K->362060K(532480K), 0.0023354 secs] [Times: user=0.01 sys=0.00, real=0.00 secs] 
2763.715: [GC (Allocation Failure) [PSYoungGen: 66336K->352K(66048K)] 427084K->362124K(531968K), 0.0018343 secs] [Times: user=0.01 sys=0.00, real=0.01 secs] 
2763.986: [GC (Allocation Failure) [PSYoungGen: 65376K->384K(67072K)] 427148K->362156K(532992K), 0.0026807 secs] [Times: user=0.01 sys=0.00, real=0.01 secs] 
2764.318: [GC (Allocation Failure) [PSYoungGen: 65408K->352K(67072K)] 427180K->362124K(532992K), 0.0018154 secs] [Times: user=0.00 sys=0.00, real=0.00 secs] 
2764.593: [GC (Allocation Failure) [PSYoungGen: 65376K->384K(67072K)] 427148K->362156K(532992K), 0.0019318 secs] [Times: user=0.01 sys=0.00, real=0.00 secs] 
2764.959: [GC (Allocation Failure) [PSYoungGen: 65408K->288K(67072K)] 427180K->362060K(532992K), 0.0021411 secs] [Times: user=0.01 sys=0.00, real=0.00 secs] 
2765.937: [GC (Allocation Failure) [PSYoungGen: 65312K->1408K(67072K)] 427084K->363180K(532992K), 0.0017443 secs] [Times: user=0.01 sys=0.00, real=0.00 secs] 
2766.207: [GC (Allocation Failure) [PSYoungGen: 66432K->1408K(66560K)] 428204K->363180K(532480K), 0.0018595 secs] [Times: user=0.00 sys=0.00, real=0.00 secs] 
2766.478: [GC (Allocation Failure) [PSYoungGen: 65920K->1376K(67072K)] 427692K->363148K(532992K), 0.0025298 secs] [Times: user=0.01 sys=0.00, real=0.00 secs] 
2766.745: [GC (Allocation Failure) [PSYoungGen: 65888K->1376K(67072K)] 427660K->363148K(532992K), 0.0023853 secs] [Times: user=0.01 sys=0.00, real=0.01 secs] 
2767.834: [GC (Allocation Failure) [PSYoungGen: 65888K->1440K(67072K)] 427660K->363212K(532992K), 0.0018462 secs] [Times: user=0.01 sys=0.00, real=0.00 secs] 
2768.340: [GC (Allocation Failure) [PSYoungGen: 65952K->1408K(67072K)] 427724K->363180K(532992K), 0.0025071 secs] [Times: user=0.01 sys=0.00, real=0.00 secs] 
2768.884: [GC (Allocation Failure) [PSYoungGen: 65920K->1376K(67072K)] 427692K->363172K(532992K), 0.0036279 secs] [Times: user=0.02 sys=0.00, real=0.01 secs] 
2769.406: [GC (Allocation Failure) [PSYoungGen: 65888K->1344K(67072K)] 427684K->363140K(532992K), 0.0028260 secs] [Times: user=0.01 sys=0.00, real=0.00 secs] 
2770.762: [GC (Allocation Failure) [PSYoungGen: 65856K->1376K(67072K)] 427652K->363172K(532992K), 0.0018331 secs] [Times: user=0.01 sys=0.00, real=0.00 secs] 
2771.519: [GC (Allocation Failure) [PSYoungGen: 65888K->1376K(66048K)] 427684K->363172K(531968K), 0.0036169 secs] [Times: user=0.01 sys=0.00, real=0.00 secs] 
2772.051: [GC (Allocation Failure) [PSYoungGen: 65888K->1408K(66560K)] 427684K->363204K(532480K), 0.0033318 secs] [Times: user=0.01 sys=0.00, real=0.00 secs] 
2772.624: [GC (Allocation Failure) [PSYoungGen: 65920K->1376K(66560K)] 427716K->363172K(532480K), 0.0032230 secs] [Times: user=0.01 sys=0.00, real=0.01 secs] 
2773.208: [GC (Allocation Failure) [PSYoungGen: 65888K->1344K(66560K)] 427684K->363140K(532480K), 0.0029702 secs] [Times: user=0.01 sys=0.00, real=0.00 secs] 
2774.394: [GC (Allocation Failure) [PSYoungGen: 65856K->1408K(66560K)] 427652K->363204K(532480K), 0.0018774 secs] [Times: user=0.01 sys=0.00, real=0.01 secs] 
2775.195: [GC (Allocation Failure) [PSYoungGen: 65920K->1376K(66560K)] 427716K->363172K(532480K), 0.0023536 secs] [Times: user=0.01 sys=0.00, real=0.01 secs] 
2775.992: [GC (Allocation Failure) [PSYoungGen: 65888K->1408K(66560K)] 427684K->363204K(532480K), 0.0023190 secs] [Times: user=0.01 sys=0.00, real=0.00 secs] 
2776.777: [GC (Allocation Failure) [PSYoungGen: 65920K->1408K(66560K)] 427716K->363204K(532480K), 0.0040314 secs] [Times: user=0.02 sys=0.00, real=0.00 secs] 
2778.407: [GC (Allocation Failure) [PSYoungGen: 65920K->1408K(66560K)] 427716K->363204K(532480K), 0.0021672 secs] [Times: user=0.01 sys=0.00, real=0.00 secs] 
2779.315: [GC (Allocation Failure) [PSYoungGen: 65920K->1408K(66560K)] 427716K->363204K(532480K), 0.0029043 secs] [Times: user=0.01 sys=0.00, real=0.01 secs] 
2780.527: [GC (Allocation Failure) [PSYoungGen: 65920K->1392K(66560K)] 427716K->363196K(532480K), 0.0040273 secs] [Times: user=0.02 sys=0.00, real=0.00 secs] 
2781.396: [GC (Allocation Failure) [PSYoungGen: 65904K->1344K(66560K)] 427708K->363148K(532480K), 0.0039696 secs] [Times: user=0.02 sys=0.00, real=0.00 secs] 
2783.067: [GC (Allocation Failure) [PSYoungGen: 65856K->1376K(66560K)] 427660K->363188K(532480K), 0.0015743 secs] [Times: user=0.01 sys=0.00, real=0.00 secs] 
2783.767: [GC (Allocation Failure) [PSYoungGen: 65888K->1376K(66560K)] 427700K->363188K(532480K), 0.0023319 secs] [Times: user=0.01 sys=0.00, real=0.00 secs] 
2784.284: [GC (Allocation Failure) [PSYoungGen: 65888K->1408K(66560K)] 427700K->363228K(532480K), 0.0019862 secs] [Times: user=0.00 sys=0.00, real=0.00 secs] 
2784.557: [GC (Allocation Failure) [PSYoungGen: 65920K->1344K(66560K)] 427740K->363172K(532480K), 0.0021265 secs] [Times: user=0.01 sys=0.00, real=0.00 secs] 
2784.838: [GC (Allocation Failure) [PSYoungGen: 65856K->1408K(66560K)] 427684K->363236K(532480K), 0.0019985 secs] [Times: user=0.01 sys=0.00, real=0.00 secs] 
2785.902: [GC (Allocation Failure) [PSYoungGen: 65920K->1392K(66560K)] 427748K->363220K(532480K), 0.0019358 secs] [Times: user=0.01 sys=0.00, real=0.00 secs] 
2786.241: [GC (Allocation Failure) [PSYoungGen: 65904K->1344K(66560K)] 427732K->363172K(532480K), 0.0018521 secs] [Times: user=0.01 sys=0.00, real=0.00 secs] 
2786.833: [GC (Allocation Failure) [PSYoungGen: 65856K->1312K(66560K)] 427684K->363140K(532480K), 0.0032231 secs] [Times: user=0.01 sys=0.00, real=0.01 secs] 
2787.664: [GC (Allocation Failure) [PSYoungGen: 65824K->1392K(66560K)] 427652K->363220K(532480K), 0.0028013 secs] [Times: user=0.01 sys=0.00, real=0.01 secs] 
2789.088: [GC (Allocation Failure) [PSYoungGen: 65904K->1424K(66560K)] 427732K->363252K(532480K), 0.0015586 secs] [Times: user=0.01 sys=0.01, real=0.00 secs] 
2789.355: [GC (Allocation Failure) [PSYoungGen: 65936K->1408K(66560K)] 427764K->363236K(532480K), 0.0017084 secs] [Times: user=0.00 sys=0.00, real=0.01 secs] 
2789.627: [GC (Allocation Failure) [PSYoungGen: 65920K->1376K(66560K)] 427748K->363204K(532480K), 0.0031173 secs] [Times: user=0.01 sys=0.00, real=0.00 secs] 
2789.894: [GC (Allocation Failure) [PSYoungGen: 65888K->1376K(66560K)] 427716K->363204K(532480K), 0.0021332 secs] [Times: user=0.01 sys=0.00, real=0.00 secs] 
2790.168: [GC (Allocation Failure) [PSYoungGen: 65888K->1376K(66560K)] 427716K->363204K(532480K), 0.0028185 secs] [Times: user=0.01 sys=0.00, real=0.00 secs] 
2792.268: [GC (Allocation Failure) [PSYoungGen: 65888K->1408K(66048K)] 427716K->363252K(531968K), 0.0033203 secs] [Times: user=0.01 sys=0.00, real=0.00 secs] 
2793.480: [GC (Allocation Failure) [PSYoungGen: 65920K->1376K(66048K)] 427764K->363220K(531968K), 0.0048404 secs] [Times: user=0.01 sys=0.00, real=0.00 secs] 
2794.102: [GC (Allocation Failure) [PSYoungGen: 65888K->352K(65024K)] 427732K->363220K(530944K), 0.0027536 secs] [Times: user=0.01 sys=0.00, real=0.00 secs] 
2794.410: [GC (Allocation Failure) [PSYoungGen: 64864K->352K(66560K)] 427732K->363220K(532480K), 0.0020767 secs] [Times: user=0.00 sys=0.00, real=0.00 secs] 
2795.409: [GC (Allocation Failure) [PSYoungGen: 64864K->1408K(66048K)] 427732K->364276K(531968K), 0.0020351 secs] [Times: user=0.01 sys=0.00, real=0.00 secs] 
2795.677: [GC (Allocation Failure) [PSYoungGen: 65920K->1376K(66048K)] 428788K->364244K(531968K), 0.0020290 secs] [Times: user=0.00 sys=0.00, real=0.00 secs] 
2795.945: [GC (Allocation Failure) [PSYoungGen: 65888K->1376K(66048K)] 428756K->364252K(531968K), 0.0018851 secs] [Times: user=0.01 sys=0.00, real=0.01 secs] 
2796.361: [GC (Allocation Failure) [PSYoungGen: 65888K->1344K(66048K)] 428764K->364220K(531968K), 0.0024900 secs] [Times: user=0.01 sys=0.00, real=0.00 secs] 
2797.721: [GC (Allocation Failure) [PSYoungGen: 65856K->1408K(66048K)] 428732K->364284K(531968K), 0.0026014 secs] [Times: user=0.01 sys=0.00, real=0.00 secs] 
2798.789: [GC (Allocation Failure) [PSYoungGen: 65920K->1376K(66048K)] 428796K->364252K(531968K), 0.0027027 secs] [Times: user=0.01 sys=0.00, real=0.00 secs] 
2799.394: [GC (Allocation Failure) [PSYoungGen: 65888K->1408K(66048K)] 428764K->364284K(531968K), 0.0022084 secs] [Times: user=0.01 sys=0.00, real=0.01 secs] 
2800.050: [GC (Allocation Failure) [PSYoungGen: 65920K->1376K(66048K)] 428796K->364252K(531968K), 0.0038238 secs] [Times: user=0.02 sys=0.00, real=0.00 secs] 
2800.572: [GC (Allocation Failure) [PSYoungGen: 65888K->1408K(66560K)] 428764K->364284K(532480K), 0.0023342 secs] [Times: user=0.01 sys=0.00, real=0.00 secs] 
2802.954: [GC (Allocation Failure) [PSYoungGen: 65920K->1376K(66560K)] 428796K->364252K(532480K), 0.0034017 secs] [Times: user=0.02 sys=0.00, real=0.01 secs] 
2803.625: [GC (Allocation Failure) [PSYoungGen: 65888K->1376K(66560K)] 428764K->364252K(532480K), 0.0028456 secs] [Times: user=0.01 sys=0.00, real=0.01 secs] 
2804.320: [GC (Allocation Failure) [PSYoungGen: 65888K->1376K(66560K)] 428764K->364268K(532480K), 0.0026507 secs] [Times: user=0.01 sys=0.00, real=0.00 secs] 
2805.077: [GC (Allocation Failure) [PSYoungGen: 65888K->1376K(66560K)] 428780K->364268K(532480K), 0.0028342 secs] [Times: user=0.02 sys=0.00, real=0.00 secs] 
2806.418: [GC (Allocation Failure) [PSYoungGen: 65888K->1408K(66560K)] 428780K->364300K(532480K), 0.0017821 secs] [Times: user=0.00 sys=0.00, real=0.00 secs] 
2806.946: [GC (Allocation Failure) [PSYoungGen: 65920K->1376K(66560K)] 428812K->364268K(532480K), 0.0032353 secs] [Times: user=0.01 sys=0.00, real=0.00 secs] 
2807.945: [GC (Allocation Failure) [PSYoungGen: 65888K->1344K(66560K)] 428780K->364236K(532480K), 0.0040449 secs] [Times: user=0.02 sys=0.00, real=0.01 secs] 
2808.790: [GC (Allocation Failure) [PSYoungGen: 65856K->1392K(66560K)] 428748K->364284K(532480K), 0.0039862 secs] [Times: user=0.02 sys=0.00, real=0.00 secs] 
2809.599: [GC (Allocation Failure) [PSYoungGen: 65904K->1373K(66560K)] 428796K->364266K(532480K), 0.0016621 secs] [Times: user=0.01 sys=0.00, real=0.00 secs] 
2810.639: [GC (Allocation Failure) [PSYoungGen: 65885K->1408K(66560K)] 428778K->364300K(532480K), 0.0019308 secs] [Times: user=0.01 sys=0.00, real=0.00 secs] 
2811.143: [GC (Allocation Failure) [PSYoungGen: 65920K->1360K(66560K)] 428812K->364252K(532480K), 0.0038630 secs] [Times: user=0.02 sys=0.00, real=0.01 secs] 
2811.646: [GC (Allocation Failure) [PSYoungGen: 65872K->1376K(66560K)] 428764K->364268K(532480K), 0.0033918 secs] [Times: user=0.01 sys=0.00, real=0.01 secs] 
2812.044: [GC (Allocation Failure) [PSYoungGen: 65888K->1376K(66560K)] 428780K->364268K(532480K), 0.0020371 secs] [Times: user=0.00 sys=0.00, real=0.00 secs] 
2814.072: [GC (Allocation Failure) [PSYoungGen: 65888K->1408K(66560K)] 428780K->364300K(532480K), 0.0044403 secs] [Times: user=0.01 sys=0.00, real=0.01 secs] 
2815.497: [GC (Allocation Failure) [PSYoungGen: 65920K->1408K(66560K)] 428812K->364300K(532480K), 0.0043791 secs] [Times: user=0.02 sys=0.00, real=0.00 secs] 
2816.799: [GC (Allocation Failure) [PSYoungGen: 65920K->1344K(66048K)] 428812K->364244K(531968K), 0.0046746 secs] [Times: user=0.02 sys=0.00, real=0.00 secs] 
2817.597: [GC (Allocation Failure) [PSYoungGen: 65856K->1344K(66048K)] 428756K->364244K(531968K), 0.0019887 secs] [Times: user=0.01 sys=0.00, real=0.00 secs] 
2819.279: [GC (Allocation Failure) [PSYoungGen: 65856K->384K(65536K)] 428756K->364308K(531456K), 0.0023928 secs] [Times: user=0.01 sys=0.00, real=0.00 secs] 
2820.181: [GC (Allocation Failure) [PSYoungGen: 64896K->320K(66560K)] 428820K->364244K(532480K), 0.0033500 secs] [Times: user=0.01 sys=0.00, real=0.00 secs] 
2821.025: [GC (Allocation Failure) [PSYoungGen: 64832K->352K(66560K)] 428756K->364276K(532480K), 0.0033515 secs] [Times: user=0.02 sys=0.00, real=0.01 secs] 
2821.657: [GC (Allocation Failure) [PSYoungGen: 64864K->320K(66560K)] 428788K->364244K(532480K), 0.0033363 secs] [Times: user=0.01 sys=0.00, real=0.00 secs] 
2822.231: [GC (Allocation Failure) [PSYoungGen: 64832K->320K(66560K)] 428756K->364244K(532480K), 0.0029550 secs] [Times: user=0.01 sys=0.00, real=0.00 secs] 
2823.306: [GC (Allocation Failure) [PSYoungGen: 64832K->1408K(66560K)] 428756K->365332K(532480K), 0.0019131 secs] [Times: user=0.01 sys=0.00, real=0.00 secs] 
2823.650: [GC (Allocation Failure) [PSYoungGen: 65920K->1408K(66048K)] 429844K->365332K(531968K), 0.0018142 secs] [Times: user=0.00 sys=0.00, real=0.00 secs] 
2823.981: [GC (Allocation Failure) [PSYoungGen: 65408K->1408K(66560K)] 429332K->365332K(532480K), 0.0018533 secs] [Times: user=0.00 sys=0.00, real=0.00 secs] 
2824.435: [GC (Allocation Failure) [PSYoungGen: 65408K->1344K(66560K)] 429332K->365276K(532480K), 0.0019101 secs] [Times: user=0.00 sys=0.00, real=0.01 secs] 
2825.948: [GC (Allocation Failure) [PSYoungGen: 65344K->1408K(66560K)] 429276K->365340K(532480K), 0.0019949 secs] [Times: user=0.00 sys=0.00, real=0.00 secs] 
2826.640: [GC (Allocation Failure) [PSYoungGen: 65408K->1376K(66560K)] 429340K->365308K(532480K), 0.0031272 secs] [Times: user=0.01 sys=0.00, real=0.00 secs] 
2827.241: [GC (Allocation Failure) [PSYoungGen: 65376K->1376K(66560K)] 429308K->365308K(532480K), 0.0031794 secs] [Times: user=0.02 sys=0.00, real=0.00 secs] 
2827.830: [GC (Allocation Failure) [PSYoungGen: 65376K->1376K(66560K)] 429308K->365308K(532480K), 0.0027631 secs] [Times: user=0.01 sys=0.00, real=0.00 secs] 
2829.070: [GC (Allocation Failure) [PSYoungGen: 65376K->1536K(66560K)] 429308K->365468K(532480K), 0.0018076 secs] [Times: user=0.00 sys=0.00, real=0.00 secs] 
2829.707: [GC (Allocation Failure) [PSYoungGen: 65536K->1376K(66560K)] 429468K->365308K(532480K), 0.0028182 secs] [Times: user=0.01 sys=0.00, real=0.00 secs] 
2829.968: [GC (Allocation Failure) [PSYoungGen: 65376K->1376K(65536K)] 429308K->365308K(531456K), 0.0022281 secs] [Times: user=0.01 sys=0.00, real=0.00 secs] 
2830.234: [GC (Allocation Failure) [PSYoungGen: 65376K->1408K(66048K)] 429308K->365340K(531968K), 0.0021200 secs] [Times: user=0.01 sys=0.00, real=0.01 secs] 
2830.524: [GC (Allocation Failure) [PSYoungGen: 65408K->1376K(66048K)] 429340K->365308K(531968K), 0.0020858 secs] [Times: user=0.00 sys=0.00, real=0.00 secs] 
2831.527: [GC (Allocation Failure) [PSYoungGen: 65376K->1408K(66048K)] 429308K->365348K(531968K), 0.0019420 secs] [Times: user=0.00 sys=0.00, real=0.00 secs] 
2831.806: [GC (Allocation Failure) [PSYoungGen: 65408K->1376K(66048K)] 429348K->365316K(531968K), 0.0020515 secs] [Times: user=0.01 sys=0.00, real=0.00 secs] 
2832.072: [GC (Allocation Failure) [PSYoungGen: 65376K->1360K(66048K)] 429316K->365300K(531968K), 0.0019890 secs] [Times: user=0.00 sys=0.00, real=0.00 secs] 
2832.338: [GC (Allocation Failure) [PSYoungGen: 65360K->1408K(66048K)] 429300K->365348K(531968K), 0.0020123 secs] [Times: user=0.01 sys=0.00, real=0.00 secs] 
2833.609: [GC (Allocation Failure) [PSYoungGen: 65408K->1376K(66048K)] 429348K->365316K(531968K), 0.0023177 secs] [Times: user=0.01 sys=0.00, real=0.00 secs] 
2835.023: [GC (Allocation Failure) [PSYoungGen: 65376K->1376K(66048K)] 429316K->365316K(531968K), 0.0038237 secs] [Times: user=0.01 sys=0.00, real=0.01 secs] 
2835.753: [GC (Allocation Failure) [PSYoungGen: 65376K->1376K(66048K)] 429316K->365324K(531968K), 0.0028390 secs] [Times: user=0.01 sys=0.00, real=0.00 secs] 
2836.389: [GC (Allocation Failure) [PSYoungGen: 65376K->1344K(66048K)] 429324K->365292K(531968K), 0.0028005 secs] [Times: user=0.01 sys=0.00, real=0.00 secs] 
2837.025: [GC (Allocation Failure) [PSYoungGen: 65344K->1376K(66048K)] 429292K->365324K(531968K), 0.0029620 secs] [Times: user=0.02 sys=0.00, real=0.01 secs] 
2838.397: [GC (Allocation Failure) [PSYoungGen: 65376K->1440K(66048K)] 429324K->365388K(531968K), 0.0027567 secs] [Times: user=0.01 sys=0.01, real=0.00 secs] 
2838.954: [GC (Allocation Failure) [PSYoungGen: 65440K->1376K(66048K)] 429388K->365324K(531968K), 0.0028734 secs] [Times: user=0.01 sys=0.00, real=0.01 secs] 
2839.495: [GC (Allocation Failure) [PSYoungGen: 65376K->1344K(66048K)] 429324K->365292K(531968K), 0.0028618 secs] [Times: user=0.01 sys=0.00, real=0.01 secs] 
2839.823: [GC (Allocation Failure) [PSYoungGen: 65344K->1344K(66048K)] 429292K->365292K(531968K), 0.0019760 secs] [Times: user=0.01 sys=0.00, real=0.00 secs] 
2840.894: [GC (Allocation Failure) [PSYoungGen: 65344K->1344K(66048K)] 429292K->365292K(531968K), 0.0018753 secs] [Times: user=0.01 sys=0.00, real=0.01 secs] 
2841.191: [GC (Allocation Failure) [PSYoungGen: 65344K->1376K(66048K)] 429292K->365324K(531968K), 0.0018731 secs] [Times: user=0.00 sys=0.00, real=0.00 secs] 
2841.584: [GC (Allocation Failure) [PSYoungGen: 65376K->1376K(66048K)] 429324K->365332K(531968K), 0.0020433 secs] [Times: user=0.01 sys=0.00, real=0.01 secs] 
2842.020: [GC (Allocation Failure) [PSYoungGen: 65376K->1312K(66048K)] 429332K->365268K(531968K), 0.0021750 secs] [Times: user=0.01 sys=0.00, real=0.00 secs] 
2843.215: [GC (Allocation Failure) [PSYoungGen: 65312K->1357K(65536K)] 429268K->365314K(531456K), 0.0017257 secs] [Times: user=0.01 sys=0.00, real=0.01 secs] 
2843.940: [GC (Allocation Failure) [PSYoungGen: 65357K->1392K(65536K)] 429314K->365348K(531456K), 0.0020159 secs] [Times: user=0.01 sys=0.00, real=0.00 secs] 
2844.453: [GC (Allocation Failure) [PSYoungGen: 65392K->1376K(65536K)] 429348K->365332K(531456K), 0.0033729 secs] [Times: user=0.02 sys=0.00, real=0.01 secs] 
2844.960: [GC (Allocation Failure) [PSYoungGen: 65376K->1376K(65536K)] 429332K->365332K(531456K), 0.0027860 secs] [Times: user=0.01 sys=0.00, real=0.00 secs] 
2845.452: [GC (Allocation Failure) [PSYoungGen: 65376K->1376K(65536K)] 429332K->365332K(531456K), 0.0027655 secs] [Times: user=0.01 sys=0.00, real=0.00 secs] 
2846.861: [GC (Allocation Failure) [PSYoungGen: 65376K->1408K(65536K)] 429332K->365364K(531456K), 0.0017468 secs] [Times: user=0.01 sys=0.00, real=0.00 secs] 
2847.449: [GC (Allocation Failure) [PSYoungGen: 65408K->1408K(65536K)] 429364K->365364K(531456K), 0.0026551 secs] [Times: user=0.01 sys=0.00, real=0.00 secs] 
2847.705: [GC (Allocation Failure) [PSYoungGen: 65408K->1376K(65536K)] 429364K->365332K(531456K), 0.0022909 secs] [Times: user=0.01 sys=0.00, real=0.01 secs] 
2847.971: [GC (Allocation Failure) [PSYoungGen: 65376K->1344K(65536K)] 429332K->365300K(531456K), 0.0019833 secs] [Times: user=0.01 sys=0.00, real=0.00 secs] 
2849.033: [GC (Allocation Failure) [PSYoungGen: 65344K->1408K(65536K)] 429300K->365364K(531456K), 0.0020003 secs] [Times: user=0.01 sys=0.00, real=0.00 secs] 
2849.304: [GC (Allocation Failure) [PSYoungGen: 65408K->1376K(65536K)] 429364K->365332K(531456K), 0.0023108 secs] [Times: user=0.01 sys=0.00, real=0.01 secs] 
2849.566: [GC (Allocation Failure) [PSYoungGen: 65376K->1344K(65536K)] 429332K->365300K(531456K), 0.0020520 secs] [Times: user=0.00 sys=0.00, real=0.00 secs] 
2849.832: [GC (Allocation Failure) [PSYoungGen: 65344K->1344K(65536K)] 429300K->365316K(531456K), 0.0020333 secs] [Times: user=0.01 sys=0.00, real=0.00 secs] 
2850.098: [GC (Allocation Failure) [PSYoungGen: 65344K->1376K(65536K)] 429316K->365348K(531456K), 0.0020120 secs] [Times: user=0.01 sys=0.00, real=0.00 secs] 
2851.755: [GC (Allocation Failure) [PSYoungGen: 65376K->1376K(65536K)] 429348K->365348K(531456K), 0.0034595 secs] [Times: user=0.02 sys=0.00, real=0.01 secs] 
2852.315: [GC (Allocation Failure) [PSYoungGen: 65376K->1312K(65536K)] 429348K->365284K(531456K), 0.0027013 secs] [Times: user=0.02 sys=0.00, real=0.01 secs] 
2852.842: [GC (Allocation Failure) [PSYoungGen: 65312K->1344K(65536K)] 429284K->365316K(531456K), 0.0025689 secs] [Times: user=0.02 sys=0.00, real=0.00 secs] 
2853.478: [GC (Allocation Failure) [PSYoungGen: 65344K->1392K(65536K)] 429316K->365364K(531456K), 0.0025490 secs] [Times: user=0.02 sys=0.00, real=0.00 secs] 
2854.929: [GC (Allocation Failure) [PSYoungGen: 65392K->1408K(65536K)] 429364K->365380K(531456K), 0.0020474 secs] [Times: user=0.01 sys=0.00, real=0.00 secs] 
2855.195: [GC (Allocation Failure) [PSYoungGen: 65408K->1376K(65536K)] 429380K->365348K(531456K), 0.0018468 secs] [Times: user=0.01 sys=0.00, real=0.01 secs] 
2855.483: [GC (Allocation Failure) [PSYoungGen: 65376K->1376K(65536K)] 429348K->365348K(531456K), 0.0018988 secs] [Times: user=0.01 sys=0.00, real=0.00 secs] 
2855.749: [GC (Allocation Failure) [PSYoungGen: 65376K->1344K(65536K)] 429348K->365316K(531456K), 0.0018835 secs] [Times: user=0.01 sys=0.00, real=0.00 secs] 
2856.030: [GC (Allocation Failure) [PSYoungGen: 65344K->1408K(65536K)] 429316K->365380K(531456K), 0.0017993 secs] [Times: user=0.01 sys=0.00, real=0.00 secs] 
2857.257: [GC (Allocation Failure) [PSYoungGen: 65408K->1408K(65536K)] 429380K->365380K(531456K), 0.0018230 secs] [Times: user=0.00 sys=0.00, real=0.00 secs] 
2857.866: [GC (Allocation Failure) [PSYoungGen: 65408K->1392K(65536K)] 429380K->365364K(531456K), 0.0029046 secs] [Times: user=0.01 sys=0.00, real=0.00 secs] 
2858.454: [GC (Allocation Failure) [PSYoungGen: 65392K->1408K(65536K)] 429364K->365380K(531456K), 0.0032011 secs] [Times: user=0.01 sys=0.00, real=0.01 secs] 
2859.063: [GC (Allocation Failure) [PSYoungGen: 65408K->1376K(65536K)] 429380K->365348K(531456K), 0.0027835 secs] [Times: user=0.01 sys=0.00, real=0.00 secs] 
2860.198: [GC (Allocation Failure) [PSYoungGen: 65376K->1376K(65536K)] 429348K->365348K(531456K), 0.0019189 secs] [Times: user=0.01 sys=0.00, real=0.00 secs] 
2860.867: [GC (Allocation Failure) [PSYoungGen: 65376K->1408K(65536K)] 429348K->365380K(531456K), 0.0024999 secs] [Times: user=0.02 sys=0.01, real=0.00 secs] 
2861.475: [GC (Allocation Failure) [PSYoungGen: 65408K->1408K(65536K)] 429380K->365396K(531456K), 0.0025237 secs] [Times: user=0.01 sys=0.00, real=0.01 secs] 
2862.216: [GC (Allocation Failure) [PSYoungGen: 65408K->1376K(65536K)] 429396K->365364K(531456K), 0.0027712 secs] [Times: user=0.01 sys=0.00, real=0.00 secs] 
2863.455: [GC (Allocation Failure) [PSYoungGen: 65376K->1408K(65536K)] 429364K->366421K(531456K), 0.0019278 secs] [Times: user=0.01 sys=0.01, real=0.01 secs] 
2864.069: [GC (Allocation Failure) [PSYoungGen: 65408K->1376K(65536K)] 430421K->366389K(531456K), 0.0023435 secs] [Times: user=0.00 sys=0.00, real=0.00 secs] 
2864.576: [GC (Allocation Failure) [PSYoungGen: 65376K->1312K(65536K)] 430389K->366325K(531456K), 0.0025365 secs] [Times: user=0.02 sys=0.00, real=0.00 secs] 
2865.074: [GC (Allocation Failure) [PSYoungGen: 65312K->1344K(65536K)] 430325K->366357K(531456K), 0.0025391 secs] [Times: user=0.01 sys=0.00, real=0.01 secs] 
2865.565: [GC (Allocation Failure) [PSYoungGen: 65344K->1376K(65536K)] 430357K->366389K(531456K), 0.0022493 secs] [Times: user=0.01 sys=0.00, real=0.01 secs] 
2866.638: [GC (Allocation Failure) [PSYoungGen: 65376K->1440K(65536K)] 430389K->366453K(531456K), 0.0018843 secs] [Times: user=0.01 sys=0.00, real=0.00 secs] 
2866.904: [GC (Allocation Failure) [PSYoungGen: 65440K->1360K(65536K)] 430453K->366373K(531456K), 0.0019859 secs] [Times: user=0.01 sys=0.00, real=0.01 secs] 
2867.170: [GC (Allocation Failure) [PSYoungGen: 65360K->1376K(65536K)] 430373K->366389K(531456K), 0.0018257 secs] [Times: user=0.01 sys=0.00, real=0.00 secs] 
2867.463: [GC (Allocation Failure) [PSYoungGen: 65376K->1376K(65536K)] 430389K->366389K(531456K), 0.0020481 secs] [Times: user=0.00 sys=0.00, real=0.00 secs] 
2868.537: [GC (Allocation Failure) [PSYoungGen: 65376K->1344K(65536K)] 430389K->366357K(531456K), 0.0018752 secs] [Times: user=0.01 sys=0.00, real=0.00 secs] 
2869.182: [GC (Allocation Failure) [PSYoungGen: 65344K->1360K(65536K)] 430357K->366373K(531456K), 0.0021211 secs] [Times: user=0.01 sys=0.00, real=0.00 secs] 
2869.809: [GC (Allocation Failure) [PSYoungGen: 65360K->1376K(65536K)] 430373K->366389K(531456K), 0.0025435 secs] [Times: user=0.01 sys=0.00, real=0.00 secs] 
2870.342: [GC (Allocation Failure) [PSYoungGen: 65376K->1376K(65536K)] 430389K->366389K(531456K), 0.0022449 secs] [Times: user=0.01 sys=0.00, real=0.00 secs] 
2870.933: [GC (Allocation Failure) [PSYoungGen: 65376K->1328K(65536K)] 430389K->366373K(531456K), 0.0025371 secs] [Times: user=0.01 sys=0.00, real=0.01 secs] 
2872.391: [GC (Allocation Failure) [PSYoungGen: 65328K->1408K(65536K)] 430373K->366453K(531456K), 0.0029424 secs] [Times: user=0.01 sys=0.00, real=0.00 secs] 
2872.980: [GC (Allocation Failure) [PSYoungGen: 65408K->1376K(65536K)] 430453K->366421K(531456K), 0.0034074 secs] [Times: user=0.01 sys=0.00, real=0.00 secs] 
2873.444: [GC (Allocation Failure) [PSYoungGen: 65376K->1344K(65536K)] 430421K->366389K(531456K), 0.0028079 secs] [Times: user=0.01 sys=0.00, real=0.01 secs] 
2873.995: [GC (Allocation Failure) [PSYoungGen: 65344K->1408K(65536K)] 430389K->366453K(531456K), 0.0025518 secs] [Times: user=0.01 sys=0.00, real=0.01 secs] 
2875.465: [GC (Allocation Failure) [PSYoungGen: 65408K->1408K(65536K)] 430453K->366453K(531456K), 0.0019852 secs] [Times: user=0.00 sys=0.00, real=0.01 secs] 
2876.185: [GC (Allocation Failure) [PSYoungGen: 65408K->1344K(65536K)] 430453K->366389K(531456K), 0.0023024 secs] [Times: user=0.01 sys=0.00, real=0.01 secs] 
2876.903: [GC (Allocation Failure) [PSYoungGen: 65344K->1376K(65536K)] 430389K->366421K(531456K), 0.0042365 secs] [Times: user=0.02 sys=0.00, real=0.01 secs] 
2877.729: [GC (Allocation Failure) [PSYoungGen: 65376K->1408K(65536K)] 430421K->366453K(531456K), 0.0033788 secs] [Times: user=0.02 sys=0.00, real=0.00 secs] 
2879.144: [GC (Allocation Failure) [PSYoungGen: 65408K->1440K(65536K)] 430453K->366485K(531456K), 0.0017997 secs] [Times: user=0.00 sys=0.00, real=0.00 secs] 
2879.758: [GC (Allocation Failure) [PSYoungGen: 65440K->1408K(65536K)] 430485K->366453K(531456K), 0.0042238 secs] [Times: user=0.02 sys=0.00, real=0.00 secs] 
2880.573: [GC (Allocation Failure) [PSYoungGen: 65408K->1376K(65536K)] 430453K->366421K(531456K), 0.0031579 secs] [Times: user=0.02 sys=0.01, real=0.01 secs] 
2881.359: [GC (Allocation Failure) [PSYoungGen: 65376K->1344K(65536K)] 430421K->366389K(531456K), 0.0031846 secs] [Times: user=0.01 sys=0.00, real=0.00 secs] 
2882.021: [GC (Allocation Failure) [PSYoungGen: 65344K->1344K(65536K)] 430389K->366389K(531456K), 0.0032365 secs] [Times: user=0.01 sys=0.00, real=0.00 secs] 
2883.624: [GC (Allocation Failure) [PSYoungGen: 65344K->1408K(65536K)] 430389K->366453K(531456K), 0.0040357 secs] [Times: user=0.02 sys=0.01, real=0.01 secs] 
2884.532: [GC (Allocation Failure) [PSYoungGen: 65408K->1408K(65536K)] 430453K->366453K(531456K), 0.0043051 secs] [Times: user=0.02 sys=0.00, real=0.01 secs] 
2885.285: [GC (Allocation Failure) [PSYoungGen: 65408K->1312K(65536K)] 430453K->366373K(531456K), 0.0030927 secs] [Times: user=0.02 sys=0.00, real=0.01 secs] 
2885.965: [GC (Allocation Failure) [PSYoungGen: 65312K->1376K(65536K)] 430373K->366437K(531456K), 0.0052666 secs] [Times: user=0.01 sys=0.00, real=0.01 secs] 
2887.461: [GC (Allocation Failure) [PSYoungGen: 65376K->1424K(65536K)] 430437K->366485K(531456K), 0.0032436 secs] [Times: user=0.01 sys=0.00, real=0.00 secs] 
2889.244: [GC (Allocation Failure) [PSYoungGen: 65424K->1392K(65536K)] 430485K->366453K(531456K), 0.0040284 secs] [Times: user=0.02 sys=0.00, real=0.01 secs] 
2890.130: [GC (Allocation Failure) [PSYoungGen: 65392K->1408K(65536K)] 430453K->366469K(531456K), 0.0031855 secs] [Times: user=0.02 sys=0.00, real=0.00 secs] 
2890.667: [GC (Allocation Failure) [PSYoungGen: 65408K->1392K(65536K)] 430469K->366453K(531456K), 0.0028258 secs] [Times: user=0.02 sys=0.00, real=0.00 secs] 
2891.427: [GC (Allocation Failure) [PSYoungGen: 65392K->1376K(65536K)] 430453K->366437K(531456K), 0.0028097 secs] [Times: user=0.01 sys=0.00, real=0.00 secs] 
2892.857: [GC (Allocation Failure) [PSYoungGen: 65376K->1424K(65536K)] 430437K->366485K(531456K), 0.0041288 secs] [Times: user=0.01 sys=0.00, real=0.00 secs] 
2893.347: [GC (Allocation Failure) [PSYoungGen: 65424K->1360K(65536K)] 430485K->366421K(531456K), 0.0039829 secs] [Times: user=0.02 sys=0.00, real=0.00 secs] 
2893.875: [GC (Allocation Failure) [PSYoungGen: 65360K->1408K(65536K)] 430421K->366469K(531456K), 0.0027145 secs] [Times: user=0.02 sys=0.00, real=0.01 secs] 
2894.574: [GC (Allocation Failure) [PSYoungGen: 65408K->1360K(65536K)] 430469K->366421K(531456K), 0.0028948 secs] [Times: user=0.02 sys=0.00, real=0.01 secs] 
2895.904: [GC (Allocation Failure) [PSYoungGen: 65360K->1376K(65536K)] 430421K->366461K(531456K), 0.0018141 secs] [Times: user=0.01 sys=0.00, real=0.00 secs] 
2896.169: [GC (Allocation Failure) [PSYoungGen: 65376K->1392K(65536K)] 430461K->366477K(531456K), 0.0018096 secs] [Times: user=0.01 sys=0.00, real=0.00 secs] 
2896.435: [GC (Allocation Failure) [PSYoungGen: 65392K->1408K(65536K)] 430477K->366493K(531456K), 0.0017940 secs] [Times: user=0.01 sys=0.00, real=0.01 secs] 
2896.708: [GC (Allocation Failure) [PSYoungGen: 65408K->1376K(65536K)] 430493K->366461K(531456K), 0.0032572 secs] [Times: user=0.02 sys=0.00, real=0.00 secs] 
2896.976: [GC (Allocation Failure) [PSYoungGen: 65376K->1376K(65536K)] 430461K->366461K(531456K), 0.0020943 secs] [Times: user=0.01 sys=0.00, real=0.00 secs] 
2898.734: [GC (Allocation Failure) [PSYoungGen: 65376K->1408K(65536K)] 430461K->366493K(531456K), 0.0042010 secs] [Times: user=0.02 sys=0.00, real=0.01 secs] 
2899.060: [GC (Allocation Failure) [PSYoungGen: 65408K->1312K(65536K)] 430493K->366405K(531456K), 0.0020539 secs] [Times: user=0.00 sys=0.00, real=0.00 secs] 
2899.654: [GC (Allocation Failure) [PSYoungGen: 65312K->1376K(65536K)] 430405K->366477K(531456K), 0.0028531 secs] [Times: user=0.02 sys=0.00, real=0.01 secs] 
2900.182: [GC (Allocation Failure) [PSYoungGen: 65376K->1376K(65536K)] 430477K->366485K(531456K), 0.0033876 secs] [Times: user=0.02 sys=0.00, real=0.00 secs] 
2901.341: [GC (Allocation Failure) [PSYoungGen: 65376K->1408K(65536K)] 430485K->366517K(531456K), 0.0018422 secs] [Times: user=0.01 sys=0.00, real=0.00 secs] 
2901.606: [GC (Allocation Failure) [PSYoungGen: 65408K->1392K(65536K)] 430517K->366509K(531456K), 0.0018470 secs] [Times: user=0.01 sys=0.00, real=0.00 secs] 
2902.113: [GC (Allocation Failure) [PSYoungGen: 65392K->1408K(65536K)] 430509K->366525K(531456K), 0.0019374 secs] [Times: user=0.00 sys=0.00, real=0.00 secs] 
2902.614: [GC (Allocation Failure) [PSYoungGen: 65408K->1408K(65536K)] 430525K->366525K(531456K), 0.0023428 secs] [Times: user=0.01 sys=0.00, real=0.01 secs] 
2903.870: [GC (Allocation Failure) [PSYoungGen: 65408K->896K(65536K)] 430525K->367045K(531456K), 0.0019259 secs] [Times: user=0.01 sys=0.00, real=0.00 secs] 
2904.166: [GC (Allocation Failure) [PSYoungGen: 64896K->384K(65024K)] 431045K->366533K(530944K), 0.0021614 secs] [Times: user=0.01 sys=0.00, real=0.01 secs] 
2904.434: [GC (Allocation Failure) [PSYoungGen: 63872K->352K(65536K)] 430021K->366501K(531456K), 0.0019646 secs] [Times: user=0.00 sys=0.00, real=0.00 secs] 
2904.755: [GC (Allocation Failure) [PSYoungGen: 63840K->320K(65536K)] 429989K->366469K(531456K), 0.0019279 secs] [Times: user=0.01 sys=0.00, real=0.01 secs] 
2905.018: [GC (Allocation Failure) [PSYoungGen: 63808K->320K(65536K)] 429957K->366469K(531456K), 0.0019039 secs] [Times: user=0.01 sys=0.00, real=0.00 secs] 
2906.059: [GC (Allocation Failure) [PSYoungGen: 63808K->1376K(65536K)] 429957K->367525K(531456K), 0.0020397 secs] [Times: user=0.01 sys=0.00, real=0.00 secs] 
2906.323: [GC (Allocation Failure) [PSYoungGen: 64864K->1344K(65536K)] 431013K->367493K(531456K), 0.0020025 secs] [Times: user=0.01 sys=0.00, real=0.00 secs] 
2906.640: [GC (Allocation Failure) [PSYoungGen: 64832K->1408K(65536K)] 430981K->367557K(531456K), 0.0019550 secs] [Times: user=0.01 sys=0.00, real=0.00 secs] 
2906.904: [GC (Allocation Failure) [PSYoungGen: 64896K->1344K(65536K)] 431045K->367493K(531456K), 0.0021200 secs] [Times: user=0.00 sys=0.00, real=0.01 secs] 
2907.951: [GC (Allocation Failure) [PSYoungGen: 64832K->1360K(65536K)] 430981K->367509K(531456K), 0.0019609 secs] [Times: user=0.01 sys=0.00, real=0.00 secs] 
2908.552: [GC (Allocation Failure) [PSYoungGen: 64848K->1376K(65536K)] 430997K->367525K(531456K), 0.0020456 secs] [Times: user=0.01 sys=0.00, real=0.00 secs] 
2909.219: [GC (Allocation Failure) [PSYoungGen: 64864K->1408K(65536K)] 431013K->367581K(531456K), 0.0030361 secs] [Times: user=0.02 sys=0.00, real=0.00 secs] 
2909.711: [GC (Allocation Failure) [PSYoungGen: 64896K->1344K(65536K)] 431069K->367517K(531456K), 0.0029519 secs] [Times: user=0.02 sys=0.00, real=0.00 secs] 
2910.245: [GC (Allocation Failure) [PSYoungGen: 64832K->1408K(65536K)] 431005K->367581K(531456K), 0.0025244 secs] [Times: user=0.01 sys=0.00, real=0.01 secs] 
2911.313: [GC (Allocation Failure) [PSYoungGen: 64896K->1376K(65536K)] 431069K->367549K(531456K), 0.0018068 secs] [Times: user=0.01 sys=0.00, real=0.00 secs] 
2911.577: [GC (Allocation Failure) [PSYoungGen: 64864K->1376K(65536K)] 431037K->367557K(531456K), 0.0018534 secs] [Times: user=0.01 sys=0.00, real=0.00 secs] 
2911.841: [GC (Allocation Failure) [PSYoungGen: 64864K->1376K(65536K)] 431045K->367557K(531456K), 0.0019161 secs] [Times: user=0.00 sys=0.00, real=0.00 secs] 
2912.105: [GC (Allocation Failure) [PSYoungGen: 64864K->1376K(65536K)] 431045K->367557K(531456K), 0.0019754 secs] [Times: user=0.01 sys=0.00, real=0.01 secs] 
2913.062: [GC (Allocation Failure) [PSYoungGen: 64864K->1408K(65536K)] 431045K->367589K(531456K), 0.0016528 secs] [Times: user=0.00 sys=0.00, real=0.00 secs] 
2913.384: [GC (Allocation Failure) [PSYoungGen: 64896K->1376K(65536K)] 431077K->367557K(531456K), 0.0016672 secs] [Times: user=0.01 sys=0.00, real=0.00 secs] 
2913.851: [GC (Allocation Failure) [PSYoungGen: 64864K->1344K(65536K)] 431045K->367525K(531456K), 0.0027000 secs] [Times: user=0.01 sys=0.00, real=0.00 secs] 
2914.354: [GC (Allocation Failure) [PSYoungGen: 64832K->1376K(65536K)] 431013K->367557K(531456K), 0.0029003 secs] [Times: user=0.01 sys=0.00, real=0.01 secs] 
2914.945: [GC (Allocation Failure) [PSYoungGen: 64864K->1360K(65536K)] 431045K->367541K(531456K), 0.0022660 secs] [Times: user=0.01 sys=0.00, real=0.01 secs] 
2916.269: [GC (Allocation Failure) [PSYoungGen: 64848K->1376K(65536K)] 431029K->367557K(531456K), 0.0032613 secs] [Times: user=0.02 sys=0.00, real=0.00 secs] 
2916.795: [GC (Allocation Failure) [PSYoungGen: 64864K->1344K(65536K)] 431045K->367525K(531456K), 0.0033255 secs] [Times: user=0.02 sys=0.00, real=0.01 secs] 
2917.290: [GC (Allocation Failure) [PSYoungGen: 64832K->1376K(65536K)] 431013K->367557K(531456K), 0.0023914 secs] [Times: user=0.01 sys=0.00, real=0.00 secs] 
2917.583: [GC (Allocation Failure) [PSYoungGen: 64864K->1376K(65536K)] 431045K->367557K(531456K), 0.0022172 secs] [Times: user=0.01 sys=0.00, real=0.00 secs] 
2918.932: [GC (Allocation Failure) [PSYoungGen: 64864K->1376K(65536K)] 431045K->367557K(531456K), 0.0041073 secs] [Times: user=0.02 sys=0.00, real=0.00 secs] 
2919.836: [GC (Allocation Failure) [PSYoungGen: 64864K->1376K(65536K)] 431045K->367557K(531456K), 0.0041045 secs] [Times: user=0.02 sys=0.01, real=0.01 secs] 
2920.461: [GC (Allocation Failure) [PSYoungGen: 64864K->1376K(65536K)] 431045K->367581K(531456K), 0.0029631 secs] [Times: user=0.02 sys=0.00, real=0.00 secs] 
2921.025: [GC (Allocation Failure) [PSYoungGen: 64864K->1392K(65536K)] 431069K->367597K(531456K), 0.0030301 secs] [Times: user=0.02 sys=0.00, real=0.01 secs] 
2922.227: [GC (Allocation Failure) [PSYoungGen: 64880K->1440K(65536K)] 431085K->367645K(531456K), 0.0016635 secs] [Times: user=0.01 sys=0.00, real=0.00 secs] 
2922.514: [GC (Allocation Failure) [PSYoungGen: 64928K->1376K(65536K)] 431133K->367581K(531456K), 0.0018670 secs] [Times: user=0.00 sys=0.00, real=0.00 secs] 
2922.871: [GC (Allocation Failure) [PSYoungGen: 64864K->1376K(65536K)] 431069K->367581K(531456K), 0.0019562 secs] [Times: user=0.01 sys=0.00, real=0.00 secs] 
2923.313: [GC (Allocation Failure) [PSYoungGen: 64864K->1376K(65536K)] 431069K->367581K(531456K), 0.0035325 secs] [Times: user=0.01 sys=0.00, real=0.01 secs] 
2923.843: [GC (Allocation Failure) [PSYoungGen: 64864K->1376K(65536K)] 431069K->367581K(531456K), 0.0032703 secs] [Times: user=0.01 sys=0.00, real=0.01 secs] 
2924.984: [GC (Allocation Failure) [PSYoungGen: 64864K->1344K(65024K)] 431069K->367549K(530944K), 0.0018146 secs] [Times: user=0.01 sys=0.00, real=0.01 secs] 
2925.319: [GC (Allocation Failure) [PSYoungGen: 64832K->1408K(65024K)] 431037K->367613K(530944K), 0.0018945 secs] [Times: user=0.01 sys=0.01, real=0.00 secs] 
2925.583: [GC (Allocation Failure) [PSYoungGen: 64896K->1360K(65024K)] 431101K->367565K(530944K), 0.0018297 secs] [Times: user=0.01 sys=0.00, real=0.00 secs] 
2925.857: [GC (Allocation Failure) [PSYoungGen: 64848K->1376K(65024K)] 431053K->367581K(530944K), 0.0017863 secs] [Times: user=0.01 sys=0.00, real=0.00 secs] 
2927.220: [GC (Allocation Failure) [PSYoungGen: 64864K->896K(65024K)] 431069K->368125K(530944K), 0.0045762 secs] [Times: user=0.02 sys=0.00, real=0.00 secs] 
2929.073: [GC (Allocation Failure) [PSYoungGen: 64384K->352K(65536K)] 431613K->367581K(531456K), 0.0039070 secs] [Times: user=0.01 sys=0.00, real=0.01 secs] 
2929.614: [GC (Allocation Failure) [PSYoungGen: 63840K->384K(65536K)] 431069K->367613K(531456K), 0.0032117 secs] [Times: user=0.01 sys=0.00, real=0.01 secs] 
2930.035: [GC (Allocation Failure) [PSYoungGen: 63872K->352K(65536K)] 431101K->367581K(531456K), 0.0020641 secs] [Times: user=0.01 sys=0.00, real=0.01 secs] 
2930.299: [GC (Allocation Failure) [PSYoungGen: 63840K->320K(65536K)] 431069K->367549K(531456K), 0.0020567 secs] [Times: user=0.01 sys=0.00, real=0.00 secs] 
2932.246: [GC (Allocation Failure) [PSYoungGen: 63808K->1424K(65536K)] 431037K->368653K(531456K), 0.0042103 secs] [Times: user=0.02 sys=0.00, real=0.00 secs] 
2932.918: [GC (Allocation Failure) [PSYoungGen: 64912K->1376K(65536K)] 432141K->368613K(531456K), 0.0026352 secs] [Times: user=0.02 sys=0.00, real=0.00 secs] 
2933.412: [GC (Allocation Failure) [PSYoungGen: 64864K->1376K(65536K)] 432101K->368613K(531456K), 0.0024669 secs] [Times: user=0.01 sys=0.00, real=0.00 secs] 
2933.804: [GC (Allocation Failure) [PSYoungGen: 64864K->1376K(65536K)] 432101K->368613K(531456K), 0.0023253 secs] [Times: user=0.01 sys=0.00, real=0.00 secs] 
2935.072: [GC (Allocation Failure) [PSYoungGen: 64864K->1408K(65024K)] 432101K->368645K(530944K), 0.0019244 secs] [Times: user=0.00 sys=0.00, real=0.00 secs] 
2935.334: [GC (Allocation Failure) [PSYoungGen: 64384K->1376K(65536K)] 431621K->368613K(531456K), 0.0019220 secs] [Times: user=0.01 sys=0.00, real=0.00 secs] 
2935.596: [GC (Allocation Failure) [PSYoungGen: 64352K->1328K(64512K)] 431589K->368565K(530432K), 0.0018662 secs] [Times: user=0.01 sys=0.00, real=0.00 secs] 
2935.898: [GC (Allocation Failure) [PSYoungGen: 64304K->1360K(65024K)] 431541K->368597K(530944K), 0.0017472 secs] [Times: user=0.01 sys=0.00, real=0.00 secs] 
2936.168: [GC (Allocation Failure) [PSYoungGen: 64336K->1408K(65024K)] 431573K->368645K(530944K), 0.0022384 secs] [Times: user=0.01 sys=0.00, real=0.00 secs] 
2937.314: [GC (Allocation Failure) [PSYoungGen: 64384K->1408K(65024K)] 431621K->368645K(530944K), 0.0025181 secs] [Times: user=0.01 sys=0.00, real=0.01 secs] 
2937.589: [GC (Allocation Failure) [PSYoungGen: 64384K->1376K(65024K)] 431621K->368613K(530944K), 0.0020264 secs] [Times: user=0.00 sys=0.00, real=0.00 secs] 
2937.983: [GC (Allocation Failure) [PSYoungGen: 64352K->1344K(65024K)] 431589K->368581K(530944K), 0.0027111 secs] [Times: user=0.02 sys=0.00, real=0.00 secs] 
2938.625: [GC (Allocation Failure) [PSYoungGen: 64320K->1376K(65024K)] 431557K->368613K(530944K), 0.0036116 secs] [Times: user=0.01 sys=0.00, real=0.01 secs] 
2940.002: [GC (Allocation Failure) [PSYoungGen: 64352K->1440K(65024K)] 431589K->368677K(530944K), 0.0017492 secs] [Times: user=0.00 sys=0.00, real=0.00 secs] 
2940.506: [GC (Allocation Failure) [PSYoungGen: 64416K->1344K(65024K)] 431653K->368581K(530944K), 0.0018586 secs] [Times: user=0.01 sys=0.00, real=0.00 secs] 
2941.023: [GC (Allocation Failure) [PSYoungGen: 64320K->1344K(65024K)] 431557K->368613K(530944K), 0.0023634 secs] [Times: user=0.01 sys=0.00, real=0.00 secs] 
2941.611: [GC (Allocation Failure) [PSYoungGen: 64320K->1376K(65024K)] 431589K->368645K(530944K), 0.0039516 secs] [Times: user=0.01 sys=0.00, real=0.00 secs] 
2942.226: [GC (Allocation Failure) [PSYoungGen: 64352K->1344K(65024K)] 431621K->368613K(530944K), 0.0041496 secs] [Times: user=0.01 sys=0.00, real=0.00 secs] 
2943.469: [GC (Allocation Failure) [PSYoungGen: 64320K->1408K(65024K)] 431589K->368677K(530944K), 0.0020101 secs] [Times: user=0.01 sys=0.00, real=0.00 secs] 
2944.085: [GC (Allocation Failure) [PSYoungGen: 64384K->1376K(65024K)] 431653K->368645K(530944K), 0.0030790 secs] [Times: user=0.01 sys=0.00, real=0.01 secs] 
2944.742: [GC (Allocation Failure) [PSYoungGen: 64352K->1376K(65024K)] 431621K->368645K(530944K), 0.0034071 secs] [Times: user=0.01 sys=0.00, real=0.00 secs] 
2945.451: [GC (Allocation Failure) [PSYoungGen: 64352K->1376K(65024K)] 431621K->368645K(530944K), 0.0043042 secs] [Times: user=0.02 sys=0.00, real=0.00 secs] 
2946.965: [GC (Allocation Failure) [PSYoungGen: 64352K->1408K(65024K)] 431621K->368677K(530944K), 0.0021283 secs] [Times: user=0.01 sys=0.00, real=0.01 secs] 
2947.394: [GC (Allocation Failure) [PSYoungGen: 64384K->1376K(65024K)] 431653K->368645K(530944K), 0.0020019 secs] [Times: user=0.01 sys=0.00, real=0.01 secs] 
2947.895: [GC (Allocation Failure) [PSYoungGen: 64352K->1344K(65024K)] 431621K->368613K(530944K), 0.0020688 secs] [Times: user=0.01 sys=0.00, real=0.01 secs] 
2948.359: [GC (Allocation Failure) [PSYoungGen: 64320K->1344K(65024K)] 431589K->368613K(530944K), 0.0032241 secs] [Times: user=0.01 sys=0.00, real=0.00 secs] 
2948.899: [GC (Allocation Failure) [PSYoungGen: 64320K->1376K(65024K)] 431589K->368645K(530944K), 0.0028295 secs] [Times: user=0.01 sys=0.00, real=0.00 secs] 
2949.938: [GC (Allocation Failure) [PSYoungGen: 64352K->1376K(65024K)] 431621K->368645K(530944K), 0.0017675 secs] [Times: user=0.01 sys=0.00, real=0.00 secs] 
2950.199: [GC (Allocation Failure) [PSYoungGen: 64352K->1376K(65024K)] 431621K->368661K(530944K), 0.0016675 secs] [Times: user=0.01 sys=0.00, real=0.00 secs] 
2950.591: [GC (Allocation Failure) [PSYoungGen: 64352K->1376K(65024K)] 431637K->368661K(530944K), 0.0018233 secs] [Times: user=0.00 sys=0.00, real=0.00 secs] 
2951.107: [GC (Allocation Failure) [PSYoungGen: 64352K->1312K(64512K)] 431637K->368597K(530432K), 0.0028268 secs] [Times: user=0.01 sys=0.00, real=0.00 secs] 
2952.319: [GC (Allocation Failure) [PSYoungGen: 64288K->1376K(64512K)] 431573K->368669K(530432K), 0.0018981 secs] [Times: user=0.01 sys=0.00, real=0.00 secs] 
2952.601: [GC (Allocation Failure) [PSYoungGen: 64352K->352K(64000K)] 431645K->368669K(529920K), 0.0019288 secs] [Times: user=0.01 sys=0.00, real=0.00 secs] 
2953.043: [GC (Allocation Failure) [PSYoungGen: 63328K->288K(65024K)] 431645K->368605K(530944K), 0.0020934 secs] [Times: user=0.00 sys=0.00, real=0.00 secs] 
2953.559: [GC (Allocation Failure) [PSYoungGen: 63264K->288K(65024K)] 431581K->368605K(530944K), 0.0022162 secs] [Times: user=0.01 sys=0.00, real=0.00 secs] 
2954.143: [GC (Allocation Failure) [PSYoungGen: 63264K->352K(65024K)] 431581K->368669K(530944K), 0.0041278 secs] [Times: user=0.02 sys=0.00, real=0.01 secs] 
2955.330: [GC (Allocation Failure) [PSYoungGen: 63328K->1392K(65024K)] 431645K->369709K(530944K), 0.0017751 secs] [Times: user=0.01 sys=0.00, real=0.00 secs] 
2955.591: [GC (Allocation Failure) [PSYoungGen: 64368K->1344K(65024K)] 432685K->369661K(530944K), 0.0018056 secs] [Times: user=0.00 sys=0.00, real=0.00 secs] 
2955.901: [GC (Allocation Failure) [PSYoungGen: 64320K->1376K(65024K)] 432637K->369693K(530944K), 0.0018193 secs] [Times: user=0.01 sys=0.00, real=0.00 secs] 
2956.419: [GC (Allocation Failure) [PSYoungGen: 64352K->1376K(65024K)] 432669K->369693K(530944K), 0.0032473 secs] [Times: user=0.02 sys=0.00, real=0.00 secs] 
2958.022: [GC (Allocation Failure) [PSYoungGen: 64352K->1440K(64512K)] 432669K->369757K(530432K), 0.0024180 secs] [Times: user=0.01 sys=0.00, real=0.00 secs] 
2958.969: [GC (Allocation Failure) [PSYoungGen: 63904K->1408K(65024K)] 432221K->369725K(530944K), 0.0024323 secs] [Times: user=0.01 sys=0.00, real=0.00 secs] 
2959.857: [GC (Allocation Failure) [PSYoungGen: 63872K->1376K(64000K)] 432189K->369693K(529920K), 0.0040729 secs] [Times: user=0.01 sys=0.00, real=0.00 secs] 
2960.620: [GC (Allocation Failure) [PSYoungGen: 63840K->1344K(64512K)] 432157K->369661K(530432K), 0.0038891 secs] [Times: user=0.02 sys=0.00, real=0.00 secs] 
2961.734: [GC (Allocation Failure) [PSYoungGen: 63808K->1344K(64512K)] 432125K->369661K(530432K), 0.0039312 secs] [Times: user=0.02 sys=0.00, real=0.01 secs] 
2963.011: [GC (Allocation Failure) [PSYoungGen: 63808K->1408K(64512K)] 432125K->369733K(530432K), 0.0018706 secs] [Times: user=0.01 sys=0.00, real=0.00 secs] 
2963.296: [GC (Allocation Failure) [PSYoungGen: 63872K->1376K(64512K)] 432197K->369701K(530432K), 0.0017900 secs] [Times: user=0.01 sys=0.00, real=0.01 secs] 
2963.555: [GC (Allocation Failure) [PSYoungGen: 63840K->1376K(64512K)] 432165K->369701K(530432K), 0.0019023 secs] [Times: user=0.01 sys=0.00, real=0.01 secs] 
2963.814: [GC (Allocation Failure) [PSYoungGen: 63840K->1376K(64512K)] 432165K->369701K(530432K), 0.0018695 secs] [Times: user=0.00 sys=0.00, real=0.01 secs] 
2964.809: [GC (Allocation Failure) [PSYoungGen: 63840K->1408K(64512K)] 432165K->369733K(530432K), 0.0017710 secs] [Times: user=0.00 sys=0.00, real=0.00 secs] 
2965.289: [GC (Allocation Failure) [PSYoungGen: 63872K->1376K(64512K)] 432197K->369701K(530432K), 0.0018342 secs] [Times: user=0.01 sys=0.00, real=0.00 secs] 
2965.774: [GC (Allocation Failure) [PSYoungGen: 63840K->1376K(64512K)] 432165K->369701K(530432K), 0.0018650 secs] [Times: user=0.01 sys=0.00, real=0.00 secs] 
2966.287: [GC (Allocation Failure) [PSYoungGen: 63840K->1344K(64512K)] 432165K->369669K(530432K), 0.0019036 secs] [Times: user=0.01 sys=0.00, real=0.00 secs] 
2966.686: [GC (Allocation Failure) [PSYoungGen: 63808K->1376K(64512K)] 432133K->369701K(530432K), 0.0018655 secs] [Times: user=0.01 sys=0.00, real=0.01 secs] 
2967.952: [GC (Allocation Failure) [PSYoungGen: 63840K->1408K(64512K)] 432165K->369733K(530432K), 0.0017965 secs] [Times: user=0.01 sys=0.00, real=0.00 secs] 
2968.537: [GC (Allocation Failure) [PSYoungGen: 63872K->1360K(64512K)] 432197K->369685K(530432K), 0.0042623 secs] [Times: user=0.01 sys=0.00, real=0.00 secs] 
2969.094: [GC (Allocation Failure) [PSYoungGen: 63824K->1376K(64512K)] 432149K->369701K(530432K), 0.0025916 secs] [Times: user=0.01 sys=0.00, real=0.01 secs] 
2969.600: [GC (Allocation Failure) [PSYoungGen: 63840K->1392K(64512K)] 432165K->369717K(530432K), 0.0025874 secs] [Times: user=0.01 sys=0.01, real=0.00 secs] 
2970.741: [GC (Allocation Failure) [PSYoungGen: 63856K->1392K(64512K)] 432181K->369717K(530432K), 0.0018203 secs] [Times: user=0.01 sys=0.00, real=0.00 secs] 
2971.387: [GC (Allocation Failure) [PSYoungGen: 63856K->1376K(64512K)] 432181K->369717K(530432K), 0.0040772 secs] [Times: user=0.01 sys=0.00, real=0.00 secs] 
2971.953: [GC (Allocation Failure) [PSYoungGen: 63840K->1344K(64512K)] 432181K->369685K(530432K), 0.0031885 secs] [Times: user=0.01 sys=0.00, real=0.00 secs] 
2972.433: [GC (Allocation Failure) [PSYoungGen: 63808K->1376K(64512K)] 432149K->369717K(530432K), 0.0025199 secs] [Times: user=0.01 sys=0.00, real=0.00 secs] 
2973.044: [GC (Allocation Failure) [PSYoungGen: 63840K->1376K(64512K)] 432181K->369717K(530432K), 0.0030032 secs] [Times: user=0.01 sys=0.00, real=0.01 secs] 
2974.462: [GC (Allocation Failure) [PSYoungGen: 63840K->1408K(64512K)] 432181K->369749K(530432K), 0.0019598 secs] [Times: user=0.00 sys=0.00, real=0.00 secs] 
2974.806: [GC (Allocation Failure) [PSYoungGen: 63872K->1408K(64512K)] 432213K->369749K(530432K), 0.0020209 secs] [Times: user=0.00 sys=0.00, real=0.01 secs] 
2975.066: [GC (Allocation Failure) [PSYoungGen: 63872K->1344K(64512K)] 432213K->369685K(530432K), 0.0021703 secs] [Times: user=0.01 sys=0.00, real=0.01 secs] 
2975.325: [GC (Allocation Failure) [PSYoungGen: 63808K->1376K(64512K)] 432149K->369717K(530432K), 0.0020377 secs] [Times: user=0.01 sys=0.00, real=0.01 secs] 
2976.424: [GC (Allocation Failure) [PSYoungGen: 63840K->1408K(64512K)] 432181K->369749K(530432K), 0.0019066 secs] [Times: user=0.00 sys=0.00, real=0.00 secs] 
2977.776: [GC (Allocation Failure) [PSYoungGen: 63872K->1376K(64000K)] 432213K->369717K(529920K), 0.0029025 secs] [Times: user=0.01 sys=0.00, real=0.00 secs] 
2979.219: [GC (Allocation Failure) [PSYoungGen: 63840K->1344K(64000K)] 432181K->369685K(529920K), 0.0033855 secs] [Times: user=0.01 sys=0.00, real=0.00 secs] 
2979.915: [GC (Allocation Failure) [PSYoungGen: 63808K->320K(63488K)] 432149K->369685K(529408K), 0.0035752 secs] [Times: user=0.02 sys=0.00, real=0.01 secs] 
2980.301: [GC (Allocation Failure) [PSYoungGen: 62784K->368K(64512K)] 432149K->369733K(530432K), 0.0020108 secs] [Times: user=0.01 sys=0.00, real=0.00 secs] 
2982.411: [GC (Allocation Failure) [PSYoungGen: 62832K->1376K(64512K)] 432197K->370741K(530432K), 0.0041747 secs] [Times: user=0.02 sys=0.00, real=0.00 secs] 
2983.368: [GC (Allocation Failure) [PSYoungGen: 63840K->1392K(64512K)] 433205K->370757K(530432K), 0.0043853 secs] [Times: user=0.02 sys=0.00, real=0.00 secs] 
2983.954: [GC (Allocation Failure) [PSYoungGen: 63856K->1408K(64512K)] 433221K->370781K(530432K), 0.0033511 secs] [Times: user=0.02 sys=0.00, real=0.01 secs] 
2984.451: [GC (Allocation Failure) [PSYoungGen: 63872K->1408K(64512K)] 433245K->370781K(530432K), 0.0029079 secs] [Times: user=0.01 sys=0.00, real=0.00 secs] 
2985.872: [GC (Allocation Failure) [PSYoungGen: 63872K->1984K(64512K)] 433245K->371869K(530432K), 0.0019089 secs] [Times: user=0.01 sys=0.00, real=0.00 secs] 
2986.174: [GC (Allocation Failure) [PSYoungGen: 64448K->1408K(64512K)] 434333K->371293K(530432K), 0.0019939 secs] [Times: user=0.01 sys=0.00, real=0.00 secs] 
2986.504: [GC (Allocation Failure) [PSYoungGen: 63872K->1360K(64512K)] 433757K->371245K(530432K), 0.0020759 secs] [Times: user=0.01 sys=0.00, real=0.01 secs] 
2986.949: [GC (Allocation Failure) [PSYoungGen: 63824K->1344K(64512K)] 433709K->371229K(530432K), 0.0020354 secs] [Times: user=0.01 sys=0.00, real=0.00 secs] 
2987.423: [GC (Allocation Failure) [PSYoungGen: 63808K->1376K(64512K)] 433693K->371261K(530432K), 0.0028901 secs] [Times: user=0.01 sys=0.00, real=0.00 secs] 
2988.766: [GC (Allocation Failure) [PSYoungGen: 63840K->1408K(64512K)] 433725K->371293K(530432K), 0.0040728 secs] [Times: user=0.02 sys=0.00, real=0.00 secs] 
2989.237: [GC (Allocation Failure) [PSYoungGen: 63872K->1408K(64512K)] 433757K->371293K(530432K), 0.0023087 secs] [Times: user=0.01 sys=0.00, real=0.00 secs] 
2989.754: [GC (Allocation Failure) [PSYoungGen: 63872K->1344K(64512K)] 433757K->371229K(530432K), 0.0024020 secs] [Times: user=0.01 sys=0.00, real=0.01 secs] 
2990.281: [GC (Allocation Failure) [PSYoungGen: 63808K->1376K(64512K)] 433693K->371261K(530432K), 0.0023903 secs] [Times: user=0.01 sys=0.00, real=0.00 secs] 
2991.340: [GC (Allocation Failure) [PSYoungGen: 63470K->1696K(64512K)] 433355K->371581K(530432K), 0.0017481 secs] [Times: user=0.00 sys=0.00, real=0.00 secs] 
2991.613: [GC (Allocation Failure) [PSYoungGen: 64160K->1328K(64512K)] 434045K->371213K(530432K), 0.0017148 secs] [Times: user=0.01 sys=0.00, real=0.00 secs] 
2991.872: [GC (Allocation Failure) [PSYoungGen: 63792K->1408K(64512K)] 433677K->371301K(530432K), 0.0017719 secs] [Times: user=0.01 sys=0.00, real=0.00 secs] 
2992.131: [GC (Allocation Failure) [PSYoungGen: 63872K->1344K(64512K)] 433765K->371237K(530432K), 0.0017176 secs] [Times: user=0.01 sys=0.00, real=0.00 secs] 
2992.390: [GC (Allocation Failure) [PSYoungGen: 63808K->1376K(64512K)] 433701K->371269K(530432K), 0.0020020 secs] [Times: user=0.01 sys=0.00, real=0.00 secs] 
2995.575: [GC (Allocation Failure) [PSYoungGen: 63840K->1696K(64512K)] 433733K->371589K(530432K), 0.0034741 secs] [Times: user=0.02 sys=0.00, real=0.01 secs] 
2997.161: [GC (Allocation Failure) [PSYoungGen: 64160K->2016K(64512K)] 434053K->377451K(530432K), 0.0099359 secs] [Times: user=0.05 sys=0.00, real=0.01 secs] 
3002.478: [GC (Allocation Failure) [PSYoungGen: 64403K->4064K(57856K)] 439839K->401571K(523776K), 0.0349630 secs] [Times: user=0.19 sys=0.01, real=0.03 secs] 
3006.100: [GC (Allocation Failure) [PSYoungGen: 57824K->12768K(66560K)] 455331K->436979K(532480K), 0.0288060 secs] [Times: user=0.16 sys=0.00, real=0.03 secs] 
3006.235: [GC (Allocation Failure) [PSYoungGen: 66528K->25056K(64512K)] 490739K->474891K(530432K), 0.0289812 secs] [Times: user=0.16 sys=0.00, real=0.03 secs] 
3006.264: [Full GC (Ergonomics) [PSYoungGen: 25056K->0K(64512K)] [ParOldGen: 449835K->113800K(524800K)] 474891K->113800K(589312K), [Metaspace: 59887K->59799K(1105920K)], 0.2711018 secs] [Times: user=1.24 sys=0.00, real=0.27 secs] 
3007.048: [GC (Allocation Failure) [PSYoungGen: 39424K->30560K(78848K)] 153224K->144360K(603648K), 0.1221665 secs] [Times: user=0.72 sys=0.01, real=0.12 secs] 
3009.167: [GC (Allocation Failure) [PSYoungGen: 69984K->43520K(76288K)] 183784K->175248K(601088K), 0.1836369 secs] [Times: user=1.08 sys=0.02, real=0.18 secs] 
3014.208: [GC (Allocation Failure) [PSYoungGen: 76288K->57856K(90624K)] 224400K->215868K(615424K), 0.1594038 secs] [Times: user=0.95 sys=0.00, real=0.16 secs] 
3018.692: [GC (Allocation Failure) [PSYoungGen: 90624K->72192K(95744K)] 248636K->236148K(620544K), 0.2444387 secs] [Times: user=1.42 sys=0.04, real=0.25 secs] 
3021.753: [GC (Allocation Failure) [PSYoungGen: 95744K->87552K(111104K)] 259700K->251580K(635904K), 0.2514550 secs] [Times: user=1.50 sys=0.01, real=0.25 secs] 
3022.694: [GC (Allocation Failure) [PSYoungGen: 108717K->102528K(114176K)] 272746K->266556K(638976K), 0.1292868 secs] [Times: user=0.76 sys=0.01, real=0.13 secs] 
3023.758: [GC (Allocation Failure) [PSYoungGen: 113280K->66817K(132096K)] 277308K->264766K(656896K), 0.2354658 secs] [Times: user=1.41 sys=0.00, real=0.23 secs] 
3024.020: [GC (Allocation Failure) [PSYoungGen: 77569K->28256K(125952K)] 275518K->264860K(650752K), 0.0854841 secs] [Times: user=0.51 sys=0.00, real=0.08 secs] 
3024.134: [GC (Allocation Failure) [PSYoungGen: 41568K->160K(131072K)] 278172K->265116K(655872K), 0.0361795 secs] [Times: user=0.22 sys=0.00, real=0.04 secs] 
3024.198: [GC (Allocation Failure) [PSYoungGen: 13472K->128K(131584K)] 278428K->265132K(656384K), 0.0032311 secs] [Times: user=0.02 sys=0.00, real=0.00 secs] 
3024.235: [GC (Allocation Failure) [PSYoungGen: 16512K->160K(132608K)] 281516K->265180K(657408K), 0.0042804 secs] [Times: user=0.01 sys=0.00, real=0.01 secs] 
3024.511: [GC (Allocation Failure) [PSYoungGen: 16544K->1888K(127488K)] 281564K->266924K(652288K), 0.0048626 secs] [Times: user=0.03 sys=0.00, real=0.01 secs] 
3024.551: [GC (Allocation Failure) [PSYoungGen: 21856K->3776K(130560K)] 286892K->270561K(655360K), 0.0048526 secs] [Times: user=0.02 sys=0.00, real=0.01 secs] 
3024.671: [GC (Allocation Failure) [PSYoungGen: 23744K->10752K(119296K)] 290529K->280881K(644096K), 0.0089494 secs] [Times: user=0.04 sys=0.00, real=0.01 secs] 
3024.758: [GC (Allocation Failure) [PSYoungGen: 34816K->17152K(41472K)] 304945K->296949K(566272K), 0.0103982 secs] [Times: user=0.05 sys=0.01, real=0.01 secs] 
3025.950: [GC (Allocation Failure) [PSYoungGen: 38582K->16608K(111616K)] 318380K->313489K(636416K), 0.0281059 secs] [Times: user=0.15 sys=0.00, real=0.03 secs] 
3026.056: [GC (Allocation Failure) [PSYoungGen: 45792K->22176K(117760K)] 342673K->335617K(642560K), 0.0246218 secs] [Times: user=0.13 sys=0.00, real=0.02 secs] 
3026.127: [GC (Allocation Failure) [PSYoungGen: 51360K->17408K(107520K)] 364801K->352929K(632320K), 0.0230706 secs] [Times: user=0.13 sys=0.00, real=0.02 secs] 
3026.200: [GC (Allocation Failure) [PSYoungGen: 52736K->27840K(112640K)] 388257K->380601K(637440K), 0.0188796 secs] [Times: user=0.11 sys=0.00, real=0.02 secs] 
3026.263: [GC (Allocation Failure) [PSYoungGen: 63168K->28096K(110080K)] 415929K->408669K(634880K), 0.0168585 secs] [Times: user=0.09 sys=0.00, real=0.02 secs] 
3027.147: [GC (Allocation Failure) [PSYoungGen: 70592K->32544K(113152K)] 451165K->441261K(637952K), 0.1788404 secs] [Times: user=1.07 sys=0.00, real=0.18 secs] 
3027.382: [GC (Allocation Failure) [PSYoungGen: 75040K->35296K(119808K)] 483757K->476581K(644608K), 0.0338212 secs] [Times: user=0.20 sys=0.00, real=0.03 secs] 
3027.820: [GC (Allocation Failure) [PSYoungGen: 86496K->35744K(120320K)] 527781K->512285K(645120K), 0.0322775 secs] [Times: user=0.19 sys=0.01, real=0.03 secs] 
3027.852: [Full GC (Ergonomics) [PSYoungGen: 35744K->0K(120320K)] [ParOldGen: 476541K->244433K(690688K)] 512285K->244433K(811008K), [Metaspace: 60016K->60016K(1105920K)], 0.5866647 secs] [Times: user=2.72 sys=0.00, real=0.59 secs] 
3029.246: [GC (Allocation Failure) [PSYoungGen: 51200K->9760K(125952K)] 295633K->254193K(816640K), 0.0134645 secs] [Times: user=0.08 sys=0.00, real=0.01 secs] 
3029.409: [GC (Allocation Failure) [PSYoungGen: 70688K->2432K(128000K)] 315121K->256241K(818688K), 0.0203186 secs] [Times: user=0.11 sys=0.00, real=0.02 secs] 
3029.526: [GC (Allocation Failure) [PSYoungGen: 63360K->32736K(138240K)] 317169K->288802K(828928K), 0.0094670 secs] [Times: user=0.04 sys=0.01, real=0.00 secs] 
3029.642: [GC (Allocation Failure) [PSYoungGen: 105440K->56320K(138752K)] 361506K->342650K(829440K), 0.0254416 secs] [Times: user=0.15 sys=0.00, real=0.03 secs] 
3029.765: [GC (Allocation Failure) [PSYoungGen: 129024K->65696K(151552K)] 415354K->403654K(842240K), 0.0472061 secs] [Times: user=0.22 sys=0.06, real=0.05 secs] 
3030.044: [GC (Allocation Failure) [PSYoungGen: 143008K->63104K(160768K)] 480966K->449998K(851456K), 0.0308509 secs] [Times: user=0.18 sys=0.00, real=0.03 secs] 
3030.953: [GC (Allocation Failure) [PSYoungGen: 140416K->43872K(178688K)] 527310K->493926K(869376K), 0.0378546 secs] [Times: user=0.22 sys=0.00, real=0.04 secs] 
3032.077: [GC (Allocation Failure) [PSYoungGen: 136032K->8000K(180736K)] 586086K->502086K(871424K), 0.1528619 secs] [Times: user=0.90 sys=0.02, real=0.15 secs] 
3034.943: [GC (Allocation Failure) [PSYoungGen: 100160K->53952K(194560K)] 594246K->554575K(885248K), 0.0408324 secs] [Times: user=0.14 sys=0.10, real=0.04 secs] 
3035.147: [GC (Allocation Failure) [PSYoungGen: 160960K->85152K(197120K)] 661583K->635503K(887808K), 0.0358298 secs] [Times: user=0.18 sys=0.03, real=0.03 secs] 
3035.302: [GC (Allocation Failure) [PSYoungGen: 192160K->87424K(219136K)] 742511K->714887K(909824K), 0.0690032 secs] [Times: user=0.28 sys=0.13, real=0.07 secs] 
3035.371: [Full GC (Ergonomics) [PSYoungGen: 87424K->0K(219136K)] [ParOldGen: 627463K->234618K(739328K)] 714887K->234618K(958464K), [Metaspace: 60033K->60033K(1105920K)], 0.5452744 secs] [Times: user=2.56 sys=0.00, real=0.55 secs] 
3036.810: [GC (Allocation Failure) [PSYoungGen: 115712K->21664K(230400K)] 350330K->256282K(969728K), 0.0262997 secs] [Times: user=0.16 sys=0.00, real=0.03 secs] 
3036.987: [GC (Allocation Failure) [PSYoungGen: 137376K->68896K(244224K)] 371994K->324635K(983552K), 0.0333469 secs] [Times: user=0.19 sys=0.00, real=0.03 secs] 
3037.227: [GC (Allocation Failure) [PSYoungGen: 201504K->105120K(247296K)] 457243K->424723K(986624K), 0.0410498 secs] [Times: user=0.24 sys=0.00, real=0.04 secs] 
3039.147: [GC (Allocation Failure) [PSYoungGen: 237728K->77120K(283648K)] 557331K->493451K(1022976K), 0.0586554 secs] [Times: user=0.32 sys=0.02, real=0.06 secs] 
3044.430: [GC (Allocation Failure) [PSYoungGen: 230720K->39616K(285696K)] 647051K->532959K(1025024K), 0.1103283 secs] [Times: user=0.65 sys=0.00, real=0.11 secs] 
3044.811: [GC (Allocation Failure) [PSYoungGen: 193216K->113248K(289280K)] 686559K->642810K(1028608K), 0.0411038 secs] [Times: user=0.19 sys=0.06, real=0.04 secs] 
3045.831: [GC (Allocation Failure) [PSYoungGen: 276064K->97632K(304640K)] 805626K->732342K(1043968K), 0.0574696 secs] [Times: user=0.33 sys=0.01, real=0.06 secs] 
3045.889: [Full GC (Ergonomics) [PSYoungGen: 97632K->0K(304640K)] [ParOldGen: 634710K->253046K(825344K)] 732342K->253046K(1129984K), [Metaspace: 60036K->60036K(1105920K)], 0.5332270 secs] [Times: user=2.33 sys=0.00, real=0.53 secs] 
3047.010: [GC (Allocation Failure) [PSYoungGen: 162816K->69664K(320000K)] 415862K->322710K(1145344K), 0.0297083 secs] [Times: user=0.16 sys=0.00, real=0.03 secs] 
3047.286: [GC (Allocation Failure) [PSYoungGen: 255520K->141664K(328192K)] 508566K->457790K(1153536K), 0.0479520 secs] [Times: user=0.28 sys=0.01, real=0.05 secs] 
3049.204: [GC (Allocation Failure) [PSYoungGen: 327520K->56768K(363008K)] 643646K->514510K(1188352K), 0.1563952 secs] [Times: user=0.92 sys=0.01, real=0.16 secs] 
3051.025: [GC (Allocation Failure) [PSYoungGen: 270272K->156640K(370176K)] 728014K->668119K(1195520K), 0.0430765 secs] [Times: user=0.25 sys=0.01, real=0.05 secs] 
3052.286: [GC (Allocation Failure) [PSYoungGen: 370144K->84000K(419328K)] 881623K->744011K(1244672K), 0.0838832 secs] [Times: user=0.46 sys=0.03, real=0.08 secs] 
3052.370: [Full GC (Ergonomics) [PSYoungGen: 84000K->0K(419328K)] [ParOldGen: 660011K->31059K(674816K)] 744011K->31059K(1094144K), [Metaspace: 60044K->60044K(1105920K)], 0.0526182 secs] [Times: user=0.17 sys=0.00, real=0.05 secs] 
3053.847: [GC (Allocation Failure) [PSYoungGen: 237867K->170464K(431616K)] 268927K->201523K(1106432K), 0.0486338 secs] [Times: user=0.29 sys=0.00, real=0.04 secs] 
3055.804: [GC (Allocation Failure) [PSYoungGen: 413664K->107488K(475648K)] 444723K->300547K(1150464K), 0.1392052 secs] [Times: user=0.73 sys=0.11, real=0.14 secs] 
3056.973: [GC (Allocation Failure) [PSYoungGen: 381873K->204256K(481792K)] 574933K->530560K(1156608K), 0.0670491 secs] [Times: user=0.40 sys=0.00, real=0.07 secs] 
3059.898: [GC (Allocation Failure) [PSYoungGen: 481760K->116992K(450048K)] 808064K->612808K(1124864K), 0.0753772 secs] [Times: user=0.45 sys=0.00, real=0.07 secs] 
3059.973: [Full GC (Ergonomics) [PSYoungGen: 116992K->0K(450048K)] [ParOldGen: 495816K->133672K(879104K)] 612808K->133672K(1329152K), [Metaspace: 60051K->60051K(1105920K)], 0.2848420 secs] [Times: user=1.28 sys=0.00, real=0.29 secs] 
3061.367: [GC (Allocation Failure) [PSYoungGen: 232960K->130656K(465920K)] 366632K->264328K(1345024K), 0.0447181 secs] [Times: user=0.26 sys=0.00, real=0.04 secs] 
3062.163: [GC (Allocation Failure) [PSYoungGen: 363616K->139552K(465920K)] 497288K->403896K(1345024K), 0.0655664 secs] [Times: user=0.39 sys=0.00, real=0.07 secs] 
3063.635: [GC (Allocation Failure) [PSYoungGen: 372512K->3168K(465920K)] 636856K->267660K(1345024K), 0.0022593 secs] [Times: user=0.01 sys=0.00, real=0.01 secs] 
3065.826: [GC (Allocation Failure) [PSYoungGen: 236128K->152992K(465920K)] 500620K->419526K(1345024K), 0.0339041 secs] [Times: user=0.18 sys=0.02, real=0.04 secs] 
3068.264: [GC (Allocation Failure) [PSYoungGen: 385952K->101536K(465920K)] 652486K->512230K(1345024K), 0.0768722 secs] [Times: user=0.45 sys=0.00, real=0.08 secs] 
3069.567: [GC (Allocation Failure) [PSYoungGen: 334496K->163680K(465920K)] 745190K->673619K(1345024K), 0.0534300 secs] [Times: user=0.31 sys=0.01, real=0.05 secs] 
3071.491: [GC (Allocation Failure) [PSYoungGen: 396640K->102944K(465920K)] 906579K->767727K(1345024K), 0.1587211 secs] [Times: user=0.94 sys=0.00, real=0.16 secs] 
3071.650: [Full GC (Ergonomics) [PSYoungGen: 102944K->0K(465920K)] [ParOldGen: 664783K->43004K(844288K)] 767727K->43004K(1310208K), [Metaspace: 60066K->60066K(1105920K)], 0.1167717 secs] [Times: user=0.48 sys=0.01, real=0.12 secs] 
3072.684: [GC (Allocation Failure) [PSYoungGen: 220717K->159872K(465920K)] 263722K->202876K(1310208K), 0.0306858 secs] [Times: user=0.18 sys=0.00, real=0.03 secs] 
3074.835: [GC (Allocation Failure) [PSYoungGen: 392832K->94240K(465920K)] 435836K->288512K(1310208K), 0.0982756 secs] [Times: user=0.59 sys=0.00, real=0.10 secs] 
3076.899: [GC (Allocation Failure) [PSYoungGen: 327200K->168416K(465920K)] 521472K->450401K(1310208K), 0.0797166 secs] [Times: user=0.47 sys=0.00, real=0.08 secs] 
3080.871: [GC (Allocation Failure) [PSYoungGen: 401376K->84704K(465920K)] 683361K->535177K(1310208K), 0.1287003 secs] [Times: user=0.75 sys=0.00, real=0.13 secs] 
3081.534: [GC (Allocation Failure) [PSYoungGen: 317664K->173184K(465920K)] 768137K->704731K(1310208K), 0.0545315 secs] [Times: user=0.32 sys=0.00, real=0.06 secs] 
3084.127: [GC (Allocation Failure) [PSYoungGen: 406144K->86688K(465920K)] 937691K->791563K(1310208K), 0.1506373 secs] [Times: user=0.85 sys=0.05, real=0.15 secs] 
3084.278: [Full GC (Ergonomics) [PSYoungGen: 86688K->0K(465920K)] [ParOldGen: 704875K->72045K(918016K)] 791563K->72045K(1383936K), [Metaspace: 60081K->60081K(1105920K)], 0.1714786 secs] [Times: user=0.79 sys=0.00, real=0.17 secs] 
3085.451: [GC (Allocation Failure) [PSYoungGen: 232960K->170144K(465920K)] 305005K->242189K(1383936K), 0.1020426 secs] [Times: user=0.60 sys=0.01, real=0.10 secs] 
3088.557: [GC (Allocation Failure) [PSYoungGen: 403104K->92000K(465920K)] 475149K->334013K(1383936K), 0.1093386 secs] [Times: user=0.64 sys=0.00, real=0.11 secs] 
3090.090: [GC (Allocation Failure) [PSYoungGen: 324960K->172864K(465920K)] 566973K->496370K(1383936K), 0.1450306 secs] [Times: user=0.86 sys=0.01, real=0.14 secs] 
3093.372: [GC (Allocation Failure) [PSYoungGen: 405824K->82592K(465920K)] 729330K->578906K(1383936K), 0.0977055 secs] [Times: user=0.59 sys=0.00, real=0.10 secs] 
3094.919: [GC (Allocation Failure) [PSYoungGen: 310978K->202400K(465920K)] 807293K->775215K(1383936K), 0.0703510 secs] [Times: user=0.39 sys=0.02, real=0.07 secs] 
3096.336: [GC (Allocation Failure) [PSYoungGen: 435360K->93024K(465920K)] 1008175K->831151K(1383936K), 0.0962020 secs] [Times: user=0.54 sys=0.02, real=0.09 secs] 
3096.433: [Full GC (Ergonomics) [PSYoungGen: 93024K->0K(465920K)] [ParOldGen: 738127K->110260K(998400K)] 831151K->110260K(1464320K), [Metaspace: 60091K->60091K(1105920K)], 0.2477193 secs] [Times: user=1.13 sys=0.00, real=0.25 secs] 
3099.968: [GC (Allocation Failure) [PSYoungGen: 232960K->150944K(465920K)] 343220K->261204K(1464320K), 0.0429283 secs] [Times: user=0.26 sys=0.01, real=0.04 secs] 
3101.333: [GC (Allocation Failure) [PSYoungGen: 383904K->103232K(465920K)] 494164K->364668K(1464320K), 0.0843322 secs] [Times: user=0.48 sys=0.00, real=0.09 secs] 
3103.012: [GC (Allocation Failure) [PSYoungGen: 336192K->145408K(465920K)] 597628K->499344K(1464320K), 0.0602033 secs] [Times: user=0.36 sys=0.00, real=0.06 secs] 
3105.799: [GC (Allocation Failure) [PSYoungGen: 378368K->124224K(357376K)] 732304K->623732K(1355776K), 0.0680711 secs] [Times: user=0.40 sys=0.00, real=0.07 secs] 
3107.500: [GC (Allocation Failure) [PSYoungGen: 357184K->124320K(470016K)] 856692K->737648K(1468416K), 0.0620166 secs] [Times: user=0.37 sys=0.00, real=0.06 secs] 
3108.530: [GC (Allocation Failure) [PSYoungGen: 366496K->147168K(460800K)] 979824K->884568K(1459200K), 0.0572738 secs] [Times: user=0.33 sys=0.00, real=0.06 secs] 
3110.180: [GC (Allocation Failure) [PSYoungGen: 389344K->9408K(457216K)] 1126744K->746860K(1455616K), 0.0037634 secs] [Times: user=0.02 sys=0.00, real=0.00 secs] 
3111.627: [GC (Allocation Failure) [PSYoungGen: 250048K->167232K(408064K)] 987500K->912153K(1406464K), 0.0350457 secs] [Times: user=0.21 sys=0.00, real=0.03 secs] 
3113.560: [GC (Allocation Failure) [PSYoungGen: 407872K->103488K(471040K)] 1152793K->1006885K(1469440K), 0.1012493 secs] [Times: user=0.38 sys=0.22, real=0.10 secs] 
3113.661: [Full GC (Ergonomics) [PSYoungGen: 103488K->0K(471040K)] [ParOldGen: 903397K->48597K(968704K)] 1006885K->48597K(1439744K), [Metaspace: 60111K->60111K(1105920K)], 0.0924790 secs] [Times: user=0.37 sys=0.00, real=0.09 secs] 
3114.558: [GC (Allocation Failure) [PSYoungGen: 238080K->191360K(465920K)] 286677K->239957K(1434624K), 0.0378660 secs] [Times: user=0.22 sys=0.00, real=0.03 secs] 
3120.269: [GC (Allocation Failure) [PSYoungGen: 429440K->80896K(465920K)] 478037K->304249K(1434624K), 0.1594606 secs] [Times: user=0.95 sys=0.00, real=0.16 secs] 
3120.720: [GC (Allocation Failure) [PSYoungGen: 313856K->171392K(465920K)] 537209K->471730K(1434624K), 0.0543997 secs] [Times: user=0.33 sys=0.00, real=0.05 secs] 
3122.298: [GC (Allocation Failure) [PSYoungGen: 404352K->93632K(465920K)] 704690K->565154K(1434624K), 0.1144356 secs] [Times: user=0.68 sys=0.00, real=0.11 secs] 
3122.657: [GC (Allocation Failure) [PSYoungGen: 326592K->176960K(465920K)] 798114K->735614K(1434624K), 0.0602459 secs] [Times: user=0.35 sys=0.00, real=0.06 secs] 
3126.458: [GC (Allocation Failure) [PSYoungGen: 409920K->78976K(465920K)] 968574K->814462K(1434624K), 0.1087553 secs] [Times: user=0.64 sys=0.00, real=0.11 secs] 
3126.567: [Full GC (Ergonomics) [PSYoungGen: 78976K->0K(465920K)] [ParOldGen: 735486K->95323K(1051648K)] 814462K->95323K(1517568K), [Metaspace: 60113K->60113K(1105920K)], 0.2104568 secs] [Times: user=0.96 sys=0.00, real=0.21 secs] 
3127.754: [GC (Allocation Failure) [PSYoungGen: 230530K->203872K(465920K)] 325853K->299195K(1517568K), 0.0500895 secs] [Times: user=0.29 sys=0.00, real=0.05 secs] 
3128.471: [GC (Allocation Failure) [PSYoungGen: 429422K->93056K(465920K)] 524746K->355539K(1517568K), 0.1054770 secs] [Times: user=0.62 sys=0.01, real=0.11 secs] 
3129.725: [GC (Allocation Failure) [PSYoungGen: 326016K->150944K(465920K)] 588499K->500044K(1517568K), 0.0600263 secs] [Times: user=0.36 sys=0.00, real=0.06 secs] 
3132.609: [GC (Allocation Failure) [PSYoungGen: 383904K->108992K(465920K)] 733004K->609228K(1517568K), 0.0846318 secs] [Times: user=0.51 sys=0.00, real=0.08 secs] 
3133.850: [GC (Allocation Failure) [PSYoungGen: 341952K->148160K(465920K)] 842188K->738428K(1517568K), 0.0604686 secs] [Times: user=0.37 sys=0.00, real=0.06 secs] 
3135.048: [GC (Allocation Failure) [PSYoungGen: 381120K->133216K(457728K)] 971388K->871321K(1509376K), 0.0612678 secs] [Times: user=0.36 sys=0.00, real=0.06 secs] 
3136.222: [GC (Allocation Failure) [PSYoungGen: 366176K->123072K(461824K)] 1104281K->976169K(1513472K), 0.0628974 secs] [Times: user=0.38 sys=0.00, real=0.06 secs] 
3136.285: [Full GC (Ergonomics) [PSYoungGen: 123072K->0K(461824K)] [ParOldGen: 853097K->253997K(1227264K)] 976169K->253997K(1689088K), [Metaspace: 60118K->60118K(1105920K)], 0.5242418 secs] [Times: user=2.30 sys=0.00, real=0.53 secs] 
3139.772: [GC (Allocation Failure) [PSYoungGen: 232960K->136256K(460800K)] 486957K->390253K(1688064K), 0.0272273 secs] [Times: user=0.16 sys=0.00, real=0.03 secs] 
3140.986: [GC (Allocation Failure) [PSYoungGen: 385600K->6944K(463360K)] 639597K->261018K(1690624K), 0.0023047 secs] [Times: user=0.01 sys=0.00, real=0.01 secs] 
3142.110: [GC (Allocation Failure) [PSYoungGen: 256288K->177632K(459776K)] 510362K->436594K(1687040K), 0.0353545 secs] [Times: user=0.21 sys=0.00, real=0.03 secs] 
3144.086: [GC (Allocation Failure) [PSYoungGen: 410592K->92096K(465920K)] 669554K->519966K(1693184K), 0.1459693 secs] [Times: user=0.87 sys=0.00, real=0.15 secs] 
3144.918: [GC (Allocation Failure) [PSYoungGen: 325056K->202688K(464896K)] 752926K->719059K(1692160K), 0.0508045 secs] [Times: user=0.30 sys=0.00, real=0.05 secs] 
3147.783: [GC (Allocation Failure) [PSYoungGen: 435648K->92480K(465920K)] 952019K->778267K(1693184K), 0.1675388 secs] [Times: user=0.99 sys=0.00, real=0.17 secs] 
3148.220: [GC (Allocation Failure) [PSYoungGen: 325440K->170944K(465920K)] 1011227K->945304K(1693184K), 0.0564988 secs] [Times: user=0.34 sys=0.00, real=0.06 secs] 
3151.098: [GC (Allocation Failure) [PSYoungGen: 403904K->83296K(465920K)] 1178264K->1028144K(1693184K), 0.1371457 secs] [Times: user=0.78 sys=0.03, real=0.13 secs] 
3151.526: [GC (Allocation Failure) [PSYoungGen: 316256K->179552K(465920K)] 1261104K->1201697K(1693184K), 0.0605453 secs] [Times: user=0.33 sys=0.03, real=0.06 secs] 
3151.587: [Full GC (Ergonomics) [PSYoungGen: 179552K->0K(465920K)] [ParOldGen: 1022145K->247881K(1260032K)] 1201697K->247881K(1725952K), [Metaspace: 60133K->60133K(1105920K)], 0.5734884 secs] [Times: user=2.68 sys=0.00, real=0.57 secs] 
3155.459: [GC (Allocation Failure) [PSYoungGen: 232960K->86336K(465920K)] 480841K->334217K(1725952K), 0.0326282 secs] [Times: user=0.19 sys=0.00, real=0.03 secs] 
3156.472: [GC (Allocation Failure) [PSYoungGen: 319296K->192736K(465920K)] 567177K->516754K(1725952K), 0.0660356 secs] [Times: user=0.39 sys=0.00, real=0.07 secs] 
3158.564: [GC (Allocation Failure) [PSYoungGen: 425696K->93120K(465920K)] 749714K->585394K(1725952K), 0.0905113 secs] [Times: user=0.54 sys=0.00, real=0.09 secs] 
3159.748: [GC (Allocation Failure) [PSYoungGen: 326080K->152000K(465920K)] 818354K->730687K(1725952K), 0.0600377 secs] [Times: user=0.36 sys=0.00, real=0.06 secs] 
3161.518: [GC (Allocation Failure) [PSYoungGen: 384960K->108096K(465920K)] 963647K->838215K(1725952K), 0.0813633 secs] [Times: user=0.48 sys=0.00, real=0.08 secs] 
3162.723: [GC (Allocation Failure) [PSYoungGen: 341056K->140480K(465920K)] 1071175K->967776K(1725952K), 0.0652131 secs] [Times: user=0.34 sys=0.00, real=0.07 secs] 
3164.134: [GC (Allocation Failure) [PSYoungGen: 373440K->125472K(358912K)] 1200736K->1093296K(1618944K), 0.0675487 secs] [Times: user=0.40 sys=0.00, real=0.07 secs] 
3165.677: [GC (Allocation Failure) [PSYoungGen: 358432K->122656K(467456K)] 1326256K->1205359K(1727488K), 0.0715732 secs] [Times: user=0.37 sys=0.05, real=0.07 secs] 
3165.749: [Full GC (Ergonomics) [PSYoungGen: 122656K->0K(467456K)] [ParOldGen: 1082703K->253614K(1298432K)] 1205359K->253614K(1765888K), [Metaspace: 60137K->60137K(1105920K)], 0.5266873 secs] [Times: user=2.30 sys=0.00, real=0.52 secs] 
3167.786: [GC (Allocation Failure) [PSYoungGen: 241152K->150688K(459264K)] 494766K->404310K(1757696K), 0.0293200 secs] [Times: user=0.17 sys=0.00, real=0.03 secs] 
3170.351: [GC (Allocation Failure) [PSYoungGen: 391840K->10752K(458240K)] 645462K->264422K(1756672K), 0.0037097 secs] [Times: user=0.02 sys=0.00, real=0.00 secs] 
3171.109: [GC (Allocation Failure) [PSYoungGen: 249183K->173664K(415232K)] 502854K->436207K(1713664K), 0.0356152 secs] [Times: user=0.21 sys=0.00, real=0.03 secs] 
3173.928: [GC (Allocation Failure) [PSYoungGen: 414816K->93632K(466944K)] 677359K->521339K(1765376K), 0.1773434 secs] [Times: user=1.05 sys=0.01, real=0.17 secs] 
3175.638: [GC (Allocation Failure) [PSYoungGen: 327616K->200896K(465920K)] 755323K->718300K(1764352K), 0.0515893 secs] [Times: user=0.30 sys=0.00, real=0.05 secs] 
3178.545: [GC (Allocation Failure) [PSYoungGen: 434880K->94240K(465920K)] 952284K->778624K(1764352K), 0.1624081 secs] [Times: user=0.97 sys=0.00, real=0.17 secs] 
3179.014: [GC (Allocation Failure) [PSYoungGen: 327200K->170496K(465920K)] 1011584K->945197K(1764352K), 0.0579391 secs] [Times: user=0.34 sys=0.01, real=0.06 secs] 
3181.856: [GC (Allocation Failure) [PSYoungGen: 403456K->87104K(465920K)] 1178157K->1032217K(1764352K), 0.1276738 secs] [Times: user=0.76 sys=0.00, real=0.12 secs] 
3182.237: [GC (Allocation Failure) [PSYoungGen: 320064K->176384K(465920K)] 1265177K->1198302K(1764352K), 0.0578672 secs] [Times: user=0.33 sys=0.01, real=0.05 secs] 
3184.098: [GC (Allocation Failure) [PSYoungGen: 409344K->95456K(465920K)] 1431262K->1293430K(1764352K), 0.1217030 secs] [Times: user=0.63 sys=0.10, real=0.12 secs] 
3184.220: [Full GC (Ergonomics) [PSYoungGen: 95456K->0K(465920K)] [ParOldGen: 1197974K->101674K(1213952K)] 1293430K->101674K(1679872K), [Metaspace: 60176K->60176K(1105920K)], 0.2244548 secs] [Times: user=1.00 sys=0.00, real=0.22 secs] 
3186.074: [GC (Allocation Failure) [PSYoungGen: 232397K->195712K(465920K)] 334071K->297386K(1679872K), 0.0480340 secs] [Times: user=0.29 sys=0.00, real=0.05 secs] 
3187.732: [GC (Allocation Failure) [PSYoungGen: 426194K->93376K(465920K)] 527868K->353738K(1679872K), 0.0924384 secs] [Times: user=0.55 sys=0.00, real=0.09 secs] 
3188.906: [GC (Allocation Failure) [PSYoungGen: 326336K->151520K(465920K)] 586698K->498443K(1679872K), 0.0602803 secs] [Times: user=0.36 sys=0.00, real=0.06 secs] 
3191.202: [GC (Allocation Failure) [PSYoungGen: 384480K->103232K(465920K)] 731403K->601243K(1679872K), 0.0793270 secs] [Times: user=0.47 sys=0.01, real=0.08 secs] 
3192.407: [GC (Allocation Failure) [PSYoungGen: 336192K->145120K(465920K)] 834203K->735736K(1679872K), 0.0602730 secs] [Times: user=0.36 sys=0.00, real=0.06 secs] 
3194.697: [GC (Allocation Failure) [PSYoungGen: 378080K->120736K(455680K)] 968696K->856472K(1669632K), 0.0666602 secs] [Times: user=0.39 sys=0.00, real=0.06 secs] 
3195.940: [GC (Allocation Failure) [PSYoungGen: 353696K->127104K(460800K)] 1089432K->973328K(1674752K), 0.0620114 secs] [Times: user=0.37 sys=0.00, real=0.06 secs] 
3197.003: [GC (Allocation Failure) [PSYoungGen: 360064K->144128K(467456K)] 1206288K->1117624K(1681408K), 0.0582196 secs] [Times: user=0.34 sys=0.00, real=0.06 secs] 
3198.460: [GC (Allocation Failure) [PSYoungGen: 396032K->10112K(466944K)] 1369528K->983660K(1680896K), 0.0045337 secs] [Times: user=0.03 sys=0.00, real=0.00 secs] 
3199.558: [GC (Allocation Failure) [PSYoungGen: 250514K->174464K(460288K)] 1224063K->1155841K(1674240K), 0.0362589 secs] [Times: user=0.21 sys=0.00, real=0.03 secs] 
3199.594: [Full GC (Ergonomics) [PSYoungGen: 174464K->0K(460288K)] [ParOldGen: 981377K->199197K(1366528K)] 1155841K->199197K(1826816K), [Metaspace: 60179K->60179K(1105920K)], 0.4662496 secs] [Times: user=2.17 sys=0.00, real=0.47 secs] 
3202.348: [GC (Allocation Failure) [PSYoungGen: 232227K->89536K(465920K)] 431424K->288733K(1832448K), 0.0918910 secs] [Times: user=0.54 sys=0.00, real=0.09 secs] 
3203.551: [GC (Allocation Failure) [PSYoungGen: 306398K->159936K(464896K)] 505595K->446266K(1831424K), 0.0473813 secs] [Times: user=0.28 sys=0.00, real=0.05 secs] 
3205.652: [GC (Allocation Failure) [PSYoungGen: 392896K->92544K(325632K)] 679226K->530154K(1692160K), 0.1556675 secs] [Times: user=0.93 sys=0.00, real=0.16 secs] 
3206.581: [GC (Allocation Failure) [PSYoungGen: 325504K->169440K(460800K)] 763114K->695831K(1827328K), 0.0500481 secs] [Times: user=0.30 sys=0.00, real=0.05 secs] 
3209.148: [GC (Allocation Failure) [PSYoungGen: 400352K->85600K(463872K)] 926743K->781135K(1830400K), 0.1721611 secs] [Times: user=1.03 sys=0.00, real=0.17 secs] 
3209.829: [GC (Allocation Failure) [PSYoungGen: 316512K->171552K(465408K)] 1012047K->948636K(1831936K), 0.0556152 secs] [Times: user=0.32 sys=0.00, real=0.05 secs] 
3212.050: [GC (Allocation Failure) [PSYoungGen: 404512K->84736K(465920K)] 1181596K->1033432K(1832448K), 0.1232029 secs] [Times: user=0.72 sys=0.00, real=0.12 secs] 
3213.195: [GC (Allocation Failure) [PSYoungGen: 317696K->173088K(465920K)] 1266392K->1200125K(1832448K), 0.1302719 secs] [Times: user=0.76 sys=0.02, real=0.13 secs] 
3216.263: [GC (Allocation Failure) [PSYoungGen: 406048K->83040K(465920K)] 1433085K->1282965K(1832448K), 0.1222376 secs] [Times: user=0.72 sys=0.01, real=0.12 secs] 
3216.385: [Full GC (Ergonomics) [PSYoungGen: 83040K->0K(465920K)] [ParOldGen: 1199925K->83576K(1309696K)] 1282965K->83576K(1775616K), [Metaspace: 60182K->60182K(1105920K)], 0.1888973 secs] [Times: user=0.85 sys=0.00, real=0.19 secs] 
3217.409: [GC (Allocation Failure) [PSYoungGen: 232960K->177632K(465920K)] 316536K->261208K(1775616K), 0.0856700 secs] [Times: user=0.51 sys=0.00, real=0.08 secs] 
3218.990: [GC (Allocation Failure) [PSYoungGen: 410592K->91648K(465920K)] 494168K->353208K(1775616K), 0.0996925 secs] [Times: user=0.60 sys=0.00, real=0.10 secs] 
3221.015: [GC (Allocation Failure) [PSYoungGen: 324608K->153088K(465920K)] 586168K->499917K(1775616K), 0.0601456 secs] [Times: user=0.36 sys=0.00, real=0.06 secs] 
3222.212: [GC (Allocation Failure) [PSYoungGen: 386048K->104768K(465920K)] 732877K->604557K(1775616K), 0.0770989 secs] [Times: user=0.46 sys=0.00, real=0.08 secs] 
3223.651: [GC (Allocation Failure) [PSYoungGen: 337728K->143488K(458752K)] 837517K->737634K(1768448K), 0.0606022 secs] [Times: user=0.36 sys=0.00, real=0.06 secs] 
3225.580: [GC (Allocation Failure) [PSYoungGen: 376448K->122464K(462336K)] 970594K->859778K(1772032K), 0.0670628 secs] [Times: user=0.40 sys=0.00, real=0.07 secs] 
3226.845: [GC (Allocation Failure) [PSYoungGen: 355424K->125408K(456704K)] 1092738K->975039K(1766400K), 0.0623479 secs] [Times: user=0.37 sys=0.01, real=0.07 secs] 
3229.029: [GC (Allocation Failure) [PSYoungGen: 374752K->149312K(460288K)] 1224383K->1124431K(1769984K), 0.0582826 secs] [Times: user=0.34 sys=0.00, real=0.06 secs] 
3231.214: [GC (Allocation Failure) [PSYoungGen: 398656K->13248K(464384K)] 1373775K->988383K(1774080K), 0.0070924 secs] [Times: user=0.04 sys=0.00, real=0.01 secs] 
3232.427: [GC (Allocation Failure) [PSYoungGen: 254142K->172352K(425984K)] 1229277K->1158204K(1735680K), 0.0367609 secs] [Times: user=0.21 sys=0.00, real=0.03 secs] 
3236.109: [GC (Allocation Failure) [PSYoungGen: 425792K->110016K(475136K)] 1411644K->1259200K(1784832K), 0.1633178 secs] [Times: user=0.97 sys=0.00, real=0.16 secs] 
3236.272: [Full GC (Ergonomics) [PSYoungGen: 110016K->0K(475136K)] [ParOldGen: 1149184K->63197K(1360384K)] 1259200K->63197K(1835520K), [Metaspace: 60184K->60184K(1105920K)], 0.1597875 secs] [Times: user=0.74 sys=0.00, real=0.16 secs] 
3236.666: [GC (Allocation Failure) [PSYoungGen: 242688K->175808K(418816K)] 305885K->239005K(1779200K), 0.0356181 secs] [Times: user=0.20 sys=0.00, real=0.03 secs] 
3239.036: [GC (Allocation Failure) [PSYoungGen: 418496K->97632K(471040K)] 481693K->335837K(1831424K), 0.1047017 secs] [Times: user=0.62 sys=0.00, real=0.10 secs] 
3240.259: [GC (Allocation Failure) [PSYoungGen: 335027K->205728K(465920K)] 573232K->535646K(1826304K), 0.0696580 secs] [Times: user=0.42 sys=0.00, real=0.07 secs] 
3241.246: [GC (Allocation Failure) [PSYoungGen: 443808K->101472K(465920K)] 773726K->600142K(1826304K), 0.0763777 secs] [Times: user=0.46 sys=0.00, real=0.07 secs] 
3242.953: [GC (Allocation Failure) [PSYoungGen: 334432K->146880K(465920K)] 833102K->736593K(1826304K), 0.0608834 secs] [Times: user=0.35 sys=0.00, real=0.06 secs] 
3245.334: [GC (Allocation Failure) [PSYoungGen: 379840K->114016K(457728K)] 969553K->850313K(1818112K), 0.0747868 secs] [Times: user=0.44 sys=0.00, real=0.08 secs] 
3246.553: [GC (Allocation Failure) [PSYoungGen: 346976K->133376K(461824K)] 1083273K->973618K(1822208K), 0.0614008 secs] [Times: user=0.36 sys=0.00, real=0.06 secs] 
3248.627: [GC (Allocation Failure) [PSYoungGen: 366336K->129920K(455680K)] 1206578K->1103762K(1816064K), 0.0635588 secs] [Times: user=0.37 sys=0.00, real=0.06 secs] 
3249.922: [GC (Allocation Failure) [PSYoungGen: 379264K->5408K(460800K)] 1353106K->979434K(1821184K), 0.0037819 secs] [Times: user=0.02 sys=0.00, real=0.01 secs] 
3251.012: [GC (Allocation Failure) [PSYoungGen: 254752K->177504K(457728K)] 1228778K->1155447K(1818112K), 0.0356405 secs] [Times: user=0.21 sys=0.00, real=0.04 secs] 
3252.938: [GC (Allocation Failure) [PSYoungGen: 410464K->93888K(465920K)] 1388407K->1240671K(1826304K), 0.1634896 secs] [Times: user=0.97 sys=0.01, real=0.16 secs] 
3253.101: [Full GC (Ergonomics) [PSYoungGen: 93888K->0K(465920K)] [ParOldGen: 1146783K->46538K(1398272K)] 1240671K->46538K(1864192K), [Metaspace: 60200K->60200K(1105920K)], 0.1248546 secs] [Times: user=0.51 sys=0.00, real=0.13 secs] 
3253.719: [GC (Allocation Failure) [PSYoungGen: 232960K->172736K(462848K)] 279498K->219274K(1861120K), 0.0368922 secs] [Times: user=0.22 sys=0.00, real=0.04 secs] 
3257.805: [GC (Allocation Failure) [PSYoungGen: 405696K->82368K(465920K)] 452234K->301530K(1864192K), 0.1742664 secs] [Times: user=1.04 sys=0.01, real=0.18 secs] 
3258.559: [GC (Allocation Failure) [PSYoungGen: 315328K->174048K(465920K)] 534490K->471603K(1864192K), 0.0542950 secs] [Times: user=0.33 sys=0.00, real=0.05 secs] 
3261.304: [GC (Allocation Failure) [PSYoungGen: 407008K->81472K(465920K)] 704563K->553299K(1864192K), 0.1442717 secs] [Times: user=0.85 sys=0.00, real=0.15 secs] 
3261.715: [GC (Allocation Failure) [PSYoungGen: 314432K->178816K(465920K)] 786259K->725983K(1864192K), 0.0557567 secs] [Times: user=0.33 sys=0.00, real=0.06 secs] 
3265.080: [GC (Allocation Failure) [PSYoungGen: 411776K->83648K(465920K)] 958943K->809728K(1864192K), 0.1273638 secs] [Times: user=0.76 sys=0.01, real=0.13 secs] 
3265.592: [GC (Allocation Failure) [PSYoungGen: 315061K->209952K(465920K)] 1041141K->1009520K(1864192K), 0.0586394 secs] [Times: user=0.32 sys=0.00, real=0.06 secs] 
3267.368: [GC (Allocation Failure) [PSYoungGen: 442912K->93312K(465920K)] 1242480K->1069272K(1864192K), 0.0933157 secs] [Times: user=0.56 sys=0.00, real=0.09 secs] 
3270.514: [GC (Allocation Failure) [PSYoungGen: 326272K->150912K(465920K)] 1302232K->1213413K(1864192K), 0.0605325 secs] [Times: user=0.37 sys=0.00, real=0.06 secs] 
3271.873: [GC (Allocation Failure) [PSYoungGen: 383872K->101408K(465920K)] 1446373K->1314685K(1864192K), 0.0869478 secs] [Times: user=0.50 sys=0.02, real=0.09 secs] 
3271.960: [Full GC (Ergonomics) [PSYoungGen: 101408K->0K(465920K)] [ParOldGen: 1213277K->116218K(1398272K)] 1314685K->116218K(1864192K), [Metaspace: 60201K->60201K(1105920K)], 0.2852767 secs] [Times: user=1.29 sys=0.00, real=0.28 secs] 
3273.824: [GC (Allocation Failure) [PSYoungGen: 232960K->146144K(465920K)] 349178K->262362K(1864192K), 0.0544013 secs] [Times: user=0.32 sys=0.01, real=0.06 secs] 
3274.865: [GC (Allocation Failure) [PSYoungGen: 379104K->123936K(357376K)] 495322K->386443K(1755648K), 0.0805103 secs] [Times: user=0.47 sys=0.01, real=0.08 secs] 
3276.829: [GC (Allocation Failure) [PSYoungGen: 356896K->123680K(472576K)] 619403K->500111K(1870848K), 0.0617395 secs] [Times: user=0.37 sys=0.00, real=0.06 secs] 
3279.330: [GC (Allocation Failure) [PSYoungGen: 365856K->141792K(463360K)] 742287K->641687K(1861632K), 0.0564268 secs] [Times: user=0.33 sys=0.00, real=0.06 secs] 
3280.700: [GC (Allocation Failure) [PSYoungGen: 383968K->8320K(452608K)] 883863K->508263K(1850880K), 0.0040851 secs] [Times: user=0.02 sys=0.00, real=0.00 secs] 
3282.231: [GC (Allocation Failure) [PSYoungGen: 243840K->163904K(464384K)] 743783K->670917K(1862656K), 0.1015513 secs] [Times: user=0.60 sys=0.01, real=0.10 secs] 
3285.825: [GC (Allocation Failure) [PSYoungGen: 399424K->93312K(464896K)] 906437K->755641K(1863168K), 0.1748141 secs] [Times: user=1.03 sys=0.00, real=0.18 secs] 
3287.228: [GC (Allocation Failure) [PSYoungGen: 323525K->168256K(465408K)] 985855K->921862K(1863680K), 0.0515495 secs] [Times: user=0.30 sys=0.01, real=0.05 secs] 
3288.708: [GC (Allocation Failure) [PSYoungGen: 405312K->99456K(466432K)] 1158918K->1012558K(1864704K), 0.0791569 secs] [Times: user=0.46 sys=0.00, real=0.08 secs] 
3289.282: [GC (Allocation Failure) [PSYoungGen: 336512K->172768K(465920K)] 1249614K->1181759K(1864192K), 0.0523346 secs] [Times: user=0.31 sys=0.00, real=0.05 secs] 
3292.332: [GC (Allocation Failure) [PSYoungGen: 409824K->86912K(465920K)] 1418815K->1268363K(1864192K), 0.1339779 secs] [Times: user=0.79 sys=0.00, real=0.14 secs] 
3292.466: [Full GC (Ergonomics) [PSYoungGen: 86912K->0K(465920K)] [ParOldGen: 1181451K->66865K(1398272K)] 1268363K->66865K(1864192K), [Metaspace: 60204K->60204K(1105920K)], 0.1618622 secs] [Times: user=0.74 sys=0.00, real=0.16 secs] 
3293.109: [GC (Allocation Failure) [PSYoungGen: 232960K->175008K(465920K)] 299825K->241873K(1864192K), 0.0477366 secs] [Times: user=0.28 sys=0.00, real=0.05 secs] 
3295.298: [GC (Allocation Failure) [PSYoungGen: 407968K->84352K(465920K)] 474833K->326357K(1864192K), 0.1224007 secs] [Times: user=0.72 sys=0.01, real=0.12 secs] 
3296.202: [GC (Allocation Failure) [PSYoungGen: 317312K->210592K(465920K)] 559317K->530422K(1864192K), 0.1317934 secs] [Times: user=0.74 sys=0.00, real=0.13 secs] 
3299.394: [GC (Allocation Failure) [PSYoungGen: 443552K->82752K(465920K)] 763382K->580478K(1864192K), 0.0985919 secs] [Times: user=0.59 sys=0.00, real=0.10 secs] 
3300.671: [GC (Allocation Failure) [PSYoungGen: 315712K->160832K(465920K)] 813438K->734793K(1864192K), 0.0594270 secs] [Times: user=0.36 sys=0.00, real=0.06 secs] 
3302.023: [GC (Allocation Failure) [PSYoungGen: 393792K->97824K(465920K)] 967753K->832881K(1864192K), 0.0743155 secs] [Times: user=0.44 sys=0.00, real=0.08 secs] 
3304.831: [GC (Allocation Failure) [PSYoungGen: 330784K->151040K(465920K)] 1065841K->972704K(1864192K), 0.0609771 secs] [Times: user=0.36 sys=0.01, real=0.06 secs] 
3307.216: [GC (Allocation Failure) [PSYoungGen: 384000K->112032K(465920K)] 1205664K->1084940K(1864192K), 0.0769153 secs] [Times: user=0.45 sys=0.00, real=0.07 secs] 
3308.425: [GC (Allocation Failure) [PSYoungGen: 344992K->136800K(370176K)] 1317900K->1210953K(1768448K), 0.0627369 secs] [Times: user=0.37 sys=0.00, real=0.07 secs] 
3309.468: [GC (Allocation Failure) [PSYoungGen: 369760K->133632K(468992K)] 1443913K->1344553K(1867264K), 0.0610391 secs] [Times: user=0.36 sys=0.01, real=0.06 secs] 
3309.529: [Full GC (Ergonomics) [PSYoungGen: 133632K->0K(468992K)] [ParOldGen: 1210921K->148649K(1398272K)] 1344553K->148649K(1867264K), [Metaspace: 60209K->60209K(1105920K)], 0.3352807 secs] [Times: user=1.53 sys=0.00, real=0.33 secs] 
3311.017: [GC (Allocation Failure) [PSYoungGen: 241152K->117664K(460800K)] 389801K->266313K(1859072K), 0.0465378 secs] [Times: user=0.28 sys=0.00, real=0.04 secs] 
3313.122: [GC (Allocation Failure) [PSYoungGen: 358816K->163136K(460288K)] 507465K->427658K(1858560K), 0.0602144 secs] [Times: user=0.36 sys=0.00, real=0.06 secs] 
3315.806: [GC (Allocation Failure) [PSYoungGen: 410432K->106016K(464384K)] 674954K->524546K(1862656K), 0.1759505 secs] [Times: user=1.05 sys=0.00, real=0.17 secs] 
3316.967: [GC (Allocation Failure) [PSYoungGen: 353312K->176608K(467456K)] 771842K->697959K(1865728K), 0.0551816 secs] [Times: user=0.32 sys=0.00, real=0.05 secs] 
3321.404: [GC (Allocation Failure) [PSYoungGen: 431072K->104192K(476672K)] 952423K->801827K(1874944K), 0.1491131 secs] [Times: user=0.89 sys=0.00, real=0.15 secs] 
3322.155: [GC (Allocation Failure) [PSYoungGen: 354579K->218592K(451584K)] 1052215K->1013356K(1849856K), 0.0813102 secs] [Times: user=0.37 sys=0.06, real=0.09 secs] 
3324.482: [GC (Allocation Failure) [PSYoungGen: 451552K->87648K(465920K)] 1246316K->1066088K(1864192K), 0.1043885 secs] [Times: user=0.62 sys=0.00, real=0.11 secs] 
3326.961: [GC (Allocation Failure) [PSYoungGen: 320608K->156736K(465920K)] 1299048K->1215959K(1864192K), 0.0615524 secs] [Times: user=0.35 sys=0.00, real=0.06 secs] 
3330.158: [GC (Allocation Failure) [PSYoungGen: 382876K->93312K(465920K)] 1442100K->1309119K(1864192K), 0.0887203 secs] [Times: user=0.52 sys=0.01, real=0.09 secs] 
3330.247: [Full GC (Ergonomics) [PSYoungGen: 93312K->0K(465920K)] [ParOldGen: 1215807K->108442K(1398272K)] 1309119K->108442K(1864192K), [Metaspace: 60218K->60218K(1105920K)], 0.2441392 secs] [Times: user=1.09 sys=0.00, real=0.24 secs] 
3331.892: [GC (Allocation Failure) [PSYoungGen: 232960K->150848K(465920K)] 341402K->259290K(1864192K), 0.0427331 secs] [Times: user=0.26 sys=0.00, real=0.04 secs] 
3333.118: [GC (Allocation Failure) [PSYoungGen: 383808K->107136K(465920K)] 492250K->366634K(1864192K), 0.0738722 secs] [Times: user=0.44 sys=0.01, real=0.07 secs] 
3335.379: [GC (Allocation Failure) [PSYoungGen: 340096K->141696K(465920K)] 599594K->497062K(1864192K), 0.0606363 secs] [Times: user=0.36 sys=0.00, real=0.06 secs] 
3336.203: [GC (Allocation Failure) [PSYoungGen: 374656K->136224K(369664K)] 730022K->633087K(1767936K), 0.0788549 secs] [Times: user=0.47 sys=0.00, real=0.08 secs] 
3338.715: [GC (Allocation Failure) [PSYoungGen: 369184K->119936K(469504K)] 866047K->734419K(1867776K), 0.0623212 secs] [Times: user=0.37 sys=0.00, real=0.07 secs] 
3339.700: [GC (Allocation Failure) [PSYoungGen: 359040K->158752K(463360K)] 973523K->893339K(1861632K), 0.0987904 secs] [Times: user=0.58 sys=0.00, real=0.10 secs] 
3342.036: [GC (Allocation Failure) [PSYoungGen: 397856K->7008K(456704K)] 1132443K->741611K(1854976K), 0.0090369 secs] [Times: user=0.05 sys=0.00, real=0.01 secs] 
3344.064: [GC (Allocation Failure) [PSYoungGen: 239968K->165632K(465920K)] 974571K->904504K(1864192K), 0.0332587 secs] [Times: user=0.20 sys=0.00, real=0.04 secs] 
3345.570: [GC (Allocation Failure) [PSYoungGen: 398592K->99264K(465920K)] 1137464K->995136K(1864192K), 0.1213918 secs] [Times: user=0.73 sys=0.00, real=0.12 secs] 
3347.472: [GC (Allocation Failure) [PSYoungGen: 330177K->163680K(465920K)] 1226049K->1155657K(1864192K), 0.0535443 secs] [Times: user=0.29 sys=0.00, real=0.05 secs] 
3349.596: [GC (Allocation Failure) [PSYoungGen: 396640K->96064K(465920K)] 1388617K->1242893K(1864192K), 0.1688818 secs] [Times: user=1.01 sys=0.00, real=0.17 secs] 
3350.737: [GC (Allocation Failure) [PSYoungGen: 329024K->167456K(465920K)] 1475853K->1406502K(1864192K), 0.0556318 secs] [Times: user=0.31 sys=0.02, real=0.05 secs] 
3350.793: [Full GC (Ergonomics) [PSYoungGen: 167456K->0K(465920K)] [ParOldGen: 1239046K->209787K(1398272K)] 1406502K->209787K(1864192K), [Metaspace: 60228K->60228K(1105920K)], 0.4703600 secs] [Times: user=2.18 sys=0.00, real=0.47 secs] 
3354.076: [GC (Allocation Failure) [PSYoungGen: 232960K->84512K(465920K)] 442747K->294299K(1864192K), 0.1624254 secs] [Times: user=0.96 sys=0.00, real=0.17 secs] 
3354.942: [GC (Allocation Failure) [PSYoungGen: 317472K->173984K(465920K)] 527259K->464462K(1864192K), 0.0546440 secs] [Times: user=0.32 sys=0.00, real=0.06 secs] 
3357.873: [GC (Allocation Failure) [PSYoungGen: 406944K->83840K(465920K)] 697422K->548478K(1864192K), 0.1382647 secs] [Times: user=0.71 sys=0.00, real=0.14 secs] 
3358.321: [GC (Allocation Failure) [PSYoungGen: 316800K->178752K(465920K)] 781438K->721023K(1864192K), 0.0570515 secs] [Times: user=0.34 sys=0.00, real=0.06 secs] 
3360.702: [GC (Allocation Failure) [PSYoungGen: 411712K->86848K(465920K)] 953983K->807983K(1864192K), 0.1146899 secs] [Times: user=0.69 sys=0.00, real=0.12 secs] 
3361.364: [GC (Allocation Failure) [PSYoungGen: 319414K->204000K(465920K)] 1040550K->1005588K(1864192K), 0.0629945 secs] [Times: user=0.38 sys=0.01, real=0.07 secs] 
3363.897: [GC (Allocation Failure) [PSYoungGen: 436960K->89696K(465920K)] 1238548K->1059900K(1864192K), 0.1020965 secs] [Times: user=0.60 sys=0.00, real=0.10 secs] 
3365.127: [GC (Allocation Failure) [PSYoungGen: 322656K->154560K(465920K)] 1292860K->1207652K(1864192K), 0.0613027 secs] [Times: user=0.36 sys=0.00, real=0.06 secs] 
3365.991: [GC (Allocation Failure) [PSYoungGen: 387520K->111776K(465920K)] 1440612K->1319576K(1864192K), 0.0782469 secs] [Times: user=0.47 sys=0.00, real=0.08 secs] 
3366.069: [Full GC (Ergonomics) [PSYoungGen: 111776K->0K(465920K)] [ParOldGen: 1207800K->126877K(1398272K)] 1319576K->126877K(1864192K), [Metaspace: 60232K->60232K(1105920K)], 0.2926447 secs] [Times: user=1.33 sys=0.00, real=0.29 secs] 
3367.674: [GC (Allocation Failure) [PSYoungGen: 232960K->136032K(465920K)] 359837K->262909K(1864192K), 0.0482503 secs] [Times: user=0.28 sys=0.00, real=0.05 secs] 
3370.457: [GC (Allocation Failure) [PSYoungGen: 368992K->127168K(448512K)] 495869K->390389K(1846784K), 0.0752052 secs] [Times: user=0.45 sys=0.00, real=0.07 secs] 
3371.673: [GC (Allocation Failure) [PSYoungGen: 360128K->512K(457216K)] 623349K->263849K(1855488K), 0.0018482 secs] [Times: user=0.00 sys=0.00, real=0.00 secs] 
3373.692: [GC (Allocation Failure) [PSYoungGen: 233472K->142816K(465920K)] 496809K->406181K(1864192K), 0.0282045 secs] [Times: user=0.17 sys=0.01, real=0.03 secs] 
3374.870: [GC (Allocation Failure) [PSYoungGen: 375776K->3232K(465920K)] 639141K->266717K(1864192K), 0.0025685 secs] [Times: user=0.01 sys=0.00, real=0.00 secs] 
3377.024: [GC (Allocation Failure) [PSYoungGen: 236192K->160864K(465920K)] 499677K->426118K(1864192K), 0.0317482 secs] [Times: user=0.19 sys=0.01, real=0.03 secs] 
3378.419: [GC (Allocation Failure) [PSYoungGen: 393824K->99008K(465920K)] 659078K->516054K(1864192K), 0.1037999 secs] [Times: user=0.60 sys=0.00, real=0.10 secs] 
3380.075: [GC (Allocation Failure) [PSYoungGen: 331968K->168672K(465920K)] 749014K->682772K(1864192K), 0.0530529 secs] [Times: user=0.31 sys=0.00, real=0.06 secs] 
3381.962: [GC (Allocation Failure) [PSYoungGen: 401632K->92800K(465920K)] 915732K->767236K(1864192K), 0.1599438 secs] [Times: user=0.94 sys=0.01, real=0.16 secs] 
3383.137: [GC (Allocation Failure) [PSYoungGen: 310986K->160096K(465920K)] 985422K->923069K(1864192K), 0.0486964 secs] [Times: user=0.29 sys=0.00, real=0.04 secs] 
3384.906: [GC (Allocation Failure) [PSYoungGen: 393056K->94048K(465920K)] 1156029K->1008177K(1864192K), 0.0840026 secs] [Times: user=0.50 sys=0.00, real=0.08 secs] 
3385.635: [GC (Allocation Failure) [PSYoungGen: 327008K->172160K(465920K)] 1241137K->1176274K(1864192K), 0.0511941 secs] [Times: user=0.30 sys=0.01, real=0.05 secs] 
3388.074: [GC (Allocation Failure) [PSYoungGen: 405120K->88736K(465920K)] 1409234K->1264874K(1864192K), 0.1623061 secs] [Times: user=0.97 sys=0.00, real=0.17 secs] 
3388.236: [Full GC (Ergonomics) [PSYoungGen: 88736K->0K(465920K)] [ParOldGen: 1176138K->62355K(1398272K)] 1264874K->62355K(1864192K), [Metaspace: 60236K->60236K(1105920K)], 0.1626845 secs] [Times: user=0.74 sys=0.00, real=0.16 secs] 
3388.629: [GC (Allocation Failure) [PSYoungGen: 232960K->173632K(465920K)] 295315K->235987K(1864192K), 0.0347397 secs] [Times: user=0.20 sys=0.00, real=0.03 secs] 
3391.655: [GC (Allocation Failure) [PSYoungGen: 406592K->85856K(465920K)] 468947K->321987K(1864192K), 0.1229169 secs] [Times: user=0.73 sys=0.00, real=0.13 secs] 
3392.307: [GC (Allocation Failure) [PSYoungGen: 318816K->173376K(465920K)] 554947K->489468K(1864192K), 0.0907912 secs] [Times: user=0.53 sys=0.01, real=0.09 secs] 
3394.659: [GC (Allocation Failure) [PSYoungGen: 406336K->87232K(465920K)] 722428K->576620K(1864192K), 0.1148960 secs] [Times: user=0.69 sys=0.00, real=0.11 secs] 
3395.887: [GC (Allocation Failure) [PSYoungGen: 320192K->164160K(465920K)] 809580K->733968K(1864192K), 0.0631267 secs] [Times: user=0.37 sys=0.01, real=0.06 secs] 
3397.146: [GC (Allocation Failure) [PSYoungGen: 397120K->98880K(465920K)] 966928K->833008K(1864192K), 0.0735001 secs] [Times: user=0.44 sys=0.01, real=0.08 secs] 
3400.624: [GC (Allocation Failure) [PSYoungGen: 331840K->149408K(465920K)] 1065968K->971773K(1864192K), 0.0610584 secs] [Times: user=0.36 sys=0.00, real=0.06 secs] 
3403.458: [GC (Allocation Failure) [PSYoungGen: 382368K->107808K(340992K)] 1204733K->1079397K(1739264K), 0.0822276 secs] [Times: user=0.49 sys=0.00, real=0.08 secs] 
3404.660: [GC (Allocation Failure) [PSYoungGen: 340768K->140416K(465920K)] 1312357K->1209188K(1864192K), 0.0617426 secs] [Times: user=0.37 sys=0.00, real=0.06 secs] 
3406.602: [GC (Allocation Failure) [PSYoungGen: 377984K->130080K(461312K)] 1446756K->1339436K(1859584K), 0.0676277 secs] [Times: user=0.39 sys=0.01, real=0.07 secs] 
3406.670: [Full GC (Ergonomics) [PSYoungGen: 130080K->0K(461312K)] [ParOldGen: 1209356K->145613K(1398272K)] 1339436K->145613K(1859584K), [Metaspace: 60238K->60238K(1105920K)], 0.3360725 secs] [Times: user=1.55 sys=0.00, real=0.34 secs] 
3408.191: [GC (Allocation Failure) [PSYoungGen: 237568K->119456K(467456K)] 383181K->265069K(1865728K), 0.0416730 secs] [Times: user=0.25 sys=0.00, real=0.04 secs] 
3409.904: [GC (Allocation Failure) [PSYoungGen: 373920K->168032K(462336K)] 519533K->432337K(1860608K), 0.0617241 secs] [Times: user=0.37 sys=0.00, real=0.06 secs] 
3412.197: [GC (Allocation Failure) [PSYoungGen: 422496K->31904K(466944K)] 686801K->296289K(1865216K), 0.0154810 secs] [Times: user=0.09 sys=0.00, real=0.01 secs] 
3413.685: [GC (Allocation Failure) [PSYoungGen: 283296K->182656K(434176K)] 547681K->475546K(1832448K), 0.1295518 secs] [Times: user=0.77 sys=0.00, real=0.13 secs] 
3416.906: [GC (Allocation Failure) [PSYoungGen: 434048K->96640K(468480K)] 726938K->572330K(1866752K), 0.1309545 secs] [Times: user=0.78 sys=0.00, real=0.13 secs] 
3417.690: [GC (Allocation Failure) [PSYoungGen: 332160K->175584K(465920K)] 807850K->741668K(1864192K), 0.1595474 secs] [Times: user=0.96 sys=0.00, real=0.16 secs] 
3419.747: [GC (Allocation Failure) [PSYoungGen: 411104K->93472K(465920K)] 977188K->834548K(1864192K), 0.1022542 secs] [Times: user=0.61 sys=0.00, real=0.10 secs] 
3421.844: [GC (Allocation Failure) [PSYoungGen: 326432K->151264K(465920K)] 1067508K->979553K(1864192K), 0.0609179 secs] [Times: user=0.37 sys=0.00, real=0.06 secs] 
3423.349: [GC (Allocation Failure) [PSYoungGen: 384224K->103392K(452608K)] 1212513K->1082649K(1850880K), 0.0844196 secs] [Times: user=0.50 sys=0.00, real=0.08 secs] 
3424.560: [GC (Allocation Failure) [PSYoungGen: 336352K->145024K(459264K)] 1315609K->1216886K(1857536K), 0.0611698 secs] [Times: user=0.37 sys=0.01, real=0.06 secs] 
3426.806: [GC (Allocation Failure) [PSYoungGen: 377984K->121568K(452608K)] 1449846K->1338222K(1850880K), 0.0720480 secs] [Times: user=0.43 sys=0.00, real=0.07 secs] 
3426.878: [Full GC (Ergonomics) [PSYoungGen: 121568K->0K(452608K)] [ParOldGen: 1216654K->137120K(1398272K)] 1338222K->137120K(1850880K), [Metaspace: 60239K->60239K(1105920K)], 0.3071195 secs] [Times: user=1.41 sys=0.00, real=0.30 secs] 
3428.542: [GC (Allocation Failure) [PSYoungGen: 248832K->129056K(463872K)] 385952K->266176K(1862144K), 0.0462615 secs] [Times: user=0.27 sys=0.00, real=0.05 secs] 
3430.505: [GC (Allocation Failure) [PSYoungGen: 377888K->161184K(482304K)] 515008K->426241K(1880576K), 0.0642430 secs] [Times: user=0.38 sys=0.00, real=0.07 secs] 
3432.501: [GC (Allocation Failure) [PSYoungGen: 436128K->129504K(404480K)] 701185K->546253K(1802752K), 0.1805677 secs] [Times: user=1.07 sys=0.00, real=0.18 secs] 
3433.474: [GC (Allocation Failure) [PSYoungGen: 404448K->203744K(436736K)] 821197K->758438K(1835008K), 0.0732685 secs] [Times: user=0.43 sys=0.01, real=0.08 secs] 
3435.220: [GC (Allocation Failure) [PSYoungGen: 431935K->92896K(465920K)] 986629K->833902K(1864192K), 0.0788770 secs] [Times: user=0.47 sys=0.00, real=0.08 secs] 
3438.090: [GC (Allocation Failure) [PSYoungGen: 325856K->150752K(465920K)] 1066862K->978299K(1864192K), 0.0604441 secs] [Times: user=0.36 sys=0.00, real=0.06 secs] 
3441.470: [GC (Allocation Failure) [PSYoungGen: 383712K->98432K(465920K)] 1211259K->1076683K(1864192K), 0.0766011 secs] [Times: user=0.46 sys=0.00, real=0.08 secs] 
3442.743: [GC (Allocation Failure) [PSYoungGen: 331392K->149824K(465920K)] 1309643K->1215736K(1864192K), 0.0606997 secs] [Times: user=0.36 sys=0.00, real=0.06 secs] 
3444.249: [GC (Allocation Failure) [PSYoungGen: 382784K->120064K(465920K)] 1448696K->1335684K(1864192K), 0.0712930 secs] [Times: user=0.43 sys=0.00, real=0.07 secs] 
3444.321: [Full GC (Ergonomics) [PSYoungGen: 120064K->0K(465920K)] [ParOldGen: 1215620K->135647K(1398272K)] 1335684K->135647K(1864192K), [Metaspace: 60239K->60239K(1105920K)], 0.3138134 secs] [Times: user=1.43 sys=0.01, real=0.31 secs] 
3445.711: [GC (Allocation Failure) [PSYoungGen: 232960K->128416K(465920K)] 368607K->264063K(1864192K), 0.0435897 secs] [Times: user=0.26 sys=0.00, real=0.04 secs] 
3449.103: [GC (Allocation Failure) [PSYoungGen: 361376K->132096K(365568K)] 497023K->395431K(1763840K), 0.0652821 secs] [Times: user=0.39 sys=0.00, real=0.07 secs] 
3450.287: [GC (Allocation Failure) [PSYoungGen: 365056K->2560K(451584K)] 628391K->266071K(1849856K), 0.0029394 secs] [Times: user=0.01 sys=0.00, real=0.00 secs] 
3452.000: [GC (Allocation Failure) [PSYoungGen: 228352K->150048K(458752K)] 491863K->414396K(1857024K), 0.0296398 secs] [Times: user=0.17 sys=0.00, real=0.03 secs] 
3453.221: [GC (Allocation Failure) [PSYoungGen: 375840K->4928K(465920K)] 640188K->269464K(1864192K), 0.0032740 secs] [Times: user=0.02 sys=0.00, real=0.00 secs] 
3456.239: [GC (Allocation Failure) [PSYoungGen: 237888K->161504K(465920K)] 502424K->428544K(1864192K), 0.0319398 secs] [Times: user=0.19 sys=0.00, real=0.03 secs] 
3457.935: [GC (Allocation Failure) [PSYoungGen: 394464K->98432K(465920K)] 661504K->517720K(1864192K), 0.1754409 secs] [Times: user=1.04 sys=0.01, real=0.18 secs] 
3458.989: [GC (Allocation Failure) [PSYoungGen: 331392K->170336K(465920K)] 750680K->684849K(1864192K), 0.0523684 secs] [Times: user=0.31 sys=0.00, real=0.05 secs] 
3461.923: [GC (Allocation Failure) [PSYoungGen: 403296K->90336K(465920K)] 917809K->766657K(1864192K), 0.1658804 secs] [Times: user=0.99 sys=0.00, real=0.17 secs] 
3463.743: [GC (Allocation Failure) [PSYoungGen: 310092K->160064K(465920K)] 986414K->923674K(1864192K), 0.0480305 secs] [Times: user=0.29 sys=0.00, real=0.05 secs] 
3466.719: [GC (Allocation Failure) [PSYoungGen: 393024K->91520K(465920K)] 1156634K->1006394K(1864192K), 0.1540720 secs] [Times: user=0.91 sys=0.01, real=0.15 secs] 
3467.874: [GC (Allocation Failure) [PSYoungGen: 308656K->159808K(465920K)] 1223531K->1162303K(1864192K), 0.0494504 secs] [Times: user=0.29 sys=0.00, real=0.05 secs] 
3471.348: [GC (Allocation Failure) [PSYoungGen: 392768K->93216K(465920K)] 1395263K->1246719K(1864192K), 0.1479992 secs] [Times: user=0.88 sys=0.00, real=0.15 secs] 
3471.496: [Full GC (Ergonomics) [PSYoungGen: 93216K->0K(465920K)] [ParOldGen: 1153503K->44646K(1398272K)] 1246719K->44646K(1864192K), [Metaspace: 60253K->60253K(1105920K)], 0.1163927 secs] [Times: user=0.50 sys=0.00, real=0.11 secs] 
3472.803: [GC (Allocation Failure) [PSYoungGen: 232960K->166656K(465920K)] 277606K->211302K(1864192K), 0.0403496 secs] [Times: user=0.24 sys=0.00, real=0.04 secs] 
3475.861: [GC (Allocation Failure) [PSYoungGen: 399616K->87008K(465920K)] 444262K->298478K(1864192K), 0.1528791 secs] [Times: user=0.91 sys=0.00, real=0.15 secs] 
3477.046: [GC (Allocation Failure) [PSYoungGen: 319968K->188928K(465920K)] 531438K->484375K(1864192K), 0.0991529 secs] [Times: user=0.59 sys=0.00, real=0.09 secs] 
3480.479: [GC (Allocation Failure) [PSYoungGen: 421888K->79968K(465920K)] 717335K->548143K(1864192K), 0.1657146 secs] [Times: user=0.99 sys=0.00, real=0.16 secs] 
3480.937: [GC (Allocation Failure) [PSYoungGen: 312928K->179200K(465920K)] 781103K->721568K(1864192K), 0.0552638 secs] [Times: user=0.33 sys=0.00, real=0.05 secs] 
3482.662: [GC (Allocation Failure) [PSYoungGen: 412160K->91520K(465920K)] 954528K->813308K(1864192K), 0.1054251 secs] [Times: user=0.63 sys=0.00, real=0.11 secs] 
3483.699: [GC (Allocation Failure) [PSYoungGen: 322716K->201056K(465920K)] 1044504K->1008576K(1864192K), 0.0618187 secs] [Times: user=0.37 sys=0.00, real=0.06 secs] 
3487.085: [GC (Allocation Failure) [PSYoungGen: 434016K->85952K(465920K)] 1241536K->1059504K(1864192K), 0.1027667 secs] [Times: user=0.61 sys=0.01, real=0.11 secs] 
3488.282: [GC (Allocation Failure) [PSYoungGen: 318912K->158176K(465920K)] 1292464K->1211065K(1864192K), 0.0600451 secs] [Times: user=0.35 sys=0.00, real=0.06 secs] 
3490.198: [GC (Allocation Failure) [PSYoungGen: 391136K->100992K(465920K)] 1444025K->1311945K(1864192K), 0.0830738 secs] [Times: user=0.49 sys=0.00, real=0.08 secs] 
3490.281: [Full GC (Ergonomics) [PSYoungGen: 100992K->0K(465920K)] [ParOldGen: 1210953K->116623K(1398272K)] 1311945K->116623K(1864192K), [Metaspace: 60255K->60255K(1105920K)], 0.2711854 secs] [Times: user=1.21 sys=0.00, real=0.27 secs] 
3491.650: [GC (Allocation Failure) [PSYoungGen: 232960K->147296K(465920K)] 349583K->263919K(1864192K), 0.0516615 secs] [Times: user=0.30 sys=0.00, real=0.05 secs] 
3493.325: [GC (Allocation Failure) [PSYoungGen: 380256K->120896K(465920K)] 496879K->384923K(1864192K), 0.1189647 secs] [Times: user=0.71 sys=0.00, real=0.12 secs] 
3495.839: [GC (Allocation Failure) [PSYoungGen: 353856K->126688K(359936K)] 617883K->501547K(1758208K), 0.0624444 secs] [Times: user=0.37 sys=0.00, real=0.06 secs] 
3497.616: [GC (Allocation Failure) [PSYoungGen: 359648K->133920K(464896K)] 734507K->635371K(1863168K), 0.0603466 secs] [Times: user=0.36 sys=0.01, real=0.06 secs] 
3498.921: [GC (Allocation Failure) [PSYoungGen: 374560K->3232K(457216K)] 876011K->504747K(1855488K), 0.0046231 secs] [Times: user=0.03 sys=0.00, real=0.00 secs] 
3501.568: [GC (Allocation Failure) [PSYoungGen: 243872K->161408K(462336K)] 745387K->664391K(1860608K), 0.0320839 secs] [Times: user=0.19 sys=0.00, real=0.03 secs] 
3502.953: [GC (Allocation Failure) [PSYoungGen: 394368K->100000K(333312K)] 897351K->755223K(1731584K), 0.1117596 secs] [Times: user=0.66 sys=0.01, real=0.11 secs] 
3504.316: [GC (Allocation Failure) [PSYoungGen: 330560K->169920K(457216K)] 985784K->922532K(1855488K), 0.0537572 secs] [Times: user=0.32 sys=0.00, real=0.05 secs] 
3506.973: [GC (Allocation Failure) [PSYoungGen: 400320K->92992K(463360K)] 1152932K->1007132K(1861632K), 0.1647273 secs] [Times: user=0.98 sys=0.00, real=0.17 secs] 
3508.908: [GC (Allocation Failure) [PSYoungGen: 312564K->159744K(462336K)] 1226705K->1161337K(1860608K), 0.0499198 secs] [Times: user=0.30 sys=0.00, real=0.05 secs] 
3510.496: [GC (Allocation Failure) [PSYoungGen: 392704K->92096K(325120K)] 1394297K->1244737K(1723392K), 0.1379150 secs] [Times: user=0.82 sys=0.00, real=0.13 secs] 
3510.634: [Full GC (Ergonomics) [PSYoungGen: 92096K->0K(325120K)] [ParOldGen: 1152641K->43249K(1398272K)] 1244737K->43249K(1723392K), [Metaspace: 60255K->60255K(1105920K)], 0.1095548 secs] [Times: user=0.43 sys=0.01, real=0.11 secs] 
3512.274: [GC (Allocation Failure) [PSYoungGen: 221245K->159936K(460288K)] 264494K->203185K(1858560K), 0.0313303 secs] [Times: user=0.19 sys=0.00, real=0.03 secs] 
3514.219: [GC (Allocation Failure) [PSYoungGen: 392896K->97472K(463872K)] 436145K->291553K(1862144K), 0.1168957 secs] [Times: user=0.69 sys=0.00, real=0.12 secs] 
3515.307: [GC (Allocation Failure) [PSYoungGen: 330432K->170368K(458240K)] 524513K->458094K(1856512K), 0.0507204 secs] [Times: user=0.30 sys=0.00, real=0.05 secs] 
3518.426: [GC (Allocation Failure) [PSYoungGen: 403328K->86432K(465920K)] 691054K->544430K(1864192K), 0.1755759 secs] [Times: user=1.04 sys=0.00, real=0.18 secs] 
3519.155: [GC (Allocation Failure) [PSYoungGen: 319392K->186720K(462336K)] 777390K->727851K(1860608K), 0.0777941 secs] [Times: user=0.46 sys=0.00, real=0.08 secs] 
3523.539: [GC (Allocation Failure) [PSYoungGen: 419680K->87424K(465920K)] 960811K->798843K(1864192K), 0.1463376 secs] [Times: user=0.87 sys=0.00, real=0.14 secs] 
3524.076: [GC (Allocation Failure) [PSYoungGen: 320384K->173184K(465920K)] 1031803K->961900K(1864192K), 0.0754811 secs] [Times: user=0.44 sys=0.00, real=0.07 secs] 
3525.793: [GC (Allocation Failure) [PSYoungGen: 406144K->93984K(465920K)] 1194860K->1055284K(1864192K), 0.1055558 secs] [Times: user=0.63 sys=0.00, real=0.11 secs] 
3527.301: [GC (Allocation Failure) [PSYoungGen: 325536K->199744K(465920K)] 1286836K->1249024K(1864192K), 0.0686389 secs] [Times: user=0.40 sys=0.00, real=0.07 secs] 
3530.275: [GC (Allocation Failure) [PSYoungGen: 432704K->93056K(465920K)] 1481984K->1305160K(1864192K), 0.0981649 secs] [Times: user=0.58 sys=0.00, real=0.10 secs] 
3530.373: [Full GC (Ergonomics) [PSYoungGen: 93056K->0K(465920K)] [ParOldGen: 1212104K->108624K(1398272K)] 1305160K->108624K(1864192K), [Metaspace: 60255K->60255K(1105920K)], 0.2511561 secs] [Times: user=1.15 sys=0.00, real=0.25 secs] 
3532.705: [GC (Allocation Failure) [PSYoungGen: 232960K->150944K(465920K)] 341584K->259568K(1864192K), 0.0431346 secs] [Times: user=0.25 sys=0.00, real=0.05 secs] 
3533.894: [GC (Allocation Failure) [PSYoungGen: 383904K->105088K(465920K)] 492528K->364864K(1864192K), 0.0814912 secs] [Times: user=0.48 sys=0.00, real=0.08 secs] 
3536.173: [GC (Allocation Failure) [PSYoungGen: 338048K->142944K(465920K)] 597824K->497200K(1864192K), 0.0602678 secs] [Times: user=0.36 sys=0.00, real=0.06 secs] 
3537.718: [GC (Allocation Failure) [PSYoungGen: 375904K->121312K(354304K)] 730160K->618736K(1752576K), 0.0661150 secs] [Times: user=0.39 sys=0.00, real=0.06 secs] 
3540.322: [GC (Allocation Failure) [PSYoungGen: 354272K->126944K(465920K)] 851696K->735040K(1864192K), 0.0611990 secs] [Times: user=0.36 sys=0.00, real=0.06 secs] 
3541.652: [GC (Allocation Failure) [PSYoungGen: 368608K->143264K(457216K)] 976704K->878388K(1855488K), 0.0587003 secs] [Times: user=0.35 sys=0.01, real=0.06 secs] 
3543.722: [GC (Allocation Failure) [PSYoungGen: 384928K->5472K(457728K)] 1120052K->740640K(1856000K), 0.0030825 secs] [Times: user=0.01 sys=0.00, real=0.00 secs] 
3544.859: [GC (Allocation Failure) [PSYoungGen: 251232K->176512K(422400K)] 986400K->915966K(1820672K), 0.0352661 secs] [Times: user=0.21 sys=0.00, real=0.03 secs] 
3546.993: [GC (Allocation Failure) [PSYoungGen: 422272K->101888K(470016K)] 1161726K->1009774K(1868288K), 0.1779561 secs] [Times: user=1.06 sys=0.01, real=0.18 secs] 
3548.545: [GC (Allocation Failure) [PSYoungGen: 338944K->174080K(465920K)] 1246830K->1179842K(1864192K), 0.0904550 secs] [Times: user=0.53 sys=0.01, real=0.09 secs] 
3551.811: [GC (Allocation Failure) [PSYoungGen: 411136K->84928K(465920K)] 1416898K->1264930K(1864192K), 0.1523176 secs] [Times: user=0.89 sys=0.01, real=0.15 secs] 
3551.963: [Full GC (Ergonomics) [PSYoungGen: 84928K->0K(465920K)] [ParOldGen: 1180002K->67824K(1398272K)] 1264930K->67824K(1864192K), [Metaspace: 60256K->60256K(1105920K)], 0.1699331 secs] [Times: user=0.78 sys=0.00, real=0.17 secs] 
3552.374: [GC (Allocation Failure) [PSYoungGen: 232960K->178240K(465920K)] 300784K->246065K(1864192K), 0.0388557 secs] [Times: user=0.23 sys=0.00, real=0.04 secs] 
3555.235: [GC (Allocation Failure) [PSYoungGen: 411200K->86304K(465920K)] 479025K->332681K(1864192K), 0.1234970 secs] [Times: user=0.73 sys=0.00, real=0.13 secs] 
3555.934: [GC (Allocation Failure) [PSYoungGen: 319103K->207680K(465920K)] 565480K->533957K(1864192K), 0.0622793 secs] [Times: user=0.36 sys=0.00, real=0.07 secs] 
3557.239: [GC (Allocation Failure) [PSYoungGen: 435080K->93152K(465920K)] 761358K->592181K(1864192K), 0.0682917 secs] [Times: user=0.40 sys=0.00, real=0.07 secs] 
3558.438: [GC (Allocation Failure) [PSYoungGen: 326112K->151712K(465920K)] 825141K->737386K(1864192K), 0.0605215 secs] [Times: user=0.36 sys=0.00, real=0.06 secs] 
3560.899: [GC (Allocation Failure) [PSYoungGen: 384672K->106944K(465920K)] 970346K->843698K(1864192K), 0.0811610 secs] [Times: user=0.48 sys=0.00, real=0.08 secs] 
3562.237: [GC (Allocation Failure) [PSYoungGen: 339904K->141216K(465920K)] 1076658K->974587K(1864192K), 0.0619213 secs] [Times: user=0.37 sys=0.00, real=0.06 secs] 
3564.561: [GC (Allocation Failure) [PSYoungGen: 374176K->121856K(450560K)] 1207547K->1096219K(1848832K), 0.0662490 secs] [Times: user=0.40 sys=0.00, real=0.07 secs] 
3566.043: [GC (Allocation Failure) [PSYoungGen: 354816K->125600K(458240K)] 1329179K->1211584K(1856512K), 0.0619142 secs] [Times: user=0.37 sys=0.00, real=0.06 secs] 
3569.265: [GC (Allocation Failure) [PSYoungGen: 358560K->136608K(463872K)] 1444544K->1348352K(1862144K), 0.0575186 secs] [Times: user=0.34 sys=0.00, real=0.06 secs] 
3569.323: [Full GC (Ergonomics) [PSYoungGen: 136608K->0K(463872K)] [ParOldGen: 1211744K->152214K(1398272K)] 1348352K->152214K(1862144K), [Metaspace: 60257K->60257K(1105920K)], 0.3509785 secs] [Times: user=1.62 sys=0.00, real=0.35 secs] 
3571.282: [GC (Allocation Failure) [PSYoungGen: 257536K->119648K(467968K)] 409750K->271862K(1866240K), 0.1170317 secs] [Times: user=0.69 sys=0.00, real=0.12 secs] 
3572.389: [GC (Allocation Failure) [PSYoungGen: 362443K->176352K(475136K)] 514657K->445867K(1873408K), 0.0615589 secs] [Times: user=0.36 sys=0.01, real=0.06 secs] 
3575.488: [GC (Allocation Failure) [PSYoungGen: 447200K->112576K(484864K)] 716715K->549483K(1883136K), 0.1695595 secs] [Times: user=1.01 sys=0.00, real=0.17 secs] 
3576.672: [GC (Allocation Failure) [PSYoungGen: 383424K->209888K(442880K)] 820331K->759948K(1841152K), 0.0727526 secs] [Times: user=0.41 sys=0.03, real=0.07 secs] 
3578.593: [GC (Allocation Failure) [PSYoungGen: 440944K->92640K(465920K)] 991004K->832388K(1864192K), 0.1104630 secs] [Times: user=0.66 sys=0.00, real=0.11 secs] 
3580.233: [GC (Allocation Failure) [PSYoungGen: 325600K->151232K(465920K)] 1065348K->977512K(1864192K), 0.0603535 secs] [Times: user=0.37 sys=0.00, real=0.06 secs] 
3583.350: [GC (Allocation Failure) [PSYoungGen: 384192K->120192K(465920K)] 1210472K->1097465K(1864192K), 0.0846270 secs] [Times: user=0.49 sys=0.01, real=0.08 secs] 
3585.576: [GC (Allocation Failure) [PSYoungGen: 353152K->144192K(465920K)] 1330425K->1214596K(1864192K), 0.0613840 secs] [Times: user=0.36 sys=0.00, real=0.06 secs] 
3586.712: [GC (Allocation Failure) [PSYoungGen: 377152K->119616K(465920K)] 1447556K->1334380K(1864192K), 0.0643287 secs] [Times: user=0.38 sys=0.00, real=0.07 secs] 
3586.776: [Full GC (Ergonomics) [PSYoungGen: 119616K->0K(465920K)] [ParOldGen: 1214764K->135660K(1398272K)] 1334380K->135660K(1864192K), [Metaspace: 60257K->60257K(1105920K)], 0.3103606 secs] [Times: user=1.43 sys=0.00, real=0.31 secs] 
3591.299: [GC (Allocation Failure) [PSYoungGen: 232960K->128256K(458752K)] 368620K->263916K(1857024K), 0.0475101 secs] [Times: user=0.28 sys=0.00, real=0.05 secs] 
3593.137: [GC (Allocation Failure) [PSYoungGen: 361216K->128160K(462336K)] 496876K->392188K(1860608K), 0.0718186 secs] [Times: user=0.43 sys=0.00, real=0.07 secs] 
3594.740: [GC (Allocation Failure) [PSYoungGen: 361120K->119584K(462848K)] 625148K->501737K(1861120K), 0.0622600 secs] [Times: user=0.37 sys=0.00, real=0.06 secs] 
3598.571: [GC (Allocation Failure) [PSYoungGen: 366880K->153888K(464384K)] 749033K->655377K(1862656K), 0.0569222 secs] [Times: user=0.34 sys=0.00, real=0.06 secs] 
3600.157: [GC (Allocation Failure) [PSYoungGen: 401184K->14944K(457728K)] 902673K->516541K(1856000K), 0.0066192 secs] [Times: user=0.03 sys=0.00, real=0.00 secs] 
3602.217: [GC (Allocation Failure) [PSYoungGen: 257120K->170208K(412672K)] 758717K->683730K(1810944K), 0.0363738 secs] [Times: user=0.21 sys=0.00, real=0.03 secs] 
3604.910: [GC (Allocation Failure) [PSYoungGen: 412384K->98208K(468992K)] 925906K->772874K(1867264K), 0.1631335 secs] [Times: user=0.98 sys=0.00, real=0.16 secs] 
3606.654: [GC (Allocation Failure) [PSYoungGen: 334240K->169344K(465920K)] 1008906K->938207K(1864192K), 0.0513924 secs] [Times: user=0.30 sys=0.00, real=0.05 secs] 
3609.217: [GC (Allocation Failure) [PSYoungGen: 405376K->92832K(467456K)] 1174239K->1030151K(1865728K), 0.1796247 secs] [Times: user=1.07 sys=0.01, real=0.18 secs] 
3609.669: [GC (Allocation Failure) [PSYoungGen: 327328K->174400K(465920K)] 1264647K->1198856K(1864192K), 0.0579186 secs] [Times: user=0.34 sys=0.00, real=0.06 secs] 
3612.878: [GC (Allocation Failure) [PSYoungGen: 408896K->91008K(465920K)] 1433352K->1289112K(1864192K), 0.1278792 secs] [Times: user=0.76 sys=0.00, real=0.12 secs] 
3613.005: [Full GC (Ergonomics) [PSYoungGen: 91008K->0K(465920K)] [ParOldGen: 1198104K->88290K(1398272K)] 1289112K->88290K(1864192K), [Metaspace: 60384K->60384K(1105920K)], 0.2124089 secs] [Times: user=0.98 sys=0.00, real=0.22 secs] 
3613.763: [GC (Allocation Failure) [PSYoungGen: 232917K->207360K(465920K)] 321208K->295650K(1864192K), 0.0398669 secs] [Times: user=0.23 sys=0.00, real=0.04 secs] 
3615.537: [GC (Allocation Failure) [PSYoungGen: 439798K->93184K(465920K)] 528088K->353874K(1864192K), 0.1085598 secs] [Times: user=0.64 sys=0.00, real=0.11 secs] 
3616.829: [GC (Allocation Failure) [PSYoungGen: 326144K->150944K(465920K)] 586834K->498251K(1864192K), 0.0599465 secs] [Times: user=0.36 sys=0.00, real=0.06 secs] 
3618.743: [GC (Allocation Failure) [PSYoungGen: 383904K->110656K(465920K)] 731211K->609127K(1864192K), 0.0727615 secs] [Times: user=0.43 sys=0.00, real=0.07 secs] 
3620.092: [GC (Allocation Failure) [PSYoungGen: 343616K->137312K(370688K)] 842087K->736091K(1768960K), 0.0615028 secs] [Times: user=0.37 sys=0.00, real=0.06 secs] 
3622.254: [GC (Allocation Failure) [PSYoungGen: 370272K->128544K(471040K)] 969051K->864595K(1869312K), 0.0626415 secs] [Times: user=0.37 sys=0.01, real=0.07 secs] 
3623.505: [GC (Allocation Failure) [PSYoungGen: 370720K->2144K(461824K)] 1106771K->738227K(1860096K), 0.0019103 secs] [Times: user=0.01 sys=0.00, real=0.01 secs] 
3624.520: [GC (Allocation Failure) [PSYoungGen: 244320K->158752K(465920K)] 980403K->896424K(1864192K), 0.0469239 secs] [Times: user=0.28 sys=0.00, real=0.05 secs] 
3626.914: [GC (Allocation Failure) [PSYoungGen: 391712K->11680K(465920K)] 1129384K->749440K(1864192K), 0.0064096 secs] [Times: user=0.04 sys=0.00, real=0.01 secs] 
3628.617: [GC (Allocation Failure) [PSYoungGen: 244640K->165632K(465920K)] 982400K->912373K(1864192K), 0.0353390 secs] [Times: user=0.20 sys=0.00, real=0.03 secs] 
3629.963: [GC (Allocation Failure) [PSYoungGen: 398592K->99776K(465920K)] 1145333K->1002917K(1864192K), 0.0944536 secs] [Times: user=0.56 sys=0.00, real=0.10 secs] 
3630.466: [GC (Allocation Failure) [PSYoungGen: 332736K->172384K(465920K)] 1235877K->1172103K(1864192K), 0.0531629 secs] [Times: user=0.32 sys=0.00, real=0.06 secs] 
3633.385: [GC (Allocation Failure) [PSYoungGen: 405344K->89632K(465920K)] 1405063K->1261807K(1864192K), 0.1261110 secs] [Times: user=0.75 sys=0.00, real=0.13 secs] 
3633.511: [Full GC (Ergonomics) [PSYoungGen: 89632K->0K(465920K)] [ParOldGen: 1172175K->63832K(1398272K)] 1261807K->63832K(1864192K), [Metaspace: 60385K->60385K(1105920K)], 0.1488127 secs] [Times: user=0.67 sys=0.00, real=0.15 secs] 
3634.112: [GC (Allocation Failure) [PSYoungGen: 232960K->171264K(465920K)] 296792K->235096K(1864192K), 0.0345159 secs] [Times: user=0.21 sys=0.00, real=0.04 secs] 
3637.163: [GC (Allocation Failure) [PSYoungGen: 404224K->83392K(465920K)] 468056K->318176K(1864192K), 0.1610432 secs] [Times: user=0.96 sys=0.00, real=0.16 secs] 
3637.597: [GC (Allocation Failure) [PSYoungGen: 316352K->179360K(465920K)] 551136K->491661K(1864192K), 0.0575121 secs] [Times: user=0.34 sys=0.00, real=0.05 secs] 
3641.025: [GC (Allocation Failure) [PSYoungGen: 412320K->88992K(465920K)] 724621K->580909K(1864192K), 0.1142536 secs] [Times: user=0.68 sys=0.00, real=0.12 secs] 
3641.698: [GC (Allocation Failure) [PSYoungGen: 318114K->204256K(465920K)] 810032K->770710K(1864192K), 0.0604934 secs] [Times: user=0.36 sys=0.00, real=0.06 secs] 
3644.841: [GC (Allocation Failure) [PSYoungGen: 437216K->86368K(465920K)] 1003670K->822158K(1864192K), 0.1061450 secs] [Times: user=0.63 sys=0.00, real=0.11 secs] 
3648.115: [GC (Allocation Failure) [PSYoungGen: 317125K->195456K(465920K)] 1052915K->1011099K(1864192K), 0.0673277 secs] [Times: user=0.40 sys=0.00, real=0.07 secs] 
3650.140: [GC (Allocation Failure) [PSYoungGen: 421385K->93024K(465920K)] 1237028K->1067067K(1864192K), 0.0909980 secs] [Times: user=0.54 sys=0.00, real=0.09 secs] 
3651.361: [GC (Allocation Failure) [PSYoungGen: 325984K->151584K(465920K)] 1300027K->1212194K(1864192K), 0.0607271 secs] [Times: user=0.36 sys=0.00, real=0.06 secs] 
3653.644: [GC (Allocation Failure) [PSYoungGen: 384544K->108096K(465920K)] 1445154K->1319650K(1864192K), 0.0870042 secs] [Times: user=0.52 sys=0.00, real=0.09 secs] 
3653.731: [Full GC (Ergonomics) [PSYoungGen: 108096K->0K(465920K)] [ParOldGen: 1211554K->124743K(1398272K)] 1319650K->124743K(1864192K), [Metaspace: 60391K->60391K(1105920K)], 0.2784395 secs] [Times: user=1.26 sys=0.00, real=0.28 secs] 
3655.145: [GC (Allocation Failure) [PSYoungGen: 232960K->140160K(465920K)] 357703K->264903K(1864192K), 0.0487915 secs] [Times: user=0.29 sys=0.00, real=0.05 secs] 
3658.812: [GC (Allocation Failure) [PSYoungGen: 373120K->121632K(354816K)] 497863K->386447K(1753088K), 0.0847361 secs] [Times: user=0.50 sys=0.00, real=0.09 secs] 
3660.064: [GC (Allocation Failure) [PSYoungGen: 354592K->126720K(475648K)] 619407K->502748K(1873920K), 0.0624611 secs] [Times: user=0.37 sys=0.01, real=0.07 secs] 
3662.253: [GC (Allocation Failure) [PSYoungGen: 369920K->147712K(391168K)] 745948K->650076K(1789440K), 0.0586234 secs] [Times: user=0.35 sys=0.00, real=0.06 secs] 
3664.033: [GC (Allocation Failure) [PSYoungGen: 390912K->8960K(452608K)] 893276K->511356K(1850880K), 0.0040749 secs] [Times: user=0.02 sys=0.00, real=0.01 secs] 
3666.455: [GC (Allocation Failure) [PSYoungGen: 241408K->160288K(464384K)] 743804K->669425K(1862656K), 0.0331131 secs] [Times: user=0.19 sys=0.00, real=0.04 secs] 
3668.264: [GC (Allocation Failure) [PSYoungGen: 392736K->102368K(458752K)] 901873K->762421K(1857024K), 0.0856897 secs] [Times: user=0.51 sys=0.00, real=0.09 secs] 
3669.372: [GC (Allocation Failure) [PSYoungGen: 322409K->162944K(462336K)] 982463K->923222K(1860608K), 0.0880905 secs] [Times: user=0.53 sys=0.01, real=0.09 secs] 
3672.995: [GC (Allocation Failure) [PSYoungGen: 396928K->89568K(465920K)] 1157206K->1004734K(1864192K), 0.1677179 secs] [Times: user=1.00 sys=0.00, real=0.17 secs] 
3674.946: [GC (Allocation Failure) [PSYoungGen: 327136K->200608K(465920K)] 1242302K->1203013K(1864192K), 0.0514790 secs] [Times: user=0.31 sys=0.00, real=0.06 secs] 
3677.107: [GC (Allocation Failure) [PSYoungGen: 438176K->91360K(465920K)] 1440581K->1261357K(1864192K), 0.1268205 secs] [Times: user=0.75 sys=0.01, real=0.12 secs] 
3677.234: [Full GC (Ergonomics) [PSYoungGen: 91360K->0K(465920K)] [ParOldGen: 1169997K->60298K(1398272K)] 1261357K->60298K(1864192K), [Metaspace: 60398K->60398K(1105920K)], 0.1445918 secs] [Times: user=0.64 sys=0.00, real=0.15 secs] 
3677.751: [GC (Allocation Failure) [PSYoungGen: 232960K->167776K(465920K)] 293258K->228074K(1864192K), 0.0367517 secs] [Times: user=0.22 sys=0.01, real=0.04 secs] 
3681.114: [GC (Allocation Failure) [PSYoungGen: 400736K->86688K(465920K)] 461034K->314235K(1864192K), 0.1559028 secs] [Times: user=0.93 sys=0.00, real=0.16 secs] 
3682.322: [GC (Allocation Failure) [PSYoungGen: 319648K->171712K(465920K)] 547195K->480271K(1864192K), 0.1446504 secs] [Times: user=0.86 sys=0.00, real=0.15 secs] 
3684.006: [GC (Allocation Failure) [PSYoungGen: 404672K->90048K(465920K)] 713231K->570399K(1864192K), 0.1164117 secs] [Times: user=0.68 sys=0.00, real=0.11 secs] 
3685.941: [GC (Allocation Failure) [PSYoungGen: 322088K->205024K(465920K)] 802440K->769359K(1864192K), 0.0579623 secs] [Times: user=0.35 sys=0.00, real=0.06 secs] 
3687.493: [GC (Allocation Failure) [PSYoungGen: 437984K->92672K(465920K)] 1002319K->828391K(1864192K), 0.0896728 secs] [Times: user=0.54 sys=0.00, real=0.09 secs] 
3690.677: [GC (Allocation Failure) [PSYoungGen: 325632K->150816K(465920K)] 1061351K->973067K(1864192K), 0.0601720 secs] [Times: user=0.36 sys=0.00, real=0.06 secs] 
3691.476: [GC (Allocation Failure) [PSYoungGen: 383776K->103680K(465920K)] 1206027K->1076963K(1864192K), 0.0899307 secs] [Times: user=0.53 sys=0.00, real=0.09 secs] 
3693.966: [GC (Allocation Failure) [PSYoungGen: 336640K->144544K(465920K)] 1309923K->1210808K(1864192K), 0.0608375 secs] [Times: user=0.35 sys=0.00, real=0.06 secs] 
3694.909: [GC (Allocation Failure) [PSYoungGen: 377504K->124224K(454656K)] 1443768K->1335152K(1852928K), 0.0695998 secs] [Times: user=0.42 sys=0.00, real=0.07 secs] 
3694.979: [Full GC (Ergonomics) [PSYoungGen: 124224K->0K(454656K)] [ParOldGen: 1210928K->139054K(1398272K)] 1335152K->139054K(1852928K), [Metaspace: 60418K->60418K(1105920K)], 0.3295403 secs] [Times: user=1.50 sys=0.00, real=0.33 secs] 
3697.167: [GC (Allocation Failure) [PSYoungGen: 232960K->123296K(460288K)] 372014K->262350K(1858560K), 0.0421179 secs] [Times: user=0.24 sys=0.00, real=0.04 secs] 
3698.310: [GC (Allocation Failure) [PSYoungGen: 356256K->146752K(468992K)] 495310K->409046K(1867264K), 0.0615252 secs] [Times: user=0.37 sys=0.00, real=0.06 secs] 
3700.428: [GC (Allocation Failure) [PSYoungGen: 399168K->12512K(468992K)] 661462K->274838K(1867264K), 0.0071442 secs] [Times: user=0.03 sys=0.00, real=0.00 secs] 
3702.577: [GC (Allocation Failure) [PSYoungGen: 255985K->173056K(460800K)] 518311K->444866K(1859072K), 0.0363937 secs] [Times: user=0.21 sys=0.00, real=0.03 secs] 
3705.540: [GC (Allocation Failure) [PSYoungGen: 406016K->92544K(465920K)] 677826K->528618K(1864192K), 0.1816578 secs] [Times: user=1.07 sys=0.01, real=0.18 secs] 
3707.065: [GC (Allocation Failure) [PSYoungGen: 325504K->169280K(464384K)] 761578K->693775K(1862656K), 0.0495347 secs] [Times: user=0.29 sys=0.01, real=0.05 secs] 
3710.272: [GC (Allocation Failure) [PSYoungGen: 402240K->85280K(465920K)] 926735K->778555K(1864192K), 0.1836450 secs] [Times: user=1.09 sys=0.00, real=0.18 secs] 
3711.338: [GC (Allocation Failure) [PSYoungGen: 318240K->167936K(465920K)] 1011515K->942696K(1864192K), 0.0544106 secs] [Times: user=0.33 sys=0.00, real=0.05 secs] 
3713.947: [GC (Allocation Failure) [PSYoungGen: 400896K->87712K(465920K)] 1175656K->1029840K(1864192K), 0.1313009 secs] [Times: user=0.78 sys=0.00, real=0.13 secs] 
3714.402: [GC (Allocation Failure) [PSYoungGen: 320672K->178336K(465920K)] 1262800K->1202553K(1864192K), 0.0571880 secs] [Times: user=0.34 sys=0.00, real=0.06 secs] 
3718.097: [GC (Allocation Failure) [PSYoungGen: 411296K->79488K(465920K)] 1435513K->1282269K(1864192K), 0.1531181 secs] [Times: user=0.91 sys=0.00, real=0.15 secs] 
3718.250: [Full GC (Ergonomics) [PSYoungGen: 79488K->0K(465920K)] [ParOldGen: 1202781K->80890K(1398272K)] 1282269K->80890K(1864192K), [Metaspace: 60420K->60420K(1105920K)], 0.2022295 secs] [Times: user=0.94 sys=0.00, real=0.20 secs] 
3718.710: [GC (Allocation Failure) [PSYoungGen: 232960K->212128K(465920K)] 313850K->293018K(1864192K), 0.0389102 secs] [Times: user=0.23 sys=0.00, real=0.04 secs] 
3721.285: [GC (Allocation Failure) [PSYoungGen: 445088K->86752K(465920K)] 525978K->347098K(1864192K), 0.1025776 secs] [Times: user=0.61 sys=0.00, real=0.11 secs] 
3722.574: [GC (Allocation Failure) [PSYoungGen: 319712K->158336K(465920K)] 580058K->498402K(1864192K), 0.0597221 secs] [Times: user=0.36 sys=0.01, real=0.06 secs] 
3725.277: [GC (Allocation Failure) [PSYoungGen: 391296K->99520K(465920K)] 731362K->597770K(1864192K), 0.0952469 secs] [Times: user=0.56 sys=0.00, real=0.09 secs] 
3726.545: [GC (Allocation Failure) [PSYoungGen: 332480K->148832K(465920K)] 830730K->736141K(1864192K), 0.0610348 secs] [Times: user=0.36 sys=0.00, real=0.07 secs] 
3728.448: [GC (Allocation Failure) [PSYoungGen: 381792K->118528K(465920K)] 969101K->854493K(1864192K), 0.0790023 secs] [Times: user=0.47 sys=0.00, real=0.08 secs] 
3730.248: [GC (Allocation Failure) [PSYoungGen: 351488K->130080K(449536K)] 1087453K->974058K(1847808K), 0.0624198 secs] [Times: user=0.37 sys=0.00, real=0.06 secs] 
3731.769: [GC (Allocation Failure) [PSYoungGen: 363040K->136352K(457728K)] 1207018K->1110314K(1856000K), 0.0635067 secs] [Times: user=0.37 sys=0.00, real=0.06 secs] 
3733.151: [GC (Allocation Failure) [PSYoungGen: 369312K->2848K(455680K)] 1343274K->976842K(1853952K), 0.0040550 secs] [Times: user=0.02 sys=0.00, real=0.00 secs] 
3735.446: [GC (Allocation Failure) [PSYoungGen: 240928K->156992K(395264K)] 1214922K->1132342K(1793536K), 0.0314646 secs] [Times: user=0.18 sys=0.00, real=0.03 secs] 
3738.780: [GC (Allocation Failure) [PSYoungGen: 395072K->100448K(472576K)] 1370422K->1223910K(1870848K), 0.1047096 secs] [Times: user=0.62 sys=0.00, real=0.10 secs] 
3740.108: [GC (Allocation Failure) [PSYoungGen: 339766K->172736K(465920K)] 1463229K->1394945K(1864192K), 0.0812532 secs] [Times: user=0.48 sys=0.00, real=0.08 secs] 
3740.189: [Full GC (Ergonomics) [PSYoungGen: 172736K->0K(465920K)] [ParOldGen: 1222209K->197631K(1398272K)] 1394945K->197631K(1864192K), [Metaspace: 60420K->60420K(1105920K)], 0.4656295 secs] [Times: user=2.16 sys=0.00, real=0.46 secs] 
3743.371: [GC (Allocation Failure) [PSYoungGen: 239616K->95360K(468992K)] 437247K->292991K(1867264K), 0.0930822 secs] [Times: user=0.55 sys=0.00, real=0.09 secs] 
3744.155: [GC (Allocation Failure) [PSYoungGen: 331904K->170464K(465920K)] 529535K->459416K(1864192K), 0.0497207 secs] [Times: user=0.30 sys=0.00, real=0.05 secs] 
3747.432: [GC (Allocation Failure) [PSYoungGen: 407008K->89248K(466944K)] 695960K->547832K(1865216K), 0.1562373 secs] [Times: user=0.93 sys=0.00, real=0.16 secs] 
3748.105: [GC (Allocation Failure) [PSYoungGen: 323232K->172864K(465920K)] 781816K->716973K(1864192K), 0.0561473 secs] [Times: user=0.33 sys=0.00, real=0.06 secs] 
3750.697: [GC (Allocation Failure) [PSYoungGen: 406848K->88384K(465920K)] 950957K->805525K(1864192K), 0.1491007 secs] [Times: user=0.89 sys=0.00, real=0.15 secs] 
3751.438: [GC (Allocation Failure) [PSYoungGen: 321344K->175968K(465920K)] 1038485K->974974K(1864192K), 0.1415678 secs] [Times: user=0.84 sys=0.00, real=0.14 secs] 
3753.867: [GC (Allocation Failure) [PSYoungGen: 408928K->88032K(465920K)] 1207934K->1063278K(1864192K), 0.1204033 secs] [Times: user=0.72 sys=0.00, real=0.12 secs] 
3755.698: [GC (Allocation Failure) [PSYoungGen: 316166K->196864K(465920K)] 1291412K->1253667K(1864192K), 0.0691315 secs] [Times: user=0.41 sys=0.01, real=0.07 secs] 
3758.839: [GC (Allocation Failure) [PSYoungGen: 429004K->92960K(465920K)] 1485807K->1309579K(1864192K), 0.1031498 secs] [Times: user=0.61 sys=0.00, real=0.10 secs] 
3758.942: [Full GC (Ergonomics) [PSYoungGen: 92960K->0K(465920K)] [ParOldGen: 1216619K->107985K(1398272K)] 1309579K->107985K(1864192K), [Metaspace: 60421K->60421K(1105920K)], 0.2518856 secs] [Times: user=1.16 sys=0.00, real=0.25 secs] 
3760.295: [GC (Allocation Failure) [PSYoungGen: 232960K->150976K(465920K)] 340945K->258962K(1864192K), 0.0428530 secs] [Times: user=0.25 sys=0.00, real=0.05 secs] 
3763.933: [GC (Allocation Failure) [PSYoungGen: 383936K->115136K(465920K)] 491922K->373950K(1864192K), 0.0905583 secs] [Times: user=0.54 sys=0.00, real=0.09 secs] 
3765.202: [GC (Allocation Failure) [PSYoungGen: 348096K->141888K(375296K)] 606910K->497325K(1773568K), 0.0609844 secs] [Times: user=0.37 sys=0.00, real=0.06 secs] 
3767.720: [GC (Allocation Failure) [PSYoungGen: 374848K->124320K(472576K)] 730285K->621317K(1870848K), 0.0728612 secs] [Times: user=0.44 sys=0.00, real=0.07 secs] 
3769.001: [GC (Allocation Failure) [PSYoungGen: 366496K->896K(463360K)] 863493K->497965K(1861632K), 0.0015807 secs] [Times: user=0.00 sys=0.00, real=0.00 secs] 
3771.990: [GC (Allocation Failure) [PSYoungGen: 243072K->152928K(465920K)] 740141K->650021K(1864192K), 0.0301094 secs] [Times: user=0.17 sys=0.00, real=0.03 secs] 
3773.419: [GC (Allocation Failure) [PSYoungGen: 385888K->9280K(465920K)] 882981K->506425K(1864192K), 0.0039508 secs] [Times: user=0.02 sys=0.00, real=0.00 secs] 
3774.836: [GC (Allocation Failure) [PSYoungGen: 242240K->168608K(465920K)] 739385K->672814K(1864192K), 0.0347574 secs] [Times: user=0.20 sys=0.00, real=0.03 secs] 
3776.425: [GC (Allocation Failure) [PSYoungGen: 399628K->97024K(465920K)] 903834K->760766K(1864192K), 0.1464948 secs] [Times: user=0.87 sys=0.00, real=0.15 secs] 
3777.431: [GC (Allocation Failure) [PSYoungGen: 329984K->169920K(465920K)] 993726K->928350K(1864192K), 0.0521025 secs] [Times: user=0.31 sys=0.00, real=0.05 secs] 
3780.502: [GC (Allocation Failure) [PSYoungGen: 402880K->84928K(465920K)] 1161310K->1013378K(1864192K), 0.1661837 secs] [Times: user=0.99 sys=0.01, real=0.17 secs] 
3781.499: [GC (Allocation Failure) [PSYoungGen: 317888K->167456K(465920K)] 1246338K->1177839K(1864192K), 0.0926093 secs] [Times: user=0.54 sys=0.00, real=0.09 secs] 
3786.509: [GC (Allocation Failure) [PSYoungGen: 400416K->79584K(465920K)] 1410799K->1257151K(1864192K), 0.1706741 secs] [Times: user=1.02 sys=0.00, real=0.17 secs] 
3786.680: [Full GC (Ergonomics) [PSYoungGen: 79584K->0K(465920K)] [ParOldGen: 1177567K->59236K(1398272K)] 1257151K->59236K(1864192K), [Metaspace: 60421K->60421K(1105920K)], 0.1627540 secs] [Times: user=0.75 sys=0.00, real=0.16 secs] 
3788.252: [GC (Allocation Failure) [PSYoungGen: 232960K->168960K(465920K)] 292196K->228196K(1864192K), 0.0658392 secs] [Times: user=0.39 sys=0.01, real=0.07 secs] 
3792.499: [GC (Allocation Failure) [PSYoungGen: 401920K->81600K(465920K)] 461156K->309620K(1864192K), 0.1654605 secs] [Times: user=0.98 sys=0.01, real=0.16 secs] 
3793.400: [GC (Allocation Failure) [PSYoungGen: 314560K->175936K(465920K)] 542580K->479205K(1864192K), 0.0560012 secs] [Times: user=0.33 sys=0.00, real=0.05 secs] 
3795.002: [GC (Allocation Failure) [PSYoungGen: 408896K->92928K(465920K)] 712165K->571901K(1864192K), 0.1096507 secs] [Times: user=0.65 sys=0.00, real=0.11 secs] 
3796.914: [GC (Allocation Failure) [PSYoungGen: 325283K->202048K(465920K)] 804256K->767485K(1864192K), 0.0949959 secs] [Times: user=0.56 sys=0.00, real=0.10 secs] 
3798.831: [GC (Allocation Failure) [PSYoungGen: 435008K->93152K(465920K)] 1000445K->827221K(1864192K), 0.0909181 secs] [Times: user=0.54 sys=0.00, real=0.09 secs] 
3802.471: [GC (Allocation Failure) [PSYoungGen: 326112K->150464K(465920K)] 1060181K->971058K(1864192K), 0.0603344 secs] [Times: user=0.36 sys=0.00, real=0.06 secs] 
3803.539: [GC (Allocation Failure) [PSYoungGen: 383424K->102240K(465920K)] 1204018K->1073602K(1864192K), 0.0883979 secs] [Times: user=0.53 sys=0.01, real=0.09 secs] 
3805.264: [GC (Allocation Failure) [PSYoungGen: 335200K->146336K(465920K)] 1306562K->1209071K(1864192K), 0.0607151 secs] [Times: user=0.36 sys=0.00, real=0.06 secs] 
3807.229: [GC (Allocation Failure) [PSYoungGen: 379296K->122144K(355328K)] 1442031K->1331015K(1753600K), 0.0653307 secs] [Times: user=0.38 sys=0.00, real=0.06 secs] 
3807.294: [Full GC (Ergonomics) [PSYoungGen: 122144K->0K(355328K)] [ParOldGen: 1208871K->137198K(1398272K)] 1331015K->137198K(1753600K), [Metaspace: 60422K->60422K(1105920K)], 0.3110173 secs] [Times: user=1.43 sys=0.00, real=0.31 secs] 
3808.757: [GC (Allocation Failure) [PSYoungGen: 232960K->126176K(472576K)] 370158K->263374K(1870848K), 0.0438629 secs] [Times: user=0.26 sys=0.00, real=0.04 secs] 
3811.307: [GC (Allocation Failure) [PSYoungGen: 369376K->144704K(462336K)] 506574K->407966K(1860608K), 0.0624990 secs] [Times: user=0.37 sys=0.00, real=0.06 secs] 
3812.767: [GC (Allocation Failure) [PSYoungGen: 387904K->10176K(455680K)] 651166K->273514K(1853952K), 0.0040878 secs] [Times: user=0.02 sys=0.00, real=0.00 secs] 
3814.320: [GC (Allocation Failure) [PSYoungGen: 249025K->174432K(413696K)] 512363K->445719K(1811968K), 0.0359552 secs] [Times: user=0.21 sys=0.00, real=0.04 secs] 
3817.221: [GC (Allocation Failure) [PSYoungGen: 413536K->95744K(467456K)] 684823K->533055K(1865728K), 0.1800279 secs] [Times: user=1.06 sys=0.00, real=0.18 secs] 
3818.255: [GC (Allocation Failure) [PSYoungGen: 330240K->172992K(465920K)] 767551K->701845K(1864192K), 0.0505534 secs] [Times: user=0.30 sys=0.00, real=0.05 secs] 
3821.676: [GC (Allocation Failure) [PSYoungGen: 407488K->85312K(465920K)] 936341K->786853K(1864192K), 0.1693611 secs] [Times: user=1.01 sys=0.00, real=0.16 secs] 
3822.344: [GC (Allocation Failure) [PSYoungGen: 318272K->190304K(465920K)] 1019813K->973522K(1864192K), 0.0569411 secs] [Times: user=0.34 sys=0.00, real=0.06 secs] 
3825.838: [GC (Allocation Failure) [PSYoungGen: 423264K->83712K(465920K)] 1206482K->1041106K(1864192K), 0.1390823 secs] [Times: user=0.83 sys=0.00, real=0.14 secs] 
3826.275: [GC (Allocation Failure) [PSYoungGen: 316672K->179520K(465920K)] 1274066K->1214423K(1864192K), 0.0588666 secs] [Times: user=0.35 sys=0.00, real=0.06 secs] 
3829.954: [GC (Allocation Failure) [PSYoungGen: 412480K->79296K(465920K)] 1447383K->1293967K(1864192K), 0.1271686 secs] [Times: user=0.72 sys=0.01, real=0.13 secs] 
3830.081: [Full GC (Ergonomics) [PSYoungGen: 79296K->0K(465920K)] [ParOldGen: 1214671K->90268K(1398272K)] 1293967K->90268K(1864192K), [Metaspace: 60422K->60422K(1105920K)], 0.2159210 secs] [Times: user=0.99 sys=0.00, real=0.22 secs] 
3831.310: [GC (Allocation Failure) [PSYoungGen: 229436K->206112K(465920K)] 319704K->296380K(1864192K), 0.0505535 secs] [Times: user=0.30 sys=0.00, real=0.05 secs] 
3832.639: [GC (Allocation Failure) [PSYoungGen: 437326K->93376K(465920K)] 527594K->353076K(1864192K), 0.1000256 secs] [Times: user=0.59 sys=0.01, real=0.10 secs] 
3834.358: [GC (Allocation Failure) [PSYoungGen: 326336K->151680K(465920K)] 586036K->497973K(1864192K), 0.0602556 secs] [Times: user=0.36 sys=0.00, real=0.06 secs] 
3837.036: [GC (Allocation Failure) [PSYoungGen: 384640K->106048K(465920K)] 730933K->603549K(1864192K), 0.0897331 secs] [Times: user=0.53 sys=0.00, real=0.09 secs] 
3838.815: [GC (Allocation Failure) [PSYoungGen: 339008K->141792K(465920K)] 836509K->735214K(1864192K), 0.0608073 secs] [Times: user=0.36 sys=0.00, real=0.06 secs] 
3840.488: [GC (Allocation Failure) [PSYoungGen: 374752K->124704K(460800K)] 968174K->859734K(1859072K), 0.0769510 secs] [Times: user=0.45 sys=0.01, real=0.07 secs] 
3842.342: [GC (Allocation Failure) [PSYoungGen: 357664K->123616K(356864K)] 1092694K->972807K(1755136K), 0.0621486 secs] [Times: user=0.37 sys=0.00, real=0.06 secs] 
3844.445: [GC (Allocation Failure) [PSYoungGen: 356576K->142016K(465920K)] 1205767K->1114783K(1864192K), 0.0578386 secs] [Times: user=0.34 sys=0.00, real=0.06 secs] 
3846.011: [GC (Allocation Failure) [PSYoungGen: 386752K->7232K(461824K)] 1359519K->980023K(1860096K), 0.0046105 secs] [Times: user=0.02 sys=0.00, real=0.00 secs] 
3848.125: [GC (Allocation Failure) [PSYoungGen: 251968K->174816K(462336K)] 1224759K->1152915K(1860608K), 0.0360368 secs] [Times: user=0.21 sys=0.00, real=0.04 secs] 
3850.811: [GC (Allocation Failure) [PSYoungGen: 407776K->94816K(465920K)] 1385875K->1239067K(1864192K), 0.1646939 secs] [Times: user=0.98 sys=0.00, real=0.17 secs] 
3850.976: [Full GC (Ergonomics) [PSYoungGen: 94816K->0K(465920K)] [ParOldGen: 1144251K->42911K(1398272K)] 1239067K->42911K(1864192K), [Metaspace: 60425K->60425K(1105920K)], 0.1121170 secs] [Times: user=0.48 sys=0.00, real=0.11 secs] 
3852.599: [GC (Allocation Failure) [PSYoungGen: 232960K->168704K(465408K)] 275871K->211623K(1863680K), 0.0436514 secs] [Times: user=0.26 sys=0.00, real=0.04 secs] 
3855.697: [GC (Allocation Failure) [PSYoungGen: 401664K->83136K(465920K)] 444583K->294531K(1864192K), 0.1794245 secs] [Times: user=1.07 sys=0.00, real=0.18 secs] 
3856.647: [GC (Allocation Failure) [PSYoungGen: 316096K->168096K(465920K)] 527491K->458948K(1864192K), 0.0532702 secs] [Times: user=0.31 sys=0.00, real=0.05 secs] 
3859.761: [GC (Allocation Failure) [PSYoungGen: 399230K->86176K(465920K)] 690082K->544784K(1864192K), 0.1525168 secs] [Times: user=0.91 sys=0.00, real=0.15 secs] 
3861.025: [GC (Allocation Failure) [PSYoungGen: 319136K->169792K(465920K)] 777744K->710733K(1864192K), 0.1394102 secs] [Times: user=0.83 sys=0.00, real=0.14 secs] 
3863.826: [GC (Allocation Failure) [PSYoungGen: 402752K->84736K(465920K)] 943693K->795657K(1864192K), 0.1508406 secs] [Times: user=0.89 sys=0.01, real=0.15 secs] 
3864.513: [GC (Allocation Failure) [PSYoungGen: 317696K->175680K(465920K)] 1028617K->965167K(1864192K), 0.1033282 secs] [Times: user=0.62 sys=0.01, real=0.11 secs] 
3867.147: [GC (Allocation Failure) [PSYoungGen: 408640K->94528K(465920K)] 1198127K->1059407K(1864192K), 0.1066574 secs] [Times: user=0.63 sys=0.00, real=0.10 secs] 
3869.874: [GC (Allocation Failure) [PSYoungGen: 326008K->194784K(465920K)] 1290887K->1248596K(1864192K), 0.0699306 secs] [Times: user=0.41 sys=0.00, real=0.07 secs] 
3871.398: [GC (Allocation Failure) [PSYoungGen: 424300K->93184K(465920K)] 1478112K->1304892K(1864192K), 0.0985717 secs] [Times: user=0.58 sys=0.01, real=0.10 secs] 
3871.496: [Full GC (Ergonomics) [PSYoungGen: 93184K->0K(465920K)] [ParOldGen: 1211708K->108295K(1398272K)] 1304892K->108295K(1864192K), [Metaspace: 60434K->60434K(1105920K)], 0.2525134 secs] [Times: user=1.15 sys=0.00, real=0.25 secs] 
3873.013: [GC (Allocation Failure) [PSYoungGen: 232960K->150944K(465920K)] 341255K->259239K(1864192K), 0.0430768 secs] [Times: user=0.26 sys=0.00, real=0.05 secs] 
3875.480: [GC (Allocation Failure) [PSYoungGen: 383904K->106496K(465920K)] 492199K->365839K(1864192K), 0.0800077 secs] [Times: user=0.48 sys=0.01, real=0.08 secs] 
3877.566: [GC (Allocation Failure) [PSYoungGen: 339456K->141312K(463872K)] 598799K->496892K(1862144K), 0.0609329 secs] [Times: user=0.37 sys=0.00, real=0.06 secs] 
3879.971: [GC (Allocation Failure) [PSYoungGen: 374272K->120960K(354304K)] 729852K->617612K(1752576K), 0.0757408 secs] [Times: user=0.45 sys=0.00, real=0.08 secs] 
3881.240: [GC (Allocation Failure) [PSYoungGen: 353920K->127136K(468992K)] 850572K->734193K(1867264K), 0.0686011 secs] [Times: user=0.34 sys=0.00, real=0.07 secs] 
3883.949: [GC (Allocation Failure) [PSYoungGen: 372896K->153088K(459264K)] 979953K->887057K(1857536K), 0.0590262 secs] [Times: user=0.35 sys=0.00, real=0.06 secs] 
3886.006: [GC (Allocation Failure) [PSYoungGen: 398848K->14816K(461824K)] 1132817K->748841K(1860096K), 0.0149769 secs] [Times: user=0.09 sys=0.00, real=0.01 secs] 
3888.446: [GC (Allocation Failure) [PSYoungGen: 253527K->170784K(418304K)] 987553K->916766K(1816576K), 0.0371645 secs] [Times: user=0.22 sys=0.00, real=0.04 secs] 
3891.272: [GC (Allocation Failure) [PSYoungGen: 418080K->106016K(472576K)] 1164062K->1013822K(1870848K), 0.1625487 secs] [Times: user=0.97 sys=0.00, real=0.16 secs] 
3892.766: [GC (Allocation Failure) [PSYoungGen: 345632K->172064K(465920K)] 1253438K->1182111K(1864192K), 0.0547260 secs] [Times: user=0.32 sys=0.00, real=0.06 secs] 
3895.957: [GC (Allocation Failure) [PSYoungGen: 411680K->88736K(468480K)] 1421727K->1270635K(1866752K), 0.1593753 secs] [Times: user=0.95 sys=0.01, real=0.16 secs] 
3896.117: [Full GC (Ergonomics) [PSYoungGen: 88736K->0K(468480K)] [ParOldGen: 1181899K->75237K(1398272K)] 1270635K->75237K(1866752K), [Metaspace: 60436K->60436K(1105920K)], 0.1956421 secs] [Times: user=0.92 sys=0.00, real=0.19 secs] 
3896.550: [GC (Allocation Failure) [PSYoungGen: 235520K->181664K(465920K)] 310757K->256901K(1864192K), 0.0387239 secs] [Times: user=0.23 sys=0.00, real=0.04 secs] 
3900.381: [GC (Allocation Failure) [PSYoungGen: 417184K->84960K(465920K)] 492421K->342217K(1864192K), 0.1223987 secs] [Times: user=0.73 sys=0.00, real=0.12 secs] 
3901.668: [GC (Allocation Failure) [PSYoungGen: 317920K->161984K(465920K)] 575177K->497562K(1864192K), 0.0634040 secs] [Times: user=0.36 sys=0.01, real=0.06 secs] 
3904.399: [GC (Allocation Failure) [PSYoungGen: 392034K->93536K(465920K)] 727613K->590938K(1864192K), 0.0950857 secs] [Times: user=0.56 sys=0.00, real=0.09 secs] 
3905.647: [GC (Allocation Failure) [PSYoungGen: 326496K->151008K(465920K)] 823898K->735347K(1864192K), 0.0603560 secs] [Times: user=0.36 sys=0.00, real=0.06 secs] 
3908.454: [GC (Allocation Failure) [PSYoungGen: 383968K->107008K(452608K)] 968307K->842423K(1850880K), 0.0826911 secs] [Times: user=0.49 sys=0.00, real=0.09 secs] 
3909.729: [GC (Allocation Failure) [PSYoungGen: 339968K->141344K(459264K)] 1075383K->973036K(1857536K), 0.0613014 secs] [Times: user=0.37 sys=0.00, real=0.06 secs] 
3912.354: [GC (Allocation Failure) [PSYoungGen: 374304K->124448K(451584K)] 1205996K->1097700K(1849856K), 0.0824628 secs] [Times: user=0.49 sys=0.00, real=0.09 secs] 
3913.639: [GC (Allocation Failure) [PSYoungGen: 374816K->3104K(463360K)] 1348068K->976432K(1861632K), 0.0035924 secs] [Times: user=0.01 sys=0.00, real=0.00 secs] 
3915.124: [GC (Allocation Failure) [PSYoungGen: 253472K->172800K(458752K)] 1226800K->1147708K(1857024K), 0.0345712 secs] [Times: user=0.20 sys=0.00, real=0.04 secs] 
3917.464: [GC (Allocation Failure) [PSYoungGen: 405760K->94848K(465920K)] 1380668K->1233804K(1864192K), 0.1834972 secs] [Times: user=1.09 sys=0.01, real=0.19 secs] 
3917.647: [Full GC (Ergonomics) [PSYoungGen: 94848K->0K(465920K)] [ParOldGen: 1138956K->37142K(1398272K)] 1233804K->37142K(1864192K), [Metaspace: 60438K->60438K(1105920K)], 0.1053851 secs] [Times: user=0.42 sys=0.00, real=0.10 secs] 
3919.164: [GC (Allocation Failure) [PSYoungGen: 224265K->163744K(461824K)] 261407K->200886K(1860096K), 0.0316645 secs] [Times: user=0.19 sys=0.00, real=0.03 secs] 
3921.666: [GC (Allocation Failure) [PSYoungGen: 396704K->94528K(327680K)] 433846K->286622K(1725952K), 0.1607306 secs] [Times: user=0.95 sys=0.01, real=0.16 secs] 
3922.869: [GC (Allocation Failure) [PSYoungGen: 327488K->168960K(460800K)] 519582K->451219K(1859072K), 0.0497040 secs] [Times: user=0.29 sys=0.00, real=0.05 secs] 
3926.073: [GC (Allocation Failure) [PSYoungGen: 401408K->87936K(465408K)] 683667K->538547K(1863680K), 0.1708603 secs] [Times: user=1.02 sys=0.00, real=0.17 secs] 
3927.056: [GC (Allocation Failure) [PSYoungGen: 320384K->169696K(463872K)] 770995K->704628K(1862144K), 0.0556918 secs] [Times: user=0.34 sys=0.00, real=0.06 secs] 
3931.113: [GC (Allocation Failure) [PSYoungGen: 402656K->80128K(465920K)] 937588K->784988K(1864192K), 0.1601670 secs] [Times: user=0.95 sys=0.00, real=0.16 secs] 
3931.972: [GC (Allocation Failure) [PSYoungGen: 313088K->178016K(465920K)] 1017948K->957138K(1864192K), 0.0566651 secs] [Times: user=0.34 sys=0.00, real=0.06 secs] 
3934.014: [GC (Allocation Failure) [PSYoungGen: 410976K->88608K(465920K)] 1190098K->1045902K(1864192K), 0.1431887 secs] [Times: user=0.85 sys=0.00, real=0.15 secs] 
3935.721: [GC (Allocation Failure) [PSYoungGen: 320374K->204448K(465920K)] 1277668K->1244482K(1864192K), 0.0592818 secs] [Times: user=0.35 sys=0.00, real=0.06 secs] 
3939.829: [GC (Allocation Failure) [PSYoungGen: 437408K->84480K(465920K)] 1477442K->1295074K(1864192K), 0.1176194 secs] [Times: user=0.70 sys=0.00, real=0.12 secs] 
3939.947: [Full GC (Ergonomics) [PSYoungGen: 84480K->0K(465920K)] [ParOldGen: 1210594K->100071K(1398272K)] 1295074K->100071K(1864192K), [Metaspace: 60451K->60451K(1105920K)], 0.2372761 secs] [Times: user=1.09 sys=0.00, real=0.23 secs] 
3941.304: [GC (Allocation Failure) [PSYoungGen: 232960K->159776K(465920K)] 333031K->259847K(1864192K), 0.0465074 secs] [Times: user=0.28 sys=0.00, real=0.05 secs] 
3943.233: [GC (Allocation Failure) [PSYoungGen: 387108K->93728K(465920K)] 487180K->353547K(1864192K), 0.1020959 secs] [Times: user=0.61 sys=0.00, real=0.10 secs] 
3944.497: [GC (Allocation Failure) [PSYoungGen: 326688K->150720K(465920K)] 586507K->497540K(1864192K), 0.0601159 secs] [Times: user=0.36 sys=0.00, real=0.06 secs] 
3946.579: [GC (Allocation Failure) [PSYoungGen: 383680K->115136K(465920K)] 730500K->612836K(1864192K), 0.0822107 secs] [Times: user=0.49 sys=0.00, real=0.08 secs] 
3947.821: [GC (Allocation Failure) [PSYoungGen: 348096K->134112K(452608K)] 845796K->736577K(1850880K), 0.0614359 secs] [Times: user=0.36 sys=0.00, real=0.06 secs] 
3951.107: [GC (Allocation Failure) [PSYoungGen: 367072K->143264K(459264K)] 969537K->879069K(1857536K), 0.0703539 secs] [Times: user=0.42 sys=0.00, real=0.07 secs] 
3952.409: [GC (Allocation Failure) [PSYoungGen: 376224K->1856K(455168K)] 1112029K->737801K(1853440K), 0.0020421 secs] [Times: user=0.01 sys=0.00, real=0.00 secs] 
3955.552: [GC (Allocation Failure) [PSYoungGen: 234816K->144480K(465920K)] 970761K->881014K(1864192K), 0.0327320 secs] [Times: user=0.20 sys=0.00, real=0.03 secs] 
3956.969: [GC (Allocation Failure) [PSYoungGen: 377440K->5440K(465920K)] 1113974K->742134K(1864192K), 0.0034721 secs] [Times: user=0.02 sys=0.00, real=0.00 secs] 
3958.771: [GC (Allocation Failure) [PSYoungGen: 238400K->163200K(465920K)] 975094K->903919K(1864192K), 0.0328981 secs] [Times: user=0.19 sys=0.00, real=0.03 secs] 
3961.447: [GC (Allocation Failure) [PSYoungGen: 396160K->96928K(465920K)] 1136879K->992143K(1864192K), 0.1722694 secs] [Times: user=1.03 sys=0.01, real=0.17 secs] 
3963.745: [GC (Allocation Failure) [PSYoungGen: 329888K->167808K(465920K)] 1225103K->1157051K(1864192K), 0.0519024 secs] [Times: user=0.31 sys=0.00, real=0.06 secs] 
3966.199: [GC (Allocation Failure) [PSYoungGen: 400768K->94560K(465920K)] 1390011K->1242579K(1864192K), 0.1688473 secs] [Times: user=1.00 sys=0.01, real=0.17 secs] 
3966.368: [Full GC (Ergonomics) [PSYoungGen: 94560K->0K(465920K)] [ParOldGen: 1148019K->44158K(1398272K)] 1242579K->44158K(1864192K), [Metaspace: 60464K->60464K(1105920K)], 0.1170361 secs] [Times: user=0.49 sys=0.00, real=0.11 secs] 
3968.560: [GC (Allocation Failure) [PSYoungGen: 232960K->201056K(465920K)] 277118K->245214K(1864192K), 0.0373465 secs] [Times: user=0.22 sys=0.00, real=0.04 secs] 
3970.602: [GC (Allocation Failure) [PSYoungGen: 434016K->91232K(465920K)] 478174K->303214K(1864192K), 0.1418866 secs] [Times: user=0.84 sys=0.01, real=0.14 secs] 
3972.458: [GC (Allocation Failure) [PSYoungGen: 324192K->163936K(465920K)] 536174K->463163K(1864192K), 0.1443151 secs] [Times: user=0.86 sys=0.00, real=0.14 secs] 
3977.308: [GC (Allocation Failure) [PSYoungGen: 393009K->81920K(465920K)] 692236K->544807K(1864192K), 0.1681265 secs] [Times: user=1.00 sys=0.00, real=0.17 secs] 
3978.004: [GC (Allocation Failure) [PSYoungGen: 314880K->186528K(465920K)] 777767K->727348K(1864192K), 0.0556448 secs] [Times: user=0.33 sys=0.00, real=0.06 secs] 
3980.087: [GC (Allocation Failure) [PSYoungGen: 419488K->91872K(465920K)] 960308K->802400K(1864192K), 0.1236037 secs] [Times: user=0.74 sys=0.00, real=0.12 secs] 
3981.444: [GC (Allocation Failure) [PSYoungGen: 324832K->174880K(465920K)] 1035360K->971333K(1864192K), 0.1408644 secs] [Times: user=0.84 sys=0.00, real=0.14 secs] 
3984.521: [GC (Allocation Failure) [PSYoungGen: 407840K->86880K(465920K)] 1204293K->1057989K(1864192K), 0.1223758 secs] [Times: user=0.73 sys=0.00, real=0.12 secs] 
3986.676: [GC (Allocation Failure) [PSYoungGen: 319840K->159296K(465920K)] 1290949K->1211026K(1864192K), 0.0613901 secs] [Times: user=0.37 sys=0.00, real=0.06 secs] 
3989.170: [GC (Allocation Failure) [PSYoungGen: 388426K->92960K(465920K)] 1440156K->1303786K(1864192K), 0.0970245 secs] [Times: user=0.58 sys=0.00, real=0.10 secs] 
3989.267: [Full GC (Ergonomics) [PSYoungGen: 92960K->0K(465920K)] [ParOldGen: 1210826K->108548K(1398272K)] 1303786K->108548K(1864192K), [Metaspace: 60464K->60464K(1105920K)], 0.2492532 secs] [Times: user=1.13 sys=0.00, real=0.25 secs] 
3991.199: [GC (Allocation Failure) [PSYoungGen: 232960K->151648K(465920K)] 341508K->260196K(1864192K), 0.0430467 secs] [Times: user=0.25 sys=0.00, real=0.04 secs] 
3993.208: [GC (Allocation Failure) [PSYoungGen: 384608K->106368K(465920K)] 493156K->366364K(1864192K), 0.0778088 secs] [Times: user=0.46 sys=0.00, real=0.08 secs] 
3994.935: [GC (Allocation Failure) [PSYoungGen: 339328K->141920K(375296K)] 599324K->497713K(1773568K), 0.0608226 secs] [Times: user=0.37 sys=0.00, real=0.06 secs] 
3996.161: [GC (Allocation Failure) [PSYoungGen: 374880K->124960K(474112K)] 730673K->622473K(1872384K), 0.0657257 secs] [Times: user=0.38 sys=0.01, real=0.07 secs] 
3999.070: [GC (Allocation Failure) [PSYoungGen: 368160K->1408K(463872K)] 865673K->498945K(1862144K), 0.0018316 secs] [Times: user=0.01 sys=0.00, real=0.00 secs] 
4000.840: [GC (Allocation Failure) [PSYoungGen: 244608K->156512K(465408K)] 742145K->654670K(1863680K), 0.0306136 secs] [Times: user=0.18 sys=0.00, real=0.03 secs] 
4004.186: [GC (Allocation Failure) [PSYoungGen: 389472K->8000K(465920K)] 887630K->506306K(1864192K), 0.0030877 secs] [Times: user=0.02 sys=0.00, real=0.00 secs] 
4005.947: [GC (Allocation Failure) [PSYoungGen: 240960K->165664K(465920K)] 739266K->670375K(1864192K), 0.0925495 secs] [Times: user=0.55 sys=0.00, real=0.09 secs] 
4008.360: [GC (Allocation Failure) [PSYoungGen: 398624K->94016K(465920K)] 903335K->756039K(1864192K), 0.0855362 secs] [Times: user=0.50 sys=0.00, real=0.08 secs] 
4009.727: [GC (Allocation Failure) [PSYoungGen: 322723K->165504K(465920K)] 984746K->919556K(1864192K), 0.1342177 secs] [Times: user=0.80 sys=0.00, real=0.13 secs] 
4012.462: [GC (Allocation Failure) [PSYoungGen: 398464K->93856K(465920K)] 1152516K->1005068K(1864192K), 0.1212841 secs] [Times: user=0.72 sys=0.00, real=0.12 secs] 
4013.166: [GC (Allocation Failure) [PSYoungGen: 326816K->170816K(465920K)] 1238028K->1172789K(1864192K), 0.0523611 secs] [Times: user=0.31 sys=0.00, real=0.05 secs] 
4016.818: [GC (Allocation Failure) [PSYoungGen: 403776K->84960K(465920K)] 1405749K->1257861K(1864192K), 0.1078393 secs] [Times: user=0.64 sys=0.00, real=0.11 secs] 
4016.926: [Full GC (Ergonomics) [PSYoungGen: 84960K->0K(465920K)] [ParOldGen: 1172901K->58134K(1398272K)] 1257861K->58134K(1864192K), [Metaspace: 60470K->60470K(1105920K)], 0.1298986 secs] [Times: user=0.56 sys=0.00, real=0.13 secs] 
4017.873: [GC (Allocation Failure) [PSYoungGen: 232960K->167840K(465920K)] 291094K->225974K(1864192K), 0.0699062 secs] [Times: user=0.41 sys=0.00, real=0.07 secs] 
4021.179: [GC (Allocation Failure) [PSYoungGen: 400800K->86240K(465920K)] 458934K->312014K(1864192K), 0.1753519 secs] [Times: user=1.04 sys=0.01, real=0.17 secs] 
4023.479: [GC (Allocation Failure) [PSYoungGen: 319200K->171808K(465920K)] 544974K->477951K(1864192K), 0.1445963 secs] [Times: user=0.86 sys=0.01, real=0.14 secs] 
4025.580: [GC (Allocation Failure) [PSYoungGen: 404768K->89504K(465920K)] 710911K->567407K(1864192K), 0.1354138 secs] [Times: user=0.81 sys=0.00, real=0.13 secs] 
4026.860: [GC (Allocation Failure) [PSYoungGen: 322464K->204576K(465920K)] 800367K->766140K(1864192K), 0.1408639 secs] [Times: user=0.84 sys=0.00, real=0.14 secs] 
4030.165: [GC (Allocation Failure) [PSYoungGen: 437536K->85984K(465920K)] 999100K->819276K(1864192K), 0.1121461 secs] [Times: user=0.67 sys=0.00, real=0.12 secs] 
4032.311: [GC (Allocation Failure) [PSYoungGen: 318944K->158560K(465920K)] 1052236K->971053K(1864192K), 0.0603396 secs] [Times: user=0.36 sys=0.00, real=0.06 secs] 
4035.275: [GC (Allocation Failure) [PSYoungGen: 391520K->106688K(465920K)] 1204013K->1077597K(1864192K), 0.0922109 secs] [Times: user=0.55 sys=0.00, real=0.10 secs] 
4036.533: [GC (Allocation Failure) [PSYoungGen: 339648K->149696K(465920K)] 1310557K->1208684K(1864192K), 0.0608776 secs] [Times: user=0.36 sys=0.00, real=0.06 secs] 
4038.422: [GC (Allocation Failure) [PSYoungGen: 382656K->120768K(353792K)] 1441644K->1329388K(1752064K), 0.0682113 secs] [Times: user=0.41 sys=0.00, real=0.07 secs] 
4038.490: [Full GC (Ergonomics) [PSYoungGen: 120768K->0K(353792K)] [ParOldGen: 1208620K->135885K(1398272K)] 1329388K->135885K(1752064K), [Metaspace: 60470K->60470K(1105920K)], 0.3041933 secs] [Times: user=1.38 sys=0.00, real=0.30 secs] 
4040.617: [GC (Allocation Failure) [PSYoungGen: 232960K->126592K(475136K)] 368845K->262477K(1873408K), 0.0458830 secs] [Times: user=0.27 sys=0.00, real=0.04 secs] 
4042.263: [GC (Allocation Failure) [PSYoungGen: 369792K->147936K(464896K)] 505677K->410685K(1863168K), 0.0631686 secs] [Times: user=0.38 sys=0.00, real=0.07 secs] 
4045.150: [GC (Allocation Failure) [PSYoungGen: 391136K->7392K(453632K)] 653885K->270173K(1851904K), 0.0047619 secs] [Times: user=0.02 sys=0.00, real=0.00 secs] 
4047.296: [GC (Allocation Failure) [PSYoungGen: 240864K->163328K(465408K)] 503645K->431762K(1863680K), 0.0330146 secs] [Times: user=0.19 sys=0.00, real=0.03 secs] 
4049.543: [GC (Allocation Failure) [PSYoungGen: 396800K->100064K(460800K)] 665234K->522954K(1859072K), 0.1552417 secs] [Times: user=0.92 sys=0.00, real=0.16 secs] 
4050.716: [GC (Allocation Failure) [PSYoungGen: 320365K->163136K(463360K)] 743255K->683991K(1861632K), 0.0517622 secs] [Times: user=0.30 sys=0.00, real=0.05 secs] 
4053.204: [GC (Allocation Failure) [PSYoungGen: 397120K->92192K(464896K)] 917975K->767903K(1863168K), 0.1615513 secs] [Times: user=0.96 sys=0.01, real=0.16 secs] 
4055.696: [GC (Allocation Failure) [PSYoungGen: 328736K->172736K(465408K)] 1004447K->936700K(1863680K), 0.0758745 secs] [Times: user=0.43 sys=0.00, real=0.08 secs] 
4058.986: [GC (Allocation Failure) [PSYoungGen: 409280K->89440K(466432K)] 1173244K->1025792K(1864704K), 0.1730787 secs] [Times: user=1.04 sys=0.00, real=0.17 secs] 
4059.951: [GC (Allocation Failure) [PSYoungGen: 322912K->172224K(465920K)] 1259264K->1194328K(1864192K), 0.0713997 secs] [Times: user=0.42 sys=0.00, real=0.07 secs] 
4062.868: [GC (Allocation Failure) [PSYoungGen: 405696K->84128K(465920K)] 1427800K->1278649K(1864192K), 0.1507618 secs] [Times: user=0.90 sys=0.00, real=0.15 secs] 
4063.019: [Full GC (Ergonomics) [PSYoungGen: 84128K->0K(465920K)] [ParOldGen: 1194520K->76732K(1398272K)] 1278649K->76732K(1864192K), [Metaspace: 60472K->60472K(1105920K)], 0.1927122 secs] [Times: user=0.89 sys=0.00, real=0.19 secs] 
4064.931: [GC (Allocation Failure) [PSYoungGen: 232960K->173376K(465920K)] 309692K->250108K(1864192K), 0.1080105 secs] [Times: user=0.64 sys=0.00, real=0.11 secs] 
4069.167: [GC (Allocation Failure) [PSYoungGen: 406336K->79392K(465920K)] 483068K->329708K(1864192K), 0.1328674 secs] [Times: user=0.80 sys=0.01, real=0.13 secs] 
4069.889: [GC (Allocation Failure) [PSYoungGen: 311712K->209440K(465920K)] 562029K->532979K(1864192K), 0.0613602 secs] [Times: user=0.36 sys=0.00, real=0.06 secs] 
4070.910: [GC (Allocation Failure) [PSYoungGen: 437845K->92608K(465920K)] 761385K->591055K(1864192K), 0.0673327 secs] [Times: user=0.40 sys=0.00, real=0.07 secs] 
4073.071: [GC (Allocation Failure) [PSYoungGen: 325568K->151424K(465920K)] 824015K->736420K(1864192K), 0.0609525 secs] [Times: user=0.36 sys=0.00, real=0.06 secs] 
4076.067: [GC (Allocation Failure) [PSYoungGen: 384384K->105792K(465920K)] 969380K->841652K(1864192K), 0.0920165 secs] [Times: user=0.55 sys=0.00, real=0.09 secs] 
4077.430: [GC (Allocation Failure) [PSYoungGen: 338752K->142656K(465920K)] 1074612K->974105K(1864192K), 0.0611835 secs] [Times: user=0.37 sys=0.00, real=0.06 secs] 
4079.359: [GC (Allocation Failure) [PSYoungGen: 375616K->124800K(453632K)] 1207065K->1098305K(1851904K), 0.0667932 secs] [Times: user=0.40 sys=0.00, real=0.06 secs] 
4080.884: [GC (Allocation Failure) [PSYoungGen: 357757K->256K(459776K)] 1331263K->973793K(1858048K), 0.0020888 secs] [Times: user=0.01 sys=0.00, real=0.00 secs] 
4085.066: [GC (Allocation Failure) [PSYoungGen: 233216K->139584K(465920K)] 1206753K->1113136K(1864192K), 0.0336738 secs] [Times: user=0.19 sys=0.00, real=0.03 secs] 
4086.315: [GC (Allocation Failure) [PSYoungGen: 372544K->3296K(465920K)] 1346096K->976900K(1864192K), 0.0031632 secs] [Times: user=0.02 sys=0.00, real=0.01 secs] 
4088.426: [GC (Allocation Failure) [PSYoungGen: 236256K->162432K(465920K)] 1209860K->1137713K(1864192K), 0.0311631 secs] [Times: user=0.19 sys=0.00, real=0.03 secs] 
4090.378: [GC (Allocation Failure) [PSYoungGen: 395392K->101792K(465920K)] 1370673K->1221781K(1864192K), 0.1763498 secs] [Times: user=1.05 sys=0.01, real=0.17 secs] 
4094.211: [GC (Allocation Failure) [PSYoungGen: 334752K->163072K(465920K)] 1454741K->1382790K(1864192K), 0.0536198 secs] [Times: user=0.32 sys=0.00, real=0.05 secs] 
4094.265: [Full GC (Ergonomics) [PSYoungGen: 163072K->0K(465920K)] [ParOldGen: 1219718K->185802K(1398272K)] 1382790K->185802K(1864192K), [Metaspace: 60472K->60472K(1105920K)], 0.4380190 secs] [Times: user=2.03 sys=0.00, real=0.44 secs] 
4096.270: [GC (Allocation Failure) [PSYoungGen: 232960K->99456K(465920K)] 418762K->285266K(1864192K), 0.0641962 secs] [Times: user=0.38 sys=0.01, real=0.06 secs] 
4098.590: [GC (Allocation Failure) [PSYoungGen: 331109K->163648K(465920K)] 516920K->445379K(1864192K), 0.0521253 secs] [Times: user=0.31 sys=0.00, real=0.05 secs] 
4101.286: [GC (Allocation Failure) [PSYoungGen: 396608K->95296K(465920K)] 678339K->531459K(1864192K), 0.1519077 secs] [Times: user=0.91 sys=0.00, real=0.15 secs] 
4102.602: [GC (Allocation Failure) [PSYoungGen: 328256K->186528K(465920K)] 764419K->714260K(1864192K), 0.0512625 secs] [Times: user=0.30 sys=0.00, real=0.05 secs] 
4104.824: [GC (Allocation Failure) [PSYoungGen: 419488K->87232K(465920K)] 947220K->784828K(1864192K), 0.1774019 secs] [Times: user=1.06 sys=0.00, real=0.18 secs] 
4105.592: [GC (Allocation Failure) [PSYoungGen: 320192K->173184K(465920K)] 1017788K->953667K(1864192K), 0.0565463 secs] [Times: user=0.33 sys=0.00, real=0.06 secs] 
4108.633: [GC (Allocation Failure) [PSYoungGen: 406144K->87712K(465920K)] 1186627K->1041355K(1864192K), 0.1516363 secs] [Times: user=0.91 sys=0.00, real=0.15 secs] 
4109.081: [GC (Allocation Failure) [PSYoungGen: 320672K->179520K(465920K)] 1274315K->1214908K(1864192K), 0.0592545 secs] [Times: user=0.35 sys=0.00, real=0.06 secs] 
4112.289: [GC (Allocation Failure) [PSYoungGen: 412480K->86848K(465920K)] 1447868K->1302060K(1864192K), 0.1146870 secs] [Times: user=0.68 sys=0.00, real=0.11 secs] 
4112.404: [Full GC (Ergonomics) [PSYoungGen: 86848K->0K(465920K)] [ParOldGen: 1215212K->101373K(1398272K)] 1302060K->101373K(1864192K), [Metaspace: 60472K->60472K(1105920K)], 0.2328314 secs] [Times: user=1.05 sys=0.00, real=0.24 secs] 
4114.391: [GC (Allocation Failure) [PSYoungGen: 229782K->195456K(465920K)] 331156K->296829K(1864192K), 0.0482933 secs] [Times: user=0.28 sys=0.00, real=0.05 secs] 
4118.860: [GC (Allocation Failure) [PSYoungGen: 428416K->89120K(465920K)] 529789K->348921K(1864192K), 0.1057276 secs] [Times: user=0.63 sys=0.00, real=0.10 secs] 
4120.167: [GC (Allocation Failure) [PSYoungGen: 322080K->155072K(465920K)] 581881K->497344K(1864192K), 0.0595668 secs] [Times: user=0.35 sys=0.00, real=0.06 secs] 
4121.658: [GC (Allocation Failure) [PSYoungGen: 388032K->107392K(465920K)] 730304K->604688K(1864192K), 0.0816027 secs] [Times: user=0.49 sys=0.00, real=0.08 secs] 
4123.198: [GC (Allocation Failure) [PSYoungGen: 340352K->140928K(465920K)] 837648K->735085K(1864192K), 0.0609677 secs] [Times: user=0.36 sys=0.00, real=0.06 secs] 
4125.668: [GC (Allocation Failure) [PSYoungGen: 373888K->123360K(356352K)] 968045K->858249K(1754624K), 0.0767722 secs] [Times: user=0.45 sys=0.01, real=0.07 secs] 
4129.659: [GC (Allocation Failure) [PSYoungGen: 356320K->125280K(469504K)] 1091209K->972734K(1867776K), 0.0624565 secs] [Times: user=0.37 sys=0.00, real=0.06 secs] 
4130.556: [GC (Allocation Failure) [PSYoungGen: 367456K->147712K(460288K)] 1214910K->1120622K(1858560K), 0.0583653 secs] [Times: user=0.35 sys=0.00, real=0.05 secs] 
4133.086: [GC (Allocation Failure) [PSYoungGen: 389888K->5856K(457728K)] 1362798K->978798K(1856000K), 0.0045175 secs] [Times: user=0.02 sys=0.00, real=0.00 secs] 
4135.829: [GC (Allocation Failure) [PSYoungGen: 247008K->174208K(415744K)] 1219950K->1150955K(1814016K), 0.0334695 secs] [Times: user=0.20 sys=0.00, real=0.03 secs] 
4138.234: [GC (Allocation Failure) [PSYoungGen: 415360K->104768K(468480K)] 1392107K->1238471K(1866752K), 0.1402224 secs] [Times: user=0.83 sys=0.01, real=0.14 secs] 
4139.107: [GC (Allocation Failure) [PSYoungGen: 340288K->173248K(465920K)] 1473991K->1408560K(1864192K), 0.0549011 secs] [Times: user=0.33 sys=0.00, real=0.05 secs] 
4139.162: [Full GC (Ergonomics) [PSYoungGen: 173248K->0K(465920K)] [ParOldGen: 1235312K->211588K(1398272K)] 1408560K->211588K(1864192K), [Metaspace: 60472K->60472K(1105920K)], 0.4924791 secs] [Times: user=2.30 sys=0.00, real=0.49 secs] 
4143.492: [GC (Allocation Failure) [PSYoungGen: 235520K->88096K(465920K)] 447108K->299684K(1864192K), 0.1605215 secs] [Times: user=0.96 sys=0.00, real=0.16 secs] 
4144.144: [GC (Allocation Failure) [PSYoungGen: 321056K->170816K(465920K)] 532644K->467021K(1864192K), 0.0553279 secs] [Times: user=0.32 sys=0.00, real=0.06 secs] 
4147.855: [GC (Allocation Failure) [PSYoungGen: 403776K->85440K(465920K)] 699981K->552361K(1864192K), 0.1732878 secs] [Times: user=1.00 sys=0.00, real=0.18 secs] 
4148.338: [GC (Allocation Failure) [PSYoungGen: 318400K->179424K(465920K)] 785321K->725858K(1864192K), 0.0584659 secs] [Times: user=0.35 sys=0.01, real=0.06 secs] 
4152.228: [GC (Allocation Failure) [PSYoungGen: 412384K->82336K(465920K)] 958818K->808386K(1864192K), 0.1200150 secs] [Times: user=0.72 sys=0.00, real=0.12 secs] 
4153.236: [GC (Allocation Failure) [PSYoungGen: 315296K->186144K(465920K)] 1041346K->988711K(1864192K), 0.0649557 secs] [Times: user=0.38 sys=0.00, real=0.06 secs] 
4155.524: [GC (Allocation Failure) [PSYoungGen: 412658K->92608K(465920K)] 1215225K->1060775K(1864192K), 0.1095137 secs] [Times: user=0.65 sys=0.00, real=0.11 secs] 
4158.366: [GC (Allocation Failure) [PSYoungGen: 325568K->150848K(465920K)] 1293735K->1205540K(1864192K), 0.0606818 secs] [Times: user=0.36 sys=0.00, real=0.06 secs] 
4161.404: [GC (Allocation Failure) [PSYoungGen: 383808K->102592K(465920K)] 1438500K->1308244K(1864192K), 0.0988679 secs] [Times: user=0.59 sys=0.00, real=0.10 secs] 
4161.503: [Full GC (Ergonomics) [PSYoungGen: 102592K->0K(465920K)] [ParOldGen: 1205652K->118188K(1398272K)] 1308244K->118188K(1864192K), [Metaspace: 60472K->60472K(1105920K)], 0.2722780 secs] [Times: user=1.25 sys=0.00, real=0.27 secs] 
4162.908: [GC (Allocation Failure) [PSYoungGen: 232960K->145888K(465920K)] 351148K->264076K(1864192K), 0.0511192 secs] [Times: user=0.30 sys=0.00, real=0.05 secs] 
4165.757: [GC (Allocation Failure) [PSYoungGen: 378848K->121024K(448512K)] 497036K->384768K(1846784K), 0.0911908 secs] [Times: user=0.54 sys=0.00, real=0.09 secs] 
4167.032: [GC (Allocation Failure) [PSYoungGen: 353984K->127392K(457216K)] 617728K->501573K(1855488K), 0.0620677 secs] [Times: user=0.37 sys=0.00, real=0.06 secs] 
4169.672: [GC (Allocation Failure) [PSYoungGen: 360352K->139808K(467456K)] 734533K->641157K(1865728K), 0.0672013 secs] [Times: user=0.40 sys=0.00, real=0.07 secs] 
4171.537: [GC (Allocation Failure) [PSYoungGen: 399904K->14880K(470528K)] 901253K->516309K(1868800K), 0.0104464 secs] [Times: user=0.05 sys=0.00, real=0.01 secs] 
4173.551: [GC (Allocation Failure) [PSYoungGen: 274976K->185696K(454656K)] 776405K->699274K(1852928K), 0.0404195 secs] [Times: user=0.23 sys=0.00, real=0.04 secs] 
4176.688: [GC (Allocation Failure) [PSYoungGen: 418656K->85984K(465920K)] 932234K->785342K(1864192K), 0.1830740 secs] [Times: user=1.09 sys=0.01, real=0.18 secs] 
4177.649: [GC (Allocation Failure) [PSYoungGen: 318944K->170848K(464896K)] 1018302K->952319K(1863168K), 0.0555496 secs] [Times: user=0.33 sys=0.00, real=0.05 secs] 
4180.301: [GC (Allocation Failure) [PSYoungGen: 403808K->88320K(465920K)] 1185279K->1040183K(1864192K), 0.1768530 secs] [Times: user=1.05 sys=0.00, real=0.18 secs] 
4182.242: [GC (Allocation Failure) [PSYoungGen: 321280K->171616K(465920K)] 1273143K->1205843K(1864192K), 0.1458319 secs] [Times: user=0.87 sys=0.00, real=0.15 secs] 
4185.592: [GC (Allocation Failure) [PSYoungGen: 404576K->89472K(465920K)] 1438803K->1294844K(1864192K), 0.1326465 secs] [Times: user=0.79 sys=0.00, real=0.13 secs] 
4185.724: [Full GC (Ergonomics) [PSYoungGen: 89472K->0K(465920K)] [ParOldGen: 1205371K->92650K(1398272K)] 1294844K->92650K(1864192K), [Metaspace: 60472K->60472K(1105920K)], 0.2309607 secs] [Times: user=1.06 sys=0.00, real=0.23 secs] 
4186.826: [GC (Allocation Failure) [PSYoungGen: 232960K->187360K(465920K)] 325610K->280010K(1864192K), 0.0465495 secs] [Times: user=0.28 sys=0.00, real=0.04 secs] 
4190.011: [GC (Allocation Failure) [PSYoungGen: 419919K->93056K(465920K)] 512570K->352186K(1864192K), 0.1070088 secs] [Times: user=0.63 sys=0.00, real=0.11 secs] 
4192.227: [GC (Allocation Failure) [PSYoungGen: 326016K->150816K(465920K)] 585146K->496471K(1864192K), 0.0600152 secs] [Times: user=0.35 sys=0.00, real=0.06 secs] 
4193.934: [GC (Allocation Failure) [PSYoungGen: 383776K->107008K(465920K)] 729431K->603703K(1864192K), 0.0935696 secs] [Times: user=0.56 sys=0.00, real=0.10 secs] 
4196.171: [GC (Allocation Failure) [PSYoungGen: 339968K->141024K(455680K)] 836663K->734486K(1853952K), 0.0609906 secs] [Times: user=0.36 sys=0.00, real=0.06 secs] 
4198.944: [GC (Allocation Failure) [PSYoungGen: 373984K->129920K(460800K)] 967446K->864206K(1859072K), 0.0783256 secs] [Times: user=0.46 sys=0.00, real=0.08 secs] 
4200.927: [GC (Allocation Failure) [PSYoungGen: 362880K->126624K(457728K)] 1097166K->972245K(1856000K), 0.0626338 secs] [Times: user=0.38 sys=0.00, real=0.06 secs] 
4203.270: [GC (Allocation Failure) [PSYoungGen: 379040K->163616K(462336K)] 1224661K->1136053K(1860608K), 0.0598891 secs] [Times: user=0.35 sys=0.00, real=0.06 secs] 
4205.253: [GC (Allocation Failure) [PSYoungGen: 416032K->23552K(464384K)] 1388469K->996041K(1862656K), 0.0198146 secs] [Times: user=0.11 sys=0.00, real=0.02 secs] 
4206.818: [GC (Allocation Failure) [PSYoungGen: 272896K->178336K(428032K)] 1245385K->1170910K(1826304K), 0.0419255 secs] [Times: user=0.25 sys=0.00, real=0.04 secs] 
4209.688: [GC (Allocation Failure) [PSYoungGen: 427680K->99520K(469504K)] 1420254K->1269870K(1867776K), 0.1488107 secs] [Times: user=0.85 sys=0.00, real=0.15 secs] 
4209.837: [Full GC (Ergonomics) [PSYoungGen: 99520K->0K(469504K)] [ParOldGen: 1170350K->74371K(1398272K)] 1269870K->74371K(1867776K), [Metaspace: 60472K->60472K(1105920K)], 0.1881288 secs] [Times: user=0.87 sys=0.00, real=0.18 secs] 
4212.169: [GC (Allocation Failure) [PSYoungGen: 236544K->176032K(465920K)] 310915K->250403K(1864192K), 0.1010865 secs] [Times: user=0.61 sys=0.00, real=0.10 secs] 
4217.082: [GC (Allocation Failure) [PSYoungGen: 412576K->80256K(465920K)] 486947K->330963K(1864192K), 0.1547334 secs] [Times: user=0.93 sys=0.00, real=0.16 secs] 
4217.825: [GC (Allocation Failure) [PSYoungGen: 309343K->207584K(465920K)] 560050K->532559K(1864192K), 0.0602866 secs] [Times: user=0.36 sys=0.01, real=0.06 secs] 
4219.287: [GC (Allocation Failure) [PSYoungGen: 435688K->92672K(465920K)] 760664K->590659K(1864192K), 0.1009752 secs] [Times: user=0.60 sys=0.00, real=0.10 secs] 
4220.801: [GC (Allocation Failure) [PSYoungGen: 325632K->150656K(465920K)] 823619K->735171K(1864192K), 0.0601115 secs] [Times: user=0.36 sys=0.00, real=0.06 secs] 
4224.834: [GC (Allocation Failure) [PSYoungGen: 383616K->102048K(465920K)] 968131K->837387K(1864192K), 0.0943552 secs] [Times: user=0.56 sys=0.00, real=0.10 secs] 
4226.114: [GC (Allocation Failure) [PSYoungGen: 335008K->145984K(465920K)] 1070347K->972798K(1864192K), 0.0610051 secs] [Times: user=0.36 sys=0.00, real=0.06 secs] 
4229.257: [GC (Allocation Failure) [PSYoungGen: 378944K->125344K(450560K)] 1205758K->1098110K(1848832K), 0.0819689 secs] [Times: user=0.48 sys=0.00, real=0.08 secs] 
4230.548: [GC (Allocation Failure) [PSYoungGen: 358304K->130848K(458240K)] 1331070K->1210243K(1856512K), 0.0624424 secs] [Times: user=0.37 sys=0.00, real=0.06 secs] 
4232.584: [GC (Allocation Failure) [PSYoungGen: 363808K->136832K(463872K)] 1443203K->1347195K(1862144K), 0.0710003 secs] [Times: user=0.42 sys=0.00, real=0.07 secs] 
4232.655: [Full GC (Ergonomics) [PSYoungGen: 136832K->0K(463872K)] [ParOldGen: 1210363K->151855K(1398272K)] 1347195K->151855K(1862144K), [Metaspace: 60473K->60473K(1105920K)], 0.3442689 secs] [Times: user=1.57 sys=0.00, real=0.35 secs] 
4234.717: [GC (Allocation Failure) [PSYoungGen: 257536K->123584K(467968K)] 409391K->275439K(1866240K), 0.0975201 secs] [Times: user=0.58 sys=0.00, real=0.09 secs] 
4237.075: [GC (Allocation Failure) [PSYoungGen: 367070K->172480K(476672K)] 518925K->446116K(1874944K), 0.0619574 secs] [Times: user=0.37 sys=0.00, real=0.07 secs] 
4240.783: [GC (Allocation Failure) [PSYoungGen: 445888K->118432K(485376K)] 719524K->555584K(1883648K), 0.1679642 secs] [Times: user=1.00 sys=0.00, real=0.17 secs] 
4243.393: [GC (Allocation Failure) [PSYoungGen: 388147K->206816K(439808K)] 825299K->776645K(1838080K), 0.0751710 secs] [Times: user=0.45 sys=0.00, real=0.08 secs] 
4245.491: [GC (Allocation Failure) [PSYoungGen: 435923K->92896K(465920K)] 1005753K->832741K(1864192K), 0.1022868 secs] [Times: user=0.61 sys=0.00, real=0.10 secs] 
4247.472: [GC (Allocation Failure) [PSYoungGen: 325856K->151136K(465920K)] 1065701K->977490K(1864192K), 0.0606157 secs] [Times: user=0.36 sys=0.00, real=0.06 secs] 
4250.661: [GC (Allocation Failure) [PSYoungGen: 384096K->102848K(465920K)] 1210450K->1080146K(1864192K), 0.0932113 secs] [Times: user=0.55 sys=0.00, real=0.09 secs] 
4254.333: [GC (Allocation Failure) [PSYoungGen: 335808K->145184K(465920K)] 1313106K->1214843K(1864192K), 0.0612339 secs] [Times: user=0.37 sys=0.00, real=0.06 secs] 
4256.527: [GC (Allocation Failure) [PSYoungGen: 378144K->117248K(465920K)] 1447803K->1332035K(1864192K), 0.0854325 secs] [Times: user=0.51 sys=0.00, real=0.08 secs] 
4256.613: [Full GC (Ergonomics) [PSYoungGen: 117248K->0K(465920K)] [ParOldGen: 1214787K->132283K(1398272K)] 1332035K->132283K(1864192K), [Metaspace: 60473K->60473K(1105920K)], 0.2947728 secs] [Times: user=1.34 sys=0.00, real=0.30 secs] 
4258.058: [GC (Allocation Failure) [PSYoungGen: 232960K->131232K(465920K)] 365243K->263515K(1864192K), 0.0450866 secs] [Times: user=0.27 sys=0.00, real=0.04 secs] 
4259.783: [GC (Allocation Failure) [PSYoungGen: 364192K->138912K(372224K)] 496475K->402463K(1770496K), 0.0786609 secs] [Times: user=0.46 sys=0.00, real=0.08 secs] 
4261.042: [GC (Allocation Failure) [PSYoungGen: 371872K->3040K(448512K)] 635423K->266735K(1846784K), 0.0019961 secs] [Times: user=0.01 sys=0.00, real=0.00 secs] 
4263.579: [GC (Allocation Failure) [PSYoungGen: 227296K->151456K(457216K)] 490991K->416601K(1855488K), 0.0318922 secs] [Times: user=0.19 sys=0.00, real=0.03 secs] 
4265.459: [GC (Allocation Failure) [PSYoungGen: 375712K->99168K(462848K)] 640857K->507401K(1861120K), 0.0781247 secs] [Times: user=0.46 sys=0.00, real=0.08 secs] 
4268.004: [GC (Allocation Failure) [PSYoungGen: 332128K->173664K(464384K)] 740361K->679236K(1862656K), 0.0529940 secs] [Times: user=0.31 sys=0.00, real=0.06 secs] 
4270.348: [GC (Allocation Failure) [PSYoungGen: 406624K->93728K(465920K)] 912196K->756388K(1864192K), 0.1768888 secs] [Times: user=1.05 sys=0.00, real=0.17 secs] 
4273.088: [GC (Allocation Failure) [PSYoungGen: 326688K->170176K(465920K)] 989348K->923549K(1864192K), 0.0515778 secs] [Times: user=0.31 sys=0.00, real=0.05 secs] 
4275.032: [GC (Allocation Failure) [PSYoungGen: 403136K->93504K(465920K)] 1156509K->1008429K(1864192K), 0.1643369 secs] [Times: user=0.97 sys=0.00, real=0.17 secs] 
4276.992: [GC (Allocation Failure) [PSYoungGen: 326464K->169760K(465920K)] 1241389K->1174014K(1864192K), 0.0510051 secs] [Times: user=0.31 sys=0.00, real=0.05 secs] 
4279.020: [GC (Allocation Failure) [PSYoungGen: 402720K->91424K(465920K)] 1406974K->1264818K(1864192K), 0.1788923 secs] [Times: user=1.06 sys=0.00, real=0.18 secs] 
4279.199: [Full GC (Ergonomics) [PSYoungGen: 91424K->0K(465920K)] [ParOldGen: 1173394K->62208K(1398272K)] 1264818K->62208K(1864192K), [Metaspace: 60473K->60473K(1105920K)], 0.1707368 secs] [Times: user=0.80 sys=0.00, real=0.17 secs] 
4280.625: [GC (Allocation Failure) [PSYoungGen: 232960K->173088K(465920K)] 295168K->235296K(1864192K), 0.0345916 secs] [Times: user=0.21 sys=0.00, real=0.04 secs] 
4284.514: [GC (Allocation Failure) [PSYoungGen: 406048K->83072K(465920K)] 468256K->318516K(1864192K), 0.1488526 secs] [Times: user=0.89 sys=0.00, real=0.15 secs] 
4284.959: [GC (Allocation Failure) [PSYoungGen: 316032K->212480K(465920K)] 551476K->524737K(1864192K), 0.0584427 secs] [Times: user=0.34 sys=0.00, real=0.06 secs] 
4288.861: [GC (Allocation Failure) [PSYoungGen: 445440K->82720K(465920K)] 757697K->574921K(1864192K), 0.1366485 secs] [Times: user=0.81 sys=0.00, real=0.14 secs] 
4290.855: [GC (Allocation Failure) [PSYoungGen: 314036K->200480K(465920K)] 806238K->769006K(1864192K), 0.0602265 secs] [Times: user=0.36 sys=0.00, real=0.06 secs] 
4294.226: [GC (Allocation Failure) [PSYoungGen: 433440K->85024K(465920K)] 1001966K->819454K(1864192K), 0.1218990 secs] [Times: user=0.73 sys=0.00, real=0.12 secs] 
4296.919: [GC (Allocation Failure) [PSYoungGen: 317984K->159264K(465920K)] 1052414K->971413K(1864192K), 0.0599029 secs] [Times: user=0.36 sys=0.00, real=0.06 secs] 
4299.912: [GC (Allocation Failure) [PSYoungGen: 392224K->100448K(465920K)] 1204373K->1072141K(1864192K), 0.1041364 secs] [Times: user=0.62 sys=0.00, real=0.10 secs] 
4301.207: [GC (Allocation Failure) [PSYoungGen: 333408K->147264K(465920K)] 1305101K->1208858K(1864192K), 0.0609226 secs] [Times: user=0.36 sys=0.00, real=0.06 secs] 
4303.395: [GC (Allocation Failure) [PSYoungGen: 380224K->122624K(465920K)] 1441818K->1331714K(1864192K), 0.0761618 secs] [Times: user=0.46 sys=0.00, real=0.08 secs] 
4303.471: [Full GC (Ergonomics) [PSYoungGen: 122624K->0K(465920K)] [ParOldGen: 1209090K->137623K(1398272K)] 1331714K->137623K(1864192K), [Metaspace: 60473K->60473K(1105920K)], 0.3143798 secs] [Times: user=1.44 sys=0.00, real=0.31 secs] 
4304.950: [GC (Allocation Failure) [PSYoungGen: 232960K->125760K(358912K)] 370583K->263383K(1757184K), 0.0449679 secs] [Times: user=0.26 sys=0.00, real=0.04 secs] 
4307.017: [GC (Allocation Failure) [PSYoungGen: 358720K->142080K(467968K)] 496343K->405027K(1866240K), 0.0703813 secs] [Times: user=0.42 sys=0.00, real=0.07 secs] 
4308.702: [GC (Allocation Failure) [PSYoungGen: 380672K->5760K(462336K)] 643619K->268739K(1860608K), 0.0033652 secs] [Times: user=0.02 sys=0.00, real=0.00 secs] 
4311.585: [GC (Allocation Failure) [PSYoungGen: 244352K->172992K(465920K)] 507331K->439936K(1864192K), 0.0334487 secs] [Times: user=0.20 sys=0.00, real=0.04 secs] 
4313.607: [GC (Allocation Failure) [PSYoungGen: 405952K->97120K(465920K)] 672896K->520044K(1864192K), 0.1750986 secs] [Times: user=1.04 sys=0.00, real=0.17 secs] 
4316.147: [GC (Allocation Failure) [PSYoungGen: 330080K->166720K(465920K)] 753004K->684037K(1864192K), 0.1309079 secs] [Times: user=0.78 sys=0.00, real=0.13 secs] 
4319.886: [GC (Allocation Failure) [PSYoungGen: 399680K->89248K(465920K)] 916997K->764869K(1864192K), 0.1537345 secs] [Times: user=0.91 sys=0.01, real=0.16 secs] 
4322.469: [GC (Allocation Failure) [PSYoungGen: 314269K->161504K(465920K)] 989890K->922873K(1864192K), 0.0480241 secs] [Times: user=0.29 sys=0.00, real=0.05 secs] 
4325.010: [GC (Allocation Failure) [PSYoungGen: 394464K->93952K(465920K)] 1155833K->1008193K(1864192K), 0.1592335 secs] [Times: user=0.94 sys=0.00, real=0.16 secs] 
4327.414: [GC (Allocation Failure) [PSYoungGen: 326912K->168928K(465920K)] 1241153K->1172918K(1864192K), 0.0504929 secs] [Times: user=0.29 sys=0.00, real=0.05 secs] 
4330.488: [GC (Allocation Failure) [PSYoungGen: 401888K->84576K(465920K)] 1405878K->1256982K(1864192K), 0.1741934 secs] [Times: user=1.04 sys=0.01, real=0.17 secs] 
4330.662: [Full GC (Ergonomics) [PSYoungGen: 84576K->0K(465920K)] [ParOldGen: 1172406K->55235K(1398272K)] 1256982K->55235K(1864192K), [Metaspace: 60474K->60474K(1105920K)], 0.1567045 secs] [Times: user=0.73 sys=0.00, real=0.16 secs] 
4332.346: [GC (Allocation Failure) [PSYoungGen: 232960K->183840K(465920K)] 288195K->239076K(1864192K), 0.0356823 secs] [Times: user=0.21 sys=0.00, real=0.04 secs] 
4336.408: [GC (Allocation Failure) [PSYoungGen: 416800K->86304K(465920K)] 472036K->308332K(1864192K), 0.1714023 secs] [Times: user=1.02 sys=0.01, real=0.17 secs] 
4338.173: [GC (Allocation Failure) [PSYoungGen: 319264K->171872K(465920K)] 541292K->474252K(1864192K), 0.0560741 secs] [Times: user=0.33 sys=0.00, real=0.06 secs] 
4340.826: [GC (Allocation Failure) [PSYoungGen: 404832K->90688K(465920K)] 707212K->564716K(1864192K), 0.1261171 secs] [Times: user=0.75 sys=0.00, real=0.12 secs] 
4341.533: [GC (Allocation Failure) [PSYoungGen: 322266K->209728K(465920K)] 796294K->768505K(1864192K), 0.0625347 secs] [Times: user=0.38 sys=0.00, real=0.07 secs] 
4345.390: [GC (Allocation Failure) [PSYoungGen: 442688K->86272K(465920K)] 1001465K->820225K(1864192K), 0.1241042 secs] [Times: user=0.74 sys=0.00, real=0.12 secs] 
4346.682: [GC (Allocation Failure) [PSYoungGen: 319232K->158464K(465920K)] 1053185K->972142K(1864192K), 0.0602936 secs] [Times: user=0.36 sys=0.00, real=0.06 secs] 
4349.286: [GC (Allocation Failure) [PSYoungGen: 391424K->100864K(465920K)] 1205102K->1072382K(1864192K), 0.0989418 secs] [Times: user=0.58 sys=0.00, real=0.09 secs] 
4350.566: [GC (Allocation Failure) [PSYoungGen: 333824K->147776K(465920K)] 1305342K->1209483K(1864192K), 0.0609546 secs] [Times: user=0.37 sys=0.00, real=0.06 secs] 
4353.697: [GC (Allocation Failure) [PSYoungGen: 380736K->116032K(465920K)] 1442443K->1325291K(1864192K), 0.0898123 secs] [Times: user=0.54 sys=0.00, real=0.09 secs] 
4353.787: [Full GC (Ergonomics) [PSYoungGen: 116032K->0K(465920K)] [ParOldGen: 1209259K->131134K(1398272K)] 1325291K->131134K(1864192K), [Metaspace: 60474K->60474K(1105920K)], 0.2962560 secs] [Times: user=1.35 sys=0.00, real=0.29 secs] 
4355.232: [GC (Allocation Failure) [PSYoungGen: 232960K->132096K(450560K)] 364094K->263230K(1848832K), 0.0468856 secs] [Times: user=0.28 sys=0.00, real=0.05 secs] 
4357.924: [GC (Allocation Failure) [PSYoungGen: 365056K->137728K(458240K)] 496190K->401254K(1856512K), 0.0785793 secs] [Times: user=0.47 sys=0.00, real=0.08 secs] 
4359.167: [GC (Allocation Failure) [PSYoungGen: 370688K->3056K(453632K)] 634214K->266734K(1851904K), 0.0021989 secs] [Times: user=0.01 sys=0.00, real=0.00 secs] 
4362.409: [GC (Allocation Failure) [PSYoungGen: 238064K->153440K(388608K)] 501742K->418379K(1786880K), 0.0302127 secs] [Times: user=0.18 sys=0.00, real=0.03 secs] 
4364.411: [GC (Allocation Failure) [PSYoungGen: 388448K->107168K(474112K)] 653387K->516307K(1872384K), 0.1673589 secs] [Times: user=0.99 sys=0.01, real=0.17 secs] 
4367.468: [GC (Allocation Failure) [PSYoungGen: 348320K->168960K(465920K)] 757459K->683184K(1864192K), 0.0544461 secs] [Times: user=0.32 sys=0.00, real=0.05 secs] 
4370.934: [GC (Allocation Failure) [PSYoungGen: 410112K->99968K(467456K)] 924336K->773704K(1865728K), 0.1688235 secs] [Times: user=1.00 sys=0.00, real=0.17 secs] 
4372.621: [GC (Allocation Failure) [PSYoungGen: 340608K->173888K(414720K)] 1014344K->944029K(1812992K), 0.0527637 secs] [Times: user=0.32 sys=0.01, real=0.05 secs] 
4375.720: [GC (Allocation Failure) [PSYoungGen: 414528K->89824K(468480K)] 1184669K->1033181K(1866752K), 0.1700358 secs] [Times: user=1.01 sys=0.00, real=0.17 secs] 
4376.194: [GC (Allocation Failure) [PSYoungGen: 325344K->197824K(465920K)] 1268701K->1224950K(1864192K), 0.0590791 secs] [Times: user=0.36 sys=0.00, real=0.06 secs] 
4379.580: [GC (Allocation Failure) [PSYoungGen: 433344K->88672K(465920K)] 1460470K->1297446K(1864192K), 0.1321438 secs] [Times: user=0.78 sys=0.01, real=0.13 secs] 
4379.713: [Full GC (Ergonomics) [PSYoungGen: 88672K->0K(465920K)] [ParOldGen: 1208774K->94945K(1398272K)] 1297446K->94945K(1864192K), [Metaspace: 60475K->60475K(1105920K)], 0.2234151 secs] [Times: user=1.02 sys=0.00, real=0.23 secs] 
4380.942: [GC (Allocation Failure) [PSYoungGen: 227769K->201632K(465920K)] 322715K->296577K(1864192K), 0.0491686 secs] [Times: user=0.29 sys=0.01, real=0.05 secs] 
4383.914: [GC (Allocation Failure) [PSYoungGen: 433041K->93088K(465920K)] 527987K->352657K(1864192K), 0.1040439 secs] [Times: user=0.62 sys=0.00, real=0.11 secs] 
4385.176: [GC (Allocation Failure) [PSYoungGen: 326048K->151360K(465920K)] 585617K->497546K(1864192K), 0.0599489 secs] [Times: user=0.36 sys=0.00, real=0.06 secs] 
4388.971: [GC (Allocation Failure) [PSYoungGen: 384320K->101536K(465920K)] 730506K->598470K(1864192K), 0.0999678 secs] [Times: user=0.59 sys=0.01, real=0.10 secs] 
4390.267: [GC (Allocation Failure) [PSYoungGen: 334496K->146944K(465920K)] 831430K->734631K(1864192K), 0.0600323 secs] [Times: user=0.36 sys=0.00, real=0.06 secs] 
4393.934: [GC (Allocation Failure) [PSYoungGen: 379904K->115744K(459776K)] 967591K->850591K(1858048K), 0.0748037 secs] [Times: user=0.44 sys=0.00, real=0.08 secs] 
4395.218: [GC (Allocation Failure) [PSYoungGen: 348704K->132768K(462848K)] 1083551K->972876K(1861120K), 0.0619958 secs] [Times: user=0.37 sys=0.00, real=0.06 secs] 
4397.656: [GC (Allocation Failure) [PSYoungGen: 365728K->140576K(463872K)] 1205836K->1113644K(1862144K), 0.0677235 secs] [Times: user=0.40 sys=0.01, real=0.07 secs] 
4399.436: [GC (Allocation Failure) [PSYoungGen: 387872K->7712K(463360K)] 1360940K->980804K(1861632K), 0.0055166 secs] [Times: user=0.03 sys=0.00, real=0.00 secs] 
4402.603: [GC (Allocation Failure) [PSYoungGen: 255008K->172096K(461312K)] 1228100K->1150785K(1859584K), 0.0350562 secs] [Times: user=0.21 sys=0.00, real=0.04 secs] 
4404.934: [GC (Allocation Failure) [PSYoungGen: 405056K->96096K(465920K)] 1383745K->1237897K(1864192K), 0.1395890 secs] [Times: user=0.83 sys=0.00, real=0.14 secs] 
4405.074: [Full GC (Ergonomics) [PSYoungGen: 96096K->0K(465920K)] [ParOldGen: 1141801K->41702K(1398272K)] 1237897K->41702K(1864192K), [Metaspace: 60475K->60475K(1105920K)], 0.1132137 secs] [Times: user=0.47 sys=0.00, real=0.12 secs] 
4406.963: [GC (Allocation Failure) [PSYoungGen: 220788K->159904K(463360K)] 262491K->201606K(1861632K), 0.0319281 secs] [Times: user=0.18 sys=0.00, real=0.03 secs] 
4409.278: [GC (Allocation Failure) [PSYoungGen: 392864K->94784K(328192K)] 434566K->287702K(1726464K), 0.1762576 secs] [Times: user=1.04 sys=0.01, real=0.17 secs] 
4411.326: [GC (Allocation Failure) [PSYoungGen: 313083K->157024K(461824K)] 506002K->440395K(1860096K), 0.0480856 secs] [Times: user=0.28 sys=0.00, real=0.04 secs] 
4414.225: [GC (Allocation Failure) [PSYoungGen: 390496K->92224K(463872K)] 673867K->523683K(1862144K), 0.1593937 secs] [Times: user=0.95 sys=0.00, real=0.16 secs] 
4416.616: [GC (Allocation Failure) [PSYoungGen: 325696K->169056K(458752K)] 757155K->688872K(1857024K), 0.0491363 secs] [Times: user=0.29 sys=0.00, real=0.04 secs] 
4418.483: [GC (Allocation Failure) [PSYoungGen: 402016K->94240K(465920K)] 921832K->782700K(1864192K), 0.1673202 secs] [Times: user=0.99 sys=0.00, real=0.17 secs] 
4419.189: [GC (Allocation Failure) [PSYoungGen: 327200K->167648K(460800K)] 1015660K->946429K(1859072K), 0.0566257 secs] [Times: user=0.33 sys=0.00, real=0.05 secs] 
4422.439: [GC (Allocation Failure) [PSYoungGen: 400608K->90560K(465920K)] 1179389K->1036301K(1864192K), 0.1571564 secs] [Times: user=0.94 sys=0.01, real=0.16 secs] 
4423.304: [GC (Allocation Failure) [PSYoungGen: 323520K->170560K(462336K)] 1269261K->1201038K(1860608K), 0.1366261 secs] [Times: user=0.81 sys=0.00, real=0.14 secs] 
4426.920: [GC (Allocation Failure) [PSYoungGen: 403520K->83968K(465920K)] 1433998K->1284806K(1864192K), 0.1455901 secs] [Times: user=0.87 sys=0.00, real=0.14 secs] 
4427.066: [Full GC (Ergonomics) [PSYoungGen: 83968K->0K(465920K)] [ParOldGen: 1200838K->88132K(1398272K)] 1284806K->88132K(1864192K), [Metaspace: 60475K->60475K(1105920K)], 0.2191992 secs] [Times: user=1.01 sys=0.00, real=0.22 secs] 
4427.842: [GC (Allocation Failure) [PSYoungGen: 229397K->206592K(465920K)] 317529K->294724K(1864192K), 0.0370033 secs] [Times: user=0.22 sys=0.00, real=0.04 secs] 
4432.192: [GC (Allocation Failure) [PSYoungGen: 439552K->85856K(465920K)] 527684K->346100K(1864192K), 0.1226280 secs] [Times: user=0.73 sys=0.00, real=0.12 secs] 
4433.489: [GC (Allocation Failure) [PSYoungGen: 318816K->158752K(465920K)] 579060K->498231K(1864192K), 0.0595961 secs] [Times: user=0.36 sys=0.00, real=0.06 secs] 
4436.637: [GC (Allocation Failure) [PSYoungGen: 391712K->99680K(465920K)] 731191K->598167K(1864192K), 0.1003473 secs] [Times: user=0.59 sys=0.00, real=0.10 secs] 
4437.951: [GC (Allocation Failure) [PSYoungGen: 332640K->149120K(465920K)] 831127K->736408K(1864192K), 0.0604378 secs] [Times: user=0.36 sys=0.00, real=0.06 secs] 
4441.395: [GC (Allocation Failure) [PSYoungGen: 382080K->117024K(350208K)] 969368K->853216K(1748480K), 0.0897084 secs] [Times: user=0.53 sys=0.00, real=0.09 secs] 
4442.704: [GC (Allocation Failure) [PSYoungGen: 349984K->131392K(471040K)] 1086176K->973879K(1869312K), 0.0616450 secs] [Times: user=0.36 sys=0.00, real=0.06 secs] 
4445.896: [GC (Allocation Failure) [PSYoungGen: 373056K->139264K(462336K)] 1215543K->1112919K(1860608K), 0.0667944 secs] [Times: user=0.39 sys=0.00, real=0.06 secs] 
4447.309: [GC (Allocation Failure) [PSYoungGen: 380928K->5888K(451072K)] 1354583K->980055K(1849344K), 0.0046571 secs] [Times: user=0.02 sys=0.00, real=0.00 secs] 
4450.523: [GC (Allocation Failure) [PSYoungGen: 241920K->164224K(463872K)] 1216087K->1142484K(1862144K), 0.0338379 secs] [Times: user=0.20 sys=0.00, real=0.04 secs] 
4452.525: [GC (Allocation Failure) [PSYoungGen: 400256K->101024K(462848K)] 1378516K->1234124K(1861120K), 0.1647589 secs] [Times: user=0.99 sys=0.00, real=0.17 secs] 
4454.284: [GC (Allocation Failure) [PSYoungGen: 331620K->164064K(464384K)] 1464720K->1395621K(1862656K), 0.0538469 secs] [Times: user=0.32 sys=0.00, real=0.06 secs] 
4454.338: [Full GC (Ergonomics) [PSYoungGen: 164064K->0K(464384K)] [ParOldGen: 1231557K->197757K(1398272K)] 1395621K->197757K(1862656K), [Metaspace: 60477K->60477K(1105920K)], 0.4654051 secs] [Times: user=2.16 sys=0.00, real=0.46 secs] 
4457.463: [GC (Allocation Failure) [PSYoungGen: 238080K->99744K(465920K)] 435837K->297501K(1864192K), 0.0961799 secs] [Times: user=0.57 sys=0.00, real=0.10 secs] 
4460.197: [GC (Allocation Failure) [PSYoungGen: 340384K->172256K(413184K)] 538141K->465906K(1811456K), 0.0514006 secs] [Times: user=0.31 sys=0.00, real=0.05 secs] 
4463.056: [GC (Allocation Failure) [PSYoungGen: 412896K->91968K(469504K)] 706546K->557770K(1867776K), 0.1706468 secs] [Times: user=1.01 sys=0.01, real=0.18 secs] 
4464.102: [GC (Allocation Failure) [PSYoungGen: 328512K->179296K(465920K)] 794314K->730791K(1864192K), 0.1368153 secs] [Times: user=0.81 sys=0.00, real=0.14 secs] 
4467.387: [GC (Allocation Failure) [PSYoungGen: 415840K->90848K(465920K)] 967335K->821859K(1864192K), 0.1367244 secs] [Times: user=0.81 sys=0.01, real=0.13 secs] 
4470.108: [GC (Allocation Failure) [PSYoungGen: 323808K->185984K(465920K)] 1054819K->997624K(1864192K), 0.0672029 secs] [Times: user=0.40 sys=0.00, real=0.06 secs] 
4471.308: [GC (Allocation Failure) [PSYoungGen: 414045K->92672K(465920K)] 1225686K->1069904K(1864192K), 0.1004357 secs] [Times: user=0.59 sys=0.00, real=0.10 secs] 
4473.746: [GC (Allocation Failure) [PSYoungGen: 325632K->151136K(465920K)] 1302864K->1214909K(1864192K), 0.0608944 secs] [Times: user=0.37 sys=0.00, real=0.07 secs] 
4475.558: [GC (Allocation Failure) [PSYoungGen: 384096K->106432K(463872K)] 1447869K->1321165K(1862144K), 0.0954453 secs] [Times: user=0.56 sys=0.01, real=0.09 secs] 
4475.654: [Full GC (Ergonomics) [PSYoungGen: 106432K->0K(463872K)] [ParOldGen: 1214733K->121995K(1398272K)] 1321165K->121995K(1862144K), [Metaspace: 60477K->60477K(1105920K)], 0.2811464 secs] [Times: user=1.28 sys=0.00, real=0.28 secs] 
4478.565: [GC (Allocation Failure) [PSYoungGen: 232960K->141568K(374784K)] 354955K->263563K(1773056K), 0.0527110 secs] [Times: user=0.32 sys=0.00, real=0.06 secs] 
4480.920: [GC (Allocation Failure) [PSYoungGen: 374528K->120608K(471552K)] 496523K->384207K(1869824K), 0.0898161 secs] [Times: user=0.53 sys=0.00, real=0.09 secs] 
4482.232: [GC (Allocation Failure) [PSYoungGen: 365344K->1952K(462848K)] 628943K->265583K(1861120K), 0.0033532 secs] [Times: user=0.02 sys=0.00, real=0.00 secs] 
4483.924: [GC (Allocation Failure) [PSYoungGen: 246688K->161344K(463872K)] 510319K->425940K(1862144K), 0.0317035 secs] [Times: user=0.18 sys=0.00, real=0.03 secs] 
4487.162: [GC (Allocation Failure) [PSYoungGen: 394304K->11936K(465920K)] 658900K->276604K(1864192K), 0.0082008 secs] [Times: user=0.05 sys=0.00, real=0.01 secs] 
4488.876: [GC (Allocation Failure) [PSYoungGen: 244896K->165696K(465920K)] 509564K->440393K(1864192K), 0.0412775 secs] [Times: user=0.25 sys=0.00, real=0.04 secs] 
4493.068: [GC (Allocation Failure) [PSYoungGen: 398656K->91072K(465920K)] 673353K->522969K(1864192K), 0.1250667 secs] [Times: user=0.75 sys=0.01, real=0.12 secs] 
4494.271: [GC (Allocation Failure) [PSYoungGen: 318068K->165632K(465920K)] 749965K->686042K(1864192K), 0.0793683 secs] [Times: user=0.48 sys=0.00, real=0.08 secs] 
4497.518: [GC (Allocation Failure) [PSYoungGen: 398592K->96832K(465920K)] 919002K->774418K(1864192K), 0.1063726 secs] [Times: user=0.63 sys=0.00, real=0.10 secs] 
4499.064: [GC (Allocation Failure) [PSYoungGen: 329792K->168512K(465920K)] 1007378K->939619K(1864192K), 0.1339438 secs] [Times: user=0.79 sys=0.01, real=0.14 secs] 
4502.825: [GC (Allocation Failure) [PSYoungGen: 401472K->87104K(465920K)] 1172579K->1026635K(1864192K), 0.1784250 secs] [Times: user=1.07 sys=0.00, real=0.18 secs] 
4504.482: [GC (Allocation Failure) [PSYoungGen: 320064K->170592K(465920K)] 1259595K->1193507K(1864192K), 0.0560667 secs] [Times: user=0.33 sys=0.01, real=0.06 secs] 
4510.336: [GC (Allocation Failure) [PSYoungGen: 403552K->78560K(465920K)] 1426467K->1271739K(1864192K), 0.1705641 secs] [Times: user=1.01 sys=0.00, real=0.17 secs] 
4510.507: [Full GC (Ergonomics) [PSYoungGen: 78560K->0K(465920K)] [ParOldGen: 1193179K->67665K(1398272K)] 1271739K->67665K(1864192K), [Metaspace: 60502K->60502K(1105920K)], 0.1789967 secs] [Times: user=0.84 sys=0.00, real=0.18 secs] 
4511.492: [GC (Allocation Failure) [PSYoungGen: 232960K->172352K(465920K)] 300625K->240017K(1864192K), 0.0671363 secs] [Times: user=0.40 sys=0.00, real=0.07 secs] 
4515.166: [GC (Allocation Failure) [PSYoungGen: 405312K->86912K(465920K)] 472977K->326853K(1864192K), 0.1544766 secs] [Times: user=0.91 sys=0.01, real=0.16 secs] 
4515.792: [GC (Allocation Failure) [PSYoungGen: 319872K->211072K(465920K)] 559813K->531834K(1864192K), 0.0580072 secs] [Times: user=0.35 sys=0.01, real=0.06 secs] 
4519.413: [GC (Allocation Failure) [PSYoungGen: 444032K->84832K(465920K)] 764794K->583138K(1864192K), 0.1240269 secs] [Times: user=0.74 sys=0.00, real=0.13 secs] 
4520.750: [GC (Allocation Failure) [PSYoungGen: 317792K->159616K(465920K)] 816098K->735867K(1864192K), 0.0597087 secs] [Times: user=0.36 sys=0.00, real=0.06 secs] 
4521.460: [GC (Allocation Failure) [PSYoungGen: 392576K->101952K(465920K)] 968827K->837955K(1864192K), 0.1079132 secs] [Times: user=0.64 sys=0.00, real=0.11 secs] 
4523.690: [GC (Allocation Failure) [PSYoungGen: 334912K->146880K(465920K)] 1070915K->973860K(1864192K), 0.0608980 secs] [Times: user=0.36 sys=0.00, real=0.06 secs] 
4526.216: [GC (Allocation Failure) [PSYoungGen: 379840K->122144K(465920K)] 1206820K->1095576K(1864192K), 0.0823097 secs] [Times: user=0.49 sys=0.00, real=0.09 secs] 
4527.458: [GC (Allocation Failure) [PSYoungGen: 355104K->126304K(447488K)] 1328536K->1211761K(1845760K), 0.0628830 secs] [Times: user=0.37 sys=0.00, real=0.06 secs] 
4530.062: [GC (Allocation Failure) [PSYoungGen: 359264K->140896K(456704K)] 1444721K->1351713K(1854976K), 0.0596718 secs] [Times: user=0.36 sys=0.00, real=0.06 secs] 
4530.122: [Full GC (Ergonomics) [PSYoungGen: 140896K->0K(456704K)] [ParOldGen: 1210817K->155926K(1398272K)] 1351713K->155926K(1854976K), [Metaspace: 60502K->60502K(1105920K)], 0.3555627 secs] [Times: user=1.63 sys=0.00, real=0.36 secs] 
4531.597: [GC (Allocation Failure) [PSYoungGen: 232960K->109664K(459264K)] 388886K->265590K(1857536K), 0.0387251 secs] [Times: user=0.23 sys=0.00, real=0.04 secs] 
4535.810: [GC (Allocation Failure) [PSYoungGen: 365664K->172736K(469504K)] 521590K->436891K(1867776K), 0.0588437 secs] [Times: user=0.35 sys=0.00, real=0.06 secs] 
4538.892: [GC (Allocation Failure) [PSYoungGen: 428736K->110496K(480256K)] 692891K->538399K(1878528K), 0.1738449 secs] [Times: user=1.04 sys=0.00, real=0.17 secs] 
4540.244: [GC (Allocation Failure) [PSYoungGen: 371104K->191360K(452096K)] 799007K->725820K(1850368K), 0.0573575 secs] [Times: user=0.34 sys=0.00, real=0.06 secs] 
4545.041: [GC (Allocation Failure) [PSYoungGen: 451968K->104512K(472576K)] 986428K->830552K(1870848K), 0.1275008 secs] [Times: user=0.76 sys=0.00, real=0.13 secs] 
4546.357: [GC (Allocation Failure) [PSYoungGen: 346688K->153088K(395776K)] 1072728K->977209K(1794048K), 0.0650821 secs] [Times: user=0.39 sys=0.00, real=0.06 secs] 
4548.748: [GC (Allocation Failure) [PSYoungGen: 395264K->117248K(473088K)] 1219385K->1094273K(1871360K), 0.0864912 secs] [Times: user=0.51 sys=0.00, real=0.08 secs] 
4550.837: [GC (Allocation Failure) [PSYoungGen: 365568K->1664K(250368K)] 1342593K->978773K(1648640K), 0.0025019 secs] [Times: user=0.01 sys=0.00, real=0.00 secs] 
4553.380: [GC (Allocation Failure) [PSYoungGen: 249984K->158240K(465408K)] 1227093K->1135942K(1863680K), 0.0314847 secs] [Times: user=0.19 sys=0.00, real=0.03 secs] 
4555.064: [GC (Allocation Failure) [PSYoungGen: 391200K->14592K(465920K)] 1368902K->992398K(1864192K), 0.0088731 secs] [Times: user=0.05 sys=0.00, real=0.01 secs] 
4557.685: [GC (Allocation Failure) [PSYoungGen: 247552K->162240K(465920K)] 1225358K->1151770K(1864192K), 0.0353814 secs] [Times: user=0.21 sys=0.01, real=0.04 secs] 
4559.921: [GC (Allocation Failure) [PSYoungGen: 395200K->99744K(465920K)] 1384730K->1242618K(1864192K), 0.1667098 secs] [Times: user=0.99 sys=0.01, real=0.17 secs] 
4560.088: [Full GC (Ergonomics) [PSYoungGen: 99744K->0K(465920K)] [ParOldGen: 1142874K->41902K(1398272K)] 1242618K->41902K(1864192K), [Metaspace: 60504K->60504K(1105920K)], 0.1198036 secs] [Times: user=0.49 sys=0.00, real=0.12 secs] 
4562.822: [GC (Allocation Failure) [PSYoungGen: 218458K->159936K(465920K)] 260360K->201838K(1864192K), 0.0313839 secs] [Times: user=0.19 sys=0.00, real=0.03 secs] 
4564.954: [GC (Allocation Failure) [PSYoungGen: 392896K->94112K(465920K)] 434798K->287246K(1864192K), 0.1668682 secs] [Times: user=1.00 sys=0.01, real=0.17 secs] 
4567.080: [GC (Allocation Failure) [PSYoungGen: 327072K->170976K(465920K)] 520206K->451839K(1864192K), 0.0492628 secs] [Times: user=0.29 sys=0.00, real=0.05 secs] 
4570.821: [GC (Allocation Failure) [PSYoungGen: 403936K->84960K(465920K)] 684799K->536707K(1864192K), 0.1783931 secs] [Times: user=1.07 sys=0.00, real=0.18 secs] 
4572.575: [GC (Allocation Failure) [PSYoungGen: 317920K->169920K(465920K)] 769667K->702480K(1864192K), 0.0541044 secs] [Times: user=0.32 sys=0.00, real=0.06 secs] 
4574.885: [GC (Allocation Failure) [PSYoungGen: 402880K->89024K(465920K)] 935440K->791152K(1864192K), 0.1515763 secs] [Times: user=0.90 sys=0.01, real=0.16 secs] 
4575.584: [GC (Allocation Failure) [PSYoungGen: 321984K->177216K(465920K)] 1024112K->962649K(1864192K), 0.1013241 secs] [Times: user=0.60 sys=0.00, real=0.10 secs] 
4579.838: [GC (Allocation Failure) [PSYoungGen: 410176K->80320K(465920K)] 1195609K->1043169K(1864192K), 0.1472353 secs] [Times: user=0.87 sys=0.00, real=0.14 secs] 
4580.597: [GC (Allocation Failure) [PSYoungGen: 312210K->209632K(465920K)] 1275059K->1246901K(1864192K), 0.0617425 secs] [Times: user=0.37 sys=0.00, real=0.06 secs] 
4583.134: [GC (Allocation Failure) [PSYoungGen: 442592K->90496K(465920K)] 1479861K->1302861K(1864192K), 0.1187290 secs] [Times: user=0.71 sys=0.00, real=0.12 secs] 
4583.253: [Full GC (Ergonomics) [PSYoungGen: 90496K->0K(465920K)] [ParOldGen: 1212365K->105630K(1398272K)] 1302861K->105630K(1864192K), [Metaspace: 60505K->60505K(1105920K)], 0.2511503 secs] [Times: user=1.14 sys=0.01, real=0.25 secs] 
4585.169: [GC (Allocation Failure) [PSYoungGen: 232960K->153888K(465920K)] 338590K->259518K(1864192K), 0.0439663 secs] [Times: user=0.26 sys=0.00, real=0.04 secs] 
4587.877: [GC (Allocation Failure) [PSYoungGen: 386848K->112416K(465920K)] 492478K->371774K(1864192K), 0.0950351 secs] [Times: user=0.57 sys=0.00, real=0.09 secs] 
4590.014: [GC (Allocation Failure) [PSYoungGen: 345376K->143872K(465920K)] 604734K->496818K(1864192K), 0.0601415 secs] [Times: user=0.36 sys=0.00, real=0.06 secs] 
4591.533: [GC (Allocation Failure) [PSYoungGen: 376832K->126112K(359424K)] 729778K->622810K(1757696K), 0.0694145 secs] [Times: user=0.41 sys=0.00, real=0.07 secs] 
4593.667: [GC (Allocation Failure) [PSYoungGen: 359072K->121312K(470016K)] 855770K->734063K(1868288K), 0.0617837 secs] [Times: user=0.36 sys=0.00, real=0.06 secs] 
4596.733: [GC (Allocation Failure) [PSYoungGen: 362976K->147200K(461312K)] 975727K->881175K(1859584K), 0.0605511 secs] [Times: user=0.36 sys=0.00, real=0.06 secs] 
4598.197: [GC (Allocation Failure) [PSYoungGen: 388864K->9056K(456704K)] 1122839K->743055K(1854976K), 0.0039287 secs] [Times: user=0.02 sys=0.00, real=0.00 secs] 
4599.606: [GC (Allocation Failure) [PSYoungGen: 248160K->175104K(414720K)] 982159K->916252K(1812992K), 0.0362257 secs] [Times: user=0.22 sys=0.00, real=0.04 secs] 
4602.817: [GC (Allocation Failure) [PSYoungGen: 414208K->93472K(465920K)] 1155356K->1001604K(1864192K), 0.1737361 secs] [Times: user=1.04 sys=0.00, real=0.17 secs] 
4604.668: [GC (Allocation Failure) [PSYoungGen: 326432K->184192K(465920K)] 1234564K->1181849K(1864192K), 0.0511305 secs] [Times: user=0.30 sys=0.00, real=0.05 secs] 
4607.580: [GC (Allocation Failure) [PSYoungGen: 417152K->92032K(465920K)] 1414809K->1256541K(1864192K), 0.1677361 secs] [Times: user=1.00 sys=0.00, real=0.17 secs] 
4607.747: [Full GC (Ergonomics) [PSYoungGen: 92032K->0K(465920K)] [ParOldGen: 1164509K->60710K(1398272K)] 1256541K->60710K(1864192K), [Metaspace: 60506K->60506K(1105920K)], 0.1651207 secs] [Times: user=0.77 sys=0.00, real=0.16 secs] 
4608.591: [GC (Allocation Failure) [PSYoungGen: 232960K->168288K(465920K)] 293670K->228998K(1864192K), 0.0344545 secs] [Times: user=0.20 sys=0.00, real=0.03 secs] 
4611.555: [GC (Allocation Failure) [PSYoungGen: 401248K->90592K(465920K)] 461958K->319086K(1864192K), 0.1666013 secs] [Times: user=0.99 sys=0.00, real=0.17 secs] 
4614.764: [GC (Allocation Failure) [PSYoungGen: 323552K->169632K(465920K)] 552046K->482723K(1864192K), 0.1558395 secs] [Times: user=0.93 sys=0.01, real=0.16 secs] 
4618.042: [GC (Allocation Failure) [PSYoungGen: 402592K->82848K(465920K)] 715683K->565547K(1864192K), 0.1430124 secs] [Times: user=0.85 sys=0.01, real=0.14 secs] 
4618.442: [GC (Allocation Failure) [PSYoungGen: 315808K->173984K(465920K)] 798507K->733632K(1864192K), 0.0572771 secs] [Times: user=0.34 sys=0.00, real=0.06 secs] 
4622.129: [GC (Allocation Failure) [PSYoungGen: 406944K->89472K(465920K)] 966592K->822544K(1864192K), 0.1092324 secs] [Times: user=0.65 sys=0.00, real=0.11 secs] 
4623.419: [GC (Allocation Failure) [PSYoungGen: 322432K->157600K(465920K)] 1055504K->973343K(1864192K), 0.0612826 secs] [Times: user=0.36 sys=0.01, real=0.06 secs] 
4626.288: [GC (Allocation Failure) [PSYoungGen: 390560K->100896K(465920K)] 1206303K->1073463K(1864192K), 0.0922403 secs] [Times: user=0.55 sys=0.00, real=0.09 secs] 
4627.559: [GC (Allocation Failure) [PSYoungGen: 333856K->147648K(465920K)] 1306423K->1210620K(1864192K), 0.0618348 secs] [Times: user=0.36 sys=0.00, real=0.06 secs] 
4630.734: [GC (Allocation Failure) [PSYoungGen: 380608K->115488K(449536K)] 1443580K->1325948K(1847808K), 0.0842904 secs] [Times: user=0.50 sys=0.00, real=0.09 secs] 
4630.818: [Full GC (Ergonomics) [PSYoungGen: 115488K->0K(449536K)] [ParOldGen: 1210460K->131036K(1398272K)] 1325948K->131036K(1847808K), [Metaspace: 60506K->60506K(1105920K)], 0.3006867 secs] [Times: user=1.39 sys=0.00, real=0.30 secs] 
4632.278: [GC (Allocation Failure) [PSYoungGen: 232960K->132640K(457728K)] 363996K->263676K(1856000K), 0.0485294 secs] [Times: user=0.28 sys=0.00, real=0.05 secs] 
4634.612: [GC (Allocation Failure) [PSYoungGen: 365600K->137440K(463360K)] 496636K->400968K(1861632K), 0.0762441 secs] [Times: user=0.45 sys=0.00, real=0.08 secs] 
4636.375: [GC (Allocation Failure) [PSYoungGen: 394464K->10112K(468992K)] 657992K->273656K(1867264K), 0.0030452 secs] [Times: user=0.02 sys=0.00, real=0.01 secs] 
4639.703: [GC (Allocation Failure) [PSYoungGen: 261701K->174464K(456704K)] 525245K->446257K(1854976K), 0.0726825 secs] [Times: user=0.43 sys=0.00, real=0.07 secs] 
4642.525: [GC (Allocation Failure) [PSYoungGen: 407424K->98080K(465920K)] 679217K->535745K(1864192K), 0.1122724 secs] [Times: user=0.67 sys=0.00, real=0.12 secs] 
4643.266: [GC (Allocation Failure) [PSYoungGen: 331040K->169856K(460288K)] 768705K->702045K(1858560K), 0.0517239 secs] [Times: user=0.31 sys=0.00, real=0.06 secs] 
4646.618: [GC (Allocation Failure) [PSYoungGen: 400198K->87296K(465920K)] 932388K->788909K(1864192K), 0.1800092 secs] [Times: user=1.07 sys=0.01, real=0.18 secs] 
4647.192: [GC (Allocation Failure) [PSYoungGen: 320256K->173536K(463360K)] 1021869K->958570K(1861632K), 0.0571318 secs] [Times: user=0.34 sys=0.00, real=0.06 secs] 
4650.751: [GC (Allocation Failure) [PSYoungGen: 406496K->82720K(465920K)] 1191530K->1041390K(1864192K), 0.1686657 secs] [Times: user=0.84 sys=0.00, real=0.17 secs] 
4651.365: [GC (Allocation Failure) [PSYoungGen: 315680K->176896K(465920K)] 1274350K->1212195K(1864192K), 0.0750491 secs] [Times: user=0.45 sys=0.00, real=0.08 secs] 
4656.269: [GC (Allocation Failure) [PSYoungGen: 409856K->80064K(465920K)] 1445155K->1292367K(1864192K), 0.1330739 secs] [Times: user=0.79 sys=0.00, real=0.13 secs] 
4656.402: [Full GC (Ergonomics) [PSYoungGen: 80064K->0K(465920K)] [ParOldGen: 1212303K->90548K(1398272K)] 1292367K->90548K(1864192K), [Metaspace: 60506K->60506K(1105920K)], 0.2242804 secs] [Times: user=1.04 sys=0.00, real=0.23 secs] 
4657.169: [GC (Allocation Failure) [PSYoungGen: 229344K->205088K(465920K)] 319893K->295636K(1864192K), 0.0371459 secs] [Times: user=0.22 sys=0.00, real=0.04 secs] 
4660.973: [GC (Allocation Failure) [PSYoungGen: 438048K->88352K(465920K)] 528596K->348932K(1864192K), 0.1089123 secs] [Times: user=0.58 sys=0.00, real=0.11 secs] 
4662.227: [GC (Allocation Failure) [PSYoungGen: 321312K->155840K(465920K)] 581892K->498525K(1864192K), 0.0598197 secs] [Times: user=0.36 sys=0.01, real=0.06 secs] 
4665.943: [GC (Allocation Failure) [PSYoungGen: 388800K->110976K(465920K)] 731485K->609333K(1864192K), 0.0812001 secs] [Times: user=0.48 sys=0.00, real=0.08 secs] 
4667.185: [GC (Allocation Failure) [PSYoungGen: 343936K->145856K(465920K)] 842293K->736426K(1864192K), 0.0608146 secs] [Times: user=0.36 sys=0.00, real=0.07 secs] 
4669.415: [GC (Allocation Failure) [PSYoungGen: 378816K->117888K(351232K)] 969386K->854122K(1749504K), 0.0828121 secs] [Times: user=0.49 sys=0.00, real=0.09 secs] 
4672.937: [GC (Allocation Failure) [PSYoungGen: 350848K->130720K(471552K)] 1087082K->974155K(1869824K), 0.0621894 secs] [Times: user=0.37 sys=0.00, real=0.06 secs] 
4675.863: [GC (Allocation Failure) [PSYoungGen: 372896K->142656K(462336K)] 1216331K->1116631K(1860608K), 0.0597052 secs] [Times: user=0.36 sys=0.00, real=0.06 secs] 
4677.587: [GC (Allocation Failure) [PSYoungGen: 384832K->5728K(452608K)] 1358807K->979727K(1850880K), 0.0033378 secs] [Times: user=0.02 sys=0.00, real=0.00 secs] 
4678.871: [GC (Allocation Failure) [PSYoungGen: 242272K->164416K(465408K)] 1216271K->1142688K(1863680K), 0.0330034 secs] [Times: user=0.19 sys=0.00, real=0.03 secs] 
4681.506: [GC (Allocation Failure) [PSYoungGen: 400960K->100704K(462848K)] 1379232K->1234264K(1861120K), 0.1727499 secs] [Times: user=0.87 sys=0.00, real=0.18 secs] 
4683.450: [GC (Allocation Failure) [PSYoungGen: 327262K->164000K(464384K)] 1460822K->1395349K(1862656K), 0.0532657 secs] [Times: user=0.31 sys=0.00, real=0.05 secs] 
4683.503: [Full GC (Ergonomics) [PSYoungGen: 164000K->0K(464384K)] [ParOldGen: 1231348K->197436K(1398272K)] 1395349K->197436K(1862656K), [Metaspace: 60508K->60508K(1105920K)], 0.4731897 secs] [Times: user=2.22 sys=0.00, real=0.48 secs] 
4685.945: [GC (Allocation Failure) [PSYoungGen: 237056K->94496K(465920K)] 434492K->291932K(1864192K), 0.0942450 secs] [Times: user=0.56 sys=0.01, real=0.10 secs] 
4687.505: [GC (Allocation Failure) [PSYoungGen: 333088K->188704K(465920K)] 530524K->476385K(1864192K), 0.0503545 secs] [Times: user=0.29 sys=0.00, real=0.05 secs] 
4692.214: [GC (Allocation Failure) [PSYoungGen: 423680K->88960K(465920K)] 711361K->548665K(1864192K), 0.1805062 secs] [Times: user=1.07 sys=0.00, real=0.18 secs] 
4693.511: [GC (Allocation Failure) [PSYoungGen: 321920K->167424K(465920K)] 781625K->712094K(1864192K), 0.0556672 secs] [Times: user=0.33 sys=0.00, real=0.06 secs] 
4697.049: [GC (Allocation Failure) [PSYoungGen: 400384K->82816K(465920K)] 945054K->794462K(1864192K), 0.1582836 secs] [Times: user=0.94 sys=0.00, real=0.16 secs] 
4697.662: [GC (Allocation Failure) [PSYoungGen: 315776K->179296K(465920K)] 1027422K->967802K(1864192K), 0.0573460 secs] [Times: user=0.34 sys=0.00, real=0.06 secs] 
4702.104: [GC (Allocation Failure) [PSYoungGen: 412256K->83168K(465920K)] 1200762K->1051178K(1864192K), 0.1531846 secs] [Times: user=0.80 sys=0.00, real=0.16 secs] 
4702.863: [GC (Allocation Failure) [PSYoungGen: 315468K->205664K(465920K)] 1283479K->1250770K(1864192K), 0.0616142 secs] [Times: user=0.37 sys=0.00, real=0.06 secs] 
4704.921: [GC (Allocation Failure) [PSYoungGen: 438624K->93088K(465920K)] 1483730K->1308858K(1864192K), 0.1131907 secs] [Times: user=0.67 sys=0.00, real=0.11 secs] 
4705.034: [Full GC (Ergonomics) [PSYoungGen: 93088K->0K(465920K)] [ParOldGen: 1215770K->107908K(1398272K)] 1308858K->107908K(1864192K), [Metaspace: 60509K->60509K(1105920K)], 0.2590865 secs] [Times: user=1.19 sys=0.00, real=0.26 secs] 
4706.386: [GC (Allocation Failure) [PSYoungGen: 232960K->151424K(465920K)] 340868K->259332K(1864192K), 0.0428926 secs] [Times: user=0.26 sys=0.00, real=0.04 secs] 
4709.225: [GC (Allocation Failure) [PSYoungGen: 384384K->107072K(465920K)] 492292K->365872K(1864192K), 0.0905427 secs] [Times: user=0.54 sys=0.00, real=0.09 secs] 
4710.507: [GC (Allocation Failure) [PSYoungGen: 340032K->141568K(465920K)] 598832K->496779K(1864192K), 0.0608527 secs] [Times: user=0.36 sys=0.00, real=0.06 secs] 
4714.111: [GC (Allocation Failure) [PSYoungGen: 374528K->120992K(454656K)] 729739K->617651K(1852928K), 0.0826001 secs] [Times: user=0.50 sys=0.00, real=0.08 secs] 
4715.453: [GC (Allocation Failure) [PSYoungGen: 353952K->127968K(460288K)] 850611K->735094K(1858560K), 0.0621992 secs] [Times: user=0.37 sys=0.00, real=0.06 secs] 
4718.558: [GC (Allocation Failure) [PSYoungGen: 360928K->138336K(465408K)] 968054K->873146K(1863680K), 0.0647755 secs] [Times: user=0.39 sys=0.01, real=0.06 secs] 
4719.909: [GC (Allocation Failure) [PSYoungGen: 392288K->11616K(466432K)] 1127098K->746490K(1864704K), 0.0051971 secs] [Times: user=0.03 sys=0.00, real=0.00 secs] 
4722.507: [GC (Allocation Failure) [PSYoungGen: 260685K->173792K(457216K)] 995560K->917727K(1855488K), 0.0394523 secs] [Times: user=0.20 sys=0.00, real=0.04 secs] 
4725.122: [GC (Allocation Failure) [PSYoungGen: 406752K->93600K(465920K)] 1150687K->1002235K(1864192K), 0.1483108 secs] [Times: user=0.88 sys=0.00, real=0.15 secs] 
4727.353: [GC (Allocation Failure) [PSYoungGen: 326560K->167744K(461312K)] 1235195K->1166400K(1859584K), 0.0501062 secs] [Times: user=0.30 sys=0.00, real=0.05 secs] 
4729.833: [GC (Allocation Failure) [PSYoungGen: 400704K->90944K(465920K)] 1399360K->1257092K(1864192K), 0.1726723 secs] [Times: user=1.02 sys=0.01, real=0.17 secs] 
4730.006: [Full GC (Ergonomics) [PSYoungGen: 90944K->0K(465920K)] [ParOldGen: 1166148K->59765K(1398272K)] 1257092K->59765K(1864192K), [Metaspace: 60509K->60509K(1105920K)], 0.1651997 secs] [Times: user=0.78 sys=0.00, real=0.17 secs] 
4730.940: [GC (Allocation Failure) [PSYoungGen: 232960K->167872K(462848K)] 292725K->227637K(1861120K), 0.0348088 secs] [Times: user=0.20 sys=0.00, real=0.03 secs] 
4735.087: [GC (Allocation Failure) [PSYoungGen: 400832K->83936K(465920K)] 460597K->310789K(1864192K), 0.1497305 secs] [Times: user=0.89 sys=0.00, real=0.15 secs] 
4735.947: [GC (Allocation Failure) [PSYoungGen: 316896K->178432K(465408K)] 543749K->483202K(1863680K), 0.0565788 secs] [Times: user=0.34 sys=0.00, real=0.05 secs] 
4738.665: [GC (Allocation Failure) [PSYoungGen: 411392K->83648K(465920K)] 716162K->567050K(1864192K), 0.1364616 secs] [Times: user=0.82 sys=0.00, real=0.14 secs] 
4739.382: [GC (Allocation Failure) [PSYoungGen: 315552K->209920K(465920K)] 798955K->770895K(1864192K), 0.0619127 secs] [Times: user=0.37 sys=0.00, real=0.06 secs] 
4742.654: [GC (Allocation Failure) [PSYoungGen: 442880K->91840K(465920K)] 1003855K->828151K(1864192K), 0.1236760 secs] [Times: user=0.73 sys=0.01, real=0.13 secs] 
4743.950: [GC (Allocation Failure) [PSYoungGen: 324800K->156768K(465920K)] 1061111K->974132K(1864192K), 0.0603070 secs] [Times: user=0.36 sys=0.00, real=0.06 secs] 
4745.752: [GC (Allocation Failure) [PSYoungGen: 389728K->108544K(465920K)] 1207092K->1082900K(1864192K), 0.0940993 secs] [Times: user=0.56 sys=0.00, real=0.10 secs] 
4748.201: [GC (Allocation Failure) [PSYoungGen: 341504K->139520K(465920K)] 1315860K->1211761K(1864192K), 0.0613716 secs] [Times: user=0.37 sys=0.00, real=0.06 secs] 
4751.253: [GC (Allocation Failure) [PSYoungGen: 372480K->131520K(364544K)] 1444721K->1343077K(1762816K), 0.0833029 secs] [Times: user=0.50 sys=0.00, real=0.09 secs] 
4751.336: [Full GC (Ergonomics) [PSYoungGen: 131520K->0K(364544K)] [ParOldGen: 1211557K->138860K(1398272K)] 1343077K->138860K(1762816K), [Metaspace: 60509K->60509K(1105920K)], 0.3154817 secs] [Times: user=1.44 sys=0.00, real=0.31 secs] 
4754.585: [GC (Allocation Failure) [PSYoungGen: 232960K->124800K(467456K)] 371820K->263660K(1865728K), 0.0460431 secs] [Times: user=0.27 sys=0.00, real=0.05 secs] 
4756.021: [GC (Allocation Failure) [PSYoungGen: 366464K->144064K(458752K)] 505324K->407612K(1857024K), 0.0679446 secs] [Times: user=0.41 sys=0.00, real=0.07 secs] 
4757.771: [GC (Allocation Failure) [PSYoungGen: 385728K->8384K(456704K)] 649276K->271980K(1854976K), 0.0027512 secs] [Times: user=0.01 sys=0.00, real=0.00 secs] 
4760.086: [GC (Allocation Failure) [PSYoungGen: 251584K->178112K(421376K)] 515180K->448197K(1819648K), 0.0348110 secs] [Times: user=0.21 sys=0.00, real=0.03 secs] 
4762.530: [GC (Allocation Failure) [PSYoungGen: 421312K->101824K(468480K)] 691397K->533149K(1866752K), 0.1434370 secs] [Times: user=0.86 sys=0.01, real=0.14 secs] 
4764.047: [GC (Allocation Failure) [PSYoungGen: 337344K->169120K(465920K)] 768669K->697886K(1864192K), 0.0525761 secs] [Times: user=0.32 sys=0.00, real=0.05 secs] 
4766.757: [GC (Allocation Failure) [PSYoungGen: 404640K->96096K(466432K)] 933406K->793174K(1864704K), 0.1584637 secs] [Times: user=0.94 sys=0.01, real=0.15 secs] 
4767.329: [GC (Allocation Failure) [PSYoungGen: 331104K->178048K(465920K)] 1028182K->965323K(1864192K), 0.0587880 secs] [Times: user=0.35 sys=0.00, real=0.06 secs] 
4771.312: [GC (Allocation Failure) [PSYoungGen: 413056K->84512K(465920K)] 1200331K->1049571K(1864192K), 0.1421361 secs] [Times: user=0.84 sys=0.00, real=0.14 secs] 
4772.014: [GC (Allocation Failure) [PSYoungGen: 317472K->208992K(465920K)] 1282531K->1252160K(1864192K), 0.0603953 secs] [Times: user=0.36 sys=0.00, real=0.06 secs] 
4776.108: [GC (Allocation Failure) [PSYoungGen: 441952K->84256K(465920K)] 1485120K->1301592K(1864192K), 0.1229186 secs] [Times: user=0.73 sys=0.00, real=0.12 secs] 
4776.231: [Full GC (Ergonomics) [PSYoungGen: 84256K->0K(465920K)] [ParOldGen: 1217336K->99382K(1398272K)] 1301592K->99382K(1864192K), [Metaspace: 60509K->60509K(1105920K)], 0.2391337 secs] [Times: user=1.10 sys=0.00, real=0.24 secs] 
4777.597: [GC (Allocation Failure) [PSYoungGen: 232960K->159936K(465920K)] 332342K->259318K(1864192K), 0.0461639 secs] [Times: user=0.27 sys=0.00, real=0.04 secs] 
4780.465: [GC (Allocation Failure) [PSYoungGen: 392896K->98432K(465920K)] 492278K->357598K(1864192K), 0.0992168 secs] [Times: user=0.59 sys=0.00, real=0.10 secs] 
4781.755: [GC (Allocation Failure) [PSYoungGen: 331392K->149696K(465920K)] 590558K->496727K(1864192K), 0.0603019 secs] [Times: user=0.36 sys=0.00, real=0.06 secs] 
4785.018: [GC (Allocation Failure) [PSYoungGen: 382656K->113312K(465920K)] 729687K->610011K(1864192K), 0.0894884 secs] [Times: user=0.53 sys=0.00, real=0.09 secs] 
4786.314: [GC (Allocation Failure) [PSYoungGen: 346272K->134976K(368128K)] 842971K->734536K(1766400K), 0.0613005 secs] [Times: user=0.36 sys=0.00, real=0.06 secs] 
4787.801: [GC (Allocation Failure) [PSYoungGen: 367936K->138496K(465408K)] 967496K->873240K(1863680K), 0.0652194 secs] [Times: user=0.39 sys=0.00, real=0.07 secs] 
4789.110: [GC (Allocation Failure) [PSYoungGen: 378112K->4000K(458752K)] 1112856K->738844K(1857024K), 0.0035629 secs] [Times: user=0.02 sys=0.00, real=0.00 secs] 
4791.879: [GC (Allocation Failure) [PSYoungGen: 243616K->165312K(464896K)] 978460K->901929K(1863168K), 0.0334643 secs] [Times: user=0.19 sys=0.01, real=0.03 secs] 
4793.490: [GC (Allocation Failure) [PSYoungGen: 398272K->97600K(330752K)] 1134889K->990429K(1729024K), 0.1330642 secs] [Times: user=0.79 sys=0.00, real=0.13 secs] 
4795.922: [GC (Allocation Failure) [PSYoungGen: 330560K->168608K(462848K)] 1223389K->1156193K(1861120K), 0.0526915 secs] [Times: user=0.32 sys=0.00, real=0.05 secs] 
4798.038: [GC (Allocation Failure) [PSYoungGen: 400544K->91200K(464896K)] 1388129K->1238681K(1863168K), 0.1796224 secs] [Times: user=1.06 sys=0.01, real=0.18 secs] 
4798.217: [Full GC (Ergonomics) [PSYoungGen: 91200K->0K(464896K)] [ParOldGen: 1147481K->42064K(1398272K)] 1238681K->42064K(1863168K), [Metaspace: 60512K->60512K(1105920K)], 0.1209352 secs] [Times: user=0.50 sys=0.00, real=0.12 secs] 
4800.401: [GC (Allocation Failure) [PSYoungGen: 221579K->159584K(465408K)] 263644K->201648K(1863680K), 0.0313604 secs] [Times: user=0.19 sys=0.00, real=0.03 secs] 
4803.327: [GC (Allocation Failure) [PSYoungGen: 392544K->92768K(326144K)] 434608K->285912K(1724416K), 0.1576126 secs] [Times: user=0.94 sys=0.01, real=0.15 secs] 
4804.505: [GC (Allocation Failure) [PSYoungGen: 325728K->168544K(460288K)] 518872K->450485K(1858560K), 0.0595463 secs] [Times: user=0.35 sys=0.00, real=0.06 secs] 
4807.539: [GC (Allocation Failure) [PSYoungGen: 398944K->87936K(463360K)] 680885K->538109K(1861632K), 0.1676380 secs] [Times: user=1.00 sys=0.00, real=0.17 secs] 
4808.346: [GC (Allocation Failure) [PSYoungGen: 318336K->168480K(464896K)] 768509K->703158K(1863168K), 0.0798285 secs] [Times: user=0.48 sys=0.00, real=0.08 secs] 
4811.969: [GC (Allocation Failure) [PSYoungGen: 401440K->86400K(465920K)] 936118K->789294K(1864192K), 0.1608033 secs] [Times: user=0.96 sys=0.00, real=0.16 secs] 
4812.477: [GC (Allocation Failure) [PSYoungGen: 319360K->175168K(465920K)] 1022254K->958867K(1864192K), 0.0602008 secs] [Times: user=0.35 sys=0.00, real=0.06 secs] 
4816.010: [GC (Allocation Failure) [PSYoungGen: 408128K->83040K(465920K)] 1191827K->1041875K(1864192K), 0.1533027 secs] [Times: user=0.92 sys=0.00, real=0.15 secs] 
4818.457: [GC (Allocation Failure) [PSYoungGen: 316000K->168928K(465920K)] 1274835K->1204684K(1864192K), 0.1596660 secs] [Times: user=0.95 sys=0.00, real=0.16 secs] 
4820.882: [GC (Allocation Failure) [PSYoungGen: 401888K->87616K(465920K)] 1437644K->1292100K(1864192K), 0.1455701 secs] [Times: user=0.87 sys=0.00, real=0.15 secs] 
4821.028: [Full GC (Ergonomics) [PSYoungGen: 87616K->0K(465920K)] [ParOldGen: 1204484K->95632K(1398272K)] 1292100K->95632K(1864192K), [Metaspace: 60512K->60512K(1105920K)], 0.2424500 secs] [Times: user=1.12 sys=0.01, real=0.24 secs] 
4822.381: [GC (Allocation Failure) [PSYoungGen: 232960K->164032K(465920K)] 328592K->259664K(1864192K), 0.0471854 secs] [Times: user=0.28 sys=0.00, real=0.05 secs] 
4824.962: [GC (Allocation Failure) [PSYoungGen: 390999K->93248K(465920K)] 486631K->353188K(1864192K), 0.1013696 secs] [Times: user=0.60 sys=0.00, real=0.10 secs] 
4826.651: [GC (Allocation Failure) [PSYoungGen: 326208K->151200K(465920K)] 586148K->497665K(1864192K), 0.0603039 secs] [Times: user=0.36 sys=0.00, real=0.06 secs] 
4828.070: [GC (Allocation Failure) [PSYoungGen: 384160K->111104K(344576K)] 730625K->608665K(1742848K), 0.0767391 secs] [Times: user=0.45 sys=0.00, real=0.08 secs] 
4831.558: [GC (Allocation Failure) [PSYoungGen: 344064K->136992K(465920K)] 841625K->735068K(1864192K), 0.0614253 secs] [Times: user=0.37 sys=0.00, real=0.06 secs] 
4834.307: [GC (Allocation Failure) [PSYoungGen: 375584K->124864K(460288K)] 973660K->859860K(1858560K), 0.0764074 secs] [Times: user=0.45 sys=0.00, real=0.07 secs] 
4835.801: [GC (Allocation Failure) [PSYoungGen: 363456K->1728K(449536K)] 1098452K->736772K(1847808K), 0.0020760 secs] [Times: user=0.00 sys=0.00, real=0.00 secs] 
4836.523: [GC (Allocation Failure) [PSYoungGen: 238784K->157728K(462336K)] 973828K->893846K(1860608K), 0.0311094 secs] [Times: user=0.18 sys=0.00, real=0.03 secs] 
4838.689: [GC (Allocation Failure) [PSYoungGen: 394784K->13952K(463360K)] 1130902K->750190K(1861632K), 0.0040559 secs] [Times: user=0.03 sys=0.00, real=0.00 secs] 
4840.419: [GC (Allocation Failure) [PSYoungGen: 246912K->167808K(465920K)] 983150K->916003K(1864192K), 0.0361237 secs] [Times: user=0.21 sys=0.00, real=0.03 secs] 
4842.565: [GC (Allocation Failure) [PSYoungGen: 400768K->97760K(465920K)] 1148963K->1004795K(1864192K), 0.1347999 secs] [Times: user=0.79 sys=0.00, real=0.14 secs] 
4844.216: [GC (Allocation Failure) [PSYoungGen: 330720K->169088K(465920K)] 1237755K->1170368K(1864192K), 0.0516207 secs] [Times: user=0.31 sys=0.00, real=0.06 secs] 
4848.248: [GC (Allocation Failure) [PSYoungGen: 402048K->86304K(465920K)] 1403328K->1256008K(1864192K), 0.1713102 secs] [Times: user=1.01 sys=0.00, real=0.17 secs] 
4848.419: [Full GC (Ergonomics) [PSYoungGen: 86304K->0K(465920K)] [ParOldGen: 1169704K->58151K(1398272K)] 1256008K->58151K(1864192K), [Metaspace: 60512K->60512K(1105920K)], 0.1625681 secs] [Times: user=0.76 sys=0.00, real=0.16 secs] 
4850.399: [GC (Allocation Failure) [PSYoungGen: 232960K->170048K(465920K)] 291111K->228199K(1864192K), 0.0354730 secs] [Times: user=0.21 sys=0.00, real=0.03 secs] 
4854.186: [GC (Allocation Failure) [PSYoungGen: 403008K->83104K(465920K)] 461159K->311311K(1864192K), 0.1823174 secs] [Times: user=1.09 sys=0.00, real=0.19 secs] 
4855.116: [GC (Allocation Failure) [PSYoungGen: 316064K->173376K(465920K)] 544271K->478623K(1864192K), 0.0549754 secs] [Times: user=0.33 sys=0.00, real=0.05 secs] 
4859.176: [GC (Allocation Failure) [PSYoungGen: 406336K->83104K(465920K)] 711583K->561248K(1864192K), 0.1551783 secs] [Times: user=0.92 sys=0.00, real=0.16 secs] 
4859.641: [GC (Allocation Failure) [PSYoungGen: 316064K->195840K(465920K)] 794208K->751176K(1864192K), 0.0557652 secs] [Times: user=0.34 sys=0.00, real=0.06 secs] 
4863.268: [GC (Allocation Failure) [PSYoungGen: 428800K->80224K(465920K)] 984136K->815008K(1864192K), 0.1240146 secs] [Times: user=0.73 sys=0.00, real=0.12 secs] 
4864.559: [GC (Allocation Failure) [PSYoungGen: 313184K->164704K(465920K)] 1047968K->972760K(1864192K), 0.0598481 secs] [Times: user=0.36 sys=0.00, real=0.06 secs] 
4866.703: [GC (Allocation Failure) [PSYoungGen: 397664K->101056K(465920K)] 1205720K->1073848K(1864192K), 0.0945764 secs] [Times: user=0.56 sys=0.00, real=0.10 secs] 
4868.486: [GC (Allocation Failure) [PSYoungGen: 334016K->147648K(465920K)] 1306808K->1210636K(1864192K), 0.0611397 secs] [Times: user=0.36 sys=0.00, real=0.06 secs] 
4871.056: [GC (Allocation Failure) [PSYoungGen: 380608K->123680K(464896K)] 1443596K->1334124K(1863168K), 0.0912833 secs] [Times: user=0.54 sys=0.01, real=0.09 secs] 
4871.148: [Full GC (Ergonomics) [PSYoungGen: 123680K->0K(464896K)] [ParOldGen: 1210444K->131061K(1398272K)] 1334124K->131061K(1863168K), [Metaspace: 60512K->60512K(1105920K)], 0.2963464 secs] [Times: user=1.35 sys=0.00, real=0.29 secs] 
4873.612: [GC (Allocation Failure) [PSYoungGen: 232960K->132896K(366080K)] 364021K->263957K(1764352K), 0.0467463 secs] [Times: user=0.27 sys=0.01, real=0.05 secs] 
4876.565: [GC (Allocation Failure) [PSYoungGen: 365856K->124320K(467968K)] 496917K->388077K(1866240K), 0.0845709 secs] [Times: user=0.51 sys=0.00, real=0.09 secs] 
4877.851: [GC (Allocation Failure) [PSYoungGen: 368032K->2464K(458752K)] 631789K->266293K(1857024K), 0.0018539 secs] [Times: user=0.01 sys=0.00, real=0.00 secs] 
4878.633: [GC (Allocation Failure) [PSYoungGen: 246176K->163328K(460288K)] 510005K->428674K(1858560K), 0.0324252 secs] [Times: user=0.18 sys=0.01, real=0.03 secs] 
4880.568: [GC (Allocation Failure) [PSYoungGen: 396288K->98688K(331776K)] 661634K->518078K(1730048K), 0.0987481 secs] [Times: user=0.59 sys=0.01, real=0.10 secs] 
4882.915: [GC (Allocation Failure) [PSYoungGen: 331648K->169408K(457216K)] 751038K->684747K(1855488K), 0.0525366 secs] [Times: user=0.31 sys=0.00, real=0.06 secs] 
4884.646: [GC (Allocation Failure) [PSYoungGen: 400832K->91872K(464384K)] 916171K->767811K(1862656K), 0.1552130 secs] [Times: user=0.93 sys=0.01, real=0.15 secs] 
4886.334: [GC (Allocation Failure) [PSYoungGen: 310241K->159552K(462336K)] 986180K->923400K(1860608K), 0.1067504 secs] [Times: user=0.62 sys=0.01, real=0.11 secs] 
4889.540: [GC (Allocation Failure) [PSYoungGen: 393536K->93952K(328192K)] 1157384K->1008856K(1726464K), 0.1403204 secs] [Times: user=0.82 sys=0.02, real=0.14 secs] 
4892.249: [GC (Allocation Failure) [PSYoungGen: 313233K->157632K(461824K)] 1228137K->1162212K(1860096K), 0.0495187 secs] [Times: user=0.29 sys=0.00, real=0.05 secs] 
4893.842: [GC (Allocation Failure) [PSYoungGen: 392640K->100160K(464896K)] 1397220K->1253437K(1863168K), 0.1062399 secs] [Times: user=0.64 sys=0.00, real=0.11 secs] 
4893.949: [Full GC (Ergonomics) [PSYoungGen: 100160K->0K(464896K)] [ParOldGen: 1153276K->50940K(1398272K)] 1253437K->50940K(1863168K), [Metaspace: 60512K->60512K(1105920K)], 0.1084962 secs] [Times: user=0.45 sys=0.00, real=0.11 secs] 
4895.160: [GC (Allocation Failure) [PSYoungGen: 235008K->169344K(457728K)] 285948K->220284K(1856000K), 0.0894980 secs] [Times: user=0.53 sys=0.00, real=0.09 secs] 
4898.449: [GC (Allocation Failure) [PSYoungGen: 403840K->85280K(465408K)] 454780K->305564K(1863680K), 0.1717035 secs] [Times: user=1.03 sys=0.00, real=0.17 secs] 
4899.389: [GC (Allocation Failure) [PSYoungGen: 319776K->174784K(460288K)] 540060K->476341K(1858560K), 0.0564690 secs] [Times: user=0.34 sys=0.00, real=0.05 secs] 
4901.089: [GC (Allocation Failure) [PSYoungGen: 407744K->95520K(465920K)] 709301K->571965K(1864192K), 0.1441524 secs] [Times: user=0.86 sys=0.00, real=0.14 secs] 
4902.937: [GC (Allocation Failure) [PSYoungGen: 328480K->167744K(463872K)] 804925K->729985K(1862144K), 0.1525667 secs] [Times: user=0.90 sys=0.01, real=0.15 secs] 
4905.334: [GC (Allocation Failure) [PSYoungGen: 400704K->90080K(465920K)] 962945K->819865K(1864192K), 0.1207738 secs] [Times: user=0.72 sys=0.00, real=0.12 secs] 
4908.713: [GC (Allocation Failure) [PSYoungGen: 323040K->158240K(464896K)] 1052825K->971526K(1863168K), 0.0619273 secs] [Times: user=0.37 sys=0.00, real=0.06 secs] 
4912.278: [GC (Allocation Failure) [PSYoungGen: 385252K->93088K(326144K)] 1198539K->1064750K(1724416K), 0.1065301 secs] [Times: user=0.64 sys=0.00, real=0.10 secs] 
4913.574: [GC (Allocation Failure) [PSYoungGen: 326048K->150912K(464384K)] 1297710K->1209149K(1862656K), 0.0604894 secs] [Times: user=0.36 sys=0.00, real=0.06 secs] 
4916.698: [GC (Allocation Failure) [PSYoungGen: 385920K->106400K(463360K)] 1444157K->1315645K(1861632K), 0.0948158 secs] [Times: user=0.57 sys=0.00, real=0.09 secs] 
4916.793: [Full GC (Ergonomics) [PSYoungGen: 106400K->0K(463360K)] [ParOldGen: 1209245K->121958K(1398272K)] 1315645K->121958K(1861632K), [Metaspace: 60512K->60512K(1105920K)], 0.2717901 secs] [Times: user=1.23 sys=0.00, real=0.27 secs] 
4918.241: [GC (Allocation Failure) [PSYoungGen: 235008K->142016K(466944K)] 356966K->263974K(1865216K), 0.0518529 secs] [Times: user=0.31 sys=0.00, real=0.05 secs] 
4920.136: [GC (Allocation Failure) [PSYoungGen: 386752K->137920K(463360K)] 508710K->402154K(1861632K), 0.0807421 secs] [Times: user=0.48 sys=0.00, real=0.09 secs] 
4921.380: [GC (Allocation Failure) [PSYoungGen: 382656K->6496K(459264K)] 646890K->270778K(1857536K), 0.0025415 secs] [Times: user=0.01 sys=0.00, real=0.00 secs] 
4924.924: [GC (Allocation Failure) [PSYoungGen: 252256K->167936K(414208K)] 516538K->436831K(1812480K), 0.0336343 secs] [Times: user=0.20 sys=0.00, real=0.04 secs] 
4926.511: [GC (Allocation Failure) [PSYoungGen: 413696K->107360K(474112K)] 682591K->535115K(1872384K), 0.1532951 secs] [Times: user=0.90 sys=0.01, real=0.15 secs] 
4928.288: [GC (Allocation Failure) [PSYoungGen: 348512K->172576K(465920K)] 776267K->703299K(1864192K), 0.0549780 secs] [Times: user=0.32 sys=0.00, real=0.05 secs] 
4930.562: [GC (Allocation Failure) [PSYoungGen: 413728K->99264K(468480K)] 944451K->801824K(1866752K), 0.1767227 secs] [Times: user=1.05 sys=0.00, real=0.18 secs] 
4931.207: [GC (Allocation Failure) [PSYoungGen: 337856K->178720K(465920K)] 1040416K->974468K(1864192K), 0.0758692 secs] [Times: user=0.45 sys=0.01, real=0.07 secs] 
4934.070: [GC (Allocation Failure) [PSYoungGen: 417312K->91104K(465920K)] 1213060K->1065572K(1864192K), 0.1277771 secs] [Times: user=0.76 sys=0.00, real=0.13 secs] 
4935.349: [GC (Allocation Failure) [PSYoungGen: 324064K->158272K(465920K)] 1298532K->1217185K(1864192K), 0.0629983 secs] [Times: user=0.38 sys=0.00, real=0.06 secs] 
4938.689: [GC (Allocation Failure) [PSYoungGen: 391232K->99776K(457728K)] 1450145K->1316793K(1856000K), 0.0978703 secs] [Times: user=0.58 sys=0.00, real=0.10 secs] 
4938.787: [Full GC (Ergonomics) [PSYoungGen: 99776K->0K(457728K)] [ParOldGen: 1217017K->114889K(1398272K)] 1316793K->114889K(1856000K), [Metaspace: 60515K->59613K(1105920K)], 0.2610584 secs] [Times: user=1.16 sys=0.00, real=0.26 secs] 
4940.190: [GC (Allocation Failure) [PSYoungGen: 232960K->148416K(461824K)] 347849K->263305K(1860096K), 0.0532577 secs] [Times: user=0.31 sys=0.01, real=0.05 secs] 
4942.059: [GC (Allocation Failure) [PSYoungGen: 381376K->118208K(451072K)] 496265K->381509K(1849344K), 0.1025409 secs] [Times: user=0.61 sys=0.00, real=0.10 secs] 
4943.369: [GC (Allocation Failure) [PSYoungGen: 360896K->130240K(461312K)] 624197K->501380K(1859584K), 0.0619811 secs] [Times: user=0.37 sys=0.00, real=0.06 secs] 
4946.714: [GC (Allocation Failure) [PSYoungGen: 372928K->160480K(478720K)] 744068K->661141K(1876992K), 0.0624745 secs] [Times: user=0.37 sys=0.00, real=0.07 secs] 
4948.720: [GC (Allocation Failure) [PSYoungGen: 428256K->26944K(294912K)] 928917K->527636K(1693184K), 0.0195550 secs] [Times: user=0.10 sys=0.00, real=0.02 secs] 
4950.986: [GC (Allocation Failure) [PSYoungGen: 294720K->191808K(457216K)] 795412K->715049K(1855488K), 0.0448364 secs] [Times: user=0.26 sys=0.00, real=0.04 secs] 
4954.289: [GC (Allocation Failure) [PSYoungGen: 424768K->83104K(465920K)] 948009K->797537K(1864192K), 0.1699739 secs] [Times: user=1.02 sys=0.00, real=0.17 secs] 
4955.087: [GC (Allocation Failure) [PSYoungGen: 316064K->174976K(465920K)] 1030497K->966377K(1864192K), 0.0992198 secs] [Times: user=0.59 sys=0.00, real=0.10 secs] 
4959.531: [GC (Allocation Failure) [PSYoungGen: 407936K->90176K(465920K)] 1199337K->1056001K(1864192K), 0.1316896 secs] [Times: user=0.78 sys=0.01, real=0.13 secs] 
4960.047: [GC (Allocation Failure) [PSYoungGen: 321648K->204512K(465920K)] 1287473K->1250216K(1864192K), 0.0579233 secs] [Times: user=0.35 sys=0.00, real=0.05 secs] 
4963.126: [GC (Allocation Failure) [PSYoungGen: 437472K->87904K(465920K)] 1483176K->1303760K(1864192K), 0.1167979 secs] [Times: user=0.70 sys=0.00, real=0.11 secs] 
4963.243: [Full GC (Ergonomics) [PSYoungGen: 87904K->0K(465920K)] [ParOldGen: 1215856K->103475K(1398272K)] 1303760K->103475K(1864192K), [Metaspace: 59627K->59622K(1105920K)], 0.2476253 secs] [Times: user=1.13 sys=0.00, real=0.25 secs] 
4964.622: [GC (Allocation Failure) [PSYoungGen: 232960K->157184K(465920K)] 336435K->260659K(1864192K), 0.0453154 secs] [Times: user=0.27 sys=0.00, real=0.05 secs] 
4966.675: [GC (Allocation Failure) [PSYoungGen: 390144K->104992K(465920K)] 493619K->365343K(1864192K), 0.0946935 secs] [Times: user=0.56 sys=0.00, real=0.10 secs] 
4967.946: [GC (Allocation Failure) [PSYoungGen: 337952K->143616K(465920K)] 598303K->498375K(1864192K), 0.0606583 secs] [Times: user=0.36 sys=0.00, real=0.06 secs] 
4970.491: [GC (Allocation Failure) [PSYoungGen: 376576K->123136K(356352K)] 731335K->621287K(1754624K), 0.0690121 secs] [Times: user=0.41 sys=0.00, real=0.07 secs] 
4971.731: [GC (Allocation Failure) [PSYoungGen: 356096K->125632K(470016K)] 854247K->736318K(1868288K), 0.0620046 secs] [Times: user=0.37 sys=0.00, real=0.06 secs] 
4973.507: [GC (Allocation Failure) [PSYoungGen: 367808K->149984K(460800K)] 978494K->885918K(1859072K), 0.0631558 secs] [Times: user=0.38 sys=0.00, real=0.06 secs] 
4974.836: [GC (Allocation Failure) [PSYoungGen: 392160K->14912K(458752K)] 1128094K->750982K(1857024K), 0.0042750 secs] [Times: user=0.03 sys=0.00, real=0.01 secs] 
4978.505: [GC (Allocation Failure) [PSYoungGen: 256064K->168896K(410112K)] 992134K->917291K(1808384K), 0.0364296 secs] [Times: user=0.21 sys=0.00, real=0.04 secs] 
4981.252: [GC (Allocation Failure) [PSYoungGen: 410048K->99008K(469504K)] 1158443K->1007323K(1867776K), 0.1733231 secs] [Times: user=1.03 sys=0.01, real=0.17 secs] 
4982.156: [GC (Allocation Failure) [PSYoungGen: 335552K->173280K(465920K)] 1243867K->1176451K(1864192K), 0.0522114 secs] [Times: user=0.31 sys=0.00, real=0.06 secs] 
4986.557: [GC (Allocation Failure) [PSYoungGen: 407431K->85856K(465920K)] 1410603K->1261843K(1864192K), 0.1712196 secs] [Times: user=1.01 sys=0.01, real=0.17 secs] 
4986.729: [Full GC (Ergonomics) [PSYoungGen: 85856K->0K(465920K)] [ParOldGen: 1175987K->64547K(1398272K)] 1261843K->64547K(1864192K), [Metaspace: 59624K->59624K(1105920K)], 0.1705838 secs] [Times: user=0.79 sys=0.00, real=0.17 secs] 
4987.521: [GC (Allocation Failure) [PSYoungGen: 232960K->172640K(465920K)] 297507K->237187K(1864192K), 0.0341225 secs] [Times: user=0.20 sys=0.00, real=0.03 secs] 
4990.892: [GC (Allocation Failure) [PSYoungGen: 405600K->83200K(465920K)] 470147K->320315K(1864192K), 0.1718868 secs] [Times: user=1.02 sys=0.00, real=0.17 secs] 
4991.625: [GC (Allocation Failure) [PSYoungGen: 316160K->177376K(465920K)] 553275K->490956K(1864192K), 0.0571358 secs] [Times: user=0.34 sys=0.01, real=0.06 secs] 
4996.502: [GC (Allocation Failure) [PSYoungGen: 410336K->78720K(465920K)] 723916K->569816K(1864192K), 0.1433789 secs] [Times: user=0.85 sys=0.00, real=0.14 secs] 
4997.254: [GC (Allocation Failure) [PSYoungGen: 310314K->207136K(465920K)] 801411K->770757K(1864192K), 0.0606111 secs] [Times: user=0.36 sys=0.00, real=0.06 secs] 
5000.992: [GC (Allocation Failure) [PSYoungGen: 440096K->85568K(465920K)] 1003717K->821373K(1864192K), 0.1165145 secs] [Times: user=0.69 sys=0.00, real=0.12 secs] 
5002.278: [GC (Allocation Failure) [PSYoungGen: 318528K->158368K(465920K)] 1054333K->973222K(1864192K), 0.0598767 secs] [Times: user=0.35 sys=0.00, real=0.06 secs] 
5006.097: [GC (Allocation Failure) [PSYoungGen: 386753K->93184K(465920K)] 1201607K->1066606K(1864192K), 0.1005037 secs] [Times: user=0.59 sys=0.01, real=0.10 secs] 
5008.653: [GC (Allocation Failure) [PSYoungGen: 326144K->150688K(465920K)] 1299566K->1210689K(1864192K), 0.0605554 secs] [Times: user=0.36 sys=0.00, real=0.06 secs] 
5011.252: [GC (Allocation Failure) [PSYoungGen: 383648K->102336K(465920K)] 1443649K->1313289K(1864192K), 0.0947472 secs] [Times: user=0.56 sys=0.00, real=0.10 secs] 
5011.346: [Full GC (Ergonomics) [PSYoungGen: 102336K->0K(465920K)] [ParOldGen: 1210953K->117436K(1398272K)] 1313289K->117436K(1864192K), [Metaspace: 59625K->59625K(1105920K)], 0.2685533 secs] [Times: user=1.23 sys=0.00, real=0.26 secs] 
5012.747: [GC (Allocation Failure) [PSYoungGen: 232960K->145696K(465920K)] 350396K->263132K(1864192K), 0.0525674 secs] [Times: user=0.31 sys=0.00, real=0.05 secs] 
5016.056: [GC (Allocation Failure) [PSYoungGen: 378656K->117024K(451584K)] 496092K->380476K(1849856K), 0.0935141 secs] [Times: user=0.56 sys=0.00, real=0.10 secs] 
5017.332: [GC (Allocation Failure) [PSYoungGen: 349984K->131264K(458752K)] 613436K->501080K(1857024K), 0.0611812 secs] [Times: user=0.36 sys=0.00, real=0.06 secs] 
5019.992: [GC (Allocation Failure) [PSYoungGen: 364224K->135168K(461824K)] 734040K->636348K(1860096K), 0.0676864 secs] [Times: user=0.41 sys=0.00, real=0.07 secs] 
5022.928: [GC (Allocation Failure) [PSYoungGen: 390656K->6208K(466944K)] 891836K->507428K(1865216K), 0.0103445 secs] [Times: user=0.06 sys=0.00, real=0.01 secs] 
5025.587: [GC (Allocation Failure) [PSYoungGen: 259930K->178880K(456704K)] 761151K->684089K(1854976K), 0.0503929 secs] [Times: user=0.29 sys=0.01, real=0.05 secs] 
5028.575: [GC (Allocation Failure) [PSYoungGen: 411840K->94944K(465920K)] 917049K->770225K(1864192K), 0.1530835 secs] [Times: user=0.91 sys=0.00, real=0.16 secs] 
5030.637: [GC (Allocation Failure) [PSYoungGen: 327904K->165984K(462848K)] 1003185K->932651K(1861120K), 0.0779023 secs] [Times: user=0.46 sys=0.01, real=0.07 secs] 
5033.337: [GC (Allocation Failure) [PSYoungGen: 398944K->90432K(465920K)] 1165611K->1022871K(1864192K), 0.1767066 secs] [Times: user=1.05 sys=0.00, real=0.17 secs] 
5035.791: [GC (Allocation Failure) [PSYoungGen: 323392K->166016K(463360K)] 1255831K->1184672K(1861632K), 0.0561773 secs] [Times: user=0.33 sys=0.01, real=0.06 secs] 
5039.394: [GC (Allocation Failure) [PSYoungGen: 398976K->87232K(465920K)] 1417632K->1271472K(1864192K), 0.1553418 secs] [Times: user=0.92 sys=0.00, real=0.16 secs] 
5039.549: [Full GC (Ergonomics) [PSYoungGen: 87232K->0K(465920K)] [ParOldGen: 1184240K->70451K(1398272K)] 1271472K->70451K(1864192K), [Metaspace: 59675K->59675K(1105920K)], 0.1847959 secs] [Times: user=0.85 sys=0.00, real=0.18 secs] 
5040.653: [GC (Allocation Failure) [PSYoungGen: 232960K->176128K(464384K)] 303411K->246579K(1862656K), 0.0375788 secs] [Times: user=0.22 sys=0.00, real=0.04 secs] 
5044.272: [GC (Allocation Failure) [PSYoungGen: 409088K->82720K(465920K)] 479539K->329131K(1864192K), 0.1633949 secs] [Times: user=0.97 sys=0.00, real=0.16 secs] 
5044.756: [GC (Allocation Failure) [PSYoungGen: 315680K->209280K(465920K)] 562091K->532192K(1864192K), 0.0559694 secs] [Times: user=0.33 sys=0.00, real=0.06 secs] 
5047.743: [GC (Allocation Failure) [PSYoungGen: 442240K->90240K(465920K)] 765152K->588924K(1864192K), 0.1220245 secs] [Times: user=0.72 sys=0.00, real=0.12 secs] 
5049.009: [GC (Allocation Failure) [PSYoungGen: 323200K->154368K(465920K)] 821884K->736696K(1864192K), 0.0600399 secs] [Times: user=0.36 sys=0.00, real=0.06 secs] 
5050.990: [GC (Allocation Failure) [PSYoungGen: 387328K->102048K(465920K)] 969656K->838368K(1864192K), 0.0905456 secs] [Times: user=0.54 sys=0.00, real=0.09 secs] 
5053.239: [GC (Allocation Failure) [PSYoungGen: 335008K->146784K(465920K)] 1071328K->973929K(1864192K), 0.0607131 secs] [Times: user=0.37 sys=0.00, real=0.06 secs] 
5055.757: [GC (Allocation Failure) [PSYoungGen: 379744K->118400K(351744K)] 1206889K->1092037K(1750016K), 0.0827667 secs] [Times: user=0.49 sys=0.00, real=0.08 secs] 
5057.003: [GC (Allocation Failure) [PSYoungGen: 351360K->130304K(472064K)] 1324997K->1211898K(1870336K), 0.0625560 secs] [Times: user=0.37 sys=0.00, real=0.06 secs] 
5058.883: [GC (Allocation Failure) [PSYoungGen: 372992K->145120K(462336K)] 1454586K->1356394K(1860608K), 0.0604683 secs] [Times: user=0.36 sys=0.00, real=0.06 secs] 
5058.943: [Full GC (Ergonomics) [PSYoungGen: 145120K->0K(462336K)] [ParOldGen: 1211274K->160161K(1398272K)] 1356394K->160161K(1860608K), [Metaspace: 59692K->59692K(1105920K)], 0.3608647 secs] [Times: user=1.64 sys=0.00, real=0.36 secs] 
5060.855: [GC (Allocation Failure) [PSYoungGen: 242688K->110816K(472576K)] 402849K->270977K(1870848K), 0.0392232 secs] [Times: user=0.23 sys=0.00, real=0.04 secs] 
5063.697: [GC (Allocation Failure) [PSYoungGen: 363088K->176608K(466944K)] 523249K->445509K(1865216K), 0.0591436 secs] [Times: user=0.35 sys=0.00, real=0.06 secs] 
5066.079: [GC (Allocation Failure) [PSYoungGen: 432096K->111392K(482304K)] 700997K->547870K(1880576K), 0.1527374 secs] [Times: user=0.91 sys=0.00, real=0.15 secs] 
5068.373: [GC (Allocation Failure) [PSYoungGen: 373024K->191040K(453120K)] 809502K->734862K(1851392K), 0.1520726 secs] [Times: user=0.91 sys=0.00, real=0.15 secs] 
5072.043: [GC (Allocation Failure) [PSYoungGen: 446063K->97408K(471552K)] 989886K->832478K(1869824K), 0.1197711 secs] [Times: user=0.72 sys=0.00, real=0.12 secs] 
5075.414: [GC (Allocation Failure) [PSYoungGen: 339072K->151136K(393216K)] 1074142K->977079K(1791488K), 0.0625548 secs] [Times: user=0.37 sys=0.00, real=0.07 secs] 
5078.768: [GC (Allocation Failure) [PSYoungGen: 392800K->117024K(472576K)] 1218743K->1093943K(1870848K), 0.0908194 secs] [Times: user=0.54 sys=0.00, real=0.09 secs] 
5080.119: [GC (Allocation Failure) [PSYoungGen: 364832K->139424K(466432K)] 1341751K->1214500K(1864704K), 0.0619984 secs] [Times: user=0.37 sys=0.00, real=0.06 secs] 
5083.211: [GC (Allocation Failure) [PSYoungGen: 387232K->158208K(466432K)] 1462308K->1372572K(1864704K), 0.0675320 secs] [Times: user=0.39 sys=0.01, real=0.07 secs] 
5083.278: [Full GC (Ergonomics) [PSYoungGen: 158208K->0K(466432K)] [ParOldGen: 1214364K->165056K(1398272K)] 1372572K->165056K(1864704K), [Metaspace: 59692K->59692K(1105920K)], 0.3801927 secs] [Times: user=1.76 sys=0.00, real=0.38 secs] 
5085.402: [GC (Allocation Failure) [PSYoungGen: 253952K->118144K(467968K)] 419008K->283200K(1866240K), 0.0883825 secs] [Times: user=0.52 sys=0.00, real=0.09 secs] 
5088.458: [GC (Allocation Failure) [PSYoungGen: 372096K->177536K(472576K)] 537152K->458622K(1870848K), 0.0611057 secs] [Times: user=0.37 sys=0.00, real=0.06 secs] 
5091.942: [GC (Allocation Failure) [PSYoungGen: 441216K->101600K(481280K)] 722302K->559690K(1879552K), 0.1822102 secs] [Times: user=1.08 sys=0.00, real=0.18 secs] 
5094.154: [GC (Allocation Failure) [PSYoungGen: 365280K->186976K(460288K)] 823370K->739307K(1858560K), 0.0682390 secs] [Times: user=0.41 sys=0.00, real=0.07 secs] 
5096.442: [GC (Allocation Failure) [PSYoungGen: 431200K->105856K(471552K)] 983531K->845427K(1869824K), 0.0959832 secs] [Times: user=0.58 sys=0.00, real=0.10 secs] 
5099.909: [GC (Allocation Failure) [PSYoungGen: 350080K->142624K(455168K)] 1089651K->976880K(1853440K), 0.0609038 secs] [Times: user=0.36 sys=0.00, real=0.06 secs] 
5101.334: [GC (Allocation Failure) [PSYoungGen: 389920K->142624K(464896K)] 1224176K->1119696K(1863168K), 0.0639166 secs] [Times: user=0.38 sys=0.00, real=0.07 secs] 
5105.603: [GC (Allocation Failure) [PSYoungGen: 389920K->5056K(457216K)] 1366992K->982152K(1855488K), 0.0030854 secs] [Times: user=0.02 sys=0.00, real=0.01 secs] 
5107.569: [GC (Allocation Failure) [PSYoungGen: 250304K->169696K(415232K)] 1227400K->1150553K(1813504K), 0.0340427 secs] [Times: user=0.20 sys=0.00, real=0.03 secs] 
5109.257: [GC (Allocation Failure) [PSYoungGen: 414944K->106816K(472064K)] 1395801K->1248321K(1870336K), 0.1152664 secs] [Times: user=0.69 sys=0.00, real=0.11 secs] 
5109.373: [Full GC (Ergonomics) [PSYoungGen: 106816K->0K(472064K)] [ParOldGen: 1141505K->48429K(1398272K)] 1248321K->48429K(1870336K), [Metaspace: 59692K->59692K(1105920K)], 0.1056900 secs] [Times: user=0.44 sys=0.00, real=0.11 secs] 
5110.865: [GC (Allocation Failure) [PSYoungGen: 239104K->173632K(465920K)] 287533K->222061K(1864192K), 0.0365314 secs] [Times: user=0.21 sys=0.01, real=0.04 secs] 
5113.047: [GC (Allocation Failure) [PSYoungGen: 412736K->93280K(468480K)] 461165K->315101K(1866752K), 0.1194446 secs] [Times: user=0.71 sys=0.00, real=0.12 secs] 
5114.730: [GC (Allocation Failure) [PSYoungGen: 328800K->174848K(465920K)] 550621K->483845K(1864192K), 0.1426762 secs] [Times: user=0.85 sys=0.00, real=0.14 secs] 
5117.269: [GC (Allocation Failure) [PSYoungGen: 410368K->89088K(465920K)] 719365K->573157K(1864192K), 0.1187460 secs] [Times: user=0.70 sys=0.00, real=0.12 secs] 
5119.790: [GC (Allocation Failure) [PSYoungGen: 321782K->201824K(465920K)] 805852K->768610K(1864192K), 0.0613897 secs] [Times: user=0.37 sys=0.00, real=0.06 secs] 
5121.143: [GC (Allocation Failure) [PSYoungGen: 430162K->92928K(465920K)] 996949K->826706K(1864192K), 0.0994559 secs] [Times: user=0.58 sys=0.00, real=0.10 secs] 
5124.449: [GC (Allocation Failure) [PSYoungGen: 325888K->151360K(465920K)] 1059666K->971655K(1864192K), 0.0604240 secs] [Times: user=0.36 sys=0.00, real=0.06 secs] 
5126.025: [GC (Allocation Failure) [PSYoungGen: 384320K->107360K(465920K)] 1204615K->1078863K(1864192K), 0.0957323 secs] [Times: user=0.56 sys=0.00, real=0.10 secs] 
5128.617: [GC (Allocation Failure) [PSYoungGen: 340320K->148960K(381952K)] 1311823K->1208788K(1780224K), 0.0616861 secs] [Times: user=0.35 sys=0.00, real=0.06 secs] 
5129.501: [GC (Allocation Failure) [PSYoungGen: 381920K->115904K(472576K)] 1441748K->1324940K(1870848K), 0.0811450 secs] [Times: user=0.48 sys=0.00, real=0.08 secs] 
5129.582: [Full GC (Ergonomics) [PSYoungGen: 115904K->0K(472576K)] [ParOldGen: 1209036K->131972K(1398272K)] 1324940K->131972K(1870848K), [Metaspace: 59692K->59692K(1105920K)], 0.2943794 secs] [Times: user=1.34 sys=0.00, real=0.30 secs] 
5135.429: [GC (Allocation Failure) [PSYoungGen: 240128K->132192K(372736K)] 372100K->264164K(1771008K), 0.0472602 secs] [Times: user=0.28 sys=0.00, real=0.05 secs] 
5138.347: [GC (Allocation Failure) [PSYoungGen: 372320K->128064K(465920K)] 504292K->392124K(1864192K), 0.0778733 secs] [Times: user=0.46 sys=0.00, real=0.07 secs] 
5139.642: [GC (Allocation Failure) [PSYoungGen: 377408K->3584K(457728K)] 641468K->267708K(1856000K), 0.0027310 secs] [Times: user=0.01 sys=0.00, real=0.00 secs] 
5142.160: [GC (Allocation Failure) [PSYoungGen: 252928K->167712K(460288K)] 517052K->434129K(1858560K), 0.0330929 secs] [Times: user=0.19 sys=0.00, real=0.03 secs] 
5144.609: [GC (Allocation Failure) [PSYoungGen: 405792K->102944K(468480K)] 672209K->527777K(1866752K), 0.1171379 secs] [Times: user=0.69 sys=0.01, real=0.12 secs] 
5146.544: [GC (Allocation Failure) [PSYoungGen: 328128K->161632K(463872K)] 752961K->685798K(1862144K), 0.0520481 secs] [Times: user=0.31 sys=0.00, real=0.06 secs] 
5148.188: [GC (Allocation Failure) [PSYoungGen: 402784K->104320K(468992K)] 926950K->780830K(1867264K), 0.1089541 secs] [Times: user=0.64 sys=0.01, real=0.11 secs] 
5149.226: [GC (Allocation Failure) [PSYoungGen: 345472K->178720K(456192K)] 1021982K->955707K(1854464K), 0.0541489 secs] [Times: user=0.32 sys=0.00, real=0.06 secs] 
5152.960: [GC (Allocation Failure) [PSYoungGen: 413728K->84896K(466944K)] 1190715K->1040715K(1865216K), 0.1600479 secs] [Times: user=0.95 sys=0.01, real=0.16 secs] 
5153.431: [GC (Allocation Failure) [PSYoungGen: 319904K->178304K(461824K)] 1275723K->1212755K(1860096K), 0.0587083 secs] [Times: user=0.35 sys=0.00, real=0.06 secs] 
5156.150: [GC (Allocation Failure) [PSYoungGen: 411264K->87392K(465920K)] 1445715K->1299911K(1864192K), 0.1330116 secs] [Times: user=0.80 sys=0.00, real=0.13 secs] 
5156.283: [Full GC (Ergonomics) [PSYoungGen: 87392K->0K(465920K)] [ParOldGen: 1212519K->98201K(1398272K)] 1299911K->98201K(1864192K), [Metaspace: 59726K->59726K(1105920K)], 0.2436074 secs] [Times: user=1.12 sys=0.00, real=0.25 secs] 
5158.512: [GC (Allocation Failure) [PSYoungGen: 230577K->200096K(465920K)] 328779K->298297K(1864192K), 0.0486193 secs] [Times: user=0.29 sys=0.00, real=0.05 secs] 
5161.843: [GC (Allocation Failure) [PSYoungGen: 433056K->92288K(465920K)] 531257K->353201K(1864192K), 0.1068727 secs] [Times: user=0.63 sys=0.00, real=0.11 secs] 
5163.167: [GC (Allocation Failure) [PSYoungGen: 325248K->151296K(465920K)] 586161K->498084K(1864192K), 0.0599765 secs] [Times: user=0.35 sys=0.00, real=0.06 secs] 
5164.221: [GC (Allocation Failure) [PSYoungGen: 384256K->114912K(465920K)] 731044K->613220K(1864192K), 0.0915382 secs] [Times: user=0.50 sys=0.00, real=0.09 secs] 
5166.252: [GC (Allocation Failure) [PSYoungGen: 347872K->133312K(451584K)] 846180K->736453K(1849856K), 0.0616933 secs] [Times: user=0.37 sys=0.00, real=0.06 secs] 
5169.948: [GC (Allocation Failure) [PSYoungGen: 366272K->125280K(458752K)] 969413K->861117K(1857024K), 0.0762152 secs] [Times: user=0.46 sys=0.00, real=0.07 secs] 
5171.186: [GC (Allocation Failure) [PSYoungGen: 358240K->123232K(459264K)] 1094077K->973988K(1857536K), 0.0630592 secs] [Times: user=0.37 sys=0.00, real=0.06 secs] 
5173.495: [GC (Allocation Failure) [PSYoungGen: 379232K->162080K(465408K)] 1229988K->1135452K(1863680K), 0.0595134 secs] [Times: user=0.35 sys=0.00, real=0.06 secs] 
5175.774: [GC (Allocation Failure) [PSYoungGen: 418080K->27520K(465920K)] 1391452K->1000924K(1864192K), 0.0231783 secs] [Times: user=0.13 sys=0.00, real=0.03 secs] 
5177.257: [GC (Allocation Failure) [PSYoungGen: 279936K->201184K(453632K)] 1253340K->1197460K(1851904K), 0.0449877 secs] [Times: user=0.27 sys=0.00, real=0.04 secs] 
5179.919: [GC (Allocation Failure) [PSYoungGen: 453600K->101984K(465920K)] 1449876K->1282540K(1864192K), 0.1293128 secs] [Times: user=0.77 sys=0.01, real=0.13 secs] 
5180.048: [Full GC (Ergonomics) [PSYoungGen: 101984K->0K(465920K)] [ParOldGen: 1180556K->87337K(1398272K)] 1282540K->87337K(1864192K), [Metaspace: 59726K->59726K(1105920K)], 0.1991851 secs] [Times: user=0.89 sys=0.00, real=0.20 secs] 
5180.873: [GC (Allocation Failure) [PSYoungGen: 232960K->171584K(465920K)] 320297K->258921K(1864192K), 0.0609178 secs] [Times: user=0.36 sys=0.00, real=0.06 secs] 
5184.965: [GC (Allocation Failure) [PSYoungGen: 404544K->83744K(465920K)] 491881K->342001K(1864192K), 0.1299889 secs] [Times: user=0.77 sys=0.00, real=0.13 secs] 
5186.307: [GC (Allocation Failure) [PSYoungGen: 316704K->163488K(465920K)] 574961K->498485K(1864192K), 0.0608173 secs] [Times: user=0.36 sys=0.00, real=0.06 secs] 
5188.648: [GC (Allocation Failure) [PSYoungGen: 392950K->93344K(465920K)] 727948K->591973K(1864192K), 0.1049776 secs] [Times: user=0.63 sys=0.00, real=0.10 secs] 
5189.916: [GC (Allocation Failure) [PSYoungGen: 326304K->150720K(465920K)] 824933K->736042K(1864192K), 0.0602091 secs] [Times: user=0.36 sys=0.00, real=0.06 secs] 
5192.981: [GC (Allocation Failure) [PSYoungGen: 383680K->107424K(454656K)] 969002K->843594K(1852928K), 0.0880330 secs] [Times: user=0.52 sys=0.00, real=0.09 secs] 
5194.285: [GC (Allocation Failure) [PSYoungGen: 340384K->141312K(460288K)] 1076554K->974091K(1858560K), 0.0617611 secs] [Times: user=0.37 sys=0.00, real=0.07 secs] 
5196.788: [GC (Allocation Failure) [PSYoungGen: 374272K->132736K(455168K)] 1207051K->1106603K(1853440K), 0.0782595 secs] [Times: user=0.46 sys=0.01, real=0.08 secs] 
5198.070: [GC (Allocation Failure) [PSYoungGen: 381568K->3168K(463872K)] 1355435K->977143K(1862144K), 0.0047404 secs] [Times: user=0.03 sys=0.00, real=0.00 secs] 
5200.399: [GC (Allocation Failure) [PSYoungGen: 252000K->175872K(460800K)] 1225975K->1151116K(1859072K), 0.0336941 secs] [Times: user=0.19 sys=0.00, real=0.03 secs] 
5201.639: [GC (Allocation Failure) [PSYoungGen: 408832K->101056K(465920K)] 1384076K->1234528K(1864192K), 0.0817398 secs] [Times: user=0.49 sys=0.00, real=0.08 secs] 
5203.571: [GC (Allocation Failure) [PSYoungGen: 334016K->163456K(463872K)] 1467488K->1395109K(1862144K), 0.0535946 secs] [Times: user=0.32 sys=0.00, real=0.05 secs] 
5203.625: [Full GC (Ergonomics) [PSYoungGen: 163456K->0K(463872K)] [ParOldGen: 1231653K->196127K(1398272K)] 1395109K->196127K(1862144K), [Metaspace: 59726K->59726K(1105920K)], 0.4924400 secs] [Times: user=2.28 sys=0.00, real=0.50 secs] 
5206.398: [GC (Allocation Failure) [PSYoungGen: 232960K->96256K(329728K)] 429087K->292383K(1728000K), 0.0903799 secs] [Times: user=0.53 sys=0.00, real=0.09 secs] 
5207.881: [GC (Allocation Failure) [PSYoungGen: 329216K->166752K(460800K)] 525343K->455208K(1859072K), 0.0493717 secs] [Times: user=0.29 sys=0.00, real=0.05 secs] 
5210.397: [GC (Allocation Failure) [PSYoungGen: 398176K->87328K(464384K)] 686632K->542088K(1862656K), 0.1763327 secs] [Times: user=1.05 sys=0.00, real=0.17 secs] 
5211.180: [GC (Allocation Failure) [PSYoungGen: 318752K->172032K(463872K)] 773512K->710387K(1862144K), 0.0554142 secs] [Times: user=0.33 sys=0.00, real=0.05 secs] 
5215.061: [GC (Allocation Failure) [PSYoungGen: 404992K->86464K(465920K)] 943347K->796708K(1864192K), 0.1789472 secs] [Times: user=1.07 sys=0.00, real=0.18 secs] 
5215.531: [GC (Allocation Failure) [PSYoungGen: 319424K->192864K(465920K)] 1029668K->983431K(1864192K), 0.0587272 secs] [Times: user=0.33 sys=0.00, real=0.06 secs] 
5218.787: [GC (Allocation Failure) [PSYoungGen: 425824K->84224K(465920K)] 1216391K->1051007K(1864192K), 0.1349267 secs] [Times: user=0.79 sys=0.01, real=0.13 secs] 
5220.314: [GC (Allocation Failure) [PSYoungGen: 316208K->205184K(465920K)] 1282992K->1249572K(1864192K), 0.0620480 secs] [Times: user=0.37 sys=0.00, real=0.07 secs] 
5222.690: [GC (Allocation Failure) [PSYoungGen: 438144K->91008K(465920K)] 1482532K->1305644K(1864192K), 0.1052439 secs] [Times: user=0.63 sys=0.00, real=0.10 secs] 
5222.795: [Full GC (Ergonomics) [PSYoungGen: 91008K->0K(465920K)] [ParOldGen: 1214636K->105096K(1398272K)] 1305644K->105096K(1864192K), [Metaspace: 59726K->59726K(1105920K)], 0.2377121 secs] [Times: user=1.07 sys=0.00, real=0.24 secs] 
5224.675: [GC (Allocation Failure) [PSYoungGen: 232960K->153824K(465920K)] 338056K->258920K(1864192K), 0.0444624 secs] [Times: user=0.26 sys=0.01, real=0.05 secs] 
5226.228: [GC (Allocation Failure) [PSYoungGen: 386784K->100704K(465920K)] 491880K->359400K(1864192K), 0.1007058 secs] [Times: user=0.59 sys=0.00, real=0.10 secs] 
5228.139: [GC (Allocation Failure) [PSYoungGen: 333664K->148064K(465920K)] 592360K->496493K(1864192K), 0.0602669 secs] [Times: user=0.35 sys=0.00, real=0.06 secs] 
5230.719: [GC (Allocation Failure) [PSYoungGen: 381024K->119680K(352768K)] 729453K->616245K(1751040K), 0.0888997 secs] [Times: user=0.53 sys=0.00, real=0.09 secs] 
5232.001: [GC (Allocation Failure) [PSYoungGen: 352640K->127648K(475136K)] 849205K->733908K(1873408K), 0.0617672 secs] [Times: user=0.37 sys=0.00, real=0.06 secs] 
5233.859: [GC (Allocation Failure) [PSYoungGen: 370336K->147136K(390144K)] 976596K->881220K(1788416K), 0.0606236 secs] [Times: user=0.36 sys=0.00, real=0.06 secs] 
5235.066: [GC (Allocation Failure) [PSYoungGen: 389824K->12000K(452608K)] 1123908K->746124K(1850880K), 0.0038229 secs] [Times: user=0.02 sys=0.00, real=0.01 secs] 
5238.831: [GC (Allocation Failure) [PSYoungGen: 244448K->162784K(463872K)] 978572K->906545K(1862144K), 0.0344775 secs] [Times: user=0.20 sys=0.00, real=0.03 secs] 
5240.397: [GC (Allocation Failure) [PSYoungGen: 395232K->97312K(461824K)] 1138993K->994641K(1860096K), 0.1124487 secs] [Times: user=0.67 sys=0.01, real=0.11 secs] 
5243.155: [GC (Allocation Failure) [PSYoungGen: 327729K->163552K(463872K)] 1225058K->1155438K(1862144K), 0.0517027 secs] [Times: user=0.31 sys=0.00, real=0.06 secs] 
5245.208: [GC (Allocation Failure) [PSYoungGen: 398048K->98432K(462848K)] 1389934K->1244850K(1861120K), 0.1724056 secs] [Times: user=1.03 sys=0.00, real=0.17 secs] 
5246.626: [GC (Allocation Failure) [PSYoungGen: 334976K->170240K(464384K)] 1481394K->1410934K(1862656K), 0.0526502 secs] [Times: user=0.31 sys=0.00, real=0.06 secs] 
5246.678: [Full GC (Ergonomics) [PSYoungGen: 170240K->0K(464384K)] [ParOldGen: 1240694K->213809K(1398272K)] 1410934K->213809K(1862656K), [Metaspace: 59726K->59726K(1105920K)], 0.4947953 secs] [Times: user=2.30 sys=0.00, real=0.49 secs] 
5249.879: [GC (Allocation Failure) [PSYoungGen: 236544K->88032K(467968K)] 450353K->301841K(1866240K), 0.1415822 secs] [Times: user=0.85 sys=0.00, real=0.14 secs] 
5250.645: [GC (Allocation Failure) [PSYoungGen: 323040K->174784K(465920K)] 536849K->472602K(1864192K), 0.0567985 secs] [Times: user=0.33 sys=0.00, real=0.06 secs] 
5254.519: [GC (Allocation Failure) [PSYoungGen: 409792K->84288K(465920K)] 707610K->556690K(1864192K), 0.1579841 secs] [Times: user=0.93 sys=0.01, real=0.16 secs] 
5254.970: [GC (Allocation Failure) [PSYoungGen: 317248K->195808K(465920K)] 789650K->746315K(1864192K), 0.0593898 secs] [Times: user=0.35 sys=0.00, real=0.06 secs] 
5257.621: [GC (Allocation Failure) [PSYoungGen: 428768K->86912K(465920K)] 979275K->816947K(1864192K), 0.1161739 secs] [Times: user=0.69 sys=0.00, real=0.12 secs] 
5259.714: [GC (Allocation Failure) [PSYoungGen: 319872K->157120K(465920K)] 1049907K->967624K(1864192K), 0.0608204 secs] [Times: user=0.36 sys=0.00, real=0.06 secs] 
5262.212: [GC (Allocation Failure) [PSYoungGen: 384254K->93280K(465920K)] 1194758K->1060824K(1864192K), 0.1075695 secs] [Times: user=0.64 sys=0.00, real=0.11 secs] 
5263.471: [GC (Allocation Failure) [PSYoungGen: 326240K->151328K(465920K)] 1293784K->1205567K(1864192K), 0.0612467 secs] [Times: user=0.36 sys=0.00, real=0.06 secs] 
5265.881: [GC (Allocation Failure) [PSYoungGen: 384288K->103072K(463872K)] 1438527K->1308475K(1862144K), 0.0896565 secs] [Times: user=0.53 sys=0.00, real=0.09 secs] 
5265.971: [Full GC (Ergonomics) [PSYoungGen: 103072K->0K(463872K)] [ParOldGen: 1205403K->117162K(1398272K)] 1308475K->117162K(1862144K), [Metaspace: 59726K->59726K(1105920K)], 0.2683282 secs] [Times: user=1.22 sys=0.00, real=0.27 secs] 
5267.405: [GC (Allocation Failure) [PSYoungGen: 232960K->145376K(378368K)] 350122K->262538K(1776640K), 0.0531127 secs] [Times: user=0.32 sys=0.00, real=0.06 secs] 
5271.001: [GC (Allocation Failure) [PSYoungGen: 378336K->119072K(472576K)] 495498K->381867K(1870848K), 0.0980566 secs] [Times: user=0.58 sys=0.01, real=0.10 secs] 
5272.287: [GC (Allocation Failure) [PSYoungGen: 363296K->2112K(464384K)] 626091K->264987K(1862656K), 0.0018531 secs] [Times: user=0.00 sys=0.00, real=0.00 secs] 
5274.322: [GC (Allocation Failure) [PSYoungGen: 246336K->156416K(464896K)] 509211K->419879K(1863168K), 0.0307779 secs] [Times: user=0.18 sys=0.00, real=0.03 secs] 
5275.516: [GC (Allocation Failure) [PSYoungGen: 389376K->14496K(465920K)] 652839K->278175K(1864192K), 0.0041341 secs] [Times: user=0.02 sys=0.01, real=0.00 secs] 
5277.768: [GC (Allocation Failure) [PSYoungGen: 247456K->163104K(465920K)] 511135K->438904K(1864192K), 0.0347519 secs] [Times: user=0.20 sys=0.00, real=0.03 secs] 
5279.626: [GC (Allocation Failure) [PSYoungGen: 396064K->99712K(465920K)] 671864K->529272K(1864192K), 0.1300864 secs] [Times: user=0.77 sys=0.01, real=0.13 secs] 
5281.313: [GC (Allocation Failure) [PSYoungGen: 324620K->159712K(465920K)] 754181K->685293K(1864192K), 0.0512007 secs] [Times: user=0.30 sys=0.00, real=0.05 secs] 
5283.499: [GC (Allocation Failure) [PSYoungGen: 392672K->96416K(465920K)] 918253K->772389K(1864192K), 0.1651981 secs] [Times: user=0.99 sys=0.00, real=0.16 secs] 
5285.853: [GC (Allocation Failure) [PSYoungGen: 329376K->166016K(465920K)] 1005349K->934878K(1864192K), 0.0512304 secs] [Times: user=0.30 sys=0.00, real=0.05 secs] 
5288.456: [GC (Allocation Failure) [PSYoungGen: 398976K->87296K(465920K)] 1167838K->1022094K(1864192K), 0.1570035 secs] [Times: user=0.94 sys=0.00, real=0.16 secs] 
5289.485: [GC (Allocation Failure) [PSYoungGen: 320256K->173440K(465920K)] 1255054K->1191375K(1864192K), 0.0577240 secs] [Times: user=0.34 sys=0.00, real=0.06 secs] 
5292.482: [GC (Allocation Failure) [PSYoungGen: 406400K->83648K(465920K)] 1424335K->1274915K(1864192K), 0.1387646 secs] [Times: user=0.82 sys=0.00, real=0.14 secs] 
5292.621: [Full GC (Ergonomics) [PSYoungGen: 83648K->0K(465920K)] [ParOldGen: 1191267K->71532K(1398272K)] 1274915K->71532K(1864192K), [Metaspace: 59726K->59726K(1105920K)], 0.1760887 secs] [Times: user=0.80 sys=0.00, real=0.18 secs] 
5293.714: [GC (Allocation Failure) [PSYoungGen: 232960K->171968K(465920K)] 304492K->243500K(1864192K), 0.0658079 secs] [Times: user=0.39 sys=0.00, real=0.07 secs] 
5295.875: [GC (Allocation Failure) [PSYoungGen: 404928K->89952K(465920K)] 476460K->333372K(1864192K), 0.1232426 secs] [Times: user=0.73 sys=0.00, real=0.13 secs] 
5298.409: [GC (Allocation Failure) [PSYoungGen: 322912K->167968K(465920K)] 566332K->495661K(1864192K), 0.1580924 secs] [Times: user=0.94 sys=0.00, real=0.16 secs] 
5300.559: [GC (Allocation Failure) [PSYoungGen: 400928K->87584K(465920K)] 728621K->583037K(1864192K), 0.1130156 secs] [Times: user=0.67 sys=0.00, real=0.11 secs] 
5303.399: [GC (Allocation Failure) [PSYoungGen: 316086K->194784K(465920K)] 811539K->771778K(1864192K), 0.0675393 secs] [Times: user=0.40 sys=0.00, real=0.07 secs] 
5304.508: [GC (Allocation Failure) [PSYoungGen: 423362K->93120K(465920K)] 1000356K->828281K(1864192K), 0.1045279 secs] [Times: user=0.62 sys=0.00, real=0.10 secs] 
5307.107: [GC (Allocation Failure) [PSYoungGen: 326080K->151008K(465920K)] 1061241K->972694K(1864192K), 0.0599818 secs] [Times: user=0.35 sys=0.00, real=0.06 secs] 
5307.971: [GC (Allocation Failure) [PSYoungGen: 383968K->107872K(465920K)] 1205654K->1080574K(1864192K), 0.0771814 secs] [Times: user=0.46 sys=0.00, real=0.08 secs] 
5311.332: [GC (Allocation Failure) [PSYoungGen: 340832K->140256K(462848K)] 1313534K->1210197K(1861120K), 0.0617099 secs] [Times: user=0.37 sys=0.00, real=0.06 secs] 
5312.052: [GC (Allocation Failure) [PSYoungGen: 373216K->128800K(361984K)] 1443157K->1339197K(1760256K), 0.0763367 secs] [Times: user=0.45 sys=0.01, real=0.08 secs] 
5312.129: [Full GC (Ergonomics) [PSYoungGen: 128800K->0K(361984K)] [ParOldGen: 1210397K->142772K(1398272K)] 1339197K->142772K(1760256K), [Metaspace: 59727K->59727K(1105920K)], 0.3258307 secs] [Times: user=1.48 sys=0.00, real=0.32 secs] 
5315.117: [GC (Allocation Failure) [PSYoungGen: 232960K->118784K(467456K)] 375732K->261556K(1865728K), 0.0414091 secs] [Times: user=0.24 sys=0.00, real=0.04 secs] 
5316.559: [GC (Allocation Failure) [PSYoungGen: 364544K->152512K(459264K)] 507316K->413916K(1857536K), 0.0611493 secs] [Times: user=0.36 sys=0.00, real=0.06 secs] 
5319.288: [GC (Allocation Failure) [PSYoungGen: 398272K->13632K(461824K)] 659676K->275052K(1860096K), 0.0039334 secs] [Times: user=0.02 sys=0.00, real=0.00 secs] 
5320.349: [GC (Allocation Failure) [PSYoungGen: 251946K->170432K(417792K)] 513367K->443865K(1816064K), 0.0631995 secs] [Times: user=0.37 sys=0.01, real=0.06 secs] 
5323.124: [GC (Allocation Failure) [PSYoungGen: 417728K->102208K(472064K)] 691161K->537853K(1870336K), 0.1200533 secs] [Times: user=0.71 sys=0.00, real=0.12 secs] 
5323.886: [GC (Allocation Failure) [PSYoungGen: 341312K->173632K(465920K)] 776957K->707914K(1864192K), 0.0527189 secs] [Times: user=0.32 sys=0.00, real=0.05 secs] 
5327.058: [GC (Allocation Failure) [PSYoungGen: 412736K->90496K(467968K)] 947018K->798570K(1866240K), 0.1694802 secs] [Times: user=1.01 sys=0.00, real=0.17 secs] 
5328.118: [GC (Allocation Failure) [PSYoungGen: 325504K->174208K(465920K)] 1033578K->966799K(1864192K), 0.1593632 secs] [Times: user=0.95 sys=0.00, real=0.16 secs] 
5332.329: [GC (Allocation Failure) [PSYoungGen: 409216K->84384K(465920K)] 1201807K->1050711K(1864192K), 0.1311827 secs] [Times: user=0.78 sys=0.00, real=0.13 secs] 
5333.085: [GC (Allocation Failure) [PSYoungGen: 316468K->206624K(465920K)] 1282796K->1251057K(1864192K), 0.0623484 secs] [Times: user=0.37 sys=0.01, real=0.07 secs] 
5336.048: [GC (Allocation Failure) [PSYoungGen: 439584K->91904K(465920K)] 1484017K->1307985K(1864192K), 0.1177208 secs] [Times: user=0.70 sys=0.00, real=0.11 secs] 
5336.165: [Full GC (Ergonomics) [PSYoungGen: 91904K->0K(465920K)] [ParOldGen: 1216081K->105997K(1398272K)] 1307985K->105997K(1864192K), [Metaspace: 59727K->59727K(1105920K)], 0.2555661 secs] [Times: user=1.18 sys=0.00, real=0.26 secs] 
5337.518: [GC (Allocation Failure) [PSYoungGen: 232960K->152160K(465920K)] 338957K->258157K(1864192K), 0.0431169 secs] [Times: user=0.25 sys=0.00, real=0.04 secs] 
5339.700: [GC (Allocation Failure) [PSYoungGen: 385120K->104640K(465920K)] 491117K->362557K(1864192K), 0.0933868 secs] [Times: user=0.55 sys=0.00, real=0.09 secs] 
5340.998: [GC (Allocation Failure) [PSYoungGen: 337600K->144096K(465920K)] 595517K->495322K(1864192K), 0.0605883 secs] [Times: user=0.36 sys=0.00, real=0.06 secs] 
5344.191: [GC (Allocation Failure) [PSYoungGen: 377056K->121696K(449536K)] 728282K->617154K(1847808K), 0.0839771 secs] [Times: user=0.50 sys=0.00, real=0.08 secs] 
5345.464: [GC (Allocation Failure) [PSYoungGen: 354656K->127008K(457728K)] 850114K->733279K(1856000K), 0.0620693 secs] [Times: user=0.37 sys=0.00, real=0.06 secs] 
5348.052: [GC (Allocation Failure) [PSYoungGen: 359968K->136000K(463872K)] 966239K->869127K(1862144K), 0.0663859 secs] [Times: user=0.40 sys=0.00, real=0.07 secs] 
5349.330: [GC (Allocation Failure) [PSYoungGen: 394560K->13760K(468480K)] 1127687K->746999K(1866752K), 0.0061045 secs] [Times: user=0.03 sys=0.00, real=0.01 secs] 
5351.205: [GC (Allocation Failure) [PSYoungGen: 261551K->171520K(458240K)] 994790K->916332K(1856512K), 0.0374241 secs] [Times: user=0.22 sys=0.01, real=0.04 secs] 
5353.500: [GC (Allocation Failure) [PSYoungGen: 408576K->102432K(467968K)] 1153388K->1009452K(1866240K), 0.1834635 secs] [Times: user=1.09 sys=0.01, real=0.18 secs] 
5355.489: [GC (Allocation Failure) [PSYoungGen: 339488K->169152K(459776K)] 1246508K->1174741K(1858048K), 0.0536843 secs] [Times: user=0.32 sys=0.00, real=0.05 secs] 
5358.192: [GC (Allocation Failure) [PSYoungGen: 405184K->93920K(467456K)] 1410773K->1268557K(1865728K), 0.1623011 secs] [Times: user=0.96 sys=0.01, real=0.16 secs] 
5358.354: [Full GC (Ergonomics) [PSYoungGen: 93920K->0K(467456K)] [ParOldGen: 1174637K->72945K(1398272K)] 1268557K->72945K(1865728K), [Metaspace: 59727K->59727K(1105920K)], 0.1880302 secs] [Times: user=0.87 sys=0.00, real=0.19 secs] 
5359.060: [GC (Allocation Failure) [PSYoungGen: 236032K->175840K(459264K)] 308977K->248785K(1857536K), 0.0379403 secs] [Times: user=0.22 sys=0.00, real=0.04 secs] 
5363.568: [GC (Allocation Failure) [PSYoungGen: 408800K->82432K(465920K)] 481745K->330414K(1864192K), 0.1516513 secs] [Times: user=0.90 sys=0.00, real=0.15 secs] 
5364.142: [GC (Allocation Failure) [PSYoungGen: 315392K->191552K(465408K)] 563374K->515718K(1863680K), 0.0561792 secs] [Times: user=0.33 sys=0.00, real=0.06 secs] 
5368.767: [GC (Allocation Failure) [PSYoungGen: 424512K->85056K(465920K)] 748678K->582494K(1864192K), 0.1177226 secs] [Times: user=0.70 sys=0.00, real=0.11 secs] 
5370.022: [GC (Allocation Failure) [PSYoungGen: 318016K->158624K(465920K)] 815454K->734834K(1864192K), 0.0598601 secs] [Times: user=0.36 sys=0.00, real=0.06 secs] 
5372.386: [GC (Allocation Failure) [PSYoungGen: 391584K->102336K(465920K)] 967794K->837122K(1864192K), 0.0983652 secs] [Times: user=0.58 sys=0.00, real=0.09 secs] 
5375.229: [GC (Allocation Failure) [PSYoungGen: 335296K->146560K(465920K)] 1070082K->972421K(1864192K), 0.0609938 secs] [Times: user=0.37 sys=0.00, real=0.06 secs] 
5377.261: [GC (Allocation Failure) [PSYoungGen: 379520K->123680K(356864K)] 1205381K->1095965K(1755136K), 0.0880350 secs] [Times: user=0.52 sys=0.00, real=0.09 secs] 
5378.551: [GC (Allocation Failure) [PSYoungGen: 356640K->133216K(463872K)] 1328925K->1210172K(1862144K), 0.0621122 secs] [Times: user=0.37 sys=0.00, real=0.06 secs] 
5380.707: [GC (Allocation Failure) [PSYoungGen: 373856K->143840K(456192K)] 1450812K->1353776K(1854464K), 0.0641284 secs] [Times: user=0.38 sys=0.00, real=0.06 secs] 
5380.771: [Full GC (Ergonomics) [PSYoungGen: 143840K->0K(456192K)] [ParOldGen: 1209936K->157898K(1398272K)] 1353776K->157898K(1854464K), [Metaspace: 59727K->59727K(1105920K)], 0.3685010 secs] [Times: user=1.69 sys=0.00, real=0.37 secs] 
5382.585: [GC (Allocation Failure) [PSYoungGen: 240640K->109568K(478208K)] 398538K->267466K(1876480K), 0.0380977 secs] [Times: user=0.23 sys=0.00, real=0.04 secs] 
5384.111: [GC (Allocation Failure) [PSYoungGen: 363825K->179104K(473088K)] 521724K->445079K(1871360K), 0.0592574 secs] [Times: user=0.35 sys=0.00, real=0.06 secs] 
5387.208: [GC (Allocation Failure) [PSYoungGen: 444320K->115200K(485376K)] 710295K->551263K(1883648K), 0.1792808 secs] [Times: user=1.07 sys=0.00, real=0.18 secs] 
5388.987: [GC (Allocation Failure) [PSYoungGen: 381440K->213472K(479744K)] 817503K->775836K(1878016K), 0.0663964 secs] [Times: user=0.40 sys=0.00, real=0.06 secs] 
5391.760: [GC (Allocation Failure) [PSYoungGen: 479712K->111488K(452096K)] 1042076K->850468K(1850368K), 0.1073870 secs] [Times: user=0.64 sys=0.00, real=0.11 secs] 
5393.028: [GC (Allocation Failure) [PSYoungGen: 344448K->136992K(465920K)] 1083428K->976969K(1864192K), 0.0615943 secs] [Times: user=0.37 sys=0.00, real=0.06 secs] 
5396.704: [GC (Allocation Failure) [PSYoungGen: 369952K->126176K(465920K)] 1209929K->1102841K(1864192K), 0.0785687 secs] [Times: user=0.46 sys=0.00, real=0.08 secs] 
5398.386: [GC (Allocation Failure) [PSYoungGen: 359136K->122592K(465920K)] 1335801K->1214872K(1864192K), 0.0631799 secs] [Times: user=0.38 sys=0.00, real=0.07 secs] 
5401.690: [GC (Allocation Failure) [PSYoungGen: 355552K->136768K(465920K)] 1447832K->1351024K(1864192K), 0.0664203 secs] [Times: user=0.39 sys=0.00, real=0.07 secs] 
5401.756: [Full GC (Ergonomics) [PSYoungGen: 136768K->0K(465920K)] [ParOldGen: 1214256K->151252K(1398272K)] 1351024K->151252K(1864192K), [Metaspace: 59727K->59727K(1105920K)], 0.3407845 secs] [Times: user=1.56 sys=0.00, real=0.34 secs] 
5403.222: [GC (Allocation Failure) [PSYoungGen: 232960K->113600K(465920K)] 384212K->264852K(1864192K), 0.0405577 secs] [Times: user=0.24 sys=0.00, real=0.04 secs] 
5406.024: [GC (Allocation Failure) [PSYoungGen: 346560K->161312K(465920K)] 497812K->424852K(1864192K), 0.0594004 secs] [Times: user=0.35 sys=0.00, real=0.06 secs] 
5407.281: [GC (Allocation Failure) [PSYoungGen: 394272K->101824K(334848K)] 657812K->509448K(1733120K), 0.0661161 secs] [Times: user=0.40 sys=0.00, real=0.07 secs] 
5410.016: [GC (Allocation Failure) [PSYoungGen: 334784K->165696K(463360K)] 742408K->673052K(1861632K), 0.0535330 secs] [Times: user=0.32 sys=0.00, real=0.05 secs] 
5411.486: [GC (Allocation Failure) [PSYoungGen: 397632K->94016K(464384K)] 904988K->758441K(1862656K), 0.0922247 secs] [Times: user=0.54 sys=0.00, real=0.09 secs] 
5412.886: [GC (Allocation Failure) [PSYoungGen: 322105K->165440K(464384K)] 986530K->921629K(1862656K), 0.0512108 secs] [Times: user=0.31 sys=0.00, real=0.05 secs] 
5414.731: [GC (Allocation Failure) [PSYoungGen: 398912K->98112K(331776K)] 1155101K->1011277K(1730048K), 0.1049568 secs] [Times: user=0.62 sys=0.00, real=0.10 secs] 
5416.099: [GC (Allocation Failure) [PSYoungGen: 331584K->163360K(464384K)] 1244749K->1171098K(1862656K), 0.0523149 secs] [Times: user=0.31 sys=0.00, real=0.05 secs] 
5418.543: [GC (Allocation Failure) [PSYoungGen: 394794K->93760K(465408K)] 1402532K->1263942K(1863680K), 0.1647097 secs] [Times: user=0.98 sys=0.00, real=0.17 secs] 
5420.226: [GC (Allocation Failure) [PSYoungGen: 328256K->168608K(462336K)] 1498438K->1429167K(1860608K), 0.1510033 secs] [Times: user=0.89 sys=0.01, real=0.16 secs] 
5420.377: [Full GC (Ergonomics) [PSYoungGen: 168608K->0K(462336K)] [ParOldGen: 1260559K->226595K(1398272K)] 1429167K->226595K(1860608K), [Metaspace: 59727K->59727K(1105920K)], 0.5860780 secs] [Times: user=2.82 sys=0.00, real=0.58 secs] 
5423.249: [GC (Allocation Failure) [PSYoungGen: 232960K->83584K(465920K)] 459555K->310179K(1864192K), 0.0743512 secs] [Times: user=0.44 sys=0.00, real=0.07 secs] 
5423.754: [GC (Allocation Failure) [PSYoungGen: 316544K->176320K(465408K)] 543139K->480220K(1863680K), 0.0566286 secs] [Times: user=0.34 sys=0.00, real=0.06 secs] 
5426.928: [GC (Allocation Failure) [PSYoungGen: 409280K->84896K(465920K)] 713180K->565116K(1864192K), 0.1436961 secs] [Times: user=0.86 sys=0.00, real=0.14 secs] 
5429.320: [GC (Allocation Failure) [PSYoungGen: 317856K->187744K(465920K)] 798076K->746288K(1864192K), 0.0574660 secs] [Times: user=0.34 sys=0.00, real=0.06 secs] 
5431.635: [GC (Allocation Failure) [PSYoungGen: 420704K->90368K(465920K)] 979248K->818392K(1864192K), 0.1074513 secs] [Times: user=0.63 sys=0.00, real=0.11 secs] 
5433.945: [GC (Allocation Failure) [PSYoungGen: 323328K->153504K(465920K)] 1051352K->965408K(1864192K), 0.0599324 secs] [Times: user=0.36 sys=0.00, real=0.06 secs] 
5437.266: [GC (Allocation Failure) [PSYoungGen: 386464K->108640K(465920K)] 1198368K->1073880K(1864192K), 0.0959298 secs] [Times: user=0.57 sys=0.00, real=0.10 secs] 
5438.549: [GC (Allocation Failure) [PSYoungGen: 341600K->147744K(460800K)] 1306840K->1202944K(1859072K), 0.0605414 secs] [Times: user=0.36 sys=0.00, real=0.06 secs] 
5439.839: [GC (Allocation Failure) [PSYoungGen: 380704K->119936K(463360K)] 1435904K->1322736K(1861632K), 0.0808928 secs] [Times: user=0.48 sys=0.01, real=0.08 secs] 
5439.920: [Full GC (Ergonomics) [PSYoungGen: 119936K->0K(463360K)] [ParOldGen: 1202800K->134458K(1398272K)] 1322736K->134458K(1861632K), [Metaspace: 59727K->59706K(1105920K)], 0.3109102 secs] [Times: user=1.38 sys=0.00, real=0.31 secs] 
5441.676: [GC (Allocation Failure) [PSYoungGen: 232960K->128000K(455680K)] 367418K->262458K(1853952K), 0.0478503 secs] [Times: user=0.27 sys=0.01, real=0.05 secs] 
5443.764: [GC (Allocation Failure) [PSYoungGen: 373248K->148256K(459776K)] 507706K->410970K(1858048K), 0.0677370 secs] [Times: user=0.41 sys=0.00, real=0.07 secs] 
5447.095: [GC (Allocation Failure) [PSYoungGen: 393504K->9216K(459776K)] 656218K->271954K(1858048K), 0.0030747 secs] [Times: user=0.01 sys=0.00, real=0.01 secs] 
5449.622: [GC (Allocation Failure) [PSYoungGen: 256512K->182912K(430592K)] 519250K->452663K(1828864K), 0.0356108 secs] [Times: user=0.21 sys=0.00, real=0.04 secs] 
5451.912: [GC (Allocation Failure) [PSYoungGen: 430208K->107264K(468480K)] 699959K->542863K(1866752K), 0.1680458 secs] [Times: user=0.94 sys=0.01, real=0.17 secs] 
5453.112: [GC (Allocation Failure) [PSYoungGen: 342784K->167456K(465920K)] 778383K->707052K(1864192K), 0.0689626 secs] [Times: user=0.41 sys=0.01, real=0.07 secs] 
5455.600: [GC (Allocation Failure) [PSYoungGen: 402976K->92512K(466944K)] 942572K->799124K(1865216K), 0.1673131 secs] [Times: user=0.99 sys=0.01, real=0.17 secs] 
5456.190: [GC (Allocation Failure) [PSYoungGen: 327008K->178720K(465920K)] 1033620K->972143K(1864192K), 0.0734407 secs] [Times: user=0.44 sys=0.00, real=0.07 secs] 
5459.789: [GC (Allocation Failure) [PSYoungGen: 413216K->84224K(465920K)] 1206639K->1056623K(1864192K), 0.1330535 secs] [Times: user=0.79 sys=0.00, real=0.13 secs] 
5461.050: [GC (Allocation Failure) [PSYoungGen: 314941K->203040K(465920K)] 1287341K->1253463K(1864192K), 0.0677477 secs] [Times: user=0.40 sys=0.00, real=0.07 secs] 
5464.523: [GC (Allocation Failure) [PSYoungGen: 436000K->92672K(465920K)] 1486423K->1309183K(1864192K), 0.1099122 secs] [Times: user=0.65 sys=0.00, real=0.11 secs] 
5464.633: [Full GC (Ergonomics) [PSYoungGen: 92672K->0K(465920K)] [ParOldGen: 1216511K->107226K(1398272K)] 1309183K->107226K(1864192K), [Metaspace: 59706K->59706K(1105920K)], 0.2547512 secs] [Times: user=1.17 sys=0.00, real=0.26 secs] 
5466.011: [GC (Allocation Failure) [PSYoungGen: 232960K->151040K(465920K)] 340186K->258266K(1864192K), 0.0429183 secs] [Times: user=0.26 sys=0.00, real=0.04 secs] 
5469.493: [GC (Allocation Failure) [PSYoungGen: 384000K->101056K(465920K)] 491226K->359566K(1864192K), 0.0944558 secs] [Times: user=0.56 sys=0.01, real=0.10 secs] 
5471.222: [GC (Allocation Failure) [PSYoungGen: 334016K->147936K(465920K)] 592526K->496893K(1864192K), 0.0605150 secs] [Times: user=0.36 sys=0.00, real=0.06 secs] 
5473.654: [GC (Allocation Failure) [PSYoungGen: 380896K->126304K(451584K)] 729853K->622685K(1849856K), 0.0908359 secs] [Times: user=0.53 sys=0.00, real=0.09 secs] 
5474.952: [GC (Allocation Failure) [PSYoungGen: 359264K->129920K(458752K)] 855645K->734044K(1857024K), 0.0620718 secs] [Times: user=0.37 sys=0.00, real=0.06 secs] 
5477.579: [GC (Allocation Failure) [PSYoungGen: 362880K->133888K(459776K)] 967004K->867628K(1858048K), 0.0655754 secs] [Times: user=0.39 sys=0.00, real=0.06 secs] 
5478.837: [GC (Allocation Failure) [PSYoungGen: 390400K->9504K(465408K)] 1124140K->743328K(1863680K), 0.0032913 secs] [Times: user=0.01 sys=0.00, real=0.00 secs] 
5482.331: [GC (Allocation Failure) [PSYoungGen: 264230K->175680K(454656K)] 998055K->916605K(1852928K), 0.0360922 secs] [Times: user=0.21 sys=0.00, real=0.04 secs] 
5484.101: [GC (Allocation Failure) [PSYoungGen: 408640K->95680K(465920K)] 1149565K->1003317K(1864192K), 0.1416037 secs] [Times: user=0.84 sys=0.00, real=0.14 secs] 
5486.038: [GC (Allocation Failure) [PSYoungGen: 328640K->168320K(459776K)] 1236277K->1167182K(1858048K), 0.0509450 secs] [Times: user=0.30 sys=0.00, real=0.05 secs] 
5488.203: [GC (Allocation Failure) [PSYoungGen: 401280K->90432K(465920K)] 1400142K->1256878K(1864192K), 0.1772725 secs] [Times: user=1.05 sys=0.01, real=0.18 secs] 
5488.380: [Full GC (Ergonomics) [PSYoungGen: 90432K->0K(465920K)] [ParOldGen: 1166446K->60196K(1398272K)] 1256878K->60196K(1864192K), [Metaspace: 59706K->59706K(1105920K)], 0.1698559 secs] [Times: user=0.80 sys=0.00, real=0.17 secs] 
5488.837: [GC (Allocation Failure) [PSYoungGen: 232960K->170560K(461824K)] 293156K->230756K(1860096K), 0.0346090 secs] [Times: user=0.20 sys=0.00, real=0.03 secs] 
5492.180: [GC (Allocation Failure) [PSYoungGen: 403520K->86560K(465920K)] 463716K->316960K(1864192K), 0.1633805 secs] [Times: user=0.98 sys=0.00, real=0.16 secs] 
5492.911: [GC (Allocation Failure) [PSYoungGen: 319520K->172576K(464896K)] 549920K->483493K(1863168K), 0.0948776 secs] [Times: user=0.55 sys=0.01, real=0.09 secs] 
5495.271: [GC (Allocation Failure) [PSYoungGen: 405536K->90752K(465920K)] 716453K->573857K(1864192K), 0.1104791 secs] [Times: user=0.65 sys=0.01, real=0.11 secs] 
5497.277: [GC (Allocation Failure) [PSYoungGen: 322229K->200512K(465920K)] 805335K->768406K(1864192K), 0.0619659 secs] [Times: user=0.37 sys=0.00, real=0.06 secs] 
5499.896: [GC (Allocation Failure) [PSYoungGen: 433472K->87712K(465920K)] 1001366K->821574K(1864192K), 0.1130007 secs] [Times: user=0.68 sys=0.00, real=0.12 secs] 
5501.984: [GC (Allocation Failure) [PSYoungGen: 320672K->156416K(465920K)] 1054534K->970879K(1864192K), 0.0596032 secs] [Times: user=0.35 sys=0.00, real=0.06 secs] 
5502.881: [GC (Allocation Failure) [PSYoungGen: 389376K->109248K(465920K)] 1203839K->1080175K(1864192K), 0.0680384 secs] [Times: user=0.40 sys=0.00, real=0.07 secs] 
5504.990: [GC (Allocation Failure) [PSYoungGen: 342208K->139424K(462848K)] 1313135K->1208886K(1861120K), 0.0612034 secs] [Times: user=0.37 sys=0.01, real=0.06 secs] 
5507.440: [GC (Allocation Failure) [PSYoungGen: 372384K->116960K(350208K)] 1441846K->1325658K(1748480K), 0.0870684 secs] [Times: user=0.51 sys=0.00, real=0.09 secs] 
5507.527: [Full GC (Ergonomics) [PSYoungGen: 116960K->0K(350208K)] [ParOldGen: 1208698K->131504K(1398272K)] 1325658K->131504K(1748480K), [Metaspace: 59706K->59706K(1105920K)], 0.2890909 secs] [Times: user=1.31 sys=0.00, real=0.29 secs] 
5509.164: [GC (Allocation Failure) [PSYoungGen: 232960K->131136K(468992K)] 364464K->262640K(1867264K), 0.0478169 secs] [Times: user=0.28 sys=0.00, real=0.05 secs] 
5512.421: [GC (Allocation Failure) [PSYoungGen: 376896K->143744K(460800K)] 508400K->406700K(1859072K), 0.0721378 secs] [Times: user=0.43 sys=0.01, real=0.07 secs] 
5513.716: [GC (Allocation Failure) [PSYoungGen: 389504K->11328K(460800K)] 652460K->274356K(1859072K), 0.0033476 secs] [Times: user=0.01 sys=0.00, real=0.01 secs] 
5515.872: [GC (Allocation Failure) [PSYoungGen: 260160K->172704K(421888K)] 523188K->445176K(1820160K), 0.0359831 secs] [Times: user=0.22 sys=0.00, real=0.04 secs] 
5518.016: [GC (Allocation Failure) [PSYoungGen: 421536K->106912K(473600K)] 694008K->542632K(1871872K), 0.1600875 secs] [Times: user=0.95 sys=0.01, real=0.16 secs] 
5518.622: [GC (Allocation Failure) [PSYoungGen: 347552K->179424K(465920K)] 783272K->717729K(1864192K), 0.0546869 secs] [Times: user=0.33 sys=0.00, real=0.06 secs] 
5522.719: [GC (Allocation Failure) [PSYoungGen: 420064K->87744K(466432K)] 958369K->805585K(1864704K), 0.1814021 secs] [Times: user=1.08 sys=0.00, real=0.18 secs] 
5523.205: [GC (Allocation Failure) [PSYoungGen: 321216K->195520K(465920K)] 1039057K->994938K(1864192K), 0.0572481 secs] [Times: user=0.34 sys=0.00, real=0.06 secs] 
5526.868: [GC (Allocation Failure) [PSYoungGen: 428992K->80416K(465920K)] 1228410K->1058610K(1864192K), 0.1268711 secs] [Times: user=0.76 sys=0.00, real=0.12 secs] 
5528.015: [GC (Allocation Failure) [PSYoungGen: 312046K->201248K(465920K)] 1290240K->1253566K(1864192K), 0.0670329 secs] [Times: user=0.40 sys=0.00, real=0.07 secs] 
5530.726: [GC (Allocation Failure) [PSYoungGen: 434208K->93600K(465920K)] 1486526K->1309982K(1864192K), 0.1173705 secs] [Times: user=0.70 sys=0.00, real=0.12 secs] 
5530.843: [Full GC (Ergonomics) [PSYoungGen: 93600K->0K(465920K)] [ParOldGen: 1216381K->108181K(1398272K)] 1309982K->108181K(1864192K), [Metaspace: 59707K->59707K(1105920K)], 0.2564306 secs] [Times: user=1.18 sys=0.00, real=0.26 secs] 
5532.202: [GC (Allocation Failure) [PSYoungGen: 232960K->151264K(465920K)] 341141K->259445K(1864192K), 0.0432912 secs] [Times: user=0.26 sys=0.00, real=0.04 secs] 
5535.043: [GC (Allocation Failure) [PSYoungGen: 384224K->105536K(465920K)] 492405K->364665K(1864192K), 0.0917234 secs] [Times: user=0.53 sys=0.00, real=0.09 secs] 
5536.346: [GC (Allocation Failure) [PSYoungGen: 338496K->142464K(465920K)] 597625K->496605K(1864192K), 0.0607152 secs] [Times: user=0.36 sys=0.00, real=0.06 secs] 
5538.836: [GC (Allocation Failure) [PSYoungGen: 375424K->121888K(454656K)] 729565K->618590K(1852928K), 0.0744649 secs] [Times: user=0.44 sys=0.00, real=0.07 secs] 
5540.102: [GC (Allocation Failure) [PSYoungGen: 354848K->126912K(460288K)] 851550K->734421K(1858560K), 0.0622528 secs] [Times: user=0.37 sys=0.00, real=0.06 secs] 
5542.073: [GC (Allocation Failure) [PSYoungGen: 359872K->141536K(466944K)] 967381K->876109K(1865216K), 0.0674378 secs] [Times: user=0.40 sys=0.00, real=0.07 secs] 
5543.317: [GC (Allocation Failure) [PSYoungGen: 394976K->13920K(467456K)] 1129549K->748617K(1865728K), 0.0041419 secs] [Times: user=0.03 sys=0.00, real=0.00 secs] 
5545.138: [GC (Allocation Failure) [PSYoungGen: 258720K->171456K(458240K)] 993417K->917890K(1856512K), 0.0373947 secs] [Times: user=0.22 sys=0.01, real=0.03 secs] 
5547.183: [GC (Allocation Failure) [PSYoungGen: 404416K->98048K(465920K)] 1150850K->1006586K(1864192K), 0.1683154 secs] [Times: user=1.00 sys=0.00, real=0.17 secs] 
5549.079: [GC (Allocation Failure) [PSYoungGen: 331008K->167936K(460800K)] 1239546K->1170922K(1859072K), 0.0513874 secs] [Times: user=0.30 sys=0.00, real=0.05 secs] 
5552.493: [GC (Allocation Failure) [PSYoungGen: 400896K->85088K(465920K)] 1403882K->1255402K(1864192K), 0.1703034 secs] [Times: user=1.02 sys=0.00, real=0.17 secs] 
5552.664: [Full GC (Ergonomics) [PSYoungGen: 85088K->0K(465920K)] [ParOldGen: 1170314K->58847K(1398272K)] 1255402K->58847K(1864192K), [Metaspace: 59710K->59710K(1105920K)], 0.1651814 secs] [Times: user=0.77 sys=0.00, real=0.17 secs] 
5554.101: [GC (Allocation Failure) [PSYoungGen: 232960K->170624K(463360K)] 291807K->229471K(1861632K), 0.0353780 secs] [Times: user=0.21 sys=0.00, real=0.04 secs] 
5556.632: [GC (Allocation Failure) [PSYoungGen: 403584K->84640K(465920K)] 462431K->313943K(1864192K), 0.1674798 secs] [Times: user=1.00 sys=0.01, real=0.17 secs] 
5557.181: [GC (Allocation Failure) [PSYoungGen: 317600K->178784K(465920K)] 546903K->486435K(1864192K), 0.0571922 secs] [Times: user=0.34 sys=0.00, real=0.06 secs] 
5560.133: [GC (Allocation Failure) [PSYoungGen: 411744K->84800K(465920K)] 719395K->571203K(1864192K), 0.1425381 secs] [Times: user=0.83 sys=0.02, real=0.14 secs] 
5560.853: [GC (Allocation Failure) [PSYoungGen: 316425K->204448K(465920K)] 802828K->769626K(1864192K), 0.0610672 secs] [Times: user=0.36 sys=0.00, real=0.06 secs] 
5564.306: [GC (Allocation Failure) [PSYoungGen: 437408K->88864K(465920K)] 1002586K->823022K(1864192K), 0.1121201 secs] [Times: user=0.67 sys=0.00, real=0.12 secs] 
5565.576: [GC (Allocation Failure) [PSYoungGen: 321824K->155456K(465920K)] 1055982K->971695K(1864192K), 0.0603784 secs] [Times: user=0.36 sys=0.00, real=0.06 secs] 
5568.365: [GC (Allocation Failure) [PSYoungGen: 388416K->116064K(465920K)] 1204655K->1087791K(1864192K), 0.1048081 secs] [Times: user=0.63 sys=0.00, real=0.11 secs] 
5569.645: [GC (Allocation Failure) [PSYoungGen: 349024K->149248K(465920K)] 1320751K->1209790K(1864192K), 0.0618278 secs] [Times: user=0.37 sys=0.00, real=0.07 secs] 
5571.052: [GC (Allocation Failure) [PSYoungGen: 382208K->124896K(357888K)] 1442750K->1334518K(1756160K), 0.0718268 secs] [Times: user=0.42 sys=0.01, real=0.07 secs] 
5571.124: [Full GC (Ergonomics) [PSYoungGen: 124896K->0K(357888K)] [ParOldGen: 1209622K->139626K(1398272K)] 1334518K->139626K(1756160K), [Metaspace: 59710K->59710K(1105920K)], 0.3201970 secs] [Times: user=1.47 sys=0.00, real=0.32 secs] 
5572.613: [GC (Allocation Failure) [PSYoungGen: 232960K->123872K(468480K)] 372586K->263498K(1866752K), 0.0436443 secs] [Times: user=0.26 sys=0.00, real=0.05 secs] 
5575.265: [GC (Allocation Failure) [PSYoungGen: 365024K->145792K(460288K)] 504650K->409106K(1858560K), 0.0621493 secs] [Times: user=0.37 sys=0.00, real=0.07 secs] 
5576.766: [GC (Allocation Failure) [PSYoungGen: 386944K->8704K(456192K)] 650258K->272082K(1854464K), 0.0029360 secs] [Times: user=0.02 sys=0.00, real=0.01 secs] 
5578.761: [GC (Allocation Failure) [PSYoungGen: 248832K->169568K(410112K)] 512210K->439939K(1808384K), 0.0346176 secs] [Times: user=0.20 sys=0.00, real=0.04 secs] 
5580.606: [GC (Allocation Failure) [PSYoungGen: 409696K->102848K(470016K)] 680067K->533839K(1868288K), 0.1260508 secs] [Times: user=0.75 sys=0.00, real=0.12 secs] 
5582.517: [GC (Allocation Failure) [PSYoungGen: 339904K->165472K(465920K)] 770895K->695556K(1864192K), 0.0527820 secs] [Times: user=0.30 sys=0.01, real=0.05 secs] 
5585.700: [GC (Allocation Failure) [PSYoungGen: 402528K->90368K(466432K)] 932612K->785200K(1864704K), 0.1604685 secs] [Times: user=0.96 sys=0.00, real=0.16 secs] 
5587.250: [GC (Allocation Failure) [PSYoungGen: 326912K->173472K(465920K)] 1021744K->954461K(1864192K), 0.0573043 secs] [Times: user=0.35 sys=0.00, real=0.06 secs] 
5590.898: [GC (Allocation Failure) [PSYoungGen: 410016K->85408K(465920K)] 1191005K->1039689K(1864192K), 0.1570250 secs] [Times: user=0.93 sys=0.00, real=0.15 secs] 
5591.474: [GC (Allocation Failure) [PSYoungGen: 318368K->195744K(465920K)] 1272649K->1229343K(1864192K), 0.0596908 secs] [Times: user=0.36 sys=0.00, real=0.06 secs] 
5594.072: [GC (Allocation Failure) [PSYoungGen: 428704K->86848K(465920K)] 1462303K->1300047K(1864192K), 0.1337590 secs] [Times: user=0.80 sys=0.01, real=0.13 secs] 
5594.206: [Full GC (Ergonomics) [PSYoungGen: 86848K->0K(465920K)] [ParOldGen: 1213199K->96023K(1398272K)] 1300047K->96023K(1864192K), [Metaspace: 59710K->59710K(1105920K)], 0.2347961 secs] [Times: user=1.08 sys=0.00, real=0.24 secs] 
5596.132: [GC (Allocation Failure) [PSYoungGen: 232073K->199424K(465920K)] 328096K->295447K(1864192K), 0.0484477 secs] [Times: user=0.28 sys=0.00, real=0.05 secs] 
5597.615: [GC (Allocation Failure) [PSYoungGen: 429458K->92864K(465920K)] 525482K->351663K(1864192K), 0.1018631 secs] [Times: user=0.61 sys=0.01, real=0.11 secs] 
5599.943: [GC (Allocation Failure) [PSYoungGen: 325824K->150944K(465920K)] 584623K->496295K(1864192K), 0.0600464 secs] [Times: user=0.36 sys=0.00, real=0.06 secs] 
5601.011: [GC (Allocation Failure) [PSYoungGen: 383904K->107168K(465920K)] 729255K->603703K(1864192K), 0.0837673 secs] [Times: user=0.50 sys=0.00, real=0.08 secs] 
5602.641: [GC (Allocation Failure) [PSYoungGen: 340128K->140992K(465920K)] 836663K->734075K(1864192K), 0.0611381 secs] [Times: user=0.36 sys=0.00, real=0.06 secs] 
5604.286: [GC (Allocation Failure) [PSYoungGen: 373952K->129696K(450560K)] 967035K->863651K(1848832K), 0.0712245 secs] [Times: user=0.42 sys=0.00, real=0.08 secs] 
5608.502: [GC (Allocation Failure) [PSYoungGen: 362656K->117440K(458240K)] 1096611K->971320K(1856512K), 0.0628338 secs] [Times: user=0.38 sys=0.00, real=0.06 secs] 
5609.284: [GC (Allocation Failure) [PSYoungGen: 350400K->144640K(465920K)] 1204280K->1116048K(1864192K), 0.0744615 secs] [Times: user=0.44 sys=0.00, real=0.08 secs] 
5612.946: [GC (Allocation Failure) [PSYoungGen: 400128K->11168K(470016K)] 1371536K->982592K(1868288K), 0.0035883 secs] [Times: user=0.02 sys=0.00, real=0.00 secs] 
5614.777: [GC (Allocation Failure) [PSYoungGen: 256643K->173664K(459776K)] 1228067K->1153965K(1858048K), 0.0365866 secs] [Times: user=0.22 sys=0.00, real=0.03 secs] 
5616.479: [GC (Allocation Failure) [PSYoungGen: 406624K->95424K(465920K)] 1386925K->1240617K(1864192K), 0.1704255 secs] [Times: user=1.01 sys=0.00, real=0.17 secs] 
5618.206: [GC (Allocation Failure) [PSYoungGen: 328384K->167424K(462848K)] 1473577K->1404218K(1861120K), 0.0504605 secs] [Times: user=0.30 sys=0.00, real=0.06 secs] 
5618.256: [Full GC (Ergonomics) [PSYoungGen: 167424K->0K(462848K)] [ParOldGen: 1236794K->208730K(1398272K)] 1404218K->208730K(1861120K), [Metaspace: 59710K->59710K(1105920K)], 0.4820101 secs] [Times: user=2.24 sys=0.00, real=0.48 secs] 
5620.733: [GC (Allocation Failure) [PSYoungGen: 232960K->91072K(465920K)] 441690K->299802K(1864192K), 0.1515785 secs] [Times: user=0.90 sys=0.00, real=0.15 secs] 
5621.522: [GC (Allocation Failure) [PSYoungGen: 324032K->173440K(463872K)] 532762K->468855K(1862144K), 0.0559000 secs] [Times: user=0.33 sys=0.00, real=0.06 secs] 
5624.519: [GC (Allocation Failure) [PSYoungGen: 406400K->84000K(465920K)] 701815K->552871K(1864192K), 0.1672433 secs] [Times: user=0.99 sys=0.00, real=0.17 secs] 
5626.286: [GC (Allocation Failure) [PSYoungGen: 316960K->172832K(465920K)] 785831K->719444K(1864192K), 0.1347967 secs] [Times: user=0.78 sys=0.00, real=0.13 secs] 
5629.201: [GC (Allocation Failure) [PSYoungGen: 405792K->84896K(465920K)] 952404K->804540K(1864192K), 0.1468257 secs] [Times: user=0.87 sys=0.00, real=0.15 secs] 
5630.292: [GC (Allocation Failure) [PSYoungGen: 316197K->204672K(465920K)] 1035841K->1002457K(1864192K), 0.0614488 secs] [Times: user=0.36 sys=0.00, real=0.06 secs] 
5633.369: [GC (Allocation Failure) [PSYoungGen: 437632K->88800K(465920K)] 1235417K->1056433K(1864192K), 0.1165325 secs] [Times: user=0.69 sys=0.00, real=0.12 secs] 
5634.752: [GC (Allocation Failure) [PSYoungGen: 321760K->155296K(465920K)] 1289393K->1205425K(1864192K), 0.0602658 secs] [Times: user=0.36 sys=0.00, real=0.06 secs] 
5637.249: [GC (Allocation Failure) [PSYoungGen: 388256K->110592K(465920K)] 1438385K->1316153K(1864192K), 0.0975032 secs] [Times: user=0.58 sys=0.00, real=0.10 secs] 
5637.346: [Full GC (Ergonomics) [PSYoungGen: 110592K->0K(465920K)] [ParOldGen: 1205561K->117026K(1398272K)] 1316153K->117026K(1864192K), [Metaspace: 59710K->59710K(1105920K)], 0.2581003 secs] [Times: user=1.15 sys=0.00, real=0.25 secs] 
5638.740: [GC (Allocation Failure) [PSYoungGen: 232960K->145984K(465920K)] 349986K->263010K(1864192K), 0.0525152 secs] [Times: user=0.32 sys=0.00, real=0.05 secs] 
5640.686: [GC (Allocation Failure) [PSYoungGen: 378944K->117984K(351232K)] 495970K->380898K(1749504K), 0.0971915 secs] [Times: user=0.58 sys=0.01, real=0.09 secs] 
5642.298: [GC (Allocation Failure) [PSYoungGen: 350944K->130368K(470016K)] 613858K->500586K(1868288K), 0.0612204 secs] [Times: user=0.36 sys=0.00, real=0.06 secs] 
5643.896: [GC (Allocation Failure) [PSYoungGen: 372544K->143872K(460800K)] 742762K->644306K(1859072K), 0.0617516 secs] [Times: user=0.37 sys=0.01, real=0.07 secs] 
5645.232: [GC (Allocation Failure) [PSYoungGen: 386048K->8672K(455168K)] 886482K->509478K(1853440K), 0.0031645 secs] [Times: user=0.02 sys=0.00, real=0.00 secs] 
5647.875: [GC (Allocation Failure) [PSYoungGen: 248800K->170592K(411136K)] 749606K->677775K(1809408K), 0.0349762 secs] [Times: user=0.20 sys=0.00, real=0.04 secs] 
5649.435: [GC (Allocation Failure) [PSYoungGen: 410720K->99968K(470016K)] 917903K->769027K(1868288K), 0.1633353 secs] [Times: user=0.97 sys=0.00, real=0.17 secs] 
5650.985: [GC (Allocation Failure) [PSYoungGen: 337024K->173984K(465920K)] 1006083K->939288K(1864192K), 0.0527993 secs] [Times: user=0.31 sys=0.00, real=0.06 secs] 
5654.090: [GC (Allocation Failure) [PSYoungGen: 409879K->87040K(465920K)] 1175183K->1026008K(1864192K), 0.1719611 secs] [Times: user=1.03 sys=0.00, real=0.17 secs] 
5655.621: [GC (Allocation Failure) [PSYoungGen: 320000K->166688K(465920K)] 1258968K->1188709K(1864192K), 0.0565040 secs] [Times: user=0.34 sys=0.00, real=0.06 secs] 
5658.715: [GC (Allocation Failure) [PSYoungGen: 399648K->86176K(465920K)] 1421669K->1274473K(1864192K), 0.1451764 secs] [Times: user=0.87 sys=0.00, real=0.15 secs] 
5658.861: [Full GC (Ergonomics) [PSYoungGen: 86176K->0K(465920K)] [ParOldGen: 1188297K->72282K(1398272K)] 1274473K->72282K(1864192K), [Metaspace: 59710K->59710K(1105920K)], 0.2110948 secs] [Times: user=0.99 sys=0.00, real=0.21 secs] 
5659.303: [GC (Allocation Failure) [PSYoungGen: 232960K->174176K(465920K)] 305242K->246458K(1864192K), 0.0374322 secs] [Times: user=0.22 sys=0.00, real=0.04 secs] 
5663.335: [GC (Allocation Failure) [PSYoungGen: 407136K->83040K(465920K)] 479418K->328986K(1864192K), 0.1386812 secs] [Times: user=0.82 sys=0.00, real=0.14 secs] 
5664.089: [GC (Allocation Failure) [PSYoungGen: 314680K->208800K(465920K)] 560627K->531689K(1864192K), 0.0614801 secs] [Times: user=0.37 sys=0.00, real=0.06 secs] 
5667.068: [GC (Allocation Failure) [PSYoungGen: 441760K->86464K(465920K)] 764649K->583433K(1864192K), 0.1237322 secs] [Times: user=0.74 sys=0.00, real=0.12 secs] 
5668.358: [GC (Allocation Failure) [PSYoungGen: 319424K->157728K(465920K)] 816393K->734280K(1864192K), 0.0597611 secs] [Times: user=0.35 sys=0.00, real=0.06 secs] 
5670.431: [GC (Allocation Failure) [PSYoungGen: 390688K->100480K(465920K)] 967240K->834969K(1864192K), 0.0916748 secs] [Times: user=0.54 sys=0.00, real=0.09 secs] 
5671.718: [GC (Allocation Failure) [PSYoungGen: 333440K->148096K(465920K)] 1067929K->972208K(1864192K), 0.0603660 secs] [Times: user=0.36 sys=0.00, real=0.06 secs] 
5673.697: [GC (Allocation Failure) [PSYoungGen: 381056K->121152K(462848K)] 1205168K->1093176K(1861120K), 0.0751425 secs] [Times: user=0.44 sys=0.00, real=0.07 secs] 
5674.998: [GC (Allocation Failure) [PSYoungGen: 354112K->127072K(360448K)] 1326136K->1209508K(1758720K), 0.0623813 secs] [Times: user=0.37 sys=0.00, real=0.06 secs] 
5677.748: [GC (Allocation Failure) [PSYoungGen: 360032K->139008K(463872K)] 1442468K->1348601K(1862144K), 0.0670587 secs] [Times: user=0.40 sys=0.00, real=0.06 secs] 
5677.815: [Full GC (Ergonomics) [PSYoungGen: 139008K->0K(463872K)] [ParOldGen: 1209592K->153033K(1398272K)] 1348601K->153033K(1862144K), [Metaspace: 59710K->59710K(1105920K)], 0.3611072 secs] [Times: user=1.60 sys=0.00, real=0.36 secs] 
5679.315: [GC (Allocation Failure) [PSYoungGen: 242688K->114496K(458752K)] 395721K->267529K(1857024K), 0.0407373 secs] [Times: user=0.24 sys=0.01, real=0.05 secs] 
5681.714: [GC (Allocation Failure) [PSYoungGen: 357184K->164608K(465920K)] 510217K->430582K(1864192K), 0.0595665 secs] [Times: user=0.34 sys=0.01, real=0.06 secs] 
5683.729: [GC (Allocation Failure) [PSYoungGen: 420608K->115392K(471552K)] 686582K->536682K(1869824K), 0.1431708 secs] [Times: user=0.85 sys=0.00, real=0.14 secs] 
5685.288: [GC (Allocation Failure) [PSYoungGen: 371392K->184096K(465408K)] 792682K->716819K(1863680K), 0.0583443 secs] [Times: user=0.34 sys=0.00, real=0.06 secs] 
5689.681: [GC (Allocation Failure) [PSYoungGen: 439584K->96288K(477184K)] 972307K->812531K(1875456K), 0.1428416 secs] [Times: user=0.85 sys=0.00, real=0.14 secs] 
5691.035: [GC (Allocation Failure) [PSYoungGen: 351776K->170560K(467968K)] 1068019K->976378K(1866240K), 0.0647776 secs] [Times: user=0.39 sys=0.00, real=0.07 secs] 
5693.025: [GC (Allocation Failure) [PSYoungGen: 418880K->121888K(370688K)] 1224698K->1098474K(1768960K), 0.0769327 secs] [Times: user=0.46 sys=0.00, real=0.08 secs] 
5695.409: [GC (Allocation Failure) [PSYoungGen: 370208K->1536K(451584K)] 1346794K->978162K(1849856K), 0.0025246 secs] [Times: user=0.01 sys=0.00, real=0.00 secs] 
5696.071: [GC (Allocation Failure) [PSYoungGen: 234496K->154560K(465920K)] 1211122K->1132143K(1864192K), 0.0305291 secs] [Times: user=0.18 sys=0.00, real=0.03 secs] 
5698.139: [GC (Allocation Failure) [PSYoungGen: 387520K->8576K(465920K)] 1365103K->986255K(1864192K), 0.0036669 secs] [Times: user=0.02 sys=0.00, real=0.00 secs] 
5700.128: [GC (Allocation Failure) [PSYoungGen: 241536K->160352K(465920K)] 1219215K->1144792K(1864192K), 0.0334032 secs] [Times: user=0.19 sys=0.00, real=0.03 secs] 
5701.310: [GC (Allocation Failure) [PSYoungGen: 393312K->104384K(465920K)] 1377752K->1239512K(1864192K), 0.0673643 secs] [Times: user=0.40 sys=0.00, real=0.07 secs] 
5701.377: [Full GC (Ergonomics) [PSYoungGen: 104384K->0K(465920K)] [ParOldGen: 1135128K->37808K(1398272K)] 1239512K->37808K(1864192K), [Metaspace: 59710K->59710K(1105920K)], 0.0723206 secs] [Times: user=0.27 sys=0.00, real=0.07 secs] 
5702.527: [GC (Allocation Failure) [PSYoungGen: 223255K->161920K(465920K)] 261064K->199728K(1864192K), 0.0312084 secs] [Times: user=0.19 sys=0.00, real=0.03 secs] 
5704.921: [GC (Allocation Failure) [PSYoungGen: 394880K->92224K(465920K)] 432688K->283372K(1864192K), 0.0674971 secs] [Times: user=0.39 sys=0.01, real=0.07 secs] 
5706.578: [GC (Allocation Failure) [PSYoungGen: 310676K->158400K(465920K)] 501824K->438289K(1864192K), 0.0473199 secs] [Times: user=0.28 sys=0.00, real=0.04 secs] 
5709.762: [GC (Allocation Failure) [PSYoungGen: 391360K->94752K(461824K)] 671249K->524409K(1860096K), 0.0775566 secs] [Times: user=0.46 sys=0.00, real=0.08 secs] 
5711.470: [GC (Allocation Failure) [PSYoungGen: 327712K->165088K(463872K)] 757369K->685702K(1862144K), 0.0497227 secs] [Times: user=0.30 sys=0.00, real=0.05 secs] 
5713.627: [GC (Allocation Failure) [PSYoungGen: 398048K->89184K(466432K)] 918662K->774250K(1864704K), 0.1848305 secs] [Times: user=1.10 sys=0.00, real=0.18 secs] 
5715.191: [GC (Allocation Failure) [PSYoungGen: 323680K->168416K(465920K)] 1008746K->938871K(1864192K), 0.0550636 secs] [Times: user=0.33 sys=0.00, real=0.06 secs] 
5718.872: [GC (Allocation Failure) [PSYoungGen: 402912K->86432K(465920K)] 1173367K->1024431K(1864192K), 0.1716469 secs] [Times: user=0.97 sys=0.00, real=0.17 secs] 
5719.543: [GC (Allocation Failure) [PSYoungGen: 319392K->175872K(465920K)] 1257391K->1194476K(1864192K), 0.0582693 secs] [Times: user=0.34 sys=0.01, real=0.06 secs] 
5722.373: [GC (Allocation Failure) [PSYoungGen: 408832K->84128K(465920K)] 1427436K->1278548K(1864192K), 0.1438338 secs] [Times: user=0.86 sys=0.00, real=0.15 secs] 
5722.517: [Full GC (Ergonomics) [PSYoungGen: 84128K->0K(465920K)] [ParOldGen: 1194420K->82791K(1398272K)] 1278548K->82791K(1864192K), [Metaspace: 59710K->59710K(1105920K)], 0.2009304 secs] [Times: user=0.92 sys=0.00, real=0.20 secs] 
5723.558: [GC (Allocation Failure) [PSYoungGen: 231986K->209632K(465920K)] 314777K->292423K(1864192K), 0.0390320 secs] [Times: user=0.23 sys=0.00, real=0.04 secs] 
5725.408: [GC (Allocation Failure) [PSYoungGen: 442592K->89728K(465920K)] 525383K->348703K(1864192K), 0.0909198 secs] [Times: user=0.54 sys=0.00, real=0.09 secs] 
5727.603: [GC (Allocation Failure) [PSYoungGen: 322688K->154080K(465920K)] 581663K->496158K(1864192K), 0.0596003 secs] [Times: user=0.36 sys=0.00, real=0.06 secs] 
5729.197: [GC (Allocation Failure) [PSYoungGen: 387040K->111744K(465920K)] 729118K->607854K(1864192K), 0.0970259 secs] [Times: user=0.54 sys=0.00, real=0.09 secs] 
5732.210: [GC (Allocation Failure) [PSYoungGen: 344704K->144544K(465920K)] 840814K->733737K(1864192K), 0.0608281 secs] [Times: user=0.36 sys=0.00, real=0.06 secs] 
5733.691: [GC (Allocation Failure) [PSYoungGen: 377504K->125344K(452608K)] 966697K->859273K(1850880K), 0.0890981 secs] [Times: user=0.53 sys=0.00, real=0.09 secs] 
5735.010: [GC (Allocation Failure) [PSYoungGen: 358304K->131296K(459264K)] 1092233K->971954K(1857536K), 0.0620875 secs] [Times: user=0.37 sys=0.00, real=0.06 secs] 
5736.480: [GC (Allocation Failure) [PSYoungGen: 364256K->142720K(466432K)] 1204914K->1114530K(1864704K), 0.0718725 secs] [Times: user=0.42 sys=0.00, real=0.07 secs] 
5738.256: [GC (Allocation Failure) [PSYoungGen: 397696K->11232K(468480K)] 1369506K->983098K(1866752K), 0.0039187 secs] [Times: user=0.02 sys=0.00, real=0.00 secs] 
5740.327: [GC (Allocation Failure) [PSYoungGen: 250561K->173568K(458752K)] 1222427K->1154087K(1857024K), 0.0362804 secs] [Times: user=0.21 sys=0.00, real=0.03 secs] 
5741.648: [GC (Allocation Failure) [PSYoungGen: 406528K->93024K(465920K)] 1387047K->1238623K(1864192K), 0.0716102 secs] [Times: user=0.42 sys=0.00, real=0.07 secs] 
5741.719: [Full GC (Ergonomics) [PSYoungGen: 93024K->0K(465920K)] [ParOldGen: 1145599K->43293K(1398272K)] 1238623K->43293K(1864192K), [Metaspace: 59713K->59713K(1105920K)], 0.0839730 secs] [Times: user=0.33 sys=0.00, real=0.08 secs] 
5744.111: [GC (Allocation Failure) [PSYoungGen: 217880K->157120K(464384K)] 261173K->200413K(1862656K), 0.0309143 secs] [Times: user=0.18 sys=0.00, real=0.03 secs] 
5745.923: [GC (Allocation Failure) [PSYoungGen: 392128K->96256K(331776K)] 435421K->288093K(1730048K), 0.1722274 secs] [Times: user=1.03 sys=0.00, real=0.17 secs] 
5748.065: [GC (Allocation Failure) [PSYoungGen: 331264K->166720K(457728K)] 523101K->450842K(1856000K), 0.0496275 secs] [Times: user=0.30 sys=0.00, real=0.05 secs] 
5750.744: [GC (Allocation Failure) [PSYoungGen: 398144K->89376K(463872K)] 682266K->539446K(1862144K), 0.1754455 secs] [Times: user=1.04 sys=0.00, real=0.18 secs] 
5751.788: [GC (Allocation Failure) [PSYoungGen: 320800K->169120K(460800K)] 770870K->704447K(1859072K), 0.0556755 secs] [Times: user=0.33 sys=0.00, real=0.05 secs] 
5754.986: [GC (Allocation Failure) [PSYoungGen: 402080K->84160K(465920K)] 937407K->788367K(1864192K), 0.1843114 secs] [Times: user=1.10 sys=0.00, real=0.19 secs] 
5756.197: [GC (Allocation Failure) [PSYoungGen: 317120K->178688K(464384K)] 1021327K->960443K(1862656K), 0.0575503 secs] [Times: user=0.35 sys=0.00, real=0.05 secs] 
5759.496: [GC (Allocation Failure) [PSYoungGen: 411648K->82592K(465920K)] 1193403K->1043203K(1864192K), 0.1510642 secs] [Times: user=0.90 sys=0.00, real=0.15 secs] 
5760.043: [GC (Allocation Failure) [PSYoungGen: 313759K->206336K(465920K)] 1274371K->1243439K(1864192K), 0.0573244 secs] [Times: user=0.34 sys=0.00, real=0.06 secs] 
5763.300: [GC (Allocation Failure) [PSYoungGen: 439296K->84384K(465920K)] 1476399K->1293883K(1864192K), 0.1283452 secs] [Times: user=0.76 sys=0.00, real=0.13 secs] 
5763.428: [Full GC (Ergonomics) [PSYoungGen: 84384K->0K(465920K)] [ParOldGen: 1209499K->98559K(1398272K)] 1293883K->98559K(1864192K), [Metaspace: 59713K->59713K(1105920K)], 0.2430224 secs] [Times: user=1.12 sys=0.00, real=0.24 secs] 
5764.791: [GC (Allocation Failure) [PSYoungGen: 232960K->160064K(465920K)] 331519K->258623K(1864192K), 0.0462341 secs] [Times: user=0.28 sys=0.00, real=0.05 secs] 
5766.785: [GC (Allocation Failure) [PSYoungGen: 393024K->99680K(465920K)] 491583K->358471K(1864192K), 0.0986918 secs] [Times: user=0.59 sys=0.00, real=0.10 secs] 
5768.777: [GC (Allocation Failure) [PSYoungGen: 332640K->148960K(465920K)] 591431K->496238K(1864192K), 0.0599300 secs] [Times: user=0.36 sys=0.00, real=0.06 secs] 
5769.792: [GC (Allocation Failure) [PSYoungGen: 381920K->120736K(353792K)] 729198K->616990K(1752064K), 0.0847910 secs] [Times: user=0.50 sys=0.00, real=0.09 secs] 
5772.279: [GC (Allocation Failure) [PSYoungGen: 353696K->127712K(475136K)] 849950K->734107K(1873408K), 0.0619661 secs] [Times: user=0.37 sys=0.01, real=0.06 secs] 
5773.436: [GC (Allocation Failure) [PSYoungGen: 370912K->146592K(390144K)] 977307K->880707K(1788416K), 0.0591029 secs] [Times: user=0.34 sys=0.01, real=0.06 secs] 
5775.756: [GC (Allocation Failure) [PSYoungGen: 389792K->8384K(452608K)] 1123907K->742523K(1850880K), 0.0032222 secs] [Times: user=0.02 sys=0.00, real=0.01 secs] 
5776.491: [GC (Allocation Failure) [PSYoungGen: 241856K->170304K(464384K)] 975995K->911276K(1862656K), 0.0348679 secs] [Times: user=0.21 sys=0.00, real=0.04 secs] 
5778.678: [GC (Allocation Failure) [PSYoungGen: 403776K->94240K(466432K)] 1144748K->997368K(1864704K), 0.0994308 secs] [Times: user=0.59 sys=0.00, real=0.10 secs] 
5780.272: [GC (Allocation Failure) [PSYoungGen: 317403K->160960K(465920K)] 1220531K->1155685K(1864192K), 0.0502835 secs] [Times: user=0.30 sys=0.00, real=0.05 secs] 
5782.129: [GC (Allocation Failure) [PSYoungGen: 394432K->97952K(460800K)] 1389157K->1245213K(1859072K), 0.0899924 secs] [Times: user=0.53 sys=0.00, real=0.09 secs] 
5782.219: [Full GC (Ergonomics) [PSYoungGen: 97952K->0K(460800K)] [ParOldGen: 1147261K->47424K(1398272K)] 1245213K->47424K(1859072K), [Metaspace: 59713K->59713K(1105920K)], 0.1024835 secs] [Times: user=0.40 sys=0.00, real=0.10 secs] 
5784.957: [GC (Allocation Failure) [PSYoungGen: 217716K->153312K(463360K)] 265141K->200736K(1861632K), 0.0301507 secs] [Times: user=0.18 sys=0.00, real=0.03 secs] 
5786.390: [GC (Allocation Failure) [PSYoungGen: 386784K->97024K(458240K)] 434208K->288976K(1856512K), 0.0971317 secs] [Times: user=0.58 sys=0.00, real=0.10 secs] 
5788.219: [GC (Allocation Failure) [PSYoungGen: 335616K->168032K(463360K)] 527568K->452413K(1861632K), 0.0504138 secs] [Times: user=0.29 sys=0.00, real=0.05 secs] 
5790.216: [GC (Allocation Failure) [PSYoungGen: 406624K->96608K(468992K)] 691005K->548013K(1867264K), 0.1794583 secs] [Times: user=1.07 sys=0.00, real=0.18 secs] 
5790.979: [GC (Allocation Failure) [PSYoungGen: 337760K->179680K(420864K)] 789165K->721557K(1819136K), 0.0586335 secs] [Times: user=0.35 sys=0.00, real=0.06 secs] 
5794.487: [GC (Allocation Failure) [PSYoungGen: 420832K->94976K(466944K)] 962709K->815693K(1865216K), 0.1289634 secs] [Times: user=0.77 sys=0.00, real=0.13 secs] 
5795.775: [GC (Allocation Failure) [PSYoungGen: 328960K->162176K(465920K)] 1049677K->971373K(1864192K), 0.0634264 secs] [Times: user=0.38 sys=0.00, real=0.07 secs] 
5796.978: [GC (Allocation Failure) [PSYoungGen: 396160K->112064K(456704K)] 1205357K->1083669K(1854976K), 0.0705062 secs] [Times: user=0.41 sys=0.00, real=0.07 secs] 
5800.279: [GC (Allocation Failure) [PSYoungGen: 346048K->144480K(461312K)] 1317653K->1208885K(1859584K), 0.0611877 secs] [Times: user=0.36 sys=0.00, real=0.06 secs] 
5802.197: [GC (Allocation Failure) [PSYoungGen: 378464K->119936K(455680K)] 1442869K->1328989K(1853952K), 0.0825523 secs] [Times: user=0.49 sys=0.01, real=0.08 secs] 
5802.279: [Full GC (Ergonomics) [PSYoungGen: 119936K->0K(455680K)] [ParOldGen: 1209053K->133940K(1398272K)] 1328989K->133940K(1853952K), [Metaspace: 59713K->59713K(1105920K)], 0.3041227 secs] [Times: user=1.39 sys=0.00, real=0.30 secs] 
5803.754: [GC (Allocation Failure) [PSYoungGen: 248320K->131136K(463872K)] 382260K->265076K(1862144K), 0.0475624 secs] [Times: user=0.28 sys=0.00, real=0.05 secs] 
5805.810: [GC (Allocation Failure) [PSYoungGen: 379456K->159712K(480256K)] 513396K->423693K(1878528K), 0.0654704 secs] [Times: user=0.38 sys=0.01, real=0.06 secs] 
5807.700: [GC (Allocation Failure) [PSYoungGen: 432096K->130080K(402944K)] 696077K->543953K(1801216K), 0.1769366 secs] [Times: user=1.05 sys=0.01, real=0.18 secs] 
5808.721: [GC (Allocation Failure) [PSYoungGen: 402464K->203744K(436736K)] 816337K->755338K(1835008K), 0.0664583 secs] [Times: user=0.40 sys=0.00, real=0.07 secs] 
5811.866: [GC (Allocation Failure) [PSYoungGen: 436704K->86272K(465920K)] 988298K->824970K(1864192K), 0.1393343 secs] [Times: user=0.70 sys=0.01, real=0.13 secs] 
5813.162: [GC (Allocation Failure) [PSYoungGen: 319232K->158752K(465920K)] 1057930K->977077K(1864192K), 0.0610300 secs] [Times: user=0.36 sys=0.00, real=0.06 secs] 
5815.533: [GC (Allocation Failure) [PSYoungGen: 391712K->102304K(465920K)] 1210037K->1079349K(1864192K), 0.1037414 secs] [Times: user=0.61 sys=0.01, real=0.11 secs] 
5816.824: [GC (Allocation Failure) [PSYoungGen: 335264K->145568K(465920K)] 1312309K->1214610K(1864192K), 0.0609292 secs] [Times: user=0.36 sys=0.00, real=0.06 secs] 
5818.805: [GC (Allocation Failure) [PSYoungGen: 378528K->120800K(465920K)] 1447570K->1335342K(1864192K), 0.0874884 secs] [Times: user=0.52 sys=0.00, real=0.09 secs] 
5818.892: [Full GC (Ergonomics) [PSYoungGen: 120800K->0K(465920K)] [ParOldGen: 1214542K->135370K(1398272K)] 1335342K->135370K(1864192K), [Metaspace: 59713K->59713K(1105920K)], 0.2988407 secs] [Times: user=1.36 sys=0.00, real=0.30 secs] 
5820.344: [GC (Allocation Failure) [PSYoungGen: 232960K->127040K(465920K)] 368330K->262410K(1864192K), 0.0444466 secs] [Times: user=0.26 sys=0.00, real=0.05 secs] 
5823.757: [GC (Allocation Failure) [PSYoungGen: 360000K->135616K(368640K)] 495370K->397910K(1766912K), 0.0717264 secs] [Times: user=0.43 sys=0.00, real=0.07 secs] 
5824.970: [GC (Allocation Failure) [PSYoungGen: 368576K->2368K(453632K)] 630870K->264794K(1851904K), 0.0019165 secs] [Times: user=0.01 sys=0.00, real=0.00 secs] 
5827.035: [GC (Allocation Failure) [PSYoungGen: 229184K->153888K(459776K)] 491610K->417331K(1858048K), 0.0370901 secs] [Times: user=0.22 sys=0.00, real=0.04 secs] 
5828.245: [GC (Allocation Failure) [PSYoungGen: 380704K->106080K(465920K)] 644147K->505983K(1864192K), 0.0652118 secs] [Times: user=0.39 sys=0.00, real=0.07 secs] 
5830.635: [GC (Allocation Failure) [PSYoungGen: 339040K->174496K(465920K)] 738943K->678895K(1864192K), 0.0540675 secs] [Times: user=0.32 sys=0.00, real=0.06 secs] 
5831.864: [GC (Allocation Failure) [PSYoungGen: 407456K->104384K(465920K)] 911855K->757399K(1864192K), 0.0764283 secs] [Times: user=0.45 sys=0.00, real=0.08 secs] 
5833.140: [GC (Allocation Failure) [PSYoungGen: 334065K->166496K(465920K)] 987081K->921436K(1864192K), 0.0540598 secs] [Times: user=0.32 sys=0.00, real=0.05 secs] 
5834.321: [GC (Allocation Failure) [PSYoungGen: 399456K->93696K(465920K)] 1154396K->1006508K(1864192K), 0.0704249 secs] [Times: user=0.42 sys=0.00, real=0.07 secs] 
5836.399: [GC (Allocation Failure) [PSYoungGen: 326656K->166720K(465920K)] 1239468K->1169517K(1864192K), 0.0509336 secs] [Times: user=0.30 sys=0.00, real=0.05 secs] 
5839.175: [GC (Allocation Failure) [PSYoungGen: 399680K->90656K(465920K)] 1402477K->1259709K(1864192K), 0.1828404 secs] [Times: user=1.09 sys=0.01, real=0.19 secs] 
5839.358: [Full GC (Ergonomics) [PSYoungGen: 90656K->0K(465920K)] [ParOldGen: 1169053K->58476K(1398272K)] 1259709K->58476K(1864192K), [Metaspace: 59713K->59713K(1105920K)], 0.1630172 secs] [Times: user=0.75 sys=0.00, real=0.16 secs] 
5840.457: [GC (Allocation Failure) [PSYoungGen: 232960K->165472K(465920K)] 291436K->223948K(1864192K), 0.0351500 secs] [Times: user=0.20 sys=0.00, real=0.03 secs] 
5843.058: [GC (Allocation Failure) [PSYoungGen: 398432K->90080K(465920K)] 456908K->313244K(1864192K), 0.1640782 secs] [Times: user=0.98 sys=0.00, real=0.16 secs] 
5843.639: [GC (Allocation Failure) [PSYoungGen: 323040K->174496K(465920K)] 546204K->481785K(1864192K), 0.0570155 secs] [Times: user=0.34 sys=0.00, real=0.06 secs] 
5847.606: [GC (Allocation Failure) [PSYoungGen: 407456K->81792K(465920K)] 714745K->563377K(1864192K), 0.1624572 secs] [Times: user=0.97 sys=0.00, real=0.16 secs] 
5848.072: [GC (Allocation Failure) [PSYoungGen: 314752K->209120K(465920K)] 796337K->766590K(1864192K), 0.0568108 secs] [Times: user=0.34 sys=0.00, real=0.06 secs] 
5851.508: [GC (Allocation Failure) [PSYoungGen: 442080K->80096K(465920K)] 999550K->813278K(1864192K), 0.1345903 secs] [Times: user=0.78 sys=0.02, real=0.13 secs] 
5852.888: [GC (Allocation Failure) [PSYoungGen: 308259K->201792K(465920K)] 1041441K->1008337K(1864192K), 0.0656171 secs] [Times: user=0.39 sys=0.00, real=0.06 secs] 
5854.341: [GC (Allocation Failure) [PSYoungGen: 427040K->92864K(465920K)] 1233585K->1064313K(1864192K), 0.0766397 secs] [Times: user=0.46 sys=0.00, real=0.08 secs] 
5855.611: [GC (Allocation Failure) [PSYoungGen: 325824K->152000K(465920K)] 1297273K->1209998K(1864192K), 0.0606151 secs] [Times: user=0.36 sys=0.00, real=0.06 secs] 
5857.434: [GC (Allocation Failure) [PSYoungGen: 384960K->104672K(465920K)] 1442958K->1314190K(1864192K), 0.0903856 secs] [Times: user=0.54 sys=0.00, real=0.09 secs] 
5857.524: [Full GC (Ergonomics) [PSYoungGen: 104672K->0K(465920K)] [ParOldGen: 1209518K->119419K(1398272K)] 1314190K->119419K(1864192K), [Metaspace: 59713K->59713K(1105920K)], 0.2679966 secs] [Times: user=1.21 sys=0.00, real=0.27 secs] 
5859.224: [GC (Allocation Failure) [PSYoungGen: 232960K->144032K(465920K)] 352379K->263451K(1864192K), 0.0507138 secs] [Times: user=0.30 sys=0.00, real=0.05 secs] 
5861.627: [GC (Allocation Failure) [PSYoungGen: 376992K->119168K(465920K)] 496411K->382539K(1864192K), 0.0973932 secs] [Times: user=0.58 sys=0.00, real=0.09 secs] 
5862.916: [GC (Allocation Failure) [PSYoungGen: 352128K->129408K(362496K)] 615499K->501084K(1760768K), 0.0621562 secs] [Times: user=0.37 sys=0.00, real=0.06 secs] 
5864.446: [GC (Allocation Failure) [PSYoungGen: 362368K->136576K(464384K)] 734044K->637580K(1862656K), 0.0690011 secs] [Times: user=0.41 sys=0.00, real=0.06 secs] 
5865.692: [GC (Allocation Failure) [PSYoungGen: 376704K->4224K(457216K)] 877708K->505388K(1855488K), 0.0039246 secs] [Times: user=0.02 sys=0.00, real=0.01 secs] 
5868.454: [GC (Allocation Failure) [PSYoungGen: 244352K->158112K(463360K)] 745516K->661660K(1861632K), 0.0322173 secs] [Times: user=0.18 sys=0.01, real=0.04 secs] 
5869.705: [GC (Allocation Failure) [PSYoungGen: 391072K->104896K(337920K)] 894620K->756844K(1736192K), 0.0700553 secs] [Times: user=0.42 sys=0.00, real=0.07 secs] 
5872.543: [GC (Allocation Failure) [PSYoungGen: 337856K->170624K(454144K)] 989804K->924985K(1852416K), 0.0556614 secs] [Times: user=0.33 sys=0.00, real=0.06 secs] 
5873.730: [GC (Allocation Failure) [PSYoungGen: 397830K->95360K(461312K)] 1152191K->1003261K(1859584K), 0.0681598 secs] [Times: user=0.41 sys=0.00, real=0.07 secs] 
5875.224: [GC (Allocation Failure) [PSYoungGen: 317620K->159872K(463872K)] 1225521K->1160682K(1862144K), 0.0507785 secs] [Times: user=0.30 sys=0.00, real=0.05 secs] 
5877.218: [GC (Allocation Failure) [PSYoungGen: 395904K->94688K(330752K)] 1396714K->1246722K(1729024K), 0.1572027 secs] [Times: user=0.93 sys=0.01, real=0.15 secs] 
5878.084: [GC (Allocation Failure) [PSYoungGen: 330720K->171200K(459264K)] 1482754K->1414515K(1857536K), 0.0518357 secs] [Times: user=0.31 sys=0.00, real=0.06 secs] 
5878.136: [Full GC (Ergonomics) [PSYoungGen: 171200K->0K(459264K)] [ParOldGen: 1243315K->211707K(1398272K)] 1414515K->211707K(1857536K), [Metaspace: 59713K->59713K(1105920K)], 0.4955108 secs] [Times: user=2.31 sys=0.00, real=0.49 secs] 
5881.038: [GC (Allocation Failure) [PSYoungGen: 232960K->89248K(465920K)] 444667K->300955K(1864192K), 0.1291143 secs] [Times: user=0.77 sys=0.00, real=0.13 secs] 
5882.078: [GC (Allocation Failure) [PSYoungGen: 322208K->169856K(462848K)] 533915K->466934K(1861120K), 0.0560226 secs] [Times: user=0.33 sys=0.00, real=0.05 secs] 
5885.153: [GC (Allocation Failure) [PSYoungGen: 402816K->84384K(465920K)] 699894K->551034K(1864192K), 0.1698314 secs] [Times: user=1.01 sys=0.00, real=0.17 secs] 
5887.229: [GC (Allocation Failure) [PSYoungGen: 317344K->177056K(465920K)] 783994K->721563K(1864192K), 0.1161200 secs] [Times: user=0.69 sys=0.00, real=0.11 secs] 
5890.524: [GC (Allocation Failure) [PSYoungGen: 410016K->82976K(465920K)] 954523K->804779K(1864192K), 0.1219450 secs] [Times: user=0.72 sys=0.00, real=0.13 secs] 
5891.393: [GC (Allocation Failure) [PSYoungGen: 313214K->204672K(465920K)] 1035017K->1003224K(1864192K), 0.0615990 secs] [Times: user=0.37 sys=0.00, real=0.06 secs] 
5894.135: [GC (Allocation Failure) [PSYoungGen: 437632K->87136K(465920K)] 1236184K->1055644K(1864192K), 0.1255377 secs] [Times: user=0.74 sys=0.00, real=0.13 secs] 
5895.626: [GC (Allocation Failure) [PSYoungGen: 320096K->157632K(465920K)] 1288604K->1206173K(1864192K), 0.0609545 secs] [Times: user=0.36 sys=0.00, real=0.06 secs] 
5898.246: [GC (Allocation Failure) [PSYoungGen: 390592K->100416K(465920K)] 1439133K->1306657K(1864192K), 0.1052672 secs] [Times: user=0.63 sys=0.00, real=0.10 secs] 
5898.352: [Full GC (Ergonomics) [PSYoungGen: 100416K->0K(465920K)] [ParOldGen: 1206241K->115016K(1398272K)] 1306657K->115016K(1864192K), [Metaspace: 59713K->59713K(1105920K)], 0.2606122 secs] [Times: user=1.18 sys=0.00, real=0.26 secs] 
5899.731: [GC (Allocation Failure) [PSYoungGen: 232960K->147840K(465920K)] 347976K->262856K(1864192K), 0.0526546 secs] [Times: user=0.31 sys=0.00, real=0.05 secs] 
5901.452: [GC (Allocation Failure) [PSYoungGen: 380800K->119584K(352768K)] 495816K->382616K(1751040K), 0.0786585 secs] [Times: user=0.47 sys=0.00, real=0.08 secs] 
5903.438: [GC (Allocation Failure) [PSYoungGen: 352544K->128736K(473600K)] 615576K->500621K(1871872K), 0.0617826 secs] [Times: user=0.37 sys=0.00, real=0.06 secs] 
5905.302: [GC (Allocation Failure) [PSYoungGen: 371936K->144576K(463360K)] 743821K->645341K(1861632K), 0.0647481 secs] [Times: user=0.38 sys=0.00, real=0.07 secs] 
5906.515: [GC (Allocation Failure) [PSYoungGen: 387776K->8096K(453120K)] 888541K->508893K(1851392K), 0.0030143 secs] [Times: user=0.02 sys=0.00, real=0.01 secs] 
5908.756: [GC (Allocation Failure) [PSYoungGen: 244128K->171648K(465408K)] 744925K->678644K(1863680K), 0.0337860 secs] [Times: user=0.20 sys=0.00, real=0.04 secs] 
5910.050: [GC (Allocation Failure) [PSYoungGen: 407256K->102944K(466432K)] 914253K->764364K(1864704K), 0.0846923 secs] [Times: user=0.51 sys=0.00, real=0.08 secs] 
5911.927: [GC (Allocation Failure) [PSYoungGen: 323777K->159840K(465920K)] 985197K->921553K(1864192K), 0.0523811 secs] [Times: user=0.31 sys=0.00, real=0.05 secs] 
5913.733: [GC (Allocation Failure) [PSYoungGen: 395872K->95200K(461824K)] 1157585K->1008141K(1860096K), 0.1483089 secs] [Times: user=0.88 sys=0.00, real=0.15 secs] 
5915.739: [GC (Allocation Failure) [PSYoungGen: 331232K->185152K(463872K)] 1244173K->1189210K(1862144K), 0.0523773 secs] [Times: user=0.31 sys=0.00, real=0.05 secs] 
5918.937: [GC (Allocation Failure) [PSYoungGen: 421184K->88640K(465920K)] 1425242K->1260670K(1864192K), 0.1824748 secs] [Times: user=1.08 sys=0.00, real=0.18 secs] 
5919.120: [Full GC (Ergonomics) [PSYoungGen: 88640K->0K(465920K)] [ParOldGen: 1172030K->59519K(1398272K)] 1260670K->59519K(1864192K), [Metaspace: 59715K->59715K(1105920K)], 0.1679525 secs] [Times: user=0.79 sys=0.00, real=0.17 secs] 
5919.768: [GC (Allocation Failure) [PSYoungGen: 232960K->169472K(465920K)] 292479K->228991K(1864192K), 0.0351478 secs] [Times: user=0.21 sys=0.01, real=0.03 secs] 
5922.702: [GC (Allocation Failure) [PSYoungGen: 402432K->88832K(465920K)] 461951K->317463K(1864192K), 0.1618119 secs] [Times: user=0.96 sys=0.01, real=0.16 secs] 
5923.196: [GC (Allocation Failure) [PSYoungGen: 321792K->173824K(465920K)] 550423K->485288K(1864192K), 0.0569782 secs] [Times: user=0.34 sys=0.00, real=0.05 secs] 
5926.286: [GC (Allocation Failure) [PSYoungGen: 406784K->89280K(465920K)] 718248K->573792K(1864192K), 0.1316292 secs] [Times: user=0.79 sys=0.00, real=0.14 secs] 
5926.977: [GC (Allocation Failure) [PSYoungGen: 318774K->201248K(465920K)] 803287K->769197K(1864192K), 0.0619637 secs] [Times: user=0.37 sys=0.00, real=0.06 secs] 
5929.366: [GC (Allocation Failure) [PSYoungGen: 434208K->90304K(465920K)] 1002157K->824269K(1864192K), 0.0985035 secs] [Times: user=0.58 sys=0.00, real=0.10 secs] 
5930.609: [GC (Allocation Failure) [PSYoungGen: 323264K->153984K(465920K)] 1057229K->971305K(1864192K), 0.0604439 secs] [Times: user=0.36 sys=0.00, real=0.06 secs] 
5932.639: [GC (Allocation Failure) [PSYoungGen: 386944K->107136K(465920K)] 1204265K->1078458K(1864192K), 0.0897236 secs] [Times: user=0.53 sys=0.00, real=0.09 secs] 
5933.915: [GC (Allocation Failure) [PSYoungGen: 340096K->141120K(465920K)] 1311418K->1209314K(1864192K), 0.0617363 secs] [Times: user=0.36 sys=0.00, real=0.07 secs] 
5936.105: [GC (Allocation Failure) [PSYoungGen: 374080K->133440K(449536K)] 1442274K->1342606K(1847808K), 0.0785069 secs] [Times: user=0.46 sys=0.00, real=0.08 secs] 
5936.183: [Full GC (Ergonomics) [PSYoungGen: 133440K->0K(449536K)] [ParOldGen: 1209166K->139799K(1398272K)] 1342606K->139799K(1847808K), [Metaspace: 59715K->59715K(1105920K)], 0.3204387 secs] [Times: user=1.47 sys=0.00, real=0.32 secs] 
5937.635: [GC (Allocation Failure) [PSYoungGen: 232960K->122624K(457728K)] 372759K->262423K(1856000K), 0.0417466 secs] [Times: user=0.25 sys=0.00, real=0.05 secs] 
5941.041: [GC (Allocation Failure) [PSYoungGen: 355584K->144128K(467968K)] 495383K->406491K(1866240K), 0.0664560 secs] [Times: user=0.39 sys=0.00, real=0.07 secs] 
5942.312: [GC (Allocation Failure) [PSYoungGen: 401664K->10016K(471040K)] 664027K->272468K(1869312K), 0.0036414 secs] [Times: user=0.01 sys=0.00, real=0.00 secs] 
5944.283: [GC (Allocation Failure) [PSYoungGen: 261643K->174976K(458752K)] 524095K->445576K(1857024K), 0.0361028 secs] [Times: user=0.21 sys=0.00, real=0.04 secs] 
5946.361: [GC (Allocation Failure) [PSYoungGen: 407936K->97024K(465920K)] 678536K->533384K(1864192K), 0.1780589 secs] [Times: user=0.92 sys=0.00, real=0.18 secs] 
5947.913: [GC (Allocation Failure) [PSYoungGen: 329984K->166464K(462336K)] 766344K->695633K(1860608K), 0.0510767 secs] [Times: user=0.29 sys=0.00, real=0.05 secs] 
5950.102: [GC (Allocation Failure) [PSYoungGen: 399424K->92608K(465920K)] 928593K->787217K(1864192K), 0.1770616 secs] [Times: user=1.05 sys=0.01, real=0.18 secs] 
5950.788: [GC (Allocation Failure) [PSYoungGen: 325568K->171456K(462848K)] 1020177K->954338K(1861120K), 0.0572686 secs] [Times: user=0.34 sys=0.01, real=0.05 secs] 
5954.254: [GC (Allocation Failure) [PSYoungGen: 404416K->81728K(465920K)] 1187298K->1035746K(1864192K), 0.1594867 secs] [Times: user=0.94 sys=0.01, real=0.16 secs] 
5954.822: [GC (Allocation Failure) [PSYoungGen: 314688K->179328K(465920K)] 1268706K->1208439K(1864192K), 0.0581244 secs] [Times: user=0.34 sys=0.00, real=0.06 secs] 
5957.178: [GC (Allocation Failure) [PSYoungGen: 412288K->80640K(465920K)] 1441399K->1289311K(1864192K), 0.1595030 secs] [Times: user=0.93 sys=0.01, real=0.16 secs] 
5957.338: [Full GC (Ergonomics) [PSYoungGen: 80640K->0K(465920K)] [ParOldGen: 1208671K->87627K(1398272K)] 1289311K->87627K(1864192K), [Metaspace: 59715K->59715K(1105920K)], 0.2203337 secs] [Times: user=1.03 sys=0.00, real=0.22 secs] 
5958.880: [GC (Allocation Failure) [PSYoungGen: 230071K->206496K(465920K)] 317699K->294123K(1864192K), 0.0399567 secs] [Times: user=0.24 sys=0.00, real=0.04 secs] 
5960.827: [GC (Allocation Failure) [PSYoungGen: 439456K->91136K(465920K)] 527083K->350671K(1864192K), 0.1099010 secs] [Times: user=0.66 sys=0.00, real=0.11 secs] 
5962.173: [GC (Allocation Failure) [PSYoungGen: 324096K->153728K(465920K)] 583631K->497332K(1864192K), 0.0598433 secs] [Times: user=0.36 sys=0.00, real=0.06 secs] 
5964.421: [GC (Allocation Failure) [PSYoungGen: 386688K->105280K(465920K)] 730292K->602428K(1864192K), 0.0994199 secs] [Times: user=0.59 sys=0.00, real=0.10 secs] 
5965.682: [GC (Allocation Failure) [PSYoungGen: 338240K->142912K(465920K)] 835388K->735065K(1864192K), 0.0613027 secs] [Times: user=0.37 sys=0.00, real=0.06 secs] 
5968.978: [GC (Allocation Failure) [PSYoungGen: 375872K->116416K(349696K)] 968025K->851225K(1747968K), 0.0810045 secs] [Times: user=0.48 sys=0.00, real=0.08 secs] 
5970.247: [GC (Allocation Failure) [PSYoungGen: 349376K->132192K(470528K)] 1084185K->972546K(1868800K), 0.0617623 secs] [Times: user=0.36 sys=0.00, real=0.06 secs] 
5972.184: [GC (Allocation Failure) [PSYoungGen: 373856K->142656K(461824K)] 1214210K->1115014K(1860096K), 0.0656260 secs] [Times: user=0.39 sys=0.00, real=0.07 secs] 
5974.112: [GC (Allocation Failure) [PSYoungGen: 384320K->5568K(453120K)] 1356678K->977950K(1851392K), 0.0037021 secs] [Times: user=0.02 sys=0.00, real=0.01 secs] 
5975.131: [GC (Allocation Failure) [PSYoungGen: 242624K->168096K(465920K)] 1215006K->1144555K(1864192K), 0.0341463 secs] [Times: user=0.20 sys=0.00, real=0.03 secs] 
5977.411: [GC (Allocation Failure) [PSYoungGen: 405152K->99872K(465920K)] 1381611K->1235771K(1864192K), 0.0711348 secs] [Times: user=0.41 sys=0.00, real=0.07 secs] 
5978.353: [GC (Allocation Failure) [PSYoungGen: 336928K->169856K(465920K)] 1472827K->1403916K(1864192K), 0.0680835 secs] [Times: user=0.40 sys=0.00, real=0.07 secs] 
5978.421: [Full GC (Ergonomics) [PSYoungGen: 169856K->0K(465920K)] [ParOldGen: 1234060K->206810K(1398272K)] 1403916K->206810K(1864192K), [Metaspace: 59715K->59715K(1105920K)], 0.4735020 secs] [Times: user=2.19 sys=0.00, real=0.47 secs] 
5982.918: [GC (Allocation Failure) [PSYoungGen: 237056K->82720K(466432K)] 443866K->289530K(1864704K), 0.1334298 secs] [Times: user=0.80 sys=0.00, real=0.13 secs] 
5984.483: [GC (Allocation Failure) [PSYoungGen: 316192K->169568K(465920K)] 523002K->455591K(1864192K), 0.0717120 secs] [Times: user=0.43 sys=0.00, real=0.07 secs] 
5986.772: [GC (Allocation Failure) [PSYoungGen: 403040K->87744K(465920K)] 689063K->543095K(1864192K), 0.1477041 secs] [Times: user=0.88 sys=0.00, real=0.15 secs] 
5987.986: [GC (Allocation Failure) [PSYoungGen: 320704K->173216K(465920K)] 776055K->709832K(1864192K), 0.0564351 secs] [Times: user=0.34 sys=0.00, real=0.06 secs] 
5990.081: [GC (Allocation Failure) [PSYoungGen: 406176K->94432K(465920K)] 942792K->803500K(1864192K), 0.1143569 secs] [Times: user=0.68 sys=0.00, real=0.11 secs] 
5990.669: [GC (Allocation Failure) [PSYoungGen: 327392K->173824K(465920K)] 1036460K->967181K(1864192K), 0.0696125 secs] [Times: user=0.41 sys=0.00, real=0.07 secs] 
5993.035: [GC (Allocation Failure) [PSYoungGen: 406784K->90112K(465920K)] 1200141K->1057081K(1864192K), 0.1027073 secs] [Times: user=0.61 sys=0.00, real=0.11 secs] 
5994.811: [GC (Allocation Failure) [PSYoungGen: 323072K->154496K(465920K)] 1290041K->1205264K(1864192K), 0.0615081 secs] [Times: user=0.36 sys=0.00, real=0.06 secs] 
5996.599: [GC (Allocation Failure) [PSYoungGen: 387456K->98912K(464896K)] 1438224K->1303984K(1863168K), 0.0925993 secs] [Times: user=0.55 sys=0.00, real=0.09 secs] 
5996.692: [Full GC (Ergonomics) [PSYoungGen: 98912K->0K(464896K)] [ParOldGen: 1205072K->113490K(1398272K)] 1303984K->113490K(1863168K), [Metaspace: 59715K->59715K(1105920K)], 0.2567892 secs] [Times: user=1.17 sys=0.00, real=0.26 secs] 
5998.129: [GC (Allocation Failure) [PSYoungGen: 232960K->149248K(382464K)] 346450K->262738K(1780736K), 0.0528247 secs] [Times: user=0.31 sys=0.00, real=0.05 secs] 
5999.937: [GC (Allocation Failure) [PSYoungGen: 382208K->116576K(473088K)] 495698K->379594K(1871360K), 0.0870328 secs] [Times: user=0.52 sys=0.00, real=0.08 secs] 
6001.892: [GC (Allocation Failure) [PSYoungGen: 359264K->131264K(374272K)] 622282K->500331K(1772544K), 0.0619826 secs] [Times: user=0.37 sys=0.00, real=0.06 secs] 
6003.868: [GC (Allocation Failure) [PSYoungGen: 373952K->146432K(462336K)] 743019K->646739K(1860608K), 0.0597323 secs] [Times: user=0.34 sys=0.00, real=0.06 secs] 
6005.095: [GC (Allocation Failure) [PSYoungGen: 394240K->14752K(460800K)] 894547K->515099K(1859072K), 0.0042672 secs] [Times: user=0.03 sys=0.00, real=0.01 secs] 
6007.382: [GC (Allocation Failure) [PSYoungGen: 255844K->170880K(456704K)] 756192K->683080K(1854976K), 0.0369608 secs] [Times: user=0.21 sys=0.00, real=0.04 secs] 
6008.869: [GC (Allocation Failure) [PSYoungGen: 403840K->95840K(465920K)] 916040K->769896K(1864192K), 0.0906869 secs] [Times: user=0.53 sys=0.01, real=0.09 secs] 
6010.788: [GC (Allocation Failure) [PSYoungGen: 328800K->166240K(459776K)] 1002856K->932101K(1858048K), 0.0509355 secs] [Times: user=0.31 sys=0.00, real=0.05 secs] 
6013.342: [GC (Allocation Failure) [PSYoungGen: 399200K->89120K(465920K)] 1165061K->1020605K(1864192K), 0.1544457 secs] [Times: user=0.92 sys=0.00, real=0.16 secs] 
6014.481: [GC (Allocation Failure) [PSYoungGen: 322080K->170464K(461312K)] 1253565K->1186826K(1859584K), 0.1060083 secs] [Times: user=0.63 sys=0.01, real=0.11 secs] 
6017.150: [GC (Allocation Failure) [PSYoungGen: 403424K->87264K(465920K)] 1419786K->1274154K(1864192K), 0.1620472 secs] [Times: user=0.97 sys=0.00, real=0.16 secs] 
6017.312: [Full GC (Ergonomics) [PSYoungGen: 87264K->0K(465920K)] [ParOldGen: 1186890K->72870K(1398272K)] 1274154K->72870K(1864192K), [Metaspace: 59716K->59716K(1105920K)], 0.1917297 secs] [Times: user=0.89 sys=0.00, real=0.19 secs] 
6017.989: [GC (Allocation Failure) [PSYoungGen: 232960K->171584K(464384K)] 305830K->244454K(1862656K), 0.0531377 secs] [Times: user=0.31 sys=0.00, real=0.05 secs] 
6020.286: [GC (Allocation Failure) [PSYoungGen: 404544K->97728K(465920K)] 477414K->341694K(1864192K), 0.1330393 secs] [Times: user=0.79 sys=0.00, real=0.13 secs] 
6020.797: [GC (Allocation Failure) [PSYoungGen: 328725K->200064K(465920K)] 572692K->531795K(1864192K), 0.0599927 secs] [Times: user=0.35 sys=0.02, real=0.06 secs] 
6024.126: [GC (Allocation Failure) [PSYoungGen: 433024K->91168K(465920K)] 764755K->588219K(1864192K), 0.1161728 secs] [Times: user=0.69 sys=0.00, real=0.11 secs] 
6025.417: [GC (Allocation Failure) [PSYoungGen: 324128K->152864K(465920K)] 821179K->734607K(1864192K), 0.0596911 secs] [Times: user=0.36 sys=0.00, real=0.06 secs] 
6027.517: [GC (Allocation Failure) [PSYoungGen: 385824K->105024K(465920K)] 967567K->839415K(1864192K), 0.0930323 secs] [Times: user=0.55 sys=0.00, real=0.09 secs] 
6028.852: [GC (Allocation Failure) [PSYoungGen: 337984K->143232K(461824K)] 1072375K->972348K(1860096K), 0.0615481 secs] [Times: user=0.36 sys=0.00, real=0.06 secs] 
6030.865: [GC (Allocation Failure) [PSYoungGen: 376192K->124224K(357376K)] 1205308K->1096468K(1755648K), 0.0787555 secs] [Times: user=0.45 sys=0.01, real=0.08 secs] 
6033.439: [GC (Allocation Failure) [PSYoungGen: 357184K->123904K(468480K)] 1329428K->1209821K(1866752K), 0.0630857 secs] [Times: user=0.37 sys=0.00, real=0.06 secs] 
6034.727: [GC (Allocation Failure) [PSYoungGen: 371200K->149920K(460288K)] 1457117K->1359765K(1858560K), 0.0630017 secs] [Times: user=0.37 sys=0.00, real=0.06 secs] 
6034.790: [Full GC (Ergonomics) [PSYoungGen: 149920K->0K(460288K)] [ParOldGen: 1209845K->163939K(1398272K)] 1359765K->163939K(1858560K), [Metaspace: 59716K->59716K(1105920K)], 0.3786619 secs] [Times: user=1.74 sys=0.00, real=0.38 secs] 
6036.354: [GC (Allocation Failure) [PSYoungGen: 247296K->113952K(480768K)] 411235K->277891K(1879040K), 0.0404545 secs] [Times: user=0.24 sys=0.00, real=0.04 secs] 
6039.406: [GC (Allocation Failure) [PSYoungGen: 383776K->200864K(471040K)] 547715K->476232K(1869312K), 0.0613742 secs] [Times: user=0.36 sys=0.00, real=0.07 secs] 
6041.794: [GC (Allocation Failure) [PSYoungGen: 470688K->117024K(478720K)] 746056K->575832K(1876992K), 0.1282224 secs] [Times: user=0.76 sys=0.00, real=0.13 secs] 
6044.153: [GC (Allocation Failure) [PSYoungGen: 369952K->168384K(473088K)] 828760K->737441K(1871360K), 0.0687798 secs] [Times: user=0.40 sys=0.00, real=0.07 secs] 
6045.349: [GC (Allocation Failure) [PSYoungGen: 421312K->121568K(471552K)] 990369K->859105K(1869824K), 0.0696450 secs] [Times: user=0.42 sys=0.01, real=0.07 secs] 
6047.125: [GC (Allocation Failure) [PSYoungGen: 376032K->2816K(257536K)] 1113569K->740385K(1655808K), 0.0039416 secs] [Times: user=0.02 sys=0.00, real=0.01 secs] 
6048.645: [GC (Allocation Failure) [PSYoungGen: 257280K->175520K(465920K)] 994849K->914374K(1864192K), 0.0345256 secs] [Times: user=0.20 sys=0.00, real=0.04 secs] 
6050.217: [GC (Allocation Failure) [PSYoungGen: 408480K->95456K(465920K)] 1147334K->1001474K(1864192K), 0.0859452 secs] [Times: user=0.51 sys=0.00, real=0.08 secs] 
6052.966: [GC (Allocation Failure) [PSYoungGen: 320749K->160256K(465920K)] 1226768K->1158663K(1864192K), 0.0518061 secs] [Times: user=0.31 sys=0.00, real=0.05 secs] 
6054.138: [GC (Allocation Failure) [PSYoungGen: 393216K->95392K(328704K)] 1391623K->1245039K(1726976K), 0.0674487 secs] [Times: user=0.40 sys=0.00, real=0.07 secs] 
6054.206: [Full GC (Ergonomics) [PSYoungGen: 95392K->0K(328704K)] [ParOldGen: 1149647K->45827K(1398272K)] 1245039K->45827K(1726976K), [Metaspace: 59716K->59716K(1105920K)], 0.0928041 secs] [Times: user=0.37 sys=0.00, real=0.09 secs] 
6056.247: [GC (Allocation Failure) [PSYoungGen: 217835K->155520K(464896K)] 263662K->201347K(1863168K), 0.0305881 secs] [Times: user=0.18 sys=0.00, real=0.03 secs] 
6057.716: [GC (Allocation Failure) [PSYoungGen: 387968K->98080K(330752K)] 433795K->290543K(1729024K), 0.0772832 secs] [Times: user=0.46 sys=0.00, real=0.07 secs] 
6059.252: [GC (Allocation Failure) [PSYoungGen: 330528K->186368K(455168K)] 522991K->473128K(1853440K), 0.0514243 secs] [Times: user=0.30 sys=0.00, real=0.05 secs] 
6062.043: [GC (Allocation Failure) [PSYoungGen: 414208K->83648K(460800K)] 700968K->540080K(1859072K), 0.1737079 secs] [Times: user=1.04 sys=0.00, real=0.18 secs] 
6063.136: [GC (Allocation Failure) [PSYoungGen: 311488K->169696K(465920K)] 767920K->705285K(1864192K), 0.0550730 secs] [Times: user=0.33 sys=0.01, real=0.05 secs] 
6066.342: [GC (Allocation Failure) [PSYoungGen: 402656K->81184K(465920K)] 938245K->786453K(1864192K), 0.1657930 secs] [Times: user=0.98 sys=0.00, real=0.17 secs] 
6066.784: [GC (Allocation Failure) [PSYoungGen: 314144K->176576K(465920K)] 1019413K->956890K(1864192K), 0.0562807 secs] [Times: user=0.34 sys=0.00, real=0.06 secs] 
6069.751: [GC (Allocation Failure) [PSYoungGen: 409536K->82496K(465920K)] 1189850K->1039214K(1864192K), 0.1718769 secs] [Times: user=0.84 sys=0.00, real=0.17 secs] 
6070.190: [GC (Allocation Failure) [PSYoungGen: 315456K->176288K(465920K)] 1272174K->1209039K(1864192K), 0.0579234 secs] [Times: user=0.34 sys=0.00, real=0.06 secs] 
6073.610: [GC (Allocation Failure) [PSYoungGen: 409248K->85248K(465920K)] 1441999K->1293863K(1864192K), 0.1338423 secs] [Times: user=0.79 sys=0.00, real=0.13 secs] 
6073.744: [Full GC (Ergonomics) [PSYoungGen: 85248K->0K(465920K)] [ParOldGen: 1208615K->96721K(1398272K)] 1293863K->96721K(1864192K), [Metaspace: 59716K->59716K(1105920K)], 0.2463243 secs] [Times: user=1.15 sys=0.00, real=0.25 secs] 
6074.995: [GC (Allocation Failure) [PSYoungGen: 229176K->198944K(465920K)] 325897K->295665K(1864192K), 0.0487866 secs] [Times: user=0.29 sys=0.00, real=0.05 secs] 
6077.899: [GC (Allocation Failure) [PSYoungGen: 431904K->91808K(465920K)] 528625K->350201K(1864192K), 0.1080408 secs] [Times: user=0.64 sys=0.01, real=0.11 secs] 
6079.152: [GC (Allocation Failure) [PSYoungGen: 324768K->152320K(465920K)] 583161K->495762K(1864192K), 0.0597951 secs] [Times: user=0.35 sys=0.00, real=0.06 secs] 
6081.627: [GC (Allocation Failure) [PSYoungGen: 385280K->114336K(465920K)] 728722K->610226K(1864192K), 0.0963200 secs] [Times: user=0.57 sys=0.00, real=0.09 secs] 
6082.897: [GC (Allocation Failure) [PSYoungGen: 347296K->142112K(465920K)] 843186K->733377K(1864192K), 0.0611714 secs] [Times: user=0.37 sys=0.00, real=0.06 secs] 
6084.736: [GC (Allocation Failure) [PSYoungGen: 375072K->124864K(357888K)] 966337K->858273K(1756160K), 0.0754612 secs] [Times: user=0.44 sys=0.00, real=0.07 secs] 
6087.299: [GC (Allocation Failure) [PSYoungGen: 357824K->123584K(467456K)] 1091233K->971294K(1865728K), 0.0625523 secs] [Times: user=0.37 sys=0.00, real=0.06 secs] 
6089.397: [GC (Allocation Failure) [PSYoungGen: 364736K->146080K(459264K)] 1212446K->1117322K(1857536K), 0.0600608 secs] [Times: user=0.36 sys=0.00, real=0.06 secs] 
6090.824: [GC (Allocation Failure) [PSYoungGen: 387232K->11104K(457216K)] 1358474K->982494K(1855488K), 0.0047306 secs] [Times: user=0.02 sys=0.00, real=0.01 secs] 
6092.053: [GC (Allocation Failure) [PSYoungGen: 253280K->169664K(412160K)] 1224670K->1150099K(1810432K), 0.0369929 secs] [Times: user=0.22 sys=0.00, real=0.04 secs] 
6094.129: [GC (Allocation Failure) [PSYoungGen: 411840K->104128K(471040K)] 1392275K->1244491K(1869312K), 0.1887590 secs] [Times: user=1.11 sys=0.01, real=0.19 secs] 
6096.284: [GC (Allocation Failure) [PSYoungGen: 342208K->167424K(465920K)] 1482571K->1408032K(1864192K), 0.0538324 secs] [Times: user=0.32 sys=0.00, real=0.06 secs] 
6096.338: [Full GC (Ergonomics) [PSYoungGen: 167424K->0K(465920K)] [ParOldGen: 1240608K->212147K(1398272K)] 1408032K->212147K(1864192K), [Metaspace: 59716K->59716K(1105920K)], 0.4835169 secs] [Times: user=2.25 sys=0.00, real=0.48 secs] 
6099.036: [GC (Allocation Failure) [PSYoungGen: 238080K->96480K(466432K)] 450227K->308627K(1864704K), 0.1562314 secs] [Times: user=0.93 sys=0.01, real=0.15 secs] 
6099.779: [GC (Allocation Failure) [PSYoungGen: 334048K->175776K(465920K)] 546195K->473892K(1864192K), 0.0564288 secs] [Times: user=0.33 sys=0.00, real=0.05 secs] 
6101.710: [GC (Allocation Failure) [PSYoungGen: 413344K->102304K(467968K)] 711460K->575664K(1866240K), 0.1107879 secs] [Times: user=0.65 sys=0.00, real=0.11 secs] 
6103.215: [GC (Allocation Failure) [PSYoungGen: 337312K->164032K(465920K)] 810672K->729251K(1864192K), 0.0651224 secs] [Times: user=0.39 sys=0.00, real=0.07 secs] 
6106.078: [GC (Allocation Failure) [PSYoungGen: 394922K->93024K(464896K)] 960142K->822467K(1863168K), 0.1088385 secs] [Times: user=0.65 sys=0.00, real=0.11 secs] 
6107.329: [GC (Allocation Failure) [PSYoungGen: 328032K->151264K(465408K)] 1057475K->967258K(1863680K), 0.0616056 secs] [Times: user=0.36 sys=0.00, real=0.06 secs] 
6109.360: [GC (Allocation Failure) [PSYoungGen: 386272K->108000K(457216K)] 1202266K->1074978K(1855488K), 0.0942737 secs] [Times: user=0.56 sys=0.00, real=0.09 secs] 
6110.690: [GC (Allocation Failure) [PSYoungGen: 347616K->140192K(462336K)] 1314594K->1204242K(1860608K), 0.0650591 secs] [Times: user=0.37 sys=0.00, real=0.06 secs] 
6113.236: [GC (Allocation Failure) [PSYoungGen: 379808K->135936K(463360K)] 1443858K->1340402K(1861632K), 0.0756836 secs] [Times: user=0.46 sys=0.00, real=0.07 secs] 
6113.312: [Full GC (Ergonomics) [PSYoungGen: 135936K->0K(463360K)] [ParOldGen: 1204466K->150008K(1398272K)] 1340402K->150008K(1861632K), [Metaspace: 59716K->59716K(1105920K)], 0.3453324 secs] [Times: user=1.58 sys=0.01, real=0.35 secs] 
6114.797: [GC (Allocation Failure) [PSYoungGen: 258048K->123616K(470016K)] 408056K->273624K(1868288K), 0.0411933 secs] [Times: user=0.24 sys=0.00, real=0.04 secs] 
6116.494: [GC (Allocation Failure) [PSYoungGen: 371810K->173760K(475648K)] 521818K->445516K(1873920K), 0.0630258 secs] [Times: user=0.37 sys=0.00, real=0.07 secs] 
6118.989: [GC (Allocation Failure) [PSYoungGen: 444608K->118944K(484864K)] 716364K->555348K(1883136K), 0.1914101 secs] [Times: user=1.14 sys=0.00, real=0.19 secs] 
6121.184: [GC (Allocation Failure) [PSYoungGen: 388007K->207840K(440832K)] 824412K->776189K(1839104K), 0.0759010 secs] [Times: user=0.45 sys=0.00, real=0.08 secs] 
6123.218: [GC (Allocation Failure) [PSYoungGen: 440800K->91552K(465920K)] 1009149K->830813K(1864192K), 0.1064446 secs] [Times: user=0.63 sys=0.01, real=0.10 secs] 
6125.332: [GC (Allocation Failure) [PSYoungGen: 324512K->152928K(465920K)] 1063773K->976802K(1864192K), 0.0601655 secs] [Times: user=0.36 sys=0.00, real=0.06 secs] 
6126.212: [GC (Allocation Failure) [PSYoungGen: 385888K->108896K(465920K)] 1209762K->1085930K(1864192K), 0.0968295 secs] [Times: user=0.57 sys=0.00, real=0.10 secs] 
6128.570: [GC (Allocation Failure) [PSYoungGen: 341856K->138272K(465920K)] 1318890K->1213681K(1864192K), 0.0610339 secs] [Times: user=0.36 sys=0.00, real=0.06 secs] 
6130.276: [GC (Allocation Failure) [PSYoungGen: 371232K->120544K(465920K)] 1446641K->1334425K(1864192K), 0.0809258 secs] [Times: user=0.48 sys=0.01, real=0.09 secs] 
6130.357: [Full GC (Ergonomics) [PSYoungGen: 120544K->0K(465920K)] [ParOldGen: 1213881K->135091K(1398272K)] 1334425K->135091K(1864192K), [Metaspace: 59716K->59716K(1105920K)], 0.3003507 secs] [Times: user=1.36 sys=0.00, real=0.30 secs] 
6131.821: [GC (Allocation Failure) [PSYoungGen: 232960K->128256K(465920K)] 368051K->263347K(1864192K), 0.0469294 secs] [Times: user=0.28 sys=0.00, real=0.05 secs] 
6134.746: [GC (Allocation Failure) [PSYoungGen: 361216K->144928K(378368K)] 496307K->408508K(1776640K), 0.0768380 secs] [Times: user=0.46 sys=0.00, real=0.07 secs] 
6135.967: [GC (Allocation Failure) [PSYoungGen: 377888K->2656K(453632K)] 641468K->266336K(1851904K), 0.0018201 secs] [Times: user=0.01 sys=0.00, real=0.00 secs] 
6138.802: [GC (Allocation Failure) [PSYoungGen: 229472K->157184K(459776K)] 493152K->422044K(1858048K), 0.0307872 secs] [Times: user=0.18 sys=0.00, real=0.03 secs] 
6139.965: [GC (Allocation Failure) [PSYoungGen: 384000K->100896K(465920K)] 648860K->505548K(1864192K), 0.0660395 secs] [Times: user=0.39 sys=0.01, real=0.07 secs] 
6141.322: [GC (Allocation Failure) [PSYoungGen: 333856K->169504K(465920K)] 738508K->674034K(1864192K), 0.0533619 secs] [Times: user=0.31 sys=0.01, real=0.05 secs] 
6143.601: [GC (Allocation Failure) [PSYoungGen: 402464K->100416K(465920K)] 906994K->757330K(1864192K), 0.0691104 secs] [Times: user=0.41 sys=0.00, real=0.07 secs] 
6144.482: [GC (Allocation Failure) [PSYoungGen: 332323K->168512K(465920K)] 989238K->923491K(1864192K), 0.0533923 secs] [Times: user=0.32 sys=0.00, real=0.05 secs] 
6146.615: [GC (Allocation Failure) [PSYoungGen: 401472K->95200K(465920K)] 1156451K->1010195K(1864192K), 0.0690903 secs] [Times: user=0.41 sys=0.00, real=0.07 secs] 
6148.009: [GC (Allocation Failure) [PSYoungGen: 328160K->184416K(465920K)] 1243155K->1191390K(1864192K), 0.0520007 secs] [Times: user=0.30 sys=0.00, real=0.05 secs] 
6150.708: [GC (Allocation Failure) [PSYoungGen: 417376K->89984K(465920K)] 1424350K->1264406K(1864192K), 0.1729460 secs] [Times: user=1.03 sys=0.02, real=0.17 secs] 
6150.881: [Full GC (Ergonomics) [PSYoungGen: 89984K->0K(465920K)] [ParOldGen: 1174422K->61051K(1398272K)] 1264406K->61051K(1864192K), [Metaspace: 59716K->59716K(1105920K)], 0.1685578 secs] [Times: user=0.78 sys=0.00, real=0.17 secs] 
6152.172: [GC (Allocation Failure) [PSYoungGen: 232960K->167744K(465920K)] 294011K->228795K(1864192K), 0.0340517 secs] [Times: user=0.21 sys=0.00, real=0.04 secs] 
6154.510: [GC (Allocation Failure) [PSYoungGen: 400704K->86784K(465920K)] 461755K->314891K(1864192K), 0.1697511 secs] [Times: user=1.01 sys=0.01, real=0.17 secs] 
6155.160: [GC (Allocation Failure) [PSYoungGen: 319744K->190336K(465920K)] 547851K->499022K(1864192K), 0.0570697 secs] [Times: user=0.34 sys=0.00, real=0.06 secs] 
6157.242: [GC (Allocation Failure) [PSYoungGen: 423296K->93376K(465920K)] 731982K->575354K(1864192K), 0.1273254 secs] [Times: user=0.76 sys=0.00, real=0.13 secs] 
6158.823: [GC (Allocation Failure) [PSYoungGen: 322892K->199872K(465920K)] 804871K->769055K(1864192K), 0.0613726 secs] [Times: user=0.36 sys=0.01, real=0.06 secs] 
6161.773: [GC (Allocation Failure) [PSYoungGen: 432832K->89824K(465920K)] 1002015K->824223K(1864192K), 0.1182777 secs] [Times: user=0.70 sys=0.00, real=0.12 secs] 
6163.126: [GC (Allocation Failure) [PSYoungGen: 322784K->153888K(465920K)] 1057183K->971836K(1864192K), 0.0599956 secs] [Times: user=0.35 sys=0.00, real=0.06 secs] 
6166.224: [GC (Allocation Failure) [PSYoungGen: 386848K->99776K(465920K)] 1204796K->1071500K(1864192K), 0.0982011 secs] [Times: user=0.58 sys=0.00, real=0.10 secs] 
6167.495: [GC (Allocation Failure) [PSYoungGen: 332736K->148480K(465920K)] 1304460K->1209301K(1864192K), 0.0607637 secs] [Times: user=0.36 sys=0.01, real=0.07 secs] 
6169.763: [GC (Allocation Failure) [PSYoungGen: 381440K->114944K(465920K)] 1442261K->1324421K(1864192K), 0.0883110 secs] [Times: user=0.52 sys=0.00, real=0.09 secs] 
6169.851: [Full GC (Ergonomics) [PSYoungGen: 114944K->0K(465920K)] [ParOldGen: 1209477K->130035K(1398272K)] 1324421K->130035K(1864192K), [Metaspace: 59716K->59716K(1105920K)], 0.2941657 secs] [Times: user=1.35 sys=0.00, real=0.29 secs] 
6171.297: [GC (Allocation Failure) [PSYoungGen: 232960K->133696K(367104K)] 362995K->263731K(1765376K), 0.0480341 secs] [Times: user=0.29 sys=0.00, real=0.04 secs] 
6173.048: [GC (Allocation Failure) [PSYoungGen: 366656K->133248K(466432K)] 496691K->397267K(1864704K), 0.0764668 secs] [Times: user=0.46 sys=0.00, real=0.07 secs] 
6174.429: [GC (Allocation Failure) [PSYoungGen: 374912K->3936K(457728K)] 638931K->268043K(1856000K), 0.0021322 secs] [Times: user=0.01 sys=0.00, real=0.00 secs] 
6175.455: [GC (Allocation Failure) [PSYoungGen: 245600K->169056K(462336K)] 509707K->435628K(1860608K), 0.0334323 secs] [Times: user=0.20 sys=0.00, real=0.04 secs] 
6176.929: [GC (Allocation Failure) [PSYoungGen: 402016K->98304K(465920K)] 668588K->525056K(1864192K), 0.0683918 secs] [Times: user=0.40 sys=0.00, real=0.07 secs] 
6178.261: [GC (Allocation Failure) [PSYoungGen: 318155K->162048K(462848K)] 744908K->685021K(1861120K), 0.0514995 secs] [Times: user=0.30 sys=0.00, real=0.05 secs] 
6179.842: [GC (Allocation Failure) [PSYoungGen: 395008K->95392K(328704K)] 917981K->772253K(1726976K), 0.0677903 secs] [Times: user=0.40 sys=0.00, real=0.07 secs] 
6182.529: [GC (Allocation Failure) [PSYoungGen: 315038K->156192K(462336K)] 991899K->924498K(1860608K), 0.0490833 secs] [Times: user=0.28 sys=0.00, real=0.05 secs] 
6184.376: [GC (Allocation Failure) [PSYoungGen: 390176K->99872K(464384K)] 1158482K->1014938K(1862656K), 0.0929355 secs] [Times: user=0.55 sys=0.00, real=0.09 secs] 
6185.703: [GC (Allocation Failure) [PSYoungGen: 333856K->182944K(455680K)] 1248922K->1193683K(1853952K), 0.0527401 secs] [Times: user=0.31 sys=0.00, real=0.06 secs] 
6188.544: [GC (Allocation Failure) [PSYoungGen: 414368K->86080K(464384K)] 1425107K->1263035K(1862656K), 0.1641617 secs] [Times: user=0.98 sys=0.00, real=0.17 secs] 
6188.708: [Full GC (Ergonomics) [PSYoungGen: 86080K->0K(464384K)] [ParOldGen: 1176955K->60774K(1398272K)] 1263035K->60774K(1862656K), [Metaspace: 59716K->59716K(1105920K)], 0.1602385 secs] [Times: user=0.74 sys=0.00, real=0.16 secs] 
6189.952: [GC (Allocation Failure) [PSYoungGen: 231424K->169824K(465920K)] 292198K->230598K(1864192K), 0.0350121 secs] [Times: user=0.21 sys=0.00, real=0.04 secs] 
6192.014: [GC (Allocation Failure) [PSYoungGen: 402784K->85184K(465920K)] 463558K->315522K(1864192K), 0.1572822 secs] [Times: user=0.94 sys=0.00, real=0.16 secs] 
6192.999: [GC (Allocation Failure) [PSYoungGen: 318144K->178464K(465920K)] 548482K->487031K(1864192K), 0.0751700 secs] [Times: user=0.45 sys=0.00, real=0.07 secs] 
6197.091: [GC (Allocation Failure) [PSYoungGen: 411424K->81824K(465920K)] 719991K->568927K(1864192K), 0.1412770 secs] [Times: user=0.84 sys=0.00, real=0.14 secs] 
6197.851: [GC (Allocation Failure) [PSYoungGen: 311511K->207840K(465920K)] 798615K->770174K(1864192K), 0.0614024 secs] [Times: user=0.37 sys=0.01, real=0.06 secs] 
6200.777: [GC (Allocation Failure) [PSYoungGen: 440800K->83168K(465920K)] 1003134K->818798K(1864192K), 0.1308712 secs] [Times: user=0.77 sys=0.01, real=0.13 secs] 
6202.067: [GC (Allocation Failure) [PSYoungGen: 316128K->161312K(465920K)] 1051758K->973271K(1864192K), 0.0598549 secs] [Times: user=0.35 sys=0.00, real=0.06 secs] 
6203.998: [GC (Allocation Failure) [PSYoungGen: 386124K->93952K(465920K)] 1198083K->1067187K(1864192K), 0.1079679 secs] [Times: user=0.64 sys=0.00, real=0.10 secs] 
6207.053: [GC (Allocation Failure) [PSYoungGen: 326912K->151424K(465920K)] 1300147K->1211224K(1864192K), 0.0605753 secs] [Times: user=0.36 sys=0.00, real=0.06 secs] 
6209.051: [GC (Allocation Failure) [PSYoungGen: 384384K->101568K(465920K)] 1444184K->1312672K(1864192K), 0.0893558 secs] [Times: user=0.53 sys=0.00, real=0.09 secs] 
6209.140: [Full GC (Ergonomics) [PSYoungGen: 101568K->0K(465920K)] [ParOldGen: 1211104K->116618K(1398272K)] 1312672K->116618K(1864192K), [Metaspace: 59716K->59716K(1105920K)], 0.2657095 secs] [Times: user=1.21 sys=0.00, real=0.27 secs] 
6211.240: [GC (Allocation Failure) [PSYoungGen: 232960K->146816K(465920K)] 349578K->263434K(1864192K), 0.0536915 secs] [Times: user=0.32 sys=0.00, real=0.05 secs] 
6213.475: [GC (Allocation Failure) [PSYoungGen: 379776K->123008K(356352K)] 496394K->386450K(1754624K), 0.1009172 secs] [Times: user=0.56 sys=0.00, real=0.11 secs] 
6215.110: [GC (Allocation Failure) [PSYoungGen: 355968K->132896K(466944K)] 619410K->500813K(1865216K), 0.0612525 secs] [Times: user=0.36 sys=0.00, real=0.06 secs] 
6218.005: [GC (Allocation Failure) [PSYoungGen: 374048K->132480K(458752K)] 741965K->633349K(1857024K), 0.0637404 secs] [Times: user=0.37 sys=0.00, real=0.07 secs] 
6219.250: [GC (Allocation Failure) [PSYoungGen: 373632K->3136K(451584K)] 874501K->504093K(1849856K), 0.0023452 secs] [Times: user=0.01 sys=0.00, real=0.00 secs] 
6221.497: [GC (Allocation Failure) [PSYoungGen: 244800K->159168K(465408K)] 745757K->661730K(1863680K), 0.0311640 secs] [Times: user=0.18 sys=0.01, real=0.03 secs] 
6222.686: [GC (Allocation Failure) [PSYoungGen: 400832K->111584K(462336K)] 903394K->763794K(1860608K), 0.0844249 secs] [Times: user=0.49 sys=0.01, real=0.08 secs] 
6223.930: [GC (Allocation Failure) [PSYoungGen: 358368K->208224K(455168K)] 1010578K->969731K(1853440K), 0.0588059 secs] [Times: user=0.34 sys=0.00, real=0.06 secs] 
6226.811: [GC (Allocation Failure) [PSYoungGen: 455008K->98080K(465920K)] 1216515K->1034515K(1864192K), 0.1874925 secs] [Times: user=1.12 sys=0.01, real=0.19 secs] 
6228.069: [GC (Allocation Failure) [PSYoungGen: 331040K->170144K(465920K)] 1267475K->1198948K(1864192K), 0.1531564 secs] [Times: user=0.91 sys=0.00, real=0.15 secs] 
6231.187: [GC (Allocation Failure) [PSYoungGen: 403104K->86112K(465920K)] 1431908K->1284868K(1864192K), 0.1418444 secs] [Times: user=0.85 sys=0.00, real=0.14 secs] 
6231.329: [Full GC (Ergonomics) [PSYoungGen: 86112K->0K(465920K)] [ParOldGen: 1198756K->83709K(1398272K)] 1284868K->83709K(1864192K), [Metaspace: 59719K->59719K(1105920K)], 0.2077535 secs] [Times: user=0.95 sys=0.00, real=0.21 secs] 
6231.965: [GC (Allocation Failure) [PSYoungGen: 232960K->172800K(465920K)] 316669K->256509K(1864192K), 0.0537029 secs] [Times: user=0.31 sys=0.01, real=0.06 secs] 
6234.971: [GC (Allocation Failure) [PSYoungGen: 405760K->86656K(465920K)] 489469K->343005K(1864192K), 0.1228835 secs] [Times: user=0.73 sys=0.00, real=0.12 secs] 
6236.236: [GC (Allocation Failure) [PSYoungGen: 319616K->161152K(465920K)] 575965K->497716K(1864192K), 0.0617145 secs] [Times: user=0.36 sys=0.00, real=0.07 secs] 
6238.897: [GC (Allocation Failure) [PSYoungGen: 391163K->93184K(465920K)] 727728K->590632K(1864192K), 0.0993711 secs] [Times: user=0.59 sys=0.00, real=0.10 secs] 
6240.179: [GC (Allocation Failure) [PSYoungGen: 326144K->151552K(465920K)] 823592K->735557K(1864192K), 0.0601144 secs] [Times: user=0.36 sys=0.00, real=0.06 secs] 
6241.603: [GC (Allocation Failure) [PSYoungGen: 384512K->108480K(455680K)] 968517K->843701K(1853952K), 0.0930868 secs] [Times: user=0.55 sys=0.00, real=0.10 secs] 
6243.170: [GC (Allocation Failure) [PSYoungGen: 341440K->139936K(460800K)] 1076661K->972850K(1859072K), 0.0615204 secs] [Times: user=0.37 sys=0.00, real=0.06 secs] 
6245.615: [GC (Allocation Failure) [PSYoungGen: 372896K->124480K(453632K)] 1205810K->1097458K(1851904K), 0.0816973 secs] [Times: user=0.48 sys=0.00, real=0.09 secs] 
6246.921: [GC (Allocation Failure) [PSYoungGen: 372800K->2624K(462336K)] 1345778K->975654K(1860608K), 0.0034471 secs] [Times: user=0.02 sys=0.00, real=0.00 secs] 
6248.026: [GC (Allocation Failure) [PSYoungGen: 250944K->171008K(459776K)] 1223974K->1145455K(1858048K), 0.0344409 secs] [Times: user=0.20 sys=0.01, real=0.04 secs] 
6249.252: [GC (Allocation Failure) [PSYoungGen: 403968K->97952K(465920K)] 1378415K->1234295K(1864192K), 0.1001359 secs] [Times: user=0.59 sys=0.00, real=0.10 secs] 
6249.352: [Full GC (Ergonomics) [PSYoungGen: 97952K->0K(465920K)] [ParOldGen: 1136343K->38068K(1398272K)] 1234295K->38068K(1864192K), [Metaspace: 59719K->59719K(1105920K)], 0.0710218 secs] [Times: user=0.27 sys=0.00, real=0.07 secs] 
6251.416: [GC (Allocation Failure) [PSYoungGen: 219983K->162624K(461312K)] 258052K->200692K(1859584K), 0.0313450 secs] [Times: user=0.19 sys=0.00, real=0.03 secs] 
6252.562: [GC (Allocation Failure) [PSYoungGen: 395584K->91712K(325120K)] 433652K->283916K(1723392K), 0.0846494 secs] [Times: user=0.50 sys=0.00, real=0.09 secs] 
6255.090: [GC (Allocation Failure) [PSYoungGen: 309998K->159744K(461312K)] 502202K->439361K(1859584K), 0.0475007 secs] [Times: user=0.28 sys=0.00, real=0.05 secs] 
6256.334: [GC (Allocation Failure) [PSYoungGen: 393216K->97184K(330752K)] 672833K->528013K(1729024K), 0.0945687 secs] [Times: user=0.56 sys=0.00, real=0.10 secs] 
6258.821: [GC (Allocation Failure) [PSYoungGen: 330656K->166688K(458240K)] 761485K->690709K(1856512K), 0.0506495 secs] [Times: user=0.30 sys=0.00, real=0.05 secs] 
6260.690: [GC (Allocation Failure) [PSYoungGen: 399136K->88192K(464896K)] 923157K->778413K(1863168K), 0.1634158 secs] [Times: user=0.97 sys=0.00, real=0.16 secs] 
6261.941: [GC (Allocation Failure) [PSYoungGen: 320640K->189376K(460800K)] 1010861K->963674K(1859072K), 0.0563497 secs] [Times: user=0.33 sys=0.00, real=0.06 secs] 
6266.168: [GC (Allocation Failure) [PSYoungGen: 422336K->77152K(465920K)] 1196634K->1024490K(1864192K), 0.1729392 secs] [Times: user=1.03 sys=0.01, real=0.17 secs] 
6267.017: [GC (Allocation Failure) [PSYoungGen: 310112K->175360K(465920K)] 1257450K->1193403K(1864192K), 0.0552873 secs] [Times: user=0.33 sys=0.00, real=0.05 secs] 
6270.022: [GC (Allocation Failure) [PSYoungGen: 408320K->84896K(465920K)] 1426363K->1278187K(1864192K), 0.1472220 secs] [Times: user=0.87 sys=0.00, real=0.15 secs] 
6270.169: [Full GC (Ergonomics) [PSYoungGen: 84896K->0K(465920K)] [ParOldGen: 1193291K->82506K(1398272K)] 1278187K->82506K(1864192K), [Metaspace: 59719K->59719K(1105920K)], 0.2013760 secs] [Times: user=0.93 sys=0.00, real=0.20 secs] 
6270.670: [GC (Allocation Failure) [PSYoungGen: 232960K->211328K(465920K)] 315466K->293834K(1864192K), 0.0376078 secs] [Times: user=0.23 sys=0.00, real=0.04 secs] 
6272.673: [GC (Allocation Failure) [PSYoungGen: 444288K->90912K(465920K)] 526794K->351630K(1864192K), 0.1171618 secs] [Times: user=0.69 sys=0.00, real=0.12 secs] 
6273.923: [GC (Allocation Failure) [PSYoungGen: 323872K->153568K(465920K)] 584590K->498507K(1864192K), 0.0602308 secs] [Times: user=0.36 sys=0.00, real=0.06 secs] 
6276.111: [GC (Allocation Failure) [PSYoungGen: 386528K->105056K(465920K)] 731467K->603083K(1864192K), 0.0963733 secs] [Times: user=0.58 sys=0.00, real=0.10 secs] 
6277.365: [GC (Allocation Failure) [PSYoungGen: 338016K->143168K(465920K)] 836043K->735722K(1864192K), 0.0609538 secs] [Times: user=0.36 sys=0.00, real=0.06 secs] 
6279.687: [GC (Allocation Failure) [PSYoungGen: 376128K->120512K(353792K)] 968682K->855994K(1752064K), 0.0858654 secs] [Times: user=0.51 sys=0.01, real=0.08 secs] 
6280.965: [GC (Allocation Failure) [PSYoungGen: 353472K->128192K(473088K)] 1088954K->973514K(1871360K), 0.0623804 secs] [Times: user=0.37 sys=0.00, real=0.07 secs] 
6282.800: [GC (Allocation Failure) [PSYoungGen: 370880K->148448K(463360K)] 1216202K->1121898K(1861632K), 0.0606953 secs] [Times: user=0.36 sys=0.00, real=0.06 secs] 
6284.010: [GC (Allocation Failure) [PSYoungGen: 391136K->10656K(454656K)] 1364586K->984262K(1852928K), 0.0047344 secs] [Times: user=0.03 sys=0.00, real=0.00 secs] 
6285.622: [GC (Allocation Failure) [PSYoungGen: 246688K->172704K(409088K)] 1220294K->1154591K(1807360K), 0.0363379 secs] [Times: user=0.21 sys=0.00, real=0.04 secs] 
6286.767: [GC (Allocation Failure) [PSYoungGen: 408736K->98720K(466944K)] 1390623K->1244775K(1865216K), 0.0938573 secs] [Times: user=0.56 sys=0.01, real=0.09 secs] 
6286.861: [Full GC (Ergonomics) [PSYoungGen: 98720K->0K(466944K)] [ParOldGen: 1146055K->48361K(1398272K)] 1244775K->48361K(1865216K), [Metaspace: 59719K->59719K(1105920K)], 0.1014096 secs] [Times: user=0.38 sys=0.00, real=0.10 secs] 
6289.312: [GC (Allocation Failure) [PSYoungGen: 233984K->163392K(465920K)] 282345K->211753K(1864192K), 0.0345285 secs] [Times: user=0.20 sys=0.00, real=0.04 secs] 
6292.080: [GC (Allocation Failure) [PSYoungGen: 397376K->89632K(464896K)] 445737K->301185K(1863168K), 0.1722612 secs] [Times: user=1.03 sys=0.00, real=0.17 secs] 
6293.474: [GC (Allocation Failure) [PSYoungGen: 323616K->203424K(465408K)] 535169K->499818K(1863680K), 0.0567975 secs] [Times: user=0.34 sys=0.00, real=0.06 secs] 
6295.528: [GC (Allocation Failure) [PSYoungGen: 437408K->90272K(465920K)] 733802K->556706K(1864192K), 0.1548103 secs] [Times: user=0.87 sys=0.00, real=0.15 secs] 
6295.964: [GC (Allocation Failure) [PSYoungGen: 323232K->172768K(465920K)] 789666K->723247K(1864192K), 0.0577997 secs] [Times: user=0.34 sys=0.00, real=0.06 secs] 
6298.906: [GC (Allocation Failure) [PSYoungGen: 405728K->93632K(465920K)] 956207K->816163K(1864192K), 0.1274663 secs] [Times: user=0.76 sys=0.00, real=0.13 secs] 
6300.122: [GC (Allocation Failure) [PSYoungGen: 326592K->183922K(465920K)] 1049123K->993980K(1864192K), 0.0690993 secs] [Times: user=0.41 sys=0.00, real=0.07 secs] 
6303.471: [GC (Allocation Failure) [PSYoungGen: 416882K->93152K(465920K)] 1226940K->1065298K(1864192K), 0.1119825 secs] [Times: user=0.66 sys=0.00, real=0.11 secs] 
6304.750: [GC (Allocation Failure) [PSYoungGen: 326112K->151008K(465920K)] 1298258K->1209343K(1864192K), 0.0606423 secs] [Times: user=0.36 sys=0.00, real=0.06 secs] 
6306.737: [GC (Allocation Failure) [PSYoungGen: 383968K->106432K(465920K)] 1442303K->1315871K(1864192K), 0.0940282 secs] [Times: user=0.56 sys=0.00, real=0.09 secs] 
6306.831: [Full GC (Ergonomics) [PSYoungGen: 106432K->0K(465920K)] [ParOldGen: 1209439K->122004K(1398272K)] 1315871K->122004K(1864192K), [Metaspace: 59719K->59719K(1105920K)], 0.2754699 secs] [Times: user=1.26 sys=0.00, real=0.28 secs] 
6309.258: [GC (Allocation Failure) [PSYoungGen: 232960K->142336K(375808K)] 354964K->264340K(1774080K), 0.0509648 secs] [Times: user=0.30 sys=0.00, real=0.05 secs] 
6311.472: [GC (Allocation Failure) [PSYoungGen: 375296K->119424K(473088K)] 497300K->383656K(1871360K), 0.0797334 secs] [Times: user=0.47 sys=0.00, real=0.08 secs] 
6313.057: [GC (Allocation Failure) [PSYoungGen: 360576K->160K(464896K)] 624808K->264540K(1863168K), 0.0016625 secs] [Times: user=0.01 sys=0.00, real=0.00 secs] 
6314.307: [GC (Allocation Failure) [PSYoungGen: 241312K->150464K(465920K)] 505692K->414860K(1864192K), 0.0300691 secs] [Times: user=0.18 sys=0.00, real=0.03 secs] 
6315.498: [GC (Allocation Failure) [PSYoungGen: 383424K->10080K(465920K)] 647820K->274516K(1864192K), 0.0032353 secs] [Times: user=0.02 sys=0.00, real=0.00 secs] 
6317.073: [GC (Allocation Failure) [PSYoungGen: 243040K->164480K(465920K)] 507476K->437153K(1864192K), 0.0341978 secs] [Times: user=0.20 sys=0.00, real=0.04 secs] 
6318.240: [GC (Allocation Failure) [PSYoungGen: 397440K->99264K(465920K)] 670113K->527317K(1864192K), 0.0686292 secs] [Times: user=0.41 sys=0.00, real=0.07 secs] 
6321.195: [GC (Allocation Failure) [PSYoungGen: 326729K->160352K(465920K)] 754782K->685178K(1864192K), 0.0511073 secs] [Times: user=0.30 sys=0.00, real=0.06 secs] 
6322.460: [GC (Allocation Failure) [PSYoungGen: 393312K->93536K(465920K)] 918138K->770138K(1864192K), 0.0708230 secs] [Times: user=0.42 sys=0.00, real=0.07 secs] 
6324.156: [GC (Allocation Failure) [PSYoungGen: 313724K->157568K(465920K)] 990326K->923970K(1864192K), 0.0493183 secs] [Times: user=0.29 sys=0.00, real=0.04 secs] 
6325.950: [GC (Allocation Failure) [PSYoungGen: 390528K->98368K(331776K)] 1156930K->1013067K(1730048K), 0.0899254 secs] [Times: user=0.54 sys=0.00, real=0.09 secs] 
6327.337: [GC (Allocation Failure) [PSYoungGen: 331328K->166208K(462848K)] 1246027K->1175663K(1861120K), 0.0512268 secs] [Times: user=0.30 sys=0.00, real=0.05 secs] 
6329.393: [GC (Allocation Failure) [PSYoungGen: 396144K->90592K(464384K)] 1405600K->1265619K(1862656K), 0.1711791 secs] [Times: user=1.02 sys=0.00, real=0.17 secs] 
6329.564: [Full GC (Ergonomics) [PSYoungGen: 90592K->0K(464384K)] [ParOldGen: 1175027K->63542K(1398272K)] 1265619K->63542K(1862656K), [Metaspace: 59719K->59719K(1105920K)], 0.1710182 secs] [Times: user=0.79 sys=0.00, real=0.17 secs] 
6330.070: [GC (Allocation Failure) [PSYoungGen: 231424K->168384K(464896K)] 294966K->231926K(1863168K), 0.0339796 secs] [Times: user=0.19 sys=0.00, real=0.03 secs] 
6333.419: [GC (Allocation Failure) [PSYoungGen: 401344K->80608K(465920K)] 464886K->312190K(1864192K), 0.1644254 secs] [Times: user=0.97 sys=0.00, real=0.16 secs] 
6334.210: [GC (Allocation Failure) [PSYoungGen: 313568K->179264K(465920K)] 545150K->485435K(1864192K), 0.0564105 secs] [Times: user=0.34 sys=0.00, real=0.06 secs] 
6337.227: [GC (Allocation Failure) [PSYoungGen: 412224K->82560K(465920K)] 718395K->568159K(1864192K), 0.1537437 secs] [Times: user=0.92 sys=0.00, real=0.15 secs] 
6337.809: [GC (Allocation Failure) [PSYoungGen: 314134K->206272K(465920K)] 799733K->767932K(1864192K), 0.0570129 secs] [Times: user=0.34 sys=0.00, real=0.06 secs] 
6339.964: [GC (Allocation Failure) [PSYoungGen: 439232K->87200K(465920K)] 1000892K->821360K(1864192K), 0.1236424 secs] [Times: user=0.74 sys=0.00, real=0.13 secs] 
6341.508: [GC (Allocation Failure) [PSYoungGen: 320160K->157664K(465920K)] 1054320K->972040K(1864192K), 0.0604246 secs] [Times: user=0.36 sys=0.00, real=0.06 secs] 
6343.130: [GC (Allocation Failure) [PSYoungGen: 390624K->103136K(465920K)] 1205000K->1074828K(1864192K), 0.0933087 secs] [Times: user=0.56 sys=0.00, real=0.09 secs] 
6344.799: [GC (Allocation Failure) [PSYoungGen: 336096K->144320K(465920K)] 1307788K->1208844K(1864192K), 0.0609793 secs] [Times: user=0.36 sys=0.00, real=0.06 secs] 
6347.244: [GC (Allocation Failure) [PSYoungGen: 377280K->121632K(354816K)] 1441804K->1330428K(1753088K), 0.0825062 secs] [Times: user=0.42 sys=0.00, real=0.09 secs] 
6347.327: [Full GC (Ergonomics) [PSYoungGen: 121632K->0K(354816K)] [ParOldGen: 1208796K->137213K(1398272K)] 1330428K->137213K(1753088K), [Metaspace: 59719K->59719K(1105920K)], 0.3088374 secs] [Times: user=1.41 sys=0.00, real=0.30 secs] 
6348.793: [GC (Allocation Failure) [PSYoungGen: 232960K->126880K(472576K)] 370173K->264093K(1870848K), 0.0453886 secs] [Times: user=0.27 sys=0.00, real=0.05 secs] 
6351.194: [GC (Allocation Failure) [PSYoungGen: 369568K->143584K(462848K)] 506781K->407425K(1861120K), 0.0716776 secs] [Times: user=0.42 sys=0.00, real=0.07 secs] 
6352.419: [GC (Allocation Failure) [PSYoungGen: 386272K->8672K(453632K)] 650113K->272561K(1851904K), 0.0029384 secs] [Times: user=0.02 sys=0.00, real=0.00 secs] 
6354.363: [GC (Allocation Failure) [PSYoungGen: 245728K->166880K(465408K)] 509617K->437286K(1863680K), 0.0343344 secs] [Times: user=0.20 sys=0.00, real=0.04 secs] 
6355.507: [GC (Allocation Failure) [PSYoungGen: 403936K->101312K(464896K)] 674342K->529450K(1863168K), 0.0692226 secs] [Times: user=0.41 sys=0.01, real=0.07 secs] 
6357.802: [GC (Allocation Failure) [PSYoungGen: 338880K->167712K(465408K)] 767018K->693551K(1863680K), 0.0525373 secs] [Times: user=0.31 sys=0.00, real=0.05 secs] 
6360.051: [GC (Allocation Failure) [PSYoungGen: 405280K->95008K(466944K)] 931119K->787887K(1865216K), 0.1703608 secs] [Times: user=1.00 sys=0.01, real=0.17 secs] 
6360.848: [GC (Allocation Failure) [PSYoungGen: 332064K->175904K(465920K)] 1024943K->960204K(1864192K), 0.0590586 secs] [Times: user=0.35 sys=0.00, real=0.06 secs] 
6364.986: [GC (Allocation Failure) [PSYoungGen: 412960K->80640K(465920K)] 1197260K->1040988K(1864192K), 0.1886185 secs] [Times: user=1.12 sys=0.00, real=0.18 secs] 
6365.460: [GC (Allocation Failure) [PSYoungGen: 313600K->176384K(465920K)] 1273948K->1211553K(1864192K), 0.0574375 secs] [Times: user=0.35 sys=0.00, real=0.06 secs] 
6368.746: [GC (Allocation Failure) [PSYoungGen: 409344K->79744K(465920K)] 1444513K->1291321K(1864192K), 0.1342125 secs] [Times: user=0.80 sys=0.00, real=0.13 secs] 
6368.880: [Full GC (Ergonomics) [PSYoungGen: 79744K->0K(465920K)] [ParOldGen: 1211577K->90086K(1398272K)] 1291321K->90086K(1864192K), [Metaspace: 59719K->59719K(1105920K)], 0.2153192 secs] [Times: user=0.99 sys=0.00, real=0.21 secs] 
6369.631: [GC (Allocation Failure) [PSYoungGen: 231677K->205664K(465920K)] 321764K->295750K(1864192K), 0.0382801 secs] [Times: user=0.22 sys=0.01, real=0.04 secs] 
6372.153: [GC (Allocation Failure) [PSYoungGen: 438624K->93024K(465920K)] 528710K->353662K(1864192K), 0.1149723 secs] [Times: user=0.68 sys=0.00, real=0.12 secs] 
6373.462: [GC (Allocation Failure) [PSYoungGen: 325984K->151168K(465920K)] 586622K->498255K(1864192K), 0.0602557 secs] [Times: user=0.36 sys=0.00, real=0.06 secs] 
6375.984: [GC (Allocation Failure) [PSYoungGen: 384128K->104064K(465920K)] 731215K->602523K(1864192K), 0.0973545 secs] [Times: user=0.58 sys=0.00, real=0.10 secs] 
6377.375: [GC (Allocation Failure) [PSYoungGen: 337024K->144960K(465920K)] 835483K->736502K(1864192K), 0.0607795 secs] [Times: user=0.36 sys=0.00, real=0.06 secs] 
6379.112: [GC (Allocation Failure) [PSYoungGen: 377920K->120352K(454656K)] 969462K->856790K(1852928K), 0.0761495 secs] [Times: user=0.45 sys=0.00, real=0.08 secs] 
6380.365: [GC (Allocation Failure) [PSYoungGen: 353312K->127296K(460288K)] 1089750K->973581K(1858560K), 0.0623501 secs] [Times: user=0.37 sys=0.00, real=0.07 secs] 
6381.755: [GC (Allocation Failure) [PSYoungGen: 360256K->143616K(468480K)] 1206541K->1117349K(1866752K), 0.0621282 secs] [Times: user=0.36 sys=0.00, real=0.07 secs] 
6382.987: [GC (Allocation Failure) [PSYoungGen: 396544K->13120K(467456K)] 1370277K->986901K(1865728K), 0.0045785 secs] [Times: user=0.02 sys=0.00, real=0.00 secs] 
6385.222: [GC (Allocation Failure) [PSYoungGen: 257945K->172064K(458752K)] 1231727K->1156522K(1857024K), 0.0374065 secs] [Times: user=0.22 sys=0.00, real=0.04 secs] 
6386.591: [GC (Allocation Failure) [PSYoungGen: 405024K->93792K(465920K)] 1389482K->1241506K(1864192K), 0.1008294 secs] [Times: user=0.60 sys=0.00, real=0.10 secs] 
6386.692: [Full GC (Ergonomics) [PSYoungGen: 93792K->0K(465920K)] [ParOldGen: 1147714K->45339K(1398272K)] 1241506K->45339K(1864192K), [Metaspace: 59719K->59719K(1105920K)], 0.0879024 secs] [Times: user=0.35 sys=0.00, real=0.09 secs] 
6388.575: [GC (Allocation Failure) [PSYoungGen: 232960K->166208K(461824K)] 278299K->211547K(1860096K), 0.0357510 secs] [Times: user=0.20 sys=0.01, real=0.04 secs] 
6391.004: [GC (Allocation Failure) [PSYoungGen: 399168K->87456K(465920K)] 444507K->298351K(1864192K), 0.1588782 secs] [Times: user=0.95 sys=0.01, real=0.16 secs] 
6392.484: [GC (Allocation Failure) [PSYoungGen: 320416K->166592K(463360K)] 531311K->460824K(1861632K), 0.0550373 secs] [Times: user=0.32 sys=0.01, real=0.06 secs] 
6394.824: [GC (Allocation Failure) [PSYoungGen: 397533K->84512K(465920K)] 691766K->545056K(1864192K), 0.1498082 secs] [Times: user=0.89 sys=0.00, real=0.15 secs] 
6395.543: [GC (Allocation Failure) [PSYoungGen: 317472K->173152K(465408K)] 778016K->714045K(1863680K), 0.0561662 secs] [Times: user=0.33 sys=0.00, real=0.06 secs] 
6398.715: [GC (Allocation Failure) [PSYoungGen: 406112K->85888K(465920K)] 947005K->799925K(1864192K), 0.1495792 secs] [Times: user=0.89 sys=0.00, real=0.15 secs] 
6399.157: [GC (Allocation Failure) [PSYoungGen: 318848K->177152K(465920K)] 1032885K->971142K(1864192K), 0.0583943 secs] [Times: user=0.35 sys=0.00, real=0.05 secs] 
6402.067: [GC (Allocation Failure) [PSYoungGen: 410112K->85344K(465920K)] 1204102K->1056350K(1864192K), 0.1268873 secs] [Times: user=0.76 sys=0.00, real=0.12 secs] 
6403.341: [GC (Allocation Failure) [PSYoungGen: 318304K->161728K(465920K)] 1289310K->1211303K(1864192K), 0.0612110 secs] [Times: user=0.36 sys=0.00, real=0.06 secs] 
6405.676: [GC (Allocation Failure) [PSYoungGen: 392189K->93344K(465920K)] 1441764K->1304427K(1864192K), 0.1090968 secs] [Times: user=0.65 sys=0.00, real=0.10 secs] 
6405.786: [Full GC (Ergonomics) [PSYoungGen: 93344K->0K(465920K)] [ParOldGen: 1211083K->109064K(1398272K)] 1304427K->109064K(1864192K), [Metaspace: 59719K->59719K(1105920K)], 0.2527007 secs] [Times: user=1.16 sys=0.00, real=0.26 secs] 
6407.174: [GC (Allocation Failure) [PSYoungGen: 232960K->151072K(465920K)] 342024K->260136K(1864192K), 0.0431946 secs] [Times: user=0.26 sys=0.00, real=0.05 secs] 
6409.276: [GC (Allocation Failure) [PSYoungGen: 384032K->104128K(337408K)] 493096K->364368K(1735680K), 0.0930606 secs] [Times: user=0.55 sys=0.00, real=0.10 secs] 
6410.566: [GC (Allocation Failure) [PSYoungGen: 337088K->144608K(464896K)] 597328K->497969K(1863168K), 0.0604009 secs] [Times: user=0.36 sys=0.00, real=0.07 secs] 
6411.988: [GC (Allocation Failure) [PSYoungGen: 380640K->125216K(361472K)] 734001K->622969K(1759744K), 0.0774538 secs] [Times: user=0.46 sys=0.00, real=0.07 secs] 
6414.015: [GC (Allocation Failure) [PSYoungGen: 361248K->1888K(448000K)] 859001K->499673K(1846272K), 0.0020088 secs] [Times: user=0.01 sys=0.00, real=0.01 secs] 
6415.598: [GC (Allocation Failure) [PSYoungGen: 233824K->147584K(460288K)] 731609K->646166K(1858560K), 0.0314667 secs] [Times: user=0.19 sys=0.00, real=0.03 secs] 
6417.356: [GC (Allocation Failure) [PSYoungGen: 379520K->5504K(462336K)] 878102K->504270K(1860608K), 0.0022854 secs] [Times: user=0.02 sys=0.00, real=0.00 secs] 
6419.177: [GC (Allocation Failure) [PSYoungGen: 238464K->166080K(465920K)] 737230K->668645K(1864192K), 0.0319580 secs] [Times: user=0.18 sys=0.01, real=0.03 secs] 
6420.345: [GC (Allocation Failure) [PSYoungGen: 399040K->105248K(465920K)] 901605K->756265K(1864192K), 0.0668225 secs] [Times: user=0.40 sys=0.00, real=0.07 secs] 
6421.865: [GC (Allocation Failure) [PSYoungGen: 334978K->166208K(465920K)] 985996K->920350K(1864192K), 0.0541638 secs] [Times: user=0.32 sys=0.01, real=0.06 secs] 
6423.517: [GC (Allocation Failure) [PSYoungGen: 399168K->94752K(465920K)] 1153310K->1006226K(1864192K), 0.0750922 secs] [Times: user=0.45 sys=0.00, real=0.07 secs] 
6424.854: [GC (Allocation Failure) [PSYoungGen: 327712K->171424K(465920K)] 1239186K->1174039K(1864192K), 0.0508100 secs] [Times: user=0.30 sys=0.00, real=0.05 secs] 
6427.079: [GC (Allocation Failure) [PSYoungGen: 403220K->88256K(465920K)] 1405836K->1262087K(1864192K), 0.1369706 secs] [Times: user=0.82 sys=0.00, real=0.14 secs] 
6427.216: [Full GC (Ergonomics) [PSYoungGen: 88256K->0K(465920K)] [ParOldGen: 1173831K->63750K(1398272K)] 1262087K->63750K(1864192K), [Metaspace: 59719K->59719K(1105920K)], 0.1599998 secs] [Times: user=0.72 sys=0.01, real=0.16 secs] 
6428.541: [GC (Allocation Failure) [PSYoungGen: 232960K->165056K(465920K)] 296710K->228807K(1864192K), 0.0331449 secs] [Times: user=0.19 sys=0.00, real=0.03 secs] 
6431.554: [GC (Allocation Failure) [PSYoungGen: 398016K->81440K(465920K)] 461767K->309915K(1864192K), 0.1655852 secs] [Times: user=0.99 sys=0.00, real=0.17 secs] 
6432.745: [GC (Allocation Failure) [PSYoungGen: 314400K->174976K(465920K)] 542875K->478507K(1864192K), 0.0553841 secs] [Times: user=0.33 sys=0.00, real=0.06 secs] 
6435.547: [GC (Allocation Failure) [PSYoungGen: 407936K->90112K(465920K)] 711467K->568307K(1864192K), 0.1642151 secs] [Times: user=0.98 sys=0.00, real=0.16 secs] 
6435.973: [GC (Allocation Failure) [PSYoungGen: 323072K->173952K(465920K)] 801267K->732248K(1864192K), 0.0580032 secs] [Times: user=0.34 sys=0.00, real=0.06 secs] 
6439.207: [GC (Allocation Failure) [PSYoungGen: 406912K->85824K(465920K)] 965208K->817504K(1864192K), 0.1231326 secs] [Times: user=0.74 sys=0.00, real=0.12 secs] 
6440.827: [GC (Allocation Failure) [PSYoungGen: 318784K->161152K(465920K)] 1050464K->971837K(1864192K), 0.0612763 secs] [Times: user=0.36 sys=0.00, real=0.06 secs] 
6443.276: [GC (Allocation Failure) [PSYoungGen: 388757K->93408K(465920K)] 1199442K->1065509K(1864192K), 0.1028908 secs] [Times: user=0.61 sys=0.00, real=0.11 secs] 
6445.052: [GC (Allocation Failure) [PSYoungGen: 326368K->150560K(465920K)] 1298469K->1209186K(1864192K), 0.0605763 secs] [Times: user=0.36 sys=0.00, real=0.06 secs] 
6446.282: [GC (Allocation Failure) [PSYoungGen: 383520K->110720K(456704K)] 1442146K->1320098K(1854976K), 0.0882372 secs] [Times: user=0.52 sys=0.01, real=0.09 secs] 
6446.371: [Full GC (Ergonomics) [PSYoungGen: 110720K->0K(456704K)] [ParOldGen: 1209378K->126845K(1398272K)] 1320098K->126845K(1854976K), [Metaspace: 59719K->59719K(1105920K)], 0.2777712 secs] [Times: user=1.27 sys=0.00, real=0.28 secs] 
6447.769: [GC (Allocation Failure) [PSYoungGen: 232960K->137920K(461312K)] 359805K->264765K(1859584K), 0.0505780 secs] [Times: user=0.30 sys=0.00, real=0.05 secs] 
6449.220: [GC (Allocation Failure) [PSYoungGen: 370880K->127616K(453632K)] 497725K->392177K(1851904K), 0.0813984 secs] [Times: user=0.48 sys=0.00, real=0.08 secs] 
6451.025: [GC (Allocation Failure) [PSYoungGen: 374912K->2496K(461824K)] 639473K->267109K(1860096K), 0.0019202 secs] [Times: user=0.01 sys=0.00, real=0.01 secs] 
6452.659: [GC (Allocation Failure) [PSYoungGen: 249792K->164640K(459264K)] 514405K->430170K(1857536K), 0.0322157 secs] [Times: user=0.19 sys=0.00, real=0.03 secs] 
6453.831: [GC (Allocation Failure) [PSYoungGen: 397600K->17952K(465920K)] 663130K->283634K(1864192K), 0.0047282 secs] [Times: user=0.03 sys=0.00, real=0.00 secs] 
6456.102: [GC (Allocation Failure) [PSYoungGen: 250665K->167424K(465920K)] 516347K->448031K(1864192K), 0.0366474 secs] [Times: user=0.22 sys=0.00, real=0.04 secs] 
6457.255: [GC (Allocation Failure) [PSYoungGen: 400384K->97952K(465920K)] 680991K->537363K(1864192K), 0.0694364 secs] [Times: user=0.41 sys=0.00, real=0.07 secs] 
6459.641: [GC (Allocation Failure) [PSYoungGen: 315559K->153184K(465920K)] 754971K->686752K(1864192K), 0.0485607 secs] [Times: user=0.29 sys=0.00, real=0.05 secs] 
6460.901: [GC (Allocation Failure) [PSYoungGen: 386144K->100128K(333312K)] 919712K->777672K(1731584K), 0.0691002 secs] [Times: user=0.41 sys=0.00, real=0.07 secs] 
6461.654: [GC (Allocation Failure) [PSYoungGen: 333088K->169664K(461824K)] 1010632K->943393K(1860096K), 0.0522958 secs] [Times: user=0.31 sys=0.00, real=0.06 secs] 
6464.349: [GC (Allocation Failure) [PSYoungGen: 400576K->85952K(463872K)] 1174305K->1028705K(1862144K), 0.1604421 secs] [Times: user=0.96 sys=0.00, real=0.16 secs] 
6465.311: [GC (Allocation Failure) [PSYoungGen: 316864K->166208K(465920K)] 1259617K->1190898K(1864192K), 0.0563574 secs] [Times: user=0.33 sys=0.00, real=0.06 secs] 
6468.021: [GC (Allocation Failure) [PSYoungGen: 399168K->85504K(465920K)] 1423858K->1275778K(1864192K), 0.1637718 secs] [Times: user=0.97 sys=0.01, real=0.16 secs] 
6468.185: [Full GC (Ergonomics) [PSYoungGen: 85504K->0K(465920K)] [ParOldGen: 1190274K->73098K(1398272K)] 1275778K->73098K(1864192K), [Metaspace: 59730K->59730K(1105920K)], 0.1910195 secs] [Times: user=0.89 sys=0.00, real=0.20 secs] 
6468.854: [GC (Allocation Failure) [PSYoungGen: 232960K->179232K(465920K)] 306058K->252330K(1864192K), 0.0383472 secs] [Times: user=0.22 sys=0.00, real=0.04 secs] 
6472.277: [GC (Allocation Failure) [PSYoungGen: 412192K->79392K(465920K)] 485290K->331954K(1864192K), 0.1608688 secs] [Times: user=0.95 sys=0.01, real=0.16 secs] 
6472.824: [GC (Allocation Failure) [PSYoungGen: 310756K->206752K(465920K)] 563318K->532397K(1864192K), 0.0566060 secs] [Times: user=0.34 sys=0.00, real=0.06 secs] 
6475.598: [GC (Allocation Failure) [PSYoungGen: 439712K->84576K(465920K)] 765357K->582849K(1864192K), 0.1359213 secs] [Times: user=0.80 sys=0.00, real=0.13 secs] 
6476.917: [GC (Allocation Failure) [PSYoungGen: 317536K->160096K(465920K)] 815809K->735838K(1864192K), 0.0595366 secs] [Times: user=0.35 sys=0.00, real=0.06 secs] 
6478.640: [GC (Allocation Failure) [PSYoungGen: 393056K->102912K(465920K)] 968798K->839006K(1864192K), 0.1015196 secs] [Times: user=0.60 sys=0.00, real=0.10 secs] 
6480.603: [GC (Allocation Failure) [PSYoungGen: 335872K->145408K(465920K)] 1071966K->973561K(1864192K), 0.0604414 secs] [Times: user=0.36 sys=0.00, real=0.06 secs] 
6483.041: [GC (Allocation Failure) [PSYoungGen: 378368K->120800K(353792K)] 1206521K->1094313K(1752064K), 0.0800174 secs] [Times: user=0.47 sys=0.00, real=0.08 secs] 
6484.279: [GC (Allocation Failure) [PSYoungGen: 353760K->128160K(474624K)] 1327273K->1211362K(1872896K), 0.0631143 secs] [Times: user=0.37 sys=0.00, real=0.06 secs] 
6486.914: [GC (Allocation Failure) [PSYoungGen: 370848K->146304K(389120K)] 1454050K->1357458K(1787392K), 0.0628399 secs] [Times: user=0.37 sys=0.00, real=0.07 secs] 
6486.977: [Full GC (Ergonomics) [PSYoungGen: 146304K->0K(389120K)] [ParOldGen: 1211154K->160121K(1398272K)] 1357458K->160121K(1787392K), [Metaspace: 59730K->59730K(1105920K)], 0.3663456 secs] [Times: user=1.66 sys=0.00, real=0.36 secs] 
6488.932: [GC (Allocation Failure) [PSYoungGen: 242688K->108160K(470016K)] 402809K->268281K(1868288K), 0.0388789 secs] [Times: user=0.22 sys=0.00, real=0.04 secs] 
6491.228: [GC (Allocation Failure) [PSYoungGen: 358528K->175264K(464384K)] 518649K->441878K(1862656K), 0.0608593 secs] [Times: user=0.32 sys=0.00, real=0.06 secs] 
6493.115: [GC (Allocation Failure) [PSYoungGen: 425632K->107200K(479744K)] 692246K->539966K(1878016K), 0.1869456 secs] [Times: user=1.11 sys=0.00, real=0.19 secs] 
6494.363: [GC (Allocation Failure) [PSYoungGen: 364736K->185856K(443904K)] 797502K->722063K(1842176K), 0.0555584 secs] [Times: user=0.33 sys=0.01, real=0.06 secs] 
6497.513: [GC (Allocation Failure) [PSYoungGen: 443392K->106080K(473088K)] 979599K->827799K(1871360K), 0.1145692 secs] [Times: user=0.68 sys=0.00, real=0.12 secs] 
6498.873: [GC (Allocation Failure) [PSYoungGen: 348768K->155264K(398336K)] 1070487K->976640K(1796608K), 0.0653877 secs] [Times: user=0.39 sys=0.01, real=0.07 secs] 
6501.621: [GC (Allocation Failure) [PSYoungGen: 397952K->114208K(473600K)] 1219328K->1090872K(1871872K), 0.0888068 secs] [Times: user=0.53 sys=0.00, real=0.09 secs] 
6502.956: [GC (Allocation Failure) [PSYoungGen: 362528K->1856K(250368K)] 1339192K->978564K(1648640K), 0.0028107 secs] [Times: user=0.01 sys=0.00, real=0.00 secs] 
6504.811: [GC (Allocation Failure) [PSYoungGen: 250176K->160544K(465920K)] 1226884K->1137833K(1864192K), 0.0322094 secs] [Times: user=0.19 sys=0.00, real=0.03 secs] 
6506.009: [GC (Allocation Failure) [PSYoungGen: 393504K->15200K(465920K)] 1370793K->992645K(1864192K), 0.0057660 secs] [Times: user=0.03 sys=0.00, real=0.00 secs] 
6507.943: [GC (Allocation Failure) [PSYoungGen: 248160K->166880K(465920K)] 1225605K->1156738K(1864192K), 0.0365727 secs] [Times: user=0.22 sys=0.00, real=0.04 secs] 
6509.269: [GC (Allocation Failure) [PSYoungGen: 399840K->101664K(465920K)] 1389698K->1249298K(1864192K), 0.0738377 secs] [Times: user=0.44 sys=0.00, real=0.07 secs] 
6509.343: [Full GC (Ergonomics) [PSYoungGen: 101664K->0K(465920K)] [ParOldGen: 1147634K->47725K(1398272K)] 1249298K->47725K(1864192K), [Metaspace: 59730K->59730K(1105920K)], 0.0971390 secs] [Times: user=0.39 sys=0.00, real=0.10 secs] 
6510.807: [GC (Allocation Failure) [PSYoungGen: 232960K->162688K(465920K)] 280685K->210413K(1864192K), 0.0346072 secs] [Times: user=0.21 sys=0.00, real=0.03 secs] 
6513.323: [GC (Allocation Failure) [PSYoungGen: 395648K->89824K(465920K)] 443373K->299101K(1864192K), 0.1711446 secs] [Times: user=1.02 sys=0.00, real=0.17 secs] 
6514.508: [GC (Allocation Failure) [PSYoungGen: 322784K->170336K(465920K)] 532061K->465098K(1864192K), 0.0550497 secs] [Times: user=0.32 sys=0.00, real=0.05 secs] 
6517.169: [GC (Allocation Failure) [PSYoungGen: 403296K->83392K(465920K)] 698058K->548398K(1864192K), 0.1403688 secs] [Times: user=0.83 sys=0.00, real=0.14 secs] 
6518.134: [GC (Allocation Failure) [PSYoungGen: 316352K->172672K(465920K)] 781358K->714931K(1864192K), 0.0554119 secs] [Times: user=0.33 sys=0.00, real=0.06 secs] 
6521.541: [GC (Allocation Failure) [PSYoungGen: 405632K->86144K(465920K)] 947891K->800487K(1864192K), 0.1548342 secs] [Times: user=0.92 sys=0.00, real=0.15 secs] 
6522.207: [GC (Allocation Failure) [PSYoungGen: 319104K->175584K(465920K)] 1033447K->970078K(1864192K), 0.0922943 secs] [Times: user=0.55 sys=0.00, real=0.09 secs] 
6524.399: [GC (Allocation Failure) [PSYoungGen: 408544K->89856K(465920K)] 1203038K->1059666K(1864192K), 0.1150224 secs] [Times: user=0.68 sys=0.00, real=0.11 secs] 
6526.201: [GC (Allocation Failure) [PSYoungGen: 322816K->155840K(465920K)] 1292626K->1209206K(1864192K), 0.0610199 secs] [Times: user=0.37 sys=0.00, real=0.06 secs] 
6527.879: [GC (Allocation Failure) [PSYoungGen: 388800K->97568K(465920K)] 1442166K->1306542K(1864192K), 0.0895529 secs] [Times: user=0.53 sys=0.01, real=0.09 secs] 
6527.968: [Full GC (Ergonomics) [PSYoungGen: 97568K->0K(465920K)] [ParOldGen: 1208974K->111671K(1398272K)] 1306542K->111671K(1864192K), [Metaspace: 59730K->59730K(1105920K)], 0.2458920 secs] [Times: user=1.10 sys=0.00, real=0.24 secs] 
6529.741: [GC (Allocation Failure) [PSYoungGen: 232960K->150784K(465920K)] 344631K->262455K(1864192K), 0.0557833 secs] [Times: user=0.33 sys=0.00, real=0.06 secs] 
6530.548: [GC (Allocation Failure) [PSYoungGen: 383744K->118720K(351744K)] 495415K->381475K(1750016K), 0.0761969 secs] [Times: user=0.45 sys=0.00, real=0.07 secs] 
6532.209: [GC (Allocation Failure) [PSYoungGen: 351680K->129216K(467968K)] 614435K->500186K(1866240K), 0.0642613 secs] [Times: user=0.36 sys=0.00, real=0.06 secs] 
6533.887: [GC (Allocation Failure) [PSYoungGen: 370880K->144224K(459264K)] 741850K->644442K(1857536K), 0.0831330 secs] [Times: user=0.49 sys=0.00, real=0.08 secs] 
6535.900: [GC (Allocation Failure) [PSYoungGen: 385888K->5280K(458752K)] 886106K->505530K(1857024K), 0.0026422 secs] [Times: user=0.02 sys=0.00, real=0.00 secs] 
6536.997: [GC (Allocation Failure) [PSYoungGen: 248480K->174720K(418304K)] 748730K->679139K(1816576K), 0.0427861 secs] [Times: user=0.25 sys=0.00, real=0.04 secs] 
6538.727: [GC (Allocation Failure) [PSYoungGen: 417920K->99776K(468480K)] 922339K->770779K(1866752K), 0.0711293 secs] [Times: user=0.42 sys=0.00, real=0.07 secs] 
6541.433: [GC (Allocation Failure) [PSYoungGen: 335296K->164640K(465920K)] 1006299K->931368K(1864192K), 0.0515205 secs] [Times: user=0.31 sys=0.00, real=0.05 secs] 
6542.766: [GC (Allocation Failure) [PSYoungGen: 400160K->94144K(464896K)] 1166888K->1024808K(1863168K), 0.0803923 secs] [Times: user=0.43 sys=0.00, real=0.08 secs] 
6543.170: [GC (Allocation Failure) [PSYoungGen: 329664K->168064K(465408K)] 1260328K->1189165K(1863680K), 0.0566119 secs] [Times: user=0.33 sys=0.00, real=0.06 secs] 
6544.497: [GC (Allocation Failure) [PSYoungGen: 403584K->90240K(467456K)] 1424685K->1278701K(1865728K), 0.0824716 secs] [Times: user=0.48 sys=0.01, real=0.08 secs] 
6544.579: [Full GC (Ergonomics) [PSYoungGen: 90240K->0K(467456K)] [ParOldGen: 1188461K->77051K(1398272K)] 1278701K->77051K(1865728K), [Metaspace: 59731K->59731K(1105920K)], 0.1656439 secs] [Times: user=0.71 sys=0.00, real=0.16 secs] 
6544.981: [GC (Allocation Failure) [PSYoungGen: 234496K->192896K(465920K)] 311547K->269947K(1864192K), 0.0386031 secs] [Times: user=0.22 sys=0.00, real=0.04 secs] 
Heap
 PSYoungGen      total 465920K, used 297226K [0x00000000d5580000, 0x0000000100000000, 0x0000000100000000)
  eden space 23449