5.278: [GC (Allocation Failure) [PSYoungGen: 128000K->12536K(148992K)] 128000K->12616K(488960K), 0.0148655 secs] [Times: user=0.03 sys=0.00, real=0.01 secs] 
5.739: [GC (Metadata GC Threshold) [PSYoungGen: 48931K->6027K(148992K)] 49011K->6123K(488960K), 0.0046422 secs] [Times: user=0.02 sys=0.00, real=0.00 secs] 
5.744: [Full GC (Metadata GC Threshold) [PSYoungGen: 6027K->0K(148992K)] [ParOldGen: 96K->5922K(134144K)] 6123K->5922K(283136K), [Metaspace: 20459K->20459K(1067008K)], 0.0194745 secs] [Times: user=0.05 sys=0.01, real=0.02 secs] 
7.211: [GC (Allocation Failure) [PSYoungGen: 128000K->9972K(148992K)] 133922K->15903K(283136K), 0.0043116 secs] [Times: user=0.01 sys=0.00, real=0.00 secs] 
7.813: [GC (Metadata GC Threshold) [PSYoungGen: 39283K->4624K(148992K)] 45214K->10562K(283136K), 0.0053988 secs] [Times: user=0.03 sys=0.00, real=0.01 secs] 
7.819: [Full GC (Metadata GC Threshold) [PSYoungGen: 4624K->0K(148992K)] [ParOldGen: 5938K->8873K(217600K)] 10562K->8873K(366592K), [Metaspace: 33732K->33732K(1079296K)], 0.0340259 secs] [Times: user=0.10 sys=0.00, real=0.03 secs] 
9.283: [GC (Allocation Failure) [PSYoungGen: 128000K->13302K(148992K)] 136873K->22183K(366592K), 0.0052274 secs] [Times: user=0.02 sys=0.00, real=0.01 secs] 
10.239: [GC (Allocation Failure) [PSYoungGen: 141302K->16363K(166912K)] 150183K->60028K(384512K), 0.0103815 secs] [Times: user=0.04 sys=0.02, real=0.01 secs] 
11.566: [GC (Allocation Failure) [PSYoungGen: 166891K->37520K(189440K)] 210556K->113960K(407040K), 0.0114643 secs] [Times: user=0.05 sys=0.01, real=0.01 secs] 
12.770: [GC (Allocation Failure) [PSYoungGen: 188048K->37536K(256000K)] 264488K->179520K(473600K), 0.0120790 secs] [Times: user=0.06 sys=0.01, real=0.01 secs] 
13.358: [GC (Allocation Failure) [PSYoungGen: 246906K->51175K(260608K)] 388891K->332864K(542720K), 0.0261344 secs] [Times: user=0.07 sys=0.03, real=0.03 secs] 
13.384: [Full GC (Ergonomics) [PSYoungGen: 51175K->0K(260608K)] [ParOldGen: 281689K->263889K(619520K)] 332864K->263889K(880128K), [Metaspace: 52537K->52537K(1097728K)], 0.0627314 secs] [Times: user=0.26 sys=0.00, real=0.06 secs] 
13.719: [GC (Allocation Failure) [PSYoungGen: 209408K->116666K(385024K)] 473297K->429908K(1004544K), 0.0197855 secs] [Times: user=0.02 sys=0.01, real=0.02 secs] 
14.058: [GC (Allocation Failure) [PSYoungGen: 384954K->137197K(405504K)] 698196K->525369K(1025024K), 0.0243110 secs] [Times: user=0.02 sys=0.01, real=0.03 secs] 
15.735: [GC (Allocation Failure) [PSYoungGen: 405485K->82082K(538624K)] 793657K->470262K(1158144K), 0.0184533 secs] [Times: user=0.03 sys=0.02, real=0.02 secs] 
17.162: [GC (Allocation Failure) [PSYoungGen: 459426K->160242K(537600K)] 847606K->589951K(1157120K), 0.0225380 secs] [Times: user=0.03 sys=0.00, real=0.02 secs] 
17.922: [GC (Allocation Failure) [PSYoungGen: 537586K->161232K(414720K)] 967295K->713199K(1034240K), 0.0480414 secs] [Times: user=0.04 sys=0.01, real=0.05 secs] 
17.970: [Full GC (Ergonomics) [PSYoungGen: 161232K->0K(414720K)] [ParOldGen: 551966K->327452K(750080K)] 713199K->327452K(1164800K), [Metaspace: 53023K->53023K(1097728K)], 0.0622298 secs] [Times: user=0.25 sys=0.01, real=0.06 secs] 
19.762: [GC (Allocation Failure) [PSYoungGen: 253440K->98665K(476160K)] 580892K->426118K(1226240K), 0.0092806 secs] [Times: user=0.05 sys=0.00, real=0.01 secs] 
21.023: [GC (Allocation Failure) [PSYoungGen: 352105K->215035K(448000K)] 679558K->560360K(1198080K), 0.0185841 secs] [Times: user=0.09 sys=0.00, real=0.02 secs] 
21.336: [GC (Allocation Failure) [PSYoungGen: 447995K->185201K(465920K)] 793320K->728548K(1216000K), 0.0321919 secs] [Times: user=0.10 sys=0.00, real=0.03 secs] 
21.686: [GC (Allocation Failure) [PSYoungGen: 418161K->184269K(465920K)] 961508K->728026K(1216000K), 0.0200258 secs] [Times: user=0.03 sys=0.00, real=0.02 secs] 
24.175: [GC (Allocation Failure) [PSYoungGen: 406492K->93331K(465920K)] 950249K->637232K(1216000K), 0.0247683 secs] [Times: user=0.05 sys=0.00, real=0.03 secs] 
25.191: [GC (Allocation Failure) [PSYoungGen: 326291K->38134K(465920K)] 870192K->582343K(1216000K), 0.0063008 secs] [Times: user=0.01 sys=0.00, real=0.00 secs] 
25.475: [GC (Allocation Failure) [PSYoungGen: 271094K->183819K(465920K)] 815303K->729282K(1216000K), 0.0200198 secs] [Times: user=0.03 sys=0.00, real=0.02 secs] 
25.761: [GC (Allocation Failure) [PSYoungGen: 416779K->183916K(465920K)] 962242K->729788K(1216000K), 0.0200789 secs] [Times: user=0.02 sys=0.00, real=0.02 secs] 
27.893: [GC (Allocation Failure) [PSYoungGen: 406813K->92897K(465920K)] 952685K->638906K(1216000K), 0.0199081 secs] [Times: user=0.04 sys=0.00, real=0.02 secs] 
29.441: [GC (Allocation Failure) [PSYoungGen: 325857K->38066K(465920K)] 871866K->584407K(1216000K), 0.0071387 secs] [Times: user=0.01 sys=0.00, real=0.00 secs] 
29.738: [GC (Allocation Failure) [PSYoungGen: 271026K->183562K(465920K)] 817367K->731285K(1216000K), 0.0202442 secs] [Times: user=0.03 sys=0.00, real=0.03 secs] 
30.086: [GC (Allocation Failure) [PSYoungGen: 416522K->183916K(465920K)] 964245K->731799K(1216000K), 0.0203049 secs] [Times: user=0.02 sys=0.00, real=0.02 secs] 
30.752: [GC (Allocation Failure) [PSYoungGen: 406337K->93315K(465920K)] 954220K->641479K(1216000K), 0.0121351 secs] [Times: user=0.03 sys=0.00, real=0.01 secs] 
31.562: [GC (Allocation Failure) [PSYoungGen: 326275K->38163K(465920K)] 874439K->586647K(1216000K), 0.0053864 secs] [Times: user=0.02 sys=0.00, real=0.00 secs] 
31.890: [GC (Allocation Failure) [PSYoungGen: 271123K->184944K(465920K)] 819607K->734682K(1216000K), 0.0201478 secs] [Times: user=0.03 sys=0.00, real=0.02 secs] 
32.177: [GC (Allocation Failure) [PSYoungGen: 417904K->184558K(465920K)] 967642K->734577K(1216000K), 0.0202951 secs] [Times: user=0.03 sys=0.00, real=0.02 secs] 
33.186: [GC (Allocation Failure) [PSYoungGen: 409362K->91130K(465920K)] 959381K->641414K(1216000K), 0.0118403 secs] [Times: user=0.02 sys=0.00, real=0.02 secs] 
34.221: [GC (Allocation Failure) [PSYoungGen: 324090K->38163K(465920K)] 874374K->588757K(1216000K), 0.0081340 secs] [Times: user=0.02 sys=0.00, real=0.01 secs] 
34.545: [GC (Allocation Failure) [PSYoungGen: 271123K->183948K(465920K)] 821717K->735795K(1216000K), 0.0201192 secs] [Times: user=0.02 sys=0.00, real=0.02 secs] 
34.827: [GC (Allocation Failure) [PSYoungGen: 416908K->184173K(465920K)] 968755K->736301K(1216000K), 0.0200924 secs] [Times: user=0.03 sys=0.00, real=0.02 secs] 
36.696: [GC (Allocation Failure) [PSYoungGen: 406520K->92528K(465920K)] 958649K->645058K(1216000K), 0.0190021 secs] [Times: user=0.04 sys=0.00, real=0.02 secs] 
38.366: [GC (Allocation Failure) [PSYoungGen: 325488K->37877K(465920K)] 878018K->590597K(1216000K), 0.0063474 secs] [Times: user=0.01 sys=0.00, real=0.01 secs] 
38.645: [GC (Allocation Failure) [PSYoungGen: 270837K->184173K(465920K)] 823557K->738138K(1216000K), 0.0202610 secs] [Times: user=0.03 sys=0.00, real=0.02 secs] 
38.930: [GC (Allocation Failure) [PSYoungGen: 417133K->184558K(465920K)] 971098K->738933K(1216000K), 0.0200943 secs] [Times: user=0.02 sys=0.00, real=0.02 secs] 
40.574: [GC (Allocation Failure) [PSYoungGen: 405860K->92158K(465920K)] 960235K->646678K(1216000K), 0.0165977 secs] [Times: user=0.03 sys=0.00, real=0.02 secs] 
41.976: [GC (Allocation Failure) [PSYoungGen: 325118K->37809K(465920K)] 879638K->592647K(1216000K), 0.0063442 secs] [Times: user=0.01 sys=0.00, real=0.01 secs] 
42.259: [GC (Allocation Failure) [PSYoungGen: 270769K->183690K(465920K)] 825607K->739782K(1216000K), 0.0202776 secs] [Times: user=0.02 sys=0.00, real=0.02 secs] 
42.542: [GC (Allocation Failure) [PSYoungGen: 416650K->184719K(465920K)] 972742K->741091K(1216000K), 0.0201648 secs] [Times: user=0.03 sys=0.00, real=0.02 secs] 
43.230: [GC (Allocation Failure) [PSYoungGen: 406699K->92688K(465920K)] 963071K->649342K(1216000K), 0.0108865 secs] [Times: user=0.03 sys=0.00, real=0.01 secs] 
44.209: [GC (Allocation Failure) [PSYoungGen: 325648K->38005K(465920K)] 882302K->594972K(1216000K), 0.0063052 secs] [Times: user=0.01 sys=0.00, real=0.00 secs] 
44.556: [GC (Allocation Failure) [PSYoungGen: 270965K->183658K(465920K)] 827932K->741879K(1216000K), 0.0201395 secs] [Times: user=0.03 sys=0.00, real=0.02 secs] 
44.840: [GC (Allocation Failure) [PSYoungGen: 416618K->184558K(465920K)] 974839K->743060K(1216000K), 0.0200035 secs] [Times: user=0.03 sys=0.00, real=0.02 secs] 
46.514: [GC (Allocation Failure) [PSYoungGen: 406019K->92512K(465920K)] 964521K->651287K(1216000K), 0.0248116 secs] [Times: user=0.04 sys=0.00, real=0.03 secs] 
48.513: [GC (Allocation Failure) [PSYoungGen: 325472K->37649K(465920K)] 884247K->596729K(1216000K), 0.0068977 secs] [Times: user=0.01 sys=0.00, real=0.01 secs] 
48.822: [GC (Allocation Failure) [PSYoungGen: 270609K->184815K(465920K)] 829689K->745149K(1216000K), 0.0202403 secs] [Times: user=0.02 sys=0.00, real=0.02 secs] 
49.107: [GC (Allocation Failure) [PSYoungGen: 417775K->184141K(465920K)] 978109K->744756K(1216000K), 0.0201393 secs] [Times: user=0.03 sys=0.00, real=0.02 secs] 
50.166: [GC (Allocation Failure) [PSYoungGen: 405498K->92158K(465920K)] 966113K->653054K(1216000K), 0.0129743 secs] [Times: user=0.02 sys=0.00, real=0.02 secs] 
51.221: [GC (Allocation Failure) [PSYoungGen: 325118K->37748K(465920K)] 886014K->598968K(1216000K), 0.0078717 secs] [Times: user=0.02 sys=0.00, real=0.01 secs] 
51.580: [GC (Allocation Failure) [PSYoungGen: 270708K->184976K(465920K)] 831928K->747450K(1216000K), 0.0203818 secs] [Times: user=0.03 sys=0.00, real=0.02 secs] 
51.862: [GC (Allocation Failure) [PSYoungGen: 417936K->183787K(465920K)] 980410K->746542K(1216000K), 0.0202423 secs] [Times: user=0.02 sys=0.00, real=0.02 secs] 
52.593: [GC (Allocation Failure) [PSYoungGen: 405217K->92239K(465920K)] 967972K->655259K(1216000K), 0.0119674 secs] [Times: user=0.02 sys=0.00, real=0.01 secs] 
54.002: [GC (Allocation Failure) [PSYoungGen: 325199K->37617K(465920K)] 888219K->600952K(1216000K), 0.0072449 secs] [Times: user=0.01 sys=0.01, real=0.01 secs] 
54.368: [GC (Allocation Failure) [PSYoungGen: 270577K->184944K(465920K)] 833912K->749525K(1216000K), 0.0202901 secs] [Times: user=0.02 sys=0.00, real=0.02 secs] 
54.654: [GC (Allocation Failure) [PSYoungGen: 417904K->183755K(465920K)] 982485K->748617K(1216000K), 0.0200576 secs] [Times: user=0.03 sys=0.00, real=0.02 secs] 
55.394: [GC (Allocation Failure) [PSYoungGen: 405092K->92383K(465920K)] 969955K->657527K(1216000K), 0.0118591 secs] [Times: user=0.02 sys=0.00, real=0.01 secs] 
56.340: [GC (Allocation Failure) [PSYoungGen: 325343K->38005K(465920K)] 890487K->603464K(1216000K), 0.0056203 secs] [Times: user=0.01 sys=0.00, real=0.00 secs] 
56.610: [GC (Allocation Failure) [PSYoungGen: 270965K->184430K(465920K)] 836424K->751271K(1216000K), 0.0200579 secs] [Times: user=0.03 sys=0.00, real=0.02 secs] 
56.898: [GC (Allocation Failure) [PSYoungGen: 417390K->184494K(465920K)] 984231K->751488K(1216000K), 0.0200382 secs] [Times: user=0.03 sys=0.00, real=0.02 secs] 
58.116: [GC (Allocation Failure) [PSYoungGen: 407047K->91709K(465920K)] 974041K->658975K(1216000K), 0.0117402 secs] [Times: user=0.02 sys=0.00, real=0.01 secs] 
60.059: [GC (Allocation Failure) [PSYoungGen: 324669K->37392K(465920K)] 891935K->604967K(1216000K), 0.0069446 secs] [Times: user=0.02 sys=0.00, real=0.00 secs] 
60.351: [GC (Allocation Failure) [PSYoungGen: 270352K->184430K(465920K)] 837927K->753258K(1216000K), 0.0201743 secs] [Times: user=0.03 sys=0.00, real=0.02 secs] 
60.696: [GC (Allocation Failure) [PSYoungGen: 417390K->184558K(465920K)] 986218K->753668K(1216000K), 0.0199929 secs] [Times: user=0.02 sys=0.00, real=0.02 secs] 
62.892: [GC (Allocation Failure) [PSYoungGen: 406116K->92415K(465920K)] 975226K->661798K(1216000K), 0.0248633 secs] [Times: user=0.05 sys=0.01, real=0.02 secs] 
65.095: [GC (Allocation Failure) [PSYoungGen: 325375K->37748K(465920K)] 894758K->607452K(1216000K), 0.0073195 secs] [Times: user=0.01 sys=0.00, real=0.01 secs] 
65.414: [GC (Allocation Failure) [PSYoungGen: 270708K->184430K(465920K)] 840412K->755516K(1216000K), 0.0204295 secs] [Times: user=0.03 sys=0.00, real=0.02 secs] 
65.698: [GC (Allocation Failure) [PSYoungGen: 417390K->184558K(465920K)] 988476K->755797K(1216000K), 0.0201627 secs] [Times: user=0.03 sys=0.00, real=0.02 secs] 
67.557: [GC (Allocation Failure) [PSYoungGen: 407611K->91982K(465920K)] 978850K->663486K(1216000K), 0.0247274 secs] [Times: user=0.05 sys=0.00, real=0.03 secs] 
70.162: [GC (Allocation Failure) [PSYoungGen: 324942K->37652K(465920K)] 896446K->609472K(1216000K), 0.0076095 secs] [Times: user=0.01 sys=0.00, real=0.01 secs] 
70.476: [GC (Allocation Failure) [PSYoungGen: 270612K->183948K(465920K)] 842432K->757029K(1216000K), 0.0200603 secs] [Times: user=0.02 sys=0.00, real=0.02 secs] 
70.758: [GC (Allocation Failure) [PSYoungGen: 416908K->184590K(465920K)] 989989K->757953K(1216000K), 0.0201074 secs] [Times: user=0.03 sys=0.00, real=0.02 secs] 
71.667: [GC (Allocation Failure) [PSYoungGen: 405144K->92624K(465920K)] 978506K->666268K(1216000K), 0.0114168 secs] [Times: user=0.02 sys=0.00, real=0.01 secs] 
73.243: [GC (Allocation Failure) [PSYoungGen: 325584K->37620K(465920K)] 899228K->611574K(1216000K), 0.0073791 secs] [Times: user=0.02 sys=0.00, real=0.01 secs] 
73.630: [GC (Allocation Failure) [PSYoungGen: 270580K->184719K(465920K)] 844534K->759926K(1216000K), 0.0204221 secs] [Times: user=0.03 sys=0.00, real=0.02 secs] 
73.918: [GC (Allocation Failure) [PSYoungGen: 417679K->184976K(465920K)] 992886K->760464K(1216000K), 0.0201029 secs] [Times: user=0.02 sys=0.00, real=0.02 secs] 
75.880: [GC (Allocation Failure) [PSYoungGen: 406156K->91516K(465920K)] 981645K->667406K(1216000K), 0.0204245 secs] [Times: user=0.04 sys=0.00, real=0.02 secs] 
78.059: [GC (Allocation Failure) [PSYoungGen: 324476K->37780K(465920K)] 900366K->613860K(1216000K), 0.0072566 secs] [Times: user=0.02 sys=0.00, real=0.00 secs] 
78.365: [GC (Allocation Failure) [PSYoungGen: 270740K->184558K(465920K)] 846820K->761891K(1216000K), 0.0200833 secs] [Times: user=0.02 sys=0.00, real=0.02 secs] 
78.648: [GC (Allocation Failure) [PSYoungGen: 417518K->184719K(465920K)] 994851K->762333K(1216000K), 0.0202210 secs] [Times: user=0.02 sys=0.00, real=0.02 secs] 
79.594: [GC (Allocation Failure) [PSYoungGen: 405118K->91789K(465920K)] 982732K->669804K(1216000K), 0.0194616 secs] [Times: user=0.04 sys=0.00, real=0.02 secs] 
81.309: [GC (Allocation Failure) [PSYoungGen: 324749K->38037K(465920K)] 902764K->616240K(1216000K), 0.0063551 secs] [Times: user=0.01 sys=0.00, real=0.00 secs] 
81.651: [GC (Allocation Failure) [PSYoungGen: 270997K->183658K(465920K)] 849200K->763123K(1216000K), 0.0201564 secs] [Times: user=0.02 sys=0.00, real=0.02 secs] 
81.987: [GC (Allocation Failure) [PSYoungGen: 416618K->184558K(465920K)] 996083K->764304K(1216000K), 0.0203842 secs] [Times: user=0.03 sys=0.00, real=0.02 secs] 
82.741: [GC (Allocation Failure) [PSYoungGen: 406325K->92496K(465920K)] 986071K->672523K(1216000K), 0.0120887 secs] [Times: user=0.02 sys=0.00, real=0.01 secs] 
84.241: [GC (Allocation Failure) [PSYoungGen: 325456K->37681K(465920K)] 905483K->618020K(1216000K), 0.0074933 secs] [Times: user=0.02 sys=0.00, real=0.01 secs] 
84.617: [GC (Allocation Failure) [PSYoungGen: 270641K->184462K(465920K)] 850980K->766054K(1216000K), 0.0203383 secs] [Times: user=0.03 sys=0.00, real=0.02 secs] 
84.906: [GC (Allocation Failure) [PSYoungGen: 417422K->184526K(465920K)] 999014K->766528K(1216000K), 0.0203367 secs] [Times: user=0.03 sys=0.00, real=0.02 secs] 
86.450: [GC (Allocation Failure) [PSYoungGen: 405587K->92110K(465920K)] 987589K->674257K(1216000K), 0.0144555 secs] [Times: user=0.02 sys=0.00, real=0.01 secs] 
88.567: [GC (Allocation Failure) [PSYoungGen: 325070K->37649K(465920K)] 907217K->620095K(1216000K), 0.0073130 secs] [Times: user=0.02 sys=0.00, real=0.01 secs] 
88.877: [GC (Allocation Failure) [PSYoungGen: 270609K->183787K(465920K)] 853055K->767479K(1216000K), 0.0201723 secs] [Times: user=0.03 sys=0.00, real=0.02 secs] 
89.160: [GC (Allocation Failure) [PSYoungGen: 416747K->184462K(465920K)] 1000439K->768435K(1216000K), 0.0201930 secs] [Times: user=0.02 sys=0.00, real=0.02 secs] 
90.094: [GC (Allocation Failure) [PSYoungGen: 404990K->92913K(465920K)] 988963K->677296K(1216000K), 0.0123469 secs] [Times: user=0.02 sys=0.00, real=0.01 secs] 
91.749: [GC (Allocation Failure) [PSYoungGen: 325873K->37523K(465920K)] 910256K->622099K(1216000K), 0.0065658 secs] [Times: user=0.01 sys=0.00, real=0.00 secs] 
92.042: [GC (Allocation Failure) [PSYoungGen: 270483K->184719K(465920K)] 855059K->770548K(1216000K), 0.0203277 secs] [Times: user=0.02 sys=0.00, real=0.02 secs] 
92.395: [GC (Allocation Failure) [PSYoungGen: 417679K->186454K(465920K)] 1003508K->772564K(1216000K), 0.0203805 secs] [Times: user=0.03 sys=0.00, real=0.02 secs] 
93.307: [GC (Allocation Failure) [PSYoungGen: 404388K->90118K(465920K)] 990498K->676493K(1216000K), 0.0129743 secs] [Times: user=0.02 sys=0.00, real=0.02 secs] 
94.782: [GC (Allocation Failure) [PSYoungGen: 323078K->37620K(465920K)] 909453K->624289K(1216000K), 0.0068240 secs] [Times: user=0.02 sys=0.00, real=0.01 secs] 
95.070: [GC (Allocation Failure) [PSYoungGen: 270580K->184173K(465920K)] 857249K->772224K(1216000K), 0.0202719 secs] [Times: user=0.03 sys=0.00, real=0.02 secs] 
95.428: [GC (Allocation Failure) [PSYoungGen: 417133K->184654K(465920K)] 1005184K->772858K(1216000K), 0.0199869 secs] [Times: user=0.03 sys=0.00, real=0.02 secs] 
97.208: [GC (Allocation Failure) [PSYoungGen: 405104K->92319K(465920K)] 993308K->680917K(1216000K), 0.0130154 secs] [Times: user=0.03 sys=0.00, real=0.02 secs] 
99.636: [GC (Allocation Failure) [PSYoungGen: 325279K->37395K(465920K)] 913877K->626185K(1216000K), 0.0081242 secs] [Times: user=0.02 sys=0.00, real=0.01 secs] 
99.964: [GC (Allocation Failure) [PSYoungGen: 270355K->184911K(465920K)] 859145K->774956K(1216000K), 0.0205628 secs] [Times: user=0.03 sys=0.00, real=0.02 secs] 
100.246: [GC (Allocation Failure) [PSYoungGen: 417871K->184109K(465920K)] 1007916K->774450K(1216000K), 0.0207276 secs] [Times: user=0.03 sys=0.00, real=0.02 secs] 
101.461: [GC (Allocation Failure) [PSYoungGen: 405327K->92399K(465920K)] 995669K->683006K(1216000K), 0.0122861 secs] [Times: user=0.03 sys=0.00, real=0.01 secs] 
102.570: [GC (Allocation Failure) [PSYoungGen: 325359K->37874K(465920K)] 915966K->628796K(1216000K), 0.0055361 secs] [Times: user=0.01 sys=0.00, real=0.00 secs] 
102.900: [GC (Allocation Failure) [PSYoungGen: 270834K->184719K(465920K)] 861756K->776895K(1216000K), 0.0206475 secs] [Times: user=0.03 sys=0.00, real=0.02 secs] 
103.184: [GC (Allocation Failure) [PSYoungGen: 417679K->184655K(465920K)] 1009855K->777241K(1216000K), 0.0202683 secs] [Times: user=0.03 sys=0.00, real=0.02 secs] 
104.842: [GC (Allocation Failure) [PSYoungGen: 405305K->91499K(465920K)] 997890K->684358K(1216000K), 0.0197003 secs] [Times: user=0.04 sys=0.00, real=0.02 secs] 
107.015: [GC (Allocation Failure) [PSYoungGen: 324459K->37906K(465920K)] 917318K->630946K(1216000K), 0.0070925 secs] [Times: user=0.02 sys=0.00, real=0.01 secs] 
107.391: [GC (Allocation Failure) [PSYoungGen: 270866K->183755K(465920K)] 863906K->778041K(1216000K), 0.0227887 secs] [Times: user=0.03 sys=0.00, real=0.02 secs] 
107.683: [GC (Allocation Failure) [PSYoungGen: 416715K->184687K(465920K)] 1011001K->779253K(1216000K), 0.0201630 secs] [Times: user=0.02 sys=0.00, real=0.02 secs] 
108.921: [GC (Allocation Failure) [PSYoungGen: 406002K->92415K(465920K)] 1000569K->687255K(1216000K), 0.0191931 secs] [Times: user=0.04 sys=0.00, real=0.02 secs] 
110.378: [GC (Allocation Failure) [PSYoungGen: 325375K->37809K(465920K)] 920215K->632951K(1216000K), 0.0063219 secs] [Times: user=0.02 sys=0.00, real=0.01 secs] 
110.658: [GC (Allocation Failure) [PSYoungGen: 270769K->184944K(465920K)] 865911K->781339K(1216000K), 0.0205277 secs] [Times: user=0.03 sys=0.00, real=0.03 secs] 
110.942: [GC (Allocation Failure) [PSYoungGen: 417904K->184173K(465920K)] 1014299K->780849K(1216000K), 0.0200356 secs] [Times: user=0.03 sys=0.00, real=0.02 secs] 
111.592: [GC (Allocation Failure) [PSYoungGen: 407009K->91853K(465920K)] 1003686K->688795K(1216000K), 0.0105247 secs] [Times: user=0.02 sys=0.00, real=0.01 secs] 
112.420: [GC (Allocation Failure) [PSYoungGen: 324813K->38166K(465920K)] 921755K->635423K(1216000K), 0.0064539 secs] [Times: user=0.01 sys=0.00, real=0.00 secs] 
112.703: [GC (Allocation Failure) [PSYoungGen: 271126K->184462K(465920K)] 868383K->783101K(1216000K), 0.0205701 secs] [Times: user=0.03 sys=0.00, real=0.02 secs] 
112.986: [GC (Allocation Failure) [PSYoungGen: 417422K->184301K(465920K)] 1016061K->783093K(1216000K), 0.0200975 secs] [Times: user=0.03 sys=0.00, real=0.02 secs] 
115.083: [GC (Allocation Failure) [PSYoungGen: 405322K->91885K(465920K)] 1004114K->690950K(1216000K), 0.0193670 secs] [Times: user=0.04 sys=0.00, real=0.02 secs] 
116.125: [GC (Allocation Failure) [PSYoungGen: 324845K->38166K(465920K)] 923910K->637548K(1216000K), 0.0053249 secs] [Times: user=0.02 sys=0.00, real=0.01 secs] 
116.458: [GC (Allocation Failure) [PSYoungGen: 271126K->184719K(465920K)] 870508K->785475K(1216000K), 0.0206388 secs] [Times: user=0.03 sys=0.00, real=0.03 secs] 
116.741: [GC (Allocation Failure) [PSYoungGen: 417679K->184687K(465920K)] 1018435K->785596K(1216000K), 0.0202516 secs] [Times: user=0.03 sys=0.00, real=0.02 secs] 
117.539: [GC (Allocation Failure) [PSYoungGen: 405064K->91242K(465920K)] 1005973K->692417K(1216000K), 0.0117911 secs] [Times: user=0.02 sys=0.00, real=0.01 secs] 
118.325: [GC (Allocation Failure) [PSYoungGen: 324202K->38034K(465920K)] 925377K->639524K(1216000K), 0.0053640 secs] [Times: user=0.02 sys=0.00, real=0.01 secs] 
118.594: [GC (Allocation Failure) [PSYoungGen: 270994K->183948K(465920K)] 872484K->786691K(1216000K), 0.0203821 secs] [Times: user=0.03 sys=0.00, real=0.02 secs] 
118.877: [GC (Allocation Failure) [PSYoungGen: 416908K->184398K(465920K)] 1019651K->787422K(1216000K), 0.0199971 secs] [Times: user=0.03 sys=0.00, real=0.02 secs] 
119.620: [GC (Allocation Failure) [PSYoungGen: 406071K->92399K(465920K)] 1009095K->695697K(1216000K), 0.0110996 secs] [Times: user=0.02 sys=0.00, real=0.01 secs] 
121.546: [GC (Allocation Failure) [PSYoungGen: 325359K->37652K(465920K)] 928657K->641249K(1216000K), 0.0077877 secs] [Times: user=0.02 sys=0.00, real=0.01 secs] 
121.867: [GC (Allocation Failure) [PSYoungGen: 270612K->184719K(465920K)] 874209K->789570K(1216000K), 0.0205780 secs] [Times: user=0.02 sys=0.00, real=0.02 secs] 
122.155: [GC (Allocation Failure) [PSYoungGen: 417679K->183658K(465920K)] 1022530K->788791K(1216000K), 0.0201886 secs] [Times: user=0.02 sys=0.00, real=0.02 secs] 
122.964: [GC (Allocation Failure) [PSYoungGen: 404443K->92721K(465920K)] 1009575K->698126K(1216000K), 0.0122597 secs] [Times: user=0.03 sys=0.00, real=0.01 secs] 
123.859: [GC (Allocation Failure) [PSYoungGen: 325681K->37909K(465920K)] 931086K->643628K(1216000K), 0.0053942 secs] [Times: user=0.01 sys=0.00, real=0.00 secs] 
124.129: [GC (Allocation Failure) [PSYoungGen: 270869K->184687K(465920K)] 876588K->791659K(1216000K), 0.0208305 secs] [Times: user=0.03 sys=0.00, real=0.02 secs] 
124.475: [GC (Allocation Failure) [PSYoungGen: 417647K->184847K(465920K)] 1024619K->792101K(1216000K), 0.0204838 secs] [Times: user=0.03 sys=0.00, real=0.02 secs] 
125.473: [GC (Allocation Failure) [PSYoungGen: 405870K->91371K(465920K)] 1013124K->699026K(1216000K), 0.0124914 secs] [Times: user=0.02 sys=0.00, real=0.01 secs] 
127.053: [GC (Allocation Failure) [PSYoungGen: 324331K->37523K(465920K)] 931986K->645376K(1216000K), 0.0065229 secs] [Times: user=0.01 sys=0.00, real=0.01 secs] 
127.338: [GC (Allocation Failure) [PSYoungGen: 270483K->184783K(465920K)] 878336K->793881K(1216000K), 0.0202747 secs] [Times: user=0.02 sys=0.00, real=0.02 secs] 
127.676: [GC (Allocation Failure) [PSYoungGen: 417743K->183241K(465920K)] 1026841K->792636K(1216000K), 0.0200003 secs] [Times: user=0.03 sys=0.00, real=0.02 secs] 
128.316: [GC (Allocation Failure) [PSYoungGen: 403962K->93299K(465920K)] 1013358K->702967K(1216000K), 0.0115975 secs] [Times: user=0.02 sys=0.00, real=0.01 secs] 
129.292: [GC (Allocation Failure) [PSYoungGen: 326259K->38002K(465920K)] 935927K->647970K(1216000K), 0.0055059 secs] [Times: user=0.01 sys=0.00, real=0.00 secs] 
129.560: [GC (Allocation Failure) [PSYoungGen: 270962K->184590K(465920K)] 880930K->795812K(1216000K), 0.0204684 secs] [Times: user=0.02 sys=0.00, real=0.02 secs] 
129.899: [GC (Allocation Failure) [PSYoungGen: 417550K->184751K(465920K)] 1028772K->796253K(1216000K), 0.0205217 secs] [Times: user=0.03 sys=0.00, real=0.02 secs] 
130.795: [GC (Allocation Failure) [PSYoungGen: 405138K->91435K(465920K)] 1016641K->703348K(1216000K), 0.0112611 secs] [Times: user=0.03 sys=0.00, real=0.01 secs] 
132.454: [GC (Allocation Failure) [PSYoungGen: 324395K->37363K(465920K)] 936308K->649448K(1216000K), 0.0053785 secs] [Times: user=0.01 sys=0.00, real=0.01 secs] 
132.778: [GC (Allocation Failure) [PSYoungGen: 270323K->184719K(465920K)] 882408K->798058K(1216000K), 0.0206032 secs] [Times: user=0.02 sys=0.00, real=0.02 secs] 
133.061: [GC (Allocation Failure) [PSYoungGen: 417679K->184687K(465920K)] 1031018K->798307K(1216000K), 0.0202269 secs] [Times: user=0.03 sys=0.00, real=0.02 secs] 
133.714: [GC (Allocation Failure) [PSYoungGen: 405187K->92030K(465920K)] 1018807K->705915K(1216000K), 0.0121279 secs] [Times: user=0.02 sys=0.00, real=0.01 secs] 
134.587: [GC (Allocation Failure) [PSYoungGen: 324990K->38166K(465920K)] 938875K->652365K(1216000K), 0.0065708 secs] [Times: user=0.02 sys=0.00, real=0.01 secs] 
134.938: [GC (Allocation Failure) [PSYoungGen: 271126K->184687K(465920K)] 885325K->800140K(1216000K), 0.0208033 secs] [Times: user=0.03 sys=0.01, real=0.02 secs] 
135.283: [GC (Allocation Failure) [PSYoungGen: 417647K->184655K(465920K)] 1033100K->800389K(1216000K), 0.0202367 secs] [Times: user=0.03 sys=0.00, real=0.02 secs] 
135.909: [GC (Allocation Failure) [PSYoungGen: 405024K->91226K(465920K)] 1020758K->707225K(1216000K), 0.0140248 secs] [Times: user=0.03 sys=0.00, real=0.01 secs] 
137.507: [GC (Allocation Failure) [PSYoungGen: 324186K->37780K(465920K)] 940185K->654089K(1216000K), 0.0075768 secs] [Times: user=0.02 sys=0.00, real=0.01 secs] 
137.827: [GC (Allocation Failure) [PSYoungGen: 270740K->183980K(465920K)] 887049K->801542K(1216000K), 0.0204181 secs] [Times: user=0.03 sys=0.00, real=0.02 secs] 
138.116: [GC (Allocation Failure) [PSYoungGen: 416940K->184398K(465920K)] 1034502K->802241K(1216000K), 0.0250171 secs] [Times: user=0.04 sys=0.00, real=0.03 secs] 
139.782: [GC (Allocation Failure) [PSYoungGen: 405014K->92640K(465920K)] 1022857K->710749K(1216000K), 0.0258338 secs] [Times: user=0.04 sys=0.00, real=0.02 secs] 
141.392: [GC (Allocation Failure) [PSYoungGen: 325600K->38005K(465920K)] 943709K->656430K(1216000K), 0.0069481 secs] [Times: user=0.02 sys=0.00, real=0.01 secs] 
141.685: [GC (Allocation Failure) [PSYoungGen: 270965K->184687K(465920K)] 889390K->804365K(1216000K), 0.0205913 secs] [Times: user=0.03 sys=0.00, real=0.02 secs] 
141.968: [GC (Allocation Failure) [PSYoungGen: 417647K->184012K(465920K)] 1037325K->803971K(1216000K), 0.0202048 secs] [Times: user=0.02 sys=0.00, real=0.02 secs] 
143.301: [GC (Allocation Failure) [PSYoungGen: 407472K->91982K(465920K)] 1027431K->712206K(1216000K), 0.0246016 secs] [Times: user=0.05 sys=0.00, real=0.02 secs] 
144.367: [GC (Allocation Failure) [PSYoungGen: 324942K->38066K(465920K)] 945166K->658596K(1216000K), 0.0066658 secs] [Times: user=0.02 sys=0.00, real=0.01 secs] 
144.647: [GC (Allocation Failure) [PSYoungGen: 271026K->184590K(465920K)] 891556K->806374K(1216000K), 0.0205475 secs] [Times: user=0.02 sys=0.00, real=0.02 secs] 
144.940: [GC (Allocation Failure) [PSYoungGen: 417550K->184558K(465920K)] 1039334K->806751K(1216000K), 0.0202744 secs] [Times: user=0.03 sys=0.00, real=0.02 secs] 
146.307: [GC (Allocation Failure) [PSYoungGen: 407046K->91612K(465920K)] 1029240K->713950K(1216000K), 0.0189868 secs] [Times: user=0.04 sys=0.00, real=0.02 secs] 
147.923: [GC (Allocation Failure) [PSYoungGen: 324572K->37780K(465920K)] 946910K->660436K(1216000K), 0.0097451 secs] [Times: user=0.01 sys=0.01, real=0.01 secs] 
148.279: [GC (Allocation Failure) [PSYoungGen: 270740K->183787K(465920K)] 893396K->807680K(1216000K), 0.0201446 secs] [Times: user=0.03 sys=0.00, real=0.02 secs] 
148.571: [GC (Allocation Failure) [PSYoungGen: 416747K->184783K(465920K)] 1040640K->808958K(1216000K), 0.0202862 secs] [Times: user=0.03 sys=0.00, real=0.02 secs] 
149.352: [GC (Allocation Failure) [PSYoungGen: 406052K->92399K(465920K)] 1030226K->716847K(1216000K), 0.0124415 secs] [Times: user=0.03 sys=0.00, real=0.01 secs] 
151.137: [GC (Allocation Failure) [PSYoungGen: 325359K->37652K(465920K)] 949807K->662409K(1216000K), 0.0086333 secs] [Times: user=0.02 sys=0.00, real=0.01 secs] 
151.463: [GC (Allocation Failure) [PSYoungGen: 270612K->184173K(465920K)] 895369K->810191K(1216000K), 0.0202371 secs] [Times: user=0.03 sys=0.00, real=0.02 secs] 
151.746: [GC (Allocation Failure) [PSYoungGen: 417133K->184783K(465920K)] 1043151K->811075K(1216000K), 0.0204010 secs] [Times: user=0.03 sys=0.00, real=0.02 secs] 
152.949: [GC (Allocation Failure) [PSYoungGen: 405754K->92126K(465920K)] 1032045K->718699K(1216000K), 0.0158039 secs] [Times: user=0.03 sys=0.00, real=0.01 secs] 
153.887: [GC (Allocation Failure) [PSYoungGen: 325086K->38037K(465920K)] 951659K->664926K(1216000K), 0.0062946 secs] [Times: user=0.01 sys=0.00, real=0.01 secs] 
154.156: [GC (Allocation Failure) [PSYoungGen: 270997K->183787K(465920K)] 897886K->811921K(1216000K), 0.0200369 secs] [Times: user=0.03 sys=0.00, real=0.02 secs] 
154.497: [GC (Allocation Failure) [PSYoungGen: 416747K->184366K(465920K)] 1044881K->812773K(1216000K), 0.0201427 secs] [Times: user=0.02 sys=0.00, real=0.02 secs] 
155.936: [GC (Allocation Failure) [PSYoungGen: 405495K->92576K(465920K)] 1033902K->721256K(1216000K), 0.0151223 secs] [Times: user=0.03 sys=0.00, real=0.02 secs] 
157.454: [GC (Allocation Failure) [PSYoungGen: 325536K->37652K(465920K)] 954216K->666649K(1216000K), 0.0068544 secs] [Times: user=0.01 sys=0.00, real=0.01 secs] 
157.739: [GC (Allocation Failure) [PSYoungGen: 270612K->184687K(465920K)] 899609K->814938K(1216000K), 0.0203599 secs] [Times: user=0.03 sys=0.00, real=0.02 secs] 
158.024: [GC (Allocation Failure) [PSYoungGen: 417647K->184655K(465920K)] 1047898K->815187K(1216000K), 0.0202254 secs] [Times: user=0.03 sys=0.00, real=0.02 secs] 
160.071: [GC (Allocation Failure) [PSYoungGen: 405458K->91741K(465920K)] 1035990K->722546K(1216000K), 0.0255415 secs] [Times: user=0.05 sys=0.00, real=0.02 secs] 
161.825: [GC (Allocation Failure) [PSYoungGen: 324701K->38005K(465920K)] 955506K->669126K(1216000K), 0.0066261 secs] [Times: user=0.01 sys=0.00, real=0.01 secs] 
162.106: [GC (Allocation Failure) [PSYoungGen: 270965K->184687K(465920K)] 902086K->817190K(1216000K), 0.0203326 secs] [Times: user=0.03 sys=0.00, real=0.02 secs] 
162.390: [GC (Allocation Failure) [PSYoungGen: 417647K->184655K(465920K)] 1050150K->817303K(1216000K), 0.0201627 secs] [Times: user=0.02 sys=0.00, real=0.02 secs] 
163.595: [GC (Allocation Failure) [PSYoungGen: 405160K->91355K(465920K)] 1037808K->724276K(1216000K), 0.0121278 secs] [Times: user=0.03 sys=0.00, real=0.01 secs] 
164.522: [GC (Allocation Failure) [PSYoungGen: 324315K->38037K(465920K)] 957236K->671274K(1216000K), 0.0065900 secs] [Times: user=0.01 sys=0.00, real=0.01 secs] 
164.876: [GC (Allocation Failure) [PSYoungGen: 270997K->184687K(465920K)] 904234K->819169K(1216000K), 0.0204064 secs] [Times: user=0.03 sys=0.00, real=0.02 secs] 
165.219: [GC (Allocation Failure) [PSYoungGen: 417647K->184623K(465920K)] 1052129K->819386K(1216000K), 0.0203772 secs] [Times: user=0.02 sys=0.00, real=0.02 secs] 
167.178: [GC (Allocation Failure) [PSYoungGen: 405124K->91371K(465920K)] 1039887K->726407K(1216000K), 0.0245554 secs] [Times: user=0.05 sys=0.00, real=0.03 secs] 
168.756: [GC (Allocation Failure) [PSYoungGen: 324331K->37909K(465920K)] 959367K->673255K(1216000K), 0.0071578 secs] [Times: user=0.01 sys=0.00, real=0.01 secs] 
169.062: [GC (Allocation Failure) [PSYoungGen: 270869K->183787K(465920K)] 906215K->820387K(1216000K), 0.0202089 secs] [Times: user=0.03 sys=0.01, real=0.02 secs] 
169.349: [GC (Allocation Failure) [PSYoungGen: 416747K->184044K(465920K)] 1053347K->820925K(1216000K), 0.0200203 secs] [Times: user=0.02 sys=0.00, real=0.02 secs] 
170.897: [GC (Allocation Failure) [PSYoungGen: 406139K->93026K(465920K)] 1043020K->730180K(1216000K), 0.0192625 secs] [Times: user=0.04 sys=0.00, real=0.02 secs] 
172.592: [GC (Allocation Failure) [PSYoungGen: 325986K->37777K(465920K)] 963140K->675245K(1216000K), 0.0072155 secs] [Times: user=0.02 sys=0.00, real=0.01 secs] 
172.902: [GC (Allocation Failure) [PSYoungGen: 270737K->184590K(465920K)] 908205K->823440K(1216000K), 0.0201689 secs] [Times: user=0.03 sys=0.00, real=0.02 secs] 
173.188: [GC (Allocation Failure) [PSYoungGen: 417550K->184558K(465920K)] 1056400K->823689K(1216000K), 0.0203828 secs] [Times: user=0.03 sys=0.01, real=0.02 secs] 
174.553: [GC (Allocation Failure) [PSYoungGen: 407046K->91837K(465920K)] 1046177K->731104K(1216000K), 0.0125137 secs] [Times: user=0.03 sys=0.00, real=0.01 secs] 
175.918: [GC (Allocation Failure) [PSYoungGen: 324797K->37780K(465920K)] 964064K->677361K(1216000K), 0.0066304 secs] [Times: user=0.02 sys=0.00, real=0.01 secs] 
176.277: [GC (Allocation Failure) [PSYoungGen: 270740K->183948K(465920K)] 910321K->824774K(1216000K), 0.0201347 secs] [Times: user=0.03 sys=0.00, real=0.02 secs] 
176.563: [GC (Allocation Failure) [PSYoungGen: 416908K->184526K(465920K)] 1057734K->825762K(1216000K), 0.0204160 secs] [Times: user=0.03 sys=0.01, real=0.02 secs] 
177.189: [GC (Allocation Failure) [PSYoungGen: 405608K->92528K(465920K)] 1046844K->733900K(1216000K), 0.0121354 secs] [Times: user=0.03 sys=0.00, real=0.01 secs] 
178.028: [GC (Allocation Failure) [PSYoungGen: 325488K->38066K(465920K)] 966860K->679757K(1216000K), 0.0054766 secs] [Times: user=0.01 sys=0.00, real=0.00 secs] 
178.297: [GC (Allocation Failure) [PSYoungGen: 271026K->184687K(465920K)] 912717K->827623K(1216000K), 0.0204432 secs] [Times: user=0.03 sys=0.00, real=0.02 secs] 
178.580: [GC (Allocation Failure) [PSYoungGen: 417647K->184655K(465920K)] 1060583K->827872K(1216000K), 0.0203632 secs] [Times: user=0.03 sys=0.00, real=0.02 secs] 
179.887: [GC (Allocation Failure) [PSYoungGen: 405194K->91339K(465920K)] 1048411K->734829K(1216000K), 0.0131791 secs] [Times: user=0.02 sys=0.00, real=0.02 secs] 
181.531: [GC (Allocation Failure) [PSYoungGen: 324299K->37652K(465920K)] 967789K->681459K(1216000K), 0.0066054 secs] [Times: user=0.01 sys=0.00, real=0.00 secs] 
181.812: [GC (Allocation Failure) [PSYoungGen: 270612K->182213K(465920K)] 914419K->827274K(1216000K), 0.0200144 secs] [Times: user=0.02 sys=0.00, real=0.02 secs] 
182.095: [GC (Allocation Failure) [PSYoungGen: 415173K->184462K(465920K)] 1060234K->829796K(1216000K), 0.0206008 secs] [Times: user=0.03 sys=0.00, real=0.02 secs] 
183.058: [GC (Allocation Failure) [PSYoungGen: 411221K->94456K(465920K)] 1056555K->739926K(1216000K), 0.0129126 secs] [Times: user=0.03 sys=0.00, real=0.02 secs] 
184.945: [GC (Allocation Failure) [PSYoungGen: 327416K->37877K(465920K)] 972886K->683661K(1216000K), 0.0084537 secs] [Times: user=0.02 sys=0.00, real=0.01 secs] 
185.267: [GC (Allocation Failure) [PSYoungGen: 270837K->183787K(465920K)] 916621K->830825K(1216000K), 0.0204051 secs] [Times: user=0.03 sys=0.00, real=0.02 secs] 
185.607: [GC (Allocation Failure) [PSYoungGen: 416747K->183884K(465920K)] 1063785K->831203K(1216000K), 0.0204112 secs] [Times: user=0.03 sys=0.00, real=0.02 secs] 
187.685: [GC (Allocation Failure) [PSYoungGen: 405947K->93186K(465920K)] 1053266K->740771K(1216000K), 0.0261624 secs] [Times: user=0.06 sys=0.00, real=0.03 secs] 
189.725: [GC (Allocation Failure) [PSYoungGen: 326146K->37909K(465920K)] 973731K->685807K(1216000K), 0.0068867 secs] [Times: user=0.01 sys=0.00, real=0.01 secs] 
190.012: [GC (Allocation Failure) [PSYoungGen: 270869K->183980K(465920K)] 918767K->833131K(1216000K), 0.0201665 secs] [Times: user=0.03 sys=0.00, real=0.02 secs] 
190.296: [GC (Allocation Failure) [PSYoungGen: 416940K->184687K(465920K)] 1066091K->834135K(1216000K), 0.0203071 secs] [Times: user=0.03 sys=0.00, real=0.02 secs] 
191.776: [GC (Allocation Failure) [PSYoungGen: 405971K->92271K(465920K)] 1055420K->742113K(1216000K), 0.0250348 secs] [Times: user=0.05 sys=0.00, real=0.03 secs] 
193.686: [GC (Allocation Failure) [PSYoungGen: 325231K->37748K(465920K)] 975073K->687770K(1216000K), 0.0075940 secs] [Times: user=0.02 sys=0.00, real=0.01 secs] 
194.007: [GC (Allocation Failure) [PSYoungGen: 270708K->184815K(465920K)] 920730K->836090K(1216000K), 0.0203754 secs] [Times: user=0.02 sys=0.00, real=0.02 secs] 
194.294: [GC (Allocation Failure) [PSYoungGen: 417775K->183626K(465920K)] 1069050K->835183K(1216000K), 0.0201762 secs] [Times: user=0.03 sys=0.00, real=0.02 secs] 
195.382: [GC (Allocation Failure) [PSYoungGen: 405119K->92496K(465920K)] 1056675K->744325K(1216000K), 0.0114379 secs] [Times: user=0.02 sys=0.00, real=0.01 secs] 
196.173: [GC (Allocation Failure) [PSYoungGen: 325456K->38037K(465920K)] 977285K->690188K(1216000K), 0.0054385 secs] [Times: user=0.01 sys=0.00, real=0.01 secs] 
196.442: [GC (Allocation Failure) [PSYoungGen: 270997K->184590K(465920K)] 923148K->837987K(1216000K), 0.0203017 secs] [Times: user=0.03 sys=0.00, real=0.02 secs] 
196.725: [GC (Allocation Failure) [PSYoungGen: 417550K->184655K(465920K)] 1070947K->838332K(1216000K), 0.0202508 secs] [Times: user=0.03 sys=0.00, real=0.02 secs] 
198.332: [GC (Allocation Failure) [PSYoungGen: 405050K->91467K(465920K)] 1058728K->745539K(1216000K), 0.0157711 secs] [Times: user=0.04 sys=0.00, real=0.01 secs] 
199.790: [GC (Allocation Failure) [PSYoungGen: 324427K->37684K(465920K)] 978499K->691944K(1216000K), 0.0053474 secs] [Times: user=0.01 sys=0.00, real=0.00 secs] 
200.059: [GC (Allocation Failure) [PSYoungGen: 270644K->183755K(465920K)] 924904K->839277K(1216000K), 0.0203775 secs] [Times: user=0.02 sys=0.00, real=0.02 secs] 
200.342: [GC (Allocation Failure) [PSYoungGen: 416715K->184494K(465920K)] 1072237K->840297K(1216000K), 0.0202595 secs] [Times: user=0.02 sys=0.00, real=0.02 secs] 
201.155: [GC (Allocation Failure) [PSYoungGen: 405108K->92913K(465920K)] 1060911K->748982K(1216000K), 0.0121955 secs] [Times: user=0.02 sys=0.00, real=0.01 secs] 
202.582: [GC (Allocation Failure) [PSYoungGen: 325873K->37777K(465920K)] 981942K->694159K(1216000K), 0.0073450 secs] [Times: user=0.01 sys=0.00, real=0.01 secs] 
202.880: [GC (Allocation Failure) [PSYoungGen: 270737K->184719K(465920K)] 927119K->842346K(1216000K), 0.0206156 secs] [Times: user=0.02 sys=0.00, real=0.02 secs] 
203.164: [GC (Allocation Failure) [PSYoungGen: 417679K->184655K(465920K)] 1075306K->842563K(1216000K), 0.0201784 secs] [Times: user=0.02 sys=0.01, real=0.02 secs] 
204.438: [GC (Allocation Failure) [PSYoungGen: 405169K->91596K(465920K)] 1063077K->749770K(1216000K), 0.0157989 secs] [Times: user=0.03 sys=0.00, real=0.02 secs] 
206.223: [GC (Allocation Failure) [PSYoungGen: 324556K->37780K(465920K)] 982730K->696268K(1216000K), 0.0070758 secs] [Times: user=0.01 sys=0.00, real=0.01 secs] 
206.520: [GC (Allocation Failure) [PSYoungGen: 270740K->184719K(465920K)] 929228K->844580K(1216000K), 0.0206101 secs] [Times: user=0.02 sys=0.00, real=0.02 secs] 
206.805: [GC (Allocation Failure) [PSYoungGen: 417679K->184687K(465920K)] 1077540K->844701K(1216000K), 0.0201810 secs] [Times: user=0.02 sys=0.00, real=0.02 secs] 
207.972: [GC (Allocation Failure) [PSYoungGen: 405194K->91564K(465920K)] 1065208K->751843K(1216000K), 0.0118131 secs] [Times: user=0.02 sys=0.00, real=0.01 secs] 
209.772: [GC (Allocation Failure) [PSYoungGen: 324524K->37809K(465920K)] 984803K->698404K(1216000K), 0.0073455 secs] [Times: user=0.02 sys=0.00, real=0.01 secs] 
210.148: [GC (Allocation Failure) [PSYoungGen: 270769K->183787K(465920K)] 931364K->845635K(1216000K), 0.0205264 secs] [Times: user=0.03 sys=0.00, real=0.03 secs] 
210.456: [GC (Allocation Failure) [PSYoungGen: 416747K->184301K(465920K)] 1078595K->846559K(1216000K), 0.0202356 secs] [Times: user=0.03 sys=0.00, real=0.02 secs] 
211.128: [GC (Allocation Failure) [PSYoungGen: 406085K->92897K(465920K)] 1068343K->755292K(1216000K), 0.0114751 secs] [Times: user=0.02 sys=0.00, real=0.02 secs] 
212.312: [GC (Allocation Failure) [PSYoungGen: 325857K->37716K(465920K)] 988252K->700420K(1216000K), 0.0066318 secs] [Times: user=0.02 sys=0.00, real=0.01 secs] 
212.591: [GC (Allocation Failure) [PSYoungGen: 270676K->184462K(465920K)] 933380K->848411K(1216000K), 0.0206164 secs] [Times: user=0.02 sys=0.00, real=0.02 secs] 
212.931: [GC (Allocation Failure) [PSYoungGen: 417422K->184301K(465920K)] 1081371K->848532K(1216000K), 0.0200642 secs] [Times: user=0.03 sys=0.00, real=0.02 secs] 
213.708: [GC (Allocation Failure) [PSYoungGen: 405249K->92271K(465920K)] 1069480K->756895K(1216000K), 0.0133983 secs] [Times: user=0.03 sys=0.00, real=0.02 secs] 
215.490: [GC (Allocation Failure) [PSYoungGen: 325231K->37909K(465920K)] 989855K->702702K(1216000K), 0.0077867 secs] [Times: user=0.02 sys=0.00, real=0.00 secs] 
215.801: [GC (Allocation Failure) [PSYoungGen: 270869K->184719K(465920K)] 935662K->850766K(1216000K), 0.0208919 secs] [Times: user=0.03 sys=0.00, real=0.02 secs] 
216.088: [GC (Allocation Failure) [PSYoungGen: 417679K->184687K(465920K)] 1083726K->851015K(1216000K), 0.0204075 secs] [Times: user=0.03 sys=0.00, real=0.03 secs] 
217.846: [GC (Allocation Failure) [PSYoungGen: 405186K->91467K(465920K)] 1071514K->758061K(1216000K), 0.0166945 secs] [Times: user=0.04 sys=0.00, real=0.02 secs] 
219.837: [GC (Allocation Failure) [PSYoungGen: 324427K->36653K(465920K)] 991021K->703560K(1216000K), 0.0068819 secs] [Times: user=0.01 sys=0.00, real=0.01 secs] 
220.137: [GC (Allocation Failure) [PSYoungGen: 269613K->183787K(465920K)] 936520K->851948K(1216000K), 0.0256465 secs] [Times: user=0.05 sys=0.00, real=0.03 secs] 
220.494: [GC (Allocation Failure) [PSYoungGen: 416747K->184815K(465920K)] 1084908K->853128K(1216000K), 0.0202638 secs] [Times: user=0.03 sys=0.00, real=0.02 secs] 
221.749: [GC (Allocation Failure) [PSYoungGen: 409903K->93524K(465920K)] 1078217K->762102K(1216000K), 0.0147992 secs] [Times: user=0.03 sys=0.00, real=0.01 secs] 
222.787: [GC (Allocation Failure) [PSYoungGen: 326484K->37938K(465920K)] 995062K->706834K(1216000K), 0.0054765 secs] [Times: user=0.01 sys=0.00, real=0.01 secs] 
223.055: [GC (Allocation Failure) [PSYoungGen: 270898K->184462K(465920K)] 939794K->854612K(1216000K), 0.0205844 secs] [Times: user=0.03 sys=0.00, real=0.02 secs] 
223.340: [GC (Allocation Failure) [PSYoungGen: 417422K->184622K(465920K)] 1087572K->855182K(1216000K), 0.0202931 secs] [Times: user=0.02 sys=0.00, real=0.02 secs] 
225.447: [GC (Allocation Failure) [PSYoungGen: 405569K->91933K(465920K)] 1076129K->762629K(1216000K), 0.0187590 secs] [Times: user=0.04 sys=0.00, real=0.02 secs] 
226.753: [GC (Allocation Failure) [PSYoungGen: 324893K->37777K(465920K)] 995589K->708795K(1216000K), 0.0055326 secs] [Times: user=0.01 sys=0.00, real=0.01 secs] 
227.023: [GC (Allocation Failure) [PSYoungGen: 270737K->184687K(465920K)] 941755K->856958K(1216000K), 0.0205480 secs] [Times: user=0.03 sys=0.00, real=0.02 secs] 
227.306: [GC (Allocation Failure) [PSYoungGen: 417647K->184430K(465920K)] 1089918K->856982K(1216000K), 0.0202291 secs] [Times: user=0.02 sys=0.00, real=0.02 secs] 
227.936: [GC (Allocation Failure) [PSYoungGen: 404861K->91853K(465920K)] 1077413K->764687K(1216000K), 0.0112277 secs] [Times: user=0.02 sys=0.00, real=0.01 secs] 
228.763: [GC (Allocation Failure) [PSYoungGen: 324813K->38066K(465920K)] 997647K->711222K(1216000K), 0.0054601 secs] [Times: user=0.01 sys=0.00, real=0.00 secs] 
229.032: [GC (Allocation Failure) [PSYoungGen: 271026K->184687K(465920K)] 944182K->859095K(1216000K), 0.0206530 secs] [Times: user=0.03 sys=0.00, real=0.02 secs] 
229.315: [GC (Allocation Failure) [PSYoungGen: 417647K->184430K(465920K)] 1092055K->859119K(1216000K), 0.0202409 secs] [Times: user=0.03 sys=0.00, real=0.02 secs] 
229.945: [GC (Allocation Failure) [PSYoungGen: 404889K->91628K(465920K)] 1079579K->766591K(1216000K), 0.0113550 secs] [Times: user=0.02 sys=0.00, real=0.01 secs] 
230.751: [GC (Allocation Failure) [PSYoungGen: 324588K->38066K(465920K)] 999551K->713351K(1216000K), 0.0054890 secs] [Times: user=0.01 sys=0.00, real=0.00 secs] 
231.024: [GC (Allocation Failure) [PSYoungGen: 271026K->184687K(465920K)] 946311K->861225K(1216000K), 0.0209948 secs] [Times: user=0.03 sys=0.01, real=0.02 secs] 
231.372: [GC (Allocation Failure) [PSYoungGen: 417647K->184430K(465920K)] 1094185K->861249K(1216000K), 0.0201649 secs] [Times: user=0.03 sys=0.00, real=0.02 secs] 
232.135: [GC (Allocation Failure) [PSYoungGen: 404853K->91564K(465920K)] 1081672K->768648K(1216000K), 0.0134465 secs] [Times: user=0.02 sys=0.00, real=0.02 secs] 
233.786: [GC (Allocation Failure) [PSYoungGen: 324524K->37681K(465920K)] 1001608K->715075K(1216000K), 0.0064690 secs] [Times: user=0.01 sys=0.00, real=0.01 secs] 
234.127: [GC (Allocation Failure) [PSYoungGen: 270641K->184719K(465920K)] 948035K->863366K(1216000K), 0.0206660 secs] [Times: user=0.02 sys=0.00, real=0.02 secs] 
234.417: [GC (Allocation Failure) [PSYoungGen: 417679K->184430K(465920K)] 1096326K->863358K(1216000K), 0.0203510 secs] [Times: user=0.03 sys=0.00, real=0.02 secs] 
235.583: [GC (Allocation Failure) [PSYoungGen: 404855K->91918K(465920K)] 1083784K->771111K(1216000K), 0.0150905 secs] [Times: user=0.04 sys=0.00, real=0.02 secs] 
237.243: [GC (Allocation Failure) [PSYoungGen: 324878K->37652K(465920K)] 1004071K->717153K(1216000K), 0.0077586 secs] [Times: user=0.02 sys=0.00, real=0.01 secs] 
237.558: [GC (Allocation Failure) [PSYoungGen: 270612K->184944K(465920K)] 950113K->865699K(1216000K), 0.0206783 secs] [Times: user=0.03 sys=0.00, real=0.03 secs] 
237.840: [GC (Allocation Failure) [PSYoungGen: 417904K->184333K(465920K)] 1098659K->865369K(1216000K), 0.0201182 secs] [Times: user=0.03 sys=0.00, real=0.02 secs] 
238.523: [GC (Allocation Failure) [PSYoungGen: 404868K->91853K(465920K)] 1085904K->773283K(1216000K), 0.0112415 secs] [Times: user=0.03 sys=0.00, real=0.01 secs] 
239.388: [GC (Allocation Failure) [PSYoungGen: 324813K->38066K(465920K)] 1006243K->719681K(1216000K), 0.0059864 secs] [Times: user=0.01 sys=0.00, real=0.01 secs] 
239.658: [GC (Allocation Failure) [PSYoungGen: 271026K->184719K(465920K)] 952641K->867579K(1216000K), 0.0207752 secs] [Times: user=0.03 sys=0.00, real=0.03 secs] 
239.942: [GC (Allocation Failure) [PSYoungGen: 417679K->184558K(465920K)] 1100539K->867828K(1216000K), 0.0203526 secs] [Times: user=0.03 sys=0.00, real=0.02 secs] 
241.745: [GC (Allocation Failure) [PSYoungGen: 407016K->91484K(465920K)] 1090286K->774922K(1216000K), 0.0253855 secs] [Times: user=0.05 sys=0.00, real=0.03 secs] 
243.632: [GC (Allocation Failure) [PSYoungGen: 324444K->37909K(465920K)] 1007882K->721651K(1216000K), 0.0076379 secs] [Times: user=0.02 sys=0.00, real=0.01 secs] 
243.942: [GC (Allocation Failure) [PSYoungGen: 270869K->184590K(465920K)] 954611K->869578K(1216000K), 0.0207860 secs] [Times: user=0.03 sys=0.00, real=0.02 secs] 
244.229: [GC (Allocation Failure) [PSYoungGen: 417550K->184719K(465920K)] 1102538K->869988K(1216000K), 0.0202586 secs] [Times: user=0.02 sys=0.00, real=0.02 secs] 
245.027: [GC (Allocation Failure) [PSYoungGen: 405370K->91564K(465920K)] 1090640K->777227K(1216000K), 0.0144335 secs] [Times: user=0.03 sys=0.00, real=0.02 secs] 
245.914: [GC (Allocation Failure) [PSYoungGen: 324524K->38195K(465920K)] 1010187K->724039K(1216000K), 0.0056131 secs] [Times: user=0.02 sys=0.00, real=0.01 secs] 
246.186: [GC (Allocation Failure) [PSYoungGen: 271155K->184687K(465920K)] 956999K->871913K(1216000K), 0.0209607 secs] [Times: user=0.03 sys=0.00, real=0.02 secs] 
246.523: [GC (Allocation Failure) [PSYoungGen: 417647K->184655K(465920K)] 1104873K->872033K(1216000K), 0.0203898 secs] [Times: user=0.03 sys=0.00, real=0.02 secs] 
247.815: [GC (Allocation Failure) [PSYoungGen: 405036K->91210K(465920K)] 1092415K->778854K(1216000K), 0.0135049 secs] [Times: user=0.03 sys=0.01, real=0.02 secs] 
249.691: [GC (Allocation Failure) [PSYoungGen: 324170K->37652K(465920K)] 1011814K->725609K(1216000K), 0.0082911 secs] [Times: user=0.02 sys=0.00, real=0.01 secs] 
250.089: [GC (Allocation Failure) [PSYoungGen: 270612K->183948K(465920K)] 958569K->873159K(1216000K), 0.0207530 secs] [Times: user=0.03 sys=0.00, real=0.02 secs] 
250.379: [GC (Allocation Failure) [PSYoungGen: 416908K->184398K(465920K)] 1106119K->874034K(1216000K), 0.0201733 secs] [Times: user=0.03 sys=0.00, real=0.02 secs] 
251.086: [GC (Allocation Failure) [PSYoungGen: 404997K->92753K(465920K)] 1094633K->782534K(1216000K), 0.0122646 secs] [Times: user=0.02 sys=0.00, real=0.02 secs] 
251.964: [GC (Allocation Failure) [PSYoungGen: 325713K->38037K(465920K)] 1015494K->728126K(1216000K), 0.0055366 secs] [Times: user=0.01 sys=0.00, real=0.01 secs] 
252.233: [GC (Allocation Failure) [PSYoungGen: 270997K->184719K(465920K)] 961086K->876053K(1216000K), 0.0207403 secs] [Times: user=0.03 sys=0.00, real=0.02 secs] 
252.517: [GC (Allocation Failure) [PSYoungGen: 417679K->184655K(465920K)] 1109013K->876270K(1216000K), 0.0202517 secs] [Times: user=0.02 sys=0.00, real=0.02 secs] 
253.226: [GC (Allocation Failure) [PSYoungGen: 405167K->91371K(465920K)] 1096782K->783260K(1216000K), 0.0114424 secs] [Times: user=0.02 sys=0.00, real=0.01 secs] 
254.116: [GC (Allocation Failure) [PSYoungGen: 324331K->38066K(465920K)] 1016220K->730271K(1216000K), 0.0055197 secs] [Times: user=0.01 sys=0.00, real=0.01 secs] 
254.384: [GC (Allocation Failure) [PSYoungGen: 271026K->184719K(465920K)] 963231K->878177K(1216000K), 0.0206887 secs] [Times: user=0.03 sys=0.00, real=0.02 secs] 
254.668: [GC (Allocation Failure) [PSYoungGen: 417679K->184655K(465920K)] 1111137K->878394K(1216000K), 0.0203625 secs] [Times: user=0.02 sys=0.00, real=0.03 secs] 
256.369: [GC (Allocation Failure) [PSYoungGen: 405155K->91355K(465920K)] 1098894K->785359K(1216000K), 0.0250271 secs] [Times: user=0.05 sys=0.00, real=0.02 secs] 
257.803: [GC (Allocation Failure) [PSYoungGen: 324315K->37973K(465920K)] 1018319K->732287K(1216000K), 0.0058023 secs] [Times: user=0.01 sys=0.00, real=0.01 secs] 
258.072: [GC (Allocation Failure) [PSYoungGen: 270933K->184687K(465920K)] 965247K->880254K(1216000K), 0.0204804 secs] [Times: user=0.03 sys=0.00, real=0.02 secs] 
258.416: [GC (Allocation Failure) [PSYoungGen: 417647K->184719K(465920K)] 1113214K->880559K(1216000K), 0.0203909 secs] [Times: user=0.03 sys=0.00, real=0.02 secs] 
260.010: [GC (Allocation Failure) [PSYoungGen: 405248K->91403K(465920K)] 1101088K->787508K(1216000K), 0.0195833 secs] [Times: user=0.04 sys=0.00, real=0.02 secs] 
261.015: [GC (Allocation Failure) [PSYoungGen: 324363K->38134K(465920K)] 1020468K->734541K(1216000K), 0.0067653 secs] [Times: user=0.01 sys=0.00, real=0.01 secs] 
261.303: [GC (Allocation Failure) [PSYoungGen: 271094K->184687K(465920K)] 967501K->882476K(1216000K), 0.0207013 secs] [Times: user=0.03 sys=0.00, real=0.02 secs] 
261.589: [GC (Allocation Failure) [PSYoungGen: 417647K->184655K(465920K)] 1115436K->882589K(1216000K), 0.0202394 secs] [Times: user=0.03 sys=0.00, real=0.02 secs] 
263.217: [GC (Allocation Failure) [PSYoungGen: 405028K->91178K(465920K)] 1102962K->789386K(1216000K), 0.0170605 secs] [Times: user=0.03 sys=0.00, real=0.02 secs] 
265.514: [GC (Allocation Failure) [PSYoungGen: 324138K->35724K(465920K)] 1022346K->734239K(1216000K), 0.0085229 secs] [Times: user=0.02 sys=0.00, real=0.01 secs] 
265.905: [GC (Allocation Failure) [PSYoungGen: 268684K->184044K(465920K)] 967199K->883804K(1216000K), 0.0204665 secs] [Times: user=0.03 sys=0.00, real=0.02 secs] 
266.189: [GC (Allocation Failure) [PSYoungGen: 417004K->183626K(465920K)] 1116764K->883796K(1216000K), 0.0206995 secs] [Times: user=0.03 sys=0.00, real=0.02 secs] 
267.535: [GC (Allocation Failure) [PSYoungGen: 411807K->95291K(465920K)] 1111977K->795598K(1216000K), 0.0216397 secs] [Times: user=0.05 sys=0.00, real=0.02 secs] 
269.059: [GC (Allocation Failure) [PSYoungGen: 328251K->37652K(465920K)] 1028558K->738264K(1216000K), 0.0072682 secs] [Times: user=0.02 sys=0.00, real=0.00 secs] 
269.349: [GC (Allocation Failure) [PSYoungGen: 270612K->183916K(465920K)] 971224K->885781K(1216000K), 0.0202198 secs] [Times: user=0.03 sys=0.00, real=0.02 secs] 
269.689: [GC (Allocation Failure) [PSYoungGen: 416876K->184044K(465920K)] 1118741K->886191K(1216000K), 0.0201690 secs] [Times: user=0.03 sys=0.00, real=0.02 secs] 
270.325: [GC (Allocation Failure) [PSYoungGen: 406334K->93138K(465920K)] 1108481K->795687K(1216000K), 0.0121841 secs] [Times: user=0.02 sys=0.00, real=0.01 secs] 
271.972: [GC (Allocation Failure) [PSYoungGen: 326098K->37395K(465920K)] 1028647K->740128K(1216000K), 0.0056015 secs] [Times: user=0.01 sys=0.00, real=0.00 secs] 
272.302: [GC (Allocation Failure) [PSYoungGen: 270355K->183787K(465920K)] 973088K->887774K(1216000K), 0.0203835 secs] [Times: user=0.03 sys=0.00, real=0.02 secs] 
272.584: [GC (Allocation Failure) [PSYoungGen: 416747K->183916K(465920K)] 1120734K->888184K(1216000K), 0.0203119 secs] [Times: user=0.03 sys=0.00, real=0.02 secs] 
273.939: [GC (Allocation Failure) [PSYoungGen: 406013K->93668K(465920K)] 1110281K->798330K(1216000K), 0.0172514 secs] [Times: user=0.04 sys=0.00, real=0.01 secs] 
275.549: [GC (Allocation Failure) [PSYoungGen: 326628K->37780K(465920K)] 1031290K->742619K(1216000K), 0.0058311 secs] [Times: user=0.01 sys=0.00, real=0.00 secs] 
275.816: [GC (Allocation Failure) [PSYoungGen: 270740K->183658K(465920K)] 975579K->889743K(1216000K), 0.0202339 secs] [Times: user=0.03 sys=0.00, real=0.02 secs] 
276.099: [GC (Allocation Failure) [PSYoungGen: 416618K->184012K(465920K)] 1122703K->890378K(1216000K), 0.0202839 secs] [Times: user=0.03 sys=0.00, real=0.02 secs] 
277.409: [GC (Allocation Failure) [PSYoungGen: 406342K->93235K(465920K)] 1112707K->799866K(1216000K), 0.0127041 secs] [Times: user=0.02 sys=0.00, real=0.01 secs] 
278.356: [GC (Allocation Failure) [PSYoungGen: 326195K->38037K(465920K)] 1032826K->744976K(1216000K), 0.0056081 secs] [Times: user=0.02 sys=0.00, real=0.01 secs] 
278.625: [GC (Allocation Failure) [PSYoungGen: 270997K->184879K(465920K)] 977936K->893200K(1216000K), 0.0204449 secs] [Times: user=0.03 sys=0.00, real=0.02 secs] 
278.909: [GC (Allocation Failure) [PSYoungGen: 417839K->184687K(465920K)] 1126160K->893160K(1216000K), 0.0204283 secs] [Times: user=0.03 sys=0.00, real=0.02 secs] 
279.734: [GC (Allocation Failure) [PSYoungGen: 406611K->91178K(465920K)] 1115084K->799917K(1216000K), 0.0124311 secs] [Times: user=0.02 sys=0.00, real=0.01 secs] 
280.604: [GC (Allocation Failure) [PSYoungGen: 324138K->37938K(465920K)] 1032877K->746984K(1216000K), 0.0064628 secs] [Times: user=0.01 sys=0.00, real=0.01 secs] 
280.930: [GC (Allocation Failure) [PSYoungGen: 270898K->184173K(465920K)] 979944K->894464K(1216000K), 0.0204267 secs] [Times: user=0.03 sys=0.00, real=0.02 secs] 
281.219: [GC (Allocation Failure) [PSYoungGen: 417133K->184783K(465920K)] 1127424K->895340K(1216000K), 0.0204331 secs] [Times: user=0.03 sys=0.00, real=0.02 secs] 
283.272: [GC (Allocation Failure) [PSYoungGen: 407607K->91853K(465920K)] 1118164K->802683K(1216000K), 0.0124897 secs] [Times: user=0.02 sys=0.00, real=0.01 secs] 
284.087: [GC (Allocation Failure) [PSYoungGen: 324813K->37909K(465920K)] 1035643K->749054K(1216000K), 0.0056176 secs] [Times: user=0.01 sys=0.00, real=0.01 secs] 
284.355: [GC (Allocation Failure) [PSYoungGen: 270869K->183819K(465920K)] 982014K->896218K(1216000K), 0.0204651 secs] [Times: user=0.03 sys=0.00, real=0.02 secs] 
284.638: [GC (Allocation Failure) [PSYoungGen: 416779K->184333K(465920K)] 1129178K->897013K(1216000K), 0.0202880 secs] [Times: user=0.03 sys=0.00, real=0.02 secs] 
286.214: [GC (Allocation Failure) [PSYoungGen: 406178K->92737K(465920K)] 1118859K->805698K(1216000K), 0.0194127 secs] [Times: user=0.04 sys=0.00, real=0.02 secs] 
287.660: [GC (Allocation Failure) [PSYoungGen: 325697K->37909K(465920K)] 1038658K->751188K(1216000K), 0.0056026 secs] [Times: user=0.01 sys=0.00, real=0.00 secs] 
287.929: [GC (Allocation Failure) [PSYoungGen: 270869K->184944K(465920K)] 984148K->899469K(1216000K), 0.0203547 secs] [Times: user=0.03 sys=0.00, real=0.02 secs] 
288.218: [GC (Allocation Failure) [PSYoungGen: 417904K->184783K(465920K)] 1132429K->899589K(1216000K), 0.0205449 secs] [Times: user=0.03 sys=0.00, real=0.03 secs] 
290.228: [GC (Allocation Failure) [PSYoungGen: 405024K->91050K(465920K)] 1119830K->806129K(1216000K), 0.0192182 secs] [Times: user=0.04 sys=0.00, real=0.02 secs] 
291.746: [GC (Allocation Failure) [PSYoungGen: 324010K->37938K(465920K)] 1039089K->753323K(1216000K), 0.0071944 secs] [Times: user=0.02 sys=0.00, real=0.01 secs] 
292.052: [GC (Allocation Failure) [PSYoungGen: 270898K->186357K(465920K)] 986283K->903125K(1216000K), 0.0206973 secs] [Times: user=0.02 sys=0.00, real=0.02 secs] 
292.404: [GC (Allocation Failure) [PSYoungGen: 419317K->185972K(465920K)] 1136085K->902891K(1216000K), 0.0206432 secs] [Times: user=0.03 sys=0.00, real=0.02 secs] 
294.164: [GC (Allocation Failure) [PSYoungGen: 403310K->88527K(465920K)] 1120229K->805712K(1216000K), 0.0119861 secs] [Times: user=0.02 sys=0.00, real=0.01 secs] 
295.280: [GC (Allocation Failure) [PSYoungGen: 321487K->38066K(465920K)] 1038672K->755551K(1216000K), 0.0067455 secs] [Times: user=0.01 sys=0.00, real=0.00 secs] 
295.636: [GC (Allocation Failure) [PSYoungGen: 271026K->184173K(465920K)] 988511K->902910K(1216000K), 0.0204554 secs] [Times: user=0.03 sys=0.00, real=0.02 secs] 
295.921: [GC (Allocation Failure) [PSYoungGen: 417133K->184398K(465920K)] 1135870K->903545K(1216000K), 0.0207772 secs] [Times: user=0.03 sys=0.00, real=0.02 secs] 
296.524: [GC (Allocation Failure) [PSYoungGen: 407494K->92126K(465920K)] 1126642K->811410K(1216000K), 0.0113058 secs] [Times: user=0.02 sys=0.00, real=0.01 secs] 
297.307: [GC (Allocation Failure) [PSYoungGen: 325086K->38066K(465920K)] 1044370K->757658K(1216000K), 0.0056233 secs] [Times: user=0.01 sys=0.00, real=0.01 secs] 
297.575: [GC (Allocation Failure) [PSYoungGen: 271026K->184558K(465920K)] 990618K->905532K(1216000K), 0.0205084 secs] [Times: user=0.03 sys=0.00, real=0.02 secs] 
297.863: [GC (Allocation Failure) [PSYoungGen: 417518K->184751K(465920K)] 1138492K->905877K(1216000K), 0.0204010 secs] [Times: user=0.02 sys=0.00, real=0.02 secs] 
300.463: [GC (Allocation Failure) [PSYoungGen: 405194K->91484K(465920K)] 1126321K->813003K(1216000K), 0.0263338 secs] [Times: user=0.06 sys=0.00, real=0.03 secs] 
301.832: [GC (Allocation Failure) [PSYoungGen: 324444K->38037K(465920K)] 1045963K->759742K(1216000K), 0.0058719 secs] [Times: user=0.01 sys=0.00, real=0.00 secs] 
302.102: [GC (Allocation Failure) [PSYoungGen: 270997K->184687K(465920K)] 992702K->907645K(1216000K), 0.0226745 secs] [Times: user=0.03 sys=0.00, real=0.02 secs] 
302.482: [GC (Allocation Failure) [PSYoungGen: 417647K->184655K(465920K)] 1140605K->907894K(1216000K), 0.0205144 secs] [Times: user=0.03 sys=0.00, real=0.02 secs] 
304.039: [GC (Allocation Failure) [PSYoungGen: 405157K->91339K(465920K)] 1128397K->814844K(1216000K), 0.0161300 secs] [Times: user=0.04 sys=0.01, real=0.01 secs] 
305.966: [GC (Allocation Failure) [PSYoungGen: 324299K->37780K(465920K)] 1047804K->761593K(1216000K), 0.0074999 secs] [Times: user=0.02 sys=0.00, real=0.01 secs] 
306.269: [GC (Allocation Failure) [PSYoungGen: 270740K->184687K(465920K)] 994553K->909881K(1216000K), 0.0208998 secs] [Times: user=0.02 sys=0.00, real=0.02 secs] 
306.615: [GC (Allocation Failure) [PSYoungGen: 417647K->184719K(465920K)] 1142841K->910066K(1216000K), 0.0204880 secs] [Times: user=0.03 sys=0.00, real=0.02 secs] 
308.184: [GC (Allocation Failure) [PSYoungGen: 405225K->91596K(465920K)] 1130573K->817208K(1216000K), 0.0168766 secs] [Times: user=0.04 sys=0.00, real=0.02 secs] 
309.730: [GC (Allocation Failure) [PSYoungGen: 324556K->37777K(465920K)] 1050168K->763697K(1216000K), 0.0059482 secs] [Times: user=0.01 sys=0.00, real=0.00 secs] 
310.057: [GC (Allocation Failure) [PSYoungGen: 270737K->184783K(465920K)] 996657K->912085K(1216000K), 0.0208094 secs] [Times: user=0.03 sys=0.00, real=0.02 secs] 
310.401: [GC (Allocation Failure) [PSYoungGen: 417743K->184719K(465920K)] 1145045K->912310K(1216000K), 0.0204817 secs] [Times: user=0.02 sys=0.00, real=0.02 secs] 
311.157: [GC (Allocation Failure) [PSYoungGen: 405229K->91580K(465920K)] 1132820K->819308K(1216000K), 0.0118519 secs] [Times: user=0.02 sys=0.00, real=0.02 secs] 
312.748: [GC (Allocation Failure) [PSYoungGen: 324540K->37777K(465920K)] 1052268K->765821K(1216000K), 0.0067079 secs] [Times: user=0.02 sys=0.00, real=0.01 secs] 
313.035: [GC (Allocation Failure) [PSYoungGen: 270737K->184687K(465920K)] 998781K->914112K(1216000K), 0.0205954 secs] [Times: user=0.03 sys=0.00, real=0.02 secs] 
313.321: [GC (Allocation Failure) [PSYoungGen: 417647K->184719K(465920K)] 1147072K->914297K(1216000K), 0.0205480 secs] [Times: user=0.02 sys=0.00, real=0.02 secs] 
314.660: [GC (Allocation Failure) [PSYoungGen: 405226K->91580K(465920K)] 1134804K->821431K(1216000K), 0.0178183 secs] [Times: user=0.04 sys=0.00, real=0.01 secs] 
316.699: [GC (Allocation Failure) [PSYoungGen: 324540K->37780K(465920K)] 1054391K->767933K(1216000K), 0.0073965 secs] [Times: user=0.02 sys=0.00, real=0.00 secs] 
316.998: [GC (Allocation Failure) [PSYoungGen: 270740K->184751K(465920K)] 1000893K->916157K(1216000K), 0.0208250 secs] [Times: user=0.03 sys=0.00, real=0.03 secs] 
317.282: [GC (Allocation Failure) [PSYoungGen: 417711K->184655K(465920K)] 1149117K->916334K(1216000K), 0.0204679 secs] [Times: user=0.03 sys=0.00, real=0.02 secs] 
318.284: [GC (Allocation Failure) [PSYoungGen: 405147K->91580K(465920K)] 1136827K->823525K(1216000K), 0.0268491 secs] [Times: user=0.05 sys=0.00, real=0.03 secs] 
320.635: [GC (Allocation Failure) [PSYoungGen: 324540K->37809K(465920K)] 1056485K->770070K(1216000K), 0.0079883 secs] [Times: user=0.01 sys=0.00, real=0.01 secs] 
320.952: [GC (Allocation Failure) [PSYoungGen: 270769K->183787K(465920K)] 1003030K->917301K(1216000K), 0.0207954 secs] [Times: user=0.03 sys=0.00, real=0.02 secs] 
321.237: [GC (Allocation Failure) [PSYoungGen: 416747K->184719K(465920K)] 1150261K->918514K(1216000K), 0.0205089 secs] [Times: user=0.03 sys=0.00, real=0.02 secs] 
322.651: [GC (Allocation Failure) [PSYoungGen: 405521K->92544K(465920K)] 1139316K->826604K(1216000K), 0.0252981 secs] [Times: user=0.06 sys=0.00, real=0.02 secs] 
323.658: [GC (Allocation Failure) [PSYoungGen: 325504K->38195K(465920K)] 1059564K->772563K(1216000K), 0.0066003 secs] [Times: user=0.02 sys=0.00, real=0.01 secs] 
323.934: [GC (Allocation Failure) [PSYoungGen: 271155K->184558K(465920K)] 1005523K->920180K(1216000K), 0.0206630 secs] [Times: user=0.03 sys=0.00, real=0.02 secs] 
324.218: [GC (Allocation Failure) [PSYoungGen: 417518K->184301K(465920K)] 1153140K->920196K(1216000K), 0.0204707 secs] [Times: user=0.03 sys=0.00, real=0.02 secs] 
326.342: [GC (Allocation Failure) [PSYoungGen: 404815K->91757K(465920K)] 1140709K->827916K(1216000K), 0.0164741 secs] [Times: user=0.04 sys=0.00, real=0.02 secs] 
328.001: [GC (Allocation Failure) [PSYoungGen: 324717K->37652K(465920K)] 1060876K->774121K(1216000K), 0.0071981 secs] [Times: user=0.02 sys=0.01, real=0.01 secs] 
328.291: [GC (Allocation Failure) [PSYoungGen: 270612K->184430K(465920K)] 1007081K->922153K(1216000K), 0.0207080 secs] [Times: user=0.03 sys=0.00, real=0.02 secs] 
328.636: [GC (Allocation Failure) [PSYoungGen: 417390K->184687K(465920K)] 1155113K->922691K(1216000K), 0.0203497 secs] [Times: user=0.02 sys=0.00, real=0.02 secs] 
330.004: [GC (Allocation Failure) [PSYoungGen: 405129K->91982K(465920K)] 1143133K->830388K(1216000K), 0.0159449 secs] [Times: user=0.03 sys=0.00, real=0.02 secs] 
332.082: [GC (Allocation Failure) [PSYoungGen: 324942K->37652K(465920K)] 1063348K->776229K(1216000K), 0.0079647 secs] [Times: user=0.02 sys=0.00, real=0.01 secs] 
332.389: [GC (Allocation Failure) [PSYoungGen: 270612K->184944K(465920K)] 1009189K->924774K(1216000K), 0.0208179 secs] [Times: user=0.03 sys=0.00, real=0.02 secs] 
332.676: [GC (Allocation Failure) [PSYoungGen: 417904K->183787K(465920K)] 1157734K->923899K(1216000K), 0.0201738 secs] [Times: user=0.02 sys=0.00, real=0.02 secs] 
333.960: [GC (Allocation Failure) [PSYoungGen: 405127K->92383K(465920K)] 1145239K->832889K(1216000K), 0.0134019 secs] [Times: user=0.02 sys=0.00, real=0.01 secs] 
335.355: [GC (Allocation Failure) [PSYoungGen: 325343K->37748K(465920K)] 1065849K->778433K(1216000K), 0.0055995 secs] [Times: user=0.01 sys=0.00, real=0.01 secs] 
335.625: [GC (Allocation Failure) [PSYoungGen: 270708K->184590K(465920K)] 1011393K->926528K(1216000K), 0.0207377 secs] [Times: user=0.03 sys=0.00, real=0.02 secs] 
335.908: [GC (Allocation Failure) [PSYoungGen: 417550K->184687K(465920K)] 1159488K->926906K(1216000K), 0.0204853 secs] [Times: user=0.03 sys=0.00, real=0.03 secs] 
337.186: [GC (Allocation Failure) [PSYoungGen: 405468K->91709K(465920K)] 1147687K->834201K(1216000K), 0.0136012 secs] [Times: user=0.03 sys=0.00, real=0.02 secs] 
338.184: [GC (Allocation Failure) [PSYoungGen: 324669K->37909K(465920K)] 1067161K->780715K(1216000K), 0.0056406 secs] [Times: user=0.02 sys=0.00, real=0.01 secs] 
338.451: [GC (Allocation Failure) [PSYoungGen: 270869K->183787K(465920K)] 1013675K->927847K(1216000K), 0.0207190 secs] [Times: user=0.03 sys=0.00, real=0.02 secs] 
338.735: [GC (Allocation Failure) [PSYoungGen: 416747K->184398K(465920K)] 1160807K->928738K(1216000K), 0.0204180 secs] [Times: user=0.02 sys=0.00, real=0.02 secs] 
339.770: [GC (Allocation Failure) [PSYoungGen: 405049K->92592K(465920K)] 1149389K->837198K(1216000K), 0.0128060 secs] [Times: user=0.03 sys=0.00, real=0.01 secs] 
341.442: [GC (Allocation Failure) [PSYoungGen: 325552K->37523K(465920K)] 1070158K->782436K(1216000K), 0.0070863 secs] [Times: user=0.02 sys=0.00, real=0.01 secs] 
341.734: [GC (Allocation Failure) [PSYoungGen: 270483K->184719K(465920K)] 1015396K->930886K(1216000K), 0.0207217 secs] [Times: user=0.02 sys=0.00, real=0.02 secs] 
342.019: [GC (Allocation Failure) [PSYoungGen: 417679K->184976K(465920K)] 1163846K->931424K(1216000K), 0.0205620 secs] [Times: user=0.03 sys=0.00, real=0.02 secs] 
343.310: [GC (Allocation Failure) [PSYoungGen: 406180K->91628K(465920K)] 1152628K->838470K(1216000K), 0.0134451 secs] [Times: user=0.03 sys=0.00, real=0.01 secs] 
345.008: [GC (Allocation Failure) [PSYoungGen: 324588K->37552K(465920K)] 1071430K->784571K(1216000K), 0.0068837 secs] [Times: user=0.02 sys=0.00, real=0.01 secs] 
345.295: [GC (Allocation Failure) [PSYoungGen: 270512K->184590K(465920K)] 1017531K->932855K(1216000K), 0.0206850 secs] [Times: user=0.03 sys=0.00, real=0.02 secs] 
345.630: [GC (Allocation Failure) [PSYoungGen: 417550K->184687K(465920K)] 1165815K->933232K(1216000K), 0.0203630 secs] [Times: user=0.02 sys=0.00, real=0.02 secs] 
345.650: [Full GC (Ergonomics) [PSYoungGen: 184687K->0K(465920K)] [ParOldGen: 748545K->472363K(786432K)] 933232K->472363K(1252352K), [Metaspace: 54868K->54860K(1099776K)], 0.0626784 secs] [Times: user=0.29 sys=0.00, real=0.06 secs] 
346.361: [GC (Allocation Failure) [PSYoungGen: 225012K->92046K(465920K)] 697376K->564410K(1252352K), 0.0115477 secs] [Times: user=0.02 sys=0.00, real=0.01 secs] 
348.196: [GC (Allocation Failure) [PSYoungGen: 325006K->37809K(465920K)] 797370K->510387K(1252352K), 0.0077165 secs] [Times: user=0.02 sys=0.00, real=0.01 secs] 
348.523: [GC (Allocation Failure) [PSYoungGen: 270769K->184301K(465920K)] 743347K->658132K(1252352K), 0.0202114 secs] [Times: user=0.03 sys=0.00, real=0.02 secs] 
348.807: [GC (Allocation Failure) [PSYoungGen: 417261K->184655K(465920K)] 891092K->658767K(1252352K), 0.0201210 secs] [Times: user=0.02 sys=0.00, real=0.02 secs] 
350.130: [GC (Allocation Failure) [PSYoungGen: 409798K->91966K(465920K)] 883910K->566343K(1252352K), 0.0140070 secs] [Times: user=0.03 sys=0.00, real=0.01 secs] 
351.226: [GC (Allocation Failure) [PSYoungGen: 324926K->38037K(465920K)] 799303K->512728K(1252352K), 0.0065287 secs] [Times: user=0.02 sys=0.00, real=0.01 secs] 
351.581: [GC (Allocation Failure) [PSYoungGen: 270997K->184815K(465920K)] 745688K->660760K(1252352K), 0.0203286 secs] [Times: user=0.03 sys=0.00, real=0.02 secs] 
351.869: [GC (Allocation Failure) [PSYoungGen: 417775K->184687K(465920K)] 893720K->660904K(1252352K), 0.0209634 secs] [Times: user=0.03 sys=0.00, real=0.02 secs] 
352.665: [GC (Allocation Failure) [PSYoungGen: 406638K->91210K(465920K)] 882856K->567701K(1252352K), 0.0115596 secs] [Times: user=0.02 sys=0.00, real=0.01 secs] 
353.638: [GC (Allocation Failure) [PSYoungGen: 324170K->37938K(465920K)] 800661K->514752K(1252352K), 0.0054113 secs] [Times: user=0.01 sys=0.00, real=0.00 secs] 
353.907: [GC (Allocation Failure) [PSYoungGen: 270898K->184430K(465920K)] 747712K->662490K(1252352K), 0.0200177 secs] [Times: user=0.02 sys=0.00, real=0.02 secs] 
354.242: [GC (Allocation Failure) [PSYoungGen: 417390K->184494K(465920K)] 895450K->662835K(1252352K), 0.0200501 secs] [Times: user=0.03 sys=0.00, real=0.02 secs] 
355.087: [GC (Allocation Failure) [PSYoungGen: 407038K->91901K(465920K)] 885378K->570515K(1252352K), 0.0120936 secs] [Times: user=0.03 sys=0.00, real=0.02 secs] 
356.364: [GC (Allocation Failure) [PSYoungGen: 324861K->37938K(465920K)] 803475K->516867K(1252352K), 0.0063759 secs] [Times: user=0.02 sys=0.00, real=0.01 secs] 
356.717: [GC (Allocation Failure) [PSYoungGen: 270898K->184430K(465920K)] 749827K->664613K(1252352K), 0.0201461 secs] [Times: user=0.02 sys=0.00, real=0.02 secs] 
357.002: [GC (Allocation Failure) [PSYoungGen: 417390K->184333K(465920K)] 897573K->664797K(1252352K), 0.0201217 secs] [Times: user=0.03 sys=0.00, real=0.02 secs] 
358.616: [GC (Allocation Failure) [PSYoungGen: 409371K->92078K(465920K)] 889836K->572936K(1252352K), 0.0199624 secs] [Times: user=0.04 sys=0.00, real=0.02 secs] 
359.537: [GC (Allocation Failure) [PSYoungGen: 325038K->38163K(465920K)] 805896K->519208K(1252352K), 0.0053726 secs] [Times: user=0.01 sys=0.00, real=0.01 secs] 
359.806: [GC (Allocation Failure) [PSYoungGen: 271123K->184687K(465920K)] 752168K->666985K(1252352K), 0.0201735 secs] [Times: user=0.02 sys=0.00, real=0.02 secs] 
360.090: [GC (Allocation Failure) [PSYoungGen: 417647K->184687K(465920K)] 899945K->667403K(1252352K), 0.0200651 secs] [Times: user=0.03 sys=0.00, real=0.02 secs] 
361.160: [GC (Allocation Failure) [PSYoungGen: 407121K->91178K(465920K)] 889837K->574031K(1252352K), 0.0120023 secs] [Times: user=0.03 sys=0.00, real=0.01 secs] 
361.978: [GC (Allocation Failure) [PSYoungGen: 324138K->38066K(465920K)] 806991K->521227K(1252352K), 0.0053728 secs] [Times: user=0.02 sys=0.00, real=0.01 secs] 
362.247: [GC (Allocation Failure) [PSYoungGen: 271026K->184687K(465920K)] 754187K->669093K(1252352K), 0.0202175 secs] [Times: user=0.03 sys=0.00, real=0.02 secs] 
362.540: [GC (Allocation Failure) [PSYoungGen: 417647K->184687K(465920K)] 902053K->669374K(1252352K), 0.0201014 secs] [Times: user=0.03 sys=0.00, real=0.02 secs] 
363.700: [GC (Allocation Failure) [PSYoungGen: 407249K->91339K(465920K)] 891936K->576300K(1252352K), 0.0265879 secs] [Times: user=0.05 sys=0.01, real=0.02 secs] 
364.569: [GC (Allocation Failure) [PSYoungGen: 324299K->38166K(465920K)] 809260K->523434K(1252352K), 0.0055071 secs] [Times: user=0.01 sys=0.00, real=0.00 secs] 
364.837: [GC (Allocation Failure) [PSYoungGen: 271126K->184687K(465920K)] 756394K->671209K(1252352K), 0.0203749 secs] [Times: user=0.03 sys=0.00, real=0.02 secs] 
365.181: [GC (Allocation Failure) [PSYoungGen: 417647K->184687K(465920K)] 904169K->671490K(1252352K), 0.0200688 secs] [Times: user=0.02 sys=0.00, real=0.02 secs] 
366.932: [GC (Allocation Failure) [PSYoungGen: 407112K->91210K(465920K)] 893915K->578278K(1252352K), 0.0195379 secs] [Times: user=0.04 sys=0.00, real=0.02 secs] 
369.364: [GC (Allocation Failure) [PSYoungGen: 324170K->37552K(465920K)] 811238K->524926K(1252352K), 0.0075475 secs] [Times: user=0.02 sys=0.00, real=0.01 secs] 
369.677: [GC (Allocation Failure) [PSYoungGen: 270512K->183787K(465920K)] 757886K->672414K(1252352K), 0.0200970 secs] [Times: user=0.03 sys=0.00, real=0.02 secs] 
370.014: [GC (Allocation Failure) [PSYoungGen: 416747K->184462K(465920K)] 905374K->673370K(1252352K), 0.0200981 secs] [Times: user=0.02 sys=0.00, real=0.02 secs] 
370.827: [GC (Allocation Failure) [PSYoungGen: 409548K->93010K(465920K)] 898456K->582328K(1252352K), 0.0121654 secs] [Times: user=0.02 sys=0.00, real=0.02 secs] 
372.380: [GC (Allocation Failure) [PSYoungGen: 325970K->37809K(465920K)] 815288K->527320K(1252352K), 0.0063361 secs] [Times: user=0.01 sys=0.00, real=0.00 secs] 
372.669: [GC (Allocation Failure) [PSYoungGen: 270769K->184687K(465920K)] 760280K->675451K(1252352K), 0.0201699 secs] [Times: user=0.03 sys=0.00, real=0.02 secs] 
372.957: [GC (Allocation Failure) [PSYoungGen: 417647K->184687K(465920K)] 908411K->675861K(1252352K), 0.0201029 secs] [Times: user=0.02 sys=0.00, real=0.02 secs] 
374.082: [GC (Allocation Failure) [PSYoungGen: 407382K->91564K(465920K)] 898556K->583011K(1252352K), 0.0128979 secs] [Times: user=0.02 sys=0.00, real=0.01 secs] 
375.569: [GC (Allocation Failure) [PSYoungGen: 324524K->37938K(465920K)] 815971K->529562K(1252352K), 0.0056373 secs] [Times: user=0.02 sys=0.00, real=0.00 secs] 
375.838: [GC (Allocation Failure) [PSYoungGen: 270898K->184719K(465920K)] 762522K->677717K(1252352K), 0.0203196 secs] [Times: user=0.02 sys=0.00, real=0.02 secs] 
376.124: [GC (Allocation Failure) [PSYoungGen: 417679K->184655K(465920K)] 910677K->677806K(1252352K), 0.0201145 secs] [Times: user=0.03 sys=0.00, real=0.02 secs] 
378.164: [GC (Allocation Failure) [PSYoungGen: 407216K->91499K(465920K)] 900367K->584924K(1252352K), 0.0245935 secs] [Times: user=0.05 sys=0.00, real=0.02 secs] 
379.308: [GC (Allocation Failure) [PSYoungGen: 324459K->38037K(465920K)] 817884K->531769K(1252352K), 0.0053453 secs] [Times: user=0.01 sys=0.00, real=0.01 secs] 
379.576: [GC (Allocation Failure) [PSYoungGen: 270997K->184687K(465920K)] 764729K->679672K(1252352K), 0.0202816 secs] [Times: user=0.03 sys=0.00, real=0.02 secs] 
379.920: [GC (Allocation Failure) [PSYoungGen: 417647K->184751K(465920K)] 912632K->680017K(1252352K), 0.0201581 secs] [Times: user=0.03 sys=0.00, real=0.02 secs] 
381.077: [GC (Allocation Failure) [PSYoungGen: 407304K->91339K(465920K)] 902571K->586895K(1252352K), 0.0130482 secs] [Times: user=0.02 sys=0.00, real=0.02 secs] 
381.933: [GC (Allocation Failure) [PSYoungGen: 324299K->38066K(465920K)] 819855K->533938K(1252352K), 0.0053783 secs] [Times: user=0.01 sys=0.00, real=0.00 secs] 
382.201: [GC (Allocation Failure) [PSYoungGen: 271026K->183916K(465920K)] 766898K->681041K(1252352K), 0.0200911 secs] [Times: user=0.03 sys=0.00, real=0.02 secs] 
382.484: [GC (Allocation Failure) [PSYoungGen: 416876K->184398K(465920K)] 914001K->681804K(1252352K), 0.0200460 secs] [Times: user=0.03 sys=0.00, real=0.02 secs] 
383.630: [GC (Allocation Failure) [PSYoungGen: 409605K->92351K(465920K)] 907011K->590022K(1252352K), 0.0119759 secs] [Times: user=0.03 sys=0.00, real=0.01 secs] 
384.490: [GC (Allocation Failure) [PSYoungGen: 325311K->38037K(465920K)] 822982K->536024K(1252352K), 0.0056355 secs] [Times: user=0.01 sys=0.00, real=0.00 secs] 
384.759: [GC (Allocation Failure) [PSYoungGen: 270997K->184687K(465920K)] 768984K->683927K(1252352K), 0.0201289 secs] [Times: user=0.02 sys=0.00, real=0.02 secs] 
385.042: [GC (Allocation Failure) [PSYoungGen: 417647K->184687K(465920K)] 916887K->684337K(1252352K), 0.0200422 secs] [Times: user=0.03 sys=0.00, real=0.02 secs] 
387.179: [GC (Allocation Failure) [PSYoungGen: 407120K->91307K(465920K)] 906770K->591230K(1252352K), 0.0260634 secs] [Times: user=0.05 sys=0.00, real=0.02 secs] 
389.622: [GC (Allocation Failure) [PSYoungGen: 324267K->38166K(465920K)] 824190K->538276K(1252352K), 0.0068368 secs] [Times: user=0.01 sys=0.00, real=0.01 secs] 
389.980: [GC (Allocation Failure) [PSYoungGen: 271126K->184076K(465920K)] 771236K->685432K(1252352K), 0.0203110 secs] [Times: user=0.03 sys=0.00, real=0.02 secs] 
390.324: [GC (Allocation Failure) [PSYoungGen: 417036K->184558K(465920K)] 918392K->686211K(1252352K), 0.0201579 secs] [Times: user=0.03 sys=0.00, real=0.02 secs] 
391.005: [GC (Allocation Failure) [PSYoungGen: 405122K->91950K(465920K)] 906775K->593876K(1252352K), 0.0115742 secs] [Times: user=0.02 sys=0.00, real=0.01 secs] 
392.377: [GC (Allocation Failure) [PSYoungGen: 324910K->37681K(465920K)] 826836K->539925K(1252352K), 0.0068797 secs] [Times: user=0.02 sys=0.00, real=0.01 secs] 
392.677: [GC (Allocation Failure) [PSYoungGen: 270641K->184687K(465920K)] 772885K->688184K(1252352K), 0.0201882 secs] [Times: user=0.02 sys=0.00, real=0.02 secs] 
392.960: [GC (Allocation Failure) [PSYoungGen: 417647K->184012K(465920K)] 921144K->687791K(1252352K), 0.0200618 secs] [Times: user=0.03 sys=0.00, real=0.02 secs] 
394.416: [GC (Allocation Failure) [PSYoungGen: 408016K->92335K(465920K)] 911795K->596387K(1252352K), 0.0306922 secs] [Times: user=0.07 sys=0.00, real=0.03 secs] 
396.256: [GC (Allocation Failure) [PSYoungGen: 325295K->37938K(465920K)] 829347K->542297K(1252352K), 0.0063979 secs] [Times: user=0.01 sys=0.00, real=0.01 secs] 
396.540: [GC (Allocation Failure) [PSYoungGen: 270898K->184430K(465920K)] 775257K->690163K(1252352K), 0.0203241 secs] [Times: user=0.03 sys=0.00, real=0.02 secs] 
396.825: [GC (Allocation Failure) [PSYoungGen: 417390K->184526K(465920K)] 923123K->690412K(1252352K), 0.0218290 secs] [Times: user=0.03 sys=0.00, real=0.02 secs] 
399.299: [GC (Allocation Failure) [PSYoungGen: 407064K->91885K(465920K)] 912950K->598036K(1252352K), 0.0258227 secs] [Times: user=0.05 sys=0.00, real=0.02 secs] 
402.542: [GC (Allocation Failure) [PSYoungGen: 324845K->38198K(465920K)] 830996K->544663K(1252352K), 0.0064628 secs] [Times: user=0.01 sys=0.00, real=0.01 secs] 
402.884: [GC (Allocation Failure) [PSYoungGen: 271158K->184944K(465920K)] 777623K->692662K(1252352K), 0.0204141 secs] [Times: user=0.02 sys=0.00, real=0.02 secs] 
403.171: [GC (Allocation Failure) [PSYoungGen: 417904K->184912K(465920K)] 925622K->692911K(1252352K), 0.0201342 secs] [Times: user=0.02 sys=0.00, real=0.02 secs] 
403.849: [GC (Allocation Failure) [PSYoungGen: 407195K->90696K(465920K)] 915194K->598969K(1252352K), 0.0118569 secs] [Times: user=0.02 sys=0.00, real=0.01 secs] 
404.660: [GC (Allocation Failure) [PSYoungGen: 323656K->38002K(465920K)] 831929K->546575K(1252352K), 0.0105704 secs] [Times: user=0.02 sys=0.00, real=0.01 secs] 
405.001: [GC (Allocation Failure) [PSYoungGen: 270962K->184558K(465920K)] 779535K->694384K(1252352K), 0.0203997 secs] [Times: user=0.02 sys=0.00, real=0.02 secs] 
405.284: [GC (Allocation Failure) [PSYoungGen: 417518K->184655K(465920K)] 927344K->694762K(1252352K), 0.0201409 secs] [Times: user=0.02 sys=0.00, real=0.02 secs] 
406.978: [GC (Allocation Failure) [PSYoungGen: 407113K->91499K(465920K)] 917220K->602000K(1252352K), 0.0141555 secs] [Times: user=0.03 sys=0.00, real=0.02 secs] 
408.944: [GC (Allocation Failure) [PSYoungGen: 324459K->37552K(465920K)] 834960K->548234K(1252352K), 0.0075645 secs] [Times: user=0.02 sys=0.00, real=0.01 secs] 
409.247: [GC (Allocation Failure) [PSYoungGen: 270512K->183787K(465920K)] 781194K->695723K(1252352K), 0.0202899 secs] [Times: user=0.02 sys=0.00, real=0.02 secs] 
409.592: [GC (Allocation Failure) [PSYoungGen: 416747K->184269K(465920K)] 928683K->696614K(1252352K), 0.0202101 secs] [Times: user=0.03 sys=0.00, real=0.02 secs] 
410.243: [GC (Allocation Failure) [PSYoungGen: 410662K->93138K(465920K)] 923007K->605620K(1252352K), 0.0115943 secs] [Times: user=0.03 sys=0.00, real=0.01 secs] 
411.860: [GC (Allocation Failure) [PSYoungGen: 326098K->37649K(465920K)] 838580K->550446K(1252352K), 0.0075142 secs] [Times: user=0.02 sys=0.00, real=0.00 secs] 
412.175: [GC (Allocation Failure) [PSYoungGen: 270609K->184558K(465920K)] 783406K->698609K(1252352K), 0.0203767 secs] [Times: user=0.02 sys=0.00, real=0.02 secs] 
412.459: [GC (Allocation Failure) [PSYoungGen: 417518K->184526K(465920K)] 931569K->698987K(1252352K), 0.0203300 secs] [Times: user=0.03 sys=0.00, real=0.02 secs] 
414.829: [GC (Allocation Failure) [PSYoungGen: 407529K->92014K(465920K)] 921990K->606619K(1252352K), 0.0196949 secs] [Times: user=0.04 sys=0.00, real=0.02 secs] 
415.696: [GC (Allocation Failure) [PSYoungGen: 324974K->38034K(465920K)] 839579K->552947K(1252352K), 0.0053842 secs] [Times: user=0.01 sys=0.00, real=0.01 secs] 
416.024: [GC (Allocation Failure) [PSYoungGen: 270994K->184430K(465920K)] 785907K->700588K(1252352K), 0.0203616 secs] [Times: user=0.03 sys=0.00, real=0.02 secs] 
416.366: [GC (Allocation Failure) [PSYoungGen: 417390K->184526K(465920K)] 933548K->700966K(1252352K), 0.0201134 secs] [Times: user=0.02 sys=0.00, real=0.02 secs] 
417.586: [GC (Allocation Failure) [PSYoungGen: 407069K->91741K(465920K)] 923508K->608453K(1252352K), 0.0185399 secs] [Times: user=0.04 sys=0.01, real=0.02 secs] 
418.716: [GC (Allocation Failure) [PSYoungGen: 324701K->37909K(465920K)] 841413K->554945K(1252352K), 0.0064373 secs] [Times: user=0.01 sys=0.00, real=0.01 secs] 
419.001: [GC (Allocation Failure) [PSYoungGen: 270869K->184944K(465920K)] 787905K->703226K(1252352K), 0.0202353 secs] [Times: user=0.02 sys=0.00, real=0.02 secs] 
419.286: [GC (Allocation Failure) [PSYoungGen: 417904K->184365K(465920K)] 936186K->702928K(1252352K), 0.0199895 secs] [Times: user=0.03 sys=0.00, real=0.02 secs] 
419.994: [GC (Allocation Failure) [PSYoungGen: 407261K->91628K(465920K)] 925824K->610592K(1252352K), 0.0117255 secs] [Times: user=0.02 sys=0.00, real=0.01 secs] 
420.858: [GC (Allocation Failure) [PSYoungGen: 324588K->38066K(465920K)] 843552K->557210K(1252352K), 0.0054012 secs] [Times: user=0.01 sys=0.00, real=0.01 secs] 
421.126: [GC (Allocation Failure) [PSYoungGen: 271026K->184687K(465920K)] 790170K->705076K(1252352K), 0.0201496 secs] [Times: user=0.03 sys=0.00, real=0.02 secs] 
421.410: [GC (Allocation Failure) [PSYoungGen: 417647K->184687K(465920K)] 938036K->705485K(1252352K), 0.0201263 secs] [Times: user=0.03 sys=0.00, real=0.02 secs] 
422.892: [GC (Allocation Failure) [PSYoungGen: 407128K->91339K(465920K)] 927927K->612411K(1252352K), 0.0181076 secs] [Times: user=0.03 sys=0.00, real=0.02 secs] 
423.764: [GC (Allocation Failure) [PSYoungGen: 324299K->38037K(465920K)] 845371K->559294K(1252352K), 0.0053952 secs] [Times: user=0.01 sys=0.01, real=0.01 secs] 
424.032: [GC (Allocation Failure) [PSYoungGen: 270997K->183819K(465920K)] 792254K->706330K(1252352K), 0.0201110 secs] [Times: user=0.03 sys=0.00, real=0.02 secs] 
424.378: [GC (Allocation Failure) [PSYoungGen: 416779K->184687K(465920K)] 939290K->707478K(1252352K), 0.0202393 secs] [Times: user=0.02 sys=0.00, real=0.03 secs] 
425.032: [GC (Allocation Failure) [PSYoungGen: 410108K->92207K(465920K)] 932900K->615263K(1252352K), 0.0117334 secs] [Times: user=0.03 sys=0.00, real=0.01 secs] 
425.972: [GC (Allocation Failure) [PSYoungGen: 325167K->38195K(465920K)] 848223K->561559K(1252352K), 0.0069262 secs] [Times: user=0.01 sys=0.00, real=0.01 secs] 
426.333: [GC (Allocation Failure) [PSYoungGen: 271155K->184719K(465920K)] 794519K->709465K(1252352K), 0.0202853 secs] [Times: user=0.02 sys=0.00, real=0.02 secs] 
426.615: [GC (Allocation Failure) [PSYoungGen: 417679K->184655K(465920K)] 942425K->709554K(1252352K), 0.0201279 secs] [Times: user=0.03 sys=0.00, real=0.02 secs] 
427.463: [GC (Allocation Failure) [PSYoungGen: 407060K->91194K(465920K)] 931959K->616359K(1252352K), 0.0114968 secs] [Times: user=0.03 sys=0.00, real=0.01 secs] 
429.155: [GC (Allocation Failure) [PSYoungGen: 324154K->37780K(465920K)] 849319K->563250K(1252352K), 0.0074007 secs] [Times: user=0.01 sys=0.00, real=0.01 secs] 
429.464: [GC (Allocation Failure) [PSYoungGen: 270740K->184687K(465920K)] 796210K->711539K(1252352K), 0.0203934 secs] [Times: user=0.02 sys=0.00, real=0.02 secs] 
429.803: [GC (Allocation Failure) [PSYoungGen: 417647K->182791K(465920K)] 944499K->709795K(1252352K), 0.0201311 secs] [Times: user=0.02 sys=0.00, real=0.02 secs] 
431.228: [GC (Allocation Failure) [PSYoungGen: 408980K->93524K(465920K)] 935985K->620809K(1252352K), 0.0251360 secs] [Times: user=0.05 sys=0.00, real=0.03 secs] 
433.254: [GC (Allocation Failure) [PSYoungGen: 326484K->38037K(465920K)] 853769K->565627K(1252352K), 0.0070776 secs] [Times: user=0.02 sys=0.00, real=0.01 secs] 
433.554: [GC (Allocation Failure) [PSYoungGen: 270997K->184815K(465920K)] 798587K->713787K(1252352K), 0.0203263 secs] [Times: user=0.03 sys=0.00, real=0.02 secs] 
433.837: [GC (Allocation Failure) [PSYoungGen: 417775K->184590K(465920K)] 946747K->713714K(1252352K), 0.0202427 secs] [Times: user=0.03 sys=0.00, real=0.02 secs] 
435.215: [GC (Allocation Failure) [PSYoungGen: 406970K->91307K(465920K)] 936094K->620696K(1252352K), 0.0183122 secs] [Times: user=0.03 sys=0.00, real=0.02 secs] 
436.596: [GC (Allocation Failure) [PSYoungGen: 324267K->37909K(465920K)] 853656K->567596K(1252352K), 0.0069899 secs] [Times: user=0.01 sys=0.00, real=0.01 secs] 
436.895: [GC (Allocation Failure) [PSYoungGen: 270869K->183787K(465920K)] 800556K->714728K(1252352K), 0.0202985 secs] [Times: user=0.03 sys=0.00, real=0.02 secs] 
437.183: [GC (Allocation Failure) [PSYoungGen: 416747K->184430K(465920K)] 947688K->715651K(1252352K), 0.0202132 secs] [Times: user=0.03 sys=0.00, real=0.02 secs] 
437.940: [GC (Allocation Failure) [PSYoungGen: 408240K->92656K(465920K)] 939462K->624159K(1252352K), 0.0114889 secs] [Times: user=0.02 sys=0.00, real=0.01 secs] 
438.766: [GC (Allocation Failure) [PSYoungGen: 325616K->37909K(465920K)] 857119K->569719K(1252352K), 0.0060521 secs] [Times: user=0.01 sys=0.00, real=0.01 secs] 
439.097: [GC (Allocation Failure) [PSYoungGen: 270869K->184976K(465920K)] 802679K->718040K(1252352K), 0.0205643 secs] [Times: user=0.02 sys=0.00, real=0.02 secs] 
439.440: [GC (Allocation Failure) [PSYoungGen: 417936K->184912K(465920K)] 951000K->718257K(1252352K), 0.0201162 secs] [Times: user=0.03 sys=0.00, real=0.02 secs] 
440.668: [GC (Allocation Failure) [PSYoungGen: 408372K->90985K(465920K)] 941717K->624596K(1252352K), 0.0141007 secs] [Times: user=0.03 sys=0.00, real=0.02 secs] 
441.724: [GC (Allocation Failure) [PSYoungGen: 323945K->38066K(465920K)] 857556K->571984K(1252352K), 0.0053962 secs] [Times: user=0.02 sys=0.00, real=0.01 secs] 
441.994: [GC (Allocation Failure) [PSYoungGen: 271026K->184301K(465920K)] 804944K->719473K(1252352K), 0.0203669 secs] [Times: user=0.03 sys=0.00, real=0.02 secs] 
442.281: [GC (Allocation Failure) [PSYoungGen: 417261K->184944K(465920K)] 952433K->720396K(1252352K), 0.0203303 secs] [Times: user=0.02 sys=0.00, real=0.02 secs] 
443.455: [GC (Allocation Failure) [PSYoungGen: 408015K->91435K(465920K)] 943467K->627153K(1252352K), 0.0115250 secs] [Times: user=0.03 sys=0.00, real=0.01 secs] 
444.842: [GC (Allocation Failure) [PSYoungGen: 324395K->37780K(465920K)] 860113K->573805K(1252352K), 0.0064522 secs] [Times: user=0.01 sys=0.00, real=0.00 secs] 
445.118: [GC (Allocation Failure) [PSYoungGen: 270740K->184558K(465920K)] 806765K->721837K(1252352K), 0.0203531 secs] [Times: user=0.03 sys=0.00, real=0.03 secs] 
445.402: [GC (Allocation Failure) [PSYoungGen: 417518K->184687K(465920K)] 954797K->722247K(1252352K), 0.0202816 secs] [Times: user=0.02 sys=0.00, real=0.02 secs] 
446.066: [GC (Allocation Failure) [PSYoungGen: 407146K->91693K(465920K)] 944706K->629662K(1252352K), 0.0110350 secs] [Times: user=0.02 sys=0.00, real=0.01 secs] 
447.024: [GC (Allocation Failure) [PSYoungGen: 324653K->38037K(465920K)] 862622K->576192K(1252352K), 0.0067040 secs] [Times: user=0.01 sys=0.00, real=0.01 secs] 
447.299: [GC (Allocation Failure) [PSYoungGen: 270997K->183787K(465920K)] 809152K->723195K(1252352K), 0.0203718 secs] [Times: user=0.02 sys=0.00, real=0.02 secs] 
447.642: [GC (Allocation Failure) [PSYoungGen: 416747K->184301K(465920K)] 956155K->724119K(1252352K), 0.0207932 secs] [Times: user=0.03 sys=0.00, real=0.02 secs] 
449.388: [GC (Allocation Failure) [PSYoungGen: 408123K->92656K(465920K)] 947941K->632611K(1252352K), 0.0146998 secs] [Times: user=0.03 sys=0.00, real=0.02 secs] 
450.958: [GC (Allocation Failure) [PSYoungGen: 325616K->37167K(465920K)] 865571K->577445K(1252352K), 0.0081328 secs] [Times: user=0.02 sys=0.00, real=0.01 secs] 
451.285: [GC (Allocation Failure) [PSYoungGen: 270127K->184430K(465920K)] 810405K->725962K(1252352K), 0.0203906 secs] [Times: user=0.03 sys=0.00, real=0.02 secs] 
451.624: [GC (Allocation Failure) [PSYoungGen: 417390K->184301K(465920K)] 958922K->726114K(1252352K), 0.0203815 secs] [Times: user=0.03 sys=0.00, real=0.02 secs] 
452.652: [GC (Allocation Failure) [PSYoungGen: 409349K->92849K(465920K)] 951162K->635064K(1252352K), 0.0248671 secs] [Times: user=0.05 sys=0.00, real=0.02 secs] 
454.674: [GC (Allocation Failure) [PSYoungGen: 325809K->38066K(465920K)] 868024K->580466K(1252352K), 0.0074188 secs] [Times: user=0.01 sys=0.00, real=0.01 secs] 
455.059: [GC (Allocation Failure) [PSYoungGen: 271026K->184687K(465920K)] 813426K->728340K(1252352K), 0.0202916 secs] [Times: user=0.02 sys=0.00, real=0.02 secs] 
455.342: [GC (Allocation Failure) [PSYoungGen: 417647K->184687K(465920K)] 961300K->728621K(1252352K), 0.0201705 secs] [Times: user=0.03 sys=0.00, real=0.02 secs] 
456.573: [GC (Allocation Failure) [PSYoungGen: 407251K->91339K(465920K)] 951186K->635539K(1252352K), 0.0130338 secs] [Times: user=0.03 sys=0.00, real=0.01 secs] 
458.857: [GC (Allocation Failure) [PSYoungGen: 324299K->38166K(465920K)] 868499K->582673K(1252352K), 0.0070230 secs] [Times: user=0.02 sys=0.00, real=0.01 secs] 
459.156: [GC (Allocation Failure) [PSYoungGen: 271126K->184687K(465920K)] 815633K->730568K(1252352K), 0.0203507 secs] [Times: user=0.03 sys=0.00, real=0.02 secs] 
459.440: [GC (Allocation Failure) [PSYoungGen: 417647K->184687K(465920K)] 963528K->730721K(1252352K), 0.0200817 secs] [Times: user=0.02 sys=0.00, real=0.02 secs] 
461.304: [GC (Allocation Failure) [PSYoungGen: 407643K->91226K(465920K)] 953677K->637534K(1252352K), 0.0120438 secs] [Times: user=0.02 sys=0.00, real=0.01 secs] 
462.108: [GC (Allocation Failure) [PSYoungGen: 324186K->38066K(465920K)] 870494K->584691K(1252352K), 0.0054677 secs] [Times: user=0.02 sys=0.00, real=0.01 secs] 
462.375: [GC (Allocation Failure) [PSYoungGen: 271026K->184173K(465920K)] 817651K->732051K(1252352K), 0.0200854 secs] [Times: user=0.03 sys=0.00, real=0.02 secs] 
462.716: [GC (Allocation Failure) [PSYoungGen: 417133K->184558K(465920K)] 965011K->732846K(1252352K), 0.0203027 secs] [Times: user=0.03 sys=0.00, real=0.02 secs] 
463.386: [GC (Allocation Failure) [PSYoungGen: 409728K->91950K(465920K)] 958015K->640374K(1252352K), 0.0114437 secs] [Times: user=0.02 sys=0.00, real=0.01 secs] 
464.957: [GC (Allocation Failure) [PSYoungGen: 324910K->37780K(465920K)] 873334K->586514K(1252352K), 0.0063558 secs] [Times: user=0.02 sys=0.00, real=0.01 secs] 
465.235: [GC (Allocation Failure) [PSYoungGen: 270740K->184430K(465920K)] 819474K->734417K(1252352K), 0.0202821 secs] [Times: user=0.02 sys=0.00, real=0.02 secs] 
465.578: [GC (Allocation Failure) [PSYoungGen: 417390K->184687K(465920K)] 967377K->735084K(1252352K), 0.0203487 secs] [Times: user=0.02 sys=0.00, real=0.03 secs] 
468.190: [GC (Allocation Failure) [PSYoungGen: 409785K->91885K(465920K)] 960182K->642427K(1252352K), 0.0146054 secs] [Times: user=0.02 sys=0.00, real=0.01 secs] 
469.098: [GC (Allocation Failure) [PSYoungGen: 324845K->37909K(465920K)] 875387K->588764K(1252352K), 0.0054775 secs] [Times: user=0.01 sys=0.00, real=0.01 secs] 
469.367: [GC (Allocation Failure) [PSYoungGen: 270869K->184301K(465920K)] 821724K->736402K(1252352K), 0.0204980 secs] [Times: user=0.03 sys=0.00, real=0.02 secs] 
469.709: [GC (Allocation Failure) [PSYoungGen: 417261K->184687K(465920K)] 969362K->737069K(1252352K), 0.0203503 secs] [Times: user=0.03 sys=0.00, real=0.02 secs] 
470.552: [GC (Allocation Failure) [PSYoungGen: 407609K->91853K(465920K)] 959991K->644500K(1252352K), 0.0122149 secs] [Times: user=0.02 sys=0.01, real=0.01 secs] 
471.370: [GC (Allocation Failure) [PSYoungGen: 324813K->38066K(465920K)] 877460K->591030K(1252352K), 0.0054187 secs] [Times: user=0.01 sys=0.00, real=0.00 secs] 
471.700: [GC (Allocation Failure) [PSYoungGen: 271026K->184687K(465920K)] 823990K->738896K(1252352K), 0.0204026 secs] [Times: user=0.02 sys=0.00, real=0.02 secs] 
471.984: [GC (Allocation Failure) [PSYoungGen: 417647K->184398K(465920K)] 971856K->738888K(1252352K), 0.0206255 secs] [Times: user=0.03 sys=0.00, real=0.02 secs] 
473.193: [GC (Allocation Failure) [PSYoungGen: 406858K->91580K(465920K)] 961348K->646343K(1252352K), 0.0190005 secs] [Times: user=0.04 sys=0.00, real=0.02 secs] 
475.434: [GC (Allocation Failure) [PSYoungGen: 324540K->37780K(465920K)] 879303K->592859K(1252352K), 0.0073866 secs] [Times: user=0.02 sys=0.00, real=0.01 secs] 
475.752: [GC (Allocation Failure) [PSYoungGen: 270740K->184687K(465920K)] 825819K->741019K(1252352K), 0.0202697 secs] [Times: user=0.02 sys=0.00, real=0.02 secs] 
476.035: [GC (Allocation Failure) [PSYoungGen: 417647K->184398K(465920K)] 973979K->741011K(1252352K), 0.0202062 secs] [Times: user=0.03 sys=0.01, real=0.02 secs] 
477.204: [GC (Allocation Failure) [PSYoungGen: 406879K->91885K(465920K)] 963492K->648764K(1252352K), 0.0132109 secs] [Times: user=0.02 sys=0.00, real=0.01 secs] 
478.354: [GC (Allocation Failure) [PSYoungGen: 324845K->38066K(465920K)] 881724K->595258K(1252352K), 0.0063860 secs] [Times: user=0.01 sys=0.00, real=0.01 secs] 
478.632: [GC (Allocation Failure) [PSYoungGen: 271026K->184687K(465920K)] 828218K->743132K(1252352K), 0.0203832 secs] [Times: user=0.03 sys=0.00, real=0.02 secs] 
478.915: [GC (Allocation Failure) [PSYoungGen: 417647K->184398K(465920K)] 976092K->743124K(1252352K), 0.0200393 secs] [Times: user=0.03 sys=0.00, real=0.02 secs] 
480.990: [GC (Allocation Failure) [PSYoungGen: 407118K->91628K(465920K)] 965845K->650620K(1252352K), 0.0121166 secs] [Times: user=0.02 sys=0.00, real=0.01 secs] 
482.521: [GC (Allocation Failure) [PSYoungGen: 324588K->37780K(465920K)] 883580K->597086K(1252352K), 0.0069748 secs] [Times: user=0.02 sys=0.00, real=0.00 secs] 
482.817: [GC (Allocation Failure) [PSYoungGen: 270740K->183948K(465920K)] 830046K->744499K(1252352K), 0.0202404 secs] [Times: user=0.02 sys=0.00, real=0.02 secs] 
483.101: [GC (Allocation Failure) [PSYoungGen: 416908K->184430K(465920K)] 977459K->745270K(1252352K), 0.0201141 secs] [Times: user=0.03 sys=0.00, real=0.02 secs] 
483.796: [GC (Allocation Failure) [PSYoungGen: 409653K->92640K(465920K)] 970493K->653746K(1252352K), 0.0122135 secs] [Times: user=0.02 sys=0.00, real=0.01 secs] 
484.719: [GC (Allocation Failure) [PSYoungGen: 325600K->38005K(465920K)] 886706K->599418K(1252352K), 0.0054676 secs] [Times: user=0.01 sys=0.00, real=0.00 secs] 
484.987: [GC (Allocation Failure) [PSYoungGen: 270965K->184719K(465920K)] 832378K->747385K(1252352K), 0.0202511 secs] [Times: user=0.03 sys=0.00, real=0.02 secs] 
485.271: [GC (Allocation Failure) [PSYoungGen: 417679K->184655K(465920K)] 980345K->747731K(1252352K), 0.0201900 secs] [Times: user=0.03 sys=0.00, real=0.02 secs] 
486.648: [GC (Allocation Failure) [PSYoungGen: 407087K->91387K(465920K)] 970163K->654728K(1252352K), 0.0192968 secs] [Times: user=0.04 sys=0.00, real=0.02 secs] 
488.778: [GC (Allocation Failure) [PSYoungGen: 324347K->37681K(465920K)] 887688K->601209K(1252352K), 0.0070866 secs] [Times: user=0.02 sys=0.00, real=0.01 secs] 
489.075: [GC (Allocation Failure) [PSYoungGen: 270641K->183787K(465920K)] 834169K->748569K(1252352K), 0.0202274 secs] [Times: user=0.03 sys=0.00, real=0.02 secs] 
489.359: [GC (Allocation Failure) [PSYoungGen: 416747K->184398K(465920K)] 981529K->749461K(1252352K), 0.0201832 secs] [Times: user=0.03 sys=0.00, real=0.02 secs] 
491.720: [GC (Allocation Failure) [PSYoungGen: 409793K->92945K(465920K)] 974856K->658273K(1252352K), 0.0240942 secs] [Times: user=0.05 sys=0.00, real=0.02 secs] 
493.527: [GC (Allocation Failure) [PSYoungGen: 325905K->37809K(465920K)] 891233K->603453K(1252352K), 0.0066160 secs] [Times: user=0.01 sys=0.00, real=0.01 secs] 
493.812: [GC (Allocation Failure) [PSYoungGen: 270769K->183916K(465920K)] 836413K->750813K(1252352K), 0.0201645 secs] [Times: user=0.03 sys=0.00, real=0.02 secs] 
494.096: [GC (Allocation Failure) [PSYoungGen: 416876K->184398K(465920K)] 983773K->751576K(1252352K), 0.0200055 secs] [Times: user=0.03 sys=0.00, real=0.02 secs] 
494.777: [GC (Allocation Failure) [PSYoungGen: 409599K->92608K(465920K)] 976777K->660060K(1252352K), 0.0113753 secs] [Times: user=0.02 sys=0.00, real=0.01 secs] 
495.659: [GC (Allocation Failure) [PSYoungGen: 325568K->38037K(465920K)] 893020K->605804K(1252352K), 0.0054422 secs] [Times: user=0.01 sys=0.00, real=0.00 secs] 
495.928: [GC (Allocation Failure) [PSYoungGen: 270997K->184687K(465920K)] 838764K->753707K(1252352K), 0.0202630 secs] [Times: user=0.02 sys=0.00, real=0.03 secs] 
496.274: [GC (Allocation Failure) [PSYoungGen: 417647K->184655K(465920K)] 986667K->753957K(1252352K), 0.0201366 secs] [Times: user=0.03 sys=0.00, real=0.02 secs] 
497.018: [GC (Allocation Failure) [PSYoungGen: 407225K->91339K(465920K)] 976527K->660914K(1252352K), 0.0118660 secs] [Times: user=0.02 sys=0.00, real=0.02 secs] 
497.992: [GC (Allocation Failure) [PSYoungGen: 324299K->38037K(465920K)] 893874K->607932K(1252352K), 0.0055996 secs] [Times: user=0.01 sys=0.00, real=0.00 secs] 
498.329: [GC (Allocation Failure) [PSYoungGen: 270997K->183916K(465920K)] 840892K->755064K(1252352K), 0.0202552 secs] [Times: user=0.02 sys=0.00, real=0.02 secs] 
498.622: [GC (Allocation Failure) [PSYoungGen: 416876K->184462K(465920K)] 988024K->755891K(1252352K), 0.0200138 secs] [Times: user=0.03 sys=0.00, real=0.02 secs] 
499.247: [GC (Allocation Failure) [PSYoungGen: 408188K->92367K(465920K)] 979618K->664062K(1252352K), 0.0122747 secs] [Times: user=0.03 sys=0.00, real=0.02 secs] 
500.194: [GC (Allocation Failure) [PSYoungGen: 325327K->37909K(465920K)] 897022K->609914K(1252352K), 0.0063892 secs] [Times: user=0.01 sys=0.00, real=0.01 secs] 
500.538: [GC (Allocation Failure) [PSYoungGen: 270869K->184430K(465920K)] 842874K->757825K(1252352K), 0.0203904 secs] [Times: user=0.03 sys=0.00, real=0.02 secs] 
500.821: [GC (Allocation Failure) [PSYoungGen: 417390K->184526K(465920K)] 990785K->758074K(1252352K), 0.0201520 secs] [Times: user=0.03 sys=0.00, real=0.02 secs] 
501.561: [GC (Allocation Failure) [PSYoungGen: 407077K->91901K(465920K)] 980624K->665722K(1252352K), 0.0120911 secs] [Times: user=0.02 sys=0.00, real=0.01 secs] 
502.428: [GC (Allocation Failure) [PSYoungGen: 324861K->37938K(465920K)] 898682K->612076K(1252352K), 0.0057203 secs] [Times: user=0.01 sys=0.00, real=0.01 secs] 
502.698: [GC (Allocation Failure) [PSYoungGen: 270898K->184944K(465920K)] 845036K->760336K(1252352K), 0.0203863 secs] [Times: user=0.03 sys=0.00, real=0.02 secs] 
502.981: [GC (Allocation Failure) [PSYoungGen: 417904K->184333K(465920K)] 993296K->760006K(1252352K), 0.0202591 secs] [Times: user=0.03 sys=0.00, real=0.02 secs] 
504.193: [GC (Allocation Failure) [PSYoungGen: 407196K->91596K(465920K)] 982868K->667663K(1252352K), 0.0143593 secs] [Times: user=0.03 sys=0.00, real=0.01 secs] 
506.405: [GC (Allocation Failure) [PSYoungGen: 324556K->37809K(465920K)] 900623K->614045K(1252352K), 0.0067576 secs] [Times: user=0.01 sys=0.00, real=0.01 secs] 
506.693: [GC (Allocation Failure) [PSYoungGen: 270769K->184687K(465920K)] 847005K->762168K(1252352K), 0.0203338 secs] [Times: user=0.02 sys=0.00, real=0.02 secs] 
506.976: [GC (Allocation Failure) [PSYoungGen: 417647K->184687K(465920K)] 995128K->762578K(1252352K), 0.0202808 secs] [Times: user=0.03 sys=0.00, real=0.02 secs] 
507.591: [GC (Allocation Failure) [PSYoungGen: 407379K->91596K(465920K)] 985270K->669752K(1252352K), 0.0099247 secs] [Times: user=0.02 sys=0.00, real=0.01 secs] 
508.693: [GC (Allocation Failure) [PSYoungGen: 324556K->37620K(465920K)] 902712K->615969K(1252352K), 0.0055063 secs] [Times: user=0.01 sys=0.00, real=0.01 secs] 
508.961: [GC (Allocation Failure) [PSYoungGen: 270580K->183787K(465920K)] 848929K->763390K(1252352K), 0.0204871 secs] [Times: user=0.03 sys=0.00, real=0.02 secs] 
509.298: [GC (Allocation Failure) [PSYoungGen: 416747K->184430K(465920K)] 996350K->764313K(1252352K), 0.0202040 secs] [Times: user=0.03 sys=0.00, real=0.02 secs] 
510.027: [GC (Allocation Failure) [PSYoungGen: 409749K->92913K(465920K)] 989633K->673070K(1252352K), 0.0120193 secs] [Times: user=0.02 sys=0.00, real=0.02 secs] 
512.139: [GC (Allocation Failure) [PSYoungGen: 325873K->37523K(465920K)] 906030K->617986K(1252352K), 0.0071104 secs] [Times: user=0.02 sys=0.00, real=0.00 secs] 
512.439: [GC (Allocation Failure) [PSYoungGen: 270483K->184687K(465920K)] 850946K->766403K(1252352K), 0.0202190 secs] [Times: user=0.03 sys=0.00, real=0.02 secs] 
512.781: [GC (Allocation Failure) [PSYoungGen: 417647K->184687K(465920K)] 999363K->766684K(1252352K), 0.0201622 secs] [Times: user=0.03 sys=0.00, real=0.02 secs] 
513.724: [GC (Allocation Failure) [PSYoungGen: 407255K->91885K(465920K)] 989252K->674147K(1252352K), 0.0156672 secs] [Times: user=0.03 sys=0.00, real=0.02 secs] 
514.510: [GC (Allocation Failure) [PSYoungGen: 324845K->38066K(465920K)] 907107K->620636K(1252352K), 0.0054560 secs] [Times: user=0.02 sys=0.00, real=0.00 secs] 
514.777: [GC (Allocation Failure) [PSYoungGen: 271026K->183819K(465920K)] 853596K->767643K(1252352K), 0.0201807 secs] [Times: user=0.03 sys=0.00, real=0.02 secs] 
515.060: [GC (Allocation Failure) [PSYoungGen: 416779K->184301K(465920K)] 1000603K->768534K(1252352K), 0.0200856 secs] [Times: user=0.03 sys=0.00, real=0.02 secs] 
517.721: [GC (Allocation Failure) [PSYoungGen: 408130K->92640K(465920K)] 992363K->677010K(1252352K), 0.0190147 secs] [Times: user=0.03 sys=0.00, real=0.02 secs] 
519.179: [GC (Allocation Failure) [PSYoungGen: 325600K->37780K(465920K)] 909970K->622458K(1252352K), 0.0070092 secs] [Times: user=0.02 sys=0.00, real=0.00 secs] 
519.469: [GC (Allocation Failure) [PSYoungGen: 270740K->184430K(465920K)] 855418K->770481K(1252352K), 0.0204581 secs] [Times: user=0.03 sys=0.00, real=0.02 secs] 
519.758: [GC (Allocation Failure) [PSYoungGen: 417390K->184558K(465920K)] 1003441K->770762K(1252352K), 0.0202115 secs] [Times: user=0.02 sys=0.00, real=0.02 secs] 
521.311: [GC (Allocation Failure) [PSYoungGen: 409689K->91982K(465920K)] 995893K->678467K(1252352K), 0.0192229 secs] [Times: user=0.03 sys=0.00, real=0.02 secs] 
523.005: [GC (Allocation Failure) [PSYoungGen: 324942K->38166K(465920K)] 911427K->624959K(1252352K), 0.0054759 secs] [Times: user=0.01 sys=0.00, real=0.01 secs] 
523.335: [GC (Allocation Failure) [PSYoungGen: 271126K->184558K(465920K)] 857919K->772605K(1252352K), 0.0203376 secs] [Times: user=0.02 sys=0.00, real=0.02 secs] 
523.681: [GC (Allocation Failure) [PSYoungGen: 417518K->184783K(465920K)] 1005565K->773111K(1252352K), 0.0202532 secs] [Times: user=0.02 sys=0.00, real=0.02 secs] 
524.868: [GC (Allocation Failure) [PSYoungGen: 407223K->91210K(465920K)] 995550K->679811K(1252352K), 0.0129659 secs] [Times: user=0.02 sys=0.00, real=0.01 secs] 
526.524: [GC (Allocation Failure) [PSYoungGen: 324170K->37809K(465920K)] 912771K->626740K(1252352K), 0.0073248 secs] [Times: user=0.02 sys=0.00, real=0.01 secs] 
526.891: [GC (Allocation Failure) [PSYoungGen: 270769K->184558K(465920K)] 859700K->774742K(1252352K), 0.0204700 secs] [Times: user=0.03 sys=0.00, real=0.02 secs] 
527.183: [GC (Allocation Failure) [PSYoungGen: 417518K->186389K(465920K)] 1007702K->776846K(1252352K), 0.0207966 secs] [Times: user=0.02 sys=0.00, real=0.02 secs] 
528.670: [GC (Allocation Failure) [PSYoungGen: 407528K->90054K(465920K)] 997985K->680776K(1252352K), 0.0239886 secs] [Times: user=0.05 sys=0.00, real=0.02 secs] 
529.955: [GC (Allocation Failure) [PSYoungGen: 323014K->38034K(465920K)] 913736K->629070K(1252352K), 0.0055791 secs] [Times: user=0.02 sys=0.00, real=0.01 secs] 
530.226: [GC (Allocation Failure) [PSYoungGen: 270994K->186357K(465920K)] 862030K->778655K(1252352K), 0.0205135 secs] [Times: user=0.02 sys=0.00, real=0.02 secs] 
530.513: [GC (Allocation Failure) [PSYoungGen: 419317K->186068K(465920K)] 1011615K->778647K(1252352K), 0.0203156 secs] [Times: user=0.03 sys=0.00, real=0.02 secs] 
531.675: [GC (Allocation Failure) [PSYoungGen: 404998K->88254K(465920K)] 997576K->681098K(1252352K), 0.0114500 secs] [Times: user=0.02 sys=0.00, real=0.01 secs] 
532.880: [GC (Allocation Failure) [PSYoungGen: 321214K->37909K(465920K)] 914058K->631060K(1252352K), 0.0066213 secs] [Times: user=0.02 sys=0.00, real=0.00 secs] 
533.157: [GC (Allocation Failure) [PSYoungGen: 270869K->184173K(465920K)] 864020K->778577K(1252352K), 0.0203933 secs] [Times: user=0.03 sys=0.00, real=0.02 secs] 
533.440: [GC (Allocation Failure) [PSYoungGen: 417133K->184430K(465920K)] 1011537K->779244K(1252352K), 0.0204809 secs] [Times: user=0.03 sys=0.00, real=0.02 secs] 
535.008: [GC (Allocation Failure) [PSYoungGen: 408055K->92239K(465920K)] 1002869K->687205K(1252352K), 0.0139416 secs] [Times: user=0.02 sys=0.00, real=0.01 secs] 
536.937: [GC (Allocation Failure) [PSYoungGen: 325199K->37263K(465920K)] 920165K->632538K(1252352K), 0.0069784 secs] [Times: user=0.02 sys=0.00, real=0.01 secs] 
537.229: [GC (Allocation Failure) [PSYoungGen: 270223K->184719K(465920K)] 865498K->781247K(1252352K), 0.0206949 secs] [Times: user=0.03 sys=0.00, real=0.02 secs] 
537.574: [GC (Allocation Failure) [PSYoungGen: 417679K->186486K(465920K)] 1014207K->783424K(1252352K), 0.0205160 secs] [Times: user=0.03 sys=0.00, real=0.02 secs] 
538.367: [GC (Allocation Failure) [PSYoungGen: 408281K->90279K(465920K)] 1005219K->687481K(1252352K), 0.0111697 secs] [Times: user=0.02 sys=0.00, real=0.01 secs] 
539.487: [GC (Allocation Failure) [PSYoungGen: 323239K->37909K(465920K)] 920441K->635297K(1252352K), 0.0054814 secs] [Times: user=0.01 sys=0.00, real=0.01 secs] 
539.755: [GC (Allocation Failure) [PSYoungGen: 270869K->184719K(465920K)] 868257K->783360K(1252352K), 0.0202335 secs] [Times: user=0.02 sys=0.00, real=0.02 secs] 
540.041: [GC (Allocation Failure) [PSYoungGen: 417679K->184205K(465920K)] 1016320K->783272K(1252352K), 0.0202801 secs] [Times: user=0.02 sys=0.00, real=0.02 secs] 
540.680: [GC (Allocation Failure) [PSYoungGen: 409416K->92014K(465920K)] 1008483K->691354K(1252352K), 0.0112057 secs] [Times: user=0.02 sys=0.00, real=0.01 secs] 
542.024: [GC (Allocation Failure) [PSYoungGen: 324974K->37780K(465920K)] 924314K->637315K(1252352K), 0.0072101 secs] [Times: user=0.02 sys=0.00, real=0.01 secs] 
542.323: [GC (Allocation Failure) [PSYoungGen: 270740K->184719K(465920K)] 870275K->785636K(1252352K), 0.0205512 secs] [Times: user=0.02 sys=0.00, real=0.02 secs] 
542.611: [GC (Allocation Failure) [PSYoungGen: 417679K->184558K(465920K)] 1018596K->785628K(1252352K), 0.0202305 secs] [Times: user=0.03 sys=0.00, real=0.02 secs] 
544.016: [GC (Allocation Failure) [PSYoungGen: 409409K->91741K(465920K)] 1010479K->693204K(1252352K), 0.0119729 secs] [Times: user=0.02 sys=0.00, real=0.02 secs] 
545.169: [GC (Allocation Failure) [PSYoungGen: 324701K->37809K(465920K)] 926164K->639450K(1252352K), 0.0064685 secs] [Times: user=0.01 sys=0.00, real=0.00 secs] 
545.449: [GC (Allocation Failure) [PSYoungGen: 270769K->184173K(465920K)] 872410K->787067K(1252352K), 0.0202770 secs] [Times: user=0.03 sys=0.00, real=0.02 secs] 
545.737: [GC (Allocation Failure) [PSYoungGen: 417133K->184912K(465920K)] 1020027K->788087K(1252352K), 0.0202723 secs] [Times: user=0.02 sys=0.00, real=0.02 secs] 
546.591: [GC (Allocation Failure) [PSYoungGen: 407618K->91885K(465920K)] 1010794K->695325K(1252352K), 0.0111402 secs] [Times: user=0.02 sys=0.00, real=0.01 secs] 
547.399: [GC (Allocation Failure) [PSYoungGen: 324845K->37938K(465920K)] 928285K->641694K(1252352K), 0.0055100 secs] [Times: user=0.01 sys=0.00, real=0.00 secs] 
547.670: [GC (Allocation Failure) [PSYoungGen: 270898K->184815K(465920K)] 874654K->789825K(1252352K), 0.0204047 secs] [Times: user=0.03 sys=0.00, real=0.02 secs] 
547.957: [GC (Allocation Failure) [PSYoungGen: 417775K->184012K(465920K)] 1022785K->789431K(1252352K), 0.0201450 secs] [Times: user=0.02 sys=0.00, real=0.02 secs] 
548.594: [GC (Allocation Failure) [PSYoungGen: 407400K->92014K(465920K)] 1012819K->697577K(1252352K), 0.0114627 secs] [Times: user=0.02 sys=0.00, real=0.01 secs] 
549.476: [GC (Allocation Failure) [PSYoungGen: 324974K->37909K(465920K)] 930537K->643783K(1252352K), 0.0054799 secs] [Times: user=0.01 sys=0.00, real=0.01 secs] 
549.803: [GC (Allocation Failure) [PSYoungGen: 270869K->183722K(465920K)] 876743K->790850K(1252352K), 0.0203566 secs] [Times: user=0.03 sys=0.00, real=0.02 secs] 
550.088: [GC (Allocation Failure) [PSYoungGen: 416682K->184526K(465920K)] 1023810K->791951K(1252352K), 0.0203515 secs] [Times: user=0.03 sys=0.00, real=0.03 secs] 
552.944: [GC (Allocation Failure) [PSYoungGen: 409957K->92624K(465920K)] 1017381K->700322K(1252352K), 0.0163856 secs] [Times: user=0.04 sys=0.00, real=0.02 secs] 
554.944: [GC (Allocation Failure) [PSYoungGen: 325584K->38166K(465920K)] 933282K->646177K(1252352K), 0.0067145 secs] [Times: user=0.01 sys=0.00, real=0.01 secs] 
555.228: [GC (Allocation Failure) [PSYoungGen: 271126K->184558K(465920K)] 879137K->793944K(1252352K), 0.0205976 secs] [Times: user=0.03 sys=0.00, real=0.03 secs] 
555.518: [GC (Allocation Failure) [PSYoungGen: 417518K->184687K(465920K)] 1026904K->794225K(1252352K), 0.0202168 secs] [Times: user=0.02 sys=0.00, real=0.02 secs] 
556.729: [GC (Allocation Failure) [PSYoungGen: 407262K->91339K(465920K)] 1016800K->701142K(1252352K), 0.0188871 secs] [Times: user=0.04 sys=0.00, real=0.01 secs] 
557.770: [GC (Allocation Failure) [PSYoungGen: 324299K->38195K(465920K)] 934102K->648308K(1252352K), 0.0059537 secs] [Times: user=0.01 sys=0.00, real=0.00 secs] 
558.039: [GC (Allocation Failure) [PSYoungGen: 271155K->184687K(465920K)] 881268K->796045K(1252352K), 0.0204653 secs] [Times: user=0.03 sys=0.00, real=0.02 secs] 
558.323: [GC (Allocation Failure) [PSYoungGen: 417647K->184719K(465920K)] 1029005K->796358K(1252352K), 0.0202784 secs] [Times: user=0.02 sys=0.00, real=0.02 secs] 
559.549: [GC (Allocation Failure) [PSYoungGen: 407148K->91178K(465920K)] 1018788K->703083K(1252352K), 0.0252830 secs] [Times: user=0.05 sys=0.00, real=0.02 secs] 
561.263: [GC (Allocation Failure) [PSYoungGen: 324138K->37652K(465920K)] 936043K->649872K(1252352K), 0.0071684 secs] [Times: user=0.02 sys=0.00, real=0.01 secs] 
561.561: [GC (Allocation Failure) [PSYoungGen: 270612K->183787K(465920K)] 882832K->797261K(1252352K), 0.0202811 secs] [Times: user=0.02 sys=0.00, real=0.02 secs] 
561.845: [GC (Allocation Failure) [PSYoungGen: 416747K->184655K(465920K)] 1030221K->798410K(1252352K), 0.0203725 secs] [Times: user=0.03 sys=0.00, real=0.02 secs] 
562.577: [GC (Allocation Failure) [PSYoungGen: 408557K->92640K(465920K)] 1022312K->706660K(1252352K), 0.0112481 secs] [Times: user=0.03 sys=0.00, real=0.02 secs] 
563.616: [GC (Allocation Failure) [PSYoungGen: 325600K->36623K(465920K)] 939620K->650954K(1252352K), 0.0054672 secs] [Times: user=0.01 sys=0.00, real=0.01 secs] 
563.884: [GC (Allocation Failure) [PSYoungGen: 269583K->184430K(465920K)] 883914K->800022K(1252352K), 0.0202753 secs] [Times: user=0.02 sys=0.00, real=0.02 secs] 
564.168: [GC (Allocation Failure) [PSYoungGen: 417390K->184558K(465920K)] 1032982K->800560K(1252352K), 0.0203881 secs] [Times: user=0.02 sys=0.00, real=0.03 secs] 
565.282: [GC (Allocation Failure) [PSYoungGen: 409723K->93138K(465920K)] 1025725K->709277K(1252352K), 0.0124494 secs] [Times: user=0.02 sys=0.00, real=0.01 secs] 
566.427: [GC (Allocation Failure) [PSYoungGen: 326098K->38066K(465920K)] 942237K->654519K(1252352K), 0.0065869 secs] [Times: user=0.02 sys=0.00, real=0.01 secs] 
566.766: [GC (Allocation Failure) [PSYoungGen: 271026K->184719K(465920K)] 887479K->802553K(1252352K), 0.0204880 secs] [Times: user=0.03 sys=0.00, real=0.02 secs] 
567.111: [GC (Allocation Failure) [PSYoungGen: 417679K->184687K(465920K)] 1035513K->802802K(1252352K), 0.0203556 secs] [Times: user=0.02 sys=0.00, real=0.02 secs] 
567.997: [GC (Allocation Failure) [PSYoungGen: 407117K->91371K(465920K)] 1025232K->709760K(1252352K), 0.0119242 secs] [Times: user=0.02 sys=0.00, real=0.02 secs] 
569.354: [GC (Allocation Failure) [PSYoungGen: 324331K->37809K(465920K)] 942720K->656375K(1252352K), 0.0056763 secs] [Times: user=0.01 sys=0.00, real=0.01 secs] 
569.622: [GC (Allocation Failure) [PSYoungGen: 270769K->184719K(465920K)] 889335K->804530K(1252352K), 0.0203271 secs] [Times: user=0.02 sys=0.00, real=0.02 secs] 
569.906: [GC (Allocation Failure) [PSYoungGen: 417679K->184687K(465920K)] 1037490K->804779K(1252352K), 0.0201887 secs] [Times: user=0.03 sys=0.00, real=0.02 secs] 
570.662: [GC (Allocation Failure) [PSYoungGen: 407244K->91612K(465920K)] 1027336K->711993K(1252352K), 0.0115260 secs] [Times: user=0.02 sys=0.00, real=0.01 secs] 
571.872: [GC (Allocation Failure) [PSYoungGen: 324572K->37652K(465920K)] 944953K->658351K(1252352K), 0.0054738 secs] [Times: user=0.01 sys=0.00, real=0.00 secs] 
572.139: [GC (Allocation Failure) [PSYoungGen: 270612K->183787K(465920K)] 891311K->805732K(1252352K), 0.0203372 secs] [Times: user=0.03 sys=0.00, real=0.02 secs] 
572.425: [GC (Allocation Failure) [PSYoungGen: 416747K->184655K(465920K)] 1038692K->806880K(1252352K), 0.0205407 secs] [Times: user=0.03 sys=0.00, real=0.02 secs] 
574.666: [GC (Allocation Failure) [PSYoungGen: 410064K->92608K(465920K)] 1032290K->715099K(1252352K), 0.0260152 secs] [Times: user=0.05 sys=0.00, real=0.03 secs] 
576.507: [GC (Allocation Failure) [PSYoungGen: 325568K->37938K(465920K)] 948059K->660734K(1252352K), 0.0070419 secs] [Times: user=0.02 sys=0.00, real=0.01 secs] 
576.801: [GC (Allocation Failure) [PSYoungGen: 270898K->184044K(465920K)] 893694K->808086K(1252352K), 0.0203155 secs] [Times: user=0.03 sys=0.00, real=0.02 secs] 
577.084: [GC (Allocation Failure) [PSYoungGen: 417004K->184398K(465920K)] 1041046K->808849K(1252352K), 0.0204398 secs] [Times: user=0.03 sys=0.00, real=0.02 secs] 
579.617: [GC (Allocation Failure) [PSYoungGen: 408041K->92399K(465920K)] 1032493K->716987K(1252352K), 0.0262700 secs] [Times: user=0.06 sys=0.00, real=0.03 secs] 
581.185: [GC (Allocation Failure) [PSYoungGen: 325359K->37938K(465920K)] 949947K->662844K(1252352K), 0.0065846 secs] [Times: user=0.01 sys=0.00, real=0.01 secs] 
581.461: [GC (Allocation Failure) [PSYoungGen: 270898K->184430K(465920K)] 895804K->810726K(1252352K), 0.0204792 secs] [Times: user=0.02 sys=0.00, real=0.02 secs] 
581.802: [GC (Allocation Failure) [PSYoungGen: 417390K->184526K(465920K)] 1043686K->810975K(1252352K), 0.0203933 secs] [Times: user=0.03 sys=0.00, real=0.02 secs] 
583.803: [GC (Allocation Failure) [PSYoungGen: 407071K->91853K(465920K)] 1033520K->718575K(1252352K), 0.0259255 secs] [Times: user=0.05 sys=0.00, real=0.03 secs] 
585.860: [GC (Allocation Failure) [PSYoungGen: 324813K->37780K(465920K)] 951535K->664816K(1252352K), 0.0085896 secs] [Times: user=0.02 sys=0.00, real=0.01 secs] 
586.187: [GC (Allocation Failure) [PSYoungGen: 270740K->184558K(465920K)] 897776K->812847K(1252352K), 0.0204571 secs] [Times: user=0.03 sys=0.00, real=0.02 secs] 
586.525: [GC (Allocation Failure) [PSYoungGen: 417518K->184944K(465920K)] 1045807K->813514K(1252352K), 0.0203619 secs] [Times: user=0.03 sys=0.00, real=0.02 secs] 
588.459: [GC (Allocation Failure) [PSYoungGen: 408026K->91467K(465920K)] 1036596K->720311K(1252352K), 0.0238125 secs] [Times: user=0.05 sys=0.00, real=0.02 secs] 
590.114: [GC (Allocation Failure) [PSYoungGen: 324427K->37909K(465920K)] 953271K->667060K(1252352K), 0.0066660 secs] [Times: user=0.02 sys=0.00, real=0.01 secs] 
590.399: [GC (Allocation Failure) [PSYoungGen: 270869K->184558K(465920K)] 900020K->815100K(1252352K), 0.0203213 secs] [Times: user=0.03 sys=0.00, real=0.02 secs] 
590.682: [GC (Allocation Failure) [PSYoungGen: 417518K->184558K(465920K)] 1048060K->815381K(1252352K), 0.0202706 secs] [Times: user=0.03 sys=0.00, real=0.02 secs] 
591.837: [GC (Allocation Failure) [PSYoungGen: 407048K->91693K(465920K)] 1037871K->722652K(1252352K), 0.0186950 secs] [Times: user=0.04 sys=0.00, real=0.02 secs] 
592.666: [GC (Allocation Failure) [PSYoungGen: 324653K->38066K(465920K)] 955612K->669327K(1252352K), 0.0073172 secs] [Times: user=0.02 sys=0.00, real=0.01 secs] 
593.020: [GC (Allocation Failure) [PSYoungGen: 271026K->184944K(465920K)] 902287K->817458K(1252352K), 0.0203989 secs] [Times: user=0.03 sys=0.00, real=0.02 secs] 
593.302: [GC (Allocation Failure) [PSYoungGen: 417904K->184205K(465920K)] 1050418K->817129K(1252352K), 0.0202913 secs] [Times: user=0.03 sys=0.00, real=0.02 secs] 
594.193: [GC (Allocation Failure) [PSYoungGen: 406935K->91580K(465920K)] 1039860K->724641K(1252352K), 0.0123377 secs] [Times: user=0.02 sys=0.00, real=0.01 secs] 
595.000: [GC (Allocation Failure) [PSYoungGen: 324540K->38166K(465920K)] 957601K->671532K(1252352K), 0.0065664 secs] [Times: user=0.02 sys=0.00, real=0.00 secs] 
595.277: [GC (Allocation Failure) [PSYoungGen: 271126K->184558K(465920K)] 904492K->819307K(1252352K), 0.0204636 secs] [Times: user=0.03 sys=0.00, real=0.02 secs] 
595.620: [GC (Allocation Failure) [PSYoungGen: 417518K->184398K(465920K)] 1052267K->819299K(1252352K), 0.0204754 secs] [Times: user=0.02 sys=0.00, real=0.02 secs] 
597.120: [GC (Allocation Failure) [PSYoungGen: 406890K->91564K(465920K)] 1041791K->726730K(1252352K), 0.0162288 secs] [Times: user=0.03 sys=0.00, real=0.01 secs] 
599.169: [GC (Allocation Failure) [PSYoungGen: 324524K->37780K(465920K)] 959690K->673246K(1252352K), 0.0076767 secs] [Times: user=0.01 sys=0.00, real=0.00 secs] 
599.560: [GC (Allocation Failure) [PSYoungGen: 270740K->184719K(465920K)] 906206K->821438K(1252352K), 0.0204512 secs] [Times: user=0.02 sys=0.00, real=0.02 secs] 
599.902: [GC (Allocation Failure) [PSYoungGen: 417679K->184719K(465920K)] 1054398K->821719K(1252352K), 0.0203252 secs] [Times: user=0.03 sys=0.00, real=0.02 secs] 
601.458: [GC (Allocation Failure) [PSYoungGen: 407265K->91596K(465920K)] 1044266K->728870K(1252352K), 0.0187825 secs] [Times: user=0.04 sys=0.00, real=0.02 secs] 
603.578: [GC (Allocation Failure) [PSYoungGen: 324556K->37780K(465920K)] 961830K->675370K(1252352K), 0.0076837 secs] [Times: user=0.02 sys=0.00, real=0.00 secs] 
603.887: [GC (Allocation Failure) [PSYoungGen: 270740K->184687K(465920K)] 908330K->823658K(1252352K), 0.0204107 secs] [Times: user=0.03 sys=0.00, real=0.02 secs] 
604.228: [GC (Allocation Failure) [PSYoungGen: 417647K->184719K(465920K)] 1056618K->823843K(1252352K), 0.0204087 secs] [Times: user=0.03 sys=0.00, real=0.02 secs] 
604.871: [GC (Allocation Failure) [PSYoungGen: 407279K->91580K(465920K)] 1046403K->730977K(1252352K), 0.0122985 secs] [Times: user=0.02 sys=0.00, real=0.01 secs] 
605.684: [GC (Allocation Failure) [PSYoungGen: 324540K->38037K(465920K)] 963937K->677756K(1252352K), 0.0055659 secs] [Times: user=0.02 sys=0.00, real=0.01 secs] 
605.951: [GC (Allocation Failure) [PSYoungGen: 270997K->183787K(465920K)] 910716K->824760K(1252352K), 0.0203559 secs] [Times: user=0.03 sys=0.00, real=0.02 secs] 
606.235: [GC (Allocation Failure) [PSYoungGen: 416747K->184655K(465920K)] 1057720K->825900K(1252352K), 0.0209063 secs] [Times: user=0.03 sys=0.00, real=0.02 secs] 
608.467: [GC (Allocation Failure) [PSYoungGen: 410076K->92271K(465920K)] 1051321K->733789K(1252352K), 0.0205944 secs] [Times: user=0.04 sys=0.00, real=0.02 secs] 
609.497: [GC (Allocation Failure) [PSYoungGen: 325231K->38037K(465920K)] 966749K->679872K(1252352K), 0.0056442 secs] [Times: user=0.01 sys=0.00, real=0.01 secs] 
609.773: [GC (Allocation Failure) [PSYoungGen: 270997K->184590K(465920K)] 912832K->827678K(1252352K), 0.0205581 secs] [Times: user=0.02 sys=0.00, real=0.02 secs] 
610.116: [GC (Allocation Failure) [PSYoungGen: 417550K->184687K(465920K)] 1060638K->828064K(1252352K), 0.0204524 secs] [Times: user=0.03 sys=0.00, real=0.02 secs] 
612.812: [GC (Allocation Failure) [PSYoungGen: 407259K->91484K(465920K)] 1050636K->735126K(1252352K), 0.0257119 secs] [Times: user=0.06 sys=0.01, real=0.02 secs] 
614.623: [GC (Allocation Failure) [PSYoungGen: 324444K->37780K(465920K)] 968086K->681724K(1252352K), 0.0076824 secs] [Times: user=0.02 sys=0.00, real=0.01 secs] 
614.929: [GC (Allocation Failure) [PSYoungGen: 270740K->184944K(465920K)] 914684K->830141K(1252352K), 0.0204003 secs] [Times: user=0.02 sys=0.00, real=0.02 secs] 
615.279: [GC (Allocation Failure) [PSYoungGen: 417904K->184301K(465920K)] 1063101K->829780K(1252352K), 0.0201694 secs] [Times: user=0.03 sys=0.00, real=0.02 secs] 
616.750: [GC (Allocation Failure) [PSYoungGen: 409474K->91773K(465920K)] 1054953K->737645K(1252352K), 0.0134656 secs] [Times: user=0.03 sys=0.01, real=0.01 secs] 
618.257: [GC (Allocation Failure) [PSYoungGen: 324733K->37652K(465920K)] 970605K->683711K(1252352K), 0.0070409 secs] [Times: user=0.02 sys=0.00, real=0.01 secs] 
618.615: [GC (Allocation Failure) [PSYoungGen: 270612K->184815K(465920K)] 916671K->832120K(1252352K), 0.0204865 secs] [Times: user=0.03 sys=0.00, real=0.02 secs] 
618.916: [GC (Allocation Failure) [PSYoungGen: 417775K->184655K(465920K)] 1065080K->832240K(1252352K), 0.0203976 secs] [Times: user=0.03 sys=0.00, real=0.02 secs] 
620.548: [GC (Allocation Failure) [PSYoungGen: 407157K->91564K(465920K)] 1054743K->739431K(1252352K), 0.0129987 secs] [Times: user=0.03 sys=0.00, real=0.02 secs] 
622.332: [GC (Allocation Failure) [PSYoungGen: 324524K->37652K(465920K)] 972391K->685832K(1252352K), 0.0069969 secs] [Times: user=0.01 sys=0.00, real=0.01 secs] 
622.627: [GC (Allocation Failure) [PSYoungGen: 270612K->184398K(465920K)] 918792K->833952K(1252352K), 0.0204656 secs] [Times: user=0.02 sys=0.00, real=0.02 secs] 
622.916: [GC (Allocation Failure) [PSYoungGen: 417358K->184558K(465920K)] 1066912K->834265K(1252352K), 0.0201722 secs] [Times: user=0.03 sys=0.00, real=0.02 secs] 
623.971: [GC (Allocation Failure) [PSYoungGen: 407619K->92094K(465920K)] 1057326K->742066K(1252352K), 0.0125146 secs] [Times: user=0.02 sys=0.00, real=0.01 secs] 
624.791: [GC (Allocation Failure) [PSYoungGen: 325054K->37938K(465920K)] 975026K->688218K(1252352K), 0.0055313 secs] [Times: user=0.01 sys=0.00, real=0.00 secs] 
625.060: [GC (Allocation Failure) [PSYoungGen: 270898K->184944K(465920K)] 921178K->836469K(1252352K), 0.0203737 secs] [Times: user=0.03 sys=0.00, real=0.02 secs] 
625.342: [GC (Allocation Failure) [PSYoungGen: 417904K->183658K(465920K)] 1069429K->835465K(1252352K), 0.0202659 secs] [Times: user=0.03 sys=0.00, real=0.02 secs] 
626.170: [GC (Allocation Failure) [PSYoungGen: 409224K->92239K(465920K)] 1061031K->744310K(1252352K), 0.0119410 secs] [Times: user=0.03 sys=0.00, real=0.01 secs] 
627.702: [GC (Allocation Failure) [PSYoungGen: 325199K->37652K(465920K)] 977270K->690045K(1252352K), 0.0077699 secs] [Times: user=0.02 sys=0.00, real=0.01 secs] 
628.009: [GC (Allocation Failure) [PSYoungGen: 270612K->184558K(465920K)] 923005K->838205K(1252352K), 0.0203962 secs] [Times: user=0.03 sys=0.00, real=0.02 secs] 
628.298: [GC (Allocation Failure) [PSYoungGen: 417518K->184719K(465920K)] 1071165K->838647K(1252352K), 0.0203771 secs] [Times: user=0.03 sys=0.00, real=0.03 secs] 
630.513: [GC (Allocation Failure) [PSYoungGen: 409778K->91885K(465920K)] 1063706K->746207K(1252352K), 0.0204505 secs] [Times: user=0.04 sys=0.00, real=0.02 secs] 
631.802: [GC (Allocation Failure) [PSYoungGen: 324845K->37938K(465920K)] 979167K->692449K(1252352K), 0.0066151 secs] [Times: user=0.01 sys=0.00, real=0.01 secs] 
632.143: [GC (Allocation Failure) [PSYoungGen: 270898K->184687K(465920K)] 925409K->840451K(1252352K), 0.0204052 secs] [Times: user=0.03 sys=0.00, real=0.02 secs] 
632.480: [GC (Allocation Failure) [PSYoungGen: 417647K->184687K(465920K)] 1073411K->840733K(1252352K), 0.0206631 secs] [Times: user=0.03 sys=0.00, real=0.02 secs] 
633.564: [GC (Allocation Failure) [PSYoungGen: 407244K->91435K(465920K)] 1063289K->747746K(1252352K), 0.0133962 secs] [Times: user=0.03 sys=0.00, real=0.01 secs] 
635.276: [GC (Allocation Failure) [PSYoungGen: 324395K->37652K(465920K)] 980706K->694279K(1252352K), 0.0082593 secs] [Times: user=0.02 sys=0.00, real=0.01 secs] 
635.604: [GC (Allocation Failure) [PSYoungGen: 270612K->184687K(465920K)] 927239K->842688K(1252352K), 0.0203874 secs] [Times: user=0.03 sys=0.00, real=0.02 secs] 
635.886: [GC (Allocation Failure) [PSYoungGen: 417647K->184687K(465920K)] 1075648K->842840K(1252352K), 0.0202494 secs] [Times: user=0.02 sys=0.00, real=0.02 secs] 
637.104: [GC (Allocation Failure) [PSYoungGen: 407505K->91725K(465920K)] 1065658K->750143K(1252352K), 0.0164467 secs] [Times: user=0.04 sys=0.00, real=0.02 secs] 
638.493: [GC (Allocation Failure) [PSYoungGen: 324685K->37780K(465920K)] 983103K->696509K(1252352K), 0.0074571 secs] [Times: user=0.02 sys=0.00, real=0.01 secs] 
638.801: [GC (Allocation Failure) [PSYoungGen: 270740K->183787K(465920K)] 929469K->843761K(1252352K), 0.0201878 secs] [Times: user=0.03 sys=0.00, real=0.02 secs] 
639.083: [GC (Allocation Failure) [PSYoungGen: 416747K->184430K(465920K)] 1076721K->844685K(1252352K), 0.0202496 secs] [Times: user=0.02 sys=0.00, real=0.02 secs] 
640.066: [GC (Allocation Failure) [PSYoungGen: 409688K->92753K(465920K)] 1069943K->753273K(1252352K), 0.0115907 secs] [Times: user=0.02 sys=0.00, real=0.01 secs] 
641.680: [GC (Allocation Failure) [PSYoungGen: 325713K->37523K(465920K)] 986233K->698369K(1252352K), 0.0070291 secs] [Times: user=0.02 sys=0.00, real=0.00 secs] 
641.971: [GC (Allocation Failure) [PSYoungGen: 270483K->184687K(465920K)] 931329K->846786K(1252352K), 0.0204473 secs] [Times: user=0.03 sys=0.00, real=0.02 secs] 
642.260: [GC (Allocation Failure) [PSYoungGen: 417647K->184687K(465920K)] 1079746K->847067K(1252352K), 0.0203424 secs] [Times: user=0.02 sys=0.00, real=0.02 secs] 
642.865: [GC (Allocation Failure) [PSYoungGen: 407257K->91869K(465920K)] 1069638K->754515K(1252352K), 0.0112099 secs] [Times: user=0.02 sys=0.00, real=0.01 secs] 
644.074: [GC (Allocation Failure) [PSYoungGen: 324829K->38066K(465920K)] 987475K->701018K(1252352K), 0.0073154 secs] [Times: user=0.02 sys=0.00, real=0.01 secs] 
644.372: [GC (Allocation Failure) [PSYoungGen: 271026K->183658K(465920K)] 933978K->847856K(1252352K), 0.0204713 secs] [Times: user=0.03 sys=0.00, real=0.02 secs] 
644.656: [GC (Allocation Failure) [PSYoungGen: 416618K->184526K(465920K)] 1080816K->849004K(1252352K), 0.0204419 secs] [Times: user=0.02 sys=0.00, real=0.02 secs] 
646.135: [GC (Allocation Failure) [PSYoungGen: 408351K->92496K(465920K)] 1072830K->757247K(1252352K), 0.0134662 secs] [Times: user=0.03 sys=0.00, real=0.02 secs] 
647.777: [GC (Allocation Failure) [PSYoungGen: 325456K->37424K(465920K)] 990207K->702481K(1252352K), 0.0070175 secs] [Times: user=0.02 sys=0.00, real=0.01 secs] 
648.068: [GC (Allocation Failure) [PSYoungGen: 270384K->184430K(465920K)] 935441K->850740K(1252352K), 0.0204161 secs] [Times: user=0.02 sys=0.00, real=0.02 secs] 
648.357: [GC (Allocation Failure) [PSYoungGen: 417390K->184944K(465920K)] 1083700K->851535K(1252352K), 0.0204401 secs] [Times: user=0.03 sys=0.00, real=0.02 secs] 
650.419: [GC (Allocation Failure) [PSYoungGen: 410630K->92014K(465920K)] 1077222K->758878K(1252352K), 0.0147191 secs] [Times: user=0.04 sys=0.00, real=0.01 secs] 
652.488: [GC (Allocation Failure) [PSYoungGen: 324974K->37552K(465920K)] 991838K->704731K(1252352K), 0.0075091 secs] [Times: user=0.02 sys=0.00, real=0.01 secs] 
652.882: [GC (Allocation Failure) [PSYoungGen: 270512K->184076K(465920K)] 937691K->852508K(1252352K), 0.0205294 secs] [Times: user=0.03 sys=0.00, real=0.02 secs] 
653.166: [GC (Allocation Failure) [PSYoungGen: 417036K->184912K(465920K)] 1085468K->853625K(1252352K), 0.0202219 secs] [Times: user=0.03 sys=0.00, real=0.02 secs] 
654.690: [GC (Allocation Failure) [PSYoungGen: 410347K->92287K(465920K)] 1079060K->761265K(1252352K), 0.0207310 secs] [Times: user=0.05 sys=0.01, real=0.02 secs] 
656.744: [GC (Allocation Failure) [PSYoungGen: 325247K->37780K(465920K)] 994225K->707066K(1252352K), 0.0074010 secs] [Times: user=0.02 sys=0.00, real=0.01 secs] 
657.040: [GC (Allocation Failure) [PSYoungGen: 270740K->184205K(465920K)] 940026K->854744K(1252352K), 0.0205424 secs] [Times: user=0.03 sys=0.00, real=0.02 secs] 
657.323: [GC (Allocation Failure) [PSYoungGen: 417165K->184558K(465920K)] 1087704K->855379K(1252352K), 0.0203327 secs] [Times: user=0.03 sys=0.00, real=0.02 secs] 
658.543: [GC (Allocation Failure) [PSYoungGen: 408142K->92255K(465920K)] 1078963K->763341K(1252352K), 0.0192079 secs] [Times: user=0.04 sys=0.00, real=0.02 secs] 
660.158: [GC (Allocation Failure) [PSYoungGen: 325215K->37809K(465920K)] 996301K->709211K(1252352K), 0.0072352 secs] [Times: user=0.02 sys=0.00, real=0.01 secs] 
660.455: [GC (Allocation Failure) [PSYoungGen: 270769K->183787K(465920K)] 942171K->856442K(1252352K), 0.0202614 secs] [Times: user=0.03 sys=0.00, real=0.02 secs] 
660.737: [GC (Allocation Failure) [PSYoungGen: 416747K->184269K(465920K)] 1089402K->857334K(1252352K), 0.0202286 secs] [Times: user=0.03 sys=0.00, real=0.02 secs] 
661.741: [GC (Allocation Failure) [PSYoungGen: 409523K->92881K(465920K)] 1082588K->766091K(1252352K), 0.0138817 secs] [Times: user=0.03 sys=0.00, real=0.01 secs] 
662.850: [GC (Allocation Failure) [PSYoungGen: 325841K->37909K(465920K)] 999051K->711424K(1252352K), 0.0066322 secs] [Times: user=0.01 sys=0.00, real=0.00 secs] 
663.131: [GC (Allocation Failure) [PSYoungGen: 270869K->183916K(465920K)] 944384K->858684K(1252352K), 0.0204153 secs] [Times: user=0.03 sys=0.00, real=0.02 secs] 
663.420: [GC (Allocation Failure) [PSYoungGen: 416876K->184815K(465920K)] 1091644K->859865K(1252352K), 0.0203315 secs] [Times: user=0.02 sys=0.00, real=0.02 secs] 
664.430: [GC (Allocation Failure) [PSYoungGen: 408041K->92062K(465920K)] 1083090K->767377K(1252352K), 0.0176467 secs] [Times: user=0.03 sys=0.00, real=0.01 secs] 
666.076: [GC (Allocation Failure) [PSYoungGen: 325022K->37809K(465920K)] 1000337K->713434K(1252352K), 0.0093024 secs] [Times: user=0.02 sys=0.00, real=0.01 secs] 
666.416: [GC (Allocation Failure) [PSYoungGen: 270769K->184815K(465920K)] 946394K->861693K(1252352K), 0.0205224 secs] [Times: user=0.03 sys=0.00, real=0.02 secs] 
666.698: [GC (Allocation Failure) [PSYoungGen: 417775K->184173K(465920K)] 1094653K->861332K(1252352K), 0.0205518 secs] [Times: user=0.03 sys=0.00, real=0.03 secs] 
667.402: [GC (Allocation Failure) [PSYoungGen: 404882K->91982K(465920K)] 1082041K->769406K(1252352K), 0.0142369 secs] [Times: user=0.03 sys=0.00, real=0.01 secs] 
668.940: [GC (Allocation Failure) [PSYoungGen: 324942K->37809K(465920K)] 1002366K->715539K(1252352K), 0.0077554 secs] [Times: user=0.02 sys=0.00, real=0.00 secs] 
669.256: [GC (Allocation Failure) [PSYoungGen: 270769K->184687K(465920K)] 948499K->863662K(1252352K), 0.0203691 secs] [Times: user=0.03 sys=0.00, real=0.02 secs] 
669.539: [GC (Allocation Failure) [PSYoungGen: 417647K->184655K(465920K)] 1096622K->864040K(1252352K), 0.0203344 secs] [Times: user=0.03 sys=0.00, real=0.02 secs] 
670.222: [GC (Allocation Failure) [PSYoungGen: 407388K->91612K(465920K)] 1086774K->771262K(1252352K), 0.0130046 secs] [Times: user=0.03 sys=0.00, real=0.01 secs] 
671.226: [GC (Allocation Failure) [PSYoungGen: 324572K->38166K(465920K)] 1004222K->717993K(1252352K), 0.0066476 secs] [Times: user=0.02 sys=0.00, real=0.01 secs] 
671.574: [GC (Allocation Failure) [PSYoungGen: 271126K->184173K(465920K)] 950953K->865245K(1252352K), 0.0204800 secs] [Times: user=0.03 sys=0.00, real=0.02 secs] 
671.858: [GC (Allocation Failure) [PSYoungGen: 417133K->184558K(465920K)] 1098205K->865912K(1252352K), 0.0203307 secs] [Times: user=0.03 sys=0.00, real=0.02 secs] 
672.529: [GC (Allocation Failure) [PSYoungGen: 407115K->91885K(465920K)] 1088468K->773504K(1252352K), 0.0121373 secs] [Times: user=0.03 sys=0.00, real=0.01 secs] 
673.399: [GC (Allocation Failure) [PSYoungGen: 324845K->37909K(465920K)] 1006464K->719843K(1252352K), 0.0055993 secs] [Times: user=0.02 sys=0.00, real=0.00 secs] 
673.668: [GC (Allocation Failure) [PSYoungGen: 270869K->184944K(465920K)] 952803K->868124K(1252352K), 0.0204372 secs] [Times: user=0.03 sys=0.00, real=0.03 secs] 
673.956: [GC (Allocation Failure) [PSYoungGen: 417904K->184205K(465920K)] 1101084K->867666K(1252352K), 0.0203391 secs] [Times: user=0.03 sys=0.00, real=0.02 secs] 
676.204: [GC (Allocation Failure) [PSYoungGen: 407043K->91725K(465920K)] 1090504K->775451K(1252352K), 0.0179835 secs] [Times: user=0.04 sys=0.00, real=0.02 secs] 
677.641: [GC (Allocation Failure) [PSYoungGen: 324685K->37809K(465920K)] 1008411K->721851K(1252352K), 0.0068889 secs] [Times: user=0.01 sys=0.00, real=0.00 secs] 
677.924: [GC (Allocation Failure) [PSYoungGen: 270769K->184430K(465920K)] 954811K->869725K(1252352K), 0.0204924 secs] [Times: user=0.02 sys=0.00, real=0.02 secs] 
678.207: [GC (Allocation Failure) [PSYoungGen: 417390K->184365K(465920K)] 1102685K->869942K(1252352K), 0.0204010 secs] [Times: user=0.03 sys=0.00, real=0.02 secs] 
678.834: [GC (Allocation Failure) [PSYoungGen: 409408K->92271K(465920K)] 1094985K->778241K(1252352K), 0.0112307 secs] [Times: user=0.02 sys=0.00, real=0.01 secs] 
680.095: [GC (Allocation Failure) [PSYoungGen: 325231K->37652K(465920K)] 1011201K->723803K(1252352K), 0.0067359 secs] [Times: user=0.02 sys=0.00, real=0.01 secs] 
680.449: [GC (Allocation Failure) [PSYoungGen: 270612K->184687K(465920K)] 956763K->872100K(1252352K), 0.0204377 secs] [Times: user=0.03 sys=0.00, real=0.02 secs] 
680.739: [GC (Allocation Failure) [PSYoungGen: 417647K->184430K(465920K)] 1105060K->872124K(1252352K), 0.0203526 secs] [Times: user=0.03 sys=0.00, real=0.02 secs] 
683.134: [GC (Allocation Failure) [PSYoungGen: 409471K->91998K(465920K)] 1097166K->779965K(1252352K), 0.0192296 secs] [Times: user=0.04 sys=0.00, real=0.02 secs] 
684.368: [GC (Allocation Failure) [PSYoungGen: 324958K->38037K(465920K)] 1012925K->726312K(1252352K), 0.0073734 secs] [Times: user=0.02 sys=0.00, real=0.01 secs] 
684.669: [GC (Allocation Failure) [PSYoungGen: 270997K->184301K(465920K)] 959272K->873830K(1252352K), 0.0203722 secs] [Times: user=0.02 sys=0.00, real=0.02 secs] 
684.958: [GC (Allocation Failure) [PSYoungGen: 417261K->184590K(465920K)] 1106790K->874529K(1252352K), 0.0203759 secs] [Times: user=0.03 sys=0.00, real=0.02 secs] 
686.956: [GC (Allocation Failure) [PSYoungGen: 407079K->91901K(465920K)] 1097018K->781984K(1252352K), 0.0207839 secs] [Times: user=0.05 sys=0.00, real=0.02 secs] 
689.462: [GC (Allocation Failure) [PSYoungGen: 324861K->37681K(465920K)] 1014944K->728071K(1252352K), 0.0079749 secs] [Times: user=0.02 sys=0.00, real=0.01 secs] 
689.778: [GC (Allocation Failure) [PSYoungGen: 270641K->184494K(465920K)] 961031K->876130K(1252352K), 0.0209432 secs] [Times: user=0.02 sys=0.00, real=0.03 secs] 
690.132: [GC (Allocation Failure) [PSYoungGen: 417454K->184558K(465920K)] 1109090K->876491K(1252352K), 0.0204787 secs] [Times: user=0.03 sys=0.00, real=0.02 secs] 
691.585: [GC (Allocation Failure) [PSYoungGen: 407617K->92094K(465920K)] 1099551K->784293K(1252352K), 0.0171243 secs] [Times: user=0.04 sys=0.00, real=0.02 secs] 
693.690: [GC (Allocation Failure) [PSYoungGen: 325054K->37424K(465920K)] 1017253K->729944K(1252352K), 0.0072996 secs] [Times: user=0.02 sys=0.00, real=0.00 secs] 
694.068: [GC (Allocation Failure) [PSYoungGen: 270384K->184687K(465920K)] 962904K->878460K(1252352K), 0.0205108 secs] [Times: user=0.03 sys=0.00, real=0.02 secs] 
694.407: [GC (Allocation Failure) [PSYoungGen: 417647K->183658K(465920K)] 1111420K->877713K(1252352K), 0.0203801 secs] [Times: user=0.03 sys=0.00, real=0.02 secs] 
695.244: [GC (Allocation Failure) [PSYoungGen: 409070K->92994K(465920K)] 1103125K->787314K(1252352K), 0.0125606 secs] [Times: user=0.03 sys=0.00, real=0.01 secs] 
696.152: [GC (Allocation Failure) [PSYoungGen: 325954K->37909K(465920K)] 1020274K->732534K(1252352K), 0.0055939 secs] [Times: user=0.02 sys=0.00, real=0.00 secs] 
696.421: [GC (Allocation Failure) [PSYoungGen: 270869K->184044K(465920K)] 965494K->879923K(1252352K), 0.0203304 secs] [Times: user=0.03 sys=0.00, real=0.02 secs] 
696.704: [GC (Allocation Failure) [PSYoungGen: 417004K->184430K(465920K)] 1112883K->880590K(1252352K), 0.0204714 secs] [Times: user=0.03 sys=0.00, real=0.02 secs] 
699.241: [GC (Allocation Failure) [PSYoungGen: 408123K->92383K(465920K)] 1104283K->788808K(1252352K), 0.0204323 secs] [Times: user=0.05 sys=0.00, real=0.02 secs] 
700.829: [GC (Allocation Failure) [PSYoungGen: 325343K->37552K(465920K)] 1021768K->734291K(1252352K), 0.0086380 secs] [Times: user=0.02 sys=0.00, real=0.00 secs] 
701.160: [GC (Allocation Failure) [PSYoungGen: 270512K->184815K(465920K)] 967251K->882808K(1252352K), 0.0205864 secs] [Times: user=0.03 sys=0.00, real=0.02 secs] 
701.498: [GC (Allocation Failure) [PSYoungGen: 417775K->184044K(465920K)] 1115768K->882446K(1252352K), 0.0202637 secs] [Times: user=0.02 sys=0.00, real=0.02 secs] 
702.790: [GC (Allocation Failure) [PSYoungGen: 407981K->92367K(465920K)] 1106383K->790906K(1252352K), 0.0135508 secs] [Times: user=0.02 sys=0.00, real=0.01 secs] 
703.587: [GC (Allocation Failure) [PSYoungGen: 325327K->37938K(465920K)] 1023866K->736792K(1252352K), 0.0056064 secs] [Times: user=0.02 sys=0.00, real=0.01 secs] 
703.855: [GC (Allocation Failure) [PSYoungGen: 270898K->183819K(465920K)] 969752K->883919K(1252352K), 0.0203319 secs] [Times: user=0.03 sys=0.00, real=0.02 secs] 
704.198: [GC (Allocation Failure) [PSYoungGen: 416779K->184301K(465920K)] 1116879K->884682K(1252352K), 0.0204092 secs] [Times: user=0.02 sys=0.00, real=0.02 secs] 
705.619: [GC (Allocation Failure) [PSYoungGen: 408208K->92801K(465920K)] 1108589K->793447K(1252352K), 0.0173048 secs] [Times: user=0.03 sys=0.00, real=0.01 secs] 
707.376: [GC (Allocation Failure) [PSYoungGen: 325761K->37938K(465920K)] 1026407K->738892K(1252352K), 0.0074199 secs] [Times: user=0.02 sys=0.00, real=0.01 secs] 
707.676: [GC (Allocation Failure) [PSYoungGen: 270898K->184430K(465920K)] 971852K->886637K(1252352K), 0.0204424 secs] [Times: user=0.02 sys=0.00, real=0.02 secs] 
707.962: [GC (Allocation Failure) [PSYoungGen: 417390K->184301K(465920K)] 1119597K->886790K(1252352K), 0.0204641 secs] [Times: user=0.03 sys=0.00, real=0.02 secs] 
708.671: [GC (Allocation Failure) [PSYoungGen: 409346K->92110K(465920K)] 1111835K->794992K(1252352K), 0.0122591 secs] [Times: user=0.02 sys=0.00, real=0.01 secs] 
709.532: [GC (Allocation Failure) [PSYoungGen: 325070K->38005K(465920K)] 1027952K->741074K(1252352K), 0.0067001 secs] [Times: user=0.02 sys=0.00, real=0.01 secs] 
709.811: [GC (Allocation Failure) [PSYoungGen: 270965K->184719K(465920K)] 974034K->889041K(1252352K), 0.0204991 secs] [Times: user=0.03 sys=0.00, real=0.02 secs] 
710.095: [GC (Allocation Failure) [PSYoungGen: 417679K->184462K(465920K)] 1122001K->889073K(1252352K), 0.0205630 secs] [Times: user=0.03 sys=0.00, real=0.02 secs] 
710.753: [GC (Allocation Failure) [PSYoungGen: 406924K->91644K(465920K)] 1111536K->796529K(1252352K), 0.0114366 secs] [Times: user=0.02 sys=0.00, real=0.01 secs] 
711.565: [GC (Allocation Failure) [PSYoungGen: 324604K->38066K(465920K)] 1029489K->743257K(1252352K), 0.0056118 secs] [Times: user=0.01 sys=0.00, real=0.01 secs] 
711.835: [GC (Allocation Failure) [PSYoungGen: 271026K->184719K(465920K)] 976217K->891163K(1252352K), 0.0205033 secs] [Times: user=0.02 sys=0.00, real=0.02 secs] 
712.119: [GC (Allocation Failure) [PSYoungGen: 417679K->184430K(465920K)] 1124123K->891147K(1252352K), 0.0242669 secs] [Times: user=0.04 sys=0.00, real=0.02 secs] 
714.039: [GC (Allocation Failure) [PSYoungGen: 406912K->91580K(465920K)] 1113629K->798562K(1252352K), 0.0171757 secs] [Times: user=0.04 sys=0.00, real=0.01 secs] 
716.728: [GC (Allocation Failure) [PSYoungGen: 324540K->37877K(465920K)] 1031522K->745181K(1252352K), 0.0071815 secs] [Times: user=0.02 sys=0.00, real=0.01 secs] 
717.023: [GC (Allocation Failure) [PSYoungGen: 270837K->184719K(465920K)] 978141K->893276K(1252352K), 0.0204418 secs] [Times: user=0.03 sys=0.00, real=0.02 secs] 
717.306: [GC (Allocation Failure) [PSYoungGen: 417679K->184398K(465920K)] 1126236K->893236K(1252352K), 0.0203109 secs] [Times: user=0.03 sys=0.00, real=0.02 secs] 
719.184: [GC (Allocation Failure) [PSYoungGen: 407136K->91725K(465920K)] 1115975K->800828K(1252352K), 0.0163587 secs] [Times: user=0.03 sys=0.00, real=0.02 secs] 
720.155: [GC (Allocation Failure) [PSYoungGen: 324685K->38098K(465920K)] 1033788K->747518K(1252352K), 0.0055761 secs] [Times: user=0.02 sys=0.00, real=0.01 secs] 
720.422: [GC (Allocation Failure) [PSYoungGen: 271058K->183819K(465920K)] 980478K->894492K(1252352K), 0.0204160 secs] [Times: user=0.03 sys=0.00, real=0.02 secs] 
720.706: [GC (Allocation Failure) [PSYoungGen: 416779K->184430K(465920K)] 1127452K->895376K(1252352K), 0.0203620 secs] [Times: user=0.03 sys=0.00, real=0.02 secs] 
722.845: [GC (Allocation Failure) [PSYoungGen: 409660K->92544K(465920K)] 1120607K->803755K(1252352K), 0.0197174 secs] [Times: user=0.04 sys=0.00, real=0.02 secs] 
724.693: [GC (Allocation Failure) [PSYoungGen: 325504K->37909K(465920K)] 1036715K->749436K(1252352K), 0.0058173 secs] [Times: user=0.01 sys=0.00, real=0.01 secs] 
724.962: [GC (Allocation Failure) [PSYoungGen: 270869K->184751K(465920K)] 982396K->897532K(1252352K), 0.0205642 secs] [Times: user=0.03 sys=0.00, real=0.02 secs] 
725.249: [GC (Allocation Failure) [PSYoungGen: 417711K->184687K(465920K)] 1130492K->897877K(1252352K), 0.0204093 secs] [Times: user=0.02 sys=0.00, real=0.02 secs] 
726.780: [GC (Allocation Failure) [PSYoungGen: 407128K->91467K(465920K)] 1120318K->804923K(1252352K), 0.0131181 secs] [Times: user=0.03 sys=0.00, real=0.01 secs] 
728.768: [GC (Allocation Failure) [PSYoungGen: 324427K->37780K(465920K)] 1037883K->751415K(1252352K), 0.0060965 secs] [Times: user=0.01 sys=0.00, real=0.01 secs] 
729.038: [GC (Allocation Failure) [PSYoungGen: 270740K->184976K(465920K)] 984375K->899864K(1252352K), 0.0204296 secs] [Times: user=0.03 sys=0.00, real=0.02 secs] 
729.321: [GC (Allocation Failure) [PSYoungGen: 417936K->183883K(465920K)] 1132824K->899060K(1252352K), 0.0204170 secs] [Times: user=0.03 sys=0.00, real=0.02 secs] 
730.553: [GC (Allocation Failure) [PSYoungGen: 409344K->92207K(465920K)] 1124521K->807794K(1252352K), 0.0164872 secs] [Times: user=0.03 sys=0.00, real=0.02 secs] 
731.848: [GC (Allocation Failure) [PSYoungGen: 325167K->37780K(465920K)] 1040754K->753546K(1252352K), 0.0061448 secs] [Times: user=0.02 sys=0.00, real=0.01 secs] 
732.118: [GC (Allocation Failure) [PSYoungGen: 270740K->184590K(465920K)] 986506K->901610K(1252352K), 0.0205400 secs] [Times: user=0.03 sys=0.00, real=0.02 secs] 
732.461: [GC (Allocation Failure) [PSYoungGen: 417550K->184655K(465920K)] 1134570K->901955K(1252352K), 0.0203427 secs] [Times: user=0.02 sys=0.00, real=0.02 secs] 
733.691: [GC (Allocation Failure) [PSYoungGen: 407104K->91773K(465920K)] 1124404K->809467K(1252352K), 0.0162259 secs] [Times: user=0.04 sys=0.00, real=0.01 secs] 
734.999: [GC (Allocation Failure) [PSYoungGen: 324733K->37780K(465920K)] 1042427K->755662K(1252352K), 0.0073441 secs] [Times: user=0.02 sys=0.00, real=0.00 secs] 
735.377: [GC (Allocation Failure) [PSYoungGen: 270740K->184976K(465920K)] 988622K->904111K(1252352K), 0.0205148 secs] [Times: user=0.02 sys=0.00, real=0.02 secs] 
735.661: [GC (Allocation Failure) [PSYoungGen: 417936K->184269K(465920K)] 1137071K->903685K(1252352K), 0.0203964 secs] [Times: user=0.03 sys=0.00, real=0.02 secs] 
736.579: [GC (Allocation Failure) [PSYoungGen: 406863K->91757K(465920K)] 1126279K->811566K(1252352K), 0.0123583 secs] [Times: user=0.03 sys=0.00, real=0.01 secs] 
737.388: [GC (Allocation Failure) [PSYoungGen: 324717K->38034K(465920K)] 1044526K->758021K(1252352K), 0.0056074 secs] [Times: user=0.01 sys=0.00, real=0.00 secs] 
737.657: [GC (Allocation Failure) [PSYoungGen: 270994K->184751K(465920K)] 990981K->905991K(1252352K), 0.0203600 secs] [Times: user=0.02 sys=0.00, real=0.02 secs] 
737.941: [GC (Allocation Failure) [PSYoungGen: 417711K->184687K(465920K)] 1138951K->906337K(1252352K), 0.0205972 secs] [Times: user=0.02 sys=0.00, real=0.02 secs] 
739.169: [GC (Allocation Failure) [PSYoungGen: 407131K->91355K(465920K)] 1128781K->813278K(1252352K), 0.0209524 secs] [Times: user=0.04 sys=0.00, real=0.02 secs] 
740.188: [GC (Allocation Failure) [PSYoungGen: 324315K->38005K(465920K)] 1046238K->760113K(1252352K), 0.0096771 secs] [Times: user=0.02 sys=0.00, real=0.01 secs] 
740.530: [GC (Allocation Failure) [PSYoungGen: 270965K->183851K(465920K)] 993073K->907213K(1252352K), 0.0205124 secs] [Times: user=0.03 sys=0.00, real=0.02 secs] 
740.874: [GC (Allocation Failure) [PSYoungGen: 416811K->184430K(465920K)] 1140173K->908065K(1252352K), 0.0204462 secs] [Times: user=0.02 sys=0.01, real=0.02 secs] 
742.254: [GC (Allocation Failure) [PSYoungGen: 409659K->92496K(465920K)] 1133294K->816404K(1252352K), 0.0155745 secs] [Times: user=0.03 sys=0.00, real=0.02 secs] 
744.002: [GC (Allocation Failure) [PSYoungGen: 325456K->37938K(465920K)] 1049364K->762145K(1252352K), 0.0075311 secs] [Times: user=0.01 sys=0.00, real=0.01 secs] 
744.300: [GC (Allocation Failure) [PSYoungGen: 270898K->184719K(465920K)] 995105K->910180K(1252352K), 0.0205402 secs] [Times: user=0.03 sys=0.00, real=0.02 secs] 
744.639: [GC (Allocation Failure) [PSYoungGen: 417679K->184719K(465920K)] 1143140K->910590K(1252352K), 0.0206319 secs] [Times: user=0.03 sys=0.00, real=0.02 secs] 
747.228: [GC (Allocation Failure) [PSYoungGen: 407161K->91484K(465920K)] 1133032K->817619K(1252352K), 0.0248763 secs] [Times: user=0.05 sys=0.00, real=0.02 secs] 
748.518: [GC (Allocation Failure) [PSYoungGen: 324444K->37909K(465920K)] 1050579K->764240K(1252352K), 0.0094200 secs] [Times: user=0.02 sys=0.00, real=0.01 secs] 
748.932: [GC (Allocation Failure) [PSYoungGen: 270869K->184976K(465920K)] 997200K->912560K(1252352K), 0.0206991 secs] [Times: user=0.03 sys=0.00, real=0.02 secs] 
749.213: [GC (Allocation Failure) [PSYoungGen: 417936K->183755K(465920K)] 1145520K->911621K(1252352K), 0.0203806 secs] [Times: user=0.02 sys=0.00, real=0.02 secs] 
751.023: [GC (Allocation Failure) [PSYoungGen: 409221K->92158K(465920K)] 1137087K->820417K(1252352K), 0.0139576 secs] [Times: user=0.03 sys=0.00, real=0.01 secs] 
751.953: [GC (Allocation Failure) [PSYoungGen: 325118K->38066K(465920K)] 1053377K->766519K(1252352K), 0.0057372 secs] [Times: user=0.02 sys=0.00, real=0.01 secs] 
752.221: [GC (Allocation Failure) [PSYoungGen: 271026K->184719K(465920K)] 999479K->914425K(1252352K), 0.0206026 secs] [Times: user=0.03 sys=0.00, real=0.02 secs] 
752.561: [GC (Allocation Failure) [PSYoungGen: 417679K->184655K(465920K)] 1147385K->914634K(1252352K), 0.0206400 secs] [Times: user=0.03 sys=0.00, real=0.02 secs] 
754.622: [GC (Allocation Failure) [PSYoungGen: 407217K->91339K(465920K)] 1137196K->821583K(1252352K), 0.0192516 secs] [Times: user=0.04 sys=0.00, real=0.02 secs] 
756.463: [GC (Allocation Failure) [PSYoungGen: 324299K->37748K(465920K)] 1054543K->768300K(1252352K), 0.0075901 secs] [Times: user=0.02 sys=0.00, real=0.01 secs] 
756.766: [GC (Allocation Failure) [PSYoungGen: 270708K->184076K(465920K)] 1001260K->915874K(1252352K), 0.0202575 secs] [Times: user=0.03 sys=0.00, real=0.02 secs] 
757.107: [GC (Allocation Failure) [PSYoungGen: 417036K->184398K(465920K)] 1148834K->916605K(1252352K), 0.0204595 secs] [Times: user=0.03 sys=0.00, real=0.02 secs] 
757.937: [GC (Allocation Failure) [PSYoungGen: 408026K->92448K(465920K)] 1140233K->824791K(1252352K), 0.0140901 secs] [Times: user=0.03 sys=0.00, real=0.02 secs] 
758.732: [GC (Allocation Failure) [PSYoungGen: 325408K->38037K(465920K)] 1057751K->770689K(1252352K), 0.0057164 secs] [Times: user=0.01 sys=0.00, real=0.00 secs] 
759.001: [GC (Allocation Failure) [PSYoungGen: 270997K->184976K(465920K)] 1003649K->918881K(1252352K), 0.0204932 secs] [Times: user=0.03 sys=0.00, real=0.02 secs] 
759.340: [GC (Allocation Failure) [PSYoungGen: 417936K->184333K(465920K)] 1151841K->918511K(1252352K), 0.0203857 secs] [Times: user=0.03 sys=0.00, real=0.02 secs] 
761.016: [GC (Allocation Failure) [PSYoungGen: 406957K->91516K(465920K)] 1141135K->826087K(1252352K), 0.0261479 secs] [Times: user=0.06 sys=0.00, real=0.03 secs] 
762.896: [GC (Allocation Failure) [PSYoungGen: 324476K->37745K(465920K)] 1059047K->772498K(1252352K), 0.0068055 secs] [Times: user=0.02 sys=0.01, real=0.01 secs] 
763.182: [GC (Allocation Failure) [PSYoungGen: 270705K->184687K(465920K)] 1005458K->920693K(1252352K), 0.0209938 secs] [Times: user=0.03 sys=0.00, real=0.02 secs] 
763.475: [GC (Allocation Failure) [PSYoungGen: 417647K->184751K(465920K)] 1153653K->921167K(1252352K), 0.0204944 secs] [Times: user=0.03 sys=0.00, real=0.02 secs] 
766.459: [GC (Allocation Failure) [PSYoungGen: 407448K->91580K(465920K)] 1143864K->828261K(1252352K), 0.0255172 secs] [Times: user=0.06 sys=0.01, real=0.02 secs] 
768.444: [GC (Allocation Failure) [PSYoungGen: 324540K->37777K(465920K)] 1061221K->774634K(1252352K), 0.0086479 secs] [Times: user=0.02 sys=0.00, real=0.01 secs] 
768.768: [GC (Allocation Failure) [PSYoungGen: 270737K->184944K(465920K)] 1007594K->923046K(1252352K), 0.0206417 secs] [Times: user=0.03 sys=0.00, real=0.03 secs] 
769.055: [GC (Allocation Failure) [PSYoungGen: 417904K->184237K(465920K)] 1156006K->922620K(1252352K), 0.0205177 secs] [Times: user=0.03 sys=0.00, real=0.02 secs] 
770.334: [GC (Allocation Failure) [PSYoungGen: 407103K->91853K(465920K)] 1145486K->830501K(1252352K), 0.0127487 secs] [Times: user=0.02 sys=0.00, real=0.01 secs] 
771.606: [GC (Allocation Failure) [PSYoungGen: 324813K->38034K(465920K)] 1063461K->777006K(1252352K), 0.0083851 secs] [Times: user=0.02 sys=0.00, real=0.01 secs] 
771.996: [GC (Allocation Failure) [PSYoungGen: 270994K->183690K(465920K)] 1009966K->923916K(1252352K), 0.0205932 secs] [Times: user=0.03 sys=0.00, real=0.02 secs] 
772.279: [GC (Allocation Failure) [PSYoungGen: 416650K->184398K(465920K)] 1156876K->924904K(1252352K), 0.0204829 secs] [Times: user=0.03 sys=0.00, real=0.02 secs] 
776.778: [GC (Allocation Failure) [PSYoungGen: 409978K->92640K(465920K)] 1150485K->833412K(1252352K), 0.0252073 secs] [Times: user=0.05 sys=0.00, real=0.02 secs] 
777.688: [GC (Allocation Failure) [PSYoungGen: 325600K->38166K(465920K)] 1066372K->779245K(1252352K), 0.0059735 secs] [Times: user=0.02 sys=0.00, real=0.01 secs] 
777.957: [GC (Allocation Failure) [PSYoungGen: 271126K->184751K(465920K)] 1012205K->927204K(1252352K), 0.0204868 secs] [Times: user=0.03 sys=0.00, real=0.02 secs] 
778.242: [GC (Allocation Failure) [PSYoungGen: 417711K->184655K(465920K)] 1160164K->927381K(1252352K), 0.0204294 secs] [Times: user=0.03 sys=0.00, real=0.02 secs] 
780.779: [GC (Allocation Failure) [PSYoungGen: 407111K->91210K(465920K)] 1149837K->834202K(1252352K), 0.0201349 secs] [Times: user=0.04 sys=0.00, real=0.02 secs] 
782.418: [GC (Allocation Failure) [PSYoungGen: 324170K->37748K(465920K)] 1067162K->780933K(1252352K), 0.0080368 secs] [Times: user=0.02 sys=0.00, real=0.00 secs] 
782.734: [GC (Allocation Failure) [PSYoungGen: 270708K->184719K(465920K)] 1013893K->929278K(1252352K), 0.0205733 secs] [Times: user=0.03 sys=0.00, real=0.02 secs] 
783.078: [GC (Allocation Failure) [PSYoungGen: 417679K->184687K(465920K)] 1162238K->929398K(1252352K), 0.0207915 secs] [Times: user=0.03 sys=0.00, real=0.02 secs] 
784.647: [GC (Allocation Failure) [PSYoungGen: 407248K->91644K(465920K)] 1151959K->836620K(1252352K), 0.0159683 secs] [Times: user=0.03 sys=0.00, real=0.02 secs] 
786.367: [GC (Allocation Failure) [PSYoungGen: 324604K->37777K(465920K)] 1069580K->783059K(1252352K), 0.0072873 secs] [Times: user=0.02 sys=0.00, real=0.01 secs] 
786.660: [GC (Allocation Failure) [PSYoungGen: 270737K->183819K(465920K)] 1016019K->930355K(1252352K), 0.0204052 secs] [Times: user=0.03 sys=0.00, real=0.02 secs] 
787.002: [GC (Allocation Failure) [PSYoungGen: 416779K->184719K(465920K)] 1163315K->931535K(1252352K), 0.0204626 secs] [Times: user=0.02 sys=0.00, real=0.02 secs] 
788.300: [GC (Allocation Failure) [PSYoungGen: 410148K->92496K(465920K)] 1156965K->839586K(1252352K), 0.0125045 secs] [Times: user=0.02 sys=0.00, real=0.01 secs] 
789.106: [GC (Allocation Failure) [PSYoungGen: 325456K->38037K(465920K)] 1072546K->785441K(1252352K), 0.0057239 secs] [Times: user=0.01 sys=0.00, real=0.01 secs] 
789.443: [GC (Allocation Failure) [PSYoungGen: 270997K->184590K(465920K)] 1018401K->933239K(1252352K), 0.0205702 secs] [Times: user=0.03 sys=0.00, real=0.02 secs] 
789.728: [GC (Allocation Failure) [PSYoungGen: 417550K->184365K(465920K)] 1166199K->933295K(1252352K), 0.0205273 secs] [Times: user=0.02 sys=0.00, real=0.03 secs] 
790.471: [GC (Allocation Failure) [PSYoungGen: 406722K->91869K(465920K)] 1155652K->841064K(1252352K), 0.0114477 secs] [Times: user=0.02 sys=0.00, real=0.01 secs] 
791.941: [GC (Allocation Failure) [PSYoungGen: 324829K->37424K(465920K)] 1074024K->786943K(1252352K), 0.0056300 secs] [Times: user=0.01 sys=0.00, real=0.00 secs] 
792.211: [GC (Allocation Failure) [PSYoungGen: 270384K->184462K(465920K)] 1019903K->935363K(1252352K), 0.0208669 secs] [Times: user=0.03 sys=0.00, real=0.02 secs] 
792.559: [GC (Allocation Failure) [PSYoungGen: 417422K->184622K(465920K)] 1168323K->935676K(1252352K), 0.0205190 secs] [Times: user=0.02 sys=0.00, real=0.02 secs] 
793.624: [GC (Allocation Failure) [PSYoungGen: 408216K->92367K(465920K)] 1159269K->843686K(1252352K), 0.0124542 secs] [Times: user=0.03 sys=0.00, real=0.01 secs] 
794.567: [GC (Allocation Failure) [PSYoungGen: 325327K->37877K(465920K)] 1076646K->789517K(1252352K), 0.0063166 secs] [Times: user=0.02 sys=0.00, real=0.01 secs] 
794.837: [GC (Allocation Failure) [PSYoungGen: 270837K->184976K(465920K)] 1022477K->937862K(1252352K), 0.0204708 secs] [Times: user=0.03 sys=0.00, real=0.02 secs] 
795.122: [GC (Allocation Failure) [PSYoungGen: 417936K->184912K(465920K)] 1170822K->938071K(1252352K), 0.0203315 secs] [Times: user=0.03 sys=0.00, real=0.02 secs] 
796.283: [GC (Allocation Failure) [PSYoungGen: 407127K->90985K(465920K)] 1160286K->844410K(1252352K), 0.0252929 secs] [Times: user=0.06 sys=0.00, real=0.03 secs] 
798.222: [GC (Allocation Failure) [PSYoungGen: 323945K->37877K(465920K)] 1077370K->791624K(1252352K), 0.0091501 secs] [Times: user=0.02 sys=0.00, real=0.01 secs] 
798.549: [GC (Allocation Failure) [PSYoungGen: 270837K->186389K(465920K)] 1024584K->941383K(1252352K), 0.0208318 secs] [Times: user=0.03 sys=0.00, real=0.02 secs] 
798.837: [GC (Allocation Failure) [PSYoungGen: 419349K->184815K(465920K)] 1174343K->940082K(1252352K), 0.0205735 secs] [Times: user=0.03 sys=0.00, real=0.02 secs] 
799.509: [GC (Allocation Failure) [PSYoungGen: 405698K->89732K(465920K)] 1160964K->845264K(1252352K), 0.0113131 secs] [Times: user=0.02 sys=0.00, real=0.01 secs] 
800.546: [GC (Allocation Failure) [PSYoungGen: 322692K->37845K(465920K)] 1078224K->793692K(1252352K), 0.0068185 secs] [Times: user=0.02 sys=0.00, real=0.01 secs] 
800.887: [GC (Allocation Failure) [PSYoungGen: 270805K->184622K(465920K)] 1026652K->941723K(1252352K), 0.0204721 secs] [Times: user=0.03 sys=0.00, real=0.02 secs] 
801.178: [GC (Allocation Failure) [PSYoungGen: 417582K->184590K(465920K)] 1174683K->942101K(1252352K), 0.0205653 secs] [Times: user=0.03 sys=0.00, real=0.03 secs] 
802.141: [GC (Allocation Failure) [PSYoungGen: 407091K->91741K(465920K)] 1164601K->849387K(1252352K), 0.0126788 secs] [Times: user=0.03 sys=0.00, real=0.01 secs] 
803.233: [GC (Allocation Failure) [PSYoungGen: 324701K->37716K(465920K)] 1082347K->795685K(1252352K), 0.0071131 secs] [Times: user=0.02 sys=0.00, real=0.01 secs] 
803.520: [GC (Allocation Failure) [PSYoungGen: 270676K->183690K(465920K)] 1028645K->942913K(1252352K), 0.0203667 secs] [Times: user=0.03 sys=0.00, real=0.02 secs] 
803.803: [GC (Allocation Failure) [PSYoungGen: 416650K->184462K(465920K)] 1175873K->943965K(1252352K), 0.0205468 secs] [Times: user=0.02 sys=0.01, real=0.02 secs] 
804.722: [GC (Allocation Failure) [PSYoungGen: 408527K->92897K(465920K)] 1168030K->852674K(1252352K), 0.0126893 secs] [Times: user=0.03 sys=0.00, real=0.01 secs] 
805.840: [GC (Allocation Failure) [PSYoungGen: 325857K->37748K(465920K)] 1085634K->797830K(1252352K), 0.0059061 secs] [Times: user=0.01 sys=0.00, real=0.00 secs] 
806.110: [GC (Allocation Failure) [PSYoungGen: 270708K->184815K(465920K)] 1030790K->946143K(1252352K), 0.0206026 secs] [Times: user=0.03 sys=0.00, real=0.02 secs] 
806.397: [GC (Allocation Failure) [PSYoungGen: 417775K->184205K(465920K)] 1179103K->945813K(1252352K), 0.0203211 secs] [Times: user=0.03 sys=0.00, real=0.02 secs] 
807.087: [GC (Allocation Failure) [PSYoungGen: 404896K->91966K(465920K)] 1166505K->853839K(1252352K), 0.0114380 secs] [Times: user=0.02 sys=0.00, real=0.02 secs] 
808.467: [GC (Allocation Failure) [PSYoungGen: 324926K->37491K(465920K)] 1086799K->799671K(1252352K), 0.0082887 secs] [Times: user=0.02 sys=0.00, real=0.01 secs] 
808.788: [GC (Allocation Failure) [PSYoungGen: 270451K->184719K(465920K)] 1032631K->948152K(1252352K), 0.0204453 secs] [Times: user=0.03 sys=0.00, real=0.02 secs] 
809.135: [GC (Allocation Failure) [PSYoungGen: 417679K->186518K(465920K)] 1181112K->950361K(1252352K), 0.0207393 secs] [Times: user=0.03 sys=0.00, real=0.02 secs] 
811.176: [GC (Allocation Failure) [PSYoungGen: 408342K->90102K(465920K)] 1172185K->854217K(1252352K), 0.0259506 secs] [Times: user=0.06 sys=0.00, real=0.03 secs] 
813.468: [GC (Allocation Failure) [PSYoungGen: 323062K->37652K(465920K)] 1087177K->801945K(1252352K), 0.0077559 secs] [Times: user=0.02 sys=0.00, real=0.01 secs] 
813.833: [GC (Allocation Failure) [PSYoungGen: 270612K->184687K(465920K)] 1034905K->950233K(1252352K), 0.0205322 secs] [Times: user=0.03 sys=0.00, real=0.02 secs] 
814.116: [GC (Allocation Failure) [PSYoungGen: 417647K->184205K(465920K)] 1183193K->950032K(1252352K), 0.0207245 secs] [Times: user=0.03 sys=0.00, real=0.02 secs] 
815.527: [GC (Allocation Failure) [PSYoungGen: 409421K->92255K(465920K)] 1175248K->858484K(1252352K), 0.0175524 secs] [Times: user=0.04 sys=0.00, real=0.02 secs] 
817.940: [GC (Allocation Failure) [PSYoungGen: 325215K->37745K(465920K)] 1091444K->804152K(1252352K), 0.0076224 secs] [Times: user=0.02 sys=0.00, real=0.00 secs] 
818.249: [GC (Allocation Failure) [PSYoungGen: 270705K->184719K(465920K)] 1037112K->952507K(1252352K), 0.0207814 secs] [Times: user=0.03 sys=0.00, real=0.02 secs] 
818.539: [GC (Allocation Failure) [PSYoungGen: 417679K->184751K(465920K)] 1185467K->952820K(1252352K), 0.0205188 secs] [Times: user=0.02 sys=0.00, real=0.02 secs] 
819.719: [GC (Allocation Failure) [PSYoungGen: 407317K->91580K(465920K)] 1175386K->859786K(1252352K), 0.0124120 secs] [Times: user=0.03 sys=0.00, real=0.01 secs] 
820.601: [GC (Allocation Failure) [PSYoungGen: 324540K->37941K(465920K)] 1092746K->806470K(1252352K), 0.0056947 secs] [Times: user=0.02 sys=0.00, real=0.00 secs] 
820.868: [GC (Allocation Failure) [PSYoungGen: 270901K->183819K(465920K)] 1039430K->953602K(1252352K), 0.0205572 secs] [Times: user=0.03 sys=0.00, real=0.02 secs] 
821.157: [GC (Allocation Failure) [PSYoungGen: 416779K->184655K(465920K)] 1186562K->954711K(1252352K), 0.0206498 secs] [Times: user=0.03 sys=0.00, real=0.02 secs] 
822.583: [GC (Allocation Failure) [PSYoungGen: 408456K->92351K(465920K)] 1178512K->862673K(1252352K), 0.0197846 secs] [Times: user=0.04 sys=0.00, real=0.02 secs] 
824.274: [GC (Allocation Failure) [PSYoungGen: 325311K->37748K(465920K)] 1095633K->808377K(1252352K), 0.0070929 secs] [Times: user=0.02 sys=0.00, real=0.01 secs] 
824.559: [GC (Allocation Failure) [PSYoungGen: 270708K->184462K(465920K)] 1041337K->956344K(1252352K), 0.0205798 secs] [Times: user=0.03 sys=0.00, real=0.02 secs] 
824.902: [GC (Allocation Failure) [PSYoungGen: 417422K->184494K(465920K)] 1189304K->956770K(1252352K), 0.0217362 secs] [Times: user=0.03 sys=0.00, real=0.02 secs] 
826.301: [GC (Allocation Failure) [PSYoungGen: 405048K->91998K(465920K)] 1177325K->864410K(1252352K), 0.0134472 secs] [Times: user=0.03 sys=0.00, real=0.01 secs] 
827.279: [GC (Allocation Failure) [PSYoungGen: 324958K->38005K(465920K)] 1097370K->810728K(1252352K), 0.0057019 secs] [Times: user=0.02 sys=0.00, real=0.00 secs] 
827.547: [GC (Allocation Failure) [PSYoungGen: 270965K->184687K(465920K)] 1043688K->958655K(1252352K), 0.0205830 secs] [Times: user=0.03 sys=0.00, real=0.02 secs] 
827.835: [GC (Allocation Failure) [PSYoungGen: 417647K->184044K(465920K)] 1191615K->958286K(1252352K), 0.0205156 secs] [Times: user=0.03 sys=0.00, real=0.02 secs] 
828.837: [GC (Allocation Failure) [PSYoungGen: 407510K->92030K(465920K)] 1181751K->866536K(1252352K), 0.0169841 secs] [Times: user=0.04 sys=0.00, real=0.02 secs] 
829.645: [GC (Allocation Failure) [PSYoungGen: 324990K->38066K(465920K)] 1099496K->812879K(1252352K), 0.0056472 secs] [Times: user=0.02 sys=0.00, real=0.01 secs] 
829.973: [GC (Allocation Failure) [PSYoungGen: 271026K->183754K(465920K)] 1045839K->959820K(1252352K), 0.0203797 secs] [Times: user=0.02 sys=0.00, real=0.02 secs] 
830.256: [GC (Allocation Failure) [PSYoungGen: 416714K->184430K(465920K)] 1192780K->960793K(1252352K), 0.0207835 secs] [Times: user=0.03 sys=0.00, real=0.02 secs] 
831.304: [GC (Allocation Failure) [PSYoungGen: 408472K->92640K(465920K)] 1184835K->869268K(1252352K), 0.0180292 secs] [Times: user=0.04 sys=0.00, real=0.02 secs] 
832.742: [GC (Allocation Failure) [PSYoungGen: 325600K->37748K(465920K)] 1102228K->814694K(1252352K), 0.0067623 secs] [Times: user=0.02 sys=0.00, real=0.01 secs] 
833.082: [GC (Allocation Failure) [PSYoungGen: 270708K->184976K(465920K)] 1047654K->963175K(1252352K), 0.0206525 secs] [Times: user=0.03 sys=0.00, real=0.02 secs] 
833.367: [GC (Allocation Failure) [PSYoungGen: 417936K->184205K(465920K)] 1196135K->962685K(1252352K), 0.0208353 secs] [Times: user=0.02 sys=0.00, real=0.02 secs] 
834.171: [GC (Allocation Failure) [PSYoungGen: 407043K->91869K(465920K)] 1185524K->870615K(1252352K), 0.0125864 secs] [Times: user=0.03 sys=0.00, real=0.01 secs] 
835.527: [GC (Allocation Failure) [PSYoungGen: 324829K->37845K(465920K)] 1103575K->816898K(1252352K), 0.0097564 secs] [Times: user=0.02 sys=0.00, real=0.01 secs] 
835.871: [GC (Allocation Failure) [PSYoungGen: 270805K->184462K(465920K)] 1049858K->964889K(1252352K), 0.0206731 secs] [Times: user=0.03 sys=0.01, real=0.02 secs] 
836.158: [GC (Allocation Failure) [PSYoungGen: 417422K->184558K(465920K)] 1197849K->965130K(1252352K), 0.0204872 secs] [Times: user=0.03 sys=0.00, real=0.02 secs] 
837.696: [GC (Allocation Failure) [PSYoungGen: 407102K->91869K(465920K)] 1187675K->872714K(1252352K), 0.0193916 secs] [Times: user=0.04 sys=0.00, real=0.02 secs] 
839.775: [GC (Allocation Failure) [PSYoungGen: 324829K->37845K(465920K)] 1105674K->818996K(1252352K), 0.0080755 secs] [Times: user=0.02 sys=0.00, real=0.01 secs] 
840.093: [GC (Allocation Failure) [PSYoungGen: 270805K->184430K(465920K)] 1051956K->966834K(1252352K), 0.0207174 secs] [Times: user=0.03 sys=0.00, real=0.02 secs] 
840.436: [GC (Allocation Failure) [PSYoungGen: 417390K->184526K(465920K)] 1199794K->967204K(1252352K), 0.0206595 secs] [Times: user=0.03 sys=0.00, real=0.02 secs] 
841.062: [GC (Allocation Failure) [PSYoungGen: 407058K->91869K(465920K)] 1189736K->874812K(1252352K), 0.0122922 secs] [Times: user=0.03 sys=0.00, real=0.01 secs] 
842.033: [GC (Allocation Failure) [PSYoungGen: 324829K->37938K(465920K)] 1107772K->821194K(1252352K), 0.0057698 secs] [Times: user=0.01 sys=0.00, real=0.01 secs] 
842.302: [GC (Allocation Failure) [PSYoungGen: 270898K->184944K(465920K)] 1054154K->969446K(1252352K), 0.0209571 secs] [Times: user=0.02 sys=0.01, real=0.02 secs] 
842.585: [GC (Allocation Failure) [PSYoungGen: 417904K->184269K(465920K)] 1202406K->969044K(1252352K), 0.0207092 secs] [Times: user=0.03 sys=0.00, real=0.02 secs] 
843.215: [GC (Allocation Failure) [PSYoungGen: 407137K->91612K(465920K)] 1191912K->876789K(1252352K), 0.0111406 secs] [Times: user=0.02 sys=0.00, real=0.01 secs] 
843.226: [Full GC (Ergonomics) [PSYoungGen: 91612K->0K(465920K)] [ParOldGen: 785176K->280049K(610816K)] 876789K->280049K(1076736K), [Metaspace: 55454K->55454K(1099776K)], 0.0451231 secs] [Times: user=0.18 sys=0.00, real=0.05 secs] 
844.044: [GC (Allocation Failure) [PSYoungGen: 232960K->131232K(465920K)] 513009K->411281K(1076736K), 0.0085316 secs] [Times: user=0.05 sys=0.00, real=0.01 secs] 
844.977: [GC (Allocation Failure) [PSYoungGen: 364192K->151164K(465920K)] 644241K->562318K(1076736K), 0.0219672 secs] [Times: user=0.07 sys=0.00, real=0.03 secs] 
845.316: [GC (Allocation Failure) [PSYoungGen: 384124K->184430K(465920K)] 795278K->629605K(1076736K), 0.0224343 secs] [Times: user=0.04 sys=0.00, real=0.03 secs] 
845.765: [GC (Allocation Failure) [PSYoungGen: 417390K->179924K(465920K)] 862565K->625372K(1076736K), 0.0233234 secs] [Times: user=0.03 sys=0.00, real=0.02 secs] 
848.554: [GC (Allocation Failure) [PSYoungGen: 412884K->32896K(465920K)] 858332K->479786K(1076736K), 0.0047944 secs] [Times: user=0.02 sys=0.00, real=0.01 secs] 
849.793: [GC (Allocation Failure) [PSYoungGen: 265856K->136033K(465920K)] 712746K->582940K(1076736K), 0.0151239 secs] [Times: user=0.02 sys=0.00, real=0.01 secs] 
850.073: [GC (Allocation Failure) [PSYoungGen: 368993K->186068K(465920K)] 815900K->634237K(1076736K), 0.0202876 secs] [Times: user=0.03 sys=0.00, real=0.02 secs] 
851.529: [GC (Allocation Failure) [PSYoungGen: 419028K->162117K(465920K)] 867197K->610551K(1076736K), 0.0440582 secs] [Times: user=0.06 sys=0.00, real=0.04 secs] 
854.306: [GC (Allocation Failure) [PSYoungGen: 395077K->96K(465920K)] 843511K->449974K(1076736K), 0.0037274 secs] [Times: user=0.01 sys=0.00, real=0.01 secs] 
855.019: [GC (Allocation Failure) [PSYoungGen: 232991K->153737K(465920K)] 682870K->603640K(1076736K), 0.0168825 secs] [Times: user=0.03 sys=0.00, real=0.01 secs] 
855.361: [GC (Allocation Failure) [PSYoungGen: 386697K->183755K(465920K)] 836600K->634912K(1076736K), 0.0202065 secs] [Times: user=0.03 sys=0.00, real=0.02 secs] 
856.867: [GC (Allocation Failure) [PSYoungGen: 416715K->152871K(465920K)] 867872K->604300K(1076736K), 0.0388769 secs] [Times: user=0.05 sys=0.00, real=0.04 secs] 
859.284: [GC (Allocation Failure) [PSYoungGen: 385831K->64K(465920K)] 837260K->452935K(1076736K), 0.0033809 secs] [Times: user=0.01 sys=0.00, real=0.00 secs] 
859.916: [GC (Allocation Failure) [PSYoungGen: 233024K->168357K(465920K)] 685895K->621237K(1076736K), 0.0186042 secs] [Times: user=0.02 sys=0.00, real=0.02 secs] 
860.198: [GC (Allocation Failure) [PSYoungGen: 401317K->184430K(465920K)] 854197K->638563K(1076736K), 0.0201520 secs] [Times: user=0.03 sys=0.00, real=0.02 secs] 
861.050: [GC (Allocation Failure) [PSYoungGen: 417390K->129320K(465920K)] 871523K->583847K(1076736K), 0.0184040 secs] [Times: user=0.03 sys=0.00, real=0.02 secs] 
862.955: [GC (Allocation Failure) [PSYoungGen: 362280K->96K(465920K)] 816807K->455922K(1076736K), 0.0028168 secs] [Times: user=0.02 sys=0.00, real=0.00 secs] 
863.456: [GC (Allocation Failure) [PSYoungGen: 233056K->184007K(465920K)] 688882K->639857K(1076736K), 0.0202349 secs] [Times: user=0.03 sys=0.00, real=0.02 secs] 
863.742: [GC (Allocation Failure) [PSYoungGen: 416967K->184430K(465920K)] 872817K->641533K(1076736K), 0.0203690 secs] [Times: user=0.02 sys=0.00, real=0.02 secs] 
864.906: [GC (Allocation Failure) [PSYoungGen: 417390K->113753K(465920K)] 874493K->571138K(1076736K), 0.0220052 secs] [Times: user=0.04 sys=0.00, real=0.02 secs] 
867.114: [GC (Allocation Failure) [PSYoungGen: 346713K->15482K(465920K)] 804098K->473169K(1076736K), 0.0045183 secs] [Times: user=0.01 sys=0.00, real=0.01 secs] 
867.423: [GC (Allocation Failure) [PSYoungGen: 248442K->186357K(465920K)] 706129K->645290K(1076736K), 0.0202272 secs] [Times: user=0.02 sys=0.00, real=0.02 secs] 
867.707: [GC (Allocation Failure) [PSYoungGen: 419317K->184783K(465920K)] 878250K->643989K(1076736K), 0.0201106 secs] [Times: user=0.03 sys=0.00, real=0.02 secs] 
868.420: [GC (Allocation Failure) [PSYoungGen: 417743K->95679K(465920K)] 876949K->555150K(1076736K), 0.0126355 secs] [Times: user=0.02 sys=0.00, real=0.01 secs] 
869.667: [GC (Allocation Failure) [PSYoungGen: 328639K->33732K(465920K)] 788110K->493511K(1076736K), 0.0060587 secs] [Times: user=0.02 sys=0.00, real=0.01 secs] 
869.954: [GC (Allocation Failure) [PSYoungGen: 266692K->186229K(465920K)] 726471K->647253K(1076736K), 0.0203476 secs] [Times: user=0.03 sys=0.00, real=0.02 secs] 
870.238: [GC (Allocation Failure) [PSYoungGen: 419189K->184655K(465920K)] 880213K->645960K(1076736K), 0.0203361 secs] [Times: user=0.03 sys=0.00, real=0.03 secs] 
870.934: [GC (Allocation Failure) [PSYoungGen: 402639K->77654K(465920K)] 863944K->539232K(1076736K), 0.0114553 secs] [Times: user=0.02 sys=0.00, real=0.01 secs] 
871.757: [GC (Allocation Failure) [PSYoungGen: 310614K->38259K(465920K)] 772192K->500146K(1076736K), 0.0054555 secs] [Times: user=0.01 sys=0.00, real=0.01 secs] 
872.028: [GC (Allocation Failure) [PSYoungGen: 271219K->186325K(465920K)] 733106K->649586K(1076736K), 0.0204177 secs] [Times: user=0.03 sys=0.00, real=0.02 secs] 
872.399: [GC (Allocation Failure) [PSYoungGen: 419285K->184815K(465920K)] 882546K->648221K(1076736K), 0.0201279 secs] [Times: user=0.02 sys=0.00, real=0.02 secs] 
873.541: [GC (Allocation Failure) [PSYoungGen: 417775K->105667K(465920K)] 881181K->569345K(1076736K), 0.0143043 secs] [Times: user=0.04 sys=0.00, real=0.01 secs] 
874.417: [GC (Allocation Failure) [PSYoungGen: 338627K->56510K(465920K)] 802305K->520488K(1076736K), 0.0074245 secs] [Times: user=0.02 sys=0.00, real=0.01 secs] 
874.690: [GC (Allocation Failure) [PSYoungGen: 289470K->186325K(465920K)] 753448K->651541K(1076736K), 0.0205816 secs] [Times: user=0.02 sys=0.00, real=0.02 secs] 
875.033: [GC (Allocation Failure) [PSYoungGen: 419285K->186068K(465920K)] 884501K->651557K(1076736K), 0.0206480 secs] [Times: user=0.03 sys=0.00, real=0.02 secs] 
877.744: [GC (Allocation Failure) [PSYoungGen: 419028K->86131K(465920K)] 884517K->552021K(1076736K), 0.0187127 secs] [Times: user=0.05 sys=0.00, real=0.02 secs] 
879.186: [GC (Allocation Failure) [PSYoungGen: 319091K->76691K(465920K)] 784981K->542761K(1076736K), 0.0094102 secs] [Times: user=0.02 sys=0.00, real=0.01 secs] 
879.458: [GC (Allocation Failure) [PSYoungGen: 309651K->184269K(465920K)] 775721K->651577K(1076736K), 0.0202862 secs] [Times: user=0.02 sys=0.00, real=0.02 secs] 
879.803: [GC (Allocation Failure) [PSYoungGen: 417229K->186325K(465920K)] 884537K->654034K(1076736K), 0.0203912 secs] [Times: user=0.02 sys=0.00, real=0.02 secs] 
881.330: [GC (Allocation Failure) [PSYoungGen: 419285K->67913K(465920K)] 886994K->535911K(1076736K), 0.0163961 secs] [Times: user=0.05 sys=0.00, real=0.01 secs] 
882.725: [GC (Allocation Failure) [PSYoungGen: 300873K->94713K(465920K)] 768871K->562883K(1076736K), 0.0112202 secs] [Times: user=0.01 sys=0.00, real=0.01 secs] 
883.064: [GC (Allocation Failure) [PSYoungGen: 327673K->186229K(465920K)] 795843K->655652K(1076736K), 0.0203600 secs] [Times: user=0.02 sys=0.01, real=0.02 secs] 
883.405: [GC (Allocation Failure) [PSYoungGen: 419189K->184398K(465920K)] 888612K->654094K(1076736K), 0.0205939 secs] [Times: user=0.02 sys=0.00, real=0.02 secs] 
884.421: [GC (Allocation Failure) [PSYoungGen: 417358K->49759K(465920K)] 887054K->519720K(1076736K), 0.0066147 secs] [Times: user=0.03 sys=0.00, real=0.00 secs] 
885.648: [GC (Allocation Failure) [PSYoungGen: 282719K->114155K(465920K)] 752680K->584425K(1076736K), 0.0131402 secs] [Times: user=0.02 sys=0.00, real=0.02 secs] 
885.987: [GC (Allocation Failure) [PSYoungGen: 347115K->185843K(465920K)] 817385K->657358K(1076736K), 0.0201942 secs] [Times: user=0.03 sys=0.00, real=0.02 secs] 
886.274: [GC (Allocation Failure) [PSYoungGen: 418803K->182240K(465920K)] 890318K->654028K(1076736K), 0.0196839 secs] [Times: user=0.02 sys=0.00, real=0.02 secs] 
887.379: [GC (Allocation Failure) [PSYoungGen: 415200K->32928K(465920K)] 886988K->506117K(1076736K), 0.0041065 secs] [Times: user=0.02 sys=0.00, real=0.00 secs] 
887.922: [GC (Allocation Failure) [PSYoungGen: 265888K->129543K(465920K)] 739077K->602789K(1076736K), 0.0146962 secs] [Times: user=0.02 sys=0.00, real=0.01 secs] 
888.199: [GC (Allocation Failure) [PSYoungGen: 362503K->184141K(465920K)] 835749K->658632K(1076736K), 0.0202458 secs] [Times: user=0.02 sys=0.00, real=0.02 secs] 
890.120: [GC (Allocation Failure) [PSYoungGen: 417101K->172536K(465920K)] 891592K->647292K(1076736K), 0.0453603 secs] [Times: user=0.07 sys=0.00, real=0.04 secs] 
893.052: [GC (Allocation Failure) [PSYoungGen: 405496K->96K(465920K)] 880252K->476286K(1076736K), 0.0039041 secs] [Times: user=0.02 sys=0.00, real=0.00 secs] 
894.099: [GC (Allocation Failure) [PSYoungGen: 233056K->144744K(465920K)] 709246K->620950K(1076736K), 0.0161341 secs] [Times: user=0.02 sys=0.00, real=0.01 secs] 
894.438: [GC (Allocation Failure) [PSYoungGen: 377704K->184301K(465920K)] 853910K->661882K(1076736K), 0.0201044 secs] [Times: user=0.02 sys=0.00, real=0.02 secs] 
895.011: [GC (Allocation Failure) [PSYoungGen: 417261K->161353K(465920K)] 894842K->639070K(1076736K), 0.0233276 secs] [Times: user=0.04 sys=0.00, real=0.02 secs] 
896.866: [GC (Allocation Failure) [PSYoungGen: 394313K->96K(465920K)] 872030K->479252K(1076736K), 0.0037339 secs] [Times: user=0.01 sys=0.00, real=0.01 secs] 
897.355: [GC (Allocation Failure) [PSYoungGen: 232959K->160517K(465920K)] 712115K->639690K(1076736K), 0.0178641 secs] [Times: user=0.03 sys=0.00, real=0.02 secs] 
897.635: [GC (Allocation Failure) [PSYoungGen: 393477K->184269K(465920K)] 872650K->664679K(1076736K), 0.0203658 secs] [Times: user=0.03 sys=0.00, real=0.02 secs] 
898.927: [GC (Allocation Failure) [PSYoungGen: 417229K->145529K(465920K)] 897639K->626204K(1076736K), 0.0382767 secs] [Times: user=0.05 sys=0.00, real=0.04 secs] 
901.278: [GC (Allocation Failure) [PSYoungGen: 378489K->96K(465920K)] 859164K->482203K(1076736K), 0.0023787 secs] [Times: user=0.01 sys=0.00, real=0.01 secs] 
901.642: [GC (Allocation Failure) [PSYoungGen: 233056K->175554K(465920K)] 715163K->657693K(1076736K), 0.0192513 secs] [Times: user=0.03 sys=0.00, real=0.02 secs] 
901.929: [GC (Allocation Failure) [PSYoungGen: 408514K->184398K(465920K)] 890653K->667774K(1076736K), 0.0201564 secs] [Times: user=0.03 sys=0.00, real=0.02 secs] 
903.010: [GC (Allocation Failure) [PSYoungGen: 417358K->122139K(465920K)] 900734K->605789K(1076736K), 0.0172806 secs] [Times: user=0.02 sys=0.00, real=0.01 secs] 
905.724: [GC (Allocation Failure) [PSYoungGen: 355099K->6771K(465920K)] 838749K->490727K(1076736K), 0.0044928 secs] [Times: user=0.01 sys=0.00, real=0.01 secs] 
906.070: [GC (Allocation Failure) [PSYoungGen: 239731K->186325K(465920K)] 723687K->671519K(1076736K), 0.0203791 secs] [Times: user=0.03 sys=0.00, real=0.02 secs] 
906.359: [GC (Allocation Failure) [PSYoungGen: 419285K->186068K(465920K)] 904479K->671535K(1076736K), 0.0203014 secs] [Times: user=0.02 sys=0.00, real=0.02 secs] 
907.728: [GC (Allocation Failure) [PSYoungGen: 419028K->103086K(465920K)] 904495K->588945K(1076736K), 0.0226581 secs] [Times: user=0.03 sys=0.00, real=0.02 secs] 
909.663: [GC (Allocation Failure) [PSYoungGen: 336046K->27434K(465920K)] 821905K->513459K(1076736K), 0.0058548 secs] [Times: user=0.02 sys=0.00, real=0.01 secs] 
909.960: [GC (Allocation Failure) [PSYoungGen: 260394K->185843K(465920K)] 746419K->673106K(1076736K), 0.0202324 secs] [Times: user=0.03 sys=0.00, real=0.02 secs] 
910.243: [GC (Allocation Failure) [PSYoungGen: 418803K->184301K(465920K)] 906066K->671845K(1076736K), 0.0203282 secs] [Times: user=0.02 sys=0.00, real=0.02 secs] 
911.289: [GC (Allocation Failure) [PSYoungGen: 411144K->84723K(465920K)] 898688K->572532K(1076736K), 0.0117629 secs] [Times: user=0.02 sys=0.00, real=0.01 secs] 
913.080: [GC (Allocation Failure) [PSYoungGen: 317683K->37617K(465920K)] 805492K->525726K(1076736K), 0.0074949 secs] [Times: user=0.02 sys=0.00, real=0.00 secs] 
913.398: [GC (Allocation Failure) [PSYoungGen: 270577K->186454K(465920K)] 758686K->675801K(1076736K), 0.0209343 secs] [Times: user=0.03 sys=0.00, real=0.03 secs] 
913.744: [GC (Allocation Failure) [PSYoungGen: 419414K->186068K(465920K)] 908761K->675688K(1076736K), 0.0207240 secs] [Times: user=0.03 sys=0.00, real=0.02 secs] 
915.421: [GC (Allocation Failure) [PSYoungGen: 419028K->104927K(465920K)] 908648K->594812K(1076736K), 0.0208834 secs] [Times: user=0.04 sys=0.00, real=0.02 secs] 
917.486: [GC (Allocation Failure) [PSYoungGen: 337887K->58052K(465920K)] 827772K->548247K(1076736K), 0.0087430 secs] [Times: user=0.02 sys=0.00, real=0.01 secs] 
917.764: [GC (Allocation Failure) [PSYoungGen: 291012K->185843K(465920K)] 781207K->677420K(1076736K), 0.0205045 secs] [Times: user=0.03 sys=0.00, real=0.02 secs] 
918.049: [GC (Allocation Failure) [PSYoungGen: 418803K->185843K(465920K)] 910380K->677565K(1076736K), 0.0204408 secs] [Times: user=0.02 sys=0.01, real=0.02 secs] 
920.302: [GC (Allocation Failure) [PSYoungGen: 418803K->85360K(465920K)] 910525K->577346K(1076736K), 0.0220099 secs] [Times: user=0.06 sys=0.00, real=0.02 secs] 
921.829: [GC (Allocation Failure) [PSYoungGen: 318320K->76787K(465920K)] 810306K->569106K(1076736K), 0.0095789 secs] [Times: user=0.02 sys=0.00, real=0.00 secs] 
922.159: [GC (Allocation Failure) [PSYoungGen: 309747K->186325K(465920K)] 802066K->680010K(1076736K), 0.0206117 secs] [Times: user=0.03 sys=0.00, real=0.02 secs] 
922.447: [GC (Allocation Failure) [PSYoungGen: 419285K->186132K(465920K)] 912970K->679962K(1076736K), 0.0203970 secs] [Times: user=0.02 sys=0.00, real=0.02 secs] 
924.289: [GC (Allocation Failure) [PSYoungGen: 419092K->65824K(465920K)] 912922K->560047K(1076736K), 0.0116791 secs] [Times: user=0.04 sys=0.00, real=0.01 secs] 
925.686: [GC (Allocation Failure) [PSYoungGen: 298784K->97027K(465920K)] 793007K->591427K(1076736K), 0.0112781 secs] [Times: user=0.02 sys=0.00, real=0.01 secs] 
925.961: [GC (Allocation Failure) [PSYoungGen: 329987K->184526K(465920K)] 824387K->680164K(1076736K), 0.0201388 secs] [Times: user=0.02 sys=0.01, real=0.02 secs] 
926.246: [GC (Allocation Failure) [PSYoungGen: 417486K->186325K(465920K)] 913124K->682236K(1076736K), 0.0206614 secs] [Times: user=0.03 sys=0.00, real=0.02 secs] 
928.370: [GC (Allocation Failure) [PSYoungGen: 419285K->47188K(465920K)] 915196K->543372K(1076736K), 0.0072194 secs] [Times: user=0.03 sys=0.00, real=0.00 secs] 
929.029: [GC (Allocation Failure) [PSYoungGen: 280148K->114894K(465920K)] 776332K->611380K(1076736K), 0.0130472 secs] [Times: user=0.02 sys=0.00, real=0.01 secs] 
929.366: [GC (Allocation Failure) [PSYoungGen: 347854K->184141K(465920K)] 844340K->681993K(1076736K), 0.0202814 secs] [Times: user=0.03 sys=0.00, real=0.02 secs] 
929.646: [GC (Allocation Failure) [PSYoungGen: 417101K->181827K(465920K)] 914953K->679824K(1076736K), 0.0201241 secs] [Times: user=0.03 sys=0.00, real=0.02 secs] 
932.208: [GC (Allocation Failure) [PSYoungGen: 414787K->34208K(465920K)] 912784K->532365K(1076736K), 0.0057142 secs] [Times: user=0.03 sys=0.00, real=0.01 secs] 
933.262: [GC (Allocation Failure) [PSYoungGen: 267168K->128001K(465920K)] 765325K->626337K(1076736K), 0.0146092 secs] [Times: user=0.03 sys=0.00, real=0.01 secs] 
933.542: [GC (Allocation Failure) [PSYoungGen: 360961K->184590K(465920K)] 859297K->684180K(1076736K), 0.0205238 secs] [Times: user=0.03 sys=0.00, real=0.02 secs] 
933.985: [GC (Allocation Failure) [PSYoungGen: 417550K->173724K(465920K)] 917140K->673708K(1076736K), 0.0217407 secs] [Times: user=0.03 sys=0.00, real=0.02 secs] 
934.972: [GC (Allocation Failure) [PSYoungGen: 406684K->96K(465920K)] 906668K->501386K(1076736K), 0.0024255 secs] [Times: user=0.01 sys=0.00, real=0.00 secs] 
935.450: [GC (Allocation Failure) [PSYoungGen: 233021K->144326K(465920K)] 734312K->645633K(1076736K), 0.0160977 secs] [Times: user=0.02 sys=0.00, real=0.01 secs] 
935.728: [GC (Allocation Failure) [PSYoungGen: 377286K->184269K(465920K)] 878593K->686814K(1076736K), 0.0202042 secs] [Times: user=0.02 sys=0.00, real=0.02 secs] 
936.618: [GC (Allocation Failure) [PSYoungGen: 417229K->161787K(465920K)] 919774K->664733K(1076736K), 0.0232457 secs] [Times: user=0.03 sys=0.00, real=0.03 secs] 
938.971: [GC (Allocation Failure) [PSYoungGen: 394747K->96K(465920K)] 897693K->504341K(1076736K), 0.0044621 secs] [Times: user=0.02 sys=0.00, real=0.00 secs] 
939.516: [GC (Allocation Failure) [PSYoungGen: 232932K->160167K(465920K)] 737177K->664428K(1076736K), 0.0176737 secs] [Times: user=0.03 sys=0.00, real=0.02 secs] 
939.796: [GC (Allocation Failure) [PSYoungGen: 393127K->184365K(465920K)] 897388K->689872K(1076736K), 0.0202098 secs] [Times: user=0.03 sys=0.01, real=0.02 secs] 
941.077: [GC (Allocation Failure) [PSYoungGen: 417325K->145914K(465920K)] 922832K->651702K(1076736K), 0.0227770 secs] [Times: user=0.03 sys=0.00, real=0.03 secs] 
942.453: [GC (Allocation Failure) [PSYoungGen: 378874K->64K(465920K)] 884662K->507295K(1076736K), 0.0027506 secs] [Times: user=0.01 sys=0.00, real=0.00 secs] 
942.859: [GC (Allocation Failure) [PSYoungGen: 233024K->175750K(465920K)] 740255K->682997K(1076736K), 0.0192682 secs] [Times: user=0.03 sys=0.00, real=0.01 secs] 
943.141: [GC (Allocation Failure) [PSYoungGen: 408710K->184430K(465920K)] 915957K->692923K(1076736K), 0.0202478 secs] [Times: user=0.03 sys=0.00, real=0.02 secs] 
944.518: [GC (Allocation Failure) [PSYoungGen: 417390K->122011K(465920K)] 925883K->630769K(1076736K), 0.0205723 secs] [Times: user=0.03 sys=0.00, real=0.02 secs] 
945.954: [GC (Allocation Failure) [PSYoungGen: 354971K->7642K(465920K)] 863729K->516695K(1076736K), 0.0031285 secs] [Times: user=0.01 sys=0.00, real=0.00 secs] 
946.233: [GC (GCLocker Initiated GC) [PSYoungGen: 240602K->182598K(465920K)] 749655K->692889K(1076736K), 0.0200506 secs] [Times: user=0.03 sys=0.00, real=0.02 secs] 
946.520: [GC (Allocation Failure) [PSYoungGen: 415558K->184880K(465920K)] 927103K->696689K(1076736K), 0.0202890 secs] [Times: user=0.02 sys=0.00, real=0.02 secs] 
948.075: [GC (Allocation Failure) [PSYoungGen: 417840K->106154K(465920K)] 929649K->617971K(1076736K), 0.0296412 secs] [Times: user=0.04 sys=0.00, real=0.03 secs] 
949.893: [GC (Allocation Failure) [PSYoungGen: 339114K->22965K(465920K)] 850931K->535104K(1076736K), 0.0050938 secs] [Times: user=0.01 sys=0.00, real=0.01 secs] 
950.185: [GC (Allocation Failure) [PSYoungGen: 255925K->184526K(465920K)] 768064K->697903K(1076736K), 0.0203547 secs] [Times: user=0.02 sys=0.00, real=0.02 secs] 
950.470: [GC (Allocation Failure) [PSYoungGen: 417486K->186357K(465920K)] 930863K->700007K(1076736K), 0.0204969 secs] [Times: user=0.02 sys=0.00, real=0.02 secs] 
951.854: [GC (Allocation Failure) [PSYoungGen: 417750K->88466K(465920K)] 931400K->602381K(1076736K), 0.0172210 secs] [Times: user=0.03 sys=0.00, real=0.02 secs] 
953.406: [GC (Allocation Failure) [PSYoungGen: 321426K->37716K(465920K)] 835341K->551923K(1076736K), 0.0068602 secs] [Times: user=0.01 sys=0.00, real=0.01 secs] 
953.699: [GC (Allocation Failure) [PSYoungGen: 270676K->186325K(465920K)] 784883K->701770K(1076736K), 0.0206424 secs] [Times: user=0.03 sys=0.01, real=0.02 secs] 
953.984: [GC (Allocation Failure) [PSYoungGen: 419285K->184783K(465920K)] 934730K->700501K(1076736K), 0.0204513 secs] [Times: user=0.03 sys=0.00, real=0.02 secs] 
954.738: [GC (Allocation Failure) [PSYoungGen: 417743K->106181K(465920K)] 933461K->622163K(1076736K), 0.0128476 secs] [Times: user=0.03 sys=0.00, real=0.02 secs] 
955.635: [GC (Allocation Failure) [PSYoungGen: 339141K->56352K(465920K)] 855123K->572650K(1076736K), 0.0073666 secs] [Times: user=0.01 sys=0.00, real=0.01 secs] 
955.967: [GC (Allocation Failure) [PSYoungGen: 289312K->186325K(465920K)] 805610K->703877K(1076736K), 0.0205287 secs] [Times: user=0.03 sys=0.00, real=0.02 secs] 
956.257: [GC (Allocation Failure) [PSYoungGen: 419285K->185940K(465920K)] 936837K->703765K(1076736K), 0.0205504 secs] [Times: user=0.03 sys=0.00, real=0.02 secs] 
957.768: [GC (Allocation Failure) [PSYoungGen: 418900K->86420K(465920K)] 936725K->604510K(1076736K), 0.0162511 secs] [Times: user=0.05 sys=0.00, real=0.02 secs] 
959.393: [GC (Allocation Failure) [PSYoungGen: 319380K->75917K(465920K)] 837470K->594307K(1076736K), 0.0094853 secs] [Times: user=0.02 sys=0.00, real=0.01 secs] 
959.669: [GC (Allocation Failure) [PSYoungGen: 308877K->186357K(465920K)] 827267K->705985K(1076736K), 0.0205457 secs] [Times: user=0.02 sys=0.00, real=0.02 secs] 
959.958: [GC (Allocation Failure) [PSYoungGen: 419317K->184783K(465920K)] 938945K->704684K(1076736K), 0.0202796 secs] [Times: user=0.02 sys=0.00, real=0.02 secs] 
960.983: [GC (Allocation Failure) [PSYoungGen: 417743K->68009K(465920K)] 937644K->588328K(1076736K), 0.0083789 secs] [Times: user=0.02 sys=0.00, real=0.01 secs] 
961.644: [GC (Allocation Failure) [PSYoungGen: 300969K->94456K(465920K)] 821288K->614946K(1076736K), 0.0111441 secs] [Times: user=0.02 sys=0.00, real=0.01 secs] 
961.974: [GC (Allocation Failure) [PSYoungGen: 327416K->183884K(465920K)] 847906K->705611K(1076736K), 0.0202579 secs] [Times: user=0.03 sys=0.00, real=0.02 secs] 
962.260: [GC (Allocation Failure) [PSYoungGen: 416844K->184430K(465920K)] 938571K->706430K(1076736K), 0.0202184 secs] [Times: user=0.03 sys=0.00, real=0.02 secs] 
963.207: [GC (Allocation Failure) [PSYoungGen: 417390K->52329K(465920K)] 939390K->574595K(1076736K), 0.0071717 secs] [Times: user=0.02 sys=0.00, real=0.01 secs] 
963.878: [GC (Allocation Failure) [PSYoungGen: 285289K->110396K(465920K)] 807555K->632972K(1076736K), 0.0136890 secs] [Times: user=0.03 sys=0.00, real=0.02 secs] 
964.208: [GC (Allocation Failure) [PSYoungGen: 343356K->184141K(465920K)] 865932K->708082K(1076736K), 0.0204998 secs] [Times: user=0.02 sys=0.00, real=0.03 secs] 
964.498: [GC (Allocation Failure) [PSYoungGen: 417101K->184430K(465920K)] 941042K->708644K(1076736K), 0.0203880 secs] [Times: user=0.03 sys=0.00, real=0.02 secs] 
965.498: [GC (Allocation Failure) [PSYoungGen: 417390K->36135K(465920K)] 941604K->560495K(1076736K), 0.0049533 secs] [Times: user=0.02 sys=0.00, real=0.01 secs] 
966.091: [GC (Allocation Failure) [PSYoungGen: 269095K->126748K(465920K)] 793455K->651415K(1076736K), 0.0144101 secs] [Times: user=0.02 sys=0.00, real=0.01 secs] 
966.369: [GC (Allocation Failure) [PSYoungGen: 359708K->184526K(465920K)] 884375K->710431K(1076736K), 0.0200938 secs] [Times: user=0.03 sys=0.00, real=0.02 secs] 
966.735: [GC (Allocation Failure) [PSYoungGen: 417309K->172913K(465920K)] 943214K->699212K(1076736K), 0.0204309 secs] [Times: user=0.02 sys=0.00, real=0.02 secs] 
967.933: [GC (Allocation Failure) [PSYoungGen: 405873K->96K(465920K)] 932172K->527693K(1076736K), 0.0023288 secs] [Times: user=0.01 sys=0.00, real=0.00 secs] 
968.636: [GC (Allocation Failure) [PSYoungGen: 233056K->142267K(465920K)] 760653K->669881K(1076736K), 0.0161007 secs] [Times: user=0.03 sys=0.00, real=0.02 secs] 
968.916: [GC (Allocation Failure) [PSYoungGen: 375227K->184526K(465920K)] 902841K->713378K(1076736K), 0.0202809 secs] [Times: user=0.02 sys=0.00, real=0.02 secs] 
969.531: [GC (Allocation Failure) [PSYoungGen: 414942K->159410K(465920K)] 943794K->688527K(1076736K), 0.0414740 secs] [Times: user=0.06 sys=0.00, real=0.04 secs] 
971.351: [GC (Allocation Failure) [PSYoungGen: 392370K->96K(465920K)] 921487K->530652K(1076736K), 0.0035838 secs] [Times: user=0.01 sys=0.00, real=0.00 secs] 
971.854: [GC (Allocation Failure) [PSYoungGen: 233056K->154734K(465920K)] 763612K->685322K(1076736K), 0.0172170 secs] [Times: user=0.02 sys=0.00, real=0.02 secs] 
972.135: [GC (Allocation Failure) [PSYoungGen: 387694K->184526K(465920K)] 918282K->716352K(1076736K), 0.0204672 secs] [Times: user=0.03 sys=0.00, real=0.02 secs] 
972.675: [GC (Allocation Failure) [PSYoungGen: 417486K->151071K(465920K)] 949312K->683170K(1076736K), 0.0200932 secs] [Times: user=0.03 sys=0.00, real=0.02 secs] 
974.417: [GC (Allocation Failure) [PSYoungGen: 384031K->64K(465920K)] 916130K->533592K(1076736K), 0.0050674 secs] [Times: user=0.02 sys=0.00, real=0.01 secs] 
974.956: [GC (Allocation Failure) [PSYoungGen: 233024K->170831K(465920K)] 766552K->704384K(1076736K), 0.0187743 secs] [Times: user=0.03 sys=0.00, real=0.02 secs] 
975.300: [GC (Allocation Failure) [PSYoungGen: 403791K->184398K(465920K)] 937344K->719324K(1076736K), 0.0203405 secs] [Times: user=0.03 sys=0.00, real=0.02 secs] 
976.066: [GC (Allocation Failure) [PSYoungGen: 417358K->126942K(465920K)] 952284K->662006K(1076736K), 0.0209704 secs] [Times: user=0.03 sys=0.00, real=0.02 secs] 
977.515: [GC (Allocation Failure) [PSYoungGen: 359902K->2886K(465920K)] 894966K->538266K(1076736K), 0.0026580 secs] [Times: user=0.01 sys=0.00, real=0.00 secs] 
977.800: [GC (Allocation Failure) [PSYoungGen: 235846K->186389K(465920K)] 771226K->723006K(1076736K), 0.0205239 secs] [Times: user=0.03 sys=0.00, real=0.02 secs] 
978.087: [GC (Allocation Failure) [PSYoungGen: 419349K->186068K(465920K)] 955966K->722958K(1076736K), 0.0205020 secs] [Times: user=0.03 sys=0.00, real=0.02 secs] 
978.736: [GC (Allocation Failure) [PSYoungGen: 419028K->106973K(465920K)] 955918K->644257K(1076736K), 0.0143353 secs] [Times: user=0.02 sys=0.00, real=0.02 secs] 
980.315: [GC (Allocation Failure) [PSYoungGen: 339933K->23511K(465920K)] 877217K->560958K(1076736K), 0.0071162 secs] [Times: user=0.02 sys=0.00, real=0.01 secs] 
980.667: [GC (Allocation Failure) [PSYoungGen: 256471K->186486K(465920K)] 793918K->725187K(1076736K), 0.0207575 secs] [Times: user=0.03 sys=0.00, real=0.02 secs] 
980.959: [GC (Allocation Failure) [PSYoungGen: 419446K->185972K(465920K)] 958147K->725074K(1076736K), 0.0206107 secs] [Times: user=0.02 sys=0.00, real=0.02 secs] 
981.648: [GC (Allocation Failure) [PSYoungGen: 414920K->86378K(465920K)] 954022K->625616K(1076736K), 0.0130324 secs] [Times: user=0.02 sys=0.00, real=0.02 secs] 
983.143: [GC (Allocation Failure) [PSYoungGen: 319338K->37874K(465920K)] 858576K->577402K(1076736K), 0.0069686 secs] [Times: user=0.01 sys=0.00, real=0.01 secs] 
983.432: [GC (Allocation Failure) [PSYoungGen: 270834K->184141K(465920K)] 810362K->724907K(1076736K), 0.0203235 secs] [Times: user=0.02 sys=0.01, real=0.02 secs] 
983.721: [GC (Allocation Failure) [PSYoungGen: 417101K->184976K(465920K)] 957867K->726015K(1076736K), 0.0205954 secs] [Times: user=0.03 sys=0.00, real=0.02 secs] 
984.364: [GC (Allocation Failure) [PSYoungGen: 417936K->108109K(465920K)] 958975K->649413K(1076736K), 0.0124794 secs] [Times: user=0.03 sys=0.00, real=0.01 secs] 
985.943: [GC (Allocation Failure) [PSYoungGen: 341069K->54068K(465920K)] 882373K->595676K(1076736K), 0.0089431 secs] [Times: user=0.02 sys=0.00, real=0.01 secs] 
986.242: [GC (Allocation Failure) [PSYoungGen: 287028K->184655K(465920K)] 828636K->727501K(1076736K), 0.0205328 secs] [Times: user=0.03 sys=0.01, real=0.02 secs] 
986.588: [GC (Allocation Failure) [PSYoungGen: 417615K->186454K(465920K)] 960461K->729573K(1076736K), 0.0204339 secs] [Times: user=0.02 sys=0.00, real=0.02 secs] 
988.153: [GC (Allocation Failure) [PSYoungGen: 419414K->89890K(465920K)] 962533K->633282K(1076736K), 0.0106639 secs] [Times: user=0.03 sys=0.00, real=0.01 secs] 
989.608: [GC (Allocation Failure) [PSYoungGen: 322850K->72832K(465920K)] 866242K->616534K(1076736K), 0.0107688 secs] [Times: user=0.02 sys=0.00, real=0.01 secs] 
989.970: [GC (Allocation Failure) [PSYoungGen: 305792K->184398K(465920K)] 849494K->729337K(1076736K), 0.0204591 secs] [Times: user=0.03 sys=0.00, real=0.02 secs] 
990.261: [GC (Allocation Failure) [PSYoungGen: 417358K->186197K(465920K)] 962297K->731554K(1076736K), 0.0204499 secs] [Times: user=0.03 sys=0.00, real=0.02 secs] 
991.545: [GC (Allocation Failure) [PSYoungGen: 419157K->71624K(465920K)] 964514K->617118K(1076736K), 0.0093191 secs] [Times: user=0.02 sys=0.00, real=0.01 secs] 
992.904: [GC (Allocation Failure) [PSYoungGen: 304584K->90443K(465920K)] 850078K->636255K(1076736K), 0.0123657 secs] [Times: user=0.02 sys=0.00, real=0.01 secs] 
993.184: [GC (Allocation Failure) [PSYoungGen: 323403K->184141K(465920K)] 869215K->731190K(1076736K), 0.0203156 secs] [Times: user=0.02 sys=0.00, real=0.02 secs] 
993.468: [GC (Allocation Failure) [PSYoungGen: 417101K->184430K(465920K)] 964150K->731752K(1076736K), 0.0204438 secs] [Times: user=0.03 sys=0.00, real=0.03 secs] 
994.969: [GC (Allocation Failure) [PSYoungGen: 417390K->56025K(465920K)] 964712K->603612K(1076736K), 0.0089057 secs] [Times: user=0.03 sys=0.00, real=0.00 secs] 
996.324: [GC (Allocation Failure) [PSYoungGen: 288985K->106409K(465920K)] 836572K->654306K(1076736K), 0.0124096 secs] [Times: user=0.02 sys=0.00, real=0.01 secs] 
996.600: [GC (Allocation Failure) [PSYoungGen: 339369K->184398K(465920K)] 887266K->733533K(1076736K), 0.0204002 secs] [Times: user=0.02 sys=0.00, real=0.02 secs] 
996.885: [GC (Allocation Failure) [PSYoungGen: 417358K->184590K(465920K)] 966493K->733998K(1076736K), 0.0204289 secs] [Times: user=0.03 sys=0.00, real=0.02 secs] 
998.196: [GC (Allocation Failure) [PSYoungGen: 417550K->39702K(465920K)] 966958K->589383K(1076736K), 0.0049665 secs] [Times: user=0.02 sys=0.00, real=0.01 secs] 
999.266: [GC (Allocation Failure) [PSYoungGen: 272662K->122477K(465920K)] 822343K->672467K(1076736K), 0.0140891 secs] [Times: user=0.02 sys=0.00, real=0.02 secs] 
999.603: [GC (Allocation Failure) [PSYoungGen: 355437K->184398K(465920K)] 905427K->735753K(1076736K), 0.0205055 secs] [Times: user=0.02 sys=0.00, real=0.02 secs] 
999.954: [GC (Allocation Failure) [PSYoungGen: 417358K->176307K(465920K)] 968713K->727799K(1076736K), 0.0224998 secs] [Times: user=0.03 sys=0.00, real=0.02 secs] 
1000.912: [GC (Allocation Failure) [PSYoungGen: 409267K->96K(465920K)] 960759K->553035K(1076736K), 0.0025083 secs] [Times: user=0.01 sys=0.00, real=0.00 secs] 
1001.404: [GC (Allocation Failure) [PSYoungGen: 233056K->138668K(465920K)] 785995K->691616K(1076736K), 0.0157293 secs] [Times: user=0.03 sys=0.00, real=0.02 secs] 
1001.685: [GC (Allocation Failure) [PSYoungGen: 371628K->184655K(465920K)] 924576K->738840K(1076736K), 0.0205299 secs] [Times: user=0.02 sys=0.01, real=0.02 secs] 
1002.078: [GC (Allocation Failure) [PSYoungGen: 417615K->162912K(465920K)] 971800K->717363K(1076736K), 0.0177066 secs] [Times: user=0.02 sys=0.00, real=0.01 secs] 
1003.924: [GC (Allocation Failure) [PSYoungGen: 395872K->128K(465920K)] 950323K->556020K(1076736K), 0.0060775 secs] [Times: user=0.03 sys=0.00, real=0.01 secs] 
1004.795: [GC (Allocation Failure) [PSYoungGen: 233088K->153965K(465920K)] 788980K->709874K(1076736K), 0.0170949 secs] [Times: user=0.02 sys=0.00, real=0.02 secs] 
1005.077: [GC (Allocation Failure) [PSYoungGen: 386925K->184301K(465920K)] 942834K->741583K(1076736K), 0.0202771 secs] [Times: user=0.03 sys=0.00, real=0.02 secs] 
1005.667: [GC (Allocation Failure) [PSYoungGen: 417261K->152084K(465920K)] 974543K->709502K(1076736K), 0.0204023 secs] [Times: user=0.03 sys=0.00, real=0.02 secs] 
1006.753: [GC (Allocation Failure) [PSYoungGen: 385044K->96K(465920K)] 942462K->558962K(1076736K), 0.0025599 secs] [Times: user=0.01 sys=0.00, real=0.00 secs] 
1007.137: [GC (Allocation Failure) [PSYoungGen: 233056K->172023K(465920K)] 791922K->730905K(1076736K), 0.0189959 secs] [Times: user=0.03 sys=0.00, real=0.02 secs] 
1007.424: [GC (Allocation Failure) [PSYoungGen: 404983K->186100K(465920K)] 963865K->746237K(1076736K), 0.0204778 secs] [Times: user=0.03 sys=0.00, real=0.02 secs] 
1008.346: [GC (Allocation Failure) [PSYoungGen: 419060K->124115K(465920K)] 979197K->684516K(1076736K), 0.0164353 secs] [Times: user=0.03 sys=0.00, real=0.02 secs] 
1009.688: [GC (Allocation Failure) [PSYoungGen: 357075K->6485K(465920K)] 917476K->567187K(1076736K), 0.0032902 secs] [Times: user=0.01 sys=0.00, real=0.01 secs] 
1009.975: [GC (Allocation Failure) [PSYoungGen: 239445K->185747K(465920K)] 800147K->747702K(1076736K), 0.0204754 secs] [Times: user=0.03 sys=0.00, real=0.02 secs] 
1010.262: [GC (Allocation Failure) [PSYoungGen: 418707K->185811K(465920K)] 980662K->748056K(1076736K), 0.0203957 secs] [Times: user=0.03 sys=0.00, real=0.02 secs] 
1010.866: [GC (Allocation Failure) [PSYoungGen: 418771K->104290K(465920K)] 981016K->666808K(1076736K), 0.0133207 secs] [Times: user=0.02 sys=0.00, real=0.02 secs] 
1011.699: [GC (Allocation Failure) [PSYoungGen: 337250K->26149K(465920K)] 899768K->588968K(1076736K), 0.0044340 secs] [Times: user=0.02 sys=0.00, real=0.00 secs] 
1012.031: [GC (Allocation Failure) [PSYoungGen: 259109K->185811K(465920K)] 821928K->749868K(1076736K), 0.0206131 secs] [Times: user=0.03 sys=0.00, real=0.02 secs] 
1012.391: [GC (Allocation Failure) [PSYoungGen: 418771K->185843K(465920K)] 982828K->750173K(1076736K), 0.0204781 secs] [Times: user=0.03 sys=0.00, real=0.02 secs] 
1013.776: [GC (Allocation Failure) [PSYoungGen: 409162K->84498K(465920K)] 973492K->649109K(1076736K), 0.0174423 secs] [Times: user=0.03 sys=0.01, real=0.02 secs] 
1016.257: [GC (Allocation Failure) [PSYoungGen: 317458K->37877K(465920K)] 882069K->602796K(1076736K), 0.0077219 secs] [Times: user=0.02 sys=0.00, real=0.01 secs] 
1016.639: [GC (Allocation Failure) [PSYoungGen: 270837K->184044K(465920K)] 835756K->750209K(1076736K), 0.0202544 secs] [Times: user=0.02 sys=0.00, real=0.02 secs] 
1016.984: [GC (Allocation Failure) [PSYoungGen: 417004K->184751K(465920K)] 983169K->751189K(1076736K), 0.0204471 secs] [Times: user=0.03 sys=0.00, real=0.02 secs] 
1018.460: [GC (Allocation Failure) [PSYoungGen: 417711K->108398K(465920K)] 984149K->675100K(1076736K), 0.0180935 secs] [Times: user=0.04 sys=0.00, real=0.02 secs] 
1020.479: [GC (Allocation Failure) [PSYoungGen: 341358K->54325K(465920K)] 908060K->621344K(1076736K), 0.0090013 secs] [Times: user=0.02 sys=0.00, real=0.00 secs] 
1020.774: [GC (Allocation Failure) [PSYoungGen: 287285K->186132K(465920K)] 854304K->754541K(1076736K), 0.0205994 secs] [Times: user=0.03 sys=0.01, real=0.02 secs] 
1021.059: [GC (Allocation Failure) [PSYoungGen: 419092K->185940K(465920K)] 987501K->754493K(1076736K), 0.0205562 secs] [Times: user=0.03 sys=0.00, real=0.02 secs] 
1022.337: [GC (Allocation Failure) [PSYoungGen: 418900K->88718K(465920K)] 987453K->657536K(1076736K), 0.0176758 secs] [Times: user=0.05 sys=0.00, real=0.02 secs] 
1023.385: [GC (Allocation Failure) [PSYoungGen: 321678K->74760K(465920K)] 890496K->643887K(1076736K), 0.0092823 secs] [Times: user=0.02 sys=0.00, real=0.01 secs] 
1023.660: [GC (Allocation Failure) [PSYoungGen: 307720K->185683K(465920K)] 876847K->756184K(1076736K), 0.0206297 secs] [Times: user=0.03 sys=0.00, real=0.02 secs] 
1023.946: [GC (Allocation Failure) [PSYoungGen: 418643K->185843K(465920K)] 989144K->756489K(1076736K), 0.0207194 secs] [Times: user=0.03 sys=0.00, real=0.02 secs] 
1025.477: [GC (Allocation Failure) [PSYoungGen: 418803K->68812K(465920K)] 989449K->639723K(1076736K), 0.0086204 secs] [Times: user=0.02 sys=0.00, real=0.01 secs] 
1027.466: [GC (Allocation Failure) [PSYoungGen: 301688K->93270K(465920K)] 872599K->664475K(1076736K), 0.0116747 secs] [Times: user=0.02 sys=0.00, real=0.01 secs] 
1027.798: [GC (Allocation Failure) [PSYoungGen: 326230K->184783K(465920K)] 897435K->757233K(1076736K), 0.0205816 secs] [Times: user=0.03 sys=0.00, real=0.02 secs] 
1028.081: [GC (Allocation Failure) [PSYoungGen: 417743K->184109K(465920K)] 990193K->756832K(1076736K), 0.0203369 secs] [Times: user=0.03 sys=0.00, real=0.02 secs] 
1028.976: [GC (Allocation Failure) [PSYoungGen: 417069K->52843K(465920K)] 989792K->625832K(1076736K), 0.0064187 secs] [Times: user=0.03 sys=0.00, real=0.01 secs] 
1029.620: [GC (Allocation Failure) [PSYoungGen: 285803K->109625K(465920K)] 858792K->682913K(1076736K), 0.0127609 secs] [Times: user=0.02 sys=0.00, real=0.01 secs] 
1029.899: [GC (Allocation Failure) [PSYoungGen: 342585K->184173K(465920K)] 915873K->758706K(1076736K), 0.0261417 secs] [Times: user=0.05 sys=0.00, real=0.02 secs] 
1030.195: [GC (Allocation Failure) [PSYoungGen: 417133K->184462K(465920K)] 991666K->759413K(1076736K), 0.0203399 secs] [Times: user=0.02 sys=0.00, real=0.02 secs] 
1031.471: [GC (Allocation Failure) [PSYoungGen: 417422K->36875K(465920K)] 992373K->611963K(1076736K), 0.0042600 secs] [Times: user=0.02 sys=0.00, real=0.00 secs] 
1032.350: [GC (Allocation Failure) [PSYoungGen: 269835K->125302K(465920K)] 844923K->700690K(1076736K), 0.0143543 secs] [Times: user=0.02 sys=0.00, real=0.01 secs] 
1032.685: [GC (Allocation Failure) [PSYoungGen: 358262K->184526K(465920K)] 933650K->761152K(1076736K), 0.0205110 secs] [Times: user=0.03 sys=0.00, real=0.02 secs] 
1033.064: [GC (Allocation Failure) [PSYoungGen: 417486K->173335K(465920K)] 994112K->750354K(1076736K), 0.0229987 secs] [Times: user=0.03 sys=0.00, real=0.02 secs] 
1034.442: [GC (Allocation Failure) [PSYoungGen: 406295K->96K(465920K)] 983314K->578426K(1076736K), 0.0026595 secs] [Times: user=0.01 sys=0.00, real=0.00 secs] 
1035.117: [GC (Allocation Failure) [PSYoungGen: 233056K->141274K(465920K)] 811386K->719620K(1076736K), 0.0159497 secs] [Times: user=0.03 sys=0.00, real=0.02 secs] 
1035.397: [GC (Allocation Failure) [PSYoungGen: 374234K->184301K(465920K)] 952580K->763893K(1076736K), 0.0203768 secs] [Times: user=0.03 sys=0.00, real=0.02 secs] 
1035.915: [GC (Allocation Failure) [PSYoungGen: 416538K->160663K(465920K)] 996130K->740521K(1076736K), 0.0210873 secs] [Times: user=0.03 sys=0.00, real=0.02 secs] 
1037.884: [GC (Allocation Failure) [PSYoungGen: 393623K->96K(465920K)] 973481K->581392K(1076736K), 0.0036606 secs] [Times: user=0.01 sys=0.00, real=0.00 secs] 
1038.536: [GC (Allocation Failure) [PSYoungGen: 233056K->154477K(465920K)] 814352K->735789K(1076736K), 0.0172367 secs] [Times: user=0.02 sys=0.00, real=0.02 secs] 
1038.818: [GC (Allocation Failure) [PSYoungGen: 387437K->184526K(465920K)] 968749K->767205K(1076736K), 0.0204334 secs] [Times: user=0.03 sys=0.00, real=0.02 secs] 
1039.843: [GC (Allocation Failure) [PSYoungGen: 417486K->151344K(465920K)] 1000165K->734160K(1076736K), 0.0426243 secs] [Times: user=0.06 sys=0.00, real=0.04 secs] 
1041.490: [GC (Allocation Failure) [PSYoungGen: 384304K->64K(465920K)] 967120K->584315K(1076736K), 0.0025979 secs] [Times: user=0.01 sys=0.00, real=0.00 secs] 
1041.863: [GC (Allocation Failure) [PSYoungGen: 233024K->170416K(465920K)] 817275K->754692K(1076736K), 0.0189819 secs] [Times: user=0.02 sys=0.00, real=0.02 secs] 
1042.206: [GC (Allocation Failure) [PSYoungGen: 403376K->184430K(465920K)] 987652K->770087K(1076736K), 0.0204969 secs] [Times: user=0.02 sys=0.00, real=0.02 secs] 
1042.795: [GC (Allocation Failure) [PSYoungGen: 417390K->127328K(465920K)] 1003047K->713130K(1076736K), 0.0185636 secs] [Times: user=0.03 sys=0.00, real=0.02 secs] 
1043.941: [GC (Allocation Failure) [PSYoungGen: 360288K->2758K(465920K)] 946090K->588854K(1076736K), 0.0029061 secs] [Times: user=0.01 sys=0.00, real=0.00 secs] 
1044.318: [GC (Allocation Failure) [PSYoungGen: 235718K->186325K(465920K)] 821814K->773788K(1076736K), 0.0208733 secs] [Times: user=0.03 sys=0.00, real=0.03 secs] 
1044.605: [GC (Allocation Failure) [PSYoungGen: 419285K->186068K(465920K)] 1006748K->773675K(1076736K), 0.0204965 secs] [Times: user=0.03 sys=0.00, real=0.02 secs] 
1045.403: [GC (Allocation Failure) [PSYoungGen: 419028K->107102K(465920K)] 1006635K->695102K(1076736K), 0.0172158 secs] [Times: user=0.03 sys=0.00, real=0.02 secs] 
1047.132: [GC (Allocation Failure) [PSYoungGen: 340062K->23579K(465920K)] 928062K->611752K(1076736K), 0.0054549 secs] [Times: user=0.02 sys=0.00, real=0.00 secs] 
1047.427: [GC (Allocation Failure) [PSYoungGen: 256539K->185747K(465920K)] 844712K->775295K(1076736K), 0.0205205 secs] [Times: user=0.03 sys=0.00, real=0.02 secs] 
1047.719: [GC (Allocation Failure) [PSYoungGen: 418707K->185875K(465920K)] 1008255K->775568K(1076736K), 0.0205440 secs] [Times: user=0.02 sys=0.00, real=0.02 secs] 
1048.472: [GC (Allocation Failure) [PSYoungGen: 413078K->87165K(465920K)] 1002771K->677122K(1076736K), 0.0126949 secs] [Times: user=0.03 sys=0.00, real=0.01 secs] 
1049.282: [GC (Allocation Failure) [PSYoungGen: 320125K->38102K(465920K)] 910082K->628369K(1076736K), 0.0056045 secs] [Times: user=0.02 sys=0.00, real=0.00 secs] 
1049.554: [GC (Allocation Failure) [PSYoungGen: 271062K->186357K(465920K)] 861329K->777879K(1076736K), 0.0205528 secs] [Times: user=0.03 sys=0.00, real=0.02 secs] 
1049.900: [GC (Allocation Failure) [PSYoungGen: 419317K->184333K(465920K)] 1010839K->776127K(1076736K), 0.0205421 secs] [Times: user=0.03 sys=0.00, real=0.02 secs] 
1050.646: [GC (Allocation Failure) [PSYoungGen: 417293K->106357K(465920K)] 1009087K->698425K(1076736K), 0.0137976 secs] [Times: user=0.04 sys=0.00, real=0.02 secs] 
1051.563: [GC (Allocation Failure) [PSYoungGen: 339317K->57538K(465920K)] 931385K->649939K(1076736K), 0.0107885 secs] [Times: user=0.02 sys=0.00, real=0.01 secs] 
1051.900: [GC (Allocation Failure) [PSYoungGen: 290498K->185811K(465920K)] 882899K->779450K(1076736K), 0.0207662 secs] [Times: user=0.03 sys=0.00, real=0.02 secs] 
1052.245: [GC (Allocation Failure) [PSYoungGen: 418771K->185843K(465920K)] 1012410K->779763K(1076736K), 0.0204790 secs] [Times: user=0.03 sys=0.00, real=0.02 secs] 
1053.711: [GC (Allocation Failure) [PSYoungGen: 418803K->85842K(465920K)] 1012723K->680027K(1076736K), 0.0125591 secs] [Times: user=0.03 sys=0.00, real=0.01 secs] 
1055.569: [GC (Allocation Failure) [PSYoungGen: 318802K->76045K(465920K)] 912987K->670522K(1076736K), 0.0097702 secs] [Times: user=0.02 sys=0.00, real=0.01 secs] 
1055.843: [GC (Allocation Failure) [PSYoungGen: 309005K->184173K(465920K)] 903482K->779895K(1076736K), 0.0202647 secs] [Times: user=0.03 sys=0.00, real=0.02 secs] 
1056.127: [GC (Allocation Failure) [PSYoungGen: 417133K->183755K(465920K)] 1012855K->779751K(1076736K), 0.0203094 secs] [Times: user=0.03 sys=0.00, real=0.02 secs] 
1056.930: [GC (Allocation Failure) [PSYoungGen: 416715K->71094K(465920K)] 1012711K->667355K(1076736K), 0.0133959 secs] [Times: user=0.04 sys=0.01, real=0.01 secs] 
1057.675: [GC (Allocation Failure) [PSYoungGen: 304054K->91500K(465920K)] 900315K->688077K(1076736K), 0.0110221 secs] [Times: user=0.02 sys=0.00, real=0.01 secs] 
1057.949: [GC (Allocation Failure) [PSYoungGen: 324460K->184012K(465920K)] 921037K->781834K(1076736K), 0.0203660 secs] [Times: user=0.03 sys=0.00, real=0.02 secs] 
1058.237: [GC (Allocation Failure) [PSYoungGen: 416972K->184044K(465920K)] 1014794K->782139K(1076736K), 0.0204616 secs] [Times: user=0.03 sys=0.00, real=0.02 secs] 
1059.647: [GC (Allocation Failure) [PSYoungGen: 417004K->55574K(465920K)] 1015099K->653935K(1076736K), 0.0069033 secs] [Times: user=0.02 sys=0.01, real=0.01 secs] 
1060.713: [GC (Allocation Failure) [PSYoungGen: 288534K->106698K(465920K)] 886895K->705350K(1076736K), 0.0125643 secs] [Times: user=0.02 sys=0.00, real=0.01 secs] 
1060.992: [GC (Allocation Failure) [PSYoungGen: 339658K->184141K(465920K)] 938310K->784031K(1076736K), 0.0206401 secs] [Times: user=0.03 sys=0.00, real=0.02 secs] 
1061.277: [GC (Allocation Failure) [PSYoungGen: 417101K->184558K(465920K)] 1016991K->784721K(1076736K), 0.0204824 secs] [Times: user=0.03 sys=0.00, real=0.02 secs] 
1064.081: [GC (Allocation Failure) [PSYoungGen: 417518K->39702K(465920K)] 1017681K->640259K(1076736K), 0.0122266 secs] [Times: user=0.05 sys=0.00, real=0.01 secs] 
1065.435: [GC (Allocation Failure) [PSYoungGen: 272662K->122089K(465920K)] 873219K->722809K(1076736K), 0.0140609 secs] [Times: user=0.02 sys=0.00, real=0.02 secs] 
1065.713: [GC (Allocation Failure) [PSYoungGen: 355049K->184173K(465920K)] 955769K->786259K(1076736K), 0.0204007 secs] [Times: user=0.03 sys=0.00, real=0.02 secs] 
1066.064: [GC (Allocation Failure) [PSYoungGen: 417133K->176934K(465920K)] 1019219K->779165K(1076736K), 0.0223906 secs] [Times: user=0.03 sys=0.00, real=0.02 secs] 
1066.985: [GC (Allocation Failure) [PSYoungGen: 409894K->96K(465920K)] 1012125K->603770K(1076736K), 0.0028852 secs] [Times: user=0.02 sys=0.00, real=0.00 secs] 
1067.488: [GC (Allocation Failure) [PSYoungGen: 233056K->139857K(465920K)] 836730K->743547K(1076736K), 0.0159012 secs] [Times: user=0.03 sys=0.00, real=0.02 secs] 
1067.772: [GC (Allocation Failure) [PSYoungGen: 372817K->186068K(465920K)] 976507K->791005K(1076736K), 0.0206360 secs] [Times: user=0.02 sys=0.00, real=0.02 secs] 
1068.391: [GC (Allocation Failure) [PSYoungGen: 415103K->160310K(465920K)] 1020039K->765511K(1076736K), 0.0214809 secs] [Times: user=0.03 sys=0.00, real=0.02 secs] 
1070.478: [GC (Allocation Failure) [PSYoungGen: 393270K->96K(465920K)] 998471K->606738K(1076736K), 0.0036407 secs] [Times: user=0.01 sys=0.00, real=0.00 secs] 
1071.098: [GC (Allocation Failure) [PSYoungGen: 233056K->154220K(465920K)] 839698K->760878K(1076736K), 0.0171516 secs] [Times: user=0.02 sys=0.00, real=0.02 secs] 
1071.380: [GC (Allocation Failure) [PSYoungGen: 387180K->184398K(465920K)] 993838K->792294K(1076736K), 0.0204958 secs] [Times: user=0.03 sys=0.00, real=0.02 secs] 
1072.083: [GC (Allocation Failure) [PSYoungGen: 417358K->151714K(465920K)] 1025254K->759876K(1076736K), 0.0196458 secs] [Times: user=0.02 sys=0.00, real=0.02 secs] 
1074.084: [GC (Allocation Failure) [PSYoungGen: 384674K->64K(465920K)] 992836K->609661K(1076736K), 0.0051757 secs] [Times: user=0.02 sys=0.00, real=0.01 secs] 
1074.089: [Full GC (Ergonomics) [PSYoungGen: 64K->0K(465920K)] [ParOldGen: 609597K->259051K(605184K)] 609661K->259051K(1071104K), [Metaspace: 55767K->55767K(1101824K)], 0.0883519 secs] [Times: user=0.30 sys=0.00, real=0.08 secs] 
1074.731: [GC (Allocation Failure) [PSYoungGen: 232960K->169902K(465920K)] 492011K->428954K(1071104K), 0.0182024 secs] [Times: user=0.03 sys=0.00, real=0.02 secs] 
1075.018: [GC (Allocation Failure) [PSYoungGen: 402862K->183916K(465920K)] 661914K->444213K(1071104K), 0.0197633 secs] [Times: user=0.03 sys=0.00, real=0.02 secs] 
1075.863: [GC (Allocation Failure) [PSYoungGen: 410574K->136580K(465920K)] 670872K->397143K(1071104K), 0.0204865 secs] [Times: user=0.03 sys=0.00, real=0.02 secs] 
1078.165: [GC (Allocation Failure) [PSYoungGen: 369540K->96K(465920K)] 630103K->262092K(1071104K), 0.0038978 secs] [Times: user=0.01 sys=0.00, real=0.01 secs] 
1078.730: [GC (Allocation Failure) [PSYoungGen: 233056K->172858K(465920K)] 495052K->434878K(1071104K), 0.0185701 secs] [Times: user=0.02 sys=0.00, real=0.02 secs] 
1079.018: [GC (Allocation Failure) [PSYoungGen: 405818K->184687K(465920K)] 667838K->447952K(1071104K), 0.0198082 secs] [Times: user=0.02 sys=0.00, real=0.02 secs] 
1079.533: [GC (Allocation Failure) [PSYoungGen: 417647K->141045K(465920K)] 680912K->404576K(1071104K), 0.0158607 secs] [Times: user=0.03 sys=0.00, real=0.02 secs] 
1081.010: [GC (Allocation Failure) [PSYoungGen: 374005K->96K(465920K)] 637536K->265066K(1071104K), 0.0028038 secs] [Times: user=0.02 sys=0.00, real=0.00 secs] 
1081.450: [GC (Allocation Failure) [PSYoungGen: 233056K->182594K(465920K)] 498026K->447588K(1071104K), 0.0197473 secs] [Times: user=0.03 sys=0.00, real=0.02 secs] 
1081.740: [GC (Allocation Failure) [PSYoungGen: 415554K->184430K(465920K)] 680548K->450806K(1071104K), 0.0200353 secs] [Times: user=0.03 sys=0.00, real=0.02 secs] 
1082.323: [GC (Allocation Failure) [PSYoungGen: 417390K->131599K(465920K)] 683766K->398120K(1071104K), 0.0177582 secs] [Times: user=0.03 sys=0.00, real=0.02 secs] 
1083.436: [GC (Allocation Failure) [PSYoungGen: 364559K->8281K(465920K)] 631080K->275124K(1071104K), 0.0031960 secs] [Times: user=0.01 sys=0.00, real=0.01 secs] 
1083.733: [GC (Allocation Failure) [PSYoungGen: 241241K->184076K(465920K)] 508084K->452301K(1071104K), 0.0197774 secs] [Times: user=0.02 sys=0.01, real=0.02 secs] 
1084.016: [GC (Allocation Failure) [PSYoungGen: 417036K->184012K(465920K)] 685261K->452382K(1071104K), 0.0198001 secs] [Times: user=0.03 sys=0.00, real=0.02 secs] 
1085.269: [GC (Allocation Failure) [PSYoungGen: 416972K->122393K(465920K)] 685342K->391028K(1071104K), 0.0297911 secs] [Times: user=0.05 sys=0.00, real=0.03 secs] 
1087.819: [GC (Allocation Failure) [PSYoungGen: 355353K->17056K(465920K)] 623988K->285991K(1071104K), 0.0050219 secs] [Times: user=0.01 sys=0.00, real=0.00 secs] 
1088.144: [GC (Allocation Failure) [PSYoungGen: 250016K->184687K(465920K)] 518951K->454867K(1071104K), 0.0199166 secs] [Times: user=0.03 sys=0.00, real=0.02 secs] 
1088.429: [GC (Allocation Failure) [PSYoungGen: 417647K->184944K(465920K)] 687827K->455397K(1071104K), 0.0200314 secs] [Times: user=0.02 sys=0.00, real=0.02 secs] 
1090.527: [GC (Allocation Failure) [PSYoungGen: 417904K->112111K(465920K)] 688357K->382830K(1071104K), 0.0295235 secs] [Times: user=0.05 sys=0.00, real=0.03 secs] 
1092.851: [GC (Allocation Failure) [PSYoungGen: 345071K->27209K(465920K)] 615790K->298246K(1071104K), 0.0055851 secs] [Times: user=0.01 sys=0.00, real=0.00 secs] 
1093.162: [GC (Allocation Failure) [PSYoungGen: 260169K->186261K(465920K)] 531206K->458535K(1071104K), 0.0201583 secs] [Times: user=0.02 sys=0.00, real=0.02 secs] 
1093.508: [GC (Allocation Failure) [PSYoungGen: 419221K->184655K(465920K)] 691495K->457202K(1071104K), 0.0201175 secs] [Times: user=0.03 sys=0.00, real=0.02 secs] 
1094.669: [GC (Allocation Failure) [PSYoungGen: 417615K->100561K(465920K)] 690162K->373373K(1071104K), 0.0211479 secs] [Times: user=0.03 sys=0.00, real=0.02 secs] 
1096.314: [GC (Allocation Failure) [PSYoungGen: 333521K->38262K(465920K)] 606333K->311383K(1071104K), 0.0062025 secs] [Times: user=0.02 sys=0.00, real=0.01 secs] 
1096.600: [GC (Allocation Failure) [PSYoungGen: 271222K->186132K(465920K)] 544343K->460506K(1071104K), 0.0202744 secs] [Times: user=0.03 sys=0.00, real=0.02 secs] 
1096.887: [GC (Allocation Failure) [PSYoungGen: 419092K->185908K(465920K)] 693466K->460555K(1071104K), 0.0201252 secs] [Times: user=0.02 sys=0.00, real=0.02 secs] 
1098.059: [GC (Allocation Failure) [PSYoungGen: 405377K->88367K(465920K)] 680024K->363279K(1071104K), 0.0199003 secs] [Times: user=0.03 sys=0.00, real=0.02 secs] 
1099.170: [GC (Allocation Failure) [PSYoungGen: 321327K->38134K(465920K)] 596239K->313345K(1071104K), 0.0051551 secs] [Times: user=0.01 sys=0.00, real=0.00 secs] 
1099.444: [GC (Allocation Failure) [PSYoungGen: 271094K->184044K(465920K)] 546305K->460509K(1071104K), 0.0199961 secs] [Times: user=0.02 sys=0.00, real=0.02 secs] 
1099.786: [GC (Allocation Failure) [PSYoungGen: 417004K->184140K(465920K)] 693469K->460886K(1071104K), 0.0200023 secs] [Times: user=0.03 sys=0.00, real=0.02 secs] 
1101.671: [GC (Allocation Failure) [PSYoungGen: 409336K->92528K(465920K)] 686082K->369692K(1071104K), 0.0153914 secs] [Times: user=0.02 sys=0.00, real=0.01 secs] 
1102.743: [GC (Allocation Failure) [PSYoungGen: 325488K->37877K(465920K)] 602652K->315212K(1071104K), 0.0050701 secs] [Times: user=0.01 sys=0.00, real=0.00 secs] 
1103.014: [GC (Allocation Failure) [PSYoungGen: 270837K->184590K(465920K)] 548172K->463171K(1071104K), 0.0199061 secs] [Times: user=0.03 sys=0.00, real=0.02 secs] 
1103.298: [GC (Allocation Failure) [PSYoungGen: 417550K->184301K(465920K)] 696131K->463155K(1071104K), 0.0197828 secs] [Times: user=0.02 sys=0.00, real=0.02 secs] 
1104.352: [GC (Allocation Failure) [PSYoungGen: 409163K->92014K(465920K)] 688018K->371141K(1071104K), 0.0103973 secs] [Times: user=0.02 sys=0.00, real=0.01 secs] 
1105.733: [GC (Allocation Failure) [PSYoungGen: 324974K->37649K(465920K)] 604101K->317086K(1071104K), 0.0051968 secs] [Times: user=0.01 sys=0.00, real=0.00 secs] 
1106.002: [GC (Allocation Failure) [PSYoungGen: 270609K->184430K(465920K)] 550046K->465113K(1071104K), 0.0198967 secs] [Times: user=0.03 sys=0.00, real=0.02 secs] 
1106.285: [GC (Allocation Failure) [PSYoungGen: 417390K->184333K(465920K)] 698073K->465297K(1071104K), 0.0200884 secs] [Times: user=0.02 sys=0.00, real=0.02 secs] 
1107.765: [GC (Allocation Failure) [PSYoungGen: 409364K->92367K(465920K)] 690328K->373725K(1071104K), 0.0140467 secs] [Times: user=0.02 sys=0.00, real=0.02 secs] 
1109.209: [GC (Allocation Failure) [PSYoungGen: 325327K->37874K(465920K)] 606685K->319403K(1071104K), 0.0053001 secs] [Times: user=0.01 sys=0.00, real=0.00 secs] 
1109.538: [GC (Allocation Failure) [PSYoungGen: 270834K->184173K(465920K)] 552363K->466955K(1071104K), 0.0201876 secs] [Times: user=0.02 sys=0.00, real=0.03 secs] 
1109.825: [GC (Allocation Failure) [PSYoungGen: 417133K->184622K(465920K)] 699915K->467686K(1071104K), 0.0199052 secs] [Times: user=0.03 sys=0.00, real=0.02 secs] 
1111.295: [GC (Allocation Failure) [PSYoungGen: 409772K->92110K(465920K)] 692836K->375463K(1071104K), 0.0138985 secs] [Times: user=0.02 sys=0.00, real=0.02 secs] 
1114.259: [GC (Allocation Failure) [PSYoungGen: 325070K->37360K(465920K)] 608423K->321029K(1071104K), 0.0059704 secs] [Times: user=0.02 sys=0.00, real=0.00 secs] 
1114.539: [GC (Allocation Failure) [PSYoungGen: 270320K->184687K(465920K)] 553989K->469609K(1071104K), 0.0202354 secs] [Times: user=0.02 sys=0.00, real=0.02 secs] 
1114.825: [GC (Allocation Failure) [PSYoungGen: 417647K->184847K(465920K)] 702569K->470051K(1071104K), 0.0200802 secs] [Times: user=0.03 sys=0.00, real=0.02 secs] 
1115.912: [GC (Allocation Failure) [PSYoungGen: 407653K->91917K(465920K)] 692857K->377257K(1071104K), 0.0127504 secs] [Times: user=0.02 sys=0.00, real=0.01 secs] 
1117.538: [GC (Allocation Failure) [PSYoungGen: 324877K->37713K(465920K)] 610217K->323353K(1071104K), 0.0064141 secs] [Times: user=0.02 sys=0.00, real=0.01 secs] 
1117.900: [GC (Allocation Failure) [PSYoungGen: 270673K->184430K(465920K)] 556313K->471315K(1071104K), 0.0198766 secs] [Times: user=0.03 sys=0.00, real=0.02 secs] 
1118.184: [GC (Allocation Failure) [PSYoungGen: 417390K->184526K(465920K)] 704275K->471685K(1071104K), 0.0198258 secs] [Times: user=0.02 sys=0.00, real=0.02 secs] 
1118.804: [GC (Allocation Failure) [PSYoungGen: 407588K->92014K(465920K)] 694747K->379437K(1071104K), 0.0113696 secs] [Times: user=0.02 sys=0.01, real=0.01 secs] 
1119.613: [GC (Allocation Failure) [PSYoungGen: 324974K->37906K(465920K)] 612397K->325634K(1071104K), 0.0050989 secs] [Times: user=0.01 sys=0.00, real=0.01 secs] 
1119.880: [GC (Allocation Failure) [PSYoungGen: 270866K->183722K(465920K)] 558594K->472704K(1071104K), 0.0197266 secs] [Times: user=0.03 sys=0.00, real=0.02 secs] 
1120.163: [GC (Allocation Failure) [PSYoungGen: 416682K->184558K(465920K)] 705664K->473829K(1071104K), 0.0198225 secs] [Times: user=0.02 sys=0.00, real=0.02 secs] 
1121.543: [GC (Allocation Failure) [PSYoungGen: 410003K->92592K(465920K)] 699273K->382128K(1071104K), 0.0141579 secs] [Times: user=0.02 sys=0.00, real=0.01 secs] 
1123.169: [GC (Allocation Failure) [PSYoungGen: 325552K->37777K(465920K)] 615088K->327623K(1071104K), 0.0061520 secs] [Times: user=0.02 sys=0.00, real=0.00 secs] 
1123.526: [GC (Allocation Failure) [PSYoungGen: 270737K->184044K(465920K)] 560583K->475143K(1071104K), 0.0197710 secs] [Times: user=0.03 sys=0.00, real=0.02 secs] 
1123.867: [GC (Allocation Failure) [PSYoungGen: 417004K->184462K(465920K)] 708103K->475971K(1071104K), 0.0198997 secs] [Times: user=0.02 sys=0.00, real=0.02 secs] 
1124.991: [GC (Allocation Failure) [PSYoungGen: 408067K->92528K(465920K)] 699576K->384173K(1071104K), 0.0159399 secs] [Times: user=0.03 sys=0.00, real=0.01 secs] 
1126.558: [GC (Allocation Failure) [PSYoungGen: 325488K->37716K(465920K)] 617133K->329656K(1071104K), 0.0077600 secs] [Times: user=0.02 sys=0.00, real=0.01 secs] 
1126.883: [GC (Allocation Failure) [PSYoungGen: 270676K->184430K(465920K)] 562616K->477743K(1071104K), 0.0199726 secs] [Times: user=0.03 sys=0.00, real=0.02 secs] 
1127.169: [GC (Allocation Failure) [PSYoungGen: 417390K->184526K(465920K)] 710703K->477984K(1071104K), 0.0201784 secs] [Times: user=0.02 sys=0.00, real=0.02 secs] 
1128.309: [GC (Allocation Failure) [PSYoungGen: 407594K->92014K(465920K)] 701052K->385737K(1071104K), 0.0179918 secs] [Times: user=0.03 sys=0.00, real=0.01 secs] 
1130.504: [GC (Allocation Failure) [PSYoungGen: 324974K->37745K(465920K)] 618697K->331766K(1071104K), 0.0068719 secs] [Times: user=0.01 sys=0.00, real=0.01 secs] 
1130.809: [GC (Allocation Failure) [PSYoungGen: 270705K->184430K(465920K)] 564726K->479833K(1071104K), 0.0199221 secs] [Times: user=0.02 sys=0.00, real=0.02 secs] 
1131.098: [GC (Allocation Failure) [PSYoungGen: 417390K->184622K(465920K)] 712793K->480178K(1071104K), 0.0201095 secs] [Times: user=0.02 sys=0.00, real=0.02 secs] 
1132.503: [GC (Allocation Failure) [PSYoungGen: 407683K->91982K(465920K)] 703238K->387810K(1071104K), 0.0157915 secs] [Times: user=0.03 sys=0.00, real=0.02 secs] 
1134.590: [GC (Allocation Failure) [PSYoungGen: 324942K->35946K(465920K)] 620770K->332075K(1071104K), 0.0063113 secs] [Times: user=0.02 sys=0.00, real=0.00 secs] 
1134.956: [GC (Allocation Failure) [PSYoungGen: 268906K->184590K(465920K)] 565035K->482093K(1071104K), 0.0199739 secs] [Times: user=0.02 sys=0.00, real=0.02 secs] 
1135.239: [GC (Allocation Failure) [PSYoungGen: 417550K->184526K(465920K)] 715053K->482302K(1071104K), 0.0199290 secs] [Times: user=0.03 sys=0.00, real=0.02 secs] 
1137.195: [GC (Allocation Failure) [PSYoungGen: 410707K->93652K(465920K)] 708483K->391573K(1071104K), 0.0239563 secs] [Times: user=0.04 sys=0.01, real=0.03 secs] 
1138.852: [GC (Allocation Failure) [PSYoungGen: 326612K->37874K(465920K)] 624533K->336110K(1071104K), 0.0061673 secs] [Times: user=0.01 sys=0.00, real=0.00 secs] 
1139.137: [GC (Allocation Failure) [PSYoungGen: 270834K->184430K(465920K)] 569070K->483904K(1071104K), 0.0198546 secs] [Times: user=0.02 sys=0.00, real=0.02 secs] 
1139.422: [GC (Allocation Failure) [PSYoungGen: 417390K->184590K(465920K)] 716864K->484337K(1071104K), 0.0202828 secs] [Times: user=0.03 sys=0.00, real=0.02 secs] 
1140.398: [GC (Allocation Failure) [PSYoungGen: 407170K->91837K(465920K)] 706917K->391849K(1071104K), 0.0235823 secs] [Times: user=0.05 sys=0.00, real=0.02 secs] 
1141.507: [GC (Allocation Failure) [PSYoungGen: 324797K->38005K(465920K)] 624809K->338327K(1071104K), 0.0051325 secs] [Times: user=0.01 sys=0.00, real=0.01 secs] 
1141.775: [GC (Allocation Failure) [PSYoungGen: 270965K->184462K(465920K)] 571287K->486038K(1071104K), 0.0199905 secs] [Times: user=0.02 sys=0.00, real=0.02 secs] 
1142.062: [GC (Allocation Failure) [PSYoungGen: 417422K->184301K(465920K)] 718998K->486158K(1071104K), 0.0200686 secs] [Times: user=0.02 sys=0.00, real=0.02 secs] 
1144.351: [GC (Allocation Failure) [PSYoungGen: 409338K->91998K(465920K)] 711195K->394248K(1071104K), 0.0191736 secs] [Times: user=0.03 sys=0.00, real=0.02 secs] 
1146.560: [GC (Allocation Failure) [PSYoungGen: 324958K->37459K(465920K)] 627208K->339889K(1071104K), 0.0066943 secs] [Times: user=0.01 sys=0.00, real=0.00 secs] 
1146.932: [GC (Allocation Failure) [PSYoungGen: 270419K->184173K(465920K)] 572849K->487848K(1071104K), 0.0198440 secs] [Times: user=0.02 sys=0.00, real=0.02 secs] 
1147.215: [GC (Allocation Failure) [PSYoungGen: 417133K->184944K(465920K)] 720808K->488892K(1071104K), 0.0201787 secs] [Times: user=0.02 sys=0.00, real=0.02 secs] 
1148.783: [GC (Allocation Failure) [PSYoungGen: 410406K->92078K(465920K)] 714355K->396292K(1071104K), 0.0178806 secs] [Times: user=0.03 sys=0.01, real=0.02 secs] 
1150.639: [GC (Allocation Failure) [PSYoungGen: 325038K->37681K(465920K)] 629252K->342204K(1071104K), 0.0067202 secs] [Times: user=0.02 sys=0.00, real=0.00 secs] 
1150.935: [GC (Allocation Failure) [PSYoungGen: 270641K->184044K(465920K)] 575164K->489813K(1071104K), 0.0197611 secs] [Times: user=0.02 sys=0.00, real=0.02 secs] 
1151.275: [GC (Allocation Failure) [PSYoungGen: 417004K->185008K(465920K)] 722773K->491050K(1071104K), 0.0200413 secs] [Times: user=0.03 sys=0.00, real=0.02 secs] 
1151.969: [GC (Allocation Failure) [PSYoungGen: 408120K->92078K(465920K)] 714163K->398385K(1071104K), 0.0115364 secs] [Times: user=0.02 sys=0.00, real=0.01 secs] 
1153.045: [GC (Allocation Failure) [PSYoungGen: 325038K->37906K(465920K)] 631345K->344537K(1071104K), 0.0066389 secs] [Times: user=0.02 sys=0.00, real=0.01 secs] 
1153.341: [GC (Allocation Failure) [PSYoungGen: 270866K->184815K(465920K)] 577497K->492692K(1071104K), 0.0199059 secs] [Times: user=0.03 sys=0.00, real=0.02 secs] 
1153.679: [GC (Allocation Failure) [PSYoungGen: 417775K->184912K(465920K)] 725652K->493062K(1071104K), 0.0199916 secs] [Times: user=0.02 sys=0.00, real=0.02 secs] 
1154.602: [GC (Allocation Failure) [PSYoungGen: 407750K->91098K(465920K)] 715900K->399641K(1071104K), 0.0133636 secs] [Times: user=0.03 sys=0.00, real=0.01 secs] 
1156.311: [GC (Allocation Failure) [PSYoungGen: 324058K->37652K(465920K)] 632601K->346391K(1071104K), 0.0067888 secs] [Times: user=0.01 sys=0.01, real=0.00 secs] 
1156.621: [GC (Allocation Failure) [PSYoungGen: 270612K->184558K(465920K)] 579351K->494543K(1071104K), 0.0198369 secs] [Times: user=0.03 sys=0.00, real=0.02 secs] 
1156.905: [GC (Allocation Failure) [PSYoungGen: 417518K->184590K(465920K)] 727503K->494984K(1071104K), 0.0200184 secs] [Times: user=0.02 sys=0.00, real=0.02 secs] 
1158.379: [GC (Allocation Failure) [PSYoungGen: 407582K->91950K(465920K)] 717977K->402480K(1071104K), 0.0109137 secs] [Times: user=0.02 sys=0.00, real=0.01 secs] 
1160.468: [GC (Allocation Failure) [PSYoungGen: 324910K->36849K(465920K)] 635440K->347695K(1071104K), 0.0059688 secs] [Times: user=0.01 sys=0.00, real=0.01 secs] 
1160.748: [GC (Allocation Failure) [PSYoungGen: 269809K->184944K(465920K)] 580655K->497036K(1071104K), 0.0200223 secs] [Times: user=0.03 sys=0.00, real=0.02 secs] 
1161.036: [GC (Allocation Failure) [PSYoungGen: 417904K->184173K(465920K)] 729996K->496667K(1071104K), 0.0199340 secs] [Times: user=0.02 sys=0.00, real=0.02 secs] 
1162.895: [GC (Allocation Failure) [PSYoungGen: 409462K->92721K(465920K)] 721957K->405351K(1071104K), 0.0166836 secs] [Times: user=0.02 sys=0.00, real=0.02 secs] 
1164.441: [GC (Allocation Failure) [PSYoungGen: 325681K->37617K(465920K)] 638311K->350561K(1071104K), 0.0066111 secs] [Times: user=0.01 sys=0.00, real=0.00 secs] 
1164.739: [GC (Allocation Failure) [PSYoungGen: 270577K->184558K(465920K)] 583521K->498748K(1071104K), 0.0199811 secs] [Times: user=0.02 sys=0.00, real=0.02 secs] 
1165.024: [GC (Allocation Failure) [PSYoungGen: 417518K->184333K(465920K)] 731708K->498796K(1071104K), 0.0199122 secs] [Times: user=0.03 sys=0.01, real=0.02 secs] 
1165.824: [GC (Allocation Failure) [PSYoungGen: 409194K->92207K(465920K)] 723657K->406935K(1071104K), 0.0115165 secs] [Times: user=0.02 sys=0.00, real=0.01 secs] 
1167.797: [GC (Allocation Failure) [PSYoungGen: 325167K->37520K(465920K)] 639895K->352556K(1071104K), 0.0067117 secs] [Times: user=0.01 sys=0.00, real=0.01 secs] 
1168.175: [GC (Allocation Failure) [PSYoungGen: 270480K->184430K(465920K)] 585516K->500839K(1071104K), 0.0202493 secs] [Times: user=0.02 sys=0.00, real=0.02 secs] 
1168.457: [GC (Allocation Failure) [PSYoungGen: 417390K->184301K(465920K)] 733799K->500855K(1071104K), 0.0201777 secs] [Times: user=0.03 sys=0.00, real=0.02 secs] 
1170.221: [GC (Allocation Failure) [PSYoungGen: 409467K->92512K(465920K)] 726022K->409331K(1071104K), 0.0150238 secs] [Times: user=0.03 sys=0.01, real=0.01 secs] 
1171.727: [GC (Allocation Failure) [PSYoungGen: 325472K->37777K(465920K)] 642291K->354915K(1071104K), 0.0060591 secs] [Times: user=0.01 sys=0.00, real=0.01 secs] 
1172.005: [GC (Allocation Failure) [PSYoungGen: 270737K->184173K(465920K)] 587875K->502556K(1071104K), 0.0200788 secs] [Times: user=0.03 sys=0.00, real=0.02 secs] 
1172.349: [GC (Allocation Failure) [PSYoungGen: 417133K->184526K(465920K)] 735516K->503311K(1071104K), 0.0200346 secs] [Times: user=0.02 sys=0.00, real=0.02 secs] 
1173.809: [GC (Allocation Failure) [PSYoungGen: 409705K->92255K(465920K)] 728490K->411176K(1071104K), 0.0164168 secs] [Times: user=0.03 sys=0.00, real=0.01 secs] 
1175.131: [GC (Allocation Failure) [PSYoungGen: 325215K->37906K(465920K)] 644136K->357127K(1071104K), 0.0053749 secs] [Times: user=0.01 sys=0.00, real=0.00 secs] 
1175.461: [GC (Allocation Failure) [PSYoungGen: 270866K->184687K(465920K)] 590087K->505282K(1071104K), 0.0200087 secs] [Times: user=0.02 sys=0.00, real=0.02 secs] 
1175.744: [GC (Allocation Failure) [PSYoungGen: 417647K->184687K(465920K)] 738242K->505563K(1071104K), 0.0201212 secs] [Times: user=0.02 sys=0.00, real=0.02 secs] 
1176.891: [GC (Allocation Failure) [PSYoungGen: 407128K->91467K(465920K)] 728004K->412609K(1071104K), 0.0117068 secs] [Times: user=0.02 sys=0.00, real=0.01 secs] 
1177.740: [GC (Allocation Failure) [PSYoungGen: 324427K->38005K(465920K)] 645569K->359328K(1071104K), 0.0051932 secs] [Times: user=0.01 sys=0.00, real=0.00 secs] 
1178.009: [GC (Allocation Failure) [PSYoungGen: 270965K->183819K(465920K)] 592288K->506395K(1071104K), 0.0199168 secs] [Times: user=0.03 sys=0.00, real=0.02 secs] 
1178.357: [GC (Allocation Failure) [PSYoungGen: 416779K->184301K(465920K)] 739355K->507287K(1071104K), 0.0201302 secs] [Times: user=0.03 sys=0.00, real=0.02 secs] 
1179.492: [GC (Allocation Failure) [PSYoungGen: 408134K->92656K(465920K)] 731120K->415779K(1071104K), 0.0142036 secs] [Times: user=0.02 sys=0.01, real=0.01 secs] 
1180.894: [GC (Allocation Failure) [PSYoungGen: 325616K->37652K(465920K)] 648739K->361084K(1071104K), 0.0065884 secs] [Times: user=0.01 sys=0.00, real=0.01 secs] 
1181.186: [GC (Allocation Failure) [PSYoungGen: 270612K->184687K(465920K)] 594044K->509365K(1071104K), 0.0201354 secs] [Times: user=0.03 sys=0.00, real=0.02 secs] 
1181.468: [GC (Allocation Failure) [PSYoungGen: 417647K->183626K(465920K)] 742325K->508578K(1071104K), 0.0200623 secs] [Times: user=0.03 sys=0.00, real=0.02 secs] 
1182.092: [GC (Allocation Failure) [PSYoungGen: 409226K->92753K(465920K)] 734177K->417969K(1071104K), 0.0106157 secs] [Times: user=0.02 sys=0.00, real=0.01 secs] 
1182.919: [GC (Allocation Failure) [PSYoungGen: 325713K->37877K(465920K)] 650929K->363401K(1071104K), 0.0051747 secs] [Times: user=0.01 sys=0.00, real=0.00 secs] 
1183.187: [GC (Allocation Failure) [PSYoungGen: 270837K->184558K(465920K)] 596361K->511328K(1071104K), 0.0199641 secs] [Times: user=0.02 sys=0.00, real=0.02 secs] 
1183.476: [GC (Allocation Failure) [PSYoungGen: 417518K->184719K(465920K)] 744288K->511762K(1071104K), 0.0201922 secs] [Times: user=0.02 sys=0.00, real=0.02 secs] 
1184.425: [GC (Allocation Failure) [PSYoungGen: 407423K->91596K(465920K)] 734466K->419032K(1071104K), 0.0103997 secs] [Times: user=0.02 sys=0.00, real=0.01 secs] 
1185.283: [GC (Allocation Failure) [PSYoungGen: 324556K->38005K(465920K)] 651992K->365615K(1071104K), 0.0061392 secs] [Times: user=0.01 sys=0.00, real=0.01 secs] 
1185.559: [GC (Allocation Failure) [PSYoungGen: 270965K->184687K(465920K)] 598575K->513550K(1071104K), 0.0202635 secs] [Times: user=0.03 sys=0.00, real=0.02 secs] 
1185.842: [GC (Allocation Failure) [PSYoungGen: 417647K->184655K(465920K)] 746510K->513791K(1071104K), 0.0201085 secs] [Times: user=0.02 sys=0.00, real=0.02 secs] 
1187.381: [GC (Allocation Failure) [PSYoungGen: 407215K->91371K(465920K)] 736351K->420781K(1071104K), 0.0191337 secs] [Times: user=0.03 sys=0.01, real=0.02 secs] 
1190.044: [GC (Allocation Failure) [PSYoungGen: 324331K->37845K(465920K)] 653741K->367570K(1071104K), 0.0078220 secs] [Times: user=0.01 sys=0.00, real=0.01 secs] 
1190.368: [GC (Allocation Failure) [PSYoungGen: 270805K->184687K(465920K)] 600530K->515787K(1071104K), 0.0200788 secs] [Times: user=0.03 sys=0.00, real=0.02 secs] 
1190.656: [GC (Allocation Failure) [PSYoungGen: 417647K->184687K(465920K)] 748747K->515931K(1071104K), 0.0201134 secs] [Times: user=0.02 sys=0.00, real=0.02 secs] 
1191.325: [GC (Allocation Failure) [PSYoungGen: 407249K->91499K(465920K)] 738493K->423017K(1071104K), 0.0109300 secs] [Times: user=0.02 sys=0.00, real=0.01 secs] 
1193.604: [GC (Allocation Failure) [PSYoungGen: 324459K->37588K(465920K)] 655977K->369413K(1071104K), 0.0076450 secs] [Times: user=0.02 sys=0.00, real=0.01 secs] 
1193.931: [GC (Allocation Failure) [PSYoungGen: 270548K->183948K(465920K)] 602373K->517019K(1071104K), 0.0200190 secs] [Times: user=0.03 sys=0.00, real=0.02 secs] 
1194.221: [GC (Allocation Failure) [PSYoungGen: 416908K->184398K(465920K)] 749979K->517742K(1071104K), 0.0199815 secs] [Times: user=0.02 sys=0.00, real=0.02 secs] 
1195.317: [GC (Allocation Failure) [PSYoungGen: 409611K->92721K(465920K)] 742955K->426330K(1071104K), 0.0116350 secs] [Times: user=0.03 sys=0.00, real=0.02 secs] 
1196.115: [GC (Allocation Failure) [PSYoungGen: 325681K->38005K(465920K)] 659290K->371928K(1071104K), 0.0051463 secs] [Times: user=0.01 sys=0.00, real=0.01 secs] 
1196.383: [GC (Allocation Failure) [PSYoungGen: 270965K->184687K(465920K)] 604888K->519855K(1071104K), 0.0200516 secs] [Times: user=0.03 sys=0.00, real=0.02 secs] 
1196.724: [GC (Allocation Failure) [PSYoungGen: 417647K->184719K(465920K)] 752815K->520289K(1071104K), 0.0200741 secs] [Times: user=0.03 sys=0.00, real=0.02 secs] 
1198.569: [GC (Allocation Failure) [PSYoungGen: 407157K->91403K(465920K)] 742727K->427238K(1071104K), 0.0180872 secs] [Times: user=0.03 sys=0.01, real=0.01 secs] 
1199.650: [GC (Allocation Failure) [PSYoungGen: 324363K->38034K(465920K)] 660198K->374057K(1071104K), 0.0055323 secs] [Times: user=0.01 sys=0.00, real=0.00 secs] 
1199.918: [GC (Allocation Failure) [PSYoungGen: 270994K->183787K(465920K)] 607017K->521055K(1071104K), 0.0198561 secs] [Times: user=0.03 sys=0.00, real=0.01 secs] 
1200.260: [GC (Allocation Failure) [PSYoungGen: 416747K->184430K(465920K)] 754015K->521995K(1071104K), 0.0200663 secs] [Times: user=0.03 sys=0.00, real=0.02 secs] 
1200.904: [GC (Allocation Failure) [PSYoungGen: 409661K->92528K(465920K)] 747226K->430358K(1071104K), 0.0115816 secs] [Times: user=0.02 sys=0.00, real=0.01 secs] 
1202.333: [GC (Allocation Failure) [PSYoungGen: 325488K->38005K(465920K)] 663318K->376127K(1071104K), 0.0062463 secs] [Times: user=0.02 sys=0.00, real=0.01 secs] 
1202.689: [GC (Allocation Failure) [PSYoungGen: 270965K->184687K(465920K)] 609087K->524055K(1071104K), 0.0201263 secs] [Times: user=0.03 sys=0.00, real=0.02 secs] 
1202.977: [GC (Allocation Failure) [PSYoungGen: 417647K->184655K(465920K)] 757015K->524296K(1071104K), 0.0201349 secs] [Times: user=0.03 sys=0.00, real=0.02 secs] 
1204.040: [GC (Allocation Failure) [PSYoungGen: 407226K->91387K(465920K)] 746867K->431293K(1071104K), 0.0116796 secs] [Times: user=0.02 sys=0.00, real=0.01 secs] 
1206.313: [GC (Allocation Failure) [PSYoungGen: 324347K->37777K(465920K)] 664253K->377991K(1071104K), 0.0069037 secs] [Times: user=0.01 sys=0.01, real=0.01 secs] 
1206.622: [GC (Allocation Failure) [PSYoungGen: 270737K->184687K(465920K)] 610951K->526275K(1071104K), 0.0200347 secs] [Times: user=0.02 sys=0.00, real=0.02 secs] 
1206.906: [GC (Allocation Failure) [PSYoungGen: 417647K->184687K(465920K)] 759235K->526419K(1071104K), 0.0200744 secs] [Times: user=0.03 sys=0.00, real=0.02 secs] 
1207.836: [GC (Allocation Failure) [PSYoungGen: 407250K->91580K(465920K)] 748983K->433578K(1071104K), 0.0123010 secs] [Times: user=0.02 sys=0.00, real=0.02 secs] 
1210.202: [GC (Allocation Failure) [PSYoungGen: 324540K->37716K(465920K)] 666538K->380030K(1071104K), 0.0072345 secs] [Times: user=0.01 sys=0.00, real=0.01 secs] 
1210.515: [GC (Allocation Failure) [PSYoungGen: 270676K->183787K(465920K)] 612990K->527354K(1071104K), 0.0200857 secs] [Times: user=0.03 sys=0.00, real=0.02 secs] 
1210.857: [GC (Allocation Failure) [PSYoungGen: 416747K->184430K(465920K)] 760314K->528278K(1071104K), 0.0200999 secs] [Times: user=0.03 sys=0.00, real=0.02 secs] 
1211.466: [GC (Allocation Failure) [PSYoungGen: 409671K->92753K(465920K)] 753520K->436866K(1071104K), 0.0112780 secs] [Times: user=0.02 sys=0.00, real=0.01 secs] 
1213.092: [GC (Allocation Failure) [PSYoungGen: 325713K->37748K(465920K)] 669826K->382196K(1071104K), 0.0079242 secs] [Times: user=0.02 sys=0.00, real=0.01 secs] 
1213.420: [GC (Allocation Failure) [PSYoungGen: 270708K->184687K(465920K)] 615156K->530380K(1071104K), 0.0202031 secs] [Times: user=0.03 sys=0.00, real=0.02 secs] 
1213.764: [GC (Allocation Failure) [PSYoungGen: 417647K->184687K(465920K)] 763340K->530781K(1071104K), 0.0202142 secs] [Times: user=0.03 sys=0.00, real=0.02 secs] 
1214.904: [GC (Allocation Failure) [PSYoungGen: 407385K->91580K(465920K)] 753480K->437940K(1071104K), 0.0253413 secs] [Times: user=0.05 sys=0.00, real=0.03 secs] 
1217.087: [GC (Allocation Failure) [PSYoungGen: 324540K->37716K(465920K)] 670900K->384256K(1071104K), 0.0075889 secs] [Times: user=0.02 sys=0.00, real=0.01 secs] 
1217.407: [GC (Allocation Failure) [PSYoungGen: 270676K->183787K(465920K)] 617216K->531572K(1071104K), 0.0201828 secs] [Times: user=0.03 sys=0.00, real=0.02 secs] 
1217.695: [GC (Allocation Failure) [PSYoungGen: 416747K->184655K(465920K)] 764532K->532713K(1071104K), 0.0201701 secs] [Times: user=0.03 sys=0.00, real=0.02 secs] 
1218.334: [GC (Allocation Failure) [PSYoungGen: 410066K->92560K(465920K)] 758125K->440891K(1071104K), 0.0120291 secs] [Times: user=0.02 sys=0.00, real=0.01 secs] 
1219.194: [GC (Allocation Failure) [PSYoungGen: 325520K->38034K(465920K)] 673851K->386679K(1071104K), 0.0054585 secs] [Times: user=0.01 sys=0.00, real=0.01 secs] 
1219.462: [GC (Allocation Failure) [PSYoungGen: 270994K->184687K(465920K)] 619639K->534577K(1071104K), 0.0202557 secs] [Times: user=0.02 sys=0.00, real=0.02 secs] 
1219.748: [GC (Allocation Failure) [PSYoungGen: 417647K->184687K(465920K)] 767537K->534850K(1071104K), 0.0202238 secs] [Times: user=0.03 sys=0.00, real=0.02 secs] 
1220.720: [GC (Allocation Failure) [PSYoungGen: 407106K->91307K(465920K)] 757270K->441880K(1071104K), 0.0110324 secs] [Times: user=0.02 sys=0.00, real=0.01 secs] 
1222.565: [GC (Allocation Failure) [PSYoungGen: 324267K->37620K(465920K)] 674840K->388374K(1071104K), 0.0070384 secs] [Times: user=0.02 sys=0.00, real=0.01 secs] 
1222.868: [GC (Allocation Failure) [PSYoungGen: 270580K->183787K(465920K)] 621334K->535787K(1071104K), 0.0200599 secs] [Times: user=0.02 sys=0.00, real=0.02 secs] 
1223.156: [GC (Allocation Failure) [PSYoungGen: 416747K->184655K(465920K)] 768747K->536928K(1071104K), 0.0199617 secs] [Times: user=0.03 sys=0.00, real=0.02 secs] 
1224.059: [GC (Allocation Failure) [PSYoungGen: 410199K->92624K(465920K)] 762472K->445171K(1071104K), 0.0158229 secs] [Times: user=0.03 sys=0.00, real=0.01 secs] 
1225.095: [GC (Allocation Failure) [PSYoungGen: 325584K->38163K(465920K)] 678131K->391009K(1071104K), 0.0060704 secs] [Times: user=0.01 sys=0.00, real=0.01 secs] 
1225.372: [GC (Allocation Failure) [PSYoungGen: 271123K->184526K(465920K)] 623969K->538618K(1071104K), 0.0199244 secs] [Times: user=0.03 sys=0.00, real=0.02 secs] 
1225.659: [GC (Allocation Failure) [PSYoungGen: 417486K->184269K(465920K)] 771578K->538642K(1071104K), 0.0199181 secs] [Times: user=0.02 sys=0.00, real=0.02 secs] 
1226.446: [GC (Allocation Failure) [PSYoungGen: 406841K->91725K(465920K)] 761214K->446363K(1071104K), 0.0109158 secs] [Times: user=0.01 sys=0.01, real=0.01 secs] 
1227.240: [GC (Allocation Failure) [PSYoungGen: 324685K->37877K(465920K)] 679323K->392822K(1071104K), 0.0053857 secs] [Times: user=0.02 sys=0.00, real=0.00 secs] 
1227.508: [GC (Allocation Failure) [PSYoungGen: 270837K->183787K(465920K)] 625782K->539978K(1071104K), 0.0199149 secs] [Times: user=0.03 sys=0.00, real=0.02 secs] 
1227.796: [GC (Allocation Failure) [PSYoungGen: 416747K->184269K(465920K)] 772938K->540862K(1071104K), 0.0200580 secs] [Times: user=0.03 sys=0.00, real=0.02 secs] 
1228.415: [GC (Allocation Failure) [PSYoungGen: 409536K->92721K(465920K)] 766129K->449450K(1071104K), 0.0111022 secs] [Times: user=0.02 sys=0.00, real=0.01 secs] 
1229.238: [GC (Allocation Failure) [PSYoungGen: 325681K->38034K(465920K)] 682410K->395074K(1071104K), 0.0053494 secs] [Times: user=0.01 sys=0.00, real=0.00 secs] 
1229.507: [GC (Allocation Failure) [PSYoungGen: 270994K->184719K(465920K)] 628034K->542996K(1071104K), 0.0202439 secs] [Times: user=0.03 sys=0.00, real=0.02 secs] 
1229.848: [GC (Allocation Failure) [PSYoungGen: 417679K->184558K(465920K)] 775956K->543245K(1071104K), 0.0204257 secs] [Times: user=0.03 sys=0.00, real=0.02 secs] 
1230.484: [GC (Allocation Failure) [PSYoungGen: 407025K->91467K(465920K)] 765712K->450315K(1071104K), 0.0116948 secs] [Times: user=0.03 sys=0.00, real=0.01 secs] 
1232.128: [GC (Allocation Failure) [PSYoungGen: 324427K->37491K(465920K)] 683275K->396654K(1071104K), 0.0062089 secs] [Times: user=0.02 sys=0.00, real=0.01 secs] 
1232.407: [GC (Allocation Failure) [PSYoungGen: 270451K->184430K(465920K)] 629614K->544839K(1071104K), 0.0201828 secs] [Times: user=0.03 sys=0.00, real=0.02 secs] 
1232.764: [GC (Allocation Failure) [PSYoungGen: 417390K->184590K(465920K)] 777799K->545272K(1071104K), 0.0200263 secs] [Times: user=0.03 sys=0.00, real=0.02 secs] 
1233.409: [GC (Allocation Failure) [PSYoungGen: 408158K->92207K(465920K)] 768840K->453154K(1071104K), 0.0114498 secs] [Times: user=0.02 sys=0.00, real=0.01 secs] 
1234.303: [GC (Allocation Failure) [PSYoungGen: 325167K->37845K(465920K)] 686114K->399100K(1071104K), 0.0061184 secs] [Times: user=0.01 sys=0.00, real=0.01 secs] 
1234.577: [GC (Allocation Failure) [PSYoungGen: 270805K->183787K(465920K)] 632060K->546288K(1071104K), 0.0199597 secs] [Times: user=0.03 sys=0.00, real=0.02 secs] 
1234.865: [GC (Allocation Failure) [PSYoungGen: 416747K->184301K(465920K)] 779248K->547075K(1071104K), 0.0227160 secs] [Times: user=0.03 sys=0.00, real=0.02 secs] 
1235.483: [GC (Allocation Failure) [PSYoungGen: 408218K->92785K(465920K)] 770992K->455832K(1071104K), 0.0104200 secs] [Times: user=0.01 sys=0.00, real=0.01 secs] 
1236.284: [GC (Allocation Failure) [PSYoungGen: 325745K->37877K(465920K)] 688792K->401237K(1071104K), 0.0052796 secs] [Times: user=0.01 sys=0.00, real=0.01 secs] 
1236.552: [GC (Allocation Failure) [PSYoungGen: 270837K->184430K(465920K)] 634197K->549036K(1071104K), 0.0201275 secs] [Times: user=0.02 sys=0.00, real=0.02 secs] 
1236.839: [GC (Allocation Failure) [PSYoungGen: 417390K->184269K(465920K)] 781996K->549148K(1071104K), 0.0200326 secs] [Times: user=0.03 sys=0.00, real=0.02 secs] 
1237.969: [GC (Allocation Failure) [PSYoungGen: 409306K->92142K(465920K)] 774185K->457423K(1071104K), 0.0104042 secs] [Times: user=0.02 sys=0.00, real=0.01 secs] 
1239.294: [GC (Allocation Failure) [PSYoungGen: 325102K->37588K(465920K)] 690383K->403056K(1071104K), 0.0060814 secs] [Times: user=0.01 sys=0.00, real=0.01 secs] 
1239.637: [GC (Allocation Failure) [PSYoungGen: 270548K->184687K(465920K)] 636016K->551401K(1071104K), 0.0206019 secs] [Times: user=0.02 sys=0.00, real=0.02 secs] 
1239.976: [GC (Allocation Failure) [PSYoungGen: 417647K->184719K(465920K)] 784361K->551706K(1071104K), 0.0199753 secs] [Times: user=0.03 sys=0.00, real=0.02 secs] 
1240.867: [GC (Allocation Failure) [PSYoungGen: 407149K->91757K(465920K)] 774136K->459161K(1071104K), 0.0114900 secs] [Times: user=0.02 sys=0.00, real=0.02 secs] 
1241.849: [GC (Allocation Failure) [PSYoungGen: 324717K->38005K(465920K)] 692121K->405589K(1071104K), 0.0053428 secs] [Times: user=0.01 sys=0.00, real=0.00 secs] 
1242.118: [GC (Allocation Failure) [PSYoungGen: 270965K->184719K(465920K)] 638549K->553677K(1071104K), 0.0200225 secs] [Times: user=0.02 sys=0.00, real=0.02 secs] 
1242.401: [GC (Allocation Failure) [PSYoungGen: 417679K->184687K(465920K)] 786637K->553789K(1071104K), 0.0201024 secs] [Times: user=0.03 sys=0.00, real=0.02 secs] 
1243.907: [GC (Allocation Failure) [PSYoungGen: 407244K->91371K(465920K)] 776346K->460739K(1071104K), 0.0182388 secs] [Times: user=0.04 sys=0.00, real=0.02 secs] 
1245.901: [GC (Allocation Failure) [PSYoungGen: 324331K->37716K(465920K)] 693699K->407392K(1071104K), 0.0070230 secs] [Times: user=0.01 sys=0.00, real=0.01 secs] 
1246.283: [GC (Allocation Failure) [PSYoungGen: 270676K->183787K(465920K)] 640352K->554708K(1071104K), 0.0198487 secs] [Times: user=0.02 sys=0.00, real=0.02 secs] 
1246.566: [GC (Allocation Failure) [PSYoungGen: 416747K->184655K(465920K)] 787668K->555849K(1071104K), 0.0200038 secs] [Times: user=0.02 sys=0.00, real=0.02 secs] 
1247.234: [GC (Allocation Failure) [PSYoungGen: 410077K->92496K(465920K)] 781272K->463963K(1071104K), 0.0116701 secs] [Times: user=0.02 sys=0.00, real=0.01 secs] 
1248.637: [GC (Allocation Failure) [PSYoungGen: 325456K->37745K(465920K)] 696923K->409510K(1071104K), 0.0072612 secs] [Times: user=0.02 sys=0.00, real=0.01 secs] 
1248.953: [GC (Allocation Failure) [PSYoungGen: 270705K->184719K(465920K)] 642470K->557721K(1071104K), 0.0201042 secs] [Times: user=0.03 sys=0.00, real=0.02 secs] 
1249.236: [GC (Allocation Failure) [PSYoungGen: 417679K->184655K(465920K)] 790681K->557930K(1071104K), 0.0201366 secs] [Times: user=0.02 sys=0.00, real=0.02 secs] 
1250.249: [GC (Allocation Failure) [PSYoungGen: 407246K->91596K(465920K)] 780522K->465145K(1071104K), 0.0138928 secs] [Times: user=0.03 sys=0.00, real=0.01 secs] 
1251.967: [GC (Allocation Failure) [PSYoungGen: 324556K->37588K(465920K)] 698105K->411438K(1071104K), 0.0066700 secs] [Times: user=0.02 sys=0.00, real=0.01 secs] 
1252.263: [GC (Allocation Failure) [PSYoungGen: 270548K->184687K(465920K)] 644398K->559912K(1071104K), 0.0202414 secs] [Times: user=0.03 sys=0.00, real=0.02 secs] 
1252.547: [GC (Allocation Failure) [PSYoungGen: 417647K->184655K(465920K)] 792872K->560024K(1071104K), 0.0201828 secs] [Times: user=0.02 sys=0.00, real=0.02 secs] 
1253.177: [GC (Allocation Failure) [PSYoungGen: 407470K->91725K(465920K)] 782840K->467359K(1071104K), 0.0120238 secs] [Times: user=0.02 sys=0.00, real=0.02 secs] 
1254.006: [GC (Allocation Failure) [PSYoungGen: 324685K->38131K(465920K)] 700319K->414073K(1071104K), 0.0064090 secs] [Times: user=0.02 sys=0.00, real=0.01 secs] 
1254.284: [GC (GCLocker Initiated GC) [PSYoungGen: 271091K->182373K(465920K)] 647033K->559561K(1071104K), 0.0199722 secs] [Times: user=0.03 sys=0.00, real=0.02 secs] 
1254.568: [GC (Allocation Failure) [PSYoungGen: 415333K->184366K(465920K)] 793647K->562952K(1071104K), 0.0202401 secs] [Times: user=0.03 sys=0.00, real=0.02 secs] 
1255.721: [GC (Allocation Failure) [PSYoungGen: 409249K->92865K(465920K)] 787835K->471468K(1071104K), 0.0155965 secs] [Times: user=0.03 sys=0.00, real=0.01 secs] 
1257.220: [GC (Allocation Failure) [PSYoungGen: 325825K->37874K(465920K)] 704428K->416826K(1071104K), 0.0061092 secs] [Times: user=0.02 sys=0.00, real=0.00 secs] 
1257.496: [GC (Allocation Failure) [PSYoungGen: 270834K->184687K(465920K)] 649786K->564885K(1071104K), 0.0202167 secs] [Times: user=0.03 sys=0.00, real=0.02 secs] 
1257.781: [GC (Allocation Failure) [PSYoungGen: 417647K->184366K(465920K)] 797845K->564837K(1071104K), 0.0201300 secs] [Times: user=0.02 sys=0.00, real=0.02 secs] 
1259.108: [GC (Allocation Failure) [PSYoungGen: 407089K->91709K(465920K)] 787560K->472445K(1071104K), 0.0184304 secs] [Times: user=0.03 sys=0.00, real=0.02 secs] 
1260.702: [GC (Allocation Failure) [PSYoungGen: 324669K->37877K(465920K)] 705405K->418919K(1071104K), 0.0066166 secs] [Times: user=0.02 sys=0.00, real=0.01 secs] 
1260.991: [GC (Allocation Failure) [PSYoungGen: 270837K->184687K(465920K)] 651879K->566982K(1071104K), 0.0202017 secs] [Times: user=0.03 sys=0.00, real=0.02 secs] 
1261.279: [GC (Allocation Failure) [PSYoungGen: 417647K->184430K(465920K)] 799942K->566870K(1071104K), 0.0201403 secs] [Times: user=0.03 sys=0.00, real=0.02 secs] 
1262.734: [GC (Allocation Failure) [PSYoungGen: 407010K->91741K(465920K)] 789451K->474446K(1071104K), 0.0184534 secs] [Times: user=0.03 sys=0.00, real=0.02 secs] 
1264.591: [GC (Allocation Failure) [PSYoungGen: 324701K->37459K(465920K)] 707406K->420466K(1071104K), 0.0079907 secs] [Times: user=0.02 sys=0.00, real=0.01 secs] 
1264.921: [GC (Allocation Failure) [PSYoungGen: 270419K->184655K(465920K)] 653426K->568915K(1071104K), 0.0204253 secs] [Times: user=0.02 sys=0.00, real=0.02 secs] 
1265.206: [GC (Allocation Failure) [PSYoungGen: 417615K->183690K(465920K)] 801875K->568224K(1071104K), 0.0203384 secs] [Times: user=0.02 sys=0.00, real=0.02 secs] 
1265.917: [GC (Allocation Failure) [PSYoungGen: 409112K->92897K(465920K)] 793646K->477696K(1071104K), 0.0106949 secs] [Times: user=0.02 sys=0.00, real=0.01 secs] 
1267.546: [GC (Allocation Failure) [PSYoungGen: 325857K->37716K(465920K)] 710656K->422817K(1071104K), 0.0080699 secs] [Times: user=0.01 sys=0.00, real=0.01 secs] 
1267.867: [GC (Allocation Failure) [PSYoungGen: 270676K->184398K(465920K)] 655777K->570873K(1071104K), 0.0202380 secs] [Times: user=0.03 sys=0.00, real=0.02 secs] 
1268.158: [GC (Allocation Failure) [PSYoungGen: 417358K->184558K(465920K)] 803833K->571186K(1071104K), 0.0203198 secs] [Times: user=0.03 sys=0.00, real=0.03 secs] 
1269.782: [GC (Allocation Failure) [PSYoungGen: 407649K->91982K(465920K)] 794277K->478882K(1071104K), 0.0162050 secs] [Times: user=0.03 sys=0.00, real=0.02 secs] 
1272.316: [GC (Allocation Failure) [PSYoungGen: 324942K->37716K(465920K)] 711842K->424925K(1071104K), 0.0074261 secs] [Times: user=0.01 sys=0.00, real=0.01 secs] 
1272.632: [GC (Allocation Failure) [PSYoungGen: 270676K->184430K(465920K)] 657885K->572876K(1071104K), 0.0201754 secs] [Times: user=0.03 sys=0.00, real=0.02 secs] 
1272.915: [GC (Allocation Failure) [PSYoungGen: 417390K->184301K(465920K)] 805836K->573020K(1071104K), 0.0201497 secs] [Times: user=0.02 sys=0.00, real=0.02 secs] 
1274.803: [GC (Allocation Failure) [PSYoungGen: 409346K->92223K(465920K)] 798066K->481335K(1071104K), 0.0138808 secs] [Times: user=0.03 sys=0.00, real=0.01 secs] 
1276.483: [GC (Allocation Failure) [PSYoungGen: 325183K->37874K(465920K)] 714295K->427168K(1071104K), 0.0063110 secs] [Times: user=0.01 sys=0.00, real=0.01 secs] 
1276.765: [GC (Allocation Failure) [PSYoungGen: 270834K->184719K(465920K)] 660128K->575258K(1071104K), 0.0200049 secs] [Times: user=0.03 sys=0.00, real=0.02 secs] 
1277.105: [GC (Allocation Failure) [PSYoungGen: 417679K->184655K(465920K)] 808218K->575468K(1071104K), 0.0201782 secs] [Times: user=0.03 sys=0.00, real=0.02 secs] 
1278.766: [GC (Allocation Failure) [PSYoungGen: 407210K->91467K(465920K)] 798023K->482553K(1071104K), 0.0187986 secs] [Times: user=0.03 sys=0.00, real=0.02 secs] 
1280.897: [GC (Allocation Failure) [PSYoungGen: 324427K->37716K(465920K)] 715513K->429120K(1071104K), 0.0061941 secs] [Times: user=0.01 sys=0.00, real=0.01 secs] 
1281.173: [GC (Allocation Failure) [PSYoungGen: 270676K->183819K(465920K)] 662080K->576477K(1071104K), 0.0201556 secs] [Times: user=0.03 sys=0.00, real=0.02 secs] 
1281.456: [GC (Allocation Failure) [PSYoungGen: 416779K->184398K(465920K)] 809437K->577328K(1071104K), 0.0200366 secs] [Times: user=0.02 sys=0.00, real=0.02 secs] 
1282.786: [GC (Allocation Failure) [PSYoungGen: 409614K->92737K(465920K)] 802545K->485940K(1071104K), 0.0245029 secs] [Times: user=0.05 sys=0.00, real=0.03 secs] 
1285.409: [GC (Allocation Failure) [PSYoungGen: 325697K->37716K(465920K)] 718900K->431218K(1071104K), 0.0074181 secs] [Times: user=0.02 sys=0.00, real=0.00 secs] 
1285.730: [GC (Allocation Failure) [PSYoungGen: 270676K->184655K(465920K)] 664178K->579410K(1071104K), 0.0201491 secs] [Times: user=0.03 sys=0.00, real=0.02 secs] 
1286.017: [GC (Allocation Failure) [PSYoungGen: 417615K->184655K(465920K)] 812370K->579683K(1071104K), 0.0202481 secs] [Times: user=0.03 sys=0.00, real=0.02 secs] 
1286.988: [GC (Allocation Failure) [PSYoungGen: 407230K->91564K(465920K)] 802258K->486865K(1071104K), 0.0118838 secs] [Times: user=0.03 sys=0.00, real=0.01 secs] 
1287.814: [GC (Allocation Failure) [PSYoungGen: 324524K->38005K(465920K)] 719825K->433614K(1071104K), 0.0055085 secs] [Times: user=0.02 sys=0.00, real=0.01 secs] 
1288.081: [GC (Allocation Failure) [PSYoungGen: 270965K->183755K(465920K)] 666574K->580610K(1071104K), 0.0202267 secs] [Times: user=0.02 sys=0.00, real=0.02 secs] 
1288.418: [GC (Allocation Failure) [PSYoungGen: 416715K->184366K(465920K)] 813570K->581493K(1071104K), 0.0202680 secs] [Times: user=0.02 sys=0.00, real=0.02 secs] 
1290.454: [GC (Allocation Failure) [PSYoungGen: 409512K->92448K(465920K)] 806640K->489969K(1071104K), 0.0160384 secs] [Times: user=0.03 sys=0.00, real=0.02 secs] 
1291.450: [GC (Allocation Failure) [PSYoungGen: 325408K->38005K(465920K)] 722929K->435712K(1071104K), 0.0053966 secs] [Times: user=0.02 sys=0.00, real=0.00 secs] 
1291.719: [GC (Allocation Failure) [PSYoungGen: 270965K->184687K(465920K)] 668672K->583631K(1071104K), 0.0203067 secs] [Times: user=0.02 sys=0.00, real=0.02 secs] 
1292.056: [GC (Allocation Failure) [PSYoungGen: 417647K->184719K(465920K)] 816591K->584064K(1071104K), 0.0204046 secs] [Times: user=0.02 sys=0.00, real=0.02 secs] 
1293.185: [GC (Allocation Failure) [PSYoungGen: 407152K->91339K(465920K)] 806498K->490958K(1071104K), 0.0157031 secs] [Times: user=0.02 sys=0.00, real=0.02 secs] 
1294.603: [GC (Allocation Failure) [PSYoungGen: 324299K->37745K(465920K)] 723918K->437535K(1071104K), 0.0068744 secs] [Times: user=0.02 sys=0.00, real=0.01 secs] 
1294.897: [GC (Allocation Failure) [PSYoungGen: 270705K->183819K(465920K)] 670495K->584855K(1071104K), 0.0203510 secs] [Times: user=0.03 sys=0.00, real=0.02 secs] 
1295.237: [GC (Allocation Failure) [PSYoungGen: 416779K->184655K(465920K)] 817815K->585963K(1071104K), 0.0204711 secs] [Times: user=0.03 sys=0.00, real=0.02 secs] 
1297.087: [GC (Allocation Failure) [PSYoungGen: 410072K->92512K(465920K)] 811381K->494085K(1071104K), 0.0145669 secs] [Times: user=0.03 sys=0.00, real=0.02 secs] 
1298.955: [GC (Allocation Failure) [PSYoungGen: 325472K->37459K(465920K)] 727045K->439349K(1071104K), 0.0068359 secs] [Times: user=0.02 sys=0.00, real=0.01 secs] 
1299.323: [GC (Allocation Failure) [PSYoungGen: 270419K->184012K(465920K)] 672309K->587147K(1071104K), 0.0202637 secs] [Times: user=0.03 sys=0.00, real=0.02 secs] 
1299.605: [GC (Allocation Failure) [PSYoungGen: 416972K->184430K(465920K)] 820107K->587967K(1071104K), 0.0202525 secs] [Times: user=0.02 sys=0.00, real=0.02 secs] 
1300.876: [GC (Allocation Failure) [PSYoungGen: 408201K->92817K(465920K)] 811738K->496498K(1071104K), 0.0156391 secs] [Times: user=0.03 sys=0.00, real=0.02 secs] 
1303.075: [GC (Allocation Failure) [PSYoungGen: 325777K->37588K(465920K)] 729458K->441585K(1071104K), 0.0080057 secs] [Times: user=0.02 sys=0.00, real=0.01 secs] 
1303.402: [GC (Allocation Failure) [PSYoungGen: 270548K->184430K(465920K)] 674545K->589673K(1071104K), 0.0201796 secs] [Times: user=0.03 sys=0.00, real=0.02 secs] 
1303.743: [GC (Allocation Failure) [PSYoungGen: 417390K->184333K(465920K)] 822633K->589849K(1071104K), 0.0202397 secs] [Times: user=0.03 sys=0.01, real=0.02 secs] 
1304.929: [GC (Allocation Failure) [PSYoungGen: 409380K->92367K(465920K)] 814896K->498285K(1071104K), 0.0252463 secs] [Times: user=0.05 sys=0.00, real=0.02 secs] 
1307.144: [GC (Allocation Failure) [PSYoungGen: 325327K->37845K(465920K)] 731245K->443934K(1071104K), 0.0071517 secs] [Times: user=0.01 sys=0.00, real=0.01 secs] 
1307.449: [GC (Allocation Failure) [PSYoungGen: 270805K->184655K(465920K)] 676894K->591990K(1071104K), 0.0202168 secs] [Times: user=0.02 sys=0.00, real=0.02 secs] 
1307.737: [GC (Allocation Failure) [PSYoungGen: 417615K->184687K(465920K)] 824950K->592295K(1071104K), 0.0202395 secs] [Times: user=0.02 sys=0.00, real=0.02 secs] 
1308.624: [GC (Allocation Failure) [PSYoungGen: 407254K->91499K(465920K)] 814862K->499381K(1071104K), 0.0117455 secs] [Times: user=0.02 sys=0.00, real=0.01 secs] 
1310.670: [GC (Allocation Failure) [PSYoungGen: 324459K->37459K(465920K)] 732341K->445634K(1071104K), 0.0068639 secs] [Times: user=0.01 sys=0.00, real=0.00 secs] 
1310.969: [GC (Allocation Failure) [PSYoungGen: 270419K->183755K(465920K)] 678594K->593184K(1071104K), 0.0202650 secs] [Times: user=0.02 sys=0.00, real=0.02 secs] 
1311.258: [GC (Allocation Failure) [PSYoungGen: 416715K->184751K(465920K)] 826144K->594453K(1071104K), 0.0203927 secs] [Times: user=0.03 sys=0.00, real=0.02 secs] 
1311.952: [GC (Allocation Failure) [PSYoungGen: 410176K->92753K(465920K)] 819878K->502720K(1071104K), 0.0115416 secs] [Times: user=0.02 sys=0.00, real=0.01 secs] 
1314.325: [GC (Allocation Failure) [PSYoungGen: 325713K->37684K(465920K)] 735680K->447949K(1071104K), 0.0090595 secs] [Times: user=0.02 sys=0.00, real=0.01 secs] 
1314.733: [GC (Allocation Failure) [PSYoungGen: 270644K->184044K(465920K)] 680909K->595554K(1071104K), 0.0203346 secs] [Times: user=0.03 sys=0.00, real=0.02 secs] 
1315.018: [GC (Allocation Failure) [PSYoungGen: 417004K->184558K(465920K)] 828514K->596341K(1071104K), 0.0201721 secs] [Times: user=0.03 sys=0.00, real=0.02 secs] 
1316.901: [GC (Allocation Failure) [PSYoungGen: 409736K->92319K(465920K)] 821519K->504367K(1071104K), 0.0196447 secs] [Times: user=0.05 sys=0.00, real=0.02 secs] 
1318.602: [GC (Allocation Failure) [PSYoungGen: 325279K->37684K(465920K)] 737327K->450035K(1071104K), 0.0067742 secs] [Times: user=0.01 sys=0.00, real=0.01 secs] 
1318.898: [GC (Allocation Failure) [PSYoungGen: 270644K->184655K(465920K)] 682995K->598251K(1071104K), 0.0201841 secs] [Times: user=0.03 sys=0.00, real=0.02 secs] 
1319.183: [GC (Allocation Failure) [PSYoungGen: 417615K->184687K(465920K)] 831211K->598564K(1071104K), 0.0201326 secs] [Times: user=0.02 sys=0.00, real=0.02 secs] 
1321.501: [GC (Allocation Failure) [PSYoungGen: 407275K->91628K(465920K)] 821152K->505778K(1071104K), 0.0180492 secs] [Times: user=0.04 sys=0.00, real=0.02 secs] 
1324.516: [GC (Allocation Failure) [PSYoungGen: 324588K->37748K(465920K)] 738738K->452200K(1071104K), 0.0074270 secs] [Times: user=0.02 sys=0.00, real=0.01 secs] 
1324.831: [GC (Allocation Failure) [PSYoungGen: 270708K->183787K(465920K)] 685160K->599493K(1071104K), 0.0200829 secs] [Times: user=0.02 sys=0.00, real=0.02 secs] 
1325.114: [GC (Allocation Failure) [PSYoungGen: 416747K->184430K(465920K)] 832453K->600408K(1071104K), 0.0202051 secs] [Times: user=0.02 sys=0.00, real=0.02 secs] 
1325.775: [GC (Allocation Failure) [PSYoungGen: 409542K->92785K(465920K)] 825521K->509157K(1071104K), 0.0106230 secs] [Times: user=0.02 sys=0.00, real=0.01 secs] 
1326.849: [GC (Allocation Failure) [PSYoungGen: 325745K->37620K(465920K)] 742117K->454180K(1071104K), 0.0071630 secs] [Times: user=0.02 sys=0.00, real=0.00 secs] 
1327.217: [GC (Allocation Failure) [PSYoungGen: 270580K->184687K(465920K)] 687140K->602492K(1071104K), 0.0201971 secs] [Times: user=0.03 sys=0.00, real=0.02 secs] 
1327.503: [GC (Allocation Failure) [PSYoungGen: 417647K->184687K(465920K)] 835452K->602894K(1071104K), 0.0202001 secs] [Times: user=0.03 sys=0.00, real=0.02 secs] 
1328.135: [GC (Allocation Failure) [PSYoungGen: 407127K->91725K(465920K)] 825334K->510197K(1071104K), 0.0120740 secs] [Times: user=0.02 sys=0.00, real=0.01 secs] 
1329.343: [GC (Allocation Failure) [PSYoungGen: 324685K->37874K(465920K)] 743157K->456528K(1071104K), 0.0072767 secs] [Times: user=0.02 sys=0.00, real=0.01 secs] 
1329.648: [GC (Allocation Failure) [PSYoungGen: 270834K->184687K(465920K)] 689488K->604723K(1071104K), 0.0203325 secs] [Times: user=0.03 sys=0.00, real=0.02 secs] 
1329.936: [GC (Allocation Failure) [PSYoungGen: 417647K->184719K(465920K)] 837683K->604907K(1071104K), 0.0200649 secs] [Times: user=0.02 sys=0.00, real=0.02 secs] 
1331.239: [GC (Allocation Failure) [PSYoungGen: 407282K->91499K(465920K)] 827471K->511985K(1071104K), 0.0183883 secs] [Times: user=0.04 sys=0.00, real=0.01 secs] 
1332.664: [GC (Allocation Failure) [PSYoungGen: 324459K->37617K(465920K)] 744945K->458416K(1071104K), 0.0064859 secs] [Times: user=0.01 sys=0.00, real=0.01 secs] 
1332.945: [GC (Allocation Failure) [PSYoungGen: 270577K->183787K(465920K)] 691376K->605832K(1071104K), 0.0203050 secs] [Times: user=0.02 sys=0.00, real=0.02 secs] 
1333.230: [GC (Allocation Failure) [PSYoungGen: 416747K->184655K(465920K)] 838792K->606972K(1071104K), 0.0203365 secs] [Times: user=0.02 sys=0.00, real=0.02 secs] 
1333.865: [GC (Allocation Failure) [PSYoungGen: 410199K->92624K(465920K)] 832517K->515215K(1071104K), 0.0116145 secs] [Times: user=0.02 sys=0.00, real=0.01 secs] 
1334.793: [GC (Allocation Failure) [PSYoungGen: 325584K->38005K(465920K)] 748175K->460896K(1071104K), 0.0056109 secs] [Times: user=0.01 sys=0.00, real=0.01 secs] 
1335.118: [GC (Allocation Failure) [PSYoungGen: 270965K->184526K(465920K)] 693856K->608791K(1071104K), 0.0203593 secs] [Times: user=0.03 sys=0.00, real=0.02 secs] 
1335.404: [GC (Allocation Failure) [PSYoungGen: 417486K->184398K(465920K)] 841751K->608807K(1071104K), 0.0201967 secs] [Times: user=0.02 sys=0.00, real=0.02 secs] 
1336.490: [GC (Allocation Failure) [PSYoungGen: 407148K->91741K(465920K)] 831557K->516415K(1071104K), 0.0181510 secs] [Times: user=0.04 sys=0.00, real=0.01 secs] 
1338.364: [GC (Allocation Failure) [PSYoungGen: 324701K->37813K(465920K)] 749375K->462789K(1071104K), 0.0074752 secs] [Times: user=0.02 sys=0.00, real=0.01 secs] 
1338.747: [GC (Allocation Failure) [PSYoungGen: 270773K->184687K(465920K)] 695749K->611038K(1071104K), 0.0200102 secs] [Times: user=0.02 sys=0.00, real=0.02 secs] 
1339.030: [GC (Allocation Failure) [PSYoungGen: 417647K->184687K(465920K)] 843998K->611182K(1071104K), 0.0199614 secs] [Times: user=0.03 sys=0.00, real=0.02 secs] 
1340.506: [GC (Allocation Failure) [PSYoungGen: 407272K->91499K(465920K)] 833767K->518268K(1071104K), 0.0232573 secs] [Times: user=0.05 sys=0.00, real=0.03 secs] 
1342.811: [GC (Allocation Failure) [PSYoungGen: 324459K->37845K(465920K)] 751228K->464919K(1071104K), 0.0068754 secs] [Times: user=0.01 sys=0.00, real=0.00 secs] 
1343.112: [GC (Allocation Failure) [PSYoungGen: 270805K->184719K(465920K)] 697879K->613167K(1071104K), 0.0203239 secs] [Times: user=0.03 sys=0.00, real=0.02 secs] 
1343.398: [GC (Allocation Failure) [PSYoungGen: 417679K->184655K(465920K)] 846127K->613247K(1071104K), 0.0202273 secs] [Times: user=0.02 sys=0.00, real=0.02 secs] 
1344.279: [GC (Allocation Failure) [PSYoungGen: 407214K->91467K(465920K)] 835806K->520333K(1071104K), 0.0108226 secs] [Times: user=0.02 sys=0.00, real=0.01 secs] 
1345.994: [GC (Allocation Failure) [PSYoungGen: 324427K->37331K(465920K)] 753293K->466494K(1071104K), 0.0054656 secs] [Times: user=0.02 sys=0.00, real=0.01 secs] 
1346.263: [GC (Allocation Failure) [PSYoungGen: 270291K->184655K(465920K)] 699454K->615064K(1071104K), 0.0203898 secs] [Times: user=0.02 sys=0.00, real=0.02 secs] 
1346.605: [GC (Allocation Failure) [PSYoungGen: 417615K->184623K(465920K)] 848024K->615305K(1071104K), 0.0202516 secs] [Times: user=0.02 sys=0.00, real=0.02 secs] 
1348.085: [GC (Allocation Failure) [PSYoungGen: 409743K->91950K(465920K)] 840425K->522897K(1071104K), 0.0201446 secs] [Times: user=0.04 sys=0.00, real=0.02 secs] 
1350.088: [GC (Allocation Failure) [PSYoungGen: 324910K->37588K(465920K)] 755857K->468835K(1071104K), 0.0072246 secs] [Times: user=0.01 sys=0.00, real=0.00 secs] 
1350.402: [GC (Allocation Failure) [PSYoungGen: 270548K->184815K(465920K)] 701795K->617308K(1071104K), 0.0203893 secs] [Times: user=0.02 sys=0.01, real=0.02 secs] 
1350.685: [GC (Allocation Failure) [PSYoungGen: 417775K->184719K(465920K)] 850268K->617613K(1071104K), 0.0202522 secs] [Times: user=0.03 sys=0.00, real=0.02 secs] 
1351.948: [GC (Allocation Failure) [PSYoungGen: 407268K->91660K(465920K)] 840162K->524691K(1071104K), 0.0119117 secs] [Times: user=0.02 sys=0.00, real=0.01 secs] 
1354.089: [GC (Allocation Failure) [PSYoungGen: 324620K->37360K(465920K)] 757651K->470699K(1071104K), 0.0062623 secs] [Times: user=0.01 sys=0.00, real=0.00 secs] 
1354.369: [GC (Allocation Failure) [PSYoungGen: 270320K->184719K(465920K)] 703659K->619440K(1071104K), 0.0204817 secs] [Times: user=0.03 sys=0.00, real=0.02 secs] 
1354.658: [GC (Allocation Failure) [PSYoungGen: 417679K->184687K(465920K)] 852400K->619553K(1071104K), 0.0202747 secs] [Times: user=0.03 sys=0.00, real=0.02 secs] 
1355.271: [GC (Allocation Failure) [PSYoungGen: 409810K->92030K(465920K)] 844676K->527161K(1071104K), 0.0107015 secs] [Times: user=0.02 sys=0.00, real=0.01 secs] 
1356.065: [GC (Allocation Failure) [PSYoungGen: 324990K->37845K(465920K)] 760121K->473289K(1071104K), 0.0054558 secs] [Times: user=0.01 sys=0.00, real=0.01 secs] 
1356.334: [GC (Allocation Failure) [PSYoungGen: 270805K->184783K(465920K)] 706249K->621473K(1071104K), 0.0202741 secs] [Times: user=0.02 sys=0.00, real=0.02 secs] 
1356.618: [GC (Allocation Failure) [PSYoungGen: 417743K->184719K(465920K)] 854433K->621690K(1071104K), 0.0200749 secs] [Times: user=0.03 sys=0.00, real=0.02 secs] 
1358.578: [GC (Allocation Failure) [PSYoungGen: 406670K->91323K(465920K)] 843641K->528559K(1071104K), 0.0247832 secs] [Times: user=0.05 sys=0.00, real=0.03 secs] 
1360.746: [GC (Allocation Failure) [PSYoungGen: 324283K->37649K(465920K)] 761519K->475193K(1071104K), 0.0073289 secs] [Times: user=0.02 sys=0.00, real=0.01 secs] 
1361.131: [GC (Allocation Failure) [PSYoungGen: 270609K->184558K(465920K)] 708153K->623348K(1071104K), 0.0202522 secs] [Times: user=0.02 sys=0.00, real=0.02 secs] 
1361.421: [GC (Allocation Failure) [PSYoungGen: 417518K->184944K(465920K)] 856308K->624006K(1071104K), 0.0201177 secs] [Times: user=0.02 sys=0.00, real=0.02 secs] 
1362.517: [GC (Allocation Failure) [PSYoungGen: 408017K->91580K(465920K)] 847080K->530908K(1071104K), 0.0152353 secs] [Times: user=0.03 sys=0.00, real=0.02 secs] 
1363.466: [GC (Allocation Failure) [PSYoungGen: 324540K->38005K(465920K)] 763868K->477641K(1071104K), 0.0061984 secs] [Times: user=0.01 sys=0.00, real=0.01 secs] 
1363.808: [GC (Allocation Failure) [PSYoungGen: 270965K->184558K(465920K)] 710601K->625440K(1071104K), 0.0200755 secs] [Times: user=0.03 sys=0.00, real=0.02 secs] 
1364.096: [GC (Allocation Failure) [PSYoungGen: 417518K->184655K(465920K)] 858400K->625681K(1071104K), 0.0201336 secs] [Times: user=0.02 sys=0.00, real=0.02 secs] 
1365.441: [GC (Allocation Failure) [PSYoungGen: 407112K->91467K(465920K)] 848138K->532887K(1071104K), 0.0200757 secs] [Times: user=0.05 sys=0.00, real=0.02 secs] 
1367.096: [GC (Allocation Failure) [PSYoungGen: 324427K->37588K(465920K)] 765847K->479189K(1071104K), 0.0067657 secs] [Times: user=0.01 sys=0.00, real=0.01 secs] 
1367.387: [GC (Allocation Failure) [PSYoungGen: 270548K->183755K(465920K)] 712149K->626602K(1071104K), 0.0202286 secs] [Times: user=0.03 sys=0.00, real=0.02 secs] 
1367.669: [GC (Allocation Failure) [PSYoungGen: 416715K->184430K(465920K)] 859562K->627557K(1071104K), 0.0200817 secs] [Times: user=0.03 sys=0.00, real=0.02 secs] 
1368.612: [GC (Allocation Failure) [PSYoungGen: 409653K->92897K(465920K)] 852781K->536290K(1071104K), 0.0113649 secs] [Times: user=0.02 sys=0.00, real=0.01 secs] 
1370.590: [GC (Allocation Failure) [PSYoungGen: 325857K->37202K(465920K)] 769250K->480895K(1071104K), 0.0091161 secs] [Times: user=0.02 sys=0.00, real=0.01 secs] 
1371.007: [GC (Allocation Failure) [PSYoungGen: 270162K->184719K(465920K)] 713855K->629673K(1071104K), 0.0202839 secs] [Times: user=0.03 sys=0.00, real=0.02 secs] 
1371.296: [GC (Allocation Failure) [PSYoungGen: 417679K->184655K(465920K)] 862633K->630010K(1071104K), 0.0203690 secs] [Times: user=0.03 sys=0.00, real=0.02 secs] 
1371.974: [GC (Allocation Failure) [PSYoungGen: 409660K->92158K(465920K)] 855016K->537779K(1071104K), 0.0119126 secs] [Times: user=0.02 sys=0.00, real=0.01 secs] 
1373.338: [GC (Allocation Failure) [PSYoungGen: 325118K->37617K(465920K)] 770739K->483407K(1071104K), 0.0064048 secs] [Times: user=0.01 sys=0.00, real=0.00 secs] 
1373.621: [GC (Allocation Failure) [PSYoungGen: 270577K->184269K(465920K)] 716367K->631305K(1071104K), 0.0201099 secs] [Times: user=0.03 sys=0.00, real=0.02 secs] 
1373.904: [GC (Allocation Failure) [PSYoungGen: 417229K->183626K(465920K)] 864265K->630935K(1071104K), 0.0200152 secs] [Times: user=0.03 sys=0.00, real=0.02 secs] 
1375.613: [GC (Allocation Failure) [PSYoungGen: 410634K->93138K(465920K)] 857942K->540720K(1071104K), 0.0122164 secs] [Times: user=0.02 sys=0.01, real=0.01 secs] 
1376.853: [GC (Allocation Failure) [PSYoungGen: 326098K->37716K(465920K)] 773680K->485606K(1071104K), 0.0062506 secs] [Times: user=0.02 sys=0.00, real=0.01 secs] 
1377.131: [GC (Allocation Failure) [PSYoungGen: 270676K->184462K(465920K)] 718566K->633589K(1071104K), 0.0201331 secs] [Times: user=0.03 sys=0.00, real=0.02 secs] 
1377.475: [GC (Allocation Failure) [PSYoungGen: 417422K->184719K(465920K)] 866549K->634248K(1071104K), 0.0201182 secs] [Times: user=0.03 sys=0.00, real=0.02 secs] 
1378.357: [GC (Allocation Failure) [PSYoungGen: 407253K->91853K(465920K)] 856781K->541518K(1071104K), 0.0152167 secs] [Times: user=0.04 sys=0.00, real=0.02 secs] 
1379.735: [GC (GCLocker Initiated GC) [PSYoungGen: 324813K->35274K(465920K)] 774480K->485243K(1071104K), 0.0063213 secs] [Times: user=0.01 sys=0.00, real=0.01 secs] 
1380.099: [GC (Allocation Failure) [PSYoungGen: 268234K->183594K(465920K)] 719456K->636062K(1071104K), 0.0200507 secs] [Times: user=0.03 sys=0.00, real=0.02 secs] 
1380.386: [GC (Allocation Failure) [PSYoungGen: 416554K->184815K(465920K)] 869022K->637315K(1071104K), 0.0206038 secs] [Times: user=0.03 sys=0.00, real=0.02 secs] 
1381.060: [GC (Allocation Failure) [PSYoungGen: 410893K->93893K(465920K)] 863392K->546530K(1071104K), 0.0122424 secs] [Times: user=0.02 sys=0.00, real=0.01 secs] 
1381.980: [GC (Allocation Failure) [PSYoungGen: 326853K->38005K(465920K)] 779490K->490957K(1071104K), 0.0055200 secs] [Times: user=0.01 sys=0.00, real=0.00 secs] 
1382.248: [GC (Allocation Failure) [PSYoungGen: 270965K->184044K(465920K)] 723917K->638242K(1071104K), 0.0201970 secs] [Times: user=0.02 sys=0.00, real=0.02 secs] 
1382.608: [GC (Allocation Failure) [PSYoungGen: 417004K->184526K(465920K)] 871202K->638997K(1071104K), 0.0202283 secs] [Times: user=0.03 sys=0.00, real=0.02 secs] 
1383.419: [GC (Allocation Failure) [PSYoungGen: 409593K->92110K(465920K)] 864063K->546974K(1071104K), 0.0134304 secs] [Times: user=0.02 sys=0.00, real=0.01 secs] 
1385.112: [GC (Allocation Failure) [PSYoungGen: 325070K->37588K(465920K)] 779934K->492647K(1071104K), 0.0073025 secs] [Times: user=0.02 sys=0.00, real=0.01 secs] 
1385.423: [GC (Allocation Failure) [PSYoungGen: 270548K->184687K(465920K)] 725607K->640992K(1071104K), 0.0203264 secs] [Times: user=0.03 sys=0.00, real=0.02 secs] 
1385.706: [GC (Allocation Failure) [PSYoungGen: 417647K->184687K(465920K)] 873952K->641265K(1071104K), 0.0201655 secs] [Times: user=0.02 sys=0.00, real=0.02 secs] 
1386.335: [GC (Allocation Failure) [PSYoungGen: 407492K->91757K(465920K)] 864070K->548600K(1071104K), 0.0106153 secs] [Times: user=0.02 sys=0.00, real=0.01 secs] 
1387.503: [GC (Allocation Failure) [PSYoungGen: 324717K->38005K(465920K)] 781560K->495157K(1071104K), 0.0076667 secs] [Times: user=0.02 sys=0.00, real=0.01 secs] 
1387.817: [GC (Allocation Failure) [PSYoungGen: 270965K->184719K(465920K)] 728117K->643244K(1071104K), 0.0203296 secs] [Times: user=0.03 sys=0.00, real=0.02 secs] 
1388.160: [GC (Allocation Failure) [PSYoungGen: 417679K->184687K(465920K)] 876204K->643357K(1071104K), 0.0203131 secs] [Times: user=0.03 sys=0.00, real=0.02 secs] 
1389.527: [GC (Allocation Failure) [PSYoungGen: 407248K->91371K(465920K)] 865918K->550306K(1071104K), 0.0210127 secs] [Times: user=0.04 sys=0.00, real=0.03 secs] 
1391.351: [GC (Allocation Failure) [PSYoungGen: 324331K->37748K(465920K)] 783266K->496993K(1071104K), 0.0068361 secs] [Times: user=0.02 sys=0.00, real=0.00 secs] 
1391.725: [GC (Allocation Failure) [PSYoungGen: 270708K->183787K(465920K)] 729953K->644278K(1071104K), 0.0201663 secs] [Times: user=0.02 sys=0.00, real=0.02 secs] 
1392.011: [GC (Allocation Failure) [PSYoungGen: 416747K->184398K(465920K)] 877238K->645162K(1071104K), 0.0202909 secs] [Times: user=0.03 sys=0.00, real=0.02 secs] 
1394.142: [GC (Allocation Failure) [PSYoungGen: 409625K->92737K(465920K)] 870389K->553766K(1071104K), 0.0186454 secs] [Times: user=0.03 sys=0.00, real=0.02 secs] 
1395.793: [GC (Allocation Failure) [PSYoungGen: 325697K->37748K(465920K)] 786726K->499087K(1071104K), 0.0064584 secs] [Times: user=0.01 sys=0.00, real=0.01 secs] 
1396.077: [GC (Allocation Failure) [PSYoungGen: 270708K->183916K(465920K)] 732047K->646500K(1071104K), 0.0201395 secs] [Times: user=0.03 sys=0.00, real=0.02 secs] 
1396.361: [GC (Allocation Failure) [PSYoungGen: 416876K->184558K(465920K)] 879460K->647416K(1071104K), 0.0202833 secs] [Times: user=0.02 sys=0.00, real=0.02 secs] 
1398.220: [GC (Allocation Failure) [PSYoungGen: 409732K->92544K(465920K)] 872589K->555666K(1071104K), 0.0166669 secs] [Times: user=0.03 sys=0.00, real=0.01 secs] 
1400.216: [GC (Allocation Failure) [PSYoungGen: 325504K->37363K(465920K)] 788626K->500789K(1071104K), 0.0067803 secs] [Times: user=0.01 sys=0.00, real=0.01 secs] 
1400.510: [GC (Allocation Failure) [PSYoungGen: 270323K->184719K(465920K)] 733749K->649399K(1071104K), 0.0203338 secs] [Times: user=0.03 sys=0.00, real=0.02 secs] 
1400.801: [GC (Allocation Failure) [PSYoungGen: 417679K->184655K(465920K)] 882359K->649608K(1071104K), 0.0202657 secs] [Times: user=0.02 sys=0.01, real=0.02 secs] 
1401.998: [GC (Allocation Failure) [PSYoungGen: 409790K->91966K(465920K)] 874743K->557184K(1071104K), 0.0247763 secs] [Times: user=0.05 sys=0.00, real=0.03 secs] 
1403.713: [GC (Allocation Failure) [PSYoungGen: 324926K->37748K(465920K)] 790144K->503274K(1071104K), 0.0070149 secs] [Times: user=0.02 sys=0.00, real=0.01 secs] 
1404.012: [GC (Allocation Failure) [PSYoungGen: 270708K->184301K(465920K)] 736234K->651073K(1071104K), 0.0202338 secs] [Times: user=0.03 sys=0.00, real=0.02 secs] 
1404.298: [GC (Allocation Failure) [PSYoungGen: 417261K->184655K(465920K)] 884033K->651700K(1071104K), 0.0202054 secs] [Times: user=0.03 sys=0.00, real=0.02 secs] 
1406.318: [GC (Allocation Failure) [PSYoungGen: 409781K->92046K(465920K)] 876826K->559356K(1071104K), 0.0188277 secs] [Times: user=0.03 sys=0.00, real=0.02 secs] 
1408.326: [GC (Allocation Failure) [PSYoungGen: 325006K->37716K(465920K)] 792316K->505346K(1071104K), 0.0073829 secs] [Times: user=0.02 sys=0.00, real=0.01 secs] 
1408.629: [GC (Allocation Failure) [PSYoungGen: 270676K->184333K(465920K)] 738306K->653209K(1071104K), 0.0200246 secs] [Times: user=0.02 sys=0.00, real=0.02 secs] 
1408.921: [GC (Allocation Failure) [PSYoungGen: 417293K->184526K(465920K)] 886169K->653811K(1071104K), 0.0202310 secs] [Times: user=0.02 sys=0.00, real=0.02 secs] 
1410.621: [GC (Allocation Failure) [PSYoungGen: 407548K->92110K(465920K)] 876833K->561540K(1071104K), 0.0194302 secs] [Times: user=0.04 sys=0.01, real=0.02 secs] 
1411.984: [GC (Allocation Failure) [PSYoungGen: 325070K->37877K(465920K)] 794500K->507606K(1071104K), 0.0064545 secs] [Times: user=0.01 sys=0.00, real=0.01 secs] 
1412.259: [GC (Allocation Failure) [PSYoungGen: 270837K->184430K(465920K)] 740566K->655405K(1071104K), 0.0203851 secs] [Times: user=0.02 sys=0.00, real=0.02 secs] 
1412.543: [GC (Allocation Failure) [PSYoungGen: 417390K->184558K(465920K)] 888365K->655807K(1071104K), 0.0203489 secs] [Times: user=0.03 sys=0.00, real=0.02 secs] 
1413.644: [GC (Allocation Failure) [PSYoungGen: 407101K->91821K(465920K)] 878350K->563335K(1071104K), 0.0145833 secs] [Times: user=0.03 sys=0.00, real=0.02 secs] 
1415.159: [GC (Allocation Failure) [PSYoungGen: 324781K->37777K(465920K)] 796295K->509597K(1071104K), 0.0075813 secs] [Times: user=0.02 sys=0.01, real=0.00 secs] 
1415.475: [GC (Allocation Failure) [PSYoungGen: 270737K->184398K(465920K)] 742557K->657591K(1071104K), 0.0202690 secs] [Times: user=0.03 sys=0.00, real=0.02 secs] 
1415.762: [GC (Allocation Failure) [PSYoungGen: 417358K->184590K(465920K)] 890551K->657928K(1071104K), 0.0202939 secs] [Times: user=0.02 sys=0.00, real=0.02 secs] 
1417.160: [GC (Allocation Failure) [PSYoungGen: 407649K->91998K(465920K)] 880987K->565601K(1071104K), 0.0253212 secs] [Times: user=0.05 sys=0.00, real=0.02 secs] 
1419.033: [GC (Allocation Failure) [PSYoungGen: 324958K->37877K(465920K)] 798561K->511788K(1071104K), 0.0068654 secs] [Times: user=0.01 sys=0.00, real=0.01 secs] 
1419.325: [GC (Allocation Failure) [PSYoungGen: 270837K->184462K(465920K)] 744748K->659755K(1071104K), 0.0203186 secs] [Times: user=0.03 sys=0.00, real=0.02 secs] 
1419.619: [GC (Allocation Failure) [PSYoungGen: 417422K->184558K(465920K)] 892715K->659996K(1071104K), 0.0202732 secs] [Times: user=0.02 sys=0.00, real=0.02 secs] 
1421.802: [GC (Allocation Failure) [PSYoungGen: 407139K->91853K(465920K)] 882577K->567564K(1071104K), 0.0170034 secs] [Times: user=0.04 sys=0.00, real=0.02 secs] 
1423.799: [GC (Allocation Failure) [PSYoungGen: 324813K->37973K(465920K)] 800524K->513986K(1071104K), 0.0071026 secs] [Times: user=0.01 sys=0.00, real=0.00 secs] 
1424.096: [GC (Allocation Failure) [PSYoungGen: 270933K->184430K(465920K)] 746946K->661688K(1071104K), 0.0204631 secs] [Times: user=0.03 sys=0.00, real=0.02 secs] 
1424.439: [GC (Allocation Failure) [PSYoungGen: 417390K->184301K(465920K)] 894648K->661833K(1071104K), 0.0202338 secs] [Times: user=0.03 sys=0.00, real=0.02 secs] 
1425.756: [GC (Allocation Failure) [PSYoungGen: 409347K->92014K(465920K)] 886879K->569939K(1071104K), 0.0135180 secs] [Times: user=0.03 sys=0.00, real=0.02 secs] 
1428.013: [GC (Allocation Failure) [PSYoungGen: 324974K->37845K(465920K)] 802899K->515949K(1071104K), 0.0065276 secs] [Times: user=0.02 sys=0.00, real=0.01 secs] 
1428.298: [GC (Allocation Failure) [PSYoungGen: 270805K->184687K(465920K)] 748909K->664037K(1071104K), 0.0203544 secs] [Times: user=0.03 sys=0.00, real=0.02 secs] 
1428.641: [GC (Allocation Failure) [PSYoungGen: 417647K->184430K(465920K)] 896997K->664053K(1071104K), 0.0203015 secs] [Times: user=0.03 sys=0.00, real=0.02 secs] 
1429.684: [GC (Allocation Failure) [PSYoungGen: 407164K->91757K(465920K)] 886787K->571661K(1071104K), 0.0122520 secs] [Times: user=0.02 sys=0.00, real=0.01 secs] 
1430.782: [GC (Allocation Failure) [PSYoungGen: 324717K->37780K(465920K)] 804621K->517998K(1071104K), 0.0055420 secs] [Times: user=0.02 sys=0.00, real=0.00 secs] 
1431.109: [GC (Allocation Failure) [PSYoungGen: 270740K->183787K(465920K)] 750958K->665259K(1071104K), 0.0201722 secs] [Times: user=0.03 sys=0.00, real=0.02 secs] 
1431.397: [GC (Allocation Failure) [PSYoungGen: 416747K->184462K(465920K)] 898219K->666214K(1071104K), 0.0203938 secs] [Times: user=0.03 sys=0.00, real=0.02 secs] 
1433.083: [GC (Allocation Failure) [PSYoungGen: 409688K->92769K(465920K)] 891441K->574787K(1071104K), 0.0162687 secs] [Times: user=0.03 sys=0.00, real=0.02 secs] 
1434.899: [GC (Allocation Failure) [PSYoungGen: 325729K->37748K(465920K)] 807747K->520090K(1071104K), 0.0071772 secs] [Times: user=0.01 sys=0.00, real=0.00 secs] 
1435.197: [GC (Allocation Failure) [PSYoungGen: 270708K->184687K(465920K)] 753050K->668274K(1071104K), 0.0204511 secs] [Times: user=0.02 sys=0.00, real=0.02 secs] 
1435.481: [GC (Allocation Failure) [PSYoungGen: 417647K->184687K(465920K)] 901234K->668676K(1071104K), 0.0206688 secs] [Times: user=0.03 sys=0.01, real=0.02 secs] 
1436.986: [GC (Allocation Failure) [PSYoungGen: 407375K->91628K(465920K)] 891364K->575882K(1071104K), 0.0163442 secs] [Times: user=0.03 sys=0.00, real=0.02 secs] 
1438.500: [GC (Allocation Failure) [PSYoungGen: 324588K->37748K(465920K)] 808842K->522176K(1071104K), 0.0069647 secs] [Times: user=0.01 sys=0.00, real=0.00 secs] 
1438.788: [GC (Allocation Failure) [PSYoungGen: 270708K->183787K(465920K)] 755136K->669460K(1071104K), 0.0202725 secs] [Times: user=0.03 sys=0.00, real=0.03 secs] 
1439.076: [GC (Allocation Failure) [PSYoungGen: 416747K->184398K(465920K)] 902420K->670352K(1071104K), 0.0204416 secs] [Times: user=0.03 sys=0.00, real=0.02 secs] 
1440.296: [GC (Allocation Failure) [PSYoungGen: 409535K->92785K(465920K)] 895489K->579141K(1071104K), 0.0205151 secs] [Times: user=0.03 sys=0.00, real=0.02 secs] 
1441.854: [GC (Allocation Failure) [PSYoungGen: 325745K->38034K(465920K)] 812101K->524572K(1071104K), 0.0056046 secs] [Times: user=0.01 sys=0.00, real=0.01 secs] 
1442.123: [GC (Allocation Failure) [PSYoungGen: 270994K->183916K(465920K)] 757532K->671699K(1071104K), 0.0201691 secs] [Times: user=0.02 sys=0.00, real=0.02 secs] 
1442.406: [GC (Allocation Failure) [PSYoungGen: 416876K->184815K(465920K)] 904659K->672879K(1071104K), 0.0201928 secs] [Times: user=0.03 sys=0.00, real=0.02 secs] 
1443.779: [GC (Allocation Failure) [PSYoungGen: 410239K->91982K(465920K)] 898303K->580311K(1071104K), 0.0117177 secs] [Times: user=0.03 sys=0.00, real=0.01 secs] 
1444.865: [GC (Allocation Failure) [PSYoungGen: 324942K->37941K(465920K)] 813271K->526580K(1071104K), 0.0074212 secs] [Times: user=0.02 sys=0.00, real=0.01 secs] 
1445.245: [GC (Allocation Failure) [PSYoungGen: 270901K->184719K(465920K)] 759540K->674611K(1071104K), 0.0202848 secs] [Times: user=0.03 sys=0.00, real=0.02 secs] 
1445.529: [GC (Allocation Failure) [PSYoungGen: 417679K->184430K(465920K)] 907571K->674603K(1071104K), 0.0205574 secs] [Times: user=0.03 sys=0.00, real=0.02 secs] 
1446.145: [GC (Allocation Failure) [PSYoungGen: 406890K->91660K(465920K)] 897064K->582107K(1071104K), 0.0122593 secs] [Times: user=0.03 sys=0.00, real=0.01 secs] 
1446.960: [GC (Allocation Failure) [PSYoungGen: 324620K->38005K(465920K)] 815067K->528768K(1071104K), 0.0055279 secs] [Times: user=0.01 sys=0.00, real=0.00 secs] 
1447.230: [GC (Allocation Failure) [PSYoungGen: 270965K->184687K(465920K)] 761728K->676695K(1071104K), 0.0202814 secs] [Times: user=0.02 sys=0.00, real=0.02 secs] 
1447.518: [GC (Allocation Failure) [PSYoungGen: 417647K->184430K(465920K)] 909655K->676719K(1071104K), 0.0201614 secs] [Times: user=0.03 sys=0.00, real=0.02 secs] 
1448.288: [GC (Allocation Failure) [PSYoungGen: 406900K->91580K(465920K)] 899190K->584135K(1071104K), 0.0166751 secs] [Times: user=0.04 sys=0.00, real=0.02 secs] 
1449.157: [GC (Allocation Failure) [PSYoungGen: 324540K->38163K(465920K)] 817095K->531034K(1071104K), 0.0056269 secs] [Times: user=0.01 sys=0.00, real=0.01 secs] 
1449.486: [GC (Allocation Failure) [PSYoungGen: 271123K->184687K(465920K)] 763994K->678811K(1071104K), 0.0203584 secs] [Times: user=0.02 sys=0.00, real=0.02 secs] 
1449.768: [GC (Allocation Failure) [PSYoungGen: 417647K->184719K(465920K)] 911771K->679116K(1071104K), 0.0204299 secs] [Times: user=0.02 sys=0.00, real=0.02 secs] 
1451.151: [GC (Allocation Failure) [PSYoungGen: 407136K->91210K(465920K)] 901533K->585889K(1071104K), 0.0163907 secs] [Times: user=0.04 sys=0.00, real=0.01 secs] 
1451.965: [GC (Allocation Failure) [PSYoungGen: 324170K->38005K(465920K)] 818849K->532994K(1071104K), 0.0056400 secs] [Times: user=0.01 sys=0.00, real=0.01 secs] 
1452.297: [GC (Allocation Failure) [PSYoungGen: 270965K->183916K(465920K)] 765954K->680150K(1071104K), 0.0204370 secs] [Times: user=0.03 sys=0.01, real=0.02 secs] 
1452.641: [GC (Allocation Failure) [PSYoungGen: 416876K->184398K(465920K)] 913110K->680905K(1071104K), 0.0206225 secs] [Times: user=0.02 sys=0.00, real=0.02 secs] 
1454.677: [GC (Allocation Failure) [PSYoungGen: 409617K->92383K(465920K)] 906124K->589155K(1071104K), 0.0198272 secs] [Times: user=0.04 sys=0.00, real=0.02 secs] 
1456.533: [GC (Allocation Failure) [PSYoungGen: 325343K->37649K(465920K)] 822115K->534729K(1071104K), 0.0065680 secs] [Times: user=0.02 sys=0.00, real=0.01 secs] 
1456.820: [GC (Allocation Failure) [PSYoungGen: 270609K->184719K(465920K)] 767689K->683053K(1071104K), 0.0205299 secs] [Times: user=0.03 sys=0.00, real=0.02 secs] 
1457.105: [GC (Allocation Failure) [PSYoungGen: 417679K->184687K(465920K)] 916013K->683430K(1071104K), 0.0202268 secs] [Times: user=0.03 sys=0.00, real=0.02 secs] 
1458.254: [GC (Allocation Failure) [PSYoungGen: 407118K->91757K(465920K)] 905861K->590765K(1071104K), 0.0119347 secs] [Times: user=0.02 sys=0.00, real=0.01 secs] 
1459.907: [GC (Allocation Failure) [PSYoungGen: 324717K->37874K(465920K)] 823725K->537056K(1071104K), 0.0060646 secs] [Times: user=0.01 sys=0.00, real=0.01 secs] 
1460.176: [GC (Allocation Failure) [PSYoungGen: 270834K->184944K(465920K)] 770016K->685379K(1071104K), 0.0203620 secs] [Times: user=0.03 sys=0.00, real=0.02 secs] 
1460.466: [GC (Allocation Failure) [PSYoungGen: 417904K->183594K(465920K)] 918339K->684303K(1071104K), 0.0202708 secs] [Times: user=0.02 sys=0.00, real=0.02 secs] 
1462.502: [GC (Allocation Failure) [PSYoungGen: 409100K->92223K(465920K)] 909809K->593197K(1071104K), 0.0248912 secs] [Times: user=0.05 sys=0.00, real=0.02 secs] 
1465.463: [GC (Allocation Failure) [PSYoungGen: 325183K->37234K(465920K)] 826157K->538508K(1071104K), 0.0076693 secs] [Times: user=0.02 sys=0.00, real=0.01 secs] 
1465.778: [GC (Allocation Failure) [PSYoungGen: 270194K->183916K(465920K)] 771468K->686435K(1071104K), 0.0204065 secs] [Times: user=0.03 sys=0.00, real=0.03 secs] 
1466.121: [GC (Allocation Failure) [PSYoungGen: 416876K->184622K(465920K)] 919395K->687423K(1071104K), 0.0202513 secs] [Times: user=0.03 sys=0.00, real=0.02 secs] 
1467.484: [GC (Allocation Failure) [PSYoungGen: 408601K->93026K(465920K)] 911402K->596091K(1071104K), 0.0160891 secs] [Times: user=0.03 sys=0.00, real=0.02 secs] 
1469.571: [GC (Allocation Failure) [PSYoungGen: 325986K->37748K(465920K)] 829051K->541122K(1071104K), 0.0075219 secs] [Times: user=0.02 sys=0.00, real=0.01 secs] 
1469.881: [GC (Allocation Failure) [PSYoungGen: 270708K->184462K(465920K)] 774082K->689209K(1071104K), 0.0204146 secs] [Times: user=0.02 sys=0.00, real=0.02 secs] 
1470.165: [GC (Allocation Failure) [PSYoungGen: 417422K->184526K(465920K)] 922169K->689443K(1071104K), 0.0203521 secs] [Times: user=0.03 sys=0.00, real=0.02 secs] 
1471.034: [GC (Allocation Failure) [PSYoungGen: 407586K->92030K(465920K)] 912502K->597211K(1071104K), 0.0128526 secs] [Times: user=0.03 sys=0.00, real=0.01 secs] 
1473.537: [GC (Allocation Failure) [PSYoungGen: 324990K->37138K(465920K)] 830171K->542631K(1071104K), 0.0070720 secs] [Times: user=0.02 sys=0.00, real=0.01 secs] 
1473.904: [GC (Allocation Failure) [PSYoungGen: 270098K->184430K(465920K)] 775591K->691177K(1071104K), 0.0204396 secs] [Times: user=0.03 sys=0.00, real=0.02 secs] 
1474.244: [GC (Allocation Failure) [PSYoungGen: 417390K->184301K(465920K)] 924137K->691329K(1071104K), 0.0203283 secs] [Times: user=0.03 sys=0.00, real=0.02 secs] 
1475.043: [GC (Allocation Failure) [PSYoungGen: 409413K->92897K(465920K)] 916442K->600319K(1071104K), 0.0126495 secs] [Times: user=0.03 sys=0.00, real=0.01 secs] 
1476.318: [GC (Allocation Failure) [PSYoungGen: 325857K->37748K(465920K)] 833279K->545365K(1071104K), 0.0065126 secs] [Times: user=0.02 sys=0.00, real=0.01 secs] 
1476.658: [GC (Allocation Failure) [PSYoungGen: 270708K->184044K(465920K)] 778325K->692907K(1071104K), 0.0204561 secs] [Times: user=0.03 sys=0.00, real=0.03 secs] 
1476.942: [GC (Allocation Failure) [PSYoungGen: 417004K->184783K(465920K)] 925867K->693919K(1071104K), 0.0204435 secs] [Times: user=0.03 sys=0.00, real=0.02 secs] 
1478.139: [GC (Allocation Failure) [PSYoungGen: 408058K->92078K(465920K)] 917194K->601479K(1071104K), 0.0136735 secs] [Times: user=0.03 sys=0.00, real=0.01 secs] 
1479.462: [GC (Allocation Failure) [PSYoungGen: 325038K->37620K(465920K)] 834439K->547323K(1071104K), 0.0065067 secs] [Times: user=0.02 sys=0.00, real=0.01 secs] 
1479.744: [GC (Allocation Failure) [PSYoungGen: 270580K->184333K(465920K)] 780283K->695282K(1071104K), 0.0203121 secs] [Times: user=0.03 sys=0.00, real=0.02 secs] 
1480.027: [GC (Allocation Failure) [PSYoungGen: 417293K->184558K(465920K)] 928242K->695796K(1071104K), 0.0201798 secs] [Times: user=0.02 sys=0.00, real=0.02 secs] 
1481.017: [GC (Allocation Failure) [PSYoungGen: 408150K->92255K(465920K)] 919388K->603757K(1071104K), 0.0121421 secs] [Times: user=0.02 sys=0.00, real=0.02 secs] 
1482.064: [GC (Allocation Failure) [PSYoungGen: 325215K->37874K(465920K)] 836717K->549681K(1071104K), 0.0064990 secs] [Times: user=0.02 sys=0.00, real=0.01 secs] 
1482.410: [GC (Allocation Failure) [PSYoungGen: 270834K->184430K(465920K)] 782641K->697482K(1071104K), 0.0204530 secs] [Times: user=0.03 sys=0.00, real=0.02 secs] 
1482.754: [GC (Allocation Failure) [PSYoungGen: 417390K->184526K(465920K)] 930442K->697852K(1071104K), 0.0203582 secs] [Times: user=0.03 sys=0.00, real=0.02 secs] 
1483.861: [GC (Allocation Failure) [PSYoungGen: 407071K->91821K(465920K)] 920396K->605412K(1071104K), 0.0163332 secs] [Times: user=0.04 sys=0.00, real=0.01 secs] 
1485.369: [GC (Allocation Failure) [PSYoungGen: 324781K->37491K(465920K)] 838372K->551392K(1071104K), 0.0077318 secs] [Times: user=0.01 sys=0.00, real=0.00 secs] 
1485.726: [GC (Allocation Failure) [PSYoungGen: 270451K->184687K(465920K)] 784352K->699833K(1071104K), 0.0208663 secs] [Times: user=0.03 sys=0.00, real=0.02 secs] 
1486.009: [GC (Allocation Failure) [PSYoungGen: 417647K->184044K(465920K)] 932793K->699471K(1071104K), 0.0202750 secs] [Times: user=0.03 sys=0.00, real=0.02 secs] 
1487.073: [GC (Allocation Failure) [PSYoungGen: 408024K->92464K(465920K)] 923451K->608164K(1071104K), 0.0168696 secs] [Times: user=0.04 sys=0.00, real=0.02 secs] 
1489.237: [GC (Allocation Failure) [PSYoungGen: 325424K->37652K(465920K)] 841124K->553668K(1071104K), 0.0083300 secs] [Times: user=0.02 sys=0.00, real=0.01 secs] 
1489.564: [GC (Allocation Failure) [PSYoungGen: 270612K->184462K(465920K)] 786628K->701852K(1071104K), 0.0202983 secs] [Times: user=0.03 sys=0.00, real=0.02 secs] 
1489.867: [GC (Allocation Failure) [PSYoungGen: 417422K->184526K(465920K)] 934812K->702061K(1071104K), 0.0221238 secs] [Times: user=0.03 sys=0.00, real=0.03 secs] 
1490.539: [GC (Allocation Failure) [PSYoungGen: 407586K->92078K(465920K)] 925121K->609902K(1071104K), 0.0148458 secs] [Times: user=0.03 sys=0.00, real=0.01 secs] 
1491.334: [GC (Allocation Failure) [PSYoungGen: 325038K->38005K(465920K)] 842862K->556147K(1071104K), 0.0056255 secs] [Times: user=0.01 sys=0.00, real=0.01 secs] 
1491.604: [GC (Allocation Failure) [PSYoungGen: 270965K->184944K(465920K)] 789107K->704332K(1071104K), 0.0204830 secs] [Times: user=0.03 sys=0.00, real=0.02 secs] 
1491.887: [GC (Allocation Failure) [PSYoungGen: 417904K->184976K(465920K)] 937292K->704645K(1071104K), 0.0204613 secs] [Times: user=0.02 sys=0.00, real=0.02 secs] 
1493.592: [GC (Allocation Failure) [PSYoungGen: 407766K->90873K(465920K)] 927435K->610807K(1071104K), 0.0241708 secs] [Times: user=0.05 sys=0.00, real=0.02 secs] 
1495.087: [GC (Allocation Failure) [PSYoungGen: 323833K->38005K(465920K)] 843767K->558247K(1071104K), 0.0066570 secs] [Times: user=0.02 sys=0.00, real=0.01 secs] 
1495.374: [GC (Allocation Failure) [PSYoungGen: 270965K->184590K(465920K)] 791207K->706078K(1071104K), 0.0204096 secs] [Times: user=0.03 sys=0.00, real=0.02 secs] 
1495.659: [GC (Allocation Failure) [PSYoungGen: 417550K->184655K(465920K)] 939038K->706423K(1071104K), 0.0204680 secs] [Times: user=0.03 sys=0.00, real=0.02 secs] 
1496.699: [GC (Allocation Failure) [PSYoungGen: 407115K->91499K(465920K)] 928884K->613662K(1071104K), 0.0188953 secs] [Times: user=0.04 sys=0.00, real=0.01 secs] 
1497.946: [GC (Allocation Failure) [PSYoungGen: 324459K->37941K(465920K)] 846622K->560287K(1071104K), 0.0079491 secs] [Times: user=0.02 sys=0.00, real=0.01 secs] 
1498.268: [GC (Allocation Failure) [PSYoungGen: 270901K->184687K(465920K)] 793247K->708278K(1071104K), 0.0204663 secs] [Times: user=0.03 sys=0.00, real=0.03 secs] 
1498.556: [GC (Allocation Failure) [PSYoungGen: 417647K->184655K(465920K)] 941238K->708527K(1071104K), 0.0203992 secs] [Times: user=0.02 sys=0.00, real=0.02 secs] 
1499.724: [GC (Allocation Failure) [PSYoungGen: 407208K->91371K(465920K)] 931081K->615516K(1071104K), 0.0134999 secs] [Times: user=0.03 sys=0.00, real=0.01 secs] 
1501.355: [GC (Allocation Failure) [PSYoungGen: 324331K->37909K(465920K)] 848476K->562364K(1071104K), 0.0086220 secs] [Times: user=0.02 sys=0.00, real=0.01 secs] 
1501.668: [GC (Allocation Failure) [PSYoungGen: 270869K->184687K(465920K)] 795324K->710532K(1071104K), 0.0201709 secs] [Times: user=0.02 sys=0.00, real=0.02 secs] 
1501.961: [GC (Allocation Failure) [PSYoungGen: 417647K->184719K(465920K)] 943492K->710717K(1071104K), 0.0202174 secs] [Times: user=0.03 sys=0.00, real=0.02 secs] 
1504.617: [GC (Allocation Failure) [PSYoungGen: 407282K->91435K(465920K)] 933280K->617699K(1071104K), 0.0147386 secs] [Times: user=0.03 sys=0.00, real=0.02 secs] 
1506.616: [GC (Allocation Failure) [PSYoungGen: 324395K->37748K(465920K)] 850659K->564329K(1071104K), 0.0070859 secs] [Times: user=0.01 sys=0.00, real=0.01 secs] 
1506.906: [GC (Allocation Failure) [PSYoungGen: 270708K->183787K(465920K)] 797289K->711614K(1071104K), 0.0203896 secs] [Times: user=0.03 sys=0.00, real=0.02 secs] 
1507.251: [GC (Allocation Failure) [PSYoungGen: 416747K->184398K(465920K)] 944574K->712506K(1071104K), 0.0202748 secs] [Times: user=0.03 sys=0.00, real=0.02 secs] 
1508.139: [GC (Allocation Failure) [PSYoungGen: 409628K->92785K(465920K)] 937736K->621166K(1071104K), 0.0111175 secs] [Times: user=0.03 sys=0.00, real=0.01 secs] 
1509.931: [GC (Allocation Failure) [PSYoungGen: 325745K->37395K(465920K)] 854126K->566088K(1071104K), 0.0063786 secs] [Times: user=0.02 sys=0.00, real=0.00 secs] 
1510.210: [GC (Allocation Failure) [PSYoungGen: 270355K->184590K(465920K)] 799048K->714665K(1071104K), 0.0203925 secs] [Times: user=0.02 sys=0.00, real=0.02 secs] 
1510.498: [GC (Allocation Failure) [PSYoungGen: 417550K->184366K(465920K)] 947625K->714585K(1071104K), 0.0202962 secs] [Times: user=0.03 sys=0.00, real=0.03 secs] 
1511.275: [GC (Allocation Failure) [PSYoungGen: 409408K->92383K(465920K)] 939627K->622868K(1071104K), 0.0123433 secs] [Times: user=0.02 sys=0.00, real=0.01 secs] 
1512.598: [GC (Allocation Failure) [PSYoungGen: 325343K->38131K(465920K)] 855828K->568932K(1071104K), 0.0078634 secs] [Times: user=0.02 sys=0.00, real=0.01 secs] 
1512.914: [GC (Allocation Failure) [PSYoungGen: 271091K->184687K(465920K)] 801892K->716862K(1071104K), 0.0202920 secs] [Times: user=0.03 sys=0.00, real=0.02 secs] 
1513.197: [GC (Allocation Failure) [PSYoungGen: 417647K->184687K(465920K)] 949822K->717006K(1071104K), 0.0204182 secs] [Times: user=0.03 sys=0.00, real=0.02 secs] 
1514.417: [GC (Allocation Failure) [PSYoungGen: 407112K->91210K(465920K)] 939432K->623795K(1071104K), 0.0126377 secs] [Times: user=0.03 sys=0.00, real=0.02 secs] 
1516.771: [GC (Allocation Failure) [PSYoungGen: 324170K->37234K(465920K)] 856755K->570127K(1071104K), 0.0067403 secs] [Times: user=0.02 sys=0.00, real=0.00 secs] 
1517.064: [GC (Allocation Failure) [PSYoungGen: 270194K->184751K(465920K)] 803087K->718897K(1071104K), 0.0202301 secs] [Times: user=0.02 sys=0.00, real=0.02 secs] 
1517.347: [GC (Allocation Failure) [PSYoungGen: 417711K->184655K(465920K)] 951857K->719082K(1071104K), 0.0203523 secs] [Times: user=0.03 sys=0.00, real=0.02 secs] 
1518.070: [GC (Allocation Failure) [PSYoungGen: 409778K->92126K(465920K)] 944205K->626819K(1071104K), 0.0097648 secs] [Times: user=0.02 sys=0.00, real=0.01 secs] 
1520.015: [GC (Allocation Failure) [PSYoungGen: 325086K->37424K(465920K)] 859779K->572430K(1071104K), 0.0072058 secs] [Times: user=0.02 sys=0.00, real=0.01 secs] 
1520.315: [GC (Allocation Failure) [PSYoungGen: 270384K->184847K(465920K)] 805390K->721107K(1071104K), 0.0203155 secs] [Times: user=0.03 sys=0.00, real=0.02 secs] 
1520.599: [GC (Allocation Failure) [PSYoungGen: 417807K->184655K(465920K)] 954067K->721324K(1071104K), 0.0203069 secs] [Times: user=0.02 sys=0.00, real=0.02 secs] 
1521.294: [GC (Allocation Failure) [PSYoungGen: 407464K->91869K(465920K)] 944134K->628675K(1071104K), 0.0115676 secs] [Times: user=0.02 sys=0.00, real=0.01 secs] 
1522.119: [GC (Allocation Failure) [PSYoungGen: 324829K->38034K(465920K)] 861635K->575150K(1071104K), 0.0055484 secs] [Times: user=0.01 sys=0.00, real=0.00 secs] 
1522.387: [GC (Allocation Failure) [PSYoungGen: 270994K->183787K(465920K)] 808110K->722149K(1071104K), 0.0202143 secs] [Times: user=0.03 sys=0.00, real=0.02 secs] 
1522.726: [GC (Allocation Failure) [PSYoungGen: 416747K->184719K(465920K)] 955109K->723361K(1071104K), 0.0204603 secs] [Times: user=0.02 sys=0.00, real=0.02 secs] 
1523.791: [GC (Allocation Failure) [PSYoungGen: 410139K->92319K(465920K)] 948782K->631226K(1071104K), 0.0268248 secs] [Times: user=0.05 sys=0.00, real=0.02 secs] 
1525.407: [GC (Allocation Failure) [PSYoungGen: 325279K->37877K(465920K)] 864186K->577094K(1071104K), 0.0073871 secs] [Times: user=0.02 sys=0.00, real=0.01 secs] 
1525.710: [GC (Allocation Failure) [PSYoungGen: 270837K->184687K(465920K)] 810054K->725150K(1071104K), 0.0207654 secs] [Times: user=0.02 sys=0.00, real=0.02 secs] 
1526.002: [GC (Allocation Failure) [PSYoungGen: 417647K->184655K(465920K)] 958110K->725520K(1071104K), 0.0206405 secs] [Times: user=0.03 sys=0.00, real=0.02 secs] 
1527.163: [GC (Allocation Failure) [PSYoungGen: 407097K->91531K(465920K)] 947962K->632669K(1071104K), 0.0132526 secs] [Times: user=0.03 sys=0.00, real=0.01 secs] 
1529.474: [GC (Allocation Failure) [PSYoungGen: 324491K->37713K(465920K)] 865629K->579025K(1071104K), 0.0067545 secs] [Times: user=0.02 sys=0.00, real=0.01 secs] 
1529.765: [GC (Allocation Failure) [PSYoungGen: 270673K->183658K(465920K)] 811985K->726216K(1071104K), 0.0201358 secs] [Times: user=0.03 sys=0.00, real=0.02 secs] 
1530.114: [GC (Allocation Failure) [PSYoungGen: 416618K->184719K(465920K)] 959176K->727565K(1071104K), 0.0204106 secs] [Times: user=0.03 sys=0.00, real=0.02 secs] 
1531.668: [GC (Allocation Failure) [PSYoungGen: 409989K->92640K(465920K)] 952835K->635880K(1071104K), 0.0167585 secs] [Times: user=0.03 sys=0.00, real=0.02 secs] 
1533.623: [GC (Allocation Failure) [PSYoungGen: 325600K->37813K(465920K)] 868840K->581218K(1071104K), 0.0075761 secs] [Times: user=0.01 sys=0.00, real=0.01 secs] 
1533.927: [GC (Allocation Failure) [PSYoungGen: 270773K->184044K(465920K)] 814178K->728695K(1071104K), 0.0202049 secs] [Times: user=0.03 sys=0.00, real=0.02 secs] 
1534.273: [GC (Allocation Failure) [PSYoungGen: 417004K->184526K(465920K)] 961655K->729450K(1071104K), 0.0202591 secs] [Times: user=0.02 sys=0.00, real=0.02 secs] 
1535.462: [GC (Allocation Failure) [PSYoungGen: 409719K->92255K(465920K)] 954642K->637444K(1071104K), 0.0199603 secs] [Times: user=0.04 sys=0.00, real=0.02 secs] 
1536.329: [GC (Allocation Failure) [PSYoungGen: 325215K->38134K(465920K)] 870404K->583639K(1071104K), 0.0056021 secs] [Times: user=0.02 sys=0.00, real=0.00 secs] 
1536.598: [GC (Allocation Failure) [PSYoungGen: 271094K->184719K(465920K)] 816599K->731477K(1071104K), 0.0205258 secs] [Times: user=0.03 sys=0.00, real=0.03 secs] 
1536.881: [GC (Allocation Failure) [PSYoungGen: 417679K->184430K(465920K)] 964437K->731461K(1071104K), 0.0204250 secs] [Times: user=0.03 sys=0.00, real=0.02 secs] 
1539.373: [GC (Allocation Failure) [PSYoungGen: 406896K->91467K(465920K)] 953928K->638764K(1071104K), 0.0137922 secs] [Times: user=0.03 sys=0.00, real=0.01 secs] 
1541.574: [GC (Allocation Failure) [PSYoungGen: 324427K->37970K(465920K)] 871724K->585567K(1071104K), 0.0071765 secs] [Times: user=0.01 sys=0.00, real=0.01 secs] 
1541.874: [GC (Allocation Failure) [PSYoungGen: 270930K->184687K(465920K)] 818527K->733529K(1071104K), 0.0204302 secs] [Times: user=0.03 sys=0.00, real=0.02 secs] 
1542.158: [GC (Allocation Failure) [PSYoungGen: 417647K->184719K(465920K)] 966489K->733834K(1071104K), 0.0204669 secs] [Times: user=0.02 sys=0.00, real=0.03 secs] 
1543.525: [GC (Allocation Failure) [PSYoungGen: 407253K->91307K(465920K)] 956368K->640688K(1071104K), 0.0146392 secs] [Times: user=0.03 sys=0.01, real=0.02 secs] 
1545.371: [GC (Allocation Failure) [PSYoungGen: 324267K->37845K(465920K)] 873648K->587525K(1071104K), 0.0076667 secs] [Times: user=0.02 sys=0.00, real=0.00 secs] 
1545.757: [GC (Allocation Failure) [PSYoungGen: 270805K->183916K(465920K)] 820485K->734842K(1071104K), 0.0217170 secs] [Times: user=0.03 sys=0.00, real=0.03 secs] 
1546.044: [GC (Allocation Failure) [PSYoungGen: 416876K->184462K(465920K)] 967802K->735661K(1071104K), 0.0204186 secs] [Times: user=0.03 sys=0.00, real=0.02 secs] 
1547.236: [GC (Allocation Failure) [PSYoungGen: 409661K->92512K(465920K)] 960861K->643976K(1071104K), 0.0150496 secs] [Times: user=0.03 sys=0.00, real=0.02 secs] 
1549.548: [GC (Allocation Failure) [PSYoungGen: 325472K->37456K(465920K)] 876936K->589231K(1071104K), 0.0079382 secs] [Times: user=0.02 sys=0.00, real=0.01 secs] 
1549.869: [GC (Allocation Failure) [PSYoungGen: 270416K->184558K(465920K)] 822191K->737578K(1071104K), 0.0203464 secs] [Times: user=0.03 sys=0.00, real=0.02 secs] 
1550.157: [GC (Allocation Failure) [PSYoungGen: 417518K->184398K(465920K)] 970538K->737707K(1071104K), 0.0204326 secs] [Times: user=0.03 sys=0.00, real=0.02 secs] 
1551.084: [GC (Allocation Failure) [PSYoungGen: 409346K->92287K(465920K)] 962655K->645989K(1071104K), 0.0121928 secs] [Times: user=0.02 sys=0.00, real=0.01 secs] 
1551.943: [GC (Allocation Failure) [PSYoungGen: 325247K->38034K(465920K)] 878949K->591919K(1071104K), 0.0054777 secs] [Times: user=0.01 sys=0.00, real=0.01 secs] 
1552.211: [GC (Allocation Failure) [PSYoungGen: 270994K->184301K(465920K)] 824879K->739439K(1071104K), 0.0220070 secs] [Times: user=0.02 sys=0.00, real=0.02 secs] 
1552.499: [GC (Allocation Failure) [PSYoungGen: 417261K->184687K(465920K)] 972399K->740098K(1071104K), 0.0202846 secs] [Times: user=0.03 sys=0.00, real=0.02 secs] 
1554.460: [GC (Allocation Failure) [PSYoungGen: 407522K->91693K(465920K)] 962932K->647368K(1071104K), 0.0144293 secs] [Times: user=0.03 sys=0.00, real=0.01 secs] 
1556.167: [GC (Allocation Failure) [PSYoungGen: 324653K->37459K(465920K)] 880328K->593455K(1071104K), 0.0065458 secs] [Times: user=0.02 sys=0.00, real=0.01 secs] 
1556.448: [GC (Allocation Failure) [PSYoungGen: 270419K->184719K(465920K)] 826415K->741968K(1071104K), 0.0204094 secs] [Times: user=0.02 sys=0.00, real=0.02 secs] 
1556.737: [GC (Allocation Failure) [PSYoungGen: 417679K->184655K(465920K)] 974928K->742177K(1071104K), 0.0203448 secs] [Times: user=0.03 sys=0.00, real=0.02 secs] 
1558.707: [GC (Allocation Failure) [PSYoungGen: 407206K->91901K(465920K)] 964728K->649689K(1071104K), 0.0134644 secs] [Times: user=0.03 sys=0.00, real=0.02 secs] 
1561.619: [GC (Allocation Failure) [PSYoungGen: 324861K->38166K(465920K)] 882649K->596261K(1071104K), 0.0067898 secs] [Times: user=0.01 sys=0.00, real=0.00 secs] 
1561.903: [GC (Allocation Failure) [PSYoungGen: 271126K->184687K(465920K)] 829221K->744164K(1071104K), 0.0203687 secs] [Times: user=0.03 sys=0.00, real=0.02 secs] 
1562.188: [GC (Allocation Failure) [PSYoungGen: 417647K->184687K(465920K)] 977124K->744317K(1071104K), 0.0204309 secs] [Times: user=0.03 sys=0.00, real=0.02 secs] 
1563.813: [GC (Allocation Failure) [PSYoungGen: 407121K->91242K(465920K)] 966751K->651138K(1071104K), 0.0120641 secs] [Times: user=0.02 sys=0.00, real=0.01 secs] 
1564.744: [GC (Allocation Failure) [PSYoungGen: 324202K->37845K(465920K)] 884098K->598046K(1071104K), 0.0056884 secs] [Times: user=0.02 sys=0.00, real=0.01 secs] 
1565.011: [GC (Allocation Failure) [PSYoungGen: 270805K->184076K(465920K)] 831006K->745523K(1071104K), 0.0203752 secs] [Times: user=0.03 sys=0.00, real=0.02 secs] 
1565.299: [GC (Allocation Failure) [PSYoungGen: 417036K->184430K(465920K)] 978483K->746278K(1071104K), 0.0205814 secs] [Times: user=0.03 sys=0.01, real=0.02 secs] 
1565.933: [GC (Allocation Failure) [PSYoungGen: 408086K->92415K(465920K)] 969935K->654400K(1071104K), 0.0113593 secs] [Times: user=0.02 sys=0.00, real=0.01 secs] 
1566.824: [GC (Allocation Failure) [PSYoungGen: 325375K->37906K(465920K)] 887360K->600199K(1071104K), 0.0056652 secs] [Times: user=0.02 sys=0.00, real=0.01 secs] 
1567.091: [GC (Allocation Failure) [PSYoungGen: 270866K->183658K(465920K)] 833159K->747197K(1071104K), 0.0203168 secs] [Times: user=0.02 sys=0.00, real=0.02 secs] 
1567.376: [GC (Allocation Failure) [PSYoungGen: 416618K->184558K(465920K)] 980157K->748378K(1071104K), 0.0204207 secs] [Times: user=0.03 sys=0.00, real=0.02 secs] 
1568.496: [GC (Allocation Failure) [PSYoungGen: 410136K->92640K(465920K)] 973956K->656741K(1071104K), 0.0139161 secs] [Times: user=0.03 sys=0.00, real=0.02 secs] 
1569.328: [GC (Allocation Failure) [PSYoungGen: 325600K->38034K(465920K)] 889701K->602435K(1071104K), 0.0055384 secs] [Times: user=0.02 sys=0.00, real=0.00 secs] 
1569.597: [GC (Allocation Failure) [PSYoungGen: 270994K->184558K(465920K)] 835395K->750212K(1071104K), 0.0202450 secs] [Times: user=0.03 sys=0.00, real=0.02 secs] 
1569.879: [GC (Allocation Failure) [PSYoungGen: 417518K->184333K(465920K)] 983172K->750268K(1071104K), 0.0201601 secs] [Times: user=0.03 sys=0.00, real=0.02 secs] 
1570.889: [GC (Allocation Failure) [PSYoungGen: 406877K->91821K(465920K)] 972812K->658037K(1071104K), 0.0144511 secs] [Times: user=0.03 sys=0.00, real=0.01 secs] 
1572.422: [GC (Allocation Failure) [PSYoungGen: 324781K->37845K(465920K)] 890997K->604365K(1071104K), 0.0071447 secs] [Times: user=0.01 sys=0.00, real=0.01 secs] 
1572.796: [GC (Allocation Failure) [PSYoungGen: 270805K->184687K(465920K)] 837325K->752453K(1071104K), 0.0204558 secs] [Times: user=0.03 sys=0.01, real=0.02 secs] 
1573.080: [GC (Allocation Failure) [PSYoungGen: 417647K->184687K(465920K)] 985413K->752734K(1071104K), 0.0206247 secs] [Times: user=0.02 sys=0.00, real=0.02 secs] 
1574.485: [GC (Allocation Failure) [PSYoungGen: 407238K->91516K(465920K)] 975285K->659828K(1071104K), 0.0137521 secs] [Times: user=0.03 sys=0.00, real=0.02 secs] 
1575.801: [GC (Allocation Failure) [PSYoungGen: 324476K->37716K(465920K)] 892788K->606336K(1071104K), 0.0078610 secs] [Times: user=0.02 sys=0.00, real=0.01 secs] 
1576.117: [GC (Allocation Failure) [PSYoungGen: 270676K->183916K(465920K)] 839296K->753781K(1071104K), 0.0204739 secs] [Times: user=0.03 sys=0.00, real=0.02 secs] 
1576.404: [GC (Allocation Failure) [PSYoungGen: 416876K->184462K(465920K)] 986741K->754608K(1071104K), 0.0203514 secs] [Times: user=0.03 sys=0.00, real=0.02 secs] 
1577.103: [GC (Allocation Failure) [PSYoungGen: 409804K->92640K(465920K)] 979951K->663052K(1071104K), 0.0109582 secs] [Times: user=0.02 sys=0.00, real=0.01 secs] 
1578.604: [GC (Allocation Failure) [PSYoungGen: 325600K->37588K(465920K)] 896012K->608310K(1071104K), 0.0066749 secs] [Times: user=0.02 sys=0.00, real=0.01 secs] 
1578.886: [GC (Allocation Failure) [PSYoungGen: 270548K->184719K(465920K)] 841270K->756686K(1071104K), 0.0202742 secs] [Times: user=0.03 sys=0.00, real=0.02 secs] 
1579.169: [GC (Allocation Failure) [PSYoungGen: 417679K->184719K(465920K)] 989646K->756967K(1071104K), 0.0201652 secs] [Times: user=0.02 sys=0.00, real=0.02 secs] 
1581.701: [GC (Allocation Failure) [PSYoungGen: 407579K->91677K(465920K)] 979827K->664190K(1071104K), 0.0244618 secs] [Times: user=0.05 sys=0.00, real=0.02 secs] 
1583.660: [GC (Allocation Failure) [PSYoungGen: 324637K->37874K(465920K)] 897150K->610697K(1071104K), 0.0075577 secs] [Times: user=0.02 sys=0.00, real=0.00 secs] 
1583.965: [GC (Allocation Failure) [PSYoungGen: 270834K->183658K(465920K)] 843657K->757728K(1071104K), 0.0201658 secs] [Times: user=0.03 sys=0.00, real=0.02 secs] 
1584.249: [GC (Allocation Failure) [PSYoungGen: 416618K->184590K(465920K)] 990688K->758940K(1071104K), 0.0203530 secs] [Times: user=0.03 sys=0.00, real=0.02 secs] 
1586.080: [GC (Allocation Failure) [PSYoungGen: 408551K->92640K(465920K)] 982901K->667264K(1071104K), 0.0162734 secs] [Times: user=0.03 sys=0.00, real=0.01 secs] 
1588.287: [GC (Allocation Failure) [PSYoungGen: 325600K->37491K(465920K)] 900224K->612425K(1071104K), 0.0071557 secs] [Times: user=0.02 sys=0.00, real=0.01 secs] 
1588.582: [GC (Allocation Failure) [PSYoungGen: 270451K->184494K(465920K)] 845385K->760681K(1071104K), 0.0204029 secs] [Times: user=0.03 sys=0.00, real=0.02 secs] 
1588.867: [GC (Allocation Failure) [PSYoungGen: 417454K->184558K(465920K)] 993641K->761147K(1071104K), 0.0203691 secs] [Times: user=0.03 sys=0.00, real=0.02 secs] 
1590.016: [GC (Allocation Failure) [PSYoungGen: 409741K->92239K(465920K)] 986329K->668972K(1071104K), 0.0247157 secs] [Times: user=0.05 sys=0.00, real=0.03 secs] 
1591.858: [GC (Allocation Failure) [PSYoungGen: 325199K->37877K(465920K)] 901932K->614922K(1071104K), 0.0073571 secs] [Times: user=0.02 sys=0.00, real=0.01 secs] 
1592.157: [GC (Allocation Failure) [PSYoungGen: 270837K->184687K(465920K)] 847882K->763106K(1071104K), 0.0204705 secs] [Times: user=0.03 sys=0.00, real=0.02 secs] 
1592.441: [GC (Allocation Failure) [PSYoungGen: 417647K->184719K(465920K)] 996066K->763283K(1071104K), 0.0202819 secs] [Times: user=0.02 sys=0.00, real=0.02 secs] 
1593.163: [GC (Allocation Failure) [PSYoungGen: 407271K->91435K(465920K)] 985835K->670264K(1071104K), 0.0114719 secs] [Times: user=0.02 sys=0.00, real=0.01 secs] 
1594.130: [GC (Allocation Failure) [PSYoungGen: 324395K->38002K(465920K)] 903224K->617145K(1071104K), 0.0059242 secs] [Times: user=0.02 sys=0.00, real=0.00 secs] 
1594.398: [GC (Allocation Failure) [PSYoungGen: 270962K->183948K(465920K)] 850105K->764344K(1071104K), 0.0202731 secs] [Times: user=0.03 sys=0.00, real=0.02 secs] 
1594.684: [GC (Allocation Failure) [PSYoungGen: 416908K->184430K(465920K)] 997304K->765099K(1071104K), 0.0203693 secs] [Times: user=0.03 sys=0.00, real=0.02 secs] 
1596.350: [GC (Allocation Failure) [PSYoungGen: 409643K->92431K(465920K)] 990313K->673374K(1071104K), 0.0124254 secs] [Times: user=0.03 sys=0.00, real=0.01 secs] 
1597.453: [GC (Allocation Failure) [PSYoungGen: 325391K->37716K(465920K)] 906334K->618972K(1071104K), 0.0066533 secs] [Times: user=0.02 sys=0.00, real=0.01 secs] 
1597.737: [GC (Allocation Failure) [PSYoungGen: 270676K->184044K(465920K)] 851932K->766546K(1071104K), 0.0202475 secs] [Times: user=0.03 sys=0.00, real=0.02 secs] 
1598.020: [GC (Allocation Failure) [PSYoungGen: 417004K->184558K(465920K)] 999506K->767333K(1071104K), 0.0202962 secs] [Times: user=0.03 sys=0.00, real=0.02 secs] 
1599.928: [GC (Allocation Failure) [PSYoungGen: 409740K->92383K(465920K)] 992514K->675423K(1071104K), 0.0268400 secs] [Times: user=0.05 sys=0.00, real=0.03 secs] 
1601.583: [GC (Allocation Failure) [PSYoungGen: 325343K->37973K(465920K)] 908383K->621327K(1071104K), 0.0080570 secs] [Times: user=0.02 sys=0.00, real=0.01 secs] 
1601.897: [GC (Allocation Failure) [PSYoungGen: 270933K->184687K(465920K)] 854287K->769422K(1071104K), 0.0205930 secs] [Times: user=0.02 sys=0.00, real=0.02 secs] 
1602.181: [GC (Allocation Failure) [PSYoungGen: 417647K->184687K(465920K)] 1002382K->769695K(1071104K), 0.0206385 secs] [Times: user=0.03 sys=0.00, real=0.02 secs] 
1603.279: [GC (Allocation Failure) [PSYoungGen: 407261K->91371K(465920K)] 992269K->676524K(1071104K), 0.0133573 secs] [Times: user=0.02 sys=0.00, real=0.01 secs] 
1604.861: [GC (Allocation Failure) [PSYoungGen: 324331K->37716K(465920K)] 909484K->623185K(1071104K), 0.0071684 secs] [Times: user=0.01 sys=0.00, real=0.00 secs] 
1605.236: [GC (Allocation Failure) [PSYoungGen: 270676K->184687K(465920K)] 856145K->771530K(1071104K), 0.0204600 secs] [Times: user=0.03 sys=0.00, real=0.02 secs] 
1605.583: [GC (Allocation Failure) [PSYoungGen: 417647K->184751K(465920K)] 1004490K->771747K(1071104K), 0.0204213 secs] [Times: user=0.03 sys=0.00, real=0.02 secs] 
1606.199: [GC (Allocation Failure) [PSYoungGen: 407313K->91612K(465920K)] 994309K->678873K(1071104K), 0.0123179 secs] [Times: user=0.02 sys=0.00, real=0.01 secs] 
1607.011: [GC (Allocation Failure) [PSYoungGen: 324572K->38005K(465920K)] 911833K->625566K(1071104K), 0.0055904 secs] [Times: user=0.02 sys=0.00, real=0.00 secs] 
1607.278: [GC (Allocation Failure) [PSYoungGen: 270965K->183916K(465920K)] 858526K->772730K(1071104K), 0.0202482 secs] [Times: user=0.03 sys=0.00, real=0.03 secs] 
1607.561: [GC (Allocation Failure) [PSYoungGen: 416876K->184462K(465920K)] 1005690K->773678K(1071104K), 0.0203288 secs] [Times: user=0.03 sys=0.00, real=0.02 secs] 
1608.702: [GC (Allocation Failure) [PSYoungGen: 409685K->92367K(465920K)] 998901K->681720K(1071104K), 0.0131214 secs] [Times: user=0.03 sys=0.00, real=0.01 secs] 
1610.308: [GC (Allocation Failure) [PSYoungGen: 325327K->37745K(465920K)] 914680K->627404K(1071104K), 0.0069604 secs] [Times: user=0.01 sys=0.00, real=0.01 secs] 
1610.602: [GC (Allocation Failure) [PSYoungGen: 270705K->184590K(465920K)] 860364K->775631K(1071104K), 0.0204101 secs] [Times: user=0.02 sys=0.00, real=0.02 secs] 
1610.886: [GC (Allocation Failure) [PSYoungGen: 417550K->184430K(465920K)] 1008591K->775623K(1071104K), 0.0203206 secs] [Times: user=0.03 sys=0.00, real=0.02 secs] 
1612.003: [GC (Allocation Failure) [PSYoungGen: 409482K->91982K(465920K)] 1000675K->683440K(1071104K), 0.0169167 secs] [Times: user=0.04 sys=0.00, real=0.02 secs] 
1613.810: [GC (Allocation Failure) [PSYoungGen: 324942K->38163K(465920K)] 916400K->629935K(1071104K), 0.0059690 secs] [Times: user=0.01 sys=0.00, real=0.00 secs] 
1614.078: [GC (Allocation Failure) [PSYoungGen: 271123K->184719K(465920K)] 862895K->777873K(1071104K), 0.0204258 secs] [Times: user=0.03 sys=0.00, real=0.02 secs] 
1614.371: [GC (Allocation Failure) [PSYoungGen: 417679K->184398K(465920K)] 1010833K->777696K(1071104K), 0.0203659 secs] [Times: user=0.03 sys=0.00, real=0.02 secs] 
1615.000: [GC (Allocation Failure) [PSYoungGen: 406725K->91467K(465920K)] 1000024K->685031K(1071104K), 0.0108436 secs] [Times: user=0.03 sys=0.00, real=0.01 secs] 
1615.814: [GC (Allocation Failure) [PSYoungGen: 324427K->37748K(465920K)] 917991K->631626K(1071104K), 0.0070056 secs] [Times: user=0.01 sys=0.00, real=0.01 secs] 
1616.156: [GC (Allocation Failure) [PSYoungGen: 270708K->183819K(465920K)] 864586K->778950K(1071104K), 0.0204368 secs] [Times: user=0.03 sys=0.00, real=0.02 secs] 
1616.501: [GC (Allocation Failure) [PSYoungGen: 416779K->184301K(465920K)] 1011910K->779705K(1071104K), 0.0204694 secs] [Times: user=0.03 sys=0.00, real=0.02 secs] 
1618.136: [GC (Allocation Failure) [PSYoungGen: 408202K->92929K(465920K)] 1003606K->688598K(1071104K), 0.0197991 secs] [Times: user=0.04 sys=0.00, real=0.02 secs] 
1619.234: [GC (Allocation Failure) [PSYoungGen: 325889K->37874K(465920K)] 921558K->633859K(1071104K), 0.0057412 secs] [Times: user=0.02 sys=0.00, real=0.01 secs] 
1619.503: [GC (Allocation Failure) [PSYoungGen: 270834K->184912K(465920K)] 866819K->782142K(1071104K), 0.0204021 secs] [Times: user=0.03 sys=0.00, real=0.02 secs] 
1619.837: [GC (Allocation Failure) [PSYoungGen: 417872K->184237K(465920K)] 1015102K->781869K(1071104K), 0.0206133 secs] [Times: user=0.03 sys=0.01, real=0.02 secs] 
1621.665: [GC (Allocation Failure) [PSYoungGen: 407224K->91709K(465920K)] 1004857K->689485K(1071104K), 0.0200965 secs] [Times: user=0.04 sys=0.00, real=0.02 secs] 
1623.149: [GC (Allocation Failure) [PSYoungGen: 324669K->37874K(465920K)] 922445K->635956K(1071104K), 0.0060338 secs] [Times: user=0.01 sys=0.00, real=0.00 secs] 
1623.418: [GC (Allocation Failure) [PSYoungGen: 270834K->184751K(465920K)] 868916K->784087K(1071104K), 0.0205959 secs] [Times: user=0.03 sys=0.00, real=0.03 secs] 
1623.761: [GC (Allocation Failure) [PSYoungGen: 417711K->184687K(465920K)] 1017047K->784432K(1071104K), 0.0203616 secs] [Times: user=0.03 sys=0.00, real=0.02 secs] 
1624.886: [GC (Allocation Failure) [PSYoungGen: 407133K->91516K(465920K)] 1006878K->691526K(1071104K), 0.0152470 secs] [Times: user=0.03 sys=0.01, real=0.02 secs] 
1626.501: [GC (Allocation Failure) [PSYoungGen: 324476K->37617K(465920K)] 924486K->637821K(1071104K), 0.0070846 secs] [Times: user=0.02 sys=0.00, real=0.01 secs] 
1626.859: [GC (Allocation Failure) [PSYoungGen: 270577K->183787K(465920K)] 870781K->785237K(1071104K), 0.0203260 secs] [Times: user=0.03 sys=0.00, real=0.02 secs] 
1627.143: [GC (Allocation Failure) [PSYoungGen: 416747K->184526K(465920K)] 1018197K->786256K(1071104K), 0.0203471 secs] [Times: user=0.02 sys=0.00, real=0.02 secs] 
1628.725: [GC (Allocation Failure) [PSYoungGen: 409703K->92913K(465920K)] 1011433K->695046K(1071104K), 0.0123452 secs] [Times: user=0.02 sys=0.00, real=0.01 secs] 
1630.456: [GC (Allocation Failure) [PSYoungGen: 325873K->37363K(465920K)] 928006K->639668K(1071104K), 0.0066443 secs] [Times: user=0.02 sys=0.00, real=0.01 secs] 
1630.740: [GC (Allocation Failure) [PSYoungGen: 270323K->184719K(465920K)] 872628K->788415K(1071104K), 0.0204108 secs] [Times: user=0.03 sys=0.00, real=0.02 secs] 
1630.760: [Full GC (Ergonomics) [PSYoungGen: 184719K->0K(465920K)] [ParOldGen: 603695K->524917K(879616K)] 788415K->524917K(1345536K), [Metaspace: 56004K->56004K(1101824K)], 0.0518252 secs] [Times: user=0.22 sys=0.00, real=0.05 secs] 
1631.077: [GC (Allocation Failure) [PSYoungGen: 232960K->184687K(465920K)] 757877K->709604K(1345536K), 0.0204376 secs] [Times: user=0.02 sys=0.00, real=0.02 secs] 
1631.813: [GC (Allocation Failure) [PSYoungGen: 409689K->92014K(465920K)] 934606K->617228K(1345536K), 0.0119597 secs] [Times: user=0.03 sys=0.00, real=0.01 secs] 
1632.929: [GC (Allocation Failure) [PSYoungGen: 324974K->38134K(465920K)] 850188K->563525K(1345536K), 0.0063585 secs] [Times: user=0.01 sys=0.00, real=0.00 secs] 
1633.291: [GC (Allocation Failure) [PSYoungGen: 271094K->184815K(465920K)] 796485K->711581K(1345536K), 0.0202647 secs] [Times: user=0.03 sys=0.00, real=0.02 secs] 
1633.578: [GC (Allocation Failure) [PSYoungGen: 417775K->184687K(465920K)] 944541K->711725K(1345536K), 0.0202811 secs] [Times: user=0.03 sys=0.00, real=0.02 secs] 
1634.521: [GC (Allocation Failure) [PSYoungGen: 406973K->91050K(465920K)] 934012K->618225K(1345536K), 0.0120648 secs] [Times: user=0.02 sys=0.00, real=0.01 secs] 
1636.191: [GC (Allocation Failure) [PSYoungGen: 324010K->37777K(465920K)] 851185K->565253K(1345536K), 0.0070811 secs] [Times: user=0.02 sys=0.00, real=0.00 secs] 
1636.493: [GC (Allocation Failure) [PSYoungGen: 270737K->184044K(465920K)] 798213K->712765K(1345536K), 0.0202410 secs] [Times: user=0.02 sys=0.00, real=0.02 secs] 
1636.780: [GC (Allocation Failure) [PSYoungGen: 417004K->184462K(465920K)] 945725K->713592K(1345536K), 0.0202693 secs] [Times: user=0.02 sys=0.00, real=0.02 secs] 
1637.559: [GC (Allocation Failure) [PSYoungGen: 408093K->92464K(465920K)] 937223K->621731K(1345536K), 0.0107035 secs] [Times: user=0.02 sys=0.00, real=0.01 secs] 
1639.115: [GC (Allocation Failure) [PSYoungGen: 325424K->37135K(465920K)] 854691K->566715K(1345536K), 0.0053712 secs] [Times: user=0.01 sys=0.00, real=0.01 secs] 
1639.382: [GC (Allocation Failure) [PSYoungGen: 270095K->184719K(465920K)] 799675K->715553K(1345536K), 0.0203196 secs] [Times: user=0.02 sys=0.00, real=0.02 secs] 
1639.723: [GC (Allocation Failure) [PSYoungGen: 417679K->183594K(465920K)] 948513K->714710K(1345536K), 0.0202980 secs] [Times: user=0.02 sys=0.00, real=0.02 secs] 
1640.865: [GC (Allocation Failure) [PSYoungGen: 409051K->93267K(465920K)] 940167K->624647K(1345536K), 0.0120610 secs] [Times: user=0.02 sys=0.00, real=0.01 secs] 
1641.795: [GC (Allocation Failure) [PSYoungGen: 326227K->37906K(465920K)] 857607K->569600K(1345536K), 0.0054854 secs] [Times: user=0.01 sys=0.00, real=0.01 secs] 
1642.124: [GC (Allocation Failure) [PSYoungGen: 270866K->184430K(465920K)] 802560K->717369K(1345536K), 0.0202488 secs] [Times: user=0.02 sys=0.00, real=0.02 secs] 
1642.406: [GC (Allocation Failure) [PSYoungGen: 417390K->184301K(465920K)] 950329K->717514K(1345536K), 0.0200874 secs] [Times: user=0.02 sys=0.00, real=0.02 secs] 
1643.901: [GC (Allocation Failure) [PSYoungGen: 409347K->92126K(465920K)] 942560K->625741K(1345536K), 0.0125776 secs] [Times: user=0.02 sys=0.00, real=0.01 secs] 
1646.474: [GC (Allocation Failure) [PSYoungGen: 325086K->37520K(465920K)] 858701K->571330K(1345536K), 0.0074423 secs] [Times: user=0.01 sys=0.01, real=0.01 secs] 
1646.792: [GC (Allocation Failure) [PSYoungGen: 270480K->184719K(465920K)] 804290K->719782K(1345536K), 0.0202628 secs] [Times: user=0.03 sys=0.00, real=0.02 secs] 
1647.076: [GC (Allocation Failure) [PSYoungGen: 417679K->184655K(465920K)] 952742K->719999K(1345536K), 0.0202793 secs] [Times: user=0.02 sys=0.00, real=0.02 secs] 
1648.936: [GC (Allocation Failure) [PSYoungGen: 407223K->91853K(465920K)] 942567K->627471K(1345536K), 0.0191159 secs] [Times: user=0.04 sys=0.00, real=0.02 secs] 
1650.678: [GC (Allocation Failure) [PSYoungGen: 324813K->37777K(465920K)] 860431K->573711K(1345536K), 0.0068871 secs] [Times: user=0.02 sys=0.00, real=0.00 secs] 
1650.970: [GC (Allocation Failure) [PSYoungGen: 270737K->184944K(465920K)] 806671K->722131K(1345536K), 0.0203555 secs] [Times: user=0.03 sys=0.00, real=0.02 secs] 
1651.313: [GC (Allocation Failure) [PSYoungGen: 417904K->184333K(465920K)] 955091K->721801K(1345536K), 0.0203628 secs] [Times: user=0.02 sys=0.00, real=0.02 secs] 
1651.952: [GC (Allocation Failure) [PSYoungGen: 407191K->91725K(465920K)] 944659K->629586K(1345536K), 0.0118074 secs] [Times: user=0.02 sys=0.00, real=0.01 secs] 
1652.820: [GC (Allocation Failure) [PSYoungGen: 324685K->38134K(465920K)] 862546K->576191K(1345536K), 0.0053848 secs] [Times: user=0.01 sys=0.00, real=0.00 secs] 
1653.088: [GC (Allocation Failure) [PSYoungGen: 271094K->184719K(465920K)] 809151K->724021K(1345536K), 0.0200847 secs] [Times: user=0.02 sys=0.00, real=0.02 secs] 
1653.377: [GC (Allocation Failure) [PSYoungGen: 417679K->184655K(465920K)] 956981K->724367K(1345536K), 0.0201130 secs] [Times: user=0.02 sys=0.00, real=0.02 secs] 
1655.572: [GC (Allocation Failure) [PSYoungGen: 407099K->91242K(465920K)] 946811K->631228K(1345536K), 0.0152381 secs] [Times: user=0.03 sys=0.00, real=0.01 secs] 
1658.243: [GC (Allocation Failure) [PSYoungGen: 324202K->37716K(465920K)] 864188K->577891K(1345536K), 0.0076871 secs] [Times: user=0.02 sys=0.00, real=0.01 secs] 
1658.631: [GC (Allocation Failure) [PSYoungGen: 270676K->183787K(465920K)] 810851K->725207K(1345536K), 0.0202442 secs] [Times: user=0.02 sys=0.00, real=0.02 secs] 
1658.919: [GC (Allocation Failure) [PSYoungGen: 416747K->184430K(465920K)] 958167K->726131K(1345536K), 0.0203106 secs] [Times: user=0.02 sys=0.00, real=0.02 secs] 
1660.013: [GC (Allocation Failure) [PSYoungGen: 409692K->92785K(465920K)] 951393K->634751K(1345536K), 0.0149777 secs] [Times: user=0.03 sys=0.00, real=0.01 secs] 
1661.288: [GC (Allocation Failure) [PSYoungGen: 325745K->37877K(465920K)] 867711K->580155K(1345536K), 0.0069086 secs] [Times: user=0.01 sys=0.00, real=0.01 secs] 
1661.584: [GC (Allocation Failure) [PSYoungGen: 270837K->184076K(465920K)] 813115K->727608K(1345536K), 0.0203082 secs] [Times: user=0.03 sys=0.00, real=0.02 secs] 
1661.926: [GC (Allocation Failure) [PSYoungGen: 417036K->184558K(465920K)] 960568K->728371K(1345536K), 0.0201085 secs] [Times: user=0.03 sys=0.00, real=0.02 secs] 
1662.542: [GC (Allocation Failure) [PSYoungGen: 409753K->92239K(465920K)] 953566K->636317K(1345536K), 0.0113300 secs] [Times: user=0.02 sys=0.00, real=0.01 secs] 
1663.347: [GC (Allocation Failure) [PSYoungGen: 325199K->38034K(465920K)] 869277K->582434K(1345536K), 0.0053800 secs] [Times: user=0.01 sys=0.00, real=0.01 secs] 
1663.616: [GC (Allocation Failure) [PSYoungGen: 270994K->184687K(465920K)] 815394K->730332K(1345536K), 0.0202684 secs] [Times: user=0.03 sys=0.00, real=0.02 secs] 
1663.899: [GC (Allocation Failure) [PSYoungGen: 417647K->184398K(465920K)] 963292K->730316K(1345536K), 0.0201394 secs] [Times: user=0.02 sys=0.00, real=0.02 secs] 
1664.915: [GC (Allocation Failure) [PSYoungGen: 406852K->91596K(465920K)] 952770K->637780K(1345536K), 0.0097822 secs] [Times: user=0.01 sys=0.00, real=0.01 secs] 
1665.707: [GC (Allocation Failure) [PSYoungGen: 324556K->37745K(465920K)] 870740K->584235K(1345536K), 0.0053372 secs] [Times: user=0.01 sys=0.00, real=0.01 secs] 
1666.033: [GC (Allocation Failure) [PSYoungGen: 270705K->184719K(465920K)] 817195K->732454K(1345536K), 0.0201622 secs] [Times: user=0.02 sys=0.00, real=0.02 secs] 
1666.394: [GC (Allocation Failure) [PSYoungGen: 417679K->184430K(465920K)] 965414K->732438K(1345536K), 0.0205099 secs] [Times: user=0.02 sys=0.00, real=0.02 secs] 
1667.001: [GC (Allocation Failure) [PSYoungGen: 406902K->91853K(465920K)] 954910K->640126K(1345536K), 0.0119976 secs] [Times: user=0.02 sys=0.00, real=0.01 secs] 
1668.296: [GC (Allocation Failure) [PSYoungGen: 324813K->37620K(465920K)] 873086K->586201K(1345536K), 0.0054463 secs] [Times: user=0.02 sys=0.01, real=0.01 secs] 
1668.565: [GC (Allocation Failure) [PSYoungGen: 270580K->184687K(465920K)] 819161K->734513K(1345536K), 0.0203147 secs] [Times: user=0.02 sys=0.00, real=0.02 secs] 
1668.848: [GC (Allocation Failure) [PSYoungGen: 417647K->184687K(465920K)] 967473K->734786K(1345536K), 0.0202260 secs] [Times: user=0.02 sys=0.00, real=0.03 secs] 
1669.961: [GC (Allocation Failure) [PSYoungGen: 407520K->91725K(465920K)] 957620K->642089K(1345536K), 0.0133467 secs] [Times: user=0.02 sys=0.00, real=0.01 secs] 
1671.534: [GC (Allocation Failure) [PSYoungGen: 324685K->37620K(465920K)] 875049K->588308K(1345536K), 0.0064009 secs] [Times: user=0.01 sys=0.00, real=0.01 secs] 
1671.812: [GC (Allocation Failure) [PSYoungGen: 270580K->184687K(465920K)] 821268K->736621K(1345536K), 0.0202053 secs] [Times: user=0.02 sys=0.00, real=0.02 secs] 
1672.104: [GC (Allocation Failure) [PSYoungGen: 417647K->184687K(465920K)] 969581K->736894K(1345536K), 0.0202187 secs] [Times: user=0.03 sys=0.00, real=0.02 secs] 
1673.028: [GC (Allocation Failure) [PSYoungGen: 407494K->91757K(465920K)] 959702K->644237K(1345536K), 0.0116548 secs] [Times: user=0.02 sys=0.00, real=0.02 secs] 
1673.838: [GC (Allocation Failure) [PSYoungGen: 324717K->38034K(465920K)] 877197K->590829K(1345536K), 0.0053605 secs] [Times: user=0.01 sys=0.00, real=0.01 secs] 
1674.164: [GC (Allocation Failure) [PSYoungGen: 270994K->183787K(465920K)] 823789K->737827K(1345536K), 0.0200739 secs] [Times: user=0.03 sys=0.00, real=0.02 secs] 
1674.502: [GC (Allocation Failure) [PSYoungGen: 416747K->184430K(465920K)] 970787K->738751K(1345536K), 0.0202289 secs] [Times: user=0.02 sys=0.00, real=0.02 secs] 
1675.120: [GC (Allocation Failure) [PSYoungGen: 409656K->92528K(465920K)] 963977K->647114K(1345536K), 0.0116738 secs] [Times: user=0.02 sys=0.00, real=0.01 secs] 
1676.290: [GC (Allocation Failure) [PSYoungGen: 325488K->37617K(465920K)] 880074K->592513K(1345536K), 0.0053739 secs] [Times: user=0.01 sys=0.00, real=0.00 secs] 
1676.560: [GC (Allocation Failure) [PSYoungGen: 270577K->184173K(465920K)] 825473K->740315K(1345536K), 0.0201130 secs] [Times: user=0.03 sys=0.00, real=0.02 secs] 
1676.843: [GC (Allocation Failure) [PSYoungGen: 417133K->184590K(465920K)] 973275K->741142K(1345536K), 0.0200653 secs] [Times: user=0.03 sys=0.00, real=0.02 secs] 
1677.502: [GC (Allocation Failure) [PSYoungGen: 409743K->92399K(465920K)] 966294K->649088K(1345536K), 0.0106238 secs] [Times: user=0.01 sys=0.00, real=0.01 secs] 
1678.498: [GC (Allocation Failure) [PSYoungGen: 325359K->38034K(465920K)] 882048K->595036K(1345536K), 0.0054100 secs] [Times: user=0.01 sys=0.00, real=0.01 secs] 
1678.825: [GC (Allocation Failure) [PSYoungGen: 270994K->184687K(465920K)] 827996K->743063K(1345536K), 0.0203634 secs] [Times: user=0.02 sys=0.00, real=0.02 secs] 
1679.108: [GC (Allocation Failure) [PSYoungGen: 417647K->184687K(465920K)] 976023K->743207K(1345536K), 0.0202488 secs] [Times: user=0.02 sys=0.00, real=0.03 secs] 
1681.678: [GC (Allocation Failure) [PSYoungGen: 407284K->91339K(465920K)] 965804K->650125K(1345536K), 0.0250093 secs] [Times: user=0.04 sys=0.00, real=0.03 secs] 
1683.016: [GC (Allocation Failure) [PSYoungGen: 324299K->38005K(465920K)] 883085K->597099K(1345536K), 0.0054833 secs] [Times: user=0.01 sys=0.00, real=0.01 secs] 
1683.286: [GC (Allocation Failure) [PSYoungGen: 270965K->184687K(465920K)] 830059K->745147K(1345536K), 0.0205184 secs] [Times: user=0.02 sys=0.00, real=0.02 secs] 
1683.627: [GC (Allocation Failure) [PSYoungGen: 417647K->184655K(465920K)] 978107K->745259K(1345536K), 0.0203460 secs] [Times: user=0.02 sys=0.00, real=0.02 secs] 
1684.626: [GC (Allocation Failure) [PSYoungGen: 407215K->91275K(465920K)] 967819K->652145K(1345536K), 0.0121151 secs] [Times: user=0.02 sys=0.00, real=0.01 secs] 
1686.199: [GC (Allocation Failure) [PSYoungGen: 324235K->37520K(465920K)] 885105K->598698K(1345536K), 0.0066313 secs] [Times: user=0.02 sys=0.00, real=0.00 secs] 
1686.491: [GC (Allocation Failure) [PSYoungGen: 270480K->183948K(465920K)] 831658K->746379K(1345536K), 0.0201397 secs] [Times: user=0.02 sys=0.00, real=0.02 secs] 
1686.774: [GC (Allocation Failure) [PSYoungGen: 416908K->184462K(465920K)] 979339K->747166K(1345536K), 0.0203327 secs] [Times: user=0.03 sys=0.00, real=0.02 secs] 
1687.959: [GC (Allocation Failure) [PSYoungGen: 409670K->92881K(465920K)] 972374K->655851K(1345536K), 0.0134051 secs] [Times: user=0.02 sys=0.01, real=0.01 secs] 
1689.134: [GC (Allocation Failure) [PSYoungGen: 325841K->38002K(465920K)] 888811K->601287K(1345536K), 0.0055401 secs] [Times: user=0.02 sys=0.00, real=0.01 secs] 
1689.466: [GC (Allocation Failure) [PSYoungGen: 270962K->184687K(465920K)] 834247K->749225K(1345536K), 0.0203832 secs] [Times: user=0.03 sys=0.00, real=0.02 secs] 
1689.806: [GC (Allocation Failure) [PSYoungGen: 417647K->184558K(465920K)] 982185K->749506K(1345536K), 0.0203430 secs] [Times: user=0.03 sys=0.00, real=0.02 secs] 
1690.802: [GC (Allocation Failure) [PSYoungGen: 407019K->91484K(465920K)] 971967K->656576K(1345536K), 0.0120471 secs] [Times: user=0.02 sys=0.00, real=0.01 secs] 
1692.335: [GC (Allocation Failure) [PSYoungGen: 324444K->37620K(465920K)] 889536K->603024K(1345536K), 0.0082786 secs] [Times: user=0.02 sys=0.00, real=0.01 secs] 
1692.663: [GC (Allocation Failure) [PSYoungGen: 270580K->184430K(465920K)] 835984K->751080K(1345536K), 0.0202531 secs] [Times: user=0.02 sys=0.00, real=0.02 secs] 
1693.004: [GC (Allocation Failure) [PSYoungGen: 417390K->184558K(465920K)] 984040K->751482K(1345536K), 0.0200901 secs] [Times: user=0.03 sys=0.00, real=0.02 secs] 
1694.826: [GC (Allocation Failure) [PSYoungGen: 407607K->92110K(465920K)] 974531K->659299K(1345536K), 0.0247902 secs] [Times: user=0.05 sys=0.00, real=0.03 secs] 
1697.097: [GC (Allocation Failure) [PSYoungGen: 325070K->37617K(465920K)] 892259K->605115K(1345536K), 0.0075059 secs] [Times: user=0.02 sys=0.00, real=0.01 secs] 
1697.414: [GC (Allocation Failure) [PSYoungGen: 270577K->184430K(465920K)] 838075K->753302K(1345536K), 0.0201103 secs] [Times: user=0.03 sys=0.00, real=0.02 secs] 
1697.760: [GC (Allocation Failure) [PSYoungGen: 417390K->184558K(465920K)] 986262K->753575K(1345536K), 0.0201301 secs] [Times: user=0.03 sys=0.00, real=0.02 secs] 
1698.444: [GC (Allocation Failure) [PSYoungGen: 407616K->92078K(465920K)] 976633K->661368K(1345536K), 0.0117883 secs] [Times: user=0.02 sys=0.00, real=0.01 secs] 
1699.340: [GC (Allocation Failure) [PSYoungGen: 325038K->37877K(465920K)] 894328K->607473K(1345536K), 0.0053533 secs] [Times: user=0.01 sys=0.00, real=0.00 secs] 
1699.609: [GC (Allocation Failure) [PSYoungGen: 270837K->184944K(465920K)] 840433K->755785K(1345536K), 0.0201110 secs] [Times: user=0.03 sys=0.00, real=0.02 secs] 
1699.897: [GC (Allocation Failure) [PSYoungGen: 417904K->184944K(465920K)] 988745K->756058K(1345536K), 0.0201545 secs] [Times: user=0.03 sys=0.00, real=0.02 secs] 
1701.335: [GC (Allocation Failure) [PSYoungGen: 407743K->90921K(465920K)] 978858K->662317K(1345536K), 0.0121588 secs] [Times: user=0.02 sys=0.00, real=0.01 secs] 
1702.920: [GC (Allocation Failure) [PSYoungGen: 323881K->37620K(465920K)] 895277K->609307K(1345536K), 0.0080850 secs] [Times: user=0.02 sys=0.00, real=0.00 secs] 
1703.245: [GC (Allocation Failure) [PSYoungGen: 270580K->184590K(465920K)] 842267K->757652K(1345536K), 0.0201098 secs] [Times: user=0.03 sys=0.00, real=0.02 secs] 
1703.578: [GC (Allocation Failure) [PSYoungGen: 417550K->184558K(465920K)] 990612K->757901K(1345536K), 0.0202399 secs] [Times: user=0.03 sys=0.00, real=0.02 secs] 
1704.957: [GC (Allocation Failure) [PSYoungGen: 407560K->91982K(465920K)] 980903K->665461K(1345536K), 0.0162351 secs] [Times: user=0.03 sys=0.00, real=0.02 secs] 
1706.418: [GC (Allocation Failure) [PSYoungGen: 324942K->37649K(465920K)] 898421K->611444K(1345536K), 0.0052160 secs] [Times: user=0.01 sys=0.00, real=0.00 secs] 
1706.752: [GC (Allocation Failure) [PSYoungGen: 270609K->184430K(465920K)] 844404K->759599K(1345536K), 0.0205183 secs] [Times: user=0.03 sys=0.00, real=0.02 secs] 
1707.036: [GC (Allocation Failure) [PSYoungGen: 417390K->184558K(465920K)] 992559K->759872K(1345536K), 0.0203391 secs] [Times: user=0.02 sys=0.00, real=0.02 secs] 
1707.706: [GC (Allocation Failure) [PSYoungGen: 407625K->92126K(465920K)] 982939K->667705K(1345536K), 0.0123235 secs] [Times: user=0.03 sys=0.00, real=0.01 secs] 
1709.101: [GC (Allocation Failure) [PSYoungGen: 325086K->37620K(465920K)] 900665K->613513K(1345536K), 0.0064524 secs] [Times: user=0.01 sys=0.00, real=0.00 secs] 
1709.378: [GC (Allocation Failure) [PSYoungGen: 270580K->184430K(465920K)] 846473K->761568K(1345536K), 0.0201652 secs] [Times: user=0.02 sys=0.00, real=0.02 secs] 
1709.660: [GC (Allocation Failure) [PSYoungGen: 417390K->184558K(465920K)] 994528K->761978K(1345536K), 0.0202415 secs] [Times: user=0.03 sys=0.00, real=0.02 secs] 
1710.688: [GC (Allocation Failure) [PSYoungGen: 407644K->92094K(465920K)] 985064K->669779K(1345536K), 0.0196889 secs] [Times: user=0.04 sys=0.00, real=0.02 secs] 
1711.616: [GC (Allocation Failure) [PSYoungGen: 325054K->38134K(465920K)] 902739K->616127K(1345536K), 0.0055172 secs] [Times: user=0.01 sys=0.00, real=0.01 secs] 
1711.885: [GC (Allocation Failure) [PSYoungGen: 271094K->184462K(465920K)] 849087K->763708K(1345536K), 0.0203691 secs] [Times: user=0.03 sys=0.00, real=0.02 secs] 
1712.225: [GC (Allocation Failure) [PSYoungGen: 417422K->184269K(465920K)] 996668K->763789K(1345536K), 0.0202876 secs] [Times: user=0.02 sys=0.00, real=0.02 secs] 
1714.522: [GC (Allocation Failure) [PSYoungGen: 409306K->91821K(465920K)] 988825K->671742K(1345536K), 0.0266395 secs] [Times: user=0.05 sys=0.00, real=0.03 secs] 
1716.745: [GC (Allocation Failure) [PSYoungGen: 324781K->37777K(465920K)] 904702K->617872K(1345536K), 0.0078343 secs] [Times: user=0.02 sys=0.00, real=0.01 secs] 
1717.051: [GC (Allocation Failure) [PSYoungGen: 270737K->184687K(465920K)] 850832K->766027K(1345536K), 0.0205267 secs] [Times: user=0.03 sys=0.00, real=0.02 secs] 
1717.414: [GC (Allocation Failure) [PSYoungGen: 417647K->184462K(465920K)] 998987K->766083K(1345536K), 0.0202680 secs] [Times: user=0.02 sys=0.00, real=0.02 secs] 
1718.140: [GC (Allocation Failure) [PSYoungGen: 406940K->91821K(465920K)] 988562K->673707K(1345536K), 0.0122076 secs] [Times: user=0.02 sys=0.00, real=0.01 secs] 
1719.434: [GC (Allocation Failure) [PSYoungGen: 324781K->37620K(465920K)] 906667K->619820K(1345536K), 0.0054922 secs] [Times: user=0.02 sys=0.00, real=0.01 secs] 
1719.702: [GC (Allocation Failure) [PSYoungGen: 270580K->184719K(465920K)] 852780K->768164K(1345536K), 0.0201605 secs] [Times: user=0.03 sys=0.00, real=0.02 secs] 
1719.985: [GC (Allocation Failure) [PSYoungGen: 417679K->184494K(465920K)] 1001124K->768212K(1345536K), 0.0201543 secs] [Times: user=0.03 sys=0.00, real=0.02 secs] 
1721.245: [GC (Allocation Failure) [PSYoungGen: 409533K->91950K(465920K)] 993252K->675957K(1345536K), 0.0120562 secs] [Times: user=0.02 sys=0.00, real=0.01 secs] 
1722.798: [GC (Allocation Failure) [PSYoungGen: 324910K->37874K(465920K)] 908917K->622190K(1345536K), 0.0073647 secs] [Times: user=0.01 sys=0.00, real=0.00 secs] 
1723.106: [GC (Allocation Failure) [PSYoungGen: 270834K->184687K(465920K)] 855150K->770377K(1345536K), 0.0202787 secs] [Times: user=0.02 sys=0.00, real=0.02 secs] 
1723.390: [GC (Allocation Failure) [PSYoungGen: 417647K->184655K(465920K)] 1003337K->770489K(1345536K), 0.0201851 secs] [Times: user=0.03 sys=0.00, real=0.02 secs] 
1724.669: [GC (Allocation Failure) [PSYoungGen: 407126K->91467K(465920K)] 992960K->677567K(1345536K), 0.0125392 secs] [Times: user=0.03 sys=0.00, real=0.01 secs] 
1726.212: [GC (Allocation Failure) [PSYoungGen: 324427K->37363K(465920K)] 910527K->623770K(1345536K), 0.0056786 secs] [Times: user=0.01 sys=0.00, real=0.00 secs] 
1726.481: [GC (Allocation Failure) [PSYoungGen: 270323K->184430K(465920K)] 856730K->772091K(1345536K), 0.0200979 secs] [Times: user=0.02 sys=0.00, real=0.02 secs] 
1726.767: [GC (Allocation Failure) [PSYoungGen: 417390K->184558K(465920K)] 1005051K->772492K(1345536K), 0.0202032 secs] [Times: user=0.02 sys=0.00, real=0.02 secs] 
1727.380: [GC (Allocation Failure) [PSYoungGen: 408151K->92367K(465920K)] 996085K->680567K(1345536K), 0.0106864 secs] [Times: user=0.02 sys=0.00, real=0.01 secs] 
1728.203: [GC (Allocation Failure) [PSYoungGen: 325327K->38034K(465920K)] 913527K->626543K(1345536K), 0.0066441 secs] [Times: user=0.02 sys=0.00, real=0.01 secs] 
1728.485: [GC (Allocation Failure) [PSYoungGen: 270994K->184430K(465920K)] 859503K->774192K(1345536K), 0.0201554 secs] [Times: user=0.03 sys=0.00, real=0.02 secs] 
1728.768: [GC (Allocation Failure) [PSYoungGen: 417390K->184558K(465920K)] 1007152K->774594K(1345536K), 0.0202300 secs] [Times: user=0.03 sys=0.00, real=0.02 secs] 
1729.381: [GC (Allocation Failure) [PSYoungGen: 407092K->91757K(465920K)] 997128K->682057K(1345536K), 0.0107618 secs] [Times: user=0.02 sys=0.00, real=0.01 secs] 
1730.206: [GC (Allocation Failure) [PSYoungGen: 324717K->38005K(465920K)] 915017K->628628K(1345536K), 0.0065054 secs] [Times: user=0.01 sys=0.00, real=0.01 secs] 
1730.547: [GC (Allocation Failure) [PSYoungGen: 270965K->184430K(465920K)] 861588K->776298K(1345536K), 0.0204377 secs] [Times: user=0.02 sys=0.00, real=0.02 secs] 
1730.834: [GC (Allocation Failure) [PSYoungGen: 417390K->184558K(465920K)] 1009258K->776699K(1345536K), 0.0202679 secs] [Times: user=0.03 sys=0.00, real=0.02 secs] 
1731.999: [GC (Allocation Failure) [PSYoungGen: 407099K->91725K(465920K)] 999240K->684131K(1345536K), 0.0251408 secs] [Times: user=0.05 sys=0.00, real=0.02 secs] 
1733.423: [GC (Allocation Failure) [PSYoungGen: 324685K->38002K(465920K)] 917091K->630716K(1345536K), 0.0070901 secs] [Times: user=0.02 sys=0.00, real=0.01 secs] 
1733.722: [GC (Allocation Failure) [PSYoungGen: 270962K->184944K(465920K)] 863676K->778903K(1345536K), 0.0203151 secs] [Times: user=0.03 sys=0.00, real=0.02 secs] 
1734.005: [GC (Allocation Failure) [PSYoungGen: 417904K->184301K(465920K)] 1011863K->778534K(1345536K), 0.0201570 secs] [Times: user=0.02 sys=0.00, real=0.02 secs] 
1737.003: [GC (Allocation Failure) [PSYoungGen: 406895K->91467K(465920K)] 1001128K->686094K(1345536K), 0.0260187 secs] [Times: user=0.05 sys=0.00, real=0.03 secs] 
1739.398: [GC (Allocation Failure) [PSYoungGen: 324427K->37488K(465920K)] 919054K->632290K(1345536K), 0.0082571 secs] [Times: user=0.01 sys=0.00, real=0.00 secs] 
1739.725: [GC (Allocation Failure) [PSYoungGen: 270448K->184558K(465920K)] 865250K->780726K(1345536K), 0.0201375 secs] [Times: user=0.02 sys=0.00, real=0.02 secs] 
1740.061: [GC (Allocation Failure) [PSYoungGen: 417518K->184462K(465920K)] 1013686K->780774K(1345536K), 0.0203319 secs] [Times: user=0.03 sys=0.00, real=0.02 secs] 
1741.533: [GC (Allocation Failure) [PSYoungGen: 409387K->92287K(465920K)] 1005700K->689017K(1345536K), 0.0189665 secs] [Times: user=0.04 sys=0.00, real=0.02 secs] 
1742.430: [GC (Allocation Failure) [PSYoungGen: 325247K->38163K(465920K)] 921977K->635078K(1345536K), 0.0054164 secs] [Times: user=0.01 sys=0.00, real=0.00 secs] 
1742.760: [GC (Allocation Failure) [PSYoungGen: 271123K->184687K(465920K)] 868038K->782976K(1345536K), 0.0203595 secs] [Times: user=0.03 sys=0.00, real=0.02 secs] 
1743.043: [GC (Allocation Failure) [PSYoungGen: 417647K->184655K(465920K)] 1015936K->783088K(1345536K), 0.0203521 secs] [Times: user=0.02 sys=0.00, real=0.02 secs] 
1743.683: [GC (Allocation Failure) [PSYoungGen: 407076K->91210K(465920K)] 1005510K->689909K(1345536K), 0.0117146 secs] [Times: user=0.03 sys=0.00, real=0.01 secs] 
1744.653: [GC (Allocation Failure) [PSYoungGen: 324170K->38034K(465920K)] 922869K->637049K(1345536K), 0.0056507 secs] [Times: user=0.02 sys=0.00, real=0.01 secs] 
1744.981: [GC (Allocation Failure) [PSYoungGen: 270994K->184687K(465920K)] 870009K->784947K(1345536K), 0.0204270 secs] [Times: user=0.03 sys=0.00, real=0.02 secs] 
1745.332: [GC (Allocation Failure) [PSYoungGen: 417647K->184655K(465920K)] 1017907K->785188K(1345536K), 0.0203254 secs] [Times: user=0.03 sys=0.00, real=0.02 secs] 
1746.247: [GC (Allocation Failure) [PSYoungGen: 407215K->91339K(465920K)] 1007748K->692137K(1345536K), 0.0117585 secs] [Times: user=0.02 sys=0.00, real=0.02 secs] 
1747.877: [GC (Allocation Failure) [PSYoungGen: 324299K->37777K(465920K)] 925097K->638884K(1345536K), 0.0074948 secs] [Times: user=0.02 sys=0.00, real=0.01 secs] 
1748.184: [GC (Allocation Failure) [PSYoungGen: 270737K->183916K(465920K)] 871844K->786267K(1345536K), 0.0201412 secs] [Times: user=0.03 sys=0.00, real=0.02 secs] 
1748.467: [GC (Allocation Failure) [PSYoungGen: 416876K->184783K(465920K)] 1019227K->787408K(1345536K), 0.0202739 secs] [Times: user=0.02 sys=0.00, real=0.02 secs] 
1749.310: [GC (Allocation Failure) [PSYoungGen: 410110K->92239K(465920K)] 1012735K->695257K(1345536K), 0.0133815 secs] [Times: user=0.03 sys=0.00, real=0.01 secs] 
1750.118: [GC (Allocation Failure) [PSYoungGen: 325199K->38005K(465920K)] 928217K->641211K(1345536K), 0.0055932 secs] [Times: user=0.01 sys=0.00, real=0.00 secs] 
1750.386: [GC (Allocation Failure) [PSYoungGen: 270965K->184462K(465920K)] 874171K->788921K(1345536K), 0.0202060 secs] [Times: user=0.03 sys=0.00, real=0.02 secs] 
1750.669: [GC (Allocation Failure) [PSYoungGen: 417422K->184847K(465920K)] 1021881K->789580K(1345536K), 0.0203611 secs] [Times: user=0.02 sys=0.00, real=0.02 secs] 
1753.972: [GC (Allocation Failure) [PSYoungGen: 407890K->91499K(465920K)] 1012623K->696497K(1345536K), 0.0158241 secs] [Times: user=0.04 sys=0.00, real=0.01 secs] 
1754.905: [GC (Allocation Failure) [PSYoungGen: 324459K->38005K(465920K)] 929457K->643311K(1345536K), 0.0055442 secs] [Times: user=0.01 sys=0.00, real=0.01 secs] 
1755.172: [GC (Allocation Failure) [PSYoungGen: 270965K->183819K(465920K)] 876271K->790370K(1345536K), 0.0203941 secs] [Times: user=0.03 sys=0.00, real=0.02 secs] 
1755.455: [GC (Allocation Failure) [PSYoungGen: 416779K->184269K(465920K)] 1023330K->791222K(1345536K), 0.0202123 secs] [Times: user=0.03 sys=0.00, real=0.02 secs] 
1757.962: [GC (Allocation Failure) [PSYoungGen: 409659K->92624K(465920K)] 1016612K->699714K(1345536K), 0.0166077 secs] [Times: user=0.04 sys=0.00, real=0.02 secs] 
1758.844: [GC (Allocation Failure) [PSYoungGen: 325584K->38005K(465920K)] 932674K->645411K(1345536K), 0.0056026 secs] [Times: user=0.01 sys=0.00, real=0.01 secs] 
1759.113: [GC (Allocation Failure) [PSYoungGen: 270965K->184719K(465920K)] 878371K->793378K(1345536K), 0.0205404 secs] [Times: user=0.03 sys=0.00, real=0.02 secs] 
1759.447: [GC (Allocation Failure) [PSYoungGen: 417679K->184719K(465920K)] 1026338K->793787K(1345536K), 0.0202252 secs] [Times: user=0.02 sys=0.00, real=0.02 secs] 
1760.996: [GC (Allocation Failure) [PSYoungGen: 407196K->91371K(465920K)] 1016264K->700705K(1345536K), 0.0246613 secs] [Times: user=0.05 sys=0.00, real=0.03 secs] 
1762.845: [GC (Allocation Failure) [PSYoungGen: 324331K->37716K(465920K)] 933665K->647235K(1345536K), 0.0070653 secs] [Times: user=0.02 sys=0.00, real=0.01 secs] 
1763.141: [GC (Allocation Failure) [PSYoungGen: 270676K->184719K(465920K)] 880195K->795491K(1345536K), 0.0205792 secs] [Times: user=0.03 sys=0.00, real=0.02 secs] 
1763.425: [GC (Allocation Failure) [PSYoungGen: 417679K->184655K(465920K)] 1028451K->795700K(1345536K), 0.0203136 secs] [Times: user=0.03 sys=0.00, real=0.02 secs] 
1764.756: [GC (Allocation Failure) [PSYoungGen: 407210K->91596K(465920K)] 1018256K->702907K(1345536K), 0.0186995 secs] [Times: user=0.03 sys=0.00, real=0.02 secs] 
1766.135: [GC (Allocation Failure) [PSYoungGen: 324556K->37973K(465920K)] 935867K->649600K(1345536K), 0.0057258 secs] [Times: user=0.02 sys=0.00, real=0.01 secs] 
1766.465: [GC (Allocation Failure) [PSYoungGen: 270933K->184687K(465920K)] 882560K->797567K(1345536K), 0.0206815 secs] [Times: user=0.03 sys=0.00, real=0.02 secs] 
1766.748: [GC (Allocation Failure) [PSYoungGen: 417647K->184687K(465920K)] 1030527K->797848K(1345536K), 0.0205886 secs] [Times: user=0.02 sys=0.00, real=0.02 secs] 
1767.361: [GC (Allocation Failure) [PSYoungGen: 407232K->91275K(465920K)] 1020393K->704701K(1345536K), 0.0119275 secs] [Times: user=0.02 sys=0.00, real=0.01 secs] 
1768.201: [GC (Allocation Failure) [PSYoungGen: 324235K->38005K(465920K)] 937661K->651747K(1345536K), 0.0055728 secs] [Times: user=0.02 sys=0.01, real=0.00 secs] 
1768.469: [GC (Allocation Failure) [PSYoungGen: 270965K->183948K(465920K)] 884707K->798943K(1345536K), 0.0204775 secs] [Times: user=0.02 sys=0.00, real=0.02 secs] 
1768.758: [GC (Allocation Failure) [PSYoungGen: 416908K->184398K(465920K)] 1031903K->799667K(1345536K), 0.0201875 secs] [Times: user=0.03 sys=0.00, real=0.02 secs] 
1769.932: [GC (Allocation Failure) [PSYoungGen: 408157K->92399K(465920K)] 1023426K->707941K(1345536K), 0.0132451 secs] [Times: user=0.03 sys=0.00, real=0.01 secs] 
1771.765: [GC (Allocation Failure) [PSYoungGen: 325359K->37649K(465920K)] 940901K->653509K(1345536K), 0.0071519 secs] [Times: user=0.02 sys=0.00, real=0.01 secs] 
1772.062: [GC (Allocation Failure) [PSYoungGen: 270609K->184462K(465920K)] 886469K->801704K(1345536K), 0.0205251 secs] [Times: user=0.03 sys=0.00, real=0.02 secs] 
1772.346: [GC (Allocation Failure) [PSYoungGen: 417422K->184590K(465920K)] 1034664K->801977K(1345536K), 0.0202208 secs] [Times: user=0.03 sys=0.00, real=0.02 secs] 
1774.841: [GC (Allocation Failure) [PSYoungGen: 407649K->92142K(465920K)] 1025036K->709794K(1345536K), 0.0201442 secs] [Times: user=0.04 sys=0.00, real=0.02 secs] 
1775.827: [GC (Allocation Failure) [PSYoungGen: 325102K->38005K(465920K)] 942754K->655971K(1345536K), 0.0056043 secs] [Times: user=0.01 sys=0.00, real=0.01 secs] 
1776.095: [GC (Allocation Failure) [PSYoungGen: 270965K->184462K(465920K)] 888931K->803673K(1345536K), 0.0204403 secs] [Times: user=0.03 sys=0.00, real=0.02 secs] 
1776.434: [GC (Allocation Failure) [PSYoungGen: 417422K->184301K(465920K)] 1036633K->803785K(1345536K), 0.0202428 secs] [Times: user=0.03 sys=0.00, real=0.02 secs] 
1777.794: [GC (Allocation Failure) [PSYoungGen: 409350K->91918K(465920K)] 1028834K->711795K(1345536K), 0.0193386 secs] [Times: user=0.04 sys=0.00, real=0.02 secs] 
1779.843: [GC (Allocation Failure) [PSYoungGen: 324878K->37748K(465920K)] 944755K->657805K(1345536K), 0.0074809 secs] [Times: user=0.02 sys=0.00, real=0.01 secs] 
1780.149: [GC (Allocation Failure) [PSYoungGen: 270708K->184687K(465920K)] 890765K->805998K(1345536K), 0.0204736 secs] [Times: user=0.03 sys=0.00, real=0.02 secs] 
1780.437: [GC (Allocation Failure) [PSYoungGen: 417647K->184430K(465920K)] 1038958K->806014K(1345536K), 0.0202203 secs] [Times: user=0.03 sys=0.00, real=0.02 secs] 
1781.106: [GC (Allocation Failure) [PSYoungGen: 406888K->91853K(465920K)] 1028472K->713702K(1345536K), 0.0112442 secs] [Times: user=0.02 sys=0.00, real=0.01 secs] 
1782.051: [GC (Allocation Failure) [PSYoungGen: 324813K->38034K(465920K)] 946662K->660191K(1345536K), 0.0058418 secs] [Times: user=0.01 sys=0.00, real=0.00 secs] 
1782.321: [GC (Allocation Failure) [PSYoungGen: 270994K->184687K(465920K)] 893151K->808097K(1345536K), 0.0204884 secs] [Times: user=0.03 sys=0.00, real=0.02 secs] 
1782.604: [GC (Allocation Failure) [PSYoungGen: 417647K->184398K(465920K)] 1041057K->808081K(1345536K), 0.0202481 secs] [Times: user=0.03 sys=0.00, real=0.02 secs] 
1783.718: [GC (Allocation Failure) [PSYoungGen: 406871K->91564K(465920K)] 1030555K->715521K(1345536K), 0.0262270 secs] [Times: user=0.06 sys=0.00, real=0.03 secs] 
1785.302: [GC (Allocation Failure) [PSYoungGen: 324524K->38005K(465920K)] 948481K->662278K(1345536K), 0.0065294 secs] [Times: user=0.02 sys=0.00, real=0.01 secs] 
1785.579: [GC (Allocation Failure) [PSYoungGen: 270965K->184751K(465920K)] 895238K->810389K(1345536K), 0.0204891 secs] [Times: user=0.03 sys=0.00, real=0.02 secs] 
1785.913: [GC (Allocation Failure) [PSYoungGen: 417711K->184687K(465920K)] 1043349K->810470K(1345536K), 0.0201849 secs] [Times: user=0.02 sys=0.01, real=0.02 secs] 
1787.147: [GC (Allocation Failure) [PSYoungGen: 407238K->91339K(465920K)] 1033021K->717387K(1345536K), 0.0146567 secs] [Times: user=0.03 sys=0.00, real=0.02 secs] 
1789.104: [GC (Allocation Failure) [PSYoungGen: 324299K->37491K(465920K)] 950347K->663855K(1345536K), 0.0069512 secs] [Times: user=0.02 sys=0.00, real=0.01 secs] 
1789.462: [GC (Allocation Failure) [PSYoungGen: 270451K->184719K(465920K)] 896815K->812337K(1345536K), 0.0207057 secs] [Times: user=0.02 sys=0.00, real=0.02 secs] 
1789.747: [GC (Allocation Failure) [PSYoungGen: 417679K->184751K(465920K)] 1045297K->812642K(1345536K), 0.0202062 secs] [Times: user=0.03 sys=0.00, real=0.02 secs] 
1790.387: [GC (Allocation Failure) [PSYoungGen: 407560K->91821K(465920K)] 1035450K->720001K(1345536K), 0.0118357 secs] [Times: user=0.02 sys=0.00, real=0.02 secs] 
1791.293: [GC (Allocation Failure) [PSYoungGen: 324781K->38002K(465920K)] 952961K->666496K(1345536K), 0.0065167 secs] [Times: user=0.01 sys=0.00, real=0.01 secs] 
1791.634: [GC (Allocation Failure) [PSYoungGen: 270962K->183819K(465920K)] 899456K->813550K(1345536K), 0.0205548 secs] [Times: user=0.03 sys=0.00, real=0.02 secs] 
1791.919: [GC (Allocation Failure) [PSYoungGen: 416779K->184719K(465920K)] 1046510K->814731K(1345536K), 0.0206486 secs] [Times: user=0.03 sys=0.01, real=0.02 secs] 
1792.528: [GC (Allocation Failure) [PSYoungGen: 410144K->92207K(465920K)] 1040157K->722484K(1345536K), 0.0123569 secs] [Times: user=0.02 sys=0.00, real=0.02 secs] 
1793.334: [GC (Allocation Failure) [PSYoungGen: 325167K->38005K(465920K)] 955444K->668583K(1345536K), 0.0056477 secs] [Times: user=0.02 sys=0.00, real=0.01 secs] 
1793.664: [GC (Allocation Failure) [PSYoungGen: 270965K->184719K(465920K)] 901543K->816550K(1345536K), 0.0204842 secs] [Times: user=0.03 sys=0.00, real=0.02 secs] 
1794.004: [GC (Allocation Failure) [PSYoungGen: 417679K->184462K(465920K)] 1049510K->816574K(1345536K), 0.0203766 secs] [Times: user=0.03 sys=0.00, real=0.02 secs] 
1795.199: [GC (Allocation Failure) [PSYoungGen: 406938K->91628K(465920K)] 1039050K->724005K(1345536K), 0.0132571 secs] [Times: user=0.03 sys=0.00, real=0.01 secs] 
1796.892: [GC (Allocation Failure) [PSYoungGen: 324588K->37716K(465920K)] 956965K->670401K(1345536K), 0.0066495 secs] [Times: user=0.01 sys=0.00, real=0.01 secs] 
1797.181: [GC (Allocation Failure) [PSYoungGen: 270676K->184719K(465920K)] 903361K->818778K(1345536K), 0.0205105 secs] [Times: user=0.03 sys=0.00, real=0.02 secs] 
1797.464: [GC (Allocation Failure) [PSYoungGen: 417679K->184655K(465920K)] 1051738K->818859K(1345536K), 0.0203006 secs] [Times: user=0.03 sys=0.00, real=0.02 secs] 
1798.155: [GC (Allocation Failure) [PSYoungGen: 407205K->91564K(465920K)] 1041409K->726033K(1345536K), 0.0099829 secs] [Times: user=0.02 sys=0.00, real=0.01 secs] 
1799.054: [GC (Allocation Failure) [PSYoungGen: 324524K->38034K(465920K)] 958993K->672819K(1345536K), 0.0057012 secs] [Times: user=0.02 sys=0.00, real=0.01 secs] 
1799.324: [GC (Allocation Failure) [PSYoungGen: 270994K->184719K(465920K)] 905779K->820886K(1345536K), 0.0204822 secs] [Times: user=0.02 sys=0.00, real=0.02 secs] 
1799.607: [GC (Allocation Failure) [PSYoungGen: 417679K->184719K(465920K)] 1053846K->821030K(1345536K), 0.0203090 secs] [Times: user=0.03 sys=0.00, real=0.02 secs] 
1801.024: [GC (Allocation Failure) [PSYoungGen: 407303K->91355K(465920K)] 1043615K->727932K(1345536K), 0.0256915 secs] [Times: user=0.05 sys=0.00, real=0.03 secs] 
1802.774: [GC (Allocation Failure) [PSYoungGen: 324315K->37748K(465920K)] 960892K->674643K(1345536K), 0.0069809 secs] [Times: user=0.01 sys=0.00, real=0.01 secs] 
1803.065: [GC (Allocation Failure) [PSYoungGen: 270708K->183819K(465920K)] 907603K->821967K(1345536K), 0.0205567 secs] [Times: user=0.03 sys=0.00, real=0.02 secs] 
1803.357: [GC (Allocation Failure) [PSYoungGen: 416779K->184430K(465920K)] 1054927K->822851K(1345536K), 0.0202582 secs] [Times: user=0.03 sys=0.00, real=0.02 secs] 
1805.231: [GC (Allocation Failure) [PSYoungGen: 409660K->92785K(465920K)] 1048082K->731471K(1345536K), 0.0194882 secs] [Times: user=0.04 sys=0.00, real=0.02 secs] 
1806.250: [GC (Allocation Failure) [PSYoungGen: 325745K->37973K(465920K)] 964431K->676981K(1345536K), 0.0058281 secs] [Times: user=0.01 sys=0.00, real=0.00 secs] 
1806.583: [GC (Allocation Failure) [PSYoungGen: 270933K->184687K(465920K)] 909941K->824941K(1345536K), 0.0204937 secs] [Times: user=0.03 sys=0.00, real=0.02 secs] 
1806.867: [GC (Allocation Failure) [PSYoungGen: 417647K->184719K(465920K)] 1057901K->825382K(1345536K), 0.0206254 secs] [Times: user=0.03 sys=0.00, real=0.02 secs] 
1808.613: [GC (Allocation Failure) [PSYoungGen: 407160K->91371K(465920K)] 1047823K->732299K(1345536K), 0.0213277 secs] [Times: user=0.04 sys=0.00, real=0.02 secs] 
1810.999: [GC (Allocation Failure) [PSYoungGen: 324331K->37748K(465920K)] 965259K->678864K(1345536K), 0.0086972 secs] [Times: user=0.02 sys=0.00, real=0.00 secs] 
1811.395: [GC (Allocation Failure) [PSYoungGen: 270708K->183787K(465920K)] 911824K->826148K(1345536K), 0.0203387 secs] [Times: user=0.03 sys=0.00, real=0.02 secs] 
1811.683: [GC (Allocation Failure) [PSYoungGen: 416747K->184430K(465920K)] 1059108K->827064K(1345536K), 0.0204610 secs] [Times: user=0.03 sys=0.00, real=0.02 secs] 
1812.794: [GC (Allocation Failure) [PSYoungGen: 409642K->92721K(465920K)] 1052276K->735620K(1345536K), 0.0151061 secs] [Times: user=0.03 sys=0.00, real=0.02 secs] 
1814.317: [GC (Allocation Failure) [PSYoungGen: 325681K->37491K(465920K)] 968580K->680693K(1345536K), 0.0065649 secs] [Times: user=0.02 sys=0.00, real=0.01 secs] 
1814.595: [GC (Allocation Failure) [PSYoungGen: 270451K->184687K(465920K)] 913653K->829134K(1345536K), 0.0205341 secs] [Times: user=0.03 sys=0.00, real=0.02 secs] 
1814.878: [GC (Allocation Failure) [PSYoungGen: 417647K->184687K(465920K)] 1062094K->829527K(1345536K), 0.0204598 secs] [Times: user=0.03 sys=0.00, real=0.02 secs] 
1815.775: [GC (Allocation Failure) [PSYoungGen: 409690K->91789K(465920K)] 1054531K->736895K(1345536K), 0.0116086 secs] [Times: user=0.02 sys=0.00, real=0.01 secs] 
1817.365: [GC (Allocation Failure) [PSYoungGen: 324749K->37488K(465920K)] 969855K->682771K(1345536K), 0.0085697 secs] [Times: user=0.02 sys=0.00, real=0.01 secs] 
1817.688: [GC (Allocation Failure) [PSYoungGen: 270448K->184301K(465920K)] 915731K->830830K(1345536K), 0.0203324 secs] [Times: user=0.03 sys=0.00, real=0.02 secs] 
1818.033: [GC (Allocation Failure) [PSYoungGen: 417261K->183626K(465920K)] 1063790K->830436K(1345536K), 0.0203416 secs] [Times: user=0.02 sys=0.00, real=0.02 secs] 
1819.041: [GC (Allocation Failure) [PSYoungGen: 410634K->93299K(465920K)] 1057443K->740373K(1345536K), 0.0130642 secs] [Times: user=0.03 sys=0.00, real=0.01 secs] 
1820.940: [GC (Allocation Failure) [PSYoungGen: 326259K->37780K(465920K)] 973333K->685168K(1345536K), 0.0069337 secs] [Times: user=0.01 sys=0.01, real=0.00 secs] 
1821.231: [GC (Allocation Failure) [PSYoungGen: 270740K->184815K(465920K)] 918128K->833457K(1345536K), 0.0202719 secs] [Times: user=0.03 sys=0.00, real=0.02 secs] 
1821.519: [GC (Allocation Failure) [PSYoungGen: 417775K->184655K(465920K)] 1066417K->833570K(1345536K), 0.0203126 secs] [Times: user=0.03 sys=0.00, real=0.02 secs] 
1824.451: [GC (Allocation Failure) [PSYoungGen: 407121K->91467K(465920K)] 1056036K->740648K(1345536K), 0.0202194 secs] [Times: user=0.04 sys=0.00, real=0.02 secs] 
1825.703: [GC (Allocation Failure) [PSYoungGen: 324427K->37877K(465920K)] 973608K->687354K(1345536K), 0.0068315 secs] [Times: user=0.01 sys=0.00, real=0.01 secs] 
1825.985: [GC (Allocation Failure) [PSYoungGen: 270837K->184430K(465920K)] 920314K->835145K(1345536K), 0.0203684 secs] [Times: user=0.03 sys=0.00, real=0.02 secs] 
1826.268: [GC (Allocation Failure) [PSYoungGen: 417390K->184558K(465920K)] 1068105K->835547K(1345536K), 0.0202407 secs] [Times: user=0.03 sys=0.00, real=0.02 secs] 
1826.977: [GC (Allocation Failure) [PSYoungGen: 407102K->91885K(465920K)] 1058091K->743139K(1345536K), 0.0118363 secs] [Times: user=0.02 sys=0.01, real=0.02 secs] 
1827.965: [GC (Allocation Failure) [PSYoungGen: 324845K->37877K(465920K)] 976099K->689430K(1345536K), 0.0064555 secs] [Times: user=0.02 sys=0.00, real=0.01 secs] 
1828.309: [GC (Allocation Failure) [PSYoungGen: 270837K->184430K(465920K)] 922390K->837357K(1345536K), 0.0205375 secs] [Times: user=0.03 sys=0.00, real=0.02 secs] 
1828.650: [GC (Allocation Failure) [PSYoungGen: 417390K->184558K(465920K)] 1070317K->837638K(1345536K), 0.0203551 secs] [Times: user=0.03 sys=0.00, real=0.02 secs] 
1829.682: [GC (Allocation Failure) [PSYoungGen: 407105K->91853K(465920K)] 1060185K->745206K(1345536K), 0.0148438 secs] [Times: user=0.03 sys=0.00, real=0.01 secs] 
1831.268: [GC (Allocation Failure) [PSYoungGen: 324813K->37491K(465920K)] 978166K->691160K(1345536K), 0.0064467 secs] [Times: user=0.02 sys=0.00, real=0.01 secs] 
1831.550: [GC (Allocation Failure) [PSYoungGen: 270451K->184687K(465920K)] 924120K->839609K(1345536K), 0.0204262 secs] [Times: user=0.02 sys=0.00, real=0.02 secs] 
1831.842: [GC (Allocation Failure) [PSYoungGen: 417647K->184012K(465920K)] 1072569K->839208K(1345536K), 0.0202359 secs] [Times: user=0.03 sys=0.00, real=0.02 secs] 
1833.060: [GC (Allocation Failure) [PSYoungGen: 407993K->92496K(465920K)] 1063189K->747956K(1345536K), 0.0243286 secs] [Times: user=0.05 sys=0.00, real=0.02 secs] 
1833.982: [GC (Allocation Failure) [PSYoungGen: 325456K->38166K(465920K)] 980916K->693934K(1345536K), 0.0065737 secs] [Times: user=0.02 sys=0.00, real=0.01 secs] 
1834.323: [GC (Allocation Failure) [PSYoungGen: 271126K->184462K(465920K)] 926894K->841476K(1345536K), 0.0205010 secs] [Times: user=0.03 sys=0.00, real=0.02 secs] 
1834.605: [GC (Allocation Failure) [PSYoungGen: 417422K->184269K(465920K)] 1074436K->841556K(1345536K), 0.0202864 secs] [Times: user=0.03 sys=0.00, real=0.02 secs] 
1835.220: [GC (Allocation Failure) [PSYoungGen: 404700K->91901K(465920K)] 1061987K->749590K(1345536K), 0.0118956 secs] [Times: user=0.03 sys=0.00, real=0.01 secs] 
1836.021: [GC (Allocation Failure) [PSYoungGen: 324861K->38034K(465920K)] 982550K->695896K(1345536K), 0.0056069 secs] [Times: user=0.01 sys=0.00, real=0.00 secs] 
1836.289: [GC (Allocation Failure) [PSYoungGen: 270994K->184687K(465920K)] 928856K->843802K(1345536K), 0.0204418 secs] [Times: user=0.03 sys=0.00, real=0.02 secs] 
1836.635: [GC (Allocation Failure) [PSYoungGen: 417647K->186454K(465920K)] 1076762K->845851K(1345536K), 0.0203821 secs] [Times: user=0.03 sys=0.00, real=0.02 secs] 
1838.612: [GC (Allocation Failure) [PSYoungGen: 403715K->89540K(465920K)] 1063111K->749209K(1345536K), 0.0165423 secs] [Times: user=0.03 sys=0.00, real=0.01 secs] 
1840.583: [GC (Allocation Failure) [PSYoungGen: 322500K->37777K(465920K)] 982169K->697757K(1345536K), 0.0078115 secs] [Times: user=0.02 sys=0.00, real=0.01 secs] 
1840.967: [GC (Allocation Failure) [PSYoungGen: 270737K->184173K(465920K)] 930717K->845535K(1345536K), 0.0205297 secs] [Times: user=0.03 sys=0.00, real=0.02 secs] 
1841.248: [GC (Allocation Failure) [PSYoungGen: 417133K->184590K(465920K)] 1078495K->846105K(1345536K), 0.0204671 secs] [Times: user=0.02 sys=0.01, real=0.02 secs] 
1842.194: [GC (Allocation Failure) [PSYoungGen: 409659K->92207K(465920K)] 1071174K->754123K(1345536K), 0.0132136 secs] [Times: user=0.03 sys=0.00, real=0.01 secs] 
1843.043: [GC (Allocation Failure) [PSYoungGen: 325167K->38134K(465920K)] 987083K->700237K(1345536K), 0.0056983 secs] [Times: user=0.02 sys=0.01, real=0.01 secs] 
1843.313: [GC (Allocation Failure) [PSYoungGen: 271094K->184719K(465920K)] 933197K->848076K(1345536K), 0.0202978 secs] [Times: user=0.03 sys=0.00, real=0.02 secs] 
1843.601: [GC (Allocation Failure) [PSYoungGen: 417679K->184687K(465920K)] 1081036K->848317K(1345536K), 0.0203861 secs] [Times: user=0.03 sys=0.00, real=0.02 secs] 
1845.302: [GC (Allocation Failure) [PSYoungGen: 407096K->91210K(465920K)] 1070727K->755106K(1345536K), 0.0167841 secs] [Times: user=0.04 sys=0.00, real=0.02 secs] 
1848.084: [GC (Allocation Failure) [PSYoungGen: 324170K->37748K(465920K)] 988066K->701952K(1345536K), 0.0082205 secs] [Times: user=0.02 sys=0.00, real=0.01 secs] 
1848.406: [GC (Allocation Failure) [PSYoungGen: 270708K->183787K(465920K)] 934912K->849236K(1345536K), 0.0203792 secs] [Times: user=0.03 sys=0.00, real=0.02 secs] 
1848.689: [GC (Allocation Failure) [PSYoungGen: 416747K->184462K(465920K)] 1082196K->850192K(1345536K), 0.0203278 secs] [Times: user=0.02 sys=0.00, real=0.02 secs] 
1849.809: [GC (Allocation Failure) [PSYoungGen: 409727K->92785K(465920K)] 1075457K->758780K(1345536K), 0.0147535 secs] [Times: user=0.03 sys=0.00, real=0.01 secs] 
1851.349: [GC (Allocation Failure) [PSYoungGen: 325745K->37748K(465920K)] 991740K->704051K(1345536K), 0.0066340 secs] [Times: user=0.02 sys=0.00, real=0.00 secs] 
1851.709: [GC (Allocation Failure) [PSYoungGen: 270708K->184719K(465920K)] 937011K->852276K(1345536K), 0.0204361 secs] [Times: user=0.03 sys=0.00, real=0.02 secs] 
1852.056: [GC (Allocation Failure) [PSYoungGen: 417679K->184655K(465920K)] 1085236K->852613K(1345536K), 0.0207254 secs] [Times: user=0.03 sys=0.00, real=0.02 secs] 
1852.833: [GC (Allocation Failure) [PSYoungGen: 407351K->91628K(465920K)] 1075310K->759852K(1345536K), 0.0123355 secs] [Times: user=0.02 sys=0.00, real=0.01 secs] 
1853.760: [GC (Allocation Failure) [PSYoungGen: 324588K->37877K(465920K)] 992812K->706285K(1345536K), 0.0055104 secs] [Times: user=0.01 sys=0.00, real=0.00 secs] 
1854.029: [GC (Allocation Failure) [PSYoungGen: 270837K->184687K(465920K)] 939245K->854341K(1345536K), 0.0204123 secs] [Times: user=0.03 sys=0.00, real=0.02 secs] 
1854.316: [GC (Allocation Failure) [PSYoungGen: 417647K->184687K(465920K)] 1087301K->854614K(1345536K), 0.0204042 secs] [Times: user=0.03 sys=0.00, real=0.02 secs] 
1855.456: [GC (Allocation Failure) [PSYoungGen: 407246K->91435K(465920K)] 1077174K->761628K(1345536K), 0.0248160 secs] [Times: user=0.05 sys=0.00, real=0.03 secs] 
1857.377: [GC (Allocation Failure) [PSYoungGen: 324395K->37877K(465920K)] 994588K->708369K(1345536K), 0.0076172 secs] [Times: user=0.02 sys=0.00, real=0.01 secs] 
1857.684: [GC (Allocation Failure) [PSYoungGen: 270837K->184719K(465920K)] 941329K->856457K(1345536K), 0.0202975 secs] [Times: user=0.03 sys=0.00, real=0.02 secs] 
1858.028: [GC (Allocation Failure) [PSYoungGen: 417679K->184655K(465920K)] 1089417K->856674K(1345536K), 0.0204327 secs] [Times: user=0.03 sys=0.01, real=0.02 secs] 
1859.399: [GC (Allocation Failure) [PSYoungGen: 407210K->91467K(465920K)] 1079229K->763752K(1345536K), 0.0199252 secs] [Times: user=0.04 sys=0.00, real=0.02 secs] 
1861.487: [GC (Allocation Failure) [PSYoungGen: 324427K->37649K(465920K)] 996712K->710249K(1345536K), 0.0072752 secs] [Times: user=0.02 sys=0.00, real=0.01 secs] 
1861.791: [GC (Allocation Failure) [PSYoungGen: 270609K->184687K(465920K)] 943209K->858549K(1345536K), 0.0211453 secs] [Times: user=0.03 sys=0.00, real=0.02 secs] 
1862.082: [GC (Allocation Failure) [PSYoungGen: 417647K->184655K(465920K)] 1091509K->858790K(1345536K), 0.0205484 secs] [Times: user=0.03 sys=0.00, real=0.02 secs] 
1863.425: [GC (Allocation Failure) [PSYoungGen: 407466K->91741K(465920K)] 1081601K->766141K(1345536K), 0.0201560 secs] [Times: user=0.04 sys=0.00, real=0.02 secs] 
1864.523: [GC (Allocation Failure) [PSYoungGen: 324701K->38002K(465920K)] 999101K->712704K(1345536K), 0.0066119 secs] [Times: user=0.01 sys=0.00, real=0.01 secs] 
1864.798: [GC (Allocation Failure) [PSYoungGen: 270962K->184719K(465920K)] 945664K->860666K(1345536K), 0.0205640 secs] [Times: user=0.03 sys=0.00, real=0.03 secs] 
1865.081: [GC (Allocation Failure) [PSYoungGen: 417679K->184687K(465920K)] 1093626K->860915K(1345536K), 0.0206250 secs] [Times: user=0.03 sys=0.00, real=0.02 secs] 
1866.803: [GC (Allocation Failure) [PSYoungGen: 407242K->91371K(465920K)] 1083471K->767865K(1345536K), 0.0150600 secs] [Times: user=0.03 sys=0.00, real=0.01 secs] 
1868.245: [GC (Allocation Failure) [PSYoungGen: 324331K->37716K(465920K)] 1000825K->714512K(1345536K), 0.0077609 secs] [Times: user=0.02 sys=0.00, real=0.01 secs] 
1868.547: [GC (Allocation Failure) [PSYoungGen: 270676K->183916K(465920K)] 947472K->861965K(1345536K), 0.0204600 secs] [Times: user=0.03 sys=0.00, real=0.02 secs] 
1868.835: [GC (Allocation Failure) [PSYoungGen: 416876K->184462K(465920K)] 1094925K->862784K(1345536K), 0.0204056 secs] [Times: user=0.02 sys=0.00, real=0.02 secs] 
1870.017: [GC (Allocation Failure) [PSYoungGen: 409819K->92656K(465920K)] 1088141K->771244K(1345536K), 0.0148924 secs] [Times: user=0.03 sys=0.00, real=0.02 secs] 
1871.318: [GC (Allocation Failure) [PSYoungGen: 325616K->38131K(465920K)] 1004204K->717043K(1345536K), 0.0055929 secs] [Times: user=0.01 sys=0.00, real=0.01 secs] 
1871.650: [GC (Allocation Failure) [PSYoungGen: 271091K->184719K(465920K)] 950003K->865012K(1345536K), 0.0205303 secs] [Times: user=0.03 sys=0.00, real=0.02 secs] 
1871.936: [GC (Allocation Failure) [PSYoungGen: 417679K->184719K(465920K)] 1097972K->865278K(1345536K), 0.0202353 secs] [Times: user=0.03 sys=0.00, real=0.02 secs] 
1873.514: [GC (Allocation Failure) [PSYoungGen: 407159K->91210K(465920K)] 1087717K->772034K(1345536K), 0.0208152 secs] [Times: user=0.04 sys=0.00, real=0.02 secs] 
1875.325: [GC (Allocation Failure) [PSYoungGen: 324170K->37874K(465920K)] 1004994K->718877K(1345536K), 0.0070388 secs] [Times: user=0.01 sys=0.00, real=0.01 secs] 
1875.694: [GC (Allocation Failure) [PSYoungGen: 270834K->183948K(465920K)] 951837K->866197K(1345536K), 0.0203991 secs] [Times: user=0.03 sys=0.00, real=0.02 secs] 
1876.037: [GC (Allocation Failure) [PSYoungGen: 416908K->184462K(465920K)] 1099157K->867112K(1345536K), 0.0204948 secs] [Times: user=0.03 sys=0.00, real=0.02 secs] 
1876.738: [GC (Allocation Failure) [PSYoungGen: 409690K->92464K(465920K)] 1092341K->775251K(1345536K), 0.0127011 secs] [Times: user=0.03 sys=0.00, real=0.02 secs] 
1877.689: [GC (Allocation Failure) [PSYoungGen: 325424K->37973K(465920K)] 1008211K->721070K(1345536K), 0.0067395 secs] [Times: user=0.02 sys=0.00, real=0.00 secs] 
1878.032: [GC (Allocation Failure) [PSYoungGen: 270933K->184205K(465920K)] 954030K->868539K(1345536K), 0.0206254 secs] [Times: user=0.02 sys=0.00, real=0.02 secs] 
1878.315: [GC (Allocation Failure) [PSYoungGen: 417165K->184526K(465920K)] 1101499K->869134K(1345536K), 0.0202802 secs] [Times: user=0.02 sys=0.00, real=0.02 secs] 
1879.929: [GC (Allocation Failure) [PSYoungGen: 407614K->91950K(465920K)] 1092222K->776823K(1345536K), 0.0204101 secs] [Times: user=0.04 sys=0.00, real=0.02 secs] 
1882.340: [GC (Allocation Failure) [PSYoungGen: 324910K->37906K(465920K)] 1009783K->723079K(1345536K), 0.0086120 secs] [Times: user=0.02 sys=0.00, real=0.01 secs] 
1882.665: [GC (Allocation Failure) [PSYoungGen: 270866K->184430K(465920K)] 956039K->870977K(1345536K), 0.0207448 secs] [Times: user=0.02 sys=0.00, real=0.02 secs] 
1882.948: [GC (Allocation Failure) [PSYoungGen: 417390K->184526K(465920K)] 1103937K->871226K(1345536K), 0.0204786 secs] [Times: user=0.03 sys=0.00, real=0.03 secs] 
1883.602: [GC (Allocation Failure) [PSYoungGen: 407065K->91821K(465920K)] 1093764K->778794K(1345536K), 0.0108838 secs] [Times: user=0.02 sys=0.00, real=0.01 secs] 
1884.489: [GC (Allocation Failure) [PSYoungGen: 324781K->37877K(465920K)] 1011754K->725159K(1345536K), 0.0065846 secs] [Times: user=0.02 sys=0.00, real=0.00 secs] 
1884.767: [GC (Allocation Failure) [PSYoungGen: 270837K->184430K(465920K)] 958119K->872966K(1345536K), 0.0205701 secs] [Times: user=0.02 sys=0.00, real=0.02 secs] 
1885.055: [GC (Allocation Failure) [PSYoungGen: 417390K->184526K(465920K)] 1105926K->873336K(1345536K), 0.0205277 secs] [Times: user=0.03 sys=0.00, real=0.02 secs] 
1887.805: [GC (Allocation Failure) [PSYoungGen: 407579K->91789K(465920K)] 1096389K->780864K(1345536K), 0.0176229 secs] [Times: user=0.03 sys=0.01, real=0.02 secs] 
1889.469: [GC (Allocation Failure) [PSYoungGen: 324749K->37777K(465920K)] 1013824K->727178K(1345536K), 0.0080845 secs] [Times: user=0.02 sys=0.00, real=0.00 secs] 
1889.788: [GC (Allocation Failure) [PSYoungGen: 270737K->184462K(465920K)] 960138K->875108K(1345536K), 0.0205089 secs] [Times: user=0.03 sys=0.00, real=0.02 secs] 
1890.076: [GC (Allocation Failure) [PSYoungGen: 417422K->184526K(465920K)] 1108068K->875453K(1345536K), 0.0204809 secs] [Times: user=0.02 sys=0.00, real=0.02 secs] 
1891.269: [GC (Allocation Failure) [PSYoungGen: 407579K->91950K(465920K)] 1098506K->783142K(1345536K), 0.0197632 secs] [Times: user=0.04 sys=0.00, real=0.02 secs] 
1892.137: [GC (Allocation Failure) [PSYoungGen: 324910K->38163K(465920K)] 1016102K->729663K(1345536K), 0.0059683 secs] [Times: user=0.01 sys=0.00, real=0.01 secs] 
1892.410: [GC (Allocation Failure) [PSYoungGen: 271123K->184462K(465920K)] 962623K->877207K(1345536K), 0.0207204 secs] [Times: user=0.03 sys=0.00, real=0.02 secs] 
1892.698: [GC (Allocation Failure) [PSYoungGen: 417422K->184301K(465920K)] 1110167K->877328K(1345536K), 0.0203717 secs] [Times: user=0.03 sys=0.00, real=0.02 secs] 
1893.762: [GC (Allocation Failure) [PSYoungGen: 409348K->91853K(465920K)] 1102375K->785273K(1345536K), 0.0124002 secs] [Times: user=0.03 sys=0.00, real=0.01 secs] 
1894.950: [GC (Allocation Failure) [PSYoungGen: 324813K->37748K(465920K)] 1018233K->731342K(1345536K), 0.0058528 secs] [Times: user=0.01 sys=0.00, real=0.00 secs] 
1895.219: [GC (Allocation Failure) [PSYoungGen: 270708K->184687K(465920K)] 964302K->879663K(1345536K), 0.0207508 secs] [Times: user=0.02 sys=0.00, real=0.02 secs] 
1895.501: [GC (Allocation Failure) [PSYoungGen: 417647K->184590K(465920K)] 1112623K->879711K(1345536K), 0.0204844 secs] [Times: user=0.03 sys=0.00, real=0.02 secs] 
1896.154: [GC (Allocation Failure) [PSYoungGen: 406882K->91773K(465920K)] 1102002K->787287K(1345536K), 0.0108813 secs] [Times: user=0.02 sys=0.00, real=0.01 secs] 
1896.941: [GC (Allocation Failure) [PSYoungGen: 324733K->37877K(465920K)] 1020247K->733580K(1345536K), 0.0056239 secs] [Times: user=0.02 sys=0.00, real=0.00 secs] 
1897.266: [GC (Allocation Failure) [PSYoungGen: 270837K->183690K(465920K)] 966540K->880639K(1345536K), 0.0209358 secs] [Times: user=0.03 sys=0.00, real=0.02 secs] 
1897.603: [GC (Allocation Failure) [PSYoungGen: 416650K->184719K(465920K)] 1113599K->881949K(1345536K), 0.0203993 secs] [Times: user=0.03 sys=0.00, real=0.02 secs] 
1899.603: [GC (Allocation Failure) [PSYoungGen: 410107K->92464K(465920K)] 1107337K->790087K(1345536K), 0.0193965 secs] [Times: user=0.04 sys=0.00, real=0.02 secs] 
1900.826: [GC (Allocation Failure) [PSYoungGen: 325424K->37906K(465920K)] 1023047K->735719K(1345536K), 0.0056436 secs] [Times: user=0.02 sys=0.00, real=0.01 secs] 
1901.093: [GC (Allocation Failure) [PSYoungGen: 270866K->184076K(465920K)] 968679K->883143K(1345536K), 0.0219368 secs] [Times: user=0.03 sys=0.00, real=0.02 secs] 
1901.447: [GC (Allocation Failure) [PSYoungGen: 417036K->184590K(465920K)] 1116103K->884058K(1345536K), 0.0203878 secs] [Times: user=0.03 sys=0.00, real=0.02 secs] 
1902.738: [GC (Allocation Failure) [PSYoungGen: 409640K->92239K(465920K)] 1109109K->791972K(1345536K), 0.0192402 secs] [Times: user=0.04 sys=0.00, real=0.02 secs] 
1904.002: [GC (Allocation Failure) [PSYoungGen: 325199K->37877K(465920K)] 1024932K->737789K(1345536K), 0.0066195 secs] [Times: user=0.02 sys=0.00, real=0.01 secs] 
1904.278: [GC (Allocation Failure) [PSYoungGen: 270837K->184687K(465920K)] 970749K->885853K(1345536K), 0.0208416 secs] [Times: user=0.02 sys=0.00, real=0.03 secs] 
1904.562: [GC (Allocation Failure) [PSYoungGen: 417647K->184687K(465920K)] 1118813K->886134K(1345536K), 0.0204389 secs] [Times: user=0.02 sys=0.00, real=0.02 secs] 
1906.646: [GC (Allocation Failure) [PSYoungGen: 407255K->91467K(465920K)] 1108703K->793180K(1345536K), 0.0133016 secs] [Times: user=0.03 sys=0.00, real=0.02 secs] 
1908.521: [GC (Allocation Failure) [PSYoungGen: 324427K->37620K(465920K)] 1026140K->739642K(1345536K), 0.0080153 secs] [Times: user=0.02 sys=0.00, real=0.01 secs] 
1908.834: [GC (Allocation Failure) [PSYoungGen: 270580K->183948K(465920K)] 972602K->887224K(1345536K), 0.0207617 secs] [Times: user=0.03 sys=0.00, real=0.02 secs] 
1909.117: [GC (Allocation Failure) [PSYoungGen: 416908K->184398K(465920K)] 1120184K->887947K(1345536K), 0.0203549 secs] [Times: user=0.02 sys=0.00, real=0.02 secs] 
1911.182: [GC (Allocation Failure) [PSYoungGen: 409633K->92769K(465920K)] 1113183K->796591K(1345536K), 0.0250873 secs] [Times: user=0.05 sys=0.00, real=0.02 secs] 
1912.117: [GC (Allocation Failure) [PSYoungGen: 325729K->38034K(465920K)] 1029551K->742183K(1345536K), 0.0055528 secs] [Times: user=0.01 sys=0.00, real=0.01 secs] 
1912.386: [GC (Allocation Failure) [PSYoungGen: 270994K->183948K(465920K)] 975143K->889333K(1345536K), 0.0208006 secs] [Times: user=0.03 sys=0.00, real=0.02 secs] 
1912.672: [GC (Allocation Failure) [PSYoungGen: 416908K->184815K(465920K)] 1122293K->890474K(1345536K), 0.0205215 secs] [Times: user=0.03 sys=0.00, real=0.02 secs] 
1913.290: [GC (Allocation Failure) [PSYoungGen: 408026K->91950K(465920K)] 1113685K->797874K(1345536K), 0.0110578 secs] [Times: user=0.02 sys=0.00, real=0.01 secs] 
1914.120: [GC (Allocation Failure) [PSYoungGen: 324910K->37845K(465920K)] 1030834K->744068K(1345536K), 0.0056988 secs] [Times: user=0.01 sys=0.00, real=0.00 secs] 
1914.447: [GC (Allocation Failure) [PSYoungGen: 270805K->184301K(465920K)] 977028K->891899K(1345536K), 0.0206319 secs] [Times: user=0.03 sys=0.00, real=0.02 secs] 
1914.734: [GC (Allocation Failure) [PSYoungGen: 417261K->184205K(465920K)] 1124859K->891947K(1345536K), 0.0203997 secs] [Times: user=0.02 sys=0.00, real=0.02 secs] 
1915.565: [GC (Allocation Failure) [PSYoungGen: 409135K->92335K(465920K)] 1116878K->800343K(1345536K), 0.0120222 secs] [Times: user=0.03 sys=0.00, real=0.01 secs] 
1917.914: [GC (Allocation Failure) [PSYoungGen: 325295K->37906K(465920K)] 1033303K->746233K(1345536K), 0.0080052 secs] [Times: user=0.02 sys=0.00, real=0.01 secs] 
1918.231: [GC (Allocation Failure) [PSYoungGen: 270866K->184430K(465920K)] 979193K->894011K(1345536K), 0.0205906 secs] [Times: user=0.02 sys=0.01, real=0.02 secs] 
1918.517: [GC (Allocation Failure) [PSYoungGen: 417390K->184333K(465920K)] 1126971K->894187K(1345536K), 0.0204211 secs] [Times: user=0.03 sys=0.00, real=0.02 secs] 
1920.358: [GC (Allocation Failure) [PSYoungGen: 409393K->92158K(465920K)] 1119247K->802406K(1345536K), 0.0134314 secs] [Times: user=0.02 sys=0.00, real=0.01 secs] 
1921.242: [GC (Allocation Failure) [PSYoungGen: 325118K->38034K(465920K)] 1035366K->748475K(1345536K), 0.0056919 secs] [Times: user=0.02 sys=0.00, real=0.00 secs] 
1921.509: [GC (Allocation Failure) [PSYoungGen: 270994K->184205K(465920K)] 981435K->895891K(1345536K), 0.0205415 secs] [Times: user=0.02 sys=0.01, real=0.02 secs] 
1921.805: [GC (Allocation Failure) [PSYoungGen: 417165K->184526K(465920K)] 1128851K->896606K(1345536K), 0.0202189 secs] [Times: user=0.03 sys=0.00, real=0.02 secs] 
1924.803: [GC (Allocation Failure) [PSYoungGen: 409707K->91982K(465920K)] 1121787K->804198K(1345536K), 0.0166387 secs] [Times: user=0.04 sys=0.00, real=0.02 secs] 
1926.096: [GC (Allocation Failure) [PSYoungGen: 324942K->37748K(465920K)] 1037158K->750280K(1345536K), 0.0057200 secs] [Times: user=0.02 sys=0.00, real=0.01 secs] 
1926.365: [GC (Allocation Failure) [PSYoungGen: 270708K->184847K(465920K)] 983240K->898625K(1345536K), 0.0207265 secs] [Times: user=0.02 sys=0.00, real=0.02 secs] 
1926.648: [GC (Allocation Failure) [PSYoungGen: 417807K->184655K(465920K)] 1131585K->898834K(1345536K), 0.0205222 secs] [Times: user=0.03 sys=0.00, real=0.02 secs] 
1927.864: [GC (Allocation Failure) [PSYoungGen: 407190K->91467K(465920K)] 1121369K->805784K(1345536K), 0.0163757 secs] [Times: user=0.03 sys=0.00, real=0.02 secs] 
1929.556: [GC (Allocation Failure) [PSYoungGen: 324427K->37777K(465920K)] 1038744K->752403K(1345536K), 0.0066560 secs] [Times: user=0.01 sys=0.00, real=0.01 secs] 
1929.832: [GC (Allocation Failure) [PSYoungGen: 270737K->183851K(465920K)] 985363K->899723K(1345536K), 0.0205969 secs] [Times: user=0.02 sys=0.00, real=0.02 secs] 
1930.115: [GC (Allocation Failure) [PSYoungGen: 416811K->184687K(465920K)] 1132683K->900847K(1345536K), 0.0202827 secs] [Times: user=0.03 sys=0.00, real=0.02 secs] 
1931.242: [GC (Allocation Failure) [PSYoungGen: 408464K->92464K(465920K)] 1124624K->808898K(1345536K), 0.0122125 secs] [Times: user=0.02 sys=0.00, real=0.01 secs] 
1932.385: [GC (Allocation Failure) [PSYoungGen: 325424K->37745K(465920K)] 1041858K->754487K(1345536K), 0.0067325 secs] [Times: user=0.02 sys=0.00, real=0.01 secs] 
1932.666: [GC (Allocation Failure) [PSYoungGen: 270705K->184815K(465920K)] 987447K->902803K(1345536K), 0.0206324 secs] [Times: user=0.02 sys=0.00, real=0.02 secs] 
1932.949: [GC (Allocation Failure) [PSYoungGen: 417775K->184912K(465920K)] 1135763K->903172K(1345536K), 0.0203322 secs] [Times: user=0.02 sys=0.00, real=0.02 secs] 
1934.322: [GC (Allocation Failure) [PSYoungGen: 407889K->91210K(465920K)] 1126149K->809865K(1345536K), 0.0125551 secs] [Times: user=0.02 sys=0.00, real=0.01 secs] 
1935.937: [GC (Allocation Failure) [PSYoungGen: 324170K->37331K(465920K)] 1042825K->756164K(1345536K), 0.0070817 secs] [Times: user=0.02 sys=0.00, real=0.01 secs] 
1936.300: [GC (Allocation Failure) [PSYoungGen: 270291K->184590K(465920K)] 989124K->904669K(1345536K), 0.0209494 secs] [Times: user=0.03 sys=0.00, real=0.02 secs] 
1936.645: [GC (Allocation Failure) [PSYoungGen: 417550K->184687K(465920K)] 1137629K->905039K(1345536K), 0.0205892 secs] [Times: user=0.02 sys=0.00, real=0.02 secs] 
1939.697: [GC (Allocation Failure) [PSYoungGen: 409714K->92078K(465920K)] 1130066K->812824K(1345536K), 0.0152180 secs] [Times: user=0.03 sys=0.00, real=0.02 secs] 
1941.370: [GC (Allocation Failure) [PSYoungGen: 325038K->37488K(465920K)] 1045784K->758416K(1345536K), 0.0073797 secs] [Times: user=0.02 sys=0.00, real=0.00 secs] 
1941.670: [GC (Allocation Failure) [PSYoungGen: 270448K->184687K(465920K)] 991376K->906868K(1345536K), 0.0204739 secs] [Times: user=0.03 sys=0.00, real=0.02 secs] 
1942.015: [GC (Allocation Failure) [PSYoungGen: 417647K->184623K(465920K)] 1139828K->907077K(1345536K), 0.0206338 secs] [Times: user=0.02 sys=0.01, real=0.02 secs] 
1943.160: [GC (Allocation Failure) [PSYoungGen: 407188K->91853K(465920K)] 1129642K->814572K(1345536K), 0.0193695 secs] [Times: user=0.04 sys=0.00, real=0.02 secs] 
1944.721: [GC (Allocation Failure) [PSYoungGen: 324813K->37745K(465920K)] 1047532K->760759K(1345536K), 0.0086810 secs] [Times: user=0.02 sys=0.00, real=0.01 secs] 
1945.047: [GC (Allocation Failure) [PSYoungGen: 270705K->184687K(465920K)] 993719K->908946K(1345536K), 0.0206141 secs] [Times: user=0.03 sys=0.00, real=0.02 secs] 
1945.336: [GC (Allocation Failure) [PSYoungGen: 417647K->184687K(465920K)] 1141906K->909219K(1345536K), 0.0206030 secs] [Times: user=0.03 sys=0.00, real=0.02 secs] 
1946.613: [GC (Allocation Failure) [PSYoungGen: 407229K->91564K(465920K)] 1131761K->816361K(1345536K), 0.0163819 secs] [Times: user=0.04 sys=0.00, real=0.02 secs] 
1947.833: [GC (Allocation Failure) [PSYoungGen: 324524K->37877K(465920K)] 1049321K->762968K(1345536K), 0.0068635 secs] [Times: user=0.02 sys=0.00, real=0.01 secs] 
1948.193: [GC (Allocation Failure) [PSYoungGen: 270837K->183787K(465920K)] 995928K->910124K(1345536K), 0.0204736 secs] [Times: user=0.03 sys=0.00, real=0.02 secs] 
1948.479: [GC (Allocation Failure) [PSYoungGen: 416747K->184398K(465920K)] 1143084K->911007K(1345536K), 0.0205603 secs] [Times: user=0.03 sys=0.00, real=0.02 secs] 
1949.650: [GC (Allocation Failure) [PSYoungGen: 409758K->92608K(465920K)] 1136367K->819483K(1345536K), 0.0263939 secs] [Times: user=0.05 sys=0.00, real=0.02 secs] 
1951.923: [GC (Allocation Failure) [PSYoungGen: 325568K->37777K(465920K)] 1052443K->764960K(1345536K), 0.0087930 secs] [Times: user=0.02 sys=0.01, real=0.01 secs] 
1952.246: [GC (Allocation Failure) [PSYoungGen: 270737K->184687K(465920K)] 997920K->913115K(1345536K), 0.0204939 secs] [Times: user=0.02 sys=0.00, real=0.02 secs] 
1952.604: [GC (Allocation Failure) [PSYoungGen: 417647K->184751K(465920K)] 1146075K->913589K(1345536K), 0.0206050 secs] [Times: user=0.02 sys=0.00, real=0.02 secs] 
1953.380: [GC (Allocation Failure) [PSYoungGen: 407446K->91612K(465920K)] 1136284K->820715K(1345536K), 0.0124514 secs] [Times: user=0.03 sys=0.00, real=0.01 secs] 
1954.822: [GC (Allocation Failure) [PSYoungGen: 324572K->37716K(465920K)] 1053675K->766991K(1345536K), 0.0077165 secs] [Times: user=0.01 sys=0.00, real=0.01 secs] 
1955.126: [GC (Allocation Failure) [PSYoungGen: 270676K->183948K(465920K)] 999951K->914468K(1345536K), 0.0204802 secs] [Times: user=0.03 sys=0.00, real=0.02 secs] 
1955.409: [GC (Allocation Failure) [PSYoungGen: 416908K->184398K(465920K)] 1147428K->915191K(1345536K), 0.0203661 secs] [Times: user=0.03 sys=0.00, real=0.02 secs] 
1956.032: [GC (Allocation Failure) [PSYoungGen: 409734K->92624K(465920K)] 1140527K->823683K(1345536K), 0.0112217 secs] [Times: user=0.02 sys=0.00, real=0.01 secs] 
1956.830: [GC (Allocation Failure) [PSYoungGen: 325584K->37845K(465920K)] 1056643K->769219K(1345536K), 0.0058396 secs] [Times: user=0.01 sys=0.00, real=0.00 secs] 
1957.098: [GC (Allocation Failure) [PSYoungGen: 270805K->184173K(465920K)] 1002179K->916793K(1345536K), 0.0204351 secs] [Times: user=0.03 sys=0.00, real=0.03 secs] 
1957.441: [GC (Allocation Failure) [PSYoungGen: 417133K->184590K(465920K)] 1149753K->917612K(1345536K), 0.0208561 secs] [Times: user=0.03 sys=0.00, real=0.02 secs] 
1958.065: [GC (Allocation Failure) [PSYoungGen: 409755K->92142K(465920K)] 1142777K->825308K(1345536K), 0.0122269 secs] [Times: user=0.03 sys=0.00, real=0.01 secs] 
1959.419: [GC (Allocation Failure) [PSYoungGen: 325102K->37777K(465920K)] 1058268K->771257K(1345536K), 0.0080739 secs] [Times: user=0.02 sys=0.01, real=0.00 secs] 
1959.805: [GC (Allocation Failure) [PSYoungGen: 270737K->184879K(465920K)] 1004217K->919613K(1345536K), 0.0205105 secs] [Times: user=0.03 sys=0.00, real=0.02 secs] 
1960.148: [GC (Allocation Failure) [PSYoungGen: 417839K->184655K(465920K)] 1152573K->919806K(1345536K), 0.0202994 secs] [Times: user=0.03 sys=0.00, real=0.03 secs] 
1960.767: [GC (Allocation Failure) [PSYoungGen: 407187K->91499K(465920K)] 1142338K->826787K(1345536K), 0.0123071 secs] [Times: user=0.03 sys=0.00, real=0.02 secs] 
1961.572: [GC (Allocation Failure) [PSYoungGen: 324459K->38037K(465920K)] 1059747K->773641K(1345536K), 0.0057806 secs] [Times: user=0.02 sys=0.00, real=0.00 secs] 
1961.902: [GC (Allocation Failure) [PSYoungGen: 270997K->184687K(465920K)] 1006601K->921536K(1345536K), 0.0205587 secs] [Times: user=0.03 sys=0.00, real=0.02 secs] 
1962.184: [GC (Allocation Failure) [PSYoungGen: 417647K->184719K(465920K)] 1154496K->921841K(1345536K), 0.0204941 secs] [Times: user=0.03 sys=0.00, real=0.02 secs] 
1963.221: [GC (Allocation Failure) [PSYoungGen: 407263K->91387K(465920K)] 1144385K->828774K(1345536K), 0.0170203 secs] [Times: user=0.04 sys=0.00, real=0.02 secs] 
1964.411: [GC (Allocation Failure) [PSYoungGen: 324347K->38005K(465920K)] 1061734K->775703K(1345536K), 0.0071524 secs] [Times: user=0.02 sys=0.00, real=0.01 secs] 
1964.703: [GC (Allocation Failure) [PSYoungGen: 270965K->183787K(465920K)] 1008663K->922730K(1345536K), 0.0203913 secs] [Times: user=0.03 sys=0.00, real=0.02 secs] 
1965.034: [GC (Allocation Failure) [PSYoungGen: 416747K->184719K(465920K)] 1155690K->923927K(1345536K), 0.0202771 secs] [Times: user=0.03 sys=0.00, real=0.02 secs] 
1967.082: [GC (Allocation Failure) [PSYoungGen: 410136K->92239K(465920K)] 1149344K->831720K(1345536K), 0.0260169 secs] [Times: user=0.05 sys=0.00, real=0.03 secs] 
1968.621: [GC (Allocation Failure) [PSYoungGen: 325199K->37877K(465920K)] 1064680K->777658K(1345536K), 0.0071899 secs] [Times: user=0.02 sys=0.00, real=0.01 secs] 
1968.910: [GC (Allocation Failure) [PSYoungGen: 270837K->184558K(465920K)] 1010618K->925593K(1345536K), 0.0203411 secs] [Times: user=0.03 sys=0.00, real=0.02 secs] 
1969.197: [GC (Allocation Failure) [PSYoungGen: 417518K->184301K(465920K)] 1158553K->925617K(1345536K), 0.0202848 secs] [Times: user=0.03 sys=0.00, real=0.02 secs] 
1970.781: [GC (Allocation Failure) [PSYoungGen: 409220K->92014K(465920K)] 1150536K->833603K(1345536K), 0.0202920 secs] [Times: user=0.04 sys=0.01, real=0.02 secs] 
1972.485: [GC (Allocation Failure) [PSYoungGen: 324974K->37617K(465920K)] 1066563K->779524K(1345536K), 0.0072008 secs] [Times: user=0.01 sys=0.00, real=0.01 secs] 
1972.780: [GC (Allocation Failure) [PSYoungGen: 270577K->184558K(465920K)] 1012484K->927711K(1345536K), 0.0204517 secs] [Times: user=0.02 sys=0.00, real=0.02 secs] 
1973.072: [GC (Allocation Failure) [PSYoungGen: 417518K->184687K(465920K)] 1160671K->928105K(1345536K), 0.0202993 secs] [Times: user=0.03 sys=0.00, real=0.02 secs] 
1973.721: [GC (Allocation Failure) [PSYoungGen: 407523K->91821K(465920K)] 1150941K->835512K(1345536K), 0.0111295 secs] [Times: user=0.03 sys=0.00, real=0.01 secs] 
1974.510: [GC (Allocation Failure) [PSYoungGen: 324781K->37906K(465920K)] 1068472K->781904K(1345536K), 0.0057628 secs] [Times: user=0.01 sys=0.00, real=0.00 secs] 
1974.777: [GC (Allocation Failure) [PSYoungGen: 270866K->183787K(465920K)] 1014864K->929039K(1345536K), 0.0204132 secs] [Times: user=0.03 sys=0.00, real=0.02 secs] 
1975.066: [GC (Allocation Failure) [PSYoungGen: 416747K->184430K(465920K)] 1161999K->929955K(1345536K), 0.0203472 secs] [Times: user=0.03 sys=0.00, real=0.02 secs] 
1975.697: [GC (Allocation Failure) [PSYoungGen: 409785K->92560K(465920K)] 1155310K->838359K(1345536K), 0.0115660 secs] [Times: user=0.02 sys=0.00, real=0.02 secs] 
1976.507: [GC (Allocation Failure) [PSYoungGen: 325520K->38005K(465920K)] 1071319K->784128K(1345536K), 0.0062013 secs] [Times: user=0.01 sys=0.00, real=0.01 secs] 
1976.775: [GC (Allocation Failure) [PSYoungGen: 270965K->184687K(465920K)] 1017088K->932055K(1345536K), 0.0203965 secs] [Times: user=0.03 sys=0.00, real=0.02 secs] 
1977.120: [GC (Allocation Failure) [PSYoungGen: 417647K->184655K(465920K)] 1165015K->932432K(1345536K), 0.0206101 secs] [Times: user=0.03 sys=0.00, real=0.02 secs] 
1978.455: [GC (Allocation Failure) [PSYoungGen: 407096K->91371K(465920K)] 1154874K->839414K(1345536K), 0.0161847 secs] [Times: user=0.04 sys=0.00, real=0.02 secs] 
1980.135: [GC (Allocation Failure) [PSYoungGen: 324331K->37652K(465920K)] 1072374K->785874K(1345536K), 0.0071754 secs] [Times: user=0.02 sys=0.00, real=0.01 secs] 
1980.433: [GC (Allocation Failure) [PSYoungGen: 270612K->184687K(465920K)] 1018834K->934162K(1345536K), 0.0204734 secs] [Times: user=0.03 sys=0.00, real=0.02 secs] 
1980.776: [GC (Allocation Failure) [PSYoungGen: 417647K->184655K(465920K)] 1167122K->934404K(1345536K), 0.0205958 secs] [Times: user=0.03 sys=0.00, real=0.02 secs] 
1981.825: [GC (Allocation Failure) [PSYoungGen: 407469K->91725K(465920K)] 1157218K->841738K(1345536K), 0.0123559 secs] [Times: user=0.02 sys=0.01, real=0.01 secs] 
1982.629: [GC (Allocation Failure) [PSYoungGen: 324685K->38005K(465920K)] 1074698K->788337K(1345536K), 0.0056781 secs] [Times: user=0.01 sys=0.00, real=0.00 secs] 
1982.899: [GC (Allocation Failure) [PSYoungGen: 270965K->183787K(465920K)] 1021297K->935365K(1345536K), 0.0203827 secs] [Times: user=0.03 sys=0.00, real=0.02 secs] 
1983.243: [GC (Allocation Failure) [PSYoungGen: 416747K->184430K(465920K)] 1168325K->936280K(1345536K), 0.0207385 secs] [Times: user=0.03 sys=0.00, real=0.02 secs] 
1985.411: [GC (Allocation Failure) [PSYoungGen: 409647K->92464K(465920K)] 1161497K->844579K(1345536K), 0.0199668 secs] [Times: user=0.04 sys=0.00, real=0.02 secs] 
1987.389: [GC (Allocation Failure) [PSYoungGen: 325424K->38005K(465920K)] 1077539K->790292K(1345536K), 0.0067401 secs] [Times: user=0.01 sys=0.00, real=0.00 secs] 
1987.671: [GC (Allocation Failure) [PSYoungGen: 270965K->184687K(465920K)] 1023252K->938228K(1345536K), 0.0207757 secs] [Times: user=0.03 sys=0.00, real=0.02 secs] 
1987.963: [GC (Allocation Failure) [PSYoungGen: 417647K->184687K(465920K)] 1171188K->938629K(1345536K), 0.0207301 secs] [Times: user=0.03 sys=0.00, real=0.02 secs] 
1988.962: [GC (Allocation Failure) [PSYoungGen: 407127K->91339K(465920K)] 1161069K->845546K(1345536K), 0.0152296 secs] [Times: user=0.03 sys=0.00, real=0.01 secs] 
1989.858: [GC (Allocation Failure) [PSYoungGen: 324299K->38134K(465920K)] 1078506K->792539K(1345536K), 0.0057213 secs] [Times: user=0.01 sys=0.00, real=0.00 secs] 
1990.193: [GC (Allocation Failure) [PSYoungGen: 271094K->184044K(465920K)] 1025499K->939695K(1345536K), 0.0204483 secs] [Times: user=0.02 sys=0.00, real=0.02 secs] 
1990.476: [GC (Allocation Failure) [PSYoungGen: 417004K->184526K(465920K)] 1172655K->940450K(1345536K), 0.0207612 secs] [Times: user=0.03 sys=0.00, real=0.02 secs] 
1991.108: [GC (Allocation Failure) [PSYoungGen: 407518K->91998K(465920K)] 1163441K->848194K(1345536K), 0.0129191 secs] [Times: user=0.02 sys=0.00, real=0.01 secs] 
1992.128: [GC (Allocation Failure) [PSYoungGen: 324958K->38005K(465920K)] 1081154K->794522K(1345536K), 0.0067499 secs] [Times: user=0.02 sys=0.00, real=0.00 secs] 
1992.408: [GC (Allocation Failure) [PSYoungGen: 270965K->184558K(465920K)] 1027482K->942321K(1345536K), 0.0206745 secs] [Times: user=0.03 sys=0.00, real=0.03 secs] 
1992.700: [GC (Allocation Failure) [PSYoungGen: 417518K->184655K(465920K)] 1175281K->942682K(1345536K), 0.0206750 secs] [Times: user=0.02 sys=0.00, real=0.02 secs] 
1994.265: [GC (Allocation Failure) [PSYoungGen: 407079K->91467K(465920K)] 1165106K->849760K(1345536K), 0.0136453 secs] [Times: user=0.03 sys=0.00, real=0.02 secs] 
1996.298: [GC (Allocation Failure) [PSYoungGen: 324427K->37363K(465920K)] 1082720K->795843K(1345536K), 0.0072051 secs] [Times: user=0.02 sys=0.00, real=0.01 secs] 
1996.588: [GC (Allocation Failure) [PSYoungGen: 270323K->184687K(465920K)] 1028803K->944404K(1345536K), 0.0203861 secs] [Times: user=0.03 sys=0.00, real=0.02 secs] 
1996.876: [GC (Allocation Failure) [PSYoungGen: 417647K->184687K(465920K)] 1177364K->944685K(1345536K), 0.0205734 secs] [Times: user=0.03 sys=0.00, real=0.02 secs] 
1997.647: [GC (Allocation Failure) [PSYoungGen: 409802K->91950K(465920K)] 1169801K->852213K(1345536K), 0.0115405 secs] [Times: user=0.02 sys=0.00, real=0.02 secs] 
1999.473: [GC (Allocation Failure) [PSYoungGen: 324910K->37491K(465920K)] 1085173K->798073K(1345536K), 0.0077985 secs] [Times: user=0.02 sys=0.00, real=0.01 secs] 
1999.865: [GC (Allocation Failure) [PSYoungGen: 270451K->184301K(465920K)] 1031033K->946129K(1345536K), 0.0203933 secs] [Times: user=0.03 sys=0.00, real=0.02 secs] 
2000.151: [GC (Allocation Failure) [PSYoungGen: 417261K->184687K(465920K)] 1179089K->946803K(1345536K), 0.0206949 secs] [Times: user=0.03 sys=0.00, real=0.02 secs] 
2001.164: [GC (Allocation Failure) [PSYoungGen: 409804K->92239K(465920K)] 1171920K->854620K(1345536K), 0.0168493 secs] [Times: user=0.04 sys=0.00, real=0.02 secs] 
2002.705: [GC (Allocation Failure) [PSYoungGen: 325199K->37748K(465920K)] 1087580K->800432K(1345536K), 0.0075176 secs] [Times: user=0.01 sys=0.00, real=0.01 secs] 
2003.083: [GC (Allocation Failure) [PSYoungGen: 270708K->184301K(465920K)] 1033392K->948230K(1345536K), 0.0205505 secs] [Times: user=0.03 sys=0.01, real=0.02 secs] 
2003.366: [GC (Allocation Failure) [PSYoungGen: 417261K->184687K(465920K)] 1181190K->948889K(1345536K), 0.0203851 secs] [Times: user=0.03 sys=0.01, real=0.02 secs] 
2004.815: [GC (Allocation Failure) [PSYoungGen: 409816K->91982K(465920K)] 1174018K->856449K(1345536K), 0.0206421 secs] [Times: user=0.04 sys=0.00, real=0.02 secs] 
2007.254: [GC (Allocation Failure) [PSYoungGen: 324942K->37777K(465920K)] 1089409K->802547K(1345536K), 0.0077292 secs] [Times: user=0.02 sys=0.00, real=0.01 secs] 
2007.637: [GC (Allocation Failure) [PSYoungGen: 270737K->184301K(465920K)] 1035507K->950324K(1345536K), 0.0207685 secs] [Times: user=0.03 sys=0.00, real=0.02 secs] 
2007.978: [GC (Allocation Failure) [PSYoungGen: 417261K->183626K(465920K)] 1183284K->949923K(1345536K), 0.0203947 secs] [Times: user=0.03 sys=0.00, real=0.02 secs] 
2008.677: [GC (Allocation Failure) [PSYoungGen: 408312K->93058K(465920K)] 1174608K->859619K(1345536K), 0.0128622 secs] [Times: user=0.03 sys=0.00, real=0.02 secs] 
2009.577: [GC (Allocation Failure) [PSYoungGen: 326018K->38134K(465920K)] 1092579K->804995K(1345536K), 0.0078792 secs] [Times: user=0.02 sys=0.00, real=0.01 secs] 
2009.951: [GC (Allocation Failure) [PSYoungGen: 271094K->184719K(465920K)] 1037955K->952825K(1345536K), 0.0207513 secs] [Times: user=0.03 sys=0.00, real=0.02 secs] 
2010.295: [GC (Allocation Failure) [PSYoungGen: 417679K->184462K(465920K)] 1185785K->952857K(1345536K), 0.0206690 secs] [Times: user=0.03 sys=0.00, real=0.02 secs] 
2010.949: [GC (Allocation Failure) [PSYoungGen: 406747K->91467K(465920K)] 1175143K->860128K(1345536K), 0.0124251 secs] [Times: user=0.03 sys=0.00, real=0.01 secs] 
2011.838: [GC (Allocation Failure) [PSYoungGen: 324427K->37906K(465920K)] 1093088K->806877K(1345536K), 0.0056998 secs] [Times: user=0.01 sys=0.00, real=0.00 secs] 
2012.108: [GC (Allocation Failure) [PSYoungGen: 270866K->183787K(465920K)] 1039837K->954012K(1345536K), 0.0207202 secs] [Times: user=0.03 sys=0.00, real=0.03 secs] 
2012.453: [GC (Allocation Failure) [PSYoungGen: 416747K->184269K(465920K)] 1186972K->954895K(1345536K), 0.0205548 secs] [Times: user=0.03 sys=0.00, real=0.02 secs] 
2013.123: [GC (Allocation Failure) [PSYoungGen: 409530K->92785K(465920K)] 1180156K->863547K(1345536K), 0.0135429 secs] [Times: user=0.03 sys=0.00, real=0.01 secs] 
2014.039: [GC (Allocation Failure) [PSYoungGen: 325745K->37973K(465920K)] 1096507K->809060K(1345536K), 0.0057336 secs] [Times: user=0.01 sys=0.00, real=0.00 secs] 
2014.372: [GC (Allocation Failure) [PSYoungGen: 270933K->184719K(465920K)] 1042020K->957043K(1345536K), 0.0206874 secs] [Times: user=0.03 sys=0.00, real=0.02 secs] 
2014.666: [GC (Allocation Failure) [PSYoungGen: 417679K->184655K(465920K)] 1190003K->957373K(1345536K), 0.0204767 secs] [Times: user=0.03 sys=0.00, real=0.02 secs] 
2016.419: [GC (Allocation Failure) [PSYoungGen: 407100K->91307K(465920K)] 1179818K->864298K(1345536K), 0.0169376 secs] [Times: user=0.04 sys=0.00, real=0.01 secs] 
2017.287: [GC (Allocation Failure) [PSYoungGen: 324267K->38034K(465920K)] 1097258K->811205K(1345536K), 0.0057098 secs] [Times: user=0.02 sys=0.00, real=0.01 secs] 
2017.555: [GC (Allocation Failure) [PSYoungGen: 270994K->183755K(465920K)] 1044165K->958171K(1345536K), 0.0210589 secs] [Times: user=0.03 sys=0.00, real=0.02 secs] 
2017.843: [GC (Allocation Failure) [PSYoungGen: 416715K->184398K(465920K)] 1191131K->959086K(1345536K), 0.0205898 secs] [Times: user=0.03 sys=0.00, real=0.02 secs] 
2018.467: [GC (Allocation Failure) [PSYoungGen: 409633K->92496K(465920K)] 1184322K->867458K(1345536K), 0.0111408 secs] [Times: user=0.03 sys=0.00, real=0.02 secs] 
2019.286: [GC (Allocation Failure) [PSYoungGen: 325456K->37877K(465920K)] 1100418K->813139K(1345536K), 0.0056833 secs] [Times: user=0.01 sys=0.00, real=0.01 secs] 
2019.626: [GC (Allocation Failure) [PSYoungGen: 270837K->184655K(465920K)] 1046099K->961162K(1345536K), 0.0207631 secs] [Times: user=0.03 sys=0.00, real=0.02 secs] 
2019.909: [GC (Allocation Failure) [PSYoungGen: 417615K->184558K(465920K)] 1194122K->961467K(1345536K), 0.0204589 secs] [Times: user=0.03 sys=0.00, real=0.02 secs] 
2020.920: [GC (Allocation Failure) [PSYoungGen: 407021K->91612K(465920K)] 1183930K->868674K(1345536K), 0.0131526 secs] [Times: user=0.03 sys=0.00, real=0.01 secs] 
2022.442: [GC (Allocation Failure) [PSYoungGen: 324572K->37491K(465920K)] 1101634K->814857K(1345536K), 0.0069502 secs] [Times: user=0.02 sys=0.00, real=0.01 secs] 
2022.728: [GC (Allocation Failure) [PSYoungGen: 270451K->184430K(465920K)] 1047817K->963170K(1345536K), 0.0209161 secs] [Times: user=0.02 sys=0.00, real=0.03 secs] 
2023.018: [GC (Allocation Failure) [PSYoungGen: 417390K->184526K(465920K)] 1196130K->963411K(1345536K), 0.0203814 secs] [Times: user=0.03 sys=0.00, real=0.02 secs] 
2024.659: [GC (Allocation Failure) [PSYoungGen: 408102K->92255K(465920K)] 1186987K->871404K(1345536K), 0.0135121 secs] [Times: user=0.03 sys=0.00, real=0.01 secs] 
2027.190: [GC (Allocation Failure) [PSYoungGen: 325215K->37363K(465920K)] 1104364K->816816K(1345536K), 0.0080008 secs] [Times: user=0.02 sys=0.00, real=0.00 secs] 
2027.570: [GC (Allocation Failure) [PSYoungGen: 270323K->184430K(465920K)] 1049776K->965257K(1345536K), 0.0208350 secs] [Times: user=0.03 sys=0.00, real=0.02 secs] 
2027.915: [GC (Allocation Failure) [PSYoungGen: 417390K->184526K(465920K)] 1198217K->965498K(1345536K), 0.0203617 secs] [Times: user=0.03 sys=0.00, real=0.02 secs] 
2028.809: [GC (Allocation Failure) [PSYoungGen: 408130K->92367K(465920K)] 1189103K->873604K(1345536K), 0.0136512 secs] [Times: user=0.03 sys=0.00, real=0.01 secs] 
2030.622: [GC (Allocation Failure) [PSYoungGen: 325327K->37491K(465920K)] 1106564K->819024K(1345536K), 0.0079163 secs] [Times: user=0.02 sys=0.00, real=0.01 secs] 
2030.928: [GC (Allocation Failure) [PSYoungGen: 270451K->184462K(465920K)] 1051984K->967369K(1345536K), 0.0206544 secs] [Times: user=0.03 sys=0.00, real=0.03 secs] 
2031.217: [GC (Allocation Failure) [PSYoungGen: 417422K->184558K(465920K)] 1200329K->967610K(1345536K), 0.0205930 secs] [Times: user=0.03 sys=0.00, real=0.02 secs] 
2032.703: [GC (Allocation Failure) [PSYoungGen: 408132K->92207K(465920K)] 1191184K->875524K(1345536K), 0.0230948 secs] [Times: user=0.04 sys=0.01, real=0.02 secs] 
2034.574: [GC (Allocation Failure) [PSYoungGen: 325167K->37745K(465920K)] 1108484K->821370K(1345536K), 0.0096367 secs] [Times: user=0.02 sys=0.00, real=0.01 secs] 
2034.913: [GC (Allocation Failure) [PSYoungGen: 270705K->184462K(465920K)] 1054330K->969332K(1345536K), 0.0207546 secs] [Times: user=0.03 sys=0.00, real=0.02 secs] 
2035.259: [GC (Allocation Failure) [PSYoungGen: 417422K->184590K(465920K)] 1202292K->969742K(1345536K), 0.0205088 secs] [Times: user=0.03 sys=0.00, real=0.02 secs] 
2037.034: [GC (Allocation Failure) [PSYoungGen: 407646K->91950K(465920K)] 1192797K->877366K(1345536K), 0.0211987 secs] [Times: user=0.05 sys=0.00, real=0.02 secs] 
2038.246: [GC (Allocation Failure) [PSYoungGen: 324910K->38005K(465920K)] 1110326K->823730K(1345536K), 0.0067139 secs] [Times: user=0.01 sys=0.00, real=0.01 secs] 
2038.521: [GC (Allocation Failure) [PSYoungGen: 270965K->184462K(465920K)] 1056690K->971432K(1345536K), 0.0205768 secs] [Times: user=0.03 sys=0.00, real=0.02 secs] 
2038.803: [GC (Allocation Failure) [PSYoungGen: 417422K->184237K(465920K)] 1204392K->971481K(1345536K), 0.0204236 secs] [Times: user=0.03 sys=0.00, real=0.02 secs] 
2041.164: [GC (Allocation Failure) [PSYoungGen: 409307K->92030K(465920K)] 1196551K->879667K(1345536K), 0.0260796 secs] [Times: user=0.06 sys=0.00, real=0.03 secs] 
2042.644: [GC (Allocation Failure) [PSYoungGen: 324990K->38005K(465920K)] 1112627K->825827K(1345536K), 0.0057349 secs] [Times: user=0.01 sys=0.00, real=0.01 secs] 
2042.915: [GC (Allocation Failure) [PSYoungGen: 270965K->184173K(465920K)] 1058787K->973240K(1345536K), 0.0208510 secs] [Times: user=0.03 sys=0.00, real=0.02 secs] 
2043.198: [GC (Allocation Failure) [PSYoungGen: 417133K->184526K(465920K)] 1206200K->973996K(1345536K), 0.0204889 secs] [Times: user=0.03 sys=0.00, real=0.03 secs] 
2044.756: [GC (Allocation Failure) [PSYoungGen: 409705K->91998K(465920K)] 1199174K->881612K(1345536K), 0.0146087 secs] [Times: user=0.03 sys=0.00, real=0.02 secs] 
2046.568: [GC (Allocation Failure) [PSYoungGen: 324958K->37777K(465920K)] 1114572K->827691K(1345536K), 0.0073310 secs] [Times: user=0.02 sys=0.00, real=0.01 secs] 
2046.934: [GC (Allocation Failure) [PSYoungGen: 270737K->184719K(465920K)] 1060651K->975878K(1345536K), 0.0208433 secs] [Times: user=0.03 sys=0.00, real=0.02 secs] 
2047.217: [GC (Allocation Failure) [PSYoungGen: 417679K->184719K(465920K)] 1208838K->976143K(1345536K), 0.0205433 secs] [Times: user=0.03 sys=0.00, real=0.02 secs] 
2048.288: [GC (Allocation Failure) [PSYoungGen: 407281K->91676K(465920K)] 1198706K->883374K(1345536K), 0.0171659 secs] [Times: user=0.04 sys=0.00, real=0.02 secs] 
2049.955: [GC (Allocation Failure) [PSYoungGen: 324636K->37809K(465920K)] 1116334K->829819K(1345536K), 0.0078004 secs] [Times: user=0.02 sys=0.00, real=0.01 secs] 
2050.338: [GC (Allocation Failure) [PSYoungGen: 270769K->183787K(465920K)] 1062779K->977050K(1345536K), 0.0208377 secs] [Times: user=0.03 sys=0.00, real=0.03 secs] 
2050.621: [GC (Allocation Failure) [PSYoungGen: 416747K->184687K(465920K)] 1210010K->978223K(1345536K), 0.0206186 secs] [Times: user=0.03 sys=0.00, real=0.02 secs] 
2051.320: [GC (Allocation Failure) [PSYoungGen: 410107K->92528K(465920K)] 1203643K->886337K(1345536K), 0.0135296 secs] [Times: user=0.03 sys=0.00, real=0.01 secs] 
2052.818: [GC (Allocation Failure) [PSYoungGen: 325488K->37620K(465920K)] 1119297K->831747K(1345536K), 0.0073461 secs] [Times: user=0.01 sys=0.00, real=0.01 secs] 
2053.118: [GC (Allocation Failure) [PSYoungGen: 270580K->184751K(465920K)] 1064707K->980244K(1345536K), 0.0207933 secs] [Times: user=0.03 sys=0.00, real=0.03 secs] 
2053.402: [GC (Allocation Failure) [PSYoungGen: 417711K->184655K(465920K)] 1213204K->980413K(1345536K), 0.0206291 secs] [Times: user=0.03 sys=0.00, real=0.02 secs] 
2054.111: [GC (Allocation Failure) [PSYoungGen: 407097K->91757K(465920K)] 1202856K->887780K(1345536K), 0.0118630 secs] [Times: user=0.02 sys=0.00, real=0.01 secs] 
2055.021: [GC (Allocation Failure) [PSYoungGen: 324717K->38131K(465920K)] 1120740K->834334K(1345536K), 0.0074031 secs] [Times: user=0.02 sys=0.00, real=0.01 secs] 
2055.383: [GC (Allocation Failure) [PSYoungGen: 271091K->184687K(465920K)] 1067294K->982136K(1345536K), 0.0208329 secs] [Times: user=0.03 sys=0.00, real=0.02 secs] 
2055.666: [GC (Allocation Failure) [PSYoungGen: 417647K->184655K(465920K)] 1215096K->982385K(1345536K), 0.0205276 secs] [Times: user=0.03 sys=0.00, real=0.02 secs] 
2056.333: [GC (Allocation Failure) [PSYoungGen: 407082K->91210K(465920K)] 1204812K->889206K(1345536K), 0.0129526 secs] [Times: user=0.02 sys=0.00, real=0.01 secs] 
2057.203: [GC (Allocation Failure) [PSYoungGen: 324170K->38005K(465920K)] 1122166K->836316K(1345536K), 0.0066242 secs] [Times: user=0.02 sys=0.00, real=0.01 secs] 
2057.530: [GC (Allocation Failure) [PSYoungGen: 270965K->184687K(465920K)] 1069276K->984244K(1345536K), 0.0208313 secs] [Times: user=0.03 sys=0.00, real=0.02 secs] 
2057.816: [GC (Allocation Failure) [PSYoungGen: 417647K->184687K(465920K)] 1217204K->984517K(1345536K), 0.0206970 secs] [Times: user=0.03 sys=0.00, real=0.02 secs] 
2058.477: [GC (Allocation Failure) [PSYoungGen: 407244K->91323K(465920K)] 1207074K->891418K(1345536K), 0.0113019 secs] [Times: user=0.02 sys=0.00, real=0.02 secs] 
2059.444: [GC (Allocation Failure) [PSYoungGen: 324283K->38034K(465920K)] 1124378K->838437K(1345536K), 0.0057185 secs] [Times: user=0.01 sys=0.00, real=0.01 secs] 
2059.711: [GC (Allocation Failure) [PSYoungGen: 270994K->183916K(465920K)] 1071397K->985564K(1345536K), 0.0206248 secs] [Times: user=0.02 sys=0.00, real=0.02 secs] 
2059.994: [GC (Allocation Failure) [PSYoungGen: 416876K->184462K(465920K)] 1218524K->986391K(1345536K), 0.0205113 secs] [Times: user=0.03 sys=0.00, real=0.02 secs] 
2060.697: [GC (Allocation Failure) [PSYoungGen: 409654K->92367K(465920K)] 1211584K->894586K(1345536K), 0.0120325 secs] [Times: user=0.03 sys=0.00, real=0.02 secs] 
2061.780: [GC (Allocation Failure) [PSYoungGen: 325327K->37906K(465920K)] 1127546K->840441K(1345536K), 0.0057305 secs] [Times: user=0.02 sys=0.00, real=0.00 secs] 
2062.049: [GC (Allocation Failure) [PSYoungGen: 270866K->184719K(465920K)] 1073401K->988499K(1345536K), 0.0208572 secs] [Times: user=0.03 sys=0.00, real=0.02 secs] 
2062.338: [GC (Allocation Failure) [PSYoungGen: 417679K->184655K(465920K)] 1221459K->988708K(1345536K), 0.0205909 secs] [Times: user=0.03 sys=0.00, real=0.02 secs] 
2063.055: [GC (Allocation Failure) [PSYoungGen: 407218K->91435K(465920K)] 1211272K->895770K(1345536K), 0.0117823 secs] [Times: user=0.03 sys=0.00, real=0.01 secs] 
2064.279: [GC (Allocation Failure) [PSYoungGen: 324395K->37906K(465920K)] 1128730K->842540K(1345536K), 0.0070801 secs] [Times: user=0.02 sys=0.00, real=0.00 secs] 
2064.569: [GC (Allocation Failure) [PSYoungGen: 270866K->184687K(465920K)] 1075500K->990703K(1345536K), 0.0210432 secs] [Times: user=0.03 sys=0.00, real=0.02 secs] 
2064.858: [GC (Allocation Failure) [PSYoungGen: 417647K->184655K(465920K)] 1223663K->990816K(1345536K), 0.0204975 secs] [Times: user=0.03 sys=0.00, real=0.02 secs] 
2065.646: [GC (Allocation Failure) [PSYoungGen: 407217K->91467K(465920K)] 1213379K->897894K(1345536K), 0.0173913 secs] [Times: user=0.04 sys=0.00, real=0.02 secs] 
2066.900: [GC (Allocation Failure) [PSYoungGen: 324427K->38034K(465920K)] 1130854K->844769K(1345536K), 0.0071123 secs] [Times: user=0.02 sys=0.00, real=0.00 secs] 
2067.182: [GC (Allocation Failure) [PSYoungGen: 270994K->183948K(465920K)] 1077729K->991936K(1345536K), 0.0208150 secs] [Times: user=0.03 sys=0.00, real=0.02 secs] 
2067.465: [GC (Allocation Failure) [PSYoungGen: 416908K->184430K(465920K)] 1224896K->992699K(1345536K), 0.0204291 secs] [Times: user=0.03 sys=0.00, real=0.02 secs] 
2068.157: [GC (Allocation Failure) [PSYoungGen: 409641K->92335K(465920K)] 1217910K->900877K(1345536K), 0.0116337 secs] [Times: user=0.02 sys=0.00, real=0.02 secs] 
2069.834: [GC (Allocation Failure) [PSYoungGen: 325295K->37520K(465920K)] 1133837K->846380K(1345536K), 0.0086582 secs] [Times: user=0.02 sys=0.00, real=0.01 secs] 
2070.162: [GC (Allocation Failure) [PSYoungGen: 270480K->184719K(465920K)] 1079340K->994824K(1345536K), 0.0208197 secs] [Times: user=0.03 sys=0.00, real=0.02 secs] 
2070.446: [GC (Allocation Failure) [PSYoungGen: 417679K->184655K(465920K)] 1227784K->995042K(1345536K), 0.0205030 secs] [Times: user=0.03 sys=0.00, real=0.02 secs] 
2071.665: [GC (Allocation Failure) [PSYoungGen: 407463K->91885K(465920K)] 1217849K->902537K(1345536K), 0.0195946 secs] [Times: user=0.04 sys=0.00, real=0.02 secs] 
2073.267: [GC (Allocation Failure) [PSYoungGen: 324845K->37877K(465920K)] 1135497K->848831K(1345536K), 0.0088743 secs] [Times: user=0.02 sys=0.00, real=0.01 secs] 
2073.658: [GC (Allocation Failure) [PSYoungGen: 270837K->183658K(465920K)] 1081791K->995858K(1345536K), 0.0208722 secs] [Times: user=0.03 sys=0.01, real=0.03 secs] 
2073.941: [GC (Allocation Failure) [PSYoungGen: 416618K->184558K(465920K)] 1228818K->997039K(1345536K), 0.0205227 secs] [Times: user=0.03 sys=0.00, real=0.02 secs] 
2074.626: [GC (Allocation Failure) [PSYoungGen: 408501K->92624K(465920K)] 1220982K->905370K(1345536K), 0.0153638 secs] [Times: user=0.03 sys=0.00, real=0.02 secs] 
2075.462: [GC (Allocation Failure) [PSYoungGen: 325584K->38005K(465920K)] 1138330K->851053K(1345536K), 0.0056831 secs] [Times: user=0.02 sys=0.00, real=0.00 secs] 
2075.791: [GC (Allocation Failure) [PSYoungGen: 270965K->184333K(465920K)] 1084013K->998747K(1345536K), 0.0207684 secs] [Times: user=0.03 sys=0.00, real=0.02 secs] 
2076.078: [GC (Allocation Failure) [PSYoungGen: 417293K->184301K(465920K)] 1231707K->998867K(1345536K), 0.0205498 secs] [Times: user=0.03 sys=0.00, real=0.03 secs] 
2076.746: [GC (Allocation Failure) [PSYoungGen: 409345K->92078K(465920K)] 1223911K->907038K(1345536K), 0.0124073 secs] [Times: user=0.03 sys=0.00, real=0.02 secs] 
2077.634: [GC (Allocation Failure) [PSYoungGen: 325038K->38005K(465920K)] 1139998K->853136K(1345536K), 0.0081295 secs] [Times: user=0.02 sys=0.00, real=0.01 secs] 
2077.993: [GC (Allocation Failure) [PSYoungGen: 270965K->184847K(465920K)] 1086096K->1001216K(1345536K), 0.0205221 secs] [Times: user=0.02 sys=0.00, real=0.02 secs] 
2078.276: [GC (Allocation Failure) [PSYoungGen: 417807K->184655K(465920K)] 1234176K->1001425K(1345536K), 0.0205558 secs] [Times: user=0.03 sys=0.00, real=0.02 secs] 
2081.003: [GC (Allocation Failure) [PSYoungGen: 407108K->91194K(465920K)] 1223878K->908101K(1345536K), 0.0260941 secs] [Times: user=0.06 sys=0.00, real=0.03 secs] 
2081.834: [GC (Allocation Failure) [PSYoungGen: 324154K->38163K(465920K)] 1141061K->855370K(1345536K), 0.0059554 secs] [Times: user=0.02 sys=0.00, real=0.01 secs] 
2082.102: [GC (Allocation Failure) [PSYoungGen: 271123K->184076K(465920K)] 1088330K->1002521K(1345536K), 0.0204672 secs] [Times: user=0.03 sys=0.00, real=0.02 secs] 
2082.386: [GC (Allocation Failure) [PSYoungGen: 417036K->184494K(465920K)] 1235481K->1003220K(1345536K), 0.0205007 secs] [Times: user=0.03 sys=0.00, real=0.02 secs] 
2084.981: [GC (Allocation Failure) [PSYoungGen: 409691K->92014K(465920K)] 1228417K->911012K(1345536K), 0.0246071 secs] [Times: user=0.06 sys=0.00, real=0.02 secs] 
2087.056: [GC (Allocation Failure) [PSYoungGen: 324974K->37649K(465920K)] 1143972K->856940K(1345536K), 0.0077065 secs] [Times: user=0.02 sys=0.00, real=0.01 secs] 
2087.363: [GC (Allocation Failure) [PSYoungGen: 270609K->184173K(465920K)] 1089900K->1004717K(1345536K), 0.0205979 secs] [Times: user=0.03 sys=0.00, real=0.02 secs] 
2087.700: [GC (Allocation Failure) [PSYoungGen: 417133K->184526K(465920K)] 1237677K->1005352K(1345536K), 0.0209752 secs] [Times: user=0.03 sys=0.00, real=0.02 secs] 
2088.573: [GC (Allocation Failure) [PSYoungGen: 408130K->92367K(465920K)] 1228955K->913458K(1345536K), 0.0128463 secs] [Times: user=0.02 sys=0.00, real=0.01 secs] 
2089.367: [GC (Allocation Failure) [PSYoungGen: 325327K->38034K(465920K)] 1146418K->859433K(1345536K), 0.0059851 secs] [Times: user=0.01 sys=0.00, real=0.01 secs] 
2089.637: [GC (Allocation Failure) [PSYoungGen: 270994K->184430K(465920K)] 1092393K->1007074K(1345536K), 0.0204999 secs] [Times: user=0.03 sys=0.00, real=0.02 secs] 
2089.920: [GC (Allocation Failure) [PSYoungGen: 417390K->184590K(465920K)] 1240034K->1007499K(1345536K), 0.0203689 secs] [Times: user=0.03 sys=0.00, real=0.02 secs] 
2090.556: [GC (Allocation Failure) [PSYoungGen: 407131K->91741K(465920K)] 1230041K->914931K(1345536K), 0.0110143 secs] [Times: user=0.02 sys=0.00, real=0.01 secs] 
2091.372: [GC (Allocation Failure) [PSYoungGen: 324701K->37877K(465920K)] 1147891K->861361K(1345536K), 0.0060538 secs] [Times: user=0.01 sys=0.01, real=0.00 secs] 
2091.642: [GC (Allocation Failure) [PSYoungGen: 270837K->184430K(465920K)] 1094321K->1009168K(1345536K), 0.0206298 secs] [Times: user=0.03 sys=0.00, real=0.02 secs] 
2091.926: [GC (Allocation Failure) [PSYoungGen: 417390K->184301K(465920K)] 1242128K->1009312K(1345536K), 0.0204201 secs] [Times: user=0.03 sys=0.00, real=0.02 secs] 
2093.014: [GC (Allocation Failure) [PSYoungGen: 409348K->92078K(465920K)] 1234359K->917483K(1345536K), 0.0139994 secs] [Times: user=0.03 sys=0.00, real=0.02 secs] 
2094.662: [GC (Allocation Failure) [PSYoungGen: 325038K->37877K(465920K)] 1150443K->863461K(1345536K), 0.0070849 secs] [Times: user=0.02 sys=0.00, real=0.01 secs] 
2094.951: [GC (Allocation Failure) [PSYoungGen: 270837K->184687K(465920K)] 1096421K->1011645K(1345536K), 0.0205611 secs] [Times: user=0.03 sys=0.00, real=0.02 secs] 
2095.236: [GC (Allocation Failure) [PSYoungGen: 417647K->184719K(465920K)] 1244605K->1011950K(1345536K), 0.0206055 secs] [Times: user=0.03 sys=0.00, real=0.02 secs] 
2098.297: [GC (Allocation Failure) [PSYoungGen: 407156K->91435K(465920K)] 1234387K->918932K(1345536K), 0.0299284 secs] [Times: user=0.07 sys=0.00, real=0.03 secs] 
2099.174: [GC (Allocation Failure) [PSYoungGen: 324395K->38291K(465920K)] 1151892K->865975K(1345536K), 0.0057440 secs] [Times: user=0.01 sys=0.00, real=0.01 secs] 
2099.444: [GC (Allocation Failure) [PSYoungGen: 271251K->184687K(465920K)] 1098935K->1013745K(1345536K), 0.0206338 secs] [Times: user=0.03 sys=0.00, real=0.02 secs] 
2099.727: [GC (Allocation Failure) [PSYoungGen: 417647K->184655K(465920K)] 1246705K->1013857K(1345536K), 0.0206794 secs] [Times: user=0.03 sys=0.00, real=0.02 secs] 
2101.521: [GC (Allocation Failure) [PSYoungGen: 406994K->91098K(465920K)] 1236197K->920566K(1345536K), 0.0127872 secs] [Times: user=0.03 sys=0.00, real=0.01 secs] 
2102.468: [GC (Allocation Failure) [PSYoungGen: 324058K->38005K(465920K)] 1153526K->867781K(1345536K), 0.0062165 secs] [Times: user=0.01 sys=0.00, real=0.01 secs] 
2102.735: [GC (Allocation Failure) [PSYoungGen: 270965K->183787K(465920K)] 1100741K->1014808K(1345536K), 0.0205465 secs] [Times: user=0.03 sys=0.00, real=0.02 secs] 
2103.020: [GC (Allocation Failure) [PSYoungGen: 416747K->184687K(465920K)] 1247768K->1015989K(1345536K), 0.0208097 secs] [Times: user=0.03 sys=0.00, real=0.02 secs] 
2105.602: [GC (Allocation Failure) [PSYoungGen: 410098K->92239K(465920K)] 1241400K->923806K(1345536K), 0.0267786 secs] [Times: user=0.06 sys=0.00, real=0.03 secs] 
2107.999: [GC (Allocation Failure) [PSYoungGen: 325199K->37877K(465920K)] 1156766K->869746K(1345536K), 0.0090343 secs] [Times: user=0.02 sys=0.00, real=0.00 secs] 
2108.326: [GC (Allocation Failure) [PSYoungGen: 270837K->184173K(465920K)] 1102706K->1017287K(1345536K), 0.0208164 secs] [Times: user=0.03 sys=0.00, real=0.02 secs] 
2108.612: [GC (Allocation Failure) [PSYoungGen: 417133K->184558K(465920K)] 1250247K->1018082K(1345536K), 0.0206702 secs] [Times: user=0.03 sys=0.00, real=0.02 secs] 
2110.089: [GC (Allocation Failure) [PSYoungGen: 409769K->92110K(465920K)] 1243294K->925771K(1345536K), 0.0152459 secs] [Times: user=0.04 sys=0.00, real=0.01 secs] 
2111.336: [GC (Allocation Failure) [PSYoungGen: 325070K->37748K(465920K)] 1158731K->871717K(1345536K), 0.0059386 secs] [Times: user=0.02 sys=0.00, real=0.01 secs] 
2111.662: [GC (Allocation Failure) [PSYoungGen: 270708K->184301K(465920K)] 1104677K->1019515K(1345536K), 0.0204854 secs] [Times: user=0.02 sys=0.00, real=0.02 secs] 
2111.946: [GC (Allocation Failure) [PSYoungGen: 417261K->184655K(465920K)] 1252475K->1020150K(1345536K), 0.0205945 secs] [Times: user=0.03 sys=0.00, real=0.02 secs] 
2113.458: [GC (Allocation Failure) [PSYoungGen: 409795K->92014K(465920K)] 1245290K->927774K(1345536K), 0.0209200 secs] [Times: user=0.04 sys=0.00, real=0.03 secs] 
2115.239: [GC (Allocation Failure) [PSYoungGen: 324974K->37748K(465920K)] 1160734K->873816K(1345536K), 0.0073678 secs] [Times: user=0.02 sys=0.00, real=0.00 secs] 
2115.528: [GC (Allocation Failure) [PSYoungGen: 270708K->184301K(465920K)] 1106776K->1021615K(1345536K), 0.0205582 secs] [Times: user=0.03 sys=0.00, real=0.03 secs] 
2115.816: [GC (Allocation Failure) [PSYoungGen: 417261K->184526K(465920K)] 1254575K->1022250K(1345536K), 0.0205855 secs] [Times: user=0.03 sys=0.00, real=0.02 secs] 
2116.909: [GC (Allocation Failure) [PSYoungGen: 407515K->92078K(465920K)] 1245239K->929938K(1345536K), 0.0137101 secs] [Times: user=0.03 sys=0.00, real=0.01 secs] 
2118.610: [GC (Allocation Failure) [PSYoungGen: 325038K->37491K(465920K)] 1162898K->875665K(1345536K), 0.0073848 secs] [Times: user=0.02 sys=0.00, real=0.00 secs] 
2118.975: [GC (Allocation Failure) [PSYoungGen: 270451K->184430K(465920K)] 1108625K->1023841K(1345536K), 0.0207869 secs] [Times: user=0.03 sys=0.00, real=0.02 secs] 
2119.258: [GC (Allocation Failure) [PSYoungGen: 417390K->184558K(465920K)] 1256801K->1024251K(1345536K), 0.0207480 secs] [Times: user=0.03 sys=0.00, real=0.03 secs] 
2120.530: [GC (Allocation Failure) [PSYoungGen: 408165K->92191K(465920K)] 1247857K->932148K(1345536K), 0.0158138 secs] [Times: user=0.03 sys=0.00, real=0.01 secs] 
2122.352: [GC (Allocation Failure) [PSYoungGen: 325151K->37620K(465920K)] 1165108K->877891K(1345536K), 0.0074840 secs] [Times: user=0.01 sys=0.00, real=0.01 secs] 
2122.652: [GC (Allocation Failure) [PSYoungGen: 270580K->184430K(465920K)] 1110851K->1025954K(1345536K), 0.0206722 secs] [Times: user=0.03 sys=0.00, real=0.02 secs] 
2122.934: [GC (Allocation Failure) [PSYoungGen: 417390K->184301K(465920K)] 1258914K->1026107K(1345536K), 0.0207316 secs] [Times: user=0.03 sys=0.00, real=0.02 secs] 
2123.526: [GC (Allocation Failure) [PSYoungGen: 409345K->92335K(465920K)] 1251151K->934535K(1345536K), 0.0103625 secs] [Times: user=0.02 sys=0.00, real=0.01 secs] 
2125.192: [GC (Allocation Failure) [PSYoungGen: 325295K->37392K(465920K)] 1167495K->879768K(1345536K), 0.0067808 secs] [Times: user=0.02 sys=0.00, real=0.01 secs] 
2125.538: [GC (Allocation Failure) [PSYoungGen: 270352K->184687K(465920K)] 1112728K->1028301K(1345536K), 0.0207106 secs] [Times: user=0.03 sys=0.00, real=0.03 secs] 
2125.824: [GC (Allocation Failure) [PSYoungGen: 417647K->184687K(465920K)] 1261261K->1028582K(1345536K), 0.0207672 secs] [Times: user=0.03 sys=0.00, real=0.02 secs] 
2127.217: [GC (Allocation Failure) [PSYoungGen: 409820K->91950K(465920K)] 1253715K->936110K(1345536K), 0.0142547 secs] [Times: user=0.03 sys=0.00, real=0.02 secs] 
2129.276: [GC (Allocation Failure) [PSYoungGen: 324910K->37363K(465920K)] 1169070K->881831K(1345536K), 0.0080495 secs] [Times: user=0.02 sys=0.00, real=0.01 secs] 
2129.593: [GC (Allocation Failure) [PSYoungGen: 270323K->184333K(465920K)] 1114791K->1030055K(1345536K), 0.0206081 secs] [Times: user=0.03 sys=0.00, real=0.02 secs] 
2129.875: [GC (Allocation Failure) [PSYoungGen: 417293K->183754K(465920K)] 1263015K->1029750K(1345536K), 0.0205685 secs] [Times: user=0.03 sys=0.00, real=0.02 secs] 
2131.050: [GC (Allocation Failure) [PSYoungGen: 410733K->93363K(465920K)] 1256728K->939647K(1345536K), 0.0146364 secs] [Times: user=0.03 sys=0.00, real=0.01 secs] 
2133.059: [GC (Allocation Failure) [PSYoungGen: 326323K->37363K(465920K)] 1172607K->883963K(1345536K), 0.0075059 secs] [Times: user=0.02 sys=0.00, real=0.00 secs] 
2133.352: [GC (Allocation Failure) [PSYoungGen: 270323K->184558K(465920K)] 1116923K->1032404K(1345536K), 0.0210281 secs] [Times: user=0.03 sys=0.00, real=0.02 secs] 
2133.698: [GC (Allocation Failure) [PSYoungGen: 417518K->184815K(465920K)] 1265364K->1032934K(1345536K), 0.0210171 secs] [Times: user=0.03 sys=0.00, real=0.03 secs] 
2135.475: [GC (Allocation Failure) [PSYoungGen: 409874K->91950K(465920K)] 1257993K->940334K(1345536K), 0.0204875 secs] [Times: user=0.05 sys=0.00, real=0.02 secs] 
2137.730: [GC (Allocation Failure) [PSYoungGen: 324910K->37491K(465920K)] 1173294K->886175K(1345536K), 0.0076868 secs] [Times: user=0.01 sys=0.00, real=0.00 secs] 
2138.109: [GC (Allocation Failure) [PSYoungGen: 270451K->184719K(465920K)] 1119135K->1034777K(1345536K), 0.0207432 secs] [Times: user=0.03 sys=0.00, real=0.02 secs] 
2138.401: [GC (Allocation Failure) [PSYoungGen: 417679K->184687K(465920K)] 1267737K->1034881K(1345536K), 0.0205926 secs] [Times: user=0.03 sys=0.00, real=0.02 secs] 
2139.066: [GC (Allocation Failure) [PSYoungGen: 407236K->91789K(465920K)] 1257431K->942257K(1345536K), 0.0124749 secs] [Times: user=0.03 sys=0.00, real=0.01 secs] 
2140.012: [GC (Allocation Failure) [PSYoungGen: 324749K->38034K(465920K)] 1175217K->888812K(1345536K), 0.0069056 secs] [Times: user=0.02 sys=0.00, real=0.01 secs] 
2140.291: [GC (Allocation Failure) [PSYoungGen: 270994K->184687K(465920K)] 1121772K->1036726K(1345536K), 0.0210329 secs] [Times: user=0.03 sys=0.00, real=0.02 secs] 
2140.653: [GC (Allocation Failure) [PSYoungGen: 417647K->184687K(465920K)] 1269686K->1036999K(1345536K), 0.0205931 secs] [Times: user=0.03 sys=0.00, real=0.02 secs] 
2141.279: [GC (Allocation Failure) [PSYoungGen: 407240K->91355K(465920K)] 1259553K->943932K(1345536K), 0.0126088 secs] [Times: user=0.03 sys=0.00, real=0.01 secs] 
2142.187: [GC (Allocation Failure) [PSYoungGen: 324315K->38134K(465920K)] 1176892K->891029K(1345536K), 0.0058766 secs] [Times: user=0.01 sys=0.00, real=0.01 secs] 
2142.514: [GC (Allocation Failure) [PSYoungGen: 271094K->183916K(465920K)] 1123989K->1038057K(1345536K), 0.0208618 secs] [Times: user=0.03 sys=0.00, real=0.02 secs] 
2142.797: [GC (Allocation Failure) [PSYoungGen: 416876K->184398K(465920K)] 1271017K->1038804K(1345536K), 0.0206382 secs] [Times: user=0.03 sys=0.00, real=0.02 secs] 
2143.917: [GC (Allocation Failure) [PSYoungGen: 408082K->92223K(465920K)] 1262488K->946894K(1345536K), 0.0252969 secs] [Times: user=0.06 sys=0.00, real=0.03 secs] 
2146.174: [GC (Allocation Failure) [PSYoungGen: 325183K->37588K(465920K)] 1179854K->892567K(1345536K), 0.0090021 secs] [Times: user=0.02 sys=0.00, real=0.01 secs] 
2146.504: [GC (Allocation Failure) [PSYoungGen: 270548K->184430K(465920K)] 1125527K->1040655K(1345536K), 0.0207353 secs] [Times: user=0.03 sys=0.00, real=0.02 secs] 
2146.788: [GC (Allocation Failure) [PSYoungGen: 417390K->184494K(465920K)] 1273615K->1040992K(1345536K), 0.0206549 secs] [Times: user=0.03 sys=0.00, real=0.03 secs] 
2149.005: [GC (Allocation Failure) [PSYoungGen: 407551K->92110K(465920K)] 1264049K->948873K(1345536K), 0.0126185 secs] [Times: user=0.02 sys=0.00, real=0.01 secs] 
2150.277: [GC (Allocation Failure) [PSYoungGen: 325070K->37909K(465920K)] 1181833K->894982K(1345536K), 0.0067434 secs] [Times: user=0.01 sys=0.00, real=0.01 secs] 
2150.560: [GC (Allocation Failure) [PSYoungGen: 270869K->184430K(465920K)] 1127942K->1042885K(1345536K), 0.0207284 secs] [Times: user=0.03 sys=0.00, real=0.02 secs] 
2150.844: [GC (Allocation Failure) [PSYoungGen: 417390K->184526K(465920K)] 1275845K->1043118K(1345536K), 0.0204580 secs] [Times: user=0.03 sys=0.00, real=0.02 secs] 
2152.579: [GC (Allocation Failure) [PSYoungGen: 407074K->91853K(465920K)] 1265666K->950710K(1345536K), 0.0260742 secs] [Times: user=0.06 sys=0.00, real=0.02 secs] 
2154.767: [GC (Allocation Failure) [PSYoungGen: 324813K->37877K(465920K)] 1183670K->897050K(1345536K), 0.0075725 secs] [Times: user=0.01 sys=0.00, real=0.01 secs] 
2155.141: [GC (Allocation Failure) [PSYoungGen: 270837K->184462K(465920K)] 1130010K->1045009K(1345536K), 0.0208328 secs] [Times: user=0.03 sys=0.00, real=0.02 secs] 
2155.426: [GC (Allocation Failure) [PSYoungGen: 417422K->184526K(465920K)] 1277969K->1045226K(1345536K), 0.0205381 secs] [Times: user=0.03 sys=0.00, real=0.02 secs] 
2157.055: [GC (Allocation Failure) [PSYoungGen: 407074K->91853K(465920K)] 1267774K->952818K(1345536K), 0.0274615 secs] [Times: user=0.06 sys=0.00, real=0.03 secs] 
2158.284: [GC (Allocation Failure) [PSYoungGen: 324813K->37813K(465920K)] 1185778K->899077K(1345536K), 0.0075667 secs] [Times: user=0.02 sys=0.00, real=0.01 secs] 
2158.563: [GC (Allocation Failure) [PSYoungGen: 270773K->184815K(465920K)] 1132037K->1047326K(1345536K), 0.0207929 secs] [Times: user=0.03 sys=0.00, real=0.02 secs] 
2158.905: [GC (Allocation Failure) [PSYoungGen: 417775K->184109K(465920K)] 1280286K->1046900K(1345536K), 0.0205766 secs] [Times: user=0.03 sys=0.00, real=0.02 secs] 
2160.449: [GC (Allocation Failure) [PSYoungGen: 407159K->91853K(465920K)] 1269950K->954910K(1345536K), 0.0266466 secs] [Times: user=0.06 sys=0.01, real=0.02 secs] 
2162.211: [GC (Allocation Failure) [PSYoungGen: 324813K->38002K(465920K)] 1187870K->901367K(1345536K), 0.0067618 secs] [Times: user=0.02 sys=0.00, real=0.00 secs] 
2162.570: [GC (Allocation Failure) [PSYoungGen: 270962K->184719K(465920K)] 1134327K->1049329K(1345536K), 0.0207195 secs] [Times: user=0.03 sys=0.00, real=0.02 secs] 
2162.858: [GC (Allocation Failure) [PSYoungGen: 417679K->184687K(465920K)] 1282289K->1049706K(1345536K), 0.0205978 secs] [Times: user=0.03 sys=0.00, real=0.02 secs] 
2163.510: [GC (Allocation Failure) [PSYoungGen: 407133K->91307K(465920K)] 1272153K->956592K(1345536K), 0.0122522 secs] [Times: user=0.02 sys=0.00, real=0.01 secs] 
2165.364: [GC (Allocation Failure) [PSYoungGen: 324267K->37777K(465920K)] 1189552K->903238K(1345536K), 0.0079946 secs] [Times: user=0.02 sys=0.00, real=0.01 secs] 
2165.669: [GC (Allocation Failure) [PSYoungGen: 270737K->184687K(465920K)] 1136198K->1051521K(1345536K), 0.0209895 secs] [Times: user=0.03 sys=0.00, real=0.02 secs] 
2165.958: [GC (Allocation Failure) [PSYoungGen: 417647K->184655K(465920K)] 1284481K->1051642K(1345536K), 0.0207136 secs] [Times: user=0.03 sys=0.00, real=0.03 secs] 
2166.567: [GC (Allocation Failure) [PSYoungGen: 407217K->91596K(465920K)] 1274204K->958848K(1345536K), 0.0111224 secs] [Times: user=0.02 sys=0.00, real=0.01 secs] 
2167.420: [GC (Allocation Failure) [PSYoungGen: 324556K->38005K(465920K)] 1191808K->905571K(1345536K), 0.0090222 secs] [Times: user=0.02 sys=0.00, real=0.01 secs] 
2167.751: [GC (Allocation Failure) [PSYoungGen: 270965K->183819K(465920K)] 1138531K->1052622K(1345536K), 0.0209092 secs] [Times: user=0.03 sys=0.00, real=0.02 secs] 
2168.044: [GC (Allocation Failure) [PSYoungGen: 416779K->184398K(465920K)] 1285582K->1053474K(1345536K), 0.0205343 secs] [Times: user=0.02 sys=0.00, real=0.02 secs] 
2169.505: [GC (Allocation Failure) [PSYoungGen: 409623K->92512K(465920K)] 1278699K->961853K(1345536K), 0.0142571 secs] [Times: user=0.04 sys=0.00, real=0.02 secs] 
2171.179: [GC (Allocation Failure) [PSYoungGen: 325472K->37777K(465920K)] 1194813K->907427K(1345536K), 0.0090715 secs] [Times: user=0.03 sys=0.00, real=0.00 secs] 
2171.506: [GC (Allocation Failure) [PSYoungGen: 270737K->184655K(465920K)] 1140387K->1055550K(1345536K), 0.0208596 secs] [Times: user=0.03 sys=0.00, real=0.02 secs] 
2171.790: [GC (Allocation Failure) [PSYoungGen: 417615K->184719K(465920K)] 1288510K->1055895K(1345536K), 0.0206517 secs] [Times: user=0.03 sys=0.00, real=0.02 secs] 
2173.981: [GC (Allocation Failure) [PSYoungGen: 407291K->91644K(465920K)] 1278467K->963085K(1345536K), 0.0124493 secs] [Times: user=0.02 sys=0.00, real=0.01 secs] 
2174.775: [GC (Allocation Failure) [PSYoungGen: 324604K->38034K(465920K)] 1196045K->909792K(1345536K), 0.0059548 secs] [Times: user=0.02 sys=0.00, real=0.01 secs] 
2175.044: [GC (Allocation Failure) [PSYoungGen: 270994K->183916K(465920K)] 1142752K->1056926K(1345536K), 0.0210708 secs] [Times: user=0.03 sys=0.00, real=0.02 secs] 
2175.394: [GC (Allocation Failure) [PSYoungGen: 416876K->184398K(465920K)] 1289886K->1057690K(1345536K), 0.0206864 secs] [Times: user=0.03 sys=0.00, real=0.02 secs] 
2176.004: [GC (Allocation Failure) [PSYoungGen: 409611K->92367K(465920K)] 1282903K->965924K(1345536K), 0.0126028 secs] [Times: user=0.03 sys=0.00, real=0.01 secs] 
2176.818: [GC (Allocation Failure) [PSYoungGen: 325327K->38005K(465920K)] 1198884K->911884K(1345536K), 0.0060507 secs] [Times: user=0.01 sys=0.00, real=0.00 secs] 
2177.148: [GC (Allocation Failure) [PSYoungGen: 270965K->184687K(465920K)] 1144844K->1059811K(1345536K), 0.0211062 secs] [Times: user=0.03 sys=0.00, real=0.03 secs] 
2177.437: [GC (Allocation Failure) [PSYoungGen: 417647K->184719K(465920K)] 1292771K->1060124K(1345536K), 0.0206377 secs] [Times: user=0.02 sys=0.00, real=0.02 secs] 
2178.049: [GC (Allocation Failure) [PSYoungGen: 407266K->91371K(465920K)] 1282671K->967041K(1345536K), 0.0115855 secs] [Times: user=0.02 sys=0.01, real=0.01 secs] 
2178.847: [GC (Allocation Failure) [PSYoungGen: 324331K->38034K(465920K)] 1200001K->914021K(1345536K), 0.0059284 secs] [Times: user=0.01 sys=0.00, real=0.01 secs] 
2179.117: [GC (Allocation Failure) [PSYoungGen: 270994K->183916K(465920K)] 1146981K->1061156K(1345536K), 0.0206700 secs] [Times: user=0.03 sys=0.00, real=0.02 secs] 
2179.404: [GC (Allocation Failure) [PSYoungGen: 416876K->184398K(465920K)] 1294116K->1061919K(1345536K), 0.0204296 secs] [Times: user=0.03 sys=0.00, real=0.02 secs] 
2181.376: [GC (Allocation Failure) [PSYoungGen: 408122K->92367K(465920K)] 1285643K->970153K(1345536K), 0.0278115 secs] [Times: user=0.06 sys=0.00, real=0.03 secs] 
2183.154: [GC (Allocation Failure) [PSYoungGen: 325327K->37906K(465920K)] 1203113K->916008K(1345536K), 0.0076429 secs] [Times: user=0.02 sys=0.00, real=0.01 secs] 
2183.533: [GC (Allocation Failure) [PSYoungGen: 270866K->184430K(465920K)] 1148968K->1063906K(1345536K), 0.0207389 secs] [Times: user=0.03 sys=0.00, real=0.02 secs] 
2183.554: [Full GC (Ergonomics) [PSYoungGen: 184430K->0K(465920K)] [ParOldGen: 879476K->529921K(891392K)] 1063906K->529921K(1357312K), [Metaspace: 56430K->56306K(1101824K)], 0.0591122 secs] [Times: user=0.24 sys=0.00, real=0.06 secs] 
2183.932: [GC (Allocation Failure) [PSYoungGen: 232960K->184558K(465920K)] 762881K->714480K(1357312K), 0.0202434 secs] [Times: user=0.02 sys=0.00, real=0.02 secs] 
2185.433: [GC (Allocation Failure) [PSYoungGen: 407106K->91869K(465920K)] 937027K->622088K(1357312K), 0.0157193 secs] [Times: user=0.03 sys=0.00, real=0.02 secs] 
2187.515: [GC (Allocation Failure) [PSYoungGen: 324829K->37491K(465920K)] 855048K->568026K(1357312K), 0.0066027 secs] [Times: user=0.02 sys=0.00, real=0.01 secs] 
2187.807: [GC (Allocation Failure) [PSYoungGen: 270451K->184719K(465920K)] 800986K->716499K(1357312K), 0.0201092 secs] [Times: user=0.03 sys=0.00, real=0.02 secs] 
2188.154: [GC (Allocation Failure) [PSYoungGen: 417679K->186486K(465920K)] 949459K->718676K(1357312K), 0.0206998 secs] [Times: user=0.03 sys=0.00, real=0.02 secs] 
2189.362: [GC (Allocation Failure) [PSYoungGen: 408284K->90022K(465920K)] 940474K->622477K(1357312K), 0.0161365 secs] [Times: user=0.03 sys=0.00, real=0.01 secs] 
2190.480: [GC (Allocation Failure) [PSYoungGen: 322982K->38005K(465920K)] 855437K->570634K(1357312K), 0.0062642 secs] [Times: user=0.01 sys=0.00, real=0.00 secs] 
2190.824: [GC (Allocation Failure) [PSYoungGen: 270965K->184173K(465920K)] 803594K->718063K(1357312K), 0.0202747 secs] [Times: user=0.02 sys=0.00, real=0.02 secs] 
2191.109: [GC (Allocation Failure) [PSYoungGen: 417133K->184590K(465920K)] 951023K->718753K(1357312K), 0.0202519 secs] [Times: user=0.03 sys=0.00, real=0.02 secs] 
2192.092: [GC (Allocation Failure) [PSYoungGen: 409779K->91982K(465920K)] 943942K->626410K(1357312K), 0.0120207 secs] [Times: user=0.02 sys=0.00, real=0.01 secs] 
2192.980: [GC (Allocation Failure) [PSYoungGen: 324942K->38005K(465920K)] 859370K->572752K(1357312K), 0.0054530 secs] [Times: user=0.01 sys=0.00, real=0.00 secs] 
2193.250: [GC (Allocation Failure) [PSYoungGen: 270965K->184815K(465920K)] 805712K->720815K(1357312K), 0.0201450 secs] [Times: user=0.03 sys=0.00, real=0.02 secs] 
2193.541: [GC (Allocation Failure) [PSYoungGen: 417775K->184687K(465920K)] 953775K->720968K(1357312K), 0.0199592 secs] [Times: user=0.03 sys=0.00, real=0.02 secs] 
2195.232: [GC (Allocation Failure) [PSYoungGen: 406644K->91178K(465920K)] 942926K->627725K(1357312K), 0.0183586 secs] [Times: user=0.03 sys=0.01, real=0.02 secs] 
2197.237: [GC (Allocation Failure) [PSYoungGen: 324138K->37649K(465920K)] 860685K->574505K(1357312K), 0.0072522 secs] [Times: user=0.02 sys=0.00, real=0.01 secs] 
2197.544: [GC (Allocation Failure) [PSYoungGen: 270609K->184430K(465920K)] 807465K->722531K(1357312K), 0.0203170 secs] [Times: user=0.02 sys=0.00, real=0.02 secs] 
2197.829: [GC (Allocation Failure) [PSYoungGen: 417390K->184590K(465920K)] 955491K->722973K(1357312K), 0.0202149 secs] [Times: user=0.03 sys=0.00, real=0.02 secs] 
2198.445: [GC (Allocation Failure) [PSYoungGen: 407637K->92126K(465920K)] 946019K->630774K(1357312K), 0.0111475 secs] [Times: user=0.02 sys=0.00, real=0.01 secs] 
2199.679: [GC (Allocation Failure) [PSYoungGen: 325086K->37652K(465920K)] 863734K->576616K(1357312K), 0.0053372 secs] [Times: user=0.01 sys=0.00, real=0.00 secs] 
2199.950: [GC (Allocation Failure) [PSYoungGen: 270612K->184494K(465920K)] 809576K->724832K(1357312K), 0.0201559 secs] [Times: user=0.03 sys=0.00, real=0.02 secs] 
2200.295: [GC (Allocation Failure) [PSYoungGen: 417454K->184558K(465920K)] 957792K->725065K(1357312K), 0.0202428 secs] [Times: user=0.03 sys=0.00, real=0.02 secs] 
2201.180: [GC (Allocation Failure) [PSYoungGen: 407621K->92110K(465920K)] 948128K->632882K(1357312K), 0.0118008 secs] [Times: user=0.03 sys=0.00, real=0.01 secs] 
2202.504: [GC (Allocation Failure) [PSYoungGen: 325070K->37620K(465920K)] 865842K->578697K(1357312K), 0.0060735 secs] [Times: user=0.01 sys=0.00, real=0.01 secs] 
2202.833: [GC (Allocation Failure) [PSYoungGen: 270580K->184430K(465920K)] 811657K->726881K(1357312K), 0.0203192 secs] [Times: user=0.02 sys=0.00, real=0.02 secs] 
2203.116: [GC (Allocation Failure) [PSYoungGen: 417390K->184558K(465920K)] 959841K->727154K(1357312K), 0.0201915 secs] [Times: user=0.02 sys=0.00, real=0.02 secs] 
2204.863: [GC (Allocation Failure) [PSYoungGen: 407620K->92110K(465920K)] 950216K->634979K(1357312K), 0.0154748 secs] [Times: user=0.03 sys=0.00, real=0.02 secs] 
2205.908: [GC (Allocation Failure) [PSYoungGen: 325070K->37874K(465920K)] 867939K->581053K(1357312K), 0.0053963 secs] [Times: user=0.01 sys=0.00, real=0.01 secs] 
2206.177: [GC (Allocation Failure) [PSYoungGen: 270834K->184976K(465920K)] 814013K->729401K(1357312K), 0.0201450 secs] [Times: user=0.03 sys=0.00, real=0.02 secs] 
2206.519: [GC (Allocation Failure) [PSYoungGen: 417936K->184173K(465920K)] 962361K->728878K(1357312K), 0.0202362 secs] [Times: user=0.03 sys=0.00, real=0.02 secs] 
2207.437: [GC (Allocation Failure) [PSYoungGen: 407004K->91693K(465920K)] 951710K->636663K(1357312K), 0.0249740 secs] [Times: user=0.05 sys=0.00, real=0.03 secs] 
2209.022: [GC (Allocation Failure) [PSYoungGen: 324653K->37877K(465920K)] 869623K->583161K(1357312K), 0.0063978 secs] [Times: user=0.01 sys=0.00, real=0.01 secs] 
2209.377: [GC (Allocation Failure) [PSYoungGen: 270837K->184430K(465920K)] 816121K->730960K(1357312K), 0.0202962 secs] [Times: user=0.02 sys=0.00, real=0.02 secs] 
2209.659: [GC (Allocation Failure) [PSYoungGen: 417390K->184333K(465920K)] 963920K->731136K(1357312K), 0.0200490 secs] [Times: user=0.03 sys=0.00, real=0.02 secs] 
2210.799: [GC (Allocation Failure) [PSYoungGen: 409411K->92110K(465920K)] 956214K->639307K(1357312K), 0.0157693 secs] [Times: user=0.03 sys=0.00, real=0.01 secs] 
2211.788: [GC (Allocation Failure) [PSYoungGen: 325070K->38005K(465920K)] 872267K->585386K(1357312K), 0.0057067 secs] [Times: user=0.01 sys=0.00, real=0.01 secs] 
2212.057: [GC (Allocation Failure) [PSYoungGen: 270965K->184301K(465920K)] 818346K->732927K(1357312K), 0.0200932 secs] [Times: user=0.02 sys=0.00, real=0.02 secs] 
2212.345: [GC (Allocation Failure) [PSYoungGen: 417261K->184687K(465920K)] 965887K->733594K(1357312K), 0.0201573 secs] [Times: user=0.02 sys=0.00, real=0.02 secs] 
2213.714: [GC (Allocation Failure) [PSYoungGen: 407509K->91725K(465920K)] 956416K->640897K(1357312K), 0.0251785 secs] [Times: user=0.05 sys=0.00, real=0.03 secs] 
2216.160: [GC (Allocation Failure) [PSYoungGen: 324685K->37906K(465920K)] 873857K->587396K(1357312K), 0.0084176 secs] [Times: user=0.02 sys=0.00, real=0.01 secs] 
2216.486: [GC (Allocation Failure) [PSYoungGen: 270866K->184687K(465920K)] 820356K->735422K(1357312K), 0.0202248 secs] [Times: user=0.02 sys=0.01, real=0.02 secs] 
2216.824: [GC (Allocation Failure) [PSYoungGen: 417647K->184719K(465920K)] 968382K->735728K(1357312K), 0.0201399 secs] [Times: user=0.02 sys=0.00, real=0.02 secs] 
2218.326: [GC (Allocation Failure) [PSYoungGen: 407277K->91484K(465920K)] 958286K->642757K(1357312K), 0.0125101 secs] [Times: user=0.02 sys=0.01, real=0.01 secs] 
2220.021: [GC (Allocation Failure) [PSYoungGen: 324444K->37780K(465920K)] 875717K->589364K(1357312K), 0.0073583 secs] [Times: user=0.02 sys=0.00, real=0.01 secs] 
2220.336: [GC (Allocation Failure) [PSYoungGen: 270740K->184719K(465920K)] 822324K->737556K(1357312K), 0.0200716 secs] [Times: user=0.03 sys=0.00, real=0.02 secs] 
2220.622: [GC (Allocation Failure) [PSYoungGen: 417679K->184687K(465920K)] 970516K->737797K(1357312K), 0.0201565 secs] [Times: user=0.02 sys=0.00, real=0.02 secs] 
2222.168: [GC (Allocation Failure) [PSYoungGen: 407242K->91564K(465920K)] 960353K->644940K(1357312K), 0.0186800 secs] [Times: user=0.03 sys=0.00, real=0.01 secs] 
2224.400: [GC (Allocation Failure) [PSYoungGen: 324524K->37491K(465920K)] 877900K->591176K(1357312K), 0.0088292 secs] [Times: user=0.02 sys=0.00, real=0.01 secs] 
2224.811: [GC (Allocation Failure) [PSYoungGen: 270451K->183787K(465920K)] 824136K->738718K(1357312K), 0.0202537 secs] [Times: user=0.02 sys=0.00, real=0.02 secs] 
2225.102: [GC (Allocation Failure) [PSYoungGen: 416747K->184430K(465920K)] 971678K->739642K(1357312K), 0.0201068 secs] [Times: user=0.02 sys=0.00, real=0.02 secs] 
2226.321: [GC (Allocation Failure) [PSYoungGen: 409723K->93010K(465920K)] 964935K->648487K(1357312K), 0.0154064 secs] [Times: user=0.03 sys=0.00, real=0.01 secs] 
2227.217: [GC (Allocation Failure) [PSYoungGen: 325970K->38034K(465920K)] 881447K->593819K(1357312K), 0.0053206 secs] [Times: user=0.01 sys=0.00, real=0.01 secs] 
2227.545: [GC (Allocation Failure) [PSYoungGen: 270994K->184687K(465920K)] 826779K->741717K(1357312K), 0.0201844 secs] [Times: user=0.03 sys=0.00, real=0.02 secs] 
2227.891: [GC (Allocation Failure) [PSYoungGen: 417647K->184687K(465920K)] 974677K->741998K(1357312K), 0.0201938 secs] [Times: user=0.03 sys=0.00, real=0.02 secs] 
2229.913: [GC (Allocation Failure) [PSYoungGen: 407292K->91339K(465920K)] 964603K->648915K(1357312K), 0.0239774 secs] [Times: user=0.05 sys=0.00, real=0.02 secs] 
2231.709: [GC (Allocation Failure) [PSYoungGen: 324299K->37877K(465920K)] 881875K->595761K(1357312K), 0.0063394 secs] [Times: user=0.02 sys=0.00, real=0.00 secs] 
2231.987: [GC (Allocation Failure) [PSYoungGen: 270837K->183787K(465920K)] 828721K->742925K(1357312K), 0.0202050 secs] [Times: user=0.02 sys=0.00, real=0.02 secs] 
2232.328: [GC (Allocation Failure) [PSYoungGen: 416747K->184687K(465920K)] 975885K->744098K(1357312K), 0.0200593 secs] [Times: user=0.03 sys=0.00, real=0.02 secs] 
2233.395: [GC (Allocation Failure) [PSYoungGen: 410112K->92335K(465920K)] 969523K->652011K(1357312K), 0.0144084 secs] [Times: user=0.03 sys=0.01, real=0.02 secs] 
2235.071: [GC (Allocation Failure) [PSYoungGen: 325295K->37520K(465920K)] 884971K->597505K(1357312K), 0.0061984 secs] [Times: user=0.01 sys=0.00, real=0.00 secs] 
2235.351: [GC (Allocation Failure) [PSYoungGen: 270480K->184719K(465920K)] 830465K->745941K(1357312K), 0.0202010 secs] [Times: user=0.03 sys=0.00, real=0.02 secs] 
2235.639: [GC (Allocation Failure) [PSYoungGen: 417679K->184655K(465920K)] 978901K->746158K(1357312K), 0.0200584 secs] [Times: user=0.03 sys=0.00, real=0.02 secs] 
2237.728: [GC (Allocation Failure) [PSYoungGen: 407205K->91853K(465920K)] 968708K->653621K(1357312K), 0.0244564 secs] [Times: user=0.05 sys=0.00, real=0.02 secs] 
2239.954: [GC (Allocation Failure) [PSYoungGen: 324813K->37777K(465920K)] 886581K->599853K(1357312K), 0.0069680 secs] [Times: user=0.02 sys=0.00, real=0.01 secs] 
2240.256: [GC (Allocation Failure) [PSYoungGen: 270737K->184944K(465920K)] 832813K->748265K(1357312K), 0.0203740 secs] [Times: user=0.03 sys=0.00, real=0.02 secs] 
2240.539: [GC (Allocation Failure) [PSYoungGen: 417904K->184301K(465920K)] 981225K->747896K(1357312K), 0.0202897 secs] [Times: user=0.02 sys=0.00, real=0.02 secs] 
2241.182: [GC (Allocation Failure) [PSYoungGen: 407161K->91725K(465920K)] 970755K->655713K(1357312K), 0.0110608 secs] [Times: user=0.02 sys=0.00, real=0.01 secs] 
2242.031: [GC (Allocation Failure) [PSYoungGen: 324685K->38134K(465920K)] 888673K->602296K(1357312K), 0.0069189 secs] [Times: user=0.02 sys=0.00, real=0.00 secs] 
2242.332: [GC (Allocation Failure) [PSYoungGen: 271094K->184719K(465920K)] 835256K->750126K(1357312K), 0.0202702 secs] [Times: user=0.03 sys=0.00, real=0.02 secs] 
2242.677: [GC (Allocation Failure) [PSYoungGen: 417679K->184655K(465920K)] 983086K->750472K(1357312K), 0.0202584 secs] [Times: user=0.03 sys=0.00, real=0.02 secs] 
2244.022: [GC (Allocation Failure) [PSYoungGen: 407099K->91210K(465920K)] 972916K->657293K(1357312K), 0.0136509 secs] [Times: user=0.02 sys=0.00, real=0.01 secs] 
2244.849: [GC (Allocation Failure) [PSYoungGen: 324170K->38134K(465920K)] 890253K->604393K(1357312K), 0.0063901 secs] [Times: user=0.01 sys=0.00, real=0.00 secs] 
2245.129: [GC (Allocation Failure) [PSYoungGen: 271094K->184719K(465920K)] 837353K->752360K(1357312K), 0.0204400 secs] [Times: user=0.02 sys=0.00, real=0.02 secs] 
2245.420: [GC (Allocation Failure) [PSYoungGen: 417679K->184719K(465920K)] 985320K->752513K(1357312K), 0.0202656 secs] [Times: user=0.03 sys=0.00, real=0.02 secs] 
2247.432: [GC (Allocation Failure) [PSYoungGen: 407154K->91242K(465920K)] 974948K->659302K(1357312K), 0.0196572 secs] [Times: user=0.04 sys=0.00, real=0.02 secs] 
2250.680: [GC (Allocation Failure) [PSYoungGen: 324202K->37780K(465920K)] 892262K->606153K(1357312K), 0.0069835 secs] [Times: user=0.02 sys=0.00, real=0.00 secs] 
2251.058: [GC (Allocation Failure) [PSYoungGen: 270740K->184719K(465920K)] 839113K->754337K(1357312K), 0.0202860 secs] [Times: user=0.03 sys=0.00, real=0.02 secs] 
2251.398: [GC (Allocation Failure) [PSYoungGen: 417679K->184655K(465920K)] 987297K->754554K(1357312K), 0.0200856 secs] [Times: user=0.02 sys=0.00, real=0.02 secs] 
2253.702: [GC (Allocation Failure) [PSYoungGen: 407215K->91596K(465920K)] 977115K->661761K(1357312K), 0.0249851 secs] [Times: user=0.05 sys=0.01, real=0.02 secs] 
2255.608: [GC (Allocation Failure) [PSYoungGen: 324556K->37877K(465920K)] 894721K->608343K(1357312K), 0.0061646 secs] [Times: user=0.02 sys=0.00, real=0.00 secs] 
2255.887: [GC (Allocation Failure) [PSYoungGen: 270837K->183658K(465920K)] 841303K->755371K(1357312K), 0.0201524 secs] [Times: user=0.02 sys=0.00, real=0.02 secs] 
2256.171: [GC (Allocation Failure) [PSYoungGen: 416618K->184526K(465920K)] 988331K->756519K(1357312K), 0.0200976 secs] [Times: user=0.02 sys=0.00, real=0.02 secs] 
2257.013: [GC (Allocation Failure) [PSYoungGen: 408485K->92592K(465920K)] 980478K->664850K(1357312K), 0.0187375 secs] [Times: user=0.04 sys=0.00, real=0.02 secs] 
2257.839: [GC (Allocation Failure) [PSYoungGen: 325552K->38005K(465920K)] 897810K->610577K(1357312K), 0.0060452 secs] [Times: user=0.02 sys=0.00, real=0.00 secs] 
2258.117: [GC (Allocation Failure) [PSYoungGen: 270965K->184976K(465920K)] 843537K->758793K(1357312K), 0.0202114 secs] [Times: user=0.03 sys=0.00, real=0.02 secs] 
2258.403: [GC (Allocation Failure) [PSYoungGen: 417936K->184301K(465920K)] 991753K->758400K(1357312K), 0.0200747 secs] [Times: user=0.03 sys=0.00, real=0.02 secs] 
2259.971: [GC (Allocation Failure) [PSYoungGen: 406928K->91452K(465920K)] 981027K->665952K(1357312K), 0.0214415 secs] [Times: user=0.04 sys=0.00, real=0.02 secs] 
2261.974: [GC (Allocation Failure) [PSYoungGen: 324412K->38163K(465920K)] 898912K->612850K(1357312K), 0.0069695 secs] [Times: user=0.02 sys=0.00, real=0.01 secs] 
2262.351: [GC (Allocation Failure) [PSYoungGen: 271123K->184687K(465920K)] 845810K->760620K(1357312K), 0.0205063 secs] [Times: user=0.03 sys=0.00, real=0.02 secs] 
2262.694: [GC (Allocation Failure) [PSYoungGen: 417647K->184687K(465920K)] 993580K->761021K(1357312K), 0.0201732 secs] [Times: user=0.03 sys=0.00, real=0.02 secs] 
2264.725: [GC (Allocation Failure) [PSYoungGen: 407130K->91274K(465920K)] 983464K->667874K(1357312K), 0.0163259 secs] [Times: user=0.04 sys=0.00, real=0.02 secs] 
2266.376: [GC (Allocation Failure) [PSYoungGen: 324234K->38005K(465920K)] 900834K->614785K(1357312K), 0.0063439 secs] [Times: user=0.01 sys=0.00, real=0.01 secs] 
2266.659: [GC (Allocation Failure) [PSYoungGen: 270965K->183916K(465920K)] 847745K->761941K(1357312K), 0.0202319 secs] [Times: user=0.03 sys=0.00, real=0.02 secs] 
2267.000: [GC (Allocation Failure) [PSYoungGen: 416876K->184430K(465920K)] 994901K->762736K(1357312K), 0.0201478 secs] [Times: user=0.02 sys=0.00, real=0.02 secs] 
2268.581: [GC (Allocation Failure) [PSYoungGen: 409650K->92367K(465920K)] 987956K->670938K(1357312K), 0.0173400 secs] [Times: user=0.03 sys=0.00, real=0.02 secs] 
2270.467: [GC (Allocation Failure) [PSYoungGen: 325327K->37649K(465920K)] 903898K->616534K(1357312K), 0.0066157 secs] [Times: user=0.02 sys=0.00, real=0.01 secs] 
2270.761: [GC (Allocation Failure) [PSYoungGen: 270609K->184044K(465920K)] 849494K->764174K(1357312K), 0.0219916 secs] [Times: user=0.03 sys=0.00, real=0.02 secs] 
2271.049: [GC (Allocation Failure) [PSYoungGen: 417004K->184526K(465920K)] 997134K->764938K(1357312K), 0.0202316 secs] [Times: user=0.02 sys=0.00, real=0.02 secs] 
2272.479: [GC (Allocation Failure) [PSYoungGen: 409681K->92464K(465920K)] 990093K->673140K(1357312K), 0.0164054 secs] [Times: user=0.04 sys=0.00, real=0.01 secs] 
2274.079: [GC (Allocation Failure) [PSYoungGen: 325424K->37906K(465920K)] 906100K->618890K(1357312K), 0.0069025 secs] [Times: user=0.02 sys=0.00, real=0.00 secs] 
2274.369: [GC (Allocation Failure) [PSYoungGen: 270866K->184044K(465920K)] 851850K->766274K(1357312K), 0.0201790 secs] [Times: user=0.02 sys=0.00, real=0.02 secs] 
2274.708: [GC (Allocation Failure) [PSYoungGen: 417004K->184590K(465920K)] 999234K->767093K(1357312K), 0.0201648 secs] [Times: user=0.03 sys=0.00, real=0.02 secs] 
2275.628: [GC (Allocation Failure) [PSYoungGen: 409649K->92239K(465920K)] 992153K->675135K(1357312K), 0.0122923 secs] [Times: user=0.02 sys=0.00, real=0.02 secs] 
2277.183: [GC (Allocation Failure) [PSYoungGen: 325199K->37906K(465920K)] 908095K->620978K(1357312K), 0.0064603 secs] [Times: user=0.02 sys=0.00, real=0.01 secs] 
2277.465: [GC (Allocation Failure) [PSYoungGen: 270866K->184687K(465920K)] 853938K->769005K(1357312K), 0.0202247 secs] [Times: user=0.02 sys=0.00, real=0.02 secs] 
2277.749: [GC (Allocation Failure) [PSYoungGen: 417647K->184655K(465920K)] 1001965K->769246K(1357312K), 0.0202334 secs] [Times: user=0.03 sys=0.00, real=0.02 secs] 
2278.893: [GC (Allocation Failure) [PSYoungGen: 407219K->91467K(465920K)] 991810K->676324K(1357312K), 0.0120646 secs] [Times: user=0.02 sys=0.00, real=0.01 secs] 
2279.714: [GC (Allocation Failure) [PSYoungGen: 324427K->38005K(465920K)] 909284K->623177K(1357312K), 0.0056434 secs] [Times: user=0.01 sys=0.00, real=0.01 secs] 
2280.042: [GC (Allocation Failure) [PSYoungGen: 270965K->183819K(465920K)] 856137K->770245K(1357312K), 0.0202029 secs] [Times: user=0.03 sys=0.00, real=0.02 secs] 
2280.328: [GC (Allocation Failure) [PSYoungGen: 416779K->184398K(465920K)] 1003205K->771104K(1357312K), 0.0202634 secs] [Times: user=0.03 sys=0.00, real=0.02 secs] 
2282.060: [GC (Allocation Failure) [PSYoungGen: 409635K->92432K(465920K)] 996341K->679404K(1357312K), 0.0163684 secs] [Times: user=0.03 sys=0.00, real=0.01 secs] 
2283.795: [GC (Allocation Failure) [PSYoungGen: 325392K->37748K(465920K)] 912364K->625030K(1357312K), 0.0055963 secs] [Times: user=0.01 sys=0.00, real=0.01 secs] 
2284.125: [GC (Allocation Failure) [PSYoungGen: 270708K->184687K(465920K)] 857990K->773214K(1357312K), 0.0202572 secs] [Times: user=0.03 sys=0.00, real=0.02 secs] 
2284.409: [GC (Allocation Failure) [PSYoungGen: 417647K->184687K(465920K)] 1006174K->773624K(1357312K), 0.0203479 secs] [Times: user=0.03 sys=0.00, real=0.02 secs] 
2286.122: [GC (Allocation Failure) [PSYoungGen: 407385K->91564K(465920K)] 996322K->680766K(1357312K), 0.0201931 secs] [Times: user=0.04 sys=0.00, real=0.02 secs] 
2287.897: [GC (Allocation Failure) [PSYoungGen: 324524K->37748K(465920K)] 913726K->627130K(1357312K), 0.0066703 secs] [Times: user=0.02 sys=0.00, real=0.01 secs] 
2288.263: [GC (Allocation Failure) [PSYoungGen: 270708K->183819K(465920K)] 860090K->774438K(1357312K), 0.0203530 secs] [Times: user=0.03 sys=0.00, real=0.02 secs] 
2288.546: [GC (Allocation Failure) [PSYoungGen: 416779K->184269K(465920K)] 1007398K->775298K(1357312K), 0.0201939 secs] [Times: user=0.03 sys=0.00, real=0.02 secs] 
2289.681: [GC (Allocation Failure) [PSYoungGen: 408090K->92881K(465920K)] 999119K->684047K(1357312K), 0.0136877 secs] [Times: user=0.02 sys=0.00, real=0.01 secs] 
2290.509: [GC (Allocation Failure) [PSYoungGen: 325841K->37877K(465920K)] 917007K->629348K(1357312K), 0.0057583 secs] [Times: user=0.02 sys=0.00, real=0.00 secs] 
2290.786: [GC (Allocation Failure) [PSYoungGen: 270837K->184944K(465920K)] 862308K->777660K(1357312K), 0.0203306 secs] [Times: user=0.03 sys=0.00, real=0.02 secs] 
2291.070: [GC (Allocation Failure) [PSYoungGen: 417904K->184141K(465920K)] 1010620K->777267K(1357312K), 0.0201468 secs] [Times: user=0.02 sys=0.00, real=0.02 secs] 
2291.698: [GC (Allocation Failure) [PSYoungGen: 407115K->91693K(465920K)] 1000242K->684955K(1357312K), 0.0106434 secs] [Times: user=0.02 sys=0.00, real=0.01 secs] 
2292.519: [GC (Allocation Failure) [PSYoungGen: 324653K->38005K(465920K)] 917915K->631584K(1357312K), 0.0064841 secs] [Times: user=0.02 sys=0.00, real=0.00 secs] 
2292.795: [GC (Allocation Failure) [PSYoungGen: 270965K->184719K(465920K)] 864544K->779551K(1357312K), 0.0204334 secs] [Times: user=0.02 sys=0.00, real=0.02 secs] 
2293.083: [GC (Allocation Failure) [PSYoungGen: 417679K->184719K(465920K)] 1012511K->779960K(1357312K), 0.0203339 secs] [Times: user=0.02 sys=0.00, real=0.02 secs] 
2293.716: [GC (Allocation Failure) [PSYoungGen: 407164K->91371K(465920K)] 1002406K->686878K(1357312K), 0.0111029 secs] [Times: user=0.02 sys=0.00, real=0.01 secs] 
2294.534: [GC (Allocation Failure) [PSYoungGen: 324331K->38034K(465920K)] 919838K->633737K(1357312K), 0.0055119 secs] [Times: user=0.01 sys=0.00, real=0.01 secs] 
2294.802: [GC (Allocation Failure) [PSYoungGen: 270994K->183916K(465920K)] 866697K->780864K(1357312K), 0.0200776 secs] [Times: user=0.02 sys=0.00, real=0.02 secs] 
2295.140: [GC (Allocation Failure) [PSYoungGen: 416876K->184430K(465920K)] 1013824K->781787K(1357312K), 0.0202721 secs] [Times: user=0.02 sys=0.00, real=0.02 secs] 
2296.300: [GC (Allocation Failure) [PSYoungGen: 409657K->92415K(465920K)] 1007015K->689909K(1357312K), 0.0194634 secs] [Times: user=0.04 sys=0.00, real=0.02 secs] 
2297.219: [GC (Allocation Failure) [PSYoungGen: 325375K->38166K(465920K)] 922869K->635970K(1357312K), 0.0055625 secs] [Times: user=0.02 sys=0.00, real=0.00 secs] 
2297.489: [GC (Allocation Failure) [PSYoungGen: 271126K->184687K(465920K)] 868930K->783736K(1357312K), 0.0202532 secs] [Times: user=0.03 sys=0.00, real=0.02 secs] 
2297.833: [GC (Allocation Failure) [PSYoungGen: 417647K->184687K(465920K)] 1016696K->784146K(1357312K), 0.0202152 secs] [Times: user=0.02 sys=0.00, real=0.02 secs] 
2299.209: [GC (Allocation Failure) [PSYoungGen: 407119K->91210K(465920K)] 1006578K->690935K(1357312K), 0.0246935 secs] [Times: user=0.05 sys=0.00, real=0.02 secs] 
2301.546: [GC (Allocation Failure) [PSYoungGen: 324170K->37780K(465920K)] 923895K->637684K(1357312K), 0.0073167 secs] [Times: user=0.02 sys=0.00, real=0.01 secs] 
2301.941: [GC (Allocation Failure) [PSYoungGen: 270740K->183819K(465920K)] 870644K->784977K(1357312K), 0.0201101 secs] [Times: user=0.03 sys=0.00, real=0.02 secs] 
2302.224: [GC (Allocation Failure) [PSYoungGen: 416779K->184655K(465920K)] 1017937K->786093K(1357312K), 0.0203032 secs] [Times: user=0.02 sys=0.00, real=0.02 secs] 
2303.040: [GC (Allocation Failure) [PSYoungGen: 410071K->92512K(465920K)] 1011510K->694215K(1357312K), 0.0117501 secs] [Times: user=0.02 sys=0.00, real=0.01 secs] 
2303.864: [GC (Allocation Failure) [PSYoungGen: 325472K->38005K(465920K)] 927175K->640027K(1357312K), 0.0055749 secs] [Times: user=0.01 sys=0.00, real=0.01 secs] 
2304.193: [GC (Allocation Failure) [PSYoungGen: 270965K->184687K(465920K)] 872987K->788083K(1357312K), 0.0203777 secs] [Times: user=0.03 sys=0.00, real=0.02 secs] 
2304.477: [GC (Allocation Failure) [PSYoungGen: 417647K->184687K(465920K)] 1021043K->788235K(1357312K), 0.0203156 secs] [Times: user=0.02 sys=0.00, real=0.02 secs] 
2306.444: [GC (Allocation Failure) [PSYoungGen: 407251K->91339K(465920K)] 1010800K->695152K(1357312K), 0.0190502 secs] [Times: user=0.04 sys=0.00, real=0.02 secs] 
2307.615: [GC (Allocation Failure) [PSYoungGen: 324299K->38005K(465920K)] 928112K->642129K(1357312K), 0.0054360 secs] [Times: user=0.02 sys=0.00, real=0.01 secs] 
2307.882: [GC (Allocation Failure) [PSYoungGen: 270965K->183819K(465920K)] 875089K->789188K(1357312K), 0.0201257 secs] [Times: user=0.03 sys=0.00, real=0.02 secs] 
2308.225: [GC (Allocation Failure) [PSYoungGen: 416779K->184655K(465920K)] 1022148K->790305K(1357312K), 0.0203751 secs] [Times: user=0.03 sys=0.00, real=0.02 secs] 
2309.753: [GC (Allocation Failure) [PSYoungGen: 410112K->92303K(465920K)] 1015762K->698218K(1357312K), 0.0164954 secs] [Times: user=0.03 sys=0.00, real=0.02 secs] 
2311.609: [GC (Allocation Failure) [PSYoungGen: 325263K->37491K(465920K)] 931178K->643720K(1357312K), 0.0067936 secs] [Times: user=0.01 sys=0.00, real=0.00 secs] 
2311.974: [GC (Allocation Failure) [PSYoungGen: 270451K->184173K(465920K)] 876680K->791655K(1357312K), 0.0203576 secs] [Times: user=0.03 sys=0.00, real=0.02 secs] 
2312.318: [GC (Allocation Failure) [PSYoungGen: 417133K->184944K(465920K)] 1024615K->792707K(1357312K), 0.0203740 secs] [Times: user=0.03 sys=0.00, real=0.02 secs] 
2313.058: [GC (Allocation Failure) [PSYoungGen: 408178K->92046K(465920K)] 1015941K->700075K(1357312K), 0.0120028 secs] [Times: user=0.02 sys=0.00, real=0.02 secs] 
2314.221: [GC (Allocation Failure) [PSYoungGen: 325006K->37877K(465920K)] 933035K->646213K(1357312K), 0.0064220 secs] [Times: user=0.01 sys=0.00, real=0.00 secs] 
2314.504: [GC (Allocation Failure) [PSYoungGen: 270837K->184333K(465920K)] 879173K->793915K(1357312K), 0.0201008 secs] [Times: user=0.02 sys=0.00, real=0.02 secs] 
2314.787: [GC (Allocation Failure) [PSYoungGen: 417293K->184526K(465920K)] 1026875K->794382K(1357312K), 0.0202029 secs] [Times: user=0.03 sys=0.00, real=0.02 secs] 
2315.535: [GC (Allocation Failure) [PSYoungGen: 407105K->91950K(465920K)] 1016961K->702070K(1357312K), 0.0112675 secs] [Times: user=0.02 sys=0.00, real=0.01 secs] 
2316.412: [GC (Allocation Failure) [PSYoungGen: 324910K->38005K(465920K)] 935030K->648441K(1357312K), 0.0055853 secs] [Times: user=0.02 sys=0.00, real=0.00 secs] 
2316.679: [GC (Allocation Failure) [PSYoungGen: 270965K->183658K(465920K)] 881401K->795340K(1357312K), 0.0202204 secs] [Times: user=0.03 sys=0.00, real=0.02 secs] 
2316.965: [GC (Allocation Failure) [PSYoungGen: 416618K->184558K(465920K)] 1028300K->796521K(1357312K), 0.0202423 secs] [Times: user=0.03 sys=0.00, real=0.02 secs] 
2318.388: [GC (Allocation Failure) [PSYoungGen: 408357K->92432K(465920K)] 1020320K->704660K(1357312K), 0.0159387 secs] [Times: user=0.03 sys=0.00, real=0.02 secs] 
2319.959: [GC (Allocation Failure) [PSYoungGen: 325392K->37552K(465920K)] 937620K->650094K(1357312K), 0.0068253 secs] [Times: user=0.02 sys=0.00, real=0.00 secs] 
2320.257: [GC (Allocation Failure) [PSYoungGen: 270512K->184333K(465920K)] 883054K->798257K(1357312K), 0.0203065 secs] [Times: user=0.03 sys=0.00, real=0.02 secs] 
2320.540: [GC (Allocation Failure) [PSYoungGen: 417293K->184141K(465920K)] 1031217K->798217K(1357312K), 0.0201014 secs] [Times: user=0.03 sys=0.00, real=0.02 secs] 
2321.284: [GC (Allocation Failure) [PSYoungGen: 409045K->92785K(465920K)] 1023121K->707126K(1357312K), 0.0115289 secs] [Times: user=0.02 sys=0.00, real=0.01 secs] 
2323.091: [GC (Allocation Failure) [PSYoungGen: 325745K->37488K(465920K)] 940086K->652138K(1357312K), 0.0076360 secs] [Times: user=0.01 sys=0.00, real=0.01 secs] 
2323.412: [GC (Allocation Failure) [PSYoungGen: 270448K->184430K(465920K)] 885098K->800317K(1357312K), 0.0203553 secs] [Times: user=0.03 sys=0.00, real=0.02 secs] 
2323.694: [GC (Allocation Failure) [PSYoungGen: 417390K->184333K(465920K)] 1033277K->800501K(1357312K), 0.0200912 secs] [Times: user=0.02 sys=0.00, real=0.02 secs] 
2324.939: [GC (Allocation Failure) [PSYoungGen: 409497K->92528K(465920K)] 1025665K->709089K(1357312K), 0.0184508 secs] [Times: user=0.03 sys=0.00, real=0.01 secs] 
2326.331: [GC (Allocation Failure) [PSYoungGen: 325488K->38005K(465920K)] 942049K->654746K(1357312K), 0.0082598 secs] [Times: user=0.02 sys=0.00, real=0.01 secs] 
2326.670: [GC (Allocation Failure) [PSYoungGen: 270965K->184173K(465920K)] 887706K->802159K(1357312K), 0.0203115 secs] [Times: user=0.02 sys=0.00, real=0.02 secs] 
2327.011: [GC (Allocation Failure) [PSYoungGen: 417133K->184590K(465920K)] 1035119K->802850K(1357312K), 0.0203091 secs] [Times: user=0.02 sys=0.00, real=0.02 secs] 
2328.337: [GC (Allocation Failure) [PSYoungGen: 409740K->91982K(465920K)] 1028000K->710506K(1357312K), 0.0166480 secs] [Times: user=0.03 sys=0.00, real=0.02 secs] 
2330.497: [GC (Allocation Failure) [PSYoungGen: 324942K->37777K(465920K)] 943466K->656612K(1357312K), 0.0082003 secs] [Times: user=0.01 sys=0.00, real=0.01 secs] 
2330.824: [GC (Allocation Failure) [PSYoungGen: 270737K->184301K(465920K)] 889572K->804390K(1357312K), 0.0202194 secs] [Times: user=0.02 sys=0.00, real=0.02 secs] 
2331.109: [GC (Allocation Failure) [PSYoungGen: 417261K->184655K(465920K)] 1037350K->805024K(1357312K), 0.0202045 secs] [Times: user=0.03 sys=0.00, real=0.02 secs] 
2333.548: [GC (Allocation Failure) [PSYoungGen: 407211K->92014K(465920K)] 1027580K->712648K(1357312K), 0.0157988 secs] [Times: user=0.03 sys=0.00, real=0.02 secs] 
2334.781: [GC (Allocation Failure) [PSYoungGen: 324974K->37877K(465920K)] 945608K->658833K(1357312K), 0.0054653 secs] [Times: user=0.01 sys=0.00, real=0.00 secs] 
2335.052: [GC (Allocation Failure) [PSYoungGen: 270837K->184944K(465920K)] 891793K->807154K(1357312K), 0.0203004 secs] [Times: user=0.03 sys=0.00, real=0.02 secs] 
2335.336: [GC (Allocation Failure) [PSYoungGen: 417904K->183594K(465920K)] 1040114K->806085K(1357312K), 0.0201360 secs] [Times: user=0.03 sys=0.00, real=0.02 secs] 
2336.046: [GC (Allocation Failure) [PSYoungGen: 409087K->92255K(465920K)] 1031578K->715011K(1357312K), 0.0113654 secs] [Times: user=0.03 sys=0.00, real=0.01 secs] 
2336.846: [GC (Allocation Failure) [PSYoungGen: 325215K->38005K(465920K)] 947971K->661077K(1357312K), 0.0055899 secs] [Times: user=0.02 sys=0.00, real=0.01 secs] 
2337.116: [GC (Allocation Failure) [PSYoungGen: 270965K->184590K(465920K)] 894037K->809044K(1357312K), 0.0203902 secs] [Times: user=0.03 sys=0.00, real=0.02 secs] 
2337.400: [GC (Allocation Failure) [PSYoungGen: 417550K->184719K(465920K)] 1042004K->809317K(1357312K), 0.0203850 secs] [Times: user=0.03 sys=0.00, real=0.02 secs] 
2339.151: [GC (Allocation Failure) [PSYoungGen: 407171K->91467K(465920K)] 1031770K->716460K(1357312K), 0.0162823 secs] [Times: user=0.03 sys=0.00, real=0.01 secs] 
2340.579: [GC (Allocation Failure) [PSYoungGen: 324427K->37777K(465920K)] 949420K->662949K(1357312K), 0.0062352 secs] [Times: user=0.01 sys=0.00, real=0.00 secs] 
2340.855: [GC (Allocation Failure) [PSYoungGen: 270737K->183658K(465920K)] 895909K->810076K(1357312K), 0.0201581 secs] [Times: user=0.02 sys=0.00, real=0.02 secs] 
2341.138: [GC (Allocation Failure) [PSYoungGen: 416618K->184719K(465920K)] 1043036K->811409K(1357312K), 0.0202520 secs] [Times: user=0.02 sys=0.00, real=0.02 secs] 
2341.858: [GC (Allocation Failure) [PSYoungGen: 410246K->92576K(465920K)] 1036937K->719532K(1357312K), 0.0139148 secs] [Times: user=0.03 sys=0.00, real=0.02 secs] 
2342.813: [GC (Allocation Failure) [PSYoungGen: 325536K->37877K(465920K)] 952492K->665152K(1357312K), 0.0056284 secs] [Times: user=0.01 sys=0.00, real=0.01 secs] 
2343.082: [GC (Allocation Failure) [PSYoungGen: 270837K->184558K(465920K)] 898112K->813208K(1357312K), 0.0202728 secs] [Times: user=0.03 sys=0.00, real=0.02 secs] 
2343.423: [GC (Allocation Failure) [PSYoungGen: 417518K->184398K(465920K)] 1046168K->813192K(1357312K), 0.0202290 secs] [Times: user=0.03 sys=0.00, real=0.02 secs] 
2344.238: [GC (Allocation Failure) [PSYoungGen: 406888K->91869K(465920K)] 1035683K->720937K(1357312K), 0.0134264 secs] [Times: user=0.02 sys=0.00, real=0.02 secs] 
2345.368: [GC (Allocation Failure) [PSYoungGen: 324829K->38005K(465920K)] 953897K->667381K(1357312K), 0.0065090 secs] [Times: user=0.02 sys=0.00, real=0.01 secs] 
2345.649: [GC (Allocation Failure) [PSYoungGen: 270965K->184687K(465920K)] 900341K->815436K(1357312K), 0.0204477 secs] [Times: user=0.03 sys=0.00, real=0.02 secs] 
2345.939: [GC (Allocation Failure) [PSYoungGen: 417647K->184687K(465920K)] 1048396K->815581K(1357312K), 0.0201392 secs] [Times: user=0.03 sys=0.00, real=0.02 secs] 
2348.036: [GC (Allocation Failure) [PSYoungGen: 407242K->91339K(465920K)] 1038136K->722498K(1357312K), 0.0196194 secs] [Times: user=0.04 sys=0.00, real=0.02 secs] 
2349.745: [GC (Allocation Failure) [PSYoungGen: 324299K->37652K(465920K)] 955458K->669119K(1357312K), 0.0077395 secs] [Times: user=0.02 sys=0.00, real=0.01 secs] 
2350.048: [GC (Allocation Failure) [PSYoungGen: 270612K->183819K(465920K)] 902079K->816548K(1357312K), 0.0203027 secs] [Times: user=0.02 sys=0.00, real=0.03 secs] 
2350.337: [GC (Allocation Failure) [PSYoungGen: 416779K->184301K(465920K)] 1049508K->817440K(1357312K), 0.0203758 secs] [Times: user=0.02 sys=0.00, real=0.02 secs] 
2351.572: [GC (Allocation Failure) [PSYoungGen: 408398K->92978K(465920K)] 1041536K->726253K(1357312K), 0.0163335 secs] [Times: user=0.03 sys=0.00, real=0.01 secs] 
2353.168: [GC (Allocation Failure) [PSYoungGen: 325938K->37620K(465920K)] 959213K->671210K(1357312K), 0.0083894 secs] [Times: user=0.02 sys=0.00, real=0.01 secs] 
2353.500: [GC (Allocation Failure) [PSYoungGen: 270580K->184430K(465920K)] 904170K->819394K(1357312K), 0.0203858 secs] [Times: user=0.03 sys=0.00, real=0.02 secs] 
2353.784: [GC (Allocation Failure) [PSYoungGen: 417390K->184558K(465920K)] 1052354K->819668K(1357312K), 0.0200396 secs] [Times: user=0.02 sys=0.00, real=0.02 secs] 
2354.901: [GC (Allocation Failure) [PSYoungGen: 407619K->92110K(465920K)] 1042728K->727485K(1357312K), 0.0159467 secs] [Times: user=0.03 sys=0.00, real=0.01 secs] 
2356.392: [GC (Allocation Failure) [PSYoungGen: 325070K->37748K(465920K)] 960445K->673436K(1357312K), 0.0077644 secs] [Times: user=0.02 sys=0.00, real=0.01 secs] 
2356.711: [GC (Allocation Failure) [PSYoungGen: 270708K->184430K(465920K)] 906396K->821492K(1357312K), 0.0202495 secs] [Times: user=0.03 sys=0.00, real=0.02 secs] 
2356.998: [GC (Allocation Failure) [PSYoungGen: 417390K->184526K(465920K)] 1054452K->821733K(1357312K), 0.0201574 secs] [Times: user=0.03 sys=0.00, real=0.02 secs] 
2357.606: [GC (Allocation Failure) [PSYoungGen: 407584K->91982K(465920K)] 1044791K->729453K(1357312K), 0.0120353 secs] [Times: user=0.02 sys=0.00, real=0.01 secs] 
2358.429: [GC (Allocation Failure) [PSYoungGen: 324942K->37906K(465920K)] 962413K->675678K(1357312K), 0.0055756 secs] [Times: user=0.01 sys=0.00, real=0.00 secs] 
2358.697: [GC (Allocation Failure) [PSYoungGen: 270866K->183658K(465920K)] 908638K->822676K(1357312K), 0.0202390 secs] [Times: user=0.03 sys=0.00, real=0.02 secs] 
2358.980: [GC (Allocation Failure) [PSYoungGen: 416618K->184558K(465920K)] 1055636K->823857K(1357312K), 0.0207813 secs] [Times: user=0.02 sys=0.00, real=0.02 secs] 
2359.594: [GC (Allocation Failure) [PSYoungGen: 410113K->92656K(465920K)] 1049411K->732220K(1357312K), 0.0108334 secs] [Times: user=0.02 sys=0.00, real=0.01 secs] 
2360.407: [GC (Allocation Failure) [PSYoungGen: 325616K->38005K(465920K)] 965180K->677877K(1357312K), 0.0055708 secs] [Times: user=0.02 sys=0.00, real=0.01 secs] 
2360.678: [GC (Allocation Failure) [PSYoungGen: 270965K->184430K(465920K)] 910837K->825555K(1357312K), 0.0203919 secs] [Times: user=0.03 sys=0.00, real=0.02 secs] 
2360.963: [GC (Allocation Failure) [PSYoungGen: 417390K->184655K(465920K)] 1058515K->826061K(1357312K), 0.0203046 secs] [Times: user=0.03 sys=0.01, real=0.02 secs] 
2361.588: [GC (Allocation Failure) [PSYoungGen: 407096K->91596K(465920K)] 1048502K->733267K(1357312K), 0.0111617 secs] [Times: user=0.02 sys=0.00, real=0.02 secs] 
2362.397: [GC (Allocation Failure) [PSYoungGen: 324556K->38002K(465920K)] 966227K->679960K(1357312K), 0.0078156 secs] [Times: user=0.02 sys=0.00, real=0.01 secs] 
2362.677: [GC (Allocation Failure) [PSYoungGen: 270962K->184430K(465920K)] 912920K->827633K(1357312K), 0.0203492 secs] [Times: user=0.02 sys=0.00, real=0.02 secs] 
2363.021: [GC (Allocation Failure) [PSYoungGen: 417390K->184558K(465920K)] 1060593K->828042K(1357312K), 0.0203013 secs] [Times: user=0.03 sys=0.00, real=0.02 secs] 
2364.827: [GC (Allocation Failure) [PSYoungGen: 407091K->91693K(465920K)] 1050575K->735442K(1357312K), 0.0168101 secs] [Times: user=0.03 sys=0.00, real=0.02 secs] 
2366.600: [GC (Allocation Failure) [PSYoungGen: 324653K->37906K(465920K)] 968402K->681955K(1357312K), 0.0074493 secs] [Times: user=0.02 sys=0.00, real=0.00 secs] 
2366.907: [GC (Allocation Failure) [PSYoungGen: 270866K->184462K(465920K)] 914915K->829765K(1357312K), 0.0203671 secs] [Times: user=0.03 sys=0.00, real=0.02 secs] 
2367.197: [GC (Allocation Failure) [PSYoungGen: 417422K->184558K(465920K)] 1062725K->830142K(1357312K), 0.0203333 secs] [Times: user=0.02 sys=0.00, real=0.02 secs] 
2368.854: [GC (Allocation Failure) [PSYoungGen: 407099K->91885K(465920K)] 1052683K->737742K(1357312K), 0.0257384 secs] [Times: user=0.06 sys=0.00, real=0.03 secs] 
2371.034: [GC (Allocation Failure) [PSYoungGen: 324845K->37748K(465920K)] 970702K->683911K(1357312K), 0.0076327 secs] [Times: user=0.02 sys=0.00, real=0.01 secs] 
2371.345: [GC (Allocation Failure) [PSYoungGen: 270708K->184944K(465920K)] 916871K->832360K(1357312K), 0.0205743 secs] [Times: user=0.03 sys=0.00, real=0.02 secs] 
2371.629: [GC (Allocation Failure) [PSYoungGen: 417904K->184333K(465920K)] 1065320K->832022K(1357312K), 0.0203986 secs] [Times: user=0.02 sys=0.00, real=0.02 secs] 
2373.257: [GC (Allocation Failure) [PSYoungGen: 407187K->91709K(465920K)] 1054877K->739792K(1357312K), 0.0187544 secs] [Times: user=0.04 sys=0.00, real=0.02 secs] 
2375.371: [GC (Allocation Failure) [PSYoungGen: 324669K->37909K(465920K)] 972752K->686179K(1357312K), 0.0070978 secs] [Times: user=0.02 sys=0.00, real=0.01 secs] 
2375.674: [GC (Allocation Failure) [PSYoungGen: 270869K->184687K(465920K)] 919139K->834211K(1357312K), 0.0203677 secs] [Times: user=0.03 sys=0.00, real=0.02 secs] 
2376.017: [GC (Allocation Failure) [PSYoungGen: 417647K->184719K(465920K)] 1067171K->834652K(1357312K), 0.0203556 secs] [Times: user=0.03 sys=0.00, real=0.02 secs] 
2376.688: [GC (Allocation Failure) [PSYoungGen: 407154K->91467K(465920K)] 1057088K->741666K(1357312K), 0.0117256 secs] [Times: user=0.02 sys=0.00, real=0.02 secs] 
2377.562: [GC (Allocation Failure) [PSYoungGen: 324427K->38034K(465920K)] 974626K->688423K(1357312K), 0.0064972 secs] [Times: user=0.01 sys=0.00, real=0.01 secs] 
2377.838: [GC (Allocation Failure) [PSYoungGen: 270994K->183787K(465920K)] 921383K->835421K(1357312K), 0.0203605 secs] [Times: user=0.03 sys=0.00, real=0.02 secs] 
2378.122: [GC (Allocation Failure) [PSYoungGen: 416747K->184687K(465920K)] 1068381K->836602K(1357312K), 0.0203315 secs] [Times: user=0.03 sys=0.00, real=0.02 secs] 
2378.845: [GC (Allocation Failure) [PSYoungGen: 410103K->92255K(465920K)] 1062018K->744435K(1357312K), 0.0115092 secs] [Times: user=0.02 sys=0.00, real=0.01 secs] 
2380.912: [GC (Allocation Failure) [PSYoungGen: 325215K->37363K(465920K)] 977395K->689848K(1357312K), 0.0069481 secs] [Times: user=0.01 sys=0.00, real=0.01 secs] 
2381.214: [GC (Allocation Failure) [PSYoungGen: 270323K->184719K(465920K)] 922808K->838458K(1357312K), 0.0203428 secs] [Times: user=0.03 sys=0.00, real=0.02 secs] 
2381.501: [GC (Allocation Failure) [PSYoungGen: 417679K->184398K(465920K)] 1071418K->838418K(1357312K), 0.0201407 secs] [Times: user=0.03 sys=0.00, real=0.02 secs] 
2382.179: [GC (Allocation Failure) [PSYoungGen: 409430K->92239K(465920K)] 1063450K->746524K(1357312K), 0.0105839 secs] [Times: user=0.02 sys=0.00, real=0.01 secs] 
2382.992: [GC (Allocation Failure) [PSYoungGen: 325199K->38005K(465920K)] 979484K->692604K(1357312K), 0.0054292 secs] [Times: user=0.01 sys=0.00, real=0.00 secs] 
2383.266: [GC (Allocation Failure) [PSYoungGen: 270965K->184687K(465920K)] 925564K->840660K(1357312K), 0.0204407 secs] [Times: user=0.03 sys=0.00, real=0.02 secs] 
2383.608: [GC (Allocation Failure) [PSYoungGen: 417647K->184430K(465920K)] 1073620K->840555K(1357312K), 0.0203002 secs] [Times: user=0.03 sys=0.00, real=0.02 secs] 
2386.357: [GC (Allocation Failure) [PSYoungGen: 406743K->91564K(465920K)] 1062869K->747963K(1357312K), 0.0260500 secs] [Times: user=0.05 sys=0.00, real=0.03 secs] 
2388.586: [GC (Allocation Failure) [PSYoungGen: 324524K->37877K(465920K)] 980923K->694589K(1357312K), 0.0065359 secs] [Times: user=0.02 sys=0.00, real=0.01 secs] 
2388.862: [GC (Allocation Failure) [PSYoungGen: 270837K->184430K(465920K)] 927549K->842388K(1357312K), 0.0203361 secs] [Times: user=0.03 sys=0.00, real=0.02 secs] 
2389.204: [GC (Allocation Failure) [PSYoungGen: 417390K->184526K(465920K)] 1075348K->842765K(1357312K), 0.0205524 secs] [Times: user=0.02 sys=0.00, real=0.02 secs] 
2389.926: [GC (Allocation Failure) [PSYoungGen: 407105K->91853K(465920K)] 1065344K->750357K(1357312K), 0.0124231 secs] [Times: user=0.03 sys=0.00, real=0.01 secs] 
2390.749: [GC (Allocation Failure) [PSYoungGen: 324813K->37874K(465920K)] 983317K->696688K(1357312K), 0.0058972 secs] [Times: user=0.01 sys=0.00, real=0.00 secs] 
2391.081: [GC (Allocation Failure) [PSYoungGen: 270834K->184944K(465920K)] 929648K->845004K(1357312K), 0.0204076 secs] [Times: user=0.03 sys=0.00, real=0.02 secs] 
2391.366: [GC (Allocation Failure) [PSYoungGen: 417904K->184976K(465920K)] 1077964K->845309K(1357312K), 0.0202685 secs] [Times: user=0.03 sys=0.00, real=0.02 secs] 
2392.774: [GC (Allocation Failure) [PSYoungGen: 407797K->90953K(465920K)] 1068130K->751551K(1357312K), 0.0157632 secs] [Times: user=0.03 sys=0.00, real=0.02 secs] 
2394.303: [GC (Allocation Failure) [PSYoungGen: 323913K->37777K(465920K)] 984511K->698675K(1357312K), 0.0067708 secs] [Times: user=0.01 sys=0.00, real=0.01 secs] 
2394.595: [GC (Allocation Failure) [PSYoungGen: 270737K->184558K(465920K)] 931635K->846702K(1357312K), 0.0204753 secs] [Times: user=0.03 sys=0.00, real=0.02 secs] 
2394.881: [GC (Allocation Failure) [PSYoungGen: 417518K->184590K(465920K)] 1079662K->847007K(1357312K), 0.0206234 secs] [Times: user=0.03 sys=0.00, real=0.02 secs] 
2395.531: [GC (Allocation Failure) [PSYoungGen: 407116K->91789K(465920K)] 1069533K->754471K(1357312K), 0.0108343 secs] [Times: user=0.02 sys=0.00, real=0.01 secs] 
2396.440: [GC (Allocation Failure) [PSYoungGen: 324749K->37877K(465920K)] 987431K->700867K(1357312K), 0.0056518 secs] [Times: user=0.02 sys=0.00, real=0.00 secs] 
2396.710: [GC (Allocation Failure) [PSYoungGen: 270837K->184430K(465920K)] 933827K->848665K(1357312K), 0.0204521 secs] [Times: user=0.03 sys=0.00, real=0.02 secs] 
2397.070: [GC (Allocation Failure) [PSYoungGen: 417390K->184269K(465920K)] 1081625K->848778K(1357312K), 0.0203920 secs] [Times: user=0.03 sys=0.00, real=0.02 secs] 
2399.192: [GC (Allocation Failure) [PSYoungGen: 409316K->92174K(465920K)] 1073825K->757076K(1357312K), 0.0202475 secs] [Times: user=0.04 sys=0.00, real=0.02 secs] 
2401.030: [GC (Allocation Failure) [PSYoungGen: 325134K->37748K(465920K)] 990036K->702838K(1357312K), 0.0076552 secs] [Times: user=0.02 sys=0.00, real=0.00 secs] 
2401.340: [GC (Allocation Failure) [PSYoungGen: 270708K->184044K(465920K)] 935798K->850387K(1357312K), 0.0204380 secs] [Times: user=0.03 sys=0.00, real=0.02 secs] 
2401.629: [GC (Allocation Failure) [PSYoungGen: 417004K->184944K(465920K)] 1083347K->851560K(1357312K), 0.0201897 secs] [Times: user=0.03 sys=0.00, real=0.02 secs] 
2403.533: [GC (Allocation Failure) [PSYoungGen: 405754K->91966K(465920K)] 1072370K->758847K(1357312K), 0.0191218 secs] [Times: user=0.04 sys=0.00, real=0.02 secs] 
2405.355: [GC (Allocation Failure) [PSYoungGen: 324926K->37748K(465920K)] 991807K->704948K(1357312K), 0.0069775 secs] [Times: user=0.02 sys=0.00, real=0.01 secs] 
2405.648: [GC (Allocation Failure) [PSYoungGen: 270708K->184301K(465920K)] 937908K->852746K(1357312K), 0.0202742 secs] [Times: user=0.03 sys=0.00, real=0.02 secs] 
2405.936: [GC (Allocation Failure) [PSYoungGen: 417261K->184333K(465920K)] 1085706K->853059K(1357312K), 0.0203188 secs] [Times: user=0.03 sys=0.00, real=0.02 secs] 
2408.475: [GC (Allocation Failure) [PSYoungGen: 409506K->92383K(465920K)] 1078233K->761503K(1357312K), 0.0186727 secs] [Times: user=0.03 sys=0.00, real=0.02 secs] 
2410.068: [GC (Allocation Failure) [PSYoungGen: 325343K->37909K(465920K)] 994463K->707230K(1357312K), 0.0078833 secs] [Times: user=0.02 sys=0.00, real=0.00 secs] 
2410.390: [GC (Allocation Failure) [PSYoungGen: 270869K->184558K(465920K)] 940190K->855253K(1357312K), 0.0203924 secs] [Times: user=0.03 sys=0.00, real=0.02 secs] 
2410.678: [GC (Allocation Failure) [PSYoungGen: 417518K->184462K(465920K)] 1088213K->855301K(1357312K), 0.0203173 secs] [Times: user=0.03 sys=0.00, real=0.02 secs] 
2412.957: [GC (Allocation Failure) [PSYoungGen: 406959K->91885K(465920K)] 1077799K->762990K(1357312K), 0.0239069 secs] [Times: user=0.04 sys=0.00, real=0.03 secs] 
2415.029: [GC (Allocation Failure) [PSYoungGen: 324845K->37620K(465920K)] 995950K->709034K(1357312K), 0.0069572 secs] [Times: user=0.02 sys=0.00, real=0.00 secs] 
2415.332: [GC (Allocation Failure) [PSYoungGen: 270580K->184687K(465920K)] 941994K->857355K(1357312K), 0.0203997 secs] [Times: user=0.02 sys=0.00, real=0.02 secs] 
2415.677: [GC (Allocation Failure) [PSYoungGen: 417647K->184398K(465920K)] 1090315K->857339K(1357312K), 0.0204306 secs] [Times: user=0.02 sys=0.00, real=0.02 secs] 
2416.322: [GC (Allocation Failure) [PSYoungGen: 409439K->92014K(465920K)] 1082381K->765220K(1357312K), 0.0124854 secs] [Times: user=0.02 sys=0.00, real=0.01 secs] 
2417.137: [GC (Allocation Failure) [PSYoungGen: 324974K->38034K(465920K)] 998180K->711554K(1357312K), 0.0056675 secs] [Times: user=0.02 sys=0.00, real=0.01 secs] 
2417.407: [GC (Allocation Failure) [PSYoungGen: 270994K->184815K(465920K)] 944514K->859581K(1357312K), 0.0205245 secs] [Times: user=0.02 sys=0.00, real=0.02 secs] 
2417.748: [GC (Allocation Failure) [PSYoungGen: 417775K->184590K(465920K)] 1092541K->859637K(1357312K), 0.0205119 secs] [Times: user=0.03 sys=0.00, real=0.03 secs] 
2418.697: [GC (Allocation Failure) [PSYoungGen: 406873K->91339K(465920K)] 1081920K->766779K(1357312K), 0.0124115 secs] [Times: user=0.03 sys=0.00, real=0.02 secs] 
2420.446: [GC (Allocation Failure) [PSYoungGen: 324299K->37491K(465920K)] 999739K->713103K(1357312K), 0.0075410 secs] [Times: user=0.02 sys=0.00, real=0.01 secs] 
2420.751: [GC (Allocation Failure) [PSYoungGen: 270451K->184687K(465920K)] 946063K->861680K(1357312K), 0.0203622 secs] [Times: user=0.02 sys=0.00, real=0.02 secs] 
2421.038: [GC (Allocation Failure) [PSYoungGen: 417647K->184655K(465920K)] 1094640K->861793K(1357312K), 0.0202253 secs] [Times: user=0.03 sys=0.00, real=0.03 secs] 
2422.175: [GC (Allocation Failure) [PSYoungGen: 407196K->91869K(465920K)] 1084334K->769272K(1357312K), 0.0189301 secs] [Times: user=0.04 sys=0.00, real=0.02 secs] 
2423.190: [GC (Allocation Failure) [PSYoungGen: 324829K->38134K(465920K)] 1002232K->715845K(1357312K), 0.0058471 secs] [Times: user=0.01 sys=0.00, real=0.00 secs] 
2423.460: [GC (Allocation Failure) [PSYoungGen: 271094K->184687K(465920K)] 948805K->863644K(1357312K), 0.0204017 secs] [Times: user=0.02 sys=0.00, real=0.02 secs] 
2423.744: [GC (Allocation Failure) [PSYoungGen: 417647K->184655K(465920K)] 1096604K->863885K(1357312K), 0.0204317 secs] [Times: user=0.03 sys=0.00, real=0.02 secs] 
2424.899: [GC (Allocation Failure) [PSYoungGen: 407071K->91242K(465920K)] 1086301K->770738K(1357312K), 0.0141533 secs] [Times: user=0.03 sys=0.00, real=0.01 secs] 
2425.893: [GC (Allocation Failure) [PSYoungGen: 324202K->38005K(465920K)] 1003698K->717816K(1357312K), 0.0072212 secs] [Times: user=0.02 sys=0.00, real=0.01 secs] 
2426.193: [GC (Allocation Failure) [PSYoungGen: 270965K->183916K(465920K)] 950776K->864972K(1357312K), 0.0203891 secs] [Times: user=0.03 sys=0.00, real=0.02 secs] 
2426.477: [GC (Allocation Failure) [PSYoungGen: 416876K->184398K(465920K)] 1097932K->865864K(1357312K), 0.0204075 secs] [Times: user=0.02 sys=0.00, real=0.02 secs] 
2427.310: [GC (Allocation Failure) [PSYoungGen: 409628K->92399K(465920K)] 1091094K->774002K(1357312K), 0.0124326 secs] [Times: user=0.03 sys=0.00, real=0.01 secs] 
2428.631: [GC (Allocation Failure) [PSYoungGen: 325359K->38002K(465920K)] 1006962K->719913K(1357312K), 0.0072737 secs] [Times: user=0.02 sys=0.00, real=0.01 secs] 
2428.933: [GC (Allocation Failure) [PSYoungGen: 270962K->184687K(465920K)] 952873K->867851K(1357312K), 0.0205868 secs] [Times: user=0.03 sys=0.00, real=0.02 secs] 
2429.278: [GC (Allocation Failure) [PSYoungGen: 417647K->184398K(465920K)] 1100811K->867835K(1357312K), 0.0206125 secs] [Times: user=0.02 sys=0.00, real=0.03 secs] 
2430.721: [GC (Allocation Failure) [PSYoungGen: 406911K->91596K(465920K)] 1090349K->775307K(1357312K), 0.0161402 secs] [Times: user=0.04 sys=0.00, real=0.01 secs] 
2432.922: [GC (Allocation Failure) [PSYoungGen: 324556K->37874K(465920K)] 1008267K->721886K(1357312K), 0.0079764 secs] [Times: user=0.02 sys=0.00, real=0.01 secs] 
2433.238: [GC (Allocation Failure) [PSYoungGen: 270834K->184687K(465920K)] 954846K->869945K(1357312K), 0.0204471 secs] [Times: user=0.03 sys=0.00, real=0.03 secs] 
2433.522: [GC (Allocation Failure) [PSYoungGen: 417647K->184398K(465920K)] 1102905K->869929K(1357312K), 0.0202105 secs] [Times: user=0.03 sys=0.00, real=0.02 secs] 
2434.787: [GC (Allocation Failure) [PSYoungGen: 407133K->91757K(465920K)] 1092664K->777553K(1357312K), 0.0129623 secs] [Times: user=0.03 sys=0.00, real=0.02 secs] 
2436.856: [GC (Allocation Failure) [PSYoungGen: 324717K->37520K(465920K)] 1010513K->723630K(1357312K), 0.0075423 secs] [Times: user=0.02 sys=0.00, real=0.01 secs] 
2437.164: [GC (Allocation Failure) [PSYoungGen: 270480K->183787K(465920K)] 956590K->871142K(1357312K), 0.0203385 secs] [Times: user=0.02 sys=0.00, real=0.02 secs] 
2437.448: [GC (Allocation Failure) [PSYoungGen: 416747K->184301K(465920K)] 1104102K->872066K(1357312K), 0.0204654 secs] [Times: user=0.03 sys=0.00, real=0.03 secs] 
2438.075: [GC (Allocation Failure) [PSYoungGen: 408128K->93138K(465920K)] 1095893K->781040K(1357312K), 0.0108083 secs] [Times: user=0.02 sys=0.00, real=0.01 secs] 
2439.206: [GC (Allocation Failure) [PSYoungGen: 326098K->37620K(465920K)] 1014000K->725829K(1357312K), 0.0056513 secs] [Times: user=0.01 sys=0.00, real=0.01 secs] 
2439.480: [GC (Allocation Failure) [PSYoungGen: 270580K->184462K(465920K)] 958789K->873908K(1357312K), 0.0202378 secs] [Times: user=0.03 sys=0.00, real=0.02 secs] 
2439.764: [GC (Allocation Failure) [PSYoungGen: 417422K->184205K(465920K)] 1106868K->873924K(1357312K), 0.0203525 secs] [Times: user=0.02 sys=0.00, real=0.02 secs] 
2440.743: [GC (Allocation Failure) [PSYoungGen: 409107K->92464K(465920K)] 1098827K->782465K(1357312K), 0.0117850 secs] [Times: user=0.02 sys=0.00, real=0.01 secs] 
2442.308: [GC (Allocation Failure) [PSYoungGen: 325424K->37392K(465920K)] 1015425K->727697K(1357312K), 0.0064243 secs] [Times: user=0.02 sys=0.00, real=0.01 secs] 
2442.587: [GC (Allocation Failure) [PSYoungGen: 270352K->183658K(465920K)] 960657K->875209K(1357312K), 0.0203567 secs] [Times: user=0.03 sys=0.00, real=0.02 secs] 
2442.879: [GC (Allocation Failure) [PSYoungGen: 416618K->184815K(465920K)] 1108169K->876647K(1357312K), 0.0203793 secs] [Times: user=0.03 sys=0.00, real=0.02 secs] 
2444.314: [GC (Allocation Failure) [PSYoungGen: 410163K->92849K(465920K)] 1101994K->784946K(1357312K), 0.0195700 secs] [Times: user=0.04 sys=0.00, real=0.02 secs] 
2446.508: [GC (Allocation Failure) [PSYoungGen: 325809K->37745K(465920K)] 1017906K->730156K(1357312K), 0.0070876 secs] [Times: user=0.02 sys=0.00, real=0.01 secs] 
2446.810: [GC (Allocation Failure) [PSYoungGen: 270705K->183948K(465920K)] 963116K->877596K(1357312K), 0.0202465 secs] [Times: user=0.03 sys=0.00, real=0.02 secs] 
2447.099: [GC (Allocation Failure) [PSYoungGen: 416908K->184430K(465920K)] 1110556K->878359K(1357312K), 0.0202738 secs] [Times: user=0.03 sys=0.00, real=0.02 secs] 
2447.796: [GC (Allocation Failure) [PSYoungGen: 408228K->92592K(465920K)] 1102157K->786786K(1357312K), 0.0112378 secs] [Times: user=0.02 sys=0.00, real=0.01 secs] 
2448.686: [GC (Allocation Failure) [PSYoungGen: 325552K->37845K(465920K)] 1019746K->732336K(1357312K), 0.0057236 secs] [Times: user=0.02 sys=0.00, real=0.01 secs] 
2449.012: [GC (Allocation Failure) [PSYoungGen: 270805K->183658K(465920K)] 965296K->879396K(1357312K), 0.0204196 secs] [Times: user=0.03 sys=0.00, real=0.02 secs] 
2449.297: [GC (Allocation Failure) [PSYoungGen: 416618K->184430K(465920K)] 1112356K->880440K(1357312K), 0.0206287 secs] [Times: user=0.03 sys=0.00, real=0.02 secs] 
2450.589: [GC (Allocation Failure) [PSYoungGen: 408509K->92785K(465920K)] 1104519K->789060K(1357312K), 0.0165525 secs] [Times: user=0.03 sys=0.00, real=0.01 secs] 
2451.691: [GC (Allocation Failure) [PSYoungGen: 325745K->37748K(465920K)] 1022020K->734332K(1357312K), 0.0057057 secs] [Times: user=0.01 sys=0.00, real=0.00 secs] 
2452.018: [GC (Allocation Failure) [PSYoungGen: 270708K->184944K(465920K)] 967292K->882765K(1357312K), 0.0204283 secs] [Times: user=0.02 sys=0.00, real=0.02 secs] 
2452.302: [GC (Allocation Failure) [PSYoungGen: 417904K->184205K(465920K)] 1115725K->882299K(1357312K), 0.0201108 secs] [Times: user=0.03 sys=0.00, real=0.02 secs] 
2454.089: [GC (Allocation Failure) [PSYoungGen: 407556K->91853K(465920K)] 1105650K->790212K(1357312K), 0.0122944 secs] [Times: user=0.03 sys=0.00, real=0.01 secs] 
2455.849: [GC (Allocation Failure) [PSYoungGen: 324813K->37488K(465920K)] 1023172K->736158K(1357312K), 0.0077576 secs] [Times: user=0.02 sys=0.00, real=0.00 secs] 
2456.248: [GC (Allocation Failure) [PSYoungGen: 270448K->184430K(465920K)] 969118K->884345K(1357312K), 0.0204674 secs] [Times: user=0.02 sys=0.00, real=0.03 secs] 
2456.536: [GC (Allocation Failure) [PSYoungGen: 417390K->184301K(465920K)] 1117305K->884497K(1357312K), 0.0204131 secs] [Times: user=0.03 sys=0.00, real=0.02 secs] 
2457.212: [GC (Allocation Failure) [PSYoungGen: 409475K->92464K(465920K)] 1109671K->793053K(1357312K), 0.0119534 secs] [Times: user=0.02 sys=0.00, real=0.01 secs] 
2458.076: [GC (Allocation Failure) [PSYoungGen: 325424K->38002K(465920K)] 1026013K->738771K(1357312K), 0.0070633 secs] [Times: user=0.01 sys=0.00, real=0.01 secs] 
2458.428: [GC (Allocation Failure) [PSYoungGen: 270962K->184173K(465920K)] 971731K->886195K(1357312K), 0.0203879 secs] [Times: user=0.03 sys=0.00, real=0.02 secs] 
2458.717: [GC (Allocation Failure) [PSYoungGen: 417133K->184912K(465920K)] 1119155K->887216K(1357312K), 0.0203430 secs] [Times: user=0.03 sys=0.00, real=0.02 secs] 
2461.565: [GC (Allocation Failure) [PSYoungGen: 407865K->91596K(465920K)] 1110169K->794165K(1357312K), 0.0198731 secs] [Times: user=0.05 sys=0.00, real=0.02 secs] 
2463.775: [GC (Allocation Failure) [PSYoungGen: 324556K->37777K(465920K)] 1027125K->740662K(1357312K), 0.0079433 secs] [Times: user=0.02 sys=0.00, real=0.01 secs] 
2464.094: [GC (Allocation Failure) [PSYoungGen: 270737K->184558K(465920K)] 973622K->888696K(1357312K), 0.0203164 secs] [Times: user=0.03 sys=0.00, real=0.02 secs] 
2464.378: [GC (Allocation Failure) [PSYoungGen: 417518K->184333K(465920K)] 1121656K->888752K(1357312K), 0.0208403 secs] [Times: user=0.03 sys=0.00, real=0.03 secs] 
2466.039: [GC (Allocation Failure) [PSYoungGen: 409219K->92142K(465920K)] 1113639K->796826K(1357312K), 0.0208748 secs] [Times: user=0.04 sys=0.00, real=0.02 secs] 
2467.621: [GC (Allocation Failure) [PSYoungGen: 325102K->37716K(465920K)] 1029786K->742708K(1357312K), 0.0084529 secs] [Times: user=0.02 sys=0.00, real=0.01 secs] 
2467.947: [GC (Allocation Failure) [PSYoungGen: 270676K->184462K(465920K)] 975668K->890699K(1357312K), 0.0206146 secs] [Times: user=0.02 sys=0.00, real=0.02 secs] 
2468.236: [GC (Allocation Failure) [PSYoungGen: 417422K->184333K(465920K)] 1123659K->890844K(1357312K), 0.0202618 secs] [Times: user=0.03 sys=0.00, real=0.02 secs] 
2469.227: [GC (Allocation Failure) [PSYoungGen: 409378K->92239K(465920K)] 1115889K->799143K(1357312K), 0.0125788 secs] [Times: user=0.02 sys=0.00, real=0.02 secs] 
2470.097: [GC (Allocation Failure) [PSYoungGen: 325199K->38034K(465920K)] 1032103K->745126K(1357312K), 0.0057302 secs] [Times: user=0.02 sys=0.00, real=0.01 secs] 
2470.425: [GC (Allocation Failure) [PSYoungGen: 270994K->184687K(465920K)] 978086K->893024K(1357312K), 0.0206800 secs] [Times: user=0.03 sys=0.00, real=0.02 secs] 
2470.709: [GC (Allocation Failure) [PSYoungGen: 417647K->184687K(465920K)] 1125984K->893297K(1357312K), 0.0206026 secs] [Times: user=0.03 sys=0.00, real=0.02 secs] 
2472.578: [GC (Allocation Failure) [PSYoungGen: 407234K->91371K(465920K)] 1115844K->800246K(1357312K), 0.0121562 secs] [Times: user=0.02 sys=0.00, real=0.02 secs] 
2473.873: [GC (Allocation Failure) [PSYoungGen: 324331K->37748K(465920K)] 1033206K->746936K(1357312K), 0.0087311 secs] [Times: user=0.02 sys=0.00, real=0.01 secs] 
2474.203: [GC (Allocation Failure) [PSYoungGen: 270708K->184719K(465920K)] 979896K->895280K(1357312K), 0.0203853 secs] [Times: user=0.03 sys=0.00, real=0.02 secs] 
2474.489: [GC (Allocation Failure) [PSYoungGen: 417679K->184687K(465920K)] 1128240K->895393K(1357312K), 0.0207137 secs] [Times: user=0.03 sys=0.00, real=0.02 secs] 
2475.230: [GC (Allocation Failure) [PSYoungGen: 407249K->91596K(465920K)] 1117955K->802567K(1357312K), 0.0120012 secs] [Times: user=0.03 sys=0.00, real=0.01 secs] 
2476.165: [GC (Allocation Failure) [PSYoungGen: 324556K->38005K(465920K)] 1035527K->749284K(1357312K), 0.0065906 secs] [Times: user=0.01 sys=0.00, real=0.01 secs] 
2476.440: [GC (Allocation Failure) [PSYoungGen: 270965K->183916K(465920K)] 982244K->896448K(1357312K), 0.0203829 secs] [Times: user=0.03 sys=0.00, real=0.02 secs] 
2476.779: [GC (Allocation Failure) [PSYoungGen: 416876K->184430K(465920K)] 1129408K->897372K(1357312K), 0.0204493 secs] [Times: user=0.02 sys=0.00, real=0.02 secs] 
2477.391: [GC (Allocation Failure) [PSYoungGen: 409663K->92367K(465920K)] 1122605K->805454K(1357312K), 0.0117222 secs] [Times: user=0.02 sys=0.01, real=0.01 secs] 
2478.193: [GC (Allocation Failure) [PSYoungGen: 325327K->38005K(465920K)] 1038414K->751392K(1357312K), 0.0057582 secs] [Times: user=0.01 sys=0.00, real=0.01 secs] 
2478.525: [GC (Allocation Failure) [PSYoungGen: 270965K->184687K(465920K)] 984352K->899319K(1357312K), 0.0206345 secs] [Times: user=0.03 sys=0.00, real=0.02 secs] 
2478.809: [GC (Allocation Failure) [PSYoungGen: 417647K->184719K(465920K)] 1132279K->899632K(1357312K), 0.0205224 secs] [Times: user=0.02 sys=0.00, real=0.02 secs] 
2480.670: [GC (Allocation Failure) [PSYoungGen: 407300K->91339K(465920K)] 1122213K->806525K(1357312K), 0.0199386 secs] [Times: user=0.04 sys=0.01, real=0.02 secs] 
2482.452: [GC (Allocation Failure) [PSYoungGen: 324299K->37716K(465920K)] 1039485K->753210K(1357312K), 0.0071827 secs] [Times: user=0.02 sys=0.00, real=0.01 secs] 
2482.746: [GC (Allocation Failure) [PSYoungGen: 270676K->184655K(465920K)] 986170K->901531K(1357312K), 0.0209972 secs] [Times: user=0.03 sys=0.00, real=0.02 secs] 
2483.094: [GC (Allocation Failure) [PSYoungGen: 417615K->184655K(465920K)] 1134491K->901675K(1357312K), 0.0204262 secs] [Times: user=0.03 sys=0.00, real=0.02 secs] 
2483.798: [GC (Allocation Failure) [PSYoungGen: 407212K->91596K(465920K)] 1124233K->808882K(1357312K), 0.0121971 secs] [Times: user=0.03 sys=0.00, real=0.01 secs] 
2485.827: [GC (Allocation Failure) [PSYoungGen: 324556K->37488K(465920K)] 1041842K->755088K(1357312K), 0.0074503 secs] [Times: user=0.02 sys=0.00, real=0.01 secs] 
2486.198: [GC (Allocation Failure) [PSYoungGen: 270448K->183787K(465920K)] 988048K->902624K(1357312K), 0.0204391 secs] [Times: user=0.03 sys=0.00, real=0.02 secs] 
2486.482: [GC (Allocation Failure) [PSYoungGen: 416747K->184687K(465920K)] 1135584K->903805K(1357312K), 0.0205333 secs] [Times: user=0.02 sys=0.00, real=0.02 secs] 
2487.661: [GC (Allocation Failure) [PSYoungGen: 410109K->92689K(465920K)] 1129227K->812072K(1357312K), 0.0134220 secs] [Times: user=0.03 sys=0.00, real=0.01 secs] 
2490.096: [GC (Allocation Failure) [PSYoungGen: 325649K->37392K(465920K)] 1045032K->757083K(1357312K), 0.0080788 secs] [Times: user=0.02 sys=0.00, real=0.01 secs] 
2490.415: [GC (Allocation Failure) [PSYoungGen: 270352K->184590K(465920K)] 990043K->905535K(1357312K), 0.0205567 secs] [Times: user=0.03 sys=0.00, real=0.02 secs] 
2490.757: [GC (Allocation Failure) [PSYoungGen: 417550K->184269K(465920K)] 1138495K->905495K(1357312K), 0.0204047 secs] [Times: user=0.02 sys=0.00, real=0.02 secs] 
2491.873: [GC (Allocation Failure) [PSYoungGen: 409155K->92496K(465920K)] 1130381K->813987K(1357312K), 0.0126468 secs] [Times: user=0.03 sys=0.00, real=0.01 secs] 
2493.246: [GC (Allocation Failure) [PSYoungGen: 325456K->37777K(465920K)] 1046947K->759582K(1357312K), 0.0071823 secs] [Times: user=0.01 sys=0.00, real=0.01 secs] 
2493.543: [GC (Allocation Failure) [PSYoungGen: 270737K->184430K(465920K)] 992542K->907480K(1357312K), 0.0203800 secs] [Times: user=0.03 sys=0.00, real=0.02 secs] 
2493.826: [GC (Allocation Failure) [PSYoungGen: 417390K->184333K(465920K)] 1140440K->907665K(1357312K), 0.0203389 secs] [Times: user=0.02 sys=0.00, real=0.02 secs] 
2495.798: [GC (Allocation Failure) [PSYoungGen: 409366K->92239K(465920K)] 1132698K->815964K(1357312K), 0.0188480 secs] [Times: user=0.04 sys=0.00, real=0.01 secs] 
2498.417: [GC (Allocation Failure) [PSYoungGen: 325199K->37906K(465920K)] 1048924K->761802K(1357312K), 0.0077339 secs] [Times: user=0.02 sys=0.00, real=0.01 secs] 
2498.726: [GC (Allocation Failure) [PSYoungGen: 270866K->184719K(465920K)] 994762K->909853K(1357312K), 0.0204450 secs] [Times: user=0.03 sys=0.00, real=0.02 secs] 
2499.010: [GC (Allocation Failure) [PSYoungGen: 417679K->184655K(465920K)] 1142813K->910062K(1357312K), 0.0203984 secs] [Times: user=0.02 sys=0.00, real=0.02 secs] 
2499.686: [GC (Allocation Failure) [PSYoungGen: 407220K->91467K(465920K)] 1132627K->817140K(1357312K), 0.0114197 secs] [Times: user=0.03 sys=0.00, real=0.01 secs] 
2500.506: [GC (Allocation Failure) [PSYoungGen: 324427K->38037K(465920K)] 1050100K->764017K(1357312K), 0.0056609 secs] [Times: user=0.01 sys=0.00, real=0.01 secs] 
2500.780: [GC (Allocation Failure) [PSYoungGen: 270997K->184719K(465920K)] 996977K->911960K(1357312K), 0.0205194 secs] [Times: user=0.03 sys=0.00, real=0.02 secs] 
2501.066: [GC (Allocation Failure) [PSYoungGen: 417679K->184655K(465920K)] 1144920K->912169K(1357312K), 0.0205869 secs] [Times: user=0.03 sys=0.00, real=0.02 secs] 
2504.388: [GC (Allocation Failure) [PSYoungGen: 407214K->91339K(465920K)] 1134728K->819119K(1357312K), 0.0221549 secs] [Times: user=0.04 sys=0.00, real=0.02 secs] 
2506.245: [GC (Allocation Failure) [PSYoungGen: 324299K->37877K(465920K)] 1052079K->765962K(1357312K), 0.0074165 secs] [Times: user=0.02 sys=0.00, real=0.01 secs] 
2506.614: [GC (Allocation Failure) [PSYoungGen: 270837K->184687K(465920K)] 998922K->914146K(1357312K), 0.0205592 secs] [Times: user=0.02 sys=0.00, real=0.02 secs] 
2506.900: [GC (Allocation Failure) [PSYoungGen: 417647K->184719K(465920K)] 1147106K->914323K(1357312K), 0.0204113 secs] [Times: user=0.03 sys=0.00, real=0.02 secs] 
2508.035: [GC (Allocation Failure) [PSYoungGen: 407272K->91467K(465920K)] 1136876K->821337K(1357312K), 0.0134722 secs] [Times: user=0.03 sys=0.00, real=0.01 secs] 
2509.997: [GC (Allocation Failure) [PSYoungGen: 324427K->37520K(465920K)] 1054297K->767685K(1357312K), 0.0085510 secs] [Times: user=0.02 sys=0.00, real=0.01 secs] 
2510.324: [GC (Allocation Failure) [PSYoungGen: 270480K->183819K(465920K)] 1000645K->915238K(1357312K), 0.0203940 secs] [Times: user=0.03 sys=0.00, real=0.02 secs] 
2510.607: [GC (Allocation Failure) [PSYoungGen: 416779K->184655K(465920K)] 1148198K->916347K(1357312K), 0.0204618 secs] [Times: user=0.03 sys=0.00, real=0.02 secs] 
2511.736: [GC (Allocation Failure) [PSYoungGen: 410072K->92753K(465920K)] 1141764K->824710K(1357312K), 0.0164253 secs] [Times: user=0.03 sys=0.00, real=0.02 secs] 
2513.172: [GC (Allocation Failure) [PSYoungGen: 325713K->37877K(465920K)] 1057670K->770134K(1357312K), 0.0057957 secs] [Times: user=0.01 sys=0.00, real=0.00 secs] 
2513.441: [GC (Allocation Failure) [PSYoungGen: 270837K->184558K(465920K)] 1003094K->918061K(1357312K), 0.0206291 secs] [Times: user=0.03 sys=0.00, real=0.02 secs] 
2513.725: [GC (Allocation Failure) [PSYoungGen: 417518K->184269K(465920K)] 1151021K->918045K(1357312K), 0.0204639 secs] [Times: user=0.03 sys=0.00, real=0.02 secs] 
2515.130: [GC (Allocation Failure) [PSYoungGen: 409153K->92014K(465920K)] 1142929K->826054K(1357312K), 0.0169010 secs] [Times: user=0.03 sys=0.00, real=0.01 secs] 
2516.511: [GC (Allocation Failure) [PSYoungGen: 324974K->37906K(465920K)] 1059014K->772263K(1357312K), 0.0058422 secs] [Times: user=0.01 sys=0.00, real=0.00 secs] 
2516.843: [GC (Allocation Failure) [PSYoungGen: 270866K->184558K(465920K)] 1005223K->920161K(1357312K), 0.0205446 secs] [Times: user=0.03 sys=0.00, real=0.02 secs] 
2517.185: [GC (Allocation Failure) [PSYoungGen: 417518K->184687K(465920K)] 1153121K->920562K(1357312K), 0.0204905 secs] [Times: user=0.03 sys=0.00, real=0.02 secs] 
2518.442: [GC (Allocation Failure) [PSYoungGen: 407406K->91628K(465920K)] 1143282K->827897K(1357312K), 0.0160282 secs] [Times: user=0.03 sys=0.00, real=0.01 secs] 
2519.772: [GC (Allocation Failure) [PSYoungGen: 324588K->37877K(465920K)] 1060857K->774327K(1357312K), 0.0077288 secs] [Times: user=0.02 sys=0.00, real=0.01 secs] 
2520.126: [GC (Allocation Failure) [PSYoungGen: 270837K->184687K(465920K)] 1007287K->922383K(1357312K), 0.0203121 secs] [Times: user=0.03 sys=0.00, real=0.02 secs] 
2520.465: [GC (Allocation Failure) [PSYoungGen: 417647K->184687K(465920K)] 1155343K->922664K(1357312K), 0.0204658 secs] [Times: user=0.03 sys=0.00, real=0.02 secs] 
2521.772: [GC (Allocation Failure) [PSYoungGen: 407247K->91467K(465920K)] 1145224K->829710K(1357312K), 0.0189674 secs] [Times: user=0.04 sys=0.00, real=0.02 secs] 
2522.751: [GC (Allocation Failure) [PSYoungGen: 324427K->38005K(465920K)] 1062670K->776555K(1357312K), 0.0057493 secs] [Times: user=0.02 sys=0.00, real=0.00 secs] 
2523.021: [GC (Allocation Failure) [PSYoungGen: 270965K->184719K(465920K)] 1009515K->924522K(1357312K), 0.0203692 secs] [Times: user=0.03 sys=0.00, real=0.02 secs] 
2523.306: [GC (Allocation Failure) [PSYoungGen: 417679K->184655K(465920K)] 1157482K->924731K(1357312K), 0.0204374 secs] [Times: user=0.03 sys=0.00, real=0.02 secs] 
2526.246: [GC (Allocation Failure) [PSYoungGen: 407202K->91371K(465920K)] 1147279K->831713K(1357312K), 0.0251026 secs] [Times: user=0.05 sys=0.00, real=0.03 secs] 
2528.260: [GC (Allocation Failure) [PSYoungGen: 324331K->37588K(465920K)] 1064673K->778246K(1357312K), 0.0073129 secs] [Times: user=0.02 sys=0.00, real=0.00 secs] 
2528.558: [GC (Allocation Failure) [PSYoungGen: 270548K->183787K(465920K)] 1011206K->925691K(1357312K), 0.0205646 secs] [Times: user=0.02 sys=0.00, real=0.02 secs] 
2528.841: [GC (Allocation Failure) [PSYoungGen: 416747K->184301K(465920K)] 1158651K->926614K(1357312K), 0.0205216 secs] [Times: user=0.03 sys=0.00, real=0.02 secs] 
2530.296: [GC (Allocation Failure) [PSYoungGen: 408426K->93010K(465920K)] 1150739K->835460K(1357312K), 0.0244906 secs] [Times: user=0.05 sys=0.00, real=0.03 secs] 
2532.568: [GC (Allocation Failure) [PSYoungGen: 325970K->37874K(465920K)] 1068420K->780640K(1357312K), 0.0080956 secs] [Times: user=0.02 sys=0.00, real=0.00 secs] 
2532.891: [GC (Allocation Failure) [PSYoungGen: 270834K->184815K(465920K)] 1013600K->928827K(1357312K), 0.0204699 secs] [Times: user=0.03 sys=0.00, real=0.02 secs] 
2533.256: [GC (Allocation Failure) [PSYoungGen: 417775K->184141K(465920K)] 1161787K->928425K(1357312K), 0.0203210 secs] [Times: user=0.02 sys=0.00, real=0.02 secs] 
2533.878: [GC (Allocation Failure) [PSYoungGen: 407149K->91853K(465920K)] 1151433K->836403K(1357312K), 0.0122540 secs] [Times: user=0.03 sys=0.00, real=0.02 secs] 
2534.693: [GC (Allocation Failure) [PSYoungGen: 324813K->38005K(465920K)] 1069363K->782871K(1357312K), 0.0059035 secs] [Times: user=0.01 sys=0.00, real=0.01 secs] 
2534.965: [GC (Allocation Failure) [PSYoungGen: 270965K->184719K(465920K)] 1015831K->930838K(1357312K), 0.0204836 secs] [Times: user=0.03 sys=0.00, real=0.02 secs] 
2535.305: [GC (Allocation Failure) [PSYoungGen: 417679K->184719K(465920K)] 1163798K->931247K(1357312K), 0.0204754 secs] [Times: user=0.02 sys=0.00, real=0.02 secs] 
2537.425: [GC (Allocation Failure) [PSYoungGen: 407168K->91403K(465920K)] 1153697K->838197K(1357312K), 0.0254767 secs] [Times: user=0.06 sys=0.00, real=0.03 secs] 
2539.345: [GC (Allocation Failure) [PSYoungGen: 324363K->37716K(465920K)] 1071157K->784692K(1357312K), 0.0080425 secs] [Times: user=0.02 sys=0.00, real=0.01 secs] 
2539.660: [GC (Allocation Failure) [PSYoungGen: 270676K->183787K(465920K)] 1017652K->932008K(1357312K), 0.0207702 secs] [Times: user=0.03 sys=0.00, real=0.02 secs] 
2539.947: [GC (Allocation Failure) [PSYoungGen: 416747K->184751K(465920K)] 1164968K->933245K(1357312K), 0.0204307 secs] [Times: user=0.03 sys=0.00, real=0.02 secs] 
2540.706: [GC (Allocation Failure) [PSYoungGen: 410177K->92496K(465920K)] 1158672K->841279K(1357312K), 0.0114794 secs] [Times: user=0.02 sys=0.00, real=0.01 secs] 
2542.153: [GC (Allocation Failure) [PSYoungGen: 325456K->37874K(465920K)] 1074239K->786959K(1357312K), 0.0067121 secs] [Times: user=0.02 sys=0.00, real=0.01 secs] 
2542.439: [GC (Allocation Failure) [PSYoungGen: 270834K->184558K(465920K)] 1019919K->935017K(1357312K), 0.0204533 secs] [Times: user=0.03 sys=0.00, real=0.02 secs] 
2542.723: [GC (Allocation Failure) [PSYoungGen: 417518K->184719K(465920K)] 1167977K->935322K(1357312K), 0.0204182 secs] [Times: user=0.03 sys=0.00, real=0.02 secs] 
2543.344: [GC (Allocation Failure) [PSYoungGen: 407286K->91628K(465920K)] 1157890K->842497K(1357312K), 0.0111233 secs] [Times: user=0.02 sys=0.00, real=0.01 secs] 
2544.159: [GC (Allocation Failure) [PSYoungGen: 324588K->38005K(465920K)] 1075457K->789182K(1357312K), 0.0056915 secs] [Times: user=0.02 sys=0.00, real=0.00 secs] 
2544.430: [GC (Allocation Failure) [PSYoungGen: 270965K->184655K(465920K)] 1022142K->937069K(1357312K), 0.0204918 secs] [Times: user=0.03 sys=0.00, real=0.02 secs] 
2544.722: [GC (Allocation Failure) [PSYoungGen: 417615K->184687K(465920K)] 1170029K->937382K(1357312K), 0.0205998 secs] [Times: user=0.02 sys=0.00, real=0.02 secs] 
2545.365: [GC (Allocation Failure) [PSYoungGen: 407244K->91371K(465920K)] 1159939K->844332K(1357312K), 0.0112185 secs] [Times: user=0.02 sys=0.00, real=0.01 secs] 
2546.182: [GC (Allocation Failure) [PSYoungGen: 324331K->37973K(465920K)] 1077292K->791255K(1357312K), 0.0067489 secs] [Times: user=0.02 sys=0.00, real=0.01 secs] 
2546.459: [GC (Allocation Failure) [PSYoungGen: 270933K->184687K(465920K)] 1024215K->939223K(1357312K), 0.0204877 secs] [Times: user=0.03 sys=0.00, real=0.02 secs] 
2546.744: [GC (Allocation Failure) [PSYoungGen: 417647K->184719K(465920K)] 1172183K->939536K(1357312K), 0.0203865 secs] [Times: user=0.03 sys=0.00, real=0.02 secs] 
2547.343: [GC (Allocation Failure) [PSYoungGen: 407264K->91339K(465920K)] 1162081K->846421K(1357312K), 0.0098961 secs] [Times: user=0.02 sys=0.00, real=0.01 secs] 
2548.248: [GC (Allocation Failure) [PSYoungGen: 324299K->37777K(465920K)] 1079381K->793169K(1357312K), 0.0067687 secs] [Times: user=0.02 sys=0.00, real=0.00 secs] 
2548.528: [GC (Allocation Failure) [PSYoungGen: 270737K->183948K(465920K)] 1026129K->940593K(1357312K), 0.0203361 secs] [Times: user=0.03 sys=0.00, real=0.02 secs] 
2548.817: [GC (Allocation Failure) [PSYoungGen: 416908K->184398K(465920K)] 1173553K->941453K(1357312K), 0.0204421 secs] [Times: user=0.03 sys=0.00, real=0.02 secs] 
2549.423: [GC (Allocation Failure) [PSYoungGen: 409754K->92656K(465920K)] 1166809K->849848K(1357312K), 0.0110937 secs] [Times: user=0.02 sys=0.00, real=0.01 secs] 
2550.764: [GC (Allocation Failure) [PSYoungGen: 325616K->37877K(465920K)] 1082808K->795384K(1357312K), 0.0067862 secs] [Times: user=0.02 sys=0.00, real=0.01 secs] 
2551.047: [GC (Allocation Failure) [PSYoungGen: 270837K->184687K(465920K)] 1028344K->943568K(1357312K), 0.0206222 secs] [Times: user=0.03 sys=0.00, real=0.02 secs] 
2551.337: [GC (Allocation Failure) [PSYoungGen: 417647K->184719K(465920K)] 1176528K->943881K(1357312K), 0.0204450 secs] [Times: user=0.02 sys=0.01, real=0.02 secs] 
2552.936: [GC (Allocation Failure) [PSYoungGen: 407158K->91467K(465920K)] 1166320K->850903K(1357312K), 0.0267224 secs] [Times: user=0.06 sys=0.00, real=0.03 secs] 
2554.902: [GC (Allocation Failure) [PSYoungGen: 324427K->37649K(465920K)] 1083863K->797256K(1357312K), 0.0069987 secs] [Times: user=0.01 sys=0.00, real=0.01 secs] 
2555.192: [GC (Allocation Failure) [PSYoungGen: 270609K->183787K(465920K)] 1030216K->944640K(1357312K), 0.0203830 secs] [Times: user=0.03 sys=0.00, real=0.02 secs] 
2555.479: [GC (Allocation Failure) [PSYoungGen: 416747K->184398K(465920K)] 1177600K->945523K(1357312K), 0.0204569 secs] [Times: user=0.03 sys=0.00, real=0.02 secs] 
2556.111: [GC (Allocation Failure) [PSYoungGen: 409549K->92913K(465920K)] 1170675K->854304K(1357312K), 0.0115274 secs] [Times: user=0.03 sys=0.00, real=0.01 secs] 
2557.265: [GC (Allocation Failure) [PSYoungGen: 325873K->37716K(465920K)] 1087264K->799294K(1357312K), 0.0092152 secs] [Times: user=0.02 sys=0.00, real=0.01 secs] 
2557.671: [GC (Allocation Failure) [PSYoungGen: 270676K->184687K(465920K)] 1032254K->947518K(1357312K), 0.0204321 secs] [Times: user=0.03 sys=0.00, real=0.02 secs] 
2557.955: [GC (Allocation Failure) [PSYoungGen: 417647K->184655K(465920K)] 1180478K->947759K(1357312K), 0.0205653 secs] [Times: user=0.03 sys=0.00, real=0.02 secs] 
2559.272: [GC (Allocation Failure) [PSYoungGen: 407228K->91660K(465920K)] 1170333K->855030K(1357312K), 0.0161498 secs] [Times: user=0.04 sys=0.00, real=0.01 secs] 
2560.544: [GC (Allocation Failure) [PSYoungGen: 324620K->37748K(465920K)] 1087990K->801426K(1357312K), 0.0057706 secs] [Times: user=0.01 sys=0.00, real=0.01 secs] 
2560.871: [GC (Allocation Failure) [PSYoungGen: 270708K->183787K(465920K)] 1034386K->948719K(1357312K), 0.0205528 secs] [Times: user=0.02 sys=0.00, real=0.02 secs] 
2561.155: [GC (Allocation Failure) [PSYoungGen: 416747K->184430K(465920K)] 1181679K->949642K(1357312K), 0.0205276 secs] [Times: user=0.03 sys=0.00, real=0.02 secs] 
2562.294: [GC (Allocation Failure) [PSYoungGen: 409674K->92753K(465920K)] 1174887K->858230K(1357312K), 0.0172151 secs] [Times: user=0.03 sys=0.00, real=0.02 secs] 
2563.686: [GC (Allocation Failure) [PSYoungGen: 325713K->37745K(465920K)] 1091190K->803533K(1357312K), 0.0066014 secs] [Times: user=0.01 sys=0.00, real=0.01 secs] 
2563.962: [GC (Allocation Failure) [PSYoungGen: 270705K->184655K(465920K)] 1036493K->951696K(1357312K), 0.0206079 secs] [Times: user=0.03 sys=0.00, real=0.02 secs] 
2564.247: [GC (Allocation Failure) [PSYoungGen: 417615K->184655K(465920K)] 1184656K->952106K(1357312K), 0.0206670 secs] [Times: user=0.03 sys=0.00, real=0.02 secs] 
2565.902: [GC (Allocation Failure) [PSYoungGen: 407345K->91580K(465920K)] 1174796K->859296K(1357312K), 0.0252452 secs] [Times: user=0.06 sys=0.00, real=0.02 secs] 
2568.267: [GC (Allocation Failure) [PSYoungGen: 324540K->37845K(465920K)] 1092256K->805748K(1357312K), 0.0079587 secs] [Times: user=0.02 sys=0.00, real=0.01 secs] 
2568.639: [GC (Allocation Failure) [PSYoungGen: 270805K->184687K(465920K)] 1038708K->953964K(1357312K), 0.0206787 secs] [Times: user=0.03 sys=0.00, real=0.02 secs] 
2568.979: [GC (Allocation Failure) [PSYoungGen: 417647K->184687K(465920K)] 1186924K->954108K(1357312K), 0.0203792 secs] [Times: user=0.02 sys=0.00, real=0.02 secs] 
2570.977: [GC (Allocation Failure) [PSYoungGen: 407285K->91484K(465920K)] 1176707K->861170K(1357312K), 0.0208799 secs] [Times: user=0.04 sys=0.01, real=0.02 secs] 
2572.964: [GC (Allocation Failure) [PSYoungGen: 324444K->37845K(465920K)] 1094130K->807829K(1357312K), 0.0079250 secs] [Times: user=0.02 sys=0.00, real=0.01 secs] 
2573.269: [GC (Allocation Failure) [PSYoungGen: 270805K->183787K(465920K)] 1040789K->955017K(1357312K), 0.0204144 secs] [Times: user=0.03 sys=0.00, real=0.02 secs] 
2573.558: [GC (Allocation Failure) [PSYoungGen: 416747K->184398K(465920K)] 1187977K->955901K(1357312K), 0.0204102 secs] [Times: user=0.02 sys=0.00, real=0.03 secs] 
2574.657: [GC (Allocation Failure) [PSYoungGen: 409762K->92656K(465920K)] 1181266K->864425K(1357312K), 0.0137343 secs] [Times: user=0.02 sys=0.00, real=0.02 secs] 
2575.776: [GC (Allocation Failure) [PSYoungGen: 325616K->37874K(465920K)] 1097385K->809950K(1357312K), 0.0066309 secs] [Times: user=0.01 sys=0.00, real=0.01 secs] 
2576.055: [GC (Allocation Failure) [PSYoungGen: 270834K->184687K(465920K)] 1042910K->958001K(1357312K), 0.0206240 secs] [Times: user=0.03 sys=0.00, real=0.02 secs] 
2576.339: [GC (Allocation Failure) [PSYoungGen: 417647K->184655K(465920K)] 1190961K->958242K(1357312K), 0.0203702 secs] [Times: user=0.02 sys=0.00, real=0.02 secs] 
2577.752: [GC (Allocation Failure) [PSYoungGen: 407229K->91467K(465920K)] 1180816K->865320K(1357312K), 0.0134168 secs] [Times: user=0.03 sys=0.00, real=0.01 secs] 
2579.123: [GC (Allocation Failure) [PSYoungGen: 324427K->37617K(465920K)] 1098280K->811787K(1357312K), 0.0066695 secs] [Times: user=0.01 sys=0.00, real=0.01 secs] 
2579.399: [GC (Allocation Failure) [PSYoungGen: 270577K->183819K(465920K)] 1044747K->959235K(1357312K), 0.0204626 secs] [Times: user=0.03 sys=0.00, real=0.02 secs] 
2579.683: [GC (Allocation Failure) [PSYoungGen: 416779K->184719K(465920K)] 1192195K->960415K(1357312K), 0.0212092 secs] [Times: user=0.03 sys=0.00, real=0.02 secs] 
2580.847: [GC (Allocation Failure) [PSYoungGen: 410290K->92592K(465920K)] 1185987K->868554K(1357312K), 0.0142648 secs] [Times: user=0.03 sys=0.00, real=0.02 secs] 
2581.767: [GC (Allocation Failure) [PSYoungGen: 325552K->38163K(465920K)] 1101514K->814447K(1357312K), 0.0058078 secs] [Times: user=0.01 sys=0.00, real=0.01 secs] 
2582.036: [GC (Allocation Failure) [PSYoungGen: 271123K->184590K(465920K)] 1047407K->962248K(1357312K), 0.0206952 secs] [Times: user=0.03 sys=0.00, real=0.02 secs] 
2582.321: [GC (Allocation Failure) [PSYoungGen: 417550K->184719K(465920K)] 1195208K->962529K(1357312K), 0.0206333 secs] [Times: user=0.03 sys=0.00, real=0.02 secs] 
2583.571: [GC (Allocation Failure) [PSYoungGen: 407282K->91323K(465920K)] 1185093K->869399K(1357312K), 0.0252329 secs] [Times: user=0.06 sys=0.00, real=0.02 secs] 
2585.104: [GC (Allocation Failure) [PSYoungGen: 324283K->37877K(465920K)] 1102359K->816258K(1357312K), 0.0072812 secs] [Times: user=0.02 sys=0.00, real=0.01 secs] 
2585.469: [GC (Allocation Failure) [PSYoungGen: 270837K->184719K(465920K)] 1049218K->964482K(1357312K), 0.0205567 secs] [Times: user=0.03 sys=0.00, real=0.02 secs] 
2585.822: [GC (Allocation Failure) [PSYoungGen: 417679K->184655K(465920K)] 1197442K->964563K(1357312K), 0.0205002 secs] [Times: user=0.03 sys=0.00, real=0.02 secs] 
2586.583: [GC (Allocation Failure) [PSYoungGen: 407218K->91499K(465920K)] 1187126K->871673K(1357312K), 0.0120839 secs] [Times: user=0.03 sys=0.00, real=0.01 secs] 
2587.568: [GC (Allocation Failure) [PSYoungGen: 324459K->38034K(465920K)] 1104633K->818518K(1357312K), 0.0071524 secs] [Times: user=0.02 sys=0.00, real=0.01 secs] 
2587.865: [GC (Allocation Failure) [PSYoungGen: 270994K->184655K(465920K)] 1051478K->966512K(1357312K), 0.0233439 secs] [Times: user=0.04 sys=0.00, real=0.03 secs] 
2588.244: [GC (Allocation Failure) [PSYoungGen: 417615K->184655K(465920K)] 1199472K->966657K(1357312K), 0.0205839 secs] [Times: user=0.03 sys=0.00, real=0.02 secs] 
2588.989: [GC (Allocation Failure) [PSYoungGen: 407217K->91307K(465920K)] 1189219K->873574K(1357312K), 0.0121426 secs] [Times: user=0.03 sys=0.00, real=0.01 secs] 
2589.804: [GC (Allocation Failure) [PSYoungGen: 324267K->38066K(465920K)] 1106534K->820633K(1357312K), 0.0058381 secs] [Times: user=0.01 sys=0.00, real=0.01 secs] 
2590.078: [GC (Allocation Failure) [PSYoungGen: 271026K->184687K(465920K)] 1053593K->968507K(1357312K), 0.0207937 secs] [Times: user=0.03 sys=0.00, real=0.03 secs] 
2590.365: [GC (Allocation Failure) [PSYoungGen: 417647K->184719K(465920K)] 1201467K->968812K(1357312K), 0.0205009 secs] [Times: user=0.03 sys=0.00, real=0.02 secs] 
2592.422: [GC (Allocation Failure) [PSYoungGen: 407269K->91339K(465920K)] 1191362K->875698K(1357312K), 0.0173566 secs] [Times: user=0.03 sys=0.00, real=0.02 secs] 
2594.186: [GC (Allocation Failure) [PSYoungGen: 324299K->37906K(465920K)] 1108658K->822578K(1357312K), 0.0072357 secs] [Times: user=0.02 sys=0.00, real=0.01 secs] 
2594.483: [GC (Allocation Failure) [PSYoungGen: 270866K->184687K(465920K)] 1055538K->970605K(1357312K), 0.0206339 secs] [Times: user=0.03 sys=0.00, real=0.02 secs] 
2594.767: [GC (Allocation Failure) [PSYoungGen: 417647K->184623K(465920K)] 1203565K->970814K(1357312K), 0.0213063 secs] [Times: user=0.03 sys=0.00, real=0.02 secs] 
2595.397: [GC (Allocation Failure) [PSYoungGen: 407176K->91435K(465920K)] 1193368K->877892K(1357312K), 0.0111742 secs] [Times: user=0.02 sys=0.00, real=0.01 secs] 
2596.301: [GC (Allocation Failure) [PSYoungGen: 324395K->37874K(465920K)] 1110852K->824638K(1357312K), 0.0058574 secs] [Times: user=0.01 sys=0.00, real=0.00 secs] 
2596.570: [GC (Allocation Failure) [PSYoungGen: 270834K->183916K(465920K)] 1057598K->971925K(1357312K), 0.0205773 secs] [Times: user=0.03 sys=0.00, real=0.02 secs] 
2596.859: [GC (Allocation Failure) [PSYoungGen: 416876K->184398K(465920K)] 1204885K->972688K(1357312K), 0.0206810 secs] [Times: user=0.03 sys=0.00, real=0.02 secs] 
2597.550: [GC (Allocation Failure) [PSYoungGen: 409614K->92496K(465920K)] 1197904K->881051K(1357312K), 0.0116610 secs] [Times: user=0.03 sys=0.00, real=0.01 secs] 
2598.975: [GC (Allocation Failure) [PSYoungGen: 325456K->37777K(465920K)] 1114011K->826641K(1357312K), 0.0074067 secs] [Times: user=0.02 sys=0.00, real=0.01 secs] 
2599.268: [GC (Allocation Failure) [PSYoungGen: 270737K->184687K(465920K)] 1059601K->974796K(1357312K), 0.0205444 secs] [Times: user=0.03 sys=0.00, real=0.03 secs] 
2599.559: [GC (Allocation Failure) [PSYoungGen: 417647K->184655K(465920K)] 1207756K->975037K(1357312K), 0.0205612 secs] [Times: user=0.03 sys=0.00, real=0.02 secs] 
2601.070: [GC (Allocation Failure) [PSYoungGen: 407254K->91628K(465920K)] 1197637K->882276K(1357312K), 0.0178970 secs] [Times: user=0.03 sys=0.00, real=0.01 secs] 
2603.088: [GC (Allocation Failure) [PSYoungGen: 324588K->37716K(465920K)] 1115236K->828677K(1357312K), 0.0080645 secs] [Times: user=0.02 sys=0.00, real=0.01 secs] 
2603.400: [GC (Allocation Failure) [PSYoungGen: 270676K->183787K(465920K)] 1061637K->976002K(1357312K), 0.0205283 secs] [Times: user=0.03 sys=0.00, real=0.02 secs] 
2603.685: [GC (Allocation Failure) [PSYoungGen: 416747K->184655K(465920K)] 1208962K->977143K(1357312K), 0.0207406 secs] [Times: user=0.03 sys=0.00, real=0.02 secs] 
2605.103: [GC (Allocation Failure) [PSYoungGen: 410075K->92528K(465920K)] 1202563K->885289K(1357312K), 0.0126761 secs] [Times: user=0.02 sys=0.00, real=0.01 secs] 
2605.920: [GC (Allocation Failure) [PSYoungGen: 325488K->38034K(465920K)] 1118249K->831101K(1357312K), 0.0058195 secs] [Times: user=0.01 sys=0.00, real=0.00 secs] 
2606.243: [GC (Allocation Failure) [PSYoungGen: 270994K->184687K(465920K)] 1064061K->979127K(1357312K), 0.0207553 secs] [Times: user=0.03 sys=0.00, real=0.02 secs] 
2606.581: [GC (Allocation Failure) [PSYoungGen: 417647K->184655K(465920K)] 1212087K->979368K(1357312K), 0.0205458 secs] [Times: user=0.02 sys=0.00, real=0.02 secs] 
2607.659: [GC (Allocation Failure) [PSYoungGen: 407098K->91371K(465920K)] 1201811K->886358K(1357312K), 0.0138444 secs] [Times: user=0.03 sys=0.00, real=0.01 secs] 
2608.894: [GC (Allocation Failure) [PSYoungGen: 324331K->38002K(465920K)] 1119318K->833176K(1357312K), 0.0067629 secs] [Times: user=0.01 sys=0.00, real=0.01 secs] 
2609.242: [GC (Allocation Failure) [PSYoungGen: 270962K->183819K(465920K)] 1066136K->980239K(1357312K), 0.0204038 secs] [Times: user=0.02 sys=0.00, real=0.02 secs] 
2609.527: [GC (Allocation Failure) [PSYoungGen: 416779K->184655K(465920K)] 1213199K->981347K(1357312K), 0.0205880 secs] [Times: user=0.02 sys=0.00, real=0.02 secs] 
2610.641: [GC (Allocation Failure) [PSYoungGen: 410105K->92271K(465920K)] 1206797K->889228K(1357312K), 0.0166474 secs] [Times: user=0.04 sys=0.00, real=0.01 secs] 
2612.567: [GC (Allocation Failure) [PSYoungGen: 325231K->37588K(465920K)] 1122188K->834851K(1357312K), 0.0069416 secs] [Times: user=0.02 sys=0.00, real=0.01 secs] 
2612.855: [GC (Allocation Failure) [PSYoungGen: 270548K->184205K(465920K)] 1067811K->982714K(1357312K), 0.0204065 secs] [Times: user=0.03 sys=0.00, real=0.02 secs] 
2613.139: [GC (Allocation Failure) [PSYoungGen: 417165K->184526K(465920K)] 1215674K->983308K(1357312K), 0.0205369 secs] [Times: user=0.03 sys=0.00, real=0.02 secs] 
2614.588: [GC (Allocation Failure) [PSYoungGen: 408108K->92399K(465920K)] 1206890K->891446K(1357312K), 0.0136028 secs] [Times: user=0.03 sys=0.00, real=0.01 secs] 
2616.561: [GC (Allocation Failure) [PSYoungGen: 325359K->37588K(465920K)] 1124406K->836940K(1357312K), 0.0068912 secs] [Times: user=0.01 sys=0.00, real=0.01 secs] 
2616.845: [GC (Allocation Failure) [PSYoungGen: 270548K->184430K(465920K)] 1069900K->985020K(1357312K), 0.0205791 secs] [Times: user=0.03 sys=0.00, real=0.02 secs] 
2617.129: [GC (Allocation Failure) [PSYoungGen: 417390K->184590K(465920K)] 1217980K->985462K(1357312K), 0.0205845 secs] [Times: user=0.03 sys=0.00, real=0.02 secs] 
2618.255: [GC (Allocation Failure) [PSYoungGen: 407646K->92078K(465920K)] 1208518K->893215K(1357312K), 0.0124698 secs] [Times: user=0.02 sys=0.00, real=0.01 secs] 
2619.795: [GC (Allocation Failure) [PSYoungGen: 325038K->37488K(465920K)] 1126175K->838933K(1357312K), 0.0078234 secs] [Times: user=0.02 sys=0.00, real=0.01 secs] 
2620.107: [GC (Allocation Failure) [PSYoungGen: 270448K->184719K(465920K)] 1071893K->987425K(1357312K), 0.0206316 secs] [Times: user=0.03 sys=0.01, real=0.02 secs] 
2620.454: [GC (Allocation Failure) [PSYoungGen: 417679K->184044K(465920K)] 1220385K->987023K(1357312K), 0.0205071 secs] [Times: user=0.03 sys=0.00, real=0.02 secs] 
2621.482: [GC (Allocation Failure) [PSYoungGen: 408024K->92496K(465920K)] 1211003K->895740K(1357312K), 0.0150902 secs] [Times: user=0.03 sys=0.00, real=0.01 secs] 
2623.568: [GC (Allocation Failure) [PSYoungGen: 325456K->37331K(465920K)] 1128700K->840880K(1357312K), 0.0078653 secs] [Times: user=0.02 sys=0.00, real=0.01 secs] 
2623.881: [GC (Allocation Failure) [PSYoungGen: 270291K->184815K(465920K)] 1073840K->989619K(1357312K), 0.0204860 secs] [Times: user=0.03 sys=0.00, real=0.02 secs] 
2624.165: [GC (Allocation Failure) [PSYoungGen: 417775K->184141K(465920K)] 1222579K->989217K(1357312K), 0.0205417 secs] [Times: user=0.03 sys=0.00, real=0.02 secs] 
2625.392: [GC (Allocation Failure) [PSYoungGen: 409481K->92351K(465920K)] 1214557K->897693K(1357312K), 0.0249684 secs] [Times: user=0.05 sys=0.00, real=0.02 secs] 
2627.255: [GC (Allocation Failure) [PSYoungGen: 325311K->37906K(465920K)] 1130653K->843561K(1357312K), 0.0069083 secs] [Times: user=0.01 sys=0.00, real=0.01 secs] 
2627.541: [GC (Allocation Failure) [PSYoungGen: 270866K->184558K(465920K)] 1076521K->991587K(1357312K), 0.0205328 secs] [Times: user=0.03 sys=0.00, real=0.02 secs] 
2627.879: [GC (Allocation Failure) [PSYoungGen: 417518K->184494K(465920K)] 1224547K->991667K(1357312K), 0.0205033 secs] [Times: user=0.03 sys=0.00, real=0.02 secs] 
2629.398: [GC (Allocation Failure) [PSYoungGen: 409432K->91853K(465920K)] 1216606K->899420K(1357312K), 0.0151478 secs] [Times: user=0.03 sys=0.00, real=0.02 secs] 
2631.365: [GC (Allocation Failure) [PSYoungGen: 324813K->37520K(465920K)] 1132380K->845275K(1357312K), 0.0078980 secs] [Times: user=0.02 sys=0.00, real=0.01 secs] 
2631.671: [GC (Allocation Failure) [PSYoungGen: 270480K->184687K(465920K)] 1078235K->993824K(1357312K), 0.0205878 secs] [Times: user=0.03 sys=0.00, real=0.02 secs] 
2631.956: [GC (Allocation Failure) [PSYoungGen: 417647K->184687K(465920K)] 1226784K->993968K(1357312K), 0.0203892 secs] [Times: user=0.03 sys=0.00, real=0.02 secs] 
2634.017: [GC (Allocation Failure) [PSYoungGen: 409805K->91853K(465920K)] 1219087K->901400K(1357312K), 0.0124721 secs] [Times: user=0.03 sys=0.00, real=0.02 secs] 
2634.846: [GC (Allocation Failure) [PSYoungGen: 324813K->38005K(465920K)] 1134360K->847868K(1357312K), 0.0058274 secs] [Times: user=0.01 sys=0.00, real=0.01 secs] 
2635.178: [GC (Allocation Failure) [PSYoungGen: 270965K->184687K(465920K)] 1080828K->995795K(1357312K), 0.0210222 secs] [Times: user=0.02 sys=0.01, real=0.02 secs] 
2635.523: [GC (Allocation Failure) [PSYoungGen: 417647K->184462K(465920K)] 1228755K->995843K(1357312K), 0.0206181 secs] [Times: user=0.03 sys=0.00, real=0.02 secs] 
2636.206: [GC (Allocation Failure) [PSYoungGen: 406941K->91596K(465920K)] 1218322K->903250K(1357312K), 0.0124370 secs] [Times: user=0.03 sys=0.00, real=0.01 secs] 
2637.719: [GC (Allocation Failure) [PSYoungGen: 324556K->37716K(465920K)] 1136210K->849671K(1357312K), 0.0078958 secs] [Times: user=0.02 sys=0.00, real=0.00 secs] 
2638.101: [GC (Allocation Failure) [PSYoungGen: 270676K->184687K(465920K)] 1082631K->997895K(1357312K), 0.0205611 secs] [Times: user=0.03 sys=0.00, real=0.02 secs] 
2638.388: [GC (Allocation Failure) [PSYoungGen: 417647K->184462K(465920K)] 1230855K->997943K(1357312K), 0.0205736 secs] [Times: user=0.03 sys=0.00, real=0.03 secs] 
2639.530: [GC (Allocation Failure) [PSYoungGen: 406938K->91821K(465920K)] 1220419K->905567K(1357312K), 0.0152003 secs] [Times: user=0.03 sys=0.00, real=0.01 secs] 
2641.019: [GC (Allocation Failure) [PSYoungGen: 324781K->37906K(465920K)] 1138527K->851960K(1357312K), 0.0099039 secs] [Times: user=0.03 sys=0.00, real=0.01 secs] 
2641.428: [GC (Allocation Failure) [PSYoungGen: 270866K->184687K(465920K)] 1084920K->999987K(1357312K), 0.0207644 secs] [Times: user=0.03 sys=0.00, real=0.02 secs] 
2641.782: [GC (Allocation Failure) [PSYoungGen: 417647K->184687K(465920K)] 1232947K->1000260K(1357312K), 0.0207127 secs] [Times: user=0.03 sys=0.00, real=0.02 secs] 
2644.252: [GC (Allocation Failure) [PSYoungGen: 407232K->91467K(465920K)] 1222805K->907306K(1357312K), 0.0261370 secs] [Times: user=0.06 sys=0.00, real=0.02 secs] 
2646.912: [GC (Allocation Failure) [PSYoungGen: 324427K->37620K(465920K)] 1140266K->853755K(1357312K), 0.0081782 secs] [Times: user=0.02 sys=0.00, real=0.01 secs] 
2647.233: [GC (Allocation Failure) [PSYoungGen: 270580K->184719K(465920K)] 1086715K->1002237K(1357312K), 0.0206620 secs] [Times: user=0.03 sys=0.00, real=0.02 secs] 
2647.517: [GC (Allocation Failure) [PSYoungGen: 417679K->184687K(465920K)] 1235197K->1002349K(1357312K), 0.0205144 secs] [Times: user=0.02 sys=0.00, real=0.02 secs] 
2649.292: [GC (Allocation Failure) [PSYoungGen: 407503K->91773K(465920K)] 1225165K->909700K(1357312K), 0.0266741 secs] [Times: user=0.06 sys=0.00, real=0.02 secs] 
2651.471: [GC (Allocation Failure) [PSYoungGen: 324733K->37523K(465920K)] 1142660K->855756K(1357312K), 0.0088297 secs] [Times: user=0.02 sys=0.00, real=0.01 secs] 
2651.801: [GC (Allocation Failure) [PSYoungGen: 270483K->183658K(465920K)] 1088716K->1003153K(1357312K), 0.0205216 secs] [Times: user=0.03 sys=0.00, real=0.02 secs] 
2652.086: [GC (Allocation Failure) [PSYoungGen: 416618K->184687K(465920K)] 1236113K->1004454K(1357312K), 0.0205199 secs] [Times: user=0.03 sys=0.00, real=0.02 secs] 
2653.084: [GC (Allocation Failure) [PSYoungGen: 409956K->92865K(465920K)] 1229724K->913027K(1357312K), 0.0122388 secs] [Times: user=0.03 sys=0.00, real=0.01 secs] 
2654.152: [GC (Allocation Failure) [PSYoungGen: 325825K->37748K(465920K)] 1145987K->858091K(1357312K), 0.0058472 secs] [Times: user=0.01 sys=0.00, real=0.00 secs] 
2654.420: [GC (Allocation Failure) [PSYoungGen: 270708K->184044K(465920K)] 1091051K->1005624K(1357312K), 0.0206383 secs] [Times: user=0.03 sys=0.00, real=0.02 secs] 
2654.709: [GC (Allocation Failure) [PSYoungGen: 417004K->184526K(465920K)] 1238584K->1006387K(1357312K), 0.0205574 secs] [Times: user=0.02 sys=0.00, real=0.02 secs] 
2655.414: [GC (Allocation Failure) [PSYoungGen: 409722K->92335K(465920K)] 1231583K->914461K(1357312K), 0.0114290 secs] [Times: user=0.03 sys=0.00, real=0.01 secs] 
2656.210: [GC (Allocation Failure) [PSYoungGen: 325295K->38005K(465920K)] 1147421K->860442K(1357312K), 0.0058510 secs] [Times: user=0.01 sys=0.00, real=0.00 secs] 
2656.482: [GC (Allocation Failure) [PSYoungGen: 270965K->184687K(465920K)] 1093402K->1008377K(1357312K), 0.0205903 secs] [Times: user=0.03 sys=0.00, real=0.02 secs] 
2656.767: [GC (Allocation Failure) [PSYoungGen: 417647K->184687K(465920K)] 1241337K->1008658K(1357312K), 0.0205854 secs] [Times: user=0.03 sys=0.00, real=0.02 secs] 
2657.383: [GC (Allocation Failure) [PSYoungGen: 407244K->91339K(465920K)] 1231215K->915575K(1357312K), 0.0109969 secs] [Times: user=0.03 sys=0.00, real=0.01 secs] 
2658.181: [GC (Allocation Failure) [PSYoungGen: 324299K->38005K(465920K)] 1148535K->862549K(1357312K), 0.0058649 secs] [Times: user=0.02 sys=0.00, real=0.00 secs] 
2658.451: [GC (Allocation Failure) [PSYoungGen: 270965K->184687K(465920K)] 1095509K->1010613K(1357312K), 0.0206478 secs] [Times: user=0.03 sys=0.00, real=0.02 secs] 
2658.799: [GC (Allocation Failure) [PSYoungGen: 417647K->184655K(465920K)] 1243573K->1010725K(1357312K), 0.0206006 secs] [Times: user=0.03 sys=0.00, real=0.02 secs] 
2660.118: [GC (Allocation Failure) [PSYoungGen: 407249K->91323K(465920K)] 1233320K->917659K(1357312K), 0.0152882 secs] [Times: user=0.03 sys=0.00, real=0.02 secs] 
2661.049: [GC (Allocation Failure) [PSYoungGen: 324283K->38005K(465920K)] 1150619K->864663K(1357312K), 0.0058644 secs] [Times: user=0.01 sys=0.00, real=0.00 secs] 
2661.318: [GC (Allocation Failure) [PSYoungGen: 270965K->183787K(465920K)] 1097623K->1011690K(1357312K), 0.0206283 secs] [Times: user=0.03 sys=0.00, real=0.03 secs] 
2661.667: [GC (Allocation Failure) [PSYoungGen: 416747K->184687K(465920K)] 1244650K->1012863K(1357312K), 0.0205097 secs] [Times: user=0.03 sys=0.01, real=0.02 secs] 
2662.751: [GC (Allocation Failure) [PSYoungGen: 410098K->92239K(465920K)] 1238275K->920680K(1357312K), 0.0125429 secs] [Times: user=0.02 sys=0.00, real=0.01 secs] 
2663.931: [GC (Allocation Failure) [PSYoungGen: 325199K->37745K(465920K)] 1153640K->866502K(1357312K), 0.0068051 secs] [Times: user=0.02 sys=0.00, real=0.00 secs] 
2664.217: [GC (Allocation Failure) [PSYoungGen: 270705K->184173K(465920K)] 1099462K->1014167K(1357312K), 0.0204445 secs] [Times: user=0.03 sys=0.00, real=0.02 secs] 
2664.562: [GC (Allocation Failure) [PSYoungGen: 417133K->184526K(465920K)] 1247127K->1014802K(1357312K), 0.0207100 secs] [Times: user=0.03 sys=0.00, real=0.02 secs] 
2666.010: [GC (Allocation Failure) [PSYoungGen: 408102K->92287K(465920K)] 1238377K->922827K(1357312K), 0.0169856 secs] [Times: user=0.03 sys=0.00, real=0.01 secs] 
2667.850: [GC (Allocation Failure) [PSYoungGen: 325247K->37617K(465920K)] 1155787K->868467K(1357312K), 0.0081928 secs] [Times: user=0.02 sys=0.01, real=0.01 secs] 
2668.172: [GC (Allocation Failure) [PSYoungGen: 270577K->184719K(465920K)] 1101427K->1016823K(1357312K), 0.0206433 secs] [Times: user=0.03 sys=0.00, real=0.02 secs] 
2668.458: [GC (Allocation Failure) [PSYoungGen: 417679K->183658K(465920K)] 1249783K->1016043K(1357312K), 0.0205862 secs] [Times: user=0.03 sys=0.00, real=0.02 secs] 
2669.610: [GC (Allocation Failure) [PSYoungGen: 409077K->92737K(465920K)] 1241462K->925387K(1357312K), 0.0214909 secs] [Times: user=0.04 sys=0.00, real=0.02 secs] 
2671.847: [GC (Allocation Failure) [PSYoungGen: 325697K->37649K(465920K)] 1158347K->870605K(1357312K), 0.0084326 secs] [Times: user=0.03 sys=0.00, real=0.01 secs] 
2672.167: [GC (Allocation Failure) [PSYoungGen: 270609K->183755K(465920K)] 1103565K->1017956K(1357312K), 0.0206452 secs] [Times: user=0.03 sys=0.00, real=0.02 secs] 
2672.458: [GC (Allocation Failure) [PSYoungGen: 416715K->184558K(465920K)] 1250916K->1019033K(1357312K), 0.0206163 secs] [Times: user=0.03 sys=0.00, real=0.02 secs] 
2674.845: [GC (Allocation Failure) [PSYoungGen: 409617K->92753K(465920K)] 1244091K->927629K(1357312K), 0.0207806 secs] [Times: user=0.05 sys=0.00, real=0.02 secs] 
2676.919: [GC (Allocation Failure) [PSYoungGen: 325713K->37716K(465920K)] 1160589K->872764K(1357312K), 0.0091947 secs] [Times: user=0.03 sys=0.00, real=0.00 secs] 
2677.245: [GC (Allocation Failure) [PSYoungGen: 270676K->183755K(465920K)] 1105724K->1020049K(1357312K), 0.0205846 secs] [Times: user=0.03 sys=0.01, real=0.02 secs] 
2677.530: [GC (Allocation Failure) [PSYoungGen: 416715K->184398K(465920K)] 1253009K->1020964K(1357312K), 0.0207489 secs] [Times: user=0.03 sys=0.00, real=0.02 secs] 
2678.236: [GC (Allocation Failure) [PSYoungGen: 408215K->92785K(465920K)] 1244782K->929617K(1357312K), 0.0115026 secs] [Times: user=0.02 sys=0.00, real=0.01 secs] 
2679.807: [GC (Allocation Failure) [PSYoungGen: 325745K->37620K(465920K)] 1162577K->874767K(1357312K), 0.0084866 secs] [Times: user=0.02 sys=0.00, real=0.01 secs] 
2680.209: [GC (Allocation Failure) [PSYoungGen: 270580K->184494K(465920K)] 1107727K->1023031K(1357312K), 0.0206586 secs] [Times: user=0.03 sys=0.00, real=0.02 secs] 
2680.502: [GC (Allocation Failure) [PSYoungGen: 417454K->184526K(465920K)] 1255991K->1023208K(1357312K), 0.0204901 secs] [Times: user=0.03 sys=0.00, real=0.02 secs] 
2682.415: [GC (Allocation Failure) [PSYoungGen: 407583K->92078K(465920K)] 1246266K->931025K(1357312K), 0.0252221 secs] [Times: user=0.06 sys=0.00, real=0.03 secs] 
2684.307: [GC (Allocation Failure) [PSYoungGen: 325038K->37777K(465920K)] 1163985K->877035K(1357312K), 0.0080212 secs] [Times: user=0.02 sys=0.00, real=0.01 secs] 
2684.620: [GC (Allocation Failure) [PSYoungGen: 270737K->184462K(465920K)] 1109995K->1024973K(1357312K), 0.0205202 secs] [Times: user=0.03 sys=0.00, real=0.02 secs] 
2684.905: [GC (Allocation Failure) [PSYoungGen: 417422K->184333K(465920K)] 1257933K->1025125K(1357312K), 0.0204499 secs] [Times: user=0.03 sys=0.00, real=0.02 secs] 
2686.334: [GC (Allocation Failure) [PSYoungGen: 409381K->92303K(465920K)] 1250173K->933488K(1357312K), 0.0137071 secs] [Times: user=0.03 sys=0.00, real=0.01 secs] 
2688.399: [GC (Allocation Failure) [PSYoungGen: 325263K->37488K(465920K)] 1166448K->878867K(1357312K), 0.0078826 secs] [Times: user=0.02 sys=0.00, real=0.00 secs] 
2688.707: [GC (Allocation Failure) [PSYoungGen: 270448K->184687K(465920K)] 1111827K->1027311K(1357312K), 0.0206574 secs] [Times: user=0.03 sys=0.00, real=0.02 secs] 
2688.997: [GC (Allocation Failure) [PSYoungGen: 417647K->184719K(465920K)] 1260271K->1027616K(1357312K), 0.0206069 secs] [Times: user=0.03 sys=0.00, real=0.02 secs] 
2690.452: [GC (Allocation Failure) [PSYoungGen: 407320K->91837K(465920K)] 1250217K->935000K(1357312K), 0.0175966 secs] [Times: user=0.03 sys=0.00, real=0.02 secs] 
2692.098: [GC (Allocation Failure) [PSYoungGen: 324797K->37588K(465920K)] 1167960K->881052K(1357312K), 0.0072001 secs] [Times: user=0.02 sys=0.00, real=0.01 secs] 
2692.391: [GC (Allocation Failure) [PSYoungGen: 270548K->184976K(465920K)] 1114012K->1029694K(1357312K), 0.0206601 secs] [Times: user=0.03 sys=0.00, real=0.02 secs] 
2692.679: [GC (Allocation Failure) [PSYoungGen: 417936K->184173K(465920K)] 1262654K->1029172K(1357312K), 0.0205379 secs] [Times: user=0.03 sys=0.00, real=0.02 secs] 
2693.881: [GC (Allocation Failure) [PSYoungGen: 407529K->91982K(465920K)] 1252528K->937246K(1357312K), 0.0262695 secs] [Times: user=0.06 sys=0.00, real=0.02 secs] 
2695.344: [GC (Allocation Failure) [PSYoungGen: 324942K->37877K(465920K)] 1170206K->883463K(1357312K), 0.0069349 secs] [Times: user=0.02 sys=0.00, real=0.01 secs] 
2695.630: [GC (Allocation Failure) [PSYoungGen: 270837K->184462K(465920K)] 1116423K->1031422K(1357312K), 0.0208563 secs] [Times: user=0.02 sys=0.00, real=0.02 secs] 
2695.920: [GC (Allocation Failure) [PSYoungGen: 417422K->184590K(465920K)] 1264382K->1031695K(1357312K), 0.0203566 secs] [Times: user=0.03 sys=0.00, real=0.02 secs] 
2696.529: [GC (Allocation Failure) [PSYoungGen: 407133K->91853K(465920K)] 1254238K->939223K(1357312K), 0.0110718 secs] [Times: user=0.02 sys=0.00, real=0.01 secs] 
2697.337: [GC (Allocation Failure) [PSYoungGen: 324813K->37906K(465920K)] 1172183K->885592K(1357312K), 0.0067081 secs] [Times: user=0.02 sys=0.00, real=0.01 secs] 
2697.685: [GC (Allocation Failure) [PSYoungGen: 270866K->184462K(465920K)] 1118552K->1033401K(1357312K), 0.0206549 secs] [Times: user=0.03 sys=0.00, real=0.02 secs] 
2697.969: [GC (Allocation Failure) [PSYoungGen: 417422K->184301K(465920K)] 1266361K->1033522K(1357312K), 0.0207256 secs] [Times: user=0.03 sys=0.00, real=0.02 secs] 
2698.580: [GC (Allocation Failure) [PSYoungGen: 409345K->92126K(465920K)] 1258565K->941740K(1357312K), 0.0132303 secs] [Times: user=0.03 sys=0.01, real=0.01 secs] 
2699.715: [GC (Allocation Failure) [PSYoungGen: 325086K->37777K(465920K)] 1174700K->887579K(1357312K), 0.0073982 secs] [Times: user=0.02 sys=0.00, real=0.01 secs] 
2700.009: [GC (Allocation Failure) [PSYoungGen: 270737K->184301K(465920K)] 1120539K->1035348K(1357312K), 0.0207236 secs] [Times: user=0.03 sys=0.00, real=0.02 secs] 
2700.358: [GC (Allocation Failure) [PSYoungGen: 417261K->184719K(465920K)] 1268308K->1036047K(1357312K), 0.0209454 secs] [Times: user=0.03 sys=0.00, real=0.03 secs] 
2701.468: [GC (Allocation Failure) [PSYoungGen: 409851K->91982K(465920K)] 1261179K->943575K(1357312K), 0.0150767 secs] [Times: user=0.04 sys=0.00, real=0.02 secs] 
2703.100: [GC (Allocation Failure) [PSYoungGen: 324942K->37488K(465920K)] 1176535K->889381K(1357312K), 0.0080482 secs] [Times: user=0.02 sys=0.00, real=0.00 secs] 
2703.407: [GC (Allocation Failure) [PSYoungGen: 270448K->184333K(465920K)] 1122341K->1037480K(1357312K), 0.0205365 secs] [Times: user=0.03 sys=0.00, real=0.02 secs] 
2703.697: [GC (Allocation Failure) [PSYoungGen: 417293K->184719K(465920K)] 1270440K->1038146K(1357312K), 0.0205474 secs] [Times: user=0.03 sys=0.00, real=0.02 secs] 
2705.141: [GC (Allocation Failure) [PSYoungGen: 409826K->92271K(465920K)] 1263253K->945963K(1357312K), 0.0204906 secs] [Times: user=0.04 sys=0.00, real=0.02 secs] 
2707.358: [GC (Allocation Failure) [PSYoungGen: 325231K->37459K(465920K)] 1178923K->891460K(1357312K), 0.0080179 secs] [Times: user=0.02 sys=0.00, real=0.01 secs] 
2707.667: [GC (Allocation Failure) [PSYoungGen: 270419K->184687K(465920K)] 1124420K->1040070K(1357312K), 0.0206824 secs] [Times: user=0.03 sys=0.00, real=0.02 secs] 
2707.956: [GC (Allocation Failure) [PSYoungGen: 417647K->184398K(465920K)] 1273030K->1039925K(1357312K), 0.0207467 secs] [Times: user=0.02 sys=0.00, real=0.02 secs] 
2709.158: [GC (Allocation Failure) [PSYoungGen: 409271K->92126K(465920K)] 1264798K->947919K(1357312K), 0.0266343 secs] [Times: user=0.06 sys=0.00, real=0.02 secs] 
2710.091: [GC (Allocation Failure) [PSYoungGen: 325086K->38037K(465920K)] 1180879K->894132K(1357312K), 0.0059594 secs] [Times: user=0.02 sys=0.00, real=0.00 secs] 
2710.361: [GC (Allocation Failure) [PSYoungGen: 270997K->184430K(465920K)] 1127092K->1041786K(1357312K), 0.0211660 secs] [Times: user=0.03 sys=0.00, real=0.02 secs] 
2710.651: [GC (Allocation Failure) [PSYoungGen: 417390K->184269K(465920K)] 1274746K->1041898K(1357312K), 0.0206748 secs] [Times: user=0.03 sys=0.00, real=0.02 secs] 
2712.169: [GC (Allocation Failure) [PSYoungGen: 409312K->91982K(465920K)] 1266942K->950004K(1357312K), 0.0199647 secs] [Times: user=0.04 sys=0.00, real=0.02 secs] 
2714.433: [GC (Allocation Failure) [PSYoungGen: 324942K->37617K(465920K)] 1182964K->895833K(1357312K), 0.0073104 secs] [Times: user=0.02 sys=0.00, real=0.01 secs] 
2714.803: [GC (Allocation Failure) [PSYoungGen: 270577K->184205K(465920K)] 1128793K->1043658K(1357312K), 0.0205909 secs] [Times: user=0.03 sys=0.00, real=0.02 secs] 
2715.087: [GC (Allocation Failure) [PSYoungGen: 417165K->184944K(465920K)] 1276618K->1044670K(1357312K), 0.0206014 secs] [Times: user=0.02 sys=0.00, real=0.02 secs] 
2717.461: [GC (Allocation Failure) [PSYoungGen: 408177K->92014K(465920K)] 1267904K->952005K(1357312K), 0.0155672 secs] [Times: user=0.04 sys=0.00, real=0.01 secs] 
2719.136: [GC (Allocation Failure) [PSYoungGen: 324974K->37649K(465920K)] 1184965K->897949K(1357312K), 0.0089680 secs] [Times: user=0.02 sys=0.00, real=0.01 secs] 
2719.465: [GC (Allocation Failure) [PSYoungGen: 270609K->184301K(465920K)] 1130909K->1045846K(1357312K), 0.0207203 secs] [Times: user=0.03 sys=0.00, real=0.02 secs] 
2719.750: [GC (Allocation Failure) [PSYoungGen: 417261K->184558K(465920K)] 1278806K->1046385K(1357312K), 0.0206284 secs] [Times: user=0.03 sys=0.00, real=0.02 secs] 
2721.408: [GC (Allocation Failure) [PSYoungGen: 409717K->92239K(465920K)] 1271543K->954338K(1357312K), 0.0200674 secs] [Times: user=0.04 sys=0.00, real=0.02 secs] 
2724.056: [GC (Allocation Failure) [PSYoungGen: 325199K->37488K(465920K)] 1187298K->899890K(1357312K), 0.0084283 secs] [Times: user=0.02 sys=0.00, real=0.01 secs] 
2724.373: [GC (Allocation Failure) [PSYoungGen: 270448K->184173K(465920K)] 1132850K->1047820K(1357312K), 0.0205869 secs] [Times: user=0.03 sys=0.00, real=0.02 secs] 
2724.657: [GC (Allocation Failure) [PSYoungGen: 417133K->184558K(465920K)] 1280780K->1048478K(1357312K), 0.0206030 secs] [Times: user=0.03 sys=0.00, real=0.02 secs] 
2725.810: [GC (Allocation Failure) [PSYoungGen: 408124K->92528K(465920K)] 1272044K->956713K(1357312K), 0.0274868 secs] [Times: user=0.06 sys=0.00, real=0.02 secs] 
2728.000: [GC (Allocation Failure) [PSYoungGen: 325488K->37716K(465920K)] 1189673K->902211K(1357312K), 0.0079641 secs] [Times: user=0.02 sys=0.00, real=0.01 secs] 
2728.307: [GC (Allocation Failure) [PSYoungGen: 270676K->184430K(465920K)] 1135171K->1050291K(1357312K), 0.0206187 secs] [Times: user=0.03 sys=0.00, real=0.02 secs] 
2728.598: [GC (Allocation Failure) [PSYoungGen: 417390K->184526K(465920K)] 1283251K->1050532K(1357312K), 0.0205439 secs] [Times: user=0.03 sys=0.00, real=0.02 secs] 
2730.390: [GC (Allocation Failure) [PSYoungGen: 407619K->92014K(465920K)] 1273625K->958285K(1357312K), 0.0261368 secs] [Times: user=0.06 sys=0.00, real=0.02 secs] 
2733.110: [GC (Allocation Failure) [PSYoungGen: 324974K->37488K(465920K)] 1191245K->904075K(1357312K), 0.0089683 secs] [Times: user=0.02 sys=0.00, real=0.01 secs] 
2733.442: [GC (Allocation Failure) [PSYoungGen: 270448K->184430K(465920K)] 1137035K->1052262K(1357312K), 0.0206013 secs] [Times: user=0.03 sys=0.00, real=0.02 secs] 
2733.727: [GC (Allocation Failure) [PSYoungGen: 417390K->184333K(465920K)] 1285222K->1052446K(1357312K), 0.0205827 secs] [Times: user=0.03 sys=0.00, real=0.02 secs] 
2734.709: [GC (Allocation Failure) [PSYoungGen: 409507K->92432K(465920K)] 1277620K->960939K(1357312K), 0.0134783 secs] [Times: user=0.03 sys=0.00, real=0.01 secs] 
2736.381: [GC (Allocation Failure) [PSYoungGen: 325392K->37845K(465920K)] 1193899K->906521K(1357312K), 0.0076631 secs] [Times: user=0.02 sys=0.00, real=0.01 secs] 
2736.756: [GC (Allocation Failure) [PSYoungGen: 270805K->184205K(465920K)] 1139481K->1054134K(1357312K), 0.0206429 secs] [Times: user=0.03 sys=0.00, real=0.02 secs] 
2737.040: [GC (Allocation Failure) [PSYoungGen: 417165K->184526K(465920K)] 1287094K->1054857K(1357312K), 0.0207451 secs] [Times: user=0.03 sys=0.00, real=0.02 secs] 
2738.184: [GC (Allocation Failure) [PSYoungGen: 409690K->92158K(465920K)] 1280022K->962626K(1357312K), 0.0158250 secs] [Times: user=0.03 sys=0.00, real=0.02 secs] 
2739.169: [GC (Allocation Failure) [PSYoungGen: 325118K->37973K(465920K)] 1195586K->908747K(1357312K), 0.0068844 secs] [Times: user=0.02 sys=0.00, real=0.00 secs] 
2739.451: [GC (Allocation Failure) [PSYoungGen: 270933K->184815K(465920K)] 1141707K->1056826K(1357312K), 0.0207852 secs] [Times: user=0.03 sys=0.00, real=0.02 secs] 
2739.743: [GC (Allocation Failure) [PSYoungGen: 417775K->184687K(465920K)] 1289786K->1056971K(1357312K), 0.0206872 secs] [Times: user=0.02 sys=0.00, real=0.02 secs] 
2740.964: [GC (Allocation Failure) [PSYoungGen: 407098K->91242K(465920K)] 1279382K->963808K(1357312K), 0.0180203 secs] [Times: user=0.04 sys=0.00, real=0.02 secs] 
2742.545: [GC (Allocation Failure) [PSYoungGen: 324202K->37777K(465920K)] 1196768K->910650K(1357312K), 0.0069605 secs] [Times: user=0.01 sys=0.00, real=0.01 secs] 
2742.826: [GC (Allocation Failure) [PSYoungGen: 270737K->183787K(465920K)] 1143610K->1057914K(1357312K), 0.0205003 secs] [Times: user=0.03 sys=0.00, real=0.02 secs] 
2743.111: [GC (Allocation Failure) [PSYoungGen: 416747K->184623K(465920K)] 1290874K->1059030K(1357312K), 0.0205608 secs] [Times: user=0.03 sys=0.00, real=0.02 secs] 
2744.159: [GC (Allocation Failure) [PSYoungGen: 410049K->92464K(465920K)] 1284456K->967136K(1357312K), 0.0166641 secs] [Times: user=0.03 sys=0.00, real=0.01 secs] 
2745.234: [GC (Allocation Failure) [PSYoungGen: 325424K->38131K(465920K)] 1200096K->913122K(1357312K), 0.0073257 secs] [Times: user=0.01 sys=0.00, real=0.01 secs] 
2745.530: [GC (Allocation Failure) [PSYoungGen: 271091K->184558K(465920K)] 1146082K->1060923K(1357312K), 0.0207965 secs] [Times: user=0.03 sys=0.00, real=0.02 secs] 
2745.822: [GC (Allocation Failure) [PSYoungGen: 417518K->184655K(465920K)] 1293883K->1061164K(1357312K), 0.0205345 secs] [Times: user=0.03 sys=0.00, real=0.02 secs] 
2746.465: [GC (Allocation Failure) [PSYoungGen: 407219K->91371K(465920K)] 1283729K->968153K(1357312K), 0.0116337 secs] [Times: user=0.02 sys=0.00, real=0.01 secs] 
2747.389: [GC (Allocation Failure) [PSYoungGen: 324331K->38005K(465920K)] 1201113K->915106K(1357312K), 0.0063681 secs] [Times: user=0.01 sys=0.00, real=0.00 secs] 
2747.660: [GC (Allocation Failure) [PSYoungGen: 270965K->184687K(465920K)] 1148066K->1063033K(1357312K), 0.0208464 secs] [Times: user=0.03 sys=0.00, real=0.02 secs] 
2747.944: [GC (Allocation Failure) [PSYoungGen: 417647K->184719K(465920K)] 1295993K->1063338K(1357312K), 0.0207227 secs] [Times: user=0.03 sys=0.00, real=0.02 secs] 
2748.906: [GC (Allocation Failure) [PSYoungGen: 407278K->91339K(465920K)] 1285897K->970223K(1357312K), 0.0118031 secs] [Times: user=0.03 sys=0.00, real=0.01 secs] 
2750.714: [GC (Allocation Failure) [PSYoungGen: 324299K->37620K(465920K)] 1203183K->916812K(1357312K), 0.0090345 secs] [Times: user=0.02 sys=0.00, real=0.01 secs] 
2751.044: [GC (Allocation Failure) [PSYoungGen: 270580K->184719K(465920K)] 1149772K->1065165K(1357312K), 0.0207141 secs] [Times: user=0.03 sys=0.00, real=0.02 secs] 
2751.332: [GC (Allocation Failure) [PSYoungGen: 417679K->184719K(465920K)] 1298125K->1065446K(1357312K), 0.0207632 secs] [Times: user=0.03 sys=0.00, real=0.02 secs] 
2752.602: [GC (Allocation Failure) [PSYoungGen: 407532K->91757K(465920K)] 1288259K->972749K(1357312K), 0.0175089 secs] [Times: user=0.04 sys=0.00, real=0.02 secs] 
2754.207: [GC (Allocation Failure) [PSYoungGen: 324717K->37588K(465920K)] 1205709K->918896K(1357312K), 0.0084502 secs] [Times: user=0.03 sys=0.00, real=0.01 secs] 
2754.598: [GC (Allocation Failure) [PSYoungGen: 270548K->183787K(465920K)] 1151856K->1066333K(1357312K), 0.0207926 secs] [Times: user=0.03 sys=0.00, real=0.03 secs] 
2754.942: [GC (Allocation Failure) [PSYoungGen: 416747K->184719K(465920K)] 1299293K->1067537K(1357312K), 0.0206550 secs] [Times: user=0.03 sys=0.00, real=0.02 secs] 
2755.826: [GC (Allocation Failure) [PSYoungGen: 410256K->92624K(465920K)] 1293075K->975708K(1357312K), 0.0131377 secs] [Times: user=0.03 sys=0.00, real=0.02 secs] 
2756.666: [GC (Allocation Failure) [PSYoungGen: 325584K->38005K(465920K)] 1208668K->921399K(1357312K), 0.0059453 secs] [Times: user=0.01 sys=0.00, real=0.01 secs] 
2756.993: [GC (Allocation Failure) [PSYoungGen: 270965K->184590K(465920K)] 1154359K->1069230K(1357312K), 0.0206563 secs] [Times: user=0.03 sys=0.00, real=0.02 secs] 
2757.277: [GC (Allocation Failure) [PSYoungGen: 417550K->184301K(465920K)] 1302190K->1069222K(1357312K), 0.0216253 secs] [Times: user=0.03 sys=0.00, real=0.03 secs] 
2758.683: [GC (Allocation Failure) [PSYoungGen: 406615K->91885K(465920K)] 1291536K->977071K(1357312K), 0.0169109 secs] [Times: user=0.03 sys=0.00, real=0.02 secs] 
2760.397: [GC (Allocation Failure) [PSYoungGen: 324845K->37809K(465920K)] 1210031K->923311K(1357312K), 0.0075442 secs] [Times: user=0.02 sys=0.00, real=0.01 secs] 
2760.699: [GC (Allocation Failure) [PSYoungGen: 270769K->184430K(465920K)] 1156271K->1071313K(1357312K), 0.0208337 secs] [Times: user=0.03 sys=0.01, real=0.02 secs] 
2760.984: [GC (Allocation Failure) [PSYoungGen: 417390K->184558K(465920K)] 1304273K->1071586K(1357312K), 0.0206070 secs] [Times: user=0.03 sys=0.00, real=0.02 secs] 
2761.597: [GC (Allocation Failure) [PSYoungGen: 407606K->91966K(465920K)] 1294634K->979259K(1357312K), 0.0112909 secs] [Times: user=0.03 sys=0.00, real=0.02 secs] 
2762.418: [GC (Allocation Failure) [PSYoungGen: 324926K->38034K(465920K)] 1212219K->925637K(1357312K), 0.0068194 secs] [Times: user=0.02 sys=0.00, real=0.01 secs] 
2762.696: [GC (Allocation Failure) [PSYoungGen: 270994K->184430K(465920K)] 1158597K->1073286K(1357312K), 0.0207086 secs] [Times: user=0.03 sys=0.00, real=0.02 secs] 
2763.038: [GC (Allocation Failure) [PSYoungGen: 417390K->184269K(465920K)] 1306246K->1073407K(1357312K), 0.0207676 secs] [Times: user=0.03 sys=0.00, real=0.02 secs] 
2763.706: [GC (Allocation Failure) [PSYoungGen: 409314K->92046K(465920K)] 1298452K->981585K(1357312K), 0.0126896 secs] [Times: user=0.02 sys=0.00, real=0.02 secs] 
2765.032: [GC (Allocation Failure) [PSYoungGen: 325006K->37748K(465920K)] 1214545K->927475K(1357312K), 0.0074199 secs] [Times: user=0.02 sys=0.00, real=0.01 secs] 
2765.326: [GC (Allocation Failure) [PSYoungGen: 270708K->184301K(465920K)] 1160435K->1075274K(1357312K), 0.0207552 secs] [Times: user=0.03 sys=0.00, real=0.02 secs] 
2765.347: [Full GC (Ergonomics) [PSYoungGen: 184301K->0K(465920K)] [ParOldGen: 890972K->532224K(898048K)] 1075274K->532224K(1363968K), [Metaspace: 56379K->56379K(1101824K)], 0.0547474 secs] [Times: user=0.24 sys=0.00, real=0.06 secs] 
2765.670: [GC (Allocation Failure) [PSYoungGen: 232960K->184687K(465920K)] 765184K->716911K(1363968K), 0.0203142 secs] [Times: user=0.03 sys=0.00, real=0.02 secs] 
2766.369: [GC (Allocation Failure) [PSYoungGen: 409799K->91950K(465920K)] 942023K->624479K(1363968K), 0.0104856 secs] [Times: user=0.01 sys=0.00, real=0.01 secs] 
2768.123: [GC (Allocation Failure) [PSYoungGen: 324910K->37135K(465920K)] 857439K->569980K(1363968K), 0.0052984 secs] [Times: user=0.01 sys=0.00, real=0.01 secs] 
2768.450: [GC (Allocation Failure) [PSYoungGen: 270095K->184719K(465920K)] 802940K->718801K(1363968K), 0.0201552 secs] [Times: user=0.02 sys=0.00, real=0.02 secs] 
2768.742: [GC (Allocation Failure) [PSYoungGen: 417679K->184783K(465920K)] 951761K->719267K(1363968K), 0.0201468 secs] [Times: user=0.03 sys=0.00, real=0.02 secs] 
2769.565: [GC (Allocation Failure) [PSYoungGen: 407596K->92078K(465920K)] 942080K->626699K(1363968K), 0.0120670 secs] [Times: user=0.02 sys=0.00, real=0.01 secs] 
2770.656: [GC (Allocation Failure) [PSYoungGen: 325038K->37777K(465920K)] 859659K->572720K(1363968K), 0.0062595 secs] [Times: user=0.02 sys=0.00, real=0.01 secs] 
2770.942: [GC (Allocation Failure) [PSYoungGen: 270737K->183690K(465920K)] 805680K->719887K(1363968K), 0.0199344 secs] [Times: user=0.03 sys=0.00, real=0.02 secs] 
2771.226: [GC (Allocation Failure) [PSYoungGen: 416650K->184430K(465920K)] 952847K->720907K(1363968K), 0.0202023 secs] [Times: user=0.02 sys=0.00, real=0.02 secs] 
2773.279: [GC (Allocation Failure) [PSYoungGen: 409888K->92849K(465920K)] 946365K->629591K(1363968K), 0.0189253 secs] [Times: user=0.03 sys=0.01, real=0.01 secs] 
2774.644: [GC (Allocation Failure) [PSYoungGen: 325809K->37877K(465920K)] 862551K->574935K(1363968K), 0.0072692 secs] [Times: user=0.02 sys=0.00, real=0.01 secs] 
2774.948: [GC (Allocation Failure) [PSYoungGen: 270837K->183948K(465920K)] 807895K->722251K(1363968K), 0.0200418 secs] [Times: user=0.03 sys=0.00, real=0.03 secs] 
2775.237: [GC (Allocation Failure) [PSYoungGen: 416908K->184398K(465920K)] 955211K->723111K(1363968K), 0.0201567 secs] [Times: user=0.03 sys=0.00, real=0.02 secs] 
2775.919: [GC (Allocation Failure) [PSYoungGen: 409601K->92496K(465920K)] 948314K->631354K(1363968K), 0.0110178 secs] [Times: user=0.02 sys=0.01, real=0.01 secs] 
2777.277: [GC (Allocation Failure) [PSYoungGen: 325456K->37620K(465920K)] 864314K->576783K(1363968K), 0.0086515 secs] [Times: user=0.02 sys=0.00, real=0.01 secs] 
2777.638: [GC (Allocation Failure) [PSYoungGen: 270580K->184687K(465920K)] 809743K->725096K(1363968K), 0.0202141 secs] [Times: user=0.03 sys=0.00, real=0.02 secs] 
2777.921: [GC (Allocation Failure) [PSYoungGen: 417647K->184687K(465920K)] 958056K->725377K(1363968K), 0.0200607 secs] [Times: user=0.03 sys=0.00, real=0.02 secs] 
2780.141: [GC (Allocation Failure) [PSYoungGen: 407542K->91693K(465920K)] 948232K->632648K(1363968K), 0.0238170 secs] [Times: user=0.04 sys=0.00, real=0.02 secs] 
2781.579: [GC (Allocation Failure) [PSYoungGen: 324653K->37877K(465920K)] 865608K->579148K(1363968K), 0.0076529 secs] [Times: user=0.02 sys=0.00, real=0.00 secs] 
2781.933: [GC (Allocation Failure) [PSYoungGen: 270837K->184719K(465920K)] 812108K->727236K(1363968K), 0.0200885 secs] [Times: user=0.02 sys=0.00, real=0.02 secs] 
2782.273: [GC (Allocation Failure) [PSYoungGen: 417679K->184655K(465920K)] 960196K->727453K(1363968K), 0.0201727 secs] [Times: user=0.03 sys=0.00, real=0.02 secs] 
2782.927: [GC (Allocation Failure) [PSYoungGen: 407212K->91435K(465920K)] 950010K->634499K(1363968K), 0.0117845 secs] [Times: user=0.02 sys=0.00, real=0.02 secs] 
2783.732: [GC (Allocation Failure) [PSYoungGen: 324395K->38034K(465920K)] 867459K->581413K(1363968K), 0.0054002 secs] [Times: user=0.01 sys=0.00, real=0.00 secs] 
2784.000: [GC (Allocation Failure) [PSYoungGen: 270994K->183916K(465920K)] 814373K->728548K(1363968K), 0.0201425 secs] [Times: user=0.03 sys=0.00, real=0.02 secs] 
2784.284: [GC (Allocation Failure) [PSYoungGen: 416876K->184462K(465920K)] 961508K->729367K(1363968K), 0.0200324 secs] [Times: user=0.03 sys=0.00, real=0.02 secs] 
2784.897: [GC (Allocation Failure) [PSYoungGen: 409660K->92319K(465920K)] 954565K->637498K(1363968K), 0.0096257 secs] [Times: user=0.02 sys=0.00, real=0.01 secs] 
2785.989: [GC (Allocation Failure) [PSYoungGen: 325279K->37906K(465920K)] 870458K->583393K(1363968K), 0.0069022 secs] [Times: user=0.02 sys=0.00, real=0.00 secs] 
2786.293: [GC (Allocation Failure) [PSYoungGen: 270866K->184687K(465920K)] 816353K->731427K(1363968K), 0.0200992 secs] [Times: user=0.03 sys=0.00, real=0.02 secs] 
2786.578: [GC (Allocation Failure) [PSYoungGen: 417647K->184719K(465920K)] 964387K->731740K(1363968K), 0.0202259 secs] [Times: user=0.03 sys=0.01, real=0.02 secs] 
2789.086: [GC (Allocation Failure) [PSYoungGen: 407292K->91499K(465920K)] 954313K->638786K(1363968K), 0.0185384 secs] [Times: user=0.04 sys=0.00, real=0.02 secs] 
2790.923: [GC (Allocation Failure) [PSYoungGen: 324459K->37620K(465920K)] 871746K->585230K(1363968K), 0.0074265 secs] [Times: user=0.02 sys=0.00, real=0.01 secs] 
2791.236: [GC (Allocation Failure) [PSYoungGen: 270580K->183658K(465920K)] 818190K->732523K(1363968K), 0.0202218 secs] [Times: user=0.02 sys=0.00, real=0.02 secs] 
2791.521: [GC (Allocation Failure) [PSYoungGen: 416618K->184622K(465920K)] 965483K->733759K(1363968K), 0.0202363 secs] [Times: user=0.03 sys=0.00, real=0.02 secs] 
2793.028: [GC (Allocation Failure) [PSYoungGen: 408577K->92849K(465920K)] 957714K->642251K(1363968K), 0.0244345 secs] [Times: user=0.05 sys=0.00, real=0.03 secs] 
2795.340: [GC (Allocation Failure) [PSYoungGen: 325809K->37491K(465920K)] 875211K->587197K(1363968K), 0.0080730 secs] [Times: user=0.02 sys=0.00, real=0.00 secs] 
2795.666: [GC (Allocation Failure) [PSYoungGen: 270451K->184462K(465920K)] 820157K->735422K(1363968K), 0.0205350 secs] [Times: user=0.03 sys=0.00, real=0.02 secs] 
2795.954: [GC (Allocation Failure) [PSYoungGen: 417422K->184526K(465920K)] 968382K->735896K(1363968K), 0.0203354 secs] [Times: user=0.02 sys=0.00, real=0.02 secs] 
2796.709: [GC (Allocation Failure) [PSYoungGen: 409682K->92239K(465920K)] 961051K->643745K(1363968K), 0.0112018 secs] [Times: user=0.02 sys=0.00, real=0.01 secs] 
2797.744: [GC (Allocation Failure) [PSYoungGen: 325199K->38034K(465920K)] 876705K->589862K(1363968K), 0.0069272 secs] [Times: user=0.01 sys=0.00, real=0.01 secs] 
2798.096: [GC (Allocation Failure) [PSYoungGen: 270994K->184301K(465920K)] 822822K->737374K(1363968K), 0.0202099 secs] [Times: user=0.02 sys=0.00, real=0.02 secs] 
2798.380: [GC (Allocation Failure) [PSYoungGen: 417261K->184719K(465920K)] 970334K->738073K(1363968K), 0.0201561 secs] [Times: user=0.03 sys=0.00, real=0.02 secs] 
2800.052: [GC (Allocation Failure) [PSYoungGen: 407580K->91725K(465920K)] 960934K->645344K(1363968K), 0.0164476 secs] [Times: user=0.03 sys=0.00, real=0.02 secs] 
2801.237: [GC (Allocation Failure) [PSYoungGen: 324685K->37906K(465920K)] 878304K->591839K(1363968K), 0.0054267 secs] [Times: user=0.01 sys=0.00, real=0.01 secs] 
2801.506: [GC (Allocation Failure) [PSYoungGen: 270866K->184719K(465920K)] 824799K->739905K(1363968K), 0.0202674 secs] [Times: user=0.03 sys=0.00, real=0.02 secs] 
2801.790: [GC (Allocation Failure) [PSYoungGen: 417679K->184655K(465920K)] 972865K->740122K(1363968K), 0.0202100 secs] [Times: user=0.03 sys=0.00, real=0.02 secs] 
2802.408: [GC (Allocation Failure) [PSYoungGen: 407208K->91499K(465920K)] 962676K->647232K(1363968K), 0.0109579 secs] [Times: user=0.02 sys=0.00, real=0.02 secs] 
2803.681: [GC (Allocation Failure) [PSYoungGen: 324459K->37748K(465920K)] 880192K->593787K(1363968K), 0.0080232 secs] [Times: user=0.02 sys=0.00, real=0.01 secs] 
2804.010: [GC (Allocation Failure) [PSYoungGen: 270708K->184687K(465920K)] 826747K->742099K(1363968K), 0.0202599 secs] [Times: user=0.03 sys=0.00, real=0.02 secs] 
2804.302: [GC (Allocation Failure) [PSYoungGen: 417647K->184719K(465920K)] 975059K->742276K(1363968K), 0.0201419 secs] [Times: user=0.02 sys=0.00, real=0.02 secs] 
2804.931: [GC (Allocation Failure) [PSYoungGen: 407280K->91612K(465920K)] 964837K->649434K(1363968K), 0.0120876 secs] [Times: user=0.02 sys=0.00, real=0.01 secs] 
2806.193: [GC (Allocation Failure) [PSYoungGen: 324572K->37877K(465920K)] 882394K->596009K(1363968K), 0.0082636 secs] [Times: user=0.02 sys=0.00, real=0.01 secs] 
2806.591: [GC (Allocation Failure) [PSYoungGen: 270837K->183787K(465920K)] 828969K->743173K(1363968K), 0.0201914 secs] [Times: user=0.03 sys=0.01, real=0.02 secs] 
2806.882: [GC (Allocation Failure) [PSYoungGen: 416747K->184687K(465920K)] 976133K->744354K(1363968K), 0.0201836 secs] [Times: user=0.03 sys=0.00, real=0.02 secs] 
2807.854: [GC (Allocation Failure) [PSYoungGen: 410089K->92399K(465920K)] 969756K->652331K(1363968K), 0.0145354 secs] [Times: user=0.03 sys=0.01, real=0.02 secs] 
2809.450: [GC (Allocation Failure) [PSYoungGen: 325359K->37877K(465920K)] 885291K->598133K(1363968K), 0.0071898 secs] [Times: user=0.02 sys=0.00, real=0.00 secs] 
2809.761: [GC (Allocation Failure) [PSYoungGen: 270837K->184687K(465920K)] 831093K->746317K(1363968K), 0.0202537 secs] [Times: user=0.02 sys=0.00, real=0.02 secs] 
2810.047: [GC (Allocation Failure) [PSYoungGen: 417647K->184687K(465920K)] 979277K->746606K(1363968K), 0.0202064 secs] [Times: user=0.03 sys=0.01, real=0.02 secs] 
2810.679: [GC (Allocation Failure) [PSYoungGen: 407250K->91435K(465920K)] 969169K->653491K(1363968K), 0.0104323 secs] [Times: user=0.02 sys=0.00, real=0.01 secs] 
2812.177: [GC (Allocation Failure) [PSYoungGen: 324395K->37520K(465920K)] 886451K->599884K(1363968K), 0.0055503 secs] [Times: user=0.01 sys=0.00, real=0.01 secs] 
2812.509: [GC (Allocation Failure) [PSYoungGen: 270480K->184687K(465920K)] 832844K->748424K(1363968K), 0.0203168 secs] [Times: user=0.02 sys=0.00, real=0.02 secs] 
2812.799: [GC (Allocation Failure) [PSYoungGen: 417647K->184687K(465920K)] 981384K->748577K(1363968K), 0.0201707 secs] [Times: user=0.02 sys=0.00, real=0.02 secs] 
2813.652: [GC (Allocation Failure) [PSYoungGen: 407247K->91917K(465920K)] 971138K->656072K(1363968K), 0.0126965 secs] [Times: user=0.02 sys=0.00, real=0.01 secs] 
2815.118: [GC (Allocation Failure) [PSYoungGen: 324877K->37491K(465920K)] 889032K->601966K(1363968K), 0.0066973 secs] [Times: user=0.02 sys=0.00, real=0.00 secs] 
2815.409: [GC (Allocation Failure) [PSYoungGen: 270451K->183787K(465920K)] 834926K->749508K(1363968K), 0.0202170 secs] [Times: user=0.03 sys=0.00, real=0.02 secs] 
2815.697: [GC (Allocation Failure) [PSYoungGen: 416747K->184398K(465920K)] 982468K->750384K(1363968K), 0.0201413 secs] [Times: user=0.03 sys=0.00, real=0.02 secs] 
2816.367: [GC (Allocation Failure) [PSYoungGen: 409690K->92978K(465920K)] 975676K->659229K(1363968K), 0.0122172 secs] [Times: user=0.02 sys=0.00, real=0.02 secs] 
2817.812: [GC (Allocation Failure) [PSYoungGen: 325938K->37748K(465920K)] 892189K->604301K(1363968K), 0.0068516 secs] [Times: user=0.02 sys=0.00, real=0.01 secs] 
2818.193: [GC (Allocation Failure) [PSYoungGen: 270708K->184687K(465920K)] 837261K->752485K(1363968K), 0.0202626 secs] [Times: user=0.03 sys=0.00, real=0.02 secs] 
2818.477: [GC (Allocation Failure) [PSYoungGen: 417647K->184687K(465920K)] 985445K->752766K(1363968K), 0.0202033 secs] [Times: user=0.03 sys=0.00, real=0.02 secs] 
2819.345: [GC (Allocation Failure) [PSYoungGen: 407260K->91564K(465920K)] 975339K->659909K(1363968K), 0.0116230 secs] [Times: user=0.03 sys=0.00, real=0.01 secs] 
2820.834: [GC (Allocation Failure) [PSYoungGen: 324524K->37909K(465920K)] 892869K->606564K(1363968K), 0.0066087 secs] [Times: user=0.01 sys=0.00, real=0.01 secs] 
2821.126: [GC (Allocation Failure) [PSYoungGen: 270869K->183787K(465920K)] 839524K->753687K(1363968K), 0.0201108 secs] [Times: user=0.03 sys=0.00, real=0.02 secs] 
2821.410: [GC (Allocation Failure) [PSYoungGen: 416747K->184430K(465920K)] 986647K->754611K(1363968K), 0.0202133 secs] [Times: user=0.02 sys=0.00, real=0.02 secs] 
2822.540: [GC (Allocation Failure) [PSYoungGen: 409765K->92592K(465920K)] 979947K->663039K(1363968K), 0.0199983 secs] [Times: user=0.04 sys=0.00, real=0.02 secs] 
2824.170: [GC (Allocation Failure) [PSYoungGen: 325552K->37906K(465920K)] 895999K->608654K(1363968K), 0.0069358 secs] [Times: user=0.01 sys=0.00, real=0.00 secs] 
2824.472: [GC (Allocation Failure) [PSYoungGen: 270866K->184719K(465920K)] 841614K->756721K(1363968K), 0.0201403 secs] [Times: user=0.02 sys=0.01, real=0.02 secs] 
2824.756: [GC (Allocation Failure) [PSYoungGen: 417679K->184687K(465920K)] 989681K->756970K(1363968K), 0.0201380 secs] [Times: user=0.03 sys=0.00, real=0.02 secs] 
2825.693: [GC (Allocation Failure) [PSYoungGen: 407248K->91435K(465920K)] 979532K->663984K(1363968K), 0.0238333 secs] [Times: user=0.05 sys=0.00, real=0.02 secs] 
2827.914: [GC (Allocation Failure) [PSYoungGen: 324395K->37748K(465920K)] 896944K->610614K(1363968K), 0.0076643 secs] [Times: user=0.02 sys=0.00, real=0.01 secs] 
2828.233: [GC (Allocation Failure) [PSYoungGen: 270708K->184687K(465920K)] 843574K->758919K(1363968K), 0.0207838 secs] [Times: user=0.03 sys=0.00, real=0.02 secs] 
2828.518: [GC (Allocation Failure) [PSYoungGen: 417647K->184655K(465920K)] 991879K->759039K(1363968K), 0.0202797 secs] [Times: user=0.03 sys=0.00, real=0.02 secs] 
2829.235: [GC (Allocation Failure) [PSYoungGen: 407211K->91596K(465920K)] 981596K->666246K(1363968K), 0.0121524 secs] [Times: user=0.03 sys=0.00, real=0.01 secs] 
2830.129: [GC (Allocation Failure) [PSYoungGen: 324556K->38134K(465920K)] 899206K->613099K(1363968K), 0.0063476 secs] [Times: user=0.01 sys=0.00, real=0.00 secs] 
2830.410: [GC (Allocation Failure) [PSYoungGen: 271094K->184687K(465920K)] 846059K->760906K(1363968K), 0.0202074 secs] [Times: user=0.03 sys=0.01, real=0.02 secs] 
2830.756: [GC (Allocation Failure) [PSYoungGen: 417647K->184655K(465920K)] 993866K->761155K(1363968K), 0.0201015 secs] [Times: user=0.03 sys=0.00, real=0.02 secs] 
2835.163: [GC (Allocation Failure) [PSYoungGen: 407086K->91210K(465920K)] 983586K->667976K(1363968K), 0.0199124 secs] [Times: user=0.04 sys=0.01, real=0.02 secs] 
2836.927: [GC (Allocation Failure) [PSYoungGen: 324170K->38034K(465920K)] 900936K->615120K(1363968K), 0.0063491 secs] [Times: user=0.02 sys=0.00, real=0.01 secs] 
2837.208: [GC (Allocation Failure) [PSYoungGen: 270994K->184687K(465920K)] 848080K->763138K(1363968K), 0.0202300 secs] [Times: user=0.03 sys=0.00, real=0.02 secs] 
2837.498: [GC (Allocation Failure) [PSYoungGen: 417647K->184687K(465920K)] 996098K->763291K(1363968K), 0.0202778 secs] [Times: user=0.03 sys=0.01, real=0.02 secs] 
2839.034: [GC (Allocation Failure) [PSYoungGen: 407252K->91339K(465920K)] 985856K->670208K(1363968K), 0.0187748 secs] [Times: user=0.04 sys=0.00, real=0.02 secs] 
2840.309: [GC (Allocation Failure) [PSYoungGen: 324299K->37906K(465920K)] 903168K->617090K(1363968K), 0.0058072 secs] [Times: user=0.01 sys=0.00, real=0.00 secs] 
2840.579: [GC (Allocation Failure) [PSYoungGen: 270866K->183787K(465920K)] 850050K->764225K(1363968K), 0.0201260 secs] [Times: user=0.03 sys=0.00, real=0.02 secs] 
2840.863: [GC (Allocation Failure) [PSYoungGen: 416747K->184398K(465920K)] 997185K->765117K(1363968K), 0.0202974 secs] [Times: user=0.03 sys=0.00, real=0.02 secs] 
2841.475: [GC (Allocation Failure) [PSYoungGen: 409755K->92656K(465920K)] 990475K->673641K(1363968K), 0.0107666 secs] [Times: user=0.02 sys=0.00, real=0.01 secs] 
2842.274: [GC (Allocation Failure) [PSYoungGen: 325616K->38005K(465920K)] 906601K->619305K(1363968K), 0.0055832 secs] [Times: user=0.02 sys=0.00, real=0.01 secs] 
2842.545: [GC (Allocation Failure) [PSYoungGen: 270965K->184687K(465920K)] 852265K->767240K(1363968K), 0.0202458 secs] [Times: user=0.02 sys=0.00, real=0.02 secs] 
2842.830: [GC (Allocation Failure) [PSYoungGen: 417647K->184687K(465920K)] 1000200K->767650K(1363968K), 0.0201330 secs] [Times: user=0.02 sys=0.00, real=0.02 secs] 
2844.885: [GC (Allocation Failure) [PSYoungGen: 407119K->91307K(465920K)] 990082K->674535K(1363968K), 0.0263589 secs] [Times: user=0.05 sys=0.00, real=0.03 secs] 
2846.922: [GC (Allocation Failure) [PSYoungGen: 324267K->37906K(465920K)] 907495K->621330K(1363968K), 0.0073371 secs] [Times: user=0.02 sys=0.00, real=0.01 secs] 
2847.230: [GC (Allocation Failure) [PSYoungGen: 270866K->184687K(465920K)] 854290K->769348K(1363968K), 0.0202690 secs] [Times: user=0.02 sys=0.00, real=0.02 secs] 
2847.520: [GC (Allocation Failure) [PSYoungGen: 417647K->184687K(465920K)] 1002308K->769629K(1363968K), 0.0202476 secs] [Times: user=0.02 sys=0.00, real=0.02 secs] 
2848.737: [GC (Allocation Failure) [PSYoungGen: 407244K->91499K(465920K)] 992186K->676707K(1363968K), 0.0136434 secs] [Times: user=0.03 sys=0.00, real=0.02 secs] 
2850.818: [GC (Allocation Failure) [PSYoungGen: 324459K->37491K(465920K)] 909667K->623019K(1363968K), 0.0074462 secs] [Times: user=0.02 sys=0.00, real=0.01 secs] 
2851.127: [GC (Allocation Failure) [PSYoungGen: 270451K->183787K(465920K)] 855979K->770568K(1363968K), 0.0203612 secs] [Times: user=0.03 sys=0.00, real=0.02 secs] 
2851.475: [GC (Allocation Failure) [PSYoungGen: 416747K->184430K(465920K)] 1003528K->771484K(1363968K), 0.0201252 secs] [Times: user=0.02 sys=0.00, real=0.02 secs] 
2852.925: [GC (Allocation Failure) [PSYoungGen: 409722K->93010K(465920K)] 996776K->680329K(1363968K), 0.0192385 secs] [Times: user=0.04 sys=0.00, real=0.02 secs] 
2854.706: [GC (Allocation Failure) [PSYoungGen: 325970K->37748K(465920K)] 913289K->625363K(1363968K), 0.0068288 secs] [Times: user=0.01 sys=0.00, real=0.01 secs] 
2855.003: [GC (Allocation Failure) [PSYoungGen: 270708K->184687K(465920K)] 858323K->773548K(1363968K), 0.0201832 secs] [Times: user=0.03 sys=0.00, real=0.02 secs] 
2855.287: [GC (Allocation Failure) [PSYoungGen: 417647K->184655K(465920K)] 1006508K->773797K(1363968K), 0.0201695 secs] [Times: user=0.03 sys=0.00, real=0.02 secs] 
2856.789: [GC (Allocation Failure) [PSYoungGen: 407228K->91596K(465920K)] 996370K->681003K(1363968K), 0.0119687 secs] [Times: user=0.02 sys=0.00, real=0.01 secs] 
2858.540: [GC (Allocation Failure) [PSYoungGen: 324556K->37649K(465920K)] 913963K->627370K(1363968K), 0.0067442 secs] [Times: user=0.02 sys=0.00, real=0.00 secs] 
2858.830: [GC (Allocation Failure) [PSYoungGen: 270609K->183787K(465920K)] 860330K->774745K(1363968K), 0.0202302 secs] [Times: user=0.03 sys=0.00, real=0.02 secs] 
2859.119: [GC (Allocation Failure) [PSYoungGen: 416747K->184430K(465920K)] 1007705K->775661K(1363968K), 0.0201308 secs] [Times: user=0.03 sys=0.00, real=0.02 secs] 
2859.749: [GC (Allocation Failure) [PSYoungGen: 409695K->92897K(465920K)] 1000927K->684394K(1363968K), 0.0114380 secs] [Times: user=0.02 sys=0.00, real=0.01 secs] 
2860.608: [GC (Allocation Failure) [PSYoungGen: 325857K->38005K(465920K)] 917354K->629807K(1363968K), 0.0055740 secs] [Times: user=0.01 sys=0.00, real=0.01 secs] 
2860.942: [GC (Allocation Failure) [PSYoungGen: 270965K->184687K(465920K)] 862767K->777734K(1363968K), 0.0205661 secs] [Times: user=0.03 sys=0.00, real=0.02 secs] 
2861.290: [GC (Allocation Failure) [PSYoungGen: 417647K->184655K(465920K)] 1010694K->778104K(1363968K), 0.0203426 secs] [Times: user=0.03 sys=0.00, real=0.02 secs] 
2861.921: [GC (Allocation Failure) [PSYoungGen: 407094K->91307K(465920K)] 1000543K->685021K(1363968K), 0.0118613 secs] [Times: user=0.02 sys=0.00, real=0.01 secs] 
2863.398: [GC (Allocation Failure) [PSYoungGen: 324267K->37649K(465920K)] 917981K->631540K(1363968K), 0.0064565 secs] [Times: user=0.02 sys=0.00, real=0.01 secs] 
2863.681: [GC (Allocation Failure) [PSYoungGen: 270609K->183916K(465920K)] 864500K->779053K(1363968K), 0.0202273 secs] [Times: user=0.02 sys=0.00, real=0.02 secs] 
2863.966: [GC (Allocation Failure) [PSYoungGen: 416876K->184430K(465920K)] 1012013K->779848K(1363968K), 0.0201833 secs] [Times: user=0.03 sys=0.00, real=0.02 secs] 
2864.643: [GC (Allocation Failure) [PSYoungGen: 409643K->92737K(465920K)] 1005062K->688420K(1363968K), 0.0119770 secs] [Times: user=0.02 sys=0.00, real=0.01 secs] 
2865.477: [GC (Allocation Failure) [PSYoungGen: 325697K->38005K(465920K)] 921380K->634004K(1363968K), 0.0055172 secs] [Times: user=0.02 sys=0.00, real=0.01 secs] 
2865.749: [GC (Allocation Failure) [PSYoungGen: 270965K->184687K(465920K)] 866964K->781931K(1363968K), 0.0203108 secs] [Times: user=0.03 sys=0.00, real=0.02 secs] 
2866.038: [GC (Allocation Failure) [PSYoungGen: 417647K->184719K(465920K)] 1014891K->782373K(1363968K), 0.0202878 secs] [Times: user=0.03 sys=0.00, real=0.03 secs] 
2868.093: [GC (Allocation Failure) [PSYoungGen: 407157K->91339K(465920K)] 1004812K->689258K(1363968K), 0.0249374 secs] [Times: user=0.05 sys=0.00, real=0.03 secs] 
2869.669: [GC (Allocation Failure) [PSYoungGen: 324299K->37906K(465920K)] 922218K->635996K(1363968K), 0.0068610 secs] [Times: user=0.02 sys=0.00, real=0.00 secs] 
2869.963: [GC (Allocation Failure) [PSYoungGen: 270866K->183787K(465920K)] 868956K->783123K(1363968K), 0.0202095 secs] [Times: user=0.02 sys=0.00, real=0.02 secs] 
2870.248: [GC (Allocation Failure) [PSYoungGen: 416747K->184398K(465920K)] 1016083K->784159K(1363968K), 0.0202667 secs] [Times: user=0.03 sys=0.00, real=0.02 secs] 
2870.954: [GC (Allocation Failure) [PSYoungGen: 409509K->92592K(465920K)] 1009271K->692619K(1363968K), 0.0121942 secs] [Times: user=0.03 sys=0.00, real=0.01 secs] 
2871.788: [GC (GCLocker Initiated GC) [PSYoungGen: 325552K->37363K(465920K)] 925579K->637576K(1363968K), 0.0054856 secs] [Times: user=0.01 sys=0.00, real=0.01 secs] 
2872.058: [GC (Allocation Failure) [PSYoungGen: 270323K->184109K(465920K)] 871662K->786685K(1363968K), 0.0202412 secs] [Times: user=0.02 sys=0.00, real=0.03 secs] 
2872.342: [GC (Allocation Failure) [PSYoungGen: 417069K->184622K(465920K)] 1019645K->787343K(1363968K), 0.0202439 secs] [Times: user=0.03 sys=0.00, real=0.02 secs] 
2874.936: [GC (Allocation Failure) [PSYoungGen: 407493K->91677K(465920K)] 1010214K->694566K(1363968K), 0.0201190 secs] [Times: user=0.03 sys=0.00, real=0.02 secs] 
2876.540: [GC (Allocation Failure) [PSYoungGen: 324637K->37620K(465920K)] 927526K->640823K(1363968K), 0.0068097 secs] [Times: user=0.02 sys=0.00, real=0.00 secs] 
2876.831: [GC (Allocation Failure) [PSYoungGen: 270580K->184719K(465920K)] 873783K->789296K(1363968K), 0.0202453 secs] [Times: user=0.02 sys=0.00, real=0.02 secs] 
2877.173: [GC (Allocation Failure) [PSYoungGen: 417679K->184655K(465920K)] 1022256K->789513K(1363968K), 0.0202114 secs] [Times: user=0.03 sys=0.00, real=0.02 secs] 
2878.301: [GC (Allocation Failure) [PSYoungGen: 407484K->91757K(465920K)] 1012343K->696752K(1363968K), 0.0123076 secs] [Times: user=0.02 sys=0.00, real=0.01 secs] 
2880.447: [GC (Allocation Failure) [PSYoungGen: 324717K->37748K(465920K)] 929712K->643043K(1363968K), 0.0077717 secs] [Times: user=0.01 sys=0.00, real=0.01 secs] 
2880.770: [GC (Allocation Failure) [PSYoungGen: 270708K->184687K(465920K)] 876003K->791372K(1363968K), 0.0203502 secs] [Times: user=0.03 sys=0.00, real=0.02 secs] 
2881.118: [GC (Allocation Failure) [PSYoungGen: 417647K->184655K(465920K)] 1024332K->791492K(1363968K), 0.0204620 secs] [Times: user=0.03 sys=0.00, real=0.03 secs] 
2881.821: [GC (Allocation Failure) [PSYoungGen: 407222K->91628K(465920K)] 1014059K->698731K(1363968K), 0.0121020 secs] [Times: user=0.02 sys=0.00, real=0.01 secs] 
2882.746: [GC (Allocation Failure) [PSYoungGen: 324588K->38134K(465920K)] 931691K->645546K(1363968K), 0.0062161 secs] [Times: user=0.01 sys=0.00, real=0.01 secs] 
2883.072: [GC (Allocation Failure) [PSYoungGen: 271094K->184173K(465920K)] 878506K->792839K(1363968K), 0.0202086 secs] [Times: user=0.03 sys=0.00, real=0.02 secs] 
2883.356: [GC (Allocation Failure) [PSYoungGen: 417133K->184558K(465920K)] 1025799K->793497K(1363968K), 0.0201531 secs] [Times: user=0.02 sys=0.00, real=0.02 secs] 
2885.864: [GC (Allocation Failure) [PSYoungGen: 407640K->91869K(465920K)] 1016579K->701073K(1363968K), 0.0131671 secs] [Times: user=0.02 sys=0.00, real=0.01 secs] 
2886.791: [GC (GCLocker Initiated GC) [PSYoungGen: 324829K->35978K(465920K)] 934033K->645498K(1363968K), 0.0055834 secs] [Times: user=0.01 sys=0.00, real=0.00 secs] 
2887.063: [GC (Allocation Failure) [PSYoungGen: 268938K->184880K(465920K)] 879583K->796763K(1363968K), 0.0202905 secs] [Times: user=0.03 sys=0.00, real=0.02 secs] 
2887.346: [GC (Allocation Failure) [PSYoungGen: 417840K->184173K(465920K)] 1029723K->796192K(1363968K), 0.0202412 secs] [Times: user=0.03 sys=0.00, real=0.02 secs] 
2888.322: [GC (Allocation Failure) [PSYoungGen: 409472K->92785K(465920K)] 1021492K->704981K(1363968K), 0.0130606 secs] [Times: user=0.02 sys=0.00, real=0.01 secs] 
2889.829: [GC (Allocation Failure) [PSYoungGen: 325745K->37877K(465920K)] 937941K->650381K(1363968K), 0.0066168 secs] [Times: user=0.02 sys=0.00, real=0.00 secs] 
2890.203: [GC (Allocation Failure) [PSYoungGen: 270837K->184044K(465920K)] 883341K->797810K(1363968K), 0.0202301 secs] [Times: user=0.03 sys=0.00, real=0.02 secs] 
2890.540: [GC (Allocation Failure) [PSYoungGen: 417004K->184622K(465920K)] 1030770K->798669K(1363968K), 0.0200920 secs] [Times: user=0.03 sys=0.00, real=0.02 secs] 
2892.276: [GC (Allocation Failure) [PSYoungGen: 409684K->92175K(465920K)] 1023731K->706615K(1363968K), 0.0190818 secs] [Times: user=0.04 sys=0.00, real=0.02 secs] 
2893.850: [GC (Allocation Failure) [PSYoungGen: 325135K->37748K(465920K)] 939575K->652378K(1363968K), 0.0067540 secs] [Times: user=0.02 sys=0.00, real=0.00 secs] 
2894.213: [GC (Allocation Failure) [PSYoungGen: 270708K->184173K(465920K)] 885338K->800048K(1363968K), 0.0202931 secs] [Times: user=0.03 sys=0.00, real=0.02 secs] 
2894.499: [GC (Allocation Failure) [PSYoungGen: 417133K->184558K(465920K)] 1033008K->800843K(1363968K), 0.0202234 secs] [Times: user=0.02 sys=0.00, real=0.02 secs] 
2895.107: [GC (Allocation Failure) [PSYoungGen: 409717K->92223K(465920K)] 1026002K->708644K(1363968K), 0.0121637 secs] [Times: user=0.03 sys=0.00, real=0.02 secs] 
2896.480: [GC (Allocation Failure) [PSYoungGen: 325183K->37748K(465920K)] 941604K->654480K(1363968K), 0.0076822 secs] [Times: user=0.02 sys=0.00, real=0.00 secs] 
2896.792: [GC (GCLocker Initiated GC) [PSYoungGen: 270708K->181570K(465920K)] 887440K->799676K(1363968K), 0.0201812 secs] [Times: user=0.02 sys=0.00, real=0.02 secs] 
2897.132: [GC (Allocation Failure) [PSYoungGen: 414530K->184526K(465920K)] 1033761K->803901K(1363968K), 0.0203079 secs] [Times: user=0.03 sys=0.00, real=0.02 secs] 
2897.757: [GC (Allocation Failure) [PSYoungGen: 411289K->93941K(465920K)] 1030665K->713461K(1363968K), 0.0125289 secs] [Times: user=0.03 sys=0.00, real=0.02 secs] 
2899.232: [GC (Allocation Failure) [PSYoungGen: 326901K->37748K(465920K)] 946421K->657485K(1363968K), 0.0057499 secs] [Times: user=0.01 sys=0.00, real=0.00 secs] 
2899.502: [GC (Allocation Failure) [PSYoungGen: 270708K->184944K(465920K)] 890445K->805934K(1363968K), 0.0203257 secs] [Times: user=0.03 sys=0.00, real=0.02 secs] 
2899.787: [GC (Allocation Failure) [PSYoungGen: 417904K->184719K(465920K)] 1038894K->805982K(1363968K), 0.0208507 secs] [Times: user=0.03 sys=0.00, real=0.02 secs] 
2900.419: [GC (Allocation Failure) [PSYoungGen: 406637K->91339K(465920K)] 1027901K->712892K(1363968K), 0.0110324 secs] [Times: user=0.02 sys=0.00, real=0.01 secs] 
2901.218: [GC (Allocation Failure) [PSYoungGen: 324299K->37877K(465920K)] 945852K->659745K(1363968K), 0.0056210 secs] [Times: user=0.01 sys=0.00, real=0.01 secs] 
2901.551: [GC (Allocation Failure) [PSYoungGen: 270837K->184944K(465920K)] 892705K->808058K(1363968K), 0.0202109 secs] [Times: user=0.03 sys=0.00, real=0.02 secs] 
2901.893: [GC (Allocation Failure) [PSYoungGen: 417904K->184944K(465920K)] 1041018K->808331K(1363968K), 0.0202909 secs] [Times: user=0.03 sys=0.00, real=0.02 secs] 
2902.500: [GC (Allocation Failure) [PSYoungGen: 407171K->90953K(465920K)] 1030558K->714606K(1363968K), 0.0115616 secs] [Times: user=0.02 sys=0.00, real=0.01 secs] 
2903.312: [GC (Allocation Failure) [PSYoungGen: 323913K->38005K(465920K)] 947566K->661973K(1363968K), 0.0058544 secs] [Times: user=0.02 sys=0.00, real=0.01 secs] 
2903.585: [GC (Allocation Failure) [PSYoungGen: 270965K->186357K(465920K)] 894933K->811571K(1363968K), 0.0204933 secs] [Times: user=0.03 sys=0.00, real=0.02 secs] 
2903.871: [GC (Allocation Failure) [PSYoungGen: 419317K->186132K(465920K)] 1044531K->811627K(1363968K), 0.0204473 secs] [Times: user=0.03 sys=0.00, real=0.02 secs] 
2904.477: [GC (Allocation Failure) [PSYoungGen: 404926K->88254K(465920K)] 1030421K->714142K(1363968K), 0.0094073 secs] [Times: user=0.02 sys=0.00, real=0.01 secs] 
2905.264: [GC (Allocation Failure) [PSYoungGen: 321214K->37877K(465920K)] 947102K->663954K(1363968K), 0.0055349 secs] [Times: user=0.01 sys=0.00, real=0.01 secs] 
2905.590: [GC (Allocation Failure) [PSYoungGen: 270837K->184173K(465920K)] 896914K->811496K(1363968K), 0.0212544 secs] [Times: user=0.03 sys=0.00, real=0.02 secs] 
2905.972: [GC (Allocation Failure) [PSYoungGen: 417133K->184430K(465920K)] 1044456K->812162K(1363968K), 0.0203272 secs] [Times: user=0.02 sys=0.00, real=0.02 secs] 
2907.859: [GC (Allocation Failure) [PSYoungGen: 408051K->92207K(465920K)] 1035783K->720076K(1363968K), 0.0245923 secs] [Times: user=0.05 sys=0.00, real=0.02 secs] 
2909.105: [GC (Allocation Failure) [PSYoungGen: 325167K->38005K(465920K)] 953036K->666185K(1363968K), 0.0064777 secs] [Times: user=0.01 sys=0.00, real=0.01 secs] 
2909.450: [GC (Allocation Failure) [PSYoungGen: 270965K->184430K(465920K)] 899145K->813983K(1363968K), 0.0204228 secs] [Times: user=0.03 sys=0.00, real=0.02 secs] 
2909.735: [GC (GCLocker Initiated GC) [PSYoungGen: 417390K->181859K(465920K)] 1046944K->811566K(1363968K), 0.0199939 secs] [Times: user=0.03 sys=0.00, real=0.02 secs] 
2911.725: [GC (Allocation Failure) [PSYoungGen: 414819K->78056K(465920K)] 1060912K->724413K(1363968K), 0.0186996 secs] [Times: user=0.04 sys=0.00, real=0.02 secs] 
2913.043: [GC (Allocation Failure) [PSYoungGen: 311016K->57956K(465920K)] 957373K->704539K(1363968K), 0.0077269 secs] [Times: user=0.02 sys=0.00, real=0.01 secs] 
2913.313: [GC (Allocation Failure) [PSYoungGen: 290916K->183787K(465920K)] 937499K->831616K(1363968K), 0.0204348 secs] [Times: user=0.03 sys=0.00, real=0.02 secs] 
2913.597: [GC (Allocation Failure) [PSYoungGen: 416747K->184687K(465920K)] 1064576K->832788K(1363968K), 0.0203832 secs] [Times: user=0.02 sys=0.00, real=0.02 secs] 
2914.598: [GC (Allocation Failure) [PSYoungGen: 417647K->55917K(465920K)] 1065748K->704292K(1363968K), 0.0113354 secs] [Times: user=0.03 sys=0.00, real=0.02 secs] 
2915.369: [GC (Allocation Failure) [PSYoungGen: 288877K->80447K(465920K)] 937252K->729130K(1363968K), 0.0100182 secs] [Times: user=0.02 sys=0.00, real=0.01 secs] 
2915.704: [GC (Allocation Failure) [PSYoungGen: 313407K->184301K(465920K)] 962090K->834221K(1363968K), 0.0204178 secs] [Times: user=0.02 sys=0.00, real=0.02 secs] 
2915.993: [GC (Allocation Failure) [PSYoungGen: 417261K->183884K(465920K)] 1067181K->834085K(1363968K), 0.0204038 secs] [Times: user=0.03 sys=0.00, real=0.02 secs] 
2917.166: [GC (Allocation Failure) [PSYoungGen: 416844K->33699K(465920K)] 1067045K->684173K(1363968K), 0.0065642 secs] [Times: user=0.01 sys=0.00, real=0.01 secs] 
2918.429: [GC (Allocation Failure) [PSYoungGen: 266659K->102232K(465920K)] 917133K->753019K(1363968K), 0.0120264 secs] [Times: user=0.02 sys=0.00, real=0.01 secs] 
2918.704: [GC (Allocation Failure) [PSYoungGen: 335192K->184205K(465920K)] 985979K->836230K(1363968K), 0.0202795 secs] [Times: user=0.03 sys=0.00, real=0.02 secs] 
2918.988: [GC (Allocation Failure) [PSYoungGen: 417165K->184430K(465920K)] 1069190K->836865K(1363968K), 0.0201701 secs] [Times: user=0.03 sys=0.00, real=0.02 secs] 
2920.126: [GC (Allocation Failure) [PSYoungGen: 417390K->11529K(465920K)] 1069825K->664109K(1363968K), 0.0036548 secs] [Times: user=0.02 sys=0.00, real=0.01 secs] 
2920.929: [GC (Allocation Failure) [PSYoungGen: 244489K->124563K(465920K)] 897069K->777450K(1363968K), 0.0142843 secs] [Times: user=0.02 sys=0.00, real=0.01 secs] 
2921.208: [GC (Allocation Failure) [PSYoungGen: 357523K->184044K(465920K)] 1010410K->838177K(1363968K), 0.0203746 secs] [Times: user=0.03 sys=0.00, real=0.02 secs] 
2921.810: [GC (Allocation Failure) [PSYoungGen: 417004K->174604K(465920K)] 1071137K->829011K(1363968K), 0.0257784 secs] [Times: user=0.04 sys=0.00, real=0.02 secs] 
2924.306: [GC (Allocation Failure) [PSYoungGen: 407564K->96K(465920K)] 1061971K->655939K(1363968K), 0.0045409 secs] [Times: user=0.03 sys=0.00, real=0.01 secs] 
2925.099: [GC (Allocation Failure) [PSYoungGen: 233056K->146286K(465920K)] 888899K->802154K(1363968K), 0.0162815 secs] [Times: user=0.03 sys=0.00, real=0.01 secs] 
2925.380: [GC (Allocation Failure) [PSYoungGen: 379246K->184558K(465920K)] 1035114K->841800K(1363968K), 0.0204100 secs] [Times: user=0.03 sys=0.00, real=0.02 secs] 
2926.310: [GC (Allocation Failure) [PSYoungGen: 417518K->159522K(465920K)] 1074760K->816909K(1363968K), 0.0249601 secs] [Times: user=0.04 sys=0.00, real=0.02 secs] 
2927.889: [GC (Allocation Failure) [PSYoungGen: 392482K->96K(465920K)] 1049869K->658918K(1363968K), 0.0025664 secs] [Times: user=0.02 sys=0.01, real=0.00 secs] 
2928.326: [GC (Allocation Failure) [PSYoungGen: 233056K->168617K(465920K)] 891878K->827455K(1363968K), 0.0188499 secs] [Times: user=0.03 sys=0.00, real=0.02 secs] 
2928.608: [GC (Allocation Failure) [PSYoungGen: 401577K->184430K(465920K)] 1060415K->844514K(1363968K), 0.0203330 secs] [Times: user=0.02 sys=0.00, real=0.02 secs] 
2929.827: [GC (Allocation Failure) [PSYoungGen: 411767K->137335K(465920K)] 1071852K->797684K(1363968K), 0.0285170 secs] [Times: user=0.05 sys=0.00, real=0.03 secs] 
2932.038: [GC (Allocation Failure) [PSYoungGen: 370208K->1344K(465920K)] 1030557K->662007K(1363968K), 0.0033924 secs] [Times: user=0.02 sys=0.00, real=0.01 secs] 
2932.373: [GC (Allocation Failure) [PSYoungGen: 234304K->184847K(465920K)] 894967K->846764K(1363968K), 0.0202759 secs] [Times: user=0.03 sys=0.00, real=0.02 secs] 
2932.712: [GC (Allocation Failure) [PSYoungGen: 417807K->184687K(465920K)] 1079724K->847005K(1363968K), 0.0203223 secs] [Times: user=0.02 sys=0.00, real=0.02 secs] 
2933.332: [GC (Allocation Failure) [PSYoungGen: 417647K->127936K(465920K)] 1079965K->790390K(1363968K), 0.0171325 secs] [Times: user=0.03 sys=0.00, real=0.02 secs] 
2934.254: [GC (Allocation Failure) [PSYoungGen: 360896K->25056K(465920K)] 1023350K->687819K(1363968K), 0.0043537 secs] [Times: user=0.01 sys=0.00, real=0.01 secs] 
2934.526: [GC (Allocation Failure) [PSYoungGen: 258016K->186486K(465920K)] 920779K->850494K(1363968K), 0.0205215 secs] [Times: user=0.03 sys=0.00, real=0.02 secs] 
2934.813: [GC (Allocation Failure) [PSYoungGen: 419446K->186100K(465920K)] 1083454K->850518K(1363968K), 0.0204908 secs] [Times: user=0.02 sys=0.00, real=0.02 secs] 
2935.942: [GC (Allocation Failure) [PSYoungGen: 419060K->84723K(465920K)] 1083478K->749413K(1363968K), 0.0128828 secs] [Times: user=0.02 sys=0.00, real=0.01 secs] 
2937.351: [GC (Allocation Failure) [PSYoungGen: 317683K->51658K(465920K)] 982373K->716527K(1363968K), 0.0069665 secs] [Times: user=0.01 sys=0.00, real=0.00 secs] 
2937.623: [GC (Allocation Failure) [PSYoungGen: 284618K->185843K(465920K)] 949487K->851959K(1363968K), 0.0205286 secs] [Times: user=0.03 sys=0.00, real=0.02 secs] 
2937.909: [GC (Allocation Failure) [PSYoungGen: 418803K->185875K(465920K)] 1084919K->852264K(1363968K), 0.0203485 secs] [Times: user=0.03 sys=0.00, real=0.02 secs] 
2939.932: [GC (Allocation Failure) [PSYoungGen: 418835K->59050K(465920K)] 1085224K->725703K(1363968K), 0.0112695 secs] [Times: user=0.02 sys=0.00, real=0.01 secs] 
2941.354: [GC (Allocation Failure) [PSYoungGen: 292010K->76594K(465920K)] 958663K->743572K(1363968K), 0.0094916 secs] [Times: user=0.02 sys=0.00, real=0.01 secs] 
2941.630: [GC (Allocation Failure) [PSYoungGen: 309554K->184173K(465920K)] 976532K->852388K(1363968K), 0.0203357 secs] [Times: user=0.03 sys=0.00, real=0.02 secs] 
2941.917: [GC (Allocation Failure) [PSYoungGen: 417133K->183787K(465920K)] 1085348K->852283K(1363968K), 0.0201432 secs] [Times: user=0.03 sys=0.00, real=0.02 secs] 
2944.343: [GC (Allocation Failure) [PSYoungGen: 416747K->37780K(465920K)] 1085243K->706541K(1363968K), 0.0094960 secs] [Times: user=0.03 sys=0.00, real=0.01 secs] 
2945.645: [GC (Allocation Failure) [PSYoungGen: 270740K->97415K(465920K)] 939501K->766492K(1363968K), 0.0115637 secs] [Times: user=0.02 sys=0.00, real=0.01 secs] 
2945.919: [GC (Allocation Failure) [PSYoungGen: 330375K->183916K(465920K)] 999452K->854238K(1363968K), 0.0202305 secs] [Times: user=0.03 sys=0.00, real=0.02 secs] 
2946.255: [GC (Allocation Failure) [PSYoungGen: 416876K->184430K(465920K)] 1087198K->855025K(1363968K), 0.0203396 secs] [Times: user=0.03 sys=0.00, real=0.02 secs] 
2948.050: [GC (Allocation Failure) [PSYoungGen: 417390K->16541K(465920K)] 1087985K->687402K(1363968K), 0.0052396 secs] [Times: user=0.02 sys=0.00, real=0.00 secs] 
2948.640: [GC (Allocation Failure) [PSYoungGen: 249501K->119553K(465920K)] 920362K->790721K(1363968K), 0.0137016 secs] [Times: user=0.02 sys=0.00, real=0.01 secs] 
2948.978: [GC (Allocation Failure) [PSYoungGen: 352513K->184462K(465920K)] 1023681K->856867K(1363968K), 0.0204663 secs] [Times: user=0.03 sys=0.00, real=0.03 secs] 
2949.328: [GC (Allocation Failure) [PSYoungGen: 417422K->178735K(465920K)] 1089827K->851535K(1363968K), 0.0228091 secs] [Times: user=0.04 sys=0.00, real=0.03 secs] 
2950.392: [GC (Allocation Failure) [PSYoungGen: 411695K->160K(465920K)] 1084495K->674268K(1363968K), 0.0026951 secs] [Times: user=0.01 sys=0.00, real=0.00 secs] 
2950.859: [GC (Allocation Failure) [PSYoungGen: 233120K->142302K(465920K)] 907228K->816434K(1363968K), 0.0161403 secs] [Times: user=0.02 sys=0.01, real=0.01 secs] 
2951.197: [GC (Allocation Failure) [PSYoungGen: 375262K->184301K(465920K)] 1049394K->859679K(1363968K), 0.0204519 secs] [Times: user=0.03 sys=0.00, real=0.02 secs] 
2951.631: [GC (Allocation Failure) [PSYoungGen: 413706K->159699K(465920K)] 1089085K->835350K(1363968K), 0.0231499 secs] [Times: user=0.03 sys=0.00, real=0.02 secs] 
2952.586: [GC (Allocation Failure) [PSYoungGen: 392659K->96K(465920K)] 1068310K->677176K(1363968K), 0.0025494 secs] [Times: user=0.01 sys=0.00, real=0.01 secs] 
2953.023: [GC (Allocation Failure) [PSYoungGen: 233056K->161580K(465920K)] 910136K->838677K(1363968K), 0.0179636 secs] [Times: user=0.03 sys=0.00, real=0.02 secs] 
2953.308: [GC (Allocation Failure) [PSYoungGen: 394540K->184687K(465920K)] 1071637K->863029K(1363968K), 0.0204632 secs] [Times: user=0.03 sys=0.00, real=0.03 secs] 
2955.010: [GC (Allocation Failure) [PSYoungGen: 417647K->144147K(465920K)] 1095989K->822763K(1363968K), 0.0335492 secs] [Times: user=0.05 sys=0.00, real=0.03 secs] 
2956.664: [GC (Allocation Failure) [PSYoungGen: 377107K->96K(465920K)] 1055723K->680153K(1363968K), 0.0034865 secs] [Times: user=0.01 sys=0.00, real=0.00 secs] 
2957.054: [GC (Allocation Failure) [PSYoungGen: 233056K->183718K(465920K)] 913113K->863800K(1363968K), 0.0203002 secs] [Times: user=0.03 sys=0.00, real=0.02 secs] 
2957.399: [GC (Allocation Failure) [PSYoungGen: 416678K->183916K(465920K)] 1096760K->865250K(1363968K), 0.0204972 secs] [Times: user=0.03 sys=0.00, real=0.02 secs] 
2958.665: [GC (Allocation Failure) [PSYoungGen: 416876K->130988K(465920K)] 1098210K->812588K(1363968K), 0.0208058 secs] [Times: user=0.04 sys=0.01, real=0.02 secs] 
2959.881: [GC (Allocation Failure) [PSYoungGen: 363948K->21840K(465920K)] 1045548K->703754K(1363968K), 0.0062341 secs] [Times: user=0.02 sys=0.00, real=0.00 secs] 
2960.207: [GC (Allocation Failure) [PSYoungGen: 254800K->186389K(465920K)] 936714K->869557K(1363968K), 0.0207307 secs] [Times: user=0.03 sys=0.00, real=0.02 secs] 
2960.499: [GC (Allocation Failure) [PSYoungGen: 419349K->186004K(465920K)] 1102517K->869573K(1363968K), 0.0205620 secs] [Times: user=0.03 sys=0.00, real=0.02 secs] 
2961.195: [GC (Allocation Failure) [PSYoungGen: 418964K->104625K(465920K)] 1102533K->788330K(1363968K), 0.0138126 secs] [Times: user=0.03 sys=0.00, real=0.02 secs] 
2962.462: [GC (Allocation Failure) [PSYoungGen: 337585K->48059K(465920K)] 1021290K->732072K(1363968K), 0.0080003 secs] [Times: user=0.01 sys=0.00, real=0.01 secs] 
2962.748: [GC (Allocation Failure) [PSYoungGen: 281019K->186229K(465920K)] 965032K->871608K(1363968K), 0.0207614 secs] [Times: user=0.03 sys=0.00, real=0.03 secs] 
2963.039: [GC (Allocation Failure) [PSYoungGen: 419189K->185972K(465920K)] 1104568K->871496K(1363968K), 0.0206414 secs] [Times: user=0.03 sys=0.00, real=0.02 secs] 
2966.041: [GC (Allocation Failure) [PSYoungGen: 418932K->62103K(465920K)] 1104456K->747891K(1363968K), 0.0222582 secs] [Times: user=0.05 sys=0.00, real=0.02 secs] 
2967.697: [GC (Allocation Failure) [PSYoungGen: 295063K->73638K(465920K)] 980851K->759743K(1363968K), 0.0091324 secs] [Times: user=0.01 sys=0.01, real=0.01 secs] 
2967.969: [GC (Allocation Failure) [PSYoungGen: 306598K->184333K(465920K)] 992703K->871683K(1363968K), 0.0203237 secs] [Times: user=0.03 sys=0.00, real=0.02 secs] 
2968.257: [GC (Allocation Failure) [PSYoungGen: 417293K->184173K(465920K)] 1104643K->871804K(1363968K), 0.0201512 secs] [Times: user=0.03 sys=0.00, real=0.02 secs] 
2969.271: [GC (Allocation Failure) [PSYoungGen: 417133K->40222K(465920K)] 1104764K->728118K(1363968K), 0.0077981 secs] [Times: user=0.02 sys=0.00, real=0.01 secs] 
2969.924: [GC (Allocation Failure) [PSYoungGen: 273182K->96194K(465920K)] 961078K->784404K(1363968K), 0.0114910 secs] [Times: user=0.02 sys=0.00, real=0.01 secs] 
2970.199: [GC (Allocation Failure) [PSYoungGen: 329154K->184301K(465920K)] 1017364K->873757K(1363968K), 0.0204285 secs] [Times: user=0.03 sys=0.00, real=0.02 secs] 
2970.541: [GC (Allocation Failure) [PSYoungGen: 417261K->184173K(465920K)] 1106717K->873909K(1363968K), 0.0202386 secs] [Times: user=0.03 sys=0.00, real=0.02 secs] 
2973.602: [GC (Allocation Failure) [PSYoungGen: 417133K->17698K(465920K)] 1106869K->707700K(1363968K), 0.0062271 secs] [Times: user=0.02 sys=0.00, real=0.01 secs] 
2974.782: [GC (Allocation Failure) [PSYoungGen: 250658K->117397K(465920K)] 940660K->807721K(1363968K), 0.0136282 secs] [Times: user=0.02 sys=0.01, real=0.01 secs] 
2975.061: [GC (Allocation Failure) [PSYoungGen: 350357K->184173K(465920K)] 1040681K->875870K(1363968K), 0.0202834 secs] [Times: user=0.03 sys=0.00, real=0.02 secs] 
2975.432: [GC (Allocation Failure) [PSYoungGen: 417133K->181209K(465920K)] 1108830K->873051K(1363968K), 0.0228573 secs] [Times: user=0.03 sys=0.00, real=0.02 secs] 
2976.643: [GC (Allocation Failure) [PSYoungGen: 414169K->64K(465920K)] 1106011K->693339K(1363968K), 0.0028930 secs] [Times: user=0.01 sys=0.00, real=0.00 secs] 
2977.282: [GC (Allocation Failure) [PSYoungGen: 233024K->139635K(465920K)] 926299K->832934K(1363968K), 0.0157527 secs] [Times: user=0.02 sys=0.00, real=0.01 secs] 
2977.571: [GC (Allocation Failure) [PSYoungGen: 372595K->183948K(465920K)] 1065894K->878501K(1363968K), 0.0202866 secs] [Times: user=0.03 sys=0.00, real=0.02 secs] 
2978.067: [GC (Allocation Failure) [PSYoungGen: 416908K->162800K(465920K)] 1111461K->857618K(1363968K), 0.0193330 secs] [Times: user=0.02 sys=0.00, real=0.02 secs] 
2980.000: [GC (Allocation Failure) [PSYoungGen: 395760K->160K(465920K)] 1090578K->696420K(1363968K), 0.0053353 secs] [Times: user=0.03 sys=0.00, real=0.00 secs] 
2980.479: [GC (Allocation Failure) [PSYoungGen: 233120K->161195K(465920K)] 929380K->857479K(1363968K), 0.0181732 secs] [Times: user=0.03 sys=0.00, real=0.01 secs] 
2980.820: [GC (Allocation Failure) [PSYoungGen: 394155K->184719K(465920K)] 1090439K->882248K(1363968K), 0.0205156 secs] [Times: user=0.03 sys=0.00, real=0.02 secs] 
2981.383: [GC (Allocation Failure) [PSYoungGen: 417679K->144517K(465920K)] 1115208K->842440K(1363968K), 0.0193803 secs] [Times: user=0.03 sys=0.00, real=0.02 secs] 
2982.381: [GC (Allocation Failure) [PSYoungGen: 377477K->128K(465920K)] 1075400K->699354K(1363968K), 0.0023357 secs] [Times: user=0.01 sys=0.00, real=0.00 secs] 
2982.673: [GC (Allocation Failure) [PSYoungGen: 233088K->184104K(465920K)] 932314K->883354K(1363968K), 0.0202177 secs] [Times: user=0.03 sys=0.00, real=0.02 secs] 
2982.961: [GC (Allocation Failure) [PSYoungGen: 417064K->184462K(465920K)] 1116314K->884958K(1363968K), 0.0204140 secs] [Times: user=0.03 sys=0.00, real=0.02 secs] 
2983.495: [GC (Allocation Failure) [PSYoungGen: 417422K->130057K(465920K)] 1117918K->830818K(1363968K), 0.0150870 secs] [Times: user=0.03 sys=0.00, real=0.02 secs] 
2984.937: [GC (Allocation Failure) [PSYoungGen: 363017K->22226K(465920K)] 1063778K->723295K(1363968K), 0.0071311 secs] [Times: user=0.02 sys=0.00, real=0.01 secs] 
2985.319: [GC (Allocation Failure) [PSYoungGen: 255186K->184044K(465920K)] 956255K->886479K(1363968K), 0.0203864 secs] [Times: user=0.03 sys=0.00, real=0.02 secs] 
2985.666: [GC (Allocation Failure) [PSYoungGen: 417004K->184044K(465920K)] 1119439K->886632K(1363968K), 0.0202282 secs] [Times: user=0.03 sys=0.00, real=0.02 secs] 
2986.567: [GC (Allocation Failure) [PSYoungGen: 417004K->108497K(465920K)] 1119592K->811357K(1363968K), 0.0136178 secs] [Times: user=0.03 sys=0.00, real=0.02 secs] 
2988.100: [GC (Allocation Failure) [PSYoungGen: 341457K->44174K(465920K)] 1044317K->747341K(1363968K), 0.0078014 secs] [Times: user=0.02 sys=0.00, real=0.00 secs] 
2988.459: [GC (Allocation Failure) [PSYoungGen: 277134K->184944K(465920K)] 980301K->889364K(1363968K), 0.0204767 secs] [Times: user=0.03 sys=0.00, real=0.02 secs] 
2988.798: [GC (Allocation Failure) [PSYoungGen: 417904K->184269K(465920K)] 1122324K->888970K(1363968K), 0.0202463 secs] [Times: user=0.03 sys=0.00, real=0.02 secs] 
2990.826: [GC (Allocation Failure) [PSYoungGen: 417229K->68930K(465920K)] 1121930K->774025K(1363968K), 0.0166436 secs] [Times: user=0.04 sys=0.00, real=0.02 secs] 
2992.425: [GC (Allocation Failure) [PSYoungGen: 301890K->66955K(465920K)] 1006985K->772241K(1363968K), 0.0085147 secs] [Times: user=0.02 sys=0.00, real=0.01 secs] 
2992.752: [GC (Allocation Failure) [PSYoungGen: 299915K->186486K(465920K)] 1005201K->893146K(1363968K), 0.0205543 secs] [Times: user=0.03 sys=0.00, real=0.02 secs] 
2993.040: [GC (Allocation Failure) [PSYoungGen: 419446K->186100K(465920K)] 1126106K->892913K(1363968K), 0.0204504 secs] [Times: user=0.02 sys=0.00, real=0.02 secs] 
2995.340: [GC (Allocation Failure) [PSYoungGen: 419060K->42792K(465920K)] 1125873K->749870K(1363968K), 0.0129470 secs] [Times: user=0.03 sys=0.00, real=0.01 secs] 
2996.880: [GC (Allocation Failure) [PSYoungGen: 275752K->94231K(465920K)] 982830K->801623K(1363968K), 0.0113529 secs] [Times: user=0.01 sys=0.00, real=0.01 secs] 
2997.156: [GC (Allocation Failure) [PSYoungGen: 327191K->185715K(465920K)] 1034583K->894344K(1363968K), 0.0204932 secs] [Times: user=0.03 sys=0.00, real=0.02 secs] 
2997.440: [GC (Allocation Failure) [PSYoungGen: 418675K->184430K(465920K)] 1127304K->893340K(1363968K), 0.0210454 secs] [Times: user=0.03 sys=0.00, real=0.02 secs] 
2999.290: [GC (Allocation Failure) [PSYoungGen: 417390K->17955K(465920K)] 1126300K->727130K(1363968K), 0.0047122 secs] [Times: user=0.01 sys=0.00, real=0.00 secs] 
3000.484: [GC (Allocation Failure) [PSYoungGen: 250915K->117786K(465920K)] 960090K->827267K(1363968K), 0.0137932 secs] [Times: user=0.02 sys=0.00, real=0.01 secs] 
3000.762: [GC (Allocation Failure) [PSYoungGen: 350746K->184751K(465920K)] 1060227K->895485K(1363968K), 0.0205214 secs] [Times: user=0.03 sys=0.00, real=0.02 secs] 
3001.127: [GC (Allocation Failure) [PSYoungGen: 417711K->180310K(465920K)] 1128445K->891309K(1363968K), 0.0227707 secs] [Times: user=0.03 sys=0.00, real=0.03 secs] 
3002.689: [GC (Allocation Failure) [PSYoungGen: 413270K->64K(465920K)] 1124269K->712505K(1363968K), 0.0033502 secs] [Times: user=0.02 sys=0.00, real=0.00 secs] 
3003.573: [GC (Allocation Failure) [PSYoungGen: 233024K->142173K(465920K)] 945465K->854630K(1363968K), 0.0162396 secs] [Times: user=0.02 sys=0.00, real=0.02 secs] 
3003.915: [GC (Allocation Failure) [PSYoungGen: 375133K->185972K(465920K)] 1087590K->899667K(1363968K), 0.0206412 secs] [Times: user=0.03 sys=0.00, real=0.02 secs] 
3004.863: [GC (Allocation Failure) [PSYoungGen: 418932K->162269K(465920K)] 1132627K->876245K(1363968K), 0.0277529 secs] [Times: user=0.04 sys=0.00, real=0.03 secs] 
3006.736: [GC (Allocation Failure) [PSYoungGen: 395229K->96K(465920K)] 1109205K->715501K(1363968K), 0.0035849 secs] [Times: user=0.02 sys=0.00, real=0.01 secs] 
3007.406: [GC (Allocation Failure) [PSYoungGen: 233056K->166304K(465920K)] 948461K->881733K(1363968K), 0.0184601 secs] [Times: user=0.02 sys=0.00, real=0.02 secs] 
3007.688: [GC (Allocation Failure) [PSYoungGen: 399264K->184301K(465920K)] 1114693K->900976K(1363968K), 0.0204388 secs] [Times: user=0.02 sys=0.00, real=0.02 secs] 
3008.488: [GC (Allocation Failure) [PSYoungGen: 415228K->139777K(465920K)] 1131903K->856718K(1363968K), 0.0250639 secs] [Times: user=0.04 sys=0.00, real=0.02 secs] 
3009.732: [GC (Allocation Failure) [PSYoungGen: 372702K->1505K(465920K)] 1089642K->718751K(1363968K), 0.0025574 secs] [Times: user=0.01 sys=0.00, real=0.00 secs] 
3010.021: [GC (Allocation Failure) [PSYoungGen: 234465K->184687K(465920K)] 951711K->903178K(1363968K), 0.0204424 secs] [Times: user=0.03 sys=0.00, real=0.02 secs] 
3010.368: [GC (Allocation Failure) [PSYoungGen: 417647K->184430K(465920K)] 1136138K->903218K(1363968K), 0.0203616 secs] [Times: user=0.03 sys=0.00, real=0.02 secs] 
3011.418: [GC (Allocation Failure) [PSYoungGen: 417390K->128161K(465920K)] 1136178K->847222K(1363968K), 0.0217766 secs] [Times: user=0.04 sys=0.00, real=0.03 secs] 
3012.788: [GC (Allocation Failure) [PSYoungGen: 361121K->24796K(465920K)] 1080182K->744152K(1363968K), 0.0060399 secs] [Times: user=0.02 sys=0.00, real=0.00 secs] 
3013.110: [GC (Allocation Failure) [PSYoungGen: 257756K->186486K(465920K)] 977112K->907216K(1363968K), 0.0205123 secs] [Times: user=0.03 sys=0.00, real=0.02 secs] 
3013.402: [GC (Allocation Failure) [PSYoungGen: 419446K->186100K(465920K)] 1140176K->907111K(1363968K), 0.0205009 secs] [Times: user=0.03 sys=0.00, real=0.02 secs] 
3014.268: [GC (Allocation Failure) [PSYoungGen: 419060K->84980K(465920K)] 1140071K->806263K(1363968K), 0.0127545 secs] [Times: user=0.02 sys=0.00, real=0.02 secs] 
3015.255: [GC (Allocation Failure) [PSYoungGen: 317940K->52043K(465920K)] 1039223K->773498K(1363968K), 0.0082132 secs] [Times: user=0.02 sys=0.00, real=0.01 secs] 
3015.603: [GC (Allocation Failure) [PSYoungGen: 285003K->185843K(465920K)] 1006458K->908552K(1363968K), 0.0207797 secs] [Times: user=0.02 sys=0.00, real=0.02 secs] 
3015.887: [GC (Allocation Failure) [PSYoungGen: 418803K->185811K(465920K)] 1141512K->908793K(1363968K), 0.0205068 secs] [Times: user=0.02 sys=0.00, real=0.02 secs] 
3018.416: [GC (Allocation Failure) [PSYoungGen: 418771K->58568K(465920K)] 1141753K->781815K(1363968K), 0.0157289 secs] [Times: user=0.04 sys=0.00, real=0.02 secs] 
3019.820: [GC (Allocation Failure) [PSYoungGen: 291528K->76755K(465920K)] 1014775K->800307K(1363968K), 0.0095430 secs] [Times: user=0.02 sys=0.00, real=0.01 secs] 
3020.155: [GC (Allocation Failure) [PSYoungGen: 309715K->184173K(465920K)] 1033267K->908970K(1363968K), 0.0204818 secs] [Times: user=0.02 sys=0.00, real=0.02 secs] 
3020.494: [GC (Allocation Failure) [PSYoungGen: 417133K->183916K(465920K)] 1141930K->908994K(1363968K), 0.0203151 secs] [Times: user=0.03 sys=0.01, real=0.02 secs] 
3021.449: [GC (Allocation Failure) [PSYoungGen: 416876K->37555K(465920K)] 1141954K->763027K(1363968K), 0.0071526 secs] [Times: user=0.02 sys=0.00, real=0.00 secs] 
3022.427: [GC (Allocation Failure) [PSYoungGen: 270515K->99857K(465920K)] 995987K->825515K(1363968K), 0.0119223 secs] [Times: user=0.02 sys=0.00, real=0.02 secs] 
3022.704: [GC (Allocation Failure) [PSYoungGen: 332817K->186229K(465920K)] 1058475K->913140K(1363968K), 0.0207756 secs] [Times: user=0.03 sys=0.00, real=0.02 secs] 
3022.987: [GC (Allocation Failure) [PSYoungGen: 419189K->184590K(465920K)] 1146100K->911782K(1363968K), 0.0203615 secs] [Times: user=0.03 sys=0.00, real=0.02 secs] 
3025.439: [GC (Allocation Failure) [PSYoungGen: 417550K->11689K(465920K)] 1144742K->739155K(1363968K), 0.0056221 secs] [Times: user=0.02 sys=0.00, real=0.00 secs] 
3026.912: [GC (Allocation Failure) [PSYoungGen: 244649K->123569K(465920K)] 972115K->851348K(1363968K), 0.0143875 secs] [Times: user=0.03 sys=0.00, real=0.01 secs] 
3027.190: [GC (Allocation Failure) [PSYoungGen: 356529K->184558K(465920K)] 1084308K->913591K(1363968K), 0.0202346 secs] [Times: user=0.03 sys=0.00, real=0.02 secs] 
3027.543: [GC (Allocation Failure) [PSYoungGen: 417518K->176159K(465920K)] 1146551K->905464K(1363968K), 0.0210277 secs] [Times: user=0.03 sys=0.00, real=0.02 secs] 
3029.263: [GC (Allocation Failure) [PSYoungGen: 409119K->96K(465920K)] 1138424K->730835K(1363968K), 0.0035802 secs] [Times: user=0.01 sys=0.00, real=0.00 secs] 
3030.180: [GC (Allocation Failure) [PSYoungGen: 233056K->146961K(465920K)] 963795K->877716K(1363968K), 0.0167391 secs] [Times: user=0.02 sys=0.00, real=0.01 secs] 
3030.459: [GC (Allocation Failure) [PSYoungGen: 379921K->184173K(465920K)] 1110676K->916174K(1363968K), 0.0204531 secs] [Times: user=0.03 sys=0.00, real=0.02 secs] 
3030.943: [GC (Allocation Failure) [PSYoungGen: 417133K->159265K(465920K)] 1149134K->891531K(1363968K), 0.0198588 secs] [Times: user=0.03 sys=0.00, real=0.02 secs] 
3031.894: [GC (Allocation Failure) [PSYoungGen: 392225K->96K(465920K)] 1124491K->733799K(1363968K), 0.0026688 secs] [Times: user=0.01 sys=0.00, real=0.00 secs] 
3032.264: [GC (Allocation Failure) [PSYoungGen: 233056K->169003K(465920K)] 966759K->902722K(1363968K), 0.0188662 secs] [Times: user=0.02 sys=0.00, real=0.02 secs] 
3032.603: [GC (Allocation Failure) [PSYoungGen: 401963K->184301K(465920K)] 1135682K->919259K(1363968K), 0.0203551 secs] [Times: user=0.02 sys=0.00, real=0.02 secs] 
3033.080: [GC (Allocation Failure) [PSYoungGen: 411253K->137062K(465920K)] 1146210K->872285K(1363968K), 0.0176504 secs] [Times: user=0.03 sys=0.00, real=0.01 secs] 
3034.960: [GC (Allocation Failure) [PSYoungGen: 370022K->128K(465920K)] 1105245K->735658K(1363968K), 0.0029875 secs] [Times: user=0.01 sys=0.00, real=0.00 secs] 
3035.262: [GC (Allocation Failure) [PSYoungGen: 233088K->185001K(465920K)] 968618K->920555K(1363968K), 0.0205497 secs] [Times: user=0.03 sys=0.00, real=0.02 secs] 
3035.549: [GC (Allocation Failure) [PSYoungGen: 417961K->184687K(465920K)] 1153515K->921478K(1363968K), 0.0206770 secs] [Times: user=0.03 sys=0.00, real=0.02 secs] 
3036.095: [GC (Allocation Failure) [PSYoungGen: 417647K->128884K(465920K)] 1154438K->865949K(1363968K), 0.0148071 secs] [Times: user=0.03 sys=0.00, real=0.02 secs] 
3037.101: [GC (Allocation Failure) [PSYoungGen: 361844K->23643K(465920K)] 1098909K->761016K(1363968K), 0.0049523 secs] [Times: user=0.01 sys=0.00, real=0.00 secs] 
3037.445: [GC (GCLocker Initiated GC) [PSYoungGen: 256603K->185586K(465920K)] 993976K->924205K(1363968K), 0.0206408 secs] [Times: user=0.03 sys=0.00, real=0.02 secs] 
3037.734: [GC (Allocation Failure) [PSYoungGen: 418546K->184623K(465920K)] 1158290K->924640K(1363968K), 0.0202775 secs] [Times: user=0.02 sys=0.00, real=0.02 secs] 
3040.408: [GC (Allocation Failure) [PSYoungGen: 417583K->104014K(465920K)] 1157600K->844047K(1363968K), 0.0192378 secs] [Times: user=0.04 sys=0.00, real=0.02 secs] 
3041.286: [GC (Allocation Failure) [PSYoungGen: 336974K->48091K(465920K)] 1077007K->788472K(1363968K), 0.0067282 secs] [Times: user=0.01 sys=0.00, real=0.01 secs] 
3041.556: [GC (Allocation Failure) [PSYoungGen: 281051K->184687K(465920K)] 1021432K->926321K(1363968K), 0.0205243 secs] [Times: user=0.03 sys=0.00, real=0.02 secs] 
3041.842: [GC (Allocation Failure) [PSYoungGen: 417647K->184976K(465920K)] 1159281K->926891K(1363968K), 0.0204571 secs] [Times: user=0.03 sys=0.00, real=0.02 secs] 
3042.622: [GC (Allocation Failure) [PSYoungGen: 417936K->64673K(465920K)] 1159851K->806854K(1363968K), 0.0097692 secs] [Times: user=0.01 sys=0.00, real=0.01 secs] 
3043.481: [GC (Allocation Failure) [PSYoungGen: 297633K->71450K(465920K)] 1039814K->813939K(1363968K), 0.0090527 secs] [Times: user=0.01 sys=0.00, real=0.01 secs] 
3043.755: [GC (Allocation Failure) [PSYoungGen: 304410K->186486K(465920K)] 1046899K->930220K(1363968K), 0.0207278 secs] [Times: user=0.03 sys=0.00, real=0.02 secs] 
3044.041: [GC (Allocation Failure) [PSYoungGen: 419446K->185972K(465920K)] 1163180K->930116K(1363968K), 0.0203402 secs] [Times: user=0.02 sys=0.00, real=0.02 secs] 
3045.328: [GC (Allocation Failure) [PSYoungGen: 418932K->38454K(465920K)] 1163076K->782735K(1363968K), 0.0071444 secs] [Times: user=0.01 sys=0.00, real=0.01 secs] 
3046.452: [GC (Allocation Failure) [PSYoungGen: 271414K->97219K(465920K)] 1015695K->841813K(1363968K), 0.0116517 secs] [Times: user=0.02 sys=0.00, real=0.01 secs] 
3046.727: [GC (Allocation Failure) [PSYoungGen: 330179K->184108K(465920K)] 1074773K->930084K(1363968K), 0.0206308 secs] [Times: user=0.03 sys=0.00, real=0.02 secs] 
3047.071: [GC (Allocation Failure) [PSYoungGen: 417068K->184044K(465920K)] 1163044K->930173K(1363968K), 0.0201870 secs] [Times: user=0.03 sys=0.00, real=0.02 secs] 
3049.217: [GC (Allocation Failure) [PSYoungGen: 417004K->17119K(465920K)] 1163133K->763521K(1363968K), 0.0050317 secs] [Times: user=0.02 sys=0.00, real=0.01 secs] 
3050.462: [GC (Allocation Failure) [PSYoungGen: 250079K->118268K(465920K)] 996481K->864986K(1363968K), 0.0138136 secs] [Times: user=0.02 sys=0.00, real=0.01 secs] 
3050.739: [GC (Allocation Failure) [PSYoungGen: 351228K->184173K(465920K)] 1097946K->932273K(1363968K), 0.0208632 secs] [Times: user=0.03 sys=0.00, real=0.02 secs] 
3051.173: [GC (Allocation Failure) [PSYoungGen: 417133K->180310K(465920K)] 1165233K->928554K(1363968K), 0.0244949 secs] [Times: user=0.03 sys=0.00, real=0.02 secs] 
3053.234: [GC (Allocation Failure) [PSYoungGen: 413270K->96K(465920K)] 1161514K->749772K(1363968K), 0.0033153 secs] [Times: user=0.02 sys=0.00, real=0.00 secs] 
3054.029: [GC (Allocation Failure) [PSYoungGen: 233056K->139956K(465920K)] 982732K->889649K(1363968K), 0.0160015 secs] [Times: user=0.02 sys=0.00, real=0.01 secs] 
3054.370: [GC (Allocation Failure) [PSYoungGen: 372916K->184333K(465920K)] 1122609K->935400K(1363968K), 0.0205539 secs] [Times: user=0.03 sys=0.00, real=0.02 secs] 
3054.789: [GC (Allocation Failure) [PSYoungGen: 416438K->162013K(465920K)] 1167505K->913352K(1363968K), 0.0247132 secs] [Times: user=0.04 sys=0.00, real=0.02 secs] 
3055.805: [GC (Allocation Failure) [PSYoungGen: 394973K->128K(465920K)] 1146312K->752774K(1363968K), 0.0026060 secs] [Times: user=0.01 sys=0.00, real=0.00 secs] 
3056.256: [GC (Allocation Failure) [PSYoungGen: 233088K->161580K(465920K)] 985734K->914251K(1363968K), 0.0183029 secs] [Times: user=0.02 sys=0.00, real=0.02 secs] 
3056.596: [GC (Allocation Failure) [PSYoungGen: 394540K->184687K(465920K)] 1147211K->938603K(1363968K), 0.0205741 secs] [Times: user=0.03 sys=0.00, real=0.02 secs] 
3057.093: [GC (Allocation Failure) [PSYoungGen: 417647K->144131K(465920K)] 1171563K->898313K(1363968K), 0.0179928 secs] [Times: user=0.03 sys=0.00, real=0.02 secs] 
3058.173: [GC (Allocation Failure) [PSYoungGen: 377091K->128K(465920K)] 1131273K->754619K(1363968K), 0.0029080 secs] [Times: user=0.01 sys=0.00, real=0.00 secs] 
3058.461: [GC (Allocation Failure) [PSYoungGen: 233088K->184972K(465920K)] 987579K->939495K(1363968K), 0.0204554 secs] [Times: user=0.03 sys=0.00, real=0.02 secs] 
3058.744: [GC (Allocation Failure) [PSYoungGen: 417932K->184173K(465920K)] 1172455K->939933K(1363968K), 0.0204590 secs] [Times: user=0.03 sys=0.00, real=0.02 secs] 
3059.324: [GC (Allocation Failure) [PSYoungGen: 417133K->129430K(465920K)] 1172893K->885464K(1363968K), 0.0151636 secs] [Times: user=0.03 sys=0.00, real=0.02 secs] 
3061.391: [GC (Allocation Failure) [PSYoungGen: 362390K->22772K(465920K)] 1118424K->779122K(1363968K), 0.0059421 secs] [Times: user=0.01 sys=0.00, real=0.00 secs] 
3061.707: [GC (Allocation Failure) [PSYoungGen: 255732K->184044K(465920K)] 1012082K->941640K(1363968K), 0.0203982 secs] [Times: user=0.03 sys=0.00, real=0.02 secs] 
3061.998: [GC (Allocation Failure) [PSYoungGen: 417004K->183916K(465920K)] 1174600K->941792K(1363968K), 0.0203460 secs] [Times: user=0.03 sys=0.00, real=0.02 secs] 
3062.590: [GC (Allocation Failure) [PSYoungGen: 416876K->108111K(465920K)] 1174752K->866261K(1363968K), 0.0117266 secs] [Times: user=0.02 sys=0.00, real=0.01 secs] 
3064.060: [GC (Allocation Failure) [PSYoungGen: 341071K->44046K(465920K)] 1099221K->802493K(1363968K), 0.0080116 secs] [Times: user=0.02 sys=0.00, real=0.00 secs] 
3064.360: [GC (Allocation Failure) [PSYoungGen: 277006K->186357K(465920K)] 1035453K->946058K(1363968K), 0.0205256 secs] [Times: user=0.03 sys=0.00, real=0.02 secs] 
3064.644: [GC (Allocation Failure) [PSYoungGen: 419317K->184847K(465920K)] 1179018K->944829K(1363968K), 0.0204280 secs] [Times: user=0.03 sys=0.00, real=0.02 secs] 
3066.302: [GC (Allocation Failure) [PSYoungGen: 417807K->67131K(465920K)] 1177789K->827378K(1363968K), 0.0143605 secs] [Times: user=0.03 sys=0.00, real=0.01 secs] 
3068.392: [GC (Allocation Failure) [PSYoungGen: 300091K->68465K(465920K)] 1060338K->829026K(1363968K), 0.0107312 secs] [Times: user=0.02 sys=0.00, real=0.01 secs] 
3068.761: [GC (Allocation Failure) [PSYoungGen: 301425K->186357K(465920K)] 1061986K->948164K(1363968K), 0.0206417 secs] [Times: user=0.03 sys=0.00, real=0.02 secs] 
3069.046: [GC (Allocation Failure) [PSYoungGen: 419317K->186100K(465920K)] 1181124K->948180K(1363968K), 0.0206712 secs] [Times: user=0.03 sys=0.00, real=0.02 secs] 
3070.070: [GC (Allocation Failure) [PSYoungGen: 419060K->41442K(465920K)] 1181140K->803923K(1363968K), 0.0074798 secs] [Times: user=0.02 sys=0.00, real=0.00 secs] 
3070.814: [GC (Allocation Failure) [PSYoungGen: 274402K->95262K(465920K)] 1036883K->857938K(1363968K), 0.0115195 secs] [Times: user=0.02 sys=0.00, real=0.01 secs] 
3071.151: [GC (Allocation Failure) [PSYoungGen: 328222K->186229K(465920K)] 1090898K->950151K(1363968K), 0.0207592 secs] [Times: user=0.03 sys=0.00, real=0.02 secs] 
3071.440: [GC (Allocation Failure) [PSYoungGen: 419189K->186036K(465920K)] 1183111K->950239K(1363968K), 0.0207337 secs] [Times: user=0.03 sys=0.00, real=0.02 secs] 
3072.953: [GC (Allocation Failure) [PSYoungGen: 418996K->14870K(465920K)] 1183199K->779467K(1363968K), 0.0049313 secs] [Times: user=0.01 sys=0.00, real=0.00 secs] 
3074.013: [GC (Allocation Failure) [PSYoungGen: 247830K->121063K(465920K)] 1012427K->885831K(1363968K), 0.0141135 secs] [Times: user=0.02 sys=0.00, real=0.01 secs] 
3074.346: [GC (Allocation Failure) [PSYoungGen: 354023K->184430K(465920K)] 1118791K->950443K(1363968K), 0.0205934 secs] [Times: user=0.03 sys=0.00, real=0.02 secs] 
3074.722: [GC (Allocation Failure) [PSYoungGen: 417390K->178761K(465920K)] 1183403K->945047K(1363968K), 0.0235119 secs] [Times: user=0.03 sys=0.00, real=0.02 secs] 
3076.571: [GC (Allocation Failure) [PSYoungGen: 411721K->96K(465920K)] 1178007K->767807K(1363968K), 0.0030863 secs] [Times: user=0.02 sys=0.00, real=0.00 secs] 
3077.310: [GC (Allocation Failure) [PSYoungGen: 233056K->145772K(465920K)] 1000767K->913500K(1363968K), 0.0166651 secs] [Times: user=0.02 sys=0.00, real=0.01 secs] 
3077.592: [GC (Allocation Failure) [PSYoungGen: 378732K->186229K(465920K)] 1146460K->955203K(1363968K), 0.0208413 secs] [Times: user=0.03 sys=0.00, real=0.02 secs] 
3078.291: [GC (Allocation Failure) [PSYoungGen: 419189K->158397K(465920K)] 1188163K->927644K(1363968K), 0.0228844 secs] [Times: user=0.04 sys=0.00, real=0.02 secs] 
3080.821: [GC (Allocation Failure) [PSYoungGen: 391357K->128K(465920K)] 1160604K->770806K(1363968K), 0.0044235 secs] [Times: user=0.02 sys=0.00, real=0.00 secs] 
3081.329: [GC (Allocation Failure) [PSYoungGen: 233088K->171862K(465920K)] 1003766K->942572K(1363968K), 0.0192078 secs] [Times: user=0.03 sys=0.00, real=0.02 secs] 
3081.618: [GC (Allocation Failure) [PSYoungGen: 404822K->186004K(465920K)] 1175532K->957968K(1363968K), 0.0206213 secs] [Times: user=0.03 sys=0.00, real=0.03 secs] 
3082.141: [GC (Allocation Failure) [PSYoungGen: 418964K->140756K(465920K)] 1190928K->912985K(1363968K), 0.0168329 secs] [Times: user=0.03 sys=0.00, real=0.01 secs] 
3083.683: [GC (Allocation Failure) [PSYoungGen: 373716K->12815K(465920K)] 1145945K->785351K(1363968K), 0.0057909 secs] [Times: user=0.02 sys=0.00, real=0.01 secs] 
3084.062: [GC (Allocation Failure) [PSYoungGen: 245775K->185715K(465920K)] 1018311K->959489K(1363968K), 0.0205734 secs] [Times: user=0.03 sys=0.00, real=0.02 secs] 
3084.347: [GC (Allocation Failure) [PSYoungGen: 418675K->185843K(465920K)] 1192449K->959891K(1363968K), 0.0207604 secs] [Times: user=0.03 sys=0.00, real=0.02 secs] 
3085.829: [GC (Allocation Failure) [PSYoungGen: 418803K->114361K(465920K)] 1192851K->888673K(1363968K), 0.0150133 secs] [Times: user=0.02 sys=0.00, real=0.01 secs] 
3086.406: [GC (Allocation Failure) [PSYoungGen: 347321K->113898K(465920K)] 1121633K->888532K(1363968K), 0.0131974 secs] [Times: user=0.02 sys=0.00, real=0.02 secs] 
3086.605: [GC (Allocation Failure) [PSYoungGen: 346858K->185972K(465920K)] 1121492K->961980K(1363968K), 0.0205404 secs] [Times: user=0.02 sys=0.00, real=0.02 secs] 
3087.077: [GC (Allocation Failure) [PSYoungGen: 418932K->181216K(465920K)] 1194940K->957385K(1363968K), 0.0253530 secs] [Times: user=0.04 sys=0.00, real=0.03 secs] 
3094.605: [GC (Allocation Failure) [PSYoungGen: 414176K->87899K(465920K)] 1190345K->864313K(1363968K), 0.0205212 secs] [Times: user=0.08 sys=0.00, real=0.02 secs] 
3095.176: [GC (Allocation Failure) [PSYoungGen: 320859K->183446K(465920K)] 1097273K->992523K(1363968K), 0.0486588 secs] [Times: user=0.21 sys=0.00, real=0.05 secs] 
3097.050: [GC (Allocation Failure) [PSYoungGen: 416302K->184470K(465920K)] 1225380K->1050459K(1363968K), 0.0749967 secs] [Times: user=0.37 sys=0.00, real=0.07 secs] 
3097.125: [Full GC (Ergonomics) [PSYoungGen: 184470K->0K(465920K)] [ParOldGen: 865989K->361339K(761344K)] 1050459K->361339K(1227264K), [Metaspace: 59665K->59665K(1105920K)], 0.4275618 secs] [Times: user=2.02 sys=0.00, real=0.43 secs] 
3101.452: [GC (Allocation Failure) [PSYoungGen: 232863K->180980K(465920K)] 594202K->542319K(1227264K), 0.0944771 secs] [Times: user=0.45 sys=0.00, real=0.09 secs] 
3102.798: [GC (Allocation Failure) [PSYoungGen: 413940K->108745K(465920K)] 775279K->538724K(1227264K), 0.0480710 secs] [Times: user=0.25 sys=0.00, real=0.04 secs] 
3102.976: [GC (Allocation Failure) [PSYoungGen: 341705K->168084K(465920K)] 771684K->633844K(1227264K), 0.0456835 secs] [Times: user=0.21 sys=0.00, real=0.05 secs] 
3103.847: [GC (Allocation Failure) [PSYoungGen: 401044K->180821K(465920K)] 866804K->698421K(1227264K), 0.0570266 secs] [Times: user=0.27 sys=0.00, real=0.06 secs] 
3105.028: [GC (Allocation Failure) [PSYoungGen: 413781K->184887K(465920K)] 931381K->765343K(1227264K), 0.0698682 secs] [Times: user=0.34 sys=0.00, real=0.07 secs] 
3106.085: [GC (Allocation Failure) [PSYoungGen: 417847K->183764K(465920K)] 998303K->822589K(1227264K), 0.0939879 secs] [Times: user=0.48 sys=0.00, real=0.10 secs] 
3108.447: [GC (Allocation Failure) [PSYoungGen: 416724K->89482K(465920K)] 1055549K->797738K(1227264K), 0.0864753 secs] [Times: user=0.47 sys=0.00, real=0.09 secs] 
3108.533: [Full GC (Ergonomics) [PSYoungGen: 89482K->0K(465920K)] [ParOldGen: 708256K->102939K(569344K)] 797738K->102939K(1035264K), [Metaspace: 59897K->59897K(1105920K)], 0.1413072 secs] [Times: user=0.58 sys=0.00, real=0.14 secs] 
3108.821: [GC (Allocation Failure) [PSYoungGen: 232960K->183542K(465920K)] 335899K->286481K(1035264K), 0.0259487 secs] [Times: user=0.09 sys=0.00, real=0.02 secs] 
3108.992: [GC (Allocation Failure) [PSYoungGen: 416502K->185462K(465920K)] 519441K->345321K(1035264K), 0.0551362 secs] [Times: user=0.26 sys=0.00, real=0.05 secs] 
3109.531: [GC (Allocation Failure) [PSYoungGen: 418422K->187125K(465920K)] 578281K->403144K(1035264K), 0.0797269 secs] [Times: user=0.39 sys=0.00, real=0.08 secs] 
3110.973: [GC (Allocation Failure) [PSYoungGen: 420085K->104156K(465920K)] 636104K->390988K(1035264K), 0.0445074 secs] [Times: user=0.23 sys=0.00, real=0.04 secs] 
3111.185: [GC (Allocation Failure) [PSYoungGen: 337116K->162483K(465920K)] 623948K->483807K(1035264K), 0.0716574 secs] [Times: user=0.36 sys=0.01, real=0.07 secs] 
3111.382: [GC (Allocation Failure) [PSYoungGen: 395443K->184566K(465920K)] 716767K->556854K(1035264K), 0.0410795 secs] [Times: user=0.18 sys=0.00, real=0.04 secs] 
3111.532: [GC (Allocation Failure) [PSYoungGen: 417526K->185527K(465920K)] 789814K->621967K(1035264K), 0.0492812 secs] [Times: user=0.23 sys=0.00, real=0.05 secs] 
3111.683: [GC (Allocation Failure) [PSYoungGen: 418487K->203797K(465920K)] 854927K->699157K(1035264K), 0.0558153 secs] [Times: user=0.28 sys=0.00, real=0.06 secs] 
3111.739: [Full GC (Ergonomics) [PSYoungGen: 203797K->0K(465920K)] [ParOldGen: 495360K->369497K(857088K)] 699157K->369497K(1323008K), [Metaspace: 59900K->59900K(1105920K)], 0.5705752 secs] [Times: user=2.61 sys=0.00, real=0.57 secs] 
3113.241: [GC (Allocation Failure) [PSYoungGen: 232960K->86266K(465920K)] 602457K->455763K(1323008K), 0.0130981 secs] [Times: user=0.05 sys=0.00, real=0.01 secs] 
3113.412: [GC (GCLocker Initiated GC) [PSYoungGen: 319226K->180821K(465920K)] 688724K->578085K(1323008K), 0.0507981 secs] [Times: user=0.22 sys=0.00, real=0.05 secs] 
3113.652: [GC (Allocation Failure) [PSYoungGen: 413781K->182837K(465920K)] 811211K->637095K(1323008K), 0.0627724 secs] [Times: user=0.30 sys=0.00, real=0.06 secs] 
3113.843: [GC (Allocation Failure) [PSYoungGen: 415797K->187253K(465920K)] 870055K->697143K(1323008K), 0.0448351 secs] [Times: user=0.20 sys=0.01, real=0.04 secs] 
3114.845: [GC (Allocation Failure) [PSYoungGen: 420213K->107853K(465920K)] 930103K->688183K(1323008K), 0.0476219 secs] [Times: user=0.24 sys=0.01, real=0.05 secs] 
3118.170: [GC (Allocation Failure) [PSYoungGen: 340813K->160659K(465920K)] 921143K->775846K(1323008K), 0.0790290 secs] [Times: user=0.38 sys=0.02, real=0.08 secs] 
3118.379: [GC (Allocation Failure) [PSYoungGen: 393619K->185206K(465920K)] 1008806K->851093K(1323008K), 0.0507454 secs] [Times: user=0.15 sys=0.08, real=0.05 secs] 
3118.563: [GC (Allocation Failure) [PSYoungGen: 418166K->186103K(465920K)] 1084053K->916350K(1323008K), 0.0793166 secs] [Times: user=0.34 sys=0.06, real=0.08 secs] 
3121.763: [GC (GCLocker Initiated GC) [PSYoungGen: 419063K->176532K(465920K)] 1149310K->965675K(1323008K), 0.1549812 secs] [Times: user=0.75 sys=0.08, real=0.16 secs] 
3121.918: [Full GC (Ergonomics) [PSYoungGen: 176532K->0K(465920K)] [ParOldGen: 789143K->358299K(859648K)] 965675K->358299K(1325568K), [Metaspace: 59908K->59908K(1105920K)], 0.6641669 secs] [Times: user=3.20 sys=0.00, real=0.66 secs] 
3123.578: [GC (Allocation Failure) [PSYoungGen: 232960K->89962K(465920K)] 591426K->448429K(1325568K), 0.0183433 secs] [Times: user=0.07 sys=0.00, real=0.01 secs] 
3123.732: [GC (Allocation Failure) [PSYoungGen: 322922K->179221K(465920K)] 681389K->566476K(1325568K), 0.0409300 secs] [Times: user=0.18 sys=0.00, real=0.04 secs] 
3123.907: [GC (Allocation Failure) [PSYoungGen: 412181K->185590K(465920K)] 799436K->628548K(1325568K), 0.0575913 secs] [Times: user=0.27 sys=0.00, real=0.06 secs] 
3124.076: [GC (Allocation Failure) [PSYoungGen: 418550K->183604K(465920K)] 861508K->682995K(1325568K), 0.0495777 secs] [Times: user=0.23 sys=0.00, real=0.05 secs] 
3125.097: [GC (Allocation Failure) [PSYoungGen: 416564K->114638K(465920K)] 915955K->683340K(1325568K), 0.0460793 secs] [Times: user=0.23 sys=0.00, real=0.05 secs] 
3127.566: [GC (Allocation Failure) [PSYoungGen: 347598K->147953K(465920K)] 916300K->753013K(1325568K), 0.0885364 secs] [Times: user=0.47 sys=0.00, real=0.09 secs] 
3127.875: [GC (Allocation Failure) [PSYoungGen: 380913K->182709K(465920K)] 985973K->834021K(1325568K), 0.0396709 secs] [Times: user=0.17 sys=0.00, real=0.04 secs] 
3128.023: [GC (Allocation Failure) [PSYoungGen: 415669K->186327K(465920K)] 1066981K->901023K(1325568K), 0.0490666 secs] [Times: user=0.23 sys=0.00, real=0.05 secs] 
3128.174: [GC (Allocation Failure) [PSYoungGen: 419287K->187445K(465920K)] 1133983K->961213K(1325568K), 0.0561562 secs] [Times: user=0.28 sys=0.00, real=0.06 secs] 
3128.230: [Full GC (Ergonomics) [PSYoungGen: 187445K->0K(465920K)] [ParOldGen: 773767K->363354K(877056K)] 961213K->363354K(1342976K), [Metaspace: 59918K->59918K(1105920K)], 0.5812530 secs] [Times: user=2.72 sys=0.00, real=0.58 secs] 
3129.740: [GC (Allocation Failure) [PSYoungGen: 232960K->99691K(465920K)] 596314K->463046K(1342976K), 0.0221400 secs] [Times: user=0.10 sys=0.00, real=0.02 secs] 
3129.891: [GC (GCLocker Initiated GC) [PSYoungGen: 332651K->181142K(465920K)] 696007K->577110K(1342976K), 0.0339308 secs] [Times: user=0.13 sys=0.00, real=0.03 secs] 
3130.031: [GC (Allocation Failure) [PSYoungGen: 414102K->185270K(465920K)] 810073K->638073K(1342976K), 0.0433373 secs] [Times: user=0.20 sys=0.00, real=0.04 secs] 
3130.174: [GC (Allocation Failure) [PSYoungGen: 418230K->183604K(465920K)] 871033K->692784K(1342976K), 0.0446856 secs] [Times: user=0.20 sys=0.00, real=0.05 secs] 
3131.166: [GC (Allocation Failure) [PSYoungGen: 416564K->110989K(465920K)] 925744K->689409K(1342976K), 0.0468274 secs] [Times: user=0.23 sys=0.00, real=0.05 secs] 
3131.416: [GC (GCLocker Initiated GC) [PSYoungGen: 343949K->156290K(465920K)] 922369K->770403K(1342976K), 0.0839416 secs] [Times: user=0.44 sys=0.00, real=0.09 secs] 
3131.678: [GC (Allocation Failure) [PSYoungGen: 389250K->183733K(465920K)] 1003493K->846192K(1342976K), 0.0538392 secs] [Times: user=0.25 sys=0.00, real=0.06 secs] 
3131.851: [GC (Allocation Failure) [PSYoungGen: 416693K->186391K(465920K)] 1079152K->913290K(1342976K), 0.0497041 secs] [Times: user=0.23 sys=0.00, real=0.05 secs] 
3132.003: [GC (Allocation Failure) [PSYoungGen: 419351K->183892K(465920K)] 1146250K->969800K(1342976K), 0.0546706 secs] [Times: user=0.27 sys=0.01, real=0.05 secs] 
3132.058: [Full GC (Ergonomics) [PSYoungGen: 183892K->0K(465920K)] [ParOldGen: 785907K->362983K(894976K)] 969800K->362983K(1360896K), [Metaspace: 59920K->59920K(1105920K)], 0.5898974 secs] [Times: user=2.75 sys=0.00, real=0.59 secs] 
3135.188: [GC (Allocation Failure) [PSYoungGen: 232960K->87658K(465920K)] 595943K->450641K(1360896K), 0.0551989 secs] [Times: user=0.25 sys=0.00, real=0.06 secs] 
3135.587: [GC (Allocation Failure) [PSYoungGen: 320618K->180342K(465920K)] 683601K->572886K(1360896K), 0.0389402 secs] [Times: user=0.17 sys=0.00, real=0.04 secs] 
3135.735: [GC (Allocation Failure) [PSYoungGen: 413302K->185398K(465920K)] 805846K->633966K(1360896K), 0.0425332 secs] [Times: user=0.19 sys=0.00, real=0.04 secs] 
3135.879: [GC (Allocation Failure) [PSYoungGen: 418358K->181940K(465920K)] 866926K->686756K(1360896K), 0.0440299 secs] [Times: user=0.20 sys=0.00, real=0.04 secs] 
3136.886: [GC (Allocation Failure) [PSYoungGen: 414900K->118686K(465920K)] 919716K->691931K(1360896K), 0.0469821 secs] [Times: user=0.24 sys=0.00, real=0.05 secs] 
3137.095: [GC (Allocation Failure) [PSYoungGen: 351646K->157795K(465920K)] 924891K->769448K(1360896K), 0.0558912 secs] [Times: user=0.28 sys=0.00, real=0.06 secs] 
3137.259: [GC (Allocation Failure) [PSYoungGen: 390755K->184918K(465920K)] 1002408K->845515K(1360896K), 0.0417139 secs] [Times: user=0.18 sys=0.00, real=0.04 secs] 
3137.447: [GC (Allocation Failure) [PSYoungGen: 417878K->184855K(465920K)] 1078475K->909892K(1360896K), 0.0569641 secs] [Times: user=0.27 sys=0.00, real=0.06 secs] 
3137.631: [GC (Allocation Failure) [PSYoungGen: 417763K->187189K(465920K)] 1142800K->970994K(1360896K), 0.0582051 secs] [Times: user=0.29 sys=0.00, real=0.06 secs] 
3138.612: [GC (Allocation Failure) [PSYoungGen: 420149K->95275K(465920K)] 1203954K->949584K(1360896K), 0.0436364 secs] [Times: user=0.20 sys=0.02, real=0.04 secs] 
3138.656: [Full GC (Ergonomics) [PSYoungGen: 95275K->0K(465920K)] [ParOldGen: 854309K->108293K(664576K)] 949584K->108293K(1130496K), [Metaspace: 59924K->59924K(1105920K)], 0.0879406 secs] [Times: user=0.33 sys=0.01, real=0.09 secs] 
3138.853: [GC (Allocation Failure) [PSYoungGen: 232960K->179797K(465920K)] 341253K->288091K(1130496K), 0.0256166 secs] [Times: user=0.09 sys=0.00, real=0.03 secs] 
3139.031: [GC (Allocation Failure) [PSYoungGen: 412757K->181973K(465920K)] 521051K->346287K(1130496K), 0.0660063 secs] [Times: user=0.31 sys=0.00, real=0.06 secs] 
3139.234: [GC (Allocation Failure) [PSYoungGen: 414933K->186901K(465920K)] 579247K->406495K(1130496K), 0.0441189 secs] [Times: user=0.21 sys=0.00, real=0.04 secs] 
3140.219: [GC (Allocation Failure) [PSYoungGen: 419861K->108941K(465920K)] 639455K->398887K(1130496K), 0.0451065 secs] [Times: user=0.23 sys=0.00, real=0.04 secs] 
3140.469: [GC (Allocation Failure) [PSYoungGen: 341901K->166164K(465920K)] 631847K->491442K(1130496K), 0.0670545 secs] [Times: user=0.34 sys=0.00, real=0.06 secs] 
3140.687: [GC (Allocation Failure) [PSYoungGen: 399124K->182069K(465920K)] 724402K->559644K(1130496K), 0.0584181 secs] [Times: user=0.27 sys=0.01, real=0.06 secs] 
3140.901: [GC (Allocation Failure) [PSYoungGen: 415029K->185655K(465920K)] 792604K->626550K(1130496K), 0.0493589 secs] [Times: user=0.23 sys=0.00, real=0.05 secs] 
3141.052: [GC (Allocation Failure) [PSYoungGen: 418615K->186837K(465920K)] 859510K->686572K(1130496K), 0.0558146 secs] [Times: user=0.27 sys=0.00, real=0.05 secs] 
3143.741: [GC (Allocation Failure) [PSYoungGen: 419797K->87402K(465920K)] 919532K->657669K(1130496K), 0.1010585 secs] [Times: user=0.55 sys=0.00, real=0.10 secs] 
3143.842: [Full GC (Ergonomics) [PSYoungGen: 87402K->0K(465920K)] [ParOldGen: 570267K->102224K(679424K)] 657669K->102224K(1145344K), [Metaspace: 59928K->59928K(1105920K)], 0.1539179 secs] [Times: user=0.68 sys=0.00, real=0.15 secs] 
3144.149: [GC (Allocation Failure) [PSYoungGen: 232960K->183414K(465920K)] 335184K->285639K(1145344K), 0.0260189 secs] [Times: user=0.09 sys=0.00, real=0.02 secs] 
3144.291: [GC (Allocation Failure) [PSYoungGen: 416374K->184566K(465920K)] 518599K->343806K(1145344K), 0.0453479 secs] [Times: user=0.21 sys=0.00, real=0.04 secs] 
3144.687: [GC (GCLocker Initiated GC) [PSYoungGen: 417526K->186773K(465920K)] 576767K->401814K(1145344K), 0.0673268 secs] [Times: user=0.33 sys=0.00, real=0.07 secs] 
3145.847: [GC (Allocation Failure) [PSYoungGen: 419733K->103724K(465920K)] 634778K->389258K(1145344K), 0.0494169 secs] [Times: user=0.25 sys=0.01, real=0.05 secs] 
3146.106: [GC (Allocation Failure) [PSYoungGen: 336684K->167220K(465920K)] 622218K->486773K(1145344K), 0.0823401 secs] [Times: user=0.42 sys=0.00, real=0.09 secs] 
3146.333: [GC (Allocation Failure) [PSYoungGen: 400180K->184854K(465920K)] 719733K->557015K(1145344K), 0.0418700 secs] [Times: user=0.18 sys=0.00, real=0.04 secs] 
3146.482: [GC (Allocation Failure) [PSYoungGen: 417814K->186295K(465920K)] 789975K->631041K(1145344K), 0.0495046 secs] [Times: user=0.23 sys=0.00, real=0.05 secs] 
3146.633: [GC (Allocation Failure) [PSYoungGen: 419255K->183828K(465920K)] 864001K->687654K(1145344K), 0.0548386 secs] [Times: user=0.27 sys=0.01, real=0.05 secs] 
3147.623: [GC (GCLocker Initiated GC) [PSYoungGen: 416788K->91002K(465920K)] 920614K->664228K(1145344K), 0.0401701 secs] [Times: user=0.20 sys=0.00, real=0.04 secs] 
3147.866: [GC (Allocation Failure) [PSYoungGen: 323962K->182294K(465920K)] 897190K->784291K(1145344K), 0.0459130 secs] [Times: user=0.20 sys=0.00, real=0.05 secs] 
3147.912: [Full GC (Ergonomics) [PSYoungGen: 182294K->0K(465920K)] [ParOldGen: 601996K->226621K(827904K)] 784291K->226621K(1293824K), [Metaspace: 59938K->59938K(1105920K)], 0.2433985 secs] [Times: user=1.11 sys=0.00, real=0.24 secs] 
3148.265: [GC (Allocation Failure) [PSYoungGen: 232960K->185334K(465920K)] 459581K->411955K(1293824K), 0.0266844 secs] [Times: user=0.09 sys=0.00, real=0.03 secs] 
3148.394: [GC (Allocation Failure) [PSYoungGen: 418294K->187349K(465920K)] 644915K->470010K(1293824K), 0.0457111 secs] [Times: user=0.21 sys=0.00, real=0.05 secs] 
3149.418: [GC (Allocation Failure) [PSYoungGen: 420221K->100108K(465920K)] 702882K->453505K(1293824K), 0.0441169 secs] [Times: user=0.23 sys=0.00, real=0.05 secs] 
3151.426: [GC (Allocation Failure) [PSYoungGen: 333068K->163315K(465920K)] 686465K->549001K(1293824K), 0.0648799 secs] [Times: user=0.32 sys=0.00, real=0.07 secs] 
3151.621: [GC (Allocation Failure) [PSYoungGen: 396275K->185110K(465920K)] 781961K->622592K(1293824K), 0.0465777 secs] [Times: user=0.17 sys=0.00, real=0.04 secs] 
3151.815: [GC (Allocation Failure) [PSYoungGen: 418070K->185495K(465920K)] 855552K->687241K(1293824K), 0.0735067 secs] [Times: user=0.36 sys=0.00, real=0.08 secs] 
3152.105: [GC (GCLocker Initiated GC) [PSYoungGen: 418455K->182740K(465920K)] 920201K->743375K(1293824K), 0.0555200 secs] [Times: user=0.28 sys=0.00, real=0.06 secs] 
3153.127: [GC (Allocation Failure) [PSYoungGen: 415700K->96539K(465920K)] 976337K->726295K(1293824K), 0.0519192 secs] [Times: user=0.28 sys=0.00, real=0.06 secs] 
3153.337: [GC (Allocation Failure) [PSYoungGen: 329499K->183414K(465920K)] 959255K->844083K(1293824K), 0.0501870 secs] [Times: user=0.22 sys=0.00, real=0.05 secs] 
3153.545: [GC (Allocation Failure) [PSYoungGen: 416374K->185238K(465920K)] 1077043K->902987K(1293824K), 0.0646169 secs] [Times: user=0.28 sys=0.04, real=0.07 secs] 
3153.711: [GC (GCLocker Initiated GC) [PSYoungGen: 418198K->185557K(465920K)] 1135948K->959395K(1293824K), 0.0556993 secs] [Times: user=0.28 sys=0.00, real=0.05 secs] 
3153.767: [Full GC (Ergonomics) [PSYoungGen: 185557K->0K(465920K)] [ParOldGen: 773838K->342250K(960000K)] 959395K->342250K(1425920K), [Metaspace: 59945K->59945K(1105920K)], 0.5294549 secs] [Times: user=2.47 sys=0.00, real=0.53 secs] 
3155.231: [GC (Allocation Failure) [PSYoungGen: 232960K->98172K(465920K)] 575213K->440425K(1425920K), 0.0432515 secs] [Times: user=0.22 sys=0.00, real=0.04 secs] 
3155.481: [GC (GCLocker Initiated GC) [PSYoungGen: 331132K->165011K(465920K)] 673386K->539858K(1425920K), 0.0645927 secs] [Times: user=0.30 sys=0.00, real=0.06 secs] 
3155.696: [GC (Allocation Failure) [PSYoungGen: 397971K->184950K(465920K)] 772821K->611883K(1425920K), 0.0420299 secs] [Times: user=0.19 sys=0.00, real=0.05 secs] 
3155.846: [GC (Allocation Failure) [PSYoungGen: 417910K->186103K(465920K)] 844843K->677396K(1425920K), 0.0498404 secs] [Times: user=0.23 sys=0.00, real=0.05 secs] 
3155.998: [GC (Allocation Failure) [PSYoungGen: 419063K->187221K(465920K)] 910356K->737402K(1425920K), 0.0563819 secs] [Times: user=0.28 sys=0.00, real=0.06 secs] 
3158.626: [GC (Allocation Failure) [PSYoungGen: 420181K->85930K(465920K)] 970362K->706699K(1425920K), 0.1065867 secs] [Times: user=0.58 sys=0.00, real=0.11 secs] 
3158.926: [GC (Allocation Failure) [PSYoungGen: 318890K->183894K(465920K)] 939659K->833380K(1425920K), 0.0347029 secs] [Times: user=0.14 sys=0.00, real=0.04 secs] 
3159.069: [GC (Allocation Failure) [PSYoungGen: 416854K->185526K(465920K)] 1066340K->891860K(1425920K), 0.0455287 secs] [Times: user=0.21 sys=0.00, real=0.04 secs] 
3159.256: [GC (Allocation Failure) [PSYoungGen: 418486K->187445K(465920K)] 1124820K->950163K(1425920K), 0.0685401 secs] [Times: user=0.34 sys=0.00, real=0.07 secs] 
3160.314: [GC (Allocation Failure) [PSYoungGen: 420405K->100028K(465920K)] 1183123K->933526K(1425920K), 0.0543326 secs] [Times: user=0.24 sys=0.04, real=0.05 secs] 
3160.555: [GC (Allocation Failure) [PSYoungGen: 332988K->171988K(465920K)] 1166486K->1038659K(1425920K), 0.0652465 secs] [Times: user=0.30 sys=0.01, real=0.07 secs] 
3160.620: [Full GC (Ergonomics) [PSYoungGen: 171988K->0K(465920K)] [ParOldGen: 866670K->193332K(835584K)] 1038659K->193332K(1301504K), [Metaspace: 59954K->59954K(1105920K)], 0.1921722 secs] [Times: user=0.89 sys=0.00, real=0.19 secs] 
3160.929: [GC (Allocation Failure) [PSYoungGen: 232960K->183861K(465920K)] 426292K->377202K(1301504K), 0.0360042 secs] [Times: user=0.15 sys=0.00, real=0.03 secs] 
3161.380: [GC (Allocation Failure) [PSYoungGen: 416821K->178902K(465920K)] 610162K->436282K(1301504K), 0.0615252 secs] [Times: user=0.29 sys=0.00, real=0.06 secs] 
3161.560: [GC (Allocation Failure) [PSYoungGen: 411862K->186965K(465920K)] 669242K->500921K(1301504K), 0.0535579 secs] [Times: user=0.26 sys=0.00, real=0.05 secs] 
3162.549: [GC (GCLocker Initiated GC) [PSYoungGen: 419925K->92283K(465920K)] 733882K->476600K(1301504K), 0.0569944 secs] [Times: user=0.30 sys=0.00, real=0.05 secs] 
3162.774: [GC (Allocation Failure) [PSYoungGen: 325243K->182838K(465920K)] 709563K->596523K(1301504K), 0.0346352 secs] [Times: user=0.14 sys=0.00, real=0.04 secs] 
3162.915: [GC (Allocation Failure) [PSYoungGen: 415798K->193718K(465920K)] 829483K->664655K(1301504K), 0.0441071 secs] [Times: user=0.20 sys=0.00, real=0.05 secs] 
3163.060: [GC (Allocation Failure) [PSYoungGen: 426678K->187221K(465920K)] 897615K->714478K(1301504K), 0.0454532 secs] [Times: user=0.21 sys=0.00, real=0.04 secs] 
3164.086: [GC (Allocation Failure) [PSYoungGen: 420181K->99292K(465920K)] 947438K->697189K(1301504K), 0.0453576 secs] [Times: user=0.24 sys=0.00, real=0.05 secs] 
3164.259: [GC (GCLocker Initiated GC) [PSYoungGen: 332252K->168404K(465920K)] 930150K->799103K(1301504K), 0.0392979 secs] [Times: user=0.18 sys=0.00, real=0.04 secs] 
3164.406: [GC (Allocation Failure) [PSYoungGen: 401364K->184661K(465920K)] 1032230K->868448K(1301504K), 0.0440541 secs] [Times: user=0.20 sys=0.01, real=0.05 secs] 
3164.559: [GC (Allocation Failure) [PSYoungGen: 417621K->185783K(465920K)] 1101408K->934153K(1301504K), 0.0506410 secs] [Times: user=0.24 sys=0.00, real=0.05 secs] 
3164.609: [Full GC (Ergonomics) [PSYoungGen: 185783K->0K(465920K)] [ParOldGen: 748370K->322851K(989184K)] 934153K->322851K(1455104K), [Metaspace: 59960K->59960K(1105920K)], 0.4719597 secs] [Times: user=2.21 sys=0.00, real=0.47 secs] 
3165.184: [GC (Allocation Failure) [PSYoungGen: 232960K->214836K(465920K)] 555811K->537688K(1455104K), 0.0295206 secs] [Times: user=0.11 sys=0.00, real=0.03 secs] 
3167.938: [GC (Allocation Failure) [PSYoungGen: 447796K->92763K(465920K)] 770648K->484158K(1455104K), 0.0875072 secs] [Times: user=0.47 sys=0.00, real=0.08 secs] 
3168.197: [GC (Allocation Failure) [PSYoungGen: 325723K->183894K(465920K)] 717118K->605442K(1455104K), 0.0343539 secs] [Times: user=0.14 sys=0.00, real=0.04 secs] 
3168.338: [GC (Allocation Failure) [PSYoungGen: 416854K->185366K(465920K)] 838402K->664082K(1455104K), 0.0442988 secs] [Times: user=0.20 sys=0.00, real=0.05 secs] 
3168.632: [GC (Allocation Failure) [PSYoungGen: 418326K->184277K(465920K)] 897042K->718945K(1455104K), 0.0481635 secs] [Times: user=0.23 sys=0.00, real=0.05 secs] 
3169.619: [GC (Allocation Failure) [PSYoungGen: 417237K->97819K(465920K)] 951905K->702144K(1455104K), 0.0438339 secs] [Times: user=0.22 sys=0.00, real=0.04 secs] 
3169.778: [GC (GCLocker Initiated GC) [PSYoungGen: 330779K->170868K(465920K)] 935104K->807473K(1455104K), 0.0409456 secs] [Times: user=0.19 sys=0.00, real=0.05 secs] 
3169.957: [GC (Allocation Failure) [PSYoungGen: 403828K->183701K(465920K)] 1040435K->873492K(1455104K), 0.0474656 secs] [Times: user=0.22 sys=0.00, real=0.05 secs] 
3170.133: [GC (Allocation Failure) [PSYoungGen: 416661K->185879K(465920K)] 1106452K->939726K(1455104K), 0.0549599 secs] [Times: user=0.26 sys=0.00, real=0.05 secs] 
3170.576: [GC (Allocation Failure) [PSYoungGen: 418275K->214228K(465920K)] 1172122K->1026991K(1455104K), 0.0529797 secs] [Times: user=0.26 sys=0.00, real=0.06 secs] 
3171.275: [GC (GCLocker Initiated GC) [PSYoungGen: 447188K->97611K(465920K)] 1259952K->978624K(1455104K), 0.0444766 secs] [Times: user=0.21 sys=0.02, real=0.05 secs] 
3171.430: [GC (Allocation Failure) [PSYoungGen: 330571K->182518K(465920K)] 1211586K->1095261K(1455104K), 0.0394945 secs] [Times: user=0.13 sys=0.03, real=0.04 secs] 
3171.470: [Full GC (Ergonomics) [PSYoungGen: 182518K->0K(465920K)] [ParOldGen: 912742K->231604K(927232K)] 1095261K->231604K(1393152K), [Metaspace: 59964K->59964K(1105920K)], 0.2500947 secs] [Times: user=1.14 sys=0.00, real=0.25 secs] 
3171.824: [GC (GCLocker Initiated GC) [PSYoungGen: 232960K->181621K(465920K)] 464565K->413227K(1393152K), 0.0260290 secs] [Times: user=0.09 sys=0.00, real=0.03 secs] 
3171.954: [GC (Allocation Failure) [PSYoungGen: 414581K->187285K(465920K)] 646353K->474305K(1393152K), 0.0445988 secs] [Times: user=0.20 sys=0.00, real=0.05 secs] 
3173.050: [GC (Allocation Failure) [PSYoungGen: 420245K->98139K(465920K)] 707265K->455608K(1393152K), 0.0584937 secs] [Times: user=0.30 sys=0.00, real=0.06 secs] 
3175.322: [GC (Allocation Failure) [PSYoungGen: 331099K->169908K(465920K)] 688568K->559141K(1393152K), 0.0604433 secs] [Times: user=0.29 sys=0.00, real=0.06 secs] 
3175.560: [GC (Allocation Failure) [PSYoungGen: 402868K->179541K(465920K)] 792101K->621814K(1393152K), 0.0601715 secs] [Times: user=0.28 sys=0.00, real=0.06 secs] 
3175.746: [GC (Allocation Failure) [PSYoungGen: 412501K->185943K(465920K)] 854774K->691200K(1393152K), 0.0487153 secs] [Times: user=0.23 sys=0.00, real=0.05 secs] 
3176.086: [GC (Allocation Failure) [PSYoungGen: 418903K->218837K(465920K)] 924160K->783082K(1393152K), 0.0549091 secs] [Times: user=0.27 sys=0.00, real=0.06 secs] 
3177.006: [GC (Allocation Failure) [PSYoungGen: 451797K->99003K(465920K)] 1016042K->733129K(1393152K), 0.0458787 secs] [Times: user=0.23 sys=0.00, real=0.05 secs] 
3177.160: [GC (Allocation Failure) [PSYoungGen: 331963K->180277K(465920K)] 966089K->846679K(1393152K), 0.0346959 secs] [Times: user=0.15 sys=0.01, real=0.03 secs] 
3177.329: [GC (Allocation Failure) [PSYoungGen: 413237K->184598K(465920K)] 1079639K->907307K(1393152K), 0.0497878 secs] [Times: user=0.23 sys=0.01, real=0.05 secs] 
3177.483: [GC (Allocation Failure) [PSYoungGen: 417558K->187093K(465920K)] 1140267K->965987K(1393152K), 0.0457894 secs] [Times: user=0.22 sys=0.00, real=0.05 secs] 
3178.494: [GC (Allocation Failure) [PSYoungGen: 420053K->98363K(465920K)] 1198947K->947905K(1393152K), 0.0521028 secs] [Times: user=0.28 sys=0.00, real=0.05 secs] 
3178.546: [Full GC (Ergonomics) [PSYoungGen: 98363K->0K(465920K)] [ParOldGen: 849541K->88294K(809472K)] 947905K->88294K(1275392K), [Metaspace: 59976K->59976K(1105920K)], 0.0630184 secs] [Times: user=0.23 sys=0.01, real=0.07 secs] 
3178.772: [GC (GCLocker Initiated GC) [PSYoungGen: 232960K->171220K(465920K)] 321254K->259515K(1275392K), 0.0301304 secs] [Times: user=0.11 sys=0.00, real=0.03 secs] 
3178.926: [GC (Allocation Failure) [PSYoungGen: 404180K->184854K(465920K)] 492514K->326899K(1275392K), 0.0420367 secs] [Times: user=0.19 sys=0.00, real=0.04 secs] 
3179.076: [GC (Allocation Failure) [PSYoungGen: 417799K->186167K(465920K)] 559844K->392761K(1275392K), 0.0492262 secs] [Times: user=0.23 sys=0.00, real=0.05 secs] 
3179.873: [GC (Allocation Failure) [PSYoungGen: 417139K->211571K(465920K)] 623733K->477197K(1275392K), 0.0559887 secs] [Times: user=0.28 sys=0.00, real=0.06 secs] 
3180.436: [GC (Allocation Failure) [PSYoungGen: 444531K->97387K(465920K)] 710157K->429629K(1275392K), 0.0393645 secs] [Times: user=0.20 sys=0.00, real=0.04 secs] 
3180.589: [GC (Allocation Failure) [PSYoungGen: 330347K->183990K(465920K)] 662589K->548941K(1275392K), 0.0350784 secs] [Times: user=0.14 sys=0.00, real=0.03 secs] 
3180.733: [GC (Allocation Failure) [PSYoungGen: 416950K->185270K(465920K)] 781901K->607205K(1275392K), 0.0437069 secs] [Times: user=0.20 sys=0.00, real=0.04 secs] 
3180.882: [GC (Allocation Failure) [PSYoungGen: 418170K->186837K(465920K)] 840105K->664912K(1275392K), 0.0455699 secs] [Times: user=0.21 sys=0.00, real=0.04 secs] 
3182.098: [GC (Allocation Failure) [PSYoungGen: 419797K->101436K(465920K)] 897872K->649919K(1275392K), 0.0646913 secs] [Times: user=0.34 sys=0.00, real=0.07 secs] 
3182.661: [GC (Allocation Failure) [PSYoungGen: 334396K->174421K(465920K)] 882879K->755973K(1275392K), 0.0476757 secs] [Times: user=0.22 sys=0.00, real=0.05 secs] 
3182.815: [GC (Allocation Failure) [PSYoungGen: 407381K->184918K(465920K)] 988933K->820834K(1275392K), 0.0435581 secs] [Times: user=0.20 sys=0.00, real=0.05 secs] 
3182.964: [GC (Allocation Failure) [PSYoungGen: 415384K->182550K(465920K)] 1051300K->882602K(1275392K), 0.0501341 secs] [Times: user=0.23 sys=0.00, real=0.05 secs] 
3184.619: [GC (Allocation Failure) [PSYoungGen: 412836K->203315K(465920K)] 1112888K->961447K(1275392K), 0.0528054 secs] [Times: user=0.26 sys=0.00, real=0.05 secs] 
3184.672: [Full GC (Ergonomics) [PSYoungGen: 203315K->0K(465920K)] [ParOldGen: 758132K->359197K(1105920K)] 961447K->359197K(1571840K), [Metaspace: 59977K->59977K(1105920K)], 0.5739746 secs] [Times: user=2.45 sys=0.00, real=0.57 secs] 
3185.878: [GC (Allocation Failure) [PSYoungGen: 232960K->105312K(465920K)] 592157K->464510K(1571840K), 0.0153011 secs] [Times: user=0.05 sys=0.00, real=0.01 secs] 
3186.003: [GC (Allocation Failure) [PSYoungGen: 338272K->182294K(465920K)] 697470K->579393K(1571840K), 0.0350420 secs] [Times: user=0.15 sys=0.00, real=0.04 secs] 
3186.144: [GC (Allocation Failure) [PSYoungGen: 415254K->185174K(465920K)] 812353K->639385K(1571840K), 0.0435669 secs] [Times: user=0.20 sys=0.00, real=0.04 secs] 
3186.314: [GC (Allocation Failure) [PSYoungGen: 418134K->187349K(465920K)] 872345K->697941K(1571840K), 0.0447690 secs] [Times: user=0.21 sys=0.00, real=0.05 secs] 
3187.330: [GC (GCLocker Initiated GC) [PSYoungGen: 420309K->95147K(465920K)] 930909K->676371K(1571840K), 0.0434180 secs] [Times: user=0.22 sys=0.00, real=0.04 secs] 
3187.528: [GC (Allocation Failure) [PSYoungGen: 328107K->171700K(465920K)] 909333K->784134K(1571840K), 0.0427376 secs] [Times: user=0.18 sys=0.01, real=0.05 secs] 
3187.714: [GC (Allocation Failure) [PSYoungGen: 404660K->184502K(465920K)] 1017094K->850603K(1571840K), 0.0594807 secs] [Times: user=0.28 sys=0.00, real=0.06 secs] 
3187.913: [GC (Allocation Failure) [PSYoungGen: 417462K->186359K(465920K)] 1083563K->916785K(1571840K), 0.0498158 secs] [Times: user=0.23 sys=0.00, real=0.05 secs] 
3188.698: [GC (Allocation Failure) [PSYoungGen: 419319K->215667K(465920K)] 1149745K->1005281K(1571840K), 0.0583255 secs] [Times: user=0.29 sys=0.00, real=0.06 secs] 
3191.449: [GC (Allocation Failure) [PSYoungGen: 448627K->98491K(465920K)] 1238241K->954361K(1571840K), 0.0793021 secs] [Times: user=0.41 sys=0.02, real=0.08 secs] 
3191.735: [GC (Allocation Failure) [PSYoungGen: 331451K->180630K(465920K)] 1187321K->1068104K(1571840K), 0.0499936 secs] [Times: user=0.20 sys=0.04, real=0.05 secs] 
3191.891: [GC (Allocation Failure) [PSYoungGen: 413590K->185046K(465920K)] 1301064K->1128893K(1571840K), 0.0465013 secs] [Times: user=0.20 sys=0.02, real=0.04 secs] 
3192.041: [GC (Allocation Failure) [PSYoungGen: 418006K->187157K(465920K)] 1361853K->1187028K(1571840K), 0.0494381 secs] [Times: user=0.21 sys=0.03, real=0.05 secs] 
3193.069: [GC (Allocation Failure) [PSYoungGen: 420117K->98556K(465920K)] 1419988K->1169055K(1571840K), 0.0622623 secs] [Times: user=0.18 sys=0.13, real=0.06 secs] 
3193.132: [Full GC (Ergonomics) [PSYoungGen: 98556K->0K(465920K)] [ParOldGen: 1070499K->88999K(862720K)] 1169055K->88999K(1328640K), [Metaspace: 59983K->59983K(1105920K)], 0.0453195 secs] [Times: user=0.11 sys=0.01, real=0.04 secs] 
3193.409: [GC (Allocation Failure) [PSYoungGen: 232960K->173749K(465920K)] 321959K->262748K(1328640K), 0.0365855 secs] [Times: user=0.13 sys=0.00, real=0.03 secs] 
3193.863: [GC (Allocation Failure) [PSYoungGen: 406709K->181141K(465920K)] 495708K->323892K(1328640K), 0.0662683 secs] [Times: user=0.32 sys=0.00, real=0.07 secs] 
3194.080: [GC (GCLocker Initiated GC) [PSYoungGen: 414101K->184022K(465920K)] 556853K->389822K(1328640K), 0.0486626 secs] [Times: user=0.22 sys=0.00, real=0.05 secs] 
3195.019: [GC (Allocation Failure) [PSYoungGen: 416982K->175603K(465920K)] 628024K->445101K(1328640K), 0.0635783 secs] [Times: user=0.32 sys=0.00, real=0.06 secs] 
3195.374: [GC (Allocation Failure) [PSYoungGen: 408563K->106620K(465920K)] 678061K->442902K(1328640K), 0.0750889 secs] [Times: user=0.40 sys=0.00, real=0.08 secs] 
3195.592: [GC (Allocation Failure) [PSYoungGen: 339271K->177685K(465920K)] 675552K->547751K(1328640K), 0.0349190 secs] [Times: user=0.14 sys=0.00, real=0.03 secs] 
3195.731: [GC (Allocation Failure) [PSYoungGen: 410645K->181621K(465920K)] 780711K->607435K(1328640K), 0.0430045 secs] [Times: user=0.19 sys=0.01, real=0.04 secs] 
3195.905: [GC (Allocation Failure) [PSYoungGen: 414581K->187349K(465920K)] 840395K->667939K(1328640K), 0.0462912 secs] [Times: user=0.21 sys=0.01, real=0.05 secs] 
3196.970: [GC (Allocation Failure) [PSYoungGen: 420309K->104572K(465920K)] 900899K->655963K(1328640K), 0.0556191 secs] [Times: user=0.29 sys=0.00, real=0.05 secs] 
3197.553: [GC (Allocation Failure) [PSYoungGen: 337532K->173140K(465920K)] 888923K->758632K(1328640K), 0.0579965 secs] [Times: user=0.28 sys=0.00, real=0.06 secs] 
3197.732: [GC (Allocation Failure) [PSYoungGen: 406100K->185366K(465920K)] 991592K->825149K(1328640K), 0.0427288 secs] [Times: user=0.19 sys=0.00, real=0.04 secs] 
3197.903: [GC (Allocation Failure) [PSYoungGen: 416302K->182614K(465920K)] 1056085K->886694K(1328640K), 0.0573641 secs] [Times: user=0.28 sys=0.01, real=0.06 secs] 
3201.012: [GC (Allocation Failure) [PSYoungGen: 415574K->208402K(465920K)] 1119654K->970474K(1328640K), 0.0510349 secs] [Times: user=0.25 sys=0.01, real=0.05 secs] 
3201.581: [GC (Allocation Failure) [PSYoungGen: 441362K->97307K(465920K)] 1203434K->923551K(1328640K), 0.0670521 secs] [Times: user=0.35 sys=0.01, real=0.06 secs] 
3201.648: [Full GC (Ergonomics) [PSYoungGen: 97307K->0K(465920K)] [ParOldGen: 826243K->113624K(911360K)] 923551K->113624K(1377280K), [Metaspace: 59984K->59984K(1105920K)], 0.1489917 secs] [Times: user=0.64 sys=0.00, real=0.15 secs] 
3201.929: [GC (Allocation Failure) [PSYoungGen: 232960K->184118K(465920K)] 346584K->297743K(1377280K), 0.0255775 secs] [Times: user=0.09 sys=0.00, real=0.02 secs] 
3202.661: [GC (Allocation Failure) [PSYoungGen: 417078K->183573K(465920K)] 530703K->354366K(1377280K), 0.0611225 secs] [Times: user=0.28 sys=0.00, real=0.06 secs] 
3202.909: [GC (Allocation Failure) [PSYoungGen: 416533K->186709K(465920K)] 587326K->413126K(1377280K), 0.0516204 secs] [Times: user=0.22 sys=0.00, real=0.05 secs] 
3204.065: [GC (Allocation Failure) [PSYoungGen: 419669K->101292K(465920K)] 646086K->397885K(1377280K), 0.0442223 secs] [Times: user=0.22 sys=0.00, real=0.05 secs] 
3204.235: [GC (Allocation Failure) [PSYoungGen: 334252K->169236K(465920K)] 630845K->499274K(1377280K), 0.0442197 secs] [Times: user=0.20 sys=0.00, real=0.05 secs] 
3204.434: [GC (Allocation Failure) [PSYoungGen: 402196K->183605K(465920K)] 732234K->566663K(1377280K), 0.0648390 secs] [Times: user=0.30 sys=0.00, real=0.07 secs] 
3204.686: [GC (Allocation Failure) [PSYoungGen: 416565K->185815K(465920K)] 799623K->633061K(1377280K), 0.0691199 secs] [Times: user=0.34 sys=0.00, real=0.07 secs] 
3205.585: [GC (Allocation Failure) [PSYoungGen: 418775K->174419K(465920K)] 866021K->680769K(1377280K), 0.0574514 secs] [Times: user=0.28 sys=0.00, real=0.06 secs] 
3206.064: [GC (Allocation Failure) [PSYoungGen: 407379K->106380K(465920K)] 913729K->679154K(1377280K), 0.0516078 secs] [Times: user=0.27 sys=0.00, real=0.05 secs] 
3206.224: [GC (Allocation Failure) [PSYoungGen: 332980K->176021K(465920K)] 905754K->783972K(1377280K), 0.0347932 secs] [Times: user=0.15 sys=0.00, real=0.04 secs] 
3206.384: [GC (Allocation Failure) [PSYoungGen: 408981K->185334K(465920K)] 1016932K->848005K(1377280K), 0.0483410 secs] [Times: user=0.23 sys=0.00, real=0.05 secs] 
3206.555: [GC (Allocation Failure) [PSYoungGen: 418294K->187061K(465920K)] 1080965K->905820K(1377280K), 0.0453654 secs] [Times: user=0.21 sys=0.00, real=0.05 secs] 
3207.678: [GC (Allocation Failure) [PSYoungGen: 420021K->99948K(465920K)] 1138780K->889203K(1377280K), 0.0621554 secs] [Times: user=0.33 sys=0.00, real=0.07 secs] 
3208.671: [GC (Allocation Failure) [PSYoungGen: 332908K->179477K(465920K)] 1122163K->1002060K(1377280K), 0.0581243 secs] [Times: user=0.27 sys=0.00, real=0.06 secs] 
3208.859: [GC (Allocation Failure) [PSYoungGen: 412437K->184662K(465920K)] 1235020K->1061725K(1377280K), 0.0457212 secs] [Times: user=0.19 sys=0.03, real=0.04 secs] 
3208.904: [Full GC (Ergonomics) [PSYoungGen: 184662K->0K(465920K)] [ParOldGen: 877063K->262924K(1084416K)] 1061725K->262924K(1550336K), [Metaspace: 59988K->59988K(1105920K)], 0.3316395 secs] [Times: user=1.52 sys=0.00, real=0.33 secs] 
3209.345: [GC (Allocation Failure) [PSYoungGen: 230932K->181622K(465920K)] 493857K->444547K(1550336K), 0.0864592 secs] [Times: user=0.45 sys=0.00, real=0.09 secs] 
3210.403: [GC (Allocation Failure) [PSYoungGen: 414582K->169203K(465920K)] 677507K->489767K(1550336K), 0.0537199 secs] [Times: user=0.26 sys=0.00, real=0.05 secs] 
3210.729: [GC (GCLocker Initiated GC) [PSYoungGen: 402163K->110173K(465920K)] 722727K->495394K(1550336K), 0.0397597 secs] [Times: user=0.20 sys=0.00, real=0.04 secs] 
3210.914: [GC (Allocation Failure) [PSYoungGen: 343133K->179573K(465920K)] 728520K->600129K(1550336K), 0.0503906 secs] [Times: user=0.23 sys=0.00, real=0.05 secs] 
3211.533: [GC (Allocation Failure) [PSYoungGen: 412533K->176277K(465920K)] 833089K->659417K(1550336K), 0.1096562 secs] [Times: user=0.57 sys=0.00, real=0.11 secs] 
3211.795: [GC (Allocation Failure) [PSYoungGen: 409237K->187125K(465920K)] 892377K->726169K(1550336K), 0.0566123 secs] [Times: user=0.28 sys=0.00, real=0.06 secs] 
3212.770: [GC (GCLocker Initiated GC) [PSYoungGen: 420085K->104572K(465920K)] 959131K->714362K(1550336K), 0.0479811 secs] [Times: user=0.25 sys=0.00, real=0.04 secs] 
3212.970: [GC (Allocation Failure) [PSYoungGen: 337532K->174133K(465920K)] 947324K->818332K(1550336K), 0.0573706 secs] [Times: user=0.27 sys=0.00, real=0.05 secs] 
3213.213: [GC (Allocation Failure) [PSYoungGen: 407093K->181173K(465920K)] 1051292K->880001K(1550336K), 0.0607097 secs] [Times: user=0.28 sys=0.01, real=0.06 secs] 
3213.390: [GC (Allocation Failure) [PSYoungGen: 411225K->179318K(465920K)] 1110052K->941326K(1550336K), 0.0485722 secs] [Times: user=0.22 sys=0.00, real=0.05 secs] 
3214.344: [GC (Allocation Failure) [PSYoungGen: 412278K->168755K(401920K)] 1174286K->987646K(1486336K), 0.0569016 secs] [Times: user=0.28 sys=0.00, real=0.06 secs] 
3215.242: [GC (Allocation Failure) [PSYoungGen: 401715K->107660K(458752K)] 1220606K->991200K(1543168K), 0.1027081 secs] [Times: user=0.55 sys=0.00, real=0.10 secs] 
3215.524: [GC (Allocation Failure) [PSYoungGen: 333104K->175093K(462336K)] 1216643K->1094009K(1546752K), 0.0421531 secs] [Times: user=0.16 sys=0.03, real=0.04 secs] 
3215.673: [GC (Allocation Failure) [PSYoungGen: 404469K->182837K(465408K)] 1323385K->1156090K(1549824K), 0.0527592 secs] [Times: user=0.16 sys=0.09, real=0.05 secs] 
3215.831: [GC (Allocation Failure) [PSYoungGen: 416821K->187733K(421888K)] 1390074K->1216458K(1506304K), 0.0509964 secs] [Times: user=0.20 sys=0.03, real=0.05 secs] 
3215.882: [Full GC (Ergonomics) [PSYoungGen: 187733K->0K(421888K)] [ParOldGen: 1028724K->346786K(1191424K)] 1216458K->346786K(1613312K), [Metaspace: 59997K->59997K(1105920K)], 0.5473580 secs] [Times: user=2.59 sys=0.00, real=0.55 secs] 
3217.863: [GC (Allocation Failure) [PSYoungGen: 233984K->100700K(465920K)] 580770K->447486K(1657344K), 0.1001203 secs] [Times: user=0.55 sys=0.00, real=0.10 secs] 
3218.495: [GC (Allocation Failure) [PSYoungGen: 333660K->173301K(465920K)] 680446K->553251K(1657344K), 0.0558330 secs] [Times: user=0.26 sys=0.00, real=0.06 secs] 
3218.714: [GC (Allocation Failure) [PSYoungGen: 406261K->184341K(465920K)] 786211K->617844K(1657344K), 0.0527021 secs] [Times: user=0.26 sys=0.00, real=0.05 secs] 
3218.881: [GC (Allocation Failure) [PSYoungGen: 417301K->184535K(465920K)] 850804K->682477K(1657344K), 0.0498651 secs] [Times: user=0.23 sys=0.00, real=0.05 secs] 
3219.524: [GC (Allocation Failure) [PSYoungGen: 417495K->191251K(465920K)] 915437K->747953K(1657344K), 0.0531837 secs] [Times: user=0.25 sys=0.01, real=0.05 secs] 
3220.087: [GC (Allocation Failure) [PSYoungGen: 424211K->102444K(465920K)] 980913K->723994K(1657344K), 0.0409318 secs] [Times: user=0.21 sys=0.00, real=0.04 secs] 
3220.263: [GC (Allocation Failure) [PSYoungGen: 334222K->181270K(465920K)] 955773K->836061K(1657344K), 0.0458605 secs] [Times: user=0.20 sys=0.00, real=0.05 secs] 
3220.453: [GC (Allocation Failure) [PSYoungGen: 414230K->185142K(465920K)] 1069021K->896793K(1657344K), 0.0468742 secs] [Times: user=0.21 sys=0.00, real=0.05 secs] 
3220.619: [GC (Allocation Failure) [PSYoungGen: 418102K->187605K(465920K)] 1129753K->955288K(1657344K), 0.0457339 secs] [Times: user=0.21 sys=0.00, real=0.04 secs] 
3221.593: [GC (Allocation Failure) [PSYoungGen: 420565K->95227K(465920K)] 1188248K->933691K(1657344K), 0.0438670 secs] [Times: user=0.22 sys=0.00, real=0.04 secs] 
3222.043: [GC (Allocation Failure) [PSYoungGen: 328187K->172788K(465920K)] 1166651K->1041997K(1657344K), 0.0588087 secs] [Times: user=0.28 sys=0.00, real=0.06 secs] 
3222.232: [GC (Allocation Failure) [PSYoungGen: 405748K->185334K(465920K)] 1274957K->1108986K(1657344K), 0.0434507 secs] [Times: user=0.19 sys=0.00, real=0.04 secs] 
3222.382: [GC (Allocation Failure) [PSYoungGen: 418294K->186135K(465920K)] 1341946K->1174059K(1657344K), 0.0505680 secs] [Times: user=0.24 sys=0.00, real=0.05 secs] 
3223.399: [GC (Allocation Failure) [PSYoungGen: 419095K->170419K(465920K)] 1407019K->1217471K(1657344K), 0.0573072 secs] [Times: user=0.26 sys=0.00, real=0.05 secs] 
3225.775: [GC (Allocation Failure) [PSYoungGen: 403379K->101980K(465920K)] 1450431K->1214152K(1657344K), 0.1176070 secs] [Times: user=0.40 sys=0.20, real=0.12 secs] 
3225.893: [Full GC (Ergonomics) [PSYoungGen: 101980K->0K(465920K)] [ParOldGen: 1112172K->118425K(1001984K)] 1214152K->118425K(1467904K), [Metaspace: 60000K->60000K(1105920K)], 0.1530074 secs] [Times: user=0.67 sys=0.00, real=0.15 secs] 
3226.179: [GC (Allocation Failure) [PSYoungGen: 232498K->180278K(465920K)] 350923K->298703K(1467904K), 0.0251786 secs] [Times: user=0.08 sys=0.00, real=0.02 secs] 
3226.353: [GC (GCLocker Initiated GC) [PSYoungGen: 413238K->181269K(465920K)] 531664K->355648K(1467904K), 0.0512443 secs] [Times: user=0.24 sys=0.00, real=0.05 secs] 
3227.373: [GC (Allocation Failure) [PSYoungGen: 414229K->231604K(465920K)] 588610K->460665K(1467904K), 0.0908472 secs] [Times: user=0.46 sys=0.00, real=0.09 secs] 
3228.487: [GC (Allocation Failure) [PSYoungGen: 464564K->100764K(465920K)] 693625K->415273K(1467904K), 0.0554063 secs] [Times: user=0.29 sys=0.00, real=0.06 secs] 
3228.696: [GC (GCLocker Initiated GC) [PSYoungGen: 333724K->167892K(465920K)] 648249K->515638K(1467904K), 0.0566148 secs] [Times: user=0.26 sys=0.01, real=0.06 secs] 
3228.872: [GC (Allocation Failure) [PSYoungGen: 400852K->192534K(465920K)] 748601K->592823K(1467904K), 0.0423117 secs] [Times: user=0.19 sys=0.00, real=0.04 secs] 
3229.046: [GC (Allocation Failure) [PSYoungGen: 425494K->186071K(465920K)] 825783K->650756K(1467904K), 0.0550950 secs] [Times: user=0.26 sys=0.00, real=0.06 secs] 
3229.340: [GC (Allocation Failure) [PSYoungGen: 418232K->215444K(465920K)] 882917K->739010K(1467904K), 0.0551893 secs] [Times: user=0.27 sys=0.01, real=0.05 secs] 
3230.339: [GC (Allocation Failure) [PSYoungGen: 448404K->95339K(465920K)] 971970K->687592K(1467904K), 0.0532314 secs] [Times: user=0.27 sys=0.01, real=0.05 secs] 
3230.553: [GC (Allocation Failure) [PSYoungGen: 328299K->180757K(465920K)] 920552K->803416K(1467904K), 0.0497378 secs] [Times: user=0.22 sys=0.00, real=0.05 secs] 
3230.740: [GC (Allocation Failure) [PSYoungGen: 413717K->185302K(465920K)] 1036376K->864884K(1467904K), 0.0444041 secs] [Times: user=0.20 sys=0.00, real=0.04 secs] 
3230.888: [GC (Allocation Failure) [PSYoungGen: 418262K->187477K(465920K)] 1097844K->923116K(1467904K), 0.0461619 secs] [Times: user=0.22 sys=0.00, real=0.05 secs] 
3232.308: [GC (GCLocker Initiated GC) [PSYoungGen: 420437K->99676K(465920K)] 1156076K->906011K(1467904K), 0.0907641 secs] [Times: user=0.49 sys=0.00, real=0.10 secs] 
3233.516: [GC (Allocation Failure) [PSYoungGen: 332636K->172308K(465920K)] 1139138K->1011748K(1467904K), 0.0627886 secs] [Times: user=0.30 sys=0.01, real=0.07 secs] 
3233.711: [GC (Allocation Failure) [PSYoungGen: 405268K->184758K(465920K)] 1244708K->1077661K(1467904K), 0.0432125 secs] [Times: user=0.19 sys=0.00, real=0.04 secs] 
3233.864: [GC (Allocation Failure) [PSYoungGen: 417718K->185943K(465920K)] 1310621K->1143214K(1467904K), 0.0508916 secs] [Times: user=0.24 sys=0.00, real=0.05 secs] 
3233.915: [Full GC (Ergonomics) [PSYoungGen: 185943K->0K(465920K)] [ParOldGen: 957271K->323859K(1234944K)] 1143214K->323859K(1700864K), [Metaspace: 60001K->60001K(1105920K)], 0.4608928 secs] [Times: user=2.12 sys=0.00, real=0.46 secs] 
3234.847: [GC (Allocation Failure) [PSYoungGen: 232960K->209491K(465920K)] 556819K->533351K(1700864K), 0.0367553 secs] [Times: user=0.15 sys=0.00, real=0.04 secs] 
3235.827: [GC (Allocation Failure) [PSYoungGen: 442451K->96571K(465920K)] 766311K->486927K(1700864K), 0.0399070 secs] [Times: user=0.20 sys=0.00, real=0.04 secs] 
3235.979: [GC (Allocation Failure) [PSYoungGen: 329531K->187734K(465920K)] 719887K->609122K(1700864K), 0.0348205 secs] [Times: user=0.14 sys=0.00, real=0.03 secs] 
3236.120: [GC (Allocation Failure) [PSYoungGen: 420621K->184982K(465920K)] 842009K->663458K(1700864K), 0.0445093 secs] [Times: user=0.20 sys=0.00, real=0.04 secs] 
3236.297: [GC (Allocation Failure) [PSYoungGen: 417942K->186709K(465920K)] 896418K->721121K(1700864K), 0.0513385 secs] [Times: user=0.24 sys=0.00, real=0.06 secs] 
3237.302: [GC (Allocation Failure) [PSYoungGen: 419669K->101420K(465920K)] 954081K->706240K(1700864K), 0.0449863 secs] [Times: user=0.22 sys=0.01, real=0.04 secs] 
3237.484: [GC (GCLocker Initiated GC) [PSYoungGen: 334380K->168052K(465920K)] 939200K->806469K(1700864K), 0.0459469 secs] [Times: user=0.21 sys=0.01, real=0.05 secs] 
3237.663: [GC (Allocation Failure) [PSYoungGen: 401012K->183925K(465920K)] 1039592K->875105K(1700864K), 0.0432423 secs] [Times: user=0.19 sys=0.01, real=0.04 secs] 
3237.829: [GC (Allocation Failure) [PSYoungGen: 416885K->186071K(465920K)] 1108065K->941467K(1700864K), 0.0507006 secs] [Times: user=0.23 sys=0.00, real=0.05 secs] 
3238.699: [GC (Allocation Failure) [PSYoungGen: 419031K->174611K(465920K)] 1174427K->989167K(1700864K), 0.0555419 secs] [Times: user=0.27 sys=0.00, real=0.05 secs] 
3241.240: [GC (Allocation Failure) [PSYoungGen: 407571K->98027K(465920K)] 1222127K->978959K(1700864K), 0.0941158 secs] [Times: user=0.51 sys=0.00, real=0.09 secs] 
3241.537: [GC (Allocation Failure) [PSYoungGen: 330987K->183350K(465920K)] 1211919K->1095883K(1700864K), 0.0384711 secs] [Times: user=0.16 sys=0.00, real=0.04 secs] 
3241.682: [GC (Allocation Failure) [PSYoungGen: 416310K->185430K(465920K)] 1328843K->1154651K(1700864K), 0.0448754 secs] [Times: user=0.21 sys=0.00, real=0.04 secs] 
3241.829: [GC (Allocation Failure) [PSYoungGen: 418390K->187285K(465920K)] 1387611K->1212946K(1700864K), 0.0499912 secs] [Times: user=0.22 sys=0.01, real=0.05 secs] 
3242.859: [GC (GCLocker Initiated GC) [PSYoungGen: 420245K->96971K(465920K)] 1445906K->1193193K(1700864K), 0.0593336 secs] [Times: user=0.27 sys=0.05, real=0.06 secs] 
3243.098: [GC (Allocation Failure) [PSYoungGen: 329931K->174229K(465920K)] 1426319K->1302461K(1700864K), 0.0675992 secs] [Times: user=0.28 sys=0.05, real=0.07 secs] 
3243.523: [GC (Allocation Failure) [PSYoungGen: 407189K->185110K(465920K)] 1535421K->1367214K(1700864K), 0.0695120 secs] [Times: user=0.24 sys=0.10, real=0.07 secs] 
3243.593: [Full GC (Ergonomics) [PSYoungGen: 185110K->0K(465920K)] [ParOldGen: 1182104K->261637K(1201152K)] 1367214K->261637K(1667072K), [Metaspace: 60002K->60002K(1105920K)], 0.3413432 secs] [Times: user=1.57 sys=0.00, real=0.34 secs] 
3244.074: [GC (Allocation Failure) [PSYoungGen: 232960K->180214K(465920K)] 494597K->441851K(1667072K), 0.0883435 secs] [Times: user=0.46 sys=0.00, real=0.09 secs] 
3244.957: [GC (Allocation Failure) [PSYoungGen: 413174K->216961K(465920K)] 674811K->535863K(1667072K), 0.0488263 secs] [Times: user=0.23 sys=0.00, real=0.05 secs] 
3245.323: [GC (Allocation Failure) [PSYoungGen: 449921K->103212K(465920K)] 768823K->488345K(1667072K), 0.0402052 secs] [Times: user=0.20 sys=0.00, real=0.04 secs] 
3245.511: [GC (Allocation Failure) [PSYoungGen: 334199K->179125K(465920K)] 719333K->597099K(1667072K), 0.0503286 secs] [Times: user=0.22 sys=0.00, real=0.05 secs] 
3245.699: [GC (Allocation Failure) [PSYoungGen: 412085K->185206K(465920K)] 830059K->659071K(1667072K), 0.0439723 secs] [Times: user=0.20 sys=0.00, real=0.04 secs] 
3245.862: [GC (Allocation Failure) [PSYoungGen: 418166K->186837K(465920K)] 892031K->716855K(1667072K), 0.0457422 secs] [Times: user=0.21 sys=0.00, real=0.04 secs] 
3247.175: [GC (Allocation Failure) [PSYoungGen: 419797K->95163K(465920K)] 949815K->695581K(1667072K), 0.0692966 secs] [Times: user=0.37 sys=0.00, real=0.07 secs] 
3248.577: [GC (Allocation Failure) [PSYoungGen: 328123K->168756K(465920K)] 928541K->800887K(1667072K), 0.0594856 secs] [Times: user=0.27 sys=0.01, real=0.06 secs] 
3248.768: [GC (Allocation Failure) [PSYoungGen: 401716K->181877K(465920K)] 1033847K->866404K(1667072K), 0.0417587 secs] [Times: user=0.19 sys=0.00, real=0.05 secs] 
3248.919: [GC (Allocation Failure) [PSYoungGen: 414837K->185975K(465920K)] 1099364K->934325K(1667072K), 0.0494360 secs] [Times: user=0.23 sys=0.00, real=0.05 secs] 
3249.796: [GC (Allocation Failure) [PSYoungGen: 418697K->216020K(465920K)] 1167048K->1023271K(1667072K), 0.0572592 secs] [Times: user=0.29 sys=0.00, real=0.06 secs] 
3250.403: [GC (Allocation Failure) [PSYoungGen: 448980K->104012K(465920K)] 1256231K->979263K(1667072K), 0.0714311 secs] [Times: user=0.37 sys=0.00, real=0.07 secs] 
3250.677: [GC (Allocation Failure) [PSYoungGen: 334737K->177781K(465920K)] 1209988K->1086579K(1667072K), 0.0467272 secs] [Times: user=0.20 sys=0.01, real=0.05 secs] 
3250.883: [GC (Allocation Failure) [PSYoungGen: 410741K->184694K(465920K)] 1319539K->1148732K(1667072K), 0.0625413 secs] [Times: user=0.30 sys=0.00, real=0.06 secs] 
3251.084: [GC (Allocation Failure) [PSYoungGen: 417654K->186357K(465920K)] 1381692K->1206331K(1667072K), 0.0461503 secs] [Times: user=0.22 sys=0.00, real=0.05 secs] 
3252.063: [GC (Allocation Failure) [PSYoungGen: 419317K->99132K(465920K)] 1439291K->1189386K(1667072K), 0.0448673 secs] [Times: user=0.22 sys=0.01, real=0.04 secs] 
3252.268: [GC (GCLocker Initiated GC) [PSYoungGen: 332092K->171156K(465920K)] 1422347K->1293944K(1667072K), 0.0597543 secs] [Times: user=0.29 sys=0.00, real=0.06 secs] 
3252.328: [Full GC (Ergonomics) [PSYoungGen: 171156K->0K(465920K)] [ParOldGen: 1122787K->195302K(1164800K)] 1293944K->195302K(1630720K), [Metaspace: 60005K->60005K(1105920K)], 0.2138754 secs] [Times: user=0.99 sys=0.00, real=0.22 secs] 
3252.663: [GC (Allocation Failure) [PSYoungGen: 232960K->181269K(465920K)] 428264K->376574K(1630720K), 0.0336214 secs] [Times: user=0.14 sys=0.01, real=0.03 secs] 
3252.805: [GC (Allocation Failure) [PSYoungGen: 414229K->185623K(465920K)] 609534K->444320K(1630720K), 0.0431788 secs] [Times: user=0.19 sys=0.00, real=0.04 secs] 
3253.527: [GC (Allocation Failure) [PSYoungGen: 418583K->216947K(465920K)] 677280K->534408K(1630720K), 0.0569515 secs] [Times: user=0.28 sys=0.00, real=0.06 secs] 
3254.607: [GC (Allocation Failure) [PSYoungGen: 449907K->96555K(465920K)] 767368K->480888K(1630720K), 0.0915921 secs] [Times: user=0.49 sys=0.00, real=0.09 secs] 
3254.913: [GC (Allocation Failure) [PSYoungGen: 329515K->184214K(465920K)] 713848K->600404K(1630720K), 0.0390725 secs] [Times: user=0.17 sys=0.00, real=0.04 secs] 
3255.095: [GC (Allocation Failure) [PSYoungGen: 417174K->185142K(465920K)] 833364K->658540K(1630720K), 0.0695542 secs] [Times: user=0.34 sys=0.00, real=0.07 secs] 
3255.296: [GC (Allocation Failure) [PSYoungGen: 418102K->184468K(465920K)] 891500K->713887K(1630720K), 0.0447560 secs] [Times: user=0.21 sys=0.00, real=0.05 secs] 
3256.417: [GC (Allocation Failure) [PSYoungGen: 417428K->103004K(465920K)] 946847K->702118K(1630720K), 0.0525827 secs] [Times: user=0.27 sys=0.00, real=0.06 secs] 
3257.070: [GC (Allocation Failure) [PSYoungGen: 335964K->173173K(465920K)] 935078K->806256K(1630720K), 0.0597218 secs] [Times: user=0.28 sys=0.00, real=0.06 secs] 
3257.853: [GC (Allocation Failure) [PSYoungGen: 406133K->184598K(465920K)] 1039216K->871305K(1630720K), 0.0749530 secs] [Times: user=0.37 sys=0.00, real=0.07 secs] 
3258.492: [GC (Allocation Failure) [PSYoungGen: 417558K->181078K(465920K)] 1104265K->931841K(1630720K), 0.0840027 secs] [Times: user=0.42 sys=0.00, real=0.08 secs] 
3259.649: [GC (Allocation Failure) [PSYoungGen: 414038K->210099K(465920K)] 1164801K->1018246K(1630720K), 0.0547752 secs] [Times: user=0.26 sys=0.00, real=0.05 secs] 
3260.055: [GC (Allocation Failure) [PSYoungGen: 443059K->102604K(465920K)] 1251206K->976759K(1630720K), 0.0410957 secs] [Times: user=0.21 sys=0.00, real=0.04 secs] 
3260.259: [GC (Allocation Failure) [PSYoungGen: 335564K->180021K(465920K)] 1209719K->1086729K(1630720K), 0.0457529 secs] [Times: user=0.20 sys=0.00, real=0.04 secs] 
3260.473: [GC (Allocation Failure) [PSYoungGen: 412981K->181941K(465920K)] 1319689K->1145385K(1630720K), 0.0623036 secs] [Times: user=0.29 sys=0.00, real=0.06 secs] 
3260.650: [GC (Allocation Failure) [PSYoungGen: 414901K->187221K(465920K)] 1378345K->1205649K(1630720K), 0.0461796 secs] [Times: user=0.21 sys=0.00, real=0.04 secs] 
3261.659: [GC (Allocation Failure) [PSYoungGen: 420181K->97259K(465920K)] 1438609K->1186084K(1630720K), 0.0525011 secs] [Times: user=0.28 sys=0.00, real=0.05 secs] 
3261.712: [Full GC (Ergonomics) [PSYoungGen: 97259K->0K(465920K)] [ParOldGen: 1088824K->89289K(1085440K)] 1186084K->89289K(1551360K), [Metaspace: 60011K->60011K(1105920K)], 0.0371288 secs] [Times: user=0.11 sys=0.00, real=0.04 secs] 
3262.187: [GC (Allocation Failure) [PSYoungGen: 232960K->170804K(465920K)] 322249K->260094K(1551360K), 0.0357952 secs] [Times: user=0.13 sys=0.00, real=0.04 secs] 
3262.373: [GC (Allocation Failure) [PSYoungGen: 403764K->185302K(465920K)] 493054K->328787K(1551360K), 0.0419598 secs] [Times: user=0.19 sys=0.00, real=0.04 secs] 
3262.551: [GC (Allocation Failure) [PSYoungGen: 418262K->186295K(465920K)] 561747K->394084K(1551360K), 0.0672463 secs] [Times: user=0.32 sys=0.00, real=0.06 secs] 
3263.155: [GC (Allocation Failure) [PSYoungGen: 419255K->216627K(465920K)] 627044K->483397K(1551360K), 0.0527088 secs] [Times: user=0.26 sys=0.00, real=0.05 secs] 
3264.990: [GC (Allocation Failure) [PSYoungGen: 449553K->101148K(465920K)] 716323K->434733K(1551360K), 0.0890289 secs] [Times: user=0.48 sys=0.00, real=0.09 secs] 
3265.279: [GC (Allocation Failure) [PSYoungGen: 334108K->181238K(465920K)] 667693K->547560K(1551360K), 0.0373937 secs] [Times: user=0.16 sys=0.00, real=0.03 secs] 
3265.825: [GC (Allocation Failure) [PSYoungGen: 414198K->183637K(465920K)] 780520K->606032K(1551360K), 0.0593108 secs] [Times: user=0.29 sys=0.00, real=0.06 secs] 
3266.266: [GC (GCLocker Initiated GC) [PSYoungGen: 416597K->180596K(465920K)] 838993K->658472K(1551360K), 0.0671769 secs] [Times: user=0.33 sys=0.00, real=0.07 secs] 
3267.350: [GC (Allocation Failure) [PSYoungGen: 413556K->106669K(465920K)] 891435K->653068K(1551360K), 0.0478422 secs] [Times: user=0.24 sys=0.00, real=0.04 secs] 
3267.571: [GC (Allocation Failure) [PSYoungGen: 339629K->174165K(465920K)] 886028K->755840K(1551360K), 0.0549465 secs] [Times: user=0.26 sys=0.00, real=0.05 secs] 
3267.740: [GC (Allocation Failure) [PSYoungGen: 407125K->184502K(465920K)] 988800K->820397K(1551360K), 0.0435376 secs] [Times: user=0.19 sys=0.00, real=0.04 secs] 
3267.890: [GC (Allocation Failure) [PSYoungGen: 416387K->183286K(465920K)] 1052283K->883454K(1551360K), 0.0492475 secs] [Times: user=0.22 sys=0.00, real=0.05 secs] 
3268.386: [GC (Allocation Failure) [PSYoungGen: 416246K->210963K(465920K)] 1116414K->969499K(1551360K), 0.0526707 secs] [Times: user=0.26 sys=0.01, real=0.06 secs] 
3269.148: [GC (Allocation Failure) [PSYoungGen: 443923K->103116K(465920K)] 1202459K->926564K(1551360K), 0.0542807 secs] [Times: user=0.28 sys=0.00, real=0.05 secs] 
3269.359: [GC (Allocation Failure) [PSYoungGen: 335230K->180693K(465920K)] 1158678K->1036754K(1551360K), 0.0354585 secs] [Times: user=0.14 sys=0.00, real=0.03 secs] 
3269.524: [GC (Allocation Failure) [PSYoungGen: 413653K->185302K(465920K)] 1269714K->1097946K(1551360K), 0.0499278 secs] [Times: user=0.23 sys=0.00, real=0.05 secs] 
3269.682: [GC (Allocation Failure) [PSYoungGen: 418262K->184244K(465920K)] 1330906K->1152921K(1551360K), 0.0467794 secs] [Times: user=0.21 sys=0.01, real=0.05 secs] 
3271.052: [GC (Allocation Failure) [PSYoungGen: 417204K->99372K(465920K)] 1385881K->1137432K(1551360K), 0.0908331 secs] [Times: user=0.49 sys=0.00, real=0.09 secs] 
3271.142: [Full GC (Ergonomics) [PSYoungGen: 99372K->0K(465920K)] [ParOldGen: 1038060K->92070K(1106432K)] 1137432K->92070K(1572352K), [Metaspace: 60018K->60018K(1105920K)], 0.0543683 secs] [Times: user=0.18 sys=0.00, real=0.05 secs] 
3272.680: [GC (Allocation Failure) [PSYoungGen: 232960K->165780K(465920K)] 325030K->257850K(1572352K), 0.0340031 secs] [Times: user=0.13 sys=0.00, real=0.03 secs] 
3272.855: [GC (Allocation Failure) [PSYoungGen: 398740K->181461K(465920K)] 490810K->325111K(1572352K), 0.0411266 secs] [Times: user=0.18 sys=0.01, real=0.04 secs] 
3273.046: [GC (Allocation Failure) [PSYoungGen: 414341K->185687K(465920K)] 557991K->392177K(1572352K), 0.0710243 secs] [Times: user=0.35 sys=0.00, real=0.07 secs] 
3273.736: [GC (Allocation Failure) [PSYoungGen: 415002K->215700K(465920K)] 621492K->481214K(1572352K), 0.0532412 secs] [Times: user=0.26 sys=0.00, real=0.06 secs] 
3274.428: [GC (Allocation Failure) [PSYoungGen: 448660K->101820K(465920K)] 714174K->436054K(1572352K), 0.0408522 secs] [Times: user=0.21 sys=0.01, real=0.04 secs] 
3274.607: [GC (Allocation Failure) [PSYoungGen: 334780K->180213K(465920K)] 669014K->547452K(1572352K), 0.0599925 secs] [Times: user=0.21 sys=0.00, real=0.06 secs] 
3274.815: [GC (Allocation Failure) [PSYoungGen: 413173K->185142K(465920K)] 780412K->609040K(1572352K), 0.0445330 secs] [Times: user=0.19 sys=0.00, real=0.05 secs] 
3274.964: [GC (Allocation Failure) [PSYoungGen: 417980K->186869K(465920K)] 841878K->667027K(1572352K), 0.0452396 secs] [Times: user=0.21 sys=0.00, real=0.05 secs] 
3275.943: [GC (Allocation Failure) [PSYoungGen: 419829K->98124K(465920K)] 899987K->648690K(1572352K), 0.0499567 secs] [Times: user=0.27 sys=0.00, real=0.05 secs] 
3276.160: [GC (GCLocker Initiated GC) [PSYoungGen: 331084K->170612K(465920K)] 881652K->753457K(1572352K), 0.0552389 secs] [Times: user=0.26 sys=0.00, real=0.05 secs] 
3276.393: [GC (Allocation Failure) [PSYoungGen: 403572K->182069K(465920K)] 986420K->818461K(1572352K), 0.0569518 secs] [Times: user=0.27 sys=0.01, real=0.06 secs] 
3276.567: [GC (Allocation Failure) [PSYoungGen: 415029K->185687K(465920K)] 1051421K->885691K(1572352K), 0.0503731 secs] [Times: user=0.24 sys=0.00, real=0.05 secs] 
3277.365: [GC (Allocation Failure) [PSYoungGen: 417814K->213524K(465920K)] 1117818K->972388K(1572352K), 0.0561881 secs] [Times: user=0.28 sys=0.00, real=0.06 secs] 
3279.277: [GC (Allocation Failure) [PSYoungGen: 446484K->99435K(465920K)] 1205348K->925431K(1572352K), 0.0971561 secs] [Times: user=0.52 sys=0.00, real=0.10 secs] 
3279.576: [GC (Allocation Failure) [PSYoungGen: 332395K->178197K(465920K)] 1158391K->1036425K(1572352K), 0.0387103 secs] [Times: user=0.17 sys=0.00, real=0.04 secs] 
3279.721: [GC (Allocation Failure) [PSYoungGen: 411157K->185270K(465920K)] 1269385K->1099322K(1572352K), 0.0439865 secs] [Times: user=0.20 sys=0.00, real=0.04 secs] 
3279.906: [GC (Allocation Failure) [PSYoungGen: 418230K->187221K(465920K)] 1332282K->1157313K(1572352K), 0.0644724 secs] [Times: user=0.32 sys=0.00, real=0.07 secs] 
3281.755: [GC (Allocation Failure) [PSYoungGen: 420181K->103644K(465920K)] 1390273K->1144368K(1572352K), 0.0552934 secs] [Times: user=0.29 sys=0.00, real=0.06 secs] 
3281.810: [Full GC (Ergonomics) [PSYoungGen: 103644K->0K(465920K)] [ParOldGen: 1040724K->95291K(1128448K)] 1144368K->95291K(1594368K), [Metaspace: 60019K->60019K(1105920K)], 0.0426817 secs] [Times: user=0.14 sys=0.00, real=0.04 secs] 
3282.017: [GC (Allocation Failure) [PSYoungGen: 232960K->171060K(465920K)] 328251K->266352K(1594368K), 0.0307702 secs] [Times: user=0.11 sys=0.01, real=0.04 secs] 
3282.168: [GC (Allocation Failure) [PSYoungGen: 404020K->184374K(465920K)] 499312K->332617K(1594368K), 0.0417273 secs] [Times: user=0.18 sys=0.00, real=0.05 secs] 
3282.318: [GC (Allocation Failure) [PSYoungGen: 417334K->185879K(465920K)] 565577K->398242K(1594368K), 0.0499489 secs] [Times: user=0.23 sys=0.00, real=0.05 secs] 
3283.110: [GC (Allocation Failure) [PSYoungGen: 415497K->206739K(465920K)] 627861K->478342K(1594368K), 0.0543686 secs] [Times: user=0.27 sys=0.00, real=0.05 secs] 
3283.495: [GC (Allocation Failure) [PSYoungGen: 439699K->103004K(465920K)] 711302K->439695K(1594368K), 0.0402447 secs] [Times: user=0.20 sys=0.01, real=0.04 secs] 
3283.663: [GC (Allocation Failure) [PSYoungGen: 335617K->180918K(465920K)] 672309K->550914K(1594368K), 0.0408496 secs] [Times: user=0.17 sys=0.00, real=0.04 secs] 
3283.844: [GC (Allocation Failure) [PSYoungGen: 413878K->182229K(465920K)] 783874K->608894K(1594368K), 0.0426807 secs] [Times: user=0.19 sys=0.00, real=0.04 secs] 
3283.990: [GC (Allocation Failure) [PSYoungGen: 415189K->187157K(465920K)] 841854K->668877K(1594368K), 0.0447988 secs] [Times: user=0.20 sys=0.00, real=0.04 secs] 
3285.024: [GC (Allocation Failure) [PSYoungGen: 420117K->96843K(465920K)] 901837K->649272K(1594368K), 0.0562944 secs] [Times: user=0.30 sys=0.00, real=0.06 secs] 
3285.791: [GC (Allocation Failure) [PSYoungGen: 329803K->170228K(465920K)] 882232K->753854K(1594368K), 0.0578507 secs] [Times: user=0.27 sys=0.00, real=0.06 secs] 
3285.979: [GC (Allocation Failure) [PSYoungGen: 403188K->185302K(465920K)] 986814K->822355K(1594368K), 0.0427710 secs] [Times: user=0.19 sys=0.00, real=0.04 secs] 
3286.159: [GC (Allocation Failure) [PSYoungGen: 418262K->186199K(465920K)] 1055315K->887748K(1594368K), 0.0725981 secs] [Times: user=0.35 sys=0.00, real=0.07 secs] 
3286.706: [GC (Allocation Failure) [PSYoungGen: 415852K->209811K(465920K)] 1117402K->970409K(1594368K), 0.0541266 secs] [Times: user=0.26 sys=0.00, real=0.06 secs] 
3287.755: [GC (Allocation Failure) [PSYoungGen: 442771K->100332K(465920K)] 1203369K->927433K(1594368K), 0.0837399 secs] [Times: user=0.44 sys=0.00, real=0.09 secs] 
3288.229: [GC (Allocation Failure) [PSYoungGen: 333292K->181398K(465920K)] 1160395K->1040910K(1594368K), 0.0511161 secs] [Times: user=0.22 sys=0.00, real=0.05 secs] 
3288.812: [GC (GCLocker Initiated GC) [PSYoungGen: 414358K->182005K(465920K)] 1273872K->1097663K(1594368K), 0.0811239 secs] [Times: user=0.40 sys=0.00, real=0.08 secs] 
3289.209: [GC (Allocation Failure) [PSYoungGen: 414965K->183508K(465920K)] 1330625K->1153928K(1594368K), 0.0650652 secs] [Times: user=0.32 sys=0.00, real=0.06 secs] 
3290.212: [GC (Allocation Failure) [PSYoungGen: 416468K->105676K(465920K)] 1386888K->1145481K(1594368K), 0.0507875 secs] [Times: user=0.27 sys=0.00, real=0.05 secs] 
3290.447: [GC (Allocation Failure) [PSYoungGen: 338636K->166388K(465920K)] 1378441K->1240976K(1594368K), 0.0626250 secs] [Times: user=0.29 sys=0.00, real=0.07 secs] 
3290.509: [Full GC (Ergonomics) [PSYoungGen: 166388K->0K(465920K)] [ParOldGen: 1074588K->191294K(1245184K)] 1240976K->191294K(1711104K), [Metaspace: 60021K->60021K(1105920K)], 0.2003251 secs] [Times: user=0.92 sys=0.01, real=0.20 secs] 
3290.817: [GC (Allocation Failure) [PSYoungGen: 232960K->184406K(465920K)] 424254K->375700K(1711104K), 0.0334905 secs] [Times: user=0.14 sys=0.00, real=0.04 secs] 
3290.979: [GC (Allocation Failure) [PSYoungGen: 417366K->182838K(465920K)] 608660K->438265K(1711104K), 0.0519428 secs] [Times: user=0.24 sys=0.00, real=0.05 secs] 
3291.772: [GC (Allocation Failure) [PSYoungGen: 415121K->216436K(465920K)] 670547K->529858K(1711104K), 0.0557540 secs] [Times: user=0.27 sys=0.00, real=0.05 secs] 
3292.170: [GC (Allocation Failure) [PSYoungGen: 449396K->101916K(465920K)] 762818K->483482K(1711104K), 0.0674589 secs] [Times: user=0.35 sys=0.01, real=0.06 secs] 
3292.401: [GC (Allocation Failure) [PSYoungGen: 334876K->181526K(465920K)] 716442K->596121K(1711104K), 0.0349606 secs] [Times: user=0.15 sys=0.00, real=0.03 secs] 
3292.542: [GC (Allocation Failure) [PSYoungGen: 414486K->179861K(465920K)] 829081K->651268K(1711104K), 0.0425313 secs] [Times: user=0.19 sys=0.00, real=0.04 secs] 
3292.737: [GC (Allocation Failure) [PSYoungGen: 412821K->187317K(465920K)] 884228K->713696K(1711104K), 0.0536460 secs] [Times: user=0.26 sys=0.00, real=0.06 secs] 
3294.370: [GC (Allocation Failure) [PSYoungGen: 420277K->104220K(465920K)] 946656K->701484K(1711104K), 0.0588952 secs] [Times: user=0.31 sys=0.00, real=0.06 secs] 
3295.495: [GC (Allocation Failure) [PSYoungGen: 337180K->170708K(465920K)] 934444K->801613K(1711104K), 0.0596096 secs] [Times: user=0.28 sys=0.00, real=0.06 secs] 
3295.682: [GC (Allocation Failure) [PSYoungGen: 403668K->185014K(465920K)] 1034573K->869526K(1711104K), 0.0420351 secs] [Times: user=0.19 sys=0.00, real=0.04 secs] 
3295.846: [GC (Allocation Failure) [PSYoungGen: 417974K->179702K(465920K)] 1102486K->928534K(1711104K), 0.0609851 secs] [Times: user=0.30 sys=0.00, real=0.06 secs] 
3297.343: [GC (Allocation Failure) [PSYoungGen: 411789K->214068K(465920K)] 1160621K->1019460K(1711104K), 0.0559136 secs] [Times: user=0.27 sys=0.00, real=0.06 secs] 
3297.679: [GC (Allocation Failure) [PSYoungGen: 447028K->105052K(465920K)] 1252420K->977877K(1711104K), 0.0411116 secs] [Times: user=0.21 sys=0.00, real=0.04 secs] 
3297.828: [GC (Allocation Failure) [PSYoungGen: 335077K->178037K(465920K)] 1207902K->1084915K(1711104K), 0.0362849 secs] [Times: user=0.16 sys=0.00, real=0.04 secs] 
3297.970: [GC (Allocation Failure) [PSYoungGen: 410997K->185174K(465920K)] 1317875K->1147747K(1711104K), 0.0446330 secs] [Times: user=0.20 sys=0.00, real=0.04 secs] 
3298.116: [GC (Allocation Failure) [PSYoungGen: 418134K->187189K(465920K)] 1380707K->1206002K(1711104K), 0.0470301 secs] [Times: user=0.22 sys=0.00, real=0.05 secs] 
3299.091: [GC (GCLocker Initiated GC) [PSYoungGen: 420149K->97483K(465920K)] 1438962K->1187017K(1711104K), 0.0461084 secs] [Times: user=0.23 sys=0.01, real=0.04 secs] 
3299.252: [GC (Allocation Failure) [PSYoungGen: 330443K->173941K(465920K)] 1420016K->1295840K(1711104K), 0.0450773 secs] [Times: user=0.17 sys=0.04, real=0.04 secs] 
3299.404: [GC (Allocation Failure) [PSYoungGen: 406901K->184822K(465920K)] 1528800K->1361009K(1711104K), 0.0525438 secs] [Times: user=0.20 sys=0.05, real=0.05 secs] 
3299.456: [Full GC (Ergonomics) [PSYoungGen: 184822K->0K(465920K)] [ParOldGen: 1176187K->261607K(1331712K)] 1361009K->261607K(1797632K), [Metaspace: 60023K->60023K(1105920K)], 0.3227486 secs] [Times: user=1.49 sys=0.00, real=0.33 secs] 
3299.886: [GC (Allocation Failure) [PSYoungGen: 232960K->182486K(465920K)] 494567K->444094K(1797632K), 0.0847260 secs] [Times: user=0.45 sys=0.00, real=0.09 secs] 
3300.772: [GC (Allocation Failure) [PSYoungGen: 414238K->208947K(465920K)] 675845K->528218K(1797632K), 0.0538880 secs] [Times: user=0.27 sys=0.00, real=0.05 secs] 
3302.237: [GC (Allocation Failure) [PSYoungGen: 441907K->99291K(465920K)] 761178K->484075K(1797632K), 0.1022248 secs] [Times: user=0.55 sys=0.00, real=0.11 secs] 
3302.558: [GC (Allocation Failure) [PSYoungGen: 332251K->178453K(465920K)] 717035K->595653K(1797632K), 0.0436477 secs] [Times: user=0.19 sys=0.01, real=0.05 secs] 
3302.711: [GC (Allocation Failure) [PSYoungGen: 411413K->185462K(465920K)] 828613K->658486K(1797632K), 0.0426612 secs] [Times: user=0.19 sys=0.00, real=0.04 secs] 
3302.889: [GC (Allocation Failure) [PSYoungGen: 418422K->187509K(465920K)] 891446K->716989K(1797632K), 0.0700279 secs] [Times: user=0.35 sys=0.00, real=0.07 secs] 
3304.014: [GC (Allocation Failure) [PSYoungGen: 420469K->103628K(465920K)] 949949K->703716K(1797632K), 0.0448409 secs] [Times: user=0.23 sys=0.00, real=0.05 secs] 
3304.221: [GC (GCLocker Initiated GC) [PSYoungGen: 336588K->173973K(465920K)] 936677K->808222K(1797632K), 0.0434917 secs] [Times: user=0.20 sys=0.00, real=0.04 secs] 
3304.696: [GC (Allocation Failure) [PSYoungGen: 406933K->179925K(465920K)] 1041347K->868091K(1797632K), 0.0660566 secs] [Times: user=0.32 sys=0.00, real=0.07 secs] 
3304.937: [GC (GCLocker Initiated GC) [PSYoungGen: 412885K->183670K(465920K)] 1101052K->934254K(1797632K), 0.0536198 secs] [Times: user=0.25 sys=0.00, real=0.06 secs] 
3305.940: [GC (Allocation Failure) [PSYoungGen: 416630K->173171K(465920K)] 1172450K->987263K(1797632K), 0.0662469 secs] [Times: user=0.34 sys=0.00, real=0.06 secs] 
3306.277: [GC (Allocation Failure) [PSYoungGen: 406131K->110445K(465920K)] 1220223K->990584K(1797632K), 0.0503812 secs] [Times: user=0.26 sys=0.00, real=0.05 secs] 
3306.433: [GC (Allocation Failure) [PSYoungGen: 343405K->185589K(465920K)] 1223544K->1101437K(1797632K), 0.0366496 secs] [Times: user=0.16 sys=0.00, real=0.04 secs] 
3306.577: [GC (Allocation Failure) [PSYoungGen: 418549K->181366K(465920K)] 1334397K->1159495K(1797632K), 0.0499890 secs] [Times: user=0.23 sys=0.00, real=0.05 secs] 
3306.731: [GC (Allocation Failure) [PSYoungGen: 414326K->187253K(465920K)] 1392455K->1222870K(1797632K), 0.0590874 secs] [Times: user=0.28 sys=0.00, real=0.06 secs] 
3307.805: [GC (Allocation Failure) [PSYoungGen: 420213K->96075K(465920K)] 1455830K->1202156K(1797632K), 0.0602243 secs] [Times: user=0.33 sys=0.00, real=0.06 secs] 
3308.297: [GC (Allocation Failure) [PSYoungGen: 329035K->175445K(465920K)] 1435116K->1312546K(1797632K), 0.0555996 secs] [Times: user=0.26 sys=0.00, real=0.06 secs] 
3308.546: [GC (Allocation Failure) [PSYoungGen: 408405K->182645K(465920K)] 1545506K->1374727K(1797632K), 0.0599876 secs] [Times: user=0.28 sys=0.01, real=0.06 secs] 
3308.763: [GC (Allocation Failure) [PSYoungGen: 411283K->181558K(465920K)] 1603365K->1437616K(1797632K), 0.0772133 secs] [Times: user=0.37 sys=0.02, real=0.08 secs] 
3308.840: [Full GC (Ergonomics) [PSYoungGen: 181558K->0K(465920K)] [ParOldGen: 1256057K->323446K(1398272K)] 1437616K->323446K(1864192K), [Metaspace: 60032K->60032K(1105920K)], 0.4794982 secs] [Times: user=2.23 sys=0.00, real=0.48 secs] 
3310.060: [GC (Allocation Failure) [PSYoungGen: 227713K->207347K(465920K)] 551160K->530793K(1864192K), 0.0307188 secs] [Times: user=0.13 sys=0.00, real=0.03 secs] 
3311.517: [GC (Allocation Failure) [PSYoungGen: 440307K->98987K(465920K)] 763753K->487458K(1864192K), 0.0954538 secs] [Times: user=0.51 sys=0.00, real=0.10 secs] 
3311.811: [GC (Allocation Failure) [PSYoungGen: 331947K->182934K(465920K)] 720418K->603545K(1864192K), 0.0344702 secs] [Times: user=0.14 sys=0.00, real=0.03 secs] 
3311.986: [GC (Allocation Failure) [PSYoungGen: 415894K->185558K(465920K)] 836505K->663113K(1864192K), 0.0555870 secs] [Times: user=0.27 sys=0.00, real=0.06 secs] 
3312.164: [GC (Allocation Failure) [PSYoungGen: 418518K->187317K(465920K)] 896073K->721024K(1864192K), 0.0449952 secs] [Times: user=0.21 sys=0.00, real=0.05 secs] 
3313.134: [GC (Allocation Failure) [PSYoungGen: 420277K->98204K(465920K)] 953984K->702531K(1864192K), 0.0432922 secs] [Times: user=0.23 sys=0.00, real=0.04 secs] 
3313.348: [GC (Allocation Failure) [PSYoungGen: 331164K->174261K(465920K)] 935491K->810957K(1864192K), 0.0632275 secs] [Times: user=0.29 sys=0.00, real=0.07 secs] 
3313.563: [GC (Allocation Failure) [PSYoungGen: 407221K->184918K(465920K)] 1043917K->876250K(1864192K), 0.0441880 secs] [Times: user=0.20 sys=0.00, real=0.04 secs] 
3313.712: [GC (Allocation Failure) [PSYoungGen: 417878K->183542K(465920K)] 1109210K->939387K(1864192K), 0.0508307 secs] [Times: user=0.24 sys=0.00, real=0.05 secs] 
3314.585: [GC (Allocation Failure) [PSYoungGen: 416502K->169779K(465920K)] 1172347K->984043K(1864192K), 0.0577826 secs] [Times: user=0.29 sys=0.01, real=0.06 secs] 
3315.226: [GC (Allocation Failure) [PSYoungGen: 402739K->101612K(465920K)] 1217003K->980772K(1864192K), 0.0941560 secs] [Times: user=0.51 sys=0.00, real=0.10 secs] 
3315.491: [GC (Allocation Failure) [PSYoungGen: 332944K->180118K(465920K)] 1212105K->1092579K(1864192K), 0.0352732 secs] [Times: user=0.14 sys=0.00, real=0.03 secs] 
3315.633: [GC (Allocation Failure) [PSYoungGen: 413078K->185494K(465920K)] 1325539K->1153843K(1864192K), 0.0454745 secs] [Times: user=0.20 sys=0.00, real=0.05 secs] 
3315.787: [GC (Allocation Failure) [PSYoungGen: 418454K->187541K(465920K)] 1386803K->1211990K(1864192K), 0.0456720 secs] [Times: user=0.21 sys=0.00, real=0.05 secs] 
3317.482: [GC (Allocation Failure) [PSYoungGen: 420501K->97227K(465920K)] 1444950K->1192569K(1864192K), 0.1278069 secs] [Times: user=0.71 sys=0.01, real=0.13 secs] 
3319.084: [GC (Allocation Failure) [PSYoungGen: 330187K->171316K(465920K)] 1425529K->1297867K(1864192K), 0.0559570 secs] [Times: user=0.26 sys=0.00, real=0.06 secs] 
3319.297: [GC (Allocation Failure) [PSYoungGen: 404276K->185142K(465920K)] 1530827K->1365240K(1864192K), 0.0523286 secs] [Times: user=0.25 sys=0.00, real=0.06 secs] 
3319.486: [GC (Allocation Failure) [PSYoungGen: 418102K->185847K(465920K)] 1598200K->1430265K(1864192K), 0.0569898 secs] [Times: user=0.27 sys=0.00, real=0.06 secs] 
3320.303: [GC (Allocation Failure) [PSYoungGen: 417092K->207603K(465920K)] 1661511K->1511061K(1864192K), 0.0773411 secs] [Times: user=0.27 sys=0.13, real=0.08 secs] 
3320.771: [GC (Allocation Failure) [PSYoungGen: 440563K->102028K(465920K)] 1744021K->1470782K(1864192K), 0.0857664 secs] [Times: user=0.34 sys=0.13, real=0.08 secs] 
3320.857: [Full GC (Ergonomics) [PSYoungGen: 102028K->0K(465920K)] [ParOldGen: 1368754K->119470K(1240064K)] 1470782K->119470K(1705984K), [Metaspace: 60050K->60050K(1105920K)], 0.1349083 secs] [Times: user=0.59 sys=0.00, real=0.14 secs] 
3321.130: [GC (Allocation Failure) [PSYoungGen: 232317K->179797K(465920K)] 351787K->299268K(1705984K), 0.0249195 secs] [Times: user=0.09 sys=0.00, real=0.02 secs] 
3321.571: [GC (Allocation Failure) [PSYoungGen: 412757K->184918K(465920K)] 532228K->360156K(1705984K), 0.0418216 secs] [Times: user=0.18 sys=0.00, real=0.04 secs] 
3321.716: [GC (Allocation Failure) [PSYoungGen: 417878K->183700K(465920K)] 593116K->414867K(1705984K), 0.0448707 secs] [Times: user=0.20 sys=0.00, real=0.05 secs] 
3322.687: [GC (Allocation Failure) [PSYoungGen: 416660K->102380K(465920K)] 647827K->402939K(1705984K), 0.0438319 secs] [Times: user=0.22 sys=0.01, real=0.05 secs] 
3322.847: [GC (Allocation Failure) [PSYoungGen: 335340K->173493K(465920K)] 635899K->507828K(1705984K), 0.0415167 secs] [Times: user=0.19 sys=0.01, real=0.05 secs] 
3323.044: [GC (Allocation Failure) [PSYoungGen: 406453K->181109K(465920K)] 740788K->569424K(1705984K), 0.0552558 secs] [Times: user=0.26 sys=0.00, real=0.06 secs] 
3323.254: [GC (Allocation Failure) [PSYoungGen: 414069K->185623K(465920K)] 802384K->637326K(1705984K), 0.0700031 secs] [Times: user=0.34 sys=0.00, real=0.07 secs] 
3324.127: [GC (Allocation Failure) [PSYoungGen: 413702K->209427K(465920K)] 865405K->720207K(1705984K), 0.0550372 secs] [Times: user=0.27 sys=0.00, real=0.06 secs] 
3325.809: [GC (Allocation Failure) [PSYoungGen: 442387K->96491K(465920K)] 953167K->673251K(1705984K), 0.1054062 secs] [Times: user=0.55 sys=0.00, real=0.10 secs] 
3326.107: [GC (Allocation Failure) [PSYoungGen: 329451K->184150K(465920K)] 906211K->792691K(1705984K), 0.0351514 secs] [Times: user=0.14 sys=0.00, real=0.04 secs] 
3326.301: [GC (Allocation Failure) [PSYoungGen: 417110K->182165K(465920K)] 1025651K->847794K(1705984K), 0.0488235 secs] [Times: user=0.23 sys=0.00, real=0.05 secs] 
3326.482: [GC (Allocation Failure) [PSYoungGen: 415125K->187445K(465920K)] 1080754K->908554K(1705984K), 0.0642219 secs] [Times: user=0.31 sys=0.00, real=0.06 secs] 
3327.683: [GC (Allocation Failure) [PSYoungGen: 420405K->104044K(465920K)] 1141514K->895885K(1705984K), 0.0663339 secs] [Times: user=0.35 sys=0.00, real=0.07 secs] 
3328.125: [GC (Allocation Failure) [PSYoungGen: 337004K->172052K(465920K)] 1128845K->998306K(1705984K), 0.0532570 secs] [Times: user=0.24 sys=0.00, real=0.05 secs] 
3328.298: [GC (Allocation Failure) [PSYoungGen: 405012K->177941K(465920K)] 1231266K->1057362K(1705984K), 0.0422993 secs] [Times: user=0.19 sys=0.00, real=0.05 secs] 
3328.529: [GC (Allocation Failure) [PSYoungGen: 410894K->184727K(465920K)] 1290316K->1125980K(1705984K), 0.0496473 secs] [Times: user=0.23 sys=0.00, real=0.05 secs] 
3330.080: [GC (Allocation Failure) [PSYoungGen: 413654K->213396K(465920K)] 1354907K->1213145K(1705984K), 0.0569656 secs] [Times: user=0.28 sys=0.00, real=0.05 secs] 
3330.508: [GC (Allocation Failure) [PSYoungGen: 446356K->103660K(465920K)] 1446105K->1170538K(1705984K), 0.0452674 secs] [Times: user=0.24 sys=0.00, real=0.05 secs] 
3330.675: [GC (Allocation Failure) [PSYoungGen: 333032K->180309K(465920K)] 1399909K->1280212K(1705984K), 0.0354979 secs] [Times: user=0.15 sys=0.00, real=0.04 secs] 
3330.824: [GC (Allocation Failure) [PSYoungGen: 413269K->179125K(465920K)] 1513172K->1335483K(1705984K), 0.0437422 secs] [Times: user=0.19 sys=0.00, real=0.04 secs] 
3330.868: [Full GC (Ergonomics) [PSYoungGen: 179125K->0K(465920K)] [ParOldGen: 1156358K->284512K(1398272K)] 1335483K->284512K(1864192K), [Metaspace: 60068K->60068K(1105920K)], 0.3930453 secs] [Times: user=1.83 sys=0.00, real=0.40 secs] 
3331.363: [GC (Allocation Failure) [PSYoungGen: 232960K->183764K(465920K)] 517472K->468277K(1864192K), 0.0379130 secs] [Times: user=0.14 sys=0.02, real=0.04 secs] 
3332.357: [GC (GCLocker Initiated GC) [PSYoungGen: 416724K->105596K(465920K)] 701240K->459672K(1864192K), 0.0509516 secs] [Times: user=0.27 sys=0.00, real=0.05 secs] 
3333.157: [GC (Allocation Failure) [PSYoungGen: 338556K->169972K(465920K)] 692634K->558031K(1864192K), 0.0661387 secs] [Times: user=0.32 sys=0.00, real=0.07 secs] 
3333.353: [GC (Allocation Failure) [PSYoungGen: 402932K->182133K(465920K)] 790991K->623452K(1864192K), 0.0420250 secs] [Times: user=0.19 sys=0.00, real=0.04 secs] 
3333.505: [GC (Allocation Failure) [PSYoungGen: 415093K->186103K(465920K)] 856412K->691046K(1864192K), 0.0493960 secs] [Times: user=0.23 sys=0.00, real=0.05 secs] 
3334.036: [GC (Allocation Failure) [PSYoungGen: 419063K->218356K(465920K)] 924006K->782255K(1864192K), 0.0542642 secs] [Times: user=0.26 sys=0.01, real=0.06 secs] 
3335.692: [GC (GCLocker Initiated GC) [PSYoungGen: 451316K->97371K(465920K)] 1015215K->728550K(1864192K), 0.1047139 secs] [Times: user=0.57 sys=0.00, real=0.10 secs] 
3335.994: [GC (Allocation Failure) [PSYoungGen: 330331K->179573K(465920K)] 961801K->842085K(1864192K), 0.0343402 secs] [Times: user=0.14 sys=0.00, real=0.03 secs] 
3336.136: [GC (Allocation Failure) [PSYoungGen: 412533K->185206K(465920K)] 1075045K->903610K(1864192K), 0.0454571 secs] [Times: user=0.20 sys=0.00, real=0.05 secs] 
3336.288: [GC (Allocation Failure) [PSYoungGen: 418166K->187445K(465920K)] 1136570K->962041K(1864192K), 0.0457189 secs] [Times: user=0.22 sys=0.00, real=0.05 secs] 
3337.257: [GC (Allocation Failure) [PSYoungGen: 420405K->102732K(465920K)] 1195001K->947904K(1864192K), 0.0452922 secs] [Times: user=0.23 sys=0.00, real=0.05 secs] 
3337.451: [GC (GCLocker Initiated GC) [PSYoungGen: 335692K->171956K(465920K)] 1180864K->1050933K(1864192K), 0.0414383 secs] [Times: user=0.19 sys=0.00, real=0.04 secs] 
3337.620: [GC (Allocation Failure) [PSYoungGen: 404916K->184661K(465920K)] 1283897K->1117598K(1864192K), 0.0477750 secs] [Times: user=0.22 sys=0.00, real=0.04 secs] 
3337.800: [GC (Allocation Failure) [PSYoungGen: 417621K->185655K(465920K)] 1350558K->1183363K(1864192K), 0.0507026 secs] [Times: user=0.24 sys=0.00, real=0.05 secs] 
3338.602: [GC (Allocation Failure) [PSYoungGen: 418615K->213994K(465920K)] 1416323K->1270606K(1864192K), 0.0511844 secs] [Times: user=0.25 sys=0.00, real=0.05 secs] 
3339.331: [GC (Allocation Failure) [PSYoungGen: 446954K->99979K(465920K)] 1503566K->1221832K(1864192K), 0.0847816 secs] [Times: user=0.45 sys=0.00, real=0.08 secs] 
3339.625: [GC (Allocation Failure) [PSYoungGen: 332102K->182326K(465920K)] 1453955K->1336851K(1864192K), 0.0424594 secs] [Times: user=0.19 sys=0.00, real=0.04 secs] 
3339.797: [GC (Allocation Failure) [PSYoungGen: 415286K->185334K(465920K)] 1569811K->1396483K(1864192K), 0.0491904 secs] [Times: user=0.23 sys=0.00, real=0.05 secs] 
3339.968: [GC (Allocation Failure) [PSYoungGen: 418294K->187381K(465920K)] 1629443K->1454590K(1864192K), 0.0511398 secs] [Times: user=0.25 sys=0.00, real=0.06 secs] 
3341.467: [GC (Allocation Failure) [PSYoungGen: 420341K->96859K(465920K)] 1687550K->1434873K(1864192K), 0.1006604 secs] [Times: user=0.50 sys=0.05, real=0.10 secs] 
3341.568: [Full GC (Ergonomics) [PSYoungGen: 96859K->0K(465920K)] [ParOldGen: 1338013K->90177K(1262592K)] 1434873K->90177K(1728512K), [Metaspace: 60071K->60071K(1105920K)], 0.0667463 secs] [Times: user=0.21 sys=0.00, real=0.07 secs] 
3343.029: [GC (Allocation Failure) [PSYoungGen: 232960K->166484K(465920K)] 323137K->256661K(1728512K), 0.0318136 secs] [Times: user=0.11 sys=0.00, real=0.03 secs] 
3343.195: [GC (Allocation Failure) [PSYoungGen: 399444K->185142K(465920K)] 489621K->327495K(1728512K), 0.0413631 secs] [Times: user=0.18 sys=0.00, real=0.04 secs] 
3343.357: [GC (Allocation Failure) [PSYoungGen: 418102K->185751K(465920K)] 560455K->392256K(1728512K), 0.0491513 secs] [Times: user=0.23 sys=0.00, real=0.05 secs] 
3344.071: [GC (Allocation Failure) [PSYoungGen: 415027K->209939K(465920K)] 621532K->475461K(1728512K), 0.0540233 secs] [Times: user=0.26 sys=0.01, real=0.05 secs] 
3344.767: [GC (GCLocker Initiated GC) [PSYoungGen: 442899K->98683K(465920K)] 708421K->430749K(1728512K), 0.0443650 secs] [Times: user=0.22 sys=0.00, real=0.05 secs] 
3344.960: [GC (Allocation Failure) [PSYoungGen: 331643K->180373K(465920K)] 663711K->544122K(1728512K), 0.0483099 secs] [Times: user=0.21 sys=0.00, real=0.05 secs] 
3345.174: [GC (Allocation Failure) [PSYoungGen: 413333K->185366K(465920K)] 777082K->605763K(1728512K), 0.0615778 secs] [Times: user=0.30 sys=0.00, real=0.06 secs] 
3345.350: [GC (Allocation Failure) [PSYoungGen: 418326K->203701K(465920K)] 838723K->680314K(1728512K), 0.0460362 secs] [Times: user=0.22 sys=0.00, real=0.04 secs] 
3346.357: [GC (GCLocker Initiated GC) [PSYoungGen: 436661K->98700K(465920K)] 913274K->645905K(1728512K), 0.0492700 secs] [Times: user=0.20 sys=0.01, real=0.05 secs] 
3346.629: [GC (Allocation Failure) [PSYoungGen: 331660K->172052K(465920K)] 878867K->751129K(1728512K), 0.0568719 secs] [Times: user=0.27 sys=0.00, real=0.05 secs] 
3346.841: [GC (Allocation Failure) [PSYoungGen: 405012K->182069K(465920K)] 984089K->815389K(1728512K), 0.0433660 secs] [Times: user=0.19 sys=0.00, real=0.04 secs] 
3347.015: [GC (Allocation Failure) [PSYoungGen: 415029K->185751K(465920K)] 1048349K->882295K(1728512K), 0.0606239 secs] [Times: user=0.30 sys=0.00, real=0.06 secs] 
3347.826: [GC (Allocation Failure) [PSYoungGen: 418385K->214004K(465920K)] 1114929K->969524K(1728512K), 0.0574411 secs] [Times: user=0.28 sys=0.01, real=0.06 secs] 
3349.285: [GC (Allocation Failure) [PSYoungGen: 446964K->95371K(465920K)] 1202484K->918135K(1728512K), 0.1026483 secs] [Times: user=0.55 sys=0.00, real=0.10 secs] 
3349.598: [GC (Allocation Failure) [PSYoungGen: 328331K->184086K(465920K)] 1151095K->1037771K(1728512K), 0.0384931 secs] [Times: user=0.16 sys=0.00, real=0.04 secs] 
3349.769: [GC (Allocation Failure) [PSYoungGen: 417046K->185494K(465920K)] 1270731K->1096251K(1728512K), 0.0590534 secs] [Times: user=0.28 sys=0.00, real=0.05 secs] 
3349.988: [GC (Allocation Failure) [PSYoungGen: 418454K->186869K(465920K)] 1329211K->1153978K(1728512K), 0.0692507 secs] [Times: user=0.34 sys=0.00, real=0.07 secs] 
3351.029: [GC (Allocation Failure) [PSYoungGen: 419829K->98652K(465920K)] 1386938K->1136097K(1728512K), 0.0553400 secs] [Times: user=0.30 sys=0.00, real=0.05 secs] 
3351.600: [GC (Allocation Failure) [PSYoungGen: 331612K->171604K(465920K)] 1369057K->1241750K(1728512K), 0.0577225 secs] [Times: user=0.27 sys=0.00, real=0.05 secs] 
3352.091: [GC (Allocation Failure) [PSYoungGen: 404564K->181333K(465920K)] 1474710K->1304439K(1728512K), 0.0586783 secs] [Times: user=0.28 sys=0.00, real=0.06 secs] 
3352.343: [GC (Allocation Failure) [PSYoungGen: 414293K->185143K(465920K)] 1537399K->1371464K(1728512K), 0.0513197 secs] [Times: user=0.24 sys=0.00, real=0.05 secs] 
3352.394: [Full GC (Ergonomics) [PSYoungGen: 185143K->0K(465920K)] [ParOldGen: 1186321K->323821K(1398272K)] 1371464K->323821K(1864192K), [Metaspace: 60080K->60080K(1105920K)], 0.4608421 secs] [Times: user=2.11 sys=0.00, real=0.46 secs] 
3353.585: [GC (Allocation Failure) [PSYoungGen: 230989K->211891K(465920K)] 554810K->535713K(1864192K), 0.0321715 secs] [Times: user=0.14 sys=0.00, real=0.03 secs] 
3353.921: [GC (GCLocker Initiated GC) [PSYoungGen: 444851K->98923K(465920K)] 768673K->489073K(1864192K), 0.0458787 secs] [Times: user=0.24 sys=0.01, real=0.04 secs] 
3354.123: [GC (Allocation Failure) [PSYoungGen: 331883K->183190K(465920K)] 722328K->605367K(1864192K), 0.0495640 secs] [Times: user=0.21 sys=0.00, real=0.05 secs] 
3354.296: [GC (Allocation Failure) [PSYoungGen: 416150K->181237K(465920K)] 838331K->660931K(1864192K), 0.0434607 secs] [Times: user=0.19 sys=0.00, real=0.05 secs] 
3354.492: [GC (Allocation Failure) [PSYoungGen: 414197K->185557K(465920K)] 893891K->719982K(1864192K), 0.0625873 secs] [Times: user=0.30 sys=0.00, real=0.06 secs] 
3355.807: [GC (Allocation Failure) [PSYoungGen: 418517K->102620K(465920K)] 952942K->706973K(1864192K), 0.0628018 secs] [Times: user=0.33 sys=0.00, real=0.07 secs] 
3357.586: [GC (Allocation Failure) [PSYoungGen: 335580K->166164K(465920K)] 939933K->803738K(1864192K), 0.0609313 secs] [Times: user=0.29 sys=0.00, real=0.06 secs] 
3357.777: [GC (Allocation Failure) [PSYoungGen: 399124K->185398K(465920K)] 1036698K->875000K(1864192K), 0.0424304 secs] [Times: user=0.19 sys=0.00, real=0.05 secs] 
3357.945: [GC (Allocation Failure) [PSYoungGen: 418358K->183254K(465920K)] 1107960K->937321K(1864192K), 0.0629859 secs] [Times: user=0.31 sys=0.00, real=0.07 secs] 
3358.497: [GC (Allocation Failure) [PSYoungGen: 416214K->216692K(465920K)] 1170281K->1028926K(1864192K), 0.0557364 secs] [Times: user=0.27 sys=0.01, real=0.06 secs] 
3359.222: [GC (Allocation Failure) [PSYoungGen: 449652K->101196K(465920K)] 1261886K->981502K(1864192K), 0.0597325 secs] [Times: user=0.31 sys=0.00, real=0.06 secs] 
3359.450: [GC (Allocation Failure) [PSYoungGen: 334156K->181750K(465920K)] 1214462K->1094269K(1864192K), 0.0358443 secs] [Times: user=0.15 sys=0.00, real=0.03 secs] 
3359.608: [GC (Allocation Failure) [PSYoungGen: 414710K->185206K(465920K)] 1327229K->1154181K(1864192K), 0.0451775 secs] [Times: user=0.21 sys=0.00, real=0.04 secs] 
3359.803: [GC (Allocation Failure) [PSYoungGen: 418166K->183060K(465920K)] 1387141K->1208132K(1864192K), 0.0595982 secs] [Times: user=0.29 sys=0.00, real=0.06 secs] 
3360.844: [GC (Allocation Failure) [PSYoungGen: 416020K->99228K(465920K)] 1441092K->1193579K(1864192K), 0.0455336 secs] [Times: user=0.23 sys=0.01, real=0.05 secs] 
3361.033: [GC (Allocation Failure) [PSYoungGen: 332188K->173365K(465920K)] 1426539K->1300417K(1864192K), 0.0591100 secs] [Times: user=0.28 sys=0.00, real=0.06 secs] 
3361.234: [GC (Allocation Failure) [PSYoungGen: 406325K->192950K(465920K)] 1533377K->1374306K(1864192K), 0.0442208 secs] [Times: user=0.20 sys=0.00, real=0.05 secs] 
3361.411: [GC (Allocation Failure) [PSYoungGen: 425910K->186135K(465920K)] 1607266K->1432307K(1864192K), 0.0568639 secs] [Times: user=0.27 sys=0.00, real=0.05 secs] 
3362.345: [GC (Allocation Failure) [PSYoungGen: 419095K->170547K(465920K)] 1665267K->1475671K(1864192K), 0.0629764 secs] [Times: user=0.28 sys=0.04, real=0.07 secs] 
3363.796: [GC (Allocation Failure) [PSYoungGen: 403507K->95227K(465920K)] 1708631K->1465768K(1864192K), 0.1113263 secs] [Times: user=0.54 sys=0.06, real=0.11 secs] 
3363.907: [Full GC (Ergonomics) [PSYoungGen: 95227K->0K(465920K)] [ParOldGen: 1370540K->112692K(1345536K)] 1465768K->112692K(1811456K), [Metaspace: 60083K->60083K(1105920K)], 0.1674074 secs] [Times: user=0.71 sys=0.00, real=0.17 secs] 
3364.212: [GC (Allocation Failure) [PSYoungGen: 232960K->184118K(465920K)] 345652K->296811K(1811456K), 0.0255683 secs] [Times: user=0.09 sys=0.00, real=0.02 secs] 
3364.344: [GC (Allocation Failure) [PSYoungGen: 417078K->185398K(465920K)] 529771K->355090K(1811456K), 0.0420230 secs] [Times: user=0.19 sys=0.00, real=0.04 secs] 
3364.544: [GC (Allocation Failure) [PSYoungGen: 418358K->184404K(465920K)] 588050K->410221K(1811456K), 0.0639412 secs] [Times: user=0.31 sys=0.01, real=0.06 secs] 
3365.665: [GC (Allocation Failure) [PSYoungGen: 417364K->103436K(465920K)] 643181K->398861K(1811456K), 0.0498928 secs] [Times: user=0.27 sys=0.00, real=0.05 secs] 
3366.106: [GC (Allocation Failure) [PSYoungGen: 336396K->171412K(465920K)] 631821K->500749K(1811456K), 0.0510549 secs] [Times: user=0.23 sys=0.00, real=0.05 secs] 
3366.655: [GC (Allocation Failure) [PSYoungGen: 404372K->180181K(465920K)] 733709K->562654K(1811456K), 0.0643464 secs] [Times: user=0.31 sys=0.00, real=0.07 secs] 
3367.019: [GC (Allocation Failure) [PSYoungGen: 413141K->182742K(465920K)] 795614K->627807K(1811456K), 0.0804630 secs] [Times: user=0.39 sys=0.00, real=0.08 secs] 
3367.572: [GC (Allocation Failure) [PSYoungGen: 414931K->212852K(465920K)] 859996K->715941K(1811456K), 0.0527308 secs] [Times: user=0.26 sys=0.00, real=0.05 secs] 
3368.300: [GC (Allocation Failure) [PSYoungGen: 445812K->97659K(465920K)] 948901K->668156K(1811456K), 0.0474087 secs] [Times: user=0.24 sys=0.00, real=0.04 secs] 
3368.493: [GC (Allocation Failure) [PSYoungGen: 330619K->182326K(465920K)] 901116K->784112K(1811456K), 0.0487631 secs] [Times: user=0.21 sys=0.00, real=0.05 secs] 
3368.725: [GC (Allocation Failure) [PSYoungGen: 415286K->185238K(465920K)] 1017072K->844032K(1811456K), 0.0599159 secs] [Times: user=0.29 sys=0.00, real=0.06 secs] 
3368.911: [GC (Allocation Failure) [PSYoungGen: 418198K->183956K(465920K)] 1076992K->899107K(1811456K), 0.0455931 secs] [Times: user=0.21 sys=0.00, real=0.04 secs] 
3370.026: [GC (Allocation Failure) [PSYoungGen: 416916K->99628K(465920K)] 1132067K->883938K(1811456K), 0.0608512 secs] [Times: user=0.32 sys=0.00, real=0.06 secs] 
3371.123: [GC (Allocation Failure) [PSYoungGen: 332588K->169684K(465920K)] 1116898K->986099K(1811456K), 0.0609056 secs] [Times: user=0.30 sys=0.00, real=0.06 secs] 
3371.315: [GC (Allocation Failure) [PSYoungGen: 402644K->185270K(465920K)] 1219059K->1055169K(1811456K), 0.0427849 secs] [Times: user=0.19 sys=0.00, real=0.04 secs] 
3371.469: [GC (Allocation Failure) [PSYoungGen: 418230K->186167K(465920K)] 1288129K->1120298K(1811456K), 0.0505277 secs] [Times: user=0.24 sys=0.00, real=0.05 secs] 
3371.849: [GC (Allocation Failure) [PSYoungGen: 419127K->212308K(465920K)] 1353258K->1205687K(1811456K), 0.0555859 secs] [Times: user=0.27 sys=0.01, real=0.05 secs] 
3373.549: [GC (Allocation Failure) [PSYoungGen: 445268K->98443K(465920K)] 1438647K->1158998K(1811456K), 0.0923427 secs] [Times: user=0.50 sys=0.00, real=0.09 secs] 
3373.813: [GC (Allocation Failure) [PSYoungGen: 331403K->181942K(465920K)] 1391958K->1274294K(1811456K), 0.0353265 secs] [Times: user=0.15 sys=0.00, real=0.04 secs] 
3373.955: [GC (Allocation Failure) [PSYoungGen: 414843K->185110K(465920K)] 1507195K->1334078K(1811456K), 0.0445192 secs] [Times: user=0.20 sys=0.00, real=0.05 secs] 
3374.127: [GC (Allocation Failure) [PSYoungGen: 418032K->187029K(465920K)] 1567000K->1392021K(1811456K), 0.0505130 secs] [Times: user=0.24 sys=0.00, real=0.05 secs] 
3375.222: [GC (Allocation Failure) [PSYoungGen: 419989K->98267K(465920K)] 1624981K->1373780K(1811456K), 0.0456935 secs] [Times: user=0.24 sys=0.00, real=0.04 secs] 
3375.267: [Full GC (Ergonomics) [PSYoungGen: 98267K->0K(465920K)] [ParOldGen: 1275512K->89996K(1346048K)] 1373780K->89996K(1811968K), [Metaspace: 60087K->60087K(1105920K)], 0.0518322 secs] [Times: user=0.19 sys=0.00, real=0.06 secs] 
3375.518: [GC (Allocation Failure) [PSYoungGen: 232960K->171988K(465920K)] 322956K->261985K(1811968K), 0.0345704 secs] [Times: user=0.13 sys=0.00, real=0.04 secs] 
3375.721: [GC (Allocation Failure) [PSYoungGen: 404948K->182101K(465920K)] 494945K->326078K(1811968K), 0.0413083 secs] [Times: user=0.19 sys=0.00, real=0.04 secs] 
3375.871: [GC (Allocation Failure) [PSYoungGen: 415061K->185655K(465920K)] 559038K->392920K(1811968K), 0.0489640 secs] [Times: user=0.22 sys=0.00, real=0.05 secs] 
3376.735: [GC (Allocation Failure) [PSYoungGen: 418615K->218115K(465920K)] 625880K->484352K(1811968K), 0.0516245 secs] [Times: user=0.25 sys=0.01, real=0.05 secs] 
3377.319: [GC (Allocation Failure) [PSYoungGen: 451075K->100619K(465920K)] 717312K->433277K(1811968K), 0.0614792 secs] [Times: user=0.33 sys=0.00, real=0.06 secs] 
3377.577: [GC (Allocation Failure) [PSYoungGen: 333579K->181526K(465920K)] 666237K->547368K(1811968K), 0.0459319 secs] [Times: user=0.20 sys=0.00, real=0.05 secs] 
3377.782: [GC (Allocation Failure) [PSYoungGen: 414486K->193430K(465920K)] 780328K->615728K(1811968K), 0.0622440 secs] [Times: user=0.30 sys=0.00, real=0.06 secs] 
3377.963: [GC (Allocation Failure) [PSYoungGen: 426390K->187317K(465920K)] 848688K->665803K(1811968K), 0.0451245 secs] [Times: user=0.21 sys=0.00, real=0.05 secs] 
3379.200: [GC (Allocation Failure) [PSYoungGen: 420277K->97147K(465920K)] 898763K->646278K(1811968K), 0.0691385 secs] [Times: user=0.37 sys=0.00, real=0.07 secs] 
3380.501: [GC (Allocation Failure) [PSYoungGen: 330107K->169652K(465920K)] 879238K->750786K(1811968K), 0.0547474 secs] [Times: user=0.25 sys=0.00, real=0.05 secs] 
3380.683: [GC (Allocation Failure) [PSYoungGen: 402612K->184662K(465920K)] 983746K->818455K(1811968K), 0.0426379 secs] [Times: user=0.19 sys=0.00, real=0.04 secs] 
3380.928: [GC (Allocation Failure) [PSYoungGen: 417622K->185591K(465920K)] 1051415K->883800K(1811968K), 0.0619645 secs] [Times: user=0.31 sys=0.00, real=0.07 secs] 
3382.186: [GC (Allocation Failure) [PSYoungGen: 418551K->174227K(465920K)] 1116760K->931357K(1811968K), 0.0549537 secs] [Times: user=0.27 sys=0.00, real=0.06 secs] 
3382.577: [GC (Allocation Failure) [PSYoungGen: 407187K->102028K(465920K)] 1164317K->925573K(1811968K), 0.0405349 secs] [Times: user=0.20 sys=0.01, real=0.04 secs] 
3382.727: [GC (Allocation Failure) [PSYoungGen: 332373K->180758K(465920K)] 1155919K->1037316K(1811968K), 0.0352171 secs] [Times: user=0.14 sys=0.00, real=0.04 secs] 
3382.948: [GC (Allocation Failure) [PSYoungGen: 413718K->185302K(465920K)] 1270276K->1097924K(1811968K), 0.0582234 secs] [Times: user=0.28 sys=0.00, real=0.06 secs] 
3383.212: [GC (Allocation Failure) [PSYoungGen: 418262K->179316K(465920K)] 1330884K->1148058K(1811968K), 0.0627922 secs] [Times: user=0.31 sys=0.00, real=0.06 secs] 
3384.274: [GC (Allocation Failure) [PSYoungGen: 412276K->106380K(465920K)] 1381018K->1143203K(1811968K), 0.0447170 secs] [Times: user=0.23 sys=0.01, real=0.05 secs] 
3384.501: [GC (Allocation Failure) [PSYoungGen: 339340K->171988K(465920K)] 1376163K->1243735K(1811968K), 0.0599557 secs] [Times: user=0.28 sys=0.00, real=0.06 secs] 
3384.683: [GC (Allocation Failure) [PSYoungGen: 404948K->185014K(465920K)] 1476695K->1310689K(1811968K), 0.0433766 secs] [Times: user=0.20 sys=0.00, real=0.04 secs] 
3384.834: [GC (Allocation Failure) [PSYoungGen: 417974K->182806K(465920K)] 1543649K->1373137K(1811968K), 0.0503577 secs] [Times: user=0.23 sys=0.00, real=0.05 secs] 
3385.285: [GC (Allocation Failure) [PSYoungGen: 412201K->208179K(465920K)] 1602532K->1456414K(1811968K), 0.0531741 secs] [Times: user=0.26 sys=0.00, real=0.06 secs] 
3386.556: [GC (Allocation Failure) [PSYoungGen: 441139K->95627K(465920K)] 1689374K->1409910K(1811968K), 0.0910556 secs] [Times: user=0.49 sys=0.00, real=0.09 secs] 
3386.647: [Full GC (Ergonomics) [PSYoungGen: 95627K->0K(465920K)] [ParOldGen: 1314283K->112835K(1389568K)] 1409910K->112835K(1855488K), [Metaspace: 60088K->60088K(1105920K)], 0.1633943 secs] [Times: user=0.71 sys=0.00, real=0.17 secs] 
3386.968: [GC (Allocation Failure) [PSYoungGen: 232960K->184182K(465920K)] 345795K->297017K(1855488K), 0.0255604 secs] [Times: user=0.09 sys=0.00, real=0.03 secs] 
3387.126: [GC (Allocation Failure) [PSYoungGen: 417142K->185590K(465920K)] 529977K->355609K(1855488K), 0.0546578 secs] [Times: user=0.25 sys=0.00, real=0.06 secs] 
3387.311: [GC (Allocation Failure) [PSYoungGen: 418527K->186901K(465920K)] 588547K->413200K(1855488K), 0.0448020 secs] [Times: user=0.21 sys=0.00, real=0.04 secs] 
3388.810: [GC (Allocation Failure) [PSYoungGen: 419861K->99372K(465920K)] 646160K->396003K(1855488K), 0.1284900 secs] [Times: user=0.70 sys=0.01, real=0.13 secs] 
3389.477: [GC (Allocation Failure) [PSYoungGen: 332332K->168404K(465920K)] 628963K->497452K(1855488K), 0.0577052 secs] [Times: user=0.27 sys=0.00, real=0.06 secs] 
3389.694: [GC (Allocation Failure) [PSYoungGen: 401364K->185270K(465920K)] 730412K->566829K(1855488K), 0.0582789 secs] [Times: user=0.28 sys=0.01, real=0.06 secs] 
3389.909: [GC (Allocation Failure) [PSYoungGen: 418230K->185975K(465920K)] 799789K->631951K(1855488K), 0.0605724 secs] [Times: user=0.29 sys=0.00, real=0.06 secs] 
3390.881: [GC (Allocation Failure) [PSYoungGen: 414549K->209875K(465920K)] 860524K->714907K(1855488K), 0.0557753 secs] [Times: user=0.27 sys=0.00, real=0.05 secs] 
3391.297: [GC (GCLocker Initiated GC) [PSYoungGen: 442835K->98571K(465920K)] 947867K->669683K(1855488K), 0.0401015 secs] [Times: user=0.20 sys=0.00, real=0.04 secs] 
3391.445: [GC (Allocation Failure) [PSYoungGen: 331531K->179381K(465920K)] 902645K->782570K(1855488K), 0.0355348 secs] [Times: user=0.15 sys=0.00, real=0.04 secs] 
3391.592: [GC (GCLocker Initiated GC) [PSYoungGen: 412341K->183029K(465920K)] 1015530K->842218K(1855488K), 0.0439740 secs] [Times: user=0.20 sys=0.00, real=0.04 secs] 
3391.757: [GC (Allocation Failure) [PSYoungGen: 415989K->187189K(465920K)] 1075217K->902033K(1855488K), 0.0500367 secs] [Times: user=0.24 sys=0.00, real=0.05 secs] 
3392.786: [GC (Allocation Failure) [PSYoungGen: 420149K->100508K(465920K)] 1134993K->885975K(1855488K), 0.0563102 secs] [Times: user=0.30 sys=0.00, real=0.06 secs] 
3393.724: [GC (Allocation Failure) [PSYoungGen: 333468K->166484K(465920K)] 1118935K->984116K(1855488K), 0.0590978 secs] [Times: user=0.28 sys=0.00, real=0.06 secs] 
3393.915: [GC (Allocation Failure) [PSYoungGen: 399444K->185462K(465920K)] 1217076K->1055930K(1855488K), 0.0430183 secs] [Times: user=0.19 sys=0.00, real=0.04 secs] 
3394.120: [GC (Allocation Failure) [PSYoungGen: 418422K->185975K(465920K)] 1288890K->1120788K(1855488K), 0.0790134 secs] [Times: user=0.39 sys=0.00, real=0.08 secs] 
3394.446: [GC (Allocation Failure) [PSYoungGen: 417624K->213780K(465920K)] 1352437K->1207629K(1855488K), 0.0556946 secs] [Times: user=0.27 sys=0.01, real=0.06 secs] 
3396.040: [GC (Allocation Failure) [PSYoungGen: 446740K->94443K(465920K)] 1440589K->1156428K(1855488K), 0.0891695 secs] [Times: user=0.49 sys=0.00, real=0.09 secs] 
3396.372: [GC (Allocation Failure) [PSYoungGen: 327403K->176053K(465920K)] 1389388K->1268679K(1855488K), 0.0349687 secs] [Times: user=0.14 sys=0.01, real=0.03 secs] 
3396.525: [GC (Allocation Failure) [PSYoungGen: 409013K->185046K(465920K)] 1501639K->1332196K(1855488K), 0.0506916 secs] [Times: user=0.24 sys=0.00, real=0.05 secs] 
3396.720: [GC (Allocation Failure) [PSYoungGen: 418006K->187221K(465920K)] 1565156K->1390491K(1855488K), 0.0499904 secs] [Times: user=0.24 sys=0.00, real=0.05 secs] 
3398.679: [GC (Allocation Failure) [PSYoungGen: 420181K->103084K(465920K)] 1623451K->1376878K(1855488K), 0.0536428 secs] [Times: user=0.28 sys=0.00, real=0.05 secs] 
3398.967: [GC (Allocation Failure) [PSYoungGen: 336044K->168212K(465920K)] 1609838K->1475951K(1855488K), 0.0781115 secs] [Times: user=0.38 sys=0.01, real=0.08 secs] 
3399.045: [Full GC (Ergonomics) [PSYoungGen: 168212K->0K(465920K)] [ParOldGen: 1307738K->190381K(1398272K)] 1475951K->190381K(1864192K), [Metaspace: 60088K->60088K(1105920K)], 0.2127053 secs] [Times: user=1.00 sys=0.01, real=0.21 secs] 
3399.382: [GC (Allocation Failure) [PSYoungGen: 232960K->181013K(465920K)] 423341K->371394K(1864192K), 0.0334074 secs] [Times: user=0.13 sys=0.01, real=0.03 secs] 
3399.526: [GC (Allocation Failure) [PSYoungGen: 413973K->185687K(465920K)] 604354K->439188K(1864192K), 0.0435175 secs] [Times: user=0.19 sys=0.00, real=0.05 secs] 
3399.735: [GC (Allocation Failure) [PSYoungGen: 418647K->219733K(465920K)] 672148K->531882K(1864192K), 0.0557930 secs] [Times: user=0.28 sys=0.00, real=0.06 secs] 
3401.457: [GC (Allocation Failure) [PSYoungGen: 452693K->90858K(465920K)] 764842K->473428K(1864192K), 0.0757991 secs] [Times: user=0.41 sys=0.00, real=0.08 secs] 
3401.748: [GC (Allocation Failure) [PSYoungGen: 323818K->180822K(465920K)] 706388K->592862K(1864192K), 0.0433876 secs] [Times: user=0.18 sys=0.01, real=0.05 secs] 
3401.904: [GC (Allocation Failure) [PSYoungGen: 413782K->185430K(465920K)] 825822K->653702K(1864192K), 0.0428616 secs] [Times: user=0.19 sys=0.00, real=0.04 secs] 
3402.050: [GC (Allocation Failure) [PSYoungGen: 418390K->187285K(465920K)] 886662K->711870K(1864192K), 0.0448609 secs] [Times: user=0.20 sys=0.00, real=0.04 secs] 
3403.196: [GC (Allocation Failure) [PSYoungGen: 420245K->105372K(465920K)] 944830K->700677K(1864192K), 0.0633485 secs] [Times: user=0.34 sys=0.00, real=0.07 secs] 
3404.388: [GC (GCLocker Initiated GC) [PSYoungGen: 338332K->160115K(465920K)] 933638K->789830K(1864192K), 0.0620910 secs] [Times: user=0.28 sys=0.02, real=0.07 secs] 
3404.588: [GC (Allocation Failure) [PSYoungGen: 393075K->184854K(465920K)] 1022793K->864435K(1864192K), 0.0419069 secs] [Times: user=0.19 sys=0.00, real=0.05 secs] 
3404.736: [GC (Allocation Failure) [PSYoungGen: 417814K->186295K(465920K)] 1097395K->930285K(1864192K), 0.0508320 secs] [Times: user=0.24 sys=0.00, real=0.05 secs] 
3406.084: [GC (Allocation Failure) [PSYoungGen: 418730K->217941K(465920K)] 1162720K->1021002K(1864192K), 0.0566385 secs] [Times: user=0.28 sys=0.00, real=0.06 secs] 
3406.933: [GC (Allocation Failure) [PSYoungGen: 450901K->100139K(465920K)] 1253962K->972673K(1864192K), 0.0424970 secs] [Times: user=0.22 sys=0.00, real=0.04 secs] 
3407.087: [GC (Allocation Failure) [PSYoungGen: 333099K->182998K(465920K)] 1205633K->1088237K(1864192K), 0.0358609 secs] [Times: user=0.15 sys=0.00, real=0.04 secs] 
3407.227: [GC (Allocation Failure) [PSYoungGen: 415958K->181429K(465920K)] 1321197K->1144000K(1864192K), 0.0441165 secs] [Times: user=0.20 sys=0.00, real=0.05 secs] 
3407.373: [GC (Allocation Failure) [PSYoungGen: 414389K->183700K(465920K)] 1376960K->1201511K(1864192K), 0.0457681 secs] [Times: user=0.20 sys=0.01, real=0.05 secs] 
3408.363: [GC (Allocation Failure) [PSYoungGen: 416660K->101292K(465920K)] 1434471K->1188419K(1864192K), 0.0454025 secs] [Times: user=0.23 sys=0.00, real=0.05 secs] 
3408.707: [GC (Allocation Failure) [PSYoungGen: 334252K->172884K(465920K)] 1421379K->1292520K(1864192K), 0.0781475 secs] [Times: user=0.38 sys=0.00, real=0.08 secs] 
3408.964: [GC (Allocation Failure) [PSYoungGen: 405844K->182613K(465920K)] 1525480K->1356933K(1864192K), 0.0444988 secs] [Times: user=0.20 sys=0.00, real=0.05 secs] 
3409.142: [GC (Allocation Failure) [PSYoungGen: 415573K->186071K(465920K)] 1589893K->1424215K(1864192K), 0.0676513 secs] [Times: user=0.32 sys=0.00, real=0.07 secs] 
3409.625: [GC (Allocation Failure) [PSYoungGen: 415321K->211572K(465920K)] 1653465K->1508836K(1864192K), 0.0542015 secs] [Times: user=0.26 sys=0.00, real=0.06 secs] 
3411.814: [GC (Allocation Failure) [PSYoungGen: 444532K->91962K(465920K)] 1741796K->1456154K(1864192K), 0.0980699 secs] [Times: user=0.51 sys=0.02, real=0.10 secs] 
3411.912: [Full GC (Ergonomics) [PSYoungGen: 91962K->0K(465920K)] [ParOldGen: 1364192K->109317K(1398272K)] 1456154K->109317K(1864192K), [Metaspace: 60095K->60095K(1105920K)], 0.1658909 secs] [Times: user=0.73 sys=0.00, real=0.16 secs] 
3412.238: [GC (Allocation Failure) [PSYoungGen: 232960K->181078K(465920K)] 342277K->290395K(1864192K), 0.0252841 secs] [Times: user=0.09 sys=0.00, real=0.03 secs] 
3412.414: [GC (Allocation Failure) [PSYoungGen: 414038K->184182K(465920K)] 523355K->349547K(1864192K), 0.0578698 secs] [Times: user=0.28 sys=0.00, real=0.06 secs] 
3412.600: [GC (Allocation Failure) [PSYoungGen: 417142K->187701K(465920K)] 582507K->408818K(1864192K), 0.0449561 secs] [Times: user=0.21 sys=0.00, real=0.04 secs] 
3413.569: [GC (Allocation Failure) [PSYoungGen: 420661K->100620K(465920K)] 641778K->392505K(1864192K), 0.0442282 secs] [Times: user=0.23 sys=0.00, real=0.04 secs] 
3413.783: [GC (Allocation Failure) [PSYoungGen: 333580K->169844K(465920K)] 625465K->495018K(1864192K), 0.0600108 secs] [Times: user=0.28 sys=0.00, real=0.06 secs] 
3414.022: [GC (Allocation Failure) [PSYoungGen: 402804K->184373K(465920K)] 727978K->562480K(1864192K), 0.0421218 secs] [Times: user=0.19 sys=0.00, real=0.04 secs] 
3414.173: [GC (Allocation Failure) [PSYoungGen: 417333K->186167K(465920K)] 795440K->628745K(1864192K), 0.0499057 secs] [Times: user=0.23 sys=0.00, real=0.05 secs] 
3414.598: [GC (Allocation Failure) [PSYoungGen: 418356K->214740K(465920K)] 860934K->716306K(1864192K), 0.0552234 secs] [Times: user=0.26 sys=0.00, real=0.06 secs] 
3415.338: [GC (Allocation Failure) [PSYoungGen: 447700K->97995K(465920K)] 949266K->667718K(1864192K), 0.0587684 secs] [Times: user=0.29 sys=0.01, real=0.06 secs] 
3415.583: [GC (Allocation Failure) [PSYoungGen: 330955K->180405K(465920K)] 900678K->781481K(1864192K), 0.0421426 secs] [Times: user=0.19 sys=0.00, real=0.04 secs] 
3415.734: [GC (Allocation Failure) [PSYoungGen: 413365K->185238K(465920K)] 1014441K->843217K(1864192K), 0.0450897 secs] [Times: user=0.20 sys=0.00, real=0.05 secs] 
3415.904: [GC (Allocation Failure) [PSYoungGen: 418198K->186133K(465920K)] 1076177K->900228K(1864192K), 0.0541329 secs] [Times: user=0.26 sys=0.00, real=0.05 secs] 
3417.221: [GC (Allocation Failure) [PSYoungGen: 419093K->99964K(465920K)] 1133188K->884263K(1864192K), 0.0782632 secs] [Times: user=0.42 sys=0.00, real=0.08 secs] 
3418.747: [GC (Allocation Failure) [PSYoungGen: 332924K->169364K(465920K)] 1117223K->985708K(1864192K), 0.0697686 secs] [Times: user=0.34 sys=0.00, real=0.07 secs] 
3419.004: [GC (Allocation Failure) [PSYoungGen: 402324K->185174K(465920K)] 1218668K->1054870K(1864192K), 0.0599020 secs] [Times: user=0.29 sys=0.00, real=0.06 secs] 
3419.211: [GC (Allocation Failure) [PSYoungGen: 418134K->182806K(465920K)] 1287830K->1116823K(1864192K), 0.0723292 secs] [Times: user=0.36 sys=0.00, real=0.07 secs] 
3419.596: [GC (Allocation Failure) [PSYoungGen: 415766K->198324K(465920K)] 1349783K->1190093K(1864192K), 0.0543010 secs] [Times: user=0.27 sys=0.01, real=0.06 secs] 
3420.473: [GC (Allocation Failure) [PSYoungGen: 431284K->98507K(465920K)] 1423053K->1158756K(1864192K), 0.0446215 secs] [Times: user=0.24 sys=0.00, real=0.04 secs] 
3420.682: [GC (GCLocker Initiated GC) [PSYoungGen: 331467K->180597K(465920K)] 1391716K->1272643K(1864192K), 0.0513444 secs] [Times: user=0.23 sys=0.00, real=0.05 secs] 
3420.858: [GC (Allocation Failure) [PSYoungGen: 413557K->193430K(465920K)] 1505606K->1341890K(1864192K), 0.0457171 secs] [Times: user=0.21 sys=0.00, real=0.05 secs] 
3421.005: [GC (Allocation Failure) [PSYoungGen: 426390K->187125K(465920K)] 1574850K->1391894K(1864192K), 0.0466524 secs] [Times: user=0.22 sys=0.00, real=0.05 secs] 
3422.019: [GC (Allocation Failure) [PSYoungGen: 420085K->98668K(465920K)] 1624854K->1373832K(1864192K), 0.0457235 secs] [Times: user=0.24 sys=0.00, real=0.04 secs] 
3422.220: [GC (Allocation Failure) [PSYoungGen: 331628K->169812K(465920K)] 1606792K->1477658K(1864192K), 0.0418301 secs] [Times: user=0.18 sys=0.00, real=0.04 secs] 
3422.369: [GC (Allocation Failure) [PSYoungGen: 402772K->184662K(465920K)] 1710618K->1545843K(1864192K), 0.0439892 secs] [Times: user=0.20 sys=0.00, real=0.04 secs] 
3422.413: [Full GC (Ergonomics) [PSYoungGen: 184662K->0K(465920K)] [ParOldGen: 1361181K->260255K(1398272K)] 1545843K->260255K(1864192K), [Metaspace: 60109K->60109K(1105920K)], 0.3220948 secs] [Times: user=1.48 sys=0.00, real=0.32 secs] 
3422.841: [GC (Allocation Failure) [PSYoungGen: 232960K->186039K(465920K)] 493215K->446294K(1864192K), 0.0921052 secs] [Times: user=0.49 sys=0.00, real=0.09 secs] 
3423.501: [GC (Allocation Failure) [PSYoungGen: 418999K->215987K(465920K)] 679254K->535231K(1864192K), 0.0541392 secs] [Times: user=0.26 sys=0.00, real=0.05 secs] 
3425.478: [GC (Allocation Failure) [PSYoungGen: 448947K->93739K(465920K)] 768191K->479578K(1864192K), 0.1009127 secs] [Times: user=0.55 sys=0.00, real=0.11 secs] 
3425.787: [GC (Allocation Failure) [PSYoungGen: 326699K->184278K(465920K)] 712538K->600766K(1864192K), 0.0352102 secs] [Times: user=0.14 sys=0.00, real=0.04 secs] 
3425.927: [GC (GCLocker Initiated GC) [PSYoungGen: 417238K->182389K(465920K)] 833726K->655989K(1864192K), 0.0427492 secs] [Times: user=0.19 sys=0.00, real=0.05 secs] 
3426.071: [GC (Allocation Failure) [PSYoungGen: 415349K->185333K(465920K)] 889080K->714368K(1864192K), 0.0446230 secs] [Times: user=0.20 sys=0.00, real=0.04 secs] 
3427.131: [GC (Allocation Failure) [PSYoungGen: 418293K->102588K(465920K)] 947328K->701519K(1864192K), 0.0477867 secs] [Times: user=0.25 sys=0.00, real=0.05 secs] 
3427.604: [GC (Allocation Failure) [PSYoungGen: 335548K->174261K(465920K)] 934479K->806927K(1864192K), 0.0619549 secs] [Times: user=0.29 sys=0.00, real=0.06 secs] 
3427.795: [GC (Allocation Failure) [PSYoungGen: 407221K->183797K(465920K)] 1039887K->870392K(1864192K), 0.0429019 secs] [Times: user=0.19 sys=0.00, real=0.04 secs] 
3428.036: [GC (Allocation Failure) [PSYoungGen: 416757K->185303K(465920K)] 1103352K->935561K(1864192K), 0.0524696 secs] [Times: user=0.24 sys=0.00, real=0.06 secs] 
3428.847: [GC (Allocation Failure) [PSYoungGen: 414179K->209203K(465920K)] 1164438K->1018334K(1864192K), 0.0559285 secs] [Times: user=0.27 sys=0.00, real=0.06 secs] 
3429.885: [GC (Allocation Failure) [PSYoungGen: 442163K->96139K(465920K)] 1251294K->971094K(1864192K), 0.0686353 secs] [Times: user=0.37 sys=0.00, real=0.07 secs] 
3430.154: [GC (Allocation Failure) [PSYoungGen: 329099K->183990K(465920K)] 1204054K->1089994K(1864192K), 0.0467583 secs] [Times: user=0.21 sys=0.00, real=0.05 secs] 
3430.315: [GC (Allocation Failure) [PSYoungGen: 416950K->193846K(465920K)] 1322954K->1157038K(1864192K), 0.0442523 secs] [Times: user=0.20 sys=0.00, real=0.05 secs] 
3430.459: [GC (Allocation Failure) [PSYoungGen: 426806K->183732K(465920K)] 1389998K->1203088K(1864192K), 0.0455646 secs] [Times: user=0.21 sys=0.00, real=0.04 secs] 
3431.510: [GC (Allocation Failure) [PSYoungGen: 416692K->102588K(465920K)] 1436048K->1191408K(1864192K), 0.0603732 secs] [Times: user=0.32 sys=0.00, real=0.06 secs] 
3432.724: [GC (Allocation Failure) [PSYoungGen: 335498K->168852K(465920K)] 1424317K->1290361K(1864192K), 0.0653678 secs] [Times: user=0.31 sys=0.00, real=0.07 secs] 
3432.924: [GC (Allocation Failure) [PSYoungGen: 401812K->182229K(465920K)] 1523321K->1356774K(1864192K), 0.0423031 secs] [Times: user=0.19 sys=0.00, real=0.04 secs] 
3433.077: [GC (Allocation Failure) [PSYoungGen: 415189K->186103K(465920K)] 1589734K->1424392K(1864192K), 0.0497659 secs] [Times: user=0.23 sys=0.00, real=0.05 secs] 
3433.944: [GC (Allocation Failure) [PSYoungGen: 419063K->214772K(465920K)] 1657352K->1512161K(1864192K), 0.0574912 secs] [Times: user=0.28 sys=0.01, real=0.06 secs] 
3434.937: [GC (Allocation Failure) [PSYoungGen: 447732K->102940K(465920K)] 1745121K->1467689K(1864192K), 0.0692054 secs] [Times: user=0.37 sys=0.00, real=0.07 secs] 
3435.007: [Full GC (Ergonomics) [PSYoungGen: 102940K->0K(465920K)] [ParOldGen: 1364748K->120559K(1398272K)] 1467689K->120559K(1864192K), [Metaspace: 60113K->60113K(1105920K)], 0.1470764 secs] [Times: user=0.65 sys=0.00, real=0.15 secs] 
3435.275: [GC (Allocation Failure) [PSYoungGen: 232960K->179669K(465920K)] 353519K->300229K(1864192K), 0.0253075 secs] [Times: user=0.08 sys=0.00, real=0.03 secs] 
3435.441: [GC (Allocation Failure) [PSYoungGen: 412629K->181781K(465920K)] 533189K->358117K(1864192K), 0.0473685 secs] [Times: user=0.22 sys=0.01, real=0.04 secs] 
3436.055: [GC (Allocation Failure) [PSYoungGen: 414741K->186389K(465920K)] 591077K->417437K(1864192K), 0.0529963 secs] [Times: user=0.26 sys=0.00, real=0.05 secs] 
3437.491: [GC (Allocation Failure) [PSYoungGen: 419349K->101068K(465920K)] 650397K->402532K(1864192K), 0.0438638 secs] [Times: user=0.22 sys=0.00, real=0.04 secs] 
3437.841: [GC (Allocation Failure) [PSYoungGen: 334028K->169236K(465920K)] 635492K->503424K(1864192K), 0.0744860 secs] [Times: user=0.36 sys=0.00, real=0.07 secs] 
3438.114: [GC (Allocation Failure) [PSYoungGen: 402196K->185494K(465920K)] 736384K->573158K(1864192K), 0.0563301 secs] [Times: user=0.26 sys=0.00, real=0.06 secs] 
3438.324: [GC (Allocation Failure) [PSYoungGen: 418454K->182934K(465920K)] 806118K->635019K(1864192K), 0.0532422 secs] [Times: user=0.24 sys=0.00, real=0.05 secs] 
3438.904: [GC (Allocation Failure) [PSYoungGen: 412129K->211668K(465920K)] 864214K->721664K(1864192K), 0.0526793 secs] [Times: user=0.26 sys=0.00, real=0.05 secs] 
3440.832: [GC (Allocation Failure) [PSYoungGen: 444628K->91626K(465920K)] 954624K->668839K(1864192K), 0.0958184 secs] [Times: user=0.52 sys=0.00, real=0.09 secs] 
3441.133: [GC (Allocation Failure) [PSYoungGen: 324586K->183958K(465920K)] 901799K->791119K(1864192K), 0.0347929 secs] [Times: user=0.14 sys=0.00, real=0.03 secs] 
3441.282: [GC (Allocation Failure) [PSYoungGen: 416918K->182133K(465920K)] 1024079K->846335K(1864192K), 0.0450082 secs] [Times: user=0.21 sys=0.00, real=0.04 secs] 
3441.460: [GC (Allocation Failure) [PSYoungGen: 415093K->187541K(465920K)] 1079295K->907222K(1864192K), 0.0663239 secs] [Times: user=0.33 sys=0.00, real=0.06 secs] 
3442.479: [GC (Allocation Failure) [PSYoungGen: 420501K->102604K(465920K)] 1140182K->893022K(1864192K), 0.0456678 secs] [Times: user=0.24 sys=0.00, real=0.04 secs] 
3442.870: [GC (Allocation Failure) [PSYoungGen: 335564K->173813K(465920K)] 1125982K->998154K(1864192K), 0.0714260 secs] [Times: user=0.35 sys=0.00, real=0.07 secs] 
3443.194: [GC (GCLocker Initiated GC) [PSYoungGen: 406773K->182005K(465920K)] 1231116K->1059965K(1864192K), 0.0618938 secs] [Times: user=0.29 sys=0.00, real=0.06 secs] 
3443.390: [GC (Allocation Failure) [PSYoungGen: 414965K->185175K(465920K)] 1293092K->1126541K(1864192K), 0.0504494 secs] [Times: user=0.23 sys=0.00, real=0.05 secs] 
3444.141: [GC (Allocation Failure) [PSYoungGen: 418135K->212147K(465920K)] 1359501K->1212146K(1864192K), 0.0555807 secs] [Times: user=0.27 sys=0.01, real=0.05 secs] 
3444.621: [GC (Allocation Failure) [PSYoungGen: 445107K->98779K(465920K)] 1445106K->1165266K(1864192K), 0.0483814 secs] [Times: user=0.25 sys=0.00, real=0.05 secs] 
3444.850: [GC (Allocation Failure) [PSYoungGen: 331739K->183478K(465920K)] 1398226K->1281209K(1864192K), 0.0507145 secs] [Times: user=0.22 sys=0.00, real=0.05 secs] 
3445.062: [GC (Allocation Failure) [PSYoungGen: 416438K->185558K(465920K)] 1514169K->1340765K(1864192K), 0.0585641 secs] [Times: user=0.28 sys=0.00, real=0.06 secs] 
3445.231: [GC (Allocation Failure) [PSYoungGen: 418518K->183828K(465920K)] 1573725K->1395172K(1864192K), 0.0619373 secs] [Times: user=0.30 sys=0.00, real=0.06 secs] 
3446.350: [GC (Allocation Failure) [PSYoungGen: 416788K->98811K(465920K)] 1628132K->1379619K(1864192K), 0.0608880 secs] [Times: user=0.32 sys=0.00, real=0.06 secs] 
3446.920: [GC (Allocation Failure) [PSYoungGen: 331771K->170164K(465920K)] 1612579K->1482796K(1864192K), 0.0604836 secs] [Times: user=0.29 sys=0.00, real=0.06 secs] 
3446.980: [Full GC (Ergonomics) [PSYoungGen: 170164K->0K(465920K)] [ParOldGen: 1312632K->194103K(1398272K)] 1482796K->194103K(1864192K), [Metaspace: 60119K->60119K(1105920K)], 0.1912151 secs] [Times: user=0.86 sys=0.00, real=0.19 secs] 
3447.282: [GC (Allocation Failure) [PSYoungGen: 232960K->185238K(465920K)] 427063K->379341K(1864192K), 0.0332236 secs] [Times: user=0.14 sys=0.00, real=0.03 secs] 
3447.426: [GC (Allocation Failure) [PSYoungGen: 418198K->186071K(465920K)] 612301K->444494K(1864192K), 0.0438565 secs] [Times: user=0.19 sys=0.00, real=0.05 secs] 
3448.230: [GC (Allocation Failure) [PSYoungGen: 418784K->212275K(465920K)] 677207K->529771K(1864192K), 0.0547238 secs] [Times: user=0.27 sys=0.00, real=0.05 secs] 
3449.959: [GC (Allocation Failure) [PSYoungGen: 445235K->98827K(465920K)] 762731K->483099K(1864192K), 0.1008769 secs] [Times: user=0.55 sys=0.00, real=0.10 secs] 
3450.273: [GC (Allocation Failure) [PSYoungGen: 331787K->183510K(465920K)] 716059K->599022K(1864192K), 0.0385917 secs] [Times: user=0.17 sys=0.00, real=0.04 secs] 
3450.418: [GC (Allocation Failure) [PSYoungGen: 416470K->185526K(465920K)] 831982K->657938K(1864192K), 0.0440437 secs] [Times: user=0.21 sys=0.00, real=0.04 secs] 
3450.714: [GC (Allocation Failure) [PSYoungGen: 418486K->183220K(465920K)] 890898K->711976K(1864192K), 0.0700329 secs] [Times: user=0.35 sys=0.00, real=0.07 secs] 
3452.050: [GC (Allocation Failure) [PSYoungGen: 416180K->101916K(465920K)] 944936K->700032K(1864192K), 0.0548394 secs] [Times: user=0.29 sys=0.00, real=0.05 secs] 
3452.317: [GC (GCLocker Initiated GC) [PSYoungGen: 334876K->171252K(465920K)] 932993K->802350K(1864192K), 0.0638814 secs] [Times: user=0.30 sys=0.00, real=0.07 secs] 
3452.527: [GC (Allocation Failure) [PSYoungGen: 404212K->182389K(465920K)] 1035476K->867605K(1864192K), 0.0437314 secs] [Times: user=0.19 sys=0.00, real=0.05 secs] 
3452.712: [GC (GCLocker Initiated GC) [PSYoungGen: 415349K->182870K(465920K)] 1100566K->931511K(1864192K), 0.0614451 secs] [Times: user=0.29 sys=0.01, real=0.06 secs] 
3453.066: [GC (Allocation Failure) [PSYoungGen: 415830K->197044K(465920K)] 1164476K->1003609K(1864192K), 0.0548950 secs] [Times: user=0.27 sys=0.00, real=0.06 secs] 
3454.183: [GC (Allocation Failure) [PSYoungGen: 430004K->96011K(465920K)] 1236569K->970377K(1864192K), 0.1124664 secs] [Times: user=0.62 sys=0.00, real=0.11 secs] 
3454.495: [GC (Allocation Failure) [PSYoungGen: 328971K->179989K(465920K)] 1203337K->1085624K(1864192K), 0.0353349 secs] [Times: user=0.14 sys=0.01, real=0.04 secs] 
3454.661: [GC (Allocation Failure) [PSYoungGen: 412949K->185398K(465920K)] 1318584K->1147168K(1864192K), 0.0516981 secs] [Times: user=0.25 sys=0.00, real=0.05 secs] 
3454.844: [GC (Allocation Failure) [PSYoungGen: 418358K->187189K(465920K)] 1380128K->1204959K(1864192K), 0.0464383 secs] [Times: user=0.21 sys=0.00, real=0.05 secs] 
3456.199: [GC (Allocation Failure) [PSYoungGen: 420149K->99068K(465920K)] 1437919K->1187430K(1864192K), 0.1220956 secs] [Times: user=0.68 sys=0.00, real=0.12 secs] 
3457.265: [GC (GCLocker Initiated GC) [PSYoungGen: 332028K->167412K(465920K)] 1420391K->1288056K(1864192K), 0.0594403 secs] [Times: user=0.28 sys=0.01, real=0.06 secs] 
3457.453: [GC (Allocation Failure) [PSYoungGen: 400372K->185078K(465920K)] 1521182K->1358100K(1864192K), 0.0452460 secs] [Times: user=0.21 sys=0.00, real=0.04 secs] 
3457.615: [GC (GCLocker Initiated GC) [PSYoungGen: 418038K->179158K(465920K)] 1591061K->1416477K(1864192K), 0.0619156 secs] [Times: user=0.30 sys=0.01, real=0.06 secs] 
3458.362: [GC (Allocation Failure) [PSYoungGen: 412118K->185237K(465920K)] 1656609K->1486608K(1864192K), 0.0608741 secs] [Times: user=0.30 sys=0.00, real=0.06 secs] 
3458.822: [GC (Allocation Failure) [PSYoungGen: 418197K->101324K(465920K)] 1719568K->1472631K(1864192K), 0.0896756 secs] [Times: user=0.47 sys=0.02, real=0.09 secs] 
3458.912: [Full GC (Ergonomics) [PSYoungGen: 101324K->0K(465920K)] [ParOldGen: 1371307K->119503K(1398272K)] 1472631K->119503K(1864192K), [Metaspace: 60123K->60123K(1105920K)], 0.1341128 secs] [Times: user=0.60 sys=0.01, real=0.13 secs] 
3459.171: [GC (Allocation Failure) [PSYoungGen: 232960K->181942K(465920K)] 352463K->301445K(1864192K), 0.0256309 secs] [Times: user=0.09 sys=0.00, real=0.02 secs] 
3459.306: [GC (Allocation Failure) [PSYoungGen: 414902K->185462K(465920K)] 534405K->362025K(1864192K), 0.0416408 secs] [Times: user=0.18 sys=0.00, real=0.04 secs] 
3459.449: [GC (Allocation Failure) [PSYoungGen: 418422K->187125K(465920K)] 594985K->419725K(1864192K), 0.0442959 secs] [Times: user=0.20 sys=0.00, real=0.04 secs] 
3460.423: [GC (Allocation Failure) [PSYoungGen: 420085K->95723K(465920K)] 652685K->398859K(1864192K), 0.0431369 secs] [Times: user=0.23 sys=0.00, real=0.04 secs] 
3460.682: [GC (Allocation Failure) [PSYoungGen: 328683K->170644K(465920K)] 631819K->504889K(1864192K), 0.0662186 secs] [Times: user=0.31 sys=0.00, real=0.06 secs] 
3460.915: [GC (Allocation Failure) [PSYoungGen: 403604K->185142K(465920K)] 737849K->573410K(1864192K), 0.0426295 secs] [Times: user=0.19 sys=0.00, real=0.04 secs] 
3461.085: [GC (Allocation Failure) [PSYoungGen: 418102K->185751K(465920K)] 806370K->638460K(1864192K), 0.0545629 secs] [Times: user=0.26 sys=0.00, real=0.06 secs] 
3461.906: [GC (Allocation Failure) [PSYoungGen: 418711K->210451K(465920K)] 871420K->722156K(1864192K), 0.0553511 secs] [Times: user=0.28 sys=0.01, real=0.06 secs] 
3464.246: [GC (Allocation Failure) [PSYoungGen: 443411K->91530K(465920K)] 955116K->669271K(1864192K), 0.1076008 secs] [Times: user=0.59 sys=0.01, real=0.11 secs] 
3464.551: [GC (Allocation Failure) [PSYoungGen: 324490K->181014K(465920K)] 902231K->788219K(1864192K), 0.0342714 secs] [Times: user=0.14 sys=0.00, real=0.03 secs] 
3464.717: [GC (Allocation Failure) [PSYoungGen: 413974K->185462K(465920K)] 1021179K->849204K(1864192K), 0.0487111 secs] [Times: user=0.23 sys=0.00, real=0.05 secs] 
3464.907: [GC (Allocation Failure) [PSYoungGen: 418422K->186965K(465920K)] 1082164K->906867K(1864192K), 0.0618755 secs] [Times: user=0.30 sys=0.00, real=0.07 secs] 
3465.910: [GC (Allocation Failure) [PSYoungGen: 419925K->103308K(465920K)] 1139827K->893570K(1864192K), 0.0453452 secs] [Times: user=0.23 sys=0.00, real=0.04 secs] 
3466.125: [GC (GCLocker Initiated GC) [PSYoungGen: 336268K->171284K(465920K)] 1126530K->995543K(1864192K), 0.0659469 secs] [Times: user=0.32 sys=0.00, real=0.07 secs] 
3466.326: [GC (Allocation Failure) [PSYoungGen: 404244K->184790K(465920K)] 1228798K->1063124K(1864192K), 0.0429962 secs] [Times: user=0.19 sys=0.00, real=0.05 secs] 
3466.476: [GC (Allocation Failure) [PSYoungGen: 417750K->182198K(465920K)] 1296084K->1125004K(1864192K), 0.0497401 secs] [Times: user=0.22 sys=0.00, real=0.05 secs] 
3467.188: [GC (Allocation Failure) [PSYoungGen: 415158K->219412K(465920K)] 1357964K->1219866K(1864192K), 0.0551395 secs] [Times: user=0.27 sys=0.00, real=0.06 secs] 
3467.888: [GC (Allocation Failure) [PSYoungGen: 452372K->98283K(465920K)] 1452826K->1166505K(1864192K), 0.0994386 secs] [Times: user=0.54 sys=0.00, real=0.10 secs] 
3468.169: [GC (Allocation Failure) [PSYoungGen: 331243K->185558K(465920K)] 1399465K->1285505K(1864192K), 0.0357825 secs] [Times: user=0.15 sys=0.00, real=0.03 secs] 
3468.334: [GC (GCLocker Initiated GC) [PSYoungGen: 418518K->184534K(465920K)] 1518465K->1340921K(1864192K), 0.0585092 secs] [Times: user=0.28 sys=0.00, real=0.06 secs] 
3468.532: [GC (Allocation Failure) [PSYoungGen: 417494K->187029K(465920K)] 1574048K->1399443K(1864192K), 0.0463016 secs] [Times: user=0.22 sys=0.00, real=0.04 secs] 
3469.788: [GC (Allocation Failure) [PSYoungGen: 419989K->99468K(465920K)] 1632403K->1382322K(1864192K), 0.0929390 secs] [Times: user=0.50 sys=0.00, real=0.10 secs] 
3471.532: [GC (Allocation Failure) [PSYoungGen: 332428K->167828K(465920K)] 1615282K->1482646K(1864192K), 0.0597878 secs] [Times: user=0.28 sys=0.00, real=0.06 secs] 
3471.592: [Full GC (Ergonomics) [PSYoungGen: 167828K->0K(465920K)] [ParOldGen: 1314818K->191085K(1398272K)] 1482646K->191085K(1864192K), [Metaspace: 60123K->60123K(1105920K)], 0.1953485 secs] [Times: user=0.91 sys=0.00, real=0.19 secs] 
3471.897: [GC (Allocation Failure) [PSYoungGen: 232960K->182709K(465920K)] 424045K->373795K(1864192K), 0.0338175 secs] [Times: user=0.14 sys=0.00, real=0.04 secs] 
3472.041: [GC (Allocation Failure) [PSYoungGen: 415669K->186007K(465920K)] 606755K->441109K(1864192K), 0.0431985 secs] [Times: user=0.19 sys=0.00, real=0.04 secs] 
3472.606: [GC (Allocation Failure) [PSYoungGen: 416033K->214548K(465920K)] 671134K->528514K(1864192K), 0.0539423 secs] [Times: user=0.26 sys=0.00, real=0.06 secs] 
3473.349: [GC (Allocation Failure) [PSYoungGen: 447508K->95051K(465920K)] 761474K->477209K(1864192K), 0.0572845 secs] [Times: user=0.29 sys=0.01, real=0.05 secs] 
3473.588: [GC (Allocation Failure) [PSYoungGen: 328011K->182902K(465920K)] 710169K->595541K(1864192K), 0.0491058 secs] [Times: user=0.21 sys=0.00, real=0.05 secs] 
3473.761: [GC (Allocation Failure) [PSYoungGen: 415862K->185366K(465920K)] 828501K->654812K(1864192K), 0.0439404 secs] [Times: user=0.20 sys=0.00, real=0.04 secs] 
3474.066: [GC (Allocation Failure) [PSYoungGen: 418326K->186133K(465920K)] 887772K->711924K(1864192K), 0.0457968 secs] [Times: user=0.21 sys=0.00, real=0.05 secs] 
3475.048: [GC (Allocation Failure) [PSYoungGen: 419093K->102076K(465920K)] 944884K->698035K(1864192K), 0.0448156 secs] [Times: user=0.22 sys=0.00, real=0.05 secs] 
3475.350: [GC (Allocation Failure) [PSYoungGen: 335036K->173204K(465920K)] 930995K->801984K(1864192K), 0.0632797 secs] [Times: user=0.30 sys=0.00, real=0.06 secs] 
3475.547: [GC (Allocation Failure) [PSYoungGen: 406164K->185110K(465920K)] 1034944K->868569K(1864192K), 0.0432515 secs] [Times: user=0.19 sys=0.00, real=0.05 secs] 
3475.697: [GC (Allocation Failure) [PSYoungGen: 418070K->182486K(465920K)] 1101529K->930122K(1864192K), 0.0497348 secs] [Times: user=0.23 sys=0.01, real=0.05 secs] 
3476.177: [GC (Allocation Failure) [PSYoungGen: 415446K->211027K(465920K)] 1163082K->1016459K(1864192K), 0.0526836 secs] [Times: user=0.26 sys=0.00, real=0.06 secs] 
3477.541: [GC (Allocation Failure) [PSYoungGen: 443987K->98571K(465920K)] 1249419K->970395K(1864192K), 0.1087119 secs] [Times: user=0.60 sys=0.00, real=0.11 secs] 
3477.844: [GC (Allocation Failure) [PSYoungGen: 331251K->183958K(465920K)] 1203075K->1088223K(1864192K), 0.0352926 secs] [Times: user=0.15 sys=0.00, real=0.04 secs] 
3477.988: [GC (Allocation Failure) [PSYoungGen: 416918K->185174K(465920K)] 1321183K->1146335K(1864192K), 0.0440249 secs] [Times: user=0.20 sys=0.00, real=0.04 secs] 
3478.137: [GC (Allocation Failure) [PSYoungGen: 418134K->187029K(465920K)] 1379295K->1204266K(1864192K), 0.0461093 secs] [Times: user=0.21 sys=0.00, real=0.05 secs] 
3479.222: [GC (Allocation Failure) [PSYoungGen: 419989K->99900K(465920K)] 1437226K->1187829K(1864192K), 0.0515290 secs] [Times: user=0.28 sys=0.00, real=0.05 secs] 
3479.621: [GC (Allocation Failure) [PSYoungGen: 332860K->174741K(465920K)] 1420789K->1295290K(1864192K), 0.0403791 secs] [Times: user=0.16 sys=0.00, real=0.04 secs] 
3479.898: [GC (Allocation Failure) [PSYoungGen: 407701K->182197K(465920K)] 1528250K->1356827K(1864192K), 0.0575835 secs] [Times: user=0.28 sys=0.00, real=0.06 secs] 
3480.183: [GC (Allocation Failure) [PSYoungGen: 415157K->184215K(465920K)] 1589787K->1422084K(1864192K), 0.0590877 secs] [Times: user=0.29 sys=0.00, real=0.06 secs] 
3481.130: [GC (Allocation Failure) [PSYoungGen: 417175K->208325K(465920K)] 1655044K->1504682K(1864192K), 0.0517674 secs] [Times: user=0.25 sys=0.00, real=0.05 secs] 
3481.475: [GC (Allocation Failure) [PSYoungGen: 441285K->105836K(465920K)] 1737642K->1467098K(1864192K), 0.0506364 secs] [Times: user=0.26 sys=0.00, real=0.05 secs] 
3481.526: [Full GC (Ergonomics) [PSYoungGen: 105836K->0K(465920K)] [ParOldGen: 1361261K->123954K(1398272K)] 1467098K->123954K(1864192K), [Metaspace: 60123K->60123K(1105920K)], 0.1096174 secs] [Times: user=0.46 sys=0.00, real=0.11 secs] 
3481.811: [GC (Allocation Failure) [PSYoungGen: 231532K->178229K(465920K)] 355486K->302184K(1864192K), 0.0321768 secs] [Times: user=0.12 sys=0.00, real=0.03 secs] 
3481.979: [GC (Allocation Failure) [PSYoungGen: 411189K->185206K(465920K)] 535144K->364800K(1864192K), 0.0417277 secs] [Times: user=0.18 sys=0.00, real=0.04 secs] 
3482.126: [GC (Allocation Failure) [PSYoungGen: 418166K->187669K(465920K)] 597760K->423444K(1864192K), 0.0447795 secs] [Times: user=0.21 sys=0.00, real=0.05 secs] 
3483.314: [GC (Allocation Failure) [PSYoungGen: 420629K->97883K(465920K)] 656404K->404346K(1864192K), 0.0580012 secs] [Times: user=0.31 sys=0.00, real=0.06 secs] 
3484.255: [GC (Allocation Failure) [PSYoungGen: 330843K->170612K(465920K)] 637306K->509052K(1864192K), 0.0575900 secs] [Times: user=0.26 sys=0.00, real=0.06 secs] 
3484.494: [GC (Allocation Failure) [PSYoungGen: 403572K->182005K(465920K)] 742012K->573541K(1864192K), 0.0582972 secs] [Times: user=0.28 sys=0.00, real=0.06 secs] 
3484.673: [GC (Allocation Failure) [PSYoungGen: 414965K->186263K(465920K)] 806501K->641471K(1864192K), 0.0490444 secs] [Times: user=0.23 sys=0.00, real=0.05 secs] 
3485.465: [GC (Allocation Failure) [PSYoungGen: 415044K->210675K(465920K)] 870252K->724983K(1864192K), 0.0551510 secs] [Times: user=0.28 sys=0.00, real=0.06 secs] 
3486.851: [GC (Allocation Failure) [PSYoungGen: 443635K->100252K(465920K)] 957943K->680756K(1864192K), 0.0896161 secs] [Times: user=0.48 sys=0.00, real=0.09 secs] 
3487.116: [GC (Allocation Failure) [PSYoungGen: 331856K->181654K(465920K)] 912360K->794599K(1864192K), 0.0351358 secs] [Times: user=0.14 sys=0.00, real=0.04 secs] 
3487.295: [GC (Allocation Failure) [PSYoungGen: 414614K->184982K(465920K)] 1027559K->854431K(1864192K), 0.0536791 secs] [Times: user=0.26 sys=0.00, real=0.06 secs] 
3487.620: [GC (Allocation Failure) [PSYoungGen: 417942K->182740K(465920K)] 1087391K->908205K(1864192K), 0.0652254 secs] [Times: user=0.32 sys=0.01, real=0.06 secs] 
3489.304: [GC (Allocation Failure) [PSYoungGen: 415700K->99068K(465920K)] 1141165K->893685K(1864192K), 0.0449667 secs] [Times: user=0.22 sys=0.01, real=0.05 secs] 
3489.581: [GC (Allocation Failure) [PSYoungGen: 332028K->167444K(465920K)] 1126645K->994554K(1864192K), 0.0732987 secs] [Times: user=0.35 sys=0.00, real=0.07 secs] 
3489.807: [GC (Allocation Failure) [PSYoungGen: 400404K->184245K(465920K)] 1227514K->1064128K(1864192K), 0.0432622 secs] [Times: user=0.19 sys=0.00, real=0.05 secs] 
3489.964: [GC (Allocation Failure) [PSYoungGen: 417205K->182998K(465920K)] 1297088K->1127169K(1864192K), 0.0503612 secs] [Times: user=0.23 sys=0.00, real=0.05 secs] 
3490.245: [GC (Allocation Failure) [PSYoungGen: 415452K->216916K(465920K)] 1359623K->1218931K(1864192K), 0.0555633 secs] [Times: user=0.27 sys=0.00, real=0.06 secs] 
3491.587: [GC (Allocation Failure) [PSYoungGen: 449876K->94987K(465920K)] 1451891K->1166413K(1864192K), 0.0950727 secs] [Times: user=0.52 sys=0.00, real=0.10 secs] 
3491.893: [GC (Allocation Failure) [PSYoungGen: 327947K->183894K(465920K)] 1399373K->1286809K(1864192K), 0.0407722 secs] [Times: user=0.18 sys=0.00, real=0.04 secs] 
3492.067: [GC (Allocation Failure) [PSYoungGen: 416854K->179733K(465920K)] 1519769K->1339608K(1864192K), 0.0624331 secs] [Times: user=0.30 sys=0.00, real=0.07 secs] 
3492.270: [GC (Allocation Failure) [PSYoungGen: 412693K->187445K(465920K)] 1572568K->1402264K(1864192K), 0.0460839 secs] [Times: user=0.22 sys=0.00, real=0.04 secs] 
3493.468: [GC (Allocation Failure) [PSYoungGen: 420405K->105644K(465920K)] 1635224K->1391076K(1864192K), 0.0716023 secs] [Times: user=0.39 sys=0.01, real=0.08 secs] 
3494.273: [GC (Allocation Failure) [PSYoungGen: 338604K->169556K(465920K)] 1624036K->1489148K(1864192K), 0.0642111 secs] [Times: user=0.31 sys=0.00, real=0.06 secs] 
3494.338: [Full GC (Ergonomics) [PSYoungGen: 169556K->0K(465920K)] [ParOldGen: 1319592K->193761K(1398272K)] 1489148K->193761K(1864192K), [Metaspace: 60123K->60123K(1105920K)], 0.1949433 secs] [Times: user=0.89 sys=0.00, real=0.20 secs] 
3494.642: [GC (Allocation Failure) [PSYoungGen: 232960K->184790K(465920K)] 426721K->378551K(1864192K), 0.0330215 secs] [Times: user=0.13 sys=0.00, real=0.03 secs] 
3494.813: [GC (Allocation Failure) [PSYoungGen: 417750K->185239K(465920K)] 611511K->443320K(1864192K), 0.0480616 secs] [Times: user=0.23 sys=0.00, real=0.05 secs] 
3495.488: [GC (Allocation Failure) [PSYoungGen: 418199K->215667K(465920K)] 676280K->532645K(1864192K), 0.0543016 secs] [Times: user=0.27 sys=0.00, real=0.06 secs] 
3495.940: [GC (Allocation Failure) [PSYoungGen: 448627K->103116K(465920K)] 765605K->486742K(1864192K), 0.0404911 secs] [Times: user=0.20 sys=0.00, real=0.04 secs] 
3496.088: [GC (Allocation Failure) [PSYoungGen: 332238K->178805K(465920K)] 715864K->595372K(1864192K), 0.0347655 secs] [Times: user=0.15 sys=0.00, real=0.04 secs] 
3496.228: [GC (Allocation Failure) [PSYoungGen: 411765K->184982K(465920K)] 828332K->657440K(1864192K), 0.0435279 secs] [Times: user=0.19 sys=0.00, real=0.04 secs] 
3496.374: [GC (Allocation Failure) [PSYoungGen: 417942K->186453K(465920K)] 890400K->714960K(1864192K), 0.0453425 secs] [Times: user=0.21 sys=0.00, real=0.05 secs] 
3497.341: [GC (Allocation Failure) [PSYoungGen: 419413K->99356K(465920K)] 947920K->698286K(1864192K), 0.0442774 secs] [Times: user=0.22 sys=0.00, real=0.04 secs] 
3497.578: [GC (GCLocker Initiated GC) [PSYoungGen: 332316K->168404K(465920K)] 931248K->799737K(1864192K), 0.0703118 secs] [Times: user=0.34 sys=0.00, real=0.07 secs] 
3497.846: [GC (Allocation Failure) [PSYoungGen: 401364K->191509K(465920K)] 1032735K->875853K(1864192K), 0.0549815 secs] [Times: user=0.25 sys=0.00, real=0.06 secs] 
3498.068: [GC (Allocation Failure) [PSYoungGen: 424469K->185431K(465920K)] 1108813K->933759K(1864192K), 0.0619752 secs] [Times: user=0.30 sys=0.00, real=0.07 secs] 
3498.861: [GC (Allocation Failure) [PSYoungGen: 417917K->213364K(465920K)] 1166245K->1020499K(1864192K), 0.0554922 secs] [Times: user=0.27 sys=0.01, real=0.05 secs] 
3500.870: [GC (Allocation Failure) [PSYoungGen: 446324K->95147K(465920K)] 1253459K->969419K(1864192K), 0.1144359 secs] [Times: user=0.63 sys=0.00, real=0.11 secs] 
3501.190: [GC (Allocation Failure) [PSYoungGen: 328107K->184150K(465920K)] 1202379K->1089347K(1864192K), 0.0355104 secs] [Times: user=0.14 sys=0.00, real=0.03 secs] 
3501.332: [GC (Allocation Failure) [PSYoungGen: 417110K->185110K(465920K)] 1322307K->1147411K(1864192K), 0.0452215 secs] [Times: user=0.20 sys=0.00, real=0.04 secs] 
3501.479: [GC (Allocation Failure) [PSYoungGen: 418070K->187413K(465920K)] 1380371K->1205802K(1864192K), 0.0467323 secs] [Times: user=0.22 sys=0.00, real=0.04 secs] 
3502.491: [GC (Allocation Failure) [PSYoungGen: 420373K->100284K(465920K)] 1438762K->1189281K(1864192K), 0.0549409 secs] [Times: user=0.29 sys=0.00, real=0.05 secs] 
3503.174: [GC (Allocation Failure) [PSYoungGen: 333244K->169236K(465920K)] 1422241K->1291326K(1864192K), 0.0875766 secs] [Times: user=0.43 sys=0.00, real=0.09 secs] 
3503.468: [GC (Allocation Failure) [PSYoungGen: 402196K->184438K(465920K)] 1524286K->1358768K(1864192K), 0.0484362 secs] [Times: user=0.22 sys=0.00, real=0.05 secs] 
3503.985: [GC (Allocation Failure) [PSYoungGen: 417398K->185783K(465920K)] 1591728K->1424201K(1864192K), 0.0640613 secs] [Times: user=0.32 sys=0.00, real=0.07 secs] 
3504.882: [GC (Allocation Failure) [PSYoungGen: 414406K->209267K(465920K)] 1652824K->1506685K(1864192K), 0.0591638 secs] [Times: user=0.29 sys=0.01, real=0.06 secs] 
3505.296: [GC (Allocation Failure) [PSYoungGen: 442227K->98107K(465920K)] 1739645K->1461173K(1864192K), 0.0607974 secs] [Times: user=0.32 sys=0.00, real=0.06 secs] 
3505.357: [Full GC (Ergonomics) [PSYoungGen: 98107K->0K(465920K)] [ParOldGen: 1363066K->116345K(1398272K)] 1461173K->116345K(1864192K), [Metaspace: 60128K->60128K(1105920K)], 0.1294898 secs] [Times: user=0.58 sys=0.00, real=0.13 secs] 
3505.633: [GC (Allocation Failure) [PSYoungGen: 232960K->180597K(465920K)] 349305K->296943K(1864192K), 0.0250277 secs] [Times: user=0.08 sys=0.00, real=0.02 secs] 
3505.821: [GC (Allocation Failure) [PSYoungGen: 413557K->184598K(465920K)] 529903K->357247K(1864192K), 0.0647693 secs] [Times: user=0.31 sys=0.01, real=0.06 secs] 
3506.067: [GC (Allocation Failure) [PSYoungGen: 417558K->187381K(465920K)] 590207K->415998K(1864192K), 0.0632647 secs] [Times: user=0.31 sys=0.00, real=0.07 secs] 
3507.212: [GC (Allocation Failure) [PSYoungGen: 420341K->100364K(465920K)] 648958K->399697K(1864192K), 0.0448937 secs] [Times: user=0.24 sys=0.00, real=0.04 secs] 
3508.178: [GC (Allocation Failure) [PSYoungGen: 333324K->169556K(465920K)] 632657K->501326K(1864192K), 0.0597111 secs] [Times: user=0.28 sys=0.00, real=0.06 secs] 
3508.363: [GC (Allocation Failure) [PSYoungGen: 402516K->184982K(465920K)] 734286K->569932K(1864192K), 0.0421752 secs] [Times: user=0.19 sys=0.00, real=0.04 secs] 
3508.516: [GC (Allocation Failure) [PSYoungGen: 417942K->186135K(465920K)] 802892K->635525K(1864192K), 0.0497279 secs] [Times: user=0.23 sys=0.00, real=0.05 secs] 
3509.409: [GC (Allocation Failure) [PSYoungGen: 417358K->211987K(465920K)] 866748K->720634K(1864192K), 0.0561608 secs] [Times: user=0.28 sys=0.00, real=0.05 secs] 
3510.090: [GC (Allocation Failure) [PSYoungGen: 444947K->102268K(465920K)] 953594K->677386K(1864192K), 0.0912105 secs] [Times: user=0.49 sys=0.00, real=0.09 secs] 
3510.375: [GC (Allocation Failure) [PSYoungGen: 335228K->179413K(465920K)] 910346K->787517K(1864192K), 0.0347725 secs] [Times: user=0.14 sys=0.01, real=0.04 secs] 
3510.606: [GC (Allocation Failure) [PSYoungGen: 412373K->184566K(465920K)] 1020477K->848125K(1864192K), 0.0493584 secs] [Times: user=0.20 sys=0.00, real=0.05 secs] 
3511.008: [GC (Allocation Failure) [PSYoungGen: 417526K->186933K(465920K)] 1081085K->906484K(1864192K), 0.0601575 secs] [Times: user=0.29 sys=0.00, real=0.06 secs] 
3512.362: [GC (Allocation Failure) [PSYoungGen: 419893K->100956K(465920K)] 1139444K->890779K(1864192K), 0.0448993 secs] [Times: user=0.23 sys=0.00, real=0.04 secs] 
3512.592: [GC (Allocation Failure) [PSYoungGen: 333916K->175061K(465920K)] 1123739K->998089K(1864192K), 0.0640794 secs] [Times: user=0.30 sys=0.01, real=0.06 secs] 
3512.796: [GC (Allocation Failure) [PSYoungGen: 408021K->184470K(465920K)] 1231049K->1062502K(1864192K), 0.0436588 secs] [Times: user=0.20 sys=0.00, real=0.05 secs] 
3512.995: [GC (Allocation Failure) [PSYoungGen: 417430K->182710K(465920K)] 1295462K->1124967K(1864192K), 0.0667226 secs] [Times: user=0.32 sys=0.00, real=0.07 secs] 
3513.936: [GC (Allocation Failure) [PSYoungGen: 415670K->169779K(465920K)] 1357927K->1169899K(1864192K), 0.0549378 secs] [Times: user=0.28 sys=0.00, real=0.06 secs] 
3515.196: [GC (Allocation Failure) [PSYoungGen: 402739K->102316K(465920K)] 1402859K->1167452K(1864192K), 0.1044347 secs] [Times: user=0.56 sys=0.00, real=0.11 secs] 
3515.486: [GC (Allocation Failure) [PSYoungGen: 333822K->180182K(465920K)] 1398959K->1278723K(1864192K), 0.0359882 secs] [Times: user=0.15 sys=0.00, real=0.04 secs] 
3515.631: [GC (Allocation Failure) [PSYoungGen: 413142K->185302K(465920K)] 1511683K->1339667K(1864192K), 0.0457554 secs] [Times: user=0.21 sys=0.00, real=0.04 secs] 
3515.780: [GC (Allocation Failure) [PSYoungGen: 418262K->184212K(465920K)] 1572627K->1394634K(1864192K), 0.0472459 secs] [Times: user=0.23 sys=0.00, real=0.04 secs] 
3517.018: [GC (Allocation Failure) [PSYoungGen: 417172K->102140K(465920K)] 1627594K->1382122K(1864192K), 0.0599085 secs] [Times: user=0.32 sys=0.00, real=0.06 secs] 
3517.603: [GC (Allocation Failure) [PSYoungGen: 335100K->171700K(465920K)] 1615082K->1485307K(1864192K), 0.0573708 secs] [Times: user=0.27 sys=0.00, real=0.06 secs] 
3517.661: [Full GC (Ergonomics) [PSYoungGen: 171700K->0K(465920K)] [ParOldGen: 1313606K->196997K(1398272K)] 1485307K->196997K(1864192K), [Metaspace: 60133K->60133K(1105920K)], 0.1959146 secs] [Times: user=0.86 sys=0.00, real=0.19 secs] 
3517.968: [GC (Allocation Failure) [PSYoungGen: 232960K->189333K(465920K)] 429957K->386330K(1864192K), 0.0331934 secs] [Times: user=0.13 sys=0.00, real=0.04 secs] 
3518.241: [GC (GCLocker Initiated GC) [PSYoungGen: 422293K->184695K(465920K)] 619290K->444932K(1864192K), 0.0590369 secs] [Times: user=0.28 sys=0.00, real=0.06 secs] 
3519.757: [GC (Allocation Failure) [PSYoungGen: 417655K->174131K(465920K)] 677893K->493018K(1864192K), 0.0543054 secs] [Times: user=0.27 sys=0.00, real=0.06 secs] 
3520.080: [GC (Allocation Failure) [PSYoungGen: 407091K->106540K(465920K)] 725978K->491739K(1864192K), 0.0538247 secs] [Times: user=0.28 sys=0.00, real=0.05 secs] 
3520.347: [GC (Allocation Failure) [PSYoungGen: 339500K->177173K(465920K)] 724699K->595833K(1864192K), 0.0477600 secs] [Times: user=0.21 sys=0.00, real=0.05 secs] 
3520.512: [GC (Allocation Failure) [PSYoungGen: 410133K->185526K(465920K)] 828793K->660141K(1864192K), 0.0433383 secs] [Times: user=0.19 sys=0.00, real=0.04 secs] 
3520.680: [GC (Allocation Failure) [PSYoungGen: 418486K->183444K(465920K)] 893101K->714180K(1864192K), 0.0607279 secs] [Times: user=0.29 sys=0.00, real=0.06 secs] 
3521.739: [GC (Allocation Failure) [PSYoungGen: 416404K->102476K(465920K)] 947140K->702500K(1864192K), 0.0475640 secs] [Times: user=0.25 sys=0.00, real=0.04 secs] 
3522.416: [GC (Allocation Failure) [PSYoungGen: 335436K->171316K(465920K)] 935460K->804513K(1864192K), 0.0579549 secs] [Times: user=0.28 sys=0.00, real=0.06 secs] 
3522.603: [GC (Allocation Failure) [PSYoungGen: 404276K->185238K(465920K)] 1037473K->872643K(1864192K), 0.0435540 secs] [Times: user=0.20 sys=0.00, real=0.04 secs] 
3522.758: [GC (Allocation Failure) [PSYoungGen: 418198K->185847K(465920K)] 1105603K->937748K(1864192K), 0.0506766 secs] [Times: user=0.23 sys=0.00, real=0.05 secs] 
3523.651: [GC (Allocation Failure) [PSYoungGen: 418807K->213867K(465920K)] 1170708K->1024720K(1864192K), 0.0523430 secs] [Times: user=0.25 sys=0.01, real=0.05 secs] 
3524.828: [GC (Allocation Failure) [PSYoungGen: 446827K->103004K(465920K)] 1257680K->979057K(1864192K), 0.1005240 secs] [Times: user=0.54 sys=0.00, real=0.10 secs] 
3525.109: [GC (Allocation Failure) [PSYoungGen: 331726K->179445K(465920K)] 1207779K->1089199K(1864192K), 0.0352801 secs] [Times: user=0.14 sys=0.00, real=0.03 secs] 
3525.279: [GC (Allocation Failure) [PSYoungGen: 412405K->184278K(465920K)] 1322159K->1149751K(1864192K), 0.0639405 secs] [Times: user=0.31 sys=0.00, real=0.06 secs] 
3525.507: [GC (Allocation Failure) [PSYoungGen: 417238K->187221K(465920K)] 1382711K->1208663K(1864192K), 0.0521686 secs] [Times: user=0.24 sys=0.00, real=0.06 secs] 
3526.661: [GC (Allocation Failure) [PSYoungGen: 420181K->99516K(465920K)] 1441623K->1191510K(1864192K), 0.0449030 secs] [Times: user=0.23 sys=0.00, real=0.04 secs] 
3526.820: [GC (Allocation Failure) [PSYoungGen: 332476K->174613K(465920K)] 1424470K->1299712K(1864192K), 0.0436147 secs] [Times: user=0.19 sys=0.00, real=0.04 secs] 
3526.970: [GC (Allocation Failure) [PSYoungGen: 407573K->184342K(465920K)] 1532672K->1363680K(1864192K), 0.0441112 secs] [Times: user=0.20 sys=0.00, real=0.04 secs] 
3527.121: [GC (Allocation Failure) [PSYoungGen: 416079K->184054K(465920K)] 1595418K->1427562K(1864192K), 0.0513552 secs] [Times: user=0.24 sys=0.00, real=0.05 secs] 
3528.021: [GC (Allocation Failure) [PSYoungGen: 417014K->168947K(465920K)] 1660522K->1470974K(1864192K), 0.0563140 secs] [Times: user=0.28 sys=0.00, real=0.05 secs] 
3528.346: [GC (GCLocker Initiated GC) [PSYoungGen: 401907K->110893K(465920K)] 1703934K->1477584K(1864192K), 0.0613845 secs] [Times: user=0.31 sys=0.00, real=0.06 secs] 
3528.408: [Full GC (Ergonomics) [PSYoungGen: 110893K->0K(465920K)] [ParOldGen: 1366691K->128521K(1398272K)] 1477584K->128521K(1864192K), [Metaspace: 60133K->60133K(1105920K)], 0.1401982 secs] [Times: user=0.64 sys=0.00, real=0.14 secs] 
3528.701: [GC (Allocation Failure) [PSYoungGen: 232960K->172021K(465920K)] 369840K->308901K(1864192K), 0.1063952 secs] [Times: user=0.58 sys=0.00, real=0.10 secs] 
3528.918: [GC (Allocation Failure) [PSYoungGen: 404981K->184855K(465920K)] 541861K->377499K(1864192K), 0.1658785 secs] [Times: user=0.93 sys=0.00, real=0.17 secs] 
3529.196: [GC (Allocation Failure) [PSYoungGen: 417815K->187317K(465920K)] 610459K->438513K(1864192K), 0.0580357 secs] [Times: user=0.28 sys=0.00, real=0.06 secs] 
3530.484: [GC (Allocation Failure) [PSYoungGen: 420277K->98859K(465920K)] 671473K->420796K(1864192K), 0.0697933 secs] [Times: user=0.37 sys=0.00, real=0.07 secs] 
3531.419: [GC (Allocation Failure) [PSYoungGen: 331819K->173172K(465920K)] 653756K->527082K(1864192K), 0.0544394 secs] [Times: user=0.25 sys=0.00, real=0.05 secs] 
3531.598: [GC (Allocation Failure) [PSYoungGen: 406132K->179573K(465920K)] 760042K->587698K(1864192K), 0.0422731 secs] [Times: user=0.19 sys=0.00, real=0.05 secs] 
3531.746: [GC (Allocation Failure) [PSYoungGen: 405389K->179158K(465920K)] 813514K->650579K(1864192K), 0.0487416 secs] [Times: user=0.22 sys=0.00, real=0.05 secs] 
3532.656: [GC (Allocation Failure) [PSYoungGen: 412118K->169235K(461824K)] 883539K->697516K(1860096K), 0.0535911 secs] [Times: user=0.27 sys=0.00, real=0.06 secs] 
3533.014: [GC (Allocation Failure) [PSYoungGen: 402195K->115277K(463872K)] 930476K->708279K(1862144K), 0.0407587 secs] [Times: user=0.20 sys=0.00, real=0.04 secs] 
3533.342: [GC (Allocation Failure) [PSYoungGen: 348237K->177173K(466944K)] 941239K->807378K(1865216K), 0.0502977 secs] [Times: user=0.22 sys=0.00, real=0.05 secs] 
3533.723: [GC (Allocation Failure) [PSYoungGen: 411157K->181654K(465920K)] 1041362K->873532K(1864192K), 0.0722410 secs] [Times: user=0.35 sys=0.00, real=0.07 secs] 
3534.154: [GC (Allocation Failure) [PSYoungGen: 415638K->186677K(465408K)] 1107516K->936027K(1863680K), 0.1101186 secs] [Times: user=0.57 sys=0.00, real=0.11 secs] 
3535.269: [GC (Allocation Failure) [PSYoungGen: 419637K->96955K(465920K)] 1168987K->916677K(1864192K), 0.0463088 secs] [Times: user=0.23 sys=0.00, real=0.04 secs] 
3535.557: [GC (Allocation Failure) [PSYoungGen: 329915K->174229K(465920K)] 1149637K->1025431K(1864192K), 0.0563177 secs] [Times: user=0.26 sys=0.00, real=0.06 secs] 
3535.790: [GC (Allocation Failure) [PSYoungGen: 407189K->185078K(465920K)] 1258391K->1091276K(1864192K), 0.0623585 secs] [Times: user=0.30 sys=0.00, real=0.06 secs] 
3536.002: [GC (Allocation Failure) [PSYoungGen: 410074K->176406K(465920K)] 1316272K->1146852K(1864192K), 0.0581102 secs] [Times: user=0.28 sys=0.00, real=0.06 secs] 
3536.821: [GC (Allocation Failure) [PSYoungGen: 404537K->205491K(465920K)] 1374983K->1232065K(1864192K), 0.0539726 secs] [Times: user=0.27 sys=0.00, real=0.05 secs] 
3538.474: [GC (Allocation Failure) [PSYoungGen: 438451K->96011K(465920K)] 1465025K->1187333K(1864192K), 0.1136052 secs] [Times: user=0.63 sys=0.00, real=0.11 secs] 
3538.791: [GC (Allocation Failure) [PSYoungGen: 328971K->184182K(465920K)] 1420293K->1306933K(1864192K), 0.0364816 secs] [Times: user=0.15 sys=0.00, real=0.03 secs] 
3538.971: [GC (Allocation Failure) [PSYoungGen: 417142K->185046K(465920K)] 1539893K->1364741K(1864192K), 0.0687709 secs] [Times: user=0.34 sys=0.00, real=0.07 secs] 
3539.220: [GC (Allocation Failure) [PSYoungGen: 418006K->181684K(465920K)] 1597701K->1417412K(1864192K), 0.0609949 secs] [Times: user=0.29 sys=0.00, real=0.06 secs] 
3540.353: [GC (Allocation Failure) [PSYoungGen: 414644K->105004K(465920K)] 1650372K->1409240K(1864192K), 0.0602392 secs] [Times: user=0.32 sys=0.00, real=0.06 secs] 
3540.832: [GC (Allocation Failure) [PSYoungGen: 337964K->173461K(465920K)] 1642200K->1512181K(1864192K), 0.0679393 secs] [Times: user=0.33 sys=0.00, real=0.07 secs] 
3540.900: [Full GC (Ergonomics) [PSYoungGen: 173461K->0K(465920K)] [ParOldGen: 1338720K->198187K(1398272K)] 1512181K->198187K(1864192K), [Metaspace: 60135K->60135K(1105920K)], 0.2127915 secs] [Times: user=0.97 sys=0.01, real=0.21 secs] 
3541.222: [GC (GCLocker Initiated GC) [PSYoungGen: 232960K->178805K(465920K)] 431148K->376993K(1864192K), 0.0314932 secs] [Times: user=0.12 sys=0.00, real=0.03 secs] 
3541.363: [GC (Allocation Failure) [PSYoungGen: 411765K->185911K(465920K)] 609956K->446642K(1864192K), 0.0457893 secs] [Times: user=0.20 sys=0.00, real=0.05 secs] 
3541.803: [GC (Allocation Failure) [PSYoungGen: 418301K->209843K(465920K)] 679033K->529687K(1864192K), 0.0525153 secs] [Times: user=0.26 sys=0.00, real=0.05 secs] 
3542.564: [GC (Allocation Failure) [PSYoungGen: 442803K->101004K(465920K)] 762647K->487287K(1864192K), 0.0581522 secs] [Times: user=0.30 sys=0.00, real=0.06 secs] 
3542.804: [GC (Allocation Failure) [PSYoungGen: 333964K->182198K(465920K)] 720247K->600686K(1864192K), 0.0345479 secs] [Times: user=0.14 sys=0.00, real=0.04 secs] 
3542.943: [GC (Allocation Failure) [PSYoungGen: 415158K->185526K(465920K)] 833646K->661270K(1864192K), 0.0431354 secs] [Times: user=0.20 sys=0.00, real=0.04 secs] 
3543.107: [GC (Allocation Failure) [PSYoungGen: 418486K->187061K(465920K)] 894230K->718937K(1864192K), 0.0502995 secs] [Times: user=0.24 sys=0.00, real=0.05 secs] 
3544.210: [GC (Allocation Failure) [PSYoungGen: 420021K->92859K(465920K)] 951897K->695327K(1864192K), 0.0488740 secs] [Times: user=0.25 sys=0.01, real=0.05 secs] 
3544.915: [GC (Allocation Failure) [PSYoungGen: 325819K->172244K(465920K)] 928287K->804406K(1864192K), 0.0597742 secs] [Times: user=0.28 sys=0.00, real=0.06 secs] 
3545.107: [GC (Allocation Failure) [PSYoungGen: 405204K->185494K(465920K)] 1037366K->871663K(1864192K), 0.0433626 secs] [Times: user=0.20 sys=0.00, real=0.05 secs] 
3545.259: [GC (Allocation Failure) [PSYoungGen: 418454K->183606K(465920K)] 1104623K->934224K(1864192K), 0.0501429 secs] [Times: user=0.24 sys=0.00, real=0.05 secs] 
3545.827: [GC (Allocation Failure) [PSYoungGen: 416566K->214228K(465920K)] 1167184K->1023065K(1864192K), 0.0540569 secs] [Times: user=0.26 sys=0.01, real=0.06 secs] 
3547.420: [GC (Allocation Failure) [PSYoungGen: 447188K->99707K(465920K)] 1256025K->975953K(1864192K), 0.0896101 secs] [Times: user=0.48 sys=0.00, real=0.09 secs] 
3547.678: [GC (Allocation Failure) [PSYoungGen: 332667K->182358K(465920K)] 1208913K->1090532K(1864192K), 0.0357746 secs] [Times: user=0.15 sys=0.00, real=0.04 secs] 
3547.821: [GC (Allocation Failure) [PSYoungGen: 415318K->185494K(465920K)] 1323492K->1150580K(1864192K), 0.0448662 secs] [Times: user=0.20 sys=0.00, real=0.04 secs] 
3548.330: [GC (Allocation Failure) [PSYoungGen: 418454K->183828K(465920K)] 1383540K->1205119K(1864192K), 0.0939575 secs] [Times: user=0.47 sys=0.00, real=0.09 secs] 
3549.435: [GC (Allocation Failure) [PSYoungGen: 416788K->99516K(465920K)] 1438079K->1190262K(1864192K), 0.0461144 secs] [Times: user=0.24 sys=0.00, real=0.05 secs] 
3549.683: [GC (GCLocker Initiated GC) [PSYoungGen: 332476K->169492K(465920K)] 1423222K->1292772K(1864192K), 0.0789717 secs] [Times: user=0.38 sys=0.02, real=0.08 secs] 
3549.910: [GC (Allocation Failure) [PSYoungGen: 402452K->185142K(465920K)] 1525898K->1362008K(1864192K), 0.0439899 secs] [Times: user=0.20 sys=0.00, real=0.04 secs] 
3550.061: [GC (Allocation Failure) [PSYoungGen: 418102K->186295K(465920K)] 1594968K->1427509K(1864192K), 0.0518050 secs] [Times: user=0.24 sys=0.00, real=0.05 secs] 
3550.615: [GC (Allocation Failure) [PSYoungGen: 419255K->211411K(465920K)] 1660469K->1511650K(1864192K), 0.0542491 secs] [Times: user=0.26 sys=0.01, real=0.06 secs] 
3551.765: [GC (Allocation Failure) [PSYoungGen: 444371K->98363K(465920K)] 1744610K->1464866K(1864192K), 0.0991264 secs] [Times: user=0.54 sys=0.00, real=0.10 secs] 
3551.864: [Full GC (Ergonomics) [PSYoungGen: 98363K->0K(465920K)] [ParOldGen: 1366502K->115757K(1398272K)] 1464866K->115757K(1864192K), [Metaspace: 60135K->60135K(1105920K)], 0.1590215 secs] [Times: user=0.70 sys=0.00, real=0.16 secs] 
3552.156: [GC (Allocation Failure) [PSYoungGen: 232960K->183894K(465920K)] 348717K->299651K(1864192K), 0.0258063 secs] [Times: user=0.09 sys=0.00, real=0.03 secs] 
3552.328: [GC (Allocation Failure) [PSYoungGen: 416854K->185110K(465920K)] 532611K->357795K(1864192K), 0.0620069 secs] [Times: user=0.28 sys=0.00, real=0.07 secs] 
3552.513: [GC (Allocation Failure) [PSYoungGen: 418070K->184693K(465920K)] 590755K->413538K(1864192K), 0.0448701 secs] [Times: user=0.21 sys=0.00, real=0.04 secs] 
3553.993: [GC (Allocation Failure) [PSYoungGen: 417653K->97227K(465920K)] 646498K->395813K(1864192K), 0.1187543 secs] [Times: user=0.66 sys=0.00, real=0.12 secs] 
3554.960: [GC (Allocation Failure) [PSYoungGen: 330063K->169684K(465920K)] 628648K->499906K(1864192K), 0.0614578 secs] [Times: user=0.29 sys=0.00, real=0.06 secs] 
3555.155: [GC (Allocation Failure) [PSYoungGen: 402644K->184502K(465920K)] 732866K->567420K(1864192K), 0.0426583 secs] [Times: user=0.18 sys=0.01, real=0.04 secs] 
3555.305: [GC (Allocation Failure) [PSYoungGen: 417462K->182774K(465920K)] 800380K->629925K(1864192K), 0.0494360 secs] [Times: user=0.23 sys=0.00, real=0.05 secs] 
3555.997: [GC (Allocation Failure) [PSYoungGen: 415734K->220692K(465920K)] 862885K->725906K(1864192K), 0.0555342 secs] [Times: user=0.27 sys=0.00, real=0.06 secs] 
3556.465: [GC (GCLocker Initiated GC) [PSYoungGen: 453652K->101052K(465920K)] 958867K->674323K(1864192K), 0.0561379 secs] [Times: user=0.30 sys=0.00, real=0.06 secs] 
3556.696: [GC (Allocation Failure) [PSYoungGen: 334012K->183413K(465920K)] 907450K->789072K(1864192K), 0.0352830 secs] [Times: user=0.14 sys=0.00, real=0.04 secs] 
3556.846: [GC (Allocation Failure) [PSYoungGen: 416373K->185238K(465920K)] 1022032K->846617K(1864192K), 0.0436866 secs] [Times: user=0.20 sys=0.00, real=0.05 secs] 
3557.013: [GC (Allocation Failure) [PSYoungGen: 418198K->187061K(465920K)] 1079577K->904632K(1864192K), 0.0505163 secs] [Times: user=0.24 sys=0.00, real=0.05 secs] 
3558.004: [GC (Allocation Failure) [PSYoungGen: 420021K->99660K(465920K)] 1137592K->887687K(1864192K), 0.0454313 secs] [Times: user=0.24 sys=0.00, real=0.05 secs] 
3558.477: [GC (Allocation Failure) [PSYoungGen: 332620K->169748K(465920K)] 1120647K->989676K(1864192K), 0.0638934 secs] [Times: user=0.30 sys=0.00, real=0.07 secs] 
3558.683: [GC (Allocation Failure) [PSYoungGen: 402708K->185206K(465920K)] 1222636K->1058750K(1864192K), 0.0429493 secs] [Times: user=0.19 sys=0.00, real=0.04 secs] 
3558.836: [GC (Allocation Failure) [PSYoungGen: 418166K->185751K(465920K)] 1291710K->1123687K(1864192K), 0.0506944 secs] [Times: user=0.23 sys=0.00, real=0.05 secs] 
3559.634: [GC (Allocation Failure) [PSYoungGen: 414208K->209843K(465920K)] 1352144K->1206863K(1864192K), 0.0577880 secs] [Times: user=0.29 sys=0.01, real=0.06 secs] 
3561.779: [GC (Allocation Failure) [PSYoungGen: 442803K->95739K(465920K)] 1439823K->1158711K(1864192K), 0.1161137 secs] [Times: user=0.62 sys=0.00, real=0.11 secs] 
3562.095: [GC (Allocation Failure) [PSYoungGen: 328699K->183414K(465920K)] 1391671K->1277083K(1864192K), 0.0353573 secs] [Times: user=0.15 sys=0.00, real=0.04 secs] 
3562.259: [GC (Allocation Failure) [PSYoungGen: 416374K->185590K(465920K)] 1510043K->1336119K(1864192K), 0.0483792 secs] [Times: user=0.23 sys=0.00, real=0.04 secs] 
3562.434: [GC (Allocation Failure) [PSYoungGen: 418550K->187285K(465920K)] 1569079K->1394110K(1864192K), 0.0461078 secs] [Times: user=0.22 sys=0.00, real=0.05 secs] 
3563.491: [GC (Allocation Failure) [PSYoungGen: 420245K->99500K(465920K)] 1627070K->1377013K(1864192K), 0.0487187 secs] [Times: user=0.25 sys=0.01, real=0.05 secs] 
3563.874: [GC (GCLocker Initiated GC) [PSYoungGen: 332460K->166996K(465920K)] 1609973K->1477341K(1864192K), 0.0660455 secs] [Times: user=0.31 sys=0.00, real=0.07 secs] 
3564.180: [GC (GCLocker Initiated GC) [PSYoungGen: 399956K->183349K(465920K)] 1710304K->1545273K(1864192K), 0.0561361 secs] [Times: user=0.26 sys=0.00, real=0.05 secs] 
3564.236: [Full GC (Ergonomics) [PSYoungGen: 183349K->0K(465920K)] [ParOldGen: 1361923K->258707K(1398272K)] 1545273K->258707K(1864192K), [Metaspace: 60147K->60147K(1105920K)], 0.3146726 secs] [Times: user=1.44 sys=0.01, real=0.32 secs] 
3564.659: [GC (Allocation Failure) [PSYoungGen: 232960K->184983K(465920K)] 491833K->443856K(1864192K), 0.0833451 secs] [Times: user=0.43 sys=0.00, real=0.08 secs] 
3565.493: [GC (Allocation Failure) [PSYoungGen: 414184K->214100K(465920K)] 673058K->531549K(1864192K), 0.0559859 secs] [Times: user=0.28 sys=0.00, real=0.06 secs] 
3565.934: [GC (Allocation Failure) [PSYoungGen: 447060K->96379K(465920K)] 764509K->481077K(1864192K), 0.0513324 secs] [Times: user=0.26 sys=0.01, real=0.05 secs] 
3566.147: [GC (GCLocker Initiated GC) [PSYoungGen: 329339K->179829K(465920K)] 714037K->595604K(1864192K), 0.0338898 secs] [Times: user=0.13 sys=0.00, real=0.04 secs] 
3566.331: [GC (Allocation Failure) [PSYoungGen: 412789K->185270K(465920K)] 828567K->657307K(1864192K), 0.0683462 secs] [Times: user=0.33 sys=0.00, real=0.07 secs] 
3566.528: [GC (Allocation Failure) [PSYoungGen: 418230K->187285K(465920K)] 890267K->715651K(1864192K), 0.0462641 secs] [Times: user=0.22 sys=0.00, real=0.05 secs] 
3567.581: [GC (Allocation Failure) [PSYoungGen: 420245K->103772K(465920K)] 948611K->702570K(1864192K), 0.0479575 secs] [Times: user=0.25 sys=0.00, real=0.05 secs] 
3568.550: [GC (Allocation Failure) [PSYoungGen: 336732K->167860K(465920K)] 935530K->800454K(1864192K), 0.0633321 secs] [Times: user=0.30 sys=0.00, real=0.06 secs] 
3568.805: [GC (Allocation Failure) [PSYoungGen: 400820K->185206K(465920K)] 1033414K->870756K(1864192K), 0.0580270 secs] [Times: user=0.27 sys=0.00, real=0.06 secs] 
3568.980: [GC (Allocation Failure) [PSYoungGen: 418166K->185911K(465920K)] 1103716K->935861K(1864192K), 0.0497574 secs] [Times: user=0.23 sys=0.00, real=0.05 secs] 
3569.764: [GC (Allocation Failure) [PSYoungGen: 418871K->216723K(465920K)] 1168821K->1025810K(1864192K), 0.0577704 secs] [Times: user=0.29 sys=0.01, real=0.06 secs] 
3570.744: [GC (Allocation Failure) [PSYoungGen: 449683K->101132K(465920K)] 1258770K->976890K(1864192K), 0.0864090 secs] [Times: user=0.46 sys=0.00, real=0.09 secs] 
3570.998: [GC (Allocation Failure) [PSYoungGen: 334092K->180918K(465920K)] 1209850K->1089465K(1864192K), 0.0354661 secs] [Times: user=0.15 sys=0.00, real=0.04 secs] 
3571.141: [GC (Allocation Failure) [PSYoungGen: 413878K->184406K(465920K)] 1322425K->1148929K(1864192K), 0.0444301 secs] [Times: user=0.20 sys=0.00, real=0.04 secs] 
3571.441: [GC (Allocation Failure) [PSYoungGen: 417366K->185941K(465920K)] 1381889K->1206336K(1864192K), 0.0538220 secs] [Times: user=0.26 sys=0.00, real=0.05 secs] 
3572.478: [GC (Allocation Failure) [PSYoungGen: 418901K->104444K(465920K)] 1439296K->1195152K(1864192K), 0.0456358 secs] [Times: user=0.24 sys=0.00, real=0.05 secs] 
3572.726: [GC (Allocation Failure) [PSYoungGen: 337404K->171828K(465920K)] 1428112K->1296257K(1864192K), 0.0449343 secs] [Times: user=0.20 sys=0.00, real=0.05 secs] 
3572.898: [GC (Allocation Failure) [PSYoungGen: 404788K->182005K(465920K)] 1529217K->1360370K(1864192K), 0.0448614 secs] [Times: user=0.20 sys=0.00, real=0.05 secs] 
3573.102: [GC (Allocation Failure) [PSYoungGen: 414965K->185687K(465920K)] 1593330K->1427268K(1864192K), 0.0797144 secs] [Times: user=0.39 sys=0.00, real=0.08 secs] 
3574.053: [GC (Allocation Failure) [PSYoungGen: 418647K->169427K(465920K)] 1660228K->1470188K(1864192K), 0.0567271 secs] [Times: user=0.28 sys=0.00, real=0.06 secs] 
3574.429: [GC (Allocation Failure) [PSYoungGen: 402387K->108972K(465920K)] 1703148K->1474601K(1864192K), 0.0689726 secs] [Times: user=0.37 sys=0.00, real=0.07 secs] 
3574.498: [Full GC (Ergonomics) [PSYoungGen: 108972K->0K(465920K)] [ParOldGen: 1365628K->126534K(1398272K)] 1474601K->126534K(1864192K), [Metaspace: 60149K->60149K(1105920K)], 0.1569830 secs] [Times: user=0.67 sys=0.01, real=0.15 secs] 
3574.767: [GC (Allocation Failure) [PSYoungGen: 226166K->174741K(465920K)] 352701K->301276K(1864192K), 0.0243419 secs] [Times: user=0.08 sys=0.00, real=0.03 secs] 
3574.925: [GC (Allocation Failure) [PSYoungGen: 407701K->185334K(465920K)] 534236K->366517K(1864192K), 0.0541716 secs] [Times: user=0.25 sys=0.00, real=0.06 secs] 
3575.087: [GC (Allocation Failure) [PSYoungGen: 418294K->187317K(465920K)] 599477K->424596K(1864192K), 0.0448763 secs] [Times: user=0.21 sys=0.00, real=0.05 secs] 
3576.308: [GC (Allocation Failure) [PSYoungGen: 420277K->95803K(465920K)] 657556K->403830K(1864192K), 0.0687611 secs] [Times: user=0.36 sys=0.00, real=0.06 secs] 
3577.300: [GC (Allocation Failure) [PSYoungGen: 328763K->169748K(465920K)] 636790K->508356K(1864192K), 0.0569279 secs] [Times: user=0.27 sys=0.00, real=0.05 secs] 
3577.541: [GC (Allocation Failure) [PSYoungGen: 402708K->185430K(465920K)] 741316K->577570K(1864192K), 0.0589538 secs] [Times: user=0.28 sys=0.00, real=0.06 secs] 
3577.718: [GC (Allocation Failure) [PSYoungGen: 418373K->186007K(465920K)] 810513K->642659K(1864192K), 0.0498440 secs] [Times: user=0.24 sys=0.00, real=0.05 secs] 
3578.218: [GC (Allocation Failure) [PSYoungGen: 415893K->208531K(465920K)] 872545K->724027K(1864192K), 0.0518639 secs] [Times: user=0.25 sys=0.00, real=0.05 secs] 
3578.971: [GC (Allocation Failure) [PSYoungGen: 441491K->101244K(465920K)] 956987K->682936K(1864192K), 0.0636355 secs] [Times: user=0.33 sys=0.00, real=0.06 secs] 
3579.221: [GC (GCLocker Initiated GC) [PSYoungGen: 334204K->181014K(465920K)] 915897K->795256K(1864192K), 0.0485329 secs] [Times: user=0.21 sys=0.00, real=0.05 secs] 
3579.388: [GC (Allocation Failure) [PSYoungGen: 413974K->184982K(465920K)] 1028510K->855614K(1864192K), 0.0439046 secs] [Times: user=0.20 sys=0.00, real=0.05 secs] 
3579.558: [GC (Allocation Failure) [PSYoungGen: 417942K->186421K(465920K)] 1088574K->913166K(1864192K), 0.0475910 secs] [Times: user=0.22 sys=0.00, real=0.05 secs] 
3580.577: [GC (Allocation Failure) [PSYoungGen: 419381K->99948K(465920K)] 1146126K->896981K(1864192K), 0.0447231 secs] [Times: user=0.23 sys=0.00, real=0.05 secs] 
3580.905: [GC (Allocation Failure) [PSYoungGen: 332908K->167092K(465920K)] 1129941K->996513K(1864192K), 0.0639798 secs] [Times: user=0.31 sys=0.01, real=0.07 secs] 
3581.114: [GC (Allocation Failure) [PSYoungGen: 400052K->185142K(465920K)] 1229473K->1067188K(1864192K), 0.0428250 secs] [Times: user=0.19 sys=0.00, real=0.04 secs] 
3581.266: [GC (Allocation Failure) [PSYoungGen: 418102K->186231K(465920K)] 1300148K->1132757K(1864192K), 0.0505992 secs] [Times: user=0.24 sys=0.00, real=0.05 secs] 
3582.068: [GC (Allocation Failure) [PSYoungGen: 415493K->209523K(465920K)] 1362019K->1215041K(1864192K), 0.0562597 secs] [Times: user=0.28 sys=0.00, real=0.06 secs] 
3583.336: [GC (Allocation Failure) [PSYoungGen: 442483K->97163K(465920K)] 1448001K->1168561K(1864192K), 0.1058014 secs] [Times: user=0.58 sys=0.00, real=0.11 secs] 
3583.629: [GC (Allocation Failure) [PSYoungGen: 330123K->184022K(465920K)] 1401521K->1287227K(1864192K), 0.0360957 secs] [Times: user=0.15 sys=0.00, real=0.03 secs] 
3583.773: [GC (Allocation Failure) [PSYoungGen: 416982K->185110K(465920K)] 1520187K->1345291K(1864192K), 0.0450800 secs] [Times: user=0.21 sys=0.00, real=0.05 secs] 
3583.952: [GC (Allocation Failure) [PSYoungGen: 418070K->187125K(465920K)] 1578251K->1403434K(1864192K), 0.0682349 secs] [Times: user=0.34 sys=0.00, real=0.07 secs] 
3585.181: [GC (Allocation Failure) [PSYoungGen: 420085K->100172K(465920K)] 1636394K->1387065K(1864192K), 0.0758409 secs] [Times: user=0.40 sys=0.00, real=0.07 secs] 
3585.751: [GC (Allocation Failure) [PSYoungGen: 333132K->174805K(465920K)] 1620025K->1494983K(1864192K), 0.0580506 secs] [Times: user=0.27 sys=0.00, real=0.06 secs] 
3585.809: [Full GC (Ergonomics) [PSYoungGen: 174805K->0K(465920K)] [ParOldGen: 1320178K->200684K(1398272K)] 1494983K->200684K(1864192K), [Metaspace: 60149K->60149K(1105920K)], 0.1987776 secs] [Times: user=0.90 sys=0.01, real=0.19 secs] 
3586.159: [GC (Allocation Failure) [PSYoungGen: 232960K->179285K(465920K)] 433644K->379969K(1864192K), 0.0350883 secs] [Times: user=0.15 sys=0.00, real=0.03 secs] 
3586.315: [GC (Allocation Failure) [PSYoungGen: 412245K->185527K(465920K)] 612929K->448923K(1864192K), 0.0436379 secs] [Times: user=0.19 sys=0.00, real=0.05 secs] 
3588.023: [GC (Allocation Failure) [PSYoungGen: 415148K->208627K(465920K)] 678544K->530975K(1864192K), 0.0551153 secs] [Times: user=0.27 sys=0.00, real=0.05 secs] 
3588.415: [GC (GCLocker Initiated GC) [PSYoungGen: 441587K->104636K(465920K)] 763936K->492697K(1864192K), 0.0438378 secs] [Times: user=0.23 sys=0.00, real=0.05 secs] 
3588.613: [GC (Allocation Failure) [PSYoungGen: 337596K->175349K(465920K)] 733853K->604675K(1864192K), 0.1621331 secs] [Times: user=0.90 sys=0.01, real=0.16 secs] 
3588.911: [GC (Allocation Failure) [PSYoungGen: 408309K->178134K(465920K)] 837635K->663848K(1864192K), 0.1447851 secs] [Times: user=0.81 sys=0.00, real=0.14 secs] 
3589.176: [GC (Allocation Failure) [PSYoungGen: 411094K->186997K(465920K)] 896808K->729831K(1864192K), 0.0561933 secs] [Times: user=0.27 sys=0.00, real=0.06 secs] 
3590.277: [GC (Allocation Failure) [PSYoungGen: 419957K->102476K(465920K)] 962791K->715786K(1864192K), 0.0502347 secs] [Times: user=0.27 sys=0.00, real=0.05 secs] 
3590.858: [GC (Allocation Failure) [PSYoungGen: 335436K->172820K(465920K)] 948746K->819687K(1864192K), 0.0641860 secs] [Times: user=0.31 sys=0.00, real=0.07 secs] 
3591.055: [GC (Allocation Failure) [PSYoungGen: 405780K->193558K(465920K)] 1052647K->894772K(1864192K), 0.0431970 secs] [Times: user=0.20 sys=0.00, real=0.05 secs] 
3591.228: [GC (Allocation Failure) [PSYoungGen: 424221K->180566K(465920K)] 1125436K->946149K(1864192K), 0.0673899 secs] [Times: user=0.33 sys=0.00, real=0.06 secs] 
3592.049: [GC (Allocation Failure) [PSYoungGen: 409105K->205907K(465920K)] 1174688K->1028857K(1864192K), 0.0544182 secs] [Times: user=0.27 sys=0.01, real=0.05 secs] 
3593.059: [GC (Allocation Failure) [PSYoungGen: 438867K->98603K(465920K)] 1261817K->986078K(1864192K), 0.0897712 secs] [Times: user=0.48 sys=0.00, real=0.09 secs] 
3593.309: [GC (Allocation Failure) [PSYoungGen: 331563K->183830K(465920K)] 1219038K->1103590K(1864192K), 0.0355538 secs] [Times: user=0.15 sys=0.00, real=0.03 secs] 
3593.454: [GC (Allocation Failure) [PSYoungGen: 416790K->185270K(465920K)] 1336550K->1161965K(1864192K), 0.0468475 secs] [Times: user=0.21 sys=0.00, real=0.05 secs] 
3593.638: [GC (Allocation Failure) [PSYoungGen: 418230K->186741K(465920K)] 1394925K->1219580K(1864192K), 0.0667600 secs] [Times: user=0.33 sys=0.00, real=0.07 secs] 
3594.799: [GC (Allocation Failure) [PSYoungGen: 419701K->95739K(465920K)] 1452540K->1199139K(1864192K), 0.0466677 secs] [Times: user=0.24 sys=0.00, real=0.04 secs] 
3595.094: [GC (GCLocker Initiated GC) [PSYoungGen: 328699K->171668K(465920K)] 1432099K->1306408K(1864192K), 0.0689481 secs] [Times: user=0.33 sys=0.00, real=0.07 secs] 
3595.361: [GC (Allocation Failure) [PSYoungGen: 404628K->185046K(465920K)] 1539535K->1373652K(1864192K), 0.0520166 secs] [Times: user=0.25 sys=0.00, real=0.05 secs] 
3595.530: [GC (Allocation Failure) [PSYoungGen: 418006K->186199K(465920K)] 1606612K->1439046K(1864192K), 0.0513381 secs] [Times: user=0.24 sys=0.00, real=0.05 secs] 
3596.340: [GC (Allocation Failure) [PSYoungGen: 417317K->191475K(465920K)] 1670164K->1503346K(1864192K), 0.0572647 secs] [Times: user=0.28 sys=0.01, real=0.05 secs] 
3597.019: [GC (Allocation Failure) [PSYoungGen: 424435K->98411K(465920K)] 1736306K->1475562K(1864192K), 0.1124962 secs] [Times: user=0.62 sys=0.00, real=0.11 secs] 
3597.131: [Full GC (Ergonomics) [PSYoungGen: 98411K->0K(465920K)] [ParOldGen: 1377150K->116240K(1398272K)] 1475562K->116240K(1864192K), [Metaspace: 60151K->60151K(1105920K)], 0.1846174 secs] [Times: user=0.82 sys=0.00, real=0.18 secs] 
3597.436: [GC (Allocation Failure) [PSYoungGen: 232494K->183574K(465920K)] 348734K->299814K(1864192K), 0.0252242 secs] [Times: user=0.08 sys=0.00, real=0.03 secs] 
3597.583: [GC (Allocation Failure) [PSYoungGen: 416534K->182869K(465920K)] 532774K->356078K(1864192K), 0.0409926 secs] [Times: user=0.18 sys=0.00, real=0.04 secs] 
3597.728: [GC (Allocation Failure) [PSYoungGen: 415829K->187029K(465920K)] 589038K->415757K(1864192K), 0.0442284 secs] [Times: user=0.20 sys=0.00, real=0.05 secs] 
3598.876: [GC (Allocation Failure) [PSYoungGen: 419989K->99164K(465920K)] 648717K->398484K(1864192K), 0.0674424 secs] [Times: user=0.36 sys=0.00, real=0.07 secs] 
3600.321: [GC (Allocation Failure) [PSYoungGen: 332124K->169140K(465920K)] 631444K->500525K(1864192K), 0.0601900 secs] [Times: user=0.28 sys=0.01, real=0.06 secs] 
3600.511: [GC (Allocation Failure) [PSYoungGen: 402100K->181045K(465920K)] 733485K->565082K(1864192K), 0.0418323 secs] [Times: user=0.18 sys=0.00, real=0.04 secs] 
3600.682: [GC (Allocation Failure) [PSYoungGen: 414005K->186135K(465920K)] 798042K->633268K(1864192K), 0.0550270 secs] [Times: user=0.27 sys=0.00, real=0.05 secs] 
3601.878: [GC (Allocation Failure) [PSYoungGen: 418211K->210708K(465920K)] 865344K->717049K(1864192K), 0.0903645 secs] [Times: user=0.47 sys=0.00, real=0.09 secs] 
3602.893: [GC (GCLocker Initiated GC) [PSYoungGen: 443668K->94315K(465920K)] 950009K->668056K(1864192K), 0.0458308 secs] [Times: user=0.19 sys=0.01, real=0.05 secs] 
3603.182: [GC (Allocation Failure) [PSYoungGen: 327275K->182710K(465920K)] 901147K->786115K(1864192K), 0.0517576 secs] [Times: user=0.23 sys=0.00, real=0.05 secs] 
3603.366: [GC (Allocation Failure) [PSYoungGen: 415670K->185590K(465920K)] 1019075K->846291K(1864192K), 0.0441457 secs] [Times: user=0.20 sys=0.00, real=0.05 secs] 
3603.535: [GC (Allocation Failure) [PSYoungGen: 418550K->187061K(465920K)] 1079251K->903842K(1864192K), 0.0498735 secs] [Times: user=0.23 sys=0.00, real=0.05 secs] 
3604.536: [GC (GCLocker Initiated GC) [PSYoungGen: 420021K->98796K(465920K)] 1136802K->886049K(1864192K), 0.0446049 secs] [Times: user=0.23 sys=0.00, real=0.05 secs] 
3604.937: [GC (Allocation Failure) [PSYoungGen: 331756K->169588K(465920K)] 1119012K->989041K(1864192K), 0.0691683 secs] [Times: user=0.34 sys=0.00, real=0.07 secs] 
3605.153: [GC (Allocation Failure) [PSYoungGen: 402548K->209750K(465920K)] 1222001K->1083054K(1864192K), 0.0434604 secs] [Times: user=0.19 sys=0.00, real=0.04 secs] 
3605.308: [GC (Allocation Failure) [PSYoungGen: 442710K->186007K(465920K)] 1316014K->1123475K(1864192K), 0.0511052 secs] [Times: user=0.24 sys=0.00, real=0.06 secs] 
3605.836: [GC (Allocation Failure) [PSYoungGen: 416469K->212052K(465920K)] 1353938K->1208544K(1864192K), 0.0539759 secs] [Times: user=0.27 sys=0.00, real=0.06 secs] 
3607.844: [GC (Allocation Failure) [PSYoungGen: 445012K->91562K(465920K)] 1441504K->1155303K(1864192K), 0.1165777 secs] [Times: user=0.65 sys=0.00, real=0.12 secs] 
3608.210: [GC (Allocation Failure) [PSYoungGen: 324522K->180662K(465920K)] 1388263K->1273939K(1864192K), 0.0348663 secs] [Times: user=0.15 sys=0.00, real=0.03 secs] 
3608.358: [GC (Allocation Failure) [PSYoungGen: 413622K->184790K(465920K)] 1506899K->1333867K(1864192K), 0.0446431 secs] [Times: user=0.20 sys=0.00, real=0.05 secs] 
3608.507: [GC (Allocation Failure) [PSYoungGen: 417750K->187509K(465920K)] 1566827K->1392491K(1864192K), 0.0463462 secs] [Times: user=0.21 sys=0.00, real=0.05 secs] 
3609.522: [GC (Allocation Failure) [PSYoungGen: 420469K->102444K(465920K)] 1625451K->1378034K(1864192K), 0.0460791 secs] [Times: user=0.24 sys=0.00, real=0.04 secs] 
3609.731: [GC (Allocation Failure) [PSYoungGen: 335404K->170036K(465920K)] 1610994K->1479663K(1864192K), 0.0644318 secs] [Times: user=0.31 sys=0.00, real=0.06 secs] 
3609.939: [GC (Allocation Failure) [PSYoungGen: 402996K->184021K(465920K)] 1712623K->1546360K(1864192K), 0.0434483 secs] [Times: user=0.19 sys=0.01, real=0.04 secs] 
3609.982: [Full GC (Ergonomics) [PSYoungGen: 184021K->0K(465920K)] [ParOldGen: 1362338K->258859K(1398272K)] 1546360K->258859K(1864192K), [Metaspace: 60276K->60276K(1105920K)], 0.3173000 secs] [Times: user=1.46 sys=0.00, real=0.32 secs] 
3610.407: [GC (Allocation Failure) [PSYoungGen: 232960K->185751K(465920K)] 491819K->444610K(1864192K), 0.0933559 secs] [Times: user=0.49 sys=0.00, real=0.10 secs] 
3610.924: [GC (Allocation Failure) [PSYoungGen: 418711K->218612K(465920K)] 677570K->536303K(1864192K), 0.0514472 secs] [Times: user=0.24 sys=0.01, real=0.05 secs] 
3611.957: [GC (Allocation Failure) [PSYoungGen: 451572K->94923K(465920K)] 769263K->479934K(1864192K), 0.1014545 secs] [Times: user=0.55 sys=0.00, real=0.11 secs] 
3612.301: [GC (Allocation Failure) [PSYoungGen: 327883K->184118K(465920K)] 712894K->599390K(1864192K), 0.0365807 secs] [Times: user=0.15 sys=0.00, real=0.03 secs] 
3612.442: [GC (Allocation Failure) [PSYoungGen: 417078K->185462K(465920K)] 832350K->657842K(1864192K), 0.0443559 secs] [Times: user=0.21 sys=0.00, real=0.04 secs] 
3612.588: [GC (Allocation Failure) [PSYoungGen: 418422K->187445K(465920K)] 890802K->716121K(1864192K), 0.0460110 secs] [Times: user=0.21 sys=0.00, real=0.05 secs] 
3614.061: [GC (Allocation Failure) [PSYoungGen: 420405K->96075K(465920K)] 949081K->695479K(1864192K), 0.1035771 secs] [Times: user=0.57 sys=0.00, real=0.10 secs] 
3615.431: [GC (Allocation Failure) [PSYoungGen: 329035K->171124K(465920K)] 928439K->801461K(1864192K), 0.0563542 secs] [Times: user=0.26 sys=0.00, real=0.05 secs] 
3615.639: [GC (Allocation Failure) [PSYoungGen: 404084K->185462K(465920K)] 1034421K->869219K(1864192K), 0.0563880 secs] [Times: user=0.26 sys=0.00, real=0.05 secs] 
3615.850: [GC (Allocation Failure) [PSYoungGen: 418422K->185879K(465920K)] 1102179K->934148K(1864192K), 0.0552074 secs] [Times: user=0.27 sys=0.00, real=0.05 secs] 
3616.652: [GC (Allocation Failure) [PSYoungGen: 415437K->211795K(465920K)] 1163706K->1019017K(1864192K), 0.0559846 secs] [Times: user=0.28 sys=0.00, real=0.06 secs] 
3617.192: [GC (Allocation Failure) [PSYoungGen: 444755K->97627K(465920K)] 1251977K->971497K(1864192K), 0.0794628 secs] [Times: user=0.41 sys=0.00, real=0.08 secs] 
3617.790: [GC (Allocation Failure) [PSYoungGen: 330587K->182838K(465920K)] 1204457K->1088256K(1864192K), 0.0709556 secs] [Times: user=0.32 sys=0.00, real=0.07 secs] 
3618.029: [GC (Allocation Failure) [PSYoungGen: 415798K->184758K(465920K)] 1321216K->1146928K(1864192K), 0.0442079 secs] [Times: user=0.20 sys=0.00, real=0.04 secs] 
3618.199: [GC (Allocation Failure) [PSYoungGen: 417718K->186901K(465920K)] 1379888K->1204847K(1864192K), 0.0507056 secs] [Times: user=0.24 sys=0.00, real=0.05 secs] 
3619.183: [GC (Allocation Failure) [PSYoungGen: 419861K->104188K(465920K)] 1437807K->1192799K(1864192K), 0.0454890 secs] [Times: user=0.23 sys=0.00, real=0.05 secs] 
3619.391: [GC (Allocation Failure) [PSYoungGen: 337148K->170516K(465920K)] 1425759K->1293522K(1864192K), 0.0613470 secs] [Times: user=0.27 sys=0.02, real=0.06 secs] 
3619.634: [GC (Allocation Failure) [PSYoungGen: 403476K->181173K(465920K)] 1526482K->1357639K(1864192K), 0.0598867 secs] [Times: user=0.28 sys=0.00, real=0.06 secs] 
3619.815: [GC (Allocation Failure) [PSYoungGen: 414133K->183126K(465920K)] 1590599K->1422964K(1864192K), 0.0508424 secs] [Times: user=0.24 sys=0.00, real=0.05 secs] 
3620.662: [GC (Allocation Failure) [PSYoungGen: 411490K->212723K(465920K)] 1651328K->1510585K(1864192K), 0.0577084 secs] [Times: user=0.29 sys=0.00, real=0.06 secs] 
3622.082: [GC (Allocation Failure) [PSYoungGen: 445683K->94747K(465920K)] 1743545K->1459621K(1864192K), 0.1194581 secs] [Times: user=0.66 sys=0.00, real=0.12 secs] 
3622.201: [Full GC (Ergonomics) [PSYoungGen: 94747K->0K(465920K)] [ParOldGen: 1364873K->111731K(1398272K)] 1459621K->111731K(1864192K), [Metaspace: 60276K->60276K(1105920K)], 0.2111433 secs] [Times: user=0.97 sys=0.00, real=0.21 secs] 
3622.530: [GC (Allocation Failure) [PSYoungGen: 232960K->184310K(465920K)] 344691K->296042K(1864192K), 0.0256619 secs] [Times: user=0.09 sys=0.00, real=0.02 secs] 
3622.673: [GC (Allocation Failure) [PSYoungGen: 417270K->185334K(465920K)] 529002K->354337K(1864192K), 0.0417480 secs] [Times: user=0.19 sys=0.00, real=0.04 secs] 
3622.965: [GC (Allocation Failure) [PSYoungGen: 418294K->184725K(465920K)] 587297K->409904K(1864192K), 0.0707061 secs] [Times: user=0.34 sys=0.01, real=0.07 secs] 
3624.182: [GC (Allocation Failure) [PSYoungGen: 417685K->102956K(465920K)] 642864K->397992K(1864192K), 0.0605198 secs] [Times: user=0.32 sys=0.00, real=0.06 secs] 
3624.873: [GC (Allocation Failure) [PSYoungGen: 335916K->165972K(465920K)] 630952K->494896K(1864192K), 0.0592734 secs] [Times: user=0.28 sys=0.01, real=0.06 secs] 
3625.237: [GC (Allocation Failure) [PSYoungGen: 398932K->183605K(465920K)] 727856K->563593K(1864192K), 0.0601299 secs] [Times: user=0.29 sys=0.00, real=0.06 secs] 
3625.569: [GC (Allocation Failure) [PSYoungGen: 416565K->185591K(465920K)] 796553K->629451K(1864192K), 0.0766947 secs] [Times: user=0.38 sys=0.00, real=0.07 secs] 
3626.748: [GC (Allocation Failure) [PSYoungGen: 417032K->199284K(465920K)] 860892K->701824K(1864192K), 0.0565392 secs] [Times: user=0.28 sys=0.00, real=0.06 secs] 
3627.141: [GC (GCLocker Initiated GC) [PSYoungGen: 432244K->99643K(465920K)] 934784K->670087K(1864192K), 0.0555711 secs] [Times: user=0.28 sys=0.01, real=0.05 secs] 
3627.402: [GC (Allocation Failure) [PSYoungGen: 332603K->182710K(465920K)] 903178K->785230K(1864192K), 0.0475785 secs] [Times: user=0.20 sys=0.00, real=0.05 secs] 
3627.568: [GC (Allocation Failure) [PSYoungGen: 415670K->185430K(465920K)] 1018190K->845286K(1864192K), 0.0434670 secs] [Times: user=0.19 sys=0.00, real=0.04 secs] 
3627.713: [GC (Allocation Failure) [PSYoungGen: 418265K->186741K(465920K)] 1078121K->902877K(1864192K), 0.0452298 secs] [Times: user=0.21 sys=0.00, real=0.05 secs] 
3628.713: [GC (Allocation Failure) [PSYoungGen: 419701K->95547K(465920K)] 1135837K->882123K(1864192K), 0.0533059 secs] [Times: user=0.28 sys=0.00, real=0.05 secs] 
3629.342: [GC (Allocation Failure) [PSYoungGen: 328507K->167860K(465920K)] 1115083K->985353K(1864192K), 0.0610204 secs] [Times: user=0.29 sys=0.00, real=0.06 secs] 
3629.543: [GC (Allocation Failure) [PSYoungGen: 400820K->193526K(465920K)] 1218313K->1064159K(1864192K), 0.0426804 secs] [Times: user=0.19 sys=0.00, real=0.04 secs] 
3629.731: [GC (Allocation Failure) [PSYoungGen: 426486K->183286K(465920K)] 1297119K->1118272K(1864192K), 0.0737433 secs] [Times: user=0.36 sys=0.01, real=0.07 secs] 
3630.207: [GC (Allocation Failure) [PSYoungGen: 413106K->215732K(465920K)] 1348092K->1209125K(1864192K), 0.0548065 secs] [Times: user=0.27 sys=0.00, real=0.06 secs] 
3631.749: [GC (Allocation Failure) [PSYoungGen: 448692K->90842K(465920K)] 1442085K->1152835K(1864192K), 0.0908944 secs] [Times: user=0.49 sys=0.00, real=0.09 secs] 
3632.033: [GC (Allocation Failure) [PSYoungGen: 323802K->184054K(465920K)] 1385795K->1276244K(1864192K), 0.0352407 secs] [Times: user=0.15 sys=0.00, real=0.04 secs] 
3632.193: [GC (Allocation Failure) [PSYoungGen: 417014K->185014K(465920K)] 1509204K->1334320K(1864192K), 0.0542652 secs] [Times: user=0.27 sys=0.00, real=0.05 secs] 
3632.544: [GC (Allocation Failure) [PSYoungGen: 417974K->183636K(465920K)] 1567280K->1389175K(1864192K), 0.0780406 secs] [Times: user=0.38 sys=0.00, real=0.08 secs] 
3633.713: [GC (Allocation Failure) [PSYoungGen: 416596K->105532K(465920K)] 1622135K->1380287K(1864192K), 0.0463666 secs] [Times: user=0.23 sys=0.00, real=0.05 secs] 
3633.889: [GC (Allocation Failure) [PSYoungGen: 338492K->169940K(465920K)] 1613247K->1479587K(1864192K), 0.0435974 secs] [Times: user=0.19 sys=0.01, real=0.04 secs] 
3634.062: [GC (Allocation Failure) [PSYoungGen: 402900K->184566K(465920K)] 1712547K->1547100K(1864192K), 0.0490356 secs] [Times: user=0.23 sys=0.00, real=0.05 secs] 
3634.111: [Full GC (Ergonomics) [PSYoungGen: 184566K->0K(465920K)] [ParOldGen: 1362534K->259841K(1398272K)] 1547100K->259841K(1864192K), [Metaspace: 60276K->60276K(1105920K)], 0.3199567 secs] [Times: user=1.45 sys=0.00, real=0.32 secs] 
3634.540: [GC (Allocation Failure) [PSYoungGen: 232960K->185783K(465920K)] 492801K->445625K(1864192K), 0.0866269 secs] [Times: user=0.45 sys=0.00, real=0.08 secs] 
3634.805: [GC (Allocation Failure) [PSYoungGen: 418743K->211764K(465920K)] 678585K->530570K(1864192K), 0.0527695 secs] [Times: user=0.25 sys=0.00, real=0.05 secs] 
3635.810: [GC (Allocation Failure) [PSYoungGen: 444724K->96171K(465920K)] 763530K->482209K(1864192K), 0.0436747 secs] [Times: user=0.23 sys=0.00, real=0.04 secs] 
3635.978: [GC (Allocation Failure) [PSYoungGen: 329131K->180886K(465920K)] 715169K->597740K(1864192K), 0.0448301 secs] [Times: user=0.19 sys=0.00, real=0.05 secs] 
3636.144: [GC (Allocation Failure) [PSYoungGen: 413846K->185142K(465920K)] 830700K->658609K(1864192K), 0.0430550 secs] [Times: user=0.20 sys=0.00, real=0.04 secs] 
3636.312: [GC (Allocation Failure) [PSYoungGen: 418102K->187029K(465920K)] 891569K->716720K(1864192K), 0.0555608 secs] [Times: user=0.26 sys=0.01, real=0.05 secs] 
3637.569: [GC (Allocation Failure) [PSYoungGen: 419989K->99580K(465920K)] 949680K->699699K(1864192K), 0.0778491 secs] [Times: user=0.42 sys=0.00, real=0.07 secs] 
3638.905: [GC (Allocation Failure) [PSYoungGen: 332540K->163603K(465920K)] 932659K->795647K(1864192K), 0.0668390 secs] [Times: user=0.32 sys=0.00, real=0.07 secs] 
3639.147: [GC (Allocation Failure) [PSYoungGen: 396563K->185302K(465920K)] 1028607K->869482K(1864192K), 0.0597863 secs] [Times: user=0.28 sys=0.00, real=0.06 secs] 
3639.329: [GC (Allocation Failure) [PSYoungGen: 418262K->186007K(465920K)] 1102442K->934459K(1864192K), 0.0502272 secs] [Times: user=0.23 sys=0.01, real=0.05 secs] 
3639.661: [GC (Allocation Failure) [PSYoungGen: 417924K->217268K(465920K)] 1166376K->1024696K(1864192K), 0.0559118 secs] [Times: user=0.27 sys=0.00, real=0.05 secs] 
3640.645: [GC (Allocation Failure) [PSYoungGen: 450228K->96267K(465920K)] 1257656K->973119K(1864192K), 0.0528087 secs] [Times: user=0.28 sys=0.00, real=0.05 secs] 
3640.848: [GC (Allocation Failure) [PSYoungGen: 329227K->183286K(465920K)] 1206079K->1091222K(1864192K), 0.0499785 secs] [Times: user=0.22 sys=0.00, real=0.05 secs] 
3641.029: [GC (Allocation Failure) [PSYoungGen: 416246K->184437K(465920K)] 1324182K->1149134K(1864192K), 0.0436475 secs] [Times: user=0.19 sys=0.00, real=0.04 secs] 
3641.177: [GC (Allocation Failure) [PSYoungGen: 417397K->186709K(465920K)] 1382094K->1207469K(1864192K), 0.0450676 secs] [Times: user=0.21 sys=0.00, real=0.05 secs] 
3642.253: [GC (Allocation Failure) [PSYoungGen: 419669K->98220K(465920K)] 1440429K->1189596K(1864192K), 0.0447325 secs] [Times: user=0.24 sys=0.00, real=0.04 secs] 
3642.479: [GC (Allocation Failure) [PSYoungGen: 331180K->172980K(465920K)] 1422556K->1296514K(1864192K), 0.0453514 secs] [Times: user=0.21 sys=0.00, real=0.04 secs] 
3642.652: [GC (Allocation Failure) [PSYoungGen: 405940K->185110K(465920K)] 1529474K->1362915K(1864192K), 0.0443384 secs] [Times: user=0.20 sys=0.00, real=0.04 secs] 
3642.804: [GC (Allocation Failure) [PSYoungGen: 418070K->182582K(465920K)] 1595875K->1424892K(1864192K), 0.0511087 secs] [Times: user=0.24 sys=0.00, real=0.05 secs] 
3643.621: [GC (Allocation Failure) [PSYoungGen: 413436K->212755K(465920K)] 1655746K->1512641K(1864192K), 0.0575766 secs] [Times: user=0.29 sys=0.00, real=0.05 secs] 
3645.413: [GC (Allocation Failure) [PSYoungGen: 445715K->93691K(465920K)] 1745601K->1460456K(1864192K), 0.1143278 secs] [Times: user=0.63 sys=0.00, real=0.11 secs] 
3645.528: [Full GC (Ergonomics) [PSYoungGen: 93691K->0K(465920K)] [ParOldGen: 1366765K->110786K(1398272K)] 1460456K->110786K(1864192K), [Metaspace: 60278K->60278K(1105920K)], 0.1733291 secs] [Times: user=0.76 sys=0.00, real=0.18 secs] 
3646.068: [GC (Allocation Failure) [PSYoungGen: 232960K->183606K(465920K)] 343746K->294392K(1864192K), 0.0304859 secs] [Times: user=0.11 sys=0.01, real=0.04 secs] 
3646.221: [GC (Allocation Failure) [PSYoungGen: 416566K->182677K(465920K)] 527352K->350528K(1864192K), 0.0462388 secs] [Times: user=0.22 sys=0.00, real=0.04 secs] 
3646.407: [GC (Allocation Failure) [PSYoungGen: 415637K->187317K(465920K)] 583488K->410615K(1864192K), 0.0657727 secs] [Times: user=0.32 sys=0.00, real=0.07 secs] 
3647.490: [GC (Allocation Failure) [PSYoungGen: 420277K->100396K(465920K)] 643575K->394302K(1864192K), 0.0435605 secs] [Times: user=0.23 sys=0.00, real=0.04 secs] 
3648.101: [GC (GCLocker Initiated GC) [PSYoungGen: 333356K->173429K(465920K)] 627262K->500440K(1864192K), 0.0854171 secs] [Times: user=0.43 sys=0.00, real=0.08 secs] 
3648.369: [GC (Allocation Failure) [PSYoungGen: 406389K->183765K(465920K)] 733694K->564591K(1864192K), 0.0428013 secs] [Times: user=0.19 sys=0.00, real=0.04 secs] 
3648.520: [GC (Allocation Failure) [PSYoungGen: 416725K->185367K(465920K)] 797551K->630088K(1864192K), 0.0495407 secs] [Times: user=0.23 sys=0.00, real=0.05 secs] 
3649.590: [GC (Allocation Failure) [PSYoungGen: 416348K->211443K(465920K)] 861069K->714917K(1864192K), 0.0579321 secs] [Times: user=0.28 sys=0.00, real=0.05 secs] 
3649.990: [GC (Allocation Failure) [PSYoungGen: 444403K->99019K(465920K)] 947877K->668989K(1864192K), 0.0565060 secs] [Times: user=0.30 sys=0.00, real=0.05 secs] 
3650.232: [GC (Allocation Failure) [PSYoungGen: 331979K->182806K(465920K)] 901949K->784440K(1864192K), 0.0489365 secs] [Times: user=0.21 sys=0.00, real=0.05 secs] 
3650.434: [GC (Allocation Failure) [PSYoungGen: 415766K->182069K(465920K)] 1017400K->840788K(1864192K), 0.0614445 secs] [Times: user=0.29 sys=0.01, real=0.06 secs] 
3650.677: [GC (Allocation Failure) [PSYoungGen: 415029K->186837K(465920K)] 1073748K->900604K(1864192K), 0.0641955 secs] [Times: user=0.31 sys=0.00, real=0.07 secs] 
3651.839: [GC (Allocation Failure) [PSYoungGen: 419797K->100412K(465920K)] 1133564K->884595K(1864192K), 0.0696036 secs] [Times: user=0.37 sys=0.01, real=0.07 secs] 
3652.938: [GC (Allocation Failure) [PSYoungGen: 333372K->169492K(465920K)] 1117555K->985816K(1864192K), 0.0622976 secs] [Times: user=0.30 sys=0.00, real=0.07 secs] 
3653.193: [GC (Allocation Failure) [PSYoungGen: 402452K->185398K(465920K)] 1218776K->1055205K(1864192K), 0.0568034 secs] [Times: user=0.27 sys=0.00, real=0.06 secs] 
3653.364: [GC (Allocation Failure) [PSYoungGen: 418358K->186039K(465920K)] 1288165K->1120295K(1864192K), 0.0501330 secs] [Times: user=0.24 sys=0.00, real=0.05 secs] 
3654.267: [GC (Allocation Failure) [PSYoungGen: 417069K->211667K(465920K)] 1351325K->1204947K(1864192K), 0.0577039 secs] [Times: user=0.28 sys=0.01, real=0.06 secs] 
3655.162: [GC (Allocation Failure) [PSYoungGen: 444627K->99051K(465920K)] 1437907K->1158947K(1864192K), 0.1098393 secs] [Times: user=0.60 sys=0.00, real=0.11 secs] 
3655.472: [GC (Allocation Failure) [PSYoungGen: 332011K->182198K(465920K)] 1391907K->1274018K(1864192K), 0.0356549 secs] [Times: user=0.14 sys=0.00, real=0.03 secs] 
3655.642: [GC (Allocation Failure) [PSYoungGen: 415158K->185302K(465920K)] 1506978K->1333682K(1864192K), 0.0589432 secs] [Times: user=0.28 sys=0.00, real=0.06 secs] 
3655.913: [GC (GCLocker Initiated GC) [PSYoungGen: 418262K->181396K(465920K)] 1566642K->1386057K(1864192K), 0.0498621 secs] [Times: user=0.24 sys=0.00, real=0.05 secs] 
3657.337: [GC (Allocation Failure) [PSYoungGen: 414356K->103452K(465920K)] 1619018K->1376978K(1864192K), 0.0451102 secs] [Times: user=0.23 sys=0.00, real=0.05 secs] 
3657.685: [GC (Allocation Failure) [PSYoungGen: 336412K->169524K(465920K)] 1609938K->1476167K(1864192K), 0.0656276 secs] [Times: user=0.31 sys=0.00, real=0.07 secs] 
3657.927: [GC (Allocation Failure) [PSYoungGen: 402484K->185206K(465920K)] 1709127K->1545101K(1864192K), 0.0635496 secs] [Times: user=0.30 sys=0.00, real=0.07 secs] 
3657.990: [Full GC (Ergonomics) [PSYoungGen: 185206K->0K(465920K)] [ParOldGen: 1359895K->260924K(1398272K)] 1545101K->260924K(1864192K), [Metaspace: 60290K->60290K(1105920K)], 0.3315628 secs] [Times: user=1.54 sys=0.00, real=0.33 secs] 
3658.427: [GC (Allocation Failure) [PSYoungGen: 232960K->180086K(465920K)] 493884K->441011K(1864192K), 0.0810896 secs] [Times: user=0.43 sys=0.00, real=0.09 secs] 
3658.883: [GC (Allocation Failure) [PSYoungGen: 410780K->215540K(465920K)] 671705K->533241K(1864192K), 0.0528584 secs] [Times: user=0.25 sys=0.00, real=0.05 secs] 
3660.909: [GC (Allocation Failure) [PSYoungGen: 448500K->92170K(465920K)] 766201K->478439K(1864192K), 0.1135774 secs] [Times: user=0.63 sys=0.00, real=0.11 secs] 
3661.326: [GC (Allocation Failure) [PSYoungGen: 325130K->180854K(465920K)] 711399K->596839K(1864192K), 0.0352619 secs] [Times: user=0.15 sys=0.00, real=0.04 secs] 
3661.508: [GC (Allocation Failure) [PSYoungGen: 413814K->185334K(465920K)] 829799K->657600K(1864192K), 0.0673418 secs] [Times: user=0.33 sys=0.00, real=0.06 secs] 
3661.706: [GC (Allocation Failure) [PSYoungGen: 418294K->187157K(465920K)] 890560K->715591K(1864192K), 0.0449108 secs] [Times: user=0.21 sys=0.00, real=0.05 secs] 
3662.804: [GC (Allocation Failure) [PSYoungGen: 420117K->99788K(465920K)] 948551K->698838K(1864192K), 0.0519845 secs] [Times: user=0.27 sys=0.00, real=0.05 secs] 
3663.207: [GC (Allocation Failure) [PSYoungGen: 332748K->173461K(465920K)] 931798K->805494K(1864192K), 0.0655105 secs] [Times: user=0.32 sys=0.00, real=0.07 secs] 
3663.557: [GC (Allocation Failure) [PSYoungGen: 406421K->177909K(465920K)] 1038454K->863742K(1864192K), 0.0724248 secs] [Times: user=0.35 sys=0.00, real=0.08 secs] 
3663.817: [GC (Allocation Failure) [PSYoungGen: 410869K->185527K(465920K)] 1096702K->933432K(1864192K), 0.0492229 secs] [Times: user=0.23 sys=0.00, real=0.05 secs] 
3664.282: [GC (Allocation Failure) [PSYoungGen: 417687K->217396K(465920K)] 1165593K->1024118K(1864192K), 0.0542938 secs] [Times: user=0.26 sys=0.00, real=0.05 secs] 
3665.025: [GC (Allocation Failure) [PSYoungGen: 450356K->99003K(465920K)] 1257078K->974813K(1864192K), 0.0459521 secs] [Times: user=0.24 sys=0.00, real=0.05 secs] 
3665.240: [GC (Allocation Failure) [PSYoungGen: 331963K->179509K(465920K)] 1207773K->1086932K(1864192K), 0.0480858 secs] [Times: user=0.21 sys=0.01, real=0.04 secs] 
3665.408: [GC (Allocation Failure) [PSYoungGen: 412469K->185526K(465920K)] 1319892K->1149232K(1864192K), 0.0444552 secs] [Times: user=0.20 sys=0.00, real=0.04 secs] 
3665.555: [GC (Allocation Failure) [PSYoungGen: 418486K->187189K(465920K)] 1382192K->1207088K(1864192K), 0.0463746 secs] [Times: user=0.22 sys=0.00, real=0.05 secs] 
3666.826: [GC (Allocation Failure) [PSYoungGen: 420149K->97947K(465920K)] 1440048K->1188566K(1864192K), 0.0496858 secs] [Times: user=0.26 sys=0.00, real=0.05 secs] 
3667.630: [GC (Allocation Failure) [PSYoungGen: 330907K->170516K(465920K)] 1421526K->1292828K(1864192K), 0.0641872 secs] [Times: user=0.30 sys=0.00, real=0.06 secs] 
3667.835: [GC (Allocation Failure) [PSYoungGen: 403476K->179541K(465920K)] 1525788K->1355233K(1864192K), 0.0429269 secs] [Times: user=0.20 sys=0.00, real=0.04 secs] 
3667.988: [GC (Allocation Failure) [PSYoungGen: 412441K->185975K(465920K)] 1588132K->1424639K(1864192K), 0.0498628 secs] [Times: user=0.23 sys=0.00, real=0.04 secs] 
3668.440: [GC (Allocation Failure) [PSYoungGen: 416272K->216276K(465920K)] 1654936K->1513884K(1864192K), 0.0538770 secs] [Times: user=0.27 sys=0.00, real=0.05 secs] 
3669.633: [GC (Allocation Failure) [PSYoungGen: 449236K->100171K(465920K)] 1746844K->1466539K(1864192K), 0.0734651 secs] [Times: user=0.39 sys=0.00, real=0.07 secs] 
3669.706: [Full GC (Ergonomics) [PSYoungGen: 100171K->0K(465920K)] [ParOldGen: 1366367K->117768K(1398272K)] 1466539K->117768K(1864192K), [Metaspace: 60300K->60300K(1105920K)], 0.1536862 secs] [Times: user=0.66 sys=0.00, real=0.16 secs] 
3669.981: [GC (Allocation Failure) [PSYoungGen: 232960K->180629K(465920K)] 350728K->298398K(1864192K), 0.0249497 secs] [Times: user=0.09 sys=0.00, real=0.02 secs] 
3670.114: [GC (Allocation Failure) [PSYoungGen: 413589K->185046K(465920K)] 531358K->359222K(1864192K), 0.0413737 secs] [Times: user=0.18 sys=0.00, real=0.04 secs] 
3670.400: [GC (Allocation Failure) [PSYoungGen: 418006K->180532K(465920K)] 592182K->410836K(1864192K), 0.0751984 secs] [Times: user=0.37 sys=0.00, real=0.07 secs] 
3672.404: [GC (Allocation Failure) [PSYoungGen: 413492K->104588K(465920K)] 643796K->403005K(1864192K), 0.0436719 secs] [Times: user=0.22 sys=0.00, real=0.04 secs] 
3672.634: [GC (GCLocker Initiated GC) [PSYoungGen: 337548K->171220K(465920K)] 635966K->504062K(1864192K), 0.0638985 secs] [Times: user=0.31 sys=0.00, real=0.06 secs] 
3672.860: [GC (Allocation Failure) [PSYoungGen: 404180K->181653K(465920K)] 737317K->568586K(1864192K), 0.0423414 secs] [Times: user=0.19 sys=0.00, real=0.04 secs] 
3673.065: [GC (Allocation Failure) [PSYoungGen: 414613K->182582K(465920K)] 801546K->632659K(1864192K), 0.0703347 secs] [Times: user=0.34 sys=0.00, real=0.07 secs] 
3673.578: [GC (Allocation Failure) [PSYoungGen: 415302K->215124K(465920K)] 865379K->722929K(1864192K), 0.0528522 secs] [Times: user=0.25 sys=0.00, real=0.06 secs] 
3674.515: [GC (Allocation Failure) [PSYoungGen: 448084K->98603K(465920K)] 955889K->674784K(1864192K), 0.0883278 secs] [Times: user=0.48 sys=0.00, real=0.09 secs] 
3674.810: [GC (Allocation Failure) [PSYoungGen: 331563K->181174K(465920K)] 907744K->789319K(1864192K), 0.0402380 secs] [Times: user=0.17 sys=0.00, real=0.04 secs] 
3674.960: [GC (Allocation Failure) [PSYoungGen: 414134K->185366K(465920K)] 1022279K->850039K(1864192K), 0.0433441 secs] [Times: user=0.19 sys=0.00, real=0.04 secs] 
3675.131: [GC (Allocation Failure) [PSYoungGen: 418325K->184245K(465920K)] 1082999K->905070K(1864192K), 0.0637796 secs] [Times: user=0.31 sys=0.00, real=0.06 secs] 
3676.306: [GC (Allocation Failure) [PSYoungGen: 417205K->99372K(465920K)] 1138030K->889917K(1864192K), 0.0588666 secs] [Times: user=0.31 sys=0.00, real=0.06 secs] 
3677.411: [GC (Allocation Failure) [PSYoungGen: 332332K->172116K(465920K)] 1122877K->994771K(1864192K), 0.0604440 secs] [Times: user=0.29 sys=0.00, real=0.06 secs] 
3677.658: [GC (Allocation Failure) [PSYoungGen: 405076K->181973K(465920K)] 1227731K->1058644K(1864192K), 0.0591786 secs] [Times: user=0.28 sys=0.00, real=0.05 secs] 
3677.837: [GC (Allocation Failure) [PSYoungGen: 414909K->186039K(465920K)] 1291579K->1126214K(1864192K), 0.0497683 secs] [Times: user=0.23 sys=0.00, real=0.05 secs] 
3678.696: [GC (Allocation Failure) [PSYoungGen: 415954K->213492K(465920K)] 1356128K->1212710K(1864192K), 0.0568248 secs] [Times: user=0.28 sys=0.00, real=0.06 secs] 
3679.245: [GC (Allocation Failure) [PSYoungGen: 446452K->97659K(465920K)] 1445670K->1164174K(1864192K), 0.1009714 secs] [Times: user=0.54 sys=0.01, real=0.10 secs] 
3679.528: [GC (Allocation Failure) [PSYoungGen: 330619K->183574K(465920K)] 1397134K->1281733K(1864192K), 0.0356627 secs] [Times: user=0.15 sys=0.01, real=0.03 secs] 
3679.693: [GC (Allocation Failure) [PSYoungGen: 416534K->185014K(465920K)] 1514693K->1339837K(1864192K), 0.0494629 secs] [Times: user=0.23 sys=0.00, real=0.05 secs] 
3679.864: [GC (GCLocker Initiated GC) [PSYoungGen: 417974K->184693K(465920K)] 1572797K->1395652K(1864192K), 0.0460207 secs] [Times: user=0.22 sys=0.00, real=0.05 secs] 
3680.907: [GC (Allocation Failure) [PSYoungGen: 417653K->100652K(465920K)] 1628614K->1381445K(1864192K), 0.0455974 secs] [Times: user=0.24 sys=0.00, real=0.05 secs] 
3681.157: [GC (Allocation Failure) [PSYoungGen: 333612K->171476K(465920K)] 1614405K->1485466K(1864192K), 0.0613084 secs] [Times: user=0.29 sys=0.00, real=0.06 secs] 
3681.218: [Full GC (Ergonomics) [PSYoungGen: 171476K->0K(465920K)] [ParOldGen: 1313989K->196456K(1398272K)] 1485466K->196456K(1864192K), [Metaspace: 60301K->60301K(1105920K)], 0.2138781 secs] [Times: user=0.99 sys=0.00, real=0.22 secs] 
3681.541: [GC (Allocation Failure) [PSYoungGen: 232960K->179381K(465920K)] 429416K->375838K(1864192K), 0.0328085 secs] [Times: user=0.13 sys=0.00, real=0.03 secs] 
3681.708: [GC (Allocation Failure) [PSYoungGen: 412341K->185879K(465920K)] 608798K->445352K(1864192K), 0.0488243 secs] [Times: user=0.23 sys=0.00, real=0.05 secs] 
3682.128: [GC (Allocation Failure) [PSYoungGen: 415900K->212532K(465920K)] 675373K->531093K(1864192K), 0.0522526 secs] [Times: user=0.25 sys=0.00, real=0.05 secs] 
3683.299: [GC (GCLocker Initiated GC) [PSYoungGen: 445492K->97931K(465920K)] 764053K->483800K(1864192K), 0.1095930 secs] [Times: user=0.60 sys=0.01, real=0.11 secs] 
3683.616: [GC (Allocation Failure) [PSYoungGen: 330891K->178389K(465920K)] 716927K->595978K(1864192K), 0.0341757 secs] [Times: user=0.14 sys=0.00, real=0.04 secs] 
3683.758: [GC (Allocation Failure) [PSYoungGen: 411349K->185366K(465920K)] 828938K->658862K(1864192K), 0.0425955 secs] [Times: user=0.19 sys=0.00, real=0.05 secs] 
3683.906: [GC (Allocation Failure) [PSYoungGen: 418326K->187445K(465920K)] 891822K->717174K(1864192K), 0.0447948 secs] [Times: user=0.21 sys=0.00, real=0.05 secs] 
3685.246: [GC (Allocation Failure) [PSYoungGen: 420405K->99020K(465920K)] 950134K->699368K(1864192K), 0.1078556 secs] [Times: user=0.59 sys=0.01, real=0.11 secs] 
3685.909: [GC (Allocation Failure) [PSYoungGen: 331980K->173013K(465920K)] 932328K->805774K(1864192K), 0.0672174 secs] [Times: user=0.33 sys=0.00, real=0.06 secs] 
3686.150: [GC (Allocation Failure) [PSYoungGen: 405973K->184918K(465920K)] 1038734K->871627K(1864192K), 0.0571332 secs] [Times: user=0.27 sys=0.00, real=0.05 secs] 
3686.333: [GC (Allocation Failure) [PSYoungGen: 417878K->185623K(465920K)] 1104587K->936652K(1864192K), 0.0499901 secs] [Times: user=0.24 sys=0.00, real=0.05 secs] 
3686.801: [GC (Allocation Failure) [PSYoungGen: 417154K->208499K(465920K)] 1168184K->1018649K(1864192K), 0.0531411 secs] [Times: user=0.25 sys=0.01, real=0.05 secs] 
3687.523: [GC (Allocation Failure) [PSYoungGen: 441459K->101596K(465920K)] 1251609K->977849K(1864192K), 0.0531668 secs] [Times: user=0.28 sys=0.00, real=0.05 secs] 
3687.743: [GC (Allocation Failure) [PSYoungGen: 334556K->182134K(465920K)] 1210809K->1090480K(1864192K), 0.0366332 secs] [Times: user=0.16 sys=0.00, real=0.04 secs] 
3687.887: [GC (Allocation Failure) [PSYoungGen: 415094K->185654K(465920K)] 1323440K->1151220K(1864192K), 0.0441059 secs] [Times: user=0.20 sys=0.00, real=0.05 secs] 
3688.033: [GC (Allocation Failure) [PSYoungGen: 418614K->184308K(465920K)] 1384180K->1206003K(1864192K), 0.0462222 secs] [Times: user=0.21 sys=0.00, real=0.05 secs] 
3689.030: [GC (Allocation Failure) [PSYoungGen: 417268K->101436K(465920K)] 1438963K->1192663K(1864192K), 0.0545118 secs] [Times: user=0.29 sys=0.00, real=0.05 secs] 
3689.507: [GC (Allocation Failure) [PSYoungGen: 334396K->171412K(465920K)] 1425623K->1295763K(1864192K), 0.0538973 secs] [Times: user=0.24 sys=0.01, real=0.06 secs] 
3689.735: [GC (GCLocker Initiated GC) [PSYoungGen: 404372K->183381K(465920K)] 1528724K->1361549K(1864192K), 0.0640348 secs] [Times: user=0.30 sys=0.01, real=0.07 secs] 
3689.977: [GC (Allocation Failure) [PSYoungGen: 416341K->183222K(465920K)] 1594639K->1425264K(1864192K), 0.0714550 secs] [Times: user=0.35 sys=0.00, real=0.08 secs] 
3690.901: [GC (Allocation Failure) [PSYoungGen: 416182K->173875K(465920K)] 1658224K->1473965K(1864192K), 0.0559909 secs] [Times: user=0.28 sys=0.00, real=0.05 secs] 
3692.476: [GC (Allocation Failure) [PSYoungGen: 406835K->105228K(465920K)] 1706925K->1471638K(1864192K), 0.0966264 secs] [Times: user=0.52 sys=0.01, real=0.10 secs] 
3692.572: [Full GC (Ergonomics) [PSYoungGen: 105228K->0K(465920K)] [ParOldGen: 1366409K->122893K(1398272K)] 1471638K->122893K(1864192K), [Metaspace: 60310K->60310K(1105920K)], 0.1826386 secs] [Times: user=0.81 sys=0.00, real=0.18 secs] 
3692.871: [GC (Allocation Failure) [PSYoungGen: 232960K->177749K(465920K)] 355853K->300642K(1864192K), 0.0249108 secs] [Times: user=0.08 sys=0.00, real=0.02 secs] 
3693.004: [GC (Allocation Failure) [PSYoungGen: 410709K->185462K(465920K)] 533602K->364099K(1864192K), 0.0415575 secs] [Times: user=0.19 sys=0.00, real=0.04 secs] 
3693.151: [GC (Allocation Failure) [PSYoungGen: 418422K->187381K(465920K)] 597059K->422106K(1864192K), 0.0451209 secs] [Times: user=0.21 sys=0.00, real=0.04 secs] 
3694.191: [GC (Allocation Failure) [PSYoungGen: 420341K->102956K(465920K)] 655066K->408249K(1864192K), 0.0477743 secs] [Times: user=0.25 sys=0.00, real=0.05 secs] 
3694.509: [GC (Allocation Failure) [PSYoungGen: 335916K->176341K(465920K)] 641209K->515606K(1864192K), 0.0385623 secs] [Times: user=0.17 sys=0.00, real=0.03 secs] 
3694.653: [GC (GCLocker Initiated GC) [PSYoungGen: 409301K->182933K(465920K)] 748567K->577031K(1864192K), 0.0423055 secs] [Times: user=0.19 sys=0.00, real=0.04 secs] 
3694.822: [GC (Allocation Failure) [PSYoungGen: 415893K->183798K(465920K)] 826378K->649923K(1864192K), 0.1755034 secs] [Times: user=0.99 sys=0.00, real=0.17 secs] 
3696.388: [GC (Allocation Failure) [PSYoungGen: 416758K->146002K(465920K)] 882883K->670422K(1864192K), 0.1650746 secs] [Times: user=0.94 sys=0.00, real=0.17 secs] 
3696.813: [GC (GCLocker Initiated GC) [PSYoungGen: 378962K->123550K(465920K)] 903383K->694211K(1864192K), 0.0835111 secs] [Times: user=0.46 sys=0.00, real=0.08 secs] 
3697.015: [GC (Allocation Failure) [PSYoungGen: 356510K->179413K(465920K)] 927466K->789705K(1864192K), 0.0376916 secs] [Times: user=0.16 sys=0.00, real=0.04 secs] 
3697.167: [GC (Allocation Failure) [PSYoungGen: 412373K->182710K(465920K)] 1022665K->855943K(1864192K), 0.0488130 secs] [Times: user=0.23 sys=0.00, real=0.05 secs] 
3697.340: [GC (Allocation Failure) [PSYoungGen: 415670K->187477K(465920K)] 1088903K->918894K(1864192K), 0.0639322 secs] [Times: user=0.32 sys=0.00, real=0.06 secs] 
3698.582: [GC (Allocation Failure) [PSYoungGen: 420437K->94491K(465920K)] 1151854K->896612K(1864192K), 0.0624634 secs] [Times: user=0.34 sys=0.00, real=0.06 secs] 
3699.186: [GC (Allocation Failure) [PSYoungGen: 327451K->174709K(465920K)] 1129572K->1007026K(1864192K), 0.0483020 secs] [Times: user=0.21 sys=0.01, real=0.05 secs] 
3699.361: [GC (Allocation Failure) [PSYoungGen: 407669K->185334K(465920K)] 1239986K->1072543K(1864192K), 0.0434472 secs] [Times: user=0.20 sys=0.00, real=0.04 secs] 
3699.510: [GC (Allocation Failure) [PSYoungGen: 418294K->187541K(465920K)] 1305503K->1130975K(1864192K), 0.0460986 secs] [Times: user=0.21 sys=0.00, real=0.04 secs] 
3700.519: [GC (Allocation Failure) [PSYoungGen: 420501K->147474K(465920K)] 1363935K->1161620K(1864192K), 0.0511069 secs] [Times: user=0.26 sys=0.00, real=0.05 secs] 
3701.362: [GC (Allocation Failure) [PSYoungGen: 380434K->127487K(465920K)] 1394580K->1188313K(1864192K), 0.1214359 secs] [Times: user=0.66 sys=0.00, real=0.12 secs] 
3701.612: [GC (Allocation Failure) [PSYoungGen: 360447K->174580K(465920K)] 1421273K->1276287K(1864192K), 0.0386912 secs] [Times: user=0.17 sys=0.01, real=0.04 secs] 
3701.760: [GC (Allocation Failure) [PSYoungGen: 407540K->185399K(465920K)] 1509247K->1348133K(1864192K), 0.0502007 secs] [Times: user=0.23 sys=0.00, real=0.05 secs] 
3701.914: [GC (Allocation Failure) [PSYoungGen: 418359K->187061K(465920K)] 1581093K->1408763K(1864192K), 0.0587136 secs] [Times: user=0.29 sys=0.00, real=0.06 secs] 
3703.007: [GC (Allocation Failure) [PSYoungGen: 420021K->98171K(465920K)] 1641723K->1390322K(1864192K), 0.0480531 secs] [Times: user=0.25 sys=0.00, real=0.05 secs] 
3703.269: [GC (Allocation Failure) [PSYoungGen: 331131K->175381K(465920K)] 1623282K->1499584K(1864192K), 0.0425926 secs] [Times: user=0.18 sys=0.01, real=0.04 secs] 
3703.311: [Full GC (Ergonomics) [PSYoungGen: 175381K->0K(465920K)] [ParOldGen: 1324202K->207319K(1398272K)] 1499584K->207319K(1864192K), [Metaspace: 60316K->60316K(1105920K)], 0.2107904 secs] [Times: user=0.93 sys=0.00, real=0.21 secs] 
3703.634: [GC (Allocation Failure) [PSYoungGen: 232960K->182261K(465920K)] 440279K->389581K(1864192K), 0.0269055 secs] [Times: user=0.10 sys=0.00, real=0.03 secs] 
3703.767: [GC (Allocation Failure) [PSYoungGen: 415221K->187317K(465920K)] 622541K->450341K(1864192K), 0.0433560 secs] [Times: user=0.20 sys=0.00, real=0.05 secs] 
3704.775: [GC (Allocation Failure) [PSYoungGen: 420277K->144722K(465920K)] 683301K->478210K(1864192K), 0.0491829 secs] [Times: user=0.24 sys=0.00, real=0.05 secs] 
3705.436: [GC (Allocation Failure) [PSYoungGen: 377682K->129583K(465920K)] 711170K->509055K(1864192K), 0.1527873 secs] [Times: user=0.74 sys=0.00, real=0.16 secs] 
3705.763: [GC (Allocation Failure) [PSYoungGen: 362543K->179765K(465920K)] 742015K->601314K(1864192K), 0.0451775 secs] [Times: user=0.21 sys=0.00, real=0.05 secs] 
3705.944: [GC (Allocation Failure) [PSYoungGen: 412725K->185559K(465920K)] 834274K->669740K(1864192K), 0.0689596 secs] [Times: user=0.34 sys=0.00, real=0.07 secs] 
3706.132: [GC (Allocation Failure) [PSYoungGen: 418519K->186677K(465920K)] 902700K->729522K(1864192K), 0.0561805 secs] [Times: user=0.27 sys=0.00, real=0.05 secs] 
3707.637: [GC (Allocation Failure) [PSYoungGen: 419637K->94187K(465920K)] 962482K->707556K(1864192K), 0.1159659 secs] [Times: user=0.63 sys=0.01, real=0.12 secs] 
3708.413: [GC (Allocation Failure) [PSYoungGen: 327147K->174165K(465920K)] 940516K->817355K(1864192K), 0.0463073 secs] [Times: user=0.20 sys=0.00, real=0.05 secs] 
3708.635: [GC (Allocation Failure) [PSYoungGen: 407076K->185366K(465920K)] 1050266K->883108K(1864192K), 0.0599596 secs] [Times: user=0.28 sys=0.00, real=0.06 secs] 
3708.815: [GC (Allocation Failure) [PSYoungGen: 418326K->187445K(465920K)] 1116068K->941411K(1864192K), 0.0459446 secs] [Times: user=0.22 sys=0.00, real=0.05 secs] 
3709.776: [GC (Allocation Failure) [PSYoungGen: 420405K->138321K(465920K)] 1174371K->962907K(1864192K), 0.0496127 secs] [Times: user=0.24 sys=0.00, real=0.05 secs] 
3710.093: [GC (Allocation Failure) [PSYoungGen: 371281K->136752K(465920K)] 1195867K->1005306K(1864192K), 0.0981972 secs] [Times: user=0.54 sys=0.00, real=0.10 secs] 
3710.330: [GC (Allocation Failure) [PSYoungGen: 369712K->179221K(465920K)] 1238266K->1091184K(1864192K), 0.0387383 secs] [Times: user=0.17 sys=0.00, real=0.04 secs] 
3710.478: [GC (Allocation Failure) [PSYoungGen: 412181K->185335K(465920K)] 1324144K->1159814K(1864192K), 0.0494545 secs] [Times: user=0.23 sys=0.00, real=0.05 secs] 
3710.631: [GC (Allocation Failure) [PSYoungGen: 418295K->187029K(465920K)] 1392774K->1220364K(1864192K), 0.0574519 secs] [Times: user=0.28 sys=0.00, real=0.06 secs] 
3711.676: [GC (GCLocker Initiated GC) [PSYoungGen: 419989K->93419K(465920K)] 1453324K->1197354K(1864192K), 0.0428691 secs] [Times: user=0.22 sys=0.00, real=0.05 secs] 
3712.323: [GC (Allocation Failure) [PSYoungGen: 326379K->175157K(465920K)] 1430481K->1309344K(1864192K), 0.0440034 secs] [Times: user=0.19 sys=0.00, real=0.04 secs] 
3712.521: [GC (Allocation Failure) [PSYoungGen: 408117K->185206K(465920K)] 1542304K->1374365K(1864192K), 0.0580601 secs] [Times: user=0.27 sys=0.00, real=0.06 secs] 
3712.731: [GC (Allocation Failure) [PSYoungGen: 418166K->184949K(465920K)] 1607325K->1430164K(1864192K), 0.0509323 secs] [Times: user=0.25 sys=0.00, real=0.05 secs] 
3713.810: [GC (Allocation Failure) [PSYoungGen: 417909K->134832K(465920K)] 1663124K->1449811K(1864192K), 0.0495669 secs] [Times: user=0.25 sys=0.00, real=0.05 secs] 
3713.860: [Full GC (Ergonomics) [PSYoungGen: 134832K->0K(465920K)] [ParOldGen: 1314979K->346767K(1398272K)] 1449811K->346767K(1864192K), [Metaspace: 60334K->60334K(1105920K)], 0.5788589 secs] [Times: user=2.53 sys=0.00, real=0.58 secs] 
3716.399: [GC (Allocation Failure) [PSYoungGen: 232960K->135536K(465920K)] 579727K->482303K(1864192K), 0.0411611 secs] [Times: user=0.16 sys=0.00, real=0.04 secs] 
3716.663: [GC (Allocation Failure) [PSYoungGen: 368496K->179637K(465920K)] 715263K->570045K(1864192K), 0.0457260 secs] [Times: user=0.21 sys=0.00, real=0.05 secs] 
3716.817: [GC (Allocation Failure) [PSYoungGen: 412597K->185911K(465920K)] 803005K->639199K(1864192K), 0.0484456 secs] [Times: user=0.22 sys=0.00, real=0.05 secs] 
3717.018: [GC (Allocation Failure) [PSYoungGen: 418871K->184020K(465920K)] 872159K->696036K(1864192K), 0.0847583 secs] [Times: user=0.44 sys=0.00, real=0.09 secs] 
3718.129: [GC (Allocation Failure) [PSYoungGen: 416980K->100092K(465920K)] 928996K->681596K(1864192K), 0.0531232 secs] [Times: user=0.28 sys=0.00, real=0.05 secs] 
3718.462: [GC (Allocation Failure) [PSYoungGen: 333052K->166548K(465920K)] 914556K->780848K(1864192K), 0.0431894 secs] [Times: user=0.19 sys=0.01, real=0.04 secs] 
3718.621: [GC (Allocation Failure) [PSYoungGen: 399508K->184149K(465920K)] 1013808K->850146K(1864192K), 0.0427916 secs] [Times: user=0.20 sys=0.00, real=0.04 secs] 
3718.793: [GC (Allocation Failure) [PSYoungGen: 417109K->187605K(465920K)] 1083106K->909505K(1864192K), 0.0501432 secs] [Times: user=0.24 sys=0.00, real=0.05 secs] 
3719.789: [GC (Allocation Failure) [PSYoungGen: 420565K->138513K(465920K)] 1142465K->931173K(1864192K), 0.0493576 secs] [Times: user=0.25 sys=0.00, real=0.04 secs] 
3720.202: [GC (Allocation Failure) [PSYoungGen: 371473K->140656K(373760K)] 1164133K->977461K(1772032K), 0.0776273 secs] [Times: user=0.42 sys=0.00, real=0.08 secs] 
3720.390: [GC (Allocation Failure) [PSYoungGen: 373616K->179509K(465408K)] 1210421K->1062158K(1863680K), 0.0397271 secs] [Times: user=0.17 sys=0.00, real=0.04 secs] 
3720.536: [GC (Allocation Failure) [PSYoungGen: 412469K->180022K(465408K)] 1295118K->1125039K(1863680K), 0.0497152 secs] [Times: user=0.23 sys=0.00, real=0.05 secs] 
3720.692: [GC (Allocation Failure) [PSYoungGen: 412982K->187317K(464896K)] 1357999K->1190022K(1863168K), 0.0585539 secs] [Times: user=0.29 sys=0.00, real=0.06 secs] 
3722.064: [GC (Allocation Failure) [PSYoungGen: 420277K->99340K(465920K)] 1422982K->1172693K(1864192K), 0.1078887 secs] [Times: user=0.59 sys=0.01, real=0.11 secs] 
3722.784: [GC (Allocation Failure) [PSYoungGen: 332300K->176277K(465920K)] 1405653K->1281395K(1864192K), 0.0451673 secs] [Times: user=0.20 sys=0.00, real=0.05 secs] 
3722.951: [GC (Allocation Failure) [PSYoungGen: 409237K->185334K(465920K)] 1514355K->1346084K(1864192K), 0.0446057 secs] [Times: user=0.21 sys=0.00, real=0.04 secs] 
3723.101: [GC (Allocation Failure) [PSYoungGen: 418294K->186869K(465920K)] 1579044K->1403883K(1864192K), 0.0469347 secs] [Times: user=0.22 sys=0.00, real=0.04 secs] 
3724.107: [GC (Allocation Failure) [PSYoungGen: 419829K->127311K(465920K)] 1636843K->1414882K(1864192K), 0.0495393 secs] [Times: user=0.25 sys=0.00, real=0.05 secs] 
3724.519: [GC (Allocation Failure) [PSYoungGen: 360271K->145745K(465920K)] 1647842K->1473715K(1864192K), 0.0622844 secs] [Times: user=0.32 sys=0.00, real=0.06 secs] 
3724.581: [Full GC (Ergonomics) [PSYoungGen: 145745K->0K(465920K)] [ParOldGen: 1327970K->162960K(1398272K)] 1473715K->162960K(1864192K), [Metaspace: 60335K->60335K(1105920K)], 0.1470488 secs] [Times: user=0.64 sys=0.00, real=0.14 secs] 
3724.837: [GC (Allocation Failure) [PSYoungGen: 232960K->183797K(465920K)] 395920K->346758K(1864192K), 0.0338896 secs] [Times: user=0.14 sys=0.00, real=0.04 secs] 
3725.170: [GC (Allocation Failure) [PSYoungGen: 416757K->185751K(465920K)] 579718K->412591K(1864192K), 0.0541426 secs] [Times: user=0.25 sys=0.00, real=0.05 secs] 
3725.560: [GC (GCLocker Initiated GC) [PSYoungGen: 418711K->184597K(465920K)] 645552K->470510K(1864192K), 0.0628724 secs] [Times: user=0.32 sys=0.00, real=0.06 secs] 
3726.581: [GC (GCLocker Initiated GC) [PSYoungGen: 417557K->95835K(465920K)] 703474K->451584K(1864192K), 0.0423517 secs] [Times: user=0.22 sys=0.00, real=0.04 secs] 
3727.038: [GC (Allocation Failure) [PSYoungGen: 328795K->171764K(465920K)] 684547K->558237K(1864192K), 0.0456567 secs] [Times: user=0.20 sys=0.00, real=0.05 secs] 
3727.213: [GC (Allocation Failure) [PSYoungGen: 404724K->185366K(465920K)] 791197K->625670K(1864192K), 0.0427068 secs] [Times: user=0.19 sys=0.00, real=0.04 secs] 
3727.383: [GC (Allocation Failure) [PSYoungGen: 418326K->187765K(465920K)] 858630K->684141K(1864192K), 0.0497303 secs] [Times: user=0.23 sys=0.00, real=0.05 secs] 
3728.382: [GC (Allocation Failure) [PSYoungGen: 420725K->122703K(465920K)] 917101K->689983K(1864192K), 0.0476578 secs] [Times: user=0.24 sys=0.00, real=0.05 secs] 
3729.095: [GC (Allocation Failure) [PSYoungGen: 355663K->148785K(465920K)] 922943K->754970K(1864192K), 0.1015677 secs] [Times: user=0.54 sys=0.00, real=0.10 secs] 
3729.342: [GC (Allocation Failure) [PSYoungGen: 381745K->184662K(465920K)] 987930K->838335K(1864192K), 0.0413876 secs] [Times: user=0.18 sys=0.01, real=0.04 secs] 
3729.493: [GC (Allocation Failure) [PSYoungGen: 417622K->182902K(465920K)] 1071295K->900776K(1864192K), 0.0507638 secs] [Times: user=0.24 sys=0.01, real=0.05 secs] 
3729.695: [GC (Allocation Failure) [PSYoungGen: 415862K->187189K(465920K)] 1133736K->963494K(1864192K), 0.0825777 secs] [Times: user=0.43 sys=0.00, real=0.08 secs] 
3731.225: [GC (Allocation Failure) [PSYoungGen: 420149K->96235K(465920K)] 1196454K->943241K(1864192K), 0.0991087 secs] [Times: user=0.54 sys=0.00, real=0.10 secs] 
3731.697: [GC (Allocation Failure) [PSYoungGen: 329195K->176373K(465920K)] 1176201K->1054163K(1864192K), 0.0374281 secs] [Times: user=0.16 sys=0.00, real=0.04 secs] 
3731.842: [GC (Allocation Failure) [PSYoungGen: 409333K->185270K(465920K)] 1287123K->1118404K(1864192K), 0.0443155 secs] [Times: user=0.20 sys=0.00, real=0.04 secs] 
3731.990: [GC (Allocation Failure) [PSYoungGen: 418230K->183892K(465920K)] 1351364K->1173259K(1864192K), 0.0465690 secs] [Times: user=0.22 sys=0.00, real=0.04 secs] 
3732.981: [GC (Allocation Failure) [PSYoungGen: 416852K->118894K(465920K)] 1406219K->1177613K(1864192K), 0.0478217 secs] [Times: user=0.24 sys=0.00, real=0.05 secs] 
3733.195: [GC (Allocation Failure) [PSYoungGen: 351854K->156178K(465920K)] 1410573K->1252737K(1864192K), 0.0546805 secs] [Times: user=0.27 sys=0.00, real=0.06 secs] 
3733.357: [GC (GCLocker Initiated GC) [PSYoungGen: 389138K->182741K(465920K)] 1485698K->1328457K(1864192K), 0.0419531 secs] [Times: user=0.19 sys=0.00, real=0.05 secs] 
3733.508: [GC (Allocation Failure) [PSYoungGen: 415701K->185783K(465920K)] 1561584K->1395545K(1864192K), 0.0517703 secs] [Times: user=0.25 sys=0.00, real=0.06 secs] 
3733.683: [GC (Allocation Failure) [PSYoungGen: 418743K->187317K(465920K)] 1628505K->1455847K(1864192K), 0.0632382 secs] [Times: user=0.32 sys=0.00, real=0.06 secs] 
3734.765: [GC (Allocation Failure) [PSYoungGen: 420132K->91162K(465920K)] 1688662K->1430357K(1864192K), 0.0595510 secs] [Times: user=0.31 sys=0.00, real=0.06 secs] 
3734.825: [Full GC (Ergonomics) [PSYoungGen: 91162K->0K(465920K)] [ParOldGen: 1339194K->103174K(1398272K)] 1430357K->103174K(1864192K), [Metaspace: 60338K->60338K(1105920K)], 0.0999666 secs] [Times: user=0.44 sys=0.00, real=0.10 secs] 
3735.511: [GC (Allocation Failure) [PSYoungGen: 232960K->175605K(465920K)] 336134K->278780K(1864192K), 0.0321019 secs] [Times: user=0.12 sys=0.00, real=0.03 secs] 
3735.665: [GC (Allocation Failure) [PSYoungGen: 408565K->185462K(465920K)] 511740K->343500K(1864192K), 0.0422867 secs] [Times: user=0.19 sys=0.00, real=0.04 secs] 
3735.810: [GC (Allocation Failure) [PSYoungGen: 418422K->187701K(465920K)] 576460K->402052K(1864192K), 0.0449189 secs] [Times: user=0.20 sys=0.00, real=0.04 secs] 
3736.814: [GC (Allocation Failure) [PSYoungGen: 420661K->113854K(465920K)] 635012K->398932K(1864192K), 0.0460840 secs] [Times: user=0.23 sys=0.01, real=0.05 secs] 
3738.419: [GC (Allocation Failure) [PSYoungGen: 346814K->151634K(465920K)] 631892K->473245K(1864192K), 0.0864766 secs] [Times: user=0.45 sys=0.00, real=0.08 secs] 
3738.646: [GC (Allocation Failure) [PSYoungGen: 384594K->185110K(465920K)] 706205K->554429K(1864192K), 0.0400158 secs] [Times: user=0.17 sys=0.00, real=0.04 secs] 
3738.797: [GC (Allocation Failure) [PSYoungGen: 418070K->185911K(465920K)] 787389K->619463K(1864192K), 0.0488639 secs] [Times: user=0.22 sys=0.01, real=0.05 secs] 
3738.986: [GC (Allocation Failure) [PSYoungGen: 418871K->186965K(465920K)] 852423K->679357K(1864192K), 0.0787428 secs] [Times: user=0.41 sys=0.00, real=0.08 secs] 
3740.067: [GC (Allocation Failure) [PSYoungGen: 419925K->92571K(465920K)] 912317K->655506K(1864192K), 0.0552193 secs] [Times: user=0.29 sys=0.00, real=0.06 secs] 
3740.356: [GC (GCLocker Initiated GC) [PSYoungGen: 325531K->181494K(465920K)] 888468K->774563K(1864192K), 0.0445069 secs] [Times: user=0.19 sys=0.00, real=0.05 secs] 
3740.524: [GC (Allocation Failure) [PSYoungGen: 414454K->185270K(465920K)] 1007652K->834836K(1864192K), 0.0439398 secs] [Times: user=0.20 sys=0.00, real=0.04 secs] 
3740.937: [GC (Allocation Failure) [PSYoungGen: 418230K->176660K(465920K)] 1067796K->882202K(1864192K), 0.0594225 secs] [Times: user=0.29 sys=0.00, real=0.06 secs] 
3742.100: [GC (Allocation Failure) [PSYoungGen: 409620K->117998K(465920K)] 1115162K->890381K(1864192K), 0.0461159 secs] [Times: user=0.23 sys=0.00, real=0.04 secs] 
3742.485: [GC (Allocation Failure) [PSYoungGen: 350958K->156946K(465920K)] 1123341K->966702K(1864192K), 0.0935430 secs] [Times: user=0.48 sys=0.00, real=0.10 secs] 
3742.785: [GC (Allocation Failure) [PSYoungGen: 389906K->182037K(465920K)] 1199662K->1041389K(1864192K), 0.0480690 secs] [Times: user=0.22 sys=0.00, real=0.05 secs] 
3742.950: [GC (GCLocker Initiated GC) [PSYoungGen: 414997K->183318K(465920K)] 1274349K->1105782K(1864192K), 0.0489085 secs] [Times: user=0.22 sys=0.01, real=0.05 secs] 
3743.103: [GC (Allocation Failure) [PSYoungGen: 416278K->186389K(465920K)] 1339037K->1167411K(1864192K), 0.0559140 secs] [Times: user=0.27 sys=0.00, real=0.06 secs] 
3745.119: [GC (Allocation Failure) [PSYoungGen: 419349K->90122K(465920K)] 1400371K->1141493K(1864192K), 0.1222899 secs] [Times: user=0.67 sys=0.01, real=0.12 secs] 
3745.559: [GC (Allocation Failure) [PSYoungGen: 323082K->180214K(465920K)] 1374453K->1261585K(1864192K), 0.0368440 secs] [Times: user=0.16 sys=0.00, real=0.03 secs] 
3745.748: [GC (Allocation Failure) [PSYoungGen: 413174K->185334K(465920K)] 1494545K->1322529K(1864192K), 0.0644015 secs] [Times: user=0.31 sys=0.00, real=0.07 secs] 
3745.983: [GC (Allocation Failure) [PSYoungGen: 418294K->187125K(465920K)] 1555489K->1380505K(1864192K), 0.0660172 secs] [Times: user=0.32 sys=0.00, real=0.07 secs] 
3747.101: [GC (Allocation Failure) [PSYoungGen: 420085K->112125K(465920K)] 1613465K->1376057K(1864192K), 0.0470088 secs] [Times: user=0.23 sys=0.01, real=0.04 secs] 
3747.492: [GC (Allocation Failure) [PSYoungGen: 345085K->160083K(465920K)] 1609017K->1460903K(1864192K), 0.0914263 secs] [Times: user=0.48 sys=0.00, real=0.09 secs] 
3747.721: [GC (Allocation Failure) [PSYoungGen: 393043K->184309K(465920K)] 1693863K->1534569K(1864192K), 0.0422428 secs] [Times: user=0.19 sys=0.00, real=0.04 secs] 
3747.763: [Full GC (Ergonomics) [PSYoungGen: 184309K->0K(465920K)] [ParOldGen: 1350259K->251940K(1398272K)] 1534569K->251940K(1864192K), [Metaspace: 60339K->60339K(1105920K)], 0.3053629 secs] [Times: user=1.40 sys=0.00, real=0.31 secs] 
3748.176: [GC (GCLocker Initiated GC) [PSYoungGen: 232960K->179990K(465920K)] 484900K->431930K(1864192K), 0.0849428 secs] [Times: user=0.44 sys=0.00, real=0.09 secs] 
3748.431: [GC (Allocation Failure) [PSYoungGen: 412950K->186869K(465920K)] 665185K->496288K(1864192K), 0.0654494 secs] [Times: user=0.33 sys=0.00, real=0.06 secs] 
3749.418: [GC (Allocation Failure) [PSYoungGen: 419829K->91594K(465920K)] 729248K->471526K(1864192K), 0.0532018 secs] [Times: user=0.28 sys=0.00, real=0.05 secs] 
3749.753: [GC (Allocation Failure) [PSYoungGen: 324554K->182102K(465920K)] 704486K->591521K(1864192K), 0.0534104 secs] [Times: user=0.24 sys=0.00, real=0.05 secs] 
3749.961: [GC (Allocation Failure) [PSYoungGen: 415062K->185366K(465920K)] 824481K->651477K(1864192K), 0.0437998 secs] [Times: user=0.19 sys=0.00, real=0.04 secs] 
3750.108: [GC (Allocation Failure) [PSYoungGen: 418326K->187285K(465920K)] 884437K->709788K(1864192K), 0.0455426 secs] [Times: user=0.21 sys=0.00, real=0.05 secs] 
3751.110: [GC (Allocation Failure) [PSYoungGen: 420245K->108669K(465920K)] 942748K->701732K(1864192K), 0.0458664 secs] [Times: user=0.24 sys=0.00, real=0.04 secs] 
3752.272: [GC (GCLocker Initiated GC) [PSYoungGen: 341629K->155378K(465920K)] 934692K->783295K(1864192K), 0.0877153 secs] [Times: user=0.44 sys=0.00, real=0.09 secs] 
3752.511: [GC (Allocation Failure) [PSYoungGen: 388338K->183861K(465920K)] 1016258K->860637K(1864192K), 0.0408596 secs] [Times: user=0.18 sys=0.00, real=0.04 secs] 
3752.662: [GC (Allocation Failure) [PSYoungGen: 416821K->185975K(465920K)] 1093597K->926766K(1864192K), 0.0497845 secs] [Times: user=0.23 sys=0.01, real=0.05 secs] 
3752.847: [GC (Allocation Failure) [PSYoungGen: 418935K->187285K(465920K)] 1159726K->987020K(1864192K), 0.0752865 secs] [Times: user=0.39 sys=0.00, real=0.08 secs] 
3754.503: [GC (Allocation Failure) [PSYoungGen: 420245K->92154K(465920K)] 1219980K->962370K(1864192K), 0.1102677 secs] [Times: user=0.60 sys=0.00, real=0.11 secs] 
3755.155: [GC (Allocation Failure) [PSYoungGen: 325020K->177845K(465920K)] 1195235K->1077586K(1864192K), 0.0432394 secs] [Times: user=0.18 sys=0.00, real=0.05 secs] 
3755.309: [GC (Allocation Failure) [PSYoungGen: 410805K->185142K(465920K)] 1310546K->1140026K(1864192K), 0.0449710 secs] [Times: user=0.20 sys=0.00, real=0.04 secs] 
3755.457: [GC (Allocation Failure) [PSYoungGen: 418102K->220309K(465920K)] 1372986K->1231361K(1864192K), 0.0477046 secs] [Times: user=0.22 sys=0.01, real=0.05 secs] 
3756.895: [GC (Allocation Failure) [PSYoungGen: 453269K->109677K(465920K)] 1464321K->1191377K(1864192K), 0.0469024 secs] [Times: user=0.24 sys=0.00, real=0.05 secs] 
3757.194: [GC (Allocation Failure) [PSYoungGen: 342637K->159411K(465920K)] 1424337K->1276770K(1864192K), 0.0559869 secs] [Times: user=0.27 sys=0.01, real=0.06 secs] 
3757.359: [GC (Allocation Failure) [PSYoungGen: 392371K->184758K(465920K)] 1509730K->1352833K(1864192K), 0.0437515 secs] [Times: user=0.20 sys=0.00, real=0.04 secs] 
3757.546: [GC (Allocation Failure) [PSYoungGen: 417718K->185591K(465920K)] 1585793K->1418079K(1864192K), 0.0652496 secs] [Times: user=0.32 sys=0.00, real=0.07 secs] 
3757.737: [GC (Allocation Failure) [PSYoungGen: 418551K->187029K(465920K)] 1651039K->1478581K(1864192K), 0.0567193 secs] [Times: user=0.28 sys=0.00, real=0.06 secs] 
3759.041: [GC (GCLocker Initiated GC) [PSYoungGen: 419989K->89930K(465920K)] 1711543K->1451896K(1864192K), 0.0914821 secs] [Times: user=0.50 sys=0.00, real=0.09 secs] 
3759.133: [Full GC (Ergonomics) [PSYoungGen: 89930K->0K(465920K)] [ParOldGen: 1361966K->103824K(1398272K)] 1451896K->103824K(1864192K), [Metaspace: 60341K->60341K(1105920K)], 0.1375515 secs] [Times: user=0.57 sys=0.00, real=0.14 secs] 
3759.846: [GC (Allocation Failure) [PSYoungGen: 232960K->184437K(465920K)] 336950K->288428K(1864192K), 0.0323460 secs] [Times: user=0.12 sys=0.00, real=0.04 secs] 
3759.998: [GC (Allocation Failure) [PSYoungGen: 417397K->185206K(465920K)] 521388K->345492K(1864192K), 0.0409186 secs] [Times: user=0.18 sys=0.00, real=0.05 secs] 
3760.145: [GC (Allocation Failure) [PSYoungGen: 418166K->187221K(465920K)] 578452K->403595K(1864192K), 0.0453031 secs] [Times: user=0.21 sys=0.00, real=0.05 secs] 
3761.721: [GC (Allocation Failure) [PSYoungGen: 420181K->106957K(465920K)] 636555K->393935K(1864192K), 0.0453372 secs] [Times: user=0.23 sys=0.01, real=0.04 secs] 
3762.809: [GC (Allocation Failure) [PSYoungGen: 339917K->161203K(465920K)] 626895K->483526K(1864192K), 0.0676731 secs] [Times: user=0.33 sys=0.00, real=0.06 secs] 
3763.011: [GC (Allocation Failure) [PSYoungGen: 394163K->193334K(465920K)] 716486K->565664K(1864192K), 0.0417871 secs] [Times: user=0.18 sys=0.00, real=0.04 secs] 
3763.278: [GC (GCLocker Initiated GC) [PSYoungGen: 426294K->181398K(465920K)] 798624K->618057K(1864192K), 0.0534703 secs] [Times: user=0.25 sys=0.00, real=0.05 secs] 
3763.621: [GC (Allocation Failure) [PSYoungGen: 414358K->185397K(465920K)] 851019K->679417K(1864192K), 0.0567017 secs] [Times: user=0.28 sys=0.00, real=0.05 secs] 
3764.649: [GC (Allocation Failure) [PSYoungGen: 418357K->95419K(465920K)] 912377K->659320K(1864192K), 0.0525629 secs] [Times: user=0.27 sys=0.01, real=0.05 secs] 
3764.965: [GC (Allocation Failure) [PSYoungGen: 328379K->182582K(465920K)] 892280K->776495K(1864192K), 0.0344628 secs] [Times: user=0.15 sys=0.00, real=0.04 secs] 
3765.133: [GC (Allocation Failure) [PSYoungGen: 415542K->185526K(465920K)] 1009455K->836703K(1864192K), 0.0551886 secs] [Times: user=0.27 sys=0.00, real=0.06 secs] 
3765.311: [GC (Allocation Failure) [PSYoungGen: 418486K->187285K(465920K)] 1069663K->894551K(1864192K), 0.0466014 secs] [Times: user=0.22 sys=0.00, real=0.04 secs] 
3766.329: [GC (Allocation Failure) [PSYoungGen: 420245K->102204K(465920K)] 1127511K->880086K(1864192K), 0.0464369 secs] [Times: user=0.24 sys=0.00, real=0.04 secs] 
3767.258: [GC (Allocation Failure) [PSYoungGen: 335164K->163699K(465920K)] 1113046K->974482K(1864192K), 0.0866412 secs] [Times: user=0.44 sys=0.00, real=0.09 secs] 
3767.483: [GC (Allocation Failure) [PSYoungGen: 396659K->182133K(465920K)] 1207442K->1044296K(1864192K), 0.0430093 secs] [Times: user=0.19 sys=0.00, real=0.04 secs] 
3767.636: [GC (Allocation Failure) [PSYoungGen: 415093K->185943K(465920K)] 1277256K->1111738K(1864192K), 0.0511387 secs] [Times: user=0.24 sys=0.00, real=0.05 secs] 
3767.793: [GC (Allocation Failure) [PSYoungGen: 418903K->187029K(465920K)] 1344698K->1171848K(1864192K), 0.0573712 secs] [Times: user=0.29 sys=0.00, real=0.06 secs] 
3769.814: [GC (Allocation Failure) [PSYoungGen: 419989K->86106K(465920K)] 1404808K->1141557K(1864192K), 0.0980465 secs] [Times: user=0.53 sys=0.00, real=0.10 secs] 
3770.178: [GC (Allocation Failure) [PSYoungGen: 319066K->183286K(465920K)] 1374517K->1266878K(1864192K), 0.0343516 secs] [Times: user=0.14 sys=0.00, real=0.04 secs] 
3770.320: [GC (Allocation Failure) [PSYoungGen: 416246K->184822K(465920K)] 1499838K->1325429K(1864192K), 0.0446800 secs] [Times: user=0.20 sys=0.00, real=0.04 secs] 
3770.469: [GC (Allocation Failure) [PSYoungGen: 417782K->187253K(465920K)] 1558389K->1383789K(1864192K), 0.0466499 secs] [Times: user=0.22 sys=0.00, real=0.04 secs] 
3771.518: [GC (GCLocker Initiated GC) [PSYoungGen: 420213K->105340K(465920K)] 1616749K->1372388K(1864192K), 0.0463914 secs] [Times: user=0.23 sys=0.00, real=0.04 secs] 
3771.791: [GC (Allocation Failure) [PSYoungGen: 338300K->161107K(465920K)] 1605351K->1463025K(1864192K), 0.0912846 secs] [Times: user=0.47 sys=0.00, real=0.09 secs] 
3772.081: [GC (Allocation Failure) [PSYoungGen: 394067K->185238K(465920K)] 1695985K->1538120K(1864192K), 0.0513336 secs] [Times: user=0.24 sys=0.00, real=0.05 secs] 
3772.132: [Full GC (Ergonomics) [PSYoungGen: 185238K->0K(465920K)] [ParOldGen: 1352881K->255303K(1398272K)] 1538120K->255303K(1864192K), [Metaspace: 60341K->60341K(1105920K)], 0.3063359 secs] [Times: user=1.41 sys=0.00, real=0.31 secs] 
3772.546: [GC (Allocation Failure) [PSYoungGen: 232960K->182678K(465920K)] 488263K->437982K(1864192K), 0.0831519 secs] [Times: user=0.43 sys=0.01, real=0.09 secs] 
3772.733: [GC (Allocation Failure) [PSYoungGen: 415638K->187253K(465920K)] 670942K->500469K(1864192K), 0.0557329 secs] [Times: user=0.27 sys=0.00, real=0.06 secs] 
3773.869: [GC (Allocation Failure) [PSYoungGen: 420213K->90282K(465920K)] 733429K->473938K(1864192K), 0.0561479 secs] [Times: user=0.30 sys=0.00, real=0.05 secs] 
3774.410: [GC (Allocation Failure) [PSYoungGen: 323242K->183190K(465920K)] 706898K->596559K(1864192K), 0.0339181 secs] [Times: user=0.14 sys=0.01, real=0.03 secs] 
3774.596: [GC (Allocation Failure) [PSYoungGen: 416150K->182421K(465920K)] 829519K->652718K(1864192K), 0.0663624 secs] [Times: user=0.32 sys=0.00, real=0.07 secs] 
3774.836: [GC (Allocation Failure) [PSYoungGen: 415381K->187189K(465920K)] 885678K->713078K(1864192K), 0.0597416 secs] [Times: user=0.29 sys=0.00, real=0.06 secs] 
3775.862: [GC (Allocation Failure) [PSYoungGen: 420149K->106605K(465920K)] 946038K->702986K(1864192K), 0.0457132 secs] [Times: user=0.23 sys=0.01, real=0.04 secs] 
3777.222: [GC (Allocation Failure) [PSYoungGen: 339565K->159699K(465920K)] 935946K->790785K(1864192K), 0.0739121 secs] [Times: user=0.32 sys=0.00, real=0.07 secs] 
3777.439: [GC (Allocation Failure) [PSYoungGen: 392659K->185078K(465920K)] 1023745K->866496K(1864192K), 0.0413732 secs] [Times: user=0.18 sys=0.00, real=0.04 secs] 
3777.590: [GC (Allocation Failure) [PSYoungGen: 418038K->185591K(465920K)] 1099456K->931129K(1864192K), 0.0497088 secs] [Times: user=0.23 sys=0.00, real=0.05 secs] 
3777.764: [GC (Allocation Failure) [PSYoungGen: 418551K->187157K(465920K)] 1164089K->991735K(1864192K), 0.0603666 secs] [Times: user=0.30 sys=0.00, real=0.06 secs] 
3778.813: [GC (GCLocker Initiated GC) [PSYoungGen: 420117K->93115K(465920K)] 1224695K->968309K(1864192K), 0.0634198 secs] [Times: user=0.34 sys=0.00, real=0.06 secs] 
3779.059: [GC (Allocation Failure) [PSYoungGen: 326075K->187094K(465920K)] 1201400K->1092647K(1864192K), 0.0349788 secs] [Times: user=0.15 sys=0.00, real=0.03 secs] 
3779.200: [GC (Allocation Failure) [PSYoungGen: 420054K->181621K(465920K)] 1325607K->1143815K(1864192K), 0.0441087 secs] [Times: user=0.20 sys=0.00, real=0.04 secs] 
3779.430: [GC (Allocation Failure) [PSYoungGen: 414581K->186613K(465920K)] 1376775K->1203930K(1864192K), 0.0624841 secs] [Times: user=0.30 sys=0.00, real=0.06 secs] 
3780.481: [GC (Allocation Failure) [PSYoungGen: 419573K->105692K(465920K)] 1436890K->1193402K(1864192K), 0.0458997 secs] [Times: user=0.24 sys=0.00, real=0.04 secs] 
3781.071: [GC (Allocation Failure) [PSYoungGen: 338652K->166644K(465920K)] 1426362K->1288318K(1864192K), 0.0749538 secs] [Times: user=0.37 sys=0.00, real=0.07 secs] 
3781.292: [GC (Allocation Failure) [PSYoungGen: 399604K->182229K(465920K)] 1521278K->1356400K(1864192K), 0.0425241 secs] [Times: user=0.19 sys=0.00, real=0.04 secs] 
3781.485: [GC (Allocation Failure) [PSYoungGen: 415189K->185815K(465920K)] 1589360K->1423849K(1864192K), 0.0755657 secs] [Times: user=0.37 sys=0.00, real=0.08 secs] 
3781.687: [GC (Allocation Failure) [PSYoungGen: 418775K->187285K(465920K)] 1656809K->1484175K(1864192K), 0.0560213 secs] [Times: user=0.28 sys=0.00, real=0.06 secs] 
3783.249: [GC (GCLocker Initiated GC) [PSYoungGen: 420245K->89802K(465920K)] 1717135K->1457389K(1864192K), 0.1155622 secs] [Times: user=0.64 sys=0.00, real=0.11 secs] 
3783.365: [Full GC (Ergonomics) [PSYoungGen: 89802K->0K(465920K)] [ParOldGen: 1367586K->106452K(1398272K)] 1457389K->106452K(1864192K), [Metaspace: 60341K->60341K(1105920K)], 0.1652527 secs] [Times: user=0.71 sys=0.00, real=0.17 secs] 
3783.942: [GC (Allocation Failure) [PSYoungGen: 232960K->183478K(465920K)] 339415K->289934K(1864192K), 0.0275769 secs] [Times: user=0.10 sys=0.00, real=0.03 secs] 
3784.078: [GC (Allocation Failure) [PSYoungGen: 416438K->185430K(465920K)] 522894K->348961K(1864192K), 0.0413829 secs] [Times: user=0.19 sys=0.00, real=0.05 secs] 
3784.253: [GC (Allocation Failure) [PSYoungGen: 418390K->182900K(465920K)] 581921K->402704K(1864192K), 0.0625841 secs] [Times: user=0.31 sys=0.00, real=0.06 secs] 
3785.301: [GC (Allocation Failure) [PSYoungGen: 415860K->105932K(465920K)] 635664K->394888K(1864192K), 0.0445713 secs] [Times: user=0.22 sys=0.00, real=0.04 secs] 
3785.705: [GC (Allocation Failure) [PSYoungGen: 338892K->171092K(465920K)] 627848K->494956K(1864192K), 0.0675654 secs] [Times: user=0.33 sys=0.01, real=0.07 secs] 
3785.898: [GC (GCLocker Initiated GC) [PSYoungGen: 404052K->182869K(465920K)] 727917K->559830K(1864192K), 0.0415351 secs] [Times: user=0.18 sys=0.00, real=0.05 secs] 
3786.048: [GC (Allocation Failure) [PSYoungGen: 415829K->185431K(465920K)] 793084K->626302K(1864192K), 0.0495621 secs] [Times: user=0.23 sys=0.00, real=0.05 secs] 
3786.394: [GC (Allocation Failure) [PSYoungGen: 418391K->215348K(465920K)] 859262K->714859K(1864192K), 0.0629460 secs] [Times: user=0.31 sys=0.00, real=0.06 secs] 
3787.433: [GC (Allocation Failure) [PSYoungGen: 448308K->87642K(465920K)] 947819K->656081K(1864192K), 0.0426089 secs] [Times: user=0.22 sys=0.00, real=0.04 secs] 
3787.681: [GC (Allocation Failure) [PSYoungGen: 320602K->183222K(465920K)] 889041K->779257K(1864192K), 0.0457297 secs] [Times: user=0.20 sys=0.00, real=0.04 secs] 
3787.885: [GC (Allocation Failure) [PSYoungGen: 416182K->185334K(465920K)] 1012217K->838805K(1864192K), 0.0444552 secs] [Times: user=0.20 sys=0.00, real=0.05 secs] 
3788.051: [GC (Allocation Failure) [PSYoungGen: 418294K->187765K(465920K)] 1071765K->897445K(1864192K), 0.0449765 secs] [Times: user=0.21 sys=0.00, real=0.04 secs] 
3789.238: [GC (Allocation Failure) [PSYoungGen: 420725K->99964K(465920K)] 1130405K->880556K(1864192K), 0.0750333 secs] [Times: user=0.40 sys=0.00, real=0.07 secs] 
3790.683: [GC (Allocation Failure) [PSYoungGen: 332924K->163123K(465920K)] 1113516K->975536K(1864192K), 0.0598387 secs] [Times: user=0.29 sys=0.00, real=0.06 secs] 
3790.875: [GC (Allocation Failure) [PSYoungGen: 396083K->185430K(465920K)] 1208496K->1049314K(1864192K), 0.0426826 secs] [Times: user=0.19 sys=0.00, real=0.04 secs] 
3791.028: [GC (Allocation Failure) [PSYoungGen: 418390K->186007K(465920K)] 1282274K->1114364K(1864192K), 0.0505097 secs] [Times: user=0.24 sys=0.00, real=0.05 secs] 
3791.181: [GC (Allocation Failure) [PSYoungGen: 418967K->184500K(465920K)] 1347324K->1171817K(1864192K), 0.0559857 secs] [Times: user=0.28 sys=0.00, real=0.05 secs] 
3792.497: [GC (Allocation Failure) [PSYoungGen: 417460K->94203K(465920K)] 1404777K->1151088K(1864192K), 0.0977983 secs] [Times: user=0.53 sys=0.01, real=0.10 secs] 
3792.814: [GC (Allocation Failure) [PSYoungGen: 327163K->183158K(465920K)] 1384053K->1270336K(1864192K), 0.0356730 secs] [Times: user=0.15 sys=0.00, real=0.04 secs] 
3793.284: [GC (Allocation Failure) [PSYoungGen: 416118K->180853K(465920K)] 1503296K->1324815K(1864192K), 0.0761956 secs] [Times: user=0.37 sys=0.00, real=0.08 secs] 
3793.665: [GC (GCLocker Initiated GC) [PSYoungGen: 413813K->185877K(465920K)] 1557777K->1384593K(1864192K), 0.0529359 secs] [Times: user=0.25 sys=0.01, real=0.05 secs] 
3795.042: [GC (Allocation Failure) [PSYoungGen: 418837K->99116K(465920K)] 1617553K->1368000K(1864192K), 0.0513175 secs] [Times: user=0.27 sys=0.00, real=0.05 secs] 
3795.398: [GC (Allocation Failure) [PSYoungGen: 332076K->169300K(465920K)] 1600960K->1469957K(1864192K), 0.0727761 secs] [Times: user=0.36 sys=0.00, real=0.08 secs] 
3795.646: [GC (Allocation Failure) [PSYoungGen: 402260K->182293K(465920K)] 1702917K->1536227K(1864192K), 0.0596920 secs] [Times: user=0.29 sys=0.01, real=0.06 secs] 
3795.706: [Full GC (Ergonomics) [PSYoungGen: 182293K->0K(465920K)] [ParOldGen: 1353933K->254938K(1398272K)] 1536227K->254938K(1864192K), [Metaspace: 60341K->60341K(1105920K)], 0.3240432 secs] [Times: user=1.50 sys=0.00, real=0.33 secs] 
3796.139: [GC (Allocation Failure) [PSYoungGen: 232960K->186039K(465920K)] 487898K->440977K(1864192K), 0.0886666 secs] [Times: user=0.46 sys=0.00, real=0.08 secs] 
3796.328: [GC (Allocation Failure) [PSYoungGen: 418999K->181908K(465920K)] 673937K->495878K(1864192K), 0.0544257 secs] [Times: user=0.27 sys=0.00, real=0.06 secs] 
3797.883: [GC (Allocation Failure) [PSYoungGen: 414868K->91370K(465920K)] 728838K->474109K(1864192K), 0.1072646 secs] [Times: user=0.59 sys=0.00, real=0.11 secs] 
3798.417: [GC (Allocation Failure) [PSYoungGen: 324330K->183638K(465920K)] 707069K->596509K(1864192K), 0.0448059 secs] [Times: user=0.19 sys=0.00, real=0.05 secs] 
3798.648: [GC (Allocation Failure) [PSYoungGen: 416598K->179509K(465920K)] 829469K->649108K(1864192K), 0.0646595 secs] [Times: user=0.31 sys=0.00, real=0.07 secs] 
3798.886: [GC (Allocation Failure) [PSYoungGen: 412469K->187445K(465920K)] 882068K->711924K(1864192K), 0.0608797 secs] [Times: user=0.30 sys=0.00, real=0.06 secs] 
3800.027: [GC (Allocation Failure) [PSYoungGen: 420405K->107197K(465920K)] 944884K->702400K(1864192K), 0.0563961 secs] [Times: user=0.30 sys=0.00, real=0.06 secs] 
3800.530: [GC (GCLocker Initiated GC) [PSYoungGen: 340157K->167764K(465920K)] 935360K->798340K(1864192K), 0.0872291 secs] [Times: user=0.44 sys=0.00, real=0.08 secs] 
3800.750: [GC (Allocation Failure) [PSYoungGen: 400724K->184117K(465920K)] 1031466K->867084K(1864192K), 0.0461752 secs] [Times: user=0.21 sys=0.00, real=0.04 secs] 
3800.939: [GC (Allocation Failure) [PSYoungGen: 417077K->185079K(465920K)] 1100044K->932033K(1864192K), 0.0583290 secs] [Times: user=0.28 sys=0.00, real=0.05 secs] 
3801.189: [GC (Allocation Failure) [PSYoungGen: 417305K->202069K(465920K)] 1164259K->1007687K(1864192K), 0.0639459 secs] [Times: user=0.32 sys=0.00, real=0.06 secs] 
3802.240: [GC (Allocation Failure) [PSYoungGen: 435029K->91546K(465920K)] 1240647K->966989K(1864192K), 0.0707885 secs] [Times: user=0.38 sys=0.00, real=0.07 secs] 
3802.520: [GC (Allocation Failure) [PSYoungGen: 324506K->182710K(465920K)] 1199949K->1086861K(1864192K), 0.0452368 secs] [Times: user=0.19 sys=0.00, real=0.04 secs] 
3802.680: [GC (Allocation Failure) [PSYoungGen: 415670K->185366K(465920K)] 1319821K->1147013K(1864192K), 0.0449235 secs] [Times: user=0.20 sys=0.00, real=0.04 secs] 
3802.827: [GC (Allocation Failure) [PSYoungGen: 418326K->184340K(465920K)] 1379973K->1201976K(1864192K), 0.0462867 secs] [Times: user=0.21 sys=0.00, real=0.05 secs] 
3803.826: [GC (Allocation Failure) [PSYoungGen: 417300K->99292K(465920K)] 1434936K->1186351K(1864192K), 0.0446863 secs] [Times: user=0.23 sys=0.00, real=0.05 secs] 
3804.950: [GC (Allocation Failure) [PSYoungGen: 332252K->166964K(465920K)] 1419311K->1285836K(1864192K), 0.0684718 secs] [Times: user=0.33 sys=0.00, real=0.06 secs] 
3805.160: [GC (Allocation Failure) [PSYoungGen: 399924K->185174K(465920K)] 1518796K->1356774K(1864192K), 0.0428893 secs] [Times: user=0.19 sys=0.00, real=0.04 secs] 
3805.313: [GC (Allocation Failure) [PSYoungGen: 418134K->186039K(465920K)] 1589734K->1421975K(1864192K), 0.0505347 secs] [Times: user=0.24 sys=0.00, real=0.05 secs] 
3805.524: [GC (Allocation Failure) [PSYoungGen: 418999K->184148K(465920K)] 1654935K->1479085K(1864192K), 0.0746028 secs] [Times: user=0.37 sys=0.00, real=0.07 secs] 
3807.370: [GC (Allocation Failure) [PSYoungGen: 417108K->90442K(465920K)] 1712045K->1454855K(1864192K), 0.0910069 secs] [Times: user=0.49 sys=0.01, real=0.09 secs] 
3807.461: [Full GC (Ergonomics) [PSYoungGen: 90442K->0K(465920K)] [ParOldGen: 1364412K->107910K(1398272K)] 1454855K->107910K(1864192K), [Metaspace: 60342K->60342K(1105920K)], 0.1594073 secs] [Times: user=0.69 sys=0.00, real=0.16 secs] 
3807.770: [GC (Allocation Failure) [PSYoungGen: 232960K->183190K(465920K)] 340870K->291101K(1864192K), 0.0256017 secs] [Times: user=0.09 sys=0.00, real=0.02 secs] 
3807.940: [GC (Allocation Failure) [PSYoungGen: 416150K->180757K(465920K)] 524061K->345616K(1864192K), 0.0546068 secs] [Times: user=0.25 sys=0.01, real=0.05 secs] 
3808.137: [GC (Allocation Failure) [PSYoungGen: 413717K->187637K(465920K)] 578576K->407288K(1864192K), 0.0527157 secs] [Times: user=0.26 sys=0.00, real=0.06 secs] 
3809.620: [GC (Allocation Failure) [PSYoungGen: 420597K->104316K(465920K)] 640248K->394527K(1864192K), 0.0446483 secs] [Times: user=0.23 sys=0.00, real=0.04 secs] 
3809.864: [GC (GCLocker Initiated GC) [PSYoungGen: 337276K->171764K(465920K)] 627490K->496346K(1864192K), 0.0825910 secs] [Times: user=0.40 sys=0.00, real=0.08 secs] 
3810.110: [GC (Allocation Failure) [PSYoungGen: 404724K->181557K(465920K)] 729601K->560042K(1864192K), 0.0425075 secs] [Times: user=0.19 sys=0.00, real=0.04 secs] 
3810.306: [GC (Allocation Failure) [PSYoungGen: 414517K->185847K(465920K)] 793002K->627968K(1864192K), 0.0622567 secs] [Times: user=0.31 sys=0.00, real=0.07 secs] 
3810.615: [GC (Allocation Failure) [PSYoungGen: 418114K->215124K(465920K)] 860234K->716189K(1864192K), 0.0539832 secs] [Times: user=0.26 sys=0.00, real=0.06 secs] 
3811.889: [GC (Allocation Failure) [PSYoungGen: 448084K->92586K(465920K)] 949149K->662151K(1864192K), 0.1079639 secs] [Times: user=0.59 sys=0.00, real=0.10 secs] 
3812.267: [GC (Allocation Failure) [PSYoungGen: 325546K->183958K(465920K)] 895111K->783932K(1864192K), 0.0352127 secs] [Times: user=0.15 sys=0.00, real=0.04 secs] 
3812.436: [GC (Allocation Failure) [PSYoungGen: 416918K->185206K(465920K)] 1016892K->842371K(1864192K), 0.0582706 secs] [Times: user=0.28 sys=0.00, real=0.06 secs] 
3812.642: [GC (Allocation Failure) [PSYoungGen: 418166K->203573K(465920K)] 1075331K->916843K(1864192K), 0.0615979 secs] [Times: user=0.30 sys=0.00, real=0.06 secs] 
3813.863: [GC (Allocation Failure) [PSYoungGen: 436533K->99068K(465920K)] 1149803K->882905K(1864192K), 0.0650398 secs] [Times: user=0.35 sys=0.00, real=0.06 secs] 
3814.573: [GC (GCLocker Initiated GC) [PSYoungGen: 332028K->169236K(465920K)] 1115866K->985506K(1864192K), 0.0631597 secs] [Times: user=0.30 sys=0.00, real=0.06 secs] 
3814.763: [GC (Allocation Failure) [PSYoungGen: 402196K->185142K(465920K)] 1218633K->1054947K(1864192K), 0.0432630 secs] [Times: user=0.19 sys=0.00, real=0.04 secs] 
3814.952: [GC (Allocation Failure) [PSYoungGen: 418102K->185911K(465920K)] 1287907K->1120044K(1864192K), 0.0753251 secs] [Times: user=0.37 sys=0.01, real=0.07 secs] 
3815.340: [GC (Allocation Failure) [PSYoungGen: 418012K->211636K(465920K)] 1352145K->1204889K(1864192K), 0.0551680 secs] [Times: user=0.27 sys=0.00, real=0.05 secs] 
3816.301: [GC (Allocation Failure) [PSYoungGen: 444596K->98587K(465920K)] 1437849K->1159144K(1864192K), 0.0466348 secs] [Times: user=0.25 sys=0.00, real=0.04 secs] 
3816.528: [GC (Allocation Failure) [PSYoungGen: 331547K->183222K(465920K)] 1392104K->1275332K(1864192K), 0.0521168 secs] [Times: user=0.23 sys=0.00, real=0.06 secs] 
3816.710: [GC (Allocation Failure) [PSYoungGen: 416182K->184630K(465920K)] 1508292K->1334080K(1864192K), 0.0448894 secs] [Times: user=0.21 sys=0.00, real=0.04 secs] 
3816.880: [GC (Allocation Failure) [PSYoungGen: 417590K->187509K(465920K)] 1567040K->1393047K(1864192K), 0.0502653 secs] [Times: user=0.24 sys=0.00, real=0.05 secs] 
3817.909: [GC (Allocation Failure) [PSYoungGen: 420469K->98492K(465920K)] 1626007K->1374846K(1864192K), 0.0460845 secs] [Times: user=0.24 sys=0.00, real=0.04 secs] 
3818.463: [GC (Allocation Failure) [PSYoungGen: 331452K->170100K(465920K)] 1607806K->1477799K(1864192K), 0.0692894 secs] [Times: user=0.34 sys=0.00, real=0.07 secs] 
3818.669: [GC (Allocation Failure) [PSYoungGen: 403060K->185270K(465920K)] 1710759K->1546797K(1864192K), 0.0437195 secs] [Times: user=0.20 sys=0.00, real=0.04 secs] 
3818.713: [Full GC (Ergonomics) [PSYoungGen: 185270K->0K(465920K)] [ParOldGen: 1361527K->262388K(1398272K)] 1546797K->262388K(1864192K), [Metaspace: 60342K->60342K(1105920K)], 0.3243285 secs] [Times: user=1.49 sys=0.00, real=0.32 secs] 
3819.145: [GC (Allocation Failure) [PSYoungGen: 232960K->185463K(465920K)] 495348K->447851K(1864192K), 0.0844885 secs] [Times: user=0.45 sys=0.00, real=0.09 secs] 
3820.009: [GC (Allocation Failure) [PSYoungGen: 417433K->209491K(465920K)] 679821K->530863K(1864192K), 0.0554743 secs] [Times: user=0.27 sys=0.00, real=0.05 secs] 
3821.597: [GC (Allocation Failure) [PSYoungGen: 442451K->96043K(465920K)] 763823K->483191K(1864192K), 0.1026699 secs] [Times: user=0.55 sys=0.00, real=0.11 secs] 
3821.918: [GC (Allocation Failure) [PSYoungGen: 329003K->183862K(465920K)] 716151K->602335K(1864192K), 0.0343316 secs] [Times: user=0.13 sys=0.00, real=0.04 secs] 
3822.061: [GC (Allocation Failure) [PSYoungGen: 416822K->185206K(465920K)] 835295K->660703K(1864192K), 0.0432839 secs] [Times: user=0.19 sys=0.00, real=0.04 secs] 
3822.242: [GC (Allocation Failure) [PSYoungGen: 418100K->186997K(465920K)] 893597K->718582K(1864192K), 0.0588830 secs] [Times: user=0.28 sys=0.00, real=0.06 secs] 
3823.342: [GC (Allocation Failure) [PSYoungGen: 419957K->98652K(465920K)] 951542K->700853K(1864192K), 0.0438790 secs] [Times: user=0.22 sys=0.00, real=0.04 secs] 
3823.672: [GC (Allocation Failure) [PSYoungGen: 331612K->174357K(465920K)] 933813K->809218K(1864192K), 0.0656634 secs] [Times: user=0.31 sys=0.00, real=0.06 secs] 
3824.033: [GC (Allocation Failure) [PSYoungGen: 407317K->180565K(465920K)] 1042178K->869346K(1864192K), 0.0700643 secs] [Times: user=0.34 sys=0.00, real=0.07 secs] 
3824.336: [GC (GCLocker Initiated GC) [PSYoungGen: 413525K->183574K(465920K)] 1102307K->935252K(1864192K), 0.0730605 secs] [Times: user=0.36 sys=0.00, real=0.08 secs] 
3825.303: [GC (Allocation Failure) [PSYoungGen: 416534K->174259K(465920K)] 1168213K->984050K(1864192K), 0.0547564 secs] [Times: user=0.27 sys=0.00, real=0.05 secs] 
3825.626: [GC (Allocation Failure) [PSYoungGen: 407219K->111053K(465920K)] 1217010K->987180K(1864192K), 0.0462626 secs] [Times: user=0.24 sys=0.00, real=0.05 secs] 
3825.855: [GC (Allocation Failure) [PSYoungGen: 338221K->172756K(465920K)] 1214348K->1084072K(1864192K), 0.0470904 secs] [Times: user=0.21 sys=0.00, real=0.05 secs] 
3826.029: [GC (Allocation Failure) [PSYoungGen: 405716K->179637K(465920K)] 1317032K->1145185K(1864192K), 0.0433922 secs] [Times: user=0.19 sys=0.00, real=0.04 secs] 
3826.207: [GC (Allocation Failure) [PSYoungGen: 412597K->187317K(465920K)] 1378145K->1207817K(1864192K), 0.0652364 secs] [Times: user=0.31 sys=0.01, real=0.07 secs] 
3827.299: [GC (Allocation Failure) [PSYoungGen: 420277K->104828K(465920K)] 1440777K->1196120K(1864192K), 0.0609564 secs] [Times: user=0.32 sys=0.01, real=0.06 secs] 
3828.076: [GC (Allocation Failure) [PSYoungGen: 337788K->167988K(465920K)] 1429080K->1293077K(1864192K), 0.0640248 secs] [Times: user=0.31 sys=0.00, real=0.07 secs] 
3828.345: [GC (Allocation Failure) [PSYoungGen: 400948K->185014K(465920K)] 1526037K->1363223K(1864192K), 0.0647504 secs] [Times: user=0.29 sys=0.00, real=0.07 secs] 
3828.526: [GC (Allocation Failure) [PSYoungGen: 417974K->185591K(465920K)] 1596183K->1427972K(1864192K), 0.0505751 secs] [Times: user=0.24 sys=0.00, real=0.05 secs] 
3829.338: [GC (Allocation Failure) [PSYoungGen: 415228K->210771K(465920K)] 1657609K->1512136K(1864192K), 0.0569415 secs] [Times: user=0.28 sys=0.00, real=0.06 secs] 
3830.183: [GC (Allocation Failure) [PSYoungGen: 443731K->104236K(465920K)] 1745096K->1471737K(1864192K), 0.1106919 secs] [Times: user=0.61 sys=0.00, real=0.11 secs] 
3830.294: [Full GC (Ergonomics) [PSYoungGen: 104236K->0K(465920K)] [ParOldGen: 1367501K->121834K(1398272K)] 1471737K->121834K(1864192K), [Metaspace: 60342K->60342K(1105920K)], 0.1804686 secs] [Times: user=0.80 sys=0.00, real=0.18 secs] 
3830.594: [GC (Allocation Failure) [PSYoungGen: 232960K->178773K(465920K)] 354794K->300608K(1864192K), 0.0247265 secs] [Times: user=0.08 sys=0.00, real=0.03 secs] 
3830.792: [GC (Allocation Failure) [PSYoungGen: 411733K->184534K(465920K)] 533568K->361904K(1864192K), 0.0581490 secs] [Times: user=0.28 sys=0.00, real=0.06 secs] 
3830.970: [GC (Allocation Failure) [PSYoungGen: 417494K->187125K(465920K)] 594864K->420391K(1864192K), 0.0449680 secs] [Times: user=0.20 sys=0.00, real=0.04 secs] 
3831.986: [GC (Allocation Failure) [PSYoungGen: 420085K->98988K(465920K)] 653351K->402846K(1864192K), 0.0436159 secs] [Times: user=0.23 sys=0.00, real=0.05 secs] 
3832.198: [GC (Allocation Failure) [PSYoungGen: 331948K->174677K(465920K)] 635806K->511256K(1864192K), 0.0567715 secs] [Times: user=0.26 sys=0.00, real=0.06 secs] 
3832.379: [GC (Allocation Failure) [PSYoungGen: 407637K->182709K(465920K)] 744216K->573456K(1864192K), 0.0427922 secs] [Times: user=0.19 sys=0.00, real=0.04 secs] 
3832.568: [GC (Allocation Failure) [PSYoungGen: 415669K->185527K(465920K)] 806416K->656169K(1864192K), 0.0554981 secs] [Times: user=0.26 sys=0.00, real=0.06 secs] 
3833.488: [GC (Allocation Failure) [PSYoungGen: 418487K->168755K(465920K)] 889129K->698317K(1864192K), 0.0555398 secs] [Times: user=0.27 sys=0.00, real=0.06 secs] 
3834.502: [GC (Allocation Failure) [PSYoungGen: 401715K->103148K(465920K)] 931277K->697335K(1864192K), 0.1085379 secs] [Times: user=0.59 sys=0.00, real=0.11 secs] 
3834.880: [GC (Allocation Failure) [PSYoungGen: 334648K->179509K(465920K)] 928835K->807001K(1864192K), 0.0375793 secs] [Times: user=0.15 sys=0.00, real=0.03 secs] 
3835.026: [GC (Allocation Failure) [PSYoungGen: 412469K->185494K(465920K)] 1039961K->869066K(1864192K), 0.0449297 secs] [Times: user=0.21 sys=0.00, real=0.05 secs] 
3835.200: [GC (Allocation Failure) [PSYoungGen: 418454K->187541K(465920K)] 1102026K->927257K(1864192K), 0.0545707 secs] [Times: user=0.26 sys=0.00, real=0.05 secs] 
3836.609: [GC (Allocation Failure) [PSYoungGen: 420501K->100572K(465920K)] 1160217K->910984K(1864192K), 0.1190751 secs] [Times: user=0.65 sys=0.00, real=0.12 secs] 
3838.347: [GC (Allocation Failure) [PSYoungGen: 333532K->166740K(465920K)] 1143944K->1009364K(1864192K), 0.0615622 secs] [Times: user=0.30 sys=0.00, real=0.07 secs] 
3838.544: [GC (Allocation Failure) [PSYoungGen: 399700K->185334K(465920K)] 1242324K->1080091K(1864192K), 0.0433592 secs] [Times: user=0.20 sys=0.00, real=0.04 secs] 
3838.699: [GC (Allocation Failure) [PSYoungGen: 418294K->186231K(465920K)] 1313051K->1145268K(1864192K), 0.0511010 secs] [Times: user=0.24 sys=0.00, real=0.05 secs] 
3839.677: [GC (Allocation Failure) [PSYoungGen: 416570K->206931K(465920K)] 1375607K->1225096K(1864192K), 0.0577254 secs] [Times: user=0.29 sys=0.00, real=0.06 secs] 
3840.128: [GC (Allocation Failure) [PSYoungGen: 439891K->97947K(465920K)] 1458056K->1181288K(1864192K), 0.0540715 secs] [Times: user=0.28 sys=0.00, real=0.06 secs] 
3840.358: [GC (Allocation Failure) [PSYoungGen: 330907K->183286K(465920K)] 1414248K->1298072K(1864192K), 0.0495201 secs] [Times: user=0.22 sys=0.00, real=0.04 secs] 
3840.564: [GC (Allocation Failure) [PSYoungGen: 416246K->185334K(465920K)] 1531032K->1357412K(1864192K), 0.0523749 secs] [Times: user=0.25 sys=0.00, real=0.05 secs] 
3840.733: [GC (Allocation Failure) [PSYoungGen: 418294K->187349K(465920K)] 1590372K->1415651K(1864192K), 0.0477946 secs] [Times: user=0.22 sys=0.00, real=0.05 secs] 
3841.820: [GC (Allocation Failure) [PSYoungGen: 420309K->97067K(465920K)] 1648611K->1396009K(1864192K), 0.0616715 secs] [Times: user=0.33 sys=0.01, real=0.06 secs] 
3843.019: [GC (Allocation Failure) [PSYoungGen: 330027K->171892K(465920K)] 1628969K->1502279K(1864192K), 0.0660578 secs] [Times: user=0.32 sys=0.00, real=0.06 secs] 
3843.085: [Full GC (Ergonomics) [PSYoungGen: 171892K->0K(465920K)] [ParOldGen: 1330386K->195447K(1398272K)] 1502279K->195447K(1864192K), [Metaspace: 60345K->60345K(1105920K)], 0.2082801 secs] [Times: user=0.97 sys=0.00, real=0.21 secs] 
3843.420: [GC (Allocation Failure) [PSYoungGen: 232960K->185014K(465920K)] 428407K->380461K(1864192K), 0.0323945 secs] [Times: user=0.13 sys=0.00, real=0.03 secs] 
3843.584: [GC (GCLocker Initiated GC) [PSYoungGen: 417974K->185463K(465920K)] 613423K->445176K(1864192K), 0.0438979 secs] [Times: user=0.19 sys=0.01, real=0.04 secs] 
3844.279: [GC (Allocation Failure) [PSYoungGen: 418423K->214547K(465920K)] 678140K->533105K(1864192K), 0.0544387 secs] [Times: user=0.27 sys=0.00, real=0.05 secs] 
3845.746: [GC (Allocation Failure) [PSYoungGen: 447507K->99835K(465920K)] 766065K->484521K(1864192K), 0.1077905 secs] [Times: user=0.59 sys=0.00, real=0.11 secs] 
3846.042: [GC (Allocation Failure) [PSYoungGen: 332795K->180918K(465920K)] 717481K->597948K(1864192K), 0.0349296 secs] [Times: user=0.14 sys=0.00, real=0.03 secs] 
3846.185: [GC (Allocation Failure) [PSYoungGen: 413878K->184918K(465920K)] 830908K->658420K(1864192K), 0.0436508 secs] [Times: user=0.19 sys=0.00, real=0.05 secs] 
3846.334: [GC (GCLocker Initiated GC) [PSYoungGen: 417878K->186741K(465920K)] 891380K->716155K(1864192K), 0.0458503 secs] [Times: user=0.22 sys=0.00, real=0.05 secs] 
3847.313: [GC (Allocation Failure) [PSYoungGen: 419701K->101244K(465920K)] 949118K->701261K(1864192K), 0.0448942 secs] [Times: user=0.23 sys=0.00, real=0.05 secs] 
3847.535: [GC (Allocation Failure) [PSYoungGen: 334204K->174581K(465920K)] 934221K->808002K(1864192K), 0.0426090 secs] [Times: user=0.19 sys=0.00, real=0.04 secs] 
3847.720: [GC (GCLocker Initiated GC) [PSYoungGen: 407541K->182549K(465920K)] 1040962K->870259K(1864192K), 0.0480414 secs] [Times: user=0.22 sys=0.00, real=0.05 secs] 
3847.900: [GC (Allocation Failure) [PSYoungGen: 415509K->185591K(465920K)] 1119606K->945359K(1864192K), 0.1496726 secs] [Times: user=0.83 sys=0.00, real=0.15 secs] 
3848.984: [GC (Allocation Failure) [PSYoungGen: 418551K->152851K(465920K)] 1178319K->971735K(1864192K), 0.1712131 secs] [Times: user=0.97 sys=0.00, real=0.17 secs] 
3849.744: [GC (Allocation Failure) [PSYoungGen: 385811K->116013K(465920K)] 1204695K->983250K(1864192K), 0.1512465 secs] [Times: user=0.85 sys=0.00, real=0.15 secs] 
3850.039: [GC (GCLocker Initiated GC) [PSYoungGen: 348973K->177109K(465920K)] 1216210K->1082458K(1864192K), 0.0382255 secs] [Times: user=0.17 sys=0.00, real=0.03 secs] 
3850.187: [GC (Allocation Failure) [PSYoungGen: 410069K->182806K(465920K)] 1315421K->1150047K(1864192K), 0.0496148 secs] [Times: user=0.23 sys=0.01, real=0.05 secs] 
3850.343: [GC (Allocation Failure) [PSYoungGen: 415766K->187157K(465920K)] 1383007K->1212790K(1864192K), 0.0593749 secs] [Times: user=0.29 sys=0.00, real=0.06 secs] 
3851.777: [GC (Allocation Failure) [PSYoungGen: 420117K->97195K(465920K)] 1445750K->1193348K(1864192K), 0.1062443 secs] [Times: user=0.58 sys=0.01, real=0.11 secs] 
3853.163: [GC (Allocation Failure) [PSYoungGen: 330155K->170772K(465920K)] 1426308K->1298250K(1864192K), 0.0586866 secs] [Times: user=0.27 sys=0.01, real=0.06 secs] 
3853.389: [GC (Allocation Failure) [PSYoungGen: 403732K->182677K(465920K)] 1531210K->1363431K(1864192K), 0.0652129 secs] [Times: user=0.31 sys=0.00, real=0.06 secs] 
3853.578: [GC (Allocation Failure) [PSYoungGen: 409775K->179574K(465920K)] 1590528K->1424240K(1864192K), 0.0504303 secs] [Times: user=0.24 sys=0.00, real=0.05 secs] 
3855.386: [GC (Allocation Failure) [PSYoungGen: 412534K->168819K(465920K)] 1657200K->1470580K(1864192K), 0.0565531 secs] [Times: user=0.29 sys=0.00, real=0.06 secs] 
3855.876: [GC (Allocation Failure) [PSYoungGen: 401779K->106204K(465920K)] 1703540K->1472710K(1864192K), 0.0782270 secs] [Times: user=0.42 sys=0.00, real=0.08 secs] 
3855.955: [Full GC (Ergonomics) [PSYoungGen: 106204K->0K(465920K)] [ParOldGen: 1366505K->124371K(1398272K)] 1472710K->124371K(1864192K), [Metaspace: 60353K->60353K(1105920K)], 0.1668426 secs] [Times: user=0.72 sys=0.01, real=0.17 secs] 
3856.270: [GC (Allocation Failure) [PSYoungGen: 225708K->177653K(465920K)] 350079K->302025K(1864192K), 0.0245380 secs] [Times: user=0.08 sys=0.00, real=0.02 secs] 
3856.418: [GC (Allocation Failure) [PSYoungGen: 410613K->185398K(465920K)] 534985K->365181K(1864192K), 0.0465832 secs] [Times: user=0.21 sys=0.00, real=0.05 secs] 
3856.577: [GC (Allocation Failure) [PSYoungGen: 418358K->184052K(465920K)] 598141K->419956K(1864192K), 0.0441795 secs] [Times: user=0.21 sys=0.00, real=0.05 secs] 
3857.661: [GC (Allocation Failure) [PSYoungGen: 417012K->100748K(465920K)] 652916K->406347K(1864192K), 0.0504481 secs] [Times: user=0.26 sys=0.00, real=0.05 secs] 
3858.465: [GC (Allocation Failure) [PSYoungGen: 333708K->168404K(465920K)] 639307K->506372K(1864192K), 0.0590993 secs] [Times: user=0.28 sys=0.00, real=0.06 secs] 
3858.656: [GC (Allocation Failure) [PSYoungGen: 401364K->185238K(465920K)] 739332K->576390K(1864192K), 0.0417086 secs] [Times: user=0.19 sys=0.00, real=0.04 secs] 
3858.834: [GC (Allocation Failure) [PSYoungGen: 418198K->186231K(465920K)] 809350K->641767K(1864192K), 0.0701594 secs] [Times: user=0.34 sys=0.00, real=0.07 secs] 
3859.719: [GC (Allocation Failure) [PSYoungGen: 415732K->209587K(465920K)] 871269K->724316K(1864192K), 0.0551342 secs] [Times: user=0.28 sys=0.01, real=0.05 secs] 
3861.057: [GC (GCLocker Initiated GC) [PSYoungGen: 442547K->99323K(465920K)] 957276K->679784K(1864192K), 0.0945422 secs] [Times: user=0.51 sys=0.00, real=0.10 secs] 
3861.344: [GC (Allocation Failure) [PSYoungGen: 332283K->181110K(465920K)] 913039K->793878K(1864192K), 0.0351164 secs] [Times: user=0.15 sys=0.00, real=0.04 secs] 
3861.533: [GC (Allocation Failure) [PSYoungGen: 414070K->185078K(465920K)] 1026838K->854286K(1864192K), 0.0664180 secs] [Times: user=0.33 sys=0.00, real=0.07 secs] 
3861.771: [GC (Allocation Failure) [PSYoungGen: 418038K->183892K(465920K)] 1087246K->909181K(1864192K), 0.0628378 secs] [Times: user=0.31 sys=0.00, real=0.06 secs] 
3862.849: [GC (Allocation Failure) [PSYoungGen: 416852K->104588K(465920K)] 1142141K->899261K(1864192K), 0.0450649 secs] [Times: user=0.23 sys=0.00, real=0.04 secs] 
3863.198: [GC (Allocation Failure) [PSYoungGen: 337454K->170996K(465920K)] 1132126K->999522K(1864192K), 0.0717029 secs] [Times: user=0.35 sys=0.00, real=0.07 secs] 
3863.441: [GC (Allocation Failure) [PSYoungGen: 403956K->185302K(465920K)] 1232482K->1067303K(1864192K), 0.0463790 secs] [Times: user=0.22 sys=0.00, real=0.04 secs] 
3863.619: [GC (Allocation Failure) [PSYoungGen: 418262K->185911K(465920K)] 1300263K->1132356K(1864192K), 0.0573828 secs] [Times: user=0.28 sys=0.01, real=0.05 secs] 
3864.431: [GC (Allocation Failure) [PSYoungGen: 414071K->206323K(465920K)] 1360517K->1211912K(1864192K), 0.0580019 secs] [Times: user=0.29 sys=0.01, real=0.06 secs] 
3865.115: [GC (Allocation Failure) [PSYoungGen: 439283K->98987K(465920K)] 1444872K->1169309K(1864192K), 0.1230636 secs] [Times: user=0.67 sys=0.00, real=0.12 secs] 
3865.478: [GC (Allocation Failure) [PSYoungGen: 331947K->183510K(465920K)] 1402269K->1286304K(1864192K), 0.0358108 secs] [Times: user=0.14 sys=0.00, real=0.04 secs] 
3865.619: [GC (Allocation Failure) [PSYoungGen: 416470K->182133K(465920K)] 1519264K->1341792K(1864192K), 0.0442062 secs] [Times: user=0.20 sys=0.00, real=0.04 secs] 
3865.768: [GC (Allocation Failure) [PSYoungGen: 415093K->187285K(465920K)] 1574752K->1402375K(1864192K), 0.0459431 secs] [Times: user=0.21 sys=0.00, real=0.04 secs] 
3866.962: [GC (Allocation Failure) [PSYoungGen: 420245K->101356K(465920K)] 1635335K->1386998K(1864192K), 0.0620648 secs] [Times: user=0.32 sys=0.00, real=0.06 secs] 
3868.073: [GC (Allocation Failure) [PSYoungGen: 334316K->167284K(465920K)] 1619958K->1485959K(1864192K), 0.0617530 secs] [Times: user=0.30 sys=0.00, real=0.06 secs] 
3868.135: [Full GC (Ergonomics) [PSYoungGen: 167284K->0K(465920K)] [ParOldGen: 1318675K->191807K(1398272K)] 1485959K->191807K(1864192K), [Metaspace: 60355K->60355K(1105920K)], 0.2033272 secs] [Times: user=0.92 sys=0.00, real=0.21 secs] 
3868.452: [GC (Allocation Failure) [PSYoungGen: 232960K->185014K(465920K)] 424767K->376821K(1864192K), 0.0324648 secs] [Times: user=0.13 sys=0.01, real=0.03 secs] 
3868.595: [GC (Allocation Failure) [PSYoungGen: 417974K->185943K(465920K)] 609781K->442230K(1864192K), 0.0438409 secs] [Times: user=0.20 sys=0.00, real=0.05 secs] 
3869.464: [GC (Allocation Failure) [PSYoungGen: 415653K->210707K(465920K)] 671940K->525819K(1864192K), 0.0551705 secs] [Times: user=0.26 sys=0.00, real=0.06 secs] 
3869.900: [GC (Allocation Failure) [PSYoungGen: 443667K->105052K(465920K)] 758779K->486364K(1864192K), 0.0540650 secs] [Times: user=0.28 sys=0.00, real=0.05 secs] 
3870.130: [GC (Allocation Failure) [PSYoungGen: 335287K->177717K(465920K)] 716599K->592833K(1864192K), 0.0450963 secs] [Times: user=0.20 sys=0.00, real=0.04 secs] 
3870.359: [GC (Allocation Failure) [PSYoungGen: 410677K->180917K(465920K)] 825793K->650953K(1864192K), 0.0471282 secs] [Times: user=0.21 sys=0.00, real=0.04 secs] 
3870.533: [GC (Allocation Failure) [PSYoungGen: 413877K->186709K(465920K)] 883913K->711448K(1864192K), 0.0502951 secs] [Times: user=0.24 sys=0.00, real=0.05 secs] 
3871.565: [GC (GCLocker Initiated GC) [PSYoungGen: 419669K->99740K(465920K)] 944409K->694824K(1864192K), 0.0451605 secs] [Times: user=0.23 sys=0.00, real=0.05 secs] 
3871.928: [GC (Allocation Failure) [PSYoungGen: 332700K->173236K(465920K)] 927914K->800368K(1864192K), 0.0730744 secs] [Times: user=0.35 sys=0.00, real=0.08 secs] 
3872.158: [GC (Allocation Failure) [PSYoungGen: 406196K->182549K(465920K)] 1033328K->864344K(1864192K), 0.0428279 secs] [Times: user=0.19 sys=0.00, real=0.05 secs] 
3872.362: [GC (Allocation Failure) [PSYoungGen: 415509K->185751K(465920K)] 1097304K->931178K(1864192K), 0.0695098 secs] [Times: user=0.35 sys=0.00, real=0.07 secs] 
3872.883: [GC (Allocation Failure) [PSYoungGen: 415602K->208851K(465920K)] 1161029K->1013334K(1864192K), 0.0528223 secs] [Times: user=0.26 sys=0.00, real=0.05 secs] 
3874.260: [GC (Allocation Failure) [PSYoungGen: 441811K->95723K(465920K)] 1246294K->966410K(1864192K), 0.1090216 secs] [Times: user=0.60 sys=0.00, real=0.11 secs] 
3874.867: [GC (Allocation Failure) [PSYoungGen: 328683K->183958K(465920K)] 1199370K->1085814K(1864192K), 0.0444243 secs] [Times: user=0.19 sys=0.00, real=0.05 secs] 
3875.025: [GC (Allocation Failure) [PSYoungGen: 416918K->185142K(465920K)] 1318774K->1144190K(1864192K), 0.0434569 secs] [Times: user=0.20 sys=0.00, real=0.05 secs] 
3875.170: [GC (Allocation Failure) [PSYoungGen: 418102K->181812K(465920K)] 1377150K->1196708K(1864192K), 0.0446352 secs] [Times: user=0.20 sys=0.00, real=0.04 secs] 
3876.348: [GC (Allocation Failure) [PSYoungGen: 414772K->105628K(465920K)] 1429668K->1189705K(1864192K), 0.0616084 secs] [Times: user=0.32 sys=0.00, real=0.07 secs] 
3876.750: [GC (Allocation Failure) [PSYoungGen: 338588K->173205K(465920K)] 1422665K->1292057K(1864192K), 0.0461327 secs] [Times: user=0.21 sys=0.00, real=0.04 secs] 
3876.926: [GC (Allocation Failure) [PSYoungGen: 406165K->184790K(465920K)] 1525017K->1357602K(1864192K), 0.0493617 secs] [Times: user=0.23 sys=0.00, real=0.05 secs] 
3877.114: [GC (Allocation Failure) [PSYoungGen: 417750K->185079K(465920K)] 1590562K->1422083K(1864192K), 0.0681952 secs] [Times: user=0.34 sys=0.00, real=0.07 secs] 
3877.719: [GC (Allocation Failure) [PSYoungGen: 418039K->173651K(465920K)] 1655043K->1469407K(1864192K), 0.0533944 secs] [Times: user=0.26 sys=0.01, real=0.05 secs] 
3878.478: [GC (Allocation Failure) [PSYoungGen: 406611K->100572K(465920K)] 1702367K->1460824K(1864192K), 0.0615918 secs] [Times: user=0.33 sys=0.00, real=0.07 secs] 
3878.539: [Full GC (Ergonomics) [PSYoungGen: 100572K->0K(465920K)] [ParOldGen: 1360252K->118270K(1398272K)] 1460824K->118270K(1864192K), [Metaspace: 60355K->60355K(1105920K)], 0.1307304 secs] [Times: user=0.59 sys=0.00, real=0.13 secs] 
3878.814: [GC (Allocation Failure) [PSYoungGen: 232960K->182102K(465920K)] 351230K->300372K(1864192K), 0.0251915 secs] [Times: user=0.09 sys=0.00, real=0.03 secs] 
3878.946: [GC (Allocation Failure) [PSYoungGen: 415062K->185014K(465920K)] 533332K->360148K(1864192K), 0.0419988 secs] [Times: user=0.19 sys=0.00, real=0.04 secs] 
3879.089: [GC (Allocation Failure) [PSYoungGen: 417974K->187349K(465920K)] 593108K->418588K(1864192K), 0.0449681 secs] [Times: user=0.21 sys=0.00, real=0.04 secs] 
3880.191: [GC (Allocation Failure) [PSYoungGen: 420309K->99291K(465920K)] 651548K->401050K(1864192K), 0.0529978 secs] [Times: user=0.28 sys=0.01, real=0.05 secs] 
3880.942: [GC (Allocation Failure) [PSYoungGen: 332251K->171060K(465920K)] 634010K->504752K(1864192K), 0.0587089 secs] [Times: user=0.26 sys=0.01, real=0.06 secs] 
3881.143: [GC (Allocation Failure) [PSYoungGen: 404020K->185110K(465920K)] 737712K->572641K(1864192K), 0.0423569 secs] [Times: user=0.19 sys=0.00, real=0.04 secs] 
3881.318: [GC (Allocation Failure) [PSYoungGen: 418070K->186007K(465920K)] 805601K->637851K(1864192K), 0.0592212 secs] [Times: user=0.28 sys=0.00, real=0.06 secs] 
3882.274: [GC (Allocation Failure) [PSYoungGen: 418967K->169715K(465920K)] 870811K->680655K(1864192K), 0.0571742 secs] [Times: user=0.29 sys=0.00, real=0.06 secs] 
3883.473: [GC (Allocation Failure) [PSYoungGen: 402675K->109389K(465920K)] 913615K->685369K(1864192K), 0.1216561 secs] [Times: user=0.66 sys=0.00, real=0.12 secs] 
3883.775: [GC (Allocation Failure) [PSYoungGen: 340083K->173749K(465920K)] 916063K->784893K(1864192K), 0.0344995 secs] [Times: user=0.15 sys=0.00, real=0.04 secs] 
3883.943: [GC (Allocation Failure) [PSYoungGen: 406709K->185366K(465920K)] 1017853K->850838K(1864192K), 0.0583893 secs] [Times: user=0.28 sys=0.00, real=0.06 secs] 
3884.172: [GC (Allocation Failure) [PSYoungGen: 418326K->187125K(465920K)] 1083798K->908590K(1864192K), 0.0636936 secs] [Times: user=0.31 sys=0.01, real=0.06 secs] 
3885.277: [GC (Allocation Failure) [PSYoungGen: 420085K->103580K(465920K)] 1141550K->895517K(1864192K), 0.0584469 secs] [Times: user=0.31 sys=0.00, real=0.06 secs] 
3885.702: [GC (Allocation Failure) [PSYoungGen: 336540K->172341K(465920K)] 1128477K->998422K(1864192K), 0.0592795 secs] [Times: user=0.27 sys=0.00, real=0.06 secs] 
3885.915: [GC (Allocation Failure) [PSYoungGen: 405190K->185046K(465920K)] 1231272K->1064655K(1864192K), 0.0428818 secs] [Times: user=0.19 sys=0.00, real=0.04 secs] 
3886.279: [GC (Allocation Failure) [PSYoungGen: 412991K->178582K(465920K)] 1292600K->1122287K(1864192K), 0.0631463 secs] [Times: user=0.31 sys=0.00, real=0.06 secs] 
3887.488: [GC (Allocation Failure) [PSYoungGen: 411542K->168755K(401920K)] 1355247K->1169148K(1800192K), 0.0544692 secs] [Times: user=0.27 sys=0.00, real=0.06 secs] 
3887.878: [GC (Allocation Failure) [PSYoungGen: 401715K->102908K(462848K)] 1402108K->1167877K(1861120K), 0.0483636 secs] [Times: user=0.25 sys=0.00, real=0.05 secs] 
3888.095: [GC (Allocation Failure) [PSYoungGen: 333826K->181302K(464384K)] 1398795K->1279768K(1862656K), 0.0353677 secs] [Times: user=0.15 sys=0.00, real=0.04 secs] 
3888.238: [GC (Allocation Failure) [PSYoungGen: 412726K->184278K(465920K)] 1511192K->1339292K(1864192K), 0.0440263 secs] [Times: user=0.20 sys=0.00, real=0.05 secs] 
3888.388: [GC (Allocation Failure) [PSYoungGen: 417238K->186933K(465920K)] 1572252K->1397739K(1864192K), 0.0460134 secs] [Times: user=0.21 sys=0.00, real=0.05 secs] 
3889.575: [GC (Allocation Failure) [PSYoungGen: 419893K->100956K(465920K)] 1630699K->1382342K(1864192K), 0.0643482 secs] [Times: user=0.34 sys=0.00, real=0.07 secs] 
3890.604: [GC (Allocation Failure) [PSYoungGen: 333916K->171860K(465920K)] 1615302K->1485599K(1864192K), 0.0675705 secs] [Times: user=0.32 sys=0.00, real=0.07 secs] 
3890.672: [Full GC (Ergonomics) [PSYoungGen: 171860K->0K(465920K)] [ParOldGen: 1313739K->196701K(1398272K)] 1485599K->196701K(1864192K), [Metaspace: 60355K->60355K(1105920K)], 0.2233872 secs] [Times: user=1.05 sys=0.00, real=0.22 secs] 
3891.008: [GC (Allocation Failure) [PSYoungGen: 232960K->184982K(465920K)] 429661K->381683K(1864192K), 0.0341600 secs] [Times: user=0.14 sys=0.00, real=0.03 secs] 
3891.184: [GC (Allocation Failure) [PSYoungGen: 417942K->182614K(465920K)] 614643K->443571K(1864192K), 0.0434954 secs] [Times: user=0.20 sys=0.00, real=0.04 secs] 
3892.013: [GC (Allocation Failure) [PSYoungGen: 411511K->209363K(465920K)] 672469K->528352K(1864192K), 0.0541959 secs] [Times: user=0.27 sys=0.00, real=0.05 secs] 
3892.865: [GC (Allocation Failure) [PSYoungGen: 442323K->103964K(465920K)] 761312K->488689K(1864192K), 0.1020556 secs] [Times: user=0.55 sys=0.00, real=0.10 secs] 
3893.161: [GC (Allocation Failure) [PSYoungGen: 332680K->177909K(465920K)] 717405K->595751K(1864192K), 0.0343705 secs] [Times: user=0.14 sys=0.00, real=0.03 secs] 
3893.301: [GC (Allocation Failure) [PSYoungGen: 410869K->185526K(465920K)] 828711K->658811K(1864192K), 0.0435527 secs] [Times: user=0.19 sys=0.00, real=0.04 secs] 
3893.850: [GC (Allocation Failure) [PSYoungGen: 418486K->182612K(465920K)] 891771K->712058K(1864192K), 0.0790356 secs] [Times: user=0.40 sys=0.00, real=0.08 secs] 
3894.990: [GC (Allocation Failure) [PSYoungGen: 415572K->97531K(465920K)] 945018K->696041K(1864192K), 0.0481755 secs] [Times: user=0.25 sys=0.00, real=0.05 secs] 
3895.292: [GC (Allocation Failure) [PSYoungGen: 330491K->173173K(465920K)] 929001K->803998K(1864192K), 0.0686378 secs] [Times: user=0.32 sys=0.00, real=0.07 secs] 
3895.561: [GC (Allocation Failure) [PSYoungGen: 406133K->184598K(465920K)] 1036958K->869455K(1864192K), 0.0509802 secs] [Times: user=0.24 sys=0.00, real=0.05 secs] 
3895.720: [GC (Allocation Failure) [PSYoungGen: 417558K->186039K(465920K)] 1102415K->935197K(1864192K), 0.0503645 secs] [Times: user=0.24 sys=0.00, real=0.05 secs] 
3896.540: [GC (Allocation Failure) [PSYoungGen: 418871K->210323K(465920K)] 1168029K->1018537K(1864192K), 0.0555162 secs] [Times: user=0.27 sys=0.01, real=0.05 secs] 
3897.454: [GC (Allocation Failure) [PSYoungGen: 443283K->99675K(465920K)] 1251497K->973969K(1864192K), 0.0847119 secs] [Times: user=0.46 sys=0.00, real=0.09 secs] 
3897.775: [GC (Allocation Failure) [PSYoungGen: 332635K->182742K(465920K)] 1206929K->1088965K(1864192K), 0.0359588 secs] [Times: user=0.15 sys=0.01, real=0.04 secs] 
3897.939: [GC (Allocation Failure) [PSYoungGen: 415702K->182805K(465920K)] 1321925K->1145828K(1864192K), 0.0573295 secs] [Times: user=0.27 sys=0.01, real=0.05 secs] 
3898.148: [GC (Allocation Failure) [PSYoungGen: 415765K->187253K(465920K)] 1378788K->1205972K(1864192K), 0.0714512 secs] [Times: user=0.35 sys=0.00, real=0.08 secs] 
3899.317: [GC (Allocation Failure) [PSYoungGen: 420213K->99196K(465920K)] 1438932K->1188322K(1864192K), 0.0607789 secs] [Times: user=0.32 sys=0.00, real=0.06 secs] 
3900.681: [GC (Allocation Failure) [PSYoungGen: 332156K->169524K(465920K)] 1421282K->1290564K(1864192K), 0.0658331 secs] [Times: user=0.32 sys=0.00, real=0.06 secs] 
3900.895: [GC (Allocation Failure) [PSYoungGen: 402361K->184918K(465920K)] 1523401K->1359353K(1864192K), 0.0440578 secs] [Times: user=0.20 sys=0.00, real=0.05 secs] 
3901.068: [GC (Allocation Failure) [PSYoungGen: 417878K->183670K(465920K)] 1592313K->1430410K(1864192K), 0.0703541 secs] [Times: user=0.34 sys=0.01, real=0.08 secs] 
3901.974: [GC (Allocation Failure) [PSYoungGen: 413307K->212499K(465920K)] 1660046K->1517495K(1864192K), 0.0579770 secs] [Times: user=0.29 sys=0.00, real=0.06 secs] 
3902.426: [GC (Allocation Failure) [PSYoungGen: 445459K->104972K(465920K)] 1750455K->1476744K(1864192K), 0.0618145 secs] [Times: user=0.33 sys=0.00, real=0.06 secs] 
3902.487: [Full GC (Ergonomics) [PSYoungGen: 104972K->0K(465920K)] [ParOldGen: 1371771K->122678K(1398272K)] 1476744K->122678K(1864192K), [Metaspace: 60355K->60355K(1105920K)], 0.1241385 secs] [Times: user=0.54 sys=0.00, real=0.13 secs] 
3902.771: [GC (Allocation Failure) [PSYoungGen: 232960K->178229K(465920K)] 355638K->300908K(1864192K), 0.0246563 secs] [Times: user=0.09 sys=0.00, real=0.02 secs] 
3902.904: [GC (Allocation Failure) [PSYoungGen: 411189K->184950K(465920K)] 533868K->363308K(1864192K), 0.0416132 secs] [Times: user=0.18 sys=0.01, real=0.04 secs] 
3903.073: [GC (Allocation Failure) [PSYoungGen: 417910K->186901K(465920K)] 596268K->421363K(1864192K), 0.0553244 secs] [Times: user=0.27 sys=0.00, real=0.05 secs] 
3904.069: [GC (Allocation Failure) [PSYoungGen: 419861K->98043K(465920K)] 654323K->402934K(1864192K), 0.0440970 secs] [Times: user=0.22 sys=0.00, real=0.04 secs] 
3904.514: [GC (Allocation Failure) [PSYoungGen: 331003K->173108K(465920K)] 635894K->509556K(1864192K), 0.0684295 secs] [Times: user=0.33 sys=0.00, real=0.07 secs] 
3904.730: [GC (Allocation Failure) [PSYoungGen: 406068K->181109K(465920K)] 742516K->571873K(1864192K), 0.0419884 secs] [Times: user=0.19 sys=0.01, real=0.04 secs] 
3904.882: [GC (Allocation Failure) [PSYoungGen: 414069K->186007K(465920K)] 804833K->640210K(1864192K), 0.0491695 secs] [Times: user=0.23 sys=0.00, real=0.05 secs] 
3905.772: [GC (Allocation Failure) [PSYoungGen: 418904K->210099K(465920K)] 873108K->723235K(1864192K), 0.0554840 secs] [Times: user=0.28 sys=0.00, real=0.05 secs] 
3907.029: [GC (Allocation Failure) [PSYoungGen: 443059K->101852K(465920K)] 956195K->680791K(1864192K), 0.1152797 secs] [Times: user=0.63 sys=0.00, real=0.11 secs] 
3907.358: [GC (Allocation Failure) [PSYoungGen: 330996K->180118K(465920K)] 909936K->791718K(1864192K), 0.0344876 secs] [Times: user=0.14 sys=0.00, real=0.04 secs] 
3907.496: [GC (GCLocker Initiated GC) [PSYoungGen: 413078K->182581K(465920K)] 1024681K->850100K(1864192K), 0.0431480 secs] [Times: user=0.20 sys=0.00, real=0.05 secs] 
3907.642: [GC (Allocation Failure) [PSYoungGen: 415541K->184148K(465920K)] 1083062K->907085K(1864192K), 0.0442459 secs] [Times: user=0.21 sys=0.00, real=0.04 secs] 
3908.732: [GC (Allocation Failure) [PSYoungGen: 417108K->102444K(465920K)] 1140045K->894885K(1864192K), 0.0442205 secs] [Times: user=0.23 sys=0.00, real=0.04 secs] 
3909.134: [GC (Allocation Failure) [PSYoungGen: 335404K->173141K(465920K)] 1127845K->999261K(1864192K), 0.0766097 secs] [Times: user=0.37 sys=0.00, real=0.08 secs] 
3909.530: [GC (Allocation Failure) [PSYoungGen: 406101K->182965K(465920K)] 1232221K->1062790K(1864192K), 0.0666108 secs] [Times: user=0.31 sys=0.00, real=0.06 secs] 
3909.775: [GC (Allocation Failure) [PSYoungGen: 415925K->185175K(465920K)] 1295750K->1128567K(1864192K), 0.0706936 secs] [Times: user=0.34 sys=0.00, real=0.07 secs] 
3910.651: [GC (Allocation Failure) [PSYoungGen: 413626K->209171K(465920K)] 1357019K->1211244K(1864192K), 0.0551698 secs] [Times: user=0.28 sys=0.00, real=0.05 secs] 
3911.230: [GC (Allocation Failure) [PSYoungGen: 442131K->95083K(465920K)] 1444204K->1163044K(1864192K), 0.0921120 secs] [Times: user=0.50 sys=0.00, real=0.09 secs] 
3911.651: [GC (Allocation Failure) [PSYoungGen: 328043K->183126K(465920K)] 1396004K->1281180K(1864192K), 0.0455177 secs] [Times: user=0.19 sys=0.00, real=0.04 secs] 
3911.807: [GC (Allocation Failure) [PSYoungGen: 416086K->185494K(465920K)] 1514140K->1340583K(1864192K), 0.0444761 secs] [Times: user=0.21 sys=0.00, real=0.05 secs] 
3911.952: [GC (Allocation Failure) [PSYoungGen: 418454K->187221K(465920K)] 1573543K->1398663K(1864192K), 0.0464898 secs] [Times: user=0.22 sys=0.00, real=0.05 secs] 
3913.143: [GC (Allocation Failure) [PSYoungGen: 420181K->97259K(465920K)] 1631623K->1379205K(1864192K), 0.0652211 secs] [Times: user=0.35 sys=0.00, real=0.06 secs] 
3914.508: [GC (Allocation Failure) [PSYoungGen: 330219K->167732K(465920K)] 1612165K->1480859K(1864192K), 0.0728327 secs] [Times: user=0.35 sys=0.00, real=0.08 secs] 
3914.581: [Full GC (Ergonomics) [PSYoungGen: 167732K->0K(465920K)] [ParOldGen: 1313126K->190297K(1398272K)] 1480859K->190297K(1864192K), [Metaspace: 60355K->60355K(1105920K)], 0.2154211 secs] [Times: user=1.03 sys=0.00, real=0.21 secs] 
3914.908: [GC (Allocation Failure) [PSYoungGen: 232960K->185398K(465920K)] 423257K->375696K(1864192K), 0.0334112 secs] [Times: user=0.14 sys=0.00, real=0.04 secs] 
3915.079: [GC (Allocation Failure) [PSYoungGen: 418358K->186167K(465920K)] 608656K->440937K(1864192K), 0.0468898 secs] [Times: user=0.21 sys=0.00, real=0.04 secs] 
3915.500: [GC (Allocation Failure) [PSYoungGen: 417547K->213780K(465920K)] 672317K->527694K(1864192K), 0.0532582 secs] [Times: user=0.26 sys=0.00, real=0.05 secs] 
3916.459: [GC (Allocation Failure) [PSYoungGen: 446740K->97099K(465920K)] 760654K->478781K(1864192K), 0.0802625 secs] [Times: user=0.44 sys=0.00, real=0.08 secs] 
3916.768: [GC (Allocation Failure) [PSYoungGen: 330059K->182806K(465920K)] 711741K->595747K(1864192K), 0.0347747 secs] [Times: user=0.14 sys=0.00, real=0.04 secs] 
3916.931: [GC (Allocation Failure) [PSYoungGen: 415766K->184918K(465920K)] 828707K->654795K(1864192K), 0.0486676 secs] [Times: user=0.23 sys=0.00, real=0.05 secs] 
3917.195: [GC (Allocation Failure) [PSYoungGen: 417878K->186517K(465920K)] 887755K->712394K(1864192K), 0.0602757 secs] [Times: user=0.29 sys=0.00, real=0.06 secs] 
3918.195: [GC (Allocation Failure) [PSYoungGen: 419477K->101356K(465920K)] 945354K->697522K(1864192K), 0.0445335 secs] [Times: user=0.22 sys=0.01, real=0.05 secs] 
3918.547: [GC (Allocation Failure) [PSYoungGen: 334316K->166836K(465920K)] 930482K->795850K(1864192K), 0.0393107 secs] [Times: user=0.17 sys=0.00, real=0.04 secs] 
3918.693: [GC (Allocation Failure) [PSYoungGen: 399796K->185174K(465920K)] 1028810K->866632K(1864192K), 0.0426494 secs] [Times: user=0.19 sys=0.00, real=0.04 secs] 
3918.865: [GC (Allocation Failure) [PSYoungGen: 418134K->183286K(465920K)] 1099592K->929113K(1864192K), 0.0581287 secs] [Times: user=0.26 sys=0.01, real=0.06 secs] 
3919.397: [GC (Allocation Failure) [PSYoungGen: 416246K->214548K(465920K)] 1162073K->1018398K(1864192K), 0.0536576 secs] [Times: user=0.26 sys=0.00, real=0.06 secs] 
3920.839: [GC (Allocation Failure) [PSYoungGen: 447508K->98411K(465920K)] 1251358K->969598K(1864192K), 0.1108913 secs] [Times: user=0.60 sys=0.00, real=0.11 secs] 
3921.455: [GC (Allocation Failure) [PSYoungGen: 331371K->180918K(465920K)] 1202558K->1083873K(1864192K), 0.0478879 secs] [Times: user=0.22 sys=0.00, real=0.05 secs] 
3921.619: [GC (Allocation Failure) [PSYoungGen: 413878K->185238K(465920K)] 1316833K->1144397K(1864192K), 0.0445407 secs] [Times: user=0.21 sys=0.00, real=0.04 secs] 
3921.769: [GC (Allocation Failure) [PSYoungGen: 418198K->187349K(465920K)] 1377357K->1202629K(1864192K), 0.0467799 secs] [Times: user=0.22 sys=0.00, real=0.04 secs] 
3922.874: [GC (Allocation Failure) [PSYoungGen: 420309K->100956K(465920K)] 1435589K->1186884K(1864192K), 0.0503268 secs] [Times: user=0.27 sys=0.00, real=0.05 secs] 
3923.705: [GC (Allocation Failure) [PSYoungGen: 333916K->169268K(465920K)] 1419844K->1288228K(1864192K), 0.0636973 secs] [Times: user=0.30 sys=0.00, real=0.07 secs] 
3923.897: [GC (Allocation Failure) [PSYoungGen: 402228K->182037K(465920K)] 1521188K->1353877K(1864192K), 0.0446489 secs] [Times: user=0.20 sys=0.00, real=0.05 secs] 
3924.052: [GC (Allocation Failure) [PSYoungGen: 414997K->185815K(465920K)] 1586837K->1420895K(1864192K), 0.0521937 secs] [Times: user=0.24 sys=0.00, real=0.05 secs] 
3925.024: [GC (Allocation Failure) [PSYoungGen: 417590K->195891K(465920K)] 1652670K->1490091K(1864192K), 0.0578170 secs] [Times: user=0.28 sys=0.00, real=0.06 secs] 
3925.431: [GC (Allocation Failure) [PSYoungGen: 428851K->105036K(465920K)] 1723051K->1466036K(1864192K), 0.0591902 secs] [Times: user=0.31 sys=0.00, real=0.06 secs] 
3925.490: [Full GC (Ergonomics) [PSYoungGen: 105036K->0K(465920K)] [ParOldGen: 1360999K->122262K(1398272K)] 1466036K->122262K(1864192K), [Metaspace: 60355K->60355K(1105920K)], 0.1180695 secs] [Times: user=0.50 sys=0.00, real=0.12 secs] 
3925.755: [GC (Allocation Failure) [PSYoungGen: 229878K->177461K(465920K)] 352140K->299723K(1864192K), 0.0333158 secs] [Times: user=0.12 sys=0.00, real=0.03 secs] 
3925.960: [GC (Allocation Failure) [PSYoungGen: 410421K->182677K(465920K)] 532683K->360287K(1864192K), 0.0563853 secs] [Times: user=0.27 sys=0.00, real=0.05 secs] 
3926.142: [GC (Allocation Failure) [PSYoungGen: 415637K->186709K(465920K)] 593247K->419919K(1864192K), 0.0446402 secs] [Times: user=0.20 sys=0.00, real=0.04 secs] 
3927.204: [GC (Allocation Failure) [PSYoungGen: 419669K->96155K(465920K)] 652879K->399901K(1864192K), 0.0485731 secs] [Times: user=0.25 sys=0.00, real=0.05 secs] 
3927.710: [GC (Allocation Failure) [PSYoungGen: 329115K->173236K(465920K)] 632861K->508019K(1864192K), 0.0385225 secs] [Times: user=0.17 sys=0.00, real=0.04 secs] 
3927.855: [GC (Allocation Failure) [PSYoungGen: 406196K->182549K(465920K)] 740979K->571672K(1864192K), 0.0420147 secs] [Times: user=0.19 sys=0.00, real=0.04 secs] 
3928.009: [GC (Allocation Failure) [PSYoungGen: 415509K->186103K(465920K)] 804632K->639010K(1864192K), 0.0493391 secs] [Times: user=0.23 sys=0.00, real=0.04 secs] 
3928.903: [GC (Allocation Failure) [PSYoungGen: 419063K->217172K(465920K)] 871970K->729139K(1864192K), 0.0571644 secs] [Times: user=0.28 sys=0.00, real=0.06 secs] 
3930.203: [GC (Allocation Failure) [PSYoungGen: 450132K->99051K(465920K)] 962099K->677899K(1864192K), 0.1088474 secs] [Times: user=0.60 sys=0.00, real=0.11 secs] 
3930.833: [GC (Allocation Failure) [PSYoungGen: 332011K->177045K(465920K)] 910859K->787405K(1864192K), 0.0465376 secs] [Times: user=0.19 sys=0.00, real=0.05 secs] 
3931.046: [GC (Allocation Failure) [PSYoungGen: 410005K->184694K(465920K)] 1020365K->850486K(1864192K), 0.0671977 secs] [Times: user=0.33 sys=0.00, real=0.07 secs] 
3931.243: [GC (Allocation Failure) [PSYoungGen: 417654K->186869K(465920K)] 1083446K->908605K(1864192K), 0.0449732 secs] [Times: user=0.21 sys=0.00, real=0.04 secs] 
3932.295: [GC (Allocation Failure) [PSYoungGen: 419829K->102700K(465920K)] 1141565K->894872K(1864192K), 0.0483657 secs] [Times: user=0.26 sys=0.00, real=0.05 secs] 
3932.565: [GC (GCLocker Initiated GC) [PSYoungGen: 335660K->171924K(465920K)] 1127833K->997738K(1864192K), 0.0824244 secs] [Times: user=0.41 sys=0.00, real=0.08 secs] 
3932.811: [GC (Allocation Failure) [PSYoungGen: 404884K->185046K(465920K)] 1230829K->1064851K(1864192K), 0.0430415 secs] [Times: user=0.20 sys=0.00, real=0.04 secs] 
3932.960: [GC (Allocation Failure) [PSYoungGen: 418006K->185815K(465920K)] 1297811K->1129940K(1864192K), 0.0504942 secs] [Times: user=0.24 sys=0.00, real=0.05 secs] 
3933.825: [GC (Allocation Failure) [PSYoungGen: 417302K->208019K(465920K)] 1361427K->1211100K(1864192K), 0.0551838 secs] [Times: user=0.27 sys=0.00, real=0.06 secs] 
3934.614: [GC (Allocation Failure) [PSYoungGen: 440979K->98779K(465920K)] 1444060K->1167244K(1864192K), 0.0971467 secs] [Times: user=0.53 sys=0.00, real=0.10 secs] 
3934.946: [GC (Allocation Failure) [PSYoungGen: 331739K->183350K(465920K)] 1400204K->1283456K(1864192K), 0.0353278 secs] [Times: user=0.15 sys=0.00, real=0.04 secs] 
3935.111: [GC (Allocation Failure) [PSYoungGen: 416310K->182965K(465920K)] 1516416K->1340267K(1864192K), 0.0625943 secs] [Times: user=0.31 sys=0.01, real=0.06 secs] 
3935.308: [GC (Allocation Failure) [PSYoungGen: 415925K->187189K(465920K)] 1573227K->1400223K(1864192K), 0.0463085 secs] [Times: user=0.22 sys=0.00, real=0.05 secs] 
3936.580: [GC (Allocation Failure) [PSYoungGen: 420149K->99180K(465920K)] 1633183K->1382722K(1864192K), 0.0835954 secs] [Times: user=0.45 sys=0.00, real=0.08 secs] 
3937.740: [GC (Allocation Failure) [PSYoungGen: 332140K->169204K(465920K)] 1615682K->1484747K(1864192K), 0.0625040 secs] [Times: user=0.30 sys=0.00, real=0.06 secs] 
3937.802: [Full GC (Ergonomics) [PSYoungGen: 169204K->0K(465920K)] [ParOldGen: 1315543K->192823K(1398272K)] 1484747K->192823K(1864192K), [Metaspace: 60355K->60355K(1105920K)], 0.2123738 secs] [Times: user=0.98 sys=0.00, real=0.21 secs] 
3938.149: [GC (Allocation Failure) [PSYoungGen: 232836K->185110K(465920K)] 425659K->377933K(1864192K), 0.0329225 secs] [Times: user=0.13 sys=0.00, real=0.03 secs] 
3938.290: [GC (Allocation Failure) [PSYoungGen: 418070K->185879K(465920K)] 610893K->443046K(1864192K), 0.0438300 secs] [Times: user=0.20 sys=0.00, real=0.04 secs] 
3939.073: [GC (Allocation Failure) [PSYoungGen: 416115K->210483K(465920K)] 673283K->526667K(1864192K), 0.0548762 secs] [Times: user=0.27 sys=0.00, real=0.05 secs] 
3939.609: [GC (Allocation Failure) [PSYoungGen: 443443K->101708K(465920K)] 759627K->484027K(1864192K), 0.0850992 secs] [Times: user=0.45 sys=0.00, real=0.08 secs] 
3939.859: [GC (Allocation Failure) [PSYoungGen: 334668K->179413K(465920K)] 716987K->594521K(1864192K), 0.0346923 secs] [Times: user=0.14 sys=0.01, real=0.03 secs] 
3940.221: [GC (GCLocker Initiated GC) [PSYoungGen: 412373K->182773K(465920K)] 827482K->653514K(1864192K), 0.0440578 secs] [Times: user=0.20 sys=0.00, real=0.04 secs] 
3940.405: [GC (Allocation Failure) [PSYoungGen: 415733K->186837K(465920K)] 886477K->713021K(1864192K), 0.0460085 secs] [Times: user=0.21 sys=0.00, real=0.05 secs] 
3941.524: [GC (Allocation Failure) [PSYoungGen: 419797K->101196K(465920K)] 945981K->697852K(1864192K), 0.0449560 secs] [Times: user=0.23 sys=0.00, real=0.05 secs] 
3942.152: [GC (GCLocker Initiated GC) [PSYoungGen: 334156K->168276K(465920K)] 930816K->797300K(1864192K), 0.0663376 secs] [Times: user=0.32 sys=0.00, real=0.06 secs] 
3942.405: [GC (Allocation Failure) [PSYoungGen: 401236K->182549K(465920K)] 1030391K->864876K(1864192K), 0.0489075 secs] [Times: user=0.23 sys=0.00, real=0.05 secs] 
3942.613: [GC (Allocation Failure) [PSYoungGen: 415509K->185943K(465920K)] 1097836K->932038K(1864192K), 0.0793862 secs] [Times: user=0.40 sys=0.01, real=0.08 secs] 
3943.086: [GC (Allocation Failure) [PSYoungGen: 415190K->211796K(465920K)] 1161286K->1016667K(1864192K), 0.0542161 secs] [Times: user=0.27 sys=0.00, real=0.06 secs] 
3945.343: [GC (Allocation Failure) [PSYoungGen: 444756K->87690K(465920K)] 1249627K->959753K(1864192K), 0.1163205 secs] [Times: user=0.64 sys=0.00, real=0.12 secs] 
3945.874: [GC (Allocation Failure) [PSYoungGen: 320650K->183414K(465920K)] 1192713K->1084198K(1864192K), 0.0450277 secs] [Times: user=0.20 sys=0.00, real=0.05 secs] 
3946.040: [GC (Allocation Failure) [PSYoungGen: 416374K->185174K(465920K)] 1317158K->1142806K(1864192K), 0.0440469 secs] [Times: user=0.21 sys=0.00, real=0.04 secs] 
3946.202: [GC (Allocation Failure) [PSYoungGen: 418134K->186869K(465920K)] 1375766K->1200541K(1864192K), 0.0516145 secs] [Times: user=0.25 sys=0.00, real=0.05 secs] 
3947.253: [GC (Allocation Failure) [PSYoungGen: 419829K->103516K(465920K)] 1433501K->1187604K(1864192K), 0.0454116 secs] [Times: user=0.24 sys=0.00, real=0.05 secs] 
3947.569: [GC (Allocation Failure) [PSYoungGen: 336476K->173269K(465920K)] 1420564K->1291605K(1864192K), 0.0425568 secs] [Times: user=0.19 sys=0.00, real=0.04 secs] 
3947.761: [GC (Allocation Failure) [PSYoungGen: 406229K->178133K(465920K)] 1524565K->1350373K(1864192K), 0.0555208 secs] [Times: user=0.26 sys=0.00, real=0.05 secs] 
3947.964: [GC (Allocation Failure) [PSYoungGen: 411093K->185431K(465920K)] 1583333K->1420087K(1864192K), 0.0503114 secs] [Times: user=0.24 sys=0.00, real=0.05 secs] 
3948.415: [GC (Allocation Failure) [PSYoungGen: 416328K->216276K(465920K)] 1650985K->1509781K(1864192K), 0.0553185 secs] [Times: user=0.27 sys=0.00, real=0.06 secs] 
3949.263: [GC (Allocation Failure) [PSYoungGen: 449236K->99275K(465920K)] 1742741K->1461428K(1864192K), 0.0613593 secs] [Times: user=0.32 sys=0.00, real=0.06 secs] 
3949.325: [Full GC (Ergonomics) [PSYoungGen: 99275K->0K(465920K)] [ParOldGen: 1362152K->116937K(1398272K)] 1461428K->116937K(1864192K), [Metaspace: 60355K->60355K(1105920K)], 0.1236439 secs] [Times: user=0.55 sys=0.00, real=0.13 secs] 
3949.823: [GC (Allocation Failure) [PSYoungGen: 232947K->177077K(465920K)] 349885K->294015K(1864192K), 0.0303798 secs] [Times: user=0.11 sys=0.01, real=0.03 secs] 
3950.009: [GC (Allocation Failure) [PSYoungGen: 410037K->185046K(465920K)] 526975K->357095K(1864192K), 0.0531589 secs] [Times: user=0.24 sys=0.00, real=0.05 secs] 
3950.211: [GC (Allocation Failure) [PSYoungGen: 418006K->186389K(465920K)] 590055K->414502K(1864192K), 0.0703879 secs] [Times: user=0.34 sys=0.01, real=0.07 secs] 
3951.279: [GC (Allocation Failure) [PSYoungGen: 419349K->102412K(465920K)] 647462K->401010K(1864192K), 0.0471726 secs] [Times: user=0.24 sys=0.00, real=0.04 secs] 
3952.224: [GC (Allocation Failure) [PSYoungGen: 335372K->169844K(465920K)] 633970K->501451K(1864192K), 0.0771520 secs] [Times: user=0.38 sys=0.01, real=0.08 secs] 
3952.447: [GC (Allocation Failure) [PSYoungGen: 402804K->179413K(465920K)] 734411K->564147K(1864192K), 0.0415547 secs] [Times: user=0.18 sys=0.00, real=0.05 secs] 
3952.642: [GC (Allocation Failure) [PSYoungGen: 412373K->185879K(465920K)] 797107K->633605K(1864192K), 0.0794974 secs] [Times: user=0.39 sys=0.00, real=0.08 secs] 
3953.123: [GC (Allocation Failure) [PSYoungGen: 416313K->215956K(465920K)] 864040K->722659K(1864192K), 0.0551114 secs] [Times: user=0.27 sys=0.00, real=0.06 secs] 
3954.156: [GC (Allocation Failure) [PSYoungGen: 448916K->102940K(465920K)] 955619K->678226K(1864192K), 0.1038154 secs] [Times: user=0.57 sys=0.00, real=0.11 secs] 
3954.463: [GC (Allocation Failure) [PSYoungGen: 333192K->181014K(465920K)] 908478K->788944K(1864192K), 0.0370138 secs] [Times: user=0.16 sys=0.00, real=0.04 secs] 
3954.642: [GC (Allocation Failure) [PSYoungGen: 413974K->184662K(465920K)] 1021904K->848784K(1864192K), 0.0483870 secs] [Times: user=0.23 sys=0.00, real=0.05 secs] 
3954.984: [GC (Allocation Failure) [PSYoungGen: 417622K->182004K(465920K)] 1081744K->902143K(1864192K), 0.0570537 secs] [Times: user=0.28 sys=0.00, real=0.06 secs] 
3956.083: [GC (Allocation Failure) [PSYoungGen: 414964K->96299K(465920K)] 1135103K->885142K(1864192K), 0.0443719 secs] [Times: user=0.23 sys=0.00, real=0.04 secs] 
3956.544: [GC (Allocation Failure) [PSYoungGen: 329259K->171956K(465920K)] 1118102K->991580K(1864192K), 0.0734624 secs] [Times: user=0.36 sys=0.00, real=0.07 secs] 
3956.767: [GC (Allocation Failure) [PSYoungGen: 404916K->185238K(465920K)] 1224540K->1058909K(1864192K), 0.0430838 secs] [Times: user=0.19 sys=0.00, real=0.05 secs] 
3956.917: [GC (Allocation Failure) [PSYoungGen: 418198K->186327K(465920K)] 1291869K->1124310K(1864192K), 0.0502237 secs] [Times: user=0.24 sys=0.00, real=0.05 secs] 
3957.538: [GC (Allocation Failure) [PSYoungGen: 419287K->214260K(465920K)] 1357270K->1211459K(1864192K), 0.0517206 secs] [Times: user=0.25 sys=0.01, real=0.06 secs] 
3959.022: [GC (Allocation Failure) [PSYoungGen: 447220K->94443K(465920K)] 1444419K->1158990K(1864192K), 0.1010729 secs] [Times: user=0.55 sys=0.00, real=0.10 secs] 
3959.454: [GC (Allocation Failure) [PSYoungGen: 327403K->183894K(465920K)] 1391950K->1278690K(1864192K), 0.0457311 secs] [Times: user=0.19 sys=0.00, real=0.05 secs] 
3959.649: [GC (Allocation Failure) [PSYoungGen: 416854K->183061K(465920K)] 1511650K->1335034K(1864192K), 0.0503551 secs] [Times: user=0.24 sys=0.00, real=0.05 secs] 
3959.838: [GC (Allocation Failure) [PSYoungGen: 416021K->187477K(465920K)] 1567994K->1395065K(1864192K), 0.0672301 secs] [Times: user=0.33 sys=0.00, real=0.07 secs] 
3961.115: [GC (Allocation Failure) [PSYoungGen: 420437K->99628K(465920K)] 1628025K->1377880K(1864192K), 0.0635041 secs] [Times: user=0.34 sys=0.00, real=0.06 secs] 
3962.191: [GC (Allocation Failure) [PSYoungGen: 332588K->170740K(465920K)] 1610840K->1481409K(1864192K), 0.0660824 secs] [Times: user=0.31 sys=0.00, real=0.06 secs] 
3962.257: [Full GC (Ergonomics) [PSYoungGen: 170740K->0K(465920K)] [ParOldGen: 1310669K->194087K(1398272K)] 1481409K->194087K(1864192K), [Metaspace: 60357K->60357K(1105920K)], 0.2167717 secs] [Times: user=1.01 sys=0.00, real=0.22 secs] 
3962.602: [GC (Allocation Failure) [PSYoungGen: 232960K->181813K(465920K)] 427047K->375900K(1864192K), 0.0321563 secs] [Times: user=0.13 sys=0.00, real=0.03 secs] 
3962.747: [GC (Allocation Failure) [PSYoungGen: 414773K->185655K(465920K)] 608860K->443246K(1864192K), 0.0436843 secs] [Times: user=0.19 sys=0.01, real=0.05 secs] 
3963.324: [GC (Allocation Failure) [PSYoungGen: 416444K->213684K(465920K)] 674035K->530139K(1864192K), 0.0542260 secs] [Times: user=0.27 sys=0.00, real=0.06 secs] 
3964.055: [GC (Allocation Failure) [PSYoungGen: 446644K->98363K(465920K)] 763099K->482707K(1864192K), 0.0531851 secs] [Times: user=0.27 sys=0.01, real=0.05 secs] 
3964.343: [GC (GCLocker Initiated GC) [PSYoungGen: 331323K->178325K(465920K)] 715667K->593649K(1864192K), 0.0447770 secs] [Times: user=0.20 sys=0.00, real=0.04 secs] 
3964.503: [GC (Allocation Failure) [PSYoungGen: 411285K->184662K(465920K)] 826740K->655973K(1864192K), 0.0433877 secs] [Times: user=0.19 sys=0.00, real=0.04 secs] 
3964.652: [GC (Allocation Failure) [PSYoungGen: 417622K->187157K(465920K)] 888933K->714556K(1864192K), 0.0453939 secs] [Times: user=0.21 sys=0.01, real=0.04 secs] 
3965.656: [GC (Allocation Failure) [PSYoungGen: 420117K->102940K(465920K)] 947516K->700867K(1864192K), 0.0471447 secs] [Times: user=0.24 sys=0.00, real=0.05 secs] 
3966.637: [GC (Allocation Failure) [PSYoungGen: 335900K->169524K(465920K)] 933827K->800272K(1864192K), 0.0654159 secs] [Times: user=0.31 sys=0.00, real=0.07 secs] 
3966.840: [GC (Allocation Failure) [PSYoungGen: 402484K->182261K(465920K)] 1033232K->866289K(1864192K), 0.0422998 secs] [Times: user=0.18 sys=0.00, real=0.04 secs] 
3966.993: [GC (Allocation Failure) [PSYoungGen: 415221K->185975K(465920K)] 1099249K->933587K(1864192K), 0.0498206 secs] [Times: user=0.23 sys=0.00, real=0.05 secs] 
3967.425: [GC (Allocation Failure) [PSYoungGen: 415438K->211572K(465920K)] 1163050K->1018112K(1864192K), 0.0535129 secs] [Times: user=0.27 sys=0.01, real=0.06 secs] 
3968.747: [GC (Allocation Failure) [PSYoungGen: 444532K->96347K(465920K)] 1251072K->969995K(1864192K), 0.1154271 secs] [Times: user=0.62 sys=0.00, real=0.12 secs] 
3969.370: [GC (Allocation Failure) [PSYoungGen: 329307K->179765K(465920K)] 1202955K->1083890K(1864192K), 0.0468856 secs] [Times: user=0.20 sys=0.00, real=0.04 secs] 
3969.536: [GC (Allocation Failure) [PSYoungGen: 412725K->184854K(465920K)] 1316850K->1145442K(1864192K), 0.0444851 secs] [Times: user=0.21 sys=0.00, real=0.05 secs] 
3969.696: [GC (Allocation Failure) [PSYoungGen: 417814K->184404K(465920K)] 1378402K->1200953K(1864192K), 0.0612586 secs] [Times: user=0.29 sys=0.00, real=0.06 secs] 
3970.721: [GC (Allocation Failure) [PSYoungGen: 417364K->105900K(465920K)] 1433913K->1192133K(1864192K), 0.0456017 secs] [Times: user=0.23 sys=0.00, real=0.04 secs] 
3971.006: [GC (Allocation Failure) [PSYoungGen: 338860K->173205K(465920K)] 1425093K->1293806K(1864192K), 0.0613185 secs] [Times: user=0.30 sys=0.00, real=0.06 secs] 
3971.232: [GC (Allocation Failure) [PSYoungGen: 406165K->185174K(465920K)] 1526766K->1360095K(1864192K), 0.0486368 secs] [Times: user=0.23 sys=0.00, real=0.05 secs] 
3971.393: [GC (Allocation Failure) [PSYoungGen: 418134K->185815K(465920K)] 1593055K->1425080K(1864192K), 0.0505775 secs] [Times: user=0.24 sys=0.00, real=0.05 secs] 
3972.275: [GC (Allocation Failure) [PSYoungGen: 418775K->208839K(465920K)] 1658040K->1507136K(1864192K), 0.0488651 secs] [Times: user=0.24 sys=0.00, real=0.05 secs] 
3972.898: [GC (GCLocker Initiated GC) [PSYoungGen: 441799K->100940K(465920K)] 1740097K->1464445K(1864192K), 0.0867420 secs] [Times: user=0.47 sys=0.00, real=0.09 secs] 
3972.985: [Full GC (Ergonomics) [PSYoungGen: 100940K->0K(465920K)] [ParOldGen: 1363505K->118614K(1398272K)] 1464445K->118614K(1864192K), [Metaspace: 60357K->60357K(1105920K)], 0.1737704 secs] [Times: user=0.75 sys=0.00, real=0.18 secs] 
3973.408: [GC (Allocation Failure) [PSYoungGen: 232960K->179445K(465920K)] 351577K->298063K(1864192K), 0.0251053 secs] [Times: user=0.09 sys=0.00, real=0.03 secs] 
3973.570: [GC (Allocation Failure) [PSYoungGen: 412405K->183861K(465920K)] 531023K->358271K(1864192K), 0.0572214 secs] [Times: user=0.28 sys=0.00, real=0.05 secs] 
3973.793: [GC (Allocation Failure) [PSYoungGen: 416821K->187061K(465920K)] 591231K->417314K(1864192K), 0.0675302 secs] [Times: user=0.33 sys=0.00, real=0.07 secs] 
3975.108: [GC (Allocation Failure) [PSYoungGen: 420021K->97435K(465920K)] 650274K->398201K(1864192K), 0.0977042 secs] [Times: user=0.53 sys=0.00, real=0.10 secs] 
3976.740: [GC (Allocation Failure) [PSYoungGen: 330395K->167764K(465920K)] 631161K->499978K(1864192K), 0.0649905 secs] [Times: user=0.31 sys=0.00, real=0.06 secs] 
3976.952: [GC (Allocation Failure) [PSYoungGen: 400724K->185334K(465920K)] 732938K->569876K(1864192K), 0.0417719 secs] [Times: user=0.19 sys=0.00, real=0.04 secs] 
3977.103: [GC (Allocation Failure) [PSYoungGen: 418294K->183350K(465920K)] 802836K->632373K(1864192K), 0.0490990 secs] [Times: user=0.23 sys=0.00, real=0.05 secs] 
3977.534: [GC (Allocation Failure) [PSYoungGen: 413186K->215316K(465920K)] 862208K->722322K(1864192K), 0.0534698 secs] [Times: user=0.27 sys=0.00, real=0.05 secs] 
3978.349: [GC (Allocation Failure) [PSYoungGen: 448276K->98075K(465920K)] 955282K->673666K(1864192K), 0.0423320 secs] [Times: user=0.22 sys=0.00, real=0.04 secs] 
3978.523: [GC (Allocation Failure) [PSYoungGen: 330895K->183510K(465920K)] 906486K->790896K(1864192K), 0.0349688 secs] [Times: user=0.14 sys=0.00, real=0.03 secs] 
3978.665: [GC (Allocation Failure) [PSYoungGen: 416470K->184950K(465920K)] 1023856K->849480K(1864192K), 0.0435328 secs] [Times: user=0.19 sys=0.00, real=0.05 secs] 
3978.812: [GC (Allocation Failure) [PSYoungGen: 417910K->186997K(465920K)] 1082440K->907519K(1864192K), 0.0455108 secs] [Times: user=0.21 sys=0.00, real=0.04 secs] 
3979.803: [GC (Allocation Failure) [PSYoungGen: 419957K->100860K(465920K)] 1140479K->891894K(1864192K), 0.0443882 secs] [Times: user=0.23 sys=0.00, real=0.04 secs] 
3980.219: [GC (Allocation Failure) [PSYoungGen: 333820K->171860K(465920K)] 1124854K->995099K(1864192K), 0.0402846 secs] [Times: user=0.18 sys=0.00, real=0.04 secs] 
3980.417: [GC (Allocation Failure) [PSYoungGen: 404820K->182133K(465920K)] 1228059K->1059280K(1864192K), 0.0625538 secs] [Times: user=0.30 sys=0.00, real=0.07 secs] 
3980.605: [GC (Allocation Failure) [PSYoungGen: 415093K->185879K(465920K)] 1292240K->1126714K(1864192K), 0.0496696 secs] [Times: user=0.23 sys=0.00, real=0.05 secs] 
3981.410: [GC (Allocation Failure) [PSYoungGen: 413761K->208499K(465920K)] 1354596K->1208182K(1864192K), 0.0559048 secs] [Times: user=0.28 sys=0.00, real=0.05 secs] 
3982.537: [GC (Allocation Failure) [PSYoungGen: 441459K->99947K(465920K)] 1441142K->1165294K(1864192K), 0.1204756 secs] [Times: user=0.66 sys=0.00, real=0.12 secs] 
3982.943: [GC (Allocation Failure) [PSYoungGen: 332907K->180662K(465920K)] 1398254K->1278241K(1864192K), 0.0375206 secs] [Times: user=0.15 sys=0.01, real=0.04 secs] 
3983.088: [GC (Allocation Failure) [PSYoungGen: 413622K->185366K(465920K)] 1511201K->1339146K(1864192K), 0.0442398 secs] [Times: user=0.20 sys=0.00, real=0.04 secs] 
3983.238: [GC (Allocation Failure) [PSYoungGen: 418326K->187093K(465920K)] 1572106K->1396993K(1864192K), 0.0461531 secs] [Times: user=0.22 sys=0.00, real=0.05 secs] 
3984.382: [GC (Allocation Failure) [PSYoungGen: 420053K->100460K(465920K)] 1629953K->1380856K(1864192K), 0.0577820 secs] [Times: user=0.30 sys=0.00, real=0.06 secs] 
3984.821: [GC (Allocation Failure) [PSYoungGen: 333420K->175477K(465920K)] 1613816K->1489125K(1864192K), 0.0411277 secs] [Times: user=0.18 sys=0.00, real=0.04 secs] 
3984.862: [Full GC (Ergonomics) [PSYoungGen: 175477K->0K(465920K)] [ParOldGen: 1313648K->201160K(1398272K)] 1489125K->201160K(1864192K), [Metaspace: 60357K->60357K(1105920K)], 0.1853186 secs] [Times: user=0.82 sys=0.00, real=0.18 secs] 
3985.154: [GC (Allocation Failure) [PSYoungGen: 232960K->181877K(465920K)] 434120K->383038K(1864192K), 0.0320297 secs] [Times: user=0.13 sys=0.00, real=0.03 secs] 
3985.313: [GC (Allocation Failure) [PSYoungGen: 414837K->184951K(465920K)] 615998K->449983K(1864192K), 0.0540169 secs] [Times: user=0.26 sys=0.00, real=0.05 secs] 
3986.152: [GC (Allocation Failure) [PSYoungGen: 414268K->206035K(465920K)] 679301K->529963K(1864192K), 0.0539156 secs] [Times: user=0.26 sys=0.00, real=0.05 secs] 
3986.682: [GC (Allocation Failure) [PSYoungGen: 438995K->101196K(465920K)] 762923K->489748K(1864192K), 0.0694441 secs] [Times: user=0.37 sys=0.00, real=0.07 secs] 
3986.964: [GC (Allocation Failure) [PSYoungGen: 332240K->181654K(465920K)] 720793K->602583K(1864192K), 0.0346416 secs] [Times: user=0.14 sys=0.00, real=0.04 secs] 
3987.105: [GC (Allocation Failure) [PSYoungGen: 414614K->185142K(465920K)] 835543K->662575K(1864192K), 0.0432691 secs] [Times: user=0.19 sys=0.00, real=0.05 secs] 
3987.250: [GC (Allocation Failure) [PSYoungGen: 418102K->187509K(465920K)] 895535K->721070K(1864192K), 0.0450143 secs] [Times: user=0.21 sys=0.00, real=0.04 secs] 
3988.381: [GC (Allocation Failure) [PSYoungGen: 420469K->96571K(465920K)] 954030K->700837K(1864192K), 0.0592511 secs] [Times: user=0.32 sys=0.00, real=0.06 secs] 
3989.369: [GC (Allocation Failure) [PSYoungGen: 329531K->171508K(465920K)] 933797K->806759K(1864192K), 0.0662277 secs] [Times: user=0.31 sys=0.01, real=0.06 secs] 
3989.627: [GC (Allocation Failure) [PSYoungGen: 404468K->185206K(465920K)] 1039719K->874368K(1864192K), 0.0582482 secs] [Times: user=0.27 sys=0.00, real=0.06 secs] 
3989.800: [GC (Allocation Failure) [PSYoungGen: 418166K->186551K(465920K)] 1107328K->940018K(1864192K), 0.0502851 secs] [Times: user=0.23 sys=0.00, real=0.05 secs] 
3990.591: [GC (Allocation Failure) [PSYoungGen: 418768K->207091K(465920K)] 1172234K->1019797K(1864192K), 0.0551470 secs] [Times: user=0.27 sys=0.00, real=0.05 secs] 
3992.189: [GC (Allocation Failure) [PSYoungGen: 440051K->102268K(465920K)] 1252757K->979858K(1864192K), 0.0913308 secs] [Times: user=0.49 sys=0.00, real=0.09 secs] 
3992.452: [GC (Allocation Failure) [PSYoungGen: 332475K->179989K(465920K)] 1210066K->1090395K(1864192K), 0.0355284 secs] [Times: user=0.15 sys=0.00, real=0.03 secs] 
3992.596: [GC (Allocation Failure) [PSYoungGen: 412949K->185270K(465920K)] 1323355K->1151704K(1864192K), 0.0444111 secs] [Times: user=0.20 sys=0.00, real=0.05 secs] 
3992.744: [GC (Allocation Failure) [PSYoungGen: 418230K->187061K(465920K)] 1384664K->1209607K(1864192K), 0.0465074 secs] [Times: user=0.21 sys=0.00, real=0.05 secs] 
3993.759: [GC (Allocation Failure) [PSYoungGen: 420021K->95947K(465920K)] 1442567K->1189077K(1864192K), 0.0446212 secs] [Times: user=0.23 sys=0.00, real=0.04 secs] 
3994.057: [GC (GCLocker Initiated GC) [PSYoungGen: 328907K->171700K(465920K)] 1422038K->1296707K(1864192K), 0.0664719 secs] [Times: user=0.31 sys=0.00, real=0.07 secs] 
3994.356: [GC (GCLocker Initiated GC) [PSYoungGen: 404660K->179797K(465920K)] 1529669K->1357974K(1864192K), 0.0589156 secs] [Times: user=0.26 sys=0.00, real=0.06 secs] 
3994.549: [GC (Allocation Failure) [PSYoungGen: 412757K->185207K(465920K)] 1590936K->1426170K(1864192K), 0.0719883 secs] [Times: user=0.36 sys=0.00, real=0.07 secs] 
3995.510: [GC (Allocation Failure) [PSYoungGen: 418167K->214292K(465920K)] 1659130K->1514031K(1864192K), 0.0587391 secs] [Times: user=0.29 sys=0.00, real=0.06 secs] 
3996.123: [GC (Allocation Failure) [PSYoungGen: 447252K->98507K(465920K)] 1746991K->1465374K(1864192K), 0.0552455 secs] [Times: user=0.30 sys=0.00, real=0.06 secs] 
3996.179: [Full GC (Ergonomics) [PSYoungGen: 98507K->0K(465920K)] [ParOldGen: 1366866K->116134K(1398272K)] 1465374K->116134K(1864192K), [Metaspace: 60357K->60357K(1105920K)], 0.1157786 secs] [Times: user=0.50 sys=0.00, real=0.11 secs] 
3996.447: [GC (Allocation Failure) [PSYoungGen: 232960K->179797K(465920K)] 349094K->295932K(1864192K), 0.0248745 secs] [Times: user=0.08 sys=0.01, real=0.03 secs] 
3996.606: [GC (Allocation Failure) [PSYoungGen: 412757K->185110K(465920K)] 528892K->357304K(1864192K), 0.0576055 secs] [Times: user=0.27 sys=0.00, real=0.06 secs] 
3996.812: [GC (Allocation Failure) [PSYoungGen: 418070K->186165K(465920K)] 590264K->414431K(1864192K), 0.0593324 secs] [Times: user=0.29 sys=0.00, real=0.06 secs] 
3997.995: [GC (Allocation Failure) [PSYoungGen: 419125K->102028K(465920K)] 647391K->400762K(1864192K), 0.0700182 secs] [Times: user=0.37 sys=0.00, real=0.07 secs] 
3999.007: [GC (Allocation Failure) [PSYoungGen: 334988K->169876K(465920K)] 633722K->502235K(1864192K), 0.0660959 secs] [Times: user=0.32 sys=0.00, real=0.07 secs] 
3999.266: [GC (Allocation Failure) [PSYoungGen: 402836K->181781K(465920K)] 735195K->567004K(1864192K), 0.0601116 secs] [Times: user=0.29 sys=0.01, real=0.06 secs] 
3999.495: [GC (Allocation Failure) [PSYoungGen: 414741K->185815K(465920K)] 799964K->634589K(1864192K), 0.0741813 secs] [Times: user=0.37 sys=0.00, real=0.08 secs] 
4000.036: [GC (Allocation Failure) [PSYoungGen: 415271K->212276K(465920K)] 864046K->720146K(1864192K), 0.0535440 secs] [Times: user=0.26 sys=0.00, real=0.06 secs] 
4000.936: [GC (Allocation Failure) [PSYoungGen: 445131K->101100K(465920K)] 953002K->676450K(1864192K), 0.0661005 secs] [Times: user=0.35 sys=0.00, real=0.07 secs] 
4001.178: [GC (Allocation Failure) [PSYoungGen: 334060K->181206K(465920K)] 909410K->788785K(1864192K), 0.0352710 secs] [Times: user=0.15 sys=0.00, real=0.04 secs] 
4001.320: [GC (Allocation Failure) [PSYoungGen: 414166K->185206K(465920K)] 1021745K->849249K(1864192K), 0.0453685 secs] [Times: user=0.21 sys=0.00, real=0.04 secs] 
4001.506: [GC (GCLocker Initiated GC) [PSYoungGen: 418166K->180852K(465920K)] 1082209K->901112K(1864192K), 0.0657135 secs] [Times: user=0.32 sys=0.00, real=0.07 secs] 
4002.568: [GC (Allocation Failure) [PSYoungGen: 413812K->99276K(465920K)] 1134074K->887906K(1864192K), 0.0455515 secs] [Times: user=0.24 sys=0.00, real=0.05 secs] 
4003.112: [GC (Allocation Failure) [PSYoungGen: 332236K->171828K(465920K)] 1120866K->992127K(1864192K), 0.0730020 secs] [Times: user=0.36 sys=0.00, real=0.07 secs] 
4003.340: [GC (Allocation Failure) [PSYoungGen: 404788K->185398K(465920K)] 1225087K->1059592K(1864192K), 0.0432909 secs] [Times: user=0.19 sys=0.00, real=0.04 secs] 
4003.489: [GC (Allocation Failure) [PSYoungGen: 418358K->185975K(465920K)] 1292552K->1124602K(1864192K), 0.0504761 secs] [Times: user=0.23 sys=0.00, real=0.05 secs] 
4004.019: [GC (Allocation Failure) [PSYoungGen: 418935K->211539K(465920K)] 1357562K->1209150K(1864192K), 0.0543794 secs] [Times: user=0.27 sys=0.00, real=0.05 secs] 
4005.751: [GC (Allocation Failure) [PSYoungGen: 444499K->95019K(465920K)] 1442110K->1159166K(1864192K), 0.1039261 secs] [Times: user=0.56 sys=0.00, real=0.10 secs] 
4006.064: [GC (Allocation Failure) [PSYoungGen: 327979K->183606K(465920K)] 1392126K->1278466K(1864192K), 0.0370219 secs] [Times: user=0.16 sys=0.01, real=0.04 secs] 
4006.240: [GC (Allocation Failure) [PSYoungGen: 416566K->185366K(465920K)] 1511426K->1337105K(1864192K), 0.0650180 secs] [Times: user=0.32 sys=0.00, real=0.06 secs] 
4006.441: [GC (Allocation Failure) [PSYoungGen: 418326K->186965K(465920K)] 1570065K->1394793K(1864192K), 0.0468445 secs] [Times: user=0.22 sys=0.00, real=0.05 secs] 
4007.596: [GC (Allocation Failure) [PSYoungGen: 419925K->98316K(465920K)] 1627753K->1376767K(1864192K), 0.0537315 secs] [Times: user=0.29 sys=0.00, real=0.06 secs] 
4008.092: [GC (Allocation Failure) [PSYoungGen: 331276K->171092K(465920K)] 1609727K->1482060K(1864192K), 0.0636223 secs] [Times: user=0.30 sys=0.00, real=0.06 secs] 
4008.156: [Full GC (Ergonomics) [PSYoungGen: 171092K->0K(465920K)] [ParOldGen: 1310967K->195516K(1398272K)] 1482060K->195516K(1864192K), [Metaspace: 60357K->60357K(1105920K)], 0.2223145 secs] [Times: user=1.01 sys=0.00, real=0.22 secs] 
4008.676: [GC (Allocation Failure) [PSYoungGen: 232960K->184053K(465920K)] 428476K->379570K(1864192K), 0.0438153 secs] [Times: user=0.19 sys=0.00, real=0.05 secs] 
4009.300: [GC (Allocation Failure) [PSYoungGen: 417013K->185527K(465920K)] 612530K->444963K(1864192K), 0.0611450 secs] [Times: user=0.29 sys=0.00, real=0.06 secs] 
4010.178: [GC (Allocation Failure) [PSYoungGen: 416542K->209075K(465920K)] 675979K->527456K(1864192K), 0.0523516 secs] [Times: user=0.26 sys=0.00, real=0.05 secs] 
4011.325: [GC (Allocation Failure) [PSYoungGen: 442035K->95627K(465920K)] 760416K->480248K(1864192K), 0.0987705 secs] [Times: user=0.53 sys=0.01, real=0.10 secs] 
4011.699: [GC (Allocation Failure) [PSYoungGen: 328587K->183958K(465920K)] 713208K->599180K(1864192K), 0.0375336 secs] [Times: user=0.15 sys=0.00, real=0.03 secs] 
4011.861: [GC (Allocation Failure) [PSYoungGen: 416918K->181621K(465920K)] 832140K->653955K(1864192K), 0.0486342 secs] [Times: user=0.23 sys=0.00, real=0.05 secs] 
4012.042: [GC (Allocation Failure) [PSYoungGen: 414581K->186805K(465920K)] 886915K->714418K(1864192K), 0.0452958 secs] [Times: user=0.21 sys=0.00, real=0.04 secs] 
4013.288: [GC (Allocation Failure) [PSYoungGen: 419765K->99004K(465920K)] 947378K->697073K(1864192K), 0.0627056 secs] [Times: user=0.34 sys=0.00, real=0.07 secs] 
4014.253: [GC (Allocation Failure) [PSYoungGen: 331964K->171796K(465920K)] 930033K->801667K(1864192K), 0.0596143 secs] [Times: user=0.28 sys=0.00, real=0.06 secs] 
4014.446: [GC (Allocation Failure) [PSYoungGen: 404756K->185174K(465920K)] 1034627K->868760K(1864192K), 0.0427836 secs] [Times: user=0.19 sys=0.00, real=0.05 secs] 
4014.595: [GC (Allocation Failure) [PSYoungGen: 418134K->183190K(465920K)] 1101720K->931297K(1864192K), 0.0496541 secs] [Times: user=0.23 sys=0.00, real=0.05 secs] 
4015.131: [GC (Allocation Failure) [PSYoungGen: 416150K->219188K(465920K)] 1164257K->1025334K(1864192K), 0.0525565 secs] [Times: user=0.25 sys=0.01, real=0.05 secs] 
4016.245: [GC (Allocation Failure) [PSYoungGen: 452148K->98587K(465920K)] 1258294K->972270K(1864192K), 0.1007621 secs] [Times: user=0.55 sys=0.00, real=0.10 secs] 
4016.611: [GC (Allocation Failure) [PSYoungGen: 331547K->182134K(465920K)] 1205232K->1087675K(1864192K), 0.0358375 secs] [Times: user=0.15 sys=0.00, real=0.03 secs] 
4016.806: [GC (Allocation Failure) [PSYoungGen: 415094K->185078K(465920K)] 1320635K->1147091K(1864192K), 0.0448570 secs] [Times: user=0.20 sys=0.00, real=0.05 secs] 
4016.971: [GC (Allocation Failure) [PSYoungGen: 418038K->186613K(465920K)] 1380051K->1204714K(1864192K), 0.0514293 secs] [Times: user=0.24 sys=0.00, real=0.05 secs] 
4017.958: [GC (Allocation Failure) [PSYoungGen: 419573K->99740K(465920K)] 1437674K->1188049K(1864192K), 0.0451664 secs] [Times: user=0.23 sys=0.01, real=0.05 secs] 
4018.341: [GC (GCLocker Initiated GC) [PSYoungGen: 332700K->171828K(465920K)] 1421009K->1292922K(1864192K), 0.0699141 secs] [Times: user=0.33 sys=0.00, real=0.07 secs] 
4018.564: [GC (Allocation Failure) [PSYoungGen: 404788K->181813K(465920K)] 1526177K->1356989K(1864192K), 0.0433351 secs] [Times: user=0.20 sys=0.00, real=0.04 secs] 
4018.718: [GC (Allocation Failure) [PSYoungGen: 414773K->186007K(465920K)] 1589949K->1424851K(1864192K), 0.0513819 secs] [Times: user=0.24 sys=0.00, real=0.06 secs] 
4019.658: [GC (Allocation Failure) [PSYoungGen: 418967K->173651K(465920K)] 1657811K->1471700K(1864192K), 0.0579774 secs] [Times: user=0.29 sys=0.00, real=0.06 secs] 
4021.048: [GC (Allocation Failure) [PSYoungGen: 406611K->98379K(465920K)] 1704660K->1462612K(1864192K), 0.0994150 secs] [Times: user=0.54 sys=0.00, real=0.10 secs] 
4021.148: [Full GC (Ergonomics) [PSYoungGen: 98379K->0K(465920K)] [ParOldGen: 1364232K->116083K(1398272K)] 1462612K->116083K(1864192K), [Metaspace: 60376K->60376K(1105920K)], 0.1754913 secs] [Times: user=0.76 sys=0.00, real=0.18 secs] 
4021.848: [GC (Allocation Failure) [PSYoungGen: 232960K->183702K(465920K)] 349043K->299785K(1864192K), 0.0313569 secs] [Times: user=0.12 sys=0.00, real=0.04 secs] 
4022.074: [GC (Allocation Failure) [PSYoungGen: 416662K->182133K(465920K)] 532745K->355304K(1864192K), 0.0613885 secs] [Times: user=0.29 sys=0.00, real=0.06 secs] 
4022.315: [GC (Allocation Failure) [PSYoungGen: 415093K->187349K(465920K)] 588264K->415776K(1864192K), 0.0661560 secs] [Times: user=0.32 sys=0.00, real=0.07 secs] 
4023.451: [GC (Allocation Failure) [PSYoungGen: 420309K->102108K(465920K)] 648736K->401219K(1864192K), 0.0643526 secs] [Times: user=0.34 sys=0.00, real=0.06 secs] 
4024.317: [GC (Allocation Failure) [PSYoungGen: 335068K->167572K(465920K)] 634179K->500033K(1864192K), 0.0580290 secs] [Times: user=0.27 sys=0.00, real=0.06 secs] 
4024.523: [GC (Allocation Failure) [PSYoungGen: 400532K->184886K(465920K)] 732993K->569559K(1864192K), 0.0416080 secs] [Times: user=0.18 sys=0.00, real=0.04 secs] 
4024.697: [GC (Allocation Failure) [PSYoungGen: 417846K->186327K(465920K)] 802519K->635320K(1864192K), 0.0552109 secs] [Times: user=0.26 sys=0.00, real=0.06 secs] 
4025.505: [GC (Allocation Failure) [PSYoungGen: 418416K->209139K(465920K)] 867409K->717268K(1864192K), 0.0539906 secs] [Times: user=0.27 sys=0.00, real=0.06 secs] 
4025.992: [GC (Allocation Failure) [PSYoungGen: 442099K->98299K(465920K)] 950228K->672160K(1864192K), 0.0764329 secs] [Times: user=0.41 sys=0.00, real=0.08 secs] 
4026.376: [GC (Allocation Failure) [PSYoungGen: 331259K->183734K(465920K)] 905120K->789008K(1864192K), 0.0347773 secs] [Times: user=0.14 sys=0.00, real=0.04 secs] 
4026.542: [GC (Allocation Failure) [PSYoungGen: 416694K->185270K(465920K)] 1021968K->847896K(1864192K), 0.0497922 secs] [Times: user=0.24 sys=0.00, real=0.05 secs] 
4026.711: [GC (Allocation Failure) [PSYoungGen: 418230K->187221K(465920K)] 1080856K->905903K(1864192K), 0.0458774 secs] [Times: user=0.21 sys=0.00, real=0.04 secs] 
4027.721: [GC (Allocation Failure) [PSYoungGen: 420181K->96651K(465920K)] 1138863K->885877K(1864192K), 0.0440110 secs] [Times: user=0.23 sys=0.00, real=0.04 secs] 
4028.611: [GC (Allocation Failure) [PSYoungGen: 329611K->172084K(465920K)] 1118837K->992359K(1864192K), 0.0623910 secs] [Times: user=0.29 sys=0.00, real=0.06 secs] 
4028.815: [GC (Allocation Failure) [PSYoungGen: 405044K->182165K(465920K)] 1225319K->1056300K(1864192K), 0.0425342 secs] [Times: user=0.19 sys=0.01, real=0.04 secs] 
4028.968: [GC (Allocation Failure) [PSYoungGen: 415125K->185879K(465920K)] 1289260K->1123702K(1864192K), 0.0495534 secs] [Times: user=0.23 sys=0.00, real=0.05 secs] 
4029.787: [GC (Allocation Failure) [PSYoungGen: 415753K->210739K(465920K)] 1353576K->1207554K(1864192K), 0.0553049 secs] [Times: user=0.28 sys=0.00, real=0.06 secs] 
4030.989: [GC (Allocation Failure) [PSYoungGen: 443699K->97115K(465920K)] 1440514K->1160042K(1864192K), 0.0968266 secs] [Times: user=0.52 sys=0.00, real=0.09 secs] 
4031.303: [GC (Allocation Failure) [PSYoungGen: 330075K->187478K(465920K)] 1393002K->1282201K(1864192K), 0.0359902 secs] [Times: user=0.15 sys=0.00, real=0.04 secs] 
4031.486: [GC (Allocation Failure) [PSYoungGen: 420438K->184694K(465920K)] 1515161K->1336537K(1864192K), 0.0627834 secs] [Times: user=0.30 sys=0.00, real=0.07 secs] 
4031.783: [GC (Allocation Failure) [PSYoungGen: 417654K->184405K(465920K)] 1569497K->1392272K(1864192K), 0.0645174 secs] [Times: user=0.31 sys=0.00, real=0.06 secs] 
4032.869: [GC (Allocation Failure) [PSYoungGen: 417365K->102812K(465920K)] 1625232K->1380320K(1864192K), 0.0459440 secs] [Times: user=0.23 sys=0.01, real=0.04 secs] 
4033.262: [GC (Allocation Failure) [PSYoungGen: 335772K->172852K(465920K)] 1613280K->1483261K(1864192K), 0.0699252 secs] [Times: user=0.34 sys=0.00, real=0.07 secs] 
4033.517: [GC (Allocation Failure) [PSYoungGen: 405812K->182101K(465920K)] 1716221K->1546790K(1864192K), 0.0595492 secs] [Times: user=0.28 sys=0.00, real=0.06 secs] 
4033.577: [Full GC (Ergonomics) [PSYoungGen: 182101K->0K(465920K)] [ParOldGen: 1364688K->259132K(1398272K)] 1546790K->259132K(1864192K), [Metaspace: 60376K->60376K(1105920K)], 0.3319997 secs] [Times: user=1.53 sys=0.00, real=0.34 secs] 
4034.015: [GC (Allocation Failure) [PSYoungGen: 232960K->182966K(465920K)] 492092K->442099K(1864192K), 0.0887361 secs] [Times: user=0.47 sys=0.01, real=0.09 secs] 
4034.645: [GC (Allocation Failure) [PSYoungGen: 415926K->216596K(465920K)] 675059K->533680K(1864192K), 0.0504692 secs] [Times: user=0.24 sys=0.01, real=0.05 secs] 
4035.516: [GC (Allocation Failure) [PSYoungGen: 449556K->100955K(465920K)] 766640K->484856K(1864192K), 0.1106585 secs] [Times: user=0.61 sys=0.00, real=0.11 secs] 
4035.900: [GC (Allocation Failure) [PSYoungGen: 332007K->181942K(465920K)] 715908K->598427K(1864192K), 0.0371917 secs] [Times: user=0.16 sys=0.00, real=0.03 secs] 
4036.076: [GC (Allocation Failure) [PSYoungGen: 414902K->193270K(465920K)] 831387K->666283K(1864192K), 0.0606851 secs] [Times: user=0.29 sys=0.01, real=0.06 secs] 
4036.285: [GC (GCLocker Initiated GC) [PSYoungGen: 426230K->184533K(465920K)] 899244K->713699K(1864192K), 0.0615453 secs] [Times: user=0.30 sys=0.00, real=0.06 secs] 
4037.398: [GC (Allocation Failure) [PSYoungGen: 417493K->101836K(465920K)] 946825K->700761K(1864192K), 0.0478523 secs] [Times: user=0.25 sys=0.00, real=0.04 secs] 
4038.608: [GC (Allocation Failure) [PSYoungGen: 334796K->170836K(465920K)] 933721K->803097K(1864192K), 0.0661593 secs] [Times: user=0.32 sys=0.00, real=0.07 secs] 
4038.815: [GC (Allocation Failure) [PSYoungGen: 403796K->181781K(465920K)] 1036057K->867250K(1864192K), 0.0424342 secs] [Times: user=0.19 sys=0.01, real=0.04 secs] 
4039.026: [GC (Allocation Failure) [PSYoungGen: 414741K->185847K(465920K)] 1100210K->934976K(1864192K), 0.0757091 secs] [Times: user=0.38 sys=0.00, real=0.08 secs] 
4039.925: [GC (Allocation Failure) [PSYoungGen: 415462K->210707K(465920K)] 1164591K->1018788K(1864192K), 0.0561974 secs] [Times: user=0.29 sys=0.00, real=0.06 secs] 
4040.387: [GC (Allocation Failure) [PSYoungGen: 443667K->105340K(465920K)] 1251748K->979597K(1864192K), 0.0789079 secs] [Times: user=0.42 sys=0.00, real=0.08 secs] 
4040.621: [GC (Allocation Failure) [PSYoungGen: 330857K->176469K(465920K)] 1205114K->1084782K(1864192K), 0.0349976 secs] [Times: user=0.14 sys=0.01, real=0.03 secs] 
4040.762: [GC (Allocation Failure) [PSYoungGen: 409429K->184918K(465920K)] 1317742K->1148047K(1864192K), 0.0432869 secs] [Times: user=0.19 sys=0.00, real=0.04 secs] 
4040.939: [GC (Allocation Failure) [PSYoungGen: 417878K->186965K(465920K)] 1381007K->1206182K(1864192K), 0.0538880 secs] [Times: user=0.26 sys=0.00, real=0.05 secs] 
4041.975: [GC (Allocation Failure) [PSYoungGen: 419925K->97499K(465920K)] 1439142K->1187173K(1864192K), 0.0529915 secs] [Times: user=0.28 sys=0.00, real=0.05 secs] 
4042.679: [GC (Allocation Failure) [PSYoungGen: 330459K->168980K(465920K)] 1420133K->1289994K(1864192K), 0.0671820 secs] [Times: user=0.32 sys=0.00, real=0.06 secs] 
4042.891: [GC (Allocation Failure) [PSYoungGen: 401940K->185270K(465920K)] 1522954K->1359176K(1864192K), 0.0433841 secs] [Times: user=0.20 sys=0.00, real=0.04 secs] 
4043.065: [GC (Allocation Failure) [PSYoungGen: 418230K->186359K(465920K)] 1592136K->1424505K(1864192K), 0.0562213 secs] [Times: user=0.27 sys=0.00, real=0.06 secs] 
4043.791: [GC (Allocation Failure) [PSYoungGen: 419319K->213907K(465920K)] 1657465K->1511237K(1864192K), 0.0568248 secs] [Times: user=0.28 sys=0.00, real=0.05 secs] 
4045.622: [GC (Allocation Failure) [PSYoungGen: 446867K->95099K(465920K)] 1744197K->1458349K(1864192K), 0.1111032 secs] [Times: user=0.61 sys=0.00, real=0.11 secs] 
4045.734: [Full GC (Ergonomics) [PSYoungGen: 95099K->0K(465920K)] [ParOldGen: 1363250K->112667K(1398272K)] 1458349K->112667K(1864192K), [Metaspace: 60376K->60376K(1105920K)], 0.1833847 secs] [Times: user=0.81 sys=0.00, real=0.18 secs] 
4046.360: [GC (Allocation Failure) [PSYoungGen: 232960K->183574K(465920K)] 345627K->296242K(1864192K), 0.0325508 secs] [Times: user=0.12 sys=0.00, real=0.03 secs] 
4046.513: [GC (Allocation Failure) [PSYoungGen: 416534K->185206K(465920K)] 529202K->355170K(1864192K), 0.0420724 secs] [Times: user=0.19 sys=0.00, real=0.04 secs] 
4046.696: [GC (Allocation Failure) [PSYoungGen: 418166K->182100K(465920K)] 588130K->408008K(1864192K), 0.0617091 secs] [Times: user=0.30 sys=0.00, real=0.06 secs] 
4047.768: [GC (Allocation Failure) [PSYoungGen: 415060K->105244K(465920K)] 640968K->399848K(1864192K), 0.0442307 secs] [Times: user=0.22 sys=0.00, real=0.04 secs] 
4048.196: [GC (GCLocker Initiated GC) [PSYoungGen: 338204K->172501K(465920K)] 632809K->501869K(1864192K), 0.0676209 secs] [Times: user=0.33 sys=0.01, real=0.07 secs] 
4048.393: [GC (Allocation Failure) [PSYoungGen: 405461K->185334K(465920K)] 734832K->568161K(1864192K), 0.0425645 secs] [Times: user=0.19 sys=0.00, real=0.04 secs] 
4048.642: [GC (GCLocker Initiated GC) [PSYoungGen: 418294K->180470K(465920K)] 801121K->627754K(1864192K), 0.0727474 secs] [Times: user=0.36 sys=0.00, real=0.07 secs] 
4049.735: [GC (Allocation Failure) [PSYoungGen: 413430K->216339K(465920K)] 860716K->720913K(1864192K), 0.0511604 secs] [Times: user=0.25 sys=0.00, real=0.05 secs] 
4050.408: [GC (GCLocker Initiated GC) [PSYoungGen: 449299K->98859K(465920K)] 953874K->670121K(1864192K), 0.0838048 secs] [Times: user=0.45 sys=0.00, real=0.08 secs] 
4050.852: [GC (Allocation Failure) [PSYoungGen: 331819K->180405K(465920K)] 903247K->783499K(1864192K), 0.0443521 secs] [Times: user=0.19 sys=0.00, real=0.04 secs] 
4051.009: [GC (Allocation Failure) [PSYoungGen: 413365K->185110K(465920K)] 1016459K->844687K(1864192K), 0.0435223 secs] [Times: user=0.20 sys=0.00, real=0.04 secs] 
4051.196: [GC (Allocation Failure) [PSYoungGen: 418070K->187093K(465920K)] 1077647K->902766K(1864192K), 0.0637501 secs] [Times: user=0.31 sys=0.00, real=0.07 secs] 
4052.338: [GC (Allocation Failure) [PSYoungGen: 420053K->102092K(465920K)] 1135726K->888305K(1864192K), 0.0602109 secs] [Times: user=0.32 sys=0.00, real=0.06 secs] 
4053.712: [GC (Allocation Failure) [PSYoungGen: 335049K->164083K(465920K)] 1121262K->983141K(1864192K), 0.0649889 secs] [Times: user=0.31 sys=0.00, real=0.06 secs] 
4053.923: [GC (Allocation Failure) [PSYoungGen: 397043K->185270K(465920K)] 1216101K->1056356K(1864192K), 0.0429916 secs] [Times: user=0.18 sys=0.00, real=0.04 secs] 
4054.098: [GC (Allocation Failure) [PSYoungGen: 418230K->186039K(465920K)] 1289316K->1121457K(1864192K), 0.0578522 secs] [Times: user=0.28 sys=0.00, real=0.06 secs] 
4054.962: [GC (Allocation Failure) [PSYoungGen: 417177K->214324K(465920K)] 1352595K->1208758K(1864192K), 0.0580602 secs] [Times: user=0.29 sys=0.00, real=0.06 secs] 
4055.647: [GC (Allocation Failure) [PSYoungGen: 447284K->104812K(465920K)] 1441718K->1166790K(1864192K), 0.0702176 secs] [Times: user=0.38 sys=0.00, real=0.07 secs] 
4055.878: [GC (Allocation Failure) [PSYoungGen: 331160K->177813K(465920K)] 1393138K->1273180K(1864192K), 0.0352104 secs] [Times: user=0.15 sys=0.00, real=0.03 secs] 
4056.019: [GC (Allocation Failure) [PSYoungGen: 410773K->182581K(465920K)] 1506140K->1333360K(1864192K), 0.0440586 secs] [Times: user=0.20 sys=0.00, real=0.04 secs] 
4056.166: [GC (Allocation Failure) [PSYoungGen: 415541K->184116K(465920K)] 1566320K->1390272K(1864192K), 0.0463241 secs] [Times: user=0.21 sys=0.01, real=0.05 secs] 
4057.188: [GC (Allocation Failure) [PSYoungGen: 417076K->101580K(465920K)] 1623232K->1377259K(1864192K), 0.0461427 secs] [Times: user=0.24 sys=0.00, real=0.05 secs] 
4057.568: [GC (Allocation Failure) [PSYoungGen: 334540K->172084K(465920K)] 1610219K->1480537K(1864192K), 0.0548727 secs] [Times: user=0.26 sys=0.00, real=0.06 secs] 
4057.730: [GC (Allocation Failure) [PSYoungGen: 405044K->185046K(465920K)] 1713497K->1547342K(1864192K), 0.0435100 secs] [Times: user=0.19 sys=0.00, real=0.04 secs] 
4057.773: [Full GC (Ergonomics) [PSYoungGen: 185046K->0K(465920K)] [ParOldGen: 1362296K->261531K(1398272K)] 1547342K->261531K(1864192K), [Metaspace: 60376K->60376K(1105920K)], 0.3221645 secs] [Times: user=1.47 sys=0.01, real=0.32 secs] 
4058.204: [GC (Allocation Failure) [PSYoungGen: 232960K->185271K(465920K)] 494491K->446802K(1864192K), 0.0859312 secs] [Times: user=0.45 sys=0.00, real=0.09 secs] 
4058.795: [GC (Allocation Failure) [PSYoungGen: 418231K->213427K(465920K)] 679762K->533774K(1864192K), 0.0526689 secs] [Times: user=0.26 sys=0.00, real=0.05 secs] 
4060.104: [GC (Allocation Failure) [PSYoungGen: 446387K->100171K(465920K)] 766734K->486151K(1864192K), 0.0921896 secs] [Times: user=0.49 sys=0.00, real=0.09 secs] 
4060.497: [GC (Allocation Failure) [PSYoungGen: 332875K->183766K(465920K)] 718855K->601446K(1864192K), 0.0343650 secs] [Times: user=0.14 sys=0.00, real=0.04 secs] 
4060.635: [GC (Allocation Failure) [PSYoungGen: 416726K->185302K(465920K)] 834406K->659958K(1864192K), 0.0428522 secs] [Times: user=0.19 sys=0.00, real=0.04 secs] 
4060.781: [GC (Allocation Failure) [PSYoungGen: 418262K->184468K(465920K)] 892918K->715317K(1864192K), 0.0444355 secs] [Times: user=0.20 sys=0.00, real=0.04 secs] 
4062.008: [GC (Allocation Failure) [PSYoungGen: 417428K->100988K(465920K)] 948277K->701452K(1864192K), 0.0715607 secs] [Times: user=0.39 sys=0.00, real=0.08 secs] 
4063.342: [GC (Allocation Failure) [PSYoungGen: 333948K->171668K(465920K)] 934412K->805169K(1864192K), 0.0535420 secs] [Times: user=0.25 sys=0.00, real=0.05 secs] 
4063.551: [GC (GCLocker Initiated GC) [PSYoungGen: 404628K->182997K(465920K)] 1038129K->869938K(1864192K), 0.0564109 secs] [Times: user=0.27 sys=0.00, real=0.05 secs] 
4063.737: [GC (Allocation Failure) [PSYoungGen: 415957K->180022K(465920K)] 1102902K->930735K(1864192K), 0.0487648 secs] [Times: user=0.23 sys=0.00, real=0.05 secs] 
4064.776: [GC (Allocation Failure) [PSYoungGen: 412982K->218804K(465920K)] 1163695K->1026540K(1864192K), 0.0524686 secs] [Times: user=0.26 sys=0.00, real=0.05 secs] 
4065.511: [GC (Allocation Failure) [PSYoungGen: 451764K->98891K(465920K)] 1259500K->974052K(1864192K), 0.0444243 secs] [Times: user=0.22 sys=0.00, real=0.04 secs] 
4065.713: [GC (Allocation Failure) [PSYoungGen: 331851K->183062K(465920K)] 1207012K->1090647K(1864192K), 0.0504216 secs] [Times: user=0.22 sys=0.00, real=0.05 secs] 
4065.900: [GC (Allocation Failure) [PSYoungGen: 416022K->184886K(465920K)] 1323607K->1149318K(1864192K), 0.0439381 secs] [Times: user=0.20 sys=0.00, real=0.04 secs] 
4066.045: [GC (Allocation Failure) [PSYoungGen: 417846K->184372K(465920K)] 1382278K->1204973K(1864192K), 0.0452033 secs] [Times: user=0.21 sys=0.00, real=0.05 secs] 
4067.023: [GC (Allocation Failure) [PSYoungGen: 417332K->103436K(465920K)] 1437933K->1193621K(1864192K), 0.0454638 secs] [Times: user=0.23 sys=0.00, real=0.05 secs] 
4067.502: [GC (Allocation Failure) [PSYoungGen: 336396K->172116K(465920K)] 1426581K->1295306K(1864192K), 0.0701760 secs] [Times: user=0.34 sys=0.00, real=0.07 secs] 
4067.769: [GC (Allocation Failure) [PSYoungGen: 405076K->184950K(465920K)] 1528266K->1362375K(1864192K), 0.0546382 secs] [Times: user=0.26 sys=0.00, real=0.05 secs] 
4067.931: [GC (Allocation Failure) [PSYoungGen: 417910K->182710K(465920K)] 1595335K->1424432K(1864192K), 0.0504842 secs] [Times: user=0.24 sys=0.00, real=0.05 secs] 
4068.821: [GC (Allocation Failure) [PSYoungGen: 415670K->215835K(465920K)] 1657392K->1515397K(1864192K), 0.0521913 secs] [Times: user=0.26 sys=0.00, real=0.05 secs] 
4069.871: [GC (Allocation Failure) [PSYoungGen: 448795K->106524K(465920K)] 1748357K->1471926K(1864192K), 0.1016211 secs] [Times: user=0.55 sys=0.00, real=0.10 secs] 
4069.972: [Full GC (Ergonomics) [PSYoungGen: 106524K->0K(465920K)] [ParOldGen: 1365401K->123994K(1398272K)] 1471926K->123994K(1864192K), [Metaspace: 60376K->60376K(1105920K)], 0.1880420 secs] [Times: user=0.83 sys=0.01, real=0.19 secs] 
4070.318: [GC (Allocation Failure) [PSYoungGen: 227722K->175861K(465920K)] 351716K->299855K(1864192K), 0.0243807 secs] [Times: user=0.08 sys=0.00, real=0.03 secs] 
4070.450: [GC (Allocation Failure) [PSYoungGen: 408821K->185270K(465920K)] 532815K->364164K(1864192K), 0.0414797 secs] [Times: user=0.19 sys=0.00, real=0.04 secs] 
4070.630: [GC (Allocation Failure) [PSYoungGen: 418230K->187349K(465920K)] 597124K->422347K(1864192K), 0.0563419 secs] [Times: user=0.27 sys=0.00, real=0.05 secs] 
4071.753: [GC (Allocation Failure) [PSYoungGen: 420309K->97659K(465920K)] 655307K->403290K(1864192K), 0.0580501 secs] [Times: user=0.31 sys=0.00, real=0.06 secs] 
4072.119: [GC (Allocation Failure) [PSYoungGen: 330619K->175381K(465920K)] 636250K->513307K(1864192K), 0.0535094 secs] [Times: user=0.24 sys=0.00, real=0.05 secs] 
4072.375: [GC (Allocation Failure) [PSYoungGen: 408341K->183029K(465920K)] 746267K->575235K(1864192K), 0.0440802 secs] [Times: user=0.19 sys=0.00, real=0.05 secs] 
4072.568: [GC (Allocation Failure) [PSYoungGen: 413966K->183862K(465920K)] 806172K->639685K(1864192K), 0.0630522 secs] [Times: user=0.31 sys=0.00, real=0.07 secs] 
4073.490: [GC (Allocation Failure) [PSYoungGen: 416822K->212970K(465920K)] 872645K->727232K(1864192K), 0.0514477 secs] [Times: user=0.25 sys=0.00, real=0.05 secs] 
4074.136: [GC (Allocation Failure) [PSYoungGen: 445930K->102156K(465920K)] 960192K->681258K(1864192K), 0.1049720 secs] [Times: user=0.57 sys=0.00, real=0.11 secs] 
4074.541: [GC (Allocation Failure) [PSYoungGen: 331312K->179893K(465920K)] 910414K->792493K(1864192K), 0.0388500 secs] [Times: user=0.15 sys=0.00, real=0.04 secs] 
4074.688: [GC (Allocation Failure) [PSYoungGen: 412853K->185078K(465920K)] 1025453K->853621K(1864192K), 0.0437685 secs] [Times: user=0.20 sys=0.00, real=0.05 secs] 
4074.854: [GC (Allocation Failure) [PSYoungGen: 418038K->184532K(465920K)] 1086581K->909140K(1864192K), 0.0495237 secs] [Times: user=0.23 sys=0.00, real=0.05 secs] 
4076.139: [GC (Allocation Failure) [PSYoungGen: 417492K->102060K(465920K)] 1142100K->896115K(1864192K), 0.1033947 secs] [Times: user=0.56 sys=0.00, real=0.10 secs] 
4078.043: [GC (Allocation Failure) [PSYoungGen: 335020K->165556K(465920K)] 1129075K->992516K(1864192K), 0.0652839 secs] [Times: user=0.31 sys=0.00, real=0.06 secs] 
4078.243: [GC (GCLocker Initiated GC) [PSYoungGen: 398516K->184342K(465920K)] 1225476K->1063234K(1864192K), 0.0427009 secs] [Times: user=0.20 sys=0.00, real=0.04 secs] 
4078.394: [GC (Allocation Failure) [PSYoungGen: 417302K->183414K(465920K)] 1296233K->1134529K(1864192K), 0.0502308 secs] [Times: user=0.23 sys=0.00, real=0.05 secs] 
4078.836: [GC (Allocation Failure) [PSYoungGen: 413455K->213716K(465920K)] 1364570K->1222895K(1864192K), 0.0553946 secs] [Times: user=0.26 sys=0.01, real=0.06 secs] 
4079.798: [GC (GCLocker Initiated GC) [PSYoungGen: 446676K->99195K(465920K)] 1455855K->1176199K(1864192K), 0.0575483 secs] [Times: user=0.30 sys=0.00, real=0.05 secs] 
4079.979: [GC (Allocation Failure) [PSYoungGen: 332155K->179350K(465920K)] 1417518K->1296807K(1864192K), 0.1214967 secs] [Times: user=0.65 sys=0.01, real=0.12 secs] 
4080.273: [GC (Allocation Failure) [PSYoungGen: 412310K->183062K(465920K)] 1529767K->1357327K(1864192K), 0.1525431 secs] [Times: user=0.85 sys=0.00, real=0.15 secs] 
4080.553: [GC (Allocation Failure) [PSYoungGen: 416022K->186453K(465920K)] 1590287K->1418685K(1864192K), 0.0601867 secs] [Times: user=0.30 sys=0.00, real=0.06 secs] 
4081.681: [GC (Allocation Failure) [PSYoungGen: 419413K->96523K(465920K)] 1651645K->1399068K(1864192K), 0.0534030 secs] [Times: user=0.28 sys=0.00, real=0.05 secs] 
4082.115: [GC (Allocation Failure) [PSYoungGen: 329483K->172980K(465920K)] 1632028K->1506354K(1864192K), 0.0669686 secs] [Times: user=0.31 sys=0.00, real=0.07 secs] 
4082.182: [Full GC (Ergonomics) [PSYoungGen: 172980K->0K(465920K)] [ParOldGen: 1333373K->198763K(1398272K)] 1506354K->198763K(1864192K), [Metaspace: 60376K->60376K(1105920K)], 0.2378302 secs] [Times: user=1.11 sys=0.00, real=0.24 secs] 
4082.538: [GC (Allocation Failure) [PSYoungGen: 232960K->185174K(465920K)] 431723K->383937K(1864192K), 0.0325710 secs] [Times: user=0.13 sys=0.00, real=0.03 secs] 
4082.713: [GC (Allocation Failure) [PSYoungGen: 414949K->180918K(465920K)] 613713K->444074K(1864192K), 0.0541659 secs] [Times: user=0.26 sys=0.00, real=0.05 secs] 
4083.616: [GC (Allocation Failure) [PSYoungGen: 413878K->169107K(465920K)] 677034K->489678K(1864192K), 0.0534131 secs] [Times: user=0.26 sys=0.00, real=0.06 secs] 
4084.911: [GC (Allocation Failure) [PSYoungGen: 402067K->103852K(465920K)] 722638K->489052K(1864192K), 0.1116164 secs] [Times: user=0.61 sys=0.01, real=0.11 secs] 
4085.412: [GC (Allocation Failure) [PSYoungGen: 334314K->178773K(465920K)] 719514K->597630K(1864192K), 0.0440757 secs] [Times: user=0.19 sys=0.00, real=0.04 secs] 
4085.616: [GC (Allocation Failure) [PSYoungGen: 411733K->185334K(465920K)] 830590K->660015K(1864192K), 0.0632547 secs] [Times: user=0.30 sys=0.00, real=0.07 secs] 
4085.865: [GC (Allocation Failure) [PSYoungGen: 418294K->187221K(465920K)] 892975K->718102K(1864192K), 0.0626639 secs] [Times: user=0.30 sys=0.00, real=0.06 secs] 
4087.203: [GC (Allocation Failure) [PSYoungGen: 420181K->98555K(465920K)] 951062K->700064K(1864192K), 0.0886782 secs] [Times: user=0.48 sys=0.00, real=0.09 secs] 
4088.127: [GC (GCLocker Initiated GC) [PSYoungGen: 331515K->169876K(465920K)] 933026K->803347K(1864192K), 0.0664849 secs] [Times: user=0.32 sys=0.01, real=0.07 secs] 
4088.370: [GC (Allocation Failure) [PSYoungGen: 402836K->193366K(465920K)] 1036473K->879763K(1864192K), 0.0580104 secs] [Times: user=0.27 sys=0.00, real=0.05 secs] 
4088.543: [GC (Allocation Failure) [PSYoungGen: 426326K->186071K(465920K)] 1112723K->936644K(1864192K), 0.0504071 secs] [Times: user=0.24 sys=0.00, real=0.05 secs] 
4089.894: [GC (Allocation Failure) [PSYoungGen: 419031K->170483K(465920K)] 1169604K->980064K(1864192K), 0.0555682 secs] [Times: user=0.27 sys=0.00, real=0.06 secs] 
4090.628: [GC (Allocation Failure) [PSYoungGen: 403443K->102668K(465920K)] 1213024K->977481K(1864192K), 0.1149516 secs] [Times: user=0.64 sys=0.00, real=0.12 secs] 
4091.255: [GC (Allocation Failure) [PSYoungGen: 335628K->180182K(465920K)] 1210441K->1087740K(1864192K), 0.0469665 secs] [Times: user=0.20 sys=0.00, real=0.05 secs] 
4091.416: [GC (Allocation Failure) [PSYoungGen: 413142K->185590K(465920K)] 1320700K->1149096K(1864192K), 0.0439314 secs] [Times: user=0.20 sys=0.00, real=0.05 secs] 
4091.584: [GC (Allocation Failure) [PSYoungGen: 418550K->201397K(465920K)] 1382056K->1221127K(1864192K), 0.0503353 secs] [Times: user=0.24 sys=0.00, real=0.05 secs] 
4092.776: [GC (Allocation Failure) [PSYoungGen: 434357K->97467K(465920K)] 1454087K->1186990K(1864192K), 0.0716655 secs] [Times: user=0.39 sys=0.00, real=0.07 secs] 
4094.192: [GC (Allocation Failure) [PSYoungGen: 330427K->169204K(465920K)] 1419950K->1290458K(1864192K), 0.0657528 secs] [Times: user=0.31 sys=0.00, real=0.06 secs] 
4094.399: [GC (Allocation Failure) [PSYoungGen: 402164K->185142K(465920K)] 1523418K->1359692K(1864192K), 0.0447565 secs] [Times: user=0.20 sys=0.00, real=0.04 secs] 
4094.586: [GC (Allocation Failure) [PSYoungGen: 418102K->186007K(465920K)] 1592652K->1424853K(1864192K), 0.0747228 secs] [Times: user=0.37 sys=0.00, real=0.08 secs] 
4095.496: [GC (Allocation Failure) [PSYoungGen: 417683K->195187K(465920K)] 1656529K->1493146K(1864192K), 0.0573765 secs] [Times: user=0.29 sys=0.00, real=0.06 secs] 
4096.246: [GC (Allocation Failure) [PSYoungGen: 428135K->101900K(465920K)] 1726094K->1466474K(1864192K), 0.0953838 secs] [Times: user=0.51 sys=0.01, real=0.10 secs] 
4096.342: [Full GC (Ergonomics) [PSYoungGen: 101900K->0K(465920K)] [ParOldGen: 1364574K->120041K(1398272K)] 1466474K->120041K(1864192K), [Metaspace: 60376K->60376K(1105920K)], 0.1714994 secs] [Times: user=0.75 sys=0.00, real=0.17 secs] 
4096.672: [GC (Allocation Failure) [PSYoungGen: 232960K->181494K(465920K)] 353001K->301535K(1864192K), 0.0255942 secs] [Times: user=0.09 sys=0.00, real=0.02 secs] 
4096.827: [GC (Allocation Failure) [PSYoungGen: 414454K->185366K(465920K)] 534495K->362111K(1864192K), 0.0465132 secs] [Times: user=0.21 sys=0.00, real=0.05 secs] 
4097.001: [GC (Allocation Failure) [PSYoungGen: 418326K->187349K(465920K)] 595071K->420359K(1864192K), 0.0464731 secs] [Times: user=0.22 sys=0.00, real=0.04 secs] 
4098.041: [GC (Allocation Failure) [PSYoungGen: 420309K->96411K(465920K)] 653319K->399913K(1864192K), 0.0554878 secs] [Times: user=0.29 sys=0.00, real=0.05 secs] 
4098.486: [GC (Allocation Failure) [PSYoungGen: 329371K->169908K(465920K)] 632873K->504271K(1864192K), 0.0533348 secs] [Times: user=0.25 sys=0.01, real=0.06 secs] 
4098.665: [GC (Allocation Failure) [PSYoungGen: 402868K->185078K(465920K)] 737231K->573036K(1864192K), 0.0421039 secs] [Times: user=0.19 sys=0.00, real=0.04 secs] 
4098.817: [GC (Allocation Failure) [PSYoungGen: 418038K->186039K(465920K)] 805996K->638346K(1864192K), 0.0498669 secs] [Times: user=0.23 sys=0.00, real=0.05 secs] 
4099.615: [GC (Allocation Failure) [PSYoungGen: 415117K->209587K(465920K)] 867424K->720974K(1864192K), 0.0556044 secs] [Times: user=0.28 sys=0.00, real=0.06 secs] 
4100.629: [GC (Allocation Failure) [PSYoungGen: 442547K->99995K(465920K)] 953934K->677166K(1864192K), 0.1108758 secs] [Times: user=0.60 sys=0.00, real=0.11 secs] 
4101.008: [GC (Allocation Failure) [PSYoungGen: 332955K->178901K(465920K)] 910126K->787653K(1864192K), 0.0405378 secs] [Times: user=0.18 sys=0.00, real=0.04 secs] 
4101.157: [GC (Allocation Failure) [PSYoungGen: 411772K->185334K(465920K)] 1020524K->850057K(1864192K), 0.0439425 secs] [Times: user=0.20 sys=0.00, real=0.05 secs] 
4101.323: [GC (Allocation Failure) [PSYoungGen: 418294K->187285K(465920K)] 1083017K->908073K(1864192K), 0.0611223 secs] [Times: user=0.30 sys=0.00, real=0.06 secs] 
4102.633: [GC (Allocation Failure) [PSYoungGen: 420245K->100508K(465920K)] 1141033K->891976K(1864192K), 0.0847560 secs] [Times: user=0.46 sys=0.00, real=0.08 secs] 
4103.571: [GC (Allocation Failure) [PSYoungGen: 333468K->165876K(465920K)] 1124936K->990084K(1864192K), 0.0666632 secs] [Times: user=0.32 sys=0.00, real=0.06 secs] 
4103.780: [GC (Allocation Failure) [PSYoungGen: 398836K->184950K(465920K)] 1223044K->1061338K(1864192K), 0.0443110 secs] [Times: user=0.20 sys=0.00, real=0.04 secs] 
4103.935: [GC (Allocation Failure) [PSYoungGen: 417907K->185751K(465920K)] 1294296K->1126379K(1864192K), 0.0521548 secs] [Times: user=0.25 sys=0.00, real=0.05 secs] 
4104.733: [GC (Allocation Failure) [PSYoungGen: 417667K->197620K(465920K)] 1358295K->1197136K(1864192K), 0.0581888 secs] [Times: user=0.29 sys=0.00, real=0.06 secs] 
4105.194: [GC (Allocation Failure) [PSYoungGen: 430580K->104124K(465920K)] 1430096K->1171008K(1864192K), 0.0456108 secs] [Times: user=0.23 sys=0.00, real=0.05 secs] 
4105.404: [GC (Allocation Failure) [PSYoungGen: 336464K->179285K(465920K)] 1403348K->1279249K(1864192K), 0.0360223 secs] [Times: user=0.15 sys=0.00, real=0.04 secs] 
4105.546: [GC (Allocation Failure) [PSYoungGen: 412245K->185462K(465920K)] 1512209K->1341453K(1864192K), 0.0456781 secs] [Times: user=0.20 sys=0.00, real=0.05 secs] 
4105.694: [GC (Allocation Failure) [PSYoungGen: 418422K->187157K(465920K)] 1574413K->1399460K(1864192K), 0.0474753 secs] [Times: user=0.22 sys=0.00, real=0.05 secs] 
4106.727: [GC (Allocation Failure) [PSYoungGen: 420117K->96651K(465920K)] 1632420K->1379543K(1864192K), 0.0460984 secs] [Times: user=0.24 sys=0.00, real=0.05 secs] 
4107.132: [GC (Allocation Failure) [PSYoungGen: 329611K->173269K(465920K)] 1612503K->1487497K(1864192K), 0.0406863 secs] [Times: user=0.18 sys=0.00, real=0.04 secs] 
4107.173: [Full GC (Ergonomics) [PSYoungGen: 173269K->0K(465920K)] [ParOldGen: 1314228K->197958K(1398272K)] 1487497K->197958K(1864192K), [Metaspace: 60376K->60376K(1105920K)], 0.1815110 secs] [Times: user=0.80 sys=0.00, real=0.18 secs] 
4107.463: [GC (Allocation Failure) [PSYoungGen: 232960K->182485K(465920K)] 430918K->380444K(1864192K), 0.0322675 secs] [Times: user=0.13 sys=0.00, real=0.03 secs] 
4107.606: [GC (Allocation Failure) [PSYoungGen: 415445K->185815K(465920K)] 613404K->447557K(1864192K), 0.0441337 secs] [Times: user=0.19 sys=0.00, real=0.05 secs] 
4108.408: [GC (Allocation Failure) [PSYoungGen: 415720K->208051K(465920K)] 677462K->528769K(1864192K), 0.0553448 secs] [Times: user=0.27 sys=0.00, real=0.06 secs] 
4109.737: [GC (GCLocker Initiated GC) [PSYoungGen: 441011K->97675K(465920K)] 761730K->483882K(1864192K), 0.1023776 secs] [Times: user=0.55 sys=0.00, real=0.11 secs] 
4110.137: [GC (Allocation Failure) [PSYoungGen: 330635K->183862K(465920K)] 717009K->602056K(1864192K), 0.0346926 secs] [Times: user=0.15 sys=0.00, real=0.04 secs] 
4110.280: [GC (Allocation Failure) [PSYoungGen: 416822K->185110K(465920K)] 835016K->660296K(1864192K), 0.0435398 secs] [Times: user=0.20 sys=0.00, real=0.04 secs] 
4110.426: [GC (Allocation Failure) [PSYoungGen: 418070K->183892K(465920K)] 893256K->715055K(1864192K), 0.0459987 secs] [Times: user=0.22 sys=0.00, real=0.05 secs] 
4111.466: [GC (Allocation Failure) [PSYoungGen: 416852K->102764K(465920K)] 948015K->703246K(1864192K), 0.0466620 secs] [Times: user=0.25 sys=0.00, real=0.05 secs] 
4111.889: [GC (Allocation Failure) [PSYoungGen: 335724K->173045K(465920K)] 936206K->807191K(1864192K), 0.0408590 secs] [Times: user=0.19 sys=0.00, real=0.04 secs] 
4112.192: [GC (Allocation Failure) [PSYoungGen: 406005K->184758K(465920K)] 1040151K->872600K(1864192K), 0.0429564 secs] [Times: user=0.19 sys=0.00, real=0.04 secs] 
4112.942: [GC (Allocation Failure) [PSYoungGen: 417718K->181590K(465920K)] 1105560K->933536K(1864192K), 0.0713561 secs] [Times: user=0.35 sys=0.00, real=0.07 secs] 
4113.941: [GC (Allocation Failure) [PSYoungGen: 411480K->208947K(465920K)] 1163427K->1018349K(1864192K), 0.0558777 secs] [Times: user=0.28 sys=0.00, real=0.05 secs] 
4114.499: [GC (Allocation Failure) [PSYoungGen: 441907K->103356K(465920K)] 1251309K->978310K(1864192K), 0.0947766 secs] [Times: user=0.51 sys=0.00, real=0.09 secs] 
4114.933: [GC (Allocation Failure) [PSYoungGen: 334718K->179349K(465920K)] 1209672K->1087572K(1864192K), 0.0356420 secs] [Times: user=0.15 sys=0.00, real=0.04 secs] 
4115.076: [GC (Allocation Failure) [PSYoungGen: 412309K->185174K(465920K)] 1320532K->1149013K(1864192K), 0.0452391 secs] [Times: user=0.21 sys=0.00, real=0.05 secs] 
4115.243: [GC (Allocation Failure) [PSYoungGen: 418134K->184885K(465920K)] 1381973K->1204868K(1864192K), 0.0521518 secs] [Times: user=0.25 sys=0.00, real=0.05 secs] 
4116.287: [GC (Allocation Failure) [PSYoungGen: 417845K->100812K(465920K)] 1437828K->1190371K(1864192K), 0.0472022 secs] [Times: user=0.24 sys=0.00, real=0.05 secs] 
4117.404: [GC (Allocation Failure) [PSYoungGen: 333772K->167476K(465920K)] 1423331K->1289256K(1864192K), 0.0673618 secs] [Times: user=0.33 sys=0.00, real=0.07 secs] 
4117.670: [GC (Allocation Failure) [PSYoungGen: 400436K->185142K(465920K)] 1522216K->1359646K(1864192K), 0.0532406 secs] [Times: user=0.25 sys=0.00, real=0.05 secs] 
4117.855: [GC (Allocation Failure) [PSYoungGen: 418102K->185911K(465920K)] 1592606K->1424639K(1864192K), 0.0677335 secs] [Times: user=0.33 sys=0.00, real=0.07 secs] 
4118.707: [GC (Allocation Failure) [PSYoungGen: 415794K->209747K(465920K)] 1654522K->1507499K(1864192K), 0.0580526 secs] [Times: user=0.29 sys=0.01, real=0.06 secs] 
4119.270: [GC (Allocation Failure) [PSYoungGen: 442707K->105148K(465920K)] 1740459K->1468832K(1864192K), 0.0980854 secs] [Times: user=0.52 sys=0.00, real=0.10 secs] 
4119.369: [Full GC (Ergonomics) [PSYoungGen: 105148K->0K(465920K)] [ParOldGen: 1363684K->122256K(1398272K)] 1468832K->122256K(1864192K), [Metaspace: 60376K->60376K(1105920K)], 0.1898098 secs] [Times: user=0.85 sys=0.00, real=0.19 secs] 
4119.673: [GC (Allocation Failure) [PSYoungGen: 230224K->178005K(465920K)] 352481K->300262K(1864192K), 0.0245813 secs] [Times: user=0.08 sys=0.00, real=0.02 secs] 
4119.840: [GC (Allocation Failure) [PSYoungGen: 410965K->185014K(465920K)] 533222K->362706K(1864192K), 0.0419274 secs] [Times: user=0.19 sys=0.00, real=0.04 secs] 
4119.984: [GC (Allocation Failure) [PSYoungGen: 417974K->187157K(465920K)] 595666K->420929K(1864192K), 0.0451022 secs] [Times: user=0.21 sys=0.00, real=0.05 secs] 
4120.967: [GC (Allocation Failure) [PSYoungGen: 420117K->94987K(465920K)] 653889K->399296K(1864192K), 0.0479435 secs] [Times: user=0.25 sys=0.00, real=0.05 secs] 
4121.441: [GC (Allocation Failure) [PSYoungGen: 327947K->177333K(465920K)] 632256K->512802K(1864192K), 0.0675642 secs] [Times: user=0.32 sys=0.00, real=0.07 secs] 
4121.708: [GC (Allocation Failure) [PSYoungGen: 410293K->185046K(465920K)] 745762K->574719K(1864192K), 0.0574373 secs] [Times: user=0.28 sys=0.00, real=0.06 secs] 
4121.915: [GC (Allocation Failure) [PSYoungGen: 418006K->185911K(465920K)] 807679K->640080K(1864192K), 0.0549331 secs] [Times: user=0.26 sys=0.00, real=0.06 secs] 
4122.708: [GC (Allocation Failure) [PSYoungGen: 414847K->207635K(465920K)] 869017K->720780K(1864192K), 0.0540536 secs] [Times: user=0.27 sys=0.00, real=0.05 secs] 
4123.888: [GC (Allocation Failure) [PSYoungGen: 440595K->98843K(465920K)] 953740K->677013K(1864192K), 0.0905466 secs] [Times: user=0.48 sys=0.01, real=0.09 secs] 
4124.231: [GC (Allocation Failure) [PSYoungGen: 331803K->183606K(465920K)] 909973K->793395K(1864192K), 0.0402385 secs] [Times: user=0.18 sys=0.00, real=0.04 secs] 
4124.376: [GC (Allocation Failure) [PSYoungGen: 416566K->185526K(465920K)] 1026355K->852283K(1864192K), 0.0451896 secs] [Times: user=0.21 sys=0.00, real=0.05 secs] 
4124.523: [GC (Allocation Failure) [PSYoungGen: 418486K->187413K(465920K)] 1085243K->910534K(1864192K), 0.0463486 secs] [Times: user=0.22 sys=0.00, real=0.05 secs] 
4125.913: [GC (Allocation Failure) [PSYoungGen: 420373K->97963K(465920K)] 1143494K->891684K(1864192K), 0.0991559 secs] [Times: user=0.54 sys=0.00, real=0.10 secs] 
4127.198: [GC (Allocation Failure) [PSYoungGen: 330923K->167220K(465920K)] 1124644K->992522K(1864192K), 0.0572379 secs] [Times: user=0.27 sys=0.00, real=0.06 secs] 
4127.390: [GC (Allocation Failure) [PSYoungGen: 400180K->185110K(465920K)] 1225482K->1062756K(1864192K), 0.0428909 secs] [Times: user=0.20 sys=0.00, real=0.04 secs] 
4127.580: [GC (Allocation Failure) [PSYoungGen: 418070K->182838K(465920K)] 1295716K->1124820K(1864192K), 0.0819080 secs] [Times: user=0.41 sys=0.00, real=0.08 secs] 
4128.152: [GC (Allocation Failure) [PSYoungGen: 412883K->211700K(465920K)] 1354865K->1211970K(1864192K), 0.0548062 secs] [Times: user=0.27 sys=0.01, real=0.05 secs] 
4128.982: [GC (Allocation Failure) [PSYoungGen: 444660K->97515K(465920K)] 1444930K->1165009K(1864192K), 0.0659244 secs] [Times: user=0.35 sys=0.00, real=0.06 secs] 
4129.328: [GC (Allocation Failure) [PSYoungGen: 330475K->183286K(465920K)] 1397969K->1282248K(1864192K), 0.0461326 secs] [Times: user=0.20 sys=0.00, real=0.05 secs] 
4129.484: [GC (Allocation Failure) [PSYoungGen: 416246K->185430K(465920K)] 1515208K->1341576K(1864192K), 0.0455547 secs] [Times: user=0.21 sys=0.00, real=0.05 secs] 
4129.653: [GC (Allocation Failure) [PSYoungGen: 418390K->187189K(465920K)] 1574536K->1399591K(1864192K), 0.0517859 secs] [Times: user=0.25 sys=0.00, real=0.05 secs] 
4130.716: [GC (Allocation Failure) [PSYoungGen: 420149K->99436K(465920K)] 1632551K->1382406K(1864192K), 0.0549123 secs] [Times: user=0.29 sys=0.00, real=0.06 secs] 
4131.948: [GC (Allocation Failure) [PSYoungGen: 332396K->169044K(465920K)] 1615366K->1483667K(1864192K), 0.0741567 secs] [Times: user=0.36 sys=0.00, real=0.08 secs] 
4132.022: [Full GC (Ergonomics) [PSYoungGen: 169044K->0K(465920K)] [ParOldGen: 1314623K->193138K(1398272K)] 1483667K->193138K(1864192K), [Metaspace: 60376K->60376K(1105920K)], 0.2155183 secs] [Times: user=1.02 sys=0.00, real=0.21 secs] 
4132.361: [GC (Allocation Failure) [PSYoungGen: 232960K->182421K(465920K)] 426098K->375560K(1864192K), 0.0329735 secs] [Times: user=0.13 sys=0.00, real=0.03 secs] 
4132.531: [GC (Allocation Failure) [PSYoungGen: 415381K->185975K(465920K)] 608520K->443089K(1864192K), 0.0436560 secs] [Times: user=0.20 sys=0.00, real=0.04 secs] 
4132.992: [GC (Allocation Failure) [PSYoungGen: 418935K->217043K(465920K)] 676049K->533194K(1864192K), 0.0545831 secs] [Times: user=0.27 sys=0.00, real=0.05 secs] 
4134.526: [GC (GCLocker Initiated GC) [PSYoungGen: 450003K->98747K(465920K)] 766154K->481834K(1864192K), 0.1150612 secs] [Times: user=0.63 sys=0.01, real=0.12 secs] 
4134.977: [GC (Allocation Failure) [PSYoungGen: 331707K->180373K(465920K)] 714797K->594907K(1864192K), 0.0441891 secs] [Times: user=0.19 sys=0.00, real=0.05 secs] 
4135.182: [GC (Allocation Failure) [PSYoungGen: 413333K->184502K(465920K)] 827867K->655287K(1864192K), 0.0649978 secs] [Times: user=0.31 sys=0.00, real=0.06 secs] 
4135.405: [GC (Allocation Failure) [PSYoungGen: 417462K->187573K(465920K)] 888247K->714119K(1864192K), 0.0506807 secs] [Times: user=0.24 sys=0.00, real=0.05 secs] 
4136.409: [GC (Allocation Failure) [PSYoungGen: 420533K->102668K(465920K)] 947079K->699922K(1864192K), 0.0447074 secs] [Times: user=0.22 sys=0.00, real=0.04 secs] 
4136.760: [GC (Allocation Failure) [PSYoungGen: 335628K->178293K(465920K)] 932882K->809064K(1864192K), 0.0415410 secs] [Times: user=0.18 sys=0.00, real=0.04 secs] 
4136.908: [GC (Allocation Failure) [PSYoungGen: 411253K->184630K(465920K)] 1042024K->869760K(1864192K), 0.0435995 secs] [Times: user=0.20 sys=0.00, real=0.04 secs] 
4137.059: [GC (Allocation Failure) [PSYoungGen: 417590K->182486K(465920K)] 1102720K->931697K(1864192K), 0.0499886 secs] [Times: user=0.24 sys=0.00, real=0.05 secs] 
4137.951: [GC (Allocation Failure) [PSYoungGen: 415446K->170707K(465920K)] 1164657K->977934K(1864192K), 0.0553213 secs] [Times: user=0.28 sys=0.00, real=0.05 secs] 
4138.397: [GC (Allocation Failure) [PSYoungGen: 403667K->109324K(465920K)] 1210894K->981735K(1864192K), 0.0437333 secs] [Times: user=0.22 sys=0.00, real=0.05 secs] 
4138.581: [GC (Allocation Failure) [PSYoungGen: 337585K->175061K(465920K)] 1209996K->1082685K(1864192K), 0.0351888 secs] [Times: user=0.14 sys=0.00, real=0.03 secs] 
4138.724: [GC (Allocation Failure) [PSYoungGen: 408021K->185142K(465920K)] 1315645K->1147238K(1864192K), 0.0439533 secs] [Times: user=0.20 sys=0.00, real=0.05 secs] 
4138.874: [GC (Allocation Failure) [PSYoungGen: 418102K->187477K(465920K)] 1380198K->1205493K(1864192K), 0.0464166 secs] [Times: user=0.21 sys=0.00, real=0.05 secs] 
4139.990: [GC (Allocation Failure) [PSYoungGen: 420437K->98187K(465920K)] 1438453K->1187051K(1864192K), 0.0611506 secs] [Times: user=0.32 sys=0.00, real=0.06 secs] 
4141.455: [GC (Allocation Failure) [PSYoungGen: 331147K->170964K(465920K)] 1420011K->1291009K(1864192K), 0.0620062 secs] [Times: user=0.30 sys=0.00, real=0.06 secs] 
4141.658: [GC (Allocation Failure) [PSYoungGen: 403924K->181877K(465920K)] 1523969K->1355366K(1864192K), 0.0425173 secs] [Times: user=0.19 sys=0.01, real=0.05 secs] 
4141.810: [GC (Allocation Failure) [PSYoungGen: 414837K->184887K(465920K)] 1588326K->1421840K(1864192K), 0.0496899 secs] [Times: user=0.23 sys=0.00, real=0.05 secs] 
4142.643: [GC (Allocation Failure) [PSYoungGen: 414758K->211059K(465920K)] 1651711K->1506556K(1864192K), 0.0564978 secs] [Times: user=0.28 sys=0.00, real=0.06 secs] 
4143.231: [GC (Allocation Failure) [PSYoungGen: 443929K->104700K(465920K)] 1739426K->1466509K(1864192K), 0.0450273 secs] [Times: user=0.23 sys=0.00, real=0.04 secs] 
4143.277: [Full GC (Ergonomics) [PSYoungGen: 104700K->0K(465920K)] [ParOldGen: 1361809K->122303K(1398272K)] 1466509K->122303K(1864192K), [Metaspace: 60376K->60376K(1105920K)], 0.1183540 secs] [Times: user=0.48 sys=0.00, real=0.12 secs] 
4143.527: [GC (Allocation Failure) [PSYoungGen: 229710K->177621K(465920K)] 352013K->299924K(1864192K), 0.0247177 secs] [Times: user=0.08 sys=0.00, real=0.03 secs] 
4143.659: [GC (Allocation Failure) [PSYoungGen: 410581K->185174K(465920K)] 532884K->362733K(1864192K), 0.0414931 secs] [Times: user=0.18 sys=0.00, real=0.04 secs] 
4143.826: [GC (Allocation Failure) [PSYoungGen: 418134K->187125K(465920K)] 595693K->420796K(1864192K), 0.0449898 secs] [Times: user=0.20 sys=0.00, real=0.05 secs] 
4145.008: [GC (Allocation Failure) [PSYoungGen: 420085K->95259K(465920K)] 653756K->399498K(1864192K), 0.0431903 secs] [Times: user=0.22 sys=0.00, real=0.05 secs] 
4145.467: [GC (Allocation Failure) [PSYoungGen: 328219K->172852K(465920K)] 632458K->508157K(1864192K), 0.0484197 secs] [Times: user=0.22 sys=0.00, real=0.05 secs] 
4145.669: [GC (Allocation Failure) [PSYoungGen: 405812K->184790K(465920K)] 741117K->574258K(1864192K), 0.0481152 secs] [Times: user=0.22 sys=0.00, real=0.04 secs] 
4145.836: [GC (Allocation Failure) [PSYoungGen: 417750K->186103K(465920K)] 807218K->639931K(1864192K), 0.0500149 secs] [Times: user=0.24 sys=0.00, real=0.05 secs] 
4146.726: [GC (Allocation Failure) [PSYoungGen: 419063K->171219K(465920K)] 872891K->684135K(1864192K), 0.0539837 secs] [Times: user=0.26 sys=0.00, real=0.06 secs] 
4148.451: [GC (Allocation Failure) [PSYoungGen: 404179K->101052K(465920K)] 917095K->679528K(1864192K), 0.1141409 secs] [Times: user=0.63 sys=0.00, real=0.11 secs] 
4148.786: [GC (GCLocker Initiated GC) [PSYoungGen: 334012K->180982K(465920K)] 912490K->792189K(1864192K), 0.0362770 secs] [Times: user=0.15 sys=0.00, real=0.04 secs] 
4148.930: [GC (Allocation Failure) [PSYoungGen: 413942K->185462K(465920K)] 1025149K->852757K(1864192K), 0.0435660 secs] [Times: user=0.20 sys=0.00, real=0.04 secs] 
4149.097: [GC (Allocation Failure) [PSYoungGen: 418422K->201333K(465920K)] 1085717K->924892K(1864192K), 0.0546741 secs] [Times: user=0.26 sys=0.00, real=0.06 secs] 
4150.383: [GC (Allocation Failure) [PSYoungGen: 434293K->100396K(465920K)] 1157852K->893683K(1864192K), 0.0788473 secs] [Times: user=0.42 sys=0.00, real=0.08 secs] 
4151.337: [GC (Allocation Failure) [PSYoungGen: 333356K->172597K(465920K)] 1126643K->998900K(1864192K), 0.0671187 secs] [Times: user=0.32 sys=0.00, real=0.07 secs] 
4151.540: [GC (Allocation Failure) [PSYoungGen: 405557K->181973K(465920K)] 1231860K->1061677K(1864192K), 0.0422769 secs] [Times: user=0.19 sys=0.00, real=0.04 secs] 
4151.759: [GC (Allocation Failure) [PSYoungGen: 414933K->185559K(465920K)] 1294637K->1128727K(1864192K), 0.0543811 secs] [Times: user=0.26 sys=0.00, real=0.05 secs] 
4153.098: [GC (Allocation Failure) [PSYoungGen: 418519K->192307K(465920K)] 1361687K->1194283K(1864192K), 0.0541783 secs] [Times: user=0.26 sys=0.00, real=0.06 secs] 
4153.783: [GC (Allocation Failure) [PSYoungGen: 425267K->99499K(465920K)] 1427243K->1166963K(1864192K), 0.0857647 secs] [Times: user=0.45 sys=0.00, real=0.09 secs] 
4154.196: [GC (Allocation Failure) [PSYoungGen: 332459K->183446K(465920K)] 1399923K->1282871K(1864192K), 0.0454179 secs] [Times: user=0.20 sys=0.00, real=0.05 secs] 
4154.351: [GC (Allocation Failure) [PSYoungGen: 416406K->185462K(465920K)] 1515831K->1341779K(1864192K), 0.0457015 secs] [Times: user=0.21 sys=0.00, real=0.04 secs] 
4154.498: [GC (Allocation Failure) [PSYoungGen: 418422K->187317K(465920K)] 1574739K->1399714K(1864192K), 0.0474189 secs] [Times: user=0.22 sys=0.00, real=0.04 secs] 
4155.686: [GC (Allocation Failure) [PSYoungGen: 420277K->94891K(465920K)] 1632674K->1378008K(1864192K), 0.0665282 secs] [Times: user=0.35 sys=0.01, real=0.07 secs] 
4157.014: [GC (GCLocker Initiated GC) [PSYoungGen: 327851K->168116K(465920K)] 1610971K->1481473K(1864192K), 0.0613737 secs] [Times: user=0.29 sys=0.00, real=0.06 secs] 
4157.076: [Full GC (Ergonomics) [PSYoungGen: 168116K->0K(465920K)] [ParOldGen: 1313356K->191715K(1398272K)] 1481473K->191715K(1864192K), [Metaspace: 60376K->60376K(1105920K)], 0.2157234 secs] [Times: user=1.02 sys=0.00, real=0.22 secs] 
4157.398: [GC (Allocation Failure) [PSYoungGen: 232960K->181653K(465920K)] 424676K->373370K(1864192K), 0.0320868 secs] [Times: user=0.13 sys=0.00, real=0.03 secs] 
4157.566: [GC (Allocation Failure) [PSYoungGen: 414613K->186039K(465920K)] 606330K->441480K(1864192K), 0.0439713 secs] [Times: user=0.20 sys=0.00, real=0.05 secs] 
4158.369: [GC (Allocation Failure) [PSYoungGen: 418999K->215540K(465920K)] 674440K->529893K(1864192K), 0.0565196 secs] [Times: user=0.28 sys=0.00, real=0.05 secs] 
4159.597: [GC (Allocation Failure) [PSYoungGen: 448500K->99499K(465920K)] 762853K->481620K(1864192K), 0.1030217 secs] [Times: user=0.55 sys=0.00, real=0.11 secs] 
4159.949: [GC (Allocation Failure) [PSYoungGen: 332459K->180565K(465920K)] 714580K->594951K(1864192K), 0.0346131 secs] [Times: user=0.15 sys=0.00, real=0.03 secs] 
4160.092: [GC (Allocation Failure) [PSYoungGen: 413525K->184534K(465920K)] 827911K->654999K(1864192K), 0.0434200 secs] [Times: user=0.19 sys=0.00, real=0.04 secs] 
4160.239: [GC (Allocation Failure) [PSYoungGen: 417494K->187285K(465920K)] 887959K->713502K(1864192K), 0.0451754 secs] [Times: user=0.21 sys=0.00, real=0.04 secs] 
4161.373: [GC (Allocation Failure) [PSYoungGen: 420245K->99164K(465920K)] 946462K->695989K(1864192K), 0.0608711 secs] [Times: user=0.32 sys=0.00, real=0.06 secs] 
4161.793: [GC (Allocation Failure) [PSYoungGen: 332124K->173141K(465920K)] 928949K->802135K(1864192K), 0.0388183 secs] [Times: user=0.17 sys=0.00, real=0.04 secs] 
4161.939: [GC (Allocation Failure) [PSYoungGen: 406101K->185334K(465920K)] 1035095K->868332K(1864192K), 0.0430104 secs] [Times: user=0.20 sys=0.00, real=0.04 secs] 
4162.091: [GC (Allocation Failure) [PSYoungGen: 418294K->182422K(465920K)] 1101292K->929836K(1864192K), 0.0497116 secs] [Times: user=0.23 sys=0.00, real=0.05 secs] 
4162.888: [GC (Allocation Failure) [PSYoungGen: 415382K->216804K(465920K)] 1162796K->1022234K(1864192K), 0.0530868 secs] [Times: user=0.26 sys=0.00, real=0.06 secs] 
4164.061: [GC (Allocation Failure) [PSYoungGen: 449764K->102764K(465920K)] 1255194K->974202K(1864192K), 0.1141996 secs] [Times: user=0.62 sys=0.00, real=0.11 secs] 
4164.833: [GC (Allocation Failure) [PSYoungGen: 335724K->179861K(465920K)] 1207162K->1084429K(1864192K), 0.0469803 secs] [Times: user=0.21 sys=0.00, real=0.05 secs] 
4165.061: [GC (Allocation Failure) [PSYoungGen: 412746K->185142K(465920K)] 1317313K->1145749K(1864192K), 0.0641941 secs] [Times: user=0.31 sys=0.00, real=0.06 secs] 
4165.242: [GC (Allocation Failure) [PSYoungGen: 418102K->187253K(465920K)] 1378709K->1203780K(1864192K), 0.0461331 secs] [Times: user=0.22 sys=0.00, real=0.05 secs] 
4166.352: [GC (Allocation Failure) [PSYoungGen: 420213K->100252K(465920K)] 1436740K->1187395K(1864192K), 0.0484716 secs] [Times: user=0.25 sys=0.00, real=0.05 secs] 
4167.404: [GC (Allocation Failure) [PSYoungGen: 333212K->168308K(465920K)] 1420355K->1287655K(1864192K), 0.0725053 secs] [Times: user=0.35 sys=0.00, real=0.07 secs] 
4167.628: [GC (Allocation Failure) [PSYoungGen: 401268K->184790K(465920K)] 1520615K->1357081K(1864192K), 0.0436100 secs] [Times: user=0.20 sys=0.00, real=0.05 secs] 
4167.809: [GC (Allocation Failure) [PSYoungGen: 417750K->186007K(465920K)] 1590041K->1422402K(1864192K), 0.0692401 secs] [Times: user=0.34 sys=0.00, real=0.07 secs] 
4168.754: [GC (Allocation Failure) [PSYoungGen: 418967K->170003K(465920K)] 1655362K->1465582K(1864192K), 0.0586002 secs] [Times: user=0.30 sys=0.00, real=0.06 secs] 
4169.171: [GC (Allocation Failure) [PSYoungGen: 402963K->110573K(465920K)] 1698542K->1471136K(1864192K), 0.0789536 secs] [Times: user=0.41 sys=0.00, real=0.08 secs] 
4169.250: [Full GC (Ergonomics) [PSYoungGen: 110573K->0K(465920K)] [ParOldGen: 1360563K->128216K(1398272K)] 1471136K->128216K(1864192K), [Metaspace: 60377K->60377K(1105920K)], 0.1480684 secs] [Times: user=0.68 sys=0.00, real=0.15 secs] 
4169.546: [GC (Allocation Failure) [PSYoungGen: 232960K->179637K(465920K)] 361176K->307853K(1864192K), 0.0265444 secs] [Times: user=0.10 sys=0.00, real=0.03 secs] 
4169.680: [GC (Allocation Failure) [PSYoungGen: 412597K->184951K(465920K)] 540813K->375891K(1864192K), 0.0473117 secs] [Times: user=0.21 sys=0.00, real=0.04 secs] 
4169.828: [GC (Allocation Failure) [PSYoungGen: 417911K->181588K(465920K)] 608851K->431265K(1864192K), 0.0553463 secs] [Times: user=0.27 sys=0.00, real=0.06 secs] 
4170.957: [GC (Allocation Failure) [PSYoungGen: 414548K->98731K(465920K)] 664225K->416852K(1864192K), 0.0654338 secs] [Times: user=0.35 sys=0.00, real=0.07 secs] 
4171.586: [GC (Allocation Failure) [PSYoungGen: 331691K->175093K(465920K)] 649812K->524826K(1864192K), 0.0618003 secs] [Times: user=0.29 sys=0.00, real=0.06 secs] 
4171.831: [GC (Allocation Failure) [PSYoungGen: 408053K->182357K(465920K)] 757786K->586815K(1864192K), 0.0593986 secs] [Times: user=0.28 sys=0.00, real=0.06 secs] 
4172.035: [GC (Allocation Failure) [PSYoungGen: 411906K->180982K(465920K)] 816363K->649216K(1864192K), 0.0591320 secs] [Times: user=0.29 sys=0.00, real=0.06 secs] 
4172.932: [GC (Allocation Failure) [PSYoungGen: 413942K->168979K(465920K)] 882176K->694724K(1864192K), 0.0566137 secs] [Times: user=0.28 sys=0.01, real=0.06 secs] 
4174.201: [GC (Allocation Failure) [PSYoungGen: 401939K->104284K(465920K)] 927684K->694705K(1864192K), 0.0792590 secs] [Times: user=0.42 sys=0.00, real=0.08 secs] 
4174.683: [GC (Allocation Failure) [PSYoungGen: 333248K->178325K(465920K)] 923669K->802448K(1864192K), 0.0427055 secs] [Times: user=0.19 sys=0.01, real=0.04 secs] 
4174.852: [GC (Allocation Failure) [PSYoungGen: 411285K->182741K(465920K)] 1035408K->862232K(1864192K), 0.0536472 secs] [Times: user=0.26 sys=0.00, real=0.05 secs] 
4175.040: [GC (Allocation Failure) [PSYoungGen: 415701K->187317K(465920K)] 1095192K->922551K(1864192K), 0.0454272 secs] [Times: user=0.21 sys=0.00, real=0.04 secs] 
4176.153: [GC (Allocation Failure) [PSYoungGen: 420277K->104316K(465920K)] 1155511K->910071K(1864192K), 0.0547080 secs] [Times: user=0.29 sys=0.00, real=0.05 secs] 
4176.700: [GC (Allocation Failure) [PSYoungGen: 337276K->167860K(465920K)] 1143031K->1007567K(1864192K), 0.0681448 secs] [Times: user=0.33 sys=0.00, real=0.07 secs] 
4176.917: [GC (Allocation Failure) [PSYoungGen: 400820K->184950K(465920K)] 1240527K->1077657K(1864192K), 0.0453195 secs] [Times: user=0.21 sys=0.00, real=0.05 secs] 
4177.073: [GC (Allocation Failure) [PSYoungGen: 417910K->184823K(465920K)] 1310617K->1141666K(1864192K), 0.0525892 secs] [Times: user=0.25 sys=0.00, real=0.05 secs] 
4178.040: [GC (Allocation Failure) [PSYoungGen: 417783K->170867K(465920K)] 1374626K->1186510K(1864192K), 0.0592725 secs] [Times: user=0.30 sys=0.00, real=0.06 secs] 
4178.494: [GC (GCLocker Initiated GC) [PSYoungGen: 403827K->109741K(465920K)] 1419471K->1190692K(1864192K), 0.0684163 secs] [Times: user=0.36 sys=0.00, real=0.07 secs] 
4178.801: [GC (Allocation Failure) [PSYoungGen: 342701K->179637K(465920K)] 1423819K->1295692K(1864192K), 0.0399057 secs] [Times: user=0.17 sys=0.00, real=0.04 secs] 
4178.948: [GC (Allocation Failure) [PSYoungGen: 412597K->182134K(465920K)] 1528652K->1360942K(1864192K), 0.0506514 secs] [Times: user=0.24 sys=0.00, real=0.06 secs] 
4179.104: [GC (Allocation Failure) [PSYoungGen: 415094K->187157K(465920K)] 1593902K->1423988K(1864192K), 0.0591136 secs] [Times: user=0.30 sys=0.00, real=0.06 secs] 
4180.326: [GC (Allocation Failure) [PSYoungGen: 420117K->94091K(465920K)] 1656948K->1401622K(1864192K), 0.0607440 secs] [Times: user=0.32 sys=0.00, real=0.06 secs] 
4181.071: [GC (Allocation Failure) [PSYoungGen: 327051K->174613K(465920K)] 1634582K->1512361K(1864192K), 0.0521362 secs] [Times: user=0.25 sys=0.00, real=0.05 secs] 
4181.123: [Full GC (Ergonomics) [PSYoungGen: 174613K->0K(465920K)] [ParOldGen: 1337748K->200185K(1398272K)] 1512361K->200185K(1864192K), [Metaspace: 60377K->60377K(1105920K)], 0.1966107 secs] [Times: user=0.85 sys=0.00, real=0.20 secs] 
4181.430: [GC (Allocation Failure) [PSYoungGen: 232960K->185206K(465920K)] 433145K->385391K(1864192K), 0.0326842 secs] [Times: user=0.13 sys=0.00, real=0.03 secs] 
4181.566: [GC (Allocation Failure) [PSYoungGen: 414486K->180246K(465920K)] 614671K->444855K(1864192K), 0.0433669 secs] [Times: user=0.20 sys=0.00, real=0.05 secs] 
4182.456: [GC (Allocation Failure) [PSYoungGen: 413206K->168947K(465920K)] 677815K->490724K(1864192K), 0.0532422 secs] [Times: user=0.26 sys=0.00, real=0.06 secs] 
4183.223: [GC (Allocation Failure) [PSYoungGen: 401907K->106652K(465920K)] 723684K->492994K(1864192K), 0.0748217 secs] [Times: user=0.40 sys=0.00, real=0.07 secs] 
4183.876: [GC (Allocation Failure) [PSYoungGen: 332253K->176501K(465920K)] 718594K->597023K(1864192K), 0.0711278 secs] [Times: user=0.32 sys=0.00, real=0.07 secs] 
4184.151: [GC (Allocation Failure) [PSYoungGen: 409461K->184854K(465920K)] 829983K->659887K(1864192K), 0.0477859 secs] [Times: user=0.22 sys=0.00, real=0.05 secs] 
4184.412: [GC (Allocation Failure) [PSYoungGen: 417814K->186677K(465920K)] 892847K->717534K(1864192K), 0.0481708 secs] [Times: user=0.22 sys=0.01, real=0.05 secs] 
4185.495: [GC (Allocation Failure) [PSYoungGen: 419637K->95851K(465920K)] 950494K->697053K(1864192K), 0.0436131 secs] [Times: user=0.22 sys=0.00, real=0.05 secs] 
4186.189: [GC (Allocation Failure) [PSYoungGen: 328811K->171604K(465920K)] 930013K->803323K(1864192K), 0.0692319 secs] [Times: user=0.33 sys=0.00, real=0.06 secs] 
4186.408: [GC (Allocation Failure) [PSYoungGen: 404564K->185558K(465920K)] 1036283K->871416K(1864192K), 0.0431474 secs] [Times: user=0.20 sys=0.00, real=0.05 secs] 
4186.583: [GC (Allocation Failure) [PSYoungGen: 418518K->185943K(465920K)] 1104376K->936329K(1864192K), 0.0562325 secs] [Times: user=0.27 sys=0.00, real=0.06 secs] 
4187.452: [GC (Allocation Failure) [PSYoungGen: 418351K->209107K(465920K)] 1168737K->1018530K(1864192K), 0.0581237 secs] [Times: user=0.29 sys=0.00, real=0.06 secs] 
4188.808: [GC (Allocation Failure) [PSYoungGen: 442067K->98907K(465920K)] 1251490K->973858K(1864192K), 0.0855087 secs] [Times: user=0.46 sys=0.00, real=0.09 secs] 
4189.206: [GC (Allocation Failure) [PSYoungGen: 331867K->181494K(465920K)] 1206818K->1087933K(1864192K), 0.0413364 secs] [Times: user=0.18 sys=0.00, real=0.04 secs] 
4189.392: [GC (Allocation Failure) [PSYoungGen: 414454K->185430K(465920K)] 1320893K->1148653K(1864192K), 0.0676410 secs] [Times: user=0.33 sys=0.00, real=0.07 secs] 
4189.622: [GC (Allocation Failure) [PSYoungGen: 418390K->186837K(465920K)] 1381613K->1206204K(1864192K), 0.0661886 secs] [Times: user=0.32 sys=0.00, real=0.06 secs] 
4190.788: [GC (Allocation Failure) [PSYoungGen: 419797K->100012K(465920K)] 1439164K->1189659K(1864192K), 0.0690195 secs] [Times: user=0.37 sys=0.00, real=0.07 secs] 
4191.768: [GC (Allocation Failure) [PSYoungGen: 332972K->172405K(465920K)] 1422619K->1295116K(1864192K), 0.0769461 secs] [Times: user=0.38 sys=0.01, real=0.08 secs] 
4192.049: [GC (Allocation Failure) [PSYoungGen: 405365K->181749K(465920K)] 1528076K->1357989K(1864192K), 0.0580835 secs] [Times: user=0.27 sys=0.00, real=0.05 secs] 
4192.479: [GC (Allocation Failure) [PSYoungGen: 414709K->185207K(465920K)] 1590949K->1424591K(1864192K), 0.0823984 secs] [Times: user=0.41 sys=0.00, real=0.08 secs] 
4193.840: [GC (Allocation Failure) [PSYoungGen: 414235K->209427K(465920K)] 1653619K->1507539K(1864192K), 0.0581237 secs] [Times: user=0.30 sys=0.00, real=0.05 secs] 
4194.647: [GC (GCLocker Initiated GC) [PSYoungGen: 442387K->95035K(465920K)] 1740499K->1458979K(1864192K), 0.1004248 secs] [Times: user=0.55 sys=0.00, real=0.10 secs] 
4194.748: [Full GC (Ergonomics) [PSYoungGen: 95035K->0K(465920K)] [ParOldGen: 1363943K->112766K(1398272K)] 1458979K->112766K(1864192K), [Metaspace: 60377K->60377K(1105920K)], 0.1665987 secs] [Times: user=0.71 sys=0.00, real=0.17 secs] 
4195.391: [GC (Allocation Failure) [PSYoungGen: 232960K->180790K(465920K)] 346021K->293851K(1864192K), 0.0253903 secs] [Times: user=0.09 sys=0.00, real=0.02 secs] 
4195.561: [GC (Allocation Failure) [PSYoungGen: 413750K->185238K(465920K)] 526811K->354667K(1864192K), 0.0603515 secs] [Times: user=0.28 sys=0.00, real=0.06 secs] 
4195.807: [GC (Allocation Failure) [PSYoungGen: 418198K->187413K(465920K)] 587627K->412963K(1864192K), 0.0620717 secs] [Times: user=0.30 sys=0.00, real=0.07 secs] 
4196.910: [GC (Allocation Failure) [PSYoungGen: 420373K->99788K(465920K)] 645923K->396169K(1864192K), 0.0614077 secs] [Times: user=0.32 sys=0.00, real=0.06 secs] 
4198.452: [GC (Allocation Failure) [PSYoungGen: 332748K->165588K(465920K)] 629129K->493774K(1864192K), 0.0776505 secs] [Times: user=0.39 sys=0.00, real=0.08 secs] 
4198.732: [GC (Allocation Failure) [PSYoungGen: 398548K->182421K(465920K)] 726734K->562412K(1864192K), 0.0520513 secs] [Times: user=0.25 sys=0.00, real=0.05 secs] 
4198.950: [GC (Allocation Failure) [PSYoungGen: 415381K->185655K(465920K)] 795372K->629269K(1864192K), 0.0749653 secs] [Times: user=0.37 sys=0.00, real=0.07 secs] 
4199.206: [GC (Allocation Failure) [PSYoungGen: 418615K->217108K(465920K)] 862229K->719483K(1864192K), 0.0723204 secs] [Times: user=0.36 sys=0.00, real=0.07 secs] 
4200.365: [GC (Allocation Failure) [PSYoungGen: 450068K->98123K(465920K)] 952443K->669946K(1864192K), 0.0724426 secs] [Times: user=0.39 sys=0.00, real=0.07 secs] 
4200.660: [GC (Allocation Failure) [PSYoungGen: 331083K->179253K(465920K)] 902906K->782836K(1864192K), 0.0370750 secs] [Times: user=0.16 sys=0.00, real=0.03 secs] 
4200.805: [GC (Allocation Failure) [PSYoungGen: 412213K->184822K(465920K)] 1015796K->844461K(1864192K), 0.0434812 secs] [Times: user=0.19 sys=0.00, real=0.05 secs] 
4200.997: [GC (Allocation Failure) [PSYoungGen: 417782K->183220K(465920K)] 1077421K->899019K(1864192K), 0.0539942 secs] [Times: user=0.26 sys=0.00, real=0.06 secs] 
4202.059: [GC (Allocation Failure) [PSYoungGen: 416180K->100364K(465920K)] 1131979K->885595K(1864192K), 0.0445654 secs] [Times: user=0.23 sys=0.00, real=0.04 secs] 
4202.754: [GC (Allocation Failure) [PSYoungGen: 333324K->171476K(465920K)] 1118555K->988544K(1864192K), 0.0709284 secs] [Times: user=0.35 sys=0.00, real=0.07 secs] 
4203.026: [GC (Allocation Failure) [PSYoungGen: 404436K->182197K(465920K)] 1221504K->1053249K(1864192K), 0.0548108 secs] [Times: user=0.26 sys=0.00, real=0.06 secs] 
4203.238: [GC (Allocation Failure) [PSYoungGen: 415157K->185623K(465920K)] 1286209K->1119947K(1864192K), 0.0735612 secs] [Times: user=0.36 sys=0.01, real=0.08 secs] 
4203.567: [GC (Allocation Failure) [PSYoungGen: 418583K->216532K(465920K)] 1352907K->1209832K(1864192K), 0.0546735 secs] [Times: user=0.27 sys=0.00, real=0.06 secs] 
4205.044: [GC (Allocation Failure) [PSYoungGen: 449492K->92618K(465920K)] 1442792K->1154595K(1864192K), 0.1078768 secs] [Times: user=0.59 sys=0.01, real=0.11 secs] 
4205.590: [GC (Allocation Failure) [PSYoungGen: 325578K->183350K(465920K)] 1387555K->1275263K(1864192K), 0.0448184 secs] [Times: user=0.20 sys=0.00, real=0.04 secs] 
4205.783: [GC (Allocation Failure) [PSYoungGen: 416310K->185270K(465920K)] 1508223K->1334403K(1864192K), 0.0615117 secs] [Times: user=0.29 sys=0.00, real=0.06 secs] 
4205.974: [GC (Allocation Failure) [PSYoungGen: 418194K->186741K(465920K)] 1567327K->1391978K(1864192K), 0.0467292 secs] [Times: user=0.22 sys=0.00, real=0.05 secs] 
4207.077: [GC (Allocation Failure) [PSYoungGen: 419701K->100780K(465920K)] 1624938K->1376433K(1864192K), 0.0636763 secs] [Times: user=0.34 sys=0.00, real=0.07 secs] 
4207.855: [GC (GCLocker Initiated GC) [PSYoungGen: 333740K->169108K(465920K)] 1609395K->1477484K(1864192K), 0.0886331 secs] [Times: user=0.44 sys=0.00, real=0.09 secs] 
4208.137: [GC (Allocation Failure) [PSYoungGen: 402068K->183925K(465920K)] 1710611K->1545076K(1864192K), 0.0588636 secs] [Times: user=0.28 sys=0.00, real=0.06 secs] 
4208.196: [Full GC (Ergonomics) [PSYoungGen: 183925K->0K(465920K)] [ParOldGen: 1361150K->258876K(1398272K)] 1545076K->258876K(1864192K), [Metaspace: 60377K->60377K(1105920K)], 0.3208728 secs] [Times: user=1.47 sys=0.00, real=0.32 secs] 
4208.624: [GC (Allocation Failure) [PSYoungGen: 232960K->185591K(465920K)] 491836K->444467K(1864192K), 0.0867676 secs] [Times: user=0.45 sys=0.00, real=0.09 secs] 
4209.512: [GC (Allocation Failure) [PSYoungGen: 418551K->219284K(465920K)] 677427K->537048K(1864192K), 0.0577998 secs] [Times: user=0.29 sys=0.00, real=0.06 secs] 
4210.118: [GC (Allocation Failure) [PSYoungGen: 452244K->97867K(465920K)] 770008K->483391K(1864192K), 0.0768081 secs] [Times: user=0.41 sys=0.00, real=0.08 secs] 
4210.540: [GC (Allocation Failure) [PSYoungGen: 330827K->179637K(465920K)] 716351K->595914K(1864192K), 0.0452128 secs] [Times: user=0.20 sys=0.01, real=0.04 secs] 
4210.725: [GC (Allocation Failure) [PSYoungGen: 412597K->185142K(465920K)] 828874K->657767K(1864192K), 0.0510690 secs] [Times: user=0.24 sys=0.00, real=0.05 secs] 
4211.044: [GC (Allocation Failure) [PSYoungGen: 418102K->186837K(465920K)] 890727K->715478K(1864192K), 0.0754885 secs] [Times: user=0.38 sys=0.00, real=0.08 secs] 
4212.307: [GC (Allocation Failure) [PSYoungGen: 419797K->97595K(465920K)] 948438K->696757K(1864192K), 0.0812099 secs] [Times: user=0.44 sys=0.00, real=0.08 secs] 
4213.974: [GC (Allocation Failure) [PSYoungGen: 330555K->171124K(465920K)] 929717K->801786K(1864192K), 0.0720829 secs] [Times: user=0.35 sys=0.00, real=0.07 secs] 
4214.251: [GC (Allocation Failure) [PSYoungGen: 404084K->185142K(465920K)] 1034746K->869448K(1864192K), 0.0572382 secs] [Times: user=0.27 sys=0.00, real=0.06 secs] 
4214.440: [GC (Allocation Failure) [PSYoungGen: 418102K->185527K(465920K)] 1102408K->934129K(1864192K), 0.0677003 secs] [Times: user=0.33 sys=0.00, real=0.06 secs] 
4214.977: [GC (Allocation Failure) [PSYoungGen: 414914K->212180K(465920K)] 1163516K->1019430K(1864192K), 0.0545259 secs] [Times: user=0.27 sys=0.00, real=0.06 secs] 
4216.390: [GC (Allocation Failure) [PSYoungGen: 445140K->94027K(465920K)] 1252390K->968577K(1864192K), 0.0901308 secs] [Times: user=0.49 sys=0.00, real=0.09 secs] 
4216.938: [GC (GCLocker Initiated GC) [PSYoungGen: 326987K->183126K(465920K)] 1201538K->1087926K(1864192K), 0.0553002 secs] [Times: user=0.25 sys=0.00, real=0.06 secs] 
4217.221: [GC (Allocation Failure) [PSYoungGen: 416086K->184918K(465920K)] 1321016K->1146640K(1864192K), 0.0444338 secs] [Times: user=0.20 sys=0.00, real=0.04 secs] 
4217.427: [GC (Allocation Failure) [PSYoungGen: 417878K->186549K(465920K)] 1379600K->1204023K(1864192K), 0.0489908 secs] [Times: user=0.23 sys=0.00, real=0.05 secs] 
4218.473: [GC (Allocation Failure) [PSYoungGen: 419509K->98636K(465920K)] 1436983K->1186206K(1864192K), 0.0452776 secs] [Times: user=0.23 sys=0.01, real=0.05 secs] 
4219.271: [GC (Allocation Failure) [PSYoungGen: 331596K->167668K(465920K)] 1419166K->1286747K(1864192K), 0.0753006 secs] [Times: user=0.37 sys=0.00, real=0.07 secs] 
4219.512: [GC (Allocation Failure) [PSYoungGen: 400628K->185462K(465920K)] 1519707K->1357209K(1864192K), 0.0442745 secs] [Times: user=0.20 sys=0.00, real=0.04 secs] 
4219.664: [GC (Allocation Failure) [PSYoungGen: 418422K->186295K(465920K)] 1590169K->1422434K(1864192K), 0.0518921 secs] [Times: user=0.25 sys=0.00, real=0.05 secs] 
4220.119: [GC (Allocation Failure) [PSYoungGen: 416043K->212628K(465920K)] 1652183K->1507983K(1864192K), 0.0533103 secs] [Times: user=0.26 sys=0.00, real=0.05 secs] 
4221.702: [GC (Allocation Failure) [PSYoungGen: 445588K->92234K(465920K)] 1740943K->1454998K(1864192K), 0.1023029 secs] [Times: user=0.56 sys=0.00, real=0.10 secs] 
4221.804: [Full GC (Ergonomics) [PSYoungGen: 92234K->0K(465920K)] [ParOldGen: 1362763K->109775K(1398272K)] 1454998K->109775K(1864192K), [Metaspace: 60377K->60377K(1105920K)], 0.1728367 secs] [Times: user=0.76 sys=0.00, real=0.17 secs] 
4222.117: [GC (Allocation Failure) [PSYoungGen: 232960K->183670K(465920K)] 342735K->293445K(1864192K), 0.0252448 secs] [Times: user=0.09 sys=0.00, real=0.03 secs] 
4222.272: [GC (Allocation Failure) [PSYoungGen: 416630K->185494K(465920K)] 526405K->352425K(1864192K), 0.0461741 secs] [Times: user=0.21 sys=0.00, real=0.04 secs] 
4222.431: [GC (Allocation Failure) [PSYoungGen: 418454K->187125K(465920K)] 585385K->410312K(1864192K), 0.0447646 secs] [Times: user=0.20 sys=0.00, real=0.04 secs] 
4223.547: [GC (Allocation Failure) [PSYoungGen: 420085K->98379K(465920K)] 643272K->392103K(1864192K), 0.0690855 secs] [Times: user=0.37 sys=0.00, real=0.07 secs] 
4224.808: [GC (Allocation Failure) [PSYoungGen: 331339K->170932K(465920K)] 625063K->496624K(1864192K), 0.0763147 secs] [Times: user=0.38 sys=0.00, real=0.08 secs] 
4225.031: [GC (Allocation Failure) [PSYoungGen: 403892K->185206K(465920K)] 729584K->564090K(1864192K), 0.0426392 secs] [Times: user=0.19 sys=0.01, real=0.04 secs] 
4225.216: [GC (Allocation Failure) [PSYoungGen: 418166K->185943K(465920K)] 797050K->629227K(1864192K), 0.0552876 secs] [Times: user=0.26 sys=0.00, real=0.06 secs] 
4226.017: [GC (Allocation Failure) [PSYoungGen: 418903K->213043K(465920K)] 862187K->715480K(1864192K), 0.0535746 secs] [Times: user=0.25 sys=0.01, real=0.06 secs] 
4226.683: [GC (GCLocker Initiated GC) [PSYoungGen: 446003K->98907K(465920K)] 948440K->668192K(1864192K), 0.0673113 secs] [Times: user=0.36 sys=0.00, real=0.07 secs] 
4227.301: [GC (Allocation Failure) [PSYoungGen: 331867K->179317K(465920K)] 901446K->780097K(1864192K), 0.0474019 secs] [Times: user=0.21 sys=0.00, real=0.04 secs] 
4227.504: [GC (Allocation Failure) [PSYoungGen: 412277K->185430K(465920K)] 1013057K->842250K(1864192K), 0.0508196 secs] [Times: user=0.24 sys=0.00, real=0.05 secs] 
4227.668: [GC (Allocation Failure) [PSYoungGen: 418390K->187797K(465920K)] 1075210K->900777K(1864192K), 0.0460835 secs] [Times: user=0.22 sys=0.00, real=0.05 secs] 
4228.729: [GC (Allocation Failure) [PSYoungGen: 420757K->99644K(465920K)] 1133737K->883448K(1864192K), 0.0546989 secs] [Times: user=0.29 sys=0.00, real=0.05 secs] 
4229.956: [GC (Allocation Failure) [PSYoungGen: 332604K->173684K(465920K)] 1116408K->989271K(1864192K), 0.0708535 secs] [Times: user=0.34 sys=0.00, real=0.07 secs] 
4230.183: [GC (Allocation Failure) [PSYoungGen: 406516K->184982K(465920K)] 1222104K->1054053K(1864192K), 0.0425340 secs] [Times: user=0.19 sys=0.00, real=0.04 secs] 
4230.334: [GC (Allocation Failure) [PSYoungGen: 417942K->183158K(465920K)] 1287013K->1116398K(1864192K), 0.0495403 secs] [Times: user=0.23 sys=0.00, real=0.05 secs] 
4231.010: [GC (Allocation Failure) [PSYoungGen: 416118K->214260K(465920K)] 1349358K->1205547K(1864192K), 0.0522852 secs] [Times: user=0.25 sys=0.00, real=0.05 secs] 
4232.214: [GC (GCLocker Initiated GC) [PSYoungGen: 447220K->98315K(465920K)] 1438508K->1156995K(1864192K), 0.0971683 secs] [Times: user=0.52 sys=0.00, real=0.10 secs] 
4232.640: [GC (GCLocker Initiated GC) [PSYoungGen: 331275K->182134K(465920K)] 1389957K->1272592K(1864192K), 0.0459798 secs] [Times: user=0.20 sys=0.00, real=0.04 secs] 
4232.850: [GC (Allocation Failure) [PSYoungGen: 415094K->184822K(465920K)] 1505719K->1331983K(1864192K), 0.0497989 secs] [Times: user=0.24 sys=0.00, real=0.05 secs] 
4233.021: [GC (Allocation Failure) [PSYoungGen: 417782K->184244K(465920K)] 1564943K->1387557K(1864192K), 0.0467775 secs] [Times: user=0.22 sys=0.00, real=0.04 secs] 
4234.399: [GC (Allocation Failure) [PSYoungGen: 417204K->101724K(465920K)] 1620517K->1374409K(1864192K), 0.0477295 secs] [Times: user=0.25 sys=0.00, real=0.04 secs] 
4234.967: [GC (Allocation Failure) [PSYoungGen: 334561K->169940K(465920K)] 1607246K->1475450K(1864192K), 0.0720578 secs] [Times: user=0.34 sys=0.00, real=0.08 secs] 
4235.187: [GC (Allocation Failure) [PSYoungGen: 402855K->182261K(465920K)] 1708365K->1541035K(1864192K), 0.0433666 secs] [Times: user=0.19 sys=0.00, real=0.05 secs] 
4235.230: [Full GC (Ergonomics) [PSYoungGen: 182261K->0K(465920K)] [ParOldGen: 1358774K->257772K(1398272K)] 1541035K->257772K(1864192K), [Metaspace: 60377K->60377K(1105920K)], 0.3253296 secs] [Times: user=1.50 sys=0.00, real=0.32 secs] 
4235.667: [GC (Allocation Failure) [PSYoungGen: 232960K->185943K(465920K)] 490732K->443716K(1864192K), 0.0916066 secs] [Times: user=0.49 sys=0.00, real=0.10 secs] 
4236.140: [GC (Allocation Failure) [PSYoungGen: 415505K->211956K(465920K)] 673278K->528789K(1864192K), 0.0526529 secs] [Times: user=0.26 sys=0.00, real=0.05 secs] 
4237.521: [GC (GCLocker Initiated GC) [PSYoungGen: 444916K->91674K(465920K)] 761749K->475708K(1864192K), 0.1073409 secs] [Times: user=0.59 sys=0.00, real=0.11 secs] 
4238.234: [GC (Allocation Failure) [PSYoungGen: 324634K->183510K(465920K)] 708706K->597374K(1864192K), 0.0382922 secs] [Times: user=0.16 sys=0.00, real=0.04 secs] 
4238.422: [GC (Allocation Failure) [PSYoungGen: 416470K->181461K(465920K)] 830334K->652465K(1864192K), 0.0578428 secs] [Times: user=0.26 sys=0.00, real=0.06 secs] 
4238.610: [GC (Allocation Failure) [PSYoungGen: 414421K->187349K(465920K)] 885425K->713593K(1864192K), 0.0451132 secs] [Times: user=0.21 sys=0.00, real=0.04 secs] 
4239.929: [GC (Allocation Failure) [PSYoungGen: 420309K->102684K(465920K)] 946553K->699648K(1864192K), 0.0634711 secs] [Times: user=0.33 sys=0.00, real=0.06 secs] 
4240.866: [GC (Allocation Failure) [PSYoungGen: 335644K->165908K(465920K)] 932608K->796513K(1864192K), 0.0775062 secs] [Times: user=0.39 sys=0.00, real=0.08 secs] 
4241.140: [GC (Allocation Failure) [PSYoungGen: 398806K->184117K(465920K)] 1029411K->866471K(1864192K), 0.0552336 secs] [Times: user=0.26 sys=0.00, real=0.05 secs] 
4241.307: [GC (Allocation Failure) [PSYoungGen: 417077K->186327K(465920K)] 1099431K->932720K(1864192K), 0.0495286 secs] [Times: user=0.23 sys=0.00, real=0.05 secs] 
4241.724: [GC (Allocation Failure) [PSYoungGen: 418048K->217460K(465920K)] 1164441K->1023126K(1864192K), 0.0550700 secs] [Times: user=0.27 sys=0.00, real=0.06 secs] 
4242.659: [GC (Allocation Failure) [PSYoungGen: 450420K->96955K(465920K)] 1256086K->971668K(1864192K), 0.0704657 secs] [Times: user=0.38 sys=0.00, real=0.07 secs] 
4242.989: [GC (Allocation Failure) [PSYoungGen: 329915K->183254K(465920K)] 1204628K->1089072K(1864192K), 0.0351571 secs] [Times: user=0.15 sys=0.00, real=0.03 secs] 
4243.130: [GC (Allocation Failure) [PSYoungGen: 416214K->193270K(465920K)] 1322032K->1155904K(1864192K), 0.0441621 secs] [Times: user=0.20 sys=0.00, real=0.04 secs] 
4243.278: [GC (Allocation Failure) [PSYoungGen: 426230K->184597K(465920K)] 1388864K->1203375K(1864192K), 0.0454806 secs] [Times: user=0.21 sys=0.00, real=0.05 secs] 
4244.281: [GC (GCLocker Initiated GC) [PSYoungGen: 417557K->101548K(465920K)] 1436335K->1189854K(1864192K), 0.0507514 secs] [Times: user=0.27 sys=0.00, real=0.05 secs] 
4245.347: [GC (Allocation Failure) [PSYoungGen: 334508K->169684K(465920K)] 1422981K->1290730K(1864192K), 0.0682721 secs] [Times: user=0.33 sys=0.00, real=0.07 secs] 
4245.557: [GC (Allocation Failure) [PSYoungGen: 402644K->182197K(465920K)] 1523690K->1356519K(1864192K), 0.0448703 secs] [Times: user=0.20 sys=0.00, real=0.05 secs] 
4245.713: [GC (Allocation Failure) [PSYoungGen: 415157K->186039K(465920K)] 1589479K->1424065K(1864192K), 0.0523825 secs] [Times: user=0.24 sys=0.00, real=0.05 secs] 
4246.167: [GC (Allocation Failure) [PSYoungGen: 415363K->195092K(465920K)] 1653389K->1492126K(1864192K), 0.0545143 secs] [Times: user=0.27 sys=0.01, real=0.06 secs] 
4247.702: [GC (Allocation Failure) [PSYoungGen: 428052K->97195K(465920K)] 1725086K->1461365K(1864192K), 0.0977763 secs] [Times: user=0.54 sys=0.00, real=0.10 secs] 
4247.800: [Full GC (Ergonomics) [PSYoungGen: 97195K->0K(465920K)] [ParOldGen: 1364170K->114776K(1398272K)] 1461365K->114776K(1864192K), [Metaspace: 60377K->60377K(1105920K)], 0.1711154 secs] [Times: user=0.75 sys=0.00, real=0.17 secs] 
4248.132: [GC (Allocation Failure) [PSYoungGen: 232960K->179957K(465920K)] 347736K->294734K(1864192K), 0.0249766 secs] [Times: user=0.08 sys=0.00, real=0.02 secs] 
4248.309: [GC (Allocation Failure) [PSYoungGen: 412917K->184150K(465920K)] 527694K->354750K(1864192K), 0.0466927 secs] [Times: user=0.21 sys=0.00, real=0.04 secs] 
4248.490: [GC (Allocation Failure) [PSYoungGen: 417110K->187541K(465920K)] 587710K->414133K(1864192K), 0.0484946 secs] [Times: user=0.22 sys=0.00, real=0.04 secs] 
4249.676: [GC (Allocation Failure) [PSYoungGen: 420501K->102588K(465920K)] 647093K->399789K(1864192K), 0.0464407 secs] [Times: user=0.24 sys=0.00, real=0.05 secs] 
4250.293: [GC (Allocation Failure) [PSYoungGen: 335548K->168852K(465920K)] 632749K->499085K(1864192K), 0.0717441 secs] [Times: user=0.35 sys=0.00, real=0.07 secs] 
4250.510: [GC (Allocation Failure) [PSYoungGen: 401812K->182485K(465920K)] 732045K->565823K(1864192K), 0.0418050 secs] [Times: user=0.19 sys=0.00, real=0.04 secs] 
4250.693: [GC (Allocation Failure) [PSYoungGen: 415445K->185847K(465920K)] 798783K->641336K(1864192K), 0.0708480 secs] [Times: user=0.35 sys=0.00, real=0.07 secs] 
4251.246: [GC (Allocation Failure) [PSYoungGen: 418807K->218196K(465920K)] 874296K->732589K(1864192K), 0.0546432 secs] [Times: user=0.26 sys=0.00, real=0.06 secs] 
4252.733: [GC (Allocation Failure) [PSYoungGen: 451156K->94155K(465920K)] 965549K->675752K(1864192K), 0.1041220 secs] [Times: user=0.57 sys=0.00, real=0.10 secs] 
4253.182: [GC (Allocation Failure) [PSYoungGen: 327115K->183926K(465920K)] 908712K->796177K(1864192K), 0.0421239 secs] [Times: user=0.18 sys=0.00, real=0.04 secs] 
4253.332: [GC (Allocation Failure) [PSYoungGen: 416886K->184662K(465920K)] 1029137K->853792K(1864192K), 0.0444105 secs] [Times: user=0.20 sys=0.01, real=0.04 secs] 
4253.504: [GC (Allocation Failure) [PSYoungGen: 417622K->184532K(465920K)] 1086752K->909631K(1864192K), 0.0617184 secs] [Times: user=0.30 sys=0.00, real=0.06 secs] 
4254.657: [GC (Allocation Failure) [PSYoungGen: 417492K->103612K(465920K)] 1142591K->898335K(1864192K), 0.0494657 secs] [Times: user=0.26 sys=0.00, real=0.05 secs] 
4255.623: [GC (Allocation Failure) [PSYoungGen: 336572K->174100K(465920K)] 1131295K->1002919K(1864192K), 0.0785113 secs] [Times: user=0.39 sys=0.00, real=0.08 secs] 
4255.851: [GC (Allocation Failure) [PSYoungGen: 407060K->184374K(465920K)] 1235879K->1066400K(1864192K), 0.0435509 secs] [Times: user=0.19 sys=0.01, real=0.04 secs] 
4256.004: [GC (Allocation Failure) [PSYoungGen: 417334K->185527K(465920K)] 1299360K->1131658K(1864192K), 0.0510123 secs] [Times: user=0.23 sys=0.00, real=0.05 secs] 
4256.957: [GC (Allocation Failure) [PSYoungGen: 417277K->210899K(465920K)] 1363408K->1215990K(1864192K), 0.0568403 secs] [Times: user=0.28 sys=0.00, real=0.06 secs] 
4257.412: [GC (Allocation Failure) [PSYoungGen: 443859K->98715K(465920K)] 1448950K->1170110K(1864192K), 0.0434878 secs] [Times: user=0.23 sys=0.00, real=0.04 secs] 
4257.838: [GC (Allocation Failure) [PSYoungGen: 331675K->182678K(465920K)] 1403070K->1285210K(1864192K), 0.0359660 secs] [Times: user=0.15 sys=0.00, real=0.04 secs] 
4257.980: [GC (Allocation Failure) [PSYoungGen: 415638K->185526K(465920K)] 1518170K->1344998K(1864192K), 0.0445340 secs] [Times: user=0.20 sys=0.00, real=0.04 secs] 
4258.129: [GC (Allocation Failure) [PSYoungGen: 418486K->184084K(465920K)] 1577958K->1399732K(1864192K), 0.0461641 secs] [Times: user=0.21 sys=0.01, real=0.04 secs] 
4259.272: [GC (Allocation Failure) [PSYoungGen: 417044K->101900K(465920K)] 1632692K->1387192K(1864192K), 0.0458937 secs] [Times: user=0.24 sys=0.00, real=0.04 secs] 
4260.304: [GC (GCLocker Initiated GC) [PSYoungGen: 334860K->164307K(465920K)] 1620152K->1482396K(1864192K), 0.0748013 secs] [Times: user=0.37 sys=0.00, real=0.08 secs] 
4260.379: [Full GC (Ergonomics) [PSYoungGen: 164307K->0K(465920K)] [ParOldGen: 1318088K->188387K(1398272K)] 1482396K->188387K(1864192K), [Metaspace: 60377K->60377K(1105920K)], 0.2106272 secs] [Times: user=0.97 sys=0.00, real=0.21 secs] 
4260.700: [GC (Allocation Failure) [PSYoungGen: 232960K->184886K(465920K)] 421478K->373404K(1864192K), 0.0338879 secs] [Times: user=0.14 sys=0.00, real=0.03 secs] 
4260.873: [GC (Allocation Failure) [PSYoungGen: 417846K->185751K(465920K)] 606364K->438621K(1864192K), 0.0439380 secs] [Times: user=0.19 sys=0.00, real=0.04 secs] 
4261.342: [GC (Allocation Failure) [PSYoungGen: 418199K->213460K(465920K)] 671070K->525210K(1864192K), 0.0529725 secs] [Times: user=0.26 sys=0.00, real=0.05 secs] 
4263.122: [GC (Allocation Failure) [PSYoungGen: 446420K->93163K(465920K)] 758170K->472625K(1864192K), 0.1088202 secs] [Times: user=0.59 sys=0.00, real=0.11 secs] 
4263.584: [GC (Allocation Failure) [PSYoungGen: 326123K->183158K(465920K)] 705585K->592589K(1864192K), 0.0412480 secs] [Times: user=0.18 sys=0.00, real=0.04 secs] 
4263.733: [GC (Allocation Failure) [PSYoungGen: 416118K->185430K(465920K)] 825549K->651985K(1864192K), 0.0436913 secs] [Times: user=0.20 sys=0.00, real=0.04 secs] 
4263.900: [GC (Allocation Failure) [PSYoungGen: 418390K->187221K(465920K)] 884945K->709976K(1864192K), 0.0504867 secs] [Times: user=0.24 sys=0.00, real=0.05 secs] 
4264.914: [GC (Allocation Failure) [PSYoungGen: 420181K->100380K(465920K)] 942936K->693675K(1864192K), 0.0442374 secs] [Times: user=0.23 sys=0.00, real=0.04 secs] 
4265.483: [GC (GCLocker Initiated GC) [PSYoungGen: 333340K->166932K(465920K)] 926635K->793147K(1864192K), 0.0675067 secs] [Times: user=0.32 sys=0.01, real=0.07 secs] 
4265.696: [GC (Allocation Failure) [PSYoungGen: 399892K->184662K(465920K)] 1026110K->863160K(1864192K), 0.0426296 secs] [Times: user=0.19 sys=0.00, real=0.05 secs] 
4265.883: [GC (Allocation Failure) [PSYoungGen: 417622K->185847K(465920K)] 1096120K->928601K(1864192K), 0.0730917 secs] [Times: user=0.36 sys=0.00, real=0.07 secs] 
4266.760: [GC (Allocation Failure) [PSYoungGen: 418807K->219956K(465920K)] 1161561K->1021622K(1864192K), 0.0555748 secs] [Times: user=0.27 sys=0.00, real=0.05 secs] 
4267.555: [GC (Allocation Failure) [PSYoungGen: 452916K->94651K(465920K)] 1254582K->964253K(1864192K), 0.1051580 secs] [Times: user=0.58 sys=0.00, real=0.11 secs] 
4268.276: [GC (Allocation Failure) [PSYoungGen: 327611K->180181K(465920K)] 1197213K->1080129K(1864192K), 0.0480249 secs] [Times: user=0.21 sys=0.00, real=0.05 secs] 
4268.509: [GC (Allocation Failure) [PSYoungGen: 413141K->185430K(465920K)] 1313089K->1141549K(1864192K), 0.0658067 secs] [Times: user=0.32 sys=0.00, real=0.06 secs] 
4268.698: [GC (Allocation Failure) [PSYoungGen: 418390K->203829K(465920K)] 1374509K->1216108K(1864192K), 0.0464105 secs] [Times: user=0.22 sys=0.00, real=0.05 secs] 
4269.833: [GC (Allocation Failure) [PSYoungGen: 436789K->97819K(465920K)] 1449068K->1180939K(1864192K), 0.0547293 secs] [Times: user=0.29 sys=0.00, real=0.05 secs] 
4271.463: [GC (Allocation Failure) [PSYoungGen: 330779K->167892K(465920K)] 1413899K->1282608K(1864192K), 0.0892653 secs] [Times: user=0.46 sys=0.00, real=0.09 secs] 
4271.705: [GC (Allocation Failure) [PSYoungGen: 400852K->184918K(465920K)] 1515568K->1351990K(1864192K), 0.0427766 secs] [Times: user=0.19 sys=0.00, real=0.04 secs] 
4271.857: [GC (Allocation Failure) [PSYoungGen: 417878K->186199K(465920K)] 1584950K->1425799K(1864192K), 0.0505723 secs] [Times: user=0.24 sys=0.00, real=0.05 secs] 
4272.229: [GC (Allocation Failure) [PSYoungGen: 419159K->216500K(465920K)] 1658759K->1515305K(1864192K), 0.0566061 secs] [Times: user=0.28 sys=0.00, real=0.05 secs] 
4273.109: [GC (Allocation Failure) [PSYoungGen: 449460K->96971K(465920K)] 1748265K->1464352K(1864192K), 0.0467793 secs] [Times: user=0.24 sys=0.00, real=0.04 secs] 
4273.156: [Full GC (Ergonomics) [PSYoungGen: 96971K->0K(465920K)] [ParOldGen: 1367380K->114557K(1398272K)] 1464352K->114557K(1864192K), [Metaspace: 60378K->60378K(1105920K)], 0.1101837 secs] [Times: user=0.44 sys=0.00, real=0.11 secs] 
4273.470: [GC (Allocation Failure) [PSYoungGen: 232960K->183094K(465920K)] 347517K->297651K(1864192K), 0.0255541 secs] [Times: user=0.08 sys=0.00, real=0.02 secs] 
4273.603: [GC (Allocation Failure) [PSYoungGen: 416054K->184822K(465920K)] 530611K->356171K(1864192K), 0.0423662 secs] [Times: user=0.18 sys=0.00, real=0.04 secs] 
4273.772: [GC (Allocation Failure) [PSYoungGen: 417782K->183572K(465920K)] 589131K->411138K(1864192K), 0.0630747 secs] [Times: user=0.31 sys=0.00, real=0.06 secs] 
4274.878: [GC (Allocation Failure) [PSYoungGen: 416532K->102796K(465920K)] 644098K->399729K(1864192K), 0.0526506 secs] [Times: user=0.28 sys=0.00, real=0.06 secs] 
4275.670: [GC (Allocation Failure) [PSYoungGen: 335756K->164115K(465920K)] 632689K->494125K(1864192K), 0.0867906 secs] [Times: user=0.43 sys=0.01, real=0.08 secs] 
4275.910: [GC (Allocation Failure) [PSYoungGen: 397075K->185046K(465920K)] 727085K->567188K(1864192K), 0.0416688 secs] [Times: user=0.19 sys=0.00, real=0.04 secs] 
4276.062: [GC (Allocation Failure) [PSYoungGen: 418006K->184919K(465920K)] 800148K->631317K(1864192K), 0.0494082 secs] [Times: user=0.23 sys=0.00, real=0.05 secs] 
4276.500: [GC (Allocation Failure) [PSYoungGen: 415358K->215860K(465920K)] 861756K->721035K(1864192K), 0.0541198 secs] [Times: user=0.26 sys=0.00, real=0.05 secs] 
4278.019: [GC (Allocation Failure) [PSYoungGen: 448820K->95195K(465920K)] 953995K->668945K(1864192K), 0.0866350 secs] [Times: user=0.47 sys=0.00, real=0.08 secs] 
4278.605: [GC (Allocation Failure) [PSYoungGen: 328155K->178101K(465920K)] 901905K->782297K(1864192K), 0.0443375 secs] [Times: user=0.19 sys=0.00, real=0.05 secs] 
4278.764: [GC (Allocation Failure) [PSYoungGen: 411061K->185206K(465920K)] 1015257K->845125K(1864192K), 0.0433451 secs] [Times: user=0.20 sys=0.00, real=0.04 secs] 
4278.913: [GC (Allocation Failure) [PSYoungGen: 418166K->187253K(465920K)] 1078085K->903316K(1864192K), 0.0457072 secs] [Times: user=0.21 sys=0.00, real=0.05 secs] 
4279.958: [GC (Allocation Failure) [PSYoungGen: 420213K->105708K(465920K)] 1136276K->892300K(1864192K), 0.0449672 secs] [Times: user=0.23 sys=0.00, real=0.04 secs] 
4280.316: [GC (Allocation Failure) [PSYoungGen: 338668K->177877K(465920K)] 1125260K->999316K(1864192K), 0.0417333 secs] [Times: user=0.18 sys=0.00, real=0.04 secs] 
4280.463: [GC (Allocation Failure) [PSYoungGen: 410837K->199925K(465920K)] 1232276K->1075357K(1864192K), 0.0434489 secs] [Times: user=0.20 sys=0.00, real=0.04 secs] 
4280.668: [GC (Allocation Failure) [PSYoungGen: 432885K->185143K(465920K)] 1308317K->1124350K(1864192K), 0.0549383 secs] [Times: user=0.26 sys=0.00, real=0.05 secs] 
4281.751: [GC (Allocation Failure) [PSYoungGen: 417056K->207635K(465920K)] 1356264K->1205467K(1864192K), 0.0564364 secs] [Times: user=0.28 sys=0.00, real=0.05 secs] 
4282.329: [GC (Allocation Failure) [PSYoungGen: 440595K->100844K(465920K)] 1438427K->1164051K(1864192K), 0.0783077 secs] [Times: user=0.42 sys=0.00, real=0.07 secs] 
4282.666: [GC (Allocation Failure) [PSYoungGen: 333636K->182614K(465920K)] 1396844K->1277442K(1864192K), 0.0420823 secs] [Times: user=0.18 sys=0.00, real=0.04 secs] 
4282.815: [GC (Allocation Failure) [PSYoungGen: 415574K->185494K(465920K)] 1510402K->1337538K(1864192K), 0.0446759 secs] [Times: user=0.20 sys=0.00, real=0.05 secs] 
4282.962: [GC (Allocation Failure) [PSYoungGen: 418454K->187285K(465920K)] 1570498K->1395442K(1864192K), 0.0463773 secs] [Times: user=0.21 sys=0.00, real=0.05 secs] 
4284.039: [GC (Allocation Failure) [PSYoungGen: 420245K->97739K(465920K)] 1628402K->1376608K(1864192K), 0.0511624 secs] [Times: user=0.27 sys=0.00, real=0.05 secs] 
4284.846: [GC (Allocation Failure) [PSYoungGen: 330699K->171028K(465920K)] 1609568K->1481501K(1864192K), 0.0582243 secs] [Times: user=0.28 sys=0.00, real=0.06 secs] 
4285.045: [GC (Allocation Failure) [PSYoungGen: 403988K->185142K(465920K)] 1714461K->1549451K(1864192K), 0.0433010 secs] [Times: user=0.20 sys=0.00, real=0.05 secs] 
4285.088: [Full GC (Ergonomics) [PSYoungGen: 185142K->0K(465920K)] [ParOldGen: 1364309K->262387K(1398272K)] 1549451K->262387K(1864192K), [Metaspace: 60378K->60378K(1105920K)], 0.3284278 secs] [Times: user=1.52 sys=0.00, real=0.32 secs] 
4285.538: [GC (Allocation Failure) [PSYoungGen: 232960K->183126K(465920K)] 495347K->445513K(1864192K), 0.0834919 secs] [Times: user=0.43 sys=0.01, real=0.09 secs] 
4286.479: [GC (Allocation Failure) [PSYoungGen: 416086K->216478K(465920K)] 678473K->536889K(1864192K), 0.0517984 secs] [Times: user=0.26 sys=0.00, real=0.05 secs] 
4287.954: [GC (Allocation Failure) [PSYoungGen: 449438K->100555K(465920K)] 769849K->486959K(1864192K), 0.1130364 secs] [Times: user=0.62 sys=0.00, real=0.11 secs] 
4288.269: [GC (Allocation Failure) [PSYoungGen: 333515K->183126K(465920K)] 719919K->602390K(1864192K), 0.0347532 secs] [Times: user=0.14 sys=0.01, real=0.03 secs] 
4288.410: [GC (Allocation Failure) [PSYoungGen: 416086K->184918K(465920K)] 835350K->661022K(1864192K), 0.0427564 secs] [Times: user=0.19 sys=0.00, real=0.04 secs] 
4288.556: [GC (Allocation Failure) [PSYoungGen: 417878K->186837K(465920K)] 893982K->718941K(1864192K), 0.0446745 secs] [Times: user=0.20 sys=0.00, real=0.05 secs] 
4289.622: [GC (Allocation Failure) [PSYoungGen: 419750K->104172K(465920K)] 951854K->706668K(1864192K), 0.0522450 secs] [Times: user=0.23 sys=0.00, real=0.05 secs] 
4290.131: [GC (Allocation Failure) [PSYoungGen: 337132K->169012K(465920K)] 939628K->805448K(1864192K), 0.0738209 secs] [Times: user=0.35 sys=0.00, real=0.07 secs] 
4290.360: [GC (Allocation Failure) [PSYoungGen: 401972K->184566K(465920K)] 1038408K->873966K(1864192K), 0.0419837 secs] [Times: user=0.18 sys=0.00, real=0.04 secs] 
4290.507: [GC (Allocation Failure) [PSYoungGen: 417526K->183542K(465920K)] 1106926K->937171K(1864192K), 0.0496118 secs] [Times: user=0.23 sys=0.00, real=0.05 secs] 
4291.311: [GC (Allocation Failure) [PSYoungGen: 411922K->205555K(465920K)] 1165550K->1017351K(1864192K), 0.0547792 secs] [Times: user=0.28 sys=0.00, real=0.05 secs] 
4291.841: [GC (Allocation Failure) [PSYoungGen: 438515K->102572K(465920K)] 1250311K->979096K(1864192K), 0.0600101 secs] [Times: user=0.32 sys=0.01, real=0.06 secs] 
4292.166: [GC (Allocation Failure) [PSYoungGen: 335532K->180501K(465920K)] 1212056K->1089783K(1864192K), 0.0351039 secs] [Times: user=0.14 sys=0.01, real=0.04 secs] 
4292.324: [GC (Allocation Failure) [PSYoungGen: 413461K->185110K(465920K)] 1322743K->1150927K(1864192K), 0.0439860 secs] [Times: user=0.20 sys=0.00, real=0.04 secs] 
4292.517: [GC (Allocation Failure) [PSYoungGen: 418070K->186869K(465920K)] 1383887K->1208686K(1864192K), 0.0637438 secs] [Times: user=0.31 sys=0.00, real=0.07 secs] 
4293.723: [GC (Allocation Failure) [PSYoungGen: 419829K->98507K(465920K)] 1441646K->1190665K(1864192K), 0.0723489 secs] [Times: user=0.39 sys=0.00, real=0.07 secs] 
4294.947: [GC (Allocation Failure) [PSYoungGen: 331467K->170676K(465920K)] 1423625K->1294606K(1864192K), 0.0723647 secs] [Times: user=0.35 sys=0.00, real=0.08 secs] 
4295.211: [GC (Allocation Failure) [PSYoungGen: 403636K->185270K(465920K)] 1527566K->1362947K(1864192K), 0.0587010 secs] [Times: user=0.28 sys=0.00, real=0.06 secs] 
4295.386: [GC (Allocation Failure) [PSYoungGen: 418230K->186103K(465920K)] 1595907K->1428197K(1864192K), 0.0511128 secs] [Times: user=0.24 sys=0.00, real=0.05 secs] 
4296.200: [GC (Allocation Failure) [PSYoungGen: 416472K->207283K(465920K)] 1658566K->1508345K(1864192K), 0.0562720 secs] [Times: user=0.28 sys=0.00, real=0.05 secs] 
4296.687: [GC (Allocation Failure) [PSYoungGen: 440243K->105276K(465920K)] 1741305K->1471506K(1864192K), 0.0459488 secs] [Times: user=0.23 sys=0.00, real=0.05 secs] 
4296.733: [Full GC (Ergonomics) [PSYoungGen: 105276K->0K(465920K)] [ParOldGen: 1366229K->122735K(1398272K)] 1471506K->122735K(1864192K), [Metaspace: 60378K->60378K(1105920K)], 0.1095335 secs] [Times: user=0.46 sys=0.00, real=0.11 secs] 
4297.012: [GC (Allocation Failure) [PSYoungGen: 232231K->177045K(465920K)] 354966K->299781K(1864192K), 0.0316734 secs] [Times: user=0.11 sys=0.00, real=0.03 secs] 
4297.355: [GC (GCLocker Initiated GC) [PSYoungGen: 410005K->183061K(465920K)] 532743K->360607K(1864192K), 0.0715091 secs] [Times: user=0.34 sys=0.00, real=0.07 secs] 
4297.796: [GC (GCLocker Initiated GC) [PSYoungGen: 416021K->185845K(465920K)] 593570K->418689K(1864192K), 0.0728161 secs] [Times: user=0.36 sys=0.01, real=0.08 secs] 
4298.831: [GC (Allocation Failure) [PSYoungGen: 418805K->102716K(465920K)] 651652K->405587K(1864192K), 0.0439429 secs] [Times: user=0.22 sys=0.01, real=0.04 secs] 
4299.668: [GC (Allocation Failure) [PSYoungGen: 335676K->167060K(465920K)] 638547K->503128K(1864192K), 0.0672071 secs] [Times: user=0.33 sys=0.00, real=0.07 secs] 
4299.932: [GC (Allocation Failure) [PSYoungGen: 400020K->184982K(465920K)] 736088K->573582K(1864192K), 0.0617424 secs] [Times: user=0.25 sys=0.00, real=0.06 secs] 
4300.170: [GC (Allocation Failure) [PSYoungGen: 417942K->186071K(465920K)] 806542K->638975K(1864192K), 0.0722712 secs] [Times: user=0.36 sys=0.01, real=0.07 secs] 
4301.058: [GC (Allocation Failure) [PSYoungGen: 419031K->210803K(465920K)] 871935K->722627K(1864192K), 0.0565205 secs] [Times: user=0.29 sys=0.00, real=0.05 secs] 
4302.518: [GC (Allocation Failure) [PSYoungGen: 443763K->98379K(465920K)] 955587K->676499K(1864192K), 0.1206403 secs] [Times: user=0.66 sys=0.00, real=0.13 secs] 
4303.027: [GC (Allocation Failure) [PSYoungGen: 331339K->180950K(465920K)] 909459K->790479K(1864192K), 0.0466292 secs] [Times: user=0.21 sys=0.00, real=0.05 secs] 
4303.236: [GC (Allocation Failure) [PSYoungGen: 413910K->185174K(465920K)] 1023439K->851135K(1864192K), 0.0638617 secs] [Times: user=0.30 sys=0.00, real=0.07 secs] 
4303.422: [GC (Allocation Failure) [PSYoungGen: 418134K->187189K(465920K)] 1084095K->909070K(1864192K), 0.0455361 secs] [Times: user=0.22 sys=0.00, real=0.04 secs] 
4304.470: [GC (Allocation Failure) [PSYoungGen: 420149K->101164K(465920K)] 1142030K->893629K(1864192K), 0.0588286 secs] [Times: user=0.31 sys=0.00, real=0.06 secs] 
4305.199: [GC (Allocation Failure) [PSYoungGen: 334124K->170548K(465920K)] 1126589K->996282K(1864192K), 0.0786765 secs] [Times: user=0.39 sys=0.00, real=0.07 secs] 
4305.492: [GC (GCLocker Initiated GC) [PSYoungGen: 403508K->179797K(465920K)] 1229242K->1058682K(1864192K), 0.0470243 secs] [Times: user=0.22 sys=0.00, real=0.05 secs] 
4305.654: [GC (GCLocker Initiated GC) [PSYoungGen: 412757K->185463K(465920K)] 1291648K->1127314K(1864192K), 0.0508992 secs] [Times: user=0.23 sys=0.00, real=0.05 secs] 
4306.955: [GC (Allocation Failure) [PSYoungGen: 418423K->176051K(465920K)] 1360275K->1176840K(1864192K), 0.0580940 secs] [Times: user=0.29 sys=0.00, real=0.06 secs] 
4307.754: [GC (Allocation Failure) [PSYoungGen: 409011K->96843K(465920K)] 1409800K->1164551K(1864192K), 0.1054557 secs] [Times: user=0.58 sys=0.00, real=0.11 secs] 
4308.467: [GC (Allocation Failure) [PSYoungGen: 329803K->182518K(465920K)] 1397511K->1281187K(1864192K), 0.0462408 secs] [Times: user=0.20 sys=0.00, real=0.05 secs] 
4308.629: [GC (Allocation Failure) [PSYoungGen: 415478K->185334K(465920K)] 1514147K->1340823K(1864192K), 0.0571092 secs] [Times: user=0.28 sys=0.00, real=0.05 secs] 
4308.825: [GC (Allocation Failure) [PSYoungGen: 418294K->187445K(465920K)] 1573783K->1398990K(1864192K), 0.0715087 secs] [Times: user=0.36 sys=0.00, real=0.07 secs] 
4310.262: [GC (Allocation Failure) [PSYoungGen: 420405K->97083K(465920K)] 1631950K->1379341K(1864192K), 0.1063654 secs] [Times: user=0.58 sys=0.00, real=0.11 secs] 
4312.022: [GC (Allocation Failure) [PSYoungGen: 330043K->170388K(465920K)] 1612301K->1484466K(1864192K), 0.0861806 secs] [Times: user=0.43 sys=0.01, real=0.08 secs] 
4312.108: [Full GC (Ergonomics) [PSYoungGen: 170388K->0K(465920K)] [ParOldGen: 1314078K->193932K(1398272K)] 1484466K->193932K(1864192K), [Metaspace: 60378K->60378K(1105920K)], 0.2371415 secs] [Times: user=1.14 sys=0.00, real=0.24 secs] 
4312.456: [GC (Allocation Failure) [PSYoungGen: 232960K->181749K(465920K)] 426894K->375684K(1864192K), 0.0327793 secs] [Times: user=0.14 sys=0.01, real=0.04 secs] 
4312.597: [GC (Allocation Failure) [PSYoungGen: 414709K->185751K(465920K)] 608644K->443013K(1864192K), 0.0433562 secs] [Times: user=0.19 sys=0.00, real=0.05 secs] 
4314.095: [GC (Allocation Failure) [PSYoungGen: 418711K->178356K(465920K)] 675973K->494466K(1864192K), 0.1095510 secs] [Times: user=0.57 sys=0.00, real=0.11 secs] 
4315.273: [GC (Allocation Failure) [PSYoungGen: 411316K->91130K(465920K)] 727426K->475033K(1864192K), 0.0701911 secs] [Times: user=0.37 sys=0.00, real=0.07 secs] 
4315.673: [GC (Allocation Failure) [PSYoungGen: 324090K->182710K(465920K)] 707993K->595469K(1864192K), 0.0385372 secs] [Times: user=0.17 sys=0.00, real=0.04 secs] 
4315.818: [GC (Allocation Failure) [PSYoungGen: 415670K->182165K(465920K)] 828429K->652129K(1864192K), 0.0438439 secs] [Times: user=0.19 sys=0.00, real=0.05 secs] 
4316.011: [GC (Allocation Failure) [PSYoungGen: 415125K->186965K(465920K)] 885089K->711880K(1864192K), 0.0705579 secs] [Times: user=0.34 sys=0.01, real=0.07 secs] 
4317.091: [GC (Allocation Failure) [PSYoungGen: 419925K->104524K(465920K)] 944840K->700100K(1864192K), 0.0594451 secs] [Times: user=0.31 sys=0.00, real=0.06 secs] 
4318.261: [GC (Allocation Failure) [PSYoungGen: 337484K->164979K(465920K)] 933060K->793896K(1864192K), 0.0705053 secs] [Times: user=0.34 sys=0.00, real=0.07 secs] 
4318.468: [GC (Allocation Failure) [PSYoungGen: 397939K->185366K(465920K)] 1026856K->866406K(1864192K), 0.0421407 secs] [Times: user=0.19 sys=0.00, real=0.05 secs] 
4318.621: [GC (Allocation Failure) [PSYoungGen: 418326K->186327K(465920K)] 1099366K->931727K(1864192K), 0.0501297 secs] [Times: user=0.23 sys=0.00, real=0.05 secs] 
4319.124: [GC (Allocation Failure) [PSYoungGen: 418446K->216820K(465920K)] 1163846K->1021349K(1864192K), 0.0548019 secs] [Times: user=0.27 sys=0.00, real=0.06 secs] 
4320.826: [GC (Allocation Failure) [PSYoungGen: 449780K->91098K(465920K)] 1254309K->964431K(1864192K), 0.1004062 secs] [Times: user=0.54 sys=0.01, real=0.10 secs] 
4321.372: [GC (Allocation Failure) [PSYoungGen: 324058K->182582K(465920K)] 1197391K->1085395K(1864192K), 0.0443807 secs] [Times: user=0.19 sys=0.00, real=0.04 secs] 
4321.527: [GC (Allocation Failure) [PSYoungGen: 415542K->185110K(465920K)] 1318355K->1144954K(1864192K), 0.0443959 secs] [Times: user=0.20 sys=0.00, real=0.05 secs] 
4321.676: [GC (Allocation Failure) [PSYoungGen: 418070K->187221K(465920K)] 1377914K->1203226K(1864192K), 0.0460328 secs] [Times: user=0.22 sys=0.00, real=0.05 secs] 
4322.684: [GC (Allocation Failure) [PSYoungGen: 420181K->102780K(465920K)] 1436186K->1189497K(1864192K), 0.0457004 secs] [Times: user=0.23 sys=0.01, real=0.05 secs] 
4323.056: [GC (Allocation Failure) [PSYoungGen: 335740K->173205K(465920K)] 1422457K->1293206K(1864192K), 0.0418954 secs] [Times: user=0.19 sys=0.00, real=0.05 secs] 
4323.205: [GC (Allocation Failure) [PSYoungGen: 406165K->185206K(465920K)] 1526166K->1359340K(1864192K), 0.0438398 secs] [Times: user=0.19 sys=0.00, real=0.05 secs] 
4323.356: [GC (Allocation Failure) [PSYoungGen: 418166K->181910K(465920K)] 1592300K->1420380K(1864192K), 0.0503009 secs] [Times: user=0.24 sys=0.00, real=0.05 secs] 
4323.844: [GC (Allocation Failure) [PSYoungGen: 411905K->211636K(465920K)] 1650375K->1507745K(1864192K), 0.0541265 secs] [Times: user=0.27 sys=0.00, real=0.05 secs] 
4325.036: [GC (Allocation Failure) [PSYoungGen: 444596K->95531K(465920K)] 1740705K->1458801K(1864192K), 0.0960146 secs] [Times: user=0.52 sys=0.00, real=0.10 secs] 
4325.132: [Full GC (Ergonomics) [PSYoungGen: 95531K->0K(465920K)] [ParOldGen: 1363269K->113284K(1398272K)] 1458801K->113284K(1864192K), [Metaspace: 60378K->60378K(1105920K)], 0.1663092 secs] [Times: user=0.71 sys=0.00, real=0.17 secs] 
4325.564: [GC (Allocation Failure) [PSYoungGen: 232960K->181526K(465920K)] 346244K->294810K(1864192K), 0.0254584 secs] [Times: user=0.09 sys=0.00, real=0.03 secs] 
4325.734: [GC (Allocation Failure) [PSYoungGen: 414486K->185142K(465920K)] 527770K->355247K(1864192K), 0.0511987 secs] [Times: user=0.25 sys=0.00, real=0.05 secs] 
4325.912: [GC (Allocation Failure) [PSYoungGen: 418102K->187189K(465920K)] 588207K->413222K(1864192K), 0.0625605 secs] [Times: user=0.30 sys=0.00, real=0.06 secs] 
4327.138: [GC (Allocation Failure) [PSYoungGen: 420149K->99820K(465920K)] 646182K->396553K(1864192K), 0.0608887 secs] [Times: user=0.32 sys=0.00, real=0.07 secs] 
4328.062: [GC (Allocation Failure) [PSYoungGen: 332780K->172084K(465920K)] 629513K->500766K(1864192K), 0.0654514 secs] [Times: user=0.31 sys=0.00, real=0.06 secs] 
4328.333: [GC (Allocation Failure) [PSYoungGen: 405044K->182325K(465920K)] 733726K->564759K(1864192K), 0.0588567 secs] [Times: user=0.28 sys=0.00, real=0.06 secs] 
4328.513: [GC (Allocation Failure) [PSYoungGen: 415285K->186007K(465920K)] 797719K->632361K(1864192K), 0.0490209 secs] [Times: user=0.23 sys=0.00, real=0.05 secs] 
4328.940: [GC (Allocation Failure) [PSYoungGen: 416543K->210707K(465920K)] 862897K->716093K(1864192K), 0.0534469 secs] [Times: user=0.27 sys=0.00, real=0.05 secs] 
4329.777: [GC (Allocation Failure) [PSYoungGen: 443667K->99979K(465920K)] 949053K->671981K(1864192K), 0.0540810 secs] [Times: user=0.28 sys=0.00, real=0.06 secs] 
4330.154: [GC (Allocation Failure) [PSYoungGen: 332939K->182102K(465920K)] 904941K->786475K(1864192K), 0.0515037 secs] [Times: user=0.23 sys=0.00, real=0.05 secs] 
4330.499: [GC (Allocation Failure) [PSYoungGen: 415062K->182869K(465920K)] 1019435K->843643K(1864192K), 0.0583084 secs] [Times: user=0.28 sys=0.00, real=0.05 secs] 
4330.770: [GC (Allocation Failure) [PSYoungGen: 415829K->186677K(465920K)] 1076603K->902882K(1864192K), 0.0672057 secs] [Times: user=0.32 sys=0.00, real=0.06 secs] 
4332.121: [GC (Allocation Failure) [PSYoungGen: 419637K->99708K(465920K)] 1135842K->886169K(1864192K), 0.0741213 secs] [Times: user=0.40 sys=0.00, real=0.07 secs] 
4333.005: [GC (Allocation Failure) [PSYoungGen: 332668K->172116K(465920K)] 1119129K->990294K(1864192K), 0.0639583 secs] [Times: user=0.31 sys=0.00, real=0.07 secs] 
4333.250: [GC (Allocation Failure) [PSYoungGen: 405076K->182357K(465920K)] 1223254K->1053380K(1864192K), 0.0599952 secs] [Times: user=0.28 sys=0.01, real=0.06 secs] 
4333.486: [GC (Allocation Failure) [PSYoungGen: 415317K->185943K(465920K)] 1286340K->1120709K(1864192K), 0.0725265 secs] [Times: user=0.36 sys=0.00, real=0.08 secs] 
4334.036: [GC (Allocation Failure) [PSYoungGen: 416872K->212916K(465920K)] 1351639K->1206794K(1864192K), 0.0548566 secs] [Times: user=0.28 sys=0.00, real=0.06 secs] 
4335.712: [GC (Allocation Failure) [PSYoungGen: 445876K->92907K(465920K)] 1439754K->1154297K(1864192K), 0.1133609 secs] [Times: user=0.63 sys=0.00, real=0.11 secs] 
4336.367: [GC (Allocation Failure) [PSYoungGen: 325867K->183190K(465920K)] 1387257K->1274453K(1864192K), 0.0468161 secs] [Times: user=0.20 sys=0.00, real=0.05 secs] 
4336.531: [GC (Allocation Failure) [PSYoungGen: 416150K->182453K(465920K)] 1507413K->1330649K(1864192K), 0.0443560 secs] [Times: user=0.21 sys=0.00, real=0.04 secs] 
4336.709: [GC (Allocation Failure) [PSYoungGen: 415413K->187637K(465920K)] 1563609K->1391200K(1864192K), 0.0648637 secs] [Times: user=0.31 sys=0.00, real=0.06 secs] 
4337.799: [GC (Allocation Failure) [PSYoungGen: 420597K->106013K(465920K)] 1624160K->1380472K(1864192K), 0.0538261 secs] [Times: user=0.29 sys=0.00, real=0.05 secs] 
4338.556: [GC (GCLocker Initiated GC) [PSYoungGen: 338973K->165075K(465920K)] 1613433K->1473733K(1864192K), 0.0821418 secs] [Times: user=0.41 sys=0.01, real=0.08 secs] 
4338.830: [GC (Allocation Failure) [PSYoungGen: 398035K->184662K(465920K)] 1706696K->1544838K(1864192K), 0.0536924 secs] [Times: user=0.26 sys=0.00, real=0.05 secs] 
4338.884: [Full GC (Ergonomics) [PSYoungGen: 184662K->0K(465920K)] [ParOldGen: 1360176K->259066K(1398272K)] 1544838K->259066K(1864192K), [Metaspace: 60378K->60378K(1105920K)], 0.3186674 secs] [Times: user=1.46 sys=0.00, real=0.32 secs] 
4339.309: [GC (Allocation Failure) [PSYoungGen: 232960K->183222K(465920K)] 492026K->442289K(1864192K), 0.0867883 secs] [Times: user=0.45 sys=0.00, real=0.08 secs] 
4339.769: [GC (Allocation Failure) [PSYoungGen: 412980K->215252K(465920K)] 672046K->532399K(1864192K), 0.0532701 secs] [Times: user=0.26 sys=0.00, real=0.05 secs] 
4340.651: [GC (Allocation Failure) [PSYoungGen: 448212K->100812K(465920K)] 765359K->486326K(1864192K), 0.0852715 secs] [Times: user=0.46 sys=0.00, real=0.08 secs] 
4341.010: [GC (Allocation Failure) [PSYoungGen: 333772K->180950K(465920K)] 719286K->598973K(1864192K), 0.0353114 secs] [Times: user=0.14 sys=0.00, real=0.03 secs] 
4341.183: [GC (Allocation Failure) [PSYoungGen: 413910K->184822K(465920K)] 831933K->659197K(1864192K), 0.0605375 secs] [Times: user=0.28 sys=0.00, real=0.06 secs] 
4341.398: [GC (Allocation Failure) [PSYoungGen: 417782K->187029K(465920K)] 892157K->717380K(1864192K), 0.0628535 secs] [Times: user=0.30 sys=0.00, real=0.07 secs] 
4342.438: [GC (Allocation Failure) [PSYoungGen: 419989K->99180K(465920K)] 950340K->700139K(1864192K), 0.0481182 secs] [Times: user=0.25 sys=0.00, real=0.05 secs] 
4343.539: [GC (Allocation Failure) [PSYoungGen: 332140K->169620K(465920K)] 933099K->802556K(1864192K), 0.0754401 secs] [Times: user=0.37 sys=0.00, real=0.07 secs] 
4343.768: [GC (Allocation Failure) [PSYoungGen: 402580K->184886K(465920K)] 1035516K->871294K(1864192K), 0.0423799 secs] [Times: user=0.19 sys=0.01, real=0.05 secs] 
4343.968: [GC (Allocation Failure) [PSYoungGen: 417846K->183190K(465920K)] 1104254K->933655K(1864192K), 0.0781571 secs] [Times: user=0.39 sys=0.00, real=0.08 secs] 
4344.837: [GC (Allocation Failure) [PSYoungGen: 413946K->212147K(465920K)] 1164411K->1020644K(1864192K), 0.0567753 secs] [Times: user=0.29 sys=0.00, real=0.06 secs] 
4345.613: [GC (Allocation Failure) [PSYoungGen: 445107K->103996K(465920K)] 1253604K->979117K(1864192K), 0.0845939 secs] [Times: user=0.45 sys=0.01, real=0.08 secs] 
4345.985: [GC (Allocation Failure) [PSYoungGen: 336956K->178261K(465920K)] 1212077K->1087010K(1864192K), 0.0353102 secs] [Times: user=0.15 sys=0.00, real=0.04 secs] 
4346.129: [GC (Allocation Failure) [PSYoungGen: 411221K->184726K(465920K)] 1319970K->1149186K(1864192K), 0.0448035 secs] [Times: user=0.20 sys=0.00, real=0.04 secs] 
4346.278: [GC (Allocation Failure) [PSYoungGen: 417686K->186773K(465920K)] 1382146K->1207234K(1864192K), 0.0466362 secs] [Times: user=0.22 sys=0.00, real=0.05 secs] 
4347.607: [GC (Allocation Failure) [PSYoungGen: 419733K->100588K(465920K)] 1440194K->1191313K(1864192K), 0.0490776 secs] [Times: user=0.25 sys=0.00, real=0.05 secs] 
4348.030: [GC (Allocation Failure) [PSYoungGen: 333548K->174997K(465920K)] 1424273K->1298167K(1864192K), 0.0628183 secs] [Times: user=0.30 sys=0.00, real=0.06 secs] 
4348.271: [GC (Allocation Failure) [PSYoungGen: 407957K->182005K(465920K)] 1531127K->1360111K(1864192K), 0.0616792 secs] [Times: user=0.30 sys=0.00, real=0.06 secs] 
4348.493: [GC (Allocation Failure) [PSYoungGen: 414965K->182934K(465920K)] 1593071K->1424400K(1864192K), 0.0753719 secs] [Times: user=0.38 sys=0.00, real=0.08 secs] 
4349.417: [GC (Allocation Failure) [PSYoungGen: 411354K->208819K(465920K)] 1652820K->1508101K(1864192K), 0.0557482 secs] [Times: user=0.28 sys=0.01, real=0.06 secs] 
4350.118: [GC (Allocation Failure) [PSYoungGen: 441779K->102636K(465920K)] 1741061K->1467782K(1864192K), 0.1130938 secs] [Times: user=0.62 sys=0.00, real=0.11 secs] 
4350.232: [Full GC (Ergonomics) [PSYoungGen: 102636K->0K(465920K)] [ParOldGen: 1365145K->120141K(1398272K)] 1467782K->120141K(1864192K), [Metaspace: 60440K->60440K(1105920K)], 0.1827490 secs] [Times: user=0.81 sys=0.00, real=0.18 secs] 
4350.977: [GC (Allocation Failure) [PSYoungGen: 232960K->179637K(465920K)] 353101K->299779K(1864192K), 0.0279238 secs] [Times: user=0.11 sys=0.01, real=0.03 secs] 
4351.111: [GC (Allocation Failure) [PSYoungGen: 412597K->182677K(465920K)] 532739K->358475K(1864192K), 0.0438178 secs] [Times: user=0.16 sys=0.00, real=0.04 secs] 
4351.276: [GC (Allocation Failure) [PSYoungGen: 415637K->187381K(465920K)] 591435K->418883K(1864192K), 0.0626596 secs] [Times: user=0.30 sys=0.00, real=0.07 secs] 
4352.456: [GC (Allocation Failure) [PSYoungGen: 420341K->101372K(465920K)] 651843K->403526K(1864192K), 0.0583909 secs] [Times: user=0.31 sys=0.00, real=0.06 secs] 
4353.231: [GC (Allocation Failure) [PSYoungGen: 334332K->171316K(465920K)] 636486K->506067K(1864192K), 0.0669894 secs] [Times: user=0.32 sys=0.00, real=0.06 secs] 
4353.440: [GC (Allocation Failure) [PSYoungGen: 404276K->184822K(465920K)] 739027K->573480K(1864192K), 0.0421719 secs] [Times: user=0.19 sys=0.00, real=0.04 secs] 
4353.612: [GC (Allocation Failure) [PSYoungGen: 417782K->182806K(465920K)] 806440K->635713K(1864192K), 0.0600867 secs] [Times: user=0.29 sys=0.00, real=0.06 secs] 
4354.491: [GC (Allocation Failure) [PSYoungGen: 414283K->210451K(465920K)] 867190K->721342K(1864192K), 0.0554441 secs] [Times: user=0.28 sys=0.00, real=0.05 secs] 
4354.963: [GC (Allocation Failure) [PSYoungGen: 443411K->105212K(465920K)] 954302K->682455K(1864192K), 0.0676083 secs] [Times: user=0.35 sys=0.00, real=0.07 secs] 
4355.287: [GC (Allocation Failure) [PSYoungGen: 330719K->177269K(465920K)] 907962K->788157K(1864192K), 0.0356587 secs] [Times: user=0.15 sys=0.00, real=0.04 secs] 
4355.428: [GC (Allocation Failure) [PSYoungGen: 410229K->193622K(465920K)] 1021117K->859797K(1864192K), 0.0436772 secs] [Times: user=0.20 sys=0.00, real=0.05 secs] 
4355.575: [GC (Allocation Failure) [PSYoungGen: 426582K->186965K(465920K)] 1092757K->909261K(1864192K), 0.0452261 secs] [Times: user=0.21 sys=0.00, real=0.05 secs] 
4356.646: [GC (Allocation Failure) [PSYoungGen: 419925K->98892K(465920K)] 1142221K->891571K(1864192K), 0.0486930 secs] [Times: user=0.26 sys=0.01, real=0.05 secs] 
4357.090: [GC (Allocation Failure) [PSYoungGen: 331852K->172500K(465920K)] 1124531K->996969K(1864192K), 0.0669117 secs] [Times: user=0.31 sys=0.00, real=0.06 secs] 
4357.309: [GC (Allocation Failure) [PSYoungGen: 405460K->184854K(465920K)] 1229929K->1063618K(1864192K), 0.0434279 secs] [Times: user=0.19 sys=0.00, real=0.04 secs] 
4357.462: [GC (Allocation Failure) [PSYoungGen: 417814K->184759K(465920K)] 1296578K->1127843K(1864192K), 0.0504183 secs] [Times: user=0.24 sys=0.00, real=0.05 secs] 
4358.325: [GC (Allocation Failure) [PSYoungGen: 413785K->206419K(465920K)] 1356869K->1208215K(1864192K), 0.0555603 secs] [Times: user=0.28 sys=0.00, real=0.06 secs] 
4359.482: [GC (GCLocker Initiated GC) [PSYoungGen: 439379K->100027K(465920K)] 1441175K->1166584K(1864192K), 0.1102733 secs] [Times: user=0.60 sys=0.00, real=0.11 secs] 
4359.811: [GC (Allocation Failure) [PSYoungGen: 332987K->178710K(465920K)] 1407903K->1286214K(1864192K), 0.1280548 secs] [Times: user=0.70 sys=0.00, real=0.13 secs] 
4360.050: [GC (Allocation Failure) [PSYoungGen: 411670K->184695K(465920K)] 1519174K->1349094K(1864192K), 0.1760832 secs] [Times: user=0.99 sys=0.00, real=0.17 secs] 
4360.331: [GC (Allocation Failure) [PSYoungGen: 417655K->187541K(465920K)] 1582054K->1410405K(1864192K), 0.0589158 secs] [Times: user=0.29 sys=0.00, real=0.06 secs] 
4361.576: [GC (Allocation Failure) [PSYoungGen: 420501K->96827K(465920K)] 1643365K->1390675K(1864192K), 0.0611867 secs] [Times: user=0.33 sys=0.00, real=0.06 secs] 
4362.298: [GC (Allocation Failure) [PSYoungGen: 329787K->174485K(465920K)] 1623635K->1500194K(1864192K), 0.0484496 secs] [Times: user=0.23 sys=0.01, real=0.05 secs] 
4362.347: [Full GC (Ergonomics) [PSYoungGen: 174485K->0K(465920K)] [ParOldGen: 1325708K->202051K(1398272K)] 1500194K->202051K(1864192K), [Metaspace: 60440K->60440K(1105920K)], 0.1912593 secs] [Times: user=0.84 sys=0.00, real=0.19 secs] 
4362.647: [GC (GCLocker Initiated GC) [PSYoungGen: 232960K->181013K(465920K)] 435011K->383064K(1864192K), 0.0330697 secs] [Times: user=0.14 sys=0.00, real=0.04 secs] 
4362.792: [GC (Allocation Failure) [PSYoungGen: 413973K->184215K(465920K)] 632539K->457949K(1864192K), 0.1504680 secs] [Times: user=0.84 sys=0.00, real=0.15 secs] 
4363.902: [GC (Allocation Failure) [PSYoungGen: 417175K->148466K(465920K)] 690909K->480704K(1864192K), 0.1628678 secs] [Times: user=0.92 sys=0.00, real=0.16 secs] 
4364.680: [GC (Allocation Failure) [PSYoungGen: 381426K->121038K(465920K)] 713664K->500324K(1864192K), 0.1608282 secs] [Times: user=0.90 sys=0.00, real=0.16 secs] 
4365.083: [GC (Allocation Failure) [PSYoungGen: 353998K->187605K(465920K)] 733284K->605763K(1864192K), 0.0376106 secs] [Times: user=0.16 sys=0.00, real=0.04 secs] 
4365.252: [GC (Allocation Failure) [PSYoungGen: 420565K->185879K(465920K)] 838723K->666509K(1864192K), 0.0546610 secs] [Times: user=0.26 sys=0.00, real=0.05 secs] 
4365.411: [GC (Allocation Failure) [PSYoungGen: 418839K->187381K(465920K)] 899469K->726819K(1864192K), 0.0573489 secs] [Times: user=0.28 sys=0.00, real=0.05 secs] 
4366.896: [GC (Allocation Failure) [PSYoungGen: 419755K->92219K(465920K)] 959193K->702233K(1864192K), 0.1283205 secs] [Times: user=0.71 sys=0.01, real=0.13 secs] 
4367.892: [GC (Allocation Failure) [PSYoungGen: 325179K->172884K(465920K)] 935193K->812751K(1864192K), 0.0453613 secs] [Times: user=0.19 sys=0.00, real=0.04 secs] 
4368.079: [GC (Allocation Failure) [PSYoungGen: 405844K->185046K(465920K)] 1045711K->879264K(1864192K), 0.0434900 secs] [Times: user=0.19 sys=0.00, real=0.04 secs] 
4368.228: [GC (Allocation Failure) [PSYoungGen: 418006K->187989K(465920K)] 1112224K->938136K(1864192K), 0.0462453 secs] [Times: user=0.21 sys=0.00, real=0.05 secs] 
4369.228: [GC (Allocation Failure) [PSYoungGen: 420949K->148850K(465920K)] 1171096K->969877K(1864192K), 0.0517910 secs] [Times: user=0.26 sys=0.00, real=0.06 secs] 
4370.027: [GC (Allocation Failure) [PSYoungGen: 381810K->126239K(465920K)] 1202837K->994377K(1864192K), 0.1241220 secs] [Times: user=0.69 sys=0.00, real=0.13 secs] 
4370.331: [GC (Allocation Failure) [PSYoungGen: 359199K->187893K(465920K)] 1227337K->1096280K(1864192K), 0.0392371 secs] [Times: user=0.17 sys=0.00, real=0.04 secs] 
4370.544: [GC (GCLocker Initiated GC) [PSYoungGen: 420853K->180790K(465920K)] 1329242K->1151891K(1864192K), 0.0674334 secs] [Times: user=0.32 sys=0.00, real=0.07 secs] 
4371.070: [GC (Allocation Failure) [PSYoungGen: 413750K->185941K(465920K)] 1384851K->1214258K(1864192K), 0.0868624 secs] [Times: user=0.45 sys=0.00, real=0.08 secs] 
4372.233: [GC (Allocation Failure) [PSYoungGen: 418901K->99307K(465920K)] 1447218K->1197857K(1864192K), 0.0606554 secs] [Times: user=0.33 sys=0.00, real=0.06 secs] 
4373.028: [GC (Allocation Failure) [PSYoungGen: 332267K->172244K(465920K)] 1430817K->1301958K(1864192K), 0.0571818 secs] [Times: user=0.27 sys=0.00, real=0.06 secs] 
4373.257: [GC (Allocation Failure) [PSYoungGen: 405204K->184982K(465920K)] 1534918K->1369312K(1864192K), 0.0623587 secs] [Times: user=0.30 sys=0.00, real=0.07 secs] 
4373.432: [GC (Allocation Failure) [PSYoungGen: 417942K->187701K(465920K)] 1602272K->1428143K(1864192K), 0.0476354 secs] [Times: user=0.22 sys=0.00, real=0.05 secs] 
4374.395: [GC (Allocation Failure) [PSYoungGen: 420661K->145586K(465920K)] 1661103K->1456876K(1864192K), 0.0526000 secs] [Times: user=0.26 sys=0.00, real=0.05 secs] 
4374.448: [Full GC (Ergonomics) [PSYoungGen: 145586K->0K(465920K)] [ParOldGen: 1311290K->353946K(1398272K)] 1456876K->353946K(1864192K), [Metaspace: 60440K->60440K(1105920K)], 0.5823321 secs] [Times: user=2.54 sys=0.00, real=0.59 secs] 
4376.992: [GC (Allocation Failure) [PSYoungGen: 232960K->124494K(465920K)] 586906K->478441K(1864192K), 0.0537471 secs] [Times: user=0.21 sys=0.00, real=0.05 secs] 
4377.399: [GC (GCLocker Initiated GC) [PSYoungGen: 357454K->179637K(465920K)] 711402K->573802K(1864192K), 0.0464946 secs] [Times: user=0.22 sys=0.00, real=0.04 secs] 
4377.556: [GC (Allocation Failure) [PSYoungGen: 412597K->182582K(465920K)] 806928K->639633K(1864192K), 0.0485502 secs] [Times: user=0.23 sys=0.00, real=0.05 secs] 
4377.711: [GC (Allocation Failure) [PSYoungGen: 415542K->187221K(465920K)] 872593K->702352K(1864192K), 0.0566312 secs] [Times: user=0.28 sys=0.00, real=0.05 secs] 
4379.263: [GC (Allocation Failure) [PSYoungGen: 420181K->95403K(465920K)] 935312K->681102K(1864192K), 0.1185301 secs] [Times: user=0.65 sys=0.00, real=0.12 secs] 
4379.858: [GC (Allocation Failure) [PSYoungGen: 328363K->175061K(465920K)] 914062K->792055K(1864192K), 0.0477785 secs] [Times: user=0.21 sys=0.00, real=0.05 secs] 
4380.076: [GC (Allocation Failure) [PSYoungGen: 408021K->184246K(465920K)] 1025015K->855344K(1864192K), 0.0427225 secs] [Times: user=0.19 sys=0.00, real=0.05 secs] 
4380.349: [GC (Allocation Failure) [PSYoungGen: 417206K->203893K(465920K)] 1088304K->930719K(1864192K), 0.0463906 secs] [Times: user=0.21 sys=0.00, real=0.04 secs] 
4381.688: [GC (Allocation Failure) [PSYoungGen: 436853K->145810K(465920K)] 1163679K->943308K(1864192K), 0.0503442 secs] [Times: user=0.25 sys=0.00, real=0.05 secs] 
4382.468: [GC (Allocation Failure) [PSYoungGen: 378770K->128239K(465920K)] 1176268K->971874K(1864192K), 0.0901582 secs] [Times: user=0.50 sys=0.00, real=0.09 secs] 
4382.958: [GC (Allocation Failure) [PSYoungGen: 361199K->176693K(465920K)] 1204834K->1061572K(1864192K), 0.0529401 secs] [Times: user=0.24 sys=0.00, real=0.06 secs] 
4383.135: [GC (Allocation Failure) [PSYoungGen: 409653K->185623K(465920K)] 1294532K->1132454K(1864192K), 0.0492178 secs] [Times: user=0.22 sys=0.00, real=0.05 secs] 
4383.290: [GC (Allocation Failure) [PSYoungGen: 418583K->186997K(465920K)] 1365414K->1192780K(1864192K), 0.0581514 secs] [Times: user=0.29 sys=0.00, real=0.05 secs] 
4385.031: [GC (Allocation Failure) [PSYoungGen: 419957K->92443K(465920K)] 1425740K->1168562K(1864192K), 0.1194099 secs] [Times: user=0.66 sys=0.00, real=0.12 secs] 
4386.379: [GC (Allocation Failure) [PSYoungGen: 325403K->176501K(465920K)] 1401522K->1281721K(1864192K), 0.0521407 secs] [Times: user=0.22 sys=0.01, real=0.05 secs] 
4386.613: [GC (Allocation Failure) [PSYoungGen: 409461K->182613K(465920K)] 1514681K->1343102K(1864192K), 0.0643513 secs] [Times: user=0.31 sys=0.00, real=0.06 secs] 
4386.842: [GC (Allocation Failure) [PSYoungGen: 415573K->187637K(465920K)] 1576062K->1403741K(1864192K), 0.0666148 secs] [Times: user=0.33 sys=0.00, real=0.07 secs] 
4387.913: [GC (Allocation Failure) [PSYoungGen: 420597K->145298K(465920K)] 1636701K->1432050K(1864192K), 0.0513125 secs] [Times: user=0.25 sys=0.00, real=0.05 secs] 
4388.575: [GC (GCLocker Initiated GC) [PSYoungGen: 378258K->128351K(465920K)] 1665010K->1461200K(1864192K), 0.1833230 secs] [Times: user=1.02 sys=0.01, real=0.19 secs] 
4388.759: [Full GC (Ergonomics) [PSYoungGen: 128351K->0K(465920K)] [ParOldGen: 1332848K->145180K(1398272K)] 1461200K->145180K(1864192K), [Metaspace: 60444K->60444K(1105920K)], 0.1751211 secs] [Times: user=0.82 sys=0.00, real=0.17 secs] 
4389.084: [GC (Allocation Failure) [PSYoungGen: 232960K->187381K(465920K)] 378179K->332601K(1864192K), 0.0264632 secs] [Times: user=0.10 sys=0.00, real=0.03 secs] 
4389.218: [GC (Allocation Failure) [PSYoungGen: 420341K->185943K(465920K)] 565561K->393807K(1864192K), 0.0479603 secs] [Times: user=0.22 sys=0.00, real=0.05 secs] 
4389.370: [GC (Allocation Failure) [PSYoungGen: 418903K->187317K(465920K)] 626767K->454173K(1864192K), 0.0559778 secs] [Times: user=0.28 sys=0.00, real=0.05 secs] 
4390.594: [GC (Allocation Failure) [PSYoungGen: 420275K->92923K(465920K)] 687131K->430419K(1864192K), 0.0616564 secs] [Times: user=0.33 sys=0.00, real=0.06 secs] 
4391.364: [GC (Allocation Failure) [PSYoungGen: 325883K->176405K(465920K)] 663379K->544022K(1864192K), 0.0519379 secs] [Times: user=0.22 sys=0.00, real=0.05 secs] 
4391.571: [GC (Allocation Failure) [PSYoungGen: 409365K->184982K(465920K)] 776982K->607646K(1864192K), 0.0423040 secs] [Times: user=0.19 sys=0.00, real=0.04 secs] 
4391.715: [GC (Allocation Failure) [PSYoungGen: 417942K->187445K(465920K)] 840606K->666046K(1864192K), 0.0452902 secs] [Times: user=0.21 sys=0.00, real=0.05 secs] 
4392.684: [GC (Allocation Failure) [PSYoungGen: 420405K->140113K(465920K)] 899006K->689386K(1864192K), 0.0500931 secs] [Times: user=0.25 sys=0.01, real=0.05 secs] 
4393.925: [GC (Allocation Failure) [PSYoungGen: 373073K->130927K(465920K)] 922346K->724556K(1864192K), 0.1265500 secs] [Times: user=0.69 sys=0.00, real=0.13 secs] 
4394.288: [GC (Allocation Failure) [PSYoungGen: 363887K->179509K(465920K)] 957516K->814711K(1864192K), 0.0380651 secs] [Times: user=0.17 sys=0.00, real=0.04 secs] 
4394.435: [GC (Allocation Failure) [PSYoungGen: 412469K->183190K(465920K)] 1047671K->881040K(1864192K), 0.0486002 secs] [Times: user=0.23 sys=0.00, real=0.05 secs] 
4394.641: [GC (Allocation Failure) [PSYoungGen: 416150K->187189K(465920K)] 1114000K->943335K(1864192K), 0.0815953 secs] [Times: user=0.42 sys=0.00, real=0.08 secs] 
4395.879: [GC (Allocation Failure) [PSYoungGen: 420149K->97563K(465920K)] 1176295K->924349K(1864192K), 0.0734758 secs] [Times: user=0.39 sys=0.00, real=0.07 secs] 
4396.377: [GC (GCLocker Initiated GC) [PSYoungGen: 330523K->172341K(465920K)] 1157309K->1031087K(1864192K), 0.0445990 secs] [Times: user=0.19 sys=0.00, real=0.05 secs] 
4396.546: [GC (Allocation Failure) [PSYoungGen: 405301K->185078K(465920K)] 1264341K->1097694K(1864192K), 0.0437044 secs] [Times: user=0.20 sys=0.00, real=0.05 secs] 
4396.806: [GC (Allocation Failure) [PSYoungGen: 418038K->187413K(465920K)] 1330654K->1156142K(1864192K), 0.0579004 secs] [Times: user=0.28 sys=0.00, real=0.06 secs] 
4397.916: [GC (Allocation Failure) [PSYoungGen: 420373K->137393K(465920K)] 1389102K->1176658K(1864192K), 0.0503197 secs] [Times: user=0.25 sys=0.00, real=0.05 secs] 
4398.379: [GC (Allocation Failure) [PSYoungGen: 370353K->141073K(465920K)] 1409618K->1223938K(1864192K), 0.0993503 secs] [Times: user=0.53 sys=0.01, real=0.10 secs] 
4398.596: [GC (Allocation Failure) [PSYoungGen: 374033K->176789K(465920K)] 1456898K->1304534K(1864192K), 0.0396751 secs] [Times: user=0.17 sys=0.00, real=0.04 secs] 
4398.745: [GC (Allocation Failure) [PSYoungGen: 409749K->185271K(465920K)] 1537494K->1375189K(1864192K), 0.0503778 secs] [Times: user=0.24 sys=0.00, real=0.05 secs] 
4399.004: [GC (Allocation Failure) [PSYoungGen: 418179K->183700K(465920K)] 1608097K->1432458K(1864192K), 0.0631335 secs] [Times: user=0.31 sys=0.01, real=0.06 secs] 
4400.577: [GC (Allocation Failure) [PSYoungGen: 416660K->95803K(465920K)] 1665418K->1413793K(1864192K), 0.1011466 secs] [Times: user=0.56 sys=0.00, real=0.11 secs] 
4400.679: [Full GC (Ergonomics) [PSYoungGen: 95803K->0K(465920K)] [ParOldGen: 1317989K->100133K(1398272K)] 1413793K->100133K(1864192K), [Metaspace: 60444K->60444K(1105920K)], 0.1192882 secs] [Times: user=0.47 sys=0.00, real=0.11 secs] 
4401.772: [GC (Allocation Failure) [PSYoungGen: 232960K->172692K(465920K)] 333093K->272826K(1864192K), 0.0383183 secs] [Times: user=0.15 sys=0.01, real=0.04 secs] 
4401.966: [GC (Allocation Failure) [PSYoungGen: 405652K->185302K(465920K)] 505786K->339551K(1864192K), 0.0416528 secs] [Times: user=0.18 sys=0.00, real=0.04 secs] 
4402.113: [GC (Allocation Failure) [PSYoungGen: 418262K->187637K(465920K)] 572511K->398046K(1864192K), 0.0445234 secs] [Times: user=0.20 sys=0.00, real=0.04 secs] 
4403.164: [GC (Allocation Failure) [PSYoungGen: 420597K->134032K(465920K)] 631006K->415154K(1864192K), 0.0479256 secs] [Times: user=0.24 sys=0.01, real=0.05 secs] 
4404.176: [GC (Allocation Failure) [PSYoungGen: 366992K->137824K(465920K)] 648118K->461374K(1864192K), 0.1588075 secs] [Times: user=0.87 sys=0.01, real=0.16 secs] 
4404.513: [GC (Allocation Failure) [PSYoungGen: 370784K->177589K(465920K)] 694334K->545082K(1864192K), 0.0387191 secs] [Times: user=0.17 sys=0.00, real=0.04 secs] 
4404.660: [GC (Allocation Failure) [PSYoungGen: 410549K->185879K(465920K)] 778042K->615572K(1864192K), 0.0491623 secs] [Times: user=0.22 sys=0.00, real=0.05 secs] 
4404.813: [GC (Allocation Failure) [PSYoungGen: 418839K->187093K(465920K)] 848532K->675595K(1864192K), 0.0582610 secs] [Times: user=0.29 sys=0.00, real=0.06 secs] 
4405.837: [GC (Allocation Failure) [PSYoungGen: 420053K->97483K(465920K)] 908555K->656553K(1864192K), 0.0577225 secs] [Times: user=0.30 sys=0.00, real=0.06 secs] 
4406.367: [GC (Allocation Failure) [PSYoungGen: 330443K->178933K(465920K)] 889513K->768936K(1864192K), 0.0484363 secs] [Times: user=0.21 sys=0.00, real=0.05 secs] 
4406.548: [GC (Allocation Failure) [PSYoungGen: 411893K->185430K(465920K)] 1001896K->831700K(1864192K), 0.0448070 secs] [Times: user=0.20 sys=0.00, real=0.04 secs] 
4406.695: [GC (Allocation Failure) [PSYoungGen: 418390K->187253K(465920K)] 1064660K->889820K(1864192K), 0.0467366 secs] [Times: user=0.21 sys=0.00, real=0.05 secs] 
4407.674: [GC (Allocation Failure) [PSYoungGen: 420213K->124175K(465920K)] 1122780K->897274K(1864192K), 0.0489075 secs] [Times: user=0.24 sys=0.00, real=0.05 secs] 
4408.724: [GC (Allocation Failure) [PSYoungGen: 357135K->143713K(465920K)] 1130234K->956083K(1864192K), 0.1066194 secs] [Times: user=0.57 sys=0.00, real=0.11 secs] 
4408.967: [GC (Allocation Failure) [PSYoungGen: 376673K->184182K(465920K)] 1189043K->1041697K(1864192K), 0.0409280 secs] [Times: user=0.18 sys=0.00, real=0.04 secs] 
4409.140: [GC (Allocation Failure) [PSYoungGen: 417142K->185943K(465920K)] 1274657K->1107418K(1864192K), 0.0601807 secs] [Times: user=0.29 sys=0.00, real=0.06 secs] 
4409.305: [GC (Allocation Failure) [PSYoungGen: 418903K->184180K(465920K)] 1340378K->1164672K(1864192K), 0.0562768 secs] [Times: user=0.28 sys=0.00, real=0.06 secs] 
4411.195: [GC (Allocation Failure) [PSYoungGen: 417140K->91098K(465920K)] 1397632K->1141090K(1864192K), 0.1202854 secs] [Times: user=0.66 sys=0.01, real=0.12 secs] 
4411.876: [GC (Allocation Failure) [PSYoungGen: 324058K->179125K(465920K)] 1374050K->1258558K(1864192K), 0.0437502 secs] [Times: user=0.18 sys=0.00, real=0.05 secs] 
4412.075: [GC (Allocation Failure) [PSYoungGen: 412085K->185110K(465920K)] 1491518K->1320214K(1864192K), 0.0532502 secs] [Times: user=0.26 sys=0.00, real=0.06 secs] 
4412.242: [GC (Allocation Failure) [PSYoungGen: 418070K->184660K(465920K)] 1553174K->1375949K(1864192K), 0.0461569 secs] [Times: user=0.22 sys=0.00, real=0.05 secs] 
4414.132: [GC (Allocation Failure) [PSYoungGen: 417620K->125135K(465920K)] 1608909K->1386168K(1864192K), 0.0488812 secs] [Times: user=0.25 sys=0.00, real=0.05 secs] 
4414.511: [GC (GCLocker Initiated GC) [PSYoungGen: 358095K->145537K(465920K)] 1619128K->1446338K(1864192K), 0.1098825 secs] [Times: user=0.59 sys=0.00, real=0.11 secs] 
4414.760: [GC (Allocation Failure) [PSYoungGen: 378497K->184246K(465920K)] 1679465K->1531114K(1864192K), 0.0413740 secs] [Times: user=0.19 sys=0.00, real=0.04 secs] 
4414.802: [Full GC (Ergonomics) [PSYoungGen: 184246K->0K(465920K)] [ParOldGen: 1346868K->247449K(1398272K)] 1531114K->247449K(1864192K), [Metaspace: 60444K->60444K(1105920K)], 0.2922942 secs] [Times: user=1.33 sys=0.01, real=0.29 secs] 
4415.201: [GC (Allocation Failure) [PSYoungGen: 232960K->182262K(465920K)] 480409K->429712K(1864192K), 0.0807014 secs] [Times: user=0.42 sys=0.00, real=0.08 secs] 
4415.405: [GC (Allocation Failure) [PSYoungGen: 415222K->187125K(465920K)] 662672K->492703K(1864192K), 0.0556415 secs] [Times: user=0.27 sys=0.00, real=0.06 secs] 
4416.785: [GC (Allocation Failure) [PSYoungGen: 420085K->90698K(465920K)] 725663K->466860K(1864192K), 0.1015176 secs] [Times: user=0.55 sys=0.00, real=0.10 secs] 
4417.728: [GC (Allocation Failure) [PSYoungGen: 323658K->176469K(465920K)] 699820K->581964K(1864192K), 0.0473291 secs] [Times: user=0.20 sys=0.00, real=0.04 secs] 
4417.961: [GC (Allocation Failure) [PSYoungGen: 409429K->182389K(465920K)] 814924K->642656K(1864192K), 0.0637341 secs] [Times: user=0.31 sys=0.00, real=0.06 secs] 
4418.198: [GC (Allocation Failure) [PSYoungGen: 415349K->187637K(465920K)] 875616K->703344K(1864192K), 0.0643068 secs] [Times: user=0.32 sys=0.00, real=0.06 secs] 
4419.191: [GC (Allocation Failure) [PSYoungGen: 420597K->128015K(465920K)] 936304K->714482K(1864192K), 0.0491965 secs] [Times: user=0.25 sys=0.00, real=0.05 secs] 
4420.863: [GC (Allocation Failure) [PSYoungGen: 360975K->147761K(465920K)] 947442K->774783K(1864192K), 0.1180166 secs] [Times: user=0.64 sys=0.00, real=0.12 secs] 
4421.158: [GC (Allocation Failure) [PSYoungGen: 380721K->181141K(465920K)] 1007743K->853397K(1864192K), 0.0396070 secs] [Times: user=0.17 sys=0.00, real=0.04 secs] 
4421.315: [GC (Allocation Failure) [PSYoungGen: 414101K->185303K(465920K)] 1086357K->920510K(1864192K), 0.0497026 secs] [Times: user=0.23 sys=0.00, real=0.05 secs] 
4421.489: [GC (Allocation Failure) [PSYoungGen: 418263K->187285K(465920K)] 1153470K->981237K(1864192K), 0.0620779 secs] [Times: user=0.31 sys=0.01, real=0.06 secs] 
4422.554: [GC (Allocation Failure) [PSYoungGen: 420245K->98283K(465920K)] 1214197K->962835K(1864192K), 0.0676198 secs] [Times: user=0.36 sys=0.01, real=0.07 secs] 
4423.346: [GC (Allocation Failure) [PSYoungGen: 331243K->174581K(465920K)] 1195795K->1070606K(1864192K), 0.0496108 secs] [Times: user=0.21 sys=0.00, real=0.05 secs] 
4423.528: [GC (Allocation Failure) [PSYoungGen: 407541K->185142K(465920K)] 1303566K->1135679K(1864192K), 0.0462578 secs] [Times: user=0.21 sys=0.00, real=0.05 secs] 
4423.677: [GC (Allocation Failure) [PSYoungGen: 418102K->183956K(465920K)] 1368639K->1190622K(1864192K), 0.0492603 secs] [Times: user=0.23 sys=0.00, real=0.05 secs] 
4424.713: [GC (Allocation Failure) [PSYoungGen: 416916K->123535K(465920K)] 1423582K->1199529K(1864192K), 0.0504110 secs] [Times: user=0.25 sys=0.00, real=0.05 secs] 
4426.084: [GC (Allocation Failure) [PSYoungGen: 356495K->144273K(465920K)] 1432489K->1259570K(1864192K), 0.1397389 secs] [Times: user=0.77 sys=0.00, real=0.14 secs] 
4426.395: [GC (Allocation Failure) [PSYoungGen: 377233K->184022K(465920K)] 1492530K->1344960K(1864192K), 0.0415231 secs] [Times: user=0.19 sys=0.00, real=0.04 secs] 
4426.548: [GC (Allocation Failure) [PSYoungGen: 416982K->185751K(465920K)] 1577920K->1410625K(1864192K), 0.0529667 secs] [Times: user=0.25 sys=0.00, real=0.06 secs] 
4426.707: [GC (Allocation Failure) [PSYoungGen: 418711K->187381K(465920K)] 1643585K->1471207K(1864192K), 0.0602920 secs] [Times: user=0.30 sys=0.00, real=0.06 secs] 
4428.258: [GC (Allocation Failure) [PSYoungGen: 420341K->92699K(465920K)] 1704167K->1447133K(1864192K), 0.1191889 secs] [Times: user=0.66 sys=0.01, real=0.12 secs] 
4428.377: [Full GC (Ergonomics) [PSYoungGen: 92699K->0K(465920K)] [ParOldGen: 1354434K->103545K(1398272K)] 1447133K->103545K(1864192K), [Metaspace: 60444K->60444K(1105920K)], 0.1306964 secs] [Times: user=0.53 sys=0.00, real=0.13 secs] 
4429.135: [GC (Allocation Failure) [PSYoungGen: 232960K->178869K(465920K)] 336505K->282415K(1864192K), 0.0301924 secs] [Times: user=0.11 sys=0.00, real=0.03 secs] 
4429.280: [GC (Allocation Failure) [PSYoungGen: 411829K->182293K(465920K)] 515375K->341467K(1864192K), 0.0426704 secs] [Times: user=0.19 sys=0.00, real=0.04 secs] 
4429.427: [GC (Allocation Failure) [PSYoungGen: 415253K->187253K(465920K)] 574427K->401954K(1864192K), 0.0446064 secs] [Times: user=0.21 sys=0.00, real=0.05 secs] 
4430.463: [GC (Allocation Failure) [PSYoungGen: 420213K->121871K(465920K)] 634914K->407196K(1864192K), 0.0468177 secs] [Times: user=0.23 sys=0.00, real=0.05 secs] 
4431.163: [GC (GCLocker Initiated GC) [PSYoungGen: 354831K->150338K(465920K)] 640157K->474481K(1864192K), 0.1271967 secs] [Times: user=0.69 sys=0.00, real=0.13 secs] 
4431.444: [GC (Allocation Failure) [PSYoungGen: 383298K->181397K(465920K)] 707607K->552862K(1864192K), 0.0398294 secs] [Times: user=0.18 sys=0.00, real=0.04 secs] 
4431.634: [GC (GCLocker Initiated GC) [PSYoungGen: 414357K->184535K(465920K)] 785822K->619416K(1864192K), 0.0783295 secs] [Times: user=0.39 sys=0.00, real=0.08 secs] 
4431.833: [GC (Allocation Failure) [PSYoungGen: 417495K->184693K(465920K)] 852378K->678192K(1864192K), 0.0565883 secs] [Times: user=0.28 sys=0.01, real=0.06 secs] 
4433.238: [GC (Allocation Failure) [PSYoungGen: 417653K->94859K(465920K)] 911152K->657975K(1864192K), 0.0555265 secs] [Times: user=0.30 sys=0.00, real=0.06 secs] 
4434.117: [GC (Allocation Failure) [PSYoungGen: 327819K->178517K(465920K)] 890935K->772670K(1864192K), 0.0476924 secs] [Times: user=0.20 sys=0.01, real=0.05 secs] 
4434.296: [GC (Allocation Failure) [PSYoungGen: 411477K->185142K(465920K)] 1005630K->834946K(1864192K), 0.0434637 secs] [Times: user=0.20 sys=0.00, real=0.05 secs] 
4434.482: [GC (Allocation Failure) [PSYoungGen: 418102K->187125K(465920K)] 1067906K->892922K(1864192K), 0.0719252 secs] [Times: user=0.35 sys=0.00, real=0.07 secs] 
4435.531: [GC (Allocation Failure) [PSYoungGen: 420085K->118446K(465920K)] 1125882K->894875K(1864192K), 0.0469315 secs] [Times: user=0.23 sys=0.00, real=0.04 secs] 
4436.691: [GC (GCLocker Initiated GC) [PSYoungGen: 351406K->148721K(465920K)] 1127836K->963440K(1864192K), 0.1347614 secs] [Times: user=0.73 sys=0.00, real=0.13 secs] 
4436.982: [GC (Allocation Failure) [PSYoungGen: 381681K->188853K(465920K)] 1196694K->1050346K(1864192K), 0.0413925 secs] [Times: user=0.18 sys=0.01, real=0.04 secs] 
4437.230: [GC (Allocation Failure) [PSYoungGen: 421813K->183702K(465920K)] 1283306K->1108452K(1864192K), 0.0746320 secs] [Times: user=0.37 sys=0.00, real=0.07 secs] 
4437.805: [GC (Allocation Failure) [PSYoungGen: 416662K->184180K(465920K)] 1341412K->1167218K(1864192K), 0.1173385 secs] [Times: user=0.61 sys=0.00, real=0.12 secs] 
4439.123: [GC (Allocation Failure) [PSYoungGen: 417140K->97835K(465920K)] 1400178K->1150336K(1864192K), 0.0577899 secs] [Times: user=0.31 sys=0.00, real=0.06 secs] 
4439.549: [GC (Allocation Failure) [PSYoungGen: 330795K->177333K(465920K)] 1383296K->1261734K(1864192K), 0.0430994 secs] [Times: user=0.19 sys=0.00, real=0.04 secs] 
4439.705: [GC (Allocation Failure) [PSYoungGen: 410293K->185206K(465920K)] 1494694K->1324735K(1864192K), 0.0440008 secs] [Times: user=0.20 sys=0.00, real=0.05 secs] 
4439.853: [GC (Allocation Failure) [PSYoungGen: 418166K->186773K(465920K)] 1557695K->1382294K(1864192K), 0.0461959 secs] [Times: user=0.21 sys=0.00, real=0.05 secs] 
4440.866: [GC (Allocation Failure) [PSYoungGen: 419733K->119054K(465920K)] 1615254K->1385056K(1864192K), 0.0478882 secs] [Times: user=0.25 sys=0.00, real=0.05 secs] 
4441.296: [GC (Allocation Failure) [PSYoungGen: 352014K->155826K(465920K)] 1618016K->1460345K(1864192K), 0.0849831 secs] [Times: user=0.45 sys=0.00, real=0.09 secs] 
4441.539: [GC (Allocation Failure) [PSYoungGen: 388786K->179253K(465920K)] 1693305K->1532607K(1864192K), 0.0571586 secs] [Times: user=0.27 sys=0.00, real=0.05 secs] 
4441.597: [Full GC (Ergonomics) [PSYoungGen: 179253K->0K(465920K)] [ParOldGen: 1353354K->245660K(1398272K)] 1532607K->245660K(1864192K), [Metaspace: 60444K->60444K(1105920K)], 0.3070637 secs] [Times: user=1.42 sys=0.00, real=0.31 secs] 
4442.014: [GC (Allocation Failure) [PSYoungGen: 232960K->185751K(465920K)] 478620K->431412K(1864192K), 0.0857235 secs] [Times: user=0.45 sys=0.00, real=0.09 secs] 
4442.204: [GC (Allocation Failure) [PSYoungGen: 418711K->186741K(465920K)] 664372K->491378K(1864192K), 0.0569836 secs] [Times: user=0.28 sys=0.00, real=0.06 secs] 
4443.449: [GC (GCLocker Initiated GC) [PSYoungGen: 419701K->93595K(465920K)] 724338K->468680K(1864192K), 0.0692793 secs] [Times: user=0.35 sys=0.00, real=0.07 secs] 
4444.134: [GC (Allocation Failure) [PSYoungGen: 326555K->177045K(465920K)] 701643K->582274K(1864192K), 0.0502176 secs] [Times: user=0.22 sys=0.00, real=0.05 secs] 
4444.323: [GC (Allocation Failure) [PSYoungGen: 410005K->185206K(465920K)] 815234K->645935K(1864192K), 0.0428921 secs] [Times: user=0.19 sys=0.00, real=0.04 secs] 
4444.468: [GC (Allocation Failure) [PSYoungGen: 418166K->181748K(465920K)] 878895K->698445K(1864192K), 0.0446510 secs] [Times: user=0.20 sys=0.00, real=0.04 secs] 
4445.474: [GC (Allocation Failure) [PSYoungGen: 414708K->119886K(465920K)] 931405K->705607K(1864192K), 0.0468073 secs] [Times: user=0.24 sys=0.00, real=0.05 secs] 
4446.567: [GC (Allocation Failure) [PSYoungGen: 352846K->155442K(465920K)] 938567K->779968K(1864192K), 0.1192734 secs] [Times: user=0.64 sys=0.00, real=0.12 secs] 
4446.877: [GC (Allocation Failure) [PSYoungGen: 388402K->184150K(465920K)] 1012928K->856915K(1864192K), 0.0445135 secs] [Times: user=0.20 sys=0.00, real=0.05 secs] 
4447.031: [GC (Allocation Failure) [PSYoungGen: 417110K->185879K(465920K)] 1089875K->922589K(1864192K), 0.0503241 secs] [Times: user=0.24 sys=0.00, real=0.05 secs] 
4447.357: [GC (Allocation Failure) [PSYoungGen: 418839K->185397K(465920K)] 1155549K->980931K(1864192K), 0.0595503 secs] [Times: user=0.29 sys=0.00, real=0.06 secs] 
4448.578: [GC (Allocation Failure) [PSYoungGen: 418357K->92763K(465920K)] 1213891K->958457K(1864192K), 0.0911972 secs] [Times: user=0.49 sys=0.00, real=0.09 secs] 
4449.281: [GC (Allocation Failure) [PSYoungGen: 325723K->178293K(465920K)] 1191417K->1073080K(1864192K), 0.0480359 secs] [Times: user=0.21 sys=0.00, real=0.05 secs] 
4449.520: [GC (Allocation Failure) [PSYoungGen: 411253K->185174K(465920K)] 1306040K->1135553K(1864192K), 0.0673233 secs] [Times: user=0.33 sys=0.00, real=0.06 secs] 
4449.745: [GC (Allocation Failure) [PSYoungGen: 418134K->186933K(465920K)] 1368513K->1193320K(1864192K), 0.0662522 secs] [Times: user=0.33 sys=0.00, real=0.07 secs] 
4451.005: [GC (Allocation Failure) [PSYoungGen: 419893K->111933K(465920K)] 1426280K->1188752K(1864192K), 0.0489403 secs] [Times: user=0.26 sys=0.00, real=0.05 secs] 
4452.328: [GC (Allocation Failure) [PSYoungGen: 344893K->154418K(465920K)] 1421712K->1267122K(1864192K), 0.1077365 secs] [Times: user=0.56 sys=0.00, real=0.11 secs] 
4452.635: [GC (Allocation Failure) [PSYoungGen: 387378K->185014K(465920K)] 1500082K->1346477K(1864192K), 0.0466073 secs] [Times: user=0.21 sys=0.00, real=0.05 secs] 
4452.818: [GC (Allocation Failure) [PSYoungGen: 417974K->186135K(465920K)] 1579437K->1411839K(1864192K), 0.0668081 secs] [Times: user=0.33 sys=0.01, real=0.07 secs] 
4453.008: [GC (Allocation Failure) [PSYoungGen: 419095K->187093K(465920K)] 1644799K->1471661K(1864192K), 0.0575067 secs] [Times: user=0.28 sys=0.00, real=0.06 secs] 
4454.887: [GC (Allocation Failure) [PSYoungGen: 420053K->91610K(465920K)] 1704621K->1446626K(1864192K), 0.1096376 secs] [Times: user=0.60 sys=0.01, real=0.11 secs] 
4454.997: [Full GC (Ergonomics) [PSYoungGen: 91610K->0K(465920K)] [ParOldGen: 1355015K->104044K(1398272K)] 1446626K->104044K(1864192K), [Metaspace: 60444K->60444K(1105920K)], 0.1514677 secs] [Times: user=0.64 sys=0.00, real=0.15 secs] 
4455.796: [GC (Allocation Failure) [PSYoungGen: 232960K->179221K(465920K)] 337004K->283266K(1864192K), 0.0326000 secs] [Times: user=0.13 sys=0.00, real=0.04 secs] 
4455.985: [GC (Allocation Failure) [PSYoungGen: 412181K->184886K(465920K)] 516226K->344950K(1864192K), 0.0545391 secs] [Times: user=0.25 sys=0.00, real=0.06 secs] 
4456.188: [GC (Allocation Failure) [PSYoungGen: 417846K->187605K(465920K)] 577910K->403742K(1864192K), 0.0553998 secs] [Times: user=0.27 sys=0.00, real=0.06 secs] 
4457.248: [GC (Allocation Failure) [PSYoungGen: 420565K->109597K(465920K)] 636702K->396390K(1864192K), 0.0450027 secs] [Times: user=0.23 sys=0.00, real=0.05 secs] 
4458.212: [GC (Allocation Failure) [PSYoungGen: 342557K->158163K(465920K)] 629350K->480216K(1864192K), 0.0999092 secs] [Times: user=0.52 sys=0.00, real=0.10 secs] 
4458.465: [GC (Allocation Failure) [PSYoungGen: 391123K->185366K(465920K)] 713176K->556983K(1864192K), 0.0408643 secs] [Times: user=0.18 sys=0.00, real=0.04 secs] 
4458.613: [GC (Allocation Failure) [PSYoungGen: 418326K->186263K(465920K)] 789943K->622376K(1864192K), 0.0492333 secs] [Times: user=0.23 sys=0.00, real=0.05 secs] 
4458.763: [GC (Allocation Failure) [PSYoungGen: 419223K->187349K(465920K)] 855336K->682479K(1864192K), 0.0562313 secs] [Times: user=0.27 sys=0.00, real=0.06 secs] 
4460.468: [GC (Allocation Failure) [PSYoungGen: 420309K->85354K(465920K)] 915439K->651147K(1864192K), 0.0988858 secs] [Times: user=0.54 sys=0.00, real=0.09 secs] 
4460.994: [GC (Allocation Failure) [PSYoungGen: 318314K->180213K(465920K)] 884107K->773236K(1864192K), 0.0420842 secs] [Times: user=0.18 sys=0.00, real=0.04 secs] 
4461.149: [GC (Allocation Failure) [PSYoungGen: 413173K->185174K(465920K)] 1006196K->834448K(1864192K), 0.0433935 secs] [Times: user=0.19 sys=0.00, real=0.04 secs] 
4461.297: [GC (Allocation Failure) [PSYoungGen: 418134K->187541K(465920K)] 1067408K->892984K(1864192K), 0.0455603 secs] [Times: user=0.21 sys=0.01, real=0.05 secs] 
4462.313: [GC (Allocation Failure) [PSYoungGen: 420501K->109405K(465920K)] 1125944K->885656K(1864192K), 0.0461474 secs] [Times: user=0.23 sys=0.00, real=0.05 secs] 
4463.488: [GC (Allocation Failure) [PSYoungGen: 342365K->161651K(465920K)] 1118616K->973842K(1864192K), 0.1008110 secs] [Times: user=0.52 sys=0.01, real=0.11 secs] 
4463.743: [GC (Allocation Failure) [PSYoungGen: 394611K->184758K(465920K)] 1206802K->1047140K(1864192K), 0.0442734 secs] [Times: user=0.20 sys=0.00, real=0.04 secs] 
4463.920: [GC (Allocation Failure) [PSYoungGen: 417718K->185399K(465920K)] 1280100K->1112078K(1864192K), 0.0725123 secs] [Times: user=0.32 sys=0.00, real=0.07 secs] 
4464.336: [GC (Allocation Failure) [PSYoungGen: 418359K->183572K(465920K)] 1345038K->1168979K(1864192K), 0.0719197 secs] [Times: user=0.37 sys=0.00, real=0.07 secs] 
4465.489: [GC (Allocation Failure) [PSYoungGen: 416532K->90762K(465920K)] 1401939K->1145521K(1864192K), 0.0527758 secs] [Times: user=0.28 sys=0.00, real=0.05 secs] 
4465.775: [GC (Allocation Failure) [PSYoungGen: 323722K->182998K(465920K)] 1378481K->1266962K(1864192K), 0.0353179 secs] [Times: user=0.14 sys=0.00, real=0.04 secs] 
4465.918: [GC (Allocation Failure) [PSYoungGen: 415958K->185398K(465920K)] 1499922K->1326210K(1864192K), 0.0464958 secs] [Times: user=0.21 sys=0.00, real=0.04 secs] 
4466.120: [GC (Allocation Failure) [PSYoungGen: 418358K->186965K(465920K)] 1559170K->1383985K(1864192K), 0.0560781 secs] [Times: user=0.28 sys=0.00, real=0.05 secs] 
4467.222: [GC (Allocation Failure) [PSYoungGen: 419925K->104972K(465920K)] 1616945K->1372520K(1864192K), 0.0479460 secs] [Times: user=0.25 sys=0.00, real=0.05 secs] 
4468.170: [GC (GCLocker Initiated GC) [PSYoungGen: 337932K->164371K(465920K)] 1605481K->1465965K(1864192K), 0.0814259 secs] [Times: user=0.41 sys=0.00, real=0.08 secs] 
4468.462: [GC (Allocation Failure) [PSYoungGen: 397331K->181749K(465920K)] 1699055K->1534845K(1864192K), 0.0440634 secs] [Times: user=0.20 sys=0.00, real=0.04 secs] 
4468.506: [Full GC (Ergonomics) [PSYoungGen: 181749K->0K(465920K)] [ParOldGen: 1353095K->252151K(1398272K)] 1534845K->252151K(1864192K), [Metaspace: 60444K->60444K(1105920K)], 0.3066474 secs] [Times: user=1.40 sys=0.00, real=0.31 secs] 
4468.929: [GC (Allocation Failure) [PSYoungGen: 232960K->186039K(465920K)] 485111K->438191K(1864192K), 0.0848886 secs] [Times: user=0.44 sys=0.01, real=0.08 secs] 
4469.117: [GC (Allocation Failure) [PSYoungGen: 418999K->187029K(465920K)] 671151K->498077K(1864192K), 0.0553730 secs] [Times: user=0.27 sys=0.00, real=0.06 secs] 
4470.873: [GC (Allocation Failure) [PSYoungGen: 419989K->85962K(465920K)] 731037K->467506K(1864192K), 0.1121995 secs] [Times: user=0.62 sys=0.01, real=0.11 secs] 
4471.740: [GC (Allocation Failure) [PSYoungGen: 318922K->179541K(465920K)] 700466K->588334K(1864192K), 0.0494538 secs] [Times: user=0.22 sys=0.00, real=0.05 secs] 
4471.981: [GC (Allocation Failure) [PSYoungGen: 412501K->185174K(465920K)] 821294K->650206K(1864192K), 0.0595968 secs] [Times: user=0.29 sys=0.00, real=0.06 secs] 
4472.440: [GC (Allocation Failure) [PSYoungGen: 418134K->187029K(465920K)] 883166K->707974K(1864192K), 0.0875923 secs] [Times: user=0.44 sys=0.00, real=0.08 secs] 
4473.886: [GC (Allocation Failure) [PSYoungGen: 419989K->107085K(465920K)] 940934K->698597K(1864192K), 0.0449738 secs] [Times: user=0.23 sys=0.00, real=0.05 secs] 
4474.432: [GC (Allocation Failure) [PSYoungGen: 340045K->164435K(465920K)] 931557K->790217K(1864192K), 0.1133954 secs] [Times: user=0.58 sys=0.00, real=0.11 secs] 
4474.713: [GC (Allocation Failure) [PSYoungGen: 397395K->185302K(465920K)] 1023177K->862695K(1864192K), 0.0418984 secs] [Times: user=0.19 sys=0.00, real=0.04 secs] 
4474.888: [GC (Allocation Failure) [PSYoungGen: 418262K->186199K(465920K)] 1095655K->927921K(1864192K), 0.0560374 secs] [Times: user=0.27 sys=0.00, real=0.06 secs] 
4475.064: [GC (Allocation Failure) [PSYoungGen: 419159K->187093K(465920K)] 1160881K->987983K(1864192K), 0.0564314 secs] [Times: user=0.28 sys=0.00, real=0.06 secs] 
4476.748: [GC (Allocation Failure) [PSYoungGen: 420053K->86810K(465920K)] 1220943K->958292K(1864192K), 0.1105950 secs] [Times: user=0.61 sys=0.00, real=0.12 secs] 
4477.432: [GC (Allocation Failure) [PSYoungGen: 319770K->182902K(465920K)] 1191252K->1081596K(1864192K), 0.0458065 secs] [Times: user=0.20 sys=0.00, real=0.04 secs] 
4477.624: [GC (Allocation Failure) [PSYoungGen: 415862K->182645K(465920K)] 1314556K->1138244K(1864192K), 0.0622035 secs] [Times: user=0.30 sys=0.00, real=0.06 secs] 
4477.813: [GC (Allocation Failure) [PSYoungGen: 415605K->187445K(465920K)] 1371204K->1198612K(1864192K), 0.0461309 secs] [Times: user=0.22 sys=0.00, real=0.05 secs] 
4478.842: [GC (Allocation Failure) [PSYoungGen: 420405K->104316K(465920K)] 1431572K->1186091K(1864192K), 0.0525416 secs] [Times: user=0.28 sys=0.01, real=0.05 secs] 
4480.565: [GC (Allocation Failure) [PSYoungGen: 337276K->164019K(465920K)] 1419051K->1279639K(1864192K), 0.0971327 secs] [Times: user=0.50 sys=0.00, real=0.10 secs] 
4480.811: [GC (Allocation Failure) [PSYoungGen: 396979K->184438K(465920K)] 1512599K->1351345K(1864192K), 0.0432052 secs] [Times: user=0.19 sys=0.00, real=0.04 secs] 
4480.987: [GC (Allocation Failure) [PSYoungGen: 417398K->186295K(465920K)] 1584305K->1417223K(1864192K), 0.0551301 secs] [Times: user=0.27 sys=0.01, real=0.06 secs] 
4481.168: [GC (Allocation Failure) [PSYoungGen: 419255K->187125K(465920K)] 1650183K->1477381K(1864192K), 0.0565583 secs] [Times: user=0.28 sys=0.00, real=0.05 secs] 
4482.307: [GC (Allocation Failure) [PSYoungGen: 420085K->90794K(465920K)] 1710341K->1451474K(1864192K), 0.0686542 secs] [Times: user=0.37 sys=0.00, real=0.07 secs] 
4482.376: [Full GC (Ergonomics) [PSYoungGen: 90794K->0K(465920K)] [ParOldGen: 1360679K->107185K(1398272K)] 1451474K->107185K(1864192K), [Metaspace: 60444K->60444K(1105920K)], 0.1375093 secs] [Times: user=0.58 sys=0.00, real=0.14 secs] 
4483.284: [GC (Allocation Failure) [PSYoungGen: 232960K->178133K(465920K)] 340145K->285318K(1864192K), 0.0342213 secs] [Times: user=0.13 sys=0.00, real=0.03 secs] 
4483.449: [GC (Allocation Failure) [PSYoungGen: 411093K->185526K(465920K)] 518278K->348539K(1864192K), 0.0414417 secs] [Times: user=0.18 sys=0.00, real=0.04 secs] 
4483.614: [GC (Allocation Failure) [PSYoungGen: 418486K->187541K(465920K)] 581499K->406770K(1864192K), 0.0505578 secs] [Times: user=0.24 sys=0.00, real=0.05 secs] 
4484.628: [GC (Allocation Failure) [PSYoungGen: 420501K->104028K(465920K)] 639730K->393737K(1864192K), 0.0443487 secs] [Times: user=0.23 sys=0.00, real=0.04 secs] 
4486.268: [GC (Allocation Failure) [PSYoungGen: 336988K->165075K(465920K)] 626697K->488310K(1864192K), 0.0960963 secs] [Times: user=0.49 sys=0.00, real=0.10 secs] 
4486.521: [GC (Allocation Failure) [PSYoungGen: 398035K->184854K(465920K)] 721270K->559440K(1864192K), 0.0419988 secs] [Times: user=0.19 sys=0.00, real=0.04 secs] 
4486.670: [GC (Allocation Failure) [PSYoungGen: 417814K->183350K(465920K)] 792400K->622321K(1864192K), 0.0489859 secs] [Times: user=0.23 sys=0.00, real=0.05 secs] 
4486.854: [GC (Allocation Failure) [PSYoungGen: 416310K->187317K(465920K)] 855281K->684615K(1864192K), 0.0746502 secs] [Times: user=0.38 sys=0.00, real=0.08 secs] 
4488.355: [GC (Allocation Failure) [PSYoungGen: 420277K->93883K(465920K)] 917575K->661949K(1864192K), 0.0902755 secs] [Times: user=0.49 sys=0.00, real=0.09 secs] 
4488.809: [GC (GCLocker Initiated GC) [PSYoungGen: 326843K->180374K(465920K)] 894910K->778629K(1864192K), 0.0433355 secs] [Times: user=0.19 sys=0.00, real=0.04 secs] 
4489.007: [GC (Allocation Failure) [PSYoungGen: 413334K->185398K(465920K)] 1011627K->839883K(1864192K), 0.0549604 secs] [Times: user=0.26 sys=0.00, real=0.06 secs] 
4489.271: [GC (Allocation Failure) [PSYoungGen: 418358K->187125K(465920K)] 1072843K->897979K(1864192K), 0.0491652 secs] [Times: user=0.24 sys=0.00, real=0.05 secs] 
4490.977: [GC (Allocation Failure) [PSYoungGen: 420085K->97259K(465920K)] 1130939K->878553K(1864192K), 0.0439776 secs] [Times: user=0.23 sys=0.00, real=0.05 secs] 
4491.417: [GC (Allocation Failure) [PSYoungGen: 330219K->168020K(465920K)] 1111513K->981618K(1864192K), 0.0854854 secs] [Times: user=0.42 sys=0.00, real=0.09 secs] 
4491.719: [GC (Allocation Failure) [PSYoungGen: 400980K->183285K(465920K)] 1214578K->1049147K(1864192K), 0.0508818 secs] [Times: user=0.24 sys=0.00, real=0.05 secs] 
4491.946: [GC (Allocation Failure) [PSYoungGen: 416245K->185879K(465920K)] 1282107K->1115421K(1864192K), 0.0544780 secs] [Times: user=0.26 sys=0.00, real=0.06 secs] 
4492.361: [GC (Allocation Failure) [PSYoungGen: 418839K->186773K(465920K)] 1348381K->1175083K(1864192K), 0.0831846 secs] [Times: user=0.42 sys=0.00, real=0.08 secs] 
4494.527: [GC (Allocation Failure) [PSYoungGen: 419733K->84826K(465920K)] 1408043K->1143624K(1864192K), 0.1206983 secs] [Times: user=0.64 sys=0.01, real=0.12 secs] 
4495.145: [GC (Allocation Failure) [PSYoungGen: 317786K->183926K(465920K)] 1376584K->1270141K(1864192K), 0.0465382 secs] [Times: user=0.21 sys=0.00, real=0.05 secs] 
4495.310: [GC (Allocation Failure) [PSYoungGen: 416886K->182645K(465920K)] 1503101K->1325876K(1864192K), 0.0440311 secs] [Times: user=0.20 sys=0.00, real=0.04 secs] 
4495.501: [GC (Allocation Failure) [PSYoungGen: 415605K->187477K(465920K)] 1558836K->1386244K(1864192K), 0.0733844 secs] [Times: user=0.37 sys=0.00, real=0.07 secs] 
4496.657: [GC (Allocation Failure) [PSYoungGen: 420437K->102252K(465920K)] 1619204K->1371691K(1864192K), 0.0614034 secs] [Times: user=0.33 sys=0.00, real=0.07 secs] 
4498.363: [GC (Allocation Failure) [PSYoungGen: 335212K->165812K(465920K)] 1604651K->1467848K(1864192K), 0.0862891 secs] [Times: user=0.43 sys=0.00, real=0.09 secs] 
4498.603: [GC (Allocation Failure) [PSYoungGen: 398772K->190581K(465920K)] 1700808K->1544449K(1864192K), 0.0431948 secs] [Times: user=0.19 sys=0.00, real=0.04 secs] 
4498.646: [Full GC (Ergonomics) [PSYoungGen: 190581K->0K(465920K)] [ParOldGen: 1353868K->253893K(1398272K)] 1544449K->253893K(1864192K), [Metaspace: 60454K->60454K(1105920K)], 0.3121426 secs] [Times: user=1.43 sys=0.00, real=0.32 secs] 
4499.068: [GC (Allocation Failure) [PSYoungGen: 232960K->185879K(465920K)] 486853K->439772K(1864192K), 0.0839139 secs] [Times: user=0.43 sys=0.00, real=0.08 secs] 
4499.258: [GC (Allocation Failure) [PSYoungGen: 418839K->187221K(465920K)] 672732K->499946K(1864192K), 0.0558863 secs] [Times: user=0.27 sys=0.00, real=0.06 secs] 
4500.369: [GC (Allocation Failure) [PSYoungGen: 420181K->94251K(465920K)] 732906K->477692K(1864192K), 0.0415541 secs] [Times: user=0.22 sys=0.00, real=0.04 secs] 
4501.097: [GC (Allocation Failure) [PSYoungGen: 327211K->175477K(465920K)] 710652K->588347K(1864192K), 0.0446138 secs] [Times: user=0.20 sys=0.00, real=0.05 secs] 
4501.299: [GC (Allocation Failure) [PSYoungGen: 408437K->185078K(465920K)] 821307K->653392K(1864192K), 0.0654809 secs] [Times: user=0.31 sys=0.00, real=0.06 secs] 
4501.519: [GC (Allocation Failure) [PSYoungGen: 418038K->187317K(465920K)] 886352K->711703K(1864192K), 0.0627604 secs] [Times: user=0.31 sys=0.00, real=0.06 secs] 
4502.589: [GC (Allocation Failure) [PSYoungGen: 420277K->103932K(465920K)] 944663K->699055K(1864192K), 0.0453090 secs] [Times: user=0.24 sys=0.00, real=0.04 secs] 
4503.605: [GC (Allocation Failure) [PSYoungGen: 336892K->163955K(465920K)] 932015K->792387K(1864192K), 0.0808058 secs] [Times: user=0.41 sys=0.00, real=0.08 secs] 
4503.844: [GC (Allocation Failure) [PSYoungGen: 396915K->185238K(465920K)] 1025347K->865509K(1864192K), 0.0417722 secs] [Times: user=0.18 sys=0.00, real=0.04 secs] 
4503.996: [GC (Allocation Failure) [PSYoungGen: 418198K->186007K(465920K)] 1098469K->930750K(1864192K), 0.0496195 secs] [Times: user=0.23 sys=0.00, real=0.05 secs] 
4504.152: [GC (Allocation Failure) [PSYoungGen: 418967K->187445K(465920K)] 1163710K->991164K(1864192K), 0.0548062 secs] [Times: user=0.27 sys=0.00, real=0.05 secs] 
4505.791: [GC (Allocation Failure) [PSYoungGen: 420405K->90522K(465920K)] 1224124K->965034K(1864192K), 0.0898153 secs] [Times: user=0.48 sys=0.01, real=0.09 secs] 
4506.365: [GC (Allocation Failure) [PSYoungGen: 323482K->180149K(465920K)] 1197994K->1083214K(1864192K), 0.0440674 secs] [Times: user=0.19 sys=0.00, real=0.05 secs] 
4506.563: [GC (Allocation Failure) [PSYoungGen: 413109K->185398K(465920K)] 1316174K->1144962K(1864192K), 0.0646141 secs] [Times: user=0.31 sys=0.00, real=0.06 secs] 
4506.806: [GC (Allocation Failure) [PSYoungGen: 418358K->186677K(465920K)] 1377922K->1202353K(1864192K), 0.0582273 secs] [Times: user=0.29 sys=0.01, real=0.06 secs] 
4507.786: [GC (Allocation Failure) [PSYoungGen: 419637K->104796K(465920K)] 1435313K->1190993K(1864192K), 0.0454593 secs] [Times: user=0.23 sys=0.00, real=0.05 secs] 
4508.529: [GC (Allocation Failure) [PSYoungGen: 337756K->169140K(465920K)] 1423953K->1289769K(1864192K), 0.0813670 secs] [Times: user=0.40 sys=0.01, real=0.08 secs] 
4508.766: [GC (Allocation Failure) [PSYoungGen: 402100K->184694K(465920K)] 1522729K->1358266K(1864192K), 0.0436355 secs] [Times: user=0.20 sys=0.00, real=0.05 secs] 
4508.917: [GC (GCLocker Initiated GC) [PSYoungGen: 417654K->181942K(465920K)] 1591226K->1420067K(1864192K), 0.0512431 secs] [Times: user=0.24 sys=0.00, real=0.05 secs] 
4510.077: [GC (Allocation Failure) [PSYoungGen: 414902K->183700K(465920K)] 1664419K->1490833K(1864192K), 0.0784895 secs] [Times: user=0.41 sys=0.00, real=0.08 secs] 
4511.046: [GC (Allocation Failure) [PSYoungGen: 416660K->104492K(465920K)] 1723793K->1480993K(1864192K), 0.1267158 secs] [Times: user=0.71 sys=0.00, real=0.13 secs] 
4511.173: [Full GC (Ergonomics) [PSYoungGen: 104492K->0K(465920K)] [ParOldGen: 1376500K->122308K(1398272K)] 1480993K->122308K(1864192K), [Metaspace: 60454K->60454K(1105920K)], 0.1663648 secs] [Times: user=0.75 sys=0.00, real=0.17 secs] 
4511.638: [GC (Allocation Failure) [PSYoungGen: 232960K->178709K(465920K)] 355268K->301018K(1864192K), 0.0247989 secs] [Times: user=0.09 sys=0.00, real=0.03 secs] 
4511.827: [GC (Allocation Failure) [PSYoungGen: 411669K->185174K(465920K)] 533978K->363547K(1864192K), 0.0660742 secs] [Times: user=0.32 sys=0.00, real=0.07 secs] 
4512.024: [GC (Allocation Failure) [PSYoungGen: 418134K->187381K(465920K)] 596507K->421770K(1864192K), 0.0451459 secs] [Times: user=0.21 sys=0.00, real=0.05 secs] 
4513.379: [GC (Allocation Failure) [PSYoungGen: 420341K->98235K(465920K)] 654730K->403336K(1864192K), 0.0801759 secs] [Times: user=0.43 sys=0.00, real=0.08 secs] 
4514.730: [GC (Allocation Failure) [PSYoungGen: 331195K->170996K(465920K)] 636296K->507650K(1864192K), 0.0687632 secs] [Times: user=0.33 sys=0.00, real=0.07 secs] 
4514.948: [GC (Allocation Failure) [PSYoungGen: 403956K->182517K(465920K)] 740610K->572287K(1864192K), 0.0416148 secs] [Times: user=0.18 sys=0.00, real=0.05 secs] 
4515.099: [GC (Allocation Failure) [PSYoungGen: 415477K->186071K(465920K)] 805247K->639569K(1864192K), 0.0501147 secs] [Times: user=0.23 sys=0.00, real=0.05 secs] 
4515.969: [GC (Allocation Failure) [PSYoungGen: 414878K->209331K(465920K)] 868376K->721893K(1864192K), 0.0553032 secs] [Times: user=0.28 sys=0.00, real=0.05 secs] 
4516.611: [GC (Allocation Failure) [PSYoungGen: 442291K->103804K(465920K)] 954853K->682102K(1864192K), 0.0983889 secs] [Times: user=0.52 sys=0.01, real=0.10 secs] 
4517.046: [GC (Allocation Failure) [PSYoungGen: 335418K->179061K(465920K)] 913716K->790280K(1864192K), 0.0412939 secs] [Times: user=0.19 sys=0.00, real=0.04 secs] 
4517.195: [GC (Allocation Failure) [PSYoungGen: 412021K->185206K(465920K)] 1023240K->852393K(1864192K), 0.0433921 secs] [Times: user=0.19 sys=0.00, real=0.05 secs] 
4518.506: [GC (GCLocker Initiated GC) [PSYoungGen: 418166K->179220K(465920K)] 1085353K->902575K(1864192K), 0.1137641 secs] [Times: user=0.58 sys=0.01, real=0.12 secs] 
4519.621: [GC (Allocation Failure) [PSYoungGen: 412180K->97755K(465920K)] 1135539K->889114K(1864192K), 0.0436465 secs] [Times: user=0.22 sys=0.00, real=0.04 secs] 
4520.875: [GC (Allocation Failure) [PSYoungGen: 330715K->167252K(465920K)] 1122074K->990008K(1864192K), 0.0798278 secs] [Times: user=0.40 sys=0.00, real=0.08 secs] 
4521.107: [GC (Allocation Failure) [PSYoungGen: 400212K->184854K(465920K)] 1222968K->1059866K(1864192K), 0.0424114 secs] [Times: user=0.19 sys=0.00, real=0.05 secs] 
4521.308: [GC (Allocation Failure) [PSYoungGen: 417814K->183350K(465920K)] 1292826K->1122530K(1864192K), 0.0805072 secs] [Times: user=0.40 sys=0.00, real=0.08 secs] 
4521.568: [GC (Allocation Failure) [PSYoungGen: 416310K->218677K(465920K)] 1355490K->1216297K(1864192K), 0.0549106 secs] [Times: user=0.27 sys=0.00, real=0.05 secs] 
4522.989: [GC (Allocation Failure) [PSYoungGen: 451637K->93179K(465920K)] 1449257K->1160855K(1864192K), 0.1161180 secs] [Times: user=0.64 sys=0.01, real=0.11 secs] 
4523.517: [GC (Allocation Failure) [PSYoungGen: 326139K->180405K(465920K)] 1393815K->1278038K(1864192K), 0.0436495 secs] [Times: user=0.19 sys=0.00, real=0.05 secs] 
4523.672: [GC (Allocation Failure) [PSYoungGen: 413365K->185206K(465920K)] 1510998K->1339498K(1864192K), 0.0442708 secs] [Times: user=0.20 sys=0.00, real=0.04 secs] 
4523.838: [GC (Allocation Failure) [PSYoungGen: 418166K->184116K(465920K)] 1572458K->1394553K(1864192K), 0.0593369 secs] [Times: user=0.29 sys=0.00, real=0.06 secs] 
4524.888: [GC (Allocation Failure) [PSYoungGen: 417076K->102940K(465920K)] 1627513K->1382776K(1864192K), 0.0454160 secs] [Times: user=0.24 sys=0.00, real=0.05 secs] 
4525.410: [GC (GCLocker Initiated GC) [PSYoungGen: 335900K->172597K(465920K)] 1615737K->1486178K(1864192K), 0.0882447 secs] [Times: user=0.40 sys=0.00, real=0.08 secs] 
4525.498: [Full GC (Ergonomics) [PSYoungGen: 172597K->0K(465920K)] [ParOldGen: 1313581K->195061K(1398272K)] 1486178K->195061K(1864192K), [Metaspace: 60454K->60454K(1105920K)], 0.2166003 secs] [Times: user=0.97 sys=0.01, real=0.22 secs] 
4525.831: [GC (Allocation Failure) [PSYoungGen: 232960K->192790K(465920K)] 428024K->387854K(1864192K), 0.0341032 secs] [Times: user=0.14 sys=0.00, real=0.03 secs] 
4525.971: [GC (Allocation Failure) [PSYoungGen: 425750K->186103K(465920K)] 620814K->445487K(1864192K), 0.0436565 secs] [Times: user=0.19 sys=0.00, real=0.04 secs] 
4526.628: [GC (Allocation Failure) [PSYoungGen: 419063K->216948K(465920K)] 678447K->535324K(1864192K), 0.0550389 secs] [Times: user=0.28 sys=0.00, real=0.05 secs] 
4527.750: [GC (Allocation Failure) [PSYoungGen: 449908K->95851K(465920K)] 768284K->481068K(1864192K), 0.1128254 secs] [Times: user=0.62 sys=0.00, real=0.11 secs] 
4528.557: [GC (Allocation Failure) [PSYoungGen: 328811K->180534K(465920K)] 714028K->596391K(1864192K), 0.0468246 secs] [Times: user=0.21 sys=0.01, real=0.05 secs] 
4528.727: [GC (Allocation Failure) [PSYoungGen: 413494K->185334K(465920K)] 829351K->657503K(1864192K), 0.0431916 secs] [Times: user=0.19 sys=0.00, real=0.05 secs] 
4528.909: [GC (Allocation Failure) [PSYoungGen: 418294K->186645K(465920K)] 890463K->714926K(1864192K), 0.0637557 secs] [Times: user=0.31 sys=0.00, real=0.06 secs] 
4530.143: [GC (Allocation Failure) [PSYoungGen: 419605K->98732K(465920K)] 947886K->697461K(1864192K), 0.0747098 secs] [Times: user=0.40 sys=0.01, real=0.07 secs] 
4531.835: [GC (Allocation Failure) [PSYoungGen: 331692K->167732K(465920K)] 930421K->797842K(1864192K), 0.0801539 secs] [Times: user=0.40 sys=0.00, real=0.08 secs] 
4532.066: [GC (Allocation Failure) [PSYoungGen: 400692K->185462K(465920K)] 1030802K->868184K(1864192K), 0.0422246 secs] [Times: user=0.19 sys=0.00, real=0.04 secs] 
4532.215: [GC (Allocation Failure) [PSYoungGen: 418422K->186487K(465920K)] 1101144K->933633K(1864192K), 0.0499564 secs] [Times: user=0.23 sys=0.00, real=0.05 secs] 
4532.645: [GC (Allocation Failure) [PSYoungGen: 416790K->213172K(465920K)] 1163937K->1019486K(1864192K), 0.0549278 secs] [Times: user=0.27 sys=0.00, real=0.06 secs] 
4533.498: [GC (Allocation Failure) [PSYoungGen: 446132K->97371K(465920K)] 1252446K->971350K(1864192K), 0.0424941 secs] [Times: user=0.22 sys=0.00, real=0.04 secs] 
4534.161: [GC (Allocation Failure) [PSYoungGen: 330331K->183029K(465920K)] 1204310K->1087439K(1864192K), 0.0421140 secs] [Times: user=0.19 sys=0.00, real=0.04 secs] 
4534.333: [GC (Allocation Failure) [PSYoungGen: 415989K->185558K(465920K)] 1320399K->1146068K(1864192K), 0.0514603 secs] [Times: user=0.24 sys=0.00, real=0.05 secs] 
4534.506: [GC (Allocation Failure) [PSYoungGen: 418518K->187413K(465920K)] 1379028K->1204083K(1864192K), 0.0488162 secs] [Times: user=0.23 sys=0.00, real=0.05 secs] 
4535.576: [GC (Allocation Failure) [PSYoungGen: 420373K->102972K(465920K)] 1437043K->1190458K(1864192K), 0.0525520 secs] [Times: user=0.26 sys=0.00, real=0.06 secs] 
4536.392: [GC (Allocation Failure) [PSYoungGen: 335932K->167412K(465920K)] 1423418K->1288166K(1864192K), 0.0746088 secs] [Times: user=0.36 sys=0.00, real=0.07 secs] 
4536.635: [GC (Allocation Failure) [PSYoungGen: 400310K->184982K(465920K)] 1521065K->1358816K(1864192K), 0.0437149 secs] [Times: user=0.19 sys=0.00, real=0.05 secs] 
4536.790: [GC (Allocation Failure) [PSYoungGen: 417942K->185847K(465920K)] 1591776K->1423738K(1864192K), 0.0516423 secs] [Times: user=0.25 sys=0.00, real=0.05 secs] 
4537.624: [GC (Allocation Failure) [PSYoungGen: 415065K->196339K(465920K)] 1652956K->1493302K(1864192K), 0.0571060 secs] [Times: user=0.29 sys=0.01, real=0.06 secs] 
4538.492: [GC (Allocation Failure) [PSYoungGen: 429299K->99931K(465920K)] 1726262K->1463974K(1864192K), 0.1113037 secs] [Times: user=0.60 sys=0.00, real=0.11 secs] 
4538.603: [Full GC (Ergonomics) [PSYoungGen: 99931K->0K(465920K)] [ParOldGen: 1364042K->117608K(1398272K)] 1463974K->117608K(1864192K), [Metaspace: 60454K->60454K(1105920K)], 0.1781851 secs] [Times: user=0.79 sys=0.00, real=0.18 secs] 
4539.250: [GC (Allocation Failure) [PSYoungGen: 232960K->182998K(465920K)] 350568K->300606K(1864192K), 0.0301107 secs] [Times: user=0.11 sys=0.00, real=0.03 secs] 
4539.416: [GC (Allocation Failure) [PSYoungGen: 415958K->178709K(465920K)] 533566K->353085K(1864192K), 0.0560650 secs] [Times: user=0.27 sys=0.01, real=0.06 secs] 
4539.626: [GC (Allocation Failure) [PSYoungGen: 411669K->186453K(465920K)] 586045K->415269K(1864192K), 0.0643757 secs] [Times: user=0.31 sys=0.00, real=0.07 secs] 
4540.842: [GC (Allocation Failure) [PSYoungGen: 419413K->104812K(465920K)] 648229K->403741K(1864192K), 0.0619879 secs] [Times: user=0.33 sys=0.00, real=0.06 secs] 
4541.699: [GC (Allocation Failure) [PSYoungGen: 337772K->169236K(465920K)] 636701K->501897K(1864192K), 0.0620485 secs] [Times: user=0.30 sys=0.00, real=0.06 secs] 
4541.892: [GC (Allocation Failure) [PSYoungGen: 402196K->182677K(465920K)] 734857K->568311K(1864192K), 0.0417766 secs] [Times: user=0.19 sys=0.00, real=0.04 secs] 
4542.084: [GC (Allocation Failure) [PSYoungGen: 415637K->185623K(465920K)] 801271K->635176K(1864192K), 0.0742875 secs] [Times: user=0.37 sys=0.00, real=0.07 secs] 
4542.994: [GC (Allocation Failure) [PSYoungGen: 418583K->175155K(465920K)] 868136K->683709K(1864192K), 0.0544841 secs] [Times: user=0.27 sys=0.01, real=0.06 secs] 
4543.552: [GC (Allocation Failure) [PSYoungGen: 408115K->105564K(465920K)] 916669K->680786K(1864192K), 0.1054158 secs] [Times: user=0.56 sys=0.01, real=0.10 secs] 
4544.093: [GC (Allocation Failure) [PSYoungGen: 338524K->177813K(465920K)] 913746K->786207K(1864192K), 0.0465503 secs] [Times: user=0.21 sys=0.00, real=0.05 secs] 
4544.262: [GC (Allocation Failure) [PSYoungGen: 410773K->182325K(465920K)] 1019167K->846324K(1864192K), 0.0429194 secs] [Times: user=0.19 sys=0.00, real=0.04 secs] 
4544.412: [GC (Allocation Failure) [PSYoungGen: 415285K->187189K(465920K)] 1079284K->906531K(1864192K), 0.0452460 secs] [Times: user=0.21 sys=0.00, real=0.04 secs] 
4545.450: [GC (Allocation Failure) [PSYoungGen: 420149K->103292K(465920K)] 1139491K->893235K(1864192K), 0.0489185 secs] [Times: user=0.26 sys=0.00, real=0.05 secs] 
4546.657: [GC (Allocation Failure) [PSYoungGen: 336252K->166324K(465920K)] 1126195K->989531K(1864192K), 0.0822268 secs] [Times: user=0.40 sys=0.00, real=0.09 secs] 
4546.953: [GC (Allocation Failure) [PSYoungGen: 399284K->185142K(465920K)] 1222491K->1061049K(1864192K), 0.0526037 secs] [Times: user=0.25 sys=0.00, real=0.05 secs] 
4547.162: [GC (Allocation Failure) [PSYoungGen: 418102K->186039K(465920K)] 1294009K->1126146K(1864192K), 0.0778323 secs] [Times: user=0.39 sys=0.00, real=0.08 secs] 
4548.099: [GC (Allocation Failure) [PSYoungGen: 418999K->173043K(465920K)] 1359106K->1172335K(1864192K), 0.0579097 secs] [Times: user=0.29 sys=0.00, real=0.05 secs] 
4548.993: [GC (Allocation Failure) [PSYoungGen: 406003K->109885K(465920K)] 1405295K->1175292K(1864192K), 0.0844676 secs] [Times: user=0.44 sys=0.01, real=0.08 secs] 
4549.517: [GC (Allocation Failure) [PSYoungGen: 342845K->177013K(465920K)] 1408252K->1277321K(1864192K), 0.0455877 secs] [Times: user=0.21 sys=0.00, real=0.05 secs] 
4549.673: [GC (Allocation Failure) [PSYoungGen: 409973K->184663K(465920K)] 1510281K->1347243K(1864192K), 0.0496861 secs] [Times: user=0.24 sys=0.00, real=0.05 secs] 
4549.828: [GC (Allocation Failure) [PSYoungGen: 417623K->187157K(465920K)] 1580203K->1408121K(1864192K), 0.0573943 secs] [Times: user=0.28 sys=0.00, real=0.06 secs] 
4550.891: [GC (Allocation Failure) [PSYoungGen: 420117K->96347K(465920K)] 1641081K->1387944K(1864192K), 0.0480456 secs] [Times: user=0.25 sys=0.00, real=0.05 secs] 
4551.298: [GC (Allocation Failure) [PSYoungGen: 329307K->175861K(465920K)] 1620904K->1499186K(1864192K), 0.0396955 secs] [Times: user=0.17 sys=0.00, real=0.03 secs] 
4551.338: [Full GC (Ergonomics) [PSYoungGen: 175861K->0K(465920K)] [ParOldGen: 1323324K->203104K(1398272K)] 1499186K->203104K(1864192K), [Metaspace: 60454K->60454K(1105920K)], 0.1914382 secs] [Times: user=0.85 sys=0.00, real=0.20 secs] 
4551.652: [GC (Allocation Failure) [PSYoungGen: 232960K->182069K(465920K)] 436064K->385173K(1864192K), 0.0363305 secs] [Times: user=0.15 sys=0.00, real=0.03 secs] 
4551.819: [GC (Allocation Failure) [PSYoungGen: 406875K->178806K(465920K)] 609979K->445774K(1864192K), 0.0516910 secs] [Times: user=0.24 sys=0.00, real=0.05 secs] 
4552.776: [GC (Allocation Failure) [PSYoungGen: 411766K->168627K(401920K)] 678734K->492435K(1800192K), 0.0552350 secs] [Times: user=0.28 sys=0.00, real=0.06 secs] 
4553.577: [GC (Allocation Failure) [PSYoungGen: 401587K->107612K(463872K)] 725395K->495908K(1862144K), 0.1181330 secs] [Times: user=0.64 sys=0.00, real=0.12 secs] 
4554.221: [GC (Allocation Failure) [PSYoungGen: 335935K->175477K(464896K)] 724231K->598366K(1863168K), 0.0495451 secs] [Times: user=0.22 sys=0.00, real=0.05 secs] 
4554.437: [GC (Allocation Failure) [PSYoungGen: 407413K->184630K(465920K)] 830302K->662111K(1864192K), 0.0592397 secs] [Times: user=0.28 sys=0.00, real=0.06 secs] 
4554.608: [GC (Allocation Failure) [PSYoungGen: 417590K->184532K(465920K)] 895071K->717854K(1864192K), 0.0453246 secs] [Times: user=0.21 sys=0.00, real=0.05 secs] 
4555.700: [GC (Allocation Failure) [PSYoungGen: 417492K->103708K(465920K)] 950814K->706637K(1864192K), 0.0607258 secs] [Times: user=0.32 sys=0.01, real=0.06 secs] 
4556.569: [GC (Allocation Failure) [PSYoungGen: 336668K->172468K(465920K)] 939597K->808730K(1864192K), 0.0895757 secs] [Times: user=0.43 sys=0.01, real=0.09 secs] 
4556.831: [GC (Allocation Failure) [PSYoungGen: 405428K->184950K(465920K)] 1041690K->875448K(1864192K), 0.0428114 secs] [Times: user=0.19 sys=0.00, real=0.04 secs] 
4557.023: [GC (Allocation Failure) [PSYoungGen: 417910K->183670K(465920K)] 1108408K->938401K(1864192K), 0.0801891 secs] [Times: user=0.40 sys=0.00, real=0.08 secs] 
4557.943: [GC (Allocation Failure) [PSYoungGen: 412850K->205907K(465920K)] 1167581K->1019013K(1864192K), 0.0563967 secs] [Times: user=0.28 sys=0.00, real=0.06 secs] 
4558.498: [GC (Allocation Failure) [PSYoungGen: 438867K->104268K(465920K)] 1251973K->981998K(1864192K), 0.0837697 secs] [Times: user=0.45 sys=0.00, real=0.09 secs] 
4558.854: [GC (Allocation Failure) [PSYoungGen: 332865K->178133K(465920K)] 1210595K->1088812K(1864192K), 0.0453325 secs] [Times: user=0.20 sys=0.00, real=0.05 secs] 
4559.009: [GC (GCLocker Initiated GC) [PSYoungGen: 411093K->184598K(465920K)] 1321772K->1150797K(1864192K), 0.0440183 secs] [Times: user=0.20 sys=0.00, real=0.04 secs] 
4559.569: [GC (Allocation Failure) [PSYoungGen: 417558K->180660K(465920K)] 1383758K->1202676K(1864192K), 0.1146881 secs] [Times: user=0.60 sys=0.01, real=0.11 secs] 
4561.191: [GC (Allocation Failure) [PSYoungGen: 413620K->98700K(465920K)] 1435636K->1189068K(1864192K), 0.0446716 secs] [Times: user=0.23 sys=0.00, real=0.04 secs] 
4561.940: [GC (Allocation Failure) [PSYoungGen: 331660K->169428K(465920K)] 1422028K->1291297K(1864192K), 0.0700326 secs] [Times: user=0.34 sys=0.00, real=0.07 secs] 
4562.154: [GC (Allocation Failure) [PSYoungGen: 402388K->185206K(465920K)] 1524257K->1360199K(1864192K), 0.0449944 secs] [Times: user=0.21 sys=0.00, real=0.05 secs] 
4562.308: [GC (Allocation Failure) [PSYoungGen: 418166K->183286K(465920K)] 1593159K->1422544K(1864192K), 0.0520372 secs] [Times: user=0.25 sys=0.00, real=0.06 secs] 
4562.821: [GC (Allocation Failure) [PSYoungGen: 416246K->199860K(465920K)] 1655504K->1497142K(1864192K), 0.0547407 secs] [Times: user=0.27 sys=0.00, real=0.05 secs] 
4563.869: [GC (GCLocker Initiated GC) [PSYoungGen: 432820K->94891K(465920K)] 1730102K->1460740K(1864192K), 0.1095414 secs] [Times: user=0.60 sys=0.00, real=0.11 secs] 
4563.979: [Full GC (Ergonomics) [PSYoungGen: 94891K->0K(465920K)] [ParOldGen: 1365849K->112520K(1398272K)] 1460740K->112520K(1864192K), [Metaspace: 60454K->60454K(1105920K)], 0.1727824 secs] [Times: user=0.74 sys=0.01, real=0.17 secs] 
4564.702: [GC (Allocation Failure) [PSYoungGen: 232960K->183126K(465920K)] 345775K->295941K(1864192K), 0.0255727 secs] [Times: user=0.09 sys=0.00, real=0.02 secs] 
4564.863: [GC (Allocation Failure) [PSYoungGen: 416086K->185014K(465920K)] 528901K->355097K(1864192K), 0.0600508 secs] [Times: user=0.28 sys=0.00, real=0.06 secs] 
4565.060: [GC (Allocation Failure) [PSYoungGen: 417974K->184116K(465920K)] 588057K->410208K(1864192K), 0.0444131 secs] [Times: user=0.20 sys=0.01, real=0.04 secs] 
4566.158: [GC (Allocation Failure) [PSYoungGen: 417076K->102316K(465920K)] 643168K->398000K(1864192K), 0.0441088 secs] [Times: user=0.23 sys=0.00, real=0.05 secs] 
4566.863: [GC (Allocation Failure) [PSYoungGen: 335276K->172757K(465920K)] 630960K->501737K(1864192K), 0.0657086 secs] [Times: user=0.31 sys=0.00, real=0.07 secs] 
4567.074: [GC (Allocation Failure) [PSYoungGen: 405717K->185014K(465920K)] 734697K->567678K(1864192K), 0.0419372 secs] [Times: user=0.19 sys=0.00, real=0.04 secs] 
4567.225: [GC (Allocation Failure) [PSYoungGen: 417974K->185239K(465920K)] 800638K->632207K(1864192K), 0.0492202 secs] [Times: user=0.22 sys=0.01, real=0.05 secs] 
4567.728: [GC (Allocation Failure) [PSYoungGen: 418199K->214483K(465920K)] 865167K->720548K(1864192K), 0.0531684 secs] [Times: user=0.26 sys=0.01, real=0.05 secs] 
4568.779: [GC (GCLocker Initiated GC) [PSYoungGen: 447443K->98475K(465920K)] 953508K->670596K(1864192K), 0.0877673 secs] [Times: user=0.47 sys=0.00, real=0.08 secs] 
4569.195: [GC (Allocation Failure) [PSYoungGen: 331435K->183798K(465920K)] 903723K->787294K(1864192K), 0.0384210 secs] [Times: user=0.16 sys=0.00, real=0.04 secs] 
4569.339: [GC (Allocation Failure) [PSYoungGen: 416758K->185590K(465920K)] 1020254K->846386K(1864192K), 0.0440521 secs] [Times: user=0.20 sys=0.00, real=0.04 secs] 
4569.507: [GC (Allocation Failure) [PSYoungGen: 418550K->186901K(465920K)] 1079346K->903953K(1864192K), 0.0498764 secs] [Times: user=0.24 sys=0.00, real=0.05 secs] 
4570.694: [GC (Allocation Failure) [PSYoungGen: 419861K->97579K(465920K)] 1136913K->884968K(1864192K), 0.0684339 secs] [Times: user=0.37 sys=0.00, real=0.07 secs] 
4572.326: [GC (Allocation Failure) [PSYoungGen: 330539K->168500K(465920K)] 1117928K->987321K(1864192K), 0.0648614 secs] [Times: user=0.31 sys=0.00, real=0.07 secs] 
4572.537: [GC (Allocation Failure) [PSYoungGen: 401460K->184950K(465920K)] 1220281K->1056659K(1864192K), 0.0436130 secs] [Times: user=0.20 sys=0.00, real=0.05 secs] 
4572.719: [GC (Allocation Failure) [PSYoungGen: 417798K->185847K(465920K)] 1289508K->1122068K(1864192K), 0.0716661 secs] [Times: user=0.35 sys=0.00, real=0.07 secs] 
4573.584: [GC (Allocation Failure) [PSYoungGen: 418807K->215379K(465920K)] 1355028K->1210569K(1864192K), 0.0573392 secs] [Times: user=0.28 sys=0.00, real=0.06 secs] 
4574.622: [GC (Allocation Failure) [PSYoungGen: 448339K->102780K(465920K)] 1443529K->1164386K(1864192K), 0.1035914 secs] [Times: user=0.55 sys=0.01, real=0.10 secs] 
4575.256: [GC (Allocation Failure) [PSYoungGen: 335740K->179285K(465920K)] 1397346K->1273520K(1864192K), 0.0469334 secs] [Times: user=0.20 sys=0.01, real=0.05 secs] 
4575.459: [GC (Allocation Failure) [PSYoungGen: 412245K->185174K(465920K)] 1506480K->1335200K(1864192K), 0.0613682 secs] [Times: user=0.30 sys=0.00, real=0.06 secs] 
4575.672: [GC (Allocation Failure) [PSYoungGen: 418134K->187093K(465920K)] 1568160K->1393416K(1864192K), 0.0502887 secs] [Times: user=0.24 sys=0.00, real=0.05 secs] 
4576.719: [GC (GCLocker Initiated GC) [PSYoungGen: 420053K->98892K(465920K)] 1626376K->1375710K(1864192K), 0.0452062 secs] [Times: user=0.23 sys=0.00, real=0.04 secs] 
4577.356: [GC (Allocation Failure) [PSYoungGen: 331852K->171764K(465920K)] 1608673K->1480095K(1864192K), 0.0707638 secs] [Times: user=0.33 sys=0.00, real=0.07 secs] 
4577.642: [GC (Allocation Failure) [PSYoungGen: 404724K->182197K(465920K)] 1713055K->1544444K(1864192K), 0.0506289 secs] [Times: user=0.24 sys=0.00, real=0.05 secs] 
4577.693: [Full GC (Ergonomics) [PSYoungGen: 182197K->0K(465920K)] [ParOldGen: 1362246K->259460K(1398272K)] 1544444K->259460K(1864192K), [Metaspace: 60454K->60454K(1105920K)], 0.3153502 secs] [Times: user=1.44 sys=0.00, real=0.31 secs] 
4578.126: [GC (Allocation Failure) [PSYoungGen: 232960K->185751K(465920K)] 492420K->445211K(1864192K), 0.0909497 secs] [Times: user=0.48 sys=0.00, real=0.09 secs] 
4578.982: [GC (Allocation Failure) [PSYoungGen: 414617K->209779K(465920K)] 674078K->528280K(1864192K), 0.0540444 secs] [Times: user=0.27 sys=0.00, real=0.05 secs] 
4580.117: [GC (Allocation Failure) [PSYoungGen: 442739K->95643K(465920K)] 761240K->479996K(1864192K), 0.1175172 secs] [Times: user=0.64 sys=0.00, real=0.12 secs] 
4580.933: [GC (Allocation Failure) [PSYoungGen: 328603K->180181K(465920K)] 712956K->595343K(1864192K), 0.0503581 secs] [Times: user=0.22 sys=0.00, real=0.05 secs] 
4581.173: [GC (Allocation Failure) [PSYoungGen: 413141K->185270K(465920K)] 828303K->657043K(1864192K), 0.0614512 secs] [Times: user=0.29 sys=0.00, real=0.06 secs] 
4581.350: [GC (Allocation Failure) [PSYoungGen: 418230K->187317K(465920K)] 890003K->715115K(1864192K), 0.0457458 secs] [Times: user=0.21 sys=0.00, real=0.04 secs] 
4582.746: [GC (Allocation Failure) [PSYoungGen: 420277K->102460K(465920K)] 948075K->700870K(1864192K), 0.0566230 secs] [Times: user=0.30 sys=0.00, real=0.06 secs] 
4583.678: [GC (Allocation Failure) [PSYoungGen: 335420K->168468K(465920K)] 933830K->799571K(1864192K), 0.0874222 secs] [Times: user=0.44 sys=0.00, real=0.09 secs] 
4583.921: [GC (Allocation Failure) [PSYoungGen: 401428K->185174K(465920K)] 1032531K->869216K(1864192K), 0.0438496 secs] [Times: user=0.20 sys=0.00, real=0.04 secs] 
4584.095: [GC (Allocation Failure) [PSYoungGen: 418134K->186359K(465920K)] 1102176K->934682K(1864192K), 0.0621522 secs] [Times: user=0.30 sys=0.00, real=0.06 secs] 
4584.907: [GC (Allocation Failure) [PSYoungGen: 416947K->211891K(465920K)] 1165269K->1019454K(1864192K), 0.0572549 secs] [Times: user=0.29 sys=0.00, real=0.06 secs] 
4585.438: [GC (GCLocker Initiated GC) [PSYoungGen: 444851K->100219K(465920K)] 1252414K->974398K(1864192K), 0.0423173 secs] [Times: user=0.21 sys=0.00, real=0.05 secs] 
4585.805: [GC (Allocation Failure) [PSYoungGen: 333179K->178838K(465920K)] 1215555K->1092786K(1864192K), 0.1301999 secs] [Times: user=0.71 sys=0.00, real=0.13 secs] 
4586.066: [GC (Allocation Failure) [PSYoungGen: 411798K->181270K(465920K)] 1325746K->1152518K(1864192K), 0.1714039 secs] [Times: user=0.97 sys=0.00, real=0.17 secs] 
4586.358: [GC (Allocation Failure) [PSYoungGen: 414230K->187157K(465920K)] 1385478K->1216321K(1864192K), 0.0625536 secs] [Times: user=0.31 sys=0.00, real=0.07 secs] 
4587.434: [GC (Allocation Failure) [PSYoungGen: 420117K->97467K(465920K)] 1449281K->1197255K(1864192K), 0.0482259 secs] [Times: user=0.25 sys=0.01, real=0.05 secs] 
4588.772: [GC (Allocation Failure) [PSYoungGen: 330427K->171508K(465920K)] 1430215K->1302701K(1864192K), 0.0620498 secs] [Times: user=0.29 sys=0.00, real=0.06 secs] 
4589.036: [GC (Allocation Failure) [PSYoungGen: 404468K->185174K(465920K)] 1535661K->1370394K(1864192K), 0.0608655 secs] [Times: user=0.29 sys=0.00, real=0.06 secs] 
4589.209: [GC (Allocation Failure) [PSYoungGen: 418134K->184535K(465920K)] 1603354K->1433963K(1864192K), 0.0525375 secs] [Times: user=0.25 sys=0.00, real=0.05 secs] 
4590.118: [GC (Allocation Failure) [PSYoungGen: 417495K->167218K(465920K)] 1666923K->1475063K(1864192K), 0.0582910 secs] [Times: user=0.29 sys=0.00, real=0.06 secs] 
4591.217: [GC (Allocation Failure) [PSYoungGen: 400178K->109085K(465920K)] 1708023K->1481089K(1864192K), 0.1071342 secs] [Times: user=0.58 sys=0.00, real=0.11 secs] 
4591.324: [Full GC (Ergonomics) [PSYoungGen: 109085K->0K(465920K)] [ParOldGen: 1372004K->126658K(1398272K)] 1481089K->126658K(1864192K), [Metaspace: 60454K->60454K(1105920K)], 0.1919302 secs] [Times: user=0.85 sys=0.00, real=0.19 secs] 
4591.752: [GC (Allocation Failure) [PSYoungGen: 229963K->175125K(465920K)] 356621K->301783K(1864192K), 0.0242331 secs] [Times: user=0.09 sys=0.00, real=0.02 secs] 
4591.936: [GC (Allocation Failure) [PSYoungGen: 408085K->185110K(465920K)] 534743K->366764K(1864192K), 0.0417142 secs] [Times: user=0.19 sys=0.00, real=0.04 secs] 
4592.087: [GC (Allocation Failure) [PSYoungGen: 418070K->187093K(465920K)] 599724K->424851K(1864192K), 0.0448882 secs] [Times: user=0.20 sys=0.00, real=0.05 secs] 
4593.246: [GC (Allocation Failure) [PSYoungGen: 420053K->100652K(465920K)] 657811K->409098K(1864192K), 0.0552729 secs] [Times: user=0.30 sys=0.00, real=0.06 secs] 
4593.981: [GC (Allocation Failure) [PSYoungGen: 333612K->171668K(465920K)] 642058K->512531K(1864192K), 0.0743023 secs] [Times: user=0.36 sys=0.00, real=0.07 secs] 
4594.218: [GC (Allocation Failure) [PSYoungGen: 404628K->184950K(465920K)] 745491K->579533K(1864192K), 0.0421015 secs] [Times: user=0.19 sys=0.00, real=0.05 secs] 
4594.369: [GC (Allocation Failure) [PSYoungGen: 417910K->182870K(465920K)] 812493K->641734K(1864192K), 0.0490367 secs] [Times: user=0.23 sys=0.00, real=0.04 secs] 
4595.327: [GC (Allocation Failure) [PSYoungGen: 415830K->170451K(465920K)] 874694K->687306K(1864192K), 0.0538086 secs] [Times: user=0.27 sys=0.00, real=0.06 secs] 
4596.536: [GC (Allocation Failure) [PSYoungGen: 403411K->102060K(465920K)] 920266K->684219K(1864192K), 0.1021413 secs] [Times: user=0.55 sys=0.00, real=0.11 secs] 
4597.123: [GC (Allocation Failure) [PSYoungGen: 335020K->180726K(465920K)] 917179K->795482K(1864192K), 0.0503531 secs] [Times: user=0.19 sys=0.00, real=0.05 secs] 
4597.295: [GC (Allocation Failure) [PSYoungGen: 413686K->185014K(465920K)] 1028442K->856042K(1864192K), 0.0435186 secs] [Times: user=0.20 sys=0.00, real=0.05 secs] 
4597.444: [GC (Allocation Failure) [PSYoungGen: 417974K->187349K(465920K)] 1089002K->914513K(1864192K), 0.0457487 secs] [Times: user=0.21 sys=0.00, real=0.05 secs] 
4598.649: [GC (Allocation Failure) [PSYoungGen: 420309K->101836K(465920K)] 1147473K->899480K(1864192K), 0.0669571 secs] [Times: user=0.36 sys=0.01, real=0.06 secs] 
4599.735: [GC (Allocation Failure) [PSYoungGen: 334796K->169076K(465920K)] 1132440K->1000368K(1864192K), 0.0663339 secs] [Times: user=0.32 sys=0.00, real=0.07 secs] 
4599.951: [GC (Allocation Failure) [PSYoungGen: 402036K->184726K(465920K)] 1233328K->1069305K(1864192K), 0.0434593 secs] [Times: user=0.19 sys=0.00, real=0.04 secs] 
4600.145: [GC (Allocation Failure) [PSYoungGen: 417686K->184375K(465920K)] 1302265K->1133122K(1864192K), 0.0810386 secs] [Times: user=0.40 sys=0.00, real=0.08 secs] 
4601.167: [GC (Allocation Failure) [PSYoungGen: 417335K->170771K(465920K)] 1366082K->1178207K(1864192K), 0.0547622 secs] [Times: user=0.27 sys=0.00, real=0.06 secs] 
4601.996: [GC (Allocation Failure) [PSYoungGen: 403731K->107116K(465920K)] 1411167K->1179912K(1864192K), 0.1148578 secs] [Times: user=0.62 sys=0.00, real=0.12 secs] 
4602.495: [GC (Allocation Failure) [PSYoungGen: 337600K->175797K(465920K)] 1410396K->1282722K(1864192K), 0.0455246 secs] [Times: user=0.20 sys=0.01, real=0.05 secs] 
4602.650: [GC (Allocation Failure) [PSYoungGen: 408757K->185430K(465920K)] 1515682K->1346838K(1864192K), 0.0432749 secs] [Times: user=0.19 sys=0.00, real=0.04 secs] 
4602.794: [GC (Allocation Failure) [PSYoungGen: 418390K->187637K(465920K)] 1579798K->1405198K(1864192K), 0.0456788 secs] [Times: user=0.21 sys=0.00, real=0.05 secs] 
4603.890: [GC (Allocation Failure) [PSYoungGen: 420597K->98459K(465920K)] 1638158K->1386700K(1864192K), 0.0547128 secs] [Times: user=0.29 sys=0.00, real=0.05 secs] 
4605.457: [GC (Allocation Failure) [PSYoungGen: 331419K->167156K(465920K)] 1619660K->1486793K(1864192K), 0.0778575 secs] [Times: user=0.37 sys=0.01, real=0.08 secs] 
4605.535: [Full GC (Ergonomics) [PSYoungGen: 167156K->0K(465920K)] [ParOldGen: 1319637K->191784K(1398272K)] 1486793K->191784K(1864192K), [Metaspace: 60454K->60454K(1105920K)], 0.2382215 secs] [Times: user=1.14 sys=0.00, real=0.24 secs] 
4605.883: [GC (Allocation Failure) [PSYoungGen: 232960K->185494K(465920K)] 424744K->377278K(1864192K), 0.0329734 secs] [Times: user=0.13 sys=0.00, real=0.03 secs] 
4606.027: [GC (Allocation Failure) [PSYoungGen: 418454K->186039K(465920K)] 610238K->442376K(1864192K), 0.0432316 secs] [Times: user=0.20 sys=0.00, real=0.05 secs] 
4606.909: [GC (Allocation Failure) [PSYoungGen: 418999K->172083K(465920K)] 675336K->487468K(1864192K), 0.0538694 secs] [Times: user=0.27 sys=0.00, real=0.05 secs] 
4608.071: [GC (Allocation Failure) [PSYoungGen: 405043K->106156K(465920K)] 720428K->487349K(1864192K), 0.0982306 secs] [Times: user=0.53 sys=0.00, real=0.10 secs] 
4608.702: [GC (Allocation Failure) [PSYoungGen: 333485K->176597K(465920K)] 714678K->591710K(1864192K), 0.0473317 secs] [Times: user=0.20 sys=0.01, real=0.05 secs] 
4608.868: [GC (Allocation Failure) [PSYoungGen: 409557K->182581K(465920K)] 824670K->652750K(1864192K), 0.0424947 secs] [Times: user=0.19 sys=0.00, real=0.05 secs] 
4609.056: [GC (Allocation Failure) [PSYoungGen: 415541K->186869K(465920K)] 885710K->712542K(1864192K), 0.0727139 secs] [Times: user=0.36 sys=0.00, real=0.08 secs] 
4610.190: [GC (Allocation Failure) [PSYoungGen: 419829K->104332K(465920K)] 945502K->700517K(1864192K), 0.0491733 secs] [Times: user=0.26 sys=0.00, real=0.05 secs] 
4610.910: [GC (Allocation Failure) [PSYoungGen: 337292K->171604K(465920K)] 933477K->801266K(1864192K), 0.0763572 secs] [Times: user=0.36 sys=0.00, real=0.07 secs] 
4611.140: [GC (Allocation Failure) [PSYoungGen: 404564K->182133K(465920K)] 1034226K->865395K(1864192K), 0.0433251 secs] [Times: user=0.20 sys=0.01, real=0.04 secs] 
4611.295: [GC (Allocation Failure) [PSYoungGen: 415093K->185975K(465920K)] 1098355K->932965K(1864192K), 0.0506698 secs] [Times: user=0.24 sys=0.00, real=0.05 secs] 
4612.265: [GC (Allocation Failure) [PSYoungGen: 418935K->170323K(465920K)] 1165925K->976481K(1864192K), 0.0576974 secs] [Times: user=0.29 sys=0.00, real=0.06 secs] 
4613.183: [GC (Allocation Failure) [PSYoungGen: 403283K->105708K(465920K)] 1209441K->977026K(1864192K), 0.1179722 secs] [Times: user=0.64 sys=0.01, real=0.12 secs] 
4613.879: [GC (Allocation Failure) [PSYoungGen: 338668K->178005K(465920K)] 1209986K->1083160K(1864192K), 0.0510501 secs] [Times: user=0.23 sys=0.00, real=0.05 secs] 
4614.123: [GC (Allocation Failure) [PSYoungGen: 410965K->185462K(465920K)] 1316120K->1146361K(1864192K), 0.0635059 secs] [Times: user=0.31 sys=0.00, real=0.06 secs] 
4614.304: [GC (Allocation Failure) [PSYoungGen: 418422K->187285K(465920K)] 1379321K->1204376K(1864192K), 0.0463612 secs] [Times: user=0.21 sys=0.00, real=0.05 secs] 
4615.451: [GC (Allocation Failure) [PSYoungGen: 420245K->103132K(465920K)] 1437336K->1190807K(1864192K), 0.0662894 secs] [Times: user=0.36 sys=0.00, real=0.06 secs] 
4616.429: [GC (Allocation Failure) [PSYoungGen: 336092K->172244K(465920K)] 1423767K->1292996K(1864192K), 0.0620513 secs] [Times: user=0.29 sys=0.00, real=0.06 secs] 
4616.623: [GC (Allocation Failure) [PSYoungGen: 405204K->188021K(465920K)] 1525956K->1362401K(1864192K), 0.0433287 secs] [Times: user=0.20 sys=0.00, real=0.04 secs] 
4616.820: [GC (Allocation Failure) [PSYoungGen: 420981K->185655K(465920K)] 1595361K->1423259K(1864192K), 0.0810287 secs] [Times: user=0.40 sys=0.00, real=0.08 secs] 
4617.820: [GC (Allocation Failure) [PSYoungGen: 418615K->168819K(465920K)] 1656219K->1465423K(1864192K), 0.0591291 secs] [Times: user=0.29 sys=0.00, real=0.06 secs] 
4618.268: [GC (Allocation Failure) [PSYoungGen: 401779K->112093K(465920K)] 1698383K->1473433K(1864192K), 0.0922268 secs] [Times: user=0.49 sys=0.00, real=0.10 secs] 
4618.360: [Full GC (Ergonomics) [PSYoungGen: 112093K->0K(465920K)] [ParOldGen: 1361339K->130788K(1398272K)] 1473433K->130788K(1864192K), [Metaspace: 60454K->60454K(1105920K)], 0.1853601 secs] [Times: user=0.82 sys=0.00, real=0.18 secs] 
4618.802: [GC (Allocation Failure) [PSYoungGen: 232960K->176596K(465920K)] 363748K->307385K(1864192K), 0.0261436 secs] [Times: user=0.09 sys=0.00, real=0.03 secs] 
4618.970: [GC (Allocation Failure) [PSYoungGen: 409556K->184791K(465920K)] 540345K->377819K(1864192K), 0.0530425 secs] [Times: user=0.25 sys=0.01, real=0.05 secs] 
4619.130: [GC (Allocation Failure) [PSYoungGen: 417751K->187157K(465920K)] 610779K->438817K(1864192K), 0.0578699 secs] [Times: user=0.29 sys=0.00, real=0.05 secs] 
4620.236: [GC (Allocation Failure) [PSYoungGen: 420117K->99788K(465920K)] 671777K->422240K(1864192K), 0.0604927 secs] [Times: user=0.32 sys=0.00, real=0.06 secs] 
4620.829: [GC (Allocation Failure) [PSYoungGen: 332748K->172596K(465920K)] 655200K->527218K(1864192K), 0.0614676 secs] [Times: user=0.29 sys=0.01, real=0.06 secs] 
4621.043: [GC (Allocation Failure) [PSYoungGen: 405556K->182037K(465920K)] 760178K->590575K(1864192K), 0.0417964 secs] [Times: user=0.18 sys=0.00, real=0.04 secs] 
4621.190: [GC (Allocation Failure) [PSYoungGen: 405776K->177718K(465920K)] 814313K->649943K(1864192K), 0.0478846 secs] [Times: user=0.22 sys=0.00, real=0.05 secs] 
4622.161: [GC (Allocation Failure) [PSYoungGen: 410678K->168851K(460800K)] 882903K->697612K(1859072K), 0.0554171 secs] [Times: user=0.28 sys=0.00, real=0.05 secs] 
4623.022: [GC (Allocation Failure) [PSYoungGen: 401811K->110589K(463360K)] 930572K->703934K(1861632K), 0.1005431 secs] [Times: user=0.54 sys=0.00, real=0.10 secs] 
4623.402: [GC (Allocation Failure) [PSYoungGen: 343549K->177109K(466432K)] 936894K->805811K(1864704K), 0.0389929 secs] [Times: user=0.17 sys=0.00, real=0.04 secs] 
4623.591: [GC (Allocation Failure) [PSYoungGen: 410581K->185559K(465920K)] 1039283K->876517K(1864192K), 0.0706093 secs] [Times: user=0.35 sys=0.00, real=0.07 secs] 
4623.834: [GC (Allocation Failure) [PSYoungGen: 419031K->187349K(465920K)] 1109989K->937147K(1864192K), 0.0816788 secs] [Times: user=0.42 sys=0.00, real=0.08 secs] 
4625.195: [GC (Allocation Failure) [PSYoungGen: 420309K->97179K(465920K)] 1170107K->917610K(1864192K), 0.0931554 secs] [Times: user=0.51 sys=0.00, real=0.09 secs] 
4625.883: [GC (Allocation Failure) [PSYoungGen: 330139K->175029K(465920K)] 1150570K->1026944K(1864192K), 0.0544463 secs] [Times: user=0.26 sys=0.00, real=0.05 secs] 
4626.083: [GC (Allocation Failure) [PSYoungGen: 407989K->182229K(465920K)] 1259904K->1088761K(1864192K), 0.0574461 secs] [Times: user=0.27 sys=0.00, real=0.06 secs] 
4626.264: [GC (Allocation Failure) [PSYoungGen: 407018K->177174K(465920K)] 1313549K->1147489K(1864192K), 0.0491042 secs] [Times: user=0.23 sys=0.00, real=0.05 secs] 
4627.544: [GC (Allocation Failure) [PSYoungGen: 410134K->168851K(401920K)] 1380449K->1195374K(1800192K), 0.0558928 secs] [Times: user=0.28 sys=0.00, real=0.06 secs] 
4628.204: [GC (Allocation Failure) [PSYoungGen: 401811K->107084K(460800K)] 1428334K->1198360K(1859072K), 0.0766697 secs] [Times: user=0.39 sys=0.00, real=0.08 secs] 
4628.753: [GC (Allocation Failure) [PSYoungGen: 332525K->175413K(463360K)] 1423801K->1300901K(1861632K), 0.0493059 secs] [Times: user=0.22 sys=0.00, real=0.05 secs] 
4628.923: [GC (Allocation Failure) [PSYoungGen: 405813K->183637K(465408K)] 1531301K->1363514K(1863680K), 0.0438521 secs] [Times: user=0.20 sys=0.00, real=0.04 secs] 
4629.094: [GC (Allocation Failure) [PSYoungGen: 416597K->184372K(465920K)] 1596474K->1419861K(1864192K), 0.0601868 secs] [Times: user=0.29 sys=0.00, real=0.06 secs] 
4630.208: [GC (Allocation Failure) [PSYoungGen: 417332K->101628K(465920K)] 1652821K->1406684K(1864192K), 0.0453515 secs] [Times: user=0.23 sys=0.00, real=0.04 secs] 
4631.439: [GC (Allocation Failure) [PSYoungGen: 334588K->166676K(465920K)] 1639644K->1504457K(1864192K), 0.0892427 secs] [Times: user=0.44 sys=0.00, real=0.08 secs] 
4631.528: [Full GC (Ergonomics) [PSYoungGen: 166676K->0K(465920K)] [ParOldGen: 1337781K->190776K(1398272K)] 1504457K->190776K(1864192K), [Metaspace: 60454K->60454K(1105920K)], 0.2628572 secs] [Times: user=1.28 sys=0.00, real=0.27 secs] 
4631.899: [GC (Allocation Failure) [PSYoungGen: 232960K->193526K(465920K)] 423736K->384302K(1864192K), 0.0324392 secs] [Times: user=0.13 sys=0.00, real=0.03 secs] 
4632.046: [GC (Allocation Failure) [PSYoungGen: 426486K->186167K(465920K)] 617262K->441343K(1864192K), 0.0439067 secs] [Times: user=0.20 sys=0.00, real=0.05 secs] 
4632.827: [GC (Allocation Failure) [PSYoungGen: 417089K->211603K(465920K)] 672266K->525788K(1864192K), 0.0559077 secs] [Times: user=0.28 sys=0.00, real=0.06 secs] 
4634.067: [GC (Allocation Failure) [PSYoungGen: 444563K->95275K(465920K)] 758748K->475819K(1864192K), 0.0904930 secs] [Times: user=0.49 sys=0.00, real=0.09 secs] 
4634.757: [GC (Allocation Failure) [PSYoungGen: 328235K->182134K(465920K)] 708779K->592739K(1864192K), 0.0498128 secs] [Times: user=0.22 sys=0.00, real=0.05 secs] 
4634.973: [GC (Allocation Failure) [PSYoungGen: 415094K->185430K(465920K)] 825699K->652923K(1864192K), 0.0580667 secs] [Times: user=0.28 sys=0.00, real=0.06 secs] 
4635.169: [GC (Allocation Failure) [PSYoungGen: 418390K->187509K(465920K)] 885883K->711314K(1864192K), 0.0495046 secs] [Times: user=0.24 sys=0.00, real=0.05 secs] 
4636.193: [GC (Allocation Failure) [PSYoungGen: 420469K->99468K(465920K)] 944274K->693985K(1864192K), 0.0447892 secs] [Times: user=0.23 sys=0.00, real=0.04 secs] 
4637.124: [GC (Allocation Failure) [PSYoungGen: 332428K->168948K(465920K)] 926945K->795142K(1864192K), 0.0958472 secs] [Times: user=0.48 sys=0.00, real=0.10 secs] 
4637.402: [GC (Allocation Failure) [PSYoungGen: 401908K->185078K(465920K)] 1028102K->864084K(1864192K), 0.0428455 secs] [Times: user=0.19 sys=0.00, real=0.04 secs] 
4637.553: [GC (Allocation Failure) [PSYoungGen: 417970K->182870K(465920K)] 1096976K->926253K(1864192K), 0.0498074 secs] [Times: user=0.23 sys=0.01, real=0.05 secs] 
4638.150: [GC (Allocation Failure) [PSYoungGen: 415830K->216276K(465920K)] 1159213K->1017434K(1864192K), 0.0530932 secs] [Times: user=0.26 sys=0.00, real=0.05 secs] 
4639.928: [GC (Allocation Failure) [PSYoungGen: 449236K->92698K(465920K)] 1250394K->962033K(1864192K), 0.1154296 secs] [Times: user=0.64 sys=0.00, real=0.12 secs] 
4640.756: [GC (Allocation Failure) [PSYoungGen: 325658K->188822K(465920K)] 1194993K->1087829K(1864192K), 0.0506365 secs] [Times: user=0.23 sys=0.00, real=0.05 secs] 
4640.937: [GC (Allocation Failure) [PSYoungGen: 421782K->185430K(465920K)] 1320789K->1140957K(1864192K), 0.0443212 secs] [Times: user=0.21 sys=0.00, real=0.05 secs] 
4641.086: [GC (Allocation Failure) [PSYoungGen: 418390K->187285K(465920K)] 1373917K->1198868K(1864192K), 0.0461112 secs] [Times: user=0.22 sys=0.00, real=0.05 secs] 
4642.201: [GC (Allocation Failure) [PSYoungGen: 420245K->102668K(465920K)] 1431828K->1184956K(1864192K), 0.0515126 secs] [Times: user=0.28 sys=0.00, real=0.05 secs] 
4642.806: [GC (Allocation Failure) [PSYoungGen: 335628K->172500K(465920K)] 1417916K->1288401K(1864192K), 0.0786464 secs] [Times: user=0.39 sys=0.00, real=0.08 secs] 
4643.022: [GC (Allocation Failure) [PSYoungGen: 405460K->184822K(465920K)] 1521361K->1354450K(1864192K), 0.0443933 secs] [Times: user=0.20 sys=0.00, real=0.04 secs] 
4643.203: [GC (Allocation Failure) [PSYoungGen: 417782K->185783K(465920K)] 1587410K->1419635K(1864192K), 0.0656670 secs] [Times: user=0.32 sys=0.00, real=0.07 secs] 
4643.691: [GC (Allocation Failure) [PSYoungGen: 418743K->208435K(465920K)] 1652595K->1501240K(1864192K), 0.0550654 secs] [Times: user=0.28 sys=0.00, real=0.05 secs] 
4644.771: [GC (Allocation Failure) [PSYoungGen: 441395K->98715K(465920K)] 1734200K->1457576K(1864192K), 0.0892860 secs] [Times: user=0.47 sys=0.01, real=0.09 secs] 
4644.860: [Full GC (Ergonomics) [PSYoungGen: 98715K->0K(465920K)] [ParOldGen: 1358860K->116409K(1398272K)] 1457576K->116409K(1864192K), [Metaspace: 60454K->60454K(1105920K)], 0.1677345 secs] [Times: user=0.72 sys=0.00, real=0.16 secs] 
4645.294: [GC (Allocation Failure) [PSYoungGen: 232960K->183286K(465920K)] 349369K->299695K(1864192K), 0.0253922 secs] [Times: user=0.08 sys=0.00, real=0.03 secs] 
4645.443: [GC (Allocation Failure) [PSYoungGen: 416246K->185398K(465920K)] 532655K->359123K(1864192K), 0.0466618 secs] [Times: user=0.21 sys=0.00, real=0.05 secs] 
4645.605: [GC (Allocation Failure) [PSYoungGen: 418358K->187349K(465920K)] 592083K->417211K(1864192K), 0.0452253 secs] [Times: user=0.21 sys=0.00, real=0.05 secs] 
4646.656: [GC (Allocation Failure) [PSYoungGen: 420309K->99468K(465920K)] 650171K->399849K(1864192K), 0.0579907 secs] [Times: user=0.31 sys=0.00, real=0.06 secs] 
4647.894: [GC (Allocation Failure) [PSYoungGen: 332428K->170804K(465920K)] 632809K->503111K(1864192K), 0.0746587 secs] [Times: user=0.36 sys=0.00, real=0.08 secs] 
4648.115: [GC (Allocation Failure) [PSYoungGen: 403764K->193046K(465920K)] 736071K->578848K(1864192K), 0.0424122 secs] [Times: user=0.19 sys=0.00, real=0.04 secs] 
4648.267: [GC (Allocation Failure) [PSYoungGen: 426006K->185879K(465920K)] 811808K->636081K(1864192K), 0.0494730 secs] [Times: user=0.23 sys=0.00, real=0.05 secs] 
4649.782: [GC (Allocation Failure) [PSYoungGen: 418839K->211443K(465920K)] 869041K->720701K(1864192K), 0.0499851 secs] [Times: user=0.24 sys=0.00, real=0.05 secs] 
4650.754: [GC (Allocation Failure) [PSYoungGen: 444403K->102220K(465920K)] 953661K->676582K(1864192K), 0.0633921 secs] [Times: user=0.34 sys=0.00, real=0.06 secs] 
4651.111: [GC (Allocation Failure) [PSYoungGen: 332878K->180021K(465920K)] 907240K->787344K(1864192K), 0.0348893 secs] [Times: user=0.14 sys=0.00, real=0.03 secs] 
4651.289: [GC (GCLocker Initiated GC) [PSYoungGen: 412981K->184149K(465920K)] 1020306K->847586K(1864192K), 0.0548551 secs] [Times: user=0.27 sys=0.00, real=0.05 secs] 
4651.467: [GC (Allocation Failure) [PSYoungGen: 417109K->187317K(465920K)] 1080712K->906952K(1864192K), 0.0456197 secs] [Times: user=0.21 sys=0.00, real=0.05 secs] 
4652.533: [GC (Allocation Failure) [PSYoungGen: 420277K->97387K(465920K)] 1139912K->887598K(1864192K), 0.0581767 secs] [Times: user=0.31 sys=0.00, real=0.06 secs] 
4653.338: [GC (Allocation Failure) [PSYoungGen: 330347K->169108K(465920K)] 1120558K->990564K(1864192K), 0.0805579 secs] [Times: user=0.39 sys=0.00, real=0.08 secs] 
4653.601: [GC (Allocation Failure) [PSYoungGen: 402068K->185302K(465920K)] 1223524K->1059618K(1864192K), 0.0425701 secs] [Times: user=0.20 sys=0.00, real=0.04 secs] 
4653.750: [GC (Allocation Failure) [PSYoungGen: 418262K->186071K(465920K)] 1292578K->1124651K(1864192K), 0.0502864 secs] [Times: user=0.24 sys=0.00, real=0.05 secs] 
4654.557: [GC (Allocation Failure) [PSYoungGen: 418615K->209747K(465920K)] 1357195K->1207271K(1864192K), 0.0550442 secs] [Times: user=0.28 sys=0.00, real=0.06 secs] 
4655.583: [GC (Allocation Failure) [PSYoungGen: 442707K->98379K(465920K)] 1440231K->1161815K(1864192K), 0.0939848 secs] [Times: user=0.50 sys=0.01, real=0.09 secs] 
4656.361: [GC (Allocation Failure) [PSYoungGen: 331339K->180662K(465920K)] 1394775K->1275794K(1864192K), 0.0504613 secs] [Times: user=0.23 sys=0.01, real=0.05 secs] 
4656.540: [GC (Allocation Failure) [PSYoungGen: 413622K->185302K(465920K)] 1508754K->1336667K(1864192K), 0.0443580 secs] [Times: user=0.20 sys=0.00, real=0.04 secs] 
4656.743: [GC (Allocation Failure) [PSYoungGen: 418262K->187285K(465920K)] 1569627K->1394810K(1864192K), 0.0735955 secs] [Times: user=0.37 sys=0.00, real=0.07 secs] 
4658.084: [GC (Allocation Failure) [PSYoungGen: 420245K->99692K(465920K)] 1627770K->1378009K(1864192K), 0.0943540 secs] [Times: user=0.52 sys=0.01, real=0.10 secs] 
4659.064: [GC (Allocation Failure) [PSYoungGen: 332652K->169300K(465920K)] 1610969K->1479602K(1864192K), 0.0668270 secs] [Times: user=0.32 sys=0.00, real=0.07 secs] 
4659.268: [GC (Allocation Failure) [PSYoungGen: 402249K->185110K(465920K)] 1712551K->1548743K(1864192K), 0.0433273 secs] [Times: user=0.19 sys=0.00, real=0.05 secs] 
4659.311: [Full GC (Ergonomics) [PSYoungGen: 185110K->0K(465920K)] [ParOldGen: 1363633K->261279K(1398272K)] 1548743K->261279K(1864192K), [Metaspace: 60454K->60454K(1105920K)], 0.3274522 secs] [Times: user=1.50 sys=0.00, real=0.33 secs] 
4659.756: [GC (Allocation Failure) [PSYoungGen: 232960K->185655K(465920K)] 494239K->446934K(1864192K), 0.0836753 secs] [Times: user=0.43 sys=0.00, real=0.09 secs] 
4660.596: [GC (Allocation Failure) [PSYoungGen: 415646K->210419K(465920K)] 676925K->530706K(1864192K), 0.0539981 secs] [Times: user=0.27 sys=0.00, real=0.06 secs] 
4661.157: [GC (Allocation Failure) [PSYoungGen: 443379K->101340K(465920K)] 763666K->487867K(1864192K), 0.0866312 secs] [Times: user=0.47 sys=0.00, real=0.09 secs] 
4661.986: [GC (Allocation Failure) [PSYoungGen: 334300K->179733K(465920K)] 720827K->597889K(1864192K), 0.0491724 secs] [Times: user=0.22 sys=0.00, real=0.05 secs] 
4662.160: [GC (Allocation Failure) [PSYoungGen: 412693K->182133K(465920K)] 830849K->656417K(1864192K), 0.0430179 secs] [Times: user=0.20 sys=0.00, real=0.04 secs] 
4662.370: [GC (Allocation Failure) [PSYoungGen: 415093K->187157K(465920K)] 889377K->716977K(1864192K), 0.0639919 secs] [Times: user=0.31 sys=0.00, real=0.06 secs] 
4663.424: [GC (Allocation Failure) [PSYoungGen: 420117K->102540K(465920K)] 949937K->702956K(1864192K), 0.0559483 secs] [Times: user=0.29 sys=0.00, real=0.06 secs] 
4664.768: [GC (Allocation Failure) [PSYoungGen: 335500K->169108K(465920K)] 935916K->802305K(1864192K), 0.0713285 secs] [Times: user=0.31 sys=0.00, real=0.07 secs] 
4665.033: [GC (Allocation Failure) [PSYoungGen: 402068K->182261K(465920K)] 1035265K->868422K(1864192K), 0.0587216 secs] [Times: user=0.28 sys=0.00, real=0.06 secs] 
4665.213: [GC (Allocation Failure) [PSYoungGen: 415221K->185815K(465920K)] 1101382K->935696K(1864192K), 0.0495538 secs] [Times: user=0.23 sys=0.00, real=0.05 secs] 
4665.719: [GC (Allocation Failure) [PSYoungGen: 414882K->212212K(465920K)] 1164763K->1020869K(1864192K), 0.0549603 secs] [Times: user=0.27 sys=0.00, real=0.05 secs] 
4667.047: [GC (GCLocker Initiated GC) [PSYoungGen: 445172K->95435K(465920K)] 1253829K->971468K(1864192K), 0.1072701 secs] [Times: user=0.59 sys=0.00, real=0.11 secs] 
4667.613: [GC (Allocation Failure) [PSYoungGen: 328395K->182902K(465920K)] 1204435K->1089003K(1864192K), 0.0492581 secs] [Times: user=0.22 sys=0.00, real=0.05 secs] 
4667.780: [GC (Allocation Failure) [PSYoungGen: 415862K->181685K(465920K)] 1321963K->1144830K(1864192K), 0.0437085 secs] [Times: user=0.20 sys=0.00, real=0.04 secs] 
4667.926: [GC (Allocation Failure) [PSYoungGen: 414645K->185813K(465920K)] 1377790K->1204046K(1864192K), 0.0454255 secs] [Times: user=0.21 sys=0.00, real=0.05 secs] 
4668.936: [GC (Allocation Failure) [PSYoungGen: 418773K->102316K(465920K)] 1437006K->1190461K(1864192K), 0.0456300 secs] [Times: user=0.23 sys=0.00, real=0.05 secs] 
4669.462: [GC (Allocation Failure) [PSYoungGen: 335276K->169652K(465920K)] 1423421K->1290958K(1864192K), 0.0476977 secs] [Times: user=0.22 sys=0.00, real=0.05 secs] 
4669.618: [GC (Allocation Failure) [PSYoungGen: 402612K->185110K(465920K)] 1523918K->1359511K(1864192K), 0.0442575 secs] [Times: user=0.20 sys=0.00, real=0.04 secs] 
4669.823: [GC (Allocation Failure) [PSYoungGen: 418070K->185463K(465920K)] 1592471K->1424329K(1864192K), 0.0746134 secs] [Times: user=0.37 sys=0.00, real=0.07 secs] 
4670.677: [GC (Allocation Failure) [PSYoungGen: 418423K->214772K(465920K)] 1657289K->1512574K(1864192K), 0.0583993 secs] [Times: user=0.29 sys=0.00, real=0.06 secs] 
4671.759: [GC (Allocation Failure) [PSYoungGen: 447732K->100859K(465920K)] 1745534K->1466485K(1864192K), 0.1063180 secs] [Times: user=0.58 sys=0.00, real=0.10 secs] 
4671.865: [Full GC (Ergonomics) [PSYoungGen: 100859K->0K(465920K)] [ParOldGen: 1365625K->118390K(1398272K)] 1466485K->118390K(1864192K), [Metaspace: 60454K->60454K(1105920K)], 0.1803259 secs] [Times: user=0.79 sys=0.01, real=0.18 secs] 
4672.645: [GC (Allocation Failure) [PSYoungGen: 232960K->182582K(465920K)] 351350K->300972K(1864192K), 0.0335519 secs] [Times: user=0.12 sys=0.00, real=0.04 secs] 
4672.802: [GC (Allocation Failure) [PSYoungGen: 415542K->184021K(465920K)] 533932K->359380K(1864192K), 0.0416297 secs] [Times: user=0.18 sys=0.00, real=0.04 secs] 
4672.980: [GC (Allocation Failure) [PSYoungGen: 416981K->185845K(465920K)] 592340K->417019K(1864192K), 0.0589947 secs] [Times: user=0.29 sys=0.00, real=0.06 secs] 
4674.093: [GC (Allocation Failure) [PSYoungGen: 418805K->101532K(465920K)] 649979K->402794K(1864192K), 0.0608885 secs] [Times: user=0.33 sys=0.00, real=0.06 secs] 
4675.484: [GC (Allocation Failure) [PSYoungGen: 334492K->164883K(465920K)] 635754K->498583K(1864192K), 0.0741670 secs] [Times: user=0.36 sys=0.00, real=0.07 secs] 
4675.768: [GC (Allocation Failure) [PSYoungGen: 397843K->185174K(465920K)] 731543K->571033K(1864192K), 0.0543370 secs] [Times: user=0.26 sys=0.00, real=0.05 secs] 
4675.934: [GC (Allocation Failure) [PSYoungGen: 418134K->185943K(465920K)] 803993K->636242K(1864192K), 0.0496792 secs] [Times: user=0.23 sys=0.00, real=0.05 secs] 
4676.728: [GC (Allocation Failure) [PSYoungGen: 415510K->213044K(465920K)] 865809K->722279K(1864192K), 0.0554087 secs] [Times: user=0.28 sys=0.00, real=0.05 secs] 
4677.251: [GC (Allocation Failure) [PSYoungGen: 446004K->104956K(465920K)] 955239K->681239K(1864192K), 0.0849852 secs] [Times: user=0.44 sys=0.00, real=0.08 secs] 
4677.676: [GC (Allocation Failure) [PSYoungGen: 331721K->177717K(465920K)] 908004K->787377K(1864192K), 0.0450775 secs] [Times: user=0.19 sys=0.00, real=0.05 secs] 
4677.829: [GC (Allocation Failure) [PSYoungGen: 410677K->182453K(465920K)] 1020337K->847473K(1864192K), 0.0446760 secs] [Times: user=0.20 sys=0.00, real=0.04 secs] 
4677.979: [GC (Allocation Failure) [PSYoungGen: 415401K->186677K(465920K)] 1080421K->907201K(1864192K), 0.0467590 secs] [Times: user=0.22 sys=0.00, real=0.04 secs] 
4678.964: [GC (Allocation Failure) [PSYoungGen: 419637K->99740K(465920K)] 1140161K->890720K(1864192K), 0.0457177 secs] [Times: user=0.23 sys=0.00, real=0.05 secs] 
4679.980: [GC (Allocation Failure) [PSYoungGen: 332700K->168724K(465920K)] 1123680K->991589K(1864192K), 0.0678234 secs] [Times: user=0.33 sys=0.00, real=0.06 secs] 
4680.241: [GC (Allocation Failure) [PSYoungGen: 401684K->185046K(465920K)] 1224549K->1061035K(1864192K), 0.0506387 secs] [Times: user=0.23 sys=0.00, real=0.05 secs] 
4680.436: [GC (Allocation Failure) [PSYoungGen: 418006K->185879K(465920K)] 1293995K->1126212K(1864192K), 0.0761646 secs] [Times: user=0.38 sys=0.00, real=0.08 secs] 
4681.234: [GC (Allocation Failure) [PSYoungGen: 418839K->211571K(465920K)] 1359172K->1210913K(1864192K), 0.0584723 secs] [Times: user=0.29 sys=0.00, real=0.06 secs] 
4682.225: [GC (Allocation Failure) [PSYoungGen: 444531K->102220K(465920K)] 1443873K->1168017K(1864192K), 0.0823607 secs] [Times: user=0.44 sys=0.00, real=0.08 secs] 
4682.963: [GC (Allocation Failure) [PSYoungGen: 335180K->180341K(465920K)] 1400977K->1278463K(1864192K), 0.0486750 secs] [Times: user=0.21 sys=0.00, real=0.05 secs] 
4683.196: [GC (Allocation Failure) [PSYoungGen: 413301K->184790K(465920K)] 1511423K->1339528K(1864192K), 0.0669305 secs] [Times: user=0.32 sys=0.00, real=0.07 secs] 
4683.379: [GC (Allocation Failure) [PSYoungGen: 417750K->184757K(465920K)] 1572488K->1395383K(1864192K), 0.0473040 secs] [Times: user=0.22 sys=0.00, real=0.04 secs] 
4684.386: [GC (Allocation Failure) [PSYoungGen: 417717K->101980K(465920K)] 1628343K->1382454K(1864192K), 0.0461428 secs] [Times: user=0.24 sys=0.00, real=0.05 secs] 
4684.915: [GC (Allocation Failure) [PSYoungGen: 334940K->174197K(465920K)] 1615414K->1488159K(1864192K), 0.0667466 secs] [Times: user=0.32 sys=0.00, real=0.07 secs] 
4684.981: [Full GC (Ergonomics) [PSYoungGen: 174197K->0K(465920K)] [ParOldGen: 1313962K->199468K(1398272K)] 1488159K->199468K(1864192K), [Metaspace: 60458K->60458K(1105920K)], 0.2215887 secs] [Times: user=1.03 sys=0.00, real=0.22 secs] 
4685.342: [GC (Allocation Failure) [PSYoungGen: 232960K->184758K(465920K)] 432428K->384227K(1864192K), 0.0337522 secs] [Times: user=0.14 sys=0.00, real=0.03 secs] 
4685.483: [GC (Allocation Failure) [PSYoungGen: 417718K->180662K(465920K)] 617187K->444387K(1864192K), 0.0436362 secs] [Times: user=0.20 sys=0.00, real=0.04 secs] 
4686.504: [GC (Allocation Failure) [PSYoungGen: 411295K->208819K(465920K)] 675020K->529776K(1864192K), 0.0541684 secs] [Times: user=0.27 sys=0.00, real=0.05 secs] 
4686.937: [GC (Allocation Failure) [PSYoungGen: 441779K->102284K(465920K)] 762736K->488921K(1864192K), 0.0669759 secs] [Times: user=0.35 sys=0.00, real=0.07 secs] 
4687.341: [GC (Allocation Failure) [PSYoungGen: 333020K->181014K(465920K)] 719657K->599959K(1864192K), 0.0366823 secs] [Times: user=0.15 sys=0.00, real=0.03 secs] 
4687.524: [GC (Allocation Failure) [PSYoungGen: 413974K->182421K(465920K)] 832919K->657999K(1864192K), 0.0633792 secs] [Times: user=0.30 sys=0.00, real=0.06 secs] 
4687.769: [GC (Allocation Failure) [PSYoungGen: 415381K->186997K(465920K)] 890959K->718135K(1864192K), 0.0638630 secs] [Times: user=0.31 sys=0.01, real=0.06 secs] 
4688.864: [GC (GCLocker Initiated GC) [PSYoungGen: 419957K->97163K(465920K)] 951095K->698746K(1864192K), 0.0559202 secs] [Times: user=0.30 sys=0.00, real=0.06 secs] 
4689.837: [GC (Allocation Failure) [PSYoungGen: 330123K->170068K(465920K)] 931869K->802954K(1864192K), 0.0756935 secs] [Times: user=0.37 sys=0.00, real=0.08 secs] 
4690.077: [GC (Allocation Failure) [PSYoungGen: 403028K->185270K(465920K)] 1035914K->871736K(1864192K), 0.0423156 secs] [Times: user=0.19 sys=0.00, real=0.05 secs] 
4690.266: [GC (Allocation Failure) [PSYoungGen: 418230K->186007K(465920K)] 1104696K->936737K(1864192K), 0.0720546 secs] [Times: user=0.36 sys=0.00, real=0.07 secs] 
4691.163: [GC (Allocation Failure) [PSYoungGen: 417313K->211859K(465920K)] 1168043K->1021566K(1864192K), 0.0562304 secs] [Times: user=0.28 sys=0.00, real=0.06 secs] 
4692.321: [GC (Allocation Failure) [PSYoungGen: 444819K->98347K(465920K)] 1254526K->974394K(1864192K), 0.0938205 secs] [Times: user=0.50 sys=0.00, real=0.09 secs] 
4692.810: [GC (Allocation Failure) [PSYoungGen: 331307K->178677K(465920K)] 1207354K->1085988K(1864192K), 0.0394040 secs] [Times: user=0.17 sys=0.00, real=0.04 secs] 
4693.012: [GC (Allocation Failure) [PSYoungGen: 411637K->184758K(465920K)] 1318948K->1148033K(1864192K), 0.0692325 secs] [Times: user=0.34 sys=0.00, real=0.07 secs] 
4693.222: [GC (Allocation Failure) [PSYoungGen: 417718K->184212K(465920K)] 1380993K->1203344K(1864192K), 0.0459197 secs] [Times: user=0.21 sys=0.00, real=0.04 secs] 
4694.234: [GC (Allocation Failure) [PSYoungGen: 417172K->103484K(465920K)] 1436304K->1192135K(1864192K), 0.0448646 secs] [Times: user=0.23 sys=0.00, real=0.05 secs] 
4695.111: [GC (Allocation Failure) [PSYoungGen: 336444K->170580K(465920K)] 1425095K->1292204K(1864192K), 0.0928788 secs] [Times: user=0.46 sys=0.00, real=0.09 secs] 
4695.370: [GC (Allocation Failure) [PSYoungGen: 403540K->185430K(465920K)] 1525164K->1360582K(1864192K), 0.0427938 secs] [Times: user=0.19 sys=0.00, real=0.04 secs] 
4695.522: [GC (Allocation Failure) [PSYoungGen: 418390K->182870K(465920K)] 1593542K->1422359K(1864192K), 0.0498552 secs] [Times: user=0.23 sys=0.00, real=0.05 secs] 
4696.036: [GC (Allocation Failure) [PSYoungGen: 412940K->212628K(465920K)] 1652428K->1509972K(1864192K), 0.0547862 secs] [Times: user=0.27 sys=0.00, real=0.06 secs] 
4697.645: [GC (Allocation Failure) [PSYoungGen: 445588K->95147K(465920K)] 1742932K->1459963K(1864192K), 0.1011335 secs] [Times: user=0.55 sys=0.00, real=0.10 secs] 
4697.746: [Full GC (Ergonomics) [PSYoungGen: 95147K->0K(465920K)] [ParOldGen: 1364816K->112647K(1398272K)] 1459963K->112647K(1864192K), [Metaspace: 60459K->60459K(1105920K)], 0.1718511 secs] [Times: user=0.74 sys=0.00, real=0.17 secs] 
4698.723: [GC (Allocation Failure) [PSYoungGen: 232960K->180662K(465920K)] 345607K->293309K(1864192K), 0.0365621 secs] [Times: user=0.14 sys=0.00, real=0.04 secs] 
4698.898: [GC (Allocation Failure) [PSYoungGen: 413622K->182453K(465920K)] 526269K->351173K(1864192K), 0.0406151 secs] [Times: user=0.18 sys=0.00, real=0.04 secs] 
4699.066: [GC (Allocation Failure) [PSYoungGen: 415413K->203893K(465920K)] 584133K->428196K(1864192K), 0.0593835 secs] [Times: user=0.29 sys=0.00, real=0.06 secs] 
4700.151: [GC (Allocation Failure) [PSYoungGen: 436853K->103340K(465920K)] 661156K->398432K(1864192K), 0.0483185 secs] [Times: user=0.25 sys=0.00, real=0.05 secs] 
4701.313: [GC (Allocation Failure) [PSYoungGen: 336300K->168756K(465920K)] 631392K->497072K(1864192K), 0.0971393 secs] [Times: user=0.48 sys=0.00, real=0.10 secs] 
4701.596: [GC (Allocation Failure) [PSYoungGen: 401716K->182005K(465920K)] 730032K->563194K(1864192K), 0.0419072 secs] [Times: user=0.19 sys=0.00, real=0.04 secs] 
4701.748: [GC (Allocation Failure) [PSYoungGen: 414965K->185719K(465920K)] 796154K->630507K(1864192K), 0.0496226 secs] [Times: user=0.23 sys=0.00, real=0.05 secs] 
4702.186: [GC (Allocation Failure) [PSYoungGen: 414996K->215156K(465920K)] 859785K->718745K(1864192K), 0.0542295 secs] [Times: user=0.27 sys=0.00, real=0.06 secs] 
4703.223: [GC (Allocation Failure) [PSYoungGen: 448116K->95051K(465920K)] 951705K->666999K(1864192K), 0.0720044 secs] [Times: user=0.39 sys=0.00, real=0.07 secs] 
4703.713: [GC (Allocation Failure) [PSYoungGen: 328011K->180053K(465920K)] 899959K->782031K(1864192K), 0.0476803 secs] [Times: user=0.21 sys=0.00, real=0.05 secs] 
4703.885: [GC (Allocation Failure) [PSYoungGen: 413013K->185014K(465920K)] 1014991K->843287K(1864192K), 0.0432422 secs] [Times: user=0.20 sys=0.00, real=0.05 secs] 
4704.066: [GC (Allocation Failure) [PSYoungGen: 417974K->187157K(465920K)] 1076247K->901646K(1864192K), 0.0706315 secs] [Times: user=0.35 sys=0.01, real=0.07 secs] 
4705.141: [GC (Allocation Failure) [PSYoungGen: 420117K->104012K(465920K)] 1134606K->889102K(1864192K), 0.0581549 secs] [Times: user=0.31 sys=0.00, real=0.06 secs] 
4706.582: [GC (Allocation Failure) [PSYoungGen: 336972K->165940K(465920K)] 1122062K->984650K(1864192K), 0.0927424 secs] [Times: user=0.46 sys=0.00, real=0.09 secs] 
4706.849: [GC (Allocation Failure) [PSYoungGen: 398900K->184982K(465920K)] 1217610K->1055832K(1864192K), 0.0428593 secs] [Times: user=0.19 sys=0.00, real=0.04 secs] 
4707.002: [GC (Allocation Failure) [PSYoungGen: 417910K->186007K(465920K)] 1288761K->1121121K(1864192K), 0.0506041 secs] [Times: user=0.24 sys=0.00, real=0.05 secs] 
4707.505: [GC (Allocation Failure) [PSYoungGen: 416883K->213140K(465920K)] 1351998K->1207238K(1864192K), 0.0542527 secs] [Times: user=0.27 sys=0.00, real=0.06 secs] 
4709.039: [GC (Allocation Failure) [PSYoungGen: 446100K->95883K(465920K)] 1440198K->1157549K(1864192K), 0.1110004 secs] [Times: user=0.60 sys=0.00, real=0.11 secs] 
4709.686: [GC (Allocation Failure) [PSYoungGen: 328843K->180662K(465920K)] 1390509K->1272841K(1864192K), 0.0525415 secs] [Times: user=0.23 sys=0.00, real=0.06 secs] 
4709.921: [GC (Allocation Failure) [PSYoungGen: 413622K->184822K(465920K)] 1505801K->1333329K(1864192K), 0.0613267 secs] [Times: user=0.30 sys=0.00, real=0.06 secs] 
4710.247: [GC (Allocation Failure) [PSYoungGen: 417782K->183796K(465920K)] 1566289K->1388208K(1864192K), 0.0720290 secs] [Times: user=0.35 sys=0.00, real=0.08 secs] 
4712.000: [GC (Allocation Failure) [PSYoungGen: 416756K->103612K(465920K)] 1621168K->1377320K(1864192K), 0.0612285 secs] [Times: user=0.33 sys=0.00, real=0.06 secs] 
4712.825: [GC (Allocation Failure) [PSYoungGen: 336572K->172276K(465920K)] 1610280K->1479465K(1864192K), 0.0792818 secs] [Times: user=0.39 sys=0.00, real=0.08 secs] 
4713.095: [GC (Allocation Failure) [PSYoungGen: 405236K->185110K(465920K)] 1712425K->1546114K(1864192K), 0.0590621 secs] [Times: user=0.29 sys=0.00, real=0.06 secs] 
4713.154: [Full GC (Ergonomics) [PSYoungGen: 185110K->0K(465920K)] [ParOldGen: 1361004K->260562K(1398272K)] 1546114K->260562K(1864192K), [Metaspace: 60462K->60462K(1105920K)], 0.3284964 secs] [Times: user=1.51 sys=0.00, real=0.33 secs] 
4713.589: [GC (Allocation Failure) [PSYoungGen: 232960K->182774K(465920K)] 493522K->443337K(1864192K), 0.0832742 secs] [Times: user=0.44 sys=0.00, real=0.08 secs] 
4713.968: [GC (Allocation Failure) [PSYoungGen: 415734K->214004K(465920K)] 676297K->532350K(1864192K), 0.0539789 secs] [Times: user=0.26 sys=0.00, real=0.05 secs] 
4715.483: [GC (Allocation Failure) [PSYoungGen: 446964K->91994K(465920K)] 765310K->477629K(1864192K), 0.1036432 secs] [Times: user=0.57 sys=0.01, real=0.10 secs] 
4716.356: [GC (Allocation Failure) [PSYoungGen: 324954K->180822K(465920K)] 710589K->596045K(1864192K), 0.0487804 secs] [Times: user=0.22 sys=0.00, real=0.05 secs] 
4716.535: [GC (Allocation Failure) [PSYoungGen: 413782K->185366K(465920K)] 829005K->656885K(1864192K), 0.0429800 secs] [Times: user=0.19 sys=0.00, real=0.05 secs] 
4716.707: [GC (Allocation Failure) [PSYoungGen: 418326K->187381K(465920K)] 889845K->714989K(1864192K), 0.0631824 secs] [Times: user=0.31 sys=0.00, real=0.07 secs] 
4717.864: [GC (Allocation Failure) [PSYoungGen: 420341K->102044K(465920K)] 947949K->700472K(1864192K), 0.0582927 secs] [Times: user=0.31 sys=0.00, real=0.06 secs] 
4718.878: [GC (Allocation Failure) [PSYoungGen: 335004K->169652K(465920K)] 933432K->800773K(1864192K), 0.0684276 secs] [Times: user=0.33 sys=0.00, real=0.06 secs] 
4719.138: [GC (GCLocker Initiated GC) [PSYoungGen: 402612K->180789K(465920K)] 1033734K->864903K(1864192K), 0.0582936 secs] [Times: user=0.28 sys=0.00, real=0.05 secs] 
4719.316: [GC (Allocation Failure) [PSYoungGen: 413749K->185943K(465920K)] 1097865K->933203K(1864192K), 0.0497534 secs] [Times: user=0.23 sys=0.00, real=0.05 secs] 
4719.645: [GC (Allocation Failure) [PSYoungGen: 418575K->215540K(465920K)] 1165835K->1021808K(1864192K), 0.0562761 secs] [Times: user=0.27 sys=0.01, real=0.06 secs] 
4720.742: [GC (Allocation Failure) [PSYoungGen: 448500K->95147K(465920K)] 1254768K->970027K(1864192K), 0.0741846 secs] [Times: user=0.40 sys=0.00, real=0.07 secs] 
4721.431: [GC (Allocation Failure) [PSYoungGen: 328107K->182678K(465920K)] 1202987K->1087411K(1864192K), 0.0496339 secs] [Times: user=0.22 sys=0.01, real=0.05 secs] 
4721.644: [GC (Allocation Failure) [PSYoungGen: 415638K->182709K(465920K)] 1320371K->1144390K(1864192K), 0.0614680 secs] [Times: user=0.30 sys=0.01, real=0.06 secs] 
4721.830: [GC (Allocation Failure) [PSYoungGen: 415669K->186933K(465920K)] 1377350K->1204382K(1864192K), 0.0453142 secs] [Times: user=0.21 sys=0.00, real=0.04 secs] 
4722.903: [GC (Allocation Failure) [PSYoungGen: 419893K->101980K(465920K)] 1437342K->1189985K(1864192K), 0.0490259 secs] [Times: user=0.25 sys=0.00, real=0.05 secs] 
4724.071: [GC (Allocation Failure) [PSYoungGen: 334940K->164083K(465920K)] 1422945K->1284773K(1864192K), 0.0928389 secs] [Times: user=0.46 sys=0.00, real=0.09 secs] 
4724.333: [GC (Allocation Failure) [PSYoungGen: 397043K->184502K(465920K)] 1517733K->1356772K(1864192K), 0.0427976 secs] [Times: user=0.19 sys=0.00, real=0.04 secs] 
4724.519: [GC (Allocation Failure) [PSYoungGen: 417462K->185943K(465920K)] 1589732K->1422285K(1864192K), 0.0710921 secs] [Times: user=0.36 sys=0.00, real=0.07 secs] 
4724.909: [GC (Allocation Failure) [PSYoungGen: 418903K->200788K(465920K)] 1655245K->1496154K(1864192K), 0.0556090 secs] [Times: user=0.27 sys=0.00, real=0.05 secs] 
4726.425: [GC (Allocation Failure) [PSYoungGen: 433748K->92170K(465920K)] 1729114K->1456545K(1864192K), 0.1085970 secs] [Times: user=0.59 sys=0.00, real=0.11 secs] 
4726.533: [Full GC (Ergonomics) [PSYoungGen: 92170K->0K(465920K)] [ParOldGen: 1364374K->109791K(1398272K)] 1456545K->109791K(1864192K), [Metaspace: 60463K->60463K(1105920K)], 0.1716283 secs] [Times: user=0.75 sys=0.01, real=0.17 secs] 
4727.165: [GC (Allocation Failure) [PSYoungGen: 232960K->178293K(465920K)] 342751K->288084K(1864192K), 0.0342857 secs] [Times: user=0.13 sys=0.00, real=0.04 secs] 
4727.331: [GC (Allocation Failure) [PSYoungGen: 411253K->185366K(465920K)] 521044K->350981K(1864192K), 0.0410077 secs] [Times: user=0.18 sys=0.00, real=0.04 secs] 
4727.516: [GC (Allocation Failure) [PSYoungGen: 418326K->187317K(465920K)] 583941K->409156K(1864192K), 0.0728710 secs] [Times: user=0.36 sys=0.00, real=0.08 secs] 
4728.574: [GC (Allocation Failure) [PSYoungGen: 420277K->105756K(465920K)] 642116K->398236K(1864192K), 0.0542560 secs] [Times: user=0.29 sys=0.01, real=0.05 secs] 
4729.183: [GC (Allocation Failure) [PSYoungGen: 338716K->172564K(465920K)] 631196K->498961K(1864192K), 0.0767773 secs] [Times: user=0.37 sys=0.00, real=0.08 secs] 
4729.462: [GC (Allocation Failure) [PSYoungGen: 405524K->182069K(465920K)] 731921K->562597K(1864192K), 0.0553218 secs] [Times: user=0.25 sys=0.00, real=0.05 secs] 
4729.635: [GC (Allocation Failure) [PSYoungGen: 415029K->185687K(465920K)] 795557K->629767K(1864192K), 0.0486972 secs] [Times: user=0.22 sys=0.00, real=0.05 secs] 
4730.102: [GC (Allocation Failure) [PSYoungGen: 418647K->213492K(465920K)] 862727K->716476K(1864192K), 0.0522857 secs] [Times: user=0.25 sys=0.00, real=0.05 secs] 
4730.974: [GC (Allocation Failure) [PSYoungGen: 446452K->98427K(465920K)] 949436K->668564K(1864192K), 0.0624412 secs] [Times: user=0.33 sys=0.00, real=0.06 secs] 
4731.364: [GC (Allocation Failure) [PSYoungGen: 331387K->183126K(465920K)] 901524K->784651K(1864192K), 0.0499013 secs] [Times: user=0.22 sys=0.00, real=0.05 secs] 
4731.583: [GC (Allocation Failure) [PSYoungGen: 416086K->185110K(465920K)] 1017611K->843651K(1864192K), 0.0510786 secs] [Times: user=0.24 sys=0.00, real=0.05 secs] 
4731.750: [GC (Allocation Failure) [PSYoungGen: 418070K->184660K(465920K)] 1076611K->899378K(1864192K), 0.0452831 secs] [Times: user=0.21 sys=0.00, real=0.04 secs] 
4733.142: [GC (Allocation Failure) [PSYoungGen: 417620K->99404K(465920K)] 1132338K->883721K(1864192K), 0.0864980 secs] [Times: user=0.47 sys=0.00, real=0.09 secs] 
4734.728: [GC (Allocation Failure) [PSYoungGen: 332364K->168596K(465920K)] 1116681K->984510K(1864192K), 0.0898731 secs] [Times: user=0.44 sys=0.00, real=0.09 secs] 
4735.025: [GC (Allocation Failure) [PSYoungGen: 401556K->185110K(465920K)] 1217470K->1054284K(1864192K), 0.0441456 secs] [Times: user=0.20 sys=0.00, real=0.05 secs] 
4735.180: [GC (Allocation Failure) [PSYoungGen: 418070K->182998K(465920K)] 1287244K->1116573K(1864192K), 0.0509291 secs] [Times: user=0.24 sys=0.01, real=0.05 secs] 
4735.686: [GC (Allocation Failure) [PSYoungGen: 412522K->213428K(465920K)] 1346096K->1204930K(1864192K), 0.0547333 secs] [Times: user=0.27 sys=0.00, real=0.06 secs] 
4736.781: [GC (Allocation Failure) [PSYoungGen: 446388K->97643K(465920K)] 1437890K->1156833K(1864192K), 0.0572708 secs] [Times: user=0.30 sys=0.01, real=0.05 secs] 
4737.639: [GC (Allocation Failure) [PSYoungGen: 330603K->178133K(465920K)] 1389793K->1268332K(1864192K), 0.0503395 secs] [Times: user=0.22 sys=0.00, real=0.05 secs] 
4737.862: [GC (Allocation Failure) [PSYoungGen: 411093K->185334K(465920K)] 1501292K->1330913K(1864192K), 0.0520013 secs] [Times: user=0.25 sys=0.00, real=0.05 secs] 
4738.040: [GC (Allocation Failure) [PSYoungGen: 418294K->187573K(465920K)] 1563873K->1389344K(1864192K), 0.0481697 secs] [Times: user=0.23 sys=0.00, real=0.04 secs] 
4739.056: [GC (Allocation Failure) [PSYoungGen: 420533K->99356K(465920K)] 1622304K->1371879K(1864192K), 0.0458161 secs] [Times: user=0.24 sys=0.00, real=0.05 secs] 
4740.303: [GC (Allocation Failure) [PSYoungGen: 332316K->168660K(465920K)] 1604839K->1472916K(1864192K), 0.0840474 secs] [Times: user=0.41 sys=0.00, real=0.08 secs] 
4740.564: [GC (Allocation Failure) [PSYoungGen: 401620K->182549K(465920K)] 1705876K->1539721K(1864192K), 0.0442286 secs] [Times: user=0.20 sys=0.00, real=0.04 secs] 
4740.608: [Full GC (Ergonomics) [PSYoungGen: 182549K->0K(465920K)] [ParOldGen: 1357172K->257215K(1398272K)] 1539721K->257215K(1864192K), [Metaspace: 60463K->60463K(1105920K)], 0.3143712 secs] [Times: user=1.42 sys=0.00, real=0.32 secs] 
4741.036: [GC (Allocation Failure) [PSYoungGen: 232960K->185911K(465920K)] 490175K->443126K(1864192K), 0.0837430 secs] [Times: user=0.43 sys=0.00, real=0.09 secs] 
4741.366: [GC (Allocation Failure) [PSYoungGen: 417289K->214324K(465920K)] 674504K->530451K(1864192K), 0.0545244 secs] [Times: user=0.26 sys=0.00, real=0.06 secs] 
4743.120: [GC (Allocation Failure) [PSYoungGen: 447284K->90746K(465920K)] 763411K->475169K(1864192K), 0.0988385 secs] [Times: user=0.54 sys=0.01, real=0.10 secs] 
4743.792: [GC (Allocation Failure) [PSYoungGen: 323706K->183350K(465920K)] 708129K->597110K(1864192K), 0.0474455 secs] [Times: user=0.21 sys=0.00, real=0.05 secs] 
4743.970: [GC (Allocation Failure) [PSYoungGen: 416310K->185334K(465920K)] 830070K->656094K(1864192K), 0.0432673 secs] [Times: user=0.20 sys=0.00, real=0.04 secs] 
4744.116: [GC (Allocation Failure) [PSYoungGen: 418294K->184501K(465920K)] 889054K->711333K(1864192K), 0.0447564 secs] [Times: user=0.21 sys=0.00, real=0.05 secs] 
4745.167: [GC (Allocation Failure) [PSYoungGen: 417461K->100540K(465920K)] 944293K->696908K(1864192K), 0.0442741 secs] [Times: user=0.23 sys=0.00, real=0.05 secs] 
4746.123: [GC (GCLocker Initiated GC) [PSYoungGen: 333500K->168052K(465920K)] 929870K->796963K(1864192K), 0.0875611 secs] [Times: user=0.43 sys=0.00, real=0.09 secs] 
4746.396: [GC (Allocation Failure) [PSYoungGen: 401012K->185302K(465920K)] 1030090K->866904K(1864192K), 0.0425003 secs] [Times: user=0.19 sys=0.00, real=0.05 secs] 
4746.546: [GC (Allocation Failure) [PSYoungGen: 418262K->183414K(465920K)] 1099864K->929257K(1864192K), 0.0502197 secs] [Times: user=0.23 sys=0.00, real=0.05 secs] 
4746.822: [GC (Allocation Failure) [PSYoungGen: 415326K->217332K(465920K)] 1161168K->1021623K(1864192K), 0.0552478 secs] [Times: user=0.27 sys=0.00, real=0.05 secs] 
4748.230: [GC (Allocation Failure) [PSYoungGen: 450292K->93899K(465920K)] 1254583K->967613K(1864192K), 0.1050058 secs] [Times: user=0.57 sys=0.00, real=0.10 secs] 
4749.526: [GC (Allocation Failure) [PSYoungGen: 326859K->173332K(465920K)] 1200573K->1076499K(1864192K), 0.0542045 secs] [Times: user=0.24 sys=0.00, real=0.06 secs] 
4749.793: [GC (Allocation Failure) [PSYoungGen: 406292K->185174K(465920K)] 1309459K->1143073K(1864192K), 0.0540131 secs] [Times: user=0.26 sys=0.00, real=0.05 secs] 
4749.953: [GC (Allocation Failure) [PSYoungGen: 418134K->187381K(465920K)] 1376033K->1201320K(1864192K), 0.0466700 secs] [Times: user=0.22 sys=0.00, real=0.05 secs] 
4751.058: [GC (Allocation Failure) [PSYoungGen: 420341K->105948K(465920K)] 1434280K->1190428K(1864192K), 0.0477512 secs] [Times: user=0.24 sys=0.00, real=0.04 secs] 
4752.382: [GC (GCLocker Initiated GC) [PSYoungGen: 338908K->164627K(465920K)] 1423388K->1282880K(1864192K), 0.0945591 secs] [Times: user=0.48 sys=0.00, real=0.09 secs] 
4752.645: [GC (Allocation Failure) [PSYoungGen: 397587K->184950K(465920K)] 1516007K->1355333K(1864192K), 0.0429197 secs] [Times: user=0.19 sys=0.00, real=0.05 secs] 
4752.803: [GC (Allocation Failure) [PSYoungGen: 417910K->183190K(465920K)] 1588293K->1417726K(1864192K), 0.0509609 secs] [Times: user=0.24 sys=0.00, real=0.05 secs] 
4752.960: [GC (Allocation Failure) [PSYoungGen: 416150K->185301K(465920K)] 1650686K->1478156K(1864192K), 0.0561198 secs] [Times: user=0.27 sys=0.00, real=0.05 secs] 
4754.140: [GC (Allocation Failure) [PSYoungGen: 418261K->97387K(465920K)] 1711116K->1460347K(1864192K), 0.0779514 secs] [Times: user=0.42 sys=0.00, real=0.07 secs] 
4754.218: [Full GC (Ergonomics) [PSYoungGen: 97387K->0K(465920K)] [ParOldGen: 1362959K->114473K(1398272K)] 1460347K->114473K(1864192K), [Metaspace: 60463K->60463K(1105920K)], 0.1581884 secs] [Times: user=0.68 sys=0.00, real=0.16 secs] 
4754.848: [GC (Allocation Failure) [PSYoungGen: 232960K->179989K(465920K)] 347433K->294463K(1864192K), 0.0331645 secs] [Times: user=0.12 sys=0.00, real=0.03 secs] 
4755.052: [GC (Allocation Failure) [PSYoungGen: 412949K->185078K(465920K)] 527423K->356003K(1864192K), 0.0648005 secs] [Times: user=0.30 sys=0.00, real=0.06 secs] 
4755.297: [GC (Allocation Failure) [PSYoungGen: 418038K->181332K(465920K)] 588963K->408474K(1864192K), 0.0625763 secs] [Times: user=0.31 sys=0.00, real=0.07 secs] 
4756.300: [GC (Allocation Failure) [PSYoungGen: 414292K->105852K(465920K)] 641434K->401454K(1864192K), 0.0504572 secs] [Times: user=0.26 sys=0.00, real=0.05 secs] 
4757.175: [GC (Allocation Failure) [PSYoungGen: 338812K->169812K(465920K)] 634414K->499239K(1864192K), 0.0927720 secs] [Times: user=0.47 sys=0.00, real=0.09 secs] 
4757.445: [GC (Allocation Failure) [PSYoungGen: 402772K->185046K(465920K)] 732199K->568077K(1864192K), 0.0420142 secs] [Times: user=0.18 sys=0.00, real=0.04 secs] 
4757.597: [GC (Allocation Failure) [PSYoungGen: 418006K->185495K(465920K)] 801037K->632862K(1864192K), 0.0494478 secs] [Times: user=0.22 sys=0.00, real=0.05 secs] 
4758.031: [GC (Allocation Failure) [PSYoungGen: 415804K->212948K(465920K)] 863171K->719067K(1864192K), 0.0542617 secs] [Times: user=0.27 sys=0.00, real=0.05 secs] 
4759.666: [GC (Allocation Failure) [PSYoungGen: 445908K->91882K(465920K)] 952027K->665625K(1864192K), 0.1143918 secs] [Times: user=0.62 sys=0.00, real=0.12 secs] 
4760.314: [GC (Allocation Failure) [PSYoungGen: 324842K->182966K(465920K)] 898585K->786342K(1864192K), 0.0497220 secs] [Times: user=0.22 sys=0.00, real=0.05 secs] 
4760.545: [GC (Allocation Failure) [PSYoungGen: 415926K->182645K(465920K)] 1019302K->842737K(1864192K), 0.0505457 secs] [Times: user=0.25 sys=0.00, real=0.05 secs] 
4760.706: [GC (Allocation Failure) [PSYoungGen: 415605K->187125K(465920K)] 1075697K->902897K(1864192K), 0.0451726 secs] [Times: user=0.20 sys=0.00, real=0.05 secs] 
4761.746: [GC (Allocation Failure) [PSYoungGen: 420085K->103564K(465920K)] 1135857K->889856K(1864192K), 0.0451678 secs] [Times: user=0.23 sys=0.00, real=0.05 secs] 
4762.590: [GC (Allocation Failure) [PSYoungGen: 336524K->169652K(465920K)] 1122816K->989333K(1864192K), 0.0887952 secs] [Times: user=0.45 sys=0.00, real=0.09 secs] 
4762.868: [GC (Allocation Failure) [PSYoungGen: 402612K->184341K(465920K)] 1222293K->1057270K(1864192K), 0.0484177 secs] [Times: user=0.23 sys=0.00, real=0.05 secs] 
4763.054: [GC (Allocation Failure) [PSYoungGen: 417301K->186039K(465920K)] 1290230K->1123408K(1864192K), 0.0717254 secs] [Times: user=0.34 sys=0.01, real=0.07 secs] 
4763.544: [GC (Allocation Failure) [PSYoungGen: 416920K->212532K(465920K)] 1354289K->1209029K(1864192K), 0.0538513 secs] [Times: user=0.27 sys=0.00, real=0.05 secs] 
4764.487: [GC (Allocation Failure) [PSYoungGen: 445492K->97819K(465920K)] 1441989K->1161860K(1864192K), 0.1006231 secs] [Times: user=0.54 sys=0.00, real=0.10 secs] 
4765.369: [GC (Allocation Failure) [PSYoungGen: 330779K->179893K(465920K)] 1394820K->1274843K(1864192K), 0.0521655 secs] [Times: user=0.24 sys=0.01, real=0.05 secs] 
4765.562: [GC (Allocation Failure) [PSYoungGen: 412853K->185174K(465920K)] 1507803K->1336583K(1864192K), 0.0452236 secs] [Times: user=0.20 sys=0.00, real=0.04 secs] 
4765.730: [GC (Allocation Failure) [PSYoungGen: 418134K->187253K(465920K)] 1569543K->1394691K(1864192K), 0.0629145 secs] [Times: user=0.31 sys=0.00, real=0.06 secs] 
4766.852: [GC (Allocation Failure) [PSYoungGen: 420213K->102348K(465920K)] 1627651K->1380498K(1864192K), 0.0513906 secs] [Times: user=0.27 sys=0.00, real=0.05 secs] 
4768.128: [GC (Allocation Failure) [PSYoungGen: 335308K->169620K(465920K)] 1613458K->1480463K(1864192K), 0.1024608 secs] [Times: user=0.52 sys=0.00, real=0.10 secs] 
4768.231: [Full GC (Ergonomics) [PSYoungGen: 169620K->0K(465920K)] [ParOldGen: 1310842K->193635K(1398272K)] 1480463K->193635K(1864192K), [Metaspace: 60463K->60463K(1105920K)], 0.2594727 secs] [Times: user=1.27 sys=0.00, real=0.26 secs] 
4768.595: [GC (Allocation Failure) [PSYoungGen: 232960K->180021K(465920K)] 426595K->373656K(1864192K), 0.0331747 secs] [Times: user=0.13 sys=0.01, real=0.04 secs] 
4768.739: [GC (Allocation Failure) [PSYoungGen: 412981K->185943K(465920K)] 606616K->442818K(1864192K), 0.0432063 secs] [Times: user=0.20 sys=0.00, real=0.04 secs] 
4769.542: [GC (Allocation Failure) [PSYoungGen: 416994K->214708K(465920K)] 673870K->530479K(1864192K), 0.0574230 secs] [Times: user=0.29 sys=0.00, real=0.06 secs] 
4770.241: [GC (GCLocker Initiated GC) [PSYoungGen: 447668K->102316K(465920K)] 763439K->485655K(1864192K), 0.0815902 secs] [Times: user=0.43 sys=0.01, real=0.08 secs] 
4770.638: [GC (Allocation Failure) [PSYoungGen: 335276K->180661K(465920K)] 718910K->596989K(1864192K), 0.0375563 secs] [Times: user=0.16 sys=0.00, real=0.04 secs] 
4770.784: [GC (Allocation Failure) [PSYoungGen: 413621K->185174K(465920K)] 829949K->657977K(1864192K), 0.0443199 secs] [Times: user=0.20 sys=0.01, real=0.04 secs] 
4770.933: [GC (Allocation Failure) [PSYoungGen: 418134K->186773K(465920K)] 890937K->715640K(1864192K), 0.0459699 secs] [Times: user=0.22 sys=0.00, real=0.05 secs] 
4771.929: [GC (Allocation Failure) [PSYoungGen: 419733K->98587K(465920K)] 948600K->697927K(1864192K), 0.0442550 secs] [Times: user=0.23 sys=0.00, real=0.04 secs] 
4772.620: [GC (Allocation Failure) [PSYoungGen: 331547K->173300K(465920K)] 930887K->804125K(1864192K), 0.0533823 secs] [Times: user=0.25 sys=0.00, real=0.05 secs] 
4772.822: [GC (Allocation Failure) [PSYoungGen: 406260K->185398K(465920K)] 1037085K->870570K(1864192K), 0.0483032 secs] [Times: user=0.23 sys=0.00, real=0.05 secs] 
4772.996: [GC (Allocation Failure) [PSYoungGen: 418358K->183446K(465920K)] 1103530K->932819K(1864192K), 0.0548997 secs] [Times: user=0.26 sys=0.00, real=0.06 secs] 
4773.940: [GC (Allocation Failure) [PSYoungGen: 416406K->169971K(465920K)] 1165779K->977543K(1864192K), 0.0557915 secs] [Times: user=0.28 sys=0.00, real=0.05 secs] 
4775.060: [GC (Allocation Failure) [PSYoungGen: 402931K->105884K(465920K)] 1210503K->978360K(1864192K), 0.1119057 secs] [Times: user=0.60 sys=0.01, real=0.11 secs] 
4775.713: [GC (Allocation Failure) [PSYoungGen: 335850K->177685K(465920K)] 1208326K->1083726K(1864192K), 0.0498297 secs] [Times: user=0.22 sys=0.00, real=0.05 secs] 
4775.887: [GC (Allocation Failure) [PSYoungGen: 410645K->185494K(465920K)] 1316686K->1146919K(1864192K), 0.0437540 secs] [Times: user=0.20 sys=0.00, real=0.05 secs] 
4776.036: [GC (Allocation Failure) [PSYoungGen: 418454K->187157K(465920K)] 1379879K->1204822K(1864192K), 0.0459665 secs] [Times: user=0.21 sys=0.00, real=0.05 secs] 
4777.176: [GC (Allocation Failure) [PSYoungGen: 420117K->100876K(465920K)] 1437782K->1188973K(1864192K), 0.0531677 secs] [Times: user=0.28 sys=0.00, real=0.06 secs] 
4777.693: [GC (Allocation Failure) [PSYoungGen: 333836K->175701K(465920K)] 1421933K->1297254K(1864192K), 0.0502513 secs] [Times: user=0.23 sys=0.01, real=0.05 secs] 
4777.872: [GC (Allocation Failure) [PSYoungGen: 408661K->185014K(465920K)] 1530214K->1361095K(1864192K), 0.0498471 secs] [Times: user=0.23 sys=0.00, real=0.05 secs] 
4778.049: [GC (Allocation Failure) [PSYoungGen: 409828K->177654K(465920K)] 1585910K->1418271K(1864192K), 0.0546793 secs] [Times: user=0.26 sys=0.00, real=0.05 secs] 
4778.960: [GC (Allocation Failure) [PSYoungGen: 407783K->206195K(465920K)] 1648400K->1503292K(1864192K), 0.0537630 secs] [Times: user=0.27 sys=0.00, real=0.05 secs] 
4779.619: [GC (GCLocker Initiated GC) [PSYoungGen: 439155K->102172K(465920K)] 1736254K->1464023K(1864192K), 0.1006462 secs] [Times: user=0.54 sys=0.01, real=0.10 secs] 
4779.720: [Full GC (Ergonomics) [PSYoungGen: 102172K->0K(465920K)] [ParOldGen: 1361851K->119801K(1398272K)] 1464023K->119801K(1864192K), [Metaspace: 60463K->60463K(1105920K)], 0.1752886 secs] [Times: user=0.77 sys=0.00, real=0.17 secs] 
4780.621: [GC (Allocation Failure) [PSYoungGen: 232960K->178901K(465920K)] 352890K->298831K(1864192K), 0.0370916 secs] [Times: user=0.14 sys=0.00, real=0.04 secs] 
4780.834: [GC (GCLocker Initiated GC) [PSYoungGen: 411861K->179445K(465920K)] 531792K->355184K(1864192K), 0.0606344 secs] [Times: user=0.29 sys=0.01, real=0.06 secs] 
4781.057: [GC (Allocation Failure) [PSYoungGen: 412405K->203509K(465920K)] 588147K->433747K(1864192K), 0.0623115 secs] [Times: user=0.30 sys=0.01, real=0.07 secs] 
4782.065: [GC (Allocation Failure) [PSYoungGen: 436469K->99852K(465920K)] 666707K->400641K(1864192K), 0.0438191 secs] [Times: user=0.23 sys=0.00, real=0.05 secs] 
4783.325: [GC (Allocation Failure) [PSYoungGen: 332812K->168756K(465920K)] 633601K->501398K(1864192K), 0.0918449 secs] [Times: user=0.46 sys=0.00, real=0.09 secs] 
4783.590: [GC (Allocation Failure) [PSYoungGen: 401716K->184950K(465920K)] 734358K->570748K(1864192K), 0.0418915 secs] [Times: user=0.18 sys=0.00, real=0.04 secs] 
4783.782: [GC (Allocation Failure) [PSYoungGen: 417910K->186071K(465920K)] 803708K->636037K(1864192K), 0.0802673 secs] [Times: user=0.40 sys=0.00, real=0.08 secs] 
4784.343: [GC (Allocation Failure) [PSYoungGen: 415899K->213140K(465920K)] 865866K->722138K(1864192K), 0.0545126 secs] [Times: user=0.27 sys=0.00, real=0.05 secs] 
4786.143: [GC (Allocation Failure) [PSYoungGen: 446100K->92426K(465920K)] 955098K->669065K(1864192K), 0.1074365 secs] [Times: user=0.58 sys=0.01, real=0.11 secs] 
4786.792: [GC (Allocation Failure) [PSYoungGen: 325386K->180790K(465920K)] 902025K->786869K(1864192K), 0.0529040 secs] [Times: user=0.23 sys=0.00, real=0.05 secs] 
4787.042: [GC (Allocation Failure) [PSYoungGen: 413750K->185014K(465920K)] 1019829K->847453K(1864192K), 0.0569739 secs] [Times: user=0.27 sys=0.00, real=0.06 secs] 
4787.205: [GC (Allocation Failure) [PSYoungGen: 417974K->187157K(465920K)] 1080413K->905716K(1864192K), 0.0449514 secs] [Times: user=0.20 sys=0.00, real=0.05 secs] 
4788.176: [GC (Allocation Failure) [PSYoungGen: 420117K->102876K(465920K)] 1138676K->891988K(1864192K), 0.0446184 secs] [Times: user=0.23 sys=0.00, real=0.05 secs] 
4789.067: [GC (Allocation Failure) [PSYoungGen: 335836K->168692K(465920K)] 1124948K->990688K(1864192K), 0.1008641 secs] [Times: user=0.51 sys=0.00, real=0.10 secs] 
4789.354: [GC (Allocation Failure) [PSYoungGen: 401652K->185270K(465920K)] 1223648K->1060330K(1864192K), 0.0432364 secs] [Times: user=0.20 sys=0.00, real=0.04 secs] 
4789.521: [GC (Allocation Failure) [PSYoungGen: 418230K->183350K(465920K)] 1293290K->1122467K(1864192K), 0.0501800 secs] [Times: user=0.24 sys=0.00, real=0.05 secs] 
4789.955: [GC (Allocation Failure) [PSYoungGen: 414840K->214004K(465920K)] 1353956K->1211304K(1864192K), 0.0545333 secs] [Times: user=0.27 sys=0.00, real=0.06 secs] 
4791.111: [GC (Allocation Failure) [PSYoungGen: 446964K->92218K(465920K)] 1444264K->1157367K(1864192K), 0.1233313 secs] [Times: user=0.68 sys=0.00, real=0.12 secs] 
4791.882: [GC (Allocation Failure) [PSYoungGen: 325178K->184918K(465920K)] 1390327K->1279653K(1864192K), 0.0494560 secs] [Times: user=0.22 sys=0.00, real=0.05 secs] 
4792.060: [GC (Allocation Failure) [PSYoungGen: 417878K->185366K(465920K)] 1512613K->1336414K(1864192K), 0.0440408 secs] [Times: user=0.20 sys=0.00, real=0.04 secs] 
4792.213: [GC (Allocation Failure) [PSYoungGen: 418326K->187221K(465920K)] 1569374K->1394485K(1864192K), 0.0458813 secs] [Times: user=0.21 sys=0.00, real=0.05 secs] 
4793.510: [GC (Allocation Failure) [PSYoungGen: 420181K->103916K(465920K)] 1627445K->1381676K(1864192K), 0.0739821 secs] [Times: user=0.39 sys=0.00, real=0.07 secs] 
4795.554: [GC (Allocation Failure) [PSYoungGen: 336876K->163667K(465920K)] 1614636K->1474920K(1864192K), 0.0963647 secs] [Times: user=0.48 sys=0.00, real=0.10 secs] 
4795.651: [Full GC (Ergonomics) [PSYoungGen: 163667K->0K(465920K)] [ParOldGen: 1311252K->186886K(1398272K)] 1474920K->186886K(1864192K), [Metaspace: 60463K->60463K(1105920K)], 0.2307392 secs] [Times: user=1.12 sys=0.00, real=0.23 secs] 
4795.997: [GC (Allocation Failure) [PSYoungGen: 232960K->185174K(465920K)] 419846K->372060K(1864192K), 0.0335118 secs] [Times: user=0.14 sys=0.00, real=0.04 secs] 
4796.137: [GC (Allocation Failure) [PSYoungGen: 418134K->185015K(465920K)] 605020K->436325K(1864192K), 0.0439090 secs] [Times: user=0.19 sys=0.00, real=0.05 secs] 
4796.297: [GC (Allocation Failure) [PSYoungGen: 417975K->215380K(465920K)] 669285K->525555K(1864192K), 0.0544080 secs] [Times: user=0.27 sys=0.00, real=0.06 secs] 
4797.430: [GC (Allocation Failure) [PSYoungGen: 448340K->91754K(465920K)] 758515K->470737K(1864192K), 0.0765226 secs] [Times: user=0.41 sys=0.01, real=0.07 secs] 
4798.273: [GC (Allocation Failure) [PSYoungGen: 324714K->177045K(465920K)] 703697K->584997K(1864192K), 0.0511281 secs] [Times: user=0.23 sys=0.00, real=0.05 secs] 
4798.465: [GC (Allocation Failure) [PSYoungGen: 410005K->185494K(465920K)] 817957K->649141K(1864192K), 0.0426922 secs] [Times: user=0.19 sys=0.00, real=0.04 secs] 
4798.618: [GC (Allocation Failure) [PSYoungGen: 418454K->187317K(465920K)] 882101K->707093K(1864192K), 0.0452728 secs] [Times: user=0.21 sys=0.00, real=0.05 secs] 
4799.683: [GC (Allocation Failure) [PSYoungGen: 420277K->103596K(465920K)] 940053K->693976K(1864192K), 0.0512147 secs] [Times: user=0.26 sys=0.00, real=0.05 secs] 
4801.478: [GC (Allocation Failure) [PSYoungGen: 336556K->161971K(465920K)] 926936K->785612K(1864192K), 0.1031189 secs] [Times: user=0.53 sys=0.00, real=0.11 secs] 
4801.751: [GC (Allocation Failure) [PSYoungGen: 394931K->183253K(465920K)] 1018572K->857758K(1864192K), 0.0411313 secs] [Times: user=0.18 sys=0.00, real=0.04 secs] 
4801.902: [GC (Allocation Failure) [PSYoungGen: 416213K->185815K(465920K)] 1090718K->924144K(1864192K), 0.0492206 secs] [Times: user=0.23 sys=0.00, real=0.05 secs] 
4802.057: [GC (Allocation Failure) [PSYoungGen: 418775K->187349K(465920K)] 1157104K->984486K(1864192K), 0.0543484 secs] [Times: user=0.26 sys=0.00, real=0.06 secs] 
4803.597: [GC (GCLocker Initiated GC) [PSYoungGen: 420309K->91082K(465920K)] 1217447K->958932K(1864192K), 0.1080151 secs] [Times: user=0.59 sys=0.00, real=0.11 secs] 
4804.298: [GC (Allocation Failure) [PSYoungGen: 324042K->178997K(465920K)] 1192059K->1076027K(1864192K), 0.0475227 secs] [Times: user=0.21 sys=0.00, real=0.05 secs] 
4804.468: [GC (Allocation Failure) [PSYoungGen: 411957K->185078K(465920K)] 1308987K->1138191K(1864192K), 0.0434954 secs] [Times: user=0.20 sys=0.00, real=0.05 secs] 
4804.654: [GC (Allocation Failure) [PSYoungGen: 418038K->187029K(465920K)] 1371151K->1196090K(1864192K), 0.0640691 secs] [Times: user=0.31 sys=0.00, real=0.06 secs] 
4805.772: [GC (Allocation Failure) [PSYoungGen: 419989K->104940K(465920K)] 1429050K->1184626K(1864192K), 0.0555016 secs] [Times: user=0.30 sys=0.00, real=0.05 secs] 
4806.307: [GC (GCLocker Initiated GC) [PSYoungGen: 337900K->166292K(465920K)] 1417586K->1279778K(1864192K), 0.0816655 secs] [Times: user=0.40 sys=0.01, real=0.09 secs] 
4806.535: [GC (Allocation Failure) [PSYoungGen: 399252K->192854K(465920K)] 1512777K->1358459K(1864192K), 0.0432538 secs] [Times: user=0.20 sys=0.00, real=0.04 secs] 
4806.688: [GC (Allocation Failure) [PSYoungGen: 425814K->185559K(465920K)] 1591419K->1415420K(1864192K), 0.0505501 secs] [Times: user=0.24 sys=0.00, real=0.05 secs] 
4806.952: [GC (Allocation Failure) [PSYoungGen: 418519K->217749K(465920K)] 1648380K->1506506K(1864192K), 0.0661423 secs] [Times: user=0.33 sys=0.00, real=0.07 secs] 
4808.868: [GC (Allocation Failure) [PSYoungGen: 450709K->88474K(465920K)] 1739466K->1446944K(1864192K), 0.1060206 secs] [Times: user=0.58 sys=0.01, real=0.11 secs] 
4808.974: [Full GC (Ergonomics) [PSYoungGen: 88474K->0K(465920K)] [ParOldGen: 1358469K->106195K(1398272K)] 1446944K->106195K(1864192K), [Metaspace: 60463K->60463K(1105920K)], 0.1656251 secs] [Times: user=0.72 sys=0.00, real=0.17 secs] 
4810.029: [GC (Allocation Failure) [PSYoungGen: 232960K->182678K(465920K)] 339155K->288873K(1864192K), 0.0380850 secs] [Times: user=0.14 sys=0.00, real=0.03 secs] 
4810.224: [GC (Allocation Failure) [PSYoungGen: 415638K->182517K(465920K)] 521833K->345444K(1864192K), 0.0407751 secs] [Times: user=0.18 sys=0.00, real=0.04 secs] 
4810.392: [GC (Allocation Failure) [PSYoungGen: 415477K->187413K(465920K)] 578404K->405772K(1864192K), 0.0593051 secs] [Times: user=0.28 sys=0.00, real=0.06 secs] 
4811.670: [GC (Allocation Failure) [PSYoungGen: 420373K->104364K(465920K)] 638732K->393411K(1864192K), 0.0843230 secs] [Times: user=0.46 sys=0.00, real=0.08 secs] 
4813.447: [GC (Allocation Failure) [PSYoungGen: 337324K->163123K(465920K)] 626371K->485407K(1864192K), 0.1052372 secs] [Times: user=0.53 sys=0.00, real=0.11 secs] 
4813.727: [GC (Allocation Failure) [PSYoungGen: 396083K->185430K(465920K)] 718367K->558866K(1864192K), 0.0419020 secs] [Times: user=0.19 sys=0.00, real=0.05 secs] 
4813.895: [GC (Allocation Failure) [PSYoungGen: 418390K->186039K(465920K)] 791826K->623771K(1864192K), 0.0553867 secs] [Times: user=0.27 sys=0.00, real=0.06 secs] 
4814.098: [GC (Allocation Failure) [PSYoungGen: 418999K->203061K(465920K)] 856731K->699873K(1864192K), 0.0552949 secs] [Times: user=0.27 sys=0.00, real=0.06 secs] 
4815.225: [GC (Allocation Failure) [PSYoungGen: 436021K->91098K(465920K)] 932833K->658030K(1864192K), 0.0617990 secs] [Times: user=0.32 sys=0.01, real=0.06 secs] 
4815.931: [GC (Allocation Failure) [PSYoungGen: 324058K->179413K(465920K)] 890990K->774854K(1864192K), 0.0528702 secs] [Times: user=0.23 sys=0.00, real=0.05 secs] 
4816.123: [GC (Allocation Failure) [PSYoungGen: 412373K->185174K(465920K)] 1007814K->836467K(1864192K), 0.0438670 secs] [Times: user=0.20 sys=0.00, real=0.04 secs] 
4816.292: [GC (Allocation Failure) [PSYoungGen: 418134K->187285K(465920K)] 1069427K->894614K(1864192K), 0.0554178 secs] [Times: user=0.27 sys=0.00, real=0.05 secs] 
4817.340: [GC (Allocation Failure) [PSYoungGen: 420245K->101324K(465920K)] 1127574K->879141K(1864192K), 0.0526821 secs] [Times: user=0.28 sys=0.00, real=0.05 secs] 
4819.067: [GC (Allocation Failure) [PSYoungGen: 334284K->166484K(465920K)] 1112101K->976754K(1864192K), 0.1114188 secs] [Times: user=0.57 sys=0.00, real=0.12 secs] 
4819.361: [GC (Allocation Failure) [PSYoungGen: 399444K->182293K(465920K)] 1209714K->1044559K(1864192K), 0.0436376 secs] [Times: user=0.19 sys=0.00, real=0.04 secs] 
4819.515: [GC (Allocation Failure) [PSYoungGen: 415253K->186039K(465920K)] 1277519K->1112001K(1864192K), 0.0512206 secs] [Times: user=0.23 sys=0.00, real=0.05 secs] 
4819.694: [GC (Allocation Failure) [PSYoungGen: 418999K->219445K(465920K)] 1344961K->1204279K(1864192K), 0.0559453 secs] [Times: user=0.27 sys=0.00, real=0.06 secs] 
4821.003: [GC (Allocation Failure) [PSYoungGen: 452405K->91450K(465920K)] 1437239K->1146588K(1864192K), 0.0539844 secs] [Times: user=0.29 sys=0.00, real=0.05 secs] 
4821.615: [GC (Allocation Failure) [PSYoungGen: 324410K->182582K(465920K)] 1379548K->1266789K(1864192K), 0.0468219 secs] [Times: user=0.21 sys=0.00, real=0.05 secs] 
4821.841: [GC (Allocation Failure) [PSYoungGen: 415542K->185110K(465920K)] 1499749K->1326265K(1864192K), 0.0654038 secs] [Times: user=0.32 sys=0.00, real=0.06 secs] 
4822.021: [GC (Allocation Failure) [PSYoungGen: 418070K->184116K(465920K)] 1559225K->1381455K(1864192K), 0.0468956 secs] [Times: user=0.22 sys=0.00, real=0.05 secs] 
4823.108: [GC (Allocation Failure) [PSYoungGen: 417076K->102540K(465920K)] 1614415K->1369351K(1864192K), 0.0512439 secs] [Times: user=0.27 sys=0.00, real=0.05 secs] 
4823.764: [GC (Allocation Failure) [PSYoungGen: 335500K->171828K(465920K)] 1602311K->1471840K(1864192K), 0.0715555 secs] [Times: user=0.35 sys=0.00, real=0.07 secs] 
4824.031: [GC (Allocation Failure) [PSYoungGen: 404788K->181621K(465920K)] 1704800K->1535025K(1864192K), 0.0587114 secs] [Times: user=0.28 sys=0.00, real=0.06 secs] 
4824.089: [Full GC (Ergonomics) [PSYoungGen: 181621K->0K(465920K)] [ParOldGen: 1353403K->256000K(1398272K)] 1535025K->256000K(1864192K), [Metaspace: 60463K->60463K(1105920K)], 0.3227417 secs] [Times: user=1.49 sys=0.00, real=0.32 secs] 
4824.520: [GC (Allocation Failure) [PSYoungGen: 232960K->185911K(465920K)] 488960K->441911K(1864192K), 0.0858029 secs] [Times: user=0.45 sys=0.00, real=0.08 secs] 
4824.976: [GC (Allocation Failure) [PSYoungGen: 418871K->213748K(465920K)] 674871K->528565K(1864192K), 0.0565133 secs] [Times: user=0.28 sys=0.00, real=0.06 secs] 
4826.494: [GC (Allocation Failure) [PSYoungGen: 446708K->89082K(465920K)] 761525K->472243K(1864192K), 0.1103165 secs] [Times: user=0.60 sys=0.01, real=0.11 secs] 
4827.567: [GC (Allocation Failure) [PSYoungGen: 322042K->180277K(465920K)] 705203K->591743K(1864192K), 0.0522369 secs] [Times: user=0.22 sys=0.00, real=0.06 secs] 
4827.761: [GC (Allocation Failure) [PSYoungGen: 413237K->185430K(465920K)] 824703K->652955K(1864192K), 0.0437631 secs] [Times: user=0.20 sys=0.00, real=0.04 secs] 
4827.910: [GC (Allocation Failure) [PSYoungGen: 418390K->203893K(465920K)] 885915K->727722K(1864192K), 0.0456302 secs] [Times: user=0.21 sys=0.01, real=0.04 secs] 
4828.994: [GC (Allocation Failure) [PSYoungGen: 436853K->103676K(465920K)] 960682K->698282K(1864192K), 0.0632845 secs] [Times: user=0.33 sys=0.01, real=0.06 secs] 
4830.116: [GC (Allocation Failure) [PSYoungGen: 336525K->167860K(465920K)] 931130K->795654K(1864192K), 0.0788659 secs] [Times: user=0.39 sys=0.00, real=0.08 secs] 
4830.344: [GC (Allocation Failure) [PSYoungGen: 400820K->182741K(465920K)] 1028614K->862940K(1864192K), 0.0419078 secs] [Times: user=0.19 sys=0.00, real=0.04 secs] 
4830.497: [GC (Allocation Failure) [PSYoungGen: 415701K->185847K(465920K)] 1095900K->929909K(1864192K), 0.0495565 secs] [Times: user=0.23 sys=0.01, real=0.05 secs] 
4830.849: [GC (Allocation Failure) [PSYoungGen: 418142K->217556K(465920K)] 1162205K->1020763K(1864192K), 0.0555790 secs] [Times: user=0.27 sys=0.00, real=0.05 secs] 
4831.887: [GC (Allocation Failure) [PSYoungGen: 450516K->94843K(465920K)] 1253723K->967433K(1864192K), 0.0846027 secs] [Times: user=0.45 sys=0.00, real=0.09 secs] 
4832.498: [GC (Allocation Failure) [PSYoungGen: 327764K->183126K(465920K)] 1200355K->1085553K(1864192K), 0.0479148 secs] [Times: user=0.21 sys=0.00, real=0.04 secs] 
4832.701: [GC (Allocation Failure) [PSYoungGen: 416086K->185366K(465920K)] 1318513K->1144925K(1864192K), 0.0514365 secs] [Times: user=0.24 sys=0.00, real=0.05 secs] 
4832.866: [GC (Allocation Failure) [PSYoungGen: 418326K->183924K(465920K)] 1377885K->1199832K(1864192K), 0.0455309 secs] [Times: user=0.21 sys=0.00, real=0.05 secs] 
4833.975: [GC (Allocation Failure) [PSYoungGen: 416884K->99404K(465920K)] 1432792K->1184791K(1864192K), 0.0535677 secs] [Times: user=0.29 sys=0.00, real=0.06 secs] 
4834.865: [GC (Allocation Failure) [PSYoungGen: 332364K->172180K(465920K)] 1417751K->1289357K(1864192K), 0.0832145 secs] [Times: user=0.41 sys=0.00, real=0.09 secs] 
4835.123: [GC (Allocation Failure) [PSYoungGen: 405140K->185302K(465920K)] 1522317K->1356614K(1864192K), 0.0427145 secs] [Times: user=0.19 sys=0.00, real=0.04 secs] 
4835.271: [GC (Allocation Failure) [PSYoungGen: 418262K->183735K(465920K)] 1589574K->1419407K(1864192K), 0.0496864 secs] [Times: user=0.23 sys=0.00, real=0.05 secs] 
4835.723: [GC (Allocation Failure) [PSYoungGen: 413586K->212692K(465920K)] 1649259K->1506700K(1864192K), 0.0532605 secs] [Times: user=0.26 sys=0.00, real=0.05 secs] 
4837.718: [GC (Allocation Failure) [PSYoungGen: 445652K->93675K(465920K)] 1739660K->1455007K(1864192K), 0.1109548 secs] [Times: user=0.62 sys=0.00, real=0.12 secs] 
4837.829: [Full GC (Ergonomics) [PSYoungGen: 93675K->0K(465920K)] [ParOldGen: 1361332K->111248K(1398272K)] 1455007K->111248K(1864192K), [Metaspace: 60463K->60463K(1105920K)], 0.1738010 secs] [Times: user=0.77 sys=0.00, real=0.17 secs] 
4838.418: [GC (Allocation Failure) [PSYoungGen: 232960K->180406K(465920K)] 344208K->291654K(1864192K), 0.0283018 secs] [Times: user=0.11 sys=0.00, real=0.03 secs] 
4838.578: [GC (Allocation Failure) [PSYoungGen: 413366K->185110K(465920K)] 524614K->352470K(1864192K), 0.0544301 secs] [Times: user=0.26 sys=0.00, real=0.06 secs] 
4839.579: [GC (Allocation Failure) [PSYoungGen: 418070K->199700K(465920K)] 585430K->423277K(1864192K), 0.1317040 secs] [Times: user=0.66 sys=0.00, real=0.13 secs] 
4840.969: [GC (Allocation Failure) [PSYoungGen: 432660K->99756K(465920K)] 656237K->392548K(1864192K), 0.0478175 secs] [Times: user=0.25 sys=0.00, real=0.04 secs] 
4841.834: [GC (Allocation Failure) [PSYoungGen: 332707K->169812K(465920K)] 625500K->495113K(1864192K), 0.0900837 secs] [Times: user=0.46 sys=0.00, real=0.09 secs] 
4842.081: [GC (Allocation Failure) [PSYoungGen: 402769K->185078K(465920K)] 728069K->563358K(1864192K), 0.0416697 secs] [Times: user=0.18 sys=0.00, real=0.04 secs] 
4842.266: [GC (Allocation Failure) [PSYoungGen: 418038K->183190K(465920K)] 796318K->625727K(1864192K), 0.0698509 secs] [Times: user=0.34 sys=0.00, real=0.07 secs] 
4842.569: [GC (Allocation Failure) [PSYoungGen: 416150K->218965K(465920K)] 858687K->720077K(1864192K), 0.0542337 secs] [Times: user=0.26 sys=0.00, real=0.05 secs] 
4843.918: [GC (Allocation Failure) [PSYoungGen: 451925K->91834K(465920K)] 953037K->662875K(1864192K), 0.1171885 secs] [Times: user=0.65 sys=0.00, real=0.12 secs] 
4844.921: [GC (Allocation Failure) [PSYoungGen: 324794K->180277K(465920K)] 895835K->780863K(1864192K), 0.0518046 secs] [Times: user=0.23 sys=0.00, real=0.05 secs] 
4845.109: [GC (Allocation Failure) [PSYoungGen: 413237K->185174K(465920K)] 1013823K->841991K(1864192K), 0.0436330 secs] [Times: user=0.19 sys=0.00, real=0.04 secs] 
4845.257: [GC (Allocation Failure) [PSYoungGen: 418134K->187285K(465920K)] 1074951K->900287K(1864192K), 0.0457077 secs] [Times: user=0.21 sys=0.00, real=0.05 secs] 
4846.320: [GC (Allocation Failure) [PSYoungGen: 420245K->103068K(465920K)] 1133247K->886538K(1864192K), 0.0464384 secs] [Times: user=0.24 sys=0.01, real=0.04 secs] 
4847.498: [GC (GCLocker Initiated GC) [PSYoungGen: 336028K->163571K(465920K)] 1119498K->980549K(1864192K), 0.0936511 secs] [Times: user=0.47 sys=0.00, real=0.10 secs] 
4847.757: [GC (Allocation Failure) [PSYoungGen: 396531K->185174K(465920K)] 1213676K->1053718K(1864192K), 0.0419568 secs] [Times: user=0.18 sys=0.00, real=0.05 secs] 
4847.909: [GC (Allocation Failure) [PSYoungGen: 418134K->185783K(465920K)] 1286678K->1118704K(1864192K), 0.0500130 secs] [Times: user=0.23 sys=0.00, real=0.05 secs] 
4848.179: [GC (Allocation Failure) [PSYoungGen: 418743K->216596K(465920K)] 1351664K->1208509K(1864192K), 0.0624983 secs] [Times: user=0.31 sys=0.00, real=0.06 secs] 
4849.399: [GC (Allocation Failure) [PSYoungGen: 449556K->92042K(465920K)] 1441469K->1153427K(1864192K), 0.0642571 secs] [Times: user=0.34 sys=0.00, real=0.06 secs] 
4850.392: [GC (Allocation Failure) [PSYoungGen: 325002K->181942K(465920K)] 1386387K->1272035K(1864192K), 0.0492209 secs] [Times: user=0.21 sys=0.00, real=0.05 secs] 
4850.563: [GC (Allocation Failure) [PSYoungGen: 414902K->182389K(465920K)] 1504995K->1329423K(1864192K), 0.0441784 secs] [Times: user=0.20 sys=0.00, real=0.04 secs] 
4850.736: [GC (Allocation Failure) [PSYoungGen: 415349K->187317K(465920K)] 1562383K->1389903K(1864192K), 0.0669435 secs] [Times: user=0.32 sys=0.00, real=0.07 secs] 
4851.904: [GC (Allocation Failure) [PSYoungGen: 420277K->100476K(465920K)] 1622863K->1373642K(1864192K), 0.0578499 secs] [Times: user=0.31 sys=0.00, real=0.06 secs] 
4853.178: [GC (Allocation Failure) [PSYoungGen: 333436K->167188K(465920K)] 1606602K->1472550K(1864192K), 0.1147211 secs] [Times: user=0.59 sys=0.00, real=0.12 secs] 
4853.493: [GC (Allocation Failure) [PSYoungGen: 400148K->185110K(465920K)] 1705510K->1543092K(1864192K), 0.0437462 secs] [Times: user=0.19 sys=0.00, real=0.04 secs] 
4853.537: [Full GC (Ergonomics) [PSYoungGen: 185110K->0K(465920K)] [ParOldGen: 1357982K->258332K(1398272K)] 1543092K->258332K(1864192K), [Metaspace: 60463K->60463K(1105920K)], 0.3186846 secs] [Times: user=1.39 sys=0.00, real=0.32 secs] 
4853.975: [GC (Allocation Failure) [PSYoungGen: 232960K->185847K(465920K)] 491292K->444179K(1864192K), 0.0840395 secs] [Times: user=0.43 sys=0.00, real=0.09 secs] 
4854.206: [GC (Allocation Failure) [PSYoungGen: 418807K->216660K(465920K)] 677139K->533865K(1864192K), 0.0598310 secs] [Times: user=0.30 sys=0.00, real=0.06 secs] 
4855.946: [GC (Allocation Failure) [PSYoungGen: 449620K->90522K(465920K)] 766825K->477239K(1864192K), 0.0908659 secs] [Times: user=0.49 sys=0.00, real=0.09 secs] 
4856.571: [GC (Allocation Failure) [PSYoungGen: 323482K->178325K(465920K)] 710199K->593735K(1864192K), 0.0468102 secs] [Times: user=0.20 sys=0.01, real=0.04 secs] 
4856.743: [GC (Allocation Failure) [PSYoungGen: 411285K->185430K(465920K)] 826695K->656887K(1864192K), 0.0427831 secs] [Times: user=0.19 sys=0.00, real=0.04 secs] 
4856.891: [GC (Allocation Failure) [PSYoungGen: 418390K->187413K(465920K)] 889847K->715014K(1864192K), 0.0449121 secs] [Times: user=0.21 sys=0.00, real=0.04 secs] 
4858.081: [GC (Allocation Failure) [PSYoungGen: 420373K->104156K(465920K)] 947974K->702486K(1864192K), 0.0636461 secs] [Times: user=0.34 sys=0.00, real=0.06 secs] 
4859.093: [GC (Allocation Failure) [PSYoungGen: 337116K->168404K(465920K)] 935446K->800250K(1864192K), 0.0920493 secs] [Times: user=0.46 sys=0.00, real=0.09 secs] 
4859.376: [GC (Allocation Failure) [PSYoungGen: 401364K->182133K(465920K)] 1033210K->866600K(1864192K), 0.0456518 secs] [Times: user=0.21 sys=0.00, real=0.05 secs] 
4859.576: [GC (Allocation Failure) [PSYoungGen: 415093K->186167K(465920K)] 1099560K->934025K(1864192K), 0.0732051 secs] [Times: user=0.37 sys=0.00, real=0.08 secs] 
4859.789: [GC (Allocation Failure) [PSYoungGen: 419127K->216276K(465920K)] 1166985K->1022991K(1864192K), 0.0552380 secs] [Times: user=0.27 sys=0.00, real=0.05 secs] 
4861.094: [GC (Allocation Failure) [PSYoungGen: 449236K->93579K(465920K)] 1255951K->969413K(1864192K), 0.0774225 secs] [Times: user=0.42 sys=0.00, real=0.08 secs] 
4861.992: [GC (Allocation Failure) [PSYoungGen: 326539K->179957K(465920K)] 1202373K->1085365K(1864192K), 0.0482160 secs] [Times: user=0.21 sys=0.00, real=0.05 secs] 
4862.163: [GC (Allocation Failure) [PSYoungGen: 412917K->182709K(465920K)] 1318325K->1143893K(1864192K), 0.0432242 secs] [Times: user=0.19 sys=0.00, real=0.04 secs] 
4862.312: [GC (Allocation Failure) [PSYoungGen: 415669K->187605K(465920K)] 1376853K->1204516K(1864192K), 0.0458462 secs] [Times: user=0.21 sys=0.00, real=0.04 secs] 
4863.379: [GC (Allocation Failure) [PSYoungGen: 420565K->101996K(465920K)] 1437476K->1189539K(1864192K), 0.0536065 secs] [Times: user=0.28 sys=0.01, real=0.05 secs] 
4864.401: [GC (Allocation Failure) [PSYoungGen: 334956K->167508K(465920K)] 1422499K->1287552K(1864192K), 0.0973599 secs] [Times: user=0.50 sys=0.00, real=0.09 secs] 
4864.702: [GC (Allocation Failure) [PSYoungGen: 400468K->183573K(465920K)] 1520512K->1356270K(1864192K), 0.0514439 secs] [Times: user=0.25 sys=0.00, real=0.05 secs] 
4864.899: [GC (Allocation Failure) [PSYoungGen: 416533K->185879K(465920K)] 1589230K->1422487K(1864192K), 0.0798352 secs] [Times: user=0.39 sys=0.01, real=0.08 secs] 
4865.149: [GC (Allocation Failure) [PSYoungGen: 418839K->216180K(465920K)] 1655447K->1511709K(1864192K), 0.0719433 secs] [Times: user=0.37 sys=0.00, real=0.07 secs] 
4866.442: [GC (Allocation Failure) [PSYoungGen: 449140K->93835K(465920K)] 1744669K->1458531K(1864192K), 0.0998257 secs] [Times: user=0.54 sys=0.01, real=0.10 secs] 
4866.542: [Full GC (Ergonomics) [PSYoungGen: 93835K->0K(465920K)] [ParOldGen: 1364696K->111339K(1398272K)] 1458531K->111339K(1864192K), [Metaspace: 60463K->60463K(1105920K)], 0.1768975 secs] [Times: user=0.79 sys=0.00, real=0.18 secs] 
4867.183: [GC (GCLocker Initiated GC) [PSYoungGen: 232960K->182358K(465920K)] 344299K->293697K(1864192K), 0.0267204 secs] [Times: user=0.10 sys=0.00, real=0.03 secs] 
4867.315: [GC (Allocation Failure) [PSYoungGen: 415318K->182325K(465920K)] 526664K->350864K(1864192K), 0.0411373 secs] [Times: user=0.18 sys=0.00, real=0.04 secs] 
4867.493: [GC (Allocation Failure) [PSYoungGen: 415285K->187285K(465920K)] 583824K->411271K(1864192K), 0.0693876 secs] [Times: user=0.34 sys=0.00, real=0.07 secs] 
4868.525: [GC (Allocation Failure) [PSYoungGen: 420245K->100124K(465920K)] 644231K->394710K(1864192K), 0.0489669 secs] [Times: user=0.26 sys=0.00, real=0.05 secs] 
4869.420: [GC (Allocation Failure) [PSYoungGen: 333084K->168852K(465920K)] 627670K->495363K(1864192K), 0.0701720 secs] [Times: user=0.34 sys=0.00, real=0.07 secs] 
4869.688: [GC (Allocation Failure) [PSYoungGen: 401812K->184950K(465920K)] 728323K->564609K(1864192K), 0.0537286 secs] [Times: user=0.26 sys=0.00, real=0.06 secs] 
4869.875: [GC (Allocation Failure) [PSYoungGen: 417910K->186135K(465920K)] 797569K->630066K(1864192K), 0.0702836 secs] [Times: user=0.34 sys=0.00, real=0.07 secs] 
4870.292: [GC (Allocation Failure) [PSYoungGen: 419095K->217108K(465920K)] 863026K->720239K(1864192K), 0.0533898 secs] [Times: user=0.27 sys=0.00, real=0.05 secs] 
4872.126: [GC (Allocation Failure) [PSYoungGen: 450068K->92410K(465920K)] 953199K->663554K(1864192K), 0.1048353 secs] [Times: user=0.57 sys=0.01, real=0.11 secs] 
4872.985: [GC (Allocation Failure) [PSYoungGen: 325370K->180149K(465920K)] 896514K->780446K(1864192K), 0.0475155 secs] [Times: user=0.21 sys=0.00, real=0.05 secs] 
4873.160: [GC (Allocation Failure) [PSYoungGen: 413109K->185334K(465920K)] 1013406K->841862K(1864192K), 0.0427024 secs] [Times: user=0.19 sys=0.00, real=0.04 secs] 
4873.307: [GC (Allocation Failure) [PSYoungGen: 418294K->187285K(465920K)] 1074822K->900141K(1864192K), 0.0447014 secs] [Times: user=0.20 sys=0.00, real=0.05 secs] 
4874.325: [GC (Allocation Failure) [PSYoungGen: 420245K->100316K(465920K)] 1133101K->883604K(1864192K), 0.0442347 secs] [Times: user=0.23 sys=0.00, real=0.05 secs] 
4875.160: [GC (Allocation Failure) [PSYoungGen: 333276K->171636K(465920K)] 1116564K->987649K(1864192K), 0.0766460 secs] [Times: user=0.37 sys=0.00, real=0.07 secs] 
4875.442: [GC (Allocation Failure) [PSYoungGen: 404596K->185078K(465920K)] 1220609K->1054426K(1864192K), 0.0568572 secs] [Times: user=0.27 sys=0.00, real=0.06 secs] 
4875.620: [GC (Allocation Failure) [PSYoungGen: 418038K->185943K(465920K)] 1287386K->1119723K(1864192K), 0.0508956 secs] [Times: user=0.23 sys=0.01, real=0.05 secs] 
4876.227: [GC (Allocation Failure) [PSYoungGen: 416267K->211956K(465920K)] 1350048K->1205008K(1864192K), 0.0541117 secs] [Times: user=0.26 sys=0.00, real=0.06 secs] 
4877.423: [GC (Allocation Failure) [PSYoungGen: 444916K->91418K(465920K)] 1437968K->1151695K(1864192K), 0.1165638 secs] [Times: user=0.64 sys=0.01, real=0.12 secs] 
4878.284: [GC (Allocation Failure) [PSYoungGen: 324378K->180469K(465920K)] 1384655K->1269811K(1864192K), 0.0519412 secs] [Times: user=0.24 sys=0.00, real=0.05 secs] 
4878.470: [GC (Allocation Failure) [PSYoungGen: 413429K->193462K(465920K)] 1502771K->1339031K(1864192K), 0.0446290 secs] [Times: user=0.20 sys=0.00, real=0.04 secs] 
4878.620: [GC (Allocation Failure) [PSYoungGen: 426422K->187221K(465920K)] 1571991K->1388990K(1864192K), 0.0466717 secs] [Times: user=0.22 sys=0.00, real=0.04 secs] 
4879.773: [GC (Allocation Failure) [PSYoungGen: 420181K->101260K(465920K)] 1621950K->1373509K(1864192K), 0.0559210 secs] [Times: user=0.29 sys=0.00, real=0.06 secs] 
4881.014: [GC (Allocation Failure) [PSYoungGen: 334220K->168628K(465920K)] 1606469K->1473854K(1864192K), 0.0945012 secs] [Times: user=0.47 sys=0.00, real=0.10 secs] 
4881.298: [GC (Allocation Failure) [PSYoungGen: 401588K->185110K(465920K)] 1706814K->1543136K(1864192K), 0.0447911 secs] [Times: user=0.20 sys=0.00, real=0.05 secs] 
4881.343: [Full GC (Ergonomics) [PSYoungGen: 185110K->0K(465920K)] [ParOldGen: 1358026K->259264K(1398272K)] 1543136K->259264K(1864192K), [Metaspace: 60468K->60468K(1105920K)], 0.3192752 secs] [Times: user=1.46 sys=0.01, real=0.32 secs] 
4881.779: [GC (Allocation Failure) [PSYoungGen: 232960K->185783K(465920K)] 492224K->445047K(1864192K), 0.0782140 secs] [Times: user=0.40 sys=0.00, real=0.07 secs] 
4882.757: [GC (Allocation Failure) [PSYoungGen: 418743K->179540K(465920K)] 678007K->497860K(1864192K), 0.1107016 secs] [Times: user=0.58 sys=0.01, real=0.11 secs] 
4884.057: [GC (Allocation Failure) [PSYoungGen: 412500K->92698K(465920K)] 730820K->478891K(1864192K), 0.0863635 secs] [Times: user=0.47 sys=0.00, real=0.09 secs] 
4885.010: [GC (Allocation Failure) [PSYoungGen: 325658K->179509K(465920K)] 711851K->594946K(1864192K), 0.0533979 secs] [Times: user=0.24 sys=0.00, real=0.05 secs] 
4885.211: [GC (Allocation Failure) [PSYoungGen: 412469K->182549K(465920K)] 827906K->653798K(1864192K), 0.0424598 secs] [Times: user=0.20 sys=0.00, real=0.04 secs] 
4885.358: [GC (Allocation Failure) [PSYoungGen: 415509K->187253K(465920K)] 886758K->714110K(1864192K), 0.0446542 secs] [Times: user=0.21 sys=0.00, real=0.04 secs] 
4886.343: [GC (Allocation Failure) [PSYoungGen: 420213K->106669K(465920K)] 947070K->704294K(1864192K), 0.0449384 secs] [Times: user=0.23 sys=0.00, real=0.04 secs] 
4887.063: [GC (Allocation Failure) [PSYoungGen: 339629K->172564K(465920K)] 937254K->804530K(1864192K), 0.0661654 secs] [Times: user=0.31 sys=0.00, real=0.07 secs] 
4887.307: [GC (Allocation Failure) [PSYoungGen: 405524K->182101K(465920K)] 1037490K->868219K(1864192K), 0.0579822 secs] [Times: user=0.27 sys=0.00, real=0.06 secs] 
4887.481: [GC (Allocation Failure) [PSYoungGen: 415061K->186167K(465920K)] 1101179K->935733K(1864192K), 0.0499961 secs] [Times: user=0.23 sys=0.00, real=0.05 secs] 
4887.868: [GC (Allocation Failure) [PSYoungGen: 419127K->213588K(465920K)] 1168693K->1022234K(1864192K), 0.0549690 secs] [Times: user=0.27 sys=0.00, real=0.05 secs] 
4889.775: [GC (Allocation Failure) [PSYoungGen: 446548K->94123K(465920K)] 1255194K->970393K(1864192K), 0.1119458 secs] [Times: user=0.62 sys=0.01, real=0.11 secs] 
4890.438: [GC (Allocation Failure) [PSYoungGen: 327083K->183350K(465920K)] 1203353K->1089881K(1864192K), 0.0505057 secs] [Times: user=0.22 sys=0.00, real=0.06 secs] 
4890.617: [GC (Allocation Failure) [PSYoungGen: 416310K->184438K(465920K)] 1322841K->1147733K(1864192K), 0.0452262 secs] [Times: user=0.20 sys=0.01, real=0.05 secs] 
4890.767: [GC (Allocation Failure) [PSYoungGen: 417398K->185525K(465920K)] 1380693K->1204868K(1864192K), 0.0468639 secs] [Times: user=0.22 sys=0.00, real=0.05 secs] 
4891.783: [GC (Allocation Failure) [PSYoungGen: 418485K->102700K(465920K)] 1437828K->1191971K(1864192K), 0.0458407 secs] [Times: user=0.24 sys=0.01, real=0.05 secs] 
4892.596: [GC (Allocation Failure) [PSYoungGen: 335660K->169780K(465920K)] 1424931K->1292104K(1864192K), 0.0776595 secs] [Times: user=0.39 sys=0.00, real=0.08 secs] 
4892.827: [GC (Allocation Failure) [PSYoungGen: 402740K->184726K(465920K)] 1525064K->1360306K(1864192K), 0.0433372 secs] [Times: user=0.20 sys=0.00, real=0.05 secs] 
4892.980: [GC (Allocation Failure) [PSYoungGen: 417686K->185495K(465920K)] 1593266K->1425259K(1864192K), 0.0508839 secs] [Times: user=0.24 sys=0.00, real=0.05 secs] 
4893.798: [GC (Allocation Failure) [PSYoungGen: 416796K->212051K(465920K)] 1656560K->1510760K(1864192K), 0.0578517 secs] [Times: user=0.29 sys=0.00, real=0.06 secs] 
4894.424: [GC (Allocation Failure) [PSYoungGen: 445011K->101932K(465920K)] 1743720K->1467304K(1864192K), 0.0597608 secs] [Times: user=0.31 sys=0.00, real=0.06 secs] 
4894.484: [Full GC (Ergonomics) [PSYoungGen: 101932K->0K(465920K)] [ParOldGen: 1365372K->120639K(1398272K)] 1467304K->120639K(1864192K), [Metaspace: 60468K->59568K(1105920K)], 0.1248435 secs] [Times: user=0.51 sys=0.01, real=0.13 secs] 
4895.284: [GC (Allocation Failure) [PSYoungGen: 232960K->178357K(465920K)] 353599K->298997K(1864192K), 0.0302309 secs] [Times: user=0.11 sys=0.00, real=0.03 secs] 
4895.427: [GC (Allocation Failure) [PSYoungGen: 411317K->185334K(465920K)] 531957K->362086K(1864192K), 0.0411323 secs] [Times: user=0.18 sys=0.00, real=0.04 secs] 
4895.620: [GC (Allocation Failure) [PSYoungGen: 418294K->187221K(465920K)] 595046K->420029K(1864192K), 0.0712747 secs] [Times: user=0.35 sys=0.00, real=0.07 secs] 
4896.925: [GC (Allocation Failure) [PSYoungGen: 420181K->102428K(465920K)] 652989K->405964K(1864192K), 0.0698309 secs] [Times: user=0.38 sys=0.00, real=0.07 secs] 
4898.563: [GC (Allocation Failure) [PSYoungGen: 335388K->167540K(465920K)] 638924K->503505K(1864192K), 0.0839797 secs] [Times: user=0.41 sys=0.00, real=0.08 secs] 
4898.867: [GC (Allocation Failure) [PSYoungGen: 400500K->185270K(465920K)] 736465K->573815K(1864192K), 0.0485531 secs] [Times: user=0.23 sys=0.00, real=0.05 secs] 
4899.028: [GC (Allocation Failure) [PSYoungGen: 418230K->186103K(465920K)] 806775K->639064K(1864192K), 0.0504549 secs] [Times: user=0.23 sys=0.00, real=0.06 secs] 
4899.878: [GC (Allocation Failure) [PSYoungGen: 415752K->194035K(465920K)] 868713K->705980K(1864192K), 0.0550824 secs] [Times: user=0.28 sys=0.00, real=0.05 secs] 
4900.645: [GC (Allocation Failure) [PSYoungGen: 426995K->103356K(465920K)] 938940K->681469K(1864192K), 0.0803907 secs] [Times: user=0.43 sys=0.00, real=0.08 secs] 
4901.549: [GC (Allocation Failure) [PSYoungGen: 336316K->176405K(465920K)] 914429K->787123K(1864192K), 0.0519219 secs] [Times: user=0.23 sys=0.00, real=0.05 secs] 
4901.790: [GC (Allocation Failure) [PSYoungGen: 409365K->185238K(465920K)] 1020083K->851360K(1864192K), 0.0612097 secs] [Times: user=0.29 sys=0.00, real=0.06 secs] 
4901.966: [GC (Allocation Failure) [PSYoungGen: 418198K->187445K(465920K)] 1084320K->909775K(1864192K), 0.0461615 secs] [Times: user=0.21 sys=0.00, real=0.05 secs] 
4903.013: [GC (Allocation Failure) [PSYoungGen: 420405K->100892K(465920K)] 1142735K->893782K(1864192K), 0.0460091 secs] [Times: user=0.23 sys=0.00, real=0.05 secs] 
4903.928: [GC (Allocation Failure) [PSYoungGen: 333852K->170836K(465920K)] 1126742K->995963K(1864192K), 0.1028382 secs] [Times: user=0.52 sys=0.00, real=0.10 secs] 
4904.238: [GC (Allocation Failure) [PSYoungGen: 403796K->179861K(465920K)] 1228923K->1058420K(1864192K), 0.0509876 secs] [Times: user=0.24 sys=0.00, real=0.06 secs] 
4904.426: [GC (Allocation Failure) [PSYoungGen: 412821K->185975K(465920K)] 1291380K->1127846K(1864192K), 0.0630024 secs] [Times: user=0.31 sys=0.00, real=0.07 secs] 
4905.331: [GC (Allocation Failure) [PSYoungGen: 415498K->212948K(465920K)] 1357369K->1213818K(1864192K), 0.0588531 secs] [Times: user=0.30 sys=0.00, real=0.06 secs] 
4906.354: [GC (Allocation Failure) [PSYoungGen: 445908K->99707K(465920K)] 1446778K->1167658K(1864192K), 0.1219237 secs] [Times: user=0.66 sys=0.00, real=0.12 secs] 
4907.083: [GC (Allocation Failure) [PSYoungGen: 332667K->178709K(465920K)] 1400618K->1278509K(1864192K), 0.0524042 secs] [Times: user=0.23 sys=0.00, real=0.05 secs] 
4907.268: [GC (Allocation Failure) [PSYoungGen: 411669K->183381K(465920K)] 1511469K->1338965K(1864192K), 0.0437270 secs] [Times: user=0.19 sys=0.01, real=0.05 secs] 
4907.417: [GC (Allocation Failure) [PSYoungGen: 416341K->187509K(465920K)] 1571925K->1398765K(1864192K), 0.0459766 secs] [Times: user=0.21 sys=0.00, real=0.05 secs] 
4908.568: [GC (Allocation Failure) [PSYoungGen: 420469K->104316K(465920K)] 1631725K->1386292K(1864192K), 0.0686838 secs] [Times: user=0.37 sys=0.00, real=0.07 secs] 
4909.208: [GC (Allocation Failure) [PSYoungGen: 337276K->174261K(465920K)] 1619252K->1490389K(1864192K), 0.0690558 secs] [Times: user=0.33 sys=0.00, real=0.07 secs] 
4909.277: [Full GC (Ergonomics) [PSYoungGen: 174261K->0K(465920K)] [ParOldGen: 1316128K->199394K(1398272K)] 1490389K->199394K(1864192K), [Metaspace: 59568K->59568K(1105920K)], 0.2187516 secs] [Times: user=1.03 sys=0.00, real=0.22 secs] 
4909.604: [GC (Allocation Failure) [PSYoungGen: 232960K->181973K(465920K)] 432354K->381368K(1864192K), 0.0333627 secs] [Times: user=0.14 sys=0.00, real=0.03 secs] 
4909.748: [GC (Allocation Failure) [PSYoungGen: 414933K->185815K(465920K)] 614328K->448929K(1864192K), 0.0441552 secs] [Times: user=0.20 sys=0.00, real=0.05 secs] 
4910.982: [GC (Allocation Failure) [PSYoungGen: 417622K->206803K(465920K)] 680737K->528893K(1864192K), 0.0540781 secs] [Times: user=0.27 sys=0.00, real=0.05 secs] 
4911.494: [GC (Allocation Failure) [PSYoungGen: 439763K->101388K(465920K)] 761853K->488638K(1864192K), 0.1028961 secs] [Times: user=0.55 sys=0.01, real=0.10 secs] 
4912.001: [GC (Allocation Failure) [PSYoungGen: 331388K->181334K(465920K)] 718639K->600805K(1864192K), 0.0454856 secs] [Times: user=0.20 sys=0.00, real=0.04 secs] 
4912.216: [GC (Allocation Failure) [PSYoungGen: 414294K->182517K(465920K)] 833765K->658617K(1864192K), 0.0675325 secs] [Times: user=0.33 sys=0.00, real=0.07 secs] 
4912.410: [GC (Allocation Failure) [PSYoungGen: 415477K->186837K(465920K)] 891577K->718384K(1864192K), 0.0452003 secs] [Times: user=0.21 sys=0.00, real=0.04 secs] 
4913.477: [GC (Allocation Failure) [PSYoungGen: 419797K->99500K(465920K)] 951344K->701411K(1864192K), 0.0572337 secs] [Times: user=0.30 sys=0.00, real=0.06 secs] 
4914.688: [GC (GCLocker Initiated GC) [PSYoungGen: 332460K->168724K(465920K)] 934373K->802770K(1864192K), 0.1085532 secs] [Times: user=0.54 sys=0.00, real=0.11 secs] 
4915.002: [GC (Allocation Failure) [PSYoungGen: 401684K->191573K(465920K)] 1035769K->878738K(1864192K), 0.0449203 secs] [Times: user=0.21 sys=0.00, real=0.04 secs] 
4915.195: [GC (Allocation Failure) [PSYoungGen: 424533K->186039K(465920K)] 1111698K->937211K(1864192K), 0.0606066 secs] [Times: user=0.30 sys=0.00, real=0.06 secs] 
4916.368: [GC (Allocation Failure) [PSYoungGen: 416757K->213236K(465920K)] 1167929K->1023424K(1864192K), 0.0575700 secs] [Times: user=0.29 sys=0.00, real=0.05 secs] 
4917.542: [GC (Allocation Failure) [PSYoungGen: 446196K->99931K(465920K)] 1256384K->977256K(1864192K), 0.1022659 secs] [Times: user=0.55 sys=0.00, real=0.10 secs] 
4918.028: [GC (Allocation Failure) [PSYoungGen: 332891K->178005K(465920K)] 1210216K->1087519K(1864192K), 0.0464939 secs] [Times: user=0.21 sys=0.00, real=0.05 secs] 
4918.194: [GC (Allocation Failure) [PSYoungGen: 410965K->185078K(465920K)] 1320479K->1150343K(1864192K), 0.0434195 secs] [Times: user=0.20 sys=0.00, real=0.04 secs] 
4918.359: [GC (Allocation Failure) [PSYoungGen: 418038K->187189K(465920K)] 1383303K->1208414K(1864192K), 0.0590543 secs] [Times: user=0.29 sys=0.00, real=0.05 secs] 
4919.406: [GC (Allocation Failure) [PSYoungGen: 420149K->103852K(465920K)] 1441374K->1195566K(1864192K), 0.0452783 secs] [Times: user=0.24 sys=0.00, real=0.05 secs] 
4919.949: [GC (Allocation Failure) [PSYoungGen: 336812K->175317K(465920K)] 1428526K->1300723K(1864192K), 0.0609999 secs] [Times: user=0.29 sys=0.00, real=0.06 secs] 
4920.167: [GC (Allocation Failure) [PSYoungGen: 408277K->180597K(465920K)] 1533683K->1360491K(1864192K), 0.0602251 secs] [Times: user=0.29 sys=0.00, real=0.06 secs] 
4920.356: [GC (Allocation Failure) [PSYoungGen: 413557K->185623K(465920K)] 1593451K->1428749K(1864192K), 0.0512176 secs] [Times: user=0.24 sys=0.00, real=0.05 secs] 
4921.166: [GC (Allocation Failure) [PSYoungGen: 415980K->206291K(465920K)] 1659106K->1508385K(1864192K), 0.0555494 secs] [Times: user=0.27 sys=0.00, real=0.06 secs] 
4922.135: [GC (Allocation Failure) [PSYoungGen: 439251K->103100K(465920K)] 1741345K->1469930K(1864192K), 0.0989785 secs] [Times: user=0.53 sys=0.01, real=0.10 secs] 
4922.234: [Full GC (Ergonomics) [PSYoungGen: 103100K->0K(465920K)] [ParOldGen: 1366830K->120820K(1398272K)] 1469930K->120820K(1864192K), [Metaspace: 59568K->59568K(1105920K)], 0.1786957 secs] [Times: user=0.78 sys=0.00, real=0.18 secs] 
4922.956: [GC (Allocation Failure) [PSYoungGen: 232960K->179893K(465920K)] 353780K->300714K(1864192K), 0.0469471 secs] [Times: user=0.17 sys=0.00, real=0.05 secs] 
4923.226: [GC (Allocation Failure) [PSYoungGen: 412853K->185014K(465920K)] 533674K->362015K(1864192K), 0.0569533 secs] [Times: user=0.27 sys=0.00, real=0.06 secs] 
4923.447: [GC (Allocation Failure) [PSYoungGen: 417974K->187317K(465920K)] 594975K->420182K(1864192K), 0.0635620 secs] [Times: user=0.31 sys=0.00, real=0.07 secs] 
4924.594: [GC (Allocation Failure) [PSYoungGen: 420277K->98475K(465920K)] 653142K->401836K(1864192K), 0.0525557 secs] [Times: user=0.28 sys=0.00, real=0.05 secs] 
4925.979: [GC (GCLocker Initiated GC) [PSYoungGen: 331435K->169396K(465920K)] 634796K->504074K(1864192K), 0.0909249 secs] [Times: user=0.45 sys=0.00, real=0.09 secs] 
4926.270: [GC (Allocation Failure) [PSYoungGen: 402356K->185270K(465920K)] 737037K->573215K(1864192K), 0.0417406 secs] [Times: user=0.18 sys=0.00, real=0.04 secs] 
4926.420: [GC (Allocation Failure) [PSYoungGen: 418230K->183318K(465920K)] 806175K->635567K(1864192K), 0.0487112 secs] [Times: user=0.22 sys=0.00, real=0.05 secs] 
4927.224: [GC (Allocation Failure) [PSYoungGen: 412783K->210771K(465920K)] 865032K->721052K(1864192K), 0.0551533 secs] [Times: user=0.27 sys=0.00, real=0.06 secs] 
4927.915: [GC (Allocation Failure) [PSYoungGen: 443731K->100716K(465920K)] 954012K->677189K(1864192K), 0.0586519 secs] [Times: user=0.30 sys=0.00, real=0.06 secs] 
4928.346: [GC (Allocation Failure) [PSYoungGen: 331498K->181526K(465920K)] 907971K->790323K(1864192K), 0.0357814 secs] [Times: user=0.15 sys=0.00, real=0.04 secs] 
4928.489: [GC (Allocation Failure) [PSYoungGen: 414486K->185302K(465920K)] 1023283K->850500K(1864192K), 0.0434746 secs] [Times: user=0.19 sys=0.00, real=0.04 secs] 
4928.636: [GC (Allocation Failure) [PSYoungGen: 418262K->183988K(465920K)] 1083460K->905338K(1864192K), 0.0453660 secs] [Times: user=0.21 sys=0.00, real=0.05 secs] 
4929.735: [GC (Allocation Failure) [PSYoungGen: 416948K->98379K(465920K)] 1138298K->889049K(1864192K), 0.0523950 secs] [Times: user=0.28 sys=0.00, real=0.05 secs] 
4931.413: [GC (Allocation Failure) [PSYoungGen: 331339K->167988K(465920K)] 1122009K->990087K(1864192K), 0.1137019 secs] [Times: user=0.56 sys=0.00, real=0.11 secs] 
4931.713: [GC (Allocation Failure) [PSYoungGen: 400948K->182805K(465920K)] 1223047K->1057348K(1864192K), 0.0420424 secs] [Times: user=0.19 sys=0.00, real=0.04 secs] 
4931.865: [GC (Allocation Failure) [PSYoungGen: 415765K->185975K(465920K)] 1290308K->1124310K(1864192K), 0.0497501 secs] [Times: user=0.23 sys=0.00, real=0.05 secs] 
4932.458: [GC (Allocation Failure) [PSYoungGen: 418935K->219508K(465920K)] 1357270K->1216827K(1864192K), 0.0532359 secs] [Times: user=0.26 sys=0.00, real=0.06 secs] 
4934.312: [GC (Allocation Failure) [PSYoungGen: 452468K->98043K(465920K)] 1449787K->1163138K(1864192K), 0.1137912 secs] [Times: user=0.62 sys=0.00, real=0.11 secs] 
4935.009: [GC (Allocation Failure) [PSYoungGen: 331003K->180085K(465920K)] 1396098K->1275985K(1864192K), 0.0467235 secs] [Times: user=0.20 sys=0.00, real=0.04 secs] 
4935.173: [GC (Allocation Failure) [PSYoungGen: 413045K->184406K(465920K)] 1508945K->1336705K(1864192K), 0.0439471 secs] [Times: user=0.20 sys=0.00, real=0.04 secs] 
4935.350: [GC (Allocation Failure) [PSYoungGen: 417366K->187093K(465920K)] 1569665K->1395345K(1864192K), 0.0643632 secs] [Times: user=0.32 sys=0.00, real=0.06 secs] 
4936.525: [GC (Allocation Failure) [PSYoungGen: 420053K->99404K(465920K)] 1628305K->1378055K(1864192K), 0.0598817 secs] [Times: user=0.32 sys=0.01, real=0.06 secs] 
4937.181: [GC (Allocation Failure) [PSYoungGen: 332364K->172917K(465920K)] 1611015K->1484057K(1864192K), 0.0746915 secs] [Times: user=0.36 sys=0.00, real=0.07 secs] 
4937.256: [Full GC (Ergonomics) [PSYoungGen: 172917K->0K(465920K)] [ParOldGen: 1311140K->196493K(1398272K)] 1484057K->196493K(1864192K), [Metaspace: 59571K->59571K(1105920K)], 0.2204927 secs] [Times: user=1.04 sys=0.00, real=0.22 secs] 
4937.598: [GC (Allocation Failure) [PSYoungGen: 232960K->182069K(465920K)] 429453K->378563K(1864192K), 0.0350715 secs] [Times: user=0.15 sys=0.00, real=0.04 secs] 
4937.741: [GC (Allocation Failure) [PSYoungGen: 415029K->185815K(465920K)] 611523K->446012K(1864192K), 0.0438572 secs] [Times: user=0.20 sys=0.00, real=0.04 secs] 
4938.610: [GC (Allocation Failure) [PSYoungGen: 418775K->216179K(465920K)] 678972K->535217K(1864192K), 0.0512767 secs] [Times: user=0.25 sys=0.00, real=0.05 secs] 
4939.611: [GC (Allocation Failure) [PSYoungGen: 449139K->99883K(465920K)] 768177K->485593K(1864192K), 0.0830088 secs] [Times: user=0.45 sys=0.00, real=0.08 secs] 
4940.413: [GC (Allocation Failure) [PSYoungGen: 332843K->180854K(465920K)] 718553K->598384K(1864192K), 0.0509064 secs] [Times: user=0.23 sys=0.00, real=0.05 secs] 
4940.595: [GC (Allocation Failure) [PSYoungGen: 413814K->185206K(465920K)] 831344K->659296K(1864192K), 0.0439344 secs] [Times: user=0.20 sys=0.00, real=0.05 secs] 
4940.743: [GC (Allocation Failure) [PSYoungGen: 418166K->186901K(465920K)] 892256K->717199K(1864192K), 0.0459256 secs] [Times: user=0.21 sys=0.00, real=0.05 secs] 
4941.887: [GC (Allocation Failure) [PSYoungGen: 419861K->99820K(465920K)] 950159K->700438K(1864192K), 0.0481505 secs] [Times: user=0.25 sys=0.00, real=0.05 secs] 
4943.291: [GC (Allocation Failure) [PSYoungGen: 332780K->169236K(465920K)] 933398K->801779K(1864192K), 0.1147894 secs] [Times: user=0.57 sys=0.00, real=0.11 secs] 
4943.603: [GC (Allocation Failure) [PSYoungGen: 402196K->184886K(465920K)] 1034739K->870577K(1864192K), 0.0441746 secs] [Times: user=0.21 sys=0.00, real=0.04 secs] 
4943.756: [GC (Allocation Failure) [PSYoungGen: 417846K->186135K(465920K)] 1103537K->936026K(1864192K), 0.0502476 secs] [Times: user=0.24 sys=0.00, real=0.05 secs] 
4944.316: [GC (Allocation Failure) [PSYoungGen: 419095K->193139K(465920K)] 1168986K->1002359K(1864192K), 0.0529586 secs] [Times: user=0.26 sys=0.00, real=0.06 secs] 
4945.244: [GC (Allocation Failure) [PSYoungGen: 426099K->103164K(465920K)] 1235319K->978151K(1864192K), 0.0874219 secs] [Times: user=0.47 sys=0.00, real=0.09 secs] 
4945.678: [GC (Allocation Failure) [PSYoungGen: 334694K->179701K(465920K)] 1209681K->1087550K(1864192K), 0.0457988 secs] [Times: user=0.21 sys=0.00, real=0.04 secs] 
4945.836: [GC (Allocation Failure) [PSYoungGen: 412661K->182773K(465920K)] 1320510K->1146466K(1864192K), 0.0458953 secs] [Times: user=0.20 sys=0.00, real=0.05 secs] 
4946.008: [GC (Allocation Failure) [PSYoungGen: 415733K->219893K(465920K)] 1379426K->1239265K(1864192K), 0.0649116 secs] [Times: user=0.31 sys=0.01, real=0.07 secs] 
4947.020: [GC (Allocation Failure) [PSYoungGen: 452853K->101340K(465920K)] 1472225K->1191272K(1864192K), 0.0459807 secs] [Times: user=0.24 sys=0.00, real=0.04 secs] 
4947.906: [GC (Allocation Failure) [PSYoungGen: 334300K->171604K(465920K)] 1424232K->1294242K(1864192K), 0.1001164 secs] [Times: user=0.50 sys=0.00, real=0.10 secs] 
4948.184: [GC (Allocation Failure) [PSYoungGen: 404564K->184758K(465920K)] 1527202K->1360795K(1864192K), 0.0467992 secs] [Times: user=0.22 sys=0.00, real=0.05 secs] 
4948.340: [GC (Allocation Failure) [PSYoungGen: 417718K->185591K(465920K)] 1593755K->1425932K(1864192K), 0.0538047 secs] [Times: user=0.25 sys=0.00, real=0.05 secs] 
4949.168: [GC (Allocation Failure) [PSYoungGen: 415107K->190515K(465920K)] 1655448K->1489800K(1864192K), 0.0579283 secs] [Times: user=0.29 sys=0.00, real=0.06 secs] 
4950.759: [GC (Allocation Failure) [PSYoungGen: 423475K->99195K(465920K)] 1722760K->1463545K(1864192K), 0.1071334 secs] [Times: user=0.58 sys=0.00, real=0.10 secs] 
4950.866: [Full GC (Ergonomics) [PSYoungGen: 99195K->0K(465920K)] [ParOldGen: 1364349K->116804K(1398272K)] 1463545K->116804K(1864192K), [Metaspace: 59583K->59583K(1105920K)], 0.1742820 secs] [Times: user=0.76 sys=0.00, real=0.18 secs] 
4951.639: [GC (Allocation Failure) [PSYoungGen: 232960K->178101K(465920K)] 349764K->294906K(1864192K), 0.0338602 secs] [Times: user=0.12 sys=0.00, real=0.03 secs] 
4951.809: [GC (Allocation Failure) [PSYoungGen: 411061K->185366K(465920K)] 527866K->357938K(1864192K), 0.0412687 secs] [Times: user=0.18 sys=0.00, real=0.04 secs] 
4951.955: [GC (Allocation Failure) [PSYoungGen: 418326K->187413K(465920K)] 590898K->416194K(1864192K), 0.0450774 secs] [Times: user=0.21 sys=0.00, real=0.05 secs] 
4953.034: [GC (Allocation Failure) [PSYoungGen: 420373K->103708K(465920K)] 649154K->403081K(1864192K), 0.0446420 secs] [Times: user=0.23 sys=0.00, real=0.05 secs] 
4954.061: [GC (Allocation Failure) [PSYoungGen: 336668K->171316K(465920K)] 636041K->504158K(1864192K), 0.1101452 secs] [Times: user=0.54 sys=0.00, real=0.11 secs] 
4954.356: [GC (Allocation Failure) [PSYoungGen: 404276K->179573K(465920K)] 737118K->565786K(1864192K), 0.0416890 secs] [Times: user=0.19 sys=0.00, real=0.04 secs] 
4954.508: [GC (Allocation Failure) [PSYoungGen: 412533K->185815K(465920K)] 798746K->635284K(1864192K), 0.0493909 secs] [Times: user=0.23 sys=0.01, real=0.04 secs] 
4955.393: [GC (Allocation Failure) [PSYoungGen: 414973K->212563K(465920K)] 864443K->720953K(1864192K), 0.0567670 secs] [Times: user=0.28 sys=0.00, real=0.06 secs] 
4955.939: [GC (Allocation Failure) [PSYoungGen: 445523K->103932K(465920K)] 953913K->679266K(1864192K), 0.0681662 secs] [Times: user=0.36 sys=0.00, real=0.06 secs] 
4956.495: [GC (Allocation Failure) [PSYoungGen: 335437K->179701K(465920K)] 910771K->788340K(1864192K), 0.0485741 secs] [Times: user=0.21 sys=0.01, real=0.05 secs] 
4956.729: [GC (Allocation Failure) [PSYoungGen: 412661K->185270K(465920K)] 1021300K->850036K(1864192K), 0.0615516 secs] [Times: user=0.30 sys=0.00, real=0.06 secs] 
4956.943: [GC (Allocation Failure) [PSYoungGen: 418230K->186869K(465920K)] 1082996K->907827K(1864192K), 0.0650594 secs] [Times: user=0.32 sys=0.00, real=0.07 secs] 
4958.137: [GC (Allocation Failure) [PSYoungGen: 419829K->99067K(465920K)] 1140787K->890330K(1864192K), 0.0644686 secs] [Times: user=0.34 sys=0.00, real=0.07 secs] 
4959.168: [GC (Allocation Failure) [PSYoungGen: 332027K->174261K(465920K)] 1123290K->997360K(1864192K), 0.0624775 secs] [Times: user=0.30 sys=0.00, real=0.07 secs] 
4959.366: [GC (Allocation Failure) [PSYoungGen: 407221K->184950K(465920K)] 1230320K->1062733K(1864192K), 0.0430569 secs] [Times: user=0.19 sys=0.00, real=0.05 secs] 
4959.545: [GC (Allocation Failure) [PSYoungGen: 416163K->183510K(465920K)] 1293947K->1125414K(1864192K), 0.0710329 secs] [Times: user=0.35 sys=0.00, real=0.07 secs] 
4960.531: [GC (Allocation Failure) [PSYoungGen: 416470K->168915K(465920K)] 1358374K->1169218K(1864192K), 0.0541439 secs] [Times: user=0.27 sys=0.00, real=0.05 secs] 
4961.774: [GC (Allocation Failure) [PSYoungGen: 401875K->105884K(465920K)] 1402178K->1170676K(1864192K), 0.0897440 secs] [Times: user=0.48 sys=0.01, real=0.09 secs] 
4962.398: [GC (Allocation Failure) [PSYoungGen: 336620K->177301K(465920K)] 1401412K->1275654K(1864192K), 0.0491160 secs] [Times: user=0.22 sys=0.00, real=0.05 secs] 
4962.569: [GC (Allocation Failure) [PSYoungGen: 410261K->184982K(465920K)] 1508614K->1338686K(1864192K), 0.0435903 secs] [Times: user=0.20 sys=0.00, real=0.04 secs] 
4963.341: [GC (Allocation Failure) [PSYoungGen: 417942K->183348K(465920K)] 1571646K->1393053K(1864192K), 0.0961449 secs] [Times: user=0.48 sys=0.00, real=0.09 secs] 
4964.611: [GC (Allocation Failure) [PSYoungGen: 416308K->100156K(465920K)] 1626013K->1379076K(1864192K), 0.0488184 secs] [Times: user=0.26 sys=0.00, real=0.05 secs] 
4966.016: [GC (Allocation Failure) [PSYoungGen: 333116K->167956K(465920K)] 1612036K->1478737K(1864192K), 0.1078581 secs] [Times: user=0.53 sys=0.00, real=0.11 secs] 
4966.317: [GC (Allocation Failure) [PSYoungGen: 400916K->185238K(465920K)] 1711697K->1548611K(1864192K), 0.0456368 secs] [Times: user=0.21 sys=0.00, real=0.05 secs] 
4966.362: [Full GC (Ergonomics) [PSYoungGen: 185238K->0K(465920K)] [ParOldGen: 1363373K->259193K(1398272K)] 1548611K->259193K(1864192K), [Metaspace: 59583K->59583K(1105920K)], 0.3278622 secs] [Times: user=1.38 sys=0.00, real=0.33 secs] 
4966.799: [GC (Allocation Failure) [PSYoungGen: 232960K->183510K(465920K)] 492153K->442704K(1864192K), 0.0825566 secs] [Times: user=0.43 sys=0.00, real=0.08 secs] 
4967.459: [GC (Allocation Failure) [PSYoungGen: 416470K->219476K(465920K)] 675664K->536957K(1864192K), 0.0506944 secs] [Times: user=0.25 sys=0.00, real=0.05 secs] 
4969.369: [GC (GCLocker Initiated GC) [PSYoungGen: 452436K->95867K(465920K)] 769917K->481012K(1864192K), 0.0721967 secs] [Times: user=0.38 sys=0.00, real=0.07 secs] 
4970.143: [GC (Allocation Failure) [PSYoungGen: 328827K->180309K(465920K)] 713975K->595827K(1864192K), 0.0548081 secs] [Times: user=0.24 sys=0.00, real=0.05 secs] 
4970.339: [GC (Allocation Failure) [PSYoungGen: 413269K->185238K(465920K)] 828787K->657083K(1864192K), 0.0433386 secs] [Times: user=0.19 sys=0.00, real=0.04 secs] 
4970.501: [GC (Allocation Failure) [PSYoungGen: 418198K->184693K(465920K)] 890043K->712594K(1864192K), 0.0527265 secs] [Times: user=0.25 sys=0.01, real=0.05 secs] 
4971.505: [GC (Allocation Failure) [PSYoungGen: 417653K->102588K(465920K)] 945554K->700001K(1864192K), 0.0447282 secs] [Times: user=0.23 sys=0.00, real=0.05 secs] 
4972.250: [GC (Allocation Failure) [PSYoungGen: 335548K->172564K(465920K)] 932961K->802975K(1864192K), 0.0867059 secs] [Times: user=0.41 sys=0.00, real=0.08 secs] 
4972.496: [GC (Allocation Failure) [PSYoungGen: 405524K->184950K(465920K)] 1035935K->869216K(1864192K), 0.0424407 secs] [Times: user=0.19 sys=0.00, real=0.05 secs] 
4972.667: [GC (GCLocker Initiated GC) [PSYoungGen: 417910K->180918K(465920K)] 1102177K->929561K(1864192K), 0.0668028 secs] [Times: user=0.33 sys=0.00, real=0.07 secs] 
4973.155: [GC (Allocation Failure) [PSYoungGen: 413878K->219764K(465920K)] 1162524K->1025810K(1864192K), 0.0540108 secs] [Times: user=0.26 sys=0.00, real=0.06 secs] 
4974.421: [GC (Allocation Failure) [PSYoungGen: 452724K->95211K(465920K)] 1258770K->969089K(1864192K), 0.1181161 secs] [Times: user=0.65 sys=0.01, real=0.12 secs] 
4975.389: [GC (Allocation Failure) [PSYoungGen: 328171K->180758K(465920K)] 1202049K->1085233K(1864192K), 0.0550356 secs] [Times: user=0.25 sys=0.01, real=0.05 secs] 
4975.641: [GC (Allocation Failure) [PSYoungGen: 413718K->185014K(465920K)] 1318193K->1145809K(1864192K), 0.0609031 secs] [Times: user=0.29 sys=0.00, real=0.06 secs] 
4975.854: [GC (Allocation Failure) [PSYoungGen: 417974K->182132K(465920K)] 1378769K->1199184K(1864192K), 0.0681168 secs] [Times: user=0.34 sys=0.00, real=0.07 secs] 
4977.194: [GC (Allocation Failure) [PSYoungGen: 415092K->104764K(465920K)] 1432144K->1190808K(1864192K), 0.0907722 secs] [Times: user=0.50 sys=0.01, real=0.09 secs] 
4978.477: [GC (Allocation Failure) [PSYoungGen: 337724K->169556K(465920K)] 1423768K->1289360K(1864192K), 0.0862321 secs] [Times: user=0.42 sys=0.00, real=0.09 secs] 
4978.730: [GC (Allocation Failure) [PSYoungGen: 402516K->182549K(465920K)] 1522320K->1355198K(1864192K), 0.0424860 secs] [Times: user=0.19 sys=0.00, real=0.04 secs] 
4978.883: [GC (Allocation Failure) [PSYoungGen: 415509K->186007K(465920K)] 1588158K->1422407K(1864192K), 0.0505371 secs] [Times: user=0.24 sys=0.00, real=0.05 secs] 
4979.400: [GC (Allocation Failure) [PSYoungGen: 418967K->215444K(465920K)] 1655367K->1510804K(1864192K), 0.0558263 secs] [Times: user=0.28 sys=0.00, real=0.05 secs] 
4980.354: [GC (Allocation Failure) [PSYoungGen: 448404K->95259K(465920K)] 1743764K->1459019K(1864192K), 0.0905424 secs] [Times: user=0.49 sys=0.00, real=0.09 secs] 
4980.445: [Full GC (Ergonomics) [PSYoungGen: 95259K->0K(465920K)] [ParOldGen: 1363760K->111777K(1398272K)] 1459019K->111777K(1864192K), [Metaspace: 59587K->59581K(1105920K)], 0.1681215 secs] [Times: user=0.72 sys=0.00, real=0.17 secs] 
4981.374: [GC (Allocation Failure) [PSYoungGen: 232960K->180021K(465920K)] 344737K->291799K(1864192K), 0.0370035 secs] [Times: user=0.14 sys=0.01, real=0.04 secs] 
4981.612: [GC (Allocation Failure) [PSYoungGen: 412981K->182069K(465920K)] 524759K->350035K(1864192K), 0.0578146 secs] [Times: user=0.27 sys=0.01, real=0.06 secs] 
4981.824: [GC (Allocation Failure) [PSYoungGen: 415029K->187253K(465920K)] 582995K->410586K(1864192K), 0.0659459 secs] [Times: user=0.33 sys=0.00, real=0.07 secs] 
4982.832: [GC (Allocation Failure) [PSYoungGen: 420213K->104700K(465920K)] 643546K->398666K(1864192K), 0.0447217 secs] [Times: user=0.23 sys=0.00, real=0.04 secs] 
4984.035: [GC (Allocation Failure) [PSYoungGen: 337660K->169172K(465920K)] 631626K->496774K(1864192K), 0.1164041 secs] [Times: user=0.60 sys=0.00, real=0.12 secs] 
4984.351: [GC (Allocation Failure) [PSYoungGen: 402132K->179925K(465920K)] 729734K->560559K(1864192K), 0.0464188 secs] [Times: user=0.22 sys=0.00, real=0.04 secs] 
4984.506: [GC (Allocation Failure) [PSYoungGen: 412885K->185815K(465920K)] 793519K->629665K(1864192K), 0.0490888 secs] [Times: user=0.22 sys=0.00, real=0.05 secs] 
4984.845: [GC (Allocation Failure) [PSYoungGen: 417663K->216852K(465920K)] 861513K->719487K(1864192K), 0.0543526 secs] [Times: user=0.27 sys=0.00, real=0.06 secs] 
4986.476: [GC (Allocation Failure) [PSYoungGen: 449812K->93275K(465920K)] 952447K->665125K(1864192K), 0.1109325 secs] [Times: user=0.60 sys=0.00, real=0.11 secs] 
4987.368: [GC (Allocation Failure) [PSYoungGen: 326235K->178037K(465920K)] 898085K->779865K(1864192K), 0.0533801 secs] [Times: user=0.24 sys=0.00, real=0.06 secs] 
4987.572: [GC (Allocation Failure) [PSYoungGen: 410997K->185398K(465920K)] 1012825K->842973K(1864192K), 0.0428253 secs] [Times: user=0.19 sys=0.00, real=0.04 secs] 
4987.751: [GC (Allocation Failure) [PSYoungGen: 418358K->187061K(465920K)] 1075933K->900884K(1864192K), 0.0665812 secs] [Times: user=0.33 sys=0.00, real=0.06 secs] 
4988.844: [GC (Allocation Failure) [PSYoungGen: 420021K->104652K(465920K)] 1133844K->888972K(1864192K), 0.0450380 secs] [Times: user=0.23 sys=0.00, real=0.05 secs] 
4989.620: [GC (Allocation Failure) [PSYoungGen: 337612K->169812K(465920K)] 1121932K->988008K(1864192K), 0.0979649 secs] [Times: user=0.50 sys=0.00, real=0.09 secs] 
4989.924: [GC (Allocation Failure) [PSYoungGen: 402772K->184854K(465920K)] 1220968K->1056534K(1864192K), 0.0494030 secs] [Times: user=0.23 sys=0.01, real=0.05 secs] 
4990.081: [GC (Allocation Failure) [PSYoungGen: 417814K->185655K(465920K)] 1289494K->1121471K(1864192K), 0.0497211 secs] [Times: user=0.23 sys=0.00, real=0.05 secs] 
4990.357: [GC (Allocation Failure) [PSYoungGen: 417827K->211220K(465920K)] 1353643K->1205900K(1864192K), 0.0527731 secs] [Times: user=0.26 sys=0.00, real=0.06 secs] 
4991.508: [GC (Allocation Failure) [PSYoungGen: 444111K->98139K(465920K)] 1438792K->1160020K(1864192K), 0.0990093 secs] [Times: user=0.54 sys=0.00, real=0.10 secs] 
4992.569: [GC (Allocation Failure) [PSYoungGen: 331099K->180021K(465920K)] 1392980K->1272795K(1864192K), 0.0552290 secs] [Times: user=0.25 sys=0.00, real=0.05 secs] 
4992.760: [GC (Allocation Failure) [PSYoungGen: 412981K->180629K(465920K)] 1505755K->1329423K(1864192K), 0.0434843 secs] [Times: user=0.20 sys=0.00, real=0.04 secs] 
4992.926: [GC (Allocation Failure) [PSYoungGen: 413589K->187381K(465920K)] 1562383K->1391086K(1864192K), 0.0604680 secs] [Times: user=0.29 sys=0.00, real=0.06 secs] 
4994.146: [GC (Allocation Failure) [PSYoungGen: 420341K->103004K(465920K)] 1624046K->1377278K(1864192K), 0.0685718 secs] [Times: user=0.37 sys=0.00, real=0.07 secs] 
4995.926: [GC (Allocation Failure) [PSYoungGen: 335964K->165139K(465920K)] 1610238K->1472242K(1864192K), 0.0921293 secs] [Times: user=0.45 sys=0.00, real=0.10 secs] 
4996.191: [GC (Allocation Failure) [PSYoungGen: 398099K->185078K(465920K)] 1705202K->1544192K(1864192K), 0.0432979 secs] [Times: user=0.20 sys=0.00, real=0.04 secs] 
4996.234: [Full GC (Ergonomics) [PSYoungGen: 185078K->0K(465920K)] [ParOldGen: 1359114K->257835K(1398272K)] 1544192K->257835K(1864192K), [Metaspace: 59581K->59581K(1105920K)], 0.3165940 secs] [Times: user=1.45 sys=0.00, real=0.32 secs] 
4996.670: [GC (Allocation Failure) [PSYoungGen: 232860K->185943K(465920K)] 490696K->443778K(1864192K), 0.0786850 secs] [Times: user=0.41 sys=0.01, real=0.08 secs] 
4996.867: [GC (Allocation Failure) [PSYoungGen: 418903K->213492K(465920K)] 676738K->530272K(1864192K), 0.0537880 secs] [Times: user=0.27 sys=0.00, real=0.06 secs] 
4998.010: [GC (Allocation Failure) [PSYoungGen: 446452K->94635K(465920K)] 763232K->479654K(1864192K), 0.0661620 secs] [Times: user=0.35 sys=0.01, real=0.06 secs] 
4998.551: [GC (Allocation Failure) [PSYoungGen: 327595K->183158K(465920K)] 712614K->597942K(1864192K), 0.0538483 secs] [Times: user=0.23 sys=0.00, real=0.05 secs] 
4998.786: [GC (Allocation Failure) [PSYoungGen: 416118K->182357K(465920K)] 830902K->654302K(1864192K), 0.0611082 secs] [Times: user=0.30 sys=0.00, real=0.06 secs] 
4998.965: [GC (Allocation Failure) [PSYoungGen: 415317K->187285K(465920K)] 887262K->714565K(1864192K), 0.0443372 secs] [Times: user=0.21 sys=0.00, real=0.05 secs] 
4999.973: [GC (Allocation Failure) [PSYoungGen: 420245K->98988K(465920K)] 947525K->696960K(1864192K), 0.0443998 secs] [Times: user=0.23 sys=0.00, real=0.04 secs] 
5000.656: [GC (Allocation Failure) [PSYoungGen: 331948K->172724K(465920K)] 929920K->803137K(1864192K), 0.0916029 secs] [Times: user=0.46 sys=0.00, real=0.09 secs] 
5000.956: [GC (Allocation Failure) [PSYoungGen: 405684K->185014K(465920K)] 1036097K->869455K(1864192K), 0.0525053 secs] [Times: user=0.24 sys=0.00, real=0.06 secs] 
5001.153: [GC (Allocation Failure) [PSYoungGen: 417974K->182966K(465920K)] 1102415K->931679K(1864192K), 0.0779155 secs] [Times: user=0.38 sys=0.01, real=0.08 secs] 
5001.740: [GC (Allocation Failure) [PSYoungGen: 415926K->219252K(465920K)] 1164639K->1025989K(1864192K), 0.0548798 secs] [Times: user=0.27 sys=0.00, real=0.05 secs] 
5003.317: [GC (Allocation Failure) [PSYoungGen: 452212K->95883K(465920K)] 1258949K->970220K(1864192K), 0.1100769 secs] [Times: user=0.60 sys=0.01, real=0.11 secs] 
5004.146: [GC (Allocation Failure) [PSYoungGen: 328843K->180117K(465920K)] 1203180K->1084898K(1864192K), 0.0554100 secs] [Times: user=0.25 sys=0.00, real=0.06 secs] 
5004.408: [GC (Allocation Failure) [PSYoungGen: 413077K->184918K(465920K)] 1317858K->1146315K(1864192K), 0.0598401 secs] [Times: user=0.28 sys=0.00, real=0.06 secs] 
5004.583: [GC (Allocation Failure) [PSYoungGen: 417878K->184628K(465920K)] 1379275K->1201954K(1864192K), 0.0457713 secs] [Times: user=0.21 sys=0.00, real=0.05 secs] 
5005.637: [GC (Allocation Failure) [PSYoungGen: 417588K->103676K(465920K)] 1434914K->1190825K(1864192K), 0.0450154 secs] [Times: user=0.23 sys=0.00, real=0.05 secs] 
5006.648: [GC (Allocation Failure) [PSYoungGen: 336636K->171700K(465920K)] 1423785K->1292622K(1864192K), 0.0822866 secs] [Times: user=0.41 sys=0.00, real=0.09 secs] 
5006.926: [GC (Allocation Failure) [PSYoungGen: 404660K->182101K(465920K)] 1525582K->1356615K(1864192K), 0.0563426 secs] [Times: user=0.27 sys=0.01, real=0.06 secs] 
5007.093: [GC (Allocation Failure) [PSYoungGen: 415061K->186135K(465920K)] 1589575K->1424480K(1864192K), 0.0505448 secs] [Times: user=0.24 sys=0.00, real=0.05 secs] 
5007.602: [GC (Allocation Failure) [PSYoungGen: 416468K->212916K(465920K)] 1654814K->1510317K(1864192K), 0.0532862 secs] [Times: user=0.26 sys=0.00, real=0.05 secs] 
5008.538: [GC (Allocation Failure) [PSYoungGen: 445876K->97339K(465920K)] 1743277K->1462445K(1864192K), 0.0904653 secs] [Times: user=0.48 sys=0.01, real=0.10 secs] 
5008.629: [Full GC (Ergonomics) [PSYoungGen: 97339K->0K(465920K)] [ParOldGen: 1365105K->113861K(1398272K)] 1462445K->113861K(1864192K), [Metaspace: 59582K->59582K(1105920K)], 0.1698578 secs] [Times: user=0.75 sys=0.00, real=0.17 secs] 
5009.536: [GC (Allocation Failure) [PSYoungGen: 232864K->182838K(465920K)] 346726K->296699K(1864192K), 0.0354449 secs] [Times: user=0.13 sys=0.00, real=0.04 secs] 
5009.705: [GC (Allocation Failure) [PSYoungGen: 415798K->180085K(465920K)] 529659K->350863K(1864192K), 0.0408451 secs] [Times: user=0.19 sys=0.00, real=0.04 secs] 
5009.890: [GC (Allocation Failure) [PSYoungGen: 413045K->187157K(465920K)] 583823K->413071K(1864192K), 0.0695880 secs] [Times: user=0.34 sys=0.00, real=0.07 secs] 
5011.127: [GC (Allocation Failure) [PSYoungGen: 420117K->103692K(465920K)] 646031K->400062K(1864192K), 0.0861797 secs] [Times: user=0.46 sys=0.00, real=0.09 secs] 
5012.723: [GC (GCLocker Initiated GC) [PSYoungGen: 336652K->167572K(465920K)] 633022K->497491K(1864192K), 0.1192143 secs] [Times: user=0.61 sys=0.00, real=0.12 secs] 
5013.034: [GC (Allocation Failure) [PSYoungGen: 400532K->180085K(465920K)] 730618K->562627K(1864192K), 0.0415540 secs] [Times: user=0.19 sys=0.00, real=0.04 secs] 
5013.245: [GC (Allocation Failure) [PSYoungGen: 413045K->185751K(465920K)] 795587K->631405K(1864192K), 0.0797909 secs] [Times: user=0.40 sys=0.00, real=0.08 secs] 
5013.775: [GC (Allocation Failure) [PSYoungGen: 417244K->216820K(465920K)] 862898K->721378K(1864192K), 0.0547401 secs] [Times: user=0.27 sys=0.00, real=0.06 secs] 
5014.961: [GC (Allocation Failure) [PSYoungGen: 449780K->96251K(465920K)] 954338K->669729K(1864192K), 0.1087799 secs] [Times: user=0.59 sys=0.00, real=0.11 secs] 
5015.771: [GC (Allocation Failure) [PSYoungGen: 329211K->177429K(465920K)] 902689K->781644K(1864192K), 0.0532699 secs] [Times: user=0.24 sys=0.00, real=0.05 secs] 
5016.028: [GC (Allocation Failure) [PSYoungGen: 410389K->185078K(465920K)] 1014604K->844968K(1864192K), 0.0583041 secs] [Times: user=0.28 sys=0.00, real=0.05 secs] 
5016.250: [GC (Allocation Failure) [PSYoungGen: 418038K->187093K(465920K)] 1077928K->902888K(1864192K), 0.0678842 secs] [Times: user=0.33 sys=0.00, real=0.06 secs] 
5017.349: [GC (GCLocker Initiated GC) [PSYoungGen: 420053K->104444K(465920K)] 1135849K->890857K(1864192K), 0.0451509 secs] [Times: user=0.23 sys=0.00, real=0.04 secs] 
5017.817: [GC (Allocation Failure) [PSYoungGen: 337404K->173108K(465920K)] 1123820K->993113K(1864192K), 0.0706461 secs] [Times: user=0.34 sys=0.00, real=0.07 secs] 
5018.042: [GC (Allocation Failure) [PSYoungGen: 406068K->182101K(465920K)] 1226073K->1056550K(1864192K), 0.0428793 secs] [Times: user=0.20 sys=0.00, real=0.04 secs] 
5018.238: [GC (Allocation Failure) [PSYoungGen: 415061K->185815K(465920K)] 1289510K->1123855K(1864192K), 0.0782655 secs] [Times: user=0.39 sys=0.01, real=0.08 secs] 
5018.716: [GC (Allocation Failure) [PSYoungGen: 416595K->210931K(465920K)] 1354636K->1208092K(1864192K), 0.0531336 secs] [Times: user=0.26 sys=0.00, real=0.06 secs] 
5020.338: [GC (Allocation Failure) [PSYoungGen: 443891K->98299K(465920K)] 1441052K->1162672K(1864192K), 0.1121570 secs] [Times: user=0.61 sys=0.00, real=0.11 secs] 
5020.926: [GC (Allocation Failure) [PSYoungGen: 331259K->180854K(465920K)] 1395632K->1276651K(1864192K), 0.0458668 secs] [Times: user=0.20 sys=0.00, real=0.05 secs] 
5021.128: [GC (Allocation Failure) [PSYoungGen: 413814K->185270K(465920K)] 1509611K->1337563K(1864192K), 0.0687670 secs] [Times: user=0.34 sys=0.00, real=0.07 secs] 
5021.326: [GC (Allocation Failure) [PSYoungGen: 418230K->186997K(465920K)] 1570523K->1395298K(1864192K), 0.0465628 secs] [Times: user=0.21 sys=0.00, real=0.05 secs] 
5022.494: [GC (Allocation Failure) [PSYoungGen: 419957K->97771K(465920K)] 1628258K->1376649K(1864192K), 0.0597604 secs] [Times: user=0.31 sys=0.00, real=0.06 secs] 
5023.455: [GC (Allocation Failure) [PSYoungGen: 330731K->172212K(465920K)] 1609609K->1482710K(1864192K), 0.0872439 secs] [Times: user=0.42 sys=0.00, real=0.09 secs] 
5023.711: [GC (Allocation Failure) [PSYoungGen: 405172K->185238K(465920K)] 1715670K->1549756K(1864192K), 0.0443613 secs] [Times: user=0.20 sys=0.00, real=0.04 secs] 
5023.756: [Full GC (Ergonomics) [PSYoungGen: 185238K->0K(465920K)] [ParOldGen: 1364517K->260212K(1398272K)] 1549756K->260212K(1864192K), [Metaspace: 59582K->59582K(1105920K)], 0.3200281 secs] [Times: user=1.46 sys=0.00, real=0.32 secs] 
5024.182: [GC (Allocation Failure) [PSYoungGen: 232960K->183126K(465920K)] 493172K->443339K(1864192K), 0.0871996 secs] [Times: user=0.46 sys=0.01, real=0.09 secs] 
5025.033: [GC (Allocation Failure) [PSYoungGen: 415980K->212243K(465920K)] 676193K->530608K(1864192K), 0.0535791 secs] [Times: user=0.27 sys=0.00, real=0.05 secs] 
5025.797: [GC (Allocation Failure) [PSYoungGen: 445203K->101420K(465920K)] 763568K->486377K(1864192K), 0.0678009 secs] [Times: user=0.35 sys=0.00, real=0.07 secs] 
5026.497: [GC (Allocation Failure) [PSYoungGen: 334380K->180758K(465920K)] 719337K->598019K(1864192K), 0.0483997 secs] [Times: user=0.21 sys=0.00, real=0.05 secs] 
5026.698: [GC (Allocation Failure) [PSYoungGen: 413718K->184886K(465920K)] 830979K->658404K(1864192K), 0.0526254 secs] [Times: user=0.26 sys=0.00, real=0.06 secs] 
5026.882: [GC (Allocation Failure) [PSYoungGen: 417846K->183988K(465920K)] 891364K->713458K(1864192K), 0.0620573 secs] [Times: user=0.30 sys=0.00, real=0.06 secs] 
5028.180: [GC (Allocation Failure) [PSYoungGen: 416948K->101500K(465920K)] 946418K->700402K(1864192K), 0.0927597 secs] [Times: user=0.50 sys=0.00, real=0.09 secs] 
5029.906: [GC (Allocation Failure) [PSYoungGen: 334460K->166004K(465920K)] 933362K->797302K(1864192K), 0.1016112 secs] [Times: user=0.51 sys=0.00, real=0.10 secs] 
5030.219: [GC (Allocation Failure) [PSYoungGen: 398964K->185078K(465920K)] 1030262K->868589K(1864192K), 0.0450535 secs] [Times: user=0.20 sys=0.00, real=0.04 secs] 
5030.389: [GC (Allocation Failure) [PSYoungGen: 418038K->185783K(465920K)] 1101549K->933542K(1864192K), 0.0547759 secs] [Times: user=0.27 sys=0.00, real=0.05 secs] 
5031.207: [GC (Allocation Failure) [PSYoungGen: 418493K->213204K(465920K)] 1166252K->1019890K(1864192K), 0.0569982 secs] [Times: user=0.28 sys=0.00, real=0.06 secs] 
5032.303: [GC (Allocation Failure) [PSYoungGen: 446164K->97403K(465920K)] 1252850K->971158K(1864192K), 0.1013060 secs] [Times: user=0.54 sys=0.00, real=0.10 secs] 
5033.253: [GC (Allocation Failure) [PSYoungGen: 330363K->182710K(465920K)] 1204118K->1087086K(1864192K), 0.0535920 secs] [Times: user=0.24 sys=0.00, real=0.05 secs] 
5033.448: [GC (Allocation Failure) [PSYoungGen: 415670K->180981K(465920K)] 1320046K->1142321K(1864192K), 0.0458025 secs] [Times: user=0.22 sys=0.00, real=0.05 secs] 
5033.620: [GC (Allocation Failure) [PSYoungGen: 413941K->186229K(465920K)] 1375281K->1202505K(1864192K), 0.0636194 secs] [Times: user=0.31 sys=0.00, real=0.06 secs] 
5034.704: [GC (Allocation Failure) [PSYoungGen: 419189K->102540K(465920K)] 1435465K->1189088K(1864192K), 0.0466245 secs] [Times: user=0.24 sys=0.00, real=0.05 secs] 
5035.519: [GC (Allocation Failure) [PSYoungGen: 335500K->168212K(465920K)] 1422048K->1287521K(1864192K), 0.1099691 secs] [Times: user=0.57 sys=0.00, real=0.11 secs] 
5035.826: [GC (Allocation Failure) [PSYoungGen: 401172K->185270K(465920K)] 1520481K->1357471K(1864192K), 0.0446721 secs] [Times: user=0.20 sys=0.00, real=0.05 secs] 
5035.977: [GC (Allocation Failure) [PSYoungGen: 418230K->186199K(465920K)] 1590431K->1422720K(1864192K), 0.0507492 secs] [Times: user=0.24 sys=0.00, real=0.05 secs] 
5036.826: [GC (Allocation Failure) [PSYoungGen: 418634K->212659K(465920K)] 1655155K->1508380K(1864192K), 0.0571816 secs] [Times: user=0.29 sys=0.00, real=0.06 secs] 
5037.836: [GC (Allocation Failure) [PSYoungGen: 445619K->99051K(465920K)] 1741340K->1461684K(1864192K), 0.0901817 secs] [Times: user=0.48 sys=0.00, real=0.09 secs] 
5037.926: [Full GC (Ergonomics) [PSYoungGen: 99051K->0K(465920K)] [ParOldGen: 1362632K->115544K(1398272K)] 1461684K->115544K(1864192K), [Metaspace: 59583K->59583K(1105920K)], 0.1686156 secs] [Times: user=0.74 sys=0.01, real=0.17 secs] 
5038.956: [GC (Allocation Failure) [PSYoungGen: 232960K->180245K(465920K)] 348504K->295790K(1864192K), 0.0374505 secs] [Times: user=0.14 sys=0.00, real=0.04 secs] 
5039.138: [GC (Allocation Failure) [PSYoungGen: 413205K->185206K(465920K)] 528750K->357114K(1864192K), 0.0416950 secs] [Times: user=0.19 sys=0.00, real=0.04 secs] 
5039.286: [GC (Allocation Failure) [PSYoungGen: 418166K->187125K(465920K)] 590074K->415345K(1864192K), 0.0451031 secs] [Times: user=0.21 sys=0.00, real=0.05 secs] 
5040.279: [GC (Allocation Failure) [PSYoungGen: 420085K->99548K(465920K)] 648305K->398304K(1864192K), 0.0440186 secs] [Times: user=0.23 sys=0.00, real=0.04 secs] 
5041.487: [GC (Allocation Failure) [PSYoungGen: 332508K->164979K(465920K)] 631264K->495397K(1864192K), 0.0789723 secs] [Times: user=0.39 sys=0.00, real=0.08 secs] 
5041.745: [GC (Allocation Failure) [PSYoungGen: 397939K->185366K(465920K)] 728357K->568319K(1864192K), 0.0414508 secs] [Times: user=0.18 sys=0.00, real=0.04 secs] 
5041.896: [GC (Allocation Failure) [PSYoungGen: 418326K->185847K(465920K)] 801279K->632928K(1864192K), 0.0491186 secs] [Times: user=0.23 sys=0.00, real=0.05 secs] 
5042.330: [GC (Allocation Failure) [PSYoungGen: 415040K->214356K(465920K)] 862121K->720517K(1864192K), 0.0528921 secs] [Times: user=0.26 sys=0.00, real=0.05 secs] 
5043.330: [GC (Allocation Failure) [PSYoungGen: 447316K->97771K(465920K)] 953477K->672161K(1864192K), 0.0643532 secs] [Times: user=0.34 sys=0.00, real=0.06 secs] 
5044.264: [GC (Allocation Failure) [PSYoungGen: 330731K->176437K(465920K)] 905121K->781511K(1864192K), 0.0508778 secs] [Times: user=0.23 sys=0.00, real=0.05 secs] 
5044.506: [GC (Allocation Failure) [PSYoungGen: 409397K->185174K(465920K)] 1014471K->845580K(1864192K), 0.0617575 secs] [Times: user=0.29 sys=0.00, real=0.06 secs] 
5044.684: [GC (Allocation Failure) [PSYoungGen: 418134K->187253K(465920K)] 1078540K->903795K(1864192K), 0.0453787 secs] [Times: user=0.21 sys=0.00, real=0.05 secs] 
5045.653: [GC (Allocation Failure) [PSYoungGen: 420213K->103724K(465920K)] 1136755K->890963K(1864192K), 0.0455191 secs] [Times: user=0.23 sys=0.00, real=0.04 secs] 
5047.490: [GC (GCLocker Initiated GC) [PSYoungGen: 336684K->163027K(465920K)] 1123926K->983194K(1864192K), 0.1054476 secs] [Times: user=0.54 sys=0.00, real=0.10 secs] 
5047.795: [GC (Allocation Failure) [PSYoungGen: 395987K->192118K(465920K)] 1216156K->1063574K(1864192K), 0.0455062 secs] [Times: user=0.20 sys=0.00, real=0.05 secs] 
5047.983: [GC (Allocation Failure) [PSYoungGen: 425078K->185943K(465920K)] 1296534K->1121367K(1864192K), 0.0714347 secs] [Times: user=0.35 sys=0.00, real=0.07 secs] 
5048.308: [GC (Allocation Failure) [PSYoungGen: 417569K->216372K(465920K)] 1352993K->1210685K(1864192K), 0.0556918 secs] [Times: user=0.27 sys=0.00, real=0.06 secs] 
5049.924: [GC (Allocation Failure) [PSYoungGen: 449332K->91098K(465920K)] 1443645K->1154511K(1864192K), 0.1087049 secs] [Times: user=0.60 sys=0.00, real=0.11 secs] 
5050.553: [GC (Allocation Failure) [PSYoungGen: 324058K->179189K(465920K)] 1387471K->1271475K(1864192K), 0.0480838 secs] [Times: user=0.21 sys=0.01, real=0.05 secs] 
5050.726: [GC (Allocation Failure) [PSYoungGen: 412149K->185174K(465920K)] 1504435K->1333339K(1864192K), 0.0442569 secs] [Times: user=0.20 sys=0.00, real=0.05 secs] 
5050.917: [GC (GCLocker Initiated GC) [PSYoungGen: 418134K->185845K(465920K)] 1566299K->1389930K(1864192K), 0.0666130 secs] [Times: user=0.33 sys=0.00, real=0.07 secs] 
5051.992: [GC (Allocation Failure) [PSYoungGen: 418805K->102188K(465920K)] 1623185K->1376832K(1864192K), 0.0455435 secs] [Times: user=0.24 sys=0.00, real=0.04 secs] 
5053.043: [GC (Allocation Failure) [PSYoungGen: 335148K->165940K(465920K)] 1609792K->1473593K(1864192K), 0.0810244 secs] [Times: user=0.40 sys=0.01, real=0.08 secs] 
5053.273: [GC (Allocation Failure) [PSYoungGen: 398900K->184886K(465920K)] 1706553K->1544595K(1864192K), 0.0451593 secs] [Times: user=0.21 sys=0.00, real=0.05 secs] 
5053.318: [Full GC (Ergonomics) [PSYoungGen: 184886K->0K(465920K)] [ParOldGen: 1359709K->256393K(1398272K)] 1544595K->256393K(1864192K), [Metaspace: 59584K->59584K(1105920K)], 0.3130802 secs] [Times: user=1.40 sys=0.00, real=0.31 secs] 
5053.748: [GC (GCLocker Initiated GC) [PSYoungGen: 232960K->184279K(465920K)] 489354K->440674K(1864192K), 0.0883293 secs] [Times: user=0.46 sys=0.00, real=0.09 secs] 
5054.004: [GC (Allocation Failure) [PSYoungGen: 417239K->202741K(465920K)] 674149K->518268K(1864192K), 0.0534586 secs] [Times: user=0.26 sys=0.00, real=0.05 secs] 
5056.050: [GC (Allocation Failure) [PSYoungGen: 435701K->84489K(465920K)] 751228K->470264K(1864192K), 0.1042702 secs] [Times: user=0.58 sys=0.01, real=0.10 secs] 
5057.359: [GC (Allocation Failure) [PSYoungGen: 317449K->180085K(465920K)] 703224K->592913K(1864192K), 0.0535012 secs] [Times: user=0.23 sys=0.00, real=0.05 secs] 
5057.557: [GC (Allocation Failure) [PSYoungGen: 413045K->185302K(465920K)] 825873K->654229K(1864192K), 0.0430362 secs] [Times: user=0.19 sys=0.00, real=0.05 secs] 
5057.725: [GC (Allocation Failure) [PSYoungGen: 418262K->200885K(465920K)] 887189K->726132K(1864192K), 0.0572595 secs] [Times: user=0.28 sys=0.00, real=0.06 secs] 
5058.739: [GC (Allocation Failure) [PSYoungGen: 433845K->107181K(465920K)] 959092K->702044K(1864192K), 0.0448198 secs] [Times: user=0.23 sys=0.00, real=0.04 secs] 
5059.665: [GC (Allocation Failure) [PSYoungGen: 340141K->168596K(465920K)] 935004K->798368K(1864192K), 0.1213337 secs] [Times: user=0.63 sys=0.01, real=0.12 secs] 
5059.964: [GC (Allocation Failure) [PSYoungGen: 401556K->184918K(465920K)] 1031328K->867082K(1864192K), 0.0427150 secs] [Times: user=0.19 sys=0.00, real=0.04 secs] 
5060.153: [GC (Allocation Failure) [PSYoungGen: 417878K->182454K(465920K)] 1100042K->929106K(1864192K), 0.0750314 secs] [Times: user=0.38 sys=0.00, real=0.07 secs] 
5060.378: [GC (Allocation Failure) [PSYoungGen: 415414K->187125K(465920K)] 1162066K->992057K(1864192K), 0.0739798 secs] [Times: user=0.37 sys=0.00, real=0.08 secs] 
5062.091: [GC (Allocation Failure) [PSYoungGen: 420085K->86762K(465920K)] 1225017K->962126K(1864192K), 0.0983301 secs] [Times: user=0.54 sys=0.00, real=0.10 secs] 
5063.243: [GC (Allocation Failure) [PSYoungGen: 319722K->180566K(465920K)] 1195086K->1083534K(1864192K), 0.0536458 secs] [Times: user=0.24 sys=0.00, real=0.05 secs] 
5063.437: [GC (Allocation Failure) [PSYoungGen: 413526K->185494K(465920K)] 1316494K->1144635K(1864192K), 0.0441426 secs] [Times: user=0.20 sys=0.00, real=0.05 secs] 
5063.582: [GC (Allocation Failure) [PSYoungGen: 418454K->187477K(465920K)] 1377595K->1202850K(1864192K), 0.0462849 secs] [Times: user=0.22 sys=0.00, real=0.04 secs] 
5064.575: [GC (Allocation Failure) [PSYoungGen: 420437K->102540K(465920K)] 1435810K->1188441K(1864192K), 0.0455859 secs] [Times: user=0.24 sys=0.00, real=0.05 secs] 
5066.487: [GC (Allocation Failure) [PSYoungGen: 335500K->163251K(465920K)] 1421401K->1282253K(1864192K), 0.0806715 secs] [Times: user=0.40 sys=0.00, real=0.08 secs] 
5066.737: [GC (Allocation Failure) [PSYoungGen: 396211K->182389K(465920K)] 1515213K->1352435K(1864192K), 0.0423283 secs] [Times: user=0.19 sys=0.00, real=0.05 secs] 
5066.914: [GC (Allocation Failure) [PSYoungGen: 415349K->185815K(465920K)] 1585395K->1419509K(1864192K), 0.0711918 secs] [Times: user=0.35 sys=0.00, real=0.07 secs] 
5067.156: [GC (Allocation Failure) [PSYoungGen: 418775K->186997K(465920K)] 1652469K->1479747K(1864192K), 0.0770538 secs] [Times: user=0.39 sys=0.00, real=0.08 secs] 
5068.983: [GC (Allocation Failure) [PSYoungGen: 419957K->89770K(465920K)] 1712707K->1452960K(1864192K), 0.1032596 secs] [Times: user=0.48 sys=0.00, real=0.10 secs] 
5069.087: [Full GC (Ergonomics) [PSYoungGen: 89770K->0K(465920K)] [ParOldGen: 1363190K->104929K(1398272K)] 1452960K->104929K(1864192K), [Metaspace: 59584K->59584K(1105920K)], 0.1608967 secs] [Times: user=0.70 sys=0.00, real=0.16 secs] 
5069.702: [GC (Allocation Failure) [PSYoungGen: 232960K->183478K(465920K)] 337889K->288407K(1864192K), 0.0338371 secs] [Times: user=0.13 sys=0.00, real=0.03 secs] 
5069.909: [GC (Allocation Failure) [PSYoungGen: 416438K->182293K(465920K)] 521367K->344555K(1864192K), 0.0579498 secs] [Times: user=0.28 sys=0.00, real=0.05 secs] 
5070.088: [GC (Allocation Failure) [PSYoungGen: 415253K->187189K(465920K)] 577515K->404818K(1864192K), 0.0448638 secs] [Times: user=0.20 sys=0.00, real=0.05 secs] 
5071.101: [GC (Allocation Failure) [PSYoungGen: 420149K->102588K(465920K)] 637778K->390850K(1864192K), 0.0441550 secs] [Times: user=0.23 sys=0.00, real=0.04 secs] 
5072.047: [GC (Allocation Failure) [PSYoungGen: 335548K->168948K(465920K)] 623810K->490110K(1864192K), 0.1036280 secs] [Times: user=0.52 sys=0.00, real=0.11 secs] 
5072.337: [GC (Allocation Failure) [PSYoungGen: 401908K->185142K(465920K)] 723070K->559252K(1864192K), 0.0420606 secs] [Times: user=0.19 sys=0.00, real=0.05 secs] 
5072.486: [GC (Allocation Failure) [PSYoungGen: 418102K->185879K(465920K)] 792212K->624333K(1864192K), 0.0496675 secs] [Times: user=0.23 sys=0.00, real=0.05 secs] 
5072.684: [GC (Allocation Failure) [PSYoungGen: 418839K->184212K(465920K)] 857293K->681739K(1864192K), 0.0601665 secs] [Times: user=0.30 sys=0.00, real=0.06 secs] 
5074.940: [GC (Allocation Failure) [PSYoungGen: 417172K->89018K(465920K)] 914699K->656153K(1864192K), 0.0930301 secs] [Times: user=0.50 sys=0.00, real=0.09 secs] 
5075.553: [GC (Allocation Failure) [PSYoungGen: 321978K->183702K(465920K)] 889113K->779033K(1864192K), 0.0455994 secs] [Times: user=0.19 sys=0.00, real=0.05 secs] 
5075.715: [GC (Allocation Failure) [PSYoungGen: 416662K->182773K(465920K)] 1011993K->835365K(1864192K), 0.0433757 secs] [Times: user=0.19 sys=0.00, real=0.04 secs] 
5075.885: [GC (Allocation Failure) [PSYoungGen: 415733K->187317K(465920K)] 1068325K->895588K(1864192K), 0.0601543 secs] [Times: user=0.29 sys=0.00, real=0.06 secs] 
5076.902: [GC (Allocation Failure) [PSYoungGen: 420277K->103692K(465920K)] 1128548K->882564K(1864192K), 0.0453655 secs] [Times: user=0.24 sys=0.00, real=0.04 secs] 
5078.039: [GC (Allocation Failure) [PSYoungGen: 336652K->168500K(465920K)] 1115524K->981168K(1864192K), 0.0765807 secs] [Times: user=0.37 sys=0.00, real=0.07 secs] 
5078.304: [GC (Allocation Failure) [PSYoungGen: 401460K->184950K(465920K)] 1214128K->1050073K(1864192K), 0.0570042 secs] [Times: user=0.26 sys=0.00, real=0.06 secs] 
5078.508: [GC (GCLocker Initiated GC) [PSYoungGen: 417910K->184119K(465920K)] 1283034K->1113602K(1864192K), 0.0628344 secs] [Times: user=0.31 sys=0.00, real=0.07 secs] 
5079.091: [GC (Allocation Failure) [PSYoungGen: 417079K->198260K(465920K)] 1353732K->1193401K(1864192K), 0.0590007 secs] [Times: user=0.27 sys=0.00, real=0.06 secs] 
5080.230: [GC (Allocation Failure) [PSYoungGen: 431220K->96395K(465920K)] 1426361K->1160352K(1864192K), 0.1343475 secs] [Times: user=0.75 sys=0.00, real=0.13 secs] 
5081.245: [GC (Allocation Failure) [PSYoungGen: 329355K->180374K(465920K)] 1393312K->1275388K(1864192K), 0.0571506 secs] [Times: user=0.26 sys=0.00, real=0.06 secs] 
5081.442: [GC (Allocation Failure) [PSYoungGen: 413334K->184886K(465920K)] 1508348K->1335996K(1864192K), 0.0449934 secs] [Times: user=0.21 sys=0.00, real=0.04 secs] 
5081.593: [GC (Allocation Failure) [PSYoungGen: 417846K->187413K(465920K)] 1568956K->1394539K(1864192K), 0.0471347 secs] [Times: user=0.22 sys=0.00, real=0.05 secs] 
5082.622: [GC (Allocation Failure) [PSYoungGen: 420373K->102380K(465920K)] 1627499K->1380186K(1864192K), 0.0472413 secs] [Times: user=0.25 sys=0.00, real=0.05 secs] 
5085.078: [GC (Allocation Failure) [PSYoungGen: 335340K->161139K(465920K)] 1613146K->1471582K(1864192K), 0.1273265 secs] [Times: user=0.65 sys=0.00, real=0.13 secs] 
5085.205: [Full GC (Ergonomics) [PSYoungGen: 161139K->0K(465920K)] [ParOldGen: 1310442K->183929K(1398272K)] 1471582K->183929K(1864192K), [Metaspace: 59584K->59584K(1105920K)], 0.2557271 secs] [Times: user=1.26 sys=0.00, real=0.26 secs] 
5085.569: [GC (Allocation Failure) [PSYoungGen: 232960K->185366K(465920K)] 416889K->369295K(1864192K), 0.0341651 secs] [Times: user=0.14 sys=0.00, real=0.03 secs] 
5085.717: [GC (Allocation Failure) [PSYoungGen: 418326K->183094K(465920K)] 602255K->431536K(1864192K), 0.0435876 secs] [Times: user=0.20 sys=0.00, real=0.05 secs] 
5085.947: [GC (Allocation Failure) [PSYoungGen: 416054K->202357K(465920K)] 664496K->509190K(1864192K), 0.0540755 secs] [Times: user=0.27 sys=0.00, real=0.06 secs] 
5087.527: [GC (Allocation Failure) [PSYoungGen: 435317K->91434K(465920K)] 742150K->468156K(1864192K), 0.1156344 secs] [Times: user=0.62 sys=0.01, real=0.12 secs] 
5088.335: [GC (Allocation Failure) [PSYoungGen: 324394K->180053K(465920K)] 701116K->585347K(1864192K), 0.0468004 secs] [Times: user=0.20 sys=0.01, real=0.05 secs] 
5088.505: [GC (Allocation Failure) [PSYoungGen: 413013K->184982K(465920K)] 818307K->646764K(1864192K), 0.0435060 secs] [Times: user=0.20 sys=0.00, real=0.05 secs] 
5088.668: [GC (Allocation Failure) [PSYoungGen: 417850K->187221K(465920K)] 879632K->705011K(1864192K), 0.0568800 secs] [Times: user=0.28 sys=0.00, real=0.06 secs] 
5089.675: [GC (Allocation Failure) [PSYoungGen: 420135K->103484K(465920K)] 937926K->691922K(1864192K), 0.0447185 secs] [Times: user=0.23 sys=0.00, real=0.05 secs] 
5090.976: [GC (Allocation Failure) [PSYoungGen: 336444K->176852K(465920K)] 924882K->798431K(1864192K), 0.1224722 secs] [Times: user=0.63 sys=0.00, real=0.13 secs] 
5091.298: [GC (Allocation Failure) [PSYoungGen: 409812K->182517K(465920K)] 1031391K->857152K(1864192K), 0.0463771 secs] [Times: user=0.22 sys=0.00, real=0.05 secs] 
5091.474: [GC (Allocation Failure) [PSYoungGen: 415477K->185655K(465920K)] 1090112K->924130K(1864192K), 0.0665397 secs] [Times: user=0.33 sys=0.00, real=0.07 secs] 
5091.969: [GC (Allocation Failure) [PSYoungGen: 417592K->217204K(465920K)] 1156067K->1014471K(1864192K), 0.0537610 secs] [Times: user=0.27 sys=0.00, real=0.05 secs] 
5093.545: [GC (Allocation Failure) [PSYoungGen: 450164K->92234K(465920K)] 1247431K->958582K(1864192K), 0.1079274 secs] [Times: user=0.60 sys=0.00, real=0.11 secs] 
5094.342: [GC (Allocation Failure) [PSYoungGen: 325194K->180694K(465920K)] 1191542K->1076642K(1864192K), 0.0490941 secs] [Times: user=0.21 sys=0.00, real=0.05 secs] 
5094.520: [GC (Allocation Failure) [PSYoungGen: 413654K->185078K(465920K)] 1309602K->1137330K(1864192K), 0.0439280 secs] [Times: user=0.20 sys=0.00, real=0.04 secs] 
5094.701: [GC (Allocation Failure) [PSYoungGen: 418038K->186997K(465920K)] 1370290K->1195345K(1864192K), 0.0680862 secs] [Times: user=0.33 sys=0.00, real=0.07 secs] 
5095.780: [GC (Allocation Failure) [PSYoungGen: 419957K->102764K(465920K)] 1428305K->1181680K(1864192K), 0.0453768 secs] [Times: user=0.23 sys=0.00, real=0.04 secs] 
5096.822: [GC (GCLocker Initiated GC) [PSYoungGen: 335724K->165364K(465920K)] 1414641K->1277102K(1864192K), 0.0872357 secs] [Times: user=0.44 sys=0.00, real=0.09 secs] 
5097.075: [GC (Allocation Failure) [PSYoungGen: 398324K->183253K(465920K)] 1510228K->1347154K(1864192K), 0.0426441 secs] [Times: user=0.20 sys=0.00, real=0.04 secs] 
5097.227: [GC (Allocation Failure) [PSYoungGen: 416213K->185975K(465920K)] 1580114K->1413571K(1864192K), 0.0504558 secs] [Times: user=0.23 sys=0.00, real=0.05 secs] 
5097.508: [GC (Allocation Failure) [PSYoungGen: 416921K->216084K(465920K)] 1644517K->1502568K(1864192K), 0.0557994 secs] [Times: user=0.27 sys=0.00, real=0.06 secs] 
5098.724: [GC (Allocation Failure) [PSYoungGen: 449044K->92442K(465920K)] 1735528K->1448007K(1864192K), 0.0619711 secs] [Times: user=0.34 sys=0.00, real=0.06 secs] 
5098.786: [Full GC (Ergonomics) [PSYoungGen: 92442K->0K(465920K)] [ParOldGen: 1355564K->109096K(1398272K)] 1448007K->109096K(1864192K), [Metaspace: 59584K->59584K(1105920K)], 0.1224899 secs] [Times: user=0.54 sys=0.00, real=0.12 secs] 
5100.001: [GC (Allocation Failure) [PSYoungGen: 232960K->177269K(465920K)] 342056K->286365K(1864192K), 0.0384331 secs] [Times: user=0.14 sys=0.00, real=0.04 secs] 
5100.241: [GC (Allocation Failure) [PSYoungGen: 410229K->185174K(465920K)] 519325K->349986K(1864192K), 0.0561459 secs] [Times: user=0.27 sys=0.00, real=0.05 secs] 
5100.438: [GC (Allocation Failure) [PSYoungGen: 418134K->187285K(465920K)] 582946K->408249K(1864192K), 0.0579186 secs] [Times: user=0.28 sys=0.00, real=0.06 secs] 
5101.471: [GC (Allocation Failure) [PSYoungGen: 420245K->103980K(465920K)] 641209K->395416K(1864192K), 0.0482862 secs] [Times: user=0.26 sys=0.00, real=0.05 secs] 
5102.962: [GC (Allocation Failure) [PSYoungGen: 336940K->165459K(465920K)] 628376K->490108K(1864192K), 0.0872410 secs] [Times: user=0.43 sys=0.00, real=0.09 secs] 
5103.248: [GC (Allocation Failure) [PSYoungGen: 398419K->184918K(465920K)] 723068K->562091K(1864192K), 0.0419532 secs] [Times: user=0.18 sys=0.00, real=0.04 secs] 
5103.400: [GC (Allocation Failure) [PSYoungGen: 417878K->186103K(465920K)] 795051K->627372K(1864192K), 0.0497974 secs] [Times: user=0.24 sys=0.00, real=0.05 secs] 
5103.678: [GC (Allocation Failure) [PSYoungGen: 418693K->218037K(465920K)] 859962K->718554K(1864192K), 0.0543485 secs] [Times: user=0.26 sys=0.00, real=0.06 secs] 
5104.873: [GC (Allocation Failure) [PSYoungGen: 450997K->94683K(465920K)] 951514K->664664K(1864192K), 0.0836497 secs] [Times: user=0.45 sys=0.01, real=0.08 secs] 
5105.440: [GC (Allocation Failure) [PSYoungGen: 327643K->183222K(465920K)] 897624K->783268K(1864192K), 0.0473006 secs] [Times: user=0.21 sys=0.00, real=0.04 secs] 
5105.607: [GC (Allocation Failure) [PSYoungGen: 416182K->185014K(465920K)] 1016228K->842016K(1864192K), 0.0437977 secs] [Times: user=0.20 sys=0.00, real=0.05 secs] 
5105.779: [GC (Allocation Failure) [PSYoungGen: 417974K->184340K(465920K)] 1074976K->897479K(1864192K), 0.0487426 secs] [Times: user=0.23 sys=0.01, real=0.04 secs] 
5106.803: [GC (Allocation Failure) [PSYoungGen: 417300K->100476K(465920K)] 1130439K->883334K(1864192K), 0.0440128 secs] [Times: user=0.22 sys=0.00, real=0.04 secs] 
5108.621: [GC (Allocation Failure) [PSYoungGen: 333436K->164307K(465920K)] 1116294K->979290K(1864192K), 0.1117707 secs] [Times: user=0.57 sys=0.00, real=0.11 secs] 
5108.930: [GC (Allocation Failure) [PSYoungGen: 397267K->190805K(465920K)] 1212250K->1057380K(1864192K), 0.0469696 secs] [Times: user=0.22 sys=0.00, real=0.04 secs] 
5109.120: [GC (Allocation Failure) [PSYoungGen: 423765K->185591K(465920K)] 1290340K->1115998K(1864192K), 0.0720265 secs] [Times: user=0.35 sys=0.00, real=0.07 secs] 
5109.446: [GC (Allocation Failure) [PSYoungGen: 417849K->218709K(465920K)] 1348256K->1207948K(1864192K), 0.0553349 secs] [Times: user=0.27 sys=0.00, real=0.06 secs] 
5112.099: [GC (Allocation Failure) [PSYoungGen: 451669K->87226K(465920K)] 1440908K->1146273K(1864192K), 0.1099982 secs] [Times: user=0.60 sys=0.00, real=0.11 secs] 
5112.932: [GC (Allocation Failure) [PSYoungGen: 320186K->180694K(465920K)] 1379233K->1267710K(1864192K), 0.0674393 secs] [Times: user=0.30 sys=0.00, real=0.07 secs] 
5113.181: [GC (Allocation Failure) [PSYoungGen: 413654K->185110K(465920K)] 1500670K->1328470K(1864192K), 0.0437652 secs] [Times: user=0.20 sys=0.00, real=0.04 secs] 
5113.329: [GC (Allocation Failure) [PSYoungGen: 418070K->187317K(465920K)] 1561430K->1386733K(1864192K), 0.0466977 secs] [Times: user=0.22 sys=0.00, real=0.04 secs] 
5114.421: [GC (Allocation Failure) [PSYoungGen: 420277K->101996K(465920K)] 1619693K->1371868K(1864192K), 0.0463193 secs] [Times: user=0.24 sys=0.00, real=0.04 secs] 
5116.379: [GC (Allocation Failure) [PSYoungGen: 334956K->162067K(465920K)] 1604828K->1464416K(1864192K), 0.1153188 secs] [Times: user=0.59 sys=0.00, real=0.11 secs] 
5116.860: [GC (Allocation Failure) [PSYoungGen: 395027K->185238K(465920K)] 1697376K->1538447K(1864192K), 0.0506288 secs] [Times: user=0.24 sys=0.00, real=0.05 secs] 
5116.911: [Full GC (Ergonomics) [PSYoungGen: 185238K->0K(465920K)] [ParOldGen: 1353209K->254946K(1398272K)] 1538447K->254946K(1864192K), [Metaspace: 59584K->59584K(1105920K)], 0.3059519 secs] [Times: user=1.40 sys=0.00, real=0.30 secs] 
5117.323: [GC (Allocation Failure) [PSYoungGen: 232960K->183382K(465920K)] 487906K->438329K(1864192K), 0.0874589 secs] [Times: user=0.46 sys=0.00, real=0.09 secs] 
5117.520: [GC (Allocation Failure) [PSYoungGen: 416342K->203669K(465920K)] 671289K->516880K(1864192K), 0.0562642 secs] [Times: user=0.28 sys=0.00, real=0.05 secs] 
5119.598: [GC (Allocation Failure) [PSYoungGen: 436629K->90474K(465920K)] 749840K->474409K(1864192K), 0.1096998 secs] [Times: user=0.60 sys=0.00, real=0.11 secs] 
5120.780: [GC (Allocation Failure) [PSYoungGen: 323434K->181205K(465920K)] 707369K->593649K(1864192K), 0.0565228 secs] [Times: user=0.25 sys=0.00, real=0.05 secs] 
5120.988: [GC (Allocation Failure) [PSYoungGen: 414165K->185270K(465920K)] 826609K->652741K(1864192K), 0.0423434 secs] [Times: user=0.19 sys=0.00, real=0.05 secs] 
5121.135: [GC (Allocation Failure) [PSYoungGen: 418230K->187093K(465920K)] 885701K->710813K(1864192K), 0.0447869 secs] [Times: user=0.20 sys=0.00, real=0.05 secs] 
5122.125: [GC (Allocation Failure) [PSYoungGen: 420053K->106189K(465920K)] 943773K->700332K(1864192K), 0.0454629 secs] [Times: user=0.23 sys=0.01, real=0.05 secs] 
5122.961: [GC (Allocation Failure) [PSYoungGen: 339149K->166132K(465920K)] 933292K->794416K(1864192K), 0.1250066 secs] [Times: user=0.65 sys=0.00, real=0.12 secs] 
5123.290: [GC (Allocation Failure) [PSYoungGen: 399092K->182101K(465920K)] 1027376K->862298K(1864192K), 0.0467867 secs] [Times: user=0.22 sys=0.00, real=0.04 secs] 
5123.473: [GC (Allocation Failure) [PSYoungGen: 415061K->185975K(465920K)] 1095258K->929964K(1864192K), 0.0722973 secs] [Times: user=0.36 sys=0.00, real=0.07 secs] 
5123.674: [GC (Allocation Failure) [PSYoungGen: 418935K->187061K(465920K)] 1162924K->989946K(1864192K), 0.0552611 secs] [Times: user=0.27 sys=0.00, real=0.06 secs] 
5124.890: [GC (Allocation Failure) [PSYoungGen: 420021K->93883K(465920K)] 1222906K->967295K(1864192K), 0.0727925 secs] [Times: user=0.39 sys=0.00, real=0.07 secs] 
5126.043: [GC (GCLocker Initiated GC) [PSYoungGen: 326843K->176629K(465920K)] 1200256K->1079915K(1864192K), 0.0577052 secs] [Times: user=0.26 sys=0.00, real=0.06 secs] 
5126.251: [GC (Allocation Failure) [PSYoungGen: 409589K->193302K(465920K)] 1313006K->1151979K(1864192K), 0.0435141 secs] [Times: user=0.20 sys=0.00, real=0.04 secs] 
5126.400: [GC (Allocation Failure) [PSYoungGen: 426262K->187221K(465920K)] 1384939K->1201970K(1864192K), 0.0460652 secs] [Times: user=0.22 sys=0.00, real=0.04 secs] 
5127.471: [GC (Allocation Failure) [PSYoungGen: 420181K->104380K(465920K)] 1434930K->1189506K(1864192K), 0.0455357 secs] [Times: user=0.24 sys=0.00, real=0.04 secs] 
5128.904: [GC (Allocation Failure) [PSYoungGen: 337340K->166420K(465920K)] 1422466K->1285050K(1864192K), 0.1022173 secs] [Times: user=0.53 sys=0.00, real=0.10 secs] 
5129.180: [GC (Allocation Failure) [PSYoungGen: 399380K->179957K(465920K)] 1518010K->1350831K(1864192K), 0.0421059 secs] [Times: user=0.19 sys=0.00, real=0.04 secs] 
5129.390: [GC (Allocation Failure) [PSYoungGen: 412917K->185719K(465920K)] 1583791K->1419785K(1864192K), 0.0757320 secs] [Times: user=0.38 sys=0.00, real=0.07 secs] 
5129.624: [GC (Allocation Failure) [PSYoungGen: 418679K->187061K(465920K)] 1652745K->1479951K(1864192K), 0.0794247 secs] [Times: user=0.40 sys=0.00, real=0.08 secs] 
5130.862: [GC (Allocation Failure) [PSYoungGen: 420021K->94955K(465920K)] 1712911K->1458357K(1864192K), 0.0669132 secs] [Times: user=0.35 sys=0.00, real=0.07 secs] 
5130.929: [Full GC (Ergonomics) [PSYoungGen: 94955K->0K(465920K)] [ParOldGen: 1363402K->110802K(1398272K)] 1458357K->110802K(1864192K), [Metaspace: 59615K->59615K(1105920K)], 0.1356221 secs] [Times: user=0.59 sys=0.00, real=0.13 secs] 
5132.167: [GC (Allocation Failure) [PSYoungGen: 232960K->177589K(465920K)] 343762K->288391K(1864192K), 0.0398440 secs] [Times: user=0.16 sys=0.00, real=0.04 secs] 
5132.425: [GC (Allocation Failure) [PSYoungGen: 410549K->184950K(465920K)] 521351K->351952K(1864192K), 0.0559271 secs] [Times: user=0.26 sys=0.00, real=0.06 secs] 
5132.594: [GC (Allocation Failure) [PSYoungGen: 417910K->187189K(465920K)] 584912K->410207K(1864192K), 0.0448768 secs] [Times: user=0.21 sys=0.00, real=0.05 secs] 
5133.564: [GC (Allocation Failure) [PSYoungGen: 420149K->101964K(465920K)] 643167K->395334K(1864192K), 0.0442111 secs] [Times: user=0.23 sys=0.00, real=0.05 secs] 
5134.580: [GC (Allocation Failure) [PSYoungGen: 334924K->170132K(465920K)] 628294K->496400K(1864192K), 0.0951517 secs] [Times: user=0.47 sys=0.00, real=0.09 secs] 
5134.863: [GC (Allocation Failure) [PSYoungGen: 403092K->182485K(465920K)] 729360K->562137K(1864192K), 0.0441005 secs] [Times: user=0.20 sys=0.00, real=0.04 secs] 
5135.039: [GC (Allocation Failure) [PSYoungGen: 415445K->185975K(465920K)] 795097K->629586K(1864192K), 0.0674898 secs] [Times: user=0.32 sys=0.00, real=0.06 secs] 
5135.356: [GC (Allocation Failure) [PSYoungGen: 418510K->217684K(465920K)] 862122K->720240K(1864192K), 0.0551253 secs] [Times: user=0.27 sys=0.01, real=0.06 secs] 
5137.199: [GC (Allocation Failure) [PSYoungGen: 450644K->91050K(465920K)] 953200K->663250K(1864192K), 0.1087539 secs] [Times: user=0.59 sys=0.00, real=0.10 secs] 
5137.689: [GC (Allocation Failure) [PSYoungGen: 324010K->183446K(465920K)] 896210K->784570K(1864192K), 0.0399461 secs] [Times: user=0.18 sys=0.00, real=0.04 secs] 
5137.833: [GC (Allocation Failure) [PSYoungGen: 416406K->182773K(465920K)] 1017530K->840978K(1864192K), 0.0440855 secs] [Times: user=0.21 sys=0.00, real=0.04 secs] 
5138.009: [GC (Allocation Failure) [PSYoungGen: 415733K->187157K(465920K)] 1073938K->900953K(1864192K), 0.0672573 secs] [Times: user=0.33 sys=0.00, real=0.06 secs] 
5139.095: [GC (Allocation Failure) [PSYoungGen: 420117K->102972K(465920K)] 1133913K->887241K(1864192K), 0.0478445 secs] [Times: user=0.24 sys=0.00, real=0.05 secs] 
5140.316: [GC (Allocation Failure) [PSYoungGen: 335932K->165652K(465920K)] 1120201K->983149K(1864192K), 0.0694390 secs] [Times: user=0.34 sys=0.00, real=0.07 secs] 
5140.580: [GC (Allocation Failure) [PSYoungGen: 398612K->184886K(465920K)] 1216109K->1054571K(1864192K), 0.0618356 secs] [Times: user=0.28 sys=0.00, real=0.06 secs] 
5140.811: [GC (Allocation Failure) [PSYoungGen: 417846K->185975K(465920K)] 1287531K->1119844K(1864192K), 0.0690984 secs] [Times: user=0.34 sys=0.00, real=0.07 secs] 
5141.264: [GC (Allocation Failure) [PSYoungGen: 416451K->215668K(465920K)] 1350320K->1208586K(1864192K), 0.0561560 secs] [Times: user=0.28 sys=0.00, real=0.06 secs] 
5142.688: [GC (Allocation Failure) [PSYoungGen: 448628K->91610K(465920K)] 1441546K->1153064K(1864192K), 0.0991960 secs] [Times: user=0.53 sys=0.00, real=0.10 secs] 
5143.776: [GC (Allocation Failure) [PSYoungGen: 324570K->179093K(465920K)] 1386024K->1269208K(1864192K), 0.0552344 secs] [Times: user=0.25 sys=0.00, real=0.06 secs] 
5143.973: [GC (Allocation Failure) [PSYoungGen: 412053K->182901K(465920K)] 1502168K->1328804K(1864192K), 0.0442102 secs] [Times: user=0.21 sys=0.00, real=0.04 secs] 
5144.122: [GC (Allocation Failure) [PSYoungGen: 415861K->187349K(465920K)] 1561764K->1389075K(1864192K), 0.0465193 secs] [Times: user=0.22 sys=0.00, real=0.05 secs] 
5145.144: [GC (Allocation Failure) [PSYoungGen: 420309K->102108K(465920K)] 1622035K->1374266K(1864192K), 0.0457879 secs] [Times: user=0.23 sys=0.01, real=0.05 secs] 
5146.516: [GC (Allocation Failure) [PSYoungGen: 335068K->169172K(465920K)] 1607226K->1474439K(1864192K), 0.0834610 secs] [Times: user=0.42 sys=0.00, real=0.09 secs] 
5146.748: [GC (Allocation Failure) [PSYoungGen: 402132K->182549K(465920K)] 1707399K->1540929K(1864192K), 0.0429060 secs] [Times: user=0.20 sys=0.00, real=0.05 secs] 
5146.791: [Full GC (Ergonomics) [PSYoungGen: 182549K->0K(465920K)] [ParOldGen: 1358379K->254772K(1398272K)] 1540929K->254772K(1864192K), [Metaspace: 59623K->59623K(1105920K)], 0.3228671 secs] [Times: user=1.49 sys=0.00, real=0.32 secs] 
5147.226: [GC (Allocation Failure) [PSYoungGen: 232960K->185879K(465920K)] 487732K->440651K(1864192K), 0.0792895 secs] [Times: user=0.40 sys=0.00, real=0.08 secs] 
5147.434: [GC (Allocation Failure) [PSYoungGen: 418839K->217909K(465920K)] 673611K->531697K(1864192K), 0.0543574 secs] [Times: user=0.27 sys=0.00, real=0.05 secs] 
5149.070: [GC (Allocation Failure) [PSYoungGen: 450869K->90122K(465920K)] 764657K->473830K(1864192K), 0.0894479 secs] [Times: user=0.49 sys=0.00, real=0.09 secs] 
5149.553: [GC (Allocation Failure) [PSYoungGen: 323082K->180245K(465920K)] 706790K->592987K(1864192K), 0.0386659 secs] [Times: user=0.17 sys=0.00, real=0.04 secs] 
5149.754: [GC (Allocation Failure) [PSYoungGen: 413205K->184950K(465920K)] 825947K->653879K(1864192K), 0.0667715 secs] [Times: user=0.32 sys=0.00, real=0.07 secs] 
5149.952: [GC (Allocation Failure) [PSYoungGen: 417910K->187093K(465920K)] 886839K->712006K(1864192K), 0.0452758 secs] [Times: user=0.21 sys=0.00, real=0.04 secs] 
5150.946: [GC (Allocation Failure) [PSYoungGen: 420053K->104108K(465920K)] 944966K->699565K(1864192K), 0.0448398 secs] [Times: user=0.23 sys=0.00, real=0.05 secs] 
5152.901: [GC (Allocation Failure) [PSYoungGen: 337068K->164403K(465920K)] 932525K->793017K(1864192K), 0.1055058 secs] [Times: user=0.54 sys=0.00, real=0.10 secs] 
5153.261: [GC (Allocation Failure) [PSYoungGen: 397363K->182453K(465920K)] 1025977K->862575K(1864192K), 0.0462368 secs] [Times: user=0.21 sys=0.01, real=0.04 secs] 
5153.417: [GC (Allocation Failure) [PSYoungGen: 415413K->185879K(465920K)] 1095535K->929833K(1864192K), 0.0521862 secs] [Times: user=0.24 sys=0.01, real=0.06 secs] 
5153.575: [GC (Allocation Failure) [PSYoungGen: 418839K->185973K(465920K)] 1162793K->989031K(1864192K), 0.0544970 secs] [Times: user=0.27 sys=0.00, real=0.06 secs] 
5155.653: [GC (Allocation Failure) [PSYoungGen: 418933K->84474K(465920K)] 1221991K->957624K(1864192K), 0.1238214 secs] [Times: user=0.69 sys=0.00, real=0.12 secs] 
5156.565: [GC (Allocation Failure) [PSYoungGen: 317434K->182582K(465920K)] 1190584K->1082357K(1864192K), 0.0504709 secs] [Times: user=0.23 sys=0.00, real=0.05 secs] 
5156.747: [GC (Allocation Failure) [PSYoungGen: 415542K->185558K(465920K)] 1315317K->1142033K(1864192K), 0.0449158 secs] [Times: user=0.21 sys=0.00, real=0.05 secs] 
5156.916: [GC (Allocation Failure) [PSYoungGen: 418518K->184436K(465920K)] 1374993K->1197168K(1864192K), 0.0556951 secs] [Times: user=0.28 sys=0.00, real=0.06 secs] 
5157.925: [GC (Allocation Failure) [PSYoungGen: 417396K->105020K(465920K)] 1430128K->1187160K(1864192K), 0.0461900 secs] [Times: user=0.24 sys=0.00, real=0.05 secs] 
5158.727: [GC (Allocation Failure) [PSYoungGen: 337980K->167220K(465920K)] 1420120K->1283304K(1864192K), 0.1154544 secs] [Times: user=0.59 sys=0.01, real=0.12 secs] 
5159.035: [GC (Allocation Failure) [PSYoungGen: 400180K->184886K(465920K)] 1516264K->1353750K(1864192K), 0.0427163 secs] [Times: user=0.20 sys=0.00, real=0.04 secs] 
5159.208: [GC (Allocation Failure) [PSYoungGen: 417846K->186007K(465920K)] 1586710K->1419279K(1864192K), 0.0556182 secs] [Times: user=0.27 sys=0.00, real=0.06 secs] 
5159.454: [GC (Allocation Failure) [PSYoungGen: 418967K->218421K(465920K)] 1652239K->1510741K(1864192K), 0.0564928 secs] [Times: user=0.27 sys=0.00, real=0.06 secs] 
5160.918: [GC (Allocation Failure) [PSYoungGen: 451381K->89386K(465920K)] 1743701K->1451290K(1864192K), 0.1118172 secs] [Times: user=0.61 sys=0.01, real=0.12 secs] 
5161.030: [Full GC (Ergonomics) [PSYoungGen: 89386K->0K(465920K)] [ParOldGen: 1361904K->105830K(1398272K)] 1451290K->105830K(1864192K), [Metaspace: 59623K->59623K(1105920K)], 0.1622510 secs] [Times: user=0.66 sys=0.00, real=0.16 secs] 
5162.235: [GC (Allocation Failure) [PSYoungGen: 232960K->176789K(465920K)] 338790K->282620K(1864192K), 0.0425247 secs] [Times: user=0.16 sys=0.00, real=0.04 secs] 
5162.438: [GC (Allocation Failure) [PSYoungGen: 409749K->185622K(465920K)] 515580K->346721K(1864192K), 0.0406024 secs] [Times: user=0.18 sys=0.00, real=0.05 secs] 
5162.584: [GC (Allocation Failure) [PSYoungGen: 418582K->187317K(465920K)] 579681K->404512K(1864192K), 0.0448172 secs] [Times: user=0.21 sys=0.00, real=0.05 secs] 
5163.656: [GC (Allocation Failure) [PSYoungGen: 420277K->105116K(465920K)] 637472K->393043K(1864192K), 0.0443028 secs] [Times: user=0.23 sys=0.00, real=0.05 secs] 
5164.949: [GC (Allocation Failure) [PSYoungGen: 338076K->166356K(465920K)] 626003K->487839K(1864192K), 0.1060755 secs] [Times: user=0.53 sys=0.00, real=0.10 secs] 
5165.248: [GC (Allocation Failure) [PSYoungGen: 399316K->182549K(465920K)] 720799K->556237K(1864192K), 0.0418208 secs] [Times: user=0.18 sys=0.00, real=0.05 secs] 
5165.422: [GC (Allocation Failure) [PSYoungGen: 415509K->185687K(465920K)] 789197K->623063K(1864192K), 0.0574099 secs] [Times: user=0.27 sys=0.00, real=0.06 secs] 
5165.609: [GC (Allocation Failure) [PSYoungGen: 418647K->219797K(465920K)] 856023K->716045K(1864192K), 0.0542848 secs] [Times: user=0.26 sys=0.00, real=0.05 secs] 
5166.766: [GC (Allocation Failure) [PSYoungGen: 452757K->93227K(465920K)] 949005K->659923K(1864192K), 0.0630282 secs] [Times: user=0.33 sys=0.00, real=0.07 secs] 
5167.317: [GC (Allocation Failure) [PSYoungGen: 326187K->180277K(465920K)] 892883K->776226K(1864192K), 0.0492729 secs] [Times: user=0.22 sys=0.00, real=0.05 secs] 
5167.495: [GC (Allocation Failure) [PSYoungGen: 413237K->185270K(465920K)] 1009186K->837910K(1864192K), 0.0430171 secs] [Times: user=0.20 sys=0.00, real=0.05 secs] 
5167.643: [GC (Allocation Failure) [PSYoungGen: 418230K->186965K(465920K)] 1070870K->895582K(1864192K), 0.0451658 secs] [Times: user=0.21 sys=0.00, real=0.05 secs] 
5168.681: [GC (Allocation Failure) [PSYoungGen: 419925K->100332K(465920K)] 1128542K->879357K(1864192K), 0.0496940 secs] [Times: user=0.26 sys=0.00, real=0.05 secs] 
5169.775: [GC (GCLocker Initiated GC) [PSYoungGen: 333292K->170260K(465920K)] 1112317K->981330K(1864192K), 0.0846237 secs] [Times: user=0.42 sys=0.00, real=0.09 secs] 
5170.017: [GC (Allocation Failure) [PSYoungGen: 403220K->182965K(465920K)] 1214293K->1047438K(1864192K), 0.0426257 secs] [Times: user=0.19 sys=0.00, real=0.05 secs] 
5170.171: [GC (Allocation Failure) [PSYoungGen: 415925K->186007K(465920K)] 1280398K->1114383K(1864192K), 0.0503991 secs] [Times: user=0.23 sys=0.01, real=0.05 secs] 
5170.509: [GC (Allocation Failure) [PSYoungGen: 418967K->218100K(465920K)] 1347343K->1205645K(1864192K), 0.0549875 secs] [Times: user=0.27 sys=0.00, real=0.05 secs] 
5172.429: [GC (Allocation Failure) [PSYoungGen: 451060K->92458K(465920K)] 1438605K->1148595K(1864192K), 0.1151753 secs] [Times: user=0.63 sys=0.01, real=0.11 secs] 
5173.492: [GC (Allocation Failure) [PSYoungGen: 325418K->180213K(465920K)] 1381555K->1265775K(1864192K), 0.0528684 secs] [Times: user=0.24 sys=0.00, real=0.05 secs] 
5173.689: [GC (Allocation Failure) [PSYoungGen: 413173K->185014K(465920K)] 1498735K->1326739K(1864192K), 0.0440555 secs] [Times: user=0.20 sys=0.00, real=0.04 secs] 
5173.860: [GC (Allocation Failure) [PSYoungGen: 417974K->186997K(465920K)] 1559699K->1384819K(1864192K), 0.0619573 secs] [Times: user=0.29 sys=0.00, real=0.06 secs] 
5174.909: [GC (Allocation Failure) [PSYoungGen: 419957K->103292K(465920K)] 1617779K->1371650K(1864192K), 0.0455031 secs] [Times: user=0.24 sys=0.00, real=0.04 secs] 
5175.897: [GC (Allocation Failure) [PSYoungGen: 336215K->169012K(465920K)] 1604573K->1470766K(1864192K), 0.1083115 secs] [Times: user=0.55 sys=0.01, real=0.11 secs] 
5176.182: [GC (Allocation Failure) [PSYoungGen: 401972K->178677K(465920K)] 1703726K->1533167K(1864192K), 0.0474717 secs] [Times: user=0.20 sys=0.02, real=0.05 secs] 
5176.229: [Full GC (Ergonomics) [PSYoungGen: 178677K->0K(465920K)] [ParOldGen: 1354489K->252039K(1398272K)] 1533167K->252039K(1864192K), [Metaspace: 59623K->59623K(1105920K)], 0.3108890 secs] [Times: user=1.42 sys=0.00, real=0.31 secs] 
5176.651: [GC (Allocation Failure) [PSYoungGen: 232960K->185943K(465920K)] 484999K->437982K(1864192K), 0.0890876 secs] [Times: user=0.47 sys=0.00, real=0.09 secs] 
5176.967: [GC (Allocation Failure) [PSYoungGen: 417647K->218101K(465920K)] 669686K->529156K(1864192K), 0.0544977 secs] [Times: user=0.27 sys=0.00, real=0.06 secs] 
5178.104: [GC (Allocation Failure) [PSYoungGen: 451061K->100683K(465920K)] 762116K->481339K(1864192K), 0.0678037 secs] [Times: user=0.35 sys=0.01, real=0.07 secs] 
5178.655: [GC (Allocation Failure) [PSYoungGen: 333643K->180629K(465920K)] 714299K->592546K(1864192K), 0.0503824 secs] [Times: user=0.22 sys=0.00, real=0.05 secs] 
5178.897: [GC (Allocation Failure) [PSYoungGen: 413589K->185078K(465920K)] 825506K->653450K(1864192K), 0.0606458 secs] [Times: user=0.29 sys=0.00, real=0.06 secs] 
5179.129: [GC (Allocation Failure) [PSYoungGen: 418038K->186837K(465920K)] 886410K->711249K(1864192K), 0.0643580 secs] [Times: user=0.32 sys=0.00, real=0.06 secs] 
5180.196: [GC (GCLocker Initiated GC) [PSYoungGen: 419797K->99036K(465920K)] 944211K->694090K(1864192K), 0.0441198 secs] [Times: user=0.23 sys=0.00, real=0.05 secs] 
5181.973: [GC (Allocation Failure) [PSYoungGen: 331996K->166260K(465920K)] 927053K->792994K(1864192K), 0.0990547 secs] [Times: user=0.50 sys=0.00, real=0.10 secs] 
5182.279: [GC (Allocation Failure) [PSYoungGen: 399220K->180917K(465920K)] 1025954K->859763K(1864192K), 0.0449389 secs] [Times: user=0.20 sys=0.00, real=0.04 secs] 
5182.467: [GC (GCLocker Initiated GC) [PSYoungGen: 413877K->185367K(465920K)] 1092724K->927765K(1864192K), 0.0744302 secs] [Times: user=0.37 sys=0.00, real=0.08 secs] 
5183.064: [GC (Allocation Failure) [PSYoungGen: 418327K->200020K(465920K)] 1166873K->1007366K(1864192K), 0.0542187 secs] [Times: user=0.26 sys=0.00, real=0.05 secs] 
5184.148: [GC (Allocation Failure) [PSYoungGen: 432980K->98827K(465920K)] 1240326K->975621K(1864192K), 0.1106671 secs] [Times: user=0.62 sys=0.00, real=0.12 secs] 
5185.229: [GC (Allocation Failure) [PSYoungGen: 331787K->174389K(465920K)] 1208581K->1082976K(1864192K), 0.0545997 secs] [Times: user=0.24 sys=0.00, real=0.05 secs] 
5185.424: [GC (Allocation Failure) [PSYoungGen: 407349K->185430K(465920K)] 1315936K->1148697K(1864192K), 0.0433553 secs] [Times: user=0.20 sys=0.00, real=0.04 secs] 
5185.610: [GC (Allocation Failure) [PSYoungGen: 418390K->187285K(465920K)] 1381657K->1206792K(1864192K), 0.0681363 secs] [Times: user=0.33 sys=0.00, real=0.06 secs] 
5186.699: [GC (Allocation Failure) [PSYoungGen: 420245K->105404K(465920K)] 1439752K->1195487K(1864192K), 0.0465479 secs] [Times: user=0.24 sys=0.00, real=0.04 secs] 
5188.223: [GC (Allocation Failure) [PSYoungGen: 338364K->162323K(465920K)] 1428447K->1285971K(1864192K), 0.1091981 secs] [Times: user=0.56 sys=0.00, real=0.11 secs] 
5188.520: [GC (Allocation Failure) [PSYoungGen: 395283K->185142K(465920K)] 1518931K->1360217K(1864192K), 0.0427671 secs] [Times: user=0.19 sys=0.00, real=0.04 secs] 
5188.732: [GC (Allocation Failure) [PSYoungGen: 418102K->186071K(465920K)] 1593177K->1425419K(1864192K), 0.0811441 secs] [Times: user=0.40 sys=0.00, real=0.08 secs] 
5189.282: [GC (Allocation Failure) [PSYoungGen: 415953K->215380K(465920K)] 1655301K->1513960K(1864192K), 0.0548739 secs] [Times: user=0.27 sys=0.00, real=0.05 secs] 
5190.292: [GC (Allocation Failure) [PSYoungGen: 448329K->98107K(465920K)] 1746909K->1464927K(1864192K), 0.0851311 secs] [Times: user=0.46 sys=0.00, real=0.08 secs] 
5190.377: [Full GC (Ergonomics) [PSYoungGen: 98107K->0K(465920K)] [ParOldGen: 1366819K->114614K(1398272K)] 1464927K->114614K(1864192K), [Metaspace: 59623K->59623K(1105920K)], 0.1608964 secs] [Times: user=0.69 sys=0.00, real=0.16 secs] 
5191.468: [GC (Allocation Failure) [PSYoungGen: 232960K->177365K(465920K)] 347574K->291979K(1864192K), 0.0359780 secs] [Times: user=0.14 sys=0.00, real=0.04 secs] 
5191.694: [GC (Allocation Failure) [PSYoungGen: 410325K->184854K(465920K)] 524939K->355360K(1864192K), 0.0602848 secs] [Times: user=0.29 sys=0.00, real=0.06 secs] 
5191.879: [GC (Allocation Failure) [PSYoungGen: 417814K->187477K(465920K)] 588320K->414127K(1864192K), 0.0468509 secs] [Times: user=0.20 sys=0.00, real=0.04 secs] 
5192.858: [GC (GCLocker Initiated GC) [PSYoungGen: 420437K->105116K(465920K)] 647087K->402383K(1864192K), 0.0443237 secs] [Times: user=0.23 sys=0.00, real=0.04 secs] 
5193.559: [GC (Allocation Failure) [PSYoungGen: 338076K->170068K(465920K)] 635346K->500926K(1864192K), 0.0767866 secs] [Times: user=0.37 sys=0.00, real=0.07 secs] 
5193.788: [GC (Allocation Failure) [PSYoungGen: 403028K->185334K(465920K)] 733886K->569856K(1864192K), 0.0421966 secs] [Times: user=0.19 sys=0.00, real=0.04 secs] 
5193.941: [GC (Allocation Failure) [PSYoungGen: 418294K->185367K(465920K)] 802816K->634277K(1864192K), 0.0497189 secs] [Times: user=0.23 sys=0.00, real=0.05 secs] 
5194.424: [GC (Allocation Failure) [PSYoungGen: 415791K->208403K(465920K)] 864702K->716145K(1864192K), 0.0532331 secs] [Times: user=0.26 sys=0.00, real=0.05 secs] 
5195.413: [GC (Allocation Failure) [PSYoungGen: 441363K->98203K(465920K)] 949105K->671969K(1864192K), 0.0970825 secs] [Times: user=0.52 sys=0.00, real=0.10 secs] 
5196.750: [GC (Allocation Failure) [PSYoungGen: 331163K->174421K(465920K)] 904929K->779596K(1864192K), 0.0534136 secs] [Times: user=0.24 sys=0.00, real=0.05 secs] 
5197.008: [GC (Allocation Failure) [PSYoungGen: 407381K->185270K(465920K)] 1012556K->845157K(1864192K), 0.0581437 secs] [Times: user=0.27 sys=0.00, real=0.06 secs] 
5197.183: [GC (Allocation Failure) [PSYoungGen: 418230K->187029K(465920K)] 1078117K->903044K(1864192K), 0.0454891 secs] [Times: user=0.21 sys=0.01, real=0.05 secs] 
5198.180: [GC (Allocation Failure) [PSYoungGen: 419989K->102668K(465920K)] 1136004K->889147K(1864192K), 0.0452941 secs] [Times: user=0.24 sys=0.01, real=0.04 secs] 
5199.390: [GC (Allocation Failure) [PSYoungGen: 335628K->168692K(465920K)] 1122107K->987968K(1864192K), 0.0771787 secs] [Times: user=0.38 sys=0.00, real=0.07 secs] 
5199.689: [GC (Allocation Failure) [PSYoungGen: 401652K->184758K(465920K)] 1220928K->1057106K(1864192K), 0.0542162 secs] [Times: user=0.26 sys=0.00, real=0.05 secs] 
5199.859: [GC (Allocation Failure) [PSYoungGen: 417718K->182998K(465920K)] 1290066K->1119570K(1864192K), 0.0500236 secs] [Times: user=0.23 sys=0.00, real=0.05 secs] 
5200.303: [GC (Allocation Failure) [PSYoungGen: 415087K->217204K(465920K)] 1351659K->1212161K(1864192K), 0.0549841 secs] [Times: user=0.27 sys=0.00, real=0.05 secs] 
5201.431: [GC (Allocation Failure) [PSYoungGen: 450164K->94507K(465920K)] 1445121K->1158479K(1864192K), 0.0935282 secs] [Times: user=0.51 sys=0.00, real=0.09 secs] 
5201.977: [GC (Allocation Failure) [PSYoungGen: 327467K->183542K(465920K)] 1391439K->1277479K(1864192K), 0.0465451 secs] [Times: user=0.20 sys=0.00, real=0.05 secs] 
5202.139: [GC (Allocation Failure) [PSYoungGen: 416502K->185494K(465920K)] 1510439K->1336435K(1864192K), 0.0463669 secs] [Times: user=0.20 sys=0.00, real=0.04 secs] 
5202.291: [GC (Allocation Failure) [PSYoungGen: 418454K->183892K(465920K)] 1569395K->1391250K(1864192K), 0.0466423 secs] [Times: user=0.21 sys=0.00, real=0.04 secs] 
5203.317: [GC (Allocation Failure) [PSYoungGen: 416852K->100156K(465920K)] 1624210K->1376885K(1864192K), 0.0450020 secs] [Times: user=0.23 sys=0.00, real=0.05 secs] 
5204.376: [GC (Allocation Failure) [PSYoungGen: 333116K->171796K(465920K)] 1609845K->1481142K(1864192K), 0.0829961 secs] [Times: user=0.41 sys=0.00, real=0.09 secs] 
5204.661: [GC (GCLocker Initiated GC) [PSYoungGen: 404756K->183445K(465920K)] 1714102K->1546419K(1864192K), 0.0471739 secs] [Times: user=0.22 sys=0.01, real=0.04 secs] 
5204.708: [Full GC (Ergonomics) [PSYoungGen: 183445K->0K(465920K)] [ParOldGen: 1362973K->257641K(1398272K)] 1546419K->257641K(1864192K), [Metaspace: 59623K->59623K(1105920K)], 0.3244289 secs] [Times: user=1.49 sys=0.00, real=0.33 secs] 
5205.140: [GC (Allocation Failure) [PSYoungGen: 232960K->184791K(465920K)] 490639K->442470K(1864192K), 0.0879076 secs] [Times: user=0.46 sys=0.00, real=0.08 secs] 
5205.641: [GC (Allocation Failure) [PSYoungGen: 417751K->199252K(465920K)] 675430K->515748K(1864192K), 0.0511863 secs] [Times: user=0.25 sys=0.00, real=0.05 secs] 
5207.259: [GC (Allocation Failure) [PSYoungGen: 432212K->99035K(465920K)] 748708K->483387K(1864192K), 0.1097557 secs] [Times: user=0.59 sys=0.00, real=0.11 secs] 
5208.389: [GC (Allocation Failure) [PSYoungGen: 331995K->177013K(465920K)] 716347K->592242K(1864192K), 0.0527870 secs] [Times: user=0.23 sys=0.01, real=0.05 secs] 
5208.581: [GC (Allocation Failure) [PSYoungGen: 409973K->184982K(465920K)] 825202K->655378K(1864192K), 0.0429495 secs] [Times: user=0.19 sys=0.01, real=0.04 secs] 
5208.729: [GC (Allocation Failure) [PSYoungGen: 417942K->187413K(465920K)] 888338K->713866K(1864192K), 0.0454025 secs] [Times: user=0.21 sys=0.00, real=0.04 secs] 
5209.721: [GC (GCLocker Initiated GC) [PSYoungGen: 420373K->99468K(465920K)] 946826K->696489K(1864192K), 0.0443001 secs] [Times: user=0.23 sys=0.00, real=0.04 secs] 
5210.576: [GC (Allocation Failure) [PSYoungGen: 332428K->171796K(465920K)] 929615K->801084K(1864192K), 0.0620680 secs] [Times: user=0.30 sys=0.00, real=0.07 secs] 
5210.778: [GC (Allocation Failure) [PSYoungGen: 404756K->190325K(465920K)] 1034044K->873321K(1864192K), 0.0425942 secs] [Times: user=0.20 sys=0.00, real=0.05 secs] 
5210.931: [GC (Allocation Failure) [PSYoungGen: 423285K->186039K(465920K)] 1106281K->932619K(1864192K), 0.0495749 secs] [Times: user=0.23 sys=0.00, real=0.05 secs] 
5211.448: [GC (Allocation Failure) [PSYoungGen: 417918K->214068K(465920K)] 1164498K->1019488K(1864192K), 0.0546479 secs] [Times: user=0.27 sys=0.00, real=0.06 secs] 
5212.624: [GC (Allocation Failure) [PSYoungGen: 447028K->96427K(465920K)] 1252448K->969823K(1864192K), 0.0740615 secs] [Times: user=0.40 sys=0.00, real=0.07 secs] 
5213.199: [GC (Allocation Failure) [PSYoungGen: 329387K->180469K(465920K)] 1202783K->1084454K(1864192K), 0.0493160 secs] [Times: user=0.22 sys=0.00, real=0.04 secs] 
5213.376: [GC (Allocation Failure) [PSYoungGen: 413429K->185142K(465920K)] 1317414K->1145451K(1864192K), 0.0452989 secs] [Times: user=0.20 sys=0.00, real=0.05 secs] 
5213.526: [GC (Allocation Failure) [PSYoungGen: 418102K->186965K(465920K)] 1378411K->1203426K(1864192K), 0.0472555 secs] [Times: user=0.22 sys=0.00, real=0.05 secs] 
5214.525: [GC (Allocation Failure) [PSYoungGen: 419925K->100796K(465920K)] 1436386K->1187793K(1864192K), 0.0454580 secs] [Times: user=0.23 sys=0.00, real=0.05 secs] 
5216.452: [GC (Allocation Failure) [PSYoungGen: 333756K->167316K(465920K)] 1420753K->1286469K(1864192K), 0.0957435 secs] [Times: user=0.48 sys=0.00, real=0.09 secs] 
5216.734: [GC (Allocation Failure) [PSYoungGen: 400276K->185334K(465920K)] 1519429K->1356824K(1864192K), 0.0423328 secs] [Times: user=0.19 sys=0.00, real=0.04 secs] 
5216.901: [GC (Allocation Failure) [PSYoungGen: 418294K->183670K(465920K)] 1589784K->1427616K(1864192K), 0.0547927 secs] [Times: user=0.27 sys=0.00, real=0.05 secs] 
5217.376: [GC (Allocation Failure) [PSYoungGen: 412966K->214356K(465920K)] 1656912K->1516974K(1864192K), 0.0541460 secs] [Times: user=0.26 sys=0.00, real=0.06 secs] 
5218.675: [GC (Allocation Failure) [PSYoungGen: 447316K->94555K(465920K)] 1749934K->1465169K(1864192K), 0.1128741 secs] [Times: user=0.62 sys=0.00, real=0.11 secs] 
5218.788: [Full GC (Ergonomics) [PSYoungGen: 94555K->0K(465920K)] [ParOldGen: 1370613K->111093K(1398272K)] 1465169K->111093K(1864192K), [Metaspace: 59623K->59623K(1105920K)], 0.1711797 secs] [Times: user=0.75 sys=0.00, real=0.18 secs] 
5219.563: [GC (Allocation Failure) [PSYoungGen: 232960K->182742K(465920K)] 344053K->293835K(1864192K), 0.0349597 secs] [Times: user=0.13 sys=0.00, real=0.04 secs] 
5219.768: [GC (Allocation Failure) [PSYoungGen: 415702K->185366K(465920K)] 526795K->353419K(1864192K), 0.0594162 secs] [Times: user=0.28 sys=0.00, real=0.06 secs] 
5219.940: [GC (Allocation Failure) [PSYoungGen: 418326K->183124K(465920K)] 586379K->407266K(1864192K), 0.0446994 secs] [Times: user=0.21 sys=0.00, real=0.04 secs] 
5220.908: [GC (Allocation Failure) [PSYoungGen: 416084K->102828K(465920K)] 640226K->396458K(1864192K), 0.0436518 secs] [Times: user=0.22 sys=0.00, real=0.04 secs] 
5222.553: [GC (Allocation Failure) [PSYoungGen: 335788K->166996K(465920K)] 629418K->493286K(1864192K), 0.0845985 secs] [Times: user=0.40 sys=0.00, real=0.08 secs] 
5222.807: [GC (Allocation Failure) [PSYoungGen: 399956K->182677K(465920K)] 726246K->561388K(1864192K), 0.0432474 secs] [Times: user=0.20 sys=0.00, real=0.05 secs] 
5222.987: [GC (Allocation Failure) [PSYoungGen: 415637K->185847K(465920K)] 794348K->628453K(1864192K), 0.0729334 secs] [Times: user=0.36 sys=0.00, real=0.08 secs] 
5223.428: [GC (Allocation Failure) [PSYoungGen: 418807K->218804K(465920K)] 861413K->720323K(1864192K), 0.0544042 secs] [Times: user=0.27 sys=0.00, real=0.06 secs] 
5224.756: [GC (Allocation Failure) [PSYoungGen: 451764K->95979K(465920K)] 953283K->666226K(1864192K), 0.1044953 secs] [Times: user=0.57 sys=0.01, real=0.11 secs] 
5225.511: [GC (Allocation Failure) [PSYoungGen: 328939K->179605K(465920K)] 899186K->779721K(1864192K), 0.0484259 secs] [Times: user=0.21 sys=0.00, real=0.05 secs] 
5225.684: [GC (Allocation Failure) [PSYoungGen: 412565K->185078K(465920K)] 1012681K->841649K(1864192K), 0.0436668 secs] [Times: user=0.20 sys=0.00, real=0.04 secs] 
5225.855: [GC (Allocation Failure) [PSYoungGen: 418038K->187381K(465920K)] 1074609K->900161K(1864192K), 0.0633468 secs] [Times: user=0.30 sys=0.00, real=0.06 secs] 
5226.866: [GC (Allocation Failure) [PSYoungGen: 420341K->100012K(465920K)] 1133121K->883415K(1864192K), 0.0447190 secs] [Times: user=0.23 sys=0.00, real=0.05 secs] 
5227.787: [GC (Allocation Failure) [PSYoungGen: 332972K->171636K(465920K)] 1116375K->986793K(1864192K), 0.0864040 secs] [Times: user=0.42 sys=0.00, real=0.09 secs] 
5228.064: [GC (Allocation Failure) [PSYoungGen: 404596K->185078K(465920K)] 1219753K->1053934K(1864192K), 0.0493017 secs] [Times: user=0.23 sys=0.00, real=0.05 secs] 
5228.242: [GC (Allocation Failure) [PSYoungGen: 418038K->183062K(465920K)] 1286894K->1116207K(1864192K), 0.0550818 secs] [Times: user=0.25 sys=0.01, real=0.05 secs] 
5228.746: [GC (Allocation Failure) [PSYoungGen: 416022K->219060K(465920K)] 1349167K->1210068K(1864192K), 0.0532178 secs] [Times: user=0.26 sys=0.00, real=0.06 secs] 
5230.177: [GC (Allocation Failure) [PSYoungGen: 452020K->98043K(465920K)] 1443028K->1156684K(1864192K), 0.1109897 secs] [Times: user=0.61 sys=0.00, real=0.11 secs] 
5231.071: [GC (Allocation Failure) [PSYoungGen: 331003K->182646K(465920K)] 1389644K->1272035K(1864192K), 0.0552172 secs] [Times: user=0.25 sys=0.00, real=0.05 secs] 
5231.269: [GC (Allocation Failure) [PSYoungGen: 415606K->182677K(465920K)] 1504995K->1328971K(1864192K), 0.0485172 secs] [Times: user=0.22 sys=0.00, real=0.04 secs] 
5231.423: [GC (Allocation Failure) [PSYoungGen: 415637K->187253K(465920K)] 1561931K->1389154K(1864192K), 0.0511261 secs] [Times: user=0.24 sys=0.00, real=0.05 secs] 
5232.493: [GC (Allocation Failure) [PSYoungGen: 420213K->99932K(465920K)] 1622114K->1372289K(1864192K), 0.0490630 secs] [Times: user=0.25 sys=0.00, real=0.05 secs] 
5233.775: [GC (Allocation Failure) [PSYoungGen: 332892K->171892K(465920K)] 1605249K->1476499K(1864192K), 0.0840141 secs] [Times: user=0.40 sys=0.00, real=0.09 secs] 
5234.026: [GC (Allocation Failure) [PSYoungGen: 404852K->182357K(465920K)] 1709459K->1540744K(1864192K), 0.0435022 secs] [Times: user=0.20 sys=0.01, real=0.05 secs] 
5234.070: [Full GC (Ergonomics) [PSYoungGen: 182357K->0K(465920K)] [ParOldGen: 1358386K->257725K(1398272K)] 1540744K->257725K(1864192K), [Metaspace: 59623K->59623K(1105920K)], 0.3199564 secs] [Times: user=1.46 sys=0.00, real=0.32 secs] 
5234.511: [GC (Allocation Failure) [PSYoungGen: 232960K->185943K(465920K)] 490685K->443668K(1864192K), 0.0886787 secs] [Times: user=0.47 sys=0.00, real=0.09 secs] 
5234.987: [GC (Allocation Failure) [PSYoungGen: 415603K->210035K(465920K)] 673329K->526785K(1864192K), 0.0533947 secs] [Times: user=0.26 sys=0.00, real=0.06 secs] 
5236.216: [GC (Allocation Failure) [PSYoungGen: 442995K->96251K(465920K)] 759745K->479593K(1864192K), 0.0881136 secs] [Times: user=0.47 sys=0.00, real=0.09 secs] 
5237.292: [GC (Allocation Failure) [PSYoungGen: 329211K->177685K(465920K)] 712553K->591752K(1864192K), 0.0556623 secs] [Times: user=0.25 sys=0.00, real=0.05 secs] 
5237.503: [GC (Allocation Failure) [PSYoungGen: 410645K->185238K(465920K)] 824712K->654836K(1864192K), 0.0433363 secs] [Times: user=0.19 sys=0.00, real=0.04 secs] 
5237.651: [GC (Allocation Failure) [PSYoungGen: 418198K->187509K(465920K)] 887796K->713176K(1864192K), 0.0455420 secs] [Times: user=0.21 sys=0.00, real=0.04 secs] 
5238.643: [GC (Allocation Failure) [PSYoungGen: 420469K->102844K(465920K)] 946136K->699303K(1864192K), 0.0453951 secs] [Times: user=0.23 sys=0.00, real=0.04 secs] 
5239.075: [GC (Allocation Failure) [PSYoungGen: 335804K->173045K(465920K)] 932263K->803463K(1864192K), 0.0472940 secs] [Times: user=0.22 sys=0.00, real=0.05 secs] 
5239.229: [GC (Allocation Failure) [PSYoungGen: 406005K->185238K(465920K)] 1036423K->869849K(1864192K), 0.0443544 secs] [Times: user=0.21 sys=0.00, real=0.04 secs] 
5239.379: [GC (GCLocker Initiated GC) [PSYoungGen: 418198K->181878K(465920K)] 1102810K->930754K(1864192K), 0.0512362 secs] [Times: user=0.24 sys=0.00, real=0.05 secs] 
5239.912: [GC (Allocation Failure) [PSYoungGen: 414838K->217204K(465920K)] 1163719K->1023820K(1864192K), 0.0520864 secs] [Times: user=0.25 sys=0.01, real=0.05 secs] 
5241.461: [GC (Allocation Failure) [PSYoungGen: 450164K->99899K(465920K)] 1256780K->973436K(1864192K), 0.1109754 secs] [Times: user=0.60 sys=0.00, real=0.11 secs] 
5242.117: [GC (Allocation Failure) [PSYoungGen: 332859K->182774K(465920K)] 1206396K->1087787K(1864192K), 0.0491049 secs] [Times: user=0.22 sys=0.00, real=0.05 secs] 
5242.285: [GC (Allocation Failure) [PSYoungGen: 415734K->185462K(465920K)] 1320747K->1147599K(1864192K), 0.0462185 secs] [Times: user=0.21 sys=0.00, real=0.05 secs] 
5242.433: [GC (Allocation Failure) [PSYoungGen: 418422K->184500K(465920K)] 1380559K->1202550K(1864192K), 0.0475718 secs] [Times: user=0.22 sys=0.00, real=0.05 secs] 
5243.451: [GC (Allocation Failure) [PSYoungGen: 417460K->101756K(465920K)] 1435510K->1189398K(1864192K), 0.0466179 secs] [Times: user=0.24 sys=0.00, real=0.04 secs] 
5244.711: [GC (Allocation Failure) [PSYoungGen: 334716K->169620K(465920K)] 1422358K->1289675K(1864192K), 0.0747211 secs] [Times: user=0.37 sys=0.00, real=0.07 secs] 
5244.984: [GC (Allocation Failure) [PSYoungGen: 402580K->185622K(465920K)] 1522635K->1358864K(1864192K), 0.0571443 secs] [Times: user=0.27 sys=0.00, real=0.06 secs] 
5245.151: [GC (Allocation Failure) [PSYoungGen: 418582K->185879K(465920K)] 1591824K->1423625K(1864192K), 0.0516237 secs] [Times: user=0.24 sys=0.00, real=0.05 secs] 
5245.995: [GC (Allocation Failure) [PSYoungGen: 415113K->207571K(465920K)] 1652860K->1504181K(1864192K), 0.0573717 secs] [Times: user=0.29 sys=0.00, real=0.06 secs] 
5247.370: [GC (Allocation Failure) [PSYoungGen: 440531K->98555K(465920K)] 1737141K->1460470K(1864192K), 0.1180475 secs] [Times: user=0.65 sys=0.00, real=0.11 secs] 
5247.488: [Full GC (Ergonomics) [PSYoungGen: 98555K->0K(465920K)] [ParOldGen: 1361914K->115062K(1398272K)] 1460470K->115062K(1864192K), [Metaspace: 59623K->59623K(1105920K)], 0.1832722 secs] [Times: user=0.81 sys=0.00, real=0.19 secs] 
5248.737: [GC (Allocation Failure) [PSYoungGen: 232960K->180630K(465920K)] 348022K->295692K(1864192K), 0.0373783 secs] [Times: user=0.14 sys=0.00, real=0.04 secs] 
5248.914: [GC (Allocation Failure) [PSYoungGen: 413590K->179861K(465920K)] 528652K->350812K(1864192K), 0.0409382 secs] [Times: user=0.19 sys=0.00, real=0.04 secs] 
5249.061: [GC (Allocation Failure) [PSYoungGen: 412821K->187573K(465920K)] 583772K->413444K(1864192K), 0.0445683 secs] [Times: user=0.21 sys=0.00, real=0.04 secs] 
5250.101: [GC (Allocation Failure) [PSYoungGen: 420533K->105132K(465920K)] 646404K->401715K(1864192K), 0.0502459 secs] [Times: user=0.26 sys=0.00, real=0.05 secs] 
5251.382: [GC (Allocation Failure) [PSYoungGen: 338092K->169588K(465920K)] 634675K->499872K(1864192K), 0.0874568 secs] [Times: user=0.43 sys=0.00, real=0.09 secs] 
5251.653: [GC (Allocation Failure) [PSYoungGen: 402548K->179669K(465920K)] 732832K->562933K(1864192K), 0.0413535 secs] [Times: user=0.18 sys=0.00, real=0.04 secs] 
5251.805: [GC (Allocation Failure) [PSYoungGen: 412629K->185495K(465920K)] 795893K->631750K(1864192K), 0.0487669 secs] [Times: user=0.22 sys=0.00, real=0.05 secs] 
5252.229: [GC (Allocation Failure) [PSYoungGen: 418455K->216788K(465920K)] 864710K->722028K(1864192K), 0.0536597 secs] [Times: user=0.26 sys=0.00, real=0.05 secs] 
5253.444: [GC (Allocation Failure) [PSYoungGen: 449748K->95931K(465920K)] 954988K->669535K(1864192K), 0.0980917 secs] [Times: user=0.46 sys=0.01, real=0.10 secs] 
5254.513: [GC (Allocation Failure) [PSYoungGen: 328891K->178805K(465920K)] 902495K->782438K(1864192K), 0.0562022 secs] [Times: user=0.26 sys=0.00, real=0.06 secs] 
5254.763: [GC (Allocation Failure) [PSYoungGen: 411765K->182293K(465920K)] 1015398K->841758K(1864192K), 0.0591885 secs] [Times: user=0.29 sys=0.00, real=0.06 secs] 
5254.939: [GC (Allocation Failure) [PSYoungGen: 415253K->187413K(465920K)] 1074718K->902054K(1864192K), 0.0454410 secs] [Times: user=0.21 sys=0.00, real=0.04 secs] 
5255.941: [GC (Allocation Failure) [PSYoungGen: 420373K->102844K(465920K)] 1135014K->888205K(1864192K), 0.0462740 secs] [Times: user=0.23 sys=0.00, real=0.04 secs] 
5256.857: [GC (Allocation Failure) [PSYoungGen: 335804K->169076K(465920K)] 1121165K->987426K(1864192K), 0.0747611 secs] [Times: user=0.37 sys=0.00, real=0.08 secs] 
5257.077: [GC (Allocation Failure) [PSYoungGen: 402036K->185142K(465920K)] 1220386K->1056287K(1864192K), 0.0447423 secs] [Times: user=0.20 sys=0.00, real=0.05 secs] 
5257.231: [GC (Allocation Failure) [PSYoungGen: 418102K->186007K(465920K)] 1289247K->1121520K(1864192K), 0.0516660 secs] [Times: user=0.24 sys=0.00, real=0.05 secs] 
5257.672: [GC (Allocation Failure) [PSYoungGen: 417169K->212564K(465920K)] 1352683K->1207165K(1864192K), 0.0549817 secs] [Times: user=0.28 sys=0.00, real=0.05 secs] 
5258.805: [GC (Allocation Failure) [PSYoungGen: 445524K->97275K(465920K)] 1440125K->1159381K(1864192K), 0.0446702 secs] [Times: user=0.23 sys=0.00, real=0.05 secs] 
5259.628: [GC (Allocation Failure) [PSYoungGen: 330235K->179253K(465920K)] 1392341K->1271988K(1864192K), 0.0480380 secs] [Times: user=0.22 sys=0.00, real=0.05 secs] 
5259.836: [GC (Allocation Failure) [PSYoungGen: 412213K->185334K(465920K)] 1504948K->1334000K(1864192K), 0.0551048 secs] [Times: user=0.27 sys=0.00, real=0.06 secs] 
5260.001: [GC (Allocation Failure) [PSYoungGen: 418294K->187605K(465920K)] 1566960K->1392376K(1864192K), 0.0480833 secs] [Times: user=0.22 sys=0.00, real=0.05 secs] 
5261.028: [GC (Allocation Failure) [PSYoungGen: 420565K->99884K(465920K)] 1625336K->1375398K(1864192K), 0.0464288 secs] [Times: user=0.24 sys=0.00, real=0.04 secs] 
5262.121: [GC (Allocation Failure) [PSYoungGen: 332844K->168500K(465920K)] 1608358K->1475835K(1864192K), 0.1099383 secs] [Times: user=0.56 sys=0.00, real=0.11 secs] 
5262.431: [GC (Allocation Failure) [PSYoungGen: 401460K->182517K(465920K)] 1708795K->1542609K(1864192K), 0.0512495 secs] [Times: user=0.24 sys=0.00, real=0.05 secs] 
5262.483: [Full GC (Ergonomics) [PSYoungGen: 182517K->0K(465920K)] [ParOldGen: 1360091K->256218K(1398272K)] 1542609K->256218K(1864192K), [Metaspace: 59623K->59623K(1105920K)], 0.3218076 secs] [Times: user=1.48 sys=0.00, real=0.32 secs] 
5262.914: [GC (Allocation Failure) [PSYoungGen: 232960K->186039K(465920K)] 489178K->442258K(1864192K), 0.0833594 secs] [Times: user=0.44 sys=0.00, real=0.08 secs] 
5263.377: [GC (Allocation Failure) [PSYoungGen: 417820K->214292K(465920K)] 674039K->529479K(1864192K), 0.0544714 secs] [Times: user=0.27 sys=0.00, real=0.06 secs] 
5264.263: [GC (Allocation Failure) [PSYoungGen: 447252K->99531K(465920K)] 762439K->482682K(1864192K), 0.0583463 secs] [Times: user=0.30 sys=0.01, real=0.06 secs] 
5265.769: [GC (Allocation Failure) [PSYoungGen: 332491K->176629K(465920K)] 715642K->591409K(1864192K), 0.0566539 secs] [Times: user=0.26 sys=0.00, real=0.05 secs] 
5266.049: [GC (Allocation Failure) [PSYoungGen: 409589K->184950K(465920K)] 824369K->654945K(1864192K), 0.0583927 secs] [Times: user=0.28 sys=0.01, real=0.05 secs] 
5266.219: [GC (Allocation Failure) [PSYoungGen: 417910K->187253K(465920K)] 887905K->713329K(1864192K), 0.0454198 secs] [Times: user=0.21 sys=0.00, real=0.04 secs] 
5267.216: [GC (Allocation Failure) [PSYoungGen: 420213K->100156K(465920K)] 946289K->696799K(1864192K), 0.0448845 secs] [Times: user=0.23 sys=0.00, real=0.05 secs] 
5268.868: [GC (Allocation Failure) [PSYoungGen: 333116K->165844K(465920K)] 929759K->794784K(1864192K), 0.1149971 secs] [Times: user=0.58 sys=0.00, real=0.12 secs] 
5269.186: [GC (Allocation Failure) [PSYoungGen: 398804K->184950K(465920K)] 1027744K->865866K(1864192K), 0.0442769 secs] [Times: user=0.20 sys=0.00, real=0.05 secs] 
5269.340: [GC (Allocation Failure) [PSYoungGen: 417910K->186071K(465920K)] 1098826K->931339K(1864192K), 0.0502571 secs] [Times: user=0.23 sys=0.00, real=0.05 secs] 
5269.707: [GC (Allocation Failure) [PSYoungGen: 419031K->199764K(465920K)] 1164299K->1004145K(1864192K), 0.0542035 secs] [Times: user=0.27 sys=0.00, real=0.06 secs] 
5270.727: [GC (Allocation Failure) [PSYoungGen: 432724K->99659K(465920K)] 1237105K->972632K(1864192K), 0.0703690 secs] [Times: user=0.37 sys=0.00, real=0.07 secs] 
5271.268: [GC (Allocation Failure) [PSYoungGen: 332619K->182550K(465920K)] 1205592K->1087495K(1864192K), 0.0470914 secs] [Times: user=0.21 sys=0.00, real=0.05 secs] 
5271.431: [GC (Allocation Failure) [PSYoungGen: 415510K->182485K(465920K)] 1320455K->1144223K(1864192K), 0.0438054 secs] [Times: user=0.20 sys=0.00, real=0.04 secs] 
5271.580: [GC (Allocation Failure) [PSYoungGen: 415445K->186933K(465920K)] 1377183K->1204110K(1864192K), 0.0456281 secs] [Times: user=0.21 sys=0.00, real=0.04 secs] 
5272.577: [GC (Allocation Failure) [PSYoungGen: 419893K->100508K(465920K)] 1437070K->1188245K(1864192K), 0.0448984 secs] [Times: user=0.23 sys=0.00, real=0.05 secs] 
5273.723: [GC (GCLocker Initiated GC) [PSYoungGen: 333468K->168852K(465920K)] 1421206K->1289203K(1864192K), 0.0766216 secs] [Times: user=0.37 sys=0.01, real=0.08 secs] 
5273.996: [GC (Allocation Failure) [PSYoungGen: 401812K->185206K(465920K)] 1522201K->1358431K(1864192K), 0.0473682 secs] [Times: user=0.22 sys=0.00, real=0.05 secs] 
5274.151: [GC (Allocation Failure) [PSYoungGen: 418166K->186071K(465920K)] 1591391K->1423568K(1864192K), 0.0511709 secs] [Times: user=0.24 sys=0.00, real=0.05 secs] 
5274.730: [GC (Allocation Failure) [PSYoungGen: 419031K->210515K(465920K)] 1656528K->1507045K(1864192K), 0.0537605 secs] [Times: user=0.26 sys=0.00, real=0.05 secs] 
5276.056: [GC (Allocation Failure) [PSYoungGen: 443475K->98779K(465920K)] 1740005K->1461421K(1864192K), 0.1124402 secs] [Times: user=0.61 sys=0.00, real=0.12 secs] 
5276.168: [Full GC (Ergonomics) [PSYoungGen: 98779K->0K(465920K)] [ParOldGen: 1362641K->114932K(1398272K)] 1461421K->114932K(1864192K), [Metaspace: 59623K->59623K(1105920K)], 0.1774599 secs] [Times: user=0.79 sys=0.00, real=0.17 secs] 
5277.251: [GC (Allocation Failure) [PSYoungGen: 232960K->180149K(465920K)] 347892K->295082K(1864192K), 0.0353474 secs] [Times: user=0.14 sys=0.00, real=0.03 secs] 
5277.425: [GC (Allocation Failure) [PSYoungGen: 413109K->185526K(465920K)] 528042K->356579K(1864192K), 0.0416118 secs] [Times: user=0.19 sys=0.00, real=0.04 secs] 
5277.602: [GC (Allocation Failure) [PSYoungGen: 418486K->187477K(465920K)] 589539K->414914K(1864192K), 0.0624447 secs] [Times: user=0.30 sys=0.00, real=0.06 secs] 
5278.612: [GC (Allocation Failure) [PSYoungGen: 420437K->98956K(465920K)] 647874K->397113K(1864192K), 0.0435650 secs] [Times: user=0.22 sys=0.00, real=0.04 secs] 
5279.921: [GC (Allocation Failure) [PSYoungGen: 331916K->166452K(465920K)] 630073K->496086K(1864192K), 0.1149898 secs] [Times: user=0.58 sys=0.00, real=0.11 secs] 
5280.232: [GC (Allocation Failure) [PSYoungGen: 399412K->184118K(465920K)] 729046K->566224K(1864192K), 0.0420228 secs] [Times: user=0.18 sys=0.01, real=0.04 secs] 
5280.417: [GC (Allocation Failure) [PSYoungGen: 417078K->185687K(465920K)] 799184K->631729K(1864192K), 0.0698502 secs] [Times: user=0.35 sys=0.00, real=0.07 secs] 
5280.953: [GC (Allocation Failure) [PSYoungGen: 417410K->213652K(465920K)] 863452K->718702K(1864192K), 0.0549642 secs] [Times: user=0.27 sys=0.00, real=0.05 secs] 
5282.260: [GC (Allocation Failure) [PSYoungGen: 446612K->97147K(465920K)] 951662K->670017K(1864192K), 0.0882301 secs] [Times: user=0.47 sys=0.00, real=0.08 secs] 
5283.465: [GC (Allocation Failure) [PSYoungGen: 330107K->179701K(465920K)] 902977K->783372K(1864192K), 0.0551288 secs] [Times: user=0.25 sys=0.00, real=0.06 secs] 
5283.708: [GC (Allocation Failure) [PSYoungGen: 412661K->182261K(465920K)] 1016332K->841952K(1864192K), 0.0614040 secs] [Times: user=0.29 sys=0.00, real=0.06 secs] 
5283.930: [GC (Allocation Failure) [PSYoungGen: 415221K->187221K(465920K)] 1074912K->902224K(1864192K), 0.0648464 secs] [Times: user=0.32 sys=0.01, real=0.06 secs] 
5284.941: [GC (Allocation Failure) [PSYoungGen: 420181K->101580K(465920K)] 1135184K->887247K(1864192K), 0.0475147 secs] [Times: user=0.25 sys=0.00, real=0.05 secs] 
5285.924: [GC (Allocation Failure) [PSYoungGen: 334540K->166772K(465920K)] 1120207K->985142K(1864192K), 0.1090789 secs] [Times: user=0.56 sys=0.00, real=0.11 secs] 
5286.219: [GC (Allocation Failure) [PSYoungGen: 399732K->182453K(465920K)] 1218102K->1052968K(1864192K), 0.0420326 secs] [Times: user=0.19 sys=0.00, real=0.04 secs] 
5286.370: [GC (Allocation Failure) [PSYoungGen: 415413K->186167K(465920K)] 1285928K->1120377K(1864192K), 0.0498900 secs] [Times: user=0.24 sys=0.00, real=0.05 secs] 
5286.708: [GC (Allocation Failure) [PSYoungGen: 417773K->217108K(465920K)] 1351984K->1210375K(1864192K), 0.0552632 secs] [Times: user=0.27 sys=0.00, real=0.06 secs] 
5288.093: [GC (Allocation Failure) [PSYoungGen: 450068K->91466K(465920K)] 1443335K->1154053K(1864192K), 0.0919307 secs] [Times: user=0.50 sys=0.00, real=0.09 secs] 
5288.619: [GC (Allocation Failure) [PSYoungGen: 324426K->183478K(465920K)] 1387013K->1275205K(1864192K), 0.0479535 secs] [Times: user=0.21 sys=0.00, real=0.04 secs] 
5288.787: [GC (Allocation Failure) [PSYoungGen: 416438K->185238K(465920K)] 1508165K->1333909K(1864192K), 0.0443988 secs] [Times: user=0.21 sys=0.00, real=0.05 secs] 
5288.960: [GC (Allocation Failure) [PSYoungGen: 418198K->187381K(465920K)] 1566869K->1392252K(1864192K), 0.0543008 secs] [Times: user=0.26 sys=0.00, real=0.05 secs] 
5289.981: [GC (Allocation Failure) [PSYoungGen: 420341K->99516K(465920K)] 1625212K->1374915K(1864192K), 0.0451749 secs] [Times: user=0.23 sys=0.00, real=0.04 secs] 
5291.249: [GC (Allocation Failure) [PSYoungGen: 332476K->168948K(465920K)] 1607875K->1476576K(1864192K), 0.0891814 secs] [Times: user=0.44 sys=0.00, real=0.08 secs] 
5291.551: [GC (Allocation Failure) [PSYoungGen: 401908K->185174K(465920K)] 1709536K->1545362K(1864192K), 0.0485090 secs] [Times: user=0.23 sys=0.00, real=0.05 secs] 
5291.600: [Full GC (Ergonomics) [PSYoungGen: 185174K->0K(465920K)] [ParOldGen: 1360188K->258353K(1398272K)] 1545362K->258353K(1864192K), [Metaspace: 59623K->59623K(1105920K)], 0.3213463 secs] [Times: user=1.47 sys=0.00, real=0.32 secs] 
5292.027: [GC (Allocation Failure) [PSYoungGen: 232960K->180566K(465920K)] 491313K->438920K(1864192K), 0.0762211 secs] [Times: user=0.39 sys=0.00, real=0.08 secs] 
5292.325: [GC (Allocation Failure) [PSYoungGen: 412727K->217685K(465920K)] 671081K->534070K(1864192K), 0.0536779 secs] [Times: user=0.26 sys=0.00, real=0.05 secs] 
5293.927: [GC (GCLocker Initiated GC) [PSYoungGen: 450645K->91930K(465920K)] 767030K->477684K(1864192K), 0.0907020 secs] [Times: user=0.49 sys=0.00, real=0.09 secs] 
5295.098: [GC (Allocation Failure) [PSYoungGen: 324890K->176853K(465920K)] 710807K->592175K(1864192K), 0.0537649 secs] [Times: user=0.24 sys=0.00, real=0.06 secs] 
5295.296: [GC (Allocation Failure) [PSYoungGen: 409813K->185430K(465920K)] 825135K->655712K(1864192K), 0.0426547 secs] [Times: user=0.19 sys=0.00, real=0.05 secs] 
5295.444: [GC (Allocation Failure) [PSYoungGen: 418390K->187317K(465920K)] 888672K->713751K(1864192K), 0.0452998 secs] [Times: user=0.21 sys=0.00, real=0.05 secs] 
5296.510: [GC (Allocation Failure) [PSYoungGen: 420277K->102108K(465920K)] 946711K->699190K(1864192K), 0.0443828 secs] [Times: user=0.22 sys=0.00, real=0.04 secs] 
5298.203: [GC (GCLocker Initiated GC) [PSYoungGen: 335068K->164307K(465920K)] 932150K->793882K(1864192K), 0.1068679 secs] [Times: user=0.53 sys=0.02, real=0.11 secs] 
5298.500: [GC (Allocation Failure) [PSYoungGen: 397267K->182933K(465920K)] 1026849K->864159K(1864192K), 0.0416503 secs] [Times: user=0.19 sys=0.00, real=0.04 secs] 
5298.672: [GC (Allocation Failure) [PSYoungGen: 415893K->185847K(465920K)] 1097119K->931105K(1864192K), 0.0610192 secs] [Times: user=0.30 sys=0.00, real=0.06 secs] 
5298.866: [GC (Allocation Failure) [PSYoungGen: 418807K->187093K(465920K)] 1164065K->991271K(1864192K), 0.0772003 secs] [Times: user=0.40 sys=0.00, real=0.08 secs] 
5300.063: [GC (Allocation Failure) [PSYoungGen: 420053K->89146K(465920K)] 1224231K->963864K(1864192K), 0.0581005 secs] [Times: user=0.31 sys=0.00, real=0.06 secs] 
5301.201: [GC (Allocation Failure) [PSYoungGen: 322106K->179701K(465920K)] 1196824K->1082528K(1864192K), 0.0547561 secs] [Times: user=0.24 sys=0.00, real=0.05 secs] 
5301.399: [GC (Allocation Failure) [PSYoungGen: 412661K->185366K(465920K)] 1315488K->1144449K(1864192K), 0.0446133 secs] [Times: user=0.20 sys=0.00, real=0.04 secs] 
5301.550: [GC (Allocation Failure) [PSYoungGen: 418326K->187221K(465920K)] 1377409K->1202528K(1864192K), 0.0467381 secs] [Times: user=0.22 sys=0.00, real=0.04 secs] 
5302.548: [GC (Allocation Failure) [PSYoungGen: 420181K->103516K(465920K)] 1435488K->1189399K(1864192K), 0.0469893 secs] [Times: user=0.24 sys=0.00, real=0.05 secs] 
5303.098: [GC (Allocation Failure) [PSYoungGen: 336476K->169652K(465920K)] 1422359K->1289068K(1864192K), 0.0747308 secs] [Times: user=0.37 sys=0.00, real=0.07 secs] 
5303.349: [GC (Allocation Failure) [PSYoungGen: 402612K->181109K(465920K)] 1522028K->1354061K(1864192K), 0.0477827 secs] [Times: user=0.23 sys=0.00, real=0.04 secs] 
5303.506: [GC (Allocation Failure) [PSYoungGen: 414069K->185847K(465920K)] 1587021K->1422071K(1864192K), 0.0498567 secs] [Times: user=0.23 sys=0.00, real=0.05 secs] 
5303.712: [GC (Allocation Failure) [PSYoungGen: 418643K->219285K(465920K)] 1654867K->1514565K(1864192K), 0.0557159 secs] [Times: user=0.27 sys=0.00, real=0.05 secs] 
5305.017: [GC (Allocation Failure) [PSYoungGen: 452245K->91610K(465920K)] 1747525K->1457107K(1864192K), 0.0744412 secs] [Times: user=0.40 sys=0.00, real=0.08 secs] 
5305.091: [Full GC (Ergonomics) [PSYoungGen: 91610K->0K(465920K)] [ParOldGen: 1365496K->108199K(1398272K)] 1457107K->108199K(1864192K), [Metaspace: 59623K->59623K(1105920K)], 0.1335350 secs] [Times: user=0.59 sys=0.01, real=0.13 secs] 
5305.834: [GC (Allocation Failure) [PSYoungGen: 232960K->177461K(465920K)] 341159K->285661K(1864192K), 0.0389725 secs] [Times: user=0.14 sys=0.00, real=0.04 secs] 
5306.026: [GC (Allocation Failure) [PSYoungGen: 410421K->185302K(465920K)] 518621K->349474K(1864192K), 0.0410554 secs] [Times: user=0.18 sys=0.00, real=0.04 secs] 
5306.172: [GC (Allocation Failure) [PSYoungGen: 418262K->187349K(465920K)] 582434K->407601K(1864192K), 0.0450583 secs] [Times: user=0.20 sys=0.00, real=0.04 secs] 
5307.213: [GC (Allocation Failure) [PSYoungGen: 420309K->103852K(465920K)] 640561K->394636K(1864192K), 0.0441407 secs] [Times: user=0.23 sys=0.00, real=0.04 secs] 
5308.330: [GC (Allocation Failure) [PSYoungGen: 336812K->170548K(465920K)] 627596K->494569K(1864192K), 0.0939247 secs] [Times: user=0.46 sys=0.00, real=0.09 secs] 
5308.626: [GC (Allocation Failure) [PSYoungGen: 403508K->182453K(465920K)] 727529K->559870K(1864192K), 0.0482414 secs] [Times: user=0.23 sys=0.00, real=0.05 secs] 
5308.814: [GC (Allocation Failure) [PSYoungGen: 415413K->186135K(465920K)] 792830K->627376K(1864192K), 0.0695261 secs] [Times: user=0.34 sys=0.00, real=0.07 secs] 
5309.126: [GC (Allocation Failure) [PSYoungGen: 418013K->215284K(465920K)] 859254K->715477K(1864192K), 0.0543680 secs] [Times: user=0.27 sys=0.00, real=0.06 secs] 
5310.600: [GC (Allocation Failure) [PSYoungGen: 448244K->94651K(465920K)] 948437K->663372K(1864192K), 0.1007312 secs] [Times: user=0.55 sys=0.01, real=0.10 secs] 
5311.332: [GC (Allocation Failure) [PSYoungGen: 327611K->180533K(465920K)] 896332K->779323K(1864192K), 0.0559645 secs] [Times: user=0.25 sys=0.00, real=0.05 secs] 
5311.543: [GC (Allocation Failure) [PSYoungGen: 413493K->184950K(465920K)] 1012283K->840268K(1864192K), 0.0432431 secs] [Times: user=0.19 sys=0.00, real=0.04 secs] 
5311.724: [GC (Allocation Failure) [PSYoungGen: 417910K->184308K(465920K)] 1073228K->895699K(1864192K), 0.0580064 secs] [Times: user=0.28 sys=0.00, real=0.06 secs] 
5312.767: [GC (Allocation Failure) [PSYoungGen: 417268K->103852K(465920K)] 1128659K->884710K(1864192K), 0.0446820 secs] [Times: user=0.22 sys=0.00, real=0.05 secs] 
5314.272: [GC (Allocation Failure) [PSYoungGen: 336812K->168244K(465920K)] 1117670K->982498K(1864192K), 0.1051544 secs] [Times: user=0.54 sys=0.00, real=0.10 secs] 
5314.548: [GC (Allocation Failure) [PSYoungGen: 401184K->182069K(465920K)] 1215439K->1049024K(1864192K), 0.0444649 secs] [Times: user=0.20 sys=0.00, real=0.05 secs] 
5314.721: [GC (Allocation Failure) [PSYoungGen: 415029K->185943K(465920K)] 1281984K->1116425K(1864192K), 0.0726105 secs] [Times: user=0.36 sys=0.00, real=0.07 secs] 
5315.252: [GC (Allocation Failure) [PSYoungGen: 417187K->200628K(465920K)] 1347669K->1190135K(1864192K), 0.0546536 secs] [Times: user=0.27 sys=0.00, real=0.05 secs] 
5316.709: [GC (Allocation Failure) [PSYoungGen: 433588K->92618K(465920K)] 1423095K->1151117K(1864192K), 0.1172177 secs] [Times: user=0.65 sys=0.01, real=0.11 secs] 
5317.483: [GC (Allocation Failure) [PSYoungGen: 325578K->180598K(465920K)] 1384077K->1269065K(1864192K), 0.0496774 secs] [Times: user=0.22 sys=0.00, real=0.05 secs] 
5317.716: [GC (Allocation Failure) [PSYoungGen: 413558K->185142K(465920K)] 1502025K->1329913K(1864192K), 0.0613951 secs] [Times: user=0.29 sys=0.00, real=0.06 secs] 
5317.930: [GC (Allocation Failure) [PSYoungGen: 418102K->186933K(465920K)] 1562873K->1387952K(1864192K), 0.0674302 secs] [Times: user=0.33 sys=0.00, real=0.06 secs] 
5319.051: [GC (Allocation Failure) [PSYoungGen: 419893K->101964K(465920K)] 1620912K->1373463K(1864192K), 0.0502193 secs] [Times: user=0.27 sys=0.00, real=0.05 secs] 
5320.181: [GC (Allocation Failure) [PSYoungGen: 334924K->169172K(465920K)] 1606423K->1473296K(1864192K), 0.1035279 secs] [Times: user=0.53 sys=0.00, real=0.10 secs] 
5320.463: [GC (Allocation Failure) [PSYoungGen: 402132K->182229K(465920K)] 1706256K->1539238K(1864192K), 0.0424120 secs] [Times: user=0.19 sys=0.00, real=0.04 secs] 
5320.506: [Full GC (Ergonomics) [PSYoungGen: 182229K->0K(465920K)] [ParOldGen: 1357008K->255615K(1398272K)] 1539238K->255615K(1864192K), [Metaspace: 59623K->59623K(1105920K)], 0.3175989 secs] [Times: user=1.46 sys=0.00, real=0.32 secs] 
5320.934: [GC (Allocation Failure) [PSYoungGen: 232960K->186135K(465920K)] 488575K->441750K(1864192K), 0.0782326 secs] [Times: user=0.40 sys=0.00, real=0.08 secs] 
5321.240: [GC (Allocation Failure) [PSYoungGen: 419095K->217844K(465920K)] 674710K->532580K(1864192K), 0.0545704 secs] [Times: user=0.27 sys=0.00, real=0.05 secs] 
5322.243: [GC (Allocation Failure) [PSYoungGen: 450804K->99675K(465920K)] 765540K->482795K(1864192K), 0.0422764 secs] [Times: user=0.22 sys=0.00, real=0.04 secs] 
5322.775: [GC (Allocation Failure) [PSYoungGen: 332635K->180341K(465920K)] 715755K->594994K(1864192K), 0.0344777 secs] [Times: user=0.14 sys=0.00, real=0.04 secs] 
5322.918: [GC (Allocation Failure) [PSYoungGen: 413301K->185110K(465920K)] 827954K->656318K(1864192K), 0.0426578 secs] [Times: user=0.19 sys=0.00, real=0.05 secs] 
5323.066: [GC (Allocation Failure) [PSYoungGen: 418070K->187029K(465920K)] 889278K->714341K(1864192K), 0.0445185 secs] [Times: user=0.20 sys=0.00, real=0.05 secs] 
5324.101: [GC (Allocation Failure) [PSYoungGen: 419989K->98988K(465920K)] 947301K->696820K(1864192K), 0.0439533 secs] [Times: user=0.23 sys=0.00, real=0.04 secs] 
5324.897: [GC (Allocation Failure) [PSYoungGen: 331948K->172820K(465920K)] 929780K->803013K(1864192K), 0.0619518 secs] [Times: user=0.29 sys=0.01, real=0.07 secs] 
5325.122: [GC (Allocation Failure) [PSYoungGen: 405780K->182389K(465920K)] 1035973K->866746K(1864192K), 0.0671408 secs] [Times: user=0.27 sys=0.00, real=0.07 secs] 
5325.320: [GC (Allocation Failure) [PSYoungGen: 415349K->185879K(465920K)] 1099706K->934100K(1864192K), 0.0502080 secs] [Times: user=0.23 sys=0.00, real=0.05 secs] 
5326.253: [GC (Allocation Failure) [PSYoungGen: 418839K->173651K(465920K)] 1167060K->980928K(1864192K), 0.0588729 secs] [Times: user=0.30 sys=0.00, real=0.06 secs] 
5327.706: [GC (Allocation Failure) [PSYoungGen: 406611K->101948K(465920K)] 1213888K->975401K(1864192K), 0.1190005 secs] [Times: user=0.65 sys=0.00, real=0.12 secs] 
5328.317: [GC (Allocation Failure) [PSYoungGen: 331253K->180630K(465920K)] 1204705K->1086987K(1864192K), 0.0465154 secs] [Times: user=0.20 sys=0.00, real=0.05 secs] 
5328.477: [GC (Allocation Failure) [PSYoungGen: 413590K->182421K(465920K)] 1319947K->1144939K(1864192K), 0.0435798 secs] [Times: user=0.20 sys=0.00, real=0.05 secs] 
5328.623: [GC (Allocation Failure) [PSYoungGen: 415381K->187349K(465920K)] 1377899K->1205187K(1864192K), 0.0456659 secs] [Times: user=0.22 sys=0.00, real=0.05 secs] 
5329.617: [GC (Allocation Failure) [PSYoungGen: 420309K->100908K(465920K)] 1438147K->1189538K(1864192K), 0.0453354 secs] [Times: user=0.24 sys=0.00, real=0.05 secs] 
5330.405: [GC (Allocation Failure) [PSYoungGen: 333868K->171092K(465920K)] 1422498K->1291983K(1864192K), 0.0831636 secs] [Times: user=0.40 sys=0.00, real=0.08 secs] 
5330.682: [GC (Allocation Failure) [PSYoungGen: 404052K->184982K(465920K)] 1524943K->1359820K(1864192K), 0.0448274 secs] [Times: user=0.21 sys=0.00, real=0.04 secs] 
5330.834: [GC (Allocation Failure) [PSYoungGen: 417942K->183254K(465920K)] 1592780K->1422405K(1864192K), 0.0506183 secs] [Times: user=0.24 sys=0.00, real=0.05 secs] 
5331.720: [GC (Allocation Failure) [PSYoungGen: 413116K->210291K(465920K)] 1652267K->1507562K(1864192K), 0.0576104 secs] [Times: user=0.29 sys=0.00, real=0.05 secs] 
5332.275: [GC (Allocation Failure) [PSYoungGen: 443251K->104284K(465920K)] 1740522K->1467703K(1864192K), 0.0851748 secs] [Times: user=0.45 sys=0.01, real=0.09 secs] 
5332.361: [Full GC (Ergonomics) [PSYoungGen: 104284K->0K(465920K)] [ParOldGen: 1363418K->120795K(1398272K)] 1467703K->120795K(1864192K), [Metaspace: 59623K->59623K(1105920K)], 0.1654497 secs] [Times: user=0.71 sys=0.00, real=0.16 secs] 
5332.939: [GC (Allocation Failure) [PSYoungGen: 232960K->178837K(465920K)] 353755K->299632K(1864192K), 0.0303322 secs] [Times: user=0.11 sys=0.00, real=0.03 secs] 
5333.084: [GC (Allocation Failure) [PSYoungGen: 411797K->185430K(465920K)] 532592K->362257K(1864192K), 0.0415200 secs] [Times: user=0.19 sys=0.00, real=0.04 secs] 
5333.248: [GC (Allocation Failure) [PSYoungGen: 418390K->187093K(465920K)] 595217K->420064K(1864192K), 0.0495517 secs] [Times: user=0.24 sys=0.00, real=0.05 secs] 
5334.244: [GC (Allocation Failure) [PSYoungGen: 420053K->98459K(465920K)] 653024K->402047K(1864192K), 0.0434374 secs] [Times: user=0.22 sys=0.00, real=0.04 secs] 
5335.969: [GC (Allocation Failure) [PSYoungGen: 331419K->167540K(465920K)] 635007K->502240K(1864192K), 0.1022792 secs] [Times: user=0.51 sys=0.00, real=0.10 secs] 
5336.267: [GC (Allocation Failure) [PSYoungGen: 400500K->182549K(465920K)] 735200K->569797K(1864192K), 0.0424838 secs] [Times: user=0.19 sys=0.00, real=0.05 secs] 
5336.421: [GC (Allocation Failure) [PSYoungGen: 415509K->185879K(465920K)] 802757K->636959K(1864192K), 0.0491353 secs] [Times: user=0.23 sys=0.00, real=0.05 secs] 
5336.919: [GC (Allocation Failure) [PSYoungGen: 416103K->211988K(465920K)] 867183K->722148K(1864192K), 0.0536336 secs] [Times: user=0.27 sys=0.00, real=0.05 secs] 
5338.018: [GC (Allocation Failure) [PSYoungGen: 444948K->93595K(465920K)] 955108K->671139K(1864192K), 0.0669811 secs] [Times: user=0.35 sys=0.00, real=0.07 secs] 
5339.075: [GC (Allocation Failure) [PSYoungGen: 326555K->179861K(465920K)] 904099K->786885K(1864192K), 0.0554870 secs] [Times: user=0.25 sys=0.00, real=0.06 secs] 
5339.279: [GC (Allocation Failure) [PSYoungGen: 412821K->185270K(465920K)] 1019845K->848349K(1864192K), 0.0433776 secs] [Times: user=0.19 sys=0.00, real=0.04 secs] 
5339.448: [GC (Allocation Failure) [PSYoungGen: 418230K->187285K(465920K)] 1081309K->906629K(1864192K), 0.0635843 secs] [Times: user=0.31 sys=0.00, real=0.07 secs] 
5340.484: [GC (GCLocker Initiated GC) [PSYoungGen: 420245K->99964K(465920K)] 1139589K->889891K(1864192K), 0.0447184 secs] [Times: user=0.23 sys=0.00, real=0.05 secs] 
5341.467: [GC (Allocation Failure) [PSYoungGen: 332924K->171764K(465920K)] 1122982K->994415K(1864192K), 0.0752427 secs] [Times: user=0.36 sys=0.00, real=0.08 secs] 
5341.740: [GC (Allocation Failure) [PSYoungGen: 404724K->182037K(465920K)] 1227375K->1058336K(1864192K), 0.0525752 secs] [Times: user=0.26 sys=0.00, real=0.05 secs] 
5341.937: [GC (Allocation Failure) [PSYoungGen: 414997K->185847K(465920K)] 1291296K->1125698K(1864192K), 0.0752948 secs] [Times: user=0.38 sys=0.00, real=0.08 secs] 
5342.321: [GC (Allocation Failure) [PSYoungGen: 417762K->214100K(465920K)] 1357613K->1212935K(1864192K), 0.0546231 secs] [Times: user=0.27 sys=0.00, real=0.05 secs] 
5343.573: [GC (Allocation Failure) [PSYoungGen: 447060K->95979K(465920K)] 1445895K->1163022K(1864192K), 0.0563421 secs] [Times: user=0.30 sys=0.00, real=0.06 secs] 
5344.667: [GC (Allocation Failure) [PSYoungGen: 328939K->177205K(465920K)] 1395982K->1274877K(1864192K), 0.0585474 secs] [Times: user=0.26 sys=0.01, real=0.06 secs] 
5344.873: [GC (Allocation Failure) [PSYoungGen: 410165K->184982K(465920K)] 1507837K->1338506K(1864192K), 0.0451249 secs] [Times: user=0.20 sys=0.00, real=0.05 secs] 
5345.024: [GC (Allocation Failure) [PSYoungGen: 417942K->187509K(465920K)] 1571466K->1397001K(1864192K), 0.0474429 secs] [Times: user=0.23 sys=0.00, real=0.05 secs] 
5346.049: [GC (Allocation Failure) [PSYoungGen: 420469K->102876K(465920K)] 1629961K->1383064K(1864192K), 0.0469141 secs] [Times: user=0.25 sys=0.00, real=0.04 secs] 
5347.181: [GC (Allocation Failure) [PSYoungGen: 335836K->168756K(465920K)] 1616024K->1481717K(1864192K), 0.1138565 secs] [Times: user=0.58 sys=0.00, real=0.11 secs] 
5347.295: [Full GC (Ergonomics) [PSYoungGen: 168756K->0K(465920K)] [ParOldGen: 1312960K->190104K(1398272K)] 1481717K->190104K(1864192K), [Metaspace: 59623K->59623K(1105920K)], 0.2389208 secs] [Times: user=1.16 sys=0.00, real=0.24 secs] 
5347.646: [GC (Allocation Failure) [PSYoungGen: 232960K->185174K(465920K)] 423064K->375278K(1864192K), 0.0325606 secs] [Times: user=0.13 sys=0.00, real=0.04 secs] 
5347.790: [GC (Allocation Failure) [PSYoungGen: 418134K->185879K(465920K)] 608238K->440343K(1864192K), 0.0438087 secs] [Times: user=0.20 sys=0.00, real=0.04 secs] 
5348.217: [GC (Allocation Failure) [PSYoungGen: 417439K->213172K(465920K)] 671903K->526492K(1864192K), 0.0538165 secs] [Times: user=0.26 sys=0.00, real=0.06 secs] 
5349.414: [GC (Allocation Failure) [PSYoungGen: 446132K->92122K(465920K)] 759452K->473171K(1864192K), 0.0893572 secs] [Times: user=0.47 sys=0.00, real=0.09 secs] 
5350.496: [GC (Allocation Failure) [PSYoungGen: 324984K->179861K(465920K)] 706033K->590199K(1864192K), 0.0549785 secs] [Times: user=0.24 sys=0.00, real=0.06 secs] 
5350.696: [GC (Allocation Failure) [PSYoungGen: 412821K->185526K(465920K)] 823159K->652087K(1864192K), 0.0433069 secs] [Times: user=0.19 sys=0.00, real=0.05 secs] 
5350.877: [GC (Allocation Failure) [PSYoungGen: 418486K->187253K(465920K)] 885047K->710174K(1864192K), 0.0597000 secs] [Times: user=0.29 sys=0.00, real=0.06 secs] 
5351.957: [GC (Allocation Failure) [PSYoungGen: 420213K->100812K(465920K)] 943134K->694269K(1864192K), 0.0515296 secs] [Times: user=0.27 sys=0.00, real=0.05 secs] 
5352.862: [GC (Allocation Failure) [PSYoungGen: 333772K->165011K(465920K)] 927229K->790858K(1864192K), 0.1035645 secs] [Times: user=0.52 sys=0.00, real=0.10 secs] 
5353.167: [GC (Allocation Failure) [PSYoungGen: 397971K->185142K(465920K)] 1023818K->862960K(1864192K), 0.0430187 secs] [Times: user=0.20 sys=0.00, real=0.05 secs] 
5353.344: [GC (Allocation Failure) [PSYoungGen: 418102K->185687K(465920K)] 1095920K->927697K(1864192K), 0.0635452 secs] [Times: user=0.32 sys=0.00, real=0.06 secs] 
5353.544: [GC (Allocation Failure) [PSYoungGen: 418647K->184244K(465920K)] 1160657K->985183K(1864192K), 0.0771520 secs] [Times: user=0.39 sys=0.00, real=0.08 secs] 
5354.785: [GC (Allocation Failure) [PSYoungGen: 417204K->97211K(465920K)] 1218143K->967606K(1864192K), 0.0546142 secs] [Times: user=0.28 sys=0.00, real=0.06 secs] 
5355.442: [GC (Allocation Failure) [PSYoungGen: 330171K->180373K(465920K)] 1200566K->1081885K(1864192K), 0.0502584 secs] [Times: user=0.22 sys=0.00, real=0.05 secs] 
5355.620: [GC (Allocation Failure) [PSYoungGen: 413333K->185174K(465920K)] 1314845K->1142605K(1864192K), 0.0435051 secs] [Times: user=0.20 sys=0.00, real=0.04 secs] 
5355.811: [GC (Allocation Failure) [PSYoungGen: 418134K->181588K(465920K)] 1375565K->1195164K(1864192K), 0.0497026 secs] [Times: user=0.24 sys=0.00, real=0.05 secs] 
5356.855: [GC (Allocation Failure) [PSYoungGen: 414548K->105340K(465920K)] 1428124K->1187316K(1864192K), 0.0455873 secs] [Times: user=0.23 sys=0.00, real=0.05 secs] 
5357.716: [GC (Allocation Failure) [PSYoungGen: 338300K->170036K(465920K)] 1420276K->1286128K(1864192K), 0.0886989 secs] [Times: user=0.43 sys=0.00, real=0.09 secs] 
5357.974: [GC (Allocation Failure) [PSYoungGen: 402996K->184918K(465920K)] 1519088K->1354694K(1864192K), 0.0431454 secs] [Times: user=0.19 sys=0.00, real=0.04 secs] 
5358.127: [GC (Allocation Failure) [PSYoungGen: 417878K->185623K(465920K)] 1587654K->1419583K(1864192K), 0.0506127 secs] [Times: user=0.24 sys=0.00, real=0.05 secs] 
5358.870: [GC (Allocation Failure) [PSYoungGen: 418583K->217812K(465920K)] 1652543K->1510732K(1864192K), 0.0546345 secs] [Times: user=0.27 sys=0.00, real=0.05 secs] 
5360.097: [GC (Allocation Failure) [PSYoungGen: 450772K->97643K(465920K)] 1743692K->1457756K(1864192K), 0.1142624 secs] [Times: user=0.62 sys=0.01, real=0.12 secs] 
5360.212: [Full GC (Ergonomics) [PSYoungGen: 97643K->0K(465920K)] [ParOldGen: 1360112K->114419K(1398272K)] 1457756K->114419K(1864192K), [Metaspace: 59623K->59623K(1105920K)], 0.1758487 secs] [Times: user=0.78 sys=0.00, real=0.17 secs] 
5361.524: [GC (Allocation Failure) [PSYoungGen: 232960K->181846K(465920K)] 347379K->296265K(1864192K), 0.0385776 secs] [Times: user=0.15 sys=0.00, real=0.04 secs] 
5361.708: [GC (Allocation Failure) [PSYoungGen: 414806K->182293K(465920K)] 529225K->353461K(1864192K), 0.0411988 secs] [Times: user=0.19 sys=0.00, real=0.05 secs] 
5361.854: [GC (Allocation Failure) [PSYoungGen: 415253K->187381K(465920K)] 586421K->413884K(1864192K), 0.0445832 secs] [Times: user=0.21 sys=0.01, real=0.04 secs] 
5362.887: [GC (Allocation Failure) [PSYoungGen: 420341K->100204K(465920K)] 646844K->397507K(1864192K), 0.0443607 secs] [Times: user=0.23 sys=0.00, real=0.05 secs] 
5364.369: [GC (Allocation Failure) [PSYoungGen: 333164K->167956K(465920K)] 630467K->497436K(1864192K), 0.1237582 secs] [Times: user=0.63 sys=0.00, real=0.12 secs] 
5364.693: [GC (Allocation Failure) [PSYoungGen: 400916K->182357K(465920K)] 730396K->564414K(1864192K), 0.0452774 secs] [Times: user=0.21 sys=0.00, real=0.04 secs] 
5364.900: [GC (Allocation Failure) [PSYoungGen: 415317K->186039K(465920K)] 797374K->631799K(1864192K), 0.0767825 secs] [Times: user=0.38 sys=0.00, real=0.07 secs] 
5365.448: [GC (Allocation Failure) [PSYoungGen: 415775K->215188K(465920K)] 861535K->720045K(1864192K), 0.0539091 secs] [Times: user=0.27 sys=0.00, real=0.05 secs] 
5366.463: [GC (Allocation Failure) [PSYoungGen: 448148K->97035K(465920K)] 953005K->670051K(1864192K), 0.0935581 secs] [Times: user=0.50 sys=0.01, real=0.09 secs] 
5367.533: [GC (Allocation Failure) [PSYoungGen: 329995K->176501K(465920K)] 903011K->780238K(1864192K), 0.0523428 secs] [Times: user=0.24 sys=0.00, real=0.05 secs] 
5367.785: [GC (Allocation Failure) [PSYoungGen: 409461K->185174K(465920K)] 1013198K->844155K(1864192K), 0.0593795 secs] [Times: user=0.28 sys=0.00, real=0.06 secs] 
5368.003: [GC (Allocation Failure) [PSYoungGen: 418134K->187445K(465920K)] 1077115K->902698K(1864192K), 0.0657335 secs] [Times: user=0.32 sys=0.00, real=0.07 secs] 
5369.011: [GC (Allocation Failure) [PSYoungGen: 420405K->102396K(465920K)] 1135658K->888225K(1864192K), 0.0452993 secs] [Times: user=0.23 sys=0.00, real=0.04 secs] 
5369.919: [GC (Allocation Failure) [PSYoungGen: 335356K->169780K(465920K)] 1121185K->988246K(1864192K), 0.0984811 secs] [Times: user=0.49 sys=0.01, real=0.09 secs] 
5370.238: [GC (Allocation Failure) [PSYoungGen: 402740K->178517K(465920K)] 1221206K->1050171K(1864192K), 0.0451802 secs] [Times: user=0.20 sys=0.01, real=0.04 secs] 
5370.393: [GC (Allocation Failure) [PSYoungGen: 411477K->186071K(465920K)] 1283131K->1120501K(1864192K), 0.0507464 secs] [Times: user=0.24 sys=0.00, real=0.05 secs] 
5370.729: [GC (Allocation Failure) [PSYoungGen: 416984K->216980K(465920K)] 1351414K->1210171K(1864192K), 0.0553376 secs] [Times: user=0.27 sys=0.00, real=0.05 secs] 
5371.835: [GC (Allocation Failure) [PSYoungGen: 449940K->96203K(465920K)] 1443131K->1158857K(1864192K), 0.0789659 secs] [Times: user=0.42 sys=0.00, real=0.08 secs] 
5372.845: [GC (Allocation Failure) [PSYoungGen: 329163K->179861K(465920K)] 1391817K->1272857K(1864192K), 0.0569045 secs] [Times: user=0.26 sys=0.00, real=0.06 secs] 
5373.042: [GC (Allocation Failure) [PSYoungGen: 412821K->185238K(465920K)] 1505817K->1334601K(1864192K), 0.0449633 secs] [Times: user=0.21 sys=0.00, real=0.04 secs] 
5373.193: [GC (Allocation Failure) [PSYoungGen: 418198K->187317K(465920K)] 1567561K->1392784K(1864192K), 0.0473658 secs] [Times: user=0.22 sys=0.00, real=0.05 secs] 
5374.213: [GC (Allocation Failure) [PSYoungGen: 420277K->102300K(465920K)] 1625744K->1378399K(1864192K), 0.0466257 secs] [Times: user=0.25 sys=0.00, real=0.05 secs] 
5375.395: [GC (Allocation Failure) [PSYoungGen: 335260K->169428K(465920K)] 1611359K->1478308K(1864192K), 0.1063922 secs] [Times: user=0.54 sys=0.00, real=0.11 secs] 
5375.702: [GC (Allocation Failure) [PSYoungGen: 402388K->179509K(465920K)] 1711268K->1541365K(1864192K), 0.0507490 secs] [Times: user=0.25 sys=0.00, real=0.05 secs] 
5375.752: [Full GC (Ergonomics) [PSYoungGen: 179509K->0K(465920K)] [ParOldGen: 1361856K->253857K(1398272K)] 1541365K->253857K(1864192K), [Metaspace: 59623K->59623K(1105920K)], 0.3147779 secs] [Times: user=1.44 sys=0.00, real=0.31 secs] 
5376.186: [GC (Allocation Failure) [PSYoungGen: 232960K->185879K(465920K)] 486817K->439736K(1864192K), 0.0831566 secs] [Times: user=0.43 sys=0.00, real=0.09 secs] 
5376.649: [GC (Allocation Failure) [PSYoungGen: 416303K->215732K(465920K)] 670160K->528670K(1864192K), 0.0536764 secs] [Times: user=0.26 sys=0.00, real=0.05 secs] 
5377.811: [GC (GCLocker Initiated GC) [PSYoungGen: 448692K->96763K(465920K)] 761630K->478213K(1864192K), 0.1050680 secs] [Times: user=0.57 sys=0.00, real=0.10 secs] 
5378.494: [GC (Allocation Failure) [PSYoungGen: 329723K->186101K(465920K)] 711305K->598674K(1864192K), 0.0500848 secs] [Times: user=0.22 sys=0.00, real=0.05 secs] 
5378.721: [GC (Allocation Failure) [PSYoungGen: 419061K->185206K(465920K)] 831634K->657395K(1864192K), 0.0548937 secs] [Times: user=0.25 sys=0.00, real=0.05 secs] 
5378.898: [GC (Allocation Failure) [PSYoungGen: 418166K->187125K(465920K)] 890355K->715410K(1864192K), 0.0456223 secs] [Times: user=0.21 sys=0.00, real=0.05 secs] 
5379.868: [GC (Allocation Failure) [PSYoungGen: 420085K->105532K(465920K)] 948370K->704162K(1864192K), 0.0446283 secs] [Times: user=0.22 sys=0.00, real=0.05 secs] 
5380.506: [GC (Allocation Failure) [PSYoungGen: 338492K->173044K(465920K)] 937122K->805478K(1864192K), 0.0718968 secs] [Times: user=0.34 sys=0.00, real=0.07 secs] 
5380.788: [GC (Allocation Failure) [PSYoungGen: 405897K->181941K(465920K)] 1038331K->868615K(1864192K), 0.0576920 secs] [Times: user=0.27 sys=0.00, real=0.06 secs] 
5381.007: [GC (Allocation Failure) [PSYoungGen: 414901K->185207K(465920K)] 1101575K->935145K(1864192K), 0.0715911 secs] [Times: user=0.35 sys=0.00, real=0.08 secs] 
5381.831: [GC (Allocation Failure) [PSYoungGen: 417774K->209427K(465920K)] 1167712K->1018229K(1864192K), 0.0556513 secs] [Times: user=0.28 sys=0.01, real=0.05 secs] 
5382.622: [GC (Allocation Failure) [PSYoungGen: 442387K->103804K(465920K)] 1251189K->978342K(1864192K), 0.0741980 secs] [Times: user=0.39 sys=0.01, real=0.07 secs] 
5383.193: [GC (Allocation Failure) [PSYoungGen: 336111K->179413K(465920K)] 1210649K->1086820K(1864192K), 0.0518795 secs] [Times: user=0.24 sys=0.00, real=0.05 secs] 
5383.417: [GC (Allocation Failure) [PSYoungGen: 412373K->185206K(465920K)] 1319780K->1148717K(1864192K), 0.0651937 secs] [Times: user=0.31 sys=0.00, real=0.07 secs] 
5383.601: [GC (Allocation Failure) [PSYoungGen: 418166K->187125K(465920K)] 1381677K->1206740K(1864192K), 0.0462110 secs] [Times: user=0.22 sys=0.00, real=0.04 secs] 
5384.642: [GC (Allocation Failure) [PSYoungGen: 420085K->98619K(465920K)] 1439700K->1188851K(1864192K), 0.0451054 secs] [Times: user=0.23 sys=0.00, real=0.04 secs] 
5386.392: [GC (GCLocker Initiated GC) [PSYoungGen: 331579K->166164K(465920K)] 1421811K->1287784K(1864192K), 0.0997434 secs] [Times: user=0.50 sys=0.00, real=0.10 secs] 
5386.695: [GC (Allocation Failure) [PSYoungGen: 399124K->184438K(465920K)] 1520747K->1358269K(1864192K), 0.0484466 secs] [Times: user=0.22 sys=0.00, real=0.05 secs] 
5386.854: [GC (Allocation Failure) [PSYoungGen: 417398K->186007K(465920K)] 1591229K->1423926K(1864192K), 0.0518326 secs] [Times: user=0.24 sys=0.00, real=0.05 secs] 
5387.727: [GC (Allocation Failure) [PSYoungGen: 416730K->212147K(465920K)] 1654649K->1509011K(1864192K), 0.0569978 secs] [Times: user=0.29 sys=0.00, real=0.06 secs] 
5388.844: [GC (Allocation Failure) [PSYoungGen: 445107K->95611K(465920K)] 1741971K->1459106K(1864192K), 0.1041328 secs] [Times: user=0.55 sys=0.01, real=0.11 secs] 
5388.949: [Full GC (Ergonomics) [PSYoungGen: 95611K->0K(465920K)] [ParOldGen: 1363495K->112077K(1398272K)] 1459106K->112077K(1864192K), [Metaspace: 59623K->59623K(1105920K)], 0.1737673 secs] [Times: user=0.77 sys=0.00, real=0.17 secs] 
5390.059: [GC (Allocation Failure) [PSYoungGen: 232960K->183254K(465920K)] 345037K->295331K(1864192K), 0.0377388 secs] [Times: user=0.15 sys=0.00, real=0.03 secs] 
5390.245: [GC (Allocation Failure) [PSYoungGen: 416214K->185302K(465920K)] 528291K->354511K(1864192K), 0.0415117 secs] [Times: user=0.18 sys=0.00, real=0.04 secs] 
5390.388: [GC (Allocation Failure) [PSYoungGen: 418262K->181492K(465920K)] 587471K->406789K(1864192K), 0.0443447 secs] [Times: user=0.20 sys=0.01, real=0.05 secs] 
5391.397: [GC (Allocation Failure) [PSYoungGen: 414452K->102668K(465920K)] 639749K->396533K(1864192K), 0.0434036 secs] [Times: user=0.23 sys=0.00, real=0.05 secs] 
5392.641: [GC (Allocation Failure) [PSYoungGen: 335628K->170196K(465920K)] 629493K->497034K(1864192K), 0.1048924 secs] [Times: user=0.53 sys=0.00, real=0.10 secs] 
5392.922: [GC (Allocation Failure) [PSYoungGen: 403156K->182197K(465920K)] 729994K->562267K(1864192K), 0.0421890 secs] [Times: user=0.19 sys=0.00, real=0.04 secs] 
5393.073: [GC (GCLocker Initiated GC) [PSYoungGen: 415157K->186327K(465920K)] 795229K->630015K(1864192K), 0.0493791 secs] [Times: user=0.22 sys=0.00, real=0.05 secs] 
5393.586: [GC (Allocation Failure) [PSYoungGen: 419287K->219892K(465920K)] 862978K->722735K(1864192K), 0.0551514 secs] [Times: user=0.27 sys=0.00, real=0.06 secs] 
5394.831: [GC (GCLocker Initiated GC) [PSYoungGen: 452852K->97515K(465920K)] 955695K->668173K(1864192K), 0.0677696 secs] [Times: user=0.36 sys=0.00, real=0.07 secs] 
5395.816: [GC (Allocation Failure) [PSYoungGen: 330475K->179445K(465920K)] 901136K->780763K(1864192K), 0.0528773 secs] [Times: user=0.24 sys=0.00, real=0.06 secs] 
5396.072: [GC (Allocation Failure) [PSYoungGen: 412405K->182357K(465920K)] 1013723K->839667K(1864192K), 0.0538818 secs] [Times: user=0.26 sys=0.00, real=0.05 secs] 
5396.234: [GC (Allocation Failure) [PSYoungGen: 415317K->187285K(465920K)] 1072627K->900011K(1864192K), 0.0455572 secs] [Times: user=0.22 sys=0.00, real=0.05 secs] 
5397.239: [GC (Allocation Failure) [PSYoungGen: 420245K->102332K(465920K)] 1132971K->885770K(1864192K), 0.0452939 secs] [Times: user=0.24 sys=0.00, real=0.04 secs] 
5398.619: [GC (Allocation Failure) [PSYoungGen: 335292K->165524K(465920K)] 1118730K->982155K(1864192K), 0.1042846 secs] [Times: user=0.53 sys=0.00, real=0.10 secs] 
5398.937: [GC (Allocation Failure) [PSYoungGen: 398484K->184886K(465920K)] 1215115K->1053493K(1864192K), 0.0456752 secs] [Times: user=0.21 sys=0.01, real=0.05 secs] 
5399.141: [GC (Allocation Failure) [PSYoungGen: 417846K->183254K(465920K)] 1286453K->1116166K(1864192K), 0.0732583 secs] [Times: user=0.37 sys=0.00, real=0.07 secs] 
5399.611: [GC (Allocation Failure) [PSYoungGen: 416214K->218260K(465920K)] 1349126K->1209428K(1864192K), 0.0545741 secs] [Times: user=0.27 sys=0.00, real=0.05 secs] 
5400.623: [GC (Allocation Failure) [PSYoungGen: 451220K->96235K(465920K)] 1442388K->1156706K(1864192K), 0.0606411 secs] [Times: user=0.32 sys=0.00, real=0.06 secs] 
5401.204: [GC (Allocation Failure) [PSYoungGen: 329195K->180245K(465920K)] 1389666K->1271381K(1864192K), 0.0364815 secs] [Times: user=0.16 sys=0.00, real=0.04 secs] 
5401.349: [GC (Allocation Failure) [PSYoungGen: 413205K->185110K(465920K)] 1504341K->1332769K(1864192K), 0.0442948 secs] [Times: user=0.20 sys=0.00, real=0.04 secs] 
5401.500: [GC (Allocation Failure) [PSYoungGen: 418070K->187189K(465920K)] 1565729K->1390832K(1864192K), 0.0464011 secs] [Times: user=0.22 sys=0.00, real=0.04 secs] 
5402.514: [GC (Allocation Failure) [PSYoungGen: 420149K->97483K(465920K)] 1623792K->1371943K(1864192K), 0.0447616 secs] [Times: user=0.23 sys=0.00, real=0.05 secs] 
5403.481: [GC (Allocation Failure) [PSYoungGen: 330443K->171732K(465920K)] 1604903K->1477237K(1864192K), 0.0744185 secs] [Times: user=0.36 sys=0.00, real=0.07 secs] 
5403.705: [GC (Allocation Failure) [PSYoungGen: 404692K->182037K(465920K)] 1710197K->1541334K(1864192K), 0.0432723 secs] [Times: user=0.19 sys=0.00, real=0.04 secs] 
5403.748: [Full GC (Ergonomics) [PSYoungGen: 182037K->0K(465920K)] [ParOldGen: 1359296K->255426K(1398272K)] 1541334K->255426K(1864192K), [Metaspace: 59623K->59623K(1105920K)], 0.3257785 secs] [Times: user=1.51 sys=0.00, real=0.33 secs] 
5404.182: [GC (Allocation Failure) [PSYoungGen: 232960K->186007K(465920K)] 488386K->441433K(1864192K), 0.0924427 secs] [Times: user=0.49 sys=0.01, real=0.09 secs] 
5404.494: [GC (Allocation Failure) [PSYoungGen: 417943K->214516K(465920K)] 673369K->529042K(1864192K), 0.0538703 secs] [Times: user=0.26 sys=0.00, real=0.05 secs] 
5405.765: [GC (Allocation Failure) [PSYoungGen: 447476K->94331K(465920K)] 762002K->477177K(1864192K), 0.1073135 secs] [Times: user=0.59 sys=0.00, real=0.11 secs] 
5406.955: [GC (Allocation Failure) [PSYoungGen: 327291K->176629K(465920K)] 710137K->589172K(1864192K), 0.0510282 secs] [Times: user=0.23 sys=0.00, real=0.05 secs] 
5407.146: [GC (Allocation Failure) [PSYoungGen: 409589K->185398K(465920K)] 822132K->653337K(1864192K), 0.0458668 secs] [Times: user=0.18 sys=0.00, real=0.05 secs] 
5407.342: [GC (Allocation Failure) [PSYoungGen: 418358K->187381K(465920K)] 886297K->711568K(1864192K), 0.0660045 secs] [Times: user=0.33 sys=0.00, real=0.07 secs] 
5408.401: [GC (Allocation Failure) [PSYoungGen: 420341K->102220K(465920K)] 944528K->697007K(1864192K), 0.0517891 secs] [Times: user=0.27 sys=0.00, real=0.05 secs] 
5409.639: [GC (Allocation Failure) [PSYoungGen: 335180K->168564K(465920K)] 929967K->796148K(1864192K), 0.1157686 secs] [Times: user=0.60 sys=0.01, real=0.11 secs] 
5409.953: [GC (Allocation Failure) [PSYoungGen: 401524K->179669K(465920K)] 1029108K->860157K(1864192K), 0.0415926 secs] [Times: user=0.18 sys=0.00, real=0.04 secs] 
5410.105: [GC (Allocation Failure) [PSYoungGen: 412629K->186135K(465920K)] 1093117K->929807K(1864192K), 0.0488891 secs] [Times: user=0.23 sys=0.00, real=0.05 secs] 
5410.294: [GC (Allocation Failure) [PSYoungGen: 419095K->202869K(465920K)] 1162767K->1005693K(1864192K), 0.0536415 secs] [Times: user=0.26 sys=0.00, real=0.05 secs] 
5411.403: [GC (GCLocker Initiated GC) [PSYoungGen: 435829K->97323K(465920K)] 1238655K->970265K(1864192K), 0.0574753 secs] [Times: user=0.30 sys=0.00, real=0.06 secs] 
5411.960: [GC (Allocation Failure) [PSYoungGen: 330283K->180021K(465920K)] 1203353K->1084024K(1864192K), 0.0347872 secs] [Times: user=0.14 sys=0.00, real=0.03 secs] 
5412.104: [GC (Allocation Failure) [PSYoungGen: 412981K->185270K(465920K)] 1316984K->1145317K(1864192K), 0.0438445 secs] [Times: user=0.20 sys=0.00, real=0.04 secs] 
5412.277: [GC (Allocation Failure) [PSYoungGen: 418230K->181684K(465920K)] 1378277K->1197843K(1864192K), 0.0497178 secs] [Times: user=0.24 sys=0.00, real=0.05 secs] 
5413.282: [GC (Allocation Failure) [PSYoungGen: 414644K->106253K(465920K)] 1430803K->1191428K(1864192K), 0.0449504 secs] [Times: user=0.23 sys=0.00, real=0.04 secs] 
5414.098: [GC (Allocation Failure) [PSYoungGen: 339213K->172052K(465920K)] 1424388K->1291184K(1864192K), 0.0774608 secs] [Times: user=0.38 sys=0.00, real=0.08 secs] 
5414.326: [GC (Allocation Failure) [PSYoungGen: 405012K->185334K(465920K)] 1524144K->1358266K(1864192K), 0.0433677 secs] [Times: user=0.19 sys=0.00, real=0.05 secs] 
5414.501: [GC (Allocation Failure) [PSYoungGen: 418294K->182486K(465920K)] 1591226K->1419714K(1864192K), 0.0652986 secs] [Times: user=0.32 sys=0.00, real=0.06 secs] 
5415.064: [GC (Allocation Failure) [PSYoungGen: 415446K->216948K(465920K)] 1652674K->1512120K(1864192K), 0.0551182 secs] [Times: user=0.26 sys=0.01, real=0.06 secs] 
5416.257: [GC (Allocation Failure) [PSYoungGen: 449908K->99915K(465920K)] 1745080K->1461783K(1864192K), 0.1056984 secs] [Times: user=0.58 sys=0.01, real=0.11 secs] 
5416.363: [Full GC (Ergonomics) [PSYoungGen: 99915K->0K(465920K)] [ParOldGen: 1361868K->116431K(1398272K)] 1461783K->116431K(1864192K), [Metaspace: 59623K->59607K(1105920K)], 0.1788783 secs] [Times: user=0.76 sys=0.00, real=0.18 secs] 
5417.119: [GC (Allocation Failure) [PSYoungGen: 232960K->179061K(465920K)] 349391K->295493K(1864192K), 0.0344622 secs] [Times: user=0.13 sys=0.00, real=0.03 secs] 
5417.288: [GC (Allocation Failure) [PSYoungGen: 412021K->185398K(465920K)] 528453K->357610K(1864192K), 0.0414126 secs] [Times: user=0.18 sys=0.00, real=0.05 secs] 
5417.438: [GC (Allocation Failure) [PSYoungGen: 418358K->187061K(465920K)] 590570K->415521K(1864192K), 0.0451519 secs] [Times: user=0.21 sys=0.00, real=0.05 secs] 
5418.421: [GC (Allocation Failure) [PSYoungGen: 420021K->102188K(465920K)] 648481K->401016K(1864192K), 0.0439929 secs] [Times: user=0.23 sys=0.00, real=0.04 secs] 
5419.664: [GC (Allocation Failure) [PSYoungGen: 335148K->161107K(465920K)] 633976K->492724K(1864192K), 0.0945675 secs] [Times: user=0.48 sys=0.00, real=0.10 secs] 
5419.943: [GC (Allocation Failure) [PSYoungGen: 394067K->185110K(465920K)] 725684K->567867K(1864192K), 0.0417083 secs] [Times: user=0.19 sys=0.00, real=0.04 secs] 
5420.095: [GC (Allocation Failure) [PSYoungGen: 418070K->186263K(465920K)] 800827K->633244K(1864192K), 0.0497751 secs] [Times: user=0.23 sys=0.00, real=0.05 secs] 
5420.527: [GC (Allocation Failure) [PSYoungGen: 416326K->215188K(465920K)] 863307K->721353K(1864192K), 0.0554542 secs] [Times: user=0.28 sys=0.00, real=0.06 secs] 
5421.287: [GC (Allocation Failure) [PSYoungGen: 448148K->101036K(465920K)] 954313K->675521K(1864192K), 0.0415486 secs] [Times: user=0.21 sys=0.00, real=0.05 secs] 
5422.191: [GC (Allocation Failure) [PSYoungGen: 333996K->179317K(465920K)] 908481K->785775K(1864192K), 0.0487712 secs] [Times: user=0.22 sys=0.00, real=0.05 secs] 
5422.360: [GC (Allocation Failure) [PSYoungGen: 412277K->179221K(465920K)] 1018735K->841643K(1864192K), 0.0430680 secs] [Times: user=0.20 sys=0.00, real=0.04 secs] 
5422.506: [GC (Allocation Failure) [PSYoungGen: 412181K->187445K(465920K)] 1074603K->904819K(1864192K), 0.0454107 secs] [Times: user=0.21 sys=0.00, real=0.05 secs] 
5423.542: [GC (Allocation Failure) [PSYoungGen: 420405K->105676K(465920K)] 1137779K->893770K(1864192K), 0.0455731 secs] [Times: user=0.24 sys=0.00, real=0.04 secs] 
5424.200: [GC (Allocation Failure) [PSYoungGen: 338636K->173237K(465920K)] 1126730K->995571K(1864192K), 0.0863141 secs] [Times: user=0.42 sys=0.00, real=0.08 secs] 
5424.479: [GC (Allocation Failure) [PSYoungGen: 406197K->182037K(465920K)] 1228531K->1058660K(1864192K), 0.0526069 secs] [Times: user=0.25 sys=0.00, real=0.05 secs] 
5424.642: [GC (Allocation Failure) [PSYoungGen: 414997K->185591K(465920K)] 1291620K->1125902K(1864192K), 0.0514128 secs] [Times: user=0.24 sys=0.00, real=0.05 secs] 
5425.502: [GC (Allocation Failure) [PSYoungGen: 415052K->193395K(465920K)] 1355363K->1192770K(1864192K), 0.0564707 secs] [Times: user=0.28 sys=0.00, real=0.06 secs] 
5426.568: [GC (Allocation Failure) [PSYoungGen: 426355K->99595K(465920K)] 1425730K->1164962K(1864192K), 0.1096202 secs] [Times: user=0.59 sys=0.00, real=0.11 secs] 
5427.164: [GC (Allocation Failure) [PSYoungGen: 332555K->177845K(465920K)] 1397922K->1274945K(1864192K), 0.0501518 secs] [Times: user=0.23 sys=0.00, real=0.05 secs] 
5427.340: [GC (Allocation Failure) [PSYoungGen: 410805K->185302K(465920K)] 1507905K->1338305K(1864192K), 0.0446924 secs] [Times: user=0.21 sys=0.00, real=0.04 secs] 
5427.544: [GC (Allocation Failure) [PSYoungGen: 418262K->187413K(465920K)] 1571265K->1396473K(1864192K), 0.0673391 secs] [Times: user=0.33 sys=0.00, real=0.07 secs] 
5428.658: [GC (Allocation Failure) [PSYoungGen: 420373K->101836K(465920K)] 1629433K->1381624K(1864192K), 0.0488359 secs] [Times: user=0.26 sys=0.00, real=0.05 secs] 
5429.485: [GC (Allocation Failure) [PSYoungGen: 334796K->172628K(465920K)] 1614584K->1484837K(1864192K), 0.0906598 secs] [Times: user=0.46 sys=0.00, real=0.09 secs] 
5429.576: [Full GC (Ergonomics) [PSYoungGen: 172628K->0K(465920K)] [ParOldGen: 1312208K->195480K(1398272K)] 1484837K->195480K(1864192K), [Metaspace: 59607K->59607K(1105920K)], 0.2364336 secs] [Times: user=1.13 sys=0.00, real=0.24 secs] 
5429.924: [GC (Allocation Failure) [PSYoungGen: 232960K->179701K(465920K)] 428440K->375181K(1864192K), 0.0313320 secs] [Times: user=0.13 sys=0.00, real=0.03 secs] 
5430.064: [GC (Allocation Failure) [PSYoungGen: 412661K->186231K(465920K)] 608141K->444911K(1864192K), 0.0433794 secs] [Times: user=0.19 sys=0.00, real=0.04 secs] 
5430.877: [GC (Allocation Failure) [PSYoungGen: 414336K->211635K(465920K)] 673016K->529276K(1864192K), 0.0561486 secs] [Times: user=0.28 sys=0.00, real=0.06 secs] 
5431.959: [GC (Allocation Failure) [PSYoungGen: 444595K->99947K(465920K)] 762236K->484124K(1864192K), 0.1179362 secs] [Times: user=0.65 sys=0.01, real=0.11 secs] 
5433.070: [GC (Allocation Failure) [PSYoungGen: 332907K->176789K(465920K)] 717084K->592806K(1864192K), 0.0539691 secs] [Times: user=0.24 sys=0.00, real=0.05 secs] 
5433.264: [GC (Allocation Failure) [PSYoungGen: 409749K->184886K(465920K)] 825766K->656239K(1864192K), 0.0427057 secs] [Times: user=0.19 sys=0.00, real=0.04 secs] 
5433.448: [GC (Allocation Failure) [PSYoungGen: 417846K->187189K(465920K)] 889199K->714454K(1864192K), 0.0632221 secs] [Times: user=0.31 sys=0.01, real=0.06 secs] 
5434.464: [GC (Allocation Failure) [PSYoungGen: 420149K->102620K(465920K)] 947414K->700365K(1864192K), 0.0445002 secs] [Times: user=0.23 sys=0.00, real=0.05 secs] 
5435.706: [GC (Allocation Failure) [PSYoungGen: 335580K->169076K(465920K)] 933325K->799706K(1864192K), 0.1005182 secs] [Times: user=0.50 sys=0.00, real=0.10 secs] 
5436.011: [GC (Allocation Failure) [PSYoungGen: 402036K->181877K(465920K)] 1032666K->865707K(1864192K), 0.0474733 secs] [Times: user=0.22 sys=0.00, real=0.05 secs] 
5436.168: [GC (Allocation Failure) [PSYoungGen: 414837K->185815K(465920K)] 1098667K->933045K(1864192K), 0.0498169 secs] [Times: user=0.23 sys=0.00, real=0.05 secs] 
5436.668: [GC (Allocation Failure) [PSYoungGen: 415049K->212372K(465920K)] 1162280K->1018618K(1864192K), 0.0543989 secs] [Times: user=0.26 sys=0.00, real=0.05 secs] 
5437.804: [GC (Allocation Failure) [PSYoungGen: 445332K->96939K(465920K)] 1251578K->970569K(1864192K), 0.0857674 secs] [Times: user=0.44 sys=0.00, real=0.09 secs] 
5438.877: [GC (Allocation Failure) [PSYoungGen: 329899K->177621K(465920K)] 1203529K->1082484K(1864192K), 0.0563860 secs] [Times: user=0.25 sys=0.00, real=0.06 secs] 
5439.078: [GC (Allocation Failure) [PSYoungGen: 410581K->185014K(465920K)] 1315444K->1145397K(1864192K), 0.0442131 secs] [Times: user=0.20 sys=0.00, real=0.05 secs] 
5439.226: [GC (Allocation Failure) [PSYoungGen: 417974K->186869K(465920K)] 1378357K->1203244K(1864192K), 0.0469129 secs] [Times: user=0.21 sys=0.00, real=0.05 secs] 
5440.230: [GC (Allocation Failure) [PSYoungGen: 419829K->106317K(465920K)] 1436204K->1192844K(1864192K), 0.0459100 secs] [Times: user=0.23 sys=0.00, real=0.04 secs] 
5441.377: [GC (Allocation Failure) [PSYoungGen: 339277K->169588K(465920K)] 1425804K->1290208K(1864192K), 0.1157031 secs] [Times: user=0.60 sys=0.00, real=0.12 secs] 
5441.676: [GC (Allocation Failure) [PSYoungGen: 402548K->182133K(465920K)] 1523168K->1355761K(1864192K), 0.0431771 secs] [Times: user=0.19 sys=0.00, real=0.05 secs] 
5441.872: [GC (Allocation Failure) [PSYoungGen: 415093K->186039K(465920K)] 1588721K->1423155K(1864192K), 0.0797076 secs] [Times: user=0.40 sys=0.00, real=0.08 secs] 
5442.362: [GC (Allocation Failure) [PSYoungGen: 415602K->210963K(465920K)] 1652718K->1507184K(1864192K), 0.0541889 secs] [Times: user=0.27 sys=0.00, real=0.05 secs] 
5443.295: [GC (Allocation Failure) [PSYoungGen: 443923K->100684K(465920K)] 1740144K->1463924K(1864192K), 0.0774151 secs] [Times: user=0.41 sys=0.00, real=0.08 secs] 
5443.372: [Full GC (Ergonomics) [PSYoungGen: 100684K->0K(465920K)] [ParOldGen: 1363240K->117324K(1398272K)] 1463924K->117324K(1864192K), [Metaspace: 59607K->59607K(1105920K)], 0.1571860 secs] [Times: user=0.67 sys=0.00, real=0.16 secs] 
5444.178: [GC (Allocation Failure) [PSYoungGen: 232960K->180053K(465920K)] 350284K->297378K(1864192K), 0.0337247 secs] [Times: user=0.13 sys=0.00, real=0.04 secs] 
5444.340: [GC (Allocation Failure) [PSYoungGen: 413013K->185366K(465920K)] 530338K->358534K(1864192K), 0.0411918 secs] [Times: user=0.18 sys=0.00, real=0.04 secs] 
5444.484: [GC (Allocation Failure) [PSYoungGen: 418326K->183892K(465920K)] 591494K->413325K(1864192K), 0.0439618 secs] [Times: user=0.20 sys=0.00, real=0.04 secs] 
5445.469: [GC (Allocation Failure) [PSYoungGen: 416852K->102780K(465920K)] 646285K->401532K(1864192K), 0.0437403 secs] [Times: user=0.22 sys=0.00, real=0.04 secs] 
5446.659: [GC (Allocation Failure) [PSYoungGen: 335740K->168436K(465920K)] 634492K->500169K(1864192K), 0.1223023 secs] [Times: user=0.62 sys=0.00, real=0.12 secs] 
5446.972: [GC (Allocation Failure) [PSYoungGen: 401396K->181845K(465920K)] 733129K->566386K(1864192K), 0.0419637 secs] [Times: user=0.19 sys=0.00, real=0.04 secs] 
5447.125: [GC (Allocation Failure) [PSYoungGen: 414805K->186039K(465920K)] 799346K->634084K(1864192K), 0.0494626 secs] [Times: user=0.23 sys=0.00, real=0.05 secs] 
5447.652: [GC (Allocation Failure) [PSYoungGen: 418999K->217780K(465920K)] 867044K->725081K(1864192K), 0.0526844 secs] [Times: user=0.26 sys=0.00, real=0.05 secs] 
5448.925: [GC (Allocation Failure) [PSYoungGen: 450740K->98795K(465920K)] 958041K->673264K(1864192K), 0.0739922 secs] [Times: user=0.40 sys=0.01, real=0.08 secs] 
5449.488: [GC (Allocation Failure) [PSYoungGen: 331755K->180758K(465920K)] 906224K->787032K(1864192K), 0.0463713 secs] [Times: user=0.20 sys=0.00, real=0.05 secs] 
5449.653: [GC (Allocation Failure) [PSYoungGen: 413718K->185238K(465920K)] 1019992K->847624K(1864192K), 0.0441192 secs] [Times: user=0.20 sys=0.00, real=0.04 secs] 
5449.802: [GC (Allocation Failure) [PSYoungGen: 418198K->187349K(465920K)] 1080584K->905847K(1864192K), 0.0458612 secs] [Times: user=0.21 sys=0.00, real=0.05 secs] 
5450.854: [GC (Allocation Failure) [PSYoungGen: 420309K->98876K(465920K)] 1138807K->888126K(1864192K), 0.0470637 secs] [Times: user=0.24 sys=0.00, real=0.05 secs] 
5451.812: [GC (Allocation Failure) [PSYoungGen: 331836K->172404K(465920K)] 1121086K->993275K(1864192K), 0.1066943 secs] [Times: user=0.54 sys=0.00, real=0.11 secs] 
5452.099: [GC (Allocation Failure) [PSYoungGen: 405364K->182069K(465920K)] 1226235K->1056900K(1864192K), 0.0446981 secs] [Times: user=0.20 sys=0.00, real=0.04 secs] 
5452.276: [GC (Allocation Failure) [PSYoungGen: 415029K->186103K(465920K)] 1289860K->1124374K(1864192K), 0.0616880 secs] [Times: user=0.30 sys=0.00, real=0.06 secs] 
5452.968: [GC (Allocation Failure) [PSYoungGen: 419063K->177235K(465920K)] 1357334K->1174578K(1864192K), 0.0529513 secs] [Times: user=0.26 sys=0.00, real=0.06 secs] 
5453.824: [GC (Allocation Failure) [PSYoungGen: 410195K->102572K(465920K)] 1407538K->1165939K(1864192K), 0.0732211 secs] [Times: user=0.39 sys=0.00, real=0.07 secs] 
5454.299: [GC (Allocation Failure) [PSYoungGen: 333779K->180182K(465920K)] 1397146K->1276845K(1864192K), 0.0484805 secs] [Times: user=0.21 sys=0.00, real=0.04 secs] 
5454.465: [GC (Allocation Failure) [PSYoungGen: 413142K->182069K(465920K)] 1509805K->1334700K(1864192K), 0.0435583 secs] [Times: user=0.20 sys=0.01, real=0.05 secs] 
5454.650: [GC (Allocation Failure) [PSYoungGen: 415029K->187381K(465920K)] 1567660K->1395236K(1864192K), 0.0662689 secs] [Times: user=0.32 sys=0.01, real=0.06 secs] 
5455.748: [GC (Allocation Failure) [PSYoungGen: 420341K->101468K(465920K)] 1628196K->1380003K(1864192K), 0.0447633 secs] [Times: user=0.23 sys=0.00, real=0.05 secs] 
5457.543: [GC (Allocation Failure) [PSYoungGen: 334428K->165908K(465920K)] 1612963K->1476680K(1864192K), 0.1056739 secs] [Times: user=0.54 sys=0.00, real=0.11 secs] 
5457.861: [GC (Allocation Failure) [PSYoungGen: 398868K->185366K(465920K)] 1709640K->1548310K(1864192K), 0.0500969 secs] [Times: user=0.24 sys=0.00, real=0.05 secs] 
5457.911: [Full GC (Ergonomics) [PSYoungGen: 185366K->0K(465920K)] [ParOldGen: 1362944K->259772K(1398272K)] 1548310K->259772K(1864192K), [Metaspace: 59607K->59607K(1105920K)], 0.3250634 secs] [Times: user=1.50 sys=0.00, real=0.32 secs] 
5458.340: [GC (Allocation Failure) [PSYoungGen: 232960K->179990K(465920K)] 492732K->439762K(1864192K), 0.0885047 secs] [Times: user=0.46 sys=0.00, real=0.09 secs] 
5458.810: [GC (Allocation Failure) [PSYoungGen: 410126K->215508K(465920K)] 669898K->532721K(1864192K), 0.0532150 secs] [Times: user=0.26 sys=0.00, real=0.05 secs] 
5459.869: [GC (Allocation Failure) [PSYoungGen: 448468K->97211K(465920K)] 765681K->482791K(1864192K), 0.0544804 secs] [Times: user=0.29 sys=0.00, real=0.05 secs] 
5460.871: [GC (Allocation Failure) [PSYoungGen: 330171K->179029K(465920K)] 715751K->595247K(1864192K), 0.0531725 secs] [Times: user=0.24 sys=0.00, real=0.05 secs] 
5461.061: [GC (Allocation Failure) [PSYoungGen: 411989K->182165K(465920K)] 828207K->654075K(1864192K), 0.0430902 secs] [Times: user=0.20 sys=0.00, real=0.04 secs] 
5461.209: [GC (Allocation Failure) [PSYoungGen: 415125K->187445K(465920K)] 887035K->714778K(1864192K), 0.0449980 secs] [Times: user=0.21 sys=0.00, real=0.04 secs] 
5462.283: [GC (Allocation Failure) [PSYoungGen: 420405K->103692K(465920K)] 947738K->701625K(1864192K), 0.0449683 secs] [Times: user=0.23 sys=0.00, real=0.04 secs] 
5463.500: [GC (Allocation Failure) [PSYoungGen: 336652K->170580K(465920K)] 934585K->802221K(1864192K), 0.1112668 secs] [Times: user=0.58 sys=0.01, real=0.11 secs] 
5463.799: [GC (Allocation Failure) [PSYoungGen: 403540K->184822K(465920K)] 1035181K->869147K(1864192K), 0.0431328 secs] [Times: user=0.19 sys=0.00, real=0.04 secs] 
5463.981: [GC (Allocation Failure) [PSYoungGen: 417782K->185687K(465920K)] 1102107K->934172K(1864192K), 0.0562453 secs] [Times: user=0.27 sys=0.00, real=0.05 secs] 
5464.781: [GC (Allocation Failure) [PSYoungGen: 417716K->216340K(465920K)] 1166201K->1023698K(1864192K), 0.0592031 secs] [Times: user=0.30 sys=0.00, real=0.06 secs] 
5465.823: [GC (Allocation Failure) [PSYoungGen: 449300K->95131K(465920K)] 1256658K->970648K(1864192K), 0.1047975 secs] [Times: user=0.56 sys=0.01, real=0.10 secs] 
5466.798: [GC (Allocation Failure) [PSYoungGen: 328091K->182006K(465920K)] 1203608K->1087888K(1864192K), 0.0563087 secs] [Times: user=0.26 sys=0.00, real=0.06 secs] 
5467.051: [GC (Allocation Failure) [PSYoungGen: 414966K->184982K(465920K)] 1320848K->1147428K(1864192K), 0.0546828 secs] [Times: user=0.27 sys=0.00, real=0.05 secs] 
5467.207: [GC (Allocation Failure) [PSYoungGen: 417942K->187157K(465920K)] 1380388K->1205812K(1864192K), 0.0457597 secs] [Times: user=0.21 sys=0.00, real=0.05 secs] 
5468.221: [GC (Allocation Failure) [PSYoungGen: 420117K->102908K(465920K)] 1438772K->1191923K(1864192K), 0.0507013 secs] [Times: user=0.26 sys=0.00, real=0.05 secs] 
5469.223: [GC (GCLocker Initiated GC) [PSYoungGen: 335868K->165684K(465920K)] 1424883K->1287567K(1864192K), 0.0982514 secs] [Times: user=0.50 sys=0.00, real=0.10 secs] 
5469.502: [GC (Allocation Failure) [PSYoungGen: 398644K->184502K(465920K)] 1520658K->1358648K(1864192K), 0.0445864 secs] [Times: user=0.20 sys=0.00, real=0.04 secs] 
5469.657: [GC (Allocation Failure) [PSYoungGen: 417462K->186135K(465920K)] 1591608K->1424330K(1864192K), 0.0525556 secs] [Times: user=0.25 sys=0.01, real=0.06 secs] 
5470.108: [GC (Allocation Failure) [PSYoungGen: 416553K->195572K(465920K)] 1654748K->1492783K(1864192K), 0.0540243 secs] [Times: user=0.27 sys=0.00, real=0.05 secs] 
5471.017: [GC (Allocation Failure) [PSYoungGen: 428532K->100892K(465920K)] 1725743K->1465326K(1864192K), 0.0566360 secs] [Times: user=0.30 sys=0.00, real=0.06 secs] 
5471.074: [Full GC (Ergonomics) [PSYoungGen: 100892K->0K(465920K)] [ParOldGen: 1364434K->117381K(1398272K)] 1465326K->117381K(1864192K), [Metaspace: 59607K->59607K(1105920K)], 0.1139851 secs] [Times: user=0.48 sys=0.00, real=0.11 secs] 
5471.891: [GC (Allocation Failure) [PSYoungGen: 232960K->179797K(465920K)] 350341K->297179K(1864192K), 0.0309708 secs] [Times: user=0.12 sys=0.00, real=0.03 secs] 
5472.037: [GC (Allocation Failure) [PSYoungGen: 412757K->182261K(465920K)] 530139K->355695K(1864192K), 0.0412511 secs] [Times: user=0.18 sys=0.01, real=0.05 secs] 
5472.206: [GC (Allocation Failure) [PSYoungGen: 415221K->187349K(465920K)] 588655K->416255K(1864192K), 0.0491750 secs] [Times: user=0.23 sys=0.00, real=0.05 secs] 
5473.251: [GC (GCLocker Initiated GC) [PSYoungGen: 420309K->99340K(465920K)] 649215K->398781K(1864192K), 0.0440676 secs] [Times: user=0.23 sys=0.00, real=0.04 secs] 
5474.790: [GC (Allocation Failure) [PSYoungGen: 332300K->169108K(465920K)] 632036K->500537K(1864192K), 0.1190931 secs] [Times: user=0.60 sys=0.00, real=0.12 secs] 
5475.105: [GC (Allocation Failure) [PSYoungGen: 402068K->184886K(465920K)] 733497K->569283K(1864192K), 0.0433972 secs] [Times: user=0.19 sys=0.00, real=0.05 secs] 
5475.289: [GC (Allocation Failure) [PSYoungGen: 417798K->183094K(465920K)] 802195K->631560K(1864192K), 0.0697522 secs] [Times: user=0.34 sys=0.00, real=0.07 secs] 
5475.809: [GC (Allocation Failure) [PSYoungGen: 415919K->214228K(465920K)] 864384K->720606K(1864192K), 0.0532682 secs] [Times: user=0.26 sys=0.00, real=0.05 secs] 
5476.730: [GC (GCLocker Initiated GC) [PSYoungGen: 447188K->99291K(465920K)] 953566K->673765K(1864192K), 0.0590857 secs] [Times: user=0.31 sys=0.00, real=0.06 secs] 
5477.285: [GC (Allocation Failure) [PSYoungGen: 332251K->180149K(465920K)] 906856K->786295K(1864192K), 0.0549105 secs] [Times: user=0.24 sys=0.00, real=0.06 secs] 
5477.529: [GC (Allocation Failure) [PSYoungGen: 413109K->185046K(465920K)] 1019255K->847311K(1864192K), 0.0583979 secs] [Times: user=0.28 sys=0.00, real=0.05 secs] 
5477.734: [GC (Allocation Failure) [PSYoungGen: 418006K->183700K(465920K)] 1080271K->901886K(1864192K), 0.0655269 secs] [Times: user=0.32 sys=0.00, real=0.07 secs] 
5478.752: [GC (Allocation Failure) [PSYoungGen: 416660K->102924K(465920K)] 1134846K->890478K(1864192K), 0.0447505 secs] [Times: user=0.23 sys=0.00, real=0.04 secs] 
5479.296: [GC (Allocation Failure) [PSYoungGen: 335884K->173077K(465920K)] 1123438K->994326K(1864192K), 0.0945321 secs] [Times: user=0.46 sys=0.00, real=0.10 secs] 
5479.576: [GC (Allocation Failure) [PSYoungGen: 406037K->185014K(465920K)] 1227286K->1060375K(1864192K), 0.0432359 secs] [Times: user=0.20 sys=0.00, real=0.05 secs] 
5479.727: [GC (Allocation Failure) [PSYoungGen: 417974K->185399K(465920K)] 1293335K->1125192K(1864192K), 0.0498296 secs] [Times: user=0.23 sys=0.00, real=0.05 secs] 
5480.541: [GC (Allocation Failure) [PSYoungGen: 415707K->207795K(465920K)] 1355501K->1206469K(1864192K), 0.0553826 secs] [Times: user=0.28 sys=0.00, real=0.05 secs] 
5481.584: [GC (Allocation Failure) [PSYoungGen: 440755K->99387K(465920K)] 1439429K->1163325K(1864192K), 0.1047373 secs] [Times: user=0.56 sys=0.00, real=0.11 secs] 
5482.565: [GC (Allocation Failure) [PSYoungGen: 332347K->180053K(465920K)] 1396285K->1275228K(1864192K), 0.0522794 secs] [Times: user=0.24 sys=0.00, real=0.05 secs] 
5482.752: [GC (Allocation Failure) [PSYoungGen: 413013K->185110K(465920K)] 1508188K->1336876K(1864192K), 0.0440168 secs] [Times: user=0.20 sys=0.00, real=0.04 secs] 
5482.902: [GC (Allocation Failure) [PSYoungGen: 418070K->187381K(465920K)] 1569836K->1395316K(1864192K), 0.0462441 secs] [Times: user=0.22 sys=0.00, real=0.04 secs] 
5483.921: [GC (Allocation Failure) [PSYoungGen: 420341K->99292K(465920K)] 1628276K->1377762K(1864192K), 0.0462076 secs] [Times: user=0.24 sys=0.00, real=0.04 secs] 
5484.649: [GC (Allocation Failure) [PSYoungGen: 332252K->172532K(465920K)] 1610722K->1483484K(1864192K), 0.0789046 secs] [Times: user=0.39 sys=0.00, real=0.07 secs] 
5484.923: [GC (Allocation Failure) [PSYoungGen: 405492K->185014K(465920K)] 1716444K->1549789K(1864192K), 0.0598503 secs] [Times: user=0.28 sys=0.00, real=0.06 secs] 
5484.983: [Full GC (Ergonomics) [PSYoungGen: 185014K->0K(465920K)] [ParOldGen: 1364775K->260208K(1398272K)] 1549789K->260208K(1864192K), [Metaspace: 59607K->59607K(1105920K)], 0.3344707 secs] [Times: user=1.56 sys=0.00, real=0.33 secs] 
5485.420: [GC (Allocation Failure) [PSYoungGen: 232960K->177686K(465920K)] 493168K->437894K(1864192K), 0.0837307 secs] [Times: user=0.43 sys=0.00, real=0.08 secs] 
5485.893: [GC (Allocation Failure) [PSYoungGen: 407363K->214964K(465920K)] 667572K->531693K(1864192K), 0.0523125 secs] [Times: user=0.26 sys=0.00, real=0.05 secs] 
5486.931: [GC (Allocation Failure) [PSYoungGen: 447924K->94475K(465920K)] 764653K->479339K(1864192K), 0.1067904 secs] [Times: user=0.58 sys=0.00, real=0.10 secs] 
5487.668: [GC (Allocation Failure) [PSYoungGen: 327435K->180533K(465920K)] 712299K->595551K(1864192K), 0.0504399 secs] [Times: user=0.21 sys=0.00, real=0.06 secs] 
5487.853: [GC (Allocation Failure) [PSYoungGen: 413493K->185302K(465920K)] 828511K->656675K(1864192K), 0.0441623 secs] [Times: user=0.20 sys=0.00, real=0.04 secs] 
5488.000: [GC (Allocation Failure) [PSYoungGen: 418262K->184404K(465920K)] 889635K->711986K(1864192K), 0.0462793 secs] [Times: user=0.21 sys=0.00, real=0.04 secs] 
5488.993: [GC (GCLocker Initiated GC) [PSYoungGen: 417364K->105756K(465920K)] 944946K->703074K(1864192K), 0.0450620 secs] [Times: user=0.24 sys=0.00, real=0.04 secs] 
5490.079: [GC (Allocation Failure) [PSYoungGen: 338716K->173108K(465920K)] 936163K->804335K(1864192K), 0.0869145 secs] [Times: user=0.43 sys=0.00, real=0.08 secs] 
5490.342: [GC (Allocation Failure) [PSYoungGen: 406068K->182229K(465920K)] 1037295K->866565K(1864192K), 0.0430436 secs] [Times: user=0.20 sys=0.00, real=0.04 secs] 
5490.534: [GC (Allocation Failure) [PSYoungGen: 415189K->185847K(465920K)] 1099525K->933830K(1864192K), 0.0749122 secs] [Times: user=0.38 sys=0.00, real=0.08 secs] 
5491.014: [GC (Allocation Failure) [PSYoungGen: 417197K->213812K(465920K)] 1165181K->1020660K(1864192K), 0.0539719 secs] [Times: user=0.27 sys=0.01, real=0.05 secs] 
5492.188: [GC (Allocation Failure) [PSYoungGen: 446772K->97435K(465920K)] 1253620K->972115K(1864192K), 0.0786274 secs] [Times: user=0.42 sys=0.00, real=0.07 secs] 
5493.131: [GC (Allocation Failure) [PSYoungGen: 330395K->180278K(465920K)] 1205075K->1086234K(1864192K), 0.0541394 secs] [Times: user=0.24 sys=0.00, real=0.05 secs] 
5493.383: [GC (Allocation Failure) [PSYoungGen: 413238K->185142K(465920K)] 1319194K->1147162K(1864192K), 0.0614611 secs] [Times: user=0.29 sys=0.00, real=0.06 secs] 
5493.556: [GC (Allocation Failure) [PSYoungGen: 418102K->187125K(465920K)] 1380122K->1205369K(1864192K), 0.0470390 secs] [Times: user=0.21 sys=0.00, real=0.05 secs] 
5494.532: [GC (Allocation Failure) [PSYoungGen: 420085K->102492K(465920K)] 1438329K->1191161K(1864192K), 0.0461122 secs] [Times: user=0.23 sys=0.00, real=0.04 secs] 
5495.063: [GC (Allocation Failure) [PSYoungGen: 335452K->173044K(465920K)] 1424121K->1294534K(1864192K), 0.1048352 secs] [Times: user=0.53 sys=0.01, real=0.10 secs] 
5495.369: [GC (Allocation Failure) [PSYoungGen: 406004K->178901K(465920K)] 1527494K->1354666K(1864192K), 0.0487569 secs] [Times: user=0.23 sys=0.00, real=0.04 secs] 
5495.527: [GC (Allocation Failure) [PSYoungGen: 411861K->186263K(465920K)] 1587626K->1424892K(1864192K), 0.0504575 secs] [Times: user=0.24 sys=0.00, real=0.05 secs] 
5496.343: [GC (Allocation Failure) [PSYoungGen: 418033K->212339K(465920K)] 1656663K->1510009K(1864192K), 0.0576080 secs] [Times: user=0.29 sys=0.00, real=0.06 secs] 
5497.062: [GC (Allocation Failure) [PSYoungGen: 445299K->103020K(465920K)] 1742969K->1467353K(1864192K), 0.0784040 secs] [Times: user=0.43 sys=0.00, real=0.08 secs] 
5497.141: [Full GC (Ergonomics) [PSYoungGen: 103020K->0K(465920K)] [ParOldGen: 1364333K->120581K(1398272K)] 1467353K->120581K(1864192K), [Metaspace: 59607K->59607K(1105920K)], 0.1600819 secs] [Times: user=0.68 sys=0.00, real=0.16 secs] 
5497.777: [GC (Allocation Failure) [PSYoungGen: 232960K->180245K(465920K)] 353541K->300827K(1864192K), 0.0333610 secs] [Times: user=0.13 sys=0.00, real=0.04 secs] 
5497.992: [GC (Allocation Failure) [PSYoungGen: 413205K->185366K(465920K)] 533787K->362132K(1864192K), 0.0620258 secs] [Times: user=0.29 sys=0.01, real=0.06 secs] 
5498.178: [GC (Allocation Failure) [PSYoungGen: 418326K->187445K(465920K)] 595092K->420395K(1864192K), 0.0450917 secs] [Times: user=0.20 sys=0.00, real=0.05 secs] 
5499.226: [GC (Allocation Failure) [PSYoungGen: 420405K->97467K(465920K)] 653355K->400889K(1864192K), 0.0479660 secs] [Times: user=0.25 sys=0.00, real=0.05 secs] 
5500.650: [GC (Allocation Failure) [PSYoungGen: 330427K->169780K(465920K)] 633849K->504447K(1864192K), 0.0987574 secs] [Times: user=0.50 sys=0.00, real=0.10 secs] 
5500.946: [GC (Allocation Failure) [PSYoungGen: 402740K->190293K(465920K)] 737407K->578192K(1864192K), 0.0436464 secs] [Times: user=0.20 sys=0.00, real=0.05 secs] 
5501.101: [GC (Allocation Failure) [PSYoungGen: 423253K->185847K(465920K)] 811152K->645434K(1864192K), 0.0498327 secs] [Times: user=0.23 sys=0.00, real=0.05 secs] 
5501.959: [GC (Allocation Failure) [PSYoungGen: 415552K->211475K(465920K)] 875139K->730102K(1864192K), 0.0559133 secs] [Times: user=0.28 sys=0.00, real=0.05 secs] 
5502.486: [GC (Allocation Failure) [PSYoungGen: 444435K->98747K(465920K)] 963062K->683726K(1864192K), 0.0640519 secs] [Times: user=0.34 sys=0.00, real=0.07 secs] 
5503.449: [GC (Allocation Failure) [PSYoungGen: 331707K->179797K(465920K)] 916686K->796117K(1864192K), 0.0540067 secs] [Times: user=0.24 sys=0.00, real=0.05 secs] 
5503.648: [GC (Allocation Failure) [PSYoungGen: 412757K->185078K(465920K)] 1029077K->857669K(1864192K), 0.0431896 secs] [Times: user=0.20 sys=0.00, real=0.05 secs] 
5503.816: [GC (Allocation Failure) [PSYoungGen: 418038K->187349K(465920K)] 1090629K->915997K(1864192K), 0.0501000 secs] [Times: user=0.24 sys=0.00, real=0.05 secs] 
5504.811: [GC (Allocation Failure) [PSYoungGen: 420309K->102620K(465920K)] 1148957K->901956K(1864192K), 0.0448103 secs] [Times: user=0.23 sys=0.00, real=0.04 secs] 
5505.664: [GC (Allocation Failure) [PSYoungGen: 335580K->169588K(465920K)] 1134916K->1001897K(1864192K), 0.0814767 secs] [Times: user=0.40 sys=0.00, real=0.08 secs] 
5505.950: [GC (Allocation Failure) [PSYoungGen: 402548K->184854K(465920K)] 1234857K->1070302K(1864192K), 0.0575457 secs] [Times: user=0.27 sys=0.00, real=0.05 secs] 
5506.171: [GC (Allocation Failure) [PSYoungGen: 417814K->183030K(465920K)] 1303262K->1132647K(1864192K), 0.0737105 secs] [Times: user=0.36 sys=0.00, real=0.07 secs] 
5507.008: [GC (Allocation Failure) [PSYoungGen: 414969K->212371K(465920K)] 1364586K->1220084K(1864192K), 0.0550450 secs] [Times: user=0.28 sys=0.00, real=0.06 secs] 
5507.856: [GC (Allocation Failure) [PSYoungGen: 445331K->101004K(465920K)] 1453044K->1175528K(1864192K), 0.0988406 secs] [Times: user=0.52 sys=0.00, real=0.10 secs] 
5509.078: [GC (Allocation Failure) [PSYoungGen: 333964K->175925K(465920K)] 1408488K->1282403K(1864192K), 0.0536936 secs] [Times: user=0.25 sys=0.00, real=0.05 secs] 
5509.312: [GC (Allocation Failure) [PSYoungGen: 408885K->193494K(465920K)] 1515363K->1355016K(1864192K), 0.0647479 secs] [Times: user=0.31 sys=0.00, real=0.06 secs] 
5509.498: [GC (Allocation Failure) [PSYoungGen: 426454K->187157K(465920K)] 1587976K->1404823K(1864192K), 0.0465972 secs] [Times: user=0.22 sys=0.01, real=0.05 secs] 
5510.503: [GC (Allocation Failure) [PSYoungGen: 420117K->102556K(465920K)] 1637783K->1390710K(1864192K), 0.0462626 secs] [Times: user=0.24 sys=0.00, real=0.05 secs] 
5511.192: [GC (Allocation Failure) [PSYoungGen: 335516K->166644K(465920K)] 1623670K->1487794K(1864192K), 0.0962199 secs] [Times: user=0.48 sys=0.00, real=0.10 secs] 
5511.289: [Full GC (Ergonomics) [PSYoungGen: 166644K->0K(465920K)] [ParOldGen: 1321150K->189345K(1398272K)] 1487794K->189345K(1864192K), [Metaspace: 59607K->59607K(1105920K)], 0.2558436 secs] [Times: user=1.24 sys=0.01, real=0.25 secs] 
5511.664: [GC (Allocation Failure) [PSYoungGen: 232960K->185238K(465920K)] 422305K->374583K(1864192K), 0.0330895 secs] [Times: user=0.14 sys=0.00, real=0.03 secs] 
5511.814: [GC (Allocation Failure) [PSYoungGen: 418198K->185815K(465920K)] 607543K->439664K(1864192K), 0.0435056 secs] [Times: user=0.19 sys=0.00, real=0.04 secs] 
5512.379: [GC (Allocation Failure) [PSYoungGen: 418775K->197780K(465920K)] 672624K->510565K(1864192K), 0.0522209 secs] [Times: user=0.25 sys=0.00, real=0.05 secs] 
5513.112: [GC (Allocation Failure) [PSYoungGen: 430740K->103004K(465920K)] 743525K->483197K(1864192K), 0.0567852 secs] [Times: user=0.29 sys=0.00, real=0.06 secs] 
5513.596: [GC (Allocation Failure) [PSYoungGen: 331959K->179669K(465920K)] 712153K->592427K(1864192K), 0.0654619 secs] [Times: user=0.30 sys=0.00, real=0.07 secs] 
5513.873: [GC (Allocation Failure) [PSYoungGen: 412629K->182101K(465920K)] 825387K->651087K(1864192K), 0.0531221 secs] [Times: user=0.26 sys=0.01, real=0.05 secs] 
5514.033: [GC (Allocation Failure) [PSYoungGen: 415061K->187189K(465920K)] 884047K->711415K(1864192K), 0.0449766 secs] [Times: user=0.21 sys=0.00, real=0.05 secs] 
5515.042: [GC (Allocation Failure) [PSYoungGen: 420149K->99740K(465920K)] 944375K->694350K(1864192K), 0.0440842 secs] [Times: user=0.23 sys=0.00, real=0.04 secs] 
5515.977: [GC (Allocation Failure) [PSYoungGen: 332700K->166260K(465920K)] 927310K->793338K(1864192K), 0.0756820 secs] [Times: user=0.36 sys=0.00, real=0.08 secs] 
5516.217: [GC (Allocation Failure) [PSYoungGen: 399220K->185238K(465920K)] 1026298K->864792K(1864192K), 0.0423891 secs] [Times: user=0.19 sys=0.00, real=0.05 secs] 
5516.398: [GC (Allocation Failure) [PSYoungGen: 418198K->185975K(465920K)] 1097752K->930017K(1864192K), 0.0722759 secs] [Times: user=0.36 sys=0.00, real=0.08 secs] 
5517.221: [GC (Allocation Failure) [PSYoungGen: 414451K->213556K(465920K)] 1158494K->1016630K(1864192K), 0.0573964 secs] [Times: user=0.29 sys=0.00, real=0.06 secs] 
5517.969: [GC (Allocation Failure) [PSYoungGen: 446516K->101067K(465920K)] 1249590K->971338K(1864192K), 0.0601665 secs] [Times: user=0.32 sys=0.00, real=0.06 secs] 
5518.692: [GC (Allocation Failure) [PSYoungGen: 334027K->177621K(465920K)] 1204298K->1080061K(1864192K), 0.0518219 secs] [Times: user=0.23 sys=0.00, real=0.05 secs] 
5518.875: [GC (Allocation Failure) [PSYoungGen: 410581K->185174K(465920K)] 1313021K->1143505K(1864192K), 0.0447558 secs] [Times: user=0.20 sys=0.00, real=0.05 secs] 
5519.025: [GC (Allocation Failure) [PSYoungGen: 418134K->187285K(465920K)] 1376465K->1201789K(1864192K), 0.0460543 secs] [Times: user=0.21 sys=0.00, real=0.05 secs] 
5520.046: [GC (Allocation Failure) [PSYoungGen: 420245K->103148K(465920K)] 1434749K->1188236K(1864192K), 0.0454971 secs] [Times: user=0.24 sys=0.00, real=0.05 secs] 
5520.557: [GC (Allocation Failure) [PSYoungGen: 336108K->173076K(465920K)] 1421196K->1291273K(1864192K), 0.0671255 secs] [Times: user=0.32 sys=0.00, real=0.07 secs] 
5520.811: [GC (Allocation Failure) [PSYoungGen: 406036K->182229K(465920K)] 1524233K->1354830K(1864192K), 0.0580281 secs] [Times: user=0.28 sys=0.00, real=0.06 secs] 
5520.984: [GC (Allocation Failure) [PSYoungGen: 415189K->185527K(465920K)] 1587790K->1421792K(1864192K), 0.0504914 secs] [Times: user=0.23 sys=0.00, real=0.05 secs] 
5521.795: [GC (Allocation Failure) [PSYoungGen: 418056K->209523K(465920K)] 1654321K->1504524K(1864192K), 0.0569956 secs] [Times: user=0.29 sys=0.00, real=0.06 secs] 
5522.617: [GC (Allocation Failure) [PSYoungGen: 442483K->102476K(465920K)] 1737484K->1463313K(1864192K), 0.0998068 secs] [Times: user=0.53 sys=0.01, real=0.10 secs] 
5522.717: [Full GC (Ergonomics) [PSYoungGen: 102476K->0K(465920K)] [ParOldGen: 1360836K->119092K(1398272K)] 1463313K->119092K(1864192K), [Metaspace: 59607K->59607K(1105920K)], 0.1738630 secs] [Times: user=0.76 sys=0.00, real=0.18 secs] 
5523.252: [GC (Allocation Failure) [PSYoungGen: 232960K->180277K(465920K)] 352052K->299370K(1864192K), 0.0251058 secs] [Times: user=0.08 sys=0.00, real=0.02 secs] 
5523.414: [GC (Allocation Failure) [PSYoungGen: 413237K->193590K(465920K)] 532330K->368918K(1864192K), 0.0544853 secs] [Times: user=0.25 sys=0.00, real=0.06 secs] 
5523.624: [GC (Allocation Failure) [PSYoungGen: 426550K->187253K(465920K)] 601878K->418845K(1864192K), 0.0677695 secs] [Times: user=0.33 sys=0.00, real=0.07 secs] 
5524.684: [GC (Allocation Failure) [PSYoungGen: 420213K->98219K(465920K)] 651805K->400364K(1864192K), 0.0427889 secs] [Times: user=0.22 sys=0.00, real=0.04 secs] 
5525.522: [GC (Allocation Failure) [PSYoungGen: 331179K->173589K(465920K)] 633324K->506938K(1864192K), 0.0945450 secs] [Times: user=0.47 sys=0.00, real=0.09 secs] 
5525.800: [GC (Allocation Failure) [PSYoungGen: 406549K->185526K(465920K)] 739898K->573555K(1864192K), 0.0427246 secs] [Times: user=0.19 sys=0.00, real=0.04 secs] 
5525.950: [GC (Allocation Failure) [PSYoungGen: 418486K->182614K(465920K)] 806515K->635052K(1864192K), 0.0492536 secs] [Times: user=0.22 sys=0.00, real=0.05 secs] 
5526.846: [GC (Allocation Failure) [PSYoungGen: 415574K->170771K(465920K)] 868012K->680872K(1864192K), 0.0537531 secs] [Times: user=0.27 sys=0.00, real=0.06 secs] 
5527.467: [GC (Allocation Failure) [PSYoungGen: 403731K->107372K(465920K)] 913832K->682706K(1864192K), 0.0784563 secs] [Times: user=0.41 sys=0.00, real=0.08 secs] 
5528.343: [GC (Allocation Failure) [PSYoungGen: 340332K->204405K(465920K)] 915666K->813314K(1864192K), 0.0552833 secs] [Times: user=0.26 sys=0.00, real=0.06 secs] 
5528.573: [GC (Allocation Failure) [PSYoungGen: 437365K->180822K(465920K)] 1046274K->852879K(1864192K), 0.0692033 secs] [Times: user=0.33 sys=0.00, real=0.07 secs] 
5528.753: [GC (Allocation Failure) [PSYoungGen: 413782K->184853K(465920K)] 1085839K->914421K(1864192K), 0.0556263 secs] [Times: user=0.27 sys=0.00, real=0.06 secs] 
5529.737: [GC (Allocation Failure) [PSYoungGen: 417813K->100444K(465920K)] 1147381K->899717K(1864192K), 0.0470574 secs] [Times: user=0.25 sys=0.00, real=0.05 secs] 
5530.937: [GC (Allocation Failure) [PSYoungGen: 333404K->171860K(465920K)] 1132677K->1003362K(1864192K), 0.0880895 secs] [Times: user=0.43 sys=0.00, real=0.09 secs] 
5531.249: [GC (Allocation Failure) [PSYoungGen: 404820K->184630K(465920K)] 1236322K->1070067K(1864192K), 0.0492737 secs] [Times: user=0.22 sys=0.00, real=0.05 secs] 
5531.431: [GC (Allocation Failure) [PSYoungGen: 417116K->183767K(465920K)] 1302554K->1133316K(1864192K), 0.0681029 secs] [Times: user=0.33 sys=0.00, real=0.07 secs] 
5532.312: [GC (Allocation Failure) [PSYoungGen: 412199K->206035K(465920K)] 1361749K->1213961K(1864192K), 0.0559385 secs] [Times: user=0.28 sys=0.00, real=0.06 secs] 
5532.904: [GC (Allocation Failure) [PSYoungGen: 438995K->101660K(465920K)] 1446921K->1174226K(1864192K), 0.0590425 secs] [Times: user=0.31 sys=0.00, real=0.06 secs] 
5533.337: [GC (Allocation Failure) [PSYoungGen: 332119K->180854K(465920K)] 1404685K->1286072K(1864192K), 0.0490410 secs] [Times: user=0.22 sys=0.01, real=0.05 secs] 
5533.504: [GC (Allocation Failure) [PSYoungGen: 413814K->182197K(465920K)] 1519032K->1343812K(1864192K), 0.0448430 secs] [Times: user=0.20 sys=0.01, real=0.05 secs] 
5533.668: [GC (Allocation Failure) [PSYoungGen: 415157K->187413K(465920K)] 1576772K->1404340K(1864192K), 0.0577391 secs] [Times: user=0.29 sys=0.00, real=0.06 secs] 
5534.763: [GC (Allocation Failure) [PSYoungGen: 420373K->99004K(465920K)] 1637300K->1386506K(1864192K), 0.0503509 secs] [Times: user=0.27 sys=0.00, real=0.05 secs] 
5535.581: [GC (Allocation Failure) [PSYoungGen: 331964K->172468K(465920K)] 1619466K->1492040K(1864192K), 0.0764146 secs] [Times: user=0.37 sys=0.00, real=0.07 secs] 
5535.657: [Full GC (Ergonomics) [PSYoungGen: 172468K->0K(465920K)] [ParOldGen: 1319571K->195286K(1398272K)] 1492040K->195286K(1864192K), [Metaspace: 59607K->59607K(1105920K)], 0.2328199 secs] [Times: user=1.12 sys=0.01, real=0.24 secs] 
5535.996: [GC (Allocation Failure) [PSYoungGen: 232960K->182133K(465920K)] 428246K->377419K(1864192K), 0.0333592 secs] [Times: user=0.14 sys=0.00, real=0.04 secs] 
5536.139: [GC (Allocation Failure) [PSYoungGen: 415093K->185943K(465920K)] 610379K->445109K(1864192K), 0.0435982 secs] [Times: user=0.19 sys=0.00, real=0.04 secs] 
5536.908: [GC (Allocation Failure) [PSYoungGen: 418903K->216211K(465920K)] 678069K->534210K(1864192K), 0.0561982 secs] [Times: user=0.28 sys=0.01, real=0.06 secs] 
5538.142: [GC (Allocation Failure) [PSYoungGen: 449171K->101692K(465920K)] 767170K->486570K(1864192K), 0.0730352 secs] [Times: user=0.39 sys=0.00, real=0.07 secs] 
5539.242: [GC (Allocation Failure) [PSYoungGen: 334652K->178933K(465920K)] 719530K->595876K(1864192K), 0.0517654 secs] [Times: user=0.23 sys=0.00, real=0.05 secs] 
5539.426: [GC (Allocation Failure) [PSYoungGen: 411893K->185334K(465920K)] 828836K->658129K(1864192K), 0.0434624 secs] [Times: user=0.20 sys=0.00, real=0.05 secs] 
5539.590: [GC (Allocation Failure) [PSYoungGen: 418294K->187413K(465920K)] 891089K->716392K(1864192K), 0.0503911 secs] [Times: user=0.24 sys=0.00, real=0.05 secs] 
5540.607: [GC (Allocation Failure) [PSYoungGen: 420373K->99932K(465920K)] 949352K->699635K(1864192K), 0.0454826 secs] [Times: user=0.22 sys=0.00, real=0.05 secs] 
5541.931: [GC (Allocation Failure) [PSYoungGen: 332892K->165556K(465920K)] 932595K->797840K(1864192K), 0.0820619 secs] [Times: user=0.41 sys=0.00, real=0.08 secs] 
5542.177: [GC (Allocation Failure) [PSYoungGen: 398516K->184918K(465920K)] 1030800K->869302K(1864192K), 0.0416962 secs] [Times: user=0.19 sys=0.00, real=0.05 secs] 
5542.372: [GC (Allocation Failure) [PSYoungGen: 417878K->186135K(465920K)] 1102262K->934871K(1864192K), 0.0746636 secs] [Times: user=0.37 sys=0.00, real=0.07 secs] 
5543.188: [GC (Allocation Failure) [PSYoungGen: 417871K->213011K(465920K)] 1166608K->1020860K(1864192K), 0.0553994 secs] [Times: user=0.27 sys=0.00, real=0.05 secs] 
5543.742: [GC (Allocation Failure) [PSYoungGen: 445971K->103756K(465920K)] 1253820K->978536K(1864192K), 0.0592825 secs] [Times: user=0.31 sys=0.00, real=0.06 secs] 
5544.545: [GC (Allocation Failure) [PSYoungGen: 336716K->179573K(465920K)] 1211496K->1087151K(1864192K), 0.0560348 secs] [Times: user=0.25 sys=0.00, real=0.06 secs] 
5544.742: [GC (Allocation Failure) [PSYoungGen: 412533K->184950K(465920K)] 1320111K->1148987K(1864192K), 0.0443897 secs] [Times: user=0.20 sys=0.00, real=0.04 secs] 
5544.901: [GC (Allocation Failure) [PSYoungGen: 417910K->184148K(465920K)] 1381947K->1204258K(1864192K), 0.0500008 secs] [Times: user=0.24 sys=0.00, real=0.05 secs] 
5545.910: [GC (Allocation Failure) [PSYoungGen: 417108K->101852K(465920K)] 1437218K->1191457K(1864192K), 0.0477063 secs] [Times: user=0.24 sys=0.00, real=0.04 secs] 
5546.731: [GC (Allocation Failure) [PSYoungGen: 334812K->173845K(465920K)] 1424417K->1295855K(1864192K), 0.0948874 secs] [Times: user=0.47 sys=0.00, real=0.09 secs] 
5547.041: [GC (Allocation Failure) [PSYoungGen: 406805K->182037K(465920K)] 1528815K->1358468K(1864192K), 0.0472839 secs] [Times: user=0.22 sys=0.00, real=0.04 secs] 
5547.200: [GC (Allocation Failure) [PSYoungGen: 414997K->185751K(465920K)] 1591428K->1425645K(1864192K), 0.0525851 secs] [Times: user=0.25 sys=0.00, real=0.05 secs] 
5548.122: [GC (Allocation Failure) [PSYoungGen: 418711K->169811K(465920K)] 1658605K->1468601K(1864192K), 0.0598308 secs] [Times: user=0.30 sys=0.00, real=0.06 secs] 
5548.778: [GC (Allocation Failure) [PSYoungGen: 402771K->106300K(465920K)] 1701561K->1470171K(1864192K), 0.0792989 secs] [Times: user=0.42 sys=0.00, real=0.08 secs] 
5548.857: [Full GC (Ergonomics) [PSYoungGen: 106300K->0K(465920K)] [ParOldGen: 1363870K->122896K(1398272K)] 1470171K->122896K(1864192K), [Metaspace: 59607K->59607K(1105920K)], 0.1618715 secs] [Times: user=0.69 sys=0.01, real=0.17 secs] 
5549.432: [GC (Allocation Failure) [PSYoungGen: 232960K->177525K(465920K)] 355856K->300421K(1864192K), 0.0326764 secs] [Times: user=0.12 sys=0.00, real=0.03 secs] 
5549.646: [GC (Allocation Failure) [PSYoungGen: 410485K->185302K(465920K)] 533381K->363390K(1864192K), 0.0619347 secs] [Times: user=0.30 sys=0.00, real=0.06 secs] 
5549.832: [GC (GCLocker Initiated GC) [PSYoungGen: 418262K->187157K(465920K)] 596350K->421525K(1864192K), 0.0441602 secs] [Times: user=0.20 sys=0.00, real=0.04 secs] 
5550.783: [GC (Allocation Failure) [PSYoungGen: 420117K->100940K(465920K)] 654652K->406047K(1864192K), 0.0449686 secs] [Times: user=0.22 sys=0.00, real=0.04 secs] 
5551.402: [GC (GCLocker Initiated GC) [PSYoungGen: 333900K->174869K(465920K)] 639021K->511947K(1864192K), 0.0737960 secs] [Times: user=0.35 sys=0.00, real=0.07 secs] 
5551.636: [GC (Allocation Failure) [PSYoungGen: 407829K->181749K(465920K)] 745202K->574223K(1864192K), 0.0424508 secs] [Times: user=0.18 sys=0.01, real=0.04 secs] 
5551.787: [GC (Allocation Failure) [PSYoungGen: 414709K->183927K(465920K)] 807183K->639488K(1864192K), 0.0488178 secs] [Times: user=0.23 sys=0.00, real=0.05 secs] 
5552.579: [GC (Allocation Failure) [PSYoungGen: 412132K->205042K(465920K)] 867694K->718824K(1864192K), 0.0546599 secs] [Times: user=0.27 sys=0.01, real=0.05 secs] 
5552.960: [GC (Allocation Failure) [PSYoungGen: 438002K->103052K(465920K)] 951784K->681273K(1864192K), 0.0461675 secs] [Times: user=0.24 sys=0.00, real=0.04 secs] 
5553.210: [GC (Allocation Failure) [PSYoungGen: 336012K->180181K(465920K)] 914233K->791088K(1864192K), 0.0353434 secs] [Times: user=0.15 sys=0.00, real=0.03 secs] 
5553.404: [GC (Allocation Failure) [PSYoungGen: 413141K->185206K(465920K)] 1024048K->852608K(1864192K), 0.0656818 secs] [Times: user=0.32 sys=0.01, real=0.07 secs] 
5553.635: [GC (Allocation Failure) [PSYoungGen: 418166K->186549K(465920K)] 1085572K->910028K(1864192K), 0.0636266 secs] [Times: user=0.31 sys=0.00, real=0.07 secs] 
5554.656: [GC (Allocation Failure) [PSYoungGen: 419509K->99132K(465920K)] 1142988K->893010K(1864192K), 0.0447693 secs] [Times: user=0.23 sys=0.00, real=0.05 secs] 
5555.044: [GC (Allocation Failure) [PSYoungGen: 332092K->173044K(465920K)] 1125970K->998679K(1864192K), 0.0844042 secs] [Times: user=0.41 sys=0.00, real=0.08 secs] 
5555.334: [GC (Allocation Failure) [PSYoungGen: 406004K->185302K(465920K)] 1231639K->1065573K(1864192K), 0.0483874 secs] [Times: user=0.22 sys=0.00, real=0.05 secs] 
5555.513: [GC (Allocation Failure) [PSYoungGen: 418262K->184759K(465920K)] 1298533K->1129390K(1864192K), 0.0565218 secs] [Times: user=0.28 sys=0.00, real=0.06 secs] 
5556.402: [GC (Allocation Failure) [PSYoungGen: 417719K->169299K(465920K)] 1362350K->1172674K(1864192K), 0.0590038 secs] [Times: user=0.30 sys=0.00, real=0.06 secs] 
Heap
 PSYoungGen      total 465920K, used 246180K [0x00000000d5580000, 0x0000000100000000, 0x0000000100000000)
  eden space 232960K