5.708: [GC (Allocation Failure) [PSYoungGen: 128000K->12510K(148992K)] 128000K->12590K(488960K), 0.0186694 secs] [Times: user=0.03 sys=0.00, real=0.01 secs] 
6.156: [GC (Metadata GC Threshold) [PSYoungGen: 48906K->6017K(148992K)] 48986K->6113K(488960K), 0.0055718 secs] [Times: user=0.02 sys=0.01, real=0.01 secs] 
6.162: [Full GC (Metadata GC Threshold) [PSYoungGen: 6017K->0K(148992K)] [ParOldGen: 96K->5940K(181760K)] 6113K->5940K(330752K), [Metaspace: 20452K->20452K(1067008K)], 0.0252070 secs] [Times: user=0.08 sys=0.00, real=0.02 secs] 
7.509: [GC (Allocation Failure) [PSYoungGen: 128000K->9875K(148992K)] 133940K->15824K(330752K), 0.0030906 secs] [Times: user=0.01 sys=0.00, real=0.00 secs] 
8.104: [GC (Metadata GC Threshold) [PSYoungGen: 38297K->4688K(148992K)] 44246K->10644K(330752K), 0.0041741 secs] [Times: user=0.02 sys=0.00, real=0.01 secs] 
8.108: [Full GC (Metadata GC Threshold) [PSYoungGen: 4688K->0K(148992K)] [ParOldGen: 5956K->8884K(300032K)] 10644K->8884K(449024K), [Metaspace: 33732K->33732K(1079296K)], 0.0351828 secs] [Times: user=0.11 sys=0.01, real=0.03 secs] 
9.675: [GC (Allocation Failure) [PSYoungGen: 128000K->13167K(148992K)] 136884K->22060K(449024K), 0.0045586 secs] [Times: user=0.01 sys=0.00, real=0.01 secs] 
12.661: [GC (Allocation Failure) [PSYoungGen: 141167K->14034K(183296K)] 150060K->55710K(483328K), 0.0207176 secs] [Times: user=0.08 sys=0.03, real=0.02 secs] 
13.878: [GC (Allocation Failure) [PSYoungGen: 170735K->17904K(184832K)] 212411K->111648K(484864K), 0.0130462 secs] [Times: user=0.06 sys=0.01, real=0.01 secs] 
14.676: [GC (Allocation Failure) [PSYoungGen: 175938K->34400K(273920K)] 269683K->193688K(573952K), 0.0120335 secs] [Times: user=0.05 sys=0.02, real=0.01 secs] 
15.189: [GC (Allocation Failure) [PSYoungGen: 261728K->50171K(277504K)] 421016K->371006K(598528K), 0.0294532 secs] [Times: user=0.06 sys=0.03, real=0.03 secs] 
15.219: [Full GC (Ergonomics) [PSYoungGen: 50171K->0K(277504K)] [ParOldGen: 320834K->286524K(750080K)] 371006K->286524K(1027584K), [Metaspace: 52440K->52440K(1097728K)], 0.0638387 secs] [Times: user=0.27 sys=0.00, real=0.06 secs] 
15.551: [GC (Allocation Failure) [PSYoungGen: 227328K->59376K(366080K)] 513852K->466584K(1116160K), 0.0212156 secs] [Times: user=0.02 sys=0.01, real=0.02 secs] 
16.351: [GC (Allocation Failure) [PSYoungGen: 366064K->69081K(375808K)] 773272K->632196K(1125888K), 0.0404825 secs] [Times: user=0.03 sys=0.01, real=0.04 secs] 
20.144: [GC (Allocation Failure) [PSYoungGen: 375769K->3524K(509440K)] 938884K->566639K(1259520K), 0.0029737 secs] [Times: user=0.01 sys=0.00, real=0.00 secs] 
20.674: [GC (Allocation Failure) [PSYoungGen: 443332K->79866K(519680K)] 1006447K->916174K(1356288K), 0.0545833 secs] [Times: user=0.04 sys=0.02, real=0.06 secs] 
20.728: [Full GC (Ergonomics) [PSYoungGen: 79866K->0K(519680K)] [ParOldGen: 836307K->560517K(1187840K)] 916174K->560517K(1707520K), [Metaspace: 52860K->52860K(1097728K)], 0.0649809 secs] [Times: user=0.26 sys=0.00, real=0.06 secs] 
22.111: [GC (Allocation Failure) [PSYoungGen: 439808K->128163K(465408K)] 1000325K->688689K(1653248K), 0.0211636 secs] [Times: user=0.01 sys=0.02, real=0.02 secs] 
22.601: [GC (Allocation Failure) [PSYoungGen: 414371K->201194K(487424K)] 974897K->761719K(1675264K), 0.0217264 secs] [Times: user=0.02 sys=0.00, real=0.02 secs] 
23.009: [GC (Allocation Failure) [PSYoungGen: 487402K->211383K(444416K)] 1047927K->791036K(1632256K), 0.0255202 secs] [Times: user=0.02 sys=0.01, real=0.02 secs] 
23.705: [GC (Allocation Failure) [PSYoungGen: 444343K->85263K(465920K)] 1023996K->665139K(1653760K), 0.0097118 secs] [Times: user=0.03 sys=0.00, real=0.01 secs] 
24.467: [GC (Allocation Failure) [PSYoungGen: 318223K->66204K(465920K)] 898099K->646379K(1653760K), 0.0082573 secs] [Times: user=0.01 sys=0.00, real=0.01 secs] 
24.738: [GC (Allocation Failure) [PSYoungGen: 299164K->184173K(465920K)] 879339K->765745K(1653760K), 0.0201963 secs] [Times: user=0.02 sys=0.00, real=0.02 secs] 
25.025: [GC (Allocation Failure) [PSYoungGen: 417133K->184044K(465920K)] 998705K->765898K(1653760K), 0.0200903 secs] [Times: user=0.03 sys=0.00, real=0.02 secs] 
28.106: [GC (Allocation Failure) [PSYoungGen: 417004K->81151K(465920K)] 998858K->663277K(1653760K), 0.0169478 secs] [Times: user=0.05 sys=0.00, real=0.02 secs] 
29.810: [GC (Allocation Failure) [PSYoungGen: 314111K->73863K(465920K)] 896237K->656307K(1653760K), 0.0105828 secs] [Times: user=0.01 sys=0.00, real=0.01 secs] 
30.088: [GC (Allocation Failure) [PSYoungGen: 306823K->183819K(465920K)] 889267K->767517K(1653760K), 0.0201067 secs] [Times: user=0.02 sys=0.00, real=0.02 secs] 
30.372: [GC (Allocation Failure) [PSYoungGen: 416779K->184558K(465920K)] 1000477K->768658K(1653760K), 0.0200333 secs] [Times: user=0.03 sys=0.00, real=0.02 secs] 
32.621: [GC (Allocation Failure) [PSYoungGen: 417518K->72925K(465920K)] 1001618K->657185K(1653760K), 0.0118344 secs] [Times: user=0.04 sys=0.00, real=0.01 secs] 
34.325: [GC (Allocation Failure) [PSYoungGen: 305885K->81925K(465920K)] 890145K->666507K(1653760K), 0.0097838 secs] [Times: user=0.02 sys=0.00, real=0.01 secs] 
34.599: [GC (Allocation Failure) [PSYoungGen: 314885K->184687K(465920K)] 899467K->770522K(1653760K), 0.0201893 secs] [Times: user=0.03 sys=0.00, real=0.02 secs] 
34.944: [GC (Allocation Failure) [PSYoungGen: 417647K->184655K(465920K)] 1003482K->770771K(1653760K), 0.0201154 secs] [Times: user=0.03 sys=0.00, real=0.02 secs] 
37.150: [GC (Allocation Failure) [PSYoungGen: 417615K->63896K(465920K)] 1003731K->650286K(1653760K), 0.0104826 secs] [Times: user=0.04 sys=0.00, real=0.01 secs] 
38.541: [GC (Allocation Failure) [PSYoungGen: 296856K->90121K(465920K)] 883246K->676816K(1653760K), 0.0131272 secs] [Times: user=0.02 sys=0.00, real=0.01 secs] 
38.838: [GC (Allocation Failure) [PSYoungGen: 323081K->184301K(465920K)] 909776K->772378K(1653760K), 0.0201807 secs] [Times: user=0.03 sys=0.00, real=0.02 secs] 
39.169: [GC (Allocation Failure) [PSYoungGen: 417261K->184205K(465920K)] 1005338K->772434K(1653760K), 0.0202649 secs] [Times: user=0.02 sys=0.00, real=0.02 secs] 
40.688: [GC (Allocation Failure) [PSYoungGen: 417165K->56603K(465920K)] 1005394K->645105K(1653760K), 0.0090473 secs] [Times: user=0.03 sys=0.01, real=0.01 secs] 
41.740: [GC (Allocation Failure) [PSYoungGen: 289563K->98989K(465920K)] 878065K->687814K(1653760K), 0.0115526 secs] [Times: user=0.02 sys=0.00, real=0.01 secs] 
42.026: [GC (Allocation Failure) [PSYoungGen: 331949K->184044K(465920K)] 920774K->774122K(1653760K), 0.0199435 secs] [Times: user=0.03 sys=0.00, real=0.02 secs] 
42.367: [GC (Allocation Failure) [PSYoungGen: 417004K->184590K(465920K)] 1007082K->774949K(1653760K), 0.0203300 secs] [Times: user=0.02 sys=0.00, real=0.02 secs] 
46.825: [GC (Allocation Failure) [PSYoungGen: 417550K->47574K(465920K)] 1007909K->638335K(1653760K), 0.0116209 secs] [Times: user=0.04 sys=0.00, real=0.01 secs] 
47.606: [GC (Allocation Failure) [PSYoungGen: 280534K->108272K(465920K)] 871295K->699234K(1653760K), 0.0124394 secs] [Times: user=0.01 sys=0.00, real=0.02 secs] 
47.882: [GC (Allocation Failure) [PSYoungGen: 341232K->184333K(465920K)] 932194K->776549K(1653760K), 0.0200308 secs] [Times: user=0.03 sys=0.00, real=0.02 secs] 
48.163: [GC (GCLocker Initiated GC) [PSYoungGen: 417293K->181956K(465920K)] 1009509K->774452K(1653760K), 0.0197695 secs] [Times: user=0.03 sys=0.00, real=0.02 secs] 
49.615: [GC (Allocation Failure) [PSYoungGen: 414916K->40634K(465920K)] 1007416K->633399K(1653760K), 0.0049729 secs] [Times: user=0.02 sys=0.00, real=0.01 secs] 
50.434: [GC (Allocation Failure) [PSYoungGen: 273594K->115598K(465920K)] 866359K->708582K(1653760K), 0.0131120 secs] [Times: user=0.02 sys=0.00, real=0.01 secs] 
50.768: [GC (Allocation Failure) [PSYoungGen: 348558K->184430K(465920K)] 941542K->778788K(1653760K), 0.0201635 secs] [Times: user=0.03 sys=0.00, real=0.02 secs] 
51.126: [GC (Allocation Failure) [PSYoungGen: 417390K->182272K(465920K)] 1011748K->776782K(1653760K), 0.0199168 secs] [Times: user=0.03 sys=0.00, real=0.02 secs] 
54.252: [GC (Allocation Failure) [PSYoungGen: 415232K->32992K(465920K)] 1009742K->628898K(1653760K), 0.0065714 secs] [Times: user=0.03 sys=0.00, real=0.01 secs] 
55.203: [GC (Allocation Failure) [PSYoungGen: 265952K->123023K(465920K)] 861858K->719002K(1653760K), 0.0139019 secs] [Times: user=0.02 sys=0.00, real=0.01 secs] 
55.480: [GC (Allocation Failure) [PSYoungGen: 355983K->184462K(465920K)] 951962K->781814K(1653760K), 0.0202295 secs] [Times: user=0.03 sys=0.00, real=0.02 secs] 
55.889: [GC (Allocation Failure) [PSYoungGen: 417422K->176801K(465920K)] 1014774K->774298K(1653760K), 0.0208324 secs] [Times: user=0.03 sys=0.00, real=0.02 secs] 
57.164: [GC (Allocation Failure) [PSYoungGen: 409761K->32928K(465920K)] 1007258K->631876K(1653760K), 0.0043500 secs] [Times: user=0.02 sys=0.00, real=0.01 secs] 
57.683: [GC (Allocation Failure) [PSYoungGen: 265888K->129835K(465920K)] 864836K->728800K(1653760K), 0.0144592 secs] [Times: user=0.02 sys=0.00, real=0.01 secs] 
58.016: [GC (Allocation Failure) [PSYoungGen: 362795K->184847K(465920K)] 961760K->785066K(1653760K), 0.0202062 secs] [Times: user=0.02 sys=0.00, real=0.02 secs] 
58.553: [GC (Allocation Failure) [PSYoungGen: 417807K->171652K(465920K)] 1018026K->772151K(1653760K), 0.0243415 secs] [Times: user=0.04 sys=0.00, real=0.02 secs] 
59.834: [GC (Allocation Failure) [PSYoungGen: 404612K->96K(465920K)] 1005111K->602039K(1653760K), 0.0024729 secs] [Times: user=0.01 sys=0.00, real=0.00 secs] 
60.306: [GC (Allocation Failure) [PSYoungGen: 233056K->139988K(465920K)] 834999K->741947K(1653760K), 0.0155164 secs] [Times: user=0.03 sys=0.00, real=0.02 secs] 
60.639: [GC (Allocation Failure) [PSYoungGen: 372948K->184301K(465920K)] 974907K->787514K(1653760K), 0.0200874 secs] [Times: user=0.03 sys=0.00, real=0.02 secs] 
61.163: [GC (Allocation Failure) [PSYoungGen: 416541K->162013K(465920K)] 1019754K->765490K(1653760K), 0.0277869 secs] [Times: user=0.04 sys=0.00, real=0.03 secs] 
62.432: [GC (Allocation Failure) [PSYoungGen: 394973K->128K(465920K)] 998450K->605065K(1653760K), 0.0020724 secs] [Times: user=0.01 sys=0.00, real=0.00 secs] 
62.876: [GC (Allocation Failure) [PSYoungGen: 233088K->148599K(465920K)] 838025K->753545K(1653760K), 0.0164906 secs] [Times: user=0.02 sys=0.00, real=0.02 secs] 
63.157: [GC (Allocation Failure) [PSYoungGen: 381559K->184590K(465920K)] 986505K->790781K(1653760K), 0.0201735 secs] [Times: user=0.02 sys=0.00, real=0.02 secs] 
63.885: [GC (Allocation Failure) [PSYoungGen: 417550K->157272K(465920K)] 1023741K->763737K(1653760K), 0.0215399 secs] [Times: user=0.03 sys=0.01, real=0.02 secs] 
65.847: [GC (Allocation Failure) [PSYoungGen: 390232K->128K(465920K)] 996697K->608025K(1653760K), 0.0048225 secs] [Times: user=0.02 sys=0.00, real=0.01 secs] 
66.826: [GC (Allocation Failure) [PSYoungGen: 233088K->156921K(465920K)] 840985K->764851K(1653760K), 0.0173325 secs] [Times: user=0.02 sys=0.00, real=0.02 secs] 
67.162: [GC (Allocation Failure) [PSYoungGen: 389881K->184719K(465920K)] 997811K->793894K(1653760K), 0.0202526 secs] [Times: user=0.03 sys=0.00, real=0.02 secs] 
67.947: [GC (Allocation Failure) [PSYoungGen: 417679K->148790K(465920K)] 1026854K->758239K(1653760K), 0.0214421 secs] [Times: user=0.03 sys=0.00, real=0.03 secs] 
68.851: [GC (Allocation Failure) [PSYoungGen: 381750K->128K(465920K)] 991199K->611050K(1653760K), 0.0024511 secs] [Times: user=0.01 sys=0.00, real=0.00 secs] 
69.214: [GC (Allocation Failure) [PSYoungGen: 233088K->166593K(465920K)] 844010K->777523K(1653760K), 0.0182182 secs] [Times: user=0.02 sys=0.00, real=0.02 secs] 
69.496: [GC (Allocation Failure) [PSYoungGen: 399553K->184430K(465920K)] 1010483K->796614K(1653760K), 0.0202105 secs] [Times: user=0.03 sys=0.00, real=0.02 secs] 
70.303: [GC (Allocation Failure) [PSYoungGen: 414822K->139344K(465920K)] 1027006K->751793K(1653760K), 0.0185360 secs] [Times: user=0.03 sys=0.00, real=0.02 secs] 
71.375: [GC (Allocation Failure) [PSYoungGen: 372304K->128K(465920K)] 984753K->614022K(1653760K), 0.0025505 secs] [Times: user=0.01 sys=0.00, real=0.00 secs] 
71.716: [GC (Allocation Failure) [PSYoungGen: 233088K->173276K(465920K)] 846982K->787195K(1653760K), 0.0189301 secs] [Times: user=0.03 sys=0.00, real=0.02 secs] 
72.001: [GC (Allocation Failure) [PSYoungGen: 406236K->184687K(465920K)] 1020155K->799851K(1653760K), 0.0202134 secs] [Times: user=0.03 sys=0.00, real=0.02 secs] 
72.615: [GC (Allocation Failure) [PSYoungGen: 417647K->140627K(465920K)] 1032811K->756065K(1653760K), 0.0174489 secs] [Times: user=0.03 sys=0.00, real=0.02 secs] 
73.599: [GC (Allocation Failure) [PSYoungGen: 373587K->128K(465920K)] 989025K->617005K(1653760K), 0.0023823 secs] [Times: user=0.01 sys=0.00, real=0.00 secs] 
73.922: [GC (Allocation Failure) [PSYoungGen: 233088K->183108K(465920K)] 849965K->800009K(1653760K), 0.0222476 secs] [Times: user=0.04 sys=0.00, real=0.02 secs] 
74.209: [GC (Allocation Failure) [PSYoungGen: 416068K->184044K(465920K)] 1032969K->802199K(1653760K), 0.0201281 secs] [Times: user=0.03 sys=0.00, real=0.02 secs] 
75.151: [GC (Allocation Failure) [PSYoungGen: 417004K->131486K(465920K)] 1035159K->749906K(1653760K), 0.0161401 secs] [Times: user=0.03 sys=0.00, real=0.01 secs] 
77.046: [GC (Allocation Failure) [PSYoungGen: 364446K->7417K(465920K)] 982866K->626138K(1653760K), 0.0042231 secs] [Times: user=0.02 sys=0.00, real=0.01 secs] 
77.430: [GC (Allocation Failure) [PSYoungGen: 240377K->186357K(465920K)] 859098K->806333K(1653760K), 0.0206394 secs] [Times: user=0.02 sys=0.00, real=0.02 secs] 
77.770: [GC (Allocation Failure) [PSYoungGen: 419317K->185972K(465920K)] 1039293K->806228K(1653760K), 0.0205619 secs] [Times: user=0.03 sys=0.00, real=0.02 secs] 
79.271: [GC (Allocation Failure) [PSYoungGen: 418932K->119004K(465920K)] 1039188K->739533K(1653760K), 0.0327132 secs] [Times: user=0.06 sys=0.00, real=0.03 secs] 
81.072: [GC (Allocation Failure) [PSYoungGen: 351964K->20459K(465920K)] 972493K->641295K(1653760K), 0.0052047 secs] [Times: user=0.02 sys=0.00, real=0.00 secs] 
81.458: [GC (Allocation Failure) [PSYoungGen: 253419K->184301K(465920K)] 874255K->806392K(1653760K), 0.0203563 secs] [Times: user=0.03 sys=0.00, real=0.02 secs] 
81.751: [GC (Allocation Failure) [PSYoungGen: 417261K->184815K(465920K)] 1039352K->807187K(1653760K), 0.0203075 secs] [Times: user=0.03 sys=0.00, real=0.02 secs] 
82.360: [GC (Allocation Failure) [PSYoungGen: 417775K->109268K(465920K)] 1040147K->731928K(1653760K), 0.0140965 secs] [Times: user=0.03 sys=0.00, real=0.01 secs] 
83.848: [GC (Allocation Failure) [PSYoungGen: 342228K->30998K(465920K)] 964888K->653968K(1653760K), 0.0070281 secs] [Times: user=0.02 sys=0.00, real=0.01 secs] 
84.178: [GC (Allocation Failure) [PSYoungGen: 263958K->186261K(465920K)] 886928K->810605K(1653760K), 0.0205242 secs] [Times: user=0.03 sys=0.00, real=0.02 secs] 
84.519: [GC (Allocation Failure) [PSYoungGen: 419221K->184847K(465920K)] 1043565K->809360K(1653760K), 0.0203012 secs] [Times: user=0.02 sys=0.00, real=0.02 secs] 
85.644: [GC (Allocation Failure) [PSYoungGen: 415503K->96785K(465920K)] 1040016K->721571K(1653760K), 0.0132454 secs] [Times: user=0.02 sys=0.00, real=0.01 secs] 
86.608: [GC (Allocation Failure) [PSYoungGen: 329745K->37909K(465920K)] 954531K->663000K(1653760K), 0.0053468 secs] [Times: user=0.01 sys=0.00, real=0.00 secs] 
86.935: [GC (Allocation Failure) [PSYoungGen: 270869K->184430K(465920K)] 895960K->810775K(1653760K), 0.0201640 secs] [Times: user=0.03 sys=0.00, real=0.02 secs] 
87.217: [GC (Allocation Failure) [PSYoungGen: 417390K->184301K(465920K)] 1043735K->810927K(1653760K), 0.0201579 secs] [Times: user=0.03 sys=0.00, real=0.02 secs] 
88.288: [GC (Allocation Failure) [PSYoungGen: 409458K->92094K(465920K)] 1036085K->718994K(1653760K), 0.0122256 secs] [Times: user=0.02 sys=0.00, real=0.01 secs] 
89.096: [GC (Allocation Failure) [PSYoungGen: 325054K->38069K(465920K)] 951954K->665276K(1653760K), 0.0054229 secs] [Times: user=0.02 sys=0.00, real=0.01 secs] 
89.368: [GC (Allocation Failure) [PSYoungGen: 271029K->184301K(465920K)] 898236K->812762K(1653760K), 0.0201759 secs] [Times: user=0.03 sys=0.00, real=0.03 secs] 
89.651: [GC (Allocation Failure) [PSYoungGen: 417261K->184687K(465920K)] 1045722K->813428K(1653760K), 0.0202293 secs] [Times: user=0.02 sys=0.00, real=0.02 secs] 
90.288: [GC (Allocation Failure) [PSYoungGen: 407832K->91757K(465920K)] 1036574K->720771K(1653760K), 0.0105423 secs] [Times: user=0.02 sys=0.00, real=0.01 secs] 
91.493: [GC (Allocation Failure) [PSYoungGen: 324717K->37909K(465920K)] 953731K->667237K(1653760K), 0.0054490 secs] [Times: user=0.01 sys=0.00, real=0.01 secs] 
91.762: [GC (Allocation Failure) [PSYoungGen: 270869K->184687K(465920K)] 900197K->815269K(1653760K), 0.0203265 secs] [Times: user=0.03 sys=0.00, real=0.02 secs] 
92.050: [GC (Allocation Failure) [PSYoungGen: 417647K->184430K(465920K)] 1048229K->815293K(1653760K), 0.0203499 secs] [Times: user=0.03 sys=0.00, real=0.02 secs] 
93.598: [GC (Allocation Failure) [PSYoungGen: 407152K->91741K(465920K)] 1038015K->722885K(1653760K), 0.0160512 secs] [Times: user=0.03 sys=0.00, real=0.01 secs] 
95.417: [GC (Allocation Failure) [PSYoungGen: 324701K->37812K(465920K)] 955845K->669264K(1653760K), 0.0084185 secs] [Times: user=0.02 sys=0.00, real=0.01 secs] 
95.748: [GC (Allocation Failure) [PSYoungGen: 270772K->183787K(465920K)] 902224K->816501K(1653760K), 0.0203222 secs] [Times: user=0.03 sys=0.00, real=0.02 secs] 
96.086: [GC (Allocation Failure) [PSYoungGen: 416747K->184301K(465920K)] 1049461K->817296K(1653760K), 0.0200768 secs] [Times: user=0.02 sys=0.00, real=0.02 secs] 
97.236: [GC (Allocation Failure) [PSYoungGen: 409342K->92881K(465920K)] 1042337K->726269K(1653760K), 0.0194526 secs] [Times: user=0.04 sys=0.00, real=0.02 secs] 
98.317: [GC (Allocation Failure) [PSYoungGen: 325841K->38037K(465920K)] 959229K->671613K(1653760K), 0.0054517 secs] [Times: user=0.01 sys=0.00, real=0.01 secs] 
98.586: [GC (Allocation Failure) [PSYoungGen: 270997K->184687K(465920K)] 904573K->819508K(1653760K), 0.0202105 secs] [Times: user=0.02 sys=0.00, real=0.02 secs] 
98.870: [GC (Allocation Failure) [PSYoungGen: 417647K->184655K(465920K)] 1052468K->819757K(1653760K), 0.0201282 secs] [Times: user=0.02 sys=0.00, real=0.02 secs] 
100.507: [GC (Allocation Failure) [PSYoungGen: 407218K->91355K(465920K)] 1042320K->726722K(1653760K), 0.0119369 secs] [Times: user=0.03 sys=0.00, real=0.02 secs] 
102.094: [GC (Allocation Failure) [PSYoungGen: 324315K->37491K(465920K)] 959682K->673176K(1653760K), 0.0080299 secs] [Times: user=0.02 sys=0.00, real=0.01 secs] 
102.458: [GC (Allocation Failure) [PSYoungGen: 270451K->184687K(465920K)] 906136K->821625K(1653760K), 0.0203150 secs] [Times: user=0.03 sys=0.00, real=0.02 secs] 
102.804: [GC (Allocation Failure) [PSYoungGen: 417647K->184687K(465920K)] 1054585K->821906K(1653760K), 0.0203180 secs] [Times: user=0.02 sys=0.00, real=0.02 secs] 
104.827: [GC (Allocation Failure) [PSYoungGen: 409850K->91885K(465920K)] 1047069K->729386K(1653760K), 0.0186493 secs] [Times: user=0.04 sys=0.00, real=0.02 secs] 
106.728: [GC (Allocation Failure) [PSYoungGen: 324845K->37780K(465920K)] 962346K->675599K(1653760K), 0.0091088 secs] [Times: user=0.03 sys=0.00, real=0.00 secs] 
107.065: [GC (Allocation Failure) [PSYoungGen: 270740K->184719K(465920K)] 908559K->823791K(1653760K), 0.0202004 secs] [Times: user=0.03 sys=0.00, real=0.02 secs] 
107.347: [GC (Allocation Failure) [PSYoungGen: 417679K->184398K(465920K)] 1056751K->823751K(1653760K), 0.0201127 secs] [Times: user=0.03 sys=0.00, real=0.02 secs] 
108.932: [GC (Allocation Failure) [PSYoungGen: 409425K->91885K(465920K)] 1048778K->731503K(1653760K), 0.0239715 secs] [Times: user=0.04 sys=0.01, real=0.02 secs] 
111.263: [GC (Allocation Failure) [PSYoungGen: 324845K->37523K(465920K)] 964463K->677439K(1653760K), 0.0080595 secs] [Times: user=0.02 sys=0.00, real=0.01 secs] 
111.591: [GC (Allocation Failure) [PSYoungGen: 270483K->184815K(465920K)] 910399K->825977K(1653760K), 0.0203345 secs] [Times: user=0.03 sys=0.00, real=0.02 secs] 
111.937: [GC (Allocation Failure) [PSYoungGen: 417775K->184655K(465920K)] 1058937K->826097K(1653760K), 0.0202310 secs] [Times: user=0.03 sys=0.00, real=0.02 secs] 
113.453: [GC (Allocation Failure) [PSYoungGen: 407112K->91741K(465920K)] 1048554K->733448K(1653760K), 0.0129980 secs] [Times: user=0.02 sys=0.00, real=0.01 secs] 
114.344: [GC (Allocation Failure) [PSYoungGen: 324701K->37941K(465920K)] 966408K->679964K(1653760K), 0.0054356 secs] [Times: user=0.01 sys=0.00, real=0.01 secs] 
114.673: [GC (Allocation Failure) [PSYoungGen: 270901K->184944K(465920K)] 912924K->828221K(1653760K), 0.0202460 secs] [Times: user=0.03 sys=0.00, real=0.02 secs] 
115.009: [GC (Allocation Failure) [PSYoungGen: 417904K->184141K(465920K)] 1061181K->827827K(1653760K), 0.0201504 secs] [Times: user=0.02 sys=0.00, real=0.02 secs] 
117.321: [GC (Allocation Failure) [PSYoungGen: 407114K->91725K(465920K)] 1050801K->735548K(1653760K), 0.0241480 secs] [Times: user=0.05 sys=0.00, real=0.02 secs] 
119.058: [GC (Allocation Failure) [PSYoungGen: 324685K->37552K(465920K)] 968508K->681675K(1653760K), 0.0067362 secs] [Times: user=0.01 sys=0.00, real=0.00 secs] 
119.427: [GC (Allocation Failure) [PSYoungGen: 270512K->184687K(465920K)] 914635K->830055K(1653760K), 0.0207481 secs] [Times: user=0.03 sys=0.00, real=0.02 secs] 
119.713: [GC (Allocation Failure) [PSYoungGen: 417647K->184719K(465920K)] 1063015K->830497K(1653760K), 0.0205134 secs] [Times: user=0.03 sys=0.00, real=0.02 secs] 
120.812: [GC (Allocation Failure) [PSYoungGen: 409720K->91869K(465920K)] 1055498K->737920K(1653760K), 0.0112658 secs] [Times: user=0.02 sys=0.00, real=0.01 secs] 
121.893: [GC (Allocation Failure) [PSYoungGen: 324829K->38037K(465920K)] 970880K->684276K(1653760K), 0.0068370 secs] [Times: user=0.02 sys=0.00, real=0.01 secs] 
122.183: [GC (Allocation Failure) [PSYoungGen: 270997K->184687K(465920K)] 917236K->832307K(1653760K), 0.0202677 secs] [Times: user=0.03 sys=0.00, real=0.02 secs] 
122.522: [GC (Allocation Failure) [PSYoungGen: 417647K->184719K(465920K)] 1065267K->832492K(1653760K), 0.0203007 secs] [Times: user=0.02 sys=0.00, real=0.02 secs] 
124.888: [GC (Allocation Failure) [PSYoungGen: 411955K->91355K(465920K)] 1059728K->739401K(1653760K), 0.0193673 secs] [Times: user=0.04 sys=0.00, real=0.02 secs] 
127.027: [GC (Allocation Failure) [PSYoungGen: 324315K->37909K(465920K)] 972361K->686271K(1653760K), 0.0078351 secs] [Times: user=0.02 sys=0.00, real=0.01 secs] 
127.334: [GC (Allocation Failure) [PSYoungGen: 270869K->184205K(465920K)] 919231K->833820K(1653760K), 0.0204161 secs] [Times: user=0.03 sys=0.00, real=0.02 secs] 
127.617: [GC (Allocation Failure) [PSYoungGen: 417165K->183851K(465920K)] 1066780K->833748K(1653760K), 0.0201001 secs] [Times: user=0.03 sys=0.00, real=0.02 secs] 
128.829: [GC (Allocation Failure) [PSYoungGen: 408428K->92897K(465920K)] 1058324K->743083K(1653760K), 0.0268084 secs] [Times: user=0.06 sys=0.00, real=0.02 secs] 
130.743: [GC (Allocation Failure) [PSYoungGen: 325857K->38037K(465920K)] 976043K->688531K(1653760K), 0.0067119 secs] [Times: user=0.02 sys=0.00, real=0.01 secs] 
131.026: [GC (Allocation Failure) [PSYoungGen: 270997K->183819K(465920K)] 921491K->835566K(1653760K), 0.0203064 secs] [Times: user=0.02 sys=0.00, real=0.02 secs] 
131.308: [GC (Allocation Failure) [PSYoungGen: 416779K->183916K(465920K)] 1068526K->836072K(1653760K), 0.0203594 secs] [Times: user=0.03 sys=0.00, real=0.02 secs] 
132.603: [GC (Allocation Failure) [PSYoungGen: 410591K->93026K(465920K)] 1062747K->745327K(1653760K), 0.0186471 secs] [Times: user=0.03 sys=0.00, real=0.02 secs] 
134.081: [GC (Allocation Failure) [PSYoungGen: 325986K->37909K(465920K)] 978287K->690517K(1653760K), 0.0078729 secs] [Times: user=0.02 sys=0.00, real=0.01 secs] 
134.375: [GC (Allocation Failure) [PSYoungGen: 270869K->184944K(465920K)] 923477K->838935K(1653760K), 0.0204357 secs] [Times: user=0.03 sys=0.01, real=0.02 secs] 
134.662: [GC (Allocation Failure) [PSYoungGen: 417904K->184847K(465920K)] 1071895K->838991K(1653760K), 0.0202434 secs] [Times: user=0.03 sys=0.00, real=0.02 secs] 
135.282: [GC (Allocation Failure) [PSYoungGen: 407109K->91114K(465920K)] 1061252K->745522K(1653760K), 0.0127512 secs] [Times: user=0.02 sys=0.00, real=0.01 secs] 
136.188: [GC (Allocation Failure) [PSYoungGen: 324074K->38195K(465920K)] 978482K->692911K(1653760K), 0.0069174 secs] [Times: user=0.02 sys=0.00, real=0.00 secs] 
136.478: [GC (Allocation Failure) [PSYoungGen: 271155K->183916K(465920K)] 925871K->839885K(1653760K), 0.0203275 secs] [Times: user=0.03 sys=0.00, real=0.02 secs] 
136.768: [GC (Allocation Failure) [PSYoungGen: 416876K->184430K(465920K)] 1072845K->840680K(1653760K), 0.0202801 secs] [Times: user=0.03 sys=0.00, real=0.03 secs] 
138.004: [GC (Allocation Failure) [PSYoungGen: 409639K->92255K(465920K)] 1065890K->748779K(1653760K), 0.0242961 secs] [Times: user=0.05 sys=0.00, real=0.03 secs] 
139.249: [GC (Allocation Failure) [PSYoungGen: 325215K->38066K(465920K)] 981739K->694898K(1653760K), 0.0055215 secs] [Times: user=0.01 sys=0.00, real=0.00 secs] 
139.521: [GC (Allocation Failure) [PSYoungGen: 271026K->184173K(465920K)] 927858K->842258K(1653760K), 0.0203722 secs] [Times: user=0.03 sys=0.00, real=0.02 secs] 
139.805: [GC (Allocation Failure) [PSYoungGen: 417133K->184526K(465920K)] 1075218K->842892K(1653760K), 0.0202580 secs] [Times: user=0.03 sys=0.00, real=0.02 secs] 
141.264: [GC (Allocation Failure) [PSYoungGen: 407590K->91982K(465920K)] 1065956K->750613K(1653760K), 0.0192962 secs] [Times: user=0.04 sys=0.00, real=0.02 secs] 
143.025: [GC (Allocation Failure) [PSYoungGen: 324942K->37523K(465920K)] 983573K->696454K(1653760K), 0.0073661 secs] [Times: user=0.02 sys=0.00, real=0.01 secs] 
143.325: [GC (Allocation Failure) [PSYoungGen: 270483K->184430K(465920K)] 929414K->844735K(1653760K), 0.0203632 secs] [Times: user=0.03 sys=0.00, real=0.02 secs] 
143.670: [GC (Allocation Failure) [PSYoungGen: 417390K->184558K(465920K)] 1077695K->845016K(1653760K), 0.0203276 secs] [Times: user=0.02 sys=0.00, real=0.02 secs] 
144.833: [GC (Allocation Failure) [PSYoungGen: 408160K->92223K(465920K)] 1068618K->752953K(1653760K), 0.0135176 secs] [Times: user=0.03 sys=0.00, real=0.01 secs] 
146.639: [GC (Allocation Failure) [PSYoungGen: 325183K->37681K(465920K)] 985913K->698719K(1653760K), 0.0069550 secs] [Times: user=0.01 sys=0.00, real=0.00 secs] 
146.933: [GC (Allocation Failure) [PSYoungGen: 270641K->184430K(465920K)] 931679K->846722K(1653760K), 0.0203839 secs] [Times: user=0.02 sys=0.00, real=0.02 secs] 
147.216: [GC (Allocation Failure) [PSYoungGen: 417390K->184333K(465920K)] 1079682K->846906K(1653760K), 0.0202721 secs] [Times: user=0.03 sys=0.00, real=0.02 secs] 
148.750: [GC (Allocation Failure) [PSYoungGen: 409376K->92367K(465920K)] 1071949K->755334K(1653760K), 0.0173630 secs] [Times: user=0.04 sys=0.01, real=0.01 secs] 
150.813: [GC (Allocation Failure) [PSYoungGen: 325327K->37748K(465920K)] 988294K->700896K(1653760K), 0.0075591 secs] [Times: user=0.02 sys=0.00, real=0.01 secs] 
151.120: [GC (Allocation Failure) [PSYoungGen: 270708K->184687K(465920K)] 933856K->849080K(1653760K), 0.0207721 secs] [Times: user=0.03 sys=0.00, real=0.02 secs] 
151.411: [GC (Allocation Failure) [PSYoungGen: 417647K->184719K(465920K)] 1082040K->849393K(1653760K), 0.0204481 secs] [Times: user=0.03 sys=0.00, real=0.02 secs] 
152.049: [GC (Allocation Failure) [PSYoungGen: 407287K->91612K(465920K)] 1071962K->756560K(1653760K), 0.0110347 secs] [Times: user=0.02 sys=0.00, real=0.01 secs] 
152.976: [GC (Allocation Failure) [PSYoungGen: 324572K->38037K(465920K)] 989520K->703299K(1653760K), 0.0054597 secs] [Times: user=0.01 sys=0.00, real=0.01 secs] 
153.244: [GC (Allocation Failure) [PSYoungGen: 270997K->183787K(465920K)] 936259K->850302K(1653760K), 0.0202287 secs] [Times: user=0.03 sys=0.00, real=0.02 secs] 
153.528: [GC (Allocation Failure) [PSYoungGen: 416747K->184687K(465920K)] 1083262K->851483K(1653760K), 0.0202319 secs] [Times: user=0.03 sys=0.00, real=0.03 secs] 
154.750: [GC (Allocation Failure) [PSYoungGen: 410138K->92239K(465920K)] 1076934K->759308K(1653760K), 0.0157306 secs] [Times: user=0.04 sys=0.00, real=0.01 secs] 
156.698: [GC (Allocation Failure) [PSYoungGen: 325199K->38037K(465920K)] 992268K->705403K(1653760K), 0.0089842 secs] [Times: user=0.02 sys=0.00, real=0.01 secs] 
157.041: [GC (Allocation Failure) [PSYoungGen: 270997K->184558K(465920K)] 938363K->853306K(1653760K), 0.0204140 secs] [Times: user=0.02 sys=0.00, real=0.02 secs] 
157.381: [GC (Allocation Failure) [PSYoungGen: 417518K->184719K(465920K)] 1086266K->853619K(1653760K), 0.0202333 secs] [Times: user=0.02 sys=0.00, real=0.02 secs] 
158.164: [GC (Allocation Failure) [PSYoungGen: 407290K->91452K(465920K)] 1076190K->760617K(1653760K), 0.0135228 secs] [Times: user=0.03 sys=0.00, real=0.02 secs] 
159.726: [GC (Allocation Failure) [PSYoungGen: 324412K->37909K(465920K)] 993577K->707373K(1653760K), 0.0073387 secs] [Times: user=0.02 sys=0.00, real=0.01 secs] 
160.108: [GC (Allocation Failure) [PSYoungGen: 270869K->184687K(465920K)] 940333K->855534K(1653760K), 0.0204431 secs] [Times: user=0.03 sys=0.00, real=0.02 secs] 
160.391: [GC (Allocation Failure) [PSYoungGen: 417647K->184655K(465920K)] 1088494K->855654K(1653760K), 0.0202948 secs] [Times: user=0.03 sys=0.00, real=0.02 secs] 
161.936: [GC (Allocation Failure) [PSYoungGen: 407215K->91452K(465920K)] 1078215K->762716K(1653760K), 0.0201007 secs] [Times: user=0.04 sys=0.00, real=0.02 secs] 
163.773: [GC (Allocation Failure) [PSYoungGen: 324412K->37652K(465920K)] 995676K->709218K(1653760K), 0.0084497 secs] [Times: user=0.02 sys=0.00, real=0.01 secs] 
164.097: [GC (Allocation Failure) [PSYoungGen: 270612K->184751K(465920K)] 942178K->857563K(1653760K), 0.0203269 secs] [Times: user=0.02 sys=0.00, real=0.02 secs] 
164.385: [GC (Allocation Failure) [PSYoungGen: 417711K->184719K(465920K)] 1090523K->857828K(1653760K), 0.0203528 secs] [Times: user=0.03 sys=0.00, real=0.02 secs] 
166.669: [GC (Allocation Failure) [PSYoungGen: 409837K->91773K(465920K)] 1082946K->765147K(1653760K), 0.0266038 secs] [Times: user=0.05 sys=0.00, real=0.02 secs] 
168.928: [GC (Allocation Failure) [PSYoungGen: 324733K->37938K(465920K)] 998107K->711622K(1653760K), 0.0072491 secs] [Times: user=0.02 sys=0.00, real=0.00 secs] 
169.227: [GC (Allocation Failure) [PSYoungGen: 270898K->184687K(465920K)] 944582K->859745K(1653760K), 0.0203905 secs] [Times: user=0.02 sys=0.00, real=0.02 secs] 
169.511: [GC (Allocation Failure) [PSYoungGen: 417647K->184462K(465920K)] 1092705K->859672K(1653760K), 0.0204050 secs] [Times: user=0.03 sys=0.00, real=0.02 secs] 
170.782: [GC (Allocation Failure) [PSYoungGen: 407030K->91709K(465920K)] 1082241K->767192K(1653760K), 0.0189901 secs] [Times: user=0.04 sys=0.00, real=0.02 secs] 
172.441: [GC (Allocation Failure) [PSYoungGen: 324669K->37809K(465920K)] 1000152K->713609K(1653760K), 0.0069212 secs] [Times: user=0.01 sys=0.00, real=0.00 secs] 
172.733: [GC (Allocation Failure) [PSYoungGen: 270769K->184430K(465920K)] 946569K->861611K(1653760K), 0.0202904 secs] [Times: user=0.03 sys=0.00, real=0.02 secs] 
173.017: [GC (Allocation Failure) [PSYoungGen: 417390K->184622K(465920K)] 1094571K->861956K(1653760K), 0.0202780 secs] [Times: user=0.03 sys=0.00, real=0.02 secs] 
173.669: [GC (Allocation Failure) [PSYoungGen: 407693K->91982K(465920K)] 1085027K->769589K(1653760K), 0.0106518 secs] [Times: user=0.02 sys=0.00, real=0.01 secs] 
175.083: [GC (Allocation Failure) [PSYoungGen: 324942K->37620K(465920K)] 1002549K->715536K(1653760K), 0.0085349 secs] [Times: user=0.02 sys=0.00, real=0.01 secs] 
175.404: [GC (Allocation Failure) [PSYoungGen: 270580K->184847K(465920K)] 948496K->864018K(1653760K), 0.0202848 secs] [Times: user=0.03 sys=0.00, real=0.02 secs] 
175.744: [GC (Allocation Failure) [PSYoungGen: 417807K->184044K(465920K)] 1096978K->863624K(1653760K), 0.0204410 secs] [Times: user=0.03 sys=0.00, real=0.02 secs] 
178.293: [GC (Allocation Failure) [PSYoungGen: 407947K->92239K(465920K)] 1087527K->771963K(1653760K), 0.0161199 secs] [Times: user=0.03 sys=0.00, real=0.02 secs] 
180.133: [GC (Allocation Failure) [PSYoungGen: 325199K->38066K(465920K)] 1004923K->718109K(1653760K), 0.0055544 secs] [Times: user=0.01 sys=0.00, real=0.01 secs] 
180.401: [GC (Allocation Failure) [PSYoungGen: 271026K->184430K(465920K)] 951069K->865726K(1653760K), 0.0205716 secs] [Times: user=0.02 sys=0.00, real=0.02 secs] 
180.762: [GC (Allocation Failure) [PSYoungGen: 417390K->184558K(465920K)] 1098686K->866135K(1653760K), 0.0203381 secs] [Times: user=0.03 sys=0.00, real=0.02 secs] 
183.010: [GC (Allocation Failure) [PSYoungGen: 407099K->91741K(465920K)] 1088676K->773583K(1653760K), 0.0134596 secs] [Times: user=0.02 sys=0.00, real=0.01 secs] 
184.549: [GC (Allocation Failure) [PSYoungGen: 324701K->37684K(465920K)] 1006543K->719834K(1653760K), 0.0067779 secs] [Times: user=0.02 sys=0.00, real=0.00 secs] 
184.835: [GC (Allocation Failure) [PSYoungGen: 270644K->184687K(465920K)] 952794K->868090K(1653760K), 0.0204853 secs] [Times: user=0.03 sys=0.00, real=0.02 secs] 
185.122: [GC (Allocation Failure) [PSYoungGen: 417647K->186518K(465920K)] 1101050K->870203K(1653760K), 0.0205548 secs] [Times: user=0.03 sys=0.00, real=0.02 secs] 
185.861: [GC (Allocation Failure) [PSYoungGen: 408422K->89893K(465920K)] 1092106K->773843K(1653760K), 0.0171830 secs] [Times: user=0.03 sys=0.01, real=0.02 secs] 
187.290: [GC (Allocation Failure) [PSYoungGen: 322853K->38195K(465920K)] 1006803K->722458K(1653760K), 0.0073361 secs] [Times: user=0.02 sys=0.00, real=0.00 secs] 
187.588: [GC (Allocation Failure) [PSYoungGen: 271155K->184847K(465920K)] 955418K->870364K(1653760K), 0.0206446 secs] [Times: user=0.03 sys=0.00, real=0.03 secs] 
187.871: [GC (Allocation Failure) [PSYoungGen: 417807K->183884K(465920K)] 1103324K->869682K(1653760K), 0.0204966 secs] [Times: user=0.03 sys=0.00, real=0.02 secs] 
188.501: [GC (Allocation Failure) [PSYoungGen: 406597K->91869K(465920K)] 1092395K->777932K(1653760K), 0.0108254 secs] [Times: user=0.02 sys=0.00, real=0.01 secs] 
189.312: [GC (Allocation Failure) [PSYoungGen: 324829K->38066K(465920K)] 1010892K->724439K(1653760K), 0.0055196 secs] [Times: user=0.01 sys=0.00, real=0.00 secs] 
189.644: [GC (Allocation Failure) [PSYoungGen: 271026K->184430K(465920K)] 957399K->872056K(1653760K), 0.0210255 secs] [Times: user=0.03 sys=0.00, real=0.02 secs] 
189.985: [GC (Allocation Failure) [PSYoungGen: 417390K->184558K(465920K)] 1105016K->872466K(1653760K), 0.0204326 secs] [Times: user=0.03 sys=0.00, real=0.02 secs] 
191.266: [GC (Allocation Failure) [PSYoungGen: 407103K->91725K(465920K)] 1095010K->779913K(1653760K), 0.0192051 secs] [Times: user=0.04 sys=0.00, real=0.02 secs] 
192.816: [GC (Allocation Failure) [PSYoungGen: 324685K->37681K(465920K)] 1012873K->726187K(1653760K), 0.0066020 secs] [Times: user=0.01 sys=0.00, real=0.01 secs] 
193.097: [GC (Allocation Failure) [PSYoungGen: 270641K->184430K(465920K)] 959147K->874189K(1653760K), 0.0203775 secs] [Times: user=0.02 sys=0.00, real=0.02 secs] 
193.385: [GC (Allocation Failure) [PSYoungGen: 417390K->184269K(465920K)] 1107149K->874310K(1653760K), 0.0202549 secs] [Times: user=0.02 sys=0.00, real=0.02 secs] 
195.173: [GC (Allocation Failure) [PSYoungGen: 409342K->92335K(465920K)] 1099383K->782778K(1653760K), 0.0163014 secs] [Times: user=0.03 sys=0.00, real=0.02 secs] 
197.461: [GC (Allocation Failure) [PSYoungGen: 325295K->37809K(465920K)] 1015738K->728433K(1653760K), 0.0076360 secs] [Times: user=0.02 sys=0.00, real=0.01 secs] 
197.781: [GC (Allocation Failure) [PSYoungGen: 270769K->184205K(465920K)] 961393K->876074K(1653760K), 0.0204275 secs] [Times: user=0.03 sys=0.00, real=0.02 secs] 
198.065: [GC (Allocation Failure) [PSYoungGen: 417165K->184558K(465920K)] 1109034K->876708K(1653760K), 0.0204360 secs] [Times: user=0.03 sys=0.00, real=0.02 secs] 
199.416: [GC (Allocation Failure) [PSYoungGen: 408148K->92223K(465920K)] 1100298K->784638K(1653760K), 0.0130079 secs] [Times: user=0.03 sys=0.00, real=0.02 secs] 
200.687: [GC (Allocation Failure) [PSYoungGen: 325183K->37780K(465920K)] 1017598K->730519K(1653760K), 0.0054895 secs] [Times: user=0.01 sys=0.00, real=0.01 secs] 
200.956: [GC (Allocation Failure) [PSYoungGen: 270740K->184430K(465920K)] 963479K->878551K(1653760K), 0.0203073 secs] [Times: user=0.03 sys=0.00, real=0.02 secs] 
201.239: [GC (Allocation Failure) [PSYoungGen: 417390K->184526K(465920K)] 1111511K->878800K(1653760K), 0.0204289 secs] [Times: user=0.03 sys=0.00, real=0.02 secs] 
202.197: [GC (Allocation Failure) [PSYoungGen: 407593K->91998K(465920K)] 1101867K->786544K(1653760K), 0.0128226 secs] [Times: user=0.03 sys=0.00, real=0.02 secs] 
204.002: [GC (Allocation Failure) [PSYoungGen: 324958K->37584K(465920K)] 1019504K->732447K(1653760K), 0.0073763 secs] [Times: user=0.02 sys=0.00, real=0.01 secs] 
204.311: [GC (Allocation Failure) [PSYoungGen: 270544K->184815K(465920K)] 965407K->880939K(1653760K), 0.0203897 secs] [Times: user=0.02 sys=0.00, real=0.02 secs] 
204.595: [GC (Allocation Failure) [PSYoungGen: 417775K->184044K(465920K)] 1113899K->880578K(1653760K), 0.0202726 secs] [Times: user=0.03 sys=0.00, real=0.02 secs] 
205.642: [GC (Allocation Failure) [PSYoungGen: 407973K->92399K(465920K)] 1104507K->789077K(1653760K), 0.0133359 secs] [Times: user=0.03 sys=0.00, real=0.01 secs] 
206.480: [GC (Allocation Failure) [PSYoungGen: 325359K->38037K(465920K)] 1022037K->735025K(1653760K), 0.0084373 secs] [Times: user=0.02 sys=0.00, real=0.01 secs] 
206.886: [GC (Allocation Failure) [PSYoungGen: 270997K->184430K(465920K)] 967985K->882671K(1653760K), 0.0205077 secs] [Times: user=0.02 sys=0.00, real=0.02 secs] 
207.169: [GC (Allocation Failure) [PSYoungGen: 417390K->184558K(465920K)] 1115631K->883081K(1653760K), 0.0202326 secs] [Times: user=0.02 sys=0.00, real=0.02 secs] 
211.025: [GC (Allocation Failure) [PSYoungGen: 407187K->91725K(465920K)] 1105710K->790512K(1653760K), 0.0194344 secs] [Times: user=0.04 sys=0.00, real=0.02 secs] 
212.624: [GC (Allocation Failure) [PSYoungGen: 324685K->37523K(465920K)] 1023472K->736618K(1653760K), 0.0081072 secs] [Times: user=0.02 sys=0.00, real=0.01 secs] 
212.942: [GC (Allocation Failure) [PSYoungGen: 270483K->184430K(465920K)] 969578K->884778K(1653760K), 0.0205468 secs] [Times: user=0.02 sys=0.00, real=0.02 secs] 
213.225: [GC (Allocation Failure) [PSYoungGen: 417390K->184912K(465920K)] 1117738K->885541K(1653760K), 0.0205198 secs] [Times: user=0.03 sys=0.00, real=0.02 secs] 
213.887: [GC (Allocation Failure) [PSYoungGen: 405873K->91885K(465920K)] 1106503K->792916K(1653760K), 0.0122649 secs] [Times: user=0.03 sys=0.00, real=0.02 secs] 
215.114: [GC (Allocation Failure) [PSYoungGen: 324845K->38066K(465920K)] 1025876K->739283K(1653760K), 0.0055923 secs] [Times: user=0.01 sys=0.00, real=0.01 secs] 
215.383: [GC (Allocation Failure) [PSYoungGen: 271026K->184590K(465920K)] 972243K->887060K(1653760K), 0.0203382 secs] [Times: user=0.02 sys=0.00, real=0.02 secs] 
215.667: [GC (Allocation Failure) [PSYoungGen: 417550K->184719K(465920K)] 1120020K->887470K(1653760K), 0.0204166 secs] [Times: user=0.03 sys=0.00, real=0.02 secs] 
217.014: [GC (Allocation Failure) [PSYoungGen: 407169K->91452K(465920K)] 1109920K->794596K(1653760K), 0.0157584 secs] [Times: user=0.03 sys=0.00, real=0.02 secs] 
218.769: [GC (Allocation Failure) [PSYoungGen: 324412K->37809K(465920K)] 1027556K->741125K(1653760K), 0.0075747 secs] [Times: user=0.02 sys=0.00, real=0.00 secs] 
219.149: [GC (Allocation Failure) [PSYoungGen: 270769K->183787K(465920K)] 974085K->888349K(1653760K), 0.0203673 secs] [Times: user=0.03 sys=0.00, real=0.02 secs] 
219.491: [GC (Allocation Failure) [PSYoungGen: 416747K->184398K(465920K)] 1121309K->889240K(1653760K), 0.0203298 secs] [Times: user=0.03 sys=0.00, real=0.02 secs] 
221.385: [GC (Allocation Failure) [PSYoungGen: 409640K->92737K(465920K)] 1114482K->797844K(1653760K), 0.0276504 secs] [Times: user=0.06 sys=0.00, real=0.03 secs] 
223.015: [GC (Allocation Failure) [PSYoungGen: 325697K->37909K(465920K)] 1030804K->743322K(1653760K), 0.0080430 secs] [Times: user=0.02 sys=0.00, real=0.01 secs] 
223.338: [GC (Allocation Failure) [PSYoungGen: 270869K->184687K(465920K)] 976282K->891346K(1653760K), 0.0203765 secs] [Times: user=0.03 sys=0.00, real=0.02 secs] 
223.678: [GC (Allocation Failure) [PSYoungGen: 417647K->184655K(465920K)] 1124306K->891723K(1653760K), 0.0203778 secs] [Times: user=0.03 sys=0.00, real=0.02 secs] 
224.332: [GC (Allocation Failure) [PSYoungGen: 407127K->91467K(465920K)] 1114196K->798809K(1653760K), 0.0118934 secs] [Times: user=0.02 sys=0.00, real=0.01 secs] 
225.235: [GC (Allocation Failure) [PSYoungGen: 324427K->38195K(465920K)] 1031769K->745722K(1653760K), 0.0055723 secs] [Times: user=0.01 sys=0.00, real=0.01 secs] 
225.567: [GC (Allocation Failure) [PSYoungGen: 271155K->184173K(465920K)] 978682K->892945K(1653760K), 0.0203982 secs] [Times: user=0.02 sys=0.00, real=0.02 secs] 
225.853: [GC (Allocation Failure) [PSYoungGen: 417133K->184526K(465920K)] 1125905K->893580K(1653760K), 0.0203218 secs] [Times: user=0.02 sys=0.00, real=0.02 secs] 
227.001: [GC (Allocation Failure) [PSYoungGen: 407091K->91853K(465920K)] 1116144K->801172K(1653760K), 0.0246067 secs] [Times: user=0.05 sys=0.00, real=0.02 secs] 
228.535: [GC (Allocation Failure) [PSYoungGen: 324813K->37938K(465920K)] 1034132K->747568K(1653760K), 0.0072537 secs] [Times: user=0.02 sys=0.00, real=0.01 secs] 
228.901: [GC (Allocation Failure) [PSYoungGen: 270898K->184430K(465920K)] 980528K->895314K(1653760K), 0.0205806 secs] [Times: user=0.03 sys=0.00, real=0.02 secs] 
229.184: [GC (Allocation Failure) [PSYoungGen: 417390K->184526K(465920K)] 1128274K->895691K(1653760K), 0.0204185 secs] [Times: user=0.03 sys=0.00, real=0.02 secs] 
230.854: [GC (Allocation Failure) [PSYoungGen: 407066K->91837K(465920K)] 1118231K->803267K(1653760K), 0.0173444 secs] [Times: user=0.03 sys=0.01, real=0.02 secs] 
233.010: [GC (Allocation Failure) [PSYoungGen: 324797K->37906K(465920K)] 1036227K->749652K(1653760K), 0.0078030 secs] [Times: user=0.02 sys=0.00, real=0.00 secs] 
233.391: [GC (Allocation Failure) [PSYoungGen: 270866K->184430K(465920K)] 982612K->897430K(1653760K), 0.0205443 secs] [Times: user=0.03 sys=0.00, real=0.02 secs] 
233.729: [GC (Allocation Failure) [PSYoungGen: 417390K->184301K(465920K)] 1130390K->897582K(1653760K), 0.0204626 secs] [Times: user=0.03 sys=0.00, real=0.02 secs] 
235.186: [GC (Allocation Failure) [PSYoungGen: 409376K->92110K(465920K)] 1122657K->805793K(1653760K), 0.0210937 secs] [Times: user=0.04 sys=0.00, real=0.02 secs] 
237.099: [GC (Allocation Failure) [PSYoungGen: 325070K->37938K(465920K)] 1038753K->751808K(1653760K), 0.0072265 secs] [Times: user=0.02 sys=0.00, real=0.00 secs] 
237.480: [GC (Allocation Failure) [PSYoungGen: 270898K->184333K(465920K)] 984768K->899448K(1653760K), 0.0204138 secs] [Times: user=0.03 sys=0.00, real=0.02 secs] 
237.768: [GC (Allocation Failure) [PSYoungGen: 417293K->184526K(465920K)] 1132408K->900051K(1653760K), 0.0203929 secs] [Times: user=0.03 sys=0.00, real=0.02 secs] 
239.507: [GC (Allocation Failure) [PSYoungGen: 407515K->91982K(465920K)] 1123039K->807643K(1653760K), 0.0166920 secs] [Times: user=0.03 sys=0.00, real=0.02 secs] 
242.452: [GC (Allocation Failure) [PSYoungGen: 324942K->37652K(465920K)] 1040603K->753621K(1653760K), 0.0083410 secs] [Times: user=0.02 sys=0.00, real=0.01 secs] 
242.777: [GC (Allocation Failure) [PSYoungGen: 270612K->184462K(465920K)] 986581K->901813K(1653760K), 0.0203325 secs] [Times: user=0.03 sys=0.00, real=0.02 secs] 
243.065: [GC (Allocation Failure) [PSYoungGen: 417422K->184526K(465920K)] 1134773K->902030K(1653760K), 0.0203909 secs] [Times: user=0.03 sys=0.00, real=0.02 secs] 
244.657: [GC (Allocation Failure) [PSYoungGen: 407621K->92142K(465920K)] 1125125K->809919K(1653760K), 0.0189649 secs] [Times: user=0.04 sys=0.00, real=0.02 secs] 
246.228: [GC (Allocation Failure) [PSYoungGen: 325102K->37748K(465920K)] 1042879K->755835K(1653760K), 0.0070529 secs] [Times: user=0.02 sys=0.00, real=0.00 secs] 
246.518: [GC (Allocation Failure) [PSYoungGen: 270708K->184430K(465920K)] 988795K->903770K(1653760K), 0.0202845 secs] [Times: user=0.03 sys=0.00, real=0.02 secs] 
246.806: [GC (Allocation Failure) [PSYoungGen: 417390K->184269K(465920K)] 1136730K->903891K(1653760K), 0.0235108 secs] [Times: user=0.03 sys=0.00, real=0.03 secs] 
247.626: [GC (Allocation Failure) [PSYoungGen: 409312K->92287K(465920K)] 1128934K->812302K(1653760K), 0.0123523 secs] [Times: user=0.03 sys=0.00, real=0.02 secs] 
248.432: [GC (Allocation Failure) [PSYoungGen: 325247K->38037K(465920K)] 1045262K->758240K(1653760K), 0.0055262 secs] [Times: user=0.01 sys=0.00, real=0.01 secs] 
248.701: [GC (Allocation Failure) [PSYoungGen: 270997K->184687K(465920K)] 991200K->906143K(1653760K), 0.0204546 secs] [Times: user=0.03 sys=0.00, real=0.02 secs] 
248.985: [GC (Allocation Failure) [PSYoungGen: 417647K->184687K(465920K)] 1139103K->906424K(1653760K), 0.0203211 secs] [Times: user=0.03 sys=0.00, real=0.02 secs] 
249.621: [GC (Allocation Failure) [PSYoungGen: 407222K->91339K(465920K)] 1128959K->813349K(1653760K), 0.0107871 secs] [Times: user=0.02 sys=0.00, real=0.01 secs] 
250.472: [GC (Allocation Failure) [PSYoungGen: 324299K->38134K(465920K)] 1046309K->760459K(1653760K), 0.0065821 secs] [Times: user=0.01 sys=0.00, real=0.01 secs] 
250.748: [GC (Allocation Failure) [PSYoungGen: 271094K->184719K(465920K)] 993419K->908298K(1653760K), 0.0204786 secs] [Times: user=0.03 sys=0.00, real=0.02 secs] 
251.092: [GC (Allocation Failure) [PSYoungGen: 417679K->184655K(465920K)] 1141258K->908515K(1653760K), 0.0202100 secs] [Times: user=0.02 sys=0.00, real=0.02 secs] 
252.781: [GC (Allocation Failure) [PSYoungGen: 407069K->91210K(465920K)] 1130929K->815336K(1653760K), 0.0273184 secs] [Times: user=0.07 sys=0.00, real=0.03 secs] 
254.689: [GC (Allocation Failure) [PSYoungGen: 324170K->37684K(465920K)] 1048296K->762121K(1653760K), 0.0066801 secs] [Times: user=0.01 sys=0.00, real=0.00 secs] 
254.974: [GC (Allocation Failure) [PSYoungGen: 270644K->184687K(465920K)] 995081K->910378K(1653760K), 0.0203711 secs] [Times: user=0.03 sys=0.00, real=0.02 secs] 
255.317: [GC (Allocation Failure) [PSYoungGen: 417647K->184687K(465920K)] 1143338K->910659K(1653760K), 0.0203582 secs] [Times: user=0.03 sys=0.00, real=0.02 secs] 
256.784: [GC (Allocation Failure) [PSYoungGen: 407498K->91725K(465920K)] 1133471K->817962K(1653760K), 0.0168682 secs] [Times: user=0.04 sys=0.00, real=0.02 secs] 
257.781: [GC (Allocation Failure) [PSYoungGen: 324685K->37909K(465920K)] 1050922K->764446K(1653760K), 0.0056472 secs] [Times: user=0.01 sys=0.01, real=0.00 secs] 
258.050: [GC (Allocation Failure) [PSYoungGen: 270869K->183787K(465920K)] 997406K->911578K(1653760K), 0.0205585 secs] [Times: user=0.03 sys=0.00, real=0.02 secs] 
258.333: [GC (Allocation Failure) [PSYoungGen: 416747K->184462K(465920K)] 1144538K->912533K(1653760K), 0.0205124 secs] [Times: user=0.03 sys=0.00, real=0.02 secs] 
259.177: [GC (Allocation Failure) [PSYoungGen: 409570K->92624K(465920K)] 1137642K->821089K(1653760K), 0.0127594 secs] [Times: user=0.03 sys=0.01, real=0.02 secs] 
260.083: [GC (Allocation Failure) [PSYoungGen: 325584K->38037K(465920K)] 1054049K->766672K(1653760K), 0.0056051 secs] [Times: user=0.01 sys=0.00, real=0.01 secs] 
260.413: [GC (Allocation Failure) [PSYoungGen: 270997K->184687K(465920K)] 999632K->914575K(1653760K), 0.0205927 secs] [Times: user=0.02 sys=0.00, real=0.02 secs] 
260.702: [GC (Allocation Failure) [PSYoungGen: 417647K->184719K(465920K)] 1147535K->915016K(1653760K), 0.0204719 secs] [Times: user=0.03 sys=0.00, real=0.02 secs] 
261.885: [GC (Allocation Failure) [PSYoungGen: 407159K->91339K(465920K)] 1137457K->821918K(1653760K), 0.0165594 secs] [Times: user=0.03 sys=0.00, real=0.02 secs] 
263.919: [GC (Allocation Failure) [PSYoungGen: 324299K->37584K(465920K)] 1054878K->768348K(1653760K), 0.0077088 secs] [Times: user=0.02 sys=0.00, real=0.00 secs] 
264.236: [GC (Allocation Failure) [PSYoungGen: 270544K->183016K(465920K)] 1001308K->915025K(1653760K), 0.0202310 secs] [Times: user=0.03 sys=0.01, real=0.02 secs] 
264.520: [GC (Allocation Failure) [PSYoungGen: 415976K->184719K(465920K)] 1147985K->917009K(1653760K), 0.0203414 secs] [Times: user=0.03 sys=0.00, real=0.02 secs] 
266.236: [GC (Allocation Failure) [PSYoungGen: 411622K->93556K(465920K)] 1143913K->826119K(1653760K), 0.0126259 secs] [Times: user=0.03 sys=0.00, real=0.02 secs] 
267.122: [GC (Allocation Failure) [PSYoungGen: 326516K->38066K(465920K)] 1059079K->770929K(1653760K), 0.0056046 secs] [Times: user=0.01 sys=0.00, real=0.00 secs] 
267.395: [GC (Allocation Failure) [PSYoungGen: 271026K->183690K(465920K)] 1003889K->917807K(1653760K), 0.0203519 secs] [Times: user=0.02 sys=0.00, real=0.02 secs] 
267.683: [GC (Allocation Failure) [PSYoungGen: 416650K->184526K(465920K)] 1150767K->918924K(1653760K), 0.0203553 secs] [Times: user=0.02 sys=0.00, real=0.02 secs] 
269.588: [GC (Allocation Failure) [PSYoungGen: 408664K->92528K(465920K)] 1143061K->827207K(1653760K), 0.0135763 secs] [Times: user=0.03 sys=0.00, real=0.02 secs] 
270.388: [GC (Allocation Failure) [PSYoungGen: 325488K->37809K(465920K)] 1060167K->772804K(1653760K), 0.0055461 secs] [Times: user=0.01 sys=0.00, real=0.01 secs] 
270.658: [GC (Allocation Failure) [PSYoungGen: 270769K->184944K(465920K)] 1005764K->921192K(1653760K), 0.0204098 secs] [Times: user=0.03 sys=0.00, real=0.03 secs] 
270.996: [GC (Allocation Failure) [PSYoungGen: 417904K->184912K(465920K)] 1154152K->921441K(1653760K), 0.0204697 secs] [Times: user=0.03 sys=0.00, real=0.02 secs] 
273.557: [GC (Allocation Failure) [PSYoungGen: 407844K->91114K(465920K)] 1144374K->827908K(1653760K), 0.0279788 secs] [Times: user=0.06 sys=0.00, real=0.03 secs] 
274.699: [GC (Allocation Failure) [PSYoungGen: 324074K->37938K(465920K)] 1060868K->775042K(1653760K), 0.0055371 secs] [Times: user=0.02 sys=0.00, real=0.00 secs] 
274.969: [GC (Allocation Failure) [PSYoungGen: 270898K->183916K(465920K)] 1008002K->922273K(1653760K), 0.0203705 secs] [Times: user=0.03 sys=0.00, real=0.02 secs] 
275.253: [GC (Allocation Failure) [PSYoungGen: 416876K->184430K(465920K)] 1155233K->923068K(1653760K), 0.0203257 secs] [Times: user=0.03 sys=0.00, real=0.02 secs] 
277.262: [GC (Allocation Failure) [PSYoungGen: 409731K->92544K(465920K)] 1148370K->831455K(1653760K), 0.0179107 secs] [Times: user=0.03 sys=0.00, real=0.02 secs] 
278.939: [GC (Allocation Failure) [PSYoungGen: 325504K->37780K(465920K)] 1064415K->777010K(1653760K), 0.0080937 secs] [Times: user=0.02 sys=0.00, real=0.00 secs] 
279.259: [GC (Allocation Failure) [PSYoungGen: 270740K->184719K(465920K)] 1009970K->925202K(1653760K), 0.0204881 secs] [Times: user=0.03 sys=0.00, real=0.02 secs] 
279.547: [GC (Allocation Failure) [PSYoungGen: 417679K->184687K(465920K)] 1158162K->925451K(1653760K), 0.0205747 secs] [Times: user=0.03 sys=0.00, real=0.02 secs] 
280.376: [GC (Allocation Failure) [PSYoungGen: 407250K->91596K(465920K)] 1148014K->832625K(1653760K), 0.0122706 secs] [Times: user=0.02 sys=0.00, real=0.02 secs] 
281.295: [GC (Allocation Failure) [PSYoungGen: 324556K->38037K(465920K)] 1065585K->779388K(1653760K), 0.0056429 secs] [Times: user=0.02 sys=0.00, real=0.01 secs] 
281.562: [GC (Allocation Failure) [PSYoungGen: 270997K->183787K(465920K)] 1012348K->926392K(1653760K), 0.0204357 secs] [Times: user=0.02 sys=0.00, real=0.02 secs] 
281.906: [GC (Allocation Failure) [PSYoungGen: 416747K->184719K(465920K)] 1159352K->927604K(1653760K), 0.0204434 secs] [Times: user=0.03 sys=0.00, real=0.02 secs] 
282.954: [GC (Allocation Failure) [PSYoungGen: 410139K->92271K(465920K)] 1153025K->835422K(1653760K), 0.0131410 secs] [Times: user=0.03 sys=0.00, real=0.01 secs] 
284.587: [GC (Allocation Failure) [PSYoungGen: 325231K->37552K(465920K)] 1068382K->781017K(1653760K), 0.0070467 secs] [Times: user=0.01 sys=0.00, real=0.01 secs] 
284.873: [GC (Allocation Failure) [PSYoungGen: 270512K->184687K(465920K)] 1013977K->929397K(1653760K), 0.0206609 secs] [Times: user=0.03 sys=0.00, real=0.02 secs] 
285.207: [GC (Allocation Failure) [PSYoungGen: 417647K->184687K(465920K)] 1162357K->929806K(1653760K), 0.0204981 secs] [Times: user=0.03 sys=0.00, real=0.02 secs] 
285.878: [GC (Allocation Failure) [PSYoungGen: 409692K->91837K(465920K)] 1154811K->837222K(1653760K), 0.0120151 secs] [Times: user=0.03 sys=0.00, real=0.02 secs] 
286.738: [GC (Allocation Failure) [PSYoungGen: 324797K->38066K(465920K)] 1070182K->783624K(1653760K), 0.0054958 secs] [Times: user=0.01 sys=0.00, real=0.00 secs] 
287.006: [GC (Allocation Failure) [PSYoungGen: 271026K->184462K(465920K)] 1016584K->931273K(1653760K), 0.0202471 secs] [Times: user=0.03 sys=0.00, real=0.02 secs] 
287.290: [GC (Allocation Failure) [PSYoungGen: 417422K->184719K(465920K)] 1164233K->931940K(1653760K), 0.0204013 secs] [Times: user=0.03 sys=0.00, real=0.02 secs] 
288.158: [GC (Allocation Failure) [PSYoungGen: 407241K->91612K(465920K)] 1154462K->838978K(1653760K), 0.0129176 secs] [Times: user=0.02 sys=0.00, real=0.01 secs] 
289.552: [GC (Allocation Failure) [PSYoungGen: 324572K->38034K(465920K)] 1071938K->785706K(1653760K), 0.0083918 secs] [Times: user=0.02 sys=0.00, real=0.01 secs] 
289.878: [GC (Allocation Failure) [PSYoungGen: 270994K->184719K(465920K)] 1018666K->933772K(1653760K), 0.0207429 secs] [Times: user=0.03 sys=0.00, real=0.03 secs] 
290.168: [GC (Allocation Failure) [PSYoungGen: 417679K->184655K(465920K)] 1166732K->933861K(1653760K), 0.0203631 secs] [Times: user=0.03 sys=0.00, real=0.02 secs] 
290.820: [GC (Allocation Failure) [PSYoungGen: 407215K->91371K(465920K)] 1156421K->840858K(1653760K), 0.0125182 secs] [Times: user=0.02 sys=0.00, real=0.01 secs] 
292.345: [GC (Allocation Failure) [PSYoungGen: 324331K->37681K(465920K)] 1073818K->787492K(1653760K), 0.0066390 secs] [Times: user=0.01 sys=0.00, real=0.01 secs] 
292.622: [GC (Allocation Failure) [PSYoungGen: 270641K->184687K(465920K)] 1020452K->935751K(1653760K), 0.0206482 secs] [Times: user=0.03 sys=0.00, real=0.02 secs] 
292.967: [GC (Allocation Failure) [PSYoungGen: 417647K->184655K(465920K)] 1168711K->936000K(1653760K), 0.0203792 secs] [Times: user=0.03 sys=0.00, real=0.02 secs] 
294.377: [GC (Allocation Failure) [PSYoungGen: 407495K->91725K(465920K)] 1158841K->843335K(1653760K), 0.0152181 secs] [Times: user=0.03 sys=0.00, real=0.02 secs] 
296.339: [GC (Allocation Failure) [PSYoungGen: 324685K->37652K(465920K)] 1076295K->789578K(1653760K), 0.0078257 secs] [Times: user=0.02 sys=0.00, real=0.00 secs] 
296.726: [GC (Allocation Failure) [PSYoungGen: 270612K->184687K(465920K)] 1022538K->937858K(1653760K), 0.0207702 secs] [Times: user=0.03 sys=0.00, real=0.02 secs] 
297.009: [GC (Allocation Failure) [PSYoungGen: 417647K->184687K(465920K)] 1170818K->938140K(1653760K), 0.0205074 secs] [Times: user=0.03 sys=0.00, real=0.02 secs] 
299.226: [GC (Allocation Failure) [PSYoungGen: 407495K->91741K(465920K)] 1160948K->845458K(1653760K), 0.0176497 secs] [Times: user=0.04 sys=0.00, real=0.02 secs] 
301.061: [GC (Allocation Failure) [PSYoungGen: 324701K->37523K(465920K)] 1078418K->791543K(1653760K), 0.0080030 secs] [Times: user=0.02 sys=0.00, real=0.01 secs] 
301.444: [GC (Allocation Failure) [PSYoungGen: 270483K->183658K(465920K)] 1024503K->938932K(1653760K), 0.0204592 secs] [Times: user=0.03 sys=0.00, real=0.02 secs] 
301.789: [GC (Allocation Failure) [PSYoungGen: 416618K->184590K(465920K)] 1171892K->940144K(1653760K), 0.0203704 secs] [Times: user=0.03 sys=0.00, real=0.02 secs] 
302.592: [GC (Allocation Failure) [PSYoungGen: 408799K->92978K(465920K)] 1164353K->848805K(1653760K), 0.0132814 secs] [Times: user=0.03 sys=0.00, real=0.01 secs] 
305.297: [GC (Allocation Failure) [PSYoungGen: 325938K->37523K(465920K)] 1081765K->793656K(1653760K), 0.0081176 secs] [Times: user=0.02 sys=0.00, real=0.01 secs] 
305.618: [GC (Allocation Failure) [PSYoungGen: 270483K->184494K(465920K)] 1026616K->941880K(1653760K), 0.0204756 secs] [Times: user=0.03 sys=0.00, real=0.03 secs] 
305.906: [GC (Allocation Failure) [PSYoungGen: 417454K->184526K(465920K)] 1174840K->942322K(1653760K), 0.0205210 secs] [Times: user=0.03 sys=0.00, real=0.02 secs] 
308.132: [GC (Allocation Failure) [PSYoungGen: 409674K->92223K(465920K)] 1167470K->850155K(1653760K), 0.0173226 secs] [Times: user=0.04 sys=0.00, real=0.02 secs] 
310.366: [GC (Allocation Failure) [PSYoungGen: 325183K->38037K(465920K)] 1083115K->796272K(1653760K), 0.0067478 secs] [Times: user=0.02 sys=0.00, real=0.01 secs] 
310.650: [GC (Allocation Failure) [PSYoungGen: 270997K->184815K(465920K)] 1029232K->944296K(1653760K), 0.0206061 secs] [Times: user=0.03 sys=0.00, real=0.02 secs] 
310.989: [GC (Allocation Failure) [PSYoungGen: 417775K->184751K(465920K)] 1177256K->944512K(1653760K), 0.0204073 secs] [Times: user=0.03 sys=0.00, real=0.02 secs] 
311.709: [GC (Allocation Failure) [PSYoungGen: 406686K->91178K(465920K)] 1166448K->851205K(1653760K), 0.0120542 secs] [Times: user=0.03 sys=0.00, real=0.01 secs] 
312.740: [GC (Allocation Failure) [PSYoungGen: 324138K->37780K(465920K)] 1084165K->798130K(1653760K), 0.0055254 secs] [Times: user=0.01 sys=0.00, real=0.00 secs] 
313.071: [GC (Allocation Failure) [PSYoungGen: 270740K->184494K(465920K)] 1031090K->946097K(1653760K), 0.0204932 secs] [Times: user=0.03 sys=0.00, real=0.02 secs] 
313.414: [GC (Allocation Failure) [PSYoungGen: 417454K->184590K(465920K)] 1179057K->946475K(1653760K), 0.0204247 secs] [Times: user=0.03 sys=0.00, real=0.02 secs] 
314.756: [GC (Allocation Failure) [PSYoungGen: 407664K->92014K(465920K)] 1169549K->854164K(1653760K), 0.0171292 secs] [Times: user=0.04 sys=0.00, real=0.02 secs] 
315.766: [GC (Allocation Failure) [PSYoungGen: 324974K->37938K(465920K)] 1087124K->800403K(1653760K), 0.0055953 secs] [Times: user=0.01 sys=0.00, real=0.01 secs] 
316.036: [GC (Allocation Failure) [PSYoungGen: 270898K->184976K(465920K)] 1033363K->948695K(1653760K), 0.0205022 secs] [Times: user=0.03 sys=0.00, real=0.02 secs] 
316.319: [GC (Allocation Failure) [PSYoungGen: 417936K->184301K(465920K)] 1181655K->948301K(1653760K), 0.0203894 secs] [Times: user=0.03 sys=0.00, real=0.02 secs] 
317.265: [GC (Allocation Failure) [PSYoungGen: 407160K->91612K(465920K)] 1171160K->856006K(1653760K), 0.0125657 secs] [Times: user=0.02 sys=0.00, real=0.01 secs] 
318.217: [GC (Allocation Failure) [PSYoungGen: 324572K->38037K(465920K)] 1088966K->802610K(1653760K), 0.0056329 secs] [Times: user=0.01 sys=0.00, real=0.01 secs] 
318.549: [GC (Allocation Failure) [PSYoungGen: 270997K->184719K(465920K)] 1035570K->950545K(1653760K), 0.0223075 secs] [Times: user=0.03 sys=0.00, real=0.02 secs] 
318.901: [GC (Allocation Failure) [PSYoungGen: 417679K->184719K(465920K)] 1183505K->950955K(1653760K), 0.0205567 secs] [Times: user=0.03 sys=0.00, real=0.02 secs] 
320.577: [GC (Allocation Failure) [PSYoungGen: 407163K->91323K(465920K)] 1173399K->857824K(1653760K), 0.0193735 secs] [Times: user=0.04 sys=0.00, real=0.02 secs] 
322.098: [GC (Allocation Failure) [PSYoungGen: 324283K->38037K(465920K)] 1090784K->804724K(1653760K), 0.0058583 secs] [Times: user=0.01 sys=0.00, real=0.01 secs] 
322.365: [GC (Allocation Failure) [PSYoungGen: 270997K->183819K(465920K)] 1037684K->951759K(1653760K), 0.0203616 secs] [Times: user=0.03 sys=0.00, real=0.02 secs] 
322.649: [GC (Allocation Failure) [PSYoungGen: 416779K->184494K(465920K)] 1184719K->952715K(1653760K), 0.0204231 secs] [Times: user=0.03 sys=0.00, real=0.02 secs] 
324.559: [GC (Allocation Failure) [PSYoungGen: 409749K->92496K(465920K)] 1177970K->860982K(1653760K), 0.0201134 secs] [Times: user=0.05 sys=0.00, real=0.02 secs] 
326.039: [GC (Allocation Failure) [PSYoungGen: 325456K->38037K(465920K)] 1093942K->806839K(1653760K), 0.0057756 secs] [Times: user=0.02 sys=0.00, real=0.00 secs] 
326.369: [GC (Allocation Failure) [PSYoungGen: 270997K->184751K(465920K)] 1039799K->954806K(1653760K), 0.0205974 secs] [Times: user=0.03 sys=0.00, real=0.02 secs] 
326.655: [GC (Allocation Failure) [PSYoungGen: 417711K->184719K(465920K)] 1187766K->955055K(1653760K), 0.0205916 secs] [Times: user=0.03 sys=0.00, real=0.02 secs] 
328.272: [GC (Allocation Failure) [PSYoungGen: 407289K->91323K(465920K)] 1177626K->861933K(1653760K), 0.0173085 secs] [Times: user=0.03 sys=0.00, real=0.02 secs] 
329.892: [GC (Allocation Failure) [PSYoungGen: 324283K->37780K(465920K)] 1094893K->808699K(1653760K), 0.0087446 secs] [Times: user=0.03 sys=0.00, real=0.01 secs] 
330.217: [GC (Allocation Failure) [PSYoungGen: 270740K->183819K(465920K)] 1041659K->955992K(1653760K), 0.0204772 secs] [Times: user=0.03 sys=0.00, real=0.02 secs] 
330.505: [GC (Allocation Failure) [PSYoungGen: 416779K->184687K(465920K)] 1188952K->957141K(1653760K), 0.0205801 secs] [Times: user=0.03 sys=0.00, real=0.02 secs] 
331.143: [GC (Allocation Failure) [PSYoungGen: 410095K->92464K(465920K)] 1182549K->865183K(1653760K), 0.0127297 secs] [Times: user=0.03 sys=0.00, real=0.01 secs] 
332.584: [GC (Allocation Failure) [PSYoungGen: 325424K->37906K(465920K)] 1098143K->810932K(1653760K), 0.0072684 secs] [Times: user=0.02 sys=0.00, real=0.01 secs] 
332.877: [GC (Allocation Failure) [PSYoungGen: 270866K->184719K(465920K)] 1043892K->958999K(1653760K), 0.0206016 secs] [Times: user=0.03 sys=0.00, real=0.02 secs] 
333.165: [GC (Allocation Failure) [PSYoungGen: 417679K->184719K(465920K)] 1191959K->959280K(1653760K), 0.0205809 secs] [Times: user=0.03 sys=0.00, real=0.02 secs] 
334.389: [GC (Allocation Failure) [PSYoungGen: 407303K->91499K(465920K)] 1181864K->866326K(1653760K), 0.0177362 secs] [Times: user=0.04 sys=0.00, real=0.01 secs] 
336.070: [GC (Allocation Failure) [PSYoungGen: 324459K->37809K(465920K)] 1099286K->812949K(1653760K), 0.0071576 secs] [Times: user=0.02 sys=0.00, real=0.00 secs] 
336.359: [GC (Allocation Failure) [PSYoungGen: 270769K->183787K(465920K)] 1045909K->960181K(1653760K), 0.0204040 secs] [Times: user=0.03 sys=0.00, real=0.02 secs] 
336.689: [GC (Allocation Failure) [PSYoungGen: 416747K->184687K(465920K)] 1193141K->961361K(1653760K), 0.0205109 secs] [Times: user=0.03 sys=0.00, real=0.02 secs] 
337.405: [GC (Allocation Failure) [PSYoungGen: 410106K->92512K(465920K)] 1186781K->869459K(1653760K), 0.0121795 secs] [Times: user=0.03 sys=0.00, real=0.01 secs] 
338.754: [GC (Allocation Failure) [PSYoungGen: 325472K->38005K(465920K)] 1102419K->815259K(1653760K), 0.0077473 secs] [Times: user=0.02 sys=0.00, real=0.01 secs] 
339.147: [GC (Allocation Failure) [PSYoungGen: 270965K->184751K(465920K)] 1048219K->963258K(1653760K), 0.0206206 secs] [Times: user=0.03 sys=0.00, real=0.02 secs] 
339.489: [GC (Allocation Failure) [PSYoungGen: 417711K->184687K(465920K)] 1196218K->963603K(1653760K), 0.0204973 secs] [Times: user=0.03 sys=0.00, real=0.02 secs] 
340.694: [GC (Allocation Failure) [PSYoungGen: 407135K->91371K(465920K)] 1186052K->870561K(1653760K), 0.0169691 secs] [Times: user=0.03 sys=0.00, real=0.02 secs] 
341.516: [GC (Allocation Failure) [PSYoungGen: 324331K->38166K(465920K)] 1103521K->817543K(1653760K), 0.0056269 secs] [Times: user=0.01 sys=0.00, real=0.01 secs] 
341.785: [GC (Allocation Failure) [PSYoungGen: 271126K->184719K(465920K)] 1050503K->965478K(1653760K), 0.0203966 secs] [Times: user=0.03 sys=0.00, real=0.02 secs] 
342.125: [GC (Allocation Failure) [PSYoungGen: 417679K->184623K(465920K)] 1198438K->965534K(1653760K), 0.0203706 secs] [Times: user=0.03 sys=0.00, real=0.02 secs] 
342.749: [GC (Allocation Failure) [PSYoungGen: 407056K->91194K(465920K)] 1187968K->872371K(1653760K), 0.0121927 secs] [Times: user=0.02 sys=0.01, real=0.01 secs] 
343.564: [GC (Allocation Failure) [PSYoungGen: 324154K->38166K(465920K)] 1105331K->819664K(1653760K), 0.0056989 secs] [Times: user=0.01 sys=0.00, real=0.01 secs] 
343.834: [GC (Allocation Failure) [PSYoungGen: 271126K->184719K(465920K)] 1052624K->967599K(1653760K), 0.0205448 secs] [Times: user=0.03 sys=0.00, real=0.02 secs] 
344.121: [GC (Allocation Failure) [PSYoungGen: 417679K->184719K(465920K)] 1200559K->967752K(1653760K), 0.0205212 secs] [Times: user=0.03 sys=0.00, real=0.02 secs] 
345.906: [GC (Allocation Failure) [PSYoungGen: 407147K->91258K(465920K)] 1190180K->874717K(1653760K), 0.0168450 secs] [Times: user=0.03 sys=0.00, real=0.02 secs] 
347.693: [GC (Allocation Failure) [PSYoungGen: 324218K->38195K(465920K)] 1107677K->821841K(1653760K), 0.0068950 secs] [Times: user=0.01 sys=0.00, real=0.01 secs] 
347.975: [GC (Allocation Failure) [PSYoungGen: 271155K->184205K(465920K)] 1054801K->969104K(1653760K), 0.0205615 secs] [Times: user=0.02 sys=0.00, real=0.02 secs] 
348.259: [GC (Allocation Failure) [PSYoungGen: 417165K->184558K(465920K)] 1202064K->969739K(1653760K), 0.0206250 secs] [Times: user=0.03 sys=0.00, real=0.02 secs] 
349.484: [GC (Allocation Failure) [PSYoungGen: 407548K->91805K(465920K)] 1192729K->877251K(1653760K), 0.0242888 secs] [Times: user=0.04 sys=0.00, real=0.02 secs] 
350.389: [GC (Allocation Failure) [PSYoungGen: 324765K->38037K(465920K)] 1110211K->823798K(1653760K), 0.0056803 secs] [Times: user=0.01 sys=0.00, real=0.00 secs] 
350.686: [GC (Allocation Failure) [PSYoungGen: 270997K->184333K(465920K)] 1056758K->971340K(1653760K), 0.0236449 secs] [Times: user=0.04 sys=0.00, real=0.03 secs] 
350.976: [GC (Allocation Failure) [PSYoungGen: 417293K->184173K(465920K)] 1204300K->971460K(1653760K), 0.0205116 secs] [Times: user=0.03 sys=0.00, real=0.02 secs] 
352.389: [GC (Allocation Failure) [PSYoungGen: 409411K->92271K(465920K)] 1196699K->879831K(1653760K), 0.0173884 secs] [Times: user=0.03 sys=0.00, real=0.01 secs] 
354.312: [GC (Allocation Failure) [PSYoungGen: 325231K->37812K(465920K)] 1112791K->825695K(1653760K), 0.0077224 secs] [Times: user=0.02 sys=0.00, real=0.01 secs] 
354.617: [GC (Allocation Failure) [PSYoungGen: 270772K->184687K(465920K)] 1058655K->973831K(1653760K), 0.0203903 secs] [Times: user=0.03 sys=0.00, real=0.02 secs] 
354.907: [GC (Allocation Failure) [PSYoungGen: 417647K->184719K(465920K)] 1206791K->974144K(1653760K), 0.0205147 secs] [Times: user=0.02 sys=0.00, real=0.02 secs] 
355.948: [GC (Allocation Failure) [PSYoungGen: 407281K->91612K(465920K)] 1196706K->881310K(1653760K), 0.0123184 secs] [Times: user=0.03 sys=0.00, real=0.01 secs] 
356.780: [GC (Allocation Failure) [PSYoungGen: 324572K->38066K(465920K)] 1114270K->828080K(1653760K), 0.0056729 secs] [Times: user=0.01 sys=0.00, real=0.00 secs] 
357.047: [GC (Allocation Failure) [PSYoungGen: 271026K->183819K(465920K)] 1061040K->975087K(1653760K), 0.0202998 secs] [Times: user=0.02 sys=0.00, real=0.02 secs] 
357.331: [GC (Allocation Failure) [PSYoungGen: 416779K->184398K(465920K)] 1208047K->975946K(1653760K), 0.0204774 secs] [Times: user=0.03 sys=0.00, real=0.02 secs] 
358.975: [GC (Allocation Failure) [PSYoungGen: 409505K->92512K(465920K)] 1201054K->884454K(1653760K), 0.0128324 secs] [Times: user=0.02 sys=0.00, real=0.01 secs] 
360.564: [GC (Allocation Failure) [PSYoungGen: 325472K->37877K(465920K)] 1117414K->829996K(1653760K), 0.0068760 secs] [Times: user=0.02 sys=0.00, real=0.01 secs] 
360.849: [GC (Allocation Failure) [PSYoungGen: 270837K->184076K(465920K)] 1062956K->977441K(1653760K), 0.0205461 secs] [Times: user=0.03 sys=0.00, real=0.02 secs] 
361.189: [GC (Allocation Failure) [PSYoungGen: 417036K->184558K(465920K)] 1210401K->978204K(1653760K), 0.0204783 secs] [Times: user=0.03 sys=0.00, real=0.02 secs] 
361.868: [GC (Allocation Failure) [PSYoungGen: 409710K->92271K(465920K)] 1203356K->886190K(1653760K), 0.0117091 secs] [Times: user=0.02 sys=0.00, real=0.01 secs] 
362.692: [GC (Allocation Failure) [PSYoungGen: 325231K->38066K(465920K)] 1119150K->832293K(1653760K), 0.0056240 secs] [Times: user=0.01 sys=0.00, real=0.00 secs] 
362.960: [GC (Allocation Failure) [PSYoungGen: 271026K->184333K(465920K)] 1065253K->979814K(1653760K), 0.0205214 secs] [Times: user=0.03 sys=0.00, real=0.02 secs] 
363.305: [GC (Allocation Failure) [PSYoungGen: 417293K->184687K(465920K)] 1212774K->980448K(1653760K), 0.0205646 secs] [Times: user=0.03 sys=0.00, real=0.02 secs] 
364.568: [GC (Allocation Failure) [PSYoungGen: 407535K->91757K(465920K)] 1203296K->887791K(1653760K), 0.0138094 secs] [Times: user=0.02 sys=0.00, real=0.01 secs] 
366.345: [GC (Allocation Failure) [PSYoungGen: 324717K->38037K(465920K)] 1120751K->834401K(1653760K), 0.0076264 secs] [Times: user=0.02 sys=0.00, real=0.01 secs] 
366.655: [GC (Allocation Failure) [PSYoungGen: 270997K->184719K(465920K)] 1067361K->982465K(1653760K), 0.0206658 secs] [Times: user=0.03 sys=0.00, real=0.02 secs] 
367.004: [GC (Allocation Failure) [PSYoungGen: 417679K->184687K(465920K)] 1215425K->982586K(1653760K), 0.0205238 secs] [Times: user=0.03 sys=0.00, real=0.02 secs] 
367.638: [GC (Allocation Failure) [PSYoungGen: 407247K->91323K(465920K)] 1205146K->889495K(1653760K), 0.0122352 secs] [Times: user=0.03 sys=0.00, real=0.01 secs] 
368.447: [GC (Allocation Failure) [PSYoungGen: 324283K->38037K(465920K)] 1122455K->836515K(1653760K), 0.0056904 secs] [Times: user=0.01 sys=0.00, real=0.01 secs] 
368.716: [GC (Allocation Failure) [PSYoungGen: 270997K->183980K(465920K)] 1069475K->983711K(1653760K), 0.0206142 secs] [Times: user=0.03 sys=0.00, real=0.02 secs] 
369.008: [GC (Allocation Failure) [PSYoungGen: 416940K->184494K(465920K)] 1216671K->984498K(1653760K), 0.0204822 secs] [Times: user=0.03 sys=0.00, real=0.02 secs] 
371.205: [GC (Allocation Failure) [PSYoungGen: 408217K->92415K(465920K)] 1208221K->892693K(1653760K), 0.0287900 secs] [Times: user=0.06 sys=0.01, real=0.03 secs] 
372.781: [GC (Allocation Failure) [PSYoungGen: 325375K->37909K(465920K)] 1125653K->838494K(1653760K), 0.0067121 secs] [Times: user=0.02 sys=0.00, real=0.00 secs] 
373.136: [GC (Allocation Failure) [PSYoungGen: 270869K->184944K(465920K)] 1071454K->986782K(1653760K), 0.0206461 secs] [Times: user=0.03 sys=0.00, real=0.02 secs] 
373.428: [GC (Allocation Failure) [PSYoungGen: 417904K->184976K(465920K)] 1219742K->987095K(1653760K), 0.0206486 secs] [Times: user=0.03 sys=0.00, real=0.03 secs] 
374.215: [GC (Allocation Failure) [PSYoungGen: 407832K->90953K(465920K)] 1209952K->893338K(1653760K), 0.0124515 secs] [Times: user=0.03 sys=0.00, real=0.01 secs] 
375.105: [GC (Allocation Failure) [PSYoungGen: 323913K->38037K(465920K)] 1126298K->840746K(1653760K), 0.0070447 secs] [Times: user=0.01 sys=0.00, real=0.01 secs] 
375.447: [GC (Allocation Failure) [PSYoungGen: 270997K->184590K(465920K)] 1073706K->988552K(1653760K), 0.0209327 secs] [Times: user=0.03 sys=0.00, real=0.03 secs] 
375.791: [GC (Allocation Failure) [PSYoungGen: 417550K->184687K(465920K)] 1221512K->988930K(1653760K), 0.0205928 secs] [Times: user=0.03 sys=0.00, real=0.02 secs] 
376.481: [GC (Allocation Failure) [PSYoungGen: 407148K->91435K(465920K)] 1211392K->896088K(1653760K), 0.0124891 secs] [Times: user=0.03 sys=0.00, real=0.01 secs] 
377.378: [GC (Allocation Failure) [PSYoungGen: 324395K->38034K(465920K)] 1129048K->842864K(1653760K), 0.0081553 secs] [Times: user=0.01 sys=0.00, real=0.00 secs] 
377.728: [GC (Allocation Failure) [PSYoungGen: 270994K->184719K(465920K)] 1075824K->990802K(1653760K), 0.0206726 secs] [Times: user=0.03 sys=0.00, real=0.02 secs] 
378.071: [GC (Allocation Failure) [PSYoungGen: 417679K->184687K(465920K)] 1223762K->991051K(1653760K), 0.0205331 secs] [Times: user=0.03 sys=0.00, real=0.02 secs] 
379.471: [GC (Allocation Failure) [PSYoungGen: 407245K->91355K(465920K)] 1213609K->897993K(1653760K), 0.0250629 secs] [Times: user=0.05 sys=0.00, real=0.02 secs] 
380.987: [GC (Allocation Failure) [PSYoungGen: 324315K->37780K(465920K)] 1130953K->844711K(1653760K), 0.0067491 secs] [Times: user=0.02 sys=0.00, real=0.01 secs] 
381.264: [GC (Allocation Failure) [PSYoungGen: 270740K->183916K(465920K)] 1077671K->992100K(1653760K), 0.0205093 secs] [Times: user=0.03 sys=0.00, real=0.02 secs] 
381.547: [GC (Allocation Failure) [PSYoungGen: 416876K->184430K(465920K)] 1225060K->992896K(1653760K), 0.0204708 secs] [Times: user=0.03 sys=0.00, real=0.03 secs] 
382.416: [GC (Allocation Failure) [PSYoungGen: 409634K->92640K(465920K)] 1218100K->901371K(1653760K), 0.0168883 secs] [Times: user=0.03 sys=0.00, real=0.02 secs] 
383.989: [GC (Allocation Failure) [PSYoungGen: 325600K->37841K(465920K)] 1134331K->846886K(1653760K), 0.0074429 secs] [Times: user=0.02 sys=0.00, real=0.00 secs] 
384.288: [GC (Allocation Failure) [PSYoungGen: 270801K->184687K(465920K)] 1079846K->994993K(1653760K), 0.0204225 secs] [Times: user=0.03 sys=0.00, real=0.02 secs] 
384.626: [GC (Allocation Failure) [PSYoungGen: 417647K->184719K(465920K)] 1227953K->995306K(1653760K), 0.0203695 secs] [Times: user=0.03 sys=0.00, real=0.02 secs] 
385.242: [GC (Allocation Failure) [PSYoungGen: 407285K->91660K(465920K)] 1217872K->902512K(1653760K), 0.0127830 secs] [Times: user=0.03 sys=0.00, real=0.01 secs] 
386.049: [GC (Allocation Failure) [PSYoungGen: 324620K->38037K(465920K)] 1135472K->849197K(1653760K), 0.0056570 secs] [Times: user=0.02 sys=0.00, real=0.00 secs] 
386.318: [GC (Allocation Failure) [PSYoungGen: 270997K->183787K(465920K)] 1082157K->996201K(1653760K), 0.0204842 secs] [Times: user=0.02 sys=0.00, real=0.03 secs] 
386.607: [GC (Allocation Failure) [PSYoungGen: 416747K->184655K(465920K)] 1229161K->997349K(1653760K), 0.0204989 secs] [Times: user=0.02 sys=0.00, real=0.02 secs] 
387.234: [GC (Allocation Failure) [PSYoungGen: 410071K->92239K(465920K)] 1222766K->905198K(1653760K), 0.0116049 secs] [Times: user=0.03 sys=0.00, real=0.01 secs] 
388.031: [GC (Allocation Failure) [PSYoungGen: 325199K->38037K(465920K)] 1138158K->851315K(1653760K), 0.0057015 secs] [Times: user=0.01 sys=0.00, real=0.00 secs] 
388.301: [GC (Allocation Failure) [PSYoungGen: 270997K->184687K(465920K)] 1084275K->999218K(1653760K), 0.0204829 secs] [Times: user=0.03 sys=0.00, real=0.02 secs] 
388.584: [GC (Allocation Failure) [PSYoungGen: 417647K->184430K(465920K)] 1232178K->999242K(1653760K), 0.0205366 secs] [Times: user=0.03 sys=0.00, real=0.02 secs] 
389.491: [GC (Allocation Failure) [PSYoungGen: 406907K->91580K(465920K)] 1221719K->906657K(1653760K), 0.0125310 secs] [Times: user=0.02 sys=0.00, real=0.01 secs] 
391.347: [GC (Allocation Failure) [PSYoungGen: 324540K->37909K(465920K)] 1139617K->853302K(1653760K), 0.0069242 secs] [Times: user=0.02 sys=0.00, real=0.01 secs] 
391.632: [GC (Allocation Failure) [PSYoungGen: 270869K->184719K(465920K)] 1086262K->1001494K(1653760K), 0.0206129 secs] [Times: user=0.03 sys=0.00, real=0.02 secs] 
391.916: [GC (Allocation Failure) [PSYoungGen: 417679K->184719K(465920K)] 1234454K->1001646K(1653760K), 0.0206340 secs] [Times: user=0.03 sys=0.00, real=0.02 secs] 
393.128: [GC (Allocation Failure) [PSYoungGen: 407270K->91516K(465920K)] 1224197K->908708K(1653760K), 0.0141448 secs] [Times: user=0.03 sys=0.00, real=0.02 secs] 
395.508: [GC (Allocation Failure) [PSYoungGen: 324476K->37427K(465920K)] 1141668K->854941K(1653760K), 0.0078694 secs] [Times: user=0.02 sys=0.00, real=0.00 secs] 
395.818: [GC (Allocation Failure) [PSYoungGen: 270387K->184687K(465920K)] 1087901K->1003447K(1653760K), 0.0206856 secs] [Times: user=0.02 sys=0.00, real=0.02 secs] 
396.172: [GC (Allocation Failure) [PSYoungGen: 417647K->184751K(465920K)] 1236407K->1003792K(1653760K), 0.0206414 secs] [Times: user=0.03 sys=0.00, real=0.02 secs] 
396.792: [GC (Allocation Failure) [PSYoungGen: 409858K->91998K(465920K)] 1228899K->911304K(1653760K), 0.0125785 secs] [Times: user=0.02 sys=0.00, real=0.01 secs] 
397.625: [GC (Allocation Failure) [PSYoungGen: 324958K->38037K(465920K)] 1144264K->857659K(1653760K), 0.0057067 secs] [Times: user=0.02 sys=0.00, real=0.01 secs] 
397.894: [GC (Allocation Failure) [PSYoungGen: 270997K->184430K(465920K)] 1090619K->1005297K(1653760K), 0.0204943 secs] [Times: user=0.02 sys=0.00, real=0.02 secs] 
398.236: [GC (Allocation Failure) [PSYoungGen: 417390K->184687K(465920K)] 1238257K->1005964K(1653760K), 0.0205446 secs] [Times: user=0.03 sys=0.00, real=0.02 secs] 
400.124: [GC (Allocation Failure) [PSYoungGen: 407217K->91596K(465920K)] 1228494K->913017K(1653760K), 0.0195129 secs] [Times: user=0.04 sys=0.00, real=0.02 secs] 
402.050: [GC (Allocation Failure) [PSYoungGen: 324556K->37809K(465920K)] 1145977K->859552K(1653760K), 0.0075012 secs] [Times: user=0.02 sys=0.00, real=0.00 secs] 
402.349: [GC (Allocation Failure) [PSYoungGen: 270769K->184719K(465920K)] 1092512K->1007844K(1653760K), 0.0205513 secs] [Times: user=0.03 sys=0.00, real=0.02 secs] 
402.633: [GC (Allocation Failure) [PSYoungGen: 417679K->184719K(465920K)] 1240804K->1007996K(1653760K), 0.0205465 secs] [Times: user=0.03 sys=0.00, real=0.02 secs] 
403.920: [GC (Allocation Failure) [PSYoungGen: 407302K->91564K(465920K)] 1230580K->915123K(1653760K), 0.0170601 secs] [Times: user=0.03 sys=0.00, real=0.01 secs] 
404.872: [GC (Allocation Failure) [PSYoungGen: 324524K->145121K(465920K)] 1148083K->968995K(1653760K), 0.0144585 secs] [Times: user=0.03 sys=0.00, real=0.01 secs] 
405.070: [GC (Allocation Failure) [PSYoungGen: 378081K->184687K(465920K)] 1201955K->1042583K(1653760K), 0.0230790 secs] [Times: user=0.04 sys=0.01, real=0.02 secs] 
405.279: [GC (Allocation Failure) [PSYoungGen: 417647K->183851K(465920K)] 1275543K->1042029K(1653760K), 0.0210108 secs] [Times: user=0.03 sys=0.00, real=0.02 secs] 
407.856: [GC (Allocation Failure) [PSYoungGen: 416811K->1376K(465920K)] 1274989K->859705K(1653760K), 0.0041920 secs] [Times: user=0.02 sys=0.00, real=0.01 secs] 
410.672: [GC (Allocation Failure) [PSYoungGen: 234336K->135490K(465920K)] 1092665K->994005K(1653760K), 0.0156127 secs] [Times: user=0.02 sys=0.00, real=0.02 secs] 
410.957: [GC (Allocation Failure) [PSYoungGen: 368450K->183916K(465920K)] 1226965K->1043684K(1653760K), 0.0205640 secs] [Times: user=0.02 sys=0.00, real=0.02 secs] 
411.347: [GC (Allocation Failure) [PSYoungGen: 416876K->166864K(465920K)] 1276644K->1026906K(1653760K), 0.0204637 secs] [Times: user=0.03 sys=0.00, real=0.03 secs] 
412.513: [GC (Allocation Failure) [PSYoungGen: 399824K->160K(465920K)] 1259866K->861637K(1653760K), 0.0040962 secs] [Times: user=0.01 sys=0.01, real=0.00 secs] 
413.184: [GC (Allocation Failure) [PSYoungGen: 233120K->159781K(465920K)] 1094597K->1021282K(1653760K), 0.0181547 secs] [Times: user=0.03 sys=0.00, real=0.02 secs] 
413.467: [GC (Allocation Failure) [PSYoungGen: 392741K->185972K(465920K)] 1254242K->1048727K(1653760K), 0.0211387 secs] [Times: user=0.03 sys=0.00, real=0.03 secs] 
413.944: [GC (Allocation Failure) [PSYoungGen: 418932K->144645K(465920K)] 1281687K->1007673K(1653760K), 0.0160245 secs] [Times: user=0.02 sys=0.00, real=0.02 secs] 
415.326: [GC (Allocation Failure) [PSYoungGen: 377605K->96K(465920K)] 1240633K->864571K(1653760K), 0.0029703 secs] [Times: user=0.02 sys=0.00, real=0.01 secs] 
415.624: [GC (Allocation Failure) [PSYoungGen: 233056K->184104K(465920K)] 1097531K->1048604K(1653760K), 0.0206864 secs] [Times: user=0.02 sys=0.00, real=0.02 secs] 
415.911: [GC (Allocation Failure) [PSYoungGen: 417064K->186357K(465920K)] 1281564K->1052103K(1653760K), 0.0208538 secs] [Times: user=0.03 sys=0.00, real=0.02 secs] 
416.447: [GC (Allocation Failure) [PSYoungGen: 419317K->128129K(465920K)] 1285063K->994139K(1653760K), 0.0141076 secs] [Times: user=0.02 sys=0.00, real=0.02 secs] 
417.659: [GC (Allocation Failure) [PSYoungGen: 361089K->25281K(465920K)] 1227099K->891605K(1653760K), 0.0066640 secs] [Times: user=0.01 sys=0.00, real=0.00 secs] 
417.972: [GC (Allocation Failure) [PSYoungGen: 258241K->185843K(465920K)] 1124565K->1053421K(1653760K), 0.0206422 secs] [Times: user=0.03 sys=0.00, real=0.02 secs] 
418.312: [GC (Allocation Failure) [PSYoungGen: 418803K->185843K(465920K)] 1286381K->1053831K(1653760K), 0.0207662 secs] [Times: user=0.03 sys=0.00, real=0.02 secs] 
419.750: [GC (Allocation Failure) [PSYoungGen: 418803K->85349K(465920K)] 1286791K->953473K(1653760K), 0.0207173 secs] [Times: user=0.03 sys=0.00, real=0.02 secs] 
421.365: [GC (Allocation Failure) [PSYoungGen: 318309K->51243K(465920K)] 1186433K->919669K(1653760K), 0.0087234 secs] [Times: user=0.02 sys=0.00, real=0.01 secs] 
421.653: [GC (Allocation Failure) [PSYoungGen: 284203K->185875K(465920K)] 1152629K->1055546K(1653760K), 0.0206656 secs] [Times: user=0.03 sys=0.01, real=0.02 secs] 
421.937: [GC (Allocation Failure) [PSYoungGen: 418835K->185907K(465920K)] 1288506K->1055860K(1653760K), 0.0207973 secs] [Times: user=0.03 sys=0.00, real=0.03 secs] 
423.607: [GC (Allocation Failure) [PSYoungGen: 418867K->59356K(465920K)] 1288820K->929573K(1653760K), 0.0131388 secs] [Times: user=0.03 sys=0.00, real=0.02 secs] 
424.535: [GC (Allocation Failure) [PSYoungGen: 292316K->76495K(465920K)] 1162533K->947022K(1653760K), 0.0098460 secs] [Times: user=0.02 sys=0.00, real=0.01 secs] 
424.808: [GC (Allocation Failure) [PSYoungGen: 309455K->184205K(465920K)] 1179982K->1055993K(1653760K), 0.0203650 secs] [Times: user=0.03 sys=0.00, real=0.03 secs] 
425.091: [GC (Allocation Failure) [PSYoungGen: 417165K->184333K(465920K)] 1288953K->1056395K(1653760K), 0.0205253 secs] [Times: user=0.02 sys=0.00, real=0.02 secs] 
425.905: [GC (Allocation Failure) [PSYoungGen: 417293K->37426K(465920K)] 1289355K->909769K(1653760K), 0.0068210 secs] [Times: user=0.02 sys=0.00, real=0.01 secs] 
426.576: [GC (Allocation Failure) [PSYoungGen: 270386K->98989K(465920K)] 1142729K->971640K(1653760K), 0.0121435 secs] [Times: user=0.02 sys=0.00, real=0.02 secs] 
426.851: [GC (Allocation Failure) [PSYoungGen: 331949K->184301K(465920K)] 1204600K->1058189K(1653760K), 0.0205358 secs] [Times: user=0.03 sys=0.00, real=0.02 secs] 
427.192: [GC (Allocation Failure) [PSYoungGen: 417261K->184205K(465920K)] 1291149K->1058374K(1653760K), 0.0204204 secs] [Times: user=0.03 sys=0.00, real=0.02 secs] 
428.746: [GC (Allocation Failure) [PSYoungGen: 417165K->14919K(465920K)] 1291334K->889361K(1653760K), 0.0046023 secs] [Times: user=0.02 sys=0.00, real=0.01 secs] 
429.297: [GC (Allocation Failure) [PSYoungGen: 247879K->120999K(465920K)] 1122321K->995748K(1653760K), 0.0144997 secs] [Times: user=0.02 sys=0.00, real=0.02 secs] 
429.640: [GC (Allocation Failure) [PSYoungGen: 353959K->184173K(465920K)] 1228708K->1060168K(1653760K), 0.0207294 secs] [Times: user=0.03 sys=0.00, real=0.02 secs] 
430.010: [GC (Allocation Failure) [PSYoungGen: 417133K->177611K(465920K)] 1293128K->1053887K(1653760K), 0.0230828 secs] [Times: user=0.03 sys=0.00, real=0.02 secs] 
431.335: [GC (Allocation Failure) [PSYoungGen: 410571K->64K(465920K)] 1286847K->877778K(1653760K), 0.0030227 secs] [Times: user=0.01 sys=0.00, real=0.01 secs] 
431.806: [GC (Allocation Failure) [PSYoungGen: 233024K->142559K(465920K)] 1110738K->1020297K(1653760K), 0.0163113 secs] [Times: user=0.02 sys=0.00, real=0.02 secs] 
432.144: [GC (Allocation Failure) [PSYoungGen: 375519K->184333K(465920K)] 1253257K->1063325K(1653760K), 0.0209483 secs] [Times: user=0.03 sys=0.00, real=0.02 secs] 
432.909: [GC (Allocation Failure) [PSYoungGen: 414959K->159426K(465920K)] 1293951K->1038683K(1653760K), 0.0267758 secs] [Times: user=0.05 sys=0.00, real=0.02 secs] 
436.329: [GC (Allocation Failure) [PSYoungGen: 392386K->128K(465920K)] 1271643K->880824K(1653760K), 0.0064485 secs] [Times: user=0.03 sys=0.00, real=0.00 secs] 
436.915: [GC (Allocation Failure) [PSYoungGen: 233088K->161195K(465920K)] 1113784K->1041932K(1653760K), 0.0182757 secs] [Times: user=0.02 sys=0.00, real=0.02 secs] 
437.198: [GC (Allocation Failure) [PSYoungGen: 394155K->184558K(465920K)] 1274892K->1066549K(1653760K), 0.0207062 secs] [Times: user=0.03 sys=0.00, real=0.02 secs] 
438.033: [GC (Allocation Failure) [PSYoungGen: 417518K->144645K(465920K)] 1299509K->1026917K(1653760K), 0.0263601 secs] [Times: user=0.05 sys=0.00, real=0.03 secs] 
439.856: [GC (Allocation Failure) [PSYoungGen: 377605K->96K(465920K)] 1259877K->883807K(1653760K), 0.0031708 secs] [Times: user=0.01 sys=0.00, real=0.01 secs] 
440.173: [GC (Allocation Failure) [PSYoungGen: 233056K->183590K(465920K)] 1116767K->1067325K(1653760K), 0.0203787 secs] [Times: user=0.03 sys=0.00, real=0.02 secs] 
440.456: [GC (Allocation Failure) [PSYoungGen: 416550K->184044K(465920K)] 1300285K->1069025K(1653760K), 0.0209255 secs] [Times: user=0.03 sys=0.00, real=0.02 secs] 
441.345: [GC (Allocation Failure) [PSYoungGen: 417004K->130988K(465920K)] 1301985K->1016242K(1653760K), 0.0192607 secs] [Times: user=0.03 sys=0.00, real=0.02 secs] 
442.365: [GC (Allocation Failure) [PSYoungGen: 363948K->21715K(465920K)] 1249202K->907292K(1653760K), 0.0050414 secs] [Times: user=0.01 sys=0.00, real=0.01 secs] 
442.640: [GC (Allocation Failure) [PSYoungGen: 254675K->186229K(465920K)] 1140252K->1073052K(1653760K), 0.0209248 secs] [Times: user=0.03 sys=0.00, real=0.02 secs] 
442.979: [GC (Allocation Failure) [PSYoungGen: 419189K->184655K(465920K)] 1306012K->1071751K(1653760K), 0.0207447 secs] [Times: user=0.03 sys=0.00, real=0.02 secs] 
443.789: [GC (Allocation Failure) [PSYoungGen: 417615K->106151K(465920K)] 1304711K->993521K(1653760K), 0.0140985 secs] [Times: user=0.02 sys=0.00, real=0.01 secs] 
445.471: [GC (Allocation Failure) [PSYoungGen: 339111K->44527K(465920K)] 1226481K->932221K(1653760K), 0.0093005 secs] [Times: user=0.02 sys=0.00, real=0.01 secs] 
445.789: [GC (Allocation Failure) [PSYoungGen: 277487K->184687K(465920K)] 1165181K->1073641K(1653760K), 0.0210129 secs] [Times: user=0.03 sys=0.00, real=0.02 secs] 
446.073: [GC (Allocation Failure) [PSYoungGen: 417647K->184141K(465920K)] 1306601K->1073376K(1653760K), 0.0205530 secs] [Times: user=0.03 sys=0.00, real=0.02 secs] 
446.779: [GC (Allocation Failure) [PSYoungGen: 417101K->69011K(465920K)] 1306336K->958512K(1653760K), 0.0105806 secs] [Times: user=0.02 sys=0.00, real=0.01 secs] 
447.828: [GC (Allocation Failure) [PSYoungGen: 301971K->67469K(465920K)] 1191472K->957296K(1653760K), 0.0102605 secs] [Times: user=0.02 sys=0.00, real=0.01 secs] 
448.175: [GC (Allocation Failure) [PSYoungGen: 300429K->186357K(465920K)] 1190256K->1077558K(1653760K), 0.0209642 secs] [Times: user=0.03 sys=0.00, real=0.02 secs] 
448.522: [GC (Allocation Failure) [PSYoungGen: 419317K->184783K(465920K)] 1310518K->1076136K(1653760K), 0.0207296 secs] [Times: user=0.03 sys=0.00, real=0.02 secs] 
450.931: [GC (Allocation Failure) [PSYoungGen: 417743K->43660K(465920K)] 1309096K->935278K(1653760K), 0.0184520 secs] [Times: user=0.05 sys=0.00, real=0.02 secs] 
452.634: [GC (Allocation Failure) [PSYoungGen: 276620K->92306K(465920K)] 1168238K->984242K(1653760K), 0.0112497 secs] [Times: user=0.02 sys=0.00, real=0.01 secs] 
452.907: [GC (Allocation Failure) [PSYoungGen: 325266K->184076K(465920K)] 1217202K->1077258K(1653760K), 0.0207556 secs] [Times: user=0.03 sys=0.00, real=0.03 secs] 
453.195: [GC (Allocation Failure) [PSYoungGen: 417036K->184044K(465920K)] 1310218K->1077507K(1653760K), 0.0205692 secs] [Times: user=0.03 sys=0.00, real=0.02 secs] 
454.283: [GC (Allocation Failure) [PSYoungGen: 417004K->21971K(465920K)] 1310467K->915835K(1653760K), 0.0074455 secs] [Times: user=0.02 sys=0.01, real=0.01 secs] 
455.224: [GC (Allocation Failure) [PSYoungGen: 254931K->113255K(465920K)] 1148795K->1007313K(1653760K), 0.0132562 secs] [Times: user=0.03 sys=0.00, real=0.01 secs] 
455.501: [GC (Allocation Failure) [PSYoungGen: 346215K->184301K(465920K)] 1240273K->1079612K(1653760K), 0.0209998 secs] [Times: user=0.03 sys=0.00, real=0.02 secs] 
455.788: [GC (Allocation Failure) [PSYoungGen: 417261K->183369K(465920K)] 1312572K->1078953K(1653760K), 0.0210550 secs] [Times: user=0.03 sys=0.00, real=0.03 secs] 
456.743: [GC (Allocation Failure) [PSYoungGen: 416329K->1344K(465920K)] 1311913K->897072K(1653760K), 0.0028218 secs] [Times: user=0.02 sys=0.00, real=0.00 secs] 
457.240: [GC (Allocation Failure) [PSYoungGen: 234304K->135361K(465920K)] 1130032K->1031275K(1653760K), 0.0155044 secs] [Times: user=0.02 sys=0.00, real=0.01 secs] 
457.579: [GC (Allocation Failure) [PSYoungGen: 368321K->184526K(465920K)] 1264235K->1081814K(1653760K), 0.0206585 secs] [Times: user=0.03 sys=0.00, real=0.02 secs] 
458.025: [GC (Allocation Failure) [PSYoungGen: 417486K->166350K(465920K)] 1314774K->1063903K(1653760K), 0.0225643 secs] [Times: user=0.03 sys=0.00, real=0.02 secs] 
458.963: [GC (Allocation Failure) [PSYoungGen: 399310K->96K(465920K)] 1296863K->898964K(1653760K), 0.0030460 secs] [Times: user=0.01 sys=0.00, real=0.00 secs] 
459.406: [GC (Allocation Failure) [PSYoungGen: 233056K->158110K(465920K)] 1131924K->1057002K(1653760K), 0.0179303 secs] [Times: user=0.03 sys=0.00, real=0.02 secs] 
459.687: [GC (Allocation Failure) [PSYoungGen: 391070K->184430K(465920K)] 1289962K->1084567K(1653760K), 0.0209445 secs] [Times: user=0.03 sys=0.00, real=0.03 secs] 
460.376: [GC (Allocation Failure) [PSYoungGen: 417390K->147874K(465920K)] 1317527K->1048285K(1653760K), 0.0207676 secs] [Times: user=0.04 sys=0.00, real=0.02 secs] 
462.696: [GC (Allocation Failure) [PSYoungGen: 380834K->96K(465920K)] 1281245K->901948K(1653760K), 0.0034790 secs] [Times: user=0.01 sys=0.00, real=0.01 secs] 
463.028: [GC (Allocation Failure) [PSYoungGen: 233056K->180377K(465920K)] 1134908K->1082253K(1653760K), 0.0200185 secs] [Times: user=0.03 sys=0.00, real=0.02 secs] 
463.370: [GC (Allocation Failure) [PSYoungGen: 413337K->184044K(465920K)] 1315213K->1087174K(1653760K), 0.0205727 secs] [Times: user=0.03 sys=0.00, real=0.02 secs] 
463.918: [GC (Allocation Failure) [PSYoungGen: 417004K->134233K(465920K)] 1320134K->1037636K(1653760K), 0.0176993 secs] [Times: user=0.04 sys=0.00, real=0.01 secs] 
464.855: [GC (Allocation Failure) [PSYoungGen: 367193K->18116K(465920K)] 1270596K->921827K(1653760K), 0.0046301 secs] [Times: user=0.02 sys=0.00, real=0.01 secs] 
465.124: [GC (Allocation Failure) [PSYoungGen: 251076K->184076K(465920K)] 1154787K->1089041K(1653760K), 0.0206638 secs] [Times: user=0.03 sys=0.00, real=0.02 secs] 
465.407: [GC (Allocation Failure) [PSYoungGen: 417036K->184076K(465920K)] 1322001K->1089322K(1653760K), 0.0208107 secs] [Times: user=0.03 sys=0.00, real=0.03 secs] 
466.008: [GC (Allocation Failure) [PSYoungGen: 417036K->112609K(465920K)] 1322282K->1018256K(1653760K), 0.0136588 secs] [Times: user=0.03 sys=0.00, real=0.01 secs] 
467.102: [GC (Allocation Failure) [PSYoungGen: 345569K->40222K(465920K)] 1251216K->946050K(1653760K), 0.0059828 secs] [Times: user=0.01 sys=0.00, real=0.00 secs] 
467.432: [GC (Allocation Failure) [PSYoungGen: 273182K->186389K(465920K)] 1179010K->1093600K(1653760K), 0.0208900 secs] [Times: user=0.03 sys=0.00, real=0.02 secs] 
467.718: [GC (Allocation Failure) [PSYoungGen: 419349K->184815K(465920K)] 1326560K->1092178K(1653760K), 0.0208743 secs] [Times: user=0.03 sys=0.00, real=0.02 secs] 
469.454: [GC (Allocation Failure) [PSYoungGen: 417775K->71003K(465920K)] 1325138K->978639K(1653760K), 0.0150367 secs] [Times: user=0.03 sys=0.00, real=0.02 secs] 
471.712: [GC (Allocation Failure) [PSYoungGen: 303963K->65541K(465920K)] 1211599K->973485K(1653760K), 0.0107517 secs] [Times: user=0.02 sys=0.00, real=0.01 secs] 
472.006: [GC (Allocation Failure) [PSYoungGen: 298501K->186132K(465920K)] 1206445K->1095330K(1653760K), 0.0208745 secs] [Times: user=0.03 sys=0.00, real=0.02 secs] 
472.292: [GC (Allocation Failure) [PSYoungGen: 419092K->185972K(465920K)] 1328290K->1095450K(1653760K), 0.0224496 secs] [Times: user=0.03 sys=0.00, real=0.02 secs] 
473.885: [GC (Allocation Failure) [PSYoungGen: 418932K->44720K(465920K)] 1328410K->954463K(1653760K), 0.0094139 secs] [Times: user=0.02 sys=0.00, real=0.01 secs] 
475.203: [GC (Allocation Failure) [PSYoungGen: 277680K->90153K(465920K)] 1187423K->1000212K(1653760K), 0.0112272 secs] [Times: user=0.02 sys=0.00, real=0.01 secs] 
475.540: [GC (Allocation Failure) [PSYoungGen: 323113K->186261K(465920K)] 1233172K->1097710K(1653760K), 0.0214872 secs] [Times: user=0.03 sys=0.00, real=0.02 secs] 
475.884: [GC (Allocation Failure) [PSYoungGen: 419221K->184847K(465920K)] 1330670K->1096449K(1653760K), 0.0206146 secs] [Times: user=0.02 sys=0.00, real=0.02 secs] 
478.901: [GC (Allocation Failure) [PSYoungGen: 417807K->21264K(465920K)] 1329409K->933267K(1653760K), 0.0077916 secs] [Times: user=0.02 sys=0.00, real=0.01 secs] 
480.323: [GC (Allocation Failure) [PSYoungGen: 254224K->114284K(465920K)] 1166227K->1026466K(1653760K), 0.0134317 secs] [Times: user=0.03 sys=0.00, real=0.01 secs] 
480.646: [GC (Allocation Failure) [PSYoungGen: 347244K->186486K(465920K)] 1259426K->1099922K(1653760K), 0.0212433 secs] [Times: user=0.03 sys=0.01, real=0.02 secs] 
481.069: [GC (Allocation Failure) [PSYoungGen: 419446K->182012K(465920K)] 1332882K->1095730K(1653760K), 0.0230488 secs] [Times: user=0.03 sys=0.00, real=0.02 secs] 
483.101: [GC (Allocation Failure) [PSYoungGen: 414972K->96K(465920K)] 1328690K->915244K(1653760K), 0.0045307 secs] [Times: user=0.03 sys=0.00, real=0.00 secs] 
484.156: [GC (Allocation Failure) [PSYoungGen: 233056K->140277K(465920K)] 1148204K->1055442K(1653760K), 0.0160834 secs] [Times: user=0.03 sys=0.00, real=0.02 secs] 
484.437: [GC (Allocation Failure) [PSYoungGen: 373237K->186293K(465920K)] 1288402K->1102711K(1653760K), 0.0212258 secs] [Times: user=0.03 sys=0.00, real=0.03 secs] 
485.164: [GC (Allocation Failure) [PSYoungGen: 419253K->163924K(465920K)] 1335671K->1080744K(1653760K), 0.0219672 secs] [Times: user=0.03 sys=0.00, real=0.02 secs] 
487.213: [GC (Allocation Failure) [PSYoungGen: 396884K->64K(465920K)] 1313704K->918207K(1653760K), 0.0041656 secs] [Times: user=0.02 sys=0.00, real=0.00 secs] 
487.821: [GC (Allocation Failure) [PSYoungGen: 233024K->165693K(465920K)] 1151167K->1083860K(1653760K), 0.0187341 secs] [Times: user=0.03 sys=0.00, real=0.02 secs] 
488.104: [GC (Allocation Failure) [PSYoungGen: 398653K->186100K(465920K)] 1316820K->1105642K(1653760K), 0.0209922 secs] [Times: user=0.03 sys=0.00, real=0.02 secs] 
489.252: [GC (Allocation Failure) [PSYoungGen: 415872K->138589K(465920K)] 1335413K->1058266K(1653760K), 0.0251734 secs] [Times: user=0.05 sys=0.00, real=0.02 secs] 
491.169: [GC (Allocation Failure) [PSYoungGen: 371549K->1665K(465920K)] 1291226K->921651K(1653760K), 0.0033036 secs] [Times: user=0.01 sys=0.00, real=0.00 secs] 
491.458: [GC (Allocation Failure) [PSYoungGen: 234625K->184301K(465920K)] 1154611K->1105532K(1653760K), 0.0206879 secs] [Times: user=0.03 sys=0.00, real=0.03 secs] 
491.751: [GC (Allocation Failure) [PSYoungGen: 417261K->184558K(465920K)] 1338492K->1106070K(1653760K), 0.0206590 secs] [Times: user=0.03 sys=0.00, real=0.02 secs] 
492.880: [GC (Allocation Failure) [PSYoungGen: 417518K->120081K(465920K)] 1339030K->1041859K(1653760K), 0.0382666 secs] [Times: user=0.07 sys=0.00, real=0.04 secs] 
494.977: [GC (Allocation Failure) [PSYoungGen: 353041K->23868K(465920K)] 1274819K->945953K(1653760K), 0.0061753 secs] [Times: user=0.02 sys=0.00, real=0.01 secs] 
495.274: [GC (Allocation Failure) [PSYoungGen: 256828K->186261K(465920K)] 1178913K->1109720K(1653760K), 0.0209619 secs] [Times: user=0.03 sys=0.00, real=0.02 secs] 
495.620: [GC (Allocation Failure) [PSYoungGen: 419221K->184815K(465920K)] 1342680K->1108427K(1653760K), 0.0208805 secs] [Times: user=0.03 sys=0.00, real=0.02 secs] 
496.725: [GC (Allocation Failure) [PSYoungGen: 417775K->103902K(465920K)] 1341387K->1027915K(1653760K), 0.0156832 secs] [Times: user=0.03 sys=0.01, real=0.02 secs] 
498.310: [GC (Allocation Failure) [PSYoungGen: 336862K->47805K(465920K)] 1260875K->971999K(1653760K), 0.0068683 secs] [Times: user=0.02 sys=0.00, real=0.00 secs] 
498.580: [GC (Allocation Failure) [PSYoungGen: 280765K->184879K(465920K)] 1204959K->1110327K(1653760K), 0.0207022 secs] [Times: user=0.03 sys=0.00, real=0.02 secs] 
498.864: [GC (Allocation Failure) [PSYoungGen: 417839K->184044K(465920K)] 1343287K->1109902K(1653760K), 0.0206888 secs] [Times: user=0.03 sys=0.00, real=0.02 secs] 
500.238: [GC (Allocation Failure) [PSYoungGen: 417004K->65669K(465920K)] 1342862K->991663K(1653760K), 0.0145034 secs] [Times: user=0.04 sys=0.00, real=0.02 secs] 
502.321: [GC (Allocation Failure) [PSYoungGen: 298629K->69911K(465920K)] 1224623K->996221K(1653760K), 0.0115781 secs] [Times: user=0.02 sys=0.00, real=0.01 secs] 
502.618: [GC (Allocation Failure) [PSYoungGen: 302871K->184879K(465920K)] 1229181K->1112443K(1653760K), 0.0207521 secs] [Times: user=0.03 sys=0.00, real=0.02 secs] 
502.907: [GC (Allocation Failure) [PSYoungGen: 417839K->184173K(465920K)] 1345403K->1112017K(1653760K), 0.0207550 secs] [Times: user=0.03 sys=0.00, real=0.02 secs] 
503.771: [GC (Allocation Failure) [PSYoungGen: 417133K->43435K(465920K)] 1344977K->971544K(1653760K), 0.0072059 secs] [Times: user=0.01 sys=0.00, real=0.01 secs] 
504.551: [GC (Allocation Failure) [PSYoungGen: 276283K->92595K(465920K)] 1204392K->1021028K(1653760K), 0.0112756 secs] [Times: user=0.02 sys=0.00, real=0.01 secs] 
504.825: [GC (Allocation Failure) [PSYoungGen: 325555K->184173K(465920K)] 1253988K->1113859K(1653760K), 0.0206387 secs] [Times: user=0.03 sys=0.00, real=0.02 secs] 
505.109: [GC (Allocation Failure) [PSYoungGen: 417133K->184558K(465920K)] 1346819K->1114526K(1653760K), 0.0207408 secs] [Times: user=0.02 sys=0.00, real=0.02 secs] 
507.176: [GC (Allocation Failure) [PSYoungGen: 417518K->21088K(465920K)] 1347486K->951449K(1653760K), 0.0078902 secs] [Times: user=0.03 sys=0.00, real=0.01 secs] 
508.327: [GC (Allocation Failure) [PSYoungGen: 254048K->114541K(465920K)] 1184409K->1045091K(1653760K), 0.0136478 secs] [Times: user=0.03 sys=0.01, real=0.02 secs] 
508.604: [GC (Allocation Failure) [PSYoungGen: 347501K->183819K(465920K)] 1278051K->1115623K(1653760K), 0.0207105 secs] [Times: user=0.03 sys=0.00, real=0.02 secs] 
508.887: [GC (Allocation Failure) [PSYoungGen: 416779K->182630K(465920K)] 1348583K->1114716K(1653760K), 0.0208123 secs] [Times: user=0.03 sys=0.00, real=0.03 secs] 
510.401: [GC (Allocation Failure) [PSYoungGen: 415590K->1376K(465920K)] 1347676K->933613K(1653760K), 0.0056068 secs] [Times: user=0.02 sys=0.00, real=0.00 secs] 
511.331: [GC (Allocation Failure) [PSYoungGen: 234336K->134847K(465920K)] 1166573K->1067270K(1653760K), 0.0155864 secs] [Times: user=0.02 sys=0.00, real=0.01 secs] 
511.664: [GC (Allocation Failure) [PSYoungGen: 367807K->184430K(465920K)] 1300230K->1118235K(1653760K), 0.0206556 secs] [Times: user=0.03 sys=0.00, real=0.02 secs] 
512.409: [GC (Allocation Failure) [PSYoungGen: 417390K->167025K(465920K)] 1351195K->1100975K(1653760K), 0.0270149 secs] [Times: user=0.05 sys=0.00, real=0.02 secs] 
515.007: [GC (Allocation Failure) [PSYoungGen: 399985K->128K(465920K)] 1333935K->935521K(1653760K), 0.0044698 secs] [Times: user=0.02 sys=0.00, real=0.01 secs] 
515.674: [GC (Allocation Failure) [PSYoungGen: 233088K->156696K(465920K)] 1168481K->1092130K(1653760K), 0.0178609 secs] [Times: user=0.03 sys=0.00, real=0.02 secs] 
515.957: [GC (Allocation Failure) [PSYoungGen: 389656K->184462K(465920K)] 1325090K->1121149K(1653760K), 0.0210950 secs] [Times: user=0.03 sys=0.00, real=0.02 secs] 
516.836: [GC (Allocation Failure) [PSYoungGen: 417422K->149304K(465920K)] 1354109K->1086256K(1653760K), 0.0319119 secs] [Times: user=0.05 sys=0.00, real=0.04 secs] 
518.491: [GC (Allocation Failure) [PSYoungGen: 382264K->96K(465920K)] 1319216K->938489K(1653760K), 0.0039125 secs] [Times: user=0.02 sys=0.00, real=0.00 secs] 
518.846: [GC (Allocation Failure) [PSYoungGen: 233056K->178706K(465920K)] 1171449K->1117132K(1653760K), 0.0199816 secs] [Times: user=0.03 sys=0.00, real=0.02 secs] 
519.189: [GC (Allocation Failure) [PSYoungGen: 411666K->184462K(465920K)] 1350092K->1124133K(1653760K), 0.0208293 secs] [Times: user=0.03 sys=0.00, real=0.02 secs] 
520.271: [GC (Allocation Failure) [PSYoungGen: 417422K->135519K(465920K)] 1357093K->1075455K(1653760K), 0.0242051 secs] [Times: user=0.04 sys=0.00, real=0.02 secs] 
522.161: [GC (Allocation Failure) [PSYoungGen: 368445K->16828K(465920K)] 1308381K->957066K(1653760K), 0.0051876 secs] [Times: user=0.02 sys=0.00, real=0.00 secs] 
522.453: [GC (Allocation Failure) [PSYoungGen: 249788K->183948K(465920K)] 1190026K->1125431K(1653760K), 0.0207646 secs] [Times: user=0.03 sys=0.00, real=0.02 secs] 
522.736: [GC (Allocation Failure) [PSYoungGen: 416908K->184430K(465920K)] 1358391K->1126194K(1653760K), 0.0208203 secs] [Times: user=0.03 sys=0.00, real=0.02 secs] 
523.920: [GC (Allocation Failure) [PSYoungGen: 417390K->113638K(465920K)] 1359154K->1055667K(1653760K), 0.0335533 secs] [Times: user=0.07 sys=0.00, real=0.03 secs] 
524.938: [GC (Allocation Failure) [PSYoungGen: 346598K->38808K(465920K)] 1288627K->981146K(1653760K), 0.0062512 secs] [Times: user=0.01 sys=0.00, real=0.01 secs] 
525.269: [GC (Allocation Failure) [PSYoungGen: 271768K->184815K(465920K)] 1214106K->1128406K(1653760K), 0.0209124 secs] [Times: user=0.03 sys=0.00, real=0.02 secs] 
525.552: [GC (Allocation Failure) [PSYoungGen: 417775K->183658K(465920K)] 1361366K->1127531K(1653760K), 0.0206675 secs] [Times: user=0.03 sys=0.00, real=0.02 secs] 
528.938: [GC (Allocation Failure) [PSYoungGen: 416618K->75083K(465920K)] 1360491K->1019229K(1653760K), 0.0186307 secs] [Times: user=0.04 sys=0.00, real=0.02 secs] 
530.304: [GC (Allocation Failure) [PSYoungGen: 308043K->60172K(465920K)] 1252189K->1004627K(1653760K), 0.0101338 secs] [Times: user=0.02 sys=0.00, real=0.01 secs] 
530.601: [GC (Allocation Failure) [PSYoungGen: 293132K->186389K(465920K)] 1237587K->1132090K(1653760K), 0.0207983 secs] [Times: user=0.03 sys=0.00, real=0.02 secs] 
530.894: [GC (Allocation Failure) [PSYoungGen: 419349K->186004K(465920K)] 1365050K->1132114K(1653760K), 0.0208072 secs] [Times: user=0.03 sys=0.00, real=0.02 secs] 
532.584: [GC (Allocation Failure) [PSYoungGen: 418964K->49925K(465920K)] 1365074K->996171K(1653760K), 0.0120224 secs] [Times: user=0.03 sys=0.00, real=0.01 secs] 
533.790: [GC (Allocation Failure) [PSYoungGen: 282885K->85976K(465920K)] 1229131K->1032537K(1653760K), 0.0106849 secs] [Times: user=0.02 sys=0.00, real=0.01 secs] 
534.140: [GC (Allocation Failure) [PSYoungGen: 318936K->183819K(465920K)] 1265497K->1131633K(1653760K), 0.0205257 secs] [Times: user=0.03 sys=0.00, real=0.02 secs] 
534.423: [GC (Allocation Failure) [PSYoungGen: 416779K->184430K(465920K)] 1364593K->1132541K(1653760K), 0.0205629 secs] [Times: user=0.02 sys=0.00, real=0.02 secs] 
536.442: [GC (Allocation Failure) [PSYoungGen: 417390K->28172K(465920K)] 1365501K->976685K(1653760K), 0.0077470 secs] [Times: user=0.03 sys=0.00, real=0.01 secs] 
537.694: [GC (Allocation Failure) [PSYoungGen: 261132K->107857K(465920K)] 1209645K->1056551K(1653760K), 0.0129568 secs] [Times: user=0.02 sys=0.00, real=0.01 secs] 
537.972: [GC (Allocation Failure) [PSYoungGen: 340817K->184944K(465920K)] 1289511K->1134883K(1653760K), 0.0208848 secs] [Times: user=0.03 sys=0.00, real=0.02 secs] 
538.315: [GC (Allocation Failure) [PSYoungGen: 417904K->184205K(465920K)] 1367843K->1134425K(1653760K), 0.0207529 secs] [Times: user=0.02 sys=0.00, real=0.02 secs] 
540.591: [GC (Allocation Failure) [PSYoungGen: 417165K->5456K(465920K)] 1367385K->955949K(1653760K), 0.0053903 secs] [Times: user=0.03 sys=0.00, real=0.00 secs] 
541.433: [GC (Allocation Failure) [PSYoungGen: 238416K->130606K(465920K)] 1188909K->1081423K(1653760K), 0.0151537 secs] [Times: user=0.03 sys=0.00, real=0.02 secs] 
541.712: [GC (Allocation Failure) [PSYoungGen: 363566K->184976K(465920K)] 1314383K->1137046K(1653760K), 0.0208742 secs] [Times: user=0.03 sys=0.00, real=0.02 secs] 
542.287: [GC (Allocation Failure) [PSYoungGen: 417936K->170784K(465920K)] 1370006K->1123128K(1653760K), 0.0219614 secs] [Times: user=0.03 sys=0.00, real=0.03 secs] 
544.787: [GC (Allocation Failure) [PSYoungGen: 403744K->192K(465920K)] 1356088K->953971K(1653760K), 0.0052115 secs] [Times: user=0.03 sys=0.00, real=0.01 secs] 
545.489: [GC (Allocation Failure) [PSYoungGen: 233152K->152455K(465920K)] 1186931K->1106267K(1653760K), 0.0173492 secs] [Times: user=0.03 sys=0.00, real=0.01 secs] 
545.772: [GC (Allocation Failure) [PSYoungGen: 385415K->184430K(465920K)] 1339227K->1139495K(1653760K), 0.0211472 secs] [Times: user=0.03 sys=0.00, real=0.02 secs] 
546.234: [GC (Allocation Failure) [PSYoungGen: 417390K->153513K(465920K)] 1372455K->1108859K(1653760K), 0.0186685 secs] [Times: user=0.04 sys=0.00, real=0.02 secs] 
547.352: [GC (Allocation Failure) [PSYoungGen: 386473K->96K(465920K)] 1341819K->956886K(1653760K), 0.0034124 secs] [Times: user=0.01 sys=0.00, real=0.00 secs] 
547.690: [GC (Allocation Failure) [PSYoungGen: 233056K->174658K(465920K)] 1189846K->1131464K(1653760K), 0.0197511 secs] [Times: user=0.03 sys=0.00, real=0.02 secs] 
547.972: [GC (Allocation Failure) [PSYoungGen: 407618K->184173K(465920K)] 1364424K->1142225K(1653760K), 0.0207963 secs] [Times: user=0.03 sys=0.00, real=0.02 secs] 
549.035: [GC (Allocation Failure) [PSYoungGen: 417133K->139776K(465920K)] 1375185K->1098109K(1653760K), 0.0410412 secs] [Times: user=0.08 sys=0.00, real=0.04 secs] 
551.073: [GC (Allocation Failure) [PSYoungGen: 372736K->12686K(465920K)] 1331069K->971335K(1653760K), 0.0067008 secs] [Times: user=0.03 sys=0.00, real=0.01 secs] 
551.440: [GC (Allocation Failure) [PSYoungGen: 245646K->184333K(465920K)] 1204295K->1144235K(1653760K), 0.0208405 secs] [Times: user=0.03 sys=0.00, real=0.02 secs] 
551.723: [GC (Allocation Failure) [PSYoungGen: 417293K->184333K(465920K)] 1377195K->1144517K(1653760K), 0.0209174 secs] [Times: user=0.03 sys=0.00, real=0.02 secs] 
552.784: [GC (Allocation Failure) [PSYoungGen: 417293K->117493K(465920K)] 1377477K->1078070K(1653760K), 0.0219172 secs] [Times: user=0.05 sys=0.00, real=0.02 secs] 
554.992: [GC (Allocation Failure) [PSYoungGen: 350453K->35017K(465920K)] 1311030K->995781K(1653760K), 0.0074369 secs] [Times: user=0.02 sys=0.00, real=0.01 secs] 
555.290: [GC (Allocation Failure) [PSYoungGen: 267977K->184847K(465920K)] 1228741K->1146865K(1653760K), 0.0207251 secs] [Times: user=0.03 sys=0.00, real=0.02 secs] 
555.628: [GC (Allocation Failure) [PSYoungGen: 417807K->184944K(465920K)] 1379825K->1147243K(1653760K), 0.0207606 secs] [Times: user=0.03 sys=0.00, real=0.03 secs] 
557.096: [GC (Allocation Failure) [PSYoungGen: 417904K->77686K(465920K)] 1380203K->1040266K(1653760K), 0.0259820 secs] [Times: user=0.05 sys=0.00, real=0.03 secs] 
558.767: [GC (Allocation Failure) [PSYoungGen: 310646K->58502K(465920K)] 1273226K->1021391K(1653760K), 0.0094080 secs] [Times: user=0.02 sys=0.00, real=0.01 secs] 
559.049: [GC (Allocation Failure) [PSYoungGen: 291462K->186421K(465920K)] 1254351K->1150693K(1653760K), 0.0210027 secs] [Times: user=0.03 sys=0.00, real=0.02 secs] 
559.336: [GC (Allocation Failure) [PSYoungGen: 419381K->186132K(465920K)] 1383653K->1150557K(1653760K), 0.0208741 secs] [Times: user=0.03 sys=0.00, real=0.02 secs] 
560.105: [GC (Allocation Failure) [PSYoungGen: 419092K->51483K(465920K)] 1383517K->1016180K(1653760K), 0.0091222 secs] [Times: user=0.02 sys=0.00, real=0.01 secs] 
560.842: [GC (Allocation Failure) [PSYoungGen: 284443K->85462K(465920K)] 1249140K->1050475K(1653760K), 0.0106670 secs] [Times: user=0.02 sys=0.00, real=0.01 secs] 
561.118: [GC (Allocation Failure) [PSYoungGen: 318422K->186004K(465920K)] 1283435K->1152270K(1653760K), 0.0208540 secs] [Times: user=0.03 sys=0.00, real=0.02 secs] 
561.408: [GC (Allocation Failure) [PSYoungGen: 418964K->185875K(465920K)] 1385230K->1152552K(1653760K), 0.0209752 secs] [Times: user=0.03 sys=0.00, real=0.02 secs] 
564.478: [GC (Allocation Failure) [PSYoungGen: 418835K->25088K(465920K)] 1385512K->991901K(1653760K), 0.0108118 secs] [Times: user=0.03 sys=0.00, real=0.02 secs] 
566.052: [GC (Allocation Failure) [PSYoungGen: 258048K->110299K(465920K)] 1224861K->1077436K(1653760K), 0.0132418 secs] [Times: user=0.03 sys=0.00, real=0.01 secs] 
566.328: [GC (Allocation Failure) [PSYoungGen: 343259K->184076K(465920K)] 1310396K->1152595K(1653760K), 0.0207685 secs] [Times: user=0.03 sys=0.00, real=0.03 secs] 
566.612: [GC (Allocation Failure) [PSYoungGen: 417036K->184044K(465920K)] 1385555K->1152715K(1653760K), 0.0208291 secs] [Times: user=0.03 sys=0.00, real=0.02 secs] 
568.756: [GC (Allocation Failure) [PSYoungGen: 417004K->4010K(465920K)] 1385675K->972954K(1653760K), 0.0048444 secs] [Times: user=0.02 sys=0.00, real=0.01 secs] 
569.830: [GC (Allocation Failure) [PSYoungGen: 236970K->131634K(465920K)] 1205914K->1100880K(1653760K), 0.0155408 secs] [Times: user=0.02 sys=0.00, real=0.01 secs] 
570.168: [GC (Allocation Failure) [PSYoungGen: 364594K->184205K(465920K)] 1333840K->1154832K(1653760K), 0.0210798 secs] [Times: user=0.03 sys=0.00, real=0.03 secs] 
570.627: [GC (Allocation Failure) [PSYoungGen: 417165K->170527K(465920K)] 1387792K->1141300K(1653760K), 0.0227073 secs] [Times: user=0.04 sys=0.00, real=0.03 secs] 
572.573: [GC (Allocation Failure) [PSYoungGen: 403487K->96K(465920K)] 1374260K->972308K(1653760K), 0.0036619 secs] [Times: user=0.02 sys=0.01, real=0.00 secs] 
573.306: [GC (Allocation Failure) [PSYoungGen: 233056K->154897K(465920K)] 1205268K->1127141K(1653760K), 0.0175541 secs] [Times: user=0.02 sys=0.00, real=0.02 secs] 
573.641: [GC (Allocation Failure) [PSYoungGen: 387857K->186164K(465920K)] 1360101K->1159654K(1653760K), 0.0212017 secs] [Times: user=0.04 sys=0.00, real=0.02 secs] 
574.500: [GC (Allocation Failure) [PSYoungGen: 419124K->149385K(465920K)] 1392614K->1123147K(1653760K), 0.0399633 secs] [Times: user=0.07 sys=0.00, real=0.04 secs] 
575.851: [GC (Allocation Failure) [PSYoungGen: 382345K->96K(465920K)] 1356107K->975294K(1653760K), 0.0033856 secs] [Times: user=0.02 sys=0.00, real=0.00 secs] 
576.178: [GC (Allocation Failure) [PSYoungGen: 233056K->180762K(465920K)] 1208254K->1155985K(1653760K), 0.0202194 secs] [Times: user=0.03 sys=0.00, real=0.02 secs] 
576.470: [GC (Allocation Failure) [PSYoungGen: 413722K->186229K(465920K)] 1388945K->1162705K(1653760K), 0.0210366 secs] [Times: user=0.03 sys=0.00, real=0.02 secs] 
578.366: [GC (Allocation Failure) [PSYoungGen: 419189K->131615K(465920K)] 1395665K->1108364K(1653760K), 0.0358169 secs] [Times: user=0.07 sys=0.00, real=0.04 secs] 
581.223: [GC (Allocation Failure) [PSYoungGen: 364575K->21169K(465920K)] 1341324K->998242K(1653760K), 0.0064553 secs] [Times: user=0.02 sys=0.00, real=0.01 secs] 
581.532: [GC (Allocation Failure) [PSYoungGen: 254129K->184430K(465920K)] 1231202K->1162756K(1653760K), 0.0207810 secs] [Times: user=0.03 sys=0.00, real=0.02 secs] 
581.819: [GC (Allocation Failure) [PSYoungGen: 417390K->186261K(465920K)] 1395716K->1164997K(1653760K), 0.0209641 secs] [Times: user=0.03 sys=0.00, real=0.02 secs] 
582.891: [GC (Allocation Failure) [PSYoungGen: 419221K->106954K(465920K)] 1397957K->1085843K(1653760K), 0.0150186 secs] [Times: user=0.03 sys=0.00, real=0.01 secs] 
583.786: [GC (Allocation Failure) [PSYoungGen: 339914K->43981K(465920K)] 1318803K->1023196K(1653760K), 0.0069201 secs] [Times: user=0.02 sys=0.00, real=0.01 secs] 
584.057: [GC (Allocation Failure) [PSYoungGen: 276941K->184847K(465920K)] 1256156K->1165315K(1653760K), 0.0209797 secs] [Times: user=0.03 sys=0.00, real=0.03 secs] 
584.346: [GC (Allocation Failure) [PSYoungGen: 417807K->184173K(465920K)] 1398275K->1164938K(1653760K), 0.0208780 secs] [Times: user=0.03 sys=0.00, real=0.02 secs] 
585.591: [GC (Allocation Failure) [PSYoungGen: 417133K->69396K(465920K)] 1397898K->1050434K(1653760K), 0.0200820 secs] [Times: user=0.04 sys=0.00, real=0.02 secs] 
587.115: [GC (Allocation Failure) [PSYoungGen: 302356K->66470K(465920K)] 1283394K->1047818K(1653760K), 0.0088436 secs] [Times: user=0.02 sys=0.00, real=0.01 secs] 
587.389: [GC (Allocation Failure) [PSYoungGen: 299430K->186518K(465920K)] 1280778K->1169248K(1653760K), 0.0212084 secs] [Times: user=0.03 sys=0.00, real=0.02 secs] 
587.676: [GC (Allocation Failure) [PSYoungGen: 419478K->186068K(465920K)] 1402208K->1169079K(1653760K), 0.0210982 secs] [Times: user=0.03 sys=0.00, real=0.02 secs] 
589.306: [GC (Allocation Failure) [PSYoungGen: 419028K->43370K(465920K)] 1402039K->1026654K(1653760K), 0.0137153 secs] [Times: user=0.04 sys=0.00, real=0.02 secs] 
589.985: [GC (Allocation Failure) [PSYoungGen: 276320K->93077K(465920K)] 1259604K->1076546K(1653760K), 0.0114338 secs] [Times: user=0.02 sys=0.00, real=0.01 secs] 
590.260: [GC (Allocation Failure) [PSYoungGen: 326037K->184847K(465920K)] 1309506K->1169570K(1653760K), 0.0207949 secs] [Times: user=0.03 sys=0.00, real=0.02 secs] 
590.548: [GC (Allocation Failure) [PSYoungGen: 417807K->184141K(465920K)] 1402530K->1169136K(1653760K), 0.0209237 secs] [Times: user=0.03 sys=0.00, real=0.02 secs] 
592.501: [GC (Allocation Failure) [PSYoungGen: 417101K->20364K(465920K)] 1402096K->1005641K(1653760K), 0.0074309 secs] [Times: user=0.02 sys=0.01, real=0.01 secs] 
593.422: [GC (Allocation Failure) [PSYoungGen: 253324K->115440K(465920K)] 1238601K->1101043K(1653760K), 0.0136663 secs] [Times: user=0.02 sys=0.00, real=0.01 secs] 
593.703: [GC (Allocation Failure) [PSYoungGen: 348400K->184173K(465920K)] 1334003K->1171029K(1653760K), 0.0206993 secs] [Times: user=0.03 sys=0.00, real=0.02 secs] 
593.988: [GC (Allocation Failure) [PSYoungGen: 417133K->182657K(465920K)] 1403989K->1169794K(1653760K), 0.0206551 secs] [Times: user=0.03 sys=0.00, real=0.03 secs] 
595.268: [GC (Allocation Failure) [PSYoungGen: 415617K->160K(465920K)] 1402754K->988686K(1653760K), 0.0036188 secs] [Times: user=0.02 sys=0.00, real=0.00 secs] 
595.986: [GC (Allocation Failure) [PSYoungGen: 233120K->136261K(465920K)] 1221646K->1124844K(1653760K), 0.0158740 secs] [Times: user=0.03 sys=0.00, real=0.02 secs] 
596.266: [GC (Allocation Failure) [PSYoungGen: 369221K->184622K(465920K)] 1357804K->1174459K(1653760K), 0.0210162 secs] [Times: user=0.03 sys=0.01, real=0.02 secs] 
596.721: [GC (Allocation Failure) [PSYoungGen: 417582K->165483K(465920K)] 1407419K->1155592K(1653760K), 0.0214360 secs] [Times: user=0.04 sys=0.00, real=0.02 secs] 
597.896: [GC (Allocation Failure) [PSYoungGen: 398443K->96K(465920K)] 1388552K->991641K(1653760K), 0.0047564 secs] [Times: user=0.02 sys=0.00, real=0.01 secs] 
598.470: [GC (Allocation Failure) [PSYoungGen: 233056K->159138K(465920K)] 1224601K->1150708K(1653760K), 0.0181844 secs] [Times: user=0.03 sys=0.00, real=0.02 secs] 
598.751: [GC (Allocation Failure) [PSYoungGen: 392098K->184301K(465920K)] 1383668K->1177253K(1653760K), 0.0208935 secs] [Times: user=0.03 sys=0.00, real=0.02 secs] 
599.578: [GC (Allocation Failure) [PSYoungGen: 417261K->146991K(465920K)] 1410213K->1140087K(1653760K), 0.0456158 secs] [Times: user=0.08 sys=0.01, real=0.04 secs] 
602.217: [GC (Allocation Failure) [PSYoungGen: 379951K->128K(465920K)] 1373047K->994665K(1653760K), 0.0052192 secs] [Times: user=0.02 sys=0.01, real=0.01 secs] 
602.672: [GC (Allocation Failure) [PSYoungGen: 233088K->180923K(465920K)] 1227625K->1175476K(1653760K), 0.0204719 secs] [Times: user=0.03 sys=0.00, real=0.02 secs] 
602.954: [GC (Allocation Failure) [PSYoungGen: 413883K->183787K(465920K)] 1408436K->1179594K(1653760K), 0.0211658 secs] [Times: user=0.03 sys=0.00, real=0.02 secs] 
604.019: [GC (Allocation Failure) [PSYoungGen: 416747K->133976K(465920K)] 1412554K->1130049K(1653760K), 0.0280224 secs] [Times: user=0.05 sys=0.00, real=0.02 secs] 
606.349: [GC (Allocation Failure) [PSYoungGen: 366936K->18470K(465920K)] 1363009K->1014858K(1653760K), 0.0063739 secs] [Times: user=0.02 sys=0.00, real=0.00 secs] 
606.668: [GC (Allocation Failure) [PSYoungGen: 251430K->186550K(465920K)] 1247818K->1184184K(1653760K), 0.0212036 secs] [Times: user=0.03 sys=0.00, real=0.03 secs] 
606.954: [GC (Allocation Failure) [PSYoungGen: 419510K->186132K(465920K)] 1417144K->1184176K(1653760K), 0.0209402 secs] [Times: user=0.03 sys=0.00, real=0.02 secs] 
607.595: [GC (Allocation Failure) [PSYoungGen: 419092K->107709K(465920K)] 1417136K->1106026K(1653760K), 0.0138309 secs] [Times: user=0.03 sys=0.01, real=0.02 secs] 
608.487: [GC (Allocation Failure) [PSYoungGen: 340669K->45877K(465920K)] 1338986K->1044379K(1653760K), 0.0067195 secs] [Times: user=0.01 sys=0.00, real=0.01 secs] 
608.818: [GC (Allocation Failure) [PSYoungGen: 278837K->185875K(465920K)] 1277339K->1185630K(1653760K), 0.0211704 secs] [Times: user=0.03 sys=0.00, real=0.03 secs] 
609.103: [GC (Allocation Failure) [PSYoungGen: 418835K->185811K(465920K)] 1418590K->1185847K(1653760K), 0.0209205 secs] [Times: user=0.03 sys=0.00, real=0.02 secs] 
609.838: [GC (Allocation Failure) [PSYoungGen: 418771K->64786K(465920K)] 1418807K->1065087K(1653760K), 0.0096558 secs] [Times: user=0.02 sys=0.00, real=0.01 secs] 
611.049: [GC (Allocation Failure) [PSYoungGen: 297746K->71068K(465920K)] 1298047K->1071683K(1653760K), 0.0092635 secs] [Times: user=0.01 sys=0.00, real=0.00 secs] 
611.384: [GC (Allocation Failure) [PSYoungGen: 304028K->186389K(465920K)] 1304643K->1188250K(1653760K), 0.0213253 secs] [Times: user=0.03 sys=0.00, real=0.02 secs] 
611.669: [GC (Allocation Failure) [PSYoungGen: 419349K->186068K(465920K)] 1421210K->1188210K(1653760K), 0.0210446 secs] [Times: user=0.03 sys=0.00, real=0.02 secs] 
613.721: [GC (Allocation Failure) [PSYoungGen: 419028K->38872K(465920K)] 1421170K->1041415K(1653760K), 0.0085971 secs] [Times: user=0.02 sys=0.00, real=0.01 secs] 
615.516: [GC (Allocation Failure) [PSYoungGen: 271832K->97833K(465920K)] 1274375K->1100561K(1653760K), 0.0120135 secs] [Times: user=0.02 sys=0.00, real=0.01 secs] 
615.793: [GC (Allocation Failure) [PSYoungGen: 330793K->185747K(465920K)] 1333521K->1189857K(1653760K), 0.0222936 secs] [Times: user=0.03 sys=0.00, real=0.02 secs] 
616.170: [GC (Allocation Failure) [PSYoungGen: 418707K->184398K(465920K)] 1422817K->1188661K(1653760K), 0.0210048 secs] [Times: user=0.03 sys=0.00, real=0.02 secs] 
617.171: [GC (Allocation Failure) [PSYoungGen: 417358K->14388K(465920K)] 1421621K->1018924K(1653760K), 0.0046822 secs] [Times: user=0.02 sys=0.00, real=0.00 secs] 
617.779: [GC (Allocation Failure) [PSYoungGen: 247348K->122410K(465920K)] 1251884K->1127275K(1653760K), 0.0144262 secs] [Times: user=0.02 sys=0.00, real=0.01 secs] 
618.058: [GC (Allocation Failure) [PSYoungGen: 355370K->184590K(465920K)] 1360235K->1190701K(1653760K), 0.0210431 secs] [Times: user=0.03 sys=0.00, real=0.03 secs] 
619.590: [GC (Allocation Failure) [PSYoungGen: 417550K->177347K(465920K)] 1423661K->1183740K(1653760K), 0.0514849 secs] [Times: user=0.08 sys=0.00, real=0.05 secs] 
622.509: [GC (Allocation Failure) [PSYoungGen: 410307K->128K(465920K)] 1416700K->1007952K(1653760K), 0.0045061 secs] [Times: user=0.02 sys=0.01, real=0.00 secs] 
623.216: [GC (Allocation Failure) [PSYoungGen: 233088K->146157K(465920K)] 1240912K->1154005K(1653760K), 0.0168025 secs] [Times: user=0.02 sys=0.00, real=0.02 secs] 
623.499: [GC (Allocation Failure) [PSYoungGen: 379117K->185972K(465920K)] 1386965K->1195074K(1653760K), 0.0208919 secs] [Times: user=0.03 sys=0.00, real=0.02 secs] 
624.471: [GC (Allocation Failure) [PSYoungGen: 418932K->158269K(465920K)] 1428034K->1167643K(1653760K), 0.0257478 secs] [Times: user=0.04 sys=0.00, real=0.02 secs] 
627.543: [GC (Allocation Failure) [PSYoungGen: 391229K->96K(465920K)] 1400603K->1010914K(1653760K), 0.0069359 secs] [Times: user=0.03 sys=0.01, real=0.01 secs] 
628.150: [GC (Allocation Failure) [PSYoungGen: 233056K->171188K(465920K)] 1243874K->1182022K(1653760K), 0.0192582 secs] [Times: user=0.03 sys=0.00, real=0.02 secs] 
628.439: [GC (Allocation Failure) [PSYoungGen: 404148K->186132K(465920K)] 1414982K->1198341K(1653760K), 0.0214366 secs] [Times: user=0.03 sys=0.00, real=0.02 secs] 
629.330: [GC (Allocation Failure) [PSYoungGen: 419092K->141270K(465920K)] 1431301K->1153623K(1653760K), 0.0194075 secs] [Times: user=0.04 sys=0.00, real=0.02 secs] 
630.548: [GC (Allocation Failure) [PSYoungGen: 374230K->9856K(465920K)] 1386583K->1022507K(1653760K), 0.0042124 secs] [Times: user=0.02 sys=0.00, real=0.00 secs] 
630.925: [GC (Allocation Failure) [PSYoungGen: 242816K->186357K(465920K)] 1255467K->1200246K(1653760K), 0.0209788 secs] [Times: user=0.03 sys=0.00, real=0.02 secs] 
631.214: [GC (Allocation Failure) [PSYoungGen: 419317K->185972K(465920K)] 1433206K->1200270K(1653760K), 0.0209110 secs] [Times: user=0.03 sys=0.00, real=0.02 secs] 
631.905: [GC (Allocation Failure) [PSYoungGen: 418932K->116610K(465920K)] 1433230K->1131181K(1653760K), 0.0164067 secs] [Times: user=0.04 sys=0.00, real=0.02 secs] 
633.621: [GC (Allocation Failure) [PSYoungGen: 349570K->36720K(465920K)] 1364141K->1051470K(1653760K), 0.0080229 secs] [Times: user=0.02 sys=0.00, real=0.01 secs] 
633.935: [GC (Allocation Failure) [PSYoungGen: 269680K->186453K(465920K)] 1284430K->1202457K(1653760K), 0.0212347 secs] [Times: user=0.03 sys=0.00, real=0.02 secs] 
634.220: [GC (Allocation Failure) [PSYoungGen: 419413K->185972K(465920K)] 1435417K->1202273K(1653760K), 0.0208501 secs] [Times: user=0.03 sys=0.00, real=0.02 secs] 
634.999: [GC (Allocation Failure) [PSYoungGen: 418932K->73284K(465920K)] 1435233K->1089850K(1653760K), 0.0119212 secs] [Times: user=0.03 sys=0.00, real=0.01 secs] 
635.802: [GC (Allocation Failure) [PSYoungGen: 306244K->63000K(465920K)] 1322810K->1079875K(1653760K), 0.0084777 secs] [Times: user=0.02 sys=0.00, real=0.01 secs] 
636.074: [GC (Allocation Failure) [PSYoungGen: 295960K->184430K(465920K)] 1312835K->1202559K(1653760K), 0.0214049 secs] [Times: user=0.03 sys=0.00, real=0.02 secs] 
636.416: [GC (Allocation Failure) [PSYoungGen: 417390K->184141K(465920K)] 1435519K->1202551K(1653760K), 0.0207181 secs] [Times: user=0.03 sys=0.00, real=0.02 secs] 
638.402: [GC (Allocation Failure) [PSYoungGen: 417101K->50825K(465920K)] 1435511K->1069628K(1653760K), 0.0104501 secs] [Times: user=0.02 sys=0.00, real=0.01 secs] 
639.702: [GC (Allocation Failure) [PSYoungGen: 283785K->84849K(465920K)] 1302588K->1103840K(1653760K), 0.0106861 secs] [Times: user=0.02 sys=0.00, real=0.01 secs] 
639.976: [GC (Allocation Failure) [PSYoungGen: 317809K->184076K(465920K)] 1336800K->1204313K(1653760K), 0.0212450 secs] [Times: user=0.03 sys=0.00, real=0.02 secs] 
640.259: [GC (Allocation Failure) [PSYoungGen: 417036K->184108K(465920K)] 1437273K->1204626K(1653760K), 0.0208085 secs] [Times: user=0.03 sys=0.00, real=0.02 secs] 
642.585: [GC (Allocation Failure) [PSYoungGen: 417068K->29458K(465920K)] 1437586K->1050240K(1653760K), 0.0067465 secs] [Times: user=0.02 sys=0.00, real=0.01 secs] 
644.050: [GC (Allocation Failure) [PSYoungGen: 262418K->105190K(465920K)] 1283200K->1126295K(1653760K), 0.0126095 secs] [Times: user=0.02 sys=0.00, real=0.01 secs] 
644.384: [GC (Allocation Failure) [PSYoungGen: 338150K->184173K(465920K)] 1359255K->1206531K(1653760K), 0.0210644 secs] [Times: user=0.03 sys=0.00, real=0.02 secs] 
644.671: [GC (Allocation Failure) [PSYoungGen: 417133K->184590K(465920K)] 1439491K->1207229K(1653760K), 0.0207377 secs] [Times: user=0.03 sys=0.00, real=0.02 secs] 
645.848: [GC (Allocation Failure) [PSYoungGen: 417550K->8476K(465920K)] 1440189K->1031517K(1653760K), 0.0042971 secs] [Times: user=0.02 sys=0.00, real=0.01 secs] 
646.730: [GC (Allocation Failure) [PSYoungGen: 241436K->129192K(465920K)] 1264477K->1152414K(1653760K), 0.0151849 secs] [Times: user=0.02 sys=0.00, real=0.01 secs] 
647.019: [GC (Allocation Failure) [PSYoungGen: 362152K->186100K(465920K)] 1385374K->1210576K(1653760K), 0.0210808 secs] [Times: user=0.03 sys=0.00, real=0.02 secs] 
647.624: [GC (Allocation Failure) [PSYoungGen: 419060K->170977K(465920K)] 1443536K->1195726K(1653760K), 0.0232303 secs] [Times: user=0.04 sys=0.00, real=0.02 secs] 
649.605: [GC (Allocation Failure) [PSYoungGen: 403937K->96K(465920K)] 1428686K->1026294K(1653760K), 0.0038007 secs] [Times: user=0.01 sys=0.00, real=0.01 secs] 
650.034: [GC (Allocation Failure) [PSYoungGen: 233004K->154769K(465920K)] 1259202K->1180991K(1653760K), 0.0176944 secs] [Times: user=0.03 sys=0.00, real=0.02 secs] 
650.315: [GC (Allocation Failure) [PSYoungGen: 387729K->184944K(465920K)] 1413951K->1212420K(1653760K), 0.0208529 secs] [Times: user=0.03 sys=0.00, real=0.02 secs] 
650.806: [GC (Allocation Failure) [PSYoungGen: 417904K->150718K(465920K)] 1445380K->1178475K(1653760K), 0.0195420 secs] [Times: user=0.04 sys=0.00, real=0.02 secs] 
652.611: [GC (Allocation Failure) [PSYoungGen: 383678K->96K(465920K)] 1411435K->1029289K(1653760K), 0.0035502 secs] [Times: user=0.02 sys=0.00, real=0.00 secs] 
653.107: [GC (Allocation Failure) [PSYoungGen: 233056K->178063K(465920K)] 1262249K->1207280K(1653760K), 0.0201837 secs] [Times: user=0.02 sys=0.00, real=0.02 secs] 
653.391: [GC (Allocation Failure) [PSYoungGen: 411023K->184301K(465920K)] 1440240K->1214764K(1653760K), 0.0211697 secs] [Times: user=0.03 sys=0.00, real=0.02 secs] 
654.221: [GC (Allocation Failure) [PSYoungGen: 417261K->136258K(465920K)] 1447724K->1166994K(1653760K), 0.0300483 secs] [Times: user=0.06 sys=0.00, real=0.03 secs] 
656.448: [GC (Allocation Failure) [PSYoungGen: 369218K->16124K(465920K)] 1399954K->1047170K(1653760K), 0.0062758 secs] [Times: user=0.02 sys=0.00, real=0.01 secs] 
656.846: [GC (Allocation Failure) [PSYoungGen: 249084K->186357K(465920K)] 1280130K->1218657K(1653760K), 0.0211482 secs] [Times: user=0.03 sys=0.00, real=0.02 secs] 
657.192: [GC (Allocation Failure) [PSYoungGen: 419317K->186004K(465920K)] 1451617K->1218713K(1653760K), 0.0209809 secs] [Times: user=0.03 sys=0.00, real=0.02 secs] 
658.095: [GC (Allocation Failure) [PSYoungGen: 418964K->110296K(465920K)] 1451673K->1143150K(1653760K), 0.0148352 secs] [Times: user=0.03 sys=0.01, real=0.02 secs] 
659.020: [GC (Allocation Failure) [PSYoungGen: 343256K->42664K(465920K)] 1376110K->1075831K(1653760K), 0.0068440 secs] [Times: user=0.01 sys=0.00, real=0.00 secs] 
659.292: [GC (Allocation Failure) [PSYoungGen: 275624K->186229K(465920K)] 1308791K->1220650K(1653760K), 0.0211455 secs] [Times: user=0.03 sys=0.00, real=0.02 secs] 
659.579: [GC (Allocation Failure) [PSYoungGen: 419189K->186004K(465920K)] 1453610K->1220706K(1653760K), 0.0210170 secs] [Times: user=0.03 sys=0.00, real=0.02 secs] 
661.397: [GC (Allocation Failure) [PSYoungGen: 418964K->67533K(465920K)] 1453666K->1102516K(1653760K), 0.0119399 secs] [Times: user=0.03 sys=0.00, real=0.02 secs] 
662.910: [GC (Allocation Failure) [PSYoungGen: 300493K->67983K(465920K)] 1335476K->1103280K(1653760K), 0.0090298 secs] [Times: user=0.02 sys=0.00, real=0.01 secs] 
663.243: [GC (Allocation Failure) [PSYoungGen: 300943K->186357K(465920K)] 1336240K->1223036K(1653760K), 0.0212274 secs] [Times: user=0.03 sys=0.00, real=0.02 secs] 
663.529: [GC (Allocation Failure) [PSYoungGen: 419317K->186132K(465920K)] 1455996K->1222964K(1653760K), 0.0210093 secs] [Times: user=0.03 sys=0.00, real=0.02 secs] 
664.396: [GC (Allocation Failure) [PSYoungGen: 419092K->41892K(465920K)] 1455924K->1079117K(1653760K), 0.0081553 secs] [Times: user=0.02 sys=0.00, real=0.01 secs] 
665.146: [GC (Allocation Failure) [PSYoungGen: 274852K->94877K(465920K)] 1312077K->1132289K(1653760K), 0.0116554 secs] [Times: user=0.03 sys=0.00, real=0.01 secs] 
665.422: [GC (Allocation Failure) [PSYoungGen: 327837K->186004K(465920K)] 1365249K->1224670K(1653760K), 0.0211807 secs] [Times: user=0.03 sys=0.00, real=0.02 secs] 
665.769: [GC (Allocation Failure) [PSYoungGen: 418964K->186004K(465920K)] 1457630K->1224951K(1653760K), 0.0209708 secs] [Times: user=0.03 sys=0.00, real=0.02 secs] 
667.566: [GC (Allocation Failure) [PSYoungGen: 418964K->15545K(465920K)] 1457911K->1054757K(1653760K), 0.0049998 secs] [Times: user=0.01 sys=0.00, real=0.01 secs] 
668.219: [GC (Allocation Failure) [PSYoungGen: 248505K->120710K(465920K)] 1287717K->1160228K(1653760K), 0.0143452 secs] [Times: user=0.02 sys=0.00, real=0.01 secs] 
668.554: [GC (Allocation Failure) [PSYoungGen: 353670K->184430K(465920K)] 1393188K->1225201K(1653760K), 0.0211370 secs] [Times: user=0.04 sys=0.00, real=0.02 secs] 
668.934: [GC (Allocation Failure) [PSYoungGen: 417390K->178091K(465920K)] 1458161K->1219143K(1653760K), 0.0251252 secs] [Times: user=0.04 sys=0.00, real=0.03 secs] 
670.211: [GC (Allocation Failure) [PSYoungGen: 411051K->96K(465920K)] 1452103K->1042582K(1653760K), 0.0034402 secs] [Times: user=0.02 sys=0.00, real=0.00 secs] 
670.790: [GC (Allocation Failure) [PSYoungGen: 233056K->143973K(465920K)] 1275542K->1186483K(1653760K), 0.0166202 secs] [Times: user=0.03 sys=0.00, real=0.01 secs] 
671.072: [GC (Allocation Failure) [PSYoungGen: 376933K->186229K(465920K)] 1419443K->1230113K(1653760K), 0.0210128 secs] [Times: user=0.03 sys=0.00, real=0.02 secs] 
671.506: [GC (Allocation Failure) [PSYoungGen: 419189K->160197K(465920K)] 1463073K->1204234K(1653760K), 0.0201862 secs] [Times: user=0.04 sys=0.00, real=0.02 secs] 
673.310: [GC (Allocation Failure) [PSYoungGen: 393157K->96K(465920K)] 1437194K->1045577K(1653760K), 0.0045370 secs] [Times: user=0.02 sys=0.00, real=0.00 secs] 
673.788: [GC (Allocation Failure) [PSYoungGen: 233056K->170705K(465920K)] 1278537K->1216202K(1653760K), 0.0192674 secs] [Times: user=0.02 sys=0.00, real=0.02 secs] 
674.073: [GC (Allocation Failure) [PSYoungGen: 403665K->185907K(465920K)] 1449162K->1232658K(1653760K), 0.0211591 secs] [Times: user=0.03 sys=0.00, real=0.02 secs] 
674.557: [GC (Allocation Failure) [PSYoungGen: 418867K->142057K(465920K)] 1465618K->1189234K(1653760K), 0.0174528 secs] [Times: user=0.04 sys=0.00, real=0.02 secs] 
676.055: [GC (Allocation Failure) [PSYoungGen: 374989K->11497K(465920K)] 1422166K->1058863K(1653760K), 0.0072795 secs] [Times: user=0.03 sys=0.00, real=0.01 secs] 
676.437: [GC (Allocation Failure) [PSYoungGen: 244457K->184558K(465920K)] 1291823K->1233178K(1653760K), 0.0214856 secs] [Times: user=0.03 sys=0.00, real=0.03 secs] 
676.731: [GC (Allocation Failure) [PSYoungGen: 417518K->186389K(465920K)] 1466138K->1235290K(1653760K), 0.0211823 secs] [Times: user=0.03 sys=0.00, real=0.02 secs] 
677.631: [GC (Allocation Failure) [PSYoungGen: 419349K->116353K(465920K)] 1468250K->1165518K(1653760K), 0.0241647 secs] [Times: user=0.04 sys=0.00, real=0.02 secs] 
679.902: [GC (Allocation Failure) [PSYoungGen: 349313K->36045K(465920K)] 1398478K->1085529K(1653760K), 0.0083102 secs] [Times: user=0.02 sys=0.00, real=0.01 secs] 
680.213: [GC (Allocation Failure) [PSYoungGen: 269005K->184976K(465920K)] 1318489K->1235713K(1653760K), 0.0210138 secs] [Times: user=0.03 sys=0.00, real=0.02 secs] 
680.497: [GC (Allocation Failure) [PSYoungGen: 417936K->184301K(465920K)] 1468673K->1235311K(1653760K), 0.0207642 secs] [Times: user=0.03 sys=0.00, real=0.02 secs] 
681.174: [GC (Allocation Failure) [PSYoungGen: 417261K->77043K(465920K)] 1468271K->1128455K(1653760K), 0.0118053 secs] [Times: user=0.02 sys=0.00, real=0.01 secs] 
681.964: [GC (Allocation Failure) [PSYoungGen: 310003K->59401K(465920K)] 1361415K->1111003K(1653760K), 0.0081763 secs] [Times: user=0.02 sys=0.00, real=0.01 secs] 
682.237: [GC (Allocation Failure) [PSYoungGen: 292361K->186486K(465920K)] 1343963K->1239341K(1653760K), 0.0211278 secs] [Times: user=0.03 sys=0.00, real=0.03 secs] 
682.529: [GC (Allocation Failure) [PSYoungGen: 419446K->186132K(465920K)] 1472301K->1239260K(1653760K), 0.0209260 secs] [Times: user=0.03 sys=0.00, real=0.02 secs] 
683.287: [GC (Allocation Failure) [PSYoungGen: 419092K->50439K(465920K)] 1472220K->1103832K(1653760K), 0.0082244 secs] [Times: user=0.02 sys=0.00, real=0.01 secs] 
683.966: [GC (Allocation Failure) [PSYoungGen: 283399K->86137K(465920K)] 1336792K->1139846K(1653760K), 0.0108149 secs] [Times: user=0.03 sys=0.00, real=0.01 secs] 
684.242: [GC (Allocation Failure) [PSYoungGen: 319097K->186100K(465920K)] 1372806K->1241063K(1653760K), 0.0211444 secs] [Times: user=0.04 sys=0.00, real=0.02 secs] 
684.527: [GC (Allocation Failure) [PSYoungGen: 419060K->184462K(465920K)] 1474023K->1239705K(1653760K), 0.0208403 secs] [Times: user=0.03 sys=0.00, real=0.03 secs] 
685.394: [GC (Allocation Failure) [PSYoungGen: 417422K->25698K(465920K)] 1472665K->1081215K(1653760K), 0.0049145 secs] [Times: user=0.02 sys=0.00, real=0.01 secs] 
685.969: [GC (Allocation Failure) [PSYoungGen: 258658K->110072K(465920K)] 1314175K->1165896K(1653760K), 0.0132735 secs] [Times: user=0.02 sys=0.00, real=0.01 secs] 
686.246: [GC (Allocation Failure) [PSYoungGen: 343032K->184076K(465920K)] 1398856K->1241274K(1653760K), 0.0211027 secs] [Times: user=0.03 sys=0.00, real=0.02 secs] 
686.588: [GC (Allocation Failure) [PSYoungGen: 417036K->184076K(465920K)] 1474234K->1241427K(1653760K), 0.0209282 secs] [Times: user=0.03 sys=0.00, real=0.02 secs] 
688.374: [GC (Allocation Failure) [PSYoungGen: 417036K->4235K(465920K)] 1474387K->1061851K(1653760K), 0.0042001 secs] [Times: user=0.02 sys=0.00, real=0.01 secs] 
689.114: [GC (Allocation Failure) [PSYoungGen: 237195K->131634K(465920K)] 1294811K->1189564K(1653760K), 0.0153991 secs] [Times: user=0.03 sys=0.00, real=0.02 secs] 
689.454: [GC (Allocation Failure) [PSYoungGen: 364594K->184879K(465920K)] 1422524K->1244062K(1653760K), 0.0211920 secs] [Times: user=0.03 sys=0.00, real=0.02 secs] 
690.183: [GC (Allocation Failure) [PSYoungGen: 417839K->167773K(465920K)] 1477022K->1227357K(1653760K), 0.0494166 secs] [Times: user=0.08 sys=0.00, real=0.05 secs] 
692.967: [GC (Allocation Failure) [PSYoungGen: 400733K->96K(465920K)] 1460317K->1060997K(1653760K), 0.0054984 secs] [Times: user=0.02 sys=0.00, real=0.01 secs] 
693.706: [GC (Allocation Failure) [PSYoungGen: 233056K->153740K(465920K)] 1293957K->1214666K(1653760K), 0.0176008 secs] [Times: user=0.03 sys=0.00, real=0.02 secs] 
694.057: [GC (Allocation Failure) [PSYoungGen: 386700K->184365K(465920K)] 1447626K->1246545K(1653760K), 0.0210591 secs] [Times: user=0.03 sys=0.00, real=0.03 secs] 
694.674: [GC (Allocation Failure) [PSYoungGen: 417325K->152389K(465920K)] 1479505K->1214857K(1653760K), 0.0224486 secs] [Times: user=0.04 sys=0.00, real=0.02 secs] 
696.121: [GC (Allocation Failure) [PSYoungGen: 385349K->96K(465920K)] 1447817K->1064004K(1653760K), 0.0039291 secs] [Times: user=0.02 sys=0.01, real=0.00 secs] 
696.631: [GC (Allocation Failure) [PSYoungGen: 233056K->177967K(465920K)] 1296964K->1241899K(1653760K), 0.0203400 secs] [Times: user=0.03 sys=0.00, real=0.02 secs] 
696.919: [GC (Allocation Failure) [PSYoungGen: 410927K->186132K(465920K)] 1474859K->1251318K(1653760K), 0.0213963 secs] [Times: user=0.03 sys=0.00, real=0.02 secs] 
697.550: [GC (Allocation Failure) [PSYoungGen: 419092K->134603K(465920K)] 1484278K->1200062K(1653760K), 0.0171855 secs] [Times: user=0.03 sys=0.00, real=0.01 secs] 
698.559: [GC (Allocation Failure) [PSYoungGen: 367563K->19209K(465920K)] 1433022K->1084974K(1653760K), 0.0053653 secs] [Times: user=0.02 sys=0.00, real=0.00 secs] 
698.834: [GC (Allocation Failure) [PSYoungGen: 252169K->185747K(465920K)] 1317934K->1252765K(1653760K), 0.0211967 secs] [Times: user=0.03 sys=0.00, real=0.02 secs] 
699.120: [GC (Allocation Failure) [PSYoungGen: 418707K->185843K(465920K)] 1485725K->1253135K(1653760K), 0.0210556 secs] [Times: user=0.03 sys=0.00, real=0.02 secs] 
699.745: [GC (Allocation Failure) [PSYoungGen: 418803K->107982K(465920K)] 1486095K->1175539K(1653760K), 0.0132249 secs] [Times: user=0.03 sys=0.00, real=0.02 secs] 
701.375: [GC (Allocation Failure) [PSYoungGen: 340942K->44399K(465920K)] 1408499K->1112272K(1653760K), 0.0099700 secs] [Times: user=0.03 sys=0.00, real=0.01 secs] 
701.759: [GC (Allocation Failure) [PSYoungGen: 277359K->186132K(465920K)] 1345232K->1255387K(1653760K), 0.0216686 secs] [Times: user=0.04 sys=0.00, real=0.02 secs] 
702.053: [GC (Allocation Failure) [PSYoungGen: 419092K->184751K(465920K)] 1488347K->1254150K(1653760K), 0.0210113 secs] [Times: user=0.03 sys=0.00, real=0.02 secs] 
702.893: [GC (Allocation Failure) [PSYoungGen: 417711K->67051K(465920K)] 1487110K->1136715K(1653760K), 0.0114890 secs] [Times: user=0.03 sys=0.00, real=0.01 secs] 
704.611: [GC (Allocation Failure) [PSYoungGen: 300011K->68851K(465920K)] 1369675K->1138831K(1653760K), 0.0116609 secs] [Times: user=0.03 sys=0.00, real=0.01 secs] 
704.907: [GC (Allocation Failure) [PSYoungGen: 301811K->186389K(465920K)] 1371791K->1257752K(1653760K), 0.0212279 secs] [Times: user=0.03 sys=0.00, real=0.03 secs] 
705.252: [GC (Allocation Failure) [PSYoungGen: 419349K->186068K(465920K)] 1490712K->1257575K(1653760K), 0.0209746 secs] [Times: user=0.03 sys=0.00, real=0.02 secs] 
706.107: [GC (Allocation Failure) [PSYoungGen: 419028K->41025K(465920K)] 1490535K->1112925K(1653760K), 0.0080549 secs] [Times: user=0.02 sys=0.00, real=0.01 secs] 
706.789: [GC (Allocation Failure) [PSYoungGen: 273985K->95776K(465920K)] 1345885K->1167848K(1653760K), 0.0118347 secs] [Times: user=0.02 sys=0.00, real=0.01 secs] 
707.068: [GC (Allocation Failure) [PSYoungGen: 328736K->186197K(465920K)] 1400808K->1259522K(1653760K), 0.0212536 secs] [Times: user=0.03 sys=0.00, real=0.02 secs] 
707.354: [GC (Allocation Failure) [PSYoungGen: 419157K->185843K(465920K)] 1492482K->1259449K(1653760K), 0.0209346 secs] [Times: user=0.03 sys=0.00, real=0.02 secs] 
708.263: [GC (Allocation Failure) [PSYoungGen: 418803K->14533K(465920K)] 1492409K->1088404K(1653760K), 0.0070871 secs] [Times: user=0.03 sys=0.00, real=0.01 secs] 
708.852: [GC (Allocation Failure) [PSYoungGen: 247493K->121738K(465920K)] 1321364K->1195925K(1653760K), 0.0145788 secs] [Times: user=0.02 sys=0.00, real=0.01 secs] 
709.129: [GC (Allocation Failure) [PSYoungGen: 354698K->184205K(465920K)] 1428885K->1259645K(1653760K), 0.0211135 secs] [Times: user=0.03 sys=0.00, real=0.02 secs] 
709.465: [GC (Allocation Failure) [PSYoungGen: 417165K->177399K(465920K)] 1492605K->1253121K(1653760K), 0.0217114 secs] [Times: user=0.03 sys=0.00, real=0.02 secs] 
710.516: [GC (Allocation Failure) [PSYoungGen: 410359K->96K(465920K)] 1486081K->1077269K(1653760K), 0.0036988 secs] [Times: user=0.02 sys=0.00, real=0.01 secs] 
711.175: [GC (Allocation Failure) [PSYoungGen: 233056K->143812K(465920K)] 1310229K->1220993K(1653760K), 0.0165993 secs] [Times: user=0.02 sys=0.00, real=0.02 secs] 
711.455: [GC (Allocation Failure) [PSYoungGen: 376772K->184333K(465920K)] 1453953K->1262760K(1653760K), 0.0211019 secs] [Times: user=0.03 sys=0.00, real=0.02 secs] 
712.894: [GC (Allocation Failure) [PSYoungGen: 417293K->162317K(465920K)] 1495720K->1241009K(1653760K), 0.0469986 secs] [Times: user=0.08 sys=0.00, real=0.05 secs] 
715.985: [GC (Allocation Failure) [PSYoungGen: 395277K->96K(465920K)] 1473969K->1080235K(1653760K), 0.0057604 secs] [Times: user=0.03 sys=0.00, real=0.01 secs] 
716.553: [GC (Allocation Failure) [PSYoungGen: 233056K->165533K(465920K)] 1313195K->1245712K(1653760K), 0.0196181 secs] [Times: user=0.03 sys=0.00, real=0.02 secs] 
716.890: [GC (Allocation Failure) [PSYoungGen: 398493K->184333K(465920K)] 1478672K->1265766K(1653760K), 0.0215789 secs] [Times: user=0.03 sys=0.00, real=0.02 secs] 
717.434: [GC (Allocation Failure) [PSYoungGen: 416168K->140564K(465920K)] 1497601K->1222279K(1653760K), 0.0194470 secs] [Times: user=0.03 sys=0.00, real=0.02 secs] 
718.480: [GC (Allocation Failure) [PSYoungGen: 373445K->1633K(465920K)] 1455159K->1083665K(1653760K), 0.0032087 secs] [Times: user=0.02 sys=0.00, real=0.00 secs] 
718.760: [GC (Allocation Failure) [PSYoungGen: 234593K->184847K(465920K)] 1316625K->1268133K(1653760K), 0.0210139 secs] [Times: user=0.03 sys=0.00, real=0.02 secs] 
719.045: [GC (Allocation Failure) [PSYoungGen: 417807K->184655K(465920K)] 1501093K->1268350K(1653760K), 0.0212704 secs] [Times: user=0.04 sys=0.00, real=0.02 secs] 
720.677: [GC (Allocation Failure) [PSYoungGen: 417615K->127647K(465920K)] 1501310K->1211479K(1653760K), 0.0175037 secs] [Times: user=0.03 sys=0.00, real=0.02 secs] 
721.728: [GC (Allocation Failure) [PSYoungGen: 360607K->25086K(465920K)] 1444439K->1109223K(1653760K), 0.0060132 secs] [Times: user=0.02 sys=0.00, real=0.00 secs] 
722.008: [GC (Allocation Failure) [PSYoungGen: 258046K->184205K(465920K)] 1342183K->1269596K(1653760K), 0.0209482 secs] [Times: user=0.03 sys=0.00, real=0.02 secs] 
722.292: [GC (Allocation Failure) [PSYoungGen: 417165K->184430K(465920K)] 1502556K->1270231K(1653760K), 0.0210029 secs] [Times: user=0.03 sys=0.00, real=0.02 secs] 
724.065: [GC (Allocation Failure) [PSYoungGen: 417390K->105171K(465920K)] 1503191K->1191245K(1653760K), 0.0232117 secs] [Times: user=0.05 sys=0.00, real=0.03 secs] 
724.997: [GC (Allocation Failure) [PSYoungGen: 338131K->47449K(465920K)] 1424205K->1133706K(1653760K), 0.0070019 secs] [Times: user=0.01 sys=0.00, real=0.01 secs] 
725.269: [GC (Allocation Failure) [PSYoungGen: 280409K->186357K(465920K)] 1366666K->1273997K(1653760K), 0.0212846 secs] [Times: user=0.03 sys=0.00, real=0.02 secs] 
725.554: [GC (Allocation Failure) [PSYoungGen: 419317K->184783K(465920K)] 1506957K->1272575K(1653760K), 0.0209568 secs] [Times: user=0.03 sys=0.00, real=0.02 secs] 
726.961: [GC (Allocation Failure) [PSYoungGen: 417743K->63725K(465920K)] 1505535K->1151783K(1653760K), 0.0145559 secs] [Times: user=0.03 sys=0.00, real=0.01 secs] 
727.737: [GC (Allocation Failure) [PSYoungGen: 296685K->73381K(465920K)] 1384743K->1161752K(1653760K), 0.0096087 secs] [Times: user=0.02 sys=0.00, real=0.01 secs] 
728.012: [GC (Allocation Failure) [PSYoungGen: 306341K->186100K(465920K)] 1394712K->1275717K(1653760K), 0.0212818 secs] [Times: user=0.03 sys=0.00, real=0.02 secs] 
728.298: [GC (Allocation Failure) [PSYoungGen: 419060K->185940K(465920K)] 1508677K->1275837K(1653760K), 0.0210342 secs] [Times: user=0.03 sys=0.00, real=0.02 secs] 
729.194: [GC (Allocation Failure) [PSYoungGen: 418900K->36912K(465920K)] 1508797K->1127075K(1653760K), 0.0073888 secs] [Times: user=0.02 sys=0.00, real=0.01 secs] 
729.881: [GC (Allocation Failure) [PSYoungGen: 269872K->100532K(465920K)] 1360035K->1191016K(1653760K), 0.0123195 secs] [Times: user=0.03 sys=0.00, real=0.01 secs] 
730.158: [GC (Allocation Failure) [PSYoungGen: 333492K->185683K(465920K)] 1423976K->1277413K(1653760K), 0.0214311 secs] [Times: user=0.04 sys=0.00, real=0.03 secs] 
730.515: [GC (Allocation Failure) [PSYoungGen: 418643K->184398K(465920K)] 1510373K->1276409K(1653760K), 0.0209770 secs] [Times: user=0.03 sys=0.00, real=0.02 secs] 
732.368: [GC (Allocation Failure) [PSYoungGen: 417358K->11689K(465920K)] 1509369K->1104094K(1653760K), 0.0058856 secs] [Times: user=0.03 sys=0.00, real=0.01 secs] 
733.109: [GC (Allocation Failure) [PSYoungGen: 244649K->125494K(465920K)] 1337054K->1218092K(1653760K), 0.0148825 secs] [Times: user=0.02 sys=0.00, real=0.01 secs] 
733.387: [GC (Allocation Failure) [PSYoungGen: 358454K->184751K(465920K)] 1451052K->1278602K(1653760K), 0.0210323 secs] [Times: user=0.03 sys=0.00, real=0.03 secs] 
733.885: [GC (Allocation Failure) [PSYoungGen: 417711K->173078K(465920K)] 1511562K->1267323K(1653760K), 0.0245280 secs] [Times: user=0.04 sys=0.00, real=0.03 secs] 
734.939: [GC (Allocation Failure) [PSYoungGen: 406038K->160K(465920K)] 1500283K->1095720K(1653760K), 0.0034714 secs] [Times: user=0.02 sys=0.00, real=0.00 secs] 
735.428: [GC (Allocation Failure) [PSYoungGen: 233120K->149981K(465920K)] 1328680K->1245565K(1653760K), 0.0173765 secs] [Times: user=0.02 sys=0.00, real=0.02 secs] 
735.710: [GC (Allocation Failure) [PSYoungGen: 382941K->186132K(465920K)] 1478525K->1282962K(1653760K), 0.0214804 secs] [Times: user=0.03 sys=0.00, real=0.02 secs] 
736.674: [GC (Allocation Failure) [PSYoungGen: 419092K->154284K(465920K)] 1515922K->1251395K(1653760K), 0.0456260 secs] [Times: user=0.07 sys=0.00, real=0.05 secs] 
738.668: [GC (Allocation Failure) [PSYoungGen: 387244K->64K(465920K)] 1484355K->1098618K(1653760K), 0.0041137 secs] [Times: user=0.02 sys=0.00, real=0.00 secs] 
739.137: [GC (Allocation Failure) [PSYoungGen: 233024K->176553K(465920K)] 1331578K->1275123K(1653760K), 0.0200316 secs] [Times: user=0.03 sys=0.00, real=0.02 secs] 
739.483: [GC (Allocation Failure) [PSYoungGen: 409513K->184462K(465920K)] 1508083K->1284286K(1653760K), 0.0211002 secs] [Times: user=0.03 sys=0.00, real=0.02 secs] 
740.489: [GC (Allocation Failure) [PSYoungGen: 417422K->137671K(465920K)] 1517246K->1237761K(1653760K), 0.0203965 secs] [Times: user=0.04 sys=0.00, real=0.02 secs] 
743.203: [GC (Allocation Failure) [PSYoungGen: 370631K->15610K(465920K)] 1470721K->1116021K(1653760K), 0.0074328 secs] [Times: user=0.03 sys=0.00, real=0.01 secs] 
743.545: [GC (Allocation Failure) [PSYoungGen: 248570K->185972K(465920K)] 1348981K->1287636K(1653760K), 0.0213510 secs] [Times: user=0.04 sys=0.00, real=0.02 secs] 
743.833: [GC (Allocation Failure) [PSYoungGen: 418932K->184430K(465920K)] 1520596K->1286375K(1653760K), 0.0211999 secs] [Times: user=0.03 sys=0.00, real=0.02 secs] 
744.964: [GC (Allocation Failure) [PSYoungGen: 417390K->112738K(465920K)] 1519335K->1215077K(1653760K), 0.0255941 secs] [Times: user=0.05 sys=0.00, real=0.03 secs] 
747.306: [GC (Allocation Failure) [PSYoungGen: 345698K->40801K(465920K)] 1448037K->1143309K(1653760K), 0.0103198 secs] [Times: user=0.03 sys=0.00, real=0.01 secs] 
747.701: [GC (Allocation Failure) [PSYoungGen: 273761K->185875K(465920K)] 1376269K->1289637K(1653760K), 0.0211823 secs] [Times: user=0.03 sys=0.00, real=0.02 secs] 
748.053: [GC (Allocation Failure) [PSYoungGen: 418835K->184430K(465920K)] 1522597K->1288473K(1653760K), 0.0210111 secs] [Times: user=0.03 sys=0.00, real=0.02 secs] 
750.223: [GC (Allocation Failure) [PSYoungGen: 417390K->71196K(465920K)] 1521433K->1175512K(1653760K), 0.0200778 secs] [Times: user=0.05 sys=0.00, real=0.02 secs] 
752.830: [GC (Allocation Failure) [PSYoungGen: 304156K->64481K(465920K)] 1408472K->1169099K(1653760K), 0.0111002 secs] [Times: user=0.02 sys=0.00, real=0.01 secs] 
753.126: [GC (Allocation Failure) [PSYoungGen: 297441K->186389K(465920K)] 1402059K->1292261K(1653760K), 0.0209996 secs] [Times: user=0.03 sys=0.00, real=0.02 secs] 
753.412: [GC (Allocation Failure) [PSYoungGen: 419349K->186100K(465920K)] 1525221K->1292245K(1653760K), 0.0211282 secs] [Times: user=0.03 sys=0.00, real=0.02 secs] 
754.894: [GC (Allocation Failure) [PSYoungGen: 419060K->45427K(465920K)] 1525205K->1151973K(1653760K), 0.0094739 secs] [Times: user=0.03 sys=0.00, real=0.01 secs] 
755.617: [GC (Allocation Failure) [PSYoungGen: 278387K->91053K(465920K)] 1384933K->1197784K(1653760K), 0.0113865 secs] [Times: user=0.02 sys=0.00, real=0.02 secs] 
755.894: [GC (Allocation Failure) [PSYoungGen: 324013K->185972K(465920K)] 1430744K->1293949K(1653760K), 0.0212130 secs] [Times: user=0.03 sys=0.00, real=0.02 secs] 
756.180: [GC (Allocation Failure) [PSYoungGen: 418932K->186004K(465920K)] 1526909K->1294262K(1653760K), 0.0211054 secs] [Times: user=0.03 sys=0.00, real=0.02 secs] 
757.951: [GC (Allocation Failure) [PSYoungGen: 418964K->19433K(465920K)] 1527222K->1128085K(1653760K), 0.0058007 secs] [Times: user=0.02 sys=0.00, real=0.00 secs] 
758.659: [GC (Allocation Failure) [PSYoungGen: 252393K->116854K(465920K)] 1361045K->1225703K(1653760K), 0.0140297 secs] [Times: user=0.02 sys=0.00, real=0.01 secs] 
758.939: [GC (Allocation Failure) [PSYoungGen: 349814K->185972K(465920K)] 1458663K->1296203K(1653760K), 0.0211794 secs] [Times: user=0.03 sys=0.00, real=0.02 secs] 
759.415: [GC (Allocation Failure) [PSYoungGen: 418932K->180468K(465920K)] 1529163K->1290844K(1653760K), 0.0236286 secs] [Times: user=0.04 sys=0.00, real=0.03 secs] 
760.556: [GC (Allocation Failure) [PSYoungGen: 413428K->96K(465920K)] 1523804K->1111909K(1653760K), 0.0035050 secs] [Times: user=0.02 sys=0.00, real=0.01 secs] 
761.027: [GC (Allocation Failure) [PSYoungGen: 233056K->142816K(465920K)] 1344869K->1254637K(1653760K), 0.0166321 secs] [Times: user=0.03 sys=0.00, real=0.02 secs] 
761.308: [GC (Allocation Failure) [PSYoungGen: 375776K->186100K(465920K)] 1487597K->1299296K(1653760K), 0.0212621 secs] [Times: user=0.03 sys=0.00, real=0.02 secs] 
761.906: [GC (Allocation Failure) [PSYoungGen: 419060K->161482K(465920K)] 1532256K->1274822K(1653760K), 0.0236959 secs] [Times: user=0.05 sys=0.00, real=0.03 secs] 
763.280: [GC (Allocation Failure) [PSYoungGen: 394442K->64K(465920K)] 1507782K->1114855K(1653760K), 0.0035631 secs] [Times: user=0.02 sys=0.00, real=0.00 secs] 
763.647: [GC (Allocation Failure) [PSYoungGen: 233024K->169677K(465920K)] 1347815K->1284493K(1653760K), 0.0192857 secs] [Times: user=0.03 sys=0.00, real=0.02 secs] 
763.932: [GC (Allocation Failure) [PSYoungGen: 402637K->185811K(465920K)] 1517453K->1302009K(1653760K), 0.0213319 secs] [Times: user=0.03 sys=0.00, real=0.02 secs] 
765.354: [GC (Allocation Failure) [PSYoungGen: 410963K->135022K(465920K)] 1527161K->1251381K(1653760K), 0.0333000 secs] [Times: user=0.06 sys=0.00, real=0.03 secs] 
768.192: [GC (Allocation Failure) [PSYoungGen: 367982K->1312K(465920K)] 1484341K->1117988K(1653760K), 0.0071706 secs] [Times: user=0.03 sys=0.00, real=0.01 secs] 
768.590: [GC (Allocation Failure) [PSYoungGen: 234272K->184333K(465920K)] 1350948K->1302263K(1653760K), 0.0211487 secs] [Times: user=0.03 sys=0.00, real=0.02 secs] 
768.878: [GC (Allocation Failure) [PSYoungGen: 417293K->186261K(465920K)] 1535223K->1304472K(1653760K), 0.0212507 secs] [Times: user=0.03 sys=0.00, real=0.02 secs] 
769.832: [GC (Allocation Failure) [PSYoungGen: 419221K->126827K(465920K)] 1537432K->1245312K(1653760K), 0.0262851 secs] [Times: user=0.05 sys=0.00, real=0.03 secs] 
771.523: [GC (Allocation Failure) [PSYoungGen: 359787K->26596K(465920K)] 1478272K->1145392K(1653760K), 0.0066283 secs] [Times: user=0.03 sys=0.00, real=0.01 secs] 
771.816: [GC (Allocation Failure) [PSYoungGen: 259556K->184333K(465920K)] 1378352K->1304383K(1653760K), 0.0209954 secs] [Times: user=0.04 sys=0.00, real=0.02 secs] 
772.156: [GC (Allocation Failure) [PSYoungGen: 417293K->186229K(465920K)] 1537343K->1306680K(1653760K), 0.0214907 secs] [Times: user=0.03 sys=0.00, real=0.02 secs] 
773.333: [GC (Allocation Failure) [PSYoungGen: 419189K->85237K(465920K)] 1539640K->1205961K(1653760K), 0.0147104 secs] [Times: user=0.03 sys=0.00, real=0.01 secs] 
774.963: [GC (Allocation Failure) [PSYoungGen: 318197K->51465K(465920K)] 1438921K->1172368K(1653760K), 0.0077742 secs] [Times: user=0.02 sys=0.00, real=0.01 secs] 
775.296: [GC (Allocation Failure) [PSYoungGen: 284425K->186004K(465920K)] 1405328K->1308161K(1653760K), 0.0212430 secs] [Times: user=0.03 sys=0.00, real=0.02 secs] 
775.587: [GC (Allocation Failure) [PSYoungGen: 418964K->185875K(465920K)] 1541121K->1308314K(1653760K), 0.0212214 secs] [Times: user=0.04 sys=0.00, real=0.03 secs] 
777.351: [GC (Allocation Failure) [PSYoungGen: 418835K->59131K(465920K)] 1541274K->1181842K(1653760K), 0.0165682 secs] [Times: user=0.04 sys=0.00, real=0.01 secs] 
778.637: [GC (Allocation Failure) [PSYoungGen: 292091K->77494K(465920K)] 1414802K->1200535K(1653760K), 0.0100404 secs] [Times: user=0.02 sys=0.00, real=0.01 secs] 
778.912: [GC (Allocation Failure) [PSYoungGen: 310454K->185875K(465920K)] 1433495K->1310162K(1653760K), 0.0211076 secs] [Times: user=0.03 sys=0.00, real=0.02 secs] 
779.196: [GC (Allocation Failure) [PSYoungGen: 418835K->184430K(465920K)] 1543122K->1308997K(1653760K), 0.0210162 secs] [Times: user=0.03 sys=0.00, real=0.02 secs] 
780.172: [GC (Allocation Failure) [PSYoungGen: 417390K->34567K(465920K)] 1541957K->1159399K(1653760K), 0.0070981 secs] [Times: user=0.02 sys=0.00, real=0.01 secs] 
781.242: [GC (Allocation Failure) [PSYoungGen: 267527K->101332K(465920K)] 1392359K->1226486K(1653760K), 0.0125916 secs] [Times: user=0.02 sys=0.00, real=0.01 secs] 
781.516: [GC (Allocation Failure) [PSYoungGen: 334292K->183916K(465920K)] 1459446K->1310324K(1653760K), 0.0209444 secs] [Times: user=0.03 sys=0.00, real=0.02 secs] 
781.857: [GC (Allocation Failure) [PSYoungGen: 416876K->184430K(465920K)] 1543284K->1311119K(1653760K), 0.0209205 secs] [Times: user=0.04 sys=0.00, real=0.03 secs] 
784.167: [GC (Allocation Failure) [PSYoungGen: 417390K->12654K(465920K)] 1544079K->1139608K(1653760K), 0.0066294 secs] [Times: user=0.03 sys=0.00, real=0.01 secs] 
784.991: [GC (Allocation Failure) [PSYoungGen: 245614K->123152K(465920K)] 1372568K->1250422K(1653760K), 0.0146212 secs] [Times: user=0.02 sys=0.00, real=0.01 secs] 
785.326: [GC (Allocation Failure) [PSYoungGen: 356112K->184173K(465920K)] 1483382K->1312688K(1653760K), 0.0212040 secs] [Times: user=0.03 sys=0.00, real=0.02 secs] 
785.693: [GC (Allocation Failure) [PSYoungGen: 417133K->175874K(465920K)] 1545648K->1304662K(1653760K), 0.0218268 secs] [Times: user=0.04 sys=0.01, real=0.02 secs] 
788.277: [GC (Allocation Failure) [PSYoungGen: 408834K->35788K(465920K)] 1537622K->1164890K(1653760K), 0.0071243 secs] [Times: user=0.02 sys=0.00, real=0.01 secs] 
788.479: [GC (Allocation Failure) [PSYoungGen: 268748K->184076K(465920K)] 1397850K->1314432K(1653760K), 0.0208551 secs] [Times: user=0.03 sys=0.00, real=0.02 secs] 
788.688: [GC (Allocation Failure) [PSYoungGen: 417036K->184108K(465920K)] 1547392K->1314745K(1653760K), 0.0211879 secs] [Times: user=0.03 sys=0.00, real=0.02 secs] 
789.316: [GC (Allocation Failure) [PSYoungGen: 417068K->78425K(465920K)] 1547705K->1209335K(1653760K), 0.0116563 secs] [Times: user=0.03 sys=0.00, real=0.01 secs] 
790.206: [GC (Allocation Failure) [PSYoungGen: 311385K->57730K(465920K)] 1442295K->1188956K(1653760K), 0.0081139 secs] [Times: user=0.02 sys=0.00, real=0.01 secs] 
790.488: [GC (Allocation Failure) [PSYoungGen: 290690K->186518K(465920K)] 1421916K->1318997K(1653760K), 0.0212025 secs] [Times: user=0.03 sys=0.00, real=0.02 secs] 
790.829: [GC (Allocation Failure) [PSYoungGen: 419478K->186132K(465920K)] 1551957K->1319021K(1653760K), 0.0212185 secs] [Times: user=0.03 sys=0.00, real=0.02 secs] 
791.789: [GC (Allocation Failure) [PSYoungGen: 419092K->52046K(465920K)] 1551981K->1185200K(1653760K), 0.0089821 secs] [Times: user=0.02 sys=0.00, real=0.01 secs] 
792.499: [GC (Allocation Failure) [PSYoungGen: 285006K->84691K(465920K)] 1418160K->1218024K(1653760K), 0.0108527 secs] [Times: user=0.02 sys=0.00, real=0.01 secs] 
792.772: [GC (Allocation Failure) [PSYoungGen: 317651K->184076K(465920K)] 1450984K->1318655K(1653760K), 0.0209431 secs] [Times: user=0.03 sys=0.00, real=0.02 secs] 
793.112: [GC (Allocation Failure) [PSYoungGen: 417036K->184783K(465920K)] 1551615K->1319643K(1653760K), 0.0211685 secs] [Times: user=0.03 sys=0.00, real=0.02 secs] 
794.062: [GC (Allocation Failure) [PSYoungGen: 417743K->28783K(465920K)] 1552603K->1164036K(1653760K), 0.0068558 secs] [Times: user=0.02 sys=0.00, real=0.01 secs] 
794.694: [GC (Allocation Failure) [PSYoungGen: 261743K->108529K(465920K)] 1396996K->1243970K(1653760K), 0.0132211 secs] [Times: user=0.02 sys=0.00, real=0.01 secs] 
795.029: [GC (Allocation Failure) [PSYoungGen: 341489K->186100K(465920K)] 1476930K->1322794K(1653760K), 0.0212814 secs] [Times: user=0.03 sys=0.00, real=0.02 secs] 
795.369: [GC (Allocation Failure) [PSYoungGen: 419060K->185811K(465920K)] 1555754K->1322786K(1653760K), 0.0209683 secs] [Times: user=0.03 sys=0.00, real=0.02 secs] 
797.940: [GC (Allocation Failure) [PSYoungGen: 418771K->1922K(465920K)] 1555746K->1139162K(1653760K), 0.0064905 secs] [Times: user=0.03 sys=0.00, real=0.00 secs] 
799.371: [GC (Allocation Failure) [PSYoungGen: 234882K->133434K(465920K)] 1372122K->1270987K(1653760K), 0.0156095 secs] [Times: user=0.03 sys=0.00, real=0.01 secs] 
799.650: [GC (Allocation Failure) [PSYoungGen: 366394K->184173K(465920K)] 1503947K->1322980K(1653760K), 0.0210699 secs] [Times: user=0.03 sys=0.00, real=0.02 secs] 
800.065: [GC (Allocation Failure) [PSYoungGen: 417133K->168696K(465920K)] 1555940K->1307784K(1653760K), 0.0216530 secs] [Times: user=0.03 sys=0.00, real=0.02 secs] 
801.924: [GC (Allocation Failure) [PSYoungGen: 401656K->96K(465920K)] 1540744K->1140634K(1653760K), 0.0043848 secs] [Times: user=0.02 sys=0.00, real=0.01 secs] 
802.866: [GC (Allocation Failure) [PSYoungGen: 233056K->154769K(465920K)] 1373594K->1295331K(1653760K), 0.0180367 secs] [Times: user=0.03 sys=0.00, real=0.02 secs] 
803.146: [GC (Allocation Failure) [PSYoungGen: 387729K->184430K(465920K)] 1528291K->1326245K(1653760K), 0.0215800 secs] [Times: user=0.04 sys=0.00, real=0.03 secs] 
803.944: [GC (Allocation Failure) [PSYoungGen: 417390K->151200K(465920K)] 1559205K->1293281K(1653760K), 0.0199576 secs] [Times: user=0.03 sys=0.00, real=0.02 secs] 
806.046: [GC (Allocation Failure) [PSYoungGen: 384160K->128K(465920K)] 1526241K->1143652K(1653760K), 0.0038080 secs] [Times: user=0.01 sys=0.00, real=0.01 secs] 
806.363: [GC (Allocation Failure) [PSYoungGen: 233088K->176939K(465920K)] 1376612K->1320471K(1653760K), 0.0202627 secs] [Times: user=0.03 sys=0.00, real=0.02 secs] 
806.647: [GC (Allocation Failure) [PSYoungGen: 409899K->184462K(465920K)] 1553431K->1329248K(1653760K), 0.0211328 secs] [Times: user=0.03 sys=0.00, real=0.02 secs] 
807.493: [GC (Allocation Failure) [PSYoungGen: 417422K->137318K(465920K)] 1562208K->1282377K(1653760K), 0.0190072 secs] [Times: user=0.04 sys=0.00, real=0.02 secs] 
808.898: [GC (Allocation Failure) [PSYoungGen: 370278K->15254K(465920K)] 1515337K->1160621K(1653760K), 0.0055057 secs] [Times: user=0.02 sys=0.00, real=0.01 secs] 
809.187: [GC (Allocation Failure) [PSYoungGen: 248214K->186357K(465920K)] 1393581K->1332978K(1653760K), 0.0213009 secs] [Times: user=0.03 sys=0.00, real=0.03 secs] 
809.472: [GC (Allocation Failure) [PSYoungGen: 419317K->184751K(465920K)] 1565938K->1331653K(1653760K), 0.0211530 secs] [Times: user=0.03 sys=0.01, real=0.02 secs] 
810.451: [GC (Allocation Failure) [PSYoungGen: 417711K->112352K(465920K)] 1564613K->1259519K(1653760K), 0.0271085 secs] [Times: user=0.06 sys=0.00, real=0.03 secs] 
812.100: [GC (Allocation Failure) [PSYoungGen: 345312K->39834K(465920K)] 1492479K->1187304K(1653760K), 0.0079271 secs] [Times: user=0.03 sys=0.00, real=0.01 secs] 
812.391: [GC (Allocation Failure) [PSYoungGen: 272794K->186389K(465920K)] 1420264K->1335114K(1653760K), 0.0214282 secs] [Times: user=0.03 sys=0.00, real=0.02 secs] 
812.737: [GC (Allocation Failure) [PSYoungGen: 419349K->186004K(465920K)] 1568074K->1335138K(1653760K), 0.0214126 secs] [Times: user=0.03 sys=0.00, real=0.03 secs] 
813.794: [GC (Allocation Failure) [PSYoungGen: 418964K->70232K(465920K)] 1568098K->1219510K(1653760K), 0.0115131 secs] [Times: user=0.02 sys=0.00, real=0.01 secs] 
814.705: [GC (Allocation Failure) [PSYoungGen: 303192K->65699K(465920K)] 1452470K->1215307K(1653760K), 0.0089347 secs] [Times: user=0.02 sys=0.00, real=0.01 secs] 
815.037: [GC (Allocation Failure) [PSYoungGen: 298659K->184430K(465920K)] 1448267K->1335291K(1653760K), 0.0211371 secs] [Times: user=0.03 sys=0.00, real=0.02 secs] 
815.327: [GC (Allocation Failure) [PSYoungGen: 417390K->184205K(465920K)] 1568251K->1335339K(1653760K), 0.0211256 secs] [Times: user=0.03 sys=0.00, real=0.03 secs] 
817.252: [GC (Allocation Failure) [PSYoungGen: 417165K->48126K(465920K)] 1568299K->1199525K(1653760K), 0.0211143 secs] [Times: user=0.06 sys=0.00, real=0.02 secs] 
819.075: [GC (Allocation Failure) [PSYoungGen: 281086K->87005K(465920K)] 1432485K->1238707K(1653760K), 0.0131085 secs] [Times: user=0.03 sys=0.01, real=0.02 secs] 
819.420: [GC (Allocation Failure) [PSYoungGen: 319965K->184333K(465920K)] 1471667K->1337289K(1653760K), 0.0210712 secs] [Times: user=0.03 sys=0.00, real=0.02 secs] 
819.709: [GC (Allocation Failure) [PSYoungGen: 417293K->184430K(465920K)] 1570249K->1337795K(1653760K), 0.0211860 secs] [Times: user=0.03 sys=0.00, real=0.02 secs] 
821.129: [GC (Allocation Failure) [PSYoungGen: 417390K->26598K(465920K)] 1570755K->1180228K(1653760K), 0.0103628 secs] [Times: user=0.03 sys=0.00, real=0.01 secs] 
821.720: [GC (Allocation Failure) [PSYoungGen: 259558K->109400K(465920K)] 1413188K->1263223K(1653760K), 0.0132966 secs] [Times: user=0.02 sys=0.00, real=0.01 secs] 
821.996: [GC (Allocation Failure) [PSYoungGen: 342360K->184205K(465920K)] 1496183K->1339282K(1653760K), 0.0210789 secs] [Times: user=0.03 sys=0.00, real=0.02 secs] 
822.288: [GC (Allocation Failure) [PSYoungGen: 417165K->184558K(465920K)] 1572242K->1339916K(1653760K), 0.0210926 secs] [Times: user=0.03 sys=0.01, real=0.03 secs] 
824.485: [GC (Allocation Failure) [PSYoungGen: 417518K->4267K(465920K)] 1572876K->1160019K(1653760K), 0.0057850 secs] [Times: user=0.02 sys=0.00, real=0.01 secs] 
825.261: [GC (Allocation Failure) [PSYoungGen: 237227K->131377K(465920K)] 1392979K->1287314K(1653760K), 0.0155057 secs] [Times: user=0.03 sys=0.00, real=0.01 secs] 
825.540: [GC (Allocation Failure) [PSYoungGen: 364337K->184301K(465920K)] 1520274K->1341491K(1653760K), 0.0211343 secs] [Times: user=0.03 sys=0.00, real=0.02 secs] 
826.076: [GC (Allocation Failure) [PSYoungGen: 417261K->170624K(465920K)] 1574451K->1328216K(1653760K), 0.0224093 secs] [Times: user=0.03 sys=0.00, real=0.03 secs] 
828.796: [GC (Allocation Failure) [PSYoungGen: 403584K->96K(465920K)] 1561176K->1159003K(1653760K), 0.0059573 secs] [Times: user=0.03 sys=0.00, real=0.01 secs] 
829.367: [GC (Allocation Failure) [PSYoungGen: 233056K->153098K(465920K)] 1391963K->1312013K(1653760K), 0.0177357 secs] [Times: user=0.03 sys=0.00, real=0.02 secs] 
829.649: [GC (Allocation Failure) [PSYoungGen: 386058K->184333K(465920K)] 1544973K->1344494K(1653760K), 0.0212840 secs] [Times: user=0.03 sys=0.00, real=0.02 secs] 
830.353: [GC (Allocation Failure) [PSYoungGen: 417293K->152999K(465920K)] 1577454K->1313425K(1653760K), 0.0216413 secs] [Times: user=0.04 sys=0.00, real=0.02 secs] 
831.749: [GC (Allocation Failure) [PSYoungGen: 385959K->96K(465920K)] 1546385K->1161965K(1653760K), 0.0034114 secs] [Times: user=0.02 sys=0.00, real=0.00 secs] 
832.082: [GC (Allocation Failure) [PSYoungGen: 233056K->175043K(465920K)] 1394925K->1336929K(1653760K), 0.0198769 secs] [Times: user=0.03 sys=0.00, real=0.02 secs] 
832.369: [GC (Allocation Failure) [PSYoungGen: 408003K->184430K(465920K)] 1569889K->1347690K(1653760K), 0.0209805 secs] [Times: user=0.03 sys=0.01, real=0.02 secs] 
833.393: [GC (Allocation Failure) [PSYoungGen: 417390K->139085K(465920K)] 1580650K->1302490K(1653760K), 0.0385563 secs] [Times: user=0.08 sys=0.00, real=0.04 secs] 
835.699: [GC (Allocation Failure) [PSYoungGen: 372045K->13650K(465920K)] 1535450K->1177241K(1653760K), 0.0042084 secs] [Times: user=0.02 sys=0.00, real=0.00 secs] 
835.970: [GC (Allocation Failure) [PSYoungGen: 246610K->186421K(465920K)] 1410201K->1351395K(1653760K), 0.0212787 secs] [Times: user=0.04 sys=0.00, real=0.02 secs] 
836.255: [GC (Allocation Failure) [PSYoungGen: 419381K->184815K(465920K)] 1584355K->1349942K(1653760K), 0.0210159 secs] [Times: user=0.03 sys=0.00, real=0.02 secs] 
838.300: [GC (Allocation Failure) [PSYoungGen: 417775K->114023K(465920K)] 1582902K->1279423K(1653760K), 0.0249529 secs] [Times: user=0.05 sys=0.00, real=0.02 secs] 
840.572: [GC (Allocation Failure) [PSYoungGen: 346983K->38166K(465920K)] 1512383K->1203857K(1653760K), 0.0081966 secs] [Times: user=0.03 sys=0.00, real=0.01 secs] 
840.936: [GC (Allocation Failure) [PSYoungGen: 271126K->184687K(465920K)] 1436817K->1351623K(1653760K), 0.0210846 secs] [Times: user=0.03 sys=0.00, real=0.02 secs] 
841.226: [GC (Allocation Failure) [PSYoungGen: 417647K->184944K(465920K)] 1584583K->1352154K(1653760K), 0.0210639 secs] [Times: user=0.03 sys=0.00, real=0.02 secs] 
843.141: [GC (Allocation Failure) [PSYoungGen: 417904K->74569K(465920K)] 1585114K->1242044K(1653760K), 0.0197263 secs] [Times: user=0.04 sys=0.01, real=0.02 secs] 
844.881: [GC (Allocation Failure) [PSYoungGen: 307529K->61458K(465920K)] 1475004K->1229238K(1653760K), 0.0102798 secs] [Times: user=0.03 sys=0.00, real=0.01 secs] 
845.171: [GC (Allocation Failure) [PSYoungGen: 294418K->186357K(465920K)] 1462198K->1355528K(1653760K), 0.0211123 secs] [Times: user=0.03 sys=0.00, real=0.02 secs] 
845.516: [GC (Allocation Failure) [PSYoungGen: 419317K->186132K(465920K)] 1588488K->1355456K(1653760K), 0.0212135 secs] [Times: user=0.04 sys=0.00, real=0.02 secs] 
847.347: [GC (Allocation Failure) [PSYoungGen: 419092K->48479K(465920K)] 1588416K->1218212K(1653760K), 0.0125418 secs] [Times: user=0.03 sys=0.00, real=0.02 secs] 
849.269: [GC (Allocation Failure) [PSYoungGen: 281439K->88707K(465920K)] 1451172K->1258627K(1653760K), 0.0132589 secs] [Times: user=0.03 sys=0.00, real=0.01 secs] 
849.553: [GC (Allocation Failure) [PSYoungGen: 321667K->185715K(465920K)] 1491587K->1356888K(1653760K), 0.0211820 secs] [Times: user=0.03 sys=0.00, real=0.02 secs] 
849.837: [GC (Allocation Failure) [PSYoungGen: 418675K->184398K(465920K)] 1589848K->1355860K(1653760K), 0.0211122 secs] [Times: user=0.03 sys=0.00, real=0.03 secs] 
852.022: [GC (Allocation Failure) [PSYoungGen: 417358K->23530K(465920K)] 1588820K->1195402K(1653760K), 0.0080715 secs] [Times: user=0.03 sys=0.00, real=0.01 secs] 
853.083: [GC (Allocation Failure) [PSYoungGen: 256490K->113156K(465920K)] 1428362K->1285213K(1653760K), 0.0137893 secs] [Times: user=0.02 sys=0.00, real=0.01 secs] 
853.361: [GC (Allocation Failure) [PSYoungGen: 346116K->185972K(465920K)] 1518173K->1359283K(1653760K), 0.0211003 secs] [Times: user=0.03 sys=0.00, real=0.02 secs] 
853.694: [GC (Allocation Failure) [PSYoungGen: 418932K->181827K(465920K)] 1592243K->1355419K(1653760K), 0.0208529 secs] [Times: user=0.03 sys=0.00, real=0.02 secs] 
854.980: [GC (Allocation Failure) [PSYoungGen: 414787K->1376K(465920K)] 1588379K->1175136K(1653760K), 0.0034900 secs] [Times: user=0.02 sys=0.00, real=0.00 secs] 
855.833: [GC (Allocation Failure) [PSYoungGen: 234336K->136261K(465920K)] 1408096K->1310215K(1653760K), 0.0159707 secs] [Times: user=0.03 sys=0.00, real=0.02 secs] 
856.114: [GC (Allocation Failure) [PSYoungGen: 369221K->186132K(465920K)] 1543175K->1361340K(1653760K), 0.0212638 secs] [Times: user=0.03 sys=0.00, real=0.02 secs] 
856.762: [GC (Allocation Failure) [PSYoungGen: 419092K->163908K(465920K)] 1594300K->1339397K(1653760K), 0.0258054 secs] [Times: user=0.04 sys=0.00, real=0.03 secs] 
857.734: [GC (Allocation Failure) [PSYoungGen: 396868K->96K(465920K)] 1572357K->1177020K(1653760K), 0.0036186 secs] [Times: user=0.01 sys=0.00, real=0.00 secs] 
858.138: [GC (Allocation Failure) [PSYoungGen: 233056K->161355K(465920K)] 1409980K->1338295K(1653760K), 0.0185044 secs] [Times: user=0.03 sys=0.00, real=0.01 secs] 
858.477: [GC (Allocation Failure) [PSYoungGen: 394315K->183690K(465920K)] 1571255K->1361876K(1653760K), 0.0212610 secs] [Times: user=0.03 sys=0.00, real=0.03 secs] 
859.714: [GC (Allocation Failure) [PSYoungGen: 416650K->145448K(465920K)] 1594836K->1323907K(1653760K), 0.0313624 secs] [Times: user=0.05 sys=0.00, real=0.03 secs] 
862.606: [GC (Allocation Failure) [PSYoungGen: 378408K->128K(465920K)] 1556867K->1180030K(1653760K), 0.0037189 secs] [Times: user=0.02 sys=0.00, real=0.01 secs] 
862.910: [GC (Allocation Failure) [PSYoungGen: 233088K->184104K(465920K)] 1412990K->1364023K(1653760K), 0.0208615 secs] [Times: user=0.04 sys=0.00, real=0.02 secs] 
863.255: [GC (Allocation Failure) [PSYoungGen: 417064K->186357K(465920K)] 1596983K->1367530K(1653760K), 0.0212312 secs] [Times: user=0.03 sys=0.00, real=0.02 secs] 
864.128: [GC (Allocation Failure) [PSYoungGen: 419317K->128161K(465920K)] 1600490K->1309606K(1653760K), 0.0198030 secs] [Times: user=0.04 sys=0.00, real=0.02 secs] 
865.596: [GC (Allocation Failure) [PSYoungGen: 361086K->24350K(465920K)] 1542532K->1206103K(1653760K), 0.0060585 secs] [Times: user=0.02 sys=0.00, real=0.01 secs] 
865.870: [GC (Allocation Failure) [PSYoungGen: 257310K->183819K(465920K)] 1439063K->1366826K(1653760K), 0.0209404 secs] [Times: user=0.03 sys=0.00, real=0.02 secs] 
866.209: [GC (Allocation Failure) [PSYoungGen: 416779K->184333K(465920K)] 1599786K->1367621K(1653760K), 0.0210965 secs] [Times: user=0.03 sys=0.00, real=0.02 secs] 
868.253: [GC (Allocation Failure) [PSYoungGen: 417293K->106312K(465920K)] 1600581K->1289873K(1653760K), 0.0146385 secs] [Times: user=0.04 sys=0.00, real=0.02 secs] 
869.639: [GC (Allocation Failure) [PSYoungGen: 339272K->46006K(465920K)] 1522833K->1229877K(1653760K), 0.0074326 secs] [Times: user=0.02 sys=0.00, real=0.00 secs] 
869.911: [GC (Allocation Failure) [PSYoungGen: 278966K->184976K(465920K)] 1462837K->1370100K(1653760K), 0.0210829 secs] [Times: user=0.04 sys=0.00, real=0.02 secs] 
870.253: [GC (Allocation Failure) [PSYoungGen: 417936K->184205K(465920K)] 1603060K->1369610K(1653760K), 0.0210381 secs] [Times: user=0.04 sys=0.01, real=0.02 secs] 
871.414: [GC (Allocation Failure) [PSYoungGen: 417165K->67212K(465920K)] 1602570K->1252890K(1653760K), 0.0113452 secs] [Times: user=0.02 sys=0.00, real=0.01 secs] 
873.046: [GC (Allocation Failure) [PSYoungGen: 300172K->68433K(465920K)] 1485850K->1254418K(1653760K), 0.0113456 secs] [Times: user=0.02 sys=0.00, real=0.01 secs] 
873.404: [GC (Allocation Failure) [PSYoungGen: 301393K->184205K(465920K)] 1487378K->1371443K(1653760K), 0.0213418 secs] [Times: user=0.04 sys=0.00, real=0.02 secs] 
873.425: [Full GC (Ergonomics) [PSYoungGen: 184205K->0K(465920K)] [ParOldGen: 1187238K->581151K(1003008K)] 1371443K->581151K(1468928K), [Metaspace: 55524K->55516K(1099776K)], 0.0642018 secs] [Times: user=0.27 sys=0.01, real=0.07 secs] 
873.753: [GC (Allocation Failure) [PSYoungGen: 232960K->184076K(465920K)] 814111K->765228K(1468928K), 0.0207352 secs] [Times: user=0.03 sys=0.00, real=0.02 secs] 
874.876: [GC (Allocation Failure) [PSYoungGen: 417036K->78388K(465920K)] 998188K->659844K(1468928K), 0.0100007 secs] [Times: user=0.03 sys=0.00, real=0.01 secs] 
875.612: [GC (Allocation Failure) [PSYoungGen: 311348K->77751K(465920K)] 892804K->659521K(1468928K), 0.0095774 secs] [Times: user=0.02 sys=0.00, real=0.01 secs] 
875.885: [GC (Allocation Failure) [PSYoungGen: 310711K->184301K(465920K)] 892481K->767325K(1468928K), 0.0202650 secs] [Times: user=0.03 sys=0.00, real=0.02 secs] 
876.168: [GC (Allocation Failure) [PSYoungGen: 417261K->184173K(465920K)] 1000285K->767478K(1468928K), 0.0201015 secs] [Times: user=0.03 sys=0.00, real=0.02 secs] 
877.576: [GC (Allocation Failure) [PSYoungGen: 417133K->68957K(465920K)] 1000438K->652527K(1468928K), 0.0084016 secs] [Times: user=0.03 sys=0.00, real=0.01 secs] 
878.265: [GC (Allocation Failure) [PSYoungGen: 301917K->86876K(465920K)] 885487K->670764K(1468928K), 0.0103493 secs] [Times: user=0.01 sys=0.00, real=0.01 secs] 
878.538: [GC (Allocation Failure) [PSYoungGen: 319836K->184205K(465920K)] 903724K->769346K(1468928K), 0.0201830 secs] [Times: user=0.02 sys=0.00, real=0.02 secs] 
878.828: [GC (Allocation Failure) [PSYoungGen: 417165K->184430K(465920K)] 1002306K->769981K(1468928K), 0.0201085 secs] [Times: user=0.03 sys=0.00, real=0.02 secs] 
880.371: [GC (Allocation Failure) [PSYoungGen: 417390K->59671K(465920K)] 1002941K->645359K(1468928K), 0.0103696 secs] [Times: user=0.04 sys=0.00, real=0.01 secs] 
881.100: [GC (Allocation Failure) [PSYoungGen: 292631K->96290K(465920K)] 878319K->682292K(1468928K), 0.0113023 secs] [Times: user=0.02 sys=0.00, real=0.01 secs] 
881.375: [GC (Allocation Failure) [PSYoungGen: 329250K->184462K(465920K)] 915252K->771845K(1468928K), 0.0201980 secs] [Times: user=0.03 sys=0.00, real=0.02 secs] 
881.712: [GC (Allocation Failure) [PSYoungGen: 417422K->184558K(465920K)] 1004805K->772223K(1468928K), 0.0203465 secs] [Times: user=0.03 sys=0.00, real=0.02 secs] 
883.300: [GC (Allocation Failure) [PSYoungGen: 417518K->49887K(465920K)] 1005183K->637688K(1468928K), 0.0102837 secs] [Times: user=0.04 sys=0.00, real=0.01 secs] 
884.247: [GC (Allocation Failure) [PSYoungGen: 282847K->105962K(465920K)] 870648K->694084K(1468928K), 0.0122065 secs] [Times: user=0.02 sys=0.00, real=0.02 secs] 
884.581: [GC (Allocation Failure) [PSYoungGen: 338922K->183948K(465920K)] 927044K->773332K(1468928K), 0.0201693 secs] [Times: user=0.02 sys=0.00, real=0.02 secs] 
884.925: [GC (Allocation Failure) [PSYoungGen: 416908K->184398K(465920K)] 1006292K->774063K(1468928K), 0.0201588 secs] [Times: user=0.03 sys=0.00, real=0.02 secs] 
886.574: [GC (Allocation Failure) [PSYoungGen: 417358K->40923K(465920K)] 1007023K->630861K(1468928K), 0.0071107 secs] [Times: user=0.03 sys=0.00, real=0.01 secs] 
888.024: [GC (Allocation Failure) [PSYoungGen: 273883K->114798K(465920K)] 863821K->705050K(1468928K), 0.0130527 secs] [Times: user=0.02 sys=0.00, real=0.01 secs] 
888.371: [GC (Allocation Failure) [PSYoungGen: 347758K->184815K(465920K)] 938010K->776321K(1468928K), 0.0203176 secs] [Times: user=0.03 sys=0.00, real=0.02 secs] 
888.780: [GC (Allocation Failure) [PSYoungGen: 417775K->182753K(465920K)] 1009281K->774532K(1468928K), 0.0217283 secs] [Times: user=0.03 sys=0.00, real=0.02 secs] 
890.902: [GC (Allocation Failure) [PSYoungGen: 415713K->32864K(465920K)] 1007492K->626086K(1468928K), 0.0047203 secs] [Times: user=0.02 sys=0.00, real=0.00 secs] 
891.479: [GC (Allocation Failure) [PSYoungGen: 265824K->124081K(465920K)] 859046K->717319K(1468928K), 0.0139916 secs] [Times: user=0.02 sys=0.00, real=0.01 secs] 
891.812: [GC (Allocation Failure) [PSYoungGen: 357041K->184173K(465920K)] 950279K->778665K(1468928K), 0.0203383 secs] [Times: user=0.03 sys=0.00, real=0.02 secs] 
892.222: [GC (Allocation Failure) [PSYoungGen: 417133K->174974K(465920K)] 1011625K->769747K(1468928K), 0.0239455 secs] [Times: user=0.03 sys=0.01, real=0.02 secs] 
894.025: [GC (Allocation Failure) [PSYoungGen: 407934K->32960K(465920K)] 1002707K->629186K(1468928K), 0.0051518 secs] [Times: user=0.02 sys=0.00, real=0.01 secs] 
894.673: [GC (Allocation Failure) [PSYoungGen: 265920K->133177K(465920K)] 862146K->729427K(1468928K), 0.0150480 secs] [Times: user=0.02 sys=0.00, real=0.02 secs] 
894.952: [GC (Allocation Failure) [PSYoungGen: 366137K->184430K(465920K)] 962387K->781934K(1468928K), 0.0204024 secs] [Times: user=0.03 sys=0.00, real=0.02 secs] 
896.796: [GC (Allocation Failure) [PSYoungGen: 417390K->168696K(465920K)] 1014894K->766465K(1468928K), 0.0474929 secs] [Times: user=0.07 sys=0.00, real=0.05 secs] 
898.797: [GC (Allocation Failure) [PSYoungGen: 401656K->96K(465920K)] 999425K->599295K(1468928K), 0.0045244 secs] [Times: user=0.02 sys=0.00, real=0.01 secs] 
899.452: [GC (Allocation Failure) [PSYoungGen: 233056K->141788K(465920K)] 832255K->741003K(1468928K), 0.0159619 secs] [Times: user=0.03 sys=0.00, real=0.02 secs] 
899.790: [GC (Allocation Failure) [PSYoungGen: 374748K->184558K(465920K)] 973963K->785027K(1468928K), 0.0204185 secs] [Times: user=0.03 sys=0.00, real=0.02 secs] 
900.441: [GC (Allocation Failure) [PSYoungGen: 415400K->160004K(465920K)] 1015869K->760746K(1468928K), 0.0471308 secs] [Times: user=0.07 sys=0.00, real=0.05 secs] 
902.030: [GC (Allocation Failure) [PSYoungGen: 392964K->96K(465920K)] 993706K->602275K(1468928K), 0.0027257 secs] [Times: user=0.01 sys=0.00, real=0.00 secs] 
902.489: [GC (Allocation Failure) [PSYoungGen: 233056K->148342K(465920K)] 835235K->750538K(1468928K), 0.0167172 secs] [Times: user=0.02 sys=0.00, real=0.01 secs] 
902.770: [GC (Allocation Failure) [PSYoungGen: 381302K->184590K(465920K)] 983498K->788039K(1468928K), 0.0202792 secs] [Times: user=0.03 sys=0.00, real=0.02 secs] 
903.387: [GC (Allocation Failure) [PSYoungGen: 417550K->157498K(465920K)] 1020999K->761212K(1468928K), 0.0185247 secs] [Times: user=0.03 sys=0.00, real=0.02 secs] 
905.832: [GC (Allocation Failure) [PSYoungGen: 390458K->160K(465920K)] 994172K->605328K(1468928K), 0.0037294 secs] [Times: user=0.02 sys=0.00, real=0.00 secs] 
906.618: [GC (Allocation Failure) [PSYoungGen: 233120K->157468K(465920K)] 838288K->762668K(1468928K), 0.0174995 secs] [Times: user=0.03 sys=0.00, real=0.01 secs] 
906.906: [GC (Allocation Failure) [PSYoungGen: 390428K->184430K(465920K)] 995628K->790883K(1468928K), 0.0201540 secs] [Times: user=0.03 sys=0.00, real=0.02 secs] 
907.384: [GC (Allocation Failure) [PSYoungGen: 417390K->148469K(465920K)] 1023843K->755188K(1468928K), 0.0173106 secs] [Times: user=0.02 sys=0.00, real=0.02 secs] 
908.288: [GC (Allocation Failure) [PSYoungGen: 381429K->96K(465920K)] 988148K->608258K(1468928K), 0.0035194 secs] [Times: user=0.02 sys=0.00, real=0.00 secs] 
908.688: [GC (Allocation Failure) [PSYoungGen: 233056K->167107K(465920K)] 841218K->775285K(1468928K), 0.0183931 secs] [Times: user=0.03 sys=0.00, real=0.01 secs] 
908.969: [GC (Allocation Failure) [PSYoungGen: 400067K->184301K(465920K)] 1008245K->793862K(1468928K), 0.0202202 secs] [Times: user=0.02 sys=0.00, real=0.02 secs] 
909.593: [GC (Allocation Failure) [PSYoungGen: 413979K->139038K(465920K)] 1023539K->748743K(1468928K), 0.0173999 secs] [Times: user=0.03 sys=0.00, real=0.02 secs] 
911.574: [GC (Allocation Failure) [PSYoungGen: 371998K->96K(465920K)] 981703K->611238K(1468928K), 0.0041830 secs] [Times: user=0.02 sys=0.00, real=0.01 secs] 
912.072: [GC (Allocation Failure) [PSYoungGen: 232973K->172762K(465920K)] 844116K->783921K(1468928K), 0.0189065 secs] [Times: user=0.03 sys=0.00, real=0.02 secs] 
912.354: [GC (Allocation Failure) [PSYoungGen: 405722K->184590K(465920K)] 1016881K->796995K(1468928K), 0.0202546 secs] [Times: user=0.03 sys=0.00, real=0.02 secs] 
913.237: [GC (Allocation Failure) [PSYoungGen: 417550K->141302K(465920K)] 1029955K->753980K(1468928K), 0.0200815 secs] [Times: user=0.03 sys=0.00, real=0.02 secs] 
915.972: [GC (Allocation Failure) [PSYoungGen: 374262K->128K(465920K)] 986940K->614251K(1468928K), 0.0040453 secs] [Times: user=0.02 sys=0.01, real=0.00 secs] 
916.403: [GC (Allocation Failure) [PSYoungGen: 233088K->181919K(465920K)] 847211K->796074K(1468928K), 0.0200119 secs] [Times: user=0.02 sys=0.00, real=0.02 secs] 
916.686: [GC (Allocation Failure) [PSYoungGen: 414879K->184462K(465920K)] 1029034K->799862K(1468928K), 0.0204862 secs] [Times: user=0.03 sys=0.00, real=0.02 secs] 
917.252: [GC (Allocation Failure) [PSYoungGen: 417422K->132257K(465920K)] 1032822K->747939K(1468928K), 0.0170949 secs] [Times: user=0.03 sys=0.00, real=0.02 secs] 
918.943: [GC (Allocation Failure) [PSYoungGen: 365217K->7063K(465920K)] 980899K->623053K(1468928K), 0.0032450 secs] [Times: user=0.02 sys=0.00, real=0.00 secs] 
919.225: [GC (Allocation Failure) [PSYoungGen: 240023K->184044K(465920K)] 856013K->801287K(1468928K), 0.0203000 secs] [Times: user=0.03 sys=0.00, real=0.02 secs] 
919.511: [GC (Allocation Failure) [PSYoungGen: 417004K->184044K(465920K)] 1034247K->801568K(1468928K), 0.0203132 secs] [Times: user=0.03 sys=0.00, real=0.02 secs] 
920.525: [GC (Allocation Failure) [PSYoungGen: 417004K->123678K(465920K)] 1034528K->741596K(1468928K), 0.0163181 secs] [Times: user=0.03 sys=0.00, real=0.02 secs] 
922.789: [GC (Allocation Failure) [PSYoungGen: 356638K->15446K(465920K)] 974556K->633537K(1468928K), 0.0054688 secs] [Times: user=0.02 sys=0.00, real=0.00 secs] 
923.116: [GC (Allocation Failure) [PSYoungGen: 248406K->186357K(465920K)] 866497K->805702K(1468928K), 0.0204731 secs] [Times: user=0.03 sys=0.00, real=0.02 secs] 
923.401: [GC (Allocation Failure) [PSYoungGen: 419317K->186132K(465920K)] 1038662K->805758K(1468928K), 0.0204611 secs] [Times: user=0.02 sys=0.00, real=0.02 secs] 
923.990: [GC (Allocation Failure) [PSYoungGen: 419092K->110907K(465920K)] 1038718K->730926K(1468928K), 0.0128252 secs] [Times: user=0.02 sys=0.00, real=0.01 secs] 
925.311: [GC (Allocation Failure) [PSYoungGen: 343827K->29426K(465920K)] 963847K->649618K(1468928K), 0.0077692 secs] [Times: user=0.02 sys=0.00, real=0.01 secs] 
925.658: [GC (Allocation Failure) [PSYoungGen: 262386K->185715K(465920K)] 882578K->807161K(1468928K), 0.0204735 secs] [Times: user=0.03 sys=0.00, real=0.02 secs] 
925.947: [GC (Allocation Failure) [PSYoungGen: 418675K->184462K(465920K)] 1040121K->806181K(1468928K), 0.0203396 secs] [Times: user=0.03 sys=0.00, real=0.02 secs] 
927.650: [GC (Allocation Failure) [PSYoungGen: 416475K->99227K(465920K)] 1038194K->721211K(1468928K), 0.0144984 secs] [Times: user=0.03 sys=0.00, real=0.01 secs] 
929.193: [GC (Allocation Failure) [PSYoungGen: 332187K->37681K(465920K)] 954171K->659966K(1468928K), 0.0079043 secs] [Times: user=0.01 sys=0.00, real=0.01 secs] 
929.542: [GC (Allocation Failure) [PSYoungGen: 270641K->184590K(465920K)] 892926K->808129K(1468928K), 0.0204314 secs] [Times: user=0.03 sys=0.00, real=0.02 secs] 
929.888: [GC (Allocation Failure) [PSYoungGen: 417550K->186518K(465920K)] 1041089K->810338K(1468928K), 0.0204799 secs] [Times: user=0.02 sys=0.00, real=0.02 secs] 
930.542: [GC (Allocation Failure) [PSYoungGen: 408307K->90070K(465920K)] 1032127K->714292K(1468928K), 0.0122772 secs] [Times: user=0.02 sys=0.00, real=0.01 secs] 
931.463: [GC (Allocation Failure) [PSYoungGen: 323030K->38066K(465920K)] 947252K->662467K(1468928K), 0.0055546 secs] [Times: user=0.01 sys=0.00, real=0.01 secs] 
931.732: [GC (Allocation Failure) [PSYoungGen: 271026K->184815K(465920K)] 895427K->810462K(1468928K), 0.0205528 secs] [Times: user=0.02 sys=0.00, real=0.02 secs] 
932.015: [GC (Allocation Failure) [PSYoungGen: 417775K->184205K(465920K)] 1043422K->810261K(1468928K), 0.0202813 secs] [Times: user=0.03 sys=0.00, real=0.02 secs] 
934.852: [GC (Allocation Failure) [PSYoungGen: 407227K->91741K(465920K)] 1033283K->717941K(1468928K), 0.0136562 secs] [Times: user=0.03 sys=0.00, real=0.01 secs] 
935.961: [GC (Allocation Failure) [PSYoungGen: 324701K->37777K(465920K)] 950901K->664284K(1468928K), 0.0055765 secs] [Times: user=0.02 sys=0.00, real=0.00 secs] 
936.230: [GC (Allocation Failure) [PSYoungGen: 270737K->184719K(465920K)] 897244K->812479K(1468928K), 0.0202663 secs] [Times: user=0.03 sys=0.00, real=0.02 secs] 
936.510: [GC (GCLocker Initiated GC) [PSYoungGen: 417679K->181667K(465920K)] 1045439K->809836K(1468928K), 0.0199836 secs] [Times: user=0.03 sys=0.00, real=0.02 secs] 
937.458: [GC (Allocation Failure) [PSYoungGen: 414627K->78152K(465920K)] 1059184K->722846K(1468928K), 0.0132572 secs] [Times: user=0.03 sys=0.00, real=0.02 secs] 
938.927: [GC (Allocation Failure) [PSYoungGen: 311112K->57730K(465920K)] 955806K->702641K(1468928K), 0.0075122 secs] [Times: user=0.02 sys=0.00, real=0.01 secs] 
939.198: [GC (Allocation Failure) [PSYoungGen: 290690K->184944K(465920K)] 935601K->831108K(1468928K), 0.0203036 secs] [Times: user=0.03 sys=0.00, real=0.02 secs] 
939.486: [GC (Allocation Failure) [PSYoungGen: 417904K->184205K(465920K)] 1064068K->830650K(1468928K), 0.0202746 secs] [Times: user=0.03 sys=0.00, real=0.02 secs] 
941.791: [GC (Allocation Failure) [PSYoungGen: 417165K->55580K(465920K)] 1063610K->702298K(1468928K), 0.0192133 secs] [Times: user=0.04 sys=0.00, real=0.02 secs] 
943.417: [GC (Allocation Failure) [PSYoungGen: 288540K->80321K(465920K)] 935258K->727363K(1468928K), 0.0097934 secs] [Times: user=0.02 sys=0.00, real=0.01 secs] 
943.690: [GC (Allocation Failure) [PSYoungGen: 313281K->184301K(465920K)] 960323K->832597K(1468928K), 0.0202702 secs] [Times: user=0.02 sys=0.00, real=0.02 secs] 
943.975: [GC (Allocation Failure) [PSYoungGen: 417261K->184526K(465920K)] 1065557K->833103K(1468928K), 0.0204058 secs] [Times: user=0.03 sys=0.00, real=0.02 secs] 
946.312: [GC (Allocation Failure) [PSYoungGen: 417486K->33217K(465920K)] 1066063K->682075K(1468928K), 0.0090675 secs] [Times: user=0.02 sys=0.00, real=0.01 secs] 
947.618: [GC (Allocation Failure) [PSYoungGen: 266177K->102331K(465920K)] 915035K->751510K(1468928K), 0.0120034 secs] [Times: user=0.02 sys=0.00, real=0.01 secs] 
947.955: [GC (Allocation Failure) [PSYoungGen: 335291K->184044K(465920K)] 984470K->834477K(1468928K), 0.0203316 secs] [Times: user=0.03 sys=0.00, real=0.02 secs] 
948.237: [GC (Allocation Failure) [PSYoungGen: 417004K->184398K(465920K)] 1067437K->835112K(1468928K), 0.0202852 secs] [Times: user=0.03 sys=0.00, real=0.02 secs] 
950.802: [GC (Allocation Failure) [PSYoungGen: 417358K->11593K(465920K)] 1068072K->662572K(1468928K), 0.0043384 secs] [Times: user=0.01 sys=0.00, real=0.00 secs] 
951.603: [GC (Allocation Failure) [PSYoungGen: 244553K->124180K(465920K)] 895532K->775475K(1468928K), 0.0141312 secs] [Times: user=0.02 sys=0.00, real=0.01 secs] 
951.880: [GC (Allocation Failure) [PSYoungGen: 357140K->184430K(465920K)] 1008435K->836978K(1468928K), 0.0203222 secs] [Times: user=0.02 sys=0.00, real=0.02 secs] 
952.263: [GC (Allocation Failure) [PSYoungGen: 417390K->174588K(465920K)] 1069938K->827410K(1468928K), 0.0207915 secs] [Times: user=0.03 sys=0.00, real=0.02 secs] 
953.267: [GC (Allocation Failure) [PSYoungGen: 407548K->64K(465920K)] 1060370K->654323K(1468928K), 0.0022813 secs] [Times: user=0.01 sys=0.00, real=0.01 secs] 
953.709: [GC (Allocation Failure) [PSYoungGen: 233024K->146511K(465920K)] 887283K->800786K(1468928K), 0.0164580 secs] [Times: user=0.02 sys=0.00, real=0.01 secs] 
954.047: [GC (Allocation Failure) [PSYoungGen: 379471K->184590K(465920K)] 1033746K->840119K(1468928K), 0.0205354 secs] [Times: user=0.02 sys=0.00, real=0.02 secs] 
954.759: [GC (Allocation Failure) [PSYoungGen: 417550K->159329K(465920K)] 1073079K->815155K(1468928K), 0.0280941 secs] [Times: user=0.04 sys=0.00, real=0.02 secs] 
957.096: [GC (Allocation Failure) [PSYoungGen: 392289K->64K(465920K)] 1048115K->657337K(1468928K), 0.0031603 secs] [Times: user=0.02 sys=0.00, real=0.01 secs] 
957.741: [GC (Allocation Failure) [PSYoungGen: 233024K->168617K(465920K)] 890297K->825907K(1468928K), 0.0195137 secs] [Times: user=0.02 sys=0.00, real=0.02 secs] 
958.025: [GC (Allocation Failure) [PSYoungGen: 401577K->184173K(465920K)] 1058867K->842708K(1468928K), 0.0203057 secs] [Times: user=0.02 sys=0.00, real=0.02 secs] 
958.842: [GC (Allocation Failure) [PSYoungGen: 411673K->137592K(465920K)] 1070208K->796401K(1468928K), 0.0174079 secs] [Times: user=0.02 sys=0.00, real=0.02 secs] 
961.535: [GC (Allocation Failure) [PSYoungGen: 370552K->128K(465920K)] 1029361K->659245K(1468928K), 0.0030272 secs] [Times: user=0.02 sys=0.00, real=0.00 secs] 
961.855: [GC (Allocation Failure) [PSYoungGen: 233088K->184843K(465920K)] 892205K->843993K(1468928K), 0.0202600 secs] [Times: user=0.03 sys=0.00, real=0.02 secs] 
962.138: [GC (Allocation Failure) [PSYoungGen: 417803K->184719K(465920K)] 1076953K->845114K(1468928K), 0.0204078 secs] [Times: user=0.03 sys=0.00, real=0.02 secs] 
962.955: [GC (Allocation Failure) [PSYoungGen: 417679K->129060K(465920K)] 1078074K->789850K(1468928K), 0.0203478 secs] [Times: user=0.04 sys=0.00, real=0.02 secs] 
964.908: [GC (Allocation Failure) [PSYoungGen: 362020K->24607K(465920K)] 1022810K->685583K(1468928K), 0.0059079 secs] [Times: user=0.02 sys=0.00, real=0.01 secs] 
965.213: [GC (Allocation Failure) [PSYoungGen: 257567K->184430K(465920K)] 918543K->846668K(1468928K), 0.0203672 secs] [Times: user=0.03 sys=0.00, real=0.02 secs] 
965.551: [GC (Allocation Failure) [PSYoungGen: 417390K->184623K(465920K)] 1079628K->847142K(1468928K), 0.0204533 secs] [Times: user=0.02 sys=0.00, real=0.02 secs] 
966.808: [GC (Allocation Failure) [PSYoungGen: 417583K->104994K(465920K)] 1080102K->767907K(1468928K), 0.0150813 secs] [Times: user=0.03 sys=0.00, real=0.01 secs] 
967.899: [GC (Allocation Failure) [PSYoungGen: 337954K->48448K(465920K)] 1000867K->711539K(1468928K), 0.0070166 secs] [Times: user=0.02 sys=0.00, real=0.00 secs] 
968.171: [GC (Allocation Failure) [PSYoungGen: 281408K->186004K(465920K)] 944499K->850470K(1468928K), 0.0204986 secs] [Times: user=0.02 sys=0.00, real=0.02 secs] 
968.457: [GC (Allocation Failure) [PSYoungGen: 418964K->186036K(465920K)] 1083430K->850654K(1468928K), 0.0205874 secs] [Times: user=0.03 sys=0.00, real=0.02 secs] 
969.645: [GC (Allocation Failure) [PSYoungGen: 418996K->61942K(465920K)] 1083614K->726954K(1468928K), 0.0130769 secs] [Times: user=0.02 sys=0.00, real=0.02 secs] 
970.897: [GC (Allocation Failure) [PSYoungGen: 294902K->74792K(465920K)] 959914K->739993K(1468928K), 0.0107456 secs] [Times: user=0.02 sys=0.00, real=0.02 secs] 
971.182: [GC (Allocation Failure) [PSYoungGen: 307752K->185843K(465920K)] 972953K->852427K(1468928K), 0.0204597 secs] [Times: user=0.03 sys=0.00, real=0.02 secs] 
971.467: [GC (Allocation Failure) [PSYoungGen: 418803K->185940K(465920K)] 1085387K->852676K(1468928K), 0.0204782 secs] [Times: user=0.03 sys=0.00, real=0.02 secs] 
972.324: [GC (Allocation Failure) [PSYoungGen: 418900K->35723K(465920K)] 1085636K->702861K(1468928K), 0.0062661 secs] [Times: user=0.01 sys=0.00, real=0.01 secs] 
973.415: [GC (Allocation Failure) [PSYoungGen: 268683K->100789K(465920K)] 935821K->768113K(1468928K), 0.0117319 secs] [Times: user=0.02 sys=0.00, real=0.01 secs] 
973.692: [GC (Allocation Failure) [PSYoungGen: 333749K->186004K(465920K)] 1001073K->854566K(1468928K), 0.0204234 secs] [Times: user=0.03 sys=0.00, real=0.02 secs] 
973.978: [GC (Allocation Failure) [PSYoungGen: 418964K->185875K(465920K)] 1087526K->854719K(1468928K), 0.0204991 secs] [Times: user=0.02 sys=0.00, real=0.03 secs] 
976.670: [GC (Allocation Failure) [PSYoungGen: 418835K->9762K(465920K)] 1087679K->678902K(1468928K), 0.0085078 secs] [Times: user=0.03 sys=0.00, real=0.01 secs] 
977.749: [GC (Allocation Failure) [PSYoungGen: 242722K->125722K(465920K)] 911862K->795178K(1468928K), 0.0144003 secs] [Times: user=0.02 sys=0.00, real=0.01 secs] 
978.031: [GC (Allocation Failure) [PSYoungGen: 358682K->184462K(465920K)] 1028138K->855171K(1468928K), 0.0203468 secs] [Times: user=0.03 sys=0.00, real=0.02 secs] 
978.580: [GC (Allocation Failure) [PSYoungGen: 417422K->174118K(465920K)] 1088131K->845101K(1468928K), 0.0231305 secs] [Times: user=0.03 sys=0.00, real=0.02 secs] 
979.998: [GC (Allocation Failure) [PSYoungGen: 407078K->96K(465920K)] 1078061K->672518K(1468928K), 0.0025503 secs] [Times: user=0.01 sys=0.00, real=0.00 secs] 
980.446: [GC (Allocation Failure) [PSYoungGen: 233056K->147668K(465920K)] 905478K->820106K(1468928K), 0.0166111 secs] [Times: user=0.02 sys=0.00, real=0.02 secs] 
980.726: [GC (Allocation Failure) [PSYoungGen: 380628K->184301K(465920K)] 1053066K->857993K(1468928K), 0.0204004 secs] [Times: user=0.03 sys=0.00, real=0.02 secs] 
981.209: [GC (Allocation Failure) [PSYoungGen: 417261K->158413K(465920K)] 1090953K->832386K(1468928K), 0.0210720 secs] [Times: user=0.04 sys=0.00, real=0.02 secs] 
982.221: [GC (Allocation Failure) [PSYoungGen: 391373K->96K(465920K)] 1065346K->675506K(1468928K), 0.0026925 secs] [Times: user=0.01 sys=0.00, real=0.00 secs] 
982.863: [GC (Allocation Failure) [PSYoungGen: 233056K->170159K(465920K)] 908466K->845594K(1468928K), 0.0188138 secs] [Times: user=0.02 sys=0.00, real=0.02 secs] 
983.144: [GC (Allocation Failure) [PSYoungGen: 403119K->184462K(465920K)] 1078554K->861278K(1468928K), 0.0203773 secs] [Times: user=0.03 sys=0.00, real=0.02 secs] 
983.692: [GC (Allocation Failure) [PSYoungGen: 410366K->135761K(465920K)] 1087183K->812851K(1468928K), 0.0182403 secs] [Times: user=0.03 sys=0.00, real=0.02 secs] 
985.475: [GC (Allocation Failure) [PSYoungGen: 368679K->1248K(465920K)] 1045769K->678525K(1468928K), 0.0043939 secs] [Times: user=0.02 sys=0.00, real=0.01 secs] 
985.831: [GC (Allocation Failure) [PSYoungGen: 234208K->184847K(465920K)] 911485K->863241K(1468928K), 0.0203998 secs] [Times: user=0.02 sys=0.00, real=0.02 secs] 
986.115: [GC (Allocation Failure) [PSYoungGen: 417807K->184655K(465920K)] 1096201K->863458K(1468928K), 0.0203500 secs] [Times: user=0.03 sys=0.00, real=0.02 secs] 
987.560: [GC (Allocation Failure) [PSYoungGen: 417615K->128032K(465920K)] 1096418K->806980K(1468928K), 0.0218086 secs] [Times: user=0.04 sys=0.00, real=0.02 secs] 
989.625: [GC (Allocation Failure) [PSYoungGen: 360992K->24478K(465920K)] 1039940K->703726K(1468928K), 0.0059673 secs] [Times: user=0.01 sys=0.00, real=0.01 secs] 
989.935: [GC (Allocation Failure) [PSYoungGen: 257438K->186389K(465920K)] 936686K->867020K(1468928K), 0.0206057 secs] [Times: user=0.03 sys=0.00, real=0.02 secs] 
990.220: [GC (Allocation Failure) [PSYoungGen: 419349K->184847K(465920K)] 1099980K->865630K(1468928K), 0.0204500 secs] [Times: user=0.03 sys=0.00, real=0.02 secs] 
992.457: [GC (Allocation Failure) [PSYoungGen: 417807K->103099K(465920K)] 1098590K->784162K(1468928K), 0.0234040 secs] [Times: user=0.04 sys=0.01, real=0.03 secs] 
994.592: [GC (Allocation Failure) [PSYoungGen: 336059K->48734K(465920K)] 1017122K->730105K(1468928K), 0.0101557 secs] [Times: user=0.02 sys=0.00, real=0.01 secs] 
994.995: [GC (Allocation Failure) [PSYoungGen: 281694K->184719K(465920K)] 963065K->867352K(1468928K), 0.0205542 secs] [Times: user=0.03 sys=0.00, real=0.02 secs] 
995.343: [GC (Allocation Failure) [PSYoungGen: 417679K->186486K(465920K)] 1100312K->869400K(1468928K), 0.0237598 secs] [Times: user=0.04 sys=0.00, real=0.02 secs] 
998.233: [GC (Allocation Failure) [PSYoungGen: 419446K->62504K(465920K)] 1102360K->745683K(1468928K), 0.0157506 secs] [Times: user=0.03 sys=0.00, real=0.02 secs] 
999.920: [GC (Allocation Failure) [PSYoungGen: 295464K->73478K(465920K)] 978643K->756978K(1468928K), 0.0092862 secs] [Times: user=0.02 sys=0.00, real=0.01 secs] 
1000.193: [GC (Allocation Failure) [PSYoungGen: 306438K->184430K(465920K)] 989938K->869176K(1468928K), 0.0203502 secs] [Times: user=0.03 sys=0.00, real=0.02 secs] 
1000.479: [GC (Allocation Failure) [PSYoungGen: 417390K->186357K(465920K)] 1102136K->871385K(1468928K), 0.0205911 secs] [Times: user=0.03 sys=0.00, real=0.02 secs] 
1002.017: [GC (Allocation Failure) [PSYoungGen: 419317K->38037K(465920K)] 1104345K->723329K(1468928K), 0.0075093 secs] [Times: user=0.02 sys=0.00, real=0.01 secs] 
1003.198: [GC (Allocation Failure) [PSYoungGen: 270997K->98858K(465920K)] 956289K->784472K(1468928K), 0.0117197 secs] [Times: user=0.02 sys=0.00, real=0.01 secs] 
1003.473: [GC (Allocation Failure) [PSYoungGen: 331818K->184558K(465920K)] 1017432K->871426K(1468928K), 0.0204352 secs] [Times: user=0.03 sys=0.00, real=0.02 secs] 
1003.759: [GC (Allocation Failure) [PSYoungGen: 417518K->186357K(465920K)] 1104386K->873498K(1468928K), 0.0206151 secs] [Times: user=0.03 sys=0.00, real=0.02 secs] 
1005.500: [GC (Allocation Failure) [PSYoungGen: 419317K->12621K(465920K)] 1106458K->700027K(1468928K), 0.0043998 secs] [Times: user=0.01 sys=0.01, real=0.00 secs] 
1006.679: [GC (Allocation Failure) [PSYoungGen: 245581K->122477K(465920K)] 932987K->810199K(1468928K), 0.0139955 secs] [Times: user=0.02 sys=0.00, real=0.01 secs] 
1007.016: [GC (Allocation Failure) [PSYoungGen: 355437K->184687K(465920K)] 1043159K->873662K(1468928K), 0.0206458 secs] [Times: user=0.03 sys=0.00, real=0.02 secs] 
1007.366: [GC (Allocation Failure) [PSYoungGen: 417647K->176066K(465920K)] 1106622K->865315K(1468928K), 0.0221320 secs] [Times: user=0.03 sys=0.00, real=0.03 secs] 
1009.130: [GC (Allocation Failure) [PSYoungGen: 409026K->96K(465920K)] 1098275K->690774K(1468928K), 0.0046382 secs] [Times: user=0.02 sys=0.00, real=0.00 secs] 
1010.008: [GC (Allocation Failure) [PSYoungGen: 233056K->144583K(465920K)] 923734K->835278K(1468928K), 0.0163426 secs] [Times: user=0.02 sys=0.00, real=0.02 secs] 
1010.287: [GC (Allocation Failure) [PSYoungGen: 377543K->184333K(465920K)] 1068238K->876281K(1468928K), 0.0204874 secs] [Times: user=0.03 sys=0.00, real=0.02 secs] 
1010.935: [GC (Allocation Failure) [PSYoungGen: 417293K->161498K(465920K)] 1109241K->853847K(1468928K), 0.0189279 secs] [Times: user=0.03 sys=0.00, real=0.02 secs] 
1011.998: [GC (Allocation Failure) [PSYoungGen: 394458K->96K(465920K)] 1086807K->693768K(1468928K), 0.0024312 secs] [Times: user=0.01 sys=0.00, real=0.01 secs] 
1012.357: [GC (Allocation Failure) [PSYoungGen: 233056K->166818K(465920K)] 926728K->860514K(1468928K), 0.0184604 secs] [Times: user=0.03 sys=0.00, real=0.02 secs] 
1012.677: [GC (Allocation Failure) [PSYoungGen: 399778K->184269K(465920K)] 1093474K->879340K(1468928K), 0.0205927 secs] [Times: user=0.03 sys=0.00, real=0.02 secs] 
1014.071: [GC (Allocation Failure) [PSYoungGen: 414498K->139295K(465920K)] 1109569K->834511K(1468928K), 0.0287057 secs] [Times: user=0.05 sys=0.00, real=0.03 secs] 
1015.996: [GC (Allocation Failure) [PSYoungGen: 372255K->1633K(465920K)] 1067471K->697156K(1468928K), 0.0027425 secs] [Times: user=0.01 sys=0.00, real=0.01 secs] 
1016.276: [GC (Allocation Failure) [PSYoungGen: 234593K->184622K(465920K)] 930116K->881399K(1468928K), 0.0203893 secs] [Times: user=0.03 sys=0.00, real=0.02 secs] 
1016.618: [GC (Allocation Failure) [PSYoungGen: 417582K->184269K(465920K)] 1114359K->881319K(1468928K), 0.0203912 secs] [Times: user=0.03 sys=0.00, real=0.03 secs] 
1017.230: [GC (Allocation Failure) [PSYoungGen: 417229K->128257K(465920K)] 1114279K->825572K(1468928K), 0.0165662 secs] [Times: user=0.03 sys=0.00, real=0.01 secs] 
1018.240: [GC (Allocation Failure) [PSYoungGen: 361099K->24700K(465920K)] 1058413K->722320K(1468928K), 0.0044570 secs] [Times: user=0.01 sys=0.00, real=0.00 secs] 
1018.508: [GC (Allocation Failure) [PSYoungGen: 257660K->183787K(465920K)] 955280K->882661K(1468928K), 0.0202980 secs] [Times: user=0.02 sys=0.00, real=0.03 secs] 
1018.850: [GC (Allocation Failure) [PSYoungGen: 416747K->184269K(465920K)] 1115621K->883416K(1468928K), 0.0201953 secs] [Times: user=0.03 sys=0.00, real=0.02 secs] 
1019.513: [GC (Allocation Failure) [PSYoungGen: 417229K->106055K(465920K)] 1116376K->805467K(1468928K), 0.0136011 secs] [Times: user=0.03 sys=0.00, real=0.01 secs] 
1020.489: [GC (Allocation Failure) [PSYoungGen: 339015K->46648K(465920K)] 1038427K->746368K(1468928K), 0.0064527 secs] [Times: user=0.01 sys=0.00, real=0.00 secs] 
1020.818: [GC (Allocation Failure) [PSYoungGen: 279608K->184976K(465920K)] 979328K->885941K(1468928K), 0.0203873 secs] [Times: user=0.03 sys=0.00, real=0.02 secs] 
1021.106: [GC (Allocation Failure) [PSYoungGen: 417936K->184205K(465920K)] 1118901K->885580K(1468928K), 0.0204711 secs] [Times: user=0.03 sys=0.00, real=0.02 secs] 
1022.044: [GC (Allocation Failure) [PSYoungGen: 417165K->66601K(465920K)] 1118540K->768113K(1468928K), 0.0172833 secs] [Times: user=0.03 sys=0.00, real=0.02 secs] 
1022.992: [GC (Allocation Failure) [PSYoungGen: 299561K->69940K(465920K)] 1001073K->771759K(1468928K), 0.0088517 secs] [Times: user=0.01 sys=0.00, real=0.01 secs] 
1023.263: [GC (Allocation Failure) [PSYoungGen: 302900K->184590K(465920K)] 1004719K->887663K(1468928K), 0.0204798 secs] [Times: user=0.03 sys=0.00, real=0.02 secs] 
1023.609: [GC (Allocation Failure) [PSYoungGen: 417550K->184109K(465920K)] 1120623K->887591K(1468928K), 0.0204563 secs] [Times: user=0.03 sys=0.00, real=0.02 secs] 
1025.556: [GC (Allocation Failure) [PSYoungGen: 417069K->43756K(465920K)] 1120551K->747375K(1468928K), 0.0135907 secs] [Times: user=0.03 sys=0.00, real=0.02 secs] 
1027.396: [GC (Allocation Failure) [PSYoungGen: 276716K->91889K(465920K)] 980335K->795809K(1468928K), 0.0126765 secs] [Times: user=0.03 sys=0.00, real=0.02 secs] 
1027.732: [GC (Allocation Failure) [PSYoungGen: 324849K->184044K(465920K)] 1028769K->889347K(1468928K), 0.0203747 secs] [Times: user=0.03 sys=0.00, real=0.02 secs] 
1028.017: [GC (Allocation Failure) [PSYoungGen: 417004K->184044K(465920K)] 1122307K->889491K(1468928K), 0.0204605 secs] [Times: user=0.03 sys=0.00, real=0.02 secs] 
1028.897: [GC (Allocation Failure) [PSYoungGen: 417004K->22357K(465920K)] 1122451K->728077K(1468928K), 0.0052781 secs] [Times: user=0.01 sys=0.00, real=0.01 secs] 
1029.474: [GC (Allocation Failure) [PSYoungGen: 255317K->113898K(465920K)] 961037K->819934K(1468928K), 0.0131336 secs] [Times: user=0.02 sys=0.00, real=0.01 secs] 
1029.751: [GC (Allocation Failure) [PSYoungGen: 346858K->184173K(465920K)] 1052894K->891591K(1468928K), 0.0205998 secs] [Times: user=0.03 sys=0.00, real=0.02 secs] 
1030.035: [GC (Allocation Failure) [PSYoungGen: 417133K->182887K(465920K)] 1124551K->890450K(1468928K), 0.0200926 secs] [Times: user=0.02 sys=0.00, real=0.02 secs] 
1033.272: [GC (Allocation Failure) [PSYoungGen: 415847K->1408K(465920K)] 1123410K->709123K(1468928K), 0.0060024 secs] [Times: user=0.02 sys=0.00, real=0.00 secs] 
1034.414: [GC (Allocation Failure) [PSYoungGen: 234368K->134719K(465920K)] 942083K->842623K(1468928K), 0.0153114 secs] [Times: user=0.03 sys=0.00, real=0.02 secs] 
1034.693: [GC (Allocation Failure) [PSYoungGen: 367679K->184590K(465920K)] 1075583K->893885K(1468928K), 0.0204657 secs] [Times: user=0.03 sys=0.00, real=0.02 secs] 
1035.143: [GC (Allocation Failure) [PSYoungGen: 417550K->167057K(465920K)] 1126845K->876633K(1468928K), 0.0241140 secs] [Times: user=0.04 sys=0.00, real=0.02 secs] 
1036.126: [GC (Allocation Failure) [PSYoungGen: 400017K->64K(465920K)] 1109593K->710952K(1468928K), 0.0027429 secs] [Times: user=0.01 sys=0.00, real=0.01 secs] 
1036.695: [GC (Allocation Failure) [PSYoungGen: 233024K->157596K(465920K)] 943912K->868501K(1468928K), 0.0175627 secs] [Times: user=0.02 sys=0.00, real=0.02 secs] 
1036.975: [GC (Allocation Failure) [PSYoungGen: 390556K->184462K(465920K)] 1101461K->896620K(1468928K), 0.0204330 secs] [Times: user=0.03 sys=0.00, real=0.02 secs] 
1037.483: [GC (Allocation Failure) [PSYoungGen: 417422K->148404K(465920K)] 1129580K->860844K(1468928K), 0.0176371 secs] [Times: user=0.03 sys=0.00, real=0.02 secs] 
1039.265: [GC (Allocation Failure) [PSYoungGen: 381364K->64K(465920K)] 1093804K->713947K(1468928K), 0.0048944 secs] [Times: user=0.02 sys=0.01, real=0.01 secs] 
1039.753: [GC (Allocation Failure) [PSYoungGen: 233024K->179731K(465920K)] 946907K->893623K(1468928K), 0.0200146 secs] [Times: user=0.03 sys=0.00, real=0.02 secs] 
1040.036: [GC (Allocation Failure) [PSYoungGen: 412691K->184044K(465920K)] 1126583K->899189K(1468928K), 0.0203231 secs] [Times: user=0.03 sys=0.00, real=0.02 secs] 
1040.972: [GC (Allocation Failure) [PSYoungGen: 417004K->134828K(465920K)] 1132149K->850238K(1468928K), 0.0172996 secs] [Times: user=0.03 sys=0.00, real=0.02 secs] 
1043.260: [GC (Allocation Failure) [PSYoungGen: 367788K->17538K(465920K)] 1083198K->733274K(1468928K), 0.0072667 secs] [Times: user=0.03 sys=0.00, real=0.00 secs] 
1043.628: [GC (Allocation Failure) [PSYoungGen: 250498K->186261K(465920K)] 966234K->903251K(1468928K), 0.0205474 secs] [Times: user=0.03 sys=0.00, real=0.03 secs] 
1043.916: [GC (Allocation Failure) [PSYoungGen: 419221K->186036K(465920K)] 1136211K->903307K(1468928K), 0.0206235 secs] [Times: user=0.03 sys=0.00, real=0.02 secs] 
1045.752: [GC (Allocation Failure) [PSYoungGen: 418996K->108979K(465920K)] 1136267K->826530K(1468928K), 0.0148705 secs] [Times: user=0.03 sys=0.00, real=0.01 secs] 
1048.294: [GC (Allocation Failure) [PSYoungGen: 341939K->44399K(465920K)] 1059490K->762267K(1468928K), 0.0078907 secs] [Times: user=0.02 sys=0.00, real=0.01 secs] 
1048.593: [GC (Allocation Failure) [PSYoungGen: 277359K->185843K(465920K)] 995227K->904964K(1468928K), 0.0206717 secs] [Times: user=0.03 sys=0.00, real=0.02 secs] 
1048.879: [GC (Allocation Failure) [PSYoungGen: 418803K->185811K(465920K)] 1137924K->905205K(1468928K), 0.0204489 secs] [Times: user=0.03 sys=0.00, real=0.02 secs] 
1049.584: [GC (Allocation Failure) [PSYoungGen: 418771K->66215K(465920K)] 1138165K->785874K(1468928K), 0.0098646 secs] [Times: user=0.02 sys=0.00, real=0.01 secs] 
1050.935: [GC (Allocation Failure) [PSYoungGen: 299175K->69397K(465920K)] 1018834K->789362K(1468928K), 0.0087575 secs] [Times: user=0.02 sys=0.00, real=0.01 secs] 
1051.259: [GC (Allocation Failure) [PSYoungGen: 302357K->184333K(465920K)] 1022322K->905552K(1468928K), 0.0204199 secs] [Times: user=0.02 sys=0.00, real=0.02 secs] 
1051.606: [GC (Allocation Failure) [PSYoungGen: 417293K->184173K(465920K)] 1138512K->905672K(1468928K), 0.0204472 secs] [Times: user=0.03 sys=0.00, real=0.02 secs] 
1052.405: [GC (Allocation Failure) [PSYoungGen: 417133K->44495K(465920K)] 1138632K->766267K(1468928K), 0.0078362 secs] [Times: user=0.02 sys=0.00, real=0.01 secs] 
1053.083: [GC (Allocation Failure) [PSYoungGen: 277410K->91821K(465920K)] 999183K->813907K(1468928K), 0.0110922 secs] [Times: user=0.02 sys=0.00, real=0.01 secs] 
1053.418: [GC (Allocation Failure) [PSYoungGen: 324781K->184205K(465920K)] 1046867K->907544K(1468928K), 0.0205301 secs] [Times: user=0.03 sys=0.00, real=0.03 secs] 
1053.706: [GC (Allocation Failure) [PSYoungGen: 417165K->184398K(465920K)] 1140504K->908139K(1468928K), 0.0204142 secs] [Times: user=0.03 sys=0.00, real=0.02 secs] 
1054.998: [GC (Allocation Failure) [PSYoungGen: 417358K->22019K(465920K)] 1141099K->745905K(1468928K), 0.0052607 secs] [Times: user=0.02 sys=0.00, real=0.01 secs] 
1055.696: [GC (Allocation Failure) [PSYoungGen: 254979K->114313K(465920K)] 978865K->838520K(1468928K), 0.0132550 secs] [Times: user=0.02 sys=0.00, real=0.02 secs] 
1055.974: [GC (Allocation Failure) [PSYoungGen: 347273K->184430K(465920K)] 1071480K->910019K(1468928K), 0.0204125 secs] [Times: user=0.02 sys=0.00, real=0.02 secs] 
1056.260: [GC (Allocation Failure) [PSYoungGen: 417390K->182277K(465920K)] 1142979K->908019K(1468928K), 0.0201177 secs] [Times: user=0.03 sys=0.00, real=0.02 secs] 
1059.349: [GC (Allocation Failure) [PSYoungGen: 415237K->1376K(465920K)] 1140979K->727262K(1468928K), 0.0038420 secs] [Times: user=0.01 sys=0.00, real=0.00 secs] 
1060.564: [GC (Allocation Failure) [PSYoungGen: 234336K->134590K(465920K)] 960222K->860670K(1468928K), 0.0152966 secs] [Times: user=0.02 sys=0.00, real=0.02 secs] 
1060.843: [GC (Allocation Failure) [PSYoungGen: 367550K->184590K(465920K)] 1093630K->911924K(1468928K), 0.0205045 secs] [Times: user=0.03 sys=0.00, real=0.02 secs] 
1061.630: [GC (Allocation Failure) [PSYoungGen: 417550K->167186K(465920K)] 1144884K->894784K(1468928K), 0.0226962 secs] [Times: user=0.04 sys=0.00, real=0.02 secs] 
1063.056: [GC (Allocation Failure) [PSYoungGen: 400146K->64K(465920K)] 1127744K->729104K(1468928K), 0.0032292 secs] [Times: user=0.01 sys=0.00, real=0.01 secs] 
1063.594: [GC (Allocation Failure) [PSYoungGen: 233024K->157178K(465920K)] 962064K->886243K(1468928K), 0.0176523 secs] [Times: user=0.03 sys=0.00, real=0.02 secs] 
1063.928: [GC (Allocation Failure) [PSYoungGen: 390138K->184462K(465920K)] 1119203K->914780K(1468928K), 0.0205579 secs] [Times: user=0.03 sys=0.00, real=0.03 secs] 
1064.453: [GC (Allocation Failure) [PSYoungGen: 417422K->148790K(465920K)] 1147740K->879405K(1468928K), 0.0200419 secs] [Times: user=0.03 sys=0.00, real=0.02 secs] 
1065.749: [GC (Allocation Failure) [PSYoungGen: 381750K->160K(465920K)] 1112365K->732208K(1468928K), 0.0057943 secs] [Times: user=0.02 sys=0.00, real=0.00 secs] 
1066.182: [GC (Allocation Failure) [PSYoungGen: 233120K->179574K(465920K)] 965168K->911638K(1468928K), 0.0198515 secs] [Times: user=0.03 sys=0.00, real=0.02 secs] 
1066.465: [GC (Allocation Failure) [PSYoungGen: 412534K->184044K(465920K)] 1144598K->917354K(1468928K), 0.0204441 secs] [Times: user=0.03 sys=0.00, real=0.02 secs] 
1067.136: [GC (Allocation Failure) [PSYoungGen: 417004K->135004K(465920K)] 1150314K->868588K(1468928K), 0.0170099 secs] [Times: user=0.03 sys=0.00, real=0.02 secs] 
1068.510: [GC (Allocation Failure) [PSYoungGen: 367964K->17795K(465920K)] 1101548K->751700K(1468928K), 0.0052242 secs] [Times: user=0.02 sys=0.00, real=0.00 secs] 
1068.889: [GC (Allocation Failure) [PSYoungGen: 250755K->184173K(465920K)] 984660K->919331K(1468928K), 0.0204259 secs] [Times: user=0.03 sys=0.00, real=0.02 secs] 
1069.172: [GC (Allocation Failure) [PSYoungGen: 417133K->183948K(465920K)] 1152291K->919387K(1468928K), 0.0204800 secs] [Times: user=0.03 sys=0.00, real=0.02 secs] 
1069.787: [GC (Allocation Failure) [PSYoungGen: 416908K->112834K(465920K)] 1152347K->848668K(1468928K), 0.0152369 secs] [Times: user=0.03 sys=0.00, real=0.02 secs] 
1070.678: [GC (Allocation Failure) [PSYoungGen: 345794K->39901K(465920K)] 1081628K->775916K(1468928K), 0.0083104 secs] [Times: user=0.02 sys=0.00, real=0.00 secs] 
1071.034: [GC (Allocation Failure) [PSYoungGen: 272861K->186357K(465920K)] 1008876K->923618K(1468928K), 0.0205714 secs] [Times: user=0.02 sys=0.00, real=0.02 secs] 
1071.318: [GC (Allocation Failure) [PSYoungGen: 419317K->184783K(465920K)] 1156578K->922324K(1468928K), 0.0203951 secs] [Times: user=0.03 sys=0.00, real=0.02 secs] 
1072.511: [GC (Allocation Failure) [PSYoungGen: 417743K->71228K(465920K)] 1155284K->809042K(1468928K), 0.0113968 secs] [Times: user=0.02 sys=0.00, real=0.01 secs] 
1073.335: [GC (Allocation Failure) [PSYoungGen: 304188K->65827K(465920K)] 1042002K->803941K(1468928K), 0.0100374 secs] [Times: user=0.03 sys=0.00, real=0.01 secs] 
1073.668: [GC (Allocation Failure) [PSYoungGen: 298787K->186100K(465920K)] 1036901K->925468K(1468928K), 0.0207118 secs] [Times: user=0.03 sys=0.00, real=0.03 secs] 
1073.953: [GC (Allocation Failure) [PSYoungGen: 419060K->186004K(465920K)] 1158428K->925653K(1468928K), 0.0207257 secs] [Times: user=0.03 sys=0.00, real=0.02 secs] 
1075.356: [GC (Allocation Failure) [PSYoungGen: 418964K->44527K(465920K)] 1158613K->784473K(1468928K), 0.0087788 secs] [Times: user=0.02 sys=0.00, real=0.01 secs] 
1076.353: [GC (Allocation Failure) [PSYoungGen: 277487K->92017K(465920K)] 1017433K->832268K(1468928K), 0.0137558 secs] [Times: user=0.03 sys=0.00, real=0.01 secs] 
1076.649: [GC (Allocation Failure) [PSYoungGen: 324977K->186389K(465920K)] 1065228K->927894K(1468928K), 0.0206874 secs] [Times: user=0.03 sys=0.00, real=0.02 secs] 
1076.934: [GC (Allocation Failure) [PSYoungGen: 419349K->186004K(465920K)] 1160854K->927782K(1468928K), 0.0206841 secs] [Times: user=0.03 sys=0.00, real=0.02 secs] 
1079.958: [GC (Allocation Failure) [PSYoungGen: 418964K->17955K(465920K)] 1160742K->759878K(1468928K), 0.0065091 secs] [Times: user=0.02 sys=0.00, real=0.00 secs] 
1080.886: [GC (Allocation Failure) [PSYoungGen: 250915K->118782K(465920K)] 992838K->861028K(1468928K), 0.0137375 secs] [Times: user=0.02 sys=0.00, real=0.02 secs] 
1081.222: [GC (Allocation Failure) [PSYoungGen: 351742K->185715K(465920K)] 1093988K->929215K(1468928K), 0.0207069 secs] [Times: user=0.03 sys=0.00, real=0.02 secs] 
1081.584: [GC (Allocation Failure) [PSYoungGen: 418675K->178813K(465920K)] 1162175K->922586K(1468928K), 0.0229086 secs] [Times: user=0.03 sys=0.00, real=0.02 secs] 
1083.308: [GC (Allocation Failure) [PSYoungGen: 411773K->96K(465920K)] 1155546K->745300K(1468928K), 0.0039435 secs] [Times: user=0.02 sys=0.00, real=0.00 secs] 
1084.283: [GC (Allocation Failure) [PSYoungGen: 233056K->141884K(465920K)] 978260K->887105K(1468928K), 0.0160589 secs] [Times: user=0.03 sys=0.00, real=0.02 secs] 
1084.622: [GC (Allocation Failure) [PSYoungGen: 374844K->184558K(465920K)] 1120065K->931032K(1468928K), 0.0204151 secs] [Times: user=0.03 sys=0.00, real=0.02 secs] 
1085.057: [GC (Allocation Failure) [PSYoungGen: 415355K->159812K(465920K)] 1161829K->906559K(1468928K), 0.0231234 secs] [Times: user=0.04 sys=0.00, real=0.03 secs] 
1086.159: [GC (Allocation Failure) [PSYoungGen: 392772K->96K(465920K)] 1139519K->748288K(1468928K), 0.0029063 secs] [Times: user=0.01 sys=0.00, real=0.00 secs] 
1086.733: [GC (Allocation Failure) [PSYoungGen: 233056K->161291K(465920K)] 981248K->909500K(1468928K), 0.0179551 secs] [Times: user=0.02 sys=0.00, real=0.02 secs] 
1087.015: [GC (Allocation Failure) [PSYoungGen: 394251K->184558K(465920K)] 1142460K->934005K(1468928K), 0.0204009 secs] [Times: user=0.03 sys=0.00, real=0.02 secs] 
1088.136: [GC (Allocation Failure) [PSYoungGen: 417518K->144485K(465920K)] 1166965K->894204K(1468928K), 0.0229981 secs] [Times: user=0.04 sys=0.00, real=0.03 secs] 
1089.801: [GC (Allocation Failure) [PSYoungGen: 377445K->96K(465920K)] 1127164K->751257K(1468928K), 0.0030018 secs] [Times: user=0.02 sys=0.00, real=0.00 secs] 
1090.127: [GC (Allocation Failure) [PSYoungGen: 233056K->183782K(465920K)] 984217K->934968K(1468928K), 0.0203186 secs] [Times: user=0.03 sys=0.00, real=0.02 secs] 
1090.416: [GC (Allocation Failure) [PSYoungGen: 416742K->184462K(465920K)] 1167928K->936893K(1468928K), 0.0206009 secs] [Times: user=0.03 sys=0.00, real=0.02 secs] 
1091.945: [GC (Allocation Failure) [PSYoungGen: 417422K->130442K(465920K)] 1169853K->883138K(1468928K), 0.0238039 secs] [Times: user=0.04 sys=0.00, real=0.03 secs] 
1093.763: [GC (Allocation Failure) [PSYoungGen: 363402K->21712K(465920K)] 1116098K->774724K(1468928K), 0.0059489 secs] [Times: user=0.02 sys=0.00, real=0.01 secs] 
1094.062: [GC (Allocation Failure) [PSYoungGen: 254672K->184237K(465920K)] 1007684K->938502K(1468928K), 0.0204944 secs] [Times: user=0.03 sys=0.00, real=0.02 secs] 
1094.346: [GC (Allocation Failure) [PSYoungGen: 417197K->184430K(465920K)] 1171462K->939121K(1468928K), 0.0205025 secs] [Times: user=0.03 sys=0.00, real=0.02 secs] 
1095.466: [GC (Allocation Failure) [PSYoungGen: 417390K->108465K(465920K)] 1172081K->863292K(1468928K), 0.0144248 secs] [Times: user=0.03 sys=0.00, real=0.02 secs] 
1097.999: [GC (Allocation Failure) [PSYoungGen: 341425K->43336K(465920K)] 1096252K->798479K(1468928K), 0.0080555 secs] [Times: user=0.02 sys=0.00, real=0.00 secs] 
1098.362: [GC (Allocation Failure) [PSYoungGen: 276296K->184205K(465920K)] 1031439K->940601K(1468928K), 0.0207989 secs] [Times: user=0.03 sys=0.00, real=0.02 secs] 
1098.649: [GC (Allocation Failure) [PSYoungGen: 417165K->184012K(465920K)] 1173561K->940690K(1468928K), 0.0205478 secs] [Times: user=0.03 sys=0.00, real=0.02 secs] 
1099.357: [GC (Allocation Failure) [PSYoungGen: 416972K->70906K(465920K)] 1173650K->827857K(1468928K), 0.0115143 secs] [Times: user=0.02 sys=0.00, real=0.02 secs] 
1100.122: [GC (Allocation Failure) [PSYoungGen: 303866K->65638K(465920K)] 1060817K->822902K(1468928K), 0.0084301 secs] [Times: user=0.01 sys=0.00, real=0.01 secs] 
1100.396: [GC (Allocation Failure) [PSYoungGen: 298598K->186486K(465920K)] 1055862K->944996K(1468928K), 0.0207118 secs] [Times: user=0.02 sys=0.00, real=0.02 secs] 
1100.681: [GC (Allocation Failure) [PSYoungGen: 419446K->186068K(465920K)] 1177956K->944852K(1468928K), 0.0205965 secs] [Times: user=0.03 sys=0.00, real=0.02 secs] 
1102.798: [GC (Allocation Failure) [PSYoungGen: 419028K->44109K(465920K)] 1177812K->803158K(1468928K), 0.0111116 secs] [Times: user=0.03 sys=0.00, real=0.02 secs] 
1104.151: [GC (Allocation Failure) [PSYoungGen: 277069K->91821K(465920K)] 1036118K->851177K(1468928K), 0.0111632 secs] [Times: user=0.02 sys=0.00, real=0.01 secs] 
1104.427: [GC (Allocation Failure) [PSYoungGen: 324781K->186357K(465920K)] 1084137K->946959K(1468928K), 0.0206555 secs] [Times: user=0.03 sys=0.00, real=0.02 secs] 
1104.767: [GC (Allocation Failure) [PSYoungGen: 419317K->185940K(465920K)] 1179919K->946951K(1468928K), 0.0207329 secs] [Times: user=0.03 sys=0.00, real=0.03 secs] 
1106.356: [GC (Allocation Failure) [PSYoungGen: 418900K->18276K(465920K)] 1179911K->779552K(1468928K), 0.0052386 secs] [Times: user=0.02 sys=0.00, real=0.01 secs] 
1107.285: [GC (Allocation Failure) [PSYoungGen: 251236K->117751K(465920K)] 1012512K->879204K(1468928K), 0.0136204 secs] [Times: user=0.02 sys=0.01, real=0.02 secs] 
1107.566: [GC (Allocation Failure) [PSYoungGen: 350711K->186004K(465920K)] 1112164K->948839K(1468928K), 0.0206878 secs] [Times: user=0.03 sys=0.00, real=0.02 secs] 
1107.928: [GC (Allocation Failure) [PSYoungGen: 418964K->179568K(465920K)] 1181799K->942540K(1468928K), 0.0223247 secs] [Times: user=0.03 sys=0.00, real=0.03 secs] 
1108.859: [GC (Allocation Failure) [PSYoungGen: 412528K->96K(465920K)] 1175500K->764503K(1468928K), 0.0028158 secs] [Times: user=0.01 sys=0.00, real=0.00 secs] 
1109.332: [GC (Allocation Failure) [PSYoungGen: 233056K->143844K(465920K)] 997463K->908268K(1468928K), 0.0163176 secs] [Times: user=0.02 sys=0.00, real=0.02 secs] 
1109.680: [GC (Allocation Failure) [PSYoungGen: 376804K->186100K(465920K)] 1141228K->951898K(1468928K), 0.0206624 secs] [Times: user=0.03 sys=0.00, real=0.02 secs] 
1110.100: [GC (Allocation Failure) [PSYoungGen: 419060K->160486K(465920K)] 1184858K->926565K(1468928K), 0.0231599 secs] [Times: user=0.04 sys=0.00, real=0.02 secs] 
1111.396: [GC (Allocation Failure) [PSYoungGen: 393446K->96K(465920K)] 1159525K->767492K(1468928K), 0.0028923 secs] [Times: user=0.01 sys=0.00, real=0.01 secs] 
1111.840: [GC (Allocation Failure) [PSYoungGen: 233056K->169388K(465920K)] 1000452K->936809K(1468928K), 0.0188646 secs] [Times: user=0.02 sys=0.00, real=0.02 secs] 
1112.122: [GC (Allocation Failure) [PSYoungGen: 402348K->184558K(465920K)] 1169769K->953224K(1468928K), 0.0205478 secs] [Times: user=0.03 sys=0.00, real=0.02 secs] 
1112.733: [GC (Allocation Failure) [PSYoungGen: 410797K->136388K(465920K)] 1179463K->905319K(1468928K), 0.0186037 secs] [Times: user=0.03 sys=0.00, real=0.02 secs] 
1114.798: [GC (Allocation Failure) [PSYoungGen: 369348K->1408K(465920K)] 1138279K->770653K(1468928K), 0.0040509 secs] [Times: user=0.02 sys=0.00, real=0.00 secs] 
1115.208: [GC (Allocation Failure) [PSYoungGen: 234368K->184494K(465920K)] 1003613K->954992K(1468928K), 0.0206712 secs] [Times: user=0.03 sys=0.00, real=0.03 secs] 
1115.497: [GC (Allocation Failure) [PSYoungGen: 417454K->186261K(465920K)] 1187952K->957169K(1468928K), 0.0209230 secs] [Times: user=0.03 sys=0.00, real=0.03 secs] 
1116.301: [GC (Allocation Failure) [PSYoungGen: 419221K->126747K(465920K)] 1190129K->897800K(1468928K), 0.0226083 secs] [Times: user=0.04 sys=0.00, real=0.02 secs] 
1118.386: [GC (Allocation Failure) [PSYoungGen: 359701K->25892K(465920K)] 1130754K->797246K(1468928K), 0.0087634 secs] [Times: user=0.02 sys=0.00, real=0.01 secs] 
1118.727: [GC (Allocation Failure) [PSYoungGen: 258852K->183787K(465920K)] 1030206K->956395K(1468928K), 0.0206966 secs] [Times: user=0.03 sys=0.00, real=0.02 secs] 
1119.013: [GC (Allocation Failure) [PSYoungGen: 416747K->184269K(465920K)] 1189355K->957287K(1468928K), 0.0205790 secs] [Times: user=0.03 sys=0.00, real=0.02 secs] 
1119.670: [GC (Allocation Failure) [PSYoungGen: 417229K->104769K(465920K)] 1190247K->877923K(1468928K), 0.0132545 secs] [Times: user=0.03 sys=0.00, real=0.01 secs] 
1120.502: [GC (Allocation Failure) [PSYoungGen: 337729K->48091K(465920K)] 1110883K->821555K(1468928K), 0.0066897 secs] [Times: user=0.02 sys=0.00, real=0.01 secs] 
1120.834: [GC (Allocation Failure) [PSYoungGen: 281051K->186518K(465920K)] 1054515K->961235K(1468928K), 0.0208332 secs] [Times: user=0.03 sys=0.00, real=0.02 secs] 
1121.120: [GC (Allocation Failure) [PSYoungGen: 419478K->186068K(465920K)] 1194195K->961067K(1468928K), 0.0208306 secs] [Times: user=0.03 sys=0.00, real=0.02 secs] 
1122.329: [GC (Allocation Failure) [PSYoungGen: 419028K->61717K(465920K)] 1194027K->836980K(1468928K), 0.0124845 secs] [Times: user=0.03 sys=0.00, real=0.01 secs] 
1123.473: [GC (Allocation Failure) [PSYoungGen: 294677K->75081K(465920K)] 1069940K->850658K(1468928K), 0.0094324 secs] [Times: user=0.01 sys=0.00, real=0.01 secs] 
1123.750: [GC (Allocation Failure) [PSYoungGen: 308041K->185843K(465920K)] 1083618K->962666K(1468928K), 0.0207441 secs] [Times: user=0.03 sys=0.00, real=0.02 secs] 
1124.036: [GC (Allocation Failure) [PSYoungGen: 418803K->184430K(465920K)] 1195626K->961525K(1468928K), 0.0203735 secs] [Times: user=0.03 sys=0.00, real=0.02 secs] 
1126.714: [GC (Allocation Failure) [PSYoungGen: 417390K->36993K(465920K)] 1194485K->814361K(1468928K), 0.0099385 secs] [Times: user=0.03 sys=0.00, real=0.01 secs] 
1127.400: [GC (Allocation Failure) [PSYoungGen: 269953K->99375K(465920K)] 1047321K->877051K(1468928K), 0.0118183 secs] [Times: user=0.02 sys=0.00, real=0.01 secs] 
1127.674: [GC (Allocation Failure) [PSYoungGen: 332335K->184044K(465920K)] 1110011K->962974K(1468928K), 0.0204915 secs] [Times: user=0.03 sys=0.01, real=0.02 secs] 
1127.958: [GC (Allocation Failure) [PSYoungGen: 417004K->184044K(465920K)] 1195934K->963255K(1468928K), 0.0203981 secs] [Times: user=0.03 sys=0.00, real=0.02 secs] 
1128.973: [GC (Allocation Failure) [PSYoungGen: 417004K->14934K(465920K)] 1196215K->794539K(1468928K), 0.0045417 secs] [Times: user=0.02 sys=0.00, real=0.01 secs] 
1129.561: [GC (Allocation Failure) [PSYoungGen: 247894K->121224K(465920K)] 1027499K->901016K(1468928K), 0.0140501 secs] [Times: user=0.02 sys=0.00, real=0.01 secs] 
1129.839: [GC (Allocation Failure) [PSYoungGen: 354184K->184944K(465920K)] 1133976K->965989K(1468928K), 0.0204426 secs] [Times: user=0.03 sys=0.00, real=0.02 secs] 
1130.216: [GC (Allocation Failure) [PSYoungGen: 417904K->177094K(465920K)] 1198949K->958413K(1468928K), 0.0227833 secs] [Times: user=0.03 sys=0.00, real=0.03 secs] 
1131.661: [GC (Allocation Failure) [PSYoungGen: 410054K->96K(465920K)] 1191373K->782868K(1468928K), 0.0030313 secs] [Times: user=0.02 sys=0.00, real=0.00 secs] 
1132.336: [GC (Allocation Failure) [PSYoungGen: 233056K->145386K(465920K)] 1015828K->928175K(1468928K), 0.0163848 secs] [Times: user=0.02 sys=0.00, real=0.02 secs] 
1132.618: [GC (Allocation Failure) [PSYoungGen: 378346K->186100K(465920K)] 1161135K->970135K(1468928K), 0.0206692 secs] [Times: user=0.03 sys=0.00, real=0.02 secs] 
1133.067: [GC (Allocation Failure) [PSYoungGen: 419060K->158911K(465920K)] 1203095K->943219K(1468928K), 0.0200120 secs] [Times: user=0.03 sys=0.00, real=0.02 secs] 
1134.642: [GC (Allocation Failure) [PSYoungGen: 391871K->96K(465920K)] 1176179K->785837K(1468928K), 0.0058113 secs] [Times: user=0.02 sys=0.00, real=0.00 secs] 
1135.165: [GC (Allocation Failure) [PSYoungGen: 233056K->171091K(465920K)] 1018797K->956864K(1468928K), 0.0191752 secs] [Times: user=0.02 sys=0.00, real=0.02 secs] 
1135.510: [GC (Allocation Failure) [PSYoungGen: 404051K->186293K(465920K)] 1189824K->973312K(1468928K), 0.0208355 secs] [Times: user=0.03 sys=0.00, real=0.02 secs] 
1136.107: [GC (Allocation Failure) [PSYoungGen: 419253K->141302K(465920K)] 1206272K->928586K(1468928K), 0.0204746 secs] [Times: user=0.04 sys=0.00, real=0.02 secs] 
1137.329: [GC (Allocation Failure) [PSYoungGen: 374262K->12526K(465920K)] 1161546K->800117K(1468928K), 0.0042739 secs] [Times: user=0.02 sys=0.00, real=0.00 secs] 
1137.612: [GC (Allocation Failure) [PSYoungGen: 245486K->185715K(465920K)] 1033077K->974560K(1468928K), 0.0206580 secs] [Times: user=0.03 sys=0.00, real=0.02 secs] 
1137.898: [GC (Allocation Failure) [PSYoungGen: 418675K->185811K(465920K)] 1207520K->974929K(1468928K), 0.0206419 secs] [Times: user=0.03 sys=0.00, real=0.02 secs] 
1138.663: [GC (Allocation Failure) [PSYoungGen: 418771K->114666K(465920K)] 1207889K->904049K(1468928K), 0.0142135 secs] [Times: user=0.03 sys=0.00, real=0.01 secs] 
1139.739: [GC (Allocation Failure) [PSYoungGen: 347626K->38905K(465920K)] 1137009K->828596K(1468928K), 0.0060247 secs] [Times: user=0.01 sys=0.00, real=0.00 secs] 
1140.010: [GC (Allocation Failure) [PSYoungGen: 271865K->185843K(465920K)] 1061556K->976788K(1468928K), 0.0206399 secs] [Times: user=0.03 sys=0.00, real=0.02 secs] 
1140.355: [GC (Allocation Failure) [PSYoungGen: 418803K->185811K(465920K)] 1209748K->977165K(1468928K), 0.0206418 secs] [Times: user=0.03 sys=0.00, real=0.02 secs] 
1141.212: [GC (Allocation Failure) [PSYoungGen: 418771K->71726K(465920K)] 1210125K->863361K(1468928K), 0.0112067 secs] [Times: user=0.02 sys=0.00, real=0.01 secs] 
1142.017: [GC (Allocation Failure) [PSYoungGen: 304686K->65092K(465920K)] 1096321K->856912K(1468928K), 0.0109435 secs] [Times: user=0.02 sys=0.00, real=0.02 secs] 
1142.411: [GC (Allocation Failure) [PSYoungGen: 298052K->185843K(465920K)] 1089872K->978917K(1468928K), 0.0208586 secs] [Times: user=0.03 sys=0.00, real=0.02 secs] 
1142.697: [GC (Allocation Failure) [PSYoungGen: 418803K->185843K(465920K)] 1211877K->979198K(1468928K), 0.0208744 secs] [Times: user=0.03 sys=0.00, real=0.03 secs] 
1143.883: [GC (Allocation Failure) [PSYoungGen: 418803K->45491K(465920K)] 1212158K->839119K(1468928K), 0.0083142 secs] [Times: user=0.02 sys=0.00, real=0.01 secs] 
1144.571: [GC (Allocation Failure) [PSYoungGen: 278445K->90635K(465920K)] 1072073K->884579K(1468928K), 0.0110249 secs] [Times: user=0.02 sys=0.00, real=0.01 secs] 
1144.847: [GC (Allocation Failure) [PSYoungGen: 323595K->186486K(465920K)] 1117539K->981691K(1468928K), 0.0206324 secs] [Times: user=0.03 sys=0.00, real=0.03 secs] 
1145.132: [GC (Allocation Failure) [PSYoungGen: 419446K->186068K(465920K)] 1214651K->981683K(1468928K), 0.0206065 secs] [Times: user=0.03 sys=0.00, real=0.02 secs] 
1147.244: [GC (Allocation Failure) [PSYoungGen: 419028K->19176K(465920K)] 1214643K->815056K(1468928K), 0.0052136 secs] [Times: user=0.02 sys=0.00, real=0.01 secs] 
1148.364: [GC (Allocation Failure) [PSYoungGen: 252136K->116498K(465920K)] 1048016K->912565K(1468928K), 0.0135169 secs] [Times: user=0.02 sys=0.00, real=0.01 secs] 
1148.643: [GC (Allocation Failure) [PSYoungGen: 349458K->185972K(465920K)] 1145525K->983293K(1468928K), 0.0208328 secs] [Times: user=0.03 sys=0.00, real=0.02 secs] 
1149.045: [GC (Allocation Failure) [PSYoungGen: 418932K->180822K(465920K)] 1216253K->978407K(1468928K), 0.0236449 secs] [Times: user=0.04 sys=0.00, real=0.03 secs] 
1151.272: [GC (Allocation Failure) [PSYoungGen: 413782K->64K(465920K)] 1211367K->799101K(1468928K), 0.0034731 secs] [Times: user=0.02 sys=0.00, real=0.00 secs] 
1152.211: [GC (Allocation Failure) [PSYoungGen: 233024K->140856K(465920K)] 1032061K->939917K(1468928K), 0.0160096 secs] [Times: user=0.02 sys=0.00, real=0.01 secs] 
1152.493: [GC (Allocation Failure) [PSYoungGen: 373816K->186229K(465920K)] 1172877K->986665K(1468928K), 0.0208353 secs] [Times: user=0.03 sys=0.00, real=0.02 secs] 
1153.111: [GC (Allocation Failure) [PSYoungGen: 419189K->163265K(465920K)] 1219625K->963966K(1468928K), 0.0461542 secs] [Times: user=0.07 sys=0.00, real=0.04 secs] 
1155.069: [GC (Allocation Failure) [PSYoungGen: 396225K->128K(465920K)] 1196926K->802133K(1468928K), 0.0032621 secs] [Times: user=0.01 sys=0.00, real=0.00 secs] 
1155.580: [GC (Allocation Failure) [PSYoungGen: 233088K->166593K(465920K)] 1035093K->968614K(1468928K), 0.0185442 secs] [Times: user=0.02 sys=0.00, real=0.02 secs] 
1155.865: [GC (Allocation Failure) [PSYoungGen: 399553K->186261K(465920K)] 1201574K->989536K(1468928K), 0.0206224 secs] [Times: user=0.03 sys=0.00, real=0.02 secs] 
1156.688: [GC (Allocation Failure) [PSYoungGen: 414369K->137576K(465920K)] 1217645K->941253K(1468928K), 0.0186985 secs] [Times: user=0.03 sys=0.00, real=0.02 secs] 
1158.329: [GC (Allocation Failure) [PSYoungGen: 370536K->1184K(465920K)] 1174213K->805030K(1468928K), 0.0032390 secs] [Times: user=0.01 sys=0.00, real=0.00 secs] 
1158.705: [GC (Allocation Failure) [PSYoungGen: 234144K->184173K(465920K)] 1037990K->989136K(1468928K), 0.0209465 secs] [Times: user=0.03 sys=0.00, real=0.02 secs] 
1158.992: [GC (Allocation Failure) [PSYoungGen: 417133K->184398K(465920K)] 1222096K->989770K(1468928K), 0.0205413 secs] [Times: user=0.03 sys=0.00, real=0.02 secs] 
1159.973: [GC (Allocation Failure) [PSYoungGen: 417358K->128900K(465920K)] 1222730K->934417K(1468928K), 0.0232262 secs] [Times: user=0.04 sys=0.00, real=0.02 secs] 
1162.082: [GC (Allocation Failure) [PSYoungGen: 361860K->23479K(465920K)] 1167377K->829306K(1468928K), 0.0053832 secs] [Times: user=0.02 sys=0.00, real=0.00 secs] 
1162.360: [GC (Allocation Failure) [PSYoungGen: 256439K->184173K(465920K)] 1062266K->991245K(1468928K), 0.0207663 secs] [Times: user=0.03 sys=0.00, real=0.02 secs] 
1162.705: [GC (Allocation Failure) [PSYoungGen: 417133K->184526K(465920K)] 1224205K->991880K(1468928K), 0.0206273 secs] [Times: user=0.03 sys=0.00, real=0.02 secs] 
1164.134: [GC (Allocation Failure) [PSYoungGen: 417486K->106537K(465920K)] 1224840K->914284K(1468928K), 0.0145680 secs] [Times: user=0.03 sys=0.00, real=0.02 secs] 
1165.033: [GC (Allocation Failure) [PSYoungGen: 339497K->46134K(465920K)] 1147244K->854075K(1468928K), 0.0065566 secs] [Times: user=0.01 sys=0.00, real=0.01 secs] 
1165.305: [GC (Allocation Failure) [PSYoungGen: 279094K->186486K(465920K)] 1087035K->995680K(1468928K), 0.0207511 secs] [Times: user=0.03 sys=0.00, real=0.02 secs] 
1165.591: [GC (Allocation Failure) [PSYoungGen: 419446K->186068K(465920K)] 1228640K->995536K(1468928K), 0.0206743 secs] [Times: user=0.03 sys=0.00, real=0.02 secs] 
1166.740: [GC (Allocation Failure) [PSYoungGen: 419028K->63645K(465920K)] 1228496K->873377K(1468928K), 0.0126065 secs] [Times: user=0.03 sys=0.00, real=0.01 secs] 
1167.770: [GC (Allocation Failure) [PSYoungGen: 296605K->73124K(465920K)] 1106337K->883172K(1468928K), 0.0092912 secs] [Times: user=0.02 sys=0.00, real=0.01 secs] 
1168.044: [GC (Allocation Failure) [PSYoungGen: 306084K->185843K(465920K)] 1116132K->997145K(1468928K), 0.0207278 secs] [Times: user=0.03 sys=0.00, real=0.02 secs] 
1168.328: [GC (Allocation Failure) [PSYoungGen: 418803K->184398K(465920K)] 1230105K->995980K(1468928K), 0.0205541 secs] [Times: user=0.02 sys=0.00, real=0.02 secs] 
1169.569: [GC (Allocation Failure) [PSYoungGen: 417358K->38968K(465920K)] 1228940K->850824K(1468928K), 0.0084810 secs] [Times: user=0.02 sys=0.01, real=0.00 secs] 
1170.308: [GC (Allocation Failure) [PSYoungGen: 271928K->97190K(465920K)] 1083784K->909345K(1468928K), 0.0117437 secs] [Times: user=0.02 sys=0.00, real=0.02 secs] 
1170.582: [GC (Allocation Failure) [PSYoungGen: 330150K->184044K(465920K)] 1142305K->997581K(1468928K), 0.0204831 secs] [Times: user=0.03 sys=0.00, real=0.02 secs] 
1170.923: [GC (Allocation Failure) [PSYoungGen: 417004K->184558K(465920K)] 1230541K->998248K(1468928K), 0.0206016 secs] [Times: user=0.02 sys=0.00, real=0.02 secs] 
1173.590: [GC (Allocation Failure) [PSYoungGen: 417518K->16573K(465920K)] 1231208K->830657K(1468928K), 0.0098577 secs] [Times: user=0.03 sys=0.00, real=0.01 secs] 
1174.637: [GC (Allocation Failure) [PSYoungGen: 249533K->119039K(465920K)] 1063617K->933300K(1468928K), 0.0138014 secs] [Times: user=0.02 sys=0.00, real=0.02 secs] 
1174.913: [GC (Allocation Failure) [PSYoungGen: 351999K->184173K(465920K)] 1166260K->999695K(1468928K), 0.0204902 secs] [Times: user=0.03 sys=0.00, real=0.02 secs] 
1175.627: [GC (Allocation Failure) [PSYoungGen: 417133K->179538K(465920K)] 1232655K->995342K(1468928K), 0.0316595 secs] [Times: user=0.05 sys=0.00, real=0.04 secs] 
1178.096: [GC (Allocation Failure) [PSYoungGen: 412498K->64K(465920K)] 1228302K->817305K(1468928K), 0.0029931 secs] [Times: user=0.01 sys=0.00, real=0.01 secs] 
1178.597: [GC (Allocation Failure) [PSYoungGen: 233024K->140342K(465920K)] 1050265K->957591K(1468928K), 0.0159425 secs] [Times: user=0.03 sys=0.00, real=0.02 secs] 
1178.878: [GC (Allocation Failure) [PSYoungGen: 373302K->184301K(465920K)] 1190551K->1002933K(1468928K), 0.0209712 secs] [Times: user=0.03 sys=0.00, real=0.02 secs] 
1179.473: [GC (Allocation Failure) [PSYoungGen: 416487K->161611K(465920K)] 1235118K->980508K(1468928K), 0.0234562 secs] [Times: user=0.03 sys=0.00, real=0.02 secs] 
1180.623: [GC (Allocation Failure) [PSYoungGen: 394571K->96K(465920K)] 1213468K->820310K(1468928K), 0.0030460 secs] [Times: user=0.01 sys=0.01, real=0.00 secs] 
1181.005: [GC (Allocation Failure) [PSYoungGen: 233056K->161452K(465920K)] 1053270K->981682K(1468928K), 0.0182556 secs] [Times: user=0.03 sys=0.00, real=0.02 secs] 
1181.288: [GC (Allocation Failure) [PSYoungGen: 394412K->184719K(465920K)] 1214642K->1006202K(1468928K), 0.0206202 secs] [Times: user=0.03 sys=0.00, real=0.02 secs] 
1181.804: [GC (Allocation Failure) [PSYoungGen: 417679K->144276K(465920K)] 1239162K->966025K(1468928K), 0.0172426 secs] [Times: user=0.03 sys=0.00, real=0.02 secs] 
1183.090: [GC (Allocation Failure) [PSYoungGen: 377236K->128K(465920K)] 1198985K->822192K(1468928K), 0.0031533 secs] [Times: user=0.01 sys=0.00, real=0.00 secs] 
1183.393: [GC (Allocation Failure) [PSYoungGen: 233088K->184972K(465920K)] 1055152K->1007076K(1468928K), 0.0204348 secs] [Times: user=0.03 sys=0.00, real=0.02 secs] 
1183.676: [GC (Allocation Failure) [PSYoungGen: 417932K->184173K(465920K)] 1240036K->1007523K(1468928K), 0.0205013 secs] [Times: user=0.03 sys=0.00, real=0.02 secs] 
1184.546: [GC (Allocation Failure) [PSYoungGen: 417133K->129414K(465920K)] 1240483K->953029K(1468928K), 0.0158971 secs] [Times: user=0.02 sys=0.00, real=0.02 secs] 
1185.996: [GC (Allocation Failure) [PSYoungGen: 362374K->22197K(465920K)] 1185989K->846120K(1468928K), 0.0058127 secs] [Times: user=0.02 sys=0.00, real=0.01 secs] 
1186.283: [GC (Allocation Failure) [PSYoungGen: 255157K->184558K(465920K)] 1079080K->1009727K(1468928K), 0.0205591 secs] [Times: user=0.02 sys=0.00, real=0.02 secs] 
1186.569: [GC (Allocation Failure) [PSYoungGen: 417518K->186486K(465920K)] 1242687K->1011936K(1468928K), 0.0208867 secs] [Times: user=0.03 sys=0.00, real=0.02 secs] 
1187.389: [GC (Allocation Failure) [PSYoungGen: 419446K->105509K(465920K)] 1244896K->931231K(1468928K), 0.0146682 secs] [Times: user=0.03 sys=0.00, real=0.01 secs] 
1188.362: [GC (Allocation Failure) [PSYoungGen: 338469K->48416K(465920K)] 1164191K->874446K(1468928K), 0.0068550 secs] [Times: user=0.01 sys=0.00, real=0.01 secs] 
1188.634: [GC (Allocation Failure) [PSYoungGen: 281376K->185715K(465920K)] 1107406K->1012999K(1468928K), 0.0208993 secs] [Times: user=0.03 sys=0.00, real=0.02 secs] 
1188.977: [GC (Allocation Failure) [PSYoungGen: 418675K->184398K(465920K)] 1245959K->1011963K(1468928K), 0.0208633 secs] [Times: user=0.02 sys=0.01, real=0.02 secs] 
1191.522: [GC (Allocation Failure) [PSYoungGen: 417358K->63773K(465920K)] 1244923K->891740K(1468928K), 0.0170100 secs] [Times: user=0.03 sys=0.00, real=0.02 secs] 
1193.407: [GC (Allocation Failure) [PSYoungGen: 296733K->73282K(465920K)] 1124700K->901444K(1468928K), 0.0092946 secs] [Times: user=0.02 sys=0.00, real=0.01 secs] 
1193.682: [GC (Allocation Failure) [PSYoungGen: 306242K->185972K(465920K)] 1134404K->1015379K(1468928K), 0.0208816 secs] [Times: user=0.03 sys=0.00, real=0.02 secs] 
1194.021: [GC (Allocation Failure) [PSYoungGen: 418932K->184590K(465920K)] 1248339K->1014279K(1468928K), 0.0205696 secs] [Times: user=0.03 sys=0.00, real=0.02 secs] 
1196.851: [GC (Allocation Failure) [PSYoungGen: 417550K->38535K(465920K)] 1247239K->868633K(1468928K), 0.0084872 secs] [Times: user=0.02 sys=0.00, real=0.01 secs] 
1197.574: [GC (Allocation Failure) [PSYoungGen: 271495K->97833K(465920K)] 1101593K->928118K(1468928K), 0.0148529 secs] [Times: user=0.02 sys=0.00, real=0.02 secs] 
1197.877: [GC (Allocation Failure) [PSYoungGen: 330793K->186100K(465920K)] 1161078K->1017768K(1468928K), 0.0209172 secs] [Times: user=0.03 sys=0.00, real=0.03 secs] 
1198.171: [GC (Allocation Failure) [PSYoungGen: 419060K->185972K(465920K)] 1250728K->1017792K(1468928K), 0.0207267 secs] [Times: user=0.03 sys=0.00, real=0.02 secs] 
1200.738: [GC (Allocation Failure) [PSYoungGen: 418932K->12461K(465920K)] 1250752K->844545K(1468928K), 0.0043361 secs] [Times: user=0.02 sys=0.00, real=0.00 secs] 
1201.364: [GC (Allocation Failure) [PSYoungGen: 245421K->124566K(465920K)] 1077505K->956974K(1468928K), 0.0145208 secs] [Times: user=0.02 sys=0.00, real=0.02 secs] 
1201.644: [GC (Allocation Failure) [PSYoungGen: 357526K->184430K(465920K)] 1189934K->1018092K(1468928K), 0.0205667 secs] [Times: user=0.03 sys=0.00, real=0.02 secs] 
1202.564: [GC (Allocation Failure) [PSYoungGen: 417390K->174219K(465920K)] 1251052K->1008154K(1468928K), 0.0496289 secs] [Times: user=0.08 sys=0.00, real=0.05 secs] 
1204.913: [GC (Allocation Failure) [PSYoungGen: 407179K->160K(465920K)] 1241114K->835538K(1468928K), 0.0029017 secs] [Times: user=0.02 sys=0.00, real=0.00 secs] 
1205.399: [GC (Allocation Failure) [PSYoungGen: 233120K->146157K(465920K)] 1068498K->981576K(1468928K), 0.0167773 secs] [Times: user=0.03 sys=0.00, real=0.01 secs] 
1205.678: [GC (Allocation Failure) [PSYoungGen: 379117K->184301K(465920K)] 1214536K->1020966K(1468928K), 0.0207318 secs] [Times: user=0.03 sys=0.00, real=0.02 secs] 
1206.309: [GC (Allocation Failure) [PSYoungGen: 417261K->159939K(465920K)] 1253926K->996885K(1468928K), 0.0200019 secs] [Times: user=0.04 sys=0.00, real=0.02 secs] 
1207.396: [GC (Allocation Failure) [PSYoungGen: 392899K->64K(465920K)] 1229845K->838451K(1468928K), 0.0029091 secs] [Times: user=0.02 sys=0.00, real=0.01 secs] 
1207.859: [GC (Allocation Failure) [PSYoungGen: 233024K->168135K(465920K)] 1071411K->1006546K(1468928K), 0.0188099 secs] [Times: user=0.03 sys=0.00, real=0.01 secs] 
1208.146: [GC (Allocation Failure) [PSYoungGen: 401095K->184430K(465920K)] 1239506K->1024087K(1468928K), 0.0207175 secs] [Times: user=0.03 sys=0.01, real=0.02 secs] 
1208.676: [GC (Allocation Failure) [PSYoungGen: 411747K->137865K(465920K)] 1251404K->977787K(1468928K), 0.0176151 secs] [Times: user=0.03 sys=0.00, real=0.02 secs] 
1209.760: [GC (Allocation Failure) [PSYoungGen: 370747K->1730K(465920K)] 1210669K->841959K(1468928K), 0.0033273 secs] [Times: user=0.02 sys=0.00, real=0.00 secs] 
1210.046: [GC (Allocation Failure) [PSYoungGen: 234690K->184847K(465920K)] 1074919K->1026331K(1468928K), 0.0205468 secs] [Times: user=0.03 sys=0.00, real=0.02 secs] 
1210.329: [GC (Allocation Failure) [PSYoungGen: 417807K->184687K(465920K)] 1259291K->1026580K(1468928K), 0.0205327 secs] [Times: user=0.03 sys=0.00, real=0.02 secs] 
1212.029: [GC (Allocation Failure) [PSYoungGen: 417647K->127486K(465920K)] 1259540K->969515K(1468928K), 0.0372336 secs] [Times: user=0.07 sys=0.00, real=0.03 secs] 
1213.361: [GC (Allocation Failure) [PSYoungGen: 360446K->24957K(465920K)] 1202475K->867300K(1468928K), 0.0046809 secs] [Times: user=0.02 sys=0.00, real=0.00 secs] 
1213.629: [GC (Allocation Failure) [PSYoungGen: 257917K->184173K(465920K)] 1100260K->1027769K(1468928K), 0.0205259 secs] [Times: user=0.02 sys=0.00, real=0.02 secs] 
1213.915: [GC (Allocation Failure) [PSYoungGen: 417133K->184462K(465920K)] 1260729K->1028339K(1468928K), 0.0207531 secs] [Times: user=0.03 sys=0.00, real=0.02 secs] 
1215.095: [GC (Allocation Failure) [PSYoungGen: 417422K->105252K(465920K)] 1261299K->949539K(1468928K), 0.0152535 secs] [Times: user=0.04 sys=0.00, real=0.02 secs] 
1216.046: [GC (Allocation Failure) [PSYoungGen: 338212K->47034K(465920K)] 1182499K->891497K(1468928K), 0.0100611 secs] [Times: user=0.02 sys=0.00, real=0.01 secs] 
1216.394: [GC (Allocation Failure) [PSYoungGen: 279994K->184944K(465920K)] 1124457K->1030652K(1468928K), 0.0208148 secs] [Times: user=0.03 sys=0.00, real=0.02 secs] 
1216.677: [GC (Allocation Failure) [PSYoungGen: 417904K->184269K(465920K)] 1263612K->1030259K(1468928K), 0.0204701 secs] [Times: user=0.03 sys=0.00, real=0.02 secs] 
1217.823: [GC (Allocation Failure) [PSYoungGen: 417229K->66119K(465920K)] 1263219K->912510K(1468928K), 0.0107188 secs] [Times: user=0.02 sys=0.00, real=0.01 secs] 
1218.588: [GC (Allocation Failure) [PSYoungGen: 299079K->70197K(465920K)] 1145470K->916770K(1468928K), 0.0090251 secs] [Times: user=0.02 sys=0.00, real=0.01 secs] 
1218.919: [GC (Allocation Failure) [PSYoungGen: 303157K->186486K(465920K)] 1149730K->1034312K(1468928K), 0.0210793 secs] [Times: user=0.03 sys=0.00, real=0.02 secs] 
1219.208: [GC (Allocation Failure) [PSYoungGen: 419446K->186100K(465920K)] 1267272K->1034208K(1468928K), 0.0207942 secs] [Times: user=0.03 sys=0.00, real=0.02 secs] 
1221.192: [GC (Allocation Failure) [PSYoungGen: 419060K->39611K(465920K)] 1267168K->887983K(1468928K), 0.0092897 secs] [Times: user=0.02 sys=0.00, real=0.01 secs] 
1221.980: [GC (Allocation Failure) [PSYoungGen: 272571K->97062K(465920K)] 1120943K->945742K(1468928K), 0.0116718 secs] [Times: user=0.02 sys=0.00, real=0.01 secs] 
1222.317: [GC (Allocation Failure) [PSYoungGen: 330022K->185972K(465920K)] 1178702K->1036034K(1468928K), 0.0207290 secs] [Times: user=0.03 sys=0.00, real=0.03 secs] 
1222.607: [GC (Allocation Failure) [PSYoungGen: 418932K->185972K(465920K)] 1268994K->1036187K(1468928K), 0.0207324 secs] [Times: user=0.03 sys=0.00, real=0.03 secs] 
1223.658: [GC (Allocation Failure) [PSYoungGen: 418932K->13392K(465920K)] 1269147K->864009K(1468928K), 0.0045856 secs] [Times: user=0.01 sys=0.00, real=0.00 secs] 
1224.251: [GC (Allocation Failure) [PSYoungGen: 246352K->123923K(465920K)] 1096969K->974718K(1468928K), 0.0143396 secs] [Times: user=0.02 sys=0.00, real=0.01 secs] 
1224.530: [GC (Allocation Failure) [PSYoungGen: 356883K->185843K(465920K)] 1207678K->1037892K(1468928K), 0.0207381 secs] [Times: user=0.03 sys=0.00, real=0.02 secs] 
1224.977: [GC (Allocation Failure) [PSYoungGen: 418803K->174456K(465920K)] 1270852K->1026898K(1468928K), 0.0214717 secs] [Times: user=0.03 sys=0.00, real=0.03 secs] 
1226.740: [GC (Allocation Failure) [PSYoungGen: 407416K->96K(465920K)] 1259858K->853845K(1468928K), 0.0027878 secs] [Times: user=0.02 sys=0.00, real=0.00 secs] 
1227.204: [GC (Allocation Failure) [PSYoungGen: 233056K->148503K(465920K)] 1086805K->1002261K(1468928K), 0.0168606 secs] [Times: user=0.03 sys=0.00, real=0.02 secs] 
1227.486: [GC (Allocation Failure) [PSYoungGen: 381463K->186229K(465920K)] 1235221K->1041240K(1468928K), 0.0208877 secs] [Times: user=0.03 sys=0.00, real=0.02 secs] 
1228.099: [GC (Allocation Failure) [PSYoungGen: 419189K->155714K(465920K)] 1274200K->1011007K(1468928K), 0.0185603 secs] [Times: user=0.03 sys=0.00, real=0.01 secs] 
1230.327: [GC (Allocation Failure) [PSYoungGen: 388674K->128K(465920K)] 1243967K->856862K(1468928K), 0.0032779 secs] [Times: user=0.01 sys=0.00, real=0.01 secs] 
1230.887: [GC (Allocation Failure) [PSYoungGen: 233088K->173919K(465920K)] 1089822K->1030677K(1468928K), 0.0195829 secs] [Times: user=0.03 sys=0.00, real=0.02 secs] 
1231.177: [GC (Allocation Failure) [PSYoungGen: 406879K->186004K(465920K)] 1263637K->1044136K(1468928K), 0.0209648 secs] [Times: user=0.03 sys=0.00, real=0.03 secs] 
1232.080: [GC (Allocation Failure) [PSYoungGen: 418964K->138668K(465920K)] 1277096K->997065K(1468928K), 0.0283709 secs] [Times: user=0.05 sys=0.00, real=0.03 secs] 
1234.450: [GC (Allocation Failure) [PSYoungGen: 371628K->14196K(465920K)] 1230025K->872781K(1468928K), 0.0072313 secs] [Times: user=0.03 sys=0.00, real=0.00 secs] 
1234.809: [GC (Allocation Failure) [PSYoungGen: 247156K->184462K(465920K)] 1105741K->1044308K(1468928K), 0.0207753 secs] [Times: user=0.03 sys=0.00, real=0.02 secs] 
1235.093: [GC (Allocation Failure) [PSYoungGen: 417422K->184398K(465920K)] 1277268K->1044525K(1468928K), 0.0205140 secs] [Times: user=0.03 sys=0.00, real=0.02 secs] 
1235.827: [GC (Allocation Failure) [PSYoungGen: 417358K->115694K(465920K)] 1277485K->976086K(1468928K), 0.0160295 secs] [Times: user=0.03 sys=0.00, real=0.02 secs] 
1236.805: [GC (Allocation Failure) [PSYoungGen: 348654K->37395K(465920K)] 1209046K->898095K(1468928K), 0.0057501 secs] [Times: user=0.02 sys=0.00, real=0.01 secs] 
1237.076: [GC (Allocation Failure) [PSYoungGen: 270355K->186229K(465920K)] 1131055K->1048311K(1468928K), 0.0209089 secs] [Times: user=0.03 sys=0.00, real=0.02 secs] 
1237.372: [GC (Allocation Failure) [PSYoungGen: 419189K->185940K(465920K)] 1281271K->1048175K(1468928K), 0.0207235 secs] [Times: user=0.03 sys=0.00, real=0.02 secs] 
1238.386: [GC (Allocation Failure) [PSYoungGen: 418900K->72770K(465920K)] 1281135K->935278K(1468928K), 0.0248207 secs] [Times: user=0.05 sys=0.00, real=0.03 secs] 
1239.857: [GC (Allocation Failure) [PSYoungGen: 305730K->63257K(465920K)] 1168238K->926072K(1468928K), 0.0084060 secs] [Times: user=0.01 sys=0.00, real=0.01 secs] 
1240.131: [GC (Allocation Failure) [PSYoungGen: 296217K->186357K(465920K)] 1159032K->1050427K(1468928K), 0.0210252 secs] [Times: user=0.03 sys=0.00, real=0.02 secs] 
1240.416: [GC (Allocation Failure) [PSYoungGen: 419317K->185972K(465920K)] 1283387K->1050322K(1468928K), 0.0209906 secs] [Times: user=0.03 sys=0.00, real=0.02 secs] 
1241.205: [GC (Allocation Failure) [PSYoungGen: 418932K->46808K(465920K)] 1283282K->911423K(1468928K), 0.0077444 secs] [Times: user=0.01 sys=0.00, real=0.01 secs] 
1241.954: [GC (Allocation Failure) [PSYoungGen: 279660K->89093K(465920K)] 1144275K->954024K(1468928K), 0.0109627 secs] [Times: user=0.02 sys=0.00, real=0.01 secs] 
1242.287: [GC (Allocation Failure) [PSYoungGen: 322053K->186518K(465920K)] 1186984K->1052702K(1468928K), 0.0210413 secs] [Times: user=0.03 sys=0.00, real=0.03 secs] 
1242.577: [GC (Allocation Failure) [PSYoungGen: 419478K->186068K(465920K)] 1285662K->1052534K(1468928K), 0.0207689 secs] [Times: user=0.03 sys=0.00, real=0.02 secs] 
1243.733: [GC (Allocation Failure) [PSYoungGen: 419028K->20702K(465920K)] 1285494K->887433K(1468928K), 0.0053147 secs] [Times: user=0.02 sys=0.00, real=0.01 secs] 
1245.129: [GC (Allocation Failure) [PSYoungGen: 253662K->115727K(465920K)] 1120393K->982771K(1468928K), 0.0136446 secs] [Times: user=0.03 sys=0.00, real=0.01 secs] 
1245.407: [GC (Allocation Failure) [PSYoungGen: 348687K->186132K(465920K)] 1215731K->1054430K(1468928K), 0.0207939 secs] [Times: user=0.03 sys=0.00, real=0.02 secs] 
1245.987: [GC (Allocation Failure) [PSYoungGen: 419092K->180952K(465920K)] 1287390K->1049660K(1468928K), 0.0264040 secs] [Times: user=0.04 sys=0.00, real=0.03 secs] 
1248.325: [GC (Allocation Failure) [PSYoungGen: 413912K->64K(465920K)] 1282620K->870094K(1468928K), 0.0033131 secs] [Times: user=0.02 sys=0.00, real=0.01 secs] 
1249.090: [GC (Allocation Failure) [PSYoungGen: 232963K->140985K(465920K)] 1102993K->1011031K(1468928K), 0.0165300 secs] [Times: user=0.03 sys=0.00, real=0.01 secs] 
1249.431: [GC (Allocation Failure) [PSYoungGen: 373945K->184944K(465920K)] 1243991K->1056244K(1468928K), 0.0207840 secs] [Times: user=0.03 sys=0.00, real=0.02 secs] 
1250.162: [GC (Allocation Failure) [PSYoungGen: 415000K->160374K(465920K)] 1286300K->1031947K(1468928K), 0.0288104 secs] [Times: user=0.05 sys=0.00, real=0.03 secs] 
1252.548: [GC (Allocation Failure) [PSYoungGen: 393334K->128K(465920K)] 1264907K->873142K(1468928K), 0.0039148 secs] [Times: user=0.02 sys=0.00, real=0.00 secs] 
1253.086: [GC (Allocation Failure) [PSYoungGen: 233088K->160906K(465920K)] 1106102K->1033945K(1468928K), 0.0183000 secs] [Times: user=0.03 sys=0.00, real=0.02 secs] 
1253.422: [GC (Allocation Failure) [PSYoungGen: 393866K->184687K(465920K)] 1266905K->1058971K(1468928K), 0.0208060 secs] [Times: user=0.03 sys=0.01, real=0.02 secs] 
1254.302: [GC (Allocation Failure) [PSYoungGen: 417647K->144774K(465920K)] 1291931K->1019452K(1468928K), 0.0381283 secs] [Times: user=0.07 sys=0.00, real=0.04 secs] 
1256.850: [GC (Allocation Failure) [PSYoungGen: 377734K->96K(465920K)] 1252412K->876091K(1468928K), 0.0056133 secs] [Times: user=0.03 sys=0.00, real=0.00 secs] 
1257.278: [GC (Allocation Failure) [PSYoungGen: 233056K->183301K(465920K)] 1109051K->1059312K(1468928K), 0.0204650 secs] [Times: user=0.03 sys=0.00, real=0.02 secs] 
1257.566: [GC (Allocation Failure) [PSYoungGen: 416261K->184430K(465920K)] 1292272K->1061679K(1468928K), 0.0207217 secs] [Times: user=0.03 sys=0.00, real=0.02 secs] 
1258.088: [GC (Allocation Failure) [PSYoungGen: 417390K->130860K(465920K)] 1294639K->1008374K(1468928K), 0.0155904 secs] [Times: user=0.03 sys=0.00, real=0.01 secs] 
1259.025: [GC (Allocation Failure) [PSYoungGen: 363820K->21586K(465920K)] 1241334K->899416K(1468928K), 0.0042418 secs] [Times: user=0.02 sys=0.00, real=0.01 secs] 
1259.295: [GC (Allocation Failure) [PSYoungGen: 254546K->184301K(465920K)] 1132376K->1063377K(1468928K), 0.0208710 secs] [Times: user=0.03 sys=0.00, real=0.02 secs] 
1259.636: [GC (Allocation Failure) [PSYoungGen: 417261K->183916K(465920K)] 1296337K->1063272K(1468928K), 0.0207375 secs] [Times: user=0.02 sys=0.00, real=0.02 secs] 
1260.731: [GC (Allocation Failure) [PSYoungGen: 416876K->109043K(465920K)] 1296232K->988673K(1468928K), 0.0239170 secs] [Times: user=0.05 sys=0.00, real=0.02 secs] 
1262.051: [GC (Allocation Failure) [PSYoungGen: 342003K->43850K(465920K)] 1221633K->923797K(1468928K), 0.0064597 secs] [Times: user=0.01 sys=0.00, real=0.00 secs] 
1262.324: [GC (Allocation Failure) [PSYoungGen: 276810K->186389K(465920K)] 1156757K->1067591K(1468928K), 0.0208316 secs] [Times: user=0.03 sys=0.00, real=0.02 secs] 
1262.610: [GC (Allocation Failure) [PSYoungGen: 419349K->186004K(465920K)] 1300551K->1067615K(1468928K), 0.0207033 secs] [Times: user=0.03 sys=0.00, real=0.02 secs] 
1263.983: [GC (Allocation Failure) [PSYoungGen: 418964K->66215K(465920K)] 1300575K->947979K(1468928K), 0.0169981 secs] [Times: user=0.04 sys=0.00, real=0.02 secs] 
1264.966: [GC (Allocation Failure) [PSYoungGen: 299175K->69940K(465920K)] 1180939K->952021K(1468928K), 0.0090690 secs] [Times: user=0.02 sys=0.00, real=0.01 secs] 
1265.301: [GC (Allocation Failure) [PSYoungGen: 302900K->186389K(465920K)] 1184981K->1069853K(1468928K), 0.0209288 secs] [Times: user=0.03 sys=0.00, real=0.02 secs] 
1265.585: [GC (Allocation Failure) [PSYoungGen: 419349K->186164K(465920K)] 1302813K->1069780K(1468928K), 0.0209145 secs] [Times: user=0.03 sys=0.00, real=0.02 secs] 
1266.412: [GC (Allocation Failure) [PSYoungGen: 419124K->39965K(465920K)] 1302740K->923982K(1468928K), 0.0111024 secs] [Times: user=0.03 sys=0.00, real=0.01 secs] 
1267.148: [GC (Allocation Failure) [PSYoungGen: 272925K->97605K(465920K)] 1156942K->981815K(1468928K), 0.0119046 secs] [Times: user=0.02 sys=0.00, real=0.01 secs] 
1267.485: [GC (Allocation Failure) [PSYoungGen: 330565K->185747K(465920K)] 1214775K->1071211K(1468928K), 0.0208663 secs] [Times: user=0.03 sys=0.00, real=0.02 secs] 
1267.773: [GC (Allocation Failure) [PSYoungGen: 418707K->184462K(465920K)] 1304171K->1070207K(1468928K), 0.0205800 secs] [Times: user=0.03 sys=0.00, real=0.02 secs] 
1269.798: [GC (Allocation Failure) [PSYoungGen: 417422K->14629K(465920K)] 1303167K->900784K(1468928K), 0.0067809 secs] [Times: user=0.02 sys=0.00, real=0.01 secs] 
1270.818: [GC (Allocation Failure) [PSYoungGen: 247589K->122410K(465920K)] 1133744K->1008757K(1468928K), 0.0142340 secs] [Times: user=0.03 sys=0.00, real=0.01 secs] 
1271.095: [GC (Allocation Failure) [PSYoungGen: 355370K->184687K(465920K)] 1241717K->1072288K(1468928K), 0.0207436 secs] [Times: user=0.03 sys=0.00, real=0.02 secs] 
1271.546: [GC (Allocation Failure) [PSYoungGen: 417647K->177251K(465920K)] 1305248K->1065125K(1468928K), 0.0279566 secs] [Times: user=0.05 sys=0.00, real=0.03 secs] 
1273.289: [GC (Allocation Failure) [PSYoungGen: 410211K->96K(465920K)] 1298085K->889418K(1468928K), 0.0072445 secs] [Times: user=0.04 sys=0.00, real=0.00 secs] 
1273.749: [GC (Allocation Failure) [PSYoungGen: 233056K->148374K(465920K)] 1122378K->1037712K(1468928K), 0.0169953 secs] [Times: user=0.02 sys=0.00, real=0.01 secs] 
1274.032: [GC (Allocation Failure) [PSYoungGen: 381334K->185843K(465920K)] 1270672K->1076435K(1468928K), 0.0210262 secs] [Times: user=0.03 sys=0.00, real=0.02 secs] 
1274.799: [GC (Allocation Failure) [PSYoungGen: 418803K->156212K(465920K)] 1309395K->1047085K(1468928K), 0.0233594 secs] [Times: user=0.04 sys=0.00, real=0.02 secs] 
1277.197: [GC (Allocation Failure) [PSYoungGen: 389172K->64K(465920K)] 1280045K->892378K(1468928K), 0.0054651 secs] [Times: user=0.02 sys=0.01, real=0.01 secs] 
1277.731: [GC (Allocation Failure) [PSYoungGen: 233024K->173404K(465920K)] 1125338K->1065735K(1468928K), 0.0198538 secs] [Times: user=0.03 sys=0.00, real=0.02 secs] 
1278.101: [GC (Allocation Failure) [PSYoungGen: 406364K->186229K(465920K)] 1298695K->1079813K(1468928K), 0.0209426 secs] [Times: user=0.04 sys=0.00, real=0.02 secs] 
1278.883: [GC (Allocation Failure) [PSYoungGen: 419189K->138989K(465920K)] 1312773K->1032982K(1468928K), 0.0241465 secs] [Times: user=0.05 sys=0.00, real=0.02 secs] 
1280.840: [GC (Allocation Failure) [PSYoungGen: 371949K->14357K(465920K)] 1265942K->908536K(1468928K), 0.0051283 secs] [Times: user=0.02 sys=0.00, real=0.00 secs] 
1281.149: [GC (Allocation Failure) [PSYoungGen: 247317K->184558K(465920K)] 1141496K->1079983K(1468928K), 0.0206648 secs] [Times: user=0.03 sys=0.00, real=0.02 secs] 
1281.436: [GC (Allocation Failure) [PSYoungGen: 417518K->186389K(465920K)] 1312943K->1082087K(1468928K), 0.0208766 secs] [Times: user=0.03 sys=0.00, real=0.02 secs] 
1282.817: [GC (Allocation Failure) [PSYoungGen: 419349K->113509K(465920K)] 1315047K->1009488K(1468928K), 0.0207611 secs] [Times: user=0.05 sys=0.00, real=0.02 secs] 
1284.492: [GC (Allocation Failure) [PSYoungGen: 346469K->39162K(465920K)] 1242448K->935448K(1468928K), 0.0093557 secs] [Times: user=0.02 sys=0.00, real=0.01 secs] 
1284.849: [GC (Allocation Failure) [PSYoungGen: 272122K->186357K(465920K)] 1168408K->1083905K(1468928K), 0.0208549 secs] [Times: user=0.03 sys=0.00, real=0.02 secs] 
1285.135: [GC (Allocation Failure) [PSYoungGen: 419317K->185972K(465920K)] 1316865K->1083929K(1468928K), 0.0207297 secs] [Times: user=0.02 sys=0.00, real=0.02 secs] 
1285.993: [GC (Allocation Failure) [PSYoungGen: 418932K->70842K(465920K)] 1316889K->968944K(1468928K), 0.0118042 secs] [Times: user=0.02 sys=0.01, real=0.01 secs] 
1286.869: [GC (Allocation Failure) [PSYoungGen: 303802K->65638K(465920K)] 1201904K->964041K(1468928K), 0.0121498 secs] [Times: user=0.02 sys=0.00, real=0.01 secs] 
1287.205: [GC (Allocation Failure) [PSYoungGen: 298598K->186389K(465920K)] 1197001K->1086047K(1468928K), 0.0208992 secs] [Times: user=0.03 sys=0.00, real=0.02 secs] 
1287.491: [GC (Allocation Failure) [PSYoungGen: 419349K->186100K(465920K)] 1319007K->1086039K(1468928K), 0.0209545 secs] [Times: user=0.03 sys=0.00, real=0.02 secs] 
1288.386: [GC (Allocation Failure) [PSYoungGen: 419060K->44174K(465920K)] 1318999K->944506K(1468928K), 0.0086082 secs] [Times: user=0.02 sys=0.00, real=0.01 secs] 
1289.074: [GC (Allocation Failure) [PSYoungGen: 277134K->93363K(465920K)] 1177466K->993881K(1468928K), 0.0114800 secs] [Times: user=0.02 sys=0.00, real=0.01 secs] 
1289.409: [GC (Allocation Failure) [PSYoungGen: 326323K->185715K(465920K)] 1226841K->1087614K(1468928K), 0.0212052 secs] [Times: user=0.03 sys=0.00, real=0.02 secs] 
1289.697: [GC (Allocation Failure) [PSYoungGen: 418675K->185811K(465920K)] 1320574K->1087863K(1468928K), 0.0207994 secs] [Times: user=0.03 sys=0.00, real=0.03 secs] 
1290.668: [GC (Allocation Failure) [PSYoungGen: 418771K->17505K(465920K)] 1320823K->919822K(1468928K), 0.0053235 secs] [Times: user=0.02 sys=0.00, real=0.00 secs] 
1291.231: [GC (Allocation Failure) [PSYoungGen: 250465K->118621K(465920K)] 1152782K->1021260K(1468928K), 0.0139475 secs] [Times: user=0.02 sys=0.00, real=0.01 secs] 
1291.561: [GC (Allocation Failure) [PSYoungGen: 351581K->184173K(465920K)] 1254220K->1088193K(1468928K), 0.0206544 secs] [Times: user=0.03 sys=0.00, real=0.02 secs] 
1292.000: [GC (Allocation Failure) [PSYoungGen: 417133K->180436K(465920K)] 1321153K->1084730K(1468928K), 0.0247474 secs] [Times: user=0.03 sys=0.00, real=0.02 secs] 
1294.088: [GC (Allocation Failure) [PSYoungGen: 413396K->128K(465920K)] 1317690K->905733K(1468928K), 0.0052429 secs] [Times: user=0.02 sys=0.00, real=0.01 secs] 
1294.867: [GC (Allocation Failure) [PSYoungGen: 233088K->140470K(465920K)] 1138693K->1046108K(1468928K), 0.0163059 secs] [Times: user=0.02 sys=0.00, real=0.02 secs] 
1295.204: [GC (Allocation Failure) [PSYoungGen: 373430K->184430K(465920K)] 1279068K->1091320K(1468928K), 0.0207805 secs] [Times: user=0.03 sys=0.00, real=0.02 secs] 
1295.800: [GC (Allocation Failure) [PSYoungGen: 416866K->161370K(465920K)] 1323757K->1068526K(1468928K), 0.0246852 secs] [Times: user=0.04 sys=0.00, real=0.02 secs] 
1297.644: [GC (Allocation Failure) [PSYoungGen: 394330K->96K(465920K)] 1301486K->908689K(1468928K), 0.0053193 secs] [Times: user=0.03 sys=0.00, real=0.01 secs] 
1298.161: [GC (Allocation Failure) [PSYoungGen: 233056K->161323K(465920K)] 1141649K->1069933K(1468928K), 0.0182772 secs] [Times: user=0.03 sys=0.00, real=0.02 secs] 
1298.443: [GC (Allocation Failure) [PSYoungGen: 394283K->184687K(465920K)] 1302893K->1094542K(1468928K), 0.0206940 secs] [Times: user=0.03 sys=0.00, real=0.02 secs] 
1299.097: [GC (Allocation Failure) [PSYoungGen: 417647K->144420K(465920K)] 1327502K->1054540K(1468928K), 0.0182443 secs] [Times: user=0.03 sys=0.00, real=0.02 secs] 
1301.000: [GC (Allocation Failure) [PSYoungGen: 377380K->128K(465920K)] 1287500K->911693K(1468928K), 0.0051624 secs] [Times: user=0.02 sys=0.00, real=0.00 secs] 
1301.477: [GC (Allocation Failure) [PSYoungGen: 233088K->183718K(465920K)] 1144653K->1095308K(1468928K), 0.0205070 secs] [Times: user=0.03 sys=0.00, real=0.02 secs] 
1301.814: [GC (Allocation Failure) [PSYoungGen: 416678K->184462K(465920K)] 1328268K->1097305K(1468928K), 0.0206549 secs] [Times: user=0.03 sys=0.00, real=0.02 secs] 
1303.080: [GC (Allocation Failure) [PSYoungGen: 417422K->130458K(465920K)] 1330265K->1043575K(1468928K), 0.0276310 secs] [Times: user=0.06 sys=0.00, real=0.02 secs] 
1304.998: [GC (Allocation Failure) [PSYoungGen: 363418K->22357K(465920K)] 1276535K->935784K(1468928K), 0.0053377 secs] [Times: user=0.02 sys=0.00, real=0.01 secs] 
1305.274: [GC (Allocation Failure) [PSYoungGen: 255317K->186518K(465920K)] 1168744K->1101206K(1468928K), 0.0208091 secs] [Times: user=0.02 sys=0.00, real=0.02 secs] 
1305.561: [GC (Allocation Failure) [PSYoungGen: 419478K->186132K(465920K)] 1334166K->1101230K(1468928K), 0.0208797 secs] [Times: user=0.03 sys=0.00, real=0.02 secs] 
1306.234: [GC (Allocation Failure) [PSYoungGen: 419092K->103822K(465920K)] 1334190K->1019184K(1468928K), 0.0126449 secs] [Times: user=0.03 sys=0.00, real=0.01 secs] 
1308.043: [GC (Allocation Failure) [PSYoungGen: 336782K->49344K(465920K)] 1252144K->964894K(1468928K), 0.0091340 secs] [Times: user=0.02 sys=0.00, real=0.01 secs] 
1308.346: [GC (Allocation Failure) [PSYoungGen: 282304K->185875K(465920K)] 1197854K->1102679K(1468928K), 0.0208838 secs] [Times: user=0.03 sys=0.00, real=0.02 secs] 
1308.631: [GC (Allocation Failure) [PSYoungGen: 418835K->185843K(465920K)] 1335639K->1102928K(1468928K), 0.0208837 secs] [Times: user=0.03 sys=0.00, real=0.02 secs] 
1309.864: [GC (Allocation Failure) [PSYoungGen: 418803K->61331K(465920K)] 1335888K->978681K(1468928K), 0.0206269 secs] [Times: user=0.05 sys=0.00, real=0.02 secs] 
1311.194: [GC (Allocation Failure) [PSYoungGen: 294291K->74567K(465920K)] 1211641K->992224K(1468928K), 0.0095356 secs] [Times: user=0.01 sys=0.00, real=0.01 secs] 
1311.469: [GC (Allocation Failure) [PSYoungGen: 307527K->186389K(465920K)] 1225184K->1105429K(1468928K), 0.0208962 secs] [Times: user=0.03 sys=0.00, real=0.02 secs] 
1311.754: [GC (Allocation Failure) [PSYoungGen: 419349K->186100K(465920K)] 1338389K->1105292K(1468928K), 0.0207263 secs] [Times: user=0.03 sys=0.00, real=0.02 secs] 
1313.823: [GC (Allocation Failure) [PSYoungGen: 419060K->35306K(465920K)] 1338252K->954899K(1468928K), 0.0125541 secs] [Times: user=0.03 sys=0.00, real=0.01 secs] 
1315.654: [GC (Allocation Failure) [PSYoungGen: 268266K->101431K(465920K)] 1187859K->1021204K(1468928K), 0.0123145 secs] [Times: user=0.02 sys=0.00, real=0.01 secs] 
1315.931: [GC (Allocation Failure) [PSYoungGen: 334391K->185972K(465920K)] 1254164K->1106998K(1468928K), 0.0209732 secs] [Times: user=0.03 sys=0.00, real=0.02 secs] 
1316.275: [GC (Allocation Failure) [PSYoungGen: 418932K->185972K(465920K)] 1339958K->1107279K(1468928K), 0.0209881 secs] [Times: user=0.03 sys=0.00, real=0.02 secs] 
1318.280: [GC (Allocation Failure) [PSYoungGen: 418932K->9022K(465920K)] 1340239K->930595K(1468928K), 0.0068234 secs] [Times: user=0.03 sys=0.00, real=0.00 secs] 
1319.395: [GC (Allocation Failure) [PSYoungGen: 241982K->127393K(465920K)] 1163555K->1049283K(1468928K), 0.0150821 secs] [Times: user=0.02 sys=0.00, real=0.02 secs] 
1319.680: [GC (Allocation Failure) [PSYoungGen: 360353K->185972K(465920K)] 1282243K->1109244K(1468928K), 0.0211114 secs] [Times: user=0.03 sys=0.00, real=0.02 secs] 
1320.192: [GC (Allocation Failure) [PSYoungGen: 418932K->172969K(465920K)] 1342204K->1096378K(1468928K), 0.0232229 secs] [Times: user=0.04 sys=0.00, real=0.02 secs] 
1321.280: [GC (Allocation Failure) [PSYoungGen: 405929K->96K(465920K)] 1329338K->924958K(1468928K), 0.0032098 secs] [Times: user=0.01 sys=0.00, real=0.00 secs] 
1321.745: [GC (Allocation Failure) [PSYoungGen: 233056K->152584K(465920K)] 1157918K->1077470K(1468928K), 0.0174038 secs] [Times: user=0.02 sys=0.00, real=0.02 secs] 
1322.087: [GC (Allocation Failure) [PSYoungGen: 385544K->186229K(465920K)] 1310430K->1112361K(1468928K), 0.0210301 secs] [Times: user=0.03 sys=0.00, real=0.03 secs] 
1322.577: [GC (Allocation Failure) [PSYoungGen: 419189K->151553K(465920K)] 1345321K->1077958K(1468928K), 0.0208660 secs] [Times: user=0.03 sys=0.00, real=0.03 secs] 
1323.779: [GC (Allocation Failure) [PSYoungGen: 384513K->96K(465920K)] 1310918K->927950K(1468928K), 0.0031001 secs] [Times: user=0.01 sys=0.00, real=0.00 secs] 
1324.257: [GC (Allocation Failure) [PSYoungGen: 233056K->178609K(465920K)] 1160910K->1106488K(1468928K), 0.0198695 secs] [Times: user=0.03 sys=0.00, real=0.02 secs] 
1324.550: [GC (Allocation Failure) [PSYoungGen: 411569K->186261K(465920K)] 1339448K->1115385K(1468928K), 0.0210144 secs] [Times: user=0.04 sys=0.00, real=0.02 secs] 
1325.427: [GC (Allocation Failure) [PSYoungGen: 419221K->133816K(465920K)] 1348345K->1063213K(1468928K), 0.0168468 secs] [Times: user=0.03 sys=0.00, real=0.02 secs] 
1327.550: [GC (Allocation Failure) [PSYoungGen: 366776K->19173K(465920K)] 1296173K->948872K(1468928K), 0.0063467 secs] [Times: user=0.02 sys=0.00, real=0.00 secs] 
1327.859: [GC (Allocation Failure) [PSYoungGen: 252133K->185747K(465920K)] 1181832K->1116700K(1468928K), 0.0208874 secs] [Times: user=0.03 sys=0.00, real=0.02 secs] 
1328.151: [GC (Allocation Failure) [PSYoungGen: 418707K->184430K(465920K)] 1349660K->1115663K(1468928K), 0.0207317 secs] [Times: user=0.03 sys=0.00, real=0.02 secs] 
1329.233: [GC (Allocation Failure) [PSYoungGen: 417390K->109493K(465920K)] 1348623K->1041008K(1468928K), 0.0203834 secs] [Times: user=0.04 sys=0.00, real=0.02 secs] 
1331.032: [GC (Allocation Failure) [PSYoungGen: 342453K->43821K(465920K)] 1273968K->975645K(1468928K), 0.0087144 secs] [Times: user=0.02 sys=0.00, real=0.01 secs] 
1331.332: [GC (Allocation Failure) [PSYoungGen: 276781K->186357K(465920K)] 1208605K->1119436K(1468928K), 0.0210984 secs] [Times: user=0.03 sys=0.00, real=0.02 secs] 
1331.623: [GC (Allocation Failure) [PSYoungGen: 419317K->185940K(465920K)] 1352396K->1119299K(1468928K), 0.0209198 secs] [Times: user=0.03 sys=0.00, real=0.02 secs] 
1332.531: [GC (Allocation Failure) [PSYoungGen: 418900K->66247K(465920K)] 1352259K->999888K(1468928K), 0.0110591 secs] [Times: user=0.03 sys=0.00, real=0.01 secs] 
1333.976: [GC (Allocation Failure) [PSYoungGen: 299207K->70486K(465920K)] 1232848K->1004450K(1468928K), 0.0091686 secs] [Times: user=0.02 sys=0.00, real=0.01 secs] 
1334.307: [GC (Allocation Failure) [PSYoungGen: 303446K->185843K(465920K)] 1237410K->1121069K(1468928K), 0.0207696 secs] [Times: user=0.03 sys=0.00, real=0.02 secs] 
1334.593: [GC (Allocation Failure) [PSYoungGen: 418803K->184398K(465920K)] 1354029K->1119904K(1468928K), 0.0208361 secs] [Times: user=0.03 sys=0.00, real=0.02 secs] 
1335.463: [GC (Allocation Failure) [PSYoungGen: 417358K->41667K(465920K)] 1352864K->977447K(1468928K), 0.0081213 secs] [Times: user=0.02 sys=0.01, real=0.01 secs] 
1336.138: [GC (Allocation Failure) [PSYoungGen: 274627K->95776K(465920K)] 1210407K->1031863K(1468928K), 0.0116917 secs] [Times: user=0.02 sys=0.00, real=0.01 secs] 
1336.415: [GC (Allocation Failure) [PSYoungGen: 328736K->186229K(465920K)] 1264823K->1123570K(1468928K), 0.0208450 secs] [Times: user=0.03 sys=0.00, real=0.02 secs] 
1336.763: [GC (Allocation Failure) [PSYoungGen: 419189K->185972K(465920K)] 1356530K->1123594K(1468928K), 0.0209371 secs] [Times: user=0.03 sys=0.00, real=0.02 secs] 
1339.518: [GC (Allocation Failure) [PSYoungGen: 418932K->14452K(465920K)] 1356554K->952468K(1468928K), 0.0066123 secs] [Times: user=0.03 sys=0.00, real=0.00 secs] 
1340.584: [GC (Allocation Failure) [PSYoungGen: 247412K->121350K(465920K)] 1185428K->1059560K(1468928K), 0.0142737 secs] [Times: user=0.02 sys=0.00, real=0.02 secs] 
1340.862: [GC (Allocation Failure) [PSYoungGen: 354310K->184462K(465920K)] 1292520K->1123926K(1468928K), 0.0208323 secs] [Times: user=0.03 sys=0.00, real=0.02 secs] 
1341.274: [GC (Allocation Failure) [PSYoungGen: 417422K->177480K(465920K)] 1356886K->1117217K(1468928K), 0.0223458 secs] [Times: user=0.03 sys=0.00, real=0.02 secs] 
1343.305: [GC (Allocation Failure) [PSYoungGen: 410440K->96K(465920K)] 1350177K->941276K(1468928K), 0.0034081 secs] [Times: user=0.02 sys=0.00, real=0.01 secs] 
1343.772: [GC (Allocation Failure) [PSYoungGen: 233056K->144326K(465920K)] 1174236K->1085515K(1468928K), 0.0167582 secs] [Times: user=0.03 sys=0.00, real=0.02 secs] 
1344.063: [GC (Allocation Failure) [PSYoungGen: 377286K->186293K(465920K)] 1318475K->1128736K(1468928K), 0.0208374 secs] [Times: user=0.03 sys=0.00, real=0.02 secs] 
1344.805: [GC (Allocation Failure) [PSYoungGen: 419253K->159779K(465920K)] 1361696K->1102527K(1468928K), 0.0213431 secs] [Times: user=0.03 sys=0.00, real=0.02 secs] 
1347.561: [GC (Allocation Failure) [PSYoungGen: 392739K->160K(465920K)] 1335487K->944351K(1468928K), 0.0056943 secs] [Times: user=0.03 sys=0.00, real=0.00 secs] 
1348.153: [GC (Allocation Failure) [PSYoungGen: 233120K->169934K(465920K)] 1177311K->1114150K(1468928K), 0.0191782 secs] [Times: user=0.03 sys=0.00, real=0.02 secs] 
1348.436: [GC (Allocation Failure) [PSYoungGen: 402894K->184719K(465920K)] 1347110K->1130188K(1468928K), 0.0207418 secs] [Times: user=0.03 sys=0.00, real=0.02 secs] 
1350.256: [GC (Allocation Failure) [PSYoungGen: 417679K->143953K(465920K)] 1363148K->1089824K(1468928K), 0.0389441 secs] [Times: user=0.08 sys=0.00, real=0.04 secs] 
1351.597: [GC (Allocation Failure) [PSYoungGen: 376913K->9505K(465920K)] 1322784K->955545K(1468928K), 0.0041929 secs] [Times: user=0.02 sys=0.00, real=0.01 secs] 
1351.885: [GC (Allocation Failure) [PSYoungGen: 242465K->185843K(465920K)] 1188505K->1133129K(1468928K), 0.0208081 secs] [Times: user=0.03 sys=0.00, real=0.02 secs] 
1352.170: [GC (Allocation Failure) [PSYoungGen: 418803K->185811K(465920K)] 1366089K->1133378K(1468928K), 0.0207935 secs] [Times: user=0.03 sys=0.00, real=0.02 secs] 
1353.026: [GC (Allocation Failure) [PSYoungGen: 418771K->117622K(465920K)] 1366338K->1065453K(1468928K), 0.0187125 secs] [Times: user=0.03 sys=0.00, real=0.02 secs] 
1354.086: [GC (Allocation Failure) [PSYoungGen: 350582K->35017K(465920K)] 1298413K->983140K(1468928K), 0.0098889 secs] [Times: user=0.03 sys=0.00, real=0.01 secs] 
1354.458: [GC (Allocation Failure) [PSYoungGen: 267977K->186100K(465920K)] 1216100K->1135606K(1468928K), 0.0211348 secs] [Times: user=0.03 sys=0.00, real=0.02 secs] 
1354.752: [GC (Allocation Failure) [PSYoungGen: 419060K->184655K(465920K)] 1368566K->1134313K(1468928K), 0.0210753 secs] [Times: user=0.03 sys=0.00, real=0.02 secs] 
1356.477: [GC (Allocation Failure) [PSYoungGen: 417615K->76497K(465920K)] 1367273K->1026428K(1468928K), 0.0148119 secs] [Times: user=0.03 sys=0.00, real=0.02 secs] 
1358.036: [GC (Allocation Failure) [PSYoungGen: 309457K->59273K(465920K)] 1259388K->1009501K(1468928K), 0.0098830 secs] [Times: user=0.02 sys=0.00, real=0.01 secs] 
1358.327: [GC (Allocation Failure) [PSYoungGen: 292233K->186357K(465920K)] 1242461K->1137840K(1468928K), 0.0210482 secs] [Times: user=0.03 sys=0.00, real=0.03 secs] 
1358.613: [GC (Allocation Failure) [PSYoungGen: 419317K->185972K(465920K)] 1370800K->1137735K(1468928K), 0.0208372 secs] [Times: user=0.03 sys=0.00, real=0.02 secs] 
1361.003: [GC (Allocation Failure) [PSYoungGen: 418932K->50793K(465920K)] 1370695K->1002829K(1468928K), 0.0159749 secs] [Times: user=0.03 sys=0.00, real=0.02 secs] 
1361.798: [GC (Allocation Failure) [PSYoungGen: 283753K->84948K(465920K)] 1235789K->1037298K(1468928K), 0.0106618 secs] [Times: user=0.02 sys=0.00, real=0.02 secs] 
1362.074: [GC (Allocation Failure) [PSYoungGen: 317908K->186518K(465920K)] 1270258K->1140122K(1468928K), 0.0210041 secs] [Times: user=0.03 sys=0.00, real=0.02 secs] 
1362.414: [GC (Allocation Failure) [PSYoungGen: 419478K->186068K(465920K)] 1373082K->1140082K(1468928K), 0.0210234 secs] [Times: user=0.03 sys=0.00, real=0.02 secs] 
1363.804: [GC (Allocation Failure) [PSYoungGen: 419028K->24815K(465920K)] 1373042K->979093K(1468928K), 0.0059136 secs] [Times: user=0.02 sys=0.00, real=0.01 secs] 
1364.509: [GC (Allocation Failure) [PSYoungGen: 257775K->111842K(465920K)] 1212053K->1066289K(1468928K), 0.0133222 secs] [Times: user=0.02 sys=0.00, real=0.01 secs] 
1364.843: [GC (Allocation Failure) [PSYoungGen: 344802K->185972K(465920K)] 1299249K->1141673K(1468928K), 0.0213590 secs] [Times: user=0.03 sys=0.00, real=0.02 secs] 
1365.131: [GC (Allocation Failure) [PSYoungGen: 418932K->183144K(465920K)] 1374633K->1139126K(1468928K), 0.0207769 secs] [Times: user=0.03 sys=0.00, real=0.02 secs] 
1366.116: [GC (Allocation Failure) [PSYoungGen: 416104K->1376K(465920K)] 1372086K->957502K(1468928K), 0.0032253 secs] [Times: user=0.02 sys=0.00, real=0.01 secs] 
1366.696: [GC (Allocation Failure) [PSYoungGen: 234336K->134976K(465920K)] 1190462K->1091290K(1468928K), 0.0157039 secs] [Times: user=0.03 sys=0.00, real=0.02 secs] 
1366.974: [GC (Allocation Failure) [PSYoungGen: 367936K->184301K(465920K)] 1324250K->1141869K(1468928K), 0.0206890 secs] [Times: user=0.03 sys=0.00, real=0.02 secs] 
1367.876: [GC (Allocation Failure) [PSYoungGen: 417261K->166993K(465920K)] 1374829K->1124962K(1468928K), 0.0317253 secs] [Times: user=0.05 sys=0.01, real=0.03 secs] 
1370.011: [GC (Allocation Failure) [PSYoungGen: 399953K->96K(465920K)] 1357922K->959382K(1468928K), 0.0044288 secs] [Times: user=0.02 sys=0.00, real=0.00 secs] 
1370.569: [GC (Allocation Failure) [PSYoungGen: 233056K->159010K(465920K)] 1192342K->1118312K(1468928K), 0.0181690 secs] [Times: user=0.03 sys=0.00, real=0.01 secs] 
1370.911: [GC (Allocation Failure) [PSYoungGen: 391970K->186100K(465920K)] 1351272K->1146649K(1468928K), 0.0208775 secs] [Times: user=0.03 sys=0.00, real=0.02 secs] 
1371.469: [GC (Allocation Failure) [PSYoungGen: 419060K->145320K(465920K)] 1379609K->1106133K(1468928K), 0.0259973 secs] [Times: user=0.04 sys=0.00, real=0.02 secs] 
1372.993: [GC (Allocation Failure) [PSYoungGen: 378280K->96K(465920K)] 1339093K->961198K(1468928K), 0.0055228 secs] [Times: user=0.02 sys=0.00, real=0.01 secs] 
1373.335: [GC (Allocation Failure) [PSYoungGen: 233056K->183975K(465920K)] 1194158K->1145110K(1468928K), 0.0205575 secs] [Times: user=0.03 sys=0.00, real=0.02 secs] 
1373.619: [GC (Allocation Failure) [PSYoungGen: 416935K->184590K(465920K)] 1378070K->1146971K(1468928K), 0.0207367 secs] [Times: user=0.03 sys=0.00, real=0.02 secs] 
1374.638: [GC (Allocation Failure) [PSYoungGen: 417550K->130089K(465920K)] 1379931K->1092863K(1468928K), 0.0303307 secs] [Times: user=0.06 sys=0.00, real=0.03 secs] 
1377.476: [GC (Allocation Failure) [PSYoungGen: 363049K->23611K(465920K)] 1325823K->986566K(1468928K), 0.0079810 secs] [Times: user=0.02 sys=0.00, real=0.01 secs] 
1377.820: [GC (Allocation Failure) [PSYoungGen: 256571K->184687K(465920K)] 1219526K->1148896K(1468928K), 0.0209700 secs] [Times: user=0.03 sys=0.00, real=0.02 secs] 
1378.111: [GC (Allocation Failure) [PSYoungGen: 417647K->186550K(465920K)] 1381856K->1151168K(1468928K), 0.0210001 secs] [Times: user=0.03 sys=0.00, real=0.02 secs] 
1378.897: [GC (Allocation Failure) [PSYoungGen: 419510K->103966K(465920K)] 1384128K->1068858K(1468928K), 0.0147975 secs] [Times: user=0.03 sys=0.00, real=0.02 secs] 
1379.752: [GC (Allocation Failure) [PSYoungGen: 336926K->49604K(465920K)] 1301818K->1014683K(1468928K), 0.0077425 secs] [Times: user=0.01 sys=0.00, real=0.01 secs] 
1380.025: [GC (Allocation Failure) [PSYoungGen: 282564K->186100K(465920K)] 1247643K->1152433K(1468928K), 0.0209411 secs] [Times: user=0.03 sys=0.00, real=0.02 secs] 
1380.311: [GC (Allocation Failure) [PSYoungGen: 419060K->185843K(465920K)] 1385393K->1152457K(1468928K), 0.0208604 secs] [Times: user=0.03 sys=0.00, real=0.02 secs] 
1381.754: [GC (Allocation Failure) [PSYoungGen: 418803K->60817K(465920K)] 1385417K->1027832K(1468928K), 0.0177898 secs] [Times: user=0.04 sys=0.00, real=0.02 secs] 
1383.013: [GC (Allocation Failure) [PSYoungGen: 293777K->75952K(465920K)] 1260792K->1043146K(1468928K), 0.0097908 secs] [Times: user=0.02 sys=0.00, real=0.01 secs] 
1383.345: [GC (Allocation Failure) [PSYoungGen: 308912K->185843K(465920K)] 1276106K->1154291K(1468928K), 0.0209510 secs] [Times: user=0.03 sys=0.00, real=0.02 secs] 
1383.629: [GC (Allocation Failure) [PSYoungGen: 418803K->184430K(465920K)] 1387251K->1153158K(1468928K), 0.0207617 secs] [Times: user=0.03 sys=0.00, real=0.02 secs] 
1384.462: [GC (Allocation Failure) [PSYoungGen: 417390K->36109K(465920K)] 1386118K->1005103K(1468928K), 0.0077661 secs] [Times: user=0.03 sys=0.00, real=0.01 secs] 
1385.082: [GC (Allocation Failure) [PSYoungGen: 269069K->100175K(465920K)] 1238063K->1069485K(1468928K), 0.0121197 secs] [Times: user=0.02 sys=0.00, real=0.01 secs] 
1385.356: [GC (Allocation Failure) [PSYoungGen: 333135K->184044K(465920K)] 1302445K->1154607K(1468928K), 0.0206306 secs] [Times: user=0.03 sys=0.00, real=0.02 secs] 
1385.638: [GC (Allocation Failure) [PSYoungGen: 417004K->184108K(465920K)] 1387567K->1154952K(1468928K), 0.0207814 secs] [Times: user=0.03 sys=0.00, real=0.02 secs] 
1386.985: [GC (Allocation Failure) [PSYoungGen: 417068K->14163K(465920K)] 1387912K->985401K(1468928K), 0.0067927 secs] [Times: user=0.03 sys=0.00, real=0.01 secs] 
1387.929: [GC (Allocation Failure) [PSYoungGen: 247123K->121738K(465920K)] 1218361K->1093171K(1468928K), 0.0144397 secs] [Times: user=0.03 sys=0.00, real=0.01 secs] 
1388.207: [GC (Allocation Failure) [PSYoungGen: 354698K->184944K(465920K)] 1326131K->1157630K(1468928K), 0.0207680 secs] [Times: user=0.03 sys=0.00, real=0.03 secs] 
1388.622: [GC (Allocation Failure) [PSYoungGen: 417904K->177572K(465920K)] 1390590K->1150532K(1468928K), 0.0230241 secs] [Times: user=0.03 sys=0.00, real=0.02 secs] 
1390.884: [GC (Allocation Failure) [PSYoungGen: 410532K->96K(465920K)] 1383492K->974499K(1468928K), 0.0063667 secs] [Times: user=0.03 sys=0.00, real=0.01 secs] 
1391.659: [GC (Allocation Failure) [PSYoungGen: 233056K->143973K(465920K)] 1207459K->1118392K(1468928K), 0.0167427 secs] [Times: user=0.03 sys=0.00, real=0.01 secs] 
1391.939: [GC (Allocation Failure) [PSYoungGen: 376933K->184301K(465920K)] 1351352K->1159974K(1468928K), 0.0209120 secs] [Times: user=0.03 sys=0.00, real=0.02 secs] 
1392.370: [GC (Allocation Failure) [PSYoungGen: 417261K->162156K(465920K)] 1392934K->1138102K(1468928K), 0.0243670 secs] [Times: user=0.03 sys=0.00, real=0.02 secs] 
1394.120: [GC (Allocation Failure) [PSYoungGen: 395116K->96K(465920K)] 1371062K->977485K(1468928K), 0.0055257 secs] [Times: user=0.03 sys=0.00, real=0.00 secs] 
1394.717: [GC (Allocation Failure) [PSYoungGen: 233056K->166207K(465920K)] 1210445K->1143629K(1468928K), 0.0191733 secs] [Times: user=0.03 sys=0.00, real=0.02 secs] 
1395.007: [GC (Allocation Failure) [PSYoungGen: 399167K->183916K(465920K)] 1376589K->1162591K(1468928K), 0.0208669 secs] [Times: user=0.03 sys=0.00, real=0.02 secs] 
1396.006: [GC (Allocation Failure) [PSYoungGen: 415138K->140243K(465920K)] 1393813K->1119192K(1468928K), 0.0339032 secs] [Times: user=0.06 sys=0.00, real=0.04 secs] 
1397.969: [GC (Allocation Failure) [PSYoungGen: 373203K->1473K(465920K)] 1352152K->980737K(1468928K), 0.0069644 secs] [Times: user=0.04 sys=0.00, real=0.00 secs] 
1398.342: [GC (Allocation Failure) [PSYoungGen: 234433K->184944K(465920K)] 1213697K->1165461K(1468928K), 0.0207400 secs] [Times: user=0.03 sys=0.00, real=0.02 secs] 
1398.682: [GC (Allocation Failure) [PSYoungGen: 417904K->184301K(465920K)] 1398421K->1165100K(1468928K), 0.0208982 secs] [Times: user=0.03 sys=0.00, real=0.02 secs] 
1399.771: [GC (Allocation Failure) [PSYoungGen: 417261K->128032K(465920K)] 1398060K->1109224K(1468928K), 0.0183829 secs] [Times: user=0.03 sys=0.00, real=0.02 secs] 
1402.011: [GC (Allocation Failure) [PSYoungGen: 360992K->24282K(465920K)] 1342184K->1005646K(1468928K), 0.0079202 secs] [Times: user=0.02 sys=0.00, real=0.01 secs] 
1402.349: [GC (Allocation Failure) [PSYoungGen: 257242K->186357K(465920K)] 1238606K->1168967K(1468928K), 0.0209632 secs] [Times: user=0.03 sys=0.00, real=0.02 secs] 
1402.693: [GC (Allocation Failure) [PSYoungGen: 419317K->184783K(465920K)] 1401927K->1167673K(1468928K), 0.0207716 secs] [Times: user=0.03 sys=0.00, real=0.02 secs] 
1404.920: [GC (Allocation Failure) [PSYoungGen: 417743K->103324K(465920K)] 1400633K->1086487K(1468928K), 0.0190713 secs] [Times: user=0.04 sys=0.00, real=0.02 secs] 
1406.678: [GC (Allocation Failure) [PSYoungGen: 336284K->48673K(465920K)] 1319447K->1032141K(1468928K), 0.0099110 secs] [Times: user=0.03 sys=0.00, real=0.00 secs] 
1407.002: [GC (Allocation Failure) [PSYoungGen: 281633K->186357K(465920K)] 1265101K->1171080K(1468928K), 0.0209619 secs] [Times: user=0.03 sys=0.00, real=0.02 secs] 
1407.348: [GC (Allocation Failure) [PSYoungGen: 419317K->185940K(465920K)] 1404040K->1170943K(1468928K), 0.0208726 secs] [Times: user=0.03 sys=0.00, real=0.02 secs] 
1408.812: [GC (Allocation Failure) [PSYoungGen: 418900K->61299K(465920K)] 1403903K->1046576K(1468928K), 0.0108021 secs] [Times: user=0.02 sys=0.00, real=0.01 secs] 
1409.714: [GC (Allocation Failure) [PSYoungGen: 294259K->74763K(465920K)] 1279536K->1060341K(1468928K), 0.0139401 secs] [Times: user=0.03 sys=0.00, real=0.02 secs] 
1410.101: [GC (Allocation Failure) [PSYoungGen: 307723K->183916K(465920K)] 1293301K->1170739K(1468928K), 0.0215281 secs] [Times: user=0.03 sys=0.00, real=0.02 secs] 
1410.388: [GC (Allocation Failure) [PSYoungGen: 416876K->184462K(465920K)] 1403699K->1171567K(1468928K), 0.0209062 secs] [Times: user=0.03 sys=0.00, real=0.02 secs] 
1412.567: [GC (Allocation Failure) [PSYoungGen: 417422K->39193K(465920K)] 1404527K->1026571K(1468928K), 0.0086284 secs] [Times: user=0.02 sys=0.00, real=0.01 secs] 
1413.660: [GC (Allocation Failure) [PSYoungGen: 272153K->96676K(465920K)] 1259531K->1084370K(1468928K), 0.0118269 secs] [Times: user=0.02 sys=0.00, real=0.01 secs] 
1413.934: [GC (Allocation Failure) [PSYoungGen: 329636K->184237K(465920K)] 1317330K->1173184K(1468928K), 0.0206525 secs] [Times: user=0.03 sys=0.00, real=0.02 secs] 
1414.218: [GC (Allocation Failure) [PSYoungGen: 417197K->184430K(465920K)] 1406144K->1173802K(1468928K), 0.0207653 secs] [Times: user=0.03 sys=0.00, real=0.02 secs] 
1416.392: [GC (Allocation Failure) [PSYoungGen: 417390K->17087K(465920K)] 1406762K->1006605K(1468928K), 0.0062868 secs] [Times: user=0.02 sys=0.00, real=0.01 secs] 
1417.660: [GC (Allocation Failure) [PSYoungGen: 250047K->118782K(465920K)] 1239565K->1108621K(1468928K), 0.0139776 secs] [Times: user=0.02 sys=0.00, real=0.01 secs] 
1417.937: [GC (Allocation Failure) [PSYoungGen: 351742K->184462K(465920K)] 1341581K->1175554K(1468928K), 0.0207175 secs] [Times: user=0.03 sys=0.00, real=0.03 secs] 
1418.275: [GC (Allocation Failure) [PSYoungGen: 417422K->179506K(465920K)] 1408514K->1170872K(1468928K), 0.0221548 secs] [Times: user=0.04 sys=0.00, real=0.02 secs] 
1420.596: [GC (Allocation Failure) [PSYoungGen: 412466K->128K(465920K)] 1403832K->992938K(1468928K), 0.0051756 secs] [Times: user=0.03 sys=0.00, real=0.01 secs] 
1421.833: [GC (Allocation Failure) [PSYoungGen: 233088K->140371K(465920K)] 1225898K->1133205K(1468928K), 0.0163449 secs] [Times: user=0.03 sys=0.00, real=0.02 secs] 
1422.166: [GC (Allocation Failure) [PSYoungGen: 373331K->184301K(465920K)] 1366165K->1178381K(1468928K), 0.0209813 secs] [Times: user=0.03 sys=0.00, real=0.02 secs] 
1422.782: [GC (Allocation Failure) [PSYoungGen: 416509K->161643K(465920K)] 1410589K->1155996K(1468928K), 0.0270877 secs] [Times: user=0.05 sys=0.00, real=0.03 secs] 
1425.100: [GC (Allocation Failure) [PSYoungGen: 394603K->128K(465920K)] 1388956K->995921K(1468928K), 0.0050125 secs] [Times: user=0.02 sys=0.00, real=0.00 secs] 
1426.051: [GC (Allocation Failure) [PSYoungGen: 233088K->161066K(465920K)] 1228881K->1156891K(1468928K), 0.0183532 secs] [Times: user=0.03 sys=0.00, real=0.02 secs] 
1426.333: [GC (Allocation Failure) [PSYoungGen: 394026K->184558K(465920K)] 1389851K->1181765K(1468928K), 0.0207028 secs] [Times: user=0.04 sys=0.00, real=0.02 secs] 
1427.161: [GC (Allocation Failure) [PSYoungGen: 417518K->144774K(465920K)] 1414725K->1142126K(1468928K), 0.0215921 secs] [Times: user=0.03 sys=0.00, real=0.02 secs] 
1429.298: [GC (Allocation Failure) [PSYoungGen: 377734K->96K(465920K)] 1375086K->998885K(1468928K), 0.0047538 secs] [Times: user=0.02 sys=0.00, real=0.00 secs] 
1429.699: [GC (Allocation Failure) [PSYoungGen: 233056K->183333K(465920K)] 1231845K->1182138K(1468928K), 0.0205695 secs] [Times: user=0.03 sys=0.00, real=0.02 secs] 
1430.044: [GC (Allocation Failure) [PSYoungGen: 416293K->184076K(465920K)] 1415098K->1184135K(1468928K), 0.0209617 secs] [Times: user=0.03 sys=0.00, real=0.02 secs] 
1432.694: [GC (Allocation Failure) [PSYoungGen: 417036K->131245K(465920K)] 1417095K->1131569K(1468928K), 0.0405619 secs] [Times: user=0.08 sys=0.00, real=0.04 secs] 
1434.847: [GC (Allocation Failure) [PSYoungGen: 364205K->20815K(465920K)] 1364529K->1021447K(1468928K), 0.0075051 secs] [Times: user=0.03 sys=0.00, real=0.01 secs] 
1435.187: [GC (Allocation Failure) [PSYoungGen: 253775K->186229K(465920K)] 1254407K->1188243K(1468928K), 0.0210544 secs] [Times: user=0.03 sys=0.00, real=0.03 secs] 
1435.209: [Full GC (Ergonomics) [PSYoungGen: 186229K->0K(465920K)] [ParOldGen: 1002014K->515120K(962560K)] 1188243K->515120K(1428480K), [Metaspace: 55849K->55849K(1101824K)], 0.0529060 secs] [Times: user=0.22 sys=0.00, real=0.05 secs] 
1435.527: [GC (Allocation Failure) [PSYoungGen: 232960K->186004K(465920K)] 748080K->701125K(1428480K), 0.0203946 secs] [Times: user=0.03 sys=0.00, real=0.02 secs] 
1437.560: [GC (Allocation Failure) [PSYoungGen: 418964K->105798K(465920K)] 934085K->621215K(1428480K), 0.0185306 secs] [Times: user=0.04 sys=0.00, real=0.02 secs] 
1438.768: [GC (Allocation Failure) [PSYoungGen: 338758K->33410K(465920K)] 854175K->549144K(1428480K), 0.0049208 secs] [Times: user=0.01 sys=0.00, real=0.01 secs] 
1439.038: [GC (Allocation Failure) [PSYoungGen: 266370K->186261K(465920K)] 782104K->703248K(1428480K), 0.0204392 secs] [Times: user=0.03 sys=0.00, real=0.03 secs] 
1439.385: [GC (Allocation Failure) [PSYoungGen: 419221K->185972K(465920K)] 936208K->703368K(1428480K), 0.0203348 secs] [Times: user=0.02 sys=0.00, real=0.02 secs] 
1441.795: [GC (Allocation Failure) [PSYoungGen: 408084K->93202K(465920K)] 925481K->610735K(1428480K), 0.0148474 secs] [Times: user=0.03 sys=0.00, real=0.02 secs] 
1444.145: [GC (Allocation Failure) [PSYoungGen: 326162K->37555K(465920K)] 843695K->555400K(1428480K), 0.0073284 secs] [Times: user=0.02 sys=0.00, real=0.01 secs] 
1444.461: [GC (Allocation Failure) [PSYoungGen: 270515K->184044K(465920K)] 788360K->703143K(1428480K), 0.0202244 secs] [Times: user=0.02 sys=0.00, real=0.02 secs] 
1444.744: [GC (Allocation Failure) [PSYoungGen: 417004K->184012K(465920K)] 936103K->703392K(1428480K), 0.0201113 secs] [Times: user=0.03 sys=0.00, real=0.02 secs] 
1446.454: [GC (Allocation Failure) [PSYoungGen: 409187K->93138K(465920K)] 928567K->612783K(1428480K), 0.0128877 secs] [Times: user=0.02 sys=0.01, real=0.01 secs] 
1449.079: [GC (Allocation Failure) [PSYoungGen: 326098K->37234K(465920K)] 845743K->557056K(1428480K), 0.0070536 secs] [Times: user=0.01 sys=0.00, real=0.00 secs] 
1449.381: [GC (Allocation Failure) [PSYoungGen: 270194K->184558K(465920K)] 790016K->705634K(1428480K), 0.0201265 secs] [Times: user=0.03 sys=0.00, real=0.02 secs] 
1449.667: [GC (Allocation Failure) [PSYoungGen: 417518K->184301K(465920K)] 938594K->705658K(1428480K), 0.0200256 secs] [Times: user=0.03 sys=0.00, real=0.02 secs] 
1451.144: [GC (Allocation Failure) [PSYoungGen: 409301K->92656K(465920K)] 930658K->614286K(1428480K), 0.0127202 secs] [Times: user=0.03 sys=0.00, real=0.01 secs] 
1452.692: [GC (Allocation Failure) [PSYoungGen: 325616K->37395K(465920K)] 847246K->559326K(1428480K), 0.0063667 secs] [Times: user=0.02 sys=0.00, real=0.01 secs] 
1452.970: [GC (Allocation Failure) [PSYoungGen: 270355K->184430K(465920K)] 792286K->707615K(1428480K), 0.0202439 secs] [Times: user=0.03 sys=0.00, real=0.02 secs] 
1453.308: [GC (Allocation Failure) [PSYoungGen: 417390K->184301K(465920K)] 940575K->707767K(1428480K), 0.0203505 secs] [Times: user=0.03 sys=0.00, real=0.03 secs] 
1455.207: [GC (Allocation Failure) [PSYoungGen: 409367K->92672K(465920K)] 932833K->616548K(1428480K), 0.0240006 secs] [Times: user=0.05 sys=0.00, real=0.03 secs] 
1457.554: [GC (Allocation Failure) [PSYoungGen: 325632K->37780K(465920K)] 849508K->561835K(1428480K), 0.0066425 secs] [Times: user=0.02 sys=0.00, real=0.01 secs] 
1457.912: [GC (Allocation Failure) [PSYoungGen: 270740K->184044K(465920K)] 794795K->709353K(1428480K), 0.0201933 secs] [Times: user=0.02 sys=0.00, real=0.02 secs] 
1458.195: [GC (Allocation Failure) [PSYoungGen: 417004K->184590K(465920K)] 942313K->710172K(1428480K), 0.0202637 secs] [Times: user=0.02 sys=0.00, real=0.02 secs] 
1460.225: [GC (Allocation Failure) [PSYoungGen: 409652K->92383K(465920K)] 935233K->618366K(1428480K), 0.0188347 secs] [Times: user=0.04 sys=0.01, real=0.02 secs] 
1461.886: [GC (Allocation Failure) [PSYoungGen: 325343K->37780K(465920K)] 851326K->563934K(1428480K), 0.0065458 secs] [Times: user=0.01 sys=0.00, real=0.01 secs] 
1462.170: [GC (Allocation Failure) [PSYoungGen: 270740K->184687K(465920K)] 796894K->712095K(1428480K), 0.0202831 secs] [Times: user=0.03 sys=0.00, real=0.02 secs] 
1462.454: [GC (Allocation Failure) [PSYoungGen: 417647K->184655K(465920K)] 945055K->712344K(1428480K), 0.0201971 secs] [Times: user=0.03 sys=0.00, real=0.02 secs] 
1463.379: [GC (Allocation Failure) [PSYoungGen: 407229K->91580K(465920K)] 934918K->619534K(1428480K), 0.0140877 secs] [Times: user=0.02 sys=0.00, real=0.01 secs] 
1464.193: [GC (Allocation Failure) [PSYoungGen: 324540K->38195K(465920K)] 852494K->566463K(1428480K), 0.0053629 secs] [Times: user=0.01 sys=0.01, real=0.01 secs] 
1464.462: [GC (Allocation Failure) [PSYoungGen: 271155K->184044K(465920K)] 799423K->713573K(1428480K), 0.0202387 secs] [Times: user=0.03 sys=0.00, real=0.02 secs] 
1464.752: [GC (Allocation Failure) [PSYoungGen: 417004K->184526K(465920K)] 946533K->714336K(1428480K), 0.0202181 secs] [Times: user=0.02 sys=0.00, real=0.02 secs] 
1466.789: [GC (Allocation Failure) [PSYoungGen: 410093K->92014K(465920K)] 939903K->622097K(1428480K), 0.0266273 secs] [Times: user=0.05 sys=0.00, real=0.02 secs] 
1468.625: [GC (Allocation Failure) [PSYoungGen: 324974K->37909K(465920K)] 855057K->568292K(1428480K), 0.0067182 secs] [Times: user=0.01 sys=0.00, real=0.01 secs] 
1468.917: [GC (Allocation Failure) [PSYoungGen: 270869K->184687K(465920K)] 801252K->716444K(1428480K), 0.0202365 secs] [Times: user=0.03 sys=0.00, real=0.02 secs] 
1469.206: [GC (Allocation Failure) [PSYoungGen: 417647K->184655K(465920K)] 949404K->716564K(1428480K), 0.0201032 secs] [Times: user=0.03 sys=0.00, real=0.02 secs] 
1470.443: [GC (Allocation Failure) [PSYoungGen: 407214K->91484K(465920K)] 939124K->623666K(1428480K), 0.0157637 secs] [Times: user=0.03 sys=0.00, real=0.02 secs] 
1471.584: [GC (Allocation Failure) [PSYoungGen: 324444K->38037K(465920K)] 856626K->570522K(1428480K), 0.0063665 secs] [Times: user=0.02 sys=0.00, real=0.01 secs] 
1471.862: [GC (Allocation Failure) [PSYoungGen: 270997K->184687K(465920K)] 803482K->718425K(1428480K), 0.0202754 secs] [Times: user=0.02 sys=0.00, real=0.02 secs] 
1472.145: [GC (Allocation Failure) [PSYoungGen: 417647K->184687K(465920K)] 951385K->718706K(1428480K), 0.0202684 secs] [Times: user=0.03 sys=0.00, real=0.02 secs] 
1473.106: [GC (Allocation Failure) [PSYoungGen: 407237K->91387K(465920K)] 941256K->625671K(1428480K), 0.0123338 secs] [Times: user=0.02 sys=0.00, real=0.02 secs] 
1474.194: [GC (Allocation Failure) [PSYoungGen: 324347K->37812K(465920K)] 858631K->572412K(1428480K), 0.0062274 secs] [Times: user=0.02 sys=0.00, real=0.01 secs] 
1474.469: [GC (Allocation Failure) [PSYoungGen: 270772K->184687K(465920K)] 805372K->720532K(1428480K), 0.0202822 secs] [Times: user=0.03 sys=0.00, real=0.02 secs] 
1474.753: [GC (Allocation Failure) [PSYoungGen: 417647K->184687K(465920K)] 953492K->720813K(1428480K), 0.0202174 secs] [Times: user=0.02 sys=0.00, real=0.02 secs] 
1476.724: [GC (Allocation Failure) [PSYoungGen: 407242K->91580K(465920K)] 943369K->627980K(1428480K), 0.0182553 secs] [Times: user=0.04 sys=0.01, real=0.02 secs] 
1478.683: [GC (Allocation Failure) [PSYoungGen: 324540K->37909K(465920K)] 860940K->574618K(1428480K), 0.0073516 secs] [Times: user=0.01 sys=0.00, real=0.01 secs] 
1479.001: [GC (Allocation Failure) [PSYoungGen: 270869K->184687K(465920K)] 807578K->722778K(1428480K), 0.0201810 secs] [Times: user=0.03 sys=0.00, real=0.02 secs] 
1479.285: [GC (Allocation Failure) [PSYoungGen: 417647K->184655K(465920K)] 955738K->722899K(1428480K), 0.0202703 secs] [Times: user=0.02 sys=0.00, real=0.02 secs] 
1480.835: [GC (Allocation Failure) [PSYoungGen: 407208K->91499K(465920K)] 945452K->630016K(1428480K), 0.0199055 secs] [Times: user=0.03 sys=0.00, real=0.02 secs] 
1483.685: [GC (Allocation Failure) [PSYoungGen: 324459K->38037K(465920K)] 862976K->576870K(1428480K), 0.0073406 secs] [Times: user=0.02 sys=0.00, real=0.01 secs] 
1484.064: [GC (Allocation Failure) [PSYoungGen: 270997K->183948K(465920K)] 809830K->724026K(1428480K), 0.0201236 secs] [Times: user=0.03 sys=0.00, real=0.02 secs] 
1484.348: [GC (Allocation Failure) [PSYoungGen: 416908K->184430K(465920K)] 956986K->724805K(1428480K), 0.0203194 secs] [Times: user=0.03 sys=0.00, real=0.02 secs] 
1485.019: [GC (Allocation Failure) [PSYoungGen: 409636K->92383K(465920K)] 950011K->633032K(1428480K), 0.0121384 secs] [Times: user=0.03 sys=0.00, real=0.01 secs] 
1486.284: [GC (Allocation Failure) [PSYoungGen: 325343K->37780K(465920K)] 865992K->578728K(1428480K), 0.0074845 secs] [Times: user=0.02 sys=0.00, real=0.01 secs] 
1486.592: [GC (Allocation Failure) [PSYoungGen: 270740K->184687K(465920K)] 811688K->726888K(1428480K), 0.0203358 secs] [Times: user=0.03 sys=0.00, real=0.02 secs] 
1486.877: [GC (Allocation Failure) [PSYoungGen: 417647K->184398K(465920K)] 959848K->726880K(1428480K), 0.0201911 secs] [Times: user=0.02 sys=0.00, real=0.02 secs] 
1487.492: [GC (Allocation Failure) [PSYoungGen: 407119K->91869K(465920K)] 949601K->634617K(1428480K), 0.0117991 secs] [Times: user=0.02 sys=0.00, real=0.01 secs] 
1488.289: [GC (Allocation Failure) [PSYoungGen: 324829K->38066K(465920K)] 867577K->581114K(1428480K), 0.0053683 secs] [Times: user=0.01 sys=0.00, real=0.00 secs] 
1488.558: [GC (Allocation Failure) [PSYoungGen: 271026K->184719K(465920K)] 814074K->729004K(1428480K), 0.0202074 secs] [Times: user=0.03 sys=0.00, real=0.02 secs] 
1488.894: [GC (Allocation Failure) [PSYoungGen: 417679K->184430K(465920K)] 961964K->728996K(1428480K), 0.0202108 secs] [Times: user=0.02 sys=0.00, real=0.02 secs] 
1489.566: [GC (Allocation Failure) [PSYoungGen: 406909K->91596K(465920K)] 951475K->636427K(1428480K), 0.0117705 secs] [Times: user=0.02 sys=0.00, real=0.01 secs] 
1490.445: [GC (Allocation Failure) [PSYoungGen: 324556K->38037K(465920K)] 869387K->583176K(1428480K), 0.0066158 secs] [Times: user=0.02 sys=0.00, real=0.01 secs] 
1490.723: [GC (Allocation Failure) [PSYoungGen: 270997K->184719K(465920K)] 816136K->731111K(1428480K), 0.0204023 secs] [Times: user=0.03 sys=0.00, real=0.02 secs] 
1491.007: [GC (Allocation Failure) [PSYoungGen: 417679K->184687K(465920K)] 964071K->731360K(1428480K), 0.0201710 secs] [Times: user=0.02 sys=0.00, real=0.02 secs] 
1492.042: [GC (Allocation Failure) [PSYoungGen: 407223K->91307K(465920K)] 953897K->638246K(1428480K), 0.0245862 secs] [Times: user=0.05 sys=0.00, real=0.02 secs] 
1493.660: [GC (Allocation Failure) [PSYoungGen: 324267K->37909K(465920K)] 871206K->585163K(1428480K), 0.0068774 secs] [Times: user=0.02 sys=0.00, real=0.00 secs] 
1493.952: [GC (Allocation Failure) [PSYoungGen: 270869K->183948K(465920K)] 818123K->732455K(1428480K), 0.0201528 secs] [Times: user=0.02 sys=0.00, real=0.02 secs] 
1494.293: [GC (Allocation Failure) [PSYoungGen: 416908K->184430K(465920K)] 965415K->733355K(1428480K), 0.0201946 secs] [Times: user=0.03 sys=0.00, real=0.02 secs] 
1494.906: [GC (Allocation Failure) [PSYoungGen: 409642K->92464K(465920K)] 958568K->641526K(1428480K), 0.0131099 secs] [Times: user=0.03 sys=0.00, real=0.02 secs] 
1495.715: [GC (Allocation Failure) [PSYoungGen: 325424K->38037K(465920K)] 874486K->587401K(1428480K), 0.0054075 secs] [Times: user=0.01 sys=0.00, real=0.01 secs] 
1495.984: [GC (Allocation Failure) [PSYoungGen: 270997K->184719K(465920K)] 820361K->735336K(1428480K), 0.0204247 secs] [Times: user=0.03 sys=0.00, real=0.02 secs] 
1496.328: [GC (Allocation Failure) [PSYoungGen: 417679K->184655K(465920K)] 968296K->735553K(1428480K), 0.0202932 secs] [Times: user=0.03 sys=0.00, real=0.02 secs] 
1497.969: [GC (Allocation Failure) [PSYoungGen: 407214K->91323K(465920K)] 958113K->642495K(1428480K), 0.0155644 secs] [Times: user=0.03 sys=0.00, real=0.01 secs] 
1499.828: [GC (Allocation Failure) [PSYoungGen: 324283K->37809K(465920K)] 875455K->589291K(1428480K), 0.0077268 secs] [Times: user=0.02 sys=0.00, real=0.01 secs] 
1500.137: [GC (Allocation Failure) [PSYoungGen: 270769K->184687K(465920K)] 822251K->737542K(1428480K), 0.0203040 secs] [Times: user=0.03 sys=0.00, real=0.02 secs] 
1500.426: [GC (Allocation Failure) [PSYoungGen: 417647K->184719K(465920K)] 970502K->737727K(1428480K), 0.0202879 secs] [Times: user=0.02 sys=0.00, real=0.02 secs] 
1501.197: [GC (Allocation Failure) [PSYoungGen: 407283K->91628K(465920K)] 960291K->644909K(1428480K), 0.0121830 secs] [Times: user=0.03 sys=0.00, real=0.02 secs] 
1502.034: [GC (Allocation Failure) [PSYoungGen: 324588K->38066K(465920K)] 877869K->591653K(1428480K), 0.0055214 secs] [Times: user=0.02 sys=0.00, real=0.01 secs] 
1502.358: [GC (Allocation Failure) [PSYoungGen: 271026K->183787K(465920K)] 824613K->738628K(1428480K), 0.0202271 secs] [Times: user=0.03 sys=0.00, real=0.02 secs] 
1502.646: [GC (Allocation Failure) [PSYoungGen: 416747K->184687K(465920K)] 971588K->739808K(1428480K), 0.0203848 secs] [Times: user=0.03 sys=0.00, real=0.02 secs] 
1504.833: [GC (Allocation Failure) [PSYoungGen: 405517K->92287K(465920K)] 960639K->647681K(1428480K), 0.0116206 secs] [Times: user=0.02 sys=0.00, real=0.01 secs] 
1505.632: [GC (Allocation Failure) [PSYoungGen: 325247K->38066K(465920K)] 880641K->593767K(1428480K), 0.0055141 secs] [Times: user=0.01 sys=0.00, real=0.00 secs] 
1505.902: [GC (Allocation Failure) [PSYoungGen: 271026K->184558K(465920K)] 826727K->741504K(1428480K), 0.0202037 secs] [Times: user=0.02 sys=0.00, real=0.02 secs] 
1506.246: [GC (Allocation Failure) [PSYoungGen: 417518K->184333K(465920K)] 974464K->741560K(1428480K), 0.0203092 secs] [Times: user=0.03 sys=0.00, real=0.02 secs] 
1507.013: [GC (Allocation Failure) [PSYoungGen: 406645K->91869K(465920K)] 963872K->649369K(1428480K), 0.0124251 secs] [Times: user=0.03 sys=0.00, real=0.01 secs] 
1508.672: [GC (Allocation Failure) [PSYoungGen: 324829K->37780K(465920K)] 882329K->595582K(1428480K), 0.0082799 secs] [Times: user=0.02 sys=0.00, real=0.01 secs] 
1508.996: [GC (Allocation Failure) [PSYoungGen: 270740K->184719K(465920K)] 828542K->743766K(1428480K), 0.0204036 secs] [Times: user=0.03 sys=0.00, real=0.02 secs] 
1509.282: [GC (Allocation Failure) [PSYoungGen: 417679K->186422K(465920K)] 976726K->745750K(1428480K), 0.0204864 secs] [Times: user=0.03 sys=0.00, real=0.02 secs] 
1509.925: [GC (Allocation Failure) [PSYoungGen: 403685K->89813K(465920K)] 963013K->649414K(1428480K), 0.0107846 secs] [Times: user=0.03 sys=0.00, real=0.01 secs] 
1510.980: [GC (Allocation Failure) [PSYoungGen: 322773K->38198K(465920K)] 882374K->598101K(1428480K), 0.0068418 secs] [Times: user=0.01 sys=0.00, real=0.00 secs] 
1511.265: [GC (Allocation Failure) [PSYoungGen: 271158K->184173K(465920K)] 831061K->745329K(1428480K), 0.0203090 secs] [Times: user=0.03 sys=0.00, real=0.02 secs] 
1511.552: [GC (Allocation Failure) [PSYoungGen: 417133K->186389K(465920K)] 978289K->747827K(1428480K), 0.0205221 secs] [Times: user=0.02 sys=0.00, real=0.02 secs] 
1512.499: [GC (Allocation Failure) [PSYoungGen: 408453K->90038K(465920K)] 969891K->651757K(1428480K), 0.0121226 secs] [Times: user=0.03 sys=0.00, real=0.01 secs] 
1514.400: [GC (Allocation Failure) [PSYoungGen: 322998K->37523K(465920K)] 884717K->599558K(1428480K), 0.0079976 secs] [Times: user=0.02 sys=0.00, real=0.01 secs] 
1514.729: [GC (Allocation Failure) [PSYoungGen: 270483K->184301K(465920K)] 832518K->747589K(1428480K), 0.0202571 secs] [Times: user=0.03 sys=0.00, real=0.02 secs] 
1515.012: [GC (Allocation Failure) [PSYoungGen: 417261K->184558K(465920K)] 980549K->748256K(1428480K), 0.0203022 secs] [Times: user=0.02 sys=0.00, real=0.02 secs] 
1516.813: [GC (Allocation Failure) [PSYoungGen: 409617K->92399K(465920K)] 973315K->656370K(1428480K), 0.0240966 secs] [Times: user=0.04 sys=0.00, real=0.02 secs] 
1518.697: [GC (Allocation Failure) [PSYoungGen: 325359K->37780K(465920K)] 889330K->601928K(1428480K), 0.0088422 secs] [Times: user=0.02 sys=0.00, real=0.01 secs] 
1519.104: [GC (Allocation Failure) [PSYoungGen: 270740K->184687K(465920K)] 834888K->750080K(1428480K), 0.0202024 secs] [Times: user=0.02 sys=0.00, real=0.02 secs] 
1519.389: [GC (Allocation Failure) [PSYoungGen: 417647K->184719K(465920K)] 983040K->750393K(1428480K), 0.0202476 secs] [Times: user=0.03 sys=0.00, real=0.02 secs] 
1520.828: [GC (Allocation Failure) [PSYoungGen: 407290K->91612K(465920K)] 972964K->657560K(1428480K), 0.0203868 secs] [Times: user=0.04 sys=0.00, real=0.02 secs] 
1523.089: [GC (Allocation Failure) [PSYoungGen: 324572K->37780K(465920K)] 890520K->604035K(1428480K), 0.0074745 secs] [Times: user=0.02 sys=0.00, real=0.00 secs] 
1523.394: [GC (Allocation Failure) [PSYoungGen: 270740K->183819K(465920K)] 836995K->751328K(1428480K), 0.0201695 secs] [Times: user=0.03 sys=0.00, real=0.02 secs] 
1523.677: [GC (Allocation Failure) [PSYoungGen: 416779K->184655K(465920K)] 984288K->752445K(1428480K), 0.0202271 secs] [Times: user=0.03 sys=0.00, real=0.02 secs] 
1524.342: [GC (Allocation Failure) [PSYoungGen: 410106K->92560K(465920K)] 977896K->660623K(1428480K), 0.0113012 secs] [Times: user=0.02 sys=0.00, real=0.01 secs] 
1525.170: [GC (Allocation Failure) [PSYoungGen: 325520K->38066K(465920K)] 893583K->606445K(1428480K), 0.0054739 secs] [Times: user=0.02 sys=0.00, real=0.00 secs] 
1525.443: [GC (Allocation Failure) [PSYoungGen: 271026K->184687K(465920K)] 839405K->754319K(1428480K), 0.0202857 secs] [Times: user=0.02 sys=0.00, real=0.02 secs] 
1525.726: [GC (Allocation Failure) [PSYoungGen: 417647K->184719K(465920K)] 987279K->754761K(1428480K), 0.0202109 secs] [Times: user=0.02 sys=0.00, real=0.02 secs] 
1526.901: [GC (Allocation Failure) [PSYoungGen: 407164K->91387K(465920K)] 977206K->661694K(1428480K), 0.0120054 secs] [Times: user=0.03 sys=0.00, real=0.01 secs] 
1527.830: [GC (Allocation Failure) [PSYoungGen: 324347K->38037K(465920K)] 894654K->608517K(1428480K), 0.0065425 secs] [Times: user=0.02 sys=0.00, real=0.00 secs] 
1528.186: [GC (Allocation Failure) [PSYoungGen: 270997K->183787K(465920K)] 841477K->755521K(1428480K), 0.0203185 secs] [Times: user=0.03 sys=0.00, real=0.02 secs] 
1528.543: [GC (Allocation Failure) [PSYoungGen: 416747K->184398K(465920K)] 988481K->756412K(1428480K), 0.0204283 secs] [Times: user=0.02 sys=0.00, real=0.02 secs] 
1529.538: [GC (Allocation Failure) [PSYoungGen: 409642K->92512K(465920K)] 981657K->664792K(1428480K), 0.0122302 secs] [Times: user=0.02 sys=0.00, real=0.01 secs] 
1530.633: [GC (Allocation Failure) [PSYoungGen: 325472K->37909K(465920K)] 897752K->610486K(1428480K), 0.0064025 secs] [Times: user=0.01 sys=0.01, real=0.01 secs] 
1530.978: [GC (Allocation Failure) [PSYoungGen: 270869K->184687K(465920K)] 843446K->758518K(1428480K), 0.0203008 secs] [Times: user=0.03 sys=0.00, real=0.02 secs] 
1531.266: [GC (Allocation Failure) [PSYoungGen: 417647K->184751K(465920K)] 991478K->758863K(1428480K), 0.0203154 secs] [Times: user=0.02 sys=0.00, real=0.02 secs] 
1532.765: [GC (Allocation Failure) [PSYoungGen: 407322K->91484K(465920K)] 981435K->665861K(1428480K), 0.0162920 secs] [Times: user=0.03 sys=0.00, real=0.02 secs] 
1534.597: [GC (Allocation Failure) [PSYoungGen: 324444K->37812K(465920K)] 898821K->612491K(1428480K), 0.0075883 secs] [Times: user=0.02 sys=0.00, real=0.01 secs] 
1534.909: [GC (Allocation Failure) [PSYoungGen: 270772K->184687K(465920K)] 845451K->760748K(1428480K), 0.0203475 secs] [Times: user=0.03 sys=0.00, real=0.02 secs] 
1535.195: [GC (Allocation Failure) [PSYoungGen: 417647K->184687K(465920K)] 993708K->760900K(1428480K), 0.0204636 secs] [Times: user=0.02 sys=0.00, real=0.02 secs] 
1536.953: [GC (Allocation Failure) [PSYoungGen: 407249K->91580K(465920K)] 983462K->668059K(1428480K), 0.0162393 secs] [Times: user=0.03 sys=0.00, real=0.02 secs] 
1538.351: [GC (Allocation Failure) [PSYoungGen: 324540K->37909K(465920K)] 901019K->614695K(1428480K), 0.0069107 secs] [Times: user=0.02 sys=0.00, real=0.00 secs] 
1538.719: [GC (Allocation Failure) [PSYoungGen: 270869K->183819K(465920K)] 847655K->761859K(1428480K), 0.0203646 secs] [Times: user=0.03 sys=0.00, real=0.02 secs] 
1539.008: [GC (Allocation Failure) [PSYoungGen: 416779K->184494K(465920K)] 994819K->762807K(1428480K), 0.0201299 secs] [Times: user=0.02 sys=0.00, real=0.03 secs] 
1540.186: [GC (Allocation Failure) [PSYoungGen: 409602K->92640K(465920K)] 987915K->671218K(1428480K), 0.0175378 secs] [Times: user=0.04 sys=0.00, real=0.02 secs] 
1541.165: [GC (Allocation Failure) [PSYoungGen: 325600K->38037K(465920K)] 904178K->616802K(1428480K), 0.0054232 secs] [Times: user=0.01 sys=0.00, real=0.01 secs] 
1541.497: [GC (Allocation Failure) [PSYoungGen: 270997K->184687K(465920K)] 849762K->764698K(1428480K), 0.0203455 secs] [Times: user=0.03 sys=0.00, real=0.02 secs] 
1541.786: [GC (Allocation Failure) [PSYoungGen: 417647K->184687K(465920K)] 997658K->765107K(1428480K), 0.0202984 secs] [Times: user=0.03 sys=0.00, real=0.02 secs] 
1543.191: [GC (Allocation Failure) [PSYoungGen: 407117K->91339K(465920K)] 987538K->672040K(1428480K), 0.0143759 secs] [Times: user=0.02 sys=0.00, real=0.01 secs] 
1544.001: [GC (Allocation Failure) [PSYoungGen: 324299K->38037K(465920K)] 905000K->618916K(1428480K), 0.0056313 secs] [Times: user=0.02 sys=0.00, real=0.00 secs] 
1544.268: [GC (Allocation Failure) [PSYoungGen: 270997K->183916K(465920K)] 851876K->766048K(1428480K), 0.0201875 secs] [Times: user=0.03 sys=0.00, real=0.03 secs] 
1544.551: [GC (Allocation Failure) [PSYoungGen: 416876K->184398K(465920K)] 999008K->766939K(1428480K), 0.0202500 secs] [Times: user=0.03 sys=0.00, real=0.02 secs] 
1546.108: [GC (Allocation Failure) [PSYoungGen: 409621K->92319K(465920K)] 992163K->675006K(1428480K), 0.0240494 secs] [Times: user=0.05 sys=0.00, real=0.02 secs] 
1548.575: [GC (Allocation Failure) [PSYoungGen: 325279K->37906K(465920K)] 907966K->620902K(1428480K), 0.0077062 secs] [Times: user=0.02 sys=0.00, real=0.01 secs] 
1548.892: [GC (Allocation Failure) [PSYoungGen: 270866K->184044K(465920K)] 853862K->768286K(1428480K), 0.0204442 secs] [Times: user=0.02 sys=0.00, real=0.02 secs] 
1549.180: [GC (Allocation Failure) [PSYoungGen: 417004K->184912K(465920K)] 1001246K->769434K(1428480K), 0.0201504 secs] [Times: user=0.02 sys=0.00, real=0.02 secs] 
1550.115: [GC (Allocation Failure) [PSYoungGen: 408032K->91853K(465920K)] 992555K->676641K(1428480K), 0.0111961 secs] [Times: user=0.02 sys=0.00, real=0.01 secs] 
1552.699: [GC (Allocation Failure) [PSYoungGen: 324813K->37652K(465920K)] 909601K->622749K(1428480K), 0.0074992 secs] [Times: user=0.02 sys=0.00, real=0.00 secs] 
1553.017: [GC (Allocation Failure) [PSYoungGen: 270612K->183658K(465920K)] 855709K->770002K(1428480K), 0.0201892 secs] [Times: user=0.02 sys=0.00, real=0.02 secs] 
1553.306: [GC (Allocation Failure) [PSYoungGen: 416618K->184655K(465920K)] 1002962K->771279K(1428480K), 0.0202839 secs] [Times: user=0.03 sys=0.00, real=0.02 secs] 
1554.010: [GC (Allocation Failure) [PSYoungGen: 409957K->92785K(465920K)] 996581K->679802K(1428480K), 0.0120164 secs] [Times: user=0.03 sys=0.00, real=0.01 secs] 
1555.757: [GC (Allocation Failure) [PSYoungGen: 325745K->37973K(465920K)] 912762K->625172K(1428480K), 0.0068676 secs] [Times: user=0.01 sys=0.00, real=0.01 secs] 
1556.118: [GC (Allocation Failure) [PSYoungGen: 270933K->184301K(465920K)] 858132K->772746K(1428480K), 0.0203411 secs] [Times: user=0.03 sys=0.00, real=0.02 secs] 
1556.406: [GC (Allocation Failure) [PSYoungGen: 417261K->184655K(465920K)] 1005706K->773380K(1428480K), 0.0203805 secs] [Times: user=0.02 sys=0.00, real=0.02 secs] 
1557.525: [GC (Allocation Failure) [PSYoungGen: 407471K->91709K(465920K)] 996197K->680699K(1428480K), 0.0158577 secs] [Times: user=0.03 sys=0.00, real=0.02 secs] 
1559.565: [GC (Allocation Failure) [PSYoungGen: 324669K->37555K(465920K)] 913659K->626866K(1428480K), 0.0078031 secs] [Times: user=0.02 sys=0.00, real=0.01 secs] 
1559.872: [GC (Allocation Failure) [PSYoungGen: 270515K->183916K(465920K)] 859826K->774480K(1428480K), 0.0203846 secs] [Times: user=0.03 sys=0.00, real=0.02 secs] 
1560.158: [GC (Allocation Failure) [PSYoungGen: 416876K->184398K(465920K)] 1007440K->775371K(1428480K), 0.0205811 secs] [Times: user=0.02 sys=0.00, real=0.02 secs] 
1560.989: [GC (Allocation Failure) [PSYoungGen: 409634K->92945K(465920K)] 1000607K->684064K(1428480K), 0.0123072 secs] [Times: user=0.02 sys=0.00, real=0.01 secs] 
1562.905: [GC (Allocation Failure) [PSYoungGen: 325905K->37491K(465920K)] 917024K->628935K(1428480K), 0.0072018 secs] [Times: user=0.02 sys=0.00, real=0.01 secs] 
1563.204: [GC (Allocation Failure) [PSYoungGen: 270451K->184044K(465920K)] 861895K->776734K(1428480K), 0.0204274 secs] [Times: user=0.03 sys=0.00, real=0.02 secs] 
1563.487: [GC (Allocation Failure) [PSYoungGen: 417004K->184590K(465920K)] 1009694K->777689K(1428480K), 0.0203124 secs] [Times: user=0.02 sys=0.00, real=0.02 secs] 
1565.233: [GC (Allocation Failure) [PSYoungGen: 409676K->92640K(465920K)] 1002775K->686004K(1428480K), 0.0164840 secs] [Times: user=0.04 sys=0.00, real=0.02 secs] 
1566.828: [GC (Allocation Failure) [PSYoungGen: 325600K->37780K(465920K)] 918964K->631324K(1428480K), 0.0070697 secs] [Times: user=0.01 sys=0.00, real=0.01 secs] 
1567.117: [GC (Allocation Failure) [PSYoungGen: 270740K->184044K(465920K)] 864284K->778841K(1428480K), 0.0201785 secs] [Times: user=0.03 sys=0.00, real=0.02 secs] 
1567.410: [GC (Allocation Failure) [PSYoungGen: 417004K->184783K(465920K)] 1011801K->779861K(1428480K), 0.0201864 secs] [Times: user=0.03 sys=0.00, real=0.02 secs] 
1568.634: [GC (Allocation Failure) [PSYoungGen: 408048K->92158K(465920K)] 1003126K->687501K(1428480K), 0.0119481 secs] [Times: user=0.02 sys=0.00, real=0.01 secs] 
1569.995: [GC (Allocation Failure) [PSYoungGen: 325118K->37555K(465920K)] 920461K->633210K(1428480K), 0.0065094 secs] [Times: user=0.02 sys=0.00, real=0.01 secs] 
1570.277: [GC (Allocation Failure) [PSYoungGen: 270515K->184590K(465920K)] 866170K->781499K(1428480K), 0.0203628 secs] [Times: user=0.02 sys=0.00, real=0.02 secs] 
1570.570: [GC (Allocation Failure) [PSYoungGen: 417550K->186389K(465920K)] 1014459K->783579K(1428480K), 0.0205063 secs] [Times: user=0.03 sys=0.00, real=0.02 secs] 
1573.391: [GC (Allocation Failure) [PSYoungGen: 407537K->90311K(465920K)] 1004727K->687774K(1428480K), 0.0210961 secs] [Times: user=0.04 sys=0.01, real=0.02 secs] 
1575.313: [GC (Allocation Failure) [PSYoungGen: 323271K->37812K(465920K)] 920734K->635585K(1428480K), 0.0080253 secs] [Times: user=0.02 sys=0.00, real=0.01 secs] 
1575.631: [GC (Allocation Failure) [PSYoungGen: 270772K->186357K(465920K)] 868545K->785384K(1428480K), 0.0205835 secs] [Times: user=0.02 sys=0.00, real=0.02 secs] 
1575.917: [GC (Allocation Failure) [PSYoungGen: 419317K->186100K(465920K)] 1018344K->785408K(1428480K), 0.0206598 secs] [Times: user=0.03 sys=0.00, real=0.03 secs] 
1576.585: [GC (Allocation Failure) [PSYoungGen: 405402K->88559K(465920K)] 1004710K->688260K(1428480K), 0.0106636 secs] [Times: user=0.02 sys=0.00, real=0.01 secs] 
1577.622: [GC (Allocation Failure) [PSYoungGen: 321519K->38326K(465920K)] 921220K->638211K(1428480K), 0.0071098 secs] [Times: user=0.02 sys=0.00, real=0.01 secs] 
1577.915: [GC (Allocation Failure) [PSYoungGen: 271286K->184173K(465920K)] 871171K->785310K(1428480K), 0.0204172 secs] [Times: user=0.02 sys=0.00, real=0.02 secs] 
1578.203: [GC (Allocation Failure) [PSYoungGen: 417133K->184462K(465920K)] 1018270K->786009K(1428480K), 0.0204540 secs] [Times: user=0.02 sys=0.00, real=0.02 secs] 
1579.871: [GC (Allocation Failure) [PSYoungGen: 407053K->91901K(465920K)] 1008601K->693585K(1428480K), 0.0273948 secs] [Times: user=0.06 sys=0.01, real=0.03 secs] 
1582.406: [GC (Allocation Failure) [PSYoungGen: 324861K->37620K(465920K)] 926545K->639613K(1428480K), 0.0075983 secs] [Times: user=0.02 sys=0.00, real=0.01 secs] 
1582.713: [GC (Allocation Failure) [PSYoungGen: 270580K->184558K(465920K)] 872573K->787797K(1428480K), 0.0204813 secs] [Times: user=0.03 sys=0.00, real=0.02 secs] 
1583.052: [GC (Allocation Failure) [PSYoungGen: 417518K->184880K(465920K)] 1020757K->788400K(1428480K), 0.0204283 secs] [Times: user=0.03 sys=0.00, real=0.02 secs] 
1583.781: [GC (Allocation Failure) [PSYoungGen: 407955K->91628K(465920K)] 1011476K->695429K(1428480K), 0.0145710 secs] [Times: user=0.03 sys=0.00, real=0.01 secs] 
1585.267: [GC (Allocation Failure) [PSYoungGen: 324588K->37713K(465920K)] 928389K->641822K(1428480K), 0.0070816 secs] [Times: user=0.02 sys=0.00, real=0.01 secs] 
1585.565: [GC (Allocation Failure) [PSYoungGen: 270673K->183658K(465920K)] 874782K->789021K(1428480K), 0.0202002 secs] [Times: user=0.02 sys=0.00, real=0.02 secs] 
1585.908: [GC (Allocation Failure) [PSYoungGen: 416618K->184719K(465920K)] 1021981K->790362K(1428480K), 0.0203392 secs] [Times: user=0.02 sys=0.00, real=0.03 secs] 
1587.144: [GC (Allocation Failure) [PSYoungGen: 410085K->92769K(465920K)] 1015728K->698678K(1428480K), 0.0160991 secs] [Times: user=0.03 sys=0.00, real=0.02 secs] 
1588.939: [GC (Allocation Failure) [PSYoungGen: 325729K->37620K(465920K)] 931638K->643836K(1428480K), 0.0091071 secs] [Times: user=0.02 sys=0.00, real=0.01 secs] 
1589.292: [GC (Allocation Failure) [PSYoungGen: 270580K->184558K(465920K)] 876796K->792020K(1428480K), 0.0205119 secs] [Times: user=0.02 sys=0.00, real=0.02 secs] 
1589.575: [GC (Allocation Failure) [PSYoungGen: 417518K->184333K(465920K)] 1024980K->792076K(1428480K), 0.0203994 secs] [Times: user=0.03 sys=0.00, real=0.02 secs] 
1590.831: [GC (Allocation Failure) [PSYoungGen: 409212K->92223K(465920K)] 1016955K->700239K(1428480K), 0.0166562 secs] [Times: user=0.04 sys=0.00, real=0.02 secs] 
1592.601: [GC (Allocation Failure) [PSYoungGen: 325183K->37780K(465920K)] 933199K->646098K(1428480K), 0.0071652 secs] [Times: user=0.02 sys=0.00, real=0.00 secs] 
1592.901: [GC (Allocation Failure) [PSYoungGen: 270740K->184430K(465920K)] 879058K->794001K(1428480K), 0.0202758 secs] [Times: user=0.02 sys=0.01, real=0.02 secs] 
1593.184: [GC (Allocation Failure) [PSYoungGen: 417390K->184301K(465920K)] 1026961K->794154K(1428480K), 0.0202557 secs] [Times: user=0.02 sys=0.00, real=0.02 secs] 
1593.837: [GC (Allocation Failure) [PSYoungGen: 409457K->92271K(465920K)] 1019309K->702388K(1428480K), 0.0111748 secs] [Times: user=0.02 sys=0.01, real=0.01 secs] 
1594.800: [GC (Allocation Failure) [PSYoungGen: 325231K->38227K(465920K)] 935348K->648652K(1428480K), 0.0067625 secs] [Times: user=0.01 sys=0.00, real=0.00 secs] 
1595.159: [GC (Allocation Failure) [PSYoungGen: 271187K->184558K(465920K)] 881612K->796237K(1428480K), 0.0203616 secs] [Times: user=0.03 sys=0.00, real=0.02 secs] 
1595.450: [GC (Allocation Failure) [PSYoungGen: 417518K->184847K(465920K)] 1029197K->796807K(1428480K), 0.0202906 secs] [Times: user=0.02 sys=0.00, real=0.02 secs] 
1597.265: [GC (Allocation Failure) [PSYoungGen: 407214K->91242K(465920K)] 1019174K->703467K(1428480K), 0.0146711 secs] [Times: user=0.03 sys=0.00, real=0.02 secs] 
1598.967: [GC (Allocation Failure) [PSYoungGen: 324202K->37652K(465920K)] 936427K->650187K(1428480K), 0.0069037 secs] [Times: user=0.02 sys=0.00, real=0.01 secs] 
1599.332: [GC (Allocation Failure) [PSYoungGen: 270612K->184719K(465920K)] 883147K->798636K(1428480K), 0.0203990 secs] [Times: user=0.03 sys=0.00, real=0.02 secs] 
1599.617: [GC (Allocation Failure) [PSYoungGen: 417679K->184719K(465920K)] 1031596K->798788K(1428480K), 0.0202378 secs] [Times: user=0.03 sys=0.00, real=0.02 secs] 
1601.270: [GC (Allocation Failure) [PSYoungGen: 407532K->91757K(465920K)] 1021601K->706091K(1428480K), 0.0184217 secs] [Times: user=0.03 sys=0.00, real=0.02 secs] 
1603.837: [GC (Allocation Failure) [PSYoungGen: 324717K->37649K(465920K)] 939051K->652291K(1428480K), 0.0076909 secs] [Times: user=0.02 sys=0.00, real=0.01 secs] 
1604.156: [GC (Allocation Failure) [PSYoungGen: 270609K->183722K(465920K)] 885251K->799611K(1428480K), 0.0203369 secs] [Times: user=0.03 sys=0.00, real=0.02 secs] 
1604.491: [GC (Allocation Failure) [PSYoungGen: 416682K->184687K(465920K)] 1032571K->800872K(1428480K), 0.0202826 secs] [Times: user=0.02 sys=0.00, real=0.02 secs] 
1605.645: [GC (Allocation Failure) [PSYoungGen: 409951K->92785K(465920K)] 1026136K->709363K(1428480K), 0.0124277 secs] [Times: user=0.02 sys=0.00, real=0.01 secs] 
1607.165: [GC (Allocation Failure) [PSYoungGen: 325745K->37491K(465920K)] 942323K->654251K(1428480K), 0.0069319 secs] [Times: user=0.02 sys=0.00, real=0.01 secs] 
1607.456: [GC (Allocation Failure) [PSYoungGen: 270451K->183916K(465920K)] 887211K->801929K(1428480K), 0.0202089 secs] [Times: user=0.03 sys=0.00, real=0.02 secs] 
1607.737: [GC (GCLocker Initiated GC) [PSYoungGen: 416876K->183048K(465920K)] 1034889K->801342K(1428480K), 0.0201337 secs] [Times: user=0.02 sys=0.00, real=0.02 secs] 
1609.712: [GC (Allocation Failure) [PSYoungGen: 416008K->77879K(465920K)] 1050690K->712826K(1428480K), 0.0163563 secs] [Times: user=0.03 sys=0.00, real=0.02 secs] 
1612.319: [GC (Allocation Failure) [PSYoungGen: 310839K->57284K(465920K)] 945786K->692434K(1428480K), 0.0088835 secs] [Times: user=0.01 sys=0.00, real=0.00 secs] 
1612.674: [GC (Allocation Failure) [PSYoungGen: 290244K->184301K(465920K)] 925394K->820705K(1428480K), 0.0203587 secs] [Times: user=0.03 sys=0.00, real=0.02 secs] 
1612.960: [GC (Allocation Failure) [PSYoungGen: 417261K->184622K(465920K)] 1053665K->821435K(1428480K), 0.0205434 secs] [Times: user=0.03 sys=0.00, real=0.02 secs] 
1614.515: [GC (Allocation Failure) [PSYoungGen: 417582K->56191K(465920K)] 1054395K->693277K(1428480K), 0.0132062 secs] [Times: user=0.03 sys=0.00, real=0.02 secs] 
1615.664: [GC (Allocation Failure) [PSYoungGen: 289151K->79936K(465920K)] 926237K->717207K(1428480K), 0.0097186 secs] [Times: user=0.02 sys=0.00, real=0.01 secs] 
1615.937: [GC (Allocation Failure) [PSYoungGen: 312896K->184173K(465920K)] 950167K->822698K(1428480K), 0.0204772 secs] [Times: user=0.02 sys=0.00, real=0.02 secs] 
1616.225: [GC (Allocation Failure) [PSYoungGen: 417133K->184398K(465920K)] 1055658K->823332K(1428480K), 0.0203249 secs] [Times: user=0.03 sys=0.00, real=0.02 secs] 
1617.929: [GC (Allocation Failure) [PSYoungGen: 417358K->33763K(465920K)] 1056292K->672842K(1428480K), 0.0086970 secs] [Times: user=0.02 sys=0.00, real=0.00 secs] 
1618.780: [GC (Allocation Failure) [PSYoungGen: 266723K->102459K(465920K)] 905802K->741854K(1428480K), 0.0121311 secs] [Times: user=0.02 sys=0.00, real=0.01 secs] 
1619.056: [GC (Allocation Failure) [PSYoungGen: 335419K->184430K(465920K)] 974814K->825070K(1428480K), 0.0203554 secs] [Times: user=0.03 sys=0.00, real=0.02 secs] 
1619.340: [GC (Allocation Failure) [PSYoungGen: 417390K->184558K(465920K)] 1058030K->825480K(1428480K), 0.0203781 secs] [Times: user=0.02 sys=0.00, real=0.02 secs] 
1622.695: [GC (Allocation Failure) [PSYoungGen: 417518K->10950K(465920K)] 1058440K->652137K(1428480K), 0.0067409 secs] [Times: user=0.02 sys=0.00, real=0.01 secs] 
1623.827: [GC (Allocation Failure) [PSYoungGen: 243910K->125080K(465920K)] 885097K->766580K(1428480K), 0.0143583 secs] [Times: user=0.02 sys=0.00, real=0.02 secs] 
1624.105: [GC (Allocation Failure) [PSYoungGen: 358040K->184108K(465920K)] 999540K->826862K(1428480K), 0.0201987 secs] [Times: user=0.02 sys=0.00, real=0.02 secs] 
1624.517: [GC (Allocation Failure) [PSYoungGen: 417068K->175114K(465920K)] 1059822K->818173K(1428480K), 0.0220071 secs] [Times: user=0.03 sys=0.00, real=0.03 secs] 
1626.152: [GC (Allocation Failure) [PSYoungGen: 408074K->128K(465920K)] 1051133K->644627K(1428480K), 0.0038884 secs] [Times: user=0.01 sys=0.00, real=0.00 secs] 
1626.977: [GC (Allocation Failure) [PSYoungGen: 233088K->146961K(465920K)] 877587K->791484K(1428480K), 0.0163873 secs] [Times: user=0.02 sys=0.00, real=0.02 secs] 
1627.257: [GC (Allocation Failure) [PSYoungGen: 379921K->184622K(465920K)] 1024444K->830399K(1428480K), 0.0203991 secs] [Times: user=0.03 sys=0.00, real=0.02 secs] 
1628.065: [GC (Allocation Failure) [PSYoungGen: 417582K->158943K(465920K)] 1063359K->804993K(1428480K), 0.0199813 secs] [Times: user=0.03 sys=0.00, real=0.02 secs] 
1630.567: [GC (Allocation Failure) [PSYoungGen: 391903K->128K(465920K)] 1037953K->647619K(1428480K), 0.0058430 secs] [Times: user=0.03 sys=0.00, real=0.01 secs] 
1631.230: [GC (Allocation Failure) [PSYoungGen: 233088K->168649K(465920K)] 880579K->816156K(1428480K), 0.0186919 secs] [Times: user=0.02 sys=0.00, real=0.02 secs] 
1631.566: [GC (Allocation Failure) [PSYoungGen: 401609K->184173K(465920K)] 1049116K->832934K(1428480K), 0.0204488 secs] [Times: user=0.03 sys=0.00, real=0.02 secs] 
1632.481: [GC (Allocation Failure) [PSYoungGen: 411664K->137560K(465920K)] 1060425K->786595K(1428480K), 0.0260701 secs] [Times: user=0.04 sys=0.00, real=0.02 secs] 
1634.130: [GC (Allocation Failure) [PSYoungGen: 370520K->1537K(465920K)] 1019555K->650884K(1428480K), 0.0032443 secs] [Times: user=0.01 sys=0.00, real=0.00 secs] 
1634.442: [GC (Allocation Failure) [PSYoungGen: 234497K->184430K(465920K)] 883844K->835168K(1428480K), 0.0202865 secs] [Times: user=0.03 sys=0.00, real=0.02 secs] 
1634.725: [GC (Allocation Failure) [PSYoungGen: 417390K->184301K(465920K)] 1068128K->835184K(1428480K), 0.0202581 secs] [Times: user=0.02 sys=0.00, real=0.02 secs] 
1635.710: [GC (Allocation Failure) [PSYoungGen: 417261K->128530K(465920K)] 1068144K->779686K(1428480K), 0.0185237 secs] [Times: user=0.03 sys=0.00, real=0.02 secs] 
1637.685: [GC (Allocation Failure) [PSYoungGen: 361490K->23739K(465920K)] 1012646K->675203K(1428480K), 0.0061473 secs] [Times: user=0.02 sys=0.00, real=0.01 secs] 
1638.085: [GC (Allocation Failure) [PSYoungGen: 256699K->184976K(465920K)] 908163K->837693K(1428480K), 0.0205482 secs] [Times: user=0.02 sys=0.00, real=0.02 secs] 
1638.367: [GC (Allocation Failure) [PSYoungGen: 417936K->184141K(465920K)] 1070653K->837139K(1428480K), 0.0203562 secs] [Times: user=0.02 sys=0.00, real=0.02 secs] 
1639.988: [GC (Allocation Failure) [PSYoungGen: 417101K->105926K(465920K)] 1070099K->759198K(1428480K), 0.0132544 secs] [Times: user=0.02 sys=0.00, real=0.01 secs] 
1641.087: [GC (Allocation Failure) [PSYoungGen: 338886K->46713K(465920K)] 992158K->700292K(1428480K), 0.0077222 secs] [Times: user=0.02 sys=0.00, real=0.01 secs] 
1641.435: [GC (Allocation Failure) [PSYoungGen: 279673K->184237K(465920K)] 933252K->839190K(1428480K), 0.0202275 secs] [Times: user=0.03 sys=0.00, real=0.02 secs] 
1641.719: [GC (Allocation Failure) [PSYoungGen: 417197K->184398K(465920K)] 1072150K->839632K(1428480K), 0.0203282 secs] [Times: user=0.02 sys=0.01, real=0.02 secs] 
1644.567: [GC (Allocation Failure) [PSYoungGen: 417358K->66954K(465920K)] 1072592K->722325K(1428480K), 0.0163875 secs] [Times: user=0.04 sys=0.00, real=0.02 secs] 
1645.910: [GC (Allocation Failure) [PSYoungGen: 299914K->68751K(465920K)] 955285K->724428K(1428480K), 0.0099413 secs] [Times: user=0.02 sys=0.00, real=0.01 secs] 
1646.189: [GC (Allocation Failure) [PSYoungGen: 301711K->184333K(465920K)] 957388K->841392K(1428480K), 0.0203858 secs] [Times: user=0.02 sys=0.00, real=0.02 secs] 
1646.472: [GC (Allocation Failure) [PSYoungGen: 417293K->184590K(465920K)] 1074352K->841801K(1428480K), 0.0203496 secs] [Times: user=0.03 sys=0.00, real=0.02 secs] 
1648.174: [GC (Allocation Failure) [PSYoungGen: 417550K->44720K(465920K)] 1074761K->702196K(1428480K), 0.0095603 secs] [Times: user=0.02 sys=0.00, real=0.01 secs] 
1649.467: [GC (Allocation Failure) [PSYoungGen: 277680K->91117K(465920K)] 935156K->748899K(1428480K), 0.0110588 secs] [Times: user=0.02 sys=0.00, real=0.02 secs] 
1649.745: [GC (Allocation Failure) [PSYoungGen: 324077K->184173K(465920K)] 981859K->843192K(1428480K), 0.0205833 secs] [Times: user=0.03 sys=0.00, real=0.02 secs] 
1650.088: [GC (Allocation Failure) [PSYoungGen: 417133K->183980K(465920K)] 1076152K->843281K(1428480K), 0.0204273 secs] [Times: user=0.03 sys=0.00, real=0.03 secs] 
1651.211: [GC (Allocation Failure) [PSYoungGen: 416940K->22999K(465920K)] 1076241K->682573K(1428480K), 0.0056003 secs] [Times: user=0.02 sys=0.00, real=0.00 secs] 
1652.124: [GC (Allocation Failure) [PSYoungGen: 255959K->114541K(465920K)] 915533K->774438K(1428480K), 0.0131356 secs] [Times: user=0.02 sys=0.00, real=0.01 secs] 
1652.403: [GC (Allocation Failure) [PSYoungGen: 347501K->186132K(465920K)] 1007398K->847404K(1428480K), 0.0204917 secs] [Times: user=0.02 sys=0.00, real=0.02 secs] 
1652.766: [GC (Allocation Failure) [PSYoungGen: 419092K->182109K(465920K)] 1080364K->843653K(1428480K), 0.0228110 secs] [Times: user=0.03 sys=0.00, real=0.03 secs] 
1655.368: [GC (Allocation Failure) [PSYoungGen: 415069K->160K(465920K)] 1076613K->663007K(1428480K), 0.0039196 secs] [Times: user=0.02 sys=0.00, real=0.00 secs] 
1656.088: [GC (Allocation Failure) [PSYoungGen: 233120K->139860K(465920K)] 895967K->802739K(1428480K), 0.0157438 secs] [Times: user=0.02 sys=0.00, real=0.02 secs] 
1656.366: [GC (Allocation Failure) [PSYoungGen: 372820K->184333K(465920K)] 1035699K->848458K(1428480K), 0.0202111 secs] [Times: user=0.02 sys=0.00, real=0.02 secs] 
1656.782: [GC (Allocation Failure) [PSYoungGen: 416457K->162157K(465920K)] 1080582K->826676K(1428480K), 0.0202771 secs] [Times: user=0.03 sys=0.00, real=0.02 secs] 
1658.169: [GC (Allocation Failure) [PSYoungGen: 395117K->128K(465920K)] 1059636K->665954K(1428480K), 0.0037510 secs] [Times: user=0.01 sys=0.00, real=0.00 secs] 
1658.758: [GC (Allocation Failure) [PSYoungGen: 233088K->161548K(465920K)] 898914K->827390K(1428480K), 0.0179679 secs] [Times: user=0.02 sys=0.00, real=0.01 secs] 
1659.109: [GC (Allocation Failure) [PSYoungGen: 394508K->183658K(465920K)] 1060350K->850738K(1428480K), 0.0203421 secs] [Times: user=0.03 sys=0.00, real=0.02 secs] 
1659.596: [GC (Allocation Failure) [PSYoungGen: 416618K->145223K(465920K)] 1083698K->812568K(1428480K), 0.0194712 secs] [Times: user=0.04 sys=0.00, real=0.02 secs] 
1661.456: [GC (Allocation Failure) [PSYoungGen: 378183K->96K(465920K)] 1045528K->668747K(1428480K), 0.0037801 secs] [Times: user=0.01 sys=0.00, real=0.01 secs] 
1661.876: [GC (Allocation Failure) [PSYoungGen: 233056K->182947K(465920K)] 901707K->851623K(1428480K), 0.0200485 secs] [Times: user=0.03 sys=0.00, real=0.02 secs] 
1662.164: [GC (Allocation Failure) [PSYoungGen: 415907K->184430K(465920K)] 1084583K->854351K(1428480K), 0.0202607 secs] [Times: user=0.03 sys=0.00, real=0.02 secs] 
1663.638: [GC (Allocation Failure) [PSYoungGen: 417390K->131213K(465920K)] 1087311K->801408K(1428480K), 0.0183835 secs] [Times: user=0.03 sys=0.00, real=0.01 secs] 
1666.456: [GC (Allocation Failure) [PSYoungGen: 364173K->21426K(465920K)] 1034368K->691930K(1428480K), 0.0054645 secs] [Times: user=0.02 sys=0.00, real=0.01 secs] 
1666.749: [GC (Allocation Failure) [PSYoungGen: 254386K->184173K(465920K)] 924890K->855930K(1428480K), 0.0204210 secs] [Times: user=0.03 sys=0.00, real=0.02 secs] 
1667.033: [GC (Allocation Failure) [PSYoungGen: 417133K->184590K(465920K)] 1088890K->856621K(1428480K), 0.0203660 secs] [Times: user=0.03 sys=0.00, real=0.02 secs] 
1667.680: [GC (Allocation Failure) [PSYoungGen: 417550K->108593K(465920K)] 1089581K->781018K(1428480K), 0.0131676 secs] [Times: user=0.02 sys=0.00, real=0.01 secs] 
1668.517: [GC (Allocation Failure) [PSYoungGen: 341553K->44174K(465920K)] 1013978K->716778K(1428480K), 0.0061604 secs] [Times: user=0.01 sys=0.00, real=0.01 secs] 
1668.786: [GC (Allocation Failure) [PSYoungGen: 277134K->184944K(465920K)] 949738K->858793K(1428480K), 0.0205272 secs] [Times: user=0.02 sys=0.00, real=0.02 secs] 
1669.068: [GC (Allocation Failure) [PSYoungGen: 417904K->183658K(465920K)] 1091753K->857789K(1428480K), 0.0203090 secs] [Times: user=0.03 sys=0.00, real=0.02 secs] 
1669.745: [GC (Allocation Failure) [PSYoungGen: 416618K->69541K(465920K)] 1090749K->743936K(1428480K), 0.0088467 secs] [Times: user=0.02 sys=0.00, real=0.01 secs] 
1670.909: [GC (Allocation Failure) [PSYoungGen: 302501K->66053K(465920K)] 976896K->740754K(1428480K), 0.0085143 secs] [Times: user=0.02 sys=0.00, real=0.00 secs] 
1671.182: [GC (Allocation Failure) [PSYoungGen: 299013K->186229K(465920K)] 973714K->862176K(1428480K), 0.0206929 secs] [Times: user=0.03 sys=0.00, real=0.02 secs] 
1671.466: [GC (Allocation Failure) [PSYoungGen: 419189K->184687K(465920K)] 1095136K->860914K(1428480K), 0.0205378 secs] [Times: user=0.03 sys=0.00, real=0.02 secs] 
1672.419: [GC (Allocation Failure) [PSYoungGen: 417647K->45331K(465920K)] 1093874K->721823K(1428480K), 0.0071601 secs] [Times: user=0.02 sys=0.00, real=0.00 secs] 
1673.563: [GC (Allocation Failure) [PSYoungGen: 278234K->90279K(465920K)] 954726K->767080K(1428480K), 0.0108572 secs] [Times: user=0.02 sys=0.00, real=0.01 secs] 
1673.902: [GC (Allocation Failure) [PSYoungGen: 323239K->186550K(465920K)] 1000040K->864605K(1428480K), 0.0207556 secs] [Times: user=0.03 sys=0.00, real=0.02 secs] 
1674.244: [GC (Allocation Failure) [PSYoungGen: 419510K->186100K(465920K)] 1097565K->864444K(1428480K), 0.0206041 secs] [Times: user=0.03 sys=0.00, real=0.02 secs] 
1675.479: [GC (Allocation Failure) [PSYoungGen: 419060K->19529K(465920K)] 1097404K->698138K(1428480K), 0.0053761 secs] [Times: user=0.02 sys=0.00, real=0.00 secs] 
1676.537: [GC (Allocation Failure) [PSYoungGen: 252489K->116851K(465920K)] 931098K->795768K(1428480K), 0.0134739 secs] [Times: user=0.02 sys=0.00, real=0.02 secs] 
1676.814: [GC (Allocation Failure) [PSYoungGen: 349811K->184558K(465920K)] 1028728K->864729K(1428480K), 0.0204870 secs] [Times: user=0.03 sys=0.00, real=0.02 secs] 
1677.172: [GC (Allocation Failure) [PSYoungGen: 417518K->181338K(465920K)] 1097689K->861782K(1428480K), 0.0228134 secs] [Times: user=0.04 sys=0.00, real=0.02 secs] 
1678.187: [GC (Allocation Failure) [PSYoungGen: 414298K->64K(465920K)] 1094742K->681959K(1428480K), 0.0027850 secs] [Times: user=0.01 sys=0.00, real=0.01 secs] 
1678.675: [GC (Allocation Failure) [PSYoungGen: 233024K->141884K(465920K)] 914919K->823788K(1428480K), 0.0162142 secs] [Times: user=0.02 sys=0.00, real=0.02 secs] 
1678.957: [GC (Allocation Failure) [PSYoungGen: 374844K->186357K(465920K)] 1056748K->869499K(1428480K), 0.0206810 secs] [Times: user=0.03 sys=0.00, real=0.02 secs] 
1679.514: [GC (Allocation Failure) [PSYoungGen: 419317K->162156K(465920K)] 1102459K->845571K(1428480K), 0.0242058 secs] [Times: user=0.04 sys=0.00, real=0.03 secs] 
1681.667: [GC (Allocation Failure) [PSYoungGen: 395116K->96K(465920K)] 1078531K->684947K(1428480K), 0.0037028 secs] [Times: user=0.01 sys=0.00, real=0.01 secs] 
1682.201: [GC (Allocation Failure) [PSYoungGen: 233056K->167846K(465920K)] 917907K->852730K(1428480K), 0.0187006 secs] [Times: user=0.03 sys=0.00, real=0.02 secs] 
1682.541: [GC (Allocation Failure) [PSYoungGen: 400806K->185972K(465920K)] 1085690K->872102K(1428480K), 0.0206788 secs] [Times: user=0.03 sys=0.00, real=0.02 secs] 
1683.034: [GC (Allocation Failure) [PSYoungGen: 411572K->136532K(465920K)] 1097702K->823063K(1428480K), 0.0188791 secs] [Times: user=0.03 sys=0.00, real=0.02 secs] 
1684.046: [GC (Allocation Failure) [PSYoungGen: 369492K->1633K(465920K)] 1056023K->688351K(1428480K), 0.0028951 secs] [Times: user=0.01 sys=0.00, real=0.01 secs] 
1684.420: [GC (Allocation Failure) [PSYoungGen: 234593K->184301K(465920K)] 921311K->872265K(1428480K), 0.0203133 secs] [Times: user=0.03 sys=0.00, real=0.02 secs] 
1684.763: [GC (Allocation Failure) [PSYoungGen: 417261K->186229K(465920K)] 1105225K->874474K(1428480K), 0.0205344 secs] [Times: user=0.02 sys=0.00, real=0.02 secs] 
1685.738: [GC (Allocation Failure) [PSYoungGen: 419189K->126618K(465920K)] 1107434K->815136K(1428480K), 0.0201811 secs] [Times: user=0.03 sys=0.00, real=0.02 secs] 
1687.852: [GC (Allocation Failure) [PSYoungGen: 359578K->26438K(465920K)] 1048096K->715258K(1428480K), 0.0077544 secs] [Times: user=0.02 sys=0.00, real=0.01 secs] 
1688.187: [GC (Allocation Failure) [PSYoungGen: 259398K->184301K(465920K)] 948218K->874374K(1428480K), 0.0204001 secs] [Times: user=0.03 sys=0.00, real=0.02 secs] 
1688.473: [GC (Allocation Failure) [PSYoungGen: 417261K->186197K(465920K)] 1107334K->876543K(1428480K), 0.0206806 secs] [Times: user=0.03 sys=0.00, real=0.02 secs] 
1690.092: [GC (Allocation Failure) [PSYoungGen: 419157K->85365K(465920K)] 1109503K->775985K(1428480K), 0.0228128 secs] [Times: user=0.04 sys=0.00, real=0.02 secs] 
1693.110: [GC (Allocation Failure) [PSYoungGen: 318325K->51015K(465920K)] 1008945K->741944K(1428480K), 0.0095061 secs] [Times: user=0.02 sys=0.00, real=0.01 secs] 
1693.419: [GC (Allocation Failure) [PSYoungGen: 283975K->185843K(465920K)] 974904K->878018K(1428480K), 0.0204772 secs] [Times: user=0.02 sys=0.00, real=0.02 secs] 
1693.762: [GC (Allocation Failure) [PSYoungGen: 418803K->185843K(465920K)] 1110978K->878299K(1428480K), 0.0205048 secs] [Times: user=0.02 sys=0.00, real=0.02 secs] 
1694.498: [GC (Allocation Failure) [PSYoungGen: 418803K->59645K(465920K)] 1111259K->752366K(1428480K), 0.0093892 secs] [Times: user=0.02 sys=0.00, real=0.00 secs] 
1695.612: [GC (Allocation Failure) [PSYoungGen: 292605K->77234K(465920K)] 985326K->770271K(1428480K), 0.0095134 secs] [Times: user=0.02 sys=0.00, real=0.01 secs] 
1695.946: [GC (Allocation Failure) [PSYoungGen: 310194K->185843K(465920K)] 1003231K->880118K(1428480K), 0.0206664 secs] [Times: user=0.02 sys=0.00, real=0.02 secs] 
1696.235: [GC (Allocation Failure) [PSYoungGen: 418803K->184430K(465920K)] 1113078K->878985K(1428480K), 0.0203551 secs] [Times: user=0.03 sys=0.00, real=0.02 secs] 
1697.101: [GC (Allocation Failure) [PSYoungGen: 417390K->34856K(465920K)] 1111945K->729676K(1428480K), 0.0095239 secs] [Times: user=0.03 sys=0.00, real=0.01 secs] 
1698.270: [GC (Allocation Failure) [PSYoungGen: 267816K->102685K(465920K)] 962636K->797818K(1428480K), 0.0120668 secs] [Times: user=0.02 sys=0.00, real=0.01 secs] 
1698.548: [GC (Allocation Failure) [PSYoungGen: 335645K->186100K(465920K)] 1030778K->882480K(1428480K), 0.0205857 secs] [Times: user=0.03 sys=0.00, real=0.03 secs] 
1698.892: [GC (Allocation Failure) [PSYoungGen: 419060K->185940K(465920K)] 1115440K->882601K(1428480K), 0.0205606 secs] [Times: user=0.03 sys=0.00, real=0.02 secs] 
1699.927: [GC (Allocation Failure) [PSYoungGen: 418900K->7577K(465920K)] 1115561K->704502K(1428480K), 0.0035734 secs] [Times: user=0.01 sys=0.00, real=0.01 secs] 
1700.481: [GC (Allocation Failure) [PSYoungGen: 240537K->128903K(465920K)] 937462K->826143K(1428480K), 0.0146877 secs] [Times: user=0.03 sys=0.00, real=0.01 secs] 
1700.760: [GC (Allocation Failure) [PSYoungGen: 361863K->184301K(465920K)] 1059103K->882786K(1428480K), 0.0205749 secs] [Times: user=0.02 sys=0.00, real=0.02 secs] 
1702.732: [GC (Allocation Failure) [PSYoungGen: 417261K->171050K(465920K)] 1115746K->869800K(1428480K), 0.0483172 secs] [Times: user=0.07 sys=0.00, real=0.05 secs] 
1705.077: [GC (Allocation Failure) [PSYoungGen: 404010K->160K(465920K)] 1102760K->700349K(1428480K), 0.0035252 secs] [Times: user=0.02 sys=0.00, real=0.01 secs] 
1705.745: [GC (Allocation Failure) [PSYoungGen: 233120K->152969K(465920K)] 933309K->853191K(1428480K), 0.0174026 secs] [Times: user=0.02 sys=0.00, real=0.02 secs] 
1706.030: [GC (Allocation Failure) [PSYoungGen: 385929K->186100K(465920K)] 1086151K->887576K(1428480K), 0.0207652 secs] [Times: user=0.03 sys=0.00, real=0.02 secs] 
1706.753: [GC (Allocation Failure) [PSYoungGen: 419060K->151312K(465920K)] 1120536K->853061K(1428480K), 0.0206572 secs] [Times: user=0.03 sys=0.00, real=0.02 secs] 
1708.187: [GC (Allocation Failure) [PSYoungGen: 384272K->96K(465920K)] 1086021K->703281K(1428480K), 0.0028670 secs] [Times: user=0.01 sys=0.00, real=0.01 secs] 
1708.507: [GC (Allocation Failure) [PSYoungGen: 233056K->177935K(465920K)] 936241K->881136K(1428480K), 0.0197416 secs] [Times: user=0.02 sys=0.00, real=0.02 secs] 
1708.789: [GC (Allocation Failure) [PSYoungGen: 410895K->184301K(465920K)] 1114096K->888748K(1428480K), 0.0204640 secs] [Times: user=0.03 sys=0.00, real=0.02 secs] 
1709.893: [GC (Allocation Failure) [PSYoungGen: 417261K->136322K(465920K)] 1121708K->841042K(1428480K), 0.0243786 secs] [Times: user=0.04 sys=0.01, real=0.02 secs] 
1712.032: [GC (Allocation Failure) [PSYoungGen: 369282K->15642K(465920K)] 1074002K->720670K(1428480K), 0.0076996 secs] [Times: user=0.03 sys=0.00, real=0.01 secs] 
1712.414: [GC (Allocation Failure) [PSYoungGen: 248602K->184173K(465920K)] 953630K->890454K(1428480K), 0.0205238 secs] [Times: user=0.02 sys=0.00, real=0.02 secs] 
1712.701: [GC (Allocation Failure) [PSYoungGen: 417133K->183787K(465920K)] 1123414K->890349K(1428480K), 0.0204675 secs] [Times: user=0.03 sys=0.00, real=0.02 secs] 
1713.430: [GC (Allocation Failure) [PSYoungGen: 416747K->115212K(465920K)] 1123309K->822039K(1428480K), 0.0152989 secs] [Times: user=0.03 sys=0.00, real=0.01 secs] 
1715.322: [GC (Allocation Failure) [PSYoungGen: 348172K->37523K(465920K)] 1054999K->744660K(1428480K), 0.0078551 secs] [Times: user=0.02 sys=0.00, real=0.01 secs] 
1715.633: [GC (Allocation Failure) [PSYoungGen: 270483K->184976K(465920K)] 977620K->893367K(1428480K), 0.0205414 secs] [Times: user=0.03 sys=0.00, real=0.02 secs] 
1715.920: [GC (Allocation Failure) [PSYoungGen: 417936K->184815K(465920K)] 1126327K->893479K(1428480K), 0.0207620 secs] [Times: user=0.03 sys=0.00, real=0.02 secs] 
1717.259: [GC (Allocation Failure) [PSYoungGen: 417775K->75067K(465920K)] 1126439K->784004K(1428480K), 0.0207646 secs] [Times: user=0.04 sys=0.00, real=0.02 secs] 
1718.131: [GC (Allocation Failure) [PSYoungGen: 308027K->60882K(465920K)] 1016964K->770125K(1428480K), 0.0079408 secs] [Times: user=0.01 sys=0.00, real=0.01 secs] 
1718.465: [GC (Allocation Failure) [PSYoungGen: 293842K->186357K(465920K)] 1003085K->896846K(1428480K), 0.0205729 secs] [Times: user=0.03 sys=0.00, real=0.02 secs] 
1718.811: [GC (Allocation Failure) [PSYoungGen: 419317K->186100K(465920K)] 1129806K->896862K(1428480K), 0.0207260 secs] [Times: user=0.03 sys=0.00, real=0.02 secs] 
1720.042: [GC (Allocation Failure) [PSYoungGen: 419060K->48961K(465920K)] 1129822K->760124K(1428480K), 0.0173949 secs] [Times: user=0.04 sys=0.00, real=0.02 secs] 
1721.319: [GC (Allocation Failure) [PSYoungGen: 281921K->87644K(465920K)] 993084K->798984K(1428480K), 0.0106237 secs] [Times: user=0.02 sys=0.00, real=0.01 secs] 
1721.594: [GC (Allocation Failure) [PSYoungGen: 320604K->185972K(465920K)] 1031944K->898558K(1428480K), 0.0205052 secs] [Times: user=0.02 sys=0.00, real=0.02 secs] 
1721.934: [GC (Allocation Failure) [PSYoungGen: 418932K->185940K(465920K)] 1131518K->898807K(1428480K), 0.0206712 secs] [Times: user=0.03 sys=0.00, real=0.02 secs] 
1723.364: [GC (Allocation Failure) [PSYoungGen: 418900K->22774K(465920K)] 1131767K->736043K(1428480K), 0.0058862 secs] [Times: user=0.02 sys=0.00, real=0.01 secs] 
1724.681: [GC (Allocation Failure) [PSYoungGen: 255734K->113577K(465920K)] 969003K->827022K(1428480K), 0.0132505 secs] [Times: user=0.02 sys=0.00, real=0.01 secs] 
1724.959: [GC (Allocation Failure) [PSYoungGen: 346537K->185972K(465920K)] 1059982K->900671K(1428480K), 0.0207516 secs] [Times: user=0.03 sys=0.00, real=0.02 secs] 
1725.244: [GC (Allocation Failure) [PSYoungGen: 418932K->181442K(465920K)] 1133631K->896414K(1428480K), 0.0203163 secs] [Times: user=0.03 sys=0.00, real=0.02 secs] 
1727.582: [GC (Allocation Failure) [PSYoungGen: 414402K->1344K(465920K)] 1129374K->716468K(1428480K), 0.0056758 secs] [Times: user=0.03 sys=0.00, real=0.00 secs] 
1728.928: [GC (Allocation Failure) [PSYoungGen: 234304K->134558K(465920K)] 949428K->849863K(1428480K), 0.0154875 secs] [Times: user=0.02 sys=0.00, real=0.01 secs] 
1729.265: [GC (Allocation Failure) [PSYoungGen: 367518K->184301K(465920K)] 1082823K->900859K(1428480K), 0.0206862 secs] [Times: user=0.02 sys=0.00, real=0.02 secs] 
1729.970: [GC (Allocation Failure) [PSYoungGen: 417261K->167443K(465920K)] 1133819K->884266K(1428480K), 0.0276626 secs] [Times: user=0.04 sys=0.00, real=0.02 secs] 
1731.574: [GC (Allocation Failure) [PSYoungGen: 400403K->96K(465920K)] 1117226K->718362K(1428480K), 0.0028383 secs] [Times: user=0.01 sys=0.00, real=0.00 secs] 
1732.054: [GC (Allocation Failure) [PSYoungGen: 233056K->156793K(465920K)] 951322K->875091K(1428480K), 0.0176733 secs] [Times: user=0.03 sys=0.00, real=0.02 secs] 
1732.335: [GC (Allocation Failure) [PSYoungGen: 389753K->184430K(465920K)] 1108051K->903974K(1428480K), 0.0207400 secs] [Times: user=0.03 sys=0.00, real=0.02 secs] 
1734.248: [GC (Allocation Failure) [PSYoungGen: 417390K->149175K(465920K)] 1136934K->868985K(1428480K), 0.0323865 secs] [Times: user=0.05 sys=0.00, real=0.04 secs] 
1735.300: [GC (Allocation Failure) [PSYoungGen: 382135K->96K(465920K)] 1101945K->721342K(1428480K), 0.0026851 secs] [Times: user=0.01 sys=0.00, real=0.00 secs] 
1735.688: [GC (Allocation Failure) [PSYoungGen: 233056K->181373K(465920K)] 954302K->902644K(1428480K), 0.0200790 secs] [Times: user=0.02 sys=0.00, real=0.02 secs] 
1735.974: [GC (Allocation Failure) [PSYoungGen: 414333K->184815K(465920K)] 1135604K->907332K(1428480K), 0.0205842 secs] [Times: user=0.02 sys=0.00, real=0.02 secs] 
1736.739: [GC (Allocation Failure) [PSYoungGen: 417775K->132402K(465920K)] 1140292K->855184K(1428480K), 0.0178952 secs] [Times: user=0.04 sys=0.00, real=0.01 secs] 
1737.678: [GC (Allocation Failure) [PSYoungGen: 365362K->20170K(465920K)] 1088144K->743259K(1428480K), 0.0047126 secs] [Times: user=0.01 sys=0.00, real=0.00 secs] 
1737.955: [GC (Allocation Failure) [PSYoungGen: 253130K->186229K(465920K)] 976219K->910564K(1428480K), 0.0207374 secs] [Times: user=0.03 sys=0.00, real=0.02 secs] 
1738.239: [GC (Allocation Failure) [PSYoungGen: 419189K->184687K(465920K)] 1143524K->909303K(1428480K), 0.0205957 secs] [Times: user=0.03 sys=0.00, real=0.02 secs] 
1740.298: [GC (Allocation Failure) [PSYoungGen: 417647K->107725K(465920K)] 1142263K->832607K(1428480K), 0.0326811 secs] [Times: user=0.07 sys=0.00, real=0.03 secs] 
1741.489: [GC (Allocation Failure) [PSYoungGen: 340685K->44589K(465920K)] 1065567K->769772K(1428480K), 0.0064542 secs] [Times: user=0.02 sys=0.00, real=0.00 secs] 
1741.762: [GC (Allocation Failure) [PSYoungGen: 277549K->186197K(465920K)] 1002732K->912762K(1428480K), 0.0208083 secs] [Times: user=0.03 sys=0.00, real=0.02 secs] 
1742.050: [GC (Allocation Failure) [PSYoungGen: 419157K->185972K(465920K)] 1145722K->912689K(1428480K), 0.0208840 secs] [Times: user=0.03 sys=0.00, real=0.02 secs] 
1743.423: [GC (Allocation Failure) [PSYoungGen: 418932K->65541K(465920K)] 1145649K->792531K(1428480K), 0.0237444 secs] [Times: user=0.04 sys=0.00, real=0.02 secs] 
1744.319: [GC (Allocation Failure) [PSYoungGen: 298501K->70168K(465920K)] 1025491K->797466K(1428480K), 0.0090132 secs] [Times: user=0.01 sys=0.00, real=0.01 secs] 
1744.660: [GC (Allocation Failure) [PSYoungGen: 303128K->186357K(465920K)] 1030426K->914901K(1428480K), 0.0206952 secs] [Times: user=0.03 sys=0.00, real=0.02 secs] 
1744.949: [GC (Allocation Failure) [PSYoungGen: 419317K->184847K(465920K)] 1147861K->913664K(1428480K), 0.0205648 secs] [Times: user=0.03 sys=0.00, real=0.02 secs] 
1747.581: [GC (Allocation Failure) [PSYoungGen: 417807K->41025K(465920K)] 1146624K->770235K(1428480K), 0.0085657 secs] [Times: user=0.02 sys=0.00, real=0.01 secs] 
1749.356: [GC (Allocation Failure) [PSYoungGen: 273985K->95131K(465920K)] 1003195K->824520K(1428480K), 0.0115918 secs] [Times: user=0.02 sys=0.00, real=0.01 secs] 
1749.694: [GC (Allocation Failure) [PSYoungGen: 328091K->186100K(465920K)] 1057480K->916736K(1428480K), 0.0207670 secs] [Times: user=0.02 sys=0.00, real=0.02 secs] 
1749.980: [GC (Allocation Failure) [PSYoungGen: 419060K->184526K(465920K)] 1149696K->915442K(1428480K), 0.0205030 secs] [Times: user=0.03 sys=0.00, real=0.02 secs] 
1752.438: [GC (Allocation Failure) [PSYoungGen: 417486K->16605K(465920K)] 1148402K->747787K(1428480K), 0.0051095 secs] [Times: user=0.02 sys=0.00, real=0.00 secs] 
1753.689: [GC (Allocation Failure) [PSYoungGen: 249565K->119328K(465920K)] 980747K->850827K(1428480K), 0.0138082 secs] [Times: user=0.03 sys=0.00, real=0.01 secs] 
1753.974: [GC (Allocation Failure) [PSYoungGen: 352288K->184462K(465920K)] 1083787K->917206K(1428480K), 0.0205372 secs] [Times: user=0.03 sys=0.00, real=0.02 secs] 
1754.490: [GC (Allocation Failure) [PSYoungGen: 417422K->179536K(465920K)] 1150166K->912690K(1428480K), 0.0266082 secs] [Times: user=0.04 sys=0.00, real=0.02 secs] 
1756.984: [GC (Allocation Failure) [PSYoungGen: 412496K->64K(465920K)] 1145650K->734531K(1428480K), 0.0028609 secs] [Times: user=0.01 sys=0.00, real=0.00 secs] 
1757.435: [GC (Allocation Failure) [PSYoungGen: 233024K->144615K(465920K)] 967491K->879090K(1428480K), 0.0162933 secs] [Times: user=0.03 sys=0.00, real=0.02 secs] 
1757.772: [GC (Allocation Failure) [PSYoungGen: 377575K->185843K(465920K)] 1112050K->921564K(1428480K), 0.0206207 secs] [Times: user=0.03 sys=0.00, real=0.02 secs] 
1758.251: [GC (Allocation Failure) [PSYoungGen: 418803K->160003K(465920K)] 1154524K->895997K(1428480K), 0.0203386 secs] [Times: user=0.03 sys=0.00, real=0.02 secs] 
1759.270: [GC (Allocation Failure) [PSYoungGen: 392963K->96K(465920K)] 1128957K->737533K(1428480K), 0.0025483 secs] [Times: user=0.01 sys=0.00, real=0.00 secs] 
1759.628: [GC (Allocation Failure) [PSYoungGen: 233056K->170159K(465920K)] 970493K->907621K(1428480K), 0.0190891 secs] [Times: user=0.02 sys=0.00, real=0.01 secs] 
1759.913: [GC (Allocation Failure) [PSYoungGen: 403119K->184301K(465920K)] 1140581K->923008K(1428480K), 0.0203775 secs] [Times: user=0.03 sys=0.00, real=0.02 secs] 
1760.901: [GC (Allocation Failure) [PSYoungGen: 410821K->135954K(465920K)] 1149528K->875063K(1428480K), 0.0196800 secs] [Times: user=0.04 sys=0.00, real=0.02 secs] 
1763.342: [GC (Allocation Failure) [PSYoungGen: 368914K->160K(465920K)] 1108023K->739449K(1428480K), 0.0039068 secs] [Times: user=0.02 sys=0.00, real=0.00 secs] 
1763.678: [GC (Allocation Failure) [PSYoungGen: 233120K->183975K(465920K)] 972409K->923297K(1428480K), 0.0203413 secs] [Times: user=0.03 sys=0.00, real=0.02 secs] 
1763.968: [GC (Allocation Failure) [PSYoungGen: 416935K->184365K(465920K)] 1156257K->924941K(1428480K), 0.0205317 secs] [Times: user=0.03 sys=0.00, real=0.03 secs] 
1764.549: [GC (Allocation Failure) [PSYoungGen: 417325K->130314K(465920K)] 1157901K->871170K(1428480K), 0.0164825 secs] [Times: user=0.03 sys=0.00, real=0.01 secs] 
1765.543: [GC (Allocation Failure) [PSYoungGen: 363274K->22582K(465920K)] 1104130K->763757K(1428480K), 0.0050293 secs] [Times: user=0.02 sys=0.00, real=0.01 secs] 
1765.818: [GC (Allocation Failure) [PSYoungGen: 255542K->186389K(465920K)] 996717K->928809K(1428480K), 0.0208353 secs] [Times: user=0.03 sys=0.00, real=0.02 secs] 
1766.111: [GC (Allocation Failure) [PSYoungGen: 419349K->184815K(465920K)] 1161769K->927516K(1428480K), 0.0209585 secs] [Times: user=0.03 sys=0.00, real=0.02 secs] 
1767.223: [GC (Allocation Failure) [PSYoungGen: 417775K->105026K(465920K)] 1160476K->848001K(1428480K), 0.0144051 secs] [Times: user=0.03 sys=0.00, real=0.01 secs] 
1768.733: [GC (Allocation Failure) [PSYoungGen: 337986K->47031K(465920K)] 1080961K->790315K(1428480K), 0.0066749 secs] [Times: user=0.02 sys=0.00, real=0.01 secs] 
1769.002: [GC (Allocation Failure) [PSYoungGen: 279991K->184847K(465920K)] 1023275K->929377K(1428480K), 0.0206092 secs] [Times: user=0.03 sys=0.00, real=0.02 secs] 
1769.285: [GC (Allocation Failure) [PSYoungGen: 417807K->184076K(465920K)] 1162337K->929015K(1428480K), 0.0204632 secs] [Times: user=0.03 sys=0.00, real=0.02 secs] 
1770.214: [GC (Allocation Failure) [PSYoungGen: 417036K->66504K(465920K)] 1161975K->811580K(1428480K), 0.0102799 secs] [Times: user=0.02 sys=0.00, real=0.01 secs] 
1770.989: [GC (Allocation Failure) [PSYoungGen: 299464K->69780K(465920K)] 1044540K->815177K(1428480K), 0.0089018 secs] [Times: user=0.02 sys=0.00, real=0.00 secs] 
1771.261: [GC (Allocation Failure) [PSYoungGen: 302740K->184237K(465920K)] 1048137K->930888K(1428480K), 0.0204728 secs] [Times: user=0.03 sys=0.00, real=0.02 secs] 
1771.602: [GC (Allocation Failure) [PSYoungGen: 417197K->184012K(465920K)] 1163848K->930944K(1428480K), 0.0206153 secs] [Times: user=0.02 sys=0.00, real=0.02 secs] 
1772.567: [GC (Allocation Failure) [PSYoungGen: 416972K->44302K(465920K)] 1163904K->791508K(1428480K), 0.0078540 secs] [Times: user=0.02 sys=0.00, real=0.01 secs] 
1773.235: [GC (Allocation Failure) [PSYoungGen: 277262K->92017K(465920K)] 1024468K->839530K(1428480K), 0.0110950 secs] [Times: user=0.02 sys=0.00, real=0.01 secs] 
1773.509: [GC (Allocation Failure) [PSYoungGen: 324977K->184173K(465920K)] 1072490K->932932K(1428480K), 0.0203965 secs] [Times: user=0.03 sys=0.00, real=0.02 secs] 
1773.792: [GC (Allocation Failure) [PSYoungGen: 417133K->184558K(465920K)] 1165892K->933598K(1428480K), 0.0204752 secs] [Times: user=0.02 sys=0.00, real=0.02 secs] 
1776.321: [GC (Allocation Failure) [PSYoungGen: 417518K->21586K(465920K)] 1166558K->771027K(1428480K), 0.0084721 secs] [Times: user=0.03 sys=0.00, real=0.01 secs] 
1777.679: [GC (Allocation Failure) [PSYoungGen: 254546K->113895K(465920K)] 1003987K->863522K(1428480K), 0.0133455 secs] [Times: user=0.02 sys=0.00, real=0.01 secs] 
1777.956: [GC (Allocation Failure) [PSYoungGen: 346855K->184173K(465920K)] 1096482K->935045K(1428480K), 0.0205853 secs] [Times: user=0.02 sys=0.00, real=0.02 secs] 
1778.299: [GC (Allocation Failure) [PSYoungGen: 417133K->184039K(465920K)] 1168005K->935185K(1428480K), 0.0203624 secs] [Times: user=0.03 sys=0.00, real=0.02 secs] 
1781.238: [GC (Allocation Failure) [PSYoungGen: 416999K->288K(465920K)] 1168145K->752673K(1428480K), 0.0047156 secs] [Times: user=0.02 sys=0.00, real=0.00 secs] 
1782.236: [GC (Allocation Failure) [PSYoungGen: 233248K->135136K(465920K)] 985633K->887696K(1428480K), 0.0155911 secs] [Times: user=0.03 sys=0.00, real=0.02 secs] 
1782.514: [GC (Allocation Failure) [PSYoungGen: 368096K->184365K(465920K)] 1120656K->938170K(1428480K), 0.0205453 secs] [Times: user=0.03 sys=0.00, real=0.02 secs] 
1783.028: [GC (Allocation Failure) [PSYoungGen: 417325K->166928K(465920K)] 1171130K->921127K(1428480K), 0.0208146 secs] [Times: user=0.03 sys=0.00, real=0.03 secs] 
1785.856: [GC (Allocation Failure) [PSYoungGen: 399888K->96K(465920K)] 1154087K->755606K(1428480K), 0.0036577 secs] [Times: user=0.02 sys=0.00, real=0.01 secs] 
1786.505: [GC (Allocation Failure) [PSYoungGen: 233056K->156340K(465920K)] 988566K->911882K(1428480K), 0.0176136 secs] [Times: user=0.03 sys=0.00, real=0.02 secs] 
1786.785: [GC (Allocation Failure) [PSYoungGen: 389300K->184301K(465920K)] 1144842K->941089K(1428480K), 0.0208099 secs] [Times: user=0.03 sys=0.00, real=0.02 secs] 
1787.557: [GC (Allocation Failure) [PSYoungGen: 417261K->149818K(465920K)] 1174049K->906879K(1428480K), 0.0222948 secs] [Times: user=0.04 sys=0.00, real=0.03 secs] 
1789.117: [GC (Allocation Failure) [PSYoungGen: 382778K->96K(465920K)] 1139839K->758602K(1428480K), 0.0028685 secs] [Times: user=0.01 sys=0.00, real=0.01 secs] 
1789.474: [GC (Allocation Failure) [PSYoungGen: 233056K->178160K(465920K)] 991562K->936691K(1428480K), 0.0198509 secs] [Times: user=0.03 sys=0.00, real=0.02 secs] 
1789.758: [GC (Allocation Failure) [PSYoungGen: 411120K->184430K(465920K)] 1169651K->944206K(1428480K), 0.0206053 secs] [Times: user=0.03 sys=0.00, real=0.03 secs] 
1791.138: [GC (Allocation Failure) [PSYoungGen: 417390K->136001K(465920K)] 1177166K->896042K(1428480K), 0.0398066 secs] [Times: user=0.07 sys=0.00, real=0.04 secs] 
1793.784: [GC (Allocation Failure) [PSYoungGen: 368961K->16156K(465920K)] 1129002K->776505K(1428480K), 0.0044785 secs] [Times: user=0.02 sys=0.00, real=0.01 secs] 
1794.062: [GC (Allocation Failure) [PSYoungGen: 249116K->184044K(465920K)] 1009465K->945647K(1428480K), 0.0206955 secs] [Times: user=0.03 sys=0.01, real=0.02 secs] 
1794.345: [GC (Allocation Failure) [PSYoungGen: 417004K->184012K(465920K)] 1178607K->945904K(1428480K), 0.0205694 secs] [Times: user=0.02 sys=0.00, real=0.02 secs] 
1796.675: [GC (Allocation Failure) [PSYoungGen: 416972K->114521K(465920K)] 1178864K->876678K(1428480K), 0.0312443 secs] [Times: user=0.07 sys=0.00, real=0.03 secs] 
1798.788: [GC (Allocation Failure) [PSYoungGen: 347481K->37620K(465920K)] 1109638K->800082K(1428480K), 0.0074588 secs] [Times: user=0.02 sys=0.00, real=0.01 secs] 
1799.088: [GC (Allocation Failure) [PSYoungGen: 270580K->186357K(465920K)] 1033042K->950058K(1428480K), 0.0206364 secs] [Times: user=0.03 sys=0.00, real=0.02 secs] 
1799.372: [GC (Allocation Failure) [PSYoungGen: 419317K->184815K(465920K)] 1183018K->948797K(1428480K), 0.0205013 secs] [Times: user=0.03 sys=0.00, real=0.02 secs] 
1801.746: [GC (Allocation Failure) [PSYoungGen: 417775K->73573K(465920K)] 1181757K->837828K(1428480K), 0.0229003 secs] [Times: user=0.04 sys=0.00, real=0.03 secs] 
1803.335: [GC (Allocation Failure) [PSYoungGen: 306533K->62100K(465920K)] 1070788K->826660K(1428480K), 0.0096236 secs] [Times: user=0.02 sys=0.00, real=0.01 secs] 
1803.681: [GC (Allocation Failure) [PSYoungGen: 295060K->186389K(465920K)] 1059620K->952332K(1428480K), 0.0209082 secs] [Times: user=0.03 sys=0.00, real=0.02 secs] 
1803.967: [GC (Allocation Failure) [PSYoungGen: 419349K->186036K(465920K)] 1185292K->952251K(1428480K), 0.0207156 secs] [Times: user=0.03 sys=0.00, real=0.02 secs] 
1805.672: [GC (Allocation Failure) [PSYoungGen: 418996K->47997K(465920K)] 1185211K->814365K(1428480K), 0.0112656 secs] [Times: user=0.03 sys=0.00, real=0.01 secs] 
1806.960: [GC (Allocation Failure) [PSYoungGen: 280957K->88576K(465920K)] 1047325K->855250K(1428480K), 0.0109845 secs] [Times: user=0.01 sys=0.00, real=0.01 secs] 
1807.236: [GC (Allocation Failure) [PSYoungGen: 321536K->185972K(465920K)] 1088210K->953891K(1428480K), 0.0206788 secs] [Times: user=0.03 sys=0.00, real=0.02 secs] 
1807.522: [GC (Allocation Failure) [PSYoungGen: 418932K->185940K(465920K)] 1186851K->954140K(1428480K), 0.0205149 secs] [Times: user=0.03 sys=0.00, real=0.02 secs] 
1809.167: [GC (Allocation Failure) [PSYoungGen: 418900K->21843K(465920K)] 1187100K->790445K(1428480K), 0.0058837 secs] [Times: user=0.01 sys=0.01, real=0.01 secs] 
1810.142: [GC (Allocation Failure) [PSYoungGen: 254803K->114409K(465920K)] 1023405K->883190K(1428480K), 0.0133903 secs] [Times: user=0.02 sys=0.00, real=0.01 secs] 
1810.482: [GC (Allocation Failure) [PSYoungGen: 347369K->185940K(465920K)] 1116150K->955966K(1428480K), 0.0207302 secs] [Times: user=0.03 sys=0.00, real=0.02 secs] 
1810.984: [GC (Allocation Failure) [PSYoungGen: 418900K->182910K(465920K)] 1188926K->953210K(1428480K), 0.0221682 secs] [Times: user=0.03 sys=0.00, real=0.02 secs] 
1813.188: [GC (Allocation Failure) [PSYoungGen: 415870K->128K(465920K)] 1186170K->771863K(1428480K), 0.0042328 secs] [Times: user=0.02 sys=0.00, real=0.00 secs] 
1814.198: [GC (Allocation Failure) [PSYoungGen: 233088K->140085K(465920K)] 1004823K->911836K(1428480K), 0.0161347 secs] [Times: user=0.02 sys=0.00, real=0.01 secs] 
1814.545: [GC (Allocation Failure) [PSYoungGen: 373045K->186100K(465920K)] 1144796K->959105K(1428480K), 0.0209132 secs] [Times: user=0.03 sys=0.00, real=0.02 secs] 
1815.086: [GC (Allocation Failure) [PSYoungGen: 415126K->160069K(465920K)] 1188131K->933339K(1428480K), 0.0243297 secs] [Times: user=0.04 sys=0.00, real=0.03 secs] 
1816.341: [GC (Allocation Failure) [PSYoungGen: 393029K->128K(465920K)] 1166299K->774831K(1428480K), 0.0028751 secs] [Times: user=0.01 sys=0.01, real=0.00 secs] 
1816.750: [GC (Allocation Failure) [PSYoungGen: 233088K->160841K(465920K)] 1007791K->935561K(1428480K), 0.0181386 secs] [Times: user=0.03 sys=0.00, real=0.02 secs] 
1817.031: [GC (Allocation Failure) [PSYoungGen: 393801K->184398K(465920K)] 1168521K->960363K(1428480K), 0.0206160 secs] [Times: user=0.02 sys=0.00, real=0.02 secs] 
1818.331: [GC (Allocation Failure) [PSYoungGen: 417358K->145191K(465920K)] 1193323K->921430K(1428480K), 0.0317193 secs] [Times: user=0.05 sys=0.00, real=0.03 secs] 
1820.813: [GC (Allocation Failure) [PSYoungGen: 378151K->128K(465920K)] 1154390K->777803K(1428480K), 0.0040819 secs] [Times: user=0.02 sys=0.00, real=0.00 secs] 
1821.158: [GC (Allocation Failure) [PSYoungGen: 233088K->182530K(465920K)] 1010763K->960230K(1428480K), 0.0204990 secs] [Times: user=0.03 sys=0.00, real=0.02 secs] 
1821.449: [GC (Allocation Failure) [PSYoungGen: 415490K->184430K(465920K)] 1193190K->963496K(1428480K), 0.0205215 secs] [Times: user=0.03 sys=0.00, real=0.02 secs] 
1822.367: [GC (Allocation Failure) [PSYoungGen: 417390K->131631K(465920K)] 1196456K->910834K(1428480K), 0.0190735 secs] [Times: user=0.04 sys=0.00, real=0.02 secs] 
1825.077: [GC (Allocation Failure) [PSYoungGen: 364591K->20812K(465920K)] 1143794K->800333K(1428480K), 0.0073424 secs] [Times: user=0.03 sys=0.00, real=0.01 secs] 
1825.433: [GC (Allocation Failure) [PSYoungGen: 253772K->186486K(465920K)] 1033293K->967252K(1428480K), 0.0207771 secs] [Times: user=0.03 sys=0.00, real=0.02 secs] 
1825.728: [GC (Allocation Failure) [PSYoungGen: 419446K->186164K(465920K)] 1200212K->967340K(1428480K), 0.0206125 secs] [Times: user=0.03 sys=0.00, real=0.02 secs] 
1827.000: [GC (Allocation Failure) [PSYoungGen: 419124K->105444K(465920K)] 1200300K->886885K(1428480K), 0.0150575 secs] [Times: user=0.04 sys=0.00, real=0.01 secs] 
1828.742: [GC (Allocation Failure) [PSYoungGen: 338404K->47160K(465920K)] 1119845K->828777K(1428480K), 0.0082535 secs] [Times: user=0.02 sys=0.00, real=0.01 secs] 
1829.030: [GC (Allocation Failure) [PSYoungGen: 280120K->186100K(465920K)] 1061737K->968964K(1428480K), 0.0206872 secs] [Times: user=0.03 sys=0.00, real=0.02 secs] 
1829.315: [GC (Allocation Failure) [PSYoungGen: 419060K->185875K(465920K)] 1201924K->969020K(1428480K), 0.0206733 secs] [Times: user=0.03 sys=0.00, real=0.02 secs] 
1831.920: [GC (Allocation Failure) [PSYoungGen: 418835K->63211K(465920K)] 1201980K->846629K(1428480K), 0.0106197 secs] [Times: user=0.02 sys=0.00, real=0.01 secs] 
1832.856: [GC (Allocation Failure) [PSYoungGen: 296171K->73606K(465920K)] 1079589K->857331K(1428480K), 0.0128746 secs] [Times: user=0.02 sys=0.00, real=0.02 secs] 
1833.241: [GC (Allocation Failure) [PSYoungGen: 306566K->184558K(465920K)] 1090291K->969529K(1428480K), 0.0206065 secs] [Times: user=0.03 sys=0.00, real=0.02 secs] 
1833.527: [GC (Allocation Failure) [PSYoungGen: 417518K->186357K(465920K)] 1202489K->971609K(1428480K), 0.0207611 secs] [Times: user=0.03 sys=0.00, real=0.02 secs] 
1835.313: [GC (Allocation Failure) [PSYoungGen: 419317K->37812K(465920K)] 1204569K->823337K(1428480K), 0.0102912 secs] [Times: user=0.03 sys=0.00, real=0.01 secs] 
1836.463: [GC (Allocation Failure) [PSYoungGen: 270772K->98315K(465920K)] 1056297K->884163K(1428480K), 0.0117921 secs] [Times: user=0.02 sys=0.00, real=0.01 secs] 
1836.737: [GC (Allocation Failure) [PSYoungGen: 331275K->184173K(465920K)] 1117123K->971275K(1428480K), 0.0204640 secs] [Times: user=0.03 sys=0.00, real=0.02 secs] 
1837.025: [GC (Allocation Failure) [PSYoungGen: 417133K->184590K(465920K)] 1204235K->971965K(1428480K), 0.0205219 secs] [Times: user=0.03 sys=0.00, real=0.02 secs] 
1839.102: [GC (Allocation Failure) [PSYoungGen: 417550K->15288K(465920K)] 1204925K->803065K(1428480K), 0.0049684 secs] [Times: user=0.02 sys=0.00, real=0.00 secs] 
1840.258: [GC (Allocation Failure) [PSYoungGen: 248248K->120099K(465920K)] 1036025K->908071K(1428480K), 0.0139361 secs] [Times: user=0.03 sys=0.00, real=0.01 secs] 
1840.535: [GC (Allocation Failure) [PSYoungGen: 353059K->184173K(465920K)] 1141031K->973398K(1428480K), 0.0204663 secs] [Times: user=0.02 sys=0.00, real=0.02 secs] 
1840.843: [GC (Allocation Failure) [PSYoungGen: 417133K->178510K(465920K)] 1206358K->968017K(1428480K), 0.0200521 secs] [Times: user=0.02 sys=0.00, real=0.02 secs] 
1841.774: [GC (Allocation Failure) [PSYoungGen: 411470K->96K(465920K)] 1200977K->791060K(1428480K), 0.0030773 secs] [Times: user=0.01 sys=0.00, real=0.00 secs] 
1842.287: [GC (Allocation Failure) [PSYoungGen: 233056K->143844K(465920K)] 1024020K->934832K(1428480K), 0.0162425 secs] [Times: user=0.03 sys=0.00, real=0.02 secs] 
1842.568: [GC (Allocation Failure) [PSYoungGen: 376804K->186100K(465920K)] 1167792K->978334K(1428480K), 0.0207370 secs] [Times: user=0.03 sys=0.00, real=0.02 secs] 
1843.885: [GC (Allocation Failure) [PSYoungGen: 419060K->160454K(465920K)] 1211294K->952961K(1428480K), 0.0357378 secs] [Times: user=0.06 sys=0.00, real=0.04 secs] 
1846.048: [GC (Allocation Failure) [PSYoungGen: 393414K->128K(465920K)] 1185921K->794073K(1428480K), 0.0029996 secs] [Times: user=0.01 sys=0.00, real=0.00 secs] 
1846.406: [GC (Allocation Failure) [PSYoungGen: 233088K->168681K(465920K)] 1027033K->962658K(1428480K), 0.0187886 secs] [Times: user=0.03 sys=0.00, real=0.02 secs] 
1846.687: [GC (Allocation Failure) [PSYoungGen: 401641K->184494K(465920K)] 1195618K->979845K(1428480K), 0.0205171 secs] [Times: user=0.03 sys=0.00, real=0.02 secs] 
1847.468: [GC (Allocation Failure) [PSYoungGen: 411659K->137287K(465920K)] 1207010K->932904K(1428480K), 0.0182087 secs] [Times: user=0.03 sys=0.00, real=0.01 secs] 
1849.184: [GC (Allocation Failure) [PSYoungGen: 370247K->1376K(465920K)] 1165864K->797180K(1428480K), 0.0036883 secs] [Times: user=0.02 sys=0.00, real=0.01 secs] 
1849.510: [GC (Allocation Failure) [PSYoungGen: 234336K->184815K(465920K)] 1030140K->981864K(1428480K), 0.0206091 secs] [Times: user=0.03 sys=0.00, real=0.02 secs] 
1849.795: [GC (Allocation Failure) [PSYoungGen: 417775K->184655K(465920K)] 1214824K->982113K(1428480K), 0.0207100 secs] [Times: user=0.03 sys=0.00, real=0.02 secs] 
1850.357: [GC (Allocation Failure) [PSYoungGen: 417615K->127904K(465920K)] 1215073K->925507K(1428480K), 0.0151923 secs] [Times: user=0.03 sys=0.00, real=0.02 secs] 
1851.270: [GC (Allocation Failure) [PSYoungGen: 360864K->24767K(465920K)] 1158467K->822686K(1428480K), 0.0044640 secs] [Times: user=0.02 sys=0.00, real=0.00 secs] 
1851.541: [GC (Allocation Failure) [PSYoungGen: 257727K->184173K(465920K)] 1055646K->983337K(1428480K), 0.0205529 secs] [Times: user=0.03 sys=0.00, real=0.02 secs] 
1851.829: [GC (Allocation Failure) [PSYoungGen: 417133K->184430K(465920K)] 1216297K->983875K(1428480K), 0.0207037 secs] [Times: user=0.03 sys=0.00, real=0.02 secs] 
1852.495: [GC (Allocation Failure) [PSYoungGen: 417390K->105412K(465920K)] 1216835K->905123K(1428480K), 0.0135810 secs] [Times: user=0.03 sys=0.00, real=0.02 secs] 
1853.882: [GC (Allocation Failure) [PSYoungGen: 338372K->47259K(465920K)] 1138083K->847271K(1428480K), 0.0092472 secs] [Times: user=0.02 sys=0.00, real=0.01 secs] 
1854.269: [GC (Allocation Failure) [PSYoungGen: 280219K->186518K(465920K)] 1080231K->987776K(1428480K), 0.0207222 secs] [Times: user=0.03 sys=0.00, real=0.02 secs] 
1854.557: [GC (Allocation Failure) [PSYoungGen: 419478K->186100K(465920K)] 1220736K->987768K(1428480K), 0.0207841 secs] [Times: user=0.03 sys=0.00, real=0.02 secs] 
1856.075: [GC (Allocation Failure) [PSYoungGen: 419060K->62440K(465920K)] 1220728K->864373K(1428480K), 0.0116715 secs] [Times: user=0.03 sys=0.00, real=0.01 secs] 
1856.910: [GC (Allocation Failure) [PSYoungGen: 295400K->74377K(465920K)] 1097333K->876491K(1428480K), 0.0094326 secs] [Times: user=0.01 sys=0.00, real=0.01 secs] 
1857.184: [GC (Allocation Failure) [PSYoungGen: 307337K->185843K(465920K)] 1109451K->989331K(1428480K), 0.0207408 secs] [Times: user=0.03 sys=0.00, real=0.02 secs] 
1857.467: [GC (Allocation Failure) [PSYoungGen: 418803K->184590K(465920K)] 1222291K->988231K(1428480K), 0.0206532 secs] [Times: user=0.03 sys=0.00, real=0.03 secs] 
1859.107: [GC (Allocation Failure) [PSYoungGen: 417550K->37555K(465920K)] 1221191K->841589K(1428480K), 0.0104257 secs] [Times: user=0.03 sys=0.00, real=0.01 secs] 
1860.099: [GC (Allocation Failure) [PSYoungGen: 270515K->99118K(465920K)] 1074549K->903339K(1428480K), 0.0119495 secs] [Times: user=0.02 sys=0.00, real=0.01 secs] 
1860.376: [GC (Allocation Failure) [PSYoungGen: 332078K->186132K(465920K)] 1136299K->991728K(1428480K), 0.0207145 secs] [Times: user=0.02 sys=0.00, real=0.02 secs] 
1860.716: [GC (Allocation Failure) [PSYoungGen: 419092K->185940K(465920K)] 1224688K->991816K(1428480K), 0.0209027 secs] [Times: user=0.03 sys=0.00, real=0.02 secs] 
1863.146: [GC (Allocation Failure) [PSYoungGen: 418900K->11223K(465920K)] 1224776K->817236K(1428480K), 0.0045225 secs] [Times: user=0.02 sys=0.00, real=0.01 secs] 
1864.012: [GC (Allocation Failure) [PSYoungGen: 244183K->124595K(465920K)] 1050196K->930931K(1428480K), 0.0145353 secs] [Times: user=0.03 sys=0.00, real=0.01 secs] 
1864.291: [GC (Allocation Failure) [PSYoungGen: 357555K->186100K(465920K)] 1163891K->993691K(1428480K), 0.0207702 secs] [Times: user=0.03 sys=0.00, real=0.02 secs] 
1864.677: [GC (Allocation Failure) [PSYoungGen: 419060K->173572K(465920K)] 1226651K->981556K(1428480K), 0.0224848 secs] [Times: user=0.04 sys=0.00, real=0.03 secs] 
1865.656: [GC (Allocation Failure) [PSYoungGen: 406532K->128K(465920K)] 1214516K->809416K(1428480K), 0.0033898 secs] [Times: user=0.01 sys=0.00, real=0.01 secs] 
1866.306: [GC (Allocation Failure) [PSYoungGen: 233088K->148342K(465920K)] 1042376K->957639K(1428480K), 0.0169877 secs] [Times: user=0.02 sys=0.00, real=0.02 secs] 
1866.590: [GC (Allocation Failure) [PSYoungGen: 381302K->184558K(465920K)] 1190599K->995093K(1428480K), 0.0229248 secs] [Times: user=0.04 sys=0.00, real=0.02 secs] 
1867.229: [GC (Allocation Failure) [PSYoungGen: 417518K->157514K(465920K)] 1228053K->968442K(1428480K), 0.0213248 secs] [Times: user=0.03 sys=0.00, real=0.02 secs] 
1868.287: [GC (Allocation Failure) [PSYoungGen: 390474K->96K(465920K)] 1201402K->812331K(1428480K), 0.0030168 secs] [Times: user=0.01 sys=0.00, real=0.01 secs] 
1868.714: [GC (Allocation Failure) [PSYoungGen: 233056K->172987K(465920K)] 1045291K->985238K(1428480K), 0.0193481 secs] [Times: user=0.03 sys=0.00, real=0.02 secs] 
1868.999: [GC (Allocation Failure) [PSYoungGen: 405947K->185972K(465920K)] 1218198K->999597K(1428480K), 0.0210387 secs] [Times: user=0.03 sys=0.00, real=0.02 secs] 
1870.247: [GC (Allocation Failure) [PSYoungGen: 418932K->139599K(465920K)] 1232557K->953361K(1428480K), 0.0311530 secs] [Times: user=0.06 sys=0.00, real=0.03 secs] 
1871.479: [GC (Allocation Failure) [PSYoungGen: 372559K->13197K(465920K)] 1186321K->827277K(1428480K), 0.0042559 secs] [Times: user=0.01 sys=0.00, real=0.00 secs] 
1871.759: [GC (Allocation Failure) [PSYoungGen: 246157K->184815K(465920K)] 1060237K->1000141K(1428480K), 0.0207926 secs] [Times: user=0.03 sys=0.00, real=0.02 secs] 
1872.047: [GC (Allocation Failure) [PSYoungGen: 417775K->184173K(465920K)] 1233101K->999779K(1428480K), 0.0204929 secs] [Times: user=0.03 sys=0.00, real=0.02 secs] 
1873.713: [GC (Allocation Failure) [PSYoungGen: 417133K->116626K(465920K)] 1232739K->932497K(1428480K), 0.0344464 secs] [Times: user=0.07 sys=0.00, real=0.04 secs] 
1876.169: [GC (Allocation Failure) [PSYoungGen: 349586K->35306K(465920K)] 1165457K->851486K(1428480K), 0.0076924 secs] [Times: user=0.02 sys=0.00, real=0.00 secs] 
1876.478: [GC (Allocation Failure) [PSYoungGen: 268266K->184815K(465920K)] 1084446K->1002256K(1428480K), 0.0207091 secs] [Times: user=0.03 sys=0.00, real=0.02 secs] 
1876.769: [GC (Allocation Failure) [PSYoungGen: 417775K->184944K(465920K)] 1235216K->1002666K(1428480K), 0.0205839 secs] [Times: user=0.03 sys=0.00, real=0.02 secs] 
1877.593: [GC (Allocation Failure) [PSYoungGen: 417904K->77284K(465920K)] 1235626K->895272K(1428480K), 0.0107517 secs] [Times: user=0.02 sys=0.00, real=0.01 secs] 
1878.556: [GC (Allocation Failure) [PSYoungGen: 310244K->59212K(465920K)] 1128232K->877508K(1428480K), 0.0079272 secs] [Times: user=0.02 sys=0.00, real=0.01 secs] 
1878.828: [GC (Allocation Failure) [PSYoungGen: 292172K->184687K(465920K)] 1110468K->1004229K(1428480K), 0.0206231 secs] [Times: user=0.02 sys=0.00, real=0.03 secs] 
1879.114: [GC (Allocation Failure) [PSYoungGen: 417647K->186486K(465920K)] 1237189K->1006309K(1428480K), 0.0207327 secs] [Times: user=0.03 sys=0.00, real=0.02 secs] 
1880.374: [GC (Allocation Failure) [PSYoungGen: 419446K->51981K(465920K)] 1239269K->872070K(1428480K), 0.0108336 secs] [Times: user=0.03 sys=0.00, real=0.01 secs] 
1881.077: [GC (Allocation Failure) [PSYoungGen: 284941K->84945K(465920K)] 1105030K->905348K(1428480K), 0.0104584 secs] [Times: user=0.02 sys=0.00, real=0.01 secs] 
1881.354: [GC (Allocation Failure) [PSYoungGen: 317905K->185972K(465920K)] 1138308K->1007620K(1428480K), 0.0212350 secs] [Times: user=0.03 sys=0.00, real=0.02 secs] 
1881.642: [GC (Allocation Failure) [PSYoungGen: 418932K->185940K(465920K)] 1240580K->1007869K(1428480K), 0.0208227 secs] [Times: user=0.03 sys=0.00, real=0.02 secs] 
1883.650: [GC (Allocation Failure) [PSYoungGen: 418900K->25441K(465920K)] 1240829K->847764K(1428480K), 0.0085170 secs] [Times: user=0.03 sys=0.00, real=0.01 secs] 
1884.868: [GC (Allocation Failure) [PSYoungGen: 258401K->111906K(465920K)] 1080724K->934415K(1428480K), 0.0132542 secs] [Times: user=0.02 sys=0.00, real=0.02 secs] 
1885.146: [GC (Allocation Failure) [PSYoungGen: 344866K->185715K(465920K)] 1167375K->1009478K(1428480K), 0.0209192 secs] [Times: user=0.03 sys=0.01, real=0.02 secs] 
1885.428: [GC (Allocation Failure) [PSYoungGen: 418675K->183401K(465920K)] 1242438K->1007446K(1428480K), 0.0204125 secs] [Times: user=0.03 sys=0.00, real=0.02 secs] 
1886.714: [GC (Allocation Failure) [PSYoungGen: 416361K->1392K(465920K)] 1240406K->825588K(1428480K), 0.0029590 secs] [Times: user=0.01 sys=0.01, real=0.00 secs] 
1887.355: [GC (Allocation Failure) [PSYoungGen: 234352K->134590K(465920K)] 1058548K->958975K(1428480K), 0.0155546 secs] [Times: user=0.02 sys=0.00, real=0.02 secs] 
1887.633: [GC (Allocation Failure) [PSYoungGen: 367550K->184333K(465920K)] 1191935K->1009964K(1428480K), 0.0208098 secs] [Times: user=0.03 sys=0.00, real=0.02 secs] 
1888.323: [GC (Allocation Failure) [PSYoungGen: 417293K->167411K(465920K)] 1242924K->993443K(1428480K), 0.0280640 secs] [Times: user=0.04 sys=0.00, real=0.03 secs] 
1890.775: [GC (Allocation Failure) [PSYoungGen: 400371K->128K(465920K)] 1226403K->827471K(1428480K), 0.0043560 secs] [Times: user=0.02 sys=0.00, real=0.01 secs] 
1891.340: [GC (Allocation Failure) [PSYoungGen: 233088K->158335K(465920K)] 1060431K->985694K(1428480K), 0.0180630 secs] [Times: user=0.03 sys=0.00, real=0.01 secs] 
1891.627: [GC (Allocation Failure) [PSYoungGen: 391295K->186100K(465920K)] 1218654K->1014713K(1428480K), 0.0208873 secs] [Times: user=0.03 sys=0.00, real=0.03 secs] 
1892.362: [GC (Allocation Failure) [PSYoungGen: 419060K->145994K(465920K)] 1247673K->974880K(1428480K), 0.0187366 secs] [Times: user=0.03 sys=0.00, real=0.02 secs] 
1894.474: [GC (Allocation Failure) [PSYoungGen: 378954K->128K(465920K)] 1207840K->830465K(1428480K), 0.0032510 secs] [Times: user=0.02 sys=0.00, real=0.00 secs] 
1894.785: [GC (Allocation Failure) [PSYoungGen: 233088K->183847K(465920K)] 1063425K->1014208K(1428480K), 0.0204824 secs] [Times: user=0.03 sys=0.00, real=0.02 secs] 
1895.073: [GC (Allocation Failure) [PSYoungGen: 416807K->186261K(465920K)] 1247168K->1017876K(1428480K), 0.0207001 secs] [Times: user=0.03 sys=0.00, real=0.02 secs] 
1896.516: [GC (Allocation Failure) [PSYoungGen: 419221K->128514K(465920K)] 1250836K->960403K(1428480K), 0.0336595 secs] [Times: user=0.07 sys=0.00, real=0.04 secs] 
1897.995: [GC (Allocation Failure) [PSYoungGen: 361474K->25153K(465920K)] 1193363K->857343K(1428480K), 0.0054005 secs] [Times: user=0.02 sys=0.00, real=0.01 secs] 
1898.265: [GC (Allocation Failure) [PSYoungGen: 258113K->185715K(465920K)] 1090303K->1019151K(1428480K), 0.0207917 secs] [Times: user=0.03 sys=0.00, real=0.02 secs] 
1898.612: [GC (Allocation Failure) [PSYoungGen: 418675K->185811K(465920K)] 1252111K->1019528K(1428480K), 0.0206957 secs] [Times: user=0.03 sys=0.00, real=0.02 secs] 
1899.755: [GC (Allocation Failure) [PSYoungGen: 418771K->85654K(465920K)] 1252488K->919636K(1428480K), 0.0142816 secs] [Times: user=0.03 sys=0.00, real=0.02 secs] 
1901.107: [GC (Allocation Failure) [PSYoungGen: 318614K->50729K(465920K)] 1152596K->885025K(1428480K), 0.0083743 secs] [Times: user=0.02 sys=0.00, real=0.01 secs] 
1901.388: [GC (Allocation Failure) [PSYoungGen: 283689K->185843K(465920K)] 1117985K->1021384K(1428480K), 0.0209562 secs] [Times: user=0.03 sys=0.00, real=0.02 secs] 
1901.675: [GC (Allocation Failure) [PSYoungGen: 418803K->185875K(465920K)] 1254344K->1021690K(1428480K), 0.0206895 secs] [Times: user=0.03 sys=0.00, real=0.02 secs] 
1903.703: [GC (Allocation Failure) [PSYoungGen: 418835K->59886K(465920K)] 1254650K->895973K(1428480K), 0.0215462 secs] [Times: user=0.05 sys=0.00, real=0.02 secs] 
1905.624: [GC (Allocation Failure) [PSYoungGen: 292846K->75563K(465920K)] 1128933K->911982K(1428480K), 0.0095253 secs] [Times: user=0.02 sys=0.00, real=0.01 secs] 
1905.897: [GC (Allocation Failure) [PSYoungGen: 308523K->184173K(465920K)] 1144942K->1021837K(1428480K), 0.0205746 secs] [Times: user=0.03 sys=0.01, real=0.02 secs] 
1906.189: [GC (Allocation Failure) [PSYoungGen: 417133K->183916K(465920K)] 1254797K->1021861K(1428480K), 0.0205647 secs] [Times: user=0.03 sys=0.00, real=0.02 secs] 
1907.544: [GC (Allocation Failure) [PSYoungGen: 416876K->38711K(465920K)] 1254821K->877050K(1428480K), 0.0076258 secs] [Times: user=0.02 sys=0.01, real=0.01 secs] 
1908.611: [GC (Allocation Failure) [PSYoungGen: 271619K->97287K(465920K)] 1109958K->935813K(1428480K), 0.0117959 secs] [Times: user=0.02 sys=0.00, real=0.01 secs] 
1908.944: [GC (Allocation Failure) [PSYoungGen: 330247K->184076K(465920K)] 1168773K->1023840K(1428480K), 0.0207158 secs] [Times: user=0.03 sys=0.00, real=0.02 secs] 
1909.228: [GC (Allocation Failure) [PSYoungGen: 417036K->184526K(465920K)] 1256800K->1024572K(1428480K), 0.0207196 secs] [Times: user=0.03 sys=0.00, real=0.03 secs] 
1910.275: [GC (Allocation Failure) [PSYoungGen: 417486K->16477K(465920K)] 1257532K->856916K(1428480K), 0.0048966 secs] [Times: user=0.01 sys=0.00, real=0.01 secs] 
1910.877: [GC (Allocation Failure) [PSYoungGen: 249437K->119778K(465920K)] 1089876K->960389K(1428480K), 0.0140768 secs] [Times: user=0.02 sys=0.00, real=0.02 secs] 
1911.215: [GC (Allocation Failure) [PSYoungGen: 352738K->184205K(465920K)] 1193349K->1026069K(1428480K), 0.0206171 secs] [Times: user=0.03 sys=0.00, real=0.02 secs] 
1911.659: [GC (Allocation Failure) [PSYoungGen: 417165K->178783K(465920K)] 1259029K->1020920K(1428480K), 0.0225530 secs] [Times: user=0.03 sys=0.00, real=0.02 secs] 
1913.986: [GC (Allocation Failure) [PSYoungGen: 411743K->160K(465920K)] 1253880K->843746K(1428480K), 0.0049739 secs] [Times: user=0.02 sys=0.00, real=0.01 secs] 
1914.931: [GC (Allocation Failure) [PSYoungGen: 233120K->141145K(465920K)] 1076706K->984756K(1428480K), 0.0161666 secs] [Times: user=0.02 sys=0.00, real=0.01 secs] 
1915.213: [GC (Allocation Failure) [PSYoungGen: 374105K->184687K(465920K)] 1217716K->1029543K(1428480K), 0.0206631 secs] [Times: user=0.03 sys=0.00, real=0.02 secs] 
1916.025: [GC (Allocation Failure) [PSYoungGen: 414778K->160470K(465920K)] 1259635K->1005720K(1428480K), 0.0239611 secs] [Times: user=0.04 sys=0.00, real=0.03 secs] 
1917.723: [GC (Allocation Failure) [PSYoungGen: 393430K->128K(465920K)] 1238680K->846689K(1428480K), 0.0037019 secs] [Times: user=0.02 sys=0.00, real=0.00 secs] 
1918.454: [GC (Allocation Failure) [PSYoungGen: 233088K->161452K(465920K)] 1079649K->1008029K(1428480K), 0.0181065 secs] [Times: user=0.03 sys=0.00, real=0.02 secs] 
1918.735: [GC (Allocation Failure) [PSYoungGen: 394412K->184590K(465920K)] 1240989K->1032542K(1428480K), 0.0205813 secs] [Times: user=0.03 sys=0.00, real=0.02 secs] 
1920.456: [GC (Allocation Failure) [PSYoungGen: 417550K->144356K(465920K)] 1265502K->992452K(1428480K), 0.0425143 secs] [Times: user=0.07 sys=0.00, real=0.05 secs] 
1922.353: [GC (Allocation Failure) [PSYoungGen: 377316K->96K(465920K)] 1225412K->849633K(1428480K), 0.0030031 secs] [Times: user=0.01 sys=0.00, real=0.00 secs] 
1922.684: [GC (Allocation Failure) [PSYoungGen: 233056K->183718K(465920K)] 1082593K->1033272K(1428480K), 0.0204351 secs] [Times: user=0.02 sys=0.00, real=0.02 secs] 
1922.967: [GC (Allocation Failure) [PSYoungGen: 416678K->184590K(465920K)] 1266232K->1035397K(1428480K), 0.0206406 secs] [Times: user=0.03 sys=0.00, real=0.03 secs] 
1924.099: [GC (Allocation Failure) [PSYoungGen: 417550K->130346K(465920K)] 1268357K->981546K(1428480K), 0.0234477 secs] [Times: user=0.04 sys=0.00, real=0.02 secs] 
1925.643: [GC (Allocation Failure) [PSYoungGen: 363306K->22197K(465920K)] 1214506K->873585K(1428480K), 0.0062408 secs] [Times: user=0.02 sys=0.00, real=0.01 secs] 
1925.946: [GC (Allocation Failure) [PSYoungGen: 255157K->186389K(465920K)] 1106545K->1039023K(1428480K), 0.0210327 secs] [Times: user=0.03 sys=0.00, real=0.02 secs] 
1926.230: [GC (Allocation Failure) [PSYoungGen: 419349K->184815K(465920K)] 1271983K->1037730K(1428480K), 0.0207001 secs] [Times: user=0.03 sys=0.00, real=0.02 secs] 
1926.865: [GC (Allocation Failure) [PSYoungGen: 417775K->105348K(465920K)] 1270690K->958536K(1428480K), 0.0115733 secs] [Times: user=0.03 sys=0.00, real=0.01 secs] 
1927.812: [GC (Allocation Failure) [PSYoungGen: 338308K->47130K(465920K)] 1191496K->900644K(1428480K), 0.0070342 secs] [Times: user=0.02 sys=0.00, real=0.01 secs] 
1928.089: [GC (Allocation Failure) [PSYoungGen: 280090K->186325K(465920K)] 1133604K->1041077K(1428480K), 0.0252059 secs] [Times: user=0.04 sys=0.00, real=0.02 secs] 
1928.442: [GC (Allocation Failure) [PSYoungGen: 419285K->185972K(465920K)] 1274037K->1041125K(1428480K), 0.0209281 secs] [Times: user=0.02 sys=0.00, real=0.02 secs] 
1929.212: [GC (Allocation Failure) [PSYoungGen: 418932K->62906K(465920K)] 1274085K->918195K(1428480K), 0.0149578 secs] [Times: user=0.03 sys=0.00, real=0.01 secs] 
1930.762: [GC (Allocation Failure) [PSYoungGen: 295866K->73507K(465920K)] 1151155K->929094K(1428480K), 0.0111100 secs] [Times: user=0.02 sys=0.00, real=0.01 secs] 
1931.118: [GC (Allocation Failure) [PSYoungGen: 306467K->186389K(465920K)] 1162054K->1043351K(1428480K), 0.0209709 secs] [Times: user=0.03 sys=0.00, real=0.02 secs] 
1931.466: [GC (Allocation Failure) [PSYoungGen: 419349K->186100K(465920K)] 1276311K->1043214K(1428480K), 0.0211717 secs] [Times: user=0.03 sys=0.00, real=0.02 secs] 
1932.801: [GC (Allocation Failure) [PSYoungGen: 419060K->36398K(465920K)] 1276174K->893777K(1428480K), 0.0076650 secs] [Times: user=0.02 sys=0.00, real=0.01 secs] 
1933.835: [GC (Allocation Failure) [PSYoungGen: 269358K->100304K(465920K)] 1126737K->958012K(1428480K), 0.0120687 secs] [Times: user=0.02 sys=0.00, real=0.01 secs] 
1934.166: [GC (Allocation Failure) [PSYoungGen: 333264K->184751K(465920K)] 1190972K->1043713K(1428480K), 0.0207100 secs] [Times: user=0.03 sys=0.00, real=0.02 secs] 
1934.454: [GC (Allocation Failure) [PSYoungGen: 417711K->186486K(465920K)] 1276673K->1045866K(1428480K), 0.0208328 secs] [Times: user=0.03 sys=0.00, real=0.02 secs] 
1937.117: [GC (Allocation Failure) [PSYoungGen: 419446K->10934K(465920K)] 1278826K->870451K(1428480K), 0.0041316 secs] [Times: user=0.02 sys=0.00, real=0.01 secs] 
1938.450: [GC (Allocation Failure) [PSYoungGen: 243894K->125690K(465920K)] 1103411K->985522K(1428480K), 0.0146589 secs] [Times: user=0.02 sys=0.00, real=0.01 secs] 
1938.733: [GC (Allocation Failure) [PSYoungGen: 358650K->186100K(465920K)] 1218482K->1047186K(1428480K), 0.0207921 secs] [Times: user=0.02 sys=0.00, real=0.02 secs] 
1939.175: [GC (Allocation Failure) [PSYoungGen: 419060K->174447K(465920K)] 1280146K->1035806K(1428480K), 0.0233845 secs] [Times: user=0.04 sys=0.00, real=0.03 secs] 
1941.929: [GC (Allocation Failure) [PSYoungGen: 407407K->96K(465920K)] 1268766K->862868K(1428480K), 0.0034735 secs] [Times: user=0.01 sys=0.00, real=0.00 secs] 
1942.773: [GC (Allocation Failure) [PSYoungGen: 233056K->152070K(465920K)] 1095828K->1014858K(1428480K), 0.0172830 secs] [Times: user=0.02 sys=0.00, real=0.02 secs] 
1943.053: [GC (Allocation Failure) [PSYoungGen: 385030K->184687K(465920K)] 1247818K->1048721K(1428480K), 0.0208896 secs] [Times: user=0.03 sys=0.00, real=0.02 secs] 
1943.847: [GC (Allocation Failure) [PSYoungGen: 417647K->153658K(465920K)] 1281681K->1017965K(1428480K), 0.0222681 secs] [Times: user=0.04 sys=0.00, real=0.03 secs] 
1946.322: [GC (Allocation Failure) [PSYoungGen: 386618K->128K(465920K)] 1250925K->865854K(1428480K), 0.0035947 secs] [Times: user=0.02 sys=0.00, real=0.00 secs] 
1946.767: [GC (Allocation Failure) [PSYoungGen: 233088K->174947K(465920K)] 1098814K->1040705K(1428480K), 0.0195455 secs] [Times: user=0.03 sys=0.00, real=0.02 secs] 
1947.053: [GC (Allocation Failure) [PSYoungGen: 407907K->184687K(465920K)] 1273665K->1051699K(1428480K), 0.0206240 secs] [Times: user=0.03 sys=0.00, real=0.02 secs] 
1948.903: [GC (Allocation Failure) [PSYoungGen: 417647K->138957K(465920K)] 1284659K->1006242K(1428480K), 0.0379637 secs] [Times: user=0.07 sys=0.00, real=0.04 secs] 
1951.427: [GC (Allocation Failure) [PSYoungGen: 371917K->13457K(465920K)] 1239202K->881058K(1428480K), 0.0047621 secs] [Times: user=0.02 sys=0.00, real=0.01 secs] 
1951.717: [GC (Allocation Failure) [PSYoungGen: 246417K->184173K(465920K)] 1114018K->1053027K(1428480K), 0.0207323 secs] [Times: user=0.03 sys=0.00, real=0.03 secs] 
1952.006: [GC (Allocation Failure) [PSYoungGen: 417133K->184237K(465920K)] 1285987K->1053373K(1428480K), 0.0208040 secs] [Times: user=0.03 sys=0.00, real=0.02 secs] 
1954.446: [GC (Allocation Failure) [PSYoungGen: 417197K->116883K(465920K)] 1286333K->986412K(1428480K), 0.0248460 secs] [Times: user=0.05 sys=0.00, real=0.03 secs] 
1956.232: [GC (Allocation Failure) [PSYoungGen: 349843K->34950K(465920K)] 1219372K->904671K(1428480K), 0.0072811 secs] [Times: user=0.02 sys=0.00, real=0.01 secs] 
1956.525: [GC (Allocation Failure) [PSYoungGen: 267910K->186357K(465920K)] 1137631K->1057332K(1428480K), 0.0209959 secs] [Times: user=0.03 sys=0.00, real=0.02 secs] 
1956.813: [GC (Allocation Failure) [PSYoungGen: 419317K->184783K(465920K)] 1290292K->1056039K(1428480K), 0.0206384 secs] [Times: user=0.03 sys=0.00, real=0.02 secs] 
1957.861: [GC (Allocation Failure) [PSYoungGen: 417743K->76256K(465920K)] 1288999K->947777K(1428480K), 0.0115714 secs] [Times: user=0.02 sys=0.00, real=0.01 secs] 
1958.777: [GC (Allocation Failure) [PSYoungGen: 309216K->60397K(465920K)] 1180737K->932234K(1428480K), 0.0080958 secs] [Times: user=0.02 sys=0.00, real=0.01 secs] 
1959.060: [GC (Allocation Failure) [PSYoungGen: 293357K->186100K(465920K)] 1165194K->1059190K(1428480K), 0.0208842 secs] [Times: user=0.03 sys=0.00, real=0.02 secs] 
1959.349: [GC (Allocation Failure) [PSYoungGen: 419060K->185940K(465920K)] 1292150K->1059311K(1428480K), 0.0207371 secs] [Times: user=0.03 sys=0.00, real=0.02 secs] 
1960.845: [GC (Allocation Failure) [PSYoungGen: 418900K->49893K(465920K)] 1292271K->923537K(1428480K), 0.0098570 secs] [Times: user=0.03 sys=0.00, real=0.01 secs] 
1962.742: [GC (Allocation Failure) [PSYoungGen: 282853K->85944K(465920K)] 1156497K->959902K(1428480K), 0.0125095 secs] [Times: user=0.02 sys=0.00, real=0.01 secs] 
1963.093: [GC (Allocation Failure) [PSYoungGen: 318904K->186100K(465920K)] 1192862K->1061304K(1428480K), 0.0208881 secs] [Times: user=0.03 sys=0.00, real=0.02 secs] 
1963.376: [GC (Allocation Failure) [PSYoungGen: 419060K->184398K(465920K)] 1294264K->1059882K(1428480K), 0.0206669 secs] [Times: user=0.03 sys=0.00, real=0.02 secs] 
1964.331: [GC (Allocation Failure) [PSYoungGen: 417358K->25859K(465920K)] 1292842K->901609K(1428480K), 0.0060186 secs] [Times: user=0.01 sys=0.01, real=0.00 secs] 
1964.954: [GC (Allocation Failure) [PSYoungGen: 258819K->110396K(465920K)] 1134569K->986469K(1428480K), 0.0130889 secs] [Times: user=0.03 sys=0.00, real=0.01 secs] 
1965.230: [GC (Allocation Failure) [PSYoungGen: 343356K->184076K(465920K)] 1219429K->1061523K(1428480K), 0.0206647 secs] [Times: user=0.03 sys=0.00, real=0.02 secs] 
1965.512: [GC (Allocation Failure) [PSYoungGen: 417036K->184076K(465920K)] 1294483K->1061676K(1428480K), 0.0205862 secs] [Times: user=0.03 sys=0.00, real=0.02 secs] 
1967.427: [GC (Allocation Failure) [PSYoungGen: 417036K->3849K(465920K)] 1294636K->881714K(1428480K), 0.0061571 secs] [Times: user=0.03 sys=0.00, real=0.01 secs] 
1968.259: [GC (Allocation Failure) [PSYoungGen: 236809K->133594K(465920K)] 1114674K->1011781K(1428480K), 0.0153887 secs] [Times: user=0.02 sys=0.00, real=0.01 secs] 
1968.539: [GC (Allocation Failure) [PSYoungGen: 366554K->186100K(465920K)] 1244741K->1065533K(1428480K), 0.0207480 secs] [Times: user=0.03 sys=0.00, real=0.02 secs] 
1969.169: [GC (Allocation Failure) [PSYoungGen: 419060K->166703K(465920K)] 1298493K->1046401K(1428480K), 0.0222699 secs] [Times: user=0.03 sys=0.00, real=0.02 secs] 
1971.207: [GC (Allocation Failure) [PSYoungGen: 399663K->96K(465920K)] 1279361K->881228K(1428480K), 0.0039733 secs] [Times: user=0.02 sys=0.00, real=0.01 secs] 
1971.885: [GC (Allocation Failure) [PSYoungGen: 233056K->159010K(465920K)] 1114188K->1040151K(1428480K), 0.0181080 secs] [Times: user=0.02 sys=0.00, real=0.02 secs] 
1972.167: [GC (Allocation Failure) [PSYoungGen: 391970K->184976K(465920K)] 1273111K->1067362K(1428480K), 0.0209079 secs] [Times: user=0.03 sys=0.00, real=0.02 secs] 
1972.672: [GC (Allocation Failure) [PSYoungGen: 417936K->146477K(465920K)] 1300322K->1029257K(1428480K), 0.0262721 secs] [Times: user=0.04 sys=0.00, real=0.03 secs] 
1973.824: [GC (Allocation Failure) [PSYoungGen: 379437K->96K(465920K)] 1262217K->884185K(1428480K), 0.0031706 secs] [Times: user=0.01 sys=0.00, real=0.00 secs] 
1974.192: [GC (Allocation Failure) [PSYoungGen: 233056K->181533K(465920K)] 1117145K->1065639K(1428480K), 0.0202840 secs] [Times: user=0.03 sys=0.00, real=0.02 secs] 
1974.474: [GC (Allocation Failure) [PSYoungGen: 414493K->183916K(465920K)] 1298599K->1069275K(1428480K), 0.0206744 secs] [Times: user=0.03 sys=0.00, real=0.02 secs] 
1975.106: [GC (Allocation Failure) [PSYoungGen: 416876K->133157K(465920K)] 1302235K->1018781K(1428480K), 0.0159907 secs] [Times: user=0.03 sys=0.00, real=0.02 secs] 
1976.516: [GC (Allocation Failure) [PSYoungGen: 366117K->19241K(465920K)] 1251741K->905165K(1428480K), 0.0059739 secs] [Times: user=0.02 sys=0.00, real=0.01 secs] 
1976.820: [GC (Allocation Failure) [PSYoungGen: 252201K->184173K(465920K)] 1138125K->1071342K(1428480K), 0.0222809 secs] [Times: user=0.03 sys=0.00, real=0.02 secs] 
1977.174: [GC (Allocation Failure) [PSYoungGen: 417133K->184301K(465920K)] 1304302K->1071736K(1428480K), 0.0208144 secs] [Times: user=0.03 sys=0.00, real=0.02 secs] 
1978.613: [GC (Allocation Failure) [PSYoungGen: 417261K->111035K(465920K)] 1304696K->998735K(1428480K), 0.0346610 secs] [Times: user=0.07 sys=0.00, real=0.03 secs] 
1980.428: [GC (Allocation Failure) [PSYoungGen: 343995K->41087K(465920K)] 1231695K->929096K(1428480K), 0.0078876 secs] [Times: user=0.02 sys=0.00, real=0.01 secs] 
1980.718: [GC (Allocation Failure) [PSYoungGen: 274047K->184044K(465920K)] 1162056K->1073291K(1428480K), 0.0208006 secs] [Times: user=0.03 sys=0.00, real=0.02 secs] 
1981.007: [GC (Allocation Failure) [PSYoungGen: 417004K->184494K(465920K)] 1306251K->1074150K(1428480K), 0.0206864 secs] [Times: user=0.03 sys=0.00, real=0.02 secs] 
1981.869: [GC (Allocation Failure) [PSYoungGen: 417454K->72802K(465920K)] 1307110K->962595K(1428480K), 0.0111752 secs] [Times: user=0.03 sys=0.00, real=0.01 secs] 
1983.196: [GC (Allocation Failure) [PSYoungGen: 305762K->63581K(465920K)] 1195555K->953680K(1428480K), 0.0091071 secs] [Times: user=0.02 sys=0.00, real=0.01 secs] 
1983.468: [GC (Allocation Failure) [PSYoungGen: 296541K->184301K(465920K)] 1186640K->1075646K(1428480K), 0.0207529 secs] [Times: user=0.03 sys=0.00, real=0.03 secs] 
1983.811: [GC (Allocation Failure) [PSYoungGen: 417261K->184558K(465920K)] 1308606K->1076176K(1428480K), 0.0208045 secs] [Times: user=0.03 sys=0.00, real=0.02 secs] 
1984.886: [GC (Allocation Failure) [PSYoungGen: 417518K->49925K(465920K)] 1309136K->941808K(1428480K), 0.0091885 secs] [Times: user=0.02 sys=0.00, real=0.01 secs] 
1986.186: [GC (Allocation Failure) [PSYoungGen: 282885K->86006K(465920K)] 1174768K->978194K(1428480K), 0.0106737 secs] [Times: user=0.02 sys=0.00, real=0.01 secs] 
1986.459: [GC (Allocation Failure) [PSYoungGen: 318966K->183948K(465920K)] 1211154K->1077390K(1428480K), 0.0207291 secs] [Times: user=0.03 sys=0.00, real=0.02 secs] 
1986.749: [GC (Allocation Failure) [PSYoungGen: 416908K->184526K(465920K)] 1310350K->1078249K(1428480K), 0.0206500 secs] [Times: user=0.03 sys=0.00, real=0.02 secs] 
1988.640: [GC (Allocation Failure) [PSYoungGen: 417486K->27947K(465920K)] 1311209K->922064K(1428480K), 0.0086354 secs] [Times: user=0.02 sys=0.00, real=0.01 secs] 
1990.216: [GC (Allocation Failure) [PSYoungGen: 260907K->109111K(465920K)] 1155024K->1003422K(1428480K), 0.0129707 secs] [Times: user=0.02 sys=0.00, real=0.02 secs] 
1990.494: [GC (Allocation Failure) [PSYoungGen: 342071K->185972K(465920K)] 1236382K->1081650K(1428480K), 0.0209267 secs] [Times: user=0.03 sys=0.00, real=0.02 secs] 
1990.778: [GC (Allocation Failure) [PSYoungGen: 418932K->184526K(465920K)] 1314610K->1080357K(1428480K), 0.0205504 secs] [Times: user=0.03 sys=0.00, real=0.02 secs] 
1991.935: [GC (Allocation Failure) [PSYoungGen: 417486K->2661K(465920K)] 1313317K->898756K(1428480K), 0.0033350 secs] [Times: user=0.02 sys=0.00, real=0.01 secs] 
1992.428: [GC (Allocation Failure) [PSYoungGen: 235621K->133463K(465920K)] 1131716K->1029872K(1428480K), 0.0153951 secs] [Times: user=0.02 sys=0.00, real=0.02 secs] 
1992.706: [GC (Allocation Failure) [PSYoungGen: 366423K->184173K(465920K)] 1262832K->1081964K(1428480K), 0.0206483 secs] [Times: user=0.03 sys=0.00, real=0.02 secs] 
1993.166: [GC (Allocation Failure) [PSYoungGen: 417133K->168728K(465920K)] 1314924K->1066672K(1428480K), 0.0211124 secs] [Times: user=0.04 sys=0.00, real=0.02 secs] 
1994.897: [GC (Allocation Failure) [PSYoungGen: 401688K->160K(465920K)] 1299632K->899543K(1428480K), 0.0036961 secs] [Times: user=0.02 sys=0.00, real=0.01 secs] 
1995.328: [GC (Allocation Failure) [PSYoungGen: 233120K->155154K(465920K)] 1132503K->1054562K(1428480K), 0.0177615 secs] [Times: user=0.03 sys=0.00, real=0.01 secs] 
1995.608: [GC (Allocation Failure) [PSYoungGen: 388114K->184173K(465920K)] 1287522K->1084834K(1428480K), 0.0207064 secs] [Times: user=0.03 sys=0.00, real=0.02 secs] 
1996.137: [GC (Allocation Failure) [PSYoungGen: 417133K->151103K(465920K)] 1317794K->1052038K(1428480K), 0.0189800 secs] [Times: user=0.03 sys=0.01, real=0.02 secs] 
1998.025: [GC (Allocation Failure) [PSYoungGen: 384063K->128K(465920K)] 1284998K->902501K(1428480K), 0.0036187 secs] [Times: user=0.02 sys=0.00, real=0.01 secs] 
1998.449: [GC (Allocation Failure) [PSYoungGen: 233088K->177196K(465920K)] 1135461K->1079594K(1428480K), 0.0198387 secs] [Times: user=0.03 sys=0.00, real=0.02 secs] 
1998.731: [GC (Allocation Failure) [PSYoungGen: 410156K->183787K(465920K)] 1312554K->1087431K(1428480K), 0.0206334 secs] [Times: user=0.03 sys=0.00, real=0.02 secs] 
1999.315: [GC (Allocation Failure) [PSYoungGen: 416747K->137639K(465920K)] 1320391K->1041548K(1428480K), 0.0167359 secs] [Times: user=0.03 sys=0.00, real=0.02 secs] 
2000.363: [GC (Allocation Failure) [PSYoungGen: 370599K->15257K(465920K)] 1274508K->919463K(1428480K), 0.0046673 secs] [Times: user=0.01 sys=0.00, real=0.00 secs] 
2000.643: [GC (Allocation Failure) [PSYoungGen: 248217K->186357K(465920K)] 1152423K->1091946K(1428480K), 0.0209450 secs] [Times: user=0.03 sys=0.00, real=0.02 secs] 
2000.928: [GC (Allocation Failure) [PSYoungGen: 419317K->184783K(465920K)] 1324906K->1090524K(1428480K), 0.0206831 secs] [Times: user=0.03 sys=0.00, real=0.03 secs] 
2001.574: [GC (Allocation Failure) [PSYoungGen: 417743K->112384K(465920K)] 1323484K->1018390K(1428480K), 0.0147439 secs] [Times: user=0.03 sys=0.00, real=0.02 secs] 
2002.610: [GC (Allocation Failure) [PSYoungGen: 345344K->40447K(465920K)] 1251350K->946759K(1428480K), 0.0075678 secs] [Times: user=0.02 sys=0.00, real=0.00 secs] 
2002.895: [GC (Allocation Failure) [PSYoungGen: 273407K->186357K(465920K)] 1179719K->1093907K(1428480K), 0.0211352 secs] [Times: user=0.03 sys=0.00, real=0.02 secs] 
2003.181: [GC (Allocation Failure) [PSYoungGen: 419317K->185972K(465920K)] 1326867K->1093931K(1428480K), 0.0209969 secs] [Times: user=0.03 sys=0.00, real=0.02 secs] 
2004.305: [GC (Allocation Failure) [PSYoungGen: 418932K->69621K(465920K)] 1326891K->977724K(1428480K), 0.0114900 secs] [Times: user=0.02 sys=0.00, real=0.01 secs] 
2005.483: [GC (Allocation Failure) [PSYoungGen: 302581K->66438K(465920K)] 1210684K->974865K(1428480K), 0.0087320 secs] [Times: user=0.02 sys=0.00, real=0.01 secs] 
2005.817: [GC (Allocation Failure) [PSYoungGen: 299398K->186357K(465920K)] 1207825K->1096030K(1428480K), 0.0210957 secs] [Times: user=0.02 sys=0.00, real=0.02 secs] 
2006.156: [GC (Allocation Failure) [PSYoungGen: 419317K->186100K(465920K)] 1328990K->1096046K(1428480K), 0.0208780 secs] [Times: user=0.03 sys=0.00, real=0.02 secs] 
2007.833: [GC (Allocation Failure) [PSYoungGen: 419060K->43467K(465920K)] 1329006K->953806K(1428480K), 0.0089649 secs] [Times: user=0.02 sys=0.01, real=0.01 secs] 
2009.583: [GC (Allocation Failure) [PSYoungGen: 276427K->92788K(465920K)] 1186766K->1003307K(1428480K), 0.0114470 secs] [Times: user=0.02 sys=0.00, real=0.01 secs] 
2009.860: [GC (Allocation Failure) [PSYoungGen: 325748K->185972K(465920K)] 1236267K->1097736K(1428480K), 0.0209047 secs] [Times: user=0.03 sys=0.01, real=0.02 secs] 
2010.155: [GC (Allocation Failure) [PSYoungGen: 418932K->185940K(465920K)] 1330696K->1097985K(1428480K), 0.0209819 secs] [Times: user=0.03 sys=0.00, real=0.02 secs] 
2012.383: [GC (Allocation Failure) [PSYoungGen: 418900K->17601K(465920K)] 1330945K->930040K(1428480K), 0.0085106 secs] [Times: user=0.03 sys=0.00, real=0.01 secs] 
2013.396: [GC (Allocation Failure) [PSYoungGen: 250561K->118557K(465920K)] 1163000K->1031181K(1428480K), 0.0140267 secs] [Times: user=0.02 sys=0.00, real=0.02 secs] 
2013.676: [GC (Allocation Failure) [PSYoungGen: 351517K->185972K(465920K)] 1264141K->1099970K(1428480K), 0.0209582 secs] [Times: user=0.03 sys=0.00, real=0.02 secs] 
2014.078: [GC (Allocation Failure) [PSYoungGen: 418932K->178797K(465920K)] 1332930K->1092940K(1428480K), 0.0232608 secs] [Times: user=0.03 sys=0.00, real=0.02 secs] 
2016.549: [GC (Allocation Failure) [PSYoungGen: 411757K->96K(465920K)] 1325900K->915682K(1428480K), 0.0043375 secs] [Times: user=0.02 sys=0.00, real=0.00 secs] 
2017.323: [GC (Allocation Failure) [PSYoungGen: 233056K->144712K(465920K)] 1148642K->1060314K(1428480K), 0.0165861 secs] [Times: user=0.03 sys=0.00, real=0.02 secs] 
2017.603: [GC (Allocation Failure) [PSYoungGen: 377672K->184430K(465920K)] 1293274K->1101270K(1428480K), 0.0207382 secs] [Times: user=0.02 sys=0.00, real=0.02 secs] 
2018.046: [GC (Allocation Failure) [PSYoungGen: 417390K->161193K(465920K)] 1334230K->1078306K(1428480K), 0.0194963 secs] [Times: user=0.03 sys=0.00, real=0.02 secs] 
2019.150: [GC (Allocation Failure) [PSYoungGen: 394153K->96K(465920K)] 1311266K->918662K(1428480K), 0.0031854 secs] [Times: user=0.01 sys=0.00, real=0.00 secs] 
2019.548: [GC (Allocation Failure) [PSYoungGen: 233056K->169420K(465920K)] 1151622K->1088011K(1428480K), 0.0191856 secs] [Times: user=0.03 sys=0.00, real=0.01 secs] 
2019.834: [GC (Allocation Failure) [PSYoungGen: 402380K->186229K(465920K)] 1320971K->1106073K(1428480K), 0.0209409 secs] [Times: user=0.03 sys=0.00, real=0.02 secs] 
2020.378: [GC (Allocation Failure) [PSYoungGen: 419189K->142909K(465920K)] 1339033K->1063018K(1428480K), 0.0196336 secs] [Times: user=0.04 sys=0.00, real=0.01 secs] 
2022.082: [GC (Allocation Failure) [PSYoungGen: 375869K->11015K(465920K)] 1295978K->931437K(1428480K), 0.0053160 secs] [Times: user=0.02 sys=0.00, real=0.00 secs] 
2022.402: [GC (Allocation Failure) [PSYoungGen: 243975K->185715K(465920K)] 1164397K->1107510K(1428480K), 0.0209156 secs] [Times: user=0.03 sys=0.00, real=0.02 secs] 
2022.688: [GC (Allocation Failure) [PSYoungGen: 418675K->185811K(465920K)] 1340470K->1107760K(1428480K), 0.0208322 secs] [Times: user=0.03 sys=0.00, real=0.02 secs] 
2024.183: [GC (Allocation Failure) [PSYoungGen: 418771K->116208K(465920K)] 1340720K->1038421K(1428480K), 0.0222185 secs] [Times: user=0.04 sys=0.00, real=0.02 secs] 
2026.628: [GC (Allocation Failure) [PSYoungGen: 349168K->36591K(465920K)] 1271381K->959120K(1428480K), 0.0091515 secs] [Times: user=0.02 sys=0.01, real=0.00 secs] 
2026.959: [GC (Allocation Failure) [PSYoungGen: 269551K->185715K(465920K)] 1192080K->1109618K(1428480K), 0.0213685 secs] [Times: user=0.03 sys=0.01, real=0.02 secs] 
2027.247: [GC (Allocation Failure) [PSYoungGen: 418675K->184398K(465920K)] 1342578K->1108453K(1428480K), 0.0207046 secs] [Times: user=0.03 sys=0.00, real=0.02 secs] 
2028.014: [GC (Allocation Failure) [PSYoungGen: 417358K->75614K(465920K)] 1341413K->999934K(1428480K), 0.0116186 secs] [Times: user=0.03 sys=0.00, real=0.01 secs] 
2029.167: [GC (Allocation Failure) [PSYoungGen: 308574K->61525K(465920K)] 1232894K->986153K(1428480K), 0.0082375 secs] [Times: user=0.02 sys=0.00, real=0.01 secs] 
2029.440: [GC (Allocation Failure) [PSYoungGen: 294485K->185972K(465920K)] 1219113K->1111846K(1428480K), 0.0211114 secs] [Times: user=0.03 sys=0.00, real=0.02 secs] 
2029.731: [GC (Allocation Failure) [PSYoungGen: 418932K->185972K(465920K)] 1344806K->1112127K(1428480K), 0.0210029 secs] [Times: user=0.03 sys=0.00, real=0.02 secs] 
2030.831: [GC (Allocation Failure) [PSYoungGen: 418932K->48865K(465920K)] 1345087K->975429K(1428480K), 0.0085841 secs] [Times: user=0.02 sys=0.00, real=0.01 secs] 
2031.729: [GC (Allocation Failure) [PSYoungGen: 281825K->87805K(465920K)] 1208389K->1014563K(1428480K), 0.0109846 secs] [Times: user=0.02 sys=0.00, real=0.01 secs] 
2032.008: [GC (Allocation Failure) [PSYoungGen: 320765K->185972K(465920K)] 1247523K->1113975K(1428480K), 0.0216888 secs] [Times: user=0.03 sys=0.00, real=0.02 secs] 
2032.296: [GC (Allocation Failure) [PSYoungGen: 418932K->185843K(465920K)] 1346935K->1114256K(1428480K), 0.0207935 secs] [Times: user=0.03 sys=0.00, real=0.02 secs] 
2034.051: [GC (Allocation Failure) [PSYoungGen: 418803K->22774K(465920K)] 1347216K->951332K(1428480K), 0.0079742 secs] [Times: user=0.02 sys=0.00, real=0.01 secs] 
2035.387: [GC (Allocation Failure) [PSYoungGen: 255734K->112966K(465920K)] 1184292K->1041837K(1428480K), 0.0135059 secs] [Times: user=0.03 sys=0.00, real=0.02 secs] 
2035.723: [GC (Allocation Failure) [PSYoungGen: 345926K->184205K(465920K)] 1274797K->1114313K(1428480K), 0.0209362 secs] [Times: user=0.03 sys=0.01, real=0.02 secs] 
2036.090: [GC (Allocation Failure) [PSYoungGen: 417165K->183723K(465920K)] 1347273K->1114105K(1428480K), 0.0208094 secs] [Times: user=0.03 sys=0.00, real=0.02 secs] 
2038.146: [GC (Allocation Failure) [PSYoungGen: 416683K->1392K(465920K)] 1347065K->931926K(1428480K), 0.0043628 secs] [Times: user=0.02 sys=0.00, real=0.01 secs] 
2038.977: [GC (Allocation Failure) [PSYoungGen: 234352K->134815K(465920K)] 1164886K->1065535K(1428480K), 0.0155821 secs] [Times: user=0.02 sys=0.00, real=0.02 secs] 
2039.256: [GC (Allocation Failure) [PSYoungGen: 367775K->184558K(465920K)] 1298495K->1116523K(1428480K), 0.0208440 secs] [Times: user=0.03 sys=0.00, real=0.02 secs] 
2039.825: [GC (Allocation Failure) [PSYoungGen: 417518K->166928K(465920K)] 1349483K->1099159K(1428480K), 0.0203301 secs] [Times: user=0.03 sys=0.00, real=0.02 secs] 
2042.000: [GC (Allocation Failure) [PSYoungGen: 399888K->96K(465920K)] 1332119K->933771K(1428480K), 0.0065937 secs] [Times: user=0.03 sys=0.00, real=0.00 secs] 
2042.651: [GC (Allocation Failure) [PSYoungGen: 233056K->157371K(465920K)] 1166731K->1091071K(1428480K), 0.0179896 secs] [Times: user=0.02 sys=0.00, real=0.02 secs] 
2042.932: [GC (Allocation Failure) [PSYoungGen: 390331K->184301K(465920K)] 1324031K->1119383K(1428480K), 0.0208008 secs] [Times: user=0.03 sys=0.00, real=0.02 secs] 
2043.515: [GC (Allocation Failure) [PSYoungGen: 417261K->148758K(465920K)] 1352343K->1083985K(1428480K), 0.0201711 secs] [Times: user=0.03 sys=0.00, real=0.02 secs] 
2045.623: [GC (Allocation Failure) [PSYoungGen: 381718K->160K(465920K)] 1316945K->936820K(1428480K), 0.0048329 secs] [Times: user=0.02 sys=0.00, real=0.01 secs] 
2046.050: [GC (Allocation Failure) [PSYoungGen: 233120K->179220K(465920K)] 1169780K->1115904K(1428480K), 0.0201142 secs] [Times: user=0.03 sys=0.00, real=0.02 secs] 
2046.333: [GC (Allocation Failure) [PSYoungGen: 412180K->184205K(465920K)] 1348864K->1122126K(1428480K), 0.0207396 secs] [Times: user=0.03 sys=0.00, real=0.02 secs] 
2047.182: [GC (Allocation Failure) [PSYoungGen: 417165K->135229K(465920K)] 1355086K->1073553K(1428480K), 0.0380988 secs] [Times: user=0.07 sys=0.00, real=0.04 secs] 
2049.353: [GC (Allocation Failure) [PSYoungGen: 368158K->17085K(465920K)] 1306482K->955588K(1428480K), 0.0067128 secs] [Times: user=0.03 sys=0.00, real=0.01 secs] 
2049.748: [GC (Allocation Failure) [PSYoungGen: 250045K->183916K(465920K)] 1188548K->1123664K(1428480K), 0.0208234 secs] [Times: user=0.03 sys=0.00, real=0.03 secs] 
2050.086: [GC (Allocation Failure) [PSYoungGen: 416876K->184462K(465920K)] 1356624K->1124483K(1428480K), 0.0207885 secs] [Times: user=0.03 sys=0.00, real=0.02 secs] 
2051.847: [GC (Allocation Failure) [PSYoungGen: 417422K->113396K(465920K)] 1357443K->1053691K(1428480K), 0.0310295 secs] [Times: user=0.06 sys=0.00, real=0.04 secs] 
2053.953: [GC (Allocation Failure) [PSYoungGen: 346356K->39033K(465920K)] 1286651K->979629K(1428480K), 0.0076694 secs] [Times: user=0.02 sys=0.00, real=0.01 secs] 
2054.244: [GC (Allocation Failure) [PSYoungGen: 271993K->186486K(465920K)] 1212589K->1128336K(1428480K), 0.0208494 secs] [Times: user=0.03 sys=0.00, real=0.02 secs] 
2054.532: [GC (Allocation Failure) [PSYoungGen: 419446K->186100K(465920K)] 1361296K->1128360K(1428480K), 0.0209353 secs] [Times: user=0.03 sys=0.00, real=0.02 secs] 
2055.743: [GC (Allocation Failure) [PSYoungGen: 419060K->70682K(465920K)] 1361320K->1013206K(1428480K), 0.0129798 secs] [Times: user=0.03 sys=0.00, real=0.01 secs] 
2057.559: [GC (Allocation Failure) [PSYoungGen: 303642K->65638K(465920K)] 1246166K->1008339K(1428480K), 0.0102625 secs] [Times: user=0.02 sys=0.00, real=0.01 secs] 
2057.841: [GC (Allocation Failure) [PSYoungGen: 298598K->184558K(465920K)] 1241299K->1128513K(1428480K), 0.0208644 secs] [Times: user=0.03 sys=0.00, real=0.02 secs] 
2058.130: [GC (Allocation Failure) [PSYoungGen: 417518K->186389K(465920K)] 1361473K->1130618K(1428480K), 0.0211578 secs] [Times: user=0.03 sys=0.00, real=0.02 secs] 
2058.886: [GC (Allocation Failure) [PSYoungGen: 419349K->45812K(465920K)] 1363578K->990313K(1428480K), 0.0067239 secs] [Times: user=0.01 sys=0.00, real=0.01 secs] 
2059.556: [GC (Allocation Failure) [PSYoungGen: 278772K->90121K(465920K)] 1223273K->1034946K(1428480K), 0.0111903 secs] [Times: user=0.02 sys=0.00, real=0.01 secs] 
2059.831: [GC (Allocation Failure) [PSYoungGen: 323081K->184173K(465920K)] 1267906K->1130243K(1428480K), 0.0207515 secs] [Times: user=0.03 sys=0.00, real=0.02 secs] 
2060.114: [GC (Allocation Failure) [PSYoungGen: 417133K->184012K(465920K)] 1363203K->1130364K(1428480K), 0.0206665 secs] [Times: user=0.03 sys=0.00, real=0.02 secs] 
2060.970: [GC (Allocation Failure) [PSYoungGen: 416972K->24076K(465920K)] 1363324K->970693K(1428480K), 0.0047419 secs] [Times: user=0.01 sys=0.00, real=0.00 secs] 
2061.545: [GC (Allocation Failure) [PSYoungGen: 257036K->111874K(465920K)] 1203653K->1058686K(1428480K), 0.0134009 secs] [Times: user=0.02 sys=0.00, real=0.02 secs] 
2061.825: [GC (Allocation Failure) [PSYoungGen: 344834K->184815K(465920K)] 1291646K->1132865K(1428480K), 0.0208842 secs] [Times: user=0.03 sys=0.00, real=0.02 secs] 
2062.113: [GC (Allocation Failure) [PSYoungGen: 417775K->184173K(465920K)] 1365825K->1132503K(1428480K), 0.0206268 secs] [Times: user=0.03 sys=0.00, real=0.02 secs] 
2065.094: [GC (Allocation Failure) [PSYoungGen: 417133K->1520K(465920K)] 1365463K->950124K(1428480K), 0.0035129 secs] [Times: user=0.01 sys=0.00, real=0.00 secs] 
2066.776: [GC (Allocation Failure) [PSYoungGen: 234480K->134748K(465920K)] 1183084K->1083668K(1428480K), 0.0158612 secs] [Times: user=0.03 sys=0.00, real=0.02 secs] 
2067.058: [GC (Allocation Failure) [PSYoungGen: 367708K->184173K(465920K)] 1316628K->1134466K(1428480K), 0.0207814 secs] [Times: user=0.03 sys=0.00, real=0.02 secs] 
2068.132: [GC (Allocation Failure) [PSYoungGen: 417133K->167411K(465920K)] 1367426K->1117849K(1428480K), 0.0373728 secs] [Times: user=0.06 sys=0.00, real=0.04 secs] 
2069.536: [GC (Allocation Failure) [PSYoungGen: 400371K->96K(465920K)] 1350809K->951977K(1428480K), 0.0031242 secs] [Times: user=0.02 sys=0.00, real=0.01 secs] 
2069.950: [GC (Allocation Failure) [PSYoungGen: 233056K->156793K(465920K)] 1184937K->1108683K(1428480K), 0.0179825 secs] [Times: user=0.02 sys=0.00, real=0.02 secs] 
2070.231: [GC (Allocation Failure) [PSYoungGen: 389753K->184301K(465920K)] 1341643K->1137437K(1428480K), 0.0209191 secs] [Times: user=0.03 sys=0.00, real=0.02 secs] 
2072.028: [GC (Allocation Failure) [PSYoungGen: 417261K->149272K(465920K)] 1370397K->1102673K(1428480K), 0.0332728 secs] [Times: user=0.05 sys=0.00, real=0.03 secs] 
2073.928: [GC (Allocation Failure) [PSYoungGen: 382232K->128K(465920K)] 1335633K->954966K(1428480K), 0.0034142 secs] [Times: user=0.02 sys=0.00, real=0.00 secs] 
2074.377: [GC (Allocation Failure) [PSYoungGen: 233088K->181244K(465920K)] 1187926K->1136123K(1428480K), 0.0203800 secs] [Times: user=0.03 sys=0.00, real=0.02 secs] 
2074.667: [GC (Allocation Failure) [PSYoungGen: 414204K->186100K(465920K)] 1369083K->1142216K(1428480K), 0.0209563 secs] [Times: user=0.03 sys=0.00, real=0.02 secs] 
2076.593: [GC (Allocation Failure) [PSYoungGen: 419060K->131245K(465920K)] 1375176K->1087626K(1428480K), 0.0384500 secs] [Times: user=0.07 sys=0.00, real=0.04 secs] 
2079.023: [GC (Allocation Failure) [PSYoungGen: 364205K->21940K(465920K)] 1320586K->978618K(1428480K), 0.0053184 secs] [Times: user=0.02 sys=0.00, real=0.01 secs] 
2079.295: [GC (Allocation Failure) [PSYoungGen: 254900K->184301K(465920K)] 1211578K->1142225K(1428480K), 0.0208431 secs] [Times: user=0.03 sys=0.00, real=0.02 secs] 
2079.579: [GC (Allocation Failure) [PSYoungGen: 417261K->184558K(465920K)] 1375185K->1142755K(1428480K), 0.0207263 secs] [Times: user=0.03 sys=0.00, real=0.02 secs] 
2081.128: [GC (Allocation Failure) [PSYoungGen: 417518K->107982K(465920K)] 1375715K->1066581K(1428480K), 0.0203921 secs] [Times: user=0.04 sys=0.00, real=0.02 secs] 
2082.893: [GC (Allocation Failure) [PSYoungGen: 340942K->45203K(465920K)] 1299541K->1003973K(1428480K), 0.0106137 secs] [Times: user=0.02 sys=0.00, real=0.01 secs] 
2083.220: [GC (Allocation Failure) [PSYoungGen: 278163K->185972K(465920K)] 1236933K->1145988K(1428480K), 0.0211099 secs] [Times: user=0.03 sys=0.00, real=0.02 secs] 
2083.510: [GC (Allocation Failure) [PSYoungGen: 418932K->185972K(465920K)] 1378948K->1146261K(1428480K), 0.0210169 secs] [Times: user=0.02 sys=0.00, real=0.02 secs] 
2085.380: [GC (Allocation Failure) [PSYoungGen: 418932K->65203K(465920K)] 1379221K->1025894K(1428480K), 0.0239401 secs] [Times: user=0.06 sys=0.00, real=0.02 secs] 
2087.234: [GC (Allocation Failure) [PSYoungGen: 298163K->71678K(465920K)] 1258854K->1032556K(1428480K), 0.0109364 secs] [Times: user=0.02 sys=0.00, real=0.01 secs] 
2087.245: [Full GC (Ergonomics) [PSYoungGen: 71678K->0K(465920K)] [ParOldGen: 960877K->416648K(881664K)] 1032556K->416648K(1347584K), [Metaspace: 56325K->56201K(1101824K)], 0.0575942 secs] [Times: user=0.20 sys=0.00, real=0.06 secs] 
2087.571: [GC (Allocation Failure) [PSYoungGen: 232960K->184269K(465920K)] 649608K->600917K(1347584K), 0.0200285 secs] [Times: user=0.02 sys=0.00, real=0.02 secs] 
2087.855: [GC (Allocation Failure) [PSYoungGen: 417229K->184526K(465920K)] 833877K->601487K(1347584K), 0.0200007 secs] [Times: user=0.03 sys=0.00, real=0.02 secs] 
2089.223: [GC (Allocation Failure) [PSYoungGen: 417486K->74564K(465920K)] 834447K->491790K(1347584K), 0.0115871 secs] [Times: user=0.03 sys=0.00, real=0.01 secs] 
2090.712: [GC (Allocation Failure) [PSYoungGen: 307524K->81221K(465920K)] 724750K->498753K(1347584K), 0.0095221 secs] [Times: user=0.02 sys=0.00, real=0.01 secs] 
2090.984: [GC (Allocation Failure) [PSYoungGen: 314181K->184044K(465920K)] 731713K->602950K(1347584K), 0.0200308 secs] [Times: user=0.02 sys=0.00, real=0.02 secs] 
2091.266: [GC (Allocation Failure) [PSYoungGen: 417004K->184012K(465920K)] 835910K->603071K(1347584K), 0.0200224 secs] [Times: user=0.03 sys=0.00, real=0.02 secs] 
2093.527: [GC (Allocation Failure) [PSYoungGen: 416972K->65856K(465920K)] 836031K->485180K(1347584K), 0.0102737 secs] [Times: user=0.03 sys=0.00, real=0.01 secs] 
2094.706: [GC (Allocation Failure) [PSYoungGen: 298816K->89736K(465920K)] 718140K->509367K(1347584K), 0.0104973 secs] [Times: user=0.02 sys=0.00, real=0.01 secs] 
2095.032: [GC (Allocation Failure) [PSYoungGen: 322696K->183787K(465920K)] 742327K->604672K(1347584K), 0.0200317 secs] [Times: user=0.02 sys=0.00, real=0.02 secs] 
2095.374: [GC (Allocation Failure) [PSYoungGen: 416747K->184301K(465920K)] 837632K->605467K(1347584K), 0.0201088 secs] [Times: user=0.03 sys=0.00, real=0.02 secs] 
2096.222: [GC (Allocation Failure) [PSYoungGen: 417261K->57310K(465920K)] 838427K->478749K(1347584K), 0.0063682 secs] [Times: user=0.02 sys=0.00, real=0.01 secs] 
2097.445: [GC (Allocation Failure) [PSYoungGen: 290270K->98633K(465920K)] 711709K->520386K(1347584K), 0.0113128 secs] [Times: user=0.02 sys=0.00, real=0.01 secs] 
2097.719: [GC (Allocation Failure) [PSYoungGen: 331593K->184462K(465920K)] 753346K->607468K(1347584K), 0.0200173 secs] [Times: user=0.02 sys=0.00, real=0.02 secs] 
2098.010: [GC (Allocation Failure) [PSYoungGen: 417422K->184558K(465920K)] 840428K->607974K(1347584K), 0.0200323 secs] [Times: user=0.02 sys=0.00, real=0.02 secs] 
2100.309: [GC (Allocation Failure) [PSYoungGen: 417518K->47574K(465920K)] 840934K->471127K(1347584K), 0.0069042 secs] [Times: user=0.03 sys=0.00, real=0.00 secs] 
2101.654: [GC (Allocation Failure) [PSYoungGen: 280534K->107986K(465920K)] 704087K->531844K(1347584K), 0.0123203 secs] [Times: user=0.02 sys=0.00, real=0.01 secs] 
2101.928: [GC (GCLocker Initiated GC) [PSYoungGen: 340946K->183401K(465920K)] 764804K->608505K(1347584K), 0.0200563 secs] [Times: user=0.03 sys=0.00, real=0.02 secs] 
2102.213: [GC (Allocation Failure) [PSYoungGen: 416361K->183723K(465920K)] 842590K->610225K(1347584K), 0.0200590 secs] [Times: user=0.03 sys=0.00, real=0.02 secs] 
2104.932: [GC (Allocation Failure) [PSYoungGen: 416683K->39123K(465920K)] 843185K->465634K(1347584K), 0.0050948 secs] [Times: user=0.02 sys=0.00, real=0.00 secs] 
2105.917: [GC (Allocation Failure) [PSYoungGen: 272083K->116112K(465920K)] 698594K->542968K(1347584K), 0.0131075 secs] [Times: user=0.02 sys=0.00, real=0.02 secs] 
2106.254: [GC (Allocation Failure) [PSYoungGen: 349072K->184205K(465920K)] 775928K->612314K(1347584K), 0.0202287 secs] [Times: user=0.03 sys=0.00, real=0.02 secs] 
2106.607: [GC (Allocation Failure) [PSYoungGen: 417165K->182526K(465920K)] 845274K->611037K(1347584K), 0.0223916 secs] [Times: user=0.03 sys=0.00, real=0.03 secs] 
2107.591: [GC (Allocation Failure) [PSYoungGen: 415486K->32896K(465920K)] 843997K->462720K(1347584K), 0.0039796 secs] [Times: user=0.02 sys=0.00, real=0.00 secs] 
2108.151: [GC (Allocation Failure) [PSYoungGen: 265856K->125562K(465920K)] 695680K->555402K(1347584K), 0.0140613 secs] [Times: user=0.02 sys=0.00, real=0.01 secs] 
2108.484: [GC (Allocation Failure) [PSYoungGen: 358522K->184173K(465920K)] 788362K->615259K(1347584K), 0.0201006 secs] [Times: user=0.03 sys=0.00, real=0.02 secs] 
2109.552: [GC (Allocation Failure) [PSYoungGen: 417133K->174488K(465920K)] 848219K->605855K(1347584K), 0.0488382 secs] [Times: user=0.07 sys=0.00, real=0.05 secs] 
2112.126: [GC (Allocation Failure) [PSYoungGen: 407448K->32864K(465920K)] 838815K->465677K(1347584K), 0.0045806 secs] [Times: user=0.03 sys=0.00, real=0.01 secs] 
2112.904: [GC (Allocation Failure) [PSYoungGen: 265824K->133691K(465920K)] 698637K->566520K(1347584K), 0.0148198 secs] [Times: user=0.02 sys=0.00, real=0.02 secs] 
2113.243: [GC (Allocation Failure) [PSYoungGen: 366651K->184333K(465920K)] 799480K->618408K(1347584K), 0.0199787 secs] [Times: user=0.02 sys=0.00, real=0.02 secs] 
2113.698: [GC (Allocation Failure) [PSYoungGen: 417293K->168342K(465920K)] 851368K->602811K(1347584K), 0.0222380 secs] [Times: user=0.03 sys=0.00, real=0.02 secs] 
2115.361: [GC (Allocation Failure) [PSYoungGen: 401302K->160K(465920K)] 835771K->435945K(1347584K), 0.0021569 secs] [Times: user=0.01 sys=0.00, real=0.00 secs] 
2116.117: [GC (Allocation Failure) [PSYoungGen: 233120K->142687K(465920K)] 668905K->578505K(1347584K), 0.0157511 secs] [Times: user=0.02 sys=0.00, real=0.02 secs] 
2116.396: [GC (Allocation Failure) [PSYoungGen: 375647K->184333K(465920K)] 811465K->621525K(1347584K), 0.0202962 secs] [Times: user=0.03 sys=0.00, real=0.02 secs] 
2117.297: [GC (Allocation Failure) [PSYoungGen: 417293K->163410K(465920K)] 854485K->600874K(1347584K), 0.0342914 secs] [Times: user=0.05 sys=0.00, real=0.04 secs] 
2118.837: [GC (Allocation Failure) [PSYoungGen: 396370K->96K(465920K)] 833834K->438875K(1347584K), 0.0023393 secs] [Times: user=0.01 sys=0.00, real=0.01 secs] 
2119.639: [GC (Allocation Failure) [PSYoungGen: 233056K->152198K(465920K)] 671835K->591010K(1347584K), 0.0167422 secs] [Times: user=0.02 sys=0.00, real=0.01 secs] 
2119.919: [GC (Allocation Failure) [PSYoungGen: 385158K->184430K(465920K)] 823970K->624495K(1347584K), 0.0202891 secs] [Times: user=0.02 sys=0.00, real=0.02 secs] 
2121.701: [GC (Allocation Failure) [PSYoungGen: 417390K->153738K(465920K)] 857455K->594085K(1347584K), 0.0418394 secs] [Times: user=0.06 sys=0.00, real=0.04 secs] 
2123.659: [GC (Allocation Failure) [PSYoungGen: 386698K->128K(465920K)] 827045K->441908K(1347584K), 0.0023224 secs] [Times: user=0.01 sys=0.01, real=0.00 secs] 
2124.433: [GC (Allocation Failure) [PSYoungGen: 233002K->160681K(465920K)] 674782K->602469K(1347584K), 0.0174948 secs] [Times: user=0.02 sys=0.00, real=0.02 secs] 
2124.718: [GC (Allocation Failure) [PSYoungGen: 393641K->184430K(465920K)] 835429K->627472K(1347584K), 0.0201084 secs] [Times: user=0.03 sys=0.00, real=0.02 secs] 
2125.278: [GC (Allocation Failure) [PSYoungGen: 417390K->145240K(465920K)] 860432K->588683K(1347584K), 0.0193101 secs] [Times: user=0.03 sys=0.00, real=0.01 secs] 
2126.273: [GC (Allocation Failure) [PSYoungGen: 378200K->96K(465920K)] 821643K->444856K(1347584K), 0.0023248 secs] [Times: user=0.01 sys=0.00, real=0.00 secs] 
2126.660: [GC (Allocation Failure) [PSYoungGen: 233056K->170320K(465920K)] 677816K->615097K(1347584K), 0.0185910 secs] [Times: user=0.03 sys=0.00, real=0.02 secs] 
2126.947: [GC (Allocation Failure) [PSYoungGen: 403280K->184301K(465920K)] 848057K->630452K(1347584K), 0.0202224 secs] [Times: user=0.03 sys=0.00, real=0.02 secs] 
2127.699: [GC (Allocation Failure) [PSYoungGen: 409757K->135729K(465920K)] 855908K->582016K(1347584K), 0.0175296 secs] [Times: user=0.03 sys=0.00, real=0.01 secs] 
2129.057: [GC (Allocation Failure) [PSYoungGen: 368689K->96K(465920K)] 814976K->447829K(1347584K), 0.0022984 secs] [Times: user=0.01 sys=0.00, real=0.01 secs] 
2129.384: [GC (Allocation Failure) [PSYoungGen: 232971K->173147K(465920K)] 680704K->620905K(1347584K), 0.0188196 secs] [Times: user=0.03 sys=0.00, real=0.02 secs] 
2129.723: [GC (Allocation Failure) [PSYoungGen: 406107K->184590K(465920K)] 853865K->633601K(1347584K), 0.0203705 secs] [Times: user=0.02 sys=0.00, real=0.02 secs] 
2130.231: [GC (Allocation Failure) [PSYoungGen: 417550K->140869K(465920K)] 866561K->590153K(1347584K), 0.0168406 secs] [Times: user=0.03 sys=0.00, real=0.02 secs] 
2131.184: [GC (Allocation Failure) [PSYoungGen: 373829K->64K(465920K)] 823113K->450785K(1347584K), 0.0021605 secs] [Times: user=0.01 sys=0.00, real=0.00 secs] 
2131.495: [GC (Allocation Failure) [PSYoungGen: 233024K->183076K(465920K)] 683745K->633814K(1347584K), 0.0198082 secs] [Times: user=0.02 sys=0.00, real=0.02 secs] 
2131.836: [GC (Allocation Failure) [PSYoungGen: 416036K->184076K(465920K)] 866774K->636060K(1347584K), 0.0202132 secs] [Times: user=0.03 sys=0.00, real=0.02 secs] 
2132.387: [GC (Allocation Failure) [PSYoungGen: 417036K->131502K(465920K)] 869020K->583767K(1347584K), 0.0167734 secs] [Times: user=0.03 sys=0.00, real=0.02 secs] 
2134.351: [GC (Allocation Failure) [PSYoungGen: 364462K->7834K(465920K)] 816727K->460399K(1347584K), 0.0032520 secs] [Times: user=0.01 sys=0.00, real=0.00 secs] 
2134.724: [GC (Allocation Failure) [PSYoungGen: 240794K->184590K(465920K)] 693359K->638408K(1347584K), 0.0202963 secs] [Times: user=0.02 sys=0.00, real=0.02 secs] 
2135.010: [GC (Allocation Failure) [PSYoungGen: 417550K->184912K(465920K)] 871368K->639011K(1347584K), 0.0202825 secs] [Times: user=0.03 sys=0.00, real=0.02 secs] 
2136.179: [GC (Allocation Failure) [PSYoungGen: 417872K->121477K(465920K)] 871971K->575858K(1347584K), 0.0224802 secs] [Times: user=0.04 sys=0.00, real=0.02 secs] 
2138.124: [GC (Allocation Failure) [PSYoungGen: 354437K->18341K(465920K)] 808818K->473023K(1347584K), 0.0043811 secs] [Times: user=0.01 sys=0.00, real=0.01 secs] 
2138.417: [GC (Allocation Failure) [PSYoungGen: 251301K->186261K(465920K)] 705983K->642196K(1347584K), 0.0204213 secs] [Times: user=0.03 sys=0.00, real=0.02 secs] 
2138.707: [GC (Allocation Failure) [PSYoungGen: 419221K->184719K(465920K)] 875156K->640935K(1347584K), 0.0202821 secs] [Times: user=0.03 sys=0.00, real=0.02 secs] 
2139.866: [GC (Allocation Failure) [PSYoungGen: 417679K->109525K(465920K)] 873895K->566022K(1347584K), 0.0144877 secs] [Times: user=0.03 sys=0.00, real=0.02 secs] 
2141.565: [GC (Allocation Failure) [PSYoungGen: 342485K->29426K(465920K)] 798982K->486231K(1347584K), 0.0054945 secs] [Times: user=0.01 sys=0.00, real=0.01 secs] 
2141.928: [GC (Allocation Failure) [PSYoungGen: 262386K->186229K(465920K)] 719191K->644280K(1347584K), 0.0205264 secs] [Times: user=0.03 sys=0.00, real=0.03 secs] 
2142.213: [GC (Allocation Failure) [PSYoungGen: 419189K->185972K(465920K)] 877240K->644304K(1347584K), 0.0207943 secs] [Times: user=0.03 sys=0.00, real=0.02 secs] 
2142.912: [GC (Allocation Failure) [PSYoungGen: 416135K->97139K(465920K)] 874467K->555735K(1347584K), 0.0151537 secs] [Times: user=0.03 sys=0.00, real=0.01 secs] 
2143.818: [GC (Allocation Failure) [PSYoungGen: 330099K->38066K(465920K)] 788695K->496975K(1347584K), 0.0055012 secs] [Times: user=0.01 sys=0.00, real=0.01 secs] 
2144.143: [GC (Allocation Failure) [PSYoungGen: 271026K->184173K(465920K)] 729935K->644335K(1347584K), 0.0201651 secs] [Times: user=0.02 sys=0.00, real=0.02 secs] 
2144.429: [GC (Allocation Failure) [PSYoungGen: 417133K->184912K(465920K)] 877295K->645371K(1347584K), 0.0202299 secs] [Times: user=0.02 sys=0.00, real=0.02 secs] 
2145.952: [GC (Allocation Failure) [PSYoungGen: 407984K->91596K(465920K)] 868443K->552337K(1347584K), 0.0234145 secs] [Times: user=0.04 sys=0.00, real=0.02 secs] 
2147.845: [GC (Allocation Failure) [PSYoungGen: 324556K->37809K(465920K)] 785297K->498860K(1347584K), 0.0071209 secs] [Times: user=0.01 sys=0.00, real=0.01 secs] 
2148.224: [GC (Allocation Failure) [PSYoungGen: 270769K->184558K(465920K)] 731820K->646854K(1347584K), 0.0203192 secs] [Times: user=0.03 sys=0.01, real=0.02 secs] 
2148.507: [GC (Allocation Failure) [PSYoungGen: 417518K->184687K(465920K)] 879814K->647264K(1347584K), 0.0204123 secs] [Times: user=0.02 sys=0.00, real=0.02 secs] 
2149.854: [GC (Allocation Failure) [PSYoungGen: 407398K->91741K(465920K)] 869976K->554712K(1347584K), 0.0238038 secs] [Times: user=0.04 sys=0.00, real=0.02 secs] 
2152.152: [GC (Allocation Failure) [PSYoungGen: 324701K->37909K(465920K)] 787672K->501067K(1347584K), 0.0070514 secs] [Times: user=0.01 sys=0.00, real=0.01 secs] 
2152.460: [GC (Allocation Failure) [PSYoungGen: 270869K->184719K(465920K)] 734027K->649251K(1347584K), 0.0201985 secs] [Times: user=0.02 sys=0.00, real=0.02 secs] 
2152.748: [GC (Allocation Failure) [PSYoungGen: 417679K->184687K(465920K)] 882211K->649371K(1347584K), 0.0200614 secs] [Times: user=0.03 sys=0.00, real=0.02 secs] 
2153.615: [GC (Allocation Failure) [PSYoungGen: 407252K->91484K(465920K)] 871937K->556433K(1347584K), 0.0129828 secs] [Times: user=0.02 sys=0.00, real=0.02 secs] 
2155.099: [GC (Allocation Failure) [PSYoungGen: 324444K->37684K(465920K)] 789393K->502939K(1347584K), 0.0056444 secs] [Times: user=0.02 sys=0.00, real=0.00 secs] 
2155.368: [GC (Allocation Failure) [PSYoungGen: 270644K->184687K(465920K)] 735899K->651196K(1347584K), 0.0202782 secs] [Times: user=0.02 sys=0.00, real=0.02 secs] 
2155.655: [GC (Allocation Failure) [PSYoungGen: 417647K->184719K(465920K)] 884156K->651509K(1347584K), 0.0201492 secs] [Times: user=0.02 sys=0.00, real=0.02 secs] 
2157.025: [GC (Allocation Failure) [PSYoungGen: 407531K->91725K(465920K)] 874321K->558780K(1347584K), 0.0119707 secs] [Times: user=0.02 sys=0.00, real=0.01 secs] 
2158.810: [GC (Allocation Failure) [PSYoungGen: 324685K->37392K(465920K)] 791740K->504755K(1347584K), 0.0062202 secs] [Times: user=0.01 sys=0.00, real=0.00 secs] 
2159.086: [GC (Allocation Failure) [PSYoungGen: 270352K->183787K(465920K)] 737715K->652404K(1347584K), 0.0199736 secs] [Times: user=0.02 sys=0.00, real=0.02 secs] 
2159.368: [GC (Allocation Failure) [PSYoungGen: 416747K->184301K(465920K)] 885364K->653327K(1347584K), 0.0201185 secs] [Times: user=0.02 sys=0.00, real=0.02 secs] 
2161.056: [GC (Allocation Failure) [PSYoungGen: 410671K->93267K(465920K)] 879697K->562429K(1347584K), 0.0258294 secs] [Times: user=0.05 sys=0.00, real=0.03 secs] 
2163.315: [GC (Allocation Failure) [PSYoungGen: 326227K->37780K(465920K)] 795389K->507261K(1347584K), 0.0072368 secs] [Times: user=0.02 sys=0.00, real=0.01 secs] 
2163.628: [GC (Allocation Failure) [PSYoungGen: 270740K->184430K(465920K)] 740221K->655292K(1347584K), 0.0200865 secs] [Times: user=0.02 sys=0.00, real=0.02 secs] 
2163.980: [GC (Allocation Failure) [PSYoungGen: 417390K->184622K(465920K)] 888252K->655638K(1347584K), 0.0202303 secs] [Times: user=0.03 sys=0.00, real=0.02 secs] 
2165.157: [GC (Allocation Failure) [PSYoungGen: 409755K->92014K(465920K)] 880771K->563318K(1347584K), 0.0147499 secs] [Times: user=0.03 sys=0.00, real=0.02 secs] 
2166.859: [GC (Allocation Failure) [PSYoungGen: 324974K->37780K(465920K)] 796278K->509390K(1347584K), 0.0068754 secs] [Times: user=0.01 sys=0.00, real=0.00 secs] 
2167.153: [GC (Allocation Failure) [PSYoungGen: 270740K->184847K(465920K)] 742350K->657831K(1347584K), 0.0203732 secs] [Times: user=0.03 sys=0.00, real=0.02 secs] 
2167.439: [GC (Allocation Failure) [PSYoungGen: 417807K->184687K(465920K)] 890791K->657952K(1347584K), 0.0201950 secs] [Times: user=0.03 sys=0.00, real=0.02 secs] 
2168.084: [GC (Allocation Failure) [PSYoungGen: 407220K->91499K(465920K)] 880485K->564901K(1347584K), 0.0108711 secs] [Times: user=0.02 sys=0.00, real=0.01 secs] 
2168.937: [GC (Allocation Failure) [PSYoungGen: 324459K->38066K(465920K)] 797861K->511782K(1347584K), 0.0054609 secs] [Times: user=0.01 sys=0.00, real=0.01 secs] 
2169.207: [GC (Allocation Failure) [PSYoungGen: 271026K->184687K(465920K)] 744742K->659656K(1347584K), 0.0202199 secs] [Times: user=0.03 sys=0.00, real=0.02 secs] 
2169.490: [GC (Allocation Failure) [PSYoungGen: 417647K->184687K(465920K)] 892616K->659937K(1347584K), 0.0202792 secs] [Times: user=0.02 sys=0.00, real=0.02 secs] 
2170.172: [GC (Allocation Failure) [PSYoungGen: 407240K->91387K(465920K)] 882490K->566910K(1347584K), 0.0107968 secs] [Times: user=0.02 sys=0.00, real=0.01 secs] 
2171.087: [GC (Allocation Failure) [PSYoungGen: 324347K->38005K(465920K)] 799870K->513847K(1347584K), 0.0053203 secs] [Times: user=0.01 sys=0.00, real=0.01 secs] 
2171.355: [GC (Allocation Failure) [PSYoungGen: 270965K->183916K(465920K)] 746807K->661010K(1347584K), 0.0200514 secs] [Times: user=0.03 sys=0.00, real=0.02 secs] 
2171.638: [GC (Allocation Failure) [PSYoungGen: 416876K->184398K(465920K)] 893970K->661774K(1347584K), 0.0200809 secs] [Times: user=0.03 sys=0.00, real=0.02 secs] 
2172.945: [GC (Allocation Failure) [PSYoungGen: 408092K->92367K(465920K)] 885468K->570008K(1347584K), 0.0127802 secs] [Times: user=0.02 sys=0.00, real=0.01 secs] 
2174.712: [GC (Allocation Failure) [PSYoungGen: 325327K->37427K(465920K)] 802968K->515373K(1347584K), 0.0062599 secs] [Times: user=0.01 sys=0.00, real=0.01 secs] 
2174.995: [GC (Allocation Failure) [PSYoungGen: 270387K->184687K(465920K)] 748333K->663887K(1347584K), 0.0203450 secs] [Times: user=0.03 sys=0.00, real=0.02 secs] 
2175.278: [GC (Allocation Failure) [PSYoungGen: 417647K->183658K(465920K)] 896847K->663140K(1347584K), 0.0201648 secs] [Times: user=0.03 sys=0.00, real=0.02 secs] 
2175.930: [GC (Allocation Failure) [PSYoungGen: 409323K->93058K(465920K)] 888804K->572804K(1347584K), 0.0108483 secs] [Times: user=0.02 sys=0.00, real=0.01 secs] 
2176.720: [GC (Allocation Failure) [PSYoungGen: 326018K->37909K(465920K)] 805764K->517961K(1347584K), 0.0054833 secs] [Times: user=0.01 sys=0.00, real=0.00 secs] 
2176.990: [GC (Allocation Failure) [PSYoungGen: 270869K->184558K(465920K)] 750921K->665864K(1347584K), 0.0201335 secs] [Times: user=0.03 sys=0.00, real=0.02 secs] 
2177.328: [GC (Allocation Failure) [PSYoungGen: 417518K->184655K(465920K)] 898824K->666242K(1347584K), 0.0208163 secs] [Times: user=0.03 sys=0.00, real=0.02 secs] 
2177.948: [GC (Allocation Failure) [PSYoungGen: 407360K->91612K(465920K)] 888947K->573600K(1347584K), 0.0109594 secs] [Times: user=0.02 sys=0.00, real=0.01 secs] 
2178.809: [GC (Allocation Failure) [PSYoungGen: 324572K->38166K(465920K)] 806560K->520341K(1347584K), 0.0065488 secs] [Times: user=0.01 sys=0.00, real=0.00 secs] 
2179.085: [GC (Allocation Failure) [PSYoungGen: 271126K->183948K(465920K)] 753301K->667377K(1347584K), 0.0200816 secs] [Times: user=0.02 sys=0.00, real=0.02 secs] 
2179.368: [GC (Allocation Failure) [PSYoungGen: 416908K->184430K(465920K)] 900337K->668268K(1347584K), 0.0201359 secs] [Times: user=0.03 sys=0.00, real=0.03 secs] 
2182.461: [GC (Allocation Failure) [PSYoungGen: 409661K->92255K(465920K)] 893500K->576230K(1347584K), 0.0235665 secs] [Times: user=0.05 sys=0.00, real=0.02 secs] 
2184.548: [GC (Allocation Failure) [PSYoungGen: 325215K->37809K(465920K)] 809190K->522092K(1347584K), 0.0079583 secs] [Times: user=0.01 sys=0.00, real=0.00 secs] 
2184.875: [GC (Allocation Failure) [PSYoungGen: 270769K->184687K(465920K)] 755052K->670215K(1347584K), 0.0202866 secs] [Times: user=0.02 sys=0.00, real=0.02 secs] 
2185.158: [GC (Allocation Failure) [PSYoungGen: 417647K->184687K(465920K)] 903175K->670625K(1347584K), 0.0200654 secs] [Times: user=0.03 sys=0.00, real=0.02 secs] 
2185.787: [GC (Allocation Failure) [PSYoungGen: 407383K->91612K(465920K)] 893322K->577823K(1347584K), 0.0109554 secs] [Times: user=0.02 sys=0.00, real=0.02 secs] 
2187.119: [GC (Allocation Failure) [PSYoungGen: 324572K->37777K(465920K)] 810783K->524162K(1347584K), 0.0065850 secs] [Times: user=0.02 sys=0.00, real=0.00 secs] 
2187.413: [GC (Allocation Failure) [PSYoungGen: 270737K->183916K(465920K)] 757122K->671554K(1347584K), 0.0204971 secs] [Times: user=0.03 sys=0.00, real=0.02 secs] 
2187.698: [GC (Allocation Failure) [PSYoungGen: 416876K->184430K(465920K)] 904514K->672349K(1347584K), 0.0202841 secs] [Times: user=0.02 sys=0.00, real=0.02 secs] 
2188.306: [GC (Allocation Failure) [PSYoungGen: 409780K->92640K(465920K)] 897700K->580825K(1347584K), 0.0129992 secs] [Times: user=0.02 sys=0.00, real=0.02 secs] 
2189.752: [GC (Allocation Failure) [PSYoungGen: 325600K->38037K(465920K)] 813785K->526529K(1347584K), 0.0072291 secs] [Times: user=0.02 sys=0.00, real=0.01 secs] 
2190.057: [GC (Allocation Failure) [PSYoungGen: 270997K->184044K(465920K)] 759489K->673790K(1347584K), 0.0201988 secs] [Times: user=0.03 sys=0.00, real=0.02 secs] 
2190.350: [GC (Allocation Failure) [PSYoungGen: 417004K->184944K(465920K)] 906750K->674971K(1347584K), 0.0203183 secs] [Times: user=0.02 sys=0.00, real=0.02 secs] 
2191.078: [GC (Allocation Failure) [PSYoungGen: 408050K->91741K(465920K)] 898076K->582032K(1347584K), 0.0121455 secs] [Times: user=0.02 sys=0.00, real=0.01 secs] 
2192.069: [GC (Allocation Failure) [PSYoungGen: 324701K->38166K(465920K)] 814992K->528759K(1347584K), 0.0063236 secs] [Times: user=0.01 sys=0.00, real=0.00 secs] 
2192.420: [GC (Allocation Failure) [PSYoungGen: 271126K->184558K(465920K)] 761719K->676405K(1347584K), 0.0204778 secs] [Times: user=0.03 sys=0.00, real=0.02 secs] 
2192.709: [GC (Allocation Failure) [PSYoungGen: 417518K->184269K(465920K)] 909365K->676397K(1347584K), 0.0203196 secs] [Times: user=0.03 sys=0.00, real=0.02 secs] 
2193.326: [GC (Allocation Failure) [PSYoungGen: 406845K->91741K(465920K)] 898973K->584142K(1347584K), 0.0134332 secs] [Times: user=0.03 sys=0.00, real=0.02 secs] 
2194.135: [GC (Allocation Failure) [PSYoungGen: 324701K->37938K(465920K)] 817102K->530649K(1347584K), 0.0054519 secs] [Times: user=0.01 sys=0.00, real=0.01 secs] 
2194.402: [GC (Allocation Failure) [PSYoungGen: 270898K->183819K(465920K)] 763609K->677784K(1347584K), 0.0202833 secs] [Times: user=0.03 sys=0.00, real=0.02 secs] 
2194.693: [GC (Allocation Failure) [PSYoungGen: 416779K->184333K(465920K)] 910744K->678707K(1347584K), 0.0200549 secs] [Times: user=0.03 sys=0.00, real=0.02 secs] 
2196.854: [GC (Allocation Failure) [PSYoungGen: 409601K->92833K(465920K)] 903975K->587351K(1347584K), 0.0187182 secs] [Times: user=0.04 sys=0.00, real=0.02 secs] 
2198.907: [GC (Allocation Failure) [PSYoungGen: 325793K->37877K(465920K)] 820311K->532703K(1347584K), 0.0075783 secs] [Times: user=0.01 sys=0.01, real=0.01 secs] 
2199.223: [GC (Allocation Failure) [PSYoungGen: 270837K->184719K(465920K)] 765663K->680799K(1347584K), 0.0203160 secs] [Times: user=0.02 sys=0.00, real=0.02 secs] 
2199.507: [GC (Allocation Failure) [PSYoungGen: 417679K->184655K(465920K)] 913759K->681144K(1347584K), 0.0203362 secs] [Times: user=0.03 sys=0.00, real=0.02 secs] 
2200.734: [GC (Allocation Failure) [PSYoungGen: 407100K->91516K(465920K)] 903590K->588270K(1347584K), 0.0210424 secs] [Times: user=0.04 sys=0.00, real=0.02 secs] 
2201.699: [GC (Allocation Failure) [PSYoungGen: 324476K->38066K(465920K)] 821230K->535000K(1347584K), 0.0054498 secs] [Times: user=0.01 sys=0.00, real=0.00 secs] 
2202.027: [GC (Allocation Failure) [PSYoungGen: 271026K->183658K(465920K)] 767960K->681830K(1347584K), 0.0202322 secs] [Times: user=0.03 sys=0.00, real=0.02 secs] 
2202.310: [GC (Allocation Failure) [PSYoungGen: 416618K->184622K(465920K)] 914790K->683075K(1347584K), 0.0202154 secs] [Times: user=0.03 sys=0.00, real=0.02 secs] 
2203.536: [GC (Allocation Failure) [PSYoungGen: 408427K->92544K(465920K)] 906880K->591261K(1347584K), 0.0194904 secs] [Times: user=0.03 sys=0.00, real=0.02 secs] 
2204.592: [GC (Allocation Failure) [PSYoungGen: 325504K->38037K(465920K)] 824221K->537068K(1347584K), 0.0055404 secs] [Times: user=0.01 sys=0.00, real=0.00 secs] 
2204.864: [GC (Allocation Failure) [PSYoungGen: 270997K->184462K(465920K)] 770028K->684754K(1347584K), 0.0207125 secs] [Times: user=0.03 sys=0.00, real=0.02 secs] 
2205.152: [GC (Allocation Failure) [PSYoungGen: 417422K->184558K(465920K)] 917714K->685261K(1347584K), 0.0201056 secs] [Times: user=0.03 sys=0.01, real=0.02 secs] 
2206.788: [GC (Allocation Failure) [PSYoungGen: 407412K->91709K(465920K)] 908115K->592547K(1347584K), 0.0259454 secs] [Times: user=0.05 sys=0.00, real=0.02 secs] 
2207.981: [GC (Allocation Failure) [PSYoungGen: 324669K->38037K(465920K)] 825507K->539184K(1347584K), 0.0055406 secs] [Times: user=0.01 sys=0.00, real=0.00 secs] 
2208.250: [GC (Allocation Failure) [PSYoungGen: 270997K->184687K(465920K)] 772144K->687087K(1347584K), 0.0202915 secs] [Times: user=0.03 sys=0.00, real=0.02 secs] 
2208.534: [GC (Allocation Failure) [PSYoungGen: 417647K->184655K(465920K)] 920047K->687336K(1347584K), 0.0201720 secs] [Times: user=0.03 sys=0.00, real=0.02 secs] 
2210.864: [GC (Allocation Failure) [PSYoungGen: 407207K->91323K(465920K)] 909888K->594269K(1347584K), 0.0234544 secs] [Times: user=0.05 sys=0.00, real=0.02 secs] 
2212.411: [GC (Allocation Failure) [PSYoungGen: 324283K->38034K(465920K)] 827229K->541291K(1347584K), 0.0065633 secs] [Times: user=0.01 sys=0.00, real=0.01 secs] 
2212.776: [GC (Allocation Failure) [PSYoungGen: 270994K->184687K(465920K)] 774251K->689325K(1347584K), 0.0204482 secs] [Times: user=0.03 sys=0.00, real=0.02 secs] 
2213.060: [GC (Allocation Failure) [PSYoungGen: 417647K->184687K(465920K)] 922285K->689478K(1347584K), 0.0201246 secs] [Times: user=0.03 sys=0.00, real=0.02 secs] 
2214.286: [GC (Allocation Failure) [PSYoungGen: 407284K->91387K(465920K)] 912075K->596451K(1347584K), 0.0181815 secs] [Times: user=0.04 sys=0.00, real=0.02 secs] 
2215.218: [GC (Allocation Failure) [PSYoungGen: 324347K->38066K(465920K)] 829411K->543446K(1347584K), 0.0053760 secs] [Times: user=0.01 sys=0.00, real=0.00 secs] 
2215.489: [GC (Allocation Failure) [PSYoungGen: 271026K->183948K(465920K)] 776406K->690581K(1347584K), 0.0200883 secs] [Times: user=0.03 sys=0.00, real=0.02 secs] 
2215.772: [GC (Allocation Failure) [PSYoungGen: 416908K->184430K(465920K)] 923541K->691344K(1347584K), 0.0201699 secs] [Times: user=0.02 sys=0.00, real=0.02 secs] 
2216.792: [GC (Allocation Failure) [PSYoungGen: 409640K->92399K(465920K)] 916554K->599587K(1347584K), 0.0132133 secs] [Times: user=0.02 sys=0.00, real=0.01 secs] 
2217.848: [GC (Allocation Failure) [PSYoungGen: 325359K->38066K(465920K)] 832547K->545554K(1347584K), 0.0064880 secs] [Times: user=0.02 sys=0.00, real=0.01 secs] 
2218.199: [GC (Allocation Failure) [PSYoungGen: 271026K->184173K(465920K)] 778514K->692905K(1347584K), 0.0202338 secs] [Times: user=0.03 sys=0.00, real=0.02 secs] 
2218.492: [GC (Allocation Failure) [PSYoungGen: 417133K->184590K(465920K)] 925865K->693604K(1347584K), 0.0201949 secs] [Times: user=0.02 sys=0.00, real=0.02 secs] 
2219.953: [GC (Allocation Failure) [PSYoungGen: 409749K->92030K(465920K)] 918763K->601317K(1347584K), 0.0249549 secs] [Times: user=0.05 sys=0.00, real=0.03 secs] 
2222.022: [GC (Allocation Failure) [PSYoungGen: 324990K->37809K(465920K)] 834277K->547404K(1347584K), 0.0069203 secs] [Times: user=0.02 sys=0.00, real=0.01 secs] 
2222.315: [GC (Allocation Failure) [PSYoungGen: 270769K->184751K(465920K)] 780364K->695599K(1347584K), 0.0203775 secs] [Times: user=0.03 sys=0.00, real=0.02 secs] 
2222.601: [GC (Allocation Failure) [PSYoungGen: 417711K->184719K(465920K)] 928559K->695848K(1347584K), 0.0213998 secs] [Times: user=0.03 sys=0.00, real=0.02 secs] 
2224.033: [GC (Allocation Failure) [PSYoungGen: 407303K->91644K(465920K)] 918433K->603038K(1347584K), 0.0232862 secs] [Times: user=0.05 sys=0.00, real=0.02 secs] 
2226.213: [GC (Allocation Failure) [PSYoungGen: 324604K->37777K(465920K)] 835998K->549479K(1347584K), 0.0074902 secs] [Times: user=0.01 sys=0.00, real=0.01 secs] 
2226.525: [GC (Allocation Failure) [PSYoungGen: 270737K->183658K(465920K)] 782439K->696614K(1347584K), 0.0201390 secs] [Times: user=0.03 sys=0.00, real=0.02 secs] 
2226.809: [GC (Allocation Failure) [PSYoungGen: 416618K->184558K(465920K)] 929574K->697795K(1347584K), 0.0202536 secs] [Times: user=0.02 sys=0.00, real=0.02 secs] 
2227.999: [GC (Allocation Failure) [PSYoungGen: 408516K->92769K(465920K)] 921752K->606270K(1347584K), 0.0204515 secs] [Times: user=0.04 sys=0.00, real=0.02 secs] 
2229.829: [GC (Allocation Failure) [PSYoungGen: 325729K->37716K(465920K)] 839230K->551524K(1347584K), 0.0080395 secs] [Times: user=0.02 sys=0.00, real=0.00 secs] 
2230.154: [GC (Allocation Failure) [PSYoungGen: 270676K->184462K(465920K)] 784484K->699515K(1347584K), 0.0202284 secs] [Times: user=0.03 sys=0.00, real=0.02 secs] 
2230.437: [GC (Allocation Failure) [PSYoungGen: 417422K->184590K(465920K)] 932475K->700053K(1347584K), 0.0202166 secs] [Times: user=0.02 sys=0.00, real=0.02 secs] 
2231.641: [GC (Allocation Failure) [PSYoungGen: 405135K->91998K(465920K)] 920597K->607597K(1347584K), 0.0140303 secs] [Times: user=0.02 sys=0.00, real=0.01 secs] 
2233.095: [GC (Allocation Failure) [PSYoungGen: 324958K->37777K(465920K)] 840557K->553678K(1347584K), 0.0080986 secs] [Times: user=0.02 sys=0.00, real=0.01 secs] 
2233.441: [GC (Allocation Failure) [PSYoungGen: 270737K->186389K(465920K)] 786638K->703544K(1347584K), 0.0206106 secs] [Times: user=0.03 sys=0.00, real=0.02 secs] 
2233.729: [GC (Allocation Failure) [PSYoungGen: 419349K->184847K(465920K)] 936504K->702283K(1347584K), 0.0202942 secs] [Times: user=0.02 sys=0.00, real=0.02 secs] 
2236.027: [GC (Allocation Failure) [PSYoungGen: 406257K->89813K(465920K)] 923693K->607521K(1347584K), 0.0177399 secs] [Times: user=0.03 sys=0.01, real=0.02 secs] 
2237.397: [GC (Allocation Failure) [PSYoungGen: 322773K->37938K(465920K)] 840481K->555962K(1347584K), 0.0067036 secs] [Times: user=0.02 sys=0.00, real=0.01 secs] 
2237.750: [GC (Allocation Failure) [PSYoungGen: 270898K->183916K(465920K)] 788922K->703193K(1347584K), 0.0201419 secs] [Times: user=0.02 sys=0.00, real=0.02 secs] 
2238.034: [GC (Allocation Failure) [PSYoungGen: 416876K->184622K(465920K)] 936153K->704181K(1347584K), 0.0202944 secs] [Times: user=0.03 sys=0.00, real=0.02 secs] 
2239.174: [GC (Allocation Failure) [PSYoungGen: 410145K->92351K(465920K)] 929704K->612175K(1347584K), 0.0186406 secs] [Times: user=0.03 sys=0.01, real=0.02 secs] 
2241.255: [GC (Allocation Failure) [PSYoungGen: 325311K->37809K(465920K)] 845135K->557939K(1347584K), 0.0071608 secs] [Times: user=0.01 sys=0.00, real=0.01 secs] 
2241.560: [GC (Allocation Failure) [PSYoungGen: 270769K->184719K(465920K)] 790899K->706102K(1347584K), 0.0201264 secs] [Times: user=0.03 sys=0.00, real=0.02 secs] 
2241.904: [GC (Allocation Failure) [PSYoungGen: 417679K->184687K(465920K)] 939062K->706351K(1347584K), 0.0202257 secs] [Times: user=0.03 sys=0.00, real=0.02 secs] 
2243.083: [GC (Allocation Failure) [PSYoungGen: 407256K->91612K(465920K)] 928920K->613541K(1347584K), 0.0260266 secs] [Times: user=0.06 sys=0.00, real=0.03 secs] 
2244.910: [GC (Allocation Failure) [PSYoungGen: 324572K->37877K(465920K)] 846501K->560104K(1347584K), 0.0066477 secs] [Times: user=0.01 sys=0.01, real=0.00 secs] 
2245.198: [GC (Allocation Failure) [PSYoungGen: 270837K->183787K(465920K)] 793064K->707276K(1347584K), 0.0203342 secs] [Times: user=0.03 sys=0.00, real=0.02 secs] 
2245.487: [GC (Allocation Failure) [PSYoungGen: 416747K->184494K(465920K)] 940236K->708263K(1347584K), 0.0203643 secs] [Times: user=0.03 sys=0.00, real=0.02 secs] 
2247.222: [GC (Allocation Failure) [PSYoungGen: 409863K->92640K(465920K)] 933633K->616683K(1347584K), 0.0151130 secs] [Times: user=0.02 sys=0.00, real=0.01 secs] 
2248.959: [GC (Allocation Failure) [PSYoungGen: 325600K->37745K(465920K)] 849643K->562096K(1347584K), 0.0068382 secs] [Times: user=0.02 sys=0.00, real=0.00 secs] 
2249.318: [GC (Allocation Failure) [PSYoungGen: 270705K->184751K(465920K)] 795056K->710355K(1347584K), 0.0204297 secs] [Times: user=0.02 sys=0.00, real=0.02 secs] 
2249.609: [GC (Allocation Failure) [PSYoungGen: 417711K->184719K(465920K)] 943315K->710732K(1347584K), 0.0202977 secs] [Times: user=0.02 sys=0.00, real=0.02 secs] 
2250.895: [GC (Allocation Failure) [PSYoungGen: 407415K->91644K(465920K)] 933428K->617923K(1347584K), 0.0131118 secs] [Times: user=0.03 sys=0.00, real=0.01 secs] 
2251.990: [GC (Allocation Failure) [PSYoungGen: 324604K->37780K(465920K)] 850883K->564236K(1347584K), 0.0054559 secs] [Times: user=0.01 sys=0.00, real=0.00 secs] 
2252.257: [GC (Allocation Failure) [PSYoungGen: 270740K->183787K(465920K)] 797196K->711497K(1347584K), 0.0201650 secs] [Times: user=0.03 sys=0.00, real=0.02 secs] 
2252.546: [GC (Allocation Failure) [PSYoungGen: 416747K->184430K(465920K)] 944457K->712420K(1347584K), 0.0205107 secs] [Times: user=0.02 sys=0.00, real=0.02 secs] 
2253.179: [GC (Allocation Failure) [PSYoungGen: 409668K->92801K(465920K)] 937659K->621064K(1347584K), 0.0098303 secs] [Times: user=0.02 sys=0.00, real=0.01 secs] 
2254.433: [GC (Allocation Failure) [PSYoungGen: 325761K->37681K(465920K)] 854024K->566262K(1347584K), 0.0065827 secs] [Times: user=0.01 sys=0.00, real=0.01 secs] 
2254.774: [GC (Allocation Failure) [PSYoungGen: 270641K->184558K(465920K)] 799222K->714522K(1347584K), 0.0203388 secs] [Times: user=0.03 sys=0.00, real=0.02 secs] 
2255.057: [GC (Allocation Failure) [PSYoungGen: 417518K->184462K(465920K)] 947482K->714578K(1347584K), 0.0203605 secs] [Times: user=0.03 sys=0.00, real=0.02 secs] 
2256.830: [GC (Allocation Failure) [PSYoungGen: 404906K->92094K(465920K)] 935023K->622484K(1347584K), 0.0140552 secs] [Times: user=0.03 sys=0.01, real=0.01 secs] 
2258.670: [GC (Allocation Failure) [PSYoungGen: 325054K->38037K(465920K)] 855444K->568736K(1347584K), 0.0065740 secs] [Times: user=0.01 sys=0.00, real=0.00 secs] 
2258.954: [GC (Allocation Failure) [PSYoungGen: 270997K->184687K(465920K)] 801696K->716631K(1347584K), 0.0204585 secs] [Times: user=0.03 sys=0.00, real=0.02 secs] 
2259.238: [GC (Allocation Failure) [PSYoungGen: 417647K->184462K(465920K)] 949591K->716687K(1347584K), 0.0204893 secs] [Times: user=0.03 sys=0.00, real=0.02 secs] 
2259.899: [GC (Allocation Failure) [PSYoungGen: 406931K->91644K(465920K)] 939157K->624143K(1347584K), 0.0113528 secs] [Times: user=0.02 sys=0.00, real=0.01 secs] 
2260.717: [GC (Allocation Failure) [PSYoungGen: 324604K->38005K(465920K)] 857103K->570822K(1347584K), 0.0054663 secs] [Times: user=0.01 sys=0.00, real=0.01 secs] 
2260.983: [GC (GCLocker Initiated GC) [PSYoungGen: 270965K->182341K(465920K)] 803782K->716403K(1347584K), 0.0201129 secs] [Times: user=0.03 sys=0.00, real=0.02 secs] 
2261.267: [GC (Allocation Failure) [PSYoungGen: 415301K->184366K(465920K)] 950488K->719826K(1347584K), 0.0203552 secs] [Times: user=0.03 sys=0.00, real=0.02 secs] 
2262.181: [GC (Allocation Failure) [PSYoungGen: 409299K->93090K(465920K)] 944759K->628558K(1347584K), 0.0134983 secs] [Times: user=0.03 sys=0.01, real=0.01 secs] 
2263.463: [GC (Allocation Failure) [PSYoungGen: 326050K->37973K(465920K)] 861518K->573791K(1347584K), 0.0065922 secs] [Times: user=0.02 sys=0.00, real=0.01 secs] 
2263.755: [GC (Allocation Failure) [PSYoungGen: 270933K->184687K(465920K)] 806751K->721758K(1347584K), 0.0201924 secs] [Times: user=0.02 sys=0.00, real=0.02 secs] 
2264.039: [GC (Allocation Failure) [PSYoungGen: 417647K->184398K(465920K)] 954718K->721742K(1347584K), 0.0202571 secs] [Times: user=0.03 sys=0.00, real=0.02 secs] 
2265.171: [GC (Allocation Failure) [PSYoungGen: 406860K->91612K(465920K)] 944204K->629246K(1347584K), 0.0248329 secs] [Times: user=0.05 sys=0.00, real=0.02 secs] 
2266.912: [GC (Allocation Failure) [PSYoungGen: 324572K->37877K(465920K)] 862206K->575824K(1347584K), 0.0069001 secs] [Times: user=0.01 sys=0.00, real=0.01 secs] 
2267.209: [GC (Allocation Failure) [PSYoungGen: 270837K->184719K(465920K)] 808784K->723920K(1347584K), 0.0204031 secs] [Times: user=0.03 sys=0.01, real=0.02 secs] 
2267.492: [GC (Allocation Failure) [PSYoungGen: 417679K->184430K(465920K)] 956880K->723912K(1347584K), 0.0202258 secs] [Times: user=0.03 sys=0.00, real=0.02 secs] 
2268.815: [GC (Allocation Failure) [PSYoungGen: 407166K->91725K(465920K)] 946648K->631472K(1347584K), 0.0170124 secs] [Times: user=0.04 sys=0.00, real=0.02 secs] 
2270.315: [GC (Allocation Failure) [PSYoungGen: 324685K->37748K(465920K)] 864432K->577809K(1347584K), 0.0065184 secs] [Times: user=0.01 sys=0.00, real=0.01 secs] 
2270.653: [GC (Allocation Failure) [PSYoungGen: 270708K->184719K(465920K)] 810769K->726162K(1347584K), 0.0204271 secs] [Times: user=0.02 sys=0.00, real=0.02 secs] 
2270.937: [GC (Allocation Failure) [PSYoungGen: 417679K->184719K(465920K)] 959122K->726306K(1347584K), 0.0203539 secs] [Times: user=0.03 sys=0.00, real=0.03 secs] 
2271.987: [GC (Allocation Failure) [PSYoungGen: 407264K->91628K(465920K)] 948852K->633489K(1347584K), 0.0120833 secs] [Times: user=0.03 sys=0.00, real=0.02 secs] 
2273.080: [GC (Allocation Failure) [PSYoungGen: 324588K->37938K(465920K)] 866449K->580106K(1347584K), 0.0062982 secs] [Times: user=0.01 sys=0.00, real=0.00 secs] 
2273.364: [GC (Allocation Failure) [PSYoungGen: 270898K->183787K(465920K)] 813066K->727209K(1347584K), 0.0203070 secs] [Times: user=0.02 sys=0.00, real=0.02 secs] 
2273.647: [GC (Allocation Failure) [PSYoungGen: 416747K->184430K(465920K)] 960169K->728133K(1347584K), 0.0204546 secs] [Times: user=0.03 sys=0.00, real=0.02 secs] 
2274.754: [GC (Allocation Failure) [PSYoungGen: 409816K->92640K(465920K)] 953519K->636616K(1347584K), 0.0128468 secs] [Times: user=0.03 sys=0.00, real=0.01 secs] 
2276.307: [GC (Allocation Failure) [PSYoungGen: 325600K->37520K(465920K)] 869576K->581806K(1347584K), 0.0067129 secs] [Times: user=0.01 sys=0.00, real=0.01 secs] 
2276.602: [GC (Allocation Failure) [PSYoungGen: 270480K->184655K(465920K)] 814766K->730178K(1347584K), 0.0207235 secs] [Times: user=0.03 sys=0.00, real=0.02 secs] 
2276.954: [GC (Allocation Failure) [PSYoungGen: 417615K->184687K(465920K)] 963138K->730491K(1347584K), 0.0202655 secs] [Times: user=0.02 sys=0.01, real=0.02 secs] 
2277.565: [GC (Allocation Failure) [PSYoungGen: 407258K->91853K(465920K)] 953062K->637922K(1347584K), 0.0119251 secs] [Times: user=0.02 sys=0.00, real=0.01 secs] 
2278.369: [GC (Allocation Failure) [PSYoungGen: 324813K->38066K(465920K)] 870882K->584452K(1347584K), 0.0055469 secs] [Times: user=0.01 sys=0.00, real=0.00 secs] 
2278.637: [GC (Allocation Failure) [PSYoungGen: 271026K->183819K(465920K)] 817412K->731458K(1347584K), 0.0201653 secs] [Times: user=0.03 sys=0.00, real=0.02 secs] 
2278.925: [GC (Allocation Failure) [PSYoungGen: 416779K->184333K(465920K)] 964418K->732382K(1347584K), 0.0202546 secs] [Times: user=0.02 sys=0.00, real=0.02 secs] 
2279.538: [GC (Allocation Failure) [PSYoungGen: 408154K->92624K(465920K)] 956203K->640810K(1347584K), 0.0107999 secs] [Times: user=0.03 sys=0.00, real=0.02 secs] 
2280.334: [GC (Allocation Failure) [PSYoungGen: 325584K->37938K(465920K)] 873770K->586437K(1347584K), 0.0056477 secs] [Times: user=0.01 sys=0.00, real=0.01 secs] 
2280.662: [GC (Allocation Failure) [PSYoungGen: 270898K->184462K(465920K)] 819397K->734214K(1347584K), 0.0203806 secs] [Times: user=0.03 sys=0.00, real=0.02 secs] 
2280.944: [GC (Allocation Failure) [PSYoungGen: 417422K->184333K(465920K)] 967174K->734367K(1347584K), 0.0202939 secs] [Times: user=0.03 sys=0.00, real=0.02 secs] 
2281.618: [GC (Allocation Failure) [PSYoungGen: 409373K->92142K(465920K)] 959407K->642569K(1347584K), 0.0119178 secs] [Times: user=0.03 sys=0.00, real=0.01 secs] 
2283.636: [GC (Allocation Failure) [PSYoungGen: 325102K->37523K(465920K)] 875529K->588146K(1347584K), 0.0067776 secs] [Times: user=0.01 sys=0.00, real=0.01 secs] 
2283.933: [GC (Allocation Failure) [PSYoungGen: 270483K->184719K(465920K)] 821106K->736587K(1347584K), 0.0203717 secs] [Times: user=0.03 sys=0.00, real=0.02 secs] 
2284.216: [GC (Allocation Failure) [PSYoungGen: 417679K->184655K(465920K)] 969547K->736812K(1347584K), 0.0201738 secs] [Times: user=0.03 sys=0.00, real=0.02 secs] 
2285.845: [GC (Allocation Failure) [PSYoungGen: 407624K->91853K(465920K)] 959782K->644284K(1347584K), 0.0126570 secs] [Times: user=0.02 sys=0.00, real=0.01 secs] 
2287.192: [GC (Allocation Failure) [PSYoungGen: 324813K->37906K(465920K)] 877244K->590644K(1347584K), 0.0068889 secs] [Times: user=0.02 sys=0.00, real=0.01 secs] 
2287.481: [GC (Allocation Failure) [PSYoungGen: 270866K->184430K(465920K)] 823604K->738421K(1347584K), 0.0202830 secs] [Times: user=0.03 sys=0.00, real=0.02 secs] 
2287.767: [GC (Allocation Failure) [PSYoungGen: 417390K->184526K(465920K)] 971381K->738799K(1347584K), 0.0217037 secs] [Times: user=0.03 sys=0.00, real=0.03 secs] 
2289.336: [GC (Allocation Failure) [PSYoungGen: 407071K->91821K(465920K)] 961344K->646367K(1347584K), 0.0171823 secs] [Times: user=0.03 sys=0.00, real=0.02 secs] 
2291.386: [GC (Allocation Failure) [PSYoungGen: 324781K->37652K(465920K)] 879327K->592513K(1347584K), 0.0068240 secs] [Times: user=0.02 sys=0.00, real=0.01 secs] 
2291.686: [GC (Allocation Failure) [PSYoungGen: 270612K->184558K(465920K)] 825473K->740673K(1347584K), 0.0202750 secs] [Times: user=0.02 sys=0.00, real=0.02 secs] 
2291.970: [GC (Allocation Failure) [PSYoungGen: 417518K->184976K(465920K)] 973633K->741372K(1347584K), 0.0204241 secs] [Times: user=0.03 sys=0.00, real=0.02 secs] 
2293.479: [GC (Allocation Failure) [PSYoungGen: 408050K->91596K(465920K)] 964446K->648257K(1347584K), 0.0133707 secs] [Times: user=0.03 sys=0.00, real=0.01 secs] 
2295.008: [GC (Allocation Failure) [PSYoungGen: 324556K->37713K(465920K)] 881217K->594684K(1347584K), 0.0069398 secs] [Times: user=0.02 sys=0.00, real=0.00 secs] 
2295.301: [GC (Allocation Failure) [PSYoungGen: 270673K->184590K(465920K)] 827644K->742952K(1347584K), 0.0203018 secs] [Times: user=0.03 sys=0.00, real=0.02 secs] 
2295.585: [GC (Allocation Failure) [PSYoungGen: 417550K->184558K(465920K)] 975912K->743201K(1347584K), 0.0204024 secs] [Times: user=0.03 sys=0.00, real=0.02 secs] 
2296.734: [GC (Allocation Failure) [PSYoungGen: 407550K->92030K(465920K)] 966193K->650817K(1347584K), 0.0165238 secs] [Times: user=0.04 sys=0.00, real=0.02 secs] 
2298.016: [GC (Allocation Failure) [PSYoungGen: 324990K->37652K(465920K)] 883777K->596757K(1347584K), 0.0055875 secs] [Times: user=0.01 sys=0.00, real=0.01 secs] 
2298.286: [GC (Allocation Failure) [PSYoungGen: 270612K->184687K(465920K)] 829717K->745045K(1347584K), 0.0204647 secs] [Times: user=0.03 sys=0.00, real=0.02 secs] 
2298.624: [GC (Allocation Failure) [PSYoungGen: 417647K->184076K(465920K)] 978005K->744716K(1347584K), 0.0202516 secs] [Times: user=0.03 sys=0.00, real=0.02 secs] 
2300.353: [GC (Allocation Failure) [PSYoungGen: 408052K->92399K(465920K)] 968692K->653304K(1347584K), 0.0242182 secs] [Times: user=0.05 sys=0.00, real=0.02 secs] 
2302.802: [GC (Allocation Failure) [PSYoungGen: 325359K->37780K(465920K)] 886264K->599003K(1347584K), 0.0068418 secs] [Times: user=0.02 sys=0.00, real=0.01 secs] 
2303.103: [GC (Allocation Failure) [PSYoungGen: 270740K->184430K(465920K)] 831963K->746898K(1347584K), 0.0201977 secs] [Times: user=0.03 sys=0.00, real=0.02 secs] 
2303.385: [GC (Allocation Failure) [PSYoungGen: 417390K->184301K(465920K)] 979858K->747051K(1347584K), 0.0201959 secs] [Times: user=0.03 sys=0.00, real=0.02 secs] 
2303.991: [GC (Allocation Failure) [PSYoungGen: 409376K->92271K(465920K)] 972126K->655414K(1347584K), 0.0108912 secs] [Times: user=0.02 sys=0.00, real=0.01 secs] 
2304.841: [GC (Allocation Failure) [PSYoungGen: 325231K->38195K(465920K)] 888374K->601519K(1347584K), 0.0058090 secs] [Times: user=0.01 sys=0.00, real=0.00 secs] 
2305.171: [GC (Allocation Failure) [PSYoungGen: 271155K->184687K(465920K)] 834479K->749265K(1347584K), 0.0203303 secs] [Times: user=0.03 sys=0.00, real=0.02 secs] 
2305.454: [GC (Allocation Failure) [PSYoungGen: 417647K->184719K(465920K)] 982225K->749578K(1347584K), 0.0203577 secs] [Times: user=0.03 sys=0.00, real=0.02 secs] 
2306.352: [GC (Allocation Failure) [PSYoungGen: 407127K->91242K(465920K)] 971986K->656367K(1347584K), 0.0142106 secs] [Times: user=0.03 sys=0.00, real=0.01 secs] 
2307.163: [GC (Allocation Failure) [PSYoungGen: 324202K->38195K(465920K)] 889327K->603629K(1347584K), 0.0055783 secs] [Times: user=0.01 sys=0.00, real=0.01 secs] 
2307.438: [GC (Allocation Failure) [PSYoungGen: 271155K->184173K(465920K)] 836589K->750860K(1347584K), 0.0202227 secs] [Times: user=0.02 sys=0.00, real=0.03 secs] 
2307.781: [GC (Allocation Failure) [PSYoungGen: 417133K->184687K(465920K)] 983820K->751655K(1347584K), 0.0206297 secs] [Times: user=0.03 sys=0.00, real=0.02 secs] 
2308.736: [GC (Allocation Failure) [PSYoungGen: 407836K->91725K(465920K)] 974805K->659087K(1347584K), 0.0136863 secs] [Times: user=0.03 sys=0.00, real=0.02 secs] 
2309.546: [GC (Allocation Failure) [PSYoungGen: 324685K->38005K(465920K)] 892047K->605549K(1347584K), 0.0054889 secs] [Times: user=0.02 sys=0.00, real=0.01 secs] 
2309.814: [GC (Allocation Failure) [PSYoungGen: 270965K->183916K(465920K)] 838509K->752713K(1347584K), 0.0204610 secs] [Times: user=0.03 sys=0.01, real=0.02 secs] 
2310.160: [GC (Allocation Failure) [PSYoungGen: 416876K->184622K(465920K)] 985673K->753700K(1347584K), 0.0203419 secs] [Times: user=0.02 sys=0.01, real=0.02 secs] 
2310.785: [GC (Allocation Failure) [PSYoungGen: 410143K->92223K(465920K)] 979221K->661566K(1347584K), 0.0118704 secs] [Times: user=0.02 sys=0.00, real=0.01 secs] 
2311.608: [GC (Allocation Failure) [PSYoungGen: 325183K->38066K(465920K)] 894526K->607717K(1347584K), 0.0073506 secs] [Times: user=0.02 sys=0.00, real=0.00 secs] 
2312.002: [GC (Allocation Failure) [PSYoungGen: 271026K->184590K(465920K)] 840677K->755495K(1347584K), 0.0204120 secs] [Times: user=0.03 sys=0.00, real=0.02 secs] 
2312.285: [GC (Allocation Failure) [PSYoungGen: 417550K->184847K(465920K)] 988455K->756161K(1347584K), 0.0203340 secs] [Times: user=0.03 sys=0.00, real=0.02 secs] 
2312.886: [GC (Allocation Failure) [PSYoungGen: 407368K->91371K(465920K)] 978682K->662830K(1347584K), 0.0125613 secs] [Times: user=0.03 sys=0.00, real=0.02 secs] 
2314.205: [GC (Allocation Failure) [PSYoungGen: 324331K->38037K(465920K)] 895790K->609814K(1347584K), 0.0057305 secs] [Times: user=0.01 sys=0.00, real=0.01 secs] 
2314.535: [GC (Allocation Failure) [PSYoungGen: 270997K->184687K(465920K)] 842774K->757846K(1347584K), 0.0204726 secs] [Times: user=0.02 sys=0.00, real=0.02 secs] 
2314.818: [GC (Allocation Failure) [PSYoungGen: 417647K->184719K(465920K)] 990806K->758030K(1347584K), 0.0205460 secs] [Times: user=0.03 sys=0.00, real=0.02 secs] 
2315.765: [GC (Allocation Failure) [PSYoungGen: 407273K->91339K(465920K)] 980585K->664915K(1347584K), 0.0117973 secs] [Times: user=0.03 sys=0.00, real=0.01 secs] 
2316.683: [GC (Allocation Failure) [PSYoungGen: 324299K->38034K(465920K)] 897875K->611921K(1347584K), 0.0064676 secs] [Times: user=0.01 sys=0.00, real=0.01 secs] 
2316.967: [GC (Allocation Failure) [PSYoungGen: 270994K->183916K(465920K)] 844881K->759056K(1347584K), 0.0202279 secs] [Times: user=0.03 sys=0.00, real=0.02 secs] 
2317.251: [GC (Allocation Failure) [PSYoungGen: 416876K->184430K(465920K)] 992016K->759979K(1347584K), 0.0203053 secs] [Times: user=0.03 sys=0.00, real=0.02 secs] 
2319.230: [GC (Allocation Failure) [PSYoungGen: 409654K->92383K(465920K)] 985204K->668069K(1347584K), 0.0124811 secs] [Times: user=0.03 sys=0.00, real=0.01 secs] 
2320.058: [GC (Allocation Failure) [PSYoungGen: 325343K->38005K(465920K)] 901029K->614009K(1347584K), 0.0060683 secs] [Times: user=0.02 sys=0.00, real=0.00 secs] 
2320.328: [GC (Allocation Failure) [PSYoungGen: 270965K->184719K(465920K)] 846969K->761977K(1347584K), 0.0203929 secs] [Times: user=0.03 sys=0.00, real=0.02 secs] 
2320.612: [GC (Allocation Failure) [PSYoungGen: 417679K->184687K(465920K)] 994937K->762354K(1347584K), 0.0205556 secs] [Times: user=0.03 sys=0.00, real=0.02 secs] 
2322.448: [GC (Allocation Failure) [PSYoungGen: 407118K->91371K(465920K)] 984785K->669304K(1347584K), 0.0198885 secs] [Times: user=0.03 sys=0.00, real=0.02 secs] 
2324.279: [GC (Allocation Failure) [PSYoungGen: 324331K->37780K(465920K)] 902264K->615900K(1347584K), 0.0074835 secs] [Times: user=0.02 sys=0.00, real=0.00 secs] 
2324.589: [GC (Allocation Failure) [PSYoungGen: 270740K->183819K(465920K)] 848860K->763201K(1347584K), 0.0203233 secs] [Times: user=0.03 sys=0.00, real=0.02 secs] 
2324.928: [GC (Allocation Failure) [PSYoungGen: 416779K->184719K(465920K)] 996161K->764381K(1347584K), 0.0202848 secs] [Times: user=0.03 sys=0.00, real=0.03 secs] 
2325.552: [GC (Allocation Failure) [PSYoungGen: 410134K->92496K(465920K)] 989797K->672431K(1347584K), 0.0119604 secs] [Times: user=0.03 sys=0.00, real=0.01 secs] 
2326.871: [GC (Allocation Failure) [PSYoungGen: 325456K->37652K(465920K)] 905391K->617885K(1347584K), 0.0083957 secs] [Times: user=0.02 sys=0.00, real=0.01 secs] 
2327.196: [GC (Allocation Failure) [PSYoungGen: 270612K->184173K(465920K)] 850845K->765660K(1347584K), 0.0203312 secs] [Times: user=0.03 sys=0.00, real=0.02 secs] 
2327.537: [GC (Allocation Failure) [PSYoungGen: 417133K->184590K(465920K)] 998620K->766358K(1347584K), 0.0202818 secs] [Times: user=0.03 sys=0.00, real=0.02 secs] 
2328.614: [GC (Allocation Failure) [PSYoungGen: 408175K->92383K(465920K)] 989943K->674416K(1347584K), 0.0145818 secs] [Times: user=0.03 sys=0.00, real=0.02 secs] 
2330.656: [GC (Allocation Failure) [PSYoungGen: 325343K->37523K(465920K)] 907376K->619874K(1347584K), 0.0073828 secs] [Times: user=0.02 sys=0.00, real=0.01 secs] 
2330.969: [GC (Allocation Failure) [PSYoungGen: 270483K->184815K(465920K)] 852834K->768420K(1347584K), 0.0203083 secs] [Times: user=0.02 sys=0.00, real=0.02 secs] 
2331.251: [GC (Allocation Failure) [PSYoungGen: 417775K->184173K(465920K)] 1001380K->768059K(1347584K), 0.0202163 secs] [Times: user=0.03 sys=0.00, real=0.02 secs] 
2332.955: [GC (Allocation Failure) [PSYoungGen: 409506K->92255K(465920K)] 993392K->676406K(1347584K), 0.0107790 secs] [Times: user=0.02 sys=0.00, real=0.01 secs] 
2334.388: [GC (Allocation Failure) [PSYoungGen: 325215K->37327K(465920K)] 909366K->621792K(1347584K), 0.0055998 secs] [Times: user=0.02 sys=0.00, real=0.00 secs] 
2334.658: [GC (Allocation Failure) [PSYoungGen: 270287K->184044K(465920K)] 854752K->769770K(1347584K), 0.0203811 secs] [Times: user=0.03 sys=0.01, real=0.03 secs] 
2334.946: [GC (Allocation Failure) [PSYoungGen: 417004K->184526K(465920K)] 1002730K->770534K(1347584K), 0.0204533 secs] [Times: user=0.03 sys=0.00, real=0.02 secs] 
2336.753: [GC (Allocation Failure) [PSYoungGen: 409650K->92913K(465920K)] 995657K->679314K(1347584K), 0.0200565 secs] [Times: user=0.04 sys=0.00, real=0.02 secs] 
2339.083: [GC (Allocation Failure) [PSYoungGen: 325873K->37809K(465920K)] 912274K->624392K(1347584K), 0.0078530 secs] [Times: user=0.02 sys=0.00, real=0.01 secs] 
2339.403: [GC (Allocation Failure) [PSYoungGen: 270769K->184719K(465920K)] 857352K->772683K(1347584K), 0.0206140 secs] [Times: user=0.03 sys=0.00, real=0.02 secs] 
2339.688: [GC (Allocation Failure) [PSYoungGen: 417679K->184719K(465920K)] 1005643K->772964K(1347584K), 0.0204049 secs] [Times: user=0.03 sys=0.00, real=0.02 secs] 
2340.499: [GC (Allocation Failure) [PSYoungGen: 407405K->91628K(465920K)] 995651K->680155K(1347584K), 0.0120420 secs] [Times: user=0.03 sys=0.00, real=0.01 secs] 
2341.345: [GC (Allocation Failure) [PSYoungGen: 324588K->38066K(465920K)] 913115K->626782K(1347584K), 0.0056043 secs] [Times: user=0.01 sys=0.00, real=0.01 secs] 
2341.614: [GC (Allocation Failure) [PSYoungGen: 271026K->183819K(465920K)] 859742K->773789K(1347584K), 0.0202135 secs] [Times: user=0.03 sys=0.00, real=0.02 secs] 
2341.897: [GC (Allocation Failure) [PSYoungGen: 416779K->184687K(465920K)] 1006749K->774937K(1347584K), 0.0203370 secs] [Times: user=0.03 sys=0.00, real=0.02 secs] 
2343.326: [GC (Allocation Failure) [PSYoungGen: 410102K->92271K(465920K)] 1000352K->682786K(1347584K), 0.0159917 secs] [Times: user=0.03 sys=0.00, real=0.02 secs] 
2344.804: [GC (Allocation Failure) [PSYoungGen: 325231K->37941K(465920K)] 915746K->628766K(1347584K), 0.0082326 secs] [Times: user=0.02 sys=0.00, real=0.01 secs] 
2345.131: [GC (Allocation Failure) [PSYoungGen: 270901K->184205K(465920K)] 861726K->776292K(1347584K), 0.0203312 secs] [Times: user=0.03 sys=0.00, real=0.02 secs] 
2345.415: [GC (Allocation Failure) [PSYoungGen: 417165K->184526K(465920K)] 1009252K->777023K(1347584K), 0.0202290 secs] [Times: user=0.03 sys=0.00, real=0.02 secs] 
2348.748: [GC (Allocation Failure) [PSYoungGen: 409701K->92158K(465920K)] 1002198K->684792K(1347584K), 0.0189966 secs] [Times: user=0.04 sys=0.00, real=0.02 secs] 
2350.531: [GC (Allocation Failure) [PSYoungGen: 325118K->37620K(465920K)] 917752K->630559K(1347584K), 0.0066967 secs] [Times: user=0.01 sys=0.00, real=0.00 secs] 
2350.819: [GC (Allocation Failure) [PSYoungGen: 270580K->183948K(465920K)] 863519K->778132K(1347584K), 0.0203233 secs] [Times: user=0.03 sys=0.00, real=0.02 secs] 
2351.108: [GC (Allocation Failure) [PSYoungGen: 416908K->184815K(465920K)] 1011092K->779281K(1347584K), 0.0202979 secs] [Times: user=0.03 sys=0.00, real=0.02 secs] 
2352.311: [GC (Allocation Failure) [PSYoungGen: 408556K->92367K(465920K)] 1003022K->687098K(1347584K), 0.0118444 secs] [Times: user=0.03 sys=0.00, real=0.01 secs] 
2354.997: [GC (Allocation Failure) [PSYoungGen: 325327K->37395K(465920K)] 920058K->632443K(1347584K), 0.0076500 secs] [Times: user=0.02 sys=0.00, real=0.01 secs] 
2355.397: [GC (Allocation Failure) [PSYoungGen: 270355K->184558K(465920K)] 865403K->780853K(1347584K), 0.0204067 secs] [Times: user=0.02 sys=0.00, real=0.02 secs] 
2355.748: [GC (Allocation Failure) [PSYoungGen: 417518K->186518K(465920K)] 1013813K->783094K(1347584K), 0.0206425 secs] [Times: user=0.03 sys=0.00, real=0.03 secs] 
2356.611: [GC (Allocation Failure) [PSYoungGen: 408331K->90295K(465920K)] 1004907K->687272K(1347584K), 0.0122924 secs] [Times: user=0.02 sys=0.01, real=0.01 secs] 
2357.846: [GC (Allocation Failure) [PSYoungGen: 323255K->37845K(465920K)] 920232K->635001K(1347584K), 0.0063155 secs] [Times: user=0.02 sys=0.00, real=0.01 secs] 
2358.210: [GC (Allocation Failure) [PSYoungGen: 270805K->184719K(465920K)] 867961K->783121K(1347584K), 0.0210068 secs] [Times: user=0.02 sys=0.00, real=0.02 secs] 
2358.492: [GC (Allocation Failure) [PSYoungGen: 417679K->183884K(465920K)] 1016081K->782566K(1347584K), 0.0203867 secs] [Times: user=0.03 sys=0.00, real=0.02 secs] 
2359.309: [GC (Allocation Failure) [PSYoungGen: 409218K->92271K(465920K)] 1007901K->691347K(1347584K), 0.0121091 secs] [Times: user=0.02 sys=0.00, real=0.01 secs] 
2360.871: [GC (Allocation Failure) [PSYoungGen: 325231K->37392K(465920K)] 924307K->636658K(1347584K), 0.0065257 secs] [Times: user=0.02 sys=0.00, real=0.01 secs] 
2361.227: [GC (Allocation Failure) [PSYoungGen: 270352K->184687K(465920K)] 869618K->785206K(1347584K), 0.0206318 secs] [Times: user=0.03 sys=0.00, real=0.03 secs] 
2361.514: [GC (Allocation Failure) [PSYoungGen: 417647K->184687K(465920K)] 1018166K->785616K(1347584K), 0.0205030 secs] [Times: user=0.03 sys=0.00, real=0.02 secs] 
2363.985: [GC (Allocation Failure) [PSYoungGen: 409735K->91998K(465920K)] 1010664K->693192K(1347584K), 0.0200948 secs] [Times: user=0.04 sys=0.00, real=0.02 secs] 
2365.803: [GC (Allocation Failure) [PSYoungGen: 324958K->37652K(465920K)] 926152K->639035K(1347584K), 0.0067106 secs] [Times: user=0.02 sys=0.00, real=0.01 secs] 
2366.096: [GC (Allocation Failure) [PSYoungGen: 270612K->184687K(465920K)] 871995K->787324K(1347584K), 0.0202740 secs] [Times: user=0.03 sys=0.00, real=0.02 secs] 
2366.384: [GC (Allocation Failure) [PSYoungGen: 417647K->184719K(465920K)] 1020284K->787637K(1347584K), 0.0203230 secs] [Times: user=0.03 sys=0.00, real=0.02 secs] 
2367.545: [GC (Allocation Failure) [PSYoungGen: 407536K->91725K(465920K)] 1010454K->694908K(1347584K), 0.0122348 secs] [Times: user=0.03 sys=0.00, real=0.01 secs] 
2369.389: [GC (Allocation Failure) [PSYoungGen: 324685K->37395K(465920K)] 927868K->640902K(1347584K), 0.0081545 secs] [Times: user=0.02 sys=0.00, real=0.00 secs] 
2369.778: [GC (Allocation Failure) [PSYoungGen: 270355K->184719K(465920K)] 873862K->789600K(1347584K), 0.0203730 secs] [Times: user=0.03 sys=0.00, real=0.02 secs] 
2370.067: [GC (Allocation Failure) [PSYoungGen: 417679K->184655K(465920K)] 1022560K->789689K(1347584K), 0.0202801 secs] [Times: user=0.03 sys=0.00, real=0.02 secs] 
2370.730: [GC (Allocation Failure) [PSYoungGen: 405170K->92014K(465920K)] 1010204K->697321K(1347584K), 0.0125074 secs] [Times: user=0.02 sys=0.00, real=0.01 secs] 
2371.983: [GC (Allocation Failure) [PSYoungGen: 324974K->37874K(465920K)] 930281K->643481K(1347584K), 0.0068581 secs] [Times: user=0.02 sys=0.00, real=0.01 secs] 
2372.277: [GC (Allocation Failure) [PSYoungGen: 270834K->184687K(465920K)] 876441K->791547K(1347584K), 0.0204243 secs] [Times: user=0.03 sys=0.00, real=0.02 secs] 
2372.566: [GC (Allocation Failure) [PSYoungGen: 417647K->184719K(465920K)] 1024507K->791860K(1347584K), 0.0204972 secs] [Times: user=0.02 sys=0.00, real=0.02 secs] 
2373.406: [GC (Allocation Failure) [PSYoungGen: 407272K->91467K(465920K)] 1014414K->698874K(1347584K), 0.0120572 secs] [Times: user=0.02 sys=0.00, real=0.02 secs] 
2374.570: [GC (Allocation Failure) [PSYoungGen: 324427K->37780K(465920K)] 931834K->645503K(1347584K), 0.0056427 secs] [Times: user=0.01 sys=0.00, real=0.00 secs] 
2374.902: [GC (Allocation Failure) [PSYoungGen: 270740K->184719K(465920K)] 878463K->793687K(1347584K), 0.0203699 secs] [Times: user=0.03 sys=0.00, real=0.02 secs] 
2375.249: [GC (Allocation Failure) [PSYoungGen: 417679K->184687K(465920K)] 1026647K->793936K(1347584K), 0.0203757 secs] [Times: user=0.03 sys=0.00, real=0.02 secs] 
2375.962: [GC (Allocation Failure) [PSYoungGen: 407239K->91612K(465920K)] 1016488K->701134K(1347584K), 0.0117679 secs] [Times: user=0.03 sys=0.00, real=0.01 secs] 
2376.987: [GC (Allocation Failure) [PSYoungGen: 324572K->37716K(465920K)] 934094K->647544K(1347584K), 0.0064395 secs] [Times: user=0.01 sys=0.00, real=0.01 secs] 
2377.270: [GC (Allocation Failure) [PSYoungGen: 270676K->183819K(465920K)] 880504K->794900K(1347584K), 0.0203384 secs] [Times: user=0.03 sys=0.00, real=0.02 secs] 
2377.555: [GC (Allocation Failure) [PSYoungGen: 416779K->184719K(465920K)] 1027860K->796081K(1347584K), 0.0204218 secs] [Times: user=0.03 sys=0.00, real=0.02 secs] 
2378.367: [GC (Allocation Failure) [PSYoungGen: 410134K->92496K(465920K)] 1021497K->704123K(1347584K), 0.0109760 secs] [Times: user=0.02 sys=0.00, real=0.02 secs] 
2379.390: [GC (Allocation Failure) [PSYoungGen: 325456K->38037K(465920K)] 937083K->649970K(1347584K), 0.0056013 secs] [Times: user=0.01 sys=0.00, real=0.00 secs] 
2379.660: [GC (Allocation Failure) [PSYoungGen: 270997K->184558K(465920K)] 882930K->797745K(1347584K), 0.0205645 secs] [Times: user=0.03 sys=0.00, real=0.02 secs] 
2379.949: [GC (Allocation Failure) [PSYoungGen: 417518K->184301K(465920K)] 1030705K->797769K(1347584K), 0.0204381 secs] [Times: user=0.02 sys=0.00, real=0.02 secs] 
2380.570: [GC (Allocation Failure) [PSYoungGen: 406617K->91917K(465920K)] 1020085K->705650K(1347584K), 0.0115184 secs] [Times: user=0.02 sys=0.00, real=0.01 secs] 
2381.379: [GC (Allocation Failure) [PSYoungGen: 324877K->38163K(465920K)] 938610K->652218K(1347584K), 0.0060221 secs] [Times: user=0.02 sys=0.00, real=0.00 secs] 
2381.715: [GC (Allocation Failure) [PSYoungGen: 271123K->184430K(465920K)] 885178K->799866K(1347584K), 0.0204929 secs] [Times: user=0.03 sys=0.00, real=0.02 secs] 
2382.055: [GC (Allocation Failure) [PSYoungGen: 417390K->184526K(465920K)] 1032826K->800108K(1347584K), 0.0203975 secs] [Times: user=0.03 sys=0.00, real=0.02 secs] 
2383.483: [GC (Allocation Failure) [PSYoungGen: 407069K->91580K(465920K)] 1022650K->707426K(1347584K), 0.0145035 secs] [Times: user=0.03 sys=0.00, real=0.01 secs] 
2385.797: [GC (Allocation Failure) [PSYoungGen: 324540K->37780K(465920K)] 940386K->653943K(1347584K), 0.0072480 secs] [Times: user=0.01 sys=0.00, real=0.01 secs] 
2386.100: [GC (Allocation Failure) [PSYoungGen: 270740K->184398K(465920K)] 886903K->801814K(1347584K), 0.0205291 secs] [Times: user=0.03 sys=0.00, real=0.02 secs] 
2386.390: [GC (Allocation Failure) [PSYoungGen: 417358K->184301K(465920K)] 1034774K->801998K(1347584K), 0.0203377 secs] [Times: user=0.02 sys=0.01, real=0.02 secs] 
2387.161: [GC (Allocation Failure) [PSYoungGen: 409340K->92287K(465920K)] 1027037K->710393K(1347584K), 0.0161146 secs] [Times: user=0.04 sys=0.00, real=0.01 secs] 
2388.610: [GC (Allocation Failure) [PSYoungGen: 325247K->37906K(465920K)] 943353K->656210K(1347584K), 0.0068303 secs] [Times: user=0.02 sys=0.00, real=0.00 secs] 
2388.901: [GC (Allocation Failure) [PSYoungGen: 270866K->184687K(465920K)] 889170K->804245K(1347584K), 0.0204287 secs] [Times: user=0.02 sys=0.00, real=0.02 secs] 
2389.185: [GC (Allocation Failure) [PSYoungGen: 417647K->184623K(465920K)] 1037205K->804462K(1347584K), 0.0203094 secs] [Times: user=0.03 sys=0.00, real=0.02 secs] 
2390.447: [GC (Allocation Failure) [PSYoungGen: 407182K->91452K(465920K)] 1027021K->711556K(1347584K), 0.0249298 secs] [Times: user=0.05 sys=0.00, real=0.03 secs] 
2392.047: [GC (Allocation Failure) [PSYoungGen: 324412K->37748K(465920K)] 944516K->658184K(1347584K), 0.0065207 secs] [Times: user=0.02 sys=0.00, real=0.01 secs] 
2392.403: [GC (Allocation Failure) [PSYoungGen: 270708K->183819K(465920K)] 891144K->805501K(1347584K), 0.0204095 secs] [Times: user=0.02 sys=0.00, real=0.02 secs] 
2392.687: [GC (Allocation Failure) [PSYoungGen: 416779K->184398K(465920K)] 1038461K->806360K(1347584K), 0.0203695 secs] [Times: user=0.03 sys=0.00, real=0.02 secs] 
2393.767: [GC (Allocation Failure) [PSYoungGen: 409628K->92737K(465920K)] 1031591K->714965K(1347584K), 0.0125359 secs] [Times: user=0.02 sys=0.00, real=0.02 secs] 
2395.260: [GC (Allocation Failure) [PSYoungGen: 325697K->37652K(465920K)] 947925K->660188K(1347584K), 0.0082994 secs] [Times: user=0.02 sys=0.00, real=0.01 secs] 
2395.591: [GC (Allocation Failure) [PSYoungGen: 270612K->184687K(465920K)] 893148K->808484K(1347584K), 0.0205089 secs] [Times: user=0.02 sys=0.00, real=0.02 secs] 
2395.875: [GC (Allocation Failure) [PSYoungGen: 417647K->184719K(465920K)] 1041444K->808926K(1347584K), 0.0203371 secs] [Times: user=0.03 sys=0.00, real=0.02 secs] 
2396.975: [GC (Allocation Failure) [PSYoungGen: 407415K->91725K(465920K)] 1031623K->716197K(1347584K), 0.0117838 secs] [Times: user=0.02 sys=0.00, real=0.01 secs] 
2398.484: [GC (Allocation Failure) [PSYoungGen: 324685K->37652K(465920K)] 949157K->662311K(1347584K), 0.0082463 secs] [Times: user=0.02 sys=0.00, real=0.01 secs] 
2398.811: [GC (Allocation Failure) [PSYoungGen: 270612K->183787K(465920K)] 895271K->809700K(1347584K), 0.0203991 secs] [Times: user=0.03 sys=0.00, real=0.02 secs] 
2399.094: [GC (Allocation Failure) [PSYoungGen: 416747K->184430K(465920K)] 1042660K->810624K(1347584K), 0.0204007 secs] [Times: user=0.03 sys=0.00, real=0.02 secs] 
2400.480: [GC (Allocation Failure) [PSYoungGen: 409653K->92897K(465920K)] 1035848K->719357K(1347584K), 0.0131284 secs] [Times: user=0.02 sys=0.00, real=0.01 secs] 
2401.467: [GC (Allocation Failure) [PSYoungGen: 325857K->38066K(465920K)] 952317K->664833K(1347584K), 0.0056443 secs] [Times: user=0.01 sys=0.00, real=0.01 secs] 
2401.737: [GC (Allocation Failure) [PSYoungGen: 271026K->184719K(465920K)] 897793K->812739K(1347584K), 0.0203930 secs] [Times: user=0.02 sys=0.00, real=0.02 secs] 
2402.027: [GC (Allocation Failure) [PSYoungGen: 417679K->184655K(465920K)] 1045699K->813077K(1347584K), 0.0204709 secs] [Times: user=0.03 sys=0.00, real=0.02 secs] 
2403.806: [GC (Allocation Failure) [PSYoungGen: 407098K->91371K(465920K)] 1035520K->720058K(1347584K), 0.0165310 secs] [Times: user=0.04 sys=0.00, real=0.02 secs] 
2405.907: [GC (Allocation Failure) [PSYoungGen: 324331K->37681K(465920K)] 953018K->666547K(1347584K), 0.0071478 secs] [Times: user=0.02 sys=0.00, real=0.01 secs] 
2406.205: [GC (Allocation Failure) [PSYoungGen: 270641K->183690K(465920K)] 899507K->813819K(1347584K), 0.0202887 secs] [Times: user=0.02 sys=0.00, real=0.02 secs] 
2406.492: [GC (Allocation Failure) [PSYoungGen: 416650K->184398K(465920K)] 1046779K->814799K(1347584K), 0.0203290 secs] [Times: user=0.02 sys=0.00, real=0.02 secs] 
2408.416: [GC (Allocation Failure) [PSYoungGen: 409683K->93042K(465920K)] 1040084K->723716K(1347584K), 0.0192726 secs] [Times: user=0.04 sys=0.00, real=0.02 secs] 
2410.539: [GC (Allocation Failure) [PSYoungGen: 326002K->37877K(465920K)] 956676K->668861K(1347584K), 0.0069892 secs] [Times: user=0.02 sys=0.00, real=0.00 secs] 
2410.841: [GC (Allocation Failure) [PSYoungGen: 270837K->184687K(465920K)] 901821K->816925K(1347584K), 0.0203252 secs] [Times: user=0.02 sys=0.00, real=0.02 secs] 
2411.126: [GC (Allocation Failure) [PSYoungGen: 417647K->184655K(465920K)] 1049885K->817174K(1347584K), 0.0204088 secs] [Times: user=0.03 sys=0.00, real=0.02 secs] 
2412.510: [GC (Allocation Failure) [PSYoungGen: 407216K->91452K(465920K)] 1039735K->724236K(1347584K), 0.0210418 secs] [Times: user=0.05 sys=0.00, real=0.02 secs] 
2415.079: [GC (Allocation Failure) [PSYoungGen: 324412K->37684K(465920K)] 957196K->670784K(1347584K), 0.0075858 secs] [Times: user=0.02 sys=0.00, real=0.00 secs] 
2415.452: [GC (Allocation Failure) [PSYoungGen: 270644K->183819K(465920K)] 903744K->818181K(1347584K), 0.0204612 secs] [Times: user=0.03 sys=0.00, real=0.02 secs] 
2415.742: [GC (Allocation Failure) [PSYoungGen: 416779K->184687K(465920K)] 1051141K->819329K(1347584K), 0.0203545 secs] [Times: user=0.03 sys=0.00, real=0.02 secs] 
2416.734: [GC (Allocation Failure) [PSYoungGen: 410246K->92624K(465920K)] 1044888K->727532K(1347584K), 0.0134925 secs] [Times: user=0.03 sys=0.00, real=0.01 secs] 
2418.944: [GC (Allocation Failure) [PSYoungGen: 325584K->37748K(465920K)] 960492K->672972K(1347584K), 0.0082223 secs] [Times: user=0.02 sys=0.00, real=0.01 secs] 
2419.273: [GC (Allocation Failure) [PSYoungGen: 270708K->184558K(465920K)] 905932K->821164K(1347584K), 0.0203427 secs] [Times: user=0.03 sys=0.00, real=0.02 secs] 
2419.557: [GC (Allocation Failure) [PSYoungGen: 417518K->184430K(465920K)] 1054124K->821180K(1347584K), 0.0202722 secs] [Times: user=0.03 sys=0.00, real=0.02 secs] 
2420.278: [GC (Allocation Failure) [PSYoungGen: 409363K->91998K(465920K)] 1046114K->729142K(1347584K), 0.0100088 secs] [Times: user=0.02 sys=0.00, real=0.01 secs] 
2421.156: [GC (Allocation Failure) [PSYoungGen: 324958K->37938K(465920K)] 962102K->675271K(1347584K), 0.0057049 secs] [Times: user=0.02 sys=0.00, real=0.01 secs] 
2421.426: [GC (Allocation Failure) [PSYoungGen: 270898K->184687K(465920K)] 908231K->823402K(1347584K), 0.0204994 secs] [Times: user=0.02 sys=0.00, real=0.02 secs] 
2421.766: [GC (Allocation Failure) [PSYoungGen: 417647K->184526K(465920K)] 1056362K->823386K(1347584K), 0.0205806 secs] [Times: user=0.03 sys=0.00, real=0.02 secs] 
2422.405: [GC (Allocation Failure) [PSYoungGen: 407077K->91628K(465920K)] 1045937K->730882K(1347584K), 0.0125658 secs] [Times: user=0.03 sys=0.00, real=0.01 secs] 
2423.199: [GC (Allocation Failure) [PSYoungGen: 324588K->38066K(465920K)] 963842K->677499K(1347584K), 0.0056762 secs] [Times: user=0.01 sys=0.00, real=0.00 secs] 
2423.472: [GC (Allocation Failure) [PSYoungGen: 271026K->184687K(465920K)] 910459K->825373K(1347584K), 0.0207151 secs] [Times: user=0.03 sys=0.00, real=0.02 secs] 
2423.756: [GC (Allocation Failure) [PSYoungGen: 417647K->184366K(465920K)] 1058333K->825333K(1347584K), 0.0202718 secs] [Times: user=0.03 sys=0.00, real=0.02 secs] 
2425.623: [GC (Allocation Failure) [PSYoungGen: 406866K->91596K(465920K)] 1047833K->732829K(1347584K), 0.0129345 secs] [Times: user=0.03 sys=0.00, real=0.01 secs] 
2426.828: [GC (Allocation Failure) [PSYoungGen: 324556K->37877K(465920K)] 965789K->679422K(1347584K), 0.0063927 secs] [Times: user=0.01 sys=0.00, real=0.00 secs] 
2427.106: [GC (Allocation Failure) [PSYoungGen: 270837K->184719K(465920K)] 912382K->827501K(1347584K), 0.0204800 secs] [Times: user=0.03 sys=0.00, real=0.02 secs] 
2427.390: [GC (Allocation Failure) [PSYoungGen: 417679K->184430K(465920K)] 1060461K->827485K(1347584K), 0.0204327 secs] [Times: user=0.02 sys=0.00, real=0.02 secs] 
2428.206: [GC (Allocation Failure) [PSYoungGen: 407166K->91757K(465920K)] 1050221K->735077K(1347584K), 0.0122907 secs] [Times: user=0.03 sys=0.00, real=0.02 secs] 
2429.264: [GC (Allocation Failure) [PSYoungGen: 324717K->38066K(465920K)] 968037K->681703K(1347584K), 0.0056817 secs] [Times: user=0.02 sys=0.00, real=0.01 secs] 
2429.595: [GC (Allocation Failure) [PSYoungGen: 271026K->184687K(465920K)] 914663K->829705K(1347584K), 0.0206150 secs] [Times: user=0.03 sys=0.00, real=0.02 secs] 
2429.883: [GC (Allocation Failure) [PSYoungGen: 417647K->184719K(465920K)] 1062665K->829882K(1347584K), 0.0204976 secs] [Times: user=0.03 sys=0.00, real=0.02 secs] 
2430.531: [GC (Allocation Failure) [PSYoungGen: 407270K->91371K(465920K)] 1052433K->736799K(1347584K), 0.0113293 secs] [Times: user=0.03 sys=0.00, real=0.01 secs] 
2431.381: [GC (Allocation Failure) [PSYoungGen: 324331K->38066K(465920K)] 969759K->683811K(1347584K), 0.0058538 secs] [Times: user=0.02 sys=0.00, real=0.00 secs] 
2431.649: [GC (Allocation Failure) [PSYoungGen: 271026K->183948K(465920K)] 916771K->830946K(1347584K), 0.0205221 secs] [Times: user=0.03 sys=0.00, real=0.02 secs] 
2431.989: [GC (Allocation Failure) [PSYoungGen: 416908K->184398K(465920K)] 1063906K->831677K(1347584K), 0.0204367 secs] [Times: user=0.02 sys=0.00, real=0.02 secs] 
2433.433: [GC (Allocation Failure) [PSYoungGen: 408091K->92383K(465920K)] 1055371K->739927K(1347584K), 0.0161755 secs] [Times: user=0.04 sys=0.00, real=0.02 secs] 
2435.726: [GC (Allocation Failure) [PSYoungGen: 325343K->37652K(465920K)] 972887K->685506K(1347584K), 0.0083321 secs] [Times: user=0.02 sys=0.00, real=0.01 secs] 
2436.051: [GC (GCLocker Initiated GC) [PSYoungGen: 270612K->182598K(465920K)] 918466K->831843K(1347584K), 0.0203835 secs] [Times: user=0.03 sys=0.00, real=0.02 secs] 
2436.335: [GC (Allocation Failure) [PSYoungGen: 415558K->184269K(465920K)] 1065928K->834783K(1347584K), 0.0203957 secs] [Times: user=0.03 sys=0.00, real=0.02 secs] 
2437.076: [GC (Allocation Failure) [PSYoungGen: 409353K->93331K(465920K)] 1059867K->743853K(1347584K), 0.0123265 secs] [Times: user=0.03 sys=0.00, real=0.02 secs] 
2437.947: [GC (Allocation Failure) [PSYoungGen: 326291K->38037K(465920K)] 976813K->688909K(1347584K), 0.0056091 secs] [Times: user=0.01 sys=0.00, real=0.01 secs] 
2438.271: [GC (Allocation Failure) [PSYoungGen: 270997K->184076K(465920K)] 921869K->836202K(1347584K), 0.0206254 secs] [Times: user=0.02 sys=0.00, real=0.02 secs] 
2438.620: [GC (Allocation Failure) [PSYoungGen: 417036K->184494K(465920K)] 1069162K->837029K(1347584K), 0.0206117 secs] [Times: user=0.03 sys=0.00, real=0.02 secs] 
2439.706: [GC (Allocation Failure) [PSYoungGen: 408119K->92303K(465920K)] 1060654K->744974K(1347584K), 0.0129016 secs] [Times: user=0.02 sys=0.00, real=0.02 secs] 
2441.094: [GC (Allocation Failure) [PSYoungGen: 325263K->37906K(465920K)] 977934K->690877K(1347584K), 0.0064598 secs] [Times: user=0.02 sys=0.00, real=0.01 secs] 
2441.377: [GC (Allocation Failure) [PSYoungGen: 270866K->184462K(465920K)] 923837K->838815K(1347584K), 0.0203941 secs] [Times: user=0.03 sys=0.00, real=0.02 secs] 
2441.718: [GC (Allocation Failure) [PSYoungGen: 417422K->184590K(465920K)] 1071775K->839096K(1347584K), 0.0204011 secs] [Times: user=0.03 sys=0.00, real=0.03 secs] 
2442.733: [GC (Allocation Failure) [PSYoungGen: 407145K->91853K(465920K)] 1061652K->746624K(1347584K), 0.0133254 secs] [Times: user=0.02 sys=0.00, real=0.01 secs] 
2443.673: [GC (Allocation Failure) [PSYoungGen: 324813K->38066K(465920K)] 979584K->693151K(1347584K), 0.0056999 secs] [Times: user=0.01 sys=0.00, real=0.01 secs] 
2443.943: [GC (Allocation Failure) [PSYoungGen: 271026K->184494K(465920K)] 926111K->840824K(1347584K), 0.0203752 secs] [Times: user=0.03 sys=0.00, real=0.02 secs] 
2444.226: [GC (Allocation Failure) [PSYoungGen: 417454K->184526K(465920K)] 1073784K->841146K(1347584K), 0.0205074 secs] [Times: user=0.03 sys=0.00, real=0.02 secs] 
2445.644: [GC (Allocation Failure) [PSYoungGen: 407069K->91693K(465920K)] 1063688K->748577K(1347584K), 0.0123846 secs] [Times: user=0.02 sys=0.00, real=0.01 secs] 
2446.611: [GC (Allocation Failure) [PSYoungGen: 324653K->37938K(465920K)] 981537K->695140K(1347584K), 0.0063739 secs] [Times: user=0.01 sys=0.00, real=0.00 secs] 
2446.888: [GC (Allocation Failure) [PSYoungGen: 270898K->184976K(465920K)] 928100K->843432K(1347584K), 0.0205068 secs] [Times: user=0.03 sys=0.00, real=0.02 secs] 
2447.172: [GC (Allocation Failure) [PSYoungGen: 417936K->184205K(465920K)] 1076392K->843070K(1347584K), 0.0203333 secs] [Times: user=0.03 sys=0.00, real=0.02 secs] 
2447.857: [GC (Allocation Failure) [PSYoungGen: 407012K->91789K(465920K)] 1065878K->750791K(1347584K), 0.0112508 secs] [Times: user=0.02 sys=0.00, real=0.02 secs] 
2449.339: [GC (Allocation Failure) [PSYoungGen: 324749K->37620K(465920K)] 983751K->696945K(1347584K), 0.0067328 secs] [Times: user=0.01 sys=0.00, real=0.00 secs] 
2449.706: [GC (Allocation Failure) [PSYoungGen: 270580K->184815K(465920K)] 929905K->845387K(1347584K), 0.0204994 secs] [Times: user=0.03 sys=0.00, real=0.02 secs] 
2449.991: [GC (Allocation Failure) [PSYoungGen: 417775K->184205K(465920K)] 1078347K->845186K(1347584K), 0.0204794 secs] [Times: user=0.02 sys=0.00, real=0.02 secs] 
2451.220: [GC (Allocation Failure) [PSYoungGen: 409420K->92142K(465920K)] 1070401K->753388K(1347584K), 0.0194069 secs] [Times: user=0.04 sys=0.01, real=0.02 secs] 
2452.228: [GC (Allocation Failure) [PSYoungGen: 325102K->38034K(465920K)] 986348K->699465K(1347584K), 0.0070741 secs] [Times: user=0.02 sys=0.00, real=0.00 secs] 
2452.580: [GC (Allocation Failure) [PSYoungGen: 270994K->184719K(465920K)] 932425K->847395K(1347584K), 0.0205280 secs] [Times: user=0.03 sys=0.00, real=0.02 secs] 
2452.925: [GC (Allocation Failure) [PSYoungGen: 417679K->184719K(465920K)] 1080355K->847676K(1347584K), 0.0205614 secs] [Times: user=0.03 sys=0.00, real=0.02 secs] 
2454.392: [GC (Allocation Failure) [PSYoungGen: 407317K->91371K(465920K)] 1070275K->754594K(1347584K), 0.0268756 secs] [Times: user=0.06 sys=0.00, real=0.03 secs] 
2455.991: [GC (Allocation Failure) [PSYoungGen: 324331K->37909K(465920K)] 987554K->701445K(1347584K), 0.0084251 secs] [Times: user=0.02 sys=0.00, real=0.01 secs] 
2456.385: [GC (Allocation Failure) [PSYoungGen: 270869K->183916K(465920K)] 934405K->848706K(1347584K), 0.0205682 secs] [Times: user=0.03 sys=0.00, real=0.02 secs] 
2456.670: [GC (Allocation Failure) [PSYoungGen: 416876K->184398K(465920K)] 1081666K->849589K(1347584K), 0.0203083 secs] [Times: user=0.03 sys=0.00, real=0.02 secs] 
2458.173: [GC (Allocation Failure) [PSYoungGen: 409636K->92480K(465920K)] 1074827K->757808K(1347584K), 0.0171232 secs] [Times: user=0.03 sys=0.00, real=0.02 secs] 
2460.290: [GC (Allocation Failure) [PSYoungGen: 325440K->37777K(465920K)] 990768K->703411K(1347584K), 0.0085286 secs] [Times: user=0.02 sys=0.00, real=0.01 secs] 
2460.616: [GC (Allocation Failure) [PSYoungGen: 270737K->184687K(465920K)] 936371K->851574K(1347584K), 0.0206467 secs] [Times: user=0.02 sys=0.00, real=0.02 secs] 
2460.901: [GC (Allocation Failure) [PSYoungGen: 417647K->184655K(465920K)] 1084534K->851952K(1347584K), 0.0205555 secs] [Times: user=0.03 sys=0.00, real=0.02 secs] 
2462.265: [GC (Allocation Failure) [PSYoungGen: 407352K->91596K(465920K)] 1074649K->759166K(1347584K), 0.0215373 secs] [Times: user=0.05 sys=0.00, real=0.02 secs] 
2464.961: [GC (Allocation Failure) [PSYoungGen: 324556K->37584K(465920K)] 992126K->705342K(1347584K), 0.0078103 secs] [Times: user=0.02 sys=0.00, real=0.01 secs] 
2465.280: [GC (Allocation Failure) [PSYoungGen: 270544K->183787K(465920K)] 938302K->852798K(1347584K), 0.0203979 secs] [Times: user=0.03 sys=0.00, real=0.02 secs] 
2465.568: [GC (Allocation Failure) [PSYoungGen: 416747K->184430K(465920K)] 1085758K->853714K(1347584K), 0.0202967 secs] [Times: user=0.03 sys=0.00, real=0.02 secs] 
2466.414: [GC (Allocation Failure) [PSYoungGen: 409737K->93058K(465920K)] 1079021K->762607K(1347584K), 0.0120140 secs] [Times: user=0.03 sys=0.00, real=0.01 secs] 
2467.224: [GC (Allocation Failure) [PSYoungGen: 326018K->38134K(465920K)] 995567K->708005K(1347584K), 0.0057654 secs] [Times: user=0.01 sys=0.00, real=0.01 secs] 
2467.555: [GC (Allocation Failure) [PSYoungGen: 271094K->184719K(465920K)] 940965K->855843K(1347584K), 0.0206456 secs] [Times: user=0.03 sys=0.00, real=0.02 secs] 
2467.839: [GC (Allocation Failure) [PSYoungGen: 417679K->184687K(465920K)] 1088803K->856092K(1347584K), 0.0205539 secs] [Times: user=0.03 sys=0.00, real=0.02 secs] 
2468.527: [GC (Allocation Failure) [PSYoungGen: 407131K->91242K(465920K)] 1078537K->762921K(1347584K), 0.0122707 secs] [Times: user=0.02 sys=0.00, real=0.02 secs] 
2469.358: [GC (Allocation Failure) [PSYoungGen: 324202K->38005K(465920K)] 995881K->710002K(1347584K), 0.0058103 secs] [Times: user=0.02 sys=0.00, real=0.00 secs] 
2469.688: [GC (Allocation Failure) [PSYoungGen: 270965K->183948K(465920K)] 942962K->857198K(1347584K), 0.0204227 secs] [Times: user=0.03 sys=0.00, real=0.02 secs] 
2469.973: [GC (Allocation Failure) [PSYoungGen: 416908K->184879K(465920K)] 1090158K->858410K(1347584K), 0.0206104 secs] [Times: user=0.03 sys=0.00, real=0.02 secs] 
2471.317: [GC (Allocation Failure) [PSYoungGen: 410205K->91998K(465920K)] 1083736K->765922K(1347584K), 0.0177274 secs] [Times: user=0.04 sys=0.00, real=0.02 secs] 
2474.030: [GC (Allocation Failure) [PSYoungGen: 324958K->37684K(465920K)] 998882K->711786K(1347584K), 0.0084249 secs] [Times: user=0.02 sys=0.00, real=0.01 secs] 
2474.423: [GC (Allocation Failure) [PSYoungGen: 270644K->184719K(465920K)] 944746K->860074K(1347584K), 0.0205250 secs] [Times: user=0.03 sys=0.00, real=0.02 secs] 
2474.770: [GC (Allocation Failure) [PSYoungGen: 417679K->184687K(465920K)] 1093034K->860323K(1347584K), 0.0203356 secs] [Times: user=0.03 sys=0.00, real=0.02 secs] 
2475.624: [GC (Allocation Failure) [PSYoungGen: 407506K->91725K(465920K)] 1083143K->767634K(1347584K), 0.0119473 secs] [Times: user=0.03 sys=0.00, real=0.01 secs] 
2476.951: [GC (Allocation Failure) [PSYoungGen: 324685K->37748K(465920K)] 1000594K->713964K(1347584K), 0.0094848 secs] [Times: user=0.02 sys=0.00, real=0.01 secs] 
2477.362: [GC (Allocation Failure) [PSYoungGen: 270708K->183916K(465920K)] 946924K->861385K(1347584K), 0.0206704 secs] [Times: user=0.03 sys=0.00, real=0.02 secs] 
2477.646: [GC (Allocation Failure) [PSYoungGen: 416876K->184430K(465920K)] 1094345K->862180K(1347584K), 0.0206193 secs] [Times: user=0.03 sys=0.00, real=0.02 secs] 
2478.244: [GC (Allocation Failure) [PSYoungGen: 409775K->92656K(465920K)] 1087525K->770671K(1347584K), 0.0124082 secs] [Times: user=0.03 sys=0.00, real=0.01 secs] 
2479.362: [GC (Allocation Failure) [PSYoungGen: 325616K->37809K(465920K)] 1003631K->716146K(1347584K), 0.0057421 secs] [Times: user=0.02 sys=0.00, real=0.01 secs] 
2479.631: [GC (Allocation Failure) [PSYoungGen: 270769K->184205K(465920K)] 949106K->863795K(1347584K), 0.0202712 secs] [Times: user=0.03 sys=0.00, real=0.02 secs] 
2479.915: [GC (Allocation Failure) [PSYoungGen: 417165K->184526K(465920K)] 1096755K->864398K(1347584K), 0.0204066 secs] [Times: user=0.02 sys=0.00, real=0.02 secs] 
2480.615: [GC (Allocation Failure) [PSYoungGen: 408107K->92271K(465920K)] 1087979K->772407K(1347584K), 0.0146787 secs] [Times: user=0.04 sys=0.00, real=0.02 secs] 
2481.980: [GC (Allocation Failure) [PSYoungGen: 325231K->37909K(465920K)] 1005367K->718361K(1347584K), 0.0065075 secs] [Times: user=0.02 sys=0.00, real=0.00 secs] 
2482.266: [GC (Allocation Failure) [PSYoungGen: 270869K->184430K(465920K)] 951321K->866136K(1347584K), 0.0204710 secs] [Times: user=0.03 sys=0.00, real=0.02 secs] 
2482.552: [GC (Allocation Failure) [PSYoungGen: 417390K->184622K(465920K)] 1099096K->866609K(1347584K), 0.0206102 secs] [Times: user=0.03 sys=0.00, real=0.02 secs] 
2485.027: [GC (Allocation Failure) [PSYoungGen: 407197K->91805K(465920K)] 1089184K->774057K(1347584K), 0.0162930 secs] [Times: user=0.04 sys=0.00, real=0.02 secs] 
2486.914: [GC (Allocation Failure) [PSYoungGen: 324765K->37649K(465920K)] 1007017K->720217K(1347584K), 0.0069353 secs] [Times: user=0.02 sys=0.00, real=0.01 secs] 
2487.202: [GC (Allocation Failure) [PSYoungGen: 270609K->184430K(465920K)] 953177K->868243K(1347584K), 0.0204932 secs] [Times: user=0.03 sys=0.00, real=0.02 secs] 
2487.539: [GC (Allocation Failure) [PSYoungGen: 417390K->184333K(465920K)] 1101203K->868428K(1347584K), 0.0204811 secs] [Times: user=0.03 sys=0.00, real=0.02 secs] 
2488.319: [GC (Allocation Failure) [PSYoungGen: 409369K->92431K(465920K)] 1093464K->776919K(1347584K), 0.0121516 secs] [Times: user=0.03 sys=0.00, real=0.01 secs] 
2490.329: [GC (Allocation Failure) [PSYoungGen: 325391K->37748K(465920K)] 1009879K->722418K(1347584K), 0.0070772 secs] [Times: user=0.02 sys=0.00, real=0.00 secs] 
2490.629: [GC (Allocation Failure) [PSYoungGen: 270708K->184719K(465920K)] 955378K->870642K(1347584K), 0.0203974 secs] [Times: user=0.03 sys=0.00, real=0.02 secs] 
2490.913: [GC (Allocation Failure) [PSYoungGen: 417679K->184687K(465920K)] 1103602K->870891K(1347584K), 0.0203538 secs] [Times: user=0.03 sys=0.00, real=0.02 secs] 
2492.872: [GC (Allocation Failure) [PSYoungGen: 407247K->91644K(465920K)] 1093452K->778114K(1347584K), 0.0191530 secs] [Times: user=0.04 sys=0.00, real=0.02 secs] 
2494.366: [GC (Allocation Failure) [PSYoungGen: 324604K->37970K(465920K)] 1011074K->724749K(1347584K), 0.0070277 secs] [Times: user=0.02 sys=0.00, real=0.01 secs] 
2494.730: [GC (Allocation Failure) [PSYoungGen: 270930K->184719K(465920K)] 957709K->872880K(1347584K), 0.0206643 secs] [Times: user=0.03 sys=0.00, real=0.02 secs] 
2495.015: [GC (Allocation Failure) [PSYoungGen: 417679K->184687K(465920K)] 1105840K->873001K(1347584K), 0.0205833 secs] [Times: user=0.02 sys=0.00, real=0.02 secs] 
2496.852: [GC (Allocation Failure) [PSYoungGen: 407251K->91467K(465920K)] 1095565K->780055K(1347584K), 0.0217595 secs] [Times: user=0.04 sys=0.00, real=0.02 secs] 
2498.701: [GC (Allocation Failure) [PSYoungGen: 324427K->37909K(465920K)] 1013015K->726814K(1347584K), 0.0074896 secs] [Times: user=0.02 sys=0.00, real=0.01 secs] 
2499.004: [GC (Allocation Failure) [PSYoungGen: 270869K->183819K(465920K)] 959774K->873978K(1347584K), 0.0205812 secs] [Times: user=0.03 sys=0.00, real=0.02 secs] 
2499.288: [GC (Allocation Failure) [PSYoungGen: 416779K->184462K(465920K)] 1106938K->874902K(1347584K), 0.0205808 secs] [Times: user=0.03 sys=0.00, real=0.03 secs] 
2500.316: [GC (Allocation Failure) [PSYoungGen: 409816K->92608K(465920K)] 1100256K->783313K(1347584K), 0.0125347 secs] [Times: user=0.03 sys=0.00, real=0.02 secs] 
2502.431: [GC (Allocation Failure) [PSYoungGen: 325568K->37652K(465920K)] 1016273K->728680K(1347584K), 0.0080524 secs] [Times: user=0.02 sys=0.00, real=0.01 secs] 
2502.747: [GC (Allocation Failure) [PSYoungGen: 270612K->184719K(465920K)] 961640K->877001K(1347584K), 0.0205997 secs] [Times: user=0.03 sys=0.00, real=0.02 secs] 
2503.032: [GC (Allocation Failure) [PSYoungGen: 417679K->184687K(465920K)] 1109961K->877250K(1347584K), 0.0204457 secs] [Times: user=0.02 sys=0.00, real=0.02 secs] 
2503.658: [GC (Allocation Failure) [PSYoungGen: 407508K->91709K(465920K)] 1100071K->784537K(1347584K), 0.0113698 secs] [Times: user=0.02 sys=0.00, real=0.01 secs] 
2504.770: [GC (Allocation Failure) [PSYoungGen: 324669K->37809K(465920K)] 1017497K->730954K(1347584K), 0.0057520 secs] [Times: user=0.01 sys=0.00, real=0.00 secs] 
2505.038: [GC (Allocation Failure) [PSYoungGen: 270769K->183948K(465920K)] 963914K->878353K(1347584K), 0.0204336 secs] [Times: user=0.03 sys=0.00, real=0.02 secs] 
2505.327: [GC (Allocation Failure) [PSYoungGen: 416908K->184462K(465920K)] 1111313K->879277K(1347584K), 0.0205140 secs] [Times: user=0.03 sys=0.00, real=0.03 secs] 
2506.302: [GC (Allocation Failure) [PSYoungGen: 409816K->92640K(465920K)] 1104632K->787592K(1347584K), 0.0139076 secs] [Times: user=0.03 sys=0.00, real=0.01 secs] 
2507.186: [GC (Allocation Failure) [PSYoungGen: 325600K->38166K(465920K)] 1020552K->733425K(1347584K), 0.0078850 secs] [Times: user=0.02 sys=0.00, real=0.01 secs] 
2507.546: [GC (Allocation Failure) [PSYoungGen: 271126K->184462K(465920K)] 966385K->880975K(1347584K), 0.0206123 secs] [Times: user=0.03 sys=0.00, real=0.02 secs] 
2507.889: [GC (Allocation Failure) [PSYoungGen: 417422K->184655K(465920K)] 1113935K->881441K(1347584K), 0.0205381 secs] [Times: user=0.03 sys=0.00, real=0.02 secs] 
2509.130: [GC (Allocation Failure) [PSYoungGen: 407095K->91484K(465920K)] 1103881K->788535K(1347584K), 0.0174051 secs] [Times: user=0.03 sys=0.00, real=0.01 secs] 
2510.943: [GC (Allocation Failure) [PSYoungGen: 324444K->37652K(465920K)] 1021495K->735021K(1347584K), 0.0078618 secs] [Times: user=0.01 sys=0.00, real=0.01 secs] 
2511.253: [GC (Allocation Failure) [PSYoungGen: 270612K->184430K(465920K)] 967981K->883052K(1347584K), 0.0206130 secs] [Times: user=0.03 sys=0.00, real=0.02 secs] 
2511.595: [GC (Allocation Failure) [PSYoungGen: 417390K->184590K(465920K)] 1116012K->883494K(1347584K), 0.0207222 secs] [Times: user=0.03 sys=0.00, real=0.02 secs] 
2513.676: [GC (Allocation Failure) [PSYoungGen: 407634K->92126K(465920K)] 1106538K->791295K(1347584K), 0.0197077 secs] [Times: user=0.04 sys=0.00, real=0.02 secs] 
2515.252: [GC (Allocation Failure) [PSYoungGen: 325086K->37812K(465920K)] 1024255K->737283K(1347584K), 0.0071065 secs] [Times: user=0.01 sys=0.00, real=0.01 secs] 
2515.542: [GC (Allocation Failure) [PSYoungGen: 270772K->184462K(465920K)] 970243K->885194K(1347584K), 0.0206385 secs] [Times: user=0.03 sys=0.01, real=0.02 secs] 
2515.825: [GC (Allocation Failure) [PSYoungGen: 417422K->184333K(465920K)] 1118154K->885346K(1347584K), 0.0207318 secs] [Times: user=0.03 sys=0.00, real=0.02 secs] 
2518.176: [GC (Allocation Failure) [PSYoungGen: 409381K->92239K(465920K)] 1110394K->793653K(1347584K), 0.0152372 secs] [Times: user=0.04 sys=0.00, real=0.02 secs] 
2519.944: [GC (Allocation Failure) [PSYoungGen: 325199K->38034K(465920K)] 1026613K->739626K(1347584K), 0.0058731 secs] [Times: user=0.01 sys=0.00, real=0.01 secs] 
2520.214: [GC (Allocation Failure) [PSYoungGen: 270994K->184719K(465920K)] 972586K->887564K(1347584K), 0.0205716 secs] [Times: user=0.03 sys=0.00, real=0.02 secs] 
2520.545: [GC (Allocation Failure) [PSYoungGen: 417679K->184687K(465920K)] 1120524K->887813K(1347584K), 0.0205682 secs] [Times: user=0.03 sys=0.00, real=0.02 secs] 
2523.328: [GC (Allocation Failure) [PSYoungGen: 407257K->91323K(465920K)] 1110383K->794715K(1347584K), 0.0205091 secs] [Times: user=0.05 sys=0.00, real=0.03 secs] 
2525.323: [GC (Allocation Failure) [PSYoungGen: 324283K->37845K(465920K)] 1027675K->741544K(1347584K), 0.0089302 secs] [Times: user=0.02 sys=0.00, real=0.01 secs] 
2525.726: [GC (Allocation Failure) [PSYoungGen: 270805K->184719K(465920K)] 974504K->889808K(1347584K), 0.0206389 secs] [Times: user=0.02 sys=0.00, real=0.02 secs] 
2526.010: [GC (Allocation Failure) [PSYoungGen: 417679K->184687K(465920K)] 1122768K->889921K(1347584K), 0.0205113 secs] [Times: user=0.03 sys=0.00, real=0.02 secs] 
2526.665: [GC (Allocation Failure) [PSYoungGen: 407250K->91499K(465920K)] 1112484K->796998K(1347584K), 0.0126116 secs] [Times: user=0.02 sys=0.00, real=0.01 secs] 
2528.605: [GC (Allocation Failure) [PSYoungGen: 324459K->37620K(465920K)] 1029958K->743432K(1347584K), 0.0079781 secs] [Times: user=0.02 sys=0.00, real=0.01 secs] 
2528.915: [GC (Allocation Failure) [PSYoungGen: 270580K->183916K(465920K)] 976392K->890982K(1347584K), 0.0208243 secs] [Times: user=0.03 sys=0.00, real=0.02 secs] 
2529.201: [GC (Allocation Failure) [PSYoungGen: 416876K->184462K(465920K)] 1123942K->891801K(1347584K), 0.0206046 secs] [Times: user=0.03 sys=0.00, real=0.02 secs] 
2530.294: [GC (Allocation Failure) [PSYoungGen: 409670K->92769K(465920K)] 1117009K->800373K(1347584K), 0.0117323 secs] [Times: user=0.03 sys=0.00, real=0.01 secs] 
2531.267: [GC (Allocation Failure) [PSYoungGen: 325729K->37906K(465920K)] 1033333K->745826K(1347584K), 0.0058132 secs] [Times: user=0.02 sys=0.00, real=0.01 secs] 
2531.602: [GC (Allocation Failure) [PSYoungGen: 270866K->184687K(465920K)] 978786K->893860K(1347584K), 0.0206898 secs] [Times: user=0.02 sys=0.00, real=0.02 secs] 
2531.886: [GC (Allocation Failure) [PSYoungGen: 417647K->184719K(465920K)] 1126820K->894302K(1347584K), 0.0206575 secs] [Times: user=0.03 sys=0.00, real=0.02 secs] 
2532.657: [GC (Allocation Failure) [PSYoungGen: 407160K->91420K(465920K)] 1116743K->801268K(1347584K), 0.0125117 secs] [Times: user=0.03 sys=0.00, real=0.02 secs] 
2533.610: [GC (Allocation Failure) [PSYoungGen: 324380K->38034K(465920K)] 1034228K->748068K(1347584K), 0.0058649 secs] [Times: user=0.01 sys=0.00, real=0.00 secs] 
2533.939: [GC (Allocation Failure) [PSYoungGen: 270994K->183883K(465920K)] 981028K->895162K(1347584K), 0.0205164 secs] [Times: user=0.03 sys=0.00, real=0.02 secs] 
2534.227: [GC (Allocation Failure) [PSYoungGen: 416843K->184687K(465920K)] 1128122K->896271K(1347584K), 0.0204454 secs] [Times: user=0.03 sys=0.00, real=0.02 secs] 
2535.959: [GC (Allocation Failure) [PSYoungGen: 410105K->92223K(465920K)] 1121689K->804080K(1347584K), 0.0150360 secs] [Times: user=0.04 sys=0.00, real=0.01 secs] 
2537.056: [GC (Allocation Failure) [PSYoungGen: 325183K->37906K(465920K)] 1037040K->750071K(1347584K), 0.0057387 secs] [Times: user=0.02 sys=0.00, real=0.01 secs] 
2537.384: [GC (Allocation Failure) [PSYoungGen: 270866K->184687K(465920K)] 983031K->898105K(1347584K), 0.0207492 secs] [Times: user=0.03 sys=0.00, real=0.02 secs] 
2537.668: [GC (Allocation Failure) [PSYoungGen: 417647K->184751K(465920K)] 1131065K->898579K(1347584K), 0.0206611 secs] [Times: user=0.03 sys=0.00, real=0.03 secs] 
2538.773: [GC (Allocation Failure) [PSYoungGen: 408174K->91484K(465920K)] 1122002K->805577K(1347584K), 0.0202084 secs] [Times: user=0.04 sys=0.00, real=0.02 secs] 
2540.365: [GC (Allocation Failure) [PSYoungGen: 324444K->37906K(465920K)] 1038537K->752192K(1347584K), 0.0070882 secs] [Times: user=0.01 sys=0.00, real=0.01 secs] 
2540.657: [GC (Allocation Failure) [PSYoungGen: 270866K->184044K(465920K)] 985152K->899584K(1347584K), 0.0207120 secs] [Times: user=0.03 sys=0.00, real=0.03 secs] 
2540.947: [GC (Allocation Failure) [PSYoungGen: 417004K->184398K(465920K)] 1132544K->900219K(1347584K), 0.0204828 secs] [Times: user=0.03 sys=0.00, real=0.02 secs] 
2542.025: [GC (Allocation Failure) [PSYoungGen: 408059K->92351K(465920K)] 1123880K->808445K(1347584K), 0.0200923 secs] [Times: user=0.04 sys=0.01, real=0.02 secs] 
2543.410: [GC (Allocation Failure) [PSYoungGen: 325311K->37906K(465920K)] 1041405K->754306K(1347584K), 0.0066177 secs] [Times: user=0.02 sys=0.00, real=0.00 secs] 
2543.686: [GC (Allocation Failure) [PSYoungGen: 270866K->183658K(465920K)] 987266K->901312K(1347584K), 0.0204677 secs] [Times: user=0.03 sys=0.00, real=0.02 secs] 
2543.973: [GC (Allocation Failure) [PSYoungGen: 416618K->184333K(465920K)] 1134272K->902268K(1347584K), 0.0203090 secs] [Times: user=0.03 sys=0.00, real=0.02 secs] 
2544.939: [GC (Allocation Failure) [PSYoungGen: 409539K->92897K(465920K)] 1127473K->811257K(1347584K), 0.0201629 secs] [Times: user=0.05 sys=0.00, real=0.02 secs] 
2546.274: [GC (Allocation Failure) [PSYoungGen: 325857K->37874K(465920K)] 1044217K->756423K(1347584K), 0.0071748 secs] [Times: user=0.01 sys=0.00, real=0.01 secs] 
2546.570: [GC (Allocation Failure) [PSYoungGen: 270834K->184687K(465920K)] 989383K->904482K(1347584K), 0.0205966 secs] [Times: user=0.03 sys=0.00, real=0.02 secs] 
2546.855: [GC (Allocation Failure) [PSYoungGen: 417647K->184655K(465920K)] 1137442K->904851K(1347584K), 0.0204216 secs] [Times: user=0.02 sys=0.00, real=0.02 secs] 
2547.574: [GC (Allocation Failure) [PSYoungGen: 407097K->91435K(465920K)] 1127294K->811897K(1347584K), 0.0108890 secs] [Times: user=0.02 sys=0.00, real=0.01 secs] 
2548.882: [GC (Allocation Failure) [PSYoungGen: 324395K->37716K(465920K)] 1044857K->758371K(1347584K), 0.0064904 secs] [Times: user=0.01 sys=0.00, real=0.01 secs] 
2549.162: [GC (Allocation Failure) [PSYoungGen: 270676K->183755K(465920K)] 991331K->905664K(1347584K), 0.0205245 secs] [Times: user=0.03 sys=0.00, real=0.02 secs] 
2549.507: [GC (Allocation Failure) [PSYoungGen: 416715K->184751K(465920K)] 1138624K->906940K(1347584K), 0.0205064 secs] [Times: user=0.03 sys=0.00, real=0.02 secs] 
2550.157: [GC (Allocation Failure) [PSYoungGen: 410170K->92480K(465920K)] 1132360K->814942K(1347584K), 0.0118565 secs] [Times: user=0.02 sys=0.00, real=0.02 secs] 
2551.009: [GC (Allocation Failure) [PSYoungGen: 325440K->38066K(465920K)] 1047902K->760839K(1347584K), 0.0057325 secs] [Times: user=0.02 sys=0.00, real=0.00 secs] 
2551.279: [GC (Allocation Failure) [PSYoungGen: 271026K->184590K(465920K)] 993799K->908745K(1347584K), 0.0204114 secs] [Times: user=0.03 sys=0.00, real=0.02 secs] 
2551.568: [GC (Allocation Failure) [PSYoungGen: 417550K->184462K(465920K)] 1141705K->908769K(1347584K), 0.0206094 secs] [Times: user=0.03 sys=0.00, real=0.02 secs] 
2554.005: [GC (Allocation Failure) [PSYoungGen: 407231K->91757K(465920K)] 1131538K->816329K(1347584K), 0.0164561 secs] [Times: user=0.04 sys=0.00, real=0.02 secs] 
2556.011: [GC (Allocation Failure) [PSYoungGen: 324717K->37649K(465920K)] 1049289K->762545K(1347584K), 0.0078993 secs] [Times: user=0.02 sys=0.00, real=0.01 secs] 
2556.328: [GC (Allocation Failure) [PSYoungGen: 270609K->184944K(465920K)] 995505K->911094K(1347584K), 0.0206528 secs] [Times: user=0.03 sys=0.00, real=0.03 secs] 
2556.614: [GC (Allocation Failure) [PSYoungGen: 417904K->184237K(465920K)] 1144054K->910660K(1347584K), 0.0205012 secs] [Times: user=0.03 sys=0.00, real=0.02 secs] 
2557.878: [GC (Allocation Failure) [PSYoungGen: 407213K->91837K(465920K)] 1133636K->818533K(1347584K), 0.0149797 secs] [Times: user=0.04 sys=0.00, real=0.01 secs] 
2560.331: [GC (Allocation Failure) [PSYoungGen: 324797K->37588K(465920K)] 1051493K->764592K(1347584K), 0.0085552 secs] [Times: user=0.02 sys=0.00, real=0.01 secs] 
2560.657: [GC (Allocation Failure) [PSYoungGen: 270548K->184719K(465920K)] 997552K->912977K(1347584K), 0.0206532 secs] [Times: user=0.03 sys=0.00, real=0.02 secs] 
2560.950: [GC (Allocation Failure) [PSYoungGen: 417679K->184687K(465920K)] 1145937K->913354K(1347584K), 0.0204949 secs] [Times: user=0.03 sys=0.00, real=0.02 secs] 
2562.187: [GC (Allocation Failure) [PSYoungGen: 407124K->91709K(465920K)] 1135791K->820649K(1347584K), 0.0149156 secs] [Times: user=0.03 sys=0.00, real=0.02 secs] 
2563.605: [GC (Allocation Failure) [PSYoungGen: 324669K->37777K(465920K)] 1053609K->766897K(1347584K), 0.0081064 secs] [Times: user=0.02 sys=0.00, real=0.01 secs] 
2563.952: [GC (Allocation Failure) [PSYoungGen: 270737K->184976K(465920K)] 999857K->915349K(1347584K), 0.0208879 secs] [Times: user=0.03 sys=0.00, real=0.02 secs] 
2564.239: [GC (Allocation Failure) [PSYoungGen: 417936K->184269K(465920K)] 1148309K->914940K(1347584K), 0.0205765 secs] [Times: user=0.03 sys=0.00, real=0.02 secs] 
2564.924: [GC (Allocation Failure) [PSYoungGen: 407237K->91741K(465920K)] 1137908K->822676K(1347584K), 0.0120745 secs] [Times: user=0.03 sys=0.00, real=0.01 secs] 
2565.837: [GC (Allocation Failure) [PSYoungGen: 324701K->38034K(465920K)] 1055636K->769276K(1347584K), 0.0062882 secs] [Times: user=0.01 sys=0.00, real=0.01 secs] 
2566.107: [GC (Allocation Failure) [PSYoungGen: 270994K->184719K(465920K)] 1002236K->917214K(1347584K), 0.0206126 secs] [Times: user=0.03 sys=0.00, real=0.03 secs] 
2566.392: [GC (Allocation Failure) [PSYoungGen: 417679K->184655K(465920K)] 1150174K->917551K(1347584K), 0.0205159 secs] [Times: user=0.03 sys=0.00, real=0.02 secs] 
2567.610: [GC (Allocation Failure) [PSYoungGen: 407091K->91355K(465920K)] 1139988K->824517K(1347584K), 0.0116111 secs] [Times: user=0.03 sys=0.00, real=0.01 secs] 
2569.493: [GC (Allocation Failure) [PSYoungGen: 324315K->37491K(465920K)] 1057477K->770840K(1347584K), 0.0069993 secs] [Times: user=0.02 sys=0.00, real=0.01 secs] 
2569.854: [GC (Allocation Failure) [PSYoungGen: 270451K->183787K(465920K)] 1003800K->918390K(1347584K), 0.0205289 secs] [Times: user=0.03 sys=0.00, real=0.02 secs] 
2570.197: [GC (Allocation Failure) [PSYoungGen: 416747K->184269K(465920K)] 1151350K->919274K(1347584K), 0.0204854 secs] [Times: user=0.03 sys=0.00, real=0.03 secs] 
2570.825: [GC (Allocation Failure) [PSYoungGen: 408099K->93122K(465920K)] 1143103K->828263K(1347584K), 0.0125375 secs] [Times: user=0.03 sys=0.00, real=0.01 secs] 
2571.633: [GC (Allocation Failure) [PSYoungGen: 326082K->37877K(465920K)] 1061223K->773336K(1347584K), 0.0058296 secs] [Times: user=0.01 sys=0.00, real=0.01 secs] 
2571.962: [GC (Allocation Failure) [PSYoungGen: 270837K->184815K(465920K)] 1006296K->921528K(1347584K), 0.0206760 secs] [Times: user=0.03 sys=0.00, real=0.02 secs] 
2572.245: [GC (Allocation Failure) [PSYoungGen: 417775K->184815K(465920K)] 1154488K->921809K(1347584K), 0.0206943 secs] [Times: user=0.03 sys=0.00, real=0.02 secs] 
2572.867: [GC (Allocation Failure) [PSYoungGen: 407166K->91194K(465920K)] 1144160K->828453K(1347584K), 0.0121572 secs] [Times: user=0.02 sys=0.00, real=0.02 secs] 
2573.709: [GC (Allocation Failure) [PSYoungGen: 324154K->38066K(465920K)] 1061413K->775647K(1347584K), 0.0059745 secs] [Times: user=0.02 sys=0.00, real=0.00 secs] 
2574.019: [GC (Allocation Failure) [PSYoungGen: 271026K->184269K(465920K)] 1008607K->923095K(1347584K), 0.0238408 secs] [Times: user=0.03 sys=0.00, real=0.02 secs] 
2574.359: [GC (Allocation Failure) [PSYoungGen: 417229K->186454K(465920K)] 1156055K->925698K(1347584K), 0.0207981 secs] [Times: user=0.03 sys=0.00, real=0.02 secs] 
2574.969: [GC (Allocation Failure) [PSYoungGen: 408238K->90070K(465920K)] 1147481K->829579K(1347584K), 0.0125314 secs] [Times: user=0.02 sys=0.00, real=0.01 secs] 
2575.778: [GC (Allocation Failure) [PSYoungGen: 323030K->38034K(465920K)] 1062539K->777728K(1347584K), 0.0058658 secs] [Times: user=0.02 sys=0.00, real=0.00 secs] 
2576.048: [GC (Allocation Failure) [PSYoungGen: 270994K->184815K(465920K)] 1010688K->925755K(1347584K), 0.0207319 secs] [Times: user=0.03 sys=0.00, real=0.02 secs] 
2576.387: [GC (Allocation Failure) [PSYoungGen: 417775K->184141K(465920K)] 1158715K->925482K(1347584K), 0.0205740 secs] [Times: user=0.03 sys=0.00, real=0.02 secs] 
2578.056: [GC (Allocation Failure) [PSYoungGen: 407140K->91677K(465920K)] 1148481K->833154K(1347584K), 0.0193629 secs] [Times: user=0.04 sys=0.00, real=0.02 secs] 
2579.643: [GC (Allocation Failure) [PSYoungGen: 324637K->37874K(465920K)] 1066114K->779660K(1347584K), 0.0067808 secs] [Times: user=0.02 sys=0.00, real=0.01 secs] 
2579.923: [GC (Allocation Failure) [PSYoungGen: 270834K->184687K(465920K)] 1012620K->927718K(1347584K), 0.0206751 secs] [Times: user=0.03 sys=0.00, real=0.02 secs] 
2580.207: [GC (Allocation Failure) [PSYoungGen: 417647K->184655K(465920K)] 1160678K->928088K(1347584K), 0.0204560 secs] [Times: user=0.03 sys=0.01, real=0.02 secs] 
2581.052: [GC (Allocation Failure) [PSYoungGen: 407101K->91435K(465920K)] 1150534K->835134K(1347584K), 0.0264312 secs] [Times: user=0.06 sys=0.00, real=0.03 secs] 
2582.734: [GC (Allocation Failure) [PSYoungGen: 324395K->37716K(465920K)] 1068094K->781591K(1347584K), 0.0079148 secs] [Times: user=0.02 sys=0.00, real=0.01 secs] 
2583.038: [GC (Allocation Failure) [PSYoungGen: 270676K->183819K(465920K)] 1014551K->928948K(1347584K), 0.0203580 secs] [Times: user=0.03 sys=0.00, real=0.02 secs] 
2583.388: [GC (Allocation Failure) [PSYoungGen: 416779K->184655K(465920K)] 1161908K->930057K(1347584K), 0.0206337 secs] [Times: user=0.03 sys=0.00, real=0.03 secs] 
2584.250: [GC (Allocation Failure) [PSYoungGen: 410114K->92512K(465920K)] 1155515K->838179K(1347584K), 0.0123985 secs] [Times: user=0.03 sys=0.00, real=0.01 secs] 
2585.050: [GC (Allocation Failure) [PSYoungGen: 325472K->38037K(465920K)] 1071139K->784018K(1347584K), 0.0058620 secs] [Times: user=0.01 sys=0.00, real=0.00 secs] 
2585.319: [GC (Allocation Failure) [PSYoungGen: 270997K->184687K(465920K)] 1016978K->931921K(1347584K), 0.0204623 secs] [Times: user=0.03 sys=0.00, real=0.02 secs] 
2585.608: [GC (Allocation Failure) [PSYoungGen: 417647K->184655K(465920K)] 1164881K->932298K(1347584K), 0.0204169 secs] [Times: user=0.03 sys=0.00, real=0.02 secs] 
2587.617: [GC (Allocation Failure) [PSYoungGen: 407101K->91355K(465920K)] 1154745K->839264K(1347584K), 0.0248475 secs] [Times: user=0.05 sys=0.00, real=0.03 secs] 
2589.721: [GC (Allocation Failure) [PSYoungGen: 324315K->37906K(465920K)] 1072224K->786008K(1347584K), 0.0071519 secs] [Times: user=0.02 sys=0.00, real=0.01 secs] 
2590.023: [GC (Allocation Failure) [PSYoungGen: 270866K->184687K(465920K)] 1018968K->934042K(1347584K), 0.0205750 secs] [Times: user=0.03 sys=0.00, real=0.02 secs] 
2590.367: [GC (Allocation Failure) [PSYoungGen: 417647K->184687K(465920K)] 1167002K->934323K(1347584K), 0.0206479 secs] [Times: user=0.03 sys=0.00, real=0.02 secs] 
2591.027: [GC (Allocation Failure) [PSYoungGen: 407242K->91484K(465920K)] 1156878K->841385K(1347584K), 0.0122759 secs] [Times: user=0.02 sys=0.00, real=0.02 secs] 
2591.837: [GC (Allocation Failure) [PSYoungGen: 324444K->38005K(465920K)] 1074345K->788215K(1347584K), 0.0059447 secs] [Times: user=0.01 sys=0.00, real=0.01 secs] 
2592.168: [GC (Allocation Failure) [PSYoungGen: 270965K->183916K(465920K)] 1021175K->935371K(1347584K), 0.0205943 secs] [Times: user=0.02 sys=0.00, real=0.03 secs] 
2592.454: [GC (Allocation Failure) [PSYoungGen: 416876K->184398K(465920K)] 1168331K->936134K(1347584K), 0.0205087 secs] [Times: user=0.03 sys=0.00, real=0.02 secs] 
2593.883: [GC (Allocation Failure) [PSYoungGen: 409610K->92351K(465920K)] 1161346K->844352K(1347584K), 0.0206613 secs] [Times: user=0.05 sys=0.00, real=0.02 secs] 
2595.377: [GC (Allocation Failure) [PSYoungGen: 325311K->37874K(465920K)] 1077312K->790183K(1347584K), 0.0070267 secs] [Times: user=0.01 sys=0.00, real=0.01 secs] 
2595.664: [GC (Allocation Failure) [PSYoungGen: 270834K->184719K(465920K)] 1023143K->938281K(1347584K), 0.0205178 secs] [Times: user=0.03 sys=0.00, real=0.02 secs] 
2596.009: [GC (Allocation Failure) [PSYoungGen: 417679K->184655K(465920K)] 1171241K->938619K(1347584K), 0.0206533 secs] [Times: user=0.02 sys=0.00, real=0.02 secs] 
2597.087: [GC (Allocation Failure) [PSYoungGen: 407095K->91467K(465920K)] 1161059K->845697K(1347584K), 0.0141675 secs] [Times: user=0.03 sys=0.00, real=0.02 secs] 
2600.145: [GC (Allocation Failure) [PSYoungGen: 324427K->37777K(465920K)] 1078657K->792192K(1347584K), 0.0082304 secs] [Times: user=0.02 sys=0.00, real=0.01 secs] 
2600.542: [GC (Allocation Failure) [PSYoungGen: 270737K->184719K(465920K)] 1025152K->940515K(1347584K), 0.0206363 secs] [Times: user=0.03 sys=0.00, real=0.02 secs] 
2600.826: [GC (Allocation Failure) [PSYoungGen: 417679K->184655K(465920K)] 1173475K->940604K(1347584K), 0.0209264 secs] [Times: user=0.02 sys=0.00, real=0.02 secs] 
2601.844: [GC (Allocation Failure) [PSYoungGen: 407218K->91612K(465920K)] 1163167K->847834K(1347584K), 0.0168860 secs] [Times: user=0.04 sys=0.00, real=0.02 secs] 
2603.403: [GC (Allocation Failure) [PSYoungGen: 324572K->37748K(465920K)] 1080794K->794292K(1347584K), 0.0070804 secs] [Times: user=0.02 sys=0.00, real=0.01 secs] 
2603.695: [GC (Allocation Failure) [PSYoungGen: 270708K->183787K(465920K)] 1027252K->941584K(1347584K), 0.0205142 secs] [Times: user=0.03 sys=0.00, real=0.02 secs] 
2603.980: [GC (Allocation Failure) [PSYoungGen: 416747K->184719K(465920K)] 1174544K->942789K(1347584K), 0.0212287 secs] [Times: user=0.03 sys=0.00, real=0.02 secs] 
2605.109: [GC (Allocation Failure) [PSYoungGen: 410134K->92528K(465920K)] 1168204K->850879K(1347584K), 0.0290335 secs] [Times: user=0.06 sys=0.00, real=0.02 secs] 
2607.811: [GC (Allocation Failure) [PSYoungGen: 325488K->37617K(465920K)] 1083839K->796278K(1347584K), 0.0086743 secs] [Times: user=0.02 sys=0.00, real=0.01 secs] 
2608.207: [GC (Allocation Failure) [PSYoungGen: 270577K->184558K(465920K)] 1029238K->944473K(1347584K), 0.0207022 secs] [Times: user=0.03 sys=0.00, real=0.03 secs] 
2608.490: [GC (Allocation Failure) [PSYoungGen: 417518K->184301K(465920K)] 1177433K->944497K(1347584K), 0.0205902 secs] [Times: user=0.02 sys=0.00, real=0.02 secs] 
2609.872: [GC (Allocation Failure) [PSYoungGen: 409185K->92255K(465920K)] 1169381K->852716K(1347584K), 0.0172353 secs] [Times: user=0.04 sys=0.00, real=0.02 secs] 
2612.253: [GC (Allocation Failure) [PSYoungGen: 325215K->37588K(465920K)] 1085676K->798357K(1347584K), 0.0087555 secs] [Times: user=0.02 sys=0.01, real=0.01 secs] 
2612.578: [GC (Allocation Failure) [PSYoungGen: 270548K->184462K(465920K)] 1031317K->946469K(1347584K), 0.0205267 secs] [Times: user=0.03 sys=0.00, real=0.03 secs] 
2612.867: [GC (Allocation Failure) [PSYoungGen: 417422K->184269K(465920K)] 1179429K->946557K(1347584K), 0.0203598 secs] [Times: user=0.03 sys=0.00, real=0.02 secs] 
2613.706: [GC (Allocation Failure) [PSYoungGen: 409316K->92431K(465920K)] 1171604K->855121K(1347584K), 0.0140091 secs] [Times: user=0.03 sys=0.00, real=0.02 secs] 
2615.225: [GC (Allocation Failure) [PSYoungGen: 325391K->37520K(465920K)] 1088081K->800387K(1347584K), 0.0064271 secs] [Times: user=0.01 sys=0.00, real=0.01 secs] 
2615.503: [GC (Allocation Failure) [PSYoungGen: 270480K->184719K(465920K)] 1033347K->948847K(1347584K), 0.0206097 secs] [Times: user=0.03 sys=0.00, real=0.02 secs] 
2615.789: [GC (Allocation Failure) [PSYoungGen: 417679K->184655K(465920K)] 1181807K->949056K(1347584K), 0.0204580 secs] [Times: user=0.02 sys=0.00, real=0.02 secs] 
2617.054: [GC (Allocation Failure) [PSYoungGen: 407219K->91837K(465920K)] 1171621K->856504K(1347584K), 0.0116064 secs] [Times: user=0.02 sys=0.00, real=0.01 secs] 
2619.072: [GC (Allocation Failure) [PSYoungGen: 324797K->37331K(465920K)] 1089464K->802297K(1347584K), 0.0081065 secs] [Times: user=0.02 sys=0.00, real=0.01 secs] 
2619.390: [GC (Allocation Failure) [PSYoungGen: 270291K->184719K(465920K)] 1035257K->950939K(1347584K), 0.0209217 secs] [Times: user=0.03 sys=0.00, real=0.02 secs] 
2619.674: [GC (Allocation Failure) [PSYoungGen: 417679K->184623K(465920K)] 1183899K->951116K(1347584K), 0.0206044 secs] [Times: user=0.03 sys=0.00, real=0.02 secs] 
2620.397: [GC (Allocation Failure) [PSYoungGen: 405121K->91982K(465920K)] 1171614K->858740K(1347584K), 0.0115562 secs] [Times: user=0.02 sys=0.00, real=0.02 secs] 
2621.239: [GC (Allocation Failure) [PSYoungGen: 324942K->38005K(465920K)] 1091700K->805063K(1347584K), 0.0058985 secs] [Times: user=0.01 sys=0.00, real=0.00 secs] 
2621.572: [GC (Allocation Failure) [PSYoungGen: 270965K->186518K(465920K)] 1038023K->954830K(1347584K), 0.0208447 secs] [Times: user=0.03 sys=0.00, real=0.02 secs] 
2621.858: [GC (Allocation Failure) [PSYoungGen: 419478K->186068K(465920K)] 1187790K->954782K(1347584K), 0.0208064 secs] [Times: user=0.03 sys=0.00, real=0.03 secs] 
2623.931: [GC (Allocation Failure) [PSYoungGen: 404896K->88174K(465920K)] 1173610K->857160K(1347584K), 0.0256069 secs] [Times: user=0.06 sys=0.00, real=0.02 secs] 
2625.395: [GC (Allocation Failure) [PSYoungGen: 321134K->37906K(465920K)] 1090120K->807077K(1347584K), 0.0058693 secs] [Times: user=0.01 sys=0.00, real=0.01 secs] 
2625.664: [GC (Allocation Failure) [PSYoungGen: 270866K->184205K(465920K)] 1040037K->954622K(1347584K), 0.0206323 secs] [Times: user=0.03 sys=0.00, real=0.02 secs] 
2626.007: [GC (Allocation Failure) [PSYoungGen: 417165K->184462K(465920K)] 1187582K->955280K(1347584K), 0.0207527 secs] [Times: user=0.03 sys=0.00, real=0.03 secs] 
2627.791: [GC (Allocation Failure) [PSYoungGen: 408082K->92191K(465920K)] 1178900K->863146K(1347584K), 0.0173323 secs] [Times: user=0.03 sys=0.00, real=0.02 secs] 
2629.380: [GC (Allocation Failure) [PSYoungGen: 325151K->37620K(465920K)] 1096106K->808880K(1347584K), 0.0066717 secs] [Times: user=0.01 sys=0.00, real=0.00 secs] 
2629.724: [GC (Allocation Failure) [PSYoungGen: 270580K->184687K(465920K)] 1041840K->957201K(1347584K), 0.0207104 secs] [Times: user=0.03 sys=0.00, real=0.02 secs] 
2630.006: [GC (Allocation Failure) [PSYoungGen: 417647K->183690K(465920K)] 1190161K->956486K(1347584K), 0.0205883 secs] [Times: user=0.03 sys=0.00, real=0.02 secs] 
2631.459: [GC (Allocation Failure) [PSYoungGen: 409119K->92737K(465920K)] 1181914K->865805K(1347584K), 0.0167918 secs] [Times: user=0.04 sys=0.00, real=0.01 secs] 
2632.884: [GC (Allocation Failure) [PSYoungGen: 325697K->37716K(465920K)] 1098765K->811101K(1347584K), 0.0067685 secs] [Times: user=0.01 sys=0.00, real=0.01 secs] 
2633.169: [GC (Allocation Failure) [PSYoungGen: 270676K->184430K(465920K)] 1044061K->959068K(1347584K), 0.0205922 secs] [Times: user=0.03 sys=0.00, real=0.02 secs] 
2633.454: [GC (Allocation Failure) [PSYoungGen: 417390K->184590K(465920K)] 1192028K->959501K(1347584K), 0.0206079 secs] [Times: user=0.03 sys=0.00, real=0.02 secs] 
2634.871: [GC (Allocation Failure) [PSYoungGen: 407677K->92014K(465920K)] 1182588K->867190K(1347584K), 0.0141236 secs] [Times: user=0.03 sys=0.00, real=0.01 secs] 
2636.080: [GC (Allocation Failure) [PSYoungGen: 324974K->37745K(465920K)] 1100150K->813223K(1347584K), 0.0057848 secs] [Times: user=0.01 sys=0.00, real=0.00 secs] 
2636.412: [GC (Allocation Failure) [PSYoungGen: 270705K->184462K(465920K)] 1046183K->961193K(1347584K), 0.0207518 secs] [Times: user=0.03 sys=0.00, real=0.02 secs] 
2636.754: [GC (Allocation Failure) [PSYoungGen: 417422K->184269K(465920K)] 1194153K->961274K(1347584K), 0.0208012 secs] [Times: user=0.03 sys=0.00, real=0.02 secs] 
2638.198: [GC (Allocation Failure) [PSYoungGen: 409313K->92239K(465920K)] 1186318K->869637K(1347584K), 0.0171073 secs] [Times: user=0.04 sys=0.00, real=0.01 secs] 
2639.654: [GC (Allocation Failure) [PSYoungGen: 325199K->37716K(465920K)] 1102597K->815291K(1347584K), 0.0068319 secs] [Times: user=0.02 sys=0.00, real=0.01 secs] 
2639.933: [GC (Allocation Failure) [PSYoungGen: 270676K->184687K(465920K)] 1048251K->963508K(1347584K), 0.0206333 secs] [Times: user=0.03 sys=0.00, real=0.02 secs] 
2640.222: [GC (Allocation Failure) [PSYoungGen: 417647K->184655K(465920K)] 1196468K->963749K(1347584K), 0.0206823 secs] [Times: user=0.03 sys=0.00, real=0.02 secs] 
2641.340: [GC (Allocation Failure) [PSYoungGen: 407224K->91580K(465920K)] 1186318K->870939K(1347584K), 0.0120992 secs] [Times: user=0.03 sys=0.00, real=0.01 secs] 
2643.073: [GC (Allocation Failure) [PSYoungGen: 324540K->37520K(465920K)] 1103899K->817201K(1347584K), 0.0067746 secs] [Times: user=0.02 sys=0.00, real=0.01 secs] 
2643.355: [GC (Allocation Failure) [PSYoungGen: 270480K->184687K(465920K)] 1050161K->965613K(1347584K), 0.0207296 secs] [Times: user=0.03 sys=0.00, real=0.02 secs] 
2643.640: [GC (Allocation Failure) [PSYoungGen: 417647K->184655K(465920K)] 1198573K->965854K(1347584K), 0.0205895 secs] [Times: user=0.02 sys=0.00, real=0.02 secs] 
2645.317: [GC (Allocation Failure) [PSYoungGen: 407243K->91869K(465920K)] 1188443K->873334K(1347584K), 0.0220359 secs] [Times: user=0.05 sys=0.00, real=0.03 secs] 
2647.574: [GC (Allocation Failure) [PSYoungGen: 324829K->37845K(465920K)] 1106294K->819627K(1347584K), 0.0078382 secs] [Times: user=0.02 sys=0.00, real=0.01 secs] 
2647.881: [GC (Allocation Failure) [PSYoungGen: 270805K->184944K(465920K)] 1052587K->967972K(1347584K), 0.0206924 secs] [Times: user=0.03 sys=0.00, real=0.02 secs] 
2648.226: [GC (Allocation Failure) [PSYoungGen: 417904K->184173K(465920K)] 1200932K->967482K(1347584K), 0.0204568 secs] [Times: user=0.03 sys=0.00, real=0.02 secs] 
2648.883: [GC (Allocation Failure) [PSYoungGen: 407014K->91757K(465920K)] 1190323K->875339K(1347584K), 0.0121866 secs] [Times: user=0.03 sys=0.00, real=0.01 secs] 
2650.433: [GC (Allocation Failure) [PSYoungGen: 324717K->37716K(465920K)] 1108299K->821596K(1347584K), 0.0079491 secs] [Times: user=0.02 sys=0.00, real=0.01 secs] 
2650.822: [GC (Allocation Failure) [PSYoungGen: 270676K->184430K(465920K)] 1054556K->969555K(1347584K), 0.0206375 secs] [Times: user=0.03 sys=0.00, real=0.02 secs] 
2651.161: [GC (Allocation Failure) [PSYoungGen: 417390K->184269K(465920K)] 1202515K->969668K(1347584K), 0.0206877 secs] [Times: user=0.03 sys=0.00, real=0.02 secs] 
2651.855: [GC (Allocation Failure) [PSYoungGen: 409313K->92287K(465920K)] 1194711K->878079K(1347584K), 0.0128207 secs] [Times: user=0.02 sys=0.00, real=0.02 secs] 
2653.284: [GC (Allocation Failure) [PSYoungGen: 325247K->37588K(465920K)] 1111039K->823557K(1347584K), 0.0080125 secs] [Times: user=0.02 sys=0.00, real=0.01 secs] 
2653.594: [GC (Allocation Failure) [PSYoungGen: 270548K->184687K(465920K)] 1056517K->971902K(1347584K), 0.0205442 secs] [Times: user=0.03 sys=0.01, real=0.02 secs] 
2653.877: [GC (Allocation Failure) [PSYoungGen: 417647K->184366K(465920K)] 1204862K->971854K(1347584K), 0.0207073 secs] [Times: user=0.03 sys=0.00, real=0.02 secs] 
2655.079: [GC (Allocation Failure) [PSYoungGen: 409443K->92030K(465920K)] 1196931K->879783K(1347584K), 0.0285454 secs] [Times: user=0.07 sys=0.00, real=0.02 secs] 
2657.940: [GC (Allocation Failure) [PSYoungGen: 324990K->37588K(465920K)] 1112743K->825646K(1347584K), 0.0084485 secs] [Times: user=0.02 sys=0.00, real=0.01 secs] 
2658.263: [GC (Allocation Failure) [PSYoungGen: 270548K->184847K(465920K)] 1058606K->974152K(1347584K), 0.0209236 secs] [Times: user=0.03 sys=0.00, real=0.02 secs] 
2658.548: [GC (Allocation Failure) [PSYoungGen: 417807K->184687K(465920K)] 1207112K->974401K(1347584K), 0.0208629 secs] [Times: user=0.03 sys=0.00, real=0.03 secs] 
2659.657: [GC (Allocation Failure) [PSYoungGen: 407233K->91596K(465920K)] 1196947K->881455K(1347584K), 0.0132328 secs] [Times: user=0.03 sys=0.00, real=0.02 secs] 
2661.223: [GC (Allocation Failure) [PSYoungGen: 324556K->37459K(465920K)] 1114415K->827634K(1347584K), 0.0065985 secs] [Times: user=0.01 sys=0.00, real=0.01 secs] 
2661.573: [GC (Allocation Failure) [PSYoungGen: 270419K->184687K(465920K)] 1060594K->976107K(1347584K), 0.0208146 secs] [Times: user=0.03 sys=0.00, real=0.02 secs] 
2661.858: [GC (Allocation Failure) [PSYoungGen: 417647K->184687K(465920K)] 1209067K->976380K(1347584K), 0.0206178 secs] [Times: user=0.03 sys=0.00, real=0.02 secs] 
2662.593: [GC (Allocation Failure) [PSYoungGen: 407242K->91901K(465920K)] 1198935K->883859K(1347584K), 0.0122887 secs] [Times: user=0.03 sys=0.00, real=0.01 secs] 
2664.234: [GC (Allocation Failure) [PSYoungGen: 324861K->37491K(465920K)] 1116819K->829763K(1347584K), 0.0072995 secs] [Times: user=0.02 sys=0.00, real=0.01 secs] 
2664.524: [GC (Allocation Failure) [PSYoungGen: 270451K->183787K(465920K)] 1062723K->977321K(1347584K), 0.0207904 secs] [Times: user=0.03 sys=0.00, real=0.02 secs] 
2664.809: [GC (Allocation Failure) [PSYoungGen: 416747K->184398K(465920K)] 1210281K->978333K(1347584K), 0.0205217 secs] [Times: user=0.02 sys=0.00, real=0.02 secs] 
2666.562: [GC (Allocation Failure) [PSYoungGen: 409695K->92994K(465920K)] 1203630K->887066K(1347584K), 0.0168833 secs] [Times: user=0.04 sys=0.00, real=0.02 secs] 
2669.068: [GC (Allocation Failure) [PSYoungGen: 325954K->37135K(465920K)] 1120026K->831524K(1347584K), 0.0077706 secs] [Times: user=0.02 sys=0.00, real=0.01 secs] 
2669.459: [GC (Allocation Failure) [PSYoungGen: 270095K->184205K(465920K)] 1064484K->979848K(1347584K), 0.0210955 secs] [Times: user=0.03 sys=0.00, real=0.02 secs] 
2669.805: [GC (Allocation Failure) [PSYoungGen: 417165K->184558K(465920K)] 1212808K->980611K(1347584K), 0.0205819 secs] [Times: user=0.03 sys=0.00, real=0.02 secs] 
2670.755: [GC (Allocation Failure) [PSYoungGen: 409731K->92913K(465920K)] 1205784K->889103K(1347584K), 0.0152979 secs] [Times: user=0.04 sys=0.00, real=0.02 secs] 
2672.355: [GC (Allocation Failure) [PSYoungGen: 325873K->37973K(465920K)] 1122063K->834476K(1347584K), 0.0073977 secs] [Times: user=0.02 sys=0.00, real=0.01 secs] 
2672.651: [GC (Allocation Failure) [PSYoungGen: 270933K->184687K(465920K)] 1067436K->982564K(1347584K), 0.0207987 secs] [Times: user=0.03 sys=0.00, real=0.02 secs] 
2672.994: [GC (Allocation Failure) [PSYoungGen: 417647K->184687K(465920K)] 1215524K->982837K(1347584K), 0.0207129 secs] [Times: user=0.03 sys=0.00, real=0.02 secs] 
2674.584: [GC (Allocation Failure) [PSYoungGen: 407158K->91371K(465920K)] 1205309K->889786K(1347584K), 0.0153572 secs] [Times: user=0.03 sys=0.00, real=0.02 secs] 
2677.445: [GC (Allocation Failure) [PSYoungGen: 324331K->37331K(465920K)] 1122746K->835917K(1347584K), 0.0082693 secs] [Times: user=0.02 sys=0.00, real=0.01 secs] 
2677.762: [GC (Allocation Failure) [PSYoungGen: 270291K->183787K(465920K)] 1068877K->983619K(1347584K), 0.0207111 secs] [Times: user=0.03 sys=0.00, real=0.02 secs] 
2678.106: [GC (Allocation Failure) [PSYoungGen: 416747K->184398K(465920K)] 1216579K->984503K(1347584K), 0.0207188 secs] [Times: user=0.03 sys=0.00, real=0.02 secs] 
2679.363: [GC (Allocation Failure) [PSYoungGen: 409509K->93154K(465920K)] 1209615K->893661K(1347584K), 0.0159468 secs] [Times: user=0.04 sys=0.00, real=0.02 secs] 
2680.683: [GC (Allocation Failure) [PSYoungGen: 326114K->37777K(465920K)] 1126621K->838469K(1347584K), 0.0059153 secs] [Times: user=0.02 sys=0.00, real=0.01 secs] 
2680.952: [GC (Allocation Failure) [PSYoungGen: 270737K->184719K(465920K)] 1071429K->986656K(1347584K), 0.0207816 secs] [Times: user=0.03 sys=0.00, real=0.02 secs] 
2681.237: [GC (Allocation Failure) [PSYoungGen: 417679K->184655K(465920K)] 1219616K->986994K(1347584K), 0.0206746 secs] [Times: user=0.03 sys=0.00, real=0.02 secs] 
2682.034: [GC (Allocation Failure) [PSYoungGen: 407351K->91628K(465920K)] 1209691K->894232K(1347584K), 0.0118086 secs] [Times: user=0.03 sys=0.00, real=0.01 secs] 
2683.607: [GC (Allocation Failure) [PSYoungGen: 324588K->37874K(465920K)] 1127192K->840652K(1347584K), 0.0081619 secs] [Times: user=0.02 sys=0.00, real=0.01 secs] 
2683.925: [GC (Allocation Failure) [PSYoungGen: 270834K->184719K(465920K)] 1073612K->988871K(1347584K), 0.0206531 secs] [Times: user=0.03 sys=0.00, real=0.02 secs] 
2684.272: [GC (Allocation Failure) [PSYoungGen: 417679K->184687K(465920K)] 1221831K->989128K(1347584K), 0.0205876 secs] [Times: user=0.03 sys=0.00, real=0.02 secs] 
2685.359: [GC (Allocation Failure) [PSYoungGen: 407254K->91484K(465920K)] 1211695K->896061K(1347584K), 0.0246852 secs] [Times: user=0.05 sys=0.01, real=0.02 secs] 
2686.561: [GC (Allocation Failure) [PSYoungGen: 324444K->37941K(465920K)] 1129021K->842816K(1347584K), 0.0084159 secs] [Times: user=0.02 sys=0.01, real=0.01 secs] 
2686.890: [GC (Allocation Failure) [PSYoungGen: 270901K->183819K(465920K)] 1075776K->989940K(1347584K), 0.0206915 secs] [Times: user=0.03 sys=0.00, real=0.02 secs] 
2687.174: [GC (Allocation Failure) [PSYoungGen: 416779K->184333K(465920K)] 1222900K->990856K(1347584K), 0.0205950 secs] [Times: user=0.03 sys=0.00, real=0.02 secs] 
2688.718: [GC (Allocation Failure) [PSYoungGen: 408155K->92656K(465920K)] 1214678K->899315K(1347584K), 0.0202939 secs] [Times: user=0.05 sys=0.00, real=0.02 secs] 
2690.820: [GC (Allocation Failure) [PSYoungGen: 325616K->37745K(465920K)] 1132275K->844710K(1347584K), 0.0080780 secs] [Times: user=0.02 sys=0.00, real=0.01 secs] 
2691.129: [GC (Allocation Failure) [PSYoungGen: 270705K->183144K(465920K)] 1077670K->991491K(1347584K), 0.0205408 secs] [Times: user=0.03 sys=0.00, real=0.02 secs] 
2691.413: [GC (Allocation Failure) [PSYoungGen: 416104K->184301K(465920K)] 1224451K->992792K(1347584K), 0.0206577 secs] [Times: user=0.03 sys=0.00, real=0.02 secs] 
2692.339: [GC (Allocation Failure) [PSYoungGen: 409231K->93540K(465920K)] 1217723K->902168K(1347584K), 0.0167684 secs] [Times: user=0.04 sys=0.00, real=0.01 secs] 
2694.173: [GC (Allocation Failure) [PSYoungGen: 326500K->37973K(465920K)] 1135128K->846911K(1347584K), 0.0093652 secs] [Times: user=0.02 sys=0.00, real=0.01 secs] 
2694.499: [GC (Allocation Failure) [PSYoungGen: 270933K->184687K(465920K)] 1079871K->994878K(1347584K), 0.0208250 secs] [Times: user=0.03 sys=0.00, real=0.02 secs] 
2694.843: [GC (Allocation Failure) [PSYoungGen: 417647K->184398K(465920K)] 1227838K->994862K(1347584K), 0.0205864 secs] [Times: user=0.03 sys=0.00, real=0.02 secs] 
2695.535: [GC (Allocation Failure) [PSYoungGen: 406870K->91596K(465920K)] 1217335K->902334K(1347584K), 0.0125958 secs] [Times: user=0.03 sys=0.00, real=0.01 secs] 
2696.471: [GC (Allocation Failure) [PSYoungGen: 324556K->37941K(465920K)] 1135294K->848979K(1347584K), 0.0102171 secs] [Times: user=0.02 sys=0.00, real=0.01 secs] 
2696.876: [GC (Allocation Failure) [PSYoungGen: 270901K->184687K(465920K)] 1081939K->996970K(1347584K), 0.0207359 secs] [Times: user=0.03 sys=0.00, real=0.02 secs] 
2697.223: [GC (Allocation Failure) [PSYoungGen: 417647K->184430K(465920K)] 1229930K->996994K(1347584K), 0.0204737 secs] [Times: user=0.03 sys=0.00, real=0.02 secs] 
2697.900: [GC (Allocation Failure) [PSYoungGen: 406911K->91596K(465920K)] 1219475K->904425K(1347584K), 0.0127695 secs] [Times: user=0.03 sys=0.00, real=0.01 secs] 
2698.801: [GC (Allocation Failure) [PSYoungGen: 324556K->38102K(465920K)] 1137385K->851241K(1347584K), 0.0067204 secs] [Times: user=0.01 sys=0.00, real=0.01 secs] 
2699.081: [GC (Allocation Failure) [PSYoungGen: 271062K->184719K(465920K)] 1084201K->999240K(1347584K), 0.0206204 secs] [Times: user=0.03 sys=0.00, real=0.02 secs] 
2699.365: [GC (Allocation Failure) [PSYoungGen: 417679K->184687K(465920K)] 1232200K->999360K(1347584K), 0.0205266 secs] [Times: user=0.03 sys=0.00, real=0.02 secs] 
2701.776: [GC (Allocation Failure) [PSYoungGen: 407103K->91210K(465920K)] 1221777K->906149K(1347584K), 0.0165882 secs] [Times: user=0.03 sys=0.00, real=0.02 secs] 
2703.226: [GC (Allocation Failure) [PSYoungGen: 324170K->37845K(465920K)] 1139109K->853105K(1347584K), 0.0073680 secs] [Times: user=0.02 sys=0.00, real=0.01 secs] 
2703.517: [GC (Allocation Failure) [PSYoungGen: 270805K->183819K(465920K)] 1086065K->1000333K(1347584K), 0.0204459 secs] [Times: user=0.03 sys=0.00, real=0.02 secs] 
2703.806: [GC (Allocation Failure) [PSYoungGen: 416779K->184430K(465920K)] 1233293K->1001225K(1347584K), 0.0207014 secs] [Times: user=0.02 sys=0.00, real=0.02 secs] 
2705.355: [GC (Allocation Failure) [PSYoungGen: 409572K->92624K(465920K)] 1226367K->909821K(1347584K), 0.0216327 secs] [Times: user=0.05 sys=0.00, real=0.02 secs] 
2707.500: [GC (Allocation Failure) [PSYoungGen: 325584K->37745K(465920K)] 1142781K->855127K(1347584K), 0.0073015 secs] [Times: user=0.01 sys=0.00, real=0.00 secs] 
2707.794: [GC (Allocation Failure) [PSYoungGen: 270705K->184719K(465920K)] 1088087K->1003354K(1347584K), 0.0206523 secs] [Times: user=0.03 sys=0.00, real=0.02 secs] 
2708.146: [GC (Allocation Failure) [PSYoungGen: 417679K->184655K(465920K)] 1236314K->1003692K(1347584K), 0.0206937 secs] [Times: user=0.02 sys=0.00, real=0.02 secs] 
2710.523: [GC (Allocation Failure) [PSYoungGen: 407338K->91564K(465920K)] 1226375K->910866K(1347584K), 0.0174402 secs] [Times: user=0.04 sys=0.00, real=0.02 secs] 
2711.826: [GC (Allocation Failure) [PSYoungGen: 324524K->37845K(465920K)] 1143826K->857318K(1347584K), 0.0068647 secs] [Times: user=0.02 sys=0.00, real=0.01 secs] 
2712.181: [GC (Allocation Failure) [PSYoungGen: 270805K->183916K(465920K)] 1090278K->1004635K(1347584K), 0.0207072 secs] [Times: user=0.03 sys=0.00, real=0.02 secs] 
2712.522: [GC (Allocation Failure) [PSYoungGen: 416876K->184462K(465920K)] 1237595K->1005454K(1347584K), 0.0206585 secs] [Times: user=0.03 sys=0.00, real=0.02 secs] 
2714.390: [GC (Allocation Failure) [PSYoungGen: 408168K->92528K(465920K)] 1229160K->913785K(1347584K), 0.0153057 secs] [Times: user=0.03 sys=0.00, real=0.01 secs] 
2715.546: [GC (Allocation Failure) [PSYoungGen: 325488K->37845K(465920K)] 1146745K->859409K(1347584K), 0.0071013 secs] [Times: user=0.02 sys=0.00, real=0.01 secs] 
2715.830: [GC (Allocation Failure) [PSYoungGen: 270805K->184430K(465920K)] 1092369K->1007377K(1347584K), 0.0207929 secs] [Times: user=0.03 sys=0.00, real=0.02 secs] 
2716.173: [GC (Allocation Failure) [PSYoungGen: 417390K->184590K(465920K)] 1240337K->1007682K(1347584K), 0.0205441 secs] [Times: user=0.03 sys=0.00, real=0.02 secs] 
2716.986: [GC (Allocation Failure) [PSYoungGen: 407136K->91917K(465920K)] 1230228K->915282K(1347584K), 0.0125662 secs] [Times: user=0.03 sys=0.00, real=0.02 secs] 
2718.118: [GC (Allocation Failure) [PSYoungGen: 324877K->37748K(465920K)] 1148242K->861410K(1347584K), 0.0059145 secs] [Times: user=0.02 sys=0.00, real=0.00 secs] 
2718.390: [GC (Allocation Failure) [PSYoungGen: 270708K->184719K(465920K)] 1094370K->1009635K(1347584K), 0.0206426 secs] [Times: user=0.03 sys=0.00, real=0.02 secs] 
2718.673: [GC (Allocation Failure) [PSYoungGen: 417679K->184044K(465920K)] 1242595K->1009233K(1347584K), 0.0204323 secs] [Times: user=0.03 sys=0.00, real=0.02 secs] 
2719.293: [GC (Allocation Failure) [PSYoungGen: 408018K->92207K(465920K)] 1233206K->917669K(1347584K), 0.0110109 secs] [Times: user=0.02 sys=0.00, real=0.01 secs] 
2720.176: [GC (Allocation Failure) [PSYoungGen: 325167K->37973K(465920K)] 1150629K->863733K(1347584K), 0.0069380 secs] [Times: user=0.01 sys=0.00, real=0.01 secs] 
2720.456: [GC (Allocation Failure) [PSYoungGen: 270933K->183787K(465920K)] 1096693K->1010800K(1347584K), 0.0205462 secs] [Times: user=0.03 sys=0.00, real=0.02 secs] 
2720.749: [GC (Allocation Failure) [PSYoungGen: 416747K->184301K(465920K)] 1243760K->1011595K(1347584K), 0.0206324 secs] [Times: user=0.03 sys=0.00, real=0.02 secs] 
2722.596: [GC (Allocation Failure) [PSYoungGen: 408191K->92608K(465920K)] 1235486K->920176K(1347584K), 0.0182455 secs] [Times: user=0.04 sys=0.00, real=0.02 secs] 
2724.869: [GC (Allocation Failure) [PSYoungGen: 325568K->37488K(465920K)] 1153136K->865361K(1347584K), 0.0083947 secs] [Times: user=0.02 sys=0.00, real=0.00 secs] 
2725.186: [GC (Allocation Failure) [PSYoungGen: 270448K->184719K(465920K)] 1098321K->1013853K(1347584K), 0.0207675 secs] [Times: user=0.03 sys=0.00, real=0.02 secs] 
2725.469: [GC (Allocation Failure) [PSYoungGen: 417679K->183626K(465920K)] 1246813K->1013034K(1347584K), 0.0205988 secs] [Times: user=0.03 sys=0.01, real=0.02 secs] 
2726.266: [GC (Allocation Failure) [PSYoungGen: 409051K->92881K(465920K)] 1238459K->922554K(1347584K), 0.0138146 secs] [Times: user=0.04 sys=0.00, real=0.02 secs] 
2728.192: [GC (Allocation Failure) [PSYoungGen: 325841K->37617K(465920K)] 1155514K->867595K(1347584K), 0.0091352 secs] [Times: user=0.02 sys=0.00, real=0.01 secs] 
2728.517: [GC (Allocation Failure) [PSYoungGen: 270577K->184462K(465920K)] 1100555K->1015822K(1347584K), 0.0207358 secs] [Times: user=0.03 sys=0.00, real=0.02 secs] 
2728.863: [GC (Allocation Failure) [PSYoungGen: 417422K->184590K(465920K)] 1248782K->1016103K(1347584K), 0.0205678 secs] [Times: user=0.03 sys=0.00, real=0.02 secs] 
2730.838: [GC (Allocation Failure) [PSYoungGen: 407651K->92126K(465920K)] 1239164K->923912K(1347584K), 0.0286542 secs] [Times: user=0.07 sys=0.00, real=0.02 secs] 
2732.987: [GC (Allocation Failure) [PSYoungGen: 325086K->37588K(465920K)] 1156872K->869682K(1347584K), 0.0091212 secs] [Times: user=0.02 sys=0.00, real=0.01 secs] 
2733.314: [GC (Allocation Failure) [PSYoungGen: 270548K->184430K(465920K)] 1102642K->1017898K(1347584K), 0.0208434 secs] [Times: user=0.03 sys=0.00, real=0.02 secs] 
2733.599: [GC (Allocation Failure) [PSYoungGen: 417390K->184526K(465920K)] 1250858K->1018139K(1347584K), 0.0206764 secs] [Times: user=0.03 sys=0.00, real=0.02 secs] 
2734.270: [GC (Allocation Failure) [PSYoungGen: 407610K->92126K(465920K)] 1241223K->926004K(1347584K), 0.0118123 secs] [Times: user=0.02 sys=0.00, real=0.01 secs] 
2735.158: [GC (Allocation Failure) [PSYoungGen: 325086K->37973K(465920K)] 1158964K->872166K(1347584K), 0.0067736 secs] [Times: user=0.02 sys=0.00, real=0.00 secs] 
2735.438: [GC (Allocation Failure) [PSYoungGen: 270933K->184430K(465920K)] 1105126K->1019877K(1347584K), 0.0207052 secs] [Times: user=0.03 sys=0.00, real=0.02 secs] 
2735.726: [GC (Allocation Failure) [PSYoungGen: 417390K->184269K(465920K)] 1252837K->1019989K(1347584K), 0.0205621 secs] [Times: user=0.03 sys=0.00, real=0.02 secs] 
2737.056: [GC (Allocation Failure) [PSYoungGen: 409317K->92014K(465920K)] 1245037K->928127K(1347584K), 0.0216378 secs] [Times: user=0.05 sys=0.00, real=0.03 secs] 
2739.871: [GC (Allocation Failure) [PSYoungGen: 324974K->37716K(465920K)] 1161087K->874023K(1347584K), 0.0091980 secs] [Times: user=0.02 sys=0.00, real=0.01 secs] 
2740.197: [GC (Allocation Failure) [PSYoungGen: 270676K->184141K(465920K)] 1106983K->1021693K(1347584K), 0.0208331 secs] [Times: user=0.03 sys=0.00, real=0.02 secs] 
2740.487: [GC (Allocation Failure) [PSYoungGen: 417101K->184912K(465920K)] 1254653K->1022737K(1347584K), 0.0209150 secs] [Times: user=0.03 sys=0.00, real=0.02 secs] 
2741.466: [GC (Allocation Failure) [PSYoungGen: 407634K->91853K(465920K)] 1245459K->929944K(1347584K), 0.0132096 secs] [Times: user=0.03 sys=0.00, real=0.02 secs] 
2743.312: [GC (Allocation Failure) [PSYoungGen: 324813K->37074K(465920K)] 1162904K->875462K(1347584K), 0.0074240 secs] [Times: user=0.02 sys=0.00, real=0.01 secs] 
2743.602: [GC (Allocation Failure) [PSYoungGen: 270034K->184398K(465920K)] 1108422K->1024031K(1347584K), 0.0209198 secs] [Times: user=0.03 sys=0.00, real=0.02 secs] 
2743.943: [GC (Allocation Failure) [PSYoungGen: 417358K->184944K(465920K)] 1256991K->1024851K(1347584K), 0.0208462 secs] [Times: user=0.03 sys=0.00, real=0.02 secs] 
2745.112: [GC (Allocation Failure) [PSYoungGen: 410576K->92271K(465920K)] 1250483K->932467K(1347584K), 0.0141707 secs] [Times: user=0.03 sys=0.01, real=0.01 secs] 
2747.358: [GC (Allocation Failure) [PSYoungGen: 325231K->37231K(465920K)] 1165427K->877735K(1347584K), 0.0076710 secs] [Times: user=0.02 sys=0.00, real=0.01 secs] 
2747.752: [GC (Allocation Failure) [PSYoungGen: 270191K->184526K(465920K)] 1110695K->1026284K(1347584K), 0.0208159 secs] [Times: user=0.03 sys=0.00, real=0.02 secs] 
2748.097: [GC (Allocation Failure) [PSYoungGen: 417486K->184269K(465920K)] 1259244K->1026308K(1347584K), 0.0212538 secs] [Times: user=0.03 sys=0.00, real=0.03 secs] 
2749.042: [GC (Allocation Failure) [PSYoungGen: 409289K->92624K(465920K)] 1251328K->934928K(1347584K), 0.0144473 secs] [Times: user=0.04 sys=0.00, real=0.01 secs] 
2750.807: [GC (Allocation Failure) [PSYoungGen: 325584K->37617K(465920K)] 1167888K->880228K(1347584K), 0.0075068 secs] [Times: user=0.02 sys=0.00, real=0.01 secs] 
2751.106: [GC (Allocation Failure) [PSYoungGen: 270577K->184430K(465920K)] 1113188K->1028287K(1347584K), 0.0205163 secs] [Times: user=0.03 sys=0.00, real=0.02 secs] 
2751.389: [GC (Allocation Failure) [PSYoungGen: 417390K->184301K(465920K)] 1261247K->1028431K(1347584K), 0.0206331 secs] [Times: user=0.03 sys=0.00, real=0.02 secs] 
2751.982: [GC (Allocation Failure) [PSYoungGen: 409343K->92383K(465920K)] 1253473K->936907K(1347584K), 0.0101700 secs] [Times: user=0.02 sys=0.01, real=0.01 secs] 
2753.383: [GC (Allocation Failure) [PSYoungGen: 325343K->37360K(465920K)] 1169867K->882061K(1347584K), 0.0061133 secs] [Times: user=0.02 sys=0.01, real=0.01 secs] 
2753.712: [GC (Allocation Failure) [PSYoungGen: 270320K->184205K(465920K)] 1115021K->1030159K(1347584K), 0.0207340 secs] [Times: user=0.03 sys=0.00, real=0.02 secs] 
2754.061: [GC (Allocation Failure) [PSYoungGen: 417165K->184622K(465920K)] 1263119K->1030978K(1347584K), 0.0207521 secs] [Times: user=0.03 sys=0.00, real=0.02 secs] 
2755.660: [GC (Allocation Failure) [PSYoungGen: 409662K->92624K(465920K)] 1256019K->939278K(1347584K), 0.0170410 secs] [Times: user=0.04 sys=0.00, real=0.01 secs] 
2757.569: [GC (Allocation Failure) [PSYoungGen: 325584K->37459K(465920K)] 1172238K->884290K(1347584K), 0.0074553 secs] [Times: user=0.02 sys=0.00, real=0.00 secs] 
2757.932: [GC (Allocation Failure) [PSYoungGen: 270419K->184044K(465920K)] 1117250K->1032120K(1347584K), 0.0205800 secs] [Times: user=0.03 sys=0.00, real=0.02 secs] 
2758.271: [GC (Allocation Failure) [PSYoungGen: 417004K->184558K(465920K)] 1265080K->1032907K(1347584K), 0.0206087 secs] [Times: user=0.03 sys=0.00, real=0.02 secs] 
2759.107: [GC (Allocation Failure) [PSYoungGen: 409616K->92592K(465920K)] 1257966K->941335K(1347584K), 0.0128620 secs] [Times: user=0.03 sys=0.00, real=0.02 secs] 
2760.293: [GC (Allocation Failure) [PSYoungGen: 325552K->37874K(465920K)] 1174295K->886806K(1347584K), 0.0092548 secs] [Times: user=0.02 sys=0.00, real=0.01 secs] 
2760.656: [GC (Allocation Failure) [PSYoungGen: 270834K->184719K(465920K)] 1119766K->1034897K(1347584K), 0.0207191 secs] [Times: user=0.03 sys=0.00, real=0.02 secs] 
2760.946: [GC (Allocation Failure) [PSYoungGen: 417679K->184655K(465920K)] 1267857K->1035106K(1347584K), 0.0205934 secs] [Times: user=0.03 sys=0.00, real=0.02 secs] 
2761.572: [GC (Allocation Failure) [PSYoungGen: 407227K->91499K(465920K)] 1257678K->942216K(1347584K), 0.0130972 secs] [Times: user=0.03 sys=0.00, real=0.01 secs] 
2762.384: [GC (Allocation Failure) [PSYoungGen: 324459K->38034K(465920K)] 1175176K->889072K(1347584K), 0.0060484 secs] [Times: user=0.01 sys=0.00, real=0.01 secs] 
2762.653: [GC (Allocation Failure) [PSYoungGen: 270994K->183884K(465920K)] 1122032K->1036167K(1347584K), 0.0206597 secs] [Times: user=0.03 sys=0.00, real=0.02 secs] 
2762.937: [GC (Allocation Failure) [PSYoungGen: 416844K->184430K(465920K)] 1269127K->1036986K(1347584K), 0.0206267 secs] [Times: user=0.03 sys=0.00, real=0.03 secs] 
2764.056: [GC (Allocation Failure) [PSYoungGen: 409669K->92383K(465920K)] 1262225K->945213K(1347584K), 0.0146225 secs] [Times: user=0.03 sys=0.00, real=0.02 secs] 
2765.745: [GC (Allocation Failure) [PSYoungGen: 325343K->37874K(465920K)] 1178173K->891003K(1347584K), 0.0075031 secs] [Times: user=0.02 sys=0.00, real=0.01 secs] 
2766.045: [GC (Allocation Failure) [PSYoungGen: 270834K->184655K(465920K)] 1123963K->1039029K(1347584K), 0.0207819 secs] [Times: user=0.03 sys=0.00, real=0.02 secs] 
2766.330: [GC (Allocation Failure) [PSYoungGen: 417615K->184655K(465920K)] 1271989K->1039303K(1347584K), 0.0205152 secs] [Times: user=0.03 sys=0.00, real=0.02 secs] 
2766.954: [GC (Allocation Failure) [PSYoungGen: 407223K->91420K(465920K)] 1261871K->946332K(1347584K), 0.0120758 secs] [Times: user=0.03 sys=0.01, real=0.01 secs] 
2768.289: [GC (Allocation Failure) [PSYoungGen: 324380K->37588K(465920K)] 1179292K->892809K(1347584K), 0.0100612 secs] [Times: user=0.03 sys=0.00, real=0.01 secs] 
2768.630: [GC (Allocation Failure) [PSYoungGen: 270548K->183916K(465920K)] 1125769K->1040390K(1347584K), 0.0211652 secs] [Times: user=0.03 sys=0.00, real=0.02 secs] 
2768.995: [GC (Allocation Failure) [PSYoungGen: 416876K->184462K(465920K)] 1273350K->1041217K(1347584K), 0.0206789 secs] [Times: user=0.03 sys=0.00, real=0.02 secs] 
2769.779: [GC (Allocation Failure) [PSYoungGen: 409678K->92737K(465920K)] 1266434K->949757K(1347584K), 0.0129561 secs] [Times: user=0.03 sys=0.00, real=0.01 secs] 
2771.624: [GC (Allocation Failure) [PSYoungGen: 325697K->37488K(465920K)] 1182717K->894807K(1347584K), 0.0084912 secs] [Times: user=0.02 sys=0.00, real=0.01 secs] 
2771.942: [GC (Allocation Failure) [PSYoungGen: 270448K->184237K(465920K)] 1127767K->1042809K(1347584K), 0.0206770 secs] [Times: user=0.03 sys=0.00, real=0.02 secs] 
2772.225: [GC (Allocation Failure) [PSYoungGen: 417197K->184526K(465920K)] 1275769K->1043500K(1347584K), 0.0207206 secs] [Times: user=0.03 sys=0.00, real=0.02 secs] 
2773.583: [GC (Allocation Failure) [PSYoungGen: 409706K->92480K(465920K)] 1268680K->951590K(1347584K), 0.0147659 secs] [Times: user=0.03 sys=0.00, real=0.01 secs] 
2775.124: [GC (Allocation Failure) [PSYoungGen: 325440K->37459K(465920K)] 1184550K->896875K(1347584K), 0.0074605 secs] [Times: user=0.02 sys=0.00, real=0.01 secs] 
2775.417: [GC (Allocation Failure) [PSYoungGen: 270419K->184719K(465920K)] 1129835K->1045396K(1347584K), 0.0207257 secs] [Times: user=0.03 sys=0.00, real=0.03 secs] 
2775.707: [GC (Allocation Failure) [PSYoungGen: 417679K->184655K(465920K)] 1278356K->1045605K(1347584K), 0.0208012 secs] [Times: user=0.03 sys=0.00, real=0.02 secs] 
2776.380: [GC (Allocation Failure) [PSYoungGen: 407474K->91885K(465920K)] 1268424K->953101K(1347584K), 0.0121463 secs] [Times: user=0.02 sys=0.00, real=0.01 secs] 
2777.274: [GC (Allocation Failure) [PSYoungGen: 324845K->37973K(465920K)] 1186061K->899499K(1347584K), 0.0070461 secs] [Times: user=0.02 sys=0.00, real=0.01 secs] 
2777.549: [GC (Allocation Failure) [PSYoungGen: 270933K->183787K(465920K)] 1132459K->1046566K(1347584K), 0.0207977 secs] [Times: user=0.03 sys=0.00, real=0.02 secs] 
2777.893: [GC (Allocation Failure) [PSYoungGen: 416747K->184687K(465920K)] 1279526K->1047747K(1347584K), 0.0209067 secs] [Times: user=0.03 sys=0.00, real=0.02 secs] 
2778.806: [GC (Allocation Failure) [PSYoungGen: 410106K->92207K(465920K)] 1273167K->955532K(1347584K), 0.0158635 secs] [Times: user=0.04 sys=0.00, real=0.02 secs] 
2779.670: [GC (Allocation Failure) [PSYoungGen: 325167K->37877K(465920K)] 1188492K->901508K(1347584K), 0.0059867 secs] [Times: user=0.01 sys=0.00, real=0.00 secs] 
2780.005: [GC (Allocation Failure) [PSYoungGen: 270837K->184205K(465920K)] 1134468K->1049089K(1347584K), 0.0206972 secs] [Times: user=0.03 sys=0.00, real=0.02 secs] 
2780.303: [GC (Allocation Failure) [PSYoungGen: 417165K->184558K(465920K)] 1282049K->1049716K(1347584K), 0.0208267 secs] [Times: user=0.03 sys=0.00, real=0.02 secs] 
2781.144: [GC (Allocation Failure) [PSYoungGen: 407624K->92174K(465920K)] 1272781K->957597K(1347584K), 0.0114571 secs] [Times: user=0.03 sys=0.00, real=0.01 secs] 
2781.941: [GC (Allocation Failure) [PSYoungGen: 325134K->37874K(465920K)] 1190557K->903610K(1347584K), 0.0060058 secs] [Times: user=0.01 sys=0.00, real=0.00 secs] 
2782.271: [GC (Allocation Failure) [PSYoungGen: 270834K->184976K(465920K)] 1136570K->1051966K(1347584K), 0.0207505 secs] [Times: user=0.03 sys=0.00, real=0.02 secs] 
2782.556: [GC (Allocation Failure) [PSYoungGen: 417936K->184141K(465920K)] 1284926K->1051532K(1347584K), 0.0207167 secs] [Times: user=0.03 sys=0.00, real=0.02 secs] 
2783.516: [GC (Allocation Failure) [PSYoungGen: 407123K->91741K(465920K)] 1274515K->959269K(1347584K), 0.0128663 secs] [Times: user=0.03 sys=0.00, real=0.02 secs] 
2784.539: [GC (Allocation Failure) [PSYoungGen: 324701K->37874K(465920K)] 1192229K->905710K(1347584K), 0.0062917 secs] [Times: user=0.02 sys=0.00, real=0.00 secs] 
2784.810: [GC (Allocation Failure) [PSYoungGen: 270834K->184719K(465920K)] 1138670K->1053808K(1347584K), 0.0207521 secs] [Times: user=0.03 sys=0.00, real=0.02 secs] 
2785.098: [GC (Allocation Failure) [PSYoungGen: 417679K->184719K(465920K)] 1286768K->1054210K(1347584K), 0.0208439 secs] [Times: user=0.03 sys=0.00, real=0.02 secs] 
2786.455: [GC (Allocation Failure) [PSYoungGen: 407163K->91452K(465920K)] 1276654K->961208K(1347584K), 0.0197241 secs] [Times: user=0.04 sys=0.00, real=0.02 secs] 
2787.855: [GC (Allocation Failure) [PSYoungGen: 324412K->37845K(465920K)] 1194168K->907778K(1347584K), 0.0071448 secs] [Times: user=0.02 sys=0.00, real=0.01 secs] 
2788.137: [GC (Allocation Failure) [PSYoungGen: 270805K->183658K(465920K)] 1140738K->1054837K(1347584K), 0.0206110 secs] [Times: user=0.03 sys=0.00, real=0.02 secs] 
2788.426: [GC (Allocation Failure) [PSYoungGen: 416618K->184526K(465920K)] 1287797K->1055978K(1347584K), 0.0206094 secs] [Times: user=0.03 sys=0.00, real=0.02 secs] 
2789.409: [GC (Allocation Failure) [PSYoungGen: 408469K->92592K(465920K)] 1279921K->964309K(1347584K), 0.0145338 secs] [Times: user=0.04 sys=0.00, real=0.01 secs] 
2790.290: [GC (Allocation Failure) [PSYoungGen: 325552K->38005K(465920K)] 1197269K->910038K(1347584K), 0.0060574 secs] [Times: user=0.02 sys=0.00, real=0.00 secs] 
2790.560: [GC (Allocation Failure) [PSYoungGen: 270965K->184944K(465920K)] 1142998K->1058222K(1347584K), 0.0208702 secs] [Times: user=0.03 sys=0.00, real=0.02 secs] 
2790.844: [GC (Allocation Failure) [PSYoungGen: 417904K->184269K(465920K)] 1291182K->1057829K(1347584K), 0.0208152 secs] [Times: user=0.03 sys=0.00, real=0.02 secs] 
2792.941: [GC (Allocation Failure) [PSYoungGen: 406870K->91484K(465920K)] 1280429K->965437K(1347584K), 0.0177874 secs] [Times: user=0.04 sys=0.00, real=0.02 secs] 
2795.023: [GC (Allocation Failure) [PSYoungGen: 324444K->37620K(465920K)] 1198397K->911750K(1347584K), 0.0074483 secs] [Times: user=0.02 sys=0.00, real=0.01 secs] 
2795.326: [GC (Allocation Failure) [PSYoungGen: 270580K->184558K(465920K)] 1144710K->1060063K(1347584K), 0.0207631 secs] [Times: user=0.03 sys=0.00, real=0.02 secs] 
2795.612: [GC (Allocation Failure) [PSYoungGen: 417518K->184398K(465920K)] 1293023K->1060047K(1347584K), 0.0207614 secs] [Times: user=0.03 sys=0.00, real=0.02 secs] 
2796.571: [GC (Allocation Failure) [PSYoungGen: 409454K->92158K(465920K)] 1285104K->968072K(1347584K), 0.0117391 secs] [Times: user=0.03 sys=0.00, real=0.01 secs] 
2798.549: [GC (Allocation Failure) [PSYoungGen: 325118K->37716K(465920K)] 1201032K->913928K(1347584K), 0.0081781 secs] [Times: user=0.02 sys=0.00, real=0.00 secs] 
2798.856: [GC (Allocation Failure) [PSYoungGen: 270676K->184719K(465920K)] 1146888K->1062313K(1347584K), 0.0207786 secs] [Times: user=0.03 sys=0.00, real=0.02 secs] 
2799.145: [GC (Allocation Failure) [PSYoungGen: 417679K->184398K(465920K)] 1295273K->1062144K(1347584K), 0.0205919 secs] [Times: user=0.03 sys=0.00, real=0.02 secs] 
2800.312: [GC (Allocation Failure) [PSYoungGen: 406727K->91885K(465920K)] 1284474K->969897K(1347584K), 0.0143890 secs] [Times: user=0.03 sys=0.00, real=0.01 secs] 
2802.347: [GC (Allocation Failure) [PSYoungGen: 324845K->37459K(465920K)] 1202857K->915776K(1347584K), 0.0082248 secs] [Times: user=0.02 sys=0.00, real=0.01 secs] 
2802.731: [GC (Allocation Failure) [PSYoungGen: 270419K->184430K(465920K)] 1148736K->1064121K(1347584K), 0.0209443 secs] [Times: user=0.03 sys=0.00, real=0.02 secs] 
2803.015: [GC (Allocation Failure) [PSYoungGen: 417390K->184558K(465920K)] 1297081K->1064402K(1347584K), 0.0207565 secs] [Times: user=0.03 sys=0.00, real=0.02 secs] 
2803.656: [GC (Allocation Failure) [PSYoungGen: 408137K->92191K(465920K)] 1287981K->972300K(1347584K), 0.0129162 secs] [Times: user=0.03 sys=0.00, real=0.02 secs] 
2803.669: [Full GC (Ergonomics) [PSYoungGen: 92191K->0K(465920K)] [ParOldGen: 880109K->333937K(810496K)] 972300K->333937K(1276416K), [Metaspace: 56290K->56290K(1101824K)], 0.0603561 secs] [Times: user=0.23 sys=0.01, real=0.06 secs] 
2804.630: [GC (Allocation Failure) [PSYoungGen: 232960K->131200K(465920K)] 566897K->465137K(1276416K), 0.0115586 secs] [Times: user=0.07 sys=0.00, real=0.01 secs] 
2805.355: [GC (Allocation Failure) [PSYoungGen: 364160K->151164K(465920K)] 698097K->616222K(1276416K), 0.0229333 secs] [Times: user=0.08 sys=0.00, real=0.02 secs] 
2805.694: [GC (Allocation Failure) [PSYoungGen: 384124K->183916K(465920K)] 849182K->682995K(1276416K), 0.0226267 secs] [Times: user=0.04 sys=0.00, real=0.02 secs] 
2806.109: [GC (Allocation Failure) [PSYoungGen: 416876K->180454K(465920K)] 915955K->679798K(1276416K), 0.0222096 secs] [Times: user=0.03 sys=0.00, real=0.02 secs] 
2808.086: [GC (Allocation Failure) [PSYoungGen: 413414K->32928K(465920K)] 912758K->533718K(1276416K), 0.0045306 secs] [Times: user=0.02 sys=0.00, real=0.01 secs] 
2808.989: [GC (Allocation Failure) [PSYoungGen: 265888K->133723K(465920K)] 766678K->634529K(1276416K), 0.0148454 secs] [Times: user=0.02 sys=0.00, real=0.01 secs] 
2809.267: [GC (Allocation Failure) [PSYoungGen: 366683K->184173K(465920K)] 867489K->686353K(1276416K), 0.0200493 secs] [Times: user=0.02 sys=0.00, real=0.02 secs] 
2809.826: [GC (Allocation Failure) [PSYoungGen: 417133K->168471K(465920K)] 919313K->670788K(1276416K), 0.0221759 secs] [Times: user=0.03 sys=0.00, real=0.03 secs] 
2811.231: [GC (Allocation Failure) [PSYoungGen: 401431K->128K(465920K)] 903748K->503890K(1276416K), 0.0022826 secs] [Times: user=0.01 sys=0.00, real=0.00 secs] 
2811.690: [GC (Allocation Failure) [PSYoungGen: 233088K->149146K(465920K)] 736850K->652924K(1276416K), 0.0163932 secs] [Times: user=0.02 sys=0.00, real=0.01 secs] 
2811.970: [GC (Allocation Failure) [PSYoungGen: 382106K->184590K(465920K)] 885884K->689623K(1276416K), 0.0200837 secs] [Times: user=0.02 sys=0.00, real=0.02 secs] 
2812.766: [GC (Allocation Failure) [PSYoungGen: 417550K->156758K(465920K)] 922583K->662064K(1276416K), 0.0199203 secs] [Times: user=0.03 sys=0.00, real=0.02 secs] 
2814.821: [GC (Allocation Failure) [PSYoungGen: 389718K->160K(465920K)] 895024K->506913K(1276416K), 0.0023232 secs] [Times: user=0.01 sys=0.00, real=0.00 secs] 
2815.282: [GC (Allocation Failure) [PSYoungGen: 233120K->164437K(465920K)] 739873K->671222K(1276416K), 0.0182998 secs] [Times: user=0.03 sys=0.00, real=0.02 secs] 
2815.625: [GC (Allocation Failure) [PSYoungGen: 397397K->184462K(465920K)] 904182K->692501K(1276416K), 0.0199497 secs] [Times: user=0.02 sys=0.00, real=0.02 secs] 
2816.438: [GC (Allocation Failure) [PSYoungGen: 417422K->133369K(465920K)] 925461K->641801K(1276416K), 0.0364482 secs] [Times: user=0.05 sys=0.00, real=0.04 secs] 
2817.391: [GC (Allocation Failure) [PSYoungGen: 366329K->128K(465920K)] 874761K->509877K(1276416K), 0.0021859 secs] [Times: user=0.01 sys=0.00, real=0.00 secs] 
2817.690: [GC (Allocation Failure) [PSYoungGen: 233088K->180537K(465920K)] 742837K->690311K(1276416K), 0.0196775 secs] [Times: user=0.03 sys=0.00, real=0.02 secs] 
2817.972: [GC (Allocation Failure) [PSYoungGen: 413497K->183819K(465920K)] 923271K->694838K(1276416K), 0.0201723 secs] [Times: user=0.03 sys=0.00, real=0.02 secs] 
2818.985: [GC (Allocation Failure) [PSYoungGen: 416779K->117978K(465920K)] 927798K->629399K(1276416K), 0.0164411 secs] [Times: user=0.03 sys=0.00, real=0.02 secs] 
2821.075: [GC (Allocation Failure) [PSYoungGen: 350938K->11015K(465920K)] 862359K->522613K(1276416K), 0.0037007 secs] [Times: user=0.02 sys=0.00, real=0.01 secs] 
2821.377: [GC (Allocation Failure) [PSYoungGen: 243975K->184719K(465920K)] 755573K->697570K(1276416K), 0.0201867 secs] [Times: user=0.02 sys=0.00, real=0.02 secs] 
2821.668: [GC (Allocation Failure) [PSYoungGen: 417679K->186550K(465920K)] 930530K->699811K(1276416K), 0.0202211 secs] [Times: user=0.03 sys=0.00, real=0.02 secs] 
2823.359: [GC (Allocation Failure) [PSYoungGen: 419510K->100146K(465920K)] 932771K->613672K(1276416K), 0.0186422 secs] [Times: user=0.03 sys=0.00, real=0.02 secs] 
2825.054: [GC (Allocation Failure) [PSYoungGen: 333106K->30037K(465920K)] 846632K->543748K(1276416K), 0.0075216 secs] [Times: user=0.02 sys=0.00, real=0.01 secs] 
2825.392: [GC (Allocation Failure) [PSYoungGen: 262997K->185843K(465920K)] 776708K->700809K(1276416K), 0.0206073 secs] [Times: user=0.03 sys=0.00, real=0.02 secs] 
2825.728: [GC (Allocation Failure) [PSYoungGen: 418803K->185811K(465920K)] 933769K->701050K(1276416K), 0.0203393 secs] [Times: user=0.03 sys=0.00, real=0.03 secs] 
2826.925: [GC (Allocation Failure) [PSYoungGen: 407876K->80626K(465920K)] 923114K->596129K(1276416K), 0.0254635 secs] [Times: user=0.04 sys=0.00, real=0.03 secs] 
2829.129: [GC (Allocation Failure) [PSYoungGen: 313586K->37906K(465920K)] 829089K->553717K(1276416K), 0.0072520 secs] [Times: user=0.02 sys=0.00, real=0.00 secs] 
2829.438: [GC (Allocation Failure) [PSYoungGen: 270866K->186389K(465920K)] 786677K->703583K(1276416K), 0.0203882 secs] [Times: user=0.03 sys=0.00, real=0.03 secs] 
2829.729: [GC (Allocation Failure) [PSYoungGen: 419349K->186132K(465920K)] 936543K->703478K(1276416K), 0.0203538 secs] [Times: user=0.03 sys=0.00, real=0.02 secs] 
2830.979: [GC (Allocation Failure) [PSYoungGen: 419092K->104799K(465920K)] 936438K->622418K(1276416K), 0.0134548 secs] [Times: user=0.03 sys=0.01, real=0.01 secs] 
2832.659: [GC (Allocation Failure) [PSYoungGen: 337743K->57958K(465920K)] 855362K->575877K(1276416K), 0.0087567 secs] [Times: user=0.02 sys=0.00, real=0.00 secs] 
2833.016: [GC (Allocation Failure) [PSYoungGen: 290918K->184687K(465920K)] 808837K->703859K(1276416K), 0.0200955 secs] [Times: user=0.03 sys=0.00, real=0.02 secs] 
2833.298: [GC (Allocation Failure) [PSYoungGen: 417647K->184012K(465920K)] 936819K->703457K(1276416K), 0.0201934 secs] [Times: user=0.03 sys=0.00, real=0.02 secs] 
2834.021: [GC (Allocation Failure) [PSYoungGen: 416972K->88476K(465920K)] 936417K->608187K(1276416K), 0.0098000 secs] [Times: user=0.02 sys=0.00, real=0.01 secs] 
2835.239: [GC (Allocation Failure) [PSYoungGen: 321436K->74152K(465920K)] 841147K->594172K(1276416K), 0.0089561 secs] [Times: user=0.02 sys=0.00, real=0.00 secs] 
2835.514: [GC (Allocation Failure) [PSYoungGen: 307112K->184173K(465920K)] 827132K->705574K(1276416K), 0.0200771 secs] [Times: user=0.03 sys=0.00, real=0.02 secs] 
2835.797: [GC (Allocation Failure) [PSYoungGen: 417133K->184590K(465920K)] 938534K->706145K(1276416K), 0.0202409 secs] [Times: user=0.02 sys=0.00, real=0.02 secs] 
2836.787: [GC (Allocation Failure) [PSYoungGen: 417550K->72283K(465920K)] 939105K->594110K(1276416K), 0.0086400 secs] [Times: user=0.02 sys=0.01, real=0.01 secs] 
2838.209: [GC (Allocation Failure) [PSYoungGen: 305243K->90121K(465920K)] 827070K->612262K(1276416K), 0.0105572 secs] [Times: user=0.02 sys=0.00, real=0.01 secs] 
2838.482: [GC (Allocation Failure) [PSYoungGen: 323081K->184237K(465920K)] 845222K->707631K(1276416K), 0.0202155 secs] [Times: user=0.03 sys=0.00, real=0.02 secs] 
2838.766: [GC (Allocation Failure) [PSYoungGen: 417197K->184398K(465920K)] 940591K->708194K(1276416K), 0.0200786 secs] [Times: user=0.03 sys=0.00, real=0.02 secs] 
2840.440: [GC (Allocation Failure) [PSYoungGen: 417358K->56442K(465920K)] 941154K->580375K(1276416K), 0.0073881 secs] [Times: user=0.02 sys=0.00, real=0.00 secs] 
2841.083: [GC (Allocation Failure) [PSYoungGen: 289302K->106187K(465920K)] 813234K->630421K(1276416K), 0.0121568 secs] [Times: user=0.02 sys=0.00, real=0.01 secs] 
2841.358: [GC (Allocation Failure) [PSYoungGen: 339147K->184301K(465920K)] 863381K->709781K(1276416K), 0.0202751 secs] [Times: user=0.02 sys=0.00, real=0.02 secs] 
2841.647: [GC (Allocation Failure) [PSYoungGen: 417261K->184719K(465920K)] 942741K->710480K(1276416K), 0.0202222 secs] [Times: user=0.03 sys=0.00, real=0.02 secs] 
2844.265: [GC (Allocation Failure) [PSYoungGen: 417679K->39991K(465920K)] 943440K->566017K(1276416K), 0.0049357 secs] [Times: user=0.03 sys=0.00, real=0.01 secs] 
2844.852: [GC (Allocation Failure) [PSYoungGen: 272951K->122381K(465920K)] 798977K->648723K(1276416K), 0.0137656 secs] [Times: user=0.02 sys=0.00, real=0.01 secs] 
2845.128: [GC (Allocation Failure) [PSYoungGen: 355341K->183948K(465920K)] 881683K->711543K(1276416K), 0.0202859 secs] [Times: user=0.02 sys=0.00, real=0.02 secs] 
2845.684: [GC (Allocation Failure) [PSYoungGen: 416908K->176934K(465920K)] 944503K->704810K(1276416K), 0.0259391 secs] [Times: user=0.04 sys=0.00, real=0.03 secs] 
2848.877: [GC (Allocation Failure) [PSYoungGen: 409894K->32K(465920K)] 937770K->529344K(1276416K), 0.0039277 secs] [Times: user=0.01 sys=0.00, real=0.01 secs] 
2850.039: [GC (Allocation Failure) [PSYoungGen: 232992K->136904K(465920K)] 762304K->666232K(1276416K), 0.0154424 secs] [Times: user=0.02 sys=0.00, real=0.01 secs] 
2850.320: [GC (Allocation Failure) [PSYoungGen: 369864K->184301K(465920K)] 899192K->714875K(1276416K), 0.0204433 secs] [Times: user=0.03 sys=0.00, real=0.02 secs] 
2850.767: [GC (Allocation Failure) [PSYoungGen: 417261K->165065K(465920K)] 947835K->695904K(1276416K), 0.0205042 secs] [Times: user=0.02 sys=0.00, real=0.02 secs] 
2851.709: [GC (Allocation Failure) [PSYoungGen: 398025K->128K(465920K)] 928864K->532409K(1276416K), 0.0022653 secs] [Times: user=0.01 sys=0.00, real=0.00 secs] 
2852.164: [GC (Allocation Failure) [PSYoungGen: 233088K->152616K(465920K)] 765369K->684921K(1276416K), 0.0167809 secs] [Times: user=0.02 sys=0.00, real=0.02 secs] 
2852.443: [GC (Allocation Failure) [PSYoungGen: 385576K->184301K(465920K)] 917881K->717852K(1276416K), 0.0200868 secs] [Times: user=0.03 sys=0.00, real=0.02 secs] 
2854.737: [GC (Allocation Failure) [PSYoungGen: 417261K->153577K(465920K)] 950812K->687393K(1276416K), 0.0308834 secs] [Times: user=0.04 sys=0.00, real=0.04 secs] 
2856.160: [GC (Allocation Failure) [PSYoungGen: 386537K->128K(465920K)] 920353K->535393K(1276416K), 0.0022621 secs] [Times: user=0.01 sys=0.00, real=0.00 secs] 
2856.620: [GC (Allocation Failure) [PSYoungGen: 233088K->167589K(465920K)] 768353K->702870K(1276416K), 0.0183443 secs] [Times: user=0.02 sys=0.00, real=0.02 secs] 
2856.906: [GC (Allocation Failure) [PSYoungGen: 400549K->184173K(465920K)] 935830K->720708K(1276416K), 0.0199844 secs] [Times: user=0.02 sys=0.00, real=0.02 secs] 
2857.866: [GC (Allocation Failure) [PSYoungGen: 417133K->130381K(465920K)] 953668K->667189K(1276416K), 0.0377028 secs] [Times: user=0.05 sys=0.00, real=0.04 secs] 
2859.845: [GC (Allocation Failure) [PSYoungGen: 363341K->160K(465920K)] 900149K->538405K(1276416K), 0.0048398 secs] [Times: user=0.02 sys=0.00, real=0.01 secs] 
2860.243: [GC (Allocation Failure) [PSYoungGen: 233120K->184072K(465920K)] 771365K->722342K(1276416K), 0.0207153 secs] [Times: user=0.03 sys=0.00, real=0.02 secs] 
2860.532: [GC (Allocation Failure) [PSYoungGen: 417032K->186357K(465920K)] 955302K->725881K(1276416K), 0.0205035 secs] [Times: user=0.03 sys=0.00, real=0.02 secs] 
2862.758: [GC (Allocation Failure) [PSYoungGen: 419317K->111777K(465920K)] 958841K->651565K(1276416K), 0.0246934 secs] [Times: user=0.04 sys=0.00, real=0.02 secs] 
2863.984: [GC (Allocation Failure) [PSYoungGen: 344737K->19141K(465920K)] 884525K->559230K(1276416K), 0.0034583 secs] [Times: user=0.01 sys=0.00, real=0.00 secs] 
2864.254: [GC (Allocation Failure) [PSYoungGen: 252101K->185715K(465920K)] 792190K->727185K(1276416K), 0.0204303 secs] [Times: user=0.03 sys=0.00, real=0.02 secs] 
2864.538: [GC (Allocation Failure) [PSYoungGen: 418675K->184462K(465920K)] 960145K->726085K(1276416K), 0.0203252 secs] [Times: user=0.03 sys=0.00, real=0.02 secs] 
2867.121: [GC (Allocation Failure) [PSYoungGen: 417422K->93109K(465920K)] 959045K->634997K(1276416K), 0.0267006 secs] [Times: user=0.04 sys=0.00, real=0.03 secs] 
2869.915: [GC (Allocation Failure) [PSYoungGen: 326069K->36688K(465920K)] 867957K->578892K(1276416K), 0.0066818 secs] [Times: user=0.02 sys=0.00, real=0.01 secs] 
2870.287: [GC (Allocation Failure) [PSYoungGen: 269648K->184687K(465920K)] 811852K->728144K(1276416K), 0.0207258 secs] [Times: user=0.02 sys=0.00, real=0.02 secs] 
2870.572: [GC (Allocation Failure) [PSYoungGen: 417647K->184526K(465920K)] 961104K->728256K(1276416K), 0.0202287 secs] [Times: user=0.03 sys=0.00, real=0.02 secs] 
2871.435: [GC (Allocation Failure) [PSYoungGen: 417486K->109169K(465920K)] 961216K->653164K(1276416K), 0.0131718 secs] [Times: user=0.03 sys=0.00, real=0.02 secs] 
2873.258: [GC (Allocation Failure) [PSYoungGen: 342129K->53428K(465920K)] 886124K->597729K(1276416K), 0.0072237 secs] [Times: user=0.01 sys=0.00, real=0.00 secs] 
2873.532: [GC (Allocation Failure) [PSYoungGen: 286388K->186100K(465920K)] 830689K->731655K(1276416K), 0.0202385 secs] [Times: user=0.03 sys=0.00, real=0.02 secs] 
2873.816: [GC (Allocation Failure) [PSYoungGen: 419060K->185811K(465920K)] 964615K->731639K(1276416K), 0.0202505 secs] [Times: user=0.02 sys=0.00, real=0.02 secs] 
2874.549: [GC (Allocation Failure) [PSYoungGen: 418771K->89730K(465920K)] 964599K->635822K(1276416K), 0.0099605 secs] [Times: user=0.03 sys=0.00, real=0.01 secs] 
2875.304: [GC (Allocation Failure) [PSYoungGen: 322690K->73510K(465920K)] 868782K->619918K(1276416K), 0.0090531 secs] [Times: user=0.01 sys=0.00, real=0.01 secs] 
2875.582: [GC (Allocation Failure) [PSYoungGen: 306470K->185843K(465920K)] 852878K->733505K(1276416K), 0.0203887 secs] [Times: user=0.03 sys=0.00, real=0.02 secs] 
2875.868: [GC (Allocation Failure) [PSYoungGen: 418803K->184398K(465920K)] 966465K->732333K(1276416K), 0.0202813 secs] [Times: user=0.03 sys=0.00, real=0.03 secs] 
2876.765: [GC (Allocation Failure) [PSYoungGen: 417358K->71383K(465920K)] 965293K->619583K(1276416K), 0.0072213 secs] [Times: user=0.03 sys=0.00, real=0.01 secs] 
2877.987: [GC (Allocation Failure) [PSYoungGen: 304343K->92178K(465920K)] 852543K->640693K(1276416K), 0.0107465 secs] [Times: user=0.02 sys=0.01, real=0.01 secs] 
2878.323: [GC (Allocation Failure) [PSYoungGen: 325138K->186100K(465920K)] 873653K->735998K(1276416K), 0.0203009 secs] [Times: user=0.03 sys=0.00, real=0.02 secs] 
2878.607: [GC (Allocation Failure) [PSYoungGen: 419060K->185972K(465920K)] 968958K->736151K(1276416K), 0.0202831 secs] [Times: user=0.02 sys=0.00, real=0.02 secs] 
2880.600: [GC (Allocation Failure) [PSYoungGen: 418932K->50884K(465920K)] 969111K->601328K(1276416K), 0.0062613 secs] [Times: user=0.03 sys=0.00, real=0.00 secs] 
2882.139: [GC (Allocation Failure) [PSYoungGen: 283844K->111456K(465920K)] 834288K->662085K(1276416K), 0.0127328 secs] [Times: user=0.02 sys=0.00, real=0.01 secs] 
2882.416: [GC (Allocation Failure) [PSYoungGen: 344416K->185972K(465920K)] 895045K->737855K(1276416K), 0.0204906 secs] [Times: user=0.02 sys=0.00, real=0.02 secs] 
2882.704: [GC (Allocation Failure) [PSYoungGen: 418932K->183530K(465920K)] 970815K->735686K(1276416K), 0.0201109 secs] [Times: user=0.03 sys=0.00, real=0.02 secs] 
2883.623: [GC (Allocation Failure) [PSYoungGen: 416490K->34208K(465920K)] 968646K->586524K(1276416K), 0.0039744 secs] [Times: user=0.02 sys=0.01, real=0.00 secs] 
2884.274: [GC (Allocation Failure) [PSYoungGen: 267168K->128421K(465920K)] 819484K->680917K(1276416K), 0.0144903 secs] [Times: user=0.02 sys=0.00, real=0.02 secs] 
2884.552: [GC (Allocation Failure) [PSYoungGen: 361381K->184847K(465920K)] 913877K->738596K(1276416K), 0.0202492 secs] [Times: user=0.03 sys=0.00, real=0.02 secs] 
2884.978: [GC (Allocation Failure) [PSYoungGen: 417807K->173066K(465920K)] 971556K->727080K(1276416K), 0.0210051 secs] [Times: user=0.03 sys=0.00, real=0.02 secs] 
2887.170: [GC (Allocation Failure) [PSYoungGen: 406026K->128K(465920K)] 960040K->555579K(1276416K), 0.0033645 secs] [Times: user=0.02 sys=0.01, real=0.00 secs] 
2888.080: [GC (Allocation Failure) [PSYoungGen: 233088K->144615K(465920K)] 788539K->700091K(1276416K), 0.0161791 secs] [Times: user=0.03 sys=0.00, real=0.01 secs] 
2888.358: [GC (Allocation Failure) [PSYoungGen: 377575K->184301K(465920K)] 933051K->741023K(1276416K), 0.0202900 secs] [Times: user=0.02 sys=0.00, real=0.02 secs] 
2888.959: [GC (Allocation Failure) [PSYoungGen: 417261K->161482K(465920K)] 973983K->718597K(1276416K), 0.0199700 secs] [Times: user=0.03 sys=0.00, real=0.02 secs] 
2890.302: [GC (Allocation Failure) [PSYoungGen: 394442K->160K(465920K)] 951557K->558586K(1276416K), 0.0023982 secs] [Times: user=0.01 sys=0.00, real=0.00 secs] 
2890.833: [GC (Allocation Failure) [PSYoungGen: 233018K->160070K(465920K)] 791444K->718520K(1276416K), 0.0178678 secs] [Times: user=0.02 sys=0.00, real=0.02 secs] 
2891.171: [GC (Allocation Failure) [PSYoungGen: 393030K->184333K(465920K)] 951480K->744029K(1276416K), 0.0203262 secs] [Times: user=0.02 sys=0.00, real=0.02 secs] 
2891.638: [GC (Allocation Failure) [PSYoungGen: 417293K->146059K(465920K)] 976989K->706020K(1276416K), 0.0191148 secs] [Times: user=0.03 sys=0.00, real=0.01 secs] 
2892.555: [GC (Allocation Failure) [PSYoungGen: 379019K->160K(465920K)] 938980K->561562K(1276416K), 0.0023088 secs] [Times: user=0.01 sys=0.00, real=0.00 secs] 
2892.886: [GC (Allocation Failure) [PSYoungGen: 233120K->175878K(465920K)] 794522K->737305K(1276416K), 0.0193764 secs] [Times: user=0.02 sys=0.00, real=0.02 secs] 
2893.169: [GC (Allocation Failure) [PSYoungGen: 408838K->184462K(465920K)] 970265K->747271K(1276416K), 0.0203724 secs] [Times: user=0.03 sys=0.00, real=0.02 secs] 
2895.934: [GC (Allocation Failure) [PSYoungGen: 417422K->121914K(465920K)] 980231K->684867K(1276416K), 0.0331057 secs] [Times: user=0.05 sys=0.00, real=0.03 secs] 
2898.031: [GC (Allocation Failure) [PSYoungGen: 354874K->6967K(465920K)] 917827K->570228K(1276416K), 0.0041568 secs] [Times: user=0.02 sys=0.00, real=0.00 secs] 
2898.422: [GC (Allocation Failure) [PSYoungGen: 239927K->183658K(465920K)] 803188K->748173K(1276416K), 0.0201589 secs] [Times: user=0.03 sys=0.00, real=0.02 secs] 
2898.705: [GC (Allocation Failure) [PSYoungGen: 416618K->184398K(465920K)] 981133K->749193K(1276416K), 0.0201521 secs] [Times: user=0.02 sys=0.00, real=0.02 secs] 
2900.488: [GC (Allocation Failure) [PSYoungGen: 417358K->107278K(465920K)] 982153K->672339K(1276416K), 0.0324544 secs] [Times: user=0.05 sys=0.00, real=0.04 secs] 
2901.813: [GC (Allocation Failure) [PSYoungGen: 340238K->22486K(465920K)] 905299K->587862K(1276416K), 0.0045083 secs] [Times: user=0.01 sys=0.00, real=0.00 secs] 
2902.092: [GC (Allocation Failure) [PSYoungGen: 255446K->186357K(465920K)] 820822K->752988K(1276416K), 0.0203614 secs] [Times: user=0.02 sys=0.00, real=0.02 secs] 
2902.377: [GC (Allocation Failure) [PSYoungGen: 419317K->185972K(465920K)] 985948K->752875K(1276416K), 0.0202937 secs] [Times: user=0.02 sys=0.00, real=0.02 secs] 
2903.110: [GC (Allocation Failure) [PSYoungGen: 417657K->87566K(465920K)] 984560K->654751K(1276416K), 0.0120601 secs] [Times: user=0.02 sys=0.00, real=0.01 secs] 
2903.950: [GC (Allocation Failure) [PSYoungGen: 320526K->38066K(465920K)] 887711K->605564K(1276416K), 0.0054858 secs] [Times: user=0.01 sys=0.00, real=0.00 secs] 
2904.221: [GC (Allocation Failure) [PSYoungGen: 271026K->186486K(465920K)] 838524K->755238K(1276416K), 0.0204657 secs] [Times: user=0.03 sys=0.00, real=0.02 secs] 
2904.511: [GC (Allocation Failure) [PSYoungGen: 419446K->186132K(465920K)] 988198K->755157K(1276416K), 0.0203050 secs] [Times: user=0.03 sys=0.00, real=0.02 secs] 
2905.231: [GC (Allocation Failure) [PSYoungGen: 419092K->104542K(465920K)] 988117K->673840K(1276416K), 0.0114984 secs] [Times: user=0.03 sys=0.00, real=0.01 secs] 
2906.335: [GC (Allocation Failure) [PSYoungGen: 337502K->58987K(465920K)] 906800K->628592K(1276416K), 0.0074844 secs] [Times: user=0.01 sys=0.00, real=0.01 secs] 
2906.608: [GC (Allocation Failure) [PSYoungGen: 291947K->185715K(465920K)] 861552K->756574K(1276416K), 0.0203430 secs] [Times: user=0.03 sys=0.00, real=0.03 secs] 
2906.891: [GC (Allocation Failure) [PSYoungGen: 418675K->184430K(465920K)] 989534K->755570K(1276416K), 0.0203859 secs] [Times: user=0.03 sys=0.00, real=0.02 secs] 
2907.697: [GC (Allocation Failure) [PSYoungGen: 417390K->86035K(465920K)] 988530K->657568K(1276416K), 0.0092460 secs] [Times: user=0.02 sys=0.00, real=0.01 secs] 
2908.426: [GC (Allocation Failure) [PSYoungGen: 318995K->77266K(465920K)] 890528K->648979K(1276416K), 0.0093701 secs] [Times: user=0.01 sys=0.00, real=0.01 secs] 
2908.756: [GC (Allocation Failure) [PSYoungGen: 310226K->186004K(465920K)] 881939K->758962K(1276416K), 0.0205436 secs] [Times: user=0.02 sys=0.00, real=0.02 secs] 
2909.045: [GC (Allocation Failure) [PSYoungGen: 418964K->184558K(465920K)] 991922K->757798K(1276416K), 0.0202649 secs] [Times: user=0.02 sys=0.00, real=0.02 secs] 
2910.502: [GC (Allocation Failure) [PSYoungGen: 417518K->67367K(465920K)] 990758K->640879K(1276416K), 0.0076618 secs] [Times: user=0.02 sys=0.00, real=0.01 secs] 
2911.421: [GC (Allocation Failure) [PSYoungGen: 300327K->95134K(465920K)] 873839K->668956K(1276416K), 0.0110713 secs] [Times: user=0.01 sys=0.00, real=0.01 secs] 
2911.698: [GC (Allocation Failure) [PSYoungGen: 328094K->186389K(465920K)] 901916K->761465K(1276416K), 0.0204415 secs] [Times: user=0.03 sys=0.00, real=0.02 secs] 
2912.045: [GC (Allocation Failure) [PSYoungGen: 419349K->185940K(465920K)] 994425K->761297K(1276416K), 0.0219405 secs] [Times: user=0.03 sys=0.00, real=0.02 secs] 
2913.234: [GC (Allocation Failure) [PSYoungGen: 418900K->47719K(465920K)] 994257K->623348K(1276416K), 0.0058165 secs] [Times: user=0.02 sys=0.00, real=0.01 secs] 
2913.842: [GC (Allocation Failure) [PSYoungGen: 280679K->114541K(465920K)] 856308K->690478K(1276416K), 0.0132730 secs] [Times: user=0.02 sys=0.00, real=0.01 secs] 
2914.178: [GC (Allocation Failure) [PSYoungGen: 347501K->183722K(465920K)] 923438K->760906K(1276416K), 0.0203764 secs] [Times: user=0.03 sys=0.00, real=0.02 secs] 
2914.466: [GC (Allocation Failure) [PSYoungGen: 416682K->182759K(465920K)] 993866K->760231K(1276416K), 0.0200367 secs] [Times: user=0.03 sys=0.00, real=0.02 secs] 
2916.582: [GC (Allocation Failure) [PSYoungGen: 415719K->34192K(465920K)] 993191K->611816K(1276416K), 0.0068243 secs] [Times: user=0.03 sys=0.00, real=0.01 secs] 
2917.587: [GC (Allocation Failure) [PSYoungGen: 267152K->128550K(465920K)] 844776K->706354K(1276416K), 0.0145116 secs] [Times: user=0.02 sys=0.00, real=0.02 secs] 
2917.866: [GC (Allocation Failure) [PSYoungGen: 361510K->184430K(465920K)] 939314K->763616K(1276416K), 0.0202365 secs] [Times: user=0.03 sys=0.00, real=0.02 secs] 
2918.310: [GC (Allocation Failure) [PSYoungGen: 417390K->173355K(465920K)] 996576K->752685K(1276416K), 0.0216570 secs] [Times: user=0.03 sys=0.00, real=0.02 secs] 
2919.499: [GC (Allocation Failure) [PSYoungGen: 406315K->128K(465920K)] 985645K->580900K(1276416K), 0.0033472 secs] [Times: user=0.01 sys=0.00, real=0.00 secs] 
2920.283: [GC (Allocation Failure) [PSYoungGen: 233004K->144323K(465920K)] 813777K->725104K(1276416K), 0.0161113 secs] [Times: user=0.02 sys=0.00, real=0.02 secs] 
2920.565: [GC (Allocation Failure) [PSYoungGen: 377283K->184333K(465920K)] 958064K->766367K(1276416K), 0.0206461 secs] [Times: user=0.03 sys=0.00, real=0.02 secs] 
2921.086: [GC (Allocation Failure) [PSYoungGen: 417293K->161755K(465920K)] 999327K->744198K(1276416K), 0.0187999 secs] [Times: user=0.03 sys=0.00, real=0.02 secs] 
2922.003: [GC (Allocation Failure) [PSYoungGen: 394715K->96K(465920K)] 977158K->583854K(1276416K), 0.0020351 secs] [Times: user=0.01 sys=0.00, real=0.00 secs] 
2922.384: [GC (Allocation Failure) [PSYoungGen: 233034K->162512K(465920K)] 816792K->746295K(1276416K), 0.0178288 secs] [Times: user=0.02 sys=0.00, real=0.02 secs] 
2922.752: [GC (Allocation Failure) [PSYoungGen: 395472K->186164K(465920K)] 979255K->771329K(1276416K), 0.0204615 secs] [Times: user=0.03 sys=0.00, real=0.02 secs] 
2923.574: [GC (Allocation Failure) [PSYoungGen: 419124K->133626K(465920K)] 1004289K->719064K(1276416K), 0.0239668 secs] [Times: user=0.04 sys=0.00, real=0.02 secs] 
2925.120: [GC (Allocation Failure) [PSYoungGen: 366586K->160K(465920K)] 952024K->586903K(1276416K), 0.0024965 secs] [Times: user=0.01 sys=0.00, real=0.00 secs] 
2925.436: [GC (Allocation Failure) [PSYoungGen: 233120K->181276K(465920K)] 819863K->768051K(1276416K), 0.0205046 secs] [Times: user=0.02 sys=0.00, real=0.02 secs] 
2925.726: [GC (Allocation Failure) [PSYoungGen: 414236K->186357K(465920K)] 1001011K->774378K(1276416K), 0.0205684 secs] [Times: user=0.02 sys=0.00, real=0.02 secs] 
2926.659: [GC (Allocation Failure) [PSYoungGen: 419317K->114604K(465920K)] 1007338K->702890K(1276416K), 0.0160497 secs] [Times: user=0.02 sys=0.00, real=0.01 secs] 
2928.270: [GC (Allocation Failure) [PSYoungGen: 347564K->15417K(465920K)] 935850K->604001K(1276416K), 0.0040409 secs] [Times: user=0.02 sys=0.00, real=0.00 secs] 
2928.554: [GC (Allocation Failure) [PSYoungGen: 248377K->185715K(465920K)] 836961K->775552K(1276416K), 0.0205269 secs] [Times: user=0.02 sys=0.00, real=0.02 secs] 
2928.838: [GC (Allocation Failure) [PSYoungGen: 418675K->184398K(465920K)] 1008512K->774516K(1276416K), 0.0205252 secs] [Times: user=0.03 sys=0.00, real=0.03 secs] 
2930.899: [GC (Allocation Failure) [PSYoungGen: 417358K->96836K(465920K)] 1007476K->687348K(1276416K), 0.0278158 secs] [Times: user=0.04 sys=0.00, real=0.02 secs] 
2932.945: [GC (Allocation Failure) [PSYoungGen: 329703K->33536K(465920K)] 920215K->624233K(1276416K), 0.0067963 secs] [Times: user=0.02 sys=0.00, real=0.01 secs] 
2933.324: [GC (Allocation Failure) [PSYoungGen: 266496K->184687K(465920K)] 857193K->776629K(1276416K), 0.0202791 secs] [Times: user=0.02 sys=0.00, real=0.02 secs] 
2933.669: [GC (Allocation Failure) [PSYoungGen: 417647K->184494K(465920K)] 1009589K->776717K(1276416K), 0.0201978 secs] [Times: user=0.02 sys=0.00, real=0.02 secs] 
2934.316: [GC (Allocation Failure) [PSYoungGen: 406480K->79742K(465920K)] 998703K->672239K(1276416K), 0.0121774 secs] [Times: user=0.02 sys=0.00, real=0.02 secs] 
2935.154: [GC (Allocation Failure) [PSYoungGen: 312702K->38037K(465920K)] 905199K->630852K(1276416K), 0.0055760 secs] [Times: user=0.01 sys=0.00, real=0.01 secs] 
2935.425: [GC (Allocation Failure) [PSYoungGen: 270997K->184558K(465920K)] 863812K->778626K(1276416K), 0.0202694 secs] [Times: user=0.03 sys=0.00, real=0.02 secs] 
2935.712: [GC (Allocation Failure) [PSYoungGen: 417518K->184141K(465920K)] 1011586K->778490K(1276416K), 0.0205985 secs] [Times: user=0.03 sys=0.00, real=0.02 secs] 
2937.340: [GC (Allocation Failure) [PSYoungGen: 417101K->108366K(465920K)] 1011450K->702980K(1276416K), 0.0291020 secs] [Times: user=0.08 sys=0.00, real=0.03 secs] 
2939.332: [GC (Allocation Failure) [PSYoungGen: 341326K->53717K(465920K)] 935940K->648639K(1276416K), 0.0080771 secs] [Times: user=0.02 sys=0.00, real=0.01 secs] 
2939.676: [GC (Allocation Failure) [PSYoungGen: 286677K->184205K(465920K)] 881599K->780509K(1276416K), 0.0202822 secs] [Times: user=0.03 sys=0.00, real=0.02 secs] 
2939.959: [GC (Allocation Failure) [PSYoungGen: 417165K->184526K(465920K)] 1013469K->780983K(1276416K), 0.0202085 secs] [Times: user=0.02 sys=0.00, real=0.02 secs] 
2942.868: [GC (Allocation Failure) [PSYoungGen: 417486K->92702K(465920K)] 1013943K->689560K(1276416K), 0.0192730 secs] [Times: user=0.05 sys=0.00, real=0.01 secs] 
2943.848: [GC (Allocation Failure) [PSYoungGen: 325662K->69365K(465920K)] 922520K->666410K(1276416K), 0.0086299 secs] [Times: user=0.02 sys=0.00, real=0.00 secs] 
2944.190: [GC (Allocation Failure) [PSYoungGen: 302325K->184044K(465920K)] 899370K->782335K(1276416K), 0.0203931 secs] [Times: user=0.03 sys=0.00, real=0.02 secs] 
2944.474: [GC (Allocation Failure) [PSYoungGen: 417004K->184558K(465920K)] 1015295K->783130K(1276416K), 0.0203445 secs] [Times: user=0.03 sys=0.00, real=0.02 secs] 
2945.961: [GC (Allocation Failure) [PSYoungGen: 417518K->77150K(465920K)] 1016090K->676132K(1276416K), 0.0106911 secs] [Times: user=0.03 sys=0.00, real=0.01 secs] 
2947.590: [GC (Allocation Failure) [PSYoungGen: 310110K->84849K(465920K)] 909092K->684024K(1276416K), 0.0103010 secs] [Times: user=0.02 sys=0.00, real=0.01 secs] 
2947.922: [GC (Allocation Failure) [PSYoungGen: 317809K->184076K(465920K)] 916984K->784633K(1276416K), 0.0204660 secs] [Times: user=0.02 sys=0.00, real=0.02 secs] 
2948.204: [GC (Allocation Failure) [PSYoungGen: 417036K->184044K(465920K)] 1017593K->784754K(1276416K), 0.0203529 secs] [Times: user=0.03 sys=0.00, real=0.02 secs] 
2949.175: [GC (Allocation Failure) [PSYoungGen: 417004K->62258K(465920K)] 1017714K->663232K(1276416K), 0.0073759 secs] [Times: user=0.02 sys=0.00, real=0.01 secs] 
2949.839: [GC (Allocation Failure) [PSYoungGen: 295218K->100275K(465920K)] 896192K->701567K(1276416K), 0.0116965 secs] [Times: user=0.02 sys=0.00, real=0.01 secs] 
2950.112: [GC (Allocation Failure) [PSYoungGen: 333235K->183658K(465920K)] 934527K->786204K(1276416K), 0.0200285 secs] [Times: user=0.03 sys=0.00, real=0.02 secs] 
2950.396: [GC (Allocation Failure) [PSYoungGen: 416618K->184526K(465920K)] 1019164K->787353K(1276416K), 0.0202486 secs] [Times: user=0.02 sys=0.00, real=0.02 secs] 
2952.240: [GC (Allocation Failure) [PSYoungGen: 417486K->46674K(465920K)] 1020313K->649766K(1276416K), 0.0061659 secs] [Times: user=0.03 sys=0.00, real=0.00 secs] 
2953.033: [GC (Allocation Failure) [PSYoungGen: 279634K->115312K(465920K)] 882726K->718720K(1276416K), 0.0131411 secs] [Times: user=0.02 sys=0.00, real=0.01 secs] 
2953.318: [GC (Allocation Failure) [PSYoungGen: 348272K->183948K(465920K)] 951680K->788609K(1276416K), 0.0202028 secs] [Times: user=0.02 sys=0.00, real=0.02 secs] 
2953.660: [GC (Allocation Failure) [PSYoungGen: 416908K->181667K(465920K)] 1021569K->786601K(1276416K), 0.0198953 secs] [Times: user=0.03 sys=0.00, real=0.02 secs] 
2955.889: [GC (Allocation Failure) [PSYoungGen: 414627K->34144K(465920K)] 1019561K->639230K(1276416K), 0.0067910 secs] [Times: user=0.04 sys=0.00, real=0.00 secs] 
2956.665: [GC (Allocation Failure) [PSYoungGen: 267104K->128293K(465920K)] 872190K->733567K(1276416K), 0.0145126 secs] [Times: user=0.02 sys=0.00, real=0.02 secs] 
2956.943: [GC (Allocation Failure) [PSYoungGen: 361253K->183916K(465920K)] 966527K->790443K(1276416K), 0.0201598 secs] [Times: user=0.03 sys=0.00, real=0.02 secs] 
2957.303: [GC (Allocation Failure) [PSYoungGen: 416876K->174094K(465920K)] 1023403K->780887K(1276416K), 0.0205229 secs] [Times: user=0.03 sys=0.00, real=0.02 secs] 
2958.205: [GC (Allocation Failure) [PSYoungGen: 407054K->128K(465920K)] 1013847K->608354K(1276416K), 0.0021281 secs] [Times: user=0.01 sys=0.00, real=0.00 secs] 
2958.647: [GC (Allocation Failure) [PSYoungGen: 232973K->143973K(465920K)] 841199K->752223K(1276416K), 0.0161075 secs] [Times: user=0.02 sys=0.00, real=0.02 secs] 
2958.927: [GC (Allocation Failure) [PSYoungGen: 376933K->184205K(465920K)] 985183K->793709K(1276416K), 0.0202645 secs] [Times: user=0.03 sys=0.00, real=0.02 secs] 
2960.077: [GC (Allocation Failure) [PSYoungGen: 417165K->162285K(465920K)] 1026669K->772062K(1276416K), 0.0478291 secs] [Times: user=0.08 sys=0.00, real=0.05 secs] 
2962.950: [GC (Allocation Failure) [PSYoungGen: 395245K->64K(465920K)] 1005022K->611278K(1276416K), 0.0040474 secs] [Times: user=0.02 sys=0.00, real=0.00 secs] 
2963.843: [GC (Allocation Failure) [PSYoungGen: 233024K->161195K(465920K)] 844238K->772434K(1276416K), 0.0180436 secs] [Times: user=0.03 sys=0.00, real=0.02 secs] 
2964.124: [GC (Allocation Failure) [PSYoungGen: 394155K->184558K(465920K)] 1005394K->797051K(1276416K), 0.0203545 secs] [Times: user=0.03 sys=0.00, real=0.02 secs] 
2965.268: [GC (Allocation Failure) [PSYoungGen: 417518K->144645K(465920K)] 1030011K->757435K(1276416K), 0.0179342 secs] [Times: user=0.02 sys=0.00, real=0.01 secs] 
2966.878: [GC (Allocation Failure) [PSYoungGen: 377605K->160K(465920K)] 990395K->614383K(1276416K), 0.0023350 secs] [Times: user=0.01 sys=0.00, real=0.00 secs] 
2967.308: [GC (Allocation Failure) [PSYoungGen: 233120K->178095K(465920K)] 847343K->792334K(1276416K), 0.0194483 secs] [Times: user=0.03 sys=0.00, real=0.02 secs] 
2967.593: [GC (Allocation Failure) [PSYoungGen: 411055K->186389K(465920K)] 1025294K->802011K(1276416K), 0.0204656 secs] [Times: user=0.03 sys=0.00, real=0.02 secs] 
2969.130: [GC (Allocation Failure) [PSYoungGen: 419349K->117801K(465920K)] 1034971K->733567K(1276416K), 0.0352798 secs] [Times: user=0.05 sys=0.00, real=0.03 secs] 
2970.713: [GC (Allocation Failure) [PSYoungGen: 350761K->12943K(465920K)] 966527K->629009K(1276416K), 0.0039433 secs] [Times: user=0.02 sys=0.00, real=0.00 secs] 
2970.996: [GC (Allocation Failure) [PSYoungGen: 245903K->185715K(465920K)] 861969K->803163K(1276416K), 0.0204858 secs] [Times: user=0.03 sys=0.00, real=0.02 secs] 
2971.282: [GC (Allocation Failure) [PSYoungGen: 418675K->185811K(465920K)] 1036123K->803404K(1276416K), 0.0204380 secs] [Times: user=0.03 sys=0.00, real=0.02 secs] 
2972.305: [GC (Allocation Failure) [PSYoungGen: 418771K->97896K(465920K)] 1036364K->715761K(1276416K), 0.0140928 secs] [Times: user=0.02 sys=0.00, real=0.02 secs] 
2973.226: [GC (Allocation Failure) [PSYoungGen: 330856K->31868K(465920K)] 948721K->650051K(1276416K), 0.0058086 secs] [Times: user=0.01 sys=0.00, real=0.01 secs] 
2973.579: [GC (Allocation Failure) [PSYoungGen: 264828K->186100K(465920K)] 883011K->805537K(1276416K), 0.0222876 secs] [Times: user=0.03 sys=0.00, real=0.02 secs] 
2973.872: [GC (Allocation Failure) [PSYoungGen: 419060K->184526K(465920K)] 1038497K->804244K(1276416K), 0.0203428 secs] [Times: user=0.02 sys=0.00, real=0.02 secs] 
2974.579: [GC (Allocation Failure) [PSYoungGen: 406418K->79839K(465920K)] 1026135K->699830K(1276416K), 0.0122265 secs] [Times: user=0.02 sys=0.00, real=0.01 secs] 
2975.513: [GC (Allocation Failure) [PSYoungGen: 312799K->38037K(465920K)] 932790K->658342K(1276416K), 0.0064787 secs] [Times: user=0.02 sys=0.00, real=0.01 secs] 
2975.791: [GC (Allocation Failure) [PSYoungGen: 270997K->184558K(465920K)] 891302K->806116K(1276416K), 0.0206636 secs] [Times: user=0.02 sys=0.00, real=0.02 secs] 
2976.134: [GC (Allocation Failure) [PSYoungGen: 417518K->184205K(465920K)] 1039076K->806036K(1276416K), 0.0203823 secs] [Times: user=0.03 sys=0.00, real=0.02 secs] 
2977.372: [GC (Allocation Failure) [PSYoungGen: 417165K->108382K(465920K)] 1038996K->730486K(1276416K), 0.0150775 secs] [Times: user=0.03 sys=0.00, real=0.01 secs] 
2979.442: [GC (Allocation Failure) [PSYoungGen: 341342K->53875K(465920K)] 963446K->676293K(1276416K), 0.0089229 secs] [Times: user=0.01 sys=0.00, real=0.01 secs] 
2979.814: [GC (Allocation Failure) [PSYoungGen: 286835K->184815K(465920K)] 909253K->808487K(1276416K), 0.0204086 secs] [Times: user=0.03 sys=0.00, real=0.02 secs] 
2980.154: [GC (Allocation Failure) [PSYoungGen: 417775K->184109K(465920K)] 1041447K->808061K(1276416K), 0.0202126 secs] [Times: user=0.02 sys=0.00, real=0.02 secs] 
2981.657: [GC (Allocation Failure) [PSYoungGen: 417069K->92268K(465920K)] 1041021K->716486K(1276416K), 0.0150945 secs] [Times: user=0.04 sys=0.00, real=0.02 secs] 
2982.915: [GC (Allocation Failure) [PSYoungGen: 325228K->70040K(465920K)] 949446K->694571K(1276416K), 0.0088372 secs] [Times: user=0.01 sys=0.00, real=0.01 secs] 
2983.246: [GC (Allocation Failure) [PSYoungGen: 303000K->184590K(465920K)] 927531K->810375K(1276416K), 0.0205162 secs] [Times: user=0.02 sys=0.00, real=0.02 secs] 
2983.590: [GC (Allocation Failure) [PSYoungGen: 417550K->184173K(465920K)] 1043335K->810239K(1276416K), 0.0203151 secs] [Times: user=0.03 sys=0.00, real=0.02 secs] 
2984.408: [GC (Allocation Failure) [PSYoungGen: 417133K->76363K(465920K)] 1043199K->702702K(1276416K), 0.0089106 secs] [Times: user=0.02 sys=0.00, real=0.00 secs] 
2985.225: [GC (Allocation Failure) [PSYoungGen: 309323K->86234K(465920K)] 935662K->712882K(1276416K), 0.0123912 secs] [Times: user=0.02 sys=0.00, real=0.02 secs] 
2985.520: [GC (Allocation Failure) [PSYoungGen: 319194K->183787K(465920K)] 945842K->811689K(1276416K), 0.0203802 secs] [Times: user=0.02 sys=0.00, real=0.02 secs] 
2985.812: [GC (Allocation Failure) [PSYoungGen: 416747K->184398K(465920K)] 1044649K->812581K(1276416K), 0.0206099 secs] [Times: user=0.03 sys=0.00, real=0.02 secs] 
2987.387: [GC (Allocation Failure) [PSYoungGen: 417358K->60683K(465920K)] 1045541K->689132K(1276416K), 0.0116538 secs] [Times: user=0.04 sys=0.00, real=0.02 secs] 
2988.687: [GC (Allocation Failure) [PSYoungGen: 293567K->101560K(465920K)] 922015K->730322K(1276416K), 0.0118652 secs] [Times: user=0.02 sys=0.00, real=0.02 secs] 
2988.961: [GC (Allocation Failure) [PSYoungGen: 334520K->184301K(465920K)] 963282K->814317K(1276416K), 0.0204038 secs] [Times: user=0.03 sys=0.00, real=0.02 secs] 
2989.246: [GC (Allocation Failure) [PSYoungGen: 417261K->184558K(465920K)] 1047277K->814983K(1276416K), 0.0203979 secs] [Times: user=0.03 sys=0.00, real=0.02 secs] 
2990.707: [GC (Allocation Failure) [PSYoungGen: 417518K->44682K(465920K)] 1047943K->675260K(1276416K), 0.0053485 secs] [Times: user=0.02 sys=0.00, real=0.01 secs] 
2992.009: [GC (Allocation Failure) [PSYoungGen: 277642K->117625K(465920K)] 908220K->748527K(1276416K), 0.0136715 secs] [Times: user=0.02 sys=0.00, real=0.01 secs] 
2992.291: [GC (Allocation Failure) [PSYoungGen: 350585K->184462K(465920K)] 981487K->816737K(1276416K), 0.0204199 secs] [Times: user=0.03 sys=0.00, real=0.02 secs] 
2992.869: [GC (Allocation Failure) [PSYoungGen: 417422K->180695K(465920K)] 1049697K->813115K(1276416K), 0.0386765 secs] [Times: user=0.05 sys=0.00, real=0.04 secs] 
2995.101: [GC (Allocation Failure) [PSYoungGen: 413655K->32928K(465920K)] 1046075K->666793K(1276416K), 0.0070380 secs] [Times: user=0.03 sys=0.00, real=0.00 secs] 
2995.879: [GC (Allocation Failure) [PSYoungGen: 265888K->133016K(465920K)] 899753K->766906K(1276416K), 0.0152844 secs] [Times: user=0.02 sys=0.00, real=0.01 secs] 
2996.159: [GC (Allocation Failure) [PSYoungGen: 365976K->184301K(465920K)] 999866K->819445K(1276416K), 0.0201830 secs] [Times: user=0.03 sys=0.00, real=0.02 secs] 
2996.674: [GC (Allocation Failure) [PSYoungGen: 417261K->168953K(465920K)] 1052405K->804490K(1276416K), 0.0207548 secs] [Times: user=0.03 sys=0.00, real=0.02 secs] 
2999.202: [GC (Allocation Failure) [PSYoungGen: 401913K->128K(465920K)] 1037450K->636972K(1276416K), 0.0057197 secs] [Times: user=0.03 sys=0.01, real=0.00 secs] 
3000.185: [GC (Allocation Failure) [PSYoungGen: 233088K->148182K(465920K)] 869932K->785042K(1276416K), 0.0166143 secs] [Times: user=0.03 sys=0.00, real=0.02 secs] 
3000.465: [GC (Allocation Failure) [PSYoungGen: 381142K->184333K(465920K)] 1018002K->822575K(1276416K), 0.0203897 secs] [Times: user=0.03 sys=0.00, real=0.02 secs] 
3001.140: [GC (Allocation Failure) [PSYoungGen: 417293K->157851K(465920K)] 1055535K->796238K(1276416K), 0.0205832 secs] [Times: user=0.03 sys=0.00, real=0.02 secs] 
3003.885: [GC (Allocation Failure) [PSYoungGen: 390811K->128K(465920K)] 1029198K->639954K(1276416K), 0.0037240 secs] [Times: user=0.02 sys=0.00, real=0.01 secs] 
3004.493: [GC (Allocation Failure) [PSYoungGen: 233088K->162255K(465920K)] 872914K->802097K(1276416K), 0.0181469 secs] [Times: user=0.02 sys=0.00, real=0.02 secs] 
3004.832: [GC (Allocation Failure) [PSYoungGen: 395215K->184333K(465920K)] 1035057K->825437K(1276416K), 0.0205123 secs] [Times: user=0.03 sys=0.00, real=0.02 secs] 
3006.196: [GC (Allocation Failure) [PSYoungGen: 417293K->143874K(465920K)] 1058397K->785243K(1276416K), 0.0403093 secs] [Times: user=0.07 sys=0.00, real=0.04 secs] 
3009.422: [GC (Allocation Failure) [PSYoungGen: 376834K->160K(465920K)] 1018203K->642974K(1276416K), 0.0044455 secs] [Times: user=0.02 sys=0.00, real=0.00 secs] 
3010.097: [GC (Allocation Failure) [PSYoungGen: 233120K->177321K(465920K)] 875934K->820160K(1276416K), 0.0196043 secs] [Times: user=0.03 sys=0.00, real=0.02 secs] 
3010.385: [GC (Allocation Failure) [PSYoungGen: 410281K->184494K(465920K)] 1053120K->828707K(1276416K), 0.0203952 secs] [Times: user=0.02 sys=0.00, real=0.02 secs] 
3010.925: [GC (Allocation Failure) [PSYoungGen: 417454K->120516K(465920K)] 1061667K->764882K(1276416K), 0.0156701 secs] [Times: user=0.03 sys=0.00, real=0.02 secs] 
3012.445: [GC (Allocation Failure) [PSYoungGen: 353476K->8991K(465920K)] 997842K->653680K(1276416K), 0.0034274 secs] [Times: user=0.01 sys=0.00, real=0.01 secs] 
3012.716: [GC (Allocation Failure) [PSYoungGen: 241951K->184976K(465920K)] 886640K->830911K(1276416K), 0.0204718 secs] [Times: user=0.03 sys=0.00, real=0.02 secs] 
3012.999: [GC (Allocation Failure) [PSYoungGen: 417936K->184333K(465920K)] 1063871K->830549K(1276416K), 0.0202681 secs] [Times: user=0.03 sys=0.00, real=0.02 secs] 
3014.011: [GC (Allocation Failure) [PSYoungGen: 417293K->104194K(465920K)] 1063509K->750803K(1276416K), 0.0170071 secs] [Times: user=0.03 sys=0.00, real=0.01 secs] 
3015.478: [GC (Allocation Failure) [PSYoungGen: 337154K->25442K(465920K)] 983763K->672231K(1276416K), 0.0056070 secs] [Times: user=0.01 sys=0.00, real=0.00 secs] 
3015.846: [GC (Allocation Failure) [PSYoungGen: 258402K->186357K(465920K)] 905191K->834400K(1276416K), 0.0210182 secs] [Times: user=0.03 sys=0.00, real=0.02 secs] 
3016.188: [GC (Allocation Failure) [PSYoungGen: 419317K->184815K(465920K)] 1067360K->833139K(1276416K), 0.0202702 secs] [Times: user=0.03 sys=0.00, real=0.03 secs] 
3017.221: [GC (Allocation Failure) [PSYoungGen: 413702K->85799K(465920K)] 1062025K->734395K(1276416K), 0.0120971 secs] [Times: user=0.02 sys=0.00, real=0.01 secs] 
3018.588: [GC (Allocation Failure) [PSYoungGen: 318759K->37652K(465920K)] 967355K->686564K(1276416K), 0.0068330 secs] [Times: user=0.02 sys=0.00, real=0.01 secs] 
3018.886: [GC (Allocation Failure) [PSYoungGen: 270612K->184622K(465920K)] 919524K->834788K(1276416K), 0.0203755 secs] [Times: user=0.03 sys=0.00, real=0.02 secs] 
3019.170: [GC (Allocation Failure) [PSYoungGen: 417582K->184526K(465920K)] 1067748K->835101K(1276416K), 0.0202744 secs] [Times: user=0.02 sys=0.00, real=0.02 secs] 
3019.841: [GC (Allocation Failure) [PSYoungGen: 417486K->108334K(465920K)] 1068061K->759045K(1276416K), 0.0115450 secs] [Times: user=0.02 sys=0.01, real=0.01 secs] 
3021.349: [GC (Allocation Failure) [PSYoungGen: 341294K->54228K(465920K)] 992005K->705250K(1276416K), 0.0094196 secs] [Times: user=0.02 sys=0.00, real=0.01 secs] 
3021.656: [GC (Allocation Failure) [PSYoungGen: 287188K->183916K(465920K)] 938210K->836191K(1276416K), 0.0203612 secs] [Times: user=0.02 sys=0.00, real=0.02 secs] 
3021.941: [GC (Allocation Failure) [PSYoungGen: 416876K->184398K(465920K)] 1069151K->836954K(1276416K), 0.0202422 secs] [Times: user=0.03 sys=0.00, real=0.02 secs] 
3022.637: [GC (Allocation Failure) [PSYoungGen: 417358K->92589K(465920K)] 1069914K->745418K(1276416K), 0.0111247 secs] [Times: user=0.03 sys=0.00, real=0.02 secs] 
3024.055: [GC (Allocation Failure) [PSYoungGen: 325549K->70072K(465920K)] 978378K->723218K(1276416K), 0.0101438 secs] [Times: user=0.02 sys=0.00, real=0.01 secs] 
3024.333: [GC (Allocation Failure) [PSYoungGen: 303032K->184558K(465920K)] 956178K->838951K(1276416K), 0.0204359 secs] [Times: user=0.03 sys=0.00, real=0.02 secs] 
3024.674: [GC (Allocation Failure) [PSYoungGen: 417518K->184173K(465920K)] 1071911K->838846K(1276416K), 0.0203793 secs] [Times: user=0.03 sys=0.00, real=0.02 secs] 
3025.924: [GC (Allocation Failure) [PSYoungGen: 417133K->76331K(465920K)] 1071806K->731270K(1276416K), 0.0093178 secs] [Times: user=0.02 sys=0.00, real=0.01 secs] 
3026.869: [GC (Allocation Failure) [PSYoungGen: 309253K->86105K(465920K)] 964192K->741351K(1276416K), 0.0120741 secs] [Times: user=0.02 sys=0.00, real=0.01 secs] 
3027.230: [GC (Allocation Failure) [PSYoungGen: 319065K->184205K(465920K)] 974311K->840705K(1276416K), 0.0203775 secs] [Times: user=0.03 sys=0.00, real=0.02 secs] 
3027.515: [GC (Allocation Failure) [PSYoungGen: 417165K->184719K(465920K)] 1073665K->841500K(1276416K), 0.0203529 secs] [Times: user=0.03 sys=0.00, real=0.02 secs] 
3029.651: [GC (Allocation Failure) [PSYoungGen: 417679K->60201K(465920K)] 1074460K->717384K(1276416K), 0.0090670 secs] [Times: user=0.03 sys=0.00, real=0.01 secs] 
3030.383: [GC (Allocation Failure) [PSYoungGen: 293161K->102074K(465920K)] 950344K->759438K(1276416K), 0.0120037 secs] [Times: user=0.02 sys=0.01, real=0.01 secs] 
3030.660: [GC (Allocation Failure) [PSYoungGen: 335034K->186550K(465920K)] 992398K->845296K(1276416K), 0.0205297 secs] [Times: user=0.02 sys=0.00, real=0.02 secs] 
3030.952: [GC (Allocation Failure) [PSYoungGen: 419510K->186036K(465920K)] 1078256K->845063K(1276416K), 0.0205485 secs] [Times: user=0.03 sys=0.00, real=0.02 secs] 
3033.226: [GC (Allocation Failure) [PSYoungGen: 418996K->40505K(465920K)] 1078023K->699797K(1276416K), 0.0056240 secs] [Times: user=0.02 sys=0.00, real=0.01 secs] 
3034.101: [GC (Allocation Failure) [PSYoungGen: 273465K->122413K(465920K)] 932757K->781890K(1276416K), 0.0140992 secs] [Times: user=0.03 sys=0.01, real=0.01 secs] 
3034.380: [GC (Allocation Failure) [PSYoungGen: 355373K->185747K(465920K)] 1014850K->846614K(1276416K), 0.0206987 secs] [Times: user=0.02 sys=0.00, real=0.02 secs] 
3034.732: [GC (Allocation Failure) [PSYoungGen: 418707K->175151K(465920K)] 1079574K->836162K(1276416K), 0.0210180 secs] [Times: user=0.03 sys=0.00, real=0.02 secs] 
3035.973: [GC (Allocation Failure) [PSYoungGen: 408111K->128K(465920K)] 1069122K->662585K(1276416K), 0.0022340 secs] [Times: user=0.01 sys=0.00, real=0.00 secs] 
3036.734: [GC (Allocation Failure) [PSYoungGen: 233088K->139860K(465920K)] 895545K->802341K(1276416K), 0.0158708 secs] [Times: user=0.02 sys=0.00, real=0.02 secs] 
3037.070: [GC (Allocation Failure) [PSYoungGen: 372820K->184173K(465920K)] 1035301K->847908K(1276416K), 0.0203619 secs] [Times: user=0.03 sys=0.00, real=0.02 secs] 
3037.686: [GC (Allocation Failure) [PSYoungGen: 416927K->162286K(465920K)] 1080662K->826286K(1276416K), 0.0267424 secs] [Times: user=0.04 sys=0.00, real=0.03 secs] 
3039.500: [GC (Allocation Failure) [PSYoungGen: 395246K->96K(465920K)] 1059246K->665537K(1276416K), 0.0035604 secs] [Times: user=0.02 sys=0.00, real=0.00 secs] 
3040.124: [GC (Allocation Failure) [PSYoungGen: 233056K->154769K(465920K)] 898497K->820226K(1276416K), 0.0173383 secs] [Times: user=0.02 sys=0.00, real=0.02 secs] 
3040.405: [GC (Allocation Failure) [PSYoungGen: 387729K->184558K(465920K)] 1053186K->851270K(1276416K), 0.0203892 secs] [Times: user=0.03 sys=0.00, real=0.02 secs] 
3040.898: [GC (Allocation Failure) [PSYoungGen: 417518K->151071K(465920K)] 1084230K->818056K(1276416K), 0.0185386 secs] [Times: user=0.02 sys=0.00, real=0.02 secs] 
3042.961: [GC (Allocation Failure) [PSYoungGen: 384031K->128K(465920K)] 1051016K->668557K(1276416K), 0.0047440 secs] [Times: user=0.02 sys=0.00, real=0.00 secs] 
3043.566: [GC (Allocation Failure) [PSYoungGen: 233088K->170577K(465920K)] 901517K->839022K(1276416K), 0.0189522 secs] [Times: user=0.03 sys=0.00, real=0.02 secs] 
3043.848: [GC (Allocation Failure) [PSYoungGen: 403537K->184462K(465920K)] 1071982K->854153K(1276416K), 0.0204862 secs] [Times: user=0.02 sys=0.00, real=0.02 secs] 
3044.701: [GC (Allocation Failure) [PSYoungGen: 417422K->127167K(465920K)] 1087113K->797131K(1276416K), 0.0178452 secs] [Times: user=0.02 sys=0.00, real=0.02 secs] 
3046.721: [GC (Allocation Failure) [PSYoungGen: 360127K->2436K(465920K)] 1030091K->672708K(1276416K), 0.0035900 secs] [Times: user=0.02 sys=0.00, real=0.00 secs] 
3047.052: [GC (Allocation Failure) [PSYoungGen: 235396K->186389K(465920K)] 905668K->857907K(1276416K), 0.0206348 secs] [Times: user=0.02 sys=0.00, real=0.02 secs] 
3047.340: [GC (Allocation Failure) [PSYoungGen: 419349K->186132K(465920K)] 1090867K->857931K(1276416K), 0.0204709 secs] [Times: user=0.02 sys=0.00, real=0.02 secs] 
3048.169: [GC (Allocation Failure) [PSYoungGen: 419092K->107503K(465920K)] 1090891K->779703K(1276416K), 0.0143023 secs] [Times: user=0.02 sys=0.00, real=0.01 secs] 
3049.736: [GC (Allocation Failure) [PSYoungGen: 340463K->22968K(465920K)] 1012663K->695355K(1276416K), 0.0059022 secs] [Times: user=0.02 sys=0.00, real=0.01 secs] 
3050.050: [GC (Allocation Failure) [PSYoungGen: 255928K->186518K(465920K)] 928315K->860159K(1276416K), 0.0207297 secs] [Times: user=0.03 sys=0.00, real=0.02 secs] 
3050.393: [GC (Allocation Failure) [PSYoungGen: 419478K->185940K(465920K)] 1093119K->859990K(1276416K), 0.0205888 secs] [Times: user=0.03 sys=0.00, real=0.02 secs] 
3051.685: [GC (Allocation Failure) [PSYoungGen: 415262K->86924K(465920K)] 1089313K->761118K(1276416K), 0.0212460 secs] [Times: user=0.04 sys=0.00, real=0.02 secs] 
3053.869: [GC (Allocation Failure) [PSYoungGen: 319884K->37780K(465920K)] 994078K->712289K(1276416K), 0.0074219 secs] [Times: user=0.02 sys=0.00, real=0.00 secs] 
3054.178: [GC (Allocation Failure) [PSYoungGen: 270740K->186453K(465920K)] 945249K->862344K(1276416K), 0.0205131 secs] [Times: user=0.03 sys=0.00, real=0.02 secs] 
3054.472: [GC (Allocation Failure) [PSYoungGen: 419413K->186068K(465920K)] 1095304K->862120K(1276416K), 0.0205617 secs] [Times: user=0.02 sys=0.00, real=0.02 secs] 
3055.760: [GC (Allocation Failure) [PSYoungGen: 419028K->104895K(465920K)] 1095080K->781212K(1276416K), 0.0200851 secs] [Times: user=0.05 sys=0.00, real=0.02 secs] 
3057.038: [GC (Allocation Failure) [PSYoungGen: 337855K->58344K(465920K)] 1014172K->734966K(1276416K), 0.0076277 secs] [Times: user=0.01 sys=0.00, real=0.00 secs] 
3057.311: [GC (Allocation Failure) [PSYoungGen: 291304K->185747K(465920K)] 967926K->863622K(1276416K), 0.0205259 secs] [Times: user=0.03 sys=0.00, real=0.02 secs] 
3057.595: [GC (Allocation Failure) [PSYoungGen: 418707K->184462K(465920K)] 1096582K->862618K(1276416K), 0.0203754 secs] [Times: user=0.03 sys=0.00, real=0.02 secs] 
3060.199: [GC (Allocation Failure) [PSYoungGen: 417422K->86613K(465920K)] 1095578K->765163K(1276416K), 0.0209287 secs] [Times: user=0.06 sys=0.00, real=0.02 secs] 
3062.337: [GC (Allocation Failure) [PSYoungGen: 319573K->76080K(465920K)] 998123K->754815K(1276416K), 0.0112059 secs] [Times: user=0.02 sys=0.00, real=0.01 secs] 
3062.683: [GC (Allocation Failure) [PSYoungGen: 309040K->186004K(465920K)] 987775K->866121K(1276416K), 0.0205544 secs] [Times: user=0.03 sys=0.00, real=0.02 secs] 
3062.968: [GC (Allocation Failure) [PSYoungGen: 418964K->185940K(465920K)] 1099081K->866210K(1276416K), 0.0205654 secs] [Times: user=0.03 sys=0.00, real=0.02 secs] 
3064.525: [GC (Allocation Failure) [PSYoungGen: 418900K->67110K(465920K)] 1099170K->747653K(1276416K), 0.0200614 secs] [Times: user=0.07 sys=0.01, real=0.02 secs] 
3065.246: [GC (Allocation Failure) [PSYoungGen: 300070K->95677K(465920K)] 980613K->776536K(1276416K), 0.0113971 secs] [Times: user=0.02 sys=0.00, real=0.01 secs] 
3065.586: [GC (Allocation Failure) [PSYoungGen: 328637K->186100K(465920K)] 1009496K->868213K(1276416K), 0.0205857 secs] [Times: user=0.03 sys=0.00, real=0.02 secs] 
3065.915: [GC (Allocation Failure) [PSYoungGen: 419060K->184462K(465920K)] 1101173K->866855K(1276416K), 0.0208248 secs] [Times: user=0.03 sys=0.00, real=0.02 secs] 
3068.115: [GC (Allocation Failure) [PSYoungGen: 417422K->48956K(465920K)] 1099815K->731614K(1276416K), 0.0101271 secs] [Times: user=0.04 sys=0.00, real=0.01 secs] 
3069.556: [GC (Allocation Failure) [PSYoungGen: 281916K->112998K(465920K)] 964574K->795979K(1276416K), 0.0132322 secs] [Times: user=0.02 sys=0.00, real=0.02 secs] 
3069.833: [GC (Allocation Failure) [PSYoungGen: 345958K->184976K(465920K)] 1028939K->869201K(1276416K), 0.0204421 secs] [Times: user=0.03 sys=0.00, real=0.02 secs] 
3070.115: [GC (Allocation Failure) [PSYoungGen: 417936K->183048K(465920K)] 1102161K->867555K(1276416K), 0.0202466 secs] [Times: user=0.02 sys=0.00, real=0.02 secs] 
3072.583: [GC (Allocation Failure) [PSYoungGen: 416008K->34176K(465920K)] 1100515K->718835K(1276416K), 0.0059778 secs] [Times: user=0.03 sys=0.00, real=0.01 secs] 
3073.569: [GC (Allocation Failure) [PSYoungGen: 267136K->127650K(465920K)] 951795K->812497K(1276416K), 0.0147818 secs] [Times: user=0.02 sys=0.00, real=0.01 secs] 
3073.901: [GC (Allocation Failure) [PSYoungGen: 360610K->184012K(465920K)] 1045457K->870112K(1276416K), 0.0204150 secs] [Times: user=0.02 sys=0.00, real=0.02 secs] 
3074.343: [GC (Allocation Failure) [PSYoungGen: 416972K->172672K(465920K)] 1103072K->859078K(1276416K), 0.0214605 secs] [Times: user=0.03 sys=0.00, real=0.02 secs] 
3077.352: [GC (Allocation Failure) [PSYoungGen: 405632K->32K(465920K)] 1092038K->687871K(1276416K), 0.0052925 secs] [Times: user=0.02 sys=0.00, real=0.00 secs] 
3078.364: [GC (Allocation Failure) [PSYoungGen: 232992K->141242K(465920K)] 920831K->829105K(1276416K), 0.0160872 secs] [Times: user=0.02 sys=0.00, real=0.02 secs] 
3078.648: [GC (Allocation Failure) [PSYoungGen: 374202K->184687K(465920K)] 1062065K->873804K(1276416K), 0.0204482 secs] [Times: user=0.03 sys=0.00, real=0.03 secs] 
3079.028: [GC (Allocation Failure) [PSYoungGen: 415333K->160310K(465920K)] 1104450K->849700K(1276416K), 0.0176566 secs] [Times: user=0.03 sys=0.00, real=0.02 secs] 
3080.559: [GC (Allocation Failure) [PSYoungGen: 393270K->32K(465920K)] 1082660K->690857K(1276416K), 0.0035923 secs] [Times: user=0.02 sys=0.00, real=0.00 secs] 
3081.149: [GC (Allocation Failure) [PSYoungGen: 232992K->154640K(465920K)] 923817K->845474K(1276416K), 0.0174923 secs] [Times: user=0.03 sys=0.00, real=0.01 secs] 
3081.432: [GC (Allocation Failure) [PSYoungGen: 387600K->184590K(465920K)] 1078434K->876677K(1276416K), 0.0206503 secs] [Times: user=0.02 sys=0.00, real=0.02 secs] 
3081.863: [GC (Allocation Failure) [PSYoungGen: 417550K->151200K(465920K)] 1109637K->843552K(1276416K), 0.0163792 secs] [Times: user=0.02 sys=0.00, real=0.02 secs] 
3083.461: [GC (Allocation Failure) [PSYoungGen: 384160K->128K(465920K)] 1076512K->693925K(1276416K), 0.0048972 secs] [Times: user=0.03 sys=0.00, real=0.00 secs] 
3084.019: [GC (Allocation Failure) [PSYoungGen: 233088K->170673K(465920K)] 926885K->864495K(1276416K), 0.0189149 secs] [Times: user=0.02 sys=0.00, real=0.02 secs] 
3084.359: [GC (Allocation Failure) [PSYoungGen: 403633K->184430K(465920K)] 1097455K->879513K(1276416K), 0.0204039 secs] [Times: user=0.03 sys=0.00, real=0.02 secs] 
3085.157: [GC (Allocation Failure) [PSYoungGen: 417390K->127199K(465920K)] 1112473K->822548K(1276416K), 0.0197317 secs] [Times: user=0.03 sys=0.00, real=0.02 secs] 
3087.259: [GC (Allocation Failure) [PSYoungGen: 360159K->128K(465920K)] 1055508K->696924K(1276416K), 0.0028965 secs] [Times: user=0.01 sys=0.00, real=0.00 secs] 
3088.037: [GC (Allocation Failure) [PSYoungGen: 233088K->183879K(465920K)] 929884K->880699K(1276416K), 0.0204109 secs] [Times: user=0.03 sys=0.00, real=0.02 secs] 
3088.331: [GC (Allocation Failure) [PSYoungGen: 416839K->184944K(465920K)] 1113659K->883018K(1276416K), 0.0206218 secs] [Times: user=0.02 sys=0.00, real=0.02 secs] 
3089.276: [GC (Allocation Failure) [PSYoungGen: 417904K->113367K(465920K)] 1115978K->811707K(1276416K), 0.0172777 secs] [Times: user=0.02 sys=0.00, real=0.02 secs] 
3090.933: [GC (Allocation Failure) [PSYoungGen: 346327K->15832K(465920K)] 1044667K->714487K(1276416K), 0.0043127 secs] [Times: user=0.02 sys=0.00, real=0.00 secs] 
3091.305: [GC (Allocation Failure) [PSYoungGen: 248792K->184173K(465920K)] 947447K->884081K(1276416K), 0.0203860 secs] [Times: user=0.03 sys=0.00, real=0.02 secs] 
3091.588: [GC (Allocation Failure) [PSYoungGen: 417133K->184526K(465920K)] 1117041K->884716K(1276416K), 0.0203925 secs] [Times: user=0.03 sys=0.00, real=0.02 secs] 
3093.873: [GC (Allocation Failure) [PSYoungGen: 417486K->106384K(465920K)] 1117676K->806967K(1276416K), 0.0191045 secs] [Times: user=0.04 sys=0.00, real=0.02 secs] 
3098.121: [GC (Allocation Failure) [PSYoungGen: 339344K->156594K(465920K)] 1039927K->864849K(1276416K), 0.0342051 secs] [Times: user=0.13 sys=0.00, real=0.03 secs] 
3098.505: [GC (Allocation Failure) [PSYoungGen: 389554K->183349K(465920K)] 1097809K->941089K(1276416K), 0.0678021 secs] [Times: user=0.32 sys=0.00, real=0.07 secs] 
3103.528: [GC (Allocation Failure) [PSYoungGen: 416309K->182166K(465920K)] 1174049K->1003573K(1289216K), 0.1081603 secs] [Times: user=0.54 sys=0.01, real=0.10 secs] 
3103.636: [Full GC (Ergonomics) [PSYoungGen: 182166K->0K(465920K)] [ParOldGen: 821407K->369499K(892928K)] 1003573K->369499K(1358848K), [Metaspace: 59633K->59633K(1105920K)], 0.5284294 secs] [Times: user=2.57 sys=0.00, real=0.53 secs] 
3110.242: [GC (Allocation Failure) [PSYoungGen: 232960K->215636K(465920K)] 602459K->585136K(1358848K), 0.0533694 secs] [Times: user=0.24 sys=0.00, real=0.05 secs] 
3111.987: [GC (Allocation Failure) [PSYoungGen: 448596K->89772K(465920K)] 818096K->528496K(1358848K), 0.0489938 secs] [Times: user=0.26 sys=0.00, real=0.05 secs] 
3112.379: [GC (Allocation Failure) [PSYoungGen: 322732K->177397K(465920K)] 761456K->645185K(1358848K), 0.0487563 secs] [Times: user=0.21 sys=0.01, real=0.04 secs] 
3112.576: [GC (Allocation Failure) [PSYoungGen: 410357K->184310K(465920K)] 878145K->707286K(1358848K), 0.0444606 secs] [Times: user=0.21 sys=0.00, real=0.05 secs] 
3115.760: [GC (GCLocker Initiated GC) [PSYoungGen: 417270K->175411K(465920K)] 940246K->754172K(1358848K), 0.0954334 secs] [Times: user=0.49 sys=0.00, real=0.09 secs] 
3117.109: [GC (Allocation Failure) [PSYoungGen: 408371K->131920K(465920K)] 987133K->777546K(1358848K), 0.0481651 secs] [Times: user=0.24 sys=0.00, real=0.04 secs] 
3118.481: [GC (Allocation Failure) [PSYoungGen: 364880K->137680K(465920K)] 1010506K->824962K(1358848K), 0.1007350 secs] [Times: user=0.55 sys=0.00, real=0.10 secs] 
3118.733: [GC (Allocation Failure) [PSYoungGen: 370640K->176501K(465920K)] 1057922K->907731K(1358848K), 0.0494462 secs] [Times: user=0.23 sys=0.00, real=0.05 secs] 
3119.274: [GC (Allocation Failure) [PSYoungGen: 409461K->184951K(465920K)] 1140691K->977845K(1358848K), 0.0684095 secs] [Times: user=0.34 sys=0.00, real=0.07 secs] 
3119.904: [GC (GCLocker Initiated GC) [PSYoungGen: 417911K->182388K(465920K)] 1210806K->1033988K(1358848K), 0.0847540 secs] [Times: user=0.43 sys=0.00, real=0.09 secs] 
3119.988: [Full GC (Ergonomics) [PSYoungGen: 182388K->0K(465920K)] [ParOldGen: 851599K->353154K(940032K)] 1033988K->353154K(1405952K), [Metaspace: 59866K->59866K(1105920K)], 0.5906583 secs] [Times: user=2.77 sys=0.00, real=0.59 secs] 
3121.529: [GC (Allocation Failure) [PSYoungGen: 232960K->87290K(465920K)] 586116K->440446K(1405952K), 0.0291137 secs] [Times: user=0.14 sys=0.01, real=0.03 secs] 
3121.683: [GC (Allocation Failure) [PSYoungGen: 320250K->177077K(465920K)] 673406K->558742K(1405952K), 0.0309761 secs] [Times: user=0.12 sys=0.00, real=0.03 secs] 
3121.831: [GC (Allocation Failure) [PSYoungGen: 410037K->183157K(465920K)] 791702K->619762K(1405952K), 0.0431681 secs] [Times: user=0.19 sys=0.00, real=0.04 secs] 
3121.987: [GC (Allocation Failure) [PSYoungGen: 416117K->187317K(465920K)] 852722K->679577K(1405952K), 0.0452485 secs] [Times: user=0.21 sys=0.00, real=0.05 secs] 
3123.101: [GC (Allocation Failure) [PSYoungGen: 420277K->146130K(465920K)] 912537K->708950K(1405952K), 0.0504565 secs] [Times: user=0.24 sys=0.01, real=0.05 secs] 
3123.416: [GC (Allocation Failure) [PSYoungGen: 379090K->120750K(465920K)] 941910K->730154K(1405952K), 0.0872715 secs] [Times: user=0.48 sys=0.00, real=0.09 secs] 
3123.681: [GC (Allocation Failure) [PSYoungGen: 353658K->178165K(465920K)] 963063K->826326K(1405952K), 0.0372800 secs] [Times: user=0.16 sys=0.00, real=0.04 secs] 
3123.866: [GC (Allocation Failure) [PSYoungGen: 411125K->184791K(465920K)] 1059286K->895344K(1405952K), 0.0589900 secs] [Times: user=0.28 sys=0.01, real=0.06 secs] 
3124.054: [GC (Allocation Failure) [PSYoungGen: 417751K->186805K(465920K)] 1128304K->956086K(1405952K), 0.0567621 secs] [Times: user=0.28 sys=0.00, real=0.06 secs] 
3125.678: [GC (Allocation Failure) [PSYoungGen: 419765K->97819K(465920K)] 1189046K->937737K(1405952K), 0.1357441 secs] [Times: user=0.75 sys=0.01, real=0.14 secs] 
3126.954: [GC (Allocation Failure) [PSYoungGen: 330779K->167156K(465920K)] 1170697K->1038610K(1405952K), 0.0508705 secs] [Times: user=0.22 sys=0.02, real=0.05 secs] 
3127.005: [Full GC (Ergonomics) [PSYoungGen: 167156K->0K(465920K)] [ParOldGen: 871454K->197359K(797696K)] 1038610K->197359K(1263616K), [Metaspace: 59875K->59875K(1105920K)], 0.2127771 secs] [Times: user=0.96 sys=0.00, real=0.21 secs] 
3127.357: [GC (Allocation Failure) [PSYoungGen: 232960K->184150K(465920K)] 430319K->381509K(1263616K), 0.0281451 secs] [Times: user=0.08 sys=0.00, real=0.03 secs] 
3128.623: [GC (Allocation Failure) [PSYoungGen: 417110K->174485K(465920K)] 614469K->435853K(1263616K), 0.0895957 secs] [Times: user=0.45 sys=0.00, real=0.09 secs] 
3130.548: [GC (Allocation Failure) [PSYoungGen: 407445K->168787K(465920K)] 668813K->485603K(1263616K), 0.0548340 secs] [Times: user=0.28 sys=0.00, real=0.06 secs] 
3130.830: [GC (Allocation Failure) [PSYoungGen: 401747K->104956K(465920K)] 718563K->486300K(1263616K), 0.0390087 secs] [Times: user=0.20 sys=0.00, real=0.04 secs] 
3130.988: [GC (Allocation Failure) [PSYoungGen: 334886K->178325K(465920K)] 716230K->593326K(1263616K), 0.0345813 secs] [Times: user=0.14 sys=0.00, real=0.03 secs] 
3131.166: [GC (Allocation Failure) [PSYoungGen: 411285K->192790K(465920K)] 826286K->663363K(1263616K), 0.0479778 secs] [Times: user=0.23 sys=0.00, real=0.05 secs] 
3131.340: [GC (Allocation Failure) [PSYoungGen: 425750K->187061K(465920K)] 896323K->713674K(1263616K), 0.0456067 secs] [Times: user=0.22 sys=0.00, real=0.04 secs] 
3132.770: [GC (Allocation Failure) [PSYoungGen: 420021K->91259K(465920K)] 946634K->688256K(1263616K), 0.0756729 secs] [Times: user=0.41 sys=0.00, real=0.07 secs] 
3134.918: [GC (Allocation Failure) [PSYoungGen: 324207K->164435K(465920K)] 921204K->792201K(1263616K), 0.0530389 secs] [Times: user=0.25 sys=0.00, real=0.05 secs] 
3135.107: [GC (Allocation Failure) [PSYoungGen: 397395K->184470K(465920K)] 1025161K->863439K(1263616K), 0.0416615 secs] [Times: user=0.19 sys=0.00, real=0.05 secs] 
3135.269: [GC (Allocation Failure) [PSYoungGen: 417430K->185399K(465920K)] 1096399K->928400K(1263616K), 0.0495394 secs] [Times: user=0.23 sys=0.00, real=0.05 secs] 
3135.318: [Full GC (Ergonomics) [PSYoungGen: 185399K->0K(465920K)] [ParOldGen: 743001K->321213K(933888K)] 928400K->321213K(1399808K), [Metaspace: 59885K->59885K(1105920K)], 0.4779715 secs] [Times: user=2.26 sys=0.00, real=0.47 secs] 
3135.909: [GC (Allocation Failure) [PSYoungGen: 232960K->182772K(465920K)] 554173K->503985K(1399808K), 0.0290727 secs] [Times: user=0.11 sys=0.00, real=0.03 secs] 
3137.694: [GC (Allocation Failure) [PSYoungGen: 415732K->88922K(465920K)] 736945K->479331K(1399808K), 0.0647128 secs] [Times: user=0.34 sys=0.00, real=0.07 secs] 
3137.938: [GC (Allocation Failure) [PSYoungGen: 321882K->177429K(465920K)] 712291K->596179K(1399808K), 0.0333141 secs] [Times: user=0.14 sys=0.00, real=0.04 secs] 
3138.102: [GC (Allocation Failure) [PSYoungGen: 410389K->184630K(465920K)] 829139K->658864K(1399808K), 0.0431694 secs] [Times: user=0.20 sys=0.00, real=0.04 secs] 
3138.260: [GC (Allocation Failure) [PSYoungGen: 417590K->187189K(465920K)] 891824K->717299K(1399808K), 0.0453855 secs] [Times: user=0.21 sys=0.00, real=0.04 secs] 
3139.266: [GC (Allocation Failure) [PSYoungGen: 420149K->105036K(465920K)] 950259K->705783K(1399808K), 0.0459774 secs] [Times: user=0.23 sys=0.00, real=0.05 secs] 
3139.457: [GC (Allocation Failure) [PSYoungGen: 337996K->165876K(465920K)] 938743K->801419K(1399808K), 0.0491681 secs] [Times: user=0.24 sys=0.00, real=0.05 secs] 
3139.633: [GC (Allocation Failure) [PSYoungGen: 398836K->183861K(465920K)] 1034379K->871361K(1399808K), 0.0419554 secs] [Times: user=0.18 sys=0.00, real=0.04 secs] 
3139.823: [GC (Allocation Failure) [PSYoungGen: 416821K->186199K(465920K)] 1104321K->938038K(1399808K), 0.0547920 secs] [Times: user=0.27 sys=0.00, real=0.06 secs] 
3140.004: [GC (Allocation Failure) [PSYoungGen: 419159K->186805K(465920K)] 1170998K->997868K(1399808K), 0.0547973 secs] [Times: user=0.27 sys=0.01, real=0.06 secs] 
3142.035: [GC (Allocation Failure) [PSYoungGen: 419765K->80585K(465920K)] 1230828K->962068K(1399808K), 0.1255802 secs] [Times: user=0.60 sys=0.08, real=0.13 secs] 
3142.160: [Full GC (Ergonomics) [PSYoungGen: 80585K->0K(465920K)] [ParOldGen: 881483K->95133K(722432K)] 962068K->95133K(1188352K), [Metaspace: 59890K->59890K(1105920K)], 0.1492229 secs] [Times: user=0.62 sys=0.01, real=0.15 secs] 
3142.464: [GC (Allocation Failure) [PSYoungGen: 232960K->182838K(465920K)] 328093K->277971K(1188352K), 0.0269466 secs] [Times: user=0.10 sys=0.00, real=0.03 secs] 
3142.610: [GC (Allocation Failure) [PSYoungGen: 415798K->184726K(465920K)] 510931K->336483K(1188352K), 0.0414521 secs] [Times: user=0.19 sys=0.00, real=0.04 secs] 
3142.770: [GC (Allocation Failure) [PSYoungGen: 417686K->186805K(465920K)] 569443K->394642K(1188352K), 0.0453946 secs] [Times: user=0.21 sys=0.00, real=0.04 secs] 
3143.849: [GC (Allocation Failure) [PSYoungGen: 419765K->106237K(465920K)] 627602K->384670K(1188352K), 0.0452403 secs] [Times: user=0.23 sys=0.00, real=0.04 secs] 
3144.094: [GC (Allocation Failure) [PSYoungGen: 339197K->161459K(465920K)] 617630K->474872K(1188352K), 0.0709923 secs] [Times: user=0.35 sys=0.00, real=0.07 secs] 
3144.299: [GC (Allocation Failure) [PSYoungGen: 394419K->184566K(465920K)] 707832K->547918K(1188352K), 0.0410090 secs] [Times: user=0.18 sys=0.00, real=0.04 secs] 
3145.554: [GC (Allocation Failure) [PSYoungGen: 417526K->180534K(465920K)] 780878K->608031K(1188352K), 0.0679318 secs] [Times: user=0.34 sys=0.00, real=0.07 secs] 
3146.034: [GC (Allocation Failure) [PSYoungGen: 413494K->186261K(465920K)] 840991K->670838K(1188352K), 0.0557221 secs] [Times: user=0.28 sys=0.00, real=0.06 secs] 
3147.049: [GC (GCLocker Initiated GC) [PSYoungGen: 419221K->89818K(465920K)] 903800K->644717K(1188352K), 0.0546513 secs] [Times: user=0.28 sys=0.01, real=0.05 secs] 
3147.351: [GC (Allocation Failure) [PSYoungGen: 322778K->178997K(465920K)] 877844K->762607K(1188352K), 0.0349662 secs] [Times: user=0.15 sys=0.00, real=0.03 secs] 
3147.501: [GC (Allocation Failure) [PSYoungGen: 411957K->184918K(465920K)] 995567K->824372K(1188352K), 0.0435357 secs] [Times: user=0.19 sys=0.00, real=0.04 secs] 
3147.545: [Full GC (Ergonomics) [PSYoungGen: 184918K->0K(465920K)] [ParOldGen: 639453K->280921K(923648K)] 824372K->280921K(1389568K), [Metaspace: 59893K->59893K(1105920K)], 0.3938730 secs] [Times: user=1.82 sys=0.00, real=0.40 secs] 
3148.211: [GC (Allocation Failure) [PSYoungGen: 232960K->182164K(465920K)] 513881K->463086K(1389568K), 0.0374020 secs] [Times: user=0.16 sys=0.00, real=0.04 secs] 
3149.204: [GC (Allocation Failure) [PSYoungGen: 415124K->115182K(465920K)] 696046K->464943K(1389568K), 0.0480147 secs] [Times: user=0.24 sys=0.00, real=0.05 secs] 
3149.414: [GC (Allocation Failure) [PSYoungGen: 348142K->156818K(465920K)] 697903K->544073K(1389568K), 0.0751944 secs] [Times: user=0.39 sys=0.00, real=0.08 secs] 
3149.653: [GC (Allocation Failure) [PSYoungGen: 389778K->183605K(465920K)] 777033K->619808K(1389568K), 0.0409431 secs] [Times: user=0.18 sys=0.00, real=0.04 secs] 
3149.808: [GC (Allocation Failure) [PSYoungGen: 416565K->180438K(465920K)] 852768K->680837K(1389568K), 0.0487585 secs] [Times: user=0.22 sys=0.00, real=0.04 secs] 
3149.972: [GC (Allocation Failure) [PSYoungGen: 413398K->186773K(465920K)] 913797K->744908K(1389568K), 0.0565770 secs] [Times: user=0.28 sys=0.00, real=0.06 secs] 
3152.061: [GC (Allocation Failure) [PSYoungGen: 419733K->95467K(465920K)] 977868K->724090K(1389568K), 0.1088340 secs] [Times: user=0.59 sys=0.00, real=0.11 secs] 
3152.401: [GC (Allocation Failure) [PSYoungGen: 328427K->180341K(465920K)] 957050K->839733K(1389568K), 0.0335682 secs] [Times: user=0.14 sys=0.00, real=0.03 secs] 
3152.681: [GC (Allocation Failure) [PSYoungGen: 413301K->182485K(465920K)] 1072693K->897965K(1389568K), 0.0603937 secs] [Times: user=0.28 sys=0.00, real=0.06 secs] 
3153.950: [GC (Allocation Failure) [PSYoungGen: 415445K->173331K(465920K)] 1130925K->944075K(1389568K), 0.0762690 secs] [Times: user=0.33 sys=0.05, real=0.07 secs] 
3155.475: [GC (Allocation Failure) [PSYoungGen: 406291K->124303K(465920K)] 1177035K->961103K(1389568K), 0.0544658 secs] [Times: user=0.22 sys=0.06, real=0.06 secs] 
3155.529: [Full GC (Ergonomics) [PSYoungGen: 124303K->0K(465920K)] [ParOldGen: 836799K->339240K(1011712K)] 961103K->339240K(1477632K), [Metaspace: 59899K->59899K(1105920K)], 0.5784757 secs] [Times: user=2.54 sys=0.00, real=0.57 secs] 
3156.248: [GC (Allocation Failure) [PSYoungGen: 232707K->141489K(465920K)] 571948K->480729K(1477632K), 0.0201245 secs] [Times: user=0.07 sys=0.01, real=0.02 secs] 
3156.385: [GC (Allocation Failure) [PSYoungGen: 374449K->178037K(465920K)] 713689K->562190K(1477632K), 0.0384428 secs] [Times: user=0.17 sys=0.00, real=0.04 secs] 
3156.543: [GC (Allocation Failure) [PSYoungGen: 410997K->185527K(465920K)] 795150K->632116K(1477632K), 0.0491951 secs] [Times: user=0.23 sys=0.00, real=0.05 secs] 
3156.707: [GC (Allocation Failure) [PSYoungGen: 418487K->186965K(465920K)] 865076K->692570K(1477632K), 0.0580314 secs] [Times: user=0.28 sys=0.00, real=0.06 secs] 
3157.754: [GC (GCLocker Initiated GC) [PSYoungGen: 419925K->90730K(465920K)] 925530K->666764K(1477632K), 0.0559159 secs] [Times: user=0.29 sys=0.01, real=0.06 secs] 
3158.045: [GC (Allocation Failure) [PSYoungGen: 323690K->178069K(465920K)] 899855K->783458K(1477632K), 0.0410973 secs] [Times: user=0.16 sys=0.00, real=0.04 secs] 
3158.206: [GC (Allocation Failure) [PSYoungGen: 411029K->184790K(465920K)] 1016418K->845634K(1477632K), 0.0433027 secs] [Times: user=0.20 sys=0.00, real=0.05 secs] 
3158.372: [GC (Allocation Failure) [PSYoungGen: 417750K->185525K(465920K)] 1078594K->902249K(1477632K), 0.0455212 secs] [Times: user=0.21 sys=0.00, real=0.04 secs] 
3159.346: [GC (Allocation Failure) [PSYoungGen: 418485K->131152K(465920K)] 1135209K->917860K(1477632K), 0.0489318 secs] [Times: user=0.24 sys=0.00, real=0.05 secs] 
3160.827: [GC (Allocation Failure) [PSYoungGen: 364112K->136992K(465920K)] 1150820K->965289K(1477632K), 0.0907540 secs] [Times: user=0.49 sys=0.00, real=0.09 secs] 
3161.101: [GC (Allocation Failure) [PSYoungGen: 369952K->175124K(465920K)] 1198249K->1047221K(1477632K), 0.0546497 secs] [Times: user=0.23 sys=0.03, real=0.05 secs] 
3161.646: [GC (Allocation Failure) [PSYoungGen: 408084K->184983K(465920K)] 1280181K->1118151K(1477632K), 0.0728424 secs] [Times: user=0.29 sys=0.08, real=0.08 secs] 
3161.718: [Full GC (Ergonomics) [PSYoungGen: 184983K->0K(465920K)] [ParOldGen: 933168K->305892K(1004544K)] 1118151K->305892K(1470464K), [Metaspace: 59911K->59911K(1105920K)], 0.4453395 secs] [Times: user=2.10 sys=0.00, real=0.44 secs] 
3162.489: [GC (Allocation Failure) [PSYoungGen: 232960K->182324K(465920K)] 538852K->488217K(1470464K), 0.0406156 secs] [Times: user=0.17 sys=0.00, real=0.04 secs] 
3163.495: [GC (Allocation Failure) [PSYoungGen: 415284K->95963K(465920K)] 721177K->470952K(1470464K), 0.0572775 secs] [Times: user=0.30 sys=0.00, real=0.06 secs] 
3163.697: [GC (Allocation Failure) [PSYoungGen: 328923K->177973K(465920K)] 703912K->583875K(1470464K), 0.0321954 secs] [Times: user=0.13 sys=0.00, real=0.04 secs] 
3163.857: [GC (Allocation Failure) [PSYoungGen: 410933K->178197K(465920K)] 816835K->639590K(1470464K), 0.0425782 secs] [Times: user=0.19 sys=0.00, real=0.05 secs] 
3164.033: [GC (Allocation Failure) [PSYoungGen: 411157K->186453K(465920K)] 872550K->701735K(1470464K), 0.0518220 secs] [Times: user=0.23 sys=0.01, real=0.05 secs] 
3165.170: [GC (Allocation Failure) [PSYoungGen: 419413K->143633K(465920K)] 934695K->729155K(1470464K), 0.0497973 secs] [Times: user=0.25 sys=0.00, real=0.05 secs] 
3165.440: [GC (GCLocker Initiated GC) [PSYoungGen: 376593K->129967K(465920K)] 962116K->761089K(1470464K), 0.0748674 secs] [Times: user=0.41 sys=0.00, real=0.07 secs] 
3165.664: [GC (Allocation Failure) [PSYoungGen: 362927K->180500K(465920K)] 994180K->853030K(1470464K), 0.0492022 secs] [Times: user=0.22 sys=0.01, real=0.05 secs] 
3165.855: [GC (Allocation Failure) [PSYoungGen: 413460K->185591K(465920K)] 1085990K->919417K(1470464K), 0.0498461 secs] [Times: user=0.23 sys=0.00, real=0.05 secs] 
3166.019: [GC (Allocation Failure) [PSYoungGen: 418551K->186837K(465920K)] 1152377K->979455K(1470464K), 0.0588412 secs] [Times: user=0.30 sys=0.00, real=0.05 secs] 
3167.226: [GC (Allocation Failure) [PSYoungGen: 419797K->95211K(465920K)] 1212415K->958261K(1470464K), 0.0755181 secs] [Times: user=0.41 sys=0.00, real=0.08 secs] 
3168.338: [GC (Allocation Failure) [PSYoungGen: 328171K->175573K(465920K)] 1191221K->1068756K(1470464K), 0.0459389 secs] [Times: user=0.18 sys=0.00, real=0.04 secs] 
3168.536: [GC (Allocation Failure) [PSYoungGen: 408533K->184950K(465920K)] 1301716K->1133313K(1470464K), 0.0632087 secs] [Times: user=0.28 sys=0.03, real=0.07 secs] 
3168.599: [Full GC (Ergonomics) [PSYoungGen: 184950K->0K(465920K)] [ParOldGen: 948363K->269391K(994816K)] 1133313K->269391K(1460736K), [Metaspace: 59915K->59915K(1105920K)], 0.3524919 secs] [Times: user=1.64 sys=0.00, real=0.35 secs] 
3169.062: [GC (Allocation Failure) [PSYoungGen: 232960K->187093K(465920K)] 502351K->456484K(1460736K), 0.0356064 secs] [Times: user=0.15 sys=0.00, real=0.04 secs] 
3169.969: [GC (Allocation Failure) [PSYoungGen: 420053K->145714K(465920K)] 689444K->485653K(1460736K), 0.0534251 secs] [Times: user=0.26 sys=0.00, real=0.05 secs] 
3170.291: [GC (Allocation Failure) [PSYoungGen: 378674K->123278K(465920K)] 718613K->509474K(1460736K), 0.0972088 secs] [Times: user=0.53 sys=0.00, real=0.10 secs] 
3171.233: [GC (GCLocker Initiated GC) [PSYoungGen: 356238K->175284K(465920K)] 742435K->600961K(1460736K), 0.0677941 secs] [Times: user=0.32 sys=0.00, real=0.07 secs] 
3171.475: [GC (Allocation Failure) [PSYoungGen: 408244K->184983K(465920K)] 834215K->672370K(1460736K), 0.0490651 secs] [Times: user=0.23 sys=0.00, real=0.05 secs] 
3171.859: [GC (Allocation Failure) [PSYoungGen: 417943K->186485K(465920K)] 905330K->732672K(1460736K), 0.0612947 secs] [Times: user=0.30 sys=0.00, real=0.06 secs] 
3172.889: [GC (Allocation Failure) [PSYoungGen: 419445K->93915K(465920K)] 965632K->710438K(1460736K), 0.0449054 secs] [Times: user=0.23 sys=0.00, real=0.04 secs] 
3173.062: [GC (GCLocker Initiated GC) [PSYoungGen: 326875K->169876K(465920K)] 943398K->817408K(1460736K), 0.0373220 secs] [Times: user=0.15 sys=0.01, real=0.04 secs] 
3173.215: [GC (Allocation Failure) [PSYoungGen: 402836K->181525K(465920K)] 1050370K->881995K(1460736K), 0.0428537 secs] [Times: user=0.19 sys=0.00, real=0.05 secs] 
3173.373: [GC (Allocation Failure) [PSYoungGen: 408170K->177846K(465920K)] 1108640K->941864K(1460736K), 0.0488199 secs] [Times: user=0.23 sys=0.00, real=0.05 secs] 
3174.270: [GC (Allocation Failure) [PSYoungGen: 410806K->168563K(463872K)] 1174824K->989157K(1458688K), 0.0565225 secs] [Times: user=0.28 sys=0.00, real=0.05 secs] 
3176.647: [GC (GCLocker Initiated GC) [PSYoungGen: 401523K->97579K(464896K)] 1222117K->982758K(1459712K), 0.0871435 secs] [Times: user=0.47 sys=0.00, real=0.09 secs] 
3176.927: [GC (Allocation Failure) [PSYoungGen: 330539K->180886K(465920K)] 1215721K->1097868K(1460736K), 0.0353056 secs] [Times: user=0.14 sys=0.00, real=0.04 secs] 
3176.962: [Full GC (Ergonomics) [PSYoungGen: 180886K->0K(465920K)] [ParOldGen: 916982K->230219K(988160K)] 1097868K->230219K(1454080K), [Metaspace: 59930K->59930K(1105920K)], 0.2630908 secs] [Times: user=1.20 sys=0.00, real=0.26 secs] 
3177.347: [GC (Allocation Failure) [PSYoungGen: 232960K->184886K(465920K)] 463179K->415105K(1454080K), 0.0264265 secs] [Times: user=0.10 sys=0.00, real=0.03 secs] 
3177.488: [GC (Allocation Failure) [PSYoungGen: 417846K->186773K(465920K)] 648065K->473008K(1454080K), 0.0448344 secs] [Times: user=0.21 sys=0.00, real=0.04 secs] 
3178.461: [GC (Allocation Failure) [PSYoungGen: 419733K->97019K(465920K)] 705968K->453703K(1454080K), 0.0436854 secs] [Times: user=0.23 sys=0.00, real=0.04 secs] 
3178.631: [GC (Allocation Failure) [PSYoungGen: 329979K->171092K(465920K)] 686663K->559945K(1454080K), 0.0404309 secs] [Times: user=0.18 sys=0.00, real=0.04 secs] 
3178.815: [GC (Allocation Failure) [PSYoungGen: 404052K->184342K(465920K)] 792905K->626486K(1454080K), 0.0467941 secs] [Times: user=0.22 sys=0.00, real=0.05 secs] 
3179.003: [GC (Allocation Failure) [PSYoungGen: 417302K->185655K(465920K)] 859446K->700191K(1454080K), 0.0492382 secs] [Times: user=0.23 sys=0.00, real=0.05 secs] 
3180.092: [GC (Allocation Failure) [PSYoungGen: 418615K->213076K(465920K)] 933151K->786540K(1454080K), 0.0533230 secs] [Times: user=0.26 sys=0.00, real=0.05 secs] 
3180.825: [GC (GCLocker Initiated GC) [PSYoungGen: 446036K->90666K(465920K)] 1019500K->730803K(1454080K), 0.0397827 secs] [Times: user=0.20 sys=0.01, real=0.04 secs] 
3181.036: [GC (GCLocker Initiated GC) [PSYoungGen: 323626K->182102K(465920K)] 963766K->851238K(1454080K), 0.0476980 secs] [Times: user=0.21 sys=0.00, real=0.05 secs] 
3181.227: [GC (Allocation Failure) [PSYoungGen: 415062K->184694K(465920K)] 1084236K->911093K(1454080K), 0.0438178 secs] [Times: user=0.19 sys=0.00, real=0.05 secs] 
3181.409: [GC (Allocation Failure) [PSYoungGen: 417654K->186677K(465920K)] 1144053K->969048K(1454080K), 0.0504217 secs] [Times: user=0.24 sys=0.00, real=0.05 secs] 
3182.418: [GC (Allocation Failure) [PSYoungGen: 419637K->97547K(465920K)] 1202008K->950326K(1454080K), 0.0552943 secs] [Times: user=0.29 sys=0.00, real=0.05 secs] 
3184.371: [GC (Allocation Failure) [PSYoungGen: 330507K->159187K(465920K)] 1183286K->1043426K(1454080K), 0.0636894 secs] [Times: user=0.32 sys=0.00, real=0.06 secs] 
3184.633: [GC (Allocation Failure) [PSYoungGen: 392147K->183925K(465920K)] 1276386K->1118373K(1454080K), 0.0545848 secs] [Times: user=0.26 sys=0.00, real=0.05 secs] 
3184.688: [Full GC (Ergonomics) [PSYoungGen: 183925K->0K(465920K)] [ParOldGen: 934448K->254578K(1043456K)] 1118373K->254578K(1509376K), [Metaspace: 59942K->59942K(1105920K)], 0.3143085 secs] [Times: user=1.46 sys=0.00, real=0.32 secs] 
3185.120: [GC (GCLocker Initiated GC) [PSYoungGen: 232960K->183382K(465920K)] 487540K->437963K(1509376K), 0.0882702 secs] [Times: user=0.46 sys=0.01, real=0.09 secs] 
3185.326: [GC (Allocation Failure) [PSYoungGen: 416342K->202741K(465920K)] 671053K->515600K(1509376K), 0.0554394 secs] [Times: user=0.27 sys=0.00, real=0.06 secs] 
3186.310: [GC (Allocation Failure) [PSYoungGen: 435701K->92027K(465920K)] 748560K->475197K(1509376K), 0.0574972 secs] [Times: user=0.31 sys=0.00, real=0.05 secs] 
3186.512: [GC (Allocation Failure) [PSYoungGen: 324987K->182422K(465920K)] 708157K->595333K(1509376K), 0.0338123 secs] [Times: user=0.14 sys=0.00, real=0.03 secs] 
3186.882: [GC (GCLocker Initiated GC) [PSYoungGen: 415382K->182901K(465920K)] 828294K->652454K(1509376K), 0.0580252 secs] [Times: user=0.27 sys=0.00, real=0.06 secs] 
3187.060: [GC (Allocation Failure) [PSYoungGen: 415861K->186069K(465920K)] 885453K->711068K(1509376K), 0.0453580 secs] [Times: user=0.21 sys=0.00, real=0.04 secs] 
3188.082: [GC (Allocation Failure) [PSYoungGen: 419029K->105004K(465920K)] 944028K->700252K(1509376K), 0.0457016 secs] [Times: user=0.23 sys=0.00, real=0.05 secs] 
3188.264: [GC (Allocation Failure) [PSYoungGen: 337964K->163795K(465920K)] 933212K->793703K(1509376K), 0.0470523 secs] [Times: user=0.22 sys=0.00, real=0.05 secs] 
3188.480: [GC (Allocation Failure) [PSYoungGen: 396755K->181109K(465920K)] 1026663K->861941K(1509376K), 0.0520247 secs] [Times: user=0.24 sys=0.00, real=0.05 secs] 
3188.651: [GC (GCLocker Initiated GC) [PSYoungGen: 414069K->184823K(465920K)] 1094903K->928808K(1509376K), 0.0493827 secs] [Times: user=0.22 sys=0.00, real=0.05 secs] 
3189.271: [GC (Allocation Failure) [PSYoungGen: 417783K->185877K(465920K)] 1161771K->988369K(1509376K), 0.0558574 secs] [Times: user=0.28 sys=0.00, real=0.05 secs] 
3190.891: [GC (Allocation Failure) [PSYoungGen: 418837K->85098K(465920K)] 1221329K->957830K(1509376K), 0.1187091 secs] [Times: user=0.65 sys=0.01, real=0.12 secs] 
3191.222: [GC (Allocation Failure) [PSYoungGen: 318058K->179445K(465920K)] 1190790K->1081107K(1509376K), 0.0338523 secs] [Times: user=0.13 sys=0.00, real=0.03 secs] 
3191.375: [GC (Allocation Failure) [PSYoungGen: 412405K->184662K(465920K)] 1314067K->1142036K(1509376K), 0.0460271 secs] [Times: user=0.21 sys=0.01, real=0.05 secs] 
3191.421: [Full GC (Ergonomics) [PSYoungGen: 184662K->0K(465920K)] [ParOldGen: 957373K->282194K(1100800K)] 1142036K->282194K(1566720K), [Metaspace: 59944K->59944K(1105920K)], 0.3824485 secs] [Times: user=1.79 sys=0.00, real=0.38 secs] 
3191.919: [GC (Allocation Failure) [PSYoungGen: 232960K->186773K(465920K)] 515154K->468967K(1566720K), 0.0352447 secs] [Times: user=0.15 sys=0.00, real=0.03 secs] 
3192.920: [GC (Allocation Failure) [PSYoungGen: 419733K->111485K(465920K)] 701927K->464188K(1566720K), 0.0488802 secs] [Times: user=0.24 sys=0.01, real=0.05 secs] 
3193.263: [GC (GCLocker Initiated GC) [PSYoungGen: 344445K->155218K(465920K)] 697148K->544461K(1566720K), 0.0463205 secs] [Times: user=0.22 sys=0.00, real=0.05 secs] 
3193.427: [GC (Allocation Failure) [PSYoungGen: 388178K->208982K(465920K)] 777423K->646267K(1566720K), 0.0416543 secs] [Times: user=0.19 sys=0.00, real=0.05 secs] 
3194.819: [GC (Allocation Failure) [PSYoungGen: 441942K->181046K(465920K)] 879227K->690811K(1566720K), 0.0796483 secs] [Times: user=0.39 sys=0.00, real=0.08 secs] 
3195.307: [GC (Allocation Failure) [PSYoungGen: 414006K->186229K(465920K)] 923771K->753202K(1566720K), 0.0690933 secs] [Times: user=0.36 sys=0.00, real=0.07 secs] 
3196.392: [GC (Allocation Failure) [PSYoungGen: 419189K->91002K(465920K)] 986162K->728264K(1566720K), 0.0423034 secs] [Times: user=0.22 sys=0.00, real=0.04 secs] 
3196.580: [GC (Allocation Failure) [PSYoungGen: 323962K->178197K(465920K)] 961224K->845187K(1566720K), 0.0335723 secs] [Times: user=0.14 sys=0.00, real=0.03 secs] 
3196.759: [GC (Allocation Failure) [PSYoungGen: 411157K->180597K(465920K)] 1078147K->903154K(1566720K), 0.0615340 secs] [Times: user=0.29 sys=0.00, real=0.06 secs] 
3196.995: [GC (Allocation Failure) [PSYoungGen: 413557K->186709K(465920K)] 1136114K->963794K(1566720K), 0.0459171 secs] [Times: user=0.22 sys=0.00, real=0.05 secs] 
3198.047: [GC (Allocation Failure) [PSYoungGen: 419669K->119742K(465920K)] 1196754K->967260K(1566720K), 0.0475033 secs] [Times: user=0.24 sys=0.00, real=0.05 secs] 
3198.591: [GC (Allocation Failure) [PSYoungGen: 352702K->145041K(465920K)] 1200220K->1030739K(1566720K), 0.0616304 secs] [Times: user=0.31 sys=0.00, real=0.06 secs] 
3198.775: [GC (Allocation Failure) [PSYoungGen: 378001K->183925K(465920K)] 1263699K->1115792K(1566720K), 0.0406611 secs] [Times: user=0.17 sys=0.00, real=0.04 secs] 
3198.990: [GC (Allocation Failure) [PSYoungGen: 416885K->185847K(465920K)] 1348752K->1181537K(1566720K), 0.0822786 secs] [Times: user=0.38 sys=0.04, real=0.08 secs] 
3199.271: [GC (Allocation Failure) [PSYoungGen: 418807K->186677K(465920K)] 1414497K->1241271K(1566720K), 0.0719226 secs] [Times: user=0.35 sys=0.01, real=0.07 secs] 
3199.343: [Full GC (Ergonomics) [PSYoungGen: 186677K->0K(465920K)] [ParOldGen: 1054594K->363539K(1209344K)] 1241271K->363539K(1675264K), [Metaspace: 59947K->59947K(1105920K)], 0.5950995 secs] [Times: user=2.80 sys=0.00, real=0.60 secs] 
3201.456: [GC (GCLocker Initiated GC) [PSYoungGen: 232960K->91066K(465920K)] 596499K->454606K(1675264K), 0.0670397 secs] [Times: user=0.33 sys=0.00, real=0.07 secs] 
3201.973: [GC (Allocation Failure) [PSYoungGen: 324026K->177813K(465920K)] 687732K->571188K(1675264K), 0.0390280 secs] [Times: user=0.17 sys=0.00, real=0.04 secs] 
3202.129: [GC (Allocation Failure) [PSYoungGen: 410773K->184438K(465920K)] 804148K->632868K(1675264K), 0.0428726 secs] [Times: user=0.20 sys=0.00, real=0.04 secs] 
3202.285: [GC (Allocation Failure) [PSYoungGen: 417398K->186677K(465920K)] 865828K->691076K(1675264K), 0.0451954 secs] [Times: user=0.21 sys=0.00, real=0.05 secs] 
3203.406: [GC (Allocation Failure) [PSYoungGen: 419637K->121135K(465920K)] 924036K->695782K(1675264K), 0.0466002 secs] [Times: user=0.24 sys=0.00, real=0.05 secs] 
3203.658: [GC (Allocation Failure) [PSYoungGen: 354095K->144113K(465920K)] 928742K->757320K(1675264K), 0.0736726 secs] [Times: user=0.39 sys=0.00, real=0.07 secs] 
3203.946: [GC (Allocation Failure) [PSYoungGen: 377073K->182901K(465920K)] 990280K->841517K(1675264K), 0.0392197 secs] [Times: user=0.17 sys=0.00, real=0.04 secs] 
3204.130: [GC (GCLocker Initiated GC) [PSYoungGen: 415861K->183990K(465920K)] 1074478K->906168K(1675264K), 0.0490539 secs] [Times: user=0.23 sys=0.00, real=0.05 secs] 
3205.786: [GC (Allocation Failure) [PSYoungGen: 416950K->195028K(465920K)] 1139165K->975418K(1675264K), 0.1014520 secs] [Times: user=0.53 sys=0.01, real=0.11 secs] 
3206.900: [GC (Allocation Failure) [PSYoungGen: 427988K->92491K(465920K)] 1208378K->940609K(1675264K), 0.0585830 secs] [Times: user=0.31 sys=0.01, real=0.06 secs] 
3207.159: [GC (Allocation Failure) [PSYoungGen: 325451K->183445K(465920K)] 1173569K->1060904K(1675264K), 0.0464262 secs] [Times: user=0.20 sys=0.00, real=0.04 secs] 
3207.417: [GC (Allocation Failure) [PSYoungGen: 416405K->181589K(465920K)] 1293864K->1114229K(1675264K), 0.0578235 secs] [Times: user=0.28 sys=0.00, real=0.06 secs] 
3207.597: [GC (Allocation Failure) [PSYoungGen: 414505K->186933K(465920K)] 1347145K->1174708K(1675264K), 0.0449474 secs] [Times: user=0.21 sys=0.00, real=0.05 secs] 
3208.639: [GC (Allocation Failure) [PSYoungGen: 419893K->138961K(465920K)] 1407668K->1197212K(1675264K), 0.0505400 secs] [Times: user=0.25 sys=0.00, real=0.05 secs] 
3209.893: [GC (Allocation Failure) [PSYoungGen: 371921K->129151K(465920K)] 1430172K->1231543K(1675264K), 0.1073250 secs] [Times: user=0.43 sys=0.16, real=0.11 secs] 
3210.167: [GC (Allocation Failure) [PSYoungGen: 362111K->177429K(465920K)] 1464503K->1321297K(1675264K), 0.0452490 secs] [Times: user=0.15 sys=0.05, real=0.05 secs] 
3210.212: [Full GC (Ergonomics) [PSYoungGen: 177429K->0K(465920K)] [ParOldGen: 1143868K->237017K(1115648K)] 1321297K->237017K(1581568K), [Metaspace: 59955K->59955K(1105920K)], 0.2872322 secs] [Times: user=1.31 sys=0.00, real=0.29 secs] 
3210.630: [GC (Allocation Failure) [PSYoungGen: 232960K->185495K(465920K)] 469977K->422512K(1581568K), 0.0867861 secs] [Times: user=0.45 sys=0.00, real=0.08 secs] 
3211.520: [GC (Allocation Failure) [PSYoungGen: 418455K->182580K(465920K)] 655472K->478614K(1581568K), 0.0740852 secs] [Times: user=0.38 sys=0.00, real=0.07 secs] 
3213.105: [GC (Allocation Failure) [PSYoungGen: 415540K->95163K(465920K)] 711574K->460333K(1581568K), 0.0441895 secs] [Times: user=0.23 sys=0.00, real=0.05 secs] 
3213.407: [GC (Allocation Failure) [PSYoungGen: 328123K->177141K(465920K)] 693293K->572715K(1581568K), 0.0434440 secs] [Times: user=0.18 sys=0.00, real=0.05 secs] 
3213.592: [GC (Allocation Failure) [PSYoungGen: 410101K->184758K(465920K)] 805675K->635639K(1581568K), 0.0429664 secs] [Times: user=0.20 sys=0.00, real=0.04 secs] 
3213.957: [GC (Allocation Failure) [PSYoungGen: 417718K->182548K(465920K)] 868599K->689454K(1581568K), 0.0745123 secs] [Times: user=0.37 sys=0.00, real=0.08 secs] 
3214.964: [GC (Allocation Failure) [PSYoungGen: 415508K->148082K(465920K)] 922414K->724104K(1581568K), 0.0506454 secs] [Times: user=0.25 sys=0.00, real=0.05 secs] 
3215.221: [GC (Allocation Failure) [PSYoungGen: 381042K->126767K(465920K)] 957064K->749877K(1581568K), 0.0752935 secs] [Times: user=0.40 sys=0.00, real=0.07 secs] 
3215.442: [GC (Allocation Failure) [PSYoungGen: 359727K->180884K(465920K)] 982837K->844367K(1581568K), 0.0499937 secs] [Times: user=0.23 sys=0.00, real=0.05 secs] 
3215.678: [GC (Allocation Failure) [PSYoungGen: 413844K->184951K(465920K)] 1077327K->909269K(1581568K), 0.0657203 secs] [Times: user=0.32 sys=0.00, real=0.07 secs] 
3215.873: [GC (Allocation Failure) [PSYoungGen: 417911K->183956K(465920K)] 1142229K->967083K(1581568K), 0.0616661 secs] [Times: user=0.31 sys=0.00, real=0.06 secs] 
3217.470: [GC (Allocation Failure) [PSYoungGen: 416916K->96715K(465920K)] 1200043K->949298K(1581568K), 0.1168855 secs] [Times: user=0.64 sys=0.00, real=0.11 secs] 
3218.619: [GC (Allocation Failure) [PSYoungGen: 329675K->169876K(465920K)] 1182258K->1053652K(1581568K), 0.0466966 secs] [Times: user=0.21 sys=0.00, real=0.04 secs] 
3218.839: [GC (Allocation Failure) [PSYoungGen: 402836K->184918K(465920K)] 1286612K->1121637K(1581568K), 0.0592102 secs] [Times: user=0.28 sys=0.01, real=0.06 secs] 
3219.057: [GC (Allocation Failure) [PSYoungGen: 404386K->173077K(465920K)] 1341105K->1174125K(1581568K), 0.0593898 secs] [Times: user=0.30 sys=0.00, real=0.06 secs] 
3219.924: [GC (Allocation Failure) [PSYoungGen: 402746K->189395K(465920K)] 1403794K->1245443K(1581568K), 0.0514603 secs] [Times: user=0.26 sys=0.00, real=0.05 secs] 
3219.975: [Full GC (Ergonomics) [PSYoungGen: 189395K->0K(465920K)] [ParOldGen: 1056047K->363997K(1278464K)] 1245443K->363997K(1744384K), [Metaspace: 59962K->59962K(1105920K)], 0.5594063 secs] [Times: user=2.24 sys=0.00, real=0.56 secs] 
3220.819: [GC (Allocation Failure) [PSYoungGen: 232960K->103890K(465920K)] 596957K->467887K(1744384K), 0.0157625 secs] [Times: user=0.06 sys=0.00, real=0.01 secs] 
3220.957: [GC (Allocation Failure) [PSYoungGen: 336850K->182166K(465920K)] 700847K->583034K(1744384K), 0.0349538 secs] [Times: user=0.14 sys=0.00, real=0.04 secs] 
3221.131: [GC (Allocation Failure) [PSYoungGen: 415126K->181045K(465920K)] 815994K->638990K(1744384K), 0.0477586 secs] [Times: user=0.23 sys=0.00, real=0.05 secs] 
3221.934: [GC (GCLocker Initiated GC) [PSYoungGen: 414005K->180404K(465920K)] 871950K->693005K(1744384K), 0.0845269 secs] [Times: user=0.41 sys=0.00, real=0.09 secs] 
3223.495: [GC (Allocation Failure) [PSYoungGen: 413364K->104412K(465920K)] 925968K->685088K(1744384K), 0.0442715 secs] [Times: user=0.23 sys=0.00, real=0.05 secs] 
3223.742: [GC (Allocation Failure) [PSYoungGen: 337372K->164051K(465920K)] 918048K->778916K(1744384K), 0.0767739 secs] [Times: user=0.38 sys=0.00, real=0.08 secs] 
3223.974: [GC (Allocation Failure) [PSYoungGen: 397011K->181109K(465920K)] 1011876K->847566K(1744384K), 0.0411668 secs] [Times: user=0.18 sys=0.00, real=0.04 secs] 
3224.190: [GC (Allocation Failure) [PSYoungGen: 414069K->186007K(465920K)] 1080526K->916140K(1744384K), 0.0731030 secs] [Times: user=0.36 sys=0.00, real=0.07 secs] 
3224.388: [GC (Allocation Failure) [PSYoungGen: 418967K->186677K(465920K)] 1149100K->975902K(1744384K), 0.0546205 secs] [Times: user=0.27 sys=0.00, real=0.05 secs] 
3226.043: [GC (GCLocker Initiated GC) [PSYoungGen: 419637K->89930K(465920K)] 1208865K->949586K(1744384K), 0.0962143 secs] [Times: user=0.53 sys=0.00, real=0.10 secs] 
3226.329: [GC (Allocation Failure) [PSYoungGen: 322890K->178229K(465920K)] 1182708K->1067475K(1744384K), 0.0340000 secs] [Times: user=0.14 sys=0.00, real=0.03 secs] 
3226.482: [GC (Allocation Failure) [PSYoungGen: 411189K->184021K(465920K)] 1300435K->1128740K(1744384K), 0.0435856 secs] [Times: user=0.20 sys=0.00, real=0.04 secs] 
3226.656: [GC (GCLocker Initiated GC) [PSYoungGen: 416981K->182708K(465920K)] 1361700K->1183243K(1744384K), 0.0572151 secs] [Times: user=0.28 sys=0.00, real=0.06 secs] 
3229.572: [GC (Allocation Failure) [PSYoungGen: 415668K->108029K(465920K)] 1416205K->1177670K(1744384K), 0.0465864 secs] [Times: user=0.23 sys=0.00, real=0.05 secs] 
3229.852: [GC (Allocation Failure) [PSYoungGen: 340989K->166068K(465920K)] 1410630K->1270613K(1744384K), 0.0662012 secs] [Times: user=0.29 sys=0.00, real=0.07 secs] 
3230.093: [GC (Allocation Failure) [PSYoungGen: 399028K->180341K(465920K)] 1503573K->1337067K(1744384K), 0.0652874 secs] [Times: user=0.26 sys=0.06, real=0.07 secs] 
3230.326: [GC (Allocation Failure) [PSYoungGen: 413301K->179574K(465920K)] 1570027K->1398988K(1744384K), 0.0565660 secs] [Times: user=0.26 sys=0.01, real=0.06 secs] 
3230.382: [Full GC (Ergonomics) [PSYoungGen: 179574K->0K(465920K)] [ParOldGen: 1219413K->311448K(1256960K)] 1398988K->311448K(1722880K), [Metaspace: 59970K->59970K(1105920K)], 0.5016972 secs] [Times: user=2.38 sys=0.00, real=0.50 secs] 
3231.267: [GC (Allocation Failure) [PSYoungGen: 232960K->180468K(465920K)] 544408K->491916K(1722880K), 0.0372397 secs] [Times: user=0.16 sys=0.00, real=0.04 secs] 
3232.245: [GC (Allocation Failure) [PSYoungGen: 413428K->92987K(465920K)] 724876K->472985K(1722880K), 0.0434157 secs] [Times: user=0.21 sys=0.01, real=0.05 secs] 
3232.408: [GC (GCLocker Initiated GC) [PSYoungGen: 325947K->175413K(465920K)] 705945K->585768K(1722880K), 0.0347150 secs] [Times: user=0.13 sys=0.01, real=0.04 secs] 
3232.630: [GC (Allocation Failure) [PSYoungGen: 408373K->183893K(465920K)] 818731K->649024K(1722880K), 0.0570007 secs] [Times: user=0.26 sys=0.00, real=0.05 secs] 
3232.835: [GC (Allocation Failure) [PSYoungGen: 416853K->186933K(465920K)] 881984K->708008K(1722880K), 0.0451726 secs] [Times: user=0.20 sys=0.00, real=0.05 secs] 
3233.873: [GC (Allocation Failure) [PSYoungGen: 419893K->116414K(465920K)] 940968K->707997K(1722880K), 0.0465393 secs] [Times: user=0.23 sys=0.00, real=0.05 secs] 
3235.605: [GC (Allocation Failure) [PSYoungGen: 349374K->145297K(465920K)] 940957K->774389K(1722880K), 0.0739412 secs] [Times: user=0.37 sys=0.01, real=0.08 secs] 
3235.818: [GC (Allocation Failure) [PSYoungGen: 378257K->182709K(465920K)] 1007349K->857125K(1722880K), 0.0396302 secs] [Times: user=0.18 sys=0.00, real=0.04 secs] 
3235.977: [GC (Allocation Failure) [PSYoungGen: 415669K->186071K(465920K)] 1090085K->923983K(1722880K), 0.0492456 secs] [Times: user=0.23 sys=0.00, real=0.05 secs] 
3236.204: [GC (Allocation Failure) [PSYoungGen: 419031K->186357K(465920K)] 1156943K->983397K(1722880K), 0.0569936 secs] [Times: user=0.28 sys=0.00, real=0.06 secs] 
3237.727: [GC (Allocation Failure) [PSYoungGen: 419317K->92171K(465920K)] 1216357K->959450K(1722880K), 0.0434410 secs] [Times: user=0.23 sys=0.00, real=0.05 secs] 
3237.960: [GC (Allocation Failure) [PSYoungGen: 325131K->178229K(465920K)] 1192410K->1075162K(1722880K), 0.0484863 secs] [Times: user=0.21 sys=0.00, real=0.05 secs] 
3238.149: [GC (Allocation Failure) [PSYoungGen: 411189K->184662K(465920K)] 1308122K->1137306K(1722880K), 0.0441297 secs] [Times: user=0.20 sys=0.00, real=0.04 secs] 
3238.327: [GC (Allocation Failure) [PSYoungGen: 417622K->183828K(465920K)] 1370266K->1192281K(1722880K), 0.0456946 secs] [Times: user=0.21 sys=0.01, real=0.05 secs] 
3240.005: [GC (Allocation Failure) [PSYoungGen: 416788K->123279K(465920K)] 1425241K->1201076K(1722880K), 0.0482499 secs] [Times: user=0.24 sys=0.00, real=0.05 secs] 
3240.401: [GC (Allocation Failure) [PSYoungGen: 356239K->139248K(465920K)] 1434036K->1255981K(1722880K), 0.1123179 secs] [Times: user=0.61 sys=0.00, real=0.11 secs] 
3240.662: [GC (Allocation Failure) [PSYoungGen: 372208K->179029K(465920K)] 1488941K->1340386K(1722880K), 0.0401480 secs] [Times: user=0.18 sys=0.00, real=0.04 secs] 
3240.847: [GC (GCLocker Initiated GC) [PSYoungGen: 411989K->184855K(465920K)] 1573347K->1408725K(1722880K), 0.0574487 secs] [Times: user=0.27 sys=0.00, real=0.06 secs] 
3240.904: [Full GC (Ergonomics) [PSYoungGen: 184855K->0K(465920K)] [ParOldGen: 1223870K->307478K(1286144K)] 1408725K->307478K(1752064K), [Metaspace: 59971K->59971K(1105920K)], 0.4439824 secs] [Times: user=2.08 sys=0.00, real=0.45 secs] 
3241.460: [GC (Allocation Failure) [PSYoungGen: 232960K->183860K(465920K)] 540599K->491500K(1752064K), 0.0300386 secs] [Times: user=0.12 sys=0.00, real=0.03 secs] 
3243.478: [GC (Allocation Failure) [PSYoungGen: 416820K->89914K(465920K)] 724460K->466954K(1752064K), 0.1028306 secs] [Times: user=0.56 sys=0.00, real=0.11 secs] 
3243.976: [GC (GCLocker Initiated GC) [PSYoungGen: 322874K->173173K(465920K)] 699914K->579685K(1752064K), 0.0371232 secs] [Times: user=0.16 sys=0.00, real=0.04 secs] 
3244.131: [GC (Allocation Failure) [PSYoungGen: 406133K->183317K(465920K)] 812777K->643714K(1752064K), 0.0428653 secs] [Times: user=0.19 sys=0.01, real=0.04 secs] 
3244.843: [GC (GCLocker Initiated GC) [PSYoungGen: 416277K->182388K(465920K)] 876675K->698193K(1752064K), 0.0844285 secs] [Times: user=0.42 sys=0.00, real=0.08 secs] 
3246.780: [GC (Allocation Failure) [PSYoungGen: 415348K->145650K(465920K)] 931154K->730431K(1752064K), 0.0500247 secs] [Times: user=0.25 sys=0.00, real=0.05 secs] 
3247.069: [GC (Allocation Failure) [PSYoungGen: 378610K->123758K(465920K)] 963391K->754740K(1752064K), 0.1143182 secs] [Times: user=0.63 sys=0.01, real=0.11 secs] 
3247.319: [GC (Allocation Failure) [PSYoungGen: 356607K->178325K(465920K)] 987589K->848839K(1752064K), 0.0374294 secs] [Times: user=0.15 sys=0.00, real=0.03 secs] 
3247.474: [GC (Allocation Failure) [PSYoungGen: 411285K->182806K(465920K)] 1081799K->915757K(1752064K), 0.0490059 secs] [Times: user=0.22 sys=0.00, real=0.05 secs] 
3247.637: [GC (Allocation Failure) [PSYoungGen: 415766K->202773K(465920K)] 1148717K->993784K(1752064K), 0.0571491 secs] [Times: user=0.27 sys=0.00, real=0.06 secs] 
3248.773: [GC (Allocation Failure) [PSYoungGen: 434898K->95627K(465920K)] 1225909K->956886K(1752064K), 0.0447267 secs] [Times: user=0.23 sys=0.01, real=0.04 secs] 
3248.974: [GC (Allocation Failure) [PSYoungGen: 328587K->174485K(465920K)] 1189846K->1067368K(1752064K), 0.0380243 secs] [Times: user=0.17 sys=0.00, real=0.04 secs] 
3249.128: [GC (Allocation Failure) [PSYoungGen: 407445K->184438K(465920K)] 1300328K->1132161K(1752064K), 0.0453872 secs] [Times: user=0.20 sys=0.00, real=0.04 secs] 
3249.326: [GC (Allocation Failure) [PSYoungGen: 417398K->184660K(465920K)] 1365121K->1188492K(1752064K), 0.0559725 secs] [Times: user=0.28 sys=0.00, real=0.06 secs] 
3250.361: [GC (Allocation Failure) [PSYoungGen: 417620K->152883K(465920K)] 1421452K->1226554K(1752064K), 0.0552358 secs] [Times: user=0.27 sys=0.00, real=0.05 secs] 
3251.679: [GC (Allocation Failure) [PSYoungGen: 385843K->114397K(465920K)] 1459514K->1236284K(1752064K), 0.1304618 secs] [Times: user=0.73 sys=0.00, real=0.13 secs] 
3251.959: [GC (Allocation Failure) [PSYoungGen: 347357K->178197K(465920K)] 1469244K->1336761K(1752064K), 0.0370796 secs] [Times: user=0.16 sys=0.00, real=0.03 secs] 
3252.116: [GC (Allocation Failure) [PSYoungGen: 411157K->185271K(465920K)] 1569721K->1406179K(1752064K), 0.0507644 secs] [Times: user=0.24 sys=0.00, real=0.05 secs] 
3252.167: [Full GC (Ergonomics) [PSYoungGen: 185271K->0K(465920K)] [ParOldGen: 1220908K->299730K(1310720K)] 1406179K->299730K(1776640K), [Metaspace: 59973K->59973K(1105920K)], 0.4249004 secs] [Times: user=2.00 sys=0.00, real=0.43 secs] 
3252.702: [GC (Allocation Failure) [PSYoungGen: 232960K->186389K(465920K)] 532690K->486119K(1776640K), 0.0340569 secs] [Times: user=0.14 sys=0.00, real=0.03 secs] 
3253.754: [GC (Allocation Failure) [PSYoungGen: 419349K->93547K(465920K)] 719079K->463509K(1776640K), 0.0451671 secs] [Times: user=0.23 sys=0.00, real=0.05 secs] 
3253.982: [GC (Allocation Failure) [PSYoungGen: 326507K->174389K(465920K)] 696469K->574608K(1776640K), 0.0534957 secs] [Times: user=0.24 sys=0.00, real=0.05 secs] 
3254.200: [GC (Allocation Failure) [PSYoungGen: 407349K->184630K(465920K)] 807568K->639401K(1776640K), 0.0431027 secs] [Times: user=0.19 sys=0.00, real=0.04 secs] 
3254.354: [GC (Allocation Failure) [PSYoungGen: 405720K->174965K(465920K)] 860491K->693825K(1776640K), 0.0478811 secs] [Times: user=0.23 sys=0.00, real=0.05 secs] 
3255.383: [GC (Allocation Failure) [PSYoungGen: 407925K->210035K(465920K)] 926785K->784526K(1776640K), 0.0517770 secs] [Times: user=0.26 sys=0.00, real=0.05 secs] 
3255.854: [GC (Allocation Failure) [PSYoungGen: 442995K->97451K(465920K)] 1017486K->736486K(1776640K), 0.0635087 secs] [Times: user=0.33 sys=0.00, real=0.07 secs] 
3256.153: [GC (Allocation Failure) [PSYoungGen: 330411K->182678K(465920K)] 969446K->852598K(1776640K), 0.0412019 secs] [Times: user=0.18 sys=0.00, real=0.04 secs] 
3256.309: [GC (Allocation Failure) [PSYoungGen: 415638K->184950K(465920K)] 1085558K->912190K(1776640K), 0.0435061 secs] [Times: user=0.20 sys=0.00, real=0.04 secs] 
3256.473: [GC (Allocation Failure) [PSYoungGen: 417910K->186869K(465920K)] 1145150K->970045K(1776640K), 0.0453539 secs] [Times: user=0.21 sys=0.00, real=0.05 secs] 
3257.769: [GC (Allocation Failure) [PSYoungGen: 419829K->94683K(465920K)] 1203005K->948383K(1776640K), 0.1236461 secs] [Times: user=0.67 sys=0.01, real=0.12 secs] 
3259.493: [GC (Allocation Failure) [PSYoungGen: 327643K->164723K(465920K)] 1181343K->1048465K(1776640K), 0.0515343 secs] [Times: user=0.24 sys=0.01, real=0.05 secs] 
3259.729: [GC (Allocation Failure) [PSYoungGen: 397683K->184086K(465920K)] 1281425K->1119211K(1776640K), 0.0615055 secs] [Times: user=0.29 sys=0.00, real=0.06 secs] 
3259.925: [GC (Allocation Failure) [PSYoungGen: 417046K->186231K(465920K)] 1352171K->1185452K(1776640K), 0.0507919 secs] [Times: user=0.24 sys=0.00, real=0.05 secs] 
3260.184: [GC (Allocation Failure) [PSYoungGen: 418304K->218005K(465920K)] 1417525K->1276290K(1776640K), 0.0586969 secs] [Times: user=0.29 sys=0.00, real=0.06 secs] 
3261.188: [GC (Allocation Failure) [PSYoungGen: 450965K->88218K(465920K)] 1509250K->1216463K(1776640K), 0.0539978 secs] [Times: user=0.29 sys=0.00, real=0.06 secs] 
3261.440: [GC (Allocation Failure) [PSYoungGen: 321178K->181878K(465920K)] 1449423K->1338279K(1776640K), 0.0454986 secs] [Times: user=0.20 sys=0.00, real=0.04 secs] 
3261.619: [GC (Allocation Failure) [PSYoungGen: 414838K->184790K(465920K)] 1571239K->1397759K(1776640K), 0.0445081 secs] [Times: user=0.20 sys=0.00, real=0.04 secs] 
3262.277: [GC (Allocation Failure) [PSYoungGen: 417750K->179732K(465920K)] 1630719K->1448613K(1776640K), 0.1082813 secs] [Times: user=0.52 sys=0.04, real=0.11 secs] 
3262.385: [Full GC (Ergonomics) [PSYoungGen: 179732K->0K(465920K)] [ParOldGen: 1268881K->335345K(1385984K)] 1448613K->335345K(1851904K), [Metaspace: 59976K->59976K(1105920K)], 0.5918146 secs] [Times: user=2.84 sys=0.00, real=0.59 secs] 
3263.903: [GC (Allocation Failure) [PSYoungGen: 232960K->101260K(465920K)] 568305K->436605K(1851904K), 0.0461735 secs] [Times: user=0.24 sys=0.01, real=0.05 secs] 
3264.242: [GC (Allocation Failure) [PSYoungGen: 334220K->159827K(465920K)] 669565K->527561K(1851904K), 0.0777298 secs] [Times: user=0.39 sys=0.00, real=0.08 secs] 
3264.521: [GC (Allocation Failure) [PSYoungGen: 392787K->184822K(465920K)] 760521K->603028K(1851904K), 0.0523950 secs] [Times: user=0.25 sys=0.00, real=0.05 secs] 
3264.714: [GC (Allocation Failure) [PSYoungGen: 417782K->186167K(465920K)] 835988K->668453K(1851904K), 0.0498749 secs] [Times: user=0.23 sys=0.00, real=0.05 secs] 
3264.875: [GC (Allocation Failure) [PSYoungGen: 419127K->186581K(465920K)] 901413K->727951K(1851904K), 0.0559651 secs] [Times: user=0.27 sys=0.00, real=0.06 secs] 
3267.377: [GC (Allocation Failure) [PSYoungGen: 418698K->83674K(465920K)] 960069K->695484K(1851904K), 0.0991564 secs] [Times: user=0.54 sys=0.01, real=0.10 secs] 
3267.716: [GC (Allocation Failure) [PSYoungGen: 316634K->170612K(465920K)] 928444K->809948K(1851904K), 0.0322628 secs] [Times: user=0.13 sys=0.00, real=0.03 secs] 
3267.867: [GC (Allocation Failure) [PSYoungGen: 403572K->184950K(465920K)] 1042908K->877205K(1851904K), 0.0437486 secs] [Times: user=0.20 sys=0.01, real=0.05 secs] 
3268.024: [GC (Allocation Failure) [PSYoungGen: 417910K->187157K(465920K)] 1110165K->935572K(1851904K), 0.0465885 secs] [Times: user=0.22 sys=0.00, real=0.05 secs] 
3269.960: [GC (Allocation Failure) [PSYoungGen: 420117K->118334K(465920K)] 1168532K->937342K(1851904K), 0.0480374 secs] [Times: user=0.24 sys=0.00, real=0.05 secs] 
3270.136: [GC (Allocation Failure) [PSYoungGen: 351294K->150354K(465920K)] 1170307K->1007643K(1851904K), 0.0627105 secs] [Times: user=0.31 sys=0.01, real=0.07 secs] 
3270.315: [GC (Allocation Failure) [PSYoungGen: 383314K->180021K(465920K)] 1240603K->1084134K(1851904K), 0.0404345 secs] [Times: user=0.17 sys=0.00, real=0.04 secs] 
3270.475: [GC (Allocation Failure) [PSYoungGen: 412981K->185495K(465920K)] 1317094K->1152420K(1851904K), 0.0512965 secs] [Times: user=0.24 sys=0.00, real=0.05 secs] 
3270.985: [GC (Allocation Failure) [PSYoungGen: 418455K->182164K(465920K)] 1385380K->1207954K(1851904K), 0.1114231 secs] [Times: user=0.59 sys=0.00, real=0.11 secs] 
3272.098: [GC (Allocation Failure) [PSYoungGen: 415124K->96075K(465920K)] 1440916K->1190787K(1851904K), 0.0468884 secs] [Times: user=0.24 sys=0.00, real=0.05 secs] 
3272.367: [GC (Allocation Failure) [PSYoungGen: 329035K->175861K(465920K)] 1423747K->1301513K(1851904K), 0.0531014 secs] [Times: user=0.24 sys=0.00, real=0.06 secs] 
3272.576: [GC (Allocation Failure) [PSYoungGen: 408821K->184566K(465920K)] 1534473K->1365258K(1851904K), 0.0441292 secs] [Times: user=0.20 sys=0.00, real=0.05 secs] 
3272.734: [GC (Allocation Failure) [PSYoungGen: 417526K->186037K(465920K)] 1598218K->1422553K(1851904K), 0.0465184 secs] [Times: user=0.22 sys=0.00, real=0.05 secs] 
3274.260: [GC (Allocation Failure) [PSYoungGen: 418997K->123151K(465920K)] 1655513K->1430059K(1851904K), 0.0502976 secs] [Times: user=0.24 sys=0.01, real=0.05 secs] 
3274.310: [Full GC (Ergonomics) [PSYoungGen: 123151K->0K(465920K)] [ParOldGen: 1306908K->338473K(1398272K)] 1430059K->338473K(1864192K), [Metaspace: 59981K->59981K(1105920K)], 0.5930335 secs] [Times: user=2.62 sys=0.00, real=0.59 secs] 
3275.840: [GC (Allocation Failure) [PSYoungGen: 232960K->144625K(465920K)] 571433K->483098K(1864192K), 0.0312651 secs] [Times: user=0.11 sys=0.00, real=0.03 secs] 
3276.105: [GC (Allocation Failure) [PSYoungGen: 377585K->183125K(465920K)] 716058K->566643K(1864192K), 0.0533021 secs] [Times: user=0.25 sys=0.00, real=0.06 secs] 
3276.328: [GC (Allocation Failure) [PSYoungGen: 416085K->186071K(465920K)] 799603K->641689K(1864192K), 0.0555679 secs] [Times: user=0.27 sys=0.00, real=0.05 secs] 
3276.527: [GC (Allocation Failure) [PSYoungGen: 419031K->181044K(465920K)] 874649K->695862K(1864192K), 0.0753867 secs] [Times: user=0.38 sys=0.00, real=0.08 secs] 
3277.538: [GC (Allocation Failure) [PSYoungGen: 414004K->93387K(465920K)] 928822K->676605K(1864192K), 0.0519514 secs] [Times: user=0.28 sys=0.00, real=0.05 secs] 
3277.966: [GC (Allocation Failure) [PSYoungGen: 326347K->178389K(465920K)] 909565K->792132K(1864192K), 0.0492468 secs] [Times: user=0.22 sys=0.01, real=0.05 secs] 
3278.434: [GC (Allocation Failure) [PSYoungGen: 411349K->184150K(465920K)] 1025092K->853324K(1864192K), 0.0621458 secs] [Times: user=0.30 sys=0.00, real=0.06 secs] 
3278.686: [GC (Allocation Failure) [PSYoungGen: 417110K->202549K(465920K)] 1086284K->927307K(1864192K), 0.0538980 secs] [Times: user=0.26 sys=0.00, real=0.06 secs] 
3279.658: [GC (Allocation Failure) [PSYoungGen: 435509K->126639K(465920K)] 1160267K->921726K(1864192K), 0.0481905 secs] [Times: user=0.24 sys=0.00, real=0.05 secs] 
3280.005: [GC (Allocation Failure) [PSYoungGen: 359599K->138160K(465920K)] 1154686K->973223K(1864192K), 0.0816603 secs] [Times: user=0.43 sys=0.00, real=0.08 secs] 
3280.220: [GC (Allocation Failure) [PSYoungGen: 371120K->178517K(465920K)] 1206183K->1058172K(1864192K), 0.0399008 secs] [Times: user=0.18 sys=0.00, real=0.04 secs] 
3280.407: [GC (Allocation Failure) [PSYoungGen: 411477K->185879K(465920K)] 1291132K->1127690K(1864192K), 0.0549637 secs] [Times: user=0.27 sys=0.00, real=0.06 secs] 
3280.575: [GC (Allocation Failure) [PSYoungGen: 418839K->186773K(465920K)] 1360650K->1187484K(1864192K), 0.0583039 secs] [Times: user=0.29 sys=0.00, real=0.06 secs] 
3282.494: [GC (Allocation Failure) [PSYoungGen: 419733K->84042K(465920K)] 1420444K->1155185K(1864192K), 0.1132510 secs] [Times: user=0.63 sys=0.00, real=0.11 secs] 
3283.466: [GC (Allocation Failure) [PSYoungGen: 317002K->175093K(465920K)] 1388145K->1273781K(1864192K), 0.0419119 secs] [Times: user=0.18 sys=0.00, real=0.05 secs] 
3283.637: [GC (Allocation Failure) [PSYoungGen: 408053K->184662K(465920K)] 1506741K->1337830K(1864192K), 0.0449288 secs] [Times: user=0.20 sys=0.00, real=0.05 secs] 
3283.797: [GC (Allocation Failure) [PSYoungGen: 417622K->186677K(465920K)] 1570790K->1395765K(1864192K), 0.0474657 secs] [Times: user=0.21 sys=0.01, real=0.05 secs] 
3284.755: [GC (Allocation Failure) [PSYoungGen: 419637K->141521K(465920K)] 1628725K->1420978K(1864192K), 0.0524323 secs] [Times: user=0.25 sys=0.00, real=0.05 secs] 
3285.006: [GC (Allocation Failure) [PSYoungGen: 374481K->131279K(465920K)] 1653938K->1455672K(1864192K), 0.0671490 secs] [Times: user=0.35 sys=0.01, real=0.07 secs] 
3285.073: [Full GC (Ergonomics) [PSYoungGen: 131279K->0K(465920K)] [ParOldGen: 1324392K->148650K(1277440K)] 1455672K->148650K(1743360K), [Metaspace: 59984K->59984K(1105920K)], 0.1414796 secs] [Times: user=0.61 sys=0.00, real=0.14 secs] 
3285.673: [GC (Allocation Failure) [PSYoungGen: 232960K->171476K(465920K)] 381610K->320126K(1743360K), 0.0250384 secs] [Times: user=0.09 sys=0.00, real=0.02 secs] 
3285.881: [GC (Allocation Failure) [PSYoungGen: 404436K->185367K(465920K)] 553086K->394249K(1743360K), 0.0478709 secs] [Times: user=0.22 sys=0.00, real=0.05 secs] 
3286.558: [GC (Allocation Failure) [PSYoungGen: 418327K->186005K(465920K)] 627209K->453527K(1743360K), 0.0895814 secs] [Times: user=0.47 sys=0.00, real=0.09 secs] 
3287.602: [GC (Allocation Failure) [PSYoungGen: 418965K->93611K(465920K)] 686487K->431341K(1743360K), 0.0449420 secs] [Times: user=0.23 sys=0.00, real=0.04 secs] 
3287.822: [GC (Allocation Failure) [PSYoungGen: 326571K->175957K(465920K)] 664301K->543776K(1743360K), 0.0334428 secs] [Times: user=0.14 sys=0.00, real=0.03 secs] 
3288.004: [GC (Allocation Failure) [PSYoungGen: 408917K->184630K(465920K)] 776736K->607848K(1743360K), 0.0524245 secs] [Times: user=0.25 sys=0.00, real=0.05 secs] 
3288.187: [GC (Allocation Failure) [PSYoungGen: 417590K->187253K(465920K)] 840808K->666828K(1743360K), 0.0454895 secs] [Times: user=0.21 sys=0.00, real=0.05 secs] 
3289.132: [GC (Allocation Failure) [PSYoungGen: 420213K->147698K(465920K)] 899788K->697681K(1743360K), 0.0503326 secs] [Times: user=0.25 sys=0.00, real=0.05 secs] 
3291.168: [GC (Allocation Failure) [PSYoungGen: 380658K->115517K(465920K)] 930641K->712244K(1743360K), 0.1341557 secs] [Times: user=0.75 sys=0.00, real=0.13 secs] 
3291.491: [GC (Allocation Failure) [PSYoungGen: 348477K->178901K(465920K)] 945204K->813104K(1743360K), 0.0376335 secs] [Times: user=0.17 sys=0.00, real=0.04 secs] 
3291.677: [GC (Allocation Failure) [PSYoungGen: 411861K->184855K(465920K)] 1046064K->881458K(1743360K), 0.0617689 secs] [Times: user=0.30 sys=0.00, real=0.07 secs] 
3291.861: [GC (Allocation Failure) [PSYoungGen: 417815K->183732K(465920K)] 1114418K->938912K(1743360K), 0.0585378 secs] [Times: user=0.29 sys=0.00, real=0.06 secs] 
3292.847: [GC (Allocation Failure) [PSYoungGen: 416692K->93387K(465920K)] 1171872K->918038K(1743360K), 0.0448734 secs] [Times: user=0.24 sys=0.00, real=0.05 secs] 
3293.060: [GC (Allocation Failure) [PSYoungGen: 326347K->175349K(465920K)] 1150998K->1030804K(1743360K), 0.0551818 secs] [Times: user=0.25 sys=0.00, real=0.05 secs] 
3293.558: [GC (Allocation Failure) [PSYoungGen: 408309K->183605K(465920K)] 1263764K->1093468K(1743360K), 0.0559851 secs] [Times: user=0.27 sys=0.00, real=0.05 secs] 
3293.738: [GC (Allocation Failure) [PSYoungGen: 407956K->175413K(465920K)] 1317819K->1148932K(1743360K), 0.0506391 secs] [Times: user=0.24 sys=0.00, real=0.05 secs] 
3294.910: [GC (Allocation Failure) [PSYoungGen: 408373K->207917K(465920K)] 1381892K->1237148K(1743360K), 0.0498941 secs] [Times: user=0.23 sys=0.01, real=0.05 secs] 
3295.246: [GC (Allocation Failure) [PSYoungGen: 440877K->101100K(465920K)] 1470108K->1195195K(1743360K), 0.0478728 secs] [Times: user=0.25 sys=0.00, real=0.05 secs] 
3295.521: [GC (Allocation Failure) [PSYoungGen: 334060K->181334K(465920K)] 1428155K->1307517K(1743360K), 0.0479434 secs] [Times: user=0.21 sys=0.00, real=0.05 secs] 
3295.742: [GC (Allocation Failure) [PSYoungGen: 414294K->184630K(465920K)] 1540477K->1367613K(1743360K), 0.0657438 secs] [Times: user=0.31 sys=0.00, real=0.06 secs] 
3295.989: [GC (Allocation Failure) [PSYoungGen: 417590K->186837K(465920K)] 1600573K->1425964K(1743360K), 0.0619548 secs] [Times: user=0.30 sys=0.00, real=0.06 secs] 
3296.051: [Full GC (Ergonomics) [PSYoungGen: 186837K->0K(465920K)] [ParOldGen: 1239127K->346390K(1398272K)] 1425964K->346390K(1864192K), [Metaspace: 59988K->59988K(1105920K)], 0.5616489 secs] [Times: user=2.66 sys=0.00, real=0.56 secs] 
3297.824: [GC (Allocation Failure) [PSYoungGen: 232960K->94347K(465920K)] 579350K->440738K(1864192K), 0.1043334 secs] [Times: user=0.56 sys=0.00, real=0.11 secs] 
3299.210: [GC (Allocation Failure) [PSYoungGen: 327307K->169492K(465920K)] 673698K->545900K(1864192K), 0.0545355 secs] [Times: user=0.25 sys=0.00, real=0.05 secs] 
3299.391: [GC (Allocation Failure) [PSYoungGen: 402452K->184822K(465920K)] 778860K->614493K(1864192K), 0.0431248 secs] [Times: user=0.19 sys=0.00, real=0.04 secs] 
3299.581: [GC (Allocation Failure) [PSYoungGen: 417782K->186071K(465920K)] 847453K->679871K(1864192K), 0.0564028 secs] [Times: user=0.27 sys=0.00, real=0.05 secs] 
3300.048: [GC (Allocation Failure) [PSYoungGen: 415586K->212404K(465920K)] 909386K->765340K(1864192K), 0.0524236 secs] [Times: user=0.26 sys=0.00, real=0.06 secs] 
3300.845: [GC (Allocation Failure) [PSYoungGen: 445364K->90170K(465920K)] 998300K->710418K(1864192K), 0.0590407 secs] [Times: user=0.31 sys=0.00, real=0.06 secs] 
3301.897: [GC (Allocation Failure) [PSYoungGen: 323130K->181110K(465920K)] 943378K->830450K(1864192K), 0.0755509 secs] [Times: user=0.35 sys=0.00, real=0.08 secs] 
3302.161: [GC (Allocation Failure) [PSYoungGen: 414070K->183541K(465920K)] 1063410K->889146K(1864192K), 0.0439103 secs] [Times: user=0.20 sys=0.00, real=0.04 secs] 
3302.344: [GC (Allocation Failure) [PSYoungGen: 416501K->186549K(465920K)] 1122106K->947913K(1864192K), 0.0502594 secs] [Times: user=0.24 sys=0.00, real=0.05 secs] 
3303.517: [GC (Allocation Failure) [PSYoungGen: 419509K->99100K(465920K)] 1180873K->930724K(1864192K), 0.0448386 secs] [Times: user=0.23 sys=0.00, real=0.05 secs] 
3303.732: [GC (Allocation Failure) [PSYoungGen: 332060K->163443K(465920K)] 1163684K->1027480K(1864192K), 0.0695685 secs] [Times: user=0.34 sys=0.01, real=0.07 secs] 
3304.008: [GC (Allocation Failure) [PSYoungGen: 396403K->183189K(465920K)] 1260440K->1098162K(1864192K), 0.0585019 secs] [Times: user=0.27 sys=0.00, real=0.05 secs] 
3304.189: [GC (Allocation Failure) [PSYoungGen: 416149K->185847K(465920K)] 1331122K->1165011K(1864192K), 0.0520199 secs] [Times: user=0.24 sys=0.00, real=0.05 secs] 
3304.380: [GC (Allocation Failure) [PSYoungGen: 418807K->186933K(465920K)] 1397971K->1224949K(1864192K), 0.0604456 secs] [Times: user=0.30 sys=0.00, real=0.06 secs] 
3307.030: [GC (Allocation Failure) [PSYoungGen: 419893K->82185K(465920K)] 1457909K->1190862K(1864192K), 0.1110405 secs] [Times: user=0.62 sys=0.00, real=0.11 secs] 
3307.404: [GC (Allocation Failure) [PSYoungGen: 315145K->179861K(465920K)] 1423822K->1315191K(1864192K), 0.0345739 secs] [Times: user=0.14 sys=0.01, real=0.04 secs] 
3307.586: [GC (Allocation Failure) [PSYoungGen: 412821K->184822K(465920K)] 1548151K->1376159K(1864192K), 0.0595635 secs] [Times: user=0.28 sys=0.00, real=0.06 secs] 
3307.788: [GC (Allocation Failure) [PSYoungGen: 417782K->186677K(465920K)] 1609119K->1434094K(1864192K), 0.0474685 secs] [Times: user=0.22 sys=0.00, real=0.04 secs] 
3308.872: [GC (Allocation Failure) [PSYoungGen: 419637K->107741K(465920K)] 1667054K->1425502K(1864192K), 0.0495031 secs] [Times: user=0.23 sys=0.03, real=0.05 secs] 
3308.921: [Full GC (Ergonomics) [PSYoungGen: 107741K->0K(465920K)] [ParOldGen: 1317761K->92548K(1294848K)] 1425502K->92548K(1760768K), [Metaspace: 59990K->59990K(1105920K)], 0.0345741 secs] [Times: user=0.10 sys=0.00, real=0.03 secs] 
3309.197: [GC (Allocation Failure) [PSYoungGen: 232960K->164179K(465920K)] 325508K->256728K(1760768K), 0.0394433 secs] [Times: user=0.15 sys=0.00, real=0.04 secs] 
3309.536: [GC (Allocation Failure) [PSYoungGen: 397139K->183829K(465920K)] 489688K->325938K(1760768K), 0.0562709 secs] [Times: user=0.27 sys=0.00, real=0.06 secs] 
3309.796: [GC (Allocation Failure) [PSYoungGen: 416789K->184054K(465920K)] 558898K->389979K(1760768K), 0.0491410 secs] [Times: user=0.23 sys=0.00, real=0.05 secs] 
3310.075: [GC (Allocation Failure) [PSYoungGen: 417014K->183060K(465920K)] 622939K->447361K(1760768K), 0.0576325 secs] [Times: user=0.28 sys=0.01, real=0.06 secs] 
3311.081: [GC (Allocation Failure) [PSYoungGen: 416020K->94635K(465920K)] 680321K->427959K(1760768K), 0.0404803 secs] [Times: user=0.21 sys=0.00, real=0.04 secs] 
3311.325: [GC (Allocation Failure) [PSYoungGen: 327595K->176597K(465920K)] 660919K->540166K(1760768K), 0.0462441 secs] [Times: user=0.20 sys=0.00, real=0.05 secs] 
3311.552: [GC (Allocation Failure) [PSYoungGen: 409557K->184374K(465920K)] 773126K->603383K(1760768K), 0.0615383 secs] [Times: user=0.29 sys=0.00, real=0.06 secs] 
3311.741: [GC (Allocation Failure) [PSYoungGen: 417334K->186773K(465920K)] 836343K->661518K(1760768K), 0.0445787 secs] [Times: user=0.21 sys=0.00, real=0.04 secs] 
3312.723: [GC (Allocation Failure) [PSYoungGen: 419733K->110749K(465920K)] 894478K->655870K(1760768K), 0.0457464 secs] [Times: user=0.23 sys=0.00, real=0.05 secs] 
3313.187: [GC (Allocation Failure) [PSYoungGen: 343709K->153362K(465920K)] 888830K->733876K(1760768K), 0.0745477 secs] [Times: user=0.38 sys=0.00, real=0.08 secs] 
3313.401: [GC (Allocation Failure) [PSYoungGen: 386322K->184470K(465920K)] 966836K->813928K(1760768K), 0.0410493 secs] [Times: user=0.18 sys=0.00, real=0.04 secs] 
3313.564: [GC (Allocation Failure) [PSYoungGen: 417430K->185975K(465920K)] 1046888K->879425K(1760768K), 0.0496261 secs] [Times: user=0.23 sys=0.00, real=0.05 secs] 
3313.729: [GC (Allocation Failure) [PSYoungGen: 418935K->183796K(465920K)] 1112385K->936342K(1760768K), 0.0561187 secs] [Times: user=0.27 sys=0.00, real=0.05 secs] 
3315.120: [GC (GCLocker Initiated GC) [PSYoungGen: 416756K->93163K(465920K)] 1169303K->915297K(1760768K), 0.1174942 secs] [Times: user=0.65 sys=0.00, real=0.11 secs] 
3315.489: [GC (Allocation Failure) [PSYoungGen: 326123K->176885K(465920K)] 1148260K->1029426K(1760768K), 0.0336377 secs] [Times: user=0.13 sys=0.00, real=0.03 secs] 
3315.794: [GC (Allocation Failure) [PSYoungGen: 409845K->184598K(465920K)] 1262386K->1091939K(1760768K), 0.0686632 secs] [Times: user=0.33 sys=0.00, real=0.07 secs] 
3316.326: [GC (Allocation Failure) [PSYoungGen: 417558K->186037K(465920K)] 1324899K->1149170K(1760768K), 0.0616253 secs] [Times: user=0.30 sys=0.00, real=0.06 secs] 
3317.774: [GC (Allocation Failure) [PSYoungGen: 418997K->115310K(465920K)] 1382130K->1148547K(1760768K), 0.0473127 secs] [Times: user=0.23 sys=0.00, real=0.05 secs] 
3318.072: [GC (Allocation Failure) [PSYoungGen: 348270K->147761K(465920K)] 1381507K->1217526K(1760768K), 0.1177637 secs] [Times: user=0.63 sys=0.00, real=0.12 secs] 
3318.398: [GC (Allocation Failure) [PSYoungGen: 380721K->183733K(465920K)] 1450486K->1300043K(1760768K), 0.0413471 secs] [Times: user=0.18 sys=0.00, real=0.05 secs] 
3318.583: [GC (GCLocker Initiated GC) [PSYoungGen: 416693K->184823K(465920K)] 1533003K->1365084K(1760768K), 0.0542634 secs] [Times: user=0.25 sys=0.00, real=0.05 secs] 
3319.065: [GC (Allocation Failure) [PSYoungGen: 417783K->182932K(465920K)] 1598211K->1421969K(1760768K), 0.0863131 secs] [Times: user=0.44 sys=0.00, real=0.09 secs] 
3319.151: [Full GC (Ergonomics) [PSYoungGen: 182932K->0K(465920K)] [ParOldGen: 1239036K->358546K(1398272K)] 1421969K->358546K(1864192K), [Metaspace: 59993K->59993K(1105920K)], 0.6098587 secs] [Times: user=2.89 sys=0.00, real=0.61 secs] 
3320.800: [GC (Allocation Failure) [PSYoungGen: 232960K->87258K(465920K)] 591506K->445804K(1864192K), 0.0385006 secs] [Times: user=0.19 sys=0.00, real=0.04 secs] 
3321.118: [GC (Allocation Failure) [PSYoungGen: 320218K->175541K(465920K)] 678764K->562184K(1864192K), 0.0414530 secs] [Times: user=0.17 sys=0.00, real=0.04 secs] 
3321.291: [GC (Allocation Failure) [PSYoungGen: 408501K->192918K(465920K)] 795144K->634977K(1864192K), 0.0426814 secs] [Times: user=0.19 sys=0.00, real=0.04 secs] 
3321.493: [GC (Allocation Failure) [PSYoungGen: 425878K->187285K(465920K)] 867937K->685192K(1864192K), 0.0684320 secs] [Times: user=0.34 sys=0.00, real=0.07 secs] 
3322.515: [GC (Allocation Failure) [PSYoungGen: 420245K->130640K(465920K)] 918152K->699107K(1864192K), 0.0480912 secs] [Times: user=0.24 sys=0.00, real=0.05 secs] 
3323.833: [GC (Allocation Failure) [PSYoungGen: 363600K->136240K(465920K)] 932067K->746019K(1864192K), 0.0904119 secs] [Times: user=0.48 sys=0.02, real=0.09 secs] 
3324.105: [GC (Allocation Failure) [PSYoungGen: 369200K->178901K(465920K)] 978979K->832368K(1864192K), 0.0514548 secs] [Times: user=0.24 sys=0.00, real=0.05 secs] 
3324.318: [GC (Allocation Failure) [PSYoungGen: 411861K->185463K(465920K)] 1065328K->901282K(1864192K), 0.0612919 secs] [Times: user=0.30 sys=0.00, real=0.07 secs] 
3324.507: [GC (Allocation Failure) [PSYoungGen: 418423K->186453K(465920K)] 1134242K->961256K(1864192K), 0.0579846 secs] [Times: user=0.28 sys=0.00, real=0.06 secs] 
3326.473: [GC (Allocation Failure) [PSYoungGen: 419413K->86410K(465920K)] 1194216K->931661K(1864192K), 0.0426287 secs] [Times: user=0.22 sys=0.01, real=0.04 secs] 
3326.730: [GC (Allocation Failure) [PSYoungGen: 319370K->177333K(465920K)] 1164621K->1050253K(1864192K), 0.0470695 secs] [Times: user=0.21 sys=0.00, real=0.04 secs] 
3326.923: [GC (Allocation Failure) [PSYoungGen: 410293K->184918K(465920K)] 1283213K->1113258K(1864192K), 0.0452592 secs] [Times: user=0.21 sys=0.00, real=0.05 secs] 
3327.087: [GC (Allocation Failure) [PSYoungGen: 417878K->186965K(465920K)] 1346218K->1171445K(1864192K), 0.0466821 secs] [Times: user=0.22 sys=0.00, real=0.05 secs] 
3328.123: [GC (Allocation Failure) [PSYoungGen: 419925K->139025K(465920K)] 1404405K->1193977K(1864192K), 0.0513475 secs] [Times: user=0.25 sys=0.00, real=0.05 secs] 
3328.748: [GC (Allocation Failure) [PSYoungGen: 371985K->125967K(465920K)] 1426937K->1225095K(1864192K), 0.0818355 secs] [Times: user=0.44 sys=0.00, real=0.08 secs] 
3328.999: [GC (Allocation Failure) [PSYoungGen: 358927K->176212K(465920K)] 1458055K->1316118K(1864192K), 0.0541750 secs] [Times: user=0.25 sys=0.00, real=0.05 secs] 
3329.187: [GC (Allocation Failure) [PSYoungGen: 409172K->185623K(465920K)] 1549078K->1387320K(1864192K), 0.0497573 secs] [Times: user=0.23 sys=0.00, real=0.05 secs] 
3329.395: [GC (Allocation Failure) [PSYoungGen: 418583K->186773K(465920K)] 1620280K->1447434K(1864192K), 0.0799635 secs] [Times: user=0.41 sys=0.00, real=0.08 secs] 
3330.878: [GC (Allocation Failure) [PSYoungGen: 419733K->92667K(465920K)] 1680394K->1423824K(1864192K), 0.1003480 secs] [Times: user=0.47 sys=0.09, real=0.10 secs] 
3330.979: [Full GC (Ergonomics) [PSYoungGen: 92667K->0K(465920K)] [ParOldGen: 1331157K->92973K(1315328K)] 1423824K->92973K(1781248K), [Metaspace: 60005K->60005K(1105920K)], 0.0888702 secs] [Times: user=0.32 sys=0.01, real=0.08 secs] 
3331.480: [GC (Allocation Failure) [PSYoungGen: 232960K->172661K(465920K)] 325933K->265634K(1781248K), 0.0321549 secs] [Times: user=0.12 sys=0.00, real=0.03 secs] 
3332.213: [GC (Allocation Failure) [PSYoungGen: 405621K->182165K(465920K)] 498594K->328559K(1781248K), 0.0595576 secs] [Times: user=0.28 sys=0.00, real=0.06 secs] 
3332.453: [GC (Allocation Failure) [PSYoungGen: 415125K->187477K(465920K)] 561519K->389287K(1781248K), 0.0614567 secs] [Times: user=0.30 sys=0.00, real=0.06 secs] 
3334.095: [GC (Allocation Failure) [PSYoungGen: 420437K->151666K(465920K)] 622247K->424036K(1781248K), 0.0503526 secs] [Times: user=0.25 sys=0.00, real=0.05 secs] 
3334.370: [GC (Allocation Failure) [PSYoungGen: 384626K->118398K(465920K)] 656996K->438800K(1781248K), 0.0850631 secs] [Times: user=0.46 sys=0.00, real=0.08 secs] 
3334.625: [GC (Allocation Failure) [PSYoungGen: 351358K->177077K(465920K)] 671760K->535247K(1781248K), 0.0503079 secs] [Times: user=0.23 sys=0.00, real=0.05 secs] 
3334.820: [GC (Allocation Failure) [PSYoungGen: 410037K->181878K(465920K)] 768207K->610297K(1781248K), 0.0485763 secs] [Times: user=0.22 sys=0.01, real=0.05 secs] 
3334.995: [GC (Allocation Failure) [PSYoungGen: 414838K->186453K(465920K)] 843257K->672664K(1781248K), 0.0578931 secs] [Times: user=0.29 sys=0.00, real=0.06 secs] 
3336.075: [GC (Allocation Failure) [PSYoungGen: 419413K->91067K(465920K)] 905624K->647581K(1781248K), 0.0503709 secs] [Times: user=0.27 sys=0.00, real=0.05 secs] 
3336.439: [GC (Allocation Failure) [PSYoungGen: 324027K->173973K(465920K)] 880541K->759832K(1781248K), 0.0506272 secs] [Times: user=0.23 sys=0.00, real=0.05 secs] 
3336.656: [GC (Allocation Failure) [PSYoungGen: 406933K->181973K(465920K)] 992792K->822409K(1781248K), 0.0429672 secs] [Times: user=0.19 sys=0.00, real=0.05 secs] 
3336.853: [GC (Allocation Failure) [PSYoungGen: 411753K->182198K(465920K)] 1052188K->886218K(1781248K), 0.0724202 secs] [Times: user=0.36 sys=0.00, real=0.07 secs] 
3337.782: [GC (Allocation Failure) [PSYoungGen: 415158K->169491K(465920K)] 1119178K->931459K(1781248K), 0.0567215 secs] [Times: user=0.28 sys=0.00, real=0.06 secs] 
3339.345: [GC (GCLocker Initiated GC) [PSYoungGen: 402451K->102396K(465920K)] 1164419K->929109K(1781248K), 0.0757080 secs] [Times: user=0.40 sys=0.00, real=0.08 secs] 
3339.600: [GC (Allocation Failure) [PSYoungGen: 335356K->176181K(465920K)] 1170263K->1044100K(1781248K), 0.1106655 secs] [Times: user=0.60 sys=0.00, real=0.11 secs] 
3339.844: [GC (Allocation Failure) [PSYoungGen: 409141K->182646K(465920K)] 1277060K->1106625K(1781248K), 0.1639617 secs] [Times: user=0.92 sys=0.00, real=0.16 secs] 
3340.181: [GC (Allocation Failure) [PSYoungGen: 415606K->186453K(465920K)] 1339585K->1168435K(1781248K), 0.0613225 secs] [Times: user=0.30 sys=0.00, real=0.06 secs] 
3341.261: [GC (Allocation Failure) [PSYoungGen: 419413K->96507K(465920K)] 1401395K->1148922K(1781248K), 0.0569122 secs] [Times: user=0.30 sys=0.00, real=0.06 secs] 
3341.480: [GC (Allocation Failure) [PSYoungGen: 329467K->174645K(465920K)] 1381882K->1259188K(1781248K), 0.0585572 secs] [Times: user=0.28 sys=0.00, real=0.06 secs] 
3341.659: [GC (Allocation Failure) [PSYoungGen: 407605K->178965K(465920K)] 1492148K->1317708K(1781248K), 0.0433251 secs] [Times: user=0.20 sys=0.01, real=0.04 secs] 
3341.892: [GC (Allocation Failure) [PSYoungGen: 411925K->185751K(465920K)] 1550668K->1386926K(1781248K), 0.0514076 secs] [Times: user=0.24 sys=0.00, real=0.05 secs] 
3343.109: [GC (Allocation Failure) [PSYoungGen: 415959K->206227K(465920K)] 1617134K->1466318K(1781248K), 0.0570476 secs] [Times: user=0.28 sys=0.01, real=0.05 secs] 
3343.166: [Full GC (Ergonomics) [PSYoungGen: 206227K->0K(465920K)] [ParOldGen: 1260090K->363490K(1398272K)] 1466318K->363490K(1864192K), [Metaspace: 60026K->60026K(1105920K)], 0.5529612 secs] [Times: user=2.21 sys=0.00, real=0.56 secs] 
3344.110: [GC (Allocation Failure) [PSYoungGen: 232960K->100279K(465920K)] 596450K->463770K(1864192K), 0.0202415 secs] [Times: user=0.08 sys=0.00, real=0.02 secs] 
3344.284: [GC (Allocation Failure) [PSYoungGen: 333239K->183446K(465920K)] 696730K->582822K(1864192K), 0.0342945 secs] [Times: user=0.14 sys=0.00, real=0.04 secs] 
3344.435: [GC (Allocation Failure) [PSYoungGen: 416406K->184854K(465920K)] 815782K->641530K(1864192K), 0.0436214 secs] [Times: user=0.20 sys=0.00, real=0.05 secs] 
3344.592: [GC (Allocation Failure) [PSYoungGen: 417814K->184308K(465920K)] 874490K->696912K(1864192K), 0.0449770 secs] [Times: user=0.21 sys=0.00, real=0.04 secs] 
3345.912: [GC (Allocation Failure) [PSYoungGen: 417268K->98459K(465920K)] 929872K->680560K(1864192K), 0.0747683 secs] [Times: user=0.41 sys=0.00, real=0.07 secs] 
3347.274: [GC (Allocation Failure) [PSYoungGen: 331419K->166644K(465920K)] 913520K->780029K(1864192K), 0.0574371 secs] [Times: user=0.28 sys=0.00, real=0.06 secs] 
3347.458: [GC (Allocation Failure) [PSYoungGen: 399604K->184566K(465920K)] 1012989K->850251K(1864192K), 0.0419575 secs] [Times: user=0.18 sys=0.00, real=0.05 secs] 
3347.617: [GC (Allocation Failure) [PSYoungGen: 417526K->186359K(465920K)] 1083211K->915908K(1864192K), 0.0498282 secs] [Times: user=0.23 sys=0.00, real=0.05 secs] 
3348.044: [GC (Allocation Failure) [PSYoungGen: 419309K->217236K(465920K)] 1148858K->1006113K(1864192K), 0.0551665 secs] [Times: user=0.28 sys=0.00, real=0.06 secs] 
3348.825: [GC (Allocation Failure) [PSYoungGen: 450196K->87066K(465920K)] 1239073K->944871K(1864192K), 0.0420961 secs] [Times: user=0.22 sys=0.00, real=0.04 secs] 
3349.525: [GC (Allocation Failure) [PSYoungGen: 320026K->181270K(465920K)] 1177831K->1067339K(1864192K), 0.0601387 secs] [Times: user=0.26 sys=0.00, real=0.06 secs] 
3349.755: [GC (Allocation Failure) [PSYoungGen: 414230K->183765K(465920K)] 1300299K->1126027K(1864192K), 0.0441430 secs] [Times: user=0.19 sys=0.00, real=0.05 secs] 
3350.555: [GC (Allocation Failure) [PSYoungGen: 416725K->186549K(465920K)] 1358987K->1184314K(1864192K), 0.0893289 secs] [Times: user=0.45 sys=0.00, real=0.09 secs] 
3351.662: [GC (Allocation Failure) [PSYoungGen: 419509K->98300K(465920K)] 1417274K->1166369K(1864192K), 0.0461387 secs] [Times: user=0.23 sys=0.01, real=0.05 secs] 
3351.990: [GC (Allocation Failure) [PSYoungGen: 331260K->160179K(465920K)] 1399329K->1260272K(1864192K), 0.0446569 secs] [Times: user=0.21 sys=0.00, real=0.04 secs] 
3352.153: [GC (Allocation Failure) [PSYoungGen: 393139K->184758K(465920K)] 1493232K->1335636K(1864192K), 0.0420891 secs] [Times: user=0.19 sys=0.00, real=0.04 secs] 
3352.313: [GC (Allocation Failure) [PSYoungGen: 417718K->186135K(465920K)] 1568596K->1401189K(1864192K), 0.0505284 secs] [Times: user=0.23 sys=0.00, real=0.05 secs] 
3352.475: [GC (Allocation Failure) [PSYoungGen: 419095K->186837K(465920K)] 1634149K->1460927K(1864192K), 0.0568111 secs] [Times: user=0.28 sys=0.00, real=0.06 secs] 
3355.255: [GC (Allocation Failure) [PSYoungGen: 419797K->81609K(465920K)] 1693887K->1426235K(1864192K), 0.1084797 secs] [Times: user=0.59 sys=0.01, real=0.11 secs] 
3355.363: [Full GC (Ergonomics) [PSYoungGen: 81609K->0K(465920K)] [ParOldGen: 1344626K->95742K(1326080K)] 1426235K->95742K(1792000K), [Metaspace: 60026K->60026K(1105920K)], 0.1536364 secs] [Times: user=0.65 sys=0.01, real=0.15 secs] 
3355.807: [GC (Allocation Failure) [PSYoungGen: 232960K->174741K(465920K)] 328702K->270484K(1792000K), 0.0241736 secs] [Times: user=0.08 sys=0.01, real=0.03 secs] 
3355.950: [GC (Allocation Failure) [PSYoungGen: 407701K->184630K(465920K)] 503444K->334481K(1792000K), 0.0421839 secs] [Times: user=0.19 sys=0.00, real=0.04 secs] 
3356.105: [GC (Allocation Failure) [PSYoungGen: 417590K->187125K(465920K)] 567441K->393112K(1792000K), 0.0447517 secs] [Times: user=0.21 sys=0.00, real=0.05 secs] 
3357.942: [GC (Allocation Failure) [PSYoungGen: 420085K->116238K(465920K)] 626072K->392649K(1792000K), 0.0460438 secs] [Times: user=0.23 sys=0.00, real=0.05 secs] 
3358.116: [GC (Allocation Failure) [PSYoungGen: 349198K->155154K(465920K)] 625609K->469702K(1792000K), 0.0512374 secs] [Times: user=0.25 sys=0.00, real=0.05 secs] 
3358.285: [GC (Allocation Failure) [PSYoungGen: 388114K->184021K(465920K)] 702662K->546721K(1792000K), 0.0408167 secs] [Times: user=0.18 sys=0.00, real=0.04 secs] 
3358.444: [GC (Allocation Failure) [PSYoungGen: 416981K->182486K(465920K)] 779681K->609198K(1792000K), 0.0484365 secs] [Times: user=0.22 sys=0.01, real=0.05 secs] 
3358.700: [GC (Allocation Failure) [PSYoungGen: 415446K->185685K(465920K)] 842158K->670301K(1792000K), 0.0545422 secs] [Times: user=0.26 sys=0.00, real=0.05 secs] 
3359.714: [GC (Allocation Failure) [PSYoungGen: 418645K->88106K(465920K)] 903261K->642642K(1792000K), 0.0407516 secs] [Times: user=0.21 sys=0.00, real=0.04 secs] 
3359.917: [GC (Allocation Failure) [PSYoungGen: 320999K->178581K(465920K)] 875535K->761666K(1792000K), 0.0327599 secs] [Times: user=0.13 sys=0.00, real=0.04 secs] 
3360.066: [GC (Allocation Failure) [PSYoungGen: 411541K->184854K(465920K)] 994626K->823919K(1792000K), 0.0429353 secs] [Times: user=0.19 sys=0.00, real=0.05 secs] 
3360.221: [GC (Allocation Failure) [PSYoungGen: 417814K->186933K(465920K)] 1056879K->882190K(1792000K), 0.0450374 secs] [Times: user=0.21 sys=0.00, real=0.04 secs] 
3361.216: [GC (Allocation Failure) [PSYoungGen: 419893K->116334K(465920K)] 1115150K->882035K(1792000K), 0.0465519 secs] [Times: user=0.23 sys=0.00, real=0.05 secs] 
3363.136: [GC (Allocation Failure) [PSYoungGen: 349002K->141489K(465920K)] 1114703K->943910K(1792000K), 0.0984745 secs] [Times: user=0.48 sys=0.01, real=0.10 secs] 
3363.360: [GC (Allocation Failure) [PSYoungGen: 374449K->178965K(465920K)] 1176870K->1026935K(1792000K), 0.0394059 secs] [Times: user=0.18 sys=0.00, real=0.04 secs] 
3363.517: [GC (Allocation Failure) [PSYoungGen: 411925K->186007K(465920K)] 1259895K->1096441K(1792000K), 0.0496795 secs] [Times: user=0.24 sys=0.00, real=0.05 secs] 
3363.680: [GC (Allocation Failure) [PSYoungGen: 418967K->183604K(465920K)] 1329401K->1153111K(1792000K), 0.0567732 secs] [Times: user=0.28 sys=0.00, real=0.05 secs] 
3365.277: [GC (GCLocker Initiated GC) [PSYoungGen: 416564K->93147K(465920K)] 1386071K->1131861K(1792000K), 0.0459452 secs] [Times: user=0.24 sys=0.00, real=0.05 secs] 
3365.519: [GC (Allocation Failure) [PSYoungGen: 326107K->174293K(465920K)] 1364824K->1243135K(1792000K), 0.0433364 secs] [Times: user=0.19 sys=0.00, real=0.04 secs] 
3365.691: [GC (Allocation Failure) [PSYoungGen: 407253K->184726K(465920K)] 1476095K->1308164K(1792000K), 0.0440642 secs] [Times: user=0.20 sys=0.00, real=0.04 secs] 
3365.849: [GC (Allocation Failure) [PSYoungGen: 417686K->187029K(465920K)] 1541124K->1366179K(1792000K), 0.0466736 secs] [Times: user=0.21 sys=0.00, real=0.04 secs] 
3366.831: [GC (Allocation Failure) [PSYoungGen: 419989K->132144K(465920K)] 1599139K->1381802K(1792000K), 0.0501276 secs] [Times: user=0.24 sys=0.00, real=0.05 secs] 
3366.881: [Full GC (Ergonomics) [PSYoungGen: 132144K->0K(465920K)] [ParOldGen: 1249658K->344251K(1398272K)] 1381802K->344251K(1864192K), [Metaspace: 60029K->60029K(1105920K)], 0.5858398 secs] [Times: user=2.55 sys=0.01, real=0.58 secs] 
3367.862: [GC (Allocation Failure) [PSYoungGen: 232960K->133264K(465920K)] 577211K->477515K(1864192K), 0.0236365 secs] [Times: user=0.08 sys=0.00, real=0.02 secs] 
3368.014: [GC (Allocation Failure) [PSYoungGen: 366224K->178869K(465920K)] 710475K->566469K(1864192K), 0.0381579 secs] [Times: user=0.16 sys=0.00, real=0.04 secs] 
3368.170: [GC (Allocation Failure) [PSYoungGen: 411829K->185943K(465920K)] 799429K->635775K(1864192K), 0.0485443 secs] [Times: user=0.23 sys=0.00, real=0.05 secs] 
3368.330: [GC (Allocation Failure) [PSYoungGen: 418903K->186709K(465920K)] 868735K->695637K(1864192K), 0.0570221 secs] [Times: user=0.28 sys=0.00, real=0.05 secs] 
3370.496: [GC (Allocation Failure) [PSYoungGen: 419669K->86442K(465920K)] 928597K->665826K(1864192K), 0.1185737 secs] [Times: user=0.66 sys=0.00, real=0.12 secs] 
3371.391: [GC (Allocation Failure) [PSYoungGen: 319402K->172660K(465920K)] 898786K->779658K(1864192K), 0.0404813 secs] [Times: user=0.17 sys=0.00, real=0.04 secs] 
3371.557: [GC (Allocation Failure) [PSYoungGen: 405620K->184982K(465920K)] 1012618K->845791K(1864192K), 0.0426177 secs] [Times: user=0.19 sys=0.00, real=0.05 secs] 
3371.712: [GC (Allocation Failure) [PSYoungGen: 417942K->187509K(465920K)] 1078751K->904422K(1864192K), 0.0455133 secs] [Times: user=0.21 sys=0.00, real=0.04 secs] 
3372.695: [GC (Allocation Failure) [PSYoungGen: 420469K->144562K(465920K)] 1137382K->932155K(1864192K), 0.0503273 secs] [Times: user=0.25 sys=0.00, real=0.05 secs] 
3372.931: [GC (GCLocker Initiated GC) [PSYoungGen: 377522K->126287K(465920K)] 1165115K->959768K(1864192K), 0.0741439 secs] [Times: user=0.40 sys=0.00, real=0.07 secs] 
3373.122: [GC (Allocation Failure) [PSYoungGen: 359247K->177813K(465920K)] 1192767K->1051609K(1864192K), 0.0381468 secs] [Times: user=0.17 sys=0.00, real=0.04 secs] 
3373.307: [GC (Allocation Failure) [PSYoungGen: 410773K->185207K(465920K)] 1284569K->1121219K(1864192K), 0.0600821 secs] [Times: user=0.25 sys=0.00, real=0.06 secs] 
3374.363: [GC (Allocation Failure) [PSYoungGen: 418167K->181876K(465920K)] 1354179K->1176617K(1864192K), 0.1140242 secs] [Times: user=0.60 sys=0.01, real=0.11 secs] 
3375.532: [GC (Allocation Failure) [PSYoungGen: 414836K->95819K(465920K)] 1409577K->1159668K(1864192K), 0.0447074 secs] [Times: user=0.24 sys=0.00, real=0.04 secs] 
3375.737: [GC (Allocation Failure) [PSYoungGen: 328779K->176437K(465920K)] 1392628K->1271126K(1864192K), 0.0400444 secs] [Times: user=0.17 sys=0.00, real=0.04 secs] 
3375.892: [GC (Allocation Failure) [PSYoungGen: 409397K->181685K(465920K)] 1504086K->1331535K(1864192K), 0.0440035 secs] [Times: user=0.20 sys=0.00, real=0.04 secs] 
3376.076: [GC (Allocation Failure) [PSYoungGen: 414645K->203509K(465920K)] 1564495K->1408758K(1864192K), 0.0611999 secs] [Times: user=0.29 sys=0.00, real=0.06 secs] 
3377.101: [GC (Allocation Failure) [PSYoungGen: 436469K->149522K(465920K)] 1641718K->1425412K(1864192K), 0.0522182 secs] [Times: user=0.26 sys=0.00, real=0.05 secs] 
3378.448: [GC (Allocation Failure) [PSYoungGen: 382482K->116590K(465920K)] 1658372K->1439591K(1864192K), 0.1235393 secs] [Times: user=0.69 sys=0.00, real=0.12 secs] 
3378.572: [Full GC (Ergonomics) [PSYoungGen: 116590K->0K(465920K)] [ParOldGen: 1323001K->133343K(1364992K)] 1439591K->133343K(1830912K), [Metaspace: 60039K->60039K(1105920K)], 0.1543718 secs] [Times: user=0.68 sys=0.00, real=0.15 secs] 
3378.857: [GC (Allocation Failure) [PSYoungGen: 232960K->178997K(465920K)] 366303K->312341K(1830912K), 0.0263620 secs] [Times: user=0.10 sys=0.01, real=0.03 secs] 
3379.042: [GC (Allocation Failure) [PSYoungGen: 411957K->179862K(465920K)] 545301K->375702K(1830912K), 0.0701520 secs] [Times: user=0.34 sys=0.00, real=0.07 secs] 
3379.302: [GC (Allocation Failure) [PSYoungGen: 412822K->185205K(465920K)] 608662K->437909K(1830912K), 0.0736298 secs] [Times: user=0.37 sys=0.01, real=0.07 secs] 
3380.298: [GC (Allocation Failure) [PSYoungGen: 418165K->101804K(465920K)] 670869K->424548K(1830912K), 0.0453273 secs] [Times: user=0.24 sys=0.00, real=0.04 secs] 
3380.556: [GC (Allocation Failure) [PSYoungGen: 334764K->175413K(465920K)] 657508K->531649K(1830912K), 0.0523139 secs] [Times: user=0.23 sys=0.00, real=0.06 secs] 
3380.790: [GC (Allocation Failure) [PSYoungGen: 408373K->183797K(465920K)] 764609K->594234K(1830912K), 0.0430066 secs] [Times: user=0.19 sys=0.00, real=0.04 secs] 
3381.080: [GC (Allocation Failure) [PSYoungGen: 406892K->170485K(465920K)] 817328K->644825K(1830912K), 0.0483842 secs] [Times: user=0.22 sys=0.00, real=0.05 secs] 
3381.994: [GC (Allocation Failure) [PSYoungGen: 403445K->168371K(463872K)] 877785K->696799K(1828864K), 0.0538600 secs] [Times: user=0.27 sys=0.00, real=0.06 secs] 
3382.355: [GC (Allocation Failure) [PSYoungGen: 401331K->108460K(464896K)] 929759K->701305K(1829888K), 0.0545681 secs] [Times: user=0.28 sys=0.01, real=0.06 secs] 
3382.573: [GC (Allocation Failure) [PSYoungGen: 337697K->175093K(465920K)] 930541K->802266K(1830912K), 0.0478620 secs] [Times: user=0.22 sys=0.00, real=0.05 secs] 
3382.749: [GC (Allocation Failure) [PSYoungGen: 408053K->180981K(465920K)] 1035226K->862862K(1830912K), 0.0428816 secs] [Times: user=0.19 sys=0.01, real=0.04 secs] 
3382.979: [GC (Allocation Failure) [PSYoungGen: 413941K->186261K(465920K)] 1095822K->922670K(1830912K), 0.0635984 secs] [Times: user=0.31 sys=0.00, real=0.06 secs] 
3384.107: [GC (Allocation Failure) [PSYoungGen: 419221K->102444K(465920K)] 1155630K->909333K(1830912K), 0.0537254 secs] [Times: user=0.29 sys=0.00, real=0.06 secs] 
3384.790: [GC (Allocation Failure) [PSYoungGen: 335404K->168564K(465920K)] 1142293K->1008522K(1830912K), 0.0583599 secs] [Times: user=0.27 sys=0.00, real=0.06 secs] 
3384.981: [GC (Allocation Failure) [PSYoungGen: 401524K->187541K(465920K)] 1241482K->1080363K(1830912K), 0.0426606 secs] [Times: user=0.19 sys=0.00, real=0.04 secs] 
3385.198: [GC (Allocation Failure) [PSYoungGen: 420501K->186007K(465920K)] 1313323K->1142101K(1830912K), 0.0720014 secs] [Times: user=0.36 sys=0.00, real=0.08 secs] 
3385.680: [GC (Allocation Failure) [PSYoungGen: 416185K->215124K(465920K)] 1372280K->1230194K(1830912K), 0.0550141 secs] [Times: user=0.27 sys=0.00, real=0.05 secs] 
3387.117: [GC (Allocation Failure) [PSYoungGen: 448084K->95275K(465920K)] 1463154K->1178725K(1830912K), 0.0863351 secs] [Times: user=0.46 sys=0.00, real=0.09 secs] 
3387.380: [GC (Allocation Failure) [PSYoungGen: 328235K->182742K(465920K)] 1411685K->1296837K(1830912K), 0.0353443 secs] [Times: user=0.15 sys=0.00, real=0.03 secs] 
3387.532: [GC (Allocation Failure) [PSYoungGen: 415702K->184758K(465920K)] 1529797K->1355665K(1830912K), 0.0449978 secs] [Times: user=0.20 sys=0.00, real=0.04 secs] 
3387.715: [GC (Allocation Failure) [PSYoungGen: 417718K->186997K(465920K)] 1588625K->1414152K(1830912K), 0.0513215 secs] [Times: user=0.25 sys=0.00, real=0.05 secs] 
3388.729: [GC (Allocation Failure) [PSYoungGen: 419957K->94427K(465920K)] 1647112K->1391982K(1830912K), 0.0447608 secs] [Times: user=0.23 sys=0.00, real=0.04 secs] 
3388.774: [Full GC (Ergonomics) [PSYoungGen: 94427K->0K(465920K)] [ParOldGen: 1297555K->86036K(1334784K)] 1391982K->86036K(1800704K), [Metaspace: 60043K->60043K(1105920K)], 0.0335185 secs] [Times: user=0.11 sys=0.00, real=0.03 secs] 
3388.977: [GC (Allocation Failure) [PSYoungGen: 232960K->171092K(465920K)] 318996K->257129K(1800704K), 0.0350442 secs] [Times: user=0.13 sys=0.00, real=0.04 secs] 
3389.482: [GC (GCLocker Initiated GC) [PSYoungGen: 404052K->181397K(465920K)] 490089K->320286K(1800704K), 0.0653046 secs] [Times: user=0.32 sys=0.00, real=0.06 secs] 
3389.691: [GC (GCLocker Initiated GC) [PSYoungGen: 414357K->185207K(465920K)] 553250K->387299K(1800704K), 0.0493109 secs] [Times: user=0.23 sys=0.00, real=0.05 secs] 
3390.592: [GC (Allocation Failure) [PSYoungGen: 418167K->215060K(465920K)] 624359K->480013K(1800704K), 0.0559630 secs] [Times: user=0.28 sys=0.00, real=0.06 secs] 
3391.297: [GC (GCLocker Initiated GC) [PSYoungGen: 448020K->88090K(465920K)] 712974K->421868K(1800704K), 0.0847312 secs] [Times: user=0.47 sys=0.00, real=0.09 secs] 
3391.585: [GC (Allocation Failure) [PSYoungGen: 321050K->182326K(465920K)] 654830K->544458K(1800704K), 0.0337881 secs] [Times: user=0.14 sys=0.00, real=0.04 secs] 
3391.737: [GC (Allocation Failure) [PSYoungGen: 415286K->185078K(465920K)] 777418K->603998K(1800704K), 0.0433864 secs] [Times: user=0.19 sys=0.00, real=0.05 secs] 
3391.893: [GC (Allocation Failure) [PSYoungGen: 418038K->186613K(465920K)] 836958K->661558K(1800704K), 0.0451066 secs] [Times: user=0.21 sys=0.00, real=0.05 secs] 
3393.061: [GC (Allocation Failure) [PSYoungGen: 419573K->99916K(465920K)] 894518K->645180K(1800704K), 0.0707497 secs] [Times: user=0.38 sys=0.00, real=0.07 secs] 
3394.840: [GC (Allocation Failure) [PSYoungGen: 332876K->160275K(465920K)] 878140K->737829K(1800704K), 0.0646620 secs] [Times: user=0.32 sys=0.00, real=0.06 secs] 
3395.102: [GC (Allocation Failure) [PSYoungGen: 393235K->183829K(465920K)] 970789K->811399K(1800704K), 0.0519434 secs] [Times: user=0.24 sys=0.00, real=0.05 secs] 
3395.274: [GC (Allocation Failure) [PSYoungGen: 416789K->185815K(465920K)] 1044359K->885465K(1800704K), 0.0500369 secs] [Times: user=0.24 sys=0.00, real=0.05 secs] 
3395.435: [GC (Allocation Failure) [PSYoungGen: 418775K->187029K(465920K)] 1118425K->945663K(1800704K), 0.0552337 secs] [Times: user=0.27 sys=0.00, real=0.06 secs] 
3397.407: [GC (GCLocker Initiated GC) [PSYoungGen: 419989K->85290K(465920K)] 1178623K->914492K(1800704K), 0.0401420 secs] [Times: user=0.21 sys=0.00, real=0.04 secs] 
3397.579: [GC (Allocation Failure) [PSYoungGen: 318250K->182582K(465920K)] 1147582K->1039179K(1800704K), 0.0340808 secs] [Times: user=0.14 sys=0.00, real=0.03 secs] 
3397.730: [GC (Allocation Failure) [PSYoungGen: 415542K->184918K(465920K)] 1272139K->1098495K(1800704K), 0.0448016 secs] [Times: user=0.21 sys=0.00, real=0.04 secs] 
3397.928: [GC (Allocation Failure) [PSYoungGen: 417878K->186453K(465920K)] 1331455K->1156071K(1800704K), 0.0545979 secs] [Times: user=0.26 sys=0.00, real=0.05 secs] 
3399.394: [GC (Allocation Failure) [PSYoungGen: 419413K->102908K(465920K)] 1389031K->1142774K(1800704K), 0.0461731 secs] [Times: user=0.24 sys=0.00, real=0.05 secs] 
3399.719: [GC (Allocation Failure) [PSYoungGen: 335868K->158579K(465920K)] 1375734K->1231537K(1800704K), 0.0837432 secs] [Times: user=0.43 sys=0.00, real=0.08 secs] 
3399.965: [GC (Allocation Failure) [PSYoungGen: 391539K->181813K(465920K)] 1464497K->1304760K(1800704K), 0.0420992 secs] [Times: user=0.18 sys=0.00, real=0.04 secs] 
3400.129: [GC (Allocation Failure) [PSYoungGen: 414773K->185239K(465920K)] 1537720K->1371481K(1800704K), 0.0504802 secs] [Times: user=0.22 sys=0.01, real=0.05 secs] 
3400.293: [GC (Allocation Failure) [PSYoungGen: 418199K->183828K(465920K)] 1604441K->1428815K(1800704K), 0.0564940 secs] [Times: user=0.28 sys=0.00, real=0.06 secs] 
3402.292: [GC (Allocation Failure) [PSYoungGen: 416788K->86362K(465920K)] 1661775K->1400705K(1800704K), 0.1200456 secs] [Times: user=0.66 sys=0.00, real=0.12 secs] 
3402.412: [Full GC (Ergonomics) [PSYoungGen: 86362K->0K(465920K)] [ParOldGen: 1314342K->97429K(1361920K)] 1400705K->97429K(1827840K), [Metaspace: 60048K->60048K(1105920K)], 0.1344870 secs] [Times: user=0.56 sys=0.01, real=0.13 secs] 
3402.900: [GC (Allocation Failure) [PSYoungGen: 232960K->170420K(465920K)] 330389K->267850K(1827840K), 0.0292317 secs] [Times: user=0.10 sys=0.01, real=0.03 secs] 
3403.114: [GC (Allocation Failure) [PSYoungGen: 403380K->184438K(465920K)] 500810K->334567K(1827840K), 0.0571830 secs] [Times: user=0.27 sys=0.00, real=0.06 secs] 
3403.327: [GC (Allocation Failure) [PSYoungGen: 417398K->187221K(465920K)] 567527K->393287K(1827840K), 0.0490787 secs] [Times: user=0.23 sys=0.00, real=0.05 secs] 
3404.870: [GC (Allocation Failure) [PSYoungGen: 420181K->124495K(465920K)] 626247K->401049K(1827840K), 0.0469625 secs] [Times: user=0.24 sys=0.00, real=0.04 secs] 
3405.125: [GC (GCLocker Initiated GC) [PSYoungGen: 357455K->147185K(465920K)] 634011K->463333K(1827840K), 0.0899312 secs] [Times: user=0.48 sys=0.01, real=0.09 secs] 
3405.425: [GC (Allocation Failure) [PSYoungGen: 380145K->188501K(465920K)] 696587K->551168K(1827840K), 0.0443292 secs] [Times: user=0.19 sys=0.00, real=0.05 secs] 
3405.606: [GC (Allocation Failure) [PSYoungGen: 421461K->185495K(465920K)] 784128K->610910K(1827840K), 0.0502453 secs] [Times: user=0.23 sys=0.01, real=0.05 secs] 
3405.805: [GC (Allocation Failure) [PSYoungGen: 418455K->184501K(465920K)] 843870K->668556K(1827840K), 0.0604662 secs] [Times: user=0.30 sys=0.00, real=0.06 secs] 
3406.820: [GC (GCLocker Initiated GC) [PSYoungGen: 417461K->92091K(465920K)] 901516K->645930K(1827840K), 0.0440066 secs] [Times: user=0.23 sys=0.00, real=0.04 secs] 
3407.012: [GC (GCLocker Initiated GC) [PSYoungGen: 325051K->176469K(465920K)] 878892K->759927K(1827840K), 0.0419866 secs] [Times: user=0.18 sys=0.00, real=0.04 secs] 
3407.199: [GC (Allocation Failure) [PSYoungGen: 409429K->179605K(465920K)] 992891K->818307K(1827840K), 0.0429600 secs] [Times: user=0.20 sys=0.00, real=0.04 secs] 
3407.356: [GC (Allocation Failure) [PSYoungGen: 412565K->186901K(465920K)] 1051267K->880403K(1827840K), 0.0453796 secs] [Times: user=0.22 sys=0.00, real=0.05 secs] 
3408.385: [GC (Allocation Failure) [PSYoungGen: 419861K->131728K(465920K)] 1113363K->895550K(1827840K), 0.0486792 secs] [Times: user=0.24 sys=0.00, real=0.05 secs] 
3410.286: [GC (Allocation Failure) [PSYoungGen: 364688K->133392K(465920K)] 1128510K->938942K(1827840K), 0.1036256 secs] [Times: user=0.56 sys=0.00, real=0.11 secs] 
3410.548: [GC (Allocation Failure) [PSYoungGen: 366352K->172564K(465920K)] 1171902K->1020771K(1827840K), 0.0385989 secs] [Times: user=0.17 sys=0.00, real=0.03 secs] 
3410.736: [GC (Allocation Failure) [PSYoungGen: 405524K->184727K(465920K)] 1253731K->1093142K(1827840K), 0.0621680 secs] [Times: user=0.30 sys=0.00, real=0.07 secs] 
3410.923: [GC (Allocation Failure) [PSYoungGen: 417687K->187125K(465920K)] 1326102K->1154092K(1827840K), 0.0584132 secs] [Times: user=0.29 sys=0.00, real=0.06 secs] 
3411.972: [GC (Allocation Failure) [PSYoungGen: 420085K->95147K(465920K)] 1387052K->1132794K(1827840K), 0.0461820 secs] [Times: user=0.24 sys=0.00, real=0.05 secs] 
3412.245: [GC (Allocation Failure) [PSYoungGen: 328107K->176277K(465920K)] 1365754K->1244868K(1827840K), 0.0466327 secs] [Times: user=0.20 sys=0.00, real=0.05 secs] 
3412.432: [GC (Allocation Failure) [PSYoungGen: 409237K->200950K(465920K)] 1477828K->1324253K(1827840K), 0.0442064 secs] [Times: user=0.20 sys=0.00, real=0.04 secs] 
3412.590: [GC (Allocation Failure) [PSYoungGen: 433910K->186421K(465920K)] 1557213K->1365708K(1827840K), 0.0476466 secs] [Times: user=0.22 sys=0.00, real=0.04 secs] 
3413.814: [GC (Allocation Failure) [PSYoungGen: 419381K->139889K(465920K)] 1598668K->1389336K(1827840K), 0.0515829 secs] [Times: user=0.26 sys=0.00, real=0.05 secs] 
3414.291: [GC (Allocation Failure) [PSYoungGen: 372849K->124751K(465920K)] 1622296K->1418614K(1827840K), 0.0690071 secs] [Times: user=0.34 sys=0.00, real=0.07 secs] 
3414.361: [Full GC (Ergonomics) [PSYoungGen: 124751K->0K(465920K)] [ParOldGen: 1293863K->143006K(1398272K)] 1418614K->143006K(1864192K), [Metaspace: 60048K->60048K(1105920K)], 0.1296541 secs] [Times: user=0.51 sys=0.00, real=0.13 secs] 
3414.668: [GC (Allocation Failure) [PSYoungGen: 232960K->179189K(465920K)] 375966K->322196K(1864192K), 0.0325051 secs] [Times: user=0.13 sys=0.00, real=0.03 secs] 
3414.825: [GC (Allocation Failure) [PSYoungGen: 412149K->185847K(465920K)] 555156K->391382K(1864192K), 0.0481319 secs] [Times: user=0.23 sys=0.00, real=0.05 secs] 
3414.986: [GC (Allocation Failure) [PSYoungGen: 418807K->186549K(465920K)] 624342K->450968K(1864192K), 0.0576012 secs] [Times: user=0.29 sys=0.00, real=0.06 secs] 
3416.905: [GC (Allocation Failure) [PSYoungGen: 419509K->89338K(465920K)] 683928K->424157K(1864192K), 0.1083260 secs] [Times: user=0.60 sys=0.00, real=0.11 secs] 
3417.810: [GC (Allocation Failure) [PSYoungGen: 322298K->170164K(465920K)] 657117K->534084K(1864192K), 0.0418781 secs] [Times: user=0.17 sys=0.00, real=0.04 secs] 
3417.984: [GC (Allocation Failure) [PSYoungGen: 403124K->184502K(465920K)] 767044K->601346K(1864192K), 0.0424058 secs] [Times: user=0.19 sys=0.00, real=0.04 secs] 
3418.136: [GC (Allocation Failure) [PSYoungGen: 402754K->171317K(465920K)] 819598K->652305K(1864192K), 0.0475553 secs] [Times: user=0.23 sys=0.00, real=0.05 secs] 
3419.062: [GC (Allocation Failure) [PSYoungGen: 404277K->168883K(465920K)] 885265K->704279K(1864192K), 0.0527849 secs] [Times: user=0.26 sys=0.00, real=0.05 secs] 
3419.388: [GC (Allocation Failure) [PSYoungGen: 401843K->105596K(465920K)] 937239K->705608K(1864192K), 0.0538249 secs] [Times: user=0.28 sys=0.00, real=0.05 secs] 
3419.577: [GC (Allocation Failure) [PSYoungGen: 332298K->176405K(465920K)] 932310K->810505K(1864192K), 0.0349090 secs] [Times: user=0.15 sys=0.00, real=0.04 secs] 
3419.766: [GC (GCLocker Initiated GC) [PSYoungGen: 409365K->182549K(465920K)] 1043468K->871372K(1864192K), 0.0526484 secs] [Times: user=0.25 sys=0.00, real=0.06 secs] 
3420.167: [GC (Allocation Failure) [PSYoungGen: 415509K->186037K(465920K)] 1104499K->930242K(1864192K), 0.0478099 secs] [Times: user=0.22 sys=0.00, real=0.05 secs] 
3421.278: [GC (Allocation Failure) [PSYoungGen: 418997K->97579K(465920K)] 1163202K->911785K(1864192K), 0.0451375 secs] [Times: user=0.23 sys=0.00, real=0.05 secs] 
3421.591: [GC (GCLocker Initiated GC) [PSYoungGen: 330539K->164467K(465920K)] 1144745K->1010418K(1864192K), 0.0609942 secs] [Times: user=0.28 sys=0.01, real=0.06 secs] 
3421.801: [GC (Allocation Failure) [PSYoungGen: 397427K->184342K(465920K)] 1243544K->1081915K(1864192K), 0.0431626 secs] [Times: user=0.20 sys=0.00, real=0.04 secs] 
3421.964: [GC (Allocation Failure) [PSYoungGen: 417302K->185975K(465920K)] 1314875K->1147716K(1864192K), 0.0510018 secs] [Times: user=0.24 sys=0.00, real=0.05 secs] 
3422.415: [GC (Allocation Failure) [PSYoungGen: 417949K->217236K(465920K)] 1379690K->1238137K(1864192K), 0.0546900 secs] [Times: user=0.27 sys=0.00, real=0.06 secs] 
3424.304: [GC (Allocation Failure) [PSYoungGen: 450196K->88810K(465920K)] 1471097K->1178659K(1864192K), 0.1129776 secs] [Times: user=0.62 sys=0.00, real=0.11 secs] 
3424.619: [GC (Allocation Failure) [PSYoungGen: 321770K->177493K(465920K)] 1411619K->1296283K(1864192K), 0.0369481 secs] [Times: user=0.14 sys=0.00, real=0.03 secs] 
3424.825: [GC (Allocation Failure) [PSYoungGen: 410453K->185014K(465920K)] 1529243K->1359276K(1864192K), 0.0648858 secs] [Times: user=0.31 sys=0.00, real=0.07 secs] 
3425.020: [GC (Allocation Failure) [PSYoungGen: 417974K->186741K(465920K)] 1592236K->1417195K(1864192K), 0.0472875 secs] [Times: user=0.23 sys=0.00, real=0.04 secs] 
3426.030: [GC (Allocation Failure) [PSYoungGen: 419701K->102492K(465920K)] 1650155K->1403398K(1864192K), 0.0462143 secs] [Times: user=0.24 sys=0.00, real=0.04 secs] 
3426.324: [GC (Allocation Failure) [PSYoungGen: 335452K->168372K(465920K)] 1636358K->1503250K(1864192K), 0.0713676 secs] [Times: user=0.34 sys=0.02, real=0.07 secs] 
3426.395: [Full GC (Ergonomics) [PSYoungGen: 168372K->0K(465920K)] [ParOldGen: 1334878K->189754K(1398272K)] 1503250K->189754K(1864192K), [Metaspace: 60048K->60048K(1105920K)], 0.1891906 secs] [Times: user=0.87 sys=0.00, real=0.19 secs] 
3426.702: [GC (Allocation Failure) [PSYoungGen: 232960K->183797K(465920K)] 422714K->373552K(1864192K), 0.0326270 secs] [Times: user=0.13 sys=0.00, real=0.03 secs] 
3426.890: [GC (Allocation Failure) [PSYoungGen: 416757K->180438K(465920K)] 606512K->434329K(1864192K), 0.0501730 secs] [Times: user=0.23 sys=0.01, real=0.05 secs] 
3427.211: [GC (Allocation Failure) [PSYoungGen: 413398K->186421K(465920K)] 667289K->497680K(1864192K), 0.0552958 secs] [Times: user=0.27 sys=0.00, real=0.05 secs] 
3428.202: [GC (Allocation Failure) [PSYoungGen: 419381K->91146K(465920K)] 730640K->472653K(1864192K), 0.0434717 secs] [Times: user=0.23 sys=0.01, real=0.04 secs] 
3428.448: [GC (Allocation Failure) [PSYoungGen: 324106K->177589K(465920K)] 705613K->588225K(1864192K), 0.0464246 secs] [Times: user=0.20 sys=0.00, real=0.04 secs] 
3428.627: [GC (Allocation Failure) [PSYoungGen: 410549K->184790K(465920K)] 821185K->650997K(1864192K), 0.0428623 secs] [Times: user=0.19 sys=0.00, real=0.05 secs] 
3428.807: [GC (Allocation Failure) [PSYoungGen: 417750K->186741K(465920K)] 883957K->708861K(1864192K), 0.0495447 secs] [Times: user=0.23 sys=0.00, real=0.05 secs] 
3429.823: [GC (Allocation Failure) [PSYoungGen: 419701K->104956K(465920K)] 941821K->697420K(1864192K), 0.0456385 secs] [Times: user=0.24 sys=0.00, real=0.05 secs] 
3430.510: [GC (Allocation Failure) [PSYoungGen: 337916K->159603K(465920K)] 930380K->786151K(1864192K), 0.0718592 secs] [Times: user=0.36 sys=0.00, real=0.07 secs] 
3430.729: [GC (Allocation Failure) [PSYoungGen: 392563K->184470K(465920K)] 1019111K->861538K(1864192K), 0.0417659 secs] [Times: user=0.18 sys=0.00, real=0.04 secs] 
3430.940: [GC (Allocation Failure) [PSYoungGen: 417430K->186071K(465920K)] 1094498K->927316K(1864192K), 0.0761017 secs] [Times: user=0.38 sys=0.00, real=0.07 secs] 
3431.145: [GC (Allocation Failure) [PSYoungGen: 419031K->186133K(465920K)] 1160276K->986410K(1864192K), 0.0563617 secs] [Times: user=0.28 sys=0.00, real=0.06 secs] 
3432.746: [GC (Allocation Failure) [PSYoungGen: 419093K->87194K(465920K)] 1219370K->957575K(1864192K), 0.1038896 secs] [Times: user=0.58 sys=0.00, real=0.11 secs] 
3433.091: [GC (Allocation Failure) [PSYoungGen: 320154K->174325K(465920K)] 1190535K->1073106K(1864192K), 0.0334031 secs] [Times: user=0.13 sys=0.00, real=0.03 secs] 
3433.708: [GC (Allocation Failure) [PSYoungGen: 407183K->183413K(465920K)] 1305965K->1136043K(1864192K), 0.0751457 secs] [Times: user=0.37 sys=0.00, real=0.07 secs] 
3434.163: [GC (Allocation Failure) [PSYoungGen: 416373K->185845K(465920K)] 1369003K->1193930K(1864192K), 0.0686419 secs] [Times: user=0.33 sys=0.00, real=0.07 secs] 
3435.466: [GC (Allocation Failure) [PSYoungGen: 418805K->114670K(465920K)] 1426890K->1193011K(1864192K), 0.0468448 secs] [Times: user=0.24 sys=0.00, real=0.05 secs] 
3435.691: [GC (Allocation Failure) [PSYoungGen: 347630K->155474K(465920K)] 1425971K->1271668K(1864192K), 0.0726237 secs] [Times: user=0.36 sys=0.01, real=0.07 secs] 
3435.939: [GC (Allocation Failure) [PSYoungGen: 388434K->180917K(465920K)] 1504628K->1345454K(1864192K), 0.0417161 secs] [Times: user=0.18 sys=0.00, real=0.04 secs] 
3436.179: [GC (Allocation Failure) [PSYoungGen: 413877K->182038K(465920K)] 1578414K->1409468K(1864192K), 0.0724147 secs] [Times: user=0.35 sys=0.01, real=0.07 secs] 
3436.459: [GC (GCLocker Initiated GC) [PSYoungGen: 414998K->183860K(465920K)] 1642428K->1469026K(1864192K), 0.0735636 secs] [Times: user=0.38 sys=0.00, real=0.07 secs] 
3437.775: [GC (Allocation Failure) [PSYoungGen: 416820K->93259K(465920K)] 1702148K->1448163K(1864192K), 0.0830644 secs] [Times: user=0.43 sys=0.02, real=0.09 secs] 
3437.858: [Full GC (Ergonomics) [PSYoungGen: 93259K->0K(465920K)] [ParOldGen: 1354903K->103486K(1388544K)] 1448163K->103486K(1854464K), [Metaspace: 60050K->60050K(1105920K)], 0.1245509 secs] [Times: user=0.52 sys=0.00, real=0.12 secs] 
3438.674: [GC (Allocation Failure) [PSYoungGen: 232960K->175925K(465920K)] 336446K->279411K(1854464K), 0.0304763 secs] [Times: user=0.11 sys=0.00, real=0.03 secs] 
3438.834: [GC (Allocation Failure) [PSYoungGen: 408885K->181749K(465920K)] 512371K->339872K(1854464K), 0.0422097 secs] [Times: user=0.19 sys=0.00, real=0.04 secs] 
3439.015: [GC (Allocation Failure) [PSYoungGen: 414709K->187029K(465920K)] 572832K->400463K(1854464K), 0.0573171 secs] [Times: user=0.28 sys=0.00, real=0.06 secs] 
3440.032: [GC (Allocation Failure) [PSYoungGen: 419989K->122767K(465920K)] 633423K->406641K(1854464K), 0.0469685 secs] [Times: user=0.23 sys=0.00, real=0.05 secs] 
3440.755: [GC (Allocation Failure) [PSYoungGen: 355727K->145953K(465920K)] 639601K->468636K(1854464K), 0.0801264 secs] [Times: user=0.42 sys=0.00, real=0.08 secs] 
3441.023: [GC (Allocation Failure) [PSYoungGen: 378913K->182581K(465920K)] 701596K->550749K(1854464K), 0.0494479 secs] [Times: user=0.23 sys=0.00, real=0.05 secs] 
3441.192: [GC (Allocation Failure) [PSYoungGen: 415541K->185911K(465920K)] 783709K->617814K(1854464K), 0.0491888 secs] [Times: user=0.23 sys=0.00, real=0.05 secs] 
3441.638: [GC (Allocation Failure) [PSYoungGen: 418871K->212852K(465920K)] 850774K->703828K(1854464K), 0.0960342 secs] [Times: user=0.50 sys=0.00, real=0.09 secs] 
3443.603: [GC (Allocation Failure) [PSYoungGen: 445812K->93211K(465920K)] 936788K->652450K(1854464K), 0.0790945 secs] [Times: user=0.43 sys=0.00, real=0.08 secs] 
3443.942: [GC (Allocation Failure) [PSYoungGen: 326171K->174741K(465920K)] 885410K->764381K(1854464K), 0.0374008 secs] [Times: user=0.16 sys=0.00, real=0.04 secs] 
3444.098: [GC (Allocation Failure) [PSYoungGen: 407701K->181493K(465920K)] 997341K->825342K(1854464K), 0.0423141 secs] [Times: user=0.19 sys=0.00, real=0.05 secs] 
3444.254: [GC (Allocation Failure) [PSYoungGen: 414453K->186581K(465920K)] 1058302K->885253K(1854464K), 0.0448385 secs] [Times: user=0.21 sys=0.00, real=0.05 secs] 
3445.235: [GC (Allocation Failure) [PSYoungGen: 419541K->132752K(465920K)] 1118213K->901777K(1854464K), 0.0485327 secs] [Times: user=0.24 sys=0.00, real=0.05 secs] 
3445.532: [GC (Allocation Failure) [PSYoungGen: 365712K->142833K(465920K)] 1134737K->954073K(1854464K), 0.0629523 secs] [Times: user=0.32 sys=0.00, real=0.06 secs] 
3445.714: [GC (Allocation Failure) [PSYoungGen: 375793K->178325K(465920K)] 1187033K->1035454K(1854464K), 0.0393396 secs] [Times: user=0.17 sys=0.00, real=0.04 secs] 
3445.876: [GC (Allocation Failure) [PSYoungGen: 411285K->185815K(465920K)] 1268414K->1105164K(1854464K), 0.0497698 secs] [Times: user=0.24 sys=0.00, real=0.05 secs] 
3446.040: [GC (Allocation Failure) [PSYoungGen: 418775K->186517K(465920K)] 1338124K->1164986K(1854464K), 0.0583483 secs] [Times: user=0.29 sys=0.00, real=0.06 secs] 
3447.576: [GC (Allocation Failure) [PSYoungGen: 419477K->89082K(465920K)] 1397946K->1137748K(1854464K), 0.0907795 secs] [Times: user=0.49 sys=0.00, real=0.09 secs] 
3448.050: [GC (Allocation Failure) [PSYoungGen: 322042K->178485K(465920K)] 1370708K->1255836K(1854464K), 0.0355711 secs] [Times: user=0.15 sys=0.00, real=0.03 secs] 
3448.203: [GC (Allocation Failure) [PSYoungGen: 411445K->182197K(465920K)] 1488796K->1315280K(1854464K), 0.0436967 secs] [Times: user=0.20 sys=0.00, real=0.04 secs] 
3448.362: [GC (Allocation Failure) [PSYoungGen: 415157K->186997K(465920K)] 1548240K->1375439K(1854464K), 0.0457674 secs] [Times: user=0.21 sys=0.00, real=0.05 secs] 
3449.340: [GC (Allocation Failure) [PSYoungGen: 419957K->131152K(465920K)] 1608399K->1390099K(1854464K), 0.0490931 secs] [Times: user=0.24 sys=0.00, real=0.05 secs] 
3449.658: [GC (Allocation Failure) [PSYoungGen: 364112K->140641K(465920K)] 1623059K->1441131K(1854464K), 0.0589340 secs] [Times: user=0.30 sys=0.00, real=0.05 secs] 
3450.393: [GC (GCLocker Initiated GC) [PSYoungGen: 373601K->175540K(465920K)] 1674091K->1520983K(1854464K), 0.0548365 secs] [Times: user=0.25 sys=0.00, real=0.06 secs] 
3450.448: [Full GC (Ergonomics) [PSYoungGen: 175540K->0K(465920K)] [ParOldGen: 1345443K->237651K(1398272K)] 1520983K->237651K(1864192K), [Metaspace: 60082K->60082K(1105920K)], 0.3019164 secs] [Times: user=1.40 sys=0.01, real=0.30 secs] 
3450.868: [GC (Allocation Failure) [PSYoungGen: 232960K->183926K(465920K)] 470613K->421580K(1864192K), 0.0777328 secs] [Times: user=0.40 sys=0.00, real=0.07 secs] 
3451.060: [GC (Allocation Failure) [PSYoungGen: 416886K->186709K(465920K)] 654540K->482963K(1864192K), 0.0576475 secs] [Times: user=0.28 sys=0.00, real=0.05 secs] 
3452.036: [GC (Allocation Failure) [PSYoungGen: 419669K->90682K(465920K)] 715923K->457408K(1864192K), 0.0437258 secs] [Times: user=0.22 sys=0.00, real=0.05 secs] 
3452.330: [GC (Allocation Failure) [PSYoungGen: 323642K->173460K(465920K)] 690368K->568943K(1864192K), 0.0490320 secs] [Times: user=0.20 sys=0.01, real=0.05 secs] 
3452.532: [GC (Allocation Failure) [PSYoungGen: 406420K->184758K(465920K)] 801903K->634684K(1864192K), 0.0430255 secs] [Times: user=0.19 sys=0.00, real=0.04 secs] 
3452.713: [GC (Allocation Failure) [PSYoungGen: 417718K->187189K(465920K)] 867644K->693140K(1864192K), 0.0505343 secs] [Times: user=0.24 sys=0.00, real=0.05 secs] 
3453.660: [GC (Allocation Failure) [PSYoungGen: 420149K->138929K(465920K)] 926100K->715500K(1864192K), 0.0493452 secs] [Times: user=0.24 sys=0.01, real=0.05 secs] 
3454.707: [GC (Allocation Failure) [PSYoungGen: 371889K->131087K(465920K)] 948460K->751810K(1864192K), 0.1237120 secs] [Times: user=0.69 sys=0.00, real=0.13 secs] 
3455.029: [GC (Allocation Failure) [PSYoungGen: 364047K->175924K(465920K)] 984770K->838953K(1864192K), 0.0384695 secs] [Times: user=0.16 sys=0.00, real=0.04 secs] 
3455.216: [GC (Allocation Failure) [PSYoungGen: 408884K->185431K(465920K)] 1071913K->910195K(1864192K), 0.0668625 secs] [Times: user=0.32 sys=0.00, real=0.07 secs] 
3455.450: [GC (Allocation Failure) [PSYoungGen: 418391K->186709K(465920K)] 1143155K->970138K(1864192K), 0.0835574 secs] [Times: user=0.37 sys=0.00, real=0.08 secs] 
3456.656: [GC (Allocation Failure) [PSYoungGen: 419669K->94043K(465920K)] 1203098K->947904K(1864192K), 0.0708069 secs] [Times: user=0.38 sys=0.00, real=0.07 secs] 
3457.173: [GC (Allocation Failure) [PSYoungGen: 327003K->174197K(465920K)] 1180864K->1058982K(1864192K), 0.0427156 secs] [Times: user=0.19 sys=0.00, real=0.04 secs] 
3457.346: [GC (Allocation Failure) [PSYoungGen: 407157K->184438K(465920K)] 1291942K->1123191K(1864192K), 0.0437833 secs] [Times: user=0.19 sys=0.00, real=0.05 secs] 
3457.504: [GC (Allocation Failure) [PSYoungGen: 417398K->186613K(465920K)] 1356151K->1181150K(1864192K), 0.0459597 secs] [Times: user=0.21 sys=0.00, real=0.05 secs] 
3459.067: [GC (Allocation Failure) [PSYoungGen: 419573K->141841K(465920K)] 1414110K->1206714K(1864192K), 0.0506037 secs] [Times: user=0.25 sys=0.00, real=0.05 secs] 
3459.426: [GC (Allocation Failure) [PSYoungGen: 374801K->125279K(465920K)] 1439674K->1235168K(1864192K), 0.1137203 secs] [Times: user=0.62 sys=0.00, real=0.12 secs] 
3459.709: [GC (Allocation Failure) [PSYoungGen: 358239K->178005K(465920K)] 1468128K->1327763K(1864192K), 0.0385803 secs] [Times: user=0.17 sys=0.00, real=0.04 secs] 
3459.867: [GC (Allocation Failure) [PSYoungGen: 410965K->185687K(465920K)] 1560723K->1397649K(1864192K), 0.0506159 secs] [Times: user=0.23 sys=0.00, real=0.05 secs] 
3460.029: [GC (Allocation Failure) [PSYoungGen: 418647K->186805K(465920K)] 1630609K->1457623K(1864192K), 0.0584795 secs] [Times: user=0.29 sys=0.00, real=0.05 secs] 
3461.164: [GC (Allocation Failure) [PSYoungGen: 419765K->89994K(465920K)] 1690583K->1431401K(1864192K), 0.0694240 secs] [Times: user=0.38 sys=0.00, real=0.07 secs] 
3461.233: [Full GC (Ergonomics) [PSYoungGen: 89994K->0K(465920K)] [ParOldGen: 1341406K->90926K(1384448K)] 1431401K->90926K(1850368K), [Metaspace: 60083K->60083K(1105920K)], 0.0774694 secs] [Times: user=0.28 sys=0.01, real=0.08 secs] 
3461.800: [GC (Allocation Failure) [PSYoungGen: 232960K->172212K(465920K)] 323886K->263139K(1850368K), 0.0323306 secs] [Times: user=0.12 sys=0.01, real=0.03 secs] 
3462.039: [GC (Allocation Failure) [PSYoungGen: 405172K->184662K(465920K)] 496099K->329616K(1850368K), 0.0630857 secs] [Times: user=0.30 sys=0.01, real=0.06 secs] 
3462.268: [GC (Allocation Failure) [PSYoungGen: 407694K->171381K(465920K)] 552649K->380448K(1850368K), 0.0703982 secs] [Times: user=0.35 sys=0.00, real=0.07 secs] 
3463.213: [GC (Allocation Failure) [PSYoungGen: 404341K->168499K(465920K)] 613408K->432373K(1850368K), 0.0520658 secs] [Times: user=0.26 sys=0.00, real=0.05 secs] 
3463.987: [GC (Allocation Failure) [PSYoungGen: 401459K->110589K(465920K)] 665333K->439016K(1850368K), 0.0756378 secs] [Times: user=0.39 sys=0.00, real=0.08 secs] 
3464.291: [GC (Allocation Failure) [PSYoungGen: 343549K->178421K(465920K)] 671976K->541936K(1850368K), 0.0385179 secs] [Times: user=0.16 sys=0.00, real=0.04 secs] 
3464.454: [GC (Allocation Failure) [PSYoungGen: 411381K->182070K(465920K)] 774896K->608114K(1850368K), 0.0488846 secs] [Times: user=0.22 sys=0.00, real=0.05 secs] 
3464.638: [GC (Allocation Failure) [PSYoungGen: 415030K->182260K(465920K)] 841074K->666080K(1850368K), 0.0666638 secs] [Times: user=0.34 sys=0.00, real=0.07 secs] 
3466.235: [GC (Allocation Failure) [PSYoungGen: 415220K->96619K(465920K)] 899040K->649367K(1850368K), 0.0460205 secs] [Times: user=0.23 sys=0.00, real=0.05 secs] 
3466.503: [GC (Allocation Failure) [PSYoungGen: 329579K->173173K(465920K)] 882327K->757369K(1850368K), 0.0643229 secs] [Times: user=0.31 sys=0.00, real=0.06 secs] 
3466.734: [GC (Allocation Failure) [PSYoungGen: 406133K->184342K(465920K)] 990329K->822494K(1850368K), 0.0432129 secs] [Times: user=0.19 sys=0.00, real=0.04 secs] 
3466.896: [GC (Allocation Failure) [PSYoungGen: 417302K->185271K(465920K)] 1055454K->887495K(1850368K), 0.0499819 secs] [Times: user=0.24 sys=0.00, real=0.05 secs] 
3467.531: [GC (Allocation Failure) [PSYoungGen: 418231K->206099K(465920K)] 1120455K->967187K(1850368K), 0.0539038 secs] [Times: user=0.26 sys=0.00, real=0.05 secs] 
3468.263: [GC (Allocation Failure) [PSYoungGen: 439059K->97931K(465920K)] 1200147K->923740K(1850368K), 0.0498864 secs] [Times: user=0.26 sys=0.00, real=0.05 secs] 
3468.469: [GC (Allocation Failure) [PSYoungGen: 330891K->183574K(465920K)] 1156700K->1041420K(1850368K), 0.0360284 secs] [Times: user=0.15 sys=0.00, real=0.03 secs] 
3468.620: [GC (Allocation Failure) [PSYoungGen: 416534K->184758K(465920K)] 1274380K->1099531K(1850368K), 0.0446423 secs] [Times: user=0.21 sys=0.00, real=0.04 secs] 
3468.782: [GC (Allocation Failure) [PSYoungGen: 417718K->186581K(465920K)] 1332491K->1157106K(1850368K), 0.0465844 secs] [Times: user=0.21 sys=0.00, real=0.05 secs] 
3470.088: [GC (Allocation Failure) [PSYoungGen: 419541K->92587K(465920K)] 1390066K->1133528K(1850368K), 0.1022782 secs] [Times: user=0.55 sys=0.02, real=0.10 secs] 
3471.477: [GC (Allocation Failure) [PSYoungGen: 325547K->165684K(465920K)] 1366488K->1236746K(1850368K), 0.0565766 secs] [Times: user=0.27 sys=0.00, real=0.06 secs] 
3471.666: [GC (Allocation Failure) [PSYoungGen: 398644K->184726K(465920K)] 1469706K->1307500K(1850368K), 0.0431945 secs] [Times: user=0.19 sys=0.00, real=0.05 secs] 
3471.828: [GC (Allocation Failure) [PSYoungGen: 417686K->186167K(465920K)] 1540460K->1372981K(1850368K), 0.0516388 secs] [Times: user=0.24 sys=0.00, real=0.05 secs] 
3473.408: [GC (Allocation Failure) [PSYoungGen: 419127K->175027K(465920K)] 1605941K->1421098K(1850368K), 0.1367172 secs] [Times: user=0.73 sys=0.00, real=0.13 secs] 
3474.558: [GC (Allocation Failure) [PSYoungGen: 407987K->90970K(465920K)] 1654058K->1403841K(1850368K), 0.0543383 secs] [Times: user=0.29 sys=0.00, real=0.05 secs] 
3474.613: [Full GC (Ergonomics) [PSYoungGen: 90970K->0K(465920K)] [ParOldGen: 1312870K->105957K(1398272K)] 1403841K->105957K(1864192K), [Metaspace: 60088K->60088K(1105920K)], 0.1079284 secs] [Times: user=0.46 sys=0.00, real=0.11 secs] 
3474.948: [GC (Allocation Failure) [PSYoungGen: 232960K->181974K(465920K)] 338917K->287931K(1864192K), 0.0328045 secs] [Times: user=0.12 sys=0.00, real=0.03 secs] 
3475.111: [GC (Allocation Failure) [PSYoungGen: 414934K->184886K(465920K)] 520891K->347647K(1864192K), 0.0409615 secs] [Times: user=0.19 sys=0.00, real=0.04 secs] 
3475.319: [GC (Allocation Failure) [PSYoungGen: 417846K->182676K(465920K)] 580607K->401557K(1864192K), 0.0667278 secs] [Times: user=0.32 sys=0.01, real=0.06 secs] 
3476.368: [GC (Allocation Failure) [PSYoungGen: 415636K->105628K(465920K)] 634517K->393562K(1864192K), 0.0452908 secs] [Times: user=0.24 sys=0.00, real=0.05 secs] 
3476.815: [GC (Allocation Failure) [PSYoungGen: 338588K->163027K(465920K)] 626522K->484917K(1864192K), 0.0699772 secs] [Times: user=0.34 sys=0.00, real=0.07 secs] 
3477.031: [GC (Allocation Failure) [PSYoungGen: 395987K->181237K(465920K)] 717877K->554459K(1864192K), 0.0414293 secs] [Times: user=0.19 sys=0.01, real=0.04 secs] 
3477.195: [GC (Allocation Failure) [PSYoungGen: 414197K->184279K(465920K)] 787419K->620653K(1864192K), 0.0492865 secs] [Times: user=0.22 sys=0.01, real=0.05 secs] 
3477.362: [GC (Allocation Failure) [PSYoungGen: 417239K->186869K(465920K)] 853613K->681851K(1864192K), 0.0553024 secs] [Times: user=0.27 sys=0.00, real=0.05 secs] 
3479.209: [GC (Allocation Failure) [PSYoungGen: 419829K->87978K(465920K)] 914811K->653276K(1864192K), 0.0946320 secs] [Times: user=0.52 sys=0.00, real=0.09 secs] 
3479.577: [GC (Allocation Failure) [PSYoungGen: 320938K->181398K(465920K)] 886236K->774664K(1864192K), 0.0341563 secs] [Times: user=0.14 sys=0.00, real=0.04 secs] 
3479.728: [GC (Allocation Failure) [PSYoungGen: 414358K->184694K(465920K)] 1007624K->834160K(1864192K), 0.0441749 secs] [Times: user=0.20 sys=0.00, real=0.04 secs] 
3479.910: [GC (Allocation Failure) [PSYoungGen: 417654K->186901K(465920K)] 1067120K->892303K(1864192K), 0.0543912 secs] [Times: user=0.26 sys=0.00, real=0.05 secs] 
3480.935: [GC (Allocation Failure) [PSYoungGen: 419861K->108301K(465920K)] 1125263K->884143K(1864192K), 0.0462544 secs] [Times: user=0.23 sys=0.00, real=0.05 secs] 
3481.186: [GC (Allocation Failure) [PSYoungGen: 341261K->159347K(465920K)] 1117103K->970954K(1864192K), 0.0665056 secs] [Times: user=0.33 sys=0.00, real=0.07 secs] 
3481.392: [GC (Allocation Failure) [PSYoungGen: 392307K->180853K(465920K)] 1203914K->1042168K(1864192K), 0.0454064 secs] [Times: user=0.21 sys=0.00, real=0.05 secs] 
3481.557: [GC (Allocation Failure) [PSYoungGen: 413813K->185175K(465920K)] 1275128K->1109561K(1864192K), 0.0503042 secs] [Times: user=0.24 sys=0.00, real=0.05 secs] 
3481.721: [GC (Allocation Failure) [PSYoungGen: 418135K->186709K(465920K)] 1342521K->1169920K(1864192K), 0.0574860 secs] [Times: user=0.28 sys=0.00, real=0.06 secs] 
3482.787: [GC (Allocation Failure) [PSYoungGen: 418117K->90154K(465920K)] 1401328K->1143789K(1864192K), 0.0455047 secs] [Times: user=0.24 sys=0.00, real=0.05 secs] 
3483.097: [GC (Allocation Failure) [PSYoungGen: 323114K->175445K(465920K)] 1376749K->1258112K(1864192K), 0.0340015 secs] [Times: user=0.14 sys=0.00, real=0.04 secs] 
3483.253: [GC (GCLocker Initiated GC) [PSYoungGen: 408405K->184053K(465920K)] 1491072K->1321689K(1864192K), 0.0444154 secs] [Times: user=0.20 sys=0.00, real=0.04 secs] 
3483.429: [GC (Allocation Failure) [PSYoungGen: 417013K->200660K(465920K)] 1554688K->1394227K(1864192K), 0.0615665 secs] [Times: user=0.30 sys=0.00, real=0.06 secs] 
3484.513: [GC (Allocation Failure) [PSYoungGen: 433620K->119038K(465920K)] 1627187K->1382052K(1864192K), 0.0482528 secs] [Times: user=0.24 sys=0.00, real=0.05 secs] 
3485.666: [GC (Allocation Failure) [PSYoungGen: 351998K->146769K(465920K)] 1615012K->1448103K(1864192K), 0.0807802 secs] [Times: user=0.42 sys=0.00, real=0.08 secs] 
3485.895: [GC (Allocation Failure) [PSYoungGen: 379729K->184054K(465920K)] 1681063K->1532100K(1864192K), 0.0416689 secs] [Times: user=0.18 sys=0.00, real=0.04 secs] 
3485.936: [Full GC (Ergonomics) [PSYoungGen: 184054K->0K(465920K)] [ParOldGen: 1348046K->248920K(1398272K)] 1532100K->248920K(1864192K), [Metaspace: 60088K->60088K(1105920K)], 0.3135349 secs] [Times: user=1.37 sys=0.00, real=0.32 secs] 
3486.373: [GC (Allocation Failure) [PSYoungGen: 232960K->185719K(465920K)] 481880K->434639K(1864192K), 0.0875145 secs] [Times: user=0.46 sys=0.00, real=0.09 secs] 
3486.606: [GC (Allocation Failure) [PSYoungGen: 418679K->186581K(465920K)] 667599K->494693K(1864192K), 0.0567956 secs] [Times: user=0.28 sys=0.00, real=0.06 secs] 
3487.719: [GC (Allocation Failure) [PSYoungGen: 419541K->93979K(465920K)] 727653K->472491K(1864192K), 0.0682677 secs] [Times: user=0.36 sys=0.00, real=0.06 secs] 
3488.116: [GC (Allocation Failure) [PSYoungGen: 326939K->177525K(465920K)] 705451K->586203K(1864192K), 0.0328483 secs] [Times: user=0.14 sys=0.00, real=0.04 secs] 
3488.267: [GC (Allocation Failure) [PSYoungGen: 410485K->184790K(465920K)] 819163K->648739K(1864192K), 0.0433329 secs] [Times: user=0.19 sys=0.00, real=0.05 secs] 
3488.556: [GC (Allocation Failure) [PSYoungGen: 417750K->177940K(465920K)] 881699K->697985K(1864192K), 0.0597615 secs] [Times: user=0.30 sys=0.00, real=0.06 secs] 
3489.938: [GC (Allocation Failure) [PSYoungGen: 410900K->125455K(465920K)] 930945K->713101K(1864192K), 0.0471767 secs] [Times: user=0.23 sys=0.00, real=0.04 secs] 
3490.193: [GC (Allocation Failure) [PSYoungGen: 358415K->149105K(465920K)] 946061K->776519K(1864192K), 0.0825473 secs] [Times: user=0.43 sys=0.00, real=0.08 secs] 
3490.444: [GC (Allocation Failure) [PSYoungGen: 382065K->184021K(465920K)] 1009479K->858440K(1864192K), 0.0405991 secs] [Times: user=0.17 sys=0.00, real=0.04 secs] 
3490.603: [GC (Allocation Failure) [PSYoungGen: 416981K->182326K(465920K)] 1091400K->920745K(1864192K), 0.0494206 secs] [Times: user=0.22 sys=0.01, real=0.05 secs] 
3490.976: [GC (Allocation Failure) [PSYoungGen: 415286K->181300K(465920K)] 1153705K->977479K(1864192K), 0.0877744 secs] [Times: user=0.46 sys=0.00, real=0.09 secs] 
3492.217: [GC (Allocation Failure) [PSYoungGen: 414260K->91450K(465920K)] 1210439K->956269K(1864192K), 0.0592428 secs] [Times: user=0.32 sys=0.00, real=0.06 secs] 
3492.581: [GC (Allocation Failure) [PSYoungGen: 324410K->176053K(465920K)] 1189229K->1070780K(1864192K), 0.0330109 secs] [Times: user=0.13 sys=0.00, real=0.03 secs] 
3492.798: [GC (Allocation Failure) [PSYoungGen: 409013K->184694K(465920K)] 1303740K->1134297K(1864192K), 0.0656957 secs] [Times: user=0.31 sys=0.00, real=0.07 secs] 
3492.996: [GC (Allocation Failure) [PSYoungGen: 417654K->203381K(465920K)] 1367257K->1209072K(1864192K), 0.0466059 secs] [Times: user=0.21 sys=0.00, real=0.05 secs] 
3493.981: [GC (Allocation Failure) [PSYoungGen: 436341K->127887K(465920K)] 1442032K->1204107K(1864192K), 0.0487077 secs] [Times: user=0.24 sys=0.00, real=0.05 secs] 
3494.792: [GC (Allocation Failure) [PSYoungGen: 359718K->141489K(465920K)] 1435937K->1258292K(1864192K), 0.1140083 secs] [Times: user=0.62 sys=0.00, real=0.11 secs] 
3495.049: [GC (Allocation Failure) [PSYoungGen: 374449K->175700K(465920K)] 1491252K->1337701K(1864192K), 0.0386798 secs] [Times: user=0.17 sys=0.00, real=0.03 secs] 
3495.208: [GC (Allocation Failure) [PSYoungGen: 408660K->185079K(465920K)] 1570661K->1408303K(1864192K), 0.0489227 secs] [Times: user=0.23 sys=0.00, real=0.04 secs] 
3495.371: [GC (Allocation Failure) [PSYoungGen: 418039K->186325K(465920K)] 1641263K->1468197K(1864192K), 0.0574095 secs] [Times: user=0.28 sys=0.00, real=0.06 secs] 
3496.986: [GC (Allocation Failure) [PSYoungGen: 419285K->88842K(465920K)] 1701157K->1440931K(1864192K), 0.0431946 secs] [Times: user=0.22 sys=0.00, real=0.05 secs] 
3497.029: [Full GC (Ergonomics) [PSYoungGen: 88842K->0K(465920K)] [ParOldGen: 1352088K->93261K(1398272K)] 1440931K->93261K(1864192K), [Metaspace: 60088K->60088K(1105920K)], 0.0641194 secs] [Times: user=0.24 sys=0.00, real=0.06 secs] 
3497.243: [GC (Allocation Failure) [PSYoungGen: 232960K->175381K(465920K)] 326221K->268642K(1864192K), 0.0242900 secs] [Times: user=0.08 sys=0.00, real=0.02 secs] 
3497.386: [GC (Allocation Failure) [PSYoungGen: 408341K->184214K(465920K)] 501602K->332027K(1864192K), 0.0421707 secs] [Times: user=0.19 sys=0.00, real=0.05 secs] 
3497.572: [GC (Allocation Failure) [PSYoungGen: 417174K->203413K(465920K)] 564987K->407194K(1864192K), 0.0529145 secs] [Times: user=0.26 sys=0.00, real=0.05 secs] 
3498.570: [GC (Allocation Failure) [PSYoungGen: 436373K->137873K(465920K)] 640154K->412286K(1864192K), 0.0487377 secs] [Times: user=0.24 sys=0.00, real=0.05 secs] 
3499.741: [GC (Allocation Failure) [PSYoungGen: 370833K->127695K(465920K)] 645246K->445740K(1864192K), 0.1084123 secs] [Times: user=0.60 sys=0.00, real=0.11 secs] 
3500.001: [GC (Allocation Failure) [PSYoungGen: 360655K->176052K(465920K)] 678700K->535207K(1864192K), 0.0373694 secs] [Times: user=0.16 sys=0.00, real=0.04 secs] 
3500.160: [GC (Allocation Failure) [PSYoungGen: 409012K->185591K(465920K)] 768167K->606497K(1864192K), 0.0500388 secs] [Times: user=0.23 sys=0.00, real=0.05 secs] 
3500.376: [GC (Allocation Failure) [PSYoungGen: 418551K->186613K(465920K)] 839457K->666411K(1864192K), 0.0806464 secs] [Times: user=0.42 sys=0.00, real=0.08 secs] 
3501.708: [GC (Allocation Failure) [PSYoungGen: 419573K->92587K(465920K)] 899371K->642705K(1864192K), 0.1122777 secs] [Times: user=0.62 sys=0.00, real=0.12 secs] 
3502.264: [GC (Allocation Failure) [PSYoungGen: 325547K->172597K(465920K)] 875665K->753099K(1864192K), 0.0400058 secs] [Times: user=0.17 sys=0.00, real=0.04 secs] 
3502.531: [GC (Allocation Failure) [PSYoungGen: 405557K->183669K(465920K)] 986059K->817676K(1864192K), 0.0568333 secs] [Times: user=0.27 sys=0.00, real=0.05 secs] 
3503.405: [GC (GCLocker Initiated GC) [PSYoungGen: 416629K->185781K(465920K)] 1050637K->875436K(1864192K), 0.0980303 secs] [Times: user=0.50 sys=0.00, real=0.10 secs] 
3504.921: [GC (Allocation Failure) [PSYoungGen: 418741K->150258K(465920K)] 1108398K->909883K(1864192K), 0.0509575 secs] [Times: user=0.25 sys=0.00, real=0.05 secs] 
3505.272: [GC (Allocation Failure) [PSYoungGen: 383218K->119806K(465920K)] 1142843K->927007K(1864192K), 0.1162410 secs] [Times: user=0.65 sys=0.00, real=0.12 secs] 
3505.566: [GC (Allocation Failure) [PSYoungGen: 352766K->178453K(465920K)] 1159967K->1023943K(1864192K), 0.0372164 secs] [Times: user=0.16 sys=0.00, real=0.04 secs] 
3505.720: [GC (Allocation Failure) [PSYoungGen: 411413K->185591K(465920K)] 1256903K->1093417K(1864192K), 0.0494734 secs] [Times: user=0.23 sys=0.00, real=0.05 secs] 
3505.881: [GC (Allocation Failure) [PSYoungGen: 418551K->183636K(465920K)] 1326377K->1150350K(1864192K), 0.0579365 secs] [Times: user=0.29 sys=0.01, real=0.06 secs] 
3507.018: [GC (Allocation Failure) [PSYoungGen: 416596K->91499K(465920K)] 1383310K->1127621K(1864192K), 0.0496165 secs] [Times: user=0.26 sys=0.00, real=0.05 secs] 
3507.559: [GC (Allocation Failure) [PSYoungGen: 324459K->174389K(465920K)] 1360581K->1240116K(1864192K), 0.0426330 secs] [Times: user=0.18 sys=0.00, real=0.04 secs] 
3507.730: [GC (Allocation Failure) [PSYoungGen: 407349K->179349K(465920K)] 1473076K->1299732K(1864192K), 0.0427367 secs] [Times: user=0.19 sys=0.00, real=0.04 secs] 
3507.941: [GC (Allocation Failure) [PSYoungGen: 409428K->180950K(465920K)] 1529811K->1364501K(1864192K), 0.0707401 secs] [Times: user=0.35 sys=0.00, real=0.07 secs] 
3508.958: [GC (Allocation Failure) [PSYoungGen: 413910K->168883K(465920K)] 1597461K->1409898K(1864192K), 0.0542189 secs] [Times: user=0.26 sys=0.00, real=0.05 secs] 
3509.783: [GC (Allocation Failure) [PSYoungGen: 401843K->105916K(465920K)] 1642858K->1411719K(1864192K), 0.0850700 secs] [Times: user=0.45 sys=0.00, real=0.09 secs] 
3510.038: [GC (Allocation Failure) [PSYoungGen: 331998K->176533K(465920K)] 1637801K->1516089K(1864192K), 0.0361810 secs] [Times: user=0.15 sys=0.00, real=0.03 secs] 
3510.074: [Full GC (Ergonomics) [PSYoungGen: 176533K->0K(465920K)] [ParOldGen: 1339555K->227495K(1398272K)] 1516089K->227495K(1864192K), [Metaspace: 60090K->60090K(1105920K)], 0.2618544 secs] [Times: user=1.17 sys=0.00, real=0.26 secs] 
3510.458: [GC (Allocation Failure) [PSYoungGen: 232960K->184790K(465920K)] 460455K->412285K(1864192K), 0.0263971 secs] [Times: user=0.10 sys=0.00, real=0.03 secs] 
3511.002: [GC (Allocation Failure) [PSYoungGen: 417750K->182164K(465920K)] 645245K->465651K(1864192K), 0.0781832 secs] [Times: user=0.39 sys=0.00, real=0.08 secs] 
3512.067: [GC (Allocation Failure) [PSYoungGen: 415124K->100156K(465920K)] 698611K->452475K(1864192K), 0.0438598 secs] [Times: user=0.22 sys=0.00, real=0.05 secs] 
3512.303: [GC (Allocation Failure) [PSYoungGen: 333116K->167956K(465920K)] 685435K->553188K(1864192K), 0.0577569 secs] [Times: user=0.26 sys=0.01, real=0.06 secs] 
3512.528: [GC (Allocation Failure) [PSYoungGen: 400916K->192277K(465920K)] 786148K->629870K(1864192K), 0.0415557 secs] [Times: user=0.19 sys=0.00, real=0.04 secs] 
3512.687: [GC (Allocation Failure) [PSYoungGen: 425237K->185943K(465920K)] 862830K->687911K(1864192K), 0.0490568 secs] [Times: user=0.22 sys=0.00, real=0.05 secs] 
3513.186: [GC (Allocation Failure) [PSYoungGen: 418903K->217492K(465920K)] 920871K->778116K(1864192K), 0.0527075 secs] [Times: user=0.25 sys=0.00, real=0.06 secs] 
3513.975: [GC (Allocation Failure) [PSYoungGen: 450452K->94411K(465920K)] 1011076K->722059K(1864192K), 0.0396315 secs] [Times: user=0.21 sys=0.00, real=0.04 secs] 
3514.177: [GC (Allocation Failure) [PSYoungGen: 327371K->183606K(465920K)] 955019K->841895K(1864192K), 0.0462231 secs] [Times: user=0.20 sys=0.00, real=0.05 secs] 
3514.370: [GC (Allocation Failure) [PSYoungGen: 416566K->184886K(465920K)] 1074855K->900135K(1864192K), 0.0431808 secs] [Times: user=0.19 sys=0.00, real=0.04 secs] 
3514.525: [GC (Allocation Failure) [PSYoungGen: 417846K->184116K(465920K)] 1133095K->955382K(1864192K), 0.0444699 secs] [Times: user=0.21 sys=0.00, real=0.05 secs] 
3515.665: [GC (Allocation Failure) [PSYoungGen: 417076K->98187K(465920K)] 1188342K->938941K(1864192K), 0.0582698 secs] [Times: user=0.31 sys=0.00, real=0.06 secs] 
3516.959: [GC (Allocation Failure) [PSYoungGen: 331147K->168980K(465920K)] 1171901K->1041398K(1864192K), 0.0561820 secs] [Times: user=0.27 sys=0.00, real=0.05 secs] 
3517.192: [GC (Allocation Failure) [PSYoungGen: 401940K->184278K(465920K)] 1274358K->1109468K(1864192K), 0.0479835 secs] [Times: user=0.22 sys=0.00, real=0.05 secs] 
3517.383: [GC (Allocation Failure) [PSYoungGen: 417238K->186327K(465920K)] 1342428K->1175533K(1864192K), 0.0538940 secs] [Times: user=0.26 sys=0.00, real=0.05 secs] 
3517.706: [GC (Allocation Failure) [PSYoungGen: 418503K->214228K(465920K)] 1407709K->1262634K(1864192K), 0.0558819 secs] [Times: user=0.27 sys=0.00, real=0.06 secs] 
3518.695: [GC (Allocation Failure) [PSYoungGen: 447188K->88378K(465920K)] 1495594K->1204984K(1864192K), 0.0423999 secs] [Times: user=0.22 sys=0.00, real=0.04 secs] 
3519.348: [GC (Allocation Failure) [PSYoungGen: 321338K->182998K(465920K)] 1437944K->1328160K(1864192K), 0.0550328 secs] [Times: user=0.24 sys=0.00, real=0.05 secs] 
3519.864: [GC (Allocation Failure) [PSYoungGen: 415958K->184150K(465920K)] 1561120K->1386008K(1864192K), 0.0702059 secs] [Times: user=0.34 sys=0.00, real=0.07 secs] 
3520.111: [GC (Allocation Failure) [PSYoungGen: 417110K->186037K(465920K)] 1618968K->1443623K(1864192K), 0.0602379 secs] [Times: user=0.30 sys=0.00, real=0.06 secs] 
3521.170: [GC (Allocation Failure) [PSYoungGen: 418997K->97803K(465920K)] 1676583K->1425486K(1864192K), 0.0515319 secs] [Times: user=0.27 sys=0.00, real=0.05 secs] 
3521.221: [Full GC (Ergonomics) [PSYoungGen: 97803K->0K(465920K)] [ParOldGen: 1327682K->86855K(1397760K)] 1425486K->86855K(1863680K), [Metaspace: 60090K->60090K(1105920K)], 0.0329687 secs] [Times: user=0.10 sys=0.00, real=0.03 secs] 
3521.520: [GC (Allocation Failure) [PSYoungGen: 232960K->165140K(465920K)] 319815K->251995K(1863680K), 0.0226503 secs] [Times: user=0.08 sys=0.00, real=0.02 secs] 
3521.661: [GC (Allocation Failure) [PSYoungGen: 398100K->184438K(465920K)] 484955K->322825K(1863680K), 0.0412213 secs] [Times: user=0.19 sys=0.00, real=0.04 secs] 
3521.822: [GC (Allocation Failure) [PSYoungGen: 417398K->185943K(465920K)] 555785K->388438K(1863680K), 0.0490950 secs] [Times: user=0.23 sys=0.00, real=0.05 secs] 
3521.983: [GC (Allocation Failure) [PSYoungGen: 418903K->186293K(465920K)] 621398K->447628K(1863680K), 0.0549948 secs] [Times: user=0.27 sys=0.00, real=0.06 secs] 
3523.465: [GC (Allocation Failure) [PSYoungGen: 419253K->85994K(465920K)] 680588K->417761K(1863680K), 0.0530894 secs] [Times: user=0.29 sys=0.00, real=0.05 secs] 
3523.719: [GC (Allocation Failure) [PSYoungGen: 318954K->183350K(465920K)] 650721K->543482K(1863680K), 0.0450417 secs] [Times: user=0.20 sys=0.00, real=0.04 secs] 
3523.892: [GC (Allocation Failure) [PSYoungGen: 416310K->184886K(465920K)] 776442K->601890K(1863680K), 0.0435841 secs] [Times: user=0.19 sys=0.00, real=0.04 secs] 
3524.081: [GC (Allocation Failure) [PSYoungGen: 417846K->183444K(465920K)] 834850K->656489K(1863680K), 0.0659206 secs] [Times: user=0.33 sys=0.00, real=0.06 secs] 
3525.113: [GC (Allocation Failure) [PSYoungGen: 416404K->104300K(465920K)] 889449K->646560K(1863680K), 0.0446835 secs] [Times: user=0.23 sys=0.00, real=0.04 secs] 
3525.549: [GC (Allocation Failure) [PSYoungGen: 337260K->166356K(465920K)] 879520K->743172K(1863680K), 0.0704829 secs] [Times: user=0.35 sys=0.00, real=0.07 secs] 
3525.757: [GC (Allocation Failure) [PSYoungGen: 399316K->183893K(465920K)] 976132K->812198K(1863680K), 0.0424142 secs] [Times: user=0.19 sys=0.00, real=0.05 secs] 
3525.945: [GC (Allocation Failure) [PSYoungGen: 416853K->185143K(465920K)] 1045158K->877407K(1863680K), 0.0549613 secs] [Times: user=0.26 sys=0.00, real=0.06 secs] 
3526.567: [GC (Allocation Failure) [PSYoungGen: 418103K->178164K(465920K)] 1110367K->929132K(1863680K), 0.0983750 secs] [Times: user=0.51 sys=0.00, real=0.10 secs] 
3527.670: [GC (Allocation Failure) [PSYoungGen: 411124K->91530K(465920K)] 1162092K->910179K(1863680K), 0.0598478 secs] [Times: user=0.32 sys=0.00, real=0.06 secs] 
3527.941: [GC (Allocation Failure) [PSYoungGen: 324490K->182518K(465920K)] 1143139K->1030403K(1863680K), 0.0463030 secs] [Times: user=0.20 sys=0.00, real=0.04 secs] 
3528.158: [GC (Allocation Failure) [PSYoungGen: 415478K->184438K(465920K)] 1263363K->1089099K(1863680K), 0.0457703 secs] [Times: user=0.21 sys=0.00, real=0.04 secs] 
3528.318: [GC (Allocation Failure) [PSYoungGen: 417398K->186645K(465920K)] 1322059K->1147074K(1863680K), 0.0475126 secs] [Times: user=0.22 sys=0.00, real=0.04 secs] 
3529.327: [GC (Allocation Failure) [PSYoungGen: 419605K->103916K(465920K)] 1380034K->1134746K(1863680K), 0.0465268 secs] [Times: user=0.25 sys=0.00, real=0.05 secs] 
3529.728: [GC (Allocation Failure) [PSYoungGen: 336876K->160531K(465920K)] 1367706K->1225073K(1863680K), 0.0749122 secs] [Times: user=0.37 sys=0.00, real=0.07 secs] 
3529.950: [GC (Allocation Failure) [PSYoungGen: 393491K->184438K(465920K)] 1458033K->1299792K(1863680K), 0.0422579 secs] [Times: user=0.18 sys=0.00, real=0.04 secs] 
3530.114: [GC (Allocation Failure) [PSYoungGen: 417398K->185911K(465920K)] 1532752K->1365337K(1863680K), 0.0504589 secs] [Times: user=0.23 sys=0.00, real=0.05 secs] 
3530.279: [GC (Allocation Failure) [PSYoungGen: 418871K->186133K(465920K)] 1598297K->1424603K(1863680K), 0.0561422 secs] [Times: user=0.28 sys=0.00, real=0.05 secs] 
3532.124: [GC (Allocation Failure) [PSYoungGen: 419093K->84874K(465920K)] 1657563K->1393480K(1863680K), 0.1066941 secs] [Times: user=0.59 sys=0.00, real=0.11 secs] 
3532.448: [GC (Allocation Failure) [PSYoungGen: 317834K->180790K(465920K)] 1626440K->1517636K(1863680K), 0.0345691 secs] [Times: user=0.14 sys=0.00, real=0.04 secs] 
3532.482: [Full GC (Ergonomics) [PSYoungGen: 180790K->0K(465920K)] [ParOldGen: 1336846K->223376K(1398272K)] 1517636K->223376K(1864192K), [Metaspace: 60097K->60097K(1105920K)], 0.2447869 secs] [Times: user=1.10 sys=0.00, real=0.24 secs] 
3532.849: [GC (Allocation Failure) [PSYoungGen: 232960K->183413K(465920K)] 456336K->406790K(1864192K), 0.0267968 secs] [Times: user=0.10 sys=0.01, real=0.02 secs] 
3533.023: [GC (Allocation Failure) [PSYoungGen: 416373K->186901K(465920K)] 639750K->466142K(1864192K), 0.0546392 secs] [Times: user=0.26 sys=0.00, real=0.05 secs] 
3534.842: [GC (Allocation Failure) [PSYoungGen: 419861K->111037K(465920K)] 699102K->460918K(1864192K), 0.0454595 secs] [Times: user=0.24 sys=0.00, real=0.04 secs] 
3535.079: [GC (Allocation Failure) [PSYoungGen: 343997K->152882K(465920K)] 693878K->538888K(1864192K), 0.0510447 secs] [Times: user=0.24 sys=0.00, real=0.05 secs] 
3535.273: [GC (Allocation Failure) [PSYoungGen: 385842K->183829K(465920K)] 771848K->617487K(1864192K), 0.0459990 secs] [Times: user=0.21 sys=0.00, real=0.05 secs] 
3535.470: [GC (Allocation Failure) [PSYoungGen: 416789K->185879K(465920K)] 850447K->683761K(1864192K), 0.0586391 secs] [Times: user=0.28 sys=0.00, real=0.06 secs] 
3535.719: [GC (GCLocker Initiated GC) [PSYoungGen: 418839K->186549K(465920K)] 916721K->743359K(1864192K), 0.0580024 secs] [Times: user=0.29 sys=0.00, real=0.05 secs] 
3536.758: [GC (Allocation Failure) [PSYoungGen: 419509K->86858K(465920K)] 976322K->714087K(1864192K), 0.0625899 secs] [Times: user=0.34 sys=0.00, real=0.06 secs] 
3537.091: [GC (Allocation Failure) [PSYoungGen: 319818K->175925K(465920K)] 947047K->831118K(1864192K), 0.0394159 secs] [Times: user=0.18 sys=0.00, real=0.04 secs] 
3537.250: [GC (Allocation Failure) [PSYoungGen: 408835K->184566K(465920K)] 1064028K->895379K(1864192K), 0.0437446 secs] [Times: user=0.20 sys=0.00, real=0.04 secs] 
3537.460: [GC (Allocation Failure) [PSYoungGen: 417526K->186581K(465920K)] 1128339K->953322K(1864192K), 0.0713194 secs] [Times: user=0.36 sys=0.00, real=0.07 secs] 
3538.539: [GC (Allocation Failure) [PSYoungGen: 419541K->120399K(465920K)] 1186282K->957524K(1864192K), 0.0476832 secs] [Times: user=0.24 sys=0.00, real=0.04 secs] 
3540.096: [GC (Allocation Failure) [PSYoungGen: 349545K->141249K(465920K)] 1186670K->1016446K(1864192K), 0.1010322 secs] [Times: user=0.55 sys=0.00, real=0.10 secs] 
3540.343: [GC (Allocation Failure) [PSYoungGen: 374209K->175636K(465920K)] 1249406K->1096275K(1864192K), 0.0389549 secs] [Times: user=0.17 sys=0.00, real=0.04 secs] 
3540.535: [GC (Allocation Failure) [PSYoungGen: 408596K->185367K(465920K)] 1329235K->1167205K(1864192K), 0.0692687 secs] [Times: user=0.34 sys=0.00, real=0.07 secs] 
3540.740: [GC (Allocation Failure) [PSYoungGen: 418327K->187157K(465920K)] 1400165K->1227828K(1864192K), 0.0594018 secs] [Times: user=0.30 sys=0.00, real=0.06 secs] 
3542.467: [GC (Allocation Failure) [PSYoungGen: 420001K->93979K(465920K)] 1460671K->1205322K(1864192K), 0.0436519 secs] [Times: user=0.23 sys=0.00, real=0.05 secs] 
3542.768: [GC (Allocation Failure) [PSYoungGen: 326939K->178197K(465920K)] 1438282K->1319605K(1864192K), 0.0496232 secs] [Times: user=0.22 sys=0.00, real=0.05 secs] 
3543.004: [GC (Allocation Failure) [PSYoungGen: 411062K->180501K(465920K)] 1552470K->1377709K(1864192K), 0.0593617 secs] [Times: user=0.28 sys=0.00, real=0.06 secs] 
3543.181: [GC (Allocation Failure) [PSYoungGen: 413461K->186773K(465920K)] 1610669K->1438581K(1864192K), 0.0464487 secs] [Times: user=0.22 sys=0.00, real=0.04 secs] 
3544.166: [GC (Allocation Failure) [PSYoungGen: 419733K->132048K(465920K)] 1671541K->1454192K(1864192K), 0.0501637 secs] [Times: user=0.25 sys=0.00, real=0.05 secs] 
3544.216: [Full GC (Ergonomics) [PSYoungGen: 132048K->0K(465920K)] [ParOldGen: 1322143K->344102K(1398272K)] 1454192K->344102K(1864192K), [Metaspace: 60104K->60104K(1105920K)], 0.6022986 secs] [Times: user=2.67 sys=0.00, real=0.61 secs] 
3545.411: [GC (Allocation Failure) [PSYoungGen: 232960K->130671K(465920K)] 577062K->474774K(1864192K), 0.0285120 secs] [Times: user=0.10 sys=0.01, real=0.03 secs] 
3545.607: [GC (Allocation Failure) [PSYoungGen: 363631K->178997K(465920K)] 707734K->565937K(1864192K), 0.0381724 secs] [Times: user=0.16 sys=0.00, real=0.04 secs] 
3545.822: [GC (Allocation Failure) [PSYoungGen: 411957K->185495K(465920K)] 798897K->634819K(1864192K), 0.0705200 secs] [Times: user=0.35 sys=0.00, real=0.07 secs] 
3546.066: [GC (Allocation Failure) [PSYoungGen: 418455K->183764K(465920K)] 867779K->691912K(1864192K), 0.0789382 secs] [Times: user=0.40 sys=0.01, real=0.08 secs] 
3547.748: [GC (Allocation Failure) [PSYoungGen: 416724K->93083K(465920K)] 924872K->670559K(1864192K), 0.0918174 secs] [Times: user=0.49 sys=0.00, real=0.10 secs] 
3548.140: [GC (Allocation Failure) [PSYoungGen: 326043K->175413K(465920K)] 903519K->783162K(1864192K), 0.0328610 secs] [Times: user=0.14 sys=0.00, real=0.03 secs] 
3548.292: [GC (Allocation Failure) [PSYoungGen: 408373K->184502K(465920K)] 1016122K->847038K(1864192K), 0.0424285 secs] [Times: user=0.19 sys=0.00, real=0.04 secs] 
3548.499: [GC (Allocation Failure) [PSYoungGen: 417462K->186325K(465920K)] 1079998K->904886K(1864192K), 0.0656158 secs] [Times: user=0.32 sys=0.00, real=0.06 secs] 
3550.146: [GC (Allocation Failure) [PSYoungGen: 419285K->143185K(465920K)] 1137846K->932002K(1864192K), 0.0498590 secs] [Times: user=0.25 sys=0.00, real=0.05 secs] 
3550.534: [GC (Allocation Failure) [PSYoungGen: 376145K->126911K(465920K)] 1164962K->961224K(1864192K), 0.1270287 secs] [Times: user=0.70 sys=0.00, real=0.13 secs] 
3550.806: [GC (Allocation Failure) [PSYoungGen: 359871K->178549K(465920K)] 1194184K->1053467K(1864192K), 0.0378707 secs] [Times: user=0.16 sys=0.00, real=0.04 secs] 
3550.987: [GC (Allocation Failure) [PSYoungGen: 411509K->185271K(465920K)] 1286427K->1122761K(1864192K), 0.0549755 secs] [Times: user=0.26 sys=0.00, real=0.06 secs] 
3551.165: [GC (Allocation Failure) [PSYoungGen: 418231K->183220K(465920K)] 1355721K->1179438K(1864192K), 0.0569451 secs] [Times: user=0.28 sys=0.00, real=0.06 secs] 
3552.217: [GC (Allocation Failure) [PSYoungGen: 416180K->93403K(465920K)] 1412398K->1158821K(1864192K), 0.0636191 secs] [Times: user=0.34 sys=0.00, real=0.07 secs] 
3552.584: [GC (Allocation Failure) [PSYoungGen: 326363K->176341K(465920K)] 1391781K->1271692K(1864192K), 0.0455106 secs] [Times: user=0.20 sys=0.00, real=0.05 secs] 
3552.755: [GC (Allocation Failure) [PSYoungGen: 409301K->184758K(465920K)] 1504652K->1335376K(1864192K), 0.0441774 secs] [Times: user=0.20 sys=0.00, real=0.05 secs] 
3552.910: [GC (Allocation Failure) [PSYoungGen: 417718K->184404K(465920K)] 1568336K->1391023K(1864192K), 0.0466271 secs] [Times: user=0.22 sys=0.00, real=0.04 secs] 
3553.882: [GC (Allocation Failure) [PSYoungGen: 417364K->149554K(465920K)] 1623983K->1425661K(1864192K), 0.0515725 secs] [Times: user=0.26 sys=0.00, real=0.05 secs] 
3555.052: [GC (Allocation Failure) [PSYoungGen: 382514K->116686K(465920K)] 1658621K->1440304K(1864192K), 0.1409819 secs] [Times: user=0.79 sys=0.00, real=0.14 secs] 
3555.193: [Full GC (Ergonomics) [PSYoungGen: 116686K->0K(465920K)] [ParOldGen: 1323618K->133962K(1398272K)] 1440304K->133962K(1864192K), [Metaspace: 60107K->60107K(1105920K)], 0.1527138 secs] [Times: user=0.67 sys=0.00, real=0.15 secs] 
3555.477: [GC (Allocation Failure) [PSYoungGen: 232960K->178869K(465920K)] 366922K->312831K(1864192K), 0.0264473 secs] [Times: user=0.10 sys=0.00, real=0.03 secs] 
3555.654: [GC (Allocation Failure) [PSYoungGen: 411829K->182326K(465920K)] 545791K->378529K(1864192K), 0.0681206 secs] [Times: user=0.33 sys=0.00, real=0.07 secs] 
3555.891: [GC (Allocation Failure) [PSYoungGen: 415286K->186549K(465920K)] 611489K->440847K(1864192K), 0.0590334 secs] [Times: user=0.30 sys=0.01, real=0.06 secs] 
3556.913: [GC (Allocation Failure) [PSYoungGen: 419509K->97019K(465920K)] 673807K->421702K(1864192K), 0.0478338 secs] [Times: user=0.25 sys=0.00, real=0.05 secs] 
3557.276: [GC (Allocation Failure) [PSYoungGen: 329979K->175029K(465920K)] 654662K->531423K(1864192K), 0.0512083 secs] [Times: user=0.23 sys=0.00, real=0.05 secs] 
3557.468: [GC (Allocation Failure) [PSYoungGen: 407989K->181685K(465920K)] 764383K->592360K(1864192K), 0.0430047 secs] [Times: user=0.19 sys=0.00, real=0.05 secs] 
3557.642: [GC (Allocation Failure) [PSYoungGen: 406411K->173269K(465920K)] 817086K->647400K(1864192K), 0.0645421 secs] [Times: user=0.31 sys=0.01, real=0.06 secs] 
3558.655: [GC (Allocation Failure) [PSYoungGen: 406229K->212384K(465920K)] 880360K->741379K(1864192K), 0.0477592 secs] [Times: user=0.23 sys=0.00, real=0.05 secs] 
3559.013: [GC (Allocation Failure) [PSYoungGen: 445344K->101676K(465920K)] 974339K->695310K(1864192K), 0.0537376 secs] [Times: user=0.28 sys=0.00, real=0.05 secs] 
3559.262: [GC (Allocation Failure) [PSYoungGen: 334636K->181302K(465920K)] 928270K->807457K(1864192K), 0.0473886 secs] [Times: user=0.21 sys=0.00, real=0.05 secs] 
3559.436: [GC (Allocation Failure) [PSYoungGen: 414262K->184758K(465920K)] 1040417K->867465K(1864192K), 0.0440940 secs] [Times: user=0.20 sys=0.00, real=0.05 secs] 
3559.593: [GC (Allocation Failure) [PSYoungGen: 417718K->200468K(465920K)] 1100425K->939232K(1864192K), 0.0461252 secs] [Times: user=0.22 sys=0.00, real=0.05 secs] 
3561.065: [GC (Allocation Failure) [PSYoungGen: 433428K->97595K(465920K)] 1172192K->905835K(1864192K), 0.0983557 secs] [Times: user=0.53 sys=0.01, real=0.10 secs] 
3562.783: [GC (Allocation Failure) [PSYoungGen: 330555K->161779K(465920K)] 1138795K->1001200K(1864192K), 0.0609107 secs] [Times: user=0.30 sys=0.00, real=0.06 secs] 
3562.990: [GC (Allocation Failure) [PSYoungGen: 394739K->184598K(465920K)] 1234160K->1074706K(1864192K), 0.0426326 secs] [Times: user=0.20 sys=0.00, real=0.04 secs] 
3563.198: [GC (Allocation Failure) [PSYoungGen: 417558K->185399K(465920K)] 1307666K->1139667K(1864192K), 0.0755435 secs] [Times: user=0.37 sys=0.00, real=0.08 secs] 
3563.591: [GC (Allocation Failure) [PSYoungGen: 418359K->218357K(465920K)] 1372627K->1231257K(1864192K), 0.0556134 secs] [Times: user=0.27 sys=0.00, real=0.05 secs] 
3564.503: [GC (Allocation Failure) [PSYoungGen: 451317K->89466K(465920K)] 1464217K->1172039K(1864192K), 0.0546983 secs] [Times: user=0.29 sys=0.00, real=0.05 secs] 
3564.973: [GC (Allocation Failure) [PSYoungGen: 322426K->182678K(465920K)] 1404999K->1294159K(1864192K), 0.0497229 secs] [Times: user=0.22 sys=0.00, real=0.05 secs] 
3565.332: [GC (Allocation Failure) [PSYoungGen: 415638K->182357K(465920K)] 1527119K->1350558K(1864192K), 0.0650033 secs] [Times: user=0.32 sys=0.00, real=0.06 secs] 
3565.536: [GC (Allocation Failure) [PSYoungGen: 415317K->186037K(465920K)] 1583518K->1409214K(1864192K), 0.0492751 secs] [Times: user=0.24 sys=0.00, real=0.05 secs] 
3566.542: [GC (Allocation Failure) [PSYoungGen: 418997K->100204K(465920K)] 1642174K->1393493K(1864192K), 0.0487684 secs] [Times: user=0.25 sys=0.01, real=0.05 secs] 
3566.876: [GC (Allocation Failure) [PSYoungGen: 333164K->164531K(465920K)] 1626453K->1490285K(1864192K), 0.0671799 secs] [Times: user=0.32 sys=0.01, real=0.07 secs] 
3566.943: [Full GC (Ergonomics) [PSYoungGen: 164531K->0K(465920K)] [ParOldGen: 1325753K->185156K(1398272K)] 1490285K->185156K(1864192K), [Metaspace: 60107K->60107K(1105920K)], 0.2051131 secs] [Times: user=0.97 sys=0.00, real=0.21 secs] 
3567.299: [GC (Allocation Failure) [PSYoungGen: 232960K->183989K(465920K)] 418116K->369145K(1864192K), 0.0339779 secs] [Times: user=0.14 sys=0.00, real=0.03 secs] 
3567.454: [GC (Allocation Failure) [PSYoungGen: 416949K->185239K(465920K)] 602105K->434495K(1864192K), 0.0436687 secs] [Times: user=0.20 sys=0.00, real=0.04 secs] 
3567.627: [GC (Allocation Failure) [PSYoungGen: 418199K->186837K(465920K)] 667455K->494981K(1864192K), 0.0545266 secs] [Times: user=0.27 sys=0.00, real=0.06 secs] 
3569.194: [GC (GCLocker Initiated GC) [PSYoungGen: 419797K->83929K(465920K)] 727942K->462578K(1864192K), 0.1068727 secs] [Times: user=0.59 sys=0.00, real=0.11 secs] 
3569.535: [GC (Allocation Failure) [PSYoungGen: 316889K->177397K(465920K)] 695705K->583513K(1864192K), 0.0332684 secs] [Times: user=0.13 sys=0.00, real=0.04 secs] 
3569.687: [GC (Allocation Failure) [PSYoungGen: 410357K->184822K(465920K)] 816473K->646449K(1864192K), 0.0433467 secs] [Times: user=0.19 sys=0.00, real=0.05 secs] 
3569.888: [GC (Allocation Failure) [PSYoungGen: 417782K->186837K(465920K)] 879409K->704401K(1864192K), 0.0678783 secs] [Times: user=0.33 sys=0.01, real=0.06 secs] 
3570.993: [GC (Allocation Failure) [PSYoungGen: 419797K->108269K(465920K)] 937361K->696321K(1864192K), 0.0465933 secs] [Times: user=0.24 sys=0.00, real=0.05 secs] 
3571.502: [GC (Allocation Failure) [PSYoungGen: 341229K->164436K(465920K)] 929281K->788448K(1864192K), 0.0730977 secs] [Times: user=0.38 sys=0.00, real=0.07 secs] 
3571.706: [GC (Allocation Failure) [PSYoungGen: 397396K->182741K(465920K)] 1021408K->857561K(1864192K), 0.0424066 secs] [Times: user=0.19 sys=0.00, real=0.05 secs] 
3571.868: [GC (Allocation Failure) [PSYoungGen: 415701K->185303K(465920K)] 1090521K->923891K(1864192K), 0.0505290 secs] [Times: user=0.23 sys=0.00, real=0.05 secs] 
3572.234: [GC (Allocation Failure) [PSYoungGen: 418263K->177972K(465920K)] 1156851K->975320K(1864192K), 0.0747644 secs] [Times: user=0.38 sys=0.00, real=0.08 secs] 
3574.135: [GC (Allocation Failure) [PSYoungGen: 410932K->90666K(465920K)] 1208280K->955686K(1864192K), 0.0603560 secs] [Times: user=0.32 sys=0.00, real=0.06 secs] 
3574.446: [GC (Allocation Failure) [PSYoungGen: 323626K->177973K(465920K)] 1188646K->1071846K(1864192K), 0.0432621 secs] [Times: user=0.18 sys=0.00, real=0.05 secs] 
3574.610: [GC (Allocation Failure) [PSYoungGen: 410932K->184342K(465920K)] 1304805K->1133587K(1864192K), 0.0439218 secs] [Times: user=0.20 sys=0.00, real=0.04 secs] 
3574.806: [GC (GCLocker Initiated GC) [PSYoungGen: 417302K->183924K(465920K)] 1366547K->1189002K(1864192K), 0.0661927 secs] [Times: user=0.32 sys=0.00, real=0.07 secs] 
3575.890: [GC (Allocation Failure) [PSYoungGen: 416884K->115870K(465920K)] 1421966K->1190399K(1864192K), 0.0470661 secs] [Times: user=0.24 sys=0.00, real=0.04 secs] 
3576.786: [GC (Allocation Failure) [PSYoungGen: 348830K->148881K(465920K)] 1423359K->1260272K(1864192K), 0.0922982 secs] [Times: user=0.49 sys=0.00, real=0.10 secs] 
3577.066: [GC (Allocation Failure) [PSYoungGen: 381841K->181429K(465920K)] 1493232K->1339467K(1864192K), 0.0446639 secs] [Times: user=0.20 sys=0.00, real=0.05 secs] 
3577.230: [GC (Allocation Failure) [PSYoungGen: 414389K->185943K(465920K)] 1572427K->1407333K(1864192K), 0.0509729 secs] [Times: user=0.23 sys=0.00, real=0.05 secs] 
3577.394: [GC (Allocation Failure) [PSYoungGen: 418903K->186805K(465920K)] 1640293K->1467067K(1864192K), 0.0590417 secs] [Times: user=0.29 sys=0.00, real=0.06 secs] 
3578.877: [GC (Allocation Failure) [PSYoungGen: 419765K->90986K(465920K)] 1700027K->1441841K(1864192K), 0.1033939 secs] [Times: user=0.57 sys=0.00, real=0.11 secs] 
3578.980: [Full GC (Ergonomics) [PSYoungGen: 90986K->0K(465920K)] [ParOldGen: 1350854K->100473K(1398272K)] 1441841K->100473K(1864192K), [Metaspace: 60107K->60107K(1105920K)], 0.1344010 secs] [Times: user=0.55 sys=0.00, real=0.13 secs] 
3579.305: [GC (Allocation Failure) [PSYoungGen: 232960K->178133K(465920K)] 333433K->278607K(1864192K), 0.0245454 secs] [Times: user=0.08 sys=0.00, real=0.03 secs] 
3579.596: [GC (Allocation Failure) [PSYoungGen: 411093K->181045K(465920K)] 511567K->336687K(1864192K), 0.0424384 secs] [Times: user=0.19 sys=0.00, real=0.05 secs] 
3579.837: [GC (Allocation Failure) [PSYoungGen: 414005K->185845K(465920K)] 569647K->396310K(1864192K), 0.0555427 secs] [Times: user=0.27 sys=0.00, real=0.06 secs] 
3581.171: [GC (Allocation Failure) [PSYoungGen: 418805K->123727K(465920K)] 629270K->404249K(1864192K), 0.0469465 secs] [Times: user=0.23 sys=0.00, real=0.04 secs] 
3581.353: [GC (Allocation Failure) [PSYoungGen: 356687K->145185K(465920K)] 637209K->465003K(1864192K), 0.0578618 secs] [Times: user=0.28 sys=0.01, real=0.06 secs] 
3581.582: [GC (Allocation Failure) [PSYoungGen: 378145K->183285K(465920K)] 697963K->548631K(1864192K), 0.0574982 secs] [Times: user=0.26 sys=0.00, real=0.06 secs] 
3581.829: [GC (Allocation Failure) [PSYoungGen: 416245K->183830K(465920K)] 781591K->612960K(1864192K), 0.0690642 secs] [Times: user=0.34 sys=0.00, real=0.07 secs] 
3582.053: [GC (Allocation Failure) [PSYoungGen: 416790K->182548K(465920K)] 845920K->670134K(1864192K), 0.0546631 secs] [Times: user=0.26 sys=0.00, real=0.05 secs] 
3583.239: [GC (Allocation Failure) [PSYoungGen: 415508K->89818K(465920K)] 903094K->646244K(1864192K), 0.0799320 secs] [Times: user=0.43 sys=0.01, real=0.08 secs] 
3583.966: [GC (Allocation Failure) [PSYoungGen: 322778K->177813K(465920K)] 879204K->763780K(1864192K), 0.0430317 secs] [Times: user=0.18 sys=0.00, real=0.05 secs] 
3584.138: [GC (Allocation Failure) [PSYoungGen: 410773K->182005K(465920K)] 996740K->823064K(1864192K), 0.0443129 secs] [Times: user=0.20 sys=0.00, real=0.05 secs] 
3584.297: [GC (Allocation Failure) [PSYoungGen: 414965K->187093K(465920K)] 1056024K->883616K(1864192K), 0.0463123 secs] [Times: user=0.21 sys=0.00, real=0.05 secs] 
3585.342: [GC (Allocation Failure) [PSYoungGen: 420053K->132272K(465920K)] 1116576K->899391K(1864192K), 0.0496659 secs] [Times: user=0.25 sys=0.00, real=0.05 secs] 
3586.165: [GC (Allocation Failure) [PSYoungGen: 365232K->139424K(465920K)] 1132351K->948320K(1864192K), 0.1191381 secs] [Times: user=0.65 sys=0.01, real=0.12 secs] 
3586.437: [GC (Allocation Failure) [PSYoungGen: 372384K->178357K(465920K)] 1181280K->1031652K(1864192K), 0.0390194 secs] [Times: user=0.17 sys=0.01, real=0.04 secs] 
3586.708: [GC (Allocation Failure) [PSYoungGen: 411317K->180598K(465920K)] 1264612K->1095997K(1864192K), 0.0736093 secs] [Times: user=0.37 sys=0.00, real=0.07 secs] 
3587.379: [GC (GCLocker Initiated GC) [PSYoungGen: 413558K->181076K(465920K)] 1328958K->1153972K(1864192K), 0.0868072 secs] [Times: user=0.44 sys=0.00, real=0.08 secs] 
3588.444: [GC (Allocation Failure) [PSYoungGen: 414036K->96075K(465920K)] 1387098K->1137762K(1864192K), 0.0465289 secs] [Times: user=0.24 sys=0.01, real=0.05 secs] 
3588.796: [GC (Allocation Failure) [PSYoungGen: 329035K->177429K(465920K)] 1370722K->1249952K(1864192K), 0.0339163 secs] [Times: user=0.14 sys=0.00, real=0.04 secs] 
3588.981: [GC (Allocation Failure) [PSYoungGen: 410389K->184438K(465920K)] 1482912K->1312160K(1864192K), 0.0565142 secs] [Times: user=0.27 sys=0.00, real=0.05 secs] 
3589.167: [GC (Allocation Failure) [PSYoungGen: 417398K->186805K(465920K)] 1545120K->1370528K(1864192K), 0.0482374 secs] [Times: user=0.23 sys=0.00, real=0.05 secs] 
3590.185: [GC (Allocation Failure) [PSYoungGen: 419765K->136977K(465920K)] 1603488K->1391099K(1864192K), 0.0520717 secs] [Times: user=0.26 sys=0.00, real=0.05 secs] 
3590.640: [GC (Allocation Failure) [PSYoungGen: 369937K->132303K(465920K)] 1624059K->1429854K(1864192K), 0.1099112 secs] [Times: user=0.61 sys=0.00, real=0.11 secs] 
3590.907: [GC (Allocation Failure) [PSYoungGen: 365263K->176116K(465920K)] 1662814K->1516392K(1864192K), 0.0397951 secs] [Times: user=0.17 sys=0.00, real=0.04 secs] 
3590.947: [Full GC (Ergonomics) [PSYoungGen: 176116K->0K(465920K)] [ParOldGen: 1340275K->236475K(1398272K)] 1516392K->236475K(1864192K), [Metaspace: 60107K->60107K(1105920K)], 0.2858747 secs] [Times: user=1.31 sys=0.00, real=0.29 secs] 
3591.355: [GC (Allocation Failure) [PSYoungGen: 232960K->185655K(465920K)] 469435K->422130K(1864192K), 0.0888547 secs] [Times: user=0.47 sys=0.00, real=0.09 secs] 
3591.554: [GC (Allocation Failure) [PSYoungGen: 418615K->179732K(465920K)] 655090K->475071K(1864192K), 0.0571369 secs] [Times: user=0.28 sys=0.01, real=0.06 secs] 
3593.034: [GC (Allocation Failure) [PSYoungGen: 412692K->95179K(465920K)] 708031K->459038K(1864192K), 0.0977655 secs] [Times: user=0.54 sys=0.00, real=0.10 secs] 
3593.810: [GC (Allocation Failure) [PSYoungGen: 328139K->173749K(465920K)] 691998K->568325K(1864192K), 0.0403297 secs] [Times: user=0.17 sys=0.00, real=0.04 secs] 
3593.978: [GC (Allocation Failure) [PSYoungGen: 406709K->184214K(465920K)] 801285K->633354K(1864192K), 0.0431331 secs] [Times: user=0.19 sys=0.00, real=0.04 secs] 
3594.136: [GC (Allocation Failure) [PSYoungGen: 417174K->186997K(465920K)] 866314K->692001K(1864192K), 0.0458091 secs] [Times: user=0.21 sys=0.00, real=0.05 secs] 
3595.060: [GC (Allocation Failure) [PSYoungGen: 419957K->148210K(465920K)] 924961K->723886K(1864192K), 0.0506139 secs] [Times: user=0.25 sys=0.00, real=0.05 secs] 
3595.340: [GC (Allocation Failure) [PSYoungGen: 381170K->124303K(465920K)] 956846K->746979K(1864192K), 0.0623829 secs] [Times: user=0.33 sys=0.00, real=0.06 secs] 
3595.573: [GC (Allocation Failure) [PSYoungGen: 357263K->178293K(465920K)] 979939K->840829K(1864192K), 0.0400586 secs] [Times: user=0.17 sys=0.00, real=0.04 secs] 
3595.938: [GC (Allocation Failure) [PSYoungGen: 411253K->180342K(465920K)] 1073789K->904966K(1864192K), 0.0738065 secs] [Times: user=0.36 sys=0.00, real=0.07 secs] 
3596.179: [GC (Allocation Failure) [PSYoungGen: 413302K->186197K(465920K)] 1137926K->967909K(1864192K), 0.0631467 secs] [Times: user=0.32 sys=0.00, real=0.06 secs] 
3597.338: [GC (Allocation Failure) [PSYoungGen: 419157K->97371K(465920K)] 1200869K->949028K(1864192K), 0.0472716 secs] [Times: user=0.25 sys=0.00, real=0.04 secs] 
3597.655: [GC (Allocation Failure) [PSYoungGen: 330331K->166836K(465920K)] 1181988K->1049853K(1864192K), 0.0429755 secs] [Times: user=0.19 sys=0.00, real=0.04 secs] 
3597.881: [GC (Allocation Failure) [PSYoungGen: 399796K->184694K(465920K)] 1282813K->1120887K(1864192K), 0.0477882 secs] [Times: user=0.22 sys=0.00, real=0.05 secs] 
3598.041: [GC (Allocation Failure) [PSYoungGen: 405984K->174517K(465920K)] 1342177K->1175115K(1864192K), 0.0495485 secs] [Times: user=0.23 sys=0.00, real=0.05 secs] 
3598.961: [GC (Allocation Failure) [PSYoungGen: 407477K->170035K(459776K)] 1408075K->1226176K(1858048K), 0.0551055 secs] [Times: user=0.27 sys=0.00, real=0.05 secs] 
3600.148: [GC (Allocation Failure) [PSYoungGen: 402995K->105276K(462848K)] 1459136K->1226414K(1861120K), 0.1038787 secs] [Times: user=0.56 sys=0.00, real=0.10 secs] 
3600.452: [GC (Allocation Failure) [PSYoungGen: 338236K->177909K(465920K)] 1459374K->1333099K(1864192K), 0.0365142 secs] [Times: user=0.16 sys=0.00, real=0.04 secs] 
3600.657: [GC (Allocation Failure) [PSYoungGen: 410869K->182773K(465920K)] 1566059K->1393731K(1864192K), 0.0652769 secs] [Times: user=0.32 sys=0.00, real=0.07 secs] 
3600.853: [GC (Allocation Failure) [PSYoungGen: 415733K->184565K(465920K)] 1626691K->1450786K(1864192K), 0.0470610 secs] [Times: user=0.22 sys=0.00, real=0.05 secs] 
3603.246: [GC (Allocation Failure) [PSYoungGen: 417525K->95659K(465920K)] 1683746K->1431497K(1864192K), 0.0453211 secs] [Times: user=0.24 sys=0.00, real=0.05 secs] 
3603.292: [Full GC (Ergonomics) [PSYoungGen: 95659K->0K(465920K)] [ParOldGen: 1335837K->87097K(1395200K)] 1431497K->87097K(1861120K), [Metaspace: 60243K->60243K(1105920K)], 0.0331251 secs] [Times: user=0.10 sys=0.00, real=0.03 secs] 
3603.600: [GC (Allocation Failure) [PSYoungGen: 232960K->165748K(465920K)] 320057K->252845K(1861120K), 0.0320163 secs] [Times: user=0.12 sys=0.00, real=0.03 secs] 
3603.909: [GC (Allocation Failure) [PSYoungGen: 398708K->184181K(465920K)] 485805K->322679K(1861120K), 0.0580593 secs] [Times: user=0.27 sys=0.00, real=0.05 secs] 
3604.144: [GC (Allocation Failure) [PSYoungGen: 417141K->185527K(465920K)] 555639K->387896K(1861120K), 0.0698185 secs] [Times: user=0.34 sys=0.00, real=0.07 secs] 
3604.604: [GC (Allocation Failure) [PSYoungGen: 417377K->217268K(465920K)] 619747K->478438K(1861120K), 0.0534082 secs] [Times: user=0.26 sys=0.00, real=0.05 secs] 
3605.607: [GC (Allocation Failure) [PSYoungGen: 450228K->87578K(465920K)] 711398K->418195K(1861120K), 0.0525976 secs] [Times: user=0.28 sys=0.00, real=0.06 secs] 
3605.789: [GC (Allocation Failure) [PSYoungGen: 320538K->181494K(465920K)] 651155K->540324K(1861120K), 0.0334680 secs] [Times: user=0.13 sys=0.00, real=0.03 secs] 
3605.939: [GC (Allocation Failure) [PSYoungGen: 414454K->192950K(465920K)] 773284K->608464K(1861120K), 0.0433228 secs] [Times: user=0.20 sys=0.00, real=0.04 secs] 
3606.095: [GC (Allocation Failure) [PSYoungGen: 425910K->186901K(465920K)] 841424K->658487K(1861120K), 0.0452318 secs] [Times: user=0.21 sys=0.00, real=0.05 secs] 
3607.101: [GC (Allocation Failure) [PSYoungGen: 419861K->101276K(465920K)] 891447K->643382K(1861120K), 0.0446451 secs] [Times: user=0.23 sys=0.00, real=0.04 secs] 
3608.241: [GC (Allocation Failure) [PSYoungGen: 334236K->167283K(465920K)] 876342K->741746K(1861120K), 0.0669473 secs] [Times: user=0.33 sys=0.00, real=0.07 secs] 
3608.459: [GC (Allocation Failure) [PSYoungGen: 400243K->184662K(465920K)] 974706K->810625K(1861120K), 0.0424052 secs] [Times: user=0.19 sys=0.00, real=0.04 secs] 
3608.621: [GC (Allocation Failure) [PSYoungGen: 417622K->186007K(465920K)] 1043585K->876062K(1861120K), 0.0505599 secs] [Times: user=0.24 sys=0.00, real=0.05 secs] 
3608.830: [GC (Allocation Failure) [PSYoungGen: 418967K->183572K(465920K)] 1109022K->932691K(1861120K), 0.0790013 secs] [Times: user=0.40 sys=0.00, real=0.08 secs] 
3609.952: [GC (Allocation Failure) [PSYoungGen: 416532K->90826K(465920K)] 1165651K->909265K(1861120K), 0.0410903 secs] [Times: user=0.21 sys=0.00, real=0.04 secs] 
3610.372: [GC (Allocation Failure) [PSYoungGen: 323786K->182742K(465920K)] 1142225K->1030456K(1861120K), 0.0577459 secs] [Times: user=0.26 sys=0.00, real=0.06 secs] 
3610.599: [GC (Allocation Failure) [PSYoungGen: 415702K->183989K(465920K)] 1263416K->1088400K(1861120K), 0.0453365 secs] [Times: user=0.21 sys=0.00, real=0.04 secs] 
3610.963: [GC (Allocation Failure) [PSYoungGen: 416949K->186037K(465920K)] 1321360K->1146071K(1861120K), 0.0555256 secs] [Times: user=0.27 sys=0.00, real=0.06 secs] 
3612.113: [GC (Allocation Failure) [PSYoungGen: 418997K->101580K(465920K)] 1379031K->1131839K(1861120K), 0.0463585 secs] [Times: user=0.24 sys=0.00, real=0.05 secs] 
3612.345: [GC (Allocation Failure) [PSYoungGen: 334540K->166292K(465920K)] 1364799K->1229875K(1861120K), 0.0654417 secs] [Times: user=0.32 sys=0.00, real=0.07 secs] 
3612.577: [GC (Allocation Failure) [PSYoungGen: 399252K->183925K(465920K)] 1462835K->1299204K(1861120K), 0.0548127 secs] [Times: user=0.25 sys=0.00, real=0.06 secs] 
3612.764: [GC (Allocation Failure) [PSYoungGen: 416885K->183638K(465920K)] 1532164K->1363146K(1861120K), 0.0502942 secs] [Times: user=0.23 sys=0.00, real=0.05 secs] 
3612.926: [GC (Allocation Failure) [PSYoungGen: 416598K->182964K(465920K)] 1596106K->1420823K(1861120K), 0.0558725 secs] [Times: user=0.27 sys=0.00, real=0.06 secs] 
3614.099: [GC (Allocation Failure) [PSYoungGen: 415924K->87066K(465920K)] 1653783K->1394037K(1861120K), 0.0784511 secs] [Times: user=0.43 sys=0.01, real=0.07 secs] 
3614.617: [GC (GCLocker Initiated GC) [PSYoungGen: 320026K->176021K(465920K)] 1626997K->1511297K(1861120K), 0.0434648 secs] [Times: user=0.18 sys=0.00, real=0.05 secs] 
3614.660: [Full GC (Ergonomics) [PSYoungGen: 176021K->0K(465920K)] [ParOldGen: 1335276K->218932K(1398272K)] 1511297K->218932K(1864192K), [Metaspace: 60243K->60243K(1105920K)], 0.2444830 secs] [Times: user=1.11 sys=0.00, real=0.24 secs] 
3615.030: [GC (Allocation Failure) [PSYoungGen: 232960K->184758K(465920K)] 451895K->403693K(1864192K), 0.0266903 secs] [Times: user=0.10 sys=0.00, real=0.02 secs] 
3615.173: [GC (Allocation Failure) [PSYoungGen: 417718K->186997K(465920K)] 636653K->462180K(1864192K), 0.0452015 secs] [Times: user=0.21 sys=0.00, real=0.05 secs] 
3616.179: [GC (Allocation Failure) [PSYoungGen: 419957K->112509K(465920K)] 695140K->458105K(1864192K), 0.0456771 secs] [Times: user=0.24 sys=0.00, real=0.04 secs] 
3617.310: [GC (Allocation Failure) [PSYoungGen: 345469K->156402K(465920K)] 691065K->539162K(1864192K), 0.0717945 secs] [Times: user=0.36 sys=0.00, real=0.07 secs] 
3617.513: [GC (Allocation Failure) [PSYoungGen: 389362K->183829K(465920K)] 772122K->613709K(1864192K), 0.0405016 secs] [Times: user=0.18 sys=0.00, real=0.04 secs] 
3618.062: [GC (Allocation Failure) [PSYoungGen: 416789K->183798K(465920K)] 846669K->677626K(1864192K), 0.1200869 secs] [Times: user=0.63 sys=0.00, real=0.12 secs] 
3618.618: [GC (Allocation Failure) [PSYoungGen: 416758K->186261K(465920K)] 910586K->738465K(1864192K), 0.0780340 secs] [Times: user=0.40 sys=0.00, real=0.07 secs] 
3619.709: [GC (Allocation Failure) [PSYoungGen: 419221K->90314K(465920K)] 971425K->712782K(1864192K), 0.0420506 secs] [Times: user=0.21 sys=0.00, real=0.04 secs] 
3619.966: [GC (GCLocker Initiated GC) [PSYoungGen: 323274K->177205K(465920K)] 945743K->829314K(1864192K), 0.0473008 secs] [Times: user=0.20 sys=0.00, real=0.05 secs] 
3620.168: [GC (Allocation Failure) [PSYoungGen: 410165K->184470K(465920K)] 1062404K->891740K(1864192K), 0.0439011 secs] [Times: user=0.20 sys=0.00, real=0.04 secs] 
3620.728: [GC (Allocation Failure) [PSYoungGen: 417430K->180340K(465920K)] 1124700K->943531K(1864192K), 0.0728314 secs] [Times: user=0.36 sys=0.00, real=0.07 secs] 
3621.974: [GC (Allocation Failure) [PSYoungGen: 413300K->122991K(465920K)] 1176491K->954550K(1864192K), 0.0480250 secs] [Times: user=0.24 sys=0.00, real=0.05 secs] 
3622.432: [GC (Allocation Failure) [PSYoungGen: 353581K->141937K(465920K)] 1185140K->1012288K(1864192K), 0.0883649 secs] [Times: user=0.47 sys=0.00, real=0.09 secs] 
3622.658: [GC (Allocation Failure) [PSYoungGen: 374897K->176180K(465920K)] 1245248K->1092496K(1864192K), 0.0403204 secs] [Times: user=0.18 sys=0.00, real=0.04 secs] 
3622.820: [GC (Allocation Failure) [PSYoungGen: 409140K->185623K(465920K)] 1325456K->1163659K(1864192K), 0.0503840 secs] [Times: user=0.23 sys=0.00, real=0.05 secs] 
3622.987: [GC (Allocation Failure) [PSYoungGen: 418583K->186613K(465920K)] 1396619K->1223481K(1864192K), 0.0564262 secs] [Times: user=0.27 sys=0.00, real=0.06 secs] 
3624.960: [GC (Allocation Failure) [PSYoungGen: 419573K->90474K(465920K)] 1456441K->1197803K(1864192K), 0.1300871 secs] [Times: user=0.72 sys=0.00, real=0.13 secs] 
3625.766: [GC (Allocation Failure) [PSYoungGen: 323434K->173237K(465920K)] 1430763K->1309602K(1864192K), 0.0428617 secs] [Times: user=0.18 sys=0.00, real=0.05 secs] 
3625.972: [GC (Allocation Failure) [PSYoungGen: 406197K->184694K(465920K)] 1542562K->1374971K(1864192K), 0.0490018 secs] [Times: user=0.23 sys=0.00, real=0.05 secs] 
3626.160: [GC (Allocation Failure) [PSYoungGen: 417654K->187221K(465920K)] 1607931K->1433490K(1864192K), 0.0500530 secs] [Times: user=0.23 sys=0.00, real=0.05 secs] 
3627.676: [GC (Allocation Failure) [PSYoungGen: 420181K->135376K(465920K)] 1666450K->1452262K(1864192K), 0.0504780 secs] [Times: user=0.26 sys=0.00, real=0.05 secs] 
3627.726: [Full GC (Ergonomics) [PSYoungGen: 135376K->0K(465920K)] [ParOldGen: 1316885K->346781K(1398272K)] 1452262K->346781K(1864192K), [Metaspace: 60245K->60245K(1105920K)], 0.5977143 secs] [Times: user=2.63 sys=0.00, real=0.60 secs] 
3628.576: [GC (Allocation Failure) [PSYoungGen: 232960K->131135K(465920K)] 579741K->477917K(1864192K), 0.0255129 secs] [Times: user=0.10 sys=0.00, real=0.03 secs] 
3628.788: [GC (Allocation Failure) [PSYoungGen: 364095K->178357K(465920K)] 710877K->566900K(1864192K), 0.0379213 secs] [Times: user=0.16 sys=0.00, real=0.03 secs] 
3628.967: [GC (Allocation Failure) [PSYoungGen: 411317K->179414K(465920K)] 799860K->630293K(1864192K), 0.0638368 secs] [Times: user=0.31 sys=0.00, real=0.07 secs] 
3629.263: [GC (GCLocker Initiated GC) [PSYoungGen: 412374K->185749K(465920K)] 863253K->693364K(1864192K), 0.0710709 secs] [Times: user=0.36 sys=0.00, real=0.07 secs] 
3630.957: [GC (Allocation Failure) [PSYoungGen: 418709K->92811K(465920K)] 927350K->671668K(1864192K), 0.1198845 secs] [Times: user=0.66 sys=0.00, real=0.12 secs] 
3631.845: [GC (Allocation Failure) [PSYoungGen: 325771K->172724K(465920K)] 904628K->781826K(1864192K), 0.0726209 secs] [Times: user=0.36 sys=0.00, real=0.07 secs] 
3632.106: [GC (Allocation Failure) [PSYoungGen: 405684K->184886K(465920K)] 1014786K->848075K(1864192K), 0.0546119 secs] [Times: user=0.26 sys=0.00, real=0.06 secs] 
3632.323: [GC (Allocation Failure) [PSYoungGen: 417846K->187573K(465920K)] 1081035K->906867K(1864192K), 0.0682957 secs] [Times: user=0.33 sys=0.00, real=0.07 secs] 
3633.278: [GC (Allocation Failure) [PSYoungGen: 420533K->149970K(465920K)] 1139827K->939912K(1864192K), 0.0514579 secs] [Times: user=0.25 sys=0.00, real=0.06 secs] 
3633.938: [GC (Allocation Failure) [PSYoungGen: 382930K->117214K(465920K)] 1172872K->954684K(1864192K), 0.1477671 secs] [Times: user=0.83 sys=0.00, real=0.15 secs] 
3634.238: [GC (Allocation Failure) [PSYoungGen: 350174K->192501K(465920K)] 1187644K->1067495K(1864192K), 0.0374796 secs] [Times: user=0.17 sys=0.00, real=0.03 secs] 
3634.396: [GC (Allocation Failure) [PSYoungGen: 425461K->185175K(465920K)] 1300455K->1121841K(1864192K), 0.0495969 secs] [Times: user=0.23 sys=0.00, real=0.05 secs] 
3634.874: [GC (GCLocker Initiated GC) [PSYoungGen: 418135K->183860K(465920K)] 1354801K->1179175K(1864192K), 0.0818133 secs] [Times: user=0.42 sys=0.00, real=0.08 secs] 
3636.326: [GC (Allocation Failure) [PSYoungGen: 416820K->93739K(465920K)] 1412430K->1158964K(1864192K), 0.0455758 secs] [Times: user=0.24 sys=0.00, real=0.05 secs] 
3636.520: [GC (Allocation Failure) [PSYoungGen: 326699K->170548K(465920K)] 1391924K->1266754K(1864192K), 0.0393127 secs] [Times: user=0.18 sys=0.01, real=0.04 secs] 
3636.716: [GC (Allocation Failure) [PSYoungGen: 403508K->183349K(465920K)] 1499714K->1332779K(1864192K), 0.0606885 secs] [Times: user=0.29 sys=0.00, real=0.06 secs] 
3636.920: [GC (Allocation Failure) [PSYoungGen: 413664K->182870K(465920K)] 1563093K->1396332K(1864192K), 0.0509948 secs] [Times: user=0.24 sys=0.00, real=0.05 secs] 
3637.774: [GC (Allocation Failure) [PSYoungGen: 415830K->207178K(465920K)] 1629292K->1478743K(1864192K), 0.0510889 secs] [Times: user=0.25 sys=0.00, real=0.05 secs] 
3639.011: [GC (Allocation Failure) [PSYoungGen: 440138K->99083K(465920K)] 1711703K->1435313K(1864192K), 0.0886356 secs] [Times: user=0.48 sys=0.00, real=0.09 secs] 
3639.100: [Full GC (Ergonomics) [PSYoungGen: 99083K->0K(465920K)] [ParOldGen: 1336229K->116438K(1398272K)] 1435313K->116438K(1864192K), [Metaspace: 60245K->60245K(1105920K)], 0.1712174 secs] [Times: user=0.76 sys=0.00, real=0.17 secs] 
3639.439: [GC (Allocation Failure) [PSYoungGen: 232910K->180438K(465920K)] 349348K->296876K(1864192K), 0.0250273 secs] [Times: user=0.09 sys=0.00, real=0.02 secs] 
3639.619: [GC (Allocation Failure) [PSYoungGen: 413398K->184630K(465920K)] 529836K->357220K(1864192K), 0.0586749 secs] [Times: user=0.28 sys=0.00, real=0.06 secs] 
3639.871: [GC (Allocation Failure) [PSYoungGen: 417590K->186677K(465920K)] 590180K->415300K(1864192K), 0.0696403 secs] [Times: user=0.30 sys=0.00, real=0.07 secs] 
3640.894: [GC (Allocation Failure) [PSYoungGen: 419637K->99164K(465920K)] 648260K->398139K(1864192K), 0.0436235 secs] [Times: user=0.22 sys=0.00, real=0.04 secs] 
3641.329: [GC (Allocation Failure) [PSYoungGen: 332124K->168724K(465920K)] 631099K->500571K(1864192K), 0.0520481 secs] [Times: user=0.24 sys=0.00, real=0.05 secs] 
3641.510: [GC (Allocation Failure) [PSYoungGen: 401684K->182645K(465920K)] 733531K->566676K(1864192K), 0.0416423 secs] [Times: user=0.19 sys=0.00, real=0.04 secs] 
3641.738: [GC (Allocation Failure) [PSYoungGen: 415605K->185463K(465920K)] 799636K->633286K(1864192K), 0.0683528 secs] [Times: user=0.33 sys=0.00, real=0.06 secs] 
3642.463: [GC (Allocation Failure) [PSYoungGen: 418423K->210612K(465920K)] 866246K->717099K(1864192K), 0.0826413 secs] [Times: user=0.42 sys=0.00, real=0.08 secs] 
3643.543: [GC (GCLocker Initiated GC) [PSYoungGen: 443572K->93323K(465920K)] 950059K->667370K(1864192K), 0.0531081 secs] [Times: user=0.28 sys=0.00, real=0.05 secs] 
3643.767: [GC (Allocation Failure) [PSYoungGen: 326283K->179765K(465920K)] 900333K->783332K(1864192K), 0.0440975 secs] [Times: user=0.19 sys=0.00, real=0.05 secs] 
3643.946: [GC (Allocation Failure) [PSYoungGen: 412725K->184342K(465920K)] 1016292K->844057K(1864192K), 0.0434384 secs] [Times: user=0.20 sys=0.01, real=0.05 secs] 
3644.128: [GC (Allocation Failure) [PSYoungGen: 417302K->186773K(465920K)] 1077017K->902304K(1864192K), 0.0496739 secs] [Times: user=0.23 sys=0.00, real=0.04 secs] 
3645.212: [GC (Allocation Failure) [PSYoungGen: 419733K->98219K(465920K)] 1135264K->884031K(1864192K), 0.0502591 secs] [Times: user=0.26 sys=0.01, real=0.05 secs] 
3645.860: [GC (GCLocker Initiated GC) [PSYoungGen: 331179K->166132K(465920K)] 1116991K->983732K(1864192K), 0.0658434 secs] [Times: user=0.32 sys=0.00, real=0.06 secs] 
3646.122: [GC (Allocation Failure) [PSYoungGen: 399092K->181781K(465920K)] 1216859K->1051504K(1864192K), 0.0563635 secs] [Times: user=0.27 sys=0.00, real=0.06 secs] 
3646.307: [GC (Allocation Failure) [PSYoungGen: 414741K->185879K(465920K)] 1284464K->1119130K(1864192K), 0.0498899 secs] [Times: user=0.23 sys=0.00, real=0.05 secs] 
3646.496: [GC (Allocation Failure) [PSYoungGen: 418839K->186581K(465920K)] 1352090K->1178792K(1864192K), 0.0615533 secs] [Times: user=0.31 sys=0.00, real=0.06 secs] 
3648.178: [GC (Allocation Failure) [PSYoungGen: 419541K->85642K(465920K)] 1411752K->1148229K(1864192K), 0.0734203 secs] [Times: user=0.40 sys=0.00, real=0.08 secs] 
3648.434: [GC (Allocation Failure) [PSYoungGen: 318602K->183094K(465920K)] 1381189K->1273534K(1864192K), 0.0339604 secs] [Times: user=0.14 sys=0.00, real=0.04 secs] 
3648.612: [GC (Allocation Failure) [PSYoungGen: 416017K->184470K(465920K)] 1506457K->1331829K(1864192K), 0.0486443 secs] [Times: user=0.23 sys=0.01, real=0.05 secs] 
3648.791: [GC (Allocation Failure) [PSYoungGen: 417430K->186357K(465920K)] 1564789K->1389781K(1864192K), 0.0458805 secs] [Times: user=0.22 sys=0.00, real=0.04 secs] 
3649.793: [GC (Allocation Failure) [PSYoungGen: 419317K->101708K(465920K)] 1622741K->1375532K(1864192K), 0.0453499 secs] [Times: user=0.24 sys=0.00, real=0.05 secs] 
3650.013: [GC (Allocation Failure) [PSYoungGen: 334668K->167604K(465920K)] 1608492K->1474960K(1864192K), 0.0453204 secs] [Times: user=0.20 sys=0.01, real=0.05 secs] 
3650.272: [GC (Allocation Failure) [PSYoungGen: 400564K->181685K(465920K)] 1707920K->1540857K(1864192K), 0.0558855 secs] [Times: user=0.26 sys=0.00, real=0.06 secs] 
3650.328: [Full GC (Ergonomics) [PSYoungGen: 181685K->0K(465920K)] [ParOldGen: 1359171K->253473K(1398272K)] 1540857K->253473K(1864192K), [Metaspace: 60248K->60248K(1105920K)], 0.3243881 secs] [Times: user=1.50 sys=0.01, real=0.32 secs] 
3650.770: [GC (Allocation Failure) [PSYoungGen: 232960K->181110K(465920K)] 486433K->434583K(1864192K), 0.0830738 secs] [Times: user=0.43 sys=0.01, real=0.08 secs] 
3651.122: [GC (GCLocker Initiated GC) [PSYoungGen: 414070K->184725K(465920K)] 667543K->495702K(1864192K), 0.0592399 secs] [Times: user=0.30 sys=0.00, real=0.06 secs] 
3652.445: [GC (Allocation Failure) [PSYoungGen: 417685K->82761K(465920K)] 730712K->465581K(1864192K), 0.0954871 secs] [Times: user=0.52 sys=0.00, real=0.10 secs] 
3652.980: [GC (Allocation Failure) [PSYoungGen: 315721K->180150K(465920K)] 698541K->590810K(1864192K), 0.0415901 secs] [Times: user=0.18 sys=0.00, real=0.04 secs] 
3653.138: [GC (Allocation Failure) [PSYoungGen: 413110K->193110K(465920K)] 823770K->659466K(1864192K), 0.0417380 secs] [Times: user=0.18 sys=0.00, real=0.04 secs] 
3653.291: [GC (Allocation Failure) [PSYoungGen: 426070K->186965K(465920K)] 892426K->709449K(1864192K), 0.0454816 secs] [Times: user=0.21 sys=0.00, real=0.04 secs] 
3654.312: [GC (Allocation Failure) [PSYoungGen: 419925K->110061K(465920K)] 942409K->702945K(1864192K), 0.0457549 secs] [Times: user=0.24 sys=0.00, real=0.05 secs] 
3655.565: [GC (Allocation Failure) [PSYoungGen: 343021K->154642K(465920K)] 935905K->783316K(1864192K), 0.0737825 secs] [Times: user=0.37 sys=0.00, real=0.08 secs] 
3655.786: [GC (Allocation Failure) [PSYoungGen: 387602K->184438K(465920K)] 1016276K->861167K(1864192K), 0.0418133 secs] [Times: user=0.19 sys=0.00, real=0.05 secs] 
3655.949: [GC (Allocation Failure) [PSYoungGen: 417398K->185783K(465920K)] 1094127K->926696K(1864192K), 0.0503052 secs] [Times: user=0.24 sys=0.00, real=0.05 secs] 
3656.273: [GC (Allocation Failure) [PSYoungGen: 418743K->186197K(465920K)] 1159656K->986190K(1864192K), 0.0637876 secs] [Times: user=0.33 sys=0.00, real=0.06 secs] 
3657.275: [GC (Allocation Failure) [PSYoungGen: 417936K->89258K(465920K)] 1217929K->959468K(1864192K), 0.0407611 secs] [Times: user=0.21 sys=0.01, real=0.04 secs] 
3657.547: [GC (GCLocker Initiated GC) [PSYoungGen: 322218K->177653K(465920K)] 1192428K->1077299K(1864192K), 0.0357702 secs] [Times: user=0.15 sys=0.00, real=0.04 secs] 
3657.750: [GC (Allocation Failure) [PSYoungGen: 410613K->182997K(465920K)] 1310286K->1137694K(1864192K), 0.0441880 secs] [Times: user=0.20 sys=0.00, real=0.04 secs] 
3657.961: [GC (Allocation Failure) [PSYoungGen: 415957K->199636K(465920K)] 1370654K->1209822K(1864192K), 0.0600600 secs] [Times: user=0.29 sys=0.00, real=0.06 secs] 
3659.597: [GC (Allocation Failure) [PSYoungGen: 432596K->116910K(465920K)] 1442782K->1196351K(1864192K), 0.0467476 secs] [Times: user=0.24 sys=0.00, real=0.05 secs] 
3660.220: [GC (Allocation Failure) [PSYoungGen: 349870K->144497K(465920K)] 1429311K->1260930K(1864192K), 0.0822325 secs] [Times: user=0.43 sys=0.01, real=0.08 secs] 
3660.451: [GC (Allocation Failure) [PSYoungGen: 377457K->183381K(465920K)] 1493890K->1345460K(1864192K), 0.0413111 secs] [Times: user=0.18 sys=0.00, real=0.04 secs] 
3660.640: [GC (Allocation Failure) [PSYoungGen: 416341K->185847K(465920K)] 1578420K->1411701K(1864192K), 0.0573954 secs] [Times: user=0.28 sys=0.00, real=0.05 secs] 
3660.812: [GC (Allocation Failure) [PSYoungGen: 418807K->186709K(465920K)] 1644661K->1471355K(1864192K), 0.0592733 secs] [Times: user=0.30 sys=0.00, real=0.06 secs] 
3662.803: [GC (Allocation Failure) [PSYoungGen: 419669K->85754K(465920K)] 1704315K->1440828K(1864192K), 0.1264175 secs] [Times: user=0.70 sys=0.00, real=0.13 secs] 
3662.929: [Full GC (Ergonomics) [PSYoungGen: 85754K->0K(465920K)] [ParOldGen: 1355074K->94038K(1398272K)] 1440828K->94038K(1864192K), [Metaspace: 60250K->60250K(1105920K)], 0.1303385 secs] [Times: user=0.54 sys=0.00, real=0.13 secs] 
3663.466: [GC (Allocation Failure) [PSYoungGen: 232960K->177493K(465920K)] 326998K->271532K(1864192K), 0.0247648 secs] [Times: user=0.08 sys=0.00, real=0.03 secs] 
3663.657: [GC (Allocation Failure) [PSYoungGen: 410453K->182005K(465920K)] 504492K->331352K(1864192K), 0.0654436 secs] [Times: user=0.31 sys=0.00, real=0.07 secs] 
3663.865: [GC (Allocation Failure) [PSYoungGen: 414965K->186293K(465920K)] 564312K->390743K(1864192K), 0.0443235 secs] [Times: user=0.21 sys=0.00, real=0.05 secs] 
3664.831: [GC (Allocation Failure) [PSYoungGen: 419253K->131824K(465920K)] 623703K->406827K(1864192K), 0.0477673 secs] [Times: user=0.23 sys=0.00, real=0.05 secs] 
3665.146: [GC (Allocation Failure) [PSYoungGen: 362047K->141761K(465920K)] 637050K->458595K(1864192K), 0.0605002 secs] [Times: user=0.31 sys=0.00, real=0.06 secs] 
3665.362: [GC (Allocation Failure) [PSYoungGen: 374721K->174804K(465920K)] 691555K->536560K(1864192K), 0.0539864 secs] [Times: user=0.25 sys=0.01, real=0.05 secs] 
3665.550: [GC (Allocation Failure) [PSYoungGen: 407764K->184951K(465920K)] 769520K->607982K(1864192K), 0.0482236 secs] [Times: user=0.22 sys=0.00, real=0.05 secs] 
3665.708: [GC (Allocation Failure) [PSYoungGen: 417911K->183700K(465920K)] 840942K->665244K(1864192K), 0.0547852 secs] [Times: user=0.27 sys=0.00, real=0.05 secs] 
3666.925: [GC (Allocation Failure) [PSYoungGen: 416660K->93419K(465920K)] 898204K->644346K(1864192K), 0.0449897 secs] [Times: user=0.24 sys=0.00, real=0.05 secs] 
3667.492: [GC (Allocation Failure) [PSYoungGen: 326379K->173909K(465920K)] 877306K->754657K(1864192K), 0.0445169 secs] [Times: user=0.19 sys=0.00, real=0.04 secs] 
3667.720: [GC (Allocation Failure) [PSYoungGen: 406869K->184790K(465920K)] 987617K->820174K(1864192K), 0.0560066 secs] [Times: user=0.26 sys=0.00, real=0.05 secs] 
3667.902: [GC (Allocation Failure) [PSYoungGen: 417750K->187093K(465920K)] 1053134K->878381K(1864192K), 0.0450196 secs] [Times: user=0.21 sys=0.00, real=0.04 secs] 
3668.864: [GC (Allocation Failure) [PSYoungGen: 420053K->138577K(465920K)] 1111341K->900401K(1864192K), 0.0492513 secs] [Times: user=0.24 sys=0.00, real=0.05 secs] 
3670.233: [GC (GCLocker Initiated GC) [PSYoungGen: 371537K->126095K(465920K)] 1133362K->931780K(1864192K), 0.1211376 secs] [Times: user=0.67 sys=0.00, real=0.12 secs] 
3670.503: [GC (Allocation Failure) [PSYoungGen: 359055K->178645K(465920K)] 1164742K->1025253K(1864192K), 0.0375175 secs] [Times: user=0.16 sys=0.00, real=0.04 secs] 
3670.664: [GC (Allocation Failure) [PSYoungGen: 411605K->185559K(465920K)] 1258213K->1094539K(1864192K), 0.0498956 secs] [Times: user=0.23 sys=0.00, real=0.05 secs] 
3671.041: [GC (Allocation Failure) [PSYoungGen: 418490K->185781K(465920K)] 1327471K->1153641K(1864192K), 0.0925022 secs] [Times: user=0.48 sys=0.00, real=0.09 secs] 
3672.164: [GC (Allocation Failure) [PSYoungGen: 418741K->90794K(465920K)] 1386601K->1128791K(1864192K), 0.0449704 secs] [Times: user=0.23 sys=0.00, real=0.05 secs] 
3672.387: [GC (Allocation Failure) [PSYoungGen: 323754K->177493K(465920K)] 1361751K->1245442K(1864192K), 0.0483369 secs] [Times: user=0.21 sys=0.00, real=0.05 secs] 
3672.639: [GC (Allocation Failure) [PSYoungGen: 410453K->184150K(465920K)] 1478402K->1307051K(1864192K), 0.0603279 secs] [Times: user=0.28 sys=0.00, real=0.06 secs] 
3673.159: [GC (Allocation Failure) [PSYoungGen: 417110K->181972K(465920K)] 1540011K->1360561K(1864192K), 0.0578486 secs] [Times: user=0.29 sys=0.00, real=0.05 secs] 
3674.095: [GC (Allocation Failure) [PSYoungGen: 414932K->150578K(465920K)] 1593521K->1398039K(1864192K), 0.0519803 secs] [Times: user=0.25 sys=0.01, real=0.05 secs] 
3674.531: [GC (GCLocker Initiated GC) [PSYoungGen: 383538K->120894K(465920K)] 1631001K->1416012K(1864192K), 0.1230132 secs] [Times: user=0.69 sys=0.00, real=0.12 secs] 
3674.789: [GC (Allocation Failure) [PSYoungGen: 353854K->178581K(465920K)] 1649103K->1512675K(1864192K), 0.0382059 secs] [Times: user=0.16 sys=0.00, real=0.03 secs] 
3674.828: [Full GC (Ergonomics) [PSYoungGen: 178581K->0K(465920K)] [ParOldGen: 1334093K->235149K(1398272K)] 1512675K->235149K(1864192K), [Metaspace: 60257K->60257K(1105920K)], 0.2787814 secs] [Times: user=1.29 sys=0.00, real=0.28 secs] 
3675.238: [GC (Allocation Failure) [PSYoungGen: 232960K->182326K(465920K)] 468109K->417475K(1864192K), 0.0845733 secs] [Times: user=0.45 sys=0.00, real=0.08 secs] 
3675.447: [GC (Allocation Failure) [PSYoungGen: 415286K->186581K(465920K)] 650435K->479570K(1864192K), 0.0560171 secs] [Times: user=0.27 sys=0.00, real=0.06 secs] 
3676.962: [GC (Allocation Failure) [PSYoungGen: 419541K->93723K(465920K)] 712530K->457124K(1864192K), 0.1297830 secs] [Times: user=0.72 sys=0.00, real=0.13 secs] 
3677.995: [GC (Allocation Failure) [PSYoungGen: 326683K->169172K(465920K)] 690084K->562966K(1864192K), 0.0484610 secs] [Times: user=0.22 sys=0.00, real=0.05 secs] 
3678.235: [GC (Allocation Failure) [PSYoungGen: 402132K->184246K(465920K)] 795926K->630672K(1864192K), 0.0610626 secs] [Times: user=0.28 sys=0.00, real=0.06 secs] 
3678.423: [GC (Allocation Failure) [PSYoungGen: 411153K->178006K(465920K)] 857579K->688504K(1864192K), 0.0483066 secs] [Times: user=0.22 sys=0.00, real=0.05 secs] 
3679.309: [GC (Allocation Failure) [PSYoungGen: 410966K->168627K(465920K)] 921464K->735597K(1864192K), 0.0533554 secs] [Times: user=0.27 sys=0.00, real=0.05 secs] 
3679.784: [GC (Allocation Failure) [PSYoungGen: 401587K->108364K(465920K)] 968557K->739839K(1864192K), 0.0829518 secs] [Times: user=0.42 sys=0.00, real=0.08 secs] 
3680.036: [GC (Allocation Failure) [PSYoungGen: 336532K->174389K(465920K)] 968006K->840811K(1864192K), 0.0353914 secs] [Times: user=0.15 sys=0.00, real=0.04 secs] 
3680.245: [GC (Allocation Failure) [PSYoungGen: 407349K->183637K(465920K)] 1073771K->904252K(1864192K), 0.0530108 secs] [Times: user=0.26 sys=0.00, real=0.06 secs] 
3680.428: [GC (Allocation Failure) [PSYoungGen: 416597K->186581K(465920K)] 1137212K->962883K(1864192K), 0.0458176 secs] [Times: user=0.21 sys=0.00, real=0.05 secs] 
3681.704: [GC (GCLocker Initiated GC) [PSYoungGen: 419541K->100060K(465920K)] 1195845K->946556K(1864192K), 0.0476615 secs] [Times: user=0.25 sys=0.00, real=0.05 secs] 
3681.987: [GC (GCLocker Initiated GC) [PSYoungGen: 333020K->170260K(465920K)] 1179518K->1049226K(1864192K), 0.0731166 secs] [Times: user=0.35 sys=0.00, real=0.08 secs] 
3682.224: [GC (Allocation Failure) [PSYoungGen: 403220K->189909K(465920K)] 1282225K->1122390K(1864192K), 0.0429329 secs] [Times: user=0.19 sys=0.00, real=0.04 secs] 
3682.388: [GC (Allocation Failure) [PSYoungGen: 422869K->185751K(465920K)] 1355350K->1181728K(1864192K), 0.0500613 secs] [Times: user=0.24 sys=0.00, real=0.05 secs] 
3682.954: [GC (Allocation Failure) [PSYoungGen: 414616K->209427K(465920K)] 1410593K->1264140K(1864192K), 0.0530923 secs] [Times: user=0.26 sys=0.00, real=0.05 secs] 
3684.270: [GC (Allocation Failure) [PSYoungGen: 442387K->90522K(465920K)] 1497100K->1211907K(1864192K), 0.1009448 secs] [Times: user=0.55 sys=0.00, real=0.10 secs] 
3684.571: [GC (Allocation Failure) [PSYoungGen: 323482K->182934K(465920K)] 1444867K->1333636K(1864192K), 0.0355764 secs] [Times: user=0.15 sys=0.00, real=0.03 secs] 
3684.753: [GC (Allocation Failure) [PSYoungGen: 415894K->184790K(465920K)] 1566596K->1392432K(1864192K), 0.0616846 secs] [Times: user=0.30 sys=0.00, real=0.06 secs] 
3684.966: [GC (Allocation Failure) [PSYoungGen: 417750K->186677K(465920K)] 1625392K->1450367K(1864192K), 0.0483191 secs] [Times: user=0.23 sys=0.00, real=0.05 secs] 
3686.028: [GC (Allocation Failure) [PSYoungGen: 419637K->98252K(465920K)] 1683327K->1432230K(1864192K), 0.0469295 secs] [Times: user=0.24 sys=0.00, real=0.04 secs] 
3686.075: [Full GC (Ergonomics) [PSYoungGen: 98252K->0K(465920K)] [ParOldGen: 1333978K->88365K(1398272K)] 1432230K->88365K(1864192K), [Metaspace: 60264K->60264K(1105920K)], 0.0358145 secs] [Times: user=0.11 sys=0.00, real=0.04 secs] 
3686.427: [GC (Allocation Failure) [PSYoungGen: 232838K->169652K(465920K)] 321203K->258017K(1864192K), 0.0313145 secs] [Times: user=0.12 sys=0.00, real=0.04 secs] 
3686.644: [GC (Allocation Failure) [PSYoungGen: 402612K->184181K(465920K)] 490977K->325051K(1864192K), 0.0513256 secs] [Times: user=0.24 sys=0.00, real=0.05 secs] 
3686.926: [GC (Allocation Failure) [PSYoungGen: 417141K->185271K(465920K)] 558011K->390292K(1864192K), 0.0495096 secs] [Times: user=0.22 sys=0.00, real=0.05 secs] 
3687.325: [GC (Allocation Failure) [PSYoungGen: 417564K->214900K(465920K)] 622585K->478625K(1864192K), 0.0546661 secs] [Times: user=0.26 sys=0.00, real=0.06 secs] 
3688.485: [GC (Allocation Failure) [PSYoungGen: 447860K->86762K(465920K)] 711585K->419111K(1864192K), 0.0715543 secs] [Times: user=0.38 sys=0.00, real=0.07 secs] 
3688.790: [GC (Allocation Failure) [PSYoungGen: 319722K->183126K(465920K)] 652071K->543079K(1864192K), 0.0378943 secs] [Times: user=0.16 sys=0.00, real=0.04 secs] 
3688.972: [GC (Allocation Failure) [PSYoungGen: 416086K->184854K(465920K)] 776039K->601763K(1864192K), 0.0488287 secs] [Times: user=0.23 sys=0.00, real=0.05 secs] 
3689.342: [GC (Allocation Failure) [PSYoungGen: 417814K->186229K(465920K)] 834723K->659114K(1864192K), 0.0661710 secs] [Times: user=0.32 sys=0.00, real=0.07 secs] 
3690.412: [GC (Allocation Failure) [PSYoungGen: 419189K->98619K(465920K)] 892074K->641705K(1864192K), 0.0502892 secs] [Times: user=0.26 sys=0.00, real=0.05 secs] 
3691.474: [GC (Allocation Failure) [PSYoungGen: 331579K->164659K(465920K)] 874665K->739278K(1864192K), 0.0582711 secs] [Times: user=0.28 sys=0.00, real=0.06 secs] 
3691.665: [GC (Allocation Failure) [PSYoungGen: 397619K->184630K(465920K)] 972238K->811084K(1864192K), 0.0425929 secs] [Times: user=0.20 sys=0.00, real=0.04 secs] 
3691.825: [GC (Allocation Failure) [PSYoungGen: 417590K->186135K(465920K)] 1044044K->876789K(1864192K), 0.0501155 secs] [Times: user=0.24 sys=0.00, real=0.05 secs] 
3692.023: [GC (Allocation Failure) [PSYoungGen: 418991K->186293K(465920K)] 1109645K->936087K(1864192K), 0.0652021 secs] [Times: user=0.33 sys=0.00, real=0.07 secs] 
3693.762: [GC (Allocation Failure) [PSYoungGen: 419253K->84986K(465920K)] 1169047K->904904K(1864192K), 0.0953945 secs] [Times: user=0.52 sys=0.00, real=0.09 secs] 
3694.173: [GC (GCLocker Initiated GC) [PSYoungGen: 317946K->179893K(465920K)] 1137865K->1027318K(1864192K), 0.0349451 secs] [Times: user=0.15 sys=0.00, real=0.04 secs] 
3694.723: [GC (Allocation Failure) [PSYoungGen: 412853K->184053K(465920K)] 1260278K->1087182K(1864192K), 0.0701533 secs] [Times: user=0.34 sys=0.00, real=0.07 secs] 
3695.300: [GC (Allocation Failure) [PSYoungGen: 417013K->186581K(465920K)] 1320142K->1145438K(1864192K), 0.0857984 secs] [Times: user=0.43 sys=0.00, real=0.08 secs] 
3696.401: [GC (Allocation Failure) [PSYoungGen: 419541K->104524K(465920K)] 1378398K->1133741K(1864192K), 0.0461309 secs] [Times: user=0.23 sys=0.01, real=0.04 secs] 
3696.639: [GC (Allocation Failure) [PSYoungGen: 337484K->159699K(465920K)] 1366701K->1223324K(1864192K), 0.0438665 secs] [Times: user=0.20 sys=0.00, real=0.04 secs] 
3696.801: [GC (Allocation Failure) [PSYoungGen: 392659K->183989K(465920K)] 1456284K->1296983K(1864192K), 0.0430825 secs] [Times: user=0.19 sys=0.00, real=0.04 secs] 
3697.000: [GC (GCLocker Initiated GC) [PSYoungGen: 416949K->183991K(465920K)] 1529945K->1361154K(1864192K), 0.0519331 secs] [Times: user=0.25 sys=0.00, real=0.05 secs] 
3697.403: [GC (Allocation Failure) [PSYoungGen: 416951K->186197K(465920K)] 1594402K->1421912K(1864192K), 0.0578898 secs] [Times: user=0.28 sys=0.00, real=0.06 secs] 
3698.734: [GC (Allocation Failure) [PSYoungGen: 419157K->87546K(465920K)] 1654872K->1393357K(1864192K), 0.0669281 secs] [Times: user=0.36 sys=0.00, real=0.07 secs] 
3699.244: [GC (Allocation Failure) [PSYoungGen: 320506K->178293K(465920K)] 1626317K->1512034K(1864192K), 0.0440382 secs] [Times: user=0.19 sys=0.00, real=0.05 secs] 
3699.288: [Full GC (Ergonomics) [PSYoungGen: 178293K->0K(465920K)] [ParOldGen: 1333740K->219636K(1398272K)] 1512034K->219636K(1864192K), [Metaspace: 60272K->60272K(1105920K)], 0.2410893 secs] [Times: user=1.11 sys=0.00, real=0.24 secs] 
3699.657: [GC (Allocation Failure) [PSYoungGen: 232960K->184054K(465920K)] 452596K->403690K(1864192K), 0.0269343 secs] [Times: user=0.10 sys=0.00, real=0.03 secs] 
3699.795: [GC (Allocation Failure) [PSYoungGen: 417014K->184340K(465920K)] 636650K->459833K(1864192K), 0.0450770 secs] [Times: user=0.21 sys=0.00, real=0.05 secs] 
3700.831: [GC (Allocation Failure) [PSYoungGen: 417300K->116270K(465920K)] 692793K->461498K(1864192K), 0.0456730 secs] [Times: user=0.24 sys=0.00, real=0.04 secs] 
3702.027: [GC (Allocation Failure) [PSYoungGen: 349230K->147889K(465920K)] 694458K->531158K(1864192K), 0.0841349 secs] [Times: user=0.44 sys=0.01, real=0.09 secs] 
3702.306: [GC (Allocation Failure) [PSYoungGen: 380849K->184053K(465920K)] 764118K->613082K(1864192K), 0.0499043 secs] [Times: user=0.23 sys=0.00, real=0.05 secs] 
3702.792: [GC (GCLocker Initiated GC) [PSYoungGen: 417013K->185079K(465920K)] 846043K->678044K(1864192K), 0.0636505 secs] [Times: user=0.31 sys=0.00, real=0.06 secs] 
3703.084: [GC (Allocation Failure) [PSYoungGen: 418039K->202645K(465920K)] 911006K->754148K(1864192K), 0.0598516 secs] [Times: user=0.30 sys=0.00, real=0.06 secs] 
3704.418: [GC (Allocation Failure) [PSYoungGen: 435605K->88794K(465920K)] 987108K->710474K(1864192K), 0.0418143 secs] [Times: user=0.22 sys=0.00, real=0.05 secs] 
3704.696: [GC (GCLocker Initiated GC) [PSYoungGen: 321754K->172500K(465920K)] 943435K->822798K(1864192K), 0.0457978 secs] [Times: user=0.20 sys=0.00, real=0.05 secs] 
3704.949: [GC (Allocation Failure) [PSYoungGen: 405460K->184150K(465920K)] 1055888K->888226K(1864192K), 0.0574517 secs] [Times: user=0.27 sys=0.00, real=0.05 secs] 
3705.126: [GC (Allocation Failure) [PSYoungGen: 417110K->187125K(465920K)] 1121186K->946921K(1864192K), 0.0462556 secs] [Times: user=0.21 sys=0.00, real=0.05 secs] 
3706.408: [GC (Allocation Failure) [PSYoungGen: 420085K->125327K(465920K)] 1179881K->955515K(1864192K), 0.0485063 secs] [Times: user=0.25 sys=0.00, real=0.04 secs] 
3706.987: [GC (Allocation Failure) [PSYoungGen: 356672K->142305K(465920K)] 1186860K->1012237K(1864192K), 0.0927281 secs] [Times: user=0.50 sys=0.00, real=0.10 secs] 
3707.212: [GC (Allocation Failure) [PSYoungGen: 375265K->178997K(465920K)] 1245197K->1095454K(1864192K), 0.0392508 secs] [Times: user=0.17 sys=0.00, real=0.04 secs] 
3707.373: [GC (Allocation Failure) [PSYoungGen: 411957K->185431K(465920K)] 1328414K->1164208K(1864192K), 0.0497300 secs] [Times: user=0.23 sys=0.01, real=0.05 secs] 
3707.538: [GC (Allocation Failure) [PSYoungGen: 418391K->186485K(465920K)] 1397168K->1224030K(1864192K), 0.0579535 secs] [Times: user=0.29 sys=0.00, real=0.05 secs] 
3709.182: [GC (GCLocker Initiated GC) [PSYoungGen: 419445K->87642K(465920K)] 1456990K->1195676K(1864192K), 0.1175514 secs] [Times: user=0.66 sys=0.01, real=0.12 secs] 
3709.803: [GC (Allocation Failure) [PSYoungGen: 320602K->174933K(465920K)] 1428930K->1311734K(1864192K), 0.0368412 secs] [Times: user=0.16 sys=0.00, real=0.04 secs] 
3709.958: [GC (Allocation Failure) [PSYoungGen: 407893K->184278K(465920K)] 1544694K->1375359K(1864192K), 0.0444554 secs] [Times: user=0.21 sys=0.00, real=0.04 secs] 
3710.140: [GC (Allocation Failure) [PSYoungGen: 417238K->187285K(465920K)] 1608319K->1434270K(1864192K), 0.0573424 secs] [Times: user=0.28 sys=0.00, real=0.05 secs] 
3711.132: [GC (Allocation Failure) [PSYoungGen: 420245K->134224K(465920K)] 1667230K->1451769K(1864192K), 0.0504902 secs] [Times: user=0.26 sys=0.00, real=0.05 secs] 
3711.183: [Full GC (Ergonomics) [PSYoungGen: 134224K->0K(465920K)] [ParOldGen: 1317545K->346002K(1398272K)] 1451769K->346002K(1864192K), [Metaspace: 60272K->60272K(1105920K)], 0.5964494 secs] [Times: user=2.63 sys=0.00, real=0.60 secs] 
3712.008: [GC (Allocation Failure) [PSYoungGen: 232960K->141201K(465920K)] 578962K->487203K(1864192K), 0.0198340 secs] [Times: user=0.06 sys=0.00, real=0.02 secs] 
3712.173: [GC (Allocation Failure) [PSYoungGen: 374161K->178293K(465920K)] 720163K->569132K(1864192K), 0.0385253 secs] [Times: user=0.16 sys=0.00, real=0.04 secs] 
3712.335: [GC (Allocation Failure) [PSYoungGen: 411253K->185175K(465920K)] 802092K->638414K(1864192K), 0.0486054 secs] [Times: user=0.23 sys=0.00, real=0.05 secs] 
3712.503: [GC (Allocation Failure) [PSYoungGen: 418135K->183348K(465920K)] 871374K->695332K(1864192K), 0.0563863 secs] [Times: user=0.28 sys=0.01, real=0.06 secs] 
3713.638: [GC (Allocation Failure) [PSYoungGen: 416308K->88794K(465920K)] 928292K->670041K(1864192K), 0.0614529 secs] [Times: user=0.33 sys=0.00, real=0.06 secs] 
3714.062: [GC (Allocation Failure) [PSYoungGen: 321754K->178101K(465920K)] 903001K->788181K(1864192K), 0.0414341 secs] [Times: user=0.18 sys=0.00, real=0.04 secs] 
3714.277: [GC (Allocation Failure) [PSYoungGen: 411061K->184854K(465920K)] 1021141K->850482K(1864192K), 0.0495652 secs] [Times: user=0.23 sys=0.00, real=0.05 secs] 
3714.451: [GC (Allocation Failure) [PSYoungGen: 417814K->184372K(465920K)] 1083442K->906217K(1864192K), 0.0455935 secs] [Times: user=0.21 sys=0.00, real=0.04 secs] 
3715.463: [GC (Allocation Failure) [PSYoungGen: 417332K->138481K(465920K)] 1139177K->929849K(1864192K), 0.0489489 secs] [Times: user=0.24 sys=0.00, real=0.05 secs] 
3717.000: [GC (Allocation Failure) [PSYoungGen: 371441K->124014K(465920K)] 1162809K->959095K(1864192K), 0.1088503 secs] [Times: user=0.60 sys=0.00, real=0.11 secs] 
3717.295: [GC (Allocation Failure) [PSYoungGen: 356974K->178261K(465920K)] 1192055K->1052782K(1864192K), 0.0383108 secs] [Times: user=0.17 sys=0.00, real=0.04 secs] 
3717.451: [GC (Allocation Failure) [PSYoungGen: 411221K->185751K(465920K)] 1285742K->1122384K(1864192K), 0.0497476 secs] [Times: user=0.23 sys=0.00, real=0.05 secs] 
3717.612: [GC (Allocation Failure) [PSYoungGen: 418711K->186901K(465920K)] 1355344K->1182358K(1864192K), 0.0590585 secs] [Times: user=0.29 sys=0.00, real=0.06 secs] 
3718.633: [GC (Allocation Failure) [PSYoungGen: 419861K->94955K(465920K)] 1415318K->1160852K(1864192K), 0.0449908 secs] [Times: user=0.23 sys=0.00, real=0.04 secs] 
3718.964: [GC (Allocation Failure) [PSYoungGen: 327842K->177525K(465920K)] 1393739K->1274359K(1864192K), 0.0530353 secs] [Times: user=0.23 sys=0.00, real=0.05 secs] 
3719.180: [GC (Allocation Failure) [PSYoungGen: 410485K->184181K(465920K)] 1507319K->1336223K(1864192K), 0.0456548 secs] [Times: user=0.21 sys=0.00, real=0.04 secs] 
3719.335: [GC (Allocation Failure) [PSYoungGen: 417141K->184276K(465920K)] 1569183K->1392630K(1864192K), 0.0477651 secs] [Times: user=0.22 sys=0.00, real=0.05 secs] 
3720.318: [GC (Allocation Failure) [PSYoungGen: 417236K->144978K(465920K)] 1625590K->1422699K(1864192K), 0.0525442 secs] [Times: user=0.26 sys=0.00, real=0.05 secs] 
3720.703: [GC (Allocation Failure) [PSYoungGen: 377938K->125407K(465920K)] 1655659K->1449248K(1864192K), 0.0755987 secs] [Times: user=0.41 sys=0.01, real=0.08 secs] 
3720.778: [Full GC (Ergonomics) [PSYoungGen: 125407K->0K(465920K)] [ParOldGen: 1323841K->142211K(1398272K)] 1449248K->142211K(1864192K), [Metaspace: 60272K->60272K(1105920K)], 0.1409143 secs] [Times: user=0.61 sys=0.00, real=0.14 secs] 
3721.068: [GC (Allocation Failure) [PSYoungGen: 232960K->178389K(465920K)] 375171K->320600K(1864192K), 0.0262345 secs] [Times: user=0.10 sys=0.00, real=0.03 secs] 
3721.252: [GC (Allocation Failure) [PSYoungGen: 411349K->182198K(465920K)] 553560K->386770K(1864192K), 0.0705033 secs] [Times: user=0.35 sys=0.00, real=0.07 secs] 
3721.498: [GC (Allocation Failure) [PSYoungGen: 415158K->186709K(465920K)] 619730K->449352K(1864192K), 0.0748583 secs] [Times: user=0.39 sys=0.01, real=0.07 secs] 
3722.773: [GC (Allocation Failure) [PSYoungGen: 419669K->94795K(465920K)] 682312K->427895K(1864192K), 0.0696724 secs] [Times: user=0.38 sys=0.00, real=0.07 secs] 
3724.003: [GC (Allocation Failure) [PSYoungGen: 327755K->170036K(465920K)] 660855K->533629K(1864192K), 0.0427833 secs] [Times: user=0.19 sys=0.00, real=0.04 secs] 
3724.249: [GC (Allocation Failure) [PSYoungGen: 402996K->184950K(465920K)] 766589K->601910K(1864192K), 0.0589947 secs] [Times: user=0.28 sys=0.00, real=0.06 secs] 
3724.494: [GC (Allocation Failure) [PSYoungGen: 417910K->187829K(465920K)] 834870K->660950K(1864192K), 0.0621317 secs] [Times: user=0.30 sys=0.00, real=0.06 secs] 
3725.439: [GC (Allocation Failure) [PSYoungGen: 420789K->151474K(465920K)] 893910K->695235K(1864192K), 0.0514044 secs] [Times: user=0.25 sys=0.00, real=0.05 secs] 
3725.943: [GC (Allocation Failure) [PSYoungGen: 384434K->123118K(465920K)] 928195K->715023K(1864192K), 0.1329489 secs] [Times: user=0.74 sys=0.01, real=0.13 secs] 
3726.230: [GC (Allocation Failure) [PSYoungGen: 356078K->174836K(465920K)] 947983K->806054K(1864192K), 0.0367309 secs] [Times: user=0.15 sys=0.00, real=0.03 secs] 
3726.386: [GC (Allocation Failure) [PSYoungGen: 407678K->181910K(465920K)] 1038896K->874532K(1864192K), 0.0489882 secs] [Times: user=0.22 sys=0.01, real=0.05 secs] 
3726.549: [GC (Allocation Failure) [PSYoungGen: 414870K->183572K(465920K)] 1107492K->933834K(1864192K), 0.0587179 secs] [Times: user=0.28 sys=0.01, real=0.05 secs] 
3727.625: [GC (Allocation Failure) [PSYoungGen: 416532K->99372K(465920K)] 1166794K->919061K(1864192K), 0.0470819 secs] [Times: user=0.24 sys=0.00, real=0.05 secs] 
3727.989: [GC (Allocation Failure) [PSYoungGen: 332332K->174325K(465920K)] 1152021K->1025827K(1864192K), 0.0576555 secs] [Times: user=0.26 sys=0.00, real=0.05 secs] 
3728.222: [GC (Allocation Failure) [PSYoungGen: 407285K->184918K(465920K)] 1258787K->1091396K(1864192K), 0.0438236 secs] [Times: user=0.20 sys=0.00, real=0.04 secs] 
3728.398: [GC (Allocation Failure) [PSYoungGen: 405694K->171829K(465920K)] 1312173K->1142556K(1864192K), 0.0610310 secs] [Times: user=0.30 sys=0.00, real=0.06 secs] 
3729.269: [GC (Allocation Failure) [PSYoungGen: 402878K->207027K(465920K)] 1373604K->1232213K(1864192K), 0.0531673 secs] [Times: user=0.26 sys=0.00, real=0.05 secs] 
3730.166: [GC (GCLocker Initiated GC) [PSYoungGen: 439987K->96907K(465920K)] 1465174K->1187103K(1864192K), 0.0958193 secs] [Times: user=0.52 sys=0.00, real=0.10 secs] 
3730.451: [GC (Allocation Failure) [PSYoungGen: 329867K->178229K(465920K)] 1420066K->1299693K(1864192K), 0.0347034 secs] [Times: user=0.14 sys=0.00, real=0.03 secs] 
3730.605: [GC (Allocation Failure) [PSYoungGen: 411189K->184790K(465920K)] 1532653K->1361989K(1864192K), 0.0436005 secs] [Times: user=0.19 sys=0.01, real=0.05 secs] 
3730.790: [GC (Allocation Failure) [PSYoungGen: 417750K->186805K(465920K)] 1594949K->1419900K(1864192K), 0.0592759 secs] [Times: user=0.29 sys=0.00, real=0.06 secs] 
3731.881: [GC (Allocation Failure) [PSYoungGen: 419765K->99948K(465920K)] 1652860K->1403595K(1864192K), 0.0449624 secs] [Times: user=0.24 sys=0.00, real=0.04 secs] 
3732.308: [GC (Allocation Failure) [PSYoungGen: 332908K->171764K(465920K)] 1636555K->1508396K(1864192K), 0.0647909 secs] [Times: user=0.29 sys=0.00, real=0.07 secs] 
3732.372: [Full GC (Ergonomics) [PSYoungGen: 171764K->0K(465920K)] [ParOldGen: 1336631K->194197K(1398272K)] 1508396K->194197K(1864192K), [Metaspace: 60274K->60274K(1105920K)], 0.1954733 secs] [Times: user=0.83 sys=0.01, real=0.20 secs] 
3732.725: [GC (Allocation Failure) [PSYoungGen: 232960K->183669K(465920K)] 427157K->377867K(1864192K), 0.0339232 secs] [Times: user=0.14 sys=0.00, real=0.04 secs] 
3733.116: [GC (Allocation Failure) [PSYoungGen: 416629K->181174K(465920K)] 610827K->439244K(1864192K), 0.0639257 secs] [Times: user=0.30 sys=0.00, real=0.07 secs] 
3733.733: [GC (Allocation Failure) [PSYoungGen: 414134K->214452K(465920K)] 672204K->529994K(1864192K), 0.0710879 secs] [Times: user=0.36 sys=0.00, real=0.07 secs] 
3734.772: [GC (Allocation Failure) [PSYoungGen: 447412K->90170K(465920K)] 762954K->474376K(1864192K), 0.0609490 secs] [Times: user=0.32 sys=0.00, real=0.06 secs] 
3735.036: [GC (Allocation Failure) [PSYoungGen: 323130K->182774K(465920K)] 707336K->595537K(1864192K), 0.0398253 secs] [Times: user=0.17 sys=0.00, real=0.04 secs] 
3735.192: [GC (Allocation Failure) [PSYoungGen: 415734K->181909K(465920K)] 828497K->651836K(1864192K), 0.0433023 secs] [Times: user=0.19 sys=0.00, real=0.04 secs] 
3735.350: [GC (Allocation Failure) [PSYoungGen: 414869K->186389K(465920K)] 884796K->711188K(1864192K), 0.0447610 secs] [Times: user=0.21 sys=0.00, real=0.04 secs] 
3736.364: [GC (Allocation Failure) [PSYoungGen: 419349K->97803K(465920K)] 944148K->692814K(1864192K), 0.0451534 secs] [Times: user=0.23 sys=0.01, real=0.05 secs] 
3736.922: [GC (Allocation Failure) [PSYoungGen: 330763K->166100K(465920K)] 925774K->792603K(1864192K), 0.0470440 secs] [Times: user=0.23 sys=0.00, real=0.05 secs] 
3737.132: [GC (Allocation Failure) [PSYoungGen: 399060K->181909K(465920K)] 1025563K->860453K(1864192K), 0.0636818 secs] [Times: user=0.31 sys=0.00, real=0.06 secs] 
3737.388: [GC (Allocation Failure) [PSYoungGen: 414869K->185911K(465920K)] 1093413K->928255K(1864192K), 0.0656698 secs] [Times: user=0.33 sys=0.00, real=0.07 secs] 
3737.605: [GC (Allocation Failure) [PSYoungGen: 418871K->186677K(465920K)] 1161215K->988109K(1864192K), 0.0632812 secs] [Times: user=0.32 sys=0.00, real=0.07 secs] 
3739.209: [GC (Allocation Failure) [PSYoungGen: 419637K->85834K(465920K)] 1221069K->957530K(1864192K), 0.1104422 secs] [Times: user=0.61 sys=0.00, real=0.11 secs] 
3739.636: [GC (Allocation Failure) [PSYoungGen: 318794K->179253K(465920K)] 1190490K->1078606K(1864192K), 0.0341824 secs] [Times: user=0.14 sys=0.00, real=0.04 secs] 
3739.788: [GC (Allocation Failure) [PSYoungGen: 412213K->184310K(465920K)] 1311566K->1138959K(1864192K), 0.0437646 secs] [Times: user=0.20 sys=0.00, real=0.04 secs] 
3740.069: [GC (Allocation Failure) [PSYoungGen: 417270K->186549K(465920K)] 1371919K->1197246K(1864192K), 0.0541984 secs] [Times: user=0.26 sys=0.00, real=0.05 secs] 
3741.126: [GC (Allocation Failure) [PSYoungGen: 419509K->109261K(465920K)] 1430206K->1190342K(1864192K), 0.0465877 secs] [Times: user=0.23 sys=0.00, real=0.05 secs] 
3741.681: [GC (Allocation Failure) [PSYoungGen: 342221K->158003K(465920K)] 1423302K->1274553K(1864192K), 0.0813407 secs] [Times: user=0.41 sys=0.00, real=0.08 secs] 
3741.910: [GC (Allocation Failure) [PSYoungGen: 390963K->184534K(465920K)] 1507513K->1350524K(1864192K), 0.0428555 secs] [Times: user=0.19 sys=0.00, real=0.04 secs] 
3742.070: [GC (Allocation Failure) [PSYoungGen: 417436K->186103K(465920K)] 1583426K->1416357K(1864192K), 0.0518115 secs] [Times: user=0.24 sys=0.00, real=0.05 secs] 
3742.259: [GC (Allocation Failure) [PSYoungGen: 418940K->186517K(465920K)] 1649194K->1475663K(1864192K), 0.0617602 secs] [Times: user=0.31 sys=0.00, real=0.06 secs] 
3743.593: [GC (Allocation Failure) [PSYoungGen: 419477K->88346K(465920K)] 1708623K->1447868K(1864192K), 0.0609245 secs] [Times: user=0.32 sys=0.00, real=0.06 secs] 
3743.654: [Full GC (Ergonomics) [PSYoungGen: 88346K->0K(465920K)] [ParOldGen: 1359522K->102166K(1398272K)] 1447868K->102166K(1864192K), [Metaspace: 60281K->60281K(1105920K)], 0.1016660 secs] [Times: user=0.44 sys=0.00, real=0.10 secs] 
3744.289: [GC (Allocation Failure) [PSYoungGen: 232960K->175989K(465920K)] 335126K->278155K(1864192K), 0.0317629 secs] [Times: user=0.12 sys=0.00, real=0.03 secs] 
3744.515: [GC (Allocation Failure) [PSYoungGen: 408949K->192854K(465920K)] 511115K->350812K(1864192K), 0.0577762 secs] [Times: user=0.26 sys=0.00, real=0.06 secs] 
3744.755: [GC (Allocation Failure) [PSYoungGen: 425814K->186581K(465920K)] 583772K->400555K(1864192K), 0.0574746 secs] [Times: user=0.28 sys=0.00, real=0.06 secs] 
3745.821: [GC (Allocation Failure) [PSYoungGen: 419541K->113581K(465920K)] 633515K->397916K(1864192K), 0.0458935 secs] [Times: user=0.23 sys=0.00, real=0.04 secs] 
3747.401: [GC (Allocation Failure) [PSYoungGen: 346541K->149906K(465920K)] 630876K->470717K(1864192K), 0.0775579 secs] [Times: user=0.40 sys=0.00, real=0.08 secs] 
3747.672: [GC (Allocation Failure) [PSYoungGen: 382866K->183925K(465920K)] 703677K->551549K(1864192K), 0.0472511 secs] [Times: user=0.22 sys=0.00, real=0.05 secs] 
3747.836: [GC (Allocation Failure) [PSYoungGen: 416885K->186039K(465920K)] 784509K->617630K(1864192K), 0.0493071 secs] [Times: user=0.22 sys=0.00, real=0.05 secs] 
3747.997: [GC (Allocation Failure) [PSYoungGen: 418999K->186773K(465920K)] 850590K->677468K(1864192K), 0.0566067 secs] [Times: user=0.28 sys=0.00, real=0.06 secs] 
3749.030: [GC (Allocation Failure) [PSYoungGen: 419733K->95579K(465920K)] 910428K->656598K(1864192K), 0.0579624 secs] [Times: user=0.31 sys=0.00, real=0.06 secs] 
3749.300: [GC (GCLocker Initiated GC) [PSYoungGen: 328539K->175829K(465920K)] 889559K->767910K(1864192K), 0.0441477 secs] [Times: user=0.19 sys=0.01, real=0.04 secs] 
3749.479: [GC (Allocation Failure) [PSYoungGen: 408789K->183605K(465920K)] 1000908K->830345K(1864192K), 0.0430918 secs] [Times: user=0.19 sys=0.00, real=0.04 secs] 
3749.636: [GC (Allocation Failure) [PSYoungGen: 416565K->186549K(465920K)] 1063305K->889000K(1864192K), 0.0462155 secs] [Times: user=0.22 sys=0.00, real=0.05 secs] 
3750.668: [GC (Allocation Failure) [PSYoungGen: 419509K->116046K(465920K)] 1121960K->888786K(1864192K), 0.0469815 secs] [Times: user=0.24 sys=0.00, real=0.04 secs] 
3751.069: [GC (Allocation Failure) [PSYoungGen: 349006K->151970K(465920K)] 1121746K->961714K(1864192K), 0.0520427 secs] [Times: user=0.26 sys=0.00, real=0.05 secs] 
3751.240: [GC (Allocation Failure) [PSYoungGen: 384930K->184053K(465920K)] 1194674K->1041530K(1864192K), 0.0411735 secs] [Times: user=0.18 sys=0.00, real=0.04 secs] 
3751.400: [GC (Allocation Failure) [PSYoungGen: 417013K->182710K(465920K)] 1274490K->1104211K(1864192K), 0.0496570 secs] [Times: user=0.24 sys=0.00, real=0.05 secs] 
3751.566: [GC (Allocation Failure) [PSYoungGen: 415670K->186549K(465920K)] 1337171K->1166526K(1864192K), 0.0553943 secs] [Times: user=0.27 sys=0.00, real=0.06 secs] 
3753.318: [GC (Allocation Failure) [PSYoungGen: 419509K->89370K(465920K)] 1399486K->1139599K(1864192K), 0.1020336 secs] [Times: user=0.56 sys=0.00, real=0.10 secs] 
3753.930: [GC (Allocation Failure) [PSYoungGen: 322330K->175765K(465920K)] 1372559K->1255782K(1864192K), 0.0413117 secs] [Times: user=0.17 sys=0.01, real=0.04 secs] 
3754.094: [GC (Allocation Failure) [PSYoungGen: 408725K->184854K(465920K)] 1488742K->1319631K(1864192K), 0.0438349 secs] [Times: user=0.20 sys=0.00, real=0.05 secs] 
3754.255: [GC (Allocation Failure) [PSYoungGen: 417814K->186773K(465920K)] 1552591K->1377486K(1864192K), 0.0461638 secs] [Times: user=0.21 sys=0.00, real=0.05 secs] 
3755.343: [GC (Allocation Failure) [PSYoungGen: 419733K->121583K(465920K)] 1610446K->1382728K(1864192K), 0.0482122 secs] [Times: user=0.24 sys=0.00, real=0.05 secs] 
3755.856: [GC (Allocation Failure) [PSYoungGen: 354543K->145569K(465920K)] 1615688K->1445234K(1864192K), 0.1086626 secs] [Times: user=0.59 sys=0.00, real=0.11 secs] 
3756.109: [GC (Allocation Failure) [PSYoungGen: 378529K->178101K(465920K)] 1678194K->1523898K(1864192K), 0.0402916 secs] [Times: user=0.18 sys=0.00, real=0.04 secs] 
3756.149: [Full GC (Ergonomics) [PSYoungGen: 178101K->0K(465920K)] [ParOldGen: 1345797K->241356K(1398272K)] 1523898K->241356K(1864192K), [Metaspace: 60302K->60302K(1105920K)], 0.2987974 secs] [Times: user=1.34 sys=0.00, real=0.30 secs] 
3756.568: [GC (Allocation Failure) [PSYoungGen: 232960K->184599K(465920K)] 474316K->425955K(1864192K), 0.0857424 secs] [Times: user=0.45 sys=0.00, real=0.08 secs] 
3756.815: [GC (Allocation Failure) [PSYoungGen: 417559K->186485K(465920K)] 658915K->486209K(1864192K), 0.0565530 secs] [Times: user=0.28 sys=0.00, real=0.06 secs] 
3758.210: [GC (Allocation Failure) [PSYoungGen: 419445K->98475K(465920K)] 719169K->468392K(1864192K), 0.0426629 secs] [Times: user=0.22 sys=0.00, real=0.04 secs] 
3758.614: [GC (Allocation Failure) [PSYoungGen: 331435K->174165K(465920K)] 701352K->575761K(1864192K), 0.0440034 secs] [Times: user=0.19 sys=0.00, real=0.05 secs] 
3758.791: [GC (Allocation Failure) [PSYoungGen: 407125K->193238K(465920K)] 808721K->649182K(1864192K), 0.0427749 secs] [Times: user=0.20 sys=0.00, real=0.04 secs] 
3759.622: [GC (Allocation Failure) [PSYoungGen: 426198K->175987K(465920K)] 882142K->688140K(1864192K), 0.1092416 secs] [Times: user=0.56 sys=0.00, real=0.11 secs] 
3761.380: [GC (Allocation Failure) [PSYoungGen: 408947K->135664K(465920K)] 921100K->714713K(1864192K), 0.0481290 secs] [Times: user=0.24 sys=0.00, real=0.05 secs] 
3763.169: [GC (Allocation Failure) [PSYoungGen: 368624K->129743K(465920K)] 947673K->751696K(1864192K), 0.1288007 secs] [Times: user=0.68 sys=0.00, real=0.12 secs] 
3763.455: [GC (Allocation Failure) [PSYoungGen: 362703K->178965K(465920K)] 984656K->842582K(1864192K), 0.0377972 secs] [Times: user=0.17 sys=0.00, real=0.04 secs] 
3763.611: [GC (Allocation Failure) [PSYoungGen: 411925K->185911K(465920K)] 1075542K->911872K(1864192K), 0.0489953 secs] [Times: user=0.23 sys=0.00, real=0.05 secs] 
3763.775: [GC (Allocation Failure) [PSYoungGen: 418871K->184308K(465920K)] 1144832K->969354K(1864192K), 0.0564476 secs] [Times: user=0.28 sys=0.00, real=0.06 secs] 
3764.837: [GC (Allocation Failure) [PSYoungGen: 417268K->94315K(465920K)] 1202314K->948905K(1864192K), 0.0550188 secs] [Times: user=0.29 sys=0.00, real=0.06 secs] 
3765.234: [GC (Allocation Failure) [PSYoungGen: 327275K->175541K(465920K)] 1181865K->1061163K(1864192K), 0.0479061 secs] [Times: user=0.20 sys=0.00, real=0.05 secs] 
3765.467: [GC (Allocation Failure) [PSYoungGen: 408501K->183701K(465920K)] 1294123K->1123739K(1864192K), 0.0441532 secs] [Times: user=0.20 sys=0.00, real=0.05 secs] 
3765.734: [GC (Allocation Failure) [PSYoungGen: 416661K->232948K(465920K)] 1356699K->1231347K(1864192K), 0.0473236 secs] [Times: user=0.23 sys=0.00, real=0.05 secs] 
3766.872: [GC (Allocation Failure) [PSYoungGen: 465908K->141841K(465920K)] 1464307K->1210328K(1864192K), 0.0507703 secs] [Times: user=0.25 sys=0.00, real=0.05 secs] 
3767.202: [GC (Allocation Failure) [PSYoungGen: 374801K->129407K(465920K)] 1443288K->1242902K(1864192K), 0.0693036 secs] [Times: user=0.37 sys=0.00, real=0.07 secs] 
3767.393: [GC (Allocation Failure) [PSYoungGen: 362367K->177845K(465920K)] 1475862K->1332912K(1864192K), 0.0384995 secs] [Times: user=0.17 sys=0.00, real=0.04 secs] 
3767.554: [GC (Allocation Failure) [PSYoungGen: 410805K->185399K(465920K)] 1565872K->1402466K(1864192K), 0.0498379 secs] [Times: user=0.24 sys=0.00, real=0.05 secs] 
3767.753: [GC (Allocation Failure) [PSYoungGen: 418359K->186453K(465920K)] 1635426K->1462448K(1864192K), 0.0619268 secs] [Times: user=0.30 sys=0.00, real=0.06 secs] 
3768.942: [GC (Allocation Failure) [PSYoungGen: 419413K->89450K(465920K)] 1695408K->1435806K(1864192K), 0.0466024 secs] [Times: user=0.25 sys=0.00, real=0.05 secs] 
3768.989: [Full GC (Ergonomics) [PSYoungGen: 89450K->0K(465920K)] [ParOldGen: 1346355K->90933K(1398272K)] 1435806K->90933K(1864192K), [Metaspace: 60302K->60302K(1105920K)], 0.0548695 secs] [Times: user=0.19 sys=0.00, real=0.05 secs] 
3769.515: [GC (GCLocker Initiated GC) [PSYoungGen: 232960K->177333K(465920K)] 323894K->268267K(1864192K), 0.0338007 secs] [Times: user=0.12 sys=0.00, real=0.04 secs] 
3769.700: [GC (Allocation Failure) [PSYoungGen: 410293K->181589K(465920K)] 501358K->327646K(1864192K), 0.0407557 secs] [Times: user=0.18 sys=0.00, real=0.04 secs] 
3769.858: [GC (Allocation Failure) [PSYoungGen: 414549K->187509K(465920K)] 560606K->388782K(1864192K), 0.0438740 secs] [Times: user=0.20 sys=0.00, real=0.04 secs] 
3770.813: [GC (Allocation Failure) [PSYoungGen: 420469K->147410K(465920K)] 621742K->419315K(1864192K), 0.0496872 secs] [Times: user=0.24 sys=0.00, real=0.05 secs] 
3772.028: [GC (Allocation Failure) [PSYoungGen: 380370K->123054K(465920K)] 652275K->441519K(1864192K), 0.1433594 secs] [Times: user=0.80 sys=0.00, real=0.15 secs] 
3772.352: [GC (Allocation Failure) [PSYoungGen: 356014K->175508K(465920K)] 674479K->533394K(1864192K), 0.0369563 secs] [Times: user=0.16 sys=0.00, real=0.04 secs] 
3772.510: [GC (Allocation Failure) [PSYoungGen: 408468K->184599K(465920K)] 766354K->603644K(1864192K), 0.0489138 secs] [Times: user=0.23 sys=0.00, real=0.05 secs] 
3772.699: [GC (Allocation Failure) [PSYoungGen: 417559K->203253K(465920K)] 836604K->681059K(1864192K), 0.0677729 secs] [Times: user=0.34 sys=0.00, real=0.06 secs] 
3774.133: [GC (Allocation Failure) [PSYoungGen: 436213K->94203K(465920K)] 914019K->642433K(1864192K), 0.0477979 secs] [Times: user=0.25 sys=0.00, real=0.05 secs] 
3774.447: [GC (Allocation Failure) [PSYoungGen: 327163K->174389K(465920K)] 875393K->753263K(1864192K), 0.0364878 secs] [Times: user=0.15 sys=0.00, real=0.04 secs] 
3774.602: [GC (Allocation Failure) [PSYoungGen: 407349K->184598K(465920K)] 986223K->817528K(1864192K), 0.0438229 secs] [Times: user=0.20 sys=0.00, real=0.04 secs] 
3775.382: [GC (Allocation Failure) [PSYoungGen: 401558K->167540K(465920K)] 1034488K->864791K(1864192K), 0.0713097 secs] [Times: user=0.36 sys=0.00, real=0.07 secs] 
3776.766: [GC (Allocation Failure) [PSYoungGen: 400500K->213296K(465920K)] 1097751K->963738K(1864192K), 0.0472973 secs] [Times: user=0.22 sys=0.00, real=0.05 secs] 
3778.076: [GC (Allocation Failure) [PSYoungGen: 446256K->93707K(465920K)] 1196698K->909125K(1864192K), 0.0919113 secs] [Times: user=0.50 sys=0.01, real=0.10 secs] 
3778.452: [GC (Allocation Failure) [PSYoungGen: 326667K->182998K(465920K)] 1142085K->1028577K(1864192K), 0.0355340 secs] [Times: user=0.15 sys=0.00, real=0.03 secs] 
3778.634: [GC (Allocation Failure) [PSYoungGen: 415958K->185014K(465920K)] 1261537K->1087449K(1864192K), 0.0509703 secs] [Times: user=0.24 sys=0.00, real=0.05 secs] 
3778.798: [GC (Allocation Failure) [PSYoungGen: 417974K->187157K(465920K)] 1320409K->1145624K(1864192K), 0.0480313 secs] [Times: user=0.22 sys=0.00, real=0.04 secs] 
3779.829: [GC (Allocation Failure) [PSYoungGen: 420117K->98171K(465920K)] 1378584K->1127343K(1864192K), 0.0466690 secs] [Times: user=0.24 sys=0.00, real=0.04 secs] 
3780.579: [GC (Allocation Failure) [PSYoungGen: 331131K->166740K(465920K)] 1360303K->1228103K(1864192K), 0.0629084 secs] [Times: user=0.31 sys=0.00, real=0.06 secs] 
3780.788: [GC (Allocation Failure) [PSYoungGen: 399700K->184566K(465920K)] 1461063K->1297785K(1864192K), 0.0454461 secs] [Times: user=0.21 sys=0.00, real=0.04 secs] 
3781.372: [GC (Allocation Failure) [PSYoungGen: 417526K->184599K(465920K)] 1530745K->1361930K(1864192K), 0.0849558 secs] [Times: user=0.43 sys=0.00, real=0.08 secs] 
3781.861: [GC (Allocation Failure) [PSYoungGen: 417248K->198484K(465920K)] 1594580K->1434480K(1864192K), 0.0583591 secs] [Times: user=0.29 sys=0.00, real=0.06 secs] 
3782.852: [GC (GCLocker Initiated GC) [PSYoungGen: 431444K->91306K(465920K)] 1667442K->1395864K(1864192K), 0.0562710 secs] [Times: user=0.29 sys=0.00, real=0.06 secs] 
3783.148: [GC (Allocation Failure) [PSYoungGen: 324266K->182422K(465920K)] 1628827K->1516015K(1864192K), 0.0460426 secs] [Times: user=0.20 sys=0.00, real=0.04 secs] 
3783.194: [Full GC (Ergonomics) [PSYoungGen: 182422K->0K(465920K)] [ParOldGen: 1333593K->228523K(1398272K)] 1516015K->228523K(1864192K), [Metaspace: 60306K->60306K(1105920K)], 0.2633115 secs] [Times: user=1.21 sys=0.00, real=0.26 secs] 
3783.577: [GC (Allocation Failure) [PSYoungGen: 232960K->184406K(465920K)] 461483K->412929K(1864192K), 0.0266208 secs] [Times: user=0.09 sys=0.00, real=0.03 secs] 
3783.719: [GC (Allocation Failure) [PSYoungGen: 417366K->186741K(465920K)] 645889K->471248K(1864192K), 0.0454409 secs] [Times: user=0.21 sys=0.00, real=0.04 secs] 
3784.753: [GC (Allocation Failure) [PSYoungGen: 419701K->97083K(465920K)] 704208K->452019K(1864192K), 0.0436702 secs] [Times: user=0.23 sys=0.00, real=0.04 secs] 
3785.265: [GC (Allocation Failure) [PSYoungGen: 330043K->168244K(465920K)] 684979K->554432K(1864192K), 0.0677103 secs] [Times: user=0.33 sys=0.00, real=0.07 secs] 
3785.493: [GC (Allocation Failure) [PSYoungGen: 401204K->181557K(465920K)] 787392K->620737K(1864192K), 0.0418297 secs] [Times: user=0.19 sys=0.00, real=0.04 secs] 
3785.725: [GC (Allocation Failure) [PSYoungGen: 414517K->185591K(465920K)] 853697K->688211K(1864192K), 0.0707612 secs] [Times: user=0.35 sys=0.00, real=0.07 secs] 
3785.914: [GC (Allocation Failure) [PSYoungGen: 418551K->197652K(465920K)] 921171K->759216K(1864192K), 0.0541938 secs] [Times: user=0.26 sys=0.00, real=0.06 secs] 
3787.763: [GC (Allocation Failure) [PSYoungGen: 430612K->91114K(465920K)] 992176K->721219K(1864192K), 0.0952699 secs] [Times: user=0.51 sys=0.00, real=0.10 secs] 
3788.113: [GC (Allocation Failure) [PSYoungGen: 324074K->183126K(465920K)] 954179K->842695K(1864192K), 0.0339875 secs] [Times: user=0.14 sys=0.00, real=0.03 secs] 
3788.265: [GC (Allocation Failure) [PSYoungGen: 416086K->184502K(465920K)] 1075655K->901047K(1864192K), 0.0437268 secs] [Times: user=0.20 sys=0.00, real=0.05 secs] 
3788.422: [GC (Allocation Failure) [PSYoungGen: 417462K->186933K(465920K)] 1134007K->959390K(1864192K), 0.0455039 secs] [Times: user=0.22 sys=0.00, real=0.04 secs] 
3789.500: [GC (Allocation Failure) [PSYoungGen: 419893K->99868K(465920K)] 1192350K->942961K(1864192K), 0.0450188 secs] [Times: user=0.23 sys=0.01, real=0.04 secs] 
3789.799: [GC (Allocation Failure) [PSYoungGen: 332828K->165684K(465920K)] 1175921K->1041805K(1864192K), 0.0797619 secs] [Times: user=0.40 sys=0.00, real=0.08 secs] 
3790.213: [GC (Allocation Failure) [PSYoungGen: 398644K->183861K(465920K)] 1274765K->1111239K(1864192K), 0.0675182 secs] [Times: user=0.32 sys=0.00, real=0.07 secs] 
3790.584: [GC (Allocation Failure) [PSYoungGen: 416821K->184887K(465920K)] 1344199K->1176064K(1864192K), 0.0685254 secs] [Times: user=0.34 sys=0.00, real=0.07 secs] 
3790.910: [GC (Allocation Failure) [PSYoungGen: 417847K->186261K(465920K)] 1409024K->1236222K(1864192K), 0.0565860 secs] [Times: user=0.27 sys=0.00, real=0.05 secs] 
3792.176: [GC (Allocation Failure) [PSYoungGen: 419221K->84617K(465920K)] 1469182K->1204803K(1864192K), 0.0795539 secs] [Times: user=0.44 sys=0.00, real=0.08 secs] 
3792.622: [GC (Allocation Failure) [PSYoungGen: 317577K->181078K(465920K)] 1437763K->1328036K(1864192K), 0.0387969 secs] [Times: user=0.17 sys=0.00, real=0.04 secs] 
3792.778: [GC (Allocation Failure) [PSYoungGen: 414038K->184854K(465920K)] 1560996K->1388580K(1864192K), 0.0463386 secs] [Times: user=0.21 sys=0.00, real=0.04 secs] 
3792.938: [GC (Allocation Failure) [PSYoungGen: 417814K->186773K(465920K)] 1621540K->1446483K(1864192K), 0.0483217 secs] [Times: user=0.22 sys=0.00, real=0.05 secs] 
3794.148: [GC (Allocation Failure) [PSYoungGen: 419733K->107565K(465920K)] 1679443K->1437835K(1864192K), 0.0755419 secs] [Times: user=0.40 sys=0.00, real=0.07 secs] 
3794.224: [Full GC (Ergonomics) [PSYoungGen: 107565K->0K(465920K)] [ParOldGen: 1330270K->93167K(1398272K)] 1437835K->93167K(1864192K), [Metaspace: 60310K->60310K(1105920K)], 0.0472908 secs] [Times: user=0.14 sys=0.00, real=0.05 secs] 
3796.173: [GC (GCLocker Initiated GC) [PSYoungGen: 232960K->149938K(465920K)] 326128K->243106K(1864192K), 0.0356824 secs] [Times: user=0.14 sys=0.00, real=0.04 secs] 
3796.384: [GC (Allocation Failure) [PSYoungGen: 382898K->183958K(465920K)] 476232K->324524K(1864192K), 0.0401616 secs] [Times: user=0.17 sys=0.00, real=0.04 secs] 
3796.547: [GC (Allocation Failure) [PSYoungGen: 416918K->185335K(465920K)] 557484K->389701K(1864192K), 0.0493372 secs] [Times: user=0.23 sys=0.00, real=0.05 secs] 
3796.709: [GC (Allocation Failure) [PSYoungGen: 418295K->186901K(465920K)] 622661K->450051K(1864192K), 0.0553139 secs] [Times: user=0.27 sys=0.00, real=0.05 secs] 
3797.699: [GC (Allocation Failure) [PSYoungGen: 419861K->90939K(465920K)] 683011K->424545K(1864192K), 0.0409130 secs] [Times: user=0.21 sys=0.00, real=0.04 secs] 
3798.048: [GC (Allocation Failure) [PSYoungGen: 323899K->178805K(465920K)] 657505K->542199K(1864192K), 0.0353290 secs] [Times: user=0.15 sys=0.00, real=0.03 secs] 
3798.316: [GC (GCLocker Initiated GC) [PSYoungGen: 411765K->182709K(465920K)] 775160K->601552K(1864192K), 0.0429835 secs] [Times: user=0.19 sys=0.00, real=0.05 secs] 
3798.484: [GC (Allocation Failure) [PSYoungGen: 415669K->183284K(465920K)] 834642K->657577K(1864192K), 0.0451284 secs] [Times: user=0.21 sys=0.00, real=0.05 secs] 
3799.849: [GC (Allocation Failure) [PSYoungGen: 416244K->117806K(465920K)] 890537K->661203K(1864192K), 0.0464712 secs] [Times: user=0.23 sys=0.00, real=0.04 secs] 
3800.463: [GC (Allocation Failure) [PSYoungGen: 350766K->149489K(465920K)] 894163K->730006K(1864192K), 0.0967755 secs] [Times: user=0.52 sys=0.00, real=0.10 secs] 
3800.716: [GC (Allocation Failure) [PSYoungGen: 382449K->183765K(465920K)] 962966K->810847K(1864192K), 0.0402674 secs] [Times: user=0.17 sys=0.00, real=0.04 secs] 
3800.875: [GC (Allocation Failure) [PSYoungGen: 416725K->183414K(465920K)] 1043807K->874796K(1864192K), 0.0495806 secs] [Times: user=0.23 sys=0.00, real=0.05 secs] 
3801.044: [GC (Allocation Failure) [PSYoungGen: 416374K->203221K(465920K)] 1107756K->953123K(1864192K), 0.0567717 secs] [Times: user=0.28 sys=0.00, real=0.06 secs] 
3803.200: [GC (Allocation Failure) [PSYoungGen: 436181K->86538K(465920K)] 1186083K->907040K(1864192K), 0.1177689 secs] [Times: user=0.65 sys=0.00, real=0.12 secs] 
3803.822: [GC (Allocation Failure) [PSYoungGen: 319498K->175125K(465920K)] 1140000K->1023747K(1864192K), 0.0414462 secs] [Times: user=0.18 sys=0.00, real=0.04 secs] 
3803.990: [GC (Allocation Failure) [PSYoungGen: 408085K->184662K(465920K)] 1256707K->1088032K(1864192K), 0.0453668 secs] [Times: user=0.21 sys=0.00, real=0.04 secs] 
3804.170: [GC (Allocation Failure) [PSYoungGen: 417622K->184052K(465920K)] 1320992K->1143471K(1864192K), 0.0534405 secs] [Times: user=0.26 sys=0.00, real=0.05 secs] 
3805.233: [GC (Allocation Failure) [PSYoungGen: 417012K->130256K(465920K)] 1376431K->1159066K(1864192K), 0.0504535 secs] [Times: user=0.25 sys=0.00, real=0.05 secs] 
3805.574: [GC (Allocation Failure) [PSYoungGen: 363216K->143553K(465920K)] 1392026K->1213747K(1864192K), 0.0798944 secs] [Times: user=0.43 sys=0.00, real=0.08 secs] 
3805.773: [GC (Allocation Failure) [PSYoungGen: 376513K->178389K(465920K)] 1446707K->1293911K(1864192K), 0.0397133 secs] [Times: user=0.18 sys=0.00, real=0.04 secs] 
3805.966: [GC (Allocation Failure) [PSYoungGen: 411349K->185335K(465920K)] 1526871K->1363105K(1864192K), 0.0563284 secs] [Times: user=0.27 sys=0.00, real=0.06 secs] 
3806.168: [GC (Allocation Failure) [PSYoungGen: 418295K->186197K(465920K)] 1596065K->1422743K(1864192K), 0.0585716 secs] [Times: user=0.29 sys=0.00, real=0.05 secs] 
3807.223: [GC (Allocation Failure) [PSYoungGen: 419157K->92715K(465920K)] 1655703K->1399349K(1864192K), 0.0481732 secs] [Times: user=0.25 sys=0.00, real=0.05 secs] 
3807.591: [GC (Allocation Failure) [PSYoungGen: 325675K->178069K(465920K)] 1632309K->1514421K(1864192K), 0.0496790 secs] [Times: user=0.22 sys=0.00, real=0.05 secs] 
3807.641: [Full GC (Ergonomics) [PSYoungGen: 178069K->0K(465920K)] [ParOldGen: 1336351K->213024K(1398272K)] 1514421K->213024K(1864192K), [Metaspace: 60310K->60310K(1105920K)], 0.2537921 secs] [Times: user=1.17 sys=0.00, real=0.25 secs] 
3808.020: [GC (Allocation Failure) [PSYoungGen: 232960K->181589K(465920K)] 445984K->394614K(1864192K), 0.0268282 secs] [Times: user=0.09 sys=0.00, real=0.02 secs] 
3808.200: [GC (Allocation Failure) [PSYoungGen: 414549K->183828K(465920K)] 627574K->451733K(1864192K), 0.0439888 secs] [Times: user=0.21 sys=0.01, real=0.04 secs] 
3809.251: [GC (Allocation Failure) [PSYoungGen: 416788K->134352K(465920K)] 684693K->471609K(1864192K), 0.0480430 secs] [Times: user=0.24 sys=0.00, real=0.05 secs] 
3810.529: [GC (Allocation Failure) [PSYoungGen: 367312K->131887K(465920K)] 704569K->511696K(1864192K), 0.1198630 secs] [Times: user=0.66 sys=0.00, real=0.12 secs] 
3810.803: [GC (Allocation Failure) [PSYoungGen: 364847K->178805K(465920K)] 744656K->601158K(1864192K), 0.0381648 secs] [Times: user=0.17 sys=0.00, real=0.04 secs] 
3810.999: [GC (Allocation Failure) [PSYoungGen: 411765K->185559K(465920K)] 834118K->670432K(1864192K), 0.0733838 secs] [Times: user=0.36 sys=0.00, real=0.07 secs] 
3811.210: [GC (Allocation Failure) [PSYoungGen: 418519K->186517K(465920K)] 903392K->730374K(1864192K), 0.0573574 secs] [Times: user=0.28 sys=0.00, real=0.05 secs] 
3812.239: [GC (Allocation Failure) [PSYoungGen: 419477K->94059K(465920K)] 963334K->708164K(1864192K), 0.0472565 secs] [Times: user=0.24 sys=0.00, real=0.04 secs] 
3812.621: [GC (Allocation Failure) [PSYoungGen: 327019K->178389K(465920K)] 941124K->823507K(1864192K), 0.0435991 secs] [Times: user=0.18 sys=0.00, real=0.04 secs] 
3812.800: [GC (Allocation Failure) [PSYoungGen: 411349K->181365K(465920K)] 1056467K->881835K(1864192K), 0.0445097 secs] [Times: user=0.20 sys=0.00, real=0.04 secs] 
3812.963: [GC (Allocation Failure) [PSYoungGen: 414325K->186517K(465920K)] 1114795K->942667K(1864192K), 0.0466333 secs] [Times: user=0.21 sys=0.00, real=0.05 secs] 
3813.915: [GC (Allocation Failure) [PSYoungGen: 419477K->138289K(465920K)] 1175627K->964743K(1864192K), 0.0505895 secs] [Times: user=0.25 sys=0.00, real=0.05 secs] 
3814.240: [GC (Allocation Failure) [PSYoungGen: 371249K->129119K(465920K)] 1197703K->999525K(1864192K), 0.0770897 secs] [Times: user=0.41 sys=0.00, real=0.07 secs] 
3814.437: [GC (Allocation Failure) [PSYoungGen: 362079K->178453K(465920K)] 1232485K->1090140K(1864192K), 0.0384212 secs] [Times: user=0.16 sys=0.00, real=0.04 secs] 
3814.598: [GC (Allocation Failure) [PSYoungGen: 411413K->185687K(465920K)] 1323100K->1159606K(1864192K), 0.0538131 secs] [Times: user=0.21 sys=0.00, real=0.05 secs] 
3814.768: [GC (Allocation Failure) [PSYoungGen: 418647K->186133K(465920K)] 1392566K->1219164K(1864192K), 0.0586610 secs] [Times: user=0.29 sys=0.00, real=0.05 secs] 
3816.277: [GC (Allocation Failure) [PSYoungGen: 419093K->87706K(465920K)] 1452124K->1190937K(1864192K), 0.0933481 secs] [Times: user=0.52 sys=0.01, real=0.10 secs] 
3816.820: [GC (Allocation Failure) [PSYoungGen: 320666K->176117K(465920K)] 1423897K->1307625K(1864192K), 0.0409158 secs] [Times: user=0.17 sys=0.00, real=0.04 secs] 
3817.009: [GC (Allocation Failure) [PSYoungGen: 409077K->184694K(465920K)] 1540585K->1371021K(1864192K), 0.0522656 secs] [Times: user=0.25 sys=0.00, real=0.05 secs] 
3817.192: [GC (Allocation Failure) [PSYoungGen: 417654K->185013K(465920K)] 1603981K->1427284K(1864192K), 0.0462867 secs] [Times: user=0.22 sys=0.00, real=0.04 secs] 
3818.209: [GC (Allocation Failure) [PSYoungGen: 417973K->148722K(465920K)] 1660244K->1460818K(1864192K), 0.0523342 secs] [Times: user=0.26 sys=0.00, real=0.05 secs] 
3818.261: [Full GC (Ergonomics) [PSYoungGen: 148722K->0K(465920K)] [ParOldGen: 1312095K->356031K(1398272K)] 1460818K->356031K(1864192K), [Metaspace: 60311K->60311K(1105920K)], 0.5911109 secs] [Times: user=2.60 sys=0.00, real=0.59 secs] 
3819.749: [GC (Allocation Failure) [PSYoungGen: 232960K->116589K(465920K)] 588991K->472621K(1864192K), 0.0320947 secs] [Times: user=0.12 sys=0.00, real=0.03 secs] 
3819.981: [GC (Allocation Failure) [PSYoungGen: 349549K->178069K(465920K)] 705581K->571673K(1864192K), 0.0366498 secs] [Times: user=0.16 sys=0.00, real=0.04 secs] 
3820.165: [GC (GCLocker Initiated GC) [PSYoungGen: 411029K->181974K(465920K)] 804633K->637643K(1864192K), 0.0689561 secs] [Times: user=0.34 sys=0.00, real=0.07 secs] 
3820.457: [GC (GCLocker Initiated GC) [PSYoungGen: 414934K->183668K(465920K)] 870606K->697108K(1864192K), 0.0672638 secs] [Times: user=0.34 sys=0.00, real=0.07 secs] 
3821.491: [GC (Allocation Failure) [PSYoungGen: 416628K->99660K(465920K)] 930069K->682620K(1864192K), 0.0506652 secs] [Times: user=0.27 sys=0.00, real=0.05 secs] 
3821.688: [GC (GCLocker Initiated GC) [PSYoungGen: 332620K->174357K(465920K)] 915582K->790155K(1864192K), 0.0372626 secs] [Times: user=0.15 sys=0.00, real=0.03 secs] 
3821.898: [GC (Allocation Failure) [PSYoungGen: 407317K->177077K(465920K)] 1023119K->847407K(1864192K), 0.0636209 secs] [Times: user=0.30 sys=0.00, real=0.06 secs] 
3822.154: [GC (Allocation Failure) [PSYoungGen: 408450K->181814K(465920K)] 1078781K->914345K(1864192K), 0.0676856 secs] [Times: user=0.33 sys=0.00, real=0.07 secs] 
3823.598: [GC (Allocation Failure) [PSYoungGen: 414774K->168275K(465920K)] 1147305K->958485K(1864192K), 0.0571161 secs] [Times: user=0.28 sys=0.00, real=0.05 secs] 
3824.429: [GC (Allocation Failure) [PSYoungGen: 401235K->102892K(465920K)] 1191445K->957518K(1864192K), 0.0929677 secs] [Times: user=0.50 sys=0.00, real=0.09 secs] 
3824.737: [GC (Allocation Failure) [PSYoungGen: 335852K->177909K(465920K)] 1190478K->1065864K(1864192K), 0.0353817 secs] [Times: user=0.15 sys=0.00, real=0.04 secs] 
3824.897: [GC (Allocation Failure) [PSYoungGen: 410869K->184790K(465920K)] 1298824K->1128405K(1864192K), 0.0440272 secs] [Times: user=0.20 sys=0.00, real=0.05 secs] 
3825.059: [GC (Allocation Failure) [PSYoungGen: 417750K->186069K(465920K)] 1361365K->1185732K(1864192K), 0.0466993 secs] [Times: user=0.21 sys=0.00, real=0.04 secs] 
3826.175: [GC (Allocation Failure) [PSYoungGen: 419029K->101884K(465920K)] 1418692K->1171815K(1864192K), 0.0479103 secs] [Times: user=0.26 sys=0.00, real=0.05 secs] 
3827.264: [GC (Allocation Failure) [PSYoungGen: 334844K->165524K(465920K)] 1404775K->1268659K(1864192K), 0.0634062 secs] [Times: user=0.30 sys=0.00, real=0.06 secs] 
3827.480: [GC (Allocation Failure) [PSYoungGen: 398484K->183829K(465920K)] 1501619K->1338481K(1864192K), 0.0439823 secs] [Times: user=0.20 sys=0.00, real=0.04 secs] 
3827.645: [GC (Allocation Failure) [PSYoungGen: 416789K->186167K(465920K)] 1571441K->1404826K(1864192K), 0.0521312 secs] [Times: user=0.25 sys=0.00, real=0.05 secs] 
3828.105: [GC (Allocation Failure) [PSYoungGen: 416454K->194612K(465920K)] 1635113K->1472295K(1864192K), 0.0542866 secs] [Times: user=0.27 sys=0.00, real=0.06 secs] 
3828.935: [GC (Allocation Failure) [PSYoungGen: 427572K->98555K(465920K)] 1705255K->1443303K(1864192K), 0.0641055 secs] [Times: user=0.34 sys=0.01, real=0.07 secs] 
3828.999: [Full GC (Ergonomics) [PSYoungGen: 98555K->0K(465920K)] [ParOldGen: 1344747K->115853K(1398272K)] 1443303K->115853K(1864192K), [Metaspace: 60311K->60311K(1105920K)], 0.1273780 secs] [Times: user=0.57 sys=0.00, real=0.12 secs] 
3829.269: [GC (Allocation Failure) [PSYoungGen: 232960K->182742K(465920K)] 348813K->298596K(1864192K), 0.0252649 secs] [Times: user=0.08 sys=0.00, real=0.02 secs] 
3829.412: [GC (Allocation Failure) [PSYoungGen: 415702K->191893K(465920K)] 531556K->364747K(1864192K), 0.0421730 secs] [Times: user=0.19 sys=0.00, real=0.04 secs] 
3829.566: [GC (Allocation Failure) [PSYoungGen: 424853K->186453K(465920K)] 597707K->415179K(1864192K), 0.0450712 secs] [Times: user=0.21 sys=0.00, real=0.05 secs] 
3830.551: [GC (Allocation Failure) [PSYoungGen: 419413K->95947K(465920K)] 648139K->394937K(1864192K), 0.0432813 secs] [Times: user=0.22 sys=0.00, real=0.04 secs] 
3831.122: [GC (Allocation Failure) [PSYoungGen: 328907K->167668K(465920K)] 627897K->497747K(1864192K), 0.0488313 secs] [Times: user=0.24 sys=0.00, real=0.05 secs] 
3831.360: [GC (Allocation Failure) [PSYoungGen: 400628K->192310K(465920K)] 730707K->574452K(1864192K), 0.0593366 secs] [Times: user=0.28 sys=0.00, real=0.06 secs] 
3831.552: [GC (Allocation Failure) [PSYoungGen: 425270K->186167K(465920K)] 807412K->632438K(1864192K), 0.0500090 secs] [Times: user=0.24 sys=0.00, real=0.05 secs] 
3832.206: [GC (Allocation Failure) [PSYoungGen: 419127K->220148K(465920K)] 865398K->725411K(1864192K), 0.0549372 secs] [Times: user=0.27 sys=0.00, real=0.06 secs] 
3833.799: [GC (Allocation Failure) [PSYoungGen: 453108K->87114K(465920K)] 958371K->660425K(1864192K), 0.0891728 secs] [Times: user=0.49 sys=0.00, real=0.08 secs] 
3834.124: [GC (Allocation Failure) [PSYoungGen: 320074K->183382K(465920K)] 893385K->785374K(1864192K), 0.0340612 secs] [Times: user=0.14 sys=0.00, real=0.03 secs] 
3834.278: [GC (Allocation Failure) [PSYoungGen: 416342K->184534K(465920K)] 1018334K->843409K(1864192K), 0.0443601 secs] [Times: user=0.20 sys=0.00, real=0.04 secs] 
3834.439: [GC (Allocation Failure) [PSYoungGen: 417494K->186101K(465920K)] 1076369K->901025K(1864192K), 0.0460717 secs] [Times: user=0.21 sys=0.01, real=0.04 secs] 
3835.523: [GC (Allocation Failure) [PSYoungGen: 419061K->103644K(465920K)] 1133985K->888840K(1864192K), 0.0555914 secs] [Times: user=0.29 sys=0.00, real=0.06 secs] 
3836.218: [GC (Allocation Failure) [PSYoungGen: 336604K->166388K(465920K)] 1121800K->985743K(1864192K), 0.0653267 secs] [Times: user=0.32 sys=0.00, real=0.06 secs] 
3836.548: [GC (Allocation Failure) [PSYoungGen: 399348K->178645K(465920K)] 1218703K->1049416K(1864192K), 0.0640286 secs] [Times: user=0.31 sys=0.00, real=0.06 secs] 
3837.072: [GC (Allocation Failure) [PSYoungGen: 411605K->185367K(465920K)] 1282376K->1118426K(1864192K), 0.0811999 secs] [Times: user=0.41 sys=0.00, real=0.08 secs] 
3837.492: [GC (Allocation Failure) [PSYoungGen: 418327K->186069K(465920K)] 1351386K->1177784K(1864192K), 0.0751323 secs] [Times: user=0.39 sys=0.00, real=0.07 secs] 
3838.571: [GC (GCLocker Initiated GC) [PSYoungGen: 419029K->90250K(465920K)] 1410744K->1152182K(1864192K), 0.0537074 secs] [Times: user=0.29 sys=0.00, real=0.05 secs] 
3838.848: [GC (Allocation Failure) [PSYoungGen: 323210K->182742K(465920K)] 1385149K->1273473K(1864192K), 0.0460980 secs] [Times: user=0.20 sys=0.00, real=0.04 secs] 
3839.020: [GC (Allocation Failure) [PSYoungGen: 415702K->181621K(465920K)] 1506433K->1329637K(1864192K), 0.0442177 secs] [Times: user=0.20 sys=0.00, real=0.04 secs] 
3839.211: [GC (Allocation Failure) [PSYoungGen: 414581K->186517K(465920K)] 1562597K->1389828K(1864192K), 0.0667546 secs] [Times: user=0.33 sys=0.00, real=0.06 secs] 
3840.256: [GC (Allocation Failure) [PSYoungGen: 419477K->102348K(465920K)] 1622788K->1375920K(1864192K), 0.0473905 secs] [Times: user=0.25 sys=0.00, real=0.05 secs] 
3840.742: [GC (Allocation Failure) [PSYoungGen: 335308K->163539K(465920K)] 1608880K->1469988K(1864192K), 0.0734722 secs] [Times: user=0.37 sys=0.00, real=0.07 secs] 
3841.009: [GC (Allocation Failure) [PSYoungGen: 396499K->184278K(465920K)] 1702948K->1542386K(1864192K), 0.0525228 secs] [Times: user=0.25 sys=0.00, real=0.05 secs] 
3841.061: [Full GC (Ergonomics) [PSYoungGen: 184278K->0K(465920K)] [ParOldGen: 1358108K->254866K(1398272K)] 1542386K->254866K(1864192K), [Metaspace: 60311K->60311K(1105920K)], 0.3180791 secs] [Times: user=1.47 sys=0.00, real=0.32 secs] 
3841.501: [GC (Allocation Failure) [PSYoungGen: 232960K->185783K(465920K)] 487826K->440649K(1864192K), 0.0845841 secs] [Times: user=0.45 sys=0.00, real=0.08 secs] 
3841.696: [GC (Allocation Failure) [PSYoungGen: 418743K->181140K(465920K)] 673609K->494998K(1864192K), 0.0552272 secs] [Times: user=0.28 sys=0.00, real=0.06 secs] 
3843.387: [GC (Allocation Failure) [PSYoungGen: 414100K->90042K(465920K)] 727958K->472437K(1864192K), 0.0865985 secs] [Times: user=0.47 sys=0.00, real=0.09 secs] 
3843.759: [GC (Allocation Failure) [PSYoungGen: 323002K->182870K(465920K)] 705397K->594381K(1864192K), 0.0336869 secs] [Times: user=0.14 sys=0.00, real=0.03 secs] 
3843.910: [GC (Allocation Failure) [PSYoungGen: 415830K->184822K(465920K)] 827341K->653061K(1864192K), 0.0430589 secs] [Times: user=0.20 sys=0.00, real=0.04 secs] 
3844.066: [GC (Allocation Failure) [PSYoungGen: 417782K->186677K(465920K)] 886021K->711140K(1864192K), 0.0450317 secs] [Times: user=0.21 sys=0.00, real=0.05 secs] 
3845.146: [GC (Allocation Failure) [PSYoungGen: 419637K->103196K(465920K)] 944100K->698016K(1864192K), 0.0447277 secs] [Times: user=0.23 sys=0.01, real=0.05 secs] 
3845.469: [GC (Allocation Failure) [PSYoungGen: 336156K->161587K(465920K)] 930976K->790703K(1864192K), 0.0966252 secs] [Times: user=0.50 sys=0.00, real=0.09 secs] 
3845.768: [GC (Allocation Failure) [PSYoungGen: 394547K->183701K(465920K)] 1023663K->862761K(1864192K), 0.0452114 secs] [Times: user=0.21 sys=0.00, real=0.04 secs] 
3845.934: [GC (Allocation Failure) [PSYoungGen: 416661K->184407K(465920K)] 1095721K->927498K(1864192K), 0.0500165 secs] [Times: user=0.23 sys=0.00, real=0.05 secs] 
3846.099: [GC (Allocation Failure) [PSYoungGen: 417367K->186229K(465920K)] 1160458K->987985K(1864192K), 0.0568997 secs] [Times: user=0.28 sys=0.00, real=0.05 secs] 
3847.154: [GC (Allocation Failure) [PSYoungGen: 419186K->88570K(465920K)] 1220942K->960574K(1864192K), 0.0602249 secs] [Times: user=0.32 sys=0.01, real=0.06 secs] 
3847.566: [GC (Allocation Failure) [PSYoungGen: 321530K->178389K(465920K)] 1193534K->1078804K(1864192K), 0.0445433 secs] [Times: user=0.20 sys=0.00, real=0.05 secs] 
3847.854: [GC (Allocation Failure) [PSYoungGen: 411349K->182325K(465920K)] 1311764K->1138328K(1864192K), 0.0574661 secs] [Times: user=0.27 sys=0.00, real=0.06 secs] 
3848.068: [GC (Allocation Failure) [PSYoungGen: 415285K->187157K(465920K)] 1371288K->1198703K(1864192K), 0.0538073 secs] [Times: user=0.26 sys=0.00, real=0.06 secs] 
3849.123: [GC (Allocation Failure) [PSYoungGen: 420117K->113405K(465920K)] 1431663K->1195296K(1864192K), 0.0472541 secs] [Times: user=0.24 sys=0.00, real=0.05 secs] 
3850.660: [GC (Allocation Failure) [PSYoungGen: 346365K->150962K(465920K)] 1428256K->1269865K(1864192K), 0.0961971 secs] [Times: user=0.52 sys=0.00, real=0.09 secs] 
3850.909: [GC (Allocation Failure) [PSYoungGen: 383922K->184182K(465920K)] 1502825K->1350689K(1864192K), 0.0430376 secs] [Times: user=0.19 sys=0.00, real=0.04 secs] 
3851.075: [GC (Allocation Failure) [PSYoungGen: 417142K->185623K(465920K)] 1583649K->1415970K(1864192K), 0.0522515 secs] [Times: user=0.24 sys=0.00, real=0.05 secs] 
3851.286: [GC (Allocation Failure) [PSYoungGen: 418583K->183380K(465920K)] 1648930K->1472696K(1864192K), 0.0835784 secs] [Times: user=0.43 sys=0.00, real=0.09 secs] 
3852.567: [GC (Allocation Failure) [PSYoungGen: 416340K->93915K(465920K)] 1705656K->1452454K(1864192K), 0.1020910 secs] [Times: user=0.56 sys=0.00, real=0.11 secs] 
3852.670: [Full GC (Ergonomics) [PSYoungGen: 93915K->0K(465920K)] [ParOldGen: 1358539K->103836K(1398272K)] 1452454K->103836K(1864192K), [Metaspace: 60312K->60312K(1105920K)], 0.1396421 secs] [Times: user=0.59 sys=0.00, real=0.14 secs] 
3853.023: [GC (Allocation Failure) [PSYoungGen: 232960K->172341K(465920K)] 336796K->276177K(1864192K), 0.0240055 secs] [Times: user=0.07 sys=0.00, real=0.02 secs] 
3853.341: [GC (GCLocker Initiated GC) [PSYoungGen: 405301K->183029K(465920K)] 509138K->340418K(1864192K), 0.0455676 secs] [Times: user=0.20 sys=0.00, real=0.04 secs] 
3853.529: [GC (Allocation Failure) [PSYoungGen: 415989K->186389K(465920K)] 573545K->399385K(1864192K), 0.0503306 secs] [Times: user=0.24 sys=0.00, real=0.05 secs] 
3854.575: [GC (Allocation Failure) [PSYoungGen: 419349K->121583K(465920K)] 632345K->404787K(1864192K), 0.0467397 secs] [Times: user=0.24 sys=0.00, real=0.05 secs] 
3854.876: [GC (Allocation Failure) [PSYoungGen: 354543K->153601K(465920K)] 637747K->475341K(1864192K), 0.0698413 secs] [Times: user=0.36 sys=0.00, real=0.07 secs] 
3855.071: [GC (Allocation Failure) [PSYoungGen: 386561K->183797K(465920K)] 708301K->552422K(1864192K), 0.0396171 secs] [Times: user=0.17 sys=0.00, real=0.04 secs] 
3855.230: [GC (Allocation Failure) [PSYoungGen: 416757K->185751K(465920K)] 785382K->618324K(1864192K), 0.0495271 secs] [Times: user=0.23 sys=0.00, real=0.05 secs] 
3855.395: [GC (Allocation Failure) [PSYoungGen: 418711K->183508K(465920K)] 851284K->675017K(1864192K), 0.0557559 secs] [Times: user=0.28 sys=0.00, real=0.06 secs] 
3856.740: [GC (Allocation Failure) [PSYoungGen: 416468K->87322K(465920K)] 907977K->648191K(1864192K), 0.0732811 secs] [Times: user=0.39 sys=0.00, real=0.07 secs] 
3857.207: [GC (Allocation Failure) [PSYoungGen: 320282K->176245K(465920K)] 881151K->765511K(1864192K), 0.0321248 secs] [Times: user=0.13 sys=0.00, real=0.04 secs] 
3857.398: [GC (Allocation Failure) [PSYoungGen: 409205K->184598K(465920K)] 998471K->828699K(1864192K), 0.0609015 secs] [Times: user=0.29 sys=0.00, real=0.06 secs] 
3857.645: [GC (Allocation Failure) [PSYoungGen: 417558K->186773K(465920K)] 1061659K->886835K(1864192K), 0.0642422 secs] [Times: user=0.31 sys=0.00, real=0.07 secs] 
3858.733: [GC (Allocation Failure) [PSYoungGen: 419733K->126031K(465920K)] 1119795K->896525K(1864192K), 0.0478539 secs] [Times: user=0.24 sys=0.00, real=0.05 secs] 
3859.471: [GC (Allocation Failure) [PSYoungGen: 358991K->147409K(465920K)] 1129485K->957742K(1864192K), 0.1047867 secs] [Times: user=0.56 sys=0.00, real=0.10 secs] 
3859.727: [GC (Allocation Failure) [PSYoungGen: 380369K->182421K(465920K)] 1190702K->1037652K(1864192K), 0.0398578 secs] [Times: user=0.17 sys=0.00, real=0.04 secs] 
3859.886: [GC (Allocation Failure) [PSYoungGen: 415381K->185559K(465920K)] 1270612K->1104477K(1864192K), 0.0504817 secs] [Times: user=0.24 sys=0.00, real=0.05 secs] 
3860.375: [GC (Allocation Failure) [PSYoungGen: 418519K->176692K(465920K)] 1337437K->1154362K(1864192K), 0.0831562 secs] [Times: user=0.43 sys=0.00, real=0.09 secs] 
3861.496: [GC (GCLocker Initiated GC) [PSYoungGen: 409652K->92587K(465920K)] 1387323K->1137274K(1864192K), 0.0421949 secs] [Times: user=0.22 sys=0.00, real=0.04 secs] 
3861.772: [GC (Allocation Failure) [PSYoungGen: 325547K->177973K(465920K)] 1370401K->1252472K(1864192K), 0.0508366 secs] [Times: user=0.22 sys=0.00, real=0.05 secs] 
3861.977: [GC (Allocation Failure) [PSYoungGen: 410933K->184566K(465920K)] 1485432K->1314640K(1864192K), 0.0440945 secs] [Times: user=0.20 sys=0.00, real=0.05 secs] 
3862.162: [GC (Allocation Failure) [PSYoungGen: 417526K->186709K(465920K)] 1547600K->1372848K(1864192K), 0.0503957 secs] [Times: user=0.24 sys=0.00, real=0.05 secs] 
3863.131: [GC (Allocation Failure) [PSYoungGen: 419669K->133584K(465920K)] 1605808K->1390147K(1864192K), 0.0495368 secs] [Times: user=0.25 sys=0.00, real=0.05 secs] 
3864.161: [GC (GCLocker Initiated GC) [PSYoungGen: 366544K->129375K(465920K)] 1623108K->1428219K(1864192K), 0.1276114 secs] [Times: user=0.71 sys=0.00, real=0.13 secs] 
3864.442: [GC (Allocation Failure) [PSYoungGen: 362335K->187221K(465920K)] 1661345K->1527515K(1864192K), 0.0392039 secs] [Times: user=0.17 sys=0.00, real=0.04 secs] 
3864.481: [Full GC (Ergonomics) [PSYoungGen: 187221K->0K(465920K)] [ParOldGen: 1340294K->237443K(1398272K)] 1527515K->237443K(1864192K), [Metaspace: 60319K->60319K(1105920K)], 0.2786618 secs] [Times: user=1.28 sys=0.00, real=0.28 secs] 
3864.881: [GC (Allocation Failure) [PSYoungGen: 232960K->183030K(465920K)] 470403K->420474K(1864192K), 0.0825459 secs] [Times: user=0.43 sys=0.00, real=0.08 secs] 
3865.102: [GC (Allocation Failure) [PSYoungGen: 415990K->186709K(465920K)] 653434K->482344K(1864192K), 0.0584296 secs] [Times: user=0.29 sys=0.00, real=0.06 secs] 
3866.357: [GC (Allocation Failure) [PSYoungGen: 419669K->91883K(465920K)] 715304K->457942K(1864192K), 0.0970878 secs] [Times: user=0.53 sys=0.01, real=0.10 secs] 
3867.076: [GC (Allocation Failure) [PSYoungGen: 324843K->180949K(465920K)] 690902K->576702K(1864192K), 0.0433989 secs] [Times: user=0.19 sys=0.00, real=0.05 secs] 
3867.251: [GC (Allocation Failure) [PSYoungGen: 413909K->184310K(465920K)] 809662K->634966K(1864192K), 0.0424997 secs] [Times: user=0.18 sys=0.00, real=0.04 secs] 
3867.455: [GC (Allocation Failure) [PSYoungGen: 417270K->186485K(465920K)] 867926K->693157K(1864192K), 0.0513165 secs] [Times: user=0.24 sys=0.00, real=0.05 secs] 
3868.850: [GC (Allocation Failure) [PSYoungGen: 419445K->142865K(465920K)] 926117K->719650K(1864192K), 0.0495036 secs] [Times: user=0.25 sys=0.00, real=0.05 secs] 
3869.183: [GC (Allocation Failure) [PSYoungGen: 375825K->123694K(465920K)] 952610K->745799K(1864192K), 0.0953073 secs] [Times: user=0.53 sys=0.00, real=0.10 secs] 
3869.438: [GC (Allocation Failure) [PSYoungGen: 356654K->175892K(465920K)] 978759K->837513K(1864192K), 0.0482382 secs] [Times: user=0.22 sys=0.00, real=0.05 secs] 
3869.612: [GC (Allocation Failure) [PSYoungGen: 408852K->185399K(465920K)] 1070473K->908616K(1864192K), 0.0487948 secs] [Times: user=0.23 sys=0.00, real=0.05 secs] 
3869.796: [GC (Allocation Failure) [PSYoungGen: 418359K->186613K(465920K)] 1141576K->968686K(1864192K), 0.0568694 secs] [Times: user=0.28 sys=0.00, real=0.06 secs] 
3870.905: [GC (Allocation Failure) [PSYoungGen: 419573K->89642K(465920K)] 1201646K->942219K(1864192K), 0.0448344 secs] [Times: user=0.23 sys=0.00, real=0.05 secs] 
3871.246: [GC (Allocation Failure) [PSYoungGen: 322602K->174581K(465920K)] 1175179K->1056002K(1864192K), 0.0353506 secs] [Times: user=0.15 sys=0.01, real=0.04 secs] 
3871.427: [GC (Allocation Failure) [PSYoungGen: 407541K->184822K(465920K)] 1288962K->1120919K(1864192K), 0.0475556 secs] [Times: user=0.22 sys=0.00, real=0.05 secs] 
3871.608: [GC (Allocation Failure) [PSYoungGen: 404884K->171541K(465920K)] 1340982K->1171759K(1864192K), 0.0484864 secs] [Times: user=0.23 sys=0.00, real=0.04 secs] 
3872.541: [GC (Allocation Failure) [PSYoungGen: 404501K->169299K(465920K)] 1404719K->1224009K(1864192K), 0.0571605 secs] [Times: user=0.29 sys=0.00, real=0.06 secs] 
3874.089: [GC (Allocation Failure) [PSYoungGen: 402259K->99611K(465920K)] 1456969K->1218961K(1864192K), 0.0970041 secs] [Times: user=0.52 sys=0.01, real=0.09 secs] 
3874.426: [GC (Allocation Failure) [PSYoungGen: 332571K->182518K(465920K)] 1451921K->1333985K(1864192K), 0.0366200 secs] [Times: user=0.16 sys=0.00, real=0.04 secs] 
3874.608: [GC (Allocation Failure) [PSYoungGen: 415478K->184726K(465920K)] 1566945K->1393104K(1864192K), 0.0499806 secs] [Times: user=0.23 sys=0.00, real=0.05 secs] 
3874.793: [GC (Allocation Failure) [PSYoungGen: 417686K->186901K(465920K)] 1626064K->1451248K(1864192K), 0.0475688 secs] [Times: user=0.22 sys=0.00, real=0.05 secs] 
3876.372: [GC (Allocation Failure) [PSYoungGen: 419861K->96219K(465920K)] 1684208K->1431118K(1864192K), 0.0461764 secs] [Times: user=0.24 sys=0.00, real=0.05 secs] 
3876.419: [Full GC (Ergonomics) [PSYoungGen: 96219K->0K(465920K)] [ParOldGen: 1334898K->89081K(1398272K)] 1431118K->89081K(1864192K), [Metaspace: 60321K->60321K(1105920K)], 0.0400929 secs] [Times: user=0.13 sys=0.00, real=0.04 secs] 
3876.863: [GC (Allocation Failure) [PSYoungGen: 232960K->166964K(465920K)] 322041K->256045K(1864192K), 0.0342493 secs] [Times: user=0.12 sys=0.00, real=0.03 secs] 
3877.054: [GC (Allocation Failure) [PSYoungGen: 399924K->184790K(465920K)] 489005K->326351K(1864192K), 0.0411986 secs] [Times: user=0.18 sys=0.00, real=0.04 secs] 
3877.214: [GC (Allocation Failure) [PSYoungGen: 417650K->186135K(465920K)] 559211K->391825K(1864192K), 0.0490906 secs] [Times: user=0.23 sys=0.00, real=0.05 secs] 
3877.682: [GC (Allocation Failure) [PSYoungGen: 415798K->211412K(465920K)] 621487K->476221K(1864192K), 0.0532430 secs] [Times: user=0.26 sys=0.00, real=0.05 secs] 
3878.700: [GC (Allocation Failure) [PSYoungGen: 444372K->91146K(465920K)] 709181K->423176K(1864192K), 0.1063600 secs] [Times: user=0.58 sys=0.00, real=0.10 secs] 
3879.179: [GC (Allocation Failure) [PSYoungGen: 324106K->179701K(465920K)] 656136K->540442K(1864192K), 0.0390323 secs] [Times: user=0.17 sys=0.00, real=0.03 secs] 
3879.335: [GC (Allocation Failure) [PSYoungGen: 412661K->181717K(465920K)] 773402K->598134K(1864192K), 0.0426890 secs] [Times: user=0.20 sys=0.00, real=0.05 secs] 
3879.535: [GC (Allocation Failure) [PSYoungGen: 414677K->186869K(465920K)] 831094K->658566K(1864192K), 0.0645492 secs] [Times: user=0.31 sys=0.00, real=0.07 secs] 
3880.606: [GC (Allocation Failure) [PSYoungGen: 419829K->103564K(465920K)] 891526K->645845K(1864192K), 0.0536620 secs] [Times: user=0.29 sys=0.00, real=0.06 secs] 
3881.577: [GC (Allocation Failure) [PSYoungGen: 336524K->164563K(465920K)] 878805K->740449K(1864192K), 0.0690058 secs] [Times: user=0.34 sys=0.00, real=0.07 secs] 
3881.793: [GC (Allocation Failure) [PSYoungGen: 397523K->184117K(465920K)] 973409K->811540K(1864192K), 0.0420908 secs] [Times: user=0.19 sys=0.00, real=0.04 secs] 
3881.957: [GC (Allocation Failure) [PSYoungGen: 417077K->182998K(465920K)] 1044500K->874612K(1864192K), 0.0496298 secs] [Times: user=0.23 sys=0.00, real=0.05 secs] 
3882.514: [GC (Allocation Failure) [PSYoungGen: 415958K->185877K(465920K)] 1107572K->935539K(1864192K), 0.0752276 secs] [Times: user=0.38 sys=0.00, real=0.08 secs] 
3883.624: [GC (GCLocker Initiated GC) [PSYoungGen: 418837K->88154K(465920K)] 1168500K->908001K(1864192K), 0.0538169 secs] [Times: user=0.29 sys=0.00, real=0.05 secs] 
3883.914: [GC (Allocation Failure) [PSYoungGen: 321114K->178645K(465920K)] 1141091K->1026926K(1864192K), 0.0437338 secs] [Times: user=0.19 sys=0.00, real=0.04 secs] 
3884.083: [GC (Allocation Failure) [PSYoungGen: 411605K->184726K(465920K)] 1259886K->1088423K(1864192K), 0.0441877 secs] [Times: user=0.20 sys=0.00, real=0.04 secs] 
3884.396: [GC (GCLocker Initiated GC) [PSYoungGen: 417686K->183508K(465920K)] 1321383K->1142998K(1864192K), 0.0459139 secs] [Times: user=0.22 sys=0.00, real=0.05 secs] 
3885.430: [GC (Allocation Failure) [PSYoungGen: 416468K->107229K(465920K)] 1375960K->1136120K(1864192K), 0.0466241 secs] [Times: user=0.24 sys=0.00, real=0.04 secs] 
3885.693: [GC (Allocation Failure) [PSYoungGen: 340189K->159635K(465920K)] 1369080K->1223563K(1864192K), 0.0487134 secs] [Times: user=0.23 sys=0.00, real=0.05 secs] 
3885.864: [GC (Allocation Failure) [PSYoungGen: 392595K->184182K(465920K)] 1456523K->1298545K(1864192K), 0.0429125 secs] [Times: user=0.19 sys=0.00, real=0.04 secs] 
3886.072: [GC (Allocation Failure) [PSYoungGen: 417142K->185463K(465920K)] 1531505K->1363795K(1864192K), 0.0558161 secs] [Times: user=0.27 sys=0.00, real=0.05 secs] 
3886.240: [GC (Allocation Failure) [PSYoungGen: 418423K->183796K(465920K)] 1596755K->1421072K(1864192K), 0.0569594 secs] [Times: user=0.28 sys=0.00, real=0.05 secs] 
3887.803: [GC (Allocation Failure) [PSYoungGen: 416756K->87530K(465920K)] 1654032K->1394078K(1864192K), 0.1156317 secs] [Times: user=0.63 sys=0.00, real=0.12 secs] 
3888.660: [GC (Allocation Failure) [PSYoungGen: 320490K->175317K(465920K)] 1627038K->1510118K(1864192K), 0.0431508 secs] [Times: user=0.19 sys=0.00, real=0.04 secs] 
3888.703: [Full GC (Ergonomics) [PSYoungGen: 175317K->0K(465920K)] [ParOldGen: 1334800K->216006K(1398272K)] 1510118K->216006K(1864192K), [Metaspace: 60321K->60321K(1105920K)], 0.2416602 secs] [Times: user=1.10 sys=0.00, real=0.24 secs] 
3889.070: [GC (Allocation Failure) [PSYoungGen: 232960K->184726K(465920K)] 448966K->400732K(1864192K), 0.0268139 secs] [Times: user=0.10 sys=0.00, real=0.02 secs] 
3889.246: [GC (Allocation Failure) [PSYoungGen: 417686K->184180K(465920K)] 633692K->456027K(1864192K), 0.0447426 secs] [Times: user=0.21 sys=0.00, real=0.05 secs] 
3890.240: [GC (Allocation Failure) [PSYoungGen: 417140K->118110K(465920K)] 688987K->459444K(1864192K), 0.0459944 secs] [Times: user=0.23 sys=0.00, real=0.04 secs] 
3890.613: [GC (Allocation Failure) [PSYoungGen: 351070K->169523K(465920K)] 692404K->549610K(1864192K), 0.0528973 secs] [Times: user=0.26 sys=0.00, real=0.05 secs] 
3890.785: [GC (Allocation Failure) [PSYoungGen: 402483K->179797K(465920K)] 782570K->608556K(1864192K), 0.0402749 secs] [Times: user=0.18 sys=0.00, real=0.04 secs] 
3891.015: [GC (Allocation Failure) [PSYoungGen: 412757K->184855K(465920K)] 841516K->676158K(1864192K), 0.0618804 secs] [Times: user=0.30 sys=0.00, real=0.06 secs] 
3891.196: [GC (Allocation Failure) [PSYoungGen: 417815K->183988K(465920K)] 909118K->733852K(1864192K), 0.0559144 secs] [Times: user=0.27 sys=0.00, real=0.06 secs] 
3892.250: [GC (Allocation Failure) [PSYoungGen: 416948K->93419K(465920K)] 966812K->712762K(1864192K), 0.0533270 secs] [Times: user=0.29 sys=0.00, real=0.05 secs] 
3892.531: [GC (Allocation Failure) [PSYoungGen: 326379K->178453K(465920K)] 945722K->828002K(1864192K), 0.0469236 secs] [Times: user=0.20 sys=0.00, real=0.04 secs] 
3892.725: [GC (Allocation Failure) [PSYoungGen: 411413K->184534K(465920K)] 1060962K->889894K(1864192K), 0.0428928 secs] [Times: user=0.20 sys=0.00, real=0.05 secs] 
3892.881: [GC (Allocation Failure) [PSYoungGen: 417494K->184116K(465920K)] 1122854K->945501K(1864192K), 0.0446911 secs] [Times: user=0.21 sys=0.00, real=0.04 secs] 
3893.899: [GC (Allocation Failure) [PSYoungGen: 417076K->116862K(465920K)] 1178461K->947686K(1864192K), 0.0464226 secs] [Times: user=0.23 sys=0.01, real=0.04 secs] 
3894.850: [GC (Allocation Failure) [PSYoungGen: 349822K->149025K(465920K)] 1180646K->1017327K(1864192K), 0.0966136 secs] [Times: user=0.51 sys=0.00, real=0.09 secs] 
3895.111: [GC (Allocation Failure) [PSYoungGen: 381985K->180949K(465920K)] 1250287K->1095842K(1864192K), 0.0408288 secs] [Times: user=0.18 sys=0.00, real=0.04 secs] 
3895.275: [GC (Allocation Failure) [PSYoungGen: 413909K->185815K(465920K)] 1328802K->1163988K(1864192K), 0.0503795 secs] [Times: user=0.23 sys=0.00, real=0.05 secs] 
3895.443: [GC (Allocation Failure) [PSYoungGen: 418775K->186709K(465920K)] 1396948K->1223658K(1864192K), 0.0578259 secs] [Times: user=0.28 sys=0.00, real=0.06 secs] 
3896.758: [GC (Allocation Failure) [PSYoungGen: 419669K->91002K(465920K)] 1456618K->1198372K(1864192K), 0.0614237 secs] [Times: user=0.33 sys=0.00, real=0.06 secs] 
3897.228: [GC (Allocation Failure) [PSYoungGen: 323962K->177333K(465920K)] 1431332K->1314179K(1864192K), 0.0343189 secs] [Times: user=0.14 sys=0.00, real=0.03 secs] 
3897.380: [GC (Allocation Failure) [PSYoungGen: 410293K->181493K(465920K)] 1547139K->1373635K(1864192K), 0.0440498 secs] [Times: user=0.20 sys=0.01, real=0.04 secs] 
3897.585: [GC (Allocation Failure) [PSYoungGen: 414453K->186261K(465920K)] 1606595K->1433323K(1864192K), 0.0706279 secs] [Times: user=0.35 sys=0.00, real=0.07 secs] 
3898.685: [GC (Allocation Failure) [PSYoungGen: 419221K->124175K(465920K)] 1666283K->1441541K(1864192K), 0.0484745 secs] [Times: user=0.25 sys=0.00, real=0.05 secs] 
3898.733: [Full GC (Ergonomics) [PSYoungGen: 124175K->0K(465920K)] [ParOldGen: 1317366K->338786K(1398272K)] 1441541K->338786K(1864192K), [Metaspace: 60321K->60321K(1105920K)], 0.5946098 secs] [Times: user=2.61 sys=0.00, real=0.59 secs] 
3899.542: [GC (Allocation Failure) [PSYoungGen: 232960K->148273K(465920K)] 571746K->487060K(1864192K), 0.0260722 secs] [Times: user=0.10 sys=0.00, real=0.03 secs] 
3899.732: [GC (Allocation Failure) [PSYoungGen: 381233K->183669K(465920K)] 720020K->568993K(1864192K), 0.0401338 secs] [Times: user=0.17 sys=0.00, real=0.04 secs] 
3899.921: [GC (Allocation Failure) [PSYoungGen: 416629K->185271K(465920K)] 801953K->634538K(1864192K), 0.0546126 secs] [Times: user=0.26 sys=0.00, real=0.05 secs] 
3900.087: [GC (Allocation Failure) [PSYoungGen: 418231K->183316K(465920K)] 867498K->691512K(1864192K), 0.0560273 secs] [Times: user=0.27 sys=0.00, real=0.06 secs] 
3901.174: [GC (GCLocker Initiated GC) [PSYoungGen: 416276K->87674K(465920K)] 924472K->664950K(1864192K), 0.0607330 secs] [Times: user=0.33 sys=0.00, real=0.06 secs] 
3901.578: [GC (Allocation Failure) [PSYoungGen: 320634K->177909K(465920K)] 898076K->783364K(1864192K), 0.0370122 secs] [Times: user=0.16 sys=0.00, real=0.03 secs] 
3901.731: [GC (Allocation Failure) [PSYoungGen: 410869K->184854K(465920K)] 1016324K->846041K(1864192K), 0.0430266 secs] [Times: user=0.20 sys=0.00, real=0.04 secs] 
3901.887: [GC (Allocation Failure) [PSYoungGen: 417814K->186837K(465920K)] 1079001K->903944K(1864192K), 0.0452264 secs] [Times: user=0.21 sys=0.00, real=0.05 secs] 
3902.865: [GC (Allocation Failure) [PSYoungGen: 419797K->125839K(465920K)] 1136904K->913323K(1864192K), 0.0475498 secs] [Times: user=0.24 sys=0.00, real=0.05 secs] 
3904.532: [GC (Allocation Failure) [PSYoungGen: 358799K->138672K(465920K)] 1146283K->965848K(1864192K), 0.0912348 secs] [Times: user=0.48 sys=0.01, real=0.09 secs] 
3904.769: [GC (Allocation Failure) [PSYoungGen: 371632K->178613K(465920K)] 1198808K->1050037K(1864192K), 0.0385457 secs] [Times: user=0.17 sys=0.00, real=0.03 secs] 
3904.929: [GC (Allocation Failure) [PSYoungGen: 411573K->185783K(465920K)] 1282997K->1119527K(1864192K), 0.0489685 secs] [Times: user=0.22 sys=0.00, real=0.05 secs] 
3905.248: [GC (Allocation Failure) [PSYoungGen: 418743K->186421K(465920K)] 1352487K->1178981K(1864192K), 0.0632828 secs] [Times: user=0.32 sys=0.00, real=0.06 secs] 
3906.377: [GC (Allocation Failure) [PSYoungGen: 419381K->92523K(465920K)] 1411941K->1155491K(1864192K), 0.0636057 secs] [Times: user=0.34 sys=0.00, real=0.07 secs] 
3907.045: [GC (Allocation Failure) [PSYoungGen: 325439K->173781K(465920K)] 1388408K->1266921K(1864192K), 0.0736442 secs] [Times: user=0.34 sys=0.00, real=0.08 secs] 
3907.493: [GC (Allocation Failure) [PSYoungGen: 406741K->183733K(465920K)] 1499881K->1330506K(1864192K), 0.0599938 secs] [Times: user=0.29 sys=0.00, real=0.06 secs] 
3907.675: [GC (Allocation Failure) [PSYoungGen: 416693K->186037K(465920K)] 1563466K->1388425K(1864192K), 0.0465982 secs] [Times: user=0.22 sys=0.00, real=0.05 secs] 
3908.672: [GC (Allocation Failure) [PSYoungGen: 418997K->135280K(465920K)] 1621385K->1407965K(1864192K), 0.0501612 secs] [Times: user=0.25 sys=0.00, real=0.05 secs] 
3909.259: [GC (Allocation Failure) [PSYoungGen: 368240K->135296K(465920K)] 1640925K->1450893K(1864192K), 0.1073734 secs] [Times: user=0.58 sys=0.00, real=0.10 secs] 
3909.366: [Full GC (Ergonomics) [PSYoungGen: 135296K->0K(465920K)] [ParOldGen: 1315596K->152496K(1398272K)] 1450893K->152496K(1864192K), [Metaspace: 60323K->60323K(1105920K)], 0.1478363 secs] [Times: user=0.66 sys=0.00, real=0.15 secs] 
3909.662: [GC (Allocation Failure) [PSYoungGen: 232960K->175060K(465920K)] 385456K->327557K(1864192K), 0.0256009 secs] [Times: user=0.09 sys=0.00, real=0.03 secs] 
3909.842: [GC (Allocation Failure) [PSYoungGen: 408020K->184119K(465920K)] 560517K->397623K(1864192K), 0.0653405 secs] [Times: user=0.31 sys=0.00, real=0.06 secs] 
3910.056: [GC (Allocation Failure) [PSYoungGen: 417079K->186901K(465920K)] 630583K->458829K(1864192K), 0.0552057 secs] [Times: user=0.27 sys=0.00, real=0.06 secs] 
3911.445: [GC (Allocation Failure) [PSYoungGen: 419794K->91466K(465920K)] 691722K->433915K(1864192K), 0.0741490 secs] [Times: user=0.40 sys=0.00, real=0.08 secs] 
3912.395: [GC (Allocation Failure) [PSYoungGen: 324426K->174293K(465920K)] 666875K->545858K(1864192K), 0.0415963 secs] [Times: user=0.18 sys=0.00, real=0.04 secs] 
3912.571: [GC (Allocation Failure) [PSYoungGen: 407253K->184534K(465920K)] 778818K->610875K(1864192K), 0.0430361 secs] [Times: user=0.19 sys=0.00, real=0.04 secs] 
3912.785: [GC (Allocation Failure) [PSYoungGen: 417494K->186549K(465920K)] 843835K->668794K(1864192K), 0.0639888 secs] [Times: user=0.31 sys=0.00, real=0.07 secs] 
3913.779: [GC (Allocation Failure) [PSYoungGen: 419509K->143505K(465920K)] 901754K->696175K(1864192K), 0.0499141 secs] [Times: user=0.24 sys=0.00, real=0.05 secs] 
3914.315: [GC (Allocation Failure) [PSYoungGen: 376465K->131823K(465920K)] 929135K->729909K(1864192K), 0.1041623 secs] [Times: user=0.57 sys=0.00, real=0.11 secs] 
3914.598: [GC (Allocation Failure) [PSYoungGen: 364783K->171476K(465920K)] 962869K->811926K(1864192K), 0.0478508 secs] [Times: user=0.22 sys=0.01, real=0.04 secs] 
3914.821: [GC (Allocation Failure) [PSYoungGen: 404403K->184406K(465920K)] 1044853K->884824K(1864192K), 0.0603320 secs] [Times: user=0.30 sys=0.00, real=0.06 secs] 
3914.995: [GC (Allocation Failure) [PSYoungGen: 417366K->186709K(465920K)] 1117784K->945887K(1864192K), 0.0581060 secs] [Times: user=0.29 sys=0.00, real=0.06 secs] 
3916.310: [GC (Allocation Failure) [PSYoungGen: 419669K->93611K(465920K)] 1178847K->923301K(1864192K), 0.0457085 secs] [Times: user=0.24 sys=0.01, real=0.04 secs] 
3916.746: [GC (GCLocker Initiated GC) [PSYoungGen: 326571K->174869K(465920K)] 1156261K->1034764K(1864192K), 0.0549948 secs] [Times: user=0.25 sys=0.00, real=0.06 secs] 
3916.944: [GC (GCLocker Initiated GC) [PSYoungGen: 407829K->180309K(465920K)] 1267728K->1094833K(1864192K), 0.0434261 secs] [Times: user=0.19 sys=0.01, real=0.04 secs] 
3917.115: [GC (Allocation Failure) [PSYoungGen: 413269K->182614K(465920K)] 1344180K->1168670K(1864192K), 0.1654831 secs] [Times: user=0.92 sys=0.00, real=0.17 secs] 
3918.340: [GC (Allocation Failure) [PSYoungGen: 415574K->140241K(465920K)] 1401630K->1184385K(1864192K), 0.1699200 secs] [Times: user=0.97 sys=0.00, real=0.17 secs] 
3919.261: [GC (Allocation Failure) [PSYoungGen: 373201K->126255K(465920K)] 1417345K->1214918K(1864192K), 0.1250220 secs] [Times: user=0.70 sys=0.00, real=0.12 secs] 
3919.534: [GC (Allocation Failure) [PSYoungGen: 359215K->178741K(465920K)] 1447878K->1308297K(1864192K), 0.0391133 secs] [Times: user=0.18 sys=0.00, real=0.04 secs] 
3919.696: [GC (Allocation Failure) [PSYoungGen: 411701K->185687K(465920K)] 1541257K->1377339K(1864192K), 0.0517045 secs] [Times: user=0.24 sys=0.00, real=0.06 secs] 
3919.924: [GC (Allocation Failure) [PSYoungGen: 418647K->186197K(465920K)] 1610299K->1436761K(1864192K), 0.0815756 secs] [Times: user=0.42 sys=0.00, real=0.08 secs] 
3921.101: [GC (Allocation Failure) [PSYoungGen: 419157K->90810K(465920K)] 1669721K->1411531K(1864192K), 0.0668350 secs] [Times: user=0.37 sys=0.01, real=0.07 secs] 
3921.168: [Full GC (Ergonomics) [PSYoungGen: 90810K->0K(465920K)] [ParOldGen: 1320720K->92614K(1398272K)] 1411531K->92614K(1864192K), [Metaspace: 60323K->60323K(1105920K)], 0.0807628 secs] [Times: user=0.30 sys=0.00, real=0.08 secs] 
3921.781: [GC (Allocation Failure) [PSYoungGen: 232960K->177077K(465920K)] 325574K->269692K(1864192K), 0.0345230 secs] [Times: user=0.13 sys=0.00, real=0.03 secs] 
3921.962: [GC (Allocation Failure) [PSYoungGen: 410037K->178965K(465920K)] 502652K->326896K(1864192K), 0.0411506 secs] [Times: user=0.18 sys=0.00, real=0.04 secs] 
3922.115: [GC (Allocation Failure) [PSYoungGen: 396860K->167732K(465920K)] 544790K->378111K(1864192K), 0.0458180 secs] [Times: user=0.22 sys=0.00, real=0.05 secs] 
3923.229: [GC (Allocation Failure) [PSYoungGen: 400692K->169363K(460800K)] 611071K->432885K(1859072K), 0.0532040 secs] [Times: user=0.27 sys=0.00, real=0.05 secs] 
3923.566: [GC (Allocation Failure) [PSYoungGen: 402323K->106716K(463360K)] 665845K->435047K(1861632K), 0.0555019 secs] [Times: user=0.29 sys=0.00, real=0.06 secs] 
3923.812: [GC (Allocation Failure) [PSYoungGen: 331712K->176213K(465920K)] 660042K->538469K(1864192K), 0.0451198 secs] [Times: user=0.20 sys=0.00, real=0.04 secs] 
3924.026: [GC (Allocation Failure) [PSYoungGen: 409173K->184758K(465920K)] 771429K->602021K(1864192K), 0.0475186 secs] [Times: user=0.22 sys=0.00, real=0.05 secs] 
3924.198: [GC (Allocation Failure) [PSYoungGen: 417718K->186549K(465920K)] 834981K->659781K(1864192K), 0.0448666 secs] [Times: user=0.21 sys=0.00, real=0.04 secs] 
3925.315: [GC (Allocation Failure) [PSYoungGen: 419509K->92363K(465920K)] 892741K->635947K(1864192K), 0.0581228 secs] [Times: user=0.30 sys=0.00, real=0.06 secs] 
3925.979: [GC (Allocation Failure) [PSYoungGen: 325323K->170356K(465920K)] 868907K->743569K(1864192K), 0.0559698 secs] [Times: user=0.26 sys=0.00, real=0.05 secs] 
3926.175: [GC (Allocation Failure) [PSYoungGen: 403316K->184694K(465920K)] 976529K->811278K(1864192K), 0.0435751 secs] [Times: user=0.19 sys=0.00, real=0.05 secs] 
3926.338: [GC (Allocation Failure) [PSYoungGen: 417654K->186167K(465920K)] 1044238K->876776K(1864192K), 0.0509793 secs] [Times: user=0.24 sys=0.00, real=0.06 secs] 
3926.779: [GC (Allocation Failure) [PSYoungGen: 416179K->195252K(465920K)] 1106787K->945060K(1864192K), 0.0528075 secs] [Times: user=0.26 sys=0.00, real=0.05 secs] 
3928.516: [GC (Allocation Failure) [PSYoungGen: 428212K->87402K(465920K)] 1178020K->904247K(1864192K), 0.0917237 secs] [Times: user=0.50 sys=0.00, real=0.09 secs] 
3928.926: [GC (Allocation Failure) [PSYoungGen: 320362K->183414K(465920K)] 1137207K->1028312K(1864192K), 0.0346116 secs] [Times: user=0.14 sys=0.01, real=0.04 secs] 
3929.106: [GC (Allocation Failure) [PSYoungGen: 416374K->184822K(465920K)] 1261272K->1086627K(1864192K), 0.0505816 secs] [Times: user=0.24 sys=0.00, real=0.05 secs] 
3929.354: [GC (Allocation Failure) [PSYoungGen: 417782K->182708K(465920K)] 1319587K->1140602K(1864192K), 0.0481656 secs] [Times: user=0.23 sys=0.00, real=0.05 secs] 
3930.652: [GC (Allocation Failure) [PSYoungGen: 415668K->99036K(465920K)] 1373562K->1126001K(1864192K), 0.0458532 secs] [Times: user=0.24 sys=0.00, real=0.05 secs] 
3931.063: [GC (Allocation Failure) [PSYoungGen: 331996K->165844K(465920K)] 1358961K->1225174K(1864192K), 0.0769432 secs] [Times: user=0.38 sys=0.00, real=0.08 secs] 
3931.296: [GC (Allocation Failure) [PSYoungGen: 398804K->183989K(465920K)] 1458134K->1294815K(1864192K), 0.0438605 secs] [Times: user=0.19 sys=0.00, real=0.05 secs] 
3931.460: [GC (Allocation Failure) [PSYoungGen: 416949K->185719K(465920K)] 1527775K->1360665K(1864192K), 0.0519156 secs] [Times: user=0.24 sys=0.00, real=0.05 secs] 
3931.625: [GC (Allocation Failure) [PSYoungGen: 418679K->186805K(465920K)] 1593625K->1420927K(1864192K), 0.0581271 secs] [Times: user=0.28 sys=0.00, real=0.06 secs] 
3933.214: [GC (Allocation Failure) [PSYoungGen: 419765K->80425K(465920K)] 1653887K->1385059K(1864192K), 0.0766316 secs] [Times: user=0.42 sys=0.00, real=0.08 secs] 
3933.544: [GC (Allocation Failure) [PSYoungGen: 313385K->182262K(465920K)] 1618019K->1512277K(1864192K), 0.0348825 secs] [Times: user=0.14 sys=0.00, real=0.04 secs] 
3933.579: [Full GC (Ergonomics) [PSYoungGen: 182262K->0K(465920K)] [ParOldGen: 1330014K->223371K(1398272K)] 1512277K->223371K(1864192K), [Metaspace: 60323K->60323K(1105920K)], 0.2442394 secs] [Times: user=1.12 sys=0.00, real=0.24 secs] 
3933.961: [GC (Allocation Failure) [PSYoungGen: 232960K->184950K(465920K)] 456331K->408321K(1864192K), 0.0270050 secs] [Times: user=0.09 sys=0.00, real=0.03 secs] 
3934.125: [GC (Allocation Failure) [PSYoungGen: 417910K->187125K(465920K)] 641281K->466600K(1864192K), 0.0455354 secs] [Times: user=0.21 sys=0.00, real=0.05 secs] 
3935.143: [GC (Allocation Failure) [PSYoungGen: 420085K->106156K(465920K)] 699560K->456148K(1864192K), 0.0446979 secs] [Times: user=0.23 sys=0.00, real=0.04 secs] 
3936.439: [GC (Allocation Failure) [PSYoungGen: 339116K->156979K(465920K)] 689108K->541731K(1864192K), 0.0748304 secs] [Times: user=0.38 sys=0.00, real=0.07 secs] 
3936.656: [GC (Allocation Failure) [PSYoungGen: 389939K->184502K(465920K)] 774691K->617894K(1864192K), 0.0408480 secs] [Times: user=0.18 sys=0.00, real=0.04 secs] 
3936.817: [GC (Allocation Failure) [PSYoungGen: 417462K->182774K(465920K)] 850854K->680423K(1864192K), 0.0489513 secs] [Times: user=0.22 sys=0.00, real=0.05 secs] 
3937.022: [GC (Allocation Failure) [PSYoungGen: 415734K->185909K(465920K)] 913383K->741653K(1864192K), 0.0551219 secs] [Times: user=0.27 sys=0.00, real=0.05 secs] 
3938.119: [GC (Allocation Failure) [PSYoungGen: 418869K->89994K(465920K)] 974613K->715891K(1864192K), 0.0544324 secs] [Times: user=0.29 sys=0.01, real=0.05 secs] 
3938.446: [GC (Allocation Failure) [PSYoungGen: 322954K->177045K(465920K)] 948851K->832594K(1864192K), 0.0443360 secs] [Times: user=0.19 sys=0.00, real=0.05 secs] 
3938.626: [GC (Allocation Failure) [PSYoungGen: 410005K->184277K(465920K)] 1065554K->894666K(1864192K), 0.0440901 secs] [Times: user=0.19 sys=0.00, real=0.05 secs] 
3938.785: [GC (Allocation Failure) [PSYoungGen: 417237K->186485K(465920K)] 1127626K->952810K(1864192K), 0.0463951 secs] [Times: user=0.22 sys=0.00, real=0.05 secs] 
3939.775: [GC (Allocation Failure) [PSYoungGen: 419445K->114782K(465920K)] 1185770K->951523K(1864192K), 0.0473363 secs] [Times: user=0.24 sys=0.00, real=0.05 secs] 
3940.316: [GC (Allocation Failure) [PSYoungGen: 347742K->153170K(465920K)] 1184483K->1026956K(1864192K), 0.0716115 secs] [Times: user=0.37 sys=0.00, real=0.08 secs] 
3940.537: [GC (Allocation Failure) [PSYoungGen: 386130K->183957K(465920K)] 1259916K->1105739K(1864192K), 0.0550289 secs] [Times: user=0.25 sys=0.00, real=0.06 secs] 
3940.786: [GC (Allocation Failure) [PSYoungGen: 416917K->182710K(465920K)] 1338699K->1168588K(1864192K), 0.0710261 secs] [Times: user=0.35 sys=0.00, real=0.07 secs] 
3940.979: [GC (Allocation Failure) [PSYoungGen: 415670K->186613K(465920K)] 1401548K->1230579K(1864192K), 0.0565911 secs] [Times: user=0.28 sys=0.00, real=0.05 secs] 
3942.863: [GC (GCLocker Initiated GC) [PSYoungGen: 419573K->86650K(465920K)] 1463539K->1201076K(1864192K), 0.1171386 secs] [Times: user=0.64 sys=0.01, real=0.12 secs] 
3943.586: [GC (Allocation Failure) [PSYoungGen: 319610K->178101K(465920K)] 1434203K->1320899K(1864192K), 0.0416645 secs] [Times: user=0.18 sys=0.00, real=0.05 secs] 
3943.746: [GC (Allocation Failure) [PSYoungGen: 411061K->181653K(465920K)] 1553859K->1379975K(1864192K), 0.0438445 secs] [Times: user=0.20 sys=0.00, real=0.05 secs] 
3943.907: [GC (Allocation Failure) [PSYoungGen: 414613K->187125K(465920K)] 1612935K->1440887K(1864192K), 0.0462811 secs] [Times: user=0.22 sys=0.00, real=0.05 secs] 
3944.924: [GC (Allocation Failure) [PSYoungGen: 420085K->123695K(465920K)] 1673847K->1447953K(1864192K), 0.0485871 secs] [Times: user=0.25 sys=0.00, real=0.05 secs] 
3944.973: [Full GC (Ergonomics) [PSYoungGen: 123695K->0K(465920K)] [ParOldGen: 1324258K->339330K(1398272K)] 1447953K->339330K(1864192K), [Metaspace: 60323K->60323K(1105920K)], 0.5941657 secs] [Times: user=2.62 sys=0.00, real=0.59 secs] 
3946.010: [GC (Allocation Failure) [PSYoungGen: 232960K->145057K(465920K)] 572290K->484387K(1864192K), 0.0273682 secs] [Times: user=0.10 sys=0.00, real=0.02 secs] 
3946.180: [GC (Allocation Failure) [PSYoungGen: 378017K->191733K(465920K)] 717347K->576888K(1864192K), 0.0395678 secs] [Times: user=0.17 sys=0.00, real=0.04 secs] 
3946.340: [GC (Allocation Failure) [PSYoungGen: 424693K->185207K(465920K)] 809848K->634225K(1864192K), 0.0492912 secs] [Times: user=0.23 sys=0.00, real=0.05 secs] 
3946.566: [GC (Allocation Failure) [PSYoungGen: 418167K->183092K(465920K)] 867185K->690567K(1864192K), 0.0758044 secs] [Times: user=0.38 sys=0.00, real=0.08 secs] 
3947.627: [GC (Allocation Failure) [PSYoungGen: 416052K->97323K(465920K)] 923527K->674086K(1864192K), 0.0480589 secs] [Times: user=0.25 sys=0.00, real=0.05 secs] 
3947.908: [GC (Allocation Failure) [PSYoungGen: 330283K->175125K(465920K)] 907046K->783064K(1864192K), 0.0448733 secs] [Times: user=0.19 sys=0.00, real=0.05 secs] 
3948.102: [GC (Allocation Failure) [PSYoungGen: 408085K->181493K(465920K)] 1016024K->844217K(1864192K), 0.0439792 secs] [Times: user=0.20 sys=0.01, real=0.04 secs] 
3948.263: [GC (Allocation Failure) [PSYoungGen: 414453K->186869K(465920K)] 1077177K->904808K(1864192K), 0.0463324 secs] [Times: user=0.21 sys=0.01, real=0.05 secs] 
3949.251: [GC (Allocation Failure) [PSYoungGen: 419829K->127087K(465920K)] 1137768K->915591K(1864192K), 0.0489309 secs] [Times: user=0.25 sys=0.00, real=0.05 secs] 
3949.875: [GC (Allocation Failure) [PSYoungGen: 360047K->142001K(465920K)] 1148551K->970960K(1864192K), 0.0768299 secs] [Times: user=0.41 sys=0.00, real=0.08 secs] 
3950.074: [GC (Allocation Failure) [PSYoungGen: 374961K->178645K(465920K)] 1203920K->1053501K(1864192K), 0.0395955 secs] [Times: user=0.18 sys=0.00, real=0.04 secs] 
3950.238: [GC (Allocation Failure) [PSYoungGen: 411605K->185847K(465920K)] 1286461K->1123039K(1864192K), 0.0492712 secs] [Times: user=0.23 sys=0.00, real=0.05 secs] 
3950.404: [GC (Allocation Failure) [PSYoungGen: 418807K->186293K(465920K)] 1355999K->1182373K(1864192K), 0.0563755 secs] [Times: user=0.27 sys=0.00, real=0.06 secs] 
3951.783: [GC (Allocation Failure) [PSYoungGen: 419253K->88378K(465920K)] 1415333K->1154750K(1864192K), 0.0637564 secs] [Times: user=0.35 sys=0.00, real=0.06 secs] 
3952.093: [GC (Allocation Failure) [PSYoungGen: 321338K->178869K(465920K)] 1387710K->1274494K(1864192K), 0.0329648 secs] [Times: user=0.13 sys=0.00, real=0.03 secs] 
3952.279: [GC (Allocation Failure) [PSYoungGen: 411829K->184277K(465920K)] 1507454K->1335334K(1864192K), 0.0481885 secs] [Times: user=0.22 sys=0.00, real=0.04 secs] 
3952.823: [GC (Allocation Failure) [PSYoungGen: 417237K->185877K(465920K)] 1568294K->1392813K(1864192K), 0.0548892 secs] [Times: user=0.26 sys=0.00, real=0.06 secs] 
3954.204: [GC (Allocation Failure) [PSYoungGen: 418837K->130192K(465920K)] 1625773K->1407248K(1864192K), 0.0490263 secs] [Times: user=0.25 sys=0.00, real=0.05 secs] 
3954.663: [GC (Allocation Failure) [PSYoungGen: 363152K->134320K(465920K)] 1640208K->1452608K(1864192K), 0.1078449 secs] [Times: user=0.59 sys=0.00, real=0.11 secs] 
3954.771: [Full GC (Ergonomics) [PSYoungGen: 134320K->0K(465920K)] [ParOldGen: 1318288K->151572K(1398272K)] 1452608K->151572K(1864192K), [Metaspace: 60323K->60323K(1105920K)], 0.1595174 secs] [Times: user=0.73 sys=0.00, real=0.16 secs] 
3955.079: [GC (Allocation Failure) [PSYoungGen: 232960K->178709K(465920K)] 384532K->330281K(1864192K), 0.0259375 secs] [Times: user=0.10 sys=0.00, real=0.02 secs] 
3955.223: [GC (Allocation Failure) [PSYoungGen: 411669K->185751K(465920K)] 563241K->399799K(1864192K), 0.0482050 secs] [Times: user=0.22 sys=0.00, real=0.05 secs] 
3955.384: [GC (Allocation Failure) [PSYoungGen: 418711K->186645K(465920K)] 632759K->459613K(1864192K), 0.0557785 secs] [Times: user=0.28 sys=0.00, real=0.06 secs] 
3956.665: [GC (GCLocker Initiated GC) [PSYoungGen: 419605K->84250K(465920K)] 692574K->427555K(1864192K), 0.1005391 secs] [Times: user=0.55 sys=0.00, real=0.10 secs] 
3957.386: [GC (Allocation Failure) [PSYoungGen: 317210K->178709K(465920K)] 660517K->549309K(1864192K), 0.0421616 secs] [Times: user=0.18 sys=0.00, real=0.05 secs] 
3957.644: [GC (Allocation Failure) [PSYoungGen: 411669K->184566K(465920K)] 782269K->610038K(1864192K), 0.0628463 secs] [Times: user=0.30 sys=0.00, real=0.06 secs] 
3957.844: [GC (Allocation Failure) [PSYoungGen: 417526K->187125K(465920K)] 842998K->668533K(1864192K), 0.0452580 secs] [Times: user=0.21 sys=0.00, real=0.05 secs] 
3958.807: [GC (Allocation Failure) [PSYoungGen: 420085K->145458K(465920K)] 901493K->697410K(1864192K), 0.0501195 secs] [Times: user=0.25 sys=0.00, real=0.05 secs] 
3959.705: [GC (GCLocker Initiated GC) [PSYoungGen: 378418K->121886K(465920K)] 930370K->719774K(1864192K), 0.1203305 secs] [Times: user=0.66 sys=0.01, real=0.12 secs] 
3960.020: [GC (Allocation Failure) [PSYoungGen: 354846K->186773K(465920K)] 952773K->823936K(1864192K), 0.0377225 secs] [Times: user=0.16 sys=0.00, real=0.04 secs] 
3960.207: [GC (GCLocker Initiated GC) [PSYoungGen: 419733K->185431K(465920K)] 1056896K->884882K(1864192K), 0.0542502 secs] [Times: user=0.26 sys=0.00, real=0.06 secs] 
3961.217: [GC (Allocation Failure) [PSYoungGen: 418391K->186389K(465920K)] 1117845K->944755K(1864192K), 0.0894266 secs] [Times: user=0.46 sys=0.00, real=0.09 secs] 
3962.304: [GC (Allocation Failure) [PSYoungGen: 419349K->93067K(465920K)] 1177715K->921689K(1864192K), 0.0454525 secs] [Times: user=0.24 sys=0.00, real=0.05 secs] 
3962.831: [GC (Allocation Failure) [PSYoungGen: 326027K->170196K(465920K)] 1154649K->1028511K(1864192K), 0.0533679 secs] [Times: user=0.24 sys=0.00, real=0.05 secs] 
3963.029: [GC (Allocation Failure) [PSYoungGen: 403156K->185110K(465920K)] 1261471K->1096873K(1864192K), 0.0440454 secs] [Times: user=0.20 sys=0.00, real=0.04 secs] 
3963.208: [GC (Allocation Failure) [PSYoungGen: 403536K->171541K(465920K)] 1315299K->1147841K(1864192K), 0.0543527 secs] [Times: user=0.26 sys=0.00, real=0.06 secs] 
3964.057: [GC (Allocation Failure) [PSYoungGen: 399791K->206163K(465920K)] 1376090K->1236814K(1864192K), 0.0517527 secs] [Times: user=0.26 sys=0.00, real=0.06 secs] 
3965.256: [GC (Allocation Failure) [PSYoungGen: 439123K->95179K(465920K)] 1469774K->1190510K(1864192K), 0.1085132 secs] [Times: user=0.59 sys=0.00, real=0.11 secs] 
3965.643: [GC (Allocation Failure) [PSYoungGen: 328139K->180662K(465920K)] 1423470K->1306710K(1864192K), 0.0353351 secs] [Times: user=0.14 sys=0.00, real=0.04 secs] 
3965.799: [GC (Allocation Failure) [PSYoungGen: 413622K->184758K(465920K)] 1539670K->1367014K(1864192K), 0.0442484 secs] [Times: user=0.20 sys=0.00, real=0.04 secs] 
3965.961: [GC (Allocation Failure) [PSYoungGen: 417718K->186645K(465920K)] 1599974K->1424877K(1864192K), 0.0458274 secs] [Times: user=0.21 sys=0.00, real=0.04 secs] 
3967.044: [GC (Allocation Failure) [PSYoungGen: 419605K->99932K(465920K)] 1657837K->1408644K(1864192K), 0.0481435 secs] [Times: user=0.25 sys=0.00, real=0.05 secs] 
3967.860: [GC (Allocation Failure) [PSYoungGen: 332892K->165716K(465920K)] 1641604K->1506980K(1864192K), 0.0853588 secs] [Times: user=0.44 sys=0.00, real=0.08 secs] 
3967.945: [Full GC (Ergonomics) [PSYoungGen: 165716K->0K(465920K)] [ParOldGen: 1341264K->188383K(1398272K)] 1506980K->188383K(1864192K), [Metaspace: 60323K->60323K(1105920K)], 0.2149469 secs] [Times: user=1.00 sys=0.00, real=0.22 secs] 
3968.293: [GC (Allocation Failure) [PSYoungGen: 232960K->181429K(465920K)] 421343K->369812K(1864192K), 0.0344282 secs] [Times: user=0.13 sys=0.00, real=0.03 secs] 
3968.499: [GC (Allocation Failure) [PSYoungGen: 414389K->185399K(465920K)] 602772K->436870K(1864192K), 0.0431459 secs] [Times: user=0.19 sys=0.00, real=0.04 secs] 
3968.789: [GC (Allocation Failure) [PSYoungGen: 417962K->218389K(465920K)] 669433K->528652K(1864192K), 0.0550413 secs] [Times: user=0.27 sys=0.00, real=0.05 secs] 
3969.686: [GC (Allocation Failure) [PSYoungGen: 451349K->92074K(465920K)] 761612K->471938K(1864192K), 0.0481028 secs] [Times: user=0.25 sys=0.00, real=0.05 secs] 
3969.950: [GC (Allocation Failure) [PSYoungGen: 325034K->179861K(465920K)] 704898K->589361K(1864192K), 0.0467964 secs] [Times: user=0.20 sys=0.00, real=0.04 secs] 
3970.185: [GC (Allocation Failure) [PSYoungGen: 412821K->184150K(465920K)] 822321K->649737K(1864192K), 0.0617192 secs] [Times: user=0.30 sys=0.00, real=0.06 secs] 
3970.371: [GC (Allocation Failure) [PSYoungGen: 417110K->186293K(465920K)] 882697K->707512K(1864192K), 0.0461177 secs] [Times: user=0.21 sys=0.00, real=0.04 secs] 
3971.389: [GC (Allocation Failure) [PSYoungGen: 419253K->102572K(465920K)] 940472K->694096K(1864192K), 0.0453742 secs] [Times: user=0.24 sys=0.00, real=0.04 secs] 
3971.812: [GC (Allocation Failure) [PSYoungGen: 335532K->164915K(465920K)] 927056K->789832K(1864192K), 0.0703571 secs] [Times: user=0.35 sys=0.00, real=0.07 secs] 
3972.031: [GC (Allocation Failure) [PSYoungGen: 397875K->184630K(465920K)] 1022792K->861510K(1864192K), 0.0420812 secs] [Times: user=0.19 sys=0.00, real=0.04 secs] 
3972.197: [GC (Allocation Failure) [PSYoungGen: 417590K->185527K(465920K)] 1094470K->926683K(1864192K), 0.0505817 secs] [Times: user=0.24 sys=0.00, real=0.05 secs] 
3972.403: [GC (Allocation Failure) [PSYoungGen: 418487K->183284K(465920K)] 1159643K->983257K(1864192K), 0.0801718 secs] [Times: user=0.41 sys=0.00, real=0.08 secs] 
3973.973: [GC (Allocation Failure) [PSYoungGen: 416244K->89162K(465920K)] 1216217K->958287K(1864192K), 0.1009682 secs] [Times: user=0.55 sys=0.01, real=0.10 secs] 
3974.362: [GC (Allocation Failure) [PSYoungGen: 322122K->178709K(465920K)] 1191247K->1076931K(1864192K), 0.0344037 secs] [Times: user=0.14 sys=0.00, real=0.03 secs] 
3974.517: [GC (Allocation Failure) [PSYoungGen: 411669K->192662K(465920K)] 1309891K->1146743K(1864192K), 0.0442685 secs] [Times: user=0.20 sys=0.00, real=0.05 secs] 
3974.703: [GC (Allocation Failure) [PSYoungGen: 425622K->186549K(465920K)] 1379703K->1196590K(1864192K), 0.0609300 secs] [Times: user=0.29 sys=0.00, real=0.06 secs] 
3975.856: [GC (Allocation Failure) [PSYoungGen: 419509K->101804K(465920K)] 1429550K->1182270K(1864192K), 0.0460292 secs] [Times: user=0.23 sys=0.00, real=0.05 secs] 
3976.185: [GC (Allocation Failure) [PSYoungGen: 334764K->166260K(465920K)] 1415230K->1280330K(1864192K), 0.0880903 secs] [Times: user=0.45 sys=0.00, real=0.09 secs] 
3976.414: [GC (GCLocker Initiated GC) [PSYoungGen: 399220K->182709K(465920K)] 1513290K->1348403K(1864192K), 0.0437604 secs] [Times: user=0.20 sys=0.00, real=0.04 secs] 
3976.628: [GC (Allocation Failure) [PSYoungGen: 415669K->182582K(465920K)] 1581402K->1412131K(1864192K), 0.0508644 secs] [Times: user=0.24 sys=0.00, real=0.06 secs] 
3976.810: [GC (Allocation Failure) [PSYoungGen: 415542K->186101K(465920K)] 1645091K->1473482K(1864192K), 0.0606472 secs] [Times: user=0.31 sys=0.00, real=0.06 secs] 
3977.938: [GC (Allocation Failure) [PSYoungGen: 419061K->90538K(465920K)] 1706442K->1448079K(1864192K), 0.0589777 secs] [Times: user=0.32 sys=0.00, real=0.06 secs] 
3977.997: [Full GC (Ergonomics) [PSYoungGen: 90538K->0K(465920K)] [ParOldGen: 1357540K->104813K(1398272K)] 1448079K->104813K(1864192K), [Metaspace: 60323K->60323K(1105920K)], 0.1042864 secs] [Times: user=0.44 sys=0.00, real=0.11 secs] 
3978.433: [GC (Allocation Failure) [PSYoungGen: 232960K->179509K(465920K)] 337773K->284322K(1864192K), 0.0256572 secs] [Times: user=0.09 sys=0.00, real=0.03 secs] 
3978.616: [GC (Allocation Failure) [PSYoungGen: 412469K->184342K(465920K)] 517282K->344971K(1864192K), 0.0503911 secs] [Times: user=0.20 sys=0.00, real=0.05 secs] 
3978.806: [GC (Allocation Failure) [PSYoungGen: 417302K->183924K(465920K)] 577931K->400666K(1864192K), 0.0627962 secs] [Times: user=0.30 sys=0.01, real=0.07 secs] 
3979.857: [GC (Allocation Failure) [PSYoungGen: 416884K->108477K(465920K)] 633626K->394754K(1864192K), 0.0448172 secs] [Times: user=0.23 sys=0.00, real=0.05 secs] 
3980.891: [GC (Allocation Failure) [PSYoungGen: 341437K->160658K(465920K)] 627714K->482384K(1864192K), 0.0836237 secs] [Times: user=0.43 sys=0.00, real=0.08 secs] 
3981.125: [GC (Allocation Failure) [PSYoungGen: 393618K->183957K(465920K)] 715344K->554619K(1864192K), 0.0408123 secs] [Times: user=0.18 sys=0.00, real=0.04 secs] 
3981.286: [GC (Allocation Failure) [PSYoungGen: 416917K->186007K(465920K)] 787579K->620552K(1864192K), 0.0490597 secs] [Times: user=0.23 sys=0.00, real=0.05 secs] 
3981.448: [GC (Allocation Failure) [PSYoungGen: 418967K->184084K(465920K)] 853512K->677662K(1864192K), 0.0547826 secs] [Times: user=0.27 sys=0.00, real=0.05 secs] 
3982.574: [GC (Allocation Failure) [PSYoungGen: 417044K->91819K(465920K)] 910622K->654892K(1864192K), 0.0540294 secs] [Times: user=0.28 sys=0.00, real=0.06 secs] 
3982.890: [GC (Allocation Failure) [PSYoungGen: 324779K->181750K(465920K)] 887852K->774644K(1864192K), 0.0459436 secs] [Times: user=0.20 sys=0.00, real=0.04 secs] 
3983.137: [GC (Allocation Failure) [PSYoungGen: 414710K->184117K(465920K)] 1007604K->833283K(1864192K), 0.0452089 secs] [Times: user=0.20 sys=0.00, real=0.05 secs] 
3984.013: [GC (Allocation Failure) [PSYoungGen: 417077K->182068K(465920K)] 1066243K->886994K(1864192K), 0.0738066 secs] [Times: user=0.36 sys=0.00, real=0.07 secs] 
3985.538: [GC (Allocation Failure) [PSYoungGen: 415028K->113454K(465920K)] 1119954K->887364K(1864192K), 0.0468477 secs] [Times: user=0.24 sys=0.00, real=0.04 secs] 
3985.967: [GC (Allocation Failure) [PSYoungGen: 346414K->153618K(465920K)] 1120324K->963773K(1864192K), 0.0990375 secs] [Times: user=0.52 sys=0.00, real=0.10 secs] 
3986.263: [GC (Allocation Failure) [PSYoungGen: 386578K->181269K(465920K)] 1196733K->1039428K(1864192K), 0.0407810 secs] [Times: user=0.18 sys=0.00, real=0.04 secs] 
3986.425: [GC (Allocation Failure) [PSYoungGen: 414229K->185783K(465920K)] 1272388K->1107482K(1864192K), 0.0500102 secs] [Times: user=0.23 sys=0.00, real=0.05 secs] 
3986.588: [GC (Allocation Failure) [PSYoungGen: 418743K->183540K(465920K)] 1340442K->1164299K(1864192K), 0.0563285 secs] [Times: user=0.27 sys=0.01, real=0.05 secs] 
3987.891: [GC (Allocation Failure) [PSYoungGen: 416500K->91899K(465920K)] 1397259K->1141778K(1864192K), 0.0773330 secs] [Times: user=0.41 sys=0.01, real=0.08 secs] 
3988.410: [GC (Allocation Failure) [PSYoungGen: 324859K->175861K(465920K)] 1374738K->1255425K(1864192K), 0.0455369 secs] [Times: user=0.20 sys=0.00, real=0.04 secs] 
3988.589: [GC (Allocation Failure) [PSYoungGen: 408821K->184502K(465920K)] 1488385K->1319297K(1864192K), 0.0438218 secs] [Times: user=0.19 sys=0.00, real=0.04 secs] 
3988.748: [GC (Allocation Failure) [PSYoungGen: 417462K->183988K(465920K)] 1552257K->1374664K(1864192K), 0.0461213 secs] [Times: user=0.22 sys=0.00, real=0.04 secs] 
3989.866: [GC (Allocation Failure) [PSYoungGen: 416948K->123279K(465920K)] 1607624K->1383375K(1864192K), 0.0478235 secs] [Times: user=0.24 sys=0.00, real=0.05 secs] 
3990.341: [GC (GCLocker Initiated GC) [PSYoungGen: 356239K->148369K(465920K)] 1616335K->1447689K(1864192K), 0.0985190 secs] [Times: user=0.53 sys=0.00, real=0.10 secs] 
3990.625: [GC (Allocation Failure) [PSYoungGen: 381329K->183381K(465920K)] 1680944K->1529497K(1864192K), 0.0498552 secs] [Times: user=0.24 sys=0.01, real=0.05 secs] 
3990.675: [Full GC (Ergonomics) [PSYoungGen: 183381K->0K(465920K)] [ParOldGen: 1346115K->247296K(1398272K)] 1529497K->247296K(1864192K), [Metaspace: 60325K->60325K(1105920K)], 0.2936469 secs] [Times: user=1.34 sys=0.00, real=0.30 secs] 
3991.105: [GC (Allocation Failure) [PSYoungGen: 232960K->181782K(465920K)] 480256K->429078K(1864192K), 0.0838713 secs] [Times: user=0.44 sys=0.00, real=0.09 secs] 
3991.514: [GC (Allocation Failure) [PSYoungGen: 414742K->185941K(465920K)] 662038K->490877K(1864192K), 0.0775794 secs] [Times: user=0.39 sys=0.00, real=0.08 secs] 
3992.560: [GC (Allocation Failure) [PSYoungGen: 418901K->89930K(465920K)] 723837K->464923K(1864192K), 0.0443850 secs] [Times: user=0.23 sys=0.00, real=0.04 secs] 
3992.898: [GC (Allocation Failure) [PSYoungGen: 322890K->178229K(465920K)] 697883K->582318K(1864192K), 0.0474235 secs] [Times: user=0.21 sys=0.00, real=0.05 secs] 
3993.090: [GC (Allocation Failure) [PSYoungGen: 411189K->184758K(465920K)] 815278K->644367K(1864192K), 0.0429396 secs] [Times: user=0.19 sys=0.00, real=0.04 secs] 
3993.245: [GC (Allocation Failure) [PSYoungGen: 417718K->186805K(465920K)] 877327K->702630K(1864192K), 0.0454123 secs] [Times: user=0.21 sys=0.00, real=0.05 secs] 
3994.221: [GC (Allocation Failure) [PSYoungGen: 419765K->124207K(465920K)] 935590K->710456K(1864192K), 0.0480781 secs] [Times: user=0.24 sys=0.00, real=0.05 secs] 
3995.368: [GC (Allocation Failure) [PSYoungGen: 357167K->138976K(465920K)] 943416K->764565K(1864192K), 0.1046970 secs] [Times: user=0.56 sys=0.00, real=0.10 secs] 
3995.680: [GC (Allocation Failure) [PSYoungGen: 371936K->178613K(465920K)] 997525K->848999K(1864192K), 0.0443388 secs] [Times: user=0.20 sys=0.00, real=0.04 secs] 
3995.845: [GC (Allocation Failure) [PSYoungGen: 411573K->185943K(465920K)] 1081959K->918561K(1864192K), 0.0494247 secs] [Times: user=0.23 sys=0.00, real=0.05 secs] 
3996.010: [GC (Allocation Failure) [PSYoungGen: 418903K->186581K(465920K)] 1151521K->978275K(1864192K), 0.0572061 secs] [Times: user=0.28 sys=0.00, real=0.05 secs] 
3997.161: [GC (Allocation Failure) [PSYoungGen: 419541K->91322K(465920K)] 1211235K->953325K(1864192K), 0.0602597 secs] [Times: user=0.32 sys=0.00, real=0.06 secs] 
3997.831: [GC (Allocation Failure) [PSYoungGen: 324282K->177973K(465920K)] 1186285K->1069824K(1864192K), 0.0427398 secs] [Times: user=0.19 sys=0.00, real=0.04 secs] 
3998.125: [GC (Allocation Failure) [PSYoungGen: 410933K->180053K(465920K)] 1302784K->1127096K(1864192K), 0.0677620 secs] [Times: user=0.33 sys=0.00, real=0.07 secs] 
3998.588: [GC (GCLocker Initiated GC) [PSYoungGen: 413013K->184789K(465920K)] 1360056K->1186224K(1864192K), 0.0658299 secs] [Times: user=0.32 sys=0.00, real=0.06 secs] 
3999.883: [GC (Allocation Failure) [PSYoungGen: 417749K->136625K(465920K)] 1419185K->1207821K(1864192K), 0.0502094 secs] [Times: user=0.25 sys=0.01, real=0.05 secs] 
4000.283: [GC (Allocation Failure) [PSYoungGen: 369585K->133536K(465920K)] 1440781K->1247876K(1864192K), 0.1236644 secs] [Times: user=0.68 sys=0.00, real=0.12 secs] 
4000.587: [GC (Allocation Failure) [PSYoungGen: 366496K->178421K(465920K)] 1480836K->1335338K(1864192K), 0.0395122 secs] [Times: user=0.17 sys=0.00, real=0.04 secs] 
4000.747: [GC (Allocation Failure) [PSYoungGen: 411381K->185879K(465920K)] 1568298K->1405012K(1864192K), 0.0504388 secs] [Times: user=0.24 sys=0.00, real=0.05 secs] 
4000.910: [GC (Allocation Failure) [PSYoungGen: 418839K->186421K(465920K)] 1637972K->1464450K(1864192K), 0.0591636 secs] [Times: user=0.29 sys=0.00, real=0.06 secs] 
4002.015: [GC (Allocation Failure) [PSYoungGen: 419381K->90218K(465920K)] 1697410K->1438408K(1864192K), 0.0467745 secs] [Times: user=0.25 sys=0.00, real=0.05 secs] 
4002.062: [Full GC (Ergonomics) [PSYoungGen: 90218K->0K(465920K)] [ParOldGen: 1348189K->94010K(1398272K)] 1438408K->94010K(1864192K), [Metaspace: 60325K->60325K(1105920K)], 0.0649105 secs] [Times: user=0.25 sys=0.00, real=0.06 secs] 
4002.614: [GC (Allocation Failure) [PSYoungGen: 232960K->179157K(465920K)] 326970K->273167K(1864192K), 0.0299480 secs] [Times: user=0.10 sys=0.00, real=0.03 secs] 
4002.770: [GC (Allocation Failure) [PSYoungGen: 412117K->184598K(465920K)] 506127K->333808K(1864192K), 0.0419289 secs] [Times: user=0.19 sys=0.00, real=0.04 secs] 
4002.926: [GC (Allocation Failure) [PSYoungGen: 417558K->232916K(465920K)] 566768K->438503K(1864192K), 0.0457097 secs] [Times: user=0.22 sys=0.00, real=0.05 secs] 
4003.889: [GC (Allocation Failure) [PSYoungGen: 465876K->143153K(465920K)] 671463K->418404K(1864192K), 0.0489947 secs] [Times: user=0.24 sys=0.00, real=0.05 secs] 
4005.039: [GC (GCLocker Initiated GC) [PSYoungGen: 376113K->124639K(465920K)] 651364K->445077K(1864192K), 0.1570385 secs] [Times: user=0.88 sys=0.00, real=0.15 secs] 
4005.364: [GC (Allocation Failure) [PSYoungGen: 357599K->178773K(465920K)] 678168K->539503K(1864192K), 0.0369908 secs] [Times: user=0.16 sys=0.00, real=0.04 secs] 
4005.552: [GC (Allocation Failure) [PSYoungGen: 411733K->185751K(465920K)] 772463K->608721K(1864192K), 0.0540005 secs] [Times: user=0.26 sys=0.00, real=0.05 secs] 
4005.716: [GC (GCLocker Initiated GC) [PSYoungGen: 418711K->182996K(465920K)] 841683K->664824K(1864192K), 0.0558500 secs] [Times: user=0.28 sys=0.00, real=0.06 secs] 
4006.704: [GC (Allocation Failure) [PSYoungGen: 415956K->94283K(465920K)] 897915K->645514K(1864192K), 0.0448317 secs] [Times: user=0.23 sys=0.00, real=0.05 secs] 
4007.068: [GC (Allocation Failure) [PSYoungGen: 327243K->176853K(465920K)] 878474K->759960K(1864192K), 0.0453930 secs] [Times: user=0.20 sys=0.00, real=0.04 secs] 
4007.248: [GC (Allocation Failure) [PSYoungGen: 409813K->184374K(465920K)] 992920K->822385K(1864192K), 0.0428775 secs] [Times: user=0.19 sys=0.00, real=0.05 secs] 
4007.406: [GC (Allocation Failure) [PSYoungGen: 417277K->186645K(465920K)] 1055288K->880712K(1864192K), 0.0460701 secs] [Times: user=0.21 sys=0.01, real=0.05 secs] 
4008.353: [GC (Allocation Failure) [PSYoungGen: 419605K->146546K(465920K)] 1113672K->911021K(1864192K), 0.0508930 secs] [Times: user=0.25 sys=0.00, real=0.05 secs] 
4008.923: [GC (Allocation Failure) [PSYoungGen: 379506K->120990K(465920K)] 1143981K->931825K(1864192K), 0.1197613 secs] [Times: user=0.66 sys=0.01, real=0.12 secs] 
4009.242: [GC (Allocation Failure) [PSYoungGen: 353950K->178229K(465920K)] 1164785K->1027773K(1864192K), 0.0371622 secs] [Times: user=0.16 sys=0.00, real=0.04 secs] 
4009.403: [GC (Allocation Failure) [PSYoungGen: 411189K->185847K(465920K)] 1260733K->1097599K(1864192K), 0.0492566 secs] [Times: user=0.23 sys=0.00, real=0.05 secs] 
4009.594: [GC (Allocation Failure) [PSYoungGen: 418807K->186709K(465920K)] 1330559K->1157573K(1864192K), 0.0627445 secs] [Times: user=0.32 sys=0.00, real=0.06 secs] 
4010.930: [GC (Allocation Failure) [PSYoungGen: 419669K->89866K(465920K)] 1390533K->1131051K(1864192K), 0.1098753 secs] [Times: user=0.60 sys=0.01, real=0.11 secs] 
4012.102: [GC (Allocation Failure) [PSYoungGen: 322826K->170932K(465920K)] 1364011K->1240993K(1864192K), 0.0451233 secs] [Times: user=0.19 sys=0.00, real=0.04 secs] 
4012.294: [GC (Allocation Failure) [PSYoungGen: 403892K->184758K(465920K)] 1473953K->1308463K(1864192K), 0.0442023 secs] [Times: user=0.20 sys=0.00, real=0.04 secs] 
4012.454: [GC (Allocation Failure) [PSYoungGen: 407649K->174965K(465920K)] 1531354K->1362907K(1864192K), 0.0503078 secs] [Times: user=0.23 sys=0.00, real=0.05 secs] 
4013.422: [GC (Allocation Failure) [PSYoungGen: 407925K->169075K(465920K)] 1595867K->1412712K(1864192K), 0.0547304 secs] [Times: user=0.27 sys=0.00, real=0.05 secs] 
4013.828: [GC (Allocation Failure) [PSYoungGen: 402035K->108301K(465920K)] 1645672K->1416618K(1864192K), 0.0705199 secs] [Times: user=0.37 sys=0.00, real=0.08 secs] 
4014.056: [GC (Allocation Failure) [PSYoungGen: 341261K->179125K(465920K)] 1649578K->1522387K(1864192K), 0.0370635 secs] [Times: user=0.16 sys=0.00, real=0.04 secs] 
4014.093: [Full GC (Ergonomics) [PSYoungGen: 179125K->0K(465920K)] [ParOldGen: 1343261K->231193K(1398272K)] 1522387K->231193K(1864192K), [Metaspace: 60325K->60325K(1105920K)], 0.2707150 secs] [Times: user=1.22 sys=0.00, real=0.27 secs] 
4014.503: [GC (Allocation Failure) [PSYoungGen: 232960K->180758K(465920K)] 464153K->411952K(1864192K), 0.0845952 secs] [Times: user=0.44 sys=0.00, real=0.08 secs] 
4015.330: [GC (Allocation Failure) [PSYoungGen: 413718K->177588K(465920K)] 644912K->465893K(1864192K), 0.0992834 secs] [Times: user=0.52 sys=0.00, real=0.10 secs] 
4016.462: [GC (Allocation Failure) [PSYoungGen: 410548K->103292K(465920K)] 698853K->459182K(1864192K), 0.0454493 secs] [Times: user=0.23 sys=0.00, real=0.04 secs] 
4017.029: [GC (Allocation Failure) [PSYoungGen: 336252K->168532K(465920K)] 692142K->557858K(1864192K), 0.0617889 secs] [Times: user=0.29 sys=0.00, real=0.06 secs] 
4017.240: [GC (Allocation Failure) [PSYoungGen: 401492K->178933K(465920K)] 790818K->620955K(1864192K), 0.0424292 secs] [Times: user=0.19 sys=0.00, real=0.04 secs] 
4017.406: [GC (Allocation Failure) [PSYoungGen: 411893K->185783K(465920K)] 853915K->690669K(1864192K), 0.0498975 secs] [Times: user=0.23 sys=0.01, real=0.05 secs] 
4017.947: [GC (Allocation Failure) [PSYoungGen: 415587K->214484K(465920K)] 920474K->778363K(1864192K), 0.0555491 secs] [Times: user=0.28 sys=0.00, real=0.06 secs] 
4019.193: [GC (Allocation Failure) [PSYoungGen: 447444K->92907K(465920K)] 1011323K->724961K(1864192K), 0.1012734 secs] [Times: user=0.55 sys=0.00, real=0.10 secs] 
4019.594: [GC (Allocation Failure) [PSYoungGen: 325867K->183094K(465920K)] 957921K->845209K(1864192K), 0.0399515 secs] [Times: user=0.14 sys=0.01, real=0.04 secs] 
4019.756: [GC (Allocation Failure) [PSYoungGen: 415975K->184246K(465920K)] 1078091K->903273K(1864192K), 0.0443860 secs] [Times: user=0.19 sys=0.00, real=0.05 secs] 
4019.973: [GC (Allocation Failure) [PSYoungGen: 417206K->180724K(465920K)] 1136233K->955376K(1864192K), 0.0647013 secs] [Times: user=0.32 sys=0.00, real=0.07 secs] 
4021.090: [GC (Allocation Failure) [PSYoungGen: 413684K->103772K(465920K)] 1188336K->946744K(1864192K), 0.0448805 secs] [Times: user=0.23 sys=0.00, real=0.04 secs] 
4021.548: [GC (Allocation Failure) [PSYoungGen: 336732K->170996K(465920K)] 1179704K->1048244K(1864192K), 0.0704856 secs] [Times: user=0.35 sys=0.00, real=0.08 secs] 
4021.757: [GC (Allocation Failure) [PSYoungGen: 403956K->183925K(465920K)] 1281204K->1114181K(1864192K), 0.0429771 secs] [Times: user=0.19 sys=0.00, real=0.05 secs] 
4021.921: [GC (Allocation Failure) [PSYoungGen: 416885K->185847K(465920K)] 1347141K->1180135K(1864192K), 0.0503665 secs] [Times: user=0.23 sys=0.00, real=0.05 secs] 
4022.456: [GC (Allocation Failure) [PSYoungGen: 418807K->195764K(465920K)] 1413095K->1249044K(1864192K), 0.0646623 secs] [Times: user=0.32 sys=0.00, real=0.07 secs] 
4023.570: [GC (Allocation Failure) [PSYoungGen: 428724K->87146K(465920K)] 1482004K->1208298K(1864192K), 0.0616794 secs] [Times: user=0.33 sys=0.00, real=0.06 secs] 
4023.873: [GC (Allocation Failure) [PSYoungGen: 320106K->183222K(465920K)] 1441258K->1332323K(1864192K), 0.0418773 secs] [Times: user=0.19 sys=0.00, real=0.04 secs] 
4024.061: [GC (Allocation Failure) [PSYoungGen: 416182K->184534K(465920K)] 1565283K->1390670K(1864192K), 0.0488672 secs] [Times: user=0.23 sys=0.00, real=0.05 secs] 
4024.221: [GC (Allocation Failure) [PSYoungGen: 417494K->184052K(465920K)] 1623630K->1445997K(1864192K), 0.0458584 secs] [Times: user=0.22 sys=0.00, real=0.04 secs] 
4025.268: [GC (Allocation Failure) [PSYoungGen: 417012K->103500K(465920K)] 1678957K->1434877K(1864192K), 0.0497080 secs] [Times: user=0.26 sys=0.00, real=0.04 secs] 
4025.318: [Full GC (Ergonomics) [PSYoungGen: 103500K->0K(465920K)] [ParOldGen: 1331376K->91477K(1398272K)] 1434877K->91477K(1864192K), [Metaspace: 60325K->60325K(1105920K)], 0.0350007 secs] [Times: user=0.11 sys=0.00, real=0.04 secs] 
4026.308: [GC (Allocation Failure) [PSYoungGen: 232960K->161843K(465920K)] 324437K->253320K(1864192K), 0.0334647 secs] [Times: user=0.13 sys=0.00, real=0.04 secs] 
4026.566: [GC (Allocation Failure) [PSYoungGen: 394803K->182741K(465920K)] 486280K->325043K(1864192K), 0.0549200 secs] [Times: user=0.26 sys=0.00, real=0.06 secs] 
4026.806: [GC (Allocation Failure) [PSYoungGen: 415701K->185975K(465920K)] 558003K->391900K(1864192K), 0.0661332 secs] [Times: user=0.33 sys=0.00, real=0.07 secs] 
4026.986: [GC (Allocation Failure) [PSYoungGen: 418935K->186229K(465920K)] 624860K->451290K(1864192K), 0.0559996 secs] [Times: user=0.28 sys=0.00, real=0.06 secs] 
4028.404: [GC (Allocation Failure) [PSYoungGen: 419189K->86634K(465920K)] 684250K->421771K(1864192K), 0.0949669 secs] [Times: user=0.51 sys=0.00, real=0.10 secs] 
4028.793: [GC (Allocation Failure) [PSYoungGen: 319594K->181302K(465920K)] 654731K->544571K(1864192K), 0.0401154 secs] [Times: user=0.18 sys=0.00, real=0.04 secs] 
4028.978: [GC (Allocation Failure) [PSYoungGen: 414262K->184502K(465920K)] 777531K->604187K(1864192K), 0.0545618 secs] [Times: user=0.26 sys=0.00, real=0.05 secs] 
4029.200: [GC (Allocation Failure) [PSYoungGen: 417462K->182516K(465920K)] 837147K->658170K(1864192K), 0.0609231 secs] [Times: user=0.29 sys=0.00, real=0.06 secs] 
4030.210: [GC (Allocation Failure) [PSYoungGen: 415476K->108221K(465920K)] 891130K->653211K(1864192K), 0.0453279 secs] [Times: user=0.23 sys=0.00, real=0.04 secs] 
4030.529: [GC (Allocation Failure) [PSYoungGen: 341181K->163763K(465920K)] 886171K->744454K(1864192K), 0.0950734 secs] [Times: user=0.48 sys=0.00, real=0.09 secs] 
4030.787: [GC (Allocation Failure) [PSYoungGen: 396723K->183733K(465920K)] 977414K->815039K(1864192K), 0.0428192 secs] [Times: user=0.19 sys=0.00, real=0.05 secs] 
4030.951: [GC (GCLocker Initiated GC) [PSYoungGen: 416693K->184791K(465920K)] 1048001K->880298K(1864192K), 0.0510185 secs] [Times: user=0.24 sys=0.00, real=0.05 secs] 
4031.145: [GC (Allocation Failure) [PSYoungGen: 417751K->186325K(465920K)] 1113551K->940853K(1864192K), 0.0597084 secs] [Times: user=0.30 sys=0.00, real=0.06 secs] 
4032.779: [GC (Allocation Failure) [PSYoungGen: 419285K->83433K(465920K)] 1173813K->908346K(1864192K), 0.0898758 secs] [Times: user=0.49 sys=0.00, real=0.09 secs] 
4033.229: [GC (Allocation Failure) [PSYoungGen: 316393K->181686K(465920K)] 1141306K->1032723K(1864192K), 0.0338726 secs] [Times: user=0.14 sys=0.00, real=0.03 secs] 
4033.380: [GC (Allocation Failure) [PSYoungGen: 414646K->184790K(465920K)] 1265683K->1092699K(1864192K), 0.0446727 secs] [Times: user=0.20 sys=0.00, real=0.04 secs] 
4033.538: [GC (Allocation Failure) [PSYoungGen: 417750K->187061K(465920K)] 1325659K->1150867K(1864192K), 0.0462673 secs] [Times: user=0.22 sys=0.00, real=0.04 secs] 
4034.704: [GC (Allocation Failure) [PSYoungGen: 420021K->107901K(465920K)] 1383827K->1142182K(1864192K), 0.0618235 secs] [Times: user=0.32 sys=0.00, real=0.06 secs] 
4036.294: [GC (Allocation Failure) [PSYoungGen: 340848K->150898K(465920K)] 1375129K->1220000K(1864192K), 0.0951189 secs] [Times: user=0.50 sys=0.00, real=0.10 secs] 
4036.589: [GC (Allocation Failure) [PSYoungGen: 383858K->183765K(465920K)] 1452960K->1299704K(1864192K), 0.0439720 secs] [Times: user=0.20 sys=0.00, real=0.04 secs] 
4036.751: [GC (Allocation Failure) [PSYoungGen: 416725K->186103K(465920K)] 1532664K->1366065K(1864192K), 0.0509022 secs] [Times: user=0.24 sys=0.00, real=0.05 secs] 
4036.914: [GC (Allocation Failure) [PSYoungGen: 419063K->186901K(465920K)] 1599025K->1425968K(1864192K), 0.0574208 secs] [Times: user=0.29 sys=0.00, real=0.06 secs] 
4037.983: [GC (Allocation Failure) [PSYoungGen: 419861K->90330K(465920K)] 1658928K->1399957K(1864192K), 0.0558494 secs] [Times: user=0.30 sys=0.00, real=0.06 secs] 
4038.038: [Full GC (Ergonomics) [PSYoungGen: 90330K->0K(465920K)] [ParOldGen: 1309626K->101749K(1398272K)] 1399957K->101749K(1864192K), [Metaspace: 60325K->60325K(1105920K)], 0.0890084 secs] [Times: user=0.37 sys=0.01, real=0.08 secs] 
4038.390: [GC (Allocation Failure) [PSYoungGen: 232960K->178069K(465920K)] 334709K->279819K(1864192K), 0.0301350 secs] [Times: user=0.11 sys=0.00, real=0.03 secs] 
4038.546: [GC (Allocation Failure) [PSYoungGen: 411029K->184982K(465920K)] 512779K->342511K(1864192K), 0.0427368 secs] [Times: user=0.19 sys=0.00, real=0.05 secs] 
4038.730: [GC (Allocation Failure) [PSYoungGen: 417942K->186613K(465920K)] 575471K->400238K(1864192K), 0.0490191 secs] [Times: user=0.23 sys=0.01, real=0.05 secs] 
4039.729: [GC (Allocation Failure) [PSYoungGen: 419573K->115150K(465920K)] 633198K->399247K(1864192K), 0.0458775 secs] [Times: user=0.23 sys=0.00, real=0.04 secs] 
4040.545: [GC (Allocation Failure) [PSYoungGen: 348110K->147601K(465920K)] 632207K->468360K(1864192K), 0.1037101 secs] [Times: user=0.55 sys=0.00, real=0.11 secs] 
4040.821: [GC (Allocation Failure) [PSYoungGen: 380561K->184342K(465920K)] 701320K->551752K(1864192K), 0.0402135 secs] [Times: user=0.17 sys=0.00, real=0.04 secs] 
4041.010: [GC (Allocation Failure) [PSYoungGen: 417302K->185943K(465920K)] 784712K->617474K(1864192K), 0.0580258 secs] [Times: user=0.29 sys=0.00, real=0.05 secs] 
4041.180: [GC (Allocation Failure) [PSYoungGen: 418903K->186613K(465920K)] 850434K->677132K(1864192K), 0.0566734 secs] [Times: user=0.28 sys=0.00, real=0.05 secs] 
4043.182: [GC (Allocation Failure) [PSYoungGen: 419573K->84922K(465920K)] 910092K->645877K(1864192K), 0.1055065 secs] [Times: user=0.58 sys=0.01, real=0.11 secs] 
4043.820: [GC (Allocation Failure) [PSYoungGen: 317882K->177813K(465920K)] 878837K->765965K(1864192K), 0.0427923 secs] [Times: user=0.18 sys=0.00, real=0.04 secs] 
4043.991: [GC (Allocation Failure) [PSYoungGen: 410773K->184726K(465920K)] 998925K->828277K(1864192K), 0.0426318 secs] [Times: user=0.19 sys=0.00, real=0.04 secs] 
4044.146: [GC (Allocation Failure) [PSYoungGen: 417686K->186677K(465920K)] 1061237K->886229K(1864192K), 0.0448407 secs] [Times: user=0.21 sys=0.00, real=0.05 secs] 
4045.125: [GC (Allocation Failure) [PSYoungGen: 419637K->123247K(465920K)] 1119189K->893007K(1864192K), 0.0474340 secs] [Times: user=0.23 sys=0.00, real=0.05 secs] 
4045.430: [GC (Allocation Failure) [PSYoungGen: 356207K->146145K(465920K)] 1125967K->955017K(1864192K), 0.0585045 secs] [Times: user=0.30 sys=0.00, real=0.06 secs] 
4045.855: [GC (Allocation Failure) [PSYoungGen: 379105K->179445K(465920K)] 1187977K->1034497K(1864192K), 0.0669829 secs] [Times: user=0.31 sys=0.00, real=0.07 secs] 
4046.079: [GC (Allocation Failure) [PSYoungGen: 412405K->185047K(465920K)] 1267457K->1102803K(1864192K), 0.0501745 secs] [Times: user=0.23 sys=0.00, real=0.05 secs] 
4046.426: [GC (Allocation Failure) [PSYoungGen: 418007K->186389K(465920K)] 1335763K->1162665K(1864192K), 0.0630007 secs] [Times: user=0.32 sys=0.00, real=0.07 secs] 
4047.561: [GC (Allocation Failure) [PSYoungGen: 419349K->92155K(465920K)] 1395625K->1138703K(1864192K), 0.0442041 secs] [Times: user=0.23 sys=0.00, real=0.04 secs] 
4047.887: [GC (Allocation Failure) [PSYoungGen: 325115K->177077K(465920K)] 1371663K->1253214K(1864192K), 0.0333363 secs] [Times: user=0.14 sys=0.00, real=0.04 secs] 
4048.075: [GC (Allocation Failure) [PSYoungGen: 410037K->181557K(465920K)] 1486174K->1313070K(1864192K), 0.0557728 secs] [Times: user=0.26 sys=0.00, real=0.06 secs] 
4048.283: [GC (Allocation Failure) [PSYoungGen: 414517K->186485K(465920K)] 1546030K->1373326K(1864192K), 0.0455168 secs] [Times: user=0.21 sys=0.00, real=0.05 secs] 
4049.265: [GC (Allocation Failure) [PSYoungGen: 419445K->130352K(465920K)] 1606286K->1387641K(1864192K), 0.0486037 secs] [Times: user=0.24 sys=0.00, real=0.05 secs] 
4050.432: [GC (Allocation Failure) [PSYoungGen: 363280K->138512K(465920K)] 1620570K->1437261K(1864192K), 0.1389803 secs] [Times: user=0.71 sys=0.00, real=0.14 secs] 
4050.724: [GC (Allocation Failure) [PSYoungGen: 371472K->178133K(465920K)] 1670221K->1521683K(1864192K), 0.0401079 secs] [Times: user=0.18 sys=0.00, real=0.04 secs] 
4050.764: [Full GC (Ergonomics) [PSYoungGen: 178133K->0K(465920K)] [ParOldGen: 1343550K->239994K(1398272K)] 1521683K->239994K(1864192K), [Metaspace: 60325K->60325K(1105920K)], 0.2917684 secs] [Times: user=1.34 sys=0.00, real=0.29 secs] 
4051.180: [GC (Allocation Failure) [PSYoungGen: 232960K->185783K(465920K)] 472954K->425777K(1864192K), 0.0911968 secs] [Times: user=0.48 sys=0.00, real=0.09 secs] 
4051.388: [GC (Allocation Failure) [PSYoungGen: 418743K->203221K(465920K)] 658737K->502080K(1864192K), 0.0585105 secs] [Times: user=0.29 sys=0.01, real=0.05 secs] 
4052.676: [GC (Allocation Failure) [PSYoungGen: 436181K->94523K(465920K)] 735040K->463998K(1864192K), 0.0820480 secs] [Times: user=0.44 sys=0.01, real=0.08 secs] 
4053.060: [GC (Allocation Failure) [PSYoungGen: 327483K->178069K(465920K)] 696958K->577881K(1864192K), 0.0327837 secs] [Times: user=0.13 sys=0.00, real=0.03 secs] 
4053.211: [GC (Allocation Failure) [PSYoungGen: 411029K->181557K(465920K)] 810841K->636957K(1864192K), 0.0425361 secs] [Times: user=0.19 sys=0.00, real=0.04 secs] 
4053.370: [GC (Allocation Failure) [PSYoungGen: 414517K->186613K(465920K)] 869917K->697396K(1864192K), 0.0446776 secs] [Times: user=0.21 sys=0.01, real=0.04 secs] 
4054.333: [GC (Allocation Failure) [PSYoungGen: 419573K->131408K(465920K)] 930356K->712616K(1864192K), 0.0481977 secs] [Times: user=0.24 sys=0.00, real=0.05 secs] 
4054.651: [GC (Allocation Failure) [PSYoungGen: 364368K->140561K(465920K)] 945576K->763544K(1864192K), 0.0626874 secs] [Times: user=0.32 sys=0.00, real=0.06 secs] 
4054.832: [GC (Allocation Failure) [PSYoungGen: 373521K->175956K(465920K)] 996504K->843860K(1864192K), 0.0383377 secs] [Times: user=0.17 sys=0.00, real=0.04 secs] 
4054.991: [GC (Allocation Failure) [PSYoungGen: 408916K->183414K(465920K)] 1076820K->912910K(1864192K), 0.0483972 secs] [Times: user=0.22 sys=0.00, real=0.05 secs] 
4055.330: [GC (Allocation Failure) [PSYoungGen: 416374K->186069K(465920K)] 1145870K->973733K(1864192K), 0.0585564 secs] [Times: user=0.29 sys=0.00, real=0.06 secs] 
4056.581: [GC (Allocation Failure) [PSYoungGen: 419029K->90074K(465920K)] 1206693K->947898K(1864192K), 0.0622540 secs] [Times: user=0.33 sys=0.00, real=0.06 secs] 
4057.404: [GC (Allocation Failure) [PSYoungGen: 323034K->173813K(465920K)] 1180858K->1060273K(1864192K), 0.0463307 secs] [Times: user=0.21 sys=0.00, real=0.05 secs] 
4057.591: [GC (Allocation Failure) [PSYoungGen: 406773K->185142K(465920K)] 1293233K->1126371K(1864192K), 0.0467437 secs] [Times: user=0.21 sys=0.00, real=0.05 secs] 
4057.751: [GC (Allocation Failure) [PSYoungGen: 418102K->187093K(465920K)] 1359331K->1184410K(1864192K), 0.0489036 secs] [Times: user=0.23 sys=0.00, real=0.05 secs] 
4058.739: [GC (Allocation Failure) [PSYoungGen: 420053K->139857K(465920K)] 1417370K->1207606K(1864192K), 0.0529419 secs] [Times: user=0.27 sys=0.00, real=0.05 secs] 
4060.137: [GC (Allocation Failure) [PSYoungGen: 372817K->128111K(465920K)] 1440566K->1240160K(1864192K), 0.1525342 secs] [Times: user=0.85 sys=0.01, real=0.16 secs] 
4060.452: [GC (Allocation Failure) [PSYoungGen: 361071K->178261K(465920K)] 1473120K->1331286K(1864192K), 0.0385193 secs] [Times: user=0.16 sys=0.01, real=0.04 secs] 
4060.615: [GC (Allocation Failure) [PSYoungGen: 411221K->185879K(465920K)] 1564246K->1401032K(1864192K), 0.0497647 secs] [Times: user=0.22 sys=0.00, real=0.05 secs] 
4060.806: [GC (Allocation Failure) [PSYoungGen: 418830K->186805K(465920K)] 1633984K->1460798K(1864192K), 0.0620462 secs] [Times: user=0.32 sys=0.00, real=0.07 secs] 
4061.842: [GC (Allocation Failure) [PSYoungGen: 419765K->91403K(465920K)] 1693758K->1435836K(1864192K), 0.0442222 secs] [Times: user=0.24 sys=0.00, real=0.04 secs] 
4061.886: [Full GC (Ergonomics) [PSYoungGen: 91403K->0K(465920K)] [ParOldGen: 1344433K->93379K(1398272K)] 1435836K->93379K(1864192K), [Metaspace: 60343K->60343K(1105920K)], 0.0605454 secs] [Times: user=0.22 sys=0.00, real=0.06 secs] 
4062.290: [GC (Allocation Failure) [PSYoungGen: 232960K->178037K(465920K)] 326339K->271416K(1864192K), 0.0327734 secs] [Times: user=0.12 sys=0.00, real=0.03 secs] 
4062.461: [GC (GCLocker Initiated GC) [PSYoungGen: 410997K->181205K(465920K)] 504376K->329960K(1864192K), 0.0417530 secs] [Times: user=0.18 sys=0.00, real=0.04 secs] 
4062.728: [GC (Allocation Failure) [PSYoungGen: 414165K->183476K(465920K)] 563087K->387302K(1864192K), 0.0584519 secs] [Times: user=0.28 sys=0.00, real=0.05 secs] 
4063.786: [GC (Allocation Failure) [PSYoungGen: 416436K->147666K(465920K)] 620262K->420620K(1864192K), 0.0495872 secs] [Times: user=0.24 sys=0.00, real=0.05 secs] 
4064.227: [GC (GCLocker Initiated GC) [PSYoungGen: 380626K->124302K(465920K)] 653580K->444088K(1864192K), 0.0967520 secs] [Times: user=0.53 sys=0.00, real=0.10 secs] 
4064.448: [GC (Allocation Failure) [PSYoungGen: 357262K->175540K(465920K)] 677051K->535186K(1864192K), 0.0370003 secs] [Times: user=0.15 sys=0.01, real=0.03 secs] 
4064.679: [GC (Allocation Failure) [PSYoungGen: 408500K->184695K(465920K)] 768146K->605769K(1864192K), 0.0699418 secs] [Times: user=0.34 sys=0.00, real=0.07 secs] 
4064.925: [GC (Allocation Failure) [PSYoungGen: 417655K->183668K(465920K)] 838729K->663266K(1864192K), 0.0811852 secs] [Times: user=0.42 sys=0.00, real=0.08 secs] 
4066.137: [GC (Allocation Failure) [PSYoungGen: 416628K->99308K(465920K)] 896226K->648289K(1864192K), 0.0747604 secs] [Times: user=0.41 sys=0.00, real=0.08 secs] 
4067.322: [GC (Allocation Failure) [PSYoungGen: 332268K->165299K(465920K)] 881249K->746470K(1864192K), 0.0506745 secs] [Times: user=0.23 sys=0.00, real=0.05 secs] 
4067.525: [GC (Allocation Failure) [PSYoungGen: 398259K->184630K(465920K)] 979430K->817796K(1864192K), 0.0432106 secs] [Times: user=0.19 sys=0.00, real=0.05 secs] 
4067.721: [GC (Allocation Failure) [PSYoungGen: 408547K->176918K(465920K)] 1041714K->874173K(1864192K), 0.0793035 secs] [Times: user=0.39 sys=0.00, real=0.08 secs] 
4068.731: [GC (Allocation Failure) [PSYoungGen: 409878K->168306K(459776K)] 1107133K->921785K(1858048K), 0.0571236 secs] [Times: user=0.29 sys=0.00, real=0.06 secs] 
4069.283: [GC (Allocation Failure) [PSYoungGen: 401266K->107116K(462848K)] 1154745K->924887K(1861120K), 0.0914145 secs] [Times: user=0.49 sys=0.01, real=0.09 secs] 
4069.586: [GC (Allocation Failure) [PSYoungGen: 340076K->186997K(465920K)] 1157847K->1039184K(1864192K), 0.0367481 secs] [Times: user=0.15 sys=0.00, real=0.04 secs] 
4069.782: [GC (Allocation Failure) [PSYoungGen: 419957K->182486K(465920K)] 1272144K->1097114K(1864192K), 0.0549198 secs] [Times: user=0.26 sys=0.00, real=0.05 secs] 
4070.082: [GC (Allocation Failure) [PSYoungGen: 415446K->182548K(465920K)] 1330074K->1154992K(1864192K), 0.0627468 secs] [Times: user=0.31 sys=0.00, real=0.06 secs] 
4071.344: [GC (Allocation Failure) [PSYoungGen: 415508K->98443K(465920K)] 1387952K->1139887K(1864192K), 0.0474722 secs] [Times: user=0.25 sys=0.00, real=0.05 secs] 
4071.698: [GC (Allocation Failure) [PSYoungGen: 331403K->173813K(465920K)] 1372847K->1247792K(1864192K), 0.0643472 secs] [Times: user=0.31 sys=0.00, real=0.06 secs] 
4071.960: [GC (Allocation Failure) [PSYoungGen: 406773K->184534K(465920K)] 1480752K->1312449K(1864192K), 0.0625794 secs] [Times: user=0.31 sys=0.00, real=0.06 secs] 
4072.170: [GC (Allocation Failure) [PSYoungGen: 417494K->182294K(465920K)] 1545409K->1374498K(1864192K), 0.0520869 secs] [Times: user=0.25 sys=0.00, real=0.05 secs] 
4073.094: [GC (Allocation Failure) [PSYoungGen: 415254K->212755K(465920K)] 1607458K->1462839K(1864192K), 0.0584285 secs] [Times: user=0.30 sys=0.00, real=0.06 secs] 
4074.043: [GC (Allocation Failure) [PSYoungGen: 445715K->95019K(465920K)] 1695799K->1410734K(1864192K), 0.0920386 secs] [Times: user=0.50 sys=0.00, real=0.09 secs] 
4074.135: [Full GC (Ergonomics) [PSYoungGen: 95019K->0K(465920K)] [ParOldGen: 1315715K->112650K(1398272K)] 1410734K->112650K(1864192K), [Metaspace: 60343K->60343K(1105920K)], 0.1681623 secs] [Times: user=0.74 sys=0.00, real=0.17 secs] 
4074.787: [GC (Allocation Failure) [PSYoungGen: 232960K->180342K(465920K)] 345610K->292992K(1864192K), 0.0249733 secs] [Times: user=0.08 sys=0.00, real=0.03 secs] 
4075.012: [GC (Allocation Failure) [PSYoungGen: 413302K->184694K(465920K)] 525952K->353640K(1864192K), 0.0626800 secs] [Times: user=0.30 sys=0.00, real=0.06 secs] 
4075.215: [GC (Allocation Failure) [PSYoungGen: 417654K->186645K(465920K)] 586600K->411519K(1864192K), 0.0448274 secs] [Times: user=0.20 sys=0.00, real=0.05 secs] 
4076.272: [GC (Allocation Failure) [PSYoungGen: 419605K->99980K(465920K)] 644479K->395190K(1864192K), 0.0437431 secs] [Times: user=0.23 sys=0.00, real=0.04 secs] 
4077.350: [GC (GCLocker Initiated GC) [PSYoungGen: 332940K->162003K(465920K)] 628151K->489671K(1864192K), 0.0764779 secs] [Times: user=0.38 sys=0.00, real=0.07 secs] 
4077.635: [GC (Allocation Failure) [PSYoungGen: 394963K->181269K(465920K)] 722797K->559779K(1864192K), 0.0538440 secs] [Times: user=0.25 sys=0.00, real=0.06 secs] 
4077.814: [GC (Allocation Failure) [PSYoungGen: 414229K->185399K(465920K)] 792739K->626773K(1864192K), 0.0493442 secs] [Times: user=0.23 sys=0.00, real=0.05 secs] 
4078.006: [GC (Allocation Failure) [PSYoungGen: 418359K->187029K(465920K)] 859733K->687379K(1864192K), 0.0685039 secs] [Times: user=0.36 sys=0.00, real=0.07 secs] 
4079.084: [GC (GCLocker Initiated GC) [PSYoungGen: 419989K->93851K(465920K)] 920340K->664714K(1864192K), 0.0541355 secs] [Times: user=0.28 sys=0.01, real=0.06 secs] 
4079.338: [GC (Allocation Failure) [PSYoungGen: 326811K->183030K(465920K)] 897840K->783964K(1864192K), 0.0349719 secs] [Times: user=0.14 sys=0.00, real=0.04 secs] 
4079.490: [GC (Allocation Failure) [PSYoungGen: 415990K->181333K(465920K)] 1016924K->839251K(1864192K), 0.0437998 secs] [Times: user=0.20 sys=0.00, real=0.04 secs] 
4079.671: [GC (Allocation Failure) [PSYoungGen: 414293K->185941K(465920K)] 1072211K->898835K(1864192K), 0.0530577 secs] [Times: user=0.26 sys=0.00, real=0.05 secs] 
4080.719: [GC (Allocation Failure) [PSYoungGen: 418901K->99516K(465920K)] 1131795K->882406K(1864192K), 0.0446790 secs] [Times: user=0.23 sys=0.00, real=0.04 secs] 
4081.263: [GC (Allocation Failure) [PSYoungGen: 332476K->167668K(465920K)] 1115366K->982831K(1864192K), 0.0817556 secs] [Times: user=0.41 sys=0.00, real=0.08 secs] 
4081.553: [GC (Allocation Failure) [PSYoungGen: 400628K->181909K(465920K)] 1215791K->1049708K(1864192K), 0.0491486 secs] [Times: user=0.23 sys=0.00, real=0.05 secs] 
4081.724: [GC (Allocation Failure) [PSYoungGen: 414869K->185975K(465920K)] 1282668K->1117434K(1864192K), 0.0503132 secs] [Times: user=0.23 sys=0.00, real=0.05 secs] 
4081.939: [GC (Allocation Failure) [PSYoungGen: 418935K->186261K(465920K)] 1350394K->1176944K(1864192K), 0.0807179 secs] [Times: user=0.42 sys=0.00, real=0.08 secs] 
4084.137: [GC (Allocation Failure) [PSYoungGen: 419221K->84185K(465920K)] 1409904K->1144989K(1864192K), 0.0996012 secs] [Times: user=0.55 sys=0.00, real=0.10 secs] 
4085.003: [GC (Allocation Failure) [PSYoungGen: 317145K->181078K(465920K)] 1377949K->1268817K(1864192K), 0.0451459 secs] [Times: user=0.19 sys=0.00, real=0.05 secs] 
4085.182: [GC (Allocation Failure) [PSYoungGen: 414038K->184694K(465920K)] 1501777K->1328929K(1864192K), 0.0447379 secs] [Times: user=0.20 sys=0.00, real=0.04 secs] 
4085.339: [GC (Allocation Failure) [PSYoungGen: 417654K->187061K(465920K)] 1561889K->1387480K(1864192K), 0.0464169 secs] [Times: user=0.21 sys=0.00, real=0.04 secs] 
4086.378: [GC (Allocation Failure) [PSYoungGen: 420021K->103516K(465920K)] 1620440K->1374504K(1864192K), 0.0457762 secs] [Times: user=0.24 sys=0.00, real=0.04 secs] 
4086.681: [GC (Allocation Failure) [PSYoungGen: 336476K->165620K(465920K)] 1607464K->1470891K(1864192K), 0.0745024 secs] [Times: user=0.37 sys=0.00, real=0.07 secs] 
4086.955: [GC (Allocation Failure) [PSYoungGen: 398580K->177557K(465920K)] 1703851K->1534124K(1864192K), 0.0433097 secs] [Times: user=0.19 sys=0.00, real=0.05 secs] 
4086.999: [Full GC (Ergonomics) [PSYoungGen: 177557K->0K(465920K)] [ParOldGen: 1356567K->248684K(1398272K)] 1534124K->248684K(1864192K), [Metaspace: 60343K->60343K(1105920K)], 0.3155306 secs] [Times: user=1.45 sys=0.01, real=0.31 secs] 
4087.437: [GC (Allocation Failure) [PSYoungGen: 232960K->184695K(465920K)] 481644K->433379K(1864192K), 0.0868806 secs] [Times: user=0.45 sys=0.00, real=0.09 secs] 
4087.640: [GC (Allocation Failure) [PSYoungGen: 417655K->186005K(465920K)] 666339K->493297K(1864192K), 0.0559645 secs] [Times: user=0.28 sys=0.00, real=0.05 secs] 
4088.889: [GC (Allocation Failure) [PSYoungGen: 418965K->90634K(465920K)] 726257K->468142K(1864192K), 0.0596324 secs] [Times: user=0.31 sys=0.01, real=0.06 secs] 
4089.200: [GC (Allocation Failure) [PSYoungGen: 323594K->179541K(465920K)] 701102K->586230K(1864192K), 0.0332656 secs] [Times: user=0.14 sys=0.00, real=0.03 secs] 
4089.354: [GC (Allocation Failure) [PSYoungGen: 412501K->184822K(465920K)] 819190K->647810K(1864192K), 0.0432251 secs] [Times: user=0.20 sys=0.00, real=0.04 secs] 
4089.572: [GC (Allocation Failure) [PSYoungGen: 417782K->183700K(465920K)] 880770K->702641K(1864192K), 0.0620294 secs] [Times: user=0.30 sys=0.00, real=0.06 secs] 
4090.594: [GC (Allocation Failure) [PSYoungGen: 416660K->111981K(465920K)] 935601K->700410K(1864192K), 0.0460117 secs] [Times: user=0.23 sys=0.01, real=0.05 secs] 
4091.781: [GC (Allocation Failure) [PSYoungGen: 344941K->151730K(465920K)] 933370K->776403K(1864192K), 0.0963789 secs] [Times: user=0.50 sys=0.00, real=0.09 secs] 
4092.094: [GC (Allocation Failure) [PSYoungGen: 384690K->184150K(465920K)] 1009363K->856891K(1864192K), 0.0431819 secs] [Times: user=0.19 sys=0.00, real=0.04 secs] 
4092.292: [GC (Allocation Failure) [PSYoungGen: 417110K->185879K(465920K)] 1089851K->922580K(1864192K), 0.0731439 secs] [Times: user=0.36 sys=0.01, real=0.07 secs] 
4092.553: [GC (Allocation Failure) [PSYoungGen: 418839K->186005K(465920K)] 1155540K->981646K(1864192K), 0.0774428 secs] [Times: user=0.39 sys=0.00, real=0.08 secs] 
4093.685: [GC (Allocation Failure) [PSYoungGen: 418965K->95051K(465920K)] 1214606K->960924K(1864192K), 0.0681577 secs] [Times: user=0.36 sys=0.01, real=0.07 secs] 
4094.089: [GC (GCLocker Initiated GC) [PSYoungGen: 328011K->176853K(465920K)] 1193884K->1073503K(1864192K), 0.0434185 secs] [Times: user=0.18 sys=0.00, real=0.04 secs] 
4094.254: [GC (Allocation Failure) [PSYoungGen: 409813K->184886K(465920K)] 1306466K->1136698K(1864192K), 0.0445249 secs] [Times: user=0.20 sys=0.00, real=0.05 secs] 
4094.412: [GC (Allocation Failure) [PSYoungGen: 417846K->183732K(465920K)] 1369658K->1191681K(1864192K), 0.0467354 secs] [Times: user=0.22 sys=0.01, real=0.05 secs] 
4095.646: [GC (Allocation Failure) [PSYoungGen: 416692K->116158K(465920K)] 1424641K->1193427K(1864192K), 0.0477371 secs] [Times: user=0.24 sys=0.00, real=0.05 secs] 
4096.019: [GC (Allocation Failure) [PSYoungGen: 349118K->154514K(465920K)] 1426387K->1269160K(1864192K), 0.0493825 secs] [Times: user=0.24 sys=0.00, real=0.05 secs] 
4096.189: [GC (Allocation Failure) [PSYoungGen: 387474K->184310K(465920K)] 1502120K->1347263K(1864192K), 0.0417228 secs] [Times: user=0.19 sys=0.00, real=0.04 secs] 
4096.381: [GC (Allocation Failure) [PSYoungGen: 417270K->185495K(465920K)] 1580223K->1412677K(1864192K), 0.0570819 secs] [Times: user=0.28 sys=0.00, real=0.05 secs] 
4096.562: [GC (Allocation Failure) [PSYoungGen: 418455K->183220K(465920K)] 1645637K->1469250K(1864192K), 0.0579443 secs] [Times: user=0.28 sys=0.01, real=0.06 secs] 
4097.951: [GC (Allocation Failure) [PSYoungGen: 416180K->88410K(465920K)] 1702210K->1443664K(1864192K), 0.1038344 secs] [Times: user=0.57 sys=0.00, real=0.10 secs] 
4098.055: [Full GC (Ergonomics) [PSYoungGen: 88410K->0K(465920K)] [ParOldGen: 1355253K->99106K(1398272K)] 1443664K->99106K(1864192K), [Metaspace: 60343K->60343K(1105920K)], 0.1414639 secs] [Times: user=0.60 sys=0.01, real=0.14 secs] 
4098.492: [GC (Allocation Failure) [PSYoungGen: 232960K->178517K(465920K)] 332066K->277623K(1864192K), 0.0241341 secs] [Times: user=0.08 sys=0.00, real=0.02 secs] 
4098.634: [GC (Allocation Failure) [PSYoungGen: 411477K->182037K(465920K)] 510583K->336908K(1864192K), 0.0423986 secs] [Times: user=0.19 sys=0.00, real=0.04 secs] 
4098.794: [GC (Allocation Failure) [PSYoungGen: 414997K->187029K(465920K)] 569868K->397363K(1864192K), 0.0447392 secs] [Times: user=0.21 sys=0.01, real=0.05 secs] 
4099.793: [GC (Allocation Failure) [PSYoungGen: 419989K->119502K(465920K)] 630323K->400253K(1864192K), 0.0461704 secs] [Times: user=0.24 sys=0.00, real=0.05 secs] 
4100.824: [GC (Allocation Failure) [PSYoungGen: 352462K->148561K(465920K)] 633213K->467136K(1864192K), 0.0888912 secs] [Times: user=0.47 sys=0.00, real=0.09 secs] 
4101.064: [GC (Allocation Failure) [PSYoungGen: 381521K->183893K(465920K)] 700096K->548957K(1864192K), 0.0397046 secs] [Times: user=0.17 sys=0.00, real=0.04 secs] 
4101.252: [GC (Allocation Failure) [PSYoungGen: 416853K->185303K(465920K)] 781917K->614502K(1864192K), 0.0549083 secs] [Times: user=0.26 sys=0.00, real=0.05 secs] 
4101.824: [GC (Allocation Failure) [PSYoungGen: 418263K->179220K(465920K)] 847462K->667115K(1864192K), 0.1282113 secs] [Times: user=0.64 sys=0.01, real=0.13 secs] 
4102.975: [GC (Allocation Failure) [PSYoungGen: 412180K->90042K(465920K)] 900075K->645786K(1864192K), 0.0524401 secs] [Times: user=0.28 sys=0.00, real=0.06 secs] 
4103.282: [GC (Allocation Failure) [PSYoungGen: 323002K->178229K(465920K)] 878746K->763257K(1864192K), 0.0326124 secs] [Times: user=0.13 sys=0.00, real=0.03 secs] 
4103.460: [GC (Allocation Failure) [PSYoungGen: 411189K->184406K(465920K)] 996217K->824925K(1864192K), 0.0542075 secs] [Times: user=0.26 sys=0.00, real=0.05 secs] 
4103.656: [GC (Allocation Failure) [PSYoungGen: 417366K->186965K(465920K)] 1057885K->883749K(1864192K), 0.0463608 secs] [Times: user=0.21 sys=0.00, real=0.05 secs] 
4104.632: [GC (Allocation Failure) [PSYoungGen: 419925K->126127K(465920K)] 1116709K->893327K(1864192K), 0.0478043 secs] [Times: user=0.24 sys=0.00, real=0.05 secs] 
4105.764: [GC (Allocation Failure) [PSYoungGen: 359087K->140624K(465920K)] 1126287K->948032K(1864192K), 0.1181098 secs] [Times: user=0.64 sys=0.00, real=0.12 secs] 
4106.085: [GC (Allocation Failure) [PSYoungGen: 373584K->175700K(465920K)] 1180992K->1028353K(1864192K), 0.0494114 secs] [Times: user=0.24 sys=0.00, real=0.05 secs] 
4106.327: [GC (Allocation Failure) [PSYoungGen: 408660K->185655K(465920K)] 1261313K->1099803K(1864192K), 0.0707599 secs] [Times: user=0.34 sys=0.01, real=0.07 secs] 
4106.521: [GC (Allocation Failure) [PSYoungGen: 418615K->186645K(465920K)] 1332763K->1159762K(1864192K), 0.0581046 secs] [Times: user=0.29 sys=0.00, real=0.06 secs] 
4107.902: [GC (Allocation Failure) [PSYoungGen: 419605K->88714K(465920K)] 1392722K->1132279K(1864192K), 0.0684545 secs] [Times: user=0.37 sys=0.00, real=0.07 secs] 
4108.831: [GC (Allocation Failure) [PSYoungGen: 321674K->174197K(465920K)] 1365239K->1246238K(1864192K), 0.0429291 secs] [Times: user=0.18 sys=0.00, real=0.04 secs] 
4109.088: [GC (Allocation Failure) [PSYoungGen: 407157K->183989K(465920K)] 1479198K->1310419K(1864192K), 0.0608905 secs] [Times: user=0.29 sys=0.00, real=0.06 secs] 
4109.307: [GC (Allocation Failure) [PSYoungGen: 416949K->187317K(465920K)] 1543379K->1369643K(1864192K), 0.0467320 secs] [Times: user=0.22 sys=0.00, real=0.05 secs] 
4110.271: [GC (Allocation Failure) [PSYoungGen: 420277K->139345K(465920K)] 1602603K->1392303K(1864192K), 0.0502750 secs] [Times: user=0.25 sys=0.00, real=0.05 secs] 
4110.615: [GC (Allocation Failure) [PSYoungGen: 372305K->136528K(465920K)] 1625263K->1433734K(1864192K), 0.0690305 secs] [Times: user=0.36 sys=0.00, real=0.07 secs] 
4110.829: [GC (Allocation Failure) [PSYoungGen: 369488K->173364K(465920K)] 1666694K->1514082K(1864192K), 0.0547720 secs] [Times: user=0.25 sys=0.00, real=0.05 secs] 
4110.884: [Full GC (Ergonomics) [PSYoungGen: 173364K->0K(465920K)] [ParOldGen: 1340718K->233887K(1398272K)] 1514082K->233887K(1864192K), [Metaspace: 60343K->60343K(1105920K)], 0.2888872 secs] [Times: user=1.33 sys=0.00, real=0.29 secs] 
4111.293: [GC (Allocation Failure) [PSYoungGen: 232960K->184535K(465920K)] 466847K->418422K(1864192K), 0.0853955 secs] [Times: user=0.44 sys=0.00, real=0.09 secs] 
4111.491: [GC (Allocation Failure) [PSYoungGen: 417495K->183860K(465920K)] 651382K->476284K(1864192K), 0.0587896 secs] [Times: user=0.28 sys=0.00, real=0.06 secs] 
4112.649: [GC (Allocation Failure) [PSYoungGen: 416820K->94859K(465920K)] 709244K->456747K(1864192K), 0.0627364 secs] [Times: user=0.33 sys=0.01, real=0.06 secs] 
4113.265: [GC (Allocation Failure) [PSYoungGen: 327819K->174485K(465920K)] 689707K->566765K(1864192K), 0.0430414 secs] [Times: user=0.18 sys=0.00, real=0.05 secs] 
4113.451: [GC (Allocation Failure) [PSYoungGen: 407445K->181941K(465920K)] 799725K->628606K(1864192K), 0.0422826 secs] [Times: user=0.19 sys=0.01, real=0.04 secs] 
4113.610: [GC (Allocation Failure) [PSYoungGen: 414901K->187093K(465920K)] 861566K->688982K(1864192K), 0.0449006 secs] [Times: user=0.20 sys=0.00, real=0.04 secs] 
4114.628: [GC (Allocation Failure) [PSYoungGen: 420053K->146546K(465920K)] 921942K->719027K(1864192K), 0.0500979 secs] [Times: user=0.25 sys=0.00, real=0.05 secs] 
4115.572: [GC (Allocation Failure) [PSYoungGen: 379506K->128191K(465920K)] 951987K->747200K(1864192K), 0.1546182 secs] [Times: user=0.86 sys=0.00, real=0.15 secs] 
4115.891: [GC (Allocation Failure) [PSYoungGen: 361151K->178389K(465920K)] 980160K->839310K(1864192K), 0.0377916 secs] [Times: user=0.16 sys=0.00, real=0.04 secs] 
4116.049: [GC (Allocation Failure) [PSYoungGen: 411349K->179670K(465920K)] 1072270K->902751K(1864192K), 0.0498013 secs] [Times: user=0.23 sys=0.00, real=0.05 secs] 
4116.248: [GC (Allocation Failure) [PSYoungGen: 412630K->186901K(465920K)] 1135711K->967622K(1864192K), 0.0834836 secs] [Times: user=0.43 sys=0.00, real=0.08 secs] 
4117.349: [GC (Allocation Failure) [PSYoungGen: 419861K->97291K(465920K)] 1200582K->948476K(1864192K), 0.0500224 secs] [Times: user=0.27 sys=0.00, real=0.05 secs] 
4117.690: [GC (Allocation Failure) [PSYoungGen: 330251K->177109K(465920K)] 1181436K->1060311K(1864192K), 0.0472683 secs] [Times: user=0.21 sys=0.01, real=0.04 secs] 
4117.908: [GC (Allocation Failure) [PSYoungGen: 410069K->183925K(465920K)] 1293271K->1122103K(1864192K), 0.0530216 secs] [Times: user=0.25 sys=0.00, real=0.06 secs] 
4118.103: [GC (Allocation Failure) [PSYoungGen: 416885K->186837K(465920K)] 1355063K->1180798K(1864192K), 0.0492627 secs] [Times: user=0.23 sys=0.00, real=0.05 secs] 
4119.279: [GC (Allocation Failure) [PSYoungGen: 419797K->143729K(465920K)] 1413758K->1208235K(1864192K), 0.0522488 secs] [Times: user=0.26 sys=0.00, real=0.05 secs] 
4119.825: [GC (Allocation Failure) [PSYoungGen: 376689K->122766K(465920K)] 1441195K->1232712K(1864192K), 0.1361831 secs] [Times: user=0.76 sys=0.00, real=0.14 secs] 
4120.152: [GC (GCLocker Initiated GC) [PSYoungGen: 355726K->177141K(465920K)] 1465673K->1326665K(1864192K), 0.0379824 secs] [Times: user=0.16 sys=0.00, real=0.04 secs] 
4120.311: [GC (Allocation Failure) [PSYoungGen: 410101K->185495K(465920K)] 1559625K->1396867K(1864192K), 0.0507189 secs] [Times: user=0.23 sys=0.00, real=0.05 secs] 
4120.473: [GC (Allocation Failure) [PSYoungGen: 418455K->186549K(465920K)] 1629827K->1456930K(1864192K), 0.0609819 secs] [Times: user=0.30 sys=0.00, real=0.06 secs] 
4121.806: [GC (GCLocker Initiated GC) [PSYoungGen: 419509K->89466K(465920K)] 1689890K->1430119K(1864192K), 0.0886930 secs] [Times: user=0.48 sys=0.00, real=0.09 secs] 
4121.895: [Full GC (Ergonomics) [PSYoungGen: 89466K->0K(465920K)] [ParOldGen: 1340652K->89314K(1398272K)] 1430119K->89314K(1864192K), [Metaspace: 60343K->60343K(1105920K)], 0.0757446 secs] [Times: user=0.27 sys=0.00, real=0.08 secs] 
4122.686: [GC (Allocation Failure) [PSYoungGen: 232960K->171124K(465920K)] 322405K->260570K(1864192K), 0.0328394 secs] [Times: user=0.12 sys=0.00, real=0.04 secs] 
4122.868: [GC (Allocation Failure) [PSYoungGen: 404084K->184822K(465920K)] 493530K->328251K(1864192K), 0.0422393 secs] [Times: user=0.19 sys=0.00, real=0.04 secs] 
4123.026: [GC (Allocation Failure) [PSYoungGen: 404140K->174229K(465920K)] 547570K->381883K(1864192K), 0.0478320 secs] [Times: user=0.22 sys=0.00, real=0.05 secs] 
4123.847: [GC (Allocation Failure) [PSYoungGen: 403433K->206675K(465920K)] 611086K->469708K(1864192K), 0.0520704 secs] [Times: user=0.25 sys=0.00, real=0.06 secs] 
4124.435: [GC (Allocation Failure) [PSYoungGen: 439635K->100668K(465920K)] 702668K->428381K(1864192K), 0.0690542 secs] [Times: user=0.37 sys=0.00, real=0.07 secs] 
4124.703: [GC (Allocation Failure) [PSYoungGen: 333628K->181270K(465920K)] 661341K->541464K(1864192K), 0.0346252 secs] [Times: user=0.15 sys=0.00, real=0.03 secs] 
4124.995: [GC (Allocation Failure) [PSYoungGen: 414230K->184502K(465920K)] 774424K->601000K(1864192K), 0.0640548 secs] [Times: user=0.30 sys=0.00, real=0.07 secs] 
4125.250: [GC (Allocation Failure) [PSYoungGen: 417462K->180948K(465920K)] 833960K->653174K(1864192K), 0.0525804 secs] [Times: user=0.25 sys=0.00, real=0.05 secs] 
4126.645: [GC (GCLocker Initiated GC) [PSYoungGen: 413908K->100588K(465920K)] 886136K->641239K(1864192K), 0.0441774 secs] [Times: user=0.22 sys=0.00, real=0.05 secs] 
4127.057: [GC (Allocation Failure) [PSYoungGen: 333548K->171316K(465920K)] 874364K->744985K(1864192K), 0.0647124 secs] [Times: user=0.30 sys=0.00, real=0.07 secs] 
4127.325: [GC (Allocation Failure) [PSYoungGen: 404276K->184470K(465920K)] 977945K->811638K(1864192K), 0.0531255 secs] [Times: user=0.26 sys=0.00, real=0.06 secs] 
4127.496: [GC (Allocation Failure) [PSYoungGen: 417430K->185815K(465920K)] 1044598K->877360K(1864192K), 0.0495928 secs] [Times: user=0.23 sys=0.00, real=0.05 secs] 
4128.012: [GC (Allocation Failure) [PSYoungGen: 418775K->215859K(465920K)] 1110320K->966420K(1864192K), 0.0536624 secs] [Times: user=0.27 sys=0.00, real=0.05 secs] 
4129.265: [GC (Allocation Failure) [PSYoungGen: 448819K->92747K(465920K)] 1199380K->909707K(1864192K), 0.0828648 secs] [Times: user=0.45 sys=0.00, real=0.08 secs] 
4129.622: [GC (Allocation Failure) [PSYoungGen: 325707K->183478K(465920K)] 1142667K->1030232K(1864192K), 0.0351496 secs] [Times: user=0.14 sys=0.00, real=0.03 secs] 
4129.773: [GC (Allocation Failure) [PSYoungGen: 416438K->184918K(465920K)] 1263192K->1088723K(1864192K), 0.0451054 secs] [Times: user=0.21 sys=0.00, real=0.05 secs] 
4129.954: [GC (Allocation Failure) [PSYoungGen: 417878K->184052K(465920K)] 1321683K->1143986K(1864192K), 0.0579801 secs] [Times: user=0.28 sys=0.00, real=0.06 secs] 
4131.244: [GC (Allocation Failure) [PSYoungGen: 417012K->99164K(465920K)] 1376946K->1128425K(1864192K), 0.1021134 secs] [Times: user=0.56 sys=0.00, real=0.10 secs] 
4132.395: [GC (Allocation Failure) [PSYoungGen: 332124K->168244K(465920K)] 1361385K->1229443K(1864192K), 0.0706822 secs] [Times: user=0.35 sys=0.00, real=0.07 secs] 
4132.613: [GC (Allocation Failure) [PSYoungGen: 401204K->184566K(465920K)] 1462403K->1298228K(1864192K), 0.0436772 secs] [Times: user=0.19 sys=0.00, real=0.04 secs] 
4132.820: [GC (Allocation Failure) [PSYoungGen: 417526K->182838K(465920K)] 1531188K->1360717K(1864192K), 0.0690642 secs] [Times: user=0.34 sys=0.00, real=0.07 secs] 
4133.122: [GC (Allocation Failure) [PSYoungGen: 415587K->201717K(465920K)] 1593466K->1437475K(1864192K), 0.0594539 secs] [Times: user=0.30 sys=0.00, real=0.06 secs] 
4134.165: [GC (Allocation Failure) [PSYoungGen: 434677K->88618K(465920K)] 1670435K->1394121K(1864192K), 0.0634348 secs] [Times: user=0.35 sys=0.00, real=0.07 secs] 
4134.527: [GC (Allocation Failure) [PSYoungGen: 321578K->182742K(465920K)] 1627081K->1516801K(1864192K), 0.0502357 secs] [Times: user=0.22 sys=0.00, real=0.05 secs] 
4134.577: [Full GC (Ergonomics) [PSYoungGen: 182742K->0K(465920K)] [ParOldGen: 1334059K->228432K(1398272K)] 1516801K->228432K(1864192K), [Metaspace: 60343K->60343K(1105920K)], 0.2776223 secs] [Times: user=1.28 sys=0.00, real=0.28 secs] 
4134.980: [GC (Allocation Failure) [PSYoungGen: 232960K->183989K(465920K)] 461392K->412422K(1864192K), 0.0269039 secs] [Times: user=0.10 sys=0.00, real=0.02 secs] 
4135.200: [GC (Allocation Failure) [PSYoungGen: 416926K->185749K(465920K)] 645358K->469917K(1864192K), 0.0452487 secs] [Times: user=0.21 sys=0.00, real=0.04 secs] 
4136.177: [GC (Allocation Failure) [PSYoungGen: 418709K->99116K(465920K)] 702877K->453308K(1864192K), 0.0442579 secs] [Times: user=0.22 sys=0.00, real=0.05 secs] 
4136.716: [GC (Allocation Failure) [PSYoungGen: 332076K->164851K(465920K)] 686268K->550777K(1864192K), 0.0784406 secs] [Times: user=0.39 sys=0.00, real=0.08 secs] 
4136.993: [GC (Allocation Failure) [PSYoungGen: 397811K->184246K(465920K)] 783737K->622095K(1864192K), 0.0433218 secs] [Times: user=0.19 sys=0.00, real=0.04 secs] 
4137.169: [GC (Allocation Failure) [PSYoungGen: 417206K->183286K(465920K)] 855055K->693256K(1864192K), 0.0489008 secs] [Times: user=0.23 sys=0.00, real=0.05 secs] 
4137.358: [GC (Allocation Failure) [PSYoungGen: 416246K->186805K(465920K)] 926216K->755198K(1864192K), 0.0652573 secs] [Times: user=0.33 sys=0.00, real=0.06 secs] 
4138.841: [GC (Allocation Failure) [PSYoungGen: 419765K->86698K(465920K)] 988158K->725627K(1864192K), 0.1065926 secs] [Times: user=0.58 sys=0.00, real=0.10 secs] 
4139.468: [GC (Allocation Failure) [PSYoungGen: 319658K->178933K(465920K)] 958587K->845711K(1864192K), 0.0426242 secs] [Times: user=0.18 sys=0.00, real=0.04 secs] 
4139.635: [GC (Allocation Failure) [PSYoungGen: 411893K->184502K(465920K)] 1078671K->907360K(1864192K), 0.0432414 secs] [Times: user=0.19 sys=0.00, real=0.05 secs] 
4139.794: [GC (Allocation Failure) [PSYoungGen: 417462K->186645K(465920K)] 1140320K->965263K(1864192K), 0.0452077 secs] [Times: user=0.21 sys=0.00, real=0.05 secs] 
4140.820: [GC (Allocation Failure) [PSYoungGen: 419605K->109117K(465920K)] 1198223K->958171K(1864192K), 0.0461881 secs] [Times: user=0.24 sys=0.00, real=0.04 secs] 
4141.253: [GC (GCLocker Initiated GC) [PSYoungGen: 342077K->161907K(465920K)] 1191131K->1047170K(1864192K), 0.0525545 secs] [Times: user=0.25 sys=0.01, real=0.05 secs] 
4141.425: [GC (Allocation Failure) [PSYoungGen: 394867K->192085K(465920K)] 1280168K->1127355K(1864192K), 0.0421355 secs] [Times: user=0.19 sys=0.00, real=0.04 secs] 
4141.622: [GC (GCLocker Initiated GC) [PSYoungGen: 425045K->184599K(465920K)] 1360315K->1183908K(1864192K), 0.0615565 secs] [Times: user=0.30 sys=0.00, real=0.06 secs] 
4142.185: [GC (GCLocker Initiated GC) [PSYoungGen: 417559K->181428K(465920K)] 1416870K->1239339K(1864192K), 0.0772445 secs] [Times: user=0.39 sys=0.00, real=0.08 secs] 
4143.301: [GC (Allocation Failure) [PSYoungGen: 414388K->89898K(465920K)] 1472302K->1216428K(1864192K), 0.0439542 secs] [Times: user=0.22 sys=0.00, real=0.04 secs] 
4143.765: [GC (Allocation Failure) [PSYoungGen: 322858K->182006K(465920K)] 1449388K->1336780K(1864192K), 0.0479790 secs] [Times: user=0.20 sys=0.00, real=0.05 secs] 
4143.946: [GC (Allocation Failure) [PSYoungGen: 414966K->184790K(465920K)] 1569740K->1396676K(1864192K), 0.0443501 secs] [Times: user=0.20 sys=0.00, real=0.05 secs] 
4144.103: [GC (Allocation Failure) [PSYoungGen: 417750K->203189K(465920K)] 1629636K->1470971K(1864192K), 0.0464359 secs] [Times: user=0.22 sys=0.00, real=0.05 secs] 
4145.139: [GC (Allocation Failure) [PSYoungGen: 436149K->105916K(465920K)] 1703931K->1444163K(1864192K), 0.0457094 secs] [Times: user=0.23 sys=0.00, real=0.04 secs] 
4145.185: [Full GC (Ergonomics) [PSYoungGen: 105916K->0K(465920K)] [ParOldGen: 1338246K->91646K(1398272K)] 1444163K->91646K(1864192K), [Metaspace: 60343K->60343K(1105920K)], 0.0348812 secs] [Times: user=0.11 sys=0.00, real=0.04 secs] 
4146.287: [GC (Allocation Failure) [PSYoungGen: 232960K->157587K(465920K)] 324606K->249234K(1864192K), 0.0378820 secs] [Times: user=0.15 sys=0.00, real=0.04 secs] 
4146.499: [GC (Allocation Failure) [PSYoungGen: 390547K->184502K(465920K)] 482194K->325549K(1864192K), 0.0405652 secs] [Times: user=0.18 sys=0.00, real=0.04 secs] 
4146.658: [GC (Allocation Failure) [PSYoungGen: 417462K->186007K(465920K)] 558509K->391142K(1864192K), 0.0490456 secs] [Times: user=0.23 sys=0.00, real=0.04 secs] 
4146.820: [GC (Allocation Failure) [PSYoungGen: 418967K->186645K(465920K)] 624102K->450844K(1864192K), 0.0545321 secs] [Times: user=0.27 sys=0.00, real=0.05 secs] 
4148.849: [GC (Allocation Failure) [PSYoungGen: 417801K->85994K(465920K)] 682000K->420577K(1864192K), 0.1211741 secs] [Times: user=0.67 sys=0.00, real=0.12 secs] 
4149.406: [GC (Allocation Failure) [PSYoungGen: 318954K->177941K(465920K)] 653537K->540773K(1864192K), 0.0414210 secs] [Times: user=0.17 sys=0.00, real=0.04 secs] 
4149.608: [GC (Allocation Failure) [PSYoungGen: 410901K->184534K(465920K)] 773733K->602441K(1864192K), 0.0489573 secs] [Times: user=0.23 sys=0.00, real=0.04 secs] 
4149.833: [GC (Allocation Failure) [PSYoungGen: 417494K->186709K(465920K)] 835401K->660904K(1864192K), 0.0475774 secs] [Times: user=0.23 sys=0.00, real=0.05 secs] 
4151.144: [GC (Allocation Failure) [PSYoungGen: 419669K->112973K(465920K)] 893864K->657513K(1864192K), 0.0471874 secs] [Times: user=0.25 sys=0.00, real=0.05 secs] 
4151.714: [GC (Allocation Failure) [PSYoungGen: 345933K->150450K(465920K)] 890473K->731150K(1864192K), 0.0932459 secs] [Times: user=0.48 sys=0.01, real=0.09 secs] 
4151.961: [GC (Allocation Failure) [PSYoungGen: 383410K->184021K(465920K)] 964110K->811781K(1864192K), 0.0406946 secs] [Times: user=0.18 sys=0.00, real=0.04 secs] 
4152.152: [GC (Allocation Failure) [PSYoungGen: 416981K->185911K(465920K)] 1044741K->877847K(1864192K), 0.0554054 secs] [Times: user=0.26 sys=0.00, real=0.05 secs] 
4152.346: [GC (Allocation Failure) [PSYoungGen: 418871K->183412K(465920K)] 1110807K->934316K(1864192K), 0.0632716 secs] [Times: user=0.32 sys=0.00, real=0.07 secs] 
4153.741: [GC (Allocation Failure) [PSYoungGen: 416372K->89290K(465920K)] 1167276K->909478K(1864192K), 0.0799525 secs] [Times: user=0.43 sys=0.00, real=0.08 secs] 
4154.429: [GC (Allocation Failure) [PSYoungGen: 322250K->177717K(465920K)] 1142438K->1027269K(1864192K), 0.0455314 secs] [Times: user=0.20 sys=0.00, real=0.04 secs] 
4154.608: [GC (Allocation Failure) [PSYoungGen: 410677K->181877K(465920K)] 1260229K->1086938K(1864192K), 0.0456036 secs] [Times: user=0.19 sys=0.00, real=0.04 secs] 
4154.819: [GC (Allocation Failure) [PSYoungGen: 414837K->186997K(465920K)] 1319898K->1147369K(1864192K), 0.0698138 secs] [Times: user=0.35 sys=0.00, real=0.07 secs] 
4155.859: [GC (Allocation Failure) [PSYoungGen: 419957K->123983K(465920K)] 1380329K->1155011K(1864192K), 0.0490391 secs] [Times: user=0.24 sys=0.00, real=0.05 secs] 
4157.176: [GC (Allocation Failure) [PSYoungGen: 356943K->141329K(465920K)] 1387971K->1211549K(1864192K), 0.1183612 secs] [Times: user=0.64 sys=0.00, real=0.12 secs] 
4157.518: [GC (Allocation Failure) [PSYoungGen: 374258K->177429K(465920K)] 1444478K->1292834K(1864192K), 0.0397115 secs] [Times: user=0.18 sys=0.00, real=0.03 secs] 
4157.680: [GC (Allocation Failure) [PSYoungGen: 410389K->185815K(465920K)] 1525794K->1363348K(1864192K), 0.0523034 secs] [Times: user=0.25 sys=0.00, real=0.05 secs] 
4157.846: [GC (Allocation Failure) [PSYoungGen: 418775K->186837K(465920K)] 1596308K->1423402K(1864192K), 0.0606439 secs] [Times: user=0.31 sys=0.00, real=0.06 secs] 
4158.886: [GC (Allocation Failure) [PSYoungGen: 419797K->94635K(465920K)] 1656362K->1401632K(1864192K), 0.0531861 secs] [Times: user=0.28 sys=0.00, real=0.06 secs] 
4159.217: [GC (Allocation Failure) [PSYoungGen: 327595K->178133K(465920K)] 1634592K->1516023K(1864192K), 0.0447152 secs] [Times: user=0.19 sys=0.01, real=0.05 secs] 
4159.262: [Full GC (Ergonomics) [PSYoungGen: 178133K->0K(465920K)] [ParOldGen: 1337889K->214385K(1398272K)] 1516023K->214385K(1864192K), [Metaspace: 60343K->60343K(1105920K)], 0.2351470 secs] [Times: user=1.07 sys=0.00, real=0.23 secs] 
4159.615: [GC (Allocation Failure) [PSYoungGen: 232960K->183861K(465920K)] 447345K->398247K(1864192K), 0.0269521 secs] [Times: user=0.10 sys=0.00, real=0.03 secs] 
4159.757: [GC (Allocation Failure) [PSYoungGen: 416821K->186613K(465920K)] 631207K->457346K(1864192K), 0.0448817 secs] [Times: user=0.21 sys=0.00, real=0.05 secs] 
4160.725: [GC (Allocation Failure) [PSYoungGen: 419573K->126927K(465920K)] 690306K->468029K(1864192K), 0.0474037 secs] [Times: user=0.24 sys=0.00, real=0.05 secs] 
4161.578: [GC (Allocation Failure) [PSYoungGen: 359887K->139056K(465920K)] 700989K->520322K(1864192K), 0.0995050 secs] [Times: user=0.54 sys=0.00, real=0.09 secs] 
4161.815: [GC (Allocation Failure) [PSYoungGen: 372016K->176244K(465920K)] 753282K->602047K(1864192K), 0.0386043 secs] [Times: user=0.17 sys=0.00, real=0.04 secs] 
4162.007: [GC (Allocation Failure) [PSYoungGen: 409204K->185783K(465920K)] 835007K->673385K(1864192K), 0.0716434 secs] [Times: user=0.35 sys=0.00, real=0.08 secs] 
4162.206: [GC (Allocation Failure) [PSYoungGen: 418743K->186389K(465920K)] 906345K->732839K(1864192K), 0.0558021 secs] [Times: user=0.27 sys=0.00, real=0.06 secs] 
4163.718: [GC (Allocation Failure) [PSYoungGen: 419349K->89658K(465920K)] 965799K->706493K(1864192K), 0.1081565 secs] [Times: user=0.59 sys=0.01, real=0.10 secs] 
4164.335: [GC (Allocation Failure) [PSYoungGen: 322618K->174453K(465920K)] 939453K->820175K(1864192K), 0.0399854 secs] [Times: user=0.16 sys=0.01, real=0.04 secs] 
4164.582: [GC (Allocation Failure) [PSYoungGen: 407413K->184598K(465920K)] 1053135K->885000K(1864192K), 0.0604516 secs] [Times: user=0.29 sys=0.00, real=0.06 secs] 
4164.779: [GC (Allocation Failure) [PSYoungGen: 417558K->186485K(465920K)] 1117960K->942968K(1864192K), 0.0454529 secs] [Times: user=0.21 sys=0.00, real=0.04 secs] 
4165.838: [GC (Allocation Failure) [PSYoungGen: 419445K->138257K(465920K)] 1175928K->965020K(1864192K), 0.0494582 secs] [Times: user=0.24 sys=0.00, real=0.05 secs] 
4166.291: [GC (Allocation Failure) [PSYoungGen: 371217K->133648K(465920K)] 1197980K->1004290K(1864192K), 0.1522602 secs] [Times: user=0.85 sys=0.00, real=0.15 secs] 
4166.616: [GC (Allocation Failure) [PSYoungGen: 366608K->178165K(465920K)] 1237250K->1091736K(1864192K), 0.0384859 secs] [Times: user=0.16 sys=0.00, real=0.04 secs] 
4166.803: [GC (Allocation Failure) [PSYoungGen: 411125K->184791K(465920K)] 1324696K->1160498K(1864192K), 0.0533808 secs] [Times: user=0.25 sys=0.00, real=0.05 secs] 
4166.971: [GC (Allocation Failure) [PSYoungGen: 417751K->186453K(465920K)] 1393458K->1220944K(1864192K), 0.0567198 secs] [Times: user=0.28 sys=0.00, real=0.05 secs] 
4168.007: [GC (Allocation Failure) [PSYoungGen: 419413K->93835K(465920K)] 1453904K->1198502K(1864192K), 0.0463855 secs] [Times: user=0.24 sys=0.00, real=0.05 secs] 
4168.453: [GC (Allocation Failure) [PSYoungGen: 326795K->174421K(465920K)] 1431462K->1309229K(1864192K), 0.0448761 secs] [Times: user=0.19 sys=0.00, real=0.04 secs] 
4168.637: [GC (Allocation Failure) [PSYoungGen: 407381K->181077K(465920K)] 1542189K->1370521K(1864192K), 0.0447610 secs] [Times: user=0.19 sys=0.00, real=0.05 secs] 
4168.799: [GC (Allocation Failure) [PSYoungGen: 414037K->187221K(465920K)] 1603481K->1431577K(1864192K), 0.0459809 secs] [Times: user=0.22 sys=0.00, real=0.04 secs] 
4169.872: [GC (Allocation Failure) [PSYoungGen: 420181K->142513K(465920K)] 1664537K->1457493K(1864192K), 0.0503715 secs] [Times: user=0.25 sys=0.00, real=0.05 secs] 
4169.922: [Full GC (Ergonomics) [PSYoungGen: 142513K->0K(465920K)] [ParOldGen: 1314980K->351442K(1398272K)] 1457493K->351442K(1864192K), [Metaspace: 60343K->60343K(1105920K)], 0.5916823 secs] [Times: user=2.59 sys=0.00, real=0.59 secs] 
4171.711: [GC (GCLocker Initiated GC) [PSYoungGen: 232960K->126703K(465920K)] 584402K->478145K(1864192K), 0.0413838 secs] [Times: user=0.16 sys=0.00, real=0.04 secs] 
4171.969: [GC (Allocation Failure) [PSYoungGen: 359663K->173556K(465920K)] 711272K->566046K(1864192K), 0.0367803 secs] [Times: user=0.16 sys=0.00, real=0.03 secs] 
4172.129: [GC (Allocation Failure) [PSYoungGen: 406516K->185623K(465920K)] 799006K->639264K(1864192K), 0.0482633 secs] [Times: user=0.22 sys=0.00, real=0.04 secs] 
4172.320: [GC (Allocation Failure) [PSYoungGen: 418583K->186485K(465920K)] 872224K->698927K(1864192K), 0.0725953 secs] [Times: user=0.37 sys=0.00, real=0.07 secs] 
4173.830: [GC (Allocation Failure) [PSYoungGen: 419445K->97483K(465920K)] 931887K->680389K(1864192K), 0.0694916 secs] [Times: user=0.37 sys=0.00, real=0.07 secs] 
4174.408: [GC (Allocation Failure) [PSYoungGen: 330443K->172852K(465920K)] 913349K->787395K(1864192K), 0.0484068 secs] [Times: user=0.21 sys=0.01, real=0.04 secs] 
4174.596: [GC (Allocation Failure) [PSYoungGen: 405812K->181589K(465920K)] 1020355K->850111K(1864192K), 0.0424631 secs] [Times: user=0.19 sys=0.00, real=0.05 secs] 
4174.789: [GC (Allocation Failure) [PSYoungGen: 401502K->169621K(465920K)] 1070024K->901231K(1864192K), 0.0741026 secs] [Times: user=0.37 sys=0.00, real=0.07 secs] 
4176.297: [GC (Allocation Failure) [PSYoungGen: 402581K->168787K(401920K)] 1134191K->954205K(1800192K), 0.0530757 secs] [Times: user=0.26 sys=0.00, real=0.06 secs] 
4176.770: [GC (Allocation Failure) [PSYoungGen: 401747K->105948K(458752K)] 1187165K->955846K(1857024K), 0.0841640 secs] [Times: user=0.45 sys=0.00, real=0.08 secs] 
4177.177: [GC (Allocation Failure) [PSYoungGen: 335324K->177301K(462336K)] 1185222K->1061376K(1860608K), 0.0414907 secs] [Times: user=0.19 sys=0.00, real=0.05 secs] 
4177.361: [GC (Allocation Failure) [PSYoungGen: 406677K->178965K(465408K)] 1290752K->1118148K(1863680K), 0.0653971 secs] [Times: user=0.32 sys=0.00, real=0.06 secs] 
4177.620: [GC (Allocation Failure) [PSYoungGen: 412437K->187189K(465920K)] 1351620K->1180772K(1864192K), 0.0635720 secs] [Times: user=0.31 sys=0.00, real=0.06 secs] 
4178.813: [GC (Allocation Failure) [PSYoungGen: 420661K->100508K(465920K)] 1414244K->1164567K(1864192K), 0.0549002 secs] [Times: user=0.29 sys=0.00, real=0.06 secs] 
4179.914: [GC (Allocation Failure) [PSYoungGen: 333468K->161843K(395264K)] 1397527K->1258075K(1793536K), 0.0650182 secs] [Times: user=0.31 sys=0.00, real=0.07 secs] 
4180.138: [GC (Allocation Failure) [PSYoungGen: 394803K->184758K(463872K)] 1491035K->1332386K(1862144K), 0.0426554 secs] [Times: user=0.19 sys=0.00, real=0.04 secs] 
4180.370: [GC (Allocation Failure) [PSYoungGen: 416694K->184855K(464896K)] 1564322K->1396643K(1863168K), 0.0744136 secs] [Times: user=0.37 sys=0.00, real=0.07 secs] 
4180.644: [GC (Allocation Failure) [PSYoungGen: 416791K->217461K(465920K)] 1628579K->1487961K(1864192K), 0.0646375 secs] [Times: user=0.32 sys=0.00, real=0.07 secs] 
4182.051: [GC (Allocation Failure) [PSYoungGen: 450421K->93259K(465920K)] 1720921K->1433435K(1864192K), 0.1098693 secs] [Times: user=0.61 sys=0.01, real=0.11 secs] 
4182.161: [Full GC (Ergonomics) [PSYoungGen: 93259K->0K(465920K)] [ParOldGen: 1340176K->110618K(1398272K)] 1433435K->110618K(1864192K), [Metaspace: 60345K->60345K(1105920K)], 0.1833501 secs] [Times: user=0.82 sys=0.00, real=0.18 secs] 
4182.621: [GC (Allocation Failure) [PSYoungGen: 232960K->175733K(465920K)] 343578K->286351K(1864192K), 0.0246272 secs] [Times: user=0.09 sys=0.01, real=0.02 secs] 
4182.764: [GC (GCLocker Initiated GC) [PSYoungGen: 408693K->180117K(465920K)] 519313K->345306K(1864192K), 0.0409295 secs] [Times: user=0.18 sys=0.00, real=0.04 secs] 
4182.967: [GC (GCLocker Initiated GC) [PSYoungGen: 413077K->184597K(465920K)] 578271K->404454K(1864192K), 0.0681621 secs] [Times: user=0.33 sys=0.00, real=0.07 secs] 
4184.622: [GC (Allocation Failure) [PSYoungGen: 417557K->107693K(465920K)] 637422K->397254K(1864192K), 0.0452204 secs] [Times: user=0.23 sys=0.00, real=0.04 secs] 
4185.018: [GC (Allocation Failure) [PSYoungGen: 340653K->161587K(465920K)] 630214K->486073K(1864192K), 0.0733130 secs] [Times: user=0.36 sys=0.00, real=0.07 secs] 
4185.245: [GC (Allocation Failure) [PSYoungGen: 394547K->184502K(465920K)] 719033K->560459K(1864192K), 0.0415703 secs] [Times: user=0.18 sys=0.00, real=0.04 secs] 
4185.410: [GC (Allocation Failure) [PSYoungGen: 417462K->185367K(465920K)] 793419K->625516K(1864192K), 0.0496924 secs] [Times: user=0.23 sys=0.00, real=0.05 secs] 
4185.611: [GC (Allocation Failure) [PSYoungGen: 418327K->185749K(465920K)] 858476K->684722K(1864192K), 0.0771471 secs] [Times: user=0.39 sys=0.00, real=0.07 secs] 
4188.240: [GC (Allocation Failure) [PSYoungGen: 418709K->84361K(465920K)] 917682K->653303K(1864192K), 0.0965514 secs] [Times: user=0.53 sys=0.00, real=0.09 secs] 
4188.876: [GC (Allocation Failure) [PSYoungGen: 317321K->178581K(465920K)] 886263K->774104K(1864192K), 0.0423210 secs] [Times: user=0.18 sys=0.00, real=0.05 secs] 
4189.046: [GC (Allocation Failure) [PSYoungGen: 411541K->184406K(465920K)] 1007064K->835500K(1864192K), 0.0437237 secs] [Times: user=0.20 sys=0.01, real=0.05 secs] 
4190.096: [GC (Allocation Failure) [PSYoungGen: 417366K->178100K(465920K)] 1068460K->884938K(1864192K), 0.1156059 secs] [Times: user=0.59 sys=0.00, real=0.12 secs] 
4191.902: [GC (Allocation Failure) [PSYoungGen: 411060K->117582K(465920K)] 1117898K->892005K(1864192K), 0.0462999 secs] [Times: user=0.23 sys=0.00, real=0.05 secs] 
4192.288: [GC (GCLocker Initiated GC) [PSYoungGen: 350542K->150530K(465920K)] 1124965K->962573K(1864192K), 0.1046456 secs] [Times: user=0.55 sys=0.00, real=0.11 secs] 
4192.609: [GC (Allocation Failure) [PSYoungGen: 383490K->183925K(465920K)] 1195536K->1042504K(1864192K), 0.0435216 secs] [Times: user=0.19 sys=0.00, real=0.04 secs] 
4192.795: [GC (Allocation Failure) [PSYoungGen: 416885K->185655K(465920K)] 1275464K->1108325K(1864192K), 0.0559327 secs] [Times: user=0.26 sys=0.00, real=0.06 secs] 
4193.036: [GC (Allocation Failure) [PSYoungGen: 418615K->186261K(465920K)] 1341285K->1167667K(1864192K), 0.0695114 secs] [Times: user=0.36 sys=0.00, real=0.07 secs] 
4194.210: [GC (Allocation Failure) [PSYoungGen: 419221K->86090K(465920K)] 1400627K->1137801K(1864192K), 0.0481249 secs] [Times: user=0.26 sys=0.00, real=0.05 secs] 
4194.693: [GC (Allocation Failure) [PSYoungGen: 319050K->177973K(465920K)] 1370761K->1257233K(1864192K), 0.0496547 secs] [Times: user=0.22 sys=0.00, real=0.05 secs] 
4194.887: [GC (Allocation Failure) [PSYoungGen: 410933K->185078K(465920K)] 1490193K->1319989K(1864192K), 0.0444133 secs] [Times: user=0.20 sys=0.00, real=0.05 secs] 
4195.044: [GC (Allocation Failure) [PSYoungGen: 418038K->187093K(465920K)] 1552949K->1378157K(1864192K), 0.0466221 secs] [Times: user=0.22 sys=0.00, real=0.05 secs] 
4196.081: [GC (Allocation Failure) [PSYoungGen: 420053K->120527K(465920K)] 1611117K->1382214K(1864192K), 0.0483100 secs] [Times: user=0.25 sys=0.00, real=0.05 secs] 
4197.770: [GC (Allocation Failure) [PSYoungGen: 350353K->141345K(465920K)] 1612040K->1441240K(1864192K), 0.1061199 secs] [Times: user=0.57 sys=0.01, real=0.10 secs] 
4198.075: [GC (Allocation Failure) [PSYoungGen: 374305K->175892K(465920K)] 1674200K->1520961K(1864192K), 0.0467650 secs] [Times: user=0.22 sys=0.00, real=0.05 secs] 
4198.122: [Full GC (Ergonomics) [PSYoungGen: 175892K->0K(465920K)] [ParOldGen: 1345068K->238126K(1398272K)] 1520961K->238126K(1864192K), [Metaspace: 60345K->60345K(1105920K)], 0.2924289 secs] [Times: user=1.34 sys=0.00, real=0.29 secs] 
4198.535: [GC (Allocation Failure) [PSYoungGen: 232960K->185399K(465920K)] 471086K->423525K(1864192K), 0.0840436 secs] [Times: user=0.44 sys=0.01, real=0.09 secs] 
4198.756: [GC (Allocation Failure) [PSYoungGen: 418359K->186709K(465920K)] 656485K->483739K(1864192K), 0.0575777 secs] [Times: user=0.28 sys=0.00, real=0.06 secs] 
4199.761: [GC (Allocation Failure) [PSYoungGen: 419669K->90522K(465920K)] 716699K->458009K(1864192K), 0.0421421 secs] [Times: user=0.22 sys=0.00, real=0.04 secs] 
4200.116: [GC (Allocation Failure) [PSYoungGen: 323482K->178229K(465920K)] 690969K->575296K(1864192K), 0.0476034 secs] [Times: user=0.21 sys=0.00, real=0.05 secs] 
4200.344: [GC (Allocation Failure) [PSYoungGen: 411189K->184406K(465920K)] 808256K->636824K(1864192K), 0.0432775 secs] [Times: user=0.19 sys=0.00, real=0.04 secs] 
4200.753: [GC (Allocation Failure) [PSYoungGen: 417366K->186549K(465920K)] 869784K->694919K(1864192K), 0.0623737 secs] [Times: user=0.30 sys=0.00, real=0.06 secs] 
4201.748: [GC (Allocation Failure) [PSYoungGen: 419509K->131856K(465920K)] 927879K->710531K(1864192K), 0.0482469 secs] [Times: user=0.24 sys=0.00, real=0.05 secs] 
4202.396: [GC (Allocation Failure) [PSYoungGen: 364816K->134880K(465920K)] 943491K->755514K(1864192K), 0.1018545 secs] [Times: user=0.55 sys=0.00, real=0.10 secs] 
4202.646: [GC (Allocation Failure) [PSYoungGen: 367840K->178133K(465920K)] 988474K->841808K(1864192K), 0.0385805 secs] [Times: user=0.17 sys=0.00, real=0.04 secs] 
4202.833: [GC (Allocation Failure) [PSYoungGen: 411093K->185943K(465920K)] 1074768K->912090K(1864192K), 0.0542978 secs] [Times: user=0.26 sys=0.00, real=0.05 secs] 
4203.022: [GC (Allocation Failure) [PSYoungGen: 418903K->203061K(465920K)] 1145050K->987984K(1864192K), 0.0581194 secs] [Times: user=0.29 sys=0.01, real=0.06 secs] 
4204.525: [GC (Allocation Failure) [PSYoungGen: 436021K->87642K(465920K)] 1220944K->943181K(1864192K), 0.1073999 secs] [Times: user=0.59 sys=0.01, real=0.11 secs] 
4205.334: [GC (Allocation Failure) [PSYoungGen: 320602K->176277K(465920K)] 1176141K->1059781K(1864192K), 0.0419779 secs] [Times: user=0.18 sys=0.00, real=0.04 secs] 
4205.569: [GC (Allocation Failure) [PSYoungGen: 409237K->184726K(465920K)] 1292741K->1123465K(1864192K), 0.0586430 secs] [Times: user=0.27 sys=0.00, real=0.05 secs] 
4205.749: [GC (Allocation Failure) [PSYoungGen: 417686K->184436K(465920K)] 1356425K->1179272K(1864192K), 0.0461767 secs] [Times: user=0.21 sys=0.00, real=0.04 secs] 
4206.918: [GC (Allocation Failure) [PSYoungGen: 417396K->144305K(465920K)] 1412232K->1208801K(1864192K), 0.0506971 secs] [Times: user=0.25 sys=0.00, real=0.05 secs] 
4207.337: [GC (Allocation Failure) [PSYoungGen: 377265K->127599K(465920K)] 1441761K->1237863K(1864192K), 0.1425139 secs] [Times: user=0.80 sys=0.00, real=0.15 secs] 
4207.885: [GC (GCLocker Initiated GC) [PSYoungGen: 360559K->177365K(465920K)] 1470824K->1328649K(1864192K), 0.0498074 secs] [Times: user=0.23 sys=0.00, real=0.05 secs] 
4208.300: [GC (GCLocker Initiated GC) [PSYoungGen: 410325K->184599K(465920K)] 1561613K->1397783K(1864192K), 0.0562013 secs] [Times: user=0.26 sys=0.00, real=0.05 secs] 
4208.549: [GC (Allocation Failure) [PSYoungGen: 417559K->186133K(465920K)] 1630910K->1457908K(1864192K), 0.0633760 secs] [Times: user=0.32 sys=0.00, real=0.06 secs] 
4209.640: [GC (Allocation Failure) [PSYoungGen: 419093K->91162K(465920K)] 1690868K->1433042K(1864192K), 0.0455274 secs] [Times: user=0.24 sys=0.00, real=0.04 secs] 
4209.685: [Full GC (Ergonomics) [PSYoungGen: 91162K->0K(465920K)] [ParOldGen: 1341879K->92705K(1398272K)] 1433042K->92705K(1864192K), [Metaspace: 60345K->60345K(1105920K)], 0.0561936 secs] [Times: user=0.20 sys=0.00, real=0.06 secs] 
4210.368: [GC (Allocation Failure) [PSYoungGen: 232960K->176757K(465920K)] 325665K->269462K(1864192K), 0.0332194 secs] [Times: user=0.12 sys=0.00, real=0.03 secs] 
4210.599: [GC (Allocation Failure) [PSYoungGen: 409717K->184790K(465920K)] 502422K->331475K(1864192K), 0.0582315 secs] [Times: user=0.28 sys=0.00, real=0.05 secs] 
4210.824: [GC (Allocation Failure) [PSYoungGen: 417750K->187541K(465920K)] 564435K->390147K(1864192K), 0.0597021 secs] [Times: user=0.29 sys=0.00, real=0.06 secs] 
4211.775: [GC (Allocation Failure) [PSYoungGen: 420501K->149042K(465920K)] 623107K->422216K(1864192K), 0.0498978 secs] [Times: user=0.24 sys=0.00, real=0.05 secs] 
4213.794: [GC (Allocation Failure) [PSYoungGen: 382002K->113517K(465920K)] 655176K->433955K(1864192K), 0.1482915 secs] [Times: user=0.84 sys=0.00, real=0.15 secs] 
4214.181: [GC (Allocation Failure) [PSYoungGen: 346477K->176020K(465920K)] 666915K->532707K(1864192K), 0.0361896 secs] [Times: user=0.15 sys=0.00, real=0.03 secs] 
4214.390: [GC (Allocation Failure) [PSYoungGen: 408980K->185207K(465920K)] 765667K->603725K(1864192K), 0.0768808 secs] [Times: user=0.38 sys=0.00, real=0.07 secs] 
4214.601: [GC (Allocation Failure) [PSYoungGen: 418167K->186741K(465920K)] 836685K->664116K(1864192K), 0.0586182 secs] [Times: user=0.28 sys=0.00, real=0.06 secs] 
4215.659: [GC (Allocation Failure) [PSYoungGen: 419701K->97515K(465920K)] 897076K->645262K(1864192K), 0.0460534 secs] [Times: user=0.24 sys=0.00, real=0.04 secs] 
4216.108: [GC (Allocation Failure) [PSYoungGen: 330475K->171284K(465920K)] 878222K->751163K(1864192K), 0.0540788 secs] [Times: user=0.25 sys=0.00, real=0.06 secs] 
4216.365: [GC (Allocation Failure) [PSYoungGen: 404244K->183733K(465920K)] 984123K->816892K(1864192K), 0.0535733 secs] [Times: user=0.25 sys=0.00, real=0.06 secs] 
4216.534: [GC (Allocation Failure) [PSYoungGen: 407707K->177686K(465920K)] 1040866K->875145K(1864192K), 0.0499014 secs] [Times: user=0.24 sys=0.00, real=0.05 secs] 
4217.388: [GC (Allocation Failure) [PSYoungGen: 407521K->206003K(465920K)] 1104980K->959998K(1864192K), 0.0541282 secs] [Times: user=0.27 sys=0.00, real=0.06 secs] 
4217.993: [GC (Allocation Failure) [PSYoungGen: 438963K->97947K(465920K)] 1192958K->916694K(1864192K), 0.0882346 secs] [Times: user=0.47 sys=0.01, real=0.09 secs] 
4218.711: [GC (Allocation Failure) [PSYoungGen: 330907K->179093K(465920K)] 1149654K->1029065K(1864192K), 0.0427227 secs] [Times: user=0.19 sys=0.00, real=0.04 secs] 
4218.899: [GC (Allocation Failure) [PSYoungGen: 412053K->184822K(465920K)] 1262025K->1090446K(1864192K), 0.0555815 secs] [Times: user=0.27 sys=0.00, real=0.05 secs] 
4219.092: [GC (Allocation Failure) [PSYoungGen: 417782K->184148K(465920K)] 1323406K->1145869K(1864192K), 0.0469108 secs] [Times: user=0.22 sys=0.00, real=0.05 secs] 
4220.160: [GC (Allocation Failure) [PSYoungGen: 417108K->97739K(465920K)] 1378829K->1128832K(1864192K), 0.0475298 secs] [Times: user=0.25 sys=0.00, real=0.05 secs] 
4221.229: [GC (Allocation Failure) [PSYoungGen: 330699K->165780K(465920K)] 1361792K->1228924K(1864192K), 0.0717040 secs] [Times: user=0.36 sys=0.00, real=0.07 secs] 
4221.503: [GC (Allocation Failure) [PSYoungGen: 398740K->184214K(465920K)] 1461884K->1299050K(1864192K), 0.0577295 secs] [Times: user=0.27 sys=0.01, real=0.06 secs] 
4221.742: [GC (Allocation Failure) [PSYoungGen: 417174K->183094K(465920K)] 1532010K->1361987K(1864192K), 0.0620137 secs] [Times: user=0.30 sys=0.00, real=0.06 secs] 
4221.950: [GC (Allocation Failure) [PSYoungGen: 416054K->186613K(465920K)] 1594947K->1424081K(1864192K), 0.0745847 secs] [Times: user=0.38 sys=0.00, real=0.07 secs] 
4223.204: [GC (GCLocker Initiated GC) [PSYoungGen: 419573K->89450K(465920K)] 1657041K->1397279K(1864192K), 0.0832330 secs] [Times: user=0.46 sys=0.00, real=0.08 secs] 
4223.604: [GC (Allocation Failure) [PSYoungGen: 322410K->182166K(465920K)] 1630241K->1518820K(1864192K), 0.0396117 secs] [Times: user=0.17 sys=0.00, real=0.04 secs] 
4223.644: [Full GC (Ergonomics) [PSYoungGen: 182166K->0K(465920K)] [ParOldGen: 1336654K->227436K(1398272K)] 1518820K->227436K(1864192K), [Metaspace: 60345K->60345K(1105920K)], 0.2543735 secs] [Times: user=1.15 sys=0.00, real=0.26 secs] 
4224.027: [GC (Allocation Failure) [PSYoungGen: 232960K->184566K(465920K)] 460396K->412002K(1864192K), 0.0266247 secs] [Times: user=0.10 sys=0.00, real=0.03 secs] 
4224.245: [GC (Allocation Failure) [PSYoungGen: 417526K->182452K(465920K)] 644962K->465753K(1864192K), 0.0611019 secs] [Times: user=0.29 sys=0.01, real=0.06 secs] 
4225.416: [GC (Allocation Failure) [PSYoungGen: 415412K->101772K(465920K)] 698713K->454000K(1864192K), 0.0441215 secs] [Times: user=0.22 sys=0.00, real=0.05 secs] 
4225.818: [GC (Allocation Failure) [PSYoungGen: 334732K->165908K(465920K)] 686960K->550989K(1864192K), 0.0845075 secs] [Times: user=0.42 sys=0.00, real=0.08 secs] 
4226.130: [GC (Allocation Failure) [PSYoungGen: 398868K->184246K(465920K)] 783949K->621087K(1864192K), 0.0434636 secs] [Times: user=0.20 sys=0.00, real=0.04 secs] 
4226.292: [GC (Allocation Failure) [PSYoungGen: 417206K->185751K(465920K)] 854047K->686772K(1864192K), 0.0497516 secs] [Times: user=0.23 sys=0.00, real=0.05 secs] 
4226.454: [GC (Allocation Failure) [PSYoungGen: 418711K->186837K(465920K)] 919732K->746794K(1864192K), 0.0548160 secs] [Times: user=0.27 sys=0.00, real=0.06 secs] 
4228.272: [GC (Allocation Failure) [PSYoungGen: 419797K->81097K(465920K)] 979754K->711554K(1864192K), 0.1067154 secs] [Times: user=0.59 sys=0.00, real=0.11 secs] 
4228.809: [GC (Allocation Failure) [PSYoungGen: 314057K->180470K(465920K)] 944514K->837144K(1864192K), 0.0419135 secs] [Times: user=0.18 sys=0.00, real=0.04 secs] 
4228.974: [GC (Allocation Failure) [PSYoungGen: 413430K->184758K(465920K)] 1070104K->897712K(1864192K), 0.0432349 secs] [Times: user=0.19 sys=0.00, real=0.04 secs] 
4229.134: [GC (Allocation Failure) [PSYoungGen: 417718K->186837K(465920K)] 1130672K->955655K(1864192K), 0.0452320 secs] [Times: user=0.21 sys=0.00, real=0.05 secs] 
4230.236: [GC (Allocation Failure) [PSYoungGen: 419797K->105692K(465920K)] 1188615K->945019K(1864192K), 0.0453029 secs] [Times: user=0.23 sys=0.00, real=0.05 secs] 
4230.858: [GC (Allocation Failure) [PSYoungGen: 338652K->161971K(465920K)] 1177979K->1036110K(1864192K), 0.0698505 secs] [Times: user=0.35 sys=0.00, real=0.07 secs] 
4231.064: [GC (Allocation Failure) [PSYoungGen: 394931K->188341K(465920K)] 1269070K->1112656K(1864192K), 0.0420903 secs] [Times: user=0.18 sys=0.01, real=0.04 secs] 
4231.331: [GC (GCLocker Initiated GC) [PSYoungGen: 421301K->183927K(465920K)] 1345616K->1170953K(1864192K), 0.0507786 secs] [Times: user=0.23 sys=0.00, real=0.05 secs] 
4231.676: [GC (Allocation Failure) [PSYoungGen: 416887K->202805K(465920K)] 1404044K->1248138K(1864192K), 0.0621388 secs] [Times: user=0.31 sys=0.00, real=0.06 secs] 
4232.815: [GC (GCLocker Initiated GC) [PSYoungGen: 435765K->93963K(465920K)] 1481099K->1209384K(1864192K), 0.0599027 secs] [Times: user=0.32 sys=0.00, real=0.06 secs] 
4233.089: [GC (Allocation Failure) [PSYoungGen: 326923K->179413K(465920K)] 1442639K->1325522K(1864192K), 0.0345741 secs] [Times: user=0.14 sys=0.00, real=0.03 secs] 
4233.282: [GC (Allocation Failure) [PSYoungGen: 412373K->181173K(465920K)] 1558482K->1382934K(1864192K), 0.0527866 secs] [Times: user=0.25 sys=0.00, real=0.05 secs] 
4233.479: [GC (Allocation Failure) [PSYoungGen: 414133K->186517K(465920K)] 1615894K->1443430K(1864192K), 0.0603233 secs] [Times: user=0.29 sys=0.01, real=0.06 secs] 
4234.519: [GC (Allocation Failure) [PSYoungGen: 419477K->109949K(465920K)] 1676390K->1437150K(1864192K), 0.0464993 secs] [Times: user=0.24 sys=0.00, real=0.04 secs] 
4234.566: [Full GC (Ergonomics) [PSYoungGen: 109949K->0K(465920K)] [ParOldGen: 1327200K->93580K(1398272K)] 1437150K->93580K(1864192K), [Metaspace: 60345K->60345K(1105920K)], 0.0340016 secs] [Times: user=0.10 sys=0.00, real=0.04 secs] 
4235.149: [GC (Allocation Failure) [PSYoungGen: 232960K->160723K(465920K)] 326540K->254304K(1864192K), 0.0510696 secs] [Times: user=0.18 sys=0.00, real=0.05 secs] 
4235.399: [GC (Allocation Failure) [PSYoungGen: 393683K->181685K(465920K)] 487264K->325718K(1864192K), 0.0403554 secs] [Times: user=0.18 sys=0.00, real=0.04 secs] 
4235.563: [GC (Allocation Failure) [PSYoungGen: 414645K->185975K(465920K)] 558678K->393584K(1864192K), 0.0487681 secs] [Times: user=0.23 sys=0.00, real=0.05 secs] 
4235.787: [GC (Allocation Failure) [PSYoungGen: 418935K->186421K(465920K)] 626544K->453046K(1864192K), 0.0792535 secs] [Times: user=0.40 sys=0.00, real=0.08 secs] 
4237.491: [GC (Allocation Failure) [PSYoungGen: 419381K->87466K(465920K)] 686006K->424483K(1864192K), 0.1006588 secs] [Times: user=0.55 sys=0.00, real=0.10 secs] 
4238.039: [GC (Allocation Failure) [PSYoungGen: 320426K->181046K(465920K)] 657443K->546071K(1864192K), 0.0421894 secs] [Times: user=0.17 sys=0.00, real=0.04 secs] 
4238.204: [GC (Allocation Failure) [PSYoungGen: 414006K->182005K(465920K)] 779031K->603307K(1864192K), 0.0430612 secs] [Times: user=0.20 sys=0.00, real=0.04 secs] 
4238.364: [GC (Allocation Failure) [PSYoungGen: 414965K->186837K(465920K)] 836267K->663611K(1864192K), 0.0451474 secs] [Times: user=0.20 sys=0.00, real=0.05 secs] 
4239.480: [GC (Allocation Failure) [PSYoungGen: 419797K->111485K(465920K)] 896571K->658831K(1864192K), 0.0456868 secs] [Times: user=0.23 sys=0.00, real=0.04 secs] 
4239.830: [GC (Allocation Failure) [PSYoungGen: 344445K->154130K(465920K)] 891791K->737969K(1864192K), 0.0947513 secs] [Times: user=0.49 sys=0.00, real=0.09 secs] 
4240.142: [GC (Allocation Failure) [PSYoungGen: 387090K->182613K(465920K)] 970929K->814028K(1864192K), 0.0450728 secs] [Times: user=0.20 sys=0.00, real=0.04 secs] 
4240.446: [GC (Allocation Failure) [PSYoungGen: 415573K->182806K(465920K)] 1046988K->877629K(1864192K), 0.0751026 secs] [Times: user=0.37 sys=0.00, real=0.08 secs] 
4240.692: [GC (Allocation Failure) [PSYoungGen: 415766K->186357K(465920K)] 1110589K->939020K(1864192K), 0.0562255 secs] [Times: user=0.27 sys=0.01, real=0.06 secs] 
4241.908: [GC (Allocation Failure) [PSYoungGen: 419317K->86490K(465920K)] 1171980K->909425K(1864192K), 0.0904788 secs] [Times: user=0.49 sys=0.00, real=0.10 secs] 
4242.512: [GC (Allocation Failure) [PSYoungGen: 319450K->177717K(465920K)] 1142385K->1028880K(1864192K), 0.0425238 secs] [Times: user=0.18 sys=0.00, real=0.04 secs] 
4242.680: [GC (Allocation Failure) [PSYoungGen: 410677K->184213K(465920K)] 1261840K->1090577K(1864192K), 0.0458403 secs] [Times: user=0.21 sys=0.00, real=0.04 secs] 
4242.866: [GC (Allocation Failure) [PSYoungGen: 417173K->186869K(465920K)] 1323537K->1149104K(1864192K), 0.0529645 secs] [Times: user=0.25 sys=0.00, real=0.06 secs] 
4243.870: [GC (Allocation Failure) [PSYoungGen: 419829K->120878K(465920K)] 1382064K->1153666K(1864192K), 0.0496980 secs] [Times: user=0.25 sys=0.00, real=0.05 secs] 
4245.326: [GC (Allocation Failure) [PSYoungGen: 351005K->141009K(465920K)] 1383792K->1212401K(1864192K), 0.1254273 secs] [Times: user=0.60 sys=0.00, real=0.13 secs] 
4245.667: [GC (Allocation Failure) [PSYoungGen: 373969K->175956K(465920K)] 1445361K->1292057K(1864192K), 0.0425985 secs] [Times: user=0.19 sys=0.01, real=0.05 secs] 
4245.830: [GC (Allocation Failure) [PSYoungGen: 408916K->185943K(465920K)] 1525017K->1363755K(1864192K), 0.0497804 secs] [Times: user=0.24 sys=0.00, real=0.05 secs] 
4245.995: [GC (Allocation Failure) [PSYoungGen: 418903K->186741K(465920K)] 1596715K->1423537K(1864192K), 0.0587869 secs] [Times: user=0.29 sys=0.00, real=0.06 secs] 
4247.119: [GC (Allocation Failure) [PSYoungGen: 419701K->93931K(465920K)] 1656497K->1401131K(1864192K), 0.0723953 secs] [Times: user=0.39 sys=0.00, real=0.07 secs] 
4247.626: [GC (Allocation Failure) [PSYoungGen: 326891K->174581K(465920K)] 1634091K->1512473K(1864192K), 0.0500137 secs] [Times: user=0.22 sys=0.00, real=0.05 secs] 
4247.676: [Full GC (Ergonomics) [PSYoungGen: 174581K->0K(465920K)] [ParOldGen: 1337892K->210817K(1398272K)] 1512473K->210817K(1864192K), [Metaspace: 60345K->60345K(1105920K)], 0.2489151 secs] [Times: user=1.17 sys=0.00, real=0.25 secs] 
4248.053: [GC (Allocation Failure) [PSYoungGen: 232960K->184245K(465920K)] 443777K->395063K(1864192K), 0.0269252 secs] [Times: user=0.09 sys=0.00, real=0.03 secs] 
4248.693: [GC (Allocation Failure) [PSYoungGen: 417205K->186549K(465920K)] 628023K->453327K(1864192K), 0.0572443 secs] [Times: user=0.28 sys=0.01, real=0.06 secs] 
4250.052: [GC (Allocation Failure) [PSYoungGen: 419509K->131088K(465920K)] 686287K->468098K(1864192K), 0.0481769 secs] [Times: user=0.24 sys=0.00, real=0.05 secs] 
4250.856: [GC (Allocation Failure) [PSYoungGen: 364048K->134304K(465920K)] 701058K->512842K(1864192K), 0.1407309 secs] [Times: user=0.77 sys=0.00, real=0.14 secs] 
4251.171: [GC (Allocation Failure) [PSYoungGen: 367264K->176020K(465920K)] 745802K->597335K(1864192K), 0.0380895 secs] [Times: user=0.16 sys=0.00, real=0.04 secs] 
4251.333: [GC (Allocation Failure) [PSYoungGen: 408980K->185239K(465920K)] 830295K->668514K(1864192K), 0.0488923 secs] [Times: user=0.22 sys=0.00, real=0.05 secs] 
4251.499: [GC (Allocation Failure) [PSYoungGen: 418199K->186709K(465920K)] 901474K->728696K(1864192K), 0.0572596 secs] [Times: user=0.29 sys=0.00, real=0.05 secs] 
4252.850: [GC (Allocation Failure) [PSYoungGen: 419669K->90554K(465920K)] 961656K->703077K(1864192K), 0.0661629 secs] [Times: user=0.36 sys=0.00, real=0.06 secs] 
4254.009: [GC (Allocation Failure) [PSYoungGen: 323514K->171988K(465920K)] 936037K->813788K(1864192K), 0.0444482 secs] [Times: user=0.19 sys=0.01, real=0.04 secs] 
4254.197: [GC (Allocation Failure) [PSYoungGen: 404948K->184566K(465920K)] 1046748K->880281K(1864192K), 0.0427836 secs] [Times: user=0.20 sys=0.00, real=0.05 secs] 
4254.356: [GC (Allocation Failure) [PSYoungGen: 417526K->186933K(465920K)] 1113241K->938593K(1864192K), 0.0455382 secs] [Times: user=0.21 sys=0.00, real=0.05 secs] 
4255.318: [GC (Allocation Failure) [PSYoungGen: 419893K->145682K(465920K)] 1171553K->968014K(1864192K), 0.0505447 secs] [Times: user=0.25 sys=0.00, real=0.05 secs] 
4255.976: [GC (GCLocker Initiated GC) [PSYoungGen: 378642K->127423K(465920K)] 1200974K->996175K(1864192K), 0.1051160 secs] [Times: user=0.58 sys=0.01, real=0.11 secs] 
4256.213: [GC (Allocation Failure) [PSYoungGen: 360383K->178069K(465920K)] 1229173K->1087824K(1864192K), 0.0383714 secs] [Times: user=0.17 sys=0.00, real=0.04 secs] 
4256.401: [GC (Allocation Failure) [PSYoungGen: 411029K->185367K(465920K)] 1320784K->1157510K(1864192K), 0.0550583 secs] [Times: user=0.26 sys=0.00, real=0.05 secs] 
4256.571: [GC (Allocation Failure) [PSYoungGen: 418327K->202837K(465920K)] 1390470K->1233900K(1864192K), 0.0579742 secs] [Times: user=0.29 sys=0.00, real=0.06 secs] 
4257.616: [GC (Allocation Failure) [PSYoungGen: 435797K->90426K(465920K)] 1466860K->1191977K(1864192K), 0.0555640 secs] [Times: user=0.30 sys=0.00, real=0.06 secs] 
4257.999: [GC (Allocation Failure) [PSYoungGen: 323326K->176437K(465920K)] 1424877K->1307137K(1864192K), 0.0465867 secs] [Times: user=0.20 sys=0.00, real=0.04 secs] 
4258.182: [GC (Allocation Failure) [PSYoungGen: 409397K->184566K(465920K)] 1540097K->1370414K(1864192K), 0.0435084 secs] [Times: user=0.20 sys=0.00, real=0.04 secs] 
4258.337: [GC (Allocation Failure) [PSYoungGen: 417526K->184565K(465920K)] 1603374K->1426373K(1864192K), 0.0458918 secs] [Times: user=0.21 sys=0.00, real=0.05 secs] 
4259.312: [GC (Allocation Failure) [PSYoungGen: 417525K->149330K(465920K)] 1659333K->1460858K(1864192K), 0.0514599 secs] [Times: user=0.25 sys=0.00, real=0.05 secs] 
4259.363: [Full GC (Ergonomics) [PSYoungGen: 149330K->0K(465920K)] [ParOldGen: 1311528K->356385K(1398272K)] 1460858K->356385K(1864192K), [Metaspace: 60345K->60345K(1105920K)], 0.5920076 secs] [Times: user=2.61 sys=0.00, real=0.59 secs] 
4261.256: [GC (Allocation Failure) [PSYoungGen: 232960K->116814K(465920K)] 589345K->473199K(1864192K), 0.0242814 secs] [Times: user=0.09 sys=0.00, real=0.03 secs] 
4261.565: [GC (Allocation Failure) [PSYoungGen: 349774K->178453K(465920K)] 706159K->572295K(1864192K), 0.0472020 secs] [Times: user=0.22 sys=0.00, real=0.05 secs] 
4261.780: [GC (Allocation Failure) [PSYoungGen: 411413K->182870K(465920K)] 805255K->638929K(1864192K), 0.0657343 secs] [Times: user=0.32 sys=0.00, real=0.06 secs] 
4262.024: [GC (Allocation Failure) [PSYoungGen: 415830K->186677K(465920K)] 871889K->701143K(1864192K), 0.0660854 secs] [Times: user=0.34 sys=0.00, real=0.07 secs] 
4263.189: [GC (GCLocker Initiated GC) [PSYoungGen: 419637K->93675K(465920K)] 934104K->678622K(1864192K), 0.0855483 secs] [Times: user=0.47 sys=0.00, real=0.08 secs] 
4263.842: [GC (GCLocker Initiated GC) [PSYoungGen: 326635K->172532K(465920K)] 911584K->788254K(1864192K), 0.0488035 secs] [Times: user=0.22 sys=0.00, real=0.05 secs] 
4264.033: [GC (Allocation Failure) [PSYoungGen: 405492K->192662K(465920K)] 1021252K->862245K(1864192K), 0.0427483 secs] [Times: user=0.19 sys=0.00, real=0.04 secs] 
4264.215: [GC (Allocation Failure) [PSYoungGen: 417785K->176054K(465920K)] 1087368K->910013K(1864192K), 0.0533152 secs] [Times: user=0.26 sys=0.00, real=0.06 secs] 
4265.026: [GC (Allocation Failure) [PSYoungGen: 405371K->206739K(465920K)] 1139331K->996714K(1864192K), 0.0529338 secs] [Times: user=0.27 sys=0.00, real=0.06 secs] 
4265.533: [GC (Allocation Failure) [PSYoungGen: 439699K->97723K(465920K)] 1229674K->952539K(1864192K), 0.0645249 secs] [Times: user=0.34 sys=0.00, real=0.06 secs] 
4265.930: [GC (Allocation Failure) [PSYoungGen: 330683K->182902K(465920K)] 1185499K->1068706K(1864192K), 0.0459827 secs] [Times: user=0.20 sys=0.00, real=0.04 secs] 
4266.142: [GC (Allocation Failure) [PSYoungGen: 415862K->184662K(465920K)] 1301666K->1127354K(1864192K), 0.0499441 secs] [Times: user=0.24 sys=0.00, real=0.05 secs] 
4266.350: [GC (Allocation Failure) [PSYoungGen: 417622K->183540K(465920K)] 1360314K->1182137K(1864192K), 0.0675987 secs] [Times: user=0.33 sys=0.00, real=0.06 secs] 
4267.512: [GC (Allocation Failure) [PSYoungGen: 416500K->97899K(465920K)] 1415097K->1166040K(1864192K), 0.0566890 secs] [Times: user=0.30 sys=0.01, real=0.06 secs] 
4268.545: [GC (Allocation Failure) [PSYoungGen: 330859K->166868K(465920K)] 1399000K->1266165K(1864192K), 0.0666493 secs] [Times: user=0.32 sys=0.00, real=0.07 secs] 
4268.831: [GC (Allocation Failure) [PSYoungGen: 399828K->184342K(465920K)] 1499125K->1336147K(1864192K), 0.0506851 secs] [Times: user=0.24 sys=0.00, real=0.05 secs] 
4269.034: [GC (Allocation Failure) [PSYoungGen: 417302K->185911K(465920K)] 1569107K->1401756K(1864192K), 0.0707903 secs] [Times: user=0.35 sys=0.00, real=0.07 secs] 
4269.286: [GC (Allocation Failure) [PSYoungGen: 418172K->215188K(465920K)] 1634018K->1489882K(1864192K), 0.0572590 secs] [Times: user=0.29 sys=0.00, real=0.06 secs] 
4270.486: [GC (Allocation Failure) [PSYoungGen: 448148K->91930K(465920K)] 1722842K->1435400K(1864192K), 0.0851613 secs] [Times: user=0.47 sys=0.00, real=0.09 secs] 
4270.571: [Full GC (Ergonomics) [PSYoungGen: 91930K->0K(465920K)] [ParOldGen: 1343469K->109209K(1398272K)] 1435400K->109209K(1864192K), [Metaspace: 60345K->60345K(1105920K)], 0.1554951 secs] [Times: user=0.66 sys=0.00, real=0.15 secs] 
4270.991: [GC (Allocation Failure) [PSYoungGen: 232960K->182422K(465920K)] 342169K->291631K(1864192K), 0.0256258 secs] [Times: user=0.09 sys=0.00, real=0.02 secs] 
4271.134: [GC (Allocation Failure) [PSYoungGen: 415382K->181653K(465920K)] 524591K->347658K(1864192K), 0.0412363 secs] [Times: user=0.18 sys=0.01, real=0.04 secs] 
4271.385: [GC (Allocation Failure) [PSYoungGen: 414613K->185493K(465920K)] 580618K->406282K(1864192K), 0.0498399 secs] [Times: user=0.23 sys=0.00, real=0.05 secs] 
4273.254: [GC (Allocation Failure) [PSYoungGen: 418453K->99340K(465920K)] 639242K->390065K(1864192K), 0.0440198 secs] [Times: user=0.22 sys=0.00, real=0.04 secs] 
4273.720: [GC (Allocation Failure) [PSYoungGen: 332300K->165972K(465920K)] 623025K->489234K(1864192K), 0.0655577 secs] [Times: user=0.31 sys=0.00, real=0.06 secs] 
4273.922: [GC (Allocation Failure) [PSYoungGen: 398932K->180789K(465920K)] 722194K->555843K(1864192K), 0.0412995 secs] [Times: user=0.18 sys=0.00, real=0.04 secs] 
4274.122: [GC (Allocation Failure) [PSYoungGen: 413749K->182646K(465920K)] 788803K->620624K(1864192K), 0.0765650 secs] [Times: user=0.38 sys=0.01, real=0.08 secs] 
4274.385: [GC (Allocation Failure) [PSYoungGen: 415606K->186709K(465920K)] 853584K->682727K(1864192K), 0.0708681 secs] [Times: user=0.37 sys=0.00, real=0.07 secs] 
4275.742: [GC (Allocation Failure) [PSYoungGen: 419669K->88170K(465920K)] 915687K->654612K(1864192K), 0.0964952 secs] [Times: user=0.52 sys=0.00, real=0.10 secs] 
4276.471: [GC (Allocation Failure) [PSYoungGen: 321130K->179349K(465920K)] 887572K->773932K(1864192K), 0.0434569 secs] [Times: user=0.19 sys=0.00, real=0.04 secs] 
4276.700: [GC (Allocation Failure) [PSYoungGen: 412309K->189941K(465920K)] 1006892K->840392K(1864192K), 0.0606528 secs] [Times: user=0.29 sys=0.00, real=0.06 secs] 
4276.949: [GC (Allocation Failure) [PSYoungGen: 422901K->186805K(465920K)] 1073352K->892544K(1864192K), 0.0626665 secs] [Times: user=0.31 sys=0.00, real=0.06 secs] 
4278.060: [GC (Allocation Failure) [PSYoungGen: 419765K->109981K(465920K)] 1125504K->886184K(1864192K), 0.0561516 secs] [Times: user=0.30 sys=0.00, real=0.05 secs] 
4279.407: [GC (Allocation Failure) [PSYoungGen: 342941K->155346K(465920K)] 1119144K->967322K(1864192K), 0.0954268 secs] [Times: user=0.50 sys=0.00, real=0.10 secs] 
4279.649: [GC (Allocation Failure) [PSYoungGen: 388306K->181141K(465920K)] 1200282K->1041581K(1864192K), 0.0414408 secs] [Times: user=0.18 sys=0.00, real=0.04 secs] 
4279.813: [GC (Allocation Failure) [PSYoungGen: 414101K->185207K(465920K)] 1274541K->1108606K(1864192K), 0.0499794 secs] [Times: user=0.23 sys=0.00, real=0.05 secs] 
4279.977: [GC (Allocation Failure) [PSYoungGen: 418167K->186965K(465920K)] 1341566K->1169124K(1864192K), 0.0574015 secs] [Times: user=0.28 sys=0.00, real=0.06 secs] 
4281.061: [GC (Allocation Failure) [PSYoungGen: 419925K->95691K(465920K)] 1402084K->1148291K(1864192K), 0.0591481 secs] [Times: user=0.32 sys=0.00, real=0.06 secs] 
4281.488: [GC (Allocation Failure) [PSYoungGen: 328651K->177589K(465920K)] 1381251K->1260722K(1864192K), 0.0347219 secs] [Times: user=0.14 sys=0.00, real=0.04 secs] 
4281.640: [GC (Allocation Failure) [PSYoungGen: 410549K->184726K(465920K)] 1493682K->1323318K(1864192K), 0.0438699 secs] [Times: user=0.20 sys=0.00, real=0.04 secs] 
4281.796: [GC (Allocation Failure) [PSYoungGen: 417686K->186485K(465920K)] 1556278K->1381077K(1864192K), 0.0459570 secs] [Times: user=0.21 sys=0.00, real=0.05 secs] 
4282.814: [GC (Allocation Failure) [PSYoungGen: 419445K->111037K(465920K)] 1614037K->1375934K(1864192K), 0.0472123 secs] [Times: user=0.24 sys=0.00, real=0.05 secs] 
4283.467: [GC (Allocation Failure) [PSYoungGen: 343997K->152178K(465920K)] 1608894K->1452751K(1864192K), 0.0834833 secs] [Times: user=0.44 sys=0.00, real=0.09 secs] 
4283.759: [GC (Allocation Failure) [PSYoungGen: 385138K->184118K(465920K)] 1685711K->1533018K(1864192K), 0.0532023 secs] [Times: user=0.26 sys=0.00, real=0.05 secs] 
4283.812: [Full GC (Ergonomics) [PSYoungGen: 184118K->0K(465920K)] [ParOldGen: 1348900K->250321K(1398272K)] 1533018K->250321K(1864192K), [Metaspace: 60345K->60345K(1105920K)], 0.3021003 secs] [Times: user=1.39 sys=0.00, real=0.30 secs] 
4284.236: [GC (Allocation Failure) [PSYoungGen: 232960K->185975K(465920K)] 483281K->436297K(1864192K), 0.0840749 secs] [Times: user=0.44 sys=0.00, real=0.09 secs] 
4284.431: [GC (Allocation Failure) [PSYoungGen: 418935K->180884K(465920K)] 669257K->490286K(1864192K), 0.0568547 secs] [Times: user=0.28 sys=0.00, real=0.05 secs] 
4286.090: [GC (Allocation Failure) [PSYoungGen: 413844K->90346K(465920K)] 723246K->468164K(1864192K), 0.1201305 secs] [Times: user=0.67 sys=0.00, real=0.12 secs] 
4286.762: [GC (Allocation Failure) [PSYoungGen: 323306K->174901K(465920K)] 701124K->582304K(1864192K), 0.0467264 secs] [Times: user=0.20 sys=0.01, real=0.05 secs] 
4286.952: [GC (Allocation Failure) [PSYoungGen: 407861K->181589K(465920K)] 815264K->642964K(1864192K), 0.0420082 secs] [Times: user=0.19 sys=0.00, real=0.04 secs] 
4287.110: [GC (Allocation Failure) [PSYoungGen: 414549K->184181K(465920K)] 875924K->700955K(1864192K), 0.0445965 secs] [Times: user=0.21 sys=0.00, real=0.04 secs] 
4288.139: [GC (Allocation Failure) [PSYoungGen: 417141K->128912K(465920K)] 933915K->715335K(1864192K), 0.0475913 secs] [Times: user=0.24 sys=0.00, real=0.04 secs] 
4288.547: [GC (Allocation Failure) [PSYoungGen: 361872K->147761K(465920K)] 948295K->775032K(1864192K), 0.1262254 secs] [Times: user=0.68 sys=0.00, real=0.13 secs] 
4288.868: [GC (Allocation Failure) [PSYoungGen: 380721K->181173K(465920K)] 1007992K->854768K(1864192K), 0.0397823 secs] [Times: user=0.18 sys=0.01, real=0.04 secs] 
4289.036: [GC (Allocation Failure) [PSYoungGen: 414133K->185367K(465920K)] 1087728K->922186K(1864192K), 0.0498200 secs] [Times: user=0.23 sys=0.00, real=0.05 secs] 
4289.221: [GC (Allocation Failure) [PSYoungGen: 418327K->186421K(465920K)] 1155146K->982072K(1864192K), 0.0612229 secs] [Times: user=0.30 sys=0.00, real=0.06 secs] 
4290.276: [GC (Allocation Failure) [PSYoungGen: 419381K->87226K(465920K)] 1215032K->953213K(1864192K), 0.0420542 secs] [Times: user=0.22 sys=0.00, real=0.04 secs] 
4290.722: [GC (Allocation Failure) [PSYoungGen: 320186K->177397K(465920K)] 1186173K->1072081K(1864192K), 0.0514299 secs] [Times: user=0.22 sys=0.00, real=0.05 secs] 
4290.979: [GC (Allocation Failure) [PSYoungGen: 410357K->184309K(465920K)] 1305041K->1134321K(1864192K), 0.0546647 secs] [Times: user=0.27 sys=0.00, real=0.05 secs] 
4291.146: [GC (Allocation Failure) [PSYoungGen: 417269K->186965K(465920K)] 1367281K->1193092K(1864192K), 0.0452987 secs] [Times: user=0.21 sys=0.00, real=0.05 secs] 
4292.116: [GC (Allocation Failure) [PSYoungGen: 419925K->126895K(465920K)] 1426052K->1203375K(1864192K), 0.0480068 secs] [Times: user=0.24 sys=0.00, real=0.05 secs] 
4293.610: [GC (Allocation Failure) [PSYoungGen: 359855K->139920K(465920K)] 1436335K->1256624K(1864192K), 0.1411985 secs] [Times: user=0.77 sys=0.00, real=0.14 secs] 
4293.953: [GC (Allocation Failure) [PSYoungGen: 372880K->178709K(465920K)] 1489584K->1340681K(1864192K), 0.0398462 secs] [Times: user=0.18 sys=0.00, real=0.04 secs] 
4294.171: [GC (Allocation Failure) [PSYoungGen: 411669K->182646K(465920K)] 1573641K->1406939K(1864192K), 0.0729696 secs] [Times: user=0.36 sys=0.00, real=0.07 secs] 
4294.430: [GC (Allocation Failure) [PSYoungGen: 415606K->184661K(465920K)] 1639899K->1466889K(1864192K), 0.0710201 secs] [Times: user=0.36 sys=0.00, real=0.07 secs] 
4295.652: [GC (Allocation Failure) [PSYoungGen: 417621K->91306K(465920K)] 1699849K->1443327K(1864192K), 0.0786803 secs] [Times: user=0.43 sys=0.00, real=0.08 secs] 
4295.731: [Full GC (Ergonomics) [PSYoungGen: 91306K->0K(465920K)] [ParOldGen: 1352020K->95101K(1398272K)] 1443327K->95101K(1864192K), [Metaspace: 60347K->60347K(1105920K)], 0.1000575 secs] [Times: user=0.38 sys=0.00, real=0.10 secs] 
4296.322: [GC (Allocation Failure) [PSYoungGen: 232960K->177461K(465920K)] 328061K->272563K(1864192K), 0.0319946 secs] [Times: user=0.12 sys=0.00, real=0.03 secs] 
4296.536: [GC (Allocation Failure) [PSYoungGen: 410421K->184310K(465920K)] 505523K->334619K(1864192K), 0.0586610 secs] [Times: user=0.26 sys=0.00, real=0.06 secs] 
4296.757: [GC (GCLocker Initiated GC) [PSYoungGen: 417270K->183220K(465920K)] 567579K->389522K(1864192K), 0.0568675 secs] [Times: user=0.28 sys=0.00, real=0.06 secs] 
4298.496: [GC (Allocation Failure) [PSYoungGen: 416180K->139601K(465920K)] 622483K->415168K(1864192K), 0.0486011 secs] [Times: user=0.24 sys=0.00, real=0.05 secs] 
4299.322: [GC (Allocation Failure) [PSYoungGen: 372561K->127103K(465920K)] 648128K->446910K(1864192K), 0.1250708 secs] [Times: user=0.69 sys=0.01, real=0.12 secs] 
4299.595: [GC (Allocation Failure) [PSYoungGen: 360063K->178677K(465920K)] 679870K->539429K(1864192K), 0.0374151 secs] [Times: user=0.16 sys=0.00, real=0.04 secs] 
4299.836: [GC (Allocation Failure) [PSYoungGen: 411637K->185239K(465920K)] 772389K->608399K(1864192K), 0.0671164 secs] [Times: user=0.33 sys=0.00, real=0.07 secs] 
4300.021: [GC (Allocation Failure) [PSYoungGen: 418199K->184052K(465920K)] 841359K->665885K(1864192K), 0.0574122 secs] [Times: user=0.28 sys=0.00, real=0.06 secs] 
4301.718: [GC (Allocation Failure) [PSYoungGen: 417012K->92123K(465920K)] 898845K->643415K(1864192K), 0.1162577 secs] [Times: user=0.64 sys=0.01, real=0.11 secs] 
4303.030: [GC (Allocation Failure) [PSYoungGen: 325083K->170836K(465920K)] 876375K->751673K(1864192K), 0.0441480 secs] [Times: user=0.20 sys=0.00, real=0.04 secs] 
4303.289: [GC (Allocation Failure) [PSYoungGen: 403796K->184566K(465920K)] 984633K->818999K(1864192K), 0.0580167 secs] [Times: user=0.27 sys=0.00, real=0.05 secs] 
4303.523: [GC (Allocation Failure) [PSYoungGen: 403665K->170517K(465920K)] 1038099K->869086K(1864192K), 0.0693616 secs] [Times: user=0.34 sys=0.00, real=0.07 secs] 
4304.438: [GC (Allocation Failure) [PSYoungGen: 403477K->169075K(402432K)] 1102046K->921836K(1800704K), 0.0547457 secs] [Times: user=0.27 sys=0.00, real=0.06 secs] 
4304.854: [GC (Allocation Failure) [PSYoungGen: 402035K->104220K(463872K)] 1154796K->921725K(1862144K), 0.0823462 secs] [Times: user=0.44 sys=0.00, real=0.08 secs] 
4305.154: [GC (Allocation Failure) [PSYoungGen: 333640K->178069K(464896K)] 1151146K->1028871K(1863168K), 0.0352514 secs] [Times: user=0.15 sys=0.00, real=0.04 secs] 
4305.307: [GC (Allocation Failure) [PSYoungGen: 410005K->183797K(465920K)] 1260807K->1089919K(1864192K), 0.0448953 secs] [Times: user=0.20 sys=0.00, real=0.05 secs] 
4306.169: [GC (Allocation Failure) [PSYoungGen: 416757K->182388K(465920K)] 1322879K->1144046K(1864192K), 0.0603960 secs] [Times: user=0.30 sys=0.00, real=0.06 secs] 
4307.252: [GC (Allocation Failure) [PSYoungGen: 415348K->99436K(465920K)] 1377006K->1130245K(1864192K), 0.0469150 secs] [Times: user=0.24 sys=0.00, real=0.05 secs] 
4307.966: [GC (Allocation Failure) [PSYoungGen: 332396K->174932K(465920K)] 1363205K->1237618K(1864192K), 0.0720670 secs] [Times: user=0.35 sys=0.00, real=0.08 secs] 
4308.204: [GC (Allocation Failure) [PSYoungGen: 407892K->181877K(465920K)] 1470578K->1296936K(1864192K), 0.0430063 secs] [Times: user=0.19 sys=0.00, real=0.04 secs] 
4308.370: [GC (Allocation Failure) [PSYoungGen: 414837K->185879K(465920K)] 1529896K->1364529K(1864192K), 0.0508798 secs] [Times: user=0.24 sys=0.00, real=0.05 secs] 
4308.658: [GC (Allocation Failure) [PSYoungGen: 418033K->216436K(465920K)] 1596684K->1454035K(1864192K), 0.0562167 secs] [Times: user=0.28 sys=0.00, real=0.05 secs] 
4310.199: [GC (GCLocker Initiated GC) [PSYoungGen: 449396K->87258K(465920K)] 1686996K->1393985K(1864192K), 0.0987599 secs] [Times: user=0.54 sys=0.00, real=0.10 secs] 
4310.840: [GC (GCLocker Initiated GC) [PSYoungGen: 320218K->178965K(465920K)] 1626949K->1513481K(1864192K), 0.0444171 secs] [Times: user=0.19 sys=0.00, real=0.04 secs] 
4310.885: [Full GC (Ergonomics) [PSYoungGen: 178965K->0K(465920K)] [ParOldGen: 1334515K->224345K(1398272K)] 1513481K->224345K(1864192K), [Metaspace: 60348K->60348K(1105920K)], 0.2578793 secs] [Times: user=1.19 sys=0.01, real=0.26 secs] 
4311.286: [GC (Allocation Failure) [PSYoungGen: 232960K->184726K(465920K)] 457308K->409074K(1864192K), 0.0267296 secs] [Times: user=0.10 sys=0.00, real=0.03 secs] 
4311.480: [GC (Allocation Failure) [PSYoungGen: 417686K->186933K(465920K)] 642034K->467250K(1864192K), 0.0575501 secs] [Times: user=0.28 sys=0.00, real=0.06 secs] 
4312.536: [GC (Allocation Failure) [PSYoungGen: 419893K->103068K(465920K)] 700210K->453745K(1864192K), 0.0455226 secs] [Times: user=0.24 sys=0.00, real=0.05 secs] 
4313.203: [GC (Allocation Failure) [PSYoungGen: 336028K->164755K(465920K)] 686705K->548980K(1864192K), 0.0694134 secs] [Times: user=0.34 sys=0.00, real=0.07 secs] 
4313.414: [GC (Allocation Failure) [PSYoungGen: 397715K->180597K(465920K)] 781940K->616390K(1864192K), 0.0412412 secs] [Times: user=0.18 sys=0.00, real=0.04 secs] 
4313.577: [GC (Allocation Failure) [PSYoungGen: 413557K->185655K(465920K)] 849350K->684160K(1864192K), 0.0487973 secs] [Times: user=0.23 sys=0.00, real=0.05 secs] 
4314.375: [GC (Allocation Failure) [PSYoungGen: 418615K->186741K(465920K)] 917120K->744110K(1864192K), 0.0595311 secs] [Times: user=0.30 sys=0.00, real=0.06 secs] 
4315.571: [GC (Allocation Failure) [PSYoungGen: 419701K->86778K(465920K)] 977070K->714735K(1864192K), 0.0585026 secs] [Times: user=0.32 sys=0.00, real=0.06 secs] 
4316.172: [GC (Allocation Failure) [PSYoungGen: 319738K->182006K(465920K)] 947695K->837856K(1864192K), 0.0354818 secs] [Times: user=0.15 sys=0.00, real=0.03 secs] 
4316.325: [GC (Allocation Failure) [PSYoungGen: 414966K->181813K(465920K)] 1070816K->894167K(1864192K), 0.0435407 secs] [Times: user=0.20 sys=0.00, real=0.05 secs] 
4316.485: [GC (Allocation Failure) [PSYoungGen: 414773K->186805K(465920K)] 1127127K->954527K(1864192K), 0.0452792 secs] [Times: user=0.21 sys=0.01, real=0.05 secs] 
4317.500: [GC (Allocation Failure) [PSYoungGen: 419765K->106332K(465920K)] 1187487K->944351K(1864192K), 0.0456968 secs] [Times: user=0.24 sys=0.00, real=0.04 secs] 
4318.888: [GC (Allocation Failure) [PSYoungGen: 339292K->158291K(465920K)] 1177311K->1030685K(1864192K), 0.0874902 secs] [Times: user=0.45 sys=0.00, real=0.08 secs] 
4319.136: [GC (Allocation Failure) [PSYoungGen: 391251K->184246K(465920K)] 1263645K->1106604K(1864192K), 0.0434171 secs] [Times: user=0.19 sys=0.00, real=0.05 secs] 
4319.301: [GC (Allocation Failure) [PSYoungGen: 417206K->182998K(465920K)] 1339564K->1169165K(1864192K), 0.0512944 secs] [Times: user=0.24 sys=0.00, real=0.05 secs] 
4319.469: [GC (Allocation Failure) [PSYoungGen: 415958K->186517K(465920K)] 1402125K->1231147K(1864192K), 0.0574025 secs] [Times: user=0.28 sys=0.00, real=0.05 secs] 
4320.574: [GC (Allocation Failure) [PSYoungGen: 419477K->91498K(465920K)] 1464107K->1206353K(1864192K), 0.0465147 secs] [Times: user=0.24 sys=0.00, real=0.05 secs] 
4320.852: [GC (Allocation Failure) [PSYoungGen: 324458K->182646K(465920K)] 1439313K->1327288K(1864192K), 0.0368843 secs] [Times: user=0.16 sys=0.00, real=0.04 secs] 
4321.268: [GC (Allocation Failure) [PSYoungGen: 415606K->182229K(465920K)] 1560248K->1383416K(1864192K), 0.0472064 secs] [Times: user=0.22 sys=0.00, real=0.05 secs] 
4321.470: [GC (Allocation Failure) [PSYoungGen: 415189K->186197K(465920K)] 1616376K->1442559K(1864192K), 0.0524529 secs] [Times: user=0.25 sys=0.00, real=0.05 secs] 
4322.547: [GC (Allocation Failure) [PSYoungGen: 419157K->109837K(465920K)] 1675519K->1436432K(1864192K), 0.0480620 secs] [Times: user=0.25 sys=0.00, real=0.05 secs] 
4322.595: [Full GC (Ergonomics) [PSYoungGen: 109837K->0K(465920K)] [ParOldGen: 1326594K->94202K(1398272K)] 1436432K->94202K(1864192K), [Metaspace: 60348K->60348K(1105920K)], 0.0348408 secs] [Times: user=0.10 sys=0.00, real=0.04 secs] 
4323.169: [GC (Allocation Failure) [PSYoungGen: 232960K->166610K(465920K)] 327162K->260813K(1864192K), 0.0337908 secs] [Times: user=0.13 sys=0.00, real=0.03 secs] 
4323.371: [GC (Allocation Failure) [PSYoungGen: 399570K->183861K(465920K)] 493773K->326840K(1864192K), 0.0402388 secs] [Times: user=0.18 sys=0.00, real=0.04 secs] 
4323.587: [GC (Allocation Failure) [PSYoungGen: 416769K->185815K(465920K)] 559748K->392690K(1864192K), 0.0694293 secs] [Times: user=0.34 sys=0.00, real=0.07 secs] 
4323.815: [GC (Allocation Failure) [PSYoungGen: 418775K->186613K(465920K)] 625650K->452360K(1864192K), 0.0570552 secs] [Times: user=0.28 sys=0.00, real=0.06 secs] 
4325.244: [GC (Allocation Failure) [PSYoungGen: 419573K->88602K(465920K)] 685320K->424741K(1864192K), 0.1215226 secs] [Times: user=0.68 sys=0.00, real=0.12 secs] 
4326.157: [GC (Allocation Failure) [PSYoungGen: 321562K->175061K(465920K)] 657701K->539501K(1864192K), 0.0450804 secs] [Times: user=0.19 sys=0.00, real=0.05 secs] 
4326.416: [GC (Allocation Failure) [PSYoungGen: 408021K->184598K(465920K)] 772461K->603837K(1864192K), 0.0593468 secs] [Times: user=0.29 sys=0.00, real=0.06 secs] 
4326.597: [GC (Allocation Failure) [PSYoungGen: 417558K->186837K(465920K)] 836797K->661933K(1864192K), 0.0456813 secs] [Times: user=0.21 sys=0.00, real=0.05 secs] 
4327.581: [GC (Allocation Failure) [PSYoungGen: 419797K->116862K(465920K)] 894893K->662454K(1864192K), 0.0472190 secs] [Times: user=0.24 sys=0.00, real=0.05 secs] 
4328.522: [GC (Allocation Failure) [PSYoungGen: 349822K->146193K(465920K)] 895414K->728990K(1864192K), 0.1077686 secs] [Times: user=0.57 sys=0.00, real=0.11 secs] 
4328.793: [GC (Allocation Failure) [PSYoungGen: 379153K->182325K(465920K)] 961950K->810910K(1864192K), 0.0399924 secs] [Times: user=0.18 sys=0.00, real=0.04 secs] 
4329.015: [GC (Allocation Failure) [PSYoungGen: 415285K->185303K(465920K)] 1043870K->877279K(1864192K), 0.0720212 secs] [Times: user=0.35 sys=0.00, real=0.07 secs] 
4329.252: [GC (Allocation Failure) [PSYoungGen: 418263K->183572K(465920K)] 1110239K->934373K(1864192K), 0.0786127 secs] [Times: user=0.40 sys=0.00, real=0.08 secs] 
4330.371: [GC (Allocation Failure) [PSYoungGen: 416532K->97499K(465920K)] 1167333K->917620K(1864192K), 0.0442745 secs] [Times: user=0.23 sys=0.00, real=0.04 secs] 
4330.734: [GC (Allocation Failure) [PSYoungGen: 330459K->175573K(465920K)] 1150580K->1027574K(1864192K), 0.0489967 secs] [Times: user=0.22 sys=0.00, real=0.05 secs] 
4330.928: [GC (Allocation Failure) [PSYoungGen: 408533K->181301K(465920K)] 1260534K->1088182K(1864192K), 0.0433297 secs] [Times: user=0.20 sys=0.00, real=0.05 secs] 
4331.130: [GC (Allocation Failure) [PSYoungGen: 414261K->186837K(465920K)] 1321142K->1148850K(1864192K), 0.0632415 secs] [Times: user=0.31 sys=0.00, real=0.06 secs] 
4332.182: [GC (Allocation Failure) [PSYoungGen: 419797K->124975K(465920K)] 1381810K->1157412K(1864192K), 0.0485565 secs] [Times: user=0.24 sys=0.01, real=0.05 secs] 
4332.968: [GC (Allocation Failure) [PSYoungGen: 356794K->141665K(465920K)] 1389231K->1213558K(1864192K), 0.1401159 secs] [Times: user=0.78 sys=0.01, real=0.14 secs] 
4333.308: [GC (Allocation Failure) [PSYoungGen: 374625K->178453K(465920K)] 1446518K->1296155K(1864192K), 0.0398916 secs] [Times: user=0.17 sys=0.00, real=0.04 secs] 
4333.498: [GC (Allocation Failure) [PSYoungGen: 411413K->185623K(465920K)] 1529115K->1365613K(1864192K), 0.0679799 secs] [Times: user=0.33 sys=0.01, real=0.06 secs] 
4333.703: [GC (GCLocker Initiated GC) [PSYoungGen: 418583K->186165K(465920K)] 1598573K->1424835K(1864192K), 0.0586708 secs] [Times: user=0.30 sys=0.00, real=0.06 secs] 
4335.617: [GC (Allocation Failure) [PSYoungGen: 419125K->88538K(465920K)] 1657962K->1397728K(1864192K), 0.1214972 secs] [Times: user=0.68 sys=0.00, real=0.13 secs] 
4336.544: [GC (Allocation Failure) [PSYoungGen: 321498K->177109K(465920K)] 1630688K->1514939K(1864192K), 0.0455003 secs] [Times: user=0.19 sys=0.00, real=0.05 secs] 
4336.589: [Full GC (Ergonomics) [PSYoungGen: 177109K->0K(465920K)] [ParOldGen: 1337830K->212037K(1398272K)] 1514939K->212037K(1864192K), [Metaspace: 60348K->60348K(1105920K)], 0.2328694 secs] [Times: user=1.07 sys=0.01, real=0.23 secs] 
4336.974: [GC (Allocation Failure) [PSYoungGen: 232960K->184406K(465920K)] 444997K->396443K(1864192K), 0.0268929 secs] [Times: user=0.10 sys=0.00, real=0.03 secs] 
4337.122: [GC (Allocation Failure) [PSYoungGen: 417366K->186229K(465920K)] 629403K->454202K(1864192K), 0.0443740 secs] [Times: user=0.20 sys=0.00, real=0.04 secs] 
4338.131: [GC (Allocation Failure) [PSYoungGen: 419189K->133200K(465920K)] 687162K->471373K(1864192K), 0.0479744 secs] [Times: user=0.24 sys=0.00, real=0.05 secs] 
4338.740: [GC (Allocation Failure) [PSYoungGen: 365549K->141857K(465920K)] 703723K->522430K(1864192K), 0.0971656 secs] [Times: user=0.52 sys=0.00, real=0.09 secs] 
4338.975: [GC (Allocation Failure) [PSYoungGen: 374817K->171988K(465920K)] 755390K->597752K(1864192K), 0.0384397 secs] [Times: user=0.17 sys=0.00, real=0.04 secs] 
4339.137: [GC (Allocation Failure) [PSYoungGen: 404948K->184855K(465920K)] 830712K->671347K(1864192K), 0.0488269 secs] [Times: user=0.23 sys=0.00, real=0.05 secs] 
4339.303: [GC (Allocation Failure) [PSYoungGen: 417815K->186037K(465920K)] 904307K->731049K(1864192K), 0.0577140 secs] [Times: user=0.28 sys=0.00, real=0.06 secs] 
4341.018: [GC (Allocation Failure) [PSYoungGen: 418997K->96587K(465920K)] 964009K->711744K(1864192K), 0.0638644 secs] [Times: user=0.34 sys=0.00, real=0.07 secs] 
4341.737: [GC (Allocation Failure) [PSYoungGen: 329547K->171188K(465920K)] 944704K->817294K(1864192K), 0.0453248 secs] [Times: user=0.20 sys=0.00, real=0.05 secs] 
4341.996: [GC (Allocation Failure) [PSYoungGen: 404148K->184278K(465920K)] 1050254K->884119K(1864192K), 0.0580313 secs] [Times: user=0.27 sys=0.00, real=0.06 secs] 
4342.175: [GC (Allocation Failure) [PSYoungGen: 417238K->184212K(465920K)] 1117079K->939950K(1864192K), 0.0453836 secs] [Times: user=0.21 sys=0.00, real=0.05 secs] 
4343.115: [GC (Allocation Failure) [PSYoungGen: 417172K->142481K(465920K)] 1172910K->967727K(1864192K), 0.0500788 secs] [Times: user=0.25 sys=0.00, real=0.05 secs] 
4344.375: [GC (Allocation Failure) [PSYoungGen: 375441K->128079K(465920K)] 1200687K->998353K(1864192K), 0.1309916 secs] [Times: user=0.73 sys=0.00, real=0.13 secs] 
4344.717: [GC (Allocation Failure) [PSYoungGen: 361039K->175572K(465920K)] 1231313K->1086855K(1864192K), 0.0389405 secs] [Times: user=0.17 sys=0.00, real=0.04 secs] 
4344.879: [GC (Allocation Failure) [PSYoungGen: 408532K->185207K(465920K)] 1319815K->1158138K(1864192K), 0.0499427 secs] [Times: user=0.23 sys=0.00, real=0.05 secs] 
4345.088: [GC (Allocation Failure) [PSYoungGen: 418167K->186709K(465920K)] 1391098K->1218312K(1864192K), 0.0874426 secs] [Times: user=0.45 sys=0.00, real=0.08 secs] 
4346.370: [GC (GCLocker Initiated GC) [PSYoungGen: 419669K->94891K(465920K)] 1451272K->1197042K(1864192K), 0.0780340 secs] [Times: user=0.43 sys=0.00, real=0.08 secs] 
4346.847: [GC (Allocation Failure) [PSYoungGen: 327851K->177685K(465920K)] 1430005K->1310890K(1864192K), 0.0415280 secs] [Times: user=0.18 sys=0.00, real=0.05 secs] 
4347.038: [GC (Allocation Failure) [PSYoungGen: 410645K->178837K(465920K)] 1543850K->1367185K(1864192K), 0.0651266 secs] [Times: user=0.31 sys=0.00, real=0.06 secs] 
4347.286: [GC (Allocation Failure) [PSYoungGen: 411797K->183828K(465920K)] 1600145K->1426129K(1864192K), 0.0470355 secs] [Times: user=0.22 sys=0.00, real=0.05 secs] 
4348.377: [GC (Allocation Failure) [PSYoungGen: 416788K->150898K(465920K)] 1659089K->1462591K(1864192K), 0.0531626 secs] [Times: user=0.27 sys=0.00, real=0.06 secs] 
4348.430: [Full GC (Ergonomics) [PSYoungGen: 150898K->0K(465920K)] [ParOldGen: 1311692K->357134K(1398272K)] 1462591K->357134K(1864192K), [Metaspace: 60348K->60348K(1105920K)], 0.5995932 secs] [Times: user=2.65 sys=0.00, real=0.60 secs] 
4349.773: [GC (GCLocker Initiated GC) [PSYoungGen: 232960K->117886K(465920K)] 590094K->475020K(1864192K), 0.0373758 secs] [Times: user=0.15 sys=0.00, real=0.04 secs] 
4350.323: [GC (Allocation Failure) [PSYoungGen: 350846K->175668K(465920K)] 708147K->570375K(1864192K), 0.0469556 secs] [Times: user=0.21 sys=0.00, real=0.05 secs] 
4350.553: [GC (Allocation Failure) [PSYoungGen: 408628K->185079K(465920K)] 803335K->641405K(1864192K), 0.0714897 secs] [Times: user=0.35 sys=0.00, real=0.07 secs] 
4350.755: [GC (Allocation Failure) [PSYoungGen: 418039K->186933K(465920K)] 874365K->701787K(1864192K), 0.0554062 secs] [Times: user=0.27 sys=0.00, real=0.06 secs] 
4352.118: [GC (GCLocker Initiated GC) [PSYoungGen: 419893K->91483K(465920K)] 934748K->677009K(1864192K), 0.1101260 secs] [Times: user=0.61 sys=0.01, real=0.11 secs] 
4353.272: [GC (Allocation Failure) [PSYoungGen: 324443K->174260K(465920K)] 909972K->788939K(1864192K), 0.0571274 secs] [Times: user=0.26 sys=0.00, real=0.06 secs] 
4353.548: [GC (Allocation Failure) [PSYoungGen: 407220K->184726K(465920K)] 1021899K->852856K(1864192K), 0.0510077 secs] [Times: user=0.24 sys=0.01, real=0.05 secs] 
4353.717: [GC (Allocation Failure) [PSYoungGen: 417621K->182134K(465920K)] 1085751K->914385K(1864192K), 0.0493752 secs] [Times: user=0.23 sys=0.00, real=0.05 secs] 
4354.614: [GC (Allocation Failure) [PSYoungGen: 415094K->168307K(465920K)] 1147345K->958293K(1864192K), 0.0533387 secs] [Times: user=0.27 sys=0.00, real=0.05 secs] 
4355.246: [GC (Allocation Failure) [PSYoungGen: 401267K->108973K(465920K)] 1191253K->963503K(1864192K), 0.0887719 secs] [Times: user=0.48 sys=0.00, real=0.09 secs] 
4355.589: [GC (Allocation Failure) [PSYoungGen: 341933K->203285K(465920K)] 1196463K->1091952K(1864192K), 0.0369762 secs] [Times: user=0.15 sys=0.00, real=0.03 secs] 
4355.782: [GC (Allocation Failure) [PSYoungGen: 436245K->184599K(465920K)] 1324912K->1136010K(1864192K), 0.0601212 secs] [Times: user=0.29 sys=0.00, real=0.06 secs] 
4355.984: [GC (Allocation Failure) [PSYoungGen: 417474K->186293K(465920K)] 1368885K->1196264K(1864192K), 0.0617436 secs] [Times: user=0.31 sys=0.00, real=0.06 secs] 
4357.035: [GC (GCLocker Initiated GC) [PSYoungGen: 419253K->91803K(465920K)] 1429224K->1172034K(1864192K), 0.0466169 secs] [Times: user=0.25 sys=0.00, real=0.05 secs] 
4357.519: [GC (Allocation Failure) [PSYoungGen: 324763K->174580K(465920K)] 1405033K->1284635K(1864192K), 0.0545929 secs] [Times: user=0.25 sys=0.00, real=0.05 secs] 
4357.725: [GC (Allocation Failure) [PSYoungGen: 407540K->184149K(465920K)] 1517595K->1347796K(1864192K), 0.0433665 secs] [Times: user=0.20 sys=0.00, real=0.05 secs] 
4357.892: [GC (Allocation Failure) [PSYoungGen: 417109K->185815K(465920K)] 1580756K->1413542K(1864192K), 0.0507091 secs] [Times: user=0.24 sys=0.00, real=0.05 secs] 
4358.742: [GC (Allocation Failure) [PSYoungGen: 414028K->208275K(465920K)] 1641755K->1495042K(1864192K), 0.0576171 secs] [Times: user=0.29 sys=0.00, real=0.06 secs] 
4359.971: [GC (Allocation Failure) [PSYoungGen: 441235K->93051K(465920K)] 1728002K->1445274K(1864192K), 0.0876239 secs] [Times: user=0.47 sys=0.00, real=0.09 secs] 
4360.059: [Full GC (Ergonomics) [PSYoungGen: 93051K->0K(465920K)] [ParOldGen: 1352223K->110374K(1398272K)] 1445274K->110374K(1864192K), [Metaspace: 60348K->60348K(1105920K)], 0.1613394 secs] [Times: user=0.70 sys=0.01, real=0.16 secs] 
4360.410: [GC (Allocation Failure) [PSYoungGen: 232960K->183286K(465920K)] 343334K->293661K(1864192K), 0.0254737 secs] [Times: user=0.08 sys=0.00, real=0.02 secs] 
4360.590: [GC (Allocation Failure) [PSYoungGen: 416246K->184534K(465920K)] 526621K->351877K(1864192K), 0.0546265 secs] [Times: user=0.26 sys=0.00, real=0.05 secs] 
4360.765: [GC (Allocation Failure) [PSYoungGen: 417494K->186357K(465920K)] 584837K->409444K(1864192K), 0.0447318 secs] [Times: user=0.21 sys=0.00, real=0.05 secs] 
4361.792: [GC (Allocation Failure) [PSYoungGen: 419225K->100620K(465920K)] 642312K->393979K(1864192K), 0.0569148 secs] [Times: user=0.30 sys=0.00, real=0.06 secs] 
4362.773: [GC (GCLocker Initiated GC) [PSYoungGen: 333580K->161907K(465920K)] 626939K->487839K(1864192K), 0.0660467 secs] [Times: user=0.32 sys=0.00, real=0.07 secs] 
4363.050: [GC (Allocation Failure) [PSYoungGen: 394867K->183989K(465920K)] 720966K->560424K(1864192K), 0.0495689 secs] [Times: user=0.24 sys=0.00, real=0.05 secs] 
4363.221: [GC (Allocation Failure) [PSYoungGen: 416949K->186167K(465920K)] 793384K->626529K(1864192K), 0.0494304 secs] [Times: user=0.23 sys=0.00, real=0.05 secs] 
4363.562: [GC (Allocation Failure) [PSYoungGen: 418645K->218101K(465920K)] 859007K->717575K(1864192K), 0.0556214 secs] [Times: user=0.27 sys=0.00, real=0.05 secs] 
4364.480: [GC (Allocation Failure) [PSYoungGen: 451061K->92971K(465920K)] 950535K->662013K(1864192K), 0.0630907 secs] [Times: user=0.33 sys=0.00, real=0.06 secs] 
4364.869: [GC (Allocation Failure) [PSYoungGen: 325931K->182582K(465920K)] 894973K->781081K(1864192K), 0.0423751 secs] [Times: user=0.18 sys=0.00, real=0.04 secs] 
4365.030: [GC (Allocation Failure) [PSYoungGen: 415542K->184118K(465920K)] 1014041K->839481K(1864192K), 0.0447626 secs] [Times: user=0.20 sys=0.00, real=0.04 secs] 
4365.223: [GC (Allocation Failure) [PSYoungGen: 417078K->183636K(465920K)] 1072441K->894856K(1864192K), 0.0534249 secs] [Times: user=0.26 sys=0.00, real=0.05 secs] 
4366.333: [GC (Allocation Failure) [PSYoungGen: 416596K->101516K(465920K)] 1127816K->882071K(1864192K), 0.0517139 secs] [Times: user=0.27 sys=0.00, real=0.05 secs] 
4366.896: [GC (Allocation Failure) [PSYoungGen: 334476K->166260K(465920K)] 1115031K->979420K(1864192K), 0.0823910 secs] [Times: user=0.41 sys=0.00, real=0.09 secs] 
4367.187: [GC (Allocation Failure) [PSYoungGen: 399220K->184374K(465920K)] 1212380K->1049786K(1864192K), 0.0459756 secs] [Times: user=0.21 sys=0.00, real=0.05 secs] 
4367.354: [GC (Allocation Failure) [PSYoungGen: 417334K->185911K(465920K)] 1282746K->1115379K(1864192K), 0.0500448 secs] [Times: user=0.23 sys=0.00, real=0.05 secs] 
4367.568: [GC (Allocation Failure) [PSYoungGen: 418871K->183508K(465920K)] 1348339K->1171993K(1864192K), 0.0825387 secs] [Times: user=0.42 sys=0.00, real=0.08 secs] 
4369.592: [GC (Allocation Failure) [PSYoungGen: 416468K->84762K(465920K)] 1404953K->1142566K(1864192K), 0.1174632 secs] [Times: user=0.66 sys=0.00, real=0.12 secs] 
4370.074: [GC (Allocation Failure) [PSYoungGen: 317722K->180053K(465920K)] 1375526K->1265207K(1864192K), 0.0356131 secs] [Times: user=0.15 sys=0.00, real=0.04 secs] 
4370.231: [GC (Allocation Failure) [PSYoungGen: 413013K->184502K(465920K)] 1498167K->1325743K(1864192K), 0.0441785 secs] [Times: user=0.19 sys=0.00, real=0.04 secs] 
4370.440: [GC (Allocation Failure) [PSYoungGen: 417462K->186773K(465920K)] 1558703K->1384150K(1864192K), 0.0686826 secs] [Times: user=0.34 sys=0.00, real=0.07 secs] 
4371.534: [GC (Allocation Failure) [PSYoungGen: 419733K->104892K(465920K)] 1617110K->1372646K(1864192K), 0.0461426 secs] [Times: user=0.23 sys=0.01, real=0.05 secs] 
4372.132: [GC (Allocation Failure) [PSYoungGen: 337852K->162547K(465920K)] 1605606K->1464913K(1864192K), 0.0730427 secs] [Times: user=0.37 sys=0.01, real=0.07 secs] 
4372.354: [GC (Allocation Failure) [PSYoungGen: 395507K->184534K(465920K)] 1697873K->1537619K(1864192K), 0.0431949 secs] [Times: user=0.20 sys=0.00, real=0.04 secs] 
4372.397: [Full GC (Ergonomics) [PSYoungGen: 184534K->0K(465920K)] [ParOldGen: 1353085K->255328K(1398272K)] 1537619K->255328K(1864192K), [Metaspace: 60348K->60348K(1105920K)], 0.3238117 secs] [Times: user=1.50 sys=0.00, real=0.33 secs] 
4372.839: [GC (Allocation Failure) [PSYoungGen: 232960K->180566K(465920K)] 488288K->435895K(1864192K), 0.0834213 secs] [Times: user=0.44 sys=0.00, real=0.08 secs] 
4373.042: [GC (Allocation Failure) [PSYoungGen: 413526K->186005K(465920K)] 668855K->498622K(1864192K), 0.0545784 secs] [Times: user=0.27 sys=0.00, real=0.05 secs] 
4374.211: [GC (Allocation Failure) [PSYoungGen: 418965K->91290K(465920K)] 731582K->474067K(1864192K), 0.0792295 secs] [Times: user=0.43 sys=0.00, real=0.08 secs] 
4375.013: [GC (Allocation Failure) [PSYoungGen: 324250K->175125K(465920K)] 707027K->586471K(1864192K), 0.0465319 secs] [Times: user=0.19 sys=0.00, real=0.05 secs] 
4375.193: [GC (Allocation Failure) [PSYoungGen: 408085K->184630K(465920K)] 819431K->651280K(1864192K), 0.0425862 secs] [Times: user=0.19 sys=0.00, real=0.04 secs] 
4375.418: [GC (Allocation Failure) [PSYoungGen: 417590K->186773K(465920K)] 884240K->709407K(1864192K), 0.0613815 secs] [Times: user=0.30 sys=0.00, real=0.06 secs] 
4376.434: [GC (Allocation Failure) [PSYoungGen: 419733K->111069K(465920K)] 942367K->704175K(1864192K), 0.0459555 secs] [Times: user=0.23 sys=0.00, real=0.05 secs] 
4377.746: [GC (Allocation Failure) [PSYoungGen: 344029K->151410K(465920K)] 937135K->780037K(1864192K), 0.0986160 secs] [Times: user=0.51 sys=0.01, real=0.10 secs] 
4378.011: [GC (Allocation Failure) [PSYoungGen: 384370K->184182K(465920K)] 1012997K->860644K(1864192K), 0.0410932 secs] [Times: user=0.18 sys=0.00, real=0.04 secs] 
4378.224: [GC (Allocation Failure) [PSYoungGen: 417142K->185943K(465920K)] 1093604K->926358K(1864192K), 0.0754804 secs] [Times: user=0.37 sys=0.01, real=0.08 secs] 
4378.427: [GC (Allocation Failure) [PSYoungGen: 418903K->202485K(465920K)] 1159318K->1002012K(1864192K), 0.0551375 secs] [Times: user=0.27 sys=0.00, real=0.06 secs] 
4379.702: [GC (GCLocker Initiated GC) [PSYoungGen: 435445K->90378K(465920K)] 1234972K->960210K(1864192K), 0.1076704 secs] [Times: user=0.59 sys=0.00, real=0.11 secs] 
4380.140: [GC (Allocation Failure) [PSYoungGen: 323338K->176469K(465920K)] 1193172K->1075855K(1864192K), 0.0419342 secs] [Times: user=0.18 sys=0.00, real=0.04 secs] 
4380.372: [GC (Allocation Failure) [PSYoungGen: 409429K->181365K(465920K)] 1308815K->1135583K(1864192K), 0.0590765 secs] [Times: user=0.28 sys=0.01, real=0.06 secs] 
4381.464: [GC (Allocation Failure) [PSYoungGen: 414325K->186197K(465920K)] 1368543K->1195063K(1864192K), 0.0848463 secs] [Times: user=0.43 sys=0.00, real=0.09 secs] 
4382.929: [GC (Allocation Failure) [PSYoungGen: 419157K->119790K(465920K)] 1428023K->1198745K(1864192K), 0.0475220 secs] [Times: user=0.24 sys=0.00, real=0.04 secs] 
4384.190: [GC (Allocation Failure) [PSYoungGen: 352750K->141393K(465920K)] 1431705K->1258003K(1864192K), 0.1374214 secs] [Times: user=0.75 sys=0.00, real=0.13 secs] 
4384.501: [GC (Allocation Failure) [PSYoungGen: 374353K->178357K(465920K)] 1490963K->1340556K(1864192K), 0.0398168 secs] [Times: user=0.17 sys=0.00, real=0.04 secs] 
4384.664: [GC (Allocation Failure) [PSYoungGen: 411317K->185495K(465920K)] 1573516K->1409830K(1864192K), 0.0497880 secs] [Times: user=0.23 sys=0.00, real=0.05 secs] 
4384.830: [GC (Allocation Failure) [PSYoungGen: 418455K->184116K(465920K)] 1642790K->1467252K(1864192K), 0.0579111 secs] [Times: user=0.28 sys=0.00, real=0.06 secs] 
4386.471: [GC (Allocation Failure) [PSYoungGen: 417076K->90458K(465920K)] 1700212K->1443226K(1864192K), 0.1146721 secs] [Times: user=0.63 sys=0.00, real=0.11 secs] 
4386.586: [Full GC (Ergonomics) [PSYoungGen: 90458K->0K(465920K)] [ParOldGen: 1352767K->95702K(1398272K)] 1443226K->95702K(1864192K), [Metaspace: 60391K->60391K(1105920K)], 0.1245923 secs] [Times: user=0.49 sys=0.01, real=0.13 secs] 
4387.314: [GC (Allocation Failure) [PSYoungGen: 232960K->174197K(465920K)] 328662K->269899K(1864192K), 0.0321423 secs] [Times: user=0.12 sys=0.00, real=0.03 secs] 
4387.554: [GC (Allocation Failure) [PSYoungGen: 407157K->192502K(465920K)] 502859K->342724K(1864192K), 0.0601530 secs] [Times: user=0.29 sys=0.00, real=0.06 secs] 
4387.779: [GC (Allocation Failure) [PSYoungGen: 425462K->187381K(465920K)] 575684K->393372K(1864192K), 0.0599314 secs] [Times: user=0.28 sys=0.00, real=0.06 secs] 
4388.755: [GC (Allocation Failure) [PSYoungGen: 420341K->135760K(465920K)] 626332K->412259K(1864192K), 0.0485636 secs] [Times: user=0.25 sys=0.00, real=0.05 secs] 
4389.322: [GC (Allocation Failure) [PSYoungGen: 368720K->139312K(465920K)] 645219K->458875K(1864192K), 0.1316015 secs] [Times: user=0.73 sys=0.00, real=0.13 secs] 
4389.612: [GC (Allocation Failure) [PSYoungGen: 372272K->178453K(465920K)] 691835K->542585K(1864192K), 0.0387478 secs] [Times: user=0.17 sys=0.00, real=0.04 secs] 
4389.770: [GC (Allocation Failure) [PSYoungGen: 411413K->182614K(465920K)] 775545K->609058K(1864192K), 0.0485872 secs] [Times: user=0.22 sys=0.00, real=0.05 secs] 
4389.935: [GC (Allocation Failure) [PSYoungGen: 415574K->186549K(465920K)] 842018K->671257K(1864192K), 0.0577468 secs] [Times: user=0.29 sys=0.00, real=0.06 secs] 
4391.027: [GC (Allocation Failure) [PSYoungGen: 419509K->93787K(465920K)] 904217K->648895K(1864192K), 0.0458500 secs] [Times: user=0.25 sys=0.00, real=0.05 secs] 
4391.363: [GC (Allocation Failure) [PSYoungGen: 326747K->182037K(465920K)] 881855K->766954K(1864192K), 0.0594590 secs] [Times: user=0.26 sys=0.00, real=0.06 secs] 
4391.593: [GC (Allocation Failure) [PSYoungGen: 414997K->181973K(465920K)] 999914K->822962K(1864192K), 0.0439428 secs] [Times: user=0.20 sys=0.00, real=0.04 secs] 
4391.753: [GC (Allocation Failure) [PSYoungGen: 414933K->186453K(465920K)] 1055922K->882746K(1864192K), 0.0458896 secs] [Times: user=0.21 sys=0.00, real=0.05 secs] 
4392.726: [GC (Allocation Failure) [PSYoungGen: 419413K->135696K(465920K)] 1115706K->902253K(1864192K), 0.0496715 secs] [Times: user=0.25 sys=0.01, real=0.05 secs] 
4393.870: [GC (Allocation Failure) [PSYoungGen: 368656K->134400K(465920K)] 1135213K->944061K(1864192K), 0.1261750 secs] [Times: user=0.69 sys=0.00, real=0.12 secs] 
4394.136: [GC (Allocation Failure) [PSYoungGen: 367360K->178677K(465920K)] 1177021K->1031455K(1864192K), 0.0385599 secs] [Times: user=0.17 sys=0.00, real=0.04 secs] 
4394.295: [GC (Allocation Failure) [PSYoungGen: 411637K->186007K(465920K)] 1264415K->1101073K(1864192K), 0.0496005 secs] [Times: user=0.23 sys=0.00, real=0.05 secs] 
4394.457: [GC (Allocation Failure) [PSYoungGen: 418967K->200052K(465920K)] 1334033K->1174246K(1864192K), 0.0587340 secs] [Times: user=0.29 sys=0.00, real=0.06 secs] 
4395.717: [GC (Allocation Failure) [PSYoungGen: 433012K->91419K(465920K)] 1407206K->1134988K(1864192K), 0.0682719 secs] [Times: user=0.37 sys=0.00, real=0.07 secs] 
4396.088: [GC (Allocation Failure) [PSYoungGen: 324379K->177749K(465920K)] 1367948K->1251263K(1864192K), 0.0333802 secs] [Times: user=0.14 sys=0.00, real=0.03 secs] 
4396.641: [GC (GCLocker Initiated GC) [PSYoungGen: 410709K->181429K(465920K)] 1484224K->1309912K(1864192K), 0.0611911 secs] [Times: user=0.30 sys=0.00, real=0.06 secs] 
4396.903: [GC (Allocation Failure) [PSYoungGen: 414389K->186837K(465920K)] 1542875K->1370386K(1864192K), 0.0492121 secs] [Times: user=0.23 sys=0.00, real=0.05 secs] 
4398.191: [GC (Allocation Failure) [PSYoungGen: 419797K->140753K(465920K)] 1603346K->1394791K(1864192K), 0.0524913 secs] [Times: user=0.26 sys=0.00, real=0.05 secs] 
4398.915: [GC (Allocation Failure) [PSYoungGen: 373713K->126687K(465920K)] 1627751K->1425292K(1864192K), 0.1550300 secs] [Times: user=0.85 sys=0.00, real=0.16 secs] 
4399.337: [GC (Allocation Failure) [PSYoungGen: 359647K->177717K(465920K)] 1658252K->1516483K(1864192K), 0.0495082 secs] [Times: user=0.23 sys=0.00, real=0.05 secs] 
4399.386: [Full GC (Ergonomics) [PSYoungGen: 177717K->0K(465920K)] [ParOldGen: 1338766K->235381K(1398272K)] 1516483K->235381K(1864192K), [Metaspace: 60406K->60406K(1105920K)], 0.2838511 secs] [Times: user=1.31 sys=0.00, real=0.29 secs] 
4399.791: [GC (Allocation Failure) [PSYoungGen: 232960K->185623K(465920K)] 468341K->421004K(1864192K), 0.0787317 secs] [Times: user=0.41 sys=0.00, real=0.08 secs] 
4399.987: [GC (Allocation Failure) [PSYoungGen: 418583K->184020K(465920K)] 653964K->478402K(1864192K), 0.0563364 secs] [Times: user=0.28 sys=0.00, real=0.06 secs] 
4401.596: [GC (Allocation Failure) [PSYoungGen: 416980K->93163K(465920K)] 711362K->457056K(1864192K), 0.1168893 secs] [Times: user=0.64 sys=0.01, real=0.12 secs] 
4402.460: [GC (Allocation Failure) [PSYoungGen: 326123K->171476K(465920K)] 690016K->565594K(1864192K), 0.0447173 secs] [Times: user=0.19 sys=0.00, real=0.04 secs] 
4402.642: [GC (Allocation Failure) [PSYoungGen: 404436K->184662K(465920K)] 798554K->632784K(1864192K), 0.0422268 secs] [Times: user=0.19 sys=0.00, real=0.04 secs] 
4402.800: [GC (Allocation Failure) [PSYoungGen: 417622K->187669K(465920K)] 865744K->691815K(1864192K), 0.0449816 secs] [Times: user=0.21 sys=0.00, real=0.04 secs] 
4403.791: [GC (Allocation Failure) [PSYoungGen: 420629K->152018K(465920K)] 924775K->726845K(1864192K), 0.0508544 secs] [Times: user=0.25 sys=0.00, real=0.05 secs] 
4404.303: [GC (Allocation Failure) [PSYoungGen: 384978K->119438K(465920K)] 959805K->742448K(1864192K), 0.1170347 secs] [Times: user=0.65 sys=0.00, real=0.12 secs] 
4404.638: [GC (Allocation Failure) [PSYoungGen: 352398K->186901K(465920K)] 975408K->848343K(1864192K), 0.0378298 secs] [Times: user=0.16 sys=0.00, real=0.03 secs] 
4404.899: [GC (Allocation Failure) [PSYoungGen: 419861K->184823K(465920K)] 1081303K->908505K(1864192K), 0.0496189 secs] [Times: user=0.23 sys=0.00, real=0.05 secs] 
4405.063: [GC (Allocation Failure) [PSYoungGen: 417783K->186005K(465920K)] 1141465K->968343K(1864192K), 0.0587176 secs] [Times: user=0.29 sys=0.00, real=0.06 secs] 
4406.091: [GC (Allocation Failure) [PSYoungGen: 418965K->91547K(465920K)] 1201303K->943917K(1864192K), 0.0441853 secs] [Times: user=0.23 sys=0.00, real=0.04 secs] 
4406.693: [GC (Allocation Failure) [PSYoungGen: 324507K->170804K(465920K)] 1176877K->1052820K(1864192K), 0.0635704 secs] [Times: user=0.29 sys=0.00, real=0.06 secs] 
4406.950: [GC (Allocation Failure) [PSYoungGen: 403764K->184150K(465920K)] 1285780K->1119405K(1864192K), 0.0429360 secs] [Times: user=0.20 sys=0.00, real=0.04 secs] 
4407.110: [GC (Allocation Failure) [PSYoungGen: 408642K->176342K(465920K)] 1343897K->1175717K(1864192K), 0.0489993 secs] [Times: user=0.23 sys=0.00, real=0.05 secs] 
4408.028: [GC (Allocation Failure) [PSYoungGen: 409302K->169203K(465920K)] 1408677K->1224706K(1864192K), 0.0551799 secs] [Times: user=0.28 sys=0.00, real=0.05 secs] 
4408.612: [GC (Allocation Failure) [PSYoungGen: 402163K->104508K(465920K)] 1457666K->1224680K(1864192K), 0.0748479 secs] [Times: user=0.39 sys=0.01, real=0.07 secs] 
4409.230: [GC (Allocation Failure) [PSYoungGen: 336339K->178933K(465920K)] 1456511K->1332614K(1864192K), 0.0466581 secs] [Times: user=0.20 sys=0.00, real=0.04 secs] 
4409.406: [GC (Allocation Failure) [PSYoungGen: 411893K->181909K(465920K)] 1565574K->1391098K(1864192K), 0.0447784 secs] [Times: user=0.20 sys=0.00, real=0.05 secs] 
4409.568: [GC (Allocation Failure) [PSYoungGen: 414869K->186901K(465920K)] 1624058K->1451425K(1864192K), 0.0466565 secs] [Times: user=0.22 sys=0.00, real=0.05 secs] 
4410.658: [GC (Allocation Failure) [PSYoungGen: 419861K->99868K(465920K)] 1684385K->1434960K(1864192K), 0.0481806 secs] [Times: user=0.25 sys=0.00, real=0.05 secs] 
4410.706: [Full GC (Ergonomics) [PSYoungGen: 99868K->0K(465920K)] [ParOldGen: 1335092K->92176K(1398272K)] 1434960K->92176K(1864192K), [Metaspace: 60406K->60406K(1105920K)], 0.0368957 secs] [Times: user=0.12 sys=0.01, real=0.04 secs] 
4411.322: [GC (Allocation Failure) [PSYoungGen: 232960K->166772K(465920K)] 325136K->258949K(1864192K), 0.0352023 secs] [Times: user=0.13 sys=0.00, real=0.03 secs] 
4411.596: [GC (Allocation Failure) [PSYoungGen: 399732K->183125K(465920K)] 491909K->327442K(1864192K), 0.0546138 secs] [Times: user=0.26 sys=0.00, real=0.06 secs] 
4411.773: [GC (Allocation Failure) [PSYoungGen: 416085K->185975K(465920K)] 560402K->394228K(1864192K), 0.0495547 secs] [Times: user=0.23 sys=0.00, real=0.05 secs] 
4412.291: [GC (Allocation Failure) [PSYoungGen: 416783K->211956K(465920K)] 625036K->479241K(1864192K), 0.0530793 secs] [Times: user=0.26 sys=0.00, real=0.05 secs] 
4413.133: [GC (Allocation Failure) [PSYoungGen: 444916K->98155K(465920K)] 712201K->432776K(1864192K), 0.0638876 secs] [Times: user=0.34 sys=0.00, real=0.06 secs] 
4413.417: [GC (Allocation Failure) [PSYoungGen: 331115K->176533K(465920K)] 665736K->542930K(1864192K), 0.0398471 secs] [Times: user=0.17 sys=0.01, real=0.04 secs] 
4413.576: [GC (Allocation Failure) [PSYoungGen: 409493K->184246K(465920K)] 775890K->605735K(1864192K), 0.0435728 secs] [Times: user=0.19 sys=0.00, real=0.05 secs] 
4413.755: [GC (Allocation Failure) [PSYoungGen: 417206K->186229K(465920K)] 838695K->663654K(1864192K), 0.0501353 secs] [Times: user=0.24 sys=0.00, real=0.05 secs] 
4414.797: [GC (Allocation Failure) [PSYoungGen: 419189K->97195K(465920K)] 896614K->644901K(1864192K), 0.0485037 secs] [Times: user=0.25 sys=0.00, real=0.05 secs] 
4415.397: [GC (Allocation Failure) [PSYoungGen: 330155K->167604K(465920K)] 877861K->746578K(1864192K), 0.0745527 secs] [Times: user=0.36 sys=0.00, real=0.08 secs] 
4415.629: [GC (Allocation Failure) [PSYoungGen: 400564K->181877K(465920K)] 979538K->813455K(1864192K), 0.0416774 secs] [Times: user=0.19 sys=0.00, real=0.04 secs] 
4415.792: [GC (Allocation Failure) [PSYoungGen: 414837K->185783K(465920K)] 1046415K->880977K(1864192K), 0.0493357 secs] [Times: user=0.23 sys=0.00, real=0.05 secs] 
4415.957: [GC (Allocation Failure) [PSYoungGen: 418743K->186389K(465920K)] 1113937K->940543K(1864192K), 0.0541870 secs] [Times: user=0.27 sys=0.00, real=0.06 secs] 
4417.727: [GC (Allocation Failure) [PSYoungGen: 419349K->85818K(465920K)] 1173503K->910196K(1864192K), 0.1005849 secs] [Times: user=0.55 sys=0.00, real=0.11 secs] 
4418.367: [GC (Allocation Failure) [PSYoungGen: 318732K->179637K(465920K)] 1143111K->1031457K(1864192K), 0.0444519 secs] [Times: user=0.19 sys=0.00, real=0.05 secs] 
4418.610: [GC (Allocation Failure) [PSYoungGen: 412597K->184822K(465920K)] 1264417K->1092573K(1864192K), 0.0634766 secs] [Times: user=0.31 sys=0.00, real=0.06 secs] 
4418.802: [GC (Allocation Failure) [PSYoungGen: 417782K->186869K(465920K)] 1325533K->1150660K(1864192K), 0.0458122 secs] [Times: user=0.22 sys=0.00, real=0.04 secs] 
4419.800: [GC (Allocation Failure) [PSYoungGen: 419829K->103644K(465920K)] 1383620K->1137860K(1864192K), 0.0456094 secs] [Times: user=0.23 sys=0.00, real=0.04 secs] 
4420.288: [GC (Allocation Failure) [PSYoungGen: 336604K->165460K(465920K)] 1370820K->1233971K(1864192K), 0.0849335 secs] [Times: user=0.43 sys=0.01, real=0.08 secs] 
4420.521: [GC (Allocation Failure) [PSYoungGen: 398420K->184085K(465920K)] 1466931K->1303893K(1864192K), 0.0423508 secs] [Times: user=0.19 sys=0.00, real=0.04 secs] 
4420.705: [GC (Allocation Failure) [PSYoungGen: 417045K->184759K(465920K)] 1536853K->1368598K(1864192K), 0.0550249 secs] [Times: user=0.26 sys=0.00, real=0.06 secs] 
4420.895: [GC (Allocation Failure) [PSYoungGen: 417719K->202645K(465920K)] 1601558K->1445205K(1864192K), 0.0602588 secs] [Times: user=0.30 sys=0.00, real=0.06 secs] 
4422.466: [GC (Allocation Failure) [PSYoungGen: 435605K->83305K(465920K)] 1678165K->1396297K(1864192K), 0.0962751 secs] [Times: user=0.52 sys=0.00, real=0.10 secs] 
4422.562: [Full GC (Ergonomics) [PSYoungGen: 83305K->0K(465920K)] [ParOldGen: 1312991K->99807K(1398272K)] 1396297K->99807K(1864192K), [Metaspace: 60406K->60406K(1105920K)], 0.1547046 secs] [Times: user=0.67 sys=0.00, real=0.15 secs] 
4423.103: [GC (Allocation Failure) [PSYoungGen: 232960K->182934K(465920K)] 332767K->282741K(1864192K), 0.0257298 secs] [Times: user=0.09 sys=0.00, real=0.03 secs] 
4423.438: [GC (Allocation Failure) [PSYoungGen: 415894K->184438K(465920K)] 515701K->340989K(1864192K), 0.0411004 secs] [Times: user=0.18 sys=0.00, real=0.04 secs] 
4423.884: [GC (Allocation Failure) [PSYoungGen: 417398K->185909K(465920K)] 573949K->398252K(1864192K), 0.0599103 secs] [Times: user=0.29 sys=0.00, real=0.06 secs] 
4424.988: [GC (Allocation Failure) [PSYoungGen: 418869K->104348K(465920K)] 631212K->386820K(1864192K), 0.0442491 secs] [Times: user=0.23 sys=0.00, real=0.05 secs] 
4426.288: [GC (Allocation Failure) [PSYoungGen: 337308K->158931K(465920K)] 619780K->474607K(1864192K), 0.0849506 secs] [Times: user=0.44 sys=0.00, real=0.09 secs] 
4426.531: [GC (Allocation Failure) [PSYoungGen: 391891K->184726K(465920K)] 707567K->550142K(1864192K), 0.0407024 secs] [Times: user=0.18 sys=0.00, real=0.04 secs] 
4426.692: [GC (Allocation Failure) [PSYoungGen: 417686K->183158K(465920K)] 783102K->612711K(1864192K), 0.0486623 secs] [Times: user=0.23 sys=0.01, real=0.05 secs] 
4426.857: [GC (Allocation Failure) [PSYoungGen: 416118K->186613K(465920K)] 845671K->674453K(1864192K), 0.0545406 secs] [Times: user=0.27 sys=0.00, real=0.06 secs] 
4428.301: [GC (Allocation Failure) [PSYoungGen: 419573K->88106K(465920K)] 907413K->646435K(1864192K), 0.0984933 secs] [Times: user=0.54 sys=0.00, real=0.10 secs] 
4428.815: [GC (Allocation Failure) [PSYoungGen: 321066K->181430K(465920K)] 879395K->767827K(1864192K), 0.0400240 secs] [Times: user=0.17 sys=0.00, real=0.04 secs] 
4428.973: [GC (Allocation Failure) [PSYoungGen: 414390K->184726K(465920K)] 1000787K->827571K(1864192K), 0.0439745 secs] [Times: user=0.19 sys=0.00, real=0.04 secs] 
4429.545: [GC (Allocation Failure) [PSYoungGen: 417686K->186421K(465920K)] 1060531K->885290K(1864192K), 0.0717483 secs] [Times: user=0.35 sys=0.00, real=0.07 secs] 
4430.857: [GC (Allocation Failure) [PSYoungGen: 419381K->107837K(465920K)] 1118250K->877091K(1864192K), 0.0457906 secs] [Times: user=0.24 sys=0.00, real=0.05 secs] 
4431.311: [GC (Allocation Failure) [PSYoungGen: 340797K->153682K(465920K)] 1110051K->957897K(1864192K), 0.0520896 secs] [Times: user=0.25 sys=0.00, real=0.05 secs] 
4431.556: [GC (GCLocker Initiated GC) [PSYoungGen: 386642K->182901K(465920K)] 1190857K->1034923K(1864192K), 0.0586547 secs] [Times: user=0.28 sys=0.00, real=0.06 secs] 
4431.753: [GC (Allocation Failure) [PSYoungGen: 415861K->185751K(465920K)] 1268050K->1101832K(1864192K), 0.0500635 secs] [Times: user=0.23 sys=0.00, real=0.05 secs] 
4431.948: [GC (Allocation Failure) [PSYoungGen: 418711K->186293K(465920K)] 1334792K->1161310K(1864192K), 0.0659926 secs] [Times: user=0.33 sys=0.00, real=0.07 secs] 
4433.208: [GC (Allocation Failure) [PSYoungGen: 419253K->89674K(465920K)] 1394270K->1134884K(1864192K), 0.0753969 secs] [Times: user=0.40 sys=0.01, real=0.07 secs] 
4434.164: [GC (Allocation Failure) [PSYoungGen: 322634K->171636K(465920K)] 1367844K->1245514K(1864192K), 0.0485511 secs] [Times: user=0.21 sys=0.00, real=0.05 secs] 
4434.405: [GC (Allocation Failure) [PSYoungGen: 404596K->184438K(465920K)] 1478474K->1312308K(1864192K), 0.0666338 secs] [Times: user=0.32 sys=0.00, real=0.07 secs] 
4434.673: [GC (Allocation Failure) [PSYoungGen: 417398K->186709K(465920K)] 1545268K->1370419K(1864192K), 0.0610930 secs] [Times: user=0.31 sys=0.00, real=0.06 secs] 
4435.759: [GC (Allocation Failure) [PSYoungGen: 419669K->121551K(465920K)] 1603379K->1375609K(1864192K), 0.0491661 secs] [Times: user=0.25 sys=0.00, real=0.05 secs] 
4437.187: [GC (Allocation Failure) [PSYoungGen: 354511K->148401K(465920K)] 1608569K->1441011K(1864192K), 0.1272618 secs] [Times: user=0.69 sys=0.00, real=0.13 secs] 
4437.482: [GC (Allocation Failure) [PSYoungGen: 381361K->180533K(465920K)] 1673971K->1518656K(1864192K), 0.0413321 secs] [Times: user=0.19 sys=0.00, real=0.04 secs] 
4437.524: [Full GC (Ergonomics) [PSYoungGen: 180533K->0K(465920K)] [ParOldGen: 1338123K->243715K(1398272K)] 1518656K->243715K(1864192K), [Metaspace: 60406K->60406K(1105920K)], 0.2884343 secs] [Times: user=1.31 sys=0.00, real=0.29 secs] 
4437.933: [GC (Allocation Failure) [PSYoungGen: 232960K->185463K(465920K)] 476675K->429178K(1864192K), 0.0911628 secs] [Times: user=0.47 sys=0.01, real=0.09 secs] 
4438.138: [GC (Allocation Failure) [PSYoungGen: 418423K->183604K(465920K)] 662138K->486216K(1864192K), 0.0570251 secs] [Times: user=0.28 sys=0.00, real=0.05 secs] 
4439.181: [GC (GCLocker Initiated GC) [PSYoungGen: 416564K->96699K(465920K)] 719176K->468535K(1864192K), 0.0427935 secs] [Times: user=0.22 sys=0.01, real=0.04 secs] 
4439.549: [GC (Allocation Failure) [PSYoungGen: 329659K->177973K(465920K)] 701790K->580925K(1864192K), 0.0328072 secs] [Times: user=0.13 sys=0.00, real=0.03 secs] 
4439.698: [GC (Allocation Failure) [PSYoungGen: 410933K->181845K(465920K)] 813885K->640409K(1864192K), 0.0429796 secs] [Times: user=0.19 sys=0.00, real=0.05 secs] 
4439.856: [GC (Allocation Failure) [PSYoungGen: 414805K->186421K(465920K)] 873369K->700408K(1864192K), 0.0452634 secs] [Times: user=0.21 sys=0.01, real=0.05 secs] 
4440.886: [GC (Allocation Failure) [PSYoungGen: 419381K->126607K(465920K)] 933368K->710707K(1864192K), 0.0475869 secs] [Times: user=0.24 sys=0.00, real=0.05 secs] 
4441.468: [GC (Allocation Failure) [PSYoungGen: 359346K->141121K(465920K)] 943446K->765220K(1864192K), 0.1133086 secs] [Times: user=0.61 sys=0.00, real=0.11 secs] 
4441.779: [GC (Allocation Failure) [PSYoungGen: 374081K->178741K(465920K)] 998180K->848409K(1864192K), 0.0445566 secs] [Times: user=0.20 sys=0.00, real=0.04 secs] 
4441.946: [GC (Allocation Failure) [PSYoungGen: 411701K->185975K(465920K)] 1081369K->917867K(1864192K), 0.0496747 secs] [Times: user=0.23 sys=0.00, real=0.05 secs] 
4442.109: [GC (Allocation Failure) [PSYoungGen: 418935K->183860K(465920K)] 1150827K->974889K(1864192K), 0.0574894 secs] [Times: user=0.29 sys=0.00, real=0.05 secs] 
4443.850: [GC (Allocation Failure) [PSYoungGen: 416820K->89194K(465920K)] 1207849K->949543K(1864192K), 0.1156493 secs] [Times: user=0.64 sys=0.00, real=0.11 secs] 
4444.507: [GC (Allocation Failure) [PSYoungGen: 322154K->174677K(465920K)] 1182503K->1063662K(1864192K), 0.0417708 secs] [Times: user=0.18 sys=0.00, real=0.05 secs] 
4444.677: [GC (Allocation Failure) [PSYoungGen: 407637K->184246K(465920K)] 1296622K->1128055K(1864192K), 0.0447676 secs] [Times: user=0.20 sys=0.00, real=0.05 secs] 
4444.862: [GC (Allocation Failure) [PSYoungGen: 417206K->186837K(465920K)] 1361015K->1186534K(1864192K), 0.0654558 secs] [Times: user=0.31 sys=0.00, real=0.06 secs] 
4445.922: [GC (Allocation Failure) [PSYoungGen: 419797K->136881K(465920K)] 1419494K->1206850K(1864192K), 0.0509914 secs] [Times: user=0.25 sys=0.00, real=0.05 secs] 
4446.360: [GC (Allocation Failure) [PSYoungGen: 369841K->138992K(465920K)] 1439810K->1252466K(1864192K), 0.1239318 secs] [Times: user=0.67 sys=0.00, real=0.12 secs] 
4446.636: [GC (Allocation Failure) [PSYoungGen: 371952K->174868K(465920K)] 1485426K->1332770K(1864192K), 0.0390305 secs] [Times: user=0.18 sys=0.00, real=0.04 secs] 
4446.796: [GC (Allocation Failure) [PSYoungGen: 407828K->185271K(465920K)] 1565730K->1404332K(1864192K), 0.0513760 secs] [Times: user=0.24 sys=0.00, real=0.05 secs] 
4447.067: [GC (Allocation Failure) [PSYoungGen: 418231K->183188K(465920K)] 1637292K->1461082K(1864192K), 0.0641836 secs] [Times: user=0.33 sys=0.00, real=0.07 secs] 
4448.454: [GC (Allocation Failure) [PSYoungGen: 416148K->91498K(465920K)] 1694042K->1438328K(1864192K), 0.0607612 secs] [Times: user=0.32 sys=0.00, real=0.06 secs] 
4448.515: [Full GC (Ergonomics) [PSYoungGen: 91498K->0K(465920K)] [ParOldGen: 1346829K->94158K(1398272K)] 1438328K->94158K(1864192K), [Metaspace: 60406K->60406K(1105920K)], 0.0688380 secs] [Times: user=0.27 sys=0.01, real=0.07 secs] 
4449.040: [GC (Allocation Failure) [PSYoungGen: 232960K->177845K(465920K)] 327118K->272004K(1864192K), 0.0331358 secs] [Times: user=0.13 sys=0.00, real=0.03 secs] 
4449.212: [GC (Allocation Failure) [PSYoungGen: 410805K->184918K(465920K)] 504964K->334625K(1864192K), 0.0419579 secs] [Times: user=0.18 sys=0.00, real=0.04 secs] 
4449.365: [GC (Allocation Failure) [PSYoungGen: 417878K->219957K(465920K)] 567585K->425800K(1864192K), 0.0458506 secs] [Times: user=0.21 sys=0.01, real=0.05 secs] 
4450.376: [GC (Allocation Failure) [PSYoungGen: 452917K->138993K(465920K)] 658760K->415380K(1864192K), 0.0489830 secs] [Times: user=0.23 sys=0.00, real=0.05 secs] 
4451.586: [GC (Allocation Failure) [PSYoungGen: 371953K->127727K(465920K)] 648340K->447934K(1864192K), 0.1286216 secs] [Times: user=0.71 sys=0.00, real=0.13 secs] 
4451.876: [GC (Allocation Failure) [PSYoungGen: 360687K->178805K(465920K)] 680894K->540001K(1864192K), 0.0380356 secs] [Times: user=0.17 sys=0.00, real=0.04 secs] 
4452.035: [GC (Allocation Failure) [PSYoungGen: 411765K->185527K(465920K)] 772961K->609107K(1864192K), 0.0488459 secs] [Times: user=0.23 sys=0.00, real=0.05 secs] 
4452.220: [GC (Allocation Failure) [PSYoungGen: 418487K->183860K(465920K)] 842067K->666177K(1864192K), 0.0746399 secs] [Times: user=0.39 sys=0.00, real=0.07 secs] 
4453.578: [GC (Allocation Failure) [PSYoungGen: 416820K->92027K(465920K)] 899137K->643735K(1864192K), 0.1054124 secs] [Times: user=0.58 sys=0.00, real=0.11 secs] 
4454.185: [GC (Allocation Failure) [PSYoungGen: 324987K->176949K(465920K)] 876695K->758813K(1864192K), 0.0546287 secs] [Times: user=0.24 sys=0.00, real=0.06 secs] 
4454.470: [GC (Allocation Failure) [PSYoungGen: 409909K->183989K(465920K)] 991773K->820894K(1864192K), 0.0591781 secs] [Times: user=0.27 sys=0.00, real=0.06 secs] 
4454.651: [GC (Allocation Failure) [PSYoungGen: 416949K->202933K(465920K)] 1053854K->895413K(1864192K), 0.0454210 secs] [Times: user=0.21 sys=0.00, real=0.04 secs] 
4455.725: [GC (Allocation Failure) [PSYoungGen: 435893K->145458K(465920K)] 1128373K->908362K(1864192K), 0.0504554 secs] [Times: user=0.24 sys=0.00, real=0.05 secs] 
4456.360: [GC (Allocation Failure) [PSYoungGen: 378418K->123118K(465920K)] 1141322K->931959K(1864192K), 0.1721957 secs] [Times: user=0.97 sys=0.00, real=0.17 secs] 
4456.802: [GC (Allocation Failure) [PSYoungGen: 356078K->177589K(465920K)] 1164919K->1025394K(1864192K), 0.0376713 secs] [Times: user=0.16 sys=0.01, real=0.04 secs] 
4456.988: [GC (Allocation Failure) [PSYoungGen: 410549K->185495K(465920K)] 1258354K->1095384K(1864192K), 0.0549588 secs] [Times: user=0.26 sys=0.00, real=0.06 secs] 
4457.323: [GC (GCLocker Initiated GC) [PSYoungGen: 418455K->184853K(465920K)] 1328346K->1153704K(1864192K), 0.0611110 secs] [Times: user=0.30 sys=0.00, real=0.06 secs] 
4459.038: [GC (Allocation Failure) [PSYoungGen: 417813K->94107K(465920K)] 1386829K->1132963K(1864192K), 0.1312788 secs] [Times: user=0.73 sys=0.00, real=0.13 secs] 
4460.176: [GC (Allocation Failure) [PSYoungGen: 327067K->169812K(465920K)] 1365923K->1238345K(1864192K), 0.0494565 secs] [Times: user=0.22 sys=0.00, real=0.05 secs] 
4460.378: [GC (Allocation Failure) [PSYoungGen: 402772K->181813K(465920K)] 1471305K->1303586K(1864192K), 0.0429442 secs] [Times: user=0.19 sys=0.00, real=0.04 secs] 
4460.552: [GC (Allocation Failure) [PSYoungGen: 404153K->176150K(465920K)] 1525926K->1361363K(1864192K), 0.0657247 secs] [Times: user=0.29 sys=0.00, real=0.07 secs] 
4461.484: [GC (Allocation Failure) [PSYoungGen: 409110K->168467K(465920K)] 1594323K->1409704K(1864192K), 0.0544052 secs] [Times: user=0.27 sys=0.00, real=0.06 secs] 
4462.188: [GC (GCLocker Initiated GC) [PSYoungGen: 401427K->107548K(465920K)] 1642665K->1413251K(1864192K), 0.1128610 secs] [Times: user=0.61 sys=0.00, real=0.11 secs] 
4462.649: [Full GC (Ergonomics) [PSYoungGen: 340508K->0K(465920K)] [ParOldGen: 1314059K->233583K(1398272K)] 1654568K->233583K(1864192K), [Metaspace: 60406K->60406K(1105920K)], 0.2680467 secs] [Times: user=1.26 sys=0.00, real=0.26 secs] 
4463.069: [GC (Allocation Failure) [PSYoungGen: 232960K->184086K(465920K)] 466543K->417670K(1864192K), 0.0902455 secs] [Times: user=0.48 sys=0.00, real=0.09 secs] 
4463.277: [GC (Allocation Failure) [PSYoungGen: 417046K->186741K(465920K)] 650630K->478789K(1864192K), 0.0579498 secs] [Times: user=0.29 sys=0.00, real=0.06 secs] 
4464.348: [GC (Allocation Failure) [PSYoungGen: 419701K->94603K(465920K)] 711749K->457267K(1864192K), 0.0457807 secs] [Times: user=0.24 sys=0.00, real=0.05 secs] 
4464.631: [GC (Allocation Failure) [PSYoungGen: 327563K->173909K(465920K)] 690227K->567770K(1864192K), 0.0553718 secs] [Times: user=0.25 sys=0.00, real=0.05 secs] 
4464.835: [GC (Allocation Failure) [PSYoungGen: 406869K->181781K(465920K)] 800730K->629746K(1864192K), 0.0426390 secs] [Times: user=0.19 sys=0.00, real=0.05 secs] 
4465.035: [GC (Allocation Failure) [PSYoungGen: 411743K->180918K(465920K)] 859708K->692283K(1864192K), 0.0716107 secs] [Times: user=0.35 sys=0.00, real=0.07 secs] 
4465.878: [GC (Allocation Failure) [PSYoungGen: 410837K->207187K(465920K)] 922202K->776128K(1864192K), 0.0554063 secs] [Times: user=0.27 sys=0.01, real=0.05 secs] 
4466.547: [GC (Allocation Failure) [PSYoungGen: 440147K->99371K(465920K)] 1009088K->733344K(1864192K), 0.1119017 secs] [Times: user=0.62 sys=0.00, real=0.12 secs] 
4467.216: [GC (Allocation Failure) [PSYoungGen: 332331K->178773K(465920K)] 966304K->844315K(1864192K), 0.0404814 secs] [Times: user=0.18 sys=0.01, real=0.04 secs] 
4467.375: [GC (Allocation Failure) [PSYoungGen: 411733K->184758K(465920K)] 1077275K->906400K(1864192K), 0.0433990 secs] [Times: user=0.19 sys=0.00, real=0.05 secs] 
4467.533: [GC (Allocation Failure) [PSYoungGen: 417718K->186517K(465920K)] 1139360K->964031K(1864192K), 0.0453317 secs] [Times: user=0.21 sys=0.00, real=0.05 secs] 
4468.742: [GC (Allocation Failure) [PSYoungGen: 419477K->98027K(465920K)] 1196991K->945773K(1864192K), 0.0621893 secs] [Times: user=0.33 sys=0.00, real=0.06 secs] 
4469.941: [GC (Allocation Failure) [PSYoungGen: 330987K->166004K(465920K)] 1178733K->1045206K(1864192K), 0.0727632 secs] [Times: user=0.36 sys=0.00, real=0.07 secs] 
4470.223: [GC (Allocation Failure) [PSYoungGen: 398964K->182069K(465920K)] 1278166K->1113376K(1864192K), 0.0523303 secs] [Times: user=0.25 sys=0.00, real=0.05 secs] 
4470.449: [GC (Allocation Failure) [PSYoungGen: 415029K->185463K(465920K)] 1346336K->1180338K(1864192K), 0.0739474 secs] [Times: user=0.37 sys=0.00, real=0.07 secs] 
4470.849: [GC (Allocation Failure) [PSYoungGen: 417901K->217845K(465920K)] 1412776K->1271520K(1864192K), 0.0560269 secs] [Times: user=0.26 sys=0.00, real=0.05 secs] 
4471.902: [GC (GCLocker Initiated GC) [PSYoungGen: 450805K->91658K(465920K)] 1504480K->1215014K(1864192K), 0.0670318 secs] [Times: user=0.36 sys=0.00, real=0.07 secs] 
4472.256: [GC (Allocation Failure) [PSYoungGen: 324618K->182582K(465920K)] 1448141K->1335760K(1864192K), 0.0356730 secs] [Times: user=0.15 sys=0.00, real=0.04 secs] 
4472.450: [GC (Allocation Failure) [PSYoungGen: 415542K->184053K(465920K)] 1568720K->1394048K(1864192K), 0.0518428 secs] [Times: user=0.24 sys=0.00, real=0.05 secs] 
4472.625: [GC (Allocation Failure) [PSYoungGen: 417013K->186901K(465920K)] 1627008K->1452979K(1864192K), 0.0462751 secs] [Times: user=0.21 sys=0.00, real=0.05 secs] 
4473.673: [GC (Allocation Failure) [PSYoungGen: 419861K->96779K(465920K)] 1685939K->1433202K(1864192K), 0.0448023 secs] [Times: user=0.23 sys=0.00, real=0.04 secs] 
4473.718: [Full GC (Ergonomics) [PSYoungGen: 96779K->0K(465920K)] [ParOldGen: 1336422K->86688K(1398272K)] 1433202K->86688K(1864192K), [Metaspace: 60406K->60406K(1105920K)], 0.0343596 secs] [Times: user=0.10 sys=0.00, real=0.04 secs] 
4474.627: [GC (Allocation Failure) [PSYoungGen: 232960K->167092K(465920K)] 319648K->253780K(1864192K), 0.0364434 secs] [Times: user=0.13 sys=0.00, real=0.04 secs] 
4474.874: [GC (Allocation Failure) [PSYoungGen: 400052K->184694K(465920K)] 486740K->323794K(1864192K), 0.0552035 secs] [Times: user=0.25 sys=0.00, real=0.06 secs] 
4475.050: [GC (Allocation Failure) [PSYoungGen: 417654K->185751K(465920K)] 556754K->388979K(1864192K), 0.0495002 secs] [Times: user=0.23 sys=0.00, real=0.05 secs] 
4475.215: [GC (Allocation Failure) [PSYoungGen: 418711K->184148K(465920K)] 621939K->446177K(1864192K), 0.0547545 secs] [Times: user=0.26 sys=0.01, real=0.06 secs] 
4477.121: [GC (Allocation Failure) [PSYoungGen: 417108K->86506K(465920K)] 679137K->418058K(1864192K), 0.1012465 secs] [Times: user=0.55 sys=0.00, real=0.10 secs] 
4477.541: [GC (Allocation Failure) [PSYoungGen: 319466K->182646K(465920K)] 651018K->541651K(1864192K), 0.0337353 secs] [Times: user=0.14 sys=0.00, real=0.03 secs] 
4477.691: [GC (Allocation Failure) [PSYoungGen: 415606K->185014K(465920K)] 774611K->600823K(1864192K), 0.0435682 secs] [Times: user=0.20 sys=0.00, real=0.04 secs] 
4477.923: [GC (Allocation Failure) [PSYoungGen: 417974K->183124K(465920K)] 833783K->655150K(1864192K), 0.0482245 secs] [Times: user=0.23 sys=0.00, real=0.05 secs] 
4479.463: [GC (Allocation Failure) [PSYoungGen: 416084K->102364K(465920K)] 888110K->643646K(1864192K), 0.0445007 secs] [Times: user=0.23 sys=0.00, real=0.04 secs] 
4479.920: [GC (Allocation Failure) [PSYoungGen: 335324K->164852K(465920K)] 876606K->739961K(1864192K), 0.0776191 secs] [Times: user=0.39 sys=0.00, real=0.08 secs] 
4480.363: [GC (Allocation Failure) [PSYoungGen: 397812K->183733K(465920K)] 972921K->809891K(1864192K), 0.0649528 secs] [Times: user=0.31 sys=0.00, real=0.06 secs] 
4480.812: [GC (Allocation Failure) [PSYoungGen: 416693K->185239K(465920K)] 1042851K->875260K(1864192K), 0.0638078 secs] [Times: user=0.32 sys=0.00, real=0.06 secs] 
4481.013: [GC (Allocation Failure) [PSYoungGen: 418199K->186005K(465920K)] 1108220K->934738K(1864192K), 0.0642764 secs] [Times: user=0.31 sys=0.00, real=0.06 secs] 
4482.144: [GC (Allocation Failure) [PSYoungGen: 418965K->84730K(465920K)] 1167698K->903687K(1864192K), 0.0641408 secs] [Times: user=0.34 sys=0.01, real=0.07 secs] 
4482.790: [GC (Allocation Failure) [PSYoungGen: 317690K->181078K(465920K)] 1136647K->1027404K(1864192K), 0.0437026 secs] [Times: user=0.19 sys=0.01, real=0.04 secs] 
4482.960: [GC (Allocation Failure) [PSYoungGen: 414038K->184534K(465920K)] 1260364K->1087212K(1864192K), 0.0460152 secs] [Times: user=0.21 sys=0.00, real=0.04 secs] 
4483.164: [GC (GCLocker Initiated GC) [PSYoungGen: 417494K->185973K(465920K)] 1320173K->1144628K(1864192K), 0.0569388 secs] [Times: user=0.28 sys=0.00, real=0.06 secs] 
4484.249: [GC (Allocation Failure) [PSYoungGen: 418933K->106733K(465920K)] 1377589K->1135589K(1864192K), 0.0488233 secs] [Times: user=0.25 sys=0.00, real=0.04 secs] 
4485.548: [GC (Allocation Failure) [PSYoungGen: 339693K->151346K(465920K)] 1368549K->1214643K(1864192K), 0.1187790 secs] [Times: user=0.63 sys=0.00, real=0.12 secs] 
4485.852: [GC (Allocation Failure) [PSYoungGen: 384306K->183797K(465920K)] 1447603K->1295027K(1864192K), 0.0418360 secs] [Times: user=0.19 sys=0.00, real=0.04 secs] 
4486.065: [GC (Allocation Failure) [PSYoungGen: 416757K->185367K(465920K)] 1527987K->1360436K(1864192K), 0.0810012 secs] [Times: user=0.41 sys=0.01, real=0.08 secs] 
4486.277: [GC (Allocation Failure) [PSYoungGen: 418327K->186453K(465920K)] 1593396K->1420466K(1864192K), 0.0566778 secs] [Times: user=0.28 sys=0.00, real=0.06 secs] 
4487.516: [GC (Allocation Failure) [PSYoungGen: 419413K->92603K(465920K)] 1653426K->1397048K(1864192K), 0.1040267 secs] [Times: user=0.56 sys=0.00, real=0.11 secs] 
4488.124: [GC (Allocation Failure) [PSYoungGen: 325563K->176053K(465920K)] 1630008K->1510063K(1864192K), 0.0476279 secs] [Times: user=0.21 sys=0.00, real=0.05 secs] 
4488.172: [Full GC (Ergonomics) [PSYoungGen: 176053K->0K(465920K)] [ParOldGen: 1334010K->215840K(1398272K)] 1510063K->215840K(1864192K), [Metaspace: 60406K->60406K(1105920K)], 0.2535085 secs] [Times: user=1.17 sys=0.00, real=0.25 secs] 
4488.584: [GC (Allocation Failure) [PSYoungGen: 232960K->181621K(465920K)] 448800K->397461K(1864192K), 0.0263034 secs] [Times: user=0.09 sys=0.00, real=0.03 secs] 
4488.737: [GC (Allocation Failure) [PSYoungGen: 414581K->186613K(465920K)] 630421K->457477K(1864192K), 0.0442361 secs] [Times: user=0.21 sys=0.00, real=0.05 secs] 
4489.745: [GC (Allocation Failure) [PSYoungGen: 419573K->119710K(465920K)] 690437K->460975K(1864192K), 0.0461344 secs] [Times: user=0.23 sys=0.00, real=0.05 secs] 
4490.130: [GC (Allocation Failure) [PSYoungGen: 352670K->150066K(465920K)] 693935K->529907K(1864192K), 0.1017413 secs] [Times: user=0.54 sys=0.01, real=0.10 secs] 
4490.434: [GC (Allocation Failure) [PSYoungGen: 383026K->183893K(465920K)] 762867K->610179K(1864192K), 0.0472233 secs] [Times: user=0.21 sys=0.00, real=0.05 secs] 
4490.598: [GC (Allocation Failure) [PSYoungGen: 416853K->185495K(465920K)] 843139K->675968K(1864192K), 0.0495468 secs] [Times: user=0.23 sys=0.00, real=0.04 secs] 
4490.782: [GC (Allocation Failure) [PSYoungGen: 418455K->184148K(465920K)] 908928K->733366K(1864192K), 0.0666214 secs] [Times: user=0.34 sys=0.00, real=0.07 secs] 
4492.346: [GC (Allocation Failure) [PSYoungGen: 417108K->87802K(465920K)] 966326K->706659K(1864192K), 0.1063606 secs] [Times: user=0.59 sys=0.00, real=0.11 secs] 
4492.898: [GC (Allocation Failure) [PSYoungGen: 320762K->178965K(465920K)] 939619K->826288K(1864192K), 0.0424176 secs] [Times: user=0.18 sys=0.00, real=0.05 secs] 
4493.106: [GC (Allocation Failure) [PSYoungGen: 411925K->184822K(465920K)] 1059248K->887772K(1864192K), 0.0489716 secs] [Times: user=0.22 sys=0.00, real=0.05 secs] 
4493.276: [GC (Allocation Failure) [PSYoungGen: 417782K->183860K(465920K)] 1120732K->942763K(1864192K), 0.0464853 secs] [Times: user=0.22 sys=0.00, real=0.05 secs] 
4494.259: [GC (Allocation Failure) [PSYoungGen: 416820K->123599K(465920K)] 1175723K->951941K(1864192K), 0.0484994 secs] [Times: user=0.24 sys=0.00, real=0.04 secs] 
4495.499: [GC (Allocation Failure) [PSYoungGen: 356559K->144833K(465920K)] 1184901K->1012319K(1864192K), 0.1173250 secs] [Times: user=0.64 sys=0.00, real=0.11 secs] 
4495.818: [GC (GCLocker Initiated GC) [PSYoungGen: 377793K->180725K(465920K)] 1245279K->1093520K(1864192K), 0.0404572 secs] [Times: user=0.18 sys=0.00, real=0.04 secs] 
4495.977: [GC (Allocation Failure) [PSYoungGen: 413685K->182934K(465920K)] 1326647K->1159085K(1864192K), 0.0512562 secs] [Times: user=0.24 sys=0.00, real=0.06 secs] 
4496.172: [GC (Allocation Failure) [PSYoungGen: 415894K->186325K(465920K)] 1392045K->1220803K(1864192K), 0.0819601 secs] [Times: user=0.43 sys=0.00, real=0.08 secs] 
4497.381: [GC (Allocation Failure) [PSYoungGen: 419285K->94379K(465920K)] 1453763K->1198913K(1864192K), 0.0609263 secs] [Times: user=0.32 sys=0.00, real=0.06 secs] 
4497.873: [GC (Allocation Failure) [PSYoungGen: 327339K->174421K(465920K)] 1431873K->1309939K(1864192K), 0.0472991 secs] [Times: user=0.21 sys=0.00, real=0.05 secs] 
4498.058: [GC (Allocation Failure) [PSYoungGen: 407381K->184053K(465920K)] 1542899K->1373588K(1864192K), 0.0449831 secs] [Times: user=0.20 sys=0.00, real=0.04 secs] 
4498.246: [GC (Allocation Failure) [PSYoungGen: 417013K->186421K(465920K)] 1606548K->1431959K(1864192K), 0.0510550 secs] [Times: user=0.24 sys=0.00, real=0.05 secs] 
4499.267: [GC (Allocation Failure) [PSYoungGen: 419381K->129328K(465920K)] 1664919K->1445242K(1864192K), 0.0501374 secs] [Times: user=0.25 sys=0.00, real=0.05 secs] 
4499.317: [Full GC (Ergonomics) [PSYoungGen: 129328K->0K(465920K)] [ParOldGen: 1315914K->342574K(1398272K)] 1445242K->342574K(1864192K), [Metaspace: 60413K->60413K(1105920K)], 0.5892846 secs] [Times: user=2.59 sys=0.00, real=0.59 secs] 
4500.543: [GC (Allocation Failure) [PSYoungGen: 232960K->138144K(465920K)] 575534K->480718K(1864192K), 0.0336149 secs] [Times: user=0.13 sys=0.00, real=0.03 secs] 
4500.756: [GC (Allocation Failure) [PSYoungGen: 371104K->178613K(465920K)] 713678K->565460K(1864192K), 0.0384243 secs] [Times: user=0.17 sys=0.00, real=0.04 secs] 
4500.972: [GC (Allocation Failure) [PSYoungGen: 411573K->185655K(465920K)] 798420K->634946K(1864192K), 0.0720196 secs] [Times: user=0.35 sys=0.00, real=0.07 secs] 
4501.175: [GC (Allocation Failure) [PSYoungGen: 418615K->183796K(465920K)] 867906K->691816K(1864192K), 0.0567253 secs] [Times: user=0.28 sys=0.00, real=0.06 secs] 
4502.507: [GC (Allocation Failure) [PSYoungGen: 416756K->93691K(465920K)] 924776K->671118K(1864192K), 0.1005047 secs] [Times: user=0.54 sys=0.01, real=0.10 secs] 
4503.262: [GC (Allocation Failure) [PSYoungGen: 326651K->175061K(465920K)] 904078K->782221K(1864192K), 0.0489164 secs] [Times: user=0.21 sys=0.00, real=0.05 secs] 
4503.463: [GC (Allocation Failure) [PSYoungGen: 408021K->184598K(465920K)] 1015181K->846802K(1864192K), 0.0429103 secs] [Times: user=0.20 sys=0.01, real=0.04 secs] 
4503.621: [GC (Allocation Failure) [PSYoungGen: 417558K->186549K(465920K)] 1079762K->904809K(1864192K), 0.0455515 secs] [Times: user=0.22 sys=0.00, real=0.04 secs] 
4504.682: [GC (Allocation Failure) [PSYoungGen: 419509K->135632K(465920K)] 1137769K->924133K(1864192K), 0.0489463 secs] [Times: user=0.24 sys=0.00, real=0.05 secs] 
4505.145: [GC (Allocation Failure) [PSYoungGen: 368592K->134560K(465920K)] 1157093K->966148K(1864192K), 0.1081362 secs] [Times: user=0.59 sys=0.00, real=0.11 secs] 
4505.407: [GC (Allocation Failure) [PSYoungGen: 367520K->178325K(465920K)] 1199108K->1053097K(1864192K), 0.0386975 secs] [Times: user=0.17 sys=0.00, real=0.04 secs] 
4505.606: [GC (Allocation Failure) [PSYoungGen: 411285K->185079K(465920K)] 1286057K->1122219K(1864192K), 0.0566594 secs] [Times: user=0.27 sys=0.00, real=0.06 secs] 
4505.784: [GC (Allocation Failure) [PSYoungGen: 418039K->186389K(465920K)] 1355179K->1182417K(1864192K), 0.0588487 secs] [Times: user=0.29 sys=0.00, real=0.06 secs] 
4506.867: [GC (Allocation Failure) [PSYoungGen: 419349K->86122K(465920K)] 1415377K->1152470K(1864192K), 0.0522847 secs] [Times: user=0.28 sys=0.00, real=0.06 secs] 
4507.464: [GC (Allocation Failure) [PSYoungGen: 319082K->177045K(465920K)] 1385430K->1270962K(1864192K), 0.0488994 secs] [Times: user=0.21 sys=0.00, real=0.05 secs] 
4507.729: [GC (Allocation Failure) [PSYoungGen: 410005K->184374K(465920K)] 1503922K->1333502K(1864192K), 0.0574219 secs] [Times: user=0.28 sys=0.00, real=0.05 secs] 
4507.942: [GC (Allocation Failure) [PSYoungGen: 417334K->184148K(465920K)] 1566462K->1389149K(1864192K), 0.0658289 secs] [Times: user=0.32 sys=0.00, real=0.06 secs] 
4508.975: [GC (Allocation Failure) [PSYoungGen: 417108K->146034K(465920K)] 1622109K->1420715K(1864192K), 0.0508912 secs] [Times: user=0.25 sys=0.00, real=0.05 secs] 
4510.725: [GC (Allocation Failure) [PSYoungGen: 378994K->119646K(465920K)] 1653675K->1440479K(1864192K), 0.1727370 secs] [Times: user=0.98 sys=0.00, real=0.18 secs] 
4510.898: [Full GC (Ergonomics) [PSYoungGen: 119646K->0K(465920K)] [ParOldGen: 1320832K->136369K(1398272K)] 1440479K->136369K(1864192K), [Metaspace: 60413K->60413K(1105920K)], 0.1642782 secs] [Times: user=0.76 sys=0.01, real=0.16 secs] 
4511.358: [GC (Allocation Failure) [PSYoungGen: 232960K->178165K(465920K)] 369329K->314534K(1864192K), 0.0264504 secs] [Times: user=0.09 sys=0.00, real=0.03 secs] 
4511.504: [GC (Allocation Failure) [PSYoungGen: 411125K->185655K(465920K)] 547494K->384160K(1864192K), 0.0474360 secs] [Times: user=0.22 sys=0.00, real=0.05 secs] 
4511.664: [GC (Allocation Failure) [PSYoungGen: 418615K->200660K(465920K)] 617120K->458214K(1864192K), 0.0571792 secs] [Times: user=0.28 sys=0.00, real=0.06 secs] 
4512.717: [GC (Allocation Failure) [PSYoungGen: 433620K->97227K(465920K)] 691174K->424405K(1864192K), 0.0453124 secs] [Times: user=0.23 sys=0.00, real=0.05 secs] 
4513.017: [GC (Allocation Failure) [PSYoungGen: 330187K->174901K(465920K)] 657365K->534063K(1864192K), 0.0337136 secs] [Times: user=0.14 sys=0.00, real=0.04 secs] 
4513.357: [GC (GCLocker Initiated GC) [PSYoungGen: 407861K->178325K(465920K)] 767023K->591663K(1864192K), 0.0690702 secs] [Times: user=0.33 sys=0.00, real=0.07 secs] 
4513.717: [GC (Allocation Failure) [PSYoungGen: 411285K->183094K(465920K)] 841009K->666771K(1864192K), 0.1966843 secs] [Times: user=1.11 sys=0.00, real=0.20 secs] 
4515.785: [GC (Allocation Failure) [PSYoungGen: 416054K->143729K(465920K)] 899731K->685534K(1864192K), 0.1668230 secs] [Times: user=0.95 sys=0.01, real=0.17 secs] 
4516.757: [GC (Allocation Failure) [PSYoungGen: 376689K->122254K(465920K)] 918494K->709427K(1864192K), 0.1454206 secs] [Times: user=0.81 sys=0.00, real=0.15 secs] 
4517.233: [GC (Allocation Failure) [PSYoungGen: 355214K->175828K(465920K)] 942387K->802174K(1864192K), 0.0370492 secs] [Times: user=0.16 sys=0.00, real=0.04 secs] 
4517.392: [GC (Allocation Failure) [PSYoungGen: 408788K->185431K(465920K)] 1035134K->873520K(1864192K), 0.0488194 secs] [Times: user=0.22 sys=0.00, real=0.05 secs] 
4517.557: [GC (Allocation Failure) [PSYoungGen: 418391K->186805K(465920K)] 1106480K->933639K(1864192K), 0.0568341 secs] [Times: user=0.28 sys=0.00, real=0.06 secs] 
4518.908: [GC (Allocation Failure) [PSYoungGen: 419765K->91675K(465920K)] 1166599K->908972K(1864192K), 0.0929549 secs] [Times: user=0.50 sys=0.01, real=0.09 secs] 
4519.880: [GC (Allocation Failure) [PSYoungGen: 324635K->170996K(465920K)] 1141932K->1017515K(1864192K), 0.0566680 secs] [Times: user=0.26 sys=0.00, real=0.05 secs] 
4520.114: [GC (Allocation Failure) [PSYoungGen: 403956K->184694K(465920K)] 1250475K->1085044K(1864192K), 0.0438860 secs] [Times: user=0.20 sys=0.00, real=0.05 secs] 
4520.272: [GC (Allocation Failure) [PSYoungGen: 404722K->174389K(465920K)] 1305072K->1139036K(1864192K), 0.0494581 secs] [Times: user=0.23 sys=0.00, real=0.05 secs] 
4521.188: [GC (Allocation Failure) [PSYoungGen: 407349K->168979K(465920K)] 1371996K->1188985K(1864192K), 0.0552058 secs] [Times: user=0.27 sys=0.00, real=0.05 secs] 
4521.704: [GC (Allocation Failure) [PSYoungGen: 401939K->107884K(465920K)] 1421945K->1192523K(1864192K), 0.0676239 secs] [Times: user=0.36 sys=0.00, real=0.07 secs] 
4522.137: [GC (Allocation Failure) [PSYoungGen: 340844K->174805K(465920K)] 1425483K->1294404K(1864192K), 0.0368908 secs] [Times: user=0.15 sys=0.01, real=0.04 secs] 
4522.296: [GC (Allocation Failure) [PSYoungGen: 407765K->184181K(465920K)] 1527364K->1358541K(1864192K), 0.0445210 secs] [Times: user=0.20 sys=0.00, real=0.05 secs] 
4522.456: [GC (Allocation Failure) [PSYoungGen: 417141K->186261K(465920K)] 1591501K->1416516K(1864192K), 0.0473009 secs] [Times: user=0.22 sys=0.00, real=0.05 secs] 
4523.526: [GC (Allocation Failure) [PSYoungGen: 419221K->100460K(465920K)] 1649476K->1401139K(1864192K), 0.0486599 secs] [Times: user=0.25 sys=0.00, real=0.05 secs] 
4523.934: [GC (Allocation Failure) [PSYoungGen: 333420K->170836K(465920K)] 1634099K->1504723K(1864192K), 0.0428440 secs] [Times: user=0.20 sys=0.00, real=0.04 secs] 
4523.977: [Full GC (Ergonomics) [PSYoungGen: 170836K->0K(465920K)] [ParOldGen: 1333886K->195680K(1398272K)] 1504723K->195680K(1864192K), [Metaspace: 60413K->60413K(1105920K)], 0.1838468 secs] [Times: user=0.82 sys=0.00, real=0.19 secs] 
4524.311: [GC (Allocation Failure) [PSYoungGen: 232960K->184406K(465920K)] 428640K->380086K(1864192K), 0.0333765 secs] [Times: user=0.14 sys=0.00, real=0.03 secs] 
4524.461: [GC (Allocation Failure) [PSYoungGen: 417366K->185591K(465920K)] 613046K->445543K(1864192K), 0.0435007 secs] [Times: user=0.19 sys=0.00, real=0.04 secs] 
4525.256: [GC (Allocation Failure) [PSYoungGen: 417606K->208275K(465920K)] 677558K->527259K(1864192K), 0.0548842 secs] [Times: user=0.27 sys=0.00, real=0.06 secs] 
4526.401: [GC (Allocation Failure) [PSYoungGen: 441235K->95627K(465920K)] 760219K->480075K(1864192K), 0.0887074 secs] [Times: user=0.47 sys=0.00, real=0.09 secs] 
4526.816: [GC (Allocation Failure) [PSYoungGen: 328587K->183126K(465920K)] 713035K->598199K(1864192K), 0.0353536 secs] [Times: user=0.14 sys=0.00, real=0.04 secs] 
4526.968: [GC (Allocation Failure) [PSYoungGen: 416086K->184790K(465920K)] 831159K->656895K(1864192K), 0.0433172 secs] [Times: user=0.20 sys=0.00, real=0.04 secs] 
4527.164: [GC (Allocation Failure) [PSYoungGen: 417750K->183988K(465920K)] 889855K->712126K(1864192K), 0.0651480 secs] [Times: user=0.32 sys=0.00, real=0.07 secs] 
4528.280: [GC (Allocation Failure) [PSYoungGen: 416948K->101340K(465920K)] 945086K->699061K(1864192K), 0.0620939 secs] [Times: user=0.33 sys=0.00, real=0.06 secs] 
4529.293: [GC (Allocation Failure) [PSYoungGen: 334300K->166868K(465920K)] 932021K->797949K(1864192K), 0.0623624 secs] [Times: user=0.30 sys=0.00, real=0.06 secs] 
4529.502: [GC (Allocation Failure) [PSYoungGen: 399828K->184534K(465920K)] 1030909K->867247K(1864192K), 0.0420066 secs] [Times: user=0.19 sys=0.00, real=0.04 secs] 
4529.860: [GC (Allocation Failure) [PSYoungGen: 417494K->183894K(465920K)] 1100207K->930896K(1864192K), 0.0513705 secs] [Times: user=0.24 sys=0.00, real=0.05 secs] 
4530.428: [GC (GCLocker Initiated GC) [PSYoungGen: 416854K->179092K(465920K)] 1163857K->984550K(1864192K), 0.1171169 secs] [Times: user=0.61 sys=0.01, real=0.12 secs] 
4531.697: [GC (Allocation Failure) [PSYoungGen: 412052K->87578K(465920K)] 1217512K->960918K(1864192K), 0.0773150 secs] [Times: user=0.42 sys=0.00, real=0.08 secs] 
4532.147: [GC (Allocation Failure) [PSYoungGen: 320538K->182006K(465920K)] 1193878K->1083382K(1864192K), 0.0445520 secs] [Times: user=0.19 sys=0.00, real=0.05 secs] 
4532.369: [GC (Allocation Failure) [PSYoungGen: 414966K->184598K(465920K)] 1316342K->1142806K(1864192K), 0.0644423 secs] [Times: user=0.28 sys=0.00, real=0.06 secs] 
4532.576: [GC (Allocation Failure) [PSYoungGen: 417558K->186645K(465920K)] 1375766K->1200813K(1864192K), 0.0455385 secs] [Times: user=0.21 sys=0.00, real=0.05 secs] 
4533.609: [GC (Allocation Failure) [PSYoungGen: 419605K->101356K(465920K)] 1433773K->1185845K(1864192K), 0.0453911 secs] [Times: user=0.23 sys=0.00, real=0.04 secs] 
4534.842: [GC (GCLocker Initiated GC) [PSYoungGen: 334316K->162067K(465920K)] 1418805K->1279632K(1864192K), 0.0893973 secs] [Times: user=0.44 sys=0.00, real=0.09 secs] 
4535.141: [GC (Allocation Failure) [PSYoungGen: 395027K->182165K(465920K)] 1512595K->1350421K(1864192K), 0.0459910 secs] [Times: user=0.21 sys=0.00, real=0.04 secs] 
4535.340: [GC (Allocation Failure) [PSYoungGen: 415125K->185591K(465920K)] 1583381K->1417571K(1864192K), 0.0754742 secs] [Times: user=0.37 sys=0.00, real=0.07 secs] 
4535.591: [GC (Allocation Failure) [PSYoungGen: 418551K->186421K(465920K)] 1650531K->1477273K(1864192K), 0.0769744 secs] [Times: user=0.39 sys=0.00, real=0.08 secs] 
4536.928: [GC (Allocation Failure) [PSYoungGen: 419259K->87418K(465920K)] 1710111K->1448542K(1864192K), 0.0835972 secs] [Times: user=0.46 sys=0.01, real=0.08 secs] 
4537.012: [Full GC (Ergonomics) [PSYoungGen: 87418K->0K(465920K)] [ParOldGen: 1361124K->102257K(1398272K)] 1448542K->102257K(1864192K), [Metaspace: 60413K->60413K(1105920K)], 0.1425917 secs] [Times: user=0.60 sys=0.00, real=0.14 secs] 
4537.451: [GC (GCLocker Initiated GC) [PSYoungGen: 232960K->181590K(465920K)] 335217K->283847K(1864192K), 0.0261014 secs] [Times: user=0.09 sys=0.00, real=0.02 secs] 
4537.595: [GC (Allocation Failure) [PSYoungGen: 414550K->184726K(465920K)] 516974K->343638K(1864192K), 0.0407610 secs] [Times: user=0.18 sys=0.00, real=0.04 secs] 
4537.786: [GC (Allocation Failure) [PSYoungGen: 417632K->186101K(465920K)] 576544K->401037K(1864192K), 0.0494190 secs] [Times: user=0.23 sys=0.00, real=0.05 secs] 
4538.866: [GC (Allocation Failure) [PSYoungGen: 419061K->105084K(465920K)] 633997K->390196K(1864192K), 0.0443058 secs] [Times: user=0.23 sys=0.00, real=0.05 secs] 
4539.573: [GC (Allocation Failure) [PSYoungGen: 338044K->163795K(465920K)] 623156K->483507K(1864192K), 0.0713633 secs] [Times: user=0.35 sys=0.00, real=0.07 secs] 
4539.789: [GC (Allocation Failure) [PSYoungGen: 396755K->184182K(465920K)] 716467K->553526K(1864192K), 0.0407840 secs] [Times: user=0.18 sys=0.00, real=0.04 secs] 
4540.031: [GC (Allocation Failure) [PSYoungGen: 417142K->184151K(465920K)] 786486K->617559K(1864192K), 0.0512407 secs] [Times: user=0.24 sys=0.00, real=0.05 secs] 
4540.260: [GC (Allocation Failure) [PSYoungGen: 417111K->186229K(465920K)] 850519K->678117K(1864192K), 0.0562273 secs] [Times: user=0.27 sys=0.00, real=0.05 secs] 
4541.392: [GC (Allocation Failure) [PSYoungGen: 419189K->90426K(465920K)] 911077K->652491K(1864192K), 0.0656964 secs] [Times: user=0.36 sys=0.00, real=0.06 secs] 
4542.080: [GC (Allocation Failure) [PSYoungGen: 323386K->176181K(465920K)] 885451K->766770K(1864192K), 0.0443553 secs] [Times: user=0.19 sys=0.00, real=0.04 secs] 
4542.318: [GC (Allocation Failure) [PSYoungGen: 409141K->184310K(465920K)] 999730K->830055K(1864192K), 0.0634945 secs] [Times: user=0.31 sys=0.00, real=0.07 secs] 
4542.507: [GC (Allocation Failure) [PSYoungGen: 417270K->186677K(465920K)] 1063015K->888238K(1864192K), 0.0472779 secs] [Times: user=0.23 sys=0.00, real=0.05 secs] 
4543.592: [GC (Allocation Failure) [PSYoungGen: 419637K->113053K(465920K)] 1121198K->884983K(1864192K), 0.0494752 secs] [Times: user=0.25 sys=0.00, real=0.05 secs] 
4544.700: [GC (Allocation Failure) [PSYoungGen: 346013K->154098K(465920K)] 1117943K->962360K(1864192K), 0.1143326 secs] [Times: user=0.61 sys=0.00, real=0.11 secs] 
4545.029: [GC (Allocation Failure) [PSYoungGen: 387058K->181237K(465920K)] 1195320K->1037555K(1864192K), 0.0452176 secs] [Times: user=0.20 sys=0.00, real=0.04 secs] 
4545.244: [GC (Allocation Failure) [PSYoungGen: 414197K->185655K(465920K)] 1270515K->1105445K(1864192K), 0.0764735 secs] [Times: user=0.38 sys=0.00, real=0.08 secs] 
4545.515: [GC (Allocation Failure) [PSYoungGen: 418615K->186229K(465920K)] 1338405K->1164739K(1864192K), 0.0696011 secs] [Times: user=0.36 sys=0.00, real=0.07 secs] 
4546.614: [GC (Allocation Failure) [PSYoungGen: 419189K->94091K(465920K)] 1397699K->1142929K(1864192K), 0.0581718 secs] [Times: user=0.31 sys=0.00, real=0.06 secs] 
4546.997: [GC (Allocation Failure) [PSYoungGen: 327051K->176181K(465920K)] 1375889K->1255932K(1864192K), 0.0440619 secs] [Times: user=0.20 sys=0.00, real=0.05 secs] 
4547.170: [GC (GCLocker Initiated GC) [PSYoungGen: 409141K->184470K(465920K)] 1488892K->1318780K(1864192K), 0.0451297 secs] [Times: user=0.21 sys=0.01, real=0.04 secs] 
4547.487: [GC (Allocation Failure) [PSYoungGen: 417430K->182740K(465920K)] 1551747K->1372810K(1864192K), 0.0855317 secs] [Times: user=0.43 sys=0.00, real=0.09 secs] 
4548.631: [GC (Allocation Failure) [PSYoungGen: 415700K->118638K(465920K)] 1605770K->1377748K(1864192K), 0.0488100 secs] [Times: user=0.25 sys=0.00, real=0.05 secs] 
4549.242: [GC (Allocation Failure) [PSYoungGen: 351598K->151074K(465920K)] 1610708K->1448040K(1864192K), 0.1166304 secs] [Times: user=0.62 sys=0.00, real=0.12 secs] 
4549.515: [GC (Allocation Failure) [PSYoungGen: 384034K->181301K(465920K)] 1681000K->1525460K(1864192K), 0.0421636 secs] [Times: user=0.19 sys=0.00, real=0.04 secs] 
4549.557: [Full GC (Ergonomics) [PSYoungGen: 181301K->0K(465920K)] [ParOldGen: 1344158K->246156K(1398272K)] 1525460K->246156K(1864192K), [Metaspace: 60413K->60413K(1105920K)], 0.3058150 secs] [Times: user=1.42 sys=0.00, real=0.31 secs] 
4549.984: [GC (Allocation Failure) [PSYoungGen: 232932K->185783K(465920K)] 479089K->431939K(1864192K), 0.0833991 secs] [Times: user=0.44 sys=0.00, real=0.08 secs] 
4550.181: [GC (Allocation Failure) [PSYoungGen: 418743K->186517K(465920K)] 664899K->491425K(1864192K), 0.0579046 secs] [Times: user=0.29 sys=0.00, real=0.06 secs] 
4551.709: [GC (Allocation Failure) [PSYoungGen: 419477K->89242K(465920K)] 724385K->464723K(1864192K), 0.0827602 secs] [Times: user=0.45 sys=0.00, real=0.08 secs] 
4552.641: [GC (Allocation Failure) [PSYoungGen: 322202K->175189K(465920K)] 697683K->579158K(1864192K), 0.0466830 secs] [Times: user=0.20 sys=0.00, real=0.04 secs] 
4552.831: [GC (Allocation Failure) [PSYoungGen: 408149K->181909K(465920K)] 812118K->640491K(1864192K), 0.0466934 secs] [Times: user=0.17 sys=0.00, real=0.05 secs] 
4553.038: [GC (Allocation Failure) [PSYoungGen: 414869K->187157K(465920K)] 873451K->700930K(1864192K), 0.0722128 secs] [Times: user=0.36 sys=0.00, real=0.07 secs] 
4554.059: [GC (Allocation Failure) [PSYoungGen: 420117K->125199K(465920K)] 933890K->709549K(1864192K), 0.0476754 secs] [Times: user=0.24 sys=0.00, real=0.04 secs] 
4554.819: [GC (Allocation Failure) [PSYoungGen: 358159K->147137K(465920K)] 942509K->771287K(1864192K), 0.0907093 secs] [Times: user=0.48 sys=0.00, real=0.09 secs] 
4555.101: [GC (Allocation Failure) [PSYoungGen: 380097K->178261K(465920K)] 1004247K->849146K(1864192K), 0.0497369 secs] [Times: user=0.23 sys=0.00, real=0.05 secs] 
4555.271: [GC (Allocation Failure) [PSYoungGen: 411221K->185463K(465920K)] 1082106K->919069K(1864192K), 0.0498834 secs] [Times: user=0.23 sys=0.00, real=0.05 secs] 
4555.436: [GC (Allocation Failure) [PSYoungGen: 418423K->186069K(465920K)] 1152029K->978635K(1864192K), 0.0584851 secs] [Times: user=0.29 sys=0.01, real=0.06 secs] 
4556.513: [GC (Allocation Failure) [PSYoungGen: 419029K->97355K(465920K)] 1211595K->960137K(1864192K), 0.0546553 secs] [Times: user=0.29 sys=0.01, real=0.05 secs] 
4556.990: [GC (Allocation Failure) [PSYoungGen: 330315K->177909K(465920K)] 1193097K->1071816K(1864192K), 0.0459273 secs] [Times: user=0.20 sys=0.00, real=0.04 secs] 
4557.218: [GC (Allocation Failure) [PSYoungGen: 410869K->180757K(465920K)] 1304776K->1130336K(1864192K), 0.0636389 secs] [Times: user=0.30 sys=0.00, real=0.07 secs] 
4557.456: [GC (Allocation Failure) [PSYoungGen: 413717K->186901K(465920K)] 1363296K->1191168K(1864192K), 0.0666800 secs] [Times: user=0.33 sys=0.00, real=0.07 secs] 
4558.567: [GC (Allocation Failure) [PSYoungGen: 419861K->124815K(465920K)] 1424128K->1199666K(1864192K), 0.0501534 secs] [Times: user=0.25 sys=0.00, real=0.05 secs] 
4559.287: [GC (Allocation Failure) [PSYoungGen: 357775K->143953K(465920K)] 1432626K->1258340K(1864192K), 0.1508678 secs] [Times: user=0.83 sys=0.00, real=0.16 secs] 
4559.611: [GC (Allocation Failure) [PSYoungGen: 376913K->179477K(465920K)] 1491300K->1339156K(1864192K), 0.0416116 secs] [Times: user=0.19 sys=0.00, real=0.04 secs] 
4559.772: [GC (Allocation Failure) [PSYoungGen: 412437K->185463K(465920K)] 1572116K->1407870K(1864192K), 0.0513501 secs] [Times: user=0.24 sys=0.01, real=0.05 secs] 
4559.985: [GC (Allocation Failure) [PSYoungGen: 418423K->186357K(465920K)] 1640830K->1467716K(1864192K), 0.0864372 secs] [Times: user=0.45 sys=0.00, real=0.09 secs] 
4561.491: [GC (Allocation Failure) [PSYoungGen: 419317K->90506K(465920K)] 1700676K->1442138K(1864192K), 0.1148106 secs] [Times: user=0.64 sys=0.00, real=0.11 secs] 
4561.605: [Full GC (Ergonomics) [PSYoungGen: 90506K->0K(465920K)] [ParOldGen: 1351631K->97009K(1398272K)] 1442138K->97009K(1864192K), [Metaspace: 60414K->60414K(1105920K)], 0.1268084 secs] [Times: user=0.52 sys=0.00, real=0.13 secs] 
4562.488: [GC (Allocation Failure) [PSYoungGen: 232960K->174869K(465920K)] 329969K->271878K(1864192K), 0.0339676 secs] [Times: user=0.13 sys=0.00, real=0.03 secs] 
4562.669: [GC (Allocation Failure) [PSYoungGen: 407829K->184662K(465920K)] 504838K->336543K(1864192K), 0.0419747 secs] [Times: user=0.19 sys=0.00, real=0.04 secs] 
4562.826: [GC (Allocation Failure) [PSYoungGen: 417622K->186773K(465920K)] 569503K->394662K(1864192K), 0.0445564 secs] [Times: user=0.20 sys=0.01, real=0.05 secs] 
4563.842: [GC (Allocation Failure) [PSYoungGen: 419733K->131344K(465920K)] 627622K->409618K(1864192K), 0.0478637 secs] [Times: user=0.23 sys=0.00, real=0.05 secs] 
4564.400: [GC (Allocation Failure) [PSYoungGen: 364304K->140609K(465920K)] 642578K->460478K(1864192K), 0.1013802 secs] [Times: user=0.55 sys=0.01, real=0.10 secs] 
4564.637: [GC (Allocation Failure) [PSYoungGen: 373569K->176020K(465920K)] 693438K->541003K(1864192K), 0.0382125 secs] [Times: user=0.17 sys=0.01, real=0.04 secs] 
4564.796: [GC (Allocation Failure) [PSYoungGen: 408980K->185879K(465920K)] 773963K->612577K(1864192K), 0.0486696 secs] [Times: user=0.22 sys=0.00, real=0.05 secs] 
4565.300: [GC (Allocation Failure) [PSYoungGen: 418839K->183956K(465920K)] 845537K->669711K(1864192K), 0.0615019 secs] [Times: user=0.31 sys=0.00, real=0.06 secs] 
4566.556: [GC (Allocation Failure) [PSYoungGen: 416916K->90650K(465920K)] 902671K->645933K(1864192K), 0.0598483 secs] [Times: user=0.32 sys=0.00, real=0.06 secs] 
4567.659: [GC (Allocation Failure) [PSYoungGen: 323610K->171060K(465920K)] 878893K->755124K(1864192K), 0.0451079 secs] [Times: user=0.20 sys=0.00, real=0.04 secs] 
4567.919: [GC (Allocation Failure) [PSYoungGen: 404020K->184598K(465920K)] 988084K->822413K(1864192K), 0.0570850 secs] [Times: user=0.27 sys=0.00, real=0.05 secs] 
4568.151: [GC (Allocation Failure) [PSYoungGen: 417558K->187029K(465920K)] 1055373K->880821K(1864192K), 0.0623062 secs] [Times: user=0.31 sys=0.01, real=0.06 secs] 
4569.204: [GC (Allocation Failure) [PSYoungGen: 419989K->142641K(465920K)] 1113781K->907017K(1864192K), 0.0499082 secs] [Times: user=0.25 sys=0.00, real=0.05 secs] 
4570.722: [GC (Allocation Failure) [PSYoungGen: 375601K->125615K(465920K)] 1139977K->935174K(1864192K), 0.1356942 secs] [Times: user=0.75 sys=0.00, real=0.13 secs] 
4571.069: [GC (Allocation Failure) [PSYoungGen: 358575K->178037K(465920K)] 1168134K->1028201K(1864192K), 0.0382360 secs] [Times: user=0.17 sys=0.00, real=0.03 secs] 
4571.227: [GC (Allocation Failure) [PSYoungGen: 410997K->185271K(465920K)] 1261161K->1097799K(1864192K), 0.0500103 secs] [Times: user=0.23 sys=0.00, real=0.05 secs] 
4571.390: [GC (Allocation Failure) [PSYoungGen: 418231K->186613K(465920K)] 1330759K->1157814K(1864192K), 0.0588716 secs] [Times: user=0.29 sys=0.00, real=0.06 secs] 
4572.537: [GC (Allocation Failure) [PSYoungGen: 419573K->92795K(465920K)] 1390774K->1134451K(1864192K), 0.0690227 secs] [Times: user=0.37 sys=0.00, real=0.07 secs] 
4573.243: [GC (Allocation Failure) [PSYoungGen: 325755K->173077K(465920K)] 1367411K->1245142K(1864192K), 0.0580677 secs] [Times: user=0.26 sys=0.00, real=0.06 secs] 
4573.556: [GC (Allocation Failure) [PSYoungGen: 406037K->182485K(465920K)] 1478102K->1308206K(1864192K), 0.0490158 secs] [Times: user=0.23 sys=0.00, real=0.05 secs] 
4573.772: [GC (Allocation Failure) [PSYoungGen: 415445K->187221K(465920K)] 1541166K->1368046K(1864192K), 0.0475926 secs] [Times: user=0.22 sys=0.00, real=0.05 secs] 
4575.046: [GC (Allocation Failure) [PSYoungGen: 420181K->151058K(465920K)] 1601006K->1402235K(1864192K), 0.0530913 secs] [Times: user=0.26 sys=0.01, real=0.06 secs] 
4575.903: [GC (Allocation Failure) [PSYoungGen: 384018K->117774K(465920K)] 1635195K->1416879K(1864192K), 0.1536062 secs] [Times: user=0.87 sys=0.00, real=0.15 secs] 
4576.303: [GC (Allocation Failure) [PSYoungGen: 350734K->175892K(465920K)] 1649839K->1512986K(1864192K), 0.0385670 secs] [Times: user=0.17 sys=0.00, real=0.04 secs] 
4576.341: [Full GC (Ergonomics) [PSYoungGen: 175892K->0K(465920K)] [ParOldGen: 1337094K->230948K(1398272K)] 1512986K->230948K(1864192K), [Metaspace: 60414K->60414K(1105920K)], 0.2764220 secs] [Times: user=1.26 sys=0.00, real=0.27 secs] 
4576.741: [GC (Allocation Failure) [PSYoungGen: 232960K->184951K(465920K)] 463908K->415900K(1864192K), 0.0874698 secs] [Times: user=0.46 sys=0.00, real=0.09 secs] 
4576.944: [GC (Allocation Failure) [PSYoungGen: 417911K->186773K(465920K)] 648860K->476450K(1864192K), 0.0582675 secs] [Times: user=0.29 sys=0.00, real=0.06 secs] 
4578.237: [GC (Allocation Failure) [PSYoungGen: 419733K->96411K(465920K)] 709410K->456588K(1864192K), 0.1085639 secs] [Times: user=0.59 sys=0.00, real=0.11 secs] 
4579.353: [GC (Allocation Failure) [PSYoungGen: 329371K->167924K(465920K)] 689548K->559046K(1864192K), 0.0634693 secs] [Times: user=0.30 sys=0.00, real=0.06 secs] 
4579.599: [GC (Allocation Failure) [PSYoungGen: 400884K->184214K(465920K)] 792006K->627791K(1864192K), 0.0419132 secs] [Times: user=0.19 sys=0.00, real=0.04 secs] 
4580.023: [GC (Allocation Failure) [PSYoungGen: 410708K->178390K(465920K)] 854286K->685968K(1864192K), 0.0994062 secs] [Times: user=0.51 sys=0.00, real=0.10 secs] 
4581.504: [GC (Allocation Failure) [PSYoungGen: 408875K->205875K(465920K)] 916453K->770213K(1864192K), 0.0535710 secs] [Times: user=0.27 sys=0.00, real=0.05 secs] 
4582.140: [GC (Allocation Failure) [PSYoungGen: 438835K->97739K(465920K)] 1003173K->726661K(1864192K), 0.0596555 secs] [Times: user=0.31 sys=0.00, real=0.06 secs] 
4582.462: [GC (Allocation Failure) [PSYoungGen: 330699K->182838K(465920K)] 959621K->843268K(1864192K), 0.0350345 secs] [Times: user=0.14 sys=0.00, real=0.03 secs] 
4582.809: [GC (Allocation Failure) [PSYoungGen: 415798K->184502K(465920K)] 1076228K->901676K(1864192K), 0.0460637 secs] [Times: user=0.21 sys=0.00, real=0.04 secs] 
4583.296: [GC (Allocation Failure) [PSYoungGen: 417462K->183028K(465920K)] 1134636K->955899K(1864192K), 0.1022126 secs] [Times: user=0.52 sys=0.01, real=0.11 secs] 
4584.914: [GC (Allocation Failure) [PSYoungGen: 415988K->97387K(465920K)] 1188859K->939282K(1864192K), 0.0573174 secs] [Times: user=0.31 sys=0.00, real=0.06 secs] 
4586.274: [GC (Allocation Failure) [PSYoungGen: 330347K->165204K(465920K)] 1172242K->1038199K(1864192K), 0.0870579 secs] [Times: user=0.44 sys=0.00, real=0.09 secs] 
4586.581: [GC (Allocation Failure) [PSYoungGen: 398164K->184918K(465920K)] 1271159K->1109569K(1864192K), 0.0479395 secs] [Times: user=0.22 sys=0.00, real=0.05 secs] 
4586.767: [GC (Allocation Failure) [PSYoungGen: 417878K->183446K(465920K)] 1342529K->1172450K(1864192K), 0.0600930 secs] [Times: user=0.30 sys=0.00, real=0.06 secs] 
4586.986: [GC (Allocation Failure) [PSYoungGen: 416406K->218709K(465920K)] 1405410K->1266248K(1864192K), 0.0761595 secs] [Times: user=0.39 sys=0.00, real=0.08 secs] 
4588.857: [GC (Allocation Failure) [PSYoungGen: 451669K->86426K(465920K)] 1499208K->1203933K(1864192K), 0.1074679 secs] [Times: user=0.59 sys=0.00, real=0.11 secs] 
4589.446: [GC (GCLocker Initiated GC) [PSYoungGen: 319386K->180502K(465920K)] 1436893K->1325434K(1864192K), 0.0432431 secs] [Times: user=0.19 sys=0.00, real=0.05 secs] 
4589.616: [GC (Allocation Failure) [PSYoungGen: 413462K->184726K(465920K)] 1558525K->1386185K(1864192K), 0.0456542 secs] [Times: user=0.21 sys=0.00, real=0.05 secs] 
4589.775: [GC (Allocation Failure) [PSYoungGen: 417686K->186933K(465920K)] 1619145K->1444192K(1864192K), 0.0472296 secs] [Times: user=0.22 sys=0.00, real=0.05 secs] 
4590.902: [GC (Allocation Failure) [PSYoungGen: 419893K->100924K(465920K)] 1677152K->1428599K(1864192K), 0.0466617 secs] [Times: user=0.24 sys=0.00, real=0.05 secs] 
4590.949: [Full GC (Ergonomics) [PSYoungGen: 100924K->0K(465920K)] [ParOldGen: 1327675K->89014K(1398272K)] 1428599K->89014K(1864192K), [Metaspace: 60414K->60414K(1105920K)], 0.0334166 secs] [Times: user=0.10 sys=0.00, real=0.03 secs] 
4591.284: [GC (GCLocker Initiated GC) [PSYoungGen: 232960K->166996K(465920K)] 321974K->256010K(1864192K), 0.0231777 secs] [Times: user=0.08 sys=0.00, real=0.02 secs] 
4591.471: [GC (GCLocker Initiated GC) [PSYoungGen: 399956K->184470K(465920K)] 488973K->325423K(1864192K), 0.0554559 secs] [Times: user=0.25 sys=0.00, real=0.05 secs] 
4591.684: [GC (Allocation Failure) [PSYoungGen: 417430K->185015K(465920K)] 558386K->390187K(1864192K), 0.0497061 secs] [Times: user=0.23 sys=0.00, real=0.05 secs] 
4591.854: [GC (Allocation Failure) [PSYoungGen: 417975K->186037K(465920K)] 623147K->449945K(1864192K), 0.0542210 secs] [Times: user=0.26 sys=0.00, real=0.05 secs] 
4592.862: [GC (Allocation Failure) [PSYoungGen: 418997K->85066K(465920K)] 682905K->419070K(1864192K), 0.0394021 secs] [Times: user=0.21 sys=0.00, real=0.04 secs] 
4593.492: [GC (Allocation Failure) [PSYoungGen: 318026K->178037K(465920K)] 652030K->538694K(1864192K), 0.0331200 secs] [Times: user=0.13 sys=0.01, real=0.03 secs] 
4593.680: [GC (Allocation Failure) [PSYoungGen: 410997K->184598K(465920K)] 771654K->601311K(1864192K), 0.0664547 secs] [Times: user=0.32 sys=0.00, real=0.06 secs] 
4593.888: [GC (Allocation Failure) [PSYoungGen: 417558K->186101K(465920K)] 834271K->658686K(1864192K), 0.0448707 secs] [Times: user=0.21 sys=0.00, real=0.04 secs] 
4594.957: [GC (Allocation Failure) [PSYoungGen: 419061K->106621K(465920K)] 891646K->649574K(1864192K), 0.0457701 secs] [Times: user=0.24 sys=0.00, real=0.05 secs] 
4596.140: [GC (Allocation Failure) [PSYoungGen: 339581K->155634K(465920K)] 882534K->732544K(1864192K), 0.1031496 secs] [Times: user=0.53 sys=0.00, real=0.10 secs] 
4596.420: [GC (Allocation Failure) [PSYoungGen: 388594K->184438K(465920K)] 965504K->810367K(1864192K), 0.0412678 secs] [Times: user=0.18 sys=0.00, real=0.04 secs] 
4596.632: [GC (Allocation Failure) [PSYoungGen: 417398K->185847K(465920K)] 1043327K->875873K(1864192K), 0.0779942 secs] [Times: user=0.39 sys=0.00, real=0.08 secs] 
4596.902: [GC (Allocation Failure) [PSYoungGen: 418807K->186069K(465920K)] 1108833K->935127K(1864192K), 0.0671725 secs] [Times: user=0.34 sys=0.00, real=0.07 secs] 
4598.074: [GC (Allocation Failure) [PSYoungGen: 419029K->91626K(465920K)] 1168087K->910852K(1864192K), 0.0623429 secs] [Times: user=0.34 sys=0.00, real=0.06 secs] 
4598.413: [GC (Allocation Failure) [PSYoungGen: 324586K->182294K(465920K)] 1143812K->1031280K(1864192K), 0.0361046 secs] [Times: user=0.15 sys=0.00, real=0.04 secs] 
4598.566: [GC (Allocation Failure) [PSYoungGen: 415254K->181269K(465920K)] 1264240K->1087135K(1864192K), 0.0438882 secs] [Times: user=0.20 sys=0.00, real=0.05 secs] 
4598.829: [GC (Allocation Failure) [PSYoungGen: 414229K->182772K(465920K)] 1320095K->1143367K(1864192K), 0.0829090 secs] [Times: user=0.41 sys=0.00, real=0.08 secs] 
4599.947: [GC (Allocation Failure) [PSYoungGen: 415732K->114270K(465920K)] 1376327K->1143792K(1864192K), 0.0465655 secs] [Times: user=0.23 sys=0.00, real=0.05 secs] 
4600.546: [GC (Allocation Failure) [PSYoungGen: 347230K->154674K(465920K)] 1376752K->1221465K(1864192K), 0.1259727 secs] [Times: user=0.67 sys=0.01, real=0.13 secs] 
4600.895: [GC (Allocation Failure) [PSYoungGen: 387634K->183669K(465920K)] 1454425K->1298945K(1864192K), 0.0417711 secs] [Times: user=0.18 sys=0.00, real=0.04 secs] 
4601.079: [GC (Allocation Failure) [PSYoungGen: 416629K->185623K(465920K)] 1531905K->1364890K(1864192K), 0.0552043 secs] [Times: user=0.26 sys=0.00, real=0.05 secs] 
4601.265: [GC (Allocation Failure) [PSYoungGen: 418583K->186645K(465920K)] 1597850K->1424768K(1864192K), 0.0571632 secs] [Times: user=0.28 sys=0.00, real=0.06 secs] 
4603.083: [GC (Allocation Failure) [PSYoungGen: 419605K->88250K(465920K)] 1657728K->1396853K(1864192K), 0.1004189 secs] [Times: user=0.55 sys=0.01, real=0.10 secs] 
4604.297: [GC (Allocation Failure) [PSYoungGen: 321210K->176821K(465920K)] 1629813K->1513445K(1864192K), 0.0469444 secs] [Times: user=0.20 sys=0.00, real=0.05 secs] 
4604.344: [Full GC (Ergonomics) [PSYoungGen: 176821K->0K(465920K)] [ParOldGen: 1336624K->216534K(1398272K)] 1513445K->216534K(1864192K), [Metaspace: 60414K->60414K(1105920K)], 0.2529099 secs] [Times: user=1.17 sys=0.00, real=0.25 secs] 
4604.721: [GC (Allocation Failure) [PSYoungGen: 232960K->181909K(465920K)] 449494K->398444K(1864192K), 0.0264226 secs] [Times: user=0.09 sys=0.00, real=0.02 secs] 
4604.863: [GC (Allocation Failure) [PSYoungGen: 414869K->186965K(465920K)] 631404K->459123K(1864192K), 0.0449396 secs] [Times: user=0.20 sys=0.00, real=0.04 secs] 
4605.936: [GC (Allocation Failure) [PSYoungGen: 419925K->119358K(465920K)] 692083K->461917K(1864192K), 0.0463847 secs] [Times: user=0.23 sys=0.00, real=0.05 secs] 
4607.026: [GC (Allocation Failure) [PSYoungGen: 352318K->148241K(465920K)] 694877K->529069K(1864192K), 0.1137676 secs] [Times: user=0.61 sys=0.00, real=0.12 secs] 
4607.343: [GC (Allocation Failure) [PSYoungGen: 381201K->183701K(465920K)] 762029K->610544K(1864192K), 0.0404015 secs] [Times: user=0.18 sys=0.00, real=0.04 secs] 
4607.509: [GC (Allocation Failure) [PSYoungGen: 416661K->182934K(465920K)] 843504K->673905K(1864192K), 0.0492918 secs] [Times: user=0.23 sys=0.00, real=0.05 secs] 
4607.697: [GC (Allocation Failure) [PSYoungGen: 415894K->186293K(465920K)] 906865K->735656K(1864192K), 0.0738670 secs] [Times: user=0.38 sys=0.00, real=0.08 secs] 
4608.736: [GC (Allocation Failure) [PSYoungGen: 419253K->92603K(465920K)] 968616K->712206K(1864192K), 0.0418385 secs] [Times: user=0.22 sys=0.00, real=0.05 secs] 
4609.147: [GC (Allocation Failure) [PSYoungGen: 325563K->177845K(465920K)] 945166K->827237K(1864192K), 0.0469437 secs] [Times: user=0.21 sys=0.00, real=0.05 secs] 
4609.395: [GC (Allocation Failure) [PSYoungGen: 410785K->181205K(465920K)] 1060176K->886181K(1864192K), 0.0586095 secs] [Times: user=0.28 sys=0.00, real=0.06 secs] 
4609.576: [GC (Allocation Failure) [PSYoungGen: 414165K->203125K(465920K)] 1119141K->962837K(1864192K), 0.0451144 secs] [Times: user=0.21 sys=0.00, real=0.05 secs] 
4610.595: [GC (Allocation Failure) [PSYoungGen: 436085K->123599K(465920K)] 1195797K->953959K(1864192K), 0.0474300 secs] [Times: user=0.24 sys=0.00, real=0.05 secs] 
4611.260: [GC (Allocation Failure) [PSYoungGen: 356559K->143953K(465920K)] 1186919K->1013552K(1864192K), 0.0870378 secs] [Times: user=0.46 sys=0.00, real=0.08 secs] 
4611.641: [GC (Allocation Failure) [PSYoungGen: 376913K->180341K(465920K)] 1246512K->1095274K(1864192K), 0.0541872 secs] [Times: user=0.26 sys=0.00, real=0.05 secs] 
4611.823: [GC (Allocation Failure) [PSYoungGen: 413301K->185719K(465920K)] 1328234K->1163731K(1864192K), 0.0499804 secs] [Times: user=0.24 sys=0.00, real=0.05 secs] 
4611.986: [GC (Allocation Failure) [PSYoungGen: 418679K->186677K(465920K)] 1396691K->1223457K(1864192K), 0.0578694 secs] [Times: user=0.28 sys=0.00, real=0.06 secs] 
4613.458: [GC (GCLocker Initiated GC) [PSYoungGen: 419637K->90154K(465920K)] 1456417K->1197663K(1864192K), 0.1121774 secs] [Times: user=0.61 sys=0.01, real=0.12 secs] 
4614.274: [GC (Allocation Failure) [PSYoungGen: 323114K->175157K(465920K)] 1430754K->1311714K(1864192K), 0.0523445 secs] [Times: user=0.22 sys=0.01, real=0.05 secs] 
4614.474: [GC (Allocation Failure) [PSYoungGen: 408117K->184726K(465920K)] 1544674K->1376079K(1864192K), 0.0432792 secs] [Times: user=0.19 sys=0.00, real=0.04 secs] 
4614.634: [GC (Allocation Failure) [PSYoungGen: 417686K->186613K(465920K)] 1609039K->1433966K(1864192K), 0.0456020 secs] [Times: user=0.22 sys=0.00, real=0.05 secs] 
4615.633: [GC (Allocation Failure) [PSYoungGen: 419573K->130352K(465920K)] 1666926K->1448073K(1864192K), 0.0488652 secs] [Times: user=0.24 sys=0.00, real=0.05 secs] 
4615.682: [Full GC (Ergonomics) [PSYoungGen: 130352K->0K(465920K)] [ParOldGen: 1317720K->343350K(1398272K)] 1448073K->343350K(1864192K), [Metaspace: 60414K->60414K(1105920K)], 0.5900558 secs] [Times: user=2.60 sys=0.00, real=0.59 secs] 
4616.963: [GC (Allocation Failure) [PSYoungGen: 232960K->139904K(465920K)] 576310K->483255K(1864192K), 0.0243283 secs] [Times: user=0.09 sys=0.01, real=0.02 secs] 
4617.115: [GC (Allocation Failure) [PSYoungGen: 372864K->178613K(465920K)] 716215K->566708K(1864192K), 0.0383116 secs] [Times: user=0.17 sys=0.00, real=0.04 secs] 
4617.304: [GC (Allocation Failure) [PSYoungGen: 411573K->185943K(465920K)] 799668K->636270K(1864192K), 0.0541688 secs] [Times: user=0.26 sys=0.00, real=0.06 secs] 
4617.504: [GC (Allocation Failure) [PSYoungGen: 418903K->180692K(465920K)] 869230K->690140K(1864192K), 0.0724999 secs] [Times: user=0.37 sys=0.01, real=0.07 secs] 
4618.645: [GC (Allocation Failure) [PSYoungGen: 413652K->96635K(465920K)] 923100K->674467K(1864192K), 0.0731703 secs] [Times: user=0.39 sys=0.01, real=0.08 secs] 
4619.328: [GC (Allocation Failure) [PSYoungGen: 329595K->175317K(465920K)] 907427K->784121K(1864192K), 0.0514084 secs] [Times: user=0.22 sys=0.00, real=0.06 secs] 
4619.589: [GC (Allocation Failure) [PSYoungGen: 408277K->184214K(465920K)] 1017081K->847942K(1864192K), 0.0565711 secs] [Times: user=0.27 sys=0.00, real=0.05 secs] 
4619.805: [GC (Allocation Failure) [PSYoungGen: 417174K->184116K(465920K)] 1080902K->903573K(1864192K), 0.0655527 secs] [Times: user=0.32 sys=0.00, real=0.07 secs] 
4620.803: [GC (Allocation Failure) [PSYoungGen: 417076K->137457K(465920K)] 1136533K->926481K(1864192K), 0.0494293 secs] [Times: user=0.25 sys=0.01, real=0.05 secs] 
4622.071: [GC (Allocation Failure) [PSYoungGen: 370417K->133040K(465920K)] 1159441K->965612K(1864192K), 0.1631656 secs] [Times: user=0.91 sys=0.00, real=0.16 secs] 
4622.515: [GC (Allocation Failure) [PSYoungGen: 366000K->178389K(465920K)] 1198572K->1053802K(1864192K), 0.0395883 secs] [Times: user=0.17 sys=0.00, real=0.04 secs] 
4622.736: [GC (Allocation Failure) [PSYoungGen: 411349K->182646K(465920K)] 1286762K->1120292K(1864192K), 0.0774721 secs] [Times: user=0.39 sys=0.00, real=0.08 secs] 
4622.963: [GC (Allocation Failure) [PSYoungGen: 415606K->186613K(465920K)] 1353252K->1182522K(1864192K), 0.0588670 secs] [Times: user=0.29 sys=0.00, real=0.06 secs] 
4624.033: [GC (Allocation Failure) [PSYoungGen: 419573K->94603K(465920K)] 1415482K->1160817K(1864192K), 0.0469855 secs] [Times: user=0.24 sys=0.00, real=0.05 secs] 
4624.681: [GC (Allocation Failure) [PSYoungGen: 327563K->174037K(465920K)] 1393777K->1271227K(1864192K), 0.0492416 secs] [Times: user=0.21 sys=0.01, real=0.05 secs] 
4624.919: [GC (Allocation Failure) [PSYoungGen: 406997K->181205K(465920K)] 1504187K->1332563K(1864192K), 0.0447630 secs] [Times: user=0.21 sys=0.01, real=0.04 secs] 
4625.085: [GC (Allocation Failure) [PSYoungGen: 414165K->187029K(465920K)] 1565523K->1393747K(1864192K), 0.0475601 secs] [Times: user=0.22 sys=0.00, real=0.05 secs] 
4626.305: [GC (Allocation Failure) [PSYoungGen: 419989K->144274K(465920K)] 1626707K->1421680K(1864192K), 0.0526351 secs] [Times: user=0.26 sys=0.00, real=0.05 secs] 
4626.947: [GC (Allocation Failure) [PSYoungGen: 377234K->129583K(465920K)] 1654640K->1452693K(1864192K), 0.1847534 secs] [Times: user=1.05 sys=0.01, real=0.19 secs] 
4627.132: [Full GC (Ergonomics) [PSYoungGen: 129583K->0K(465920K)] [ParOldGen: 1323110K->146834K(1398272K)] 1452693K->146834K(1864192K), [Metaspace: 60414K->60414K(1105920K)], 0.1863711 secs] [Times: user=0.88 sys=0.00, real=0.19 secs] 
4627.545: [GC (Allocation Failure) [PSYoungGen: 232960K->187029K(465920K)] 379794K->333864K(1864192K), 0.0264183 secs] [Times: user=0.10 sys=0.00, real=0.03 secs] 
4627.706: [GC (Allocation Failure) [PSYoungGen: 419989K->180246K(465920K)] 566824K->389505K(1864192K), 0.0475527 secs] [Times: user=0.22 sys=0.00, real=0.05 secs] 
4627.884: [GC (Allocation Failure) [PSYoungGen: 413206K->184757K(465920K)] 622465K->451551K(1864192K), 0.0651116 secs] [Times: user=0.33 sys=0.00, real=0.07 secs] 
4629.015: [GC (Allocation Failure) [PSYoungGen: 417717K->95115K(465920K)] 684511K->431774K(1864192K), 0.0681429 secs] [Times: user=0.36 sys=0.01, real=0.07 secs] 
4629.678: [GC (Allocation Failure) [PSYoungGen: 328075K->174517K(465920K)] 664734K->541404K(1864192K), 0.0479955 secs] [Times: user=0.20 sys=0.00, real=0.04 secs] 
4629.880: [GC (Allocation Failure) [PSYoungGen: 407477K->192662K(465920K)] 774364K->614445K(1864192K), 0.0429968 secs] [Times: user=0.19 sys=0.00, real=0.04 secs] 
4630.038: [GC (Allocation Failure) [PSYoungGen: 425622K->232884K(465920K)] 847405K->713965K(1864192K), 0.0463486 secs] [Times: user=0.22 sys=0.00, real=0.04 secs] 
4631.061: [GC (Allocation Failure) [PSYoungGen: 465844K->147762K(465920K)] 946925K->699450K(1864192K), 0.0503307 secs] [Times: user=0.25 sys=0.00, real=0.05 secs] 
4631.967: [GC (Allocation Failure) [PSYoungGen: 380722K->123838K(465920K)] 932410K->722335K(1864192K), 0.1471679 secs] [Times: user=0.82 sys=0.01, real=0.15 secs] 
4632.287: [GC (Allocation Failure) [PSYoungGen: 356798K->177013K(465920K)] 955295K->815397K(1864192K), 0.0372086 secs] [Times: user=0.16 sys=0.00, real=0.04 secs] 
4632.444: [GC (Allocation Failure) [PSYoungGen: 409973K->185271K(465920K)] 1048357K->885783K(1864192K), 0.0495573 secs] [Times: user=0.23 sys=0.00, real=0.05 secs] 
4632.607: [GC (Allocation Failure) [PSYoungGen: 418189K->183700K(465920K)] 1118702K->943037K(1864192K), 0.0562368 secs] [Times: user=0.27 sys=0.00, real=0.06 secs] 
4633.615: [GC (GCLocker Initiated GC) [PSYoungGen: 416660K->93595K(465920K)] 1175997K->922356K(1864192K), 0.0454739 secs] [Times: user=0.24 sys=0.00, real=0.05 secs] 
4634.159: [GC (Allocation Failure) [PSYoungGen: 326555K->174101K(465920K)] 1155482K->1033785K(1864192K), 0.0354364 secs] [Times: user=0.15 sys=0.00, real=0.03 secs] 
4634.312: [GC (Allocation Failure) [PSYoungGen: 407061K->184502K(465920K)] 1266745K->1098169K(1864192K), 0.0443944 secs] [Times: user=0.21 sys=0.00, real=0.04 secs] 
4634.499: [GC (Allocation Failure) [PSYoungGen: 401463K->169557K(465920K)] 1315131K->1147425K(1864192K), 0.0610831 secs] [Times: user=0.31 sys=0.00, real=0.06 secs] 
4635.529: [GC (Allocation Failure) [PSYoungGen: 402517K->213259K(465920K)] 1380385K->1244927K(1864192K), 0.0495736 secs] [Times: user=0.24 sys=0.00, real=0.05 secs] 
4636.251: [GC (GCLocker Initiated GC) [PSYoungGen: 446219K->102012K(465920K)] 1477887K->1198568K(1864192K), 0.0872613 secs] [Times: user=0.47 sys=0.00, real=0.09 secs] 
4636.747: [GC (Allocation Failure) [PSYoungGen: 334972K->180437K(465920K)] 1431567K->1309485K(1864192K), 0.0465694 secs] [Times: user=0.21 sys=0.00, real=0.05 secs] 
4636.922: [GC (Allocation Failure) [PSYoungGen: 413397K->184854K(465920K)] 1542445K->1370385K(1864192K), 0.0447693 secs] [Times: user=0.21 sys=0.00, real=0.04 secs] 
4637.113: [GC (Allocation Failure) [PSYoungGen: 417814K->186453K(465920K)] 1603345K->1427945K(1864192K), 0.0686015 secs] [Times: user=0.33 sys=0.00, real=0.07 secs] 
4638.307: [GC (Allocation Failure) [PSYoungGen: 419413K->96075K(465920K)] 1660905K->1407727K(1864192K), 0.0665969 secs] [Times: user=0.36 sys=0.00, real=0.07 secs] 
4639.947: [GC (GCLocker Initiated GC) [PSYoungGen: 329035K->165652K(465920K)] 1640688K->1508349K(1864192K), 0.0900212 secs] [Times: user=0.45 sys=0.00, real=0.09 secs] 
4640.037: [Full GC (Ergonomics) [PSYoungGen: 165652K->0K(465920K)] [ParOldGen: 1342697K->188530K(1398272K)] 1508349K->188530K(1864192K), [Metaspace: 60414K->60414K(1105920K)], 0.2487152 secs] [Times: user=1.22 sys=0.00, real=0.25 secs] 
4640.406: [GC (Allocation Failure) [PSYoungGen: 232960K->184758K(465920K)] 421492K->373290K(1864192K), 0.0336643 secs] [Times: user=0.14 sys=0.00, real=0.04 secs] 
4640.557: [GC (Allocation Failure) [PSYoungGen: 417718K->186295K(465920K)] 606250K->439195K(1864192K), 0.0437666 secs] [Times: user=0.20 sys=0.00, real=0.05 secs] 
4641.097: [GC (Allocation Failure) [PSYoungGen: 418444K->213940K(465920K)] 671344K->526048K(1864192K), 0.0531814 secs] [Times: user=0.26 sys=0.00, real=0.06 secs] 
4641.988: [GC (Allocation Failure) [PSYoungGen: 446900K->94219K(465920K)] 759008K->474215K(1864192K), 0.0558067 secs] [Times: user=0.29 sys=0.00, real=0.05 secs] 
4642.507: [GC (Allocation Failure) [PSYoungGen: 327179K->179061K(465920K)] 707175K->589182K(1864192K), 0.0433729 secs] [Times: user=0.18 sys=0.00, real=0.05 secs] 
4642.732: [GC (Allocation Failure) [PSYoungGen: 412021K->183925K(465920K)] 822142K->649867K(1864192K), 0.0519521 secs] [Times: user=0.25 sys=0.00, real=0.05 secs] 
4642.926: [GC (Allocation Failure) [PSYoungGen: 416885K->186741K(465920K)] 882827K->708522K(1864192K), 0.0479539 secs] [Times: user=0.23 sys=0.00, real=0.05 secs] 
4644.095: [GC (Allocation Failure) [PSYoungGen: 419701K->101308K(465920K)] 941482K->693537K(1864192K), 0.0668139 secs] [Times: user=0.36 sys=0.00, real=0.07 secs] 
4645.281: [GC (Allocation Failure) [PSYoungGen: 334268K->164403K(465920K)] 926497K->789045K(1864192K), 0.0866620 secs] [Times: user=0.43 sys=0.00, real=0.08 secs] 
4645.530: [GC (Allocation Failure) [PSYoungGen: 397363K->181717K(465920K)] 1022005K->857867K(1864192K), 0.0417645 secs] [Times: user=0.19 sys=0.00, real=0.04 secs] 
4645.760: [GC (Allocation Failure) [PSYoungGen: 414677K->185527K(465920K)] 1090827K->925141K(1864192K), 0.0715237 secs] [Times: user=0.35 sys=0.00, real=0.07 secs] 
4646.011: [GC (Allocation Failure) [PSYoungGen: 418487K->186357K(465920K)] 1158101K->984723K(1864192K), 0.0741757 secs] [Times: user=0.38 sys=0.00, real=0.07 secs] 
4647.854: [GC (Allocation Failure) [PSYoungGen: 419317K->87354K(465920K)] 1217683K->956048K(1864192K), 0.1009862 secs] [Times: user=0.55 sys=0.00, real=0.10 secs] 
4648.510: [GC (Allocation Failure) [PSYoungGen: 320314K->178997K(465920K)] 1189008K->1075528K(1864192K), 0.0444843 secs] [Times: user=0.19 sys=0.00, real=0.04 secs] 
4648.683: [GC (Allocation Failure) [PSYoungGen: 411957K->184566K(465920K)] 1308488K->1137125K(1864192K), 0.0461827 secs] [Times: user=0.21 sys=0.00, real=0.05 secs] 
4648.842: [GC (Allocation Failure) [PSYoungGen: 417526K->183988K(465920K)] 1370085K->1192724K(1864192K), 0.0461717 secs] [Times: user=0.22 sys=0.00, real=0.05 secs] 
4649.857: [GC (Allocation Failure) [PSYoungGen: 416948K->107357K(465920K)] 1425684K->1185524K(1864192K), 0.0475493 secs] [Times: user=0.24 sys=0.00, real=0.05 secs] 
4650.476: [GC (Allocation Failure) [PSYoungGen: 340317K->162611K(465920K)] 1418484K->1276251K(1864192K), 0.0829432 secs] [Times: user=0.43 sys=0.00, real=0.09 secs] 
4650.700: [GC (Allocation Failure) [PSYoungGen: 395571K->183957K(465920K)] 1509211K->1348409K(1864192K), 0.0429195 secs] [Times: user=0.19 sys=0.00, real=0.04 secs] 
4650.861: [GC (Allocation Failure) [PSYoungGen: 416917K->181078K(465920K)] 1581369K->1409926K(1864192K), 0.0499233 secs] [Times: user=0.23 sys=0.00, real=0.05 secs] 
4651.026: [GC (Allocation Failure) [PSYoungGen: 414038K->185269K(465920K)] 1642886K->1471908K(1864192K), 0.0556040 secs] [Times: user=0.27 sys=0.00, real=0.06 secs] 
4652.307: [GC (Allocation Failure) [PSYoungGen: 418229K->90218K(465920K)] 1704868K->1446842K(1864192K), 0.0678704 secs] [Times: user=0.36 sys=0.01, real=0.07 secs] 
4652.375: [Full GC (Ergonomics) [PSYoungGen: 90218K->0K(465920K)] [ParOldGen: 1356623K->103621K(1398272K)] 1446842K->103621K(1864192K), [Metaspace: 60414K->60414K(1105920K)], 0.1235415 secs] [Times: user=0.51 sys=0.00, real=0.13 secs] 
4652.871: [GC (Allocation Failure) [PSYoungGen: 232960K->181494K(465920K)] 336581K->285115K(1864192K), 0.0291729 secs] [Times: user=0.11 sys=0.00, real=0.03 secs] 
4653.018: [GC (Allocation Failure) [PSYoungGen: 414454K->184758K(465920K)] 518075K->344963K(1864192K), 0.0410746 secs] [Times: user=0.18 sys=0.00, real=0.04 secs] 
4653.173: [GC (Allocation Failure) [PSYoungGen: 417718K->183924K(465920K)] 577923K->400154K(1864192K), 0.0448817 secs] [Times: user=0.21 sys=0.00, real=0.05 secs] 
4654.179: [GC (Allocation Failure) [PSYoungGen: 416884K->109981K(465920K)] 633114K->395826K(1864192K), 0.0449630 secs] [Times: user=0.23 sys=0.00, real=0.04 secs] 
4655.440: [GC (Allocation Failure) [PSYoungGen: 342941K->151922K(465920K)] 628786K->473044K(1864192K), 0.0939530 secs] [Times: user=0.43 sys=0.00, real=0.09 secs] 
4655.741: [GC (Allocation Failure) [PSYoungGen: 384882K->181941K(465920K)] 706004K->550567K(1864192K), 0.0403069 secs] [Times: user=0.17 sys=0.00, real=0.04 secs] 
4655.901: [GC (Allocation Failure) [PSYoungGen: 414901K->185911K(465920K)] 783527K->618121K(1864192K), 0.0492929 secs] [Times: user=0.23 sys=0.00, real=0.05 secs] 
4656.095: [GC (Allocation Failure) [PSYoungGen: 418871K->186677K(465920K)] 851081K->677831K(1864192K), 0.0747345 secs] [Times: user=0.38 sys=0.00, real=0.08 secs] 
4657.480: [GC (Allocation Failure) [PSYoungGen: 419637K->90698K(465920K)] 910791K->652381K(1864192K), 0.0922604 secs] [Times: user=0.51 sys=0.00, real=0.09 secs] 
4657.996: [GC (Allocation Failure) [PSYoungGen: 323658K->178005K(465920K)] 885341K->769416K(1864192K), 0.0395943 secs] [Times: user=0.17 sys=0.00, real=0.04 secs] 
4658.185: [GC (Allocation Failure) [PSYoungGen: 410965K->184822K(465920K)] 1002376K->831720K(1864192K), 0.0482295 secs] [Times: user=0.22 sys=0.00, real=0.05 secs] 
4658.395: [GC (Allocation Failure) [PSYoungGen: 417782K->182932K(465920K)] 1064680K->885703K(1864192K), 0.0646870 secs] [Times: user=0.31 sys=0.00, real=0.07 secs] 
4659.419: [GC (Allocation Failure) [PSYoungGen: 415892K->120238K(465920K)] 1118663K->892273K(1864192K), 0.0471625 secs] [Times: user=0.23 sys=0.00, real=0.04 secs] 
4659.795: [GC (Allocation Failure) [PSYoungGen: 353198K->150194K(465920K)] 1125233K->960188K(1864192K), 0.0775554 secs] [Times: user=0.40 sys=0.00, real=0.08 secs] 
4660.019: [GC (GCLocker Initiated GC) [PSYoungGen: 383154K->180725K(465920K)] 1193169K->1037823K(1864192K), 0.0413055 secs] [Times: user=0.19 sys=0.00, real=0.04 secs] 
4660.220: [GC (Allocation Failure) [PSYoungGen: 413685K->183734K(465920K)] 1270786K->1112268K(1864192K), 0.0716646 secs] [Times: user=0.36 sys=0.00, real=0.07 secs] 
4660.813: [GC (Allocation Failure) [PSYoungGen: 416694K->185365K(465920K)] 1345228K->1172278K(1864192K), 0.0898658 secs] [Times: user=0.47 sys=0.00, real=0.09 secs] 
4662.228: [GC (Allocation Failure) [PSYoungGen: 418325K->94395K(465920K)] 1405238K->1151332K(1864192K), 0.1180414 secs] [Times: user=0.65 sys=0.00, real=0.12 secs] 
4663.098: [GC (Allocation Failure) [PSYoungGen: 327355K->172116K(465920K)] 1384292K->1258922K(1864192K), 0.0491581 secs] [Times: user=0.22 sys=0.00, real=0.05 secs] 
4663.359: [GC (Allocation Failure) [PSYoungGen: 405076K->184406K(465920K)] 1491882K->1325336K(1864192K), 0.0605036 secs] [Times: user=0.29 sys=0.00, real=0.06 secs] 
4663.583: [GC (Allocation Failure) [PSYoungGen: 417366K->186645K(465920K)] 1558296K->1383511K(1864192K), 0.0658196 secs] [Times: user=0.33 sys=0.00, real=0.07 secs] 
4664.607: [GC (Allocation Failure) [PSYoungGen: 419605K->126991K(465920K)] 1616471K->1394174K(1864192K), 0.0499320 secs] [Times: user=0.25 sys=0.00, real=0.05 secs] 
4665.588: [GC (Allocation Failure) [PSYoungGen: 359951K->140720K(465920K)] 1627134K->1448063K(1864192K), 0.1270841 secs] [Times: user=0.57 sys=0.00, real=0.12 secs] 
4666.015: [GC (Allocation Failure) [PSYoungGen: 373680K->178293K(465920K)] 1681023K->1531452K(1864192K), 0.0407337 secs] [Times: user=0.18 sys=0.00, real=0.04 secs] 
4666.055: [Full GC (Ergonomics) [PSYoungGen: 178293K->0K(465920K)] [ParOldGen: 1353159K->241263K(1398272K)] 1531452K->241263K(1864192K), [Metaspace: 60414K->60414K(1105920K)], 0.2943076 secs] [Times: user=1.37 sys=0.00, real=0.30 secs] 
4666.473: [GC (Allocation Failure) [PSYoungGen: 232960K->185655K(465920K)] 474223K->426918K(1864192K), 0.0928028 secs] [Times: user=0.49 sys=0.00, real=0.09 secs] 
4666.682: [GC (Allocation Failure) [PSYoungGen: 418615K->186453K(465920K)] 659878K->486764K(1864192K), 0.0560959 secs] [Times: user=0.27 sys=0.00, real=0.06 secs] 
4667.791: [GC (Allocation Failure) [PSYoungGen: 419413K->92987K(465920K)] 719724K->463674K(1864192K), 0.0544327 secs] [Times: user=0.29 sys=0.00, real=0.05 secs] 
4668.242: [GC (Allocation Failure) [PSYoungGen: 325947K->178005K(465920K)] 696634K->579241K(1864192K), 0.0447905 secs] [Times: user=0.19 sys=0.00, real=0.04 secs] 
4668.490: [GC (Allocation Failure) [PSYoungGen: 410965K->181333K(465920K)] 812201K->638049K(1864192K), 0.0595883 secs] [Times: user=0.28 sys=0.00, real=0.06 secs] 
4668.683: [GC (Allocation Failure) [PSYoungGen: 414293K->186389K(465920K)] 871009K->698400K(1864192K), 0.0449689 secs] [Times: user=0.21 sys=0.00, real=0.04 secs] 
4669.924: [GC (Allocation Failure) [PSYoungGen: 419349K->132112K(465920K)] 931360K->714424K(1864192K), 0.0483113 secs] [Times: user=0.24 sys=0.00, real=0.05 secs] 
4670.549: [GC (Allocation Failure) [PSYoungGen: 365072K->137824K(465920K)] 947384K->762056K(1864192K), 0.1013928 secs] [Times: user=0.55 sys=0.00, real=0.10 secs] 
4670.871: [GC (Allocation Failure) [PSYoungGen: 370784K->175700K(465920K)] 995016K->843941K(1864192K), 0.0383115 secs] [Times: user=0.16 sys=0.00, real=0.04 secs] 
4671.032: [GC (Allocation Failure) [PSYoungGen: 408660K->185591K(465920K)] 1076901K->915559K(1864192K), 0.0485748 secs] [Times: user=0.22 sys=0.00, real=0.05 secs] 
4671.197: [GC (Allocation Failure) [PSYoungGen: 418551K->186453K(465920K)] 1148519K->975285K(1864192K), 0.0572967 secs] [Times: user=0.28 sys=0.00, real=0.06 secs] 
4672.855: [GC (GCLocker Initiated GC) [PSYoungGen: 419413K->88922K(465920K)] 1208246K->948019K(1864192K), 0.1139265 secs] [Times: user=0.63 sys=0.00, real=0.12 secs] 
4673.970: [GC (GCLocker Initiated GC) [PSYoungGen: 321882K->171092K(465920K)] 1180983K->1058654K(1864192K), 0.0521653 secs] [Times: user=0.23 sys=0.00, real=0.05 secs] 
4674.184: [GC (Allocation Failure) [PSYoungGen: 404052K->184598K(465920K)] 1291652K->1125810K(1864192K), 0.0432353 secs] [Times: user=0.20 sys=0.00, real=0.04 secs] 
4674.341: [GC (Allocation Failure) [PSYoungGen: 417558K->187157K(465920K)] 1358770K->1184465K(1864192K), 0.0482679 secs] [Times: user=0.23 sys=0.00, real=0.05 secs] 
4675.356: [GC (Allocation Failure) [PSYoungGen: 420117K->144049K(465920K)] 1417425K->1211790K(1864192K), 0.0528107 secs] [Times: user=0.27 sys=0.00, real=0.06 secs] 
4675.892: [GC (Allocation Failure) [PSYoungGen: 377009K->131087K(465920K)] 1444750K->1244412K(1864192K), 0.1473109 secs] [Times: user=0.73 sys=0.00, real=0.15 secs] 
4676.258: [GC (Allocation Failure) [PSYoungGen: 364047K->178037K(465920K)] 1477372K->1333166K(1864192K), 0.0384036 secs] [Times: user=0.16 sys=0.00, real=0.03 secs] 
4676.417: [GC (Allocation Failure) [PSYoungGen: 410997K->182454K(465920K)] 1566126K->1399808K(1864192K), 0.0494119 secs] [Times: user=0.23 sys=0.00, real=0.05 secs] 
4676.609: [GC (Allocation Failure) [PSYoungGen: 415414K->183572K(465920K)] 1632768K->1459238K(1864192K), 0.0553793 secs] [Times: user=0.27 sys=0.00, real=0.05 secs] 
4677.793: [GC (Allocation Failure) [PSYoungGen: 416532K->92635K(465920K)] 1692198K->1437524K(1864192K), 0.0580153 secs] [Times: user=0.31 sys=0.00, real=0.06 secs] 
4677.851: [Full GC (Ergonomics) [PSYoungGen: 92635K->0K(465920K)] [ParOldGen: 1344889K->93334K(1398272K)] 1437524K->93334K(1864192K), [Metaspace: 60414K->60414K(1105920K)], 0.0737543 secs] [Times: user=0.26 sys=0.00, real=0.07 secs] 
4678.712: [GC (Allocation Failure) [PSYoungGen: 232960K->175765K(465920K)] 326294K->269099K(1864192K), 0.0414474 secs] [Times: user=0.15 sys=0.00, real=0.04 secs] 
4678.920: [GC (Allocation Failure) [PSYoungGen: 408725K->184854K(465920K)] 502059K->333136K(1864192K), 0.0414856 secs] [Times: user=0.19 sys=0.00, real=0.04 secs] 
4679.072: [GC (Allocation Failure) [PSYoungGen: 417814K->184596K(465920K)] 566096K->389071K(1864192K), 0.0446387 secs] [Times: user=0.21 sys=0.00, real=0.04 secs] 
4680.025: [GC (Allocation Failure) [PSYoungGen: 417556K->149490K(465920K)] 622031K->423677K(1864192K), 0.0499880 secs] [Times: user=0.24 sys=0.00, real=0.05 secs] 
4681.251: [GC (Allocation Failure) [PSYoungGen: 382450K->119886K(465920K)] 656637K->441352K(1864192K), 0.1570353 secs] [Times: user=0.88 sys=0.01, real=0.16 secs] 
4681.644: [GC (Allocation Failure) [PSYoungGen: 352816K->178357K(465920K)] 674282K->537856K(1864192K), 0.0371246 secs] [Times: user=0.16 sys=0.00, real=0.04 secs] 
4681.852: [GC (Allocation Failure) [PSYoungGen: 411317K->182614K(465920K)] 770816K->604470K(1864192K), 0.0712790 secs] [Times: user=0.35 sys=0.00, real=0.07 secs] 
4682.105: [GC (Allocation Failure) [PSYoungGen: 415574K->186357K(465920K)] 837430K->666596K(1864192K), 0.0654328 secs] [Times: user=0.33 sys=0.00, real=0.07 secs] 
4683.263: [GC (Allocation Failure) [PSYoungGen: 419317K->94203K(465920K)] 899556K->644746K(1864192K), 0.0615685 secs] [Times: user=0.33 sys=0.01, real=0.06 secs] 
4684.007: [GC (Allocation Failure) [PSYoungGen: 327163K->174389K(465920K)] 877706K->755848K(1864192K), 0.0569058 secs] [Times: user=0.26 sys=0.00, real=0.06 secs] 
4684.261: [GC (Allocation Failure) [PSYoungGen: 407349K->184342K(465920K)] 988808K->819921K(1864192K), 0.0604087 secs] [Times: user=0.29 sys=0.00, real=0.06 secs] 
4684.503: [GC (Allocation Failure) [PSYoungGen: 406155K->171701K(465920K)] 1041735K->871489K(1864192K), 0.0689596 secs] [Times: user=0.34 sys=0.00, real=0.07 secs] 
4685.661: [GC (Allocation Failure) [PSYoungGen: 404661K->169395K(402432K)] 1104449K->923726K(1800704K), 0.0551132 secs] [Times: user=0.28 sys=0.00, real=0.05 secs] 
4686.379: [GC (Allocation Failure) [PSYoungGen: 402355K->101468K(463872K)] 1156686K->920607K(1862144K), 0.0729636 secs] [Times: user=0.39 sys=0.00, real=0.07 secs] 
4686.775: [GC (Allocation Failure) [PSYoungGen: 333404K->179413K(464896K)] 1152543K->1030682K(1863168K), 0.0352100 secs] [Times: user=0.14 sys=0.00, real=0.04 secs] 
4686.956: [GC (Allocation Failure) [PSYoungGen: 411349K->183701K(465920K)] 1262618K->1091094K(1864192K), 0.0617492 secs] [Times: user=0.30 sys=0.00, real=0.06 secs] 
4687.148: [GC (Allocation Failure) [PSYoungGen: 416661K->186645K(465920K)] 1324054K->1149646K(1864192K), 0.0459931 secs] [Times: user=0.21 sys=0.00, real=0.05 secs] 
4688.296: [GC (Allocation Failure) [PSYoungGen: 419524K->97691K(465920K)] 1382525K->1131136K(1864192K), 0.0709912 secs] [Times: user=0.38 sys=0.00, real=0.07 secs] 
4689.513: [GC (Allocation Failure) [PSYoungGen: 330651K->165780K(465920K)] 1364096K->1230885K(1864192K), 0.0809470 secs] [Times: user=0.41 sys=0.00, real=0.08 secs] 
4689.745: [GC (Allocation Failure) [PSYoungGen: 398740K->184150K(465920K)] 1463845K->1301475K(1864192K), 0.0465535 secs] [Times: user=0.22 sys=0.00, real=0.05 secs] 
4689.914: [GC (Allocation Failure) [PSYoungGen: 417110K->185911K(465920K)] 1534435K->1367228K(1864192K), 0.0545315 secs] [Times: user=0.26 sys=0.00, real=0.06 secs] 
4690.313: [GC (Allocation Failure) [PSYoungGen: 418871K->183380K(465920K)] 1600188K->1423705K(1864192K), 0.0552623 secs] [Times: user=0.27 sys=0.00, real=0.06 secs] 
4691.581: [GC (Allocation Failure) [PSYoungGen: 416340K->90378K(465920K)] 1656665K->1399359K(1864192K), 0.1101134 secs] [Times: user=0.60 sys=0.00, real=0.11 secs] 
4692.232: [GC (Allocation Failure) [PSYoungGen: 323338K->175221K(465920K)] 1632319K->1513362K(1864192K), 0.0473551 secs] [Times: user=0.21 sys=0.00, real=0.05 secs] 
4692.279: [Full GC (Ergonomics) [PSYoungGen: 175221K->0K(465920K)] [ParOldGen: 1338141K->221469K(1398272K)] 1513362K->221469K(1864192K), [Metaspace: 60414K->60414K(1105920K)], 0.2665762 secs] [Times: user=1.23 sys=0.00, real=0.26 secs] 
4692.667: [GC (Allocation Failure) [PSYoungGen: 232960K->184374K(465920K)] 454429K->405843K(1864192K), 0.0267303 secs] [Times: user=0.09 sys=0.00, real=0.03 secs] 
4692.840: [GC (Allocation Failure) [PSYoungGen: 417334K->186517K(465920K)] 638803K->464098K(1864192K), 0.0510017 secs] [Times: user=0.24 sys=0.00, real=0.05 secs] 
4694.271: [GC (Allocation Failure) [PSYoungGen: 419477K->103756K(465920K)] 697058K->451538K(1864192K), 0.0452379 secs] [Times: user=0.23 sys=0.00, real=0.04 secs] 
4694.796: [GC (Allocation Failure) [PSYoungGen: 336716K->166580K(465920K)] 684498K->547630K(1864192K), 0.0847700 secs] [Times: user=0.42 sys=0.00, real=0.09 secs] 
4695.044: [GC (Allocation Failure) [PSYoungGen: 399540K->184790K(465920K)] 780590K->618076K(1864192K), 0.0418754 secs] [Times: user=0.18 sys=0.00, real=0.04 secs] 
4695.205: [GC (Allocation Failure) [PSYoungGen: 417750K->182902K(465920K)] 851036K->680429K(1864192K), 0.0493233 secs] [Times: user=0.23 sys=0.00, real=0.05 secs] 
4695.370: [GC (Allocation Failure) [PSYoungGen: 415862K->186389K(465920K)] 913389K->742163K(1864192K), 0.0539122 secs] [Times: user=0.26 sys=0.00, real=0.05 secs] 
4697.036: [GC (Allocation Failure) [PSYoungGen: 419349K->84394K(465920K)] 975123K->710512K(1864192K), 0.0772795 secs] [Times: user=0.42 sys=0.00, real=0.08 secs] 
4697.521: [GC (Allocation Failure) [PSYoungGen: 317354K->179893K(465920K)] 943472K->832801K(1864192K), 0.0334475 secs] [Times: user=0.14 sys=0.00, real=0.03 secs] 
4697.674: [GC (Allocation Failure) [PSYoungGen: 412853K->184566K(465920K)] 1065761K->893793K(1864192K), 0.0436364 secs] [Times: user=0.20 sys=0.00, real=0.04 secs] 
4697.833: [GC (Allocation Failure) [PSYoungGen: 417526K->186421K(465920K)] 1126753K->951816K(1864192K), 0.0454484 secs] [Times: user=0.21 sys=0.00, real=0.05 secs] 
4698.852: [GC (Allocation Failure) [PSYoungGen: 419381K->106893K(465920K)] 1184776K->942400K(1864192K), 0.0465370 secs] [Times: user=0.24 sys=0.00, real=0.05 secs] 
4699.784: [GC (Allocation Failure) [PSYoungGen: 339853K->157266K(465920K)] 1175360K->1027419K(1864192K), 0.0972586 secs] [Times: user=0.51 sys=0.00, real=0.10 secs] 
4700.106: [GC (Allocation Failure) [PSYoungGen: 390226K->183893K(465920K)] 1260379K->1103554K(1864192K), 0.0416068 secs] [Times: user=0.19 sys=0.00, real=0.04 secs] 
4700.305: [GC (Allocation Failure) [PSYoungGen: 416853K->185655K(465920K)] 1336514K->1169263K(1864192K), 0.0670633 secs] [Times: user=0.33 sys=0.00, real=0.07 secs] 
4700.504: [GC (Allocation Failure) [PSYoungGen: 418615K->186645K(465920K)] 1402223K->1229238K(1864192K), 0.0558684 secs] [Times: user=0.27 sys=0.00, real=0.06 secs] 
4701.571: [GC (Allocation Failure) [PSYoungGen: 419605K->91867K(465920K)] 1462198K->1204699K(1864192K), 0.0571150 secs] [Times: user=0.30 sys=0.00, real=0.06 secs] 
4701.975: [GC (Allocation Failure) [PSYoungGen: 324827K->182262K(465920K)] 1437659K->1324567K(1864192K), 0.0463276 secs] [Times: user=0.20 sys=0.00, real=0.05 secs] 
4702.150: [GC (Allocation Failure) [PSYoungGen: 415222K->184438K(465920K)] 1557527K->1383495K(1864192K), 0.0439590 secs] [Times: user=0.19 sys=0.00, real=0.04 secs] 
4702.641: [GC (Allocation Failure) [PSYoungGen: 417398K->183028K(465920K)] 1616455K->1437957K(1864192K), 0.0659430 secs] [Times: user=0.32 sys=0.00, real=0.06 secs] 
4703.817: [GC (Allocation Failure) [PSYoungGen: 415988K->108173K(465920K)] 1670917K->1432122K(1864192K), 0.0464788 secs] [Times: user=0.24 sys=0.00, real=0.05 secs] 
4703.864: [Full GC (Ergonomics) [PSYoungGen: 108173K->0K(465920K)] [ParOldGen: 1323949K->92884K(1398272K)] 1432122K->92884K(1864192K), [Metaspace: 60414K->60414K(1105920K)], 0.0363631 secs] [Times: user=0.11 sys=0.00, real=0.04 secs] 
4704.831: [GC (Allocation Failure) [PSYoungGen: 232960K->158451K(465920K)] 325844K->251335K(1864192K), 0.0683906 secs] [Times: user=0.27 sys=0.00, real=0.07 secs] 
4705.134: [GC (Allocation Failure) [PSYoungGen: 391411K->184022K(465920K)] 484295K->327058K(1864192K), 0.0425283 secs] [Times: user=0.19 sys=0.00, real=0.04 secs] 
4705.336: [GC (Allocation Failure) [PSYoungGen: 416982K->180246K(465920K)] 560018K->387259K(1864192K), 0.0734804 secs] [Times: user=0.36 sys=0.00, real=0.08 secs] 
4705.606: [GC (Allocation Failure) [PSYoungGen: 413206K->186197K(465920K)] 620219K->451009K(1864192K), 0.0629838 secs] [Times: user=0.32 sys=0.00, real=0.07 secs] 
4707.053: [GC (Allocation Failure) [PSYoungGen: 419157K->93467K(465920K)] 683969K->428515K(1864192K), 0.1189097 secs] [Times: user=0.65 sys=0.01, real=0.12 secs] 
4707.677: [GC (Allocation Failure) [PSYoungGen: 326427K->178453K(465920K)] 661475K->544039K(1864192K), 0.0443869 secs] [Times: user=0.19 sys=0.00, real=0.05 secs] 
4707.853: [GC (Allocation Failure) [PSYoungGen: 411413K->184470K(465920K)] 776999K->605691K(1864192K), 0.0430719 secs] [Times: user=0.19 sys=0.00, real=0.04 secs] 
4708.041: [GC (Allocation Failure) [PSYoungGen: 417430K->183572K(465920K)] 838651K->660626K(1864192K), 0.0595395 secs] [Times: user=0.29 sys=0.01, real=0.06 secs] 
4709.121: [GC (Allocation Failure) [PSYoungGen: 416532K->115758K(465920K)] 893586K->662260K(1864192K), 0.0458610 secs] [Times: user=0.23 sys=0.00, real=0.04 secs] 
4709.624: [GC (Allocation Failure) [PSYoungGen: 348718K->155506K(465920K)] 895220K->739601K(1864192K), 0.0948813 secs] [Times: user=0.50 sys=0.00, real=0.10 secs] 
4709.919: [GC (Allocation Failure) [PSYoungGen: 388466K->180789K(465920K)] 972561K->813316K(1864192K), 0.0462724 secs] [Times: user=0.21 sys=0.00, real=0.04 secs] 
4710.085: [GC (Allocation Failure) [PSYoungGen: 413749K->185623K(465920K)] 1046276K->881405K(1864192K), 0.0507085 secs] [Times: user=0.23 sys=0.00, real=0.05 secs] 
4710.249: [GC (Allocation Failure) [PSYoungGen: 418583K->186261K(465920K)] 1114365K->941084K(1864192K), 0.0581180 secs] [Times: user=0.28 sys=0.00, real=0.05 secs] 
4711.314: [GC (Allocation Failure) [PSYoungGen: 419221K->91498K(465920K)] 1174044K->916441K(1864192K), 0.0595934 secs] [Times: user=0.32 sys=0.00, real=0.06 secs] 
4712.079: [GC (Allocation Failure) [PSYoungGen: 324458K->175221K(465920K)] 1149401K->1029640K(1864192K), 0.0521783 secs] [Times: user=0.23 sys=0.01, real=0.05 secs] 
4712.282: [GC (Allocation Failure) [PSYoungGen: 408181K->184534K(465920K)] 1262600K->1093485K(1864192K), 0.0433985 secs] [Times: user=0.20 sys=0.00, real=0.04 secs] 
4712.439: [GC (Allocation Failure) [PSYoungGen: 417494K->186805K(465920K)] 1326445K->1151532K(1864192K), 0.0461100 secs] [Times: user=0.21 sys=0.00, real=0.04 secs] 
4713.453: [GC (Allocation Failure) [PSYoungGen: 419765K->116814K(465920K)] 1384492K->1152030K(1864192K), 0.0474314 secs] [Times: user=0.24 sys=0.00, real=0.05 secs] 
4714.821: [GC (Allocation Failure) [PSYoungGen: 349774K->146833K(465920K)] 1384990K->1219374K(1864192K), 0.1156370 secs] [Times: user=0.62 sys=0.01, real=0.11 secs] 
4715.106: [GC (Allocation Failure) [PSYoungGen: 379793K->183765K(465920K)] 1452334K->1302294K(1864192K), 0.0408896 secs] [Times: user=0.18 sys=0.00, real=0.04 secs] 
4715.267: [GC (Allocation Failure) [PSYoungGen: 416725K->183158K(465920K)] 1535254K->1365591K(1864192K), 0.0511604 secs] [Times: user=0.24 sys=0.00, real=0.06 secs] 
4715.462: [GC (Allocation Failure) [PSYoungGen: 416118K->186773K(465920K)] 1598551K->1427854K(1864192K), 0.0780004 secs] [Times: user=0.40 sys=0.00, real=0.08 secs] 
4716.827: [GC (Allocation Failure) [PSYoungGen: 419733K->90778K(465920K)] 1660814K->1402363K(1864192K), 0.1090573 secs] [Times: user=0.52 sys=0.01, real=0.11 secs] 
4716.936: [Full GC (Ergonomics) [PSYoungGen: 90778K->0K(465920K)] [ParOldGen: 1311584K->99208K(1398272K)] 1402363K->99208K(1864192K), [Metaspace: 60418K->60418K(1105920K)], 0.1283692 secs] [Times: user=0.48 sys=0.00, real=0.13 secs] 
4717.535: [GC (Allocation Failure) [PSYoungGen: 232960K->178005K(465920K)] 332168K->277214K(1864192K), 0.0301053 secs] [Times: user=0.11 sys=0.00, real=0.03 secs] 
4717.731: [GC (Allocation Failure) [PSYoungGen: 410889K->184374K(465920K)] 510097K->338902K(1864192K), 0.0502109 secs] [Times: user=0.24 sys=0.00, real=0.05 secs] 
4717.912: [GC (Allocation Failure) [PSYoungGen: 417334K->186581K(465920K)] 571862K->396885K(1864192K), 0.0443669 secs] [Times: user=0.20 sys=0.00, real=0.04 secs] 
4719.180: [GC (Allocation Failure) [PSYoungGen: 419541K->122799K(465920K)] 629845K->403583K(1864192K), 0.0467262 secs] [Times: user=0.23 sys=0.00, real=0.04 secs] 
4719.868: [GC (Allocation Failure) [PSYoungGen: 355759K->142193K(465920K)] 636543K->461833K(1864192K), 0.1479936 secs] [Times: user=0.81 sys=0.00, real=0.14 secs] 
4720.295: [GC (Allocation Failure) [PSYoungGen: 375153K->178293K(465920K)] 694793K->543154K(1864192K), 0.0405174 secs] [Times: user=0.18 sys=0.00, real=0.04 secs] 
4720.478: [GC (Allocation Failure) [PSYoungGen: 411253K->185911K(465920K)] 776114K->612904K(1864192K), 0.0539677 secs] [Times: user=0.26 sys=0.00, real=0.05 secs] 
4720.671: [GC (Allocation Failure) [PSYoungGen: 418871K->186453K(465920K)] 845864K->672438K(1864192K), 0.0581565 secs] [Times: user=0.28 sys=0.00, real=0.06 secs] 
4722.131: [GC (Allocation Failure) [PSYoungGen: 419413K->87578K(465920K)] 905398K->644000K(1864192K), 0.1133135 secs] [Times: user=0.63 sys=0.01, real=0.11 secs] 
4723.169: [GC (Allocation Failure) [PSYoungGen: 320538K->177109K(465920K)] 876960K->761852K(1864192K), 0.0480329 secs] [Times: user=0.21 sys=0.00, real=0.04 secs] 
4723.363: [GC (Allocation Failure) [PSYoungGen: 410069K->181557K(465920K)] 994812K->821624K(1864192K), 0.0427633 secs] [Times: user=0.19 sys=0.00, real=0.04 secs] 
4723.576: [GC (Allocation Failure) [PSYoungGen: 414517K->186997K(465920K)] 1054584K->882271K(1864192K), 0.0683500 secs] [Times: user=0.33 sys=0.00, real=0.07 secs] 
4724.669: [GC (Allocation Failure) [PSYoungGen: 419957K->135568K(465920K)] 1115231K->901379K(1864192K), 0.0490289 secs] [Times: user=0.24 sys=0.00, real=0.05 secs] 
4725.202: [GC (Allocation Failure) [PSYoungGen: 368481K->137232K(465920K)] 1134291K->946023K(1864192K), 0.1495908 secs] [Times: user=0.83 sys=0.00, real=0.15 secs] 
4725.692: [GC (Allocation Failure) [PSYoungGen: 370192K->173972K(465920K)] 1178983K->1026203K(1864192K), 0.0394288 secs] [Times: user=0.15 sys=0.00, real=0.04 secs] 
4725.854: [GC (Allocation Failure) [PSYoungGen: 406932K->185143K(465920K)] 1259163K->1098657K(1864192K), 0.0488936 secs] [Times: user=0.22 sys=0.00, real=0.05 secs] 
4726.018: [GC (Allocation Failure) [PSYoungGen: 418103K->186677K(465920K)] 1331617K->1158936K(1864192K), 0.0570867 secs] [Times: user=0.28 sys=0.00, real=0.05 secs] 
4727.078: [GC (Allocation Failure) [PSYoungGen: 419637K->93467K(465920K)] 1391896K->1136222K(1864192K), 0.0572175 secs] [Times: user=0.26 sys=0.00, real=0.05 secs] 
4727.608: [GC (Allocation Failure) [PSYoungGen: 326427K->177909K(465920K)] 1369182K->1250849K(1864192K), 0.0408194 secs] [Times: user=0.17 sys=0.00, real=0.04 secs] 
4727.770: [GC (Allocation Failure) [PSYoungGen: 410869K->184630K(465920K)] 1483809K->1313269K(1864192K), 0.0432724 secs] [Times: user=0.20 sys=0.00, real=0.04 secs] 
4727.925: [GC (Allocation Failure) [PSYoungGen: 417590K->186837K(465920K)] 1546229K->1371501K(1864192K), 0.0454711 secs] [Times: user=0.21 sys=0.00, real=0.05 secs] 
4728.943: [GC (Allocation Failure) [PSYoungGen: 419797K->135824K(465920K)] 1604461K->1390960K(1864192K), 0.0495171 secs] [Times: user=0.25 sys=0.00, real=0.05 secs] 
4729.617: [GC (Allocation Failure) [PSYoungGen: 368784K->131567K(465920K)] 1623920K->1429711K(1864192K), 0.1554539 secs] [Times: user=0.86 sys=0.00, real=0.16 secs] 
4730.053: [GC (Allocation Failure) [PSYoungGen: 364527K->178517K(465920K)] 1662671K->1518910K(1864192K), 0.0388319 secs] [Times: user=0.17 sys=0.00, real=0.04 secs] 
4730.091: [Full GC (Ergonomics) [PSYoungGen: 178517K->0K(465920K)] [ParOldGen: 1340392K->237789K(1398272K)] 1518910K->237789K(1864192K), [Metaspace: 60420K->60420K(1105920K)], 0.2876080 secs] [Times: user=1.32 sys=0.00, real=0.29 secs] 
4730.518: [GC (Allocation Failure) [PSYoungGen: 232960K->185431K(465920K)] 470749K->423221K(1864192K), 0.0872557 secs] [Times: user=0.46 sys=0.00, real=0.09 secs] 
4730.721: [GC (Allocation Failure) [PSYoungGen: 418391K->186549K(465920K)] 656181K->482995K(1864192K), 0.0580768 secs] [Times: user=0.29 sys=0.00, real=0.06 secs] 
4732.002: [GC (Allocation Failure) [PSYoungGen: 419509K->91066K(465920K)] 715955K->457888K(1864192K), 0.0808399 secs] [Times: user=0.44 sys=0.00, real=0.08 secs] 
4733.073: [GC (Allocation Failure) [PSYoungGen: 324026K->173492K(465920K)] 690848K->569263K(1864192K), 0.0562885 secs] [Times: user=0.25 sys=0.00, real=0.06 secs] 
4733.300: [GC (Allocation Failure) [PSYoungGen: 406452K->184758K(465920K)] 802223K->634677K(1864192K), 0.0426990 secs] [Times: user=0.20 sys=0.00, real=0.04 secs] 
4733.453: [GC (Allocation Failure) [PSYoungGen: 417718K->184661K(465920K)] 867637K->690684K(1864192K), 0.0452615 secs] [Times: user=0.21 sys=0.00, real=0.05 secs] 
4734.406: [GC (Allocation Failure) [PSYoungGen: 417621K->146066K(465920K)] 923644K->721689K(1864192K), 0.0504323 secs] [Times: user=0.25 sys=0.00, real=0.05 secs] 
4734.882: [GC (Allocation Failure) [PSYoungGen: 379026K->125727K(465920K)] 954649K->747830K(1864192K), 0.0783044 secs] [Times: user=0.42 sys=0.00, real=0.08 secs] 
4735.204: [GC (Allocation Failure) [PSYoungGen: 358687K->177653K(465920K)] 980790K->840105K(1864192K), 0.0378615 secs] [Times: user=0.16 sys=0.00, real=0.04 secs] 
4735.392: [GC (Allocation Failure) [PSYoungGen: 410613K->185143K(465920K)] 1073065K->909671K(1864192K), 0.0646215 secs] [Times: user=0.32 sys=0.00, real=0.06 secs] 
4735.595: [GC (Allocation Failure) [PSYoungGen: 418103K->186773K(465920K)] 1142631K->970061K(1864192K), 0.0626734 secs] [Times: user=0.31 sys=0.00, real=0.06 secs] 
4736.877: [GC (Allocation Failure) [PSYoungGen: 419733K->92395K(465920K)] 1203021K->946227K(1864192K), 0.0722924 secs] [Times: user=0.40 sys=0.00, real=0.08 secs] 
4737.791: [GC (Allocation Failure) [PSYoungGen: 325355K->173076K(465920K)] 1179187K->1055921K(1864192K), 0.0446394 secs] [Times: user=0.19 sys=0.00, real=0.04 secs] 
4738.057: [GC (Allocation Failure) [PSYoungGen: 406036K->184598K(465920K)] 1288881K->1122111K(1864192K), 0.0612138 secs] [Times: user=0.29 sys=0.01, real=0.07 secs] 
4738.289: [GC (Allocation Failure) [PSYoungGen: 417558K->187381K(465920K)] 1355071K->1180878K(1864192K), 0.0694514 secs] [Times: user=0.35 sys=0.00, real=0.07 secs] 
4739.327: [GC (Allocation Failure) [PSYoungGen: 420341K->149650K(465920K)] 1413838K->1213763K(1864192K), 0.0533038 secs] [Times: user=0.27 sys=0.00, real=0.06 secs] 
4740.319: [GC (Allocation Failure) [PSYoungGen: 382610K->119902K(465920K)] 1446723K->1231219K(1864192K), 0.1277412 secs] [Times: user=0.72 sys=0.00, real=0.12 secs] 
4741.045: [GC (Allocation Failure) [PSYoungGen: 352862K->183348K(465920K)] 1464179K->1332570K(1864192K), 0.0499567 secs] [Times: user=0.24 sys=0.00, real=0.05 secs] 
4741.269: [GC (Allocation Failure) [PSYoungGen: 416308K->185335K(465920K)] 1565530K->1395985K(1864192K), 0.0594342 secs] [Times: user=0.29 sys=0.00, real=0.06 secs] 
4741.446: [GC (Allocation Failure) [PSYoungGen: 418295K->186709K(465920K)] 1628945K->1456215K(1864192K), 0.0603610 secs] [Times: user=0.30 sys=0.00, real=0.06 secs] 
4742.513: [GC (Allocation Failure) [PSYoungGen: 419669K->93771K(465920K)] 1689175K->1433585K(1864192K), 0.0576821 secs] [Times: user=0.32 sys=0.00, real=0.06 secs] 
4742.570: [Full GC (Ergonomics) [PSYoungGen: 93771K->0K(465920K)] [ParOldGen: 1339814K->91672K(1398272K)] 1433585K->91672K(1864192K), [Metaspace: 60424K->60424K(1105920K)], 0.0520590 secs] [Times: user=0.18 sys=0.00, real=0.05 secs] 
4743.019: [GC (Allocation Failure) [PSYoungGen: 232960K->169300K(465920K)] 324632K->260973K(1864192K), 0.0317831 secs] [Times: user=0.11 sys=0.00, real=0.03 secs] 
4743.257: [GC (Allocation Failure) [PSYoungGen: 402260K->183957K(465920K)] 493933K->328782K(1864192K), 0.0593207 secs] [Times: user=0.28 sys=0.00, real=0.06 secs] 
4743.491: [GC (Allocation Failure) [PSYoungGen: 408827K->178326K(465920K)] 553651K->387047K(1864192K), 0.0701020 secs] [Times: user=0.34 sys=0.00, real=0.07 secs] 
4744.733: [GC (Allocation Failure) [PSYoungGen: 411286K->168755K(465920K)] 620007K->434260K(1864192K), 0.0527186 secs] [Times: user=0.26 sys=0.00, real=0.05 secs] 
4745.535: [GC (Allocation Failure) [PSYoungGen: 401715K->102236K(465920K)] 667220K->432261K(1864192K), 0.0562232 secs] [Times: user=0.29 sys=0.00, real=0.06 secs] 
4745.915: [GC (Allocation Failure) [PSYoungGen: 335196K->180501K(465920K)] 665221K->542959K(1864192K), 0.0345350 secs] [Times: user=0.14 sys=0.00, real=0.04 secs] 
4746.069: [GC (Allocation Failure) [PSYoungGen: 413461K->184598K(465920K)] 775919K->603404K(1864192K), 0.0434329 secs] [Times: user=0.19 sys=0.00, real=0.04 secs] 
4746.228: [GC (Allocation Failure) [PSYoungGen: 417558K->186485K(465920K)] 836364K->661371K(1864192K), 0.0455881 secs] [Times: user=0.21 sys=0.00, real=0.05 secs] 
4747.328: [GC (Allocation Failure) [PSYoungGen: 419166K->99276K(465920K)] 894052K->644466K(1864192K), 0.0524247 secs] [Times: user=0.27 sys=0.00, real=0.05 secs] 
4748.602: [GC (Allocation Failure) [PSYoungGen: 332236K->164723K(465920K)] 877426K->741690K(1864192K), 0.0833351 secs] [Times: user=0.40 sys=0.00, real=0.08 secs] 
4748.871: [GC (Allocation Failure) [PSYoungGen: 397683K->184374K(465920K)] 974650K->813360K(1864192K), 0.0426336 secs] [Times: user=0.19 sys=0.00, real=0.04 secs] 
4749.035: [GC (Allocation Failure) [PSYoungGen: 417334K->185655K(465920K)] 1046320K->878706K(1864192K), 0.0503065 secs] [Times: user=0.24 sys=0.00, real=0.05 secs] 
4749.559: [GC (Allocation Failure) [PSYoungGen: 416537K->212724K(465920K)] 1109588K->964695K(1864192K), 0.0533590 secs] [Times: user=0.26 sys=0.00, real=0.05 secs] 
4750.380: [GC (Allocation Failure) [PSYoungGen: 445684K->97931K(465920K)] 1197655K->917398K(1864192K), 0.0732825 secs] [Times: user=0.40 sys=0.00, real=0.07 secs] 
4750.747: [GC (Allocation Failure) [PSYoungGen: 330891K->182326K(465920K)] 1150358K->1033409K(1864192K), 0.0386735 secs] [Times: user=0.16 sys=0.00, real=0.04 secs] 
4750.951: [GC (GCLocker Initiated GC) [PSYoungGen: 415286K->178677K(465920K)] 1266369K->1086544K(1864192K), 0.0604476 secs] [Times: user=0.30 sys=0.00, real=0.06 secs] 
4751.142: [GC (Allocation Failure) [PSYoungGen: 411637K->186549K(465920K)] 1319671K->1148591K(1864192K), 0.0453889 secs] [Times: user=0.21 sys=0.00, real=0.04 secs] 
4752.405: [GC (Allocation Failure) [PSYoungGen: 419509K->98796K(465920K)] 1381551K->1131174K(1864192K), 0.0476612 secs] [Times: user=0.25 sys=0.00, real=0.05 secs] 
4752.919: [GC (Allocation Failure) [PSYoungGen: 331756K->167476K(465920K)] 1364134K->1232478K(1864192K), 0.0745325 secs] [Times: user=0.37 sys=0.00, real=0.07 secs] 
4753.207: [GC (Allocation Failure) [PSYoungGen: 400436K->184406K(465920K)] 1465438K->1301884K(1864192K), 0.0521346 secs] [Times: user=0.25 sys=0.00, real=0.06 secs] 
4753.376: [GC (Allocation Failure) [PSYoungGen: 417366K->185815K(465920K)] 1534844K->1367462K(1864192K), 0.0504721 secs] [Times: user=0.23 sys=0.00, real=0.05 secs] 
4753.595: [GC (Allocation Failure) [PSYoungGen: 418775K->216276K(465920K)] 1600422K->1456883K(1864192K), 0.0556290 secs] [Times: user=0.27 sys=0.00, real=0.06 secs] 
4755.668: [GC (Allocation Failure) [PSYoungGen: 449236K->83513K(465920K)] 1689843K->1393212K(1864192K), 0.1019303 secs] [Times: user=0.56 sys=0.00, real=0.10 secs] 
4756.373: [GC (Allocation Failure) [PSYoungGen: 316473K->182710K(465920K)] 1626172K->1519266K(1864192K), 0.0444631 secs] [Times: user=0.19 sys=0.00, real=0.04 secs] 
4756.418: [Full GC (Ergonomics) [PSYoungGen: 182710K->0K(465920K)] [ParOldGen: 1336555K->226648K(1398272K)] 1519266K->226648K(1864192K), [Metaspace: 60424K->60424K(1105920K)], 0.2571027 secs] [Times: user=1.17 sys=0.01, real=0.26 secs] 
4756.795: [GC (Allocation Failure) [PSYoungGen: 232960K->184342K(465920K)] 459608K->410990K(1864192K), 0.0266231 secs] [Times: user=0.10 sys=0.00, real=0.03 secs] 
4756.968: [GC (Allocation Failure) [PSYoungGen: 417302K->183732K(465920K)] 643950K->466269K(1864192K), 0.0446682 secs] [Times: user=0.21 sys=0.00, real=0.04 secs] 
4757.994: [GC (Allocation Failure) [PSYoungGen: 416692K->105548K(465920K)] 699229K->457537K(1864192K), 0.0445274 secs] [Times: user=0.23 sys=0.00, real=0.05 secs] 
4758.712: [GC (GCLocker Initiated GC) [PSYoungGen: 338508K->162035K(465920K)] 690497K->548401K(1864192K), 0.1189211 secs] [Times: user=0.62 sys=0.00, real=0.12 secs] 
4759.021: [GC (Allocation Failure) [PSYoungGen: 394995K->181109K(465920K)] 781527K->618017K(1864192K), 0.0424473 secs] [Times: user=0.19 sys=0.00, real=0.04 secs] 
4759.185: [GC (Allocation Failure) [PSYoungGen: 414069K->185847K(465920K)] 850977K->685987K(1864192K), 0.0508180 secs] [Times: user=0.23 sys=0.00, real=0.05 secs] 
4759.516: [GC (Allocation Failure) [PSYoungGen: 418807K->185909K(465920K)] 918947K->745185K(1864192K), 0.0894459 secs] [Times: user=0.46 sys=0.00, real=0.09 secs] 
4760.655: [GC (Allocation Failure) [PSYoungGen: 418869K->94827K(465920K)] 978145K->724223K(1864192K), 0.0657702 secs] [Times: user=0.35 sys=0.00, real=0.07 secs] 
4761.453: [GC (Allocation Failure) [PSYoungGen: 327787K->178517K(465920K)] 957183K->837734K(1864192K), 0.0484206 secs] [Times: user=0.21 sys=0.00, real=0.05 secs] 
4761.637: [GC (Allocation Failure) [PSYoungGen: 411477K->181813K(465920K)] 1070694K->896554K(1864192K), 0.0437217 secs] [Times: user=0.20 sys=0.00, real=0.05 secs] 
4761.797: [GC (Allocation Failure) [PSYoungGen: 414773K->186741K(465920K)] 1129514K->956954K(1864192K), 0.0460834 secs] [Times: user=0.22 sys=0.00, real=0.05 secs] 
4762.799: [GC (Allocation Failure) [PSYoungGen: 419701K->106605K(465920K)] 1189914K->947106K(1864192K), 0.0471682 secs] [Times: user=0.24 sys=0.00, real=0.04 secs] 
4764.038: [GC (Allocation Failure) [PSYoungGen: 339565K->160627K(465920K)] 1180066K->1035109K(1864192K), 0.1168644 secs] [Times: user=0.60 sys=0.00, real=0.11 secs] 
4764.333: [GC (Allocation Failure) [PSYoungGen: 393587K->181557K(465920K)] 1268069K->1106491K(1864192K), 0.0431338 secs] [Times: user=0.19 sys=0.00, real=0.04 secs] 
4764.540: [GC (Allocation Failure) [PSYoungGen: 414517K->185879K(465920K)] 1339451K->1174293K(1864192K), 0.0810293 secs] [Times: user=0.40 sys=0.00, real=0.08 secs] 
4764.797: [GC (Allocation Failure) [PSYoungGen: 418839K->186421K(465920K)] 1407253K->1233899K(1864192K), 0.0696420 secs] [Times: user=0.36 sys=0.00, real=0.07 secs] 
4766.089: [GC (Allocation Failure) [PSYoungGen: 419381K->90778K(465920K)] 1466859K->1208513K(1864192K), 0.0763784 secs] [Times: user=0.42 sys=0.01, real=0.07 secs] 
4767.001: [GC (Allocation Failure) [PSYoungGen: 323738K->175093K(465920K)] 1441473K->1321376K(1864192K), 0.0495049 secs] [Times: user=0.22 sys=0.00, real=0.05 secs] 
4767.193: [GC (Allocation Failure) [PSYoungGen: 408029K->184406K(465920K)] 1554313K->1385837K(1864192K), 0.0456075 secs] [Times: user=0.21 sys=0.00, real=0.05 secs] 
4767.389: [GC (Allocation Failure) [PSYoungGen: 417366K->183604K(465920K)] 1618797K->1440812K(1864192K), 0.0702081 secs] [Times: user=0.35 sys=0.00, real=0.07 secs] 
4768.459: [GC (Allocation Failure) [PSYoungGen: 416564K->116398K(465920K)] 1673772K->1442901K(1864192K), 0.0488547 secs] [Times: user=0.25 sys=0.00, real=0.05 secs] 
4768.508: [Full GC (Ergonomics) [PSYoungGen: 116398K->0K(465920K)] [ParOldGen: 1326503K->98479K(1398272K)] 1442901K->98479K(1864192K), [Metaspace: 60424K->60424K(1105920K)], 0.0348143 secs] [Times: user=0.11 sys=0.00, real=0.03 secs] 
4769.011: [GC (Allocation Failure) [PSYoungGen: 232957K->158771K(465920K)] 331437K->257250K(1864192K), 0.0414541 secs] [Times: user=0.16 sys=0.00, real=0.04 secs] 
4769.243: [GC (Allocation Failure) [PSYoungGen: 391731K->184598K(465920K)] 490210K->332717K(1864192K), 0.0403055 secs] [Times: user=0.18 sys=0.00, real=0.04 secs] 
4769.404: [GC (Allocation Failure) [PSYoungGen: 417558K->185527K(465920K)] 565677K->397879K(1864192K), 0.0486239 secs] [Times: user=0.23 sys=0.00, real=0.05 secs] 
4769.563: [GC (Allocation Failure) [PSYoungGen: 418487K->183796K(465920K)] 630839K->455092K(1864192K), 0.0550778 secs] [Times: user=0.27 sys=0.00, real=0.06 secs] 
4771.366: [GC (Allocation Failure) [PSYoungGen: 416660K->88410K(465920K)] 687956K->428954K(1864192K), 0.1029017 secs] [Times: user=0.56 sys=0.00, real=0.11 secs] 
4771.911: [GC (Allocation Failure) [PSYoungGen: 321370K->177429K(465920K)] 661914K->546765K(1864192K), 0.0424388 secs] [Times: user=0.18 sys=0.00, real=0.04 secs] 
4772.120: [GC (Allocation Failure) [PSYoungGen: 410389K->184726K(465920K)] 779725K->609158K(1864192K), 0.0470832 secs] [Times: user=0.22 sys=0.00, real=0.04 secs] 
4772.658: [GC (Allocation Failure) [PSYoungGen: 417686K->183252K(465920K)] 842118K->663685K(1864192K), 0.0733087 secs] [Times: user=0.36 sys=0.00, real=0.07 secs] 
4774.089: [GC (Allocation Failure) [PSYoungGen: 416212K->116318K(465920K)] 896645K->665998K(1864192K), 0.0460908 secs] [Times: user=0.23 sys=0.00, real=0.04 secs] 
4775.281: [GC (Allocation Failure) [PSYoungGen: 349278K->150466K(465920K)] 898958K->737271K(1864192K), 0.1108892 secs] [Times: user=0.59 sys=0.01, real=0.11 secs] 
4775.559: [GC (Allocation Failure) [PSYoungGen: 383426K->183797K(465920K)] 970231K->817362K(1864192K), 0.0409392 secs] [Times: user=0.18 sys=0.00, real=0.04 secs] 
4775.719: [GC (Allocation Failure) [PSYoungGen: 416757K->185815K(465920K)] 1050322K->883699K(1864192K), 0.0502657 secs] [Times: user=0.23 sys=0.00, real=0.05 secs] 
4775.884: [GC (Allocation Failure) [PSYoungGen: 418775K->184116K(465920K)] 1116659K->940889K(1864192K), 0.0570792 secs] [Times: user=0.28 sys=0.00, real=0.06 secs] 
4777.171: [GC (Allocation Failure) [PSYoungGen: 417076K->89994K(465920K)] 1173849K->916299K(1864192K), 0.0571616 secs] [Times: user=0.30 sys=0.00, real=0.05 secs] 
4777.652: [GC (Allocation Failure) [PSYoungGen: 322954K->178165K(465920K)] 1149259K->1033683K(1864192K), 0.0530619 secs] [Times: user=0.23 sys=0.00, real=0.05 secs] 
4777.857: [GC (Allocation Failure) [PSYoungGen: 411125K->184566K(465920K)] 1266643K->1095259K(1864192K), 0.0454765 secs] [Times: user=0.21 sys=0.00, real=0.05 secs] 
4778.391: [GC (GCLocker Initiated GC) [PSYoungGen: 417526K->185685K(465920K)] 1328219K->1152202K(1864192K), 0.0671342 secs] [Times: user=0.33 sys=0.00, real=0.07 secs] 
4779.561: [GC (Allocation Failure) [PSYoungGen: 418645K->119982K(465920K)] 1385164K->1156638K(1864192K), 0.0487529 secs] [Times: user=0.24 sys=0.00, real=0.05 secs] 
4780.640: [GC (Allocation Failure) [PSYoungGen: 349769K->141905K(465920K)] 1386424K->1216416K(1864192K), 0.1353318 secs] [Times: user=0.74 sys=0.00, real=0.13 secs] 
4781.068: [GC (Allocation Failure) [PSYoungGen: 374865K->178645K(465920K)] 1449376K->1298861K(1864192K), 0.0403053 secs] [Times: user=0.18 sys=0.00, real=0.04 secs] 
4781.258: [GC (Allocation Failure) [PSYoungGen: 411605K->185591K(465920K)] 1531821K->1367935K(1864192K), 0.0746573 secs] [Times: user=0.36 sys=0.00, real=0.07 secs] 
4781.460: [GC (Allocation Failure) [PSYoungGen: 418551K->183700K(465920K)] 1600895K->1424965K(1864192K), 0.0569868 secs] [Times: user=0.28 sys=0.00, real=0.05 secs] 
4782.818: [GC (Allocation Failure) [PSYoungGen: 416660K->92923K(465920K)] 1657925K->1403499K(1864192K), 0.1160761 secs] [Times: user=0.63 sys=0.01, real=0.12 secs] 
4783.983: [GC (Allocation Failure) [PSYoungGen: 325883K->174389K(465920K)] 1636459K->1514586K(1864192K), 0.0579378 secs] [Times: user=0.26 sys=0.00, real=0.06 secs] 
4784.041: [Full GC (Ergonomics) [PSYoungGen: 174389K->0K(465920K)] [ParOldGen: 1340197K->208968K(1398272K)] 1514586K->208968K(1864192K), [Metaspace: 60424K->60424K(1105920K)], 0.2631785 secs] [Times: user=1.26 sys=0.00, real=0.26 secs] 
4784.425: [GC (Allocation Failure) [PSYoungGen: 232960K->181973K(465920K)] 441928K->390942K(1864192K), 0.0264817 secs] [Times: user=0.09 sys=0.00, real=0.03 secs] 
4784.591: [GC (Allocation Failure) [PSYoungGen: 414933K->186613K(465920K)] 623902K->451054K(1864192K), 0.0463955 secs] [Times: user=0.22 sys=0.00, real=0.04 secs] 
4785.546: [GC (Allocation Failure) [PSYoungGen: 419573K->135824K(465920K)] 684014K->470770K(1864192K), 0.0484059 secs] [Times: user=0.24 sys=0.00, real=0.05 secs] 
4786.106: [GC (Allocation Failure) [PSYoungGen: 368784K->138464K(465920K)] 703730K->516425K(1864192K), 0.1168117 secs] [Times: user=0.63 sys=0.00, real=0.12 secs] 
4786.403: [GC (Allocation Failure) [PSYoungGen: 371424K->172276K(465920K)] 749385K->594298K(1864192K), 0.0380962 secs] [Times: user=0.16 sys=0.00, real=0.04 secs] 
4786.562: [GC (Allocation Failure) [PSYoungGen: 405236K->185271K(465920K)] 827258K->668293K(1864192K), 0.0486027 secs] [Times: user=0.22 sys=0.01, real=0.05 secs] 
4786.727: [GC (Allocation Failure) [PSYoungGen: 418231K->186581K(465920K)] 901253K->728571K(1864192K), 0.0577410 secs] [Times: user=0.28 sys=0.00, real=0.06 secs] 
4787.978: [GC (Allocation Failure) [PSYoungGen: 419541K->94011K(465920K)] 961531K->706301K(1864192K), 0.0838225 secs] [Times: user=0.45 sys=0.00, real=0.09 secs] 
4788.611: [GC (Allocation Failure) [PSYoungGen: 326971K->177397K(465920K)] 939261K->819908K(1864192K), 0.0497658 secs] [Times: user=0.18 sys=0.00, real=0.05 secs] 
4788.798: [GC (Allocation Failure) [PSYoungGen: 410357K->181653K(465920K)] 1052868K->879628K(1864192K), 0.0429760 secs] [Times: user=0.19 sys=0.00, real=0.04 secs] 
4788.985: [GC (Allocation Failure) [PSYoungGen: 414613K->186805K(465920K)] 1112588K->940116K(1864192K), 0.0673898 secs] [Times: user=0.33 sys=0.00, real=0.07 secs] 
4789.967: [GC (Allocation Failure) [PSYoungGen: 419765K->140177K(465920K)] 1173076K->963944K(1864192K), 0.0494207 secs] [Times: user=0.25 sys=0.00, real=0.05 secs] 
4791.739: [GC (Allocation Failure) [PSYoungGen: 373137K->125711K(465920K)] 1196904K->993854K(1864192K), 0.1343060 secs] [Times: user=0.75 sys=0.01, real=0.13 secs] 
4792.249: [GC (Allocation Failure) [PSYoungGen: 358671K->175700K(465920K)] 1226814K->1084060K(1864192K), 0.0372324 secs] [Times: user=0.16 sys=0.00, real=0.03 secs] 
4792.435: [GC (Allocation Failure) [PSYoungGen: 408660K->185559K(465920K)] 1317020K->1155519K(1864192K), 0.0658047 secs] [Times: user=0.31 sys=0.00, real=0.07 secs] 
4792.644: [GC (Allocation Failure) [PSYoungGen: 418519K->186261K(465920K)] 1388479K->1215189K(1864192K), 0.0584834 secs] [Times: user=0.29 sys=0.01, real=0.06 secs] 
4793.652: [GC (Allocation Failure) [PSYoungGen: 419221K->95227K(465920K)] 1448149K->1194387K(1864192K), 0.0454916 secs] [Times: user=0.24 sys=0.00, real=0.04 secs] 
4794.099: [GC (Allocation Failure) [PSYoungGen: 328187K->176757K(465920K)] 1427347K->1307253K(1864192K), 0.0471394 secs] [Times: user=0.20 sys=0.00, real=0.04 secs] 
4794.288: [GC (Allocation Failure) [PSYoungGen: 409717K->181109K(465920K)] 1540213K->1366790K(1864192K), 0.0429688 secs] [Times: user=0.19 sys=0.00, real=0.04 secs] 
4794.463: [GC (Allocation Failure) [PSYoungGen: 414069K->186869K(465920K)] 1599750K->1427461K(1864192K), 0.0550938 secs] [Times: user=0.27 sys=0.00, real=0.06 secs] 
4795.476: [GC (Allocation Failure) [PSYoungGen: 419829K->148178K(465920K)] 1660421K->1459363K(1864192K), 0.0513335 secs] [Times: user=0.25 sys=0.00, real=0.05 secs] 
4795.527: [Full GC (Ergonomics) [PSYoungGen: 148178K->0K(465920K)] [ParOldGen: 1311184K->355401K(1398272K)] 1459363K->355401K(1864192K), [Metaspace: 60424K->60424K(1105920K)], 0.5932502 secs] [Times: user=2.61 sys=0.00, real=0.60 secs] 
4796.867: [GC (Allocation Failure) [PSYoungGen: 232960K->118126K(465920K)] 588361K->473527K(1864192K), 0.0337082 secs] [Times: user=0.12 sys=0.00, real=0.04 secs] 
4797.637: [GC (Allocation Failure) [PSYoungGen: 351086K->178357K(465920K)] 706487K->571635K(1864192K), 0.0501898 secs] [Times: user=0.22 sys=0.00, real=0.05 secs] 
4797.817: [GC (Allocation Failure) [PSYoungGen: 411317K->182870K(465920K)] 804595K->638421K(1864192K), 0.0486837 secs] [Times: user=0.22 sys=0.00, real=0.05 secs] 
4798.030: [GC (Allocation Failure) [PSYoungGen: 415830K->186197K(465920K)] 871381K->699891K(1864192K), 0.0807373 secs] [Times: user=0.42 sys=0.00, real=0.08 secs] 
4799.548: [GC (Allocation Failure) [PSYoungGen: 419157K->93995K(465920K)] 932851K->678089K(1864192K), 0.1167407 secs] [Times: user=0.64 sys=0.00, real=0.11 secs] 
4800.522: [GC (GCLocker Initiated GC) [PSYoungGen: 326955K->168980K(465920K)] 911050K->782948K(1864192K), 0.0549201 secs] [Times: user=0.25 sys=0.00, real=0.05 secs] 
4800.734: [GC (Allocation Failure) [PSYoungGen: 401940K->184438K(465920K)] 1015915K->851724K(1864192K), 0.0434494 secs] [Times: user=0.19 sys=0.00, real=0.04 secs] 
4800.894: [GC (Allocation Failure) [PSYoungGen: 412553K->178774K(465920K)] 1079840K->910197K(1864192K), 0.0499971 secs] [Times: user=0.23 sys=0.00, real=0.05 secs] 
4801.858: [GC (Allocation Failure) [PSYoungGen: 411734K->169811K(465920K)] 1143157K->958105K(1864192K), 0.0550201 secs] [Times: user=0.28 sys=0.00, real=0.05 secs] 
4802.701: [GC (Allocation Failure) [PSYoungGen: 402771K->103372K(465920K)] 1191065K->956427K(1864192K), 0.0730078 secs] [Times: user=0.39 sys=0.00, real=0.07 secs] 
4803.024: [GC (Allocation Failure) [PSYoungGen: 331300K->178805K(465920K)] 1184355K->1064977K(1864192K), 0.0353818 secs] [Times: user=0.15 sys=0.00, real=0.04 secs] 
4803.223: [GC (GCLocker Initiated GC) [PSYoungGen: 411765K->183989K(465920K)] 1297938K->1125650K(1864192K), 0.0504342 secs] [Times: user=0.23 sys=0.00, real=0.05 secs] 
4803.602: [GC (Allocation Failure) [PSYoungGen: 416949K->182676K(465920K)] 1358777K->1180200K(1864192K), 0.0733471 secs] [Times: user=0.36 sys=0.00, real=0.07 secs] 
4804.874: [GC (Allocation Failure) [PSYoungGen: 415636K->96267K(465920K)] 1413160K->1162807K(1864192K), 0.0500747 secs] [Times: user=0.26 sys=0.00, real=0.05 secs] 
4805.445: [GC (Allocation Failure) [PSYoungGen: 329227K->170388K(465920K)] 1395767K->1268657K(1864192K), 0.0697037 secs] [Times: user=0.34 sys=0.00, real=0.07 secs] 
4805.671: [GC (Allocation Failure) [PSYoungGen: 403348K->184438K(465920K)] 1501617K->1335818K(1864192K), 0.0440840 secs] [Times: user=0.20 sys=0.00, real=0.04 secs] 
4805.834: [GC (Allocation Failure) [PSYoungGen: 417398K->186039K(465920K)] 1568778K->1401671K(1864192K), 0.0508207 secs] [Times: user=0.24 sys=0.00, real=0.05 secs] 
4806.298: [GC (Allocation Failure) [PSYoungGen: 418218K->213460K(465920K)] 1633850K->1488156K(1864192K), 0.0534679 secs] [Times: user=0.26 sys=0.00, real=0.06 secs] 
4807.715: [GC (Allocation Failure) [PSYoungGen: 446420K->90362K(465920K)] 1721116K->1432795K(1864192K), 0.1010046 secs] [Times: user=0.55 sys=0.00, real=0.10 secs] 
4807.816: [Full GC (Ergonomics) [PSYoungGen: 90362K->0K(465920K)] [ParOldGen: 1342432K->107655K(1398272K)] 1432795K->107655K(1864192K), [Metaspace: 60424K->59520K(1105920K)], 0.1780425 secs] [Times: user=0.74 sys=0.00, real=0.18 secs] 
4808.569: [GC (Allocation Failure) [PSYoungGen: 232960K->182294K(465920K)] 340615K->289950K(1864192K), 0.0324306 secs] [Times: user=0.12 sys=0.00, real=0.03 secs] 
4808.807: [GC (Allocation Failure) [PSYoungGen: 415254K->181973K(465920K)] 522910K->346329K(1864192K), 0.0605231 secs] [Times: user=0.29 sys=0.00, real=0.06 secs] 
4809.068: [GC (Allocation Failure) [PSYoungGen: 414933K->186741K(465920K)] 579289K->406593K(1864192K), 0.0627647 secs] [Times: user=0.26 sys=0.00, real=0.07 secs] 
4810.065: [GC (Allocation Failure) [PSYoungGen: 419701K->102396K(465920K)] 639553K->392672K(1864192K), 0.0443404 secs] [Times: user=0.23 sys=0.00, real=0.05 secs] 
4810.760: [GC (Allocation Failure) [PSYoungGen: 335356K->165076K(465920K)] 625632K->489192K(1864192K), 0.0902703 secs] [Times: user=0.45 sys=0.00, real=0.09 secs] 
4811.019: [GC (GCLocker Initiated GC) [PSYoungGen: 398036K->180469K(465920K)] 722152K->555834K(1864192K), 0.0413231 secs] [Times: user=0.19 sys=0.00, real=0.04 secs] 
4811.182: [GC (Allocation Failure) [PSYoungGen: 413429K->185495K(465920K)] 788924K->632438K(1864192K), 0.0495580 secs] [Times: user=0.23 sys=0.00, real=0.05 secs] 
4811.369: [GC (Allocation Failure) [PSYoungGen: 418455K->186549K(465920K)] 865398K->692380K(1864192K), 0.0621688 secs] [Times: user=0.31 sys=0.00, real=0.06 secs] 
4812.639: [GC (Allocation Failure) [PSYoungGen: 419509K->91226K(465920K)] 925340K->667369K(1864192K), 0.0993057 secs] [Times: user=0.54 sys=0.00, real=0.10 secs] 
4813.258: [GC (Allocation Failure) [PSYoungGen: 324186K->182262K(465920K)] 900329K->787465K(1864192K), 0.0459285 secs] [Times: user=0.20 sys=0.00, real=0.04 secs] 
4813.432: [GC (Allocation Failure) [PSYoungGen: 415122K->184502K(465920K)] 1020326K->846657K(1864192K), 0.0440272 secs] [Times: user=0.20 sys=0.00, real=0.04 secs] 
4813.589: [GC (Allocation Failure) [PSYoungGen: 417462K->183668K(465920K)] 1079617K->901704K(1864192K), 0.0454621 secs] [Times: user=0.21 sys=0.00, real=0.04 secs] 
4814.638: [GC (Allocation Failure) [PSYoungGen: 416628K->102684K(465920K)] 1134664K->889992K(1864192K), 0.0452631 secs] [Times: user=0.24 sys=0.00, real=0.04 secs] 
4815.430: [GC (Allocation Failure) [PSYoungGen: 335644K->166708K(465920K)] 1122952K->986996K(1864192K), 0.0942722 secs] [Times: user=0.48 sys=0.00, real=0.09 secs] 
4815.744: [GC (Allocation Failure) [PSYoungGen: 399668K->184630K(465920K)] 1219956K->1057158K(1864192K), 0.0477314 secs] [Times: user=0.22 sys=0.00, real=0.05 secs] 
4815.912: [GC (GCLocker Initiated GC) [PSYoungGen: 417590K->181558K(465920K)] 1290119K->1118352K(1864192K), 0.0505881 secs] [Times: user=0.24 sys=0.00, real=0.05 secs] 
4816.113: [GC (Allocation Failure) [PSYoungGen: 414518K->186389K(465920K)] 1351478K->1181157K(1864192K), 0.0769582 secs] [Times: user=0.39 sys=0.00, real=0.08 secs] 
4818.057: [GC (Allocation Failure) [PSYoungGen: 419349K->87498K(465920K)] 1414117K->1152634K(1864192K), 0.1052799 secs] [Times: user=0.58 sys=0.00, real=0.11 secs] 
4818.733: [GC (Allocation Failure) [PSYoungGen: 320458K->177813K(465920K)] 1385594K->1270762K(1864192K), 0.0479127 secs] [Times: user=0.21 sys=0.00, real=0.05 secs] 
4818.919: [GC (Allocation Failure) [PSYoungGen: 410773K->183829K(465920K)] 1503722K->1332482K(1864192K), 0.0442462 secs] [Times: user=0.20 sys=0.00, real=0.04 secs] 
4819.113: [GC (GCLocker Initiated GC) [PSYoungGen: 416789K->185525K(465920K)] 1565443K->1389994K(1864192K), 0.0647451 secs] [Times: user=0.32 sys=0.00, real=0.07 secs] 
4820.503: [GC (Allocation Failure) [PSYoungGen: 418485K->107517K(465920K)] 1622956K->1382020K(1864192K), 0.0464007 secs] [Times: user=0.24 sys=0.00, real=0.05 secs] 
4820.928: [GC (Allocation Failure) [PSYoungGen: 340477K->160211K(465920K)] 1614980K->1470202K(1864192K), 0.0832019 secs] [Times: user=0.43 sys=0.00, real=0.08 secs] 
4821.206: [GC (Allocation Failure) [PSYoungGen: 393171K->184342K(465920K)] 1703162K->1544024K(1864192K), 0.0583044 secs] [Times: user=0.27 sys=0.00, real=0.06 secs] 
4821.264: [Full GC (Ergonomics) [PSYoungGen: 184342K->0K(465920K)] [ParOldGen: 1359682K->252939K(1398272K)] 1544024K->252939K(1864192K), [Metaspace: 59521K->59521K(1105920K)], 0.3160083 secs] [Times: user=1.47 sys=0.00, real=0.32 secs] 
4821.698: [GC (Allocation Failure) [PSYoungGen: 232960K->182326K(465920K)] 485899K->435265K(1864192K), 0.0858978 secs] [Times: user=0.45 sys=0.01, real=0.08 secs] 
4822.732: [GC (Allocation Failure) [PSYoungGen: 415286K->182004K(465920K)] 668225K->492727K(1864192K), 0.1513991 secs] [Times: user=0.81 sys=0.00, real=0.15 secs] 
4824.324: [GC (Allocation Failure) [PSYoungGen: 414020K->92443K(465920K)] 724743K->471846K(1864192K), 0.0978091 secs] [Times: user=0.53 sys=0.00, real=0.10 secs] 
4825.485: [GC (Allocation Failure) [PSYoungGen: 325403K->171636K(465920K)] 704806K->580732K(1864192K), 0.0486201 secs] [Times: user=0.22 sys=0.00, real=0.05 secs] 
4825.683: [GC (Allocation Failure) [PSYoungGen: 404596K->184694K(465920K)] 813692K->647622K(1864192K), 0.0417524 secs] [Times: user=0.19 sys=0.00, real=0.04 secs] 
4825.841: [GC (Allocation Failure) [PSYoungGen: 417654K->186901K(465920K)] 880582K->705877K(1864192K), 0.0445855 secs] [Times: user=0.21 sys=0.00, real=0.04 secs] 
4826.879: [GC (Allocation Failure) [PSYoungGen: 419861K->118926K(465920K)] 938837K->708494K(1864192K), 0.0464752 secs] [Times: user=0.24 sys=0.00, real=0.04 secs] 
4828.056: [GC (Allocation Failure) [PSYoungGen: 351886K->147729K(465920K)] 941454K->775246K(1864192K), 0.1033136 secs] [Times: user=0.55 sys=0.00, real=0.11 secs] 
4828.396: [GC (Allocation Failure) [PSYoungGen: 380663K->180981K(465920K)] 1008180K->854666K(1864192K), 0.0399724 secs] [Times: user=0.18 sys=0.00, real=0.04 secs] 
4828.601: [GC (Allocation Failure) [PSYoungGen: 413941K->185335K(465920K)] 1087626K->922364K(1864192K), 0.0748388 secs] [Times: user=0.37 sys=0.00, real=0.07 secs] 
4828.858: [GC (Allocation Failure) [PSYoungGen: 418295K->182612K(465920K)] 1155324K->978449K(1864192K), 0.0755378 secs] [Times: user=0.39 sys=0.00, real=0.08 secs] 
4829.924: [GC (Allocation Failure) [PSYoungGen: 415572K->97499K(465920K)] 1211409K->962448K(1864192K), 0.0619828 secs] [Times: user=0.33 sys=0.00, real=0.06 secs] 
4830.402: [GC (Allocation Failure) [PSYoungGen: 330459K->175061K(465920K)] 1195408K->1071647K(1864192K), 0.0480976 secs] [Times: user=0.21 sys=0.00, real=0.05 secs] 
4830.592: [GC (Allocation Failure) [PSYoungGen: 408021K->184246K(465920K)] 1304607K->1135720K(1864192K), 0.0433464 secs] [Times: user=0.19 sys=0.01, real=0.04 secs] 
4830.751: [GC (Allocation Failure) [PSYoungGen: 417206K->186389K(465920K)] 1368680K->1193755K(1864192K), 0.0456056 secs] [Times: user=0.21 sys=0.00, real=0.04 secs] 
4831.755: [GC (Allocation Failure) [PSYoungGen: 419349K->123311K(465920K)] 1426715K->1201133K(1864192K), 0.0480091 secs] [Times: user=0.24 sys=0.00, real=0.05 secs] 
4832.703: [GC (Allocation Failure) [PSYoungGen: 352811K->141633K(465920K)] 1430633K->1258679K(1864192K), 0.1550376 secs] [Times: user=0.85 sys=0.01, real=0.16 secs] 
4833.149: [GC (Allocation Failure) [PSYoungGen: 374593K->175828K(465920K)] 1491639K->1337935K(1864192K), 0.0396497 secs] [Times: user=0.18 sys=0.00, real=0.04 secs] 
4833.311: [GC (Allocation Failure) [PSYoungGen: 408788K->185719K(465920K)] 1570895K->1409430K(1864192K), 0.0493747 secs] [Times: user=0.22 sys=0.01, real=0.05 secs] 
4833.476: [GC (Allocation Failure) [PSYoungGen: 418679K->186805K(465920K)] 1642390K->1469412K(1864192K), 0.0575761 secs] [Times: user=0.29 sys=0.00, real=0.06 secs] 
4835.514: [GC (Allocation Failure) [PSYoungGen: 419765K->88922K(465920K)] 1702372K->1442025K(1864192K), 0.1239798 secs] [Times: user=0.69 sys=0.00, real=0.12 secs] 
4835.638: [Full GC (Ergonomics) [PSYoungGen: 88922K->0K(465920K)] [ParOldGen: 1353103K->94351K(1398272K)] 1442025K->94351K(1864192K), [Metaspace: 59521K->59521K(1105920K)], 0.1160874 secs] [Times: user=0.47 sys=0.01, real=0.12 secs] 
4836.736: [GC (Allocation Failure) [PSYoungGen: 232960K->174421K(465920K)] 327311K->268772K(1864192K), 0.0393373 secs] [Times: user=0.15 sys=0.00, real=0.04 secs] 
4836.951: [GC (Allocation Failure) [PSYoungGen: 407381K->184598K(465920K)] 501732K->333229K(1864192K), 0.0413433 secs] [Times: user=0.18 sys=0.00, real=0.04 secs] 
4837.106: [GC (Allocation Failure) [PSYoungGen: 417558K->184372K(465920K)] 566189K->388740K(1864192K), 0.0439591 secs] [Times: user=0.20 sys=0.00, real=0.05 secs] 
4838.069: [GC (Allocation Failure) [PSYoungGen: 417332K->139729K(465920K)] 621700K->413657K(1864192K), 0.0485273 secs] [Times: user=0.25 sys=0.00, real=0.04 secs] 
4838.538: [GC (Allocation Failure) [PSYoungGen: 372689K->132383K(465920K)] 646617K->450911K(1864192K), 0.0847038 secs] [Times: user=0.46 sys=0.01, real=0.08 secs] 
4839.039: [GC (Allocation Failure) [PSYoungGen: 365343K->177813K(465920K)] 683871K->538097K(1864192K), 0.0539009 secs] [Times: user=0.26 sys=0.00, real=0.05 secs] 
4839.226: [GC (Allocation Failure) [PSYoungGen: 410773K->185751K(465920K)] 771057K->608315K(1864192K), 0.0495331 secs] [Times: user=0.23 sys=0.00, real=0.05 secs] 
4840.457: [GC (GCLocker Initiated GC) [PSYoungGen: 418711K->180468K(465920K)] 841277K->661826K(1864192K), 0.1043397 secs] [Times: user=0.55 sys=0.00, real=0.11 secs] 
4841.810: [GC (Allocation Failure) [PSYoungGen: 413428K->90602K(465920K)] 894787K->640353K(1864192K), 0.0650745 secs] [Times: user=0.35 sys=0.01, real=0.06 secs] 
4842.511: [GC (Allocation Failure) [PSYoungGen: 323562K->176661K(465920K)] 873313K->755217K(1864192K), 0.0501362 secs] [Times: user=0.22 sys=0.00, real=0.05 secs] 
4842.777: [GC (Allocation Failure) [PSYoungGen: 409582K->181813K(465920K)] 988138K->815669K(1864192K), 0.0541570 secs] [Times: user=0.26 sys=0.00, real=0.06 secs] 
4842.976: [GC (Allocation Failure) [PSYoungGen: 414773K->187157K(465920K)] 1048629K->876373K(1864192K), 0.0506752 secs] [Times: user=0.25 sys=0.00, real=0.05 secs] 
4843.914: [GC (Allocation Failure) [PSYoungGen: 420117K->149138K(465920K)] 1109333K->908970K(1864192K), 0.0512060 secs] [Times: user=0.25 sys=0.00, real=0.05 secs] 
4845.267: [GC (GCLocker Initiated GC) [PSYoungGen: 382098K->118382K(465920K)] 1141930K->925414K(1864192K), 0.1686529 secs] [Times: user=0.95 sys=0.00, real=0.17 secs] 
4845.854: [GC (Allocation Failure) [PSYoungGen: 351342K->177877K(465920K)] 1158540K->1022896K(1864192K), 0.0540629 secs] [Times: user=0.24 sys=0.00, real=0.06 secs] 
4846.047: [GC (Allocation Failure) [PSYoungGen: 410837K->185463K(465920K)] 1255856K->1092606K(1864192K), 0.0508536 secs] [Times: user=0.24 sys=0.00, real=0.06 secs] 
4846.210: [GC (Allocation Failure) [PSYoungGen: 418423K->186805K(465920K)] 1325566K->1152876K(1864192K), 0.0587318 secs] [Times: user=0.29 sys=0.00, real=0.06 secs] 
4847.244: [GC (Allocation Failure) [PSYoungGen: 419765K->94267K(465920K)] 1385836K->1130771K(1864192K), 0.0468098 secs] [Times: user=0.24 sys=0.00, real=0.05 secs] 
4847.706: [GC (Allocation Failure) [PSYoungGen: 327227K->174325K(465920K)] 1363731K->1241853K(1864192K), 0.0505965 secs] [Times: user=0.22 sys=0.00, real=0.05 secs] 
4847.903: [GC (Allocation Failure) [PSYoungGen: 407256K->184566K(465920K)] 1474784K->1306334K(1864192K), 0.0431811 secs] [Times: user=0.19 sys=0.00, real=0.04 secs] 
4848.090: [GC (Allocation Failure) [PSYoungGen: 405260K->170037K(465920K)] 1527028K->1355837K(1864192K), 0.0688920 secs] [Times: user=0.34 sys=0.00, real=0.07 secs] 
4849.592: [GC (Allocation Failure) [PSYoungGen: 399432K->206195K(465920K)] 1585232K->1446051K(1864192K), 0.0549301 secs] [Times: user=0.28 sys=0.00, real=0.05 secs] 
4850.423: [GC (Allocation Failure) [PSYoungGen: 439155K->99179K(465920K)] 1679011K->1403779K(1864192K), 0.0875595 secs] [Times: user=0.47 sys=0.00, real=0.09 secs] 
4851.007: [GC (Allocation Failure) [PSYoungGen: 332139K->180629K(465920K)] 1636739K->1516630K(1864192K), 0.0466696 secs] [Times: user=0.21 sys=0.00, real=0.05 secs] 
4851.054: [Full GC (Ergonomics) [PSYoungGen: 180629K->0K(465920K)] [ParOldGen: 1336000K->229590K(1398272K)] 1516630K->229590K(1864192K), [Metaspace: 59521K->59521K(1105920K)], 0.2727509 secs] [Times: user=1.26 sys=0.00, real=0.27 secs] 
4851.451: [GC (Allocation Failure) [PSYoungGen: 232960K->184854K(465920K)] 462550K->414444K(1864192K), 0.0265007 secs] [Times: user=0.09 sys=0.00, real=0.02 secs] 
4851.608: [GC (Allocation Failure) [PSYoungGen: 417814K->186421K(465920K)] 647404K->471923K(1864192K), 0.0446034 secs] [Times: user=0.21 sys=0.00, real=0.05 secs] 
4852.701: [GC (Allocation Failure) [PSYoungGen: 419381K->96491K(465920K)] 704883K->452210K(1864192K), 0.0577021 secs] [Times: user=0.30 sys=0.00, real=0.06 secs] 
4854.149: [GC (Allocation Failure) [PSYoungGen: 329451K->163859K(465920K)] 685170K->550447K(1864192K), 0.0836264 secs] [Times: user=0.41 sys=0.00, real=0.08 secs] 
4854.453: [GC (Allocation Failure) [PSYoungGen: 396819K->184374K(465920K)] 783407K->622733K(1864192K), 0.0430432 secs] [Times: user=0.19 sys=0.00, real=0.04 secs] 
4854.616: [GC (Allocation Failure) [PSYoungGen: 417334K->185751K(465920K)] 855693K->688062K(1864192K), 0.0492675 secs] [Times: user=0.23 sys=0.00, real=0.05 secs] 
4854.897: [GC (Allocation Failure) [PSYoungGen: 418196K->217845K(465920K)] 920507K->779116K(1864192K), 0.0539632 secs] [Times: user=0.27 sys=0.00, real=0.06 secs] 
4855.975: [GC (Allocation Failure) [PSYoungGen: 450805K->92283K(465920K)] 1012076K->723186K(1864192K), 0.0913094 secs] [Times: user=0.50 sys=0.00, real=0.09 secs] 
4856.327: [GC (Allocation Failure) [PSYoungGen: 325243K->181366K(465920K)] 956146K->841682K(1864192K), 0.0342505 secs] [Times: user=0.14 sys=0.00, real=0.04 secs] 
4856.522: [GC (Allocation Failure) [PSYoungGen: 414326K->184534K(465920K)] 1074642K->901226K(1864192K), 0.0653472 secs] [Times: user=0.31 sys=0.00, real=0.06 secs] 
4856.733: [GC (Allocation Failure) [PSYoungGen: 417494K->185621K(465920K)] 1134186K->958225K(1864192K), 0.0461579 secs] [Times: user=0.21 sys=0.01, real=0.05 secs] 
4857.757: [GC (Allocation Failure) [PSYoungGen: 418581K->99164K(465920K)] 1191185K->941760K(1864192K), 0.0448110 secs] [Times: user=0.23 sys=0.00, real=0.05 secs] 
4858.813: [GC (Allocation Failure) [PSYoungGen: 332124K->164563K(465920K)] 1174720K->1039992K(1864192K), 0.1135383 secs] [Times: user=0.58 sys=0.01, real=0.11 secs] 
4859.127: [GC (Allocation Failure) [PSYoungGen: 397523K->182453K(465920K)] 1272952K->1109066K(1864192K), 0.0421408 secs] [Times: user=0.19 sys=0.00, real=0.05 secs] 
4859.315: [GC (Allocation Failure) [PSYoungGen: 415413K->185943K(465920K)] 1342026K->1176611K(1864192K), 0.0553979 secs] [Times: user=0.27 sys=0.00, real=0.06 secs] 
4859.483: [GC (Allocation Failure) [PSYoungGen: 418903K->186517K(465920K)] 1409571K->1236170K(1864192K), 0.0555174 secs] [Times: user=0.28 sys=0.00, real=0.06 secs] 
4861.525: [GC (Allocation Failure) [PSYoungGen: 419477K->84745K(465920K)] 1469130K->1204846K(1864192K), 0.0898445 secs] [Times: user=0.50 sys=0.00, real=0.09 secs] 
4862.244: [GC (Allocation Failure) [PSYoungGen: 317705K->181334K(465920K)] 1437806K->1328803K(1864192K), 0.0379260 secs] [Times: user=0.16 sys=0.00, real=0.04 secs] 
4862.402: [GC (Allocation Failure) [PSYoungGen: 414294K->184566K(465920K)] 1561763K->1388527K(1864192K), 0.0439577 secs] [Times: user=0.20 sys=0.00, real=0.04 secs] 
4862.592: [GC (Allocation Failure) [PSYoungGen: 417526K->186677K(465920K)] 1621487K->1446759K(1864192K), 0.0528592 secs] [Times: user=0.26 sys=0.00, real=0.05 secs] 
4863.659: [GC (Allocation Failure) [PSYoungGen: 419637K->103340K(465920K)] 1679719K->1433582K(1864192K), 0.0497774 secs] [Times: user=0.26 sys=0.00, real=0.05 secs] 
4863.708: [Full GC (Ergonomics) [PSYoungGen: 103340K->0K(465920K)] [ParOldGen: 1330241K->90194K(1398272K)] 1433582K->90194K(1864192K), [Metaspace: 59521K->59521K(1105920K)], 0.0332455 secs] [Times: user=0.10 sys=0.00, real=0.03 secs] 
4864.365: [GC (GCLocker Initiated GC) [PSYoungGen: 232960K->159123K(465920K)] 323155K->249318K(1864192K), 0.0406856 secs] [Times: user=0.15 sys=0.01, real=0.04 secs] 
4864.647: [GC (Allocation Failure) [PSYoungGen: 392083K->183541K(465920K)] 482445K->323687K(1864192K), 0.0537996 secs] [Times: user=0.24 sys=0.00, real=0.06 secs] 
4864.871: [GC (Allocation Failure) [PSYoungGen: 416501K->185751K(465920K)] 556647K->389849K(1864192K), 0.0574861 secs] [Times: user=0.28 sys=0.00, real=0.06 secs] 
4865.114: [GC (Allocation Failure) [PSYoungGen: 418711K->186645K(465920K)] 622809K->449775K(1864192K), 0.0555897 secs] [Times: user=0.27 sys=0.00, real=0.06 secs] 
4866.200: [GC (Allocation Failure) [PSYoungGen: 419605K->88298K(465920K)] 682735K->421724K(1864192K), 0.0624679 secs] [Times: user=0.33 sys=0.00, real=0.06 secs] 
4866.690: [GC (Allocation Failure) [PSYoungGen: 321258K->179509K(465920K)] 654684K->541296K(1864192K), 0.0470995 secs] [Times: user=0.21 sys=0.00, real=0.04 secs] 
4866.878: [GC (Allocation Failure) [PSYoungGen: 412469K->184246K(465920K)] 774256K->602348K(1864192K), 0.0429447 secs] [Times: user=0.19 sys=0.00, real=0.04 secs] 
4867.038: [GC (Allocation Failure) [PSYoungGen: 417206K->186997K(465920K)] 835308K->660828K(1864192K), 0.0450209 secs] [Times: user=0.21 sys=0.00, real=0.05 secs] 
4868.163: [GC (Allocation Failure) [PSYoungGen: 419957K->108941K(465920K)] 893788K->653444K(1864192K), 0.0456019 secs] [Times: user=0.23 sys=0.00, real=0.05 secs] 
4869.048: [GC (Allocation Failure) [PSYoungGen: 341901K->155314K(465920K)] 886404K->734782K(1864192K), 0.1142642 secs] [Times: user=0.61 sys=0.00, real=0.11 secs] 
4869.535: [GC (Allocation Failure) [PSYoungGen: 388274K->184086K(465920K)] 967742K->812485K(1864192K), 0.0420157 secs] [Times: user=0.18 sys=0.00, real=0.04 secs] 
4869.695: [GC (Allocation Failure) [PSYoungGen: 417046K->180694K(465920K)] 1045445K->873070K(1864192K), 0.0484872 secs] [Times: user=0.23 sys=0.00, real=0.05 secs] 
4869.885: [GC (Allocation Failure) [PSYoungGen: 413654K->186325K(465920K)] 1106030K->936485K(1864192K), 0.0722119 secs] [Times: user=0.37 sys=0.00, real=0.07 secs] 
4871.565: [GC (Allocation Failure) [PSYoungGen: 419285K->90234K(465920K)] 1169445K->910674K(1864192K), 0.1068234 secs] [Times: user=0.59 sys=0.01, real=0.11 secs] 
4872.111: [GC (Allocation Failure) [PSYoungGen: 323194K->175957K(465920K)] 1143634K->1025638K(1864192K), 0.0427384 secs] [Times: user=0.19 sys=0.01, real=0.04 secs] 
4872.282: [GC (Allocation Failure) [PSYoungGen: 408917K->184534K(465920K)] 1258598K->1089034K(1864192K), 0.0434481 secs] [Times: user=0.20 sys=0.00, real=0.04 secs] 
4872.442: [GC (Allocation Failure) [PSYoungGen: 417494K->186613K(465920K)] 1321994K->1147034K(1864192K), 0.0461576 secs] [Times: user=0.22 sys=0.00, real=0.05 secs] 
4873.475: [GC (Allocation Failure) [PSYoungGen: 419573K->119278K(465920K)] 1379994K->1150003K(1864192K), 0.0472994 secs] [Times: user=0.24 sys=0.00, real=0.05 secs] 
4873.842: [GC (Allocation Failure) [PSYoungGen: 352238K->153538K(465920K)] 1382963K->1222780K(1864192K), 0.0625401 secs] [Times: user=0.31 sys=0.00, real=0.06 secs] 
4874.050: [GC (Allocation Failure) [PSYoungGen: 386498K->184118K(465920K)] 1455740K->1300966K(1864192K), 0.0487780 secs] [Times: user=0.23 sys=0.00, real=0.05 secs] 
4874.450: [GC (Allocation Failure) [PSYoungGen: 417078K->185047K(465920K)] 1533926K->1365679K(1864192K), 0.0585835 secs] [Times: user=0.29 sys=0.00, real=0.06 secs] 
4874.802: [GC (Allocation Failure) [PSYoungGen: 418007K->185621K(465920K)] 1598639K->1424941K(1864192K), 0.0573961 secs] [Times: user=0.29 sys=0.00, real=0.06 secs] 
4876.273: [GC (Allocation Failure) [PSYoungGen: 418581K->87114K(465920K)] 1657901K->1396539K(1864192K), 0.0948673 secs] [Times: user=0.51 sys=0.01, real=0.10 secs] 
4877.086: [GC (Allocation Failure) [PSYoungGen: 320074K->177589K(465920K)] 1629499K->1515015K(1864192K), 0.0484041 secs] [Times: user=0.21 sys=0.00, real=0.05 secs] 
4877.134: [Full GC (Ergonomics) [PSYoungGen: 177589K->0K(465920K)] [ParOldGen: 1337425K->216226K(1398272K)] 1515015K->216226K(1864192K), [Metaspace: 59521K->59521K(1105920K)], 0.2533584 secs] [Times: user=1.18 sys=0.00, real=0.25 secs] 
4877.504: [GC (Allocation Failure) [PSYoungGen: 232960K->181717K(465920K)] 449186K->397944K(1864192K), 0.0263367 secs] [Times: user=0.09 sys=0.00, real=0.03 secs] 
4877.668: [GC (Allocation Failure) [PSYoungGen: 414677K->186997K(465920K)] 630904K->458504K(1864192K), 0.0446794 secs] [Times: user=0.21 sys=0.00, real=0.04 secs] 
4878.645: [GC (Allocation Failure) [PSYoungGen: 419957K->121103K(465920K)] 691464K->463262K(1864192K), 0.0463775 secs] [Times: user=0.24 sys=0.00, real=0.05 secs] 
4880.374: [GC (Allocation Failure) [PSYoungGen: 350290K->141617K(465920K)] 692449K->522032K(1864192K), 0.1116854 secs] [Times: user=0.60 sys=0.00, real=0.11 secs] 
4880.990: [GC (Allocation Failure) [PSYoungGen: 374577K->178421K(465920K)] 754992K->604533K(1864192K), 0.0510092 secs] [Times: user=0.24 sys=0.00, real=0.05 secs] 
4881.211: [GC (Allocation Failure) [PSYoungGen: 411381K->185559K(465920K)] 837493K->673815K(1864192K), 0.0754338 secs] [Times: user=0.37 sys=0.00, real=0.07 secs] 
4881.458: [GC (Allocation Failure) [PSYoungGen: 418519K->183892K(465920K)] 906775K->731092K(1864192K), 0.0781182 secs] [Times: user=0.40 sys=0.01, real=0.07 secs] 
4882.540: [GC (Allocation Failure) [PSYoungGen: 416852K->90266K(465920K)] 964052K->706778K(1864192K), 0.0596131 secs] [Times: user=0.32 sys=0.00, real=0.06 secs] 
4883.079: [GC (Allocation Failure) [PSYoungGen: 323226K->178421K(465920K)] 939738K->824565K(1864192K), 0.0474492 secs] [Times: user=0.21 sys=0.00, real=0.04 secs] 
4883.333: [GC (Allocation Failure) [PSYoungGen: 411381K->184470K(465920K)] 1057525K->886037K(1864192K), 0.0446515 secs] [Times: user=0.20 sys=0.00, real=0.04 secs] 
4883.711: [GC (Allocation Failure) [PSYoungGen: 417389K->186261K(465920K)] 1118957K->943756K(1864192K), 0.0495924 secs] [Times: user=0.23 sys=0.00, real=0.05 secs] 
4885.028: [GC (Allocation Failure) [PSYoungGen: 419221K->132272K(465920K)] 1176716K->959984K(1864192K), 0.0498050 secs] [Times: user=0.25 sys=0.00, real=0.05 secs] 
4886.233: [GC (GCLocker Initiated GC) [PSYoungGen: 365232K->131983K(465920K)] 1192944K->1001631K(1864192K), 0.1337178 secs] [Times: user=0.73 sys=0.00, real=0.13 secs] 
4886.739: [GC (Allocation Failure) [PSYoungGen: 364943K->184821K(465920K)] 1234594K->1096744K(1864192K), 0.0441391 secs] [Times: user=0.20 sys=0.00, real=0.04 secs] 
4886.966: [GC (Allocation Failure) [PSYoungGen: 417781K->185463K(465920K)] 1329704K->1159282K(1864192K), 0.0739532 secs] [Times: user=0.37 sys=0.00, real=0.08 secs] 
4887.168: [GC (Allocation Failure) [PSYoungGen: 418423K->186453K(465920K)] 1392242K->1219056K(1864192K), 0.0581973 secs] [Times: user=0.28 sys=0.01, real=0.05 secs] 
4888.749: [GC (Allocation Failure) [PSYoungGen: 419413K->90762K(465920K)] 1452016K->1193686K(1864192K), 0.1309953 secs] [Times: user=0.73 sys=0.00, real=0.13 secs] 
4889.761: [GC (Allocation Failure) [PSYoungGen: 323722K->173653K(465920K)] 1426646K->1306317K(1864192K), 0.0601143 secs] [Times: user=0.27 sys=0.01, real=0.06 secs] 
4890.043: [GC (Allocation Failure) [PSYoungGen: 406613K->181781K(465920K)] 1539277K->1368430K(1864192K), 0.0543493 secs] [Times: user=0.26 sys=0.00, real=0.05 secs] 
4890.253: [GC (Allocation Failure) [PSYoungGen: 414741K->186997K(465920K)] 1601390K->1429230K(1864192K), 0.0714177 secs] [Times: user=0.35 sys=0.00, real=0.07 secs] 
4891.397: [GC (Allocation Failure) [PSYoungGen: 419957K->147474K(465920K)] 1662190K->1460219K(1864192K), 0.0527307 secs] [Times: user=0.26 sys=0.00, real=0.06 secs] 
4891.450: [Full GC (Ergonomics) [PSYoungGen: 147474K->0K(465920K)] [ParOldGen: 1312744K->354915K(1398272K)] 1460219K->354915K(1864192K), [Metaspace: 59521K->59521K(1105920K)], 0.5915339 secs] [Times: user=2.60 sys=0.00, real=0.59 secs] 
4892.418: [GC (Allocation Failure) [PSYoungGen: 232960K->121598K(465920K)] 587875K->476513K(1864192K), 0.0260791 secs] [Times: user=0.09 sys=0.01, real=0.02 secs] 
4892.804: [GC (Allocation Failure) [PSYoungGen: 354558K->178005K(465920K)] 709473K->571977K(1864192K), 0.0407169 secs] [Times: user=0.18 sys=0.00, real=0.04 secs] 
4892.965: [GC (Allocation Failure) [PSYoungGen: 410965K->182710K(465920K)] 804937K->638959K(1864192K), 0.0478641 secs] [Times: user=0.22 sys=0.00, real=0.05 secs] 
4893.150: [GC (Allocation Failure) [PSYoungGen: 415670K->186645K(465920K)] 871919K->701237K(1864192K), 0.0695927 secs] [Times: user=0.35 sys=0.00, real=0.07 secs] 
4894.231: [GC (Allocation Failure) [PSYoungGen: 419605K->96763K(465920K)] 934197K->681844K(1864192K), 0.0555356 secs] [Times: user=0.29 sys=0.00, real=0.05 secs] 
4894.962: [GC (Allocation Failure) [PSYoungGen: 329723K->174165K(465920K)] 914804K->789962K(1864192K), 0.0545377 secs] [Times: user=0.24 sys=0.00, real=0.05 secs] 
4895.191: [GC (Allocation Failure) [PSYoungGen: 407125K->182037K(465920K)] 1022922K->852342K(1864192K), 0.0421547 secs] [Times: user=0.18 sys=0.00, real=0.04 secs] 
4895.349: [GC (Allocation Failure) [PSYoungGen: 414997K->187669K(465920K)] 1085302K->913486K(1864192K), 0.0451316 secs] [Times: user=0.21 sys=0.00, real=0.04 secs] 
4896.379: [GC (Allocation Failure) [PSYoungGen: 420629K->152338K(465920K)] 1146446K->948964K(1864192K), 0.0509666 secs] [Times: user=0.25 sys=0.00, real=0.05 secs] 
4897.666: [GC (Allocation Failure) [PSYoungGen: 385298K->115885K(465920K)] 1181924K->960751K(1864192K), 0.1545604 secs] [Times: user=0.87 sys=0.00, real=0.16 secs] 
4898.389: [GC (Allocation Failure) [PSYoungGen: 348845K->175860K(465920K)] 1193711K->1058095K(1864192K), 0.0504872 secs] [Times: user=0.23 sys=0.00, real=0.05 secs] 
4898.625: [GC (Allocation Failure) [PSYoungGen: 408820K->182102K(465920K)] 1291055K->1125552K(1864192K), 0.0725783 secs] [Times: user=0.35 sys=0.00, real=0.08 secs] 
4898.825: [GC (Allocation Failure) [PSYoungGen: 415062K->186517K(465920K)] 1358512K->1187951K(1864192K), 0.0578321 secs] [Times: user=0.29 sys=0.00, real=0.06 secs] 
4899.876: [GC (Allocation Failure) [PSYoungGen: 419477K->97387K(465920K)] 1420911K->1169302K(1864192K), 0.0463157 secs] [Times: user=0.24 sys=0.00, real=0.05 secs] 
4900.618: [GC (Allocation Failure) [PSYoungGen: 330347K->170004K(465920K)] 1402262K->1273887K(1864192K), 0.0692002 secs] [Times: user=0.33 sys=0.00, real=0.06 secs] 
4900.847: [GC (Allocation Failure) [PSYoungGen: 402964K->184342K(465920K)] 1506847K->1341301K(1864192K), 0.0429545 secs] [Times: user=0.20 sys=0.00, real=0.05 secs] 
4901.005: [GC (Allocation Failure) [PSYoungGen: 413555K->179702K(465920K)] 1570514K->1400885K(1864192K), 0.0493284 secs] [Times: user=0.23 sys=0.00, real=0.05 secs] 
4901.992: [GC (Allocation Failure) [PSYoungGen: 412662K->168819K(465920K)] 1633845K->1447042K(1864192K), 0.0580967 secs] [Times: user=0.30 sys=0.00, real=0.06 secs] 
4903.123: [GC (Allocation Failure) [PSYoungGen: 401779K->99211K(465920K)] 1680002K->1442107K(1864192K), 0.0957957 secs] [Times: user=0.51 sys=0.01, real=0.10 secs] 
4903.218: [Full GC (Ergonomics) [PSYoungGen: 99211K->0K(465920K)] [ParOldGen: 1342895K->116480K(1398272K)] 1442107K->116480K(1864192K), [Metaspace: 59521K->59515K(1105920K)], 0.1813914 secs] [Times: user=0.79 sys=0.00, real=0.18 secs] 
4904.313: [GC (Allocation Failure) [PSYoungGen: 232960K->179989K(465920K)] 349440K->296470K(1864192K), 0.0333537 secs] [Times: user=0.12 sys=0.00, real=0.03 secs] 
4904.483: [GC (Allocation Failure) [PSYoungGen: 412949K->184854K(465920K)] 529430K->357302K(1864192K), 0.0411365 secs] [Times: user=0.19 sys=0.00, real=0.04 secs] 
4904.640: [GC (Allocation Failure) [PSYoungGen: 417814K->186869K(465920K)] 590262K->415486K(1864192K), 0.0445271 secs] [Times: user=0.21 sys=0.00, real=0.04 secs] 
4905.739: [GC (Allocation Failure) [PSYoungGen: 419829K->99708K(465920K)] 648446K->398749K(1864192K), 0.0580386 secs] [Times: user=0.31 sys=0.00, real=0.05 secs] 
4906.768: [GC (Allocation Failure) [PSYoungGen: 332668K->168020K(465920K)] 631709K->499146K(1864192K), 0.0770339 secs] [Times: user=0.38 sys=0.00, real=0.07 secs] 
4907.018: [GC (Allocation Failure) [PSYoungGen: 400980K->192566K(465920K)] 732106K->576503K(1864192K), 0.0417386 secs] [Times: user=0.19 sys=0.00, real=0.04 secs] 
4907.240: [GC (Allocation Failure) [PSYoungGen: 425526K->185463K(465920K)] 809463K->633601K(1864192K), 0.0748255 secs] [Times: user=0.38 sys=0.00, real=0.07 secs] 
4907.627: [GC (Allocation Failure) [PSYoungGen: 418005K->211956K(465920K)] 866143K->718806K(1864192K), 0.0541234 secs] [Times: user=0.27 sys=0.00, real=0.06 secs] 
4908.655: [GC (Allocation Failure) [PSYoungGen: 444916K->95163K(465920K)] 951766K->669597K(1864192K), 0.0782347 secs] [Times: user=0.42 sys=0.01, real=0.08 secs] 
4909.091: [GC (Allocation Failure) [PSYoungGen: 328123K->182678K(465920K)] 902557K->787669K(1864192K), 0.0417375 secs] [Times: user=0.19 sys=0.00, real=0.04 secs] 
4909.323: [GC (Allocation Failure) [PSYoungGen: 415638K->181013K(465920K)] 1020629K->842860K(1864192K), 0.0608304 secs] [Times: user=0.30 sys=0.00, real=0.06 secs] 
4909.518: [GC (Allocation Failure) [PSYoungGen: 413973K->186293K(465920K)] 1075820K->903276K(1864192K), 0.0451367 secs] [Times: user=0.21 sys=0.00, real=0.04 secs] 
4910.547: [GC (Allocation Failure) [PSYoungGen: 419252K->98556K(465920K)] 1136235K->885922K(1864192K), 0.0443332 secs] [Times: user=0.23 sys=0.00, real=0.05 secs] 
4912.051: [GC (Allocation Failure) [PSYoungGen: 331478K->161939K(465920K)] 1118845K->980911K(1864192K), 0.1113299 secs] [Times: user=0.57 sys=0.00, real=0.11 secs] 
4912.360: [GC (Allocation Failure) [PSYoungGen: 394899K->184438K(465920K)] 1213871K->1054089K(1864192K), 0.0418233 secs] [Times: user=0.19 sys=0.00, real=0.04 secs] 
4912.519: [GC (Allocation Failure) [PSYoungGen: 417398K->186231K(465920K)] 1287049K->1119987K(1864192K), 0.0501702 secs] [Times: user=0.23 sys=0.00, real=0.05 secs] 
4912.681: [GC (Allocation Failure) [PSYoungGen: 419191K->186869K(465920K)] 1352947K->1179697K(1864192K), 0.0560879 secs] [Times: user=0.28 sys=0.00, real=0.05 secs] 
4914.916: [GC (Allocation Failure) [PSYoungGen: 419829K->83033K(465920K)] 1412657K->1146325K(1864192K), 0.0999633 secs] [Times: user=0.55 sys=0.00, real=0.10 secs] 
4915.702: [GC (Allocation Failure) [PSYoungGen: 315993K->179317K(465920K)] 1379285K->1269434K(1864192K), 0.0491239 secs] [Times: user=0.22 sys=0.00, real=0.05 secs] 
4915.893: [GC (Allocation Failure) [PSYoungGen: 412277K->184534K(465920K)] 1502394K->1330582K(1864192K), 0.0440311 secs] [Times: user=0.20 sys=0.00, real=0.04 secs] 
4916.831: [GC (Allocation Failure) [PSYoungGen: 417494K->182324K(465920K)] 1563542K->1384253K(1864192K), 0.1301447 secs] [Times: user=0.68 sys=0.00, real=0.13 secs] 
4918.525: [GC (Allocation Failure) [PSYoungGen: 415284K->108845K(465920K)] 1617213K->1379910K(1864192K), 0.0463652 secs] [Times: user=0.23 sys=0.00, real=0.05 secs] 
4918.966: [GC (Allocation Failure) [PSYoungGen: 341805K->158899K(465920K)] 1612870K->1465565K(1864192K), 0.0742167 secs] [Times: user=0.38 sys=0.00, real=0.08 secs] 
4919.193: [GC (Allocation Failure) [PSYoungGen: 391859K->184374K(465920K)] 1698525K->1540527K(1864192K), 0.0420461 secs] [Times: user=0.19 sys=0.00, real=0.04 secs] 
4919.235: [Full GC (Ergonomics) [PSYoungGen: 184374K->0K(465920K)] [ParOldGen: 1356153K->252422K(1398272K)] 1540527K->252422K(1864192K), [Metaspace: 59515K->59515K(1105920K)], 0.3175629 secs] [Times: user=1.47 sys=0.01, real=0.32 secs] 
4919.671: [GC (Allocation Failure) [PSYoungGen: 232960K->180982K(465920K)] 485382K->433404K(1864192K), 0.0817787 secs] [Times: user=0.43 sys=0.00, real=0.08 secs] 
4919.869: [GC (Allocation Failure) [PSYoungGen: 413942K->186357K(465920K)] 666364K->496819K(1864192K), 0.0561235 secs] [Times: user=0.27 sys=0.00, real=0.05 secs] 
4921.581: [GC (Allocation Failure) [PSYoungGen: 419317K->88394K(465920K)] 729779K->469000K(1864192K), 0.1155919 secs] [Times: user=0.64 sys=0.00, real=0.11 secs] 
4922.504: [GC (Allocation Failure) [PSYoungGen: 321354K->175989K(465920K)] 701960K->585084K(1864192K), 0.0475230 secs] [Times: user=0.20 sys=0.00, real=0.05 secs] 
4922.764: [GC (Allocation Failure) [PSYoungGen: 408949K->184310K(465920K)] 818044K->648261K(1864192K), 0.0602101 secs] [Times: user=0.29 sys=0.00, real=0.06 secs] 
4922.949: [GC (Allocation Failure) [PSYoungGen: 417270K->186901K(465920K)] 881221K->706676K(1864192K), 0.0450229 secs] [Times: user=0.21 sys=0.00, real=0.04 secs] 
4923.929: [GC (Allocation Failure) [PSYoungGen: 419861K->116974K(465920K)] 939636K->707221K(1864192K), 0.0462325 secs] [Times: user=0.24 sys=0.00, real=0.04 secs] 
4925.040: [GC (Allocation Failure) [PSYoungGen: 349934K->147777K(465920K)] 940181K->775661K(1864192K), 0.1155913 secs] [Times: user=0.61 sys=0.00, real=0.11 secs] 
4925.443: [GC (Allocation Failure) [PSYoungGen: 380737K->183445K(465920K)] 1008621K->857577K(1864192K), 0.0405059 secs] [Times: user=0.18 sys=0.00, real=0.04 secs] 
4925.605: [GC (Allocation Failure) [PSYoungGen: 416405K->185751K(465920K)] 1090537K->923767K(1864192K), 0.0491816 secs] [Times: user=0.23 sys=0.00, real=0.05 secs] 
4925.767: [GC (Allocation Failure) [PSYoungGen: 418711K->186677K(465920K)] 1156732K->983626K(1864192K), 0.0572819 secs] [Times: user=0.28 sys=0.00, real=0.06 secs] 
4926.844: [GC (Allocation Failure) [PSYoungGen: 419637K->90218K(465920K)] 1216586K->957727K(1864192K), 0.0447922 secs] [Times: user=0.24 sys=0.00, real=0.05 secs] 
4927.300: [GC (Allocation Failure) [PSYoungGen: 323178K->178453K(465920K)] 1190687K->1075251K(1864192K), 0.0423736 secs] [Times: user=0.18 sys=0.00, real=0.04 secs] 
4927.465: [GC (Allocation Failure) [PSYoungGen: 411413K->184918K(465920K)] 1308211K->1137363K(1864192K), 0.0463961 secs] [Times: user=0.21 sys=0.00, real=0.05 secs] 
4927.646: [GC (Allocation Failure) [PSYoungGen: 417878K->186421K(465920K)] 1370323K->1195058K(1864192K), 0.0524094 secs] [Times: user=0.25 sys=0.00, real=0.06 secs] 
4928.738: [GC (Allocation Failure) [PSYoungGen: 419381K->119086K(465920K)] 1428018K->1197852K(1864192K), 0.0491719 secs] [Times: user=0.25 sys=0.00, real=0.05 secs] 
4929.926: [GC (Allocation Failure) [PSYoungGen: 352046K->144993K(465920K)] 1430812K->1261366K(1864192K), 0.1419021 secs] [Times: user=0.77 sys=0.00, real=0.15 secs] 
4930.790: [GC (Allocation Failure) [PSYoungGen: 377953K->180501K(465920K)] 1494326K->1342483K(1864192K), 0.0536746 secs] [Times: user=0.25 sys=0.00, real=0.05 secs] 
4931.025: [GC (Allocation Failure) [PSYoungGen: 413461K->185591K(465920K)] 1575443K->1410589K(1864192K), 0.0750478 secs] [Times: user=0.37 sys=0.00, real=0.08 secs] 
4931.227: [GC (Allocation Failure) [PSYoungGen: 418551K->186645K(465920K)] 1643549K->1470587K(1864192K), 0.0575602 secs] [Times: user=0.29 sys=0.00, real=0.06 secs] 
4932.904: [GC (Allocation Failure) [PSYoungGen: 419605K->89658K(465920K)] 1703547K->1444049K(1864192K), 0.1178273 secs] [Times: user=0.65 sys=0.00, real=0.12 secs] 
4933.022: [Full GC (Ergonomics) [PSYoungGen: 89658K->0K(465920K)] [ParOldGen: 1354390K->96823K(1398272K)] 1444049K->96823K(1864192K), [Metaspace: 59515K->59515K(1105920K)], 0.1323008 secs] [Times: user=0.55 sys=0.00, real=0.13 secs] 
4933.569: [GC (Allocation Failure) [PSYoungGen: 232960K->176533K(465920K)] 329783K->273356K(1864192K), 0.0300652 secs] [Times: user=0.11 sys=0.00, real=0.03 secs] 
4933.723: [GC (Allocation Failure) [PSYoungGen: 409493K->181781K(465920K)] 506316K->333632K(1864192K), 0.0419362 secs] [Times: user=0.18 sys=0.00, real=0.04 secs] 
4933.919: [GC (Allocation Failure) [PSYoungGen: 414741K->186997K(465920K)] 566592K->394312K(1864192K), 0.0666335 secs] [Times: user=0.32 sys=0.00, real=0.06 secs] 
4935.168: [GC (Allocation Failure) [PSYoungGen: 419957K->131408K(465920K)] 627272K->409323K(1864192K), 0.0479869 secs] [Times: user=0.24 sys=0.00, real=0.04 secs] 
4935.702: [GC (Allocation Failure) [PSYoungGen: 364368K->139312K(465920K)] 642283K->458844K(1864192K), 0.1226644 secs] [Times: user=0.67 sys=0.00, real=0.12 secs] 
4936.028: [GC (Allocation Failure) [PSYoungGen: 372272K->178613K(465920K)] 691804K->542609K(1864192K), 0.0385298 secs] [Times: user=0.17 sys=0.00, real=0.03 secs] 
4936.355: [GC (Allocation Failure) [PSYoungGen: 411573K->184887K(465920K)] 775569K->611139K(1864192K), 0.0501643 secs] [Times: user=0.23 sys=0.00, real=0.05 secs] 
4936.629: [GC (Allocation Failure) [PSYoungGen: 417847K->186261K(465920K)] 844099K->671225K(1864192K), 0.0563396 secs] [Times: user=0.28 sys=0.00, real=0.05 secs] 
4937.786: [GC (Allocation Failure) [PSYoungGen: 419221K->90362K(465920K)] 904185K->645559K(1864192K), 0.0564124 secs] [Times: user=0.30 sys=0.00, real=0.06 secs] 
4938.508: [GC (Allocation Failure) [PSYoungGen: 323322K->174581K(465920K)] 878519K->758422K(1864192K), 0.0536348 secs] [Times: user=0.23 sys=0.00, real=0.05 secs] 
4938.727: [GC (Allocation Failure) [PSYoungGen: 407541K->184374K(465920K)] 991382K->823211K(1864192K), 0.0429382 secs] [Times: user=0.19 sys=0.00, real=0.05 secs] 
4938.886: [GC (Allocation Failure) [PSYoungGen: 417334K->203701K(465920K)] 1056171K->898402K(1864192K), 0.0463892 secs] [Times: user=0.21 sys=0.00, real=0.05 secs] 
4939.876: [GC (Allocation Failure) [PSYoungGen: 436661K->135600K(465920K)] 1131362K->901030K(1864192K), 0.0491791 secs] [Times: user=0.25 sys=0.00, real=0.05 secs] 
4941.112: [GC (Allocation Failure) [PSYoungGen: 368560K->134960K(465920K)] 1133990K->943301K(1864192K), 0.1568667 secs] [Times: user=0.87 sys=0.00, real=0.16 secs] 
4941.624: [GC (Allocation Failure) [PSYoungGen: 367920K->173140K(465920K)] 1176261K->1024394K(1864192K), 0.0430342 secs] [Times: user=0.19 sys=0.00, real=0.04 secs] 
4941.789: [GC (Allocation Failure) [PSYoungGen: 406100K->185719K(465920K)] 1257354K->1098101K(1864192K), 0.0497468 secs] [Times: user=0.23 sys=0.00, real=0.05 secs] 
4941.954: [GC (Allocation Failure) [PSYoungGen: 418679K->186741K(465920K)] 1331061K->1158051K(1864192K), 0.0579172 secs] [Times: user=0.29 sys=0.00, real=0.06 secs] 
4943.114: [GC (Allocation Failure) [PSYoungGen: 419701K->96971K(465920K)] 1391011K->1138730K(1864192K), 0.0491363 secs] [Times: user=0.26 sys=0.00, real=0.05 secs] 
4943.531: [GC (Allocation Failure) [PSYoungGen: 329931K->177621K(465920K)] 1371690K->1250724K(1864192K), 0.0336439 secs] [Times: user=0.14 sys=0.00, real=0.03 secs] 
4943.728: [GC (Allocation Failure) [PSYoungGen: 410581K->181205K(465920K)] 1483684K->1309684K(1864192K), 0.0640960 secs] [Times: user=0.31 sys=0.00, real=0.06 secs] 
4943.921: [GC (Allocation Failure) [PSYoungGen: 414165K->186165K(465920K)] 1542644K->1369500K(1864192K), 0.0460658 secs] [Times: user=0.21 sys=0.00, real=0.04 secs] 
4944.980: [GC (Allocation Failure) [PSYoungGen: 419125K->138737K(465920K)] 1602460K->1392336K(1864192K), 0.0501556 secs] [Times: user=0.26 sys=0.00, real=0.05 secs] 
4945.528: [GC (GCLocker Initiated GC) [PSYoungGen: 371697K->132272K(465920K)] 1625297K->1429943K(1864192K), 0.1631783 secs] [Times: user=0.91 sys=0.00, real=0.16 secs] 
4946.059: [GC (Allocation Failure) [PSYoungGen: 365232K->177621K(465920K)] 1663070K->1517152K(1864192K), 0.0392720 secs] [Times: user=0.17 sys=0.00, real=0.04 secs] 
4946.099: [Full GC (Ergonomics) [PSYoungGen: 177621K->0K(465920K)] [ParOldGen: 1339531K->236604K(1398272K)] 1517152K->236604K(1864192K), [Metaspace: 59532K->59532K(1105920K)], 0.2839027 secs] [Times: user=1.31 sys=0.00, real=0.28 secs] 
4946.502: [GC (Allocation Failure) [PSYoungGen: 232960K->182230K(465920K)] 469564K->418834K(1864192K), 0.0848698 secs] [Times: user=0.44 sys=0.00, real=0.08 secs] 
4946.705: [GC (Allocation Failure) [PSYoungGen: 415190K->186677K(465920K)] 651794K->481409K(1864192K), 0.0564914 secs] [Times: user=0.28 sys=0.00, real=0.06 secs] 
4948.236: [GC (Allocation Failure) [PSYoungGen: 419637K->90938K(465920K)] 714369K->455999K(1864192K), 0.0972576 secs] [Times: user=0.53 sys=0.00, real=0.10 secs] 
4949.111: [GC (Allocation Failure) [PSYoungGen: 323898K->177045K(465920K)] 688959K->570966K(1864192K), 0.0443962 secs] [Times: user=0.19 sys=0.00, real=0.04 secs] 
4949.292: [GC (Allocation Failure) [PSYoungGen: 410005K->179413K(465920K)] 803926K->628626K(1864192K), 0.0422000 secs] [Times: user=0.19 sys=0.00, real=0.04 secs] 
4949.450: [GC (Allocation Failure) [PSYoungGen: 412373K->187317K(465920K)] 861586K->691426K(1864192K), 0.0448915 secs] [Times: user=0.20 sys=0.00, real=0.04 secs] 
4950.460: [GC (Allocation Failure) [PSYoungGen: 420277K->148946K(465920K)] 924386K->723647K(1864192K), 0.0505853 secs] [Times: user=0.25 sys=0.00, real=0.05 secs] 
4951.538: [GC (GCLocker Initiated GC) [PSYoungGen: 381906K->122606K(465920K)] 956607K->744708K(1864192K), 0.1367998 secs] [Times: user=0.77 sys=0.00, real=0.13 secs] 
4951.978: [GC (Allocation Failure) [PSYoungGen: 355566K->183988K(465920K)] 977706K->845517K(1864192K), 0.0379310 secs] [Times: user=0.16 sys=0.00, real=0.03 secs] 
4952.138: [GC (Allocation Failure) [PSYoungGen: 416948K->185143K(465920K)] 1078477K->908391K(1864192K), 0.0485582 secs] [Times: user=0.23 sys=0.00, real=0.04 secs] 
4952.602: [GC (Allocation Failure) [PSYoungGen: 418103K->181940K(465920K)] 1141351K->963869K(1864192K), 0.0920659 secs] [Times: user=0.41 sys=0.00, real=0.09 secs] 
4953.814: [GC (Allocation Failure) [PSYoungGen: 414900K->100508K(465920K)] 1196829K->951204K(1864192K), 0.0470580 secs] [Times: user=0.24 sys=0.00, real=0.05 secs] 
4954.674: [GC (Allocation Failure) [PSYoungGen: 333468K->170196K(465920K)] 1184164K->1053373K(1864192K), 0.0824400 secs] [Times: user=0.39 sys=0.00, real=0.08 secs] 
4954.978: [GC (Allocation Failure) [PSYoungGen: 403156K->184534K(465920K)] 1286333K->1120999K(1864192K), 0.0433920 secs] [Times: user=0.20 sys=0.00, real=0.04 secs] 
4955.159: [GC (Allocation Failure) [PSYoungGen: 417494K->188053K(465920K)] 1353959K->1180430K(1864192K), 0.0500256 secs] [Times: user=0.24 sys=0.00, real=0.05 secs] 
4956.114: [GC (Allocation Failure) [PSYoungGen: 421013K->153235K(465920K)] 1413390K->1216612K(1864192K), 0.0518048 secs] [Times: user=0.26 sys=0.00, real=0.05 secs] 
4957.212: [GC (Allocation Failure) [PSYoungGen: 386195K->113117K(465920K)] 1449572K->1225087K(1864192K), 0.1741674 secs] [Times: user=0.98 sys=0.00, real=0.17 secs] 
4957.887: [GC (Allocation Failure) [PSYoungGen: 340411K->170324K(465920K)] 1452381K->1318483K(1864192K), 0.0441133 secs] [Times: user=0.20 sys=0.00, real=0.05 secs] 
4958.101: [GC (Allocation Failure) [PSYoungGen: 403284K->184854K(465920K)] 1551443K->1386292K(1864192K), 0.0658409 secs] [Times: user=0.31 sys=0.00, real=0.06 secs] 
4958.298: [GC (Allocation Failure) [PSYoungGen: 417814K->186901K(465920K)] 1619252K->1444339K(1864192K), 0.0473631 secs] [Times: user=0.22 sys=0.00, real=0.04 secs] 
4959.391: [GC (Allocation Failure) [PSYoungGen: 419861K->99036K(465920K)] 1677299K->1427042K(1864192K), 0.0655396 secs] [Times: user=0.36 sys=0.00, real=0.06 secs] 
4959.456: [Full GC (Ergonomics) [PSYoungGen: 99036K->0K(465920K)] [ParOldGen: 1328006K->94479K(1398272K)] 1427042K->94479K(1864192K), [Metaspace: 59532K->59532K(1105920K)], 0.0551590 secs] [Times: user=0.17 sys=0.00, real=0.06 secs] 
4960.759: [GC (Allocation Failure) [PSYoungGen: 232960K->168596K(465920K)] 327439K->263076K(1864192K), 0.0461352 secs] [Times: user=0.18 sys=0.01, real=0.04 secs] 
4961.002: [GC (Allocation Failure) [PSYoungGen: 401556K->184566K(465920K)] 496036K->332013K(1864192K), 0.0413098 secs] [Times: user=0.18 sys=0.00, real=0.04 secs] 
4961.164: [GC (Allocation Failure) [PSYoungGen: 417526K->186391K(465920K)] 564973K->397951K(1864192K), 0.0488518 secs] [Times: user=0.22 sys=0.00, real=0.05 secs] 
4962.420: [GC (Allocation Failure) [PSYoungGen: 415981K->208723K(465920K)] 627541K->479507K(1864192K), 0.0550216 secs] [Times: user=0.28 sys=0.00, real=0.05 secs] 
4963.022: [GC (Allocation Failure) [PSYoungGen: 441683K->97131K(465920K)] 712467K->433539K(1864192K), 0.0653139 secs] [Times: user=0.35 sys=0.00, real=0.06 secs] 
4963.439: [GC (Allocation Failure) [PSYoungGen: 330091K->182710K(465920K)] 666499K->550287K(1864192K), 0.0460574 secs] [Times: user=0.20 sys=0.00, real=0.04 secs] 
4963.667: [GC (Allocation Failure) [PSYoungGen: 415670K->181525K(465920K)] 783247K->606102K(1864192K), 0.0563790 secs] [Times: user=0.27 sys=0.00, real=0.06 secs] 
4963.876: [GC (Allocation Failure) [PSYoungGen: 414485K->186421K(465920K)] 839062K->666326K(1864192K), 0.0556750 secs] [Times: user=0.28 sys=0.00, real=0.06 secs] 
4965.135: [GC (Allocation Failure) [PSYoungGen: 419381K->98508K(465920K)] 899286K->648948K(1864192K), 0.0441926 secs] [Times: user=0.22 sys=0.00, real=0.05 secs] 
4965.887: [GC (Allocation Failure) [PSYoungGen: 331468K->167860K(465920K)] 881908K->749953K(1864192K), 0.0592127 secs] [Times: user=0.28 sys=0.00, real=0.06 secs] 
4966.157: [GC (Allocation Failure) [PSYoungGen: 400820K->184534K(465920K)] 982913K->819415K(1864192K), 0.0570559 secs] [Times: user=0.27 sys=0.00, real=0.06 secs] 
4966.342: [GC (Allocation Failure) [PSYoungGen: 417494K->185943K(465920K)] 1052375K->885185K(1864192K), 0.0496580 secs] [Times: user=0.23 sys=0.01, real=0.05 secs] 
4966.588: [GC (Allocation Failure) [PSYoungGen: 418903K->215348K(465920K)] 1118145K->973466K(1864192K), 0.0548569 secs] [Times: user=0.27 sys=0.00, real=0.05 secs] 
4968.482: [GC (Allocation Failure) [PSYoungGen: 448308K->89290K(465920K)] 1206426K->916024K(1864192K), 0.0886714 secs] [Times: user=0.49 sys=0.00, real=0.09 secs] 
4968.994: [GC (Allocation Failure) [PSYoungGen: 322250K->180630K(465920K)] 1148984K->1036036K(1864192K), 0.0355011 secs] [Times: user=0.14 sys=0.00, real=0.04 secs] 
4969.186: [GC (Allocation Failure) [PSYoungGen: 413590K->184758K(465920K)] 1268996K->1096420K(1864192K), 0.0656422 secs] [Times: user=0.31 sys=0.00, real=0.07 secs] 
4969.389: [GC (Allocation Failure) [PSYoungGen: 417718K->186389K(465920K)] 1329380K->1153888K(1864192K), 0.0459403 secs] [Times: user=0.22 sys=0.00, real=0.04 secs] 
4970.494: [GC (Allocation Failure) [PSYoungGen: 419349K->99516K(465920K)] 1386848K->1137302K(1864192K), 0.0450735 secs] [Times: user=0.23 sys=0.00, real=0.05 secs] 
4971.005: [GC (Allocation Failure) [PSYoungGen: 332476K->168724K(465920K)] 1370262K->1239487K(1864192K), 0.0773849 secs] [Times: user=0.39 sys=0.00, real=0.08 secs] 
4971.236: [GC (Allocation Failure) [PSYoungGen: 401684K->184374K(465920K)] 1472447K->1307417K(1864192K), 0.0434926 secs] [Times: user=0.19 sys=0.00, real=0.05 secs] 
4971.399: [GC (Allocation Failure) [PSYoungGen: 417334K->185175K(465920K)] 1540377K->1372442K(1864192K), 0.0513368 secs] [Times: user=0.24 sys=0.00, real=0.05 secs] 
4971.992: [GC (Allocation Failure) [PSYoungGen: 418135K->182260K(465920K)] 1605402K->1428103K(1864192K), 0.1104325 secs] [Times: user=0.58 sys=0.00, real=0.11 secs] 
4973.291: [GC (GCLocker Initiated GC) [PSYoungGen: 415220K->86314K(465920K)] 1661063K->1401077K(1864192K), 0.0706729 secs] [Times: user=0.38 sys=0.01, real=0.07 secs] 
4973.362: [Full GC (Ergonomics) [PSYoungGen: 86314K->0K(465920K)] [ParOldGen: 1314763K->103249K(1398272K)] 1401077K->103249K(1864192K), [Metaspace: 59532K->59532K(1105920K)], 0.1385802 secs] [Times: user=0.59 sys=0.00, real=0.14 secs] 
4974.405: [GC (Allocation Failure) [PSYoungGen: 232960K->183413K(465920K)] 336212K->286666K(1864192K), 0.0380856 secs] [Times: user=0.15 sys=0.00, real=0.04 secs] 
4974.652: [GC (Allocation Failure) [PSYoungGen: 416373K->184534K(465920K)] 519626K->344046K(1864192K), 0.0554041 secs] [Times: user=0.26 sys=0.00, real=0.05 secs] 
4974.831: [GC (Allocation Failure) [PSYoungGen: 417494K->186741K(465920K)] 577006K->402173K(1864192K), 0.0443342 secs] [Times: user=0.21 sys=0.00, real=0.04 secs] 
4975.916: [GC (Allocation Failure) [PSYoungGen: 419701K->104524K(465920K)] 635133K->390389K(1864192K), 0.0494142 secs] [Times: user=0.26 sys=0.00, real=0.05 secs] 
4977.082: [GC (Allocation Failure) [PSYoungGen: 337484K->160723K(465920K)] 623349K->481124K(1864192K), 0.0879818 secs] [Times: user=0.45 sys=0.00, real=0.09 secs] 
4977.375: [GC (Allocation Failure) [PSYoungGen: 393683K->183861K(465920K)] 714084K->554510K(1864192K), 0.0422885 secs] [Times: user=0.19 sys=0.00, real=0.04 secs] 
4977.539: [GC (Allocation Failure) [PSYoungGen: 416821K->185527K(465920K)] 787470K->620228K(1864192K), 0.0511152 secs] [Times: user=0.24 sys=0.00, real=0.05 secs] 
4977.767: [GC (GCLocker Initiated GC) [PSYoungGen: 418487K->182740K(465920K)] 853188K->676434K(1864192K), 0.0771264 secs] [Times: user=0.40 sys=0.00, real=0.08 secs] 
4978.903: [GC (Allocation Failure) [PSYoungGen: 415700K->91530K(465920K)] 909689K->654584K(1864192K), 0.0598894 secs] [Times: user=0.32 sys=0.00, real=0.06 secs] 
4979.582: [GC (GCLocker Initiated GC) [PSYoungGen: 324490K->178229K(465920K)] 887544K->770828K(1864192K), 0.0491100 secs] [Times: user=0.22 sys=0.01, real=0.05 secs] 
4979.770: [GC (Allocation Failure) [PSYoungGen: 411189K->181525K(465920K)] 1003790K->829678K(1864192K), 0.0432581 secs] [Times: user=0.19 sys=0.00, real=0.04 secs] 
4979.997: [GC (Allocation Failure) [PSYoungGen: 414485K->186453K(465920K)] 1062638K->889982K(1864192K), 0.0649175 secs] [Times: user=0.32 sys=0.00, real=0.07 secs] 
4981.490: [GC (Allocation Failure) [PSYoungGen: 419413K->113805K(465920K)] 1122942K->887655K(1864192K), 0.0470801 secs] [Times: user=0.24 sys=0.00, real=0.04 secs] 
4982.301: [GC (Allocation Failure) [PSYoungGen: 346765K->155698K(465920K)] 1120615K->966064K(1864192K), 0.1144090 secs] [Times: user=0.61 sys=0.00, real=0.11 secs] 
4982.754: [GC (Allocation Failure) [PSYoungGen: 388658K->178645K(465920K)] 1199024K->1037975K(1864192K), 0.0420068 secs] [Times: user=0.18 sys=0.00, real=0.04 secs] 
4982.959: [GC (Allocation Failure) [PSYoungGen: 411605K->185655K(465920K)] 1270935K->1107505K(1864192K), 0.0783610 secs] [Times: user=0.39 sys=0.00, real=0.07 secs] 
4983.236: [GC (Allocation Failure) [PSYoungGen: 418615K->186549K(465920K)] 1340465K->1167375K(1864192K), 0.0696708 secs] [Times: user=0.36 sys=0.00, real=0.07 secs] 
4985.084: [GC (Allocation Failure) [PSYoungGen: 419386K->93179K(465920K)] 1400212K->1144293K(1864192K), 0.1170951 secs] [Times: user=0.64 sys=0.00, real=0.12 secs] 
4985.914: [GC (Allocation Failure) [PSYoungGen: 326139K->172820K(465920K)] 1377253K->1254028K(1864192K), 0.0491128 secs] [Times: user=0.22 sys=0.00, real=0.05 secs] 
4986.109: [GC (Allocation Failure) [PSYoungGen: 405780K->184502K(465920K)] 1486988K->1320081K(1864192K), 0.0443654 secs] [Times: user=0.20 sys=0.00, real=0.04 secs] 
4986.269: [GC (GCLocker Initiated GC) [PSYoungGen: 417462K->186005K(465920K)] 1553043K->1377586K(1864192K), 0.0468753 secs] [Times: user=0.21 sys=0.00, real=0.04 secs] 
4987.314: [GC (Allocation Failure) [PSYoungGen: 418965K->120431K(465920K)] 1610547K->1382145K(1864192K), 0.0482539 secs] [Times: user=0.25 sys=0.00, real=0.05 secs] 
4988.441: [GC (Allocation Failure) [PSYoungGen: 353391K->145025K(465920K)] 1615105K->1444860K(1864192K), 0.1331915 secs] [Times: user=0.73 sys=0.00, real=0.13 secs] 
4988.869: [GC (Allocation Failure) [PSYoungGen: 377985K->180501K(465920K)] 1677820K->1525973K(1864192K), 0.0406810 secs] [Times: user=0.18 sys=0.00, real=0.04 secs] 
4988.909: [Full GC (Ergonomics) [PSYoungGen: 180501K->0K(465920K)] [ParOldGen: 1345471K->243474K(1398272K)] 1525973K->243474K(1864192K), [Metaspace: 59534K->59534K(1105920K)], 0.2960808 secs] [Times: user=1.36 sys=0.00, real=0.29 secs] 
4989.347: [GC (Allocation Failure) [PSYoungGen: 232960K->185175K(465920K)] 476434K->428649K(1864192K), 0.0826459 secs] [Times: user=0.43 sys=0.00, real=0.09 secs] 
4989.555: [GC (Allocation Failure) [PSYoungGen: 418135K->186645K(465920K)] 661609K->488991K(1864192K), 0.0568969 secs] [Times: user=0.28 sys=0.00, real=0.06 secs] 
4990.655: [GC (Allocation Failure) [PSYoungGen: 419605K->94571K(465920K)] 721951K->467286K(1864192K), 0.0561474 secs] [Times: user=0.29 sys=0.00, real=0.06 secs] 
4991.732: [GC (Allocation Failure) [PSYoungGen: 327531K->170836K(465920K)] 700246K->573492K(1864192K), 0.0582977 secs] [Times: user=0.26 sys=0.00, real=0.06 secs] 
4992.017: [GC (Allocation Failure) [PSYoungGen: 403796K->184662K(465920K)] 806452K->641189K(1864192K), 0.0490365 secs] [Times: user=0.23 sys=0.00, real=0.05 secs] 
4992.219: [GC (Allocation Failure) [PSYoungGen: 417622K->186773K(465920K)] 874149K->699404K(1864192K), 0.0688256 secs] [Times: user=0.34 sys=0.00, real=0.06 secs] 
4993.212: [GC (Allocation Failure) [PSYoungGen: 419733K->130608K(465920K)] 932364K->713724K(1864192K), 0.0486881 secs] [Times: user=0.25 sys=0.00, real=0.05 secs] 
4994.629: [GC (Allocation Failure) [PSYoungGen: 363568K->138080K(465920K)] 946684K->762508K(1864192K), 0.1466453 secs] [Times: user=0.81 sys=0.00, real=0.14 secs] 
4995.211: [GC (Allocation Failure) [PSYoungGen: 371040K->178133K(465920K)] 995468K->846813K(1864192K), 0.0467324 secs] [Times: user=0.21 sys=0.00, real=0.04 secs] 
4995.421: [GC (Allocation Failure) [PSYoungGen: 411093K->185847K(465920K)] 1079773K->916643K(1864192K), 0.0747367 secs] [Times: user=0.37 sys=0.01, real=0.07 secs] 
4995.624: [GC (Allocation Failure) [PSYoungGen: 418807K->186325K(465920K)] 1149603K->976041K(1864192K), 0.0566210 secs] [Times: user=0.28 sys=0.00, real=0.06 secs] 
4996.838: [GC (Allocation Failure) [PSYoungGen: 419285K->94763K(465920K)] 1209001K->954912K(1864192K), 0.0683172 secs] [Times: user=0.36 sys=0.00, real=0.06 secs] 
4997.669: [GC (Allocation Failure) [PSYoungGen: 327707K->170868K(465920K)] 1187856K->1061606K(1864192K), 0.0543220 secs] [Times: user=0.24 sys=0.00, real=0.05 secs] 
4997.888: [GC (Allocation Failure) [PSYoungGen: 403828K->183989K(465920K)] 1294566K->1128315K(1864192K), 0.0440877 secs] [Times: user=0.20 sys=0.00, real=0.05 secs] 
4998.049: [GC (Allocation Failure) [PSYoungGen: 416949K->203445K(465920K)] 1361275K->1203667K(1864192K), 0.0467024 secs] [Times: user=0.22 sys=0.00, real=0.04 secs] 
4999.027: [GC (Allocation Failure) [PSYoungGen: 436405K->136849K(465920K)] 1436627K->1207798K(1864192K), 0.0507108 secs] [Times: user=0.25 sys=0.00, real=0.05 secs] 
4999.513: [GC (Allocation Failure) [PSYoungGen: 369699K->141521K(465920K)] 1440649K->1255822K(1864192K), 0.0812079 secs] [Times: user=0.44 sys=0.00, real=0.08 secs] 
4999.811: [GC (Allocation Failure) [PSYoungGen: 374481K->175572K(465920K)] 1488782K->1334839K(1864192K), 0.0389770 secs] [Times: user=0.17 sys=0.00, real=0.04 secs] 
4999.971: [GC (Allocation Failure) [PSYoungGen: 408532K->184855K(465920K)] 1567799K->1405753K(1864192K), 0.0499475 secs] [Times: user=0.23 sys=0.00, real=0.05 secs] 
5000.378: [GC (Allocation Failure) [PSYoungGen: 417815K->180340K(465920K)] 1638713K->1459839K(1864192K), 0.0906758 secs] [Times: user=0.47 sys=0.00, real=0.09 secs] 
5001.653: [GC (Allocation Failure) [PSYoungGen: 413300K->94379K(465920K)] 1692799K->1442238K(1864192K), 0.0643504 secs] [Times: user=0.35 sys=0.00, real=0.06 secs] 
5001.717: [Full GC (Ergonomics) [PSYoungGen: 94379K->0K(465920K)] [ParOldGen: 1347858K->97239K(1398272K)] 1442238K->97239K(1864192K), [Metaspace: 59536K->59536K(1105920K)], 0.0927052 secs] [Times: user=0.36 sys=0.00, real=0.10 secs] 
5002.397: [GC (Allocation Failure) [PSYoungGen: 232960K->177333K(465920K)] 330199K->274573K(1864192K), 0.0360301 secs] [Times: user=0.14 sys=0.00, real=0.04 secs] 
5002.630: [GC (Allocation Failure) [PSYoungGen: 410293K->182101K(465920K)] 507533K->335161K(1864192K), 0.0610825 secs] [Times: user=0.29 sys=0.00, real=0.06 secs] 
5002.824: [GC (Allocation Failure) [PSYoungGen: 415061K->187189K(465920K)] 568121K->395753K(1864192K), 0.0448938 secs] [Times: user=0.21 sys=0.00, real=0.05 secs] 
5003.841: [GC (Allocation Failure) [PSYoungGen: 420149K->139697K(465920K)] 628713K->418757K(1864192K), 0.0532286 secs] [Times: user=0.21 sys=0.00, real=0.05 secs] 
5005.101: [GC (Allocation Failure) [PSYoungGen: 372657K->131231K(465920K)] 651717K->454879K(1864192K), 0.1474500 secs] [Times: user=0.83 sys=0.00, real=0.15 secs] 
5005.544: [GC (Allocation Failure) [PSYoungGen: 364191K->178421K(465920K)] 687839K->544182K(1864192K), 0.0375180 secs] [Times: user=0.17 sys=0.00, real=0.04 secs] 
5005.728: [GC (Allocation Failure) [PSYoungGen: 411381K->185239K(465920K)] 777142K->613160K(1864192K), 0.0637938 secs] [Times: user=0.31 sys=0.01, real=0.07 secs] 
5005.926: [GC (Allocation Failure) [PSYoungGen: 418199K->183956K(465920K)] 846120K->670693K(1864192K), 0.0566989 secs] [Times: user=0.28 sys=0.00, real=0.06 secs] 
5007.050: [GC (Allocation Failure) [PSYoungGen: 416916K->91050K(465920K)] 903653K->647252K(1864192K), 0.0605485 secs] [Times: user=0.33 sys=0.00, real=0.06 secs] 
5008.258: [GC (Allocation Failure) [PSYoungGen: 324010K->172116K(465920K)] 880212K->757818K(1864192K), 0.0632652 secs] [Times: user=0.28 sys=0.00, real=0.06 secs] 
5008.517: [GC (Allocation Failure) [PSYoungGen: 405076K->184310K(465920K)] 990778K->823596K(1864192K), 0.0428349 secs] [Times: user=0.19 sys=0.00, real=0.05 secs] 
5008.698: [GC (Allocation Failure) [PSYoungGen: 417221K->187413K(465920K)] 1056507K->882791K(1864192K), 0.0494944 secs] [Times: user=0.24 sys=0.00, real=0.04 secs] 
5009.641: [GC (Allocation Failure) [PSYoungGen: 420373K->147762K(465920K)] 1115751K->913860K(1864192K), 0.0504846 secs] [Times: user=0.25 sys=0.00, real=0.05 secs] 
5010.181: [GC (Allocation Failure) [PSYoungGen: 380722K->124687K(465920K)] 1146820K->937625K(1864192K), 0.1642672 secs] [Times: user=0.93 sys=0.00, real=0.16 secs] 
5011.196: [GC (Allocation Failure) [PSYoungGen: 357647K->174740K(465920K)] 1170585K->1027434K(1864192K), 0.0513741 secs] [Times: user=0.23 sys=0.00, real=0.05 secs] 
5011.379: [GC (Allocation Failure) [PSYoungGen: 407700K->185207K(465920K)] 1260394K->1099473K(1864192K), 0.0489200 secs] [Times: user=0.23 sys=0.00, real=0.05 secs] 
5011.544: [GC (Allocation Failure) [PSYoungGen: 418167K->186517K(465920K)] 1332433K->1159575K(1864192K), 0.0589453 secs] [Times: user=0.29 sys=0.00, real=0.06 secs] 
5012.828: [GC (Allocation Failure) [PSYoungGen: 419477K->95291K(465920K)] 1392535K->1138725K(1864192K), 0.0708726 secs] [Times: user=0.38 sys=0.00, real=0.08 secs] 
5013.748: [GC (Allocation Failure) [PSYoungGen: 328251K->170900K(465920K)] 1371685K->1244875K(1864192K), 0.0551382 secs] [Times: user=0.25 sys=0.00, real=0.06 secs] 
5013.967: [GC (Allocation Failure) [PSYoungGen: 403860K->184374K(465920K)] 1477835K->1311797K(1864192K), 0.0430806 secs] [Times: user=0.19 sys=0.00, real=0.05 secs] 
5014.127: [GC (Allocation Failure) [PSYoungGen: 417334K->187701K(465920K)] 1544757K->1370964K(1864192K), 0.0464695 secs] [Times: user=0.20 sys=0.00, real=0.05 secs] 
5015.072: [GC (Allocation Failure) [PSYoungGen: 420661K->152307K(465920K)] 1603924K->1406354K(1864192K), 0.0515589 secs] [Times: user=0.25 sys=0.00, real=0.05 secs] 
5015.672: [GC (Allocation Failure) [PSYoungGen: 385267K->119198K(465920K)] 1639314K->1421357K(1864192K), 0.1085579 secs] [Times: user=0.60 sys=0.00, real=0.11 secs] 
5016.016: [GC (Allocation Failure) [PSYoungGen: 352133K->178453K(465920K)] 1654292K->1518629K(1864192K), 0.0378149 secs] [Times: user=0.17 sys=0.00, real=0.04 secs] 
5016.054: [Full GC (Ergonomics) [PSYoungGen: 178453K->0K(465920K)] [ParOldGen: 1340176K->233539K(1398272K)] 1518629K->233539K(1864192K), [Metaspace: 59536K->59536K(1105920K)], 0.2770493 secs] [Times: user=1.26 sys=0.00, real=0.28 secs] 
5016.462: [GC (Allocation Failure) [PSYoungGen: 232960K->182102K(465920K)] 466499K->415641K(1864192K), 0.0898689 secs] [Times: user=0.47 sys=0.00, real=0.09 secs] 
5016.775: [GC (Allocation Failure) [PSYoungGen: 415062K->186389K(465920K)] 648601K->477976K(1864192K), 0.0583710 secs] [Times: user=0.29 sys=0.00, real=0.06 secs] 
5018.071: [GC (Allocation Failure) [PSYoungGen: 419349K->96987K(465920K)] 710936K->459063K(1864192K), 0.0454569 secs] [Times: user=0.23 sys=0.00, real=0.04 secs] 
5019.047: [GC (Allocation Failure) [PSYoungGen: 329947K->170644K(465920K)] 692023K->563852K(1864192K), 0.0695610 secs] [Times: user=0.32 sys=0.00, real=0.07 secs] 
5019.334: [GC (Allocation Failure) [PSYoungGen: 403604K->181461K(465920K)] 796812K->628105K(1864192K), 0.0438227 secs] [Times: user=0.20 sys=0.00, real=0.04 secs] 
5019.543: [GC (Allocation Failure) [PSYoungGen: 405221K->178294K(465920K)] 851865K->688058K(1864192K), 0.0775832 secs] [Times: user=0.39 sys=0.00, real=0.08 secs] 
5020.478: [GC (Allocation Failure) [PSYoungGen: 411254K->168402K(401408K)] 921018K->734799K(1799680K), 0.0554843 secs] [Times: user=0.28 sys=0.00, real=0.05 secs] 
5021.681: [GC (Allocation Failure) [PSYoungGen: 401362K->98843K(461824K)] 967759K->729632K(1860096K), 0.0877035 secs] [Times: user=0.47 sys=0.01, real=0.09 secs] 
5022.476: [GC (Allocation Failure) [PSYoungGen: 329755K->178869K(463872K)] 960544K->841211K(1862144K), 0.0492695 secs] [Times: user=0.22 sys=0.00, real=0.05 secs] 
5022.739: [GC (Allocation Failure) [PSYoungGen: 409781K->183285K(465920K)] 1072123K->901419K(1864192K), 0.0617429 secs] [Times: user=0.30 sys=0.00, real=0.06 secs] 
5022.972: [GC (Allocation Failure) [PSYoungGen: 416245K->183796K(465920K)] 1134379K->957434K(1864192K), 0.0653291 secs] [Times: user=0.32 sys=0.00, real=0.06 secs] 
5024.001: [GC (Allocation Failure) [PSYoungGen: 416756K->100940K(465920K)] 1190394K->943841K(1864192K), 0.0450320 secs] [Times: user=0.23 sys=0.00, real=0.04 secs] 
5024.540: [GC (GCLocker Initiated GC) [PSYoungGen: 333900K->170260K(465920K)] 1176801K->1046119K(1864192K), 0.0827874 secs] [Times: user=0.41 sys=0.00, real=0.08 secs] 
5024.819: [GC (Allocation Failure) [PSYoungGen: 403220K->189237K(465920K)] 1279117K->1118054K(1864192K), 0.0535712 secs] [Times: user=0.25 sys=0.01, real=0.05 secs] 
5025.050: [GC (Allocation Failure) [PSYoungGen: 422197K->185559K(465920K)] 1351014K->1177816K(1864192K), 0.0734889 secs] [Times: user=0.36 sys=0.00, real=0.07 secs] 
5025.306: [GC (Allocation Failure) [PSYoungGen: 418519K->215860K(465920K)] 1410776K->1267046K(1864192K), 0.0690406 secs] [Times: user=0.35 sys=0.00, real=0.07 secs] 
5026.486: [GC (Allocation Failure) [PSYoungGen: 448820K->91018K(465920K)] 1500006K->1211284K(1864192K), 0.0761010 secs] [Times: user=0.41 sys=0.00, real=0.08 secs] 
5027.296: [GC (Allocation Failure) [PSYoungGen: 323978K->178997K(465920K)] 1444244K->1327787K(1864192K), 0.0514007 secs] [Times: user=0.23 sys=0.00, real=0.05 secs] 
5027.545: [GC (Allocation Failure) [PSYoungGen: 411957K->184438K(465920K)] 1560747K->1389324K(1864192K), 0.0590797 secs] [Times: user=0.28 sys=0.00, real=0.06 secs] 
5027.745: [GC (Allocation Failure) [PSYoungGen: 417398K->186549K(465920K)] 1622284K->1447475K(1864192K), 0.0676130 secs] [Times: user=0.33 sys=0.00, real=0.07 secs] 
5028.821: [GC (Allocation Failure) [PSYoungGen: 419442K->104732K(465920K)] 1680368K->1435931K(1864192K), 0.0499878 secs] [Times: user=0.26 sys=0.00, real=0.05 secs] 
5028.871: [Full GC (Ergonomics) [PSYoungGen: 104732K->0K(465920K)] [ParOldGen: 1331198K->93309K(1398272K)] 1435931K->93309K(1864192K), [Metaspace: 59536K->59536K(1105920K)], 0.0363463 secs] [Times: user=0.12 sys=0.00, real=0.03 secs] 
5030.183: [GC (Allocation Failure) [PSYoungGen: 232960K->166932K(465920K)] 326269K->260241K(1864192K), 0.0450953 secs] [Times: user=0.17 sys=0.00, real=0.04 secs] 
5030.467: [GC (Allocation Failure) [PSYoungGen: 399892K->179285K(465920K)] 493201K->324726K(1864192K), 0.0501871 secs] [Times: user=0.24 sys=0.00, real=0.05 secs] 
5030.670: [GC (Allocation Failure) [PSYoungGen: 412245K->185815K(465920K)] 557686K->394264K(1864192K), 0.0686176 secs] [Times: user=0.33 sys=0.01, real=0.07 secs] 
5030.865: [GC (Allocation Failure) [PSYoungGen: 418775K->186677K(465920K)] 627224K->454135K(1864192K), 0.0552661 secs] [Times: user=0.27 sys=0.00, real=0.06 secs] 
5032.238: [GC (Allocation Failure) [PSYoungGen: 419637K->92042K(465920K)] 687095K->429756K(1864192K), 0.0907262 secs] [Times: user=0.49 sys=0.00, real=0.09 secs] 
5032.884: [GC (Allocation Failure) [PSYoungGen: 324993K->179541K(465920K)] 662707K->546464K(1864192K), 0.0448916 secs] [Times: user=0.19 sys=0.00, real=0.05 secs] 
5033.057: [GC (Allocation Failure) [PSYoungGen: 412501K->184694K(465920K)] 779424K->607636K(1864192K), 0.0430291 secs] [Times: user=0.19 sys=0.00, real=0.05 secs] 
5033.254: [GC (Allocation Failure) [PSYoungGen: 417654K->197812K(465920K)] 840596K->676819K(1864192K), 0.0702203 secs] [Times: user=0.34 sys=0.00, real=0.07 secs] 
5034.308: [GC (Allocation Failure) [PSYoungGen: 430772K->105228K(465920K)] 909779K->652763K(1864192K), 0.0442426 secs] [Times: user=0.22 sys=0.00, real=0.04 secs] 
5034.919: [GC (Allocation Failure) [PSYoungGen: 338188K->168596K(465920K)] 885723K->750675K(1864192K), 0.0984355 secs] [Times: user=0.50 sys=0.00, real=0.09 secs] 
5035.203: [GC (Allocation Failure) [PSYoungGen: 401556K->184182K(465920K)] 983635K->818468K(1864192K), 0.0419078 secs] [Times: user=0.18 sys=0.00, real=0.04 secs] 
5035.364: [GC (Allocation Failure) [PSYoungGen: 417142K->185399K(465920K)] 1051428K->883782K(1864192K), 0.0497845 secs] [Times: user=0.22 sys=0.00, real=0.05 secs] 
5036.096: [GC (Allocation Failure) [PSYoungGen: 418359K->177876K(465920K)] 1116742K->935099K(1864192K), 0.1005653 secs] [Times: user=0.53 sys=0.00, real=0.10 secs] 
5037.309: [GC (Allocation Failure) [PSYoungGen: 410836K->94059K(465920K)] 1168059K->918754K(1864192K), 0.0802349 secs] [Times: user=0.44 sys=0.00, real=0.08 secs] 
5038.551: [GC (Allocation Failure) [PSYoungGen: 327019K->172884K(465920K)] 1151714K->1027008K(1864192K), 0.0532709 secs] [Times: user=0.24 sys=0.01, real=0.05 secs] 
5038.814: [GC (Allocation Failure) [PSYoungGen: 405844K->192822K(465920K)] 1259968K->1101518K(1864192K), 0.0555855 secs] [Times: user=0.26 sys=0.00, real=0.06 secs] 
5038.986: [GC (Allocation Failure) [PSYoungGen: 425782K->186549K(465920K)] 1334478K->1151189K(1864192K), 0.0450732 secs] [Times: user=0.21 sys=0.00, real=0.05 secs] 
5040.002: [GC (Allocation Failure) [PSYoungGen: 419509K->107853K(465920K)] 1384149K->1142817K(1864192K), 0.0490078 secs] [Times: user=0.26 sys=0.00, real=0.05 secs] 
5041.618: [GC (Allocation Failure) [PSYoungGen: 340813K->158579K(465920K)] 1375777K->1227796K(1864192K), 0.1054117 secs] [Times: user=0.55 sys=0.00, real=0.10 secs] 
5042.016: [GC (Allocation Failure) [PSYoungGen: 391539K->181493K(465920K)] 1460756K->1300518K(1864192K), 0.0473639 secs] [Times: user=0.22 sys=0.00, real=0.05 secs] 
5042.187: [GC (Allocation Failure) [PSYoungGen: 414453K->185783K(465920K)] 1533478K->1376296K(1864192K), 0.0506364 secs] [Times: user=0.24 sys=0.00, real=0.05 secs] 
5042.383: [GC (Allocation Failure) [PSYoungGen: 418743K->186421K(465920K)] 1609256K->1436022K(1864192K), 0.0785742 secs] [Times: user=0.40 sys=0.00, real=0.08 secs] 
5043.558: [GC (Allocation Failure) [PSYoungGen: 419381K->89418K(465920K)] 1668982K->1409423K(1864192K), 0.0650837 secs] [Times: user=0.35 sys=0.00, real=0.06 secs] 
5043.623: [Full GC (Ergonomics) [PSYoungGen: 89418K->0K(465920K)] [ParOldGen: 1320005K->100979K(1398272K)] 1409423K->100979K(1864192K), [Metaspace: 59537K->59537K(1105920K)], 0.1369354 secs] [Times: user=0.60 sys=0.00, real=0.14 secs] 
5044.550: [GC (GCLocker Initiated GC) [PSYoungGen: 232960K->174389K(465920K)] 333939K->275368K(1864192K), 0.0438205 secs] [Times: user=0.18 sys=0.00, real=0.04 secs] 
5044.753: [GC (Allocation Failure) [PSYoungGen: 407349K->184246K(465920K)] 508495K->340180K(1864192K), 0.0408333 secs] [Times: user=0.18 sys=0.00, real=0.04 secs] 
5044.913: [GC (Allocation Failure) [PSYoungGen: 417206K->186965K(465920K)] 573140K->398571K(1864192K), 0.0449305 secs] [Times: user=0.20 sys=0.00, real=0.05 secs] 
5045.901: [GC (Allocation Failure) [PSYoungGen: 419925K->116942K(465920K)] 631531K->399061K(1864192K), 0.0465254 secs] [Times: user=0.23 sys=0.00, real=0.04 secs] 
5046.583: [GC (Allocation Failure) [PSYoungGen: 349902K->154962K(465920K)] 632021K->474994K(1864192K), 0.0695512 secs] [Times: user=0.36 sys=0.00, real=0.07 secs] 
5047.151: [GC (Allocation Failure) [PSYoungGen: 387922K->181237K(465920K)] 707954K->549769K(1864192K), 0.0440891 secs] [Times: user=0.20 sys=0.00, real=0.04 secs] 
5047.317: [GC (Allocation Failure) [PSYoungGen: 414197K->185591K(465920K)] 782729K->617482K(1864192K), 0.0505251 secs] [Times: user=0.24 sys=0.01, real=0.06 secs] 
5047.483: [GC (Allocation Failure) [PSYoungGen: 418551K->186389K(465920K)] 850442K->677232K(1864192K), 0.0574695 secs] [Times: user=0.29 sys=0.00, real=0.06 secs] 
5048.866: [GC (GCLocker Initiated GC) [PSYoungGen: 419349K->91467K(465920K)] 910193K->652514K(1864192K), 0.0678976 secs] [Times: user=0.36 sys=0.00, real=0.07 secs] 
5049.985: [GC (Allocation Failure) [PSYoungGen: 324427K->171828K(465920K)] 885513K->762332K(1864192K), 0.0560103 secs] [Times: user=0.26 sys=0.00, real=0.06 secs] 
5050.207: [GC (Allocation Failure) [PSYoungGen: 404788K->184854K(465920K)] 995292K->829245K(1864192K), 0.0424376 secs] [Times: user=0.19 sys=0.00, real=0.05 secs] 
5050.365: [GC (Allocation Failure) [PSYoungGen: 417814K->186869K(465920K)] 1062205K->887317K(1864192K), 0.0454635 secs] [Times: user=0.21 sys=0.00, real=0.05 secs] 
5051.421: [GC (Allocation Failure) [PSYoungGen: 419829K->119630K(465920K)] 1120277K->890442K(1864192K), 0.0473648 secs] [Times: user=0.24 sys=0.00, real=0.05 secs] 
5051.975: [GC (Allocation Failure) [PSYoungGen: 352590K->151858K(465920K)] 1123402K->961090K(1864192K), 0.1034348 secs] [Times: user=0.54 sys=0.00, real=0.11 secs] 
5052.290: [GC (Allocation Failure) [PSYoungGen: 384818K->184021K(465920K)] 1194050K->1040366K(1864192K), 0.0410262 secs] [Times: user=0.18 sys=0.00, real=0.04 secs] 
5052.450: [GC (Allocation Failure) [PSYoungGen: 416981K->182134K(465920K)] 1273326K->1102623K(1864192K), 0.0507438 secs] [Times: user=0.24 sys=0.01, real=0.05 secs] 
5053.025: [GC (Allocation Failure) [PSYoungGen: 415094K->182228K(465920K)] 1335583K->1160453K(1864192K), 0.1169534 secs] [Times: user=0.62 sys=0.00, real=0.12 secs] 
5054.195: [GC (GCLocker Initiated GC) [PSYoungGen: 415188K->93147K(465920K)] 1393413K->1140092K(1864192K), 0.0476349 secs] [Times: user=0.25 sys=0.00, real=0.05 secs] 
5054.707: [GC (Allocation Failure) [PSYoungGen: 326107K->177493K(465920K)] 1373053K->1254737K(1864192K), 0.0428633 secs] [Times: user=0.18 sys=0.00, real=0.05 secs] 
5054.917: [GC (Allocation Failure) [PSYoungGen: 410453K->182005K(465920K)] 1487697K->1314689K(1864192K), 0.0507037 secs] [Times: user=0.24 sys=0.01, real=0.05 secs] 
5055.101: [GC (Allocation Failure) [PSYoungGen: 414965K->186741K(465920K)] 1547649K->1374720K(1864192K), 0.0492485 secs] [Times: user=0.21 sys=0.00, real=0.05 secs] 
5056.186: [GC (Allocation Failure) [PSYoungGen: 419701K->123087K(465920K)] 1607680K->1381427K(1864192K), 0.0505633 secs] [Times: user=0.25 sys=0.00, real=0.05 secs] 
5057.228: [GC (Allocation Failure) [PSYoungGen: 356047K->143745K(465920K)] 1614387K->1441292K(1864192K), 0.1050296 secs] [Times: user=0.57 sys=0.00, real=0.10 secs] 
5057.803: [GC (Allocation Failure) [PSYoungGen: 376705K->177653K(465920K)] 1674252K->1520453K(1864192K), 0.0442957 secs] [Times: user=0.21 sys=0.00, real=0.04 secs] 
5057.847: [Full GC (Ergonomics) [PSYoungGen: 177653K->0K(465920K)] [ParOldGen: 1342800K->238989K(1398272K)] 1520453K->238989K(1864192K), [Metaspace: 59537K->59537K(1105920K)], 0.2928214 secs] [Times: user=1.34 sys=0.00, real=0.30 secs] 
5058.262: [GC (Allocation Failure) [PSYoungGen: 232960K->185719K(465920K)] 471949K->424708K(1864192K), 0.0788169 secs] [Times: user=0.41 sys=0.00, real=0.08 secs] 
5058.490: [GC (Allocation Failure) [PSYoungGen: 418679K->186549K(465920K)] 657668K->484562K(1864192K), 0.0571335 secs] [Times: user=0.28 sys=0.00, real=0.05 secs] 
5059.668: [GC (Allocation Failure) [PSYoungGen: 419509K->93931K(465920K)] 717522K->462240K(1864192K), 0.0674270 secs] [Times: user=0.36 sys=0.00, real=0.06 secs] 
5060.423: [GC (Allocation Failure) [PSYoungGen: 326891K->177301K(465920K)] 695200K->575799K(1864192K), 0.0497066 secs] [Times: user=0.22 sys=0.00, real=0.05 secs] 
5060.620: [GC (Allocation Failure) [PSYoungGen: 410261K->181717K(465920K)] 808759K->635675K(1864192K), 0.0426949 secs] [Times: user=0.20 sys=0.00, real=0.04 secs] 
5060.778: [GC (Allocation Failure) [PSYoungGen: 414677K->186837K(465920K)] 868635K->696195K(1864192K), 0.0447778 secs] [Times: user=0.20 sys=0.00, real=0.04 secs] 
5061.832: [GC (Allocation Failure) [PSYoungGen: 419797K->131472K(465920K)] 929155K->711446K(1864192K), 0.0478834 secs] [Times: user=0.24 sys=0.00, real=0.05 secs] 
5062.257: [GC (Allocation Failure) [PSYoungGen: 364432K->141473K(465920K)] 944406K->763147K(1864192K), 0.1246811 secs] [Times: user=0.67 sys=0.00, real=0.13 secs] 
5062.688: [GC (Allocation Failure) [PSYoungGen: 374433K->177781K(465920K)] 996107K->844346K(1864192K), 0.0392397 secs] [Times: user=0.17 sys=0.00, real=0.04 secs] 
5062.843: [GC (Allocation Failure) [PSYoungGen: 410741K->180054K(465920K)] 1077306K->908988K(1864192K), 0.0489107 secs] [Times: user=0.23 sys=0.00, real=0.05 secs] 
5063.078: [GC (Allocation Failure) [PSYoungGen: 413014K->186069K(465920K)] 1141948K->972410K(1864192K), 0.0687407 secs] [Times: user=0.35 sys=0.00, real=0.07 secs] 
5064.485: [GC (Allocation Failure) [PSYoungGen: 419029K->88698K(465920K)] 1205370K->945176K(1864192K), 0.1199862 secs] [Times: user=0.66 sys=0.00, real=0.12 secs] 
5065.429: [GC (Allocation Failure) [PSYoungGen: 321658K->174037K(465920K)] 1178136K->1058559K(1864192K), 0.0568479 secs] [Times: user=0.22 sys=0.00, real=0.05 secs] 
5065.710: [GC (Allocation Failure) [PSYoungGen: 406997K->184662K(465920K)] 1291519K->1123796K(1864192K), 0.0519100 secs] [Times: user=0.25 sys=0.00, real=0.05 secs] 
5065.876: [GC (Allocation Failure) [PSYoungGen: 417622K->203509K(465920K)] 1356756K->1198699K(1864192K), 0.0473230 secs] [Times: user=0.22 sys=0.01, real=0.05 secs] 
5066.888: [GC (Allocation Failure) [PSYoungGen: 436469K->142513K(465920K)] 1431659K->1208216K(1864192K), 0.0517184 secs] [Times: user=0.25 sys=0.00, real=0.05 secs] 
5067.982: [GC (Allocation Failure) [PSYoungGen: 375473K->128287K(465920K)] 1441176K->1239094K(1864192K), 0.1330528 secs] [Times: user=0.74 sys=0.00, real=0.13 secs] 
5068.364: [GC (Allocation Failure) [PSYoungGen: 361247K->175668K(465920K)] 1472054K->1327700K(1864192K), 0.0386300 secs] [Times: user=0.17 sys=0.00, real=0.04 secs] 
5068.525: [GC (Allocation Failure) [PSYoungGen: 408628K->185335K(465920K)] 1560660K->1399158K(1864192K), 0.0506993 secs] [Times: user=0.23 sys=0.00, real=0.05 secs] 
5068.692: [GC (Allocation Failure) [PSYoungGen: 418295K->186197K(465920K)] 1632118K->1458796K(1864192K), 0.0599867 secs] [Times: user=0.30 sys=0.00, real=0.06 secs] 
5069.795: [GC (Allocation Failure) [PSYoungGen: 419157K->94667K(465920K)] 1691756K->1437595K(1864192K), 0.0457714 secs] [Times: user=0.23 sys=0.00, real=0.05 secs] 
5069.841: [Full GC (Ergonomics) [PSYoungGen: 94667K->0K(465920K)] [ParOldGen: 1342927K->94067K(1398272K)] 1437595K->94067K(1864192K), [Metaspace: 59538K->59538K(1105920K)], 0.0596565 secs] [Times: user=0.22 sys=0.00, real=0.06 secs] 
5070.689: [GC (Allocation Failure) [PSYoungGen: 232960K->172884K(465920K)] 327027K->266952K(1864192K), 0.0356343 secs] [Times: user=0.13 sys=0.00, real=0.03 secs] 
5070.930: [GC (Allocation Failure) [PSYoungGen: 405844K->181749K(465920K)] 499912K->329960K(1864192K), 0.0569830 secs] [Times: user=0.27 sys=0.00, real=0.05 secs] 
5071.109: [GC (Allocation Failure) [PSYoungGen: 414709K->185077K(465920K)] 562920K->388448K(1864192K), 0.0443452 secs] [Times: user=0.20 sys=0.00, real=0.04 secs] 
5072.106: [GC (Allocation Failure) [PSYoungGen: 418037K->151218K(465920K)] 621408K->424582K(1864192K), 0.0502282 secs] [Times: user=0.25 sys=0.00, real=0.05 secs] 
5072.761: [GC (Allocation Failure) [PSYoungGen: 384178K->123134K(465920K)] 657542K->444425K(1864192K), 0.1377355 secs] [Times: user=0.76 sys=0.00, real=0.14 secs] 
5073.274: [GC (Allocation Failure) [PSYoungGen: 356094K->175636K(465920K)] 677385K->535988K(1864192K), 0.0376602 secs] [Times: user=0.16 sys=0.00, real=0.04 secs] 
5073.464: [GC (Allocation Failure) [PSYoungGen: 408593K->185367K(465920K)] 768945K->607379K(1864192K), 0.0720831 secs] [Times: user=0.35 sys=0.00, real=0.07 secs] 
5073.677: [GC (Allocation Failure) [PSYoungGen: 418327K->186325K(465920K)] 840339K->667009K(1864192K), 0.0576687 secs] [Times: user=0.28 sys=0.00, real=0.06 secs] 
5074.970: [GC (Allocation Failure) [PSYoungGen: 419285K->94251K(465920K)] 899969K->645319K(1864192K), 0.0864128 secs] [Times: user=0.47 sys=0.00, real=0.08 secs] 
5075.971: [GC (Allocation Failure) [PSYoungGen: 327211K->168500K(465920K)] 878279K->750109K(1864192K), 0.0519963 secs] [Times: user=0.23 sys=0.00, real=0.05 secs] 
5076.179: [GC (Allocation Failure) [PSYoungGen: 401460K->192758K(465920K)] 983069K->827431K(1864192K), 0.0423321 secs] [Times: user=0.19 sys=0.00, real=0.04 secs] 
5076.386: [GC (Allocation Failure) [PSYoungGen: 416491K->175926K(465920K)] 1051164K->874815K(1864192K), 0.0757025 secs] [Times: user=0.38 sys=0.00, real=0.08 secs] 
5077.353: [GC (Allocation Failure) [PSYoungGen: 408886K->168723K(465920K)] 1107775K->923404K(1864192K), 0.0552417 secs] [Times: user=0.28 sys=0.00, real=0.06 secs] 
5077.999: [GC (Allocation Failure) [PSYoungGen: 401683K->107564K(465920K)] 1156364K->926838K(1864192K), 0.1001659 secs] [Times: user=0.54 sys=0.00, real=0.10 secs] 
5078.430: [GC (Allocation Failure) [PSYoungGen: 336296K->175125K(465920K)] 1155569K->1028979K(1864192K), 0.0357494 secs] [Times: user=0.15 sys=0.00, real=0.03 secs] 
5078.584: [GC (Allocation Failure) [PSYoungGen: 408023K->184662K(465920K)] 1261877K->1093100K(1864192K), 0.0455744 secs] [Times: user=0.21 sys=0.00, real=0.05 secs] 
5078.797: [GC (Allocation Failure) [PSYoungGen: 417622K->186197K(465920K)] 1326060K->1150771K(1864192K), 0.0722829 secs] [Times: user=0.36 sys=0.00, real=0.08 secs] 
5079.858: [GC (Allocation Failure) [PSYoungGen: 419157K->99644K(465920K)] 1383731K->1134634K(1864192K), 0.0572094 secs] [Times: user=0.31 sys=0.00, real=0.06 secs] 
5081.118: [GC (Allocation Failure) [PSYoungGen: 332604K->166004K(465920K)] 1367594K->1232999K(1864192K), 0.1099405 secs] [Times: user=0.54 sys=0.00, real=0.11 secs] 
5081.435: [GC (Allocation Failure) [PSYoungGen: 398964K->183061K(465920K)] 1465959K->1302052K(1864192K), 0.0442432 secs] [Times: user=0.20 sys=0.00, real=0.05 secs] 
5081.629: [GC (Allocation Failure) [PSYoungGen: 416021K->186039K(465920K)] 1535012K->1368838K(1864192K), 0.0751777 secs] [Times: user=0.38 sys=0.00, real=0.07 secs] 
5082.176: [GC (Allocation Failure) [PSYoungGen: 416538K->196180K(465920K)] 1599337K->1438067K(1864192K), 0.0548315 secs] [Times: user=0.27 sys=0.00, real=0.06 secs] 
5083.497: [GC (Allocation Failure) [PSYoungGen: 429140K->90570K(465920K)] 1671027K->1399785K(1864192K), 0.1087667 secs] [Times: user=0.60 sys=0.00, real=0.11 secs] 
5084.150: [GC (Allocation Failure) [PSYoungGen: 323530K->177301K(465920K)] 1632745K->1515445K(1864192K), 0.0513882 secs] [Times: user=0.23 sys=0.00, real=0.05 secs] 
5084.202: [Full GC (Ergonomics) [PSYoungGen: 177301K->0K(465920K)] [ParOldGen: 1338144K->222278K(1398272K)] 1515445K->222278K(1864192K), [Metaspace: 59538K->59538K(1105920K)], 0.2764358 secs] [Times: user=1.31 sys=0.00, real=0.28 secs] 
5084.597: [GC (Allocation Failure) [PSYoungGen: 232960K->184982K(465920K)] 455238K->407260K(1864192K), 0.0266994 secs] [Times: user=0.10 sys=0.00, real=0.03 secs] 
5084.769: [GC (Allocation Failure) [PSYoungGen: 417942K->186741K(465920K)] 640220K->465196K(1864192K), 0.0459100 secs] [Times: user=0.21 sys=0.00, real=0.04 secs] 
5085.871: [GC (Allocation Failure) [PSYoungGen: 419701K->105148K(465920K)] 698156K->453883K(1864192K), 0.0569926 secs] [Times: user=0.30 sys=0.00, real=0.06 secs] 
5086.813: [GC (Allocation Failure) [PSYoungGen: 338108K->164979K(465920K)] 686843K->547663K(1864192K), 0.0966868 secs] [Times: user=0.49 sys=0.00, real=0.10 secs] 
5087.134: [GC (Allocation Failure) [PSYoungGen: 397939K->184502K(465920K)] 780623K->618637K(1864192K), 0.0411386 secs] [Times: user=0.19 sys=0.00, real=0.04 secs] 
5087.322: [GC (Allocation Failure) [PSYoungGen: 417462K->182838K(465920K)] 851597K->681058K(1864192K), 0.0704323 secs] [Times: user=0.34 sys=0.00, real=0.07 secs] 
5087.534: [GC (Allocation Failure) [PSYoungGen: 415798K->186453K(465920K)] 914018K->742913K(1864192K), 0.0549867 secs] [Times: user=0.26 sys=0.00, real=0.06 secs] 
5088.873: [GC (Allocation Failure) [PSYoungGen: 419413K->84986K(465920K)] 975873K->711861K(1864192K), 0.1108428 secs] [Times: user=0.61 sys=0.00, real=0.11 secs] 
5089.558: [GC (Allocation Failure) [PSYoungGen: 317946K->180213K(465920K)] 944821K->834698K(1864192K), 0.0492851 secs] [Times: user=0.22 sys=0.00, real=0.04 secs] 
5089.810: [GC (Allocation Failure) [PSYoungGen: 413173K->184406K(465920K)] 1067658K->894978K(1864192K), 0.0633118 secs] [Times: user=0.30 sys=0.00, real=0.06 secs] 
5090.036: [GC (Allocation Failure) [PSYoungGen: 417366K->186261K(465920K)] 1127942K->952838K(1864192K), 0.0516357 secs] [Times: user=0.24 sys=0.00, real=0.05 secs] 
5091.047: [GC (Allocation Failure) [PSYoungGen: 419221K->104892K(465920K)] 1185798K->941749K(1864192K), 0.0455655 secs] [Times: user=0.23 sys=0.00, real=0.05 secs] 
5092.435: [GC (Allocation Failure) [PSYoungGen: 337852K->159539K(465920K)] 1174709K->1029953K(1864192K), 0.1211178 secs] [Times: user=0.63 sys=0.00, real=0.12 secs] 
5092.787: [GC (Allocation Failure) [PSYoungGen: 392499K->181909K(465920K)] 1262913K->1101987K(1864192K), 0.0429676 secs] [Times: user=0.19 sys=0.00, real=0.05 secs] 
5092.991: [GC (Allocation Failure) [PSYoungGen: 414869K->185783K(465920K)] 1334947K->1169581K(1864192K), 0.0751132 secs] [Times: user=0.37 sys=0.00, real=0.07 secs] 
5093.241: [GC (Allocation Failure) [PSYoungGen: 418743K->186517K(465920K)] 1402541K->1229179K(1864192K), 0.0750440 secs] [Times: user=0.39 sys=0.00, real=0.07 secs] 
5094.454: [GC (Allocation Failure) [PSYoungGen: 419477K->87242K(465920K)] 1462139K->1200360K(1864192K), 0.0740620 secs] [Times: user=0.40 sys=0.00, real=0.07 secs] 
5095.409: [GC (Allocation Failure) [PSYoungGen: 320202K->177141K(465920K)] 1433320K->1318160K(1864192K), 0.0532850 secs] [Times: user=0.24 sys=0.00, real=0.05 secs] 
5095.620: [GC (Allocation Failure) [PSYoungGen: 410101K->181909K(465920K)] 1551120K->1378220K(1864192K), 0.0438530 secs] [Times: user=0.20 sys=0.00, real=0.04 secs] 
5095.807: [GC (Allocation Failure) [PSYoungGen: 414869K->186709K(465920K)] 1611180K->1438248K(1864192K), 0.0605647 secs] [Times: user=0.29 sys=0.00, real=0.06 secs] 
5096.939: [GC (Allocation Failure) [PSYoungGen: 419669K->116622K(465920K)] 1671208K->1438753K(1864192K), 0.0478759 secs] [Times: user=0.24 sys=0.01, real=0.04 secs] 
5096.987: [Full GC (Ergonomics) [PSYoungGen: 116622K->0K(465920K)] [ParOldGen: 1322130K->96993K(1398272K)] 1438753K->96993K(1864192K), [Metaspace: 59538K->59538K(1105920K)], 0.0330688 secs] [Times: user=0.10 sys=0.00, real=0.04 secs] 
5097.464: [GC (Allocation Failure) [PSYoungGen: 232960K->152210K(465920K)] 329953K->249204K(1864192K), 0.0379735 secs] [Times: user=0.14 sys=0.00, real=0.04 secs] 
5098.035: [GC (Allocation Failure) [PSYoungGen: 385170K->182901K(465920K)] 482164K->327399K(1864192K), 0.0523302 secs] [Times: user=0.24 sys=0.00, real=0.05 secs] 
5098.257: [GC (Allocation Failure) [PSYoungGen: 415861K->186167K(465920K)] 560359K->394469K(1864192K), 0.0668551 secs] [Times: user=0.33 sys=0.00, real=0.07 secs] 
5098.486: [GC (Allocation Failure) [PSYoungGen: 419127K->186677K(465920K)] 627429K->454187K(1864192K), 0.0705723 secs] [Times: user=0.37 sys=0.00, real=0.07 secs] 
5100.017: [GC (Allocation Failure) [PSYoungGen: 419637K->90106K(465920K)] 687147K->428000K(1864192K), 0.1268058 secs] [Times: user=0.71 sys=0.00, real=0.13 secs] 
5101.297: [GC (Allocation Failure) [PSYoungGen: 323066K->174261K(465920K)] 660960K->540911K(1864192K), 0.0506519 secs] [Times: user=0.22 sys=0.00, real=0.05 secs] 
5101.498: [GC (Allocation Failure) [PSYoungGen: 407221K->182069K(465920K)] 773871K->603084K(1864192K), 0.0421387 secs] [Times: user=0.19 sys=0.00, real=0.04 secs] 
5101.690: [GC (Allocation Failure) [PSYoungGen: 415029K->186517K(465920K)] 836044K->662916K(1864192K), 0.0621202 secs] [Times: user=0.30 sys=0.01, real=0.06 secs] 
5102.786: [GC (Allocation Failure) [PSYoungGen: 419477K->122319K(465920K)] 895876K->669158K(1864192K), 0.0469681 secs] [Times: user=0.23 sys=0.00, real=0.05 secs] 
5103.855: [GC (Allocation Failure) [PSYoungGen: 355279K->146241K(465920K)] 902118K->731920K(1864192K), 0.1341025 secs] [Times: user=0.73 sys=0.00, real=0.14 secs] 
5104.622: [GC (Allocation Failure) [PSYoungGen: 379201K->179061K(465920K)] 964880K->810413K(1864192K), 0.0530780 secs] [Times: user=0.24 sys=0.00, real=0.05 secs] 
5104.803: [GC (Allocation Failure) [PSYoungGen: 412021K->185975K(465920K)] 1043373K->880107K(1864192K), 0.0494052 secs] [Times: user=0.23 sys=0.00, real=0.05 secs] 
5104.964: [GC (Allocation Failure) [PSYoungGen: 418935K->186837K(465920K)] 1113067K->939873K(1864192K), 0.0578790 secs] [Times: user=0.28 sys=0.00, real=0.06 secs] 
5106.138: [GC (Allocation Failure) [PSYoungGen: 419797K->93451K(465920K)] 1172833K->917055K(1864192K), 0.0671665 secs] [Times: user=0.36 sys=0.00, real=0.06 secs] 
5107.187: [GC (Allocation Failure) [PSYoungGen: 326411K->170900K(465920K)] 1150015K->1024061K(1864192K), 0.0591185 secs] [Times: user=0.26 sys=0.00, real=0.06 secs] 
5107.419: [GC (Allocation Failure) [PSYoungGen: 403860K->184534K(465920K)] 1257021K->1091578K(1864192K), 0.0434793 secs] [Times: user=0.19 sys=0.00, real=0.04 secs] 
5107.579: [GC (Allocation Failure) [PSYoungGen: 417494K->186741K(465920K)] 1324538K->1149706K(1864192K), 0.0460899 secs] [Times: user=0.21 sys=0.00, real=0.04 secs] 
5108.556: [GC (Allocation Failure) [PSYoungGen: 419701K->130416K(465920K)] 1382666K->1163709K(1864192K), 0.0491397 secs] [Times: user=0.25 sys=0.00, real=0.05 secs] 
5110.501: [GC (Allocation Failure) [PSYoungGen: 363376K->135664K(465920K)] 1396669K->1210245K(1864192K), 0.1538931 secs] [Times: user=0.85 sys=0.00, real=0.15 secs] 
5110.931: [GC (Allocation Failure) [PSYoungGen: 368624K->175988K(465920K)] 1443205K->1293818K(1864192K), 0.0469772 secs] [Times: user=0.22 sys=0.00, real=0.05 secs] 
5111.099: [GC (Allocation Failure) [PSYoungGen: 408948K->184151K(465920K)] 1526778K->1363652K(1864192K), 0.0493588 secs] [Times: user=0.23 sys=0.00, real=0.05 secs] 
5111.264: [GC (Allocation Failure) [PSYoungGen: 417111K->186805K(465920K)] 1596612K->1424683K(1864192K), 0.0588750 secs] [Times: user=0.30 sys=0.00, real=0.06 secs] 
5112.424: [GC (Allocation Failure) [PSYoungGen: 419765K->94075K(465920K)] 1657643K->1402337K(1864192K), 0.0460974 secs] [Times: user=0.24 sys=0.00, real=0.05 secs] 
5113.428: [GC (Allocation Failure) [PSYoungGen: 327035K->173333K(465920K)] 1635297K->1511583K(1864192K), 0.0511837 secs] [Times: user=0.23 sys=0.00, real=0.05 secs] 
5113.480: [Full GC (Ergonomics) [PSYoungGen: 173333K->0K(465920K)] [ParOldGen: 1338250K->204916K(1398272K)] 1511583K->204916K(1864192K), [Metaspace: 59538K->59538K(1105920K)], 0.2528735 secs] [Times: user=1.20 sys=0.00, real=0.25 secs] 
5113.864: [GC (Allocation Failure) [PSYoungGen: 232960K->181909K(465920K)] 437876K->386826K(1864192K), 0.0268712 secs] [Times: user=0.10 sys=0.00, real=0.03 secs] 
5114.040: [GC (Allocation Failure) [PSYoungGen: 414869K->186837K(465920K)] 619786K->447121K(1864192K), 0.0439815 secs] [Times: user=0.21 sys=0.00, real=0.04 secs] 
5115.039: [GC (Allocation Failure) [PSYoungGen: 419797K->141969K(465920K)] 680081K->472902K(1864192K), 0.0491606 secs] [Times: user=0.25 sys=0.00, real=0.05 secs] 
5115.489: [GC (GCLocker Initiated GC) [PSYoungGen: 374929K->131183K(465920K)] 705862K->507172K(1864192K), 0.1344339 secs] [Times: user=0.74 sys=0.01, real=0.13 secs] 
5116.368: [GC (Allocation Failure) [PSYoungGen: 364143K->171636K(465920K)] 740263K->589064K(1864192K), 0.0518006 secs] [Times: user=0.24 sys=0.00, real=0.06 secs] 
5116.620: [GC (Allocation Failure) [PSYoungGen: 404596K->185335K(465920K)] 822024K->663375K(1864192K), 0.0709748 secs] [Times: user=0.30 sys=0.00, real=0.07 secs] 
5116.815: [GC (Allocation Failure) [PSYoungGen: 418295K->186645K(465920K)] 896335K->723357K(1864192K), 0.0569387 secs] [Times: user=0.28 sys=0.00, real=0.06 secs] 
5117.938: [GC (Allocation Failure) [PSYoungGen: 419605K->94379K(465920K)] 956317K->701611K(1864192K), 0.0476708 secs] [Times: user=0.25 sys=0.00, real=0.04 secs] 
5118.608: [GC (Allocation Failure) [PSYoungGen: 327339K->177397K(465920K)] 934571K->814810K(1864192K), 0.0517511 secs] [Times: user=0.23 sys=0.00, real=0.05 secs] 
5118.813: [GC (Allocation Failure) [PSYoungGen: 410357K->181813K(465920K)] 1047770K->874775K(1864192K), 0.0428527 secs] [Times: user=0.20 sys=0.00, real=0.04 secs] 
5118.971: [GC (Allocation Failure) [PSYoungGen: 414773K->187253K(465920K)] 1107735K->935606K(1864192K), 0.0452283 secs] [Times: user=0.21 sys=0.00, real=0.04 secs] 
5120.005: [GC (Allocation Failure) [PSYoungGen: 420213K->146546K(465920K)] 1168566K->965507K(1864192K), 0.0508746 secs] [Times: user=0.25 sys=0.00, real=0.05 secs] 
5121.113: [GC (Allocation Failure) [PSYoungGen: 379506K->119822K(465920K)] 1198467K->985071K(1864192K), 0.1649917 secs] [Times: user=0.93 sys=0.00, real=0.16 secs] 
5121.653: [GC (Allocation Failure) [PSYoungGen: 352782K->178517K(465920K)] 1218031K->1082011K(1864192K), 0.0446403 secs] [Times: user=0.20 sys=0.00, real=0.04 secs] 
5121.816: [GC (Allocation Failure) [PSYoungGen: 411477K->182454K(465920K)] 1314971K->1148293K(1864192K), 0.0491480 secs] [Times: user=0.22 sys=0.00, real=0.05 secs] 
5122.009: [GC (Allocation Failure) [PSYoungGen: 415414K->186421K(465920K)] 1381253K->1210339K(1864192K), 0.0808440 secs] [Times: user=0.42 sys=0.00, real=0.08 secs] 
5123.067: [GC (Allocation Failure) [PSYoungGen: 419381K->94507K(465920K)] 1443299K->1188761K(1864192K), 0.0466331 secs] [Times: user=0.25 sys=0.00, real=0.05 secs] 
5123.656: [GC (Allocation Failure) [PSYoungGen: 327467K->173589K(465920K)] 1421721K->1298676K(1864192K), 0.0571627 secs] [Times: user=0.26 sys=0.00, real=0.06 secs] 
5123.924: [GC (Allocation Failure) [PSYoungGen: 406549K->184438K(465920K)] 1531636K->1363565K(1864192K), 0.0579734 secs] [Times: user=0.28 sys=0.00, real=0.06 secs] 
5124.126: [GC (Allocation Failure) [PSYoungGen: 417398K->232916K(465920K)] 1596525K->1472748K(1864192K), 0.0623232 secs] [Times: user=0.30 sys=0.00, real=0.07 secs] 
5125.111: [GC (Allocation Failure) [PSYoungGen: 465876K->152819K(465920K)] 1705708K->1463635K(1864192K), 0.0521569 secs] [Times: user=0.26 sys=0.00, real=0.05 secs] 
5125.163: [Full GC (Ergonomics) [PSYoungGen: 152819K->0K(465920K)] [ParOldGen: 1310816K->357642K(1398272K)] 1463635K->357642K(1864192K), [Metaspace: 59538K->59538K(1105920K)], 0.6003296 secs] [Times: user=2.65 sys=0.00, real=0.60 secs] 
5126.984: [GC (Allocation Failure) [PSYoungGen: 232960K->111821K(465920K)] 590602K->469463K(1864192K), 0.0474657 secs] [Times: user=0.17 sys=0.00, real=0.05 secs] 
5128.113: [GC (Allocation Failure) [PSYoungGen: 339632K->170708K(465920K)] 697274K->564180K(1864192K), 0.0493916 secs] [Times: user=0.22 sys=0.00, real=0.05 secs] 
5128.300: [GC (Allocation Failure) [PSYoungGen: 403668K->184790K(465920K)] 797140K->631525K(1864192K), 0.0417447 secs] [Times: user=0.18 sys=0.00, real=0.04 secs] 
5128.458: [GC (Allocation Failure) [PSYoungGen: 417750K->186709K(465920K)] 864485K->689460K(1864192K), 0.0444826 secs] [Times: user=0.20 sys=0.00, real=0.05 secs] 
5129.484: [GC (Allocation Failure) [PSYoungGen: 419669K->99132K(465920K)] 922420K->672187K(1864192K), 0.0460663 secs] [Times: user=0.24 sys=0.00, real=0.05 secs] 
5130.384: [GC (GCLocker Initiated GC) [PSYoungGen: 332092K->162771K(465920K)] 905147K->767736K(1864192K), 0.0727851 secs] [Times: user=0.35 sys=0.01, real=0.07 secs] 
5130.625: [GC (Allocation Failure) [PSYoungGen: 395731K->184534K(465920K)] 1000863K->840922K(1864192K), 0.0416818 secs] [Times: user=0.19 sys=0.00, real=0.04 secs] 
5130.788: [GC (Allocation Failure) [PSYoungGen: 417494K->185655K(465920K)] 1073882K->906139K(1864192K), 0.0500387 secs] [Times: user=0.23 sys=0.00, real=0.05 secs] 
5131.139: [GC (Allocation Failure) [PSYoungGen: 416911K->212916K(465920K)] 1137395K->992144K(1864192K), 0.0542853 secs] [Times: user=0.27 sys=0.00, real=0.05 secs] 
5132.161: [GC (Allocation Failure) [PSYoungGen: 445876K->96171K(465920K)] 1225104K->943335K(1864192K), 0.0716208 secs] [Times: user=0.39 sys=0.00, real=0.07 secs] 
5132.742: [GC (GCLocker Initiated GC) [PSYoungGen: 329131K->176981K(465920K)] 1176295K->1054558K(1864192K), 0.0476187 secs] [Times: user=0.21 sys=0.00, real=0.05 secs] 
5132.926: [GC (Allocation Failure) [PSYoungGen: 409941K->184246K(465920K)] 1287685K->1117525K(1864192K), 0.0428713 secs] [Times: user=0.19 sys=0.00, real=0.05 secs] 
5133.104: [GC (Allocation Failure) [PSYoungGen: 417206K->203061K(465920K)] 1350485K->1192101K(1864192K), 0.0482163 secs] [Times: user=0.23 sys=0.00, real=0.05 secs] 
5134.491: [GC (Allocation Failure) [PSYoungGen: 436021K->101772K(465920K)] 1425061K->1161236K(1864192K), 0.0882117 secs] [Times: user=0.47 sys=0.01, real=0.09 secs] 
5136.708: [GC (Allocation Failure) [PSYoungGen: 334732K->161907K(465920K)] 1394196K->1253816K(1864192K), 0.1225137 secs] [Times: user=0.63 sys=0.00, real=0.12 secs] 
5137.048: [GC (Allocation Failure) [PSYoungGen: 394867K->182581K(465920K)] 1486776K->1324966K(1864192K), 0.0461288 secs] [Times: user=0.19 sys=0.00, real=0.04 secs] 
5137.217: [GC (Allocation Failure) [PSYoungGen: 415541K->185975K(465920K)] 1557926K->1392191K(1864192K), 0.0507645 secs] [Times: user=0.24 sys=0.00, real=0.06 secs] 
5137.423: [GC (Allocation Failure) [PSYoungGen: 418935K->184244K(465920K)] 1625151K->1449469K(1864192K), 0.0855289 secs] [Times: user=0.44 sys=0.00, real=0.09 secs] 
5139.589: [GC (Allocation Failure) [PSYoungGen: 417204K->88778K(465920K)] 1682429K->1423450K(1864192K), 0.1036344 secs] [Times: user=0.57 sys=0.00, real=0.10 secs] 
5139.692: [Full GC (Ergonomics) [PSYoungGen: 88778K->0K(465920K)] [ParOldGen: 1334672K->103363K(1398272K)] 1423450K->103363K(1864192K), [Metaspace: 59575K->59575K(1105920K)], 0.1630244 secs] [Times: user=0.71 sys=0.00, real=0.16 secs] 
5140.245: [GC (GCLocker Initiated GC) [PSYoungGen: 232960K->178613K(465920K)] 336324K->281977K(1864192K), 0.0251073 secs] [Times: user=0.09 sys=0.01, real=0.03 secs] 
5140.389: [GC (Allocation Failure) [PSYoungGen: 411573K->184406K(465920K)] 514940K->343673K(1864192K), 0.0408588 secs] [Times: user=0.18 sys=0.01, real=0.04 secs] 
5140.545: [GC (Allocation Failure) [PSYoungGen: 417366K->186901K(465920K)] 576633K->402080K(1864192K), 0.0448793 secs] [Times: user=0.20 sys=0.00, real=0.05 secs] 
5141.638: [GC (GCLocker Initiated GC) [PSYoungGen: 419861K->104108K(465920K)] 635040K->389712K(1864192K), 0.0446551 secs] [Times: user=0.23 sys=0.00, real=0.04 secs] 
5142.086: [GC (Allocation Failure) [PSYoungGen: 337068K->162707K(465920K)] 622674K->482358K(1864192K), 0.0866898 secs] [Times: user=0.43 sys=0.01, real=0.09 secs] 
5142.365: [GC (Allocation Failure) [PSYoungGen: 395667K->184278K(465920K)] 715318K->554401K(1864192K), 0.0416899 secs] [Times: user=0.19 sys=0.00, real=0.04 secs] 
5142.527: [GC (Allocation Failure) [PSYoungGen: 417238K->185975K(465920K)] 787361K->620226K(1864192K), 0.0495534 secs] [Times: user=0.23 sys=0.00, real=0.05 secs] 
5142.743: [GC (Allocation Failure) [PSYoungGen: 418935K->183060K(465920K)] 853186K->676456K(1864192K), 0.0584900 secs] [Times: user=0.29 sys=0.00, real=0.06 secs] 
5144.916: [GC (Allocation Failure) [PSYoungGen: 416020K->85562K(465920K)] 909416K->648301K(1864192K), 0.1160373 secs] [Times: user=0.63 sys=0.01, real=0.12 secs] 
5146.462: [GC (Allocation Failure) [PSYoungGen: 318522K->175029K(465920K)] 881261K->764325K(1864192K), 0.0499941 secs] [Times: user=0.22 sys=0.00, real=0.05 secs] 
5146.660: [GC (Allocation Failure) [PSYoungGen: 407989K->182133K(465920K)] 997285K->826045K(1864192K), 0.0420481 secs] [Times: user=0.19 sys=0.00, real=0.04 secs] 
5146.818: [GC (Allocation Failure) [PSYoungGen: 415093K->186613K(465920K)] 1059005K->885973K(1864192K), 0.0443829 secs] [Times: user=0.20 sys=0.00, real=0.04 secs] 
5147.832: [GC (Allocation Failure) [PSYoungGen: 419573K->117134K(465920K)] 1118933K->886918K(1864192K), 0.0463736 secs] [Times: user=0.23 sys=0.00, real=0.05 secs] 
5148.381: [GC (Allocation Failure) [PSYoungGen: 350094K->150578K(465920K)] 1119878K->957983K(1864192K), 0.0642705 secs] [Times: user=0.33 sys=0.00, real=0.06 secs] 
5148.750: [GC (Allocation Failure) [PSYoungGen: 383538K->183637K(465920K)] 1190943K->1038307K(1864192K), 0.0410992 secs] [Times: user=0.18 sys=0.00, real=0.04 secs] 
5148.913: [GC (Allocation Failure) [PSYoungGen: 416597K->185367K(465920K)] 1271267K->1104132K(1864192K), 0.0517634 secs] [Times: user=0.24 sys=0.00, real=0.05 secs] 
5149.079: [GC (Allocation Failure) [PSYoungGen: 418260K->186453K(465920K)] 1337025K->1164258K(1864192K), 0.0586502 secs] [Times: user=0.29 sys=0.00, real=0.05 secs] 
5150.201: [GC (Allocation Failure) [PSYoungGen: 419413K->91739K(465920K)] 1397218K->1139800K(1864192K), 0.0521224 secs] [Times: user=0.28 sys=0.00, real=0.05 secs] 
5150.782: [GC (Allocation Failure) [PSYoungGen: 324699K->177781K(465920K)] 1372760K->1255691K(1864192K), 0.0448280 secs] [Times: user=0.19 sys=0.00, real=0.04 secs] 
5150.993: [GC (Allocation Failure) [PSYoungGen: 410741K->184342K(465920K)] 1488651K->1317571K(1864192K), 0.0485208 secs] [Times: user=0.23 sys=0.00, real=0.05 secs] 
5151.280: [GC (Allocation Failure) [PSYoungGen: 417256K->186389K(465920K)] 1550486K->1375498K(1864192K), 0.0497450 secs] [Times: user=0.24 sys=0.00, real=0.05 secs] 
5152.705: [GC (Allocation Failure) [PSYoungGen: 419349K->116206K(465920K)] 1608458K->1375452K(1864192K), 0.0473803 secs] [Times: user=0.24 sys=0.00, real=0.05 secs] 
5153.595: [GC (Allocation Failure) [PSYoungGen: 349166K->146481K(465920K)] 1608412K->1442647K(1864192K), 0.1382633 secs] [Times: user=0.75 sys=0.00, real=0.14 secs] 
5154.176: [GC (Allocation Failure) [PSYoungGen: 379441K->183573K(465920K)] 1675607K->1526124K(1864192K), 0.0540702 secs] [Times: user=0.25 sys=0.00, real=0.06 secs] 
5154.230: [Full GC (Ergonomics) [PSYoungGen: 183573K->0K(465920K)] [ParOldGen: 1342550K->246073K(1398272K)] 1526124K->246073K(1864192K), [Metaspace: 59575K->59575K(1105920K)], 0.3125751 secs] [Times: user=1.43 sys=0.00, real=0.31 secs] 
5154.662: [GC (Allocation Failure) [PSYoungGen: 232960K->180662K(465920K)] 479033K->426736K(1864192K), 0.0847502 secs] [Times: user=0.45 sys=0.00, real=0.08 secs] 
5154.864: [GC (Allocation Failure) [PSYoungGen: 413622K->186581K(465920K)] 659696K->490631K(1864192K), 0.0561205 secs] [Times: user=0.28 sys=0.00, real=0.06 secs] 
5156.203: [GC (Allocation Failure) [PSYoungGen: 419541K->93147K(465920K)] 723591K->467372K(1864192K), 0.1084550 secs] [Times: user=0.59 sys=0.01, real=0.11 secs] 
5157.862: [GC (Allocation Failure) [PSYoungGen: 326107K->170900K(465920K)] 700332K->574971K(1864192K), 0.0594407 secs] [Times: user=0.26 sys=0.00, real=0.06 secs] 
5158.097: [GC (Allocation Failure) [PSYoungGen: 403860K->184566K(465920K)] 807931K->641984K(1864192K), 0.0423677 secs] [Times: user=0.19 sys=0.00, real=0.05 secs] 
5158.296: [GC (Allocation Failure) [PSYoungGen: 417526K->186837K(465920K)] 874944K->700448K(1864192K), 0.0645520 secs] [Times: user=0.32 sys=0.00, real=0.07 secs] 
5159.291: [GC (Allocation Failure) [PSYoungGen: 419797K->130608K(465920K)] 933408K->714723K(1864192K), 0.0482386 secs] [Times: user=0.24 sys=0.00, real=0.05 secs] 
5160.087: [GC (Allocation Failure) [PSYoungGen: 363568K->141889K(465920K)] 947683K->767355K(1864192K), 0.1513681 secs] [Times: user=0.84 sys=0.00, real=0.16 secs] 
5160.667: [GC (Allocation Failure) [PSYoungGen: 374849K->172788K(465920K)] 1000315K->843756K(1864192K), 0.0416707 secs] [Times: user=0.19 sys=0.00, real=0.05 secs] 
5160.831: [GC (Allocation Failure) [PSYoungGen: 405748K->185591K(465920K)] 1076716K->917551K(1864192K), 0.0483869 secs] [Times: user=0.22 sys=0.00, real=0.05 secs] 
5161.053: [GC (Allocation Failure) [PSYoungGen: 418551K->186549K(465920K)] 1150511K->977277K(1864192K), 0.0774104 secs] [Times: user=0.39 sys=0.00, real=0.08 secs] 
5163.086: [GC (Allocation Failure) [PSYoungGen: 419509K->91402K(465920K)] 1210237K->952530K(1864192K), 0.0607234 secs] [Times: user=0.32 sys=0.00, real=0.06 secs] 
5164.954: [GC (Allocation Failure) [PSYoungGen: 324309K->170452K(465920K)] 1185437K->1060777K(1864192K), 0.0664787 secs] [Times: user=0.29 sys=0.00, real=0.07 secs] 
5165.219: [GC (Allocation Failure) [PSYoungGen: 403412K->184598K(465920K)] 1293737K->1128314K(1864192K), 0.0435098 secs] [Times: user=0.20 sys=0.00, real=0.04 secs] 
5165.378: [GC (Allocation Failure) [PSYoungGen: 417558K->187125K(465920K)] 1361274K->1186850K(1864192K), 0.0468956 secs] [Times: user=0.22 sys=0.00, real=0.04 secs] 
5166.339: [GC (Allocation Failure) [PSYoungGen: 420085K->142353K(465920K)] 1419810K->1212702K(1864192K), 0.0507570 secs] [Times: user=0.25 sys=0.00, real=0.05 secs] 
5168.008: [GC (Allocation Failure) [PSYoungGen: 375313K->124366K(465920K)] 1445662K->1239715K(1864192K), 0.1476471 secs] [Times: user=0.73 sys=0.00, real=0.14 secs] 
5168.532: [GC (Allocation Failure) [PSYoungGen: 357326K->178037K(465920K)] 1472675K->1333542K(1864192K), 0.0493497 secs] [Times: user=0.23 sys=0.00, real=0.05 secs] 
5168.709: [GC (Allocation Failure) [PSYoungGen: 410997K->185463K(465920K)] 1566502K->1403072K(1864192K), 0.0502604 secs] [Times: user=0.23 sys=0.01, real=0.05 secs] 
5169.280: [GC (Allocation Failure) [PSYoungGen: 418423K->185941K(465920K)] 1636032K->1462334K(1864192K), 0.1072088 secs] [Times: user=0.57 sys=0.00, real=0.10 secs] 
5170.606: [GC (Allocation Failure) [PSYoungGen: 418901K->92779K(465920K)] 1695294K->1439469K(1864192K), 0.0466888 secs] [Times: user=0.24 sys=0.00, real=0.05 secs] 
5170.653: [Full GC (Ergonomics) [PSYoungGen: 92779K->0K(465920K)] [ParOldGen: 1346689K->91617K(1398272K)] 1439469K->91617K(1864192K), [Metaspace: 59578K->59578K(1105920K)], 0.0571819 secs] [Times: user=0.21 sys=0.00, real=0.06 secs] 
5171.195: [GC (Allocation Failure) [PSYoungGen: 232960K->175797K(465920K)] 324577K->267414K(1864192K), 0.0431558 secs] [Times: user=0.17 sys=0.00, real=0.05 secs] 
5171.423: [GC (Allocation Failure) [PSYoungGen: 408757K->184406K(465920K)] 500374K->330855K(1864192K), 0.0413701 secs] [Times: user=0.18 sys=0.00, real=0.04 secs] 
5171.606: [GC (Allocation Failure) [PSYoungGen: 417366K->186997K(465920K)] 563815K->389454K(1864192K), 0.0489616 secs] [Times: user=0.23 sys=0.00, real=0.05 secs] 
5172.585: [GC (Allocation Failure) [PSYoungGen: 419957K->147474K(465920K)] 622414K->420347K(1864192K), 0.0496856 secs] [Times: user=0.24 sys=0.00, real=0.05 secs] 
5173.856: [GC (Allocation Failure) [PSYoungGen: 380434K->119758K(465920K)] 653307K->439335K(1864192K), 0.1834313 secs] [Times: user=1.03 sys=0.01, real=0.19 secs] 
5174.444: [GC (Allocation Failure) [PSYoungGen: 352718K->178741K(465920K)] 672295K->536115K(1864192K), 0.0476780 secs] [Times: user=0.22 sys=0.00, real=0.05 secs] 
5174.614: [GC (Allocation Failure) [PSYoungGen: 411701K->182998K(465920K)] 769075K->602933K(1864192K), 0.0488350 secs] [Times: user=0.23 sys=0.00, real=0.05 secs] 
5174.807: [GC (Allocation Failure) [PSYoungGen: 415958K->186773K(465920K)] 835893K->665035K(1864192K), 0.0785419 secs] [Times: user=0.40 sys=0.00, real=0.08 secs] 
5176.228: [GC (Allocation Failure) [PSYoungGen: 419733K->93483K(465920K)] 897995K->642193K(1864192K), 0.1297597 secs] [Times: user=0.72 sys=0.00, real=0.13 secs] 
5177.297: [GC (Allocation Failure) [PSYoungGen: 326443K->173941K(465920K)] 875153K->752780K(1864192K), 0.0621453 secs] [Times: user=0.29 sys=0.00, real=0.07 secs] 
5177.513: [GC (Allocation Failure) [PSYoungGen: 406901K->181973K(465920K)] 985740K->815160K(1864192K), 0.0428479 secs] [Times: user=0.20 sys=0.00, real=0.04 secs] 
5177.711: [GC (Allocation Failure) [PSYoungGen: 405738K->174997K(465920K)] 1038925K->871801K(1864192K), 0.0749314 secs] [Times: user=0.37 sys=0.00, real=0.07 secs] 
5178.660: [GC (Allocation Failure) [PSYoungGen: 407957K->168691K(465920K)] 1104761K->921110K(1864192K), 0.0557801 secs] [Times: user=0.28 sys=0.00, real=0.05 secs] 
5179.476: [GC (Allocation Failure) [PSYoungGen: 401651K->102908K(465920K)] 1154070K->919863K(1864192K), 0.0857450 secs] [Times: user=0.46 sys=0.00, real=0.09 secs] 
5180.000: [GC (Allocation Failure) [PSYoungGen: 331964K->179829K(465920K)] 1148919K->1029574K(1864192K), 0.0471854 secs] [Times: user=0.21 sys=0.00, real=0.04 secs] 
5180.225: [GC (Allocation Failure) [PSYoungGen: 412789K->181845K(465920K)] 1262534K->1087733K(1864192K), 0.0638703 secs] [Times: user=0.31 sys=0.00, real=0.07 secs] 
5180.484: [GC (Allocation Failure) [PSYoungGen: 414805K->186485K(465920K)] 1320693K->1147773K(1864192K), 0.0603931 secs] [Times: user=0.29 sys=0.00, real=0.06 secs] 
5181.584: [GC (Allocation Failure) [PSYoungGen: 419445K->98780K(465920K)] 1380733K->1130396K(1864192K), 0.0476920 secs] [Times: user=0.25 sys=0.00, real=0.05 secs] 
5182.891: [GC (Allocation Failure) [PSYoungGen: 331740K->165748K(465920K)] 1363356K->1229013K(1864192K), 0.0881709 secs] [Times: user=0.43 sys=0.00, real=0.09 secs] 
5183.175: [GC (Allocation Failure) [PSYoungGen: 398708K->179861K(465920K)] 1461973K->1295238K(1864192K), 0.0438535 secs] [Times: user=0.20 sys=0.00, real=0.05 secs] 
5183.340: [GC (Allocation Failure) [PSYoungGen: 412821K->185687K(465920K)] 1528198K->1364184K(1864192K), 0.0524862 secs] [Times: user=0.25 sys=0.00, real=0.05 secs] 
5183.575: [GC (Allocation Failure) [PSYoungGen: 418647K->202101K(465920K)] 1597144K->1439390K(1864192K), 0.0559281 secs] [Times: user=0.28 sys=0.00, real=0.06 secs] 
5184.809: [GC (Allocation Failure) [PSYoungGen: 435061K->94651K(465920K)] 1672350K->1401780K(1864192K), 0.0787151 secs] [Times: user=0.42 sys=0.00, real=0.07 secs] 
5185.351: [GC (Allocation Failure) [PSYoungGen: 327611K->179925K(465920K)] 1634740K->1516916K(1864192K), 0.0464168 secs] [Times: user=0.20 sys=0.00, real=0.05 secs] 
5185.398: [Full GC (Ergonomics) [PSYoungGen: 179925K->0K(465920K)] [ParOldGen: 1336990K->225794K(1398272K)] 1516916K->225794K(1864192K), [Metaspace: 59578K->59578K(1105920K)], 0.2670949 secs] [Times: user=1.22 sys=0.00, real=0.26 secs] 
5185.789: [GC (Allocation Failure) [PSYoungGen: 232960K->184726K(465920K)] 458754K->410520K(1864192K), 0.0265448 secs] [Times: user=0.09 sys=0.00, real=0.02 secs] 
5185.931: [GC (Allocation Failure) [PSYoungGen: 417686K->186485K(465920K)] 643480K->468239K(1864192K), 0.0451289 secs] [Times: user=0.21 sys=0.00, real=0.04 secs] 
5187.013: [GC (Allocation Failure) [PSYoungGen: 419445K->99164K(465920K)] 701199K->451434K(1864192K), 0.0446137 secs] [Times: user=0.24 sys=0.00, real=0.04 secs] 
5187.699: [GC (Allocation Failure) [PSYoungGen: 332124K->168308K(465920K)] 684394K->552835K(1864192K), 0.0638505 secs] [Times: user=0.30 sys=0.00, real=0.06 secs] 
5187.915: [GC (Allocation Failure) [PSYoungGen: 401268K->184246K(465920K)] 785795K->621325K(1864192K), 0.0434269 secs] [Times: user=0.19 sys=0.00, real=0.05 secs] 
5188.101: [GC (Allocation Failure) [PSYoungGen: 417206K->182262K(465920K)] 854285K->683421K(1864192K), 0.0614253 secs] [Times: user=0.30 sys=0.01, real=0.06 secs] 
5188.298: [GC (Allocation Failure) [PSYoungGen: 415222K->202101K(465920K)] 916381K->761148K(1864192K), 0.0546419 secs] [Times: user=0.27 sys=0.00, real=0.06 secs] 
5189.385: [GC (Allocation Failure) [PSYoungGen: 435061K->88026K(465920K)] 994108K->717025K(1864192K), 0.0731464 secs] [Times: user=0.39 sys=0.00, real=0.08 secs] 
5190.444: [GC (Allocation Failure) [PSYoungGen: 320986K->181878K(465920K)] 949985K->838306K(1864192K), 0.0497880 secs] [Times: user=0.22 sys=0.00, real=0.05 secs] 
5190.632: [GC (Allocation Failure) [PSYoungGen: 414838K->184950K(465920K)] 1071266K->898358K(1864192K), 0.0438363 secs] [Times: user=0.19 sys=0.00, real=0.04 secs] 
5190.812: [GC (Allocation Failure) [PSYoungGen: 417910K->184084K(465920K)] 1131318K->953412K(1864192K), 0.0581642 secs] [Times: user=0.29 sys=0.00, real=0.06 secs] 
5191.849: [GC (Allocation Failure) [PSYoungGen: 417044K->103372K(465920K)] 1186372K->942212K(1864192K), 0.0450866 secs] [Times: user=0.24 sys=0.00, real=0.04 secs] 
5193.135: [GC (Allocation Failure) [PSYoungGen: 336267K->163731K(465920K)] 1175107K->1035948K(1864192K), 0.0880582 secs] [Times: user=0.44 sys=0.00, real=0.09 secs] 
5193.387: [GC (Allocation Failure) [PSYoungGen: 396691K->181781K(465920K)] 1268908K->1104998K(1864192K), 0.0415971 secs] [Times: user=0.18 sys=0.00, real=0.05 secs] 
5193.550: [GC (Allocation Failure) [PSYoungGen: 414741K->185943K(465920K)] 1337958K->1181036K(1864192K), 0.0507870 secs] [Times: user=0.23 sys=0.00, real=0.05 secs] 
5193.716: [GC (Allocation Failure) [PSYoungGen: 418903K->186485K(465920K)] 1413996K->1240546K(1864192K), 0.0560386 secs] [Times: user=0.27 sys=0.00, real=0.06 secs] 
5194.894: [GC (Allocation Failure) [PSYoungGen: 419445K->90074K(465920K)] 1473506K->1214343K(1864192K), 0.0572214 secs] [Times: user=0.30 sys=0.00, real=0.06 secs] 
5195.552: [GC (Allocation Failure) [PSYoungGen: 323034K->179189K(465920K)] 1447303K->1332159K(1864192K), 0.0363052 secs] [Times: user=0.16 sys=0.00, real=0.04 secs] 
5195.705: [GC (Allocation Failure) [PSYoungGen: 412149K->181877K(465920K)] 1565119K->1390515K(1864192K), 0.0453718 secs] [Times: user=0.21 sys=0.00, real=0.05 secs] 
5195.865: [GC (Allocation Failure) [PSYoungGen: 414837K->186709K(465920K)] 1623475K->1450763K(1864192K), 0.0474496 secs] [Times: user=0.22 sys=0.00, real=0.05 secs] 
5196.965: [GC (Allocation Failure) [PSYoungGen: 419669K->106749K(465920K)] 1683723K->1441091K(1864192K), 0.0474291 secs] [Times: user=0.24 sys=0.00, real=0.05 secs] 
5197.012: [Full GC (Ergonomics) [PSYoungGen: 106749K->0K(465920K)] [ParOldGen: 1334342K->90879K(1398272K)] 1441091K->90879K(1864192K), [Metaspace: 59578K->59578K(1105920K)], 0.0325445 secs] [Times: user=0.10 sys=0.00, real=0.03 secs] 
5198.220: [GC (Allocation Failure) [PSYoungGen: 232960K->160915K(465920K)] 323839K->251794K(1864192K), 0.0668164 secs] [Times: user=0.26 sys=0.01, real=0.06 secs] 
5198.692: [GC (Allocation Failure) [PSYoungGen: 393875K->181717K(465920K)] 484754K->322941K(1864192K), 0.0479379 secs] [Times: user=0.22 sys=0.00, real=0.05 secs] 
5198.894: [GC (Allocation Failure) [PSYoungGen: 414677K->185687K(465920K)] 555901K->390598K(1864192K), 0.0625550 secs] [Times: user=0.31 sys=0.00, real=0.06 secs] 
5199.081: [GC (Allocation Failure) [PSYoungGen: 418647K->186453K(465920K)] 623558K->450260K(1864192K), 0.0555102 secs] [Times: user=0.27 sys=0.00, real=0.05 secs] 
5200.497: [GC (Allocation Failure) [PSYoungGen: 419413K->91130K(465920K)] 683220K->425338K(1864192K), 0.0786778 secs] [Times: user=0.42 sys=0.00, real=0.08 secs] 
5201.607: [GC (Allocation Failure) [PSYoungGen: 324090K->175381K(465920K)] 658298K->538465K(1864192K), 0.0500669 secs] [Times: user=0.22 sys=0.00, real=0.05 secs] 
5201.805: [GC (Allocation Failure) [PSYoungGen: 408341K->184694K(465920K)] 771425K->602734K(1864192K), 0.0422930 secs] [Times: user=0.19 sys=0.00, real=0.04 secs] 
5201.986: [GC (Allocation Failure) [PSYoungGen: 417654K->186805K(465920K)] 835694K->660789K(1864192K), 0.0591493 secs] [Times: user=0.28 sys=0.00, real=0.06 secs] 
5203.000: [GC (Allocation Failure) [PSYoungGen: 419765K->111837K(465920K)] 893749K->656190K(1864192K), 0.0459015 secs] [Times: user=0.23 sys=0.00, real=0.04 secs] 
5203.962: [GC (Allocation Failure) [PSYoungGen: 344797K->155186K(465920K)] 889150K->735684K(1864192K), 0.1224766 secs] [Times: user=0.65 sys=0.01, real=0.12 secs] 
5204.442: [GC (Allocation Failure) [PSYoungGen: 388146K->189141K(465920K)] 968644K->818127K(1864192K), 0.0407536 secs] [Times: user=0.18 sys=0.00, real=0.04 secs] 
5204.604: [GC (Allocation Failure) [PSYoungGen: 422101K->185655K(465920K)] 1051087K->877604K(1864192K), 0.0495722 secs] [Times: user=0.24 sys=0.00, real=0.05 secs] 
5204.767: [GC (Allocation Failure) [PSYoungGen: 418615K->186773K(465920K)] 1110564K->937466K(1864192K), 0.0559578 secs] [Times: user=0.27 sys=0.00, real=0.06 secs] 
5205.845: [GC (Allocation Failure) [PSYoungGen: 418950K->93595K(465920K)] 1169644K->914688K(1864192K), 0.0456830 secs] [Times: user=0.24 sys=0.00, real=0.05 secs] 
5206.630: [GC (Allocation Failure) [PSYoungGen: 326555K->174773K(465920K)] 1147648K->1025755K(1864192K), 0.0500551 secs] [Times: user=0.22 sys=0.00, real=0.05 secs] 
5206.828: [GC (Allocation Failure) [PSYoungGen: 407733K->184726K(465920K)] 1258715K->1090568K(1864192K), 0.0432606 secs] [Times: user=0.19 sys=0.00, real=0.05 secs] 
5207.046: [GC (Allocation Failure) [PSYoungGen: 417686K->186613K(465920K)] 1323528K->1148367K(1864192K), 0.0667624 secs] [Times: user=0.34 sys=0.00, real=0.07 secs] 
5208.140: [GC (Allocation Failure) [PSYoungGen: 419573K->115886K(465920K)] 1381327K->1147944K(1864192K), 0.0468262 secs] [Times: user=0.24 sys=0.00, real=0.04 secs] 
5209.035: [GC (Allocation Failure) [PSYoungGen: 348846K->149073K(465920K)] 1380904K->1218113K(1864192K), 0.1714783 secs] [Times: user=0.90 sys=0.00, real=0.17 secs] 
5209.704: [GC (Allocation Failure) [PSYoungGen: 382033K->178453K(465920K)] 1451073K->1294104K(1864192K), 0.0439215 secs] [Times: user=0.20 sys=0.00, real=0.05 secs] 
5209.870: [GC (Allocation Failure) [PSYoungGen: 411413K->185975K(465920K)] 1527064K->1364410K(1864192K), 0.0508832 secs] [Times: user=0.24 sys=0.00, real=0.05 secs] 
5210.089: [GC (Allocation Failure) [PSYoungGen: 418935K->186357K(465920K)] 1597370K->1423792K(1864192K), 0.0875850 secs] [Times: user=0.46 sys=0.00, real=0.08 secs] 
5211.292: [GC (Allocation Failure) [PSYoungGen: 419317K->94011K(465920K)] 1656752K->1401719K(1864192K), 0.0547995 secs] [Times: user=0.30 sys=0.00, real=0.05 secs] 
5212.308: [GC (Allocation Failure) [PSYoungGen: 326971K->171124K(465920K)] 1634679K->1508981K(1864192K), 0.0525333 secs] [Times: user=0.23 sys=0.00, real=0.06 secs] 
5212.360: [Full GC (Ergonomics) [PSYoungGen: 171124K->0K(465920K)] [ParOldGen: 1337856K->207807K(1398272K)] 1508981K->207807K(1864192K), [Metaspace: 59578K->59578K(1105920K)], 0.2625331 secs] [Times: user=1.25 sys=0.00, real=0.26 secs] 
5212.746: [GC (Allocation Failure) [PSYoungGen: 232960K->184822K(465920K)] 440767K->392629K(1864192K), 0.0266428 secs] [Times: user=0.09 sys=0.00, real=0.03 secs] 
5212.889: [GC (Allocation Failure) [PSYoungGen: 417782K->187125K(465920K)] 625589K->450996K(1864192K), 0.0444904 secs] [Times: user=0.21 sys=0.00, real=0.04 secs] 
5213.869: [GC (Allocation Failure) [PSYoungGen: 420085K->126767K(465920K)] 683956K->461183K(1864192K), 0.0472758 secs] [Times: user=0.23 sys=0.00, real=0.04 secs] 
5214.648: [GC (Allocation Failure) [PSYoungGen: 356198K->141761K(465920K)] 690613K->516312K(1864192K), 0.1216350 secs] [Times: user=0.66 sys=0.00, real=0.12 secs] 
5215.039: [GC (Allocation Failure) [PSYoungGen: 374721K->178453K(465920K)] 749272K->597893K(1864192K), 0.0382369 secs] [Times: user=0.17 sys=0.00, real=0.03 secs] 
5215.229: [GC (Allocation Failure) [PSYoungGen: 411413K->185783K(465920K)] 830853K->667675K(1864192K), 0.0543215 secs] [Times: user=0.26 sys=0.00, real=0.05 secs] 
5215.424: [GC (Allocation Failure) [PSYoungGen: 418743K->186581K(465920K)] 900635K->727561K(1864192K), 0.0658466 secs] [Times: user=0.33 sys=0.00, real=0.07 secs] 
5216.943: [GC (Allocation Failure) [PSYoungGen: 419541K->87866K(465920K)] 960521K->699255K(1864192K), 0.1118221 secs] [Times: user=0.62 sys=0.00, real=0.11 secs] 
5218.106: [GC (GCLocker Initiated GC) [PSYoungGen: 320826K->173364K(465920K)] 932217K->812481K(1864192K), 0.0476834 secs] [Times: user=0.21 sys=0.00, real=0.05 secs] 
5218.303: [GC (Allocation Failure) [PSYoungGen: 406324K->192438K(465920K)] 1045442K->886343K(1864192K), 0.0431691 secs] [Times: user=0.20 sys=0.00, real=0.04 secs] 
5218.512: [GC (Allocation Failure) [PSYoungGen: 425398K->187125K(465920K)] 1119303K->936910K(1864192K), 0.0684922 secs] [Times: user=0.34 sys=0.00, real=0.07 secs] 
5219.592: [GC (Allocation Failure) [PSYoungGen: 420085K->137393K(465920K)] 1169870K->957658K(1864192K), 0.0494476 secs] [Times: user=0.25 sys=0.00, real=0.05 secs] 
5220.659: [GC (GCLocker Initiated GC) [PSYoungGen: 370353K->129855K(465920K)] 1190618K->993533K(1864192K), 0.1191477 secs] [Times: user=0.66 sys=0.00, real=0.11 secs] 
5221.516: [GC (Allocation Failure) [PSYoungGen: 362815K->171508K(465920K)] 1226660K->1076785K(1864192K), 0.0519553 secs] [Times: user=0.24 sys=0.01, real=0.05 secs] 
5221.767: [GC (Allocation Failure) [PSYoungGen: 404468K->182710K(465920K)] 1309745K->1147699K(1864192K), 0.0686172 secs] [Times: user=0.34 sys=0.00, real=0.07 secs] 
5221.964: [GC (Allocation Failure) [PSYoungGen: 415670K->186677K(465920K)] 1380659K->1209882K(1864192K), 0.0589972 secs] [Times: user=0.29 sys=0.00, real=0.06 secs] 
5223.033: [GC (Allocation Failure) [PSYoungGen: 419637K->98875K(465920K)] 1442842K->1192573K(1864192K), 0.0458126 secs] [Times: user=0.24 sys=0.01, real=0.05 secs] 
5224.119: [GC (Allocation Failure) [PSYoungGen: 331723K->170068K(465920K)] 1425421K->1295122K(1864192K), 0.0704818 secs] [Times: user=0.33 sys=0.00, real=0.07 secs] 
5224.413: [GC (Allocation Failure) [PSYoungGen: 403028K->184374K(465920K)] 1528082K->1363016K(1864192K), 0.0456974 secs] [Times: user=0.21 sys=0.00, real=0.05 secs] 
5224.609: [GC (Allocation Failure) [PSYoungGen: 417334K->187445K(465920K)] 1595976K->1421951K(1864192K), 0.0674358 secs] [Times: user=0.33 sys=0.00, real=0.06 secs] 
5225.610: [GC (Allocation Failure) [PSYoungGen: 420405K->150194K(465920K)] 1654911K->1455433K(1864192K), 0.0522466 secs] [Times: user=0.26 sys=0.00, real=0.05 secs] 
5226.307: [GC (Allocation Failure) [PSYoungGen: 383154K->123614K(465920K)] 1688393K->1476509K(1864192K), 0.1309506 secs] [Times: user=0.72 sys=0.01, real=0.14 secs] 
5226.438: [Full GC (Ergonomics) [PSYoungGen: 123614K->0K(465920K)] [ParOldGen: 1352894K->139777K(1398272K)] 1476509K->139777K(1864192K), [Metaspace: 59578K->59578K(1105920K)], 0.1595286 secs] [Times: user=0.74 sys=0.00, real=0.15 secs] 
5227.214: [GC (Allocation Failure) [PSYoungGen: 232960K->173044K(465920K)] 372737K->312821K(1864192K), 0.0268251 secs] [Times: user=0.10 sys=0.00, real=0.03 secs] 
5227.404: [GC (Allocation Failure) [PSYoungGen: 406004K->185239K(465920K)] 545781K->385888K(1864192K), 0.0741819 secs] [Times: user=0.37 sys=0.00, real=0.08 secs] 
5227.612: [GC (Allocation Failure) [PSYoungGen: 418199K->186581K(465920K)] 618848K->445982K(1864192K), 0.0558741 secs] [Times: user=0.28 sys=0.00, real=0.06 secs] 
5228.612: [GC (Allocation Failure) [PSYoungGen: 419541K->97003K(465920K)] 678942K->426708K(1864192K), 0.0555210 secs] [Times: user=0.30 sys=0.00, real=0.05 secs] 
5229.558: [GC (Allocation Failure) [PSYoungGen: 329963K->170420K(465920K)] 659668K->531309K(1864192K), 0.0647266 secs] [Times: user=0.26 sys=0.00, real=0.07 secs] 
5229.851: [GC (Allocation Failure) [PSYoungGen: 403380K->181589K(465920K)] 764269K->595731K(1864192K), 0.0559416 secs] [Times: user=0.26 sys=0.01, real=0.05 secs] 
5230.076: [GC (Allocation Failure) [PSYoungGen: 404631K->175445K(465920K)] 818772K->653139K(1864192K), 0.0745089 secs] [Times: user=0.37 sys=0.00, real=0.08 secs] 
5231.012: [GC (Allocation Failure) [PSYoungGen: 408405K->169043K(459776K)] 886099K->702512K(1858048K), 0.0569705 secs] [Times: user=0.29 sys=0.00, real=0.06 secs] 
5231.403: [GC (Allocation Failure) [PSYoungGen: 402003K->108125K(462848K)] 935472K->706258K(1861120K), 0.0563149 secs] [Times: user=0.29 sys=0.00, real=0.06 secs] 
5231.896: [GC (Allocation Failure) [PSYoungGen: 338320K->175189K(466944K)] 936454K->807779K(1865216K), 0.0531341 secs] [Times: user=0.24 sys=0.00, real=0.06 secs] 
5232.101: [GC (Allocation Failure) [PSYoungGen: 409173K->185078K(465920K)] 1041763K->872564K(1864192K), 0.0442624 secs] [Times: user=0.20 sys=0.01, real=0.04 secs] 
5232.261: [GC (Allocation Failure) [PSYoungGen: 419062K->187541K(465920K)] 1106548K->931075K(1864192K), 0.0470976 secs] [Times: user=0.22 sys=0.00, real=0.05 secs] 
5233.315: [GC (Allocation Failure) [PSYoungGen: 420501K->98331K(465920K)] 1164035K->912642K(1864192K), 0.0453929 secs] [Times: user=0.24 sys=0.00, real=0.05 secs] 
5234.169: [GC (Allocation Failure) [PSYoungGen: 331291K->169812K(465920K)] 1145602K->1015583K(1864192K), 0.0730389 secs] [Times: user=0.35 sys=0.00, real=0.07 secs] 
5234.407: [GC (Allocation Failure) [PSYoungGen: 402772K->184534K(465920K)] 1248543K->1083757K(1864192K), 0.0435411 secs] [Times: user=0.19 sys=0.00, real=0.05 secs] 
5234.573: [GC (Allocation Failure) [PSYoungGen: 417494K->185655K(465920K)] 1316717K->1149118K(1864192K), 0.0510068 secs] [Times: user=0.24 sys=0.00, real=0.05 secs] 
5235.439: [GC (Allocation Failure) [PSYoungGen: 417517K->208435K(465920K)] 1380981K->1230786K(1864192K), 0.0565038 secs] [Times: user=0.28 sys=0.00, real=0.05 secs] 
5236.071: [GC (Allocation Failure) [PSYoungGen: 441395K->99579K(465920K)] 1463746K->1187443K(1864192K), 0.0699844 secs] [Times: user=0.37 sys=0.00, real=0.07 secs] 
5236.591: [GC (Allocation Failure) [PSYoungGen: 332539K->182582K(465920K)] 1420403K->1302525K(1864192K), 0.0498218 secs] [Times: user=0.22 sys=0.00, real=0.05 secs] 
5236.769: [GC (Allocation Failure) [PSYoungGen: 415542K->184662K(465920K)] 1535485K->1361713K(1864192K), 0.0461050 secs] [Times: user=0.21 sys=0.00, real=0.04 secs] 
5236.964: [GC (Allocation Failure) [PSYoungGen: 417622K->184052K(465920K)] 1594673K->1416976K(1864192K), 0.0560373 secs] [Times: user=0.28 sys=0.00, real=0.06 secs] 
5238.030: [GC (Allocation Failure) [PSYoungGen: 417012K->97547K(465920K)] 1649936K->1399831K(1864192K), 0.0461005 secs] [Times: user=0.24 sys=0.00, real=0.04 secs] 
5238.871: [GC (Allocation Failure) [PSYoungGen: 330507K->170260K(465920K)] 1632791K->1504417K(1864192K), 0.0772338 secs] [Times: user=0.38 sys=0.00, real=0.08 secs] 
5238.948: [Full GC (Ergonomics) [PSYoungGen: 170260K->0K(465920K)] [ParOldGen: 1334156K->192248K(1398272K)] 1504417K->192248K(1864192K), [Metaspace: 59581K->59581K(1105920K)], 0.2156537 secs] [Times: user=1.00 sys=0.01, real=0.21 secs] 
5239.280: [GC (Allocation Failure) [PSYoungGen: 232960K->181333K(465920K)] 425208K->373582K(1864192K), 0.0328985 secs] [Times: user=0.14 sys=0.00, real=0.03 secs] 
5239.435: [GC (Allocation Failure) [PSYoungGen: 414293K->185815K(465920K)] 606542K->441663K(1864192K), 0.0430205 secs] [Times: user=0.19 sys=0.00, real=0.05 secs] 
5240.342: [GC (Allocation Failure) [PSYoungGen: 414722K->213940K(465920K)] 670570K->528668K(1864192K), 0.0534914 secs] [Times: user=0.26 sys=0.00, real=0.05 secs] 
5241.778: [GC (Allocation Failure) [PSYoungGen: 446900K->90122K(465920K)] 761628K->472891K(1864192K), 0.1137103 secs] [Times: user=0.63 sys=0.00, real=0.12 secs] 
5242.903: [GC (Allocation Failure) [PSYoungGen: 323082K->178133K(465920K)] 705851K->588979K(1864192K), 0.0511104 secs] [Times: user=0.22 sys=0.00, real=0.05 secs] 
5243.100: [GC (Allocation Failure) [PSYoungGen: 411093K->182197K(465920K)] 821939K->648767K(1864192K), 0.0431910 secs] [Times: user=0.20 sys=0.01, real=0.04 secs] 
5243.257: [GC (Allocation Failure) [PSYoungGen: 415157K->186869K(465920K)] 881727K->708958K(1864192K), 0.0456402 secs] [Times: user=0.21 sys=0.00, real=0.05 secs] 
5244.320: [GC (Allocation Failure) [PSYoungGen: 419829K->104140K(465920K)] 941918K->696750K(1864192K), 0.0492408 secs] [Times: user=0.25 sys=0.00, real=0.05 secs] 
5246.095: [GC (Allocation Failure) [PSYoungGen: 337100K->158451K(465920K)] 929710K->784849K(1864192K), 0.1073940 secs] [Times: user=0.55 sys=0.01, real=0.11 secs] 
5246.652: [GC (Allocation Failure) [PSYoungGen: 391411K->184181K(465920K)] 1017809K->860000K(1864192K), 0.0502474 secs] [Times: user=0.24 sys=0.00, real=0.05 secs] 
5246.820: [GC (Allocation Failure) [PSYoungGen: 417141K->186039K(465920K)] 1092960K->925985K(1864192K), 0.0511928 secs] [Times: user=0.24 sys=0.00, real=0.05 secs] 
5247.008: [GC (Allocation Failure) [PSYoungGen: 418999K->182004K(465920K)] 1158945K->981087K(1864192K), 0.0778429 secs] [Times: user=0.40 sys=0.00, real=0.08 secs] 
5248.121: [GC (Allocation Failure) [PSYoungGen: 414964K->89818K(465920K)] 1214047K->957725K(1864192K), 0.0516959 secs] [Times: user=0.28 sys=0.01, real=0.05 secs] 
5248.548: [GC (Allocation Failure) [PSYoungGen: 322778K->182070K(465920K)] 1190685K->1078453K(1864192K), 0.0485612 secs] [Times: user=0.21 sys=0.00, real=0.05 secs] 
5248.775: [GC (Allocation Failure) [PSYoungGen: 415030K->181493K(465920K)] 1311413K->1134669K(1864192K), 0.0620319 secs] [Times: user=0.30 sys=0.00, real=0.06 secs] 
5249.021: [GC (Allocation Failure) [PSYoungGen: 414453K->186677K(465920K)] 1367629K->1194900K(1864192K), 0.0565980 secs] [Times: user=0.28 sys=0.01, real=0.05 secs] 
5250.055: [GC (Allocation Failure) [PSYoungGen: 419637K->110317K(465920K)] 1427860K->1188861K(1864192K), 0.0499417 secs] [Times: user=0.23 sys=0.00, real=0.05 secs] 
5251.160: [GC (Allocation Failure) [PSYoungGen: 343277K->157266K(465920K)] 1421821K->1271247K(1864192K), 0.1174659 secs] [Times: user=0.63 sys=0.01, real=0.11 secs] 
5251.544: [GC (Allocation Failure) [PSYoungGen: 390226K->181461K(465920K)] 1504207K->1344766K(1864192K), 0.0427686 secs] [Times: user=0.19 sys=0.00, real=0.04 secs] 
5251.709: [GC (Allocation Failure) [PSYoungGen: 414421K->185815K(465920K)] 1577726K->1412423K(1864192K), 0.0513057 secs] [Times: user=0.24 sys=0.00, real=0.05 secs] 
5251.895: [GC (Allocation Failure) [PSYoungGen: 418775K->186581K(465920K)] 1645383K->1472301K(1864192K), 0.0696073 secs] [Times: user=0.35 sys=0.00, real=0.07 secs] 
5253.492: [GC (Allocation Failure) [PSYoungGen: 419541K->87626K(465920K)] 1705261K->1443623K(1864192K), 0.1249488 secs] [Times: user=0.69 sys=0.01, real=0.12 secs] 
5253.617: [Full GC (Ergonomics) [PSYoungGen: 87626K->0K(465920K)] [ParOldGen: 1355996K->98133K(1398272K)] 1443623K->98133K(1864192K), [Metaspace: 59581K->59581K(1105920K)], 0.1393881 secs] [Times: user=0.59 sys=0.01, real=0.14 secs] 
5254.438: [GC (Allocation Failure) [PSYoungGen: 232960K->175381K(465920K)] 331093K->273514K(1864192K), 0.0319605 secs] [Times: user=0.12 sys=0.00, real=0.03 secs] 
5254.605: [GC (Allocation Failure) [PSYoungGen: 408341K->181973K(465920K)] 506474K->334499K(1864192K), 0.0420741 secs] [Times: user=0.19 sys=0.00, real=0.04 secs] 
5254.812: [GC (Allocation Failure) [PSYoungGen: 414933K->184693K(465920K)] 567459K->392362K(1864192K), 0.0635969 secs] [Times: user=0.31 sys=0.00, real=0.06 secs] 
5255.858: [GC (Allocation Failure) [PSYoungGen: 417653K->121967K(465920K)] 625322K->399172K(1864192K), 0.0466272 secs] [Times: user=0.23 sys=0.00, real=0.04 secs] 
5256.408: [GC (Allocation Failure) [PSYoungGen: 354927K->145377K(465920K)] 632132K->461319K(1864192K), 0.1057048 secs] [Times: user=0.57 sys=0.00, real=0.11 secs] 
5256.734: [GC (Allocation Failure) [PSYoungGen: 378337K->183029K(465920K)] 694279K->545128K(1864192K), 0.0394413 secs] [Times: user=0.17 sys=0.00, real=0.04 secs] 
5256.925: [GC (Allocation Failure) [PSYoungGen: 415989K->185719K(465920K)] 778088K->611645K(1864192K), 0.0736028 secs] [Times: user=0.37 sys=0.00, real=0.08 secs] 
5257.138: [GC (Allocation Failure) [PSYoungGen: 418679K->186389K(465920K)] 844605K->671316K(1864192K), 0.0574690 secs] [Times: user=0.28 sys=0.00, real=0.06 secs] 
5258.256: [GC (Allocation Failure) [PSYoungGen: 419349K->93755K(465920K)] 904276K->648906K(1864192K), 0.0564869 secs] [Times: user=0.29 sys=0.00, real=0.06 secs] 
5259.367: [GC (Allocation Failure) [PSYoungGen: 326715K->171188K(465920K)] 881866K->756192K(1864192K), 0.0554445 secs] [Times: user=0.25 sys=0.00, real=0.06 secs] 
5259.587: [GC (Allocation Failure) [PSYoungGen: 404148K->184374K(465920K)] 989152K->823113K(1864192K), 0.0439165 secs] [Times: user=0.20 sys=0.00, real=0.05 secs] 
5259.785: [GC (Allocation Failure) [PSYoungGen: 417334K->186901K(465920K)] 1056073K->881633K(1864192K), 0.0720234 secs] [Times: user=0.36 sys=0.00, real=0.07 secs] 
5260.821: [GC (Allocation Failure) [PSYoungGen: 419861K->126671K(465920K)] 1114593K->891851K(1864192K), 0.0492549 secs] [Times: user=0.24 sys=0.00, real=0.05 secs] 
5261.560: [GC (Allocation Failure) [PSYoungGen: 359631K->142081K(465920K)] 1124811K->947284K(1864192K), 0.1286586 secs] [Times: user=0.70 sys=0.00, real=0.13 secs] 
5261.980: [GC (Allocation Failure) [PSYoungGen: 375041K->178165K(465920K)] 1180244K->1028877K(1864192K), 0.0399041 secs] [Times: user=0.18 sys=0.00, real=0.04 secs] 
5262.142: [GC (Allocation Failure) [PSYoungGen: 411125K->185943K(465920K)] 1261837K->1098831K(1864192K), 0.0506841 secs] [Times: user=0.23 sys=0.00, real=0.05 secs] 
5262.350: [GC (Allocation Failure) [PSYoungGen: 418903K->183860K(465920K)] 1331791K->1155661K(1864192K), 0.0781650 secs] [Times: user=0.40 sys=0.00, real=0.07 secs] 
5263.439: [GC (Allocation Failure) [PSYoungGen: 416820K->94091K(465920K)] 1388621K->1135348K(1864192K), 0.0494208 secs] [Times: user=0.26 sys=0.00, real=0.05 secs] 
5263.981: [GC (Allocation Failure) [PSYoungGen: 327051K->177813K(465920K)] 1368308K->1249499K(1864192K), 0.0478648 secs] [Times: user=0.21 sys=0.00, real=0.05 secs] 
5264.217: [GC (Allocation Failure) [PSYoungGen: 410773K->184374K(465920K)] 1482459K->1311519K(1864192K), 0.0628822 secs] [Times: user=0.30 sys=0.00, real=0.07 secs] 
5264.410: [GC (Allocation Failure) [PSYoungGen: 417334K->183860K(465920K)] 1544479K->1367022K(1864192K), 0.0470142 secs] [Times: user=0.23 sys=0.00, real=0.04 secs] 
5265.436: [GC (Allocation Failure) [PSYoungGen: 416820K->131856K(465920K)] 1599982K->1384530K(1864192K), 0.0504772 secs] [Times: user=0.25 sys=0.00, real=0.05 secs] 
5265.988: [GC (Allocation Failure) [PSYoungGen: 364816K->141793K(465920K)] 1617490K->1436178K(1864192K), 0.1262468 secs] [Times: user=0.69 sys=0.00, real=0.13 secs] 
5266.428: [GC (Allocation Failure) [PSYoungGen: 374753K->175508K(465920K)] 1669138K->1515163K(1864192K), 0.0428770 secs] [Times: user=0.20 sys=0.00, real=0.04 secs] 
5266.471: [Full GC (Ergonomics) [PSYoungGen: 175508K->0K(465920K)] [ParOldGen: 1339654K->236786K(1398272K)] 1515163K->236786K(1864192K), [Metaspace: 59581K->59581K(1105920K)], 0.2993114 secs] [Times: user=1.36 sys=0.00, real=0.30 secs] 
5266.894: [GC (Allocation Failure) [PSYoungGen: 232960K->185399K(465920K)] 469746K->422185K(1864192K), 0.0858242 secs] [Times: user=0.45 sys=0.00, real=0.09 secs] 
5267.100: [GC (Allocation Failure) [PSYoungGen: 418359K->184116K(465920K)] 655145K->479871K(1864192K), 0.0574584 secs] [Times: user=0.29 sys=0.00, real=0.05 secs] 
5268.185: [GC (Allocation Failure) [PSYoungGen: 417076K->91562K(465920K)] 712831K->456845K(1864192K), 0.0558280 secs] [Times: user=0.29 sys=0.00, real=0.06 secs] 
5268.980: [GC (Allocation Failure) [PSYoungGen: 324522K->177333K(465920K)] 689805K->571620K(1864192K), 0.0458937 secs] [Times: user=0.20 sys=0.00, real=0.04 secs] 
5269.218: [GC (Allocation Failure) [PSYoungGen: 410293K->184758K(465920K)] 804580K->634517K(1864192K), 0.0599187 secs] [Times: user=0.29 sys=0.00, real=0.06 secs] 
5269.448: [GC (Allocation Failure) [PSYoungGen: 417718K->181492K(465920K)] 867477K->687131K(1864192K), 0.0617254 secs] [Times: user=0.30 sys=0.00, real=0.06 secs] 
5270.427: [GC (Allocation Failure) [PSYoungGen: 414452K->141009K(465920K)] 920091K->715588K(1864192K), 0.0490463 secs] [Times: user=0.24 sys=0.00, real=0.05 secs] 
5271.889: [GC (Allocation Failure) [PSYoungGen: 373969K->131615K(465920K)] 948548K->750931K(1864192K), 0.1663942 secs] [Times: user=0.93 sys=0.00, real=0.16 secs] 
5272.595: [GC (Allocation Failure) [PSYoungGen: 364575K->175028K(465920K)] 983891K->836092K(1864192K), 0.0483769 secs] [Times: user=0.22 sys=0.00, real=0.05 secs] 
5272.789: [GC (Allocation Failure) [PSYoungGen: 407988K->185559K(465920K)] 1069052K->908099K(1864192K), 0.0708607 secs] [Times: user=0.35 sys=0.00, real=0.07 secs] 
5273.045: [GC (Allocation Failure) [PSYoungGen: 418519K->183700K(465920K)] 1141059K->965113K(1864192K), 0.0792172 secs] [Times: user=0.41 sys=0.00, real=0.08 secs] 
5274.205: [GC (Allocation Failure) [PSYoungGen: 416660K->93979K(465920K)] 1198073K->944903K(1864192K), 0.0528306 secs] [Times: user=0.28 sys=0.00, real=0.06 secs] 
5275.371: [GC (Allocation Failure) [PSYoungGen: 326939K->170612K(465920K)] 1177863K->1051445K(1864192K), 0.0655918 secs] [Times: user=0.29 sys=0.00, real=0.06 secs] 
5275.662: [GC (Allocation Failure) [PSYoungGen: 403572K->184566K(465920K)] 1284405K->1119195K(1864192K), 0.0474808 secs] [Times: user=0.22 sys=0.00, real=0.05 secs] 
5275.823: [GC (Allocation Failure) [PSYoungGen: 417526K->187509K(465920K)] 1352155K->1178026K(1864192K), 0.0464386 secs] [Times: user=0.22 sys=0.00, real=0.05 secs] 
5276.765: [GC (Allocation Failure) [PSYoungGen: 420469K->149810K(465920K)] 1410986K->1210975K(1864192K), 0.0518079 secs] [Times: user=0.25 sys=0.00, real=0.05 secs] 
5278.090: [GC (Allocation Failure) [PSYoungGen: 382770K->116365K(465920K)] 1443935K->1224887K(1864192K), 0.1779976 secs] [Times: user=1.01 sys=0.01, real=0.18 secs] 
5278.926: [GC (Allocation Failure) [PSYoungGen: 349325K->175892K(465920K)] 1457847K->1321339K(1864192K), 0.0526150 secs] [Times: user=0.25 sys=0.00, real=0.06 secs] 
5279.181: [GC (Allocation Failure) [PSYoungGen: 408852K->184919K(465920K)] 1554299K->1391997K(1864192K), 0.0689296 secs] [Times: user=0.33 sys=0.00, real=0.07 secs] 
5279.367: [GC (Allocation Failure) [PSYoungGen: 417879K->186613K(465920K)] 1624957K->1452187K(1864192K), 0.0594992 secs] [Times: user=0.30 sys=0.00, real=0.06 secs] 
5280.470: [GC (GCLocker Initiated GC) [PSYoungGen: 419573K->93787K(465920K)] 1685147K->1429905K(1864192K), 0.0500817 secs] [Times: user=0.26 sys=0.00, real=0.05 secs] 
5280.520: [Full GC (Ergonomics) [PSYoungGen: 93787K->0K(465920K)] [ParOldGen: 1336118K->89367K(1398272K)] 1429905K->89367K(1864192K), [Metaspace: 59581K->59581K(1105920K)], 0.0483434 secs] [Times: user=0.17 sys=0.00, real=0.05 secs] 
5281.338: [GC (Allocation Failure) [PSYoungGen: 232960K->175188K(465920K)] 322330K->264558K(1864192K), 0.0357192 secs] [Times: user=0.13 sys=0.00, real=0.03 secs] 
5281.604: [GC (Allocation Failure) [PSYoungGen: 408148K->183957K(465920K)] 497518K->327236K(1864192K), 0.0422279 secs] [Times: user=0.19 sys=0.00, real=0.04 secs] 
5281.773: [GC (Allocation Failure) [PSYoungGen: 416778K->180630K(465920K)] 560056K->387948K(1864192K), 0.0485419 secs] [Times: user=0.23 sys=0.00, real=0.05 secs] 
5282.677: [GC (Allocation Failure) [PSYoungGen: 413590K->169075K(465920K)] 620908K->433653K(1864192K), 0.0534510 secs] [Times: user=0.26 sys=0.00, real=0.06 secs] 
5283.217: [GC (Allocation Failure) [PSYoungGen: 402035K->108284K(465920K)] 666613K->437635K(1864192K), 0.0786584 secs] [Times: user=0.42 sys=0.00, real=0.08 secs] 
5284.153: [GC (Allocation Failure) [PSYoungGen: 338384K->175285K(465920K)] 667735K->538876K(1864192K), 0.0521989 secs] [Times: user=0.23 sys=0.00, real=0.05 secs] 
5284.353: [GC (Allocation Failure) [PSYoungGen: 408245K->184662K(465920K)] 771836K->603297K(1864192K), 0.0429575 secs] [Times: user=0.19 sys=0.00, real=0.04 secs] 
5284.513: [GC (Allocation Failure) [PSYoungGen: 417622K->186709K(465920K)] 836257K->661388K(1864192K), 0.0450968 secs] [Times: user=0.21 sys=0.00, real=0.05 secs] 
5285.530: [GC (Allocation Failure) [PSYoungGen: 419669K->99500K(465920K)] 894348K->644583K(1864192K), 0.0448007 secs] [Times: user=0.22 sys=0.01, real=0.04 secs] 
5286.173: [GC (Allocation Failure) [PSYoungGen: 332460K->171988K(465920K)] 877543K->749276K(1864192K), 0.0741699 secs] [Times: user=0.35 sys=0.00, real=0.07 secs] 
5286.417: [GC (Allocation Failure) [PSYoungGen: 404948K->181973K(465920K)] 982236K->813177K(1864192K), 0.0429772 secs] [Times: user=0.19 sys=0.00, real=0.05 secs] 
5286.621: [GC (Allocation Failure) [PSYoungGen: 414933K->185783K(465920K)] 1046137K->880675K(1864192K), 0.0800915 secs] [Times: user=0.40 sys=0.00, real=0.08 secs] 
5287.178: [GC (Allocation Failure) [PSYoungGen: 415638K->208179K(465920K)] 1110529K->961899K(1864192K), 0.0521966 secs] [Times: user=0.26 sys=0.00, real=0.05 secs] 
5288.315: [GC (Allocation Failure) [PSYoungGen: 441139K->96507K(465920K)] 1194859K->916235K(1864192K), 0.0993624 secs] [Times: user=0.53 sys=0.00, real=0.10 secs] 
5288.817: [GC (Allocation Failure) [PSYoungGen: 329467K->186678K(465920K)] 1149195K->1037399K(1864192K), 0.0417447 secs] [Times: user=0.18 sys=0.00, real=0.05 secs] 
5288.977: [GC (Allocation Failure) [PSYoungGen: 419638K->184790K(465920K)] 1270359K->1092487K(1864192K), 0.0444869 secs] [Times: user=0.20 sys=0.01, real=0.05 secs] 
5289.155: [GC (Allocation Failure) [PSYoungGen: 417750K->186421K(465920K)] 1325447K->1150286K(1864192K), 0.0509831 secs] [Times: user=0.24 sys=0.00, real=0.05 secs] 
5290.160: [GC (Allocation Failure) [PSYoungGen: 419381K->97755K(465920K)] 1383246K->1131981K(1864192K), 0.0449969 secs] [Times: user=0.23 sys=0.00, real=0.04 secs] 
5291.555: [GC (Allocation Failure) [PSYoungGen: 330715K->165844K(465920K)] 1364941K->1231274K(1864192K), 0.0749329 secs] [Times: user=0.36 sys=0.00, real=0.08 secs] 
5291.799: [GC (Allocation Failure) [PSYoungGen: 398804K->184662K(465920K)] 1464234K->1302096K(1864192K), 0.0432960 secs] [Times: user=0.20 sys=0.00, real=0.04 secs] 
5291.960: [GC (Allocation Failure) [PSYoungGen: 417622K->186199K(465920K)] 1535056K->1367713K(1864192K), 0.0513355 secs] [Times: user=0.25 sys=0.00, real=0.05 secs] 
5292.247: [GC (Allocation Failure) [PSYoungGen: 418167K->198164K(465920K)] 1599682K->1438823K(1864192K), 0.0550341 secs] [Times: user=0.27 sys=0.00, real=0.06 secs] 
5293.840: [GC (Allocation Failure) [PSYoungGen: 431124K->87146K(465920K)] 1671783K->1396181K(1864192K), 0.1088067 secs] [Times: user=0.60 sys=0.01, real=0.11 secs] 
5294.571: [GC (Allocation Failure) [PSYoungGen: 320106K->182774K(465920K)] 1629141K->1519649K(1864192K), 0.0508086 secs] [Times: user=0.22 sys=0.00, real=0.05 secs] 
5294.622: [Full GC (Ergonomics) [PSYoungGen: 182774K->0K(465920K)] [ParOldGen: 1336875K->226709K(1398272K)] 1519649K->226709K(1864192K), [Metaspace: 59581K->59581K(1105920K)], 0.2705860 secs] [Times: user=1.27 sys=0.00, real=0.27 secs] 
5295.006: [GC (Allocation Failure) [PSYoungGen: 232960K->179445K(465920K)] 459669K->406154K(1864192K), 0.0259499 secs] [Times: user=0.09 sys=0.00, real=0.03 secs] 
5295.149: [GC (Allocation Failure) [PSYoungGen: 412405K->186773K(465920K)] 639114K->468390K(1864192K), 0.0446820 secs] [Times: user=0.21 sys=0.00, real=0.04 secs] 
5296.129: [GC (GCLocker Initiated GC) [PSYoungGen: 419733K->105388K(465920K)] 701351K->457418K(1864192K), 0.0446799 secs] [Times: user=0.23 sys=0.00, real=0.04 secs] 
5297.239: [GC (Allocation Failure) [PSYoungGen: 338348K->164275K(465920K)] 690546K->550173K(1864192K), 0.1000258 secs] [Times: user=0.51 sys=0.00, real=0.10 secs] 
5297.549: [GC (Allocation Failure) [PSYoungGen: 397235K->181493K(465920K)] 783133K->618835K(1864192K), 0.0417873 secs] [Times: user=0.19 sys=0.00, real=0.04 secs] 
5297.713: [GC (Allocation Failure) [PSYoungGen: 414453K->185655K(465920K)] 851795K->686261K(1864192K), 0.0494997 secs] [Times: user=0.23 sys=0.00, real=0.05 secs] 
5297.909: [GC (Allocation Failure) [PSYoungGen: 418615K->183540K(465920K)] 919221K->743002K(1864192K), 0.0822572 secs] [Times: user=0.42 sys=0.01, real=0.08 secs] 
5299.089: [GC (Allocation Failure) [PSYoungGen: 416500K->94523K(465920K)] 975962K->723401K(1864192K), 0.0581784 secs] [Times: user=0.31 sys=0.00, real=0.05 secs] 
5299.509: [GC (Allocation Failure) [PSYoungGen: 327483K->181910K(465920K)] 956361K->841164K(1864192K), 0.0469195 secs] [Times: user=0.21 sys=0.00, real=0.04 secs] 
5299.685: [GC (Allocation Failure) [PSYoungGen: 414870K->184598K(465920K)] 1074124K->900900K(1864192K), 0.0442814 secs] [Times: user=0.20 sys=0.00, real=0.05 secs] 
5299.842: [GC (Allocation Failure) [PSYoungGen: 417558K->183700K(465920K)] 1133860K->955915K(1864192K), 0.0456286 secs] [Times: user=0.21 sys=0.01, real=0.04 secs] 
5300.887: [GC (Allocation Failure) [PSYoungGen: 416660K->103708K(465920K)] 1188875K->945299K(1864192K), 0.0450574 secs] [Times: user=0.23 sys=0.00, real=0.05 secs] 
5301.756: [GC (Allocation Failure) [PSYoungGen: 336668K->163059K(465920K)] 1178259K->1038842K(1864192K), 0.1014803 secs] [Times: user=0.52 sys=0.00, real=0.11 secs] 
5302.044: [GC (Allocation Failure) [PSYoungGen: 396019K->184310K(465920K)] 1271802K->1110788K(1864192K), 0.0430257 secs] [Times: user=0.20 sys=0.00, real=0.04 secs] 
5302.206: [GC (Allocation Failure) [PSYoungGen: 417270K->185495K(465920K)] 1343748K->1175950K(1864192K), 0.0512850 secs] [Times: user=0.24 sys=0.00, real=0.05 secs] 
5302.370: [GC (Allocation Failure) [PSYoungGen: 418455K->183220K(465920K)] 1408910K->1232715K(1864192K), 0.0574372 secs] [Times: user=0.28 sys=0.00, real=0.05 secs] 
5303.920: [GC (Allocation Failure) [PSYoungGen: 416180K->84985K(465920K)] 1465675K->1203640K(1864192K), 0.1145893 secs] [Times: user=0.63 sys=0.01, real=0.11 secs] 
5304.738: [GC (Allocation Failure) [PSYoungGen: 317945K->178453K(465920K)] 1436600K->1324253K(1864192K), 0.0473996 secs] [Times: user=0.21 sys=0.00, real=0.05 secs] 
5304.923: [GC (Allocation Failure) [PSYoungGen: 411413K->184598K(465920K)] 1557213K->1386133K(1864192K), 0.0442356 secs] [Times: user=0.20 sys=0.00, real=0.04 secs] 
5305.083: [GC (Allocation Failure) [PSYoungGen: 417558K->186869K(465920K)] 1619093K->1444141K(1864192K), 0.0465006 secs] [Times: user=0.22 sys=0.00, real=0.05 secs] 
5306.149: [GC (Allocation Failure) [PSYoungGen: 419829K->111997K(465920K)] 1677101K->1439817K(1864192K), 0.0479476 secs] [Times: user=0.24 sys=0.00, real=0.04 secs] 
5306.197: [Full GC (Ergonomics) [PSYoungGen: 111997K->0K(465920K)] [ParOldGen: 1327819K->94005K(1398272K)] 1439817K->94005K(1864192K), [Metaspace: 59581K->59581K(1105920K)], 0.0342401 secs] [Times: user=0.10 sys=0.00, real=0.04 secs] 
5306.967: [GC (Allocation Failure) [PSYoungGen: 232960K->155474K(465920K)] 326965K->249480K(1864192K), 0.0405356 secs] [Times: user=0.15 sys=0.00, real=0.04 secs] 
5307.517: [GC (Allocation Failure) [PSYoungGen: 388434K->180885K(465920K)] 482440K->323535K(1864192K), 0.0461298 secs] [Times: user=0.21 sys=0.00, real=0.05 secs] 
5307.685: [GC (Allocation Failure) [PSYoungGen: 413845K->185463K(465920K)] 556495K->391405K(1864192K), 0.0488160 secs] [Times: user=0.23 sys=0.00, real=0.05 secs] 
5307.900: [GC (Allocation Failure) [PSYoungGen: 418423K->186773K(465920K)] 624365K->451595K(1864192K), 0.0771849 secs] [Times: user=0.39 sys=0.01, real=0.07 secs] 
5309.281: [GC (Allocation Failure) [PSYoungGen: 419733K->98395K(465920K)] 684555K->433809K(1864192K), 0.0788499 secs] [Times: user=0.43 sys=0.00, real=0.08 secs] 
5310.986: [GC (Allocation Failure) [PSYoungGen: 331355K->170964K(465920K)] 666769K->535655K(1864192K), 0.0559077 secs] [Times: user=0.25 sys=0.00, real=0.06 secs] 
5311.254: [GC (Allocation Failure) [PSYoungGen: 403924K->184854K(465920K)] 768615K->603060K(1864192K), 0.0498509 secs] [Times: user=0.24 sys=0.00, real=0.05 secs] 
5311.416: [GC (Allocation Failure) [PSYoungGen: 417814K->187189K(465920K)] 836020K->661356K(1864192K), 0.0454732 secs] [Times: user=0.21 sys=0.00, real=0.05 secs] 
5312.410: [GC (Allocation Failure) [PSYoungGen: 420149K->117582K(465920K)] 894316K->662377K(1864192K), 0.0466642 secs] [Times: user=0.24 sys=0.00, real=0.04 secs] 
5313.741: [GC (Allocation Failure) [PSYoungGen: 350542K->146481K(465920K)] 895337K->728428K(1864192K), 0.1362182 secs] [Times: user=0.74 sys=0.01, real=0.13 secs] 
5314.152: [GC (Allocation Failure) [PSYoungGen: 379441K->183637K(465920K)] 961388K->811521K(1864192K), 0.0403329 secs] [Times: user=0.18 sys=0.00, real=0.04 secs] 
5314.310: [GC (Allocation Failure) [PSYoungGen: 416597K->183254K(465920K)] 1044481K->875154K(1864192K), 0.0499022 secs] [Times: user=0.23 sys=0.00, real=0.05 secs] 
5314.475: [GC (Allocation Failure) [PSYoungGen: 416214K->186517K(465920K)] 1108114K->936769K(1864192K), 0.0560105 secs] [Times: user=0.27 sys=0.00, real=0.06 secs] 
5315.673: [GC (Allocation Failure) [PSYoungGen: 419477K->93627K(465920K)] 1169729K->914367K(1864192K), 0.0629679 secs] [Times: user=0.34 sys=0.00, real=0.06 secs] 
5316.218: [GC (Allocation Failure) [PSYoungGen: 326587K->178165K(465920K)] 1147327K->1029402K(1864192K), 0.0492945 secs] [Times: user=0.22 sys=0.00, real=0.04 secs] 
5316.409: [GC (Allocation Failure) [PSYoungGen: 411125K->184758K(465920K)] 1262362K->1091654K(1864192K), 0.0438178 secs] [Times: user=0.20 sys=0.00, real=0.04 secs] 
5316.566: [GC (Allocation Failure) [PSYoungGen: 417639K->186421K(465920K)] 1324536K->1149578K(1864192K), 0.0464245 secs] [Times: user=0.21 sys=0.00, real=0.05 secs] 
5317.572: [GC (Allocation Failure) [PSYoungGen: 419381K->120847K(465920K)] 1382538K->1154203K(1864192K), 0.0477945 secs] [Times: user=0.24 sys=0.00, real=0.05 secs] 
5318.276: [GC (Allocation Failure) [PSYoungGen: 350813K->142369K(465920K)] 1384170K->1214166K(1864192K), 0.1042247 secs] [Times: user=0.56 sys=0.00, real=0.11 secs] 
5318.835: [GC (Allocation Failure) [PSYoungGen: 375329K->178069K(465920K)] 1447126K->1294674K(1864192K), 0.0465409 secs] [Times: user=0.22 sys=0.00, real=0.05 secs] 
5319.027: [GC (Allocation Failure) [PSYoungGen: 411029K->185975K(465920K)] 1527634K->1364893K(1864192K), 0.0616238 secs] [Times: user=0.31 sys=0.00, real=0.07 secs] 
5319.219: [GC (Allocation Failure) [PSYoungGen: 418935K->183732K(465920K)] 1597853K->1421818K(1864192K), 0.0600696 secs] [Times: user=0.30 sys=0.00, real=0.06 secs] 
5320.402: [GC (Allocation Failure) [PSYoungGen: 416692K->92443K(465920K)] 1654778K->1399889K(1864192K), 0.0653907 secs] [Times: user=0.35 sys=0.00, real=0.06 secs] 
5321.794: [GC (Allocation Failure) [PSYoungGen: 325403K->171284K(465920K)] 1632849K->1508335K(1864192K), 0.0566049 secs] [Times: user=0.24 sys=0.01, real=0.06 secs] 
5321.851: [Full GC (Ergonomics) [PSYoungGen: 171284K->0K(465920K)] [ParOldGen: 1337050K->204472K(1398272K)] 1508335K->204472K(1864192K), [Metaspace: 59581K->59581K(1105920K)], 0.2341960 secs] [Times: user=1.02 sys=0.00, real=0.23 secs] 
5322.234: [GC (Allocation Failure) [PSYoungGen: 232960K->184470K(465920K)] 437432K->388943K(1864192K), 0.0336311 secs] [Times: user=0.13 sys=0.00, real=0.03 secs] 
5322.385: [GC (Allocation Failure) [PSYoungGen: 417430K->186901K(465920K)] 621903K->447286K(1864192K), 0.0442334 secs] [Times: user=0.20 sys=0.00, real=0.05 secs] 
5323.327: [GC (Allocation Failure) [PSYoungGen: 419861K->137585K(465920K)] 680246K->468650K(1864192K), 0.0486867 secs] [Times: user=0.24 sys=0.00, real=0.05 secs] 
5324.068: [GC (Allocation Failure) [PSYoungGen: 370545K->133552K(465920K)] 701610K->508069K(1864192K), 0.1452263 secs] [Times: user=0.80 sys=0.00, real=0.15 secs] 
5324.462: [GC (Allocation Failure) [PSYoungGen: 366512K->175476K(465920K)] 741029K->592658K(1864192K), 0.0382503 secs] [Times: user=0.16 sys=0.00, real=0.04 secs] 
5324.671: [GC (Allocation Failure) [PSYoungGen: 408436K->185303K(465920K)] 825618K->664273K(1864192K), 0.0785564 secs] [Times: user=0.39 sys=0.00, real=0.08 secs] 
5324.886: [GC (Allocation Failure) [PSYoungGen: 418263K->186645K(465920K)] 897233K->724415K(1864192K), 0.0568251 secs] [Times: user=0.28 sys=0.00, real=0.06 secs] 
5325.941: [GC (Allocation Failure) [PSYoungGen: 419605K->95659K(465920K)] 957375K->703753K(1864192K), 0.0578921 secs] [Times: user=0.31 sys=0.00, real=0.06 secs] 
5327.231: [GC (Allocation Failure) [PSYoungGen: 328619K->169428K(465920K)] 936713K->807711K(1864192K), 0.0565363 secs] [Times: user=0.26 sys=0.00, real=0.05 secs] 
5327.461: [GC (Allocation Failure) [PSYoungGen: 402388K->184726K(465920K)] 1040671K->876381K(1864192K), 0.0427796 secs] [Times: user=0.19 sys=0.00, real=0.04 secs] 
5327.654: [GC (Allocation Failure) [PSYoungGen: 417686K->187221K(465920K)] 1109341K->934940K(1864192K), 0.0672652 secs] [Times: user=0.33 sys=0.00, real=0.07 secs] 
5328.632: [GC (Allocation Failure) [PSYoungGen: 420181K->144722K(465920K)] 1167900K->963073K(1864192K), 0.0502020 secs] [Times: user=0.25 sys=0.00, real=0.05 secs] 
5329.904: [GC (Allocation Failure) [PSYoungGen: 377682K->123614K(465920K)] 1196033K->987805K(1864192K), 0.1852736 secs] [Times: user=1.04 sys=0.00, real=0.19 secs] 
5330.621: [GC (Allocation Failure) [PSYoungGen: 356574K->178421K(465920K)] 1220765K->1082365K(1864192K), 0.0482207 secs] [Times: user=0.21 sys=0.00, real=0.05 secs] 
5330.795: [GC (Allocation Failure) [PSYoungGen: 411381K->185431K(465920K)] 1315325K->1151655K(1864192K), 0.0503041 secs] [Times: user=0.24 sys=0.00, real=0.05 secs] 
5330.961: [GC (Allocation Failure) [PSYoungGen: 418391K->186165K(465920K)] 1384615K->1211065K(1864192K), 0.0588463 secs] [Times: user=0.29 sys=0.01, real=0.06 secs] 
5332.015: [GC (Allocation Failure) [PSYoungGen: 419125K->95083K(465920K)] 1444025K->1190343K(1864192K), 0.0478209 secs] [Times: user=0.25 sys=0.00, real=0.05 secs] 
5332.909: [GC (Allocation Failure) [PSYoungGen: 327977K->170484K(465920K)] 1423237K->1296353K(1864192K), 0.0682566 secs] [Times: user=0.32 sys=0.00, real=0.06 secs] 
5333.171: [GC (Allocation Failure) [PSYoungGen: 403444K->184374K(465920K)] 1529313K->1363531K(1864192K), 0.0446827 secs] [Times: user=0.20 sys=0.00, real=0.04 secs] 
5333.367: [GC (Allocation Failure) [PSYoungGen: 417334K->187381K(465920K)] 1596491K->1422610K(1864192K), 0.0690671 secs] [Times: user=0.34 sys=0.00, real=0.07 secs] 
5334.739: [GC (Allocation Failure) [PSYoungGen: 420341K->150706K(465920K)] 1655570K->1456672K(1864192K), 0.0532310 secs] [Times: user=0.27 sys=0.00, real=0.05 secs] 
5335.302: [GC (Allocation Failure) [PSYoungGen: 383666K->118190K(465920K)] 1689632K->1471947K(1864192K), 0.1277162 secs] [Times: user=0.70 sys=0.01, real=0.13 secs] 
5335.429: [Full GC (Ergonomics) [PSYoungGen: 118190K->0K(465920K)] [ParOldGen: 1353757K->134184K(1398272K)] 1471947K->134184K(1864192K), [Metaspace: 59581K->59581K(1105920K)], 0.1559464 secs] [Times: user=0.68 sys=0.00, real=0.15 secs] 
5336.075: [GC (Allocation Failure) [PSYoungGen: 232960K->175380K(465920K)] 367144K->309564K(1864192K), 0.0318524 secs] [Times: user=0.12 sys=0.00, real=0.03 secs] 
5336.289: [GC (Allocation Failure) [PSYoungGen: 408340K->185303K(465920K)] 542524K->381195K(1864192K), 0.0738228 secs] [Times: user=0.36 sys=0.00, real=0.07 secs] 
5336.502: [GC (Allocation Failure) [PSYoungGen: 418263K->186741K(465920K)] 614155K->441361K(1864192K), 0.0574323 secs] [Times: user=0.29 sys=0.00, real=0.06 secs] 
5337.550: [GC (Allocation Failure) [PSYoungGen: 419701K->97083K(465920K)] 674321K->422143K(1864192K), 0.0460835 secs] [Times: user=0.24 sys=0.00, real=0.04 secs] 
5338.876: [GC (Allocation Failure) [PSYoungGen: 330043K->164723K(465920K)] 655103K->520604K(1864192K), 0.0627039 secs] [Times: user=0.29 sys=0.00, real=0.07 secs] 
5339.126: [GC (Allocation Failure) [PSYoungGen: 397683K->184438K(465920K)] 753564K->592523K(1864192K), 0.0423863 secs] [Times: user=0.19 sys=0.00, real=0.05 secs] 
5339.325: [GC (Allocation Failure) [PSYoungGen: 412707K->181558K(465920K)] 820792K->653763K(1864192K), 0.0741289 secs] [Times: user=0.35 sys=0.01, real=0.08 secs] 
5340.260: [GC (Allocation Failure) [PSYoungGen: 414518K->168883K(401920K)] 886723K->698840K(1800192K), 0.0540565 secs] [Times: user=0.27 sys=0.00, real=0.05 secs] 
5340.950: [GC (Allocation Failure) [PSYoungGen: 401843K->107772K(464896K)] 931800K->702210K(1863168K), 0.0940522 secs] [Times: user=0.50 sys=0.00, real=0.09 secs] 
5341.438: [GC (Allocation Failure) [PSYoungGen: 332415K->175061K(465408K)] 926852K->803651K(1863680K), 0.0454281 secs] [Times: user=0.20 sys=0.00, real=0.05 secs] 
5341.649: [GC (Allocation Failure) [PSYoungGen: 407509K->184502K(465920K)] 1036099K->867752K(1864192K), 0.0488325 secs] [Times: user=0.22 sys=0.00, real=0.04 secs] 
5341.841: [GC (Allocation Failure) [PSYoungGen: 417462K->183764K(465920K)] 1100712K->922959K(1864192K), 0.0652583 secs] [Times: user=0.33 sys=0.00, real=0.06 secs] 
5342.913: [GC (GCLocker Initiated GC) [PSYoungGen: 416724K->96203K(465920K)] 1155919K->904774K(1864192K), 0.0454420 secs] [Times: user=0.23 sys=0.00, real=0.05 secs] 
5344.069: [GC (Allocation Failure) [PSYoungGen: 329163K->169332K(465920K)] 1137901K->1009026K(1864192K), 0.0892673 secs] [Times: user=0.45 sys=0.00, real=0.09 secs] 
5344.378: [GC (Allocation Failure) [PSYoungGen: 402292K->184790K(465920K)] 1241986K->1077448K(1864192K), 0.0487365 secs] [Times: user=0.23 sys=0.00, real=0.04 secs] 
5344.543: [GC (Allocation Failure) [PSYoungGen: 417750K->180342K(465920K)] 1310408K->1137232K(1864192K), 0.0502954 secs] [Times: user=0.23 sys=0.00, real=0.05 secs] 
5344.720: [GC (Allocation Failure) [PSYoungGen: 413302K->217141K(465920K)] 1370192K->1231814K(1864192K), 0.0556066 secs] [Times: user=0.27 sys=0.01, real=0.05 secs] 
5346.365: [GC (Allocation Failure) [PSYoungGen: 450101K->87770K(465920K)] 1464774K->1172068K(1864192K), 0.1229681 secs] [Times: user=0.68 sys=0.01, real=0.13 secs] 
5347.074: [GC (Allocation Failure) [PSYoungGen: 320730K->182966K(465920K)] 1405028K->1295381K(1864192K), 0.0496608 secs] [Times: user=0.22 sys=0.00, real=0.05 secs] 
5347.258: [GC (GCLocker Initiated GC) [PSYoungGen: 415926K->183925K(465920K)] 1528343K->1353395K(1864192K), 0.0459147 secs] [Times: user=0.21 sys=0.00, real=0.04 secs] 
5347.417: [GC (Allocation Failure) [PSYoungGen: 416885K->183924K(465920K)] 1586484K->1409267K(1864192K), 0.0475295 secs] [Times: user=0.22 sys=0.00, real=0.05 secs] 
5348.521: [GC (Allocation Failure) [PSYoungGen: 416884K->102428K(465920K)] 1642227K->1397139K(1864192K), 0.0466909 secs] [Times: user=0.24 sys=0.00, real=0.04 secs] 
5349.667: [GC (Allocation Failure) [PSYoungGen: 335388K->162067K(465920K)] 1630099K->1490458K(1864192K), 0.0994252 secs] [Times: user=0.51 sys=0.00, real=0.10 secs] 
5349.766: [Full GC (Ergonomics) [PSYoungGen: 162067K->0K(465920K)] [ParOldGen: 1328391K->181762K(1398272K)] 1490458K->181762K(1864192K), [Metaspace: 59581K->59581K(1105920K)], 0.2221679 secs] [Times: user=1.08 sys=0.00, real=0.23 secs] 
5350.277: [GC (Allocation Failure) [PSYoungGen: 232960K->183829K(465920K)] 414722K->365592K(1864192K), 0.0325742 secs] [Times: user=0.13 sys=0.00, real=0.04 secs] 
5350.431: [GC (Allocation Failure) [PSYoungGen: 416789K->186007K(465920K)] 598552K->431873K(1864192K), 0.0439419 secs] [Times: user=0.20 sys=0.00, real=0.04 secs] 
5350.620: [GC (Allocation Failure) [PSYoungGen: 418967K->183668K(465920K)] 664833K->488671K(1864192K), 0.0661589 secs] [Times: user=0.34 sys=0.00, real=0.06 secs] 
5351.923: [GC (Allocation Failure) [PSYoungGen: 416628K->90810K(465920K)] 721631K->465233K(1864192K), 0.0831853 secs] [Times: user=0.45 sys=0.00, real=0.08 secs] 
5353.145: [GC (Allocation Failure) [PSYoungGen: 323770K->174997K(465920K)] 698193K->577896K(1864192K), 0.0538217 secs] [Times: user=0.23 sys=0.00, real=0.06 secs] 
5353.408: [GC (Allocation Failure) [PSYoungGen: 407957K->184566K(465920K)] 810856K->642525K(1864192K), 0.0522674 secs] [Times: user=0.25 sys=0.00, real=0.06 secs] 
5353.596: [GC (Allocation Failure) [PSYoungGen: 417526K->186837K(465920K)] 875485K->700701K(1864192K), 0.0507777 secs] [Times: user=0.24 sys=0.00, real=0.05 secs] 
5354.645: [GC (Allocation Failure) [PSYoungGen: 419797K->109693K(465920K)] 933661K->694045K(1864192K), 0.0459075 secs] [Times: user=0.24 sys=0.00, real=0.05 secs] 
5356.458: [GC (Allocation Failure) [PSYoungGen: 342653K->150034K(465920K)] 927005K->769542K(1864192K), 0.1066680 secs] [Times: user=0.57 sys=0.00, real=0.10 secs] 
5357.144: [GC (Allocation Failure) [PSYoungGen: 382994K->183701K(465920K)] 1002502K->850242K(1864192K), 0.0533872 secs] [Times: user=0.26 sys=0.00, real=0.05 secs] 
5357.314: [GC (Allocation Failure) [PSYoungGen: 416661K->183062K(465920K)] 1083202K->913335K(1864192K), 0.0521809 secs] [Times: user=0.24 sys=0.00, real=0.05 secs] 
5357.520: [GC (Allocation Failure) [PSYoungGen: 416022K->186741K(465920K)] 1146295K->975406K(1864192K), 0.0701530 secs] [Times: user=0.36 sys=0.00, real=0.07 secs] 
5358.683: [GC (Allocation Failure) [PSYoungGen: 419701K->94155K(465920K)] 1208366K->953124K(1864192K), 0.0471129 secs] [Times: user=0.24 sys=0.00, real=0.05 secs] 
5359.547: [GC (Allocation Failure) [PSYoungGen: 327115K->171892K(465920K)] 1186084K->1060850K(1864192K), 0.0504839 secs] [Times: user=0.23 sys=0.00, real=0.05 secs] 
5359.746: [GC (Allocation Failure) [PSYoungGen: 404852K->184566K(465920K)] 1293810K->1127639K(1864192K), 0.0435821 secs] [Times: user=0.20 sys=0.00, real=0.05 secs] 
5359.905: [GC (Allocation Failure) [PSYoungGen: 417526K->186709K(465920K)] 1360599K->1185847K(1864192K), 0.0462935 secs] [Times: user=0.22 sys=0.00, real=0.05 secs] 
5360.943: [GC (Allocation Failure) [PSYoungGen: 419669K->122431K(465920K)] 1418807K->1191952K(1864192K), 0.0480861 secs] [Times: user=0.25 sys=0.00, real=0.05 secs] 
5361.504: [GC (Allocation Failure) [PSYoungGen: 355391K->149666K(465920K)] 1424912K->1258352K(1864192K), 0.0867912 secs] [Times: user=0.46 sys=0.00, real=0.09 secs] 
5361.905: [GC (Allocation Failure) [PSYoungGen: 382626K->180885K(465920K)] 1491312K->1336288K(1864192K), 0.0416353 secs] [Times: user=0.19 sys=0.00, real=0.04 secs] 
5362.103: [GC (Allocation Failure) [PSYoungGen: 413845K->185943K(465920K)] 1569248K->1404390K(1864192K), 0.0715850 secs] [Times: user=0.36 sys=0.00, real=0.07 secs] 
5362.310: [GC (Allocation Failure) [PSYoungGen: 418903K->186581K(465920K)] 1637350K->1464036K(1864192K), 0.0571506 secs] [Times: user=0.28 sys=0.00, real=0.05 secs] 
5363.590: [GC (Allocation Failure) [PSYoungGen: 419541K->87946K(465920K)] 1696996K->1435841K(1864192K), 0.0587059 secs] [Times: user=0.32 sys=0.00, real=0.06 secs] 
5363.648: [Full GC (Ergonomics) [PSYoungGen: 87946K->0K(465920K)] [ParOldGen: 1347894K->95835K(1398272K)] 1435841K->95835K(1864192K), [Metaspace: 59582K->59582K(1105920K)], 0.0861945 secs] [Times: user=0.35 sys=0.01, real=0.08 secs] 
5364.451: [GC (Allocation Failure) [PSYoungGen: 232960K->175477K(465920K)] 328795K->271313K(1864192K), 0.0325990 secs] [Times: user=0.12 sys=0.00, real=0.03 secs] 
5364.622: [GC (Allocation Failure) [PSYoungGen: 408437K->184598K(465920K)] 504273K->335489K(1864192K), 0.0423924 secs] [Times: user=0.19 sys=0.00, real=0.04 secs] 
5364.797: [GC (Allocation Failure) [PSYoungGen: 417558K->182164K(465920K)] 568449K->388984K(1864192K), 0.0633186 secs] [Times: user=0.31 sys=0.00, real=0.07 secs] 
5365.863: [GC (Allocation Failure) [PSYoungGen: 415124K->130128K(465920K)] 621944K->405796K(1864192K), 0.0476208 secs] [Times: user=0.24 sys=0.00, real=0.05 secs] 
5366.257: [GC (Allocation Failure) [PSYoungGen: 361558K->141409K(465920K)] 637226K->458165K(1864192K), 0.1099462 secs] [Times: user=0.59 sys=0.00, real=0.11 secs] 
5366.629: [GC (Allocation Failure) [PSYoungGen: 374369K->178101K(465920K)] 691125K->540396K(1864192K), 0.0387591 secs] [Times: user=0.17 sys=0.00, real=0.03 secs] 
5366.788: [GC (Allocation Failure) [PSYoungGen: 411061K->185879K(465920K)] 773356K->610350K(1864192K), 0.0488729 secs] [Times: user=0.23 sys=0.00, real=0.05 secs] 
5366.949: [GC (Allocation Failure) [PSYoungGen: 418839K->183508K(465920K)] 843310K->667020K(1864192K), 0.0546596 secs] [Times: user=0.27 sys=0.00, real=0.05 secs] 
5367.947: [GC (Allocation Failure) [PSYoungGen: 416468K->92731K(465920K)] 899980K->645514K(1864192K), 0.0420282 secs] [Times: user=0.22 sys=0.00, real=0.05 secs] 
5368.390: [GC (Allocation Failure) [PSYoungGen: 325691K->173269K(465920K)] 878474K->756588K(1864192K), 0.0416164 secs] [Times: user=0.17 sys=0.00, real=0.04 secs] 
5368.617: [GC (GCLocker Initiated GC) [PSYoungGen: 406229K->182485K(465920K)] 989548K->819961K(1864192K), 0.0587368 secs] [Times: user=0.28 sys=0.00, real=0.06 secs] 
5368.797: [GC (Allocation Failure) [PSYoungGen: 415445K->187157K(465920K)] 1052924K->880300K(1864192K), 0.0456921 secs] [Times: user=0.21 sys=0.00, real=0.05 secs] 
5369.755: [GC (Allocation Failure) [PSYoungGen: 420117K->138065K(465920K)] 1113260K->901832K(1864192K), 0.0500379 secs] [Times: user=0.25 sys=0.00, real=0.05 secs] 
5370.978: [GC (Allocation Failure) [PSYoungGen: 371025K->131439K(465920K)] 1134792K->938878K(1864192K), 0.1244329 secs] [Times: user=0.68 sys=0.00, real=0.12 secs] 
5371.757: [GC (Allocation Failure) [PSYoungGen: 364399K->183220K(465920K)] 1171838K->1032847K(1864192K), 0.0520892 secs] [Times: user=0.24 sys=0.00, real=0.06 secs] 
5371.938: [GC (Allocation Failure) [PSYoungGen: 416180K->182518K(465920K)] 1265807K->1093241K(1864192K), 0.0496016 secs] [Times: user=0.23 sys=0.00, real=0.04 secs] 
5372.103: [GC (Allocation Failure) [PSYoungGen: 415478K->186709K(465920K)] 1326201K->1155391K(1864192K), 0.0563884 secs] [Times: user=0.28 sys=0.00, real=0.06 secs] 
5373.127: [GC (Allocation Failure) [PSYoungGen: 419669K->94827K(465920K)] 1388351K->1133949K(1864192K), 0.0456429 secs] [Times: user=0.24 sys=0.00, real=0.05 secs] 
5373.717: [GC (Allocation Failure) [PSYoungGen: 327787K->177525K(465920K)] 1366909K->1247540K(1864192K), 0.0502079 secs] [Times: user=0.23 sys=0.00, real=0.05 secs] 
5373.934: [GC (Allocation Failure) [PSYoungGen: 410485K->192854K(465920K)] 1480500K->1318177K(1864192K), 0.0455635 secs] [Times: user=0.20 sys=0.00, real=0.05 secs] 
5374.119: [GC (Allocation Failure) [PSYoungGen: 425814K->186549K(465920K)] 1551137K->1367984K(1864192K), 0.0576802 secs] [Times: user=0.28 sys=0.00, real=0.05 secs] 
5375.115: [GC (Allocation Failure) [PSYoungGen: 419509K->141777K(465920K)] 1600944K->1393565K(1864192K), 0.0511002 secs] [Times: user=0.26 sys=0.00, real=0.05 secs] 
5375.984: [GC (Allocation Failure) [PSYoungGen: 374737K->123438K(465920K)] 1626525K->1420090K(1864192K), 0.1229828 secs] [Times: user=0.69 sys=0.00, real=0.12 secs] 
5376.405: [GC (Allocation Failure) [PSYoungGen: 356398K->178261K(465920K)] 1653050K->1514324K(1864192K), 0.0389915 secs] [Times: user=0.17 sys=0.00, real=0.04 secs] 
5376.444: [Full GC (Ergonomics) [PSYoungGen: 178261K->0K(465920K)] [ParOldGen: 1336063K->233685K(1398272K)] 1514324K->233685K(1864192K), [Metaspace: 59582K->59582K(1105920K)], 0.2765414 secs] [Times: user=1.27 sys=0.00, real=0.28 secs] 
5376.840: [GC (Allocation Failure) [PSYoungGen: 232960K->182710K(465920K)] 466645K->416396K(1864192K), 0.0813260 secs] [Times: user=0.42 sys=0.00, real=0.08 secs] 
5377.037: [GC (Allocation Failure) [PSYoungGen: 415670K->186645K(465920K)] 649356K->478827K(1864192K), 0.0579734 secs] [Times: user=0.28 sys=0.00, real=0.06 secs] 
5378.024: [GC (Allocation Failure) [PSYoungGen: 419605K->94187K(465920K)] 711787K->456705K(1864192K), 0.0448930 secs] [Times: user=0.23 sys=0.00, real=0.05 secs] 
5378.871: [GC (Allocation Failure) [PSYoungGen: 327147K->173525K(465920K)] 689665K->566328K(1864192K), 0.0612749 secs] [Times: user=0.26 sys=0.00, real=0.06 secs] 
5379.164: [GC (Allocation Failure) [PSYoungGen: 406485K->181525K(465920K)] 799288K->628724K(1864192K), 0.0469633 secs] [Times: user=0.21 sys=0.00, real=0.05 secs] 
5379.325: [GC (Allocation Failure) [PSYoungGen: 400484K->172245K(465920K)] 847683K->683060K(1864192K), 0.0476997 secs] [Times: user=0.22 sys=0.00, real=0.05 secs] 
5380.313: [GC (Allocation Failure) [PSYoungGen: 405205K->169619K(465920K)] 916020K->735066K(1864192K), 0.0537977 secs] [Times: user=0.26 sys=0.00, real=0.05 secs] 
5380.912: [GC (GCLocker Initiated GC) [PSYoungGen: 402579K->101404K(465920K)] 968026K->731939K(1864192K), 0.0722505 secs] [Times: user=0.38 sys=0.00, real=0.07 secs] 
5381.729: [GC (GCLocker Initiated GC) [PSYoungGen: 334364K->176405K(465920K)] 964903K->839185K(1864192K), 0.0496382 secs] [Times: user=0.22 sys=0.00, real=0.05 secs] 
5381.916: [GC (Allocation Failure) [PSYoungGen: 409365K->183541K(465920K)] 1072148K->901392K(1864192K), 0.0432631 secs] [Times: user=0.20 sys=0.00, real=0.05 secs] 
5382.075: [GC (Allocation Failure) [PSYoungGen: 416501K->186645K(465920K)] 1134352K->960416K(1864192K), 0.0452562 secs] [Times: user=0.21 sys=0.00, real=0.05 secs] 
5383.068: [GC (Allocation Failure) [PSYoungGen: 419605K->99036K(465920K)] 1193376K->943150K(1864192K), 0.0446124 secs] [Times: user=0.23 sys=0.00, real=0.04 secs] 
5383.909: [GC (Allocation Failure) [PSYoungGen: 331996K->166900K(465920K)] 1176110K->1042691K(1864192K), 0.0765629 secs] [Times: user=0.38 sys=0.00, real=0.07 secs] 
5384.195: [GC (Allocation Failure) [PSYoungGen: 399860K->181589K(465920K)] 1275651K->1109897K(1864192K), 0.0494984 secs] [Times: user=0.23 sys=0.00, real=0.05 secs] 
5384.424: [GC (Allocation Failure) [PSYoungGen: 414549K->185431K(465920K)] 1342857K->1177114K(1864192K), 0.0717243 secs] [Times: user=0.35 sys=0.00, real=0.07 secs] 
5384.667: [GC (Allocation Failure) [PSYoungGen: 418391K->218773K(465920K)] 1410074K->1269201K(1864192K), 0.0556552 secs] [Times: user=0.28 sys=0.00, real=0.06 secs] 
5385.959: [GC (GCLocker Initiated GC) [PSYoungGen: 451733K->86874K(465920K)] 1502161K->1207422K(1864192K), 0.1251437 secs] [Times: user=0.70 sys=0.00, real=0.12 secs] 
5387.556: [GC (Allocation Failure) [PSYoungGen: 319834K->175349K(465920K)] 1440548K->1323656K(1864192K), 0.0522202 secs] [Times: user=0.23 sys=0.00, real=0.06 secs] 
5387.816: [GC (Allocation Failure) [PSYoungGen: 408309K->184662K(465920K)] 1556616K->1387717K(1864192K), 0.0553254 secs] [Times: user=0.27 sys=0.00, real=0.06 secs] 
5388.011: [GC (Allocation Failure) [PSYoungGen: 417622K->186677K(465920K)] 1620677K->1445668K(1864192K), 0.0605750 secs] [Times: user=0.29 sys=0.00, real=0.06 secs] 
5389.045: [GC (Allocation Failure) [PSYoungGen: 419637K->104796K(465920K)] 1678628K->1434324K(1864192K), 0.0458785 secs] [Times: user=0.23 sys=0.00, real=0.05 secs] 
5389.091: [Full GC (Ergonomics) [PSYoungGen: 104796K->0K(465920K)] [ParOldGen: 1329527K->89465K(1398272K)] 1434324K->89465K(1864192K), [Metaspace: 59582K->59582K(1105920K)], 0.0327180 secs] [Times: user=0.10 sys=0.00, real=0.03 secs] 
5390.459: [GC (Allocation Failure) [PSYoungGen: 232960K->159795K(465920K)] 322425K->249260K(1864192K), 0.0554021 secs] [Times: user=0.22 sys=0.00, real=0.05 secs] 
5390.839: [GC (Allocation Failure) [PSYoungGen: 392755K->192438K(465920K)] 482220K->331399K(1864192K), 0.0410345 secs] [Times: user=0.18 sys=0.00, real=0.04 secs] 
5391.001: [GC (Allocation Failure) [PSYoungGen: 425398K->185943K(465920K)] 564359K->389176K(1864192K), 0.0490001 secs] [Times: user=0.22 sys=0.00, real=0.05 secs] 
5391.163: [GC (Allocation Failure) [PSYoungGen: 418903K->186165K(465920K)] 622136K->448486K(1864192K), 0.0541987 secs] [Times: user=0.26 sys=0.00, real=0.05 secs] 
5392.334: [GC (Allocation Failure) [PSYoungGen: 419125K->90746K(465920K)] 681446K->423180K(1864192K), 0.0517175 secs] [Times: user=0.27 sys=0.00, real=0.05 secs] 
5393.234: [GC (Allocation Failure) [PSYoungGen: 323706K->175509K(465920K)] 656140K->536659K(1864192K), 0.0557245 secs] [Times: user=0.25 sys=0.00, real=0.06 secs] 
5393.506: [GC (Allocation Failure) [PSYoungGen: 408469K->184566K(465920K)] 769619K->600948K(1864192K), 0.0529002 secs] [Times: user=0.25 sys=0.00, real=0.06 secs] 
5393.724: [GC (Allocation Failure) [PSYoungGen: 417526K->186837K(465920K)] 833908K->659163K(1864192K), 0.0697807 secs] [Times: user=0.35 sys=0.00, real=0.07 secs] 
5394.758: [GC (Allocation Failure) [PSYoungGen: 419797K->110317K(465920K)] 892123K->653143K(1864192K), 0.0456142 secs] [Times: user=0.23 sys=0.00, real=0.04 secs] 
5395.440: [GC (Allocation Failure) [PSYoungGen: 343277K->164787K(465920K)] 886103K->743018K(1864192K), 0.1073937 secs] [Times: user=0.56 sys=0.00, real=0.10 secs] 
5395.747: [GC (Allocation Failure) [PSYoungGen: 397747K->181429K(465920K)] 975978K->810208K(1864192K), 0.0415206 secs] [Times: user=0.18 sys=0.00, real=0.05 secs] 
5395.911: [GC (Allocation Failure) [PSYoungGen: 414389K->185911K(465920K)] 1043168K->878106K(1864192K), 0.0500419 secs] [Times: user=0.24 sys=0.00, real=0.05 secs] 
5396.075: [GC (Allocation Failure) [PSYoungGen: 418871K->183668K(465920K)] 1111066K->935000K(1864192K), 0.0554094 secs] [Times: user=0.27 sys=0.00, real=0.06 secs] 
5397.372: [GC (Allocation Failure) [PSYoungGen: 416628K->91546K(465920K)] 1167960K->912270K(1864192K), 0.0769819 secs] [Times: user=0.42 sys=0.00, real=0.08 secs] 
5397.893: [GC (Allocation Failure) [PSYoungGen: 324506K->181110K(465920K)] 1145230K->1031445K(1864192K), 0.0462502 secs] [Times: user=0.20 sys=0.00, real=0.05 secs] 
5398.070: [GC (Allocation Failure) [PSYoungGen: 414070K->184630K(465920K)] 1264405K->1091413K(1864192K), 0.0442088 secs] [Times: user=0.20 sys=0.01, real=0.04 secs] 
5398.229: [GC (Allocation Failure) [PSYoungGen: 417590K->202869K(465920K)] 1324373K->1165836K(1864192K), 0.0470601 secs] [Times: user=0.22 sys=0.00, real=0.04 secs] 
5399.316: [GC (Allocation Failure) [PSYoungGen: 435829K->109741K(465920K)] 1398796K->1143093K(1864192K), 0.0466244 secs] [Times: user=0.24 sys=0.00, real=0.05 secs] 
5400.128: [GC (Allocation Failure) [PSYoungGen: 342701K->151634K(465920K)] 1376053K->1221166K(1864192K), 0.1284379 secs] [Times: user=0.69 sys=0.01, real=0.12 secs] 
5400.679: [GC (Allocation Failure) [PSYoungGen: 384594K->183829K(465920K)] 1454126K->1300501K(1864192K), 0.0462872 secs] [Times: user=0.22 sys=0.00, real=0.04 secs] 
5400.843: [GC (Allocation Failure) [PSYoungGen: 416789K->186007K(465920K)] 1533461K->1366819K(1864192K), 0.0511354 secs] [Times: user=0.24 sys=0.00, real=0.05 secs] 
5401.006: [GC (Allocation Failure) [PSYoungGen: 418967K->186837K(465920K)] 1599779K->1426785K(1864192K), 0.0559879 secs] [Times: user=0.27 sys=0.00, real=0.06 secs] 
5402.078: [GC (Allocation Failure) [PSYoungGen: 419797K->93163K(465920K)] 1659745K->1403527K(1864192K), 0.0445516 secs] [Times: user=0.23 sys=0.00, real=0.04 secs] 
5402.123: [Full GC (Ergonomics) [PSYoungGen: 93163K->0K(465920K)] [ParOldGen: 1310364K->103010K(1398272K)] 1403527K->103010K(1864192K), [Metaspace: 59582K->59582K(1105920K)], 0.0848256 secs] [Times: user=0.34 sys=0.00, real=0.08 secs] 
5403.096: [GC (Allocation Failure) [PSYoungGen: 232960K->171572K(465920K)] 335970K->274583K(1864192K), 0.0360178 secs] [Times: user=0.13 sys=0.00, real=0.04 secs] 
5403.290: [GC (Allocation Failure) [PSYoungGen: 404532K->184630K(465920K)] 507543K->341533K(1864192K), 0.0419305 secs] [Times: user=0.19 sys=0.00, real=0.04 secs] 
5403.466: [GC (Allocation Failure) [PSYoungGen: 417590K->186837K(465920K)] 574493K->399868K(1864192K), 0.0587525 secs] [Times: user=0.28 sys=0.00, real=0.06 secs] 
5404.539: [GC (Allocation Failure) [PSYoungGen: 419797K->119134K(465920K)] 632828K->402549K(1864192K), 0.0460783 secs] [Times: user=0.23 sys=0.00, real=0.04 secs] 
5405.755: [GC (Allocation Failure) [PSYoungGen: 352094K->148113K(465920K)] 635509K->469445K(1864192K), 0.1260052 secs] [Times: user=0.68 sys=0.00, real=0.13 secs] 
5406.244: [GC (Allocation Failure) [PSYoungGen: 381073K->178357K(465920K)] 702405K->545949K(1864192K), 0.0546966 secs] [Times: user=0.26 sys=0.00, real=0.06 secs] 
5406.432: [GC (GCLocker Initiated GC) [PSYoungGen: 411317K->183350K(465920K)] 778909K->613607K(1864192K), 0.0478824 secs] [Times: user=0.22 sys=0.00, real=0.05 secs] 
5406.596: [GC (Allocation Failure) [PSYoungGen: 416310K->186613K(465920K)] 846570K->675160K(1864192K), 0.0552826 secs] [Times: user=0.27 sys=0.00, real=0.06 secs] 
5407.713: [GC (Allocation Failure) [PSYoungGen: 419573K->96523K(465920K)] 908120K->655482K(1864192K), 0.0540878 secs] [Times: user=0.28 sys=0.01, real=0.05 secs] 
5408.722: [GC (Allocation Failure) [PSYoungGen: 329483K->171220K(465920K)] 888442K->760960K(1864192K), 0.0520258 secs] [Times: user=0.24 sys=0.00, real=0.05 secs] 
5408.941: [GC (Allocation Failure) [PSYoungGen: 404180K->184534K(465920K)] 993920K->827958K(1864192K), 0.0423326 secs] [Times: user=0.19 sys=0.00, real=0.04 secs] 
5409.113: [GC (Allocation Failure) [PSYoungGen: 417494K->183892K(465920K)] 1060918K->883381K(1864192K), 0.0571827 secs] [Times: user=0.28 sys=0.00, real=0.06 secs] 
5410.115: [GC (Allocation Failure) [PSYoungGen: 416852K->130992K(465920K)] 1116341K->899928K(1864192K), 0.0484116 secs] [Times: user=0.24 sys=0.00, real=0.05 secs] 
5410.594: [GC (Allocation Failure) [PSYoungGen: 363952K->143921K(465920K)] 1132888K->954469K(1864192K), 0.1333477 secs] [Times: user=0.73 sys=0.00, real=0.13 secs] 
5411.171: [GC (Allocation Failure) [PSYoungGen: 376881K->179477K(465920K)] 1187429K->1035162K(1864192K), 0.0478385 secs] [Times: user=0.23 sys=0.00, real=0.05 secs] 
5411.341: [GC (Allocation Failure) [PSYoungGen: 412437K->185719K(465920K)] 1268122K->1104228K(1864192K), 0.0499447 secs] [Times: user=0.23 sys=0.00, real=0.05 secs] 
5411.504: [GC (Allocation Failure) [PSYoungGen: 418679K->183476K(465920K)] 1337188K->1160953K(1864192K), 0.0574486 secs] [Times: user=0.29 sys=0.00, real=0.06 secs] 
5412.590: [GC (Allocation Failure) [PSYoungGen: 416436K->94411K(465920K)] 1393913K->1141104K(1864192K), 0.0432953 secs] [Times: user=0.23 sys=0.00, real=0.04 secs] 
5413.923: [GC (Allocation Failure) [PSYoungGen: 327371K->173557K(465920K)] 1374064K->1250375K(1864192K), 0.0567652 secs] [Times: user=0.25 sys=0.00, real=0.06 secs] 
5414.150: [GC (Allocation Failure) [PSYoungGen: 406517K->181749K(465920K)] 1483335K->1312855K(1864192K), 0.0433061 secs] [Times: user=0.19 sys=0.00, real=0.04 secs] 
5414.326: [GC (Allocation Failure) [PSYoungGen: 414709K->187317K(465920K)] 1545815K->1373727K(1864192K), 0.0503624 secs] [Times: user=0.24 sys=0.00, real=0.05 secs] 
5415.367: [GC (Allocation Failure) [PSYoungGen: 420277K->135536K(465920K)] 1606687K->1392651K(1864192K), 0.0497872 secs] [Times: user=0.25 sys=0.00, real=0.05 secs] 
5416.134: [GC (Allocation Failure) [PSYoungGen: 368496K->135904K(465920K)] 1625611K->1435842K(1864192K), 0.1213335 secs] [Times: user=0.67 sys=0.00, real=0.12 secs] 
5416.551: [GC (Allocation Failure) [PSYoungGen: 368864K->178741K(465920K)] 1668802K->1522180K(1864192K), 0.0391241 secs] [Times: user=0.17 sys=0.00, real=0.04 secs] 
5416.590: [Full GC (Ergonomics) [PSYoungGen: 178741K->0K(465920K)] [ParOldGen: 1343439K->238193K(1398272K)] 1522180K->238193K(1864192K), [Metaspace: 59582K->59582K(1105920K)], 0.2913175 secs] [Times: user=1.33 sys=0.01, real=0.29 secs] 
5417.001: [GC (Allocation Failure) [PSYoungGen: 232960K->185463K(465920K)] 471153K->423656K(1864192K), 0.0826722 secs] [Times: user=0.43 sys=0.00, real=0.08 secs] 
5417.194: [GC (Allocation Failure) [PSYoungGen: 418423K->183508K(465920K)] 656616K->480454K(1864192K), 0.0571030 secs] [Times: user=0.27 sys=0.00, real=0.06 secs] 
5418.337: [GC (Allocation Failure) [PSYoungGen: 416468K->91867K(465920K)] 713414K->458108K(1864192K), 0.0423217 secs] [Times: user=0.22 sys=0.00, real=0.05 secs] 
5419.308: [GC (Allocation Failure) [PSYoungGen: 324827K->176533K(465920K)] 691068K->572379K(1864192K), 0.0478037 secs] [Times: user=0.20 sys=0.00, real=0.04 secs] 
5419.510: [GC (Allocation Failure) [PSYoungGen: 409493K->184470K(465920K)] 805339K->635504K(1864192K), 0.0425305 secs] [Times: user=0.19 sys=0.00, real=0.04 secs] 
5419.690: [GC (Allocation Failure) [PSYoungGen: 417430K->187061K(465920K)] 868464K->694191K(1864192K), 0.0494018 secs] [Times: user=0.23 sys=0.00, real=0.05 secs] 
5420.676: [GC (Allocation Failure) [PSYoungGen: 420021K->138385K(465920K)] 927151K->716111K(1864192K), 0.0490667 secs] [Times: user=0.25 sys=0.00, real=0.05 secs] 
5421.930: [GC (Allocation Failure) [PSYoungGen: 371345K->128879K(465920K)] 949071K->750446K(1864192K), 0.1142377 secs] [Times: user=0.63 sys=0.00, real=0.11 secs] 
5422.536: [GC (Allocation Failure) [PSYoungGen: 361839K->175220K(465920K)] 983406K->837644K(1864192K), 0.0434552 secs] [Times: user=0.20 sys=0.00, real=0.05 secs] 
5422.701: [GC (Allocation Failure) [PSYoungGen: 408180K->185303K(465920K)] 1070604K->909162K(1864192K), 0.0486749 secs] [Times: user=0.23 sys=0.00, real=0.05 secs] 
5422.865: [GC (Allocation Failure) [PSYoungGen: 418263K->186837K(465920K)] 1142122K->969644K(1864192K), 0.0561369 secs] [Times: user=0.28 sys=0.00, real=0.06 secs] 
5424.118: [GC (Allocation Failure) [PSYoungGen: 419797K->92059K(465920K)] 1202604K->945266K(1864192K), 0.0605707 secs] [Times: user=0.32 sys=0.00, real=0.06 secs] 
5425.082: [GC (Allocation Failure) [PSYoungGen: 325019K->176501K(465920K)] 1178226K->1059173K(1864192K), 0.0499731 secs] [Times: user=0.21 sys=0.00, real=0.05 secs] 
5425.279: [GC (Allocation Failure) [PSYoungGen: 409461K->181589K(465920K)] 1292133K->1119578K(1864192K), 0.0434583 secs] [Times: user=0.19 sys=0.00, real=0.04 secs] 
5425.437: [GC (Allocation Failure) [PSYoungGen: 414549K->187445K(465920K)] 1352538K->1180578K(1864192K), 0.0457538 secs] [Times: user=0.21 sys=0.00, real=0.05 secs] 
5426.472: [GC (Allocation Failure) [PSYoungGen: 420405K->148530K(465920K)] 1413538K->1212331K(1864192K), 0.0509636 secs] [Times: user=0.25 sys=0.00, real=0.05 secs] 
5427.151: [GC (Allocation Failure) [PSYoungGen: 381490K->120942K(465920K)] 1445291K->1231879K(1864192K), 0.1472626 secs] [Times: user=0.82 sys=0.01, real=0.15 secs] 
5427.698: [GC (Allocation Failure) [PSYoungGen: 353902K->178293K(465920K)] 1464839K->1327766K(1864192K), 0.0435584 secs] [Times: user=0.20 sys=0.00, real=0.04 secs] 
5427.885: [GC (Allocation Failure) [PSYoungGen: 411246K->185751K(465920K)] 1560719K->1397684K(1864192K), 0.0599074 secs] [Times: user=0.29 sys=0.00, real=0.06 secs] 
5428.079: [GC (Allocation Failure) [PSYoungGen: 418711K->186421K(465920K)] 1630644K->1457218K(1864192K), 0.0624087 secs] [Times: user=0.31 sys=0.00, real=0.06 secs] 
5429.109: [GC (Allocation Failure) [PSYoungGen: 419381K->93947K(465920K)] 1690178K->1435057K(1864192K), 0.0465861 secs] [Times: user=0.25 sys=0.00, real=0.04 secs] 
5429.156: [Full GC (Ergonomics) [PSYoungGen: 93947K->0K(465920K)] [ParOldGen: 1341109K->91833K(1398272K)] 1435057K->91833K(1864192K), [Metaspace: 59582K->59567K(1105920K)], 0.0586995 secs] [Times: user=0.20 sys=0.00, real=0.06 secs] 
5429.886: [GC (Allocation Failure) [PSYoungGen: 232960K->170548K(465920K)] 324793K->262382K(1864192K), 0.0451164 secs] [Times: user=0.16 sys=0.01, real=0.05 secs] 
5430.124: [GC (Allocation Failure) [PSYoungGen: 403508K->184726K(465920K)] 495342K->330207K(1864192K), 0.0417148 secs] [Times: user=0.19 sys=0.00, real=0.04 secs] 
5430.311: [GC (Allocation Failure) [PSYoungGen: 404647K->172661K(465920K)] 550128K->382303K(1864192K), 0.0640329 secs] [Times: user=0.32 sys=0.00, real=0.06 secs] 
5431.248: [GC (Allocation Failure) [PSYoungGen: 405621K->168947K(401920K)] 615263K->433520K(1800192K), 0.0524702 secs] [Times: user=0.26 sys=0.00, real=0.06 secs] 
5431.946: [GC (Allocation Failure) [PSYoungGen: 401907K->102492K(464896K)] 666480K->431626K(1863168K), 0.1208654 secs] [Times: user=0.67 sys=0.00, real=0.12 secs] 
5432.553: [GC (Allocation Failure) [PSYoungGen: 334940K->179477K(465408K)] 664074K->541052K(1863680K), 0.0449366 secs] [Times: user=0.20 sys=0.00, real=0.04 secs] 
5432.723: [GC (Allocation Failure) [PSYoungGen: 411925K->184342K(465920K)] 773500K->602176K(1864192K), 0.0431086 secs] [Times: user=0.19 sys=0.00, real=0.04 secs] 
5432.882: [GC (Allocation Failure) [PSYoungGen: 417302K->186613K(465920K)] 835136K->660096K(1864192K), 0.0449796 secs] [Times: user=0.20 sys=0.01, real=0.04 secs] 
5433.874: [GC (Allocation Failure) [PSYoungGen: 419573K->100252K(465920K)] 893056K->644239K(1864192K), 0.0438566 secs] [Times: user=0.22 sys=0.00, real=0.04 secs] 
5434.394: [GC (Allocation Failure) [PSYoungGen: 333212K->170964K(465920K)] 877199K->747668K(1864192K), 0.0450065 secs] [Times: user=0.21 sys=0.00, real=0.05 secs] 
5434.555: [GC (GCLocker Initiated GC) [PSYoungGen: 403924K->181525K(465920K)] 980630K->811755K(1864192K), 0.0450319 secs] [Times: user=0.18 sys=0.00, real=0.05 secs] 
5434.724: [GC (Allocation Failure) [PSYoungGen: 414485K->185975K(465920K)] 1044752K->879866K(1864192K), 0.0498573 secs] [Times: user=0.23 sys=0.00, real=0.05 secs] 
5435.642: [GC (Allocation Failure) [PSYoungGen: 417603K->211251K(465920K)] 1111494K->964238K(1864192K), 0.0573217 secs] [Times: user=0.28 sys=0.00, real=0.06 secs] 
5436.184: [GC (Allocation Failure) [PSYoungGen: 444211K->98555K(465920K)] 1197198K->918054K(1864192K), 0.0731976 secs] [Times: user=0.38 sys=0.01, real=0.07 secs] 
5437.300: [GC (Allocation Failure) [PSYoungGen: 331515K->175765K(465920K)] 1151014K->1026689K(1864192K), 0.0518406 secs] [Times: user=0.23 sys=0.00, real=0.05 secs] 
5437.565: [GC (Allocation Failure) [PSYoungGen: 408725K->184438K(465920K)] 1259649K->1090386K(1864192K), 0.0589877 secs] [Times: user=0.28 sys=0.00, real=0.06 secs] 
5437.740: [GC (Allocation Failure) [PSYoungGen: 417398K->183764K(465920K)] 1323346K->1145512K(1864192K), 0.0461048 secs] [Times: user=0.22 sys=0.00, real=0.04 secs] 
5438.725: [GC (Allocation Failure) [PSYoungGen: 416724K->103820K(465920K)] 1378472K->1134976K(1864192K), 0.0484320 secs] [Times: user=0.26 sys=0.01, real=0.05 secs] 
5439.885: [GC (Allocation Failure) [PSYoungGen: 336780K->166836K(465920K)] 1367936K->1231245K(1864192K), 0.1086748 secs] [Times: user=0.56 sys=0.00, real=0.11 secs] 
5440.190: [GC (Allocation Failure) [PSYoungGen: 399796K->178325K(465920K)] 1464205K->1295058K(1864192K), 0.0424451 secs] [Times: user=0.19 sys=0.00, real=0.04 secs] 
5440.384: [GC (Allocation Failure) [PSYoungGen: 411285K->185943K(465920K)] 1528018K->1365364K(1864192K), 0.0742117 secs] [Times: user=0.37 sys=0.00, real=0.08 secs] 
5440.626: [GC (Allocation Failure) [PSYoungGen: 418903K->186645K(465920K)] 1598324K->1425130K(1864192K), 0.0775918 secs] [Times: user=0.40 sys=0.00, real=0.08 secs] 
5441.792: [GC (Allocation Failure) [PSYoungGen: 419605K->94267K(465920K)] 1658090K->1403196K(1864192K), 0.0594779 secs] [Times: user=0.32 sys=0.01, real=0.06 secs] 
5442.357: [GC (Allocation Failure) [PSYoungGen: 327227K->182326K(465920K)] 1636156K->1521184K(1864192K), 0.0477865 secs] [Times: user=0.21 sys=0.01, real=0.05 secs] 
5442.405: [Full GC (Ergonomics) [PSYoungGen: 182326K->0K(465920K)] [ParOldGen: 1338857K->227472K(1398272K)] 1521184K->227472K(1864192K), [Metaspace: 59567K->59567K(1105920K)], 0.2645033 secs] [Times: user=1.22 sys=0.00, real=0.27 secs] 
5442.797: [GC (Allocation Failure) [PSYoungGen: 232960K->181365K(465920K)] 460432K->408838K(1864192K), 0.0266025 secs] [Times: user=0.09 sys=0.00, real=0.03 secs] 
5442.959: [GC (Allocation Failure) [PSYoungGen: 414325K->186389K(465920K)] 641798K->468869K(1864192K), 0.0501591 secs] [Times: user=0.24 sys=0.00, real=0.05 secs] 
5443.973: [GC (Allocation Failure) [PSYoungGen: 419349K->99532K(465920K)] 701829K->452388K(1864192K), 0.0438549 secs] [Times: user=0.22 sys=0.00, real=0.04 secs] 
5445.260: [GC (Allocation Failure) [PSYoungGen: 332492K->162675K(465920K)] 685348K->547377K(1864192K), 0.1213664 secs] [Times: user=0.63 sys=0.00, real=0.12 secs] 
5445.727: [GC (Allocation Failure) [PSYoungGen: 395635K->181621K(465920K)] 780337K->617083K(1864192K), 0.0505626 secs] [Times: user=0.24 sys=0.00, real=0.06 secs] 
5445.899: [GC (Allocation Failure) [PSYoungGen: 414581K->185783K(465920K)] 850043K->684676K(1864192K), 0.0496863 secs] [Times: user=0.23 sys=0.00, real=0.05 secs] 
5446.064: [GC (Allocation Failure) [PSYoungGen: 418743K->186421K(465920K)] 917636K->744306K(1864192K), 0.0550326 secs] [Times: user=0.26 sys=0.00, real=0.06 secs] 
5447.345: [GC (GCLocker Initiated GC) [PSYoungGen: 419381K->84618K(465920K)] 977266K->712695K(1864192K), 0.0598207 secs] [Times: user=0.32 sys=0.00, real=0.06 secs] 
5448.120: [GC (Allocation Failure) [PSYoungGen: 317578K->181558K(465920K)] 945822K->836327K(1864192K), 0.0460915 secs] [Times: user=0.20 sys=0.00, real=0.04 secs] 
5448.300: [GC (Allocation Failure) [PSYoungGen: 414518K->184854K(465920K)] 1069287K->896291K(1864192K), 0.0437419 secs] [Times: user=0.20 sys=0.00, real=0.04 secs] 
5448.480: [GC (Allocation Failure) [PSYoungGen: 417814K->186837K(465920K)] 1129251K->954250K(1864192K), 0.0504692 secs] [Times: user=0.24 sys=0.00, real=0.05 secs] 
5449.508: [GC (Allocation Failure) [PSYoungGen: 419797K->107357K(465920K)] 1187210K->945314K(1864192K), 0.0456881 secs] [Times: user=0.23 sys=0.00, real=0.04 secs] 
5450.577: [GC (Allocation Failure) [PSYoungGen: 340317K->157075K(465920K)] 1178274K->1030308K(1864192K), 0.1053058 secs] [Times: user=0.54 sys=0.01, real=0.11 secs] 
5450.917: [GC (Allocation Failure) [PSYoungGen: 390035K->184246K(465920K)] 1263268K->1106431K(1864192K), 0.0418870 secs] [Times: user=0.18 sys=0.00, real=0.05 secs] 
5451.117: [GC (Allocation Failure) [PSYoungGen: 417206K->182646K(465920K)] 1339391K->1168888K(1864192K), 0.0786766 secs] [Times: user=0.40 sys=0.00, real=0.08 secs] 
5451.383: [GC (Allocation Failure) [PSYoungGen: 415606K->186677K(465920K)] 1401848K->1230838K(1864192K), 0.0719712 secs] [Times: user=0.37 sys=0.00, real=0.07 secs] 
5452.688: [GC (Allocation Failure) [PSYoungGen: 419637K->89082K(465920K)] 1463798K->1203732K(1864192K), 0.0551672 secs] [Times: user=0.30 sys=0.00, real=0.06 secs] 
5454.173: [GC (Allocation Failure) [PSYoungGen: 322042K->172884K(465920K)] 1436692K->1315587K(1864192K), 0.0555135 secs] [Times: user=0.24 sys=0.00, real=0.06 secs] 
5454.389: [GC (Allocation Failure) [PSYoungGen: 405844K->184918K(465920K)] 1548547K->1381680K(1864192K), 0.0437455 secs] [Times: user=0.20 sys=0.00, real=0.04 secs] 
5454.546: [GC (Allocation Failure) [PSYoungGen: 417878K->183860K(465920K)] 1614640K->1436671K(1864192K), 0.0458072 secs] [Times: user=0.21 sys=0.00, real=0.05 secs] 
5455.578: [GC (Allocation Failure) [PSYoungGen: 416820K->120943K(465920K)] 1669631K->1443145K(1864192K), 0.0477791 secs] [Times: user=0.24 sys=0.00, real=0.04 secs] 
5455.626: [Full GC (Ergonomics) [PSYoungGen: 120943K->0K(465920K)] [ParOldGen: 1322202K->99564K(1398272K)] 1443145K->99564K(1864192K), [Metaspace: 59567K->59567K(1105920K)], 0.0341051 secs] [Times: user=0.11 sys=0.00, real=0.04 secs] 
5457.234: [GC (Allocation Failure) [PSYoungGen: 231349K->141937K(465920K)] 330913K->241501K(1864192K), 0.0568008 secs] [Times: user=0.21 sys=0.01, real=0.06 secs] 
5457.678: [GC (Allocation Failure) [PSYoungGen: 374897K->178133K(465920K)] 474461K->322554K(1864192K), 0.0508741 secs] [Times: user=0.24 sys=0.00, real=0.06 secs] 
5457.900: [GC (Allocation Failure) [PSYoungGen: 411093K->186039K(465920K)] 555514K->392732K(1864192K), 0.0549914 secs] [Times: user=0.26 sys=0.00, real=0.05 secs] 
5458.071: [GC (Allocation Failure) [PSYoungGen: 418999K->186965K(465920K)] 625692K->452770K(1864192K), 0.0559494 secs] [Times: user=0.27 sys=0.00, real=0.05 secs] 
5459.083: [GC (GCLocker Initiated GC) [PSYoungGen: 419925K->90314K(465920K)] 685732K->426521K(1864192K), 0.0411580 secs] [Times: user=0.21 sys=0.00, real=0.04 secs] 
5460.426: [GC (Allocation Failure) [PSYoungGen: 323274K->176917K(465920K)] 659482K->541957K(1864192K), 0.0573588 secs] [Times: user=0.26 sys=0.00, real=0.06 secs] 
5460.656: [GC (Allocation Failure) [PSYoungGen: 409877K->184918K(465920K)] 774917K->604018K(1864192K), 0.0440536 secs] [Times: user=0.20 sys=0.00, real=0.05 secs] 
5460.837: [GC (Allocation Failure) [PSYoungGen: 417878K->187413K(465920K)] 836978K->662425K(1864192K), 0.0513244 secs] [Times: user=0.25 sys=0.00, real=0.06 secs] 
5461.831: [GC (Allocation Failure) [PSYoungGen: 420373K->132816K(465920K)] 895385K->678493K(1864192K), 0.0496806 secs] [Times: user=0.25 sys=0.00, real=0.05 secs] 
5463.279: [GC (Allocation Failure) [PSYoungGen: 365776K->133264K(465920K)] 911453K->720900K(1864192K), 0.1395184 secs] [Times: user=0.77 sys=0.00, real=0.14 secs] 
5463.640: [GC (Allocation Failure) [PSYoungGen: 366224K->175700K(465920K)] 953860K->805966K(1864192K), 0.0382638 secs] [Times: user=0.17 sys=0.00, real=0.04 secs] 
5463.798: [GC (Allocation Failure) [PSYoungGen: 408660K->185751K(465920K)] 1038926K->877536K(1864192K), 0.0490730 secs] [Times: user=0.23 sys=0.00, real=0.04 secs] 
5464.027: [GC (Allocation Failure) [PSYoungGen: 418711K->186613K(465920K)] 1110496K->937414K(1864192K), 0.0814045 secs] [Times: user=0.42 sys=0.00, real=0.09 secs] 
5465.112: [GC (Allocation Failure) [PSYoungGen: 419573K->92267K(465920K)] 1170374K->913368K(1864192K), 0.0437221 secs] [Times: user=0.22 sys=0.00, real=0.04 secs] 
5466.435: [GC (Allocation Failure) [PSYoungGen: 325227K->172564K(465920K)] 1146328K->1023183K(1864192K), 0.0614393 secs] [Times: user=0.27 sys=0.01, real=0.06 secs] 
5466.672: [GC (Allocation Failure) [PSYoungGen: 405524K->181653K(465920K)] 1256143K->1085988K(1864192K), 0.0432014 secs] [Times: user=0.19 sys=0.00, real=0.04 secs] 
5466.831: [GC (Allocation Failure) [PSYoungGen: 414613K->187157K(465920K)] 1318948K->1146835K(1864192K), 0.0456204 secs] [Times: user=0.21 sys=0.00, real=0.04 secs] 
5467.886: [GC (Allocation Failure) [PSYoungGen: 420117K->146290K(465920K)] 1379795K->1176600K(1864192K), 0.0512188 secs] [Times: user=0.25 sys=0.00, real=0.05 secs] 
5468.311: [GC (Allocation Failure) [PSYoungGen: 379250K->128831K(465920K)] 1409560K->1205678K(1864192K), 0.1309615 secs] [Times: user=0.72 sys=0.00, real=0.13 secs] 
5468.703: [GC (Allocation Failure) [PSYoungGen: 361791K->175060K(465920K)] 1438638K->1292552K(1864192K), 0.0401186 secs] [Times: user=0.17 sys=0.01, real=0.04 secs] 
5468.904: [GC (Allocation Failure) [PSYoungGen: 408020K->185527K(465920K)] 1525512K->1364582K(1864192K), 0.0728558 secs] [Times: user=0.36 sys=0.00, real=0.07 secs] 
5469.152: [GC (Allocation Failure) [PSYoungGen: 418487K->186325K(465920K)] 1597542K->1424100K(1864192K), 0.0777763 secs] [Times: user=0.40 sys=0.00, real=0.08 secs] 
5470.238: [GC (Allocation Failure) [PSYoungGen: 419285K->93051K(465920K)] 1657060K->1401066K(1864192K), 0.0451275 secs] [Times: user=0.24 sys=0.00, real=0.04 secs] 
5471.853: [GC (Allocation Failure) [PSYoungGen: 326011K->171476K(465920K)] 1634026K->1508785K(1864192K), 0.0536703 secs] [Times: user=0.24 sys=0.00, real=0.05 secs] 
5471.907: [Full GC (Ergonomics) [PSYoungGen: 171476K->0K(465920K)] [ParOldGen: 1337308K->200939K(1398272K)] 1508785K->200939K(1864192K), [Metaspace: 59567K->59567K(1105920K)], 0.2465935 secs] [Times: user=1.18 sys=0.00, real=0.25 secs] 
5472.268: [GC (Allocation Failure) [PSYoungGen: 232960K->184726K(465920K)] 433899K->385665K(1864192K), 0.0303486 secs] [Times: user=0.12 sys=0.00, real=0.03 secs] 
5472.410: [GC (Allocation Failure) [PSYoungGen: 417686K->187413K(465920K)] 618625K->444369K(1864192K), 0.0443482 secs] [Times: user=0.20 sys=0.00, real=0.04 secs] 
5473.358: [GC (Allocation Failure) [PSYoungGen: 420373K->149362K(465920K)] 677329K->476894K(1864192K), 0.0502955 secs] [Times: user=0.25 sys=0.00, real=0.05 secs] 
5474.285: [GC (Allocation Failure) [PSYoungGen: 382322K->117854K(465920K)] 709854K->492761K(1864192K), 0.1424059 secs] [Times: user=0.80 sys=0.00, real=0.15 secs] 
5474.851: [GC (Allocation Failure) [PSYoungGen: 350814K->176116K(465920K)] 725721K->588389K(1864192K), 0.0385922 secs] [Times: user=0.16 sys=0.00, real=0.04 secs] 
5475.042: [GC (Allocation Failure) [PSYoungGen: 409076K->185303K(465920K)] 821349K->659475K(1864192K), 0.0542962 secs] [Times: user=0.26 sys=0.00, real=0.05 secs] 
5475.229: [GC (Allocation Failure) [PSYoungGen: 418263K->183508K(465920K)] 892435K->716529K(1864192K), 0.0583919 secs] [Times: user=0.29 sys=0.01, real=0.05 secs] 
5476.249: [GC (GCLocker Initiated GC) [PSYoungGen: 416468K->95259K(465920K)] 949489K->697664K(1864192K), 0.0456044 secs] [Times: user=0.24 sys=0.00, real=0.04 secs] 
5477.477: [GC (GCLocker Initiated GC) [PSYoungGen: 328219K->165332K(465920K)] 930627K->798144K(1864192K), 0.0837662 secs] [Times: user=0.40 sys=0.00, real=0.09 secs] 
5477.782: [GC (Allocation Failure) [PSYoungGen: 398292K->184246K(465920K)] 1031271K->869257K(1864192K), 0.0480741 secs] [Times: user=0.22 sys=0.00, real=0.05 secs] 
5477.978: [GC (Allocation Failure) [PSYoungGen: 417206K->185271K(465920K)] 1102217K->934330K(1864192K), 0.0722552 secs] [Times: user=0.36 sys=0.00, real=0.07 secs] 
5478.957: [GC (Allocation Failure) [PSYoungGen: 418231K->169459K(465920K)] 1167290K->977398K(1864192K), 0.0579285 secs] [Times: user=0.29 sys=0.00, real=0.06 secs] 
5479.796: [GC (Allocation Failure) [PSYoungGen: 402419K->101404K(465920K)] 1210358K->974175K(1864192K), 0.0869409 secs] [Times: user=0.47 sys=0.00, real=0.09 secs] 
5481.013: [GC (Allocation Failure) [PSYoungGen: 334364K->180502K(465920K)] 1207135K->1085086K(1864192K), 0.0503803 secs] [Times: user=0.22 sys=0.00, real=0.05 secs] 
5481.195: [GC (Allocation Failure) [PSYoungGen: 413462K->180661K(465920K)] 1318046K->1141454K(1864192K), 0.0446990 secs] [Times: user=0.20 sys=0.00, real=0.05 secs] 
5481.355: [GC (Allocation Failure) [PSYoungGen: 413621K->186165K(465920K)] 1374414K->1201909K(1864192K), 0.0468087 secs] [Times: user=0.22 sys=0.00, real=0.05 secs] 
5482.373: [GC (Allocation Failure) [PSYoungGen: 419125K->97643K(465920K)] 1434869K->1183556K(1864192K), 0.0460502 secs] [Times: user=0.24 sys=0.00, real=0.05 secs] 
5483.303: [GC (Allocation Failure) [PSYoungGen: 330603K->166964K(465920K)] 1416516K->1285052K(1864192K), 0.0849784 secs] [Times: user=0.43 sys=0.00, real=0.09 secs] 
5483.561: [GC (Allocation Failure) [PSYoungGen: 399924K->184470K(465920K)] 1518012K->1354754K(1864192K), 0.0449412 secs] [Times: user=0.20 sys=0.00, real=0.04 secs] 
5483.726: [GC (Allocation Failure) [PSYoungGen: 417430K->185943K(465920K)] 1587714K->1420387K(1864192K), 0.0527500 secs] [Times: user=0.25 sys=0.00, real=0.06 secs] 
5484.122: [GC (Allocation Failure) [PSYoungGen: 418903K->216660K(465920K)] 1653347K->1509849K(1864192K), 0.0570583 secs] [Times: user=0.28 sys=0.00, real=0.06 secs] 
5485.493: [GC (GCLocker Initiated GC) [PSYoungGen: 449620K->86490K(465920K)] 1742809K->1448638K(1864192K), 0.1083276 secs] [Times: user=0.57 sys=0.03, real=0.11 secs] 
5485.602: [Full GC (Ergonomics) [PSYoungGen: 86490K->0K(465920K)] [ParOldGen: 1362148K->103136K(1398272K)] 1448638K->103136K(1864192K), [Metaspace: 59569K->59569K(1105920K)], 0.1560087 secs] [Times: user=0.67 sys=0.00, real=0.15 secs] 
5486.228: [GC (Allocation Failure) [PSYoungGen: 232960K->186486K(465920K)] 336099K->289626K(1864192K), 0.0312329 secs] [Times: user=0.12 sys=0.00, real=0.03 secs] 
5486.383: [GC (Allocation Failure) [PSYoungGen: 419446K->184630K(465920K)] 522586K->344637K(1864192K), 0.0409668 secs] [Times: user=0.19 sys=0.00, real=0.04 secs] 
5486.535: [GC (Allocation Failure) [PSYoungGen: 417590K->186901K(465920K)] 577597K->402789K(1864192K), 0.0441761 secs] [Times: user=0.20 sys=0.00, real=0.05 secs] 
5487.518: [GC (Allocation Failure) [PSYoungGen: 419861K->100060K(465920K)] 635749K->386476K(1864192K), 0.0445257 secs] [Times: user=0.24 sys=0.00, real=0.04 secs] 
5488.896: [GC (Allocation Failure) [PSYoungGen: 333020K->162163K(465920K)] 619436K->480504K(1864192K), 0.0885147 secs] [Times: user=0.44 sys=0.00, real=0.09 secs] 
5489.186: [GC (Allocation Failure) [PSYoungGen: 395123K->184726K(465920K)] 713464K->553586K(1864192K), 0.0427067 secs] [Times: user=0.19 sys=0.00, real=0.05 secs] 
5489.383: [GC (Allocation Failure) [PSYoungGen: 417686K->182966K(465920K)] 786546K->616003K(1864192K), 0.0683808 secs] [Times: user=0.34 sys=0.00, real=0.07 secs] 
5489.608: [GC (Allocation Failure) [PSYoungGen: 415926K->186645K(465920K)] 848963K->677762K(1864192K), 0.0752932 secs] [Times: user=0.38 sys=0.00, real=0.07 secs] 
5490.828: [GC (Allocation Failure) [PSYoungGen: 419605K->86522K(465920K)] 910722K->648143K(1864192K), 0.0731973 secs] [Times: user=0.40 sys=0.00, real=0.07 secs] 
5491.553: [GC (Allocation Failure) [PSYoungGen: 319482K->179093K(465920K)] 881103K->768535K(1864192K), 0.0476913 secs] [Times: user=0.21 sys=0.01, real=0.05 secs] 
5491.798: [GC (Allocation Failure) [PSYoungGen: 412053K->184534K(465920K)] 1001495K->830008K(1864192K), 0.0612664 secs] [Times: user=0.29 sys=0.00, real=0.06 secs] 
5492.147: [GC (Allocation Failure) [PSYoungGen: 417494K->183188K(465920K)] 1062968K->884558K(1864192K), 0.0720152 secs] [Times: user=0.36 sys=0.00, real=0.08 secs] 
5494.163: [GC (Allocation Failure) [PSYoungGen: 416148K->111805K(465920K)] 1117518K->882207K(1864192K), 0.0611065 secs] [Times: user=0.32 sys=0.01, real=0.06 secs] 
5495.949: [GC (Allocation Failure) [PSYoungGen: 344765K->149425K(465920K)] 1115167K->955635K(1864192K), 0.1424197 secs] [Times: user=0.75 sys=0.00, real=0.14 secs] 
5496.388: [GC (Allocation Failure) [PSYoungGen: 382385K->184374K(465920K)] 1188595K->1037819K(1864192K), 0.0425019 secs] [Times: user=0.19 sys=0.00, real=0.04 secs] 
5496.595: [GC (Allocation Failure) [PSYoungGen: 417334K->185815K(465920K)] 1270779K->1103348K(1864192K), 0.0717072 secs] [Times: user=0.36 sys=0.00, real=0.07 secs] 
5496.801: [GC (Allocation Failure) [PSYoungGen: 418775K->186901K(465920K)] 1336308K->1163298K(1864192K), 0.0583144 secs] [Times: user=0.29 sys=0.00, real=0.06 secs] 
5497.785: [GC (Allocation Failure) [PSYoungGen: 419861K->95067K(465920K)] 1396258K->1141832K(1864192K), 0.0439021 secs] [Times: user=0.23 sys=0.00, real=0.05 secs] 
5500.115: [GC (Allocation Failure) [PSYoungGen: 328027K->165684K(465920K)] 1374792K->1242606K(1864192K), 0.0595310 secs] [Times: user=0.26 sys=0.01, real=0.06 secs] 
5500.396: [GC (Allocation Failure) [PSYoungGen: 398644K->184662K(465920K)] 1475566K->1313300K(1864192K), 0.0563764 secs] [Times: user=0.27 sys=0.00, real=0.06 secs] 
5500.590: [GC (Allocation Failure) [PSYoungGen: 417622K->187285K(465920K)] 1546260K->1371899K(1864192K), 0.0555368 secs] [Times: user=0.27 sys=0.00, real=0.05 secs] 
5501.594: [GC (Allocation Failure) [PSYoungGen: 420245K->122831K(465920K)] 1604859K->1377989K(1864192K), 0.0493998 secs] [Times: user=0.25 sys=0.00, real=0.05 secs] 
5502.929: [GC (Allocation Failure) [PSYoungGen: 355791K->141681K(465920K)] 1610949K->1435631K(1864192K), 0.1648940 secs] [Times: user=0.91 sys=0.00, real=0.16 secs] 
5503.379: [GC (Allocation Failure) [PSYoungGen: 374641K->178613K(465920K)] 1668591K->1517552K(1864192K), 0.0402841 secs] [Times: user=0.18 sys=0.00, real=0.04 secs] 
5503.420: [Full GC (Ergonomics) [PSYoungGen: 178613K->0K(465920K)] [ParOldGen: 1338939K->240398K(1398272K)] 1517552K->240398K(1864192K), [Metaspace: 59569K->59569K(1105920K)], 0.2984381 secs] [Times: user=1.34 sys=0.00, real=0.30 secs] 
5503.837: [GC (Allocation Failure) [PSYoungGen: 232960K->185975K(465920K)] 473358K->426373K(1864192K), 0.0920044 secs] [Times: user=0.49 sys=0.00, real=0.10 secs] 
5504.039: [GC (Allocation Failure) [PSYoungGen: 418935K->183604K(465920K)] 659333K->483099K(1864192K), 0.0563704 secs] [Times: user=0.28 sys=0.00, real=0.05 secs] 
5505.026: [GC (Allocation Failure) [PSYoungGen: 416564K->91130K(465920K)] 716059K->459817K(1864192K), 0.0411457 secs] [Times: user=0.21 sys=0.01, real=0.04 secs] 
5506.205: [GC (Allocation Failure) [PSYoungGen: 324090K->176533K(465920K)] 692777K->574211K(1864192K), 0.0556315 secs] [Times: user=0.25 sys=0.00, real=0.06 secs] 
5506.423: [GC (Allocation Failure) [PSYoungGen: 409493K->181589K(465920K)] 807171K->634624K(1864192K), 0.0433656 secs] [Times: user=0.19 sys=0.00, real=0.04 secs] 
5506.582: [GC (Allocation Failure) [PSYoungGen: 414549K->187093K(465920K)] 867584K->695223K(1864192K), 0.0452441 secs] [Times: user=0.21 sys=0.00, real=0.04 secs] 
5507.543: [GC (Allocation Failure) [PSYoungGen: 420053K->135376K(465920K)] 928183K->713987K(1864192K), 0.0490531 secs] [Times: user=0.24 sys=0.00, real=0.05 secs] 
5508.483: [GC (Allocation Failure) [PSYoungGen: 368336K->131055K(465920K)] 946947K->752586K(1864192K), 0.1430389 secs] [Times: user=0.79 sys=0.01, real=0.14 secs] 
5509.353: [GC (Allocation Failure) [PSYoungGen: 364015K->177493K(465920K)] 985546K->840452K(1864192K), 0.0521503 secs] [Times: user=0.24 sys=0.00, real=0.05 secs] 
5509.536: [GC (Allocation Failure) [PSYoungGen: 410453K->185911K(465920K)] 1073412K->911002K(1864192K), 0.0505640 secs] [Times: user=0.23 sys=0.00, real=0.05 secs] 
5509.697: [GC (Allocation Failure) [PSYoungGen: 418871K->186549K(465920K)] 1143962K->970720K(1864192K), 0.0580224 secs] [Times: user=0.29 sys=0.00, real=0.06 secs] 
5510.754: [GC (Allocation Failure) [PSYoungGen: 419509K->91259K(465920K)] 1203680K->945574K(1864192K), 0.0456916 secs] [Times: user=0.24 sys=0.00, real=0.05 secs] 
5511.652: [GC (Allocation Failure) [PSYoungGen: 324219K->172276K(465920K)] 1178534K->1056544K(1864192K), 0.0583918 secs] [Times: user=0.26 sys=0.00, real=0.06 secs] 
5511.940: [GC (Allocation Failure) [PSYoungGen: 405236K->184406K(465920K)] 1289504K->1122677K(1864192K), 0.0553528 secs] [Times: user=0.26 sys=0.00, real=0.05 secs] 
5512.107: [GC (Allocation Failure) [PSYoungGen: 417366K->187445K(465920K)] 1355637K->1181653K(1864192K), 0.0465022 secs] [Times: user=0.22 sys=0.00, real=0.05 secs] 
5513.052: [GC (Allocation Failure) [PSYoungGen: 420405K->144626K(465920K)] 1414613K->1209489K(1864192K), 0.0514610 secs] [Times: user=0.26 sys=0.00, real=0.05 secs] 
5514.028: [GC (Allocation Failure) [PSYoungGen: 377586K->127791K(465920K)] 1442449K->1238251K(1864192K), 0.1637750 secs] [Times: user=0.91 sys=0.01, real=0.17 secs] 
5515.396: [GC (Allocation Failure) [PSYoungGen: 360751K->173716K(465920K)] 1471211K->1324433K(1864192K), 0.0549179 secs] [Times: user=0.26 sys=0.00, real=0.06 secs] 
5515.588: [GC (Allocation Failure) [PSYoungGen: 406676K->185943K(465920K)] 1557393K->1397620K(1864192K), 0.0498341 secs] [Times: user=0.23 sys=0.00, real=0.05 secs] 
5515.775: [GC (Allocation Failure) [PSYoungGen: 418903K->186837K(465920K)] 1630580K->1457602K(1864192K), 0.0624135 secs] [Times: user=0.31 sys=0.00, real=0.06 secs] 
5516.852: [GC (Allocation Failure) [PSYoungGen: 419797K->92747K(465920K)] 1690562K->1433928K(1864192K), 0.0443218 secs] [Times: user=0.23 sys=0.00, real=0.04 secs] 
5516.896: [Full GC (Ergonomics) [PSYoungGen: 92747K->0K(465920K)] [ParOldGen: 1341180K->92183K(1398272K)] 1433928K->92183K(1864192K), [Metaspace: 59569K->59569K(1105920K)], 0.0553119 secs] [Times: user=0.20 sys=0.00, real=0.06 secs] 
5518.025: [GC (Allocation Failure) [PSYoungGen: 232960K->171508K(465920K)] 325143K->263692K(1864192K), 0.0355364 secs] [Times: user=0.13 sys=0.00, real=0.04 secs] 
5518.263: [GC (Allocation Failure) [PSYoungGen: 404468K->181621K(465920K)] 496652K->327345K(1864192K), 0.0574683 secs] [Times: user=0.27 sys=0.00, real=0.06 secs] 
5518.491: [GC (Allocation Failure) [PSYoungGen: 399266K->172885K(465920K)] 544990K->381945K(1864192K), 0.0668052 secs] [Times: user=0.33 sys=0.00, real=0.07 secs] 
5519.403: [GC (Allocation Failure) [PSYoungGen: 403293K->205747K(465920K)] 612353K->469694K(1864192K), 0.0530902 secs] [Times: user=0.27 sys=0.00, real=0.05 secs] 
5519.906: [GC (Allocation Failure) [PSYoungGen: 438707K->97515K(465920K)] 702654K->426035K(1864192K), 0.0430309 secs] [Times: user=0.21 sys=0.00, real=0.05 secs] 
5520.229: [GC (Allocation Failure) [PSYoungGen: 330475K->183062K(465920K)] 658995K->543043K(1864192K), 0.0345965 secs] [Times: user=0.14 sys=0.00, real=0.03 secs] 
5520.407: [GC (Allocation Failure) [PSYoungGen: 416022K->184598K(465920K)] 776003K->601734K(1864192K), 0.0475113 secs] [Times: user=0.21 sys=0.00, real=0.05 secs] 
5520.596: [GC (Allocation Failure) [PSYoungGen: 417558K->186581K(465920K)] 834694K->659694K(1864192K), 0.0455459 secs] [Times: user=0.21 sys=0.00, real=0.05 secs] 
5521.581: [GC (Allocation Failure) [PSYoungGen: 419541K->97307K(465920K)] 892654K->640828K(1864192K), 0.0434657 secs] [Times: user=0.23 sys=0.00, real=0.04 secs] 
5522.788: [GC (Allocation Failure) [PSYoungGen: 330267K->166548K(465920K)] 873788K->741097K(1864192K), 0.0946541 secs] [Times: user=0.48 sys=0.01, real=0.09 secs] 
5523.079: [GC (Allocation Failure) [PSYoungGen: 399508K->184790K(465920K)] 974057K->811295K(1864192K), 0.0424600 secs] [Times: user=0.19 sys=0.00, real=0.04 secs] 
5523.238: [GC (Allocation Failure) [PSYoungGen: 417750K->186007K(465920K)] 1044255K->876737K(1864192K), 0.0503302 secs] [Times: user=0.24 sys=0.00, real=0.05 secs] 
5523.683: [GC (Allocation Failure) [PSYoungGen: 418882K->213588K(465920K)] 1109612K->963438K(1864192K), 0.0528214 secs] [Times: user=0.26 sys=0.00, real=0.05 secs] 
5524.752: [GC (Allocation Failure) [PSYoungGen: 446548K->90106K(465920K)] 1196398K->907844K(1864192K), 0.0678219 secs] [Times: user=0.36 sys=0.00, real=0.07 secs] 
5525.515: [GC (Allocation Failure) [PSYoungGen: 323066K->179157K(465920K)] 1140804K->1025568K(1864192K), 0.0537404 secs] [Times: user=0.24 sys=0.00, real=0.06 secs] 
5525.723: [GC (Allocation Failure) [PSYoungGen: 412117K->184566K(465920K)] 1258528K->1087220K(1864192K), 0.0435896 secs] [Times: user=0.20 sys=0.00, real=0.04 secs] 
5525.883: [GC (Allocation Failure) [PSYoungGen: 417526K->186645K(465920K)] 1320180K->1145252K(1864192K), 0.0456459 secs] [Times: user=0.22 sys=0.00, real=0.05 secs] 
5526.863: [GC (Allocation Failure) [PSYoungGen: 419605K->105452K(465920K)] 1378212K->1134467K(1864192K), 0.0462913 secs] [Times: user=0.24 sys=0.00, real=0.05 secs] 
5527.846: [GC (Allocation Failure) [PSYoungGen: 338412K->165460K(465920K)] 1367427K->1228587K(1864192K), 0.1211881 secs] [Times: user=0.63 sys=0.01, real=0.12 secs] 
5528.255: [GC (Allocation Failure) [PSYoungGen: 398420K->178581K(465920K)] 1461547K->1293421K(1864192K), 0.0424800 secs] [Times: user=0.19 sys=0.00, real=0.04 secs] 
5528.445: [GC (Allocation Failure) [PSYoungGen: 411541K->185591K(465920K)] 1526381K->1363431K(1864192K), 0.0662652 secs] [Times: user=0.32 sys=0.00, real=0.07 secs] 
5528.652: [GC (Allocation Failure) [PSYoungGen: 418551K->185941K(465920K)] 1596391K->1422621K(1864192K), 0.0562225 secs] [Times: user=0.27 sys=0.00, real=0.06 secs] 
5529.774: [GC (Allocation Failure) [PSYoungGen: 418901K->93979K(465920K)] 1655581K->1400755K(1864192K), 0.0552430 secs] [Times: user=0.30 sys=0.00, real=0.06 secs] 
5530.684: [GC (GCLocker Initiated GC) [PSYoungGen: 326939K->175477K(465920K)] 1633715K->1511986K(1864192K), 0.0562366 secs] [Times: user=0.25 sys=0.00, real=0.06 secs] 
5530.740: [Full GC (Ergonomics) [PSYoungGen: 175477K->0K(465920K)] [ParOldGen: 1336509K->219884K(1398272K)] 1511986K->219884K(1864192K), [Metaspace: 59569K->59569K(1105920K)], 0.2810278 secs] [Times: user=1.34 sys=0.00, real=0.28 secs] 
5531.140: [GC (Allocation Failure) [PSYoungGen: 232960K->192854K(465920K)] 452847K->412741K(1864192K), 0.0268753 secs] [Times: user=0.09 sys=0.00, real=0.02 secs] 
5531.295: [GC (Allocation Failure) [PSYoungGen: 425814K->186805K(465920K)] 645701K->462652K(1864192K), 0.0454040 secs] [Times: user=0.21 sys=0.00, real=0.05 secs] 
5532.326: [GC (GCLocker Initiated GC) [PSYoungGen: 419765K->104876K(465920K)] 695612K->451076K(1864192K), 0.0446175 secs] [Times: user=0.23 sys=0.00, real=0.05 secs] 
5533.248: [GC (Allocation Failure) [PSYoungGen: 337836K->162611K(465920K)] 684203K->543390K(1864192K), 0.0995409 secs] [Times: user=0.51 sys=0.00, real=0.10 secs] 
5533.533: [GC (Allocation Failure) [PSYoungGen: 395571K->178037K(465920K)] 776350K->609947K(1864192K), 0.0424446 secs] [Times: user=0.19 sys=0.00, real=0.04 secs] 
5533.723: [GC (Allocation Failure) [PSYoungGen: 410997K->186167K(465920K)] 842907K->680606K(1864192K), 0.0688623 secs] [Times: user=0.34 sys=0.00, real=0.07 secs] 
5533.954: [GC (Allocation Failure) [PSYoungGen: 419127K->186517K(465920K)] 913566K->740064K(1864192K), 0.0577330 secs] [Times: user=0.29 sys=0.00, real=0.06 secs] 
5535.108: [GC (Allocation Failure) [PSYoungGen: 419477K->93755K(465920K)] 973024K->717797K(1864192K), 0.0635831 secs] [Times: user=0.34 sys=0.00, real=0.07 secs] 
5536.067: [GC (Allocation Failure) [PSYoungGen: 326715K->174837K(465920K)] 950757K->828471K(1864192K), 0.0534407 secs] [Times: user=0.24 sys=0.00, real=0.06 secs] 
5536.277: [GC (Allocation Failure) [PSYoungGen: 407797K->184598K(465920K)] 1061431K->892900K(1864192K), 0.0433928 secs] [Times: user=0.20 sys=0.00, real=0.05 secs] 
5536.471: [GC (Allocation Failure) [PSYoungGen: 417558K->183508K(465920K)] 1125860K->947683K(1864192K), 0.0688051 secs] [Times: user=0.34 sys=0.00, real=0.07 secs] 
5537.581: [GC (Allocation Failure) [PSYoungGen: 416468K->113662K(465920K)] 1180643K->947244K(1864192K), 0.0464225 secs] [Times: user=0.24 sys=0.00, real=0.04 secs] 
5538.024: [GC (Allocation Failure) [PSYoungGen: 346622K->160851K(465920K)] 1180204K->1031590K(1864192K), 0.1087273 secs] [Times: user=0.57 sys=0.00, real=0.11 secs] 
5538.321: [GC (Allocation Failure) [PSYoungGen: 393811K->181461K(465920K)] 1264550K->1102808K(1864192K), 0.0437596 secs] [Times: user=0.19 sys=0.00, real=0.04 secs] 
5538.519: [GC (Allocation Failure) [PSYoungGen: 414421K->182486K(465920K)] 1335768K->1167210K(1864192K), 0.0732097 secs] [Times: user=0.36 sys=0.00, real=0.07 secs] 
5538.726: [GC (Allocation Failure) [PSYoungGen: 415446K->186581K(465920K)] 1400170K->1229216K(1864192K), 0.0585959 secs] [Times: user=0.29 sys=0.00, real=0.06 secs] 
5539.804: [GC (Allocation Failure) [PSYoungGen: 419541K->91354K(465920K)] 1462176K->1204430K(1864192K), 0.0426018 secs] [Times: user=0.22 sys=0.00, real=0.04 secs] 
5540.586: [GC (Allocation Failure) [PSYoungGen: 324314K->181494K(465920K)] 1437390K->1323914K(1864192K), 0.0498298 secs] [Times: user=0.22 sys=0.00, real=0.05 secs] 
5540.819: [GC (Allocation Failure) [PSYoungGen: 414454K->184534K(465920K)] 1556874K->1383510K(1864192K), 0.0592589 secs] [Times: user=0.28 sys=0.00, real=0.06 secs] 
5541.039: [GC (Allocation Failure) [PSYoungGen: 417494K->186613K(465920K)] 1616470K->1441613K(1864192K), 0.0514052 secs] [Times: user=0.24 sys=0.00, real=0.05 secs] 
5542.054: [GC (Allocation Failure) [PSYoungGen: 419573K->109613K(465920K)] 1674573K->1435133K(1864192K), 0.0475069 secs] [Times: user=0.24 sys=0.00, real=0.05 secs] 
5542.102: [Full GC (Ergonomics) [PSYoungGen: 109613K->0K(465920K)] [ParOldGen: 1325520K->93065K(1398272K)] 1435133K->93065K(1864192K), [Metaspace: 59569K->59569K(1105920K)], 0.0335021 secs] [Times: user=0.10 sys=0.00, real=0.03 secs] 
5543.263: [GC (Allocation Failure) [PSYoungGen: 232960K->155026K(465920K)] 326025K->248092K(1864192K), 0.0493559 secs] [Times: user=0.19 sys=0.00, real=0.05 secs] 
5543.546: [GC (Allocation Failure) [PSYoungGen: 387986K->183445K(465920K)] 481052K->324727K(1864192K), 0.0403803 secs] [Times: user=0.18 sys=0.00, real=0.04 secs] 
5543.738: [GC (Allocation Failure) [PSYoungGen: 416405K->186071K(465920K)] 557687K->391328K(1864192K), 0.0539982 secs] [Times: user=0.26 sys=0.00, real=0.05 secs] 
5543.915: [GC (Allocation Failure) [PSYoungGen: 419031K->186741K(465920K)] 624288K->450998K(1864192K), 0.0549732 secs] [Times: user=0.27 sys=0.00, real=0.06 secs] 
5544.997: [GC (GCLocker Initiated GC) [PSYoungGen: 419701K->88682K(465920K)] 683959K->423516K(1864192K), 0.0573648 secs] [Times: user=0.30 sys=0.00, real=0.06 secs] 
5545.936: [GC (Allocation Failure) [PSYoungGen: 321642K->173557K(465920K)] 656643K->536458K(1864192K), 0.0502256 secs] [Times: user=0.22 sys=0.00, real=0.05 secs] 
5546.137: [GC (Allocation Failure) [PSYoungGen: 406517K->193174K(465920K)] 769418K->610299K(1864192K), 0.0430809 secs] [Times: user=0.19 sys=0.00, real=0.05 secs] 
5546.292: [GC (Allocation Failure) [PSYoungGen: 426134K->187061K(465920K)] 843259K->660386K(1864192K), 0.0453033 secs] [Times: user=0.21 sys=0.00, real=0.04 secs] 
5547.288: [GC (Allocation Failure) [PSYoungGen: 420021K->116238K(465920K)] 893346K->660187K(1864192K), 0.0483910 secs] [Times: user=0.23 sys=0.00, real=0.04 secs] 
5547.847: [GC (Allocation Failure) [PSYoungGen: 349198K->145681K(465920K)] 893147K->726562K(1864192K), 0.0874668 secs] [Times: user=0.45 sys=0.01, real=0.09 secs] 
5548.684: [GC (Allocation Failure) [PSYoungGen: 378641K->180053K(465920K)] 959522K->806483K(1864192K), 0.0529161 secs] [Times: user=0.24 sys=0.00, real=0.05 secs] 
5548.866: [GC (Allocation Failure) [PSYoungGen: 413013K->185783K(465920K)] 1039443K->875029K(1864192K), 0.0494567 secs] [Times: user=0.22 sys=0.00, real=0.05 secs] 
5549.031: [GC (Allocation Failure) [PSYoungGen: 418743K->186933K(465920K)] 1107989K->935187K(1864192K), 0.0561165 secs] [Times: user=0.28 sys=0.00, real=0.05 secs] 
5550.060: [GC (Allocation Failure) [PSYoungGen: 419893K->94907K(465920K)] 1168147K->913553K(1864192K), 0.0422602 secs] [Times: user=0.22 sys=0.00, real=0.04 secs] 
5551.219: [GC (Allocation Failure) [PSYoungGen: 327867K->169972K(465920K)] 1146513K->1018663K(1864192K), 0.0530062 secs] [Times: user=0.23 sys=0.00, real=0.05 secs] 
5551.472: [GC (Allocation Failure) [PSYoungGen: 402932K->184566K(465920K)] 1251623K->1086765K(1864192K), 0.0594799 secs] [Times: user=0.28 sys=0.00, real=0.06 secs] 
5551.709: [GC (Allocation Failure) [PSYoungGen: 417526K->186869K(465920K)] 1319725K->1145004K(1864192K), 0.0672350 secs] [Times: user=0.33 sys=0.00, real=0.06 secs] 
5552.718: [GC (Allocation Failure) [PSYoungGen: 419829K->129648K(465920K)] 1377964K->1158351K(1864192K), 0.0490797 secs] [Times: user=0.25 sys=0.00, real=0.05 secs] 
5553.723: [GC (Allocation Failure) [PSYoungGen: 362608K->141729K(465920K)] 1391311K->1211640K(1864192K), 0.1532079 secs] [Times: user=0.85 sys=0.00, real=0.15 secs] 
5554.490: [GC (Allocation Failure) [PSYoungGen: 374689K->174516K(465920K)] 1444600K->1289577K(1864192K), 0.0538918 secs] [Times: user=0.25 sys=0.01, real=0.05 secs] 
5554.677: [GC (Allocation Failure) [PSYoungGen: 407476K->185495K(465920K)] 1522537K->1361487K(1864192K), 0.0498523 secs] [Times: user=0.23 sys=0.00, real=0.05 secs] 
5554.876: [GC (Allocation Failure) [PSYoungGen: 418455K->186613K(465920K)] 1594447K->1421677K(1864192K), 0.0765902 secs] [Times: user=0.40 sys=0.00, real=0.08 secs] 
5556.033: [GC (GCLocker Initiated GC) [PSYoungGen: 419573K->94539K(465920K)] 1654638K->1399948K(1864192K), 0.0461184 secs] [Times: user=0.24 sys=0.00, real=0.05 secs] 
5557.521: [GC (Allocation Failure) [PSYoungGen: 327499K->169556K(465920K)] 1632911K->1504877K(1864192K), 0.0610927 secs] [Times: user=0.26 sys=0.01, real=0.06 secs] 
5557.582: [Full GC (Ergonomics) [PSYoungGen: 169556K->0K(465920K)] [ParOldGen: 1335320K->202913K(1398272K)] 1504877K->202913K(1864192K), [Metaspace: 59569K->59569K(1105920K)], 0.2535228 secs] [Times: user=1.12 sys=0.00, real=0.25 secs] 
5557.962: [GC (Allocation Failure) [PSYoungGen: 232960K->184566K(465920K)] 435873K->387480K(1864192K), 0.0272286 secs] [Times: user=0.10 sys=0.01, real=0.03 secs] 
5558.162: [GC (Allocation Failure) [PSYoungGen: 417526K->187029K(465920K)] 620440K->445839K(1864192K), 0.0482883 secs] [Times: user=0.23 sys=0.00, real=0.05 secs] 
5559.121: [GC (Allocation Failure) [PSYoungGen: 419989K->138385K(465920K)] 678799K->467771K(1864192K), 0.0492848 secs] [Times: user=0.24 sys=0.00, real=0.05 secs] 
5560.204: [GC (Allocation Failure) [PSYoungGen: 371345K->129503K(465920K)] 700731K->502641K(1864192K), 0.1542983 secs] [Times: user=0.86 sys=0.01, real=0.16 secs] 
5560.707: [GC (Allocation Failure) [PSYoungGen: 362463K->178549K(465920K)] 735601K->593160K(1864192K), 0.0376877 secs] [Times: user=0.16 sys=0.00, real=0.04 secs] 
5560.866: [GC (Allocation Failure) [PSYoungGen: 411509K->185783K(465920K)] 826120K->662674K(1864192K), 0.0490100 secs] [Times: user=0.23 sys=0.00, real=0.05 secs] 
5561.202: [GC (Allocation Failure) [PSYoungGen: 418743K->182836K(465920K)] 895634K->718671K(1864192K), 0.0827271 secs] [Times: user=0.43 sys=0.00, real=0.08 secs] 
5562.514: [GC (Allocation Failure) [PSYoungGen: 415796K->90314K(465920K)] 951631K->695226K(1864192K), 0.0435029 secs] [Times: user=0.23 sys=0.00, real=0.04 secs] 
5563.105: [GC (Allocation Failure) [PSYoungGen: 323274K->175381K(465920K)] 928186K->809860K(1864192K), 0.0583170 secs] [Times: user=0.26 sys=0.00, real=0.06 secs] 
5563.336: [GC (Allocation Failure) [PSYoungGen: 408341K->184630K(465920K)] 1042820K->873877K(1864192K), 0.0432350 secs] [Times: user=0.20 sys=0.00, real=0.05 secs] 
5563.522: [GC (Allocation Failure) [PSYoungGen: 417590K->187157K(465920K)] 1106837K->932396K(1864192K), 0.0559676 secs] [Times: user=0.27 sys=0.00, real=0.06 secs] 
5564.494: [GC (Allocation Failure) [PSYoungGen: 420117K->147282K(465920K)] 1165356K->963113K(1864192K), 0.0507691 secs] [Times: user=0.25 sys=0.00, real=0.05 secs] 
5564.974: [GC (Allocation Failure) [PSYoungGen: 380242K->119966K(465920K)] 1196073K->982509K(1864192K), 0.1258141 secs] [Times: user=0.70 sys=0.00, real=0.13 secs] 
5566.013: [GC (Allocation Failure) [PSYoungGen: 352926K->177269K(465920K)] 1215469K->1077381K(1864192K), 0.0532429 secs] [Times: user=0.24 sys=0.00, real=0.05 secs] 
5566.212: [GC (Allocation Failure) [PSYoungGen: 410229K->182358K(465920K)] 1310341K->1144591K(1864192K), 0.0486000 secs] [Times: user=0.22 sys=0.00, real=0.05 secs] 
5566.379: [GC (Allocation Failure) [PSYoungGen: 415318K->186901K(465920K)] 1377551K->1207085K(1864192K), 0.0563146 secs] [Times: user=0.27 sys=0.00, real=0.05 secs] 
5567.470: [GC (Allocation Failure) [PSYoungGen: 419861K->94475K(465920K)] 1440045K->1185283K(1864192K), 0.0448931 secs] [Times: user=0.24 sys=0.00, real=0.04 secs] 
5568.652: [GC (Allocation Failure) [PSYoungGen: 327435K->170100K(465920K)] 1418243K->1291349K(1864192K), 0.0619751 secs] [Times: user=0.30 sys=0.00, real=0.06 secs] 
5568.862: [GC (Allocation Failure) [PSYoungGen: 403060K->184790K(465920K)] 1524309K->1359031K(1864192K), 0.0439044 secs] [Times: user=0.19 sys=0.00, real=0.04 secs] 
5569.017: [GC (Allocation Failure) [PSYoungGen: 408561K->177110K(465920K)] 1582803K->1415575K(1864192K), 0.0500667 secs] [Times: user=0.23 sys=0.00, real=0.05 secs] 
5570.574: [GC (Allocation Failure) [PSYoungGen: 407053K->205011K(465920K)] 1645518K->1499788K(1864192K), 0.0528024 secs] [Times: user=0.26 sys=0.00, real=0.05 secs] 
5571.492: [GC (Allocation Failure) [PSYoungGen: 437971K->96459K(465920K)] 1732748K->1456053K(1864192K), 0.0585939 secs] [Times: user=0.31 sys=0.00, real=0.06 secs] 
5571.550: [Full GC (Ergonomics) [PSYoungGen: 96459K->0K(465920K)] [ParOldGen: 1359593K->113530K(1398272K)] 1456053K->113530K(1864192K), [Metaspace: 59569K->59569K(1105920K)], 0.1293646 secs] [Times: user=0.55 sys=0.00, real=0.13 secs] 
5572.007: [GC (Allocation Failure) [PSYoungGen: 232960K->180085K(465920K)] 346490K->293616K(1864192K), 0.0251808 secs] [Times: user=0.09 sys=0.00, real=0.03 secs] 
5572.149: [GC (Allocation Failure) [PSYoungGen: 413045K->184310K(465920K)] 526576K->354148K(1864192K), 0.0412658 secs] [Times: user=0.18 sys=0.01, real=0.04 secs] 
5572.306: [GC (Allocation Failure) [PSYoungGen: 417270K->186485K(465920K)] 587108K->412148K(1864192K), 0.0444767 secs] [Times: user=0.20 sys=0.00, real=0.05 secs] 
5573.346: [GC (Allocation Failure) [PSYoungGen: 419445K->101548K(465920K)] 645108K->397391K(1864192K), 0.0438951 secs] [Times: user=0.22 sys=0.00, real=0.05 secs] 
5574.938: [GC (Allocation Failure) [PSYoungGen: 334508K->161075K(465920K)] 630351K->489371K(1864192K), 0.0852561 secs] [Times: user=0.41 sys=0.00, real=0.09 secs] 
5575.242: [GC (Allocation Failure) [PSYoungGen: 394035K->184438K(465920K)] 722331K->563561K(1864192K), 0.0416848 secs] [Times: user=0.18 sys=0.00, real=0.04 secs] 
5575.425: [GC (Allocation Failure) [PSYoungGen: 417398K->186071K(465920K)] 796521K->629163K(1864192K), 0.0556361 secs] [Times: user=0.26 sys=0.00, real=0.06 secs] 
5575.609: [GC (Allocation Failure) [PSYoungGen: 419031K->199924K(465920K)] 862123K->702120K(1864192K), 0.0549451 secs] [Times: user=0.26 sys=0.00, real=0.05 secs] 
5576.827: [GC (Allocation Failure) [PSYoungGen: 432884K->89994K(465920K)] 935080K->661478K(1864192K), 0.0534485 secs] [Times: user=0.28 sys=0.00, real=0.06 secs] 
5577.768: [GC (Allocation Failure) [PSYoungGen: 322954K->177941K(465920K)] 894438K->777678K(1864192K), 0.0509256 secs] [Times: user=0.23 sys=0.00, real=0.06 secs] 
5577.963: [GC (Allocation Failure) [PSYoungGen: 410901K->181877K(465920K)] 1010638K->837198K(1864192K), 0.0431702 secs] [Times: user=0.19 sys=0.00, real=0.04 secs] 
5578.167: [GC (Allocation Failure) [PSYoungGen: 414837K->186453K(465920K)] 1070158K->896918K(1864192K), 0.0696101 secs] [Times: user=0.34 sys=0.00, real=0.07 secs] 
5579.187: [GC (GCLocker Initiated GC) [PSYoungGen: 419413K->104908K(465920K)] 1129880K->885576K(1864192K), 0.0456617 secs] [Times: user=0.24 sys=0.00, real=0.05 secs] 
5579.937: [GC (Allocation Failure) [PSYoungGen: 337868K->162611K(465920K)] 1118536K->977395K(1864192K), 0.1294160 secs] [Times: user=0.68 sys=0.00, real=0.13 secs] 
5580.482: [GC (GCLocker Initiated GC) [PSYoungGen: 395571K->182485K(465920K)] 1210355K->1047922K(1864192K), 0.0537740 secs] [Times: user=0.26 sys=0.00, real=0.05 secs] 
5580.655: [GC (Allocation Failure) [PSYoungGen: 415445K->183030K(465920K)] 1281048K->1112337K(1864192K), 0.0509726 secs] [Times: user=0.24 sys=0.00, real=0.05 secs] 
5580.822: [GC (Allocation Failure) [PSYoungGen: 415990K->186421K(465920K)] 1345297K->1173856K(1864192K), 0.0566247 secs] [Times: user=0.28 sys=0.00, real=0.06 secs] 
5581.910: [GC (Allocation Failure) [PSYoungGen: 419381K->90858K(465920K)] 1406816K->1148589K(1864192K), 0.0426308 secs] [Times: user=0.22 sys=0.00, real=0.04 secs] 
5582.983: [GC (Allocation Failure) [PSYoungGen: 323818K->174933K(465920K)] 1381549K->1261421K(1864192K), 0.0542186 secs] [Times: user=0.24 sys=0.00, real=0.05 secs] 
5583.268: [GC (Allocation Failure) [PSYoungGen: 407893K->181237K(465920K)] 1494381K->1322161K(1864192K), 0.0578260 secs] [Times: user=0.27 sys=0.00, real=0.05 secs] 
5583.489: [GC (Allocation Failure) [PSYoungGen: 414197K->186549K(465920K)] 1555121K->1382217K(1864192K), 0.0657616 secs] [Times: user=0.32 sys=0.01, real=0.06 secs] 
5584.514: [GC (Allocation Failure) [PSYoungGen: 419509K->114478K(465920K)] 1615177K->1380538K(1864192K), 0.0473890 secs] [Times: user=0.24 sys=0.00, real=0.05 secs] 
5584.961: [GC (Allocation Failure) [PSYoungGen: 347438K->154962K(465920K)] 1613498K->1457951K(1864192K), 0.1371019 secs] [Times: user=0.73 sys=0.01, real=0.13 secs] 
5585.293: [GC (Allocation Failure) [PSYoungGen: 387922K->180437K(465920K)] 1690911K->1532450K(1864192K), 0.0435723 secs] [Times: user=0.19 sys=0.00, real=0.04 secs] 
5585.337: [Full GC (Ergonomics) [PSYoungGen: 180437K->0K(465920K)] [ParOldGen: 1352012K->246716K(1398272K)] 1532450K->246716K(1864192K), [Metaspace: 59569K->59569K(1105920K)], 0.3106833 secs] [Times: user=1.45 sys=0.00, real=0.31 secs] 
5585.779: [GC (Allocation Failure) [PSYoungGen: 232960K->182422K(465920K)] 479676K->429139K(1864192K), 0.0890709 secs] [Times: user=0.47 sys=0.00, real=0.08 secs] 
5585.999: [GC (Allocation Failure) [PSYoungGen: 415382K->186389K(465920K)] 662099K->490857K(1864192K), 0.0570350 secs] [Times: user=0.28 sys=0.01, real=0.05 secs] 
5587.011: [GC (Allocation Failure) [PSYoungGen: 419349K->94715K(465920K)] 723817K->469427K(1864192K), 0.0546304 secs] [Times: user=0.29 sys=0.00, real=0.05 secs] 
5587.583: [GC (Allocation Failure) [PSYoungGen: 327675K->170388K(465920K)] 702387K->575204K(1864192K), 0.0556854 secs] [Times: user=0.25 sys=0.00, real=0.06 secs] 
5587.804: [GC (Allocation Failure) [PSYoungGen: 403348K->184694K(465920K)] 808164K->642941K(1864192K), 0.0421022 secs] [Times: user=0.19 sys=0.00, real=0.04 secs] 
5587.993: [GC (Allocation Failure) [PSYoungGen: 417654K->187061K(465920K)] 875901K->701237K(1864192K), 0.0616511 secs] [Times: user=0.30 sys=0.00, real=0.06 secs] 
5589.058: [GC (Allocation Failure) [PSYoungGen: 420021K->121647K(465920K)] 934197K->706423K(1864192K), 0.0469468 secs] [Times: user=0.24 sys=0.00, real=0.04 secs] 
5589.351: [GC (Allocation Failure) [PSYoungGen: 354607K->146913K(465920K)] 939383K->770361K(1864192K), 0.0983687 secs] [Times: user=0.51 sys=0.01, real=0.10 secs] 
5589.737: [GC (Allocation Failure) [PSYoungGen: 379873K->196181K(465920K)] 1003321K->865648K(1864192K), 0.0463733 secs] [Times: user=0.21 sys=0.00, real=0.05 secs] 
5589.905: [GC (Allocation Failure) [PSYoungGen: 429141K->185783K(465920K)] 1098608K->918082K(1864192K), 0.0498208 secs] [Times: user=0.24 sys=0.00, real=0.05 secs] 
5590.094: [GC (Allocation Failure) [PSYoungGen: 418743K->186997K(465920K)] 1151042K->978208K(1864192K), 0.0597437 secs] [Times: user=0.29 sys=0.00, real=0.06 secs] 
Heap
 PSYoungGen      total 465920K, used 328105K [0x00000000d5580000, 0x0000000100000000, 0x0000000100000000)
  eden space 232960